[    0.000000] random 0000 0000 0000 00000000 00000000: rand_read_num 1 get_random_bytes(8): sig 00000000 00000000 00000000
[    0.000000] random 0000 0000 0000 00000000 00000000: extract_entropy(.. 8 ..)
[    0.000000] random 0000 0000 0000 00000000 00000000: going to reseed nonblocking with 64 bits (64 of 0 requested)
[    0.000000] random 0000 0000 0000 00000000 00000000: extract_entropy(.. 8 ..)
[    0.000000] random 0000 0000 0000 00000000 00000000: trying to extract 64 bits from input
[    0.000000] random 0000 0000 0000 00000000 00000000: debiting 0 entropy credits from input
[    0.000000] random 0000 0000 0000 00000000 00000000: extract_entropy account returned: 0 
[    0.000000] random 0000 0000 0000 00000000 00000000: urand_change_num 1 xfer_secondary_pool(8): pool_sig 00000000, data_sig 00000000, bytes_mixed 0 00000000 00000000
[    0.000000] random 0000 0000 0000 00000000 00000000: trying to extract 64 bits from nonblocking
[    0.000000] random 0000 0000 0000 00000000 00000000: debiting 64 entropy credits from nonblocking (unlimited)
[    0.000000] random 0000 0000 0000 00000000 00000000: extract_entropy account returned: 8 
[    0.000000] random 0000 0000 0000 00000000 00000000: urand_change_num 2 extract_buf: pool_sig 00000000, data_sig fffffff9, bytes_mixed 20 00000000 00000000
[    0.000000] Linux version 2.6.32.57 (dcashman@dcashman-02) (gcc version 4.3.3 (GCC) ) #3 Fri May 24 04:27:34 PDT 2013
[    0.000000] KERNEL supported cpus:
[    0.000000]   Intel GenuineIntel
[    0.000000]   AMD AuthenticAMD
[    0.000000]   NSC Geode by NSC
[    0.000000]   Cyrix CyrixInstead
[    0.000000]   Centaur CentaurHauls
[    0.000000]   Transmeta GenuineTMx86
[    0.000000]   Transmeta TransmetaCPU
[    0.000000]   UMC UMC UMC UMC
[    0.000000] BIOS-provided physical RAM map:
[    0.000000]  BIOS-e820: 0000000000000000 - 000000000009d800 (usable)
[    0.000000]  BIOS-e820: 000000000009d800 - 00000000000a0000 (reserved)
[    0.000000]  BIOS-e820: 00000000000d2000 - 00000000000d4000 (reserved)
[    0.000000]  BIOS-e820: 00000000000e0000 - 0000000000100000 (reserved)
[    0.000000]  BIOS-e820: 0000000000100000 - 000000003d6b0000 (usable)
[    0.000000]  BIOS-e820: 000000003d6b0000 - 000000003d6cc000 (ACPI data)
[    0.000000]  BIOS-e820: 000000003d6cc000 - 000000003d700000 (ACPI NVS)
[    0.000000]  BIOS-e820: 000000003d700000 - 000000003e000000 (reserved)
[    0.000000]  BIOS-e820: 00000000f0000000 - 00000000f4000000 (reserved)
[    0.000000]  BIOS-e820: 00000000fec00000 - 00000000fec10000 (reserved)
[    0.000000]  BIOS-e820: 00000000fed00000 - 00000000fed00400 (reserved)
[    0.000000]  BIOS-e820: 00000000fed14000 - 00000000fed1a000 (reserved)
[    0.000000]  BIOS-e820: 00000000fed1c000 - 00000000fed90000 (reserved)
[    0.000000]  BIOS-e820: 00000000fee00000 - 00000000fee01000 (reserved)
[    0.000000]  BIOS-e820: 00000000ff000000 - 0000000100000000 (reserved)
[    0.000000] DMI present.
[    0.000000] last_pfn = 0x3d6b0 max_arch_pfn = 0x100000
[    0.000000] MTRR default type: uncachable
[    0.000000] MTRR fixed ranges enabled:
[    0.000000]   00000-9FFFF write-back
[    0.000000]   A0000-BFFFF uncachable
[    0.000000]   C0000-CFFFF write-protect
[    0.000000]   D0000-DFFFF uncachable
[    0.000000]   E0000-FFFFF write-protect
[    0.000000] MTRR variable ranges enabled:
[    0.000000]   0 base 03E000000 mask FFE000000 uncachable
[    0.000000]   1 base 000000000 mask FC0000000 write-back
[    0.000000]   2 base 03D700000 mask FFFF00000 uncachable
[    0.000000]   3 base 03D800000 mask FFF800000 uncachable
[    0.000000]   4 disabled
[    0.000000]   5 disabled
[    0.000000]   6 disabled
[    0.000000]   7 disabled
[    0.000000] initial memory mapped : 0 - 02000000
[    0.000000] init_memory_mapping: 0000000000000000-00000000377fe000
[    0.000000]  0000000000 - 0000400000 page 4k
[    0.000000]  0000400000 - 0037400000 page 2M
[    0.000000]  0037400000 - 00377fe000 page 4k
[    0.000000] kernel direct mapping tables up to 377fe000 @ 7000-c000
[    0.000000] ACPI: RSDP 000f68d0 00024 (v02 LENOVO)
[    0.000000] ACPI: XSDT 3d6bb77f 00094 (v01 LENOVO TP-7L    00002170  LTP 00000000)
[    0.000000] ACPI: FACP 3d6bb900 000F4 (v03 LENOVO TP-7L    00002170 LNVO 00000001)
[    0.000000] ACPI Warning: 32/64X length mismatch in Gpe1Block: 0/32 (20090903/tbfadt-526)
[    0.000000] ACPI Warning: Optional field Gpe1Block has zero address or length: 000000000000102C/0 (20090903/tbfadt-557)
[    0.000000] ACPI: DSDT 3d6bbd1d 0FED1 (v01 LENOVO TP-7L    00002170 MSFT 03000000)
[    0.000000] ACPI: FACS 3d6e4000 00040
[    0.000000] ACPI: SSDT 3d6bbab4 00269 (v01 LENOVO TP-7L    00002170 MSFT 03000000)
[    0.000000] ACPI: ECDT 3d6cbbee 00052 (v01 LENOVO TP-7L    00002170 LNVO 00000001)
[    0.000000] ACPI: TCPA 3d6cbc40 00032 (v02 LENOVO TP-7L    00002170 LNVO 00000001)
[    0.000000] ACPI: APIC 3d6cbc72 00068 (v01 LENOVO TP-7L    00002170 LNVO 00000001)
[    0.000000] ACPI: MCFG 3d6cbcda 0003C (v01 LENOVO TP-7L    00002170 LNVO 00000001)
[    0.000000] ACPI: HPET 3d6cbd16 00038 (v01 LENOVO TP-7L    00002170 LNVO 00000001)
[    0.000000] ACPI: SLIC 3d6cbdf0 00176 (v01 LENOVO TP-7L    00002170  LTP 00000000)
[    0.000000] ACPI: BOOT 3d6cbf66 00028 (v01 LENOVO TP-7L    00002170  LTP 00000001)
[    0.000000] ACPI: ASF! 3d6cbf8e 00072 (v16 LENOVO TP-7L    00002170 PTL  00000001)
[    0.000000] ACPI: SSDT 3d6e26d9 0025F (v01 LENOVO TP-7L    00002170 INTL 20050513)
[    0.000000] ACPI: SSDT 3d6e2938 000A6 (v01 LENOVO TP-7L    00002170 INTL 20050513)
[    0.000000] ACPI: SSDT 3d6e29de 004F7 (v01 LENOVO TP-7L    00002170 INTL 20050513)
[    0.000000] ACPI: SSDT 3d6e2ed5 001D8 (v01 LENOVO TP-7L    00002170 INTL 20050513)
[    0.000000] ACPI: DMI detected: Lenovo ThinkPad R61
[    0.000000] ACPI: Added _OSI(Linux)
[    0.000000] ACPI: Local APIC address 0xfee00000
[    0.000000] 94MB HIGHMEM available.
[    0.000000] 887MB LOWMEM available.
[    0.000000]   mapped low ram: 0 - 377fe000
[    0.000000]   low ram: 0 - 377fe000
[    0.000000]   node 0 low ram: 00000000 - 377fe000
[    0.000000]   node 0 bootmap 00008000 - 0000ef00
[    0.000000] (6 early reservations) ==> bootmem [0000000000 - 00377fe000]
[    0.000000]   #0 [0000000000 - 0000001000]   BIOS data page ==> [0000000000 - 0000001000]
[    0.000000]   #1 [0001000000 - 0001bdc180]    TEXT DATA BSS ==> [0001000000 - 0001bdc180]
[    0.000000]   #2 [000009d800 - 0000100000]    BIOS reserved ==> [000009d800 - 0000100000]
[    0.000000]   #3 [0001bdd000 - 0001be516c]              BRK ==> [0001bdd000 - 0001be516c]
[    0.000000]   #4 [0000007000 - 0000008000]          PGTABLE ==> [0000007000 - 0000008000]
[    0.000000]   #5 [0000008000 - 000000f000]          BOOTMAP ==> [0000008000 - 000000f000]
[    0.000000] found SMP MP-table at [c00f6900] f6900
[    0.000000] Zone PFN ranges:
[    0.000000]   DMA      0x00000000 -> 0x00001000
[    0.000000]   Normal   0x00001000 -> 0x000377fe
[    0.000000]   HighMem  0x000377fe -> 0x0003d6b0
[    0.000000] Movable zone start PFN for each node
[    0.000000] early_node_map[2] active PFN ranges
[    0.000000]     0: 0x00000000 -> 0x0000009d
[    0.000000]     0: 0x00000100 -> 0x0003d6b0
[    0.000000] On node 0 totalpages: 251469
[    0.000000] free_area_init_node: node 0, pgdat c1901ea0, node_mem_map c1be7000
[    0.000000]   DMA zone: 32 pages used for memmap
[    0.000000]   DMA zone: 0 pages reserved
[    0.000000]   DMA zone: 3965 pages, LIFO batch:0
[    0.000000]   Normal zone: 1744 pages used for memmap
[    0.000000]   Normal zone: 221486 pages, LIFO batch:31
[    0.000000]   HighMem zone: 190 pages used for memmap
[    0.000000]   HighMem zone: 24052 pages, LIFO batch:3
[    0.000000] Using APIC driver default
[    0.000000] ACPI: PM-Timer IO Port: 0x1008
[    0.000000] ACPI: Local APIC address 0xfee00000
[    0.000000] ACPI: LAPIC (acpi_id[0x00] lapic_id[0x00] enabled)
[    0.000000] ACPI: LAPIC (acpi_id[0x01] lapic_id[0x01] enabled)
[    0.000000] ACPI: NR_CPUS/possible_cpus limit of 1 reached.  Processor 1/0x1 ignored.
[    0.000000] ACPI: LAPIC_NMI (acpi_id[0x00] high edge lint[0x1])
[    0.000000] ACPI: LAPIC_NMI (acpi_id[0x01] high edge lint[0x1])
[    0.000000] ACPI: IOAPIC (id[0x01] address[0xfec00000] gsi_base[0])
[    0.000000] IOAPIC[0]: apic_id 1, version 32, address 0xfec00000, GSI 0-23
[    0.000000] ACPI: INT_SRC_OVR (bus 0 bus_irq 0 global_irq 2 dfl dfl)
[    0.000000] ACPI: INT_SRC_OVR (bus 0 bus_irq 9 global_irq 9 high level)
[    0.000000] ACPI: IRQ0 used by override.
[    0.000000] ACPI: IRQ2 used by override.
[    0.000000] ACPI: IRQ9 used by override.
[    0.000000] Using ACPI (MADT) for SMP configuration information
[    0.000000] ACPI: HPET id: 0x8086a201 base: 0xfed00000
[    0.000000] nr_irqs_gsi: 24
[    0.000000] PM: Registered nosave memory: 000000000009d000 - 000000000009e000
[    0.000000] PM: Registered nosave memory: 000000000009e000 - 00000000000a0000
[    0.000000] PM: Registered nosave memory: 00000000000a0000 - 00000000000d2000
[    0.000000] PM: Registered nosave memory: 00000000000d2000 - 00000000000d4000
[    0.000000] PM: Registered nosave memory: 00000000000d4000 - 00000000000e0000
[    0.000000] PM: Registered nosave memory: 00000000000e0000 - 0000000000100000
[    0.000000] Allocating PCI resources starting at 3e000000 (gap: 3e000000:b2000000)
[    0.000000] Built 1 zonelists in Zone order, mobility grouping on.  Total pages: 249503
[    0.000000] Kernel command line: auto BOOT_IMAGE=Linux ro root=802 vt.default_utf8=0 maxcpus=0
[    0.000000] PID hash table entries: 4096 (order: 2, 16384 bytes)
[    0.000000] Dentry cache hash table entries: 131072 (order: 7, 524288 bytes)
[    0.000000] Inode-cache hash table entries: 65536 (order: 6, 262144 bytes)
[    0.000000] Enabling fast FPU save and restore... done.
[    0.000000] Enabling unmasked SIMD FPU exception support... done.
[    0.000000] Initializing CPU#0
[    0.000000] Initializing HighMem for node 0 (000377fe:0003d6b0)
[    0.000000] Memory: 984800k/1006272k available (6914k kernel code, 20876k reserved, 2328k data, 448k init, 96968k highmem)
[    0.000000] virtual kernel memory layout:
[    0.000000]     fixmap  : 0xfffa3000 - 0xfffff000   ( 368 kB)
[    0.000000]     pkmap   : 0xff800000 - 0xffc00000   (4096 kB)
[    0.000000]     vmalloc : 0xf7ffe000 - 0xff7fe000   ( 120 MB)
[    0.000000]     lowmem  : 0xc0000000 - 0xf77fe000   ( 887 MB)
[    0.000000]       .init : 0xc1907000 - 0xc1977000   ( 448 kB)
[    0.000000]       .data : 0xc16c0b5f - 0xc1906c64   (2328 kB)
[    0.000000]       .text : 0xc1000000 - 0xc16c0b5f   (6914 kB)
[    0.000000] Checking if this processor honours the WP bit even in supervisor mode...Ok.
[    0.000000] SLUB: Genslabs=13, HWalign=64, Order=0-3, MinObjects=0, CPUs=1, Nodes=1
[    0.000000] Hierarchical RCU implementation.
[    0.000000] NR_IRQS:288
[    0.000000] Extended CMOS year: 2000
[    0.000000] Console: colour VGA+ 80x25
[    0.000000] console [tty0] enabled
[    0.000000] hpet clockevent registered
[    0.000000] Fast TSC calibration using PIT
[    0.000000] Detected 2094.747 MHz processor.
[    0.001001] Calibrating delay loop (skipped), value calculated using timer frequency.. 4189.49 BogoMIPS (lpj=2094747)
[    0.002085] Security Framework initialized
[    0.002169] Mount-cache hash table entries: 512
[    0.002317] CPU: L1 I cache: 32K, L1 D cache: 32K
[    0.002443] CPU: L2 cache: 3072K
[    0.002523] mce: CPU supports 6 MCE banks
[    0.002610] CPU0: Thermal monitoring enabled (TM2)
[    0.002692] using mwait in idle threads.
[    0.002774] CPU: Intel(R) Core(TM)2 Duo CPU     T8100  @ 2.10GHz stepping 06
[    0.002953] Checking 'hlt' instruction... OK.
[    0.007941] ACPI: Core revision 20090903
[    0.027016] CANARY value: 5b5cf018 for PID: 1
[    0.027046] Enabling APIC mode:  Flat.  Using 1 I/O APICs
[    0.028327] ..TIMER: vector=0x30 apic1=0 pin1=2 apic2=-1 pin2=-1
[    0.038997] xor: automatically using best checksumming function: pIII_sse
[    0.042998]    pIII_sse  :  8568.000 MB/sec
[    0.043086] xor: using function: pIII_sse (8568.000 MB/sec)
[    0.043187] RANDOM - __seed init called.
[    0.043188] RANDOM - __seed init called.
[    0.043189] RANDOM - __seed init called.
[    0.043191] RANDOM - __random32 called. Change num 1.  Value: 870e7b8	f6ea009	16c0ad5a
[    0.043192] RANDOM - __random32 called. Change num 2.  Value: e7b8290	f6ea0099	5ab418b8
[    0.043194] RANDOM - __random32 called. Change num 3.  Value: b8290fc5	6ea00996	3171e29b
[    0.043196] RANDOM - __random32 called. Change num 4.  Value: 90fc533a	ea00996a	c5375fde
[    0.043197] RANDOM - __random32 called. Change num 5.  Value: c533a353	a00996a1	bfbd91b4
[    0.043199] RANDOM - __random32 called. Change num 6.  Value: 3a35362b	996a10	23684a23
[    0.043201] RANDOM - random32 init called.  Value: 3a35362b	996a10	23684a23
[    0.043218] NET: Registered protocol family 16
[    0.043480] ACPI FADT declares the system doesn't support PCIe ASPM, so disable it
[    0.043611] ACPI: bus type pci registered
[    0.043776] PCI: MCFG configuration 0: base f0000000 segment 0 buses 0 - 63
[    0.043878] PCI: MCFG area at f0000000 reserved in E820
[    0.043975] PCI: Using MMCONFIG for extended config space
[    0.044002] PCI: Using configuration type 1 for base access
[    0.047166] bio: create slab <bio-0> at 0
[    0.047971] ACPI: EC: EC description table is found, configuring boot EC
[    0.053124] ACPI: BIOS _OSI(Linux) query honored via DMI
[    0.053853] random 0000 0000 0000 00000000 00000000: rand_read_num 2 get_random_bytes(8): sig fffffe1a 00000000 00000000
[    0.053855] random 0000 0000 0000 00000000 00000000: extract_entropy(.. 8 ..)
[    0.053858] random 0000 0000 0000 00000000 00000000: going to reseed nonblocking with 64 bits (64 of 0 requested)
[    0.053860] random 0000 0000 0000 00000000 00000000: extract_entropy(.. 8 ..)
[    0.053862] random 0000 0000 0000 00000000 00000000: trying to extract 64 bits from input
[    0.053864] random 0000 0000 0000 00000000 00000000: debiting 0 entropy credits from input
[    0.053866] random 0000 0000 0000 00000000 00000000: extract_entropy account returned: 0 
[    0.053869] random 0000 0000 0000 00000000 00000000: urand_change_num 3 xfer_secondary_pool(8): pool_sig fffffe1a, data_sig 00000000, bytes_mixed 0 00000000 00000000
[    0.053872] random 0000 0000 0000 00000000 00000000: trying to extract 64 bits from nonblocking
[    0.053874] random 0000 0000 0000 00000000 00000000: debiting 64 entropy credits from nonblocking (unlimited)
[    0.053876] random 0000 0000 0000 00000000 00000000: extract_entropy account returned: 8 
[    0.053907] random 0000 0000 0000 00000000 00000000: urand_change_num 4 extract_buf: pool_sig fffffe1a, data_sig fffffed7, bytes_mixed 20 00000000 00000000
[    0.059414] ACPI: Interpreter enabled
[    0.059501] ACPI: (supports S0 S3 S4 S5)
[    0.059823] ACPI: Using IOAPIC for interrupt routing
[    0.069660] ACPI: EC: GPE = 0x12, I/O: command/status = 0x66, data = 0x62
[    0.069932] ACPI: Power Resource [PUBS] (on)
[    0.072051] ACPI: ACPI Dock Station Driver: 3 docks/bays found
[    0.072457] ACPI: PCI Root Bridge [PCI0] (0000:00)
[    0.072628] pci 0000:00:02.0: reg 10 64bit mmio: [0xf8100000-0xf81fffff]
[    0.072634] pci 0000:00:02.0: reg 18 64bit mmio pref: [0xe0000000-0xefffffff]
[    0.072638] pci 0000:00:02.0: reg 20 io port: [0x1800-0x1807]
[    0.072672] pci 0000:00:02.1: reg 10 64bit mmio: [0xf8200000-0xf82fffff]
[    0.072772] pci 0000:00:19.0: reg 10 32bit mmio: [0xfe000000-0xfe01ffff]
[    0.072781] pci 0000:00:19.0: reg 14 32bit mmio: [0xfe025000-0xfe025fff]
[    0.072790] pci 0000:00:19.0: reg 18 io port: [0x1840-0x185f]
[    0.072864] pci 0000:00:19.0: PME# supported from D0 D3hot D3cold
[    0.072959] pci 0000:00:19.0: PME# disabled
[    0.073061] pci 0000:00:1a.0: reg 20 io port: [0x1860-0x187f]
[    0.073143] pci 0000:00:1a.1: reg 20 io port: [0x1880-0x189f]
[    0.073234] pci 0000:00:1a.7: reg 10 32bit mmio: [0xfe226c00-0xfe226fff]
[    0.073314] pci 0000:00:1a.7: PME# supported from D0 D3hot D3cold
[    0.073406] pci 0000:00:1a.7: PME# disabled
[    0.073553] pci 0000:00:1b.0: reg 10 64bit mmio: [0xfe020000-0xfe023fff]
[    0.073633] pci 0000:00:1b.0: PME# supported from D0 D3hot D3cold
[    0.073726] pci 0000:00:1b.0: PME# disabled
[    0.073924] pci 0000:00:1c.0: PME# supported from D0 D3hot D3cold
[    0.073999] pci 0000:00:1c.0: PME# disabled
[    0.074210] pci 0000:00:1c.1: PME# supported from D0 D3hot D3cold
[    0.074302] pci 0000:00:1c.1: PME# disabled
[    0.074505] pci 0000:00:1c.2: PME# supported from D0 D3hot D3cold
[    0.074606] pci 0000:00:1c.2: PME# disabled
[    0.074816] pci 0000:00:1c.3: PME# supported from D0 D3hot D3cold
[    0.074998] pci 0000:00:1c.3: PME# disabled
[    0.075851] pci 0000:00:1c.4: PME# supported from D0 D3hot D3cold
[    0.075954] pci 0000:00:1c.4: PME# disabled
[    0.076065] pci 0000:00:1d.0: reg 20 io port: [0x18a0-0x18bf]
[    0.076151] pci 0000:00:1d.1: reg 20 io port: [0x18c0-0x18df]
[    0.076229] pci 0000:00:1d.2: reg 20 io port: [0x18e0-0x18ff]
[    0.076318] pci 0000:00:1d.7: reg 10 32bit mmio: [0xfe227000-0xfe2273ff]
[    0.076410] pci 0000:00:1d.7: PME# supported from D0 D3hot D3cold
[    0.076504] pci 0000:00:1d.7: PME# disabled
[    0.076814] pci 0000:00:1f.0: quirk: region 1000-107f claimed by ICH6 ACPI/GPIO/TCO
[    0.077000] pci 0000:00:1f.0: quirk: region 1180-11bf claimed by ICH6 GPIO
[    0.077092] pci 0000:00:1f.0: ICH7 LPC Generic IO decode 1 PIO at 1600 (mask 007f)
[    0.077217] pci 0000:00:1f.0: ICH7 LPC Generic IO decode 2 PIO at 15e0 (mask 000f)
[    0.077342] pci 0000:00:1f.0: ICH7 LPC Generic IO decode 3 PIO at 1680 (mask 001f)
[    0.077544] pci 0000:00:1f.1: reg 10 io port: [0x00-0x07]
[    0.077552] pci 0000:00:1f.1: reg 14 io port: [0x00-0x03]
[    0.077560] pci 0000:00:1f.1: reg 18 io port: [0x00-0x07]
[    0.077569] pci 0000:00:1f.1: reg 1c io port: [0x00-0x03]
[    0.077580] pci 0000:00:1f.1: reg 20 io port: [0x1c00-0x1c0f]
[    0.077665] pci 0000:00:1f.2: reg 10 io port: [0x1c50-0x1c57]
[    0.077674] pci 0000:00:1f.2: reg 14 io port: [0x1c44-0x1c47]
[    0.077683] pci 0000:00:1f.2: reg 18 io port: [0x1c48-0x1c4f]
[    0.077691] pci 0000:00:1f.2: reg 1c io port: [0x1c40-0x1c43]
[    0.077700] pci 0000:00:1f.2: reg 20 io port: [0x1c20-0x1c3f]
[    0.077709] pci 0000:00:1f.2: reg 24 32bit mmio: [0xfe226000-0xfe2267ff]
[    0.077769] pci 0000:00:1f.2: PME# supported from D3hot
[    0.077870] pci 0000:00:1f.2: PME# disabled
[    0.077990] pci 0000:00:1f.3: reg 10 32bit mmio: [0xfe227400-0xfe2274ff]
[    0.078017] pci 0000:00:1f.3: reg 20 io port: [0x1c60-0x1c7f]
[    0.078112] pci 0000:00:1c.0: bridge io port: [0x2000-0x2fff]
[    0.078118] pci 0000:00:1c.0: bridge 32bit mmio: [0xfc000000-0xfdffffff]
[    0.078127] pci 0000:00:1c.0: bridge 64bit mmio pref: [0xf8000000-0xf80fffff]
[    0.078199] pci 0000:03:00.0: reg 10 64bit mmio: [0xdf3f0000-0xdf3fffff]
[    0.078393] pci 0000:00:1c.1: bridge io port: [0x3000-0x3fff]
[    0.078399] pci 0000:00:1c.1: bridge 32bit mmio: [0xdc000000-0xdf3fffff]
[    0.078406] pci 0000:00:1c.1: bridge 64bit mmio pref: [0xdfe00000-0xdfefffff]
[    0.078462] pci 0000:00:1c.2: bridge io port: [0x4000-0x4fff]
[    0.078469] pci 0000:00:1c.2: bridge 32bit mmio: [0xd8000000-0xd9ffffff]
[    0.078475] pci 0000:00:1c.2: bridge 64bit mmio pref: [0xdfb00000-0xdfbfffff]
[    0.078532] pci 0000:00:1c.3: bridge io port: [0x5000-0x5fff]
[    0.078536] pci 0000:00:1c.3: bridge 32bit mmio: [0xd4000000-0xd5ffffff]
[    0.078546] pci 0000:00:1c.3: bridge 64bit mmio pref: [0xdf800000-0xdf8fffff]
[    0.078602] pci 0000:00:1c.4: bridge io port: [0x6000-0x6fff]
[    0.078609] pci 0000:00:1c.4: bridge 32bit mmio: [0xd0000000-0xd1ffffff]
[    0.078618] pci 0000:00:1c.4: bridge 64bit mmio pref: [0xdf500000-0xdf5fffff]
[    0.078675] pci 0000:15:00.0: reg 10 32bit mmio: [0xf8300000-0xf8300fff]
[    0.078728] pci 0000:15:00.0: supports D1 D2
[    0.078730] pci 0000:15:00.0: PME# supported from D0 D1 D2 D3hot D3cold
[    0.078823] pci 0000:15:00.0: PME# disabled
[    0.078979] pci 0000:15:00.1: reg 10 32bit mmio: [0xf8301000-0xf83017ff]
[    0.079078] pci 0000:15:00.1: supports D1 D2
[    0.079080] pci 0000:15:00.1: PME# supported from D0 D1 D2 D3hot D3cold
[    0.079179] pci 0000:15:00.1: PME# disabled
[    0.079369] pci 0000:00:1e.0: transparent bridge
[    0.079461] pci 0000:00:1e.0: bridge io port: [0x7000-0xafff]
[    0.079467] pci 0000:00:1e.0: bridge 32bit mmio: [0xf8300000-0xfbffffff]
[    0.079476] pci 0000:00:1e.0: bridge 64bit mmio pref: [0xf4000000-0xf7ffffff]
[    0.079542] pci_bus 0000:00: on NUMA node 0
[    0.079546] ACPI: PCI Interrupt Routing Table [\_SB_.PCI0._PRT]
[    0.079679] ACPI: PCI Interrupt Routing Table [\_SB_.PCI0.EXP0._PRT]
[    0.079738] ACPI: PCI Interrupt Routing Table [\_SB_.PCI0.EXP1._PRT]
[    0.079796] ACPI: PCI Interrupt Routing Table [\_SB_.PCI0.EXP2._PRT]
[    0.079853] ACPI: PCI Interrupt Routing Table [\_SB_.PCI0.EXP3._PRT]
[    0.079916] ACPI: PCI Interrupt Routing Table [\_SB_.PCI0.EXP4._PRT]
[    0.079978] ACPI: PCI Interrupt Routing Table [\_SB_.PCI0.PCI1._PRT]
[    0.085434] ACPI: PCI Interrupt Link [LNKA] (IRQs 3 4 5 6 7 9 *10 11)
[    0.086249] ACPI: PCI Interrupt Link [LNKB] (IRQs 3 4 5 6 7 9 10 *11)
[    0.087100] ACPI: PCI Interrupt Link [LNKC] (IRQs 3 4 5 6 7 9 10 *11)
[    0.087934] ACPI: PCI Interrupt Link [LNKD] (IRQs 3 4 5 6 7 9 10 *11)
[    0.088731] ACPI: PCI Interrupt Link [LNKE] (IRQs 3 4 5 6 7 9 10 *11)
[    0.089522] ACPI: PCI Interrupt Link [LNKF] (IRQs 3 4 5 6 7 9 10 *11)
[    0.090353] ACPI: PCI Interrupt Link [LNKG] (IRQs 3 4 5 6 7 9 10 *11)
[    0.091170] ACPI: PCI Interrupt Link [LNKH] (IRQs 3 4 5 6 7 9 10 *11)
[    0.091930] vgaarb: device added: PCI:0000:00:02.0,decodes=io+mem,owns=io+mem,locks=none
[    0.091999] vgaarb: loaded
[    0.092190] SCSI subsystem initialized
[    0.092290] libata version 3.00 loaded.
[    0.092337] usbcore: registered new interface driver usbfs
[    0.092461] usbcore: registered new interface driver hub
[    0.092573] usbcore: registered new device driver usb
[    0.109039] raid6: int32x1    941 MB/s
[    0.125991] raid6: int32x2    886 MB/s
[    0.143067] raid6: int32x4    750 MB/s
[    0.159987] raid6: int32x8    656 MB/s
[    0.176986] raid6: mmxx1     2878 MB/s
[    0.193989] raid6: mmxx2     3269 MB/s
[    0.210986] raid6: sse1x1    1937 MB/s
[    0.227993] raid6: sse1x2    2535 MB/s
[    0.244984] raid6: sse2x1    3515 MB/s
[    0.261973] raid6: sse2x2    3832 MB/s
[    0.262060] raid6: using algorithm sse2x2 (3832 MB/s)
[    0.262162] PCI: Using ACPI for IRQ routing
[    0.262468] HPET: 3 timers in total, 0 timers will be used for per-cpu timer
[    0.262989] Switching to clocksource tsc
[    0.263091] pnp: PnP ACPI init
[    0.263188] ACPI: bus type pnp registered
[    0.266833] pnp: PnP ACPI: found 11 devices
[    0.266933] ACPI: ACPI bus type pnp unregistered
[    0.267033] system 00:00: iomem range 0x0-0x9ffff could not be reserved
[    0.267131] system 00:00: iomem range 0xc0000-0xc3fff could not be reserved
[    0.267233] system 00:00: iomem range 0xc4000-0xc7fff could not be reserved
[    0.267329] system 00:00: iomem range 0xc8000-0xcbfff has been reserved
[    0.267417] system 00:00: iomem range 0xcc000-0xcffff has been reserved
[    0.267513] system 00:00: iomem range 0xd0000-0xd3fff could not be reserved
[    0.267614] system 00:00: iomem range 0xe0000-0xe3fff could not be reserved
[    0.267713] system 00:00: iomem range 0xe4000-0xe7fff could not be reserved
[    0.267808] system 00:00: iomem range 0xe8000-0xebfff could not be reserved
[    0.267906] system 00:00: iomem range 0xec000-0xeffff could not be reserved
[    0.267998] system 00:00: iomem range 0xf0000-0xfffff could not be reserved
[    0.268094] system 00:00: iomem range 0x100000-0x3dffffff could not be reserved
[    0.268218] system 00:00: iomem range 0xfec00000-0xfed3ffff could not be reserved
[    0.268344] system 00:00: iomem range 0xfed4c000-0xffffffff could not be reserved
[    0.268466] system 00:02: ioport range 0x164e-0x164f has been reserved
[    0.268556] system 00:02: ioport range 0x1000-0x107f has been reserved
[    0.268652] system 00:02: ioport range 0x1180-0x11bf has been reserved
[    0.268750] system 00:02: ioport range 0x800-0x80f has been reserved
[    0.268848] system 00:02: ioport range 0x15e0-0x15ef has been reserved
[    0.268944] system 00:02: ioport range 0x1600-0x165f could not be reserved
[    0.269040] system 00:02: iomem range 0xf0000000-0xf3ffffff has been reserved
[    0.269131] system 00:02: iomem range 0xfed1c000-0xfed1ffff has been reserved
[    0.269224] system 00:02: iomem range 0xfed14000-0xfed17fff has been reserved
[    0.269317] system 00:02: iomem range 0xfed18000-0xfed18fff has been reserved
[    0.269408] system 00:02: iomem range 0xfed19000-0xfed19fff has been reserved
[    0.269506] system 00:02: iomem range 0xfed45000-0xfed4bfff has been reserved
[    0.304553] pci 0000:00:1c.0: PCI bridge, secondary bus 0000:02
[    0.304661] pci 0000:00:1c.0:   IO window: 0x2000-0x2fff
[    0.304752] pci 0000:00:1c.0:   MEM window: 0xfc000000-0xfdffffff
[    0.304862] pci 0000:00:1c.0:   PREFETCH window: 0x000000f8000000-0x000000f80fffff
[    0.304997] pci 0000:00:1c.1: PCI bridge, secondary bus 0000:03
[    0.305091] pci 0000:00:1c.1:   IO window: 0x3000-0x3fff
[    0.305192] pci 0000:00:1c.1:   MEM window: 0xdc000000-0xdf3fffff
[    0.305293] pci 0000:00:1c.1:   PREFETCH window: 0x000000dfe00000-0x000000dfefffff
[    0.305422] pci 0000:00:1c.2: PCI bridge, secondary bus 0000:04
[    0.305522] pci 0000:00:1c.2:   IO window: 0x4000-0x4fff
[    0.305618] pci 0000:00:1c.2:   MEM window: 0xd8000000-0xd9ffffff
[    0.305711] pci 0000:00:1c.2:   PREFETCH window: 0x000000dfb00000-0x000000dfbfffff
[    0.305852] pci 0000:00:1c.3: PCI bridge, secondary bus 0000:05
[    0.305947] pci 0000:00:1c.3:   IO window: 0x5000-0x5fff
[    0.306040] pci 0000:00:1c.3:   MEM window: 0xd4000000-0xd5ffffff
[    0.306136] pci 0000:00:1c.3:   PREFETCH window: 0x000000df800000-0x000000df8fffff
[    0.306267] pci 0000:00:1c.4: PCI bridge, secondary bus 0000:0d
[    0.306364] pci 0000:00:1c.4:   IO window: 0x6000-0x6fff
[    0.306467] pci 0000:00:1c.4:   MEM window: 0xd0000000-0xd1ffffff
[    0.306572] pci 0000:00:1c.4:   PREFETCH window: 0x000000df500000-0x000000df5fffff
[    0.306707] pci 0000:15:00.0: CardBus bridge, secondary bus 0000:16
[    0.306798] pci 0000:15:00.0:   IO window: 0x007000-0x0070ff
[    0.306898] pci 0000:15:00.0:   IO window: 0x007400-0x0074ff
[    0.307000] pci 0000:15:00.0:   PREFETCH window: 0xf4000000-0xf7ffffff
[    0.307100] pci 0000:15:00.0:   MEM window: 0x40000000-0x43ffffff
[    0.307206] pci 0000:00:1e.0: PCI bridge, secondary bus 0000:15
[    0.307298] pci 0000:00:1e.0:   IO window: 0x7000-0xafff
[    0.307399] pci 0000:00:1e.0:   MEM window: 0xf8300000-0xfbffffff
[    0.307493] pci 0000:00:1e.0:   PREFETCH window: 0x000000f4000000-0x000000f7ffffff
[    0.307643] pci 0000:00:1c.0: PCI INT A -> GSI 20 (level, low) -> IRQ 20
[    0.307744] pci 0000:00:1c.0: setting latency timer to 64
[    0.307758] pci 0000:00:1c.1: PCI INT B -> GSI 21 (level, low) -> IRQ 21
[    0.307853] pci 0000:00:1c.1: setting latency timer to 64
[    0.307871] pci 0000:00:1c.2: PCI INT C -> GSI 22 (level, low) -> IRQ 22
[    0.307965] pci 0000:00:1c.2: setting latency timer to 64
[    0.307976] pci 0000:00:1c.3: PCI INT D -> GSI 23 (level, low) -> IRQ 23
[    0.308075] pci 0000:00:1c.3: setting latency timer to 64
[    0.308088] pci 0000:00:1c.4: PCI INT A -> GSI 20 (level, low) -> IRQ 20
[    0.308183] pci 0000:00:1c.4: setting latency timer to 64
[    0.308188] pci 0000:00:1e.0: enabling device (0005 -> 0007)
[    0.308283] pci 0000:00:1e.0: setting latency timer to 64
[    0.308299] pci 0000:15:00.0: PCI INT A -> GSI 16 (level, low) -> IRQ 16
[    0.308400] pci 0000:15:00.0: setting latency timer to 64
[    0.308406] pci_bus 0000:00: resource 0 io:  [0x00-0xffff]
[    0.308408] pci_bus 0000:00: resource 1 mem: [0x000000-0xffffffff]
[    0.308410] pci_bus 0000:02: resource 0 io:  [0x2000-0x2fff]
[    0.308412] pci_bus 0000:02: resource 1 mem: [0xfc000000-0xfdffffff]
[    0.308414] pci_bus 0000:02: resource 2 pref mem [0xf8000000-0xf80fffff]
[    0.308415] pci_bus 0000:03: resource 0 io:  [0x3000-0x3fff]
[    0.308417] pci_bus 0000:03: resource 1 mem: [0xdc000000-0xdf3fffff]
[    0.308419] pci_bus 0000:03: resource 2 pref mem [0xdfe00000-0xdfefffff]
[    0.308421] pci_bus 0000:04: resource 0 io:  [0x4000-0x4fff]
[    0.308423] pci_bus 0000:04: resource 1 mem: [0xd8000000-0xd9ffffff]
[    0.308424] pci_bus 0000:04: resource 2 pref mem [0xdfb00000-0xdfbfffff]
[    0.308426] pci_bus 0000:05: resource 0 io:  [0x5000-0x5fff]
[    0.308428] pci_bus 0000:05: resource 1 mem: [0xd4000000-0xd5ffffff]
[    0.308430] pci_bus 0000:05: resource 2 pref mem [0xdf800000-0xdf8fffff]
[    0.308432] pci_bus 0000:0d: resource 0 io:  [0x6000-0x6fff]
[    0.308433] pci_bus 0000:0d: resource 1 mem: [0xd0000000-0xd1ffffff]
[    0.308435] pci_bus 0000:0d: resource 2 pref mem [0xdf500000-0xdf5fffff]
[    0.308437] pci_bus 0000:15: resource 0 io:  [0x7000-0xafff]
[    0.308439] pci_bus 0000:15: resource 1 mem: [0xf8300000-0xfbffffff]
[    0.308440] pci_bus 0000:15: resource 2 pref mem [0xf4000000-0xf7ffffff]
[    0.308442] pci_bus 0000:15: resource 3 io:  [0x00-0xffff]
[    0.308444] pci_bus 0000:15: resource 4 mem: [0x000000-0xffffffff]
[    0.308446] pci_bus 0000:16: resource 0 io:  [0x7000-0x70ff]
[    0.308447] pci_bus 0000:16: resource 1 io:  [0x7400-0x74ff]
[    0.308449] pci_bus 0000:16: resource 2 pref mem [0xf4000000-0xf7ffffff]
[    0.308451] pci_bus 0000:16: resource 3 mem: [0x40000000-0x43ffffff]
[    0.308458] NET: Registered protocol family 2
[    0.308555] RANDOM - __random32 called. Change num 7.  Value: 5362b39e	996a101	94470543
[    0.308557] RANDOM - random32 called.  Value: 5362b39e	996a101	94470543
[    0.308561] random 0000 0000 0000 5f8db4e5 4cfdf2a8: rand_read_num 3 get_random_bytes(4): sig fffffb64 5f8db4e5 4cfdf2a8
[    0.308564] random 0000 0000 0000 5f8db4e5 4cfdf2a8: extract_entropy(.. 4 ..)
[    0.308566] random 0000 0000 0000 5f8db4e5 4cfdf2a8: going to reseed nonblocking with 64 bits (32 of 0 requested)
[    0.308568] random 0000 0000 0000 5f8db4e5 4cfdf2a8: extract_entropy(.. 8 ..)
[    0.308570] random 0000 0000 0000 5f8db4e5 4cfdf2a8: trying to extract 64 bits from input
[    0.308572] random 0000 0000 0000 5f8db4e5 4cfdf2a8: debiting 0 entropy credits from input
[    0.308574] random 0000 0000 0000 5f8db4e5 4cfdf2a8: extract_entropy account returned: 0 
[    0.308577] random 0000 0000 0000 5f8db4e5 4cfdf2a8: urand_change_num 5 xfer_secondary_pool(4): pool_sig fffffb64, data_sig 00000000, bytes_mixed 0 5f8db4e5 4cfdf2a8
[    0.308580] random 0000 0000 0000 5f8db4e5 4cfdf2a8: trying to extract 32 bits from nonblocking
[    0.308582] random 0000 0000 0000 5f8db4e5 4cfdf2a8: debiting 32 entropy credits from nonblocking (unlimited)
[    0.308584] random 0000 0000 0000 5f8db4e5 4cfdf2a8: extract_entropy account returned: 4 
[    0.308589] random 0000 0000 0000 5f8db4e5 4cfdf2a8: urand_change_num 6 extract_buf: pool_sig fffffb64, data_sig 00000241, bytes_mixed 20 5f8db4e5 4cfdf2a8
[    0.308598] IP route cache hash table entries: 32768 (order: 5, 131072 bytes)
[    0.308735] RANDOM - __random32 called. Change num 8.  Value: 2b39e0a2	996a1017	a86cfe5
[    0.308736] RANDOM - random32 called.  Value: 2b39e0a2	996a1017	a86cfe5
[    0.308747] RANDOM - __random32 called. Change num 9.  Value: 9e0a22e5	96a1017e	9fcbd616
[    0.308749] RANDOM - random32 called.  Value: 9e0a22e5	96a1017e	9fcbd616
[    0.308750] RANDOM - __random32 called. Change num 10.  Value: a22e5b4a	6a1017e6	ac2c32ac
[    0.308752] RANDOM - random32 called.  Value: a22e5b4a	6a1017e6	ac2c32ac
[    0.308763] RANDOM - __random32 called. Change num 11.  Value: e5b4ad28	a1017e61	6559a9b4
[    0.308764] RANDOM - random32 called.  Value: e5b4ad28	a1017e61	6559a9b4
[    0.308774] TCP established hash table entries: 131072 (order: 8, 1048576 bytes)
[    0.309274] TCP bind hash table entries: 65536 (order: 6, 262144 bytes)
[    0.309460] TCP: Hash tables configured (established 131072 bind 65536)
[    0.309552] TCP reno registered
[    0.309656] NET: Registered protocol family 1
[    0.309770] RPC: Registered udp transport module.
[    0.309868] RPC: Registered tcp transport module.
[    0.309956] RPC: Registered tcp NFSv4.1 backchannel transport module.
[    0.310060] pci 0000:00:02.0: Boot video device
[    0.310273] Simple Boot Flag at 0x35 set to 0x1
[    0.310791] highmem bounce pool size: 64 pages
[    0.312359] VFS: Disk quotas dquot_6.5.2
[    0.312480] Dquot-cache hash table entries: 1024 (order 0, 4096 bytes)
[    0.313166] NTFS driver 2.1.29 [Flags: R/W].
[    0.313326] ROMFS MTD (C) 2007 Red Hat, Inc.
[    0.313540] JFS: nTxBlock = 7695, nTxLock = 61562
[    0.316008] SGI XFS with ACLs, security attributes, large block/inode numbers, no debug enabled
[    0.316488] SGI XFS Quota Management subsystem
[    0.316777] Slow work thread pool: Starting up
[    0.316933] Slow work thread pool: Ready
[    0.317030] GFS2 (built May 24 2013 02:47:17) installed
[    0.317132] msgmni has been set to 1734
[    0.317294] alg: No test for cipher_null (cipher_null-generic)
[    0.317403] alg: No test for ecb(cipher_null) (ecb-cipher_null)
[    0.317501] alg: No test for digest_null (digest_null-generic)
[    0.317602] alg: No test for compress_null (compress_null-generic)
[    0.318165] alg: No test for fcrypt (fcrypt-generic)
[    0.319582] alg: No test for stdrng (krng)
[    0.319681] async_tx: api initialized (async)
[    0.319834] Block layer SCSI generic (bsg) driver version 0.4 loaded (major 254)
[    0.319965] io scheduler noop registered
[    0.320053] io scheduler anticipatory registered
[    0.320145] io scheduler deadline registered
[    0.320277] io scheduler cfq registered (default)
[    0.320524] pcieport 0000:00:1c.0: irq 24 for MSI/MSI-X
[    0.320541] pcieport 0000:00:1c.0: setting latency timer to 64
[    0.320721] pcieport 0000:00:1c.1: irq 25 for MSI/MSI-X
[    0.320732] pcieport 0000:00:1c.1: setting latency timer to 64
[    0.320933] pcieport 0000:00:1c.2: irq 26 for MSI/MSI-X
[    0.320945] pcieport 0000:00:1c.2: setting latency timer to 64
[    0.321122] pcieport 0000:00:1c.3: irq 27 for MSI/MSI-X
[    0.321133] pcieport 0000:00:1c.3: setting latency timer to 64
[    0.321308] pcieport 0000:00:1c.4: irq 28 for MSI/MSI-X
[    0.321320] pcieport 0000:00:1c.4: setting latency timer to 64
[    0.321464] pci_hotplug: PCI Hot Plug PCI Core version: 0.5
[    0.321660] isapnp: Scanning for PnP cards...
[    0.682197] isapnp: No Plug & Play device found
[    0.682286] random 0000 0000 0000 5f8db4e5 4cfdf2a8: initializing
[    0.701777] Serial: 8250/16550 driver, 4 ports, IRQ sharing enabled
[    3.712663] floppy0: no floppy controllers found
[    3.713608] brd: module loaded
[    3.714120] loop: module loaded
[    3.714205] Compaq SMART2 Driver (v 2.6.0)
[    3.714332] HP CISS Driver (v 3.6.20)
[    3.714575] input: Macintosh mouse button emulation as /devices/virtual/input/input0
[    3.714714] Uniform Multi-Platform E-IDE driver
[    3.714946] piix 0000:00:1f.1: IDE controller (0x8086:0x2850 rev 0x03)
[    3.715057] pci 0000:00:1f.1: PCI INT C -> GSI 16 (level, low) -> IRQ 16
[    3.715170] piix 0000:00:1f.1: IDE port disabled
[    3.715270] piix 0000:00:1f.1: not 100% native mode: will probe irqs later
[    3.715369]     ide0: BM-DMA at 0x1c00-0x1c07
[    3.715466] Probing IDE interface ide0...
[    4.386842] hda: HL-DT-ST DVDRAM GSA-U10N, ATAPI CD/DVD-ROM drive
[    4.693634] hda: host max PIO4 wanted PIO255(auto-tune) selected PIO4
[    4.694402] hda: UDMA/33 mode selected
[    4.694873] ide0 at 0x1f0-0x1f7,0x3f6 on irq 14
[    4.698788] ide-gd driver 1.18
[    4.698891] ide-cd driver 5.00
[    4.700293] ide-cd: hda: ATAPI 24X DVD-ROM DVD-R/RAM CD-R/RW drive, 2048kB Cache
[    4.700767] Uniform CD-ROM driver Revision: 3.20
[    4.707789] Loading iSCSI transport class v2.0-870.
[    4.708076] rdac: device handler registered
[    4.708172] hp_sw: device handler registered
[    4.708267] emc: device handler registered
[    4.708353] alua: device handler registered
[    4.709342] Adaptec aacraid driver 1.1-5[2461]-ms
[    4.709756] scsi: <fdomain> Detection failed (no card)
[    4.709848] sym53c416.c: Version 1.0.0-ac
[    4.709959] qlogicfas: no cards were found, please specify I/O address and IRQ using iobase= and irq= options
[    4.710084] QLogic Fibre Channel HBA Driver: 8.03.01-k6
[    4.710305] iscsi: registered transport (qla4xxx)
[    4.710419] QLogic iSCSI HBA Driver
[    4.710507] Emulex LightPulse Fibre Channel SCSI driver 8.3.4
[    4.710604] Copyright(c) 2004-2009 Emulex.  All rights reserved.
[    4.732619] Failed initialization of WD-7000 SCSI card!
[    4.822047] DC390: clustering now enabled by default. If you get problems load
[    4.822178]        with "disable_clustering=1" and report to maintainers
[    4.822314] megaraid cmm: 2.20.2.7 (Release Date: Sun Jul 16 00:01:03 EST 2006)
[    4.822467] megaraid: 2.20.5.1 (Release Date: Thu Nov 16 15:32:35 EST 2006)
[    4.822579] megasas: 00.00.04.01 Thu July 24 11:41:51 PST 2008
[    4.822724] GDT-HA: Storage RAID Controller Driver. Version: 3.05
[    4.822876] 3ware Storage Controller device driver for Linux v1.26.02.002.
[    4.822986] 3ware 9000 Storage Controller device driver for Linux v2.26.02.012.
[    4.823126] nsp32: loading...
[    4.823241] ipr: IBM Power RAID SCSI Device Driver version: 2.4.3 (June 10, 2009)
[    4.823384] RocketRAID 3xxx/4xxx Controller driver v1.6 (090910)
[    4.823500] stex: Promise SuperTrak EX Driver version: 4.6.0000.3
[    4.823644] st: Version 20081215, fixed bufsize 32768, s/g segs 256
[    4.823833] ahci 0000:00:1f.2: version 3.0
[    4.823846] ahci 0000:00:1f.2: PCI INT B -> GSI 16 (level, low) -> IRQ 16
[    4.823985] ahci 0000:00:1f.2: irq 29 for MSI/MSI-X
[    4.824038] ahci 0000:00:1f.2: AHCI 0001.0100 32 slots 3 ports 1.5 Gbps 0x5 impl SATA mode
[    4.824161] ahci 0000:00:1f.2: flags: 64bit ncq sntf pm led clo pio slum part ccc 
[    4.824284] ahci 0000:00:1f.2: setting latency timer to 64
[    4.824426] scsi2 : ahci
[    4.824585] scsi3 : ahci
[    4.824738] scsi4 : ahci
[    4.824904] ata1: SATA max UDMA/133 abar m2048@0xfe226000 port 0xfe226100 irq 29
[    4.825031] ata2: DUMMY
[    4.825124] ata3: SATA max UDMA/133 abar m2048@0xfe226000 port 0xfe226200 irq 29
[    4.825747] I2O subsystem v1.325
[    4.825845] i2o: max drivers = 8
[    4.826002] I2O Configuration OSM v1.323
[    4.826105] I2O Bus Adapter OSM v1.317
[    4.826211] I2O Block Device OSM v1.325
[    4.826366] I2O SCSI Peripheral OSM v1.316
[    4.826470] I2O ProcFS OSM v1.316
[    4.826572] Fusion MPT base driver 3.04.12
[    4.826678] Copyright (c) 1999-2008 LSI Corporation
[    4.826786] Fusion MPT SPI Host driver 3.04.12
[    4.826940] Fusion MPT FC Host driver 3.04.12
[    4.827056] Fusion MPT SAS Host driver 3.04.12
[    4.827209] ohci1394 0000:15:00.1: PCI INT B -> GSI 17 (level, low) -> IRQ 17
[    4.827312] ohci1394 0000:15:00.1: setting latency timer to 64
[    4.880634] ohci1394: fw-host0: OHCI-1394 1.1 (PCI): IRQ=[17]  MMIO=[f8301000-f83017ff]  Max Packet=[2048]  IR/IT contexts=[4/4]
[    4.883910] ehci_hcd: USB 2.0 'Enhanced' Host Controller (EHCI) Driver
[    4.884179] ehci_hcd 0000:00:1a.7: power state changed by ACPI to D0
[    4.884424] ehci_hcd 0000:00:1a.7: power state changed by ACPI to D0
[    4.884528] ehci_hcd 0000:00:1a.7: PCI INT C -> GSI 22 (level, low) -> IRQ 22
[    4.884629] ehci_hcd 0000:00:1a.7: setting latency timer to 64
[    4.884635] ehci_hcd 0000:00:1a.7: EHCI Host Controller
[    4.884776] ehci_hcd 0000:00:1a.7: new USB bus registered, assigned bus number 1
[    4.888828] ehci_hcd 0000:00:1a.7: cache line size of 32 is not supported
[    4.888837] ehci_hcd 0000:00:1a.7: irq 22, io mem 0xfe226c00
[    4.898592] ehci_hcd 0000:00:1a.7: USB 2.0 started, EHCI 1.00
[    4.898697] usb usb1: New USB device found, idVendor=1d6b, idProduct=0002
[    4.898800] usb usb1: New USB device strings: Mfr=3, Product=2, SerialNumber=1
[    4.898931] usb usb1: Product: EHCI Host Controller
[    4.899024] usb usb1: Manufacturer: Linux 2.6.32.57 ehci_hcd
[    4.899115] usb usb1: SerialNumber: 0000:00:1a.7
[    4.899258] usb usb1: configuration #1 chosen from 1 choice
[    4.899382] hub 1-0:1.0: USB hub found
[    4.899473] hub 1-0:1.0: 4 ports detected
[    4.899783] ehci_hcd 0000:00:1d.7: power state changed by ACPI to D0
[    4.900028] ehci_hcd 0000:00:1d.7: power state changed by ACPI to D0
[    4.900128] ehci_hcd 0000:00:1d.7: PCI INT D -> GSI 19 (level, low) -> IRQ 19
[    4.900229] ehci_hcd 0000:00:1d.7: setting latency timer to 64
[    4.900234] ehci_hcd 0000:00:1d.7: EHCI Host Controller
[    4.900370] ehci_hcd 0000:00:1d.7: new USB bus registered, assigned bus number 2
[    4.900528] ehci_hcd 0000:00:1d.7: debug port 1
[    4.904507] ehci_hcd 0000:00:1d.7: cache line size of 32 is not supported
[    4.904516] ehci_hcd 0000:00:1d.7: irq 19, io mem 0xfe227000
[    4.914591] ehci_hcd 0000:00:1d.7: USB 2.0 started, EHCI 1.00
[    4.914705] usb usb2: New USB device found, idVendor=1d6b, idProduct=0002
[    4.914801] usb usb2: New USB device strings: Mfr=3, Product=2, SerialNumber=1
[    4.914925] usb usb2: Product: EHCI Host Controller
[    4.915009] usb usb2: Manufacturer: Linux 2.6.32.57 ehci_hcd
[    4.915099] usb usb2: SerialNumber: 0000:00:1d.7
[    4.915248] usb usb2: configuration #1 chosen from 1 choice
[    4.915370] hub 2-0:1.0: USB hub found
[    4.915459] hub 2-0:1.0: 6 ports detected
[    4.915639] 116x: driver isp116x-hcd, 03 Nov 2005
[    4.915746] ohci_hcd: USB 1.1 'Open' Host Controller (OHCI) Driver
[    4.915857] uhci_hcd: USB Universal Host Controller Interface driver
[    4.915967] uhci_hcd 0000:00:1a.0: PCI INT A -> GSI 20 (level, low) -> IRQ 20
[    4.916069] uhci_hcd 0000:00:1a.0: setting latency timer to 64
[    4.916074] uhci_hcd 0000:00:1a.0: UHCI Host Controller
[    4.916209] uhci_hcd 0000:00:1a.0: new USB bus registered, assigned bus number 3
[    4.916363] uhci_hcd 0000:00:1a.0: irq 20, io base 0x00001860
[    4.916484] usb usb3: New USB device found, idVendor=1d6b, idProduct=0001
[    4.916577] usb usb3: New USB device strings: Mfr=3, Product=2, SerialNumber=1
[    4.916704] usb usb3: Product: UHCI Host Controller
[    4.916800] usb usb3: Manufacturer: Linux 2.6.32.57 uhci_hcd
[    4.916898] usb usb3: SerialNumber: 0000:00:1a.0
[    4.917031] usb usb3: configuration #1 chosen from 1 choice
[    4.917156] hub 3-0:1.0: USB hub found
[    4.917245] hub 3-0:1.0: 2 ports detected
[    4.917538] uhci_hcd 0000:00:1a.1: power state changed by ACPI to D0
[    4.917787] uhci_hcd 0000:00:1a.1: power state changed by ACPI to D0
[    4.917885] uhci_hcd 0000:00:1a.1: PCI INT B -> GSI 21 (level, low) -> IRQ 21
[    4.917989] uhci_hcd 0000:00:1a.1: setting latency timer to 64
[    4.917994] uhci_hcd 0000:00:1a.1: UHCI Host Controller
[    4.918122] uhci_hcd 0000:00:1a.1: new USB bus registered, assigned bus number 4
[    4.918272] uhci_hcd 0000:00:1a.1: irq 21, io base 0x00001880
[    4.918388] usb usb4: New USB device found, idVendor=1d6b, idProduct=0001
[    4.918479] usb usb4: New USB device strings: Mfr=3, Product=2, SerialNumber=1
[    4.918615] usb usb4: Product: UHCI Host Controller
[    4.918704] usb usb4: Manufacturer: Linux 2.6.32.57 uhci_hcd
[    4.918791] usb usb4: SerialNumber: 0000:00:1a.1
[    4.918938] usb usb4: configuration #1 chosen from 1 choice
[    4.919055] hub 4-0:1.0: USB hub found
[    4.919150] hub 4-0:1.0: 2 ports detected
[    4.919444] uhci_hcd 0000:00:1d.0: power state changed by ACPI to D0
[    4.919676] uhci_hcd 0000:00:1d.0: power state changed by ACPI to D0
[    4.919775] uhci_hcd 0000:00:1d.0: PCI INT A -> GSI 16 (level, low) -> IRQ 16
[    4.919877] uhci_hcd 0000:00:1d.0: setting latency timer to 64
[    4.919881] uhci_hcd 0000:00:1d.0: UHCI Host Controller
[    4.920023] uhci_hcd 0000:00:1d.0: new USB bus registered, assigned bus number 5
[    4.920178] uhci_hcd 0000:00:1d.0: irq 16, io base 0x000018a0
[    4.920297] usb usb5: New USB device found, idVendor=1d6b, idProduct=0001
[    4.920388] usb usb5: New USB device strings: Mfr=3, Product=2, SerialNumber=1
[    4.920517] usb usb5: Product: UHCI Host Controller
[    4.920622] usb usb5: Manufacturer: Linux 2.6.32.57 uhci_hcd
[    4.920713] usb usb5: SerialNumber: 0000:00:1d.0
[    4.920852] usb usb5: configuration #1 chosen from 1 choice
[    4.920970] hub 5-0:1.0: USB hub found
[    4.921067] hub 5-0:1.0: 2 ports detected
[    4.921208] uhci_hcd 0000:00:1d.1: PCI INT B -> GSI 17 (level, low) -> IRQ 17
[    4.921309] uhci_hcd 0000:00:1d.1: setting latency timer to 64
[    4.921314] uhci_hcd 0000:00:1d.1: UHCI Host Controller
[    4.921440] uhci_hcd 0000:00:1d.1: new USB bus registered, assigned bus number 6
[    4.921596] uhci_hcd 0000:00:1d.1: irq 17, io base 0x000018c0
[    4.921708] usb usb6: New USB device found, idVendor=1d6b, idProduct=0001
[    4.921806] usb usb6: New USB device strings: Mfr=3, Product=2, SerialNumber=1
[    4.921928] usb usb6: Product: UHCI Host Controller
[    4.922015] usb usb6: Manufacturer: Linux 2.6.32.57 uhci_hcd
[    4.922102] usb usb6: SerialNumber: 0000:00:1d.1
[    4.922236] usb usb6: configuration #1 chosen from 1 choice
[    4.922353] hub 6-0:1.0: USB hub found
[    4.922448] hub 6-0:1.0: 2 ports detected
[    4.922756] uhci_hcd 0000:00:1d.2: power state changed by ACPI to D0
[    4.923050] uhci_hcd 0000:00:1d.2: power state changed by ACPI to D0
[    4.923145] uhci_hcd 0000:00:1d.2: PCI INT C -> GSI 18 (level, low) -> IRQ 18
[    4.923241] uhci_hcd 0000:00:1d.2: setting latency timer to 64
[    4.923246] uhci_hcd 0000:00:1d.2: UHCI Host Controller
[    4.923389] uhci_hcd 0000:00:1d.2: new USB bus registered, assigned bus number 7
[    4.923544] uhci_hcd 0000:00:1d.2: irq 18, io base 0x000018e0
[    4.923673] usb usb7: New USB device found, idVendor=1d6b, idProduct=0001
[    4.923768] usb usb7: New USB device strings: Mfr=3, Product=2, SerialNumber=1
[    4.923888] usb usb7: Product: UHCI Host Controller
[    4.923977] usb usb7: Manufacturer: Linux 2.6.32.57 uhci_hcd
[    4.924067] usb usb7: SerialNumber: 0000:00:1d.2
[    4.924853] usb usb7: configuration #1 chosen from 1 choice
[    4.924975] hub 7-0:1.0: USB hub found
[    4.925064] hub 7-0:1.0: 2 ports detected
[    4.925222] sl811: driver sl811-hcd, 19 May 2005
[    4.925335] r8a66597_hcd: driver r8a66597_hcd, 2009-05-26
[    4.925507] Initializing USB Mass Storage driver...
[    4.925643] usbcore: registered new interface driver usb-storage
[    4.925741] USB Mass Storage support registered.
[    4.925848] usbcore: registered new interface driver ums-alauda
[    4.925963] usbcore: registered new interface driver ums-cypress
[    4.926076] usbcore: registered new interface driver ums-datafab
[    4.926193] usbcore: registered new interface driver ums-freecom
[    4.926308] usbcore: registered new interface driver ums-isd200
[    4.926423] usbcore: registered new interface driver ums-jumpshot
[    4.926538] usbcore: registered new interface driver ums-karma
[    4.926665] usbcore: registered new interface driver ums-onetouch
[    4.926786] usbcore: registered new interface driver ums-sddr09
[    4.926899] usbcore: registered new interface driver ums-sddr55
[    4.927016] usbcore: registered new interface driver ums-usbat
[    4.927164] PNP: PS/2 Controller [PNP0303:KBD,PNP0f13:MOU] at 0x60,0x64 irq 1,12
[    4.935696] serio: i8042 KBD port at 0x60,0x64 irq 1
[    4.935785] serio: i8042 AUX port at 0x60,0x64 irq 12
[    4.936028] mice: PS/2 mouse device common for all mice
[    4.936148] i2c /dev entries driver
[    4.936280] md: linear personality registered for level -1
[    4.936368] md: raid0 personality registered for level 0
[    4.936463] md: raid1 personality registered for level 1
[    4.936551] md: raid10 personality registered for level 10
[    4.936652] md: raid6 personality registered for level 6
[    4.936750] md: raid5 personality registered for level 5
[    4.936841] md: raid4 personality registered for level 4
[    4.936930] md: multipath personality registered for level -4
[    4.937130] device-mapper: ioctl: 4.15.0-ioctl (2009-04-01) initialised: dm-devel@redhat.com
[    4.937328] cpuidle: using governor ladder
[    4.937954] usbcore: registered new interface driver usbhid
[    4.938045] usbhid: v2.6:USB HID core driver
[    4.938196] random 0000 0000 0000 00000000 00000000: rand_read_num 4 get_random_bytes(136): sig 00000000 00000000 00000000
[    4.938199] random 0000 0000 0000 00000000 00000000: extract_entropy(.. 136 ..)
[    4.938202] random 0000 0000 0000 00000000 00000000: going to reseed nonblocking with 1024 bits (1088 of 0 requested)
[    4.938204] random 0000 0000 0000 00000000 00000000: extract_entropy(.. 128 ..)
[    4.938206] random 0000 0000 0000 00000000 00000000: trying to extract 1024 bits from input
[    4.938208] random 0000 0000 0000 00000000 00000000: debiting 0 entropy credits from input
[    4.938210] random 0000 0000 0000 00000000 00000000: extract_entropy account returned: 0 
[    4.938213] random 0000 0000 0000 00000000 00000000: urand_change_num 7 xfer_secondary_pool(136): pool_sig 00000000, data_sig 00000000, bytes_mixed 0 00000000 00000000
[    4.938216] random 0000 0000 0000 00000000 00000000: trying to extract 1088 bits from nonblocking
[    4.938218] random 0000 0000 0000 00000000 00000000: debiting 1088 entropy credits from nonblocking (unlimited)
[    4.938220] random 0000 0000 0000 00000000 00000000: extract_entropy account returned: 136 
[    4.938225] random 0000 0000 0000 00000000 00000000: urand_change_num 8 extract_buf: pool_sig 00000000, data_sig fffffff9, bytes_mixed 20 00000000 00000000
[    4.938230] random 0000 0000 0000 b7c35b56 be4dc95d: urand_change_num 9 extract_buf: pool_sig fffffd1e, data_sig 000000c5, bytes_mixed 20 b7c35b56 be4dc95d
[    4.938235] random 0000 0000 0000 ed9f5c47 c48487fb: urand_change_num 10 extract_buf: pool_sig fffff8ec, data_sig ffffff68, bytes_mixed 20 ed9f5c47 c48487fb
[    4.938241] random 0000 0000 0000 ed9f5c47 c48487fb: urand_change_num 11 extract_buf: pool_sig fffffaed, data_sig 000001aa, bytes_mixed 20 ed9f5c47 c48487fb
[    4.938246] random 0000 0000 0000 1b4f7c0a 91bd6a48: urand_change_num 12 extract_buf: pool_sig fffffdd8, data_sig 00000064, bytes_mixed 20 1b4f7c0a 91bd6a48
[    4.938251] random 0000 0000 0000 a254b9bc 20e9a24f: urand_change_num 13 extract_buf: pool_sig fffffbe6, data_sig 000001dd, bytes_mixed 20 a254b9bc 20e9a24f
[    4.938256] random 0000 0000 0000 a254b9bc 20e9a24f: urand_change_num 14 extract_buf: pool_sig fffff940, data_sig fffffe20, bytes_mixed 20 a254b9bc 20e9a24f
[    4.938261] random 0000 0000 0000 2831a66b 5fa2a3ad: urand_change_num 15 extract_buf: pool_sig fffffbce, data_sig 0000007e, bytes_mixed 20 2831a66b 5fa2a3ad
[    4.938266] random 0000 0000 0000 2831a66b 5fa2a3ad: urand_change_num 16 extract_buf: pool_sig 000004df, data_sig fffffe8f, bytes_mixed 20 2831a66b 5fa2a3ad
[    4.938272] random 0000 0000 0000 d4512bfd c9a54e0b: urand_change_num 17 extract_buf: pool_sig 00000485, data_sig fffffe68, bytes_mixed 20 d4512bfd c9a54e0b
[    4.938277] random 0000 0000 0000 c7371be6 f9ffea11: urand_change_num 18 extract_buf: pool_sig 00000095, data_sig ffffffed, bytes_mixed 20 c7371be6 f9ffea11
[    4.938282] random 0000 0000 0000 c7371be6 f9ffea11: urand_change_num 19 extract_buf: pool_sig 000003a7, data_sig fffffefa, bytes_mixed 20 c7371be6 f9ffea11
[    4.938287] random 0000 0000 0000 8fb4b62c d1ddba54: urand_change_num 20 extract_buf: pool_sig 00000179, data_sig ffffff78, bytes_mixed 20 8fb4b62c d1ddba54
[    4.938292] random 0000 0000 0000 9ff19f9c c07a1d2a: urand_change_num 21 extract_buf: pool_sig fffffe88, data_sig 00000126, bytes_mixed 20 9ff19f9c c07a1d2a
[    4.938296] TCP cubic registered
[    4.938382] Initializing XFRM netlink socket
[    4.938475] NET: Registered protocol family 17
[    4.938567] Using IPI Shortcut mode
[    4.938682] random 0000 0000 0000 9ff19f9c c07a1d2a: rand_read_num 5 get_random_bytes(8): sig 0000031b 9ff19f9c c07a1d2a
[    4.938684] random 0000 0000 0000 9ff19f9c c07a1d2a: extract_entropy(.. 8 ..)
[    4.938686] random 0000 0000 0000 9ff19f9c c07a1d2a: going to reseed nonblocking with 64 bits (64 of 0 requested)
[    4.938689] random 0000 0000 0000 9ff19f9c c07a1d2a: extract_entropy(.. 8 ..)
[    4.938691] random 0000 0000 0000 9ff19f9c c07a1d2a: trying to extract 64 bits from input
[    4.938693] random 0000 0000 0000 9ff19f9c c07a1d2a: debiting 0 entropy credits from input
[    4.938695] random 0000 0000 0000 9ff19f9c c07a1d2a: extract_entropy account returned: 0 
[    4.938698] random 0000 0000 0000 9ff19f9c c07a1d2a: urand_change_num 22 xfer_secondary_pool(8): pool_sig 0000031b, data_sig 00000000, bytes_mixed 0 9ff19f9c c07a1d2a
[    4.938701] random 0000 0000 0000 9ff19f9c c07a1d2a: trying to extract 64 bits from nonblocking
[    4.938703] random 0000 0000 0000 9ff19f9c c07a1d2a: debiting 64 entropy credits from nonblocking (unlimited)
[    4.938705] random 0000 0000 0000 9ff19f9c c07a1d2a: extract_entropy account returned: 8 
[    4.938709] random 0000 0000 0000 9ff19f9c c07a1d2a: urand_change_num 23 extract_buf: pool_sig 0000031b, data_sig ffffffb3, bytes_mixed 20 9ff19f9c c07a1d2a
[    4.940940] input: AT Translated Set 2 keyboard as /devices/platform/i8042/serio0/input/input1
[    5.131595] ata3: SATA link down (SStatus 0 SControl 300)
[    5.131708] ata1: SATA link up 1.5 Gbps (SStatus 113 SControl 300)
[    5.133471] ata1.00: ACPI cmd ef/02:00:00:00:00:a0 (SET FEATURES) succeeded
[    5.133474] ata1.00: ACPI cmd f5/00:00:00:00:00:a0 (SECURITY FREEZE LOCK) filtered out
[    5.134864] ata1.00: ACPI cmd ef/5f:00:00:00:00:a0 (SET FEATURES) succeeded
[    5.134866] ata1.00: ACPI cmd ef/10:03:00:00:00:a0 (SET FEATURES) filtered out
[    5.136775] ata1.00: ATA-7: ST910021AS, 4.06, max UDMA/100
[    5.136865] ata1.00: 195371568 sectors, multi 16: LBA48 
[    5.139013] ata1.00: ACPI cmd ef/02:00:00:00:00:a0 (SET FEATURES) succeeded
[    5.139015] ata1.00: ACPI cmd f5/00:00:00:00:00:a0 (SECURITY FREEZE LOCK) filtered out
[    5.140407] ata1.00: ACPI cmd ef/5f:00:00:00:00:a0 (SET FEATURES) succeeded
[    5.140409] ata1.00: ACPI cmd ef/10:03:00:00:00:a0 (SET FEATURES) filtered out
[    5.142336] ata1.00: configured for UDMA/100
[    5.152642] scsi 2:0:0:0: Direct-Access     ATA      ST910021AS       4.06 PQ: 0 ANSI: 5
[    5.152930] sd 2:0:0:0: [sda] 195371568 512-byte logical blocks: (100 GB/93.1 GiB)
[    5.153073] sd 2:0:0:0: [sda] Write Protect is off
[    5.153173] sd 2:0:0:0: [sda] Mode Sense: 00 3a 00 00
[    5.153185] sd 2:0:0:0: [sda] Write cache: enabled, read cache: enabled, doesn't support DPO or FUA
[    5.153378]  sda:
[    5.218576] usb 2-1: new high speed USB device using ehci_hcd and address 2
[    5.355037] usb 2-1: New USB device found, idVendor=0e8d, idProduct=1806
[    5.355127] usb 2-1: New USB device strings: Mfr=1, Product=2, SerialNumber=3
[    5.355216] usb 2-1: Product: MT1806 
[    5.355298] usb 2-1: Manufacturer: MediaTek Inc
[    5.355384] usb 2-1: SerialNumber: R8KN6GAC800AEB 
[    5.355518] usb 2-1: configuration #1 chosen from 1 choice
[    5.359080] scsi5 : SCSI emulation for USB Mass Storage devices
[    5.359249] usb-storage: device found at 2
[    5.359250] usb-storage: waiting for device to settle before scanning
[    5.574413]  sda1 sda2
[    5.575139] sd 2:0:0:0: [sda] Attached SCSI disk
[    5.575231] random 0000 0000 0000 277f73c3 42024bb9: rand_read_num 6 get_random_bytes(12): sig 000007e9 277f73c3 42024bb9
[    5.575233] random 0000 0000 0000 277f73c3 42024bb9: extract_entropy(.. 12 ..)
[    5.575236] random 0000 0000 0000 277f73c3 42024bb9: going to reseed nonblocking with 96 bits (96 of 0 requested)
[    5.575238] random 0000 0000 0000 277f73c3 42024bb9: extract_entropy(.. 12 ..)
[    5.575240] random 0000 0000 0000 277f73c3 42024bb9: trying to extract 96 bits from input
[    5.575242] random 0000 0000 0000 277f73c3 42024bb9: debiting 0 entropy credits from input
[    5.575244] random 0000 0000 0000 277f73c3 42024bb9: extract_entropy account returned: 0 
[    5.575247] random 0000 0000 0000 277f73c3 42024bb9: urand_change_num 24 xfer_secondary_pool(12): pool_sig 000007e9, data_sig 00000000, bytes_mixed 0 277f73c3 42024bb9
[    5.575250] random 0000 0000 0000 277f73c3 42024bb9: trying to extract 96 bits from nonblocking
[    5.575252] random 0000 0000 0000 277f73c3 42024bb9: debiting 96 entropy credits from nonblocking (unlimited)
[    5.575254] random 0000 0000 0000 277f73c3 42024bb9: extract_entropy account returned: 12 
[    5.575259] random 0000 0000 0000 277f73c3 42024bb9: urand_change_num 25 extract_buf: pool_sig 000007e9, data_sig 00000088, bytes_mixed 20 277f73c3 42024bb9
[    5.575264] random 0000 0000 0000 277f73c3 42024bb9: urand_change_num 26 extract_buf: pool_sig 00000498, data_sig fffffefb, bytes_mixed 20 277f73c3 42024bb9
[    5.575267] RANDOM - __seed init called.
[    5.575268] RANDOM - __seed init called.
[    5.575269] RANDOM - __seed init called.
[    5.575270] RANDOM - __random32 called. Change num 12.  Value: 87f14767	f0d7351	b1e48bd3
[    5.575272] RANDOM - random32_reseed called.  Value: 87f14767	f0d7351	b1e48bd3
[    5.575275] Pid: 1, comm: swapper Not tainted 2.6.32.57 #3
[    5.575363] Call Trace:
[    5.575465]  [<c1923ca4>] ? random32_reseed+0xa0/0xb1
[    5.575561]  [<c1923c04>] ? random32_reseed+0x0/0xb1
[    5.575657]  [<c100111e>] ? do_one_initcall+0x2e/0x180
[    5.575748]  [<c1907265>] ? kernel_init+0xad/0x103
[    5.575847]  [<c19071b8>] ? kernel_init+0x0/0x103
[    5.575934]  [<c1003787>] ? kernel_thread_helper+0x7/0x10
[    5.576462] random 0000 0000 0000 386b4e60 ee4d4880: rand_read_num 7 get_random_bytes(64): sig fffffea5 386b4e60 ee4d4880
[    5.576464] random 0000 0000 0000 386b4e60 ee4d4880: extract_entropy(.. 64 ..)
[    5.576466] random 0000 0000 0000 386b4e60 ee4d4880: going to reseed nonblocking with 512 bits (512 of 0 requested)
[    5.576468] random 0000 0000 0000 386b4e60 ee4d4880: extract_entropy(.. 64 ..)
[    5.576470] random 0000 0000 0000 386b4e60 ee4d4880: trying to extract 512 bits from input
[    5.576472] random 0000 0000 0000 386b4e60 ee4d4880: debiting 0 entropy credits from input
[    5.576474] random 0000 0000 0000 386b4e60 ee4d4880: extract_entropy account returned: 0 
[    5.576478] random 0000 0000 0000 386b4e60 ee4d4880: urand_change_num 27 xfer_secondary_pool(64): pool_sig fffffea5, data_sig 00000000, bytes_mixed 0 386b4e60 ee4d4880
[    5.576480] random 0000 0000 0000 386b4e60 ee4d4880: trying to extract 512 bits from nonblocking
[    5.576483] random 0000 0000 0000 386b4e60 ee4d4880: debiting 512 entropy credits from nonblocking (unlimited)
[    5.576485] random 0000 0000 0000 386b4e60 ee4d4880: extract_entropy account returned: 64 
[    5.576489] random 0000 0000 0000 386b4e60 ee4d4880: urand_change_num 28 extract_buf: pool_sig fffffea5, data_sig 00000173, bytes_mixed 20 386b4e60 ee4d4880
[    5.576494] random 0000 0000 0000 412698f6 0cc8689a: urand_change_num 29 extract_buf: pool_sig 00000122, data_sig ffffff63, bytes_mixed 20 412698f6 0cc8689a
[    5.576500] random 0000 0000 0000 412698f6 0cc8689a: urand_change_num 30 extract_buf: pool_sig 000001f7, data_sig 00000012, bytes_mixed 20 412698f6 0cc8689a
[    5.576505] random 0000 0000 0000 9669941e 06f768b1: urand_change_num 31 extract_buf: pool_sig fffffb5b, data_sig 0000003f, bytes_mixed 20 9669941e 06f768b1
[    5.576510] random 0000 0000 0000 98486520 995551f0: urand_change_num 32 extract_buf: pool_sig fffffb39, data_sig 0000000e, bytes_mixed 20 98486520 995551f0
[    5.576515] random 0000 0000 0000 98486520 995551f0: urand_change_num 33 extract_buf: pool_sig fffffd8d, data_sig 000001a6, bytes_mixed 20 98486520 995551f0
[    5.576520] random 0000 0000 0000 61fc8914 d5882ed2: urand_change_num 34 extract_buf: pool_sig fffffa58, data_sig 0000023e, bytes_mixed 20 61fc8914 d5882ed2
[    5.576553] random 0000 0000 0000 61fc8914 d5882ed2: rand_read_num 8 get_random_bytes(64): sig fffff9ee 61fc8914 d5882ed2
[    5.576555] random 0000 0000 0000 61fc8914 d5882ed2: extract_entropy(.. 64 ..)
[    5.576558] random 0000 0000 0000 61fc8914 d5882ed2: going to reseed nonblocking with 512 bits (512 of 0 requested)
[    5.576560] random 0000 0000 0000 61fc8914 d5882ed2: extract_entropy(.. 64 ..)
[    5.576562] random 0000 0000 0000 61fc8914 d5882ed2: trying to extract 512 bits from input
[    5.576564] random 0000 0000 0000 61fc8914 d5882ed2: debiting 0 entropy credits from input
[    5.576566] random 0000 0000 0000 61fc8914 d5882ed2: extract_entropy account returned: 0 
[    5.576569] random 0000 0000 0000 61fc8914 d5882ed2: urand_change_num 35 xfer_secondary_pool(64): pool_sig fffff9ee, data_sig 00000000, bytes_mixed 0 61fc8914 d5882ed2
[    5.576572] random 0000 0000 0000 61fc8914 d5882ed2: trying to extract 512 bits from nonblocking
[    5.576574] random 0000 0000 0000 61fc8914 d5882ed2: debiting 512 entropy credits from nonblocking (unlimited)
[    5.576576] random 0000 0000 0000 61fc8914 d5882ed2: extract_entropy account returned: 64 
[    5.576580] random 0000 0000 0000 61fc8914 d5882ed2: urand_change_num 36 extract_buf: pool_sig fffff9ee, data_sig ffffff85, bytes_mixed 20 61fc8914 d5882ed2
[    5.576586] random 0000 0000 0000 70cfd302 e5edec11: urand_change_num 37 extract_buf: pool_sig fffffdc1, data_sig ffffffde, bytes_mixed 20 70cfd302 e5edec11
[    5.576591] random 0000 0000 0000 00dab838 eafd2b30: urand_change_num 38 extract_buf: pool_sig 000003da, data_sig ffffff61, bytes_mixed 20 00dab838 eafd2b30
[    5.576596] random 0000 0000 0000 00dab838 eafd2b30: urand_change_num 39 extract_buf: pool_sig 00000314, data_sig 00000121, bytes_mixed 20 00dab838 eafd2b30
[    5.576601] random 0000 0000 0000 5fcdf66a 6442b608: urand_change_num 40 extract_buf: pool_sig 0000028b, data_sig fffffefd, bytes_mixed 20 5fcdf66a 6442b608
[    5.576606] random 0000 0000 0000 61333f6b 8fae0f9b: urand_change_num 41 extract_buf: pool_sig 000000cb, data_sig 000000b3, bytes_mixed 20 61333f6b 8fae0f9b
[    5.576612] random 0000 0000 0000 61333f6b 8fae0f9b: urand_change_num 42 extract_buf: pool_sig fffffef8, data_sig 00000051, bytes_mixed 20 61333f6b 8fae0f9b
[    5.576614] BEGIN NET_SECRET:
[    5.576615] \xffffffe0
[    5.576616] \xffffffb6
[    5.576617] \x36
[    5.576618] \xffffffb5
[    5.576619] \xffffff94
[    5.576620] \xffffffb2
[    5.576620] \xffffffa8
[    5.576621] \xffffffda
[    5.576622] \x5b
[    5.576623] \x19
[    5.576623] \x18
[    5.576624] \x5c
[    5.576625] \x2b
[    5.576626] \x1
[    5.576626] \xffffff90
[    5.576627] \x19
[    5.576628] \x3c
[    5.576629] \xfffffff2
[    5.576629] \xffffff82
[    5.576630] \x2a
[    5.576631] \xffffffb3
[    5.576632] \xffffffa2
[    5.576633] \x3f
[    5.576633] \x5
[    5.576634] \x52
[    5.576635] \x77
[    5.576636] \x57
[    5.576636] \x79
[    5.576637] \x16
[    5.576638] \x43
[    5.576638] \xffffff84
[    5.576639] \xffffffc3
[    5.576640] \xffffffe9
[    5.576641] \x79
[    5.576641] \x50
[    5.576642] \xffffff8e
[    5.576643] \x3f
[    5.576644] \xfffffff3
[    5.576645] \x19
[    5.576645] \x2a
[    5.576646] \xfffffffd
[    5.576647] \xfffffffb
[    5.576648] \x62
[    5.576648] \x3c
[    5.576649] \xffffffac
[    5.576650] \x1c
[    5.576650] \x3b
[    5.576651] \x3b
[    5.576652] \x15
[    5.576653] \x27
[    5.576653] \xffffffa8
[    5.576654] \x22
[    5.576655] \xffffffc5
[    5.576656] \xffffff9a
[    5.576656] \x5
[    5.576657] \x6c
[    5.576658] \xffffffa8
[    5.576659] \x3a
[    5.576659] \x44
[    5.576660] \xffffffaf
[    5.576661] \x13
[    5.576662] \xffffffe0
[    5.576662] \xffffff9d
[    5.576663] \x22
[    5.576664] 
[    5.576664] END NET_SECRET
[    5.576667] random 0000 0000 0000 e7f555d9 e8ce5c3c: rand_read_num 9 get_random_bytes(4): sig 0000068c e7f555d9 e8ce5c3c
[    5.576670] random 0000 0000 0000 e7f555d9 e8ce5c3c: extract_entropy(.. 4 ..)
[    5.576672] random 0000 0000 0000 e7f555d9 e8ce5c3c: going to reseed nonblocking with 64 bits (32 of 0 requested)
[    5.576674] random 0000 0000 0000 e7f555d9 e8ce5c3c: extract_entropy(.. 8 ..)
[    5.576676] random 0000 0000 0000 e7f555d9 e8ce5c3c: trying to extract 64 bits from input
[    5.576678] random 0000 0000 0000 e7f555d9 e8ce5c3c: debiting 0 entropy credits from input
[    5.576680] random 0000 0000 0000 e7f555d9 e8ce5c3c: extract_entropy account returned: 0 
[    5.576683] random 0000 0000 0000 e7f555d9 e8ce5c3c: urand_change_num 43 xfer_secondary_pool(4): pool_sig 0000068c, data_sig 00000000, bytes_mixed 0 e7f555d9 e8ce5c3c
[    5.576686] random 0000 0000 0000 e7f555d9 e8ce5c3c: trying to extract 32 bits from nonblocking
[    5.576688] random 0000 0000 0000 e7f555d9 e8ce5c3c: debiting 32 entropy credits from nonblocking (unlimited)
[    5.576690] random 0000 0000 0000 e7f555d9 e8ce5c3c: extract_entropy account returned: 4 
[    5.576694] random 0000 0000 0000 e7f555d9 e8ce5c3c: urand_change_num 44 extract_buf: pool_sig 0000068c, data_sig fffffdcb, bytes_mixed 20 e7f555d9 e8ce5c3c
[    5.576706] md: Waiting for all devices to be available before autodetect
[    5.576806] md: If you don't use raid, use raid=noautodetect
[    5.576973] md: Autodetecting RAID arrays.
[    5.577061] md: Scanned 0 and added 0 devices.
[    5.577147] md: autorun ...
[    5.577233] md: ... autorun DONE.
[    5.607159] EXT3-fs: sda2: couldn't mount because of unsupported optional features (240).
[    5.607388] EXT2-fs: sda2: couldn't mount because of unsupported optional features (240).
[    5.608674] random 0000 0000 0000 e7f555d9 e8ce5c3c: rand_read_num 10 get_random_bytes(4): sig ffffff72 e7f555d9 e8ce5c3c
[    5.608677] random 0000 0000 0000 e7f555d9 e8ce5c3c: extract_entropy(.. 4 ..)
[    5.608679] random 0000 0000 0000 e7f555d9 e8ce5c3c: going to reseed nonblocking with 64 bits (32 of 0 requested)
[    5.608682] random 0000 0000 0000 e7f555d9 e8ce5c3c: extract_entropy(.. 8 ..)
[    5.608684] random 0000 0000 0000 e7f555d9 e8ce5c3c: trying to extract 64 bits from input
[    5.608686] random 0000 0000 0000 e7f555d9 e8ce5c3c: debiting 0 entropy credits from input
[    5.608688] random 0000 0000 0000 e7f555d9 e8ce5c3c: extract_entropy account returned: 0 
[    5.608691] random 0000 0000 0000 e7f555d9 e8ce5c3c: urand_change_num 45 xfer_secondary_pool(4): pool_sig ffffff72, data_sig 00000000, bytes_mixed 0 e7f555d9 e8ce5c3c
[    5.608694] random 0000 0000 0000 e7f555d9 e8ce5c3c: trying to extract 32 bits from nonblocking
[    5.608696] random 0000 0000 0000 e7f555d9 e8ce5c3c: debiting 32 entropy credits from nonblocking (unlimited)
[    5.608698] random 0000 0000 0000 e7f555d9 e8ce5c3c: extract_entropy account returned: 4 
[    5.608702] random 0000 0000 0000 e7f555d9 e8ce5c3c: urand_change_num 46 extract_buf: pool_sig ffffff72, data_sig ffffff72, bytes_mixed 20 e7f555d9 e8ce5c3c
[    5.636888] EXT4-fs (sda2): mounted filesystem with ordered data mode
[    5.637092] VFS: Mounted root (ext4 filesystem) readonly on device 8:2.
[    5.637194] Freeing unused kernel memory: 448k freed
[    5.707488] random 0000 0000 0000 91716c54 eeb6a1e7: rand_read_num 11 get_random_bytes(16): sig fffffcad 91716c54 eeb6a1e7
[    5.707491] random 0000 0000 0000 91716c54 eeb6a1e7: extract_entropy(.. 16 ..)
[    5.707493] random 0000 0000 0000 91716c54 eeb6a1e7: going to reseed nonblocking with 128 bits (128 of 0 requested)
[    5.707495] random 0000 0000 0000 91716c54 eeb6a1e7: extract_entropy(.. 16 ..)
[    5.707497] random 0000 0000 0000 91716c54 eeb6a1e7: trying to extract 128 bits from input
[    5.707499] random 0000 0000 0000 91716c54 eeb6a1e7: debiting 0 entropy credits from input
[    5.707501] random 0000 0000 0000 91716c54 eeb6a1e7: extract_entropy account returned: 0 
[    5.707505] random 0000 0000 0000 91716c54 eeb6a1e7: urand_change_num 47 xfer_secondary_pool(16): pool_sig fffffcad, data_sig 00000000, bytes_mixed 0 91716c54 eeb6a1e7
[    5.707507] random 0000 0000 0000 91716c54 eeb6a1e7: trying to extract 128 bits from nonblocking
[    5.707510] random 0000 0000 0000 91716c54 eeb6a1e7: debiting 128 entropy credits from nonblocking (unlimited)
[    5.707512] random 0000 0000 0000 91716c54 eeb6a1e7: extract_entropy account returned: 16 
[    5.707516] random 0000 0000 0000 91716c54 eeb6a1e7: urand_change_num 48 extract_buf: pool_sig fffffcad, data_sig ffffff19, bytes_mixed 20 91716c54 eeb6a1e7
[    5.707521] random 0000 0000 0000 fd637b06 6cf47bc1: urand_change_num 49 extract_buf: pool_sig fffffede, data_sig ffffffc1, bytes_mixed 20 fd637b06 6cf47bc1
[    5.785913] random 0000 0000 0000 fd637b06 6cf47bc1: rand_read_num 12 get_random_bytes(16): sig 0000033b fd637b06 6cf47bc1
[    5.785916] random 0000 0000 0000 fd637b06 6cf47bc1: extract_entropy(.. 16 ..)
[    5.785919] random 0000 0000 0000 fd637b06 6cf47bc1: going to reseed nonblocking with 128 bits (128 of 0 requested)
[    5.785921] random 0000 0000 0000 fd637b06 6cf47bc1: extract_entropy(.. 16 ..)
[    5.785923] random 0000 0000 0000 fd637b06 6cf47bc1: trying to extract 128 bits from input
[    5.785925] random 0000 0000 0000 fd637b06 6cf47bc1: debiting 0 entropy credits from input
[    5.785927] random 0000 0000 0000 fd637b06 6cf47bc1: extract_entropy account returned: 0 
[    5.785930] random 0000 0000 0000 fd637b06 6cf47bc1: urand_change_num 50 xfer_secondary_pool(16): pool_sig 0000033b, data_sig 00000000, bytes_mixed 0 fd637b06 6cf47bc1
[    5.785933] random 0000 0000 0000 fd637b06 6cf47bc1: trying to extract 128 bits from nonblocking
[    5.785936] random 0000 0000 0000 fd637b06 6cf47bc1: debiting 128 entropy credits from nonblocking (unlimited)
[    5.785938] random 0000 0000 0000 fd637b06 6cf47bc1: extract_entropy account returned: 16 
[    5.785942] random 0000 0000 0000 fd637b06 6cf47bc1: urand_change_num 51 extract_buf: pool_sig 0000033b, data_sig 000000d8, bytes_mixed 20 fd637b06 6cf47bc1
[    5.785947] random 0000 0000 0000 0ec1f012 d4727ca8: urand_change_num 52 extract_buf: pool_sig fffffcf5, data_sig 00000016, bytes_mixed 20 0ec1f012 d4727ca8
[    6.148899] ieee1394: Host added: ID:BUS[0-00:1023]  GUID[00061b032a25f51c]
[    6.176462] random 0000 0000 0000 45b1d0b1 845a73f7: rand_read_num 13 get_random_bytes(16): sig 00000116 45b1d0b1 845a73f7
[    6.176465] random 0000 0000 0000 45b1d0b1 845a73f7: extract_entropy(.. 16 ..)
[    6.176468] random 0000 0000 0000 45b1d0b1 845a73f7: going to reseed nonblocking with 128 bits (128 of 0 requested)
[    6.176470] random 0000 0000 0000 45b1d0b1 845a73f7: extract_entropy(.. 16 ..)
[    6.176472] random 0000 0000 0000 45b1d0b1 845a73f7: trying to extract 128 bits from input
[    6.176474] random 0000 0000 0000 45b1d0b1 845a73f7: debiting 0 entropy credits from input
[    6.176476] random 0000 0000 0000 45b1d0b1 845a73f7: extract_entropy account returned: 0 
[    6.176479] random 0000 0000 0000 45b1d0b1 845a73f7: urand_change_num 53 xfer_secondary_pool(16): pool_sig 00000116, data_sig 00000000, bytes_mixed 0 45b1d0b1 845a73f7
[    6.176482] random 0000 0000 0000 45b1d0b1 845a73f7: trying to extract 128 bits from nonblocking
[    6.176484] random 0000 0000 0000 45b1d0b1 845a73f7: debiting 128 entropy credits from nonblocking (unlimited)
[    6.176486] random 0000 0000 0000 45b1d0b1 845a73f7: extract_entropy account returned: 16 
[    6.176491] random 0000 0000 0000 45b1d0b1 845a73f7: urand_change_num 54 extract_buf: pool_sig 00000116, data_sig fffffd8b, bytes_mixed 20 45b1d0b1 845a73f7
[    6.176496] random 0000 0000 0000 45b1d0b1 845a73f7: urand_change_num 55 extract_buf: pool_sig fffffc05, data_sig 00000109, bytes_mixed 20 45b1d0b1 845a73f7
[    6.220646] random 0000 0000 0000 5012cce3 b8a30621: rand_read_num 14 get_random_bytes(16): sig fffffb93 5012cce3 b8a30621
[    6.220649] random 0000 0000 0000 5012cce3 b8a30621: extract_entropy(.. 16 ..)
[    6.220651] random 0000 0000 0000 5012cce3 b8a30621: going to reseed nonblocking with 128 bits (128 of 0 requested)
[    6.220654] random 0000 0000 0000 5012cce3 b8a30621: extract_entropy(.. 16 ..)
[    6.220656] random 0000 0000 0000 5012cce3 b8a30621: trying to extract 128 bits from input
[    6.220658] random 0000 0000 0000 5012cce3 b8a30621: debiting 0 entropy credits from input
[    6.220660] random 0000 0000 0000 5012cce3 b8a30621: extract_entropy account returned: 0 
[    6.220663] random 0000 0000 0000 5012cce3 b8a30621: urand_change_num 56 xfer_secondary_pool(16): pool_sig fffffb93, data_sig 00000000, bytes_mixed 0 5012cce3 b8a30621
[    6.220666] random 0000 0000 0000 5012cce3 b8a30621: trying to extract 128 bits from nonblocking
[    6.220668] random 0000 0000 0000 5012cce3 b8a30621: debiting 128 entropy credits from nonblocking (unlimited)
[    6.220670] random 0000 0000 0000 5012cce3 b8a30621: extract_entropy account returned: 16 
[    6.220674] random 0000 0000 0000 5012cce3 b8a30621: urand_change_num 57 extract_buf: pool_sig fffffb93, data_sig ffffff35, bytes_mixed 20 5012cce3 b8a30621
[    6.220680] random 0000 0000 0000 5012cce3 b8a30621: urand_change_num 58 extract_buf: pool_sig fffffb9d, data_sig ffffff92, bytes_mixed 20 5012cce3 b8a30621
[    6.222036] random 0000 0000 0000 30a5721d 4b648ff6: rand_read_num 15 get_random_bytes(16): sig fffffeb5 30a5721d 4b648ff6
[    6.222039] random 0000 0000 0000 30a5721d 4b648ff6: extract_entropy(.. 16 ..)
[    6.222042] random 0000 0000 0000 30a5721d 4b648ff6: going to reseed nonblocking with 128 bits (128 of 0 requested)
[    6.222044] random 0000 0000 0000 30a5721d 4b648ff6: extract_entropy(.. 16 ..)
[    6.222046] random 0000 0000 0000 30a5721d 4b648ff6: trying to extract 128 bits from input
[    6.222048] random 0000 0000 0000 30a5721d 4b648ff6: debiting 0 entropy credits from input
[    6.222050] random 0000 0000 0000 30a5721d 4b648ff6: extract_entropy account returned: 0 
[    6.222053] random 0000 0000 0000 30a5721d 4b648ff6: urand_change_num 59 xfer_secondary_pool(16): pool_sig fffffeb5, data_sig 00000000, bytes_mixed 0 30a5721d 4b648ff6
[    6.222056] random 0000 0000 0000 30a5721d 4b648ff6: trying to extract 128 bits from nonblocking
[    6.222058] random 0000 0000 0000 30a5721d 4b648ff6: debiting 128 entropy credits from nonblocking (unlimited)
[    6.222061] random 0000 0000 0000 30a5721d 4b648ff6: extract_entropy account returned: 16 
[    6.222065] random 0000 0000 0000 30a5721d 4b648ff6: urand_change_num 60 extract_buf: pool_sig fffffeb5, data_sig 000000c2, bytes_mixed 20 30a5721d 4b648ff6
[    6.222070] random 0000 0000 0000 89bae1ab 704c432f: urand_change_num 61 extract_buf: pool_sig 0000006e, data_sig fffffefc, bytes_mixed 20 89bae1ab 704c432f
[    6.222622] random 0000 0000 0000 89bae1ab 704c432f: rand_read_num 16 get_random_bytes(16): sig fffffd99 89bae1ab 704c432f
[    6.222625] random 0000 0000 0000 89bae1ab 704c432f: extract_entropy(.. 16 ..)
[    6.222628] random 0000 0000 0000 89bae1ab 704c432f: going to reseed nonblocking with 128 bits (128 of 0 requested)
[    6.222630] random 0000 0000 0000 89bae1ab 704c432f: extract_entropy(.. 16 ..)
[    6.222632] random 0000 0000 0000 89bae1ab 704c432f: trying to extract 128 bits from input
[    6.222634] random 0000 0000 0000 89bae1ab 704c432f: debiting 0 entropy credits from input
[    6.222636] random 0000 0000 0000 89bae1ab 704c432f: extract_entropy account returned: 0 
[    6.222639] random 0000 0000 0000 89bae1ab 704c432f: urand_change_num 62 xfer_secondary_pool(16): pool_sig fffffd99, data_sig 00000000, bytes_mixed 0 89bae1ab 704c432f
[    6.222642] random 0000 0000 0000 89bae1ab 704c432f: trying to extract 128 bits from nonblocking
[    6.222645] random 0000 0000 0000 89bae1ab 704c432f: debiting 128 entropy credits from nonblocking (unlimited)
[    6.222647] random 0000 0000 0000 89bae1ab 704c432f: extract_entropy account returned: 16 
[    6.222651] random 0000 0000 0000 89bae1ab 704c432f: urand_change_num 63 extract_buf: pool_sig fffffd99, data_sig 00000204, bytes_mixed 20 89bae1ab 704c432f
[    6.222656] random 0000 0000 0000 6c298a02 2b1539f8: urand_change_num 64 extract_buf: pool_sig 00000124, data_sig fffffff5, bytes_mixed 20 6c298a02 2b1539f8
[    6.223559] random 0000 0000 0000 c77b8b35 70f6cab5: rand_read_num 17 get_random_bytes(16): sig 0000036b c77b8b35 70f6cab5
[    6.223561] random 0000 0000 0000 c77b8b35 70f6cab5: extract_entropy(.. 16 ..)
[    6.223564] random 0000 0000 0000 c77b8b35 70f6cab5: going to reseed nonblocking with 128 bits (128 of 0 requested)
[    6.223566] random 0000 0000 0000 c77b8b35 70f6cab5: extract_entropy(.. 16 ..)
[    6.223568] random 0000 0000 0000 c77b8b35 70f6cab5: trying to extract 128 bits from input
[    6.223570] random 0000 0000 0000 c77b8b35 70f6cab5: debiting 0 entropy credits from input
[    6.223572] random 0000 0000 0000 c77b8b35 70f6cab5: extract_entropy account returned: 0 
[    6.223576] random 0000 0000 0000 c77b8b35 70f6cab5: urand_change_num 65 xfer_secondary_pool(16): pool_sig 0000036b, data_sig 00000000, bytes_mixed 0 c77b8b35 70f6cab5
[    6.223579] random 0000 0000 0000 c77b8b35 70f6cab5: trying to extract 128 bits from nonblocking
[    6.223581] random 0000 0000 0000 c77b8b35 70f6cab5: debiting 128 entropy credits from nonblocking (unlimited)
[    6.223583] random 0000 0000 0000 c77b8b35 70f6cab5: extract_entropy account returned: 16 
[    6.223587] random 0000 0000 0000 c77b8b35 70f6cab5: urand_change_num 66 extract_buf: pool_sig 0000036b, data_sig 0000005f, bytes_mixed 20 c77b8b35 70f6cab5
[    6.223593] random 0000 0000 0000 c77b8b35 70f6cab5: urand_change_num 67 extract_buf: pool_sig ffffff1c, data_sig 0000005a, bytes_mixed 20 c77b8b35 70f6cab5
[    6.224177] random 0000 0000 0000 af21d212 57d20ca3: rand_read_num 18 get_random_bytes(16): sig fffffb7f af21d212 57d20ca3
[    6.224180] random 0000 0000 0000 af21d212 57d20ca3: extract_entropy(.. 16 ..)
[    6.224183] random 0000 0000 0000 af21d212 57d20ca3: going to reseed nonblocking with 128 bits (128 of 0 requested)
[    6.224185] random 0000 0000 0000 af21d212 57d20ca3: extract_entropy(.. 16 ..)
[    6.224187] random 0000 0000 0000 af21d212 57d20ca3: trying to extract 128 bits from input
[    6.224189] random 0000 0000 0000 af21d212 57d20ca3: debiting 0 entropy credits from input
[    6.224191] random 0000 0000 0000 af21d212 57d20ca3: extract_entropy account returned: 0 
[    6.224194] random 0000 0000 0000 af21d212 57d20ca3: urand_change_num 68 xfer_secondary_pool(16): pool_sig fffffb7f, data_sig 00000000, bytes_mixed 0 af21d212 57d20ca3
[    6.224197] random 0000 0000 0000 af21d212 57d20ca3: trying to extract 128 bits from nonblocking
[    6.224200] random 0000 0000 0000 af21d212 57d20ca3: debiting 128 entropy credits from nonblocking (unlimited)
[    6.224202] random 0000 0000 0000 af21d212 57d20ca3: extract_entropy account returned: 16 
[    6.224206] random 0000 0000 0000 af21d212 57d20ca3: urand_change_num 69 extract_buf: pool_sig fffffb7f, data_sig ffffff88, bytes_mixed 20 af21d212 57d20ca3
[    6.224211] random 0000 0000 0000 af21d212 57d20ca3: urand_change_num 70 extract_buf: pool_sig fffffe1d, data_sig ffffff17, bytes_mixed 20 af21d212 57d20ca3
[    6.224801] random 0000 0000 0000 ffbd26fd 21933274: rand_read_num 19 get_random_bytes(16): sig ffffffc7 ffbd26fd 21933274
[    6.224804] random 0000 0000 0000 ffbd26fd 21933274: extract_entropy(.. 16 ..)
[    6.224806] random 0000 0000 0000 ffbd26fd 21933274: going to reseed nonblocking with 128 bits (128 of 0 requested)
[    6.224809] random 0000 0000 0000 ffbd26fd 21933274: extract_entropy(.. 16 ..)
[    6.224811] random 0000 0000 0000 ffbd26fd 21933274: trying to extract 128 bits from input
[    6.224813] random 0000 0000 0000 ffbd26fd 21933274: debiting 0 entropy credits from input
[    6.224815] random 0000 0000 0000 ffbd26fd 21933274: extract_entropy account returned: 0 
[    6.224818] random 0000 0000 0000 ffbd26fd 21933274: urand_change_num 71 xfer_secondary_pool(16): pool_sig ffffffc7, data_sig 00000000, bytes_mixed 0 ffbd26fd 21933274
[    6.224821] random 0000 0000 0000 ffbd26fd 21933274: trying to extract 128 bits from nonblocking
[    6.224823] random 0000 0000 0000 ffbd26fd 21933274: debiting 128 entropy credits from nonblocking (unlimited)
[    6.224825] random 0000 0000 0000 ffbd26fd 21933274: extract_entropy account returned: 16 
[    6.224829] random 0000 0000 0000 ffbd26fd 21933274: urand_change_num 72 extract_buf: pool_sig ffffffc7, data_sig 0000013b, bytes_mixed 20 ffbd26fd 21933274
[    6.224835] random 0000 0000 0000 151530a2 56c65dd3: urand_change_num 73 extract_buf: pool_sig ffffffbf, data_sig 00000036, bytes_mixed 20 151530a2 56c65dd3
[    6.225388] random 0000 0000 0000 151530a2 56c65dd3: rand_read_num 20 get_random_bytes(16): sig 000001a7 151530a2 56c65dd3
[    6.225390] random 0000 0000 0000 151530a2 56c65dd3: extract_entropy(.. 16 ..)
[    6.225393] random 0000 0000 0000 151530a2 56c65dd3: going to reseed nonblocking with 128 bits (128 of 0 requested)
[    6.225395] random 0000 0000 0000 151530a2 56c65dd3: extract_entropy(.. 16 ..)
[    6.225397] random 0000 0000 0000 151530a2 56c65dd3: trying to extract 128 bits from input
[    6.225400] random 0000 0000 0000 151530a2 56c65dd3: debiting 0 entropy credits from input
[    6.225402] random 0000 0000 0000 151530a2 56c65dd3: extract_entropy account returned: 0 
[    6.225405] random 0000 0000 0000 151530a2 56c65dd3: urand_change_num 74 xfer_secondary_pool(16): pool_sig 000001a7, data_sig 00000000, bytes_mixed 0 151530a2 56c65dd3
[    6.225408] random 0000 0000 0000 151530a2 56c65dd3: trying to extract 128 bits from nonblocking
[    6.225410] random 0000 0000 0000 151530a2 56c65dd3: debiting 128 entropy credits from nonblocking (unlimited)
[    6.225412] random 0000 0000 0000 151530a2 56c65dd3: extract_entropy account returned: 16 
[    6.225416] random 0000 0000 0000 151530a2 56c65dd3: urand_change_num 75 extract_buf: pool_sig 000001a7, data_sig ffffffa1, bytes_mixed 20 151530a2 56c65dd3
[    6.225422] random 0000 0000 0000 5d3e132e d9a77eb3: urand_change_num 76 extract_buf: pool_sig fffffcc9, data_sig 00000013, bytes_mixed 20 5d3e132e d9a77eb3
[    6.268134] random 0000 0000 0000 264837ad 0a28fef5: rand_read_num 21 get_random_bytes(16): sig ffffffd0 264837ad 0a28fef5
[    6.268137] random 0000 0000 0000 264837ad 0a28fef5: extract_entropy(.. 16 ..)
[    6.268140] random 0000 0000 0000 264837ad 0a28fef5: going to reseed nonblocking with 128 bits (128 of 0 requested)
[    6.268143] random 0000 0000 0000 264837ad 0a28fef5: extract_entropy(.. 16 ..)
[    6.268145] random 0000 0000 0000 264837ad 0a28fef5: trying to extract 128 bits from input
[    6.268147] random 0000 0000 0000 264837ad 0a28fef5: debiting 0 entropy credits from input
[    6.268149] random 0000 0000 0000 264837ad 0a28fef5: extract_entropy account returned: 0 
[    6.268152] random 0000 0000 0000 264837ad 0a28fef5: urand_change_num 77 xfer_secondary_pool(16): pool_sig ffffffd0, data_sig 00000000, bytes_mixed 0 264837ad 0a28fef5
[    6.268155] random 0000 0000 0000 264837ad 0a28fef5: trying to extract 128 bits from nonblocking
[    6.268157] random 0000 0000 0000 264837ad 0a28fef5: debiting 128 entropy credits from nonblocking (unlimited)
[    6.268160] random 0000 0000 0000 264837ad 0a28fef5: extract_entropy account returned: 16 
[    6.268164] random 0000 0000 0000 264837ad 0a28fef5: urand_change_num 78 extract_buf: pool_sig ffffffd0, data_sig 0000017b, bytes_mixed 20 264837ad 0a28fef5
[    6.268169] random 0000 0000 0000 264837ad 0a28fef5: urand_change_num 79 extract_buf: pool_sig 0000045c, data_sig 000001df, bytes_mixed 20 264837ad 0a28fef5
[    6.269623] random 0000 0000 0000 f37f7344 164aede0: rand_read_num 22 get_random_bytes(16): sig 000003c2 f37f7344 164aede0
[    6.269626] random 0000 0000 0000 f37f7344 164aede0: extract_entropy(.. 16 ..)
[    6.269629] random 0000 0000 0000 f37f7344 164aede0: going to reseed nonblocking with 128 bits (128 of 0 requested)
[    6.269631] random 0000 0000 0000 f37f7344 164aede0: extract_entropy(.. 16 ..)
[    6.269633] random 0000 0000 0000 f37f7344 164aede0: trying to extract 128 bits from input
[    6.269635] random 0000 0000 0000 f37f7344 164aede0: debiting 0 entropy credits from input
[    6.269637] random 0000 0000 0000 f37f7344 164aede0: extract_entropy account returned: 0 
[    6.269640] random 0000 0000 0000 f37f7344 164aede0: urand_change_num 80 xfer_secondary_pool(16): pool_sig 000003c2, data_sig 00000000, bytes_mixed 0 f37f7344 164aede0
[    6.269643] random 0000 0000 0000 f37f7344 164aede0: trying to extract 128 bits from nonblocking
[    6.269646] random 0000 0000 0000 f37f7344 164aede0: debiting 128 entropy credits from nonblocking (unlimited)
[    6.269648] random 0000 0000 0000 f37f7344 164aede0: extract_entropy account returned: 16 
[    6.269652] random 0000 0000 0000 f37f7344 164aede0: urand_change_num 81 extract_buf: pool_sig 000003c2, data_sig ffffff6c, bytes_mixed 20 f37f7344 164aede0
[    6.269657] random 0000 0000 0000 f37f7344 164aede0: urand_change_num 82 extract_buf: pool_sig fffffdfc, data_sig 00000091, bytes_mixed 20 f37f7344 164aede0
[    6.292438] random 0000 0000 0000 a4794863 878070c1: rand_read_num 23 get_random_bytes(16): sig 0000011b a4794863 878070c1
[    6.292441] random 0000 0000 0000 a4794863 878070c1: extract_entropy(.. 16 ..)
[    6.292443] random 0000 0000 0000 a4794863 878070c1: going to reseed nonblocking with 128 bits (128 of 0 requested)
[    6.292446] random 0000 0000 0000 a4794863 878070c1: extract_entropy(.. 16 ..)
[    6.292448] random 0000 0000 0000 a4794863 878070c1: trying to extract 128 bits from input
[    6.292450] random 0000 0000 0000 a4794863 878070c1: debiting 0 entropy credits from input
[    6.292452] random 0000 0000 0000 a4794863 878070c1: extract_entropy account returned: 0 
[    6.292455] random 0000 0000 0000 a4794863 878070c1: urand_change_num 83 xfer_secondary_pool(16): pool_sig 0000011b, data_sig 00000000, bytes_mixed 0 a4794863 878070c1
[    6.292458] random 0000 0000 0000 a4794863 878070c1: trying to extract 128 bits from nonblocking
[    6.292460] random 0000 0000 0000 a4794863 878070c1: debiting 128 entropy credits from nonblocking (unlimited)
[    6.292462] random 0000 0000 0000 a4794863 878070c1: extract_entropy account returned: 16 
[    6.292467] random 0000 0000 0000 a4794863 878070c1: urand_change_num 84 extract_buf: pool_sig 0000011b, data_sig ffffff51, bytes_mixed 20 a4794863 878070c1
[    6.292472] random 0000 0000 0000 737f19b4 9417d8ab: urand_change_num 85 extract_buf: pool_sig 000001a3, data_sig 0000006c, bytes_mixed 20 737f19b4 9417d8ab
[    6.313169] random 0000 0000 0000 737f19b4 9417d8ab: rand_read_num 24 get_random_bytes(16): sig fffffe22 737f19b4 9417d8ab
[    6.313172] random 0000 0000 0000 737f19b4 9417d8ab: extract_entropy(.. 16 ..)
[    6.313175] random 0000 0000 0000 737f19b4 9417d8ab: going to reseed nonblocking with 128 bits (128 of 0 requested)
[    6.313177] random 0000 0000 0000 737f19b4 9417d8ab: extract_entropy(.. 16 ..)
[    6.313179] random 0000 0000 0000 737f19b4 9417d8ab: trying to extract 128 bits from input
[    6.313181] random 0000 0000 0000 737f19b4 9417d8ab: debiting 0 entropy credits from input
[    6.313183] random 0000 0000 0000 737f19b4 9417d8ab: extract_entropy account returned: 0 
[    6.313186] random 0000 0000 0000 737f19b4 9417d8ab: urand_change_num 86 xfer_secondary_pool(16): pool_sig fffffe22, data_sig 00000000, bytes_mixed 0 737f19b4 9417d8ab
[    6.313189] random 0000 0000 0000 737f19b4 9417d8ab: trying to extract 128 bits from nonblocking
[    6.313192] random 0000 0000 0000 737f19b4 9417d8ab: debiting 128 entropy credits from nonblocking (unlimited)
[    6.313194] random 0000 0000 0000 737f19b4 9417d8ab: extract_entropy account returned: 16 
[    6.313198] random 0000 0000 0000 737f19b4 9417d8ab: urand_change_num 87 extract_buf: pool_sig fffffe22, data_sig 00000230, bytes_mixed 20 737f19b4 9417d8ab
[    6.313203] random 0000 0000 0000 4deb0d06 1236af4c: urand_change_num 88 extract_buf: pool_sig 000000b6, data_sig ffffff44, bytes_mixed 20 4deb0d06 1236af4c
[    6.314199] random 0000 0000 0000 b538fadc 4a7613df: rand_read_num 25 get_random_bytes(16): sig 0000013c b538fadc 4a7613df
[    6.314201] random 0000 0000 0000 b538fadc 4a7613df: extract_entropy(.. 16 ..)
[    6.314204] random 0000 0000 0000 b538fadc 4a7613df: going to reseed nonblocking with 128 bits (128 of 0 requested)
[    6.314207] random 0000 0000 0000 b538fadc 4a7613df: extract_entropy(.. 16 ..)
[    6.314209] random 0000 0000 0000 b538fadc 4a7613df: trying to extract 128 bits from input
[    6.314211] random 0000 0000 0000 b538fadc 4a7613df: debiting 0 entropy credits from input
[    6.314213] random 0000 0000 0000 b538fadc 4a7613df: extract_entropy account returned: 0 
[    6.314216] random 0000 0000 0000 b538fadc 4a7613df: urand_change_num 89 xfer_secondary_pool(16): pool_sig 0000013c, data_sig 00000000, bytes_mixed 0 b538fadc 4a7613df
[    6.314219] random 0000 0000 0000 b538fadc 4a7613df: trying to extract 128 bits from nonblocking
[    6.314221] random 0000 0000 0000 b538fadc 4a7613df: debiting 128 entropy credits from nonblocking (unlimited)
[    6.314223] random 0000 0000 0000 b538fadc 4a7613df: extract_entropy account returned: 16 
[    6.314227] random 0000 0000 0000 b538fadc 4a7613df: urand_change_num 90 extract_buf: pool_sig 0000013c, data_sig 00000015, bytes_mixed 20 b538fadc 4a7613df
[    6.314233] random 0000 0000 0000 b538fadc 4a7613df: urand_change_num 91 extract_buf: pool_sig 00000452, data_sig 0000002b, bytes_mixed 20 b538fadc 4a7613df
[    6.314691] random 0000 0000 0000 73b17df4 93bb370e: rand_read_num 26 get_random_bytes(16): sig fffffbf1 73b17df4 93bb370e
[    6.314693] random 0000 0000 0000 73b17df4 93bb370e: extract_entropy(.. 16 ..)
[    6.314696] random 0000 0000 0000 73b17df4 93bb370e: going to reseed nonblocking with 128 bits (128 of 0 requested)
[    6.314698] random 0000 0000 0000 73b17df4 93bb370e: extract_entropy(.. 16 ..)
[    6.314700] random 0000 0000 0000 73b17df4 93bb370e: trying to extract 128 bits from input
[    6.314702] random 0000 0000 0000 73b17df4 93bb370e: debiting 0 entropy credits from input
[    6.314704] random 0000 0000 0000 73b17df4 93bb370e: extract_entropy account returned: 0 
[    6.314707] random 0000 0000 0000 73b17df4 93bb370e: urand_change_num 92 xfer_secondary_pool(16): pool_sig fffffbf1, data_sig 00000000, bytes_mixed 0 73b17df4 93bb370e
[    6.314710] random 0000 0000 0000 73b17df4 93bb370e: trying to extract 128 bits from nonblocking
[    6.314713] random 0000 0000 0000 73b17df4 93bb370e: debiting 128 entropy credits from nonblocking (unlimited)
[    6.314715] random 0000 0000 0000 73b17df4 93bb370e: extract_entropy account returned: 16 
[    6.314719] random 0000 0000 0000 73b17df4 93bb370e: urand_change_num 93 extract_buf: pool_sig fffffbf1, data_sig ffffff99, bytes_mixed 20 73b17df4 93bb370e
[    6.314724] random 0000 0000 0000 73b17df4 93bb370e: urand_change_num 94 extract_buf: pool_sig fffffe1d, data_sig 000000b0, bytes_mixed 20 73b17df4 93bb370e
[    6.315129] random 0000 0000 0000 0cd682bb ba04da9f: rand_read_num 27 get_random_bytes(16): sig fffffccb 0cd682bb ba04da9f
[    6.315132] random 0000 0000 0000 0cd682bb ba04da9f: extract_entropy(.. 16 ..)
[    6.315134] random 0000 0000 0000 0cd682bb ba04da9f: going to reseed nonblocking with 128 bits (128 of 0 requested)
[    6.315136] random 0000 0000 0000 0cd682bb ba04da9f: extract_entropy(.. 16 ..)
[    6.315138] random 0000 0000 0000 0cd682bb ba04da9f: trying to extract 128 bits from input
[    6.315141] random 0000 0000 0000 0cd682bb ba04da9f: debiting 0 entropy credits from input
[    6.315143] random 0000 0000 0000 0cd682bb ba04da9f: extract_entropy account returned: 0 
[    6.315146] random 0000 0000 0000 0cd682bb ba04da9f: urand_change_num 95 xfer_secondary_pool(16): pool_sig fffffccb, data_sig 00000000, bytes_mixed 0 0cd682bb ba04da9f
[    6.315149] random 0000 0000 0000 0cd682bb ba04da9f: trying to extract 128 bits from nonblocking
[    6.315151] random 0000 0000 0000 0cd682bb ba04da9f: debiting 128 entropy credits from nonblocking (unlimited)
[    6.315153] random 0000 0000 0000 0cd682bb ba04da9f: extract_entropy account returned: 16 
[    6.315158] random 0000 0000 0000 0cd682bb ba04da9f: urand_change_num 96 extract_buf: pool_sig fffffccb, data_sig fffffec5, bytes_mixed 20 0cd682bb ba04da9f
[    6.315163] random 0000 0000 0000 26929f1a 15254dc1: urand_change_num 97 extract_buf: pool_sig fffffed2, data_sig ffffffb1, bytes_mixed 20 26929f1a 15254dc1
[    6.316038] random 0000 0000 0000 26929f1a 15254dc1: rand_read_num 28 get_random_bytes(16): sig 00000038 26929f1a 15254dc1
[    6.316041] random 0000 0000 0000 26929f1a 15254dc1: extract_entropy(.. 16 ..)
[    6.316044] random 0000 0000 0000 26929f1a 15254dc1: going to reseed nonblocking with 128 bits (128 of 0 requested)
[    6.316046] random 0000 0000 0000 26929f1a 15254dc1: extract_entropy(.. 16 ..)
[    6.316048] random 0000 0000 0000 26929f1a 15254dc1: trying to extract 128 bits from input
[    6.316050] random 0000 0000 0000 26929f1a 15254dc1: debiting 0 entropy credits from input
[    6.316052] random 0000 0000 0000 26929f1a 15254dc1: extract_entropy account returned: 0 
[    6.316055] random 0000 0000 0000 26929f1a 15254dc1: urand_change_num 98 xfer_secondary_pool(16): pool_sig 00000038, data_sig 00000000, bytes_mixed 0 26929f1a 15254dc1
[    6.316058] random 0000 0000 0000 26929f1a 15254dc1: trying to extract 128 bits from nonblocking
[    6.316061] random 0000 0000 0000 26929f1a 15254dc1: debiting 128 entropy credits from nonblocking (unlimited)
[    6.316063] random 0000 0000 0000 26929f1a 15254dc1: extract_entropy account returned: 16 
[    6.316067] random 0000 0000 0000 26929f1a 15254dc1: urand_change_num 99 extract_buf: pool_sig 00000038, data_sig 000000fd, bytes_mixed 20 26929f1a 15254dc1
[    6.316072] random 0000 0000 0000 8116fe3b 478c2d5b: urand_change_num 100 extract_buf: pool_sig 00000059, data_sig 00000310, bytes_mixed 20 8116fe3b 478c2d5b
[    6.322708] random 0000 0000 0000 a20f4a3a 32a6b2fa: rand_read_num 29 get_random_bytes(16): sig 000002c0 a20f4a3a 32a6b2fa
[    6.322711] random 0000 0000 0000 a20f4a3a 32a6b2fa: extract_entropy(.. 16 ..)
[    6.322714] random 0000 0000 0000 a20f4a3a 32a6b2fa: going to reseed nonblocking with 128 bits (128 of 0 requested)
[    6.322716] random 0000 0000 0000 a20f4a3a 32a6b2fa: extract_entropy(.. 16 ..)
[    6.322718] random 0000 0000 0000 a20f4a3a 32a6b2fa: trying to extract 128 bits from input
[    6.322720] random 0000 0000 0000 a20f4a3a 32a6b2fa: debiting 0 entropy credits from input
[    6.322722] random 0000 0000 0000 a20f4a3a 32a6b2fa: extract_entropy account returned: 0 
[    6.322725] random 0000 0000 0000 a20f4a3a 32a6b2fa: urand_change_num 101 xfer_secondary_pool(16): pool_sig 000002c0, data_sig 00000000, bytes_mixed 0 a20f4a3a 32a6b2fa
[    6.322728] random 0000 0000 0000 a20f4a3a 32a6b2fa: trying to extract 128 bits from nonblocking
[    6.322731] random 0000 0000 0000 a20f4a3a 32a6b2fa: debiting 128 entropy credits from nonblocking (unlimited)
[    6.322733] random 0000 0000 0000 a20f4a3a 32a6b2fa: extract_entropy account returned: 16 
[    6.322737] random 0000 0000 0000 a20f4a3a 32a6b2fa: urand_change_num 102 extract_buf: pool_sig 000002c0, data_sig 000000fb, bytes_mixed 20 a20f4a3a 32a6b2fa
[    6.322742] random 0000 0000 0000 a20f4a3a 32a6b2fa: urand_change_num 103 extract_buf: pool_sig ffffffdd, data_sig 000000a5, bytes_mixed 20 a20f4a3a 32a6b2fa
[    6.335229] random 0000 0000 0000 de716d2a 6c4757e1: rand_read_num 30 get_random_bytes(16): sig 000000fa de716d2a 6c4757e1
[    6.335232] random 0000 0000 0000 de716d2a 6c4757e1: extract_entropy(.. 16 ..)
[    6.335235] random 0000 0000 0000 de716d2a 6c4757e1: going to reseed nonblocking with 128 bits (128 of 0 requested)
[    6.335237] random 0000 0000 0000 de716d2a 6c4757e1: extract_entropy(.. 16 ..)
[    6.335239] random 0000 0000 0000 de716d2a 6c4757e1: trying to extract 128 bits from input
[    6.335241] random 0000 0000 0000 de716d2a 6c4757e1: debiting 0 entropy credits from input
[    6.335243] random 0000 0000 0000 de716d2a 6c4757e1: extract_entropy account returned: 0 
[    6.335246] random 0000 0000 0000 de716d2a 6c4757e1: urand_change_num 104 xfer_secondary_pool(16): pool_sig 000000fa, data_sig 00000000, bytes_mixed 0 de716d2a 6c4757e1
[    6.335249] random 0000 0000 0000 de716d2a 6c4757e1: trying to extract 128 bits from nonblocking
[    6.335252] random 0000 0000 0000 de716d2a 6c4757e1: debiting 128 entropy credits from nonblocking (unlimited)
[    6.335254] random 0000 0000 0000 de716d2a 6c4757e1: extract_entropy account returned: 16 
[    6.335258] random 0000 0000 0000 de716d2a 6c4757e1: urand_change_num 105 extract_buf: pool_sig 000000fa, data_sig ffffff34, bytes_mixed 20 de716d2a 6c4757e1
[    6.335263] random 0000 0000 0000 de716d2a 6c4757e1: urand_change_num 106 extract_buf: pool_sig 000003d3, data_sig ffffff30, bytes_mixed 20 de716d2a 6c4757e1
[    6.335861] random 0000 0000 0000 a7c511e1 f90ea457: rand_read_num 31 get_random_bytes(16): sig 0000009a a7c511e1 f90ea457
[    6.335864] random 0000 0000 0000 a7c511e1 f90ea457: extract_entropy(.. 16 ..)
[    6.335866] random 0000 0000 0000 a7c511e1 f90ea457: going to reseed nonblocking with 128 bits (128 of 0 requested)
[    6.335869] random 0000 0000 0000 a7c511e1 f90ea457: extract_entropy(.. 16 ..)
[    6.335871] random 0000 0000 0000 a7c511e1 f90ea457: trying to extract 128 bits from input
[    6.335873] random 0000 0000 0000 a7c511e1 f90ea457: debiting 0 entropy credits from input
[    6.335875] random 0000 0000 0000 a7c511e1 f90ea457: extract_entropy account returned: 0 
[    6.335878] random 0000 0000 0000 a7c511e1 f90ea457: urand_change_num 107 xfer_secondary_pool(16): pool_sig 0000009a, data_sig 00000000, bytes_mixed 0 a7c511e1 f90ea457
[    6.335881] random 0000 0000 0000 a7c511e1 f90ea457: trying to extract 128 bits from nonblocking
[    6.335883] random 0000 0000 0000 a7c511e1 f90ea457: debiting 128 entropy credits from nonblocking (unlimited)
[    6.335885] random 0000 0000 0000 a7c511e1 f90ea457: extract_entropy account returned: 16 
[    6.335889] random 0000 0000 0000 a7c511e1 f90ea457: urand_change_num 108 extract_buf: pool_sig 0000009a, data_sig 000000e0, bytes_mixed 20 a7c511e1 f90ea457
[    6.335895] random 0000 0000 0000 7c18c7e6 d65ccb06: urand_change_num 109 extract_buf: pool_sig fffffa79, data_sig 000000e0, bytes_mixed 20 7c18c7e6 d65ccb06
[    6.336470] random 0000 0000 0000 7c18c7e6 d65ccb06: rand_read_num 32 get_random_bytes(16): sig fffffe1e 7c18c7e6 d65ccb06
[    6.336472] random 0000 0000 0000 7c18c7e6 d65ccb06: extract_entropy(.. 16 ..)
[    6.336475] random 0000 0000 0000 7c18c7e6 d65ccb06: going to reseed nonblocking with 128 bits (128 of 0 requested)
[    6.336477] random 0000 0000 0000 7c18c7e6 d65ccb06: extract_entropy(.. 16 ..)
[    6.336479] random 0000 0000 0000 7c18c7e6 d65ccb06: trying to extract 128 bits from input
[    6.336481] random 0000 0000 0000 7c18c7e6 d65ccb06: debiting 0 entropy credits from input
[    6.336483] random 0000 0000 0000 7c18c7e6 d65ccb06: extract_entropy account returned: 0 
[    6.336487] random 0000 0000 0000 7c18c7e6 d65ccb06: urand_change_num 110 xfer_secondary_pool(16): pool_sig fffffe1e, data_sig 00000000, bytes_mixed 0 7c18c7e6 d65ccb06
[    6.336489] random 0000 0000 0000 7c18c7e6 d65ccb06: trying to extract 128 bits from nonblocking
[    6.336492] random 0000 0000 0000 7c18c7e6 d65ccb06: debiting 128 entropy credits from nonblocking (unlimited)
[    6.336494] random 0000 0000 0000 7c18c7e6 d65ccb06: extract_entropy account returned: 16 
