[    0.000000] random 0000 0000 0000 00000000 00000000: rand_read_num 1 get_random_bytes(8): sig 00000000 00000000 00000000
[    0.000000] random 0000 0000 0000 00000000 00000000: extract_entropy(.. 8 ..)
[    0.000000] random 0000 0000 0000 00000000 00000000: going to reseed nonblocking with 64 bits (64 of 0 requested)
[    0.000000] random 0000 0000 0000 00000000 00000000: extract_entropy(.. 8 ..)
[    0.000000] random 0000 0000 0000 00000000 00000000: trying to extract 64 bits from input
[    0.000000] random 0000 0000 0000 00000000 00000000: debiting 0 entropy credits from input
[    0.000000] random 0000 0000 0000 00000000 00000000: extract_entropy account returned: 0 
[    0.000000] random 0000 0000 0000 00000000 00000000: urand_change_num 1 xfer_secondary_pool(8): pool_sig 00000000, data_sig 00000000, bytes_mixed 0 00000000 00000000
[    0.000000] random 0000 0000 0000 00000000 00000000: trying to extract 64 bits from nonblocking
[    0.000000] random 0000 0000 0000 00000000 00000000: debiting 64 entropy credits from nonblocking (unlimited)
[    0.000000] random 0000 0000 0000 00000000 00000000: extract_entropy account returned: 8 
[    0.000000] random 0000 0000 0000 00000000 00000000: urand_change_num 2 extract_buf: pool_sig 00000000, data_sig fffffff9, bytes_mixed 20 00000000 00000000
[    0.000000] Linux version 2.6.32.57 (dcashman@dcashman-02) (gcc version 4.3.3 (GCC) ) #3 Fri May 24 04:27:34 PDT 2013
[    0.000000] KERNEL supported cpus:
[    0.000000]   Intel GenuineIntel
[    0.000000]   AMD AuthenticAMD
[    0.000000]   NSC Geode by NSC
[    0.000000]   Cyrix CyrixInstead
[    0.000000]   Centaur CentaurHauls
[    0.000000]   Transmeta GenuineTMx86
[    0.000000]   Transmeta TransmetaCPU
[    0.000000]   UMC UMC UMC UMC
[    0.000000] BIOS-provided physical RAM map:
[    0.000000]  BIOS-e820: 0000000000000000 - 000000000009d800 (usable)
[    0.000000]  BIOS-e820: 000000000009d800 - 00000000000a0000 (reserved)
[    0.000000]  BIOS-e820: 00000000000d2000 - 00000000000d4000 (reserved)
[    0.000000]  BIOS-e820: 00000000000e0000 - 0000000000100000 (reserved)
[    0.000000]  BIOS-e820: 0000000000100000 - 000000003d6b0000 (usable)
[    0.000000]  BIOS-e820: 000000003d6b0000 - 000000003d6cc000 (ACPI data)
[    0.000000]  BIOS-e820: 000000003d6cc000 - 000000003d700000 (ACPI NVS)
[    0.000000]  BIOS-e820: 000000003d700000 - 000000003e000000 (reserved)
[    0.000000]  BIOS-e820: 00000000f0000000 - 00000000f4000000 (reserved)
[    0.000000]  BIOS-e820: 00000000fec00000 - 00000000fec10000 (reserved)
[    0.000000]  BIOS-e820: 00000000fed00000 - 00000000fed00400 (reserved)
[    0.000000]  BIOS-e820: 00000000fed14000 - 00000000fed1a000 (reserved)
[    0.000000]  BIOS-e820: 00000000fed1c000 - 00000000fed90000 (reserved)
[    0.000000]  BIOS-e820: 00000000fee00000 - 00000000fee01000 (reserved)
[    0.000000]  BIOS-e820: 00000000ff000000 - 0000000100000000 (reserved)
[    0.000000] DMI present.
[    0.000000] last_pfn = 0x3d6b0 max_arch_pfn = 0x100000
[    0.000000] MTRR default type: uncachable
[    0.000000] MTRR fixed ranges enabled:
[    0.000000]   00000-9FFFF write-back
[    0.000000]   A0000-BFFFF uncachable
[    0.000000]   C0000-CFFFF write-protect
[    0.000000]   D0000-DFFFF uncachable
[    0.000000]   E0000-FFFFF write-protect
[    0.000000] MTRR variable ranges enabled:
[    0.000000]   0 base 03E000000 mask FFE000000 uncachable
[    0.000000]   1 base 000000000 mask FC0000000 write-back
[    0.000000]   2 base 03D700000 mask FFFF00000 uncachable
[    0.000000]   3 base 03D800000 mask FFF800000 uncachable
[    0.000000]   4 disabled
[    0.000000]   5 disabled
[    0.000000]   6 disabled
[    0.000000]   7 disabled
[    0.000000] initial memory mapped : 0 - 02000000
[    0.000000] init_memory_mapping: 0000000000000000-00000000377fe000
[    0.000000]  0000000000 - 0000400000 page 4k
[    0.000000]  0000400000 - 0037400000 page 2M
[    0.000000]  0037400000 - 00377fe000 page 4k
[    0.000000] kernel direct mapping tables up to 377fe000 @ 7000-c000
[    0.000000] ACPI: RSDP 000f68d0 00024 (v02 LENOVO)
[    0.000000] ACPI: XSDT 3d6bb77f 00094 (v01 LENOVO TP-7L    00002170  LTP 00000000)
[    0.000000] ACPI: FACP 3d6bb900 000F4 (v03 LENOVO TP-7L    00002170 LNVO 00000001)
[    0.000000] ACPI Warning: 32/64X length mismatch in Gpe1Block: 0/32 (20090903/tbfadt-526)
[    0.000000] ACPI Warning: Optional field Gpe1Block has zero address or length: 000000000000102C/0 (20090903/tbfadt-557)
[    0.000000] ACPI: DSDT 3d6bbd1d 0FED1 (v01 LENOVO TP-7L    00002170 MSFT 03000000)
[    0.000000] ACPI: FACS 3d6e4000 00040
[    0.000000] ACPI: SSDT 3d6bbab4 00269 (v01 LENOVO TP-7L    00002170 MSFT 03000000)
[    0.000000] ACPI: ECDT 3d6cbbee 00052 (v01 LENOVO TP-7L    00002170 LNVO 00000001)
[    0.000000] ACPI: TCPA 3d6cbc40 00032 (v02 LENOVO TP-7L    00002170 LNVO 00000001)
[    0.000000] ACPI: APIC 3d6cbc72 00068 (v01 LENOVO TP-7L    00002170 LNVO 00000001)
[    0.000000] ACPI: MCFG 3d6cbcda 0003C (v01 LENOVO TP-7L    00002170 LNVO 00000001)
[    0.000000] ACPI: HPET 3d6cbd16 00038 (v01 LENOVO TP-7L    00002170 LNVO 00000001)
[    0.000000] ACPI: SLIC 3d6cbdf0 00176 (v01 LENOVO TP-7L    00002170  LTP 00000000)
[    0.000000] ACPI: BOOT 3d6cbf66 00028 (v01 LENOVO TP-7L    00002170  LTP 00000001)
[    0.000000] ACPI: ASF! 3d6cbf8e 00072 (v16 LENOVO TP-7L    00002170 PTL  00000001)
[    0.000000] ACPI: SSDT 3d6e26d9 0025F (v01 LENOVO TP-7L    00002170 INTL 20050513)
[    0.000000] ACPI: SSDT 3d6e2938 000A6 (v01 LENOVO TP-7L    00002170 INTL 20050513)
[    0.000000] ACPI: SSDT 3d6e29de 004F7 (v01 LENOVO TP-7L    00002170 INTL 20050513)
[    0.000000] ACPI: SSDT 3d6e2ed5 001D8 (v01 LENOVO TP-7L    00002170 INTL 20050513)
[    0.000000] ACPI: DMI detected: Lenovo ThinkPad R61
[    0.000000] ACPI: Added _OSI(Linux)
[    0.000000] ACPI: Local APIC address 0xfee00000
[    0.000000] 94MB HIGHMEM available.
[    0.000000] 887MB LOWMEM available.
[    0.000000]   mapped low ram: 0 - 377fe000
[    0.000000]   low ram: 0 - 377fe000
[    0.000000]   node 0 low ram: 00000000 - 377fe000
[    0.000000]   node 0 bootmap 00008000 - 0000ef00
[    0.000000] (6 early reservations) ==> bootmem [0000000000 - 00377fe000]
[    0.000000]   #0 [0000000000 - 0000001000]   BIOS data page ==> [0000000000 - 0000001000]
[    0.000000]   #1 [0001000000 - 0001bdc180]    TEXT DATA BSS ==> [0001000000 - 0001bdc180]
[    0.000000]   #2 [000009d800 - 0000100000]    BIOS reserved ==> [000009d800 - 0000100000]
[    0.000000]   #3 [0001bdd000 - 0001be516c]              BRK ==> [0001bdd000 - 0001be516c]
[    0.000000]   #4 [0000007000 - 0000008000]          PGTABLE ==> [0000007000 - 0000008000]
[    0.000000]   #5 [0000008000 - 000000f000]          BOOTMAP ==> [0000008000 - 000000f000]
[    0.000000] found SMP MP-table at [c00f6900] f6900
[    0.000000] Zone PFN ranges:
[    0.000000]   DMA      0x00000000 -> 0x00001000
[    0.000000]   Normal   0x00001000 -> 0x000377fe
[    0.000000]   HighMem  0x000377fe -> 0x0003d6b0
[    0.000000] Movable zone start PFN for each node
[    0.000000] early_node_map[2] active PFN ranges
[    0.000000]     0: 0x00000000 -> 0x0000009d
[    0.000000]     0: 0x00000100 -> 0x0003d6b0
[    0.000000] On node 0 totalpages: 251469
[    0.000000] free_area_init_node: node 0, pgdat c1901ea0, node_mem_map c1be7000
[    0.000000]   DMA zone: 32 pages used for memmap
[    0.000000]   DMA zone: 0 pages reserved
[    0.000000]   DMA zone: 3965 pages, LIFO batch:0
[    0.000000]   Normal zone: 1744 pages used for memmap
[    0.000000]   Normal zone: 221486 pages, LIFO batch:31
[    0.000000]   HighMem zone: 190 pages used for memmap
[    0.000000]   HighMem zone: 24052 pages, LIFO batch:3
[    0.000000] Using APIC driver default
[    0.000000] ACPI: PM-Timer IO Port: 0x1008
[    0.000000] ACPI: Local APIC address 0xfee00000
[    0.000000] ACPI: LAPIC (acpi_id[0x00] lapic_id[0x00] enabled)
[    0.000000] ACPI: LAPIC (acpi_id[0x01] lapic_id[0x01] enabled)
[    0.000000] ACPI: NR_CPUS/possible_cpus limit of 1 reached.  Processor 1/0x1 ignored.
[    0.000000] ACPI: LAPIC_NMI (acpi_id[0x00] high edge lint[0x1])
[    0.000000] ACPI: LAPIC_NMI (acpi_id[0x01] high edge lint[0x1])
[    0.000000] ACPI: IOAPIC (id[0x01] address[0xfec00000] gsi_base[0])
[    0.000000] IOAPIC[0]: apic_id 1, version 32, address 0xfec00000, GSI 0-23
[    0.000000] ACPI: INT_SRC_OVR (bus 0 bus_irq 0 global_irq 2 dfl dfl)
[    0.000000] ACPI: INT_SRC_OVR (bus 0 bus_irq 9 global_irq 9 high level)
[    0.000000] ACPI: IRQ0 used by override.
[    0.000000] ACPI: IRQ2 used by override.
[    0.000000] ACPI: IRQ9 used by override.
[    0.000000] Using ACPI (MADT) for SMP configuration information
[    0.000000] ACPI: HPET id: 0x8086a201 base: 0xfed00000
[    0.000000] nr_irqs_gsi: 24
[    0.000000] PM: Registered nosave memory: 000000000009d000 - 000000000009e000
[    0.000000] PM: Registered nosave memory: 000000000009e000 - 00000000000a0000
[    0.000000] PM: Registered nosave memory: 00000000000a0000 - 00000000000d2000
[    0.000000] PM: Registered nosave memory: 00000000000d2000 - 00000000000d4000
[    0.000000] PM: Registered nosave memory: 00000000000d4000 - 00000000000e0000
[    0.000000] PM: Registered nosave memory: 00000000000e0000 - 0000000000100000
[    0.000000] Allocating PCI resources starting at 3e000000 (gap: 3e000000:b2000000)
[    0.000000] Built 1 zonelists in Zone order, mobility grouping on.  Total pages: 249503
[    0.000000] Kernel command line: auto BOOT_IMAGE=Linux ro root=802 vt.default_utf8=0 maxcpus=0
[    0.000000] PID hash table entries: 4096 (order: 2, 16384 bytes)
[    0.000000] Dentry cache hash table entries: 131072 (order: 7, 524288 bytes)
[    0.000000] Inode-cache hash table entries: 65536 (order: 6, 262144 bytes)
[    0.000000] Enabling fast FPU save and restore... done.
[    0.000000] Enabling unmasked SIMD FPU exception support... done.
[    0.000000] Initializing CPU#0
[    0.000000] Initializing HighMem for node 0 (000377fe:0003d6b0)
[    0.000000] Memory: 984800k/1006272k available (6914k kernel code, 20876k reserved, 2328k data, 448k init, 96968k highmem)
[    0.000000] virtual kernel memory layout:
[    0.000000]     fixmap  : 0xfffa3000 - 0xfffff000   ( 368 kB)
[    0.000000]     pkmap   : 0xff800000 - 0xffc00000   (4096 kB)
[    0.000000]     vmalloc : 0xf7ffe000 - 0xff7fe000   ( 120 MB)
[    0.000000]     lowmem  : 0xc0000000 - 0xf77fe000   ( 887 MB)
[    0.000000]       .init : 0xc1907000 - 0xc1977000   ( 448 kB)
[    0.000000]       .data : 0xc16c0b5f - 0xc1906c64   (2328 kB)
[    0.000000]       .text : 0xc1000000 - 0xc16c0b5f   (6914 kB)
[    0.000000] Checking if this processor honours the WP bit even in supervisor mode...Ok.
[    0.000000] SLUB: Genslabs=13, HWalign=64, Order=0-3, MinObjects=0, CPUs=1, Nodes=1
[    0.000000] Hierarchical RCU implementation.
[    0.000000] NR_IRQS:288
[    0.000000] Extended CMOS year: 2000
[    0.000000] Console: colour VGA+ 80x25
[    0.000000] console [tty0] enabled
[    0.000000] hpet clockevent registered
[    0.000000] Fast TSC calibration using PIT
[    0.000000] Detected 2094.939 MHz processor.
[    0.002001] Calibrating delay loop (skipped), value calculated using timer frequency.. 4189.87 BogoMIPS (lpj=2094939)
[    0.002173] Security Framework initialized
[    0.002258] Mount-cache hash table entries: 512
[    0.002409] CPU: L1 I cache: 32K, L1 D cache: 32K
[    0.002539] CPU: L2 cache: 3072K
[    0.002621] mce: CPU supports 6 MCE banks
[    0.002710] CPU0: Thermal monitoring enabled (TM2)
[    0.002794] using mwait in idle threads.
[    0.002878] CPU: Intel(R) Core(TM)2 Duo CPU     T8100  @ 2.10GHz stepping 06
[    0.003134] Checking 'hlt' instruction... OK.
[    0.007940] ACPI: Core revision 20090903
[    0.027013] CANARY value: ecb60a3c for PID: 1
[    0.027043] Enabling APIC mode:  Flat.  Using 1 I/O APICs
[    0.027501] ..TIMER: vector=0x30 apic1=0 pin1=2 apic2=-1 pin2=-1
[    0.038997] xor: automatically using best checksumming function: pIII_sse
[    0.042998]    pIII_sse  :  8568.000 MB/sec
[    0.043088] xor: using function: pIII_sse (8568.000 MB/sec)
[    0.043178] RANDOM - __seed init called.
[    0.043179] RANDOM - __seed init called.
[    0.043180] RANDOM - __seed init called.
[    0.043181] RANDOM - __random32 called. Change num 1.  Value: 870e7b8	f6ea009	16c0ad5a
[    0.043183] RANDOM - __random32 called. Change num 2.  Value: e7b8290	f6ea0099	5ab418b8
[    0.043185] RANDOM - __random32 called. Change num 3.  Value: b8290fc5	6ea00996	3171e29b
[    0.043186] RANDOM - __random32 called. Change num 4.  Value: 90fc533a	ea00996a	c5375fde
[    0.043188] RANDOM - __random32 called. Change num 5.  Value: c533a353	a00996a1	bfbd91b4
[    0.043190] RANDOM - __random32 called. Change num 6.  Value: 3a35362b	996a10	23684a23
[    0.043191] RANDOM - random32 init called.  Value: 3a35362b	996a10	23684a23
[    0.043209] NET: Registered protocol family 16
[    0.043475] ACPI FADT declares the system doesn't support PCIe ASPM, so disable it
[    0.043597] ACPI: bus type pci registered
[    0.043768] PCI: MCFG configuration 0: base f0000000 segment 0 buses 0 - 63
[    0.043861] PCI: MCFG area at f0000000 reserved in E820
[    0.043951] PCI: Using MMCONFIG for extended config space
[    0.044002] PCI: Using configuration type 1 for base access
[    0.047156] bio: create slab <bio-0> at 0
[    0.047966] ACPI: EC: EC description table is found, configuring boot EC
[    0.053129] ACPI: BIOS _OSI(Linux) query honored via DMI
[    0.053847] random 0000 0000 0000 00000000 00000000: rand_read_num 2 get_random_bytes(8): sig fffffe1a 00000000 00000000
[    0.053850] random 0000 0000 0000 00000000 00000000: extract_entropy(.. 8 ..)
[    0.053853] random 0000 0000 0000 00000000 00000000: going to reseed nonblocking with 64 bits (64 of 0 requested)
[    0.053855] random 0000 0000 0000 00000000 00000000: extract_entropy(.. 8 ..)
[    0.053857] random 0000 0000 0000 00000000 00000000: trying to extract 64 bits from input
[    0.053859] random 0000 0000 0000 00000000 00000000: debiting 0 entropy credits from input
[    0.053861] random 0000 0000 0000 00000000 00000000: extract_entropy account returned: 0 
[    0.053864] random 0000 0000 0000 00000000 00000000: urand_change_num 3 xfer_secondary_pool(8): pool_sig fffffe1a, data_sig 00000000, bytes_mixed 0 00000000 00000000
[    0.053867] random 0000 0000 0000 00000000 00000000: trying to extract 64 bits from nonblocking
[    0.053869] random 0000 0000 0000 00000000 00000000: debiting 64 entropy credits from nonblocking (unlimited)
[    0.053899] random 0000 0000 0000 00000000 00000000: extract_entropy account returned: 8 
[    0.053904] random 0000 0000 0000 00000000 00000000: urand_change_num 4 extract_buf: pool_sig fffffe1a, data_sig fffffed7, bytes_mixed 20 00000000 00000000
[    0.059679] ACPI: Interpreter enabled
[    0.059770] ACPI: (supports S0 S3 S4 S5)
[    0.060081] ACPI: Using IOAPIC for interrupt routing
[    0.069795] ACPI: EC: GPE = 0x12, I/O: command/status = 0x66, data = 0x62
[    0.070093] ACPI: Power Resource [PUBS] (on)
[    0.072189] ACPI: ACPI Dock Station Driver: 3 docks/bays found
[    0.072601] ACPI: PCI Root Bridge [PCI0] (0000:00)
[    0.072777] pci 0000:00:02.0: reg 10 64bit mmio: [0xf8100000-0xf81fffff]
[    0.072783] pci 0000:00:02.0: reg 18 64bit mmio pref: [0xe0000000-0xefffffff]
[    0.072787] pci 0000:00:02.0: reg 20 io port: [0x1800-0x1807]
[    0.072821] pci 0000:00:02.1: reg 10 64bit mmio: [0xf8200000-0xf82fffff]
[    0.072924] pci 0000:00:19.0: reg 10 32bit mmio: [0xfe000000-0xfe01ffff]
[    0.072931] pci 0000:00:19.0: reg 14 32bit mmio: [0xfe025000-0xfe025fff]
[    0.072940] pci 0000:00:19.0: reg 18 io port: [0x1840-0x185f]
[    0.073024] pci 0000:00:19.0: PME# supported from D0 D3hot D3cold
[    0.073121] pci 0000:00:19.0: PME# disabled
[    0.073273] pci 0000:00:1a.0: reg 20 io port: [0x1860-0x187f]
[    0.073346] pci 0000:00:1a.1: reg 20 io port: [0x1880-0x189f]
[    0.073423] pci 0000:00:1a.7: reg 10 32bit mmio: [0xfe226c00-0xfe226fff]
[    0.073506] pci 0000:00:1a.7: PME# supported from D0 D3hot D3cold
[    0.073603] pci 0000:00:1a.7: PME# disabled
[    0.073750] pci 0000:00:1b.0: reg 10 64bit mmio: [0xfe020000-0xfe023fff]
[    0.073830] pci 0000:00:1b.0: PME# supported from D0 D3hot D3cold
[    0.073925] pci 0000:00:1b.0: PME# disabled
[    0.074113] pci 0000:00:1c.0: PME# supported from D0 D3hot D3cold
[    0.074209] pci 0000:00:1c.0: PME# disabled
[    0.074411] pci 0000:00:1c.1: PME# supported from D0 D3hot D3cold
[    0.074503] pci 0000:00:1c.1: PME# disabled
[    0.074706] pci 0000:00:1c.2: PME# supported from D0 D3hot D3cold
[    0.074798] pci 0000:00:1c.2: PME# disabled
[    0.075024] pci 0000:00:1c.3: PME# supported from D0 D3hot D3cold
[    0.075114] pci 0000:00:1c.3: PME# disabled
[    0.075967] pci 0000:00:1c.4: PME# supported from D0 D3hot D3cold
[    0.075998] pci 0000:00:1c.4: PME# disabled
[    0.076151] pci 0000:00:1d.0: reg 20 io port: [0x18a0-0x18bf]
[    0.076232] pci 0000:00:1d.1: reg 20 io port: [0x18c0-0x18df]
[    0.076303] pci 0000:00:1d.2: reg 20 io port: [0x18e0-0x18ff]
[    0.076388] pci 0000:00:1d.7: reg 10 32bit mmio: [0xfe227000-0xfe2273ff]
[    0.076483] pci 0000:00:1d.7: PME# supported from D0 D3hot D3cold
[    0.076580] pci 0000:00:1d.7: PME# disabled
[    0.076865] pci 0000:00:1f.0: quirk: region 1000-107f claimed by ICH6 ACPI/GPIO/TCO
[    0.077000] pci 0000:00:1f.0: quirk: region 1180-11bf claimed by ICH6 GPIO
[    0.077099] pci 0000:00:1f.0: ICH7 LPC Generic IO decode 1 PIO at 1600 (mask 007f)
[    0.077227] pci 0000:00:1f.0: ICH7 LPC Generic IO decode 2 PIO at 15e0 (mask 000f)
[    0.077354] pci 0000:00:1f.0: ICH7 LPC Generic IO decode 3 PIO at 1680 (mask 001f)
[    0.077563] pci 0000:00:1f.1: reg 10 io port: [0x00-0x07]
[    0.077572] pci 0000:00:1f.1: reg 14 io port: [0x00-0x03]
[    0.077587] pci 0000:00:1f.1: reg 18 io port: [0x00-0x07]
[    0.077595] pci 0000:00:1f.1: reg 1c io port: [0x00-0x03]
[    0.077604] pci 0000:00:1f.1: reg 20 io port: [0x1c00-0x1c0f]
[    0.077686] pci 0000:00:1f.2: reg 10 io port: [0x1c50-0x1c57]
[    0.077695] pci 0000:00:1f.2: reg 14 io port: [0x1c44-0x1c47]
[    0.077704] pci 0000:00:1f.2: reg 18 io port: [0x1c48-0x1c4f]
[    0.077713] pci 0000:00:1f.2: reg 1c io port: [0x1c40-0x1c43]
[    0.077722] pci 0000:00:1f.2: reg 20 io port: [0x1c20-0x1c3f]
[    0.077730] pci 0000:00:1f.2: reg 24 32bit mmio: [0xfe226000-0xfe2267ff]
[    0.077790] pci 0000:00:1f.2: PME# supported from D3hot
[    0.077886] pci 0000:00:1f.2: PME# disabled
[    0.078026] pci 0000:00:1f.3: reg 10 32bit mmio: [0xfe227400-0xfe2274ff]
[    0.078051] pci 0000:00:1f.3: reg 20 io port: [0x1c60-0x1c7f]
[    0.078150] pci 0000:00:1c.0: bridge io port: [0x2000-0x2fff]
[    0.078156] pci 0000:00:1c.0: bridge 32bit mmio: [0xfc000000-0xfdffffff]
[    0.078165] pci 0000:00:1c.0: bridge 64bit mmio pref: [0xf8000000-0xf80fffff]
[    0.078236] pci 0000:03:00.0: reg 10 64bit mmio: [0xdf3f0000-0xdf3fffff]
[    0.078430] pci 0000:00:1c.1: bridge io port: [0x3000-0x3fff]
[    0.078436] pci 0000:00:1c.1: bridge 32bit mmio: [0xdc000000-0xdf3fffff]
[    0.078443] pci 0000:00:1c.1: bridge 64bit mmio pref: [0xdfe00000-0xdfefffff]
[    0.078501] pci 0000:00:1c.2: bridge io port: [0x4000-0x4fff]
[    0.078505] pci 0000:00:1c.2: bridge 32bit mmio: [0xd8000000-0xd9ffffff]
[    0.078512] pci 0000:00:1c.2: bridge 64bit mmio pref: [0xdfb00000-0xdfbfffff]
[    0.078567] pci 0000:00:1c.3: bridge io port: [0x5000-0x5fff]
[    0.078572] pci 0000:00:1c.3: bridge 32bit mmio: [0xd4000000-0xd5ffffff]
[    0.078579] pci 0000:00:1c.3: bridge 64bit mmio pref: [0xdf800000-0xdf8fffff]
[    0.078636] pci 0000:00:1c.4: bridge io port: [0x6000-0x6fff]
[    0.078640] pci 0000:00:1c.4: bridge 32bit mmio: [0xd0000000-0xd1ffffff]
[    0.078650] pci 0000:00:1c.4: bridge 64bit mmio pref: [0xdf500000-0xdf5fffff]
[    0.078712] pci 0000:15:00.0: reg 10 32bit mmio: [0xf8300000-0xf8300fff]
[    0.078769] pci 0000:15:00.0: supports D1 D2
[    0.078770] pci 0000:15:00.0: PME# supported from D0 D1 D2 D3hot D3cold
[    0.078870] pci 0000:15:00.0: PME# disabled
[    0.079055] pci 0000:15:00.1: reg 10 32bit mmio: [0xf8301000-0xf83017ff]
[    0.079150] pci 0000:15:00.1: supports D1 D2
[    0.079152] pci 0000:15:00.1: PME# supported from D0 D1 D2 D3hot D3cold
[    0.079249] pci 0000:15:00.1: PME# disabled
[    0.079427] pci 0000:00:1e.0: transparent bridge
[    0.079520] pci 0000:00:1e.0: bridge io port: [0x7000-0xafff]
[    0.079524] pci 0000:00:1e.0: bridge 32bit mmio: [0xf8300000-0xfbffffff]
[    0.079533] pci 0000:00:1e.0: bridge 64bit mmio pref: [0xf4000000-0xf7ffffff]
[    0.079600] pci_bus 0000:00: on NUMA node 0
[    0.079604] ACPI: PCI Interrupt Routing Table [\_SB_.PCI0._PRT]
[    0.079738] ACPI: PCI Interrupt Routing Table [\_SB_.PCI0.EXP0._PRT]
[    0.079797] ACPI: PCI Interrupt Routing Table [\_SB_.PCI0.EXP1._PRT]
[    0.079854] ACPI: PCI Interrupt Routing Table [\_SB_.PCI0.EXP2._PRT]
[    0.079912] ACPI: PCI Interrupt Routing Table [\_SB_.PCI0.EXP3._PRT]
[    0.079974] ACPI: PCI Interrupt Routing Table [\_SB_.PCI0.EXP4._PRT]
[    0.080059] ACPI: PCI Interrupt Routing Table [\_SB_.PCI0.PCI1._PRT]
[    0.085508] ACPI: PCI Interrupt Link [LNKA] (IRQs 3 4 5 6 7 9 *10 11)
[    0.086304] ACPI: PCI Interrupt Link [LNKB] (IRQs 3 4 5 6 7 9 10 *11)
[    0.087113] ACPI: PCI Interrupt Link [LNKC] (IRQs 3 4 5 6 7 9 10 *11)
[    0.087899] ACPI: PCI Interrupt Link [LNKD] (IRQs 3 4 5 6 7 9 10 *11)
[    0.088676] ACPI: PCI Interrupt Link [LNKE] (IRQs 3 4 5 6 7 9 10 *11)
[    0.089459] ACPI: PCI Interrupt Link [LNKF] (IRQs 3 4 5 6 7 9 10 *11)
[    0.090296] ACPI: PCI Interrupt Link [LNKG] (IRQs 3 4 5 6 7 9 10 *11)
[    0.091145] ACPI: PCI Interrupt Link [LNKH] (IRQs 3 4 5 6 7 9 10 *11)
[    0.091907] vgaarb: device added: PCI:0000:00:02.0,decodes=io+mem,owns=io+mem,locks=none
[    0.092001] vgaarb: loaded
[    0.092184] SCSI subsystem initialized
[    0.092284] libata version 3.00 loaded.
[    0.092331] usbcore: registered new interface driver usbfs
[    0.092454] usbcore: registered new interface driver hub
[    0.092573] usbcore: registered new device driver usb
[    0.109038] raid6: int32x1    941 MB/s
[    0.126055] raid6: int32x2    890 MB/s
[    0.143068] raid6: int32x4    750 MB/s
[    0.159998] raid6: int32x8    656 MB/s
[    0.176989] raid6: mmxx1     2878 MB/s
[    0.193983] raid6: mmxx2     3269 MB/s
[    0.210992] raid6: sse1x1    1937 MB/s
[    0.227999] raid6: sse1x2    2535 MB/s
[    0.244986] raid6: sse2x1    3503 MB/s
[    0.261978] raid6: sse2x2    3835 MB/s
[    0.262063] raid6: using algorithm sse2x2 (3835 MB/s)
[    0.262154] PCI: Using ACPI for IRQ routing
[    0.262454] HPET: 3 timers in total, 0 timers will be used for per-cpu timer
[    0.262990] Switching to clocksource tsc
[    0.263091] pnp: PnP ACPI init
[    0.263182] ACPI: bus type pnp registered
[    0.266821] pnp: PnP ACPI: found 11 devices
[    0.266922] ACPI: ACPI bus type pnp unregistered
[    0.267018] system 00:00: iomem range 0x0-0x9ffff could not be reserved
[    0.267108] system 00:00: iomem range 0xc0000-0xc3fff could not be reserved
[    0.267198] system 00:00: iomem range 0xc4000-0xc7fff could not be reserved
[    0.267294] system 00:00: iomem range 0xc8000-0xcbfff has been reserved
[    0.267385] system 00:00: iomem range 0xcc000-0xcffff has been reserved
[    0.267478] system 00:00: iomem range 0xd0000-0xd3fff could not be reserved
[    0.267576] system 00:00: iomem range 0xe0000-0xe3fff could not be reserved
[    0.267665] system 00:00: iomem range 0xe4000-0xe7fff could not be reserved
[    0.267753] system 00:00: iomem range 0xe8000-0xebfff could not be reserved
[    0.267845] system 00:00: iomem range 0xec000-0xeffff could not be reserved
[    0.267943] system 00:00: iomem range 0xf0000-0xfffff could not be reserved
[    0.268038] system 00:00: iomem range 0x100000-0x3dffffff could not be reserved
[    0.268155] system 00:00: iomem range 0xfec00000-0xfed3ffff could not be reserved
[    0.268278] system 00:00: iomem range 0xfed4c000-0xffffffff could not be reserved
[    0.268402] system 00:02: ioport range 0x164e-0x164f has been reserved
[    0.268497] system 00:02: ioport range 0x1000-0x107f has been reserved
[    0.268584] system 00:02: ioport range 0x1180-0x11bf has been reserved
[    0.268677] system 00:02: ioport range 0x800-0x80f has been reserved
[    0.268769] system 00:02: ioport range 0x15e0-0x15ef has been reserved
[    0.268863] system 00:02: ioport range 0x1600-0x165f could not be reserved
[    0.268956] system 00:02: iomem range 0xf0000000-0xf3ffffff has been reserved
[    0.269049] system 00:02: iomem range 0xfed1c000-0xfed1ffff has been reserved
[    0.269139] system 00:02: iomem range 0xfed14000-0xfed17fff has been reserved
[    0.269236] system 00:02: iomem range 0xfed18000-0xfed18fff has been reserved
[    0.269329] system 00:02: iomem range 0xfed19000-0xfed19fff has been reserved
[    0.269420] system 00:02: iomem range 0xfed45000-0xfed4bfff has been reserved
[    0.304451] pci 0000:00:1c.0: PCI bridge, secondary bus 0000:02
[    0.304543] pci 0000:00:1c.0:   IO window: 0x2000-0x2fff
[    0.304638] pci 0000:00:1c.0:   MEM window: 0xfc000000-0xfdffffff
[    0.304731] pci 0000:00:1c.0:   PREFETCH window: 0x000000f8000000-0x000000f80fffff
[    0.304862] pci 0000:00:1c.1: PCI bridge, secondary bus 0000:03
[    0.304955] pci 0000:00:1c.1:   IO window: 0x3000-0x3fff
[    0.305048] pci 0000:00:1c.1:   MEM window: 0xdc000000-0xdf3fffff
[    0.305144] pci 0000:00:1c.1:   PREFETCH window: 0x000000dfe00000-0x000000dfefffff
[    0.305271] pci 0000:00:1c.2: PCI bridge, secondary bus 0000:04
[    0.305363] pci 0000:00:1c.2:   IO window: 0x4000-0x4fff
[    0.305453] pci 0000:00:1c.2:   MEM window: 0xd8000000-0xd9ffffff
[    0.305546] pci 0000:00:1c.2:   PREFETCH window: 0x000000dfb00000-0x000000dfbfffff
[    0.305674] pci 0000:00:1c.3: PCI bridge, secondary bus 0000:05
[    0.305767] pci 0000:00:1c.3:   IO window: 0x5000-0x5fff
[    0.305863] pci 0000:00:1c.3:   MEM window: 0xd4000000-0xd5ffffff
[    0.305958] pci 0000:00:1c.3:   PREFETCH window: 0x000000df800000-0x000000df8fffff
[    0.306083] pci 0000:00:1c.4: PCI bridge, secondary bus 0000:0d
[    0.306174] pci 0000:00:1c.4:   IO window: 0x6000-0x6fff
[    0.306271] pci 0000:00:1c.4:   MEM window: 0xd0000000-0xd1ffffff
[    0.306370] pci 0000:00:1c.4:   PREFETCH window: 0x000000df500000-0x000000df5fffff
[    0.306506] pci 0000:15:00.0: CardBus bridge, secondary bus 0000:16
[    0.306602] pci 0000:15:00.0:   IO window: 0x007000-0x0070ff
[    0.306695] pci 0000:15:00.0:   IO window: 0x007400-0x0074ff
[    0.306797] pci 0000:15:00.0:   PREFETCH window: 0xf4000000-0xf7ffffff
[    0.306899] pci 0000:15:00.0:   MEM window: 0x40000000-0x43ffffff
[    0.306997] pci 0000:00:1e.0: PCI bridge, secondary bus 0000:15
[    0.307090] pci 0000:00:1e.0:   IO window: 0x7000-0xafff
[    0.307187] pci 0000:00:1e.0:   MEM window: 0xf8300000-0xfbffffff
[    0.307283] pci 0000:00:1e.0:   PREFETCH window: 0x000000f4000000-0x000000f7ffffff
[    0.307422] pci 0000:00:1c.0: PCI INT A -> GSI 20 (level, low) -> IRQ 20
[    0.307522] pci 0000:00:1c.0: setting latency timer to 64
[    0.307537] pci 0000:00:1c.1: PCI INT B -> GSI 21 (level, low) -> IRQ 21
[    0.307633] pci 0000:00:1c.1: setting latency timer to 64
[    0.307643] pci 0000:00:1c.2: PCI INT C -> GSI 22 (level, low) -> IRQ 22
[    0.307740] pci 0000:00:1c.2: setting latency timer to 64
[    0.307754] pci 0000:00:1c.3: PCI INT D -> GSI 23 (level, low) -> IRQ 23
[    0.307856] pci 0000:00:1c.3: setting latency timer to 64
[    0.307869] pci 0000:00:1c.4: PCI INT A -> GSI 20 (level, low) -> IRQ 20
[    0.307964] pci 0000:00:1c.4: setting latency timer to 64
[    0.307968] pci 0000:00:1e.0: enabling device (0005 -> 0007)
[    0.308063] pci 0000:00:1e.0: setting latency timer to 64
[    0.308078] pci 0000:15:00.0: PCI INT A -> GSI 16 (level, low) -> IRQ 16
[    0.308177] pci 0000:15:00.0: setting latency timer to 64
[    0.308183] pci_bus 0000:00: resource 0 io:  [0x00-0xffff]
[    0.308185] pci_bus 0000:00: resource 1 mem: [0x000000-0xffffffff]
[    0.308187] pci_bus 0000:02: resource 0 io:  [0x2000-0x2fff]
[    0.308189] pci_bus 0000:02: resource 1 mem: [0xfc000000-0xfdffffff]
[    0.308191] pci_bus 0000:02: resource 2 pref mem [0xf8000000-0xf80fffff]
[    0.308193] pci_bus 0000:03: resource 0 io:  [0x3000-0x3fff]
[    0.308194] pci_bus 0000:03: resource 1 mem: [0xdc000000-0xdf3fffff]
[    0.308196] pci_bus 0000:03: resource 2 pref mem [0xdfe00000-0xdfefffff]
[    0.308198] pci_bus 0000:04: resource 0 io:  [0x4000-0x4fff]
[    0.308200] pci_bus 0000:04: resource 1 mem: [0xd8000000-0xd9ffffff]
[    0.308202] pci_bus 0000:04: resource 2 pref mem [0xdfb00000-0xdfbfffff]
[    0.308203] pci_bus 0000:05: resource 0 io:  [0x5000-0x5fff]
[    0.308205] pci_bus 0000:05: resource 1 mem: [0xd4000000-0xd5ffffff]
[    0.308207] pci_bus 0000:05: resource 2 pref mem [0xdf800000-0xdf8fffff]
[    0.308209] pci_bus 0000:0d: resource 0 io:  [0x6000-0x6fff]
[    0.308210] pci_bus 0000:0d: resource 1 mem: [0xd0000000-0xd1ffffff]
[    0.308212] pci_bus 0000:0d: resource 2 pref mem [0xdf500000-0xdf5fffff]
[    0.308214] pci_bus 0000:15: resource 0 io:  [0x7000-0xafff]
[    0.308216] pci_bus 0000:15: resource 1 mem: [0xf8300000-0xfbffffff]
[    0.308218] pci_bus 0000:15: resource 2 pref mem [0xf4000000-0xf7ffffff]
[    0.308219] pci_bus 0000:15: resource 3 io:  [0x00-0xffff]
[    0.308221] pci_bus 0000:15: resource 4 mem: [0x000000-0xffffffff]
[    0.308223] pci_bus 0000:16: resource 0 io:  [0x7000-0x70ff]
[    0.308224] pci_bus 0000:16: resource 1 io:  [0x7400-0x74ff]
[    0.308226] pci_bus 0000:16: resource 2 pref mem [0xf4000000-0xf7ffffff]
[    0.308228] pci_bus 0000:16: resource 3 mem: [0x40000000-0x43ffffff]
[    0.308236] NET: Registered protocol family 2
[    0.308327] RANDOM - __random32 called. Change num 7.  Value: 5362b39e	996a101	94470543
[    0.308329] RANDOM - random32 called.  Value: 5362b39e	996a101	94470543
[    0.308333] random 0000 0000 0000 5f8db4e5 4cfdf2a8: rand_read_num 3 get_random_bytes(4): sig fffffb64 5f8db4e5 4cfdf2a8
[    0.308335] random 0000 0000 0000 5f8db4e5 4cfdf2a8: extract_entropy(.. 4 ..)
[    0.308337] random 0000 0000 0000 5f8db4e5 4cfdf2a8: going to reseed nonblocking with 64 bits (32 of 0 requested)
[    0.308340] random 0000 0000 0000 5f8db4e5 4cfdf2a8: extract_entropy(.. 8 ..)
[    0.308342] random 0000 0000 0000 5f8db4e5 4cfdf2a8: trying to extract 64 bits from input
[    0.308344] random 0000 0000 0000 5f8db4e5 4cfdf2a8: debiting 0 entropy credits from input
[    0.308346] random 0000 0000 0000 5f8db4e5 4cfdf2a8: extract_entropy account returned: 0 
[    0.308349] random 0000 0000 0000 5f8db4e5 4cfdf2a8: urand_change_num 5 xfer_secondary_pool(4): pool_sig fffffb64, data_sig 00000000, bytes_mixed 0 5f8db4e5 4cfdf2a8
[    0.308352] random 0000 0000 0000 5f8db4e5 4cfdf2a8: trying to extract 32 bits from nonblocking
[    0.308354] random 0000 0000 0000 5f8db4e5 4cfdf2a8: debiting 32 entropy credits from nonblocking (unlimited)
[    0.308356] random 0000 0000 0000 5f8db4e5 4cfdf2a8: extract_entropy account returned: 4 
[    0.308360] random 0000 0000 0000 5f8db4e5 4cfdf2a8: urand_change_num 6 extract_buf: pool_sig fffffb64, data_sig 00000241, bytes_mixed 20 5f8db4e5 4cfdf2a8
[    0.308369] IP route cache hash table entries: 32768 (order: 5, 131072 bytes)
[    0.308503] RANDOM - __random32 called. Change num 8.  Value: 2b39e0a2	996a1017	a86cfe5
[    0.308504] RANDOM - random32 called.  Value: 2b39e0a2	996a1017	a86cfe5
[    0.308515] RANDOM - __random32 called. Change num 9.  Value: 9e0a22e5	96a1017e	9fcbd616
[    0.308517] RANDOM - random32 called.  Value: 9e0a22e5	96a1017e	9fcbd616
[    0.308518] RANDOM - __random32 called. Change num 10.  Value: a22e5b4a	6a1017e6	ac2c32ac
[    0.308520] RANDOM - random32 called.  Value: a22e5b4a	6a1017e6	ac2c32ac
[    0.308530] RANDOM - __random32 called. Change num 11.  Value: e5b4ad28	a1017e61	6559a9b4
[    0.308532] RANDOM - random32 called.  Value: e5b4ad28	a1017e61	6559a9b4
[    0.308542] TCP established hash table entries: 131072 (order: 8, 1048576 bytes)
[    0.309033] TCP bind hash table entries: 65536 (order: 6, 262144 bytes)
[    0.309218] TCP: Hash tables configured (established 131072 bind 65536)
[    0.309310] TCP reno registered
[    0.309413] NET: Registered protocol family 1
[    0.309528] RPC: Registered udp transport module.
[    0.309616] RPC: Registered tcp transport module.
[    0.309705] RPC: Registered tcp NFSv4.1 backchannel transport module.
[    0.309801] pci 0000:00:02.0: Boot video device
[    0.310043] Simple Boot Flag at 0x35 set to 0x1
[    0.310558] highmem bounce pool size: 64 pages
[    0.312142] VFS: Disk quotas dquot_6.5.2
[    0.312263] Dquot-cache hash table entries: 1024 (order 0, 4096 bytes)
[    0.312938] NTFS driver 2.1.29 [Flags: R/W].
[    0.313099] ROMFS MTD (C) 2007 Red Hat, Inc.
[    0.313311] JFS: nTxBlock = 7695, nTxLock = 61562
[    0.315771] SGI XFS with ACLs, security attributes, large block/inode numbers, no debug enabled
[    0.316279] SGI XFS Quota Management subsystem
[    0.316565] Slow work thread pool: Starting up
[    0.316667] Slow work thread pool: Ready
[    0.316766] GFS2 (built May 24 2013 02:47:17) installed
[    0.316874] msgmni has been set to 1734
[    0.317039] alg: No test for cipher_null (cipher_null-generic)
[    0.317141] alg: No test for ecb(cipher_null) (ecb-cipher_null)
[    0.317241] alg: No test for digest_null (digest_null-generic)
[    0.317344] alg: No test for compress_null (compress_null-generic)
[    0.317909] alg: No test for fcrypt (fcrypt-generic)
[    0.319325] alg: No test for stdrng (krng)
[    0.319416] async_tx: api initialized (async)
[    0.319570] Block layer SCSI generic (bsg) driver version 0.4 loaded (major 254)
[    0.319694] io scheduler noop registered
[    0.319779] io scheduler anticipatory registered
[    0.319879] io scheduler deadline registered
[    0.320019] io scheduler cfq registered (default)
[    0.320269] pcieport 0000:00:1c.0: irq 24 for MSI/MSI-X
[    0.320286] pcieport 0000:00:1c.0: setting latency timer to 64
[    0.320466] pcieport 0000:00:1c.1: irq 25 for MSI/MSI-X
[    0.320477] pcieport 0000:00:1c.1: setting latency timer to 64
[    0.320659] pcieport 0000:00:1c.2: irq 26 for MSI/MSI-X
[    0.320670] pcieport 0000:00:1c.2: setting latency timer to 64
[    0.320845] pcieport 0000:00:1c.3: irq 27 for MSI/MSI-X
[    0.320877] pcieport 0000:00:1c.3: setting latency timer to 64
[    0.321054] pcieport 0000:00:1c.4: irq 28 for MSI/MSI-X
[    0.321066] pcieport 0000:00:1c.4: setting latency timer to 64
[    0.321213] pci_hotplug: PCI Hot Plug PCI Core version: 0.5
[    0.321406] isapnp: Scanning for PnP cards...
[    0.681939] isapnp: No Plug & Play device found
[    0.682028] random 0000 0000 0000 5f8db4e5 4cfdf2a8: initializing
[    0.701523] Serial: 8250/16550 driver, 4 ports, IRQ sharing enabled
[    3.712347] floppy0: no floppy controllers found
[    3.713293] brd: module loaded
[    3.713799] loop: module loaded
[    3.713886] Compaq SMART2 Driver (v 2.6.0)
[    3.714011] HP CISS Driver (v 3.6.20)
[    3.714255] input: Macintosh mouse button emulation as /devices/virtual/input/input0
[    3.714401] Uniform Multi-Platform E-IDE driver
[    3.714627] piix 0000:00:1f.1: IDE controller (0x8086:0x2850 rev 0x03)
[    3.714729] pci 0000:00:1f.1: PCI INT C -> GSI 16 (level, low) -> IRQ 16
[    3.714839] piix 0000:00:1f.1: IDE port disabled
[    3.714945] piix 0000:00:1f.1: not 100% native mode: will probe irqs later
[    3.715040]     ide0: BM-DMA at 0x1c00-0x1c07
[    3.715139] Probing IDE interface ide0...
[    4.386464] hda: HL-DT-ST DVDRAM GSA-U10N, ATAPI CD/DVD-ROM drive
[    4.693228] hda: host max PIO4 wanted PIO255(auto-tune) selected PIO4
[    4.694002] hda: UDMA/33 mode selected
[    4.694461] ide0 at 0x1f0-0x1f7,0x3f6 on irq 14
[    4.698373] ide-gd driver 1.18
[    4.698475] ide-cd driver 5.00
[    4.699861] ide-cd: hda: ATAPI 24X DVD-ROM DVD-R/RAM CD-R/RW drive, 2048kB Cache
[    4.700312] Uniform CD-ROM driver Revision: 3.20
[    4.707390] Loading iSCSI transport class v2.0-870.
[    4.707679] rdac: device handler registered
[    4.707767] hp_sw: device handler registered
[    4.707853] emc: device handler registered
[    4.707945] alua: device handler registered
[    4.708925] Adaptec aacraid driver 1.1-5[2461]-ms
[    4.709354] scsi: <fdomain> Detection failed (no card)
[    4.709452] sym53c416.c: Version 1.0.0-ac
[    4.709559] qlogicfas: no cards were found, please specify I/O address and IRQ using iobase= and irq= options
[    4.709680] QLogic Fibre Channel HBA Driver: 8.03.01-k6
[    4.709897] iscsi: registered transport (qla4xxx)
[    4.710009] QLogic iSCSI HBA Driver
[    4.710105] Emulex LightPulse Fibre Channel SCSI driver 8.3.4
[    4.710201] Copyright(c) 2004-2009 Emulex.  All rights reserved.
[    4.732209] Failed initialization of WD-7000 SCSI card!
[    4.821679] DC390: clustering now enabled by default. If you get problems load
[    4.821802]        with "disable_clustering=1" and report to maintainers
[    4.821931] megaraid cmm: 2.20.2.7 (Release Date: Sun Jul 16 00:01:03 EST 2006)
[    4.822082] megaraid: 2.20.5.1 (Release Date: Thu Nov 16 15:32:35 EST 2006)
[    4.822197] megasas: 00.00.04.01 Thu July 24 11:41:51 PST 2008
[    4.822326] GDT-HA: Storage RAID Controller Driver. Version: 3.05
[    4.822474] 3ware Storage Controller device driver for Linux v1.26.02.002.
[    4.822586] 3ware 9000 Storage Controller device driver for Linux v2.26.02.012.
[    4.822728] nsp32: loading...
[    4.822840] ipr: IBM Power RAID SCSI Device Driver version: 2.4.3 (June 10, 2009)
[    4.822985] RocketRAID 3xxx/4xxx Controller driver v1.6 (090910)
[    4.823093] stex: Promise SuperTrak EX Driver version: 4.6.0000.3
[    4.823239] st: Version 20081215, fixed bufsize 32768, s/g segs 256
[    4.823428] ahci 0000:00:1f.2: version 3.0
[    4.823446] ahci 0000:00:1f.2: PCI INT B -> GSI 16 (level, low) -> IRQ 16
[    4.823580] ahci 0000:00:1f.2: irq 29 for MSI/MSI-X
[    4.823635] ahci 0000:00:1f.2: AHCI 0001.0100 32 slots 3 ports 1.5 Gbps 0x5 impl SATA mode
[    4.823762] ahci 0000:00:1f.2: flags: 64bit ncq sntf pm led clo pio slum part ccc 
[    4.823892] ahci 0000:00:1f.2: setting latency timer to 64
[    4.824033] scsi2 : ahci
[    4.824204] scsi3 : ahci
[    4.824351] scsi4 : ahci
[    4.824520] ata1: SATA max UDMA/133 abar m2048@0xfe226000 port 0xfe226100 irq 29
[    4.824643] ata2: DUMMY
[    4.824731] ata3: SATA max UDMA/133 abar m2048@0xfe226000 port 0xfe226200 irq 29
[    4.825343] I2O subsystem v1.325
[    4.825433] i2o: max drivers = 8
[    4.825580] I2O Configuration OSM v1.323
[    4.825686] I2O Bus Adapter OSM v1.317
[    4.825788] I2O Block Device OSM v1.325
[    4.825944] I2O SCSI Peripheral OSM v1.316
[    4.826052] I2O ProcFS OSM v1.316
[    4.826161] Fusion MPT base driver 3.04.12
[    4.826273] Copyright (c) 1999-2008 LSI Corporation
[    4.826365] Fusion MPT SPI Host driver 3.04.12
[    4.826514] Fusion MPT FC Host driver 3.04.12
[    4.826626] Fusion MPT SAS Host driver 3.04.12
[    4.826781] ohci1394 0000:15:00.1: PCI INT B -> GSI 17 (level, low) -> IRQ 17
[    4.826874] ohci1394 0000:15:00.1: setting latency timer to 64
[    4.880208] ohci1394: fw-host0: OHCI-1394 1.1 (PCI): IRQ=[17]  MMIO=[f8301000-f83017ff]  Max Packet=[2048]  IR/IT contexts=[4/4]
[    4.884481] ehci_hcd: USB 2.0 'Enhanced' Host Controller (EHCI) Driver
[    4.884747] ehci_hcd 0000:00:1a.7: power state changed by ACPI to D0
[    4.884986] ehci_hcd 0000:00:1a.7: power state changed by ACPI to D0
[    4.885082] ehci_hcd 0000:00:1a.7: PCI INT C -> GSI 22 (level, low) -> IRQ 22
[    4.885192] ehci_hcd 0000:00:1a.7: setting latency timer to 64
[    4.885197] ehci_hcd 0000:00:1a.7: EHCI Host Controller
[    4.885333] ehci_hcd 0000:00:1a.7: new USB bus registered, assigned bus number 1
[    4.889369] ehci_hcd 0000:00:1a.7: cache line size of 32 is not supported
[    4.889378] ehci_hcd 0000:00:1a.7: irq 22, io mem 0xfe226c00
[    4.899168] ehci_hcd 0000:00:1a.7: USB 2.0 started, EHCI 1.00
[    4.899271] usb usb1: New USB device found, idVendor=1d6b, idProduct=0002
[    4.899369] usb usb1: New USB device strings: Mfr=3, Product=2, SerialNumber=1
[    4.899493] usb usb1: Product: EHCI Host Controller
[    4.899583] usb usb1: Manufacturer: Linux 2.6.32.57 ehci_hcd
[    4.899670] usb usb1: SerialNumber: 0000:00:1a.7
[    4.899812] usb usb1: configuration #1 chosen from 1 choice
[    4.899936] hub 1-0:1.0: USB hub found
[    4.900030] hub 1-0:1.0: 4 ports detected
[    4.900387] ehci_hcd 0000:00:1d.7: power state changed by ACPI to D0
[    4.900636] ehci_hcd 0000:00:1d.7: power state changed by ACPI to D0
[    4.900735] ehci_hcd 0000:00:1d.7: PCI INT D -> GSI 19 (level, low) -> IRQ 19
[    4.900835] ehci_hcd 0000:00:1d.7: setting latency timer to 64
[    4.900838] ehci_hcd 0000:00:1d.7: EHCI Host Controller
[    4.900966] ehci_hcd 0000:00:1d.7: new USB bus registered, assigned bus number 2
[    4.901124] ehci_hcd 0000:00:1d.7: debug port 1
[    4.905108] ehci_hcd 0000:00:1d.7: cache line size of 32 is not supported
[    4.905115] ehci_hcd 0000:00:1d.7: irq 19, io mem 0xfe227000
[    4.915166] ehci_hcd 0000:00:1d.7: USB 2.0 started, EHCI 1.00
[    4.915271] usb usb2: New USB device found, idVendor=1d6b, idProduct=0002
[    4.915360] usb usb2: New USB device strings: Mfr=3, Product=2, SerialNumber=1
[    4.915480] usb usb2: Product: EHCI Host Controller
[    4.915571] usb usb2: Manufacturer: Linux 2.6.32.57 ehci_hcd
[    4.915662] usb usb2: SerialNumber: 0000:00:1d.7
[    4.915797] usb usb2: configuration #1 chosen from 1 choice
[    4.915914] hub 2-0:1.0: USB hub found
[    4.916009] hub 2-0:1.0: 6 ports detected
[    4.916193] 116x: driver isp116x-hcd, 03 Nov 2005
[    4.916297] ohci_hcd: USB 1.1 'Open' Host Controller (OHCI) Driver
[    4.916411] uhci_hcd: USB Universal Host Controller Interface driver
[    4.916521] uhci_hcd 0000:00:1a.0: PCI INT A -> GSI 20 (level, low) -> IRQ 20
[    4.916617] uhci_hcd 0000:00:1a.0: setting latency timer to 64
[    4.916620] uhci_hcd 0000:00:1a.0: UHCI Host Controller
[    4.916754] uhci_hcd 0000:00:1a.0: new USB bus registered, assigned bus number 3
[    4.916909] uhci_hcd 0000:00:1a.0: irq 20, io base 0x00001860
[    4.917026] usb usb3: New USB device found, idVendor=1d6b, idProduct=0001
[    4.917118] usb usb3: New USB device strings: Mfr=3, Product=2, SerialNumber=1
[    4.917246] usb usb3: Product: UHCI Host Controller
[    4.917336] usb usb3: Manufacturer: Linux 2.6.32.57 uhci_hcd
[    4.917430] usb usb3: SerialNumber: 0000:00:1a.0
[    4.917571] usb usb3: configuration #1 chosen from 1 choice
[    4.917687] hub 3-0:1.0: USB hub found
[    4.917779] hub 3-0:1.0: 2 ports detected
[    4.918075] uhci_hcd 0000:00:1a.1: power state changed by ACPI to D0
[    4.918355] uhci_hcd 0000:00:1a.1: power state changed by ACPI to D0
[    4.918448] uhci_hcd 0000:00:1a.1: PCI INT B -> GSI 21 (level, low) -> IRQ 21
[    4.918545] uhci_hcd 0000:00:1a.1: setting latency timer to 64
[    4.918550] uhci_hcd 0000:00:1a.1: UHCI Host Controller
[    4.918679] uhci_hcd 0000:00:1a.1: new USB bus registered, assigned bus number 4
[    4.918830] uhci_hcd 0000:00:1a.1: irq 21, io base 0x00001880
[    4.918945] usb usb4: New USB device found, idVendor=1d6b, idProduct=0001
[    4.919038] usb usb4: New USB device strings: Mfr=3, Product=2, SerialNumber=1
[    4.919170] usb usb4: Product: UHCI Host Controller
[    4.919258] usb usb4: Manufacturer: Linux 2.6.32.57 uhci_hcd
[    4.919351] usb usb4: SerialNumber: 0000:00:1a.1
[    4.919488] usb usb4: configuration #1 chosen from 1 choice
[    4.919605] hub 4-0:1.0: USB hub found
[    4.919694] hub 4-0:1.0: 2 ports detected
[    4.919983] uhci_hcd 0000:00:1d.0: power state changed by ACPI to D0
[    4.920237] uhci_hcd 0000:00:1d.0: power state changed by ACPI to D0
[    4.920336] uhci_hcd 0000:00:1d.0: PCI INT A -> GSI 16 (level, low) -> IRQ 16
[    4.920436] uhci_hcd 0000:00:1d.0: setting latency timer to 64
[    4.920439] uhci_hcd 0000:00:1d.0: UHCI Host Controller
[    4.920569] uhci_hcd 0000:00:1d.0: new USB bus registered, assigned bus number 5
[    4.920721] uhci_hcd 0000:00:1d.0: irq 16, io base 0x000018a0
[    4.920835] usb usb5: New USB device found, idVendor=1d6b, idProduct=0001
[    4.920927] usb usb5: New USB device strings: Mfr=3, Product=2, SerialNumber=1
[    4.921054] usb usb5: Product: UHCI Host Controller
[    4.921140] usb usb5: Manufacturer: Linux 2.6.32.57 uhci_hcd
[    4.921243] usb usb5: SerialNumber: 0000:00:1d.0
[    4.921380] usb usb5: configuration #1 chosen from 1 choice
[    4.921497] hub 5-0:1.0: USB hub found
[    4.921587] hub 5-0:1.0: 2 ports detected
[    4.921736] uhci_hcd 0000:00:1d.1: PCI INT B -> GSI 17 (level, low) -> IRQ 17
[    4.921833] uhci_hcd 0000:00:1d.1: setting latency timer to 64
[    4.921838] uhci_hcd 0000:00:1d.1: UHCI Host Controller
[    4.921967] uhci_hcd 0000:00:1d.1: new USB bus registered, assigned bus number 6
[    4.922114] uhci_hcd 0000:00:1d.1: irq 17, io base 0x000018c0
[    4.922232] usb usb6: New USB device found, idVendor=1d6b, idProduct=0001
[    4.922325] usb usb6: New USB device strings: Mfr=3, Product=2, SerialNumber=1
[    4.922449] usb usb6: Product: UHCI Host Controller
[    4.922535] usb usb6: Manufacturer: Linux 2.6.32.57 uhci_hcd
[    4.922624] usb usb6: SerialNumber: 0000:00:1d.1
[    4.922763] usb usb6: configuration #1 chosen from 1 choice
[    4.922878] hub 6-0:1.0: USB hub found
[    4.922968] hub 6-0:1.0: 2 ports detected
[    4.923278] uhci_hcd 0000:00:1d.2: power state changed by ACPI to D0
[    4.923520] uhci_hcd 0000:00:1d.2: power state changed by ACPI to D0
[    4.923624] uhci_hcd 0000:00:1d.2: PCI INT C -> GSI 18 (level, low) -> IRQ 18
[    4.923724] uhci_hcd 0000:00:1d.2: setting latency timer to 64
[    4.923727] uhci_hcd 0000:00:1d.2: UHCI Host Controller
[    4.923858] uhci_hcd 0000:00:1d.2: new USB bus registered, assigned bus number 7
[    4.924010] uhci_hcd 0000:00:1d.2: irq 18, io base 0x000018e0
[    4.924122] usb usb7: New USB device found, idVendor=1d6b, idProduct=0001
[    4.924222] usb usb7: New USB device strings: Mfr=3, Product=2, SerialNumber=1
[    4.924344] usb usb7: Product: UHCI Host Controller
[    4.924437] usb usb7: Manufacturer: Linux 2.6.32.57 uhci_hcd
[    4.924531] usb usb7: SerialNumber: 0000:00:1d.2
[    4.925325] usb usb7: configuration #1 chosen from 1 choice
[    4.925446] hub 7-0:1.0: USB hub found
[    4.925537] hub 7-0:1.0: 2 ports detected
[    4.925697] sl811: driver sl811-hcd, 19 May 2005
[    4.925801] r8a66597_hcd: driver r8a66597_hcd, 2009-05-26
[    4.925973] Initializing USB Mass Storage driver...
[    4.926099] usbcore: registered new interface driver usb-storage
[    4.926196] USB Mass Storage support registered.
[    4.926307] usbcore: registered new interface driver ums-alauda
[    4.926417] usbcore: registered new interface driver ums-cypress
[    4.926538] usbcore: registered new interface driver ums-datafab
[    4.926656] usbcore: registered new interface driver ums-freecom
[    4.926765] usbcore: registered new interface driver ums-isd200
[    4.926870] usbcore: registered new interface driver ums-jumpshot
[    4.926982] usbcore: registered new interface driver ums-karma
[    4.927091] usbcore: registered new interface driver ums-onetouch
[    4.927213] usbcore: registered new interface driver ums-sddr09
[    4.927321] usbcore: registered new interface driver ums-sddr55
[    4.927429] usbcore: registered new interface driver ums-usbat
[    4.927577] PNP: PS/2 Controller [PNP0303:KBD,PNP0f13:MOU] at 0x60,0x64 irq 1,12
[    4.935838] serio: i8042 KBD port at 0x60,0x64 irq 1
[    4.935932] serio: i8042 AUX port at 0x60,0x64 irq 12
[    4.936187] mice: PS/2 mouse device common for all mice
[    4.936304] i2c /dev entries driver
[    4.936438] md: linear personality registered for level -1
[    4.936529] md: raid0 personality registered for level 0
[    4.936619] md: raid1 personality registered for level 1
[    4.936709] md: raid10 personality registered for level 10
[    4.936799] md: raid6 personality registered for level 6
[    4.936888] md: raid5 personality registered for level 5
[    4.936977] md: raid4 personality registered for level 4
[    4.937064] md: multipath personality registered for level -4
[    4.937268] device-mapper: ioctl: 4.15.0-ioctl (2009-04-01) initialised: dm-devel@redhat.com
[    4.937465] cpuidle: using governor ladder
[    4.938063] usbcore: registered new interface driver usbhid
[    4.938166] usbhid: v2.6:USB HID core driver
[    4.938309] random 0000 0000 0000 00000000 00000000: rand_read_num 4 get_random_bytes(136): sig 00000000 00000000 00000000
[    4.938312] random 0000 0000 0000 00000000 00000000: extract_entropy(.. 136 ..)
[    4.938315] random 0000 0000 0000 00000000 00000000: going to reseed nonblocking with 1024 bits (1088 of 0 requested)
[    4.938317] random 0000 0000 0000 00000000 00000000: extract_entropy(.. 128 ..)
[    4.938319] random 0000 0000 0000 00000000 00000000: trying to extract 1024 bits from input
[    4.938321] random 0000 0000 0000 00000000 00000000: debiting 0 entropy credits from input
[    4.938323] random 0000 0000 0000 00000000 00000000: extract_entropy account returned: 0 
[    4.938326] random 0000 0000 0000 00000000 00000000: urand_change_num 7 xfer_secondary_pool(136): pool_sig 00000000, data_sig 00000000, bytes_mixed 0 00000000 00000000
[    4.938329] random 0000 0000 0000 00000000 00000000: trying to extract 1088 bits from nonblocking
[    4.938332] random 0000 0000 0000 00000000 00000000: debiting 1088 entropy credits from nonblocking (unlimited)
[    4.938334] random 0000 0000 0000 00000000 00000000: extract_entropy account returned: 136 
[    4.938338] random 0000 0000 0000 00000000 00000000: urand_change_num 8 extract_buf: pool_sig 00000000, data_sig fffffff9, bytes_mixed 20 00000000 00000000
[    4.938343] random 0000 0000 0000 b7c35b56 be4dc95d: urand_change_num 9 extract_buf: pool_sig fffffd1e, data_sig 000000c5, bytes_mixed 20 b7c35b56 be4dc95d
[    4.938348] random 0000 0000 0000 ed9f5c47 c48487fb: urand_change_num 10 extract_buf: pool_sig fffff8ec, data_sig ffffff68, bytes_mixed 20 ed9f5c47 c48487fb
[    4.938354] random 0000 0000 0000 ed9f5c47 c48487fb: urand_change_num 11 extract_buf: pool_sig fffffaed, data_sig 000001aa, bytes_mixed 20 ed9f5c47 c48487fb
[    4.938359] random 0000 0000 0000 1b4f7c0a 91bd6a48: urand_change_num 12 extract_buf: pool_sig fffffdd8, data_sig 00000064, bytes_mixed 20 1b4f7c0a 91bd6a48
[    4.938364] random 0000 0000 0000 a254b9bc 20e9a24f: urand_change_num 13 extract_buf: pool_sig fffffbe6, data_sig 000001dd, bytes_mixed 20 a254b9bc 20e9a24f
[    4.938369] random 0000 0000 0000 a254b9bc 20e9a24f: urand_change_num 14 extract_buf: pool_sig fffff940, data_sig fffffe20, bytes_mixed 20 a254b9bc 20e9a24f
[    4.938374] random 0000 0000 0000 2831a66b 5fa2a3ad: urand_change_num 15 extract_buf: pool_sig fffffbce, data_sig 0000007e, bytes_mixed 20 2831a66b 5fa2a3ad
[    4.938379] random 0000 0000 0000 2831a66b 5fa2a3ad: urand_change_num 16 extract_buf: pool_sig 000004df, data_sig fffffe8f, bytes_mixed 20 2831a66b 5fa2a3ad
[    4.938385] random 0000 0000 0000 d4512bfd c9a54e0b: urand_change_num 17 extract_buf: pool_sig 00000485, data_sig fffffe68, bytes_mixed 20 d4512bfd c9a54e0b
[    4.938390] random 0000 0000 0000 c7371be6 f9ffea11: urand_change_num 18 extract_buf: pool_sig 00000095, data_sig ffffffed, bytes_mixed 20 c7371be6 f9ffea11
[    4.938395] random 0000 0000 0000 c7371be6 f9ffea11: urand_change_num 19 extract_buf: pool_sig 000003a7, data_sig fffffefa, bytes_mixed 20 c7371be6 f9ffea11
[    4.938400] random 0000 0000 0000 8fb4b62c d1ddba54: urand_change_num 20 extract_buf: pool_sig 00000179, data_sig ffffff78, bytes_mixed 20 8fb4b62c d1ddba54
[    4.938405] random 0000 0000 0000 9ff19f9c c07a1d2a: urand_change_num 21 extract_buf: pool_sig fffffe88, data_sig 00000126, bytes_mixed 20 9ff19f9c c07a1d2a
[    4.938409] TCP cubic registered
[    4.938499] Initializing XFRM netlink socket
[    4.938591] NET: Registered protocol family 17
[    4.938688] Using IPI Shortcut mode
[    4.938779] random 0000 0000 0000 9ff19f9c c07a1d2a: rand_read_num 5 get_random_bytes(8): sig 0000031b 9ff19f9c c07a1d2a
[    4.938781] random 0000 0000 0000 9ff19f9c c07a1d2a: extract_entropy(.. 8 ..)
[    4.938783] random 0000 0000 0000 9ff19f9c c07a1d2a: going to reseed nonblocking with 64 bits (64 of 0 requested)
[    4.938786] random 0000 0000 0000 9ff19f9c c07a1d2a: extract_entropy(.. 8 ..)
[    4.938788] random 0000 0000 0000 9ff19f9c c07a1d2a: trying to extract 64 bits from input
[    4.938790] random 0000 0000 0000 9ff19f9c c07a1d2a: debiting 0 entropy credits from input
[    4.938792] random 0000 0000 0000 9ff19f9c c07a1d2a: extract_entropy account returned: 0 
[    4.938795] random 0000 0000 0000 9ff19f9c c07a1d2a: urand_change_num 22 xfer_secondary_pool(8): pool_sig 0000031b, data_sig 00000000, bytes_mixed 0 9ff19f9c c07a1d2a
[    4.938797] random 0000 0000 0000 9ff19f9c c07a1d2a: trying to extract 64 bits from nonblocking
[    4.938800] random 0000 0000 0000 9ff19f9c c07a1d2a: debiting 64 entropy credits from nonblocking (unlimited)
[    4.938802] random 0000 0000 0000 9ff19f9c c07a1d2a: extract_entropy account returned: 8 
[    4.938806] random 0000 0000 0000 9ff19f9c c07a1d2a: urand_change_num 23 extract_buf: pool_sig 0000031b, data_sig ffffffb3, bytes_mixed 20 9ff19f9c c07a1d2a
[    4.941614] input: AT Translated Set 2 keyboard as /devices/platform/i8042/serio0/input/input1
[    5.130147] ata3: SATA link down (SStatus 0 SControl 300)
[    5.130259] ata1: SATA link up 1.5 Gbps (SStatus 113 SControl 300)
[    5.132611] ata1.00: ACPI cmd ef/02:00:00:00:00:a0 (SET FEATURES) succeeded
[    5.132614] ata1.00: ACPI cmd f5/00:00:00:00:00:a0 (SECURITY FREEZE LOCK) filtered out
[    5.134002] ata1.00: ACPI cmd ef/5f:00:00:00:00:a0 (SET FEATURES) succeeded
[    5.134005] ata1.00: ACPI cmd ef/10:03:00:00:00:a0 (SET FEATURES) filtered out
[    5.135913] ata1.00: ATA-7: ST910021AS, 4.06, max UDMA/100
[    5.136003] ata1.00: 195371568 sectors, multi 16: LBA48 
[    5.138152] ata1.00: ACPI cmd ef/02:00:00:00:00:a0 (SET FEATURES) succeeded
[    5.138155] ata1.00: ACPI cmd f5/00:00:00:00:00:a0 (SECURITY FREEZE LOCK) filtered out
[    5.139546] ata1.00: ACPI cmd ef/5f:00:00:00:00:a0 (SET FEATURES) succeeded
[    5.139548] ata1.00: ACPI cmd ef/10:03:00:00:00:a0 (SET FEATURES) filtered out
[    5.141475] ata1.00: configured for UDMA/100
[    5.152196] scsi 2:0:0:0: Direct-Access     ATA      ST910021AS       4.06 PQ: 0 ANSI: 5
[    5.152477] sd 2:0:0:0: [sda] 195371568 512-byte logical blocks: (100 GB/93.1 GiB)
[    5.152617] sd 2:0:0:0: [sda] Write Protect is off
[    5.152707] sd 2:0:0:0: [sda] Mode Sense: 00 3a 00 00
[    5.152720] sd 2:0:0:0: [sda] Write cache: enabled, read cache: enabled, doesn't support DPO or FUA
[    5.152907]  sda:
[    5.218122] usb 2-1: new high speed USB device using ehci_hcd and address 2
[    5.367724] usb 2-1: New USB device found, idVendor=0e8d, idProduct=1806
[    5.367811] usb 2-1: New USB device strings: Mfr=1, Product=2, SerialNumber=3
[    5.367899] usb 2-1: Product: MT1806 
[    5.367985] usb 2-1: Manufacturer: MediaTek Inc
[    5.368072] usb 2-1: SerialNumber: R8KN6GAC800AEB 
[    5.368208] usb 2-1: configuration #1 chosen from 1 choice
[    5.374514] scsi5 : SCSI emulation for USB Mass Storage devices
[    5.374687] usb-storage: device found at 2
[    5.374688] usb-storage: waiting for device to settle before scanning
[    5.573504]  sda1 sda2
[    5.574225] sd 2:0:0:0: [sda] Attached SCSI disk
[    5.574317] random 0000 0000 0000 277f73c3 42024bb9: rand_read_num 6 get_random_bytes(12): sig 000007e9 277f73c3 42024bb9
[    5.574319] random 0000 0000 0000 277f73c3 42024bb9: extract_entropy(.. 12 ..)
[    5.574321] random 0000 0000 0000 277f73c3 42024bb9: going to reseed nonblocking with 96 bits (96 of 0 requested)
[    5.574323] random 0000 0000 0000 277f73c3 42024bb9: extract_entropy(.. 12 ..)
[    5.574325] random 0000 0000 0000 277f73c3 42024bb9: trying to extract 96 bits from input
[    5.574328] random 0000 0000 0000 277f73c3 42024bb9: debiting 0 entropy credits from input
[    5.574329] random 0000 0000 0000 277f73c3 42024bb9: extract_entropy account returned: 0 
[    5.574333] random 0000 0000 0000 277f73c3 42024bb9: urand_change_num 24 xfer_secondary_pool(12): pool_sig 000007e9, data_sig 00000000, bytes_mixed 0 277f73c3 42024bb9
[    5.574336] random 0000 0000 0000 277f73c3 42024bb9: trying to extract 96 bits from nonblocking
[    5.574338] random 0000 0000 0000 277f73c3 42024bb9: debiting 96 entropy credits from nonblocking (unlimited)
[    5.574340] random 0000 0000 0000 277f73c3 42024bb9: extract_entropy account returned: 12 
[    5.574344] random 0000 0000 0000 277f73c3 42024bb9: urand_change_num 25 extract_buf: pool_sig 000007e9, data_sig 00000088, bytes_mixed 20 277f73c3 42024bb9
[    5.574349] random 0000 0000 0000 277f73c3 42024bb9: urand_change_num 26 extract_buf: pool_sig 00000498, data_sig fffffefb, bytes_mixed 20 277f73c3 42024bb9
[    5.574352] RANDOM - __seed init called.
[    5.574353] RANDOM - __seed init called.
[    5.574354] RANDOM - __seed init called.
[    5.574356] RANDOM - __random32 called. Change num 12.  Value: 87f14767	f0d7351	b1e48bd3
[    5.574358] RANDOM - random32_reseed called.  Value: 87f14767	f0d7351	b1e48bd3
[    5.574360] Pid: 1, comm: swapper Not tainted 2.6.32.57 #3
[    5.574451] Call Trace:
[    5.574543]  [<c1923ca4>] ? random32_reseed+0xa0/0xb1
[    5.574634]  [<c1923c04>] ? random32_reseed+0x0/0xb1
[    5.574731]  [<c100111e>] ? do_one_initcall+0x2e/0x180
[    5.574823]  [<c1907265>] ? kernel_init+0xad/0x103
[    5.574914]  [<c19071b8>] ? kernel_init+0x0/0x103
[    5.575004]  [<c1003787>] ? kernel_thread_helper+0x7/0x10
[    5.575550] random 0000 0000 0000 386b4e60 ee4d4880: rand_read_num 7 get_random_bytes(64): sig fffffea5 386b4e60 ee4d4880
[    5.575553] random 0000 0000 0000 386b4e60 ee4d4880: extract_entropy(.. 64 ..)
[    5.575555] random 0000 0000 0000 386b4e60 ee4d4880: going to reseed nonblocking with 512 bits (512 of 0 requested)
[    5.575557] random 0000 0000 0000 386b4e60 ee4d4880: extract_entropy(.. 64 ..)
[    5.575559] random 0000 0000 0000 386b4e60 ee4d4880: trying to extract 512 bits from input
[    5.575561] random 0000 0000 0000 386b4e60 ee4d4880: debiting 0 entropy credits from input
[    5.575563] random 0000 0000 0000 386b4e60 ee4d4880: extract_entropy account returned: 0 
[    5.575566] random 0000 0000 0000 386b4e60 ee4d4880: urand_change_num 27 xfer_secondary_pool(64): pool_sig fffffea5, data_sig 00000000, bytes_mixed 0 386b4e60 ee4d4880
[    5.575569] random 0000 0000 0000 386b4e60 ee4d4880: trying to extract 512 bits from nonblocking
[    5.575572] random 0000 0000 0000 386b4e60 ee4d4880: debiting 512 entropy credits from nonblocking (unlimited)
[    5.575574] random 0000 0000 0000 386b4e60 ee4d4880: extract_entropy account returned: 64 
[    5.575578] random 0000 0000 0000 386b4e60 ee4d4880: urand_change_num 28 extract_buf: pool_sig fffffea5, data_sig 00000173, bytes_mixed 20 386b4e60 ee4d4880
[    5.575583] random 0000 0000 0000 412698f6 0cc8689a: urand_change_num 29 extract_buf: pool_sig 00000122, data_sig ffffff63, bytes_mixed 20 412698f6 0cc8689a
[    5.575588] random 0000 0000 0000 412698f6 0cc8689a: urand_change_num 30 extract_buf: pool_sig 000001f7, data_sig 00000012, bytes_mixed 20 412698f6 0cc8689a
[    5.575594] random 0000 0000 0000 9669941e 06f768b1: urand_change_num 31 extract_buf: pool_sig fffffb5b, data_sig 0000003f, bytes_mixed 20 9669941e 06f768b1
[    5.575599] random 0000 0000 0000 98486520 995551f0: urand_change_num 32 extract_buf: pool_sig fffffb39, data_sig 0000000e, bytes_mixed 20 98486520 995551f0
[    5.575604] random 0000 0000 0000 98486520 995551f0: urand_change_num 33 extract_buf: pool_sig fffffd8d, data_sig 000001a6, bytes_mixed 20 98486520 995551f0
[    5.575609] random 0000 0000 0000 61fc8914 d5882ed2: urand_change_num 34 extract_buf: pool_sig fffffa58, data_sig 0000023e, bytes_mixed 20 61fc8914 d5882ed2
[    5.575639] random 0000 0000 0000 61fc8914 d5882ed2: rand_read_num 8 get_random_bytes(64): sig fffff9ee 61fc8914 d5882ed2
[    5.575641] random 0000 0000 0000 61fc8914 d5882ed2: extract_entropy(.. 64 ..)
[    5.575643] random 0000 0000 0000 61fc8914 d5882ed2: going to reseed nonblocking with 512 bits (512 of 0 requested)
[    5.575645] random 0000 0000 0000 61fc8914 d5882ed2: extract_entropy(.. 64 ..)
[    5.575647] random 0000 0000 0000 61fc8914 d5882ed2: trying to extract 512 bits from input
[    5.575649] random 0000 0000 0000 61fc8914 d5882ed2: debiting 0 entropy credits from input
[    5.575651] random 0000 0000 0000 61fc8914 d5882ed2: extract_entropy account returned: 0 
[    5.575654] random 0000 0000 0000 61fc8914 d5882ed2: urand_change_num 35 xfer_secondary_pool(64): pool_sig fffff9ee, data_sig 00000000, bytes_mixed 0 61fc8914 d5882ed2
[    5.575657] random 0000 0000 0000 61fc8914 d5882ed2: trying to extract 512 bits from nonblocking
[    5.575659] random 0000 0000 0000 61fc8914 d5882ed2: debiting 512 entropy credits from nonblocking (unlimited)
[    5.575662] random 0000 0000 0000 61fc8914 d5882ed2: extract_entropy account returned: 64 
[    5.575666] random 0000 0000 0000 61fc8914 d5882ed2: urand_change_num 36 extract_buf: pool_sig fffff9ee, data_sig ffffff85, bytes_mixed 20 61fc8914 d5882ed2
[    5.575671] random 0000 0000 0000 70cfd302 e5edec11: urand_change_num 37 extract_buf: pool_sig fffffdc1, data_sig ffffffde, bytes_mixed 20 70cfd302 e5edec11
[    5.575676] random 0000 0000 0000 00dab838 eafd2b30: urand_change_num 38 extract_buf: pool_sig 000003da, data_sig ffffff61, bytes_mixed 20 00dab838 eafd2b30
[    5.575681] random 0000 0000 0000 00dab838 eafd2b30: urand_change_num 39 extract_buf: pool_sig 00000314, data_sig 00000121, bytes_mixed 20 00dab838 eafd2b30
[    5.575686] random 0000 0000 0000 5fcdf66a 6442b608: urand_change_num 40 extract_buf: pool_sig 0000028b, data_sig fffffefd, bytes_mixed 20 5fcdf66a 6442b608
[    5.575692] random 0000 0000 0000 61333f6b 8fae0f9b: urand_change_num 41 extract_buf: pool_sig 000000cb, data_sig 000000b3, bytes_mixed 20 61333f6b 8fae0f9b
[    5.575697] random 0000 0000 0000 61333f6b 8fae0f9b: urand_change_num 42 extract_buf: pool_sig fffffef8, data_sig 00000051, bytes_mixed 20 61333f6b 8fae0f9b
[    5.575700] BEGIN NET_SECRET:
[    5.575701] \xffffffe0
[    5.575701] \xffffffb6
[    5.575702] \x36
[    5.575703] \xffffffb5
[    5.575704] \xffffff94
[    5.575705] \xffffffb2
[    5.575706] \xffffffa8
[    5.575706] \xffffffda
[    5.575707] \x5b
[    5.575708] \x19
[    5.575708] \x18
[    5.575709] \x5c
[    5.575710] \x2b
[    5.575711] \x1
[    5.575711] \xffffff90
[    5.575712] \x19
[    5.575713] \x3c
[    5.575714] \xfffffff2
[    5.575715] \xffffff82
[    5.575716] \x2a
[    5.575716] \xffffffb3
[    5.575717] \xffffffa2
[    5.575718] \x3f
[    5.575719] \x5
[    5.575719] \x52
[    5.575720] \x77
[    5.575721] \x57
[    5.575721] \x79
[    5.575722] \x16
[    5.575723] \x43
[    5.575723] \xffffff84
[    5.575724] \xffffffc3
[    5.575725] \xffffffe9
[    5.575726] \x79
[    5.575726] \x50
[    5.575727] \xffffff8e
[    5.575728] \x3f
[    5.575729] \xfffffff3
[    5.575729] \x19
[    5.575730] \x2a
[    5.575731] \xfffffffd
[    5.575732] \xfffffffb
[    5.575732] \x62
[    5.575733] \x3c
[    5.575734] \xffffffac
[    5.575735] \x1c
[    5.575735] \x3b
[    5.575736] \x3b
[    5.575737] \x15
[    5.575737] \x27
[    5.575738] \xffffffa8
[    5.575739] \x22
[    5.575740] \xffffffc5
[    5.575741] \xffffff9a
[    5.575741] \x5
[    5.575742] \x6c
[    5.575743] \xffffffa8
[    5.575744] \x3a
[    5.575744] \x44
[    5.575745] \xffffffaf
[    5.575746] \x13
[    5.575746] \xffffffe0
[    5.575747] \xffffff9d
[    5.575748] \x22
[    5.575749] 
[    5.575749] END NET_SECRET
[    5.575752] random 0000 0000 0000 e7f555d9 e8ce5c3c: rand_read_num 9 get_random_bytes(4): sig 0000068c e7f555d9 e8ce5c3c
[    5.575754] random 0000 0000 0000 e7f555d9 e8ce5c3c: extract_entropy(.. 4 ..)
[    5.575757] random 0000 0000 0000 e7f555d9 e8ce5c3c: going to reseed nonblocking with 64 bits (32 of 0 requested)
[    5.575759] random 0000 0000 0000 e7f555d9 e8ce5c3c: extract_entropy(.. 8 ..)
[    5.575761] random 0000 0000 0000 e7f555d9 e8ce5c3c: trying to extract 64 bits from input
[    5.575763] random 0000 0000 0000 e7f555d9 e8ce5c3c: debiting 0 entropy credits from input
[    5.575765] random 0000 0000 0000 e7f555d9 e8ce5c3c: extract_entropy account returned: 0 
[    5.575768] random 0000 0000 0000 e7f555d9 e8ce5c3c: urand_change_num 43 xfer_secondary_pool(4): pool_sig 0000068c, data_sig 00000000, bytes_mixed 0 e7f555d9 e8ce5c3c
[    5.575770] random 0000 0000 0000 e7f555d9 e8ce5c3c: trying to extract 32 bits from nonblocking
[    5.575773] random 0000 0000 0000 e7f555d9 e8ce5c3c: debiting 32 entropy credits from nonblocking (unlimited)
[    5.575775] random 0000 0000 0000 e7f555d9 e8ce5c3c: extract_entropy account returned: 4 
[    5.575779] random 0000 0000 0000 e7f555d9 e8ce5c3c: urand_change_num 44 extract_buf: pool_sig 0000068c, data_sig fffffdcb, bytes_mixed 20 e7f555d9 e8ce5c3c
[    5.575790] md: Waiting for all devices to be available before autodetect
[    5.575886] md: If you don't use raid, use raid=noautodetect
[    5.576052] md: Autodetecting RAID arrays.
[    5.576147] md: Scanned 0 and added 0 devices.
[    5.576237] md: autorun ...
[    5.576321] md: ... autorun DONE.
[    5.606242] EXT3-fs: sda2: couldn't mount because of unsupported optional features (240).
[    5.606471] EXT2-fs: sda2: couldn't mount because of unsupported optional features (240).
[    5.607755] random 0000 0000 0000 e7f555d9 e8ce5c3c: rand_read_num 10 get_random_bytes(4): sig ffffff72 e7f555d9 e8ce5c3c
[    5.607757] random 0000 0000 0000 e7f555d9 e8ce5c3c: extract_entropy(.. 4 ..)
[    5.607759] random 0000 0000 0000 e7f555d9 e8ce5c3c: going to reseed nonblocking with 64 bits (32 of 0 requested)
[    5.607762] random 0000 0000 0000 e7f555d9 e8ce5c3c: extract_entropy(.. 8 ..)
[    5.607764] random 0000 0000 0000 e7f555d9 e8ce5c3c: trying to extract 64 bits from input
[    5.607766] random 0000 0000 0000 e7f555d9 e8ce5c3c: debiting 0 entropy credits from input
[    5.607768] random 0000 0000 0000 e7f555d9 e8ce5c3c: extract_entropy account returned: 0 
[    5.607771] random 0000 0000 0000 e7f555d9 e8ce5c3c: urand_change_num 45 xfer_secondary_pool(4): pool_sig ffffff72, data_sig 00000000, bytes_mixed 0 e7f555d9 e8ce5c3c
[    5.607774] random 0000 0000 0000 e7f555d9 e8ce5c3c: trying to extract 32 bits from nonblocking
[    5.607776] random 0000 0000 0000 e7f555d9 e8ce5c3c: debiting 32 entropy credits from nonblocking (unlimited)
[    5.607778] random 0000 0000 0000 e7f555d9 e8ce5c3c: extract_entropy account returned: 4 
[    5.607782] random 0000 0000 0000 e7f555d9 e8ce5c3c: urand_change_num 46 extract_buf: pool_sig ffffff72, data_sig ffffff72, bytes_mixed 20 e7f555d9 e8ce5c3c
[    5.635944] EXT4-fs (sda2): mounted filesystem with ordered data mode
[    5.636154] VFS: Mounted root (ext4 filesystem) readonly on device 8:2.
[    5.636253] Freeing unused kernel memory: 448k freed
[    5.714886] random 0000 0000 0000 91716c54 eeb6a1e7: rand_read_num 11 get_random_bytes(16): sig fffffcad 91716c54 eeb6a1e7
[    5.714888] random 0000 0000 0000 91716c54 eeb6a1e7: extract_entropy(.. 16 ..)
[    5.714891] random 0000 0000 0000 91716c54 eeb6a1e7: going to reseed nonblocking with 128 bits (128 of 0 requested)
[    5.714893] random 0000 0000 0000 91716c54 eeb6a1e7: extract_entropy(.. 16 ..)
[    5.714895] random 0000 0000 0000 91716c54 eeb6a1e7: trying to extract 128 bits from input
[    5.714897] random 0000 0000 0000 91716c54 eeb6a1e7: debiting 0 entropy credits from input
[    5.714899] random 0000 0000 0000 91716c54 eeb6a1e7: extract_entropy account returned: 0 
[    5.714902] random 0000 0000 0000 91716c54 eeb6a1e7: urand_change_num 47 xfer_secondary_pool(16): pool_sig fffffcad, data_sig 00000000, bytes_mixed 0 91716c54 eeb6a1e7
[    5.714905] random 0000 0000 0000 91716c54 eeb6a1e7: trying to extract 128 bits from nonblocking
[    5.714907] random 0000 0000 0000 91716c54 eeb6a1e7: debiting 128 entropy credits from nonblocking (unlimited)
[    5.714910] random 0000 0000 0000 91716c54 eeb6a1e7: extract_entropy account returned: 16 
[    5.714914] random 0000 0000 0000 91716c54 eeb6a1e7: urand_change_num 48 extract_buf: pool_sig fffffcad, data_sig ffffff19, bytes_mixed 20 91716c54 eeb6a1e7
[    5.714919] random 0000 0000 0000 fd637b06 6cf47bc1: urand_change_num 49 extract_buf: pool_sig fffffede, data_sig ffffffc1, bytes_mixed 20 fd637b06 6cf47bc1
[    5.801626] random 0000 0000 0000 fd637b06 6cf47bc1: rand_read_num 12 get_random_bytes(16): sig 0000033b fd637b06 6cf47bc1
[    5.801629] random 0000 0000 0000 fd637b06 6cf47bc1: extract_entropy(.. 16 ..)
[    5.801632] random 0000 0000 0000 fd637b06 6cf47bc1: going to reseed nonblocking with 128 bits (128 of 0 requested)
[    5.801634] random 0000 0000 0000 fd637b06 6cf47bc1: extract_entropy(.. 16 ..)
[    5.801636] random 0000 0000 0000 fd637b06 6cf47bc1: trying to extract 128 bits from input
[    5.801638] random 0000 0000 0000 fd637b06 6cf47bc1: debiting 0 entropy credits from input
[    5.801640] random 0000 0000 0000 fd637b06 6cf47bc1: extract_entropy account returned: 0 
[    5.801643] random 0000 0000 0000 fd637b06 6cf47bc1: urand_change_num 50 xfer_secondary_pool(16): pool_sig 0000033b, data_sig 00000000, bytes_mixed 0 fd637b06 6cf47bc1
[    5.801646] random 0000 0000 0000 fd637b06 6cf47bc1: trying to extract 128 bits from nonblocking
[    5.801648] random 0000 0000 0000 fd637b06 6cf47bc1: debiting 128 entropy credits from nonblocking (unlimited)
[    5.801650] random 0000 0000 0000 fd637b06 6cf47bc1: extract_entropy account returned: 16 
[    5.801655] random 0000 0000 0000 fd637b06 6cf47bc1: urand_change_num 51 extract_buf: pool_sig 0000033b, data_sig 000000d8, bytes_mixed 20 fd637b06 6cf47bc1
[    5.801660] random 0000 0000 0000 0ec1f012 d4727ca8: urand_change_num 52 extract_buf: pool_sig fffffcf5, data_sig 00000016, bytes_mixed 20 0ec1f012 d4727ca8
[    6.164810] ieee1394: Host added: ID:BUS[0-00:1023]  GUID[00061b032a25f51c]
[    6.175499] random 0000 0000 0000 45b1d0b1 845a73f7: rand_read_num 13 get_random_bytes(16): sig 00000116 45b1d0b1 845a73f7
[    6.175502] random 0000 0000 0000 45b1d0b1 845a73f7: extract_entropy(.. 16 ..)
[    6.175504] random 0000 0000 0000 45b1d0b1 845a73f7: going to reseed nonblocking with 128 bits (128 of 0 requested)
[    6.175507] random 0000 0000 0000 45b1d0b1 845a73f7: extract_entropy(.. 16 ..)
[    6.175509] random 0000 0000 0000 45b1d0b1 845a73f7: trying to extract 128 bits from input
[    6.175511] random 0000 0000 0000 45b1d0b1 845a73f7: debiting 0 entropy credits from input
[    6.175513] random 0000 0000 0000 45b1d0b1 845a73f7: extract_entropy account returned: 0 
[    6.175516] random 0000 0000 0000 45b1d0b1 845a73f7: urand_change_num 53 xfer_secondary_pool(16): pool_sig 00000116, data_sig 00000000, bytes_mixed 0 45b1d0b1 845a73f7
[    6.175519] random 0000 0000 0000 45b1d0b1 845a73f7: trying to extract 128 bits from nonblocking
[    6.175521] random 0000 0000 0000 45b1d0b1 845a73f7: debiting 128 entropy credits from nonblocking (unlimited)
[    6.175523] random 0000 0000 0000 45b1d0b1 845a73f7: extract_entropy account returned: 16 
[    6.175527] random 0000 0000 0000 45b1d0b1 845a73f7: urand_change_num 54 extract_buf: pool_sig 00000116, data_sig fffffd8b, bytes_mixed 20 45b1d0b1 845a73f7
[    6.175533] random 0000 0000 0000 45b1d0b1 845a73f7: urand_change_num 55 extract_buf: pool_sig fffffc05, data_sig 00000109, bytes_mixed 20 45b1d0b1 845a73f7
[    6.227995] random 0000 0000 0000 5012cce3 b8a30621: rand_read_num 14 get_random_bytes(16): sig fffffb93 5012cce3 b8a30621
[    6.227998] random 0000 0000 0000 5012cce3 b8a30621: extract_entropy(.. 16 ..)
[    6.228001] random 0000 0000 0000 5012cce3 b8a30621: going to reseed nonblocking with 128 bits (128 of 0 requested)
[    6.228003] random 0000 0000 0000 5012cce3 b8a30621: extract_entropy(.. 16 ..)
[    6.228005] random 0000 0000 0000 5012cce3 b8a30621: trying to extract 128 bits from input
[    6.228007] random 0000 0000 0000 5012cce3 b8a30621: debiting 0 entropy credits from input
[    6.228009] random 0000 0000 0000 5012cce3 b8a30621: extract_entropy account returned: 0 
[    6.228012] random 0000 0000 0000 5012cce3 b8a30621: urand_change_num 56 xfer_secondary_pool(16): pool_sig fffffb93, data_sig 00000000, bytes_mixed 0 5012cce3 b8a30621
[    6.228015] random 0000 0000 0000 5012cce3 b8a30621: trying to extract 128 bits from nonblocking
[    6.228018] random 0000 0000 0000 5012cce3 b8a30621: debiting 128 entropy credits from nonblocking (unlimited)
[    6.228020] random 0000 0000 0000 5012cce3 b8a30621: extract_entropy account returned: 16 
[    6.228024] random 0000 0000 0000 5012cce3 b8a30621: urand_change_num 57 extract_buf: pool_sig fffffb93, data_sig ffffff35, bytes_mixed 20 5012cce3 b8a30621
[    6.228029] random 0000 0000 0000 5012cce3 b8a30621: urand_change_num 58 extract_buf: pool_sig fffffb9d, data_sig ffffff92, bytes_mixed 20 5012cce3 b8a30621
[    6.229391] random 0000 0000 0000 30a5721d 4b648ff6: rand_read_num 15 get_random_bytes(16): sig fffffeb5 30a5721d 4b648ff6
[    6.229393] random 0000 0000 0000 30a5721d 4b648ff6: extract_entropy(.. 16 ..)
[    6.229396] random 0000 0000 0000 30a5721d 4b648ff6: going to reseed nonblocking with 128 bits (128 of 0 requested)
[    6.229399] random 0000 0000 0000 30a5721d 4b648ff6: extract_entropy(.. 16 ..)
[    6.229401] random 0000 0000 0000 30a5721d 4b648ff6: trying to extract 128 bits from input
[    6.229403] random 0000 0000 0000 30a5721d 4b648ff6: debiting 0 entropy credits from input
[    6.229405] random 0000 0000 0000 30a5721d 4b648ff6: extract_entropy account returned: 0 
[    6.229408] random 0000 0000 0000 30a5721d 4b648ff6: urand_change_num 59 xfer_secondary_pool(16): pool_sig fffffeb5, data_sig 00000000, bytes_mixed 0 30a5721d 4b648ff6
[    6.229411] random 0000 0000 0000 30a5721d 4b648ff6: trying to extract 128 bits from nonblocking
[    6.229413] random 0000 0000 0000 30a5721d 4b648ff6: debiting 128 entropy credits from nonblocking (unlimited)
[    6.229415] random 0000 0000 0000 30a5721d 4b648ff6: extract_entropy account returned: 16 
[    6.229419] random 0000 0000 0000 30a5721d 4b648ff6: urand_change_num 60 extract_buf: pool_sig fffffeb5, data_sig 000000c2, bytes_mixed 20 30a5721d 4b648ff6
[    6.229425] random 0000 0000 0000 89bae1ab 704c432f: urand_change_num 61 extract_buf: pool_sig 0000006e, data_sig fffffefc, bytes_mixed 20 89bae1ab 704c432f
[    6.229975] random 0000 0000 0000 89bae1ab 704c432f: rand_read_num 16 get_random_bytes(16): sig fffffd99 89bae1ab 704c432f
[    6.229977] random 0000 0000 0000 89bae1ab 704c432f: extract_entropy(.. 16 ..)
[    6.229980] random 0000 0000 0000 89bae1ab 704c432f: going to reseed nonblocking with 128 bits (128 of 0 requested)
[    6.229982] random 0000 0000 0000 89bae1ab 704c432f: extract_entropy(.. 16 ..)
[    6.229984] random 0000 0000 0000 89bae1ab 704c432f: trying to extract 128 bits from input
[    6.229987] random 0000 0000 0000 89bae1ab 704c432f: debiting 0 entropy credits from input
[    6.229989] random 0000 0000 0000 89bae1ab 704c432f: extract_entropy account returned: 0 
[    6.229992] random 0000 0000 0000 89bae1ab 704c432f: urand_change_num 62 xfer_secondary_pool(16): pool_sig fffffd99, data_sig 00000000, bytes_mixed 0 89bae1ab 704c432f
[    6.229995] random 0000 0000 0000 89bae1ab 704c432f: trying to extract 128 bits from nonblocking
[    6.229997] random 0000 0000 0000 89bae1ab 704c432f: debiting 128 entropy credits from nonblocking (unlimited)
[    6.229999] random 0000 0000 0000 89bae1ab 704c432f: extract_entropy account returned: 16 
[    6.230003] random 0000 0000 0000 89bae1ab 704c432f: urand_change_num 63 extract_buf: pool_sig fffffd99, data_sig 00000204, bytes_mixed 20 89bae1ab 704c432f
[    6.230008] random 0000 0000 0000 6c298a02 2b1539f8: urand_change_num 64 extract_buf: pool_sig 00000124, data_sig fffffff5, bytes_mixed 20 6c298a02 2b1539f8
[    6.230910] random 0000 0000 0000 c77b8b35 70f6cab5: rand_read_num 17 get_random_bytes(16): sig 0000036b c77b8b35 70f6cab5
[    6.230912] random 0000 0000 0000 c77b8b35 70f6cab5: extract_entropy(.. 16 ..)
[    6.230915] random 0000 0000 0000 c77b8b35 70f6cab5: going to reseed nonblocking with 128 bits (128 of 0 requested)
[    6.230917] random 0000 0000 0000 c77b8b35 70f6cab5: extract_entropy(.. 16 ..)
[    6.230919] random 0000 0000 0000 c77b8b35 70f6cab5: trying to extract 128 bits from input
[    6.230922] random 0000 0000 0000 c77b8b35 70f6cab5: debiting 0 entropy credits from input
[    6.230924] random 0000 0000 0000 c77b8b35 70f6cab5: extract_entropy account returned: 0 
[    6.230927] random 0000 0000 0000 c77b8b35 70f6cab5: urand_change_num 65 xfer_secondary_pool(16): pool_sig 0000036b, data_sig 00000000, bytes_mixed 0 c77b8b35 70f6cab5
[    6.230930] random 0000 0000 0000 c77b8b35 70f6cab5: trying to extract 128 bits from nonblocking
[    6.230932] random 0000 0000 0000 c77b8b35 70f6cab5: debiting 128 entropy credits from nonblocking (unlimited)
[    6.230934] random 0000 0000 0000 c77b8b35 70f6cab5: extract_entropy account returned: 16 
[    6.230938] random 0000 0000 0000 c77b8b35 70f6cab5: urand_change_num 66 extract_buf: pool_sig 0000036b, data_sig 0000005f, bytes_mixed 20 c77b8b35 70f6cab5
[    6.230944] random 0000 0000 0000 c77b8b35 70f6cab5: urand_change_num 67 extract_buf: pool_sig ffffff1c, data_sig 0000005a, bytes_mixed 20 c77b8b35 70f6cab5
[    6.231540] random 0000 0000 0000 af21d212 57d20ca3: rand_read_num 18 get_random_bytes(16): sig fffffb7f af21d212 57d20ca3
[    6.231543] random 0000 0000 0000 af21d212 57d20ca3: extract_entropy(.. 16 ..)
[    6.231546] random 0000 0000 0000 af21d212 57d20ca3: going to reseed nonblocking with 128 bits (128 of 0 requested)
[    6.231548] random 0000 0000 0000 af21d212 57d20ca3: extract_entropy(.. 16 ..)
[    6.231550] random 0000 0000 0000 af21d212 57d20ca3: trying to extract 128 bits from input
[    6.231552] random 0000 0000 0000 af21d212 57d20ca3: debiting 0 entropy credits from input
[    6.231554] random 0000 0000 0000 af21d212 57d20ca3: extract_entropy account returned: 0 
[    6.231557] random 0000 0000 0000 af21d212 57d20ca3: urand_change_num 68 xfer_secondary_pool(16): pool_sig fffffb7f, data_sig 00000000, bytes_mixed 0 af21d212 57d20ca3
[    6.231560] random 0000 0000 0000 af21d212 57d20ca3: trying to extract 128 bits from nonblocking
[    6.231563] random 0000 0000 0000 af21d212 57d20ca3: debiting 128 entropy credits from nonblocking (unlimited)
[    6.231565] random 0000 0000 0000 af21d212 57d20ca3: extract_entropy account returned: 16 
[    6.231569] random 0000 0000 0000 af21d212 57d20ca3: urand_change_num 69 extract_buf: pool_sig fffffb7f, data_sig ffffff88, bytes_mixed 20 af21d212 57d20ca3
[    6.231574] random 0000 0000 0000 af21d212 57d20ca3: urand_change_num 70 extract_buf: pool_sig fffffe1d, data_sig ffffff17, bytes_mixed 20 af21d212 57d20ca3
[    6.232168] random 0000 0000 0000 ffbd26fd 21933274: rand_read_num 19 get_random_bytes(16): sig ffffffc7 ffbd26fd 21933274
[    6.232171] random 0000 0000 0000 ffbd26fd 21933274: extract_entropy(.. 16 ..)
[    6.232173] random 0000 0000 0000 ffbd26fd 21933274: going to reseed nonblocking with 128 bits (128 of 0 requested)
[    6.232175] random 0000 0000 0000 ffbd26fd 21933274: extract_entropy(.. 16 ..)
[    6.232178] random 0000 0000 0000 ffbd26fd 21933274: trying to extract 128 bits from input
[    6.232180] random 0000 0000 0000 ffbd26fd 21933274: debiting 0 entropy credits from input
[    6.232182] random 0000 0000 0000 ffbd26fd 21933274: extract_entropy account returned: 0 
[    6.232185] random 0000 0000 0000 ffbd26fd 21933274: urand_change_num 71 xfer_secondary_pool(16): pool_sig ffffffc7, data_sig 00000000, bytes_mixed 0 ffbd26fd 21933274
[    6.232188] random 0000 0000 0000 ffbd26fd 21933274: trying to extract 128 bits from nonblocking
[    6.232190] random 0000 0000 0000 ffbd26fd 21933274: debiting 128 entropy credits from nonblocking (unlimited)
[    6.232192] random 0000 0000 0000 ffbd26fd 21933274: extract_entropy account returned: 16 
[    6.232196] random 0000 0000 0000 ffbd26fd 21933274: urand_change_num 72 extract_buf: pool_sig ffffffc7, data_sig 0000013b, bytes_mixed 20 ffbd26fd 21933274
[    6.232202] random 0000 0000 0000 151530a2 56c65dd3: urand_change_num 73 extract_buf: pool_sig ffffffbf, data_sig 00000036, bytes_mixed 20 151530a2 56c65dd3
[    6.232752] random 0000 0000 0000 151530a2 56c65dd3: rand_read_num 20 get_random_bytes(16): sig 000001a7 151530a2 56c65dd3
[    6.232755] random 0000 0000 0000 151530a2 56c65dd3: extract_entropy(.. 16 ..)
[    6.232758] random 0000 0000 0000 151530a2 56c65dd3: going to reseed nonblocking with 128 bits (128 of 0 requested)
[    6.232760] random 0000 0000 0000 151530a2 56c65dd3: extract_entropy(.. 16 ..)
[    6.232762] random 0000 0000 0000 151530a2 56c65dd3: trying to extract 128 bits from input
[    6.232764] random 0000 0000 0000 151530a2 56c65dd3: debiting 0 entropy credits from input
[    6.232766] random 0000 0000 0000 151530a2 56c65dd3: extract_entropy account returned: 0 
[    6.232769] random 0000 0000 0000 151530a2 56c65dd3: urand_change_num 74 xfer_secondary_pool(16): pool_sig 000001a7, data_sig 00000000, bytes_mixed 0 151530a2 56c65dd3
[    6.232772] random 0000 0000 0000 151530a2 56c65dd3: trying to extract 128 bits from nonblocking
[    6.232774] random 0000 0000 0000 151530a2 56c65dd3: debiting 128 entropy credits from nonblocking (unlimited)
[    6.232777] random 0000 0000 0000 151530a2 56c65dd3: extract_entropy account returned: 16 
[    6.232781] random 0000 0000 0000 151530a2 56c65dd3: urand_change_num 75 extract_buf: pool_sig 000001a7, data_sig ffffffa1, bytes_mixed 20 151530a2 56c65dd3
[    6.232786] random 0000 0000 0000 5d3e132e d9a77eb3: urand_change_num 76 extract_buf: pool_sig fffffcc9, data_sig 00000013, bytes_mixed 20 5d3e132e d9a77eb3
[    6.283795] random 0000 0000 0000 264837ad 0a28fef5: rand_read_num 21 get_random_bytes(16): sig ffffffd0 264837ad 0a28fef5
[    6.283798] random 0000 0000 0000 264837ad 0a28fef5: extract_entropy(.. 16 ..)
[    6.283801] random 0000 0000 0000 264837ad 0a28fef5: going to reseed nonblocking with 128 bits (128 of 0 requested)
[    6.283803] random 0000 0000 0000 264837ad 0a28fef5: extract_entropy(.. 16 ..)
[    6.283805] random 0000 0000 0000 264837ad 0a28fef5: trying to extract 128 bits from input
[    6.283807] random 0000 0000 0000 264837ad 0a28fef5: debiting 0 entropy credits from input
[    6.283809] random 0000 0000 0000 264837ad 0a28fef5: extract_entropy account returned: 0 
[    6.283813] random 0000 0000 0000 264837ad 0a28fef5: urand_change_num 77 xfer_secondary_pool(16): pool_sig ffffffd0, data_sig 00000000, bytes_mixed 0 264837ad 0a28fef5
[    6.283815] random 0000 0000 0000 264837ad 0a28fef5: trying to extract 128 bits from nonblocking
[    6.283818] random 0000 0000 0000 264837ad 0a28fef5: debiting 128 entropy credits from nonblocking (unlimited)
[    6.283820] random 0000 0000 0000 264837ad 0a28fef5: extract_entropy account returned: 16 
[    6.283824] random 0000 0000 0000 264837ad 0a28fef5: urand_change_num 78 extract_buf: pool_sig ffffffd0, data_sig 0000017b, bytes_mixed 20 264837ad 0a28fef5
[    6.283830] random 0000 0000 0000 264837ad 0a28fef5: urand_change_num 79 extract_buf: pool_sig 0000045c, data_sig 000001df, bytes_mixed 20 264837ad 0a28fef5
[    6.285296] random 0000 0000 0000 f37f7344 164aede0: rand_read_num 22 get_random_bytes(16): sig 000003c2 f37f7344 164aede0
[    6.285298] random 0000 0000 0000 f37f7344 164aede0: extract_entropy(.. 16 ..)
[    6.285301] random 0000 0000 0000 f37f7344 164aede0: going to reseed nonblocking with 128 bits (128 of 0 requested)
[    6.285303] random 0000 0000 0000 f37f7344 164aede0: extract_entropy(.. 16 ..)
[    6.285305] random 0000 0000 0000 f37f7344 164aede0: trying to extract 128 bits from input
[    6.285308] random 0000 0000 0000 f37f7344 164aede0: debiting 0 entropy credits from input
[    6.285309] random 0000 0000 0000 f37f7344 164aede0: extract_entropy account returned: 0 
[    6.285313] random 0000 0000 0000 f37f7344 164aede0: urand_change_num 80 xfer_secondary_pool(16): pool_sig 000003c2, data_sig 00000000, bytes_mixed 0 f37f7344 164aede0
[    6.285316] random 0000 0000 0000 f37f7344 164aede0: trying to extract 128 bits from nonblocking
[    6.285318] random 0000 0000 0000 f37f7344 164aede0: debiting 128 entropy credits from nonblocking (unlimited)
[    6.285320] random 0000 0000 0000 f37f7344 164aede0: extract_entropy account returned: 16 
[    6.285324] random 0000 0000 0000 f37f7344 164aede0: urand_change_num 81 extract_buf: pool_sig 000003c2, data_sig ffffff6c, bytes_mixed 20 f37f7344 164aede0
[    6.285330] random 0000 0000 0000 f37f7344 164aede0: urand_change_num 82 extract_buf: pool_sig fffffdfc, data_sig 00000091, bytes_mixed 20 f37f7344 164aede0
[    6.308095] random 0000 0000 0000 a4794863 878070c1: rand_read_num 23 get_random_bytes(16): sig 0000011b a4794863 878070c1
[    6.308098] random 0000 0000 0000 a4794863 878070c1: extract_entropy(.. 16 ..)
[    6.308100] random 0000 0000 0000 a4794863 878070c1: going to reseed nonblocking with 128 bits (128 of 0 requested)
[    6.308103] random 0000 0000 0000 a4794863 878070c1: extract_entropy(.. 16 ..)
[    6.308105] random 0000 0000 0000 a4794863 878070c1: trying to extract 128 bits from input
[    6.308107] random 0000 0000 0000 a4794863 878070c1: debiting 0 entropy credits from input
[    6.308109] random 0000 0000 0000 a4794863 878070c1: extract_entropy account returned: 0 
[    6.308112] random 0000 0000 0000 a4794863 878070c1: urand_change_num 83 xfer_secondary_pool(16): pool_sig 0000011b, data_sig 00000000, bytes_mixed 0 a4794863 878070c1
[    6.308115] random 0000 0000 0000 a4794863 878070c1: trying to extract 128 bits from nonblocking
[    6.308117] random 0000 0000 0000 a4794863 878070c1: debiting 128 entropy credits from nonblocking (unlimited)
[    6.308119] random 0000 0000 0000 a4794863 878070c1: extract_entropy account returned: 16 
[    6.308123] random 0000 0000 0000 a4794863 878070c1: urand_change_num 84 extract_buf: pool_sig 0000011b, data_sig ffffff51, bytes_mixed 20 a4794863 878070c1
[    6.308129] random 0000 0000 0000 737f19b4 9417d8ab: urand_change_num 85 extract_buf: pool_sig 000001a3, data_sig 0000006c, bytes_mixed 20 737f19b4 9417d8ab
[    6.312193] random 0000 0000 0000 737f19b4 9417d8ab: rand_read_num 24 get_random_bytes(16): sig fffffe22 737f19b4 9417d8ab
[    6.312195] random 0000 0000 0000 737f19b4 9417d8ab: extract_entropy(.. 16 ..)
[    6.312198] random 0000 0000 0000 737f19b4 9417d8ab: going to reseed nonblocking with 128 bits (128 of 0 requested)
[    6.312200] random 0000 0000 0000 737f19b4 9417d8ab: extract_entropy(.. 16 ..)
[    6.312202] random 0000 0000 0000 737f19b4 9417d8ab: trying to extract 128 bits from input
[    6.312204] random 0000 0000 0000 737f19b4 9417d8ab: debiting 0 entropy credits from input
[    6.312206] random 0000 0000 0000 737f19b4 9417d8ab: extract_entropy account returned: 0 
[    6.312210] random 0000 0000 0000 737f19b4 9417d8ab: urand_change_num 86 xfer_secondary_pool(16): pool_sig fffffe22, data_sig 00000000, bytes_mixed 0 737f19b4 9417d8ab
[    6.312212] random 0000 0000 0000 737f19b4 9417d8ab: trying to extract 128 bits from nonblocking
[    6.312215] random 0000 0000 0000 737f19b4 9417d8ab: debiting 128 entropy credits from nonblocking (unlimited)
[    6.312217] random 0000 0000 0000 737f19b4 9417d8ab: extract_entropy account returned: 16 
[    6.312221] random 0000 0000 0000 737f19b4 9417d8ab: urand_change_num 87 extract_buf: pool_sig fffffe22, data_sig 00000230, bytes_mixed 20 737f19b4 9417d8ab
[    6.312226] random 0000 0000 0000 4deb0d06 1236af4c: urand_change_num 88 extract_buf: pool_sig 000000b6, data_sig ffffff44, bytes_mixed 20 4deb0d06 1236af4c
[    6.313228] random 0000 0000 0000 b538fadc 4a7613df: rand_read_num 25 get_random_bytes(16): sig 0000013c b538fadc 4a7613df
[    6.313230] random 0000 0000 0000 b538fadc 4a7613df: extract_entropy(.. 16 ..)
[    6.313233] random 0000 0000 0000 b538fadc 4a7613df: going to reseed nonblocking with 128 bits (128 of 0 requested)
[    6.313235] random 0000 0000 0000 b538fadc 4a7613df: extract_entropy(.. 16 ..)
[    6.313237] random 0000 0000 0000 b538fadc 4a7613df: trying to extract 128 bits from input
[    6.313239] random 0000 0000 0000 b538fadc 4a7613df: debiting 0 entropy credits from input
[    6.313241] random 0000 0000 0000 b538fadc 4a7613df: extract_entropy account returned: 0 
[    6.313245] random 0000 0000 0000 b538fadc 4a7613df: urand_change_num 89 xfer_secondary_pool(16): pool_sig 0000013c, data_sig 00000000, bytes_mixed 0 b538fadc 4a7613df
[    6.313247] random 0000 0000 0000 b538fadc 4a7613df: trying to extract 128 bits from nonblocking
[    6.313250] random 0000 0000 0000 b538fadc 4a7613df: debiting 128 entropy credits from nonblocking (unlimited)
[    6.313252] random 0000 0000 0000 b538fadc 4a7613df: extract_entropy account returned: 16 
[    6.313256] random 0000 0000 0000 b538fadc 4a7613df: urand_change_num 90 extract_buf: pool_sig 0000013c, data_sig 00000015, bytes_mixed 20 b538fadc 4a7613df
[    6.313261] random 0000 0000 0000 b538fadc 4a7613df: urand_change_num 91 extract_buf: pool_sig 00000452, data_sig 0000002b, bytes_mixed 20 b538fadc 4a7613df
[    6.313711] random 0000 0000 0000 73b17df4 93bb370e: rand_read_num 26 get_random_bytes(16): sig fffffbf1 73b17df4 93bb370e
[    6.313714] random 0000 0000 0000 73b17df4 93bb370e: extract_entropy(.. 16 ..)
[    6.313716] random 0000 0000 0000 73b17df4 93bb370e: going to reseed nonblocking with 128 bits (128 of 0 requested)
[    6.313718] random 0000 0000 0000 73b17df4 93bb370e: extract_entropy(.. 16 ..)
[    6.313720] random 0000 0000 0000 73b17df4 93bb370e: trying to extract 128 bits from input
[    6.313723] random 0000 0000 0000 73b17df4 93bb370e: debiting 0 entropy credits from input
[    6.313725] random 0000 0000 0000 73b17df4 93bb370e: extract_entropy account returned: 0 
[    6.313728] random 0000 0000 0000 73b17df4 93bb370e: urand_change_num 92 xfer_secondary_pool(16): pool_sig fffffbf1, data_sig 00000000, bytes_mixed 0 73b17df4 93bb370e
[    6.313731] random 0000 0000 0000 73b17df4 93bb370e: trying to extract 128 bits from nonblocking
[    6.313733] random 0000 0000 0000 73b17df4 93bb370e: debiting 128 entropy credits from nonblocking (unlimited)
[    6.313735] random 0000 0000 0000 73b17df4 93bb370e: extract_entropy account returned: 16 
[    6.313739] random 0000 0000 0000 73b17df4 93bb370e: urand_change_num 93 extract_buf: pool_sig fffffbf1, data_sig ffffff99, bytes_mixed 20 73b17df4 93bb370e
[    6.313745] random 0000 0000 0000 73b17df4 93bb370e: urand_change_num 94 extract_buf: pool_sig fffffe1d, data_sig 000000b0, bytes_mixed 20 73b17df4 93bb370e
[    6.314157] random 0000 0000 0000 0cd682bb ba04da9f: rand_read_num 27 get_random_bytes(16): sig fffffccb 0cd682bb ba04da9f
[    6.314160] random 0000 0000 0000 0cd682bb ba04da9f: extract_entropy(.. 16 ..)
[    6.314162] random 0000 0000 0000 0cd682bb ba04da9f: going to reseed nonblocking with 128 bits (128 of 0 requested)
[    6.314165] random 0000 0000 0000 0cd682bb ba04da9f: extract_entropy(.. 16 ..)
[    6.314167] random 0000 0000 0000 0cd682bb ba04da9f: trying to extract 128 bits from input
[    6.314169] random 0000 0000 0000 0cd682bb ba04da9f: debiting 0 entropy credits from input
[    6.314171] random 0000 0000 0000 0cd682bb ba04da9f: extract_entropy account returned: 0 
[    6.314174] random 0000 0000 0000 0cd682bb ba04da9f: urand_change_num 95 xfer_secondary_pool(16): pool_sig fffffccb, data_sig 00000000, bytes_mixed 0 0cd682bb ba04da9f
[    6.314177] random 0000 0000 0000 0cd682bb ba04da9f: trying to extract 128 bits from nonblocking
[    6.314180] random 0000 0000 0000 0cd682bb ba04da9f: debiting 128 entropy credits from nonblocking (unlimited)
[    6.314182] random 0000 0000 0000 0cd682bb ba04da9f: extract_entropy account returned: 16 
[    6.314186] random 0000 0000 0000 0cd682bb ba04da9f: urand_change_num 96 extract_buf: pool_sig fffffccb, data_sig fffffec5, bytes_mixed 20 0cd682bb ba04da9f
[    6.314191] random 0000 0000 0000 26929f1a 15254dc1: urand_change_num 97 extract_buf: pool_sig fffffed2, data_sig ffffffb1, bytes_mixed 20 26929f1a 15254dc1
[    6.315064] random 0000 0000 0000 26929f1a 15254dc1: rand_read_num 28 get_random_bytes(16): sig 00000038 26929f1a 15254dc1
[    6.315066] random 0000 0000 0000 26929f1a 15254dc1: extract_entropy(.. 16 ..)
[    6.315069] random 0000 0000 0000 26929f1a 15254dc1: going to reseed nonblocking with 128 bits (128 of 0 requested)
[    6.315071] random 0000 0000 0000 26929f1a 15254dc1: extract_entropy(.. 16 ..)
[    6.315073] random 0000 0000 0000 26929f1a 15254dc1: trying to extract 128 bits from input
[    6.315076] random 0000 0000 0000 26929f1a 15254dc1: debiting 0 entropy credits from input
[    6.315078] random 0000 0000 0000 26929f1a 15254dc1: extract_entropy account returned: 0 
[    6.315081] random 0000 0000 0000 26929f1a 15254dc1: urand_change_num 98 xfer_secondary_pool(16): pool_sig 00000038, data_sig 00000000, bytes_mixed 0 26929f1a 15254dc1
[    6.315084] random 0000 0000 0000 26929f1a 15254dc1: trying to extract 128 bits from nonblocking
[    6.315086] random 0000 0000 0000 26929f1a 15254dc1: debiting 128 entropy credits from nonblocking (unlimited)
[    6.315088] random 0000 0000 0000 26929f1a 15254dc1: extract_entropy account returned: 16 
[    6.315092] random 0000 0000 0000 26929f1a 15254dc1: urand_change_num 99 extract_buf: pool_sig 00000038, data_sig 000000fd, bytes_mixed 20 26929f1a 15254dc1
[    6.315098] random 0000 0000 0000 8116fe3b 478c2d5b: urand_change_num 100 extract_buf: pool_sig 00000059, data_sig 00000310, bytes_mixed 20 8116fe3b 478c2d5b
[    6.321729] random 0000 0000 0000 a20f4a3a 32a6b2fa: rand_read_num 29 get_random_bytes(16): sig 000002c0 a20f4a3a 32a6b2fa
[    6.321731] random 0000 0000 0000 a20f4a3a 32a6b2fa: extract_entropy(.. 16 ..)
[    6.321734] random 0000 0000 0000 a20f4a3a 32a6b2fa: going to reseed nonblocking with 128 bits (128 of 0 requested)
[    6.321736] random 0000 0000 0000 a20f4a3a 32a6b2fa: extract_entropy(.. 16 ..)
[    6.321738] random 0000 0000 0000 a20f4a3a 32a6b2fa: trying to extract 128 bits from input
[    6.321740] random 0000 0000 0000 a20f4a3a 32a6b2fa: debiting 0 entropy credits from input
[    6.321742] random 0000 0000 0000 a20f4a3a 32a6b2fa: extract_entropy account returned: 0 
[    6.321746] random 0000 0000 0000 a20f4a3a 32a6b2fa: urand_change_num 101 xfer_secondary_pool(16): pool_sig 000002c0, data_sig 00000000, bytes_mixed 0 a20f4a3a 32a6b2fa
[    6.321748] random 0000 0000 0000 a20f4a3a 32a6b2fa: trying to extract 128 bits from nonblocking
[    6.321751] random 0000 0000 0000 a20f4a3a 32a6b2fa: debiting 128 entropy credits from nonblocking (unlimited)
[    6.321753] random 0000 0000 0000 a20f4a3a 32a6b2fa: extract_entropy account returned: 16 
[    6.321757] random 0000 0000 0000 a20f4a3a 32a6b2fa: urand_change_num 102 extract_buf: pool_sig 000002c0, data_sig 000000fb, bytes_mixed 20 a20f4a3a 32a6b2fa
[    6.321763] random 0000 0000 0000 a20f4a3a 32a6b2fa: urand_change_num 103 extract_buf: pool_sig ffffffdd, data_sig 000000a5, bytes_mixed 20 a20f4a3a 32a6b2fa
[    6.334261] random 0000 0000 0000 de716d2a 6c4757e1: rand_read_num 30 get_random_bytes(16): sig 000000fa de716d2a 6c4757e1
[    6.334264] random 0000 0000 0000 de716d2a 6c4757e1: extract_entropy(.. 16 ..)
[    6.334266] random 0000 0000 0000 de716d2a 6c4757e1: going to reseed nonblocking with 128 bits (128 of 0 requested)
[    6.334269] random 0000 0000 0000 de716d2a 6c4757e1: extract_entropy(.. 16 ..)
[    6.334271] random 0000 0000 0000 de716d2a 6c4757e1: trying to extract 128 bits from input
[    6.334273] random 0000 0000 0000 de716d2a 6c4757e1: debiting 0 entropy credits from input
[    6.334275] random 0000 0000 0000 de716d2a 6c4757e1: extract_entropy account returned: 0 
[    6.334278] random 0000 0000 0000 de716d2a 6c4757e1: urand_change_num 104 xfer_secondary_pool(16): pool_sig 000000fa, data_sig 00000000, bytes_mixed 0 de716d2a 6c4757e1
[    6.334281] random 0000 0000 0000 de716d2a 6c4757e1: trying to extract 128 bits from nonblocking
[    6.334283] random 0000 0000 0000 de716d2a 6c4757e1: debiting 128 entropy credits from nonblocking (unlimited)
[    6.334285] random 0000 0000 0000 de716d2a 6c4757e1: extract_entropy account returned: 16 
[    6.334289] random 0000 0000 0000 de716d2a 6c4757e1: urand_change_num 105 extract_buf: pool_sig 000000fa, data_sig ffffff34, bytes_mixed 20 de716d2a 6c4757e1
[    6.334295] random 0000 0000 0000 de716d2a 6c4757e1: urand_change_num 106 extract_buf: pool_sig 000003d3, data_sig ffffff30, bytes_mixed 20 de716d2a 6c4757e1
[    6.334876] random 0000 0000 0000 a7c511e1 f90ea457: rand_read_num 31 get_random_bytes(16): sig 0000009a a7c511e1 f90ea457
[    6.334879] random 0000 0000 0000 a7c511e1 f90ea457: extract_entropy(.. 16 ..)
[    6.334882] random 0000 0000 0000 a7c511e1 f90ea457: going to reseed nonblocking with 128 bits (128 of 0 requested)
[    6.334884] random 0000 0000 0000 a7c511e1 f90ea457: extract_entropy(.. 16 ..)
[    6.334886] random 0000 0000 0000 a7c511e1 f90ea457: trying to extract 128 bits from input
[    6.334888] random 0000 0000 0000 a7c511e1 f90ea457: debiting 0 entropy credits from input
[    6.334890] random 0000 0000 0000 a7c511e1 f90ea457: extract_entropy account returned: 0 
[    6.334893] random 0000 0000 0000 a7c511e1 f90ea457: urand_change_num 107 xfer_secondary_pool(16): pool_sig 0000009a, data_sig 00000000, bytes_mixed 0 a7c511e1 f90ea457
[    6.334896] random 0000 0000 0000 a7c511e1 f90ea457: trying to extract 128 bits from nonblocking
[    6.334899] random 0000 0000 0000 a7c511e1 f90ea457: debiting 128 entropy credits from nonblocking (unlimited)
[    6.334901] random 0000 0000 0000 a7c511e1 f90ea457: extract_entropy account returned: 16 
[    6.334905] random 0000 0000 0000 a7c511e1 f90ea457: urand_change_num 108 extract_buf: pool_sig 0000009a, data_sig 000000e0, bytes_mixed 20 a7c511e1 f90ea457
[    6.334910] random 0000 0000 0000 7c18c7e6 d65ccb06: urand_change_num 109 extract_buf: pool_sig fffffa79, data_sig 000000e0, bytes_mixed 20 7c18c7e6 d65ccb06
[    6.335493] random 0000 0000 0000 7c18c7e6 d65ccb06: rand_read_num 32 get_random_bytes(16): sig fffffe1e 7c18c7e6 d65ccb06
[    6.335495] random 0000 0000 0000 7c18c7e6 d65ccb06: extract_entropy(.. 16 ..)
[    6.335498] random 0000 0000 0000 7c18c7e6 d65ccb06: going to reseed nonblocking with 128 bits (128 of 0 requested)
[    6.335500] random 0000 0000 0000 7c18c7e6 d65ccb06: extract_entropy(.. 16 ..)
[    6.335502] random 0000 0000 0000 7c18c7e6 d65ccb06: trying to extract 128 bits from input
[    6.335505] random 0000 0000 0000 7c18c7e6 d65ccb06: debiting 0 entropy credits from input
[    6.335507] random 0000 0000 0000 7c18c7e6 d65ccb06: extract_entropy account returned: 0 
[    6.335510] random 0000 0000 0000 7c18c7e6 d65ccb06: urand_change_num 110 xfer_secondary_pool(16): pool_sig fffffe1e, data_sig 00000000, bytes_mixed 0 7c18c7e6 d65ccb06
[    6.335512] random 0000 0000 0000 7c18c7e6 d65ccb06: trying to extract 128 bits from nonblocking
[    6.335515] random 0000 0000 0000 7c18c7e6 d65ccb06: debiting 128 entropy credits from nonblocking (unlimited)
[    6.335517] random 0000 0000 0000 7c18c7e6 d65ccb06: extract_entropy account returned: 16 
