[    0.000000] random 0000 0000 0000 00000000 00000000: rand_read_num 1 get_random_bytes(8): sig 00000000 00000000 00000000
[    0.000000] random 0000 0000 0000 00000000 00000000: extract_entropy(.. 8 ..)
[    0.000000] random 0000 0000 0000 00000000 00000000: going to reseed nonblocking with 64 bits (64 of 0 requested)
[    0.000000] random 0000 0000 0000 00000000 00000000: extract_entropy(.. 8 ..)
[    0.000000] random 0000 0000 0000 00000000 00000000: trying to extract 64 bits from input
[    0.000000] random 0000 0000 0000 00000000 00000000: debiting 0 entropy credits from input
[    0.000000] random 0000 0000 0000 00000000 00000000: extract_entropy account returned: 0 
[    0.000000] random 0000 0000 0000 00000000 00000000: urand_change_num 1 xfer_secondary_pool(8): pool_sig 00000000, data_sig 00000000, bytes_mixed 0 00000000 00000000
[    0.000000] random 0000 0000 0000 00000000 00000000: trying to extract 64 bits from nonblocking
[    0.000000] random 0000 0000 0000 00000000 00000000: debiting 64 entropy credits from nonblocking (unlimited)
[    0.000000] random 0000 0000 0000 00000000 00000000: extract_entropy account returned: 8 
[    0.000000] random 0000 0000 0000 00000000 00000000: urand_change_num 2 extract_buf: pool_sig 00000000, data_sig fffffff9, bytes_mixed 20 00000000 00000000
[    0.000000] Linux version 2.6.32.57 (dcashman@dcashman-02) (gcc version 4.3.3 (GCC) ) #3 Fri May 24 04:27:34 PDT 2013
[    0.000000] KERNEL supported cpus:
[    0.000000]   Intel GenuineIntel
[    0.000000]   AMD AuthenticAMD
[    0.000000]   NSC Geode by NSC
[    0.000000]   Cyrix CyrixInstead
[    0.000000]   Centaur CentaurHauls
[    0.000000]   Transmeta GenuineTMx86
[    0.000000]   Transmeta TransmetaCPU
[    0.000000]   UMC UMC UMC UMC
[    0.000000] BIOS-provided physical RAM map:
[    0.000000]  BIOS-e820: 0000000000000000 - 000000000009d800 (usable)
[    0.000000]  BIOS-e820: 000000000009d800 - 00000000000a0000 (reserved)
[    0.000000]  BIOS-e820: 00000000000d2000 - 00000000000d4000 (reserved)
[    0.000000]  BIOS-e820: 00000000000e0000 - 0000000000100000 (reserved)
[    0.000000]  BIOS-e820: 0000000000100000 - 000000003d6b0000 (usable)
[    0.000000]  BIOS-e820: 000000003d6b0000 - 000000003d6cc000 (ACPI data)
[    0.000000]  BIOS-e820: 000000003d6cc000 - 000000003d700000 (ACPI NVS)
[    0.000000]  BIOS-e820: 000000003d700000 - 000000003e000000 (reserved)
[    0.000000]  BIOS-e820: 00000000f0000000 - 00000000f4000000 (reserved)
[    0.000000]  BIOS-e820: 00000000fec00000 - 00000000fec10000 (reserved)
[    0.000000]  BIOS-e820: 00000000fed00000 - 00000000fed00400 (reserved)
[    0.000000]  BIOS-e820: 00000000fed14000 - 00000000fed1a000 (reserved)
[    0.000000]  BIOS-e820: 00000000fed1c000 - 00000000fed90000 (reserved)
[    0.000000]  BIOS-e820: 00000000fee00000 - 00000000fee01000 (reserved)
[    0.000000]  BIOS-e820: 00000000ff000000 - 0000000100000000 (reserved)
[    0.000000] DMI present.
[    0.000000] last_pfn = 0x3d6b0 max_arch_pfn = 0x100000
[    0.000000] MTRR default type: uncachable
[    0.000000] MTRR fixed ranges enabled:
[    0.000000]   00000-9FFFF write-back
[    0.000000]   A0000-BFFFF uncachable
[    0.000000]   C0000-CFFFF write-protect
[    0.000000]   D0000-DFFFF uncachable
[    0.000000]   E0000-FFFFF write-protect
[    0.000000] MTRR variable ranges enabled:
[    0.000000]   0 base 03E000000 mask FFE000000 uncachable
[    0.000000]   1 base 000000000 mask FC0000000 write-back
[    0.000000]   2 base 03D700000 mask FFFF00000 uncachable
[    0.000000]   3 base 03D800000 mask FFF800000 uncachable
[    0.000000]   4 disabled
[    0.000000]   5 disabled
[    0.000000]   6 disabled
[    0.000000]   7 disabled
[    0.000000] initial memory mapped : 0 - 02000000
[    0.000000] init_memory_mapping: 0000000000000000-00000000377fe000
[    0.000000]  0000000000 - 0000400000 page 4k
[    0.000000]  0000400000 - 0037400000 page 2M
[    0.000000]  0037400000 - 00377fe000 page 4k
[    0.000000] kernel direct mapping tables up to 377fe000 @ 7000-c000
[    0.000000] ACPI: RSDP 000f68d0 00024 (v02 LENOVO)
[    0.000000] ACPI: XSDT 3d6bb77f 00094 (v01 LENOVO TP-7L    00002170  LTP 00000000)
[    0.000000] ACPI: FACP 3d6bb900 000F4 (v03 LENOVO TP-7L    00002170 LNVO 00000001)
[    0.000000] ACPI Warning: 32/64X length mismatch in Gpe1Block: 0/32 (20090903/tbfadt-526)
[    0.000000] ACPI Warning: Optional field Gpe1Block has zero address or length: 000000000000102C/0 (20090903/tbfadt-557)
[    0.000000] ACPI: DSDT 3d6bbd1d 0FED1 (v01 LENOVO TP-7L    00002170 MSFT 03000000)
[    0.000000] ACPI: FACS 3d6e4000 00040
[    0.000000] ACPI: SSDT 3d6bbab4 00269 (v01 LENOVO TP-7L    00002170 MSFT 03000000)
[    0.000000] ACPI: ECDT 3d6cbbee 00052 (v01 LENOVO TP-7L    00002170 LNVO 00000001)
[    0.000000] ACPI: TCPA 3d6cbc40 00032 (v02 LENOVO TP-7L    00002170 LNVO 00000001)
[    0.000000] ACPI: APIC 3d6cbc72 00068 (v01 LENOVO TP-7L    00002170 LNVO 00000001)
[    0.000000] ACPI: MCFG 3d6cbcda 0003C (v01 LENOVO TP-7L    00002170 LNVO 00000001)
[    0.000000] ACPI: HPET 3d6cbd16 00038 (v01 LENOVO TP-7L    00002170 LNVO 00000001)
[    0.000000] ACPI: SLIC 3d6cbdf0 00176 (v01 LENOVO TP-7L    00002170  LTP 00000000)
[    0.000000] ACPI: BOOT 3d6cbf66 00028 (v01 LENOVO TP-7L    00002170  LTP 00000001)
[    0.000000] ACPI: ASF! 3d6cbf8e 00072 (v16 LENOVO TP-7L    00002170 PTL  00000001)
[    0.000000] ACPI: SSDT 3d6e26d9 0025F (v01 LENOVO TP-7L    00002170 INTL 20050513)
[    0.000000] ACPI: SSDT 3d6e2938 000A6 (v01 LENOVO TP-7L    00002170 INTL 20050513)
[    0.000000] ACPI: SSDT 3d6e29de 004F7 (v01 LENOVO TP-7L    00002170 INTL 20050513)
[    0.000000] ACPI: SSDT 3d6e2ed5 001D8 (v01 LENOVO TP-7L    00002170 INTL 20050513)
[    0.000000] ACPI: DMI detected: Lenovo ThinkPad R61
[    0.000000] ACPI: Added _OSI(Linux)
[    0.000000] ACPI: Local APIC address 0xfee00000
[    0.000000] 94MB HIGHMEM available.
[    0.000000] 887MB LOWMEM available.
[    0.000000]   mapped low ram: 0 - 377fe000
[    0.000000]   low ram: 0 - 377fe000
[    0.000000]   node 0 low ram: 00000000 - 377fe000
[    0.000000]   node 0 bootmap 00008000 - 0000ef00
[    0.000000] (6 early reservations) ==> bootmem [0000000000 - 00377fe000]
[    0.000000]   #0 [0000000000 - 0000001000]   BIOS data page ==> [0000000000 - 0000001000]
[    0.000000]   #1 [0001000000 - 0001bdc180]    TEXT DATA BSS ==> [0001000000 - 0001bdc180]
[    0.000000]   #2 [000009d800 - 0000100000]    BIOS reserved ==> [000009d800 - 0000100000]
[    0.000000]   #3 [0001bdd000 - 0001be516c]              BRK ==> [0001bdd000 - 0001be516c]
[    0.000000]   #4 [0000007000 - 0000008000]          PGTABLE ==> [0000007000 - 0000008000]
[    0.000000]   #5 [0000008000 - 000000f000]          BOOTMAP ==> [0000008000 - 000000f000]
[    0.000000] found SMP MP-table at [c00f6900] f6900
[    0.000000] Zone PFN ranges:
[    0.000000]   DMA      0x00000000 -> 0x00001000
[    0.000000]   Normal   0x00001000 -> 0x000377fe
[    0.000000]   HighMem  0x000377fe -> 0x0003d6b0
[    0.000000] Movable zone start PFN for each node
[    0.000000] early_node_map[2] active PFN ranges
[    0.000000]     0: 0x00000000 -> 0x0000009d
[    0.000000]     0: 0x00000100 -> 0x0003d6b0
[    0.000000] On node 0 totalpages: 251469
[    0.000000] free_area_init_node: node 0, pgdat c1901ea0, node_mem_map c1be7000
[    0.000000]   DMA zone: 32 pages used for memmap
[    0.000000]   DMA zone: 0 pages reserved
[    0.000000]   DMA zone: 3965 pages, LIFO batch:0
[    0.000000]   Normal zone: 1744 pages used for memmap
[    0.000000]   Normal zone: 221486 pages, LIFO batch:31
[    0.000000]   HighMem zone: 190 pages used for memmap
[    0.000000]   HighMem zone: 24052 pages, LIFO batch:3
[    0.000000] Using APIC driver default
[    0.000000] ACPI: PM-Timer IO Port: 0x1008
[    0.000000] ACPI: Local APIC address 0xfee00000
[    0.000000] ACPI: LAPIC (acpi_id[0x00] lapic_id[0x00] enabled)
[    0.000000] ACPI: LAPIC (acpi_id[0x01] lapic_id[0x01] enabled)
[    0.000000] ACPI: NR_CPUS/possible_cpus limit of 1 reached.  Processor 1/0x1 ignored.
[    0.000000] ACPI: LAPIC_NMI (acpi_id[0x00] high edge lint[0x1])
[    0.000000] ACPI: LAPIC_NMI (acpi_id[0x01] high edge lint[0x1])
[    0.000000] ACPI: IOAPIC (id[0x01] address[0xfec00000] gsi_base[0])
[    0.000000] IOAPIC[0]: apic_id 1, version 32, address 0xfec00000, GSI 0-23
[    0.000000] ACPI: INT_SRC_OVR (bus 0 bus_irq 0 global_irq 2 dfl dfl)
[    0.000000] ACPI: INT_SRC_OVR (bus 0 bus_irq 9 global_irq 9 high level)
[    0.000000] ACPI: IRQ0 used by override.
[    0.000000] ACPI: IRQ2 used by override.
[    0.000000] ACPI: IRQ9 used by override.
[    0.000000] Using ACPI (MADT) for SMP configuration information
[    0.000000] ACPI: HPET id: 0x8086a201 base: 0xfed00000
[    0.000000] nr_irqs_gsi: 24
[    0.000000] PM: Registered nosave memory: 000000000009d000 - 000000000009e000
[    0.000000] PM: Registered nosave memory: 000000000009e000 - 00000000000a0000
[    0.000000] PM: Registered nosave memory: 00000000000a0000 - 00000000000d2000
[    0.000000] PM: Registered nosave memory: 00000000000d2000 - 00000000000d4000
[    0.000000] PM: Registered nosave memory: 00000000000d4000 - 00000000000e0000
[    0.000000] PM: Registered nosave memory: 00000000000e0000 - 0000000000100000
[    0.000000] Allocating PCI resources starting at 3e000000 (gap: 3e000000:b2000000)
[    0.000000] Built 1 zonelists in Zone order, mobility grouping on.  Total pages: 249503
[    0.000000] Kernel command line: auto BOOT_IMAGE=Linux ro root=802 vt.default_utf8=0 maxcpus=0
[    0.000000] PID hash table entries: 4096 (order: 2, 16384 bytes)
[    0.000000] Dentry cache hash table entries: 131072 (order: 7, 524288 bytes)
[    0.000000] Inode-cache hash table entries: 65536 (order: 6, 262144 bytes)
[    0.000000] Enabling fast FPU save and restore... done.
[    0.000000] Enabling unmasked SIMD FPU exception support... done.
[    0.000000] Initializing CPU#0
[    0.000000] Initializing HighMem for node 0 (000377fe:0003d6b0)
[    0.000000] Memory: 984800k/1006272k available (6914k kernel code, 20876k reserved, 2328k data, 448k init, 96968k highmem)
[    0.000000] virtual kernel memory layout:
[    0.000000]     fixmap  : 0xfffa3000 - 0xfffff000   ( 368 kB)
[    0.000000]     pkmap   : 0xff800000 - 0xffc00000   (4096 kB)
[    0.000000]     vmalloc : 0xf7ffe000 - 0xff7fe000   ( 120 MB)
[    0.000000]     lowmem  : 0xc0000000 - 0xf77fe000   ( 887 MB)
[    0.000000]       .init : 0xc1907000 - 0xc1977000   ( 448 kB)
[    0.000000]       .data : 0xc16c0b5f - 0xc1906c64   (2328 kB)
[    0.000000]       .text : 0xc1000000 - 0xc16c0b5f   (6914 kB)
[    0.000000] Checking if this processor honours the WP bit even in supervisor mode...Ok.
[    0.000000] SLUB: Genslabs=13, HWalign=64, Order=0-3, MinObjects=0, CPUs=1, Nodes=1
[    0.000000] Hierarchical RCU implementation.
[    0.000000] NR_IRQS:288
[    0.000000] Extended CMOS year: 2000
[    0.000000] Console: colour VGA+ 80x25
[    0.000000] console [tty0] enabled
[    0.000000] hpet clockevent registered
[    0.000000] Fast TSC calibration using PIT
[    0.000000] Detected 2094.744 MHz processor.
[    0.001002] Calibrating delay loop (skipped), value calculated using timer frequency.. 4189.48 BogoMIPS (lpj=2094744)
[    0.001165] Security Framework initialized
[    0.001247] Mount-cache hash table entries: 512
[    0.002069] CPU: L1 I cache: 32K, L1 D cache: 32K
[    0.002198] CPU: L2 cache: 3072K
[    0.002277] mce: CPU supports 6 MCE banks
[    0.002365] CPU0: Thermal monitoring enabled (TM2)
[    0.002443] using mwait in idle threads.
[    0.002523] CPU: Intel(R) Core(TM)2 Duo CPU     T8100  @ 2.10GHz stepping 06
[    0.002692] Checking 'hlt' instruction... OK.
[    0.006934] ACPI: Core revision 20090903
[    0.026018] CANARY value: d101dd6a for PID: 1
[    0.026047] Enabling APIC mode:  Flat.  Using 1 I/O APICs
[    0.026495] ..TIMER: vector=0x30 apic1=0 pin1=2 apic2=-1 pin2=-1
[    0.036997] xor: automatically using best checksumming function: pIII_sse
[    0.040998]    pIII_sse  :  8568.000 MB/sec
[    0.041088] xor: using function: pIII_sse (8568.000 MB/sec)
[    0.041176] RANDOM - __seed init called.
[    0.041177] RANDOM - __seed init called.
[    0.041178] RANDOM - __seed init called.
[    0.041180] RANDOM - __random32 called. Change num 1.  Value: e6b75c0e	845fdb3c	4764ecc7
[    0.041181] RANDOM - __random32 called. Change num 2.  Value: 75c0e1a6	45fdb3ca	d98f8871
[    0.041183] RANDOM - __random32 called. Change num 3.  Value: e1a6d3e	5fdb3ca9	10e2be79
[    0.041185] RANDOM - __random32 called. Change num 4.  Value: a6d3e877	fdb3ca90	7cf2fee9
[    0.041186] RANDOM - __random32 called. Change num 5.  Value: 3e877b7b	db3ca905	fdd36ca1
[    0.041188] RANDOM - __random32 called. Change num 6.  Value: 77b7ba3d	b3ca905b	d9426901
[    0.041190] RANDOM - random32 init called.  Value: 77b7ba3d	b3ca905b	d9426901
[    0.041207] NET: Registered protocol family 16
[    0.041459] ACPI FADT declares the system doesn't support PCIe ASPM, so disable it
[    0.041573] ACPI: bus type pci registered
[    0.041741] PCI: MCFG configuration 0: base f0000000 segment 0 buses 0 - 63
[    0.041825] PCI: MCFG area at f0000000 reserved in E820
[    0.041914] PCI: Using MMCONFIG for extended config space
[    0.041994] PCI: Using configuration type 1 for base access
[    0.045101] bio: create slab <bio-0> at 0
[    0.045910] ACPI: EC: EC description table is found, configuring boot EC
[    0.051050] ACPI: BIOS _OSI(Linux) query honored via DMI
[    0.051767] random 0000 0000 0000 00000000 00000000: rand_read_num 2 get_random_bytes(8): sig fffffe1a 00000000 00000000
[    0.051770] random 0000 0000 0000 00000000 00000000: extract_entropy(.. 8 ..)
[    0.051773] random 0000 0000 0000 00000000 00000000: going to reseed nonblocking with 64 bits (64 of 0 requested)
[    0.051775] random 0000 0000 0000 00000000 00000000: extract_entropy(.. 8 ..)
[    0.051777] random 0000 0000 0000 00000000 00000000: trying to extract 64 bits from input
[    0.051779] random 0000 0000 0000 00000000 00000000: debiting 0 entropy credits from input
[    0.051781] random 0000 0000 0000 00000000 00000000: extract_entropy account returned: 0 
[    0.051784] random 0000 0000 0000 00000000 00000000: urand_change_num 3 xfer_secondary_pool(8): pool_sig fffffe1a, data_sig 00000000, bytes_mixed 0 00000000 00000000
[    0.051787] random 0000 0000 0000 00000000 00000000: trying to extract 64 bits from nonblocking
[    0.051789] random 0000 0000 0000 00000000 00000000: debiting 64 entropy credits from nonblocking (unlimited)
[    0.051791] random 0000 0000 0000 00000000 00000000: extract_entropy account returned: 8 
[    0.051822] random 0000 0000 0000 00000000 00000000: urand_change_num 4 extract_buf: pool_sig fffffe1a, data_sig fffffed7, bytes_mixed 20 00000000 00000000
[    0.056523] ACPI: Interpreter enabled
[    0.056604] ACPI: (supports S0 S3 S4 S5)
[    0.056884] ACPI: Using IOAPIC for interrupt routing
[    0.066666] ACPI: EC: GPE = 0x12, I/O: command/status = 0x66, data = 0x62
[    0.066930] ACPI: Power Resource [PUBS] (on)
[    0.069027] ACPI: ACPI Dock Station Driver: 3 docks/bays found
[    0.069425] ACPI: PCI Root Bridge [PCI0] (0000:00)
[    0.069589] pci 0000:00:02.0: reg 10 64bit mmio: [0xf8100000-0xf81fffff]
[    0.069595] pci 0000:00:02.0: reg 18 64bit mmio pref: [0xe0000000-0xefffffff]
[    0.069598] pci 0000:00:02.0: reg 20 io port: [0x1800-0x1807]
[    0.069633] pci 0000:00:02.1: reg 10 64bit mmio: [0xf8200000-0xf82fffff]
[    0.069732] pci 0000:00:19.0: reg 10 32bit mmio: [0xfe000000-0xfe01ffff]
[    0.069742] pci 0000:00:19.0: reg 14 32bit mmio: [0xfe025000-0xfe025fff]
[    0.069751] pci 0000:00:19.0: reg 18 io port: [0x1840-0x185f]
[    0.069825] pci 0000:00:19.0: PME# supported from D0 D3hot D3cold
[    0.069924] pci 0000:00:19.0: PME# disabled
[    0.070060] pci 0000:00:1a.0: reg 20 io port: [0x1860-0x187f]
[    0.070139] pci 0000:00:1a.1: reg 20 io port: [0x1880-0x189f]
[    0.070219] pci 0000:00:1a.7: reg 10 32bit mmio: [0xfe226c00-0xfe226fff]
[    0.070306] pci 0000:00:1a.7: PME# supported from D0 D3hot D3cold
[    0.070391] pci 0000:00:1a.7: PME# disabled
[    0.070526] pci 0000:00:1b.0: reg 10 64bit mmio: [0xfe020000-0xfe023fff]
[    0.070609] pci 0000:00:1b.0: PME# supported from D0 D3hot D3cold
[    0.070700] pci 0000:00:1b.0: PME# disabled
[    0.070910] pci 0000:00:1c.0: PME# supported from D0 D3hot D3cold
[    0.070999] pci 0000:00:1c.0: PME# disabled
[    0.071206] pci 0000:00:1c.1: PME# supported from D0 D3hot D3cold
[    0.071291] pci 0000:00:1c.1: PME# disabled
[    0.071486] pci 0000:00:1c.2: PME# supported from D0 D3hot D3cold
[    0.071570] pci 0000:00:1c.2: PME# disabled
[    0.071764] pci 0000:00:1c.3: PME# supported from D0 D3hot D3cold
[    0.071846] pci 0000:00:1c.3: PME# disabled
[    0.072113] pci 0000:00:1c.4: PME# supported from D0 D3hot D3cold
[    0.072206] pci 0000:00:1c.4: PME# disabled
[    0.072354] pci 0000:00:1d.0: reg 20 io port: [0x18a0-0x18bf]
[    0.073049] pci 0000:00:1d.1: reg 20 io port: [0x18c0-0x18df]
[    0.073138] pci 0000:00:1d.2: reg 20 io port: [0x18e0-0x18ff]
[    0.073226] pci 0000:00:1d.7: reg 10 32bit mmio: [0xfe227000-0xfe2273ff]
[    0.073324] pci 0000:00:1d.7: PME# supported from D0 D3hot D3cold
[    0.073409] pci 0000:00:1d.7: PME# disabled
[    0.073687] pci 0000:00:1f.0: quirk: region 1000-107f claimed by ICH6 ACPI/GPIO/TCO
[    0.073808] pci 0000:00:1f.0: quirk: region 1180-11bf claimed by ICH6 GPIO
[    0.073907] pci 0000:00:1f.0: ICH7 LPC Generic IO decode 1 PIO at 1600 (mask 007f)
[    0.073998] pci 0000:00:1f.0: ICH7 LPC Generic IO decode 2 PIO at 15e0 (mask 000f)
[    0.074112] pci 0000:00:1f.0: ICH7 LPC Generic IO decode 3 PIO at 1680 (mask 001f)
[    0.074312] pci 0000:00:1f.1: reg 10 io port: [0x00-0x07]
[    0.074319] pci 0000:00:1f.1: reg 14 io port: [0x00-0x03]
[    0.074328] pci 0000:00:1f.1: reg 18 io port: [0x00-0x07]
[    0.074337] pci 0000:00:1f.1: reg 1c io port: [0x00-0x03]
[    0.074346] pci 0000:00:1f.1: reg 20 io port: [0x1c00-0x1c0f]
[    0.074426] pci 0000:00:1f.2: reg 10 io port: [0x1c50-0x1c57]
[    0.074434] pci 0000:00:1f.2: reg 14 io port: [0x1c44-0x1c47]
[    0.074443] pci 0000:00:1f.2: reg 18 io port: [0x1c48-0x1c4f]
[    0.074450] pci 0000:00:1f.2: reg 1c io port: [0x1c40-0x1c43]
[    0.074459] pci 0000:00:1f.2: reg 20 io port: [0x1c20-0x1c3f]
[    0.074468] pci 0000:00:1f.2: reg 24 32bit mmio: [0xfe226000-0xfe2267ff]
[    0.074526] pci 0000:00:1f.2: PME# supported from D3hot
[    0.074625] pci 0000:00:1f.2: PME# disabled
[    0.074741] pci 0000:00:1f.3: reg 10 32bit mmio: [0xfe227400-0xfe2274ff]
[    0.074763] pci 0000:00:1f.3: reg 20 io port: [0x1c60-0x1c7f]
[    0.074854] pci 0000:00:1c.0: bridge io port: [0x2000-0x2fff]
[    0.074860] pci 0000:00:1c.0: bridge 32bit mmio: [0xfc000000-0xfdffffff]
[    0.074869] pci 0000:00:1c.0: bridge 64bit mmio pref: [0xf8000000-0xf80fffff]
[    0.074939] pci 0000:03:00.0: reg 10 64bit mmio: [0xdf3f0000-0xdf3fffff]
[    0.075171] pci 0000:00:1c.1: bridge io port: [0x3000-0x3fff]
[    0.075177] pci 0000:00:1c.1: bridge 32bit mmio: [0xdc000000-0xdf3fffff]
[    0.075186] pci 0000:00:1c.1: bridge 64bit mmio pref: [0xdfe00000-0xdfefffff]
[    0.075240] pci 0000:00:1c.2: bridge io port: [0x4000-0x4fff]
[    0.075247] pci 0000:00:1c.2: bridge 32bit mmio: [0xd8000000-0xd9ffffff]
[    0.075255] pci 0000:00:1c.2: bridge 64bit mmio pref: [0xdfb00000-0xdfbfffff]
[    0.075310] pci 0000:00:1c.3: bridge io port: [0x5000-0x5fff]
[    0.075315] pci 0000:00:1c.3: bridge 32bit mmio: [0xd4000000-0xd5ffffff]
[    0.075324] pci 0000:00:1c.3: bridge 64bit mmio pref: [0xdf800000-0xdf8fffff]
[    0.075381] pci 0000:00:1c.4: bridge io port: [0x6000-0x6fff]
[    0.075386] pci 0000:00:1c.4: bridge 32bit mmio: [0xd0000000-0xd1ffffff]
[    0.075396] pci 0000:00:1c.4: bridge 64bit mmio pref: [0xdf500000-0xdf5fffff]
[    0.075455] pci 0000:15:00.0: reg 10 32bit mmio: [0xf8300000-0xf8300fff]
[    0.075504] pci 0000:15:00.0: supports D1 D2
[    0.075505] pci 0000:15:00.0: PME# supported from D0 D1 D2 D3hot D3cold
[    0.075591] pci 0000:15:00.0: PME# disabled
[    0.075733] pci 0000:15:00.1: reg 10 32bit mmio: [0xf8301000-0xf83017ff]
[    0.075826] pci 0000:15:00.1: supports D1 D2
[    0.075827] pci 0000:15:00.1: PME# supported from D0 D1 D2 D3hot D3cold
[    0.075918] pci 0000:15:00.1: PME# disabled
[    0.076088] pci 0000:00:1e.0: transparent bridge
[    0.076168] pci 0000:00:1e.0: bridge io port: [0x7000-0xafff]
[    0.076174] pci 0000:00:1e.0: bridge 32bit mmio: [0xf8300000-0xfbffffff]
[    0.076182] pci 0000:00:1e.0: bridge 64bit mmio pref: [0xf4000000-0xf7ffffff]
[    0.076247] pci_bus 0000:00: on NUMA node 0
[    0.076251] ACPI: PCI Interrupt Routing Table [\_SB_.PCI0._PRT]
[    0.076383] ACPI: PCI Interrupt Routing Table [\_SB_.PCI0.EXP0._PRT]
[    0.076442] ACPI: PCI Interrupt Routing Table [\_SB_.PCI0.EXP1._PRT]
[    0.076500] ACPI: PCI Interrupt Routing Table [\_SB_.PCI0.EXP2._PRT]
[    0.076557] ACPI: PCI Interrupt Routing Table [\_SB_.PCI0.EXP3._PRT]
[    0.076620] ACPI: PCI Interrupt Routing Table [\_SB_.PCI0.EXP4._PRT]
[    0.076682] ACPI: PCI Interrupt Routing Table [\_SB_.PCI0.PCI1._PRT]
[    0.082150] ACPI: PCI Interrupt Link [LNKA] (IRQs 3 4 5 6 7 9 *10 11)
[    0.082864] ACPI: PCI Interrupt Link [LNKB] (IRQs 3 4 5 6 7 9 10 *11)
[    0.083582] ACPI: PCI Interrupt Link [LNKC] (IRQs 3 4 5 6 7 9 10 *11)
[    0.084323] ACPI: PCI Interrupt Link [LNKD] (IRQs 3 4 5 6 7 9 10 *11)
[    0.085065] ACPI: PCI Interrupt Link [LNKE] (IRQs 3 4 5 6 7 9 10 *11)
[    0.085803] ACPI: PCI Interrupt Link [LNKF] (IRQs 3 4 5 6 7 9 10 *11)
[    0.086521] ACPI: PCI Interrupt Link [LNKG] (IRQs 3 4 5 6 7 9 10 *11)
[    0.087237] ACPI: PCI Interrupt Link [LNKH] (IRQs 3 4 5 6 7 9 10 *11)
[    0.087919] vgaarb: device added: PCI:0000:00:02.0,decodes=io+mem,owns=io+mem,locks=none
[    0.088002] vgaarb: loaded
[    0.088174] SCSI subsystem initialized
[    0.088264] libata version 3.00 loaded.
[    0.088311] usbcore: registered new interface driver usbfs
[    0.088425] usbcore: registered new interface driver hub
[    0.088532] usbcore: registered new device driver usb
[    0.105039] raid6: int32x1    941 MB/s
[    0.122057] raid6: int32x2    890 MB/s
[    0.139066] raid6: int32x4    750 MB/s
[    0.155999] raid6: int32x8    656 MB/s
[    0.172987] raid6: mmxx1     2878 MB/s
[    0.189984] raid6: mmxx2     3269 MB/s
[    0.206991] raid6: sse1x1    1937 MB/s
[    0.223976] raid6: sse1x2    2531 MB/s
[    0.240989] raid6: sse2x1    3511 MB/s
[    0.257979] raid6: sse2x2    3824 MB/s
[    0.258065] raid6: using algorithm sse2x2 (3824 MB/s)
[    0.258147] PCI: Using ACPI for IRQ routing
[    0.258442] HPET: 3 timers in total, 0 timers will be used for per-cpu timer
[    0.258990] Switching to clocksource tsc
[    0.259085] pnp: PnP ACPI init
[    0.259166] ACPI: bus type pnp registered
[    0.262882] pnp: PnP ACPI: found 11 devices
[    0.262966] ACPI: ACPI bus type pnp unregistered
[    0.263051] system 00:00: iomem range 0x0-0x9ffff could not be reserved
[    0.263139] system 00:00: iomem range 0xc0000-0xc3fff could not be reserved
[    0.263226] system 00:00: iomem range 0xc4000-0xc7fff could not be reserved
[    0.263308] system 00:00: iomem range 0xc8000-0xcbfff has been reserved
[    0.263396] system 00:00: iomem range 0xcc000-0xcffff has been reserved
[    0.263479] system 00:00: iomem range 0xd0000-0xd3fff could not be reserved
[    0.263568] system 00:00: iomem range 0xe0000-0xe3fff could not be reserved
[    0.263657] system 00:00: iomem range 0xe4000-0xe7fff could not be reserved
[    0.263739] system 00:00: iomem range 0xe8000-0xebfff could not be reserved
[    0.263835] system 00:00: iomem range 0xec000-0xeffff could not be reserved
[    0.263931] system 00:00: iomem range 0xf0000-0xfffff could not be reserved
[    0.264023] system 00:00: iomem range 0x100000-0x3dffffff could not be reserved
[    0.264141] system 00:00: iomem range 0xfec00000-0xfed3ffff could not be reserved
[    0.264261] system 00:00: iomem range 0xfed4c000-0xffffffff could not be reserved
[    0.264376] system 00:02: ioport range 0x164e-0x164f has been reserved
[    0.264458] system 00:02: ioport range 0x1000-0x107f has been reserved
[    0.264545] system 00:02: ioport range 0x1180-0x11bf has been reserved
[    0.264636] system 00:02: ioport range 0x800-0x80f has been reserved
[    0.264729] system 00:02: ioport range 0x15e0-0x15ef has been reserved
[    0.264814] system 00:02: ioport range 0x1600-0x165f could not be reserved
[    0.264903] system 00:02: iomem range 0xf0000000-0xf3ffffff has been reserved
[    0.264986] system 00:02: iomem range 0xfed1c000-0xfed1ffff has been reserved
[    0.265081] system 00:02: iomem range 0xfed14000-0xfed17fff has been reserved
[    0.265169] system 00:02: iomem range 0xfed18000-0xfed18fff has been reserved
[    0.265269] system 00:02: iomem range 0xfed19000-0xfed19fff has been reserved
[    0.265355] system 00:02: iomem range 0xfed45000-0xfed4bfff has been reserved
[    0.300384] pci 0000:00:1c.0: PCI bridge, secondary bus 0000:02
[    0.300467] pci 0000:00:1c.0:   IO window: 0x2000-0x2fff
[    0.300566] pci 0000:00:1c.0:   MEM window: 0xfc000000-0xfdffffff
[    0.300653] pci 0000:00:1c.0:   PREFETCH window: 0x000000f8000000-0x000000f80fffff
[    0.300783] pci 0000:00:1c.1: PCI bridge, secondary bus 0000:03
[    0.300872] pci 0000:00:1c.1:   IO window: 0x3000-0x3fff
[    0.300957] pci 0000:00:1c.1:   MEM window: 0xdc000000-0xdf3fffff
[    0.301044] pci 0000:00:1c.1:   PREFETCH window: 0x000000dfe00000-0x000000dfefffff
[    0.301166] pci 0000:00:1c.2: PCI bridge, secondary bus 0000:04
[    0.301253] pci 0000:00:1c.2:   IO window: 0x4000-0x4fff
[    0.301338] pci 0000:00:1c.2:   MEM window: 0xd8000000-0xd9ffffff
[    0.301421] pci 0000:00:1c.2:   PREFETCH window: 0x000000dfb00000-0x000000dfbfffff
[    0.301540] pci 0000:00:1c.3: PCI bridge, secondary bus 0000:05
[    0.301631] pci 0000:00:1c.3:   IO window: 0x5000-0x5fff
[    0.301717] pci 0000:00:1c.3:   MEM window: 0xd4000000-0xd5ffffff
[    0.301802] pci 0000:00:1c.3:   PREFETCH window: 0x000000df800000-0x000000df8fffff
[    0.301931] pci 0000:00:1c.4: PCI bridge, secondary bus 0000:0d
[    0.302014] pci 0000:00:1c.4:   IO window: 0x6000-0x6fff
[    0.302108] pci 0000:00:1c.4:   MEM window: 0xd0000000-0xd1ffffff
[    0.302195] pci 0000:00:1c.4:   PREFETCH window: 0x000000df500000-0x000000df5fffff
[    0.302325] pci 0000:15:00.0: CardBus bridge, secondary bus 0000:16
[    0.302407] pci 0000:15:00.0:   IO window: 0x007000-0x0070ff
[    0.302491] pci 0000:15:00.0:   IO window: 0x007400-0x0074ff
[    0.302574] pci 0000:15:00.0:   PREFETCH window: 0xf4000000-0xf7ffffff
[    0.302668] pci 0000:15:00.0:   MEM window: 0x40000000-0x43ffffff
[    0.302757] pci 0000:00:1e.0: PCI bridge, secondary bus 0000:15
[    0.302839] pci 0000:00:1e.0:   IO window: 0x7000-0xafff
[    0.302929] pci 0000:00:1e.0:   MEM window: 0xf8300000-0xfbffffff
[    0.303016] pci 0000:00:1e.0:   PREFETCH window: 0x000000f4000000-0x000000f7ffffff
[    0.303148] pci 0000:00:1c.0: PCI INT A -> GSI 20 (level, low) -> IRQ 20
[    0.303243] pci 0000:00:1c.0: setting latency timer to 64
[    0.303254] pci 0000:00:1c.1: PCI INT B -> GSI 21 (level, low) -> IRQ 21
[    0.303345] pci 0000:00:1c.1: setting latency timer to 64
[    0.303358] pci 0000:00:1c.2: PCI INT C -> GSI 22 (level, low) -> IRQ 22
[    0.303450] pci 0000:00:1c.2: setting latency timer to 64
[    0.303463] pci 0000:00:1c.3: PCI INT D -> GSI 23 (level, low) -> IRQ 23
[    0.303548] pci 0000:00:1c.3: setting latency timer to 64
[    0.303561] pci 0000:00:1c.4: PCI INT A -> GSI 20 (level, low) -> IRQ 20
[    0.303654] pci 0000:00:1c.4: setting latency timer to 64
[    0.303662] pci 0000:00:1e.0: enabling device (0005 -> 0007)
[    0.303753] pci 0000:00:1e.0: setting latency timer to 64
[    0.303769] pci 0000:15:00.0: PCI INT A -> GSI 16 (level, low) -> IRQ 16
[    0.303852] pci 0000:15:00.0: setting latency timer to 64
[    0.303858] pci_bus 0000:00: resource 0 io:  [0x00-0xffff]
[    0.303860] pci_bus 0000:00: resource 1 mem: [0x000000-0xffffffff]
[    0.303862] pci_bus 0000:02: resource 0 io:  [0x2000-0x2fff]
[    0.303866] pci_bus 0000:02: resource 1 mem: [0xfc000000-0xfdffffff]
[    0.303868] pci_bus 0000:02: resource 2 pref mem [0xf8000000-0xf80fffff]
[    0.303870] pci_bus 0000:03: resource 0 io:  [0x3000-0x3fff]
[    0.303872] pci_bus 0000:03: resource 1 mem: [0xdc000000-0xdf3fffff]
[    0.303874] pci_bus 0000:03: resource 2 pref mem [0xdfe00000-0xdfefffff]
[    0.303876] pci_bus 0000:04: resource 0 io:  [0x4000-0x4fff]
[    0.303877] pci_bus 0000:04: resource 1 mem: [0xd8000000-0xd9ffffff]
[    0.303879] pci_bus 0000:04: resource 2 pref mem [0xdfb00000-0xdfbfffff]
[    0.303881] pci_bus 0000:05: resource 0 io:  [0x5000-0x5fff]
[    0.303883] pci_bus 0000:05: resource 1 mem: [0xd4000000-0xd5ffffff]
[    0.303885] pci_bus 0000:05: resource 2 pref mem [0xdf800000-0xdf8fffff]
[    0.303886] pci_bus 0000:0d: resource 0 io:  [0x6000-0x6fff]
[    0.303888] pci_bus 0000:0d: resource 1 mem: [0xd0000000-0xd1ffffff]
[    0.303890] pci_bus 0000:0d: resource 2 pref mem [0xdf500000-0xdf5fffff]
[    0.303892] pci_bus 0000:15: resource 0 io:  [0x7000-0xafff]
[    0.303893] pci_bus 0000:15: resource 1 mem: [0xf8300000-0xfbffffff]
[    0.303895] pci_bus 0000:15: resource 2 pref mem [0xf4000000-0xf7ffffff]
[    0.303897] pci_bus 0000:15: resource 3 io:  [0x00-0xffff]
[    0.303899] pci_bus 0000:15: resource 4 mem: [0x000000-0xffffffff]
[    0.303900] pci_bus 0000:16: resource 0 io:  [0x7000-0x70ff]
[    0.303902] pci_bus 0000:16: resource 1 io:  [0x7400-0x74ff]
[    0.303904] pci_bus 0000:16: resource 2 pref mem [0xf4000000-0xf7ffffff]
[    0.303906] pci_bus 0000:16: resource 3 mem: [0x40000000-0x43ffffff]
[    0.303913] NET: Registered protocol family 2
[    0.303996] RANDOM - __random32 called. Change num 7.  Value: 7ba3d01e	3ca905be	d2026a24
[    0.303997] RANDOM - random32 called.  Value: 7ba3d01e	3ca905be	d2026a24
[    0.304002] random 0000 0000 0000 5f8db4e5 4cfdf2a8: rand_read_num 3 get_random_bytes(4): sig fffffb64 5f8db4e5 4cfdf2a8
[    0.304004] random 0000 0000 0000 5f8db4e5 4cfdf2a8: extract_entropy(.. 4 ..)
[    0.304007] random 0000 0000 0000 5f8db4e5 4cfdf2a8: going to reseed nonblocking with 64 bits (32 of 0 requested)
[    0.304009] random 0000 0000 0000 5f8db4e5 4cfdf2a8: extract_entropy(.. 8 ..)
[    0.304011] random 0000 0000 0000 5f8db4e5 4cfdf2a8: trying to extract 64 bits from input
[    0.304013] random 0000 0000 0000 5f8db4e5 4cfdf2a8: debiting 0 entropy credits from input
[    0.304015] random 0000 0000 0000 5f8db4e5 4cfdf2a8: extract_entropy account returned: 0 
[    0.304018] random 0000 0000 0000 5f8db4e5 4cfdf2a8: urand_change_num 5 xfer_secondary_pool(4): pool_sig fffffb64, data_sig 00000000, bytes_mixed 0 5f8db4e5 4cfdf2a8
[    0.304020] random 0000 0000 0000 5f8db4e5 4cfdf2a8: trying to extract 32 bits from nonblocking
[    0.304023] random 0000 0000 0000 5f8db4e5 4cfdf2a8: debiting 32 entropy credits from nonblocking (unlimited)
[    0.304025] random 0000 0000 0000 5f8db4e5 4cfdf2a8: extract_entropy account returned: 4 
[    0.304029] random 0000 0000 0000 5f8db4e5 4cfdf2a8: urand_change_num 6 extract_buf: pool_sig fffffb64, data_sig 00000241, bytes_mixed 20 5f8db4e5 4cfdf2a8
[    0.304038] IP route cache hash table entries: 32768 (order: 5, 131072 bytes)
[    0.304160] RANDOM - __random32 called. Change num 8.  Value: 3d01e034	ca905be7	d4484227
[    0.304162] RANDOM - random32 called.  Value: 3d01e034	ca905be7	d4484227
[    0.304173] RANDOM - __random32 called. Change num 9.  Value: 1e034020	a905be70	844ec14a
[    0.304174] RANDOM - random32 called.  Value: 1e034020	a905be70	844ec14a
[    0.304176] RANDOM - __random32 called. Change num 10.  Value: 34020ec0	905be706	8294c719
[    0.304178] RANDOM - random32 called.  Value: 34020ec0	905be706	8294c719
[    0.304188] RANDOM - __random32 called. Change num 11.  Value: 20ec0ebb	5be7068	8e32c65f
[    0.304190] RANDOM - random32 called.  Value: 20ec0ebb	5be7068	8e32c65f
[    0.304200] TCP established hash table entries: 131072 (order: 8, 1048576 bytes)
[    0.304686] TCP bind hash table entries: 65536 (order: 6, 262144 bytes)
[    0.304869] TCP: Hash tables configured (established 131072 bind 65536)
[    0.304951] TCP reno registered
[    0.305044] NET: Registered protocol family 1
[    0.305159] RPC: Registered udp transport module.
[    0.305240] RPC: Registered tcp transport module.
[    0.305320] RPC: Registered tcp NFSv4.1 backchannel transport module.
[    0.305409] pci 0000:00:02.0: Boot video device
[    0.305628] Simple Boot Flag at 0x35 set to 0x1
[    0.306177] highmem bounce pool size: 64 pages
[    0.307668] VFS: Disk quotas dquot_6.5.2
[    0.307783] Dquot-cache hash table entries: 1024 (order 0, 4096 bytes)
[    0.308519] NTFS driver 2.1.29 [Flags: R/W].
[    0.308670] ROMFS MTD (C) 2007 Red Hat, Inc.
[    0.308874] JFS: nTxBlock = 7695, nTxLock = 61562
[    0.311340] SGI XFS with ACLs, security attributes, large block/inode numbers, no debug enabled
[    0.311811] SGI XFS Quota Management subsystem
[    0.312103] Slow work thread pool: Starting up
[    0.312197] Slow work thread pool: Ready
[    0.312284] GFS2 (built May 24 2013 02:47:17) installed
[    0.312371] msgmni has been set to 1734
[    0.312533] alg: No test for cipher_null (cipher_null-generic)
[    0.312633] alg: No test for ecb(cipher_null) (ecb-cipher_null)
[    0.312733] alg: No test for digest_null (digest_null-generic)
[    0.312825] alg: No test for compress_null (compress_null-generic)
[    0.313376] alg: No test for fcrypt (fcrypt-generic)
[    0.314789] alg: No test for stdrng (krng)
[    0.314884] async_tx: api initialized (async)
[    0.315031] Block layer SCSI generic (bsg) driver version 0.4 loaded (major 254)
[    0.315143] io scheduler noop registered
[    0.315222] io scheduler anticipatory registered
[    0.315309] io scheduler deadline registered
[    0.315429] io scheduler cfq registered (default)
[    0.315669] pcieport 0000:00:1c.0: irq 24 for MSI/MSI-X
[    0.315686] pcieport 0000:00:1c.0: setting latency timer to 64
[    0.315887] pcieport 0000:00:1c.1: irq 25 for MSI/MSI-X
[    0.315898] pcieport 0000:00:1c.1: setting latency timer to 64
[    0.316077] pcieport 0000:00:1c.2: irq 26 for MSI/MSI-X
[    0.316088] pcieport 0000:00:1c.2: setting latency timer to 64
[    0.316269] pcieport 0000:00:1c.3: irq 27 for MSI/MSI-X
[    0.316282] pcieport 0000:00:1c.3: setting latency timer to 64
[    0.316462] pcieport 0000:00:1c.4: irq 28 for MSI/MSI-X
[    0.316471] pcieport 0000:00:1c.4: setting latency timer to 64
[    0.316620] pci_hotplug: PCI Hot Plug PCI Core version: 0.5
[    0.316809] isapnp: Scanning for PnP cards...
[    0.677357] isapnp: No Plug & Play device found
[    0.677444] random 0000 0000 0000 5f8db4e5 4cfdf2a8: initializing
[    0.696961] Serial: 8250/16550 driver, 4 ports, IRQ sharing enabled
[    3.707675] floppy0: no floppy controllers found
[    3.708611] brd: module loaded
[    3.709102] loop: module loaded
[    3.709185] Compaq SMART2 Driver (v 2.6.0)
[    3.709308] HP CISS Driver (v 3.6.20)
[    3.709541] input: Macintosh mouse button emulation as /devices/virtual/input/input0
[    3.709683] Uniform Multi-Platform E-IDE driver
[    3.709907] piix 0000:00:1f.1: IDE controller (0x8086:0x2850 rev 0x03)
[    3.710000] pci 0000:00:1f.1: PCI INT C -> GSI 16 (level, low) -> IRQ 16
[    3.710092] piix 0000:00:1f.1: IDE port disabled
[    3.710183] piix 0000:00:1f.1: not 100% native mode: will probe irqs later
[    3.710274]     ide0: BM-DMA at 0x1c00-0x1c07
[    3.710366] Probing IDE interface ide0...
[    4.381856] hda: HL-DT-ST DVDRAM GSA-U10N, ATAPI CD/DVD-ROM drive
[    4.688648] hda: host max PIO4 wanted PIO255(auto-tune) selected PIO4
[    4.689424] hda: UDMA/33 mode selected
[    4.689885] ide0 at 0x1f0-0x1f7,0x3f6 on irq 14
[    4.693756] ide-gd driver 1.18
[    4.693856] ide-cd driver 5.00
[    4.695243] ide-cd: hda: ATAPI 24X DVD-ROM DVD-R/RAM CD-R/RW drive, 2048kB Cache
[    4.695635] Uniform CD-ROM driver Revision: 3.20
[    4.702801] Loading iSCSI transport class v2.0-870.
[    4.703086] rdac: device handler registered
[    4.703168] hp_sw: device handler registered
[    4.703247] emc: device handler registered
[    4.703325] alua: device handler registered
[    4.704309] Adaptec aacraid driver 1.1-5[2461]-ms
[    4.704730] scsi: <fdomain> Detection failed (no card)
[    4.704818] sym53c416.c: Version 1.0.0-ac
[    4.704922] qlogicfas: no cards were found, please specify I/O address and IRQ using iobase= and irq= options
[    4.705036] QLogic Fibre Channel HBA Driver: 8.03.01-k6
[    4.705246] iscsi: registered transport (qla4xxx)
[    4.705354] QLogic iSCSI HBA Driver
[    4.705432] Emulex LightPulse Fibre Channel SCSI driver 8.3.4
[    4.705520] Copyright(c) 2004-2009 Emulex.  All rights reserved.
[    4.727632] Failed initialization of WD-7000 SCSI card!
[    4.817057] DC390: clustering now enabled by default. If you get problems load
[    4.817169]        with "disable_clustering=1" and report to maintainers
[    4.817307] megaraid cmm: 2.20.2.7 (Release Date: Sun Jul 16 00:01:03 EST 2006)
[    4.817458] megaraid: 2.20.5.1 (Release Date: Thu Nov 16 15:32:35 EST 2006)
[    4.817572] megasas: 00.00.04.01 Thu July 24 11:41:51 PST 2008
[    4.817699] GDT-HA: Storage RAID Controller Driver. Version: 3.05
[    4.817837] 3ware Storage Controller device driver for Linux v1.26.02.002.
[    4.817938] 3ware 9000 Storage Controller device driver for Linux v2.26.02.012.
[    4.818070] nsp32: loading...
[    4.818173] ipr: IBM Power RAID SCSI Device Driver version: 2.4.3 (June 10, 2009)
[    4.818313] RocketRAID 3xxx/4xxx Controller driver v1.6 (090910)
[    4.818415] stex: Promise SuperTrak EX Driver version: 4.6.0000.3
[    4.818543] st: Version 20081215, fixed bufsize 32768, s/g segs 256
[    4.818741] ahci 0000:00:1f.2: version 3.0
[    4.818756] ahci 0000:00:1f.2: PCI INT B -> GSI 16 (level, low) -> IRQ 16
[    4.818878] ahci 0000:00:1f.2: irq 29 for MSI/MSI-X
[    4.818934] ahci 0000:00:1f.2: AHCI 0001.0100 32 slots 3 ports 1.5 Gbps 0x5 impl SATA mode
[    4.819050] ahci 0000:00:1f.2: flags: 64bit ncq sntf pm led clo pio slum part ccc 
[    4.819177] ahci 0000:00:1f.2: setting latency timer to 64
[    4.819318] scsi2 : ahci
[    4.819474] scsi3 : ahci
[    4.819619] scsi4 : ahci
[    4.819777] ata1: SATA max UDMA/133 abar m2048@0xfe226000 port 0xfe226100 irq 29
[    4.819901] ata2: DUMMY
[    4.819978] ata3: SATA max UDMA/133 abar m2048@0xfe226000 port 0xfe226200 irq 29
[    4.820570] I2O subsystem v1.325
[    4.820661] i2o: max drivers = 8
[    4.820801] I2O Configuration OSM v1.323
[    4.820906] I2O Bus Adapter OSM v1.317
[    4.821010] I2O Block Device OSM v1.325
[    4.821148] I2O SCSI Peripheral OSM v1.316
[    4.821253] I2O ProcFS OSM v1.316
[    4.821361] Fusion MPT base driver 3.04.12
[    4.821439] Copyright (c) 1999-2008 LSI Corporation
[    4.821532] Fusion MPT SPI Host driver 3.04.12
[    4.821685] Fusion MPT FC Host driver 3.04.12
[    4.821787] Fusion MPT SAS Host driver 3.04.12
[    4.821929] ohci1394 0000:15:00.1: PCI INT B -> GSI 17 (level, low) -> IRQ 17
[    4.822022] ohci1394 0000:15:00.1: setting latency timer to 64
[    4.875646] ohci1394: fw-host0: OHCI-1394 1.1 (PCI): IRQ=[17]  MMIO=[f8301000-f83017ff]  Max Packet=[2048]  IR/IT contexts=[4/4]
[    4.879919] ehci_hcd: USB 2.0 'Enhanced' Host Controller (EHCI) Driver
[    4.880194] ehci_hcd 0000:00:1a.7: power state changed by ACPI to D0
[    4.880469] ehci_hcd 0000:00:1a.7: power state changed by ACPI to D0
[    4.880555] ehci_hcd 0000:00:1a.7: PCI INT C -> GSI 22 (level, low) -> IRQ 22
[    4.880648] ehci_hcd 0000:00:1a.7: setting latency timer to 64
[    4.880653] ehci_hcd 0000:00:1a.7: EHCI Host Controller
[    4.880782] ehci_hcd 0000:00:1a.7: new USB bus registered, assigned bus number 1
[    4.884837] ehci_hcd 0000:00:1a.7: cache line size of 32 is not supported
[    4.884846] ehci_hcd 0000:00:1a.7: irq 22, io mem 0xfe226c00
[    4.894606] ehci_hcd 0000:00:1a.7: USB 2.0 started, EHCI 1.00
[    4.894705] usb usb1: New USB device found, idVendor=1d6b, idProduct=0002
[    4.894786] usb usb1: New USB device strings: Mfr=3, Product=2, SerialNumber=1
[    4.894911] usb usb1: Product: EHCI Host Controller
[    4.894993] usb usb1: Manufacturer: Linux 2.6.32.57 ehci_hcd
[    4.895079] usb usb1: SerialNumber: 0000:00:1a.7
[    4.895227] usb usb1: configuration #1 chosen from 1 choice
[    4.895346] hub 1-0:1.0: USB hub found
[    4.895429] hub 1-0:1.0: 4 ports detected
[    4.895720] ehci_hcd 0000:00:1d.7: power state changed by ACPI to D0
[    4.895954] ehci_hcd 0000:00:1d.7: power state changed by ACPI to D0
[    4.896049] ehci_hcd 0000:00:1d.7: PCI INT D -> GSI 19 (level, low) -> IRQ 19
[    4.896153] ehci_hcd 0000:00:1d.7: setting latency timer to 64
[    4.896158] ehci_hcd 0000:00:1d.7: EHCI Host Controller
[    4.896283] ehci_hcd 0000:00:1d.7: new USB bus registered, assigned bus number 2
[    4.896432] ehci_hcd 0000:00:1d.7: debug port 1
[    4.900400] ehci_hcd 0000:00:1d.7: cache line size of 32 is not supported
[    4.900409] ehci_hcd 0000:00:1d.7: irq 19, io mem 0xfe227000
[    4.910606] ehci_hcd 0000:00:1d.7: USB 2.0 started, EHCI 1.00
[    4.910715] usb usb2: New USB device found, idVendor=1d6b, idProduct=0002
[    4.910799] usb usb2: New USB device strings: Mfr=3, Product=2, SerialNumber=1
[    4.910916] usb usb2: Product: EHCI Host Controller
[    4.910995] usb usb2: Manufacturer: Linux 2.6.32.57 ehci_hcd
[    4.911080] usb usb2: SerialNumber: 0000:00:1d.7
[    4.911213] usb usb2: configuration #1 chosen from 1 choice
[    4.911321] hub 2-0:1.0: USB hub found
[    4.911402] hub 2-0:1.0: 6 ports detected
[    4.911571] 116x: driver isp116x-hcd, 03 Nov 2005
[    4.911671] ohci_hcd: USB 1.1 'Open' Host Controller (OHCI) Driver
[    4.911775] uhci_hcd: USB Universal Host Controller Interface driver
[    4.911876] uhci_hcd 0000:00:1a.0: PCI INT A -> GSI 20 (level, low) -> IRQ 20
[    4.911964] uhci_hcd 0000:00:1a.0: setting latency timer to 64
[    4.911967] uhci_hcd 0000:00:1a.0: UHCI Host Controller
[    4.912089] uhci_hcd 0000:00:1a.0: new USB bus registered, assigned bus number 3
[    4.912241] uhci_hcd 0000:00:1a.0: irq 20, io base 0x00001860
[    4.912350] usb usb3: New USB device found, idVendor=1d6b, idProduct=0001
[    4.912439] usb usb3: New USB device strings: Mfr=3, Product=2, SerialNumber=1
[    4.912550] usb usb3: Product: UHCI Host Controller
[    4.912655] usb usb3: Manufacturer: Linux 2.6.32.57 uhci_hcd
[    4.912738] usb usb3: SerialNumber: 0000:00:1a.0
[    4.912870] usb usb3: configuration #1 chosen from 1 choice
[    4.912978] hub 3-0:1.0: USB hub found
[    4.913071] hub 3-0:1.0: 2 ports detected
[    4.913378] uhci_hcd 0000:00:1a.1: power state changed by ACPI to D0
[    4.913612] uhci_hcd 0000:00:1a.1: power state changed by ACPI to D0
[    4.913699] uhci_hcd 0000:00:1a.1: PCI INT B -> GSI 21 (level, low) -> IRQ 21
[    4.913794] uhci_hcd 0000:00:1a.1: setting latency timer to 64
[    4.913799] uhci_hcd 0000:00:1a.1: UHCI Host Controller
[    4.913928] uhci_hcd 0000:00:1a.1: new USB bus registered, assigned bus number 4
[    4.914073] uhci_hcd 0000:00:1a.1: irq 21, io base 0x00001880
[    4.914179] usb usb4: New USB device found, idVendor=1d6b, idProduct=0001
[    4.914261] usb usb4: New USB device strings: Mfr=3, Product=2, SerialNumber=1
[    4.914386] usb usb4: Product: UHCI Host Controller
[    4.914466] usb usb4: Manufacturer: Linux 2.6.32.57 uhci_hcd
[    4.914553] usb usb4: SerialNumber: 0000:00:1a.1
[    4.914692] usb usb4: configuration #1 chosen from 1 choice
[    4.914804] hub 4-0:1.0: USB hub found
[    4.914893] hub 4-0:1.0: 2 ports detected
[    4.915195] uhci_hcd 0000:00:1d.0: power state changed by ACPI to D0
[    4.915481] uhci_hcd 0000:00:1d.0: power state changed by ACPI to D0
[    4.915572] uhci_hcd 0000:00:1d.0: PCI INT A -> GSI 16 (level, low) -> IRQ 16
[    4.915678] uhci_hcd 0000:00:1d.0: setting latency timer to 64
[    4.915682] uhci_hcd 0000:00:1d.0: UHCI Host Controller
[    4.915802] uhci_hcd 0000:00:1d.0: new USB bus registered, assigned bus number 5
[    4.915953] uhci_hcd 0000:00:1d.0: irq 16, io base 0x000018a0
[    4.916059] usb usb5: New USB device found, idVendor=1d6b, idProduct=0001
[    4.916145] usb usb5: New USB device strings: Mfr=3, Product=2, SerialNumber=1
[    4.916256] usb usb5: Product: UHCI Host Controller
[    4.916338] usb usb5: Manufacturer: Linux 2.6.32.57 uhci_hcd
[    4.916419] usb usb5: SerialNumber: 0000:00:1d.0
[    4.916560] usb usb5: configuration #1 chosen from 1 choice
[    4.916684] hub 5-0:1.0: USB hub found
[    4.916765] hub 5-0:1.0: 2 ports detected
[    4.916912] uhci_hcd 0000:00:1d.1: PCI INT B -> GSI 17 (level, low) -> IRQ 17
[    4.917004] uhci_hcd 0000:00:1d.1: setting latency timer to 64
[    4.917008] uhci_hcd 0000:00:1d.1: UHCI Host Controller
[    4.917126] uhci_hcd 0000:00:1d.1: new USB bus registered, assigned bus number 6
[    4.917269] uhci_hcd 0000:00:1d.1: irq 17, io base 0x000018c0
[    4.917377] usb usb6: New USB device found, idVendor=1d6b, idProduct=0001
[    4.917466] usb usb6: New USB device strings: Mfr=3, Product=2, SerialNumber=1
[    4.917592] usb usb6: Product: UHCI Host Controller
[    4.917689] usb usb6: Manufacturer: Linux 2.6.32.57 uhci_hcd
[    4.917769] usb usb6: SerialNumber: 0000:00:1d.1
[    4.917907] usb usb6: configuration #1 chosen from 1 choice
[    4.918019] hub 6-0:1.0: USB hub found
[    4.918105] hub 6-0:1.0: 2 ports detected
[    4.918403] uhci_hcd 0000:00:1d.2: power state changed by ACPI to D0
[    4.918643] uhci_hcd 0000:00:1d.2: power state changed by ACPI to D0
[    4.918730] uhci_hcd 0000:00:1d.2: PCI INT C -> GSI 18 (level, low) -> IRQ 18
[    4.918827] uhci_hcd 0000:00:1d.2: setting latency timer to 64
[    4.918832] uhci_hcd 0000:00:1d.2: UHCI Host Controller
[    4.918964] uhci_hcd 0000:00:1d.2: new USB bus registered, assigned bus number 7
[    4.919110] uhci_hcd 0000:00:1d.2: irq 18, io base 0x000018e0
[    4.919215] usb usb7: New USB device found, idVendor=1d6b, idProduct=0001
[    4.919297] usb usb7: New USB device strings: Mfr=3, Product=2, SerialNumber=1
[    4.919407] usb usb7: Product: UHCI Host Controller
[    4.919486] usb usb7: Manufacturer: Linux 2.6.32.57 uhci_hcd
[    4.919571] usb usb7: SerialNumber: 0000:00:1d.2
[    4.920368] usb usb7: configuration #1 chosen from 1 choice
[    4.920481] hub 7-0:1.0: USB hub found
[    4.920566] hub 7-0:1.0: 2 ports detected
[    4.920724] sl811: driver sl811-hcd, 19 May 2005
[    4.920820] r8a66597_hcd: driver r8a66597_hcd, 2009-05-26
[    4.920991] Initializing USB Mass Storage driver...
[    4.921107] usbcore: registered new interface driver usb-storage
[    4.921188] USB Mass Storage support registered.
[    4.921285] usbcore: registered new interface driver ums-alauda
[    4.921394] usbcore: registered new interface driver ums-cypress
[    4.921501] usbcore: registered new interface driver ums-datafab
[    4.921614] usbcore: registered new interface driver ums-freecom
[    4.921713] usbcore: registered new interface driver ums-isd200
[    4.921832] usbcore: registered new interface driver ums-jumpshot
[    4.921935] usbcore: registered new interface driver ums-karma
[    4.922034] usbcore: registered new interface driver ums-onetouch
[    4.922140] usbcore: registered new interface driver ums-sddr09
[    4.922252] usbcore: registered new interface driver ums-sddr55
[    4.922356] usbcore: registered new interface driver ums-usbat
[    4.922497] PNP: PS/2 Controller [PNP0303:KBD,PNP0f13:MOU] at 0x60,0x64 irq 1,12
[    4.930656] serio: i8042 KBD port at 0x60,0x64 irq 1
[    4.930737] serio: i8042 AUX port at 0x60,0x64 irq 12
[    4.930984] mice: PS/2 mouse device common for all mice
[    4.931089] i2c /dev entries driver
[    4.931208] md: linear personality registered for level -1
[    4.931288] md: raid0 personality registered for level 0
[    4.931370] md: raid1 personality registered for level 1
[    4.931455] md: raid10 personality registered for level 10
[    4.931545] md: raid6 personality registered for level 6
[    4.931633] md: raid5 personality registered for level 5
[    4.931719] md: raid4 personality registered for level 4
[    4.931815] md: multipath personality registered for level -4
[    4.932004] device-mapper: ioctl: 4.15.0-ioctl (2009-04-01) initialised: dm-devel@redhat.com
[    4.932197] cpuidle: using governor ladder
[    4.932802] usbcore: registered new interface driver usbhid
[    4.932888] usbhid: v2.6:USB HID core driver
[    4.933030] random 0000 0000 0000 00000000 00000000: rand_read_num 4 get_random_bytes(136): sig 00000000 00000000 00000000
[    4.933033] random 0000 0000 0000 00000000 00000000: extract_entropy(.. 136 ..)
[    4.933035] random 0000 0000 0000 00000000 00000000: going to reseed nonblocking with 1024 bits (1088 of 0 requested)
[    4.933037] random 0000 0000 0000 00000000 00000000: extract_entropy(.. 128 ..)
[    4.933040] random 0000 0000 0000 00000000 00000000: trying to extract 1024 bits from input
[    4.933042] random 0000 0000 0000 00000000 00000000: debiting 0 entropy credits from input
[    4.933044] random 0000 0000 0000 00000000 00000000: extract_entropy account returned: 0 
[    4.933047] random 0000 0000 0000 00000000 00000000: urand_change_num 7 xfer_secondary_pool(136): pool_sig 00000000, data_sig 00000000, bytes_mixed 0 00000000 00000000
[    4.933050] random 0000 0000 0000 00000000 00000000: trying to extract 1088 bits from nonblocking
[    4.933052] random 0000 0000 0000 00000000 00000000: debiting 1088 entropy credits from nonblocking (unlimited)
[    4.933054] random 0000 0000 0000 00000000 00000000: extract_entropy account returned: 136 
[    4.933059] random 0000 0000 0000 00000000 00000000: urand_change_num 8 extract_buf: pool_sig 00000000, data_sig fffffff9, bytes_mixed 20 00000000 00000000
[    4.933064] random 0000 0000 0000 b7c35b56 be4dc95d: urand_change_num 9 extract_buf: pool_sig fffffd1e, data_sig 000000c5, bytes_mixed 20 b7c35b56 be4dc95d
[    4.933069] random 0000 0000 0000 ed9f5c47 c48487fb: urand_change_num 10 extract_buf: pool_sig fffff8ec, data_sig ffffff68, bytes_mixed 20 ed9f5c47 c48487fb
[    4.933075] random 0000 0000 0000 ed9f5c47 c48487fb: urand_change_num 11 extract_buf: pool_sig fffffaed, data_sig 000001aa, bytes_mixed 20 ed9f5c47 c48487fb
[    4.933080] random 0000 0000 0000 1b4f7c0a 91bd6a48: urand_change_num 12 extract_buf: pool_sig fffffdd8, data_sig 00000064, bytes_mixed 20 1b4f7c0a 91bd6a48
[    4.933085] random 0000 0000 0000 a254b9bc 20e9a24f: urand_change_num 13 extract_buf: pool_sig fffffbe6, data_sig 000001dd, bytes_mixed 20 a254b9bc 20e9a24f
[    4.933090] random 0000 0000 0000 a254b9bc 20e9a24f: urand_change_num 14 extract_buf: pool_sig fffff940, data_sig fffffe20, bytes_mixed 20 a254b9bc 20e9a24f
[    4.933095] random 0000 0000 0000 2831a66b 5fa2a3ad: urand_change_num 15 extract_buf: pool_sig fffffbce, data_sig 0000007e, bytes_mixed 20 2831a66b 5fa2a3ad
[    4.933100] random 0000 0000 0000 2831a66b 5fa2a3ad: urand_change_num 16 extract_buf: pool_sig 000004df, data_sig fffffe8f, bytes_mixed 20 2831a66b 5fa2a3ad
[    4.933106] random 0000 0000 0000 d4512bfd c9a54e0b: urand_change_num 17 extract_buf: pool_sig 00000485, data_sig fffffe68, bytes_mixed 20 d4512bfd c9a54e0b
[    4.933111] random 0000 0000 0000 c7371be6 f9ffea11: urand_change_num 18 extract_buf: pool_sig 00000095, data_sig ffffffed, bytes_mixed 20 c7371be6 f9ffea11
[    4.933116] random 0000 0000 0000 c7371be6 f9ffea11: urand_change_num 19 extract_buf: pool_sig 000003a7, data_sig fffffefa, bytes_mixed 20 c7371be6 f9ffea11
[    4.933121] random 0000 0000 0000 8fb4b62c d1ddba54: urand_change_num 20 extract_buf: pool_sig 00000179, data_sig ffffff78, bytes_mixed 20 8fb4b62c d1ddba54
[    4.933126] random 0000 0000 0000 9ff19f9c c07a1d2a: urand_change_num 21 extract_buf: pool_sig fffffe88, data_sig 00000126, bytes_mixed 20 9ff19f9c c07a1d2a
[    4.933131] TCP cubic registered
[    4.933215] Initializing XFRM netlink socket
[    4.933301] NET: Registered protocol family 17
[    4.933391] Using IPI Shortcut mode
[    4.933471] random 0000 0000 0000 9ff19f9c c07a1d2a: rand_read_num 5 get_random_bytes(8): sig 0000031b 9ff19f9c c07a1d2a
[    4.933473] random 0000 0000 0000 9ff19f9c c07a1d2a: extract_entropy(.. 8 ..)
[    4.933475] random 0000 0000 0000 9ff19f9c c07a1d2a: going to reseed nonblocking with 64 bits (64 of 0 requested)
[    4.933477] random 0000 0000 0000 9ff19f9c c07a1d2a: extract_entropy(.. 8 ..)
[    4.933479] random 0000 0000 0000 9ff19f9c c07a1d2a: trying to extract 64 bits from input
[    4.933481] random 0000 0000 0000 9ff19f9c c07a1d2a: debiting 0 entropy credits from input
[    4.933483] random 0000 0000 0000 9ff19f9c c07a1d2a: extract_entropy account returned: 0 
[    4.933487] random 0000 0000 0000 9ff19f9c c07a1d2a: urand_change_num 22 xfer_secondary_pool(8): pool_sig 0000031b, data_sig 00000000, bytes_mixed 0 9ff19f9c c07a1d2a
[    4.933489] random 0000 0000 0000 9ff19f9c c07a1d2a: trying to extract 64 bits from nonblocking
[    4.933492] random 0000 0000 0000 9ff19f9c c07a1d2a: debiting 64 entropy credits from nonblocking (unlimited)
[    4.933494] random 0000 0000 0000 9ff19f9c c07a1d2a: extract_entropy account returned: 8 
[    4.933498] random 0000 0000 0000 9ff19f9c c07a1d2a: urand_change_num 23 extract_buf: pool_sig 0000031b, data_sig ffffffb3, bytes_mixed 20 9ff19f9c c07a1d2a
[    4.936189] input: AT Translated Set 2 keyboard as /devices/platform/i8042/serio0/input/input1
[    5.126609] ata1: SATA link up 1.5 Gbps (SStatus 113 SControl 300)
[    5.126713] ata3: SATA link down (SStatus 0 SControl 300)
[    5.129256] ata1.00: ACPI cmd ef/02:00:00:00:00:a0 (SET FEATURES) succeeded
[    5.129258] ata1.00: ACPI cmd f5/00:00:00:00:00:a0 (SECURITY FREEZE LOCK) filtered out
[    5.130652] ata1.00: ACPI cmd ef/5f:00:00:00:00:a0 (SET FEATURES) succeeded
[    5.130654] ata1.00: ACPI cmd ef/10:03:00:00:00:a0 (SET FEATURES) filtered out
[    5.132560] ata1.00: ATA-7: ST910021AS, 4.06, max UDMA/100
[    5.132649] ata1.00: 195371568 sectors, multi 16: LBA48 
[    5.134800] ata1.00: ACPI cmd ef/02:00:00:00:00:a0 (SET FEATURES) succeeded
[    5.134803] ata1.00: ACPI cmd f5/00:00:00:00:00:a0 (SECURITY FREEZE LOCK) filtered out
[    5.136195] ata1.00: ACPI cmd ef/5f:00:00:00:00:a0 (SET FEATURES) succeeded
[    5.136197] ata1.00: ACPI cmd ef/10:03:00:00:00:a0 (SET FEATURES) filtered out
[    5.138121] ata1.00: configured for UDMA/100
[    5.148657] scsi 2:0:0:0: Direct-Access     ATA      ST910021AS       4.06 PQ: 0 ANSI: 5
[    5.148931] sd 2:0:0:0: [sda] 195371568 512-byte logical blocks: (100 GB/93.1 GiB)
[    5.149065] sd 2:0:0:0: [sda] Write Protect is off
[    5.149149] sd 2:0:0:0: [sda] Mode Sense: 00 3a 00 00
[    5.149162] sd 2:0:0:0: [sda] Write cache: enabled, read cache: enabled, doesn't support DPO or FUA
[    5.149350]  sda:
[    5.214590] usb 2-1: new high speed USB device using ehci_hcd and address 2
[    5.363897] usb 2-1: New USB device found, idVendor=0e8d, idProduct=1806
[    5.363983] usb 2-1: New USB device strings: Mfr=1, Product=2, SerialNumber=3
[    5.364069] usb 2-1: Product: MT1806 
[    5.364156] usb 2-1: Manufacturer: MediaTek Inc
[    5.364238] usb 2-1: SerialNumber: R8KN6GAC800AEB 
[    5.364368] usb 2-1: configuration #1 chosen from 1 choice
[    5.370691] scsi5 : SCSI emulation for USB Mass Storage devices
[    5.370858] usb-storage: device found at 2
[    5.370859] usb-storage: waiting for device to settle before scanning
[    5.571583]  sda1 sda2
[    5.572300] sd 2:0:0:0: [sda] Attached SCSI disk
[    5.572385] random 0000 0000 0000 277f73c3 42024bb9: rand_read_num 6 get_random_bytes(12): sig 000007e9 277f73c3 42024bb9
[    5.572388] random 0000 0000 0000 277f73c3 42024bb9: extract_entropy(.. 12 ..)
[    5.572390] random 0000 0000 0000 277f73c3 42024bb9: going to reseed nonblocking with 96 bits (96 of 0 requested)
[    5.572392] random 0000 0000 0000 277f73c3 42024bb9: extract_entropy(.. 12 ..)
[    5.572394] random 0000 0000 0000 277f73c3 42024bb9: trying to extract 96 bits from input
[    5.572396] random 0000 0000 0000 277f73c3 42024bb9: debiting 0 entropy credits from input
[    5.572398] random 0000 0000 0000 277f73c3 42024bb9: extract_entropy account returned: 0 
[    5.572401] random 0000 0000 0000 277f73c3 42024bb9: urand_change_num 24 xfer_secondary_pool(12): pool_sig 000007e9, data_sig 00000000, bytes_mixed 0 277f73c3 42024bb9
[    5.572404] random 0000 0000 0000 277f73c3 42024bb9: trying to extract 96 bits from nonblocking
[    5.572407] random 0000 0000 0000 277f73c3 42024bb9: debiting 96 entropy credits from nonblocking (unlimited)
[    5.572409] random 0000 0000 0000 277f73c3 42024bb9: extract_entropy account returned: 12 
[    5.572413] random 0000 0000 0000 277f73c3 42024bb9: urand_change_num 25 extract_buf: pool_sig 000007e9, data_sig 00000088, bytes_mixed 20 277f73c3 42024bb9
[    5.572418] random 0000 0000 0000 277f73c3 42024bb9: urand_change_num 26 extract_buf: pool_sig 00000498, data_sig fffffefb, bytes_mixed 20 277f73c3 42024bb9
[    5.572421] RANDOM - __seed init called.
[    5.572422] RANDOM - __seed init called.
[    5.572423] RANDOM - __seed init called.
[    5.572425] RANDOM - __random32 called. Change num 12.  Value: 87f14767	f0d7351	b1e48bd3
[    5.572426] RANDOM - random32_reseed called.  Value: 87f14767	f0d7351	b1e48bd3
[    5.572429] Pid: 1, comm: swapper Not tainted 2.6.32.57 #3
[    5.572520] Call Trace:
[    5.572605]  [<c1923ca4>] ? random32_reseed+0xa0/0xb1
[    5.572692]  [<c1923c04>] ? random32_reseed+0x0/0xb1
[    5.572775]  [<c100111e>] ? do_one_initcall+0x2e/0x180
[    5.572857]  [<c1907265>] ? kernel_init+0xad/0x103
[    5.572945]  [<c19071b8>] ? kernel_init+0x0/0x103
[    5.573028]  [<c1003787>] ? kernel_thread_helper+0x7/0x10
[    5.573549] random 0000 0000 0000 386b4e60 ee4d4880: rand_read_num 7 get_random_bytes(64): sig fffffea5 386b4e60 ee4d4880
[    5.573551] random 0000 0000 0000 386b4e60 ee4d4880: extract_entropy(.. 64 ..)
[    5.573554] random 0000 0000 0000 386b4e60 ee4d4880: going to reseed nonblocking with 512 bits (512 of 0 requested)
[    5.573556] random 0000 0000 0000 386b4e60 ee4d4880: extract_entropy(.. 64 ..)
[    5.573558] random 0000 0000 0000 386b4e60 ee4d4880: trying to extract 512 bits from input
[    5.573560] random 0000 0000 0000 386b4e60 ee4d4880: debiting 0 entropy credits from input
[    5.573565] random 0000 0000 0000 386b4e60 ee4d4880: extract_entropy account returned: 0 
[    5.573568] random 0000 0000 0000 386b4e60 ee4d4880: urand_change_num 27 xfer_secondary_pool(64): pool_sig fffffea5, data_sig 00000000, bytes_mixed 0 386b4e60 ee4d4880
[    5.573571] random 0000 0000 0000 386b4e60 ee4d4880: trying to extract 512 bits from nonblocking
[    5.573573] random 0000 0000 0000 386b4e60 ee4d4880: debiting 512 entropy credits from nonblocking (unlimited)
[    5.573575] random 0000 0000 0000 386b4e60 ee4d4880: extract_entropy account returned: 64 
[    5.573579] random 0000 0000 0000 386b4e60 ee4d4880: urand_change_num 28 extract_buf: pool_sig fffffea5, data_sig 00000173, bytes_mixed 20 386b4e60 ee4d4880
[    5.573585] random 0000 0000 0000 412698f6 0cc8689a: urand_change_num 29 extract_buf: pool_sig 00000122, data_sig ffffff63, bytes_mixed 20 412698f6 0cc8689a
[    5.573590] random 0000 0000 0000 412698f6 0cc8689a: urand_change_num 30 extract_buf: pool_sig 000001f7, data_sig 00000012, bytes_mixed 20 412698f6 0cc8689a
[    5.573595] random 0000 0000 0000 9669941e 06f768b1: urand_change_num 31 extract_buf: pool_sig fffffb5b, data_sig 0000003f, bytes_mixed 20 9669941e 06f768b1
[    5.573601] random 0000 0000 0000 98486520 995551f0: urand_change_num 32 extract_buf: pool_sig fffffb39, data_sig 0000000e, bytes_mixed 20 98486520 995551f0
[    5.573606] random 0000 0000 0000 98486520 995551f0: urand_change_num 33 extract_buf: pool_sig fffffd8d, data_sig 000001a6, bytes_mixed 20 98486520 995551f0
[    5.573611] random 0000 0000 0000 61fc8914 d5882ed2: urand_change_num 34 extract_buf: pool_sig fffffa58, data_sig 0000023e, bytes_mixed 20 61fc8914 d5882ed2
[    5.573641] random 0000 0000 0000 61fc8914 d5882ed2: rand_read_num 8 get_random_bytes(64): sig fffff9ee 61fc8914 d5882ed2
[    5.573643] random 0000 0000 0000 61fc8914 d5882ed2: extract_entropy(.. 64 ..)
[    5.573645] random 0000 0000 0000 61fc8914 d5882ed2: going to reseed nonblocking with 512 bits (512 of 0 requested)
[    5.573648] random 0000 0000 0000 61fc8914 d5882ed2: extract_entropy(.. 64 ..)
[    5.573650] random 0000 0000 0000 61fc8914 d5882ed2: trying to extract 512 bits from input
[    5.573652] random 0000 0000 0000 61fc8914 d5882ed2: debiting 0 entropy credits from input
[    5.573654] random 0000 0000 0000 61fc8914 d5882ed2: extract_entropy account returned: 0 
[    5.573657] random 0000 0000 0000 61fc8914 d5882ed2: urand_change_num 35 xfer_secondary_pool(64): pool_sig fffff9ee, data_sig 00000000, bytes_mixed 0 61fc8914 d5882ed2
[    5.573659] random 0000 0000 0000 61fc8914 d5882ed2: trying to extract 512 bits from nonblocking
[    5.573662] random 0000 0000 0000 61fc8914 d5882ed2: debiting 512 entropy credits from nonblocking (unlimited)
[    5.573664] random 0000 0000 0000 61fc8914 d5882ed2: extract_entropy account returned: 64 
[    5.573668] random 0000 0000 0000 61fc8914 d5882ed2: urand_change_num 36 extract_buf: pool_sig fffff9ee, data_sig ffffff85, bytes_mixed 20 61fc8914 d5882ed2
[    5.573673] random 0000 0000 0000 70cfd302 e5edec11: urand_change_num 37 extract_buf: pool_sig fffffdc1, data_sig ffffffde, bytes_mixed 20 70cfd302 e5edec11
[    5.573678] random 0000 0000 0000 00dab838 eafd2b30: urand_change_num 38 extract_buf: pool_sig 000003da, data_sig ffffff61, bytes_mixed 20 00dab838 eafd2b30
[    5.573683] random 0000 0000 0000 00dab838 eafd2b30: urand_change_num 39 extract_buf: pool_sig 00000314, data_sig 00000121, bytes_mixed 20 00dab838 eafd2b30
[    5.573689] random 0000 0000 0000 5fcdf66a 6442b608: urand_change_num 40 extract_buf: pool_sig 0000028b, data_sig fffffefd, bytes_mixed 20 5fcdf66a 6442b608
[    5.573694] random 0000 0000 0000 61333f6b 8fae0f9b: urand_change_num 41 extract_buf: pool_sig 000000cb, data_sig 000000b3, bytes_mixed 20 61333f6b 8fae0f9b
[    5.573699] random 0000 0000 0000 61333f6b 8fae0f9b: urand_change_num 42 extract_buf: pool_sig fffffef8, data_sig 00000051, bytes_mixed 20 61333f6b 8fae0f9b
[    5.573702] BEGIN NET_SECRET:
[    5.573703] \xffffffe0
[    5.573704] \xffffffb6
[    5.573705] \x36
[    5.573706] \xffffffb5
[    5.573706] \xffffff94
[    5.573707] \xffffffb2
[    5.573708] \xffffffa8
[    5.573709] \xffffffda
[    5.573710] \x5b
[    5.573710] \x19
[    5.573711] \x18
[    5.573712] \x5c
[    5.573712] \x2b
[    5.573713] \x1
[    5.573714] \xffffff90
[    5.573715] \x19
[    5.573716] \x3c
[    5.573716] \xfffffff2
[    5.573717] \xffffff82
[    5.573718] \x2a
[    5.573719] \xffffffb3
[    5.573719] \xffffffa2
[    5.573720] \x3f
[    5.573721] \x5
[    5.573722] \x52
[    5.573722] \x77
[    5.573723] \x57
[    5.573724] \x79
[    5.573724] \x16
[    5.573725] \x43
[    5.573726] \xffffff84
[    5.573727] \xffffffc3
[    5.573727] \xffffffe9
[    5.573728] \x79
[    5.573729] \x50
[    5.573730] \xffffff8e
[    5.573730] \x3f
[    5.573731] \xfffffff3
[    5.573732] \x19
[    5.573733] \x2a
[    5.573733] \xfffffffd
[    5.573734] \xfffffffb
[    5.573735] \x62
[    5.573736] \x3c
[    5.573736] \xffffffac
[    5.573737] \x1c
[    5.573738] \x3b
[    5.573739] \x3b
[    5.573739] \x15
[    5.573740] \x27
[    5.573741] \xffffffa8
[    5.573742] \x22
[    5.573742] \xffffffc5
[    5.573743] \xffffff9a
[    5.573744] \x5
[    5.573745] \x6c
[    5.573745] \xffffffa8
[    5.573746] \x3a
[    5.573747] \x44
[    5.573748] \xffffffaf
[    5.573748] \x13
[    5.573749] \xffffffe0
[    5.573750] \xffffff9d
[    5.573751] \x22
[    5.573752] 
[    5.573752] END NET_SECRET
[    5.573755] random 0000 0000 0000 e7f555d9 e8ce5c3c: rand_read_num 9 get_random_bytes(4): sig 0000068c e7f555d9 e8ce5c3c
[    5.573757] random 0000 0000 0000 e7f555d9 e8ce5c3c: extract_entropy(.. 4 ..)
[    5.573759] random 0000 0000 0000 e7f555d9 e8ce5c3c: going to reseed nonblocking with 64 bits (32 of 0 requested)
[    5.573762] random 0000 0000 0000 e7f555d9 e8ce5c3c: extract_entropy(.. 8 ..)
[    5.573764] random 0000 0000 0000 e7f555d9 e8ce5c3c: trying to extract 64 bits from input
[    5.573766] random 0000 0000 0000 e7f555d9 e8ce5c3c: debiting 0 entropy credits from input
[    5.573768] random 0000 0000 0000 e7f555d9 e8ce5c3c: extract_entropy account returned: 0 
[    5.573771] random 0000 0000 0000 e7f555d9 e8ce5c3c: urand_change_num 43 xfer_secondary_pool(4): pool_sig 0000068c, data_sig 00000000, bytes_mixed 0 e7f555d9 e8ce5c3c
[    5.573773] random 0000 0000 0000 e7f555d9 e8ce5c3c: trying to extract 32 bits from nonblocking
[    5.573776] random 0000 0000 0000 e7f555d9 e8ce5c3c: debiting 32 entropy credits from nonblocking (unlimited)
[    5.573778] random 0000 0000 0000 e7f555d9 e8ce5c3c: extract_entropy account returned: 4 
[    5.573782] random 0000 0000 0000 e7f555d9 e8ce5c3c: urand_change_num 44 extract_buf: pool_sig 0000068c, data_sig fffffdcb, bytes_mixed 20 e7f555d9 e8ce5c3c
[    5.573792] md: Waiting for all devices to be available before autodetect
[    5.573874] md: If you don't use raid, use raid=noautodetect
[    5.574034] md: Autodetecting RAID arrays.
[    5.574122] md: Scanned 0 and added 0 devices.
[    5.574200] md: autorun ...
[    5.574284] md: ... autorun DONE.
[    5.589033] EXT3-fs: sda2: couldn't mount because of unsupported optional features (240).
[    5.589254] EXT2-fs: sda2: couldn't mount because of unsupported optional features (240).
[    5.590480] random 0000 0000 0000 e7f555d9 e8ce5c3c: rand_read_num 10 get_random_bytes(4): sig ffffff72 e7f555d9 e8ce5c3c
[    5.590482] random 0000 0000 0000 e7f555d9 e8ce5c3c: extract_entropy(.. 4 ..)
[    5.590485] random 0000 0000 0000 e7f555d9 e8ce5c3c: going to reseed nonblocking with 64 bits (32 of 0 requested)
[    5.590487] random 0000 0000 0000 e7f555d9 e8ce5c3c: extract_entropy(.. 8 ..)
[    5.590489] random 0000 0000 0000 e7f555d9 e8ce5c3c: trying to extract 64 bits from input
[    5.590491] random 0000 0000 0000 e7f555d9 e8ce5c3c: debiting 0 entropy credits from input
[    5.590493] random 0000 0000 0000 e7f555d9 e8ce5c3c: extract_entropy account returned: 0 
[    5.590496] random 0000 0000 0000 e7f555d9 e8ce5c3c: urand_change_num 45 xfer_secondary_pool(4): pool_sig ffffff72, data_sig 00000000, bytes_mixed 0 e7f555d9 e8ce5c3c
[    5.590499] random 0000 0000 0000 e7f555d9 e8ce5c3c: trying to extract 32 bits from nonblocking
[    5.590501] random 0000 0000 0000 e7f555d9 e8ce5c3c: debiting 32 entropy credits from nonblocking (unlimited)
[    5.590503] random 0000 0000 0000 e7f555d9 e8ce5c3c: extract_entropy account returned: 4 
[    5.590508] random 0000 0000 0000 e7f555d9 e8ce5c3c: urand_change_num 46 extract_buf: pool_sig ffffff72, data_sig ffffff72, bytes_mixed 20 e7f555d9 e8ce5c3c
[    5.625706] EXT4-fs (sda2): mounted filesystem with ordered data mode
[    5.625891] VFS: Mounted root (ext4 filesystem) readonly on device 8:2.
[    5.625983] Freeing unused kernel memory: 448k freed
[    5.696330] random 0000 0000 0000 91716c54 eeb6a1e7: rand_read_num 11 get_random_bytes(16): sig fffffcad 91716c54 eeb6a1e7
[    5.696333] random 0000 0000 0000 91716c54 eeb6a1e7: extract_entropy(.. 16 ..)
[    5.696335] random 0000 0000 0000 91716c54 eeb6a1e7: going to reseed nonblocking with 128 bits (128 of 0 requested)
[    5.696337] random 0000 0000 0000 91716c54 eeb6a1e7: extract_entropy(.. 16 ..)
[    5.696339] random 0000 0000 0000 91716c54 eeb6a1e7: trying to extract 128 bits from input
[    5.696341] random 0000 0000 0000 91716c54 eeb6a1e7: debiting 0 entropy credits from input
[    5.696343] random 0000 0000 0000 91716c54 eeb6a1e7: extract_entropy account returned: 0 
[    5.696346] random 0000 0000 0000 91716c54 eeb6a1e7: urand_change_num 47 xfer_secondary_pool(16): pool_sig fffffcad, data_sig 00000000, bytes_mixed 0 91716c54 eeb6a1e7
[    5.696349] random 0000 0000 0000 91716c54 eeb6a1e7: trying to extract 128 bits from nonblocking
[    5.696352] random 0000 0000 0000 91716c54 eeb6a1e7: debiting 128 entropy credits from nonblocking (unlimited)
[    5.696354] random 0000 0000 0000 91716c54 eeb6a1e7: extract_entropy account returned: 16 
[    5.696358] random 0000 0000 0000 91716c54 eeb6a1e7: urand_change_num 48 extract_buf: pool_sig fffffcad, data_sig ffffff19, bytes_mixed 20 91716c54 eeb6a1e7
[    5.696363] random 0000 0000 0000 fd637b06 6cf47bc1: urand_change_num 49 extract_buf: pool_sig fffffede, data_sig ffffffc1, bytes_mixed 20 fd637b06 6cf47bc1
[    5.774754] random 0000 0000 0000 fd637b06 6cf47bc1: rand_read_num 12 get_random_bytes(16): sig 0000033b fd637b06 6cf47bc1
[    5.774757] random 0000 0000 0000 fd637b06 6cf47bc1: extract_entropy(.. 16 ..)
[    5.774760] random 0000 0000 0000 fd637b06 6cf47bc1: going to reseed nonblocking with 128 bits (128 of 0 requested)
[    5.774762] random 0000 0000 0000 fd637b06 6cf47bc1: extract_entropy(.. 16 ..)
[    5.774764] random 0000 0000 0000 fd637b06 6cf47bc1: trying to extract 128 bits from input
[    5.774766] random 0000 0000 0000 fd637b06 6cf47bc1: debiting 0 entropy credits from input
[    5.774768] random 0000 0000 0000 fd637b06 6cf47bc1: extract_entropy account returned: 0 
[    5.774772] random 0000 0000 0000 fd637b06 6cf47bc1: urand_change_num 50 xfer_secondary_pool(16): pool_sig 0000033b, data_sig 00000000, bytes_mixed 0 fd637b06 6cf47bc1
[    5.774774] random 0000 0000 0000 fd637b06 6cf47bc1: trying to extract 128 bits from nonblocking
[    5.774777] random 0000 0000 0000 fd637b06 6cf47bc1: debiting 128 entropy credits from nonblocking (unlimited)
[    5.774779] random 0000 0000 0000 fd637b06 6cf47bc1: extract_entropy account returned: 16 
[    5.774783] random 0000 0000 0000 fd637b06 6cf47bc1: urand_change_num 51 extract_buf: pool_sig 0000033b, data_sig 000000d8, bytes_mixed 20 fd637b06 6cf47bc1
[    5.774788] random 0000 0000 0000 0ec1f012 d4727ca8: urand_change_num 52 extract_buf: pool_sig fffffcf5, data_sig 00000016, bytes_mixed 20 0ec1f012 d4727ca8
[    6.139697] ieee1394: Host added: ID:BUS[0-00:1023]  GUID[00061b032a25f51c]
[    6.140355] random 0000 0000 0000 45b1d0b1 845a73f7: rand_read_num 13 get_random_bytes(16): sig 00000116 45b1d0b1 845a73f7
[    6.140357] random 0000 0000 0000 45b1d0b1 845a73f7: extract_entropy(.. 16 ..)
[    6.140360] random 0000 0000 0000 45b1d0b1 845a73f7: going to reseed nonblocking with 128 bits (128 of 0 requested)
[    6.140362] random 0000 0000 0000 45b1d0b1 845a73f7: extract_entropy(.. 16 ..)
[    6.140364] random 0000 0000 0000 45b1d0b1 845a73f7: trying to extract 128 bits from input
[    6.140366] random 0000 0000 0000 45b1d0b1 845a73f7: debiting 0 entropy credits from input
[    6.140368] random 0000 0000 0000 45b1d0b1 845a73f7: extract_entropy account returned: 0 
[    6.140371] random 0000 0000 0000 45b1d0b1 845a73f7: urand_change_num 53 xfer_secondary_pool(16): pool_sig 00000116, data_sig 00000000, bytes_mixed 0 45b1d0b1 845a73f7
[    6.140374] random 0000 0000 0000 45b1d0b1 845a73f7: trying to extract 128 bits from nonblocking
[    6.140377] random 0000 0000 0000 45b1d0b1 845a73f7: debiting 128 entropy credits from nonblocking (unlimited)
[    6.140379] random 0000 0000 0000 45b1d0b1 845a73f7: extract_entropy account returned: 16 
[    6.140383] random 0000 0000 0000 45b1d0b1 845a73f7: urand_change_num 54 extract_buf: pool_sig 00000116, data_sig fffffd8b, bytes_mixed 20 45b1d0b1 845a73f7
[    6.140388] random 0000 0000 0000 45b1d0b1 845a73f7: urand_change_num 55 extract_buf: pool_sig fffffc05, data_sig 00000109, bytes_mixed 20 45b1d0b1 845a73f7
[    6.192856] random 0000 0000 0000 5012cce3 b8a30621: rand_read_num 14 get_random_bytes(16): sig fffffb93 5012cce3 b8a30621
[    6.192859] random 0000 0000 0000 5012cce3 b8a30621: extract_entropy(.. 16 ..)
[    6.192862] random 0000 0000 0000 5012cce3 b8a30621: going to reseed nonblocking with 128 bits (128 of 0 requested)
[    6.192864] random 0000 0000 0000 5012cce3 b8a30621: extract_entropy(.. 16 ..)
[    6.192866] random 0000 0000 0000 5012cce3 b8a30621: trying to extract 128 bits from input
[    6.192868] random 0000 0000 0000 5012cce3 b8a30621: debiting 0 entropy credits from input
[    6.192870] random 0000 0000 0000 5012cce3 b8a30621: extract_entropy account returned: 0 
[    6.192873] random 0000 0000 0000 5012cce3 b8a30621: urand_change_num 56 xfer_secondary_pool(16): pool_sig fffffb93, data_sig 00000000, bytes_mixed 0 5012cce3 b8a30621
[    6.192876] random 0000 0000 0000 5012cce3 b8a30621: trying to extract 128 bits from nonblocking
[    6.192878] random 0000 0000 0000 5012cce3 b8a30621: debiting 128 entropy credits from nonblocking (unlimited)
[    6.192881] random 0000 0000 0000 5012cce3 b8a30621: extract_entropy account returned: 16 
[    6.192885] random 0000 0000 0000 5012cce3 b8a30621: urand_change_num 57 extract_buf: pool_sig fffffb93, data_sig ffffff35, bytes_mixed 20 5012cce3 b8a30621
[    6.192890] random 0000 0000 0000 5012cce3 b8a30621: urand_change_num 58 extract_buf: pool_sig fffffb9d, data_sig ffffff92, bytes_mixed 20 5012cce3 b8a30621
[    6.194255] random 0000 0000 0000 30a5721d 4b648ff6: rand_read_num 15 get_random_bytes(16): sig fffffeb5 30a5721d 4b648ff6
[    6.194258] random 0000 0000 0000 30a5721d 4b648ff6: extract_entropy(.. 16 ..)
[    6.194260] random 0000 0000 0000 30a5721d 4b648ff6: going to reseed nonblocking with 128 bits (128 of 0 requested)
[    6.194262] random 0000 0000 0000 30a5721d 4b648ff6: extract_entropy(.. 16 ..)
[    6.194265] random 0000 0000 0000 30a5721d 4b648ff6: trying to extract 128 bits from input
[    6.194267] random 0000 0000 0000 30a5721d 4b648ff6: debiting 0 entropy credits from input
[    6.194269] random 0000 0000 0000 30a5721d 4b648ff6: extract_entropy account returned: 0 
[    6.194272] random 0000 0000 0000 30a5721d 4b648ff6: urand_change_num 59 xfer_secondary_pool(16): pool_sig fffffeb5, data_sig 00000000, bytes_mixed 0 30a5721d 4b648ff6
[    6.194275] random 0000 0000 0000 30a5721d 4b648ff6: trying to extract 128 bits from nonblocking
[    6.194277] random 0000 0000 0000 30a5721d 4b648ff6: debiting 128 entropy credits from nonblocking (unlimited)
[    6.194279] random 0000 0000 0000 30a5721d 4b648ff6: extract_entropy account returned: 16 
[    6.194283] random 0000 0000 0000 30a5721d 4b648ff6: urand_change_num 60 extract_buf: pool_sig fffffeb5, data_sig 000000c2, bytes_mixed 20 30a5721d 4b648ff6
[    6.194289] random 0000 0000 0000 89bae1ab 704c432f: urand_change_num 61 extract_buf: pool_sig 0000006e, data_sig fffffefc, bytes_mixed 20 89bae1ab 704c432f
[    6.194837] random 0000 0000 0000 89bae1ab 704c432f: rand_read_num 16 get_random_bytes(16): sig fffffd99 89bae1ab 704c432f
[    6.194839] random 0000 0000 0000 89bae1ab 704c432f: extract_entropy(.. 16 ..)
[    6.194842] random 0000 0000 0000 89bae1ab 704c432f: going to reseed nonblocking with 128 bits (128 of 0 requested)
[    6.194844] random 0000 0000 0000 89bae1ab 704c432f: extract_entropy(.. 16 ..)
[    6.194847] random 0000 0000 0000 89bae1ab 704c432f: trying to extract 128 bits from input
[    6.194849] random 0000 0000 0000 89bae1ab 704c432f: debiting 0 entropy credits from input
[    6.194851] random 0000 0000 0000 89bae1ab 704c432f: extract_entropy account returned: 0 
[    6.194854] random 0000 0000 0000 89bae1ab 704c432f: urand_change_num 62 xfer_secondary_pool(16): pool_sig fffffd99, data_sig 00000000, bytes_mixed 0 89bae1ab 704c432f
[    6.194857] random 0000 0000 0000 89bae1ab 704c432f: trying to extract 128 bits from nonblocking
[    6.194859] random 0000 0000 0000 89bae1ab 704c432f: debiting 128 entropy credits from nonblocking (unlimited)
[    6.194861] random 0000 0000 0000 89bae1ab 704c432f: extract_entropy account returned: 16 
[    6.194865] random 0000 0000 0000 89bae1ab 704c432f: urand_change_num 63 extract_buf: pool_sig fffffd99, data_sig 00000204, bytes_mixed 20 89bae1ab 704c432f
[    6.194871] random 0000 0000 0000 6c298a02 2b1539f8: urand_change_num 64 extract_buf: pool_sig 00000124, data_sig fffffff5, bytes_mixed 20 6c298a02 2b1539f8
[    6.195752] random 0000 0000 0000 c77b8b35 70f6cab5: rand_read_num 17 get_random_bytes(16): sig 0000036b c77b8b35 70f6cab5
[    6.195755] random 0000 0000 0000 c77b8b35 70f6cab5: extract_entropy(.. 16 ..)
[    6.195758] random 0000 0000 0000 c77b8b35 70f6cab5: going to reseed nonblocking with 128 bits (128 of 0 requested)
[    6.195760] random 0000 0000 0000 c77b8b35 70f6cab5: extract_entropy(.. 16 ..)
[    6.195762] random 0000 0000 0000 c77b8b35 70f6cab5: trying to extract 128 bits from input
[    6.195764] random 0000 0000 0000 c77b8b35 70f6cab5: debiting 0 entropy credits from input
[    6.195766] random 0000 0000 0000 c77b8b35 70f6cab5: extract_entropy account returned: 0 
[    6.195769] random 0000 0000 0000 c77b8b35 70f6cab5: urand_change_num 65 xfer_secondary_pool(16): pool_sig 0000036b, data_sig 00000000, bytes_mixed 0 c77b8b35 70f6cab5
[    6.195772] random 0000 0000 0000 c77b8b35 70f6cab5: trying to extract 128 bits from nonblocking
[    6.195774] random 0000 0000 0000 c77b8b35 70f6cab5: debiting 128 entropy credits from nonblocking (unlimited)
[    6.195777] random 0000 0000 0000 c77b8b35 70f6cab5: extract_entropy account returned: 16 
[    6.195781] random 0000 0000 0000 c77b8b35 70f6cab5: urand_change_num 66 extract_buf: pool_sig 0000036b, data_sig 0000005f, bytes_mixed 20 c77b8b35 70f6cab5
[    6.195786] random 0000 0000 0000 c77b8b35 70f6cab5: urand_change_num 67 extract_buf: pool_sig ffffff1c, data_sig 0000005a, bytes_mixed 20 c77b8b35 70f6cab5
[    6.196370] random 0000 0000 0000 af21d212 57d20ca3: rand_read_num 18 get_random_bytes(16): sig fffffb7f af21d212 57d20ca3
[    6.196372] random 0000 0000 0000 af21d212 57d20ca3: extract_entropy(.. 16 ..)
[    6.196375] random 0000 0000 0000 af21d212 57d20ca3: going to reseed nonblocking with 128 bits (128 of 0 requested)
[    6.196377] random 0000 0000 0000 af21d212 57d20ca3: extract_entropy(.. 16 ..)
[    6.196379] random 0000 0000 0000 af21d212 57d20ca3: trying to extract 128 bits from input
[    6.196382] random 0000 0000 0000 af21d212 57d20ca3: debiting 0 entropy credits from input
[    6.196384] random 0000 0000 0000 af21d212 57d20ca3: extract_entropy account returned: 0 
[    6.196387] random 0000 0000 0000 af21d212 57d20ca3: urand_change_num 68 xfer_secondary_pool(16): pool_sig fffffb7f, data_sig 00000000, bytes_mixed 0 af21d212 57d20ca3
[    6.196390] random 0000 0000 0000 af21d212 57d20ca3: trying to extract 128 bits from nonblocking
[    6.196392] random 0000 0000 0000 af21d212 57d20ca3: debiting 128 entropy credits from nonblocking (unlimited)
[    6.196394] random 0000 0000 0000 af21d212 57d20ca3: extract_entropy account returned: 16 
[    6.196398] random 0000 0000 0000 af21d212 57d20ca3: urand_change_num 69 extract_buf: pool_sig fffffb7f, data_sig ffffff88, bytes_mixed 20 af21d212 57d20ca3
[    6.196403] random 0000 0000 0000 af21d212 57d20ca3: urand_change_num 70 extract_buf: pool_sig fffffe1d, data_sig ffffff17, bytes_mixed 20 af21d212 57d20ca3
[    6.196997] random 0000 0000 0000 ffbd26fd 21933274: rand_read_num 19 get_random_bytes(16): sig ffffffc7 ffbd26fd 21933274
[    6.197000] random 0000 0000 0000 ffbd26fd 21933274: extract_entropy(.. 16 ..)
[    6.197003] random 0000 0000 0000 ffbd26fd 21933274: going to reseed nonblocking with 128 bits (128 of 0 requested)
[    6.197005] random 0000 0000 0000 ffbd26fd 21933274: extract_entropy(.. 16 ..)
[    6.197007] random 0000 0000 0000 ffbd26fd 21933274: trying to extract 128 bits from input
[    6.197009] random 0000 0000 0000 ffbd26fd 21933274: debiting 0 entropy credits from input
[    6.197011] random 0000 0000 0000 ffbd26fd 21933274: extract_entropy account returned: 0 
[    6.197014] random 0000 0000 0000 ffbd26fd 21933274: urand_change_num 71 xfer_secondary_pool(16): pool_sig ffffffc7, data_sig 00000000, bytes_mixed 0 ffbd26fd 21933274
[    6.197017] random 0000 0000 0000 ffbd26fd 21933274: trying to extract 128 bits from nonblocking
[    6.197019] random 0000 0000 0000 ffbd26fd 21933274: debiting 128 entropy credits from nonblocking (unlimited)
[    6.197022] random 0000 0000 0000 ffbd26fd 21933274: extract_entropy account returned: 16 
[    6.197026] random 0000 0000 0000 ffbd26fd 21933274: urand_change_num 72 extract_buf: pool_sig ffffffc7, data_sig 0000013b, bytes_mixed 20 ffbd26fd 21933274
[    6.197031] random 0000 0000 0000 151530a2 56c65dd3: urand_change_num 73 extract_buf: pool_sig ffffffbf, data_sig 00000036, bytes_mixed 20 151530a2 56c65dd3
[    6.197589] random 0000 0000 0000 151530a2 56c65dd3: rand_read_num 20 get_random_bytes(16): sig 000001a7 151530a2 56c65dd3
[    6.197592] random 0000 0000 0000 151530a2 56c65dd3: extract_entropy(.. 16 ..)
[    6.197594] random 0000 0000 0000 151530a2 56c65dd3: going to reseed nonblocking with 128 bits (128 of 0 requested)
[    6.197597] random 0000 0000 0000 151530a2 56c65dd3: extract_entropy(.. 16 ..)
[    6.197599] random 0000 0000 0000 151530a2 56c65dd3: trying to extract 128 bits from input
[    6.197601] random 0000 0000 0000 151530a2 56c65dd3: debiting 0 entropy credits from input
[    6.197603] random 0000 0000 0000 151530a2 56c65dd3: extract_entropy account returned: 0 
[    6.197606] random 0000 0000 0000 151530a2 56c65dd3: urand_change_num 74 xfer_secondary_pool(16): pool_sig 000001a7, data_sig 00000000, bytes_mixed 0 151530a2 56c65dd3
[    6.197609] random 0000 0000 0000 151530a2 56c65dd3: trying to extract 128 bits from nonblocking
[    6.197611] random 0000 0000 0000 151530a2 56c65dd3: debiting 128 entropy credits from nonblocking (unlimited)
[    6.197613] random 0000 0000 0000 151530a2 56c65dd3: extract_entropy account returned: 16 
[    6.197618] random 0000 0000 0000 151530a2 56c65dd3: urand_change_num 75 extract_buf: pool_sig 000001a7, data_sig ffffffa1, bytes_mixed 20 151530a2 56c65dd3
[    6.197623] random 0000 0000 0000 5d3e132e d9a77eb3: urand_change_num 76 extract_buf: pool_sig fffffcc9, data_sig 00000013, bytes_mixed 20 5d3e132e d9a77eb3
[    6.240343] random 0000 0000 0000 264837ad 0a28fef5: rand_read_num 21 get_random_bytes(16): sig ffffffd0 264837ad 0a28fef5
[    6.240346] random 0000 0000 0000 264837ad 0a28fef5: extract_entropy(.. 16 ..)
[    6.240348] random 0000 0000 0000 264837ad 0a28fef5: going to reseed nonblocking with 128 bits (128 of 0 requested)
[    6.240351] random 0000 0000 0000 264837ad 0a28fef5: extract_entropy(.. 16 ..)
[    6.240353] random 0000 0000 0000 264837ad 0a28fef5: trying to extract 128 bits from input
[    6.240355] random 0000 0000 0000 264837ad 0a28fef5: debiting 0 entropy credits from input
[    6.240357] random 0000 0000 0000 264837ad 0a28fef5: extract_entropy account returned: 0 
[    6.240360] random 0000 0000 0000 264837ad 0a28fef5: urand_change_num 77 xfer_secondary_pool(16): pool_sig ffffffd0, data_sig 00000000, bytes_mixed 0 264837ad 0a28fef5
[    6.240363] random 0000 0000 0000 264837ad 0a28fef5: trying to extract 128 bits from nonblocking
[    6.240366] random 0000 0000 0000 264837ad 0a28fef5: debiting 128 entropy credits from nonblocking (unlimited)
[    6.240368] random 0000 0000 0000 264837ad 0a28fef5: extract_entropy account returned: 16 
[    6.240372] random 0000 0000 0000 264837ad 0a28fef5: urand_change_num 78 extract_buf: pool_sig ffffffd0, data_sig 0000017b, bytes_mixed 20 264837ad 0a28fef5
[    6.240378] random 0000 0000 0000 264837ad 0a28fef5: urand_change_num 79 extract_buf: pool_sig 0000045c, data_sig 000001df, bytes_mixed 20 264837ad 0a28fef5
[    6.241844] random 0000 0000 0000 f37f7344 164aede0: rand_read_num 22 get_random_bytes(16): sig 000003c2 f37f7344 164aede0
[    6.241847] random 0000 0000 0000 f37f7344 164aede0: extract_entropy(.. 16 ..)
[    6.241850] random 0000 0000 0000 f37f7344 164aede0: going to reseed nonblocking with 128 bits (128 of 0 requested)
[    6.241852] random 0000 0000 0000 f37f7344 164aede0: extract_entropy(.. 16 ..)
[    6.241854] random 0000 0000 0000 f37f7344 164aede0: trying to extract 128 bits from input
[    6.241856] random 0000 0000 0000 f37f7344 164aede0: debiting 0 entropy credits from input
[    6.241858] random 0000 0000 0000 f37f7344 164aede0: extract_entropy account returned: 0 
[    6.241861] random 0000 0000 0000 f37f7344 164aede0: urand_change_num 80 xfer_secondary_pool(16): pool_sig 000003c2, data_sig 00000000, bytes_mixed 0 f37f7344 164aede0
[    6.241864] random 0000 0000 0000 f37f7344 164aede0: trying to extract 128 bits from nonblocking
[    6.241867] random 0000 0000 0000 f37f7344 164aede0: debiting 128 entropy credits from nonblocking (unlimited)
[    6.241869] random 0000 0000 0000 f37f7344 164aede0: extract_entropy account returned: 16 
[    6.241873] random 0000 0000 0000 f37f7344 164aede0: urand_change_num 81 extract_buf: pool_sig 000003c2, data_sig ffffff6c, bytes_mixed 20 f37f7344 164aede0
[    6.241878] random 0000 0000 0000 f37f7344 164aede0: urand_change_num 82 extract_buf: pool_sig fffffdfc, data_sig 00000091, bytes_mixed 20 f37f7344 164aede0
[    6.264643] random 0000 0000 0000 a4794863 878070c1: rand_read_num 23 get_random_bytes(16): sig 0000011b a4794863 878070c1
[    6.264646] random 0000 0000 0000 a4794863 878070c1: extract_entropy(.. 16 ..)
[    6.264649] random 0000 0000 0000 a4794863 878070c1: going to reseed nonblocking with 128 bits (128 of 0 requested)
[    6.264651] random 0000 0000 0000 a4794863 878070c1: extract_entropy(.. 16 ..)
[    6.264653] random 0000 0000 0000 a4794863 878070c1: trying to extract 128 bits from input
[    6.264655] random 0000 0000 0000 a4794863 878070c1: debiting 0 entropy credits from input
[    6.264657] random 0000 0000 0000 a4794863 878070c1: extract_entropy account returned: 0 
[    6.264660] random 0000 0000 0000 a4794863 878070c1: urand_change_num 83 xfer_secondary_pool(16): pool_sig 0000011b, data_sig 00000000, bytes_mixed 0 a4794863 878070c1
[    6.264663] random 0000 0000 0000 a4794863 878070c1: trying to extract 128 bits from nonblocking
[    6.264666] random 0000 0000 0000 a4794863 878070c1: debiting 128 entropy credits from nonblocking (unlimited)
[    6.264668] random 0000 0000 0000 a4794863 878070c1: extract_entropy account returned: 16 
[    6.264672] random 0000 0000 0000 a4794863 878070c1: urand_change_num 84 extract_buf: pool_sig 0000011b, data_sig ffffff51, bytes_mixed 20 a4794863 878070c1
[    6.264678] random 0000 0000 0000 737f19b4 9417d8ab: urand_change_num 85 extract_buf: pool_sig 000001a3, data_sig 0000006c, bytes_mixed 20 737f19b4 9417d8ab
[    6.268742] random 0000 0000 0000 737f19b4 9417d8ab: rand_read_num 24 get_random_bytes(16): sig fffffe22 737f19b4 9417d8ab
[    6.268744] random 0000 0000 0000 737f19b4 9417d8ab: extract_entropy(.. 16 ..)
[    6.268747] random 0000 0000 0000 737f19b4 9417d8ab: going to reseed nonblocking with 128 bits (128 of 0 requested)
[    6.268749] random 0000 0000 0000 737f19b4 9417d8ab: extract_entropy(.. 16 ..)
[    6.268751] random 0000 0000 0000 737f19b4 9417d8ab: trying to extract 128 bits from input
[    6.268753] random 0000 0000 0000 737f19b4 9417d8ab: debiting 0 entropy credits from input
[    6.268755] random 0000 0000 0000 737f19b4 9417d8ab: extract_entropy account returned: 0 
[    6.268758] random 0000 0000 0000 737f19b4 9417d8ab: urand_change_num 86 xfer_secondary_pool(16): pool_sig fffffe22, data_sig 00000000, bytes_mixed 0 737f19b4 9417d8ab
[    6.268761] random 0000 0000 0000 737f19b4 9417d8ab: trying to extract 128 bits from nonblocking
[    6.268764] random 0000 0000 0000 737f19b4 9417d8ab: debiting 128 entropy credits from nonblocking (unlimited)
[    6.268766] random 0000 0000 0000 737f19b4 9417d8ab: extract_entropy account returned: 16 
[    6.268770] random 0000 0000 0000 737f19b4 9417d8ab: urand_change_num 87 extract_buf: pool_sig fffffe22, data_sig 00000230, bytes_mixed 20 737f19b4 9417d8ab
[    6.268775] random 0000 0000 0000 4deb0d06 1236af4c: urand_change_num 88 extract_buf: pool_sig 000000b6, data_sig ffffff44, bytes_mixed 20 4deb0d06 1236af4c
[    6.269767] random 0000 0000 0000 b538fadc 4a7613df: rand_read_num 25 get_random_bytes(16): sig 0000013c b538fadc 4a7613df
[    6.269770] random 0000 0000 0000 b538fadc 4a7613df: extract_entropy(.. 16 ..)
[    6.269773] random 0000 0000 0000 b538fadc 4a7613df: going to reseed nonblocking with 128 bits (128 of 0 requested)
[    6.269775] random 0000 0000 0000 b538fadc 4a7613df: extract_entropy(.. 16 ..)
[    6.269777] random 0000 0000 0000 b538fadc 4a7613df: trying to extract 128 bits from input
[    6.269779] random 0000 0000 0000 b538fadc 4a7613df: debiting 0 entropy credits from input
[    6.269781] random 0000 0000 0000 b538fadc 4a7613df: extract_entropy account returned: 0 
[    6.269784] random 0000 0000 0000 b538fadc 4a7613df: urand_change_num 89 xfer_secondary_pool(16): pool_sig 0000013c, data_sig 00000000, bytes_mixed 0 b538fadc 4a7613df
[    6.269787] random 0000 0000 0000 b538fadc 4a7613df: trying to extract 128 bits from nonblocking
[    6.269790] random 0000 0000 0000 b538fadc 4a7613df: debiting 128 entropy credits from nonblocking (unlimited)
[    6.269792] random 0000 0000 0000 b538fadc 4a7613df: extract_entropy account returned: 16 
[    6.269796] random 0000 0000 0000 b538fadc 4a7613df: urand_change_num 90 extract_buf: pool_sig 0000013c, data_sig 00000015, bytes_mixed 20 b538fadc 4a7613df
[    6.269801] random 0000 0000 0000 b538fadc 4a7613df: urand_change_num 91 extract_buf: pool_sig 00000452, data_sig 0000002b, bytes_mixed 20 b538fadc 4a7613df
[    6.270253] random 0000 0000 0000 73b17df4 93bb370e: rand_read_num 26 get_random_bytes(16): sig fffffbf1 73b17df4 93bb370e
[    6.270256] random 0000 0000 0000 73b17df4 93bb370e: extract_entropy(.. 16 ..)
[    6.270258] random 0000 0000 0000 73b17df4 93bb370e: going to reseed nonblocking with 128 bits (128 of 0 requested)
[    6.270261] random 0000 0000 0000 73b17df4 93bb370e: extract_entropy(.. 16 ..)
[    6.270263] random 0000 0000 0000 73b17df4 93bb370e: trying to extract 128 bits from input
[    6.270265] random 0000 0000 0000 73b17df4 93bb370e: debiting 0 entropy credits from input
[    6.270267] random 0000 0000 0000 73b17df4 93bb370e: extract_entropy account returned: 0 
[    6.270270] random 0000 0000 0000 73b17df4 93bb370e: urand_change_num 92 xfer_secondary_pool(16): pool_sig fffffbf1, data_sig 00000000, bytes_mixed 0 73b17df4 93bb370e
[    6.270273] random 0000 0000 0000 73b17df4 93bb370e: trying to extract 128 bits from nonblocking
[    6.270275] random 0000 0000 0000 73b17df4 93bb370e: debiting 128 entropy credits from nonblocking (unlimited)
[    6.270277] random 0000 0000 0000 73b17df4 93bb370e: extract_entropy account returned: 16 
[    6.270281] random 0000 0000 0000 73b17df4 93bb370e: urand_change_num 93 extract_buf: pool_sig fffffbf1, data_sig ffffff99, bytes_mixed 20 73b17df4 93bb370e
[    6.270287] random 0000 0000 0000 73b17df4 93bb370e: urand_change_num 94 extract_buf: pool_sig fffffe1d, data_sig 000000b0, bytes_mixed 20 73b17df4 93bb370e
[    6.270698] random 0000 0000 0000 0cd682bb ba04da9f: rand_read_num 27 get_random_bytes(16): sig fffffccb 0cd682bb ba04da9f
[    6.270701] random 0000 0000 0000 0cd682bb ba04da9f: extract_entropy(.. 16 ..)
[    6.270703] random 0000 0000 0000 0cd682bb ba04da9f: going to reseed nonblocking with 128 bits (128 of 0 requested)
[    6.270705] random 0000 0000 0000 0cd682bb ba04da9f: extract_entropy(.. 16 ..)
[    6.270707] random 0000 0000 0000 0cd682bb ba04da9f: trying to extract 128 bits from input
[    6.270710] random 0000 0000 0000 0cd682bb ba04da9f: debiting 0 entropy credits from input
[    6.270712] random 0000 0000 0000 0cd682bb ba04da9f: extract_entropy account returned: 0 
[    6.270715] random 0000 0000 0000 0cd682bb ba04da9f: urand_change_num 95 xfer_secondary_pool(16): pool_sig fffffccb, data_sig 00000000, bytes_mixed 0 0cd682bb ba04da9f
[    6.270718] random 0000 0000 0000 0cd682bb ba04da9f: trying to extract 128 bits from nonblocking
[    6.270720] random 0000 0000 0000 0cd682bb ba04da9f: debiting 128 entropy credits from nonblocking (unlimited)
[    6.270722] random 0000 0000 0000 0cd682bb ba04da9f: extract_entropy account returned: 16 
[    6.270726] random 0000 0000 0000 0cd682bb ba04da9f: urand_change_num 96 extract_buf: pool_sig fffffccb, data_sig fffffec5, bytes_mixed 20 0cd682bb ba04da9f
[    6.270732] random 0000 0000 0000 26929f1a 15254dc1: urand_change_num 97 extract_buf: pool_sig fffffed2, data_sig ffffffb1, bytes_mixed 20 26929f1a 15254dc1
[    6.271605] random 0000 0000 0000 26929f1a 15254dc1: rand_read_num 28 get_random_bytes(16): sig 00000038 26929f1a 15254dc1
[    6.271608] random 0000 0000 0000 26929f1a 15254dc1: extract_entropy(.. 16 ..)
[    6.271610] random 0000 0000 0000 26929f1a 15254dc1: going to reseed nonblocking with 128 bits (128 of 0 requested)
[    6.271613] random 0000 0000 0000 26929f1a 15254dc1: extract_entropy(.. 16 ..)
[    6.271615] random 0000 0000 0000 26929f1a 15254dc1: trying to extract 128 bits from input
[    6.271617] random 0000 0000 0000 26929f1a 15254dc1: debiting 0 entropy credits from input
[    6.271619] random 0000 0000 0000 26929f1a 15254dc1: extract_entropy account returned: 0 
[    6.271622] random 0000 0000 0000 26929f1a 15254dc1: urand_change_num 98 xfer_secondary_pool(16): pool_sig 00000038, data_sig 00000000, bytes_mixed 0 26929f1a 15254dc1
[    6.271625] random 0000 0000 0000 26929f1a 15254dc1: trying to extract 128 bits from nonblocking
[    6.271627] random 0000 0000 0000 26929f1a 15254dc1: debiting 128 entropy credits from nonblocking (unlimited)
[    6.271629] random 0000 0000 0000 26929f1a 15254dc1: extract_entropy account returned: 16 
[    6.271633] random 0000 0000 0000 26929f1a 15254dc1: urand_change_num 99 extract_buf: pool_sig 00000038, data_sig 000000fd, bytes_mixed 20 26929f1a 15254dc1
[    6.271639] random 0000 0000 0000 8116fe3b 478c2d5b: urand_change_num 100 extract_buf: pool_sig 00000059, data_sig 00000310, bytes_mixed 20 8116fe3b 478c2d5b
[    6.278278] random 0000 0000 0000 a20f4a3a 32a6b2fa: rand_read_num 29 get_random_bytes(16): sig 000002c0 a20f4a3a 32a6b2fa
[    6.278281] random 0000 0000 0000 a20f4a3a 32a6b2fa: extract_entropy(.. 16 ..)
[    6.278284] random 0000 0000 0000 a20f4a3a 32a6b2fa: going to reseed nonblocking with 128 bits (128 of 0 requested)
[    6.278286] random 0000 0000 0000 a20f4a3a 32a6b2fa: extract_entropy(.. 16 ..)
[    6.278288] random 0000 0000 0000 a20f4a3a 32a6b2fa: trying to extract 128 bits from input
[    6.278290] random 0000 0000 0000 a20f4a3a 32a6b2fa: debiting 0 entropy credits from input
[    6.278292] random 0000 0000 0000 a20f4a3a 32a6b2fa: extract_entropy account returned: 0 
[    6.278295] random 0000 0000 0000 a20f4a3a 32a6b2fa: urand_change_num 101 xfer_secondary_pool(16): pool_sig 000002c0, data_sig 00000000, bytes_mixed 0 a20f4a3a 32a6b2fa
[    6.278298] random 0000 0000 0000 a20f4a3a 32a6b2fa: trying to extract 128 bits from nonblocking
[    6.278300] random 0000 0000 0000 a20f4a3a 32a6b2fa: debiting 128 entropy credits from nonblocking (unlimited)
[    6.278303] random 0000 0000 0000 a20f4a3a 32a6b2fa: extract_entropy account returned: 16 
[    6.278307] random 0000 0000 0000 a20f4a3a 32a6b2fa: urand_change_num 102 extract_buf: pool_sig 000002c0, data_sig 000000fb, bytes_mixed 20 a20f4a3a 32a6b2fa
[    6.278312] random 0000 0000 0000 a20f4a3a 32a6b2fa: urand_change_num 103 extract_buf: pool_sig ffffffdd, data_sig 000000a5, bytes_mixed 20 a20f4a3a 32a6b2fa
[    6.290809] random 0000 0000 0000 de716d2a 6c4757e1: rand_read_num 30 get_random_bytes(16): sig 000000fa de716d2a 6c4757e1
[    6.290812] random 0000 0000 0000 de716d2a 6c4757e1: extract_entropy(.. 16 ..)
[    6.290815] random 0000 0000 0000 de716d2a 6c4757e1: going to reseed nonblocking with 128 bits (128 of 0 requested)
[    6.290817] random 0000 0000 0000 de716d2a 6c4757e1: extract_entropy(.. 16 ..)
[    6.290819] random 0000 0000 0000 de716d2a 6c4757e1: trying to extract 128 bits from input
[    6.290821] random 0000 0000 0000 de716d2a 6c4757e1: debiting 0 entropy credits from input
[    6.290823] random 0000 0000 0000 de716d2a 6c4757e1: extract_entropy account returned: 0 
[    6.290826] random 0000 0000 0000 de716d2a 6c4757e1: urand_change_num 104 xfer_secondary_pool(16): pool_sig 000000fa, data_sig 00000000, bytes_mixed 0 de716d2a 6c4757e1
[    6.290829] random 0000 0000 0000 de716d2a 6c4757e1: trying to extract 128 bits from nonblocking
[    6.290831] random 0000 0000 0000 de716d2a 6c4757e1: debiting 128 entropy credits from nonblocking (unlimited)
[    6.290833] random 0000 0000 0000 de716d2a 6c4757e1: extract_entropy account returned: 16 
[    6.290838] random 0000 0000 0000 de716d2a 6c4757e1: urand_change_num 105 extract_buf: pool_sig 000000fa, data_sig ffffff34, bytes_mixed 20 de716d2a 6c4757e1
[    6.290843] random 0000 0000 0000 de716d2a 6c4757e1: urand_change_num 106 extract_buf: pool_sig 000003d3, data_sig ffffff30, bytes_mixed 20 de716d2a 6c4757e1
[    6.291429] random 0000 0000 0000 a7c511e1 f90ea457: rand_read_num 31 get_random_bytes(16): sig 0000009a a7c511e1 f90ea457
[    6.291432] random 0000 0000 0000 a7c511e1 f90ea457: extract_entropy(.. 16 ..)
[    6.291434] random 0000 0000 0000 a7c511e1 f90ea457: going to reseed nonblocking with 128 bits (128 of 0 requested)
[    6.291437] random 0000 0000 0000 a7c511e1 f90ea457: extract_entropy(.. 16 ..)
[    6.291439] random 0000 0000 0000 a7c511e1 f90ea457: trying to extract 128 bits from input
[    6.291441] random 0000 0000 0000 a7c511e1 f90ea457: debiting 0 entropy credits from input
[    6.291443] random 0000 0000 0000 a7c511e1 f90ea457: extract_entropy account returned: 0 
[    6.291446] random 0000 0000 0000 a7c511e1 f90ea457: urand_change_num 107 xfer_secondary_pool(16): pool_sig 0000009a, data_sig 00000000, bytes_mixed 0 a7c511e1 f90ea457
[    6.291449] random 0000 0000 0000 a7c511e1 f90ea457: trying to extract 128 bits from nonblocking
[    6.291451] random 0000 0000 0000 a7c511e1 f90ea457: debiting 128 entropy credits from nonblocking (unlimited)
[    6.291453] random 0000 0000 0000 a7c511e1 f90ea457: extract_entropy account returned: 16 
[    6.291457] random 0000 0000 0000 a7c511e1 f90ea457: urand_change_num 108 extract_buf: pool_sig 0000009a, data_sig 000000e0, bytes_mixed 20 a7c511e1 f90ea457
[    6.291463] random 0000 0000 0000 7c18c7e6 d65ccb06: urand_change_num 109 extract_buf: pool_sig fffffa79, data_sig 000000e0, bytes_mixed 20 7c18c7e6 d65ccb06
[    6.292048] random 0000 0000 0000 7c18c7e6 d65ccb06: rand_read_num 32 get_random_bytes(16): sig fffffe1e 7c18c7e6 d65ccb06
[    6.292051] random 0000 0000 0000 7c18c7e6 d65ccb06: extract_entropy(.. 16 ..)
[    6.292053] random 0000 0000 0000 7c18c7e6 d65ccb06: going to reseed nonblocking with 128 bits (128 of 0 requested)
[    6.292056] random 0000 0000 0000 7c18c7e6 d65ccb06: extract_entropy(.. 16 ..)
[    6.292058] random 0000 0000 0000 7c18c7e6 d65ccb06: trying to extract 128 bits from input
[    6.292060] random 0000 0000 0000 7c18c7e6 d65ccb06: debiting 0 entropy credits from input
[    6.292062] random 0000 0000 0000 7c18c7e6 d65ccb06: extract_entropy account returned: 0 
[    6.292065] random 0000 0000 0000 7c18c7e6 d65ccb06: urand_change_num 110 xfer_secondary_pool(16): pool_sig fffffe1e, data_sig 00000000, bytes_mixed 0 7c18c7e6 d65ccb06
[    6.292068] random 0000 0000 0000 7c18c7e6 d65ccb06: trying to extract 128 bits from nonblocking
[    6.292070] random 0000 0000 0000 7c18c7e6 d65ccb06: debiting 128 entropy credits from nonblocking (unlimited)
[    6.292072] random 0000 0000 0000 7c18c7e6 d65ccb06: extract_entropy account returned: 16 
