[    0.000000] random 0000 0000 0000 00000000 00000000: rand_read_num 1 get_random_bytes(8): sig 00000000 00000000 00000000
[    0.000000] random 0000 0000 0000 00000000 00000000: extract_entropy(.. 8 ..)
[    0.000000] random 0000 0000 0000 00000000 00000000: going to reseed nonblocking with 64 bits (64 of 0 requested)
[    0.000000] random 0000 0000 0000 00000000 00000000: extract_entropy(.. 8 ..)
[    0.000000] random 0000 0000 0000 00000000 00000000: trying to extract 64 bits from input
[    0.000000] random 0000 0000 0000 00000000 00000000: debiting 0 entropy credits from input
[    0.000000] random 0000 0000 0000 00000000 00000000: extract_entropy account returned: 0 
[    0.000000] random 0000 0000 0000 00000000 00000000: urand_change_num 1 xfer_secondary_pool(8): pool_sig 00000000, data_sig 00000000, bytes_mixed 0 00000000 00000000
[    0.000000] random 0000 0000 0000 00000000 00000000: trying to extract 64 bits from nonblocking
[    0.000000] random 0000 0000 0000 00000000 00000000: debiting 64 entropy credits from nonblocking (unlimited)
[    0.000000] random 0000 0000 0000 00000000 00000000: extract_entropy account returned: 8 
[    0.000000] random 0000 0000 0000 00000000 00000000: urand_change_num 2 extract_buf: pool_sig 00000000, data_sig fffffff9, bytes_mixed 20 00000000 00000000
[    0.000000] Linux version 2.6.32.57 (dcashman@dcashman-02) (gcc version 4.3.3 (GCC) ) #3 Fri May 24 04:27:34 PDT 2013
[    0.000000] KERNEL supported cpus:
[    0.000000]   Intel GenuineIntel
[    0.000000]   AMD AuthenticAMD
[    0.000000]   NSC Geode by NSC
[    0.000000]   Cyrix CyrixInstead
[    0.000000]   Centaur CentaurHauls
[    0.000000]   Transmeta GenuineTMx86
[    0.000000]   Transmeta TransmetaCPU
[    0.000000]   UMC UMC UMC UMC
[    0.000000] BIOS-provided physical RAM map:
[    0.000000]  BIOS-e820: 0000000000000000 - 000000000009d800 (usable)
[    0.000000]  BIOS-e820: 000000000009d800 - 00000000000a0000 (reserved)
[    0.000000]  BIOS-e820: 00000000000d2000 - 00000000000d4000 (reserved)
[    0.000000]  BIOS-e820: 00000000000e0000 - 0000000000100000 (reserved)
[    0.000000]  BIOS-e820: 0000000000100000 - 000000003d6b0000 (usable)
[    0.000000]  BIOS-e820: 000000003d6b0000 - 000000003d6cc000 (ACPI data)
[    0.000000]  BIOS-e820: 000000003d6cc000 - 000000003d700000 (ACPI NVS)
[    0.000000]  BIOS-e820: 000000003d700000 - 000000003e000000 (reserved)
[    0.000000]  BIOS-e820: 00000000f0000000 - 00000000f4000000 (reserved)
[    0.000000]  BIOS-e820: 00000000fec00000 - 00000000fec10000 (reserved)
[    0.000000]  BIOS-e820: 00000000fed00000 - 00000000fed00400 (reserved)
[    0.000000]  BIOS-e820: 00000000fed14000 - 00000000fed1a000 (reserved)
[    0.000000]  BIOS-e820: 00000000fed1c000 - 00000000fed90000 (reserved)
[    0.000000]  BIOS-e820: 00000000fee00000 - 00000000fee01000 (reserved)
[    0.000000]  BIOS-e820: 00000000ff000000 - 0000000100000000 (reserved)
[    0.000000] DMI present.
[    0.000000] last_pfn = 0x3d6b0 max_arch_pfn = 0x100000
[    0.000000] MTRR default type: uncachable
[    0.000000] MTRR fixed ranges enabled:
[    0.000000]   00000-9FFFF write-back
[    0.000000]   A0000-BFFFF uncachable
[    0.000000]   C0000-CFFFF write-protect
[    0.000000]   D0000-DFFFF uncachable
[    0.000000]   E0000-FFFFF write-protect
[    0.000000] MTRR variable ranges enabled:
[    0.000000]   0 base 03E000000 mask FFE000000 uncachable
[    0.000000]   1 base 000000000 mask FC0000000 write-back
[    0.000000]   2 base 03D700000 mask FFFF00000 uncachable
[    0.000000]   3 base 03D800000 mask FFF800000 uncachable
[    0.000000]   4 disabled
[    0.000000]   5 disabled
[    0.000000]   6 disabled
[    0.000000]   7 disabled
[    0.000000] initial memory mapped : 0 - 02000000
[    0.000000] init_memory_mapping: 0000000000000000-00000000377fe000
[    0.000000]  0000000000 - 0000400000 page 4k
[    0.000000]  0000400000 - 0037400000 page 2M
[    0.000000]  0037400000 - 00377fe000 page 4k
[    0.000000] kernel direct mapping tables up to 377fe000 @ 7000-c000
[    0.000000] ACPI: RSDP 000f68d0 00024 (v02 LENOVO)
[    0.000000] ACPI: XSDT 3d6bb77f 00094 (v01 LENOVO TP-7L    00002170  LTP 00000000)
[    0.000000] ACPI: FACP 3d6bb900 000F4 (v03 LENOVO TP-7L    00002170 LNVO 00000001)
[    0.000000] ACPI Warning: 32/64X length mismatch in Gpe1Block: 0/32 (20090903/tbfadt-526)
[    0.000000] ACPI Warning: Optional field Gpe1Block has zero address or length: 000000000000102C/0 (20090903/tbfadt-557)
[    0.000000] ACPI: DSDT 3d6bbd1d 0FED1 (v01 LENOVO TP-7L    00002170 MSFT 03000000)
[    0.000000] ACPI: FACS 3d6e4000 00040
[    0.000000] ACPI: SSDT 3d6bbab4 00269 (v01 LENOVO TP-7L    00002170 MSFT 03000000)
[    0.000000] ACPI: ECDT 3d6cbbee 00052 (v01 LENOVO TP-7L    00002170 LNVO 00000001)
[    0.000000] ACPI: TCPA 3d6cbc40 00032 (v02 LENOVO TP-7L    00002170 LNVO 00000001)
[    0.000000] ACPI: APIC 3d6cbc72 00068 (v01 LENOVO TP-7L    00002170 LNVO 00000001)
[    0.000000] ACPI: MCFG 3d6cbcda 0003C (v01 LENOVO TP-7L    00002170 LNVO 00000001)
[    0.000000] ACPI: HPET 3d6cbd16 00038 (v01 LENOVO TP-7L    00002170 LNVO 00000001)
[    0.000000] ACPI: SLIC 3d6cbdf0 00176 (v01 LENOVO TP-7L    00002170  LTP 00000000)
[    0.000000] ACPI: BOOT 3d6cbf66 00028 (v01 LENOVO TP-7L    00002170  LTP 00000001)
[    0.000000] ACPI: ASF! 3d6cbf8e 00072 (v16 LENOVO TP-7L    00002170 PTL  00000001)
[    0.000000] ACPI: SSDT 3d6e26d9 0025F (v01 LENOVO TP-7L    00002170 INTL 20050513)
[    0.000000] ACPI: SSDT 3d6e2938 000A6 (v01 LENOVO TP-7L    00002170 INTL 20050513)
[    0.000000] ACPI: SSDT 3d6e29de 004F7 (v01 LENOVO TP-7L    00002170 INTL 20050513)
[    0.000000] ACPI: SSDT 3d6e2ed5 001D8 (v01 LENOVO TP-7L    00002170 INTL 20050513)
[    0.000000] ACPI: DMI detected: Lenovo ThinkPad R61
[    0.000000] ACPI: Added _OSI(Linux)
[    0.000000] ACPI: Local APIC address 0xfee00000
[    0.000000] 94MB HIGHMEM available.
[    0.000000] 887MB LOWMEM available.
[    0.000000]   mapped low ram: 0 - 377fe000
[    0.000000]   low ram: 0 - 377fe000
[    0.000000]   node 0 low ram: 00000000 - 377fe000
[    0.000000]   node 0 bootmap 00008000 - 0000ef00
[    0.000000] (6 early reservations) ==> bootmem [0000000000 - 00377fe000]
[    0.000000]   #0 [0000000000 - 0000001000]   BIOS data page ==> [0000000000 - 0000001000]
[    0.000000]   #1 [0001000000 - 0001bdc180]    TEXT DATA BSS ==> [0001000000 - 0001bdc180]
[    0.000000]   #2 [000009d800 - 0000100000]    BIOS reserved ==> [000009d800 - 0000100000]
[    0.000000]   #3 [0001bdd000 - 0001be516c]              BRK ==> [0001bdd000 - 0001be516c]
[    0.000000]   #4 [0000007000 - 0000008000]          PGTABLE ==> [0000007000 - 0000008000]
[    0.000000]   #5 [0000008000 - 000000f000]          BOOTMAP ==> [0000008000 - 000000f000]
[    0.000000] found SMP MP-table at [c00f6900] f6900
[    0.000000] Zone PFN ranges:
[    0.000000]   DMA      0x00000000 -> 0x00001000
[    0.000000]   Normal   0x00001000 -> 0x000377fe
[    0.000000]   HighMem  0x000377fe -> 0x0003d6b0
[    0.000000] Movable zone start PFN for each node
[    0.000000] early_node_map[2] active PFN ranges
[    0.000000]     0: 0x00000000 -> 0x0000009d
[    0.000000]     0: 0x00000100 -> 0x0003d6b0
[    0.000000] On node 0 totalpages: 251469
[    0.000000] free_area_init_node: node 0, pgdat c1901ea0, node_mem_map c1be7000
[    0.000000]   DMA zone: 32 pages used for memmap
[    0.000000]   DMA zone: 0 pages reserved
[    0.000000]   DMA zone: 3965 pages, LIFO batch:0
[    0.000000]   Normal zone: 1744 pages used for memmap
[    0.000000]   Normal zone: 221486 pages, LIFO batch:31
[    0.000000]   HighMem zone: 190 pages used for memmap
[    0.000000]   HighMem zone: 24052 pages, LIFO batch:3
[    0.000000] Using APIC driver default
[    0.000000] ACPI: PM-Timer IO Port: 0x1008
[    0.000000] ACPI: Local APIC address 0xfee00000
[    0.000000] ACPI: LAPIC (acpi_id[0x00] lapic_id[0x00] enabled)
[    0.000000] ACPI: LAPIC (acpi_id[0x01] lapic_id[0x01] enabled)
[    0.000000] ACPI: NR_CPUS/possible_cpus limit of 1 reached.  Processor 1/0x1 ignored.
[    0.000000] ACPI: LAPIC_NMI (acpi_id[0x00] high edge lint[0x1])
[    0.000000] ACPI: LAPIC_NMI (acpi_id[0x01] high edge lint[0x1])
[    0.000000] ACPI: IOAPIC (id[0x01] address[0xfec00000] gsi_base[0])
[    0.000000] IOAPIC[0]: apic_id 1, version 32, address 0xfec00000, GSI 0-23
[    0.000000] ACPI: INT_SRC_OVR (bus 0 bus_irq 0 global_irq 2 dfl dfl)
[    0.000000] ACPI: INT_SRC_OVR (bus 0 bus_irq 9 global_irq 9 high level)
[    0.000000] ACPI: IRQ0 used by override.
[    0.000000] ACPI: IRQ2 used by override.
[    0.000000] ACPI: IRQ9 used by override.
[    0.000000] Using ACPI (MADT) for SMP configuration information
[    0.000000] ACPI: HPET id: 0x8086a201 base: 0xfed00000
[    0.000000] nr_irqs_gsi: 24
[    0.000000] PM: Registered nosave memory: 000000000009d000 - 000000000009e000
[    0.000000] PM: Registered nosave memory: 000000000009e000 - 00000000000a0000
[    0.000000] PM: Registered nosave memory: 00000000000a0000 - 00000000000d2000
[    0.000000] PM: Registered nosave memory: 00000000000d2000 - 00000000000d4000
[    0.000000] PM: Registered nosave memory: 00000000000d4000 - 00000000000e0000
[    0.000000] PM: Registered nosave memory: 00000000000e0000 - 0000000000100000
[    0.000000] Allocating PCI resources starting at 3e000000 (gap: 3e000000:b2000000)
[    0.000000] Built 1 zonelists in Zone order, mobility grouping on.  Total pages: 249503
[    0.000000] Kernel command line: auto BOOT_IMAGE=Linux ro root=802 vt.default_utf8=0 maxcpus=0
[    0.000000] PID hash table entries: 4096 (order: 2, 16384 bytes)
[    0.000000] Dentry cache hash table entries: 131072 (order: 7, 524288 bytes)
[    0.000000] Inode-cache hash table entries: 65536 (order: 6, 262144 bytes)
[    0.000000] Enabling fast FPU save and restore... done.
[    0.000000] Enabling unmasked SIMD FPU exception support... done.
[    0.000000] Initializing CPU#0
[    0.000000] Initializing HighMem for node 0 (000377fe:0003d6b0)
[    0.000000] Memory: 984800k/1006272k available (6914k kernel code, 20876k reserved, 2328k data, 448k init, 96968k highmem)
[    0.000000] virtual kernel memory layout:
[    0.000000]     fixmap  : 0xfffa3000 - 0xfffff000   ( 368 kB)
[    0.000000]     pkmap   : 0xff800000 - 0xffc00000   (4096 kB)
[    0.000000]     vmalloc : 0xf7ffe000 - 0xff7fe000   ( 120 MB)
[    0.000000]     lowmem  : 0xc0000000 - 0xf77fe000   ( 887 MB)
[    0.000000]       .init : 0xc1907000 - 0xc1977000   ( 448 kB)
[    0.000000]       .data : 0xc16c0b5f - 0xc1906c64   (2328 kB)
[    0.000000]       .text : 0xc1000000 - 0xc16c0b5f   (6914 kB)
[    0.000000] Checking if this processor honours the WP bit even in supervisor mode...Ok.
[    0.000000] SLUB: Genslabs=13, HWalign=64, Order=0-3, MinObjects=0, CPUs=1, Nodes=1
[    0.000000] Hierarchical RCU implementation.
[    0.000000] NR_IRQS:288
[    0.000000] Extended CMOS year: 2000
[    0.000000] Console: colour VGA+ 80x25
[    0.000000] console [tty0] enabled
[    0.000000] hpet clockevent registered
[    0.000000] Fast TSC calibration using PIT
[    0.000000] Detected 2094.822 MHz processor.
[    0.001002] Calibrating delay loop (skipped), value calculated using timer frequency.. 4189.64 BogoMIPS (lpj=2094822)
[    0.002007] Security Framework initialized
[    0.002092] Mount-cache hash table entries: 512
[    0.002239] CPU: L1 I cache: 32K, L1 D cache: 32K
[    0.002367] CPU: L2 cache: 3072K
[    0.002450] mce: CPU supports 6 MCE banks
[    0.002533] CPU0: Thermal monitoring enabled (TM2)
[    0.002618] using mwait in idle threads.
[    0.002704] CPU: Intel(R) Core(TM)2 Duo CPU     T8100  @ 2.10GHz stepping 06
[    0.002885] Checking 'hlt' instruction... OK.
[    0.006938] ACPI: Core revision 20090903
[    0.026013] CANARY value: b0ceae12 for PID: 1
[    0.026044] Enabling APIC mode:  Flat.  Using 1 I/O APICs
[    0.026500] ..TIMER: vector=0x30 apic1=0 pin1=2 apic2=-1 pin2=-1
[    0.036997] xor: automatically using best checksumming function: pIII_sse
[    0.040998]    pIII_sse  :  8568.000 MB/sec
[    0.041087] xor: using function: pIII_sse (8568.000 MB/sec)
[    0.041177] RANDOM - __seed init called.
[    0.041178] RANDOM - __seed init called.
[    0.041179] RANDOM - __seed init called.
[    0.041181] RANDOM - __random32 called. Change num 1.  Value: e6b75c0e	845fdb3c	4764ecc7
[    0.041182] RANDOM - __random32 called. Change num 2.  Value: 75c0e1a6	45fdb3ca	d98f8871
[    0.041184] RANDOM - __random32 called. Change num 3.  Value: e1a6d3e	5fdb3ca9	10e2be79
[    0.041186] RANDOM - __random32 called. Change num 4.  Value: a6d3e877	fdb3ca90	7cf2fee9
[    0.041187] RANDOM - __random32 called. Change num 5.  Value: 3e877b7b	db3ca905	fdd36ca1
[    0.041189] RANDOM - __random32 called. Change num 6.  Value: 77b7ba3d	b3ca905b	d9426901
[    0.041191] RANDOM - random32 init called.  Value: 77b7ba3d	b3ca905b	d9426901
[    0.041208] NET: Registered protocol family 16
[    0.041475] ACPI FADT declares the system doesn't support PCIe ASPM, so disable it
[    0.041597] ACPI: bus type pci registered
[    0.041764] PCI: MCFG configuration 0: base f0000000 segment 0 buses 0 - 63
[    0.041867] PCI: MCFG area at f0000000 reserved in E820
[    0.041953] PCI: Using MMCONFIG for extended config space
[    0.042002] PCI: Using configuration type 1 for base access
[    0.045155] bio: create slab <bio-0> at 0
[    0.045961] ACPI: EC: EC description table is found, configuring boot EC
[    0.051133] ACPI: BIOS _OSI(Linux) query honored via DMI
[    0.051870] random 0000 0000 0000 00000000 00000000: rand_read_num 2 get_random_bytes(8): sig fffffe1a 00000000 00000000
[    0.051873] random 0000 0000 0000 00000000 00000000: extract_entropy(.. 8 ..)
[    0.051875] random 0000 0000 0000 00000000 00000000: going to reseed nonblocking with 64 bits (64 of 0 requested)
[    0.051878] random 0000 0000 0000 00000000 00000000: extract_entropy(.. 8 ..)
[    0.051880] random 0000 0000 0000 00000000 00000000: trying to extract 64 bits from input
[    0.051882] random 0000 0000 0000 00000000 00000000: debiting 0 entropy credits from input
[    0.051884] random 0000 0000 0000 00000000 00000000: extract_entropy account returned: 0 
[    0.051915] random 0000 0000 0000 00000000 00000000: urand_change_num 3 xfer_secondary_pool(8): pool_sig fffffe1a, data_sig 00000000, bytes_mixed 0 00000000 00000000
[    0.051918] random 0000 0000 0000 00000000 00000000: trying to extract 64 bits from nonblocking
[    0.051921] random 0000 0000 0000 00000000 00000000: debiting 64 entropy credits from nonblocking (unlimited)
[    0.051923] random 0000 0000 0000 00000000 00000000: extract_entropy account returned: 8 
[    0.051927] random 0000 0000 0000 00000000 00000000: urand_change_num 4 extract_buf: pool_sig fffffe1a, data_sig fffffed7, bytes_mixed 20 00000000 00000000
[    0.057648] ACPI: Interpreter enabled
[    0.057743] ACPI: (supports S0 S3 S4 S5)
[    0.057998] ACPI: Using IOAPIC for interrupt routing
[    0.067904] ACPI: EC: GPE = 0x12, I/O: command/status = 0x66, data = 0x62
[    0.068188] ACPI: Power Resource [PUBS] (on)
[    0.070283] ACPI: ACPI Dock Station Driver: 3 docks/bays found
[    0.070693] ACPI: PCI Root Bridge [PCI0] (0000:00)
[    0.070871] pci 0000:00:02.0: reg 10 64bit mmio: [0xf8100000-0xf81fffff]
[    0.070877] pci 0000:00:02.0: reg 18 64bit mmio pref: [0xe0000000-0xefffffff]
[    0.070881] pci 0000:00:02.0: reg 20 io port: [0x1800-0x1807]
[    0.070916] pci 0000:00:02.1: reg 10 64bit mmio: [0xf8200000-0xf82fffff]
[    0.071028] pci 0000:00:19.0: reg 10 32bit mmio: [0xfe000000-0xfe01ffff]
[    0.071036] pci 0000:00:19.0: reg 14 32bit mmio: [0xfe025000-0xfe025fff]
[    0.071045] pci 0000:00:19.0: reg 18 io port: [0x1840-0x185f]
[    0.071117] pci 0000:00:19.0: PME# supported from D0 D3hot D3cold
[    0.071211] pci 0000:00:19.0: PME# disabled
[    0.071357] pci 0000:00:1a.0: reg 20 io port: [0x1860-0x187f]
[    0.071439] pci 0000:00:1a.1: reg 20 io port: [0x1880-0x189f]
[    0.071517] pci 0000:00:1a.7: reg 10 32bit mmio: [0xfe226c00-0xfe226fff]
[    0.071599] pci 0000:00:1a.7: PME# supported from D0 D3hot D3cold
[    0.071692] pci 0000:00:1a.7: PME# disabled
[    0.071835] pci 0000:00:1b.0: reg 10 64bit mmio: [0xfe020000-0xfe023fff]
[    0.071917] pci 0000:00:1b.0: PME# supported from D0 D3hot D3cold
[    0.071999] pci 0000:00:1b.0: PME# disabled
[    0.072197] pci 0000:00:1c.0: PME# supported from D0 D3hot D3cold
[    0.072304] pci 0000:00:1c.0: PME# disabled
[    0.072505] pci 0000:00:1c.1: PME# supported from D0 D3hot D3cold
[    0.072600] pci 0000:00:1c.1: PME# disabled
[    0.072801] pci 0000:00:1c.2: PME# supported from D0 D3hot D3cold
[    0.072894] pci 0000:00:1c.2: PME# disabled
[    0.073106] pci 0000:00:1c.3: PME# supported from D0 D3hot D3cold
[    0.073203] pci 0000:00:1c.3: PME# disabled
[    0.074073] pci 0000:00:1c.4: PME# supported from D0 D3hot D3cold
[    0.074169] pci 0000:00:1c.4: PME# disabled
[    0.074316] pci 0000:00:1d.0: reg 20 io port: [0x18a0-0x18bf]
[    0.074394] pci 0000:00:1d.1: reg 20 io port: [0x18c0-0x18df]
[    0.074476] pci 0000:00:1d.2: reg 20 io port: [0x18e0-0x18ff]
[    0.074571] pci 0000:00:1d.7: reg 10 32bit mmio: [0xfe227000-0xfe2273ff]
[    0.074661] pci 0000:00:1d.7: PME# supported from D0 D3hot D3cold
[    0.074756] pci 0000:00:1d.7: PME# disabled
[    0.075049] pci 0000:00:1f.0: quirk: region 1000-107f claimed by ICH6 ACPI/GPIO/TCO
[    0.075175] pci 0000:00:1f.0: quirk: region 1180-11bf claimed by ICH6 GPIO
[    0.075277] pci 0000:00:1f.0: ICH7 LPC Generic IO decode 1 PIO at 1600 (mask 007f)
[    0.075403] pci 0000:00:1f.0: ICH7 LPC Generic IO decode 2 PIO at 15e0 (mask 000f)
[    0.075524] pci 0000:00:1f.0: ICH7 LPC Generic IO decode 3 PIO at 1680 (mask 001f)
[    0.075736] pci 0000:00:1f.1: reg 10 io port: [0x00-0x07]
[    0.075745] pci 0000:00:1f.1: reg 14 io port: [0x00-0x03]
[    0.075754] pci 0000:00:1f.1: reg 18 io port: [0x00-0x07]
[    0.075765] pci 0000:00:1f.1: reg 1c io port: [0x00-0x03]
[    0.075772] pci 0000:00:1f.1: reg 20 io port: [0x1c00-0x1c0f]
[    0.075853] pci 0000:00:1f.2: reg 10 io port: [0x1c50-0x1c57]
[    0.075862] pci 0000:00:1f.2: reg 14 io port: [0x1c44-0x1c47]
[    0.075869] pci 0000:00:1f.2: reg 18 io port: [0x1c48-0x1c4f]
[    0.075877] pci 0000:00:1f.2: reg 1c io port: [0x1c40-0x1c43]
[    0.075886] pci 0000:00:1f.2: reg 20 io port: [0x1c20-0x1c3f]
[    0.075895] pci 0000:00:1f.2: reg 24 32bit mmio: [0xfe226000-0xfe2267ff]
[    0.075959] pci 0000:00:1f.2: PME# supported from D3hot
[    0.076001] pci 0000:00:1f.2: PME# disabled
[    0.076117] pci 0000:00:1f.3: reg 10 32bit mmio: [0xfe227400-0xfe2274ff]
[    0.076142] pci 0000:00:1f.3: reg 20 io port: [0x1c60-0x1c7f]
[    0.076236] pci 0000:00:1c.0: bridge io port: [0x2000-0x2fff]
[    0.076240] pci 0000:00:1c.0: bridge 32bit mmio: [0xfc000000-0xfdffffff]
[    0.076249] pci 0000:00:1c.0: bridge 64bit mmio pref: [0xf8000000-0xf80fffff]
[    0.076320] pci 0000:03:00.0: reg 10 64bit mmio: [0xdf3f0000-0xdf3fffff]
[    0.076513] pci 0000:00:1c.1: bridge io port: [0x3000-0x3fff]
[    0.076519] pci 0000:00:1c.1: bridge 32bit mmio: [0xdc000000-0xdf3fffff]
[    0.076528] pci 0000:00:1c.1: bridge 64bit mmio pref: [0xdfe00000-0xdfefffff]
[    0.076582] pci 0000:00:1c.2: bridge io port: [0x4000-0x4fff]
[    0.076589] pci 0000:00:1c.2: bridge 32bit mmio: [0xd8000000-0xd9ffffff]
[    0.076598] pci 0000:00:1c.2: bridge 64bit mmio pref: [0xdfb00000-0xdfbfffff]
[    0.076654] pci 0000:00:1c.3: bridge io port: [0x5000-0x5fff]
[    0.076660] pci 0000:00:1c.3: bridge 32bit mmio: [0xd4000000-0xd5ffffff]
[    0.076667] pci 0000:00:1c.3: bridge 64bit mmio pref: [0xdf800000-0xdf8fffff]
[    0.076724] pci 0000:00:1c.4: bridge io port: [0x6000-0x6fff]
[    0.076728] pci 0000:00:1c.4: bridge 32bit mmio: [0xd0000000-0xd1ffffff]
[    0.076736] pci 0000:00:1c.4: bridge 64bit mmio pref: [0xdf500000-0xdf5fffff]
[    0.076795] pci 0000:15:00.0: reg 10 32bit mmio: [0xf8300000-0xf8300fff]
[    0.076844] pci 0000:15:00.0: supports D1 D2
[    0.076845] pci 0000:15:00.0: PME# supported from D0 D1 D2 D3hot D3cold
[    0.076999] pci 0000:15:00.0: PME# disabled
[    0.077143] pci 0000:15:00.1: reg 10 32bit mmio: [0xf8301000-0xf83017ff]
[    0.077240] pci 0000:15:00.1: supports D1 D2
[    0.077241] pci 0000:15:00.1: PME# supported from D0 D1 D2 D3hot D3cold
[    0.077344] pci 0000:15:00.1: PME# disabled
[    0.077527] pci 0000:00:1e.0: transparent bridge
[    0.077630] pci 0000:00:1e.0: bridge io port: [0x7000-0xafff]
[    0.077636] pci 0000:00:1e.0: bridge 32bit mmio: [0xf8300000-0xfbffffff]
[    0.077643] pci 0000:00:1e.0: bridge 64bit mmio pref: [0xf4000000-0xf7ffffff]
[    0.077708] pci_bus 0000:00: on NUMA node 0
[    0.077712] ACPI: PCI Interrupt Routing Table [\_SB_.PCI0._PRT]
[    0.077845] ACPI: PCI Interrupt Routing Table [\_SB_.PCI0.EXP0._PRT]
[    0.077904] ACPI: PCI Interrupt Routing Table [\_SB_.PCI0.EXP1._PRT]
[    0.077962] ACPI: PCI Interrupt Routing Table [\_SB_.PCI0.EXP2._PRT]
[    0.078032] ACPI: PCI Interrupt Routing Table [\_SB_.PCI0.EXP3._PRT]
[    0.078096] ACPI: PCI Interrupt Routing Table [\_SB_.PCI0.EXP4._PRT]
[    0.078158] ACPI: PCI Interrupt Routing Table [\_SB_.PCI0.PCI1._PRT]
[    0.083603] ACPI: PCI Interrupt Link [LNKA] (IRQs 3 4 5 6 7 9 *10 11)
[    0.084423] ACPI: PCI Interrupt Link [LNKB] (IRQs 3 4 5 6 7 9 10 *11)
[    0.085242] ACPI: PCI Interrupt Link [LNKC] (IRQs 3 4 5 6 7 9 10 *11)
[    0.086075] ACPI: PCI Interrupt Link [LNKD] (IRQs 3 4 5 6 7 9 10 *11)
[    0.086870] ACPI: PCI Interrupt Link [LNKE] (IRQs 3 4 5 6 7 9 10 *11)
[    0.087610] ACPI: PCI Interrupt Link [LNKF] (IRQs 3 4 5 6 7 9 10 *11)
[    0.088475] ACPI: PCI Interrupt Link [LNKG] (IRQs 3 4 5 6 7 9 10 *11)
[    0.089310] ACPI: PCI Interrupt Link [LNKH] (IRQs 3 4 5 6 7 9 10 *11)
[    0.090128] vgaarb: device added: PCI:0000:00:02.0,decodes=io+mem,owns=io+mem,locks=none
[    0.090255] vgaarb: loaded
[    0.090444] SCSI subsystem initialized
[    0.090550] libata version 3.00 loaded.
[    0.090596] usbcore: registered new interface driver usbfs
[    0.090718] usbcore: registered new interface driver hub
[    0.090831] usbcore: registered new device driver usb
[    0.108032] raid6: int32x1    941 MB/s
[    0.125058] raid6: int32x2    890 MB/s
[    0.141988] raid6: int32x4    746 MB/s
[    0.159073] raid6: int32x8    660 MB/s
[    0.175992] raid6: mmxx1     2878 MB/s
[    0.192983] raid6: mmxx2     3269 MB/s
[    0.210000] raid6: sse1x1    1937 MB/s
[    0.227000] raid6: sse1x2    2535 MB/s
[    0.243987] raid6: sse2x1    3511 MB/s
[    0.260980] raid6: sse2x2    3828 MB/s
[    0.261070] raid6: using algorithm sse2x2 (3828 MB/s)
[    0.261161] PCI: Using ACPI for IRQ routing
[    0.261475] HPET: 3 timers in total, 0 timers will be used for per-cpu timer
[    0.261996] Switching to clocksource tsc
[    0.262095] pnp: PnP ACPI init
[    0.262188] ACPI: bus type pnp registered
[    0.265824] pnp: PnP ACPI: found 11 devices
[    0.265925] ACPI: ACPI bus type pnp unregistered
[    0.266018] system 00:00: iomem range 0x0-0x9ffff could not be reserved
[    0.266109] system 00:00: iomem range 0xc0000-0xc3fff could not be reserved
[    0.266211] system 00:00: iomem range 0xc4000-0xc7fff could not be reserved
[    0.266304] system 00:00: iomem range 0xc8000-0xcbfff has been reserved
[    0.266403] system 00:00: iomem range 0xcc000-0xcffff has been reserved
[    0.266492] system 00:00: iomem range 0xd0000-0xd3fff could not be reserved
[    0.266586] system 00:00: iomem range 0xe0000-0xe3fff could not be reserved
[    0.266685] system 00:00: iomem range 0xe4000-0xe7fff could not be reserved
[    0.266776] system 00:00: iomem range 0xe8000-0xebfff could not be reserved
[    0.266879] system 00:00: iomem range 0xec000-0xeffff could not be reserved
[    0.266972] system 00:00: iomem range 0xf0000-0xfffff could not be reserved
[    0.267068] system 00:00: iomem range 0x100000-0x3dffffff could not be reserved
[    0.267190] system 00:00: iomem range 0xfec00000-0xfed3ffff could not be reserved
[    0.267315] system 00:00: iomem range 0xfed4c000-0xffffffff could not be reserved
[    0.267437] system 00:02: ioport range 0x164e-0x164f has been reserved
[    0.267527] system 00:02: ioport range 0x1000-0x107f has been reserved
[    0.267619] system 00:02: ioport range 0x1180-0x11bf has been reserved
[    0.267716] system 00:02: ioport range 0x800-0x80f has been reserved
[    0.267809] system 00:02: ioport range 0x15e0-0x15ef has been reserved
[    0.267909] system 00:02: ioport range 0x1600-0x165f could not be reserved
[    0.268010] system 00:02: iomem range 0xf0000000-0xf3ffffff has been reserved
[    0.268114] system 00:02: iomem range 0xfed1c000-0xfed1ffff has been reserved
[    0.268204] system 00:02: iomem range 0xfed14000-0xfed17fff has been reserved
[    0.268302] system 00:02: iomem range 0xfed18000-0xfed18fff has been reserved
[    0.268411] system 00:02: iomem range 0xfed19000-0xfed19fff has been reserved
[    0.268508] system 00:02: iomem range 0xfed45000-0xfed4bfff has been reserved
[    0.303547] pci 0000:00:1c.0: PCI bridge, secondary bus 0000:02
[    0.303641] pci 0000:00:1c.0:   IO window: 0x2000-0x2fff
[    0.303743] pci 0000:00:1c.0:   MEM window: 0xfc000000-0xfdffffff
[    0.303835] pci 0000:00:1c.0:   PREFETCH window: 0x000000f8000000-0x000000f80fffff
[    0.303969] pci 0000:00:1c.1: PCI bridge, secondary bus 0000:03
[    0.304061] pci 0000:00:1c.1:   IO window: 0x3000-0x3fff
[    0.304163] pci 0000:00:1c.1:   MEM window: 0xdc000000-0xdf3fffff
[    0.304259] pci 0000:00:1c.1:   PREFETCH window: 0x000000dfe00000-0x000000dfefffff
[    0.304382] pci 0000:00:1c.2: PCI bridge, secondary bus 0000:04
[    0.304472] pci 0000:00:1c.2:   IO window: 0x4000-0x4fff
[    0.304569] pci 0000:00:1c.2:   MEM window: 0xd8000000-0xd9ffffff
[    0.304663] pci 0000:00:1c.2:   PREFETCH window: 0x000000dfb00000-0x000000dfbfffff
[    0.304789] pci 0000:00:1c.3: PCI bridge, secondary bus 0000:05
[    0.304884] pci 0000:00:1c.3:   IO window: 0x5000-0x5fff
[    0.304990] pci 0000:00:1c.3:   MEM window: 0xd4000000-0xd5ffffff
[    0.305083] pci 0000:00:1c.3:   PREFETCH window: 0x000000df800000-0x000000df8fffff
[    0.305218] pci 0000:00:1c.4: PCI bridge, secondary bus 0000:0d
[    0.305313] pci 0000:00:1c.4:   IO window: 0x6000-0x6fff
[    0.305414] pci 0000:00:1c.4:   MEM window: 0xd0000000-0xd1ffffff
[    0.305518] pci 0000:00:1c.4:   PREFETCH window: 0x000000df500000-0x000000df5fffff
[    0.305656] pci 0000:15:00.0: CardBus bridge, secondary bus 0000:16
[    0.305749] pci 0000:15:00.0:   IO window: 0x007000-0x0070ff
[    0.305842] pci 0000:15:00.0:   IO window: 0x007400-0x0074ff
[    0.305938] pci 0000:15:00.0:   PREFETCH window: 0xf4000000-0xf7ffffff
[    0.306040] pci 0000:15:00.0:   MEM window: 0x40000000-0x43ffffff
[    0.306144] pci 0000:00:1e.0: PCI bridge, secondary bus 0000:15
[    0.306235] pci 0000:00:1e.0:   IO window: 0x7000-0xafff
[    0.306332] pci 0000:00:1e.0:   MEM window: 0xf8300000-0xfbffffff
[    0.306433] pci 0000:00:1e.0:   PREFETCH window: 0x000000f4000000-0x000000f7ffffff
[    0.306577] pci 0000:00:1c.0: PCI INT A -> GSI 20 (level, low) -> IRQ 20
[    0.306675] pci 0000:00:1c.0: setting latency timer to 64
[    0.306691] pci 0000:00:1c.1: PCI INT B -> GSI 21 (level, low) -> IRQ 21
[    0.306793] pci 0000:00:1c.1: setting latency timer to 64
[    0.306809] pci 0000:00:1c.2: PCI INT C -> GSI 22 (level, low) -> IRQ 22
[    0.306911] pci 0000:00:1c.2: setting latency timer to 64
[    0.306924] pci 0000:00:1c.3: PCI INT D -> GSI 23 (level, low) -> IRQ 23
[    0.307026] pci 0000:00:1c.3: setting latency timer to 64
[    0.307039] pci 0000:00:1c.4: PCI INT A -> GSI 20 (level, low) -> IRQ 20
[    0.307131] pci 0000:00:1c.4: setting latency timer to 64
[    0.307140] pci 0000:00:1e.0: enabling device (0005 -> 0007)
[    0.307238] pci 0000:00:1e.0: setting latency timer to 64
[    0.307253] pci 0000:15:00.0: PCI INT A -> GSI 16 (level, low) -> IRQ 16
[    0.307355] pci 0000:15:00.0: setting latency timer to 64
[    0.307361] pci_bus 0000:00: resource 0 io:  [0x00-0xffff]
[    0.307363] pci_bus 0000:00: resource 1 mem: [0x000000-0xffffffff]
[    0.307365] pci_bus 0000:02: resource 0 io:  [0x2000-0x2fff]
[    0.307366] pci_bus 0000:02: resource 1 mem: [0xfc000000-0xfdffffff]
[    0.307368] pci_bus 0000:02: resource 2 pref mem [0xf8000000-0xf80fffff]
[    0.307370] pci_bus 0000:03: resource 0 io:  [0x3000-0x3fff]
[    0.307372] pci_bus 0000:03: resource 1 mem: [0xdc000000-0xdf3fffff]
[    0.307374] pci_bus 0000:03: resource 2 pref mem [0xdfe00000-0xdfefffff]
[    0.307376] pci_bus 0000:04: resource 0 io:  [0x4000-0x4fff]
[    0.307377] pci_bus 0000:04: resource 1 mem: [0xd8000000-0xd9ffffff]
[    0.307379] pci_bus 0000:04: resource 2 pref mem [0xdfb00000-0xdfbfffff]
[    0.307381] pci_bus 0000:05: resource 0 io:  [0x5000-0x5fff]
[    0.307383] pci_bus 0000:05: resource 1 mem: [0xd4000000-0xd5ffffff]
[    0.307385] pci_bus 0000:05: resource 2 pref mem [0xdf800000-0xdf8fffff]
[    0.307386] pci_bus 0000:0d: resource 0 io:  [0x6000-0x6fff]
[    0.307388] pci_bus 0000:0d: resource 1 mem: [0xd0000000-0xd1ffffff]
[    0.307390] pci_bus 0000:0d: resource 2 pref mem [0xdf500000-0xdf5fffff]
[    0.307392] pci_bus 0000:15: resource 0 io:  [0x7000-0xafff]
[    0.307393] pci_bus 0000:15: resource 1 mem: [0xf8300000-0xfbffffff]
[    0.307395] pci_bus 0000:15: resource 2 pref mem [0xf4000000-0xf7ffffff]
[    0.307397] pci_bus 0000:15: resource 3 io:  [0x00-0xffff]
[    0.307399] pci_bus 0000:15: resource 4 mem: [0x000000-0xffffffff]
[    0.307400] pci_bus 0000:16: resource 0 io:  [0x7000-0x70ff]
[    0.307402] pci_bus 0000:16: resource 1 io:  [0x7400-0x74ff]
[    0.307404] pci_bus 0000:16: resource 2 pref mem [0xf4000000-0xf7ffffff]
[    0.307406] pci_bus 0000:16: resource 3 mem: [0x40000000-0x43ffffff]
[    0.307413] NET: Registered protocol family 2
[    0.307513] RANDOM - __random32 called. Change num 7.  Value: 7ba3d01e	3ca905be	d2026a24
[    0.307515] RANDOM - random32 called.  Value: 7ba3d01e	3ca905be	d2026a24
[    0.307519] random 0000 0000 0000 5f8db4e5 4cfdf2a8: rand_read_num 3 get_random_bytes(4): sig fffffb64 5f8db4e5 4cfdf2a8
[    0.307522] random 0000 0000 0000 5f8db4e5 4cfdf2a8: extract_entropy(.. 4 ..)
[    0.307524] random 0000 0000 0000 5f8db4e5 4cfdf2a8: going to reseed nonblocking with 64 bits (32 of 0 requested)
[    0.307526] random 0000 0000 0000 5f8db4e5 4cfdf2a8: extract_entropy(.. 8 ..)
[    0.307528] random 0000 0000 0000 5f8db4e5 4cfdf2a8: trying to extract 64 bits from input
[    0.307530] random 0000 0000 0000 5f8db4e5 4cfdf2a8: debiting 0 entropy credits from input
[    0.307532] random 0000 0000 0000 5f8db4e5 4cfdf2a8: extract_entropy account returned: 0 
[    0.307535] random 0000 0000 0000 5f8db4e5 4cfdf2a8: urand_change_num 5 xfer_secondary_pool(4): pool_sig fffffb64, data_sig 00000000, bytes_mixed 0 5f8db4e5 4cfdf2a8
[    0.307538] random 0000 0000 0000 5f8db4e5 4cfdf2a8: trying to extract 32 bits from nonblocking
[    0.307541] random 0000 0000 0000 5f8db4e5 4cfdf2a8: debiting 32 entropy credits from nonblocking (unlimited)
[    0.307543] random 0000 0000 0000 5f8db4e5 4cfdf2a8: extract_entropy account returned: 4 
[    0.307547] random 0000 0000 0000 5f8db4e5 4cfdf2a8: urand_change_num 6 extract_buf: pool_sig fffffb64, data_sig 00000241, bytes_mixed 20 5f8db4e5 4cfdf2a8
[    0.307556] IP route cache hash table entries: 32768 (order: 5, 131072 bytes)
[    0.307691] RANDOM - __random32 called. Change num 8.  Value: 3d01e034	ca905be7	d4484227
[    0.307692] RANDOM - random32 called.  Value: 3d01e034	ca905be7	d4484227
[    0.307703] RANDOM - __random32 called. Change num 9.  Value: 1e034020	a905be70	844ec14a
[    0.307704] RANDOM - random32 called.  Value: 1e034020	a905be70	844ec14a
[    0.307706] RANDOM - __random32 called. Change num 10.  Value: 34020ec0	905be706	8294c719
[    0.307708] RANDOM - random32 called.  Value: 34020ec0	905be706	8294c719
[    0.307718] RANDOM - __random32 called. Change num 11.  Value: 20ec0ebb	5be7068	8e32c65f
[    0.307720] RANDOM - random32 called.  Value: 20ec0ebb	5be7068	8e32c65f
[    0.307730] TCP established hash table entries: 131072 (order: 8, 1048576 bytes)
[    0.308227] TCP bind hash table entries: 65536 (order: 6, 262144 bytes)
[    0.308427] TCP: Hash tables configured (established 131072 bind 65536)
[    0.308518] TCP reno registered
[    0.308622] NET: Registered protocol family 1
[    0.308747] RPC: Registered udp transport module.
[    0.308842] RPC: Registered tcp transport module.
[    0.308940] RPC: Registered tcp NFSv4.1 backchannel transport module.
[    0.309033] pci 0000:00:02.0: Boot video device
[    0.309246] Simple Boot Flag at 0x35 set to 0x1
[    0.309766] highmem bounce pool size: 64 pages
[    0.311337] VFS: Disk quotas dquot_6.5.2
[    0.311463] Dquot-cache hash table entries: 1024 (order 0, 4096 bytes)
[    0.312145] NTFS driver 2.1.29 [Flags: R/W].
[    0.312317] ROMFS MTD (C) 2007 Red Hat, Inc.
[    0.312525] JFS: nTxBlock = 7695, nTxLock = 61562
[    0.314993] SGI XFS with ACLs, security attributes, large block/inode numbers, no debug enabled
[    0.315481] SGI XFS Quota Management subsystem
[    0.315767] Slow work thread pool: Starting up
[    0.315926] Slow work thread pool: Ready
[    0.316019] GFS2 (built May 24 2013 02:47:17) installed
[    0.316115] msgmni has been set to 1734
[    0.316277] alg: No test for cipher_null (cipher_null-generic)
[    0.316375] alg: No test for ecb(cipher_null) (ecb-cipher_null)
[    0.316474] alg: No test for digest_null (digest_null-generic)
[    0.316572] alg: No test for compress_null (compress_null-generic)
[    0.317132] alg: No test for fcrypt (fcrypt-generic)
[    0.318546] alg: No test for stdrng (krng)
[    0.318647] async_tx: api initialized (async)
[    0.318812] Block layer SCSI generic (bsg) driver version 0.4 loaded (major 254)
[    0.318952] io scheduler noop registered
[    0.319046] io scheduler anticipatory registered
[    0.319134] io scheduler deadline registered
[    0.319266] io scheduler cfq registered (default)
[    0.319511] pcieport 0000:00:1c.0: irq 24 for MSI/MSI-X
[    0.319524] pcieport 0000:00:1c.0: setting latency timer to 64
[    0.319709] pcieport 0000:00:1c.1: irq 25 for MSI/MSI-X
[    0.319721] pcieport 0000:00:1c.1: setting latency timer to 64
[    0.319918] pcieport 0000:00:1c.2: irq 26 for MSI/MSI-X
[    0.319930] pcieport 0000:00:1c.2: setting latency timer to 64
[    0.320111] pcieport 0000:00:1c.3: irq 27 for MSI/MSI-X
[    0.320121] pcieport 0000:00:1c.3: setting latency timer to 64
[    0.320298] pcieport 0000:00:1c.4: irq 28 for MSI/MSI-X
[    0.320310] pcieport 0000:00:1c.4: setting latency timer to 64
[    0.320451] pci_hotplug: PCI Hot Plug PCI Core version: 0.5
[    0.320654] isapnp: Scanning for PnP cards...
[    0.681206] isapnp: No Plug & Play device found
[    0.681300] random 0000 0000 0000 5f8db4e5 4cfdf2a8: initializing
[    0.700777] Serial: 8250/16550 driver, 4 ports, IRQ sharing enabled
[    3.711537] floppy0: no floppy controllers found
[    3.712479] brd: module loaded
[    3.712986] loop: module loaded
[    3.713073] Compaq SMART2 Driver (v 2.6.0)
[    3.713206] HP CISS Driver (v 3.6.20)
[    3.713447] input: Macintosh mouse button emulation as /devices/virtual/input/input0
[    3.713589] Uniform Multi-Platform E-IDE driver
[    3.713816] piix 0000:00:1f.1: IDE controller (0x8086:0x2850 rev 0x03)
[    3.713919] pci 0000:00:1f.1: PCI INT C -> GSI 16 (level, low) -> IRQ 16
[    3.714030] piix 0000:00:1f.1: IDE port disabled
[    3.714134] piix 0000:00:1f.1: not 100% native mode: will probe irqs later
[    3.714229]     ide0: BM-DMA at 0x1c00-0x1c07
[    3.714320] Probing IDE interface ide0...
[    4.385692] hda: HL-DT-ST DVDRAM GSA-U10N, ATAPI CD/DVD-ROM drive
[    4.692473] hda: host max PIO4 wanted PIO255(auto-tune) selected PIO4
[    4.693244] hda: UDMA/33 mode selected
[    4.693708] ide0 at 0x1f0-0x1f7,0x3f6 on irq 14
[    4.697620] ide-gd driver 1.18
[    4.697725] ide-cd driver 5.00
[    4.699123] ide-cd: hda: ATAPI 24X DVD-ROM DVD-R/RAM CD-R/RW drive, 2048kB Cache
[    4.699596] Uniform CD-ROM driver Revision: 3.20
[    4.706631] Loading iSCSI transport class v2.0-870.
[    4.706926] rdac: device handler registered
[    4.707021] hp_sw: device handler registered
[    4.707116] emc: device handler registered
[    4.707206] alua: device handler registered
[    4.708196] Adaptec aacraid driver 1.1-5[2461]-ms
[    4.708625] scsi: <fdomain> Detection failed (no card)
[    4.708719] sym53c416.c: Version 1.0.0-ac
[    4.708826] qlogicfas: no cards were found, please specify I/O address and IRQ using iobase= and irq= options
[    4.708965] QLogic Fibre Channel HBA Driver: 8.03.01-k6
[    4.709193] iscsi: registered transport (qla4xxx)
[    4.709302] QLogic iSCSI HBA Driver
[    4.709393] Emulex LightPulse Fibre Channel SCSI driver 8.3.4
[    4.709497] Copyright(c) 2004-2009 Emulex.  All rights reserved.
[    4.731457] Failed initialization of WD-7000 SCSI card!
[    4.820507] DC390: clustering now enabled by default. If you get problems load
[    4.820632]        with "disable_clustering=1" and report to maintainers
[    4.820768] megaraid cmm: 2.20.2.7 (Release Date: Sun Jul 16 00:01:03 EST 2006)
[    4.820920] megaraid: 2.20.5.1 (Release Date: Thu Nov 16 15:32:35 EST 2006)
[    4.821040] megasas: 00.00.04.01 Thu July 24 11:41:51 PST 2008
[    4.821173] GDT-HA: Storage RAID Controller Driver. Version: 3.05
[    4.821319] 3ware Storage Controller device driver for Linux v1.26.02.002.
[    4.821437] 3ware 9000 Storage Controller device driver for Linux v2.26.02.012.
[    4.821576] nsp32: loading...
[    4.821690] ipr: IBM Power RAID SCSI Device Driver version: 2.4.3 (June 10, 2009)
[    4.821833] RocketRAID 3xxx/4xxx Controller driver v1.6 (090910)
[    4.821959] stex: Promise SuperTrak EX Driver version: 4.6.0000.3
[    4.822091] st: Version 20081215, fixed bufsize 32768, s/g segs 256
[    4.822279] ahci 0000:00:1f.2: version 3.0
[    4.822292] ahci 0000:00:1f.2: PCI INT B -> GSI 16 (level, low) -> IRQ 16
[    4.822440] ahci 0000:00:1f.2: irq 29 for MSI/MSI-X
[    4.822500] ahci 0000:00:1f.2: AHCI 0001.0100 32 slots 3 ports 1.5 Gbps 0x5 impl SATA mode
[    4.822636] ahci 0000:00:1f.2: flags: 64bit ncq sntf pm led clo pio slum part ccc 
[    4.822762] ahci 0000:00:1f.2: setting latency timer to 64
[    4.822903] scsi2 : ahci
[    4.823064] scsi3 : ahci
[    4.823208] scsi4 : ahci
[    4.823381] ata1: SATA max UDMA/133 abar m2048@0xfe226000 port 0xfe226100 irq 29
[    4.823521] ata2: DUMMY
[    4.823611] ata3: SATA max UDMA/133 abar m2048@0xfe226000 port 0xfe226200 irq 29
[    4.824223] I2O subsystem v1.325
[    4.824314] i2o: max drivers = 8
[    4.824478] I2O Configuration OSM v1.323
[    4.824582] I2O Bus Adapter OSM v1.317
[    4.824684] I2O Block Device OSM v1.325
[    4.824836] I2O SCSI Peripheral OSM v1.316
[    4.824949] I2O ProcFS OSM v1.316
[    4.825056] Fusion MPT base driver 3.04.12
[    4.825149] Copyright (c) 1999-2008 LSI Corporation
[    4.825243] Fusion MPT SPI Host driver 3.04.12
[    4.825354] Fusion MPT FC Host driver 3.04.12
[    4.825526] Fusion MPT SAS Host driver 3.04.12
[    4.825677] ohci1394 0000:15:00.1: PCI INT B -> GSI 17 (level, low) -> IRQ 17
[    4.825776] ohci1394 0000:15:00.1: setting latency timer to 64
[    4.879462] ohci1394: fw-host0: OHCI-1394 1.1 (PCI): IRQ=[17]  MMIO=[f8301000-f83017ff]  Max Packet=[2048]  IR/IT contexts=[4/4]
[    4.883738] ehci_hcd: USB 2.0 'Enhanced' Host Controller (EHCI) Driver
[    4.884006] ehci_hcd 0000:00:1a.7: power state changed by ACPI to D0
[    4.884258] ehci_hcd 0000:00:1a.7: power state changed by ACPI to D0
[    4.884362] ehci_hcd 0000:00:1a.7: PCI INT C -> GSI 22 (level, low) -> IRQ 22
[    4.884473] ehci_hcd 0000:00:1a.7: setting latency timer to 64
[    4.884478] ehci_hcd 0000:00:1a.7: EHCI Host Controller
[    4.884615] ehci_hcd 0000:00:1a.7: new USB bus registered, assigned bus number 1
[    4.888654] ehci_hcd 0000:00:1a.7: cache line size of 32 is not supported
[    4.888663] ehci_hcd 0000:00:1a.7: irq 22, io mem 0xfe226c00
[    4.898424] ehci_hcd 0000:00:1a.7: USB 2.0 started, EHCI 1.00
[    4.898537] usb usb1: New USB device found, idVendor=1d6b, idProduct=0002
[    4.898630] usb usb1: New USB device strings: Mfr=3, Product=2, SerialNumber=1
[    4.898750] usb usb1: Product: EHCI Host Controller
[    4.898839] usb usb1: Manufacturer: Linux 2.6.32.57 ehci_hcd
[    4.898933] usb usb1: SerialNumber: 0000:00:1a.7
[    4.899073] usb usb1: configuration #1 chosen from 1 choice
[    4.899191] hub 1-0:1.0: USB hub found
[    4.899282] hub 1-0:1.0: 4 ports detected
[    4.899604] ehci_hcd 0000:00:1d.7: power state changed by ACPI to D0
[    4.899851] ehci_hcd 0000:00:1d.7: power state changed by ACPI to D0
[    4.899951] ehci_hcd 0000:00:1d.7: PCI INT D -> GSI 19 (level, low) -> IRQ 19
[    4.900057] ehci_hcd 0000:00:1d.7: setting latency timer to 64
[    4.900062] ehci_hcd 0000:00:1d.7: EHCI Host Controller
[    4.900199] ehci_hcd 0000:00:1d.7: new USB bus registered, assigned bus number 2
[    4.900359] ehci_hcd 0000:00:1d.7: debug port 1
[    4.904333] ehci_hcd 0000:00:1d.7: cache line size of 32 is not supported
[    4.904342] ehci_hcd 0000:00:1d.7: irq 19, io mem 0xfe227000
[    4.914423] ehci_hcd 0000:00:1d.7: USB 2.0 started, EHCI 1.00
[    4.914539] usb usb2: New USB device found, idVendor=1d6b, idProduct=0002
[    4.914629] usb usb2: New USB device strings: Mfr=3, Product=2, SerialNumber=1
[    4.914750] usb usb2: Product: EHCI Host Controller
[    4.914839] usb usb2: Manufacturer: Linux 2.6.32.57 ehci_hcd
[    4.914927] usb usb2: SerialNumber: 0000:00:1d.7
[    4.915070] usb usb2: configuration #1 chosen from 1 choice
[    4.915185] hub 2-0:1.0: USB hub found
[    4.915278] hub 2-0:1.0: 6 ports detected
[    4.915457] 116x: driver isp116x-hcd, 03 Nov 2005
[    4.915561] ohci_hcd: USB 1.1 'Open' Host Controller (OHCI) Driver
[    4.915672] uhci_hcd: USB Universal Host Controller Interface driver
[    4.915794] uhci_hcd 0000:00:1a.0: PCI INT A -> GSI 20 (level, low) -> IRQ 20
[    4.915904] uhci_hcd 0000:00:1a.0: setting latency timer to 64
[    4.915906] uhci_hcd 0000:00:1a.0: UHCI Host Controller
[    4.916042] uhci_hcd 0000:00:1a.0: new USB bus registered, assigned bus number 3
[    4.916206] uhci_hcd 0000:00:1a.0: irq 20, io base 0x00001860
[    4.916330] usb usb3: New USB device found, idVendor=1d6b, idProduct=0001
[    4.916435] usb usb3: New USB device strings: Mfr=3, Product=2, SerialNumber=1
[    4.916556] usb usb3: Product: UHCI Host Controller
[    4.916647] usb usb3: Manufacturer: Linux 2.6.32.57 uhci_hcd
[    4.916738] usb usb3: SerialNumber: 0000:00:1a.0
[    4.916874] usb usb3: configuration #1 chosen from 1 choice
[    4.917001] hub 3-0:1.0: USB hub found
[    4.917092] hub 3-0:1.0: 2 ports detected
[    4.917383] uhci_hcd 0000:00:1a.1: power state changed by ACPI to D0
[    4.917639] uhci_hcd 0000:00:1a.1: power state changed by ACPI to D0
[    4.917747] uhci_hcd 0000:00:1a.1: PCI INT B -> GSI 21 (level, low) -> IRQ 21
[    4.917843] uhci_hcd 0000:00:1a.1: setting latency timer to 64
[    4.917846] uhci_hcd 0000:00:1a.1: UHCI Host Controller
[    4.917984] uhci_hcd 0000:00:1a.1: new USB bus registered, assigned bus number 4
[    4.918136] uhci_hcd 0000:00:1a.1: irq 21, io base 0x00001880
[    4.918249] usb usb4: New USB device found, idVendor=1d6b, idProduct=0001
[    4.918342] usb usb4: New USB device strings: Mfr=3, Product=2, SerialNumber=1
[    4.918472] usb usb4: Product: UHCI Host Controller
[    4.918561] usb usb4: Manufacturer: Linux 2.6.32.57 uhci_hcd
[    4.918656] usb usb4: SerialNumber: 0000:00:1a.1
[    4.918801] usb usb4: configuration #1 chosen from 1 choice
[    4.918919] hub 4-0:1.0: USB hub found
[    4.919009] hub 4-0:1.0: 2 ports detected
[    4.919307] uhci_hcd 0000:00:1d.0: power state changed by ACPI to D0
[    4.919568] uhci_hcd 0000:00:1d.0: power state changed by ACPI to D0
[    4.919665] uhci_hcd 0000:00:1d.0: PCI INT A -> GSI 16 (level, low) -> IRQ 16
[    4.919763] uhci_hcd 0000:00:1d.0: setting latency timer to 64
[    4.919767] uhci_hcd 0000:00:1d.0: UHCI Host Controller
[    4.919900] uhci_hcd 0000:00:1d.0: new USB bus registered, assigned bus number 5
[    4.920057] uhci_hcd 0000:00:1d.0: irq 16, io base 0x000018a0
[    4.920180] usb usb5: New USB device found, idVendor=1d6b, idProduct=0001
[    4.920279] usb usb5: New USB device strings: Mfr=3, Product=2, SerialNumber=1
[    4.920400] usb usb5: Product: UHCI Host Controller
[    4.920507] usb usb5: Manufacturer: Linux 2.6.32.57 uhci_hcd
[    4.920597] usb usb5: SerialNumber: 0000:00:1d.0
[    4.920736] usb usb5: configuration #1 chosen from 1 choice
[    4.920863] hub 5-0:1.0: USB hub found
[    4.920960] hub 5-0:1.0: 2 ports detected
[    4.921102] uhci_hcd 0000:00:1d.1: PCI INT B -> GSI 17 (level, low) -> IRQ 17
[    4.921203] uhci_hcd 0000:00:1d.1: setting latency timer to 64
[    4.921208] uhci_hcd 0000:00:1d.1: UHCI Host Controller
[    4.921340] uhci_hcd 0000:00:1d.1: new USB bus registered, assigned bus number 6
[    4.921494] uhci_hcd 0000:00:1d.1: irq 17, io base 0x000018c0
[    4.921615] usb usb6: New USB device found, idVendor=1d6b, idProduct=0001
[    4.921719] usb usb6: New USB device strings: Mfr=3, Product=2, SerialNumber=1
[    4.921840] usb usb6: Product: UHCI Host Controller
[    4.921929] usb usb6: Manufacturer: Linux 2.6.32.57 uhci_hcd
[    4.922018] usb usb6: SerialNumber: 0000:00:1d.1
[    4.922155] usb usb6: configuration #1 chosen from 1 choice
[    4.922273] hub 6-0:1.0: USB hub found
[    4.922364] hub 6-0:1.0: 2 ports detected
[    4.922680] uhci_hcd 0000:00:1d.2: power state changed by ACPI to D0
[    4.922985] uhci_hcd 0000:00:1d.2: power state changed by ACPI to D0
[    4.923083] uhci_hcd 0000:00:1d.2: PCI INT C -> GSI 18 (level, low) -> IRQ 18
[    4.923177] uhci_hcd 0000:00:1d.2: setting latency timer to 64
[    4.923181] uhci_hcd 0000:00:1d.2: UHCI Host Controller
[    4.923312] uhci_hcd 0000:00:1d.2: new USB bus registered, assigned bus number 7
[    4.923470] uhci_hcd 0000:00:1d.2: irq 18, io base 0x000018e0
[    4.923585] usb usb7: New USB device found, idVendor=1d6b, idProduct=0001
[    4.923676] usb usb7: New USB device strings: Mfr=3, Product=2, SerialNumber=1
[    4.923805] usb usb7: Product: UHCI Host Controller
[    4.923892] usb usb7: Manufacturer: Linux 2.6.32.57 uhci_hcd
[    4.923977] usb usb7: SerialNumber: 0000:00:1d.2
[    4.924769] usb usb7: configuration #1 chosen from 1 choice
[    4.924895] hub 7-0:1.0: USB hub found
[    4.924985] hub 7-0:1.0: 2 ports detected
[    4.925144] sl811: driver sl811-hcd, 19 May 2005
[    4.925250] r8a66597_hcd: driver r8a66597_hcd, 2009-05-26
[    4.925427] Initializing USB Mass Storage driver...
[    4.925553] usbcore: registered new interface driver usb-storage
[    4.925646] USB Mass Storage support registered.
[    4.925755] usbcore: registered new interface driver ums-alauda
[    4.925864] usbcore: registered new interface driver ums-cypress
[    4.925979] usbcore: registered new interface driver ums-datafab
[    4.926087] usbcore: registered new interface driver ums-freecom
[    4.926198] usbcore: registered new interface driver ums-isd200
[    4.926308] usbcore: registered new interface driver ums-jumpshot
[    4.926429] usbcore: registered new interface driver ums-karma
[    4.926538] usbcore: registered new interface driver ums-onetouch
[    4.926650] usbcore: registered new interface driver ums-sddr09
[    4.926765] usbcore: registered new interface driver ums-sddr55
[    4.926872] usbcore: registered new interface driver ums-usbat
[    4.927018] PNP: PS/2 Controller [PNP0303:KBD,PNP0f13:MOU] at 0x60,0x64 irq 1,12
[    4.935286] serio: i8042 KBD port at 0x60,0x64 irq 1
[    4.935377] serio: i8042 AUX port at 0x60,0x64 irq 12
[    4.935622] mice: PS/2 mouse device common for all mice
[    4.935740] i2c /dev entries driver
[    4.935879] md: linear personality registered for level -1
[    4.935969] md: raid0 personality registered for level 0
[    4.936059] md: raid1 personality registered for level 1
[    4.936157] md: raid10 personality registered for level 10
[    4.936250] md: raid6 personality registered for level 6
[    4.936343] md: raid5 personality registered for level 5
[    4.936445] md: raid4 personality registered for level 4
[    4.936533] md: multipath personality registered for level -4
[    4.936727] device-mapper: ioctl: 4.15.0-ioctl (2009-04-01) initialised: dm-devel@redhat.com
[    4.936934] cpuidle: using governor ladder
[    4.937548] usbcore: registered new interface driver usbhid
[    4.937643] usbhid: v2.6:USB HID core driver
[    4.937791] random 0000 0000 0000 00000000 00000000: rand_read_num 4 get_random_bytes(136): sig 00000000 00000000 00000000
[    4.937794] random 0000 0000 0000 00000000 00000000: extract_entropy(.. 136 ..)
[    4.937796] random 0000 0000 0000 00000000 00000000: going to reseed nonblocking with 1024 bits (1088 of 0 requested)
[    4.937798] random 0000 0000 0000 00000000 00000000: extract_entropy(.. 128 ..)
[    4.937801] random 0000 0000 0000 00000000 00000000: trying to extract 1024 bits from input
[    4.937803] random 0000 0000 0000 00000000 00000000: debiting 0 entropy credits from input
[    4.937805] random 0000 0000 0000 00000000 00000000: extract_entropy account returned: 0 
[    4.937808] random 0000 0000 0000 00000000 00000000: urand_change_num 7 xfer_secondary_pool(136): pool_sig 00000000, data_sig 00000000, bytes_mixed 0 00000000 00000000
[    4.937811] random 0000 0000 0000 00000000 00000000: trying to extract 1088 bits from nonblocking
[    4.937813] random 0000 0000 0000 00000000 00000000: debiting 1088 entropy credits from nonblocking (unlimited)
[    4.937815] random 0000 0000 0000 00000000 00000000: extract_entropy account returned: 136 
[    4.937820] random 0000 0000 0000 00000000 00000000: urand_change_num 8 extract_buf: pool_sig 00000000, data_sig fffffff9, bytes_mixed 20 00000000 00000000
[    4.937825] random 0000 0000 0000 b7c35b56 be4dc95d: urand_change_num 9 extract_buf: pool_sig fffffd1e, data_sig 000000c5, bytes_mixed 20 b7c35b56 be4dc95d
[    4.937831] random 0000 0000 0000 ed9f5c47 c48487fb: urand_change_num 10 extract_buf: pool_sig fffff8ec, data_sig ffffff68, bytes_mixed 20 ed9f5c47 c48487fb
[    4.937836] random 0000 0000 0000 ed9f5c47 c48487fb: urand_change_num 11 extract_buf: pool_sig fffffaed, data_sig 000001aa, bytes_mixed 20 ed9f5c47 c48487fb
[    4.937841] random 0000 0000 0000 1b4f7c0a 91bd6a48: urand_change_num 12 extract_buf: pool_sig fffffdd8, data_sig 00000064, bytes_mixed 20 1b4f7c0a 91bd6a48
[    4.937846] random 0000 0000 0000 a254b9bc 20e9a24f: urand_change_num 13 extract_buf: pool_sig fffffbe6, data_sig 000001dd, bytes_mixed 20 a254b9bc 20e9a24f
[    4.937851] random 0000 0000 0000 a254b9bc 20e9a24f: urand_change_num 14 extract_buf: pool_sig fffff940, data_sig fffffe20, bytes_mixed 20 a254b9bc 20e9a24f
[    4.937857] random 0000 0000 0000 2831a66b 5fa2a3ad: urand_change_num 15 extract_buf: pool_sig fffffbce, data_sig 0000007e, bytes_mixed 20 2831a66b 5fa2a3ad
[    4.937862] random 0000 0000 0000 2831a66b 5fa2a3ad: urand_change_num 16 extract_buf: pool_sig 000004df, data_sig fffffe8f, bytes_mixed 20 2831a66b 5fa2a3ad
[    4.937867] random 0000 0000 0000 d4512bfd c9a54e0b: urand_change_num 17 extract_buf: pool_sig 00000485, data_sig fffffe68, bytes_mixed 20 d4512bfd c9a54e0b
[    4.937872] random 0000 0000 0000 c7371be6 f9ffea11: urand_change_num 18 extract_buf: pool_sig 00000095, data_sig ffffffed, bytes_mixed 20 c7371be6 f9ffea11
[    4.937877] random 0000 0000 0000 c7371be6 f9ffea11: urand_change_num 19 extract_buf: pool_sig 000003a7, data_sig fffffefa, bytes_mixed 20 c7371be6 f9ffea11
[    4.937882] random 0000 0000 0000 8fb4b62c d1ddba54: urand_change_num 20 extract_buf: pool_sig 00000179, data_sig ffffff78, bytes_mixed 20 8fb4b62c d1ddba54
[    4.937887] random 0000 0000 0000 9ff19f9c c07a1d2a: urand_change_num 21 extract_buf: pool_sig fffffe88, data_sig 00000126, bytes_mixed 20 9ff19f9c c07a1d2a
[    4.937892] TCP cubic registered
[    4.937984] Initializing XFRM netlink socket
[    4.938076] NET: Registered protocol family 17
[    4.938174] Using IPI Shortcut mode
[    4.938267] random 0000 0000 0000 9ff19f9c c07a1d2a: rand_read_num 5 get_random_bytes(8): sig 0000031b 9ff19f9c c07a1d2a
[    4.938270] random 0000 0000 0000 9ff19f9c c07a1d2a: extract_entropy(.. 8 ..)
[    4.938272] random 0000 0000 0000 9ff19f9c c07a1d2a: going to reseed nonblocking with 64 bits (64 of 0 requested)
[    4.938274] random 0000 0000 0000 9ff19f9c c07a1d2a: extract_entropy(.. 8 ..)
[    4.938276] random 0000 0000 0000 9ff19f9c c07a1d2a: trying to extract 64 bits from input
[    4.938278] random 0000 0000 0000 9ff19f9c c07a1d2a: debiting 0 entropy credits from input
[    4.938280] random 0000 0000 0000 9ff19f9c c07a1d2a: extract_entropy account returned: 0 
[    4.938283] random 0000 0000 0000 9ff19f9c c07a1d2a: urand_change_num 22 xfer_secondary_pool(8): pool_sig 0000031b, data_sig 00000000, bytes_mixed 0 9ff19f9c c07a1d2a
[    4.938286] random 0000 0000 0000 9ff19f9c c07a1d2a: trying to extract 64 bits from nonblocking
[    4.938288] random 0000 0000 0000 9ff19f9c c07a1d2a: debiting 64 entropy credits from nonblocking (unlimited)
[    4.938290] random 0000 0000 0000 9ff19f9c c07a1d2a: extract_entropy account returned: 8 
[    4.938294] random 0000 0000 0000 9ff19f9c c07a1d2a: urand_change_num 23 extract_buf: pool_sig 0000031b, data_sig ffffffb3, bytes_mixed 20 9ff19f9c c07a1d2a
[    4.940435] input: AT Translated Set 2 keyboard as /devices/platform/i8042/serio0/input/input1
[    5.128416] ata3: SATA link down (SStatus 0 SControl 300)
[    5.128530] ata1: SATA link up 1.5 Gbps (SStatus 113 SControl 300)
[    5.130342] ata1.00: ACPI cmd ef/02:00:00:00:00:a0 (SET FEATURES) succeeded
[    5.130345] ata1.00: ACPI cmd f5/00:00:00:00:00:a0 (SECURITY FREEZE LOCK) filtered out
[    5.131740] ata1.00: ACPI cmd ef/5f:00:00:00:00:a0 (SET FEATURES) succeeded
[    5.131742] ata1.00: ACPI cmd ef/10:03:00:00:00:a0 (SET FEATURES) filtered out
[    5.133650] ata1.00: ATA-7: ST910021AS, 4.06, max UDMA/100
[    5.133739] ata1.00: 195371568 sectors, multi 16: LBA48 
[    5.135888] ata1.00: ACPI cmd ef/02:00:00:00:00:a0 (SET FEATURES) succeeded
[    5.135890] ata1.00: ACPI cmd f5/00:00:00:00:00:a0 (SECURITY FREEZE LOCK) filtered out
[    5.137280] ata1.00: ACPI cmd ef/5f:00:00:00:00:a0 (SET FEATURES) succeeded
[    5.137283] ata1.00: ACPI cmd ef/10:03:00:00:00:a0 (SET FEATURES) filtered out
[    5.139206] ata1.00: configured for UDMA/100
[    5.149464] scsi 2:0:0:0: Direct-Access     ATA      ST910021AS       4.06 PQ: 0 ANSI: 5
[    5.149748] sd 2:0:0:0: [sda] 195371568 512-byte logical blocks: (100 GB/93.1 GiB)
[    5.149891] sd 2:0:0:0: [sda] Write Protect is off
[    5.149983] sd 2:0:0:0: [sda] Mode Sense: 00 3a 00 00
[    5.149996] sd 2:0:0:0: [sda] Write cache: enabled, read cache: enabled, doesn't support DPO or FUA
[    5.150186]  sda:
[    5.216396] usb 2-1: new high speed USB device using ehci_hcd and address 2
[    5.354473] usb 2-1: New USB device found, idVendor=0e8d, idProduct=1806
[    5.354557] usb 2-1: New USB device strings: Mfr=1, Product=2, SerialNumber=3
[    5.354646] usb 2-1: Product: MT1806 
[    5.354731] usb 2-1: Manufacturer: MediaTek Inc
[    5.354816] usb 2-1: SerialNumber: R8KN6GAC800AEB 
[    5.354954] usb 2-1: configuration #1 chosen from 1 choice
[    5.358640] scsi5 : SCSI emulation for USB Mass Storage devices
[    5.358805] usb-storage: device found at 2
[    5.358807] usb-storage: waiting for device to settle before scanning
[    5.564332]  sda1 sda2
[    5.565053] sd 2:0:0:0: [sda] Attached SCSI disk
[    5.565154] random 0000 0000 0000 277f73c3 42024bb9: rand_read_num 6 get_random_bytes(12): sig 000007e9 277f73c3 42024bb9
[    5.565157] random 0000 0000 0000 277f73c3 42024bb9: extract_entropy(.. 12 ..)
[    5.565159] random 0000 0000 0000 277f73c3 42024bb9: going to reseed nonblocking with 96 bits (96 of 0 requested)
[    5.565161] random 0000 0000 0000 277f73c3 42024bb9: extract_entropy(.. 12 ..)
[    5.565164] random 0000 0000 0000 277f73c3 42024bb9: trying to extract 96 bits from input
[    5.565166] random 0000 0000 0000 277f73c3 42024bb9: debiting 0 entropy credits from input
[    5.565168] random 0000 0000 0000 277f73c3 42024bb9: extract_entropy account returned: 0 
[    5.565171] random 0000 0000 0000 277f73c3 42024bb9: urand_change_num 24 xfer_secondary_pool(12): pool_sig 000007e9, data_sig 00000000, bytes_mixed 0 277f73c3 42024bb9
[    5.565174] random 0000 0000 0000 277f73c3 42024bb9: trying to extract 96 bits from nonblocking
[    5.565176] random 0000 0000 0000 277f73c3 42024bb9: debiting 96 entropy credits from nonblocking (unlimited)
[    5.565178] random 0000 0000 0000 277f73c3 42024bb9: extract_entropy account returned: 12 
[    5.565182] random 0000 0000 0000 277f73c3 42024bb9: urand_change_num 25 extract_buf: pool_sig 000007e9, data_sig 00000088, bytes_mixed 20 277f73c3 42024bb9
[    5.565187] random 0000 0000 0000 277f73c3 42024bb9: urand_change_num 26 extract_buf: pool_sig 00000498, data_sig fffffefb, bytes_mixed 20 277f73c3 42024bb9
[    5.565190] RANDOM - __seed init called.
[    5.565191] RANDOM - __seed init called.
[    5.565193] RANDOM - __seed init called.
[    5.565194] RANDOM - __random32 called. Change num 12.  Value: 87f14767	f0d7351	b1e48bd3
[    5.565196] RANDOM - random32_reseed called.  Value: 87f14767	f0d7351	b1e48bd3
[    5.565199] Pid: 1, comm: swapper Not tainted 2.6.32.57 #3
[    5.565295] Call Trace:
[    5.565387]  [<c1923ca4>] ? random32_reseed+0xa0/0xb1
[    5.565475]  [<c1923c04>] ? random32_reseed+0x0/0xb1
[    5.565567]  [<c100111e>] ? do_one_initcall+0x2e/0x180
[    5.565661]  [<c1907265>] ? kernel_init+0xad/0x103
[    5.565748]  [<c19071b8>] ? kernel_init+0x0/0x103
[    5.565842]  [<c1003787>] ? kernel_thread_helper+0x7/0x10
[    5.566384] random 0000 0000 0000 386b4e60 ee4d4880: rand_read_num 7 get_random_bytes(64): sig fffffea5 386b4e60 ee4d4880
[    5.566386] random 0000 0000 0000 386b4e60 ee4d4880: extract_entropy(.. 64 ..)
[    5.566388] random 0000 0000 0000 386b4e60 ee4d4880: going to reseed nonblocking with 512 bits (512 of 0 requested)
[    5.566390] random 0000 0000 0000 386b4e60 ee4d4880: extract_entropy(.. 64 ..)
[    5.566393] random 0000 0000 0000 386b4e60 ee4d4880: trying to extract 512 bits from input
[    5.566395] random 0000 0000 0000 386b4e60 ee4d4880: debiting 0 entropy credits from input
[    5.566397] random 0000 0000 0000 386b4e60 ee4d4880: extract_entropy account returned: 0 
[    5.566400] random 0000 0000 0000 386b4e60 ee4d4880: urand_change_num 27 xfer_secondary_pool(64): pool_sig fffffea5, data_sig 00000000, bytes_mixed 0 386b4e60 ee4d4880
[    5.566402] random 0000 0000 0000 386b4e60 ee4d4880: trying to extract 512 bits from nonblocking
[    5.566405] random 0000 0000 0000 386b4e60 ee4d4880: debiting 512 entropy credits from nonblocking (unlimited)
[    5.566407] random 0000 0000 0000 386b4e60 ee4d4880: extract_entropy account returned: 64 
[    5.566411] random 0000 0000 0000 386b4e60 ee4d4880: urand_change_num 28 extract_buf: pool_sig fffffea5, data_sig 00000173, bytes_mixed 20 386b4e60 ee4d4880
[    5.566416] random 0000 0000 0000 412698f6 0cc8689a: urand_change_num 29 extract_buf: pool_sig 00000122, data_sig ffffff63, bytes_mixed 20 412698f6 0cc8689a
[    5.566421] random 0000 0000 0000 412698f6 0cc8689a: urand_change_num 30 extract_buf: pool_sig 000001f7, data_sig 00000012, bytes_mixed 20 412698f6 0cc8689a
[    5.566427] random 0000 0000 0000 9669941e 06f768b1: urand_change_num 31 extract_buf: pool_sig fffffb5b, data_sig 0000003f, bytes_mixed 20 9669941e 06f768b1
[    5.566432] random 0000 0000 0000 98486520 995551f0: urand_change_num 32 extract_buf: pool_sig fffffb39, data_sig 0000000e, bytes_mixed 20 98486520 995551f0
[    5.566437] random 0000 0000 0000 98486520 995551f0: urand_change_num 33 extract_buf: pool_sig fffffd8d, data_sig 000001a6, bytes_mixed 20 98486520 995551f0
[    5.566442] random 0000 0000 0000 61fc8914 d5882ed2: urand_change_num 34 extract_buf: pool_sig fffffa58, data_sig 0000023e, bytes_mixed 20 61fc8914 d5882ed2
[    5.566472] random 0000 0000 0000 61fc8914 d5882ed2: rand_read_num 8 get_random_bytes(64): sig fffff9ee 61fc8914 d5882ed2
[    5.566474] random 0000 0000 0000 61fc8914 d5882ed2: extract_entropy(.. 64 ..)
[    5.566477] random 0000 0000 0000 61fc8914 d5882ed2: going to reseed nonblocking with 512 bits (512 of 0 requested)
[    5.566479] random 0000 0000 0000 61fc8914 d5882ed2: extract_entropy(.. 64 ..)
[    5.566481] random 0000 0000 0000 61fc8914 d5882ed2: trying to extract 512 bits from input
[    5.566483] random 0000 0000 0000 61fc8914 d5882ed2: debiting 0 entropy credits from input
[    5.566485] random 0000 0000 0000 61fc8914 d5882ed2: extract_entropy account returned: 0 
[    5.566488] random 0000 0000 0000 61fc8914 d5882ed2: urand_change_num 35 xfer_secondary_pool(64): pool_sig fffff9ee, data_sig 00000000, bytes_mixed 0 61fc8914 d5882ed2
[    5.566491] random 0000 0000 0000 61fc8914 d5882ed2: trying to extract 512 bits from nonblocking
[    5.566493] random 0000 0000 0000 61fc8914 d5882ed2: debiting 512 entropy credits from nonblocking (unlimited)
[    5.566495] random 0000 0000 0000 61fc8914 d5882ed2: extract_entropy account returned: 64 
[    5.566499] random 0000 0000 0000 61fc8914 d5882ed2: urand_change_num 36 extract_buf: pool_sig fffff9ee, data_sig ffffff85, bytes_mixed 20 61fc8914 d5882ed2
[    5.566504] random 0000 0000 0000 70cfd302 e5edec11: urand_change_num 37 extract_buf: pool_sig fffffdc1, data_sig ffffffde, bytes_mixed 20 70cfd302 e5edec11
[    5.566509] random 0000 0000 0000 00dab838 eafd2b30: urand_change_num 38 extract_buf: pool_sig 000003da, data_sig ffffff61, bytes_mixed 20 00dab838 eafd2b30
[    5.566515] random 0000 0000 0000 00dab838 eafd2b30: urand_change_num 39 extract_buf: pool_sig 00000314, data_sig 00000121, bytes_mixed 20 00dab838 eafd2b30
[    5.566520] random 0000 0000 0000 5fcdf66a 6442b608: urand_change_num 40 extract_buf: pool_sig 0000028b, data_sig fffffefd, bytes_mixed 20 5fcdf66a 6442b608
[    5.566525] random 0000 0000 0000 61333f6b 8fae0f9b: urand_change_num 41 extract_buf: pool_sig 000000cb, data_sig 000000b3, bytes_mixed 20 61333f6b 8fae0f9b
[    5.566530] random 0000 0000 0000 61333f6b 8fae0f9b: urand_change_num 42 extract_buf: pool_sig fffffef8, data_sig 00000051, bytes_mixed 20 61333f6b 8fae0f9b
[    5.566533] BEGIN NET_SECRET:
[    5.566534] \xffffffe0
[    5.566535] \xffffffb6
[    5.566535] \x36
[    5.566536] \xffffffb5
[    5.566537] \xffffff94
[    5.566538] \xffffffb2
[    5.566539] \xffffffa8
[    5.566540] \xffffffda
[    5.566540] \x5b
[    5.566541] \x19
[    5.566542] \x18
[    5.566542] \x5c
[    5.566543] \x2b
[    5.566544] \x1
[    5.566545] \xffffff90
[    5.566546] \x19
[    5.566546] \x3c
[    5.566547] \xfffffff2
[    5.566548] \xffffff82
[    5.566549] \x2a
[    5.566549] \xffffffb3
[    5.566550] \xffffffa2
[    5.566551] \x3f
[    5.566552] \x5
[    5.566552] \x52
[    5.566553] \x77
[    5.566554] \x57
[    5.566555] \x79
[    5.566555] \x16
[    5.566556] \x43
[    5.566557] \xffffff84
[    5.566557] \xffffffc3
[    5.566558] \xffffffe9
[    5.566559] \x79
[    5.566560] \x50
[    5.566560] \xffffff8e
[    5.566561] \x3f
[    5.566562] \xfffffff3
[    5.566563] \x19
[    5.566563] \x2a
[    5.566564] \xfffffffd
[    5.566565] \xfffffffb
[    5.566566] \x62
[    5.566566] \x3c
[    5.566567] \xffffffac
[    5.566568] \x1c
[    5.566569] \x3b
[    5.566569] \x3b
[    5.566570] \x15
[    5.566571] \x27
[    5.566571] \xffffffa8
[    5.566572] \x22
[    5.566573] \xffffffc5
[    5.566574] \xffffff9a
[    5.566575] \x5
[    5.566575] \x6c
[    5.566576] \xffffffa8
[    5.566577] \x3a
[    5.566577] \x44
[    5.566578] \xffffffaf
[    5.566579] \x13
[    5.566580] \xffffffe0
[    5.566580] \xffffff9d
[    5.566581] \x22
[    5.566582] 
[    5.566583] END NET_SECRET
[    5.566585] random 0000 0000 0000 e7f555d9 e8ce5c3c: rand_read_num 9 get_random_bytes(4): sig 0000068c e7f555d9 e8ce5c3c
[    5.566588] random 0000 0000 0000 e7f555d9 e8ce5c3c: extract_entropy(.. 4 ..)
[    5.566590] random 0000 0000 0000 e7f555d9 e8ce5c3c: going to reseed nonblocking with 64 bits (32 of 0 requested)
[    5.566592] random 0000 0000 0000 e7f555d9 e8ce5c3c: extract_entropy(.. 8 ..)
[    5.566594] random 0000 0000 0000 e7f555d9 e8ce5c3c: trying to extract 64 bits from input
[    5.566596] random 0000 0000 0000 e7f555d9 e8ce5c3c: debiting 0 entropy credits from input
[    5.566598] random 0000 0000 0000 e7f555d9 e8ce5c3c: extract_entropy account returned: 0 
[    5.566601] random 0000 0000 0000 e7f555d9 e8ce5c3c: urand_change_num 43 xfer_secondary_pool(4): pool_sig 0000068c, data_sig 00000000, bytes_mixed 0 e7f555d9 e8ce5c3c
[    5.566604] random 0000 0000 0000 e7f555d9 e8ce5c3c: trying to extract 32 bits from nonblocking
[    5.566606] random 0000 0000 0000 e7f555d9 e8ce5c3c: debiting 32 entropy credits from nonblocking (unlimited)
[    5.566608] random 0000 0000 0000 e7f555d9 e8ce5c3c: extract_entropy account returned: 4 
[    5.566612] random 0000 0000 0000 e7f555d9 e8ce5c3c: urand_change_num 44 extract_buf: pool_sig 0000068c, data_sig fffffdcb, bytes_mixed 20 e7f555d9 e8ce5c3c
[    5.566624] md: Waiting for all devices to be available before autodetect
[    5.566721] md: If you don't use raid, use raid=noautodetect
[    5.566884] md: Autodetecting RAID arrays.
[    5.566977] md: Scanned 0 and added 0 devices.
[    5.567074] md: autorun ...
[    5.567158] md: ... autorun DONE.
[    5.581781] EXT3-fs: sda2: couldn't mount because of unsupported optional features (240).
[    5.582011] EXT2-fs: sda2: couldn't mount because of unsupported optional features (240).
[    5.583285] random 0000 0000 0000 e7f555d9 e8ce5c3c: rand_read_num 10 get_random_bytes(4): sig ffffff72 e7f555d9 e8ce5c3c
[    5.583287] random 0000 0000 0000 e7f555d9 e8ce5c3c: extract_entropy(.. 4 ..)
[    5.583290] random 0000 0000 0000 e7f555d9 e8ce5c3c: going to reseed nonblocking with 64 bits (32 of 0 requested)
[    5.583292] random 0000 0000 0000 e7f555d9 e8ce5c3c: extract_entropy(.. 8 ..)
[    5.583294] random 0000 0000 0000 e7f555d9 e8ce5c3c: trying to extract 64 bits from input
[    5.583296] random 0000 0000 0000 e7f555d9 e8ce5c3c: debiting 0 entropy credits from input
[    5.583298] random 0000 0000 0000 e7f555d9 e8ce5c3c: extract_entropy account returned: 0 
[    5.583301] random 0000 0000 0000 e7f555d9 e8ce5c3c: urand_change_num 45 xfer_secondary_pool(4): pool_sig ffffff72, data_sig 00000000, bytes_mixed 0 e7f555d9 e8ce5c3c
[    5.583304] random 0000 0000 0000 e7f555d9 e8ce5c3c: trying to extract 32 bits from nonblocking
[    5.583306] random 0000 0000 0000 e7f555d9 e8ce5c3c: debiting 32 entropy credits from nonblocking (unlimited)
[    5.583308] random 0000 0000 0000 e7f555d9 e8ce5c3c: extract_entropy account returned: 4 
[    5.583312] random 0000 0000 0000 e7f555d9 e8ce5c3c: urand_change_num 46 extract_buf: pool_sig ffffff72, data_sig ffffff72, bytes_mixed 20 e7f555d9 e8ce5c3c
[    5.618441] EXT4-fs (sda2): mounted filesystem with ordered data mode
[    5.618649] VFS: Mounted root (ext4 filesystem) readonly on device 8:2.
[    5.618759] Freeing unused kernel memory: 448k freed
[    5.697398] random 0000 0000 0000 91716c54 eeb6a1e7: rand_read_num 11 get_random_bytes(16): sig fffffcad 91716c54 eeb6a1e7
[    5.697401] random 0000 0000 0000 91716c54 eeb6a1e7: extract_entropy(.. 16 ..)
[    5.697403] random 0000 0000 0000 91716c54 eeb6a1e7: going to reseed nonblocking with 128 bits (128 of 0 requested)
[    5.697406] random 0000 0000 0000 91716c54 eeb6a1e7: extract_entropy(.. 16 ..)
[    5.697408] random 0000 0000 0000 91716c54 eeb6a1e7: trying to extract 128 bits from input
[    5.697410] random 0000 0000 0000 91716c54 eeb6a1e7: debiting 0 entropy credits from input
[    5.697412] random 0000 0000 0000 91716c54 eeb6a1e7: extract_entropy account returned: 0 
[    5.697415] random 0000 0000 0000 91716c54 eeb6a1e7: urand_change_num 47 xfer_secondary_pool(16): pool_sig fffffcad, data_sig 00000000, bytes_mixed 0 91716c54 eeb6a1e7
[    5.697418] random 0000 0000 0000 91716c54 eeb6a1e7: trying to extract 128 bits from nonblocking
[    5.697420] random 0000 0000 0000 91716c54 eeb6a1e7: debiting 128 entropy credits from nonblocking (unlimited)
[    5.697422] random 0000 0000 0000 91716c54 eeb6a1e7: extract_entropy account returned: 16 
[    5.697426] random 0000 0000 0000 91716c54 eeb6a1e7: urand_change_num 48 extract_buf: pool_sig fffffcad, data_sig ffffff19, bytes_mixed 20 91716c54 eeb6a1e7
[    5.697432] random 0000 0000 0000 fd637b06 6cf47bc1: urand_change_num 49 extract_buf: pool_sig fffffede, data_sig ffffffc1, bytes_mixed 20 fd637b06 6cf47bc1
[    5.775822] random 0000 0000 0000 fd637b06 6cf47bc1: rand_read_num 12 get_random_bytes(16): sig 0000033b fd637b06 6cf47bc1
[    5.775825] random 0000 0000 0000 fd637b06 6cf47bc1: extract_entropy(.. 16 ..)
[    5.775828] random 0000 0000 0000 fd637b06 6cf47bc1: going to reseed nonblocking with 128 bits (128 of 0 requested)
[    5.775830] random 0000 0000 0000 fd637b06 6cf47bc1: extract_entropy(.. 16 ..)
[    5.775832] random 0000 0000 0000 fd637b06 6cf47bc1: trying to extract 128 bits from input
[    5.775834] random 0000 0000 0000 fd637b06 6cf47bc1: debiting 0 entropy credits from input
[    5.775836] random 0000 0000 0000 fd637b06 6cf47bc1: extract_entropy account returned: 0 
[    5.775839] random 0000 0000 0000 fd637b06 6cf47bc1: urand_change_num 50 xfer_secondary_pool(16): pool_sig 0000033b, data_sig 00000000, bytes_mixed 0 fd637b06 6cf47bc1
[    5.775842] random 0000 0000 0000 fd637b06 6cf47bc1: trying to extract 128 bits from nonblocking
[    5.775844] random 0000 0000 0000 fd637b06 6cf47bc1: debiting 128 entropy credits from nonblocking (unlimited)
[    5.775846] random 0000 0000 0000 fd637b06 6cf47bc1: extract_entropy account returned: 16 
[    5.775851] random 0000 0000 0000 fd637b06 6cf47bc1: urand_change_num 51 extract_buf: pool_sig 0000033b, data_sig 000000d8, bytes_mixed 20 fd637b06 6cf47bc1
[    5.775856] random 0000 0000 0000 0ec1f012 d4727ca8: urand_change_num 52 extract_buf: pool_sig fffffcf5, data_sig 00000016, bytes_mixed 20 0ec1f012 d4727ca8
[    6.141408] ieee1394: Host added: ID:BUS[0-00:1023]  GUID[00061b032a25f51c]
[    6.149725] random 0000 0000 0000 45b1d0b1 845a73f7: rand_read_num 13 get_random_bytes(16): sig 00000116 45b1d0b1 845a73f7
[    6.149727] random 0000 0000 0000 45b1d0b1 845a73f7: extract_entropy(.. 16 ..)
[    6.149730] random 0000 0000 0000 45b1d0b1 845a73f7: going to reseed nonblocking with 128 bits (128 of 0 requested)
[    6.149732] random 0000 0000 0000 45b1d0b1 845a73f7: extract_entropy(.. 16 ..)
[    6.149734] random 0000 0000 0000 45b1d0b1 845a73f7: trying to extract 128 bits from input
[    6.149737] random 0000 0000 0000 45b1d0b1 845a73f7: debiting 0 entropy credits from input
[    6.149738] random 0000 0000 0000 45b1d0b1 845a73f7: extract_entropy account returned: 0 
[    6.149742] random 0000 0000 0000 45b1d0b1 845a73f7: urand_change_num 53 xfer_secondary_pool(16): pool_sig 00000116, data_sig 00000000, bytes_mixed 0 45b1d0b1 845a73f7
[    6.149744] random 0000 0000 0000 45b1d0b1 845a73f7: trying to extract 128 bits from nonblocking
[    6.149747] random 0000 0000 0000 45b1d0b1 845a73f7: debiting 128 entropy credits from nonblocking (unlimited)
[    6.149749] random 0000 0000 0000 45b1d0b1 845a73f7: extract_entropy account returned: 16 
[    6.149753] random 0000 0000 0000 45b1d0b1 845a73f7: urand_change_num 54 extract_buf: pool_sig 00000116, data_sig fffffd8b, bytes_mixed 20 45b1d0b1 845a73f7
[    6.149759] random 0000 0000 0000 45b1d0b1 845a73f7: urand_change_num 55 extract_buf: pool_sig fffffc05, data_sig 00000109, bytes_mixed 20 45b1d0b1 845a73f7
[    6.202222] random 0000 0000 0000 5012cce3 b8a30621: rand_read_num 14 get_random_bytes(16): sig fffffb93 5012cce3 b8a30621
[    6.202224] random 0000 0000 0000 5012cce3 b8a30621: extract_entropy(.. 16 ..)
[    6.202227] random 0000 0000 0000 5012cce3 b8a30621: going to reseed nonblocking with 128 bits (128 of 0 requested)
[    6.202229] random 0000 0000 0000 5012cce3 b8a30621: extract_entropy(.. 16 ..)
[    6.202232] random 0000 0000 0000 5012cce3 b8a30621: trying to extract 128 bits from input
[    6.202234] random 0000 0000 0000 5012cce3 b8a30621: debiting 0 entropy credits from input
[    6.202236] random 0000 0000 0000 5012cce3 b8a30621: extract_entropy account returned: 0 
[    6.202239] random 0000 0000 0000 5012cce3 b8a30621: urand_change_num 56 xfer_secondary_pool(16): pool_sig fffffb93, data_sig 00000000, bytes_mixed 0 5012cce3 b8a30621
[    6.202242] random 0000 0000 0000 5012cce3 b8a30621: trying to extract 128 bits from nonblocking
[    6.202244] random 0000 0000 0000 5012cce3 b8a30621: debiting 128 entropy credits from nonblocking (unlimited)
[    6.202246] random 0000 0000 0000 5012cce3 b8a30621: extract_entropy account returned: 16 
[    6.202250] random 0000 0000 0000 5012cce3 b8a30621: urand_change_num 57 extract_buf: pool_sig fffffb93, data_sig ffffff35, bytes_mixed 20 5012cce3 b8a30621
[    6.202256] random 0000 0000 0000 5012cce3 b8a30621: urand_change_num 58 extract_buf: pool_sig fffffb9d, data_sig ffffff92, bytes_mixed 20 5012cce3 b8a30621
[    6.203617] random 0000 0000 0000 30a5721d 4b648ff6: rand_read_num 15 get_random_bytes(16): sig fffffeb5 30a5721d 4b648ff6
[    6.203620] random 0000 0000 0000 30a5721d 4b648ff6: extract_entropy(.. 16 ..)
[    6.203622] random 0000 0000 0000 30a5721d 4b648ff6: going to reseed nonblocking with 128 bits (128 of 0 requested)
[    6.203625] random 0000 0000 0000 30a5721d 4b648ff6: extract_entropy(.. 16 ..)
[    6.203627] random 0000 0000 0000 30a5721d 4b648ff6: trying to extract 128 bits from input
[    6.203629] random 0000 0000 0000 30a5721d 4b648ff6: debiting 0 entropy credits from input
[    6.203631] random 0000 0000 0000 30a5721d 4b648ff6: extract_entropy account returned: 0 
[    6.203634] random 0000 0000 0000 30a5721d 4b648ff6: urand_change_num 59 xfer_secondary_pool(16): pool_sig fffffeb5, data_sig 00000000, bytes_mixed 0 30a5721d 4b648ff6
[    6.203637] random 0000 0000 0000 30a5721d 4b648ff6: trying to extract 128 bits from nonblocking
[    6.203639] random 0000 0000 0000 30a5721d 4b648ff6: debiting 128 entropy credits from nonblocking (unlimited)
[    6.203642] random 0000 0000 0000 30a5721d 4b648ff6: extract_entropy account returned: 16 
[    6.203646] random 0000 0000 0000 30a5721d 4b648ff6: urand_change_num 60 extract_buf: pool_sig fffffeb5, data_sig 000000c2, bytes_mixed 20 30a5721d 4b648ff6
[    6.203651] random 0000 0000 0000 89bae1ab 704c432f: urand_change_num 61 extract_buf: pool_sig 0000006e, data_sig fffffefc, bytes_mixed 20 89bae1ab 704c432f
[    6.204196] random 0000 0000 0000 89bae1ab 704c432f: rand_read_num 16 get_random_bytes(16): sig fffffd99 89bae1ab 704c432f
[    6.204198] random 0000 0000 0000 89bae1ab 704c432f: extract_entropy(.. 16 ..)
[    6.204201] random 0000 0000 0000 89bae1ab 704c432f: going to reseed nonblocking with 128 bits (128 of 0 requested)
[    6.204203] random 0000 0000 0000 89bae1ab 704c432f: extract_entropy(.. 16 ..)
[    6.204205] random 0000 0000 0000 89bae1ab 704c432f: trying to extract 128 bits from input
[    6.204208] random 0000 0000 0000 89bae1ab 704c432f: debiting 0 entropy credits from input
[    6.204209] random 0000 0000 0000 89bae1ab 704c432f: extract_entropy account returned: 0 
[    6.204213] random 0000 0000 0000 89bae1ab 704c432f: urand_change_num 62 xfer_secondary_pool(16): pool_sig fffffd99, data_sig 00000000, bytes_mixed 0 89bae1ab 704c432f
[    6.204215] random 0000 0000 0000 89bae1ab 704c432f: trying to extract 128 bits from nonblocking
[    6.204218] random 0000 0000 0000 89bae1ab 704c432f: debiting 128 entropy credits from nonblocking (unlimited)
[    6.204220] random 0000 0000 0000 89bae1ab 704c432f: extract_entropy account returned: 16 
[    6.204224] random 0000 0000 0000 89bae1ab 704c432f: urand_change_num 63 extract_buf: pool_sig fffffd99, data_sig 00000204, bytes_mixed 20 89bae1ab 704c432f
[    6.204229] random 0000 0000 0000 6c298a02 2b1539f8: urand_change_num 64 extract_buf: pool_sig 00000124, data_sig fffffff5, bytes_mixed 20 6c298a02 2b1539f8
[    6.205122] random 0000 0000 0000 c77b8b35 70f6cab5: rand_read_num 17 get_random_bytes(16): sig 0000036b c77b8b35 70f6cab5
[    6.205124] random 0000 0000 0000 c77b8b35 70f6cab5: extract_entropy(.. 16 ..)
[    6.205127] random 0000 0000 0000 c77b8b35 70f6cab5: going to reseed nonblocking with 128 bits (128 of 0 requested)
[    6.205129] random 0000 0000 0000 c77b8b35 70f6cab5: extract_entropy(.. 16 ..)
[    6.205131] random 0000 0000 0000 c77b8b35 70f6cab5: trying to extract 128 bits from input
[    6.205133] random 0000 0000 0000 c77b8b35 70f6cab5: debiting 0 entropy credits from input
[    6.205135] random 0000 0000 0000 c77b8b35 70f6cab5: extract_entropy account returned: 0 
[    6.205139] random 0000 0000 0000 c77b8b35 70f6cab5: urand_change_num 65 xfer_secondary_pool(16): pool_sig 0000036b, data_sig 00000000, bytes_mixed 0 c77b8b35 70f6cab5
[    6.205142] random 0000 0000 0000 c77b8b35 70f6cab5: trying to extract 128 bits from nonblocking
[    6.205144] random 0000 0000 0000 c77b8b35 70f6cab5: debiting 128 entropy credits from nonblocking (unlimited)
[    6.205146] random 0000 0000 0000 c77b8b35 70f6cab5: extract_entropy account returned: 16 
[    6.205150] random 0000 0000 0000 c77b8b35 70f6cab5: urand_change_num 66 extract_buf: pool_sig 0000036b, data_sig 0000005f, bytes_mixed 20 c77b8b35 70f6cab5
[    6.205155] random 0000 0000 0000 c77b8b35 70f6cab5: urand_change_num 67 extract_buf: pool_sig ffffff1c, data_sig 0000005a, bytes_mixed 20 c77b8b35 70f6cab5
[    6.205746] random 0000 0000 0000 af21d212 57d20ca3: rand_read_num 18 get_random_bytes(16): sig fffffb7f af21d212 57d20ca3
[    6.205749] random 0000 0000 0000 af21d212 57d20ca3: extract_entropy(.. 16 ..)
[    6.205752] random 0000 0000 0000 af21d212 57d20ca3: going to reseed nonblocking with 128 bits (128 of 0 requested)
[    6.205754] random 0000 0000 0000 af21d212 57d20ca3: extract_entropy(.. 16 ..)
[    6.205756] random 0000 0000 0000 af21d212 57d20ca3: trying to extract 128 bits from input
[    6.205758] random 0000 0000 0000 af21d212 57d20ca3: debiting 0 entropy credits from input
[    6.205760] random 0000 0000 0000 af21d212 57d20ca3: extract_entropy account returned: 0 
[    6.205763] random 0000 0000 0000 af21d212 57d20ca3: urand_change_num 68 xfer_secondary_pool(16): pool_sig fffffb7f, data_sig 00000000, bytes_mixed 0 af21d212 57d20ca3
[    6.205766] random 0000 0000 0000 af21d212 57d20ca3: trying to extract 128 bits from nonblocking
[    6.205769] random 0000 0000 0000 af21d212 57d20ca3: debiting 128 entropy credits from nonblocking (unlimited)
[    6.205771] random 0000 0000 0000 af21d212 57d20ca3: extract_entropy account returned: 16 
[    6.205775] random 0000 0000 0000 af21d212 57d20ca3: urand_change_num 69 extract_buf: pool_sig fffffb7f, data_sig ffffff88, bytes_mixed 20 af21d212 57d20ca3
[    6.205780] random 0000 0000 0000 af21d212 57d20ca3: urand_change_num 70 extract_buf: pool_sig fffffe1d, data_sig ffffff17, bytes_mixed 20 af21d212 57d20ca3
[    6.206370] random 0000 0000 0000 ffbd26fd 21933274: rand_read_num 19 get_random_bytes(16): sig ffffffc7 ffbd26fd 21933274
[    6.206373] random 0000 0000 0000 ffbd26fd 21933274: extract_entropy(.. 16 ..)
[    6.206376] random 0000 0000 0000 ffbd26fd 21933274: going to reseed nonblocking with 128 bits (128 of 0 requested)
[    6.206378] random 0000 0000 0000 ffbd26fd 21933274: extract_entropy(.. 16 ..)
[    6.206380] random 0000 0000 0000 ffbd26fd 21933274: trying to extract 128 bits from input
[    6.206382] random 0000 0000 0000 ffbd26fd 21933274: debiting 0 entropy credits from input
[    6.206384] random 0000 0000 0000 ffbd26fd 21933274: extract_entropy account returned: 0 
[    6.206387] random 0000 0000 0000 ffbd26fd 21933274: urand_change_num 71 xfer_secondary_pool(16): pool_sig ffffffc7, data_sig 00000000, bytes_mixed 0 ffbd26fd 21933274
[    6.206390] random 0000 0000 0000 ffbd26fd 21933274: trying to extract 128 bits from nonblocking
[    6.206392] random 0000 0000 0000 ffbd26fd 21933274: debiting 128 entropy credits from nonblocking (unlimited)
[    6.206395] random 0000 0000 0000 ffbd26fd 21933274: extract_entropy account returned: 16 
[    6.206399] random 0000 0000 0000 ffbd26fd 21933274: urand_change_num 72 extract_buf: pool_sig ffffffc7, data_sig 0000013b, bytes_mixed 20 ffbd26fd 21933274
[    6.206404] random 0000 0000 0000 151530a2 56c65dd3: urand_change_num 73 extract_buf: pool_sig ffffffbf, data_sig 00000036, bytes_mixed 20 151530a2 56c65dd3
[    6.206954] random 0000 0000 0000 151530a2 56c65dd3: rand_read_num 20 get_random_bytes(16): sig 000001a7 151530a2 56c65dd3
[    6.206957] random 0000 0000 0000 151530a2 56c65dd3: extract_entropy(.. 16 ..)
[    6.206959] random 0000 0000 0000 151530a2 56c65dd3: going to reseed nonblocking with 128 bits (128 of 0 requested)
[    6.206962] random 0000 0000 0000 151530a2 56c65dd3: extract_entropy(.. 16 ..)
[    6.206964] random 0000 0000 0000 151530a2 56c65dd3: trying to extract 128 bits from input
[    6.206966] random 0000 0000 0000 151530a2 56c65dd3: debiting 0 entropy credits from input
[    6.206968] random 0000 0000 0000 151530a2 56c65dd3: extract_entropy account returned: 0 
[    6.206971] random 0000 0000 0000 151530a2 56c65dd3: urand_change_num 74 xfer_secondary_pool(16): pool_sig 000001a7, data_sig 00000000, bytes_mixed 0 151530a2 56c65dd3
[    6.206974] random 0000 0000 0000 151530a2 56c65dd3: trying to extract 128 bits from nonblocking
[    6.206976] random 0000 0000 0000 151530a2 56c65dd3: debiting 128 entropy credits from nonblocking (unlimited)
[    6.206978] random 0000 0000 0000 151530a2 56c65dd3: extract_entropy account returned: 16 
[    6.206982] random 0000 0000 0000 151530a2 56c65dd3: urand_change_num 75 extract_buf: pool_sig 000001a7, data_sig ffffffa1, bytes_mixed 20 151530a2 56c65dd3
[    6.206988] random 0000 0000 0000 5d3e132e d9a77eb3: urand_change_num 76 extract_buf: pool_sig fffffcc9, data_sig 00000013, bytes_mixed 20 5d3e132e d9a77eb3
[    6.258028] random 0000 0000 0000 264837ad 0a28fef5: rand_read_num 21 get_random_bytes(16): sig ffffffd0 264837ad 0a28fef5
[    6.258031] random 0000 0000 0000 264837ad 0a28fef5: extract_entropy(.. 16 ..)
[    6.258034] random 0000 0000 0000 264837ad 0a28fef5: going to reseed nonblocking with 128 bits (128 of 0 requested)
[    6.258036] random 0000 0000 0000 264837ad 0a28fef5: extract_entropy(.. 16 ..)
[    6.258038] random 0000 0000 0000 264837ad 0a28fef5: trying to extract 128 bits from input
[    6.258040] random 0000 0000 0000 264837ad 0a28fef5: debiting 0 entropy credits from input
[    6.258042] random 0000 0000 0000 264837ad 0a28fef5: extract_entropy account returned: 0 
[    6.258045] random 0000 0000 0000 264837ad 0a28fef5: urand_change_num 77 xfer_secondary_pool(16): pool_sig ffffffd0, data_sig 00000000, bytes_mixed 0 264837ad 0a28fef5
[    6.258048] random 0000 0000 0000 264837ad 0a28fef5: trying to extract 128 bits from nonblocking
[    6.258051] random 0000 0000 0000 264837ad 0a28fef5: debiting 128 entropy credits from nonblocking (unlimited)
[    6.258053] random 0000 0000 0000 264837ad 0a28fef5: extract_entropy account returned: 16 
[    6.258057] random 0000 0000 0000 264837ad 0a28fef5: urand_change_num 78 extract_buf: pool_sig ffffffd0, data_sig 0000017b, bytes_mixed 20 264837ad 0a28fef5
[    6.258063] random 0000 0000 0000 264837ad 0a28fef5: urand_change_num 79 extract_buf: pool_sig 0000045c, data_sig 000001df, bytes_mixed 20 264837ad 0a28fef5
[    6.259522] random 0000 0000 0000 f37f7344 164aede0: rand_read_num 22 get_random_bytes(16): sig 000003c2 f37f7344 164aede0
[    6.259525] random 0000 0000 0000 f37f7344 164aede0: extract_entropy(.. 16 ..)
[    6.259528] random 0000 0000 0000 f37f7344 164aede0: going to reseed nonblocking with 128 bits (128 of 0 requested)
[    6.259530] random 0000 0000 0000 f37f7344 164aede0: extract_entropy(.. 16 ..)
[    6.259532] random 0000 0000 0000 f37f7344 164aede0: trying to extract 128 bits from input
[    6.259534] random 0000 0000 0000 f37f7344 164aede0: debiting 0 entropy credits from input
[    6.259536] random 0000 0000 0000 f37f7344 164aede0: extract_entropy account returned: 0 
[    6.259539] random 0000 0000 0000 f37f7344 164aede0: urand_change_num 80 xfer_secondary_pool(16): pool_sig 000003c2, data_sig 00000000, bytes_mixed 0 f37f7344 164aede0
[    6.259542] random 0000 0000 0000 f37f7344 164aede0: trying to extract 128 bits from nonblocking
[    6.259544] random 0000 0000 0000 f37f7344 164aede0: debiting 128 entropy credits from nonblocking (unlimited)
[    6.259547] random 0000 0000 0000 f37f7344 164aede0: extract_entropy account returned: 16 
[    6.259551] random 0000 0000 0000 f37f7344 164aede0: urand_change_num 81 extract_buf: pool_sig 000003c2, data_sig ffffff6c, bytes_mixed 20 f37f7344 164aede0
[    6.259556] random 0000 0000 0000 f37f7344 164aede0: urand_change_num 82 extract_buf: pool_sig fffffdfc, data_sig 00000091, bytes_mixed 20 f37f7344 164aede0
[    6.282332] random 0000 0000 0000 a4794863 878070c1: rand_read_num 23 get_random_bytes(16): sig 0000011b a4794863 878070c1
[    6.282335] random 0000 0000 0000 a4794863 878070c1: extract_entropy(.. 16 ..)
[    6.282338] random 0000 0000 0000 a4794863 878070c1: going to reseed nonblocking with 128 bits (128 of 0 requested)
[    6.282340] random 0000 0000 0000 a4794863 878070c1: extract_entropy(.. 16 ..)
[    6.282342] random 0000 0000 0000 a4794863 878070c1: trying to extract 128 bits from input
[    6.282344] random 0000 0000 0000 a4794863 878070c1: debiting 0 entropy credits from input
[    6.282346] random 0000 0000 0000 a4794863 878070c1: extract_entropy account returned: 0 
[    6.282349] random 0000 0000 0000 a4794863 878070c1: urand_change_num 83 xfer_secondary_pool(16): pool_sig 0000011b, data_sig 00000000, bytes_mixed 0 a4794863 878070c1
[    6.282352] random 0000 0000 0000 a4794863 878070c1: trying to extract 128 bits from nonblocking
[    6.282354] random 0000 0000 0000 a4794863 878070c1: debiting 128 entropy credits from nonblocking (unlimited)
[    6.282357] random 0000 0000 0000 a4794863 878070c1: extract_entropy account returned: 16 
[    6.282361] random 0000 0000 0000 a4794863 878070c1: urand_change_num 84 extract_buf: pool_sig 0000011b, data_sig ffffff51, bytes_mixed 20 a4794863 878070c1
[    6.282366] random 0000 0000 0000 737f19b4 9417d8ab: urand_change_num 85 extract_buf: pool_sig 000001a3, data_sig 0000006c, bytes_mixed 20 737f19b4 9417d8ab
[    6.286423] random 0000 0000 0000 737f19b4 9417d8ab: rand_read_num 24 get_random_bytes(16): sig fffffe22 737f19b4 9417d8ab
[    6.286426] random 0000 0000 0000 737f19b4 9417d8ab: extract_entropy(.. 16 ..)
[    6.286428] random 0000 0000 0000 737f19b4 9417d8ab: going to reseed nonblocking with 128 bits (128 of 0 requested)
[    6.286430] random 0000 0000 0000 737f19b4 9417d8ab: extract_entropy(.. 16 ..)
[    6.286432] random 0000 0000 0000 737f19b4 9417d8ab: trying to extract 128 bits from input
[    6.286435] random 0000 0000 0000 737f19b4 9417d8ab: debiting 0 entropy credits from input
[    6.286437] random 0000 0000 0000 737f19b4 9417d8ab: extract_entropy account returned: 0 
[    6.286440] random 0000 0000 0000 737f19b4 9417d8ab: urand_change_num 86 xfer_secondary_pool(16): pool_sig fffffe22, data_sig 00000000, bytes_mixed 0 737f19b4 9417d8ab
[    6.286442] random 0000 0000 0000 737f19b4 9417d8ab: trying to extract 128 bits from nonblocking
[    6.286445] random 0000 0000 0000 737f19b4 9417d8ab: debiting 128 entropy credits from nonblocking (unlimited)
[    6.286447] random 0000 0000 0000 737f19b4 9417d8ab: extract_entropy account returned: 16 
[    6.286451] random 0000 0000 0000 737f19b4 9417d8ab: urand_change_num 87 extract_buf: pool_sig fffffe22, data_sig 00000230, bytes_mixed 20 737f19b4 9417d8ab
[    6.286457] random 0000 0000 0000 4deb0d06 1236af4c: urand_change_num 88 extract_buf: pool_sig 000000b6, data_sig ffffff44, bytes_mixed 20 4deb0d06 1236af4c
[    6.287453] random 0000 0000 0000 b538fadc 4a7613df: rand_read_num 25 get_random_bytes(16): sig 0000013c b538fadc 4a7613df
[    6.287456] random 0000 0000 0000 b538fadc 4a7613df: extract_entropy(.. 16 ..)
[    6.287458] random 0000 0000 0000 b538fadc 4a7613df: going to reseed nonblocking with 128 bits (128 of 0 requested)
[    6.287460] random 0000 0000 0000 b538fadc 4a7613df: extract_entropy(.. 16 ..)
[    6.287463] random 0000 0000 0000 b538fadc 4a7613df: trying to extract 128 bits from input
[    6.287465] random 0000 0000 0000 b538fadc 4a7613df: debiting 0 entropy credits from input
[    6.287467] random 0000 0000 0000 b538fadc 4a7613df: extract_entropy account returned: 0 
[    6.287470] random 0000 0000 0000 b538fadc 4a7613df: urand_change_num 89 xfer_secondary_pool(16): pool_sig 0000013c, data_sig 00000000, bytes_mixed 0 b538fadc 4a7613df
[    6.287473] random 0000 0000 0000 b538fadc 4a7613df: trying to extract 128 bits from nonblocking
[    6.287475] random 0000 0000 0000 b538fadc 4a7613df: debiting 128 entropy credits from nonblocking (unlimited)
[    6.287477] random 0000 0000 0000 b538fadc 4a7613df: extract_entropy account returned: 16 
[    6.287482] random 0000 0000 0000 b538fadc 4a7613df: urand_change_num 90 extract_buf: pool_sig 0000013c, data_sig 00000015, bytes_mixed 20 b538fadc 4a7613df
[    6.287487] random 0000 0000 0000 b538fadc 4a7613df: urand_change_num 91 extract_buf: pool_sig 00000452, data_sig 0000002b, bytes_mixed 20 b538fadc 4a7613df
[    6.287938] random 0000 0000 0000 73b17df4 93bb370e: rand_read_num 26 get_random_bytes(16): sig fffffbf1 73b17df4 93bb370e
[    6.287941] random 0000 0000 0000 73b17df4 93bb370e: extract_entropy(.. 16 ..)
[    6.287944] random 0000 0000 0000 73b17df4 93bb370e: going to reseed nonblocking with 128 bits (128 of 0 requested)
[    6.287946] random 0000 0000 0000 73b17df4 93bb370e: extract_entropy(.. 16 ..)
[    6.287948] random 0000 0000 0000 73b17df4 93bb370e: trying to extract 128 bits from input
[    6.287950] random 0000 0000 0000 73b17df4 93bb370e: debiting 0 entropy credits from input
[    6.287952] random 0000 0000 0000 73b17df4 93bb370e: extract_entropy account returned: 0 
[    6.287955] random 0000 0000 0000 73b17df4 93bb370e: urand_change_num 92 xfer_secondary_pool(16): pool_sig fffffbf1, data_sig 00000000, bytes_mixed 0 73b17df4 93bb370e
[    6.287958] random 0000 0000 0000 73b17df4 93bb370e: trying to extract 128 bits from nonblocking
[    6.287960] random 0000 0000 0000 73b17df4 93bb370e: debiting 128 entropy credits from nonblocking (unlimited)
[    6.287963] random 0000 0000 0000 73b17df4 93bb370e: extract_entropy account returned: 16 
[    6.287967] random 0000 0000 0000 73b17df4 93bb370e: urand_change_num 93 extract_buf: pool_sig fffffbf1, data_sig ffffff99, bytes_mixed 20 73b17df4 93bb370e
[    6.287972] random 0000 0000 0000 73b17df4 93bb370e: urand_change_num 94 extract_buf: pool_sig fffffe1d, data_sig 000000b0, bytes_mixed 20 73b17df4 93bb370e
[    6.288382] random 0000 0000 0000 0cd682bb ba04da9f: rand_read_num 27 get_random_bytes(16): sig fffffccb 0cd682bb ba04da9f
[    6.288384] random 0000 0000 0000 0cd682bb ba04da9f: extract_entropy(.. 16 ..)
[    6.288387] random 0000 0000 0000 0cd682bb ba04da9f: going to reseed nonblocking with 128 bits (128 of 0 requested)
[    6.288389] random 0000 0000 0000 0cd682bb ba04da9f: extract_entropy(.. 16 ..)
[    6.288391] random 0000 0000 0000 0cd682bb ba04da9f: trying to extract 128 bits from input
[    6.288394] random 0000 0000 0000 0cd682bb ba04da9f: debiting 0 entropy credits from input
[    6.288396] random 0000 0000 0000 0cd682bb ba04da9f: extract_entropy account returned: 0 
[    6.288399] random 0000 0000 0000 0cd682bb ba04da9f: urand_change_num 95 xfer_secondary_pool(16): pool_sig fffffccb, data_sig 00000000, bytes_mixed 0 0cd682bb ba04da9f
[    6.288402] random 0000 0000 0000 0cd682bb ba04da9f: trying to extract 128 bits from nonblocking
[    6.288404] random 0000 0000 0000 0cd682bb ba04da9f: debiting 128 entropy credits from nonblocking (unlimited)
[    6.288406] random 0000 0000 0000 0cd682bb ba04da9f: extract_entropy account returned: 16 
[    6.288410] random 0000 0000 0000 0cd682bb ba04da9f: urand_change_num 96 extract_buf: pool_sig fffffccb, data_sig fffffec5, bytes_mixed 20 0cd682bb ba04da9f
[    6.288416] random 0000 0000 0000 26929f1a 15254dc1: urand_change_num 97 extract_buf: pool_sig fffffed2, data_sig ffffffb1, bytes_mixed 20 26929f1a 15254dc1
[    6.289291] random 0000 0000 0000 26929f1a 15254dc1: rand_read_num 28 get_random_bytes(16): sig 00000038 26929f1a 15254dc1
[    6.289294] random 0000 0000 0000 26929f1a 15254dc1: extract_entropy(.. 16 ..)
[    6.289297] random 0000 0000 0000 26929f1a 15254dc1: going to reseed nonblocking with 128 bits (128 of 0 requested)
[    6.289299] random 0000 0000 0000 26929f1a 15254dc1: extract_entropy(.. 16 ..)
[    6.289301] random 0000 0000 0000 26929f1a 15254dc1: trying to extract 128 bits from input
[    6.289303] random 0000 0000 0000 26929f1a 15254dc1: debiting 0 entropy credits from input
[    6.289305] random 0000 0000 0000 26929f1a 15254dc1: extract_entropy account returned: 0 
[    6.289308] random 0000 0000 0000 26929f1a 15254dc1: urand_change_num 98 xfer_secondary_pool(16): pool_sig 00000038, data_sig 00000000, bytes_mixed 0 26929f1a 15254dc1
[    6.289311] random 0000 0000 0000 26929f1a 15254dc1: trying to extract 128 bits from nonblocking
[    6.289314] random 0000 0000 0000 26929f1a 15254dc1: debiting 128 entropy credits from nonblocking (unlimited)
[    6.289316] random 0000 0000 0000 26929f1a 15254dc1: extract_entropy account returned: 16 
[    6.289320] random 0000 0000 0000 26929f1a 15254dc1: urand_change_num 99 extract_buf: pool_sig 00000038, data_sig 000000fd, bytes_mixed 20 26929f1a 15254dc1
[    6.289325] random 0000 0000 0000 8116fe3b 478c2d5b: urand_change_num 100 extract_buf: pool_sig 00000059, data_sig 00000310, bytes_mixed 20 8116fe3b 478c2d5b
[    6.295963] random 0000 0000 0000 a20f4a3a 32a6b2fa: rand_read_num 29 get_random_bytes(16): sig 000002c0 a20f4a3a 32a6b2fa
[    6.295965] random 0000 0000 0000 a20f4a3a 32a6b2fa: extract_entropy(.. 16 ..)
[    6.295968] random 0000 0000 0000 a20f4a3a 32a6b2fa: going to reseed nonblocking with 128 bits (128 of 0 requested)
[    6.295970] random 0000 0000 0000 a20f4a3a 32a6b2fa: extract_entropy(.. 16 ..)
[    6.295972] random 0000 0000 0000 a20f4a3a 32a6b2fa: trying to extract 128 bits from input
[    6.295975] random 0000 0000 0000 a20f4a3a 32a6b2fa: debiting 0 entropy credits from input
[    6.295976] random 0000 0000 0000 a20f4a3a 32a6b2fa: extract_entropy account returned: 0 
[    6.295980] random 0000 0000 0000 a20f4a3a 32a6b2fa: urand_change_num 101 xfer_secondary_pool(16): pool_sig 000002c0, data_sig 00000000, bytes_mixed 0 a20f4a3a 32a6b2fa
[    6.295982] random 0000 0000 0000 a20f4a3a 32a6b2fa: trying to extract 128 bits from nonblocking
[    6.295985] random 0000 0000 0000 a20f4a3a 32a6b2fa: debiting 128 entropy credits from nonblocking (unlimited)
[    6.295987] random 0000 0000 0000 a20f4a3a 32a6b2fa: extract_entropy account returned: 16 
[    6.295991] random 0000 0000 0000 a20f4a3a 32a6b2fa: urand_change_num 102 extract_buf: pool_sig 000002c0, data_sig 000000fb, bytes_mixed 20 a20f4a3a 32a6b2fa
[    6.295996] random 0000 0000 0000 a20f4a3a 32a6b2fa: urand_change_num 103 extract_buf: pool_sig ffffffdd, data_sig 000000a5, bytes_mixed 20 a20f4a3a 32a6b2fa
[    6.308491] random 0000 0000 0000 de716d2a 6c4757e1: rand_read_num 30 get_random_bytes(16): sig 000000fa de716d2a 6c4757e1
[    6.308494] random 0000 0000 0000 de716d2a 6c4757e1: extract_entropy(.. 16 ..)
[    6.308497] random 0000 0000 0000 de716d2a 6c4757e1: going to reseed nonblocking with 128 bits (128 of 0 requested)
[    6.308499] random 0000 0000 0000 de716d2a 6c4757e1: extract_entropy(.. 16 ..)
[    6.308501] random 0000 0000 0000 de716d2a 6c4757e1: trying to extract 128 bits from input
[    6.308503] random 0000 0000 0000 de716d2a 6c4757e1: debiting 0 entropy credits from input
[    6.308505] random 0000 0000 0000 de716d2a 6c4757e1: extract_entropy account returned: 0 
[    6.308508] random 0000 0000 0000 de716d2a 6c4757e1: urand_change_num 104 xfer_secondary_pool(16): pool_sig 000000fa, data_sig 00000000, bytes_mixed 0 de716d2a 6c4757e1
[    6.308511] random 0000 0000 0000 de716d2a 6c4757e1: trying to extract 128 bits from nonblocking
[    6.308513] random 0000 0000 0000 de716d2a 6c4757e1: debiting 128 entropy credits from nonblocking (unlimited)
[    6.308515] random 0000 0000 0000 de716d2a 6c4757e1: extract_entropy account returned: 16 
[    6.308520] random 0000 0000 0000 de716d2a 6c4757e1: urand_change_num 105 extract_buf: pool_sig 000000fa, data_sig ffffff34, bytes_mixed 20 de716d2a 6c4757e1
[    6.308525] random 0000 0000 0000 de716d2a 6c4757e1: urand_change_num 106 extract_buf: pool_sig 000003d3, data_sig ffffff30, bytes_mixed 20 de716d2a 6c4757e1
[    6.309109] random 0000 0000 0000 a7c511e1 f90ea457: rand_read_num 31 get_random_bytes(16): sig 0000009a a7c511e1 f90ea457
[    6.309111] random 0000 0000 0000 a7c511e1 f90ea457: extract_entropy(.. 16 ..)
[    6.309114] random 0000 0000 0000 a7c511e1 f90ea457: going to reseed nonblocking with 128 bits (128 of 0 requested)
[    6.309116] random 0000 0000 0000 a7c511e1 f90ea457: extract_entropy(.. 16 ..)
[    6.309118] random 0000 0000 0000 a7c511e1 f90ea457: trying to extract 128 bits from input
[    6.309120] random 0000 0000 0000 a7c511e1 f90ea457: debiting 0 entropy credits from input
[    6.309122] random 0000 0000 0000 a7c511e1 f90ea457: extract_entropy account returned: 0 
[    6.309125] random 0000 0000 0000 a7c511e1 f90ea457: urand_change_num 107 xfer_secondary_pool(16): pool_sig 0000009a, data_sig 00000000, bytes_mixed 0 a7c511e1 f90ea457
[    6.309128] random 0000 0000 0000 a7c511e1 f90ea457: trying to extract 128 bits from nonblocking
[    6.309131] random 0000 0000 0000 a7c511e1 f90ea457: debiting 128 entropy credits from nonblocking (unlimited)
[    6.309133] random 0000 0000 0000 a7c511e1 f90ea457: extract_entropy account returned: 16 
[    6.309137] random 0000 0000 0000 a7c511e1 f90ea457: urand_change_num 108 extract_buf: pool_sig 0000009a, data_sig 000000e0, bytes_mixed 20 a7c511e1 f90ea457
[    6.309142] random 0000 0000 0000 7c18c7e6 d65ccb06: urand_change_num 109 extract_buf: pool_sig fffffa79, data_sig 000000e0, bytes_mixed 20 7c18c7e6 d65ccb06
[    6.309738] random 0000 0000 0000 7c18c7e6 d65ccb06: rand_read_num 32 get_random_bytes(16): sig fffffe1e 7c18c7e6 d65ccb06
[    6.309741] random 0000 0000 0000 7c18c7e6 d65ccb06: extract_entropy(.. 16 ..)
[    6.309743] random 0000 0000 0000 7c18c7e6 d65ccb06: going to reseed nonblocking with 128 bits (128 of 0 requested)
[    6.309746] random 0000 0000 0000 7c18c7e6 d65ccb06: extract_entropy(.. 16 ..)
[    6.309748] random 0000 0000 0000 7c18c7e6 d65ccb06: trying to extract 128 bits from input
[    6.309750] random 0000 0000 0000 7c18c7e6 d65ccb06: debiting 0 entropy credits from input
[    6.309752] random 0000 0000 0000 7c18c7e6 d65ccb06: extract_entropy account returned: 0 
[    6.309755] random 0000 0000 0000 7c18c7e6 d65ccb06: urand_change_num 110 xfer_secondary_pool(16): pool_sig fffffe1e, data_sig 00000000, bytes_mixed 0 7c18c7e6 d65ccb06
[    6.309758] random 0000 0000 0000 7c18c7e6 d65ccb06: trying to extract 128 bits from nonblocking
[    6.309760] random 0000 0000 0000 7c18c7e6 d65ccb06: debiting 128 entropy credits from nonblocking (unlimited)
[    6.309762] random 0000 0000 0000 7c18c7e6 d65ccb06: extract_entropy account returned: 16 
