[    0.000000] random 0000 0000 0000 00000000 00000000: rand_read_num 1 get_random_bytes(8): sig 00000000 00000000 00000000
[    0.000000] random 0000 0000 0000 00000000 00000000: extract_entropy(.. 8 ..)
[    0.000000] random 0000 0000 0000 00000000 00000000: going to reseed nonblocking with 64 bits (64 of 0 requested)
[    0.000000] random 0000 0000 0000 00000000 00000000: extract_entropy(.. 8 ..)
[    0.000000] random 0000 0000 0000 00000000 00000000: trying to extract 64 bits from input
[    0.000000] random 0000 0000 0000 00000000 00000000: debiting 0 entropy credits from input
[    0.000000] random 0000 0000 0000 00000000 00000000: extract_entropy account returned: 0 
[    0.000000] random 0000 0000 0000 00000000 00000000: urand_change_num 1 xfer_secondary_pool(8): pool_sig 00000000, data_sig 00000000, bytes_mixed 0 00000000 00000000
[    0.000000] random 0000 0000 0000 00000000 00000000: trying to extract 64 bits from nonblocking
[    0.000000] random 0000 0000 0000 00000000 00000000: debiting 64 entropy credits from nonblocking (unlimited)
[    0.000000] random 0000 0000 0000 00000000 00000000: extract_entropy account returned: 8 
[    0.000000] random 0000 0000 0000 00000000 00000000: urand_change_num 2 extract_buf: pool_sig 00000000, data_sig fffffff9, bytes_mixed 20 00000000 00000000
[    0.000000] Linux version 2.6.32.57 (dcashman@dcashman-02) (gcc version 4.3.3 (GCC) ) #3 Fri May 24 04:27:34 PDT 2013
[    0.000000] KERNEL supported cpus:
[    0.000000]   Intel GenuineIntel
[    0.000000]   AMD AuthenticAMD
[    0.000000]   NSC Geode by NSC
[    0.000000]   Cyrix CyrixInstead
[    0.000000]   Centaur CentaurHauls
[    0.000000]   Transmeta GenuineTMx86
[    0.000000]   Transmeta TransmetaCPU
[    0.000000]   UMC UMC UMC UMC
[    0.000000] BIOS-provided physical RAM map:
[    0.000000]  BIOS-e820: 0000000000000000 - 000000000009d800 (usable)
[    0.000000]  BIOS-e820: 000000000009d800 - 00000000000a0000 (reserved)
[    0.000000]  BIOS-e820: 00000000000d2000 - 00000000000d4000 (reserved)
[    0.000000]  BIOS-e820: 00000000000e0000 - 0000000000100000 (reserved)
[    0.000000]  BIOS-e820: 0000000000100000 - 000000003d6b0000 (usable)
[    0.000000]  BIOS-e820: 000000003d6b0000 - 000000003d6cc000 (ACPI data)
[    0.000000]  BIOS-e820: 000000003d6cc000 - 000000003d700000 (ACPI NVS)
[    0.000000]  BIOS-e820: 000000003d700000 - 000000003e000000 (reserved)
[    0.000000]  BIOS-e820: 00000000f0000000 - 00000000f4000000 (reserved)
[    0.000000]  BIOS-e820: 00000000fec00000 - 00000000fec10000 (reserved)
[    0.000000]  BIOS-e820: 00000000fed00000 - 00000000fed00400 (reserved)
[    0.000000]  BIOS-e820: 00000000fed14000 - 00000000fed1a000 (reserved)
[    0.000000]  BIOS-e820: 00000000fed1c000 - 00000000fed90000 (reserved)
[    0.000000]  BIOS-e820: 00000000fee00000 - 00000000fee01000 (reserved)
[    0.000000]  BIOS-e820: 00000000ff000000 - 0000000100000000 (reserved)
[    0.000000] DMI present.
[    0.000000] last_pfn = 0x3d6b0 max_arch_pfn = 0x100000
[    0.000000] MTRR default type: uncachable
[    0.000000] MTRR fixed ranges enabled:
[    0.000000]   00000-9FFFF write-back
[    0.000000]   A0000-BFFFF uncachable
[    0.000000]   C0000-CFFFF write-protect
[    0.000000]   D0000-DFFFF uncachable
[    0.000000]   E0000-FFFFF write-protect
[    0.000000] MTRR variable ranges enabled:
[    0.000000]   0 base 03E000000 mask FFE000000 uncachable
[    0.000000]   1 base 000000000 mask FC0000000 write-back
[    0.000000]   2 base 03D700000 mask FFFF00000 uncachable
[    0.000000]   3 base 03D800000 mask FFF800000 uncachable
[    0.000000]   4 disabled
[    0.000000]   5 disabled
[    0.000000]   6 disabled
[    0.000000]   7 disabled
[    0.000000] initial memory mapped : 0 - 02000000
[    0.000000] init_memory_mapping: 0000000000000000-00000000377fe000
[    0.000000]  0000000000 - 0000400000 page 4k
[    0.000000]  0000400000 - 0037400000 page 2M
[    0.000000]  0037400000 - 00377fe000 page 4k
[    0.000000] kernel direct mapping tables up to 377fe000 @ 7000-c000
[    0.000000] ACPI: RSDP 000f68d0 00024 (v02 LENOVO)
[    0.000000] ACPI: XSDT 3d6bb77f 00094 (v01 LENOVO TP-7L    00002170  LTP 00000000)
[    0.000000] ACPI: FACP 3d6bb900 000F4 (v03 LENOVO TP-7L    00002170 LNVO 00000001)
[    0.000000] ACPI Warning: 32/64X length mismatch in Gpe1Block: 0/32 (20090903/tbfadt-526)
[    0.000000] ACPI Warning: Optional field Gpe1Block has zero address or length: 000000000000102C/0 (20090903/tbfadt-557)
[    0.000000] ACPI: DSDT 3d6bbd1d 0FED1 (v01 LENOVO TP-7L    00002170 MSFT 03000000)
[    0.000000] ACPI: FACS 3d6e4000 00040
[    0.000000] ACPI: SSDT 3d6bbab4 00269 (v01 LENOVO TP-7L    00002170 MSFT 03000000)
[    0.000000] ACPI: ECDT 3d6cbbee 00052 (v01 LENOVO TP-7L    00002170 LNVO 00000001)
[    0.000000] ACPI: TCPA 3d6cbc40 00032 (v02 LENOVO TP-7L    00002170 LNVO 00000001)
[    0.000000] ACPI: APIC 3d6cbc72 00068 (v01 LENOVO TP-7L    00002170 LNVO 00000001)
[    0.000000] ACPI: MCFG 3d6cbcda 0003C (v01 LENOVO TP-7L    00002170 LNVO 00000001)
[    0.000000] ACPI: HPET 3d6cbd16 00038 (v01 LENOVO TP-7L    00002170 LNVO 00000001)
[    0.000000] ACPI: SLIC 3d6cbdf0 00176 (v01 LENOVO TP-7L    00002170  LTP 00000000)
[    0.000000] ACPI: BOOT 3d6cbf66 00028 (v01 LENOVO TP-7L    00002170  LTP 00000001)
[    0.000000] ACPI: ASF! 3d6cbf8e 00072 (v16 LENOVO TP-7L    00002170 PTL  00000001)
[    0.000000] ACPI: SSDT 3d6e26d9 0025F (v01 LENOVO TP-7L    00002170 INTL 20050513)
[    0.000000] ACPI: SSDT 3d6e2938 000A6 (v01 LENOVO TP-7L    00002170 INTL 20050513)
[    0.000000] ACPI: SSDT 3d6e29de 004F7 (v01 LENOVO TP-7L    00002170 INTL 20050513)
[    0.000000] ACPI: SSDT 3d6e2ed5 001D8 (v01 LENOVO TP-7L    00002170 INTL 20050513)
[    0.000000] ACPI: DMI detected: Lenovo ThinkPad R61
[    0.000000] ACPI: Added _OSI(Linux)
[    0.000000] ACPI: Local APIC address 0xfee00000
[    0.000000] 94MB HIGHMEM available.
[    0.000000] 887MB LOWMEM available.
[    0.000000]   mapped low ram: 0 - 377fe000
[    0.000000]   low ram: 0 - 377fe000
[    0.000000]   node 0 low ram: 00000000 - 377fe000
[    0.000000]   node 0 bootmap 00008000 - 0000ef00
[    0.000000] (6 early reservations) ==> bootmem [0000000000 - 00377fe000]
[    0.000000]   #0 [0000000000 - 0000001000]   BIOS data page ==> [0000000000 - 0000001000]
[    0.000000]   #1 [0001000000 - 0001bdc180]    TEXT DATA BSS ==> [0001000000 - 0001bdc180]
[    0.000000]   #2 [000009d800 - 0000100000]    BIOS reserved ==> [000009d800 - 0000100000]
[    0.000000]   #3 [0001bdd000 - 0001be516c]              BRK ==> [0001bdd000 - 0001be516c]
[    0.000000]   #4 [0000007000 - 0000008000]          PGTABLE ==> [0000007000 - 0000008000]
[    0.000000]   #5 [0000008000 - 000000f000]          BOOTMAP ==> [0000008000 - 000000f000]
[    0.000000] found SMP MP-table at [c00f6900] f6900
[    0.000000] Zone PFN ranges:
[    0.000000]   DMA      0x00000000 -> 0x00001000
[    0.000000]   Normal   0x00001000 -> 0x000377fe
[    0.000000]   HighMem  0x000377fe -> 0x0003d6b0
[    0.000000] Movable zone start PFN for each node
[    0.000000] early_node_map[2] active PFN ranges
[    0.000000]     0: 0x00000000 -> 0x0000009d
[    0.000000]     0: 0x00000100 -> 0x0003d6b0
[    0.000000] On node 0 totalpages: 251469
[    0.000000] free_area_init_node: node 0, pgdat c1901ea0, node_mem_map c1be7000
[    0.000000]   DMA zone: 32 pages used for memmap
[    0.000000]   DMA zone: 0 pages reserved
[    0.000000]   DMA zone: 3965 pages, LIFO batch:0
[    0.000000]   Normal zone: 1744 pages used for memmap
[    0.000000]   Normal zone: 221486 pages, LIFO batch:31
[    0.000000]   HighMem zone: 190 pages used for memmap
[    0.000000]   HighMem zone: 24052 pages, LIFO batch:3
[    0.000000] Using APIC driver default
[    0.000000] ACPI: PM-Timer IO Port: 0x1008
[    0.000000] ACPI: Local APIC address 0xfee00000
[    0.000000] ACPI: LAPIC (acpi_id[0x00] lapic_id[0x00] enabled)
[    0.000000] ACPI: LAPIC (acpi_id[0x01] lapic_id[0x01] enabled)
[    0.000000] ACPI: NR_CPUS/possible_cpus limit of 1 reached.  Processor 1/0x1 ignored.
[    0.000000] ACPI: LAPIC_NMI (acpi_id[0x00] high edge lint[0x1])
[    0.000000] ACPI: LAPIC_NMI (acpi_id[0x01] high edge lint[0x1])
[    0.000000] ACPI: IOAPIC (id[0x01] address[0xfec00000] gsi_base[0])
[    0.000000] IOAPIC[0]: apic_id 1, version 32, address 0xfec00000, GSI 0-23
[    0.000000] ACPI: INT_SRC_OVR (bus 0 bus_irq 0 global_irq 2 dfl dfl)
[    0.000000] ACPI: INT_SRC_OVR (bus 0 bus_irq 9 global_irq 9 high level)
[    0.000000] ACPI: IRQ0 used by override.
[    0.000000] ACPI: IRQ2 used by override.
[    0.000000] ACPI: IRQ9 used by override.
[    0.000000] Using ACPI (MADT) for SMP configuration information
[    0.000000] ACPI: HPET id: 0x8086a201 base: 0xfed00000
[    0.000000] nr_irqs_gsi: 24
[    0.000000] PM: Registered nosave memory: 000000000009d000 - 000000000009e000
[    0.000000] PM: Registered nosave memory: 000000000009e000 - 00000000000a0000
[    0.000000] PM: Registered nosave memory: 00000000000a0000 - 00000000000d2000
[    0.000000] PM: Registered nosave memory: 00000000000d2000 - 00000000000d4000
[    0.000000] PM: Registered nosave memory: 00000000000d4000 - 00000000000e0000
[    0.000000] PM: Registered nosave memory: 00000000000e0000 - 0000000000100000
[    0.000000] Allocating PCI resources starting at 3e000000 (gap: 3e000000:b2000000)
[    0.000000] Built 1 zonelists in Zone order, mobility grouping on.  Total pages: 249503
[    0.000000] Kernel command line: auto BOOT_IMAGE=Linux ro root=802 vt.default_utf8=0 maxcpus=0
[    0.000000] PID hash table entries: 4096 (order: 2, 16384 bytes)
[    0.000000] Dentry cache hash table entries: 131072 (order: 7, 524288 bytes)
[    0.000000] Inode-cache hash table entries: 65536 (order: 6, 262144 bytes)
[    0.000000] Enabling fast FPU save and restore... done.
[    0.000000] Enabling unmasked SIMD FPU exception support... done.
[    0.000000] Initializing CPU#0
[    0.000000] Initializing HighMem for node 0 (000377fe:0003d6b0)
[    0.000000] Memory: 984800k/1006272k available (6914k kernel code, 20876k reserved, 2328k data, 448k init, 96968k highmem)
[    0.000000] virtual kernel memory layout:
[    0.000000]     fixmap  : 0xfffa3000 - 0xfffff000   ( 368 kB)
[    0.000000]     pkmap   : 0xff800000 - 0xffc00000   (4096 kB)
[    0.000000]     vmalloc : 0xf7ffe000 - 0xff7fe000   ( 120 MB)
[    0.000000]     lowmem  : 0xc0000000 - 0xf77fe000   ( 887 MB)
[    0.000000]       .init : 0xc1907000 - 0xc1977000   ( 448 kB)
[    0.000000]       .data : 0xc16c0b5f - 0xc1906c64   (2328 kB)
[    0.000000]       .text : 0xc1000000 - 0xc16c0b5f   (6914 kB)
[    0.000000] Checking if this processor honours the WP bit even in supervisor mode...Ok.
[    0.000000] SLUB: Genslabs=13, HWalign=64, Order=0-3, MinObjects=0, CPUs=1, Nodes=1
[    0.000000] Hierarchical RCU implementation.
[    0.000000] NR_IRQS:288
[    0.000000] Extended CMOS year: 2000
[    0.000000] Console: colour VGA+ 80x25
[    0.000000] console [tty0] enabled
[    0.000000] hpet clockevent registered
[    0.000000] Fast TSC calibration using PIT
[    0.000000] Detected 2094.765 MHz processor.
[    0.002001] Calibrating delay loop (skipped), value calculated using timer frequency.. 4189.53 BogoMIPS (lpj=2094765)
[    0.002174] Security Framework initialized
[    0.002257] Mount-cache hash table entries: 512
[    0.002396] CPU: L1 I cache: 32K, L1 D cache: 32K
[    0.002523] CPU: L2 cache: 3072K
[    0.002603] mce: CPU supports 6 MCE banks
[    0.002688] CPU0: Thermal monitoring enabled (TM2)
[    0.002770] using mwait in idle threads.
[    0.002854] CPU: Intel(R) Core(TM)2 Duo CPU     T8100  @ 2.10GHz stepping 06
[    0.003083] Checking 'hlt' instruction... OK.
[    0.007941] ACPI: Core revision 20090903
[    0.027017] CANARY value: 50645cba for PID: 1
[    0.027047] Enabling APIC mode:  Flat.  Using 1 I/O APICs
[    0.027504] ..TIMER: vector=0x30 apic1=0 pin1=2 apic2=-1 pin2=-1
[    0.037997] xor: automatically using best checksumming function: pIII_sse
[    0.041998]    pIII_sse  :  8568.000 MB/sec
[    0.042080] xor: using function: pIII_sse (8568.000 MB/sec)
[    0.042161] RANDOM - __seed init called.
[    0.042162] RANDOM - __seed init called.
[    0.042162] RANDOM - __seed init called.
[    0.042164] RANDOM - __random32 called. Change num 1.  Value: f7943846	49e73df3	af36cd0d
[    0.042166] RANDOM - __random32 called. Change num 2.  Value: 43846e13	9e73df37	9a1ad014
[    0.042168] RANDOM - __random32 called. Change num 3.  Value: 46e139c8	e73df373	a029598a
[    0.042169] RANDOM - __random32 called. Change num 4.  Value: 139c8c3b	73df373d	b3142c72
[    0.042171] RANDOM - __random32 called. Change num 5.  Value: c8c3b043	3df373de	58e576a9
[    0.042173] RANDOM - __random32 called. Change num 6.  Value: 3b0437d9	df373de5	ed53f9d8
[    0.042174] RANDOM - random32 init called.  Value: 3b0437d9	df373de5	ed53f9d8
[    0.042191] NET: Registered protocol family 16
[    0.042443] ACPI FADT declares the system doesn't support PCIe ASPM, so disable it
[    0.042555] ACPI: bus type pci registered
[    0.042713] PCI: MCFG configuration 0: base f0000000 segment 0 buses 0 - 63
[    0.042804] PCI: MCFG area at f0000000 reserved in E820
[    0.042898] PCI: Using MMCONFIG for extended config space
[    0.042978] PCI: Using configuration type 1 for base access
[    0.046091] bio: create slab <bio-0> at 0
[    0.046898] ACPI: EC: EC description table is found, configuring boot EC
[    0.052036] ACPI: BIOS _OSI(Linux) query honored via DMI
[    0.052760] random 0000 0000 0000 00000000 00000000: rand_read_num 2 get_random_bytes(8): sig fffffe1a 00000000 00000000
[    0.052763] random 0000 0000 0000 00000000 00000000: extract_entropy(.. 8 ..)
[    0.052766] random 0000 0000 0000 00000000 00000000: going to reseed nonblocking with 64 bits (64 of 0 requested)
[    0.052768] random 0000 0000 0000 00000000 00000000: extract_entropy(.. 8 ..)
[    0.052770] random 0000 0000 0000 00000000 00000000: trying to extract 64 bits from input
[    0.052772] random 0000 0000 0000 00000000 00000000: debiting 0 entropy credits from input
[    0.052774] random 0000 0000 0000 00000000 00000000: extract_entropy account returned: 0 
[    0.052777] random 0000 0000 0000 00000000 00000000: urand_change_num 3 xfer_secondary_pool(8): pool_sig fffffe1a, data_sig 00000000, bytes_mixed 0 00000000 00000000
[    0.052780] random 0000 0000 0000 00000000 00000000: trying to extract 64 bits from nonblocking
[    0.052782] random 0000 0000 0000 00000000 00000000: debiting 64 entropy credits from nonblocking (unlimited)
[    0.052784] random 0000 0000 0000 00000000 00000000: extract_entropy account returned: 8 
[    0.052788] random 0000 0000 0000 00000000 00000000: urand_change_num 4 extract_buf: pool_sig fffffe1a, data_sig fffffed7, bytes_mixed 20 00000000 00000000
[    0.057635] ACPI: Interpreter enabled
[    0.057727] ACPI: (supports S0 S3 S4 S5)
[    0.057998] ACPI: Using IOAPIC for interrupt routing
[    0.067829] ACPI: EC: GPE = 0x12, I/O: command/status = 0x66, data = 0x62
[    0.068081] ACPI: Power Resource [PUBS] (on)
[    0.070170] ACPI: ACPI Dock Station Driver: 3 docks/bays found
[    0.070566] ACPI: PCI Root Bridge [PCI0] (0000:00)
[    0.070734] pci 0000:00:02.0: reg 10 64bit mmio: [0xf8100000-0xf81fffff]
[    0.070740] pci 0000:00:02.0: reg 18 64bit mmio pref: [0xe0000000-0xefffffff]
[    0.070743] pci 0000:00:02.0: reg 20 io port: [0x1800-0x1807]
[    0.070778] pci 0000:00:02.1: reg 10 64bit mmio: [0xf8200000-0xf82fffff]
[    0.070879] pci 0000:00:19.0: reg 10 32bit mmio: [0xfe000000-0xfe01ffff]
[    0.070888] pci 0000:00:19.0: reg 14 32bit mmio: [0xfe025000-0xfe025fff]
[    0.070898] pci 0000:00:19.0: reg 18 io port: [0x1840-0x185f]
[    0.070972] pci 0000:00:19.0: PME# supported from D0 D3hot D3cold
[    0.071005] pci 0000:00:19.0: PME# disabled
[    0.071164] pci 0000:00:1a.0: reg 20 io port: [0x1860-0x187f]
[    0.071253] pci 0000:00:1a.1: reg 20 io port: [0x1880-0x189f]
[    0.071352] pci 0000:00:1a.7: reg 10 32bit mmio: [0xfe226c00-0xfe226fff]
[    0.071438] pci 0000:00:1a.7: PME# supported from D0 D3hot D3cold
[    0.071523] pci 0000:00:1a.7: PME# disabled
[    0.071652] pci 0000:00:1b.0: reg 10 64bit mmio: [0xfe020000-0xfe023fff]
[    0.071737] pci 0000:00:1b.0: PME# supported from D0 D3hot D3cold
[    0.071823] pci 0000:00:1b.0: PME# disabled
[    0.072093] pci 0000:00:1c.0: PME# supported from D0 D3hot D3cold
[    0.072177] pci 0000:00:1c.0: PME# disabled
[    0.072382] pci 0000:00:1c.1: PME# supported from D0 D3hot D3cold
[    0.072477] pci 0000:00:1c.1: PME# disabled
[    0.072677] pci 0000:00:1c.2: PME# supported from D0 D3hot D3cold
[    0.072761] pci 0000:00:1c.2: PME# disabled
[    0.072958] pci 0000:00:1c.3: PME# supported from D0 D3hot D3cold
[    0.072999] pci 0000:00:1c.3: PME# disabled
[    0.073846] pci 0000:00:1c.4: PME# supported from D0 D3hot D3cold
[    0.073936] pci 0000:00:1c.4: PME# disabled
[    0.074069] pci 0000:00:1d.0: reg 20 io port: [0x18a0-0x18bf]
[    0.074149] pci 0000:00:1d.1: reg 20 io port: [0x18c0-0x18df]
[    0.074235] pci 0000:00:1d.2: reg 20 io port: [0x18e0-0x18ff]
[    0.074339] pci 0000:00:1d.7: reg 10 32bit mmio: [0xfe227000-0xfe2273ff]
[    0.074439] pci 0000:00:1d.7: PME# supported from D0 D3hot D3cold
[    0.074523] pci 0000:00:1d.7: PME# disabled
[    0.074794] pci 0000:00:1f.0: quirk: region 1000-107f claimed by ICH6 ACPI/GPIO/TCO
[    0.074994] pci 0000:00:1f.0: quirk: region 1180-11bf claimed by ICH6 GPIO
[    0.075081] pci 0000:00:1f.0: ICH7 LPC Generic IO decode 1 PIO at 1600 (mask 007f)
[    0.075197] pci 0000:00:1f.0: ICH7 LPC Generic IO decode 2 PIO at 15e0 (mask 000f)
[    0.075313] pci 0000:00:1f.0: ICH7 LPC Generic IO decode 3 PIO at 1680 (mask 001f)
[    0.075508] pci 0000:00:1f.1: reg 10 io port: [0x00-0x07]
[    0.075519] pci 0000:00:1f.1: reg 14 io port: [0x00-0x03]
[    0.075528] pci 0000:00:1f.1: reg 18 io port: [0x00-0x07]
[    0.075537] pci 0000:00:1f.1: reg 1c io port: [0x00-0x03]
[    0.075546] pci 0000:00:1f.1: reg 20 io port: [0x1c00-0x1c0f]
[    0.075629] pci 0000:00:1f.2: reg 10 io port: [0x1c50-0x1c57]
[    0.075638] pci 0000:00:1f.2: reg 14 io port: [0x1c44-0x1c47]
[    0.075647] pci 0000:00:1f.2: reg 18 io port: [0x1c48-0x1c4f]
[    0.075656] pci 0000:00:1f.2: reg 1c io port: [0x1c40-0x1c43]
[    0.075663] pci 0000:00:1f.2: reg 20 io port: [0x1c20-0x1c3f]
[    0.075671] pci 0000:00:1f.2: reg 24 32bit mmio: [0xfe226000-0xfe2267ff]
[    0.075731] pci 0000:00:1f.2: PME# supported from D3hot
[    0.075812] pci 0000:00:1f.2: PME# disabled
[    0.075929] pci 0000:00:1f.3: reg 10 32bit mmio: [0xfe227400-0xfe2274ff]
[    0.075954] pci 0000:00:1f.3: reg 20 io port: [0x1c60-0x1c7f]
[    0.076046] pci 0000:00:1c.0: bridge io port: [0x2000-0x2fff]
[    0.076051] pci 0000:00:1c.0: bridge 32bit mmio: [0xfc000000-0xfdffffff]
[    0.076058] pci 0000:00:1c.0: bridge 64bit mmio pref: [0xf8000000-0xf80fffff]
[    0.076132] pci 0000:03:00.0: reg 10 64bit mmio: [0xdf3f0000-0xdf3fffff]
[    0.076327] pci 0000:00:1c.1: bridge io port: [0x3000-0x3fff]
[    0.076333] pci 0000:00:1c.1: bridge 32bit mmio: [0xdc000000-0xdf3fffff]
[    0.076342] pci 0000:00:1c.1: bridge 64bit mmio pref: [0xdfe00000-0xdfefffff]
[    0.076397] pci 0000:00:1c.2: bridge io port: [0x4000-0x4fff]
[    0.076403] pci 0000:00:1c.2: bridge 32bit mmio: [0xd8000000-0xd9ffffff]
[    0.076412] pci 0000:00:1c.2: bridge 64bit mmio pref: [0xdfb00000-0xdfbfffff]
[    0.076466] pci 0000:00:1c.3: bridge io port: [0x5000-0x5fff]
[    0.076475] pci 0000:00:1c.3: bridge 32bit mmio: [0xd4000000-0xd5ffffff]
[    0.076482] pci 0000:00:1c.3: bridge 64bit mmio pref: [0xdf800000-0xdf8fffff]
[    0.076538] pci 0000:00:1c.4: bridge io port: [0x6000-0x6fff]
[    0.076544] pci 0000:00:1c.4: bridge 32bit mmio: [0xd0000000-0xd1ffffff]
[    0.076552] pci 0000:00:1c.4: bridge 64bit mmio pref: [0xdf500000-0xdf5fffff]
[    0.076611] pci 0000:15:00.0: reg 10 32bit mmio: [0xf8300000-0xf8300fff]
[    0.076661] pci 0000:15:00.0: supports D1 D2
[    0.076663] pci 0000:15:00.0: PME# supported from D0 D1 D2 D3hot D3cold
[    0.076757] pci 0000:15:00.0: PME# disabled
[    0.076896] pci 0000:15:00.1: reg 10 32bit mmio: [0xf8301000-0xf83017ff]
[    0.077002] pci 0000:15:00.1: supports D1 D2
[    0.077003] pci 0000:15:00.1: PME# supported from D0 D1 D2 D3hot D3cold
[    0.077087] pci 0000:15:00.1: PME# disabled
[    0.077260] pci 0000:00:1e.0: transparent bridge
[    0.077342] pci 0000:00:1e.0: bridge io port: [0x7000-0xafff]
[    0.077348] pci 0000:00:1e.0: bridge 32bit mmio: [0xf8300000-0xfbffffff]
[    0.077357] pci 0000:00:1e.0: bridge 64bit mmio pref: [0xf4000000-0xf7ffffff]
[    0.077426] pci_bus 0000:00: on NUMA node 0
[    0.077430] ACPI: PCI Interrupt Routing Table [\_SB_.PCI0._PRT]
[    0.077563] ACPI: PCI Interrupt Routing Table [\_SB_.PCI0.EXP0._PRT]
[    0.077622] ACPI: PCI Interrupt Routing Table [\_SB_.PCI0.EXP1._PRT]
[    0.077679] ACPI: PCI Interrupt Routing Table [\_SB_.PCI0.EXP2._PRT]
[    0.077737] ACPI: PCI Interrupt Routing Table [\_SB_.PCI0.EXP3._PRT]
[    0.077799] ACPI: PCI Interrupt Routing Table [\_SB_.PCI0.EXP4._PRT]
[    0.077861] ACPI: PCI Interrupt Routing Table [\_SB_.PCI0.PCI1._PRT]
[    0.083319] ACPI: PCI Interrupt Link [LNKA] (IRQs 3 4 5 6 7 9 *10 11)
[    0.084072] ACPI: PCI Interrupt Link [LNKB] (IRQs 3 4 5 6 7 9 10 *11)
[    0.084792] ACPI: PCI Interrupt Link [LNKC] (IRQs 3 4 5 6 7 9 10 *11)
[    0.085479] ACPI: PCI Interrupt Link [LNKD] (IRQs 3 4 5 6 7 9 10 *11)
[    0.086158] ACPI: PCI Interrupt Link [LNKE] (IRQs 3 4 5 6 7 9 10 *11)
[    0.086896] ACPI: PCI Interrupt Link [LNKF] (IRQs 3 4 5 6 7 9 10 *11)
[    0.087659] ACPI: PCI Interrupt Link [LNKG] (IRQs 3 4 5 6 7 9 10 *11)
[    0.088384] ACPI: PCI Interrupt Link [LNKH] (IRQs 3 4 5 6 7 9 10 *11)
[    0.089102] vgaarb: device added: PCI:0000:00:02.0,decodes=io+mem,owns=io+mem,locks=none
[    0.089228] vgaarb: loaded
[    0.089407] SCSI subsystem initialized
[    0.089502] libata version 3.00 loaded.
[    0.089549] usbcore: registered new interface driver usbfs
[    0.089663] usbcore: registered new interface driver hub
[    0.089773] usbcore: registered new device driver usb
[    0.106036] raid6: int32x1    941 MB/s
[    0.122991] raid6: int32x2    886 MB/s
[    0.140068] raid6: int32x4    750 MB/s
[    0.157074] raid6: int32x8    660 MB/s
[    0.173988] raid6: mmxx1     2878 MB/s
[    0.190982] raid6: mmxx2     3269 MB/s
[    0.207986] raid6: sse1x1    1937 MB/s
[    0.224999] raid6: sse1x2    2535 MB/s
[    0.241981] raid6: sse2x1    3511 MB/s
[    0.258976] raid6: sse2x2    3828 MB/s
[    0.259054] raid6: using algorithm sse2x2 (3828 MB/s)
[    0.259137] PCI: Using ACPI for IRQ routing
[    0.259440] HPET: 3 timers in total, 0 timers will be used for per-cpu timer
[    0.259997] Switching to clocksource tsc
[    0.260095] pnp: PnP ACPI init
[    0.260175] ACPI: bus type pnp registered
[    0.263824] pnp: PnP ACPI: found 11 devices
[    0.263917] ACPI: ACPI bus type pnp unregistered
[    0.264008] system 00:00: iomem range 0x0-0x9ffff could not be reserved
[    0.264103] system 00:00: iomem range 0xc0000-0xc3fff could not be reserved
[    0.264185] system 00:00: iomem range 0xc4000-0xc7fff could not be reserved
[    0.264278] system 00:00: iomem range 0xc8000-0xcbfff has been reserved
[    0.264365] system 00:00: iomem range 0xcc000-0xcffff has been reserved
[    0.264447] system 00:00: iomem range 0xd0000-0xd3fff could not be reserved
[    0.264535] system 00:00: iomem range 0xe0000-0xe3fff could not be reserved
[    0.264619] system 00:00: iomem range 0xe4000-0xe7fff could not be reserved
[    0.264703] system 00:00: iomem range 0xe8000-0xebfff could not be reserved
[    0.264795] system 00:00: iomem range 0xec000-0xeffff could not be reserved
[    0.264883] system 00:00: iomem range 0xf0000-0xfffff could not be reserved
[    0.264969] system 00:00: iomem range 0x100000-0x3dffffff could not be reserved
[    0.265082] system 00:00: iomem range 0xfec00000-0xfed3ffff could not be reserved
[    0.265195] system 00:00: iomem range 0xfed4c000-0xffffffff could not be reserved
[    0.265314] system 00:02: ioport range 0x164e-0x164f has been reserved
[    0.265396] system 00:02: ioport range 0x1000-0x107f has been reserved
[    0.265478] system 00:02: ioport range 0x1180-0x11bf has been reserved
[    0.265570] system 00:02: ioport range 0x800-0x80f has been reserved
[    0.265649] system 00:02: ioport range 0x15e0-0x15ef has been reserved
[    0.265732] system 00:02: ioport range 0x1600-0x165f could not be reserved
[    0.265817] system 00:02: iomem range 0xf0000000-0xf3ffffff has been reserved
[    0.265908] system 00:02: iomem range 0xfed1c000-0xfed1ffff has been reserved
[    0.265991] system 00:02: iomem range 0xfed14000-0xfed17fff has been reserved
[    0.266085] system 00:02: iomem range 0xfed18000-0xfed18fff has been reserved
[    0.266177] system 00:02: iomem range 0xfed19000-0xfed19fff has been reserved
[    0.266262] system 00:02: iomem range 0xfed45000-0xfed4bfff has been reserved
[    0.301300] pci 0000:00:1c.0: PCI bridge, secondary bus 0000:02
[    0.301390] pci 0000:00:1c.0:   IO window: 0x2000-0x2fff
[    0.301473] pci 0000:00:1c.0:   MEM window: 0xfc000000-0xfdffffff
[    0.301564] pci 0000:00:1c.0:   PREFETCH window: 0x000000f8000000-0x000000f80fffff
[    0.301687] pci 0000:00:1c.1: PCI bridge, secondary bus 0000:03
[    0.301772] pci 0000:00:1c.1:   IO window: 0x3000-0x3fff
[    0.301869] pci 0000:00:1c.1:   MEM window: 0xdc000000-0xdf3fffff
[    0.301956] pci 0000:00:1c.1:   PREFETCH window: 0x000000dfe00000-0x000000dfefffff
[    0.302073] pci 0000:00:1c.2: PCI bridge, secondary bus 0000:04
[    0.302161] pci 0000:00:1c.2:   IO window: 0x4000-0x4fff
[    0.302252] pci 0000:00:1c.2:   MEM window: 0xd8000000-0xd9ffffff
[    0.302342] pci 0000:00:1c.2:   PREFETCH window: 0x000000dfb00000-0x000000dfbfffff
[    0.302461] pci 0000:00:1c.3: PCI bridge, secondary bus 0000:05
[    0.302544] pci 0000:00:1c.3:   IO window: 0x5000-0x5fff
[    0.302633] pci 0000:00:1c.3:   MEM window: 0xd4000000-0xd5ffffff
[    0.302724] pci 0000:00:1c.3:   PREFETCH window: 0x000000df800000-0x000000df8fffff
[    0.302846] pci 0000:00:1c.4: PCI bridge, secondary bus 0000:0d
[    0.302931] pci 0000:00:1c.4:   IO window: 0x6000-0x6fff
[    0.303015] pci 0000:00:1c.4:   MEM window: 0xd0000000-0xd1ffffff
[    0.303100] pci 0000:00:1c.4:   PREFETCH window: 0x000000df500000-0x000000df5fffff
[    0.303225] pci 0000:15:00.0: CardBus bridge, secondary bus 0000:16
[    0.303308] pci 0000:15:00.0:   IO window: 0x007000-0x0070ff
[    0.303392] pci 0000:15:00.0:   IO window: 0x007400-0x0074ff
[    0.303478] pci 0000:15:00.0:   PREFETCH window: 0xf4000000-0xf7ffffff
[    0.303564] pci 0000:15:00.0:   MEM window: 0x40000000-0x43ffffff
[    0.303660] pci 0000:00:1e.0: PCI bridge, secondary bus 0000:15
[    0.303747] pci 0000:00:1e.0:   IO window: 0x7000-0xafff
[    0.303831] pci 0000:00:1e.0:   MEM window: 0xf8300000-0xfbffffff
[    0.303920] pci 0000:00:1e.0:   PREFETCH window: 0x000000f4000000-0x000000f7ffffff
[    0.304053] pci 0000:00:1c.0: PCI INT A -> GSI 20 (level, low) -> IRQ 20
[    0.304148] pci 0000:00:1c.0: setting latency timer to 64
[    0.304158] pci 0000:00:1c.1: PCI INT B -> GSI 21 (level, low) -> IRQ 21
[    0.304247] pci 0000:00:1c.1: setting latency timer to 64
[    0.304256] pci 0000:00:1c.2: PCI INT C -> GSI 22 (level, low) -> IRQ 22
[    0.304341] pci 0000:00:1c.2: setting latency timer to 64
[    0.304352] pci 0000:00:1c.3: PCI INT D -> GSI 23 (level, low) -> IRQ 23
[    0.304446] pci 0000:00:1c.3: setting latency timer to 64
[    0.304454] pci 0000:00:1c.4: PCI INT A -> GSI 20 (level, low) -> IRQ 20
[    0.304538] pci 0000:00:1c.4: setting latency timer to 64
[    0.304545] pci 0000:00:1e.0: enabling device (0005 -> 0007)
[    0.304635] pci 0000:00:1e.0: setting latency timer to 64
[    0.304648] pci 0000:15:00.0: PCI INT A -> GSI 16 (level, low) -> IRQ 16
[    0.304746] pci 0000:15:00.0: setting latency timer to 64
[    0.304753] pci_bus 0000:00: resource 0 io:  [0x00-0xffff]
[    0.304755] pci_bus 0000:00: resource 1 mem: [0x000000-0xffffffff]
[    0.304756] pci_bus 0000:02: resource 0 io:  [0x2000-0x2fff]
[    0.304758] pci_bus 0000:02: resource 1 mem: [0xfc000000-0xfdffffff]
[    0.304760] pci_bus 0000:02: resource 2 pref mem [0xf8000000-0xf80fffff]
[    0.304762] pci_bus 0000:03: resource 0 io:  [0x3000-0x3fff]
[    0.304764] pci_bus 0000:03: resource 1 mem: [0xdc000000-0xdf3fffff]
[    0.304765] pci_bus 0000:03: resource 2 pref mem [0xdfe00000-0xdfefffff]
[    0.304767] pci_bus 0000:04: resource 0 io:  [0x4000-0x4fff]
[    0.304769] pci_bus 0000:04: resource 1 mem: [0xd8000000-0xd9ffffff]
[    0.304771] pci_bus 0000:04: resource 2 pref mem [0xdfb00000-0xdfbfffff]
[    0.304773] pci_bus 0000:05: resource 0 io:  [0x5000-0x5fff]
[    0.304775] pci_bus 0000:05: resource 1 mem: [0xd4000000-0xd5ffffff]
[    0.304776] pci_bus 0000:05: resource 2 pref mem [0xdf800000-0xdf8fffff]
[    0.304778] pci_bus 0000:0d: resource 0 io:  [0x6000-0x6fff]
[    0.304780] pci_bus 0000:0d: resource 1 mem: [0xd0000000-0xd1ffffff]
[    0.304782] pci_bus 0000:0d: resource 2 pref mem [0xdf500000-0xdf5fffff]
[    0.304783] pci_bus 0000:15: resource 0 io:  [0x7000-0xafff]
[    0.304785] pci_bus 0000:15: resource 1 mem: [0xf8300000-0xfbffffff]
[    0.304787] pci_bus 0000:15: resource 2 pref mem [0xf4000000-0xf7ffffff]
[    0.304789] pci_bus 0000:15: resource 3 io:  [0x00-0xffff]
[    0.304790] pci_bus 0000:15: resource 4 mem: [0x000000-0xffffffff]
[    0.304792] pci_bus 0000:16: resource 0 io:  [0x7000-0x70ff]
[    0.304794] pci_bus 0000:16: resource 1 io:  [0x7400-0x74ff]
[    0.304796] pci_bus 0000:16: resource 2 pref mem [0xf4000000-0xf7ffffff]
[    0.304797] pci_bus 0000:16: resource 3 mem: [0x40000000-0x43ffffff]
[    0.304805] NET: Registered protocol family 2
[    0.304896] RANDOM - __random32 called. Change num 7.  Value: 437d97bf	f373de51	f3b0f986
[    0.304897] RANDOM - random32 called.  Value: 437d97bf	f373de51	f3b0f986
[    0.304902] random 0000 0000 0000 5f8db4e5 4cfdf2a8: rand_read_num 3 get_random_bytes(4): sig fffffb64 5f8db4e5 4cfdf2a8
[    0.304904] random 0000 0000 0000 5f8db4e5 4cfdf2a8: extract_entropy(.. 4 ..)
[    0.304907] random 0000 0000 0000 5f8db4e5 4cfdf2a8: going to reseed nonblocking with 64 bits (32 of 0 requested)
[    0.304909] random 0000 0000 0000 5f8db4e5 4cfdf2a8: extract_entropy(.. 8 ..)
[    0.304911] random 0000 0000 0000 5f8db4e5 4cfdf2a8: trying to extract 64 bits from input
[    0.304913] random 0000 0000 0000 5f8db4e5 4cfdf2a8: debiting 0 entropy credits from input
[    0.304914] random 0000 0000 0000 5f8db4e5 4cfdf2a8: extract_entropy account returned: 0 
[    0.304918] random 0000 0000 0000 5f8db4e5 4cfdf2a8: urand_change_num 5 xfer_secondary_pool(4): pool_sig fffffb64, data_sig 00000000, bytes_mixed 0 5f8db4e5 4cfdf2a8
[    0.304920] random 0000 0000 0000 5f8db4e5 4cfdf2a8: trying to extract 32 bits from nonblocking
[    0.304923] random 0000 0000 0000 5f8db4e5 4cfdf2a8: debiting 32 entropy credits from nonblocking (unlimited)
[    0.304925] random 0000 0000 0000 5f8db4e5 4cfdf2a8: extract_entropy account returned: 4 
[    0.304929] random 0000 0000 0000 5f8db4e5 4cfdf2a8: urand_change_num 6 extract_buf: pool_sig fffffb64, data_sig 00000241, bytes_mixed 20 5f8db4e5 4cfdf2a8
[    0.304938] IP route cache hash table entries: 32768 (order: 5, 131072 bytes)
[    0.305069] RANDOM - __random32 called. Change num 8.  Value: d97bfe31	373de51f	f30dc6e6
[    0.305070] RANDOM - random32 called.  Value: d97bfe31	373de51f	f30dc6e6
[    0.305081] RANDOM - __random32 called. Change num 9.  Value: bfe314d7	73de51f5	8dcd6c7e
[    0.305083] RANDOM - random32 called.  Value: bfe314d7	73de51f5	8dcd6c7e
[    0.305084] RANDOM - __random32 called. Change num 10.  Value: 314d7baf	3de51f5e	d8fc74c1
[    0.305086] RANDOM - random32 called.  Value: 314d7baf	3de51f5e	d8fc74c1
[    0.305096] RANDOM - __random32 called. Change num 11.  Value: d7baf3c7	de51f5e5	e983e3fa
[    0.305098] RANDOM - random32 called.  Value: d7baf3c7	de51f5e5	e983e3fa
[    0.305108] TCP established hash table entries: 131072 (order: 8, 1048576 bytes)
[    0.305595] TCP bind hash table entries: 65536 (order: 6, 262144 bytes)
[    0.305780] TCP: Hash tables configured (established 131072 bind 65536)
[    0.305866] TCP reno registered
[    0.305961] NET: Registered protocol family 1
[    0.306065] RPC: Registered udp transport module.
[    0.306144] RPC: Registered tcp transport module.
[    0.306225] RPC: Registered tcp NFSv4.1 backchannel transport module.
[    0.306311] pci 0000:00:02.0: Boot video device
[    0.306524] Simple Boot Flag at 0x35 set to 0x1
[    0.307081] highmem bounce pool size: 64 pages
[    0.308565] VFS: Disk quotas dquot_6.5.2
[    0.308683] Dquot-cache hash table entries: 1024 (order 0, 4096 bytes)
[    0.309425] NTFS driver 2.1.29 [Flags: R/W].
[    0.309576] ROMFS MTD (C) 2007 Red Hat, Inc.
[    0.309778] JFS: nTxBlock = 7695, nTxLock = 61562
[    0.312213] SGI XFS with ACLs, security attributes, large block/inode numbers, no debug enabled
[    0.312691] SGI XFS Quota Management subsystem
[    0.313029] Slow work thread pool: Starting up
[    0.313119] Slow work thread pool: Ready
[    0.313213] GFS2 (built May 24 2013 02:47:17) installed
[    0.313297] msgmni has been set to 1734
[    0.313451] alg: No test for cipher_null (cipher_null-generic)
[    0.313549] alg: No test for ecb(cipher_null) (ecb-cipher_null)
[    0.313647] alg: No test for digest_null (digest_null-generic)
[    0.313740] alg: No test for compress_null (compress_null-generic)
[    0.314289] alg: No test for fcrypt (fcrypt-generic)
[    0.315704] alg: No test for stdrng (krng)
[    0.315785] async_tx: api initialized (async)
[    0.315941] Block layer SCSI generic (bsg) driver version 0.4 loaded (major 254)
[    0.316054] io scheduler noop registered
[    0.316135] io scheduler anticipatory registered
[    0.316214] io scheduler deadline registered
[    0.316341] io scheduler cfq registered (default)
[    0.316581] pcieport 0000:00:1c.0: irq 24 for MSI/MSI-X
[    0.316596] pcieport 0000:00:1c.0: setting latency timer to 64
[    0.316777] pcieport 0000:00:1c.1: irq 25 for MSI/MSI-X
[    0.316786] pcieport 0000:00:1c.1: setting latency timer to 64
[    0.316982] pcieport 0000:00:1c.2: irq 26 for MSI/MSI-X
[    0.316993] pcieport 0000:00:1c.2: setting latency timer to 64
[    0.317176] pcieport 0000:00:1c.3: irq 27 for MSI/MSI-X
[    0.317188] pcieport 0000:00:1c.3: setting latency timer to 64
[    0.317372] pcieport 0000:00:1c.4: irq 28 for MSI/MSI-X
[    0.317382] pcieport 0000:00:1c.4: setting latency timer to 64
[    0.317531] pci_hotplug: PCI Hot Plug PCI Core version: 0.5
[    0.317720] isapnp: Scanning for PnP cards...
[    0.678258] isapnp: No Plug & Play device found
[    0.678342] random 0000 0000 0000 5f8db4e5 4cfdf2a8: initializing
[    0.697859] Serial: 8250/16550 driver, 4 ports, IRQ sharing enabled
[    3.708630] floppy0: no floppy controllers found
[    3.709564] brd: module loaded
[    3.710057] loop: module loaded
[    3.710139] Compaq SMART2 Driver (v 2.6.0)
[    3.710251] HP CISS Driver (v 3.6.20)
[    3.710482] input: Macintosh mouse button emulation as /devices/virtual/input/input0
[    3.710600] Uniform Multi-Platform E-IDE driver
[    3.710835] piix 0000:00:1f.1: IDE controller (0x8086:0x2850 rev 0x03)
[    3.710934] pci 0000:00:1f.1: PCI INT C -> GSI 16 (level, low) -> IRQ 16
[    3.711027] piix 0000:00:1f.1: IDE port disabled
[    3.711121] piix 0000:00:1f.1: not 100% native mode: will probe irqs later
[    3.711214]     ide0: BM-DMA at 0x1c00-0x1c07
[    3.711300] Probing IDE interface ide0...
[    4.382803] hda: HL-DT-ST DVDRAM GSA-U10N, ATAPI CD/DVD-ROM drive
[    4.689593] hda: host max PIO4 wanted PIO255(auto-tune) selected PIO4
[    4.690363] hda: UDMA/33 mode selected
[    4.690831] ide0 at 0x1f0-0x1f7,0x3f6 on irq 14
[    4.694703] ide-gd driver 1.18
[    4.694804] ide-cd driver 5.00
[    4.696178] ide-cd: hda: ATAPI 24X DVD-ROM DVD-R/RAM CD-R/RW drive, 2048kB Cache
[    4.696581] Uniform CD-ROM driver Revision: 3.20
[    4.703752] Loading iSCSI transport class v2.0-870.
[    4.704026] rdac: device handler registered
[    4.704107] hp_sw: device handler registered
[    4.704187] emc: device handler registered
[    4.704272] alua: device handler registered
[    4.705259] Adaptec aacraid driver 1.1-5[2461]-ms
[    4.705678] scsi: <fdomain> Detection failed (no card)
[    4.705773] sym53c416.c: Version 1.0.0-ac
[    4.705882] qlogicfas: no cards were found, please specify I/O address and IRQ using iobase= and irq= options
[    4.705996] QLogic Fibre Channel HBA Driver: 8.03.01-k6
[    4.706213] iscsi: registered transport (qla4xxx)
[    4.706318] QLogic iSCSI HBA Driver
[    4.706401] Emulex LightPulse Fibre Channel SCSI driver 8.3.4
[    4.706485] Copyright(c) 2004-2009 Emulex.  All rights reserved.
[    4.728578] Failed initialization of WD-7000 SCSI card!
[    4.818019] DC390: clustering now enabled by default. If you get problems load
[    4.818131]        with "disable_clustering=1" and report to maintainers
[    4.818256] megaraid cmm: 2.20.2.7 (Release Date: Sun Jul 16 00:01:03 EST 2006)
[    4.818400] megaraid: 2.20.5.1 (Release Date: Thu Nov 16 15:32:35 EST 2006)
[    4.818502] megasas: 00.00.04.01 Thu July 24 11:41:51 PST 2008
[    4.818636] GDT-HA: Storage RAID Controller Driver. Version: 3.05
[    4.818773] 3ware Storage Controller device driver for Linux v1.26.02.002.
[    4.818880] 3ware 9000 Storage Controller device driver for Linux v2.26.02.012.
[    4.819029] nsp32: loading...
[    4.819134] ipr: IBM Power RAID SCSI Device Driver version: 2.4.3 (June 10, 2009)
[    4.819277] RocketRAID 3xxx/4xxx Controller driver v1.6 (090910)
[    4.819389] stex: Promise SuperTrak EX Driver version: 4.6.0000.3
[    4.819512] st: Version 20081215, fixed bufsize 32768, s/g segs 256
[    4.819707] ahci 0000:00:1f.2: version 3.0
[    4.819719] ahci 0000:00:1f.2: PCI INT B -> GSI 16 (level, low) -> IRQ 16
[    4.819859] ahci 0000:00:1f.2: irq 29 for MSI/MSI-X
[    4.819922] ahci 0000:00:1f.2: AHCI 0001.0100 32 slots 3 ports 1.5 Gbps 0x5 impl SATA mode
[    4.820036] ahci 0000:00:1f.2: flags: 64bit ncq sntf pm led clo pio slum part ccc 
[    4.820160] ahci 0000:00:1f.2: setting latency timer to 64
[    4.820305] scsi2 : ahci
[    4.820457] scsi3 : ahci
[    4.820603] scsi4 : ahci
[    4.820769] ata1: SATA max UDMA/133 abar m2048@0xfe226000 port 0xfe226100 irq 29
[    4.820879] ata2: DUMMY
[    4.820957] ata3: SATA max UDMA/133 abar m2048@0xfe226000 port 0xfe226200 irq 29
[    4.821562] I2O subsystem v1.325
[    4.821640] i2o: max drivers = 8
[    4.821777] I2O Configuration OSM v1.323
[    4.821877] I2O Bus Adapter OSM v1.317
[    4.821971] I2O Block Device OSM v1.325
[    4.822110] I2O SCSI Peripheral OSM v1.316
[    4.822209] I2O ProcFS OSM v1.316
[    4.822311] Fusion MPT base driver 3.04.12
[    4.822393] Copyright (c) 1999-2008 LSI Corporation
[    4.822474] Fusion MPT SPI Host driver 3.04.12
[    4.822635] Fusion MPT FC Host driver 3.04.12
[    4.822744] Fusion MPT SAS Host driver 3.04.12
[    4.822887] ohci1394 0000:15:00.1: PCI INT B -> GSI 17 (level, low) -> IRQ 17
[    4.822984] ohci1394 0000:15:00.1: setting latency timer to 64
[    4.876588] ohci1394: fw-host0: OHCI-1394 1.1 (PCI): IRQ=[17]  MMIO=[f8301000-f83017ff]  Max Packet=[2048]  IR/IT contexts=[4/4]
[    4.879841] ehci_hcd: USB 2.0 'Enhanced' Host Controller (EHCI) Driver
[    4.880101] ehci_hcd 0000:00:1a.7: power state changed by ACPI to D0
[    4.880330] ehci_hcd 0000:00:1a.7: power state changed by ACPI to D0
[    4.880426] ehci_hcd 0000:00:1a.7: PCI INT C -> GSI 22 (level, low) -> IRQ 22
[    4.880519] ehci_hcd 0000:00:1a.7: setting latency timer to 64
[    4.880524] ehci_hcd 0000:00:1a.7: EHCI Host Controller
[    4.880655] ehci_hcd 0000:00:1a.7: new USB bus registered, assigned bus number 1
[    4.884707] ehci_hcd 0000:00:1a.7: cache line size of 32 is not supported
[    4.884714] ehci_hcd 0000:00:1a.7: irq 22, io mem 0xfe226c00
[    4.894550] ehci_hcd 0000:00:1a.7: USB 2.0 started, EHCI 1.00
[    4.894644] usb usb1: New USB device found, idVendor=1d6b, idProduct=0002
[    4.894729] usb usb1: New USB device strings: Mfr=3, Product=2, SerialNumber=1
[    4.894848] usb usb1: Product: EHCI Host Controller
[    4.894930] usb usb1: Manufacturer: Linux 2.6.32.57 ehci_hcd
[    4.895016] usb usb1: SerialNumber: 0000:00:1a.7
[    4.895149] usb usb1: configuration #1 chosen from 1 choice
[    4.895262] hub 1-0:1.0: USB hub found
[    4.895364] hub 1-0:1.0: 4 ports detected
[    4.895671] ehci_hcd 0000:00:1d.7: power state changed by ACPI to D0
[    4.895941] ehci_hcd 0000:00:1d.7: power state changed by ACPI to D0
[    4.896042] ehci_hcd 0000:00:1d.7: PCI INT D -> GSI 19 (level, low) -> IRQ 19
[    4.896140] ehci_hcd 0000:00:1d.7: setting latency timer to 64
[    4.896145] ehci_hcd 0000:00:1d.7: EHCI Host Controller
[    4.896268] ehci_hcd 0000:00:1d.7: new USB bus registered, assigned bus number 2
[    4.896412] ehci_hcd 0000:00:1d.7: debug port 1
[    4.900392] ehci_hcd 0000:00:1d.7: cache line size of 32 is not supported
[    4.900399] ehci_hcd 0000:00:1d.7: irq 19, io mem 0xfe227000
[    4.910549] ehci_hcd 0000:00:1d.7: USB 2.0 started, EHCI 1.00
[    4.910649] usb usb2: New USB device found, idVendor=1d6b, idProduct=0002
[    4.910735] usb usb2: New USB device strings: Mfr=3, Product=2, SerialNumber=1
[    4.910852] usb usb2: Product: EHCI Host Controller
[    4.910943] usb usb2: Manufacturer: Linux 2.6.32.57 ehci_hcd
[    4.911025] usb usb2: SerialNumber: 0000:00:1d.7
[    4.911171] usb usb2: configuration #1 chosen from 1 choice
[    4.911288] hub 2-0:1.0: USB hub found
[    4.911373] hub 2-0:1.0: 6 ports detected
[    4.911541] 116x: driver isp116x-hcd, 03 Nov 2005
[    4.911641] ohci_hcd: USB 1.1 'Open' Host Controller (OHCI) Driver
[    4.911745] uhci_hcd: USB Universal Host Controller Interface driver
[    4.911844] uhci_hcd 0000:00:1a.0: PCI INT A -> GSI 20 (level, low) -> IRQ 20
[    4.911935] uhci_hcd 0000:00:1a.0: setting latency timer to 64
[    4.911938] uhci_hcd 0000:00:1a.0: UHCI Host Controller
[    4.912062] uhci_hcd 0000:00:1a.0: new USB bus registered, assigned bus number 3
[    4.912209] uhci_hcd 0000:00:1a.0: irq 20, io base 0x00001860
[    4.912322] usb usb3: New USB device found, idVendor=1d6b, idProduct=0001
[    4.912409] usb usb3: New USB device strings: Mfr=3, Product=2, SerialNumber=1
[    4.912520] usb usb3: Product: UHCI Host Controller
[    4.912617] usb usb3: Manufacturer: Linux 2.6.32.57 uhci_hcd
[    4.912703] usb usb3: SerialNumber: 0000:00:1a.0
[    4.912834] usb usb3: configuration #1 chosen from 1 choice
[    4.912952] hub 3-0:1.0: USB hub found
[    4.913039] hub 3-0:1.0: 2 ports detected
[    4.913343] uhci_hcd 0000:00:1a.1: power state changed by ACPI to D0
[    4.913582] uhci_hcd 0000:00:1a.1: power state changed by ACPI to D0
[    4.913669] uhci_hcd 0000:00:1a.1: PCI INT B -> GSI 21 (level, low) -> IRQ 21
[    4.913762] uhci_hcd 0000:00:1a.1: setting latency timer to 64
[    4.913767] uhci_hcd 0000:00:1a.1: UHCI Host Controller
[    4.913897] uhci_hcd 0000:00:1a.1: new USB bus registered, assigned bus number 4
[    4.914051] uhci_hcd 0000:00:1a.1: irq 21, io base 0x00001880
[    4.914161] usb usb4: New USB device found, idVendor=1d6b, idProduct=0001
[    4.914244] usb usb4: New USB device strings: Mfr=3, Product=2, SerialNumber=1
[    4.914361] usb usb4: Product: UHCI Host Controller
[    4.914445] usb usb4: Manufacturer: Linux 2.6.32.57 uhci_hcd
[    4.914525] usb usb4: SerialNumber: 0000:00:1a.1
[    4.914660] usb usb4: configuration #1 chosen from 1 choice
[    4.914775] hub 4-0:1.0: USB hub found
[    4.914855] hub 4-0:1.0: 2 ports detected
[    4.915139] uhci_hcd 0000:00:1d.0: power state changed by ACPI to D0
[    4.915379] uhci_hcd 0000:00:1d.0: power state changed by ACPI to D0
[    4.915475] uhci_hcd 0000:00:1d.0: PCI INT A -> GSI 16 (level, low) -> IRQ 16
[    4.915574] uhci_hcd 0000:00:1d.0: setting latency timer to 64
[    4.915579] uhci_hcd 0000:00:1d.0: UHCI Host Controller
[    4.915706] uhci_hcd 0000:00:1d.0: new USB bus registered, assigned bus number 5
[    4.915849] uhci_hcd 0000:00:1d.0: irq 16, io base 0x000018a0
[    4.915957] usb usb5: New USB device found, idVendor=1d6b, idProduct=0001
[    4.916042] usb usb5: New USB device strings: Mfr=3, Product=2, SerialNumber=1
[    4.916156] usb usb5: Product: UHCI Host Controller
[    4.916237] usb usb5: Manufacturer: Linux 2.6.32.57 uhci_hcd
[    4.916331] usb usb5: SerialNumber: 0000:00:1d.0
[    4.916458] usb usb5: configuration #1 chosen from 1 choice
[    4.916575] hub 5-0:1.0: USB hub found
[    4.916659] hub 5-0:1.0: 2 ports detected
[    4.916793] uhci_hcd 0000:00:1d.1: PCI INT B -> GSI 17 (level, low) -> IRQ 17
[    4.916897] uhci_hcd 0000:00:1d.1: setting latency timer to 64
[    4.916902] uhci_hcd 0000:00:1d.1: UHCI Host Controller
[    4.917028] uhci_hcd 0000:00:1d.1: new USB bus registered, assigned bus number 6
[    4.917172] uhci_hcd 0000:00:1d.1: irq 17, io base 0x000018c0
[    4.917275] usb usb6: New USB device found, idVendor=1d6b, idProduct=0001
[    4.917357] usb usb6: New USB device strings: Mfr=3, Product=2, SerialNumber=1
[    4.917471] usb usb6: Product: UHCI Host Controller
[    4.917556] usb usb6: Manufacturer: Linux 2.6.32.57 uhci_hcd
[    4.917644] usb usb6: SerialNumber: 0000:00:1d.1
[    4.917786] usb usb6: configuration #1 chosen from 1 choice
[    4.917900] hub 6-0:1.0: USB hub found
[    4.917983] hub 6-0:1.0: 2 ports detected
[    4.918268] uhci_hcd 0000:00:1d.2: power state changed by ACPI to D0
[    4.918520] uhci_hcd 0000:00:1d.2: power state changed by ACPI to D0
[    4.918615] uhci_hcd 0000:00:1d.2: PCI INT C -> GSI 18 (level, low) -> IRQ 18
[    4.918702] uhci_hcd 0000:00:1d.2: setting latency timer to 64
[    4.918707] uhci_hcd 0000:00:1d.2: UHCI Host Controller
[    4.918836] uhci_hcd 0000:00:1d.2: new USB bus registered, assigned bus number 7
[    4.918984] uhci_hcd 0000:00:1d.2: irq 18, io base 0x000018e0
[    4.919095] usb usb7: New USB device found, idVendor=1d6b, idProduct=0001
[    4.919180] usb usb7: New USB device strings: Mfr=3, Product=2, SerialNumber=1
[    4.919292] usb usb7: Product: UHCI Host Controller
[    4.919381] usb usb7: Manufacturer: Linux 2.6.32.57 uhci_hcd
[    4.919461] usb usb7: SerialNumber: 0000:00:1d.2
[    4.920250] usb usb7: configuration #1 chosen from 1 choice
[    4.920363] hub 7-0:1.0: USB hub found
[    4.920444] hub 7-0:1.0: 2 ports detected
[    4.920598] sl811: driver sl811-hcd, 19 May 2005
[    4.920693] r8a66597_hcd: driver r8a66597_hcd, 2009-05-26
[    4.920854] Initializing USB Mass Storage driver...
[    4.920973] usbcore: registered new interface driver usb-storage
[    4.921058] USB Mass Storage support registered.
[    4.921155] usbcore: registered new interface driver ums-alauda
[    4.921252] usbcore: registered new interface driver ums-cypress
[    4.921356] usbcore: registered new interface driver ums-datafab
[    4.921465] usbcore: registered new interface driver ums-freecom
[    4.921579] usbcore: registered new interface driver ums-isd200
[    4.921684] usbcore: registered new interface driver ums-jumpshot
[    4.921785] usbcore: registered new interface driver ums-karma
[    4.921884] usbcore: registered new interface driver ums-onetouch
[    4.921993] usbcore: registered new interface driver ums-sddr09
[    4.922099] usbcore: registered new interface driver ums-sddr55
[    4.922199] usbcore: registered new interface driver ums-usbat
[    4.922339] PNP: PS/2 Controller [PNP0303:KBD,PNP0f13:MOU] at 0x60,0x64 irq 1,12
[    4.932013] serio: i8042 KBD port at 0x60,0x64 irq 1
[    4.932101] serio: i8042 AUX port at 0x60,0x64 irq 12
[    4.932337] mice: PS/2 mouse device common for all mice
[    4.932443] i2c /dev entries driver
[    4.932578] md: linear personality registered for level -1
[    4.932661] md: raid0 personality registered for level 0
[    4.932747] md: raid1 personality registered for level 1
[    4.932828] md: raid10 personality registered for level 10
[    4.932908] md: raid6 personality registered for level 6
[    4.932992] md: raid5 personality registered for level 5
[    4.933073] md: raid4 personality registered for level 4
[    4.933153] md: multipath personality registered for level -4
[    4.933340] device-mapper: ioctl: 4.15.0-ioctl (2009-04-01) initialised: dm-devel@redhat.com
[    4.933530] cpuidle: using governor ladder
[    4.934122] usbcore: registered new interface driver usbhid
[    4.934206] usbhid: v2.6:USB HID core driver
[    4.934354] random 0000 0000 0000 00000000 00000000: rand_read_num 4 get_random_bytes(136): sig 00000000 00000000 00000000
[    4.934357] random 0000 0000 0000 00000000 00000000: extract_entropy(.. 136 ..)
[    4.934360] random 0000 0000 0000 00000000 00000000: going to reseed nonblocking with 1024 bits (1088 of 0 requested)
[    4.934362] random 0000 0000 0000 00000000 00000000: extract_entropy(.. 128 ..)
[    4.934364] random 0000 0000 0000 00000000 00000000: trying to extract 1024 bits from input
[    4.934366] random 0000 0000 0000 00000000 00000000: debiting 0 entropy credits from input
[    4.934368] random 0000 0000 0000 00000000 00000000: extract_entropy account returned: 0 
[    4.934371] random 0000 0000 0000 00000000 00000000: urand_change_num 7 xfer_secondary_pool(136): pool_sig 00000000, data_sig 00000000, bytes_mixed 0 00000000 00000000
[    4.934374] random 0000 0000 0000 00000000 00000000: trying to extract 1088 bits from nonblocking
[    4.934377] random 0000 0000 0000 00000000 00000000: debiting 1088 entropy credits from nonblocking (unlimited)
[    4.934379] random 0000 0000 0000 00000000 00000000: extract_entropy account returned: 136 
[    4.934383] random 0000 0000 0000 00000000 00000000: urand_change_num 8 extract_buf: pool_sig 00000000, data_sig fffffff9, bytes_mixed 20 00000000 00000000
[    4.934388] random 0000 0000 0000 b7c35b56 be4dc95d: urand_change_num 9 extract_buf: pool_sig fffffd1e, data_sig 000000c5, bytes_mixed 20 b7c35b56 be4dc95d
[    4.934394] random 0000 0000 0000 ed9f5c47 c48487fb: urand_change_num 10 extract_buf: pool_sig fffff8ec, data_sig ffffff68, bytes_mixed 20 ed9f5c47 c48487fb
[    4.934399] random 0000 0000 0000 ed9f5c47 c48487fb: urand_change_num 11 extract_buf: pool_sig fffffaed, data_sig 000001aa, bytes_mixed 20 ed9f5c47 c48487fb
[    4.934404] random 0000 0000 0000 1b4f7c0a 91bd6a48: urand_change_num 12 extract_buf: pool_sig fffffdd8, data_sig 00000064, bytes_mixed 20 1b4f7c0a 91bd6a48
[    4.934409] random 0000 0000 0000 a254b9bc 20e9a24f: urand_change_num 13 extract_buf: pool_sig fffffbe6, data_sig 000001dd, bytes_mixed 20 a254b9bc 20e9a24f
[    4.934414] random 0000 0000 0000 a254b9bc 20e9a24f: urand_change_num 14 extract_buf: pool_sig fffff940, data_sig fffffe20, bytes_mixed 20 a254b9bc 20e9a24f
[    4.934419] random 0000 0000 0000 2831a66b 5fa2a3ad: urand_change_num 15 extract_buf: pool_sig fffffbce, data_sig 0000007e, bytes_mixed 20 2831a66b 5fa2a3ad
[    4.934425] random 0000 0000 0000 2831a66b 5fa2a3ad: urand_change_num 16 extract_buf: pool_sig 000004df, data_sig fffffe8f, bytes_mixed 20 2831a66b 5fa2a3ad
[    4.934430] random 0000 0000 0000 d4512bfd c9a54e0b: urand_change_num 17 extract_buf: pool_sig 00000485, data_sig fffffe68, bytes_mixed 20 d4512bfd c9a54e0b
[    4.934435] random 0000 0000 0000 c7371be6 f9ffea11: urand_change_num 18 extract_buf: pool_sig 00000095, data_sig ffffffed, bytes_mixed 20 c7371be6 f9ffea11
[    4.934440] random 0000 0000 0000 c7371be6 f9ffea11: urand_change_num 19 extract_buf: pool_sig 000003a7, data_sig fffffefa, bytes_mixed 20 c7371be6 f9ffea11
[    4.934445] random 0000 0000 0000 8fb4b62c d1ddba54: urand_change_num 20 extract_buf: pool_sig 00000179, data_sig ffffff78, bytes_mixed 20 8fb4b62c d1ddba54
[    4.934450] random 0000 0000 0000 9ff19f9c c07a1d2a: urand_change_num 21 extract_buf: pool_sig fffffe88, data_sig 00000126, bytes_mixed 20 9ff19f9c c07a1d2a
[    4.934454] TCP cubic registered
[    4.934536] Initializing XFRM netlink socket
[    4.934631] NET: Registered protocol family 17
[    4.934721] Using IPI Shortcut mode
[    4.934806] random 0000 0000 0000 9ff19f9c c07a1d2a: rand_read_num 5 get_random_bytes(8): sig 0000031b 9ff19f9c c07a1d2a
[    4.934808] random 0000 0000 0000 9ff19f9c c07a1d2a: extract_entropy(.. 8 ..)
[    4.934811] random 0000 0000 0000 9ff19f9c c07a1d2a: going to reseed nonblocking with 64 bits (64 of 0 requested)
[    4.934813] random 0000 0000 0000 9ff19f9c c07a1d2a: extract_entropy(.. 8 ..)
[    4.934815] random 0000 0000 0000 9ff19f9c c07a1d2a: trying to extract 64 bits from input
[    4.934817] random 0000 0000 0000 9ff19f9c c07a1d2a: debiting 0 entropy credits from input
[    4.934819] random 0000 0000 0000 9ff19f9c c07a1d2a: extract_entropy account returned: 0 
[    4.934822] random 0000 0000 0000 9ff19f9c c07a1d2a: urand_change_num 22 xfer_secondary_pool(8): pool_sig 0000031b, data_sig 00000000, bytes_mixed 0 9ff19f9c c07a1d2a
[    4.934824] random 0000 0000 0000 9ff19f9c c07a1d2a: trying to extract 64 bits from nonblocking
[    4.934827] random 0000 0000 0000 9ff19f9c c07a1d2a: debiting 64 entropy credits from nonblocking (unlimited)
[    4.934829] random 0000 0000 0000 9ff19f9c c07a1d2a: extract_entropy account returned: 8 
[    4.934833] random 0000 0000 0000 9ff19f9c c07a1d2a: urand_change_num 23 extract_buf: pool_sig 0000031b, data_sig ffffffb3, bytes_mixed 20 9ff19f9c c07a1d2a
[    4.937582] input: AT Translated Set 2 keyboard as /devices/platform/i8042/serio0/input/input1
[    5.127550] ata3: SATA link down (SStatus 0 SControl 300)
[    5.127656] ata1: SATA link up 1.5 Gbps (SStatus 113 SControl 300)
[    5.129303] ata1.00: ACPI cmd ef/02:00:00:00:00:a0 (SET FEATURES) succeeded
[    5.129306] ata1.00: ACPI cmd f5/00:00:00:00:00:a0 (SECURITY FREEZE LOCK) filtered out
[    5.130694] ata1.00: ACPI cmd ef/5f:00:00:00:00:a0 (SET FEATURES) succeeded
[    5.130696] ata1.00: ACPI cmd ef/10:03:00:00:00:a0 (SET FEATURES) filtered out
[    5.132606] ata1.00: ATA-7: ST910021AS, 4.06, max UDMA/100
[    5.132694] ata1.00: 195371568 sectors, multi 16: LBA48 
[    5.134847] ata1.00: ACPI cmd ef/02:00:00:00:00:a0 (SET FEATURES) succeeded
[    5.134850] ata1.00: ACPI cmd f5/00:00:00:00:00:a0 (SECURITY FREEZE LOCK) filtered out
[    5.136239] ata1.00: ACPI cmd ef/5f:00:00:00:00:a0 (SET FEATURES) succeeded
[    5.136241] ata1.00: ACPI cmd ef/10:03:00:00:00:a0 (SET FEATURES) filtered out
[    5.138169] ata1.00: configured for UDMA/100
[    5.148597] scsi 2:0:0:0: Direct-Access     ATA      ST910021AS       4.06 PQ: 0 ANSI: 5
[    5.148884] sd 2:0:0:0: [sda] 195371568 512-byte logical blocks: (100 GB/93.1 GiB)
[    5.149019] sd 2:0:0:0: [sda] Write Protect is off
[    5.149106] sd 2:0:0:0: [sda] Mode Sense: 00 3a 00 00
[    5.149118] sd 2:0:0:0: [sda] Write cache: enabled, read cache: enabled, doesn't support DPO or FUA
[    5.149299]  sda:
[    5.214530] usb 2-1: new high speed USB device using ehci_hcd and address 2
[    5.364161] usb 2-1: New USB device found, idVendor=0e8d, idProduct=1806
[    5.364248] usb 2-1: New USB device strings: Mfr=1, Product=2, SerialNumber=3
[    5.364337] usb 2-1: Product: MT1806 
[    5.364416] usb 2-1: Manufacturer: MediaTek Inc
[    5.364499] usb 2-1: SerialNumber: R8KN6GAC800AEB 
[    5.364640] usb 2-1: configuration #1 chosen from 1 choice
[    5.370955] scsi5 : SCSI emulation for USB Mass Storage devices
[    5.371119] usb-storage: device found at 2
[    5.371120] usb-storage: waiting for device to settle before scanning
[    5.573011]  sda1 sda2
[    5.573733] sd 2:0:0:0: [sda] Attached SCSI disk
[    5.573816] random 0000 0000 0000 277f73c3 42024bb9: rand_read_num 6 get_random_bytes(12): sig 000007e9 277f73c3 42024bb9
[    5.573819] random 0000 0000 0000 277f73c3 42024bb9: extract_entropy(.. 12 ..)
[    5.573821] random 0000 0000 0000 277f73c3 42024bb9: going to reseed nonblocking with 96 bits (96 of 0 requested)
[    5.573823] random 0000 0000 0000 277f73c3 42024bb9: extract_entropy(.. 12 ..)
[    5.573825] random 0000 0000 0000 277f73c3 42024bb9: trying to extract 96 bits from input
[    5.573827] random 0000 0000 0000 277f73c3 42024bb9: debiting 0 entropy credits from input
[    5.573829] random 0000 0000 0000 277f73c3 42024bb9: extract_entropy account returned: 0 
[    5.573832] random 0000 0000 0000 277f73c3 42024bb9: urand_change_num 24 xfer_secondary_pool(12): pool_sig 000007e9, data_sig 00000000, bytes_mixed 0 277f73c3 42024bb9
[    5.573835] random 0000 0000 0000 277f73c3 42024bb9: trying to extract 96 bits from nonblocking
[    5.573837] random 0000 0000 0000 277f73c3 42024bb9: debiting 96 entropy credits from nonblocking (unlimited)
[    5.573840] random 0000 0000 0000 277f73c3 42024bb9: extract_entropy account returned: 12 
[    5.573844] random 0000 0000 0000 277f73c3 42024bb9: urand_change_num 25 extract_buf: pool_sig 000007e9, data_sig 00000088, bytes_mixed 20 277f73c3 42024bb9
[    5.573849] random 0000 0000 0000 277f73c3 42024bb9: urand_change_num 26 extract_buf: pool_sig 00000498, data_sig fffffefb, bytes_mixed 20 277f73c3 42024bb9
[    5.573852] RANDOM - __seed init called.
[    5.573853] RANDOM - __seed init called.
[    5.573854] RANDOM - __seed init called.
[    5.573856] RANDOM - __random32 called. Change num 12.  Value: 87f14767	f0d7351	b1e48bd3
[    5.573857] RANDOM - random32_reseed called.  Value: 87f14767	f0d7351	b1e48bd3
[    5.573860] Pid: 1, comm: swapper Not tainted 2.6.32.57 #3
[    5.573940] Call Trace:
[    5.574030]  [<c1923ca4>] ? random32_reseed+0xa0/0xb1
[    5.574118]  [<c1923c04>] ? random32_reseed+0x0/0xb1
[    5.574199]  [<c100111e>] ? do_one_initcall+0x2e/0x180
[    5.574286]  [<c1907265>] ? kernel_init+0xad/0x103
[    5.574376]  [<c19071b8>] ? kernel_init+0x0/0x103
[    5.574458]  [<c1003787>] ? kernel_thread_helper+0x7/0x10
[    5.574989] random 0000 0000 0000 386b4e60 ee4d4880: rand_read_num 7 get_random_bytes(64): sig fffffea5 386b4e60 ee4d4880
[    5.574991] random 0000 0000 0000 386b4e60 ee4d4880: extract_entropy(.. 64 ..)
[    5.574993] random 0000 0000 0000 386b4e60 ee4d4880: going to reseed nonblocking with 512 bits (512 of 0 requested)
[    5.574995] random 0000 0000 0000 386b4e60 ee4d4880: extract_entropy(.. 64 ..)
[    5.574997] random 0000 0000 0000 386b4e60 ee4d4880: trying to extract 512 bits from input
[    5.575000] random 0000 0000 0000 386b4e60 ee4d4880: debiting 0 entropy credits from input
[    5.575001] random 0000 0000 0000 386b4e60 ee4d4880: extract_entropy account returned: 0 
[    5.575005] random 0000 0000 0000 386b4e60 ee4d4880: urand_change_num 27 xfer_secondary_pool(64): pool_sig fffffea5, data_sig 00000000, bytes_mixed 0 386b4e60 ee4d4880
[    5.575008] random 0000 0000 0000 386b4e60 ee4d4880: trying to extract 512 bits from nonblocking
[    5.575010] random 0000 0000 0000 386b4e60 ee4d4880: debiting 512 entropy credits from nonblocking (unlimited)
[    5.575012] random 0000 0000 0000 386b4e60 ee4d4880: extract_entropy account returned: 64 
[    5.575016] random 0000 0000 0000 386b4e60 ee4d4880: urand_change_num 28 extract_buf: pool_sig fffffea5, data_sig 00000173, bytes_mixed 20 386b4e60 ee4d4880
[    5.575021] random 0000 0000 0000 412698f6 0cc8689a: urand_change_num 29 extract_buf: pool_sig 00000122, data_sig ffffff63, bytes_mixed 20 412698f6 0cc8689a
[    5.575027] random 0000 0000 0000 412698f6 0cc8689a: urand_change_num 30 extract_buf: pool_sig 000001f7, data_sig 00000012, bytes_mixed 20 412698f6 0cc8689a
[    5.575032] random 0000 0000 0000 9669941e 06f768b1: urand_change_num 31 extract_buf: pool_sig fffffb5b, data_sig 0000003f, bytes_mixed 20 9669941e 06f768b1
[    5.575037] random 0000 0000 0000 98486520 995551f0: urand_change_num 32 extract_buf: pool_sig fffffb39, data_sig 0000000e, bytes_mixed 20 98486520 995551f0
[    5.575042] random 0000 0000 0000 98486520 995551f0: urand_change_num 33 extract_buf: pool_sig fffffd8d, data_sig 000001a6, bytes_mixed 20 98486520 995551f0
[    5.575047] random 0000 0000 0000 61fc8914 d5882ed2: urand_change_num 34 extract_buf: pool_sig fffffa58, data_sig 0000023e, bytes_mixed 20 61fc8914 d5882ed2
[    5.575076] random 0000 0000 0000 61fc8914 d5882ed2: rand_read_num 8 get_random_bytes(64): sig fffff9ee 61fc8914 d5882ed2
[    5.575079] random 0000 0000 0000 61fc8914 d5882ed2: extract_entropy(.. 64 ..)
[    5.575081] random 0000 0000 0000 61fc8914 d5882ed2: going to reseed nonblocking with 512 bits (512 of 0 requested)
[    5.575083] random 0000 0000 0000 61fc8914 d5882ed2: extract_entropy(.. 64 ..)
[    5.575085] random 0000 0000 0000 61fc8914 d5882ed2: trying to extract 512 bits from input
[    5.575087] random 0000 0000 0000 61fc8914 d5882ed2: debiting 0 entropy credits from input
[    5.575089] random 0000 0000 0000 61fc8914 d5882ed2: extract_entropy account returned: 0 
[    5.575092] random 0000 0000 0000 61fc8914 d5882ed2: urand_change_num 35 xfer_secondary_pool(64): pool_sig fffff9ee, data_sig 00000000, bytes_mixed 0 61fc8914 d5882ed2
[    5.575095] random 0000 0000 0000 61fc8914 d5882ed2: trying to extract 512 bits from nonblocking
[    5.575097] random 0000 0000 0000 61fc8914 d5882ed2: debiting 512 entropy credits from nonblocking (unlimited)
[    5.575099] random 0000 0000 0000 61fc8914 d5882ed2: extract_entropy account returned: 64 
[    5.575103] random 0000 0000 0000 61fc8914 d5882ed2: urand_change_num 36 extract_buf: pool_sig fffff9ee, data_sig ffffff85, bytes_mixed 20 61fc8914 d5882ed2
[    5.575109] random 0000 0000 0000 70cfd302 e5edec11: urand_change_num 37 extract_buf: pool_sig fffffdc1, data_sig ffffffde, bytes_mixed 20 70cfd302 e5edec11
[    5.575114] random 0000 0000 0000 00dab838 eafd2b30: urand_change_num 38 extract_buf: pool_sig 000003da, data_sig ffffff61, bytes_mixed 20 00dab838 eafd2b30
[    5.575119] random 0000 0000 0000 00dab838 eafd2b30: urand_change_num 39 extract_buf: pool_sig 00000314, data_sig 00000121, bytes_mixed 20 00dab838 eafd2b30
[    5.575124] random 0000 0000 0000 5fcdf66a 6442b608: urand_change_num 40 extract_buf: pool_sig 0000028b, data_sig fffffefd, bytes_mixed 20 5fcdf66a 6442b608
[    5.575129] random 0000 0000 0000 61333f6b 8fae0f9b: urand_change_num 41 extract_buf: pool_sig 000000cb, data_sig 000000b3, bytes_mixed 20 61333f6b 8fae0f9b
[    5.575135] random 0000 0000 0000 61333f6b 8fae0f9b: urand_change_num 42 extract_buf: pool_sig fffffef8, data_sig 00000051, bytes_mixed 20 61333f6b 8fae0f9b
[    5.575137] BEGIN NET_SECRET:
[    5.575138] \xffffffe0
[    5.575139] \xffffffb6
[    5.575140] \x36
[    5.575141] \xffffffb5
[    5.575142] \xffffff94
[    5.575143] \xffffffb2
[    5.575143] \xffffffa8
[    5.575144] \xffffffda
[    5.575145] \x5b
[    5.575146] \x19
[    5.575146] \x18
[    5.575147] \x5c
[    5.575148] \x2b
[    5.575149] \x1
[    5.575149] \xffffff90
[    5.575150] \x19
[    5.575151] \x3c
[    5.575152] \xfffffff2
[    5.575152] \xffffff82
[    5.575153] \x2a
[    5.575154] \xffffffb3
[    5.575155] \xffffffa2
[    5.575156] \x3f
[    5.575156] \x5
[    5.575157] \x52
[    5.575158] \x77
[    5.575158] \x57
[    5.575159] \x79
[    5.575160] \x16
[    5.575160] \x43
[    5.575161] \xffffff84
[    5.575162] \xffffffc3
[    5.575163] \xffffffe9
[    5.575163] \x79
[    5.575164] \x50
[    5.575165] \xffffff8e
[    5.575166] \x3f
[    5.575166] \xfffffff3
[    5.575167] \x19
[    5.575168] \x2a
[    5.575169] \xfffffffd
[    5.575169] \xfffffffb
[    5.575170] \x62
[    5.575171] \x3c
[    5.575172] \xffffffac
[    5.575172] \x1c
[    5.575173] \x3b
[    5.575174] \x3b
[    5.575175] \x15
[    5.575175] \x27
[    5.575176] \xffffffa8
[    5.575177] \x22
[    5.575177] \xffffffc5
[    5.575178] \xffffff9a
[    5.575179] \x5
[    5.575180] \x6c
[    5.575180] \xffffffa8
[    5.575181] \x3a
[    5.575182] \x44
[    5.575183] \xffffffaf
[    5.575183] \x13
[    5.575184] \xffffffe0
[    5.575185] \xffffff9d
[    5.575186] \x22
[    5.575186] 
[    5.575187] END NET_SECRET
[    5.575190] random 0000 0000 0000 e7f555d9 e8ce5c3c: rand_read_num 9 get_random_bytes(4): sig 0000068c e7f555d9 e8ce5c3c
[    5.575192] random 0000 0000 0000 e7f555d9 e8ce5c3c: extract_entropy(.. 4 ..)
[    5.575194] random 0000 0000 0000 e7f555d9 e8ce5c3c: going to reseed nonblocking with 64 bits (32 of 0 requested)
[    5.575196] random 0000 0000 0000 e7f555d9 e8ce5c3c: extract_entropy(.. 8 ..)
[    5.575198] random 0000 0000 0000 e7f555d9 e8ce5c3c: trying to extract 64 bits from input
[    5.575200] random 0000 0000 0000 e7f555d9 e8ce5c3c: debiting 0 entropy credits from input
[    5.575202] random 0000 0000 0000 e7f555d9 e8ce5c3c: extract_entropy account returned: 0 
[    5.575205] random 0000 0000 0000 e7f555d9 e8ce5c3c: urand_change_num 43 xfer_secondary_pool(4): pool_sig 0000068c, data_sig 00000000, bytes_mixed 0 e7f555d9 e8ce5c3c
[    5.575208] random 0000 0000 0000 e7f555d9 e8ce5c3c: trying to extract 32 bits from nonblocking
[    5.575210] random 0000 0000 0000 e7f555d9 e8ce5c3c: debiting 32 entropy credits from nonblocking (unlimited)
[    5.575212] random 0000 0000 0000 e7f555d9 e8ce5c3c: extract_entropy account returned: 4 
[    5.575216] random 0000 0000 0000 e7f555d9 e8ce5c3c: urand_change_num 44 extract_buf: pool_sig 0000068c, data_sig fffffdcb, bytes_mixed 20 e7f555d9 e8ce5c3c
[    5.575228] md: Waiting for all devices to be available before autodetect
[    5.575316] md: If you don't use raid, use raid=noautodetect
[    5.575480] md: Autodetecting RAID arrays.
[    5.575571] md: Scanned 0 and added 0 devices.
[    5.575653] md: autorun ...
[    5.575730] md: ... autorun DONE.
[    5.590457] EXT3-fs: sda2: couldn't mount because of unsupported optional features (240).
[    5.590681] EXT2-fs: sda2: couldn't mount because of unsupported optional features (240).
[    5.591972] random 0000 0000 0000 e7f555d9 e8ce5c3c: rand_read_num 10 get_random_bytes(4): sig ffffff72 e7f555d9 e8ce5c3c
[    5.591975] random 0000 0000 0000 e7f555d9 e8ce5c3c: extract_entropy(.. 4 ..)
[    5.591977] random 0000 0000 0000 e7f555d9 e8ce5c3c: going to reseed nonblocking with 64 bits (32 of 0 requested)
[    5.591980] random 0000 0000 0000 e7f555d9 e8ce5c3c: extract_entropy(.. 8 ..)
[    5.591982] random 0000 0000 0000 e7f555d9 e8ce5c3c: trying to extract 64 bits from input
[    5.591984] random 0000 0000 0000 e7f555d9 e8ce5c3c: debiting 0 entropy credits from input
[    5.591986] random 0000 0000 0000 e7f555d9 e8ce5c3c: extract_entropy account returned: 0 
[    5.591989] random 0000 0000 0000 e7f555d9 e8ce5c3c: urand_change_num 45 xfer_secondary_pool(4): pool_sig ffffff72, data_sig 00000000, bytes_mixed 0 e7f555d9 e8ce5c3c
[    5.591992] random 0000 0000 0000 e7f555d9 e8ce5c3c: trying to extract 32 bits from nonblocking
[    5.591994] random 0000 0000 0000 e7f555d9 e8ce5c3c: debiting 32 entropy credits from nonblocking (unlimited)
[    5.591996] random 0000 0000 0000 e7f555d9 e8ce5c3c: extract_entropy account returned: 4 
[    5.592000] random 0000 0000 0000 e7f555d9 e8ce5c3c: urand_change_num 46 extract_buf: pool_sig ffffff72, data_sig ffffff72, bytes_mixed 20 e7f555d9 e8ce5c3c
[    5.627100] EXT4-fs (sda2): mounted filesystem with ordered data mode
[    5.627282] VFS: Mounted root (ext4 filesystem) readonly on device 8:2.
[    5.627380] Freeing unused kernel memory: 448k freed
[    5.706081] random 0000 0000 0000 91716c54 eeb6a1e7: rand_read_num 11 get_random_bytes(16): sig fffffcad 91716c54 eeb6a1e7
[    5.706083] random 0000 0000 0000 91716c54 eeb6a1e7: extract_entropy(.. 16 ..)
[    5.706086] random 0000 0000 0000 91716c54 eeb6a1e7: going to reseed nonblocking with 128 bits (128 of 0 requested)
[    5.706088] random 0000 0000 0000 91716c54 eeb6a1e7: extract_entropy(.. 16 ..)
[    5.706090] random 0000 0000 0000 91716c54 eeb6a1e7: trying to extract 128 bits from input
[    5.706092] random 0000 0000 0000 91716c54 eeb6a1e7: debiting 0 entropy credits from input
[    5.706094] random 0000 0000 0000 91716c54 eeb6a1e7: extract_entropy account returned: 0 
[    5.706097] random 0000 0000 0000 91716c54 eeb6a1e7: urand_change_num 47 xfer_secondary_pool(16): pool_sig fffffcad, data_sig 00000000, bytes_mixed 0 91716c54 eeb6a1e7
[    5.706100] random 0000 0000 0000 91716c54 eeb6a1e7: trying to extract 128 bits from nonblocking
[    5.706102] random 0000 0000 0000 91716c54 eeb6a1e7: debiting 128 entropy credits from nonblocking (unlimited)
[    5.706104] random 0000 0000 0000 91716c54 eeb6a1e7: extract_entropy account returned: 16 
[    5.706109] random 0000 0000 0000 91716c54 eeb6a1e7: urand_change_num 48 extract_buf: pool_sig fffffcad, data_sig ffffff19, bytes_mixed 20 91716c54 eeb6a1e7
[    5.706114] random 0000 0000 0000 fd637b06 6cf47bc1: urand_change_num 49 extract_buf: pool_sig fffffede, data_sig ffffffc1, bytes_mixed 20 fd637b06 6cf47bc1
[    5.784507] random 0000 0000 0000 fd637b06 6cf47bc1: rand_read_num 12 get_random_bytes(16): sig 0000033b fd637b06 6cf47bc1
[    5.784510] random 0000 0000 0000 fd637b06 6cf47bc1: extract_entropy(.. 16 ..)
[    5.784513] random 0000 0000 0000 fd637b06 6cf47bc1: going to reseed nonblocking with 128 bits (128 of 0 requested)
[    5.784515] random 0000 0000 0000 fd637b06 6cf47bc1: extract_entropy(.. 16 ..)
[    5.784517] random 0000 0000 0000 fd637b06 6cf47bc1: trying to extract 128 bits from input
[    5.784519] random 0000 0000 0000 fd637b06 6cf47bc1: debiting 0 entropy credits from input
[    5.784521] random 0000 0000 0000 fd637b06 6cf47bc1: extract_entropy account returned: 0 
[    5.784525] random 0000 0000 0000 fd637b06 6cf47bc1: urand_change_num 50 xfer_secondary_pool(16): pool_sig 0000033b, data_sig 00000000, bytes_mixed 0 fd637b06 6cf47bc1
[    5.784527] random 0000 0000 0000 fd637b06 6cf47bc1: trying to extract 128 bits from nonblocking
[    5.784530] random 0000 0000 0000 fd637b06 6cf47bc1: debiting 128 entropy credits from nonblocking (unlimited)
[    5.784532] random 0000 0000 0000 fd637b06 6cf47bc1: extract_entropy account returned: 16 
[    5.784536] random 0000 0000 0000 fd637b06 6cf47bc1: urand_change_num 51 extract_buf: pool_sig 0000033b, data_sig 000000d8, bytes_mixed 20 fd637b06 6cf47bc1
[    5.784541] random 0000 0000 0000 0ec1f012 d4727ca8: urand_change_num 52 extract_buf: pool_sig fffffcf5, data_sig 00000016, bytes_mixed 20 0ec1f012 d4727ca8
[    6.156038] ieee1394: Host added: ID:BUS[0-00:1023]  GUID[00061b032a25f51c]
[    6.166733] random 0000 0000 0000 45b1d0b1 845a73f7: rand_read_num 13 get_random_bytes(16): sig 00000116 45b1d0b1 845a73f7
[    6.166736] random 0000 0000 0000 45b1d0b1 845a73f7: extract_entropy(.. 16 ..)
[    6.166739] random 0000 0000 0000 45b1d0b1 845a73f7: going to reseed nonblocking with 128 bits (128 of 0 requested)
[    6.166741] random 0000 0000 0000 45b1d0b1 845a73f7: extract_entropy(.. 16 ..)
[    6.166743] random 0000 0000 0000 45b1d0b1 845a73f7: trying to extract 128 bits from input
[    6.166745] random 0000 0000 0000 45b1d0b1 845a73f7: debiting 0 entropy credits from input
[    6.166747] random 0000 0000 0000 45b1d0b1 845a73f7: extract_entropy account returned: 0 
[    6.166750] random 0000 0000 0000 45b1d0b1 845a73f7: urand_change_num 53 xfer_secondary_pool(16): pool_sig 00000116, data_sig 00000000, bytes_mixed 0 45b1d0b1 845a73f7
[    6.166753] random 0000 0000 0000 45b1d0b1 845a73f7: trying to extract 128 bits from nonblocking
[    6.166756] random 0000 0000 0000 45b1d0b1 845a73f7: debiting 128 entropy credits from nonblocking (unlimited)
[    6.166758] random 0000 0000 0000 45b1d0b1 845a73f7: extract_entropy account returned: 16 
[    6.166762] random 0000 0000 0000 45b1d0b1 845a73f7: urand_change_num 54 extract_buf: pool_sig 00000116, data_sig fffffd8b, bytes_mixed 20 45b1d0b1 845a73f7
[    6.166767] random 0000 0000 0000 45b1d0b1 845a73f7: urand_change_num 55 extract_buf: pool_sig fffffc05, data_sig 00000109, bytes_mixed 20 45b1d0b1 845a73f7
[    6.219230] random 0000 0000 0000 5012cce3 b8a30621: rand_read_num 14 get_random_bytes(16): sig fffffb93 5012cce3 b8a30621
[    6.219233] random 0000 0000 0000 5012cce3 b8a30621: extract_entropy(.. 16 ..)
[    6.219235] random 0000 0000 0000 5012cce3 b8a30621: going to reseed nonblocking with 128 bits (128 of 0 requested)
[    6.219238] random 0000 0000 0000 5012cce3 b8a30621: extract_entropy(.. 16 ..)
[    6.219240] random 0000 0000 0000 5012cce3 b8a30621: trying to extract 128 bits from input
[    6.219242] random 0000 0000 0000 5012cce3 b8a30621: debiting 0 entropy credits from input
[    6.219244] random 0000 0000 0000 5012cce3 b8a30621: extract_entropy account returned: 0 
[    6.219247] random 0000 0000 0000 5012cce3 b8a30621: urand_change_num 56 xfer_secondary_pool(16): pool_sig fffffb93, data_sig 00000000, bytes_mixed 0 5012cce3 b8a30621
[    6.219250] random 0000 0000 0000 5012cce3 b8a30621: trying to extract 128 bits from nonblocking
[    6.219252] random 0000 0000 0000 5012cce3 b8a30621: debiting 128 entropy credits from nonblocking (unlimited)
[    6.219254] random 0000 0000 0000 5012cce3 b8a30621: extract_entropy account returned: 16 
[    6.219258] random 0000 0000 0000 5012cce3 b8a30621: urand_change_num 57 extract_buf: pool_sig fffffb93, data_sig ffffff35, bytes_mixed 20 5012cce3 b8a30621
[    6.219264] random 0000 0000 0000 5012cce3 b8a30621: urand_change_num 58 extract_buf: pool_sig fffffb9d, data_sig ffffff92, bytes_mixed 20 5012cce3 b8a30621
[    6.220631] random 0000 0000 0000 30a5721d 4b648ff6: rand_read_num 15 get_random_bytes(16): sig fffffeb5 30a5721d 4b648ff6
[    6.220634] random 0000 0000 0000 30a5721d 4b648ff6: extract_entropy(.. 16 ..)
[    6.220637] random 0000 0000 0000 30a5721d 4b648ff6: going to reseed nonblocking with 128 bits (128 of 0 requested)
[    6.220639] random 0000 0000 0000 30a5721d 4b648ff6: extract_entropy(.. 16 ..)
[    6.220641] random 0000 0000 0000 30a5721d 4b648ff6: trying to extract 128 bits from input
[    6.220643] random 0000 0000 0000 30a5721d 4b648ff6: debiting 0 entropy credits from input
[    6.220645] random 0000 0000 0000 30a5721d 4b648ff6: extract_entropy account returned: 0 
[    6.220648] random 0000 0000 0000 30a5721d 4b648ff6: urand_change_num 59 xfer_secondary_pool(16): pool_sig fffffeb5, data_sig 00000000, bytes_mixed 0 30a5721d 4b648ff6
[    6.220651] random 0000 0000 0000 30a5721d 4b648ff6: trying to extract 128 bits from nonblocking
[    6.220653] random 0000 0000 0000 30a5721d 4b648ff6: debiting 128 entropy credits from nonblocking (unlimited)
[    6.220655] random 0000 0000 0000 30a5721d 4b648ff6: extract_entropy account returned: 16 
[    6.220660] random 0000 0000 0000 30a5721d 4b648ff6: urand_change_num 60 extract_buf: pool_sig fffffeb5, data_sig 000000c2, bytes_mixed 20 30a5721d 4b648ff6
[    6.220665] random 0000 0000 0000 89bae1ab 704c432f: urand_change_num 61 extract_buf: pool_sig 0000006e, data_sig fffffefc, bytes_mixed 20 89bae1ab 704c432f
[    6.221208] random 0000 0000 0000 89bae1ab 704c432f: rand_read_num 16 get_random_bytes(16): sig fffffd99 89bae1ab 704c432f
[    6.221211] random 0000 0000 0000 89bae1ab 704c432f: extract_entropy(.. 16 ..)
[    6.221213] random 0000 0000 0000 89bae1ab 704c432f: going to reseed nonblocking with 128 bits (128 of 0 requested)
[    6.221215] random 0000 0000 0000 89bae1ab 704c432f: extract_entropy(.. 16 ..)
[    6.221218] random 0000 0000 0000 89bae1ab 704c432f: trying to extract 128 bits from input
[    6.221220] random 0000 0000 0000 89bae1ab 704c432f: debiting 0 entropy credits from input
[    6.221222] random 0000 0000 0000 89bae1ab 704c432f: extract_entropy account returned: 0 
[    6.221225] random 0000 0000 0000 89bae1ab 704c432f: urand_change_num 62 xfer_secondary_pool(16): pool_sig fffffd99, data_sig 00000000, bytes_mixed 0 89bae1ab 704c432f
[    6.221228] random 0000 0000 0000 89bae1ab 704c432f: trying to extract 128 bits from nonblocking
[    6.221230] random 0000 0000 0000 89bae1ab 704c432f: debiting 128 entropy credits from nonblocking (unlimited)
[    6.221232] random 0000 0000 0000 89bae1ab 704c432f: extract_entropy account returned: 16 
[    6.221236] random 0000 0000 0000 89bae1ab 704c432f: urand_change_num 63 extract_buf: pool_sig fffffd99, data_sig 00000204, bytes_mixed 20 89bae1ab 704c432f
[    6.221242] random 0000 0000 0000 6c298a02 2b1539f8: urand_change_num 64 extract_buf: pool_sig 00000124, data_sig fffffff5, bytes_mixed 20 6c298a02 2b1539f8
[    6.222129] random 0000 0000 0000 c77b8b35 70f6cab5: rand_read_num 17 get_random_bytes(16): sig 0000036b c77b8b35 70f6cab5
[    6.222131] random 0000 0000 0000 c77b8b35 70f6cab5: extract_entropy(.. 16 ..)
[    6.222134] random 0000 0000 0000 c77b8b35 70f6cab5: going to reseed nonblocking with 128 bits (128 of 0 requested)
[    6.222136] random 0000 0000 0000 c77b8b35 70f6cab5: extract_entropy(.. 16 ..)
[    6.222138] random 0000 0000 0000 c77b8b35 70f6cab5: trying to extract 128 bits from input
[    6.222140] random 0000 0000 0000 c77b8b35 70f6cab5: debiting 0 entropy credits from input
[    6.222142] random 0000 0000 0000 c77b8b35 70f6cab5: extract_entropy account returned: 0 
[    6.222146] random 0000 0000 0000 c77b8b35 70f6cab5: urand_change_num 65 xfer_secondary_pool(16): pool_sig 0000036b, data_sig 00000000, bytes_mixed 0 c77b8b35 70f6cab5
[    6.222149] random 0000 0000 0000 c77b8b35 70f6cab5: trying to extract 128 bits from nonblocking
[    6.222151] random 0000 0000 0000 c77b8b35 70f6cab5: debiting 128 entropy credits from nonblocking (unlimited)
[    6.222153] random 0000 0000 0000 c77b8b35 70f6cab5: extract_entropy account returned: 16 
[    6.222157] random 0000 0000 0000 c77b8b35 70f6cab5: urand_change_num 66 extract_buf: pool_sig 0000036b, data_sig 0000005f, bytes_mixed 20 c77b8b35 70f6cab5
[    6.222163] random 0000 0000 0000 c77b8b35 70f6cab5: urand_change_num 67 extract_buf: pool_sig ffffff1c, data_sig 0000005a, bytes_mixed 20 c77b8b35 70f6cab5
[    6.222753] random 0000 0000 0000 af21d212 57d20ca3: rand_read_num 18 get_random_bytes(16): sig fffffb7f af21d212 57d20ca3
[    6.222756] random 0000 0000 0000 af21d212 57d20ca3: extract_entropy(.. 16 ..)
[    6.222759] random 0000 0000 0000 af21d212 57d20ca3: going to reseed nonblocking with 128 bits (128 of 0 requested)
[    6.222761] random 0000 0000 0000 af21d212 57d20ca3: extract_entropy(.. 16 ..)
[    6.222763] random 0000 0000 0000 af21d212 57d20ca3: trying to extract 128 bits from input
[    6.222765] random 0000 0000 0000 af21d212 57d20ca3: debiting 0 entropy credits from input
[    6.222767] random 0000 0000 0000 af21d212 57d20ca3: extract_entropy account returned: 0 
[    6.222770] random 0000 0000 0000 af21d212 57d20ca3: urand_change_num 68 xfer_secondary_pool(16): pool_sig fffffb7f, data_sig 00000000, bytes_mixed 0 af21d212 57d20ca3
[    6.222773] random 0000 0000 0000 af21d212 57d20ca3: trying to extract 128 bits from nonblocking
[    6.222776] random 0000 0000 0000 af21d212 57d20ca3: debiting 128 entropy credits from nonblocking (unlimited)
[    6.222778] random 0000 0000 0000 af21d212 57d20ca3: extract_entropy account returned: 16 
[    6.222782] random 0000 0000 0000 af21d212 57d20ca3: urand_change_num 69 extract_buf: pool_sig fffffb7f, data_sig ffffff88, bytes_mixed 20 af21d212 57d20ca3
[    6.222787] random 0000 0000 0000 af21d212 57d20ca3: urand_change_num 70 extract_buf: pool_sig fffffe1d, data_sig ffffff17, bytes_mixed 20 af21d212 57d20ca3
[    6.223374] random 0000 0000 0000 ffbd26fd 21933274: rand_read_num 19 get_random_bytes(16): sig ffffffc7 ffbd26fd 21933274
[    6.223376] random 0000 0000 0000 ffbd26fd 21933274: extract_entropy(.. 16 ..)
[    6.223379] random 0000 0000 0000 ffbd26fd 21933274: going to reseed nonblocking with 128 bits (128 of 0 requested)
[    6.223381] random 0000 0000 0000 ffbd26fd 21933274: extract_entropy(.. 16 ..)
[    6.223383] random 0000 0000 0000 ffbd26fd 21933274: trying to extract 128 bits from input
[    6.223385] random 0000 0000 0000 ffbd26fd 21933274: debiting 0 entropy credits from input
[    6.223387] random 0000 0000 0000 ffbd26fd 21933274: extract_entropy account returned: 0 
[    6.223390] random 0000 0000 0000 ffbd26fd 21933274: urand_change_num 71 xfer_secondary_pool(16): pool_sig ffffffc7, data_sig 00000000, bytes_mixed 0 ffbd26fd 21933274
[    6.223393] random 0000 0000 0000 ffbd26fd 21933274: trying to extract 128 bits from nonblocking
[    6.223396] random 0000 0000 0000 ffbd26fd 21933274: debiting 128 entropy credits from nonblocking (unlimited)
[    6.223398] random 0000 0000 0000 ffbd26fd 21933274: extract_entropy account returned: 16 
[    6.223402] random 0000 0000 0000 ffbd26fd 21933274: urand_change_num 72 extract_buf: pool_sig ffffffc7, data_sig 0000013b, bytes_mixed 20 ffbd26fd 21933274
[    6.223407] random 0000 0000 0000 151530a2 56c65dd3: urand_change_num 73 extract_buf: pool_sig ffffffbf, data_sig 00000036, bytes_mixed 20 151530a2 56c65dd3
[    6.223966] random 0000 0000 0000 151530a2 56c65dd3: rand_read_num 20 get_random_bytes(16): sig 000001a7 151530a2 56c65dd3
[    6.223968] random 0000 0000 0000 151530a2 56c65dd3: extract_entropy(.. 16 ..)
[    6.223971] random 0000 0000 0000 151530a2 56c65dd3: going to reseed nonblocking with 128 bits (128 of 0 requested)
[    6.223973] random 0000 0000 0000 151530a2 56c65dd3: extract_entropy(.. 16 ..)
[    6.223975] random 0000 0000 0000 151530a2 56c65dd3: trying to extract 128 bits from input
[    6.223978] random 0000 0000 0000 151530a2 56c65dd3: debiting 0 entropy credits from input
[    6.223979] random 0000 0000 0000 151530a2 56c65dd3: extract_entropy account returned: 0 
[    6.223983] random 0000 0000 0000 151530a2 56c65dd3: urand_change_num 74 xfer_secondary_pool(16): pool_sig 000001a7, data_sig 00000000, bytes_mixed 0 151530a2 56c65dd3
[    6.223985] random 0000 0000 0000 151530a2 56c65dd3: trying to extract 128 bits from nonblocking
[    6.223988] random 0000 0000 0000 151530a2 56c65dd3: debiting 128 entropy credits from nonblocking (unlimited)
[    6.223990] random 0000 0000 0000 151530a2 56c65dd3: extract_entropy account returned: 16 
[    6.223994] random 0000 0000 0000 151530a2 56c65dd3: urand_change_num 75 extract_buf: pool_sig 000001a7, data_sig ffffffa1, bytes_mixed 20 151530a2 56c65dd3
[    6.223999] random 0000 0000 0000 5d3e132e d9a77eb3: urand_change_num 76 extract_buf: pool_sig fffffcc9, data_sig 00000013, bytes_mixed 20 5d3e132e d9a77eb3
[    6.275040] random 0000 0000 0000 264837ad 0a28fef5: rand_read_num 21 get_random_bytes(16): sig ffffffd0 264837ad 0a28fef5
[    6.275044] random 0000 0000 0000 264837ad 0a28fef5: extract_entropy(.. 16 ..)
[    6.275046] random 0000 0000 0000 264837ad 0a28fef5: going to reseed nonblocking with 128 bits (128 of 0 requested)
[    6.275049] random 0000 0000 0000 264837ad 0a28fef5: extract_entropy(.. 16 ..)
[    6.275051] random 0000 0000 0000 264837ad 0a28fef5: trying to extract 128 bits from input
[    6.275053] random 0000 0000 0000 264837ad 0a28fef5: debiting 0 entropy credits from input
[    6.275055] random 0000 0000 0000 264837ad 0a28fef5: extract_entropy account returned: 0 
[    6.275058] random 0000 0000 0000 264837ad 0a28fef5: urand_change_num 77 xfer_secondary_pool(16): pool_sig ffffffd0, data_sig 00000000, bytes_mixed 0 264837ad 0a28fef5
[    6.275061] random 0000 0000 0000 264837ad 0a28fef5: trying to extract 128 bits from nonblocking
[    6.275064] random 0000 0000 0000 264837ad 0a28fef5: debiting 128 entropy credits from nonblocking (unlimited)
[    6.275066] random 0000 0000 0000 264837ad 0a28fef5: extract_entropy account returned: 16 
[    6.275070] random 0000 0000 0000 264837ad 0a28fef5: urand_change_num 78 extract_buf: pool_sig ffffffd0, data_sig 0000017b, bytes_mixed 20 264837ad 0a28fef5
[    6.275075] random 0000 0000 0000 264837ad 0a28fef5: urand_change_num 79 extract_buf: pool_sig 0000045c, data_sig 000001df, bytes_mixed 20 264837ad 0a28fef5
[    6.276526] random 0000 0000 0000 f37f7344 164aede0: rand_read_num 22 get_random_bytes(16): sig 000003c2 f37f7344 164aede0
[    6.276529] random 0000 0000 0000 f37f7344 164aede0: extract_entropy(.. 16 ..)
[    6.276532] random 0000 0000 0000 f37f7344 164aede0: going to reseed nonblocking with 128 bits (128 of 0 requested)
[    6.276534] random 0000 0000 0000 f37f7344 164aede0: extract_entropy(.. 16 ..)
[    6.276536] random 0000 0000 0000 f37f7344 164aede0: trying to extract 128 bits from input
[    6.276538] random 0000 0000 0000 f37f7344 164aede0: debiting 0 entropy credits from input
[    6.276540] random 0000 0000 0000 f37f7344 164aede0: extract_entropy account returned: 0 
[    6.276544] random 0000 0000 0000 f37f7344 164aede0: urand_change_num 80 xfer_secondary_pool(16): pool_sig 000003c2, data_sig 00000000, bytes_mixed 0 f37f7344 164aede0
[    6.276546] random 0000 0000 0000 f37f7344 164aede0: trying to extract 128 bits from nonblocking
[    6.276549] random 0000 0000 0000 f37f7344 164aede0: debiting 128 entropy credits from nonblocking (unlimited)
[    6.276551] random 0000 0000 0000 f37f7344 164aede0: extract_entropy account returned: 16 
[    6.276555] random 0000 0000 0000 f37f7344 164aede0: urand_change_num 81 extract_buf: pool_sig 000003c2, data_sig ffffff6c, bytes_mixed 20 f37f7344 164aede0
[    6.276561] random 0000 0000 0000 f37f7344 164aede0: urand_change_num 82 extract_buf: pool_sig fffffdfc, data_sig 00000091, bytes_mixed 20 f37f7344 164aede0
[    6.299341] random 0000 0000 0000 a4794863 878070c1: rand_read_num 23 get_random_bytes(16): sig 0000011b a4794863 878070c1
[    6.299344] random 0000 0000 0000 a4794863 878070c1: extract_entropy(.. 16 ..)
[    6.299346] random 0000 0000 0000 a4794863 878070c1: going to reseed nonblocking with 128 bits (128 of 0 requested)
[    6.299349] random 0000 0000 0000 a4794863 878070c1: extract_entropy(.. 16 ..)
[    6.299351] random 0000 0000 0000 a4794863 878070c1: trying to extract 128 bits from input
[    6.299353] random 0000 0000 0000 a4794863 878070c1: debiting 0 entropy credits from input
[    6.299355] random 0000 0000 0000 a4794863 878070c1: extract_entropy account returned: 0 
[    6.299358] random 0000 0000 0000 a4794863 878070c1: urand_change_num 83 xfer_secondary_pool(16): pool_sig 0000011b, data_sig 00000000, bytes_mixed 0 a4794863 878070c1
[    6.299361] random 0000 0000 0000 a4794863 878070c1: trying to extract 128 bits from nonblocking
[    6.299363] random 0000 0000 0000 a4794863 878070c1: debiting 128 entropy credits from nonblocking (unlimited)
[    6.299365] random 0000 0000 0000 a4794863 878070c1: extract_entropy account returned: 16 
[    6.299370] random 0000 0000 0000 a4794863 878070c1: urand_change_num 84 extract_buf: pool_sig 0000011b, data_sig ffffff51, bytes_mixed 20 a4794863 878070c1
[    6.299375] random 0000 0000 0000 737f19b4 9417d8ab: urand_change_num 85 extract_buf: pool_sig 000001a3, data_sig 0000006c, bytes_mixed 20 737f19b4 9417d8ab
[    6.303431] random 0000 0000 0000 737f19b4 9417d8ab: rand_read_num 24 get_random_bytes(16): sig fffffe22 737f19b4 9417d8ab
[    6.303434] random 0000 0000 0000 737f19b4 9417d8ab: extract_entropy(.. 16 ..)
[    6.303436] random 0000 0000 0000 737f19b4 9417d8ab: going to reseed nonblocking with 128 bits (128 of 0 requested)
[    6.303439] random 0000 0000 0000 737f19b4 9417d8ab: extract_entropy(.. 16 ..)
[    6.303441] random 0000 0000 0000 737f19b4 9417d8ab: trying to extract 128 bits from input
[    6.303443] random 0000 0000 0000 737f19b4 9417d8ab: debiting 0 entropy credits from input
[    6.303445] random 0000 0000 0000 737f19b4 9417d8ab: extract_entropy account returned: 0 
[    6.303448] random 0000 0000 0000 737f19b4 9417d8ab: urand_change_num 86 xfer_secondary_pool(16): pool_sig fffffe22, data_sig 00000000, bytes_mixed 0 737f19b4 9417d8ab
[    6.303455] random 0000 0000 0000 737f19b4 9417d8ab: trying to extract 128 bits from nonblocking
[    6.303457] random 0000 0000 0000 737f19b4 9417d8ab: debiting 128 entropy credits from nonblocking (unlimited)
[    6.303459] random 0000 0000 0000 737f19b4 9417d8ab: extract_entropy account returned: 16 
[    6.303463] random 0000 0000 0000 737f19b4 9417d8ab: urand_change_num 87 extract_buf: pool_sig fffffe22, data_sig 00000230, bytes_mixed 20 737f19b4 9417d8ab
[    6.303469] random 0000 0000 0000 4deb0d06 1236af4c: urand_change_num 88 extract_buf: pool_sig 000000b6, data_sig ffffff44, bytes_mixed 20 4deb0d06 1236af4c
[    6.304460] random 0000 0000 0000 b538fadc 4a7613df: rand_read_num 25 get_random_bytes(16): sig 0000013c b538fadc 4a7613df
[    6.304462] random 0000 0000 0000 b538fadc 4a7613df: extract_entropy(.. 16 ..)
[    6.304465] random 0000 0000 0000 b538fadc 4a7613df: going to reseed nonblocking with 128 bits (128 of 0 requested)
[    6.304467] random 0000 0000 0000 b538fadc 4a7613df: extract_entropy(.. 16 ..)
[    6.304469] random 0000 0000 0000 b538fadc 4a7613df: trying to extract 128 bits from input
[    6.304472] random 0000 0000 0000 b538fadc 4a7613df: debiting 0 entropy credits from input
[    6.304474] random 0000 0000 0000 b538fadc 4a7613df: extract_entropy account returned: 0 
[    6.304477] random 0000 0000 0000 b538fadc 4a7613df: urand_change_num 89 xfer_secondary_pool(16): pool_sig 0000013c, data_sig 00000000, bytes_mixed 0 b538fadc 4a7613df
[    6.304480] random 0000 0000 0000 b538fadc 4a7613df: trying to extract 128 bits from nonblocking
[    6.304482] random 0000 0000 0000 b538fadc 4a7613df: debiting 128 entropy credits from nonblocking (unlimited)
[    6.304484] random 0000 0000 0000 b538fadc 4a7613df: extract_entropy account returned: 16 
[    6.304488] random 0000 0000 0000 b538fadc 4a7613df: urand_change_num 90 extract_buf: pool_sig 0000013c, data_sig 00000015, bytes_mixed 20 b538fadc 4a7613df
[    6.304493] random 0000 0000 0000 b538fadc 4a7613df: urand_change_num 91 extract_buf: pool_sig 00000452, data_sig 0000002b, bytes_mixed 20 b538fadc 4a7613df
[    6.304942] random 0000 0000 0000 73b17df4 93bb370e: rand_read_num 26 get_random_bytes(16): sig fffffbf1 73b17df4 93bb370e
[    6.304945] random 0000 0000 0000 73b17df4 93bb370e: extract_entropy(.. 16 ..)
[    6.304948] random 0000 0000 0000 73b17df4 93bb370e: going to reseed nonblocking with 128 bits (128 of 0 requested)
[    6.304950] random 0000 0000 0000 73b17df4 93bb370e: extract_entropy(.. 16 ..)
[    6.304952] random 0000 0000 0000 73b17df4 93bb370e: trying to extract 128 bits from input
[    6.304954] random 0000 0000 0000 73b17df4 93bb370e: debiting 0 entropy credits from input
[    6.304956] random 0000 0000 0000 73b17df4 93bb370e: extract_entropy account returned: 0 
[    6.304960] random 0000 0000 0000 73b17df4 93bb370e: urand_change_num 92 xfer_secondary_pool(16): pool_sig fffffbf1, data_sig 00000000, bytes_mixed 0 73b17df4 93bb370e
[    6.304962] random 0000 0000 0000 73b17df4 93bb370e: trying to extract 128 bits from nonblocking
[    6.304965] random 0000 0000 0000 73b17df4 93bb370e: debiting 128 entropy credits from nonblocking (unlimited)
[    6.304967] random 0000 0000 0000 73b17df4 93bb370e: extract_entropy account returned: 16 
[    6.304971] random 0000 0000 0000 73b17df4 93bb370e: urand_change_num 93 extract_buf: pool_sig fffffbf1, data_sig ffffff99, bytes_mixed 20 73b17df4 93bb370e
[    6.304976] random 0000 0000 0000 73b17df4 93bb370e: urand_change_num 94 extract_buf: pool_sig fffffe1d, data_sig 000000b0, bytes_mixed 20 73b17df4 93bb370e
[    6.305380] random 0000 0000 0000 0cd682bb ba04da9f: rand_read_num 27 get_random_bytes(16): sig fffffccb 0cd682bb ba04da9f
[    6.305382] random 0000 0000 0000 0cd682bb ba04da9f: extract_entropy(.. 16 ..)
[    6.305385] random 0000 0000 0000 0cd682bb ba04da9f: going to reseed nonblocking with 128 bits (128 of 0 requested)
[    6.305387] random 0000 0000 0000 0cd682bb ba04da9f: extract_entropy(.. 16 ..)
[    6.305389] random 0000 0000 0000 0cd682bb ba04da9f: trying to extract 128 bits from input
[    6.305391] random 0000 0000 0000 0cd682bb ba04da9f: debiting 0 entropy credits from input
[    6.305394] random 0000 0000 0000 0cd682bb ba04da9f: extract_entropy account returned: 0 
[    6.305397] random 0000 0000 0000 0cd682bb ba04da9f: urand_change_num 95 xfer_secondary_pool(16): pool_sig fffffccb, data_sig 00000000, bytes_mixed 0 0cd682bb ba04da9f
[    6.305400] random 0000 0000 0000 0cd682bb ba04da9f: trying to extract 128 bits from nonblocking
[    6.305402] random 0000 0000 0000 0cd682bb ba04da9f: debiting 128 entropy credits from nonblocking (unlimited)
[    6.305404] random 0000 0000 0000 0cd682bb ba04da9f: extract_entropy account returned: 16 
[    6.305408] random 0000 0000 0000 0cd682bb ba04da9f: urand_change_num 96 extract_buf: pool_sig fffffccb, data_sig fffffec5, bytes_mixed 20 0cd682bb ba04da9f
[    6.305414] random 0000 0000 0000 26929f1a 15254dc1: urand_change_num 97 extract_buf: pool_sig fffffed2, data_sig ffffffb1, bytes_mixed 20 26929f1a 15254dc1
[    6.306292] random 0000 0000 0000 26929f1a 15254dc1: rand_read_num 28 get_random_bytes(16): sig 00000038 26929f1a 15254dc1
[    6.306295] random 0000 0000 0000 26929f1a 15254dc1: extract_entropy(.. 16 ..)
[    6.306298] random 0000 0000 0000 26929f1a 15254dc1: going to reseed nonblocking with 128 bits (128 of 0 requested)
[    6.306300] random 0000 0000 0000 26929f1a 15254dc1: extract_entropy(.. 16 ..)
[    6.306302] random 0000 0000 0000 26929f1a 15254dc1: trying to extract 128 bits from input
[    6.306304] random 0000 0000 0000 26929f1a 15254dc1: debiting 0 entropy credits from input
[    6.306306] random 0000 0000 0000 26929f1a 15254dc1: extract_entropy account returned: 0 
[    6.306309] random 0000 0000 0000 26929f1a 15254dc1: urand_change_num 98 xfer_secondary_pool(16): pool_sig 00000038, data_sig 00000000, bytes_mixed 0 26929f1a 15254dc1
[    6.306312] random 0000 0000 0000 26929f1a 15254dc1: trying to extract 128 bits from nonblocking
[    6.306315] random 0000 0000 0000 26929f1a 15254dc1: debiting 128 entropy credits from nonblocking (unlimited)
[    6.306317] random 0000 0000 0000 26929f1a 15254dc1: extract_entropy account returned: 16 
[    6.306321] random 0000 0000 0000 26929f1a 15254dc1: urand_change_num 99 extract_buf: pool_sig 00000038, data_sig 000000fd, bytes_mixed 20 26929f1a 15254dc1
[    6.306326] random 0000 0000 0000 8116fe3b 478c2d5b: urand_change_num 100 extract_buf: pool_sig 00000059, data_sig 00000310, bytes_mixed 20 8116fe3b 478c2d5b
[    6.312973] random 0000 0000 0000 a20f4a3a 32a6b2fa: rand_read_num 29 get_random_bytes(16): sig 000002c0 a20f4a3a 32a6b2fa
[    6.312976] random 0000 0000 0000 a20f4a3a 32a6b2fa: extract_entropy(.. 16 ..)
[    6.312978] random 0000 0000 0000 a20f4a3a 32a6b2fa: going to reseed nonblocking with 128 bits (128 of 0 requested)
[    6.312981] random 0000 0000 0000 a20f4a3a 32a6b2fa: extract_entropy(.. 16 ..)
[    6.312983] random 0000 0000 0000 a20f4a3a 32a6b2fa: trying to extract 128 bits from input
[    6.312985] random 0000 0000 0000 a20f4a3a 32a6b2fa: debiting 0 entropy credits from input
[    6.312987] random 0000 0000 0000 a20f4a3a 32a6b2fa: extract_entropy account returned: 0 
[    6.312990] random 0000 0000 0000 a20f4a3a 32a6b2fa: urand_change_num 101 xfer_secondary_pool(16): pool_sig 000002c0, data_sig 00000000, bytes_mixed 0 a20f4a3a 32a6b2fa
[    6.312993] random 0000 0000 0000 a20f4a3a 32a6b2fa: trying to extract 128 bits from nonblocking
[    6.312995] random 0000 0000 0000 a20f4a3a 32a6b2fa: debiting 128 entropy credits from nonblocking (unlimited)
[    6.312997] random 0000 0000 0000 a20f4a3a 32a6b2fa: extract_entropy account returned: 16 
[    6.313001] random 0000 0000 0000 a20f4a3a 32a6b2fa: urand_change_num 102 extract_buf: pool_sig 000002c0, data_sig 000000fb, bytes_mixed 20 a20f4a3a 32a6b2fa
[    6.313007] random 0000 0000 0000 a20f4a3a 32a6b2fa: urand_change_num 103 extract_buf: pool_sig ffffffdd, data_sig 000000a5, bytes_mixed 20 a20f4a3a 32a6b2fa
[    6.325492] random 0000 0000 0000 de716d2a 6c4757e1: rand_read_num 30 get_random_bytes(16): sig 000000fa de716d2a 6c4757e1
[    6.325495] random 0000 0000 0000 de716d2a 6c4757e1: extract_entropy(.. 16 ..)
[    6.325497] random 0000 0000 0000 de716d2a 6c4757e1: going to reseed nonblocking with 128 bits (128 of 0 requested)
[    6.325500] random 0000 0000 0000 de716d2a 6c4757e1: extract_entropy(.. 16 ..)
[    6.325502] random 0000 0000 0000 de716d2a 6c4757e1: trying to extract 128 bits from input
[    6.325504] random 0000 0000 0000 de716d2a 6c4757e1: debiting 0 entropy credits from input
[    6.325506] random 0000 0000 0000 de716d2a 6c4757e1: extract_entropy account returned: 0 
[    6.325509] random 0000 0000 0000 de716d2a 6c4757e1: urand_change_num 104 xfer_secondary_pool(16): pool_sig 000000fa, data_sig 00000000, bytes_mixed 0 de716d2a 6c4757e1
[    6.325512] random 0000 0000 0000 de716d2a 6c4757e1: trying to extract 128 bits from nonblocking
[    6.325514] random 0000 0000 0000 de716d2a 6c4757e1: debiting 128 entropy credits from nonblocking (unlimited)
[    6.325516] random 0000 0000 0000 de716d2a 6c4757e1: extract_entropy account returned: 16 
[    6.325520] random 0000 0000 0000 de716d2a 6c4757e1: urand_change_num 105 extract_buf: pool_sig 000000fa, data_sig ffffff34, bytes_mixed 20 de716d2a 6c4757e1
[    6.325526] random 0000 0000 0000 de716d2a 6c4757e1: urand_change_num 106 extract_buf: pool_sig 000003d3, data_sig ffffff30, bytes_mixed 20 de716d2a 6c4757e1
[    6.326106] random 0000 0000 0000 a7c511e1 f90ea457: rand_read_num 31 get_random_bytes(16): sig 0000009a a7c511e1 f90ea457
[    6.326108] random 0000 0000 0000 a7c511e1 f90ea457: extract_entropy(.. 16 ..)
[    6.326111] random 0000 0000 0000 a7c511e1 f90ea457: going to reseed nonblocking with 128 bits (128 of 0 requested)
[    6.326113] random 0000 0000 0000 a7c511e1 f90ea457: extract_entropy(.. 16 ..)
[    6.326115] random 0000 0000 0000 a7c511e1 f90ea457: trying to extract 128 bits from input
[    6.326117] random 0000 0000 0000 a7c511e1 f90ea457: debiting 0 entropy credits from input
[    6.326119] random 0000 0000 0000 a7c511e1 f90ea457: extract_entropy account returned: 0 
[    6.326122] random 0000 0000 0000 a7c511e1 f90ea457: urand_change_num 107 xfer_secondary_pool(16): pool_sig 0000009a, data_sig 00000000, bytes_mixed 0 a7c511e1 f90ea457
[    6.326125] random 0000 0000 0000 a7c511e1 f90ea457: trying to extract 128 bits from nonblocking
[    6.326128] random 0000 0000 0000 a7c511e1 f90ea457: debiting 128 entropy credits from nonblocking (unlimited)
[    6.326130] random 0000 0000 0000 a7c511e1 f90ea457: extract_entropy account returned: 16 
[    6.326134] random 0000 0000 0000 a7c511e1 f90ea457: urand_change_num 108 extract_buf: pool_sig 0000009a, data_sig 000000e0, bytes_mixed 20 a7c511e1 f90ea457
[    6.326139] random 0000 0000 0000 7c18c7e6 d65ccb06: urand_change_num 109 extract_buf: pool_sig fffffa79, data_sig 000000e0, bytes_mixed 20 7c18c7e6 d65ccb06
[    6.326733] random 0000 0000 0000 7c18c7e6 d65ccb06: rand_read_num 32 get_random_bytes(16): sig fffffe1e 7c18c7e6 d65ccb06
[    6.326736] random 0000 0000 0000 7c18c7e6 d65ccb06: extract_entropy(.. 16 ..)
[    6.326738] random 0000 0000 0000 7c18c7e6 d65ccb06: going to reseed nonblocking with 128 bits (128 of 0 requested)
[    6.326741] random 0000 0000 0000 7c18c7e6 d65ccb06: extract_entropy(.. 16 ..)
[    6.326743] random 0000 0000 0000 7c18c7e6 d65ccb06: trying to extract 128 bits from input
[    6.326745] random 0000 0000 0000 7c18c7e6 d65ccb06: debiting 0 entropy credits from input
[    6.326747] random 0000 0000 0000 7c18c7e6 d65ccb06: extract_entropy account returned: 0 
[    6.326750] random 0000 0000 0000 7c18c7e6 d65ccb06: urand_change_num 110 xfer_secondary_pool(16): pool_sig fffffe1e, data_sig 00000000, bytes_mixed 0 7c18c7e6 d65ccb06
[    6.326752] random 0000 0000 0000 7c18c7e6 d65ccb06: trying to extract 128 bits from nonblocking
[    6.326755] random 0000 0000 0000 7c18c7e6 d65ccb06: debiting 128 entropy credits from nonblocking (unlimited)
[    6.326757] random 0000 0000 0000 7c18c7e6 d65ccb06: extract_entropy account returned: 16 
