[    0.000000] random 0000 0000 0000 00000000 00000000: rand_read_num 1 get_random_bytes(8): sig 00000000 00000000 00000000
[    0.000000] random 0000 0000 0000 00000000 00000000: extract_entropy(.. 8 ..)
[    0.000000] random 0000 0000 0000 00000000 00000000: going to reseed nonblocking with 64 bits (64 of 0 requested)
[    0.000000] random 0000 0000 0000 00000000 00000000: extract_entropy(.. 8 ..)
[    0.000000] random 0000 0000 0000 00000000 00000000: trying to extract 64 bits from input
[    0.000000] random 0000 0000 0000 00000000 00000000: debiting 0 entropy credits from input
[    0.000000] random 0000 0000 0000 00000000 00000000: extract_entropy account returned: 0 
[    0.000000] random 0000 0000 0000 00000000 00000000: urand_change_num 1 xfer_secondary_pool(8): pool_sig 00000000, data_sig 00000000, bytes_mixed 0 00000000 00000000
[    0.000000] random 0000 0000 0000 00000000 00000000: trying to extract 64 bits from nonblocking
[    0.000000] random 0000 0000 0000 00000000 00000000: debiting 64 entropy credits from nonblocking (unlimited)
[    0.000000] random 0000 0000 0000 00000000 00000000: extract_entropy account returned: 8 
[    0.000000] random 0000 0000 0000 00000000 00000000: urand_change_num 2 extract_buf: pool_sig 00000000, data_sig fffffff9, bytes_mixed 20 00000000 00000000
[    0.000000] Linux version 2.6.32.57 (dcashman@dcashman-02) (gcc version 4.3.3 (GCC) ) #3 Fri May 24 04:27:34 PDT 2013
[    0.000000] KERNEL supported cpus:
[    0.000000]   Intel GenuineIntel
[    0.000000]   AMD AuthenticAMD
[    0.000000]   NSC Geode by NSC
[    0.000000]   Cyrix CyrixInstead
[    0.000000]   Centaur CentaurHauls
[    0.000000]   Transmeta GenuineTMx86
[    0.000000]   Transmeta TransmetaCPU
[    0.000000]   UMC UMC UMC UMC
[    0.000000] BIOS-provided physical RAM map:
[    0.000000]  BIOS-e820: 0000000000000000 - 000000000009d800 (usable)
[    0.000000]  BIOS-e820: 000000000009d800 - 00000000000a0000 (reserved)
[    0.000000]  BIOS-e820: 00000000000d2000 - 00000000000d4000 (reserved)
[    0.000000]  BIOS-e820: 00000000000e0000 - 0000000000100000 (reserved)
[    0.000000]  BIOS-e820: 0000000000100000 - 000000003d6b0000 (usable)
[    0.000000]  BIOS-e820: 000000003d6b0000 - 000000003d6cc000 (ACPI data)
[    0.000000]  BIOS-e820: 000000003d6cc000 - 000000003d700000 (ACPI NVS)
[    0.000000]  BIOS-e820: 000000003d700000 - 000000003e000000 (reserved)
[    0.000000]  BIOS-e820: 00000000f0000000 - 00000000f4000000 (reserved)
[    0.000000]  BIOS-e820: 00000000fec00000 - 00000000fec10000 (reserved)
[    0.000000]  BIOS-e820: 00000000fed00000 - 00000000fed00400 (reserved)
[    0.000000]  BIOS-e820: 00000000fed14000 - 00000000fed1a000 (reserved)
[    0.000000]  BIOS-e820: 00000000fed1c000 - 00000000fed90000 (reserved)
[    0.000000]  BIOS-e820: 00000000fee00000 - 00000000fee01000 (reserved)
[    0.000000]  BIOS-e820: 00000000ff000000 - 0000000100000000 (reserved)
[    0.000000] DMI present.
[    0.000000] last_pfn = 0x3d6b0 max_arch_pfn = 0x100000
[    0.000000] MTRR default type: uncachable
[    0.000000] MTRR fixed ranges enabled:
[    0.000000]   00000-9FFFF write-back
[    0.000000]   A0000-BFFFF uncachable
[    0.000000]   C0000-CFFFF write-protect
[    0.000000]   D0000-DFFFF uncachable
[    0.000000]   E0000-FFFFF write-protect
[    0.000000] MTRR variable ranges enabled:
[    0.000000]   0 base 03E000000 mask FFE000000 uncachable
[    0.000000]   1 base 000000000 mask FC0000000 write-back
[    0.000000]   2 base 03D700000 mask FFFF00000 uncachable
[    0.000000]   3 base 03D800000 mask FFF800000 uncachable
[    0.000000]   4 disabled
[    0.000000]   5 disabled
[    0.000000]   6 disabled
[    0.000000]   7 disabled
[    0.000000] initial memory mapped : 0 - 02000000
[    0.000000] init_memory_mapping: 0000000000000000-00000000377fe000
[    0.000000]  0000000000 - 0000400000 page 4k
[    0.000000]  0000400000 - 0037400000 page 2M
[    0.000000]  0037400000 - 00377fe000 page 4k
[    0.000000] kernel direct mapping tables up to 377fe000 @ 7000-c000
[    0.000000] ACPI: RSDP 000f68d0 00024 (v02 LENOVO)
[    0.000000] ACPI: XSDT 3d6bb77f 00094 (v01 LENOVO TP-7L    00002170  LTP 00000000)
[    0.000000] ACPI: FACP 3d6bb900 000F4 (v03 LENOVO TP-7L    00002170 LNVO 00000001)
[    0.000000] ACPI Warning: 32/64X length mismatch in Gpe1Block: 0/32 (20090903/tbfadt-526)
[    0.000000] ACPI Warning: Optional field Gpe1Block has zero address or length: 000000000000102C/0 (20090903/tbfadt-557)
[    0.000000] ACPI: DSDT 3d6bbd1d 0FED1 (v01 LENOVO TP-7L    00002170 MSFT 03000000)
[    0.000000] ACPI: FACS 3d6e4000 00040
[    0.000000] ACPI: SSDT 3d6bbab4 00269 (v01 LENOVO TP-7L    00002170 MSFT 03000000)
[    0.000000] ACPI: ECDT 3d6cbbee 00052 (v01 LENOVO TP-7L    00002170 LNVO 00000001)
[    0.000000] ACPI: TCPA 3d6cbc40 00032 (v02 LENOVO TP-7L    00002170 LNVO 00000001)
[    0.000000] ACPI: APIC 3d6cbc72 00068 (v01 LENOVO TP-7L    00002170 LNVO 00000001)
[    0.000000] ACPI: MCFG 3d6cbcda 0003C (v01 LENOVO TP-7L    00002170 LNVO 00000001)
[    0.000000] ACPI: HPET 3d6cbd16 00038 (v01 LENOVO TP-7L    00002170 LNVO 00000001)
[    0.000000] ACPI: SLIC 3d6cbdf0 00176 (v01 LENOVO TP-7L    00002170  LTP 00000000)
[    0.000000] ACPI: BOOT 3d6cbf66 00028 (v01 LENOVO TP-7L    00002170  LTP 00000001)
[    0.000000] ACPI: ASF! 3d6cbf8e 00072 (v16 LENOVO TP-7L    00002170 PTL  00000001)
[    0.000000] ACPI: SSDT 3d6e26d9 0025F (v01 LENOVO TP-7L    00002170 INTL 20050513)
[    0.000000] ACPI: SSDT 3d6e2938 000A6 (v01 LENOVO TP-7L    00002170 INTL 20050513)
[    0.000000] ACPI: SSDT 3d6e29de 004F7 (v01 LENOVO TP-7L    00002170 INTL 20050513)
[    0.000000] ACPI: SSDT 3d6e2ed5 001D8 (v01 LENOVO TP-7L    00002170 INTL 20050513)
[    0.000000] ACPI: DMI detected: Lenovo ThinkPad R61
[    0.000000] ACPI: Added _OSI(Linux)
[    0.000000] ACPI: Local APIC address 0xfee00000
[    0.000000] 94MB HIGHMEM available.
[    0.000000] 887MB LOWMEM available.
[    0.000000]   mapped low ram: 0 - 377fe000
[    0.000000]   low ram: 0 - 377fe000
[    0.000000]   node 0 low ram: 00000000 - 377fe000
[    0.000000]   node 0 bootmap 00008000 - 0000ef00
[    0.000000] (6 early reservations) ==> bootmem [0000000000 - 00377fe000]
[    0.000000]   #0 [0000000000 - 0000001000]   BIOS data page ==> [0000000000 - 0000001000]
[    0.000000]   #1 [0001000000 - 0001bdc180]    TEXT DATA BSS ==> [0001000000 - 0001bdc180]
[    0.000000]   #2 [000009d800 - 0000100000]    BIOS reserved ==> [000009d800 - 0000100000]
[    0.000000]   #3 [0001bdd000 - 0001be516c]              BRK ==> [0001bdd000 - 0001be516c]
[    0.000000]   #4 [0000007000 - 0000008000]          PGTABLE ==> [0000007000 - 0000008000]
[    0.000000]   #5 [0000008000 - 000000f000]          BOOTMAP ==> [0000008000 - 000000f000]
[    0.000000] found SMP MP-table at [c00f6900] f6900
[    0.000000] Zone PFN ranges:
[    0.000000]   DMA      0x00000000 -> 0x00001000
[    0.000000]   Normal   0x00001000 -> 0x000377fe
[    0.000000]   HighMem  0x000377fe -> 0x0003d6b0
[    0.000000] Movable zone start PFN for each node
[    0.000000] early_node_map[2] active PFN ranges
[    0.000000]     0: 0x00000000 -> 0x0000009d
[    0.000000]     0: 0x00000100 -> 0x0003d6b0
[    0.000000] On node 0 totalpages: 251469
[    0.000000] free_area_init_node: node 0, pgdat c1901ea0, node_mem_map c1be7000
[    0.000000]   DMA zone: 32 pages used for memmap
[    0.000000]   DMA zone: 0 pages reserved
[    0.000000]   DMA zone: 3965 pages, LIFO batch:0
[    0.000000]   Normal zone: 1744 pages used for memmap
[    0.000000]   Normal zone: 221486 pages, LIFO batch:31
[    0.000000]   HighMem zone: 190 pages used for memmap
[    0.000000]   HighMem zone: 24052 pages, LIFO batch:3
[    0.000000] Using APIC driver default
[    0.000000] ACPI: PM-Timer IO Port: 0x1008
[    0.000000] ACPI: Local APIC address 0xfee00000
[    0.000000] ACPI: LAPIC (acpi_id[0x00] lapic_id[0x00] enabled)
[    0.000000] ACPI: LAPIC (acpi_id[0x01] lapic_id[0x01] enabled)
[    0.000000] ACPI: NR_CPUS/possible_cpus limit of 1 reached.  Processor 1/0x1 ignored.
[    0.000000] ACPI: LAPIC_NMI (acpi_id[0x00] high edge lint[0x1])
[    0.000000] ACPI: LAPIC_NMI (acpi_id[0x01] high edge lint[0x1])
[    0.000000] ACPI: IOAPIC (id[0x01] address[0xfec00000] gsi_base[0])
[    0.000000] IOAPIC[0]: apic_id 1, version 32, address 0xfec00000, GSI 0-23
[    0.000000] ACPI: INT_SRC_OVR (bus 0 bus_irq 0 global_irq 2 dfl dfl)
[    0.000000] ACPI: INT_SRC_OVR (bus 0 bus_irq 9 global_irq 9 high level)
[    0.000000] ACPI: IRQ0 used by override.
[    0.000000] ACPI: IRQ2 used by override.
[    0.000000] ACPI: IRQ9 used by override.
[    0.000000] Using ACPI (MADT) for SMP configuration information
[    0.000000] ACPI: HPET id: 0x8086a201 base: 0xfed00000
[    0.000000] nr_irqs_gsi: 24
[    0.000000] PM: Registered nosave memory: 000000000009d000 - 000000000009e000
[    0.000000] PM: Registered nosave memory: 000000000009e000 - 00000000000a0000
[    0.000000] PM: Registered nosave memory: 00000000000a0000 - 00000000000d2000
[    0.000000] PM: Registered nosave memory: 00000000000d2000 - 00000000000d4000
[    0.000000] PM: Registered nosave memory: 00000000000d4000 - 00000000000e0000
[    0.000000] PM: Registered nosave memory: 00000000000e0000 - 0000000000100000
[    0.000000] Allocating PCI resources starting at 3e000000 (gap: 3e000000:b2000000)
[    0.000000] Built 1 zonelists in Zone order, mobility grouping on.  Total pages: 249503
[    0.000000] Kernel command line: auto BOOT_IMAGE=Linux ro root=802 vt.default_utf8=0 maxcpus=0
[    0.000000] PID hash table entries: 4096 (order: 2, 16384 bytes)
[    0.000000] Dentry cache hash table entries: 131072 (order: 7, 524288 bytes)
[    0.000000] Inode-cache hash table entries: 65536 (order: 6, 262144 bytes)
[    0.000000] Enabling fast FPU save and restore... done.
[    0.000000] Enabling unmasked SIMD FPU exception support... done.
[    0.000000] Initializing CPU#0
[    0.000000] Initializing HighMem for node 0 (000377fe:0003d6b0)
[    0.000000] Memory: 984800k/1006272k available (6914k kernel code, 20876k reserved, 2328k data, 448k init, 96968k highmem)
[    0.000000] virtual kernel memory layout:
[    0.000000]     fixmap  : 0xfffa3000 - 0xfffff000   ( 368 kB)
[    0.000000]     pkmap   : 0xff800000 - 0xffc00000   (4096 kB)
[    0.000000]     vmalloc : 0xf7ffe000 - 0xff7fe000   ( 120 MB)
[    0.000000]     lowmem  : 0xc0000000 - 0xf77fe000   ( 887 MB)
[    0.000000]       .init : 0xc1907000 - 0xc1977000   ( 448 kB)
[    0.000000]       .data : 0xc16c0b5f - 0xc1906c64   (2328 kB)
[    0.000000]       .text : 0xc1000000 - 0xc16c0b5f   (6914 kB)
[    0.000000] Checking if this processor honours the WP bit even in supervisor mode...Ok.
[    0.000000] SLUB: Genslabs=13, HWalign=64, Order=0-3, MinObjects=0, CPUs=1, Nodes=1
[    0.000000] Hierarchical RCU implementation.
[    0.000000] NR_IRQS:288
[    0.000000] Extended CMOS year: 2000
[    0.000000] Console: colour VGA+ 80x25
[    0.000000] console [tty0] enabled
[    0.000000] hpet clockevent registered
[    0.000000] Fast TSC calibration using PIT
[    0.000000] Detected 2094.962 MHz processor.
[    0.001002] Calibrating delay loop (skipped), value calculated using timer frequency.. 4189.92 BogoMIPS (lpj=2094962)
[    0.001176] Security Framework initialized
[    0.001265] Mount-cache hash table entries: 512
[    0.001415] CPU: L1 I cache: 32K, L1 D cache: 32K
[    0.001542] CPU: L2 cache: 3072K
[    0.002003] mce: CPU supports 6 MCE banks
[    0.002092] CPU0: Thermal monitoring enabled (TM2)
[    0.002179] using mwait in idle threads.
[    0.002264] CPU: Intel(R) Core(TM)2 Duo CPU     T8100  @ 2.10GHz stepping 06
[    0.002445] Checking 'hlt' instruction... OK.
[    0.006941] ACPI: Core revision 20090903
[    0.026014] CANARY value: 91c64f1d for PID: 1
[    0.026044] Enabling APIC mode:  Flat.  Using 1 I/O APICs
[    0.026502] ..TIMER: vector=0x30 apic1=0 pin1=2 apic2=-1 pin2=-1
[    0.037997] xor: automatically using best checksumming function: pIII_sse
[    0.041998]    pIII_sse  :  8568.000 MB/sec
[    0.042087] xor: using function: pIII_sse (8568.000 MB/sec)
[    0.042180] RANDOM - __seed init called.
[    0.042181] RANDOM - __seed init called.
[    0.042181] RANDOM - __seed init called.
[    0.042183] RANDOM - __random32 called. Change num 1.  Value: f7943846	49e73df3	af36cd0d
[    0.042185] RANDOM - __random32 called. Change num 2.  Value: 43846e13	9e73df37	9a1ad014
[    0.042187] RANDOM - __random32 called. Change num 3.  Value: 46e139c8	e73df373	a029598a
[    0.042188] RANDOM - __random32 called. Change num 4.  Value: 139c8c3b	73df373d	b3142c72
[    0.042190] RANDOM - __random32 called. Change num 5.  Value: c8c3b043	3df373de	58e576a9
[    0.042192] RANDOM - __random32 called. Change num 6.  Value: 3b0437d9	df373de5	ed53f9d8
[    0.042193] RANDOM - random32 init called.  Value: 3b0437d9	df373de5	ed53f9d8
[    0.042210] NET: Registered protocol family 16
[    0.042474] ACPI FADT declares the system doesn't support PCIe ASPM, so disable it
[    0.042597] ACPI: bus type pci registered
[    0.042775] PCI: MCFG configuration 0: base f0000000 segment 0 buses 0 - 63
[    0.042878] PCI: MCFG area at f0000000 reserved in E820
[    0.042966] PCI: Using MMCONFIG for extended config space
[    0.043002] PCI: Using configuration type 1 for base access
[    0.046166] bio: create slab <bio-0> at 0
[    0.046978] ACPI: EC: EC description table is found, configuring boot EC
[    0.052135] ACPI: BIOS _OSI(Linux) query honored via DMI
[    0.052859] random 0000 0000 0000 00000000 00000000: rand_read_num 2 get_random_bytes(8): sig fffffe1a 00000000 00000000
[    0.052861] random 0000 0000 0000 00000000 00000000: extract_entropy(.. 8 ..)
[    0.052864] random 0000 0000 0000 00000000 00000000: going to reseed nonblocking with 64 bits (64 of 0 requested)
[    0.052866] random 0000 0000 0000 00000000 00000000: extract_entropy(.. 8 ..)
[    0.052869] random 0000 0000 0000 00000000 00000000: trying to extract 64 bits from input
[    0.052871] random 0000 0000 0000 00000000 00000000: debiting 0 entropy credits from input
[    0.052872] random 0000 0000 0000 00000000 00000000: extract_entropy account returned: 0 
[    0.052902] random 0000 0000 0000 00000000 00000000: urand_change_num 3 xfer_secondary_pool(8): pool_sig fffffe1a, data_sig 00000000, bytes_mixed 0 00000000 00000000
[    0.052905] random 0000 0000 0000 00000000 00000000: trying to extract 64 bits from nonblocking
[    0.052907] random 0000 0000 0000 00000000 00000000: debiting 64 entropy credits from nonblocking (unlimited)
[    0.052909] random 0000 0000 0000 00000000 00000000: extract_entropy account returned: 8 
[    0.052913] random 0000 0000 0000 00000000 00000000: urand_change_num 4 extract_buf: pool_sig fffffe1a, data_sig fffffed7, bytes_mixed 20 00000000 00000000
[    0.058673] ACPI: Interpreter enabled
[    0.058764] ACPI: (supports S0 S3 S4 S5)
[    0.059090] ACPI: Using IOAPIC for interrupt routing
[    0.068849] ACPI: EC: GPE = 0x12, I/O: command/status = 0x66, data = 0x62
[    0.069125] ACPI: Power Resource [PUBS] (on)
[    0.071211] ACPI: ACPI Dock Station Driver: 3 docks/bays found
[    0.071623] ACPI: PCI Root Bridge [PCI0] (0000:00)
[    0.071795] pci 0000:00:02.0: reg 10 64bit mmio: [0xf8100000-0xf81fffff]
[    0.071801] pci 0000:00:02.0: reg 18 64bit mmio pref: [0xe0000000-0xefffffff]
[    0.071805] pci 0000:00:02.0: reg 20 io port: [0x1800-0x1807]
[    0.071839] pci 0000:00:02.1: reg 10 64bit mmio: [0xf8200000-0xf82fffff]
[    0.071940] pci 0000:00:19.0: reg 10 32bit mmio: [0xfe000000-0xfe01ffff]
[    0.071950] pci 0000:00:19.0: reg 14 32bit mmio: [0xfe025000-0xfe025fff]
[    0.071957] pci 0000:00:19.0: reg 18 io port: [0x1840-0x185f]
[    0.072036] pci 0000:00:19.0: PME# supported from D0 D3hot D3cold
[    0.072136] pci 0000:00:19.0: PME# disabled
[    0.072294] pci 0000:00:1a.0: reg 20 io port: [0x1860-0x187f]
[    0.072376] pci 0000:00:1a.1: reg 20 io port: [0x1880-0x189f]
[    0.072452] pci 0000:00:1a.7: reg 10 32bit mmio: [0xfe226c00-0xfe226fff]
[    0.072535] pci 0000:00:1a.7: PME# supported from D0 D3hot D3cold
[    0.072629] pci 0000:00:1a.7: PME# disabled
[    0.072778] pci 0000:00:1b.0: reg 10 64bit mmio: [0xfe020000-0xfe023fff]
[    0.072858] pci 0000:00:1b.0: PME# supported from D0 D3hot D3cold
[    0.072966] pci 0000:00:1b.0: PME# disabled
[    0.073107] pci 0000:00:1c.0: PME# supported from D0 D3hot D3cold
[    0.073199] pci 0000:00:1c.0: PME# disabled
[    0.073402] pci 0000:00:1c.1: PME# supported from D0 D3hot D3cold
[    0.073494] pci 0000:00:1c.1: PME# disabled
[    0.073702] pci 0000:00:1c.2: PME# supported from D0 D3hot D3cold
[    0.073802] pci 0000:00:1c.2: PME# disabled
[    0.074080] pci 0000:00:1c.3: PME# supported from D0 D3hot D3cold
[    0.074181] pci 0000:00:1c.3: PME# disabled
[    0.075056] pci 0000:00:1c.4: PME# supported from D0 D3hot D3cold
[    0.075157] pci 0000:00:1c.4: PME# disabled
[    0.075310] pci 0000:00:1d.0: reg 20 io port: [0x18a0-0x18bf]
[    0.075381] pci 0000:00:1d.1: reg 20 io port: [0x18c0-0x18df]
[    0.075469] pci 0000:00:1d.2: reg 20 io port: [0x18e0-0x18ff]
[    0.075556] pci 0000:00:1d.7: reg 10 32bit mmio: [0xfe227000-0xfe2273ff]
[    0.075651] pci 0000:00:1d.7: PME# supported from D0 D3hot D3cold
[    0.075756] pci 0000:00:1d.7: PME# disabled
[    0.076062] pci 0000:00:1f.0: quirk: region 1000-107f claimed by ICH6 ACPI/GPIO/TCO
[    0.076194] pci 0000:00:1f.0: quirk: region 1180-11bf claimed by ICH6 GPIO
[    0.076293] pci 0000:00:1f.0: ICH7 LPC Generic IO decode 1 PIO at 1600 (mask 007f)
[    0.076419] pci 0000:00:1f.0: ICH7 LPC Generic IO decode 2 PIO at 15e0 (mask 000f)
[    0.076557] pci 0000:00:1f.0: ICH7 LPC Generic IO decode 3 PIO at 1680 (mask 001f)
[    0.076766] pci 0000:00:1f.1: reg 10 io port: [0x00-0x07]
[    0.076778] pci 0000:00:1f.1: reg 14 io port: [0x00-0x03]
[    0.076787] pci 0000:00:1f.1: reg 18 io port: [0x00-0x07]
[    0.076798] pci 0000:00:1f.1: reg 1c io port: [0x00-0x03]
[    0.076808] pci 0000:00:1f.1: reg 20 io port: [0x1c00-0x1c0f]
[    0.076890] pci 0000:00:1f.2: reg 10 io port: [0x1c50-0x1c57]
[    0.076898] pci 0000:00:1f.2: reg 14 io port: [0x1c44-0x1c47]
[    0.076907] pci 0000:00:1f.2: reg 18 io port: [0x1c48-0x1c4f]
[    0.076916] pci 0000:00:1f.2: reg 1c io port: [0x1c40-0x1c43]
[    0.076923] pci 0000:00:1f.2: reg 20 io port: [0x1c20-0x1c3f]
[    0.076932] pci 0000:00:1f.2: reg 24 32bit mmio: [0xfe226000-0xfe2267ff]
[    0.076990] pci 0000:00:1f.2: PME# supported from D3hot
[    0.076997] pci 0000:00:1f.2: PME# disabled
[    0.077126] pci 0000:00:1f.3: reg 10 32bit mmio: [0xfe227400-0xfe2274ff]
[    0.077151] pci 0000:00:1f.3: reg 20 io port: [0x1c60-0x1c7f]
[    0.077237] pci 0000:00:1c.0: bridge io port: [0x2000-0x2fff]
[    0.077243] pci 0000:00:1c.0: bridge 32bit mmio: [0xfc000000-0xfdffffff]
[    0.077252] pci 0000:00:1c.0: bridge 64bit mmio pref: [0xf8000000-0xf80fffff]
[    0.077323] pci 0000:03:00.0: reg 10 64bit mmio: [0xdf3f0000-0xdf3fffff]
[    0.077519] pci 0000:00:1c.1: bridge io port: [0x3000-0x3fff]
[    0.077526] pci 0000:00:1c.1: bridge 32bit mmio: [0xdc000000-0xdf3fffff]
[    0.077535] pci 0000:00:1c.1: bridge 64bit mmio pref: [0xdfe00000-0xdfefffff]
[    0.077591] pci 0000:00:1c.2: bridge io port: [0x4000-0x4fff]
[    0.077597] pci 0000:00:1c.2: bridge 32bit mmio: [0xd8000000-0xd9ffffff]
[    0.077606] pci 0000:00:1c.2: bridge 64bit mmio pref: [0xdfb00000-0xdfbfffff]
[    0.077660] pci 0000:00:1c.3: bridge io port: [0x5000-0x5fff]
[    0.077667] pci 0000:00:1c.3: bridge 32bit mmio: [0xd4000000-0xd5ffffff]
[    0.077675] pci 0000:00:1c.3: bridge 64bit mmio pref: [0xdf800000-0xdf8fffff]
[    0.077731] pci 0000:00:1c.4: bridge io port: [0x6000-0x6fff]
[    0.077738] pci 0000:00:1c.4: bridge 32bit mmio: [0xd0000000-0xd1ffffff]
[    0.077747] pci 0000:00:1c.4: bridge 64bit mmio pref: [0xdf500000-0xdf5fffff]
[    0.077815] pci 0000:15:00.0: reg 10 32bit mmio: [0xf8300000-0xf8300fff]
[    0.077870] pci 0000:15:00.0: supports D1 D2
[    0.077872] pci 0000:15:00.0: PME# supported from D0 D1 D2 D3hot D3cold
[    0.077999] pci 0000:15:00.0: PME# disabled
[    0.078140] pci 0000:15:00.1: reg 10 32bit mmio: [0xf8301000-0xf83017ff]
[    0.078239] pci 0000:15:00.1: supports D1 D2
[    0.078240] pci 0000:15:00.1: PME# supported from D0 D1 D2 D3hot D3cold
[    0.078343] pci 0000:15:00.1: PME# disabled
[    0.078523] pci 0000:00:1e.0: transparent bridge
[    0.078622] pci 0000:00:1e.0: bridge io port: [0x7000-0xafff]
[    0.078628] pci 0000:00:1e.0: bridge 32bit mmio: [0xf8300000-0xfbffffff]
[    0.078635] pci 0000:00:1e.0: bridge 64bit mmio pref: [0xf4000000-0xf7ffffff]
[    0.078699] pci_bus 0000:00: on NUMA node 0
[    0.078703] ACPI: PCI Interrupt Routing Table [\_SB_.PCI0._PRT]
[    0.078837] ACPI: PCI Interrupt Routing Table [\_SB_.PCI0.EXP0._PRT]
[    0.078896] ACPI: PCI Interrupt Routing Table [\_SB_.PCI0.EXP1._PRT]
[    0.079024] ACPI: PCI Interrupt Routing Table [\_SB_.PCI0.EXP2._PRT]
[    0.079083] ACPI: PCI Interrupt Routing Table [\_SB_.PCI0.EXP3._PRT]
[    0.079146] ACPI: PCI Interrupt Routing Table [\_SB_.PCI0.EXP4._PRT]
[    0.079208] ACPI: PCI Interrupt Routing Table [\_SB_.PCI0.PCI1._PRT]
[    0.084659] ACPI: PCI Interrupt Link [LNKA] (IRQs 3 4 5 6 7 9 *10 11)
[    0.085485] ACPI: PCI Interrupt Link [LNKB] (IRQs 3 4 5 6 7 9 10 *11)
[    0.086304] ACPI: PCI Interrupt Link [LNKC] (IRQs 3 4 5 6 7 9 10 *11)
[    0.087147] ACPI: PCI Interrupt Link [LNKD] (IRQs 3 4 5 6 7 9 10 *11)
[    0.087964] ACPI: PCI Interrupt Link [LNKE] (IRQs 3 4 5 6 7 9 10 *11)
[    0.088739] ACPI: PCI Interrupt Link [LNKF] (IRQs 3 4 5 6 7 9 10 *11)
[    0.089582] ACPI: PCI Interrupt Link [LNKG] (IRQs 3 4 5 6 7 9 10 *11)
[    0.090368] ACPI: PCI Interrupt Link [LNKH] (IRQs 3 4 5 6 7 9 10 *11)
[    0.091128] vgaarb: device added: PCI:0000:00:02.0,decodes=io+mem,owns=io+mem,locks=none
[    0.091262] vgaarb: loaded
[    0.091440] SCSI subsystem initialized
[    0.091543] libata version 3.00 loaded.
[    0.091590] usbcore: registered new interface driver usbfs
[    0.091718] usbcore: registered new interface driver hub
[    0.091832] usbcore: registered new device driver usb
[    0.109043] raid6: int32x1    941 MB/s
[    0.125990] raid6: int32x2    886 MB/s
[    0.142990] raid6: int32x4    746 MB/s
[    0.159984] raid6: int32x8    656 MB/s
[    0.176986] raid6: mmxx1     2878 MB/s
[    0.193982] raid6: mmxx2     3269 MB/s
[    0.211000] raid6: sse1x1    1937 MB/s
[    0.227994] raid6: sse1x2    2535 MB/s
[    0.244985] raid6: sse2x1    3507 MB/s
[    0.261974] raid6: sse2x2    3824 MB/s
[    0.262061] raid6: using algorithm sse2x2 (3824 MB/s)
[    0.262155] PCI: Using ACPI for IRQ routing
[    0.262463] HPET: 3 timers in total, 0 timers will be used for per-cpu timer
[    0.262982] Switching to clocksource tsc
[    0.263088] pnp: PnP ACPI init
[    0.263175] ACPI: bus type pnp registered
[    0.266850] pnp: PnP ACPI: found 11 devices
[    0.266955] ACPI: ACPI bus type pnp unregistered
[    0.267061] system 00:00: iomem range 0x0-0x9ffff could not be reserved
[    0.267167] system 00:00: iomem range 0xc0000-0xc3fff could not be reserved
[    0.267272] system 00:00: iomem range 0xc4000-0xc7fff could not be reserved
[    0.267363] system 00:00: iomem range 0xc8000-0xcbfff has been reserved
[    0.267466] system 00:00: iomem range 0xcc000-0xcffff has been reserved
[    0.267558] system 00:00: iomem range 0xd0000-0xd3fff could not be reserved
[    0.267658] system 00:00: iomem range 0xe0000-0xe3fff could not be reserved
[    0.267758] system 00:00: iomem range 0xe4000-0xe7fff could not be reserved
[    0.267850] system 00:00: iomem range 0xe8000-0xebfff could not be reserved
[    0.267953] system 00:00: iomem range 0xec000-0xeffff could not be reserved
[    0.268052] system 00:00: iomem range 0xf0000-0xfffff could not be reserved
[    0.268142] system 00:00: iomem range 0x100000-0x3dffffff could not be reserved
[    0.268263] system 00:00: iomem range 0xfec00000-0xfed3ffff could not be reserved
[    0.268390] system 00:00: iomem range 0xfed4c000-0xffffffff could not be reserved
[    0.268513] system 00:02: ioport range 0x164e-0x164f has been reserved
[    0.268613] system 00:02: ioport range 0x1000-0x107f has been reserved
[    0.268712] system 00:02: ioport range 0x1180-0x11bf has been reserved
[    0.268804] system 00:02: ioport range 0x800-0x80f has been reserved
[    0.268904] system 00:02: ioport range 0x15e0-0x15ef has been reserved
[    0.269001] system 00:02: ioport range 0x1600-0x165f could not be reserved
[    0.269103] system 00:02: iomem range 0xf0000000-0xf3ffffff has been reserved
[    0.269195] system 00:02: iomem range 0xfed1c000-0xfed1ffff has been reserved
[    0.269285] system 00:02: iomem range 0xfed14000-0xfed17fff has been reserved
[    0.269375] system 00:02: iomem range 0xfed18000-0xfed18fff has been reserved
[    0.269467] system 00:02: iomem range 0xfed19000-0xfed19fff has been reserved
[    0.269559] system 00:02: iomem range 0xfed45000-0xfed4bfff has been reserved
[    0.304596] pci 0000:00:1c.0: PCI bridge, secondary bus 0000:02
[    0.304697] pci 0000:00:1c.0:   IO window: 0x2000-0x2fff
[    0.304790] pci 0000:00:1c.0:   MEM window: 0xfc000000-0xfdffffff
[    0.304887] pci 0000:00:1c.0:   PREFETCH window: 0x000000f8000000-0x000000f80fffff
[    0.305022] pci 0000:00:1c.1: PCI bridge, secondary bus 0000:03
[    0.305114] pci 0000:00:1c.1:   IO window: 0x3000-0x3fff
[    0.305205] pci 0000:00:1c.1:   MEM window: 0xdc000000-0xdf3fffff
[    0.305303] pci 0000:00:1c.1:   PREFETCH window: 0x000000dfe00000-0x000000dfefffff
[    0.305435] pci 0000:00:1c.2: PCI bridge, secondary bus 0000:04
[    0.305540] pci 0000:00:1c.2:   IO window: 0x4000-0x4fff
[    0.305631] pci 0000:00:1c.2:   MEM window: 0xd8000000-0xd9ffffff
[    0.305732] pci 0000:00:1c.2:   PREFETCH window: 0x000000dfb00000-0x000000dfbfffff
[    0.305866] pci 0000:00:1c.3: PCI bridge, secondary bus 0000:05
[    0.305954] pci 0000:00:1c.3:   IO window: 0x5000-0x5fff
[    0.306050] pci 0000:00:1c.3:   MEM window: 0xd4000000-0xd5ffffff
[    0.306140] pci 0000:00:1c.3:   PREFETCH window: 0x000000df800000-0x000000df8fffff
[    0.306269] pci 0000:00:1c.4: PCI bridge, secondary bus 0000:0d
[    0.306370] pci 0000:00:1c.4:   IO window: 0x6000-0x6fff
[    0.306464] pci 0000:00:1c.4:   MEM window: 0xd0000000-0xd1ffffff
[    0.306559] pci 0000:00:1c.4:   PREFETCH window: 0x000000df500000-0x000000df5fffff
[    0.306694] pci 0000:15:00.0: CardBus bridge, secondary bus 0000:16
[    0.306782] pci 0000:15:00.0:   IO window: 0x007000-0x0070ff
[    0.306884] pci 0000:15:00.0:   IO window: 0x007400-0x0074ff
[    0.306986] pci 0000:15:00.0:   PREFETCH window: 0xf4000000-0xf7ffffff
[    0.307079] pci 0000:15:00.0:   MEM window: 0x40000000-0x43ffffff
[    0.307178] pci 0000:00:1e.0: PCI bridge, secondary bus 0000:15
[    0.307284] pci 0000:00:1e.0:   IO window: 0x7000-0xafff
[    0.307385] pci 0000:00:1e.0:   MEM window: 0xf8300000-0xfbffffff
[    0.307478] pci 0000:00:1e.0:   PREFETCH window: 0x000000f4000000-0x000000f7ffffff
[    0.307630] pci 0000:00:1c.0: PCI INT A -> GSI 20 (level, low) -> IRQ 20
[    0.307736] pci 0000:00:1c.0: setting latency timer to 64
[    0.307750] pci 0000:00:1c.1: PCI INT B -> GSI 21 (level, low) -> IRQ 21
[    0.307845] pci 0000:00:1c.1: setting latency timer to 64
[    0.307864] pci 0000:00:1c.2: PCI INT C -> GSI 22 (level, low) -> IRQ 22
[    0.307971] pci 0000:00:1c.2: setting latency timer to 64
[    0.307985] pci 0000:00:1c.3: PCI INT D -> GSI 23 (level, low) -> IRQ 23
[    0.308086] pci 0000:00:1c.3: setting latency timer to 64
[    0.308104] pci 0000:00:1c.4: PCI INT A -> GSI 20 (level, low) -> IRQ 20
[    0.308206] pci 0000:00:1c.4: setting latency timer to 64
[    0.308211] pci 0000:00:1e.0: enabling device (0005 -> 0007)
[    0.308306] pci 0000:00:1e.0: setting latency timer to 64
[    0.308319] pci 0000:15:00.0: PCI INT A -> GSI 16 (level, low) -> IRQ 16
[    0.308419] pci 0000:15:00.0: setting latency timer to 64
[    0.308425] pci_bus 0000:00: resource 0 io:  [0x00-0xffff]
[    0.308427] pci_bus 0000:00: resource 1 mem: [0x000000-0xffffffff]
[    0.308428] pci_bus 0000:02: resource 0 io:  [0x2000-0x2fff]
[    0.308430] pci_bus 0000:02: resource 1 mem: [0xfc000000-0xfdffffff]
[    0.308432] pci_bus 0000:02: resource 2 pref mem [0xf8000000-0xf80fffff]
[    0.308434] pci_bus 0000:03: resource 0 io:  [0x3000-0x3fff]
[    0.308436] pci_bus 0000:03: resource 1 mem: [0xdc000000-0xdf3fffff]
[    0.308437] pci_bus 0000:03: resource 2 pref mem [0xdfe00000-0xdfefffff]
[    0.308439] pci_bus 0000:04: resource 0 io:  [0x4000-0x4fff]
[    0.308441] pci_bus 0000:04: resource 1 mem: [0xd8000000-0xd9ffffff]
[    0.308443] pci_bus 0000:04: resource 2 pref mem [0xdfb00000-0xdfbfffff]
[    0.308445] pci_bus 0000:05: resource 0 io:  [0x5000-0x5fff]
[    0.308446] pci_bus 0000:05: resource 1 mem: [0xd4000000-0xd5ffffff]
[    0.308448] pci_bus 0000:05: resource 2 pref mem [0xdf800000-0xdf8fffff]
[    0.308450] pci_bus 0000:0d: resource 0 io:  [0x6000-0x6fff]
[    0.308452] pci_bus 0000:0d: resource 1 mem: [0xd0000000-0xd1ffffff]
[    0.308453] pci_bus 0000:0d: resource 2 pref mem [0xdf500000-0xdf5fffff]
[    0.308455] pci_bus 0000:15: resource 0 io:  [0x7000-0xafff]
[    0.308457] pci_bus 0000:15: resource 1 mem: [0xf8300000-0xfbffffff]
[    0.308459] pci_bus 0000:15: resource 2 pref mem [0xf4000000-0xf7ffffff]
[    0.308461] pci_bus 0000:15: resource 3 io:  [0x00-0xffff]
[    0.308462] pci_bus 0000:15: resource 4 mem: [0x000000-0xffffffff]
[    0.308464] pci_bus 0000:16: resource 0 io:  [0x7000-0x70ff]
[    0.308466] pci_bus 0000:16: resource 1 io:  [0x7400-0x74ff]
[    0.308467] pci_bus 0000:16: resource 2 pref mem [0xf4000000-0xf7ffffff]
[    0.308469] pci_bus 0000:16: resource 3 mem: [0x40000000-0x43ffffff]
[    0.308477] NET: Registered protocol family 2
[    0.308567] RANDOM - __random32 called. Change num 7.  Value: 437d97bf	f373de51	f3b0f986
[    0.308569] RANDOM - random32 called.  Value: 437d97bf	f373de51	f3b0f986
[    0.308573] random 0000 0000 0000 5f8db4e5 4cfdf2a8: rand_read_num 3 get_random_bytes(4): sig fffffb64 5f8db4e5 4cfdf2a8
[    0.308576] random 0000 0000 0000 5f8db4e5 4cfdf2a8: extract_entropy(.. 4 ..)
[    0.308578] random 0000 0000 0000 5f8db4e5 4cfdf2a8: going to reseed nonblocking with 64 bits (32 of 0 requested)
[    0.308580] random 0000 0000 0000 5f8db4e5 4cfdf2a8: extract_entropy(.. 8 ..)
[    0.308582] random 0000 0000 0000 5f8db4e5 4cfdf2a8: trying to extract 64 bits from input
[    0.308584] random 0000 0000 0000 5f8db4e5 4cfdf2a8: debiting 0 entropy credits from input
[    0.308586] random 0000 0000 0000 5f8db4e5 4cfdf2a8: extract_entropy account returned: 0 
[    0.308589] random 0000 0000 0000 5f8db4e5 4cfdf2a8: urand_change_num 5 xfer_secondary_pool(4): pool_sig fffffb64, data_sig 00000000, bytes_mixed 0 5f8db4e5 4cfdf2a8
[    0.308592] random 0000 0000 0000 5f8db4e5 4cfdf2a8: trying to extract 32 bits from nonblocking
[    0.308594] random 0000 0000 0000 5f8db4e5 4cfdf2a8: debiting 32 entropy credits from nonblocking (unlimited)
[    0.308596] random 0000 0000 0000 5f8db4e5 4cfdf2a8: extract_entropy account returned: 4 
[    0.308601] random 0000 0000 0000 5f8db4e5 4cfdf2a8: urand_change_num 6 extract_buf: pool_sig fffffb64, data_sig 00000241, bytes_mixed 20 5f8db4e5 4cfdf2a8
[    0.308610] IP route cache hash table entries: 32768 (order: 5, 131072 bytes)
[    0.308740] RANDOM - __random32 called. Change num 8.  Value: d97bfe31	373de51f	f30dc6e6
[    0.308742] RANDOM - random32 called.  Value: d97bfe31	373de51f	f30dc6e6
[    0.308752] RANDOM - __random32 called. Change num 9.  Value: bfe314d7	73de51f5	8dcd6c7e
[    0.308754] RANDOM - random32 called.  Value: bfe314d7	73de51f5	8dcd6c7e
[    0.308756] RANDOM - __random32 called. Change num 10.  Value: 314d7baf	3de51f5e	d8fc74c1
[    0.308757] RANDOM - random32 called.  Value: 314d7baf	3de51f5e	d8fc74c1
[    0.308768] RANDOM - __random32 called. Change num 11.  Value: d7baf3c7	de51f5e5	e983e3fa
[    0.308770] RANDOM - random32 called.  Value: d7baf3c7	de51f5e5	e983e3fa
[    0.308780] TCP established hash table entries: 131072 (order: 8, 1048576 bytes)
[    0.309277] TCP bind hash table entries: 65536 (order: 6, 262144 bytes)
[    0.309469] TCP: Hash tables configured (established 131072 bind 65536)
[    0.309561] TCP reno registered
[    0.309675] NET: Registered protocol family 1
[    0.309789] RPC: Registered udp transport module.
[    0.309890] RPC: Registered tcp transport module.
[    0.309991] RPC: Registered tcp NFSv4.1 backchannel transport module.
[    0.310086] pci 0000:00:02.0: Boot video device
[    0.310297] Simple Boot Flag at 0x35 set to 0x1
[    0.310815] highmem bounce pool size: 64 pages
[    0.312383] VFS: Disk quotas dquot_6.5.2
[    0.312515] Dquot-cache hash table entries: 1024 (order 0, 4096 bytes)
[    0.313195] NTFS driver 2.1.29 [Flags: R/W].
[    0.313365] ROMFS MTD (C) 2007 Red Hat, Inc.
[    0.313583] JFS: nTxBlock = 7695, nTxLock = 61562
[    0.316039] SGI XFS with ACLs, security attributes, large block/inode numbers, no debug enabled
[    0.316523] SGI XFS Quota Management subsystem
[    0.316806] Slow work thread pool: Starting up
[    0.316960] Slow work thread pool: Ready
[    0.317055] GFS2 (built May 24 2013 02:47:17) installed
[    0.317157] msgmni has been set to 1734
[    0.317321] alg: No test for cipher_null (cipher_null-generic)
[    0.317422] alg: No test for ecb(cipher_null) (ecb-cipher_null)
[    0.317524] alg: No test for digest_null (digest_null-generic)
[    0.317627] alg: No test for compress_null (compress_null-generic)
[    0.318183] alg: No test for fcrypt (fcrypt-generic)
[    0.319595] alg: No test for stdrng (krng)
[    0.319686] async_tx: api initialized (async)
[    0.319839] Block layer SCSI generic (bsg) driver version 0.4 loaded (major 254)
[    0.319967] io scheduler noop registered
[    0.320055] io scheduler anticipatory registered
[    0.320148] io scheduler deadline registered
[    0.320280] io scheduler cfq registered (default)
[    0.320515] pcieport 0000:00:1c.0: irq 24 for MSI/MSI-X
[    0.320534] pcieport 0000:00:1c.0: setting latency timer to 64
[    0.320720] pcieport 0000:00:1c.1: irq 25 for MSI/MSI-X
[    0.320731] pcieport 0000:00:1c.1: setting latency timer to 64
[    0.320932] pcieport 0000:00:1c.2: irq 26 for MSI/MSI-X
[    0.320941] pcieport 0000:00:1c.2: setting latency timer to 64
[    0.321120] pcieport 0000:00:1c.3: irq 27 for MSI/MSI-X
[    0.321131] pcieport 0000:00:1c.3: setting latency timer to 64
[    0.321305] pcieport 0000:00:1c.4: irq 28 for MSI/MSI-X
[    0.321316] pcieport 0000:00:1c.4: setting latency timer to 64
[    0.321460] pci_hotplug: PCI Hot Plug PCI Core version: 0.5
[    0.321659] isapnp: Scanning for PnP cards...
[    0.682182] isapnp: No Plug & Play device found
[    0.682272] random 0000 0000 0000 5f8db4e5 4cfdf2a8: initializing
[    0.701761] Serial: 8250/16550 driver, 4 ports, IRQ sharing enabled
[    3.712312] floppy0: no floppy controllers found
[    3.713255] brd: module loaded
[    3.713759] loop: module loaded
[    3.713850] Compaq SMART2 Driver (v 2.6.0)
[    3.713973] HP CISS Driver (v 3.6.20)
[    3.714217] input: Macintosh mouse button emulation as /devices/virtual/input/input0
[    3.714357] Uniform Multi-Platform E-IDE driver
[    3.714589] piix 0000:00:1f.1: IDE controller (0x8086:0x2850 rev 0x03)
[    3.714705] pci 0000:00:1f.1: PCI INT C -> GSI 16 (level, low) -> IRQ 16
[    3.714808] piix 0000:00:1f.1: IDE port disabled
[    3.714906] piix 0000:00:1f.1: not 100% native mode: will probe irqs later
[    3.715008]     ide0: BM-DMA at 0x1c00-0x1c07
[    3.715116] Probing IDE interface ide0...
[    4.386421] hda: HL-DT-ST DVDRAM GSA-U10N, ATAPI CD/DVD-ROM drive
[    4.693183] hda: host max PIO4 wanted PIO255(auto-tune) selected PIO4
[    4.693959] hda: UDMA/33 mode selected
[    4.694426] ide0 at 0x1f0-0x1f7,0x3f6 on irq 14
[    4.698339] ide-gd driver 1.18
[    4.698447] ide-cd driver 5.00
[    4.699841] ide-cd: hda: ATAPI 24X DVD-ROM DVD-R/RAM CD-R/RW drive, 2048kB Cache
[    4.700304] Uniform CD-ROM driver Revision: 3.20
[    4.707335] Loading iSCSI transport class v2.0-870.
[    4.707622] rdac: device handler registered
[    4.707718] hp_sw: device handler registered
[    4.707804] emc: device handler registered
[    4.707890] alua: device handler registered
[    4.708875] Adaptec aacraid driver 1.1-5[2461]-ms
[    4.709293] scsi: <fdomain> Detection failed (no card)
[    4.709406] sym53c416.c: Version 1.0.0-ac
[    4.709517] qlogicfas: no cards were found, please specify I/O address and IRQ using iobase= and irq= options
[    4.709645] QLogic Fibre Channel HBA Driver: 8.03.01-k6
[    4.709877] iscsi: registered transport (qla4xxx)
[    4.709985] QLogic iSCSI HBA Driver
[    4.710072] Emulex LightPulse Fibre Channel SCSI driver 8.3.4
[    4.710170] Copyright(c) 2004-2009 Emulex.  All rights reserved.
[    4.732163] Failed initialization of WD-7000 SCSI card!
[    4.821446] DC390: clustering now enabled by default. If you get problems load
[    4.821570]        with "disable_clustering=1" and report to maintainers
[    4.821709] megaraid cmm: 2.20.2.7 (Release Date: Sun Jul 16 00:01:03 EST 2006)
[    4.821862] megaraid: 2.20.5.1 (Release Date: Thu Nov 16 15:32:35 EST 2006)
[    4.821971] megasas: 00.00.04.01 Thu July 24 11:41:51 PST 2008
[    4.822113] GDT-HA: Storage RAID Controller Driver. Version: 3.05
[    4.822263] 3ware Storage Controller device driver for Linux v1.26.02.002.
[    4.822373] 3ware 9000 Storage Controller device driver for Linux v2.26.02.012.
[    4.822515] nsp32: loading...
[    4.822620] ipr: IBM Power RAID SCSI Device Driver version: 2.4.3 (June 10, 2009)
[    4.822764] RocketRAID 3xxx/4xxx Controller driver v1.6 (090910)
[    4.822874] stex: Promise SuperTrak EX Driver version: 4.6.0000.3
[    4.823010] st: Version 20081215, fixed bufsize 32768, s/g segs 256
[    4.823216] ahci 0000:00:1f.2: version 3.0
[    4.823231] ahci 0000:00:1f.2: PCI INT B -> GSI 16 (level, low) -> IRQ 16
[    4.823368] ahci 0000:00:1f.2: irq 29 for MSI/MSI-X
[    4.823425] ahci 0000:00:1f.2: AHCI 0001.0100 32 slots 3 ports 1.5 Gbps 0x5 impl SATA mode
[    4.823548] ahci 0000:00:1f.2: flags: 64bit ncq sntf pm led clo pio slum part ccc 
[    4.823674] ahci 0000:00:1f.2: setting latency timer to 64
[    4.823816] scsi2 : ahci
[    4.823983] scsi3 : ahci
[    4.824122] scsi4 : ahci
[    4.824309] ata1: SATA max UDMA/133 abar m2048@0xfe226000 port 0xfe226100 irq 29
[    4.824435] ata2: DUMMY
[    4.824519] ata3: SATA max UDMA/133 abar m2048@0xfe226000 port 0xfe226200 irq 29
[    4.825141] I2O subsystem v1.325
[    4.825231] i2o: max drivers = 8
[    4.825384] I2O Configuration OSM v1.323
[    4.825486] I2O Bus Adapter OSM v1.317
[    4.825588] I2O Block Device OSM v1.325
[    4.825746] I2O SCSI Peripheral OSM v1.316
[    4.825857] I2O ProcFS OSM v1.316
[    4.825964] Fusion MPT base driver 3.04.12
[    4.826053] Copyright (c) 1999-2008 LSI Corporation
[    4.826170] Fusion MPT SPI Host driver 3.04.12
[    4.826321] Fusion MPT FC Host driver 3.04.12
[    4.826431] Fusion MPT SAS Host driver 3.04.12
[    4.826582] ohci1394 0000:15:00.1: PCI INT B -> GSI 17 (level, low) -> IRQ 17
[    4.826677] ohci1394 0000:15:00.1: setting latency timer to 64
[    4.880160] ohci1394: fw-host0: OHCI-1394 1.1 (PCI): IRQ=[17]  MMIO=[f8301000-f83017ff]  Max Packet=[2048]  IR/IT contexts=[4/4]
[    4.884430] ehci_hcd: USB 2.0 'Enhanced' Host Controller (EHCI) Driver
[    4.884707] ehci_hcd 0000:00:1a.7: power state changed by ACPI to D0
[    4.884964] ehci_hcd 0000:00:1a.7: power state changed by ACPI to D0
[    4.885067] ehci_hcd 0000:00:1a.7: PCI INT C -> GSI 22 (level, low) -> IRQ 22
[    4.885175] ehci_hcd 0000:00:1a.7: setting latency timer to 64
[    4.885178] ehci_hcd 0000:00:1a.7: EHCI Host Controller
[    4.885311] ehci_hcd 0000:00:1a.7: new USB bus registered, assigned bus number 1
[    4.889373] ehci_hcd 0000:00:1a.7: cache line size of 32 is not supported
[    4.889382] ehci_hcd 0000:00:1a.7: irq 22, io mem 0xfe226c00
[    4.899120] ehci_hcd 0000:00:1a.7: USB 2.0 started, EHCI 1.00
[    4.899229] usb usb1: New USB device found, idVendor=1d6b, idProduct=0002
[    4.899319] usb usb1: New USB device strings: Mfr=3, Product=2, SerialNumber=1
[    4.899452] usb usb1: Product: EHCI Host Controller
[    4.899541] usb usb1: Manufacturer: Linux 2.6.32.57 ehci_hcd
[    4.899636] usb usb1: SerialNumber: 0000:00:1a.7
[    4.899786] usb usb1: configuration #1 chosen from 1 choice
[    4.899905] hub 1-0:1.0: USB hub found
[    4.899997] hub 1-0:1.0: 4 ports detected
[    4.900364] ehci_hcd 0000:00:1d.7: power state changed by ACPI to D0
[    4.900618] ehci_hcd 0000:00:1d.7: power state changed by ACPI to D0
[    4.900723] ehci_hcd 0000:00:1d.7: PCI INT D -> GSI 19 (level, low) -> IRQ 19
[    4.900819] ehci_hcd 0000:00:1d.7: setting latency timer to 64
[    4.900824] ehci_hcd 0000:00:1d.7: EHCI Host Controller
[    4.900949] ehci_hcd 0000:00:1d.7: new USB bus registered, assigned bus number 2
[    4.901101] ehci_hcd 0000:00:1d.7: debug port 1
[    4.905081] ehci_hcd 0000:00:1d.7: cache line size of 32 is not supported
[    4.905089] ehci_hcd 0000:00:1d.7: irq 19, io mem 0xfe227000
[    4.915118] ehci_hcd 0000:00:1d.7: USB 2.0 started, EHCI 1.00
[    4.915233] usb usb2: New USB device found, idVendor=1d6b, idProduct=0002
[    4.915332] usb usb2: New USB device strings: Mfr=3, Product=2, SerialNumber=1
[    4.915448] usb usb2: Product: EHCI Host Controller
[    4.915539] usb usb2: Manufacturer: Linux 2.6.32.57 ehci_hcd
[    4.915642] usb usb2: SerialNumber: 0000:00:1d.7
[    4.915781] usb usb2: configuration #1 chosen from 1 choice
[    4.915903] hub 2-0:1.0: USB hub found
[    4.915995] hub 2-0:1.0: 6 ports detected
[    4.916180] 116x: driver isp116x-hcd, 03 Nov 2005
[    4.916291] ohci_hcd: USB 1.1 'Open' Host Controller (OHCI) Driver
[    4.916406] uhci_hcd: USB Universal Host Controller Interface driver
[    4.916521] uhci_hcd 0000:00:1a.0: PCI INT A -> GSI 20 (level, low) -> IRQ 20
[    4.916621] uhci_hcd 0000:00:1a.0: setting latency timer to 64
[    4.916626] uhci_hcd 0000:00:1a.0: UHCI Host Controller
[    4.916753] uhci_hcd 0000:00:1a.0: new USB bus registered, assigned bus number 3
[    4.916903] uhci_hcd 0000:00:1a.0: irq 20, io base 0x00001860
[    4.917014] usb usb3: New USB device found, idVendor=1d6b, idProduct=0001
[    4.917110] usb usb3: New USB device strings: Mfr=3, Product=2, SerialNumber=1
[    4.917237] usb usb3: Product: UHCI Host Controller
[    4.917325] usb usb3: Manufacturer: Linux 2.6.32.57 uhci_hcd
[    4.917416] usb usb3: SerialNumber: 0000:00:1a.0
[    4.917555] usb usb3: configuration #1 chosen from 1 choice
[    4.917681] hub 3-0:1.0: USB hub found
[    4.917772] hub 3-0:1.0: 2 ports detected
[    4.918074] uhci_hcd 0000:00:1a.1: power state changed by ACPI to D0
[    4.918368] uhci_hcd 0000:00:1a.1: power state changed by ACPI to D0
[    4.918476] uhci_hcd 0000:00:1a.1: PCI INT B -> GSI 21 (level, low) -> IRQ 21
[    4.918579] uhci_hcd 0000:00:1a.1: setting latency timer to 64
[    4.918583] uhci_hcd 0000:00:1a.1: UHCI Host Controller
[    4.918710] uhci_hcd 0000:00:1a.1: new USB bus registered, assigned bus number 4
[    4.918869] uhci_hcd 0000:00:1a.1: irq 21, io base 0x00001880
[    4.918984] usb usb4: New USB device found, idVendor=1d6b, idProduct=0001
[    4.919083] usb usb4: New USB device strings: Mfr=3, Product=2, SerialNumber=1
[    4.919218] usb usb4: Product: UHCI Host Controller
[    4.919308] usb usb4: Manufacturer: Linux 2.6.32.57 uhci_hcd
[    4.919398] usb usb4: SerialNumber: 0000:00:1a.1
[    4.919540] usb usb4: configuration #1 chosen from 1 choice
[    4.919667] hub 4-0:1.0: USB hub found
[    4.919761] hub 4-0:1.0: 2 ports detected
[    4.920058] uhci_hcd 0000:00:1d.0: power state changed by ACPI to D0
[    4.920354] uhci_hcd 0000:00:1d.0: power state changed by ACPI to D0
[    4.920462] uhci_hcd 0000:00:1d.0: PCI INT A -> GSI 16 (level, low) -> IRQ 16
[    4.920564] uhci_hcd 0000:00:1d.0: setting latency timer to 64
[    4.920569] uhci_hcd 0000:00:1d.0: UHCI Host Controller
[    4.920699] uhci_hcd 0000:00:1d.0: new USB bus registered, assigned bus number 5
[    4.920849] uhci_hcd 0000:00:1d.0: irq 16, io base 0x000018a0
[    4.920965] usb usb5: New USB device found, idVendor=1d6b, idProduct=0001
[    4.921056] usb usb5: New USB device strings: Mfr=3, Product=2, SerialNumber=1
[    4.921183] usb usb5: Product: UHCI Host Controller
[    4.921281] usb usb5: Manufacturer: Linux 2.6.32.57 uhci_hcd
[    4.921369] usb usb5: SerialNumber: 0000:00:1d.0
[    4.921509] usb usb5: configuration #1 chosen from 1 choice
[    4.921631] hub 5-0:1.0: USB hub found
[    4.921725] hub 5-0:1.0: 2 ports detected
[    4.921871] uhci_hcd 0000:00:1d.1: PCI INT B -> GSI 17 (level, low) -> IRQ 17
[    4.921977] uhci_hcd 0000:00:1d.1: setting latency timer to 64
[    4.921979] uhci_hcd 0000:00:1d.1: UHCI Host Controller
[    4.922123] uhci_hcd 0000:00:1d.1: new USB bus registered, assigned bus number 6
[    4.922272] uhci_hcd 0000:00:1d.1: irq 17, io base 0x000018c0
[    4.922384] usb usb6: New USB device found, idVendor=1d6b, idProduct=0001
[    4.922479] usb usb6: New USB device strings: Mfr=3, Product=2, SerialNumber=1
[    4.922605] usb usb6: Product: UHCI Host Controller
[    4.922703] usb usb6: Manufacturer: Linux 2.6.32.57 uhci_hcd
[    4.922793] usb usb6: SerialNumber: 0000:00:1d.1
[    4.922927] usb usb6: configuration #1 chosen from 1 choice
[    4.923050] hub 6-0:1.0: USB hub found
[    4.923156] hub 6-0:1.0: 2 ports detected
[    4.923463] uhci_hcd 0000:00:1d.2: power state changed by ACPI to D0
[    4.923713] uhci_hcd 0000:00:1d.2: power state changed by ACPI to D0
[    4.923811] uhci_hcd 0000:00:1d.2: PCI INT C -> GSI 18 (level, low) -> IRQ 18
[    4.923912] uhci_hcd 0000:00:1d.2: setting latency timer to 64
[    4.923915] uhci_hcd 0000:00:1d.2: UHCI Host Controller
[    4.924047] uhci_hcd 0000:00:1d.2: new USB bus registered, assigned bus number 7
[    4.924213] uhci_hcd 0000:00:1d.2: irq 18, io base 0x000018e0
[    4.924325] usb usb7: New USB device found, idVendor=1d6b, idProduct=0001
[    4.924416] usb usb7: New USB device strings: Mfr=3, Product=2, SerialNumber=1
[    4.924537] usb usb7: Product: UHCI Host Controller
[    4.924630] usb usb7: Manufacturer: Linux 2.6.32.57 uhci_hcd
[    4.924723] usb usb7: SerialNumber: 0000:00:1d.2
[    4.925520] usb usb7: configuration #1 chosen from 1 choice
[    4.925640] hub 7-0:1.0: USB hub found
[    4.925733] hub 7-0:1.0: 2 ports detected
[    4.925897] sl811: driver sl811-hcd, 19 May 2005
[    4.925998] r8a66597_hcd: driver r8a66597_hcd, 2009-05-26
[    4.926174] Initializing USB Mass Storage driver...
[    4.926302] usbcore: registered new interface driver usb-storage
[    4.926394] USB Mass Storage support registered.
[    4.926500] usbcore: registered new interface driver ums-alauda
[    4.926612] usbcore: registered new interface driver ums-cypress
[    4.926728] usbcore: registered new interface driver ums-datafab
[    4.926841] usbcore: registered new interface driver ums-freecom
[    4.926947] usbcore: registered new interface driver ums-isd200
[    4.927060] usbcore: registered new interface driver ums-jumpshot
[    4.927181] usbcore: registered new interface driver ums-karma
[    4.927288] usbcore: registered new interface driver ums-onetouch
[    4.927397] usbcore: registered new interface driver ums-sddr09
[    4.927502] usbcore: registered new interface driver ums-sddr55
[    4.927619] usbcore: registered new interface driver ums-usbat
[    4.927769] PNP: PS/2 Controller [PNP0303:KBD,PNP0f13:MOU] at 0x60,0x64 irq 1,12
[    4.935821] serio: i8042 KBD port at 0x60,0x64 irq 1
[    4.935907] serio: i8042 AUX port at 0x60,0x64 irq 12
[    4.936167] mice: PS/2 mouse device common for all mice
[    4.936286] i2c /dev entries driver
[    4.936424] md: linear personality registered for level -1
[    4.936514] md: raid0 personality registered for level 0
[    4.936608] md: raid1 personality registered for level 1
[    4.936703] md: raid10 personality registered for level 10
[    4.936797] md: raid6 personality registered for level 6
[    4.936890] md: raid5 personality registered for level 5
[    4.936980] md: raid4 personality registered for level 4
[    4.937083] md: multipath personality registered for level -4
[    4.937284] device-mapper: ioctl: 4.15.0-ioctl (2009-04-01) initialised: dm-devel@redhat.com
[    4.937487] cpuidle: using governor ladder
[    4.938088] usbcore: registered new interface driver usbhid
[    4.938190] usbhid: v2.6:USB HID core driver
[    4.938343] random 0000 0000 0000 00000000 00000000: rand_read_num 4 get_random_bytes(136): sig 00000000 00000000 00000000
[    4.938346] random 0000 0000 0000 00000000 00000000: extract_entropy(.. 136 ..)
[    4.938348] random 0000 0000 0000 00000000 00000000: going to reseed nonblocking with 1024 bits (1088 of 0 requested)
[    4.938351] random 0000 0000 0000 00000000 00000000: extract_entropy(.. 128 ..)
[    4.938353] random 0000 0000 0000 00000000 00000000: trying to extract 1024 bits from input
[    4.938355] random 0000 0000 0000 00000000 00000000: debiting 0 entropy credits from input
[    4.938357] random 0000 0000 0000 00000000 00000000: extract_entropy account returned: 0 
[    4.938360] random 0000 0000 0000 00000000 00000000: urand_change_num 7 xfer_secondary_pool(136): pool_sig 00000000, data_sig 00000000, bytes_mixed 0 00000000 00000000
[    4.938363] random 0000 0000 0000 00000000 00000000: trying to extract 1088 bits from nonblocking
[    4.938365] random 0000 0000 0000 00000000 00000000: debiting 1088 entropy credits from nonblocking (unlimited)
[    4.938367] random 0000 0000 0000 00000000 00000000: extract_entropy account returned: 136 
[    4.938371] random 0000 0000 0000 00000000 00000000: urand_change_num 8 extract_buf: pool_sig 00000000, data_sig fffffff9, bytes_mixed 20 00000000 00000000
[    4.938377] random 0000 0000 0000 b7c35b56 be4dc95d: urand_change_num 9 extract_buf: pool_sig fffffd1e, data_sig 000000c5, bytes_mixed 20 b7c35b56 be4dc95d
[    4.938382] random 0000 0000 0000 ed9f5c47 c48487fb: urand_change_num 10 extract_buf: pool_sig fffff8ec, data_sig ffffff68, bytes_mixed 20 ed9f5c47 c48487fb
[    4.938387] random 0000 0000 0000 ed9f5c47 c48487fb: urand_change_num 11 extract_buf: pool_sig fffffaed, data_sig 000001aa, bytes_mixed 20 ed9f5c47 c48487fb
[    4.938393] random 0000 0000 0000 1b4f7c0a 91bd6a48: urand_change_num 12 extract_buf: pool_sig fffffdd8, data_sig 00000064, bytes_mixed 20 1b4f7c0a 91bd6a48
[    4.938398] random 0000 0000 0000 a254b9bc 20e9a24f: urand_change_num 13 extract_buf: pool_sig fffffbe6, data_sig 000001dd, bytes_mixed 20 a254b9bc 20e9a24f
[    4.938403] random 0000 0000 0000 a254b9bc 20e9a24f: urand_change_num 14 extract_buf: pool_sig fffff940, data_sig fffffe20, bytes_mixed 20 a254b9bc 20e9a24f
[    4.938408] random 0000 0000 0000 2831a66b 5fa2a3ad: urand_change_num 15 extract_buf: pool_sig fffffbce, data_sig 0000007e, bytes_mixed 20 2831a66b 5fa2a3ad
[    4.938413] random 0000 0000 0000 2831a66b 5fa2a3ad: urand_change_num 16 extract_buf: pool_sig 000004df, data_sig fffffe8f, bytes_mixed 20 2831a66b 5fa2a3ad
[    4.938419] random 0000 0000 0000 d4512bfd c9a54e0b: urand_change_num 17 extract_buf: pool_sig 00000485, data_sig fffffe68, bytes_mixed 20 d4512bfd c9a54e0b
[    4.938424] random 0000 0000 0000 c7371be6 f9ffea11: urand_change_num 18 extract_buf: pool_sig 00000095, data_sig ffffffed, bytes_mixed 20 c7371be6 f9ffea11
[    4.938429] random 0000 0000 0000 c7371be6 f9ffea11: urand_change_num 19 extract_buf: pool_sig 000003a7, data_sig fffffefa, bytes_mixed 20 c7371be6 f9ffea11
[    4.938434] random 0000 0000 0000 8fb4b62c d1ddba54: urand_change_num 20 extract_buf: pool_sig 00000179, data_sig ffffff78, bytes_mixed 20 8fb4b62c d1ddba54
[    4.938439] random 0000 0000 0000 9ff19f9c c07a1d2a: urand_change_num 21 extract_buf: pool_sig fffffe88, data_sig 00000126, bytes_mixed 20 9ff19f9c c07a1d2a
[    4.938443] TCP cubic registered
[    4.938541] Initializing XFRM netlink socket
[    4.938635] NET: Registered protocol family 17
[    4.938737] Using IPI Shortcut mode
[    4.938833] random 0000 0000 0000 9ff19f9c c07a1d2a: rand_read_num 5 get_random_bytes(8): sig 0000031b 9ff19f9c c07a1d2a
[    4.938835] random 0000 0000 0000 9ff19f9c c07a1d2a: extract_entropy(.. 8 ..)
[    4.938837] random 0000 0000 0000 9ff19f9c c07a1d2a: going to reseed nonblocking with 64 bits (64 of 0 requested)
[    4.938839] random 0000 0000 0000 9ff19f9c c07a1d2a: extract_entropy(.. 8 ..)
[    4.938841] random 0000 0000 0000 9ff19f9c c07a1d2a: trying to extract 64 bits from input
[    4.938844] random 0000 0000 0000 9ff19f9c c07a1d2a: debiting 0 entropy credits from input
[    4.938845] random 0000 0000 0000 9ff19f9c c07a1d2a: extract_entropy account returned: 0 
[    4.938849] random 0000 0000 0000 9ff19f9c c07a1d2a: urand_change_num 22 xfer_secondary_pool(8): pool_sig 0000031b, data_sig 00000000, bytes_mixed 0 9ff19f9c c07a1d2a
[    4.938851] random 0000 0000 0000 9ff19f9c c07a1d2a: trying to extract 64 bits from nonblocking
[    4.938854] random 0000 0000 0000 9ff19f9c c07a1d2a: debiting 64 entropy credits from nonblocking (unlimited)
[    4.938856] random 0000 0000 0000 9ff19f9c c07a1d2a: extract_entropy account returned: 8 
[    4.938860] random 0000 0000 0000 9ff19f9c c07a1d2a: urand_change_num 23 extract_buf: pool_sig 0000031b, data_sig ffffffb3, bytes_mixed 20 9ff19f9c c07a1d2a
[    4.941040] input: AT Translated Set 2 keyboard as /devices/platform/i8042/serio0/input/input1
[    5.129099] ata3: SATA link down (SStatus 0 SControl 300)
[    5.129209] ata1: SATA link up 1.5 Gbps (SStatus 113 SControl 300)
[    5.131698] ata1.00: ACPI cmd ef/02:00:00:00:00:a0 (SET FEATURES) succeeded
[    5.131701] ata1.00: ACPI cmd f5/00:00:00:00:00:a0 (SECURITY FREEZE LOCK) filtered out
[    5.133093] ata1.00: ACPI cmd ef/5f:00:00:00:00:a0 (SET FEATURES) succeeded
[    5.133095] ata1.00: ACPI cmd ef/10:03:00:00:00:a0 (SET FEATURES) filtered out
[    5.135005] ata1.00: ATA-7: ST910021AS, 4.06, max UDMA/100
[    5.135100] ata1.00: 195371568 sectors, multi 16: LBA48 
[    5.137244] ata1.00: ACPI cmd ef/02:00:00:00:00:a0 (SET FEATURES) succeeded
[    5.137246] ata1.00: ACPI cmd f5/00:00:00:00:00:a0 (SECURITY FREEZE LOCK) filtered out
[    5.138635] ata1.00: ACPI cmd ef/5f:00:00:00:00:a0 (SET FEATURES) succeeded
[    5.138638] ata1.00: ACPI cmd ef/10:03:00:00:00:a0 (SET FEATURES) filtered out
[    5.140562] ata1.00: configured for UDMA/100
[    5.151145] scsi 2:0:0:0: Direct-Access     ATA      ST910021AS       4.06 PQ: 0 ANSI: 5
[    5.151429] sd 2:0:0:0: [sda] 195371568 512-byte logical blocks: (100 GB/93.1 GiB)
[    5.151571] sd 2:0:0:0: [sda] Write Protect is off
[    5.151660] sd 2:0:0:0: [sda] Mode Sense: 00 3a 00 00
[    5.151672] sd 2:0:0:0: [sda] Write cache: enabled, read cache: enabled, doesn't support DPO or FUA
[    5.151871]  sda:
[    5.217071] usb 2-1: new high speed USB device using ehci_hcd and address 2
[    5.366561] usb 2-1: New USB device found, idVendor=0e8d, idProduct=1806
[    5.366647] usb 2-1: New USB device strings: Mfr=1, Product=2, SerialNumber=3
[    5.366737] usb 2-1: Product: MT1806 
[    5.366822] usb 2-1: Manufacturer: MediaTek Inc
[    5.366909] usb 2-1: SerialNumber: R8KN6GAC800AEB 
[    5.367044] usb 2-1: configuration #1 chosen from 1 choice
[    5.373476] scsi5 : SCSI emulation for USB Mass Storage devices
[    5.373642] usb-storage: device found at 2
[    5.373643] usb-storage: waiting for device to settle before scanning
[    5.572598]  sda1 sda2
[    5.573320] sd 2:0:0:0: [sda] Attached SCSI disk
[    5.573421] random 0000 0000 0000 277f73c3 42024bb9: rand_read_num 6 get_random_bytes(12): sig 000007e9 277f73c3 42024bb9
[    5.573424] random 0000 0000 0000 277f73c3 42024bb9: extract_entropy(.. 12 ..)
[    5.573427] random 0000 0000 0000 277f73c3 42024bb9: going to reseed nonblocking with 96 bits (96 of 0 requested)
[    5.573429] random 0000 0000 0000 277f73c3 42024bb9: extract_entropy(.. 12 ..)
[    5.573431] random 0000 0000 0000 277f73c3 42024bb9: trying to extract 96 bits from input
[    5.573433] random 0000 0000 0000 277f73c3 42024bb9: debiting 0 entropy credits from input
[    5.573435] random 0000 0000 0000 277f73c3 42024bb9: extract_entropy account returned: 0 
[    5.573438] random 0000 0000 0000 277f73c3 42024bb9: urand_change_num 24 xfer_secondary_pool(12): pool_sig 000007e9, data_sig 00000000, bytes_mixed 0 277f73c3 42024bb9
[    5.573441] random 0000 0000 0000 277f73c3 42024bb9: trying to extract 96 bits from nonblocking
[    5.573443] random 0000 0000 0000 277f73c3 42024bb9: debiting 96 entropy credits from nonblocking (unlimited)
[    5.573445] random 0000 0000 0000 277f73c3 42024bb9: extract_entropy account returned: 12 
[    5.573449] random 0000 0000 0000 277f73c3 42024bb9: urand_change_num 25 extract_buf: pool_sig 000007e9, data_sig 00000088, bytes_mixed 20 277f73c3 42024bb9
[    5.573455] random 0000 0000 0000 277f73c3 42024bb9: urand_change_num 26 extract_buf: pool_sig 00000498, data_sig fffffefb, bytes_mixed 20 277f73c3 42024bb9
[    5.573458] RANDOM - __seed init called.
[    5.573459] RANDOM - __seed init called.
[    5.573460] RANDOM - __seed init called.
[    5.573461] RANDOM - __random32 called. Change num 12.  Value: 87f14767	f0d7351	b1e48bd3
[    5.573463] RANDOM - random32_reseed called.  Value: 87f14767	f0d7351	b1e48bd3
[    5.573466] Pid: 1, comm: swapper Not tainted 2.6.32.57 #3
[    5.573555] Call Trace:
[    5.573652]  [<c1923ca4>] ? random32_reseed+0xa0/0xb1
[    5.573748]  [<c1923c04>] ? random32_reseed+0x0/0xb1
[    5.573846]  [<c100111e>] ? do_one_initcall+0x2e/0x180
[    5.573939]  [<c1907265>] ? kernel_init+0xad/0x103
[    5.574030]  [<c19071b8>] ? kernel_init+0x0/0x103
[    5.574125]  [<c1003787>] ? kernel_thread_helper+0x7/0x10
[    5.574645] random 0000 0000 0000 386b4e60 ee4d4880: rand_read_num 7 get_random_bytes(64): sig fffffea5 386b4e60 ee4d4880
[    5.574648] random 0000 0000 0000 386b4e60 ee4d4880: extract_entropy(.. 64 ..)
[    5.574650] random 0000 0000 0000 386b4e60 ee4d4880: going to reseed nonblocking with 512 bits (512 of 0 requested)
[    5.574652] random 0000 0000 0000 386b4e60 ee4d4880: extract_entropy(.. 64 ..)
[    5.574654] random 0000 0000 0000 386b4e60 ee4d4880: trying to extract 512 bits from input
[    5.574656] random 0000 0000 0000 386b4e60 ee4d4880: debiting 0 entropy credits from input
[    5.574658] random 0000 0000 0000 386b4e60 ee4d4880: extract_entropy account returned: 0 
[    5.574661] random 0000 0000 0000 386b4e60 ee4d4880: urand_change_num 27 xfer_secondary_pool(64): pool_sig fffffea5, data_sig 00000000, bytes_mixed 0 386b4e60 ee4d4880
[    5.574664] random 0000 0000 0000 386b4e60 ee4d4880: trying to extract 512 bits from nonblocking
[    5.574666] random 0000 0000 0000 386b4e60 ee4d4880: debiting 512 entropy credits from nonblocking (unlimited)
[    5.574669] random 0000 0000 0000 386b4e60 ee4d4880: extract_entropy account returned: 64 
[    5.574673] random 0000 0000 0000 386b4e60 ee4d4880: urand_change_num 28 extract_buf: pool_sig fffffea5, data_sig 00000173, bytes_mixed 20 386b4e60 ee4d4880
[    5.574678] random 0000 0000 0000 412698f6 0cc8689a: urand_change_num 29 extract_buf: pool_sig 00000122, data_sig ffffff63, bytes_mixed 20 412698f6 0cc8689a
[    5.574683] random 0000 0000 0000 412698f6 0cc8689a: urand_change_num 30 extract_buf: pool_sig 000001f7, data_sig 00000012, bytes_mixed 20 412698f6 0cc8689a
[    5.574688] random 0000 0000 0000 9669941e 06f768b1: urand_change_num 31 extract_buf: pool_sig fffffb5b, data_sig 0000003f, bytes_mixed 20 9669941e 06f768b1
[    5.574694] random 0000 0000 0000 98486520 995551f0: urand_change_num 32 extract_buf: pool_sig fffffb39, data_sig 0000000e, bytes_mixed 20 98486520 995551f0
[    5.574699] random 0000 0000 0000 98486520 995551f0: urand_change_num 33 extract_buf: pool_sig fffffd8d, data_sig 000001a6, bytes_mixed 20 98486520 995551f0
[    5.574704] random 0000 0000 0000 61fc8914 d5882ed2: urand_change_num 34 extract_buf: pool_sig fffffa58, data_sig 0000023e, bytes_mixed 20 61fc8914 d5882ed2
[    5.574733] random 0000 0000 0000 61fc8914 d5882ed2: rand_read_num 8 get_random_bytes(64): sig fffff9ee 61fc8914 d5882ed2
[    5.574735] random 0000 0000 0000 61fc8914 d5882ed2: extract_entropy(.. 64 ..)
[    5.574737] random 0000 0000 0000 61fc8914 d5882ed2: going to reseed nonblocking with 512 bits (512 of 0 requested)
[    5.574739] random 0000 0000 0000 61fc8914 d5882ed2: extract_entropy(.. 64 ..)
[    5.574741] random 0000 0000 0000 61fc8914 d5882ed2: trying to extract 512 bits from input
[    5.574743] random 0000 0000 0000 61fc8914 d5882ed2: debiting 0 entropy credits from input
[    5.574745] random 0000 0000 0000 61fc8914 d5882ed2: extract_entropy account returned: 0 
[    5.574748] random 0000 0000 0000 61fc8914 d5882ed2: urand_change_num 35 xfer_secondary_pool(64): pool_sig fffff9ee, data_sig 00000000, bytes_mixed 0 61fc8914 d5882ed2
[    5.574751] random 0000 0000 0000 61fc8914 d5882ed2: trying to extract 512 bits from nonblocking
[    5.574754] random 0000 0000 0000 61fc8914 d5882ed2: debiting 512 entropy credits from nonblocking (unlimited)
[    5.574756] random 0000 0000 0000 61fc8914 d5882ed2: extract_entropy account returned: 64 
[    5.574760] random 0000 0000 0000 61fc8914 d5882ed2: urand_change_num 36 extract_buf: pool_sig fffff9ee, data_sig ffffff85, bytes_mixed 20 61fc8914 d5882ed2
[    5.574765] random 0000 0000 0000 70cfd302 e5edec11: urand_change_num 37 extract_buf: pool_sig fffffdc1, data_sig ffffffde, bytes_mixed 20 70cfd302 e5edec11
[    5.574770] random 0000 0000 0000 00dab838 eafd2b30: urand_change_num 38 extract_buf: pool_sig 000003da, data_sig ffffff61, bytes_mixed 20 00dab838 eafd2b30
[    5.574775] random 0000 0000 0000 00dab838 eafd2b30: urand_change_num 39 extract_buf: pool_sig 00000314, data_sig 00000121, bytes_mixed 20 00dab838 eafd2b30
[    5.574781] random 0000 0000 0000 5fcdf66a 6442b608: urand_change_num 40 extract_buf: pool_sig 0000028b, data_sig fffffefd, bytes_mixed 20 5fcdf66a 6442b608
[    5.574786] random 0000 0000 0000 61333f6b 8fae0f9b: urand_change_num 41 extract_buf: pool_sig 000000cb, data_sig 000000b3, bytes_mixed 20 61333f6b 8fae0f9b
[    5.574791] random 0000 0000 0000 61333f6b 8fae0f9b: urand_change_num 42 extract_buf: pool_sig fffffef8, data_sig 00000051, bytes_mixed 20 61333f6b 8fae0f9b
[    5.574794] BEGIN NET_SECRET:
[    5.574795] \xffffffe0
[    5.574796] \xffffffb6
[    5.574797] \x36
[    5.574797] \xffffffb5
[    5.574798] \xffffff94
[    5.574799] \xffffffb2
[    5.574800] \xffffffa8
[    5.574801] \xffffffda
[    5.574801] \x5b
[    5.574802] \x19
[    5.574803] \x18
[    5.574804] \x5c
[    5.574804] \x2b
[    5.574805] \x1
[    5.574806] \xffffff90
[    5.574807] \x19
[    5.574807] \x3c
[    5.574808] \xfffffff2
[    5.574809] \xffffff82
[    5.574810] \x2a
[    5.574810] \xffffffb3
[    5.574811] \xffffffa2
[    5.574812] \x3f
[    5.574813] \x5
[    5.574813] \x52
[    5.574814] \x77
[    5.574815] \x57
[    5.574815] \x79
[    5.574816] \x16
[    5.574817] \x43
[    5.574818] \xffffff84
[    5.574818] \xffffffc3
[    5.574819] \xffffffe9
[    5.574820] \x79
[    5.574821] \x50
[    5.574821] \xffffff8e
[    5.574822] \x3f
[    5.574823] \xfffffff3
[    5.574824] \x19
[    5.574824] \x2a
[    5.574825] \xfffffffd
[    5.574826] \xfffffffb
[    5.574827] \x62
[    5.574827] \x3c
[    5.574828] \xffffffac
[    5.574829] \x1c
[    5.574830] \x3b
[    5.574830] \x3b
[    5.574831] \x15
[    5.574832] \x27
[    5.574833] \xffffffa8
[    5.574833] \x22
[    5.574834] \xffffffc5
[    5.574835] \xffffff9a
[    5.574836] \x5
[    5.574836] \x6c
[    5.574837] \xffffffa8
[    5.574838] \x3a
[    5.574838] \x44
[    5.574839] \xffffffaf
[    5.574840] \x13
[    5.574841] \xffffffe0
[    5.574841] \xffffff9d
[    5.574842] \x22
[    5.574843] 
[    5.574843] END NET_SECRET
[    5.574846] random 0000 0000 0000 e7f555d9 e8ce5c3c: rand_read_num 9 get_random_bytes(4): sig 0000068c e7f555d9 e8ce5c3c
[    5.574849] random 0000 0000 0000 e7f555d9 e8ce5c3c: extract_entropy(.. 4 ..)
[    5.574851] random 0000 0000 0000 e7f555d9 e8ce5c3c: going to reseed nonblocking with 64 bits (32 of 0 requested)
[    5.574853] random 0000 0000 0000 e7f555d9 e8ce5c3c: extract_entropy(.. 8 ..)
[    5.574855] random 0000 0000 0000 e7f555d9 e8ce5c3c: trying to extract 64 bits from input
[    5.574857] random 0000 0000 0000 e7f555d9 e8ce5c3c: debiting 0 entropy credits from input
[    5.574859] random 0000 0000 0000 e7f555d9 e8ce5c3c: extract_entropy account returned: 0 
[    5.574862] random 0000 0000 0000 e7f555d9 e8ce5c3c: urand_change_num 43 xfer_secondary_pool(4): pool_sig 0000068c, data_sig 00000000, bytes_mixed 0 e7f555d9 e8ce5c3c
[    5.574865] random 0000 0000 0000 e7f555d9 e8ce5c3c: trying to extract 32 bits from nonblocking
[    5.574867] random 0000 0000 0000 e7f555d9 e8ce5c3c: debiting 32 entropy credits from nonblocking (unlimited)
[    5.574869] random 0000 0000 0000 e7f555d9 e8ce5c3c: extract_entropy account returned: 4 
[    5.574873] random 0000 0000 0000 e7f555d9 e8ce5c3c: urand_change_num 44 extract_buf: pool_sig 0000068c, data_sig fffffdcb, bytes_mixed 20 e7f555d9 e8ce5c3c
[    5.574884] md: Waiting for all devices to be available before autodetect
[    5.574976] md: If you don't use raid, use raid=noautodetect
[    5.575148] md: Autodetecting RAID arrays.
[    5.575236] md: Scanned 0 and added 0 devices.
[    5.575321] md: autorun ...
[    5.575408] md: ... autorun DONE.
[    5.590011] EXT3-fs: sda2: couldn't mount because of unsupported optional features (240).
[    5.590271] EXT2-fs: sda2: couldn't mount because of unsupported optional features (240).
[    5.591546] random 0000 0000 0000 e7f555d9 e8ce5c3c: rand_read_num 10 get_random_bytes(4): sig ffffff72 e7f555d9 e8ce5c3c
[    5.591549] random 0000 0000 0000 e7f555d9 e8ce5c3c: extract_entropy(.. 4 ..)
[    5.591551] random 0000 0000 0000 e7f555d9 e8ce5c3c: going to reseed nonblocking with 64 bits (32 of 0 requested)
[    5.591553] random 0000 0000 0000 e7f555d9 e8ce5c3c: extract_entropy(.. 8 ..)
[    5.591555] random 0000 0000 0000 e7f555d9 e8ce5c3c: trying to extract 64 bits from input
[    5.591557] random 0000 0000 0000 e7f555d9 e8ce5c3c: debiting 0 entropy credits from input
[    5.591559] random 0000 0000 0000 e7f555d9 e8ce5c3c: extract_entropy account returned: 0 
[    5.591563] random 0000 0000 0000 e7f555d9 e8ce5c3c: urand_change_num 45 xfer_secondary_pool(4): pool_sig ffffff72, data_sig 00000000, bytes_mixed 0 e7f555d9 e8ce5c3c
[    5.591565] random 0000 0000 0000 e7f555d9 e8ce5c3c: trying to extract 32 bits from nonblocking
[    5.591568] random 0000 0000 0000 e7f555d9 e8ce5c3c: debiting 32 entropy credits from nonblocking (unlimited)
[    5.591570] random 0000 0000 0000 e7f555d9 e8ce5c3c: extract_entropy account returned: 4 
[    5.591574] random 0000 0000 0000 e7f555d9 e8ce5c3c: urand_change_num 46 extract_buf: pool_sig ffffff72, data_sig ffffff72, bytes_mixed 20 e7f555d9 e8ce5c3c
[    5.626604] EXT4-fs (sda2): mounted filesystem with ordered data mode
[    5.626810] VFS: Mounted root (ext4 filesystem) readonly on device 8:2.
[    5.626914] Freeing unused kernel memory: 448k freed
[    5.697334] random 0000 0000 0000 91716c54 eeb6a1e7: rand_read_num 11 get_random_bytes(16): sig fffffcad 91716c54 eeb6a1e7
[    5.697337] random 0000 0000 0000 91716c54 eeb6a1e7: extract_entropy(.. 16 ..)
[    5.697339] random 0000 0000 0000 91716c54 eeb6a1e7: going to reseed nonblocking with 128 bits (128 of 0 requested)
[    5.697341] random 0000 0000 0000 91716c54 eeb6a1e7: extract_entropy(.. 16 ..)
[    5.697343] random 0000 0000 0000 91716c54 eeb6a1e7: trying to extract 128 bits from input
[    5.697345] random 0000 0000 0000 91716c54 eeb6a1e7: debiting 0 entropy credits from input
[    5.697347] random 0000 0000 0000 91716c54 eeb6a1e7: extract_entropy account returned: 0 
[    5.697351] random 0000 0000 0000 91716c54 eeb6a1e7: urand_change_num 47 xfer_secondary_pool(16): pool_sig fffffcad, data_sig 00000000, bytes_mixed 0 91716c54 eeb6a1e7
[    5.697353] random 0000 0000 0000 91716c54 eeb6a1e7: trying to extract 128 bits from nonblocking
[    5.697356] random 0000 0000 0000 91716c54 eeb6a1e7: debiting 128 entropy credits from nonblocking (unlimited)
[    5.697358] random 0000 0000 0000 91716c54 eeb6a1e7: extract_entropy account returned: 16 
[    5.697362] random 0000 0000 0000 91716c54 eeb6a1e7: urand_change_num 48 extract_buf: pool_sig fffffcad, data_sig ffffff19, bytes_mixed 20 91716c54 eeb6a1e7
[    5.697367] random 0000 0000 0000 fd637b06 6cf47bc1: urand_change_num 49 extract_buf: pool_sig fffffede, data_sig ffffffc1, bytes_mixed 20 fd637b06 6cf47bc1
[    5.784074] random 0000 0000 0000 fd637b06 6cf47bc1: rand_read_num 12 get_random_bytes(16): sig 0000033b fd637b06 6cf47bc1
[    5.784077] random 0000 0000 0000 fd637b06 6cf47bc1: extract_entropy(.. 16 ..)
[    5.784080] random 0000 0000 0000 fd637b06 6cf47bc1: going to reseed nonblocking with 128 bits (128 of 0 requested)
[    5.784082] random 0000 0000 0000 fd637b06 6cf47bc1: extract_entropy(.. 16 ..)
[    5.784084] random 0000 0000 0000 fd637b06 6cf47bc1: trying to extract 128 bits from input
[    5.784086] random 0000 0000 0000 fd637b06 6cf47bc1: debiting 0 entropy credits from input
[    5.784088] random 0000 0000 0000 fd637b06 6cf47bc1: extract_entropy account returned: 0 
[    5.784092] random 0000 0000 0000 fd637b06 6cf47bc1: urand_change_num 50 xfer_secondary_pool(16): pool_sig 0000033b, data_sig 00000000, bytes_mixed 0 fd637b06 6cf47bc1
[    5.784094] random 0000 0000 0000 fd637b06 6cf47bc1: trying to extract 128 bits from nonblocking
[    5.784097] random 0000 0000 0000 fd637b06 6cf47bc1: debiting 128 entropy credits from nonblocking (unlimited)
[    5.784099] random 0000 0000 0000 fd637b06 6cf47bc1: extract_entropy account returned: 16 
[    5.784103] random 0000 0000 0000 fd637b06 6cf47bc1: urand_change_num 51 extract_buf: pool_sig 0000033b, data_sig 000000d8, bytes_mixed 20 fd637b06 6cf47bc1
[    5.784108] random 0000 0000 0000 0ec1f012 d4727ca8: urand_change_num 52 extract_buf: pool_sig fffffcf5, data_sig 00000016, bytes_mixed 20 0ec1f012 d4727ca8
[    6.155575] ieee1394: Host added: ID:BUS[0-00:1023]  GUID[00061b032a25f51c]
[    6.166264] random 0000 0000 0000 45b1d0b1 845a73f7: rand_read_num 13 get_random_bytes(16): sig 00000116 45b1d0b1 845a73f7
[    6.166267] random 0000 0000 0000 45b1d0b1 845a73f7: extract_entropy(.. 16 ..)
[    6.166269] random 0000 0000 0000 45b1d0b1 845a73f7: going to reseed nonblocking with 128 bits (128 of 0 requested)
[    6.166271] random 0000 0000 0000 45b1d0b1 845a73f7: extract_entropy(.. 16 ..)
[    6.166273] random 0000 0000 0000 45b1d0b1 845a73f7: trying to extract 128 bits from input
[    6.166276] random 0000 0000 0000 45b1d0b1 845a73f7: debiting 0 entropy credits from input
[    6.166277] random 0000 0000 0000 45b1d0b1 845a73f7: extract_entropy account returned: 0 
[    6.166281] random 0000 0000 0000 45b1d0b1 845a73f7: urand_change_num 53 xfer_secondary_pool(16): pool_sig 00000116, data_sig 00000000, bytes_mixed 0 45b1d0b1 845a73f7
[    6.166284] random 0000 0000 0000 45b1d0b1 845a73f7: trying to extract 128 bits from nonblocking
[    6.166286] random 0000 0000 0000 45b1d0b1 845a73f7: debiting 128 entropy credits from nonblocking (unlimited)
[    6.166288] random 0000 0000 0000 45b1d0b1 845a73f7: extract_entropy account returned: 16 
[    6.166292] random 0000 0000 0000 45b1d0b1 845a73f7: urand_change_num 54 extract_buf: pool_sig 00000116, data_sig fffffd8b, bytes_mixed 20 45b1d0b1 845a73f7
[    6.166298] random 0000 0000 0000 45b1d0b1 845a73f7: urand_change_num 55 extract_buf: pool_sig fffffc05, data_sig 00000109, bytes_mixed 20 45b1d0b1 845a73f7
[    6.218758] random 0000 0000 0000 5012cce3 b8a30621: rand_read_num 14 get_random_bytes(16): sig fffffb93 5012cce3 b8a30621
[    6.218761] random 0000 0000 0000 5012cce3 b8a30621: extract_entropy(.. 16 ..)
[    6.218763] random 0000 0000 0000 5012cce3 b8a30621: going to reseed nonblocking with 128 bits (128 of 0 requested)
[    6.218766] random 0000 0000 0000 5012cce3 b8a30621: extract_entropy(.. 16 ..)
[    6.218768] random 0000 0000 0000 5012cce3 b8a30621: trying to extract 128 bits from input
[    6.218770] random 0000 0000 0000 5012cce3 b8a30621: debiting 0 entropy credits from input
[    6.218772] random 0000 0000 0000 5012cce3 b8a30621: extract_entropy account returned: 0 
[    6.218775] random 0000 0000 0000 5012cce3 b8a30621: urand_change_num 56 xfer_secondary_pool(16): pool_sig fffffb93, data_sig 00000000, bytes_mixed 0 5012cce3 b8a30621
[    6.218778] random 0000 0000 0000 5012cce3 b8a30621: trying to extract 128 bits from nonblocking
[    6.218780] random 0000 0000 0000 5012cce3 b8a30621: debiting 128 entropy credits from nonblocking (unlimited)
[    6.218782] random 0000 0000 0000 5012cce3 b8a30621: extract_entropy account returned: 16 
[    6.218786] random 0000 0000 0000 5012cce3 b8a30621: urand_change_num 57 extract_buf: pool_sig fffffb93, data_sig ffffff35, bytes_mixed 20 5012cce3 b8a30621
[    6.218792] random 0000 0000 0000 5012cce3 b8a30621: urand_change_num 58 extract_buf: pool_sig fffffb9d, data_sig ffffff92, bytes_mixed 20 5012cce3 b8a30621
[    6.220155] random 0000 0000 0000 30a5721d 4b648ff6: rand_read_num 15 get_random_bytes(16): sig fffffeb5 30a5721d 4b648ff6
[    6.220158] random 0000 0000 0000 30a5721d 4b648ff6: extract_entropy(.. 16 ..)
[    6.220160] random 0000 0000 0000 30a5721d 4b648ff6: going to reseed nonblocking with 128 bits (128 of 0 requested)
[    6.220163] random 0000 0000 0000 30a5721d 4b648ff6: extract_entropy(.. 16 ..)
[    6.220165] random 0000 0000 0000 30a5721d 4b648ff6: trying to extract 128 bits from input
[    6.220167] random 0000 0000 0000 30a5721d 4b648ff6: debiting 0 entropy credits from input
[    6.220169] random 0000 0000 0000 30a5721d 4b648ff6: extract_entropy account returned: 0 
[    6.220172] random 0000 0000 0000 30a5721d 4b648ff6: urand_change_num 59 xfer_secondary_pool(16): pool_sig fffffeb5, data_sig 00000000, bytes_mixed 0 30a5721d 4b648ff6
[    6.220175] random 0000 0000 0000 30a5721d 4b648ff6: trying to extract 128 bits from nonblocking
[    6.220177] random 0000 0000 0000 30a5721d 4b648ff6: debiting 128 entropy credits from nonblocking (unlimited)
[    6.220180] random 0000 0000 0000 30a5721d 4b648ff6: extract_entropy account returned: 16 
[    6.220184] random 0000 0000 0000 30a5721d 4b648ff6: urand_change_num 60 extract_buf: pool_sig fffffeb5, data_sig 000000c2, bytes_mixed 20 30a5721d 4b648ff6
[    6.220189] random 0000 0000 0000 89bae1ab 704c432f: urand_change_num 61 extract_buf: pool_sig 0000006e, data_sig fffffefc, bytes_mixed 20 89bae1ab 704c432f
[    6.220734] random 0000 0000 0000 89bae1ab 704c432f: rand_read_num 16 get_random_bytes(16): sig fffffd99 89bae1ab 704c432f
[    6.220736] random 0000 0000 0000 89bae1ab 704c432f: extract_entropy(.. 16 ..)
[    6.220739] random 0000 0000 0000 89bae1ab 704c432f: going to reseed nonblocking with 128 bits (128 of 0 requested)
[    6.220742] random 0000 0000 0000 89bae1ab 704c432f: extract_entropy(.. 16 ..)
[    6.220744] random 0000 0000 0000 89bae1ab 704c432f: trying to extract 128 bits from input
[    6.220746] random 0000 0000 0000 89bae1ab 704c432f: debiting 0 entropy credits from input
[    6.220748] random 0000 0000 0000 89bae1ab 704c432f: extract_entropy account returned: 0 
[    6.220751] random 0000 0000 0000 89bae1ab 704c432f: urand_change_num 62 xfer_secondary_pool(16): pool_sig fffffd99, data_sig 00000000, bytes_mixed 0 89bae1ab 704c432f
[    6.220754] random 0000 0000 0000 89bae1ab 704c432f: trying to extract 128 bits from nonblocking
[    6.220756] random 0000 0000 0000 89bae1ab 704c432f: debiting 128 entropy credits from nonblocking (unlimited)
[    6.220758] random 0000 0000 0000 89bae1ab 704c432f: extract_entropy account returned: 16 
[    6.220763] random 0000 0000 0000 89bae1ab 704c432f: urand_change_num 63 extract_buf: pool_sig fffffd99, data_sig 00000204, bytes_mixed 20 89bae1ab 704c432f
[    6.220768] random 0000 0000 0000 6c298a02 2b1539f8: urand_change_num 64 extract_buf: pool_sig 00000124, data_sig fffffff5, bytes_mixed 20 6c298a02 2b1539f8
[    6.221683] random 0000 0000 0000 c77b8b35 70f6cab5: rand_read_num 17 get_random_bytes(16): sig 0000036b c77b8b35 70f6cab5
[    6.221686] random 0000 0000 0000 c77b8b35 70f6cab5: extract_entropy(.. 16 ..)
[    6.221688] random 0000 0000 0000 c77b8b35 70f6cab5: going to reseed nonblocking with 128 bits (128 of 0 requested)
[    6.221691] random 0000 0000 0000 c77b8b35 70f6cab5: extract_entropy(.. 16 ..)
[    6.221693] random 0000 0000 0000 c77b8b35 70f6cab5: trying to extract 128 bits from input
[    6.221695] random 0000 0000 0000 c77b8b35 70f6cab5: debiting 0 entropy credits from input
[    6.221697] random 0000 0000 0000 c77b8b35 70f6cab5: extract_entropy account returned: 0 
[    6.221700] random 0000 0000 0000 c77b8b35 70f6cab5: urand_change_num 65 xfer_secondary_pool(16): pool_sig 0000036b, data_sig 00000000, bytes_mixed 0 c77b8b35 70f6cab5
[    6.221703] random 0000 0000 0000 c77b8b35 70f6cab5: trying to extract 128 bits from nonblocking
[    6.221705] random 0000 0000 0000 c77b8b35 70f6cab5: debiting 128 entropy credits from nonblocking (unlimited)
[    6.221707] random 0000 0000 0000 c77b8b35 70f6cab5: extract_entropy account returned: 16 
[    6.221712] random 0000 0000 0000 c77b8b35 70f6cab5: urand_change_num 66 extract_buf: pool_sig 0000036b, data_sig 0000005f, bytes_mixed 20 c77b8b35 70f6cab5
[    6.221717] random 0000 0000 0000 c77b8b35 70f6cab5: urand_change_num 67 extract_buf: pool_sig ffffff1c, data_sig 0000005a, bytes_mixed 20 c77b8b35 70f6cab5
[    6.222313] random 0000 0000 0000 af21d212 57d20ca3: rand_read_num 18 get_random_bytes(16): sig fffffb7f af21d212 57d20ca3
[    6.222315] random 0000 0000 0000 af21d212 57d20ca3: extract_entropy(.. 16 ..)
[    6.222318] random 0000 0000 0000 af21d212 57d20ca3: going to reseed nonblocking with 128 bits (128 of 0 requested)
[    6.222320] random 0000 0000 0000 af21d212 57d20ca3: extract_entropy(.. 16 ..)
[    6.222322] random 0000 0000 0000 af21d212 57d20ca3: trying to extract 128 bits from input
[    6.222325] random 0000 0000 0000 af21d212 57d20ca3: debiting 0 entropy credits from input
[    6.222327] random 0000 0000 0000 af21d212 57d20ca3: extract_entropy account returned: 0 
[    6.222330] random 0000 0000 0000 af21d212 57d20ca3: urand_change_num 68 xfer_secondary_pool(16): pool_sig fffffb7f, data_sig 00000000, bytes_mixed 0 af21d212 57d20ca3
[    6.222333] random 0000 0000 0000 af21d212 57d20ca3: trying to extract 128 bits from nonblocking
[    6.222335] random 0000 0000 0000 af21d212 57d20ca3: debiting 128 entropy credits from nonblocking (unlimited)
[    6.222337] random 0000 0000 0000 af21d212 57d20ca3: extract_entropy account returned: 16 
[    6.222341] random 0000 0000 0000 af21d212 57d20ca3: urand_change_num 69 extract_buf: pool_sig fffffb7f, data_sig ffffff88, bytes_mixed 20 af21d212 57d20ca3
[    6.222346] random 0000 0000 0000 af21d212 57d20ca3: urand_change_num 70 extract_buf: pool_sig fffffe1d, data_sig ffffff17, bytes_mixed 20 af21d212 57d20ca3
[    6.222941] random 0000 0000 0000 ffbd26fd 21933274: rand_read_num 19 get_random_bytes(16): sig ffffffc7 ffbd26fd 21933274
[    6.222944] random 0000 0000 0000 ffbd26fd 21933274: extract_entropy(.. 16 ..)
[    6.222947] random 0000 0000 0000 ffbd26fd 21933274: going to reseed nonblocking with 128 bits (128 of 0 requested)
[    6.222949] random 0000 0000 0000 ffbd26fd 21933274: extract_entropy(.. 16 ..)
[    6.222951] random 0000 0000 0000 ffbd26fd 21933274: trying to extract 128 bits from input
[    6.222953] random 0000 0000 0000 ffbd26fd 21933274: debiting 0 entropy credits from input
[    6.222955] random 0000 0000 0000 ffbd26fd 21933274: extract_entropy account returned: 0 
[    6.222958] random 0000 0000 0000 ffbd26fd 21933274: urand_change_num 71 xfer_secondary_pool(16): pool_sig ffffffc7, data_sig 00000000, bytes_mixed 0 ffbd26fd 21933274
[    6.222961] random 0000 0000 0000 ffbd26fd 21933274: trying to extract 128 bits from nonblocking
[    6.222963] random 0000 0000 0000 ffbd26fd 21933274: debiting 128 entropy credits from nonblocking (unlimited)
[    6.222966] random 0000 0000 0000 ffbd26fd 21933274: extract_entropy account returned: 16 
[    6.222970] random 0000 0000 0000 ffbd26fd 21933274: urand_change_num 72 extract_buf: pool_sig ffffffc7, data_sig 0000013b, bytes_mixed 20 ffbd26fd 21933274
[    6.222975] random 0000 0000 0000 151530a2 56c65dd3: urand_change_num 73 extract_buf: pool_sig ffffffbf, data_sig 00000036, bytes_mixed 20 151530a2 56c65dd3
[    6.223524] random 0000 0000 0000 151530a2 56c65dd3: rand_read_num 20 get_random_bytes(16): sig 000001a7 151530a2 56c65dd3
[    6.223527] random 0000 0000 0000 151530a2 56c65dd3: extract_entropy(.. 16 ..)
[    6.223529] random 0000 0000 0000 151530a2 56c65dd3: going to reseed nonblocking with 128 bits (128 of 0 requested)
[    6.223532] random 0000 0000 0000 151530a2 56c65dd3: extract_entropy(.. 16 ..)
[    6.223534] random 0000 0000 0000 151530a2 56c65dd3: trying to extract 128 bits from input
[    6.223536] random 0000 0000 0000 151530a2 56c65dd3: debiting 0 entropy credits from input
[    6.223538] random 0000 0000 0000 151530a2 56c65dd3: extract_entropy account returned: 0 
[    6.223541] random 0000 0000 0000 151530a2 56c65dd3: urand_change_num 74 xfer_secondary_pool(16): pool_sig 000001a7, data_sig 00000000, bytes_mixed 0 151530a2 56c65dd3
[    6.223544] random 0000 0000 0000 151530a2 56c65dd3: trying to extract 128 bits from nonblocking
[    6.223546] random 0000 0000 0000 151530a2 56c65dd3: debiting 128 entropy credits from nonblocking (unlimited)
[    6.223548] random 0000 0000 0000 151530a2 56c65dd3: extract_entropy account returned: 16 
[    6.223553] random 0000 0000 0000 151530a2 56c65dd3: urand_change_num 75 extract_buf: pool_sig 000001a7, data_sig ffffffa1, bytes_mixed 20 151530a2 56c65dd3
[    6.223558] random 0000 0000 0000 5d3e132e d9a77eb3: urand_change_num 76 extract_buf: pool_sig fffffcc9, data_sig 00000013, bytes_mixed 20 5d3e132e d9a77eb3
[    6.274561] random 0000 0000 0000 264837ad 0a28fef5: rand_read_num 21 get_random_bytes(16): sig ffffffd0 264837ad 0a28fef5
[    6.274564] random 0000 0000 0000 264837ad 0a28fef5: extract_entropy(.. 16 ..)
[    6.274567] random 0000 0000 0000 264837ad 0a28fef5: going to reseed nonblocking with 128 bits (128 of 0 requested)
[    6.274569] random 0000 0000 0000 264837ad 0a28fef5: extract_entropy(.. 16 ..)
[    6.274571] random 0000 0000 0000 264837ad 0a28fef5: trying to extract 128 bits from input
[    6.274574] random 0000 0000 0000 264837ad 0a28fef5: debiting 0 entropy credits from input
[    6.274576] random 0000 0000 0000 264837ad 0a28fef5: extract_entropy account returned: 0 
[    6.274579] random 0000 0000 0000 264837ad 0a28fef5: urand_change_num 77 xfer_secondary_pool(16): pool_sig ffffffd0, data_sig 00000000, bytes_mixed 0 264837ad 0a28fef5
[    6.274582] random 0000 0000 0000 264837ad 0a28fef5: trying to extract 128 bits from nonblocking
[    6.274584] random 0000 0000 0000 264837ad 0a28fef5: debiting 128 entropy credits from nonblocking (unlimited)
[    6.274586] random 0000 0000 0000 264837ad 0a28fef5: extract_entropy account returned: 16 
[    6.274590] random 0000 0000 0000 264837ad 0a28fef5: urand_change_num 78 extract_buf: pool_sig ffffffd0, data_sig 0000017b, bytes_mixed 20 264837ad 0a28fef5
[    6.274596] random 0000 0000 0000 264837ad 0a28fef5: urand_change_num 79 extract_buf: pool_sig 0000045c, data_sig 000001df, bytes_mixed 20 264837ad 0a28fef5
[    6.276057] random 0000 0000 0000 f37f7344 164aede0: rand_read_num 22 get_random_bytes(16): sig 000003c2 f37f7344 164aede0
[    6.276060] random 0000 0000 0000 f37f7344 164aede0: extract_entropy(.. 16 ..)
[    6.276062] random 0000 0000 0000 f37f7344 164aede0: going to reseed nonblocking with 128 bits (128 of 0 requested)
[    6.276065] random 0000 0000 0000 f37f7344 164aede0: extract_entropy(.. 16 ..)
[    6.276067] random 0000 0000 0000 f37f7344 164aede0: trying to extract 128 bits from input
[    6.276069] random 0000 0000 0000 f37f7344 164aede0: debiting 0 entropy credits from input
[    6.276071] random 0000 0000 0000 f37f7344 164aede0: extract_entropy account returned: 0 
[    6.276074] random 0000 0000 0000 f37f7344 164aede0: urand_change_num 80 xfer_secondary_pool(16): pool_sig 000003c2, data_sig 00000000, bytes_mixed 0 f37f7344 164aede0
[    6.276077] random 0000 0000 0000 f37f7344 164aede0: trying to extract 128 bits from nonblocking
[    6.276079] random 0000 0000 0000 f37f7344 164aede0: debiting 128 entropy credits from nonblocking (unlimited)
[    6.276081] random 0000 0000 0000 f37f7344 164aede0: extract_entropy account returned: 16 
[    6.276085] random 0000 0000 0000 f37f7344 164aede0: urand_change_num 81 extract_buf: pool_sig 000003c2, data_sig ffffff6c, bytes_mixed 20 f37f7344 164aede0
[    6.276091] random 0000 0000 0000 f37f7344 164aede0: urand_change_num 82 extract_buf: pool_sig fffffdfc, data_sig 00000091, bytes_mixed 20 f37f7344 164aede0
[    6.298860] random 0000 0000 0000 a4794863 878070c1: rand_read_num 23 get_random_bytes(16): sig 0000011b a4794863 878070c1
[    6.298863] random 0000 0000 0000 a4794863 878070c1: extract_entropy(.. 16 ..)
[    6.298866] random 0000 0000 0000 a4794863 878070c1: going to reseed nonblocking with 128 bits (128 of 0 requested)
[    6.298868] random 0000 0000 0000 a4794863 878070c1: extract_entropy(.. 16 ..)
[    6.298870] random 0000 0000 0000 a4794863 878070c1: trying to extract 128 bits from input
[    6.298872] random 0000 0000 0000 a4794863 878070c1: debiting 0 entropy credits from input
[    6.298874] random 0000 0000 0000 a4794863 878070c1: extract_entropy account returned: 0 
[    6.298877] random 0000 0000 0000 a4794863 878070c1: urand_change_num 83 xfer_secondary_pool(16): pool_sig 0000011b, data_sig 00000000, bytes_mixed 0 a4794863 878070c1
[    6.298880] random 0000 0000 0000 a4794863 878070c1: trying to extract 128 bits from nonblocking
[    6.298882] random 0000 0000 0000 a4794863 878070c1: debiting 128 entropy credits from nonblocking (unlimited)
[    6.298884] random 0000 0000 0000 a4794863 878070c1: extract_entropy account returned: 16 
[    6.298892] random 0000 0000 0000 a4794863 878070c1: urand_change_num 84 extract_buf: pool_sig 0000011b, data_sig ffffff51, bytes_mixed 20 a4794863 878070c1
[    6.298898] random 0000 0000 0000 737f19b4 9417d8ab: urand_change_num 85 extract_buf: pool_sig 000001a3, data_sig 0000006c, bytes_mixed 20 737f19b4 9417d8ab
[    6.302955] random 0000 0000 0000 737f19b4 9417d8ab: rand_read_num 24 get_random_bytes(16): sig fffffe22 737f19b4 9417d8ab
[    6.302957] random 0000 0000 0000 737f19b4 9417d8ab: extract_entropy(.. 16 ..)
[    6.302960] random 0000 0000 0000 737f19b4 9417d8ab: going to reseed nonblocking with 128 bits (128 of 0 requested)
[    6.302962] random 0000 0000 0000 737f19b4 9417d8ab: extract_entropy(.. 16 ..)
[    6.302964] random 0000 0000 0000 737f19b4 9417d8ab: trying to extract 128 bits from input
[    6.302966] random 0000 0000 0000 737f19b4 9417d8ab: debiting 0 entropy credits from input
[    6.302968] random 0000 0000 0000 737f19b4 9417d8ab: extract_entropy account returned: 0 
[    6.302971] random 0000 0000 0000 737f19b4 9417d8ab: urand_change_num 86 xfer_secondary_pool(16): pool_sig fffffe22, data_sig 00000000, bytes_mixed 0 737f19b4 9417d8ab
[    6.302974] random 0000 0000 0000 737f19b4 9417d8ab: trying to extract 128 bits from nonblocking
[    6.302977] random 0000 0000 0000 737f19b4 9417d8ab: debiting 128 entropy credits from nonblocking (unlimited)
[    6.302979] random 0000 0000 0000 737f19b4 9417d8ab: extract_entropy account returned: 16 
[    6.302983] random 0000 0000 0000 737f19b4 9417d8ab: urand_change_num 87 extract_buf: pool_sig fffffe22, data_sig 00000230, bytes_mixed 20 737f19b4 9417d8ab
[    6.302988] random 0000 0000 0000 4deb0d06 1236af4c: urand_change_num 88 extract_buf: pool_sig 000000b6, data_sig ffffff44, bytes_mixed 20 4deb0d06 1236af4c
[    6.303978] random 0000 0000 0000 b538fadc 4a7613df: rand_read_num 25 get_random_bytes(16): sig 0000013c b538fadc 4a7613df
[    6.303980] random 0000 0000 0000 b538fadc 4a7613df: extract_entropy(.. 16 ..)
[    6.303983] random 0000 0000 0000 b538fadc 4a7613df: going to reseed nonblocking with 128 bits (128 of 0 requested)
[    6.303985] random 0000 0000 0000 b538fadc 4a7613df: extract_entropy(.. 16 ..)
[    6.303988] random 0000 0000 0000 b538fadc 4a7613df: trying to extract 128 bits from input
[    6.303990] random 0000 0000 0000 b538fadc 4a7613df: debiting 0 entropy credits from input
[    6.303992] random 0000 0000 0000 b538fadc 4a7613df: extract_entropy account returned: 0 
[    6.303995] random 0000 0000 0000 b538fadc 4a7613df: urand_change_num 89 xfer_secondary_pool(16): pool_sig 0000013c, data_sig 00000000, bytes_mixed 0 b538fadc 4a7613df
[    6.303998] random 0000 0000 0000 b538fadc 4a7613df: trying to extract 128 bits from nonblocking
[    6.304000] random 0000 0000 0000 b538fadc 4a7613df: debiting 128 entropy credits from nonblocking (unlimited)
[    6.304002] random 0000 0000 0000 b538fadc 4a7613df: extract_entropy account returned: 16 
[    6.304007] random 0000 0000 0000 b538fadc 4a7613df: urand_change_num 90 extract_buf: pool_sig 0000013c, data_sig 00000015, bytes_mixed 20 b538fadc 4a7613df
[    6.304012] random 0000 0000 0000 b538fadc 4a7613df: urand_change_num 91 extract_buf: pool_sig 00000452, data_sig 0000002b, bytes_mixed 20 b538fadc 4a7613df
[    6.304458] random 0000 0000 0000 73b17df4 93bb370e: rand_read_num 26 get_random_bytes(16): sig fffffbf1 73b17df4 93bb370e
[    6.304460] random 0000 0000 0000 73b17df4 93bb370e: extract_entropy(.. 16 ..)
[    6.304463] random 0000 0000 0000 73b17df4 93bb370e: going to reseed nonblocking with 128 bits (128 of 0 requested)
[    6.304465] random 0000 0000 0000 73b17df4 93bb370e: extract_entropy(.. 16 ..)
[    6.304467] random 0000 0000 0000 73b17df4 93bb370e: trying to extract 128 bits from input
[    6.304470] random 0000 0000 0000 73b17df4 93bb370e: debiting 0 entropy credits from input
[    6.304472] random 0000 0000 0000 73b17df4 93bb370e: extract_entropy account returned: 0 
[    6.304475] random 0000 0000 0000 73b17df4 93bb370e: urand_change_num 92 xfer_secondary_pool(16): pool_sig fffffbf1, data_sig 00000000, bytes_mixed 0 73b17df4 93bb370e
[    6.304478] random 0000 0000 0000 73b17df4 93bb370e: trying to extract 128 bits from nonblocking
[    6.304480] random 0000 0000 0000 73b17df4 93bb370e: debiting 128 entropy credits from nonblocking (unlimited)
[    6.304482] random 0000 0000 0000 73b17df4 93bb370e: extract_entropy account returned: 16 
[    6.304486] random 0000 0000 0000 73b17df4 93bb370e: urand_change_num 93 extract_buf: pool_sig fffffbf1, data_sig ffffff99, bytes_mixed 20 73b17df4 93bb370e
[    6.304492] random 0000 0000 0000 73b17df4 93bb370e: urand_change_num 94 extract_buf: pool_sig fffffe1d, data_sig 000000b0, bytes_mixed 20 73b17df4 93bb370e
[    6.304904] random 0000 0000 0000 0cd682bb ba04da9f: rand_read_num 27 get_random_bytes(16): sig fffffccb 0cd682bb ba04da9f
[    6.304907] random 0000 0000 0000 0cd682bb ba04da9f: extract_entropy(.. 16 ..)
[    6.304910] random 0000 0000 0000 0cd682bb ba04da9f: going to reseed nonblocking with 128 bits (128 of 0 requested)
[    6.304912] random 0000 0000 0000 0cd682bb ba04da9f: extract_entropy(.. 16 ..)
[    6.304914] random 0000 0000 0000 0cd682bb ba04da9f: trying to extract 128 bits from input
[    6.304916] random 0000 0000 0000 0cd682bb ba04da9f: debiting 0 entropy credits from input
[    6.304918] random 0000 0000 0000 0cd682bb ba04da9f: extract_entropy account returned: 0 
[    6.304921] random 0000 0000 0000 0cd682bb ba04da9f: urand_change_num 95 xfer_secondary_pool(16): pool_sig fffffccb, data_sig 00000000, bytes_mixed 0 0cd682bb ba04da9f
[    6.304924] random 0000 0000 0000 0cd682bb ba04da9f: trying to extract 128 bits from nonblocking
[    6.304927] random 0000 0000 0000 0cd682bb ba04da9f: debiting 128 entropy credits from nonblocking (unlimited)
[    6.304929] random 0000 0000 0000 0cd682bb ba04da9f: extract_entropy account returned: 16 
[    6.304933] random 0000 0000 0000 0cd682bb ba04da9f: urand_change_num 96 extract_buf: pool_sig fffffccb, data_sig fffffec5, bytes_mixed 20 0cd682bb ba04da9f
[    6.304938] random 0000 0000 0000 26929f1a 15254dc1: urand_change_num 97 extract_buf: pool_sig fffffed2, data_sig ffffffb1, bytes_mixed 20 26929f1a 15254dc1
[    6.305806] random 0000 0000 0000 26929f1a 15254dc1: rand_read_num 28 get_random_bytes(16): sig 00000038 26929f1a 15254dc1
[    6.305808] random 0000 0000 0000 26929f1a 15254dc1: extract_entropy(.. 16 ..)
[    6.305811] random 0000 0000 0000 26929f1a 15254dc1: going to reseed nonblocking with 128 bits (128 of 0 requested)
[    6.305813] random 0000 0000 0000 26929f1a 15254dc1: extract_entropy(.. 16 ..)
[    6.305815] random 0000 0000 0000 26929f1a 15254dc1: trying to extract 128 bits from input
[    6.305818] random 0000 0000 0000 26929f1a 15254dc1: debiting 0 entropy credits from input
[    6.305820] random 0000 0000 0000 26929f1a 15254dc1: extract_entropy account returned: 0 
[    6.305823] random 0000 0000 0000 26929f1a 15254dc1: urand_change_num 98 xfer_secondary_pool(16): pool_sig 00000038, data_sig 00000000, bytes_mixed 0 26929f1a 15254dc1
[    6.305826] random 0000 0000 0000 26929f1a 15254dc1: trying to extract 128 bits from nonblocking
[    6.305828] random 0000 0000 0000 26929f1a 15254dc1: debiting 128 entropy credits from nonblocking (unlimited)
[    6.305830] random 0000 0000 0000 26929f1a 15254dc1: extract_entropy account returned: 16 
[    6.305834] random 0000 0000 0000 26929f1a 15254dc1: urand_change_num 99 extract_buf: pool_sig 00000038, data_sig 000000fd, bytes_mixed 20 26929f1a 15254dc1
[    6.305840] random 0000 0000 0000 8116fe3b 478c2d5b: urand_change_num 100 extract_buf: pool_sig 00000059, data_sig 00000310, bytes_mixed 20 8116fe3b 478c2d5b
[    6.312490] random 0000 0000 0000 a20f4a3a 32a6b2fa: rand_read_num 29 get_random_bytes(16): sig 000002c0 a20f4a3a 32a6b2fa
[    6.312492] random 0000 0000 0000 a20f4a3a 32a6b2fa: extract_entropy(.. 16 ..)
[    6.312495] random 0000 0000 0000 a20f4a3a 32a6b2fa: going to reseed nonblocking with 128 bits (128 of 0 requested)
[    6.312498] random 0000 0000 0000 a20f4a3a 32a6b2fa: extract_entropy(.. 16 ..)
[    6.312499] random 0000 0000 0000 a20f4a3a 32a6b2fa: trying to extract 128 bits from input
[    6.312502] random 0000 0000 0000 a20f4a3a 32a6b2fa: debiting 0 entropy credits from input
[    6.312503] random 0000 0000 0000 a20f4a3a 32a6b2fa: extract_entropy account returned: 0 
[    6.312507] random 0000 0000 0000 a20f4a3a 32a6b2fa: urand_change_num 101 xfer_secondary_pool(16): pool_sig 000002c0, data_sig 00000000, bytes_mixed 0 a20f4a3a 32a6b2fa
[    6.312509] random 0000 0000 0000 a20f4a3a 32a6b2fa: trying to extract 128 bits from nonblocking
[    6.312512] random 0000 0000 0000 a20f4a3a 32a6b2fa: debiting 128 entropy credits from nonblocking (unlimited)
[    6.312514] random 0000 0000 0000 a20f4a3a 32a6b2fa: extract_entropy account returned: 16 
[    6.312518] random 0000 0000 0000 a20f4a3a 32a6b2fa: urand_change_num 102 extract_buf: pool_sig 000002c0, data_sig 000000fb, bytes_mixed 20 a20f4a3a 32a6b2fa
[    6.312524] random 0000 0000 0000 a20f4a3a 32a6b2fa: urand_change_num 103 extract_buf: pool_sig ffffffdd, data_sig 000000a5, bytes_mixed 20 a20f4a3a 32a6b2fa
[    6.325026] random 0000 0000 0000 de716d2a 6c4757e1: rand_read_num 30 get_random_bytes(16): sig 000000fa de716d2a 6c4757e1
[    6.325028] random 0000 0000 0000 de716d2a 6c4757e1: extract_entropy(.. 16 ..)
[    6.325031] random 0000 0000 0000 de716d2a 6c4757e1: going to reseed nonblocking with 128 bits (128 of 0 requested)
[    6.325033] random 0000 0000 0000 de716d2a 6c4757e1: extract_entropy(.. 16 ..)
[    6.325035] random 0000 0000 0000 de716d2a 6c4757e1: trying to extract 128 bits from input
[    6.325038] random 0000 0000 0000 de716d2a 6c4757e1: debiting 0 entropy credits from input
[    6.325040] random 0000 0000 0000 de716d2a 6c4757e1: extract_entropy account returned: 0 
[    6.325043] random 0000 0000 0000 de716d2a 6c4757e1: urand_change_num 104 xfer_secondary_pool(16): pool_sig 000000fa, data_sig 00000000, bytes_mixed 0 de716d2a 6c4757e1
[    6.325046] random 0000 0000 0000 de716d2a 6c4757e1: trying to extract 128 bits from nonblocking
[    6.325048] random 0000 0000 0000 de716d2a 6c4757e1: debiting 128 entropy credits from nonblocking (unlimited)
[    6.325050] random 0000 0000 0000 de716d2a 6c4757e1: extract_entropy account returned: 16 
[    6.325054] random 0000 0000 0000 de716d2a 6c4757e1: urand_change_num 105 extract_buf: pool_sig 000000fa, data_sig ffffff34, bytes_mixed 20 de716d2a 6c4757e1
[    6.325060] random 0000 0000 0000 de716d2a 6c4757e1: urand_change_num 106 extract_buf: pool_sig 000003d3, data_sig ffffff30, bytes_mixed 20 de716d2a 6c4757e1
[    6.325638] random 0000 0000 0000 a7c511e1 f90ea457: rand_read_num 31 get_random_bytes(16): sig 0000009a a7c511e1 f90ea457
[    6.325641] random 0000 0000 0000 a7c511e1 f90ea457: extract_entropy(.. 16 ..)
[    6.325644] random 0000 0000 0000 a7c511e1 f90ea457: going to reseed nonblocking with 128 bits (128 of 0 requested)
[    6.325646] random 0000 0000 0000 a7c511e1 f90ea457: extract_entropy(.. 16 ..)
[    6.325648] random 0000 0000 0000 a7c511e1 f90ea457: trying to extract 128 bits from input
[    6.325650] random 0000 0000 0000 a7c511e1 f90ea457: debiting 0 entropy credits from input
[    6.325652] random 0000 0000 0000 a7c511e1 f90ea457: extract_entropy account returned: 0 
[    6.325655] random 0000 0000 0000 a7c511e1 f90ea457: urand_change_num 107 xfer_secondary_pool(16): pool_sig 0000009a, data_sig 00000000, bytes_mixed 0 a7c511e1 f90ea457
[    6.325658] random 0000 0000 0000 a7c511e1 f90ea457: trying to extract 128 bits from nonblocking
[    6.325660] random 0000 0000 0000 a7c511e1 f90ea457: debiting 128 entropy credits from nonblocking (unlimited)
[    6.325663] random 0000 0000 0000 a7c511e1 f90ea457: extract_entropy account returned: 16 
[    6.325667] random 0000 0000 0000 a7c511e1 f90ea457: urand_change_num 108 extract_buf: pool_sig 0000009a, data_sig 000000e0, bytes_mixed 20 a7c511e1 f90ea457
[    6.325672] random 0000 0000 0000 7c18c7e6 d65ccb06: urand_change_num 109 extract_buf: pool_sig fffffa79, data_sig 000000e0, bytes_mixed 20 7c18c7e6 d65ccb06
[    6.326259] random 0000 0000 0000 7c18c7e6 d65ccb06: rand_read_num 32 get_random_bytes(16): sig fffffe1e 7c18c7e6 d65ccb06
[    6.326262] random 0000 0000 0000 7c18c7e6 d65ccb06: extract_entropy(.. 16 ..)
[    6.326264] random 0000 0000 0000 7c18c7e6 d65ccb06: going to reseed nonblocking with 128 bits (128 of 0 requested)
[    6.326267] random 0000 0000 0000 7c18c7e6 d65ccb06: extract_entropy(.. 16 ..)
[    6.326269] random 0000 0000 0000 7c18c7e6 d65ccb06: trying to extract 128 bits from input
[    6.326271] random 0000 0000 0000 7c18c7e6 d65ccb06: debiting 0 entropy credits from input
[    6.326273] random 0000 0000 0000 7c18c7e6 d65ccb06: extract_entropy account returned: 0 
[    6.326276] random 0000 0000 0000 7c18c7e6 d65ccb06: urand_change_num 110 xfer_secondary_pool(16): pool_sig fffffe1e, data_sig 00000000, bytes_mixed 0 7c18c7e6 d65ccb06
[    6.326279] random 0000 0000 0000 7c18c7e6 d65ccb06: trying to extract 128 bits from nonblocking
[    6.326281] random 0000 0000 0000 7c18c7e6 d65ccb06: debiting 128 entropy credits from nonblocking (unlimited)
[    6.326283] random 0000 0000 0000 7c18c7e6 d65ccb06: extract_entropy account returned: 16 
