[    0.000000] random 0000 0000 0000 00000000 00000000: rand_read_num 1 get_random_bytes(8): sig 00000000 00000000 00000000
[    0.000000] random 0000 0000 0000 00000000 00000000: extract_entropy(.. 8 ..)
[    0.000000] random 0000 0000 0000 00000000 00000000: going to reseed nonblocking with 64 bits (64 of 0 requested)
[    0.000000] random 0000 0000 0000 00000000 00000000: extract_entropy(.. 8 ..)
[    0.000000] random 0000 0000 0000 00000000 00000000: trying to extract 64 bits from input
[    0.000000] random 0000 0000 0000 00000000 00000000: debiting 0 entropy credits from input
[    0.000000] random 0000 0000 0000 00000000 00000000: extract_entropy account returned: 0 
[    0.000000] random 0000 0000 0000 00000000 00000000: urand_change_num 1 xfer_secondary_pool(8): pool_sig 00000000, data_sig 00000000, bytes_mixed 0 00000000 00000000
[    0.000000] random 0000 0000 0000 00000000 00000000: trying to extract 64 bits from nonblocking
[    0.000000] random 0000 0000 0000 00000000 00000000: debiting 64 entropy credits from nonblocking (unlimited)
[    0.000000] random 0000 0000 0000 00000000 00000000: extract_entropy account returned: 8 
[    0.000000] random 0000 0000 0000 00000000 00000000: urand_change_num 2 extract_buf: pool_sig 00000000, data_sig fffffff9, bytes_mixed 20 00000000 00000000
[    0.000000] Linux version 2.6.32.57 (dcashman@dcashman-02) (gcc version 4.3.3 (GCC) ) #3 Fri May 24 04:27:34 PDT 2013
[    0.000000] KERNEL supported cpus:
[    0.000000]   Intel GenuineIntel
[    0.000000]   AMD AuthenticAMD
[    0.000000]   NSC Geode by NSC
[    0.000000]   Cyrix CyrixInstead
[    0.000000]   Centaur CentaurHauls
[    0.000000]   Transmeta GenuineTMx86
[    0.000000]   Transmeta TransmetaCPU
[    0.000000]   UMC UMC UMC UMC
[    0.000000] BIOS-provided physical RAM map:
[    0.000000]  BIOS-e820: 0000000000000000 - 000000000009d800 (usable)
[    0.000000]  BIOS-e820: 000000000009d800 - 00000000000a0000 (reserved)
[    0.000000]  BIOS-e820: 00000000000d2000 - 00000000000d4000 (reserved)
[    0.000000]  BIOS-e820: 00000000000e0000 - 0000000000100000 (reserved)
[    0.000000]  BIOS-e820: 0000000000100000 - 000000003d6b0000 (usable)
[    0.000000]  BIOS-e820: 000000003d6b0000 - 000000003d6cc000 (ACPI data)
[    0.000000]  BIOS-e820: 000000003d6cc000 - 000000003d700000 (ACPI NVS)
[    0.000000]  BIOS-e820: 000000003d700000 - 000000003e000000 (reserved)
[    0.000000]  BIOS-e820: 00000000f0000000 - 00000000f4000000 (reserved)
[    0.000000]  BIOS-e820: 00000000fec00000 - 00000000fec10000 (reserved)
[    0.000000]  BIOS-e820: 00000000fed00000 - 00000000fed00400 (reserved)
[    0.000000]  BIOS-e820: 00000000fed14000 - 00000000fed1a000 (reserved)
[    0.000000]  BIOS-e820: 00000000fed1c000 - 00000000fed90000 (reserved)
[    0.000000]  BIOS-e820: 00000000fee00000 - 00000000fee01000 (reserved)
[    0.000000]  BIOS-e820: 00000000ff000000 - 0000000100000000 (reserved)
[    0.000000] DMI present.
[    0.000000] last_pfn = 0x3d6b0 max_arch_pfn = 0x100000
[    0.000000] MTRR default type: uncachable
[    0.000000] MTRR fixed ranges enabled:
[    0.000000]   00000-9FFFF write-back
[    0.000000]   A0000-BFFFF uncachable
[    0.000000]   C0000-CFFFF write-protect
[    0.000000]   D0000-DFFFF uncachable
[    0.000000]   E0000-FFFFF write-protect
[    0.000000] MTRR variable ranges enabled:
[    0.000000]   0 base 03E000000 mask FFE000000 uncachable
[    0.000000]   1 base 000000000 mask FC0000000 write-back
[    0.000000]   2 base 03D700000 mask FFFF00000 uncachable
[    0.000000]   3 base 03D800000 mask FFF800000 uncachable
[    0.000000]   4 disabled
[    0.000000]   5 disabled
[    0.000000]   6 disabled
[    0.000000]   7 disabled
[    0.000000] initial memory mapped : 0 - 02000000
[    0.000000] init_memory_mapping: 0000000000000000-00000000377fe000
[    0.000000]  0000000000 - 0000400000 page 4k
[    0.000000]  0000400000 - 0037400000 page 2M
[    0.000000]  0037400000 - 00377fe000 page 4k
[    0.000000] kernel direct mapping tables up to 377fe000 @ 7000-c000
[    0.000000] ACPI: RSDP 000f68d0 00024 (v02 LENOVO)
[    0.000000] ACPI: XSDT 3d6bb77f 00094 (v01 LENOVO TP-7L    00002170  LTP 00000000)
[    0.000000] ACPI: FACP 3d6bb900 000F4 (v03 LENOVO TP-7L    00002170 LNVO 00000001)
[    0.000000] ACPI Warning: 32/64X length mismatch in Gpe1Block: 0/32 (20090903/tbfadt-526)
[    0.000000] ACPI Warning: Optional field Gpe1Block has zero address or length: 000000000000102C/0 (20090903/tbfadt-557)
[    0.000000] ACPI: DSDT 3d6bbd1d 0FED1 (v01 LENOVO TP-7L    00002170 MSFT 03000000)
[    0.000000] ACPI: FACS 3d6e4000 00040
[    0.000000] ACPI: SSDT 3d6bbab4 00269 (v01 LENOVO TP-7L    00002170 MSFT 03000000)
[    0.000000] ACPI: ECDT 3d6cbbee 00052 (v01 LENOVO TP-7L    00002170 LNVO 00000001)
[    0.000000] ACPI: TCPA 3d6cbc40 00032 (v02 LENOVO TP-7L    00002170 LNVO 00000001)
[    0.000000] ACPI: APIC 3d6cbc72 00068 (v01 LENOVO TP-7L    00002170 LNVO 00000001)
[    0.000000] ACPI: MCFG 3d6cbcda 0003C (v01 LENOVO TP-7L    00002170 LNVO 00000001)
[    0.000000] ACPI: HPET 3d6cbd16 00038 (v01 LENOVO TP-7L    00002170 LNVO 00000001)
[    0.000000] ACPI: SLIC 3d6cbdf0 00176 (v01 LENOVO TP-7L    00002170  LTP 00000000)
[    0.000000] ACPI: BOOT 3d6cbf66 00028 (v01 LENOVO TP-7L    00002170  LTP 00000001)
[    0.000000] ACPI: ASF! 3d6cbf8e 00072 (v16 LENOVO TP-7L    00002170 PTL  00000001)
[    0.000000] ACPI: SSDT 3d6e26d9 0025F (v01 LENOVO TP-7L    00002170 INTL 20050513)
[    0.000000] ACPI: SSDT 3d6e2938 000A6 (v01 LENOVO TP-7L    00002170 INTL 20050513)
[    0.000000] ACPI: SSDT 3d6e29de 004F7 (v01 LENOVO TP-7L    00002170 INTL 20050513)
[    0.000000] ACPI: SSDT 3d6e2ed5 001D8 (v01 LENOVO TP-7L    00002170 INTL 20050513)
[    0.000000] ACPI: DMI detected: Lenovo ThinkPad R61
[    0.000000] ACPI: Added _OSI(Linux)
[    0.000000] ACPI: Local APIC address 0xfee00000
[    0.000000] 94MB HIGHMEM available.
[    0.000000] 887MB LOWMEM available.
[    0.000000]   mapped low ram: 0 - 377fe000
[    0.000000]   low ram: 0 - 377fe000
[    0.000000]   node 0 low ram: 00000000 - 377fe000
[    0.000000]   node 0 bootmap 00008000 - 0000ef00
[    0.000000] (6 early reservations) ==> bootmem [0000000000 - 00377fe000]
[    0.000000]   #0 [0000000000 - 0000001000]   BIOS data page ==> [0000000000 - 0000001000]
[    0.000000]   #1 [0001000000 - 0001bdc180]    TEXT DATA BSS ==> [0001000000 - 0001bdc180]
[    0.000000]   #2 [000009d800 - 0000100000]    BIOS reserved ==> [000009d800 - 0000100000]
[    0.000000]   #3 [0001bdd000 - 0001be516c]              BRK ==> [0001bdd000 - 0001be516c]
[    0.000000]   #4 [0000007000 - 0000008000]          PGTABLE ==> [0000007000 - 0000008000]
[    0.000000]   #5 [0000008000 - 000000f000]          BOOTMAP ==> [0000008000 - 000000f000]
[    0.000000] found SMP MP-table at [c00f6900] f6900
[    0.000000] Zone PFN ranges:
[    0.000000]   DMA      0x00000000 -> 0x00001000
[    0.000000]   Normal   0x00001000 -> 0x000377fe
[    0.000000]   HighMem  0x000377fe -> 0x0003d6b0
[    0.000000] Movable zone start PFN for each node
[    0.000000] early_node_map[2] active PFN ranges
[    0.000000]     0: 0x00000000 -> 0x0000009d
[    0.000000]     0: 0x00000100 -> 0x0003d6b0
[    0.000000] On node 0 totalpages: 251469
[    0.000000] free_area_init_node: node 0, pgdat c1901ea0, node_mem_map c1be7000
[    0.000000]   DMA zone: 32 pages used for memmap
[    0.000000]   DMA zone: 0 pages reserved
[    0.000000]   DMA zone: 3965 pages, LIFO batch:0
[    0.000000]   Normal zone: 1744 pages used for memmap
[    0.000000]   Normal zone: 221486 pages, LIFO batch:31
[    0.000000]   HighMem zone: 190 pages used for memmap
[    0.000000]   HighMem zone: 24052 pages, LIFO batch:3
[    0.000000] Using APIC driver default
[    0.000000] ACPI: PM-Timer IO Port: 0x1008
[    0.000000] ACPI: Local APIC address 0xfee00000
[    0.000000] ACPI: LAPIC (acpi_id[0x00] lapic_id[0x00] enabled)
[    0.000000] ACPI: LAPIC (acpi_id[0x01] lapic_id[0x01] enabled)
[    0.000000] ACPI: NR_CPUS/possible_cpus limit of 1 reached.  Processor 1/0x1 ignored.
[    0.000000] ACPI: LAPIC_NMI (acpi_id[0x00] high edge lint[0x1])
[    0.000000] ACPI: LAPIC_NMI (acpi_id[0x01] high edge lint[0x1])
[    0.000000] ACPI: IOAPIC (id[0x01] address[0xfec00000] gsi_base[0])
[    0.000000] IOAPIC[0]: apic_id 1, version 32, address 0xfec00000, GSI 0-23
[    0.000000] ACPI: INT_SRC_OVR (bus 0 bus_irq 0 global_irq 2 dfl dfl)
[    0.000000] ACPI: INT_SRC_OVR (bus 0 bus_irq 9 global_irq 9 high level)
[    0.000000] ACPI: IRQ0 used by override.
[    0.000000] ACPI: IRQ2 used by override.
[    0.000000] ACPI: IRQ9 used by override.
[    0.000000] Using ACPI (MADT) for SMP configuration information
[    0.000000] ACPI: HPET id: 0x8086a201 base: 0xfed00000
[    0.000000] nr_irqs_gsi: 24
[    0.000000] PM: Registered nosave memory: 000000000009d000 - 000000000009e000
[    0.000000] PM: Registered nosave memory: 000000000009e000 - 00000000000a0000
[    0.000000] PM: Registered nosave memory: 00000000000a0000 - 00000000000d2000
[    0.000000] PM: Registered nosave memory: 00000000000d2000 - 00000000000d4000
[    0.000000] PM: Registered nosave memory: 00000000000d4000 - 00000000000e0000
[    0.000000] PM: Registered nosave memory: 00000000000e0000 - 0000000000100000
[    0.000000] Allocating PCI resources starting at 3e000000 (gap: 3e000000:b2000000)
[    0.000000] Built 1 zonelists in Zone order, mobility grouping on.  Total pages: 249503
[    0.000000] Kernel command line: auto BOOT_IMAGE=Linux ro root=802 vt.default_utf8=0 maxcpus=0
[    0.000000] PID hash table entries: 4096 (order: 2, 16384 bytes)
[    0.000000] Dentry cache hash table entries: 131072 (order: 7, 524288 bytes)
[    0.000000] Inode-cache hash table entries: 65536 (order: 6, 262144 bytes)
[    0.000000] Enabling fast FPU save and restore... done.
[    0.000000] Enabling unmasked SIMD FPU exception support... done.
[    0.000000] Initializing CPU#0
[    0.000000] Initializing HighMem for node 0 (000377fe:0003d6b0)
[    0.000000] Memory: 984800k/1006272k available (6914k kernel code, 20876k reserved, 2328k data, 448k init, 96968k highmem)
[    0.000000] virtual kernel memory layout:
[    0.000000]     fixmap  : 0xfffa3000 - 0xfffff000   ( 368 kB)
[    0.000000]     pkmap   : 0xff800000 - 0xffc00000   (4096 kB)
[    0.000000]     vmalloc : 0xf7ffe000 - 0xff7fe000   ( 120 MB)
[    0.000000]     lowmem  : 0xc0000000 - 0xf77fe000   ( 887 MB)
[    0.000000]       .init : 0xc1907000 - 0xc1977000   ( 448 kB)
[    0.000000]       .data : 0xc16c0b5f - 0xc1906c64   (2328 kB)
[    0.000000]       .text : 0xc1000000 - 0xc16c0b5f   (6914 kB)
[    0.000000] Checking if this processor honours the WP bit even in supervisor mode...Ok.
[    0.000000] SLUB: Genslabs=13, HWalign=64, Order=0-3, MinObjects=0, CPUs=1, Nodes=1
[    0.000000] Hierarchical RCU implementation.
[    0.000000] NR_IRQS:288
[    0.000000] Extended CMOS year: 2000
[    0.000000] Console: colour VGA+ 80x25
[    0.000000] console [tty0] enabled
[    0.000000] hpet clockevent registered
[    0.000000] Fast TSC calibration using PIT
[    0.000000] Detected 2094.787 MHz processor.
[    0.001002] Calibrating delay loop (skipped), value calculated using timer frequency.. 4189.57 BogoMIPS (lpj=2094787)
[    0.001168] Security Framework initialized
[    0.001254] Mount-cache hash table entries: 512
[    0.001397] CPU: L1 I cache: 32K, L1 D cache: 32K
[    0.001523] CPU: L2 cache: 3072K
[    0.002006] mce: CPU supports 6 MCE banks
[    0.002096] CPU0: Thermal monitoring enabled (TM2)
[    0.002178] using mwait in idle threads.
[    0.002259] CPU: Intel(R) Core(TM)2 Duo CPU     T8100  @ 2.10GHz stepping 06
[    0.002429] Checking 'hlt' instruction... OK.
[    0.006938] ACPI: Core revision 20090903
[    0.026017] CANARY value: e8127bdc for PID: 1
[    0.026045] Enabling APIC mode:  Flat.  Using 1 I/O APICs
[    0.027358] ..TIMER: vector=0x30 apic1=0 pin1=2 apic2=-1 pin2=-1
[    0.037997] xor: automatically using best checksumming function: pIII_sse
[    0.041998]    pIII_sse  :  8568.000 MB/sec
[    0.042077] xor: using function: pIII_sse (8568.000 MB/sec)
[    0.042161] RANDOM - __seed init called.
[    0.042162] RANDOM - __seed init called.
[    0.042163] RANDOM - __seed init called.
[    0.042164] RANDOM - __random32 called. Change num 1.  Value: f7943846	49e73df3	af36cd0d
[    0.042166] RANDOM - __random32 called. Change num 2.  Value: 43846e13	9e73df37	9a1ad014
[    0.042168] RANDOM - __random32 called. Change num 3.  Value: 46e139c8	e73df373	a029598a
[    0.042169] RANDOM - __random32 called. Change num 4.  Value: 139c8c3b	73df373d	b3142c72
[    0.042171] RANDOM - __random32 called. Change num 5.  Value: c8c3b043	3df373de	58e576a9
[    0.042173] RANDOM - __random32 called. Change num 6.  Value: 3b0437d9	df373de5	ed53f9d8
[    0.042174] RANDOM - random32 init called.  Value: 3b0437d9	df373de5	ed53f9d8
[    0.042192] NET: Registered protocol family 16
[    0.042444] ACPI FADT declares the system doesn't support PCIe ASPM, so disable it
[    0.042557] ACPI: bus type pci registered
[    0.042726] PCI: MCFG configuration 0: base f0000000 segment 0 buses 0 - 63
[    0.042809] PCI: MCFG area at f0000000 reserved in E820
[    0.042895] PCI: Using MMCONFIG for extended config space
[    0.042980] PCI: Using configuration type 1 for base access
[    0.046091] bio: create slab <bio-0> at 0
[    0.046894] ACPI: EC: EC description table is found, configuring boot EC
[    0.052039] ACPI: BIOS _OSI(Linux) query honored via DMI
[    0.052758] random 0000 0000 0000 00000000 00000000: rand_read_num 2 get_random_bytes(8): sig fffffe1a 00000000 00000000
[    0.052760] random 0000 0000 0000 00000000 00000000: extract_entropy(.. 8 ..)
[    0.052763] random 0000 0000 0000 00000000 00000000: going to reseed nonblocking with 64 bits (64 of 0 requested)
[    0.052765] random 0000 0000 0000 00000000 00000000: extract_entropy(.. 8 ..)
[    0.052768] random 0000 0000 0000 00000000 00000000: trying to extract 64 bits from input
[    0.052770] random 0000 0000 0000 00000000 00000000: debiting 0 entropy credits from input
[    0.052772] random 0000 0000 0000 00000000 00000000: extract_entropy account returned: 0 
[    0.052774] random 0000 0000 0000 00000000 00000000: urand_change_num 3 xfer_secondary_pool(8): pool_sig fffffe1a, data_sig 00000000, bytes_mixed 0 00000000 00000000
[    0.052778] random 0000 0000 0000 00000000 00000000: trying to extract 64 bits from nonblocking
[    0.052780] random 0000 0000 0000 00000000 00000000: debiting 64 entropy credits from nonblocking (unlimited)
[    0.052782] random 0000 0000 0000 00000000 00000000: extract_entropy account returned: 8 
[    0.052786] random 0000 0000 0000 00000000 00000000: urand_change_num 4 extract_buf: pool_sig fffffe1a, data_sig fffffed7, bytes_mixed 20 00000000 00000000
[    0.058347] ACPI: Interpreter enabled
[    0.058426] ACPI: (supports S0 S3 S4 S5)
[    0.058711] ACPI: Using IOAPIC for interrupt routing
[    0.068452] ACPI: EC: GPE = 0x12, I/O: command/status = 0x66, data = 0x62
[    0.068723] ACPI: Power Resource [PUBS] (on)
[    0.070862] ACPI: ACPI Dock Station Driver: 3 docks/bays found
[    0.071287] ACPI: PCI Root Bridge [PCI0] (0000:00)
[    0.071450] pci 0000:00:02.0: reg 10 64bit mmio: [0xf8100000-0xf81fffff]
[    0.071456] pci 0000:00:02.0: reg 18 64bit mmio pref: [0xe0000000-0xefffffff]
[    0.071460] pci 0000:00:02.0: reg 20 io port: [0x1800-0x1807]
[    0.071495] pci 0000:00:02.1: reg 10 64bit mmio: [0xf8200000-0xf82fffff]
[    0.071595] pci 0000:00:19.0: reg 10 32bit mmio: [0xfe000000-0xfe01ffff]
[    0.071602] pci 0000:00:19.0: reg 14 32bit mmio: [0xfe025000-0xfe025fff]
[    0.071611] pci 0000:00:19.0: reg 18 io port: [0x1840-0x185f]
[    0.071690] pci 0000:00:19.0: PME# supported from D0 D3hot D3cold
[    0.071781] pci 0000:00:19.0: PME# disabled
[    0.071929] pci 0000:00:1a.0: reg 20 io port: [0x1860-0x187f]
[    0.072026] pci 0000:00:1a.1: reg 20 io port: [0x1880-0x189f]
[    0.072116] pci 0000:00:1a.7: reg 10 32bit mmio: [0xfe226c00-0xfe226fff]
[    0.072202] pci 0000:00:1a.7: PME# supported from D0 D3hot D3cold
[    0.072286] pci 0000:00:1a.7: PME# disabled
[    0.072430] pci 0000:00:1b.0: reg 10 64bit mmio: [0xfe020000-0xfe023fff]
[    0.072513] pci 0000:00:1b.0: PME# supported from D0 D3hot D3cold
[    0.072612] pci 0000:00:1b.0: PME# disabled
[    0.072809] pci 0000:00:1c.0: PME# supported from D0 D3hot D3cold
[    0.072900] pci 0000:00:1c.0: PME# disabled
[    0.073099] pci 0000:00:1c.1: PME# supported from D0 D3hot D3cold
[    0.073183] pci 0000:00:1c.1: PME# disabled
[    0.073388] pci 0000:00:1c.2: PME# supported from D0 D3hot D3cold
[    0.073478] pci 0000:00:1c.2: PME# disabled
[    0.073669] pci 0000:00:1c.3: PME# supported from D0 D3hot D3cold
[    0.073758] pci 0000:00:1c.3: PME# disabled
[    0.074109] pci 0000:00:1c.4: PME# supported from D0 D3hot D3cold
[    0.074197] pci 0000:00:1c.4: PME# disabled
[    0.074345] pci 0000:00:1d.0: reg 20 io port: [0x18a0-0x18bf]
[    0.074438] pci 0000:00:1d.1: reg 20 io port: [0x18c0-0x18df]
[    0.075032] pci 0000:00:1d.2: reg 20 io port: [0x18e0-0x18ff]
[    0.075128] pci 0000:00:1d.7: reg 10 32bit mmio: [0xfe227000-0xfe2273ff]
[    0.075229] pci 0000:00:1d.7: PME# supported from D0 D3hot D3cold
[    0.075315] pci 0000:00:1d.7: PME# disabled
[    0.075595] pci 0000:00:1f.0: quirk: region 1000-107f claimed by ICH6 ACPI/GPIO/TCO
[    0.075723] pci 0000:00:1f.0: quirk: region 1180-11bf claimed by ICH6 GPIO
[    0.075816] pci 0000:00:1f.0: ICH7 LPC Generic IO decode 1 PIO at 1600 (mask 007f)
[    0.075930] pci 0000:00:1f.0: ICH7 LPC Generic IO decode 2 PIO at 15e0 (mask 000f)
[    0.075998] pci 0000:00:1f.0: ICH7 LPC Generic IO decode 3 PIO at 1680 (mask 001f)
[    0.076197] pci 0000:00:1f.1: reg 10 io port: [0x00-0x07]
[    0.076206] pci 0000:00:1f.1: reg 14 io port: [0x00-0x03]
[    0.076215] pci 0000:00:1f.1: reg 18 io port: [0x00-0x07]
[    0.076227] pci 0000:00:1f.1: reg 1c io port: [0x00-0x03]
[    0.076237] pci 0000:00:1f.1: reg 20 io port: [0x1c00-0x1c0f]
[    0.076322] pci 0000:00:1f.2: reg 10 io port: [0x1c50-0x1c57]
[    0.076331] pci 0000:00:1f.2: reg 14 io port: [0x1c44-0x1c47]
[    0.076340] pci 0000:00:1f.2: reg 18 io port: [0x1c48-0x1c4f]
[    0.076349] pci 0000:00:1f.2: reg 1c io port: [0x1c40-0x1c43]
[    0.076357] pci 0000:00:1f.2: reg 20 io port: [0x1c20-0x1c3f]
[    0.076366] pci 0000:00:1f.2: reg 24 32bit mmio: [0xfe226000-0xfe2267ff]
[    0.076424] pci 0000:00:1f.2: PME# supported from D3hot
[    0.076506] pci 0000:00:1f.2: PME# disabled
[    0.076619] pci 0000:00:1f.3: reg 10 32bit mmio: [0xfe227400-0xfe2274ff]
[    0.076644] pci 0000:00:1f.3: reg 20 io port: [0x1c60-0x1c7f]
[    0.076734] pci 0000:00:1c.0: bridge io port: [0x2000-0x2fff]
[    0.076741] pci 0000:00:1c.0: bridge 32bit mmio: [0xfc000000-0xfdffffff]
[    0.076750] pci 0000:00:1c.0: bridge 64bit mmio pref: [0xf8000000-0xf80fffff]
[    0.076824] pci 0000:03:00.0: reg 10 64bit mmio: [0xdf3f0000-0xdf3fffff]
[    0.077072] pci 0000:00:1c.1: bridge io port: [0x3000-0x3fff]
[    0.077079] pci 0000:00:1c.1: bridge 32bit mmio: [0xdc000000-0xdf3fffff]
[    0.077088] pci 0000:00:1c.1: bridge 64bit mmio pref: [0xdfe00000-0xdfefffff]
[    0.077145] pci 0000:00:1c.2: bridge io port: [0x4000-0x4fff]
[    0.077152] pci 0000:00:1c.2: bridge 32bit mmio: [0xd8000000-0xd9ffffff]
[    0.077159] pci 0000:00:1c.2: bridge 64bit mmio pref: [0xdfb00000-0xdfbfffff]
[    0.077216] pci 0000:00:1c.3: bridge io port: [0x5000-0x5fff]
[    0.077220] pci 0000:00:1c.3: bridge 32bit mmio: [0xd4000000-0xd5ffffff]
[    0.077229] pci 0000:00:1c.3: bridge 64bit mmio pref: [0xdf800000-0xdf8fffff]
[    0.077286] pci 0000:00:1c.4: bridge io port: [0x6000-0x6fff]
[    0.077290] pci 0000:00:1c.4: bridge 32bit mmio: [0xd0000000-0xd1ffffff]
[    0.077299] pci 0000:00:1c.4: bridge 64bit mmio pref: [0xdf500000-0xdf5fffff]
[    0.077358] pci 0000:15:00.0: reg 10 32bit mmio: [0xf8300000-0xf8300fff]
[    0.077410] pci 0000:15:00.0: supports D1 D2
[    0.077412] pci 0000:15:00.0: PME# supported from D0 D1 D2 D3hot D3cold
[    0.077507] pci 0000:15:00.0: PME# disabled
[    0.077645] pci 0000:15:00.1: reg 10 32bit mmio: [0xf8301000-0xf83017ff]
[    0.077740] pci 0000:15:00.1: supports D1 D2
[    0.077741] pci 0000:15:00.1: PME# supported from D0 D1 D2 D3hot D3cold
[    0.077836] pci 0000:15:00.1: PME# disabled
[    0.078009] pci 0000:00:1e.0: transparent bridge
[    0.078100] pci 0000:00:1e.0: bridge io port: [0x7000-0xafff]
[    0.078107] pci 0000:00:1e.0: bridge 32bit mmio: [0xf8300000-0xfbffffff]
[    0.078113] pci 0000:00:1e.0: bridge 64bit mmio pref: [0xf4000000-0xf7ffffff]
[    0.078178] pci_bus 0000:00: on NUMA node 0
[    0.078182] ACPI: PCI Interrupt Routing Table [\_SB_.PCI0._PRT]
[    0.078315] ACPI: PCI Interrupt Routing Table [\_SB_.PCI0.EXP0._PRT]
[    0.078374] ACPI: PCI Interrupt Routing Table [\_SB_.PCI0.EXP1._PRT]
[    0.078431] ACPI: PCI Interrupt Routing Table [\_SB_.PCI0.EXP2._PRT]
[    0.078489] ACPI: PCI Interrupt Routing Table [\_SB_.PCI0.EXP3._PRT]
[    0.078552] ACPI: PCI Interrupt Routing Table [\_SB_.PCI0.EXP4._PRT]
[    0.078614] ACPI: PCI Interrupt Routing Table [\_SB_.PCI0.PCI1._PRT]
[    0.084063] ACPI: PCI Interrupt Link [LNKA] (IRQs 3 4 5 6 7 9 *10 11)
[    0.084804] ACPI: PCI Interrupt Link [LNKB] (IRQs 3 4 5 6 7 9 10 *11)
[    0.085503] ACPI: PCI Interrupt Link [LNKC] (IRQs 3 4 5 6 7 9 10 *11)
[    0.086158] ACPI: PCI Interrupt Link [LNKD] (IRQs 3 4 5 6 7 9 10 *11)
[    0.086870] ACPI: PCI Interrupt Link [LNKE] (IRQs 3 4 5 6 7 9 10 *11)
[    0.087616] ACPI: PCI Interrupt Link [LNKF] (IRQs 3 4 5 6 7 9 10 *11)
[    0.088380] ACPI: PCI Interrupt Link [LNKG] (IRQs 3 4 5 6 7 9 10 *11)
[    0.089150] ACPI: PCI Interrupt Link [LNKH] (IRQs 3 4 5 6 7 9 10 *11)
[    0.089861] vgaarb: device added: PCI:0000:00:02.0,decodes=io+mem,owns=io+mem,locks=none
[    0.089978] vgaarb: loaded
[    0.090090] SCSI subsystem initialized
[    0.090186] libata version 3.00 loaded.
[    0.090234] usbcore: registered new interface driver usbfs
[    0.090360] usbcore: registered new interface driver hub
[    0.090468] usbcore: registered new device driver usb
[    0.107041] raid6: int32x1    941 MB/s
[    0.124059] raid6: int32x2    890 MB/s
[    0.141067] raid6: int32x4    750 MB/s
[    0.158066] raid6: int32x8    660 MB/s
[    0.174988] raid6: mmxx1     2878 MB/s
[    0.191982] raid6: mmxx2     3269 MB/s
[    0.209000] raid6: sse1x1    1937 MB/s
[    0.225999] raid6: sse1x2    2535 MB/s
[    0.242975] raid6: sse2x1    3500 MB/s
[    0.259970] raid6: sse2x2    3824 MB/s
[    0.260061] raid6: using algorithm sse2x2 (3824 MB/s)
[    0.260148] PCI: Using ACPI for IRQ routing
[    0.260460] HPET: 3 timers in total, 0 timers will be used for per-cpu timer
[    0.260989] Switching to clocksource tsc
[    0.261085] pnp: PnP ACPI init
[    0.261168] ACPI: bus type pnp registered
[    0.264820] pnp: PnP ACPI: found 11 devices
[    0.264922] ACPI: ACPI bus type pnp unregistered
[    0.265008] system 00:00: iomem range 0x0-0x9ffff could not be reserved
[    0.265101] system 00:00: iomem range 0xc0000-0xc3fff could not be reserved
[    0.265195] system 00:00: iomem range 0xc4000-0xc7fff could not be reserved
[    0.265279] system 00:00: iomem range 0xc8000-0xcbfff has been reserved
[    0.265361] system 00:00: iomem range 0xcc000-0xcffff has been reserved
[    0.265444] system 00:00: iomem range 0xd0000-0xd3fff could not be reserved
[    0.265526] system 00:00: iomem range 0xe0000-0xe3fff could not be reserved
[    0.265616] system 00:00: iomem range 0xe4000-0xe7fff could not be reserved
[    0.265710] system 00:00: iomem range 0xe8000-0xebfff could not be reserved
[    0.265796] system 00:00: iomem range 0xec000-0xeffff could not be reserved
[    0.265881] system 00:00: iomem range 0xf0000-0xfffff could not be reserved
[    0.265972] system 00:00: iomem range 0x100000-0x3dffffff could not be reserved
[    0.266085] system 00:00: iomem range 0xfec00000-0xfed3ffff could not be reserved
[    0.266202] system 00:00: iomem range 0xfed4c000-0xffffffff could not be reserved
[    0.266317] system 00:02: ioport range 0x164e-0x164f has been reserved
[    0.266403] system 00:02: ioport range 0x1000-0x107f has been reserved
[    0.266492] system 00:02: ioport range 0x1180-0x11bf has been reserved
[    0.266584] system 00:02: ioport range 0x800-0x80f has been reserved
[    0.266672] system 00:02: ioport range 0x15e0-0x15ef has been reserved
[    0.266763] system 00:02: ioport range 0x1600-0x165f could not be reserved
[    0.266851] system 00:02: iomem range 0xf0000000-0xf3ffffff has been reserved
[    0.266943] system 00:02: iomem range 0xfed1c000-0xfed1ffff has been reserved
[    0.267024] system 00:02: iomem range 0xfed14000-0xfed17fff has been reserved
[    0.267107] system 00:02: iomem range 0xfed18000-0xfed18fff has been reserved
[    0.267192] system 00:02: iomem range 0xfed19000-0xfed19fff has been reserved
[    0.267283] system 00:02: iomem range 0xfed45000-0xfed4bfff has been reserved
[    0.302321] pci 0000:00:1c.0: PCI bridge, secondary bus 0000:02
[    0.302409] pci 0000:00:1c.0:   IO window: 0x2000-0x2fff
[    0.302492] pci 0000:00:1c.0:   MEM window: 0xfc000000-0xfdffffff
[    0.302576] pci 0000:00:1c.0:   PREFETCH window: 0x000000f8000000-0x000000f80fffff
[    0.302708] pci 0000:00:1c.1: PCI bridge, secondary bus 0000:03
[    0.302800] pci 0000:00:1c.1:   IO window: 0x3000-0x3fff
[    0.302896] pci 0000:00:1c.1:   MEM window: 0xdc000000-0xdf3fffff
[    0.302979] pci 0000:00:1c.1:   PREFETCH window: 0x000000dfe00000-0x000000dfefffff
[    0.303102] pci 0000:00:1c.2: PCI bridge, secondary bus 0000:04
[    0.303189] pci 0000:00:1c.2:   IO window: 0x4000-0x4fff
[    0.303276] pci 0000:00:1c.2:   MEM window: 0xd8000000-0xd9ffffff
[    0.303370] pci 0000:00:1c.2:   PREFETCH window: 0x000000dfb00000-0x000000dfbfffff
[    0.303488] pci 0000:00:1c.3: PCI bridge, secondary bus 0000:05
[    0.303578] pci 0000:00:1c.3:   IO window: 0x5000-0x5fff
[    0.303669] pci 0000:00:1c.3:   MEM window: 0xd4000000-0xd5ffffff
[    0.303759] pci 0000:00:1c.3:   PREFETCH window: 0x000000df800000-0x000000df8fffff
[    0.303883] pci 0000:00:1c.4: PCI bridge, secondary bus 0000:0d
[    0.303971] pci 0000:00:1c.4:   IO window: 0x6000-0x6fff
[    0.304056] pci 0000:00:1c.4:   MEM window: 0xd0000000-0xd1ffffff
[    0.304139] pci 0000:00:1c.4:   PREFETCH window: 0x000000df500000-0x000000df5fffff
[    0.304259] pci 0000:15:00.0: CardBus bridge, secondary bus 0000:16
[    0.304345] pci 0000:15:00.0:   IO window: 0x007000-0x0070ff
[    0.304437] pci 0000:15:00.0:   IO window: 0x007400-0x0074ff
[    0.304525] pci 0000:15:00.0:   PREFETCH window: 0xf4000000-0xf7ffffff
[    0.304611] pci 0000:15:00.0:   MEM window: 0x40000000-0x43ffffff
[    0.304695] pci 0000:00:1e.0: PCI bridge, secondary bus 0000:15
[    0.304778] pci 0000:00:1e.0:   IO window: 0x7000-0xafff
[    0.304872] pci 0000:00:1e.0:   MEM window: 0xf8300000-0xfbffffff
[    0.304955] pci 0000:00:1e.0:   PREFETCH window: 0x000000f4000000-0x000000f7ffffff
[    0.305096] pci 0000:00:1c.0: PCI INT A -> GSI 20 (level, low) -> IRQ 20
[    0.305193] pci 0000:00:1c.0: setting latency timer to 64
[    0.305202] pci 0000:00:1c.1: PCI INT B -> GSI 21 (level, low) -> IRQ 21
[    0.305295] pci 0000:00:1c.1: setting latency timer to 64
[    0.305307] pci 0000:00:1c.2: PCI INT C -> GSI 22 (level, low) -> IRQ 22
[    0.305391] pci 0000:00:1c.2: setting latency timer to 64
[    0.305401] pci 0000:00:1c.3: PCI INT D -> GSI 23 (level, low) -> IRQ 23
[    0.305484] pci 0000:00:1c.3: setting latency timer to 64
[    0.305495] pci 0000:00:1c.4: PCI INT A -> GSI 20 (level, low) -> IRQ 20
[    0.305587] pci 0000:00:1c.4: setting latency timer to 64
[    0.305592] pci 0000:00:1e.0: enabling device (0005 -> 0007)
[    0.305690] pci 0000:00:1e.0: setting latency timer to 64
[    0.305705] pci 0000:15:00.0: PCI INT A -> GSI 16 (level, low) -> IRQ 16
[    0.305791] pci 0000:15:00.0: setting latency timer to 64
[    0.305797] pci_bus 0000:00: resource 0 io:  [0x00-0xffff]
[    0.305799] pci_bus 0000:00: resource 1 mem: [0x000000-0xffffffff]
[    0.305801] pci_bus 0000:02: resource 0 io:  [0x2000-0x2fff]
[    0.305803] pci_bus 0000:02: resource 1 mem: [0xfc000000-0xfdffffff]
[    0.305805] pci_bus 0000:02: resource 2 pref mem [0xf8000000-0xf80fffff]
[    0.305806] pci_bus 0000:03: resource 0 io:  [0x3000-0x3fff]
[    0.305808] pci_bus 0000:03: resource 1 mem: [0xdc000000-0xdf3fffff]
[    0.305810] pci_bus 0000:03: resource 2 pref mem [0xdfe00000-0xdfefffff]
[    0.305812] pci_bus 0000:04: resource 0 io:  [0x4000-0x4fff]
[    0.305813] pci_bus 0000:04: resource 1 mem: [0xd8000000-0xd9ffffff]
[    0.305815] pci_bus 0000:04: resource 2 pref mem [0xdfb00000-0xdfbfffff]
[    0.305817] pci_bus 0000:05: resource 0 io:  [0x5000-0x5fff]
[    0.305819] pci_bus 0000:05: resource 1 mem: [0xd4000000-0xd5ffffff]
[    0.305821] pci_bus 0000:05: resource 2 pref mem [0xdf800000-0xdf8fffff]
[    0.305822] pci_bus 0000:0d: resource 0 io:  [0x6000-0x6fff]
[    0.305824] pci_bus 0000:0d: resource 1 mem: [0xd0000000-0xd1ffffff]
[    0.305826] pci_bus 0000:0d: resource 2 pref mem [0xdf500000-0xdf5fffff]
[    0.305828] pci_bus 0000:15: resource 0 io:  [0x7000-0xafff]
[    0.305829] pci_bus 0000:15: resource 1 mem: [0xf8300000-0xfbffffff]
[    0.305831] pci_bus 0000:15: resource 2 pref mem [0xf4000000-0xf7ffffff]
[    0.305833] pci_bus 0000:15: resource 3 io:  [0x00-0xffff]
[    0.305835] pci_bus 0000:15: resource 4 mem: [0x000000-0xffffffff]
[    0.305837] pci_bus 0000:16: resource 0 io:  [0x7000-0x70ff]
[    0.305838] pci_bus 0000:16: resource 1 io:  [0x7400-0x74ff]
[    0.305840] pci_bus 0000:16: resource 2 pref mem [0xf4000000-0xf7ffffff]
[    0.305842] pci_bus 0000:16: resource 3 mem: [0x40000000-0x43ffffff]
[    0.305849] NET: Registered protocol family 2
[    0.305936] RANDOM - __random32 called. Change num 7.  Value: 437d97bf	f373de51	f3b0f986
[    0.305938] RANDOM - random32 called.  Value: 437d97bf	f373de51	f3b0f986
[    0.305942] random 0000 0000 0000 5f8db4e5 4cfdf2a8: rand_read_num 3 get_random_bytes(4): sig fffffb64 5f8db4e5 4cfdf2a8
[    0.305944] random 0000 0000 0000 5f8db4e5 4cfdf2a8: extract_entropy(.. 4 ..)
[    0.305947] random 0000 0000 0000 5f8db4e5 4cfdf2a8: going to reseed nonblocking with 64 bits (32 of 0 requested)
[    0.305949] random 0000 0000 0000 5f8db4e5 4cfdf2a8: extract_entropy(.. 8 ..)
[    0.305951] random 0000 0000 0000 5f8db4e5 4cfdf2a8: trying to extract 64 bits from input
[    0.305953] random 0000 0000 0000 5f8db4e5 4cfdf2a8: debiting 0 entropy credits from input
[    0.305955] random 0000 0000 0000 5f8db4e5 4cfdf2a8: extract_entropy account returned: 0 
[    0.305958] random 0000 0000 0000 5f8db4e5 4cfdf2a8: urand_change_num 5 xfer_secondary_pool(4): pool_sig fffffb64, data_sig 00000000, bytes_mixed 0 5f8db4e5 4cfdf2a8
[    0.305961] random 0000 0000 0000 5f8db4e5 4cfdf2a8: trying to extract 32 bits from nonblocking
[    0.305963] random 0000 0000 0000 5f8db4e5 4cfdf2a8: debiting 32 entropy credits from nonblocking (unlimited)
[    0.305965] random 0000 0000 0000 5f8db4e5 4cfdf2a8: extract_entropy account returned: 4 
[    0.305970] random 0000 0000 0000 5f8db4e5 4cfdf2a8: urand_change_num 6 extract_buf: pool_sig fffffb64, data_sig 00000241, bytes_mixed 20 5f8db4e5 4cfdf2a8
[    0.305979] IP route cache hash table entries: 32768 (order: 5, 131072 bytes)
[    0.306108] RANDOM - __random32 called. Change num 8.  Value: d97bfe31	373de51f	f30dc6e6
[    0.306110] RANDOM - random32 called.  Value: d97bfe31	373de51f	f30dc6e6
[    0.306121] RANDOM - __random32 called. Change num 9.  Value: bfe314d7	73de51f5	8dcd6c7e
[    0.306122] RANDOM - random32 called.  Value: bfe314d7	73de51f5	8dcd6c7e
[    0.306124] RANDOM - __random32 called. Change num 10.  Value: 314d7baf	3de51f5e	d8fc74c1
[    0.306126] RANDOM - random32 called.  Value: 314d7baf	3de51f5e	d8fc74c1
[    0.306136] RANDOM - __random32 called. Change num 11.  Value: d7baf3c7	de51f5e5	e983e3fa
[    0.306138] RANDOM - random32 called.  Value: d7baf3c7	de51f5e5	e983e3fa
[    0.306148] TCP established hash table entries: 131072 (order: 8, 1048576 bytes)
[    0.306636] TCP bind hash table entries: 65536 (order: 6, 262144 bytes)
[    0.306821] TCP: Hash tables configured (established 131072 bind 65536)
[    0.306907] TCP reno registered
[    0.307005] NET: Registered protocol family 1
[    0.307111] RPC: Registered udp transport module.
[    0.307190] RPC: Registered tcp transport module.
[    0.307271] RPC: Registered tcp NFSv4.1 backchannel transport module.
[    0.307370] pci 0000:00:02.0: Boot video device
[    0.307584] Simple Boot Flag at 0x35 set to 0x1
[    0.308134] highmem bounce pool size: 64 pages
[    0.309619] VFS: Disk quotas dquot_6.5.2
[    0.309739] Dquot-cache hash table entries: 1024 (order 0, 4096 bytes)
[    0.310492] NTFS driver 2.1.29 [Flags: R/W].
[    0.310643] ROMFS MTD (C) 2007 Red Hat, Inc.
[    0.310855] JFS: nTxBlock = 7695, nTxLock = 61562
[    0.313280] SGI XFS with ACLs, security attributes, large block/inode numbers, no debug enabled
[    0.313751] SGI XFS Quota Management subsystem
[    0.314095] Slow work thread pool: Starting up
[    0.314187] Slow work thread pool: Ready
[    0.314278] GFS2 (built May 24 2013 02:47:17) installed
[    0.314361] msgmni has been set to 1734
[    0.314522] alg: No test for cipher_null (cipher_null-generic)
[    0.314628] alg: No test for ecb(cipher_null) (ecb-cipher_null)
[    0.314723] alg: No test for digest_null (digest_null-generic)
[    0.314824] alg: No test for compress_null (compress_null-generic)
[    0.315369] alg: No test for fcrypt (fcrypt-generic)
[    0.316777] alg: No test for stdrng (krng)
[    0.316876] async_tx: api initialized (async)
[    0.317030] Block layer SCSI generic (bsg) driver version 0.4 loaded (major 254)
[    0.317157] io scheduler noop registered
[    0.317242] io scheduler anticipatory registered
[    0.317321] io scheduler deadline registered
[    0.317447] io scheduler cfq registered (default)
[    0.317688] pcieport 0000:00:1c.0: irq 24 for MSI/MSI-X
[    0.317705] pcieport 0000:00:1c.0: setting latency timer to 64
[    0.317912] pcieport 0000:00:1c.1: irq 25 for MSI/MSI-X
[    0.317925] pcieport 0000:00:1c.1: setting latency timer to 64
[    0.318103] pcieport 0000:00:1c.2: irq 26 for MSI/MSI-X
[    0.318115] pcieport 0000:00:1c.2: setting latency timer to 64
[    0.318289] pcieport 0000:00:1c.3: irq 27 for MSI/MSI-X
[    0.318300] pcieport 0000:00:1c.3: setting latency timer to 64
[    0.318483] pcieport 0000:00:1c.4: irq 28 for MSI/MSI-X
[    0.318492] pcieport 0000:00:1c.4: setting latency timer to 64
[    0.318641] pci_hotplug: PCI Hot Plug PCI Core version: 0.5
[    0.318837] isapnp: Scanning for PnP cards...
[    0.679385] isapnp: No Plug & Play device found
[    0.679474] random 0000 0000 0000 5f8db4e5 4cfdf2a8: initializing
[    0.698973] Serial: 8250/16550 driver, 4 ports, IRQ sharing enabled
[    3.709604] floppy0: no floppy controllers found
[    3.710533] brd: module loaded
[    3.711029] loop: module loaded
[    3.711114] Compaq SMART2 Driver (v 2.6.0)
[    3.711234] HP CISS Driver (v 3.6.20)
[    3.711466] input: Macintosh mouse button emulation as /devices/virtual/input/input0
[    3.711583] Uniform Multi-Platform E-IDE driver
[    3.711814] piix 0000:00:1f.1: IDE controller (0x8086:0x2850 rev 0x03)
[    3.711919] pci 0000:00:1f.1: PCI INT C -> GSI 16 (level, low) -> IRQ 16
[    3.712011] piix 0000:00:1f.1: IDE port disabled
[    3.712099] piix 0000:00:1f.1: not 100% native mode: will probe irqs later
[    3.712190]     ide0: BM-DMA at 0x1c00-0x1c07
[    3.712279] Probing IDE interface ide0...
[    4.383769] hda: HL-DT-ST DVDRAM GSA-U10N, ATAPI CD/DVD-ROM drive
[    4.690557] hda: host max PIO4 wanted PIO255(auto-tune) selected PIO4
[    4.691326] hda: UDMA/33 mode selected
[    4.691783] ide0 at 0x1f0-0x1f7,0x3f6 on irq 14
[    4.695650] ide-gd driver 1.18
[    4.695747] ide-cd driver 5.00
[    4.697128] ide-cd: hda: ATAPI 24X DVD-ROM DVD-R/RAM CD-R/RW drive, 2048kB Cache
[    4.697526] Uniform CD-ROM driver Revision: 3.20
[    4.704711] Loading iSCSI transport class v2.0-870.
[    4.704990] rdac: device handler registered
[    4.705080] hp_sw: device handler registered
[    4.705167] emc: device handler registered
[    4.705255] alua: device handler registered
[    4.706236] Adaptec aacraid driver 1.1-5[2461]-ms
[    4.706648] scsi: <fdomain> Detection failed (no card)
[    4.706746] sym53c416.c: Version 1.0.0-ac
[    4.706853] qlogicfas: no cards were found, please specify I/O address and IRQ using iobase= and irq= options
[    4.706967] QLogic Fibre Channel HBA Driver: 8.03.01-k6
[    4.707174] iscsi: registered transport (qla4xxx)
[    4.707278] QLogic iSCSI HBA Driver
[    4.707359] Emulex LightPulse Fibre Channel SCSI driver 8.3.4
[    4.707447] Copyright(c) 2004-2009 Emulex.  All rights reserved.
[    4.729542] Failed initialization of WD-7000 SCSI card!
[    4.818804] DC390: clustering now enabled by default. If you get problems load
[    4.818922]        with "disable_clustering=1" and report to maintainers
[    4.819046] megaraid cmm: 2.20.2.7 (Release Date: Sun Jul 16 00:01:03 EST 2006)
[    4.819189] megaraid: 2.20.5.1 (Release Date: Thu Nov 16 15:32:35 EST 2006)
[    4.819298] megasas: 00.00.04.01 Thu July 24 11:41:51 PST 2008
[    4.819421] GDT-HA: Storage RAID Controller Driver. Version: 3.05
[    4.819564] 3ware Storage Controller device driver for Linux v1.26.02.002.
[    4.819676] 3ware 9000 Storage Controller device driver for Linux v2.26.02.012.
[    4.819821] nsp32: loading...
[    4.819922] ipr: IBM Power RAID SCSI Device Driver version: 2.4.3 (June 10, 2009)
[    4.820056] RocketRAID 3xxx/4xxx Controller driver v1.6 (090910)
[    4.820157] stex: Promise SuperTrak EX Driver version: 4.6.0000.3
[    4.820282] st: Version 20081215, fixed bufsize 32768, s/g segs 256
[    4.820478] ahci 0000:00:1f.2: version 3.0
[    4.820491] ahci 0000:00:1f.2: PCI INT B -> GSI 16 (level, low) -> IRQ 16
[    4.820622] ahci 0000:00:1f.2: irq 29 for MSI/MSI-X
[    4.820687] ahci 0000:00:1f.2: AHCI 0001.0100 32 slots 3 ports 1.5 Gbps 0x5 impl SATA mode
[    4.820805] ahci 0000:00:1f.2: flags: 64bit ncq sntf pm led clo pio slum part ccc 
[    4.820926] ahci 0000:00:1f.2: setting latency timer to 64
[    4.821069] scsi2 : ahci
[    4.821217] scsi3 : ahci
[    4.821354] scsi4 : ahci
[    4.821540] ata1: SATA max UDMA/133 abar m2048@0xfe226000 port 0xfe226100 irq 29
[    4.821658] ata2: DUMMY
[    4.821747] ata3: SATA max UDMA/133 abar m2048@0xfe226000 port 0xfe226200 irq 29
[    4.822352] I2O subsystem v1.325
[    4.822440] i2o: max drivers = 8
[    4.822586] I2O Configuration OSM v1.323
[    4.822689] I2O Bus Adapter OSM v1.317
[    4.822782] I2O Block Device OSM v1.325
[    4.822923] I2O SCSI Peripheral OSM v1.316
[    4.823017] I2O ProcFS OSM v1.316
[    4.823116] Fusion MPT base driver 3.04.12
[    4.823194] Copyright (c) 1999-2008 LSI Corporation
[    4.823276] Fusion MPT SPI Host driver 3.04.12
[    4.823375] Fusion MPT FC Host driver 3.04.12
[    4.823484] Fusion MPT SAS Host driver 3.04.12
[    4.823675] ohci1394 0000:15:00.1: PCI INT B -> GSI 17 (level, low) -> IRQ 17
[    4.823767] ohci1394 0000:15:00.1: setting latency timer to 64
[    4.877550] ohci1394: fw-host0: OHCI-1394 1.1 (PCI): IRQ=[17]  MMIO=[f8301000-f83017ff]  Max Packet=[2048]  IR/IT contexts=[4/4]
[    4.881813] ehci_hcd: USB 2.0 'Enhanced' Host Controller (EHCI) Driver
[    4.882089] ehci_hcd 0000:00:1a.7: power state changed by ACPI to D0
[    4.882320] ehci_hcd 0000:00:1a.7: power state changed by ACPI to D0
[    4.882413] ehci_hcd 0000:00:1a.7: PCI INT C -> GSI 22 (level, low) -> IRQ 22
[    4.882515] ehci_hcd 0000:00:1a.7: setting latency timer to 64
[    4.882518] ehci_hcd 0000:00:1a.7: EHCI Host Controller
[    4.882645] ehci_hcd 0000:00:1a.7: new USB bus registered, assigned bus number 1
[    4.886690] ehci_hcd 0000:00:1a.7: cache line size of 32 is not supported
[    4.886698] ehci_hcd 0000:00:1a.7: irq 22, io mem 0xfe226c00
[    4.896510] ehci_hcd 0000:00:1a.7: USB 2.0 started, EHCI 1.00
[    4.896617] usb usb1: New USB device found, idVendor=1d6b, idProduct=0002
[    4.896706] usb usb1: New USB device strings: Mfr=3, Product=2, SerialNumber=1
[    4.896818] usb usb1: Product: EHCI Host Controller
[    4.896896] usb usb1: Manufacturer: Linux 2.6.32.57 ehci_hcd
[    4.896976] usb usb1: SerialNumber: 0000:00:1a.7
[    4.897108] usb usb1: configuration #1 chosen from 1 choice
[    4.897224] hub 1-0:1.0: USB hub found
[    4.897305] hub 1-0:1.0: 4 ports detected
[    4.897603] ehci_hcd 0000:00:1d.7: power state changed by ACPI to D0
[    4.897847] ehci_hcd 0000:00:1d.7: power state changed by ACPI to D0
[    4.897938] ehci_hcd 0000:00:1d.7: PCI INT D -> GSI 19 (level, low) -> IRQ 19
[    4.898035] ehci_hcd 0000:00:1d.7: setting latency timer to 64
[    4.898038] ehci_hcd 0000:00:1d.7: EHCI Host Controller
[    4.898164] ehci_hcd 0000:00:1d.7: new USB bus registered, assigned bus number 2
[    4.898307] ehci_hcd 0000:00:1d.7: debug port 1
[    4.902282] ehci_hcd 0000:00:1d.7: cache line size of 32 is not supported
[    4.902290] ehci_hcd 0000:00:1d.7: irq 19, io mem 0xfe227000
[    4.912509] ehci_hcd 0000:00:1d.7: USB 2.0 started, EHCI 1.00
[    4.912619] usb usb2: New USB device found, idVendor=1d6b, idProduct=0002
[    4.912711] usb usb2: New USB device strings: Mfr=3, Product=2, SerialNumber=1
[    4.912822] usb usb2: Product: EHCI Host Controller
[    4.912908] usb usb2: Manufacturer: Linux 2.6.32.57 ehci_hcd
[    4.912998] usb usb2: SerialNumber: 0000:00:1d.7
[    4.913132] usb usb2: configuration #1 chosen from 1 choice
[    4.913240] hub 2-0:1.0: USB hub found
[    4.913321] hub 2-0:1.0: 6 ports detected
[    4.913491] 116x: driver isp116x-hcd, 03 Nov 2005
[    4.913594] ohci_hcd: USB 1.1 'Open' Host Controller (OHCI) Driver
[    4.913702] uhci_hcd: USB Universal Host Controller Interface driver
[    4.913808] uhci_hcd 0000:00:1a.0: PCI INT A -> GSI 20 (level, low) -> IRQ 20
[    4.913897] uhci_hcd 0000:00:1a.0: setting latency timer to 64
[    4.913902] uhci_hcd 0000:00:1a.0: UHCI Host Controller
[    4.914021] uhci_hcd 0000:00:1a.0: new USB bus registered, assigned bus number 3
[    4.914170] uhci_hcd 0000:00:1a.0: irq 20, io base 0x00001860
[    4.914280] usb usb3: New USB device found, idVendor=1d6b, idProduct=0001
[    4.914365] usb usb3: New USB device strings: Mfr=3, Product=2, SerialNumber=1
[    4.914485] usb usb3: Product: UHCI Host Controller
[    4.914582] usb usb3: Manufacturer: Linux 2.6.32.57 uhci_hcd
[    4.914666] usb usb3: SerialNumber: 0000:00:1a.0
[    4.914799] usb usb3: configuration #1 chosen from 1 choice
[    4.914914] hub 3-0:1.0: USB hub found
[    4.914995] hub 3-0:1.0: 2 ports detected
[    4.915299] uhci_hcd 0000:00:1a.1: power state changed by ACPI to D0
[    4.915557] uhci_hcd 0000:00:1a.1: power state changed by ACPI to D0
[    4.915650] uhci_hcd 0000:00:1a.1: PCI INT B -> GSI 21 (level, low) -> IRQ 21
[    4.915746] uhci_hcd 0000:00:1a.1: setting latency timer to 64
[    4.915751] uhci_hcd 0000:00:1a.1: UHCI Host Controller
[    4.915871] uhci_hcd 0000:00:1a.1: new USB bus registered, assigned bus number 4
[    4.916013] uhci_hcd 0000:00:1a.1: irq 21, io base 0x00001880
[    4.916118] usb usb4: New USB device found, idVendor=1d6b, idProduct=0001
[    4.916204] usb usb4: New USB device strings: Mfr=3, Product=2, SerialNumber=1
[    4.916316] usb usb4: Product: UHCI Host Controller
[    4.916401] usb usb4: Manufacturer: Linux 2.6.32.57 uhci_hcd
[    4.916484] usb usb4: SerialNumber: 0000:00:1a.1
[    4.916623] usb usb4: configuration #1 chosen from 1 choice
[    4.916730] hub 4-0:1.0: USB hub found
[    4.916818] hub 4-0:1.0: 2 ports detected
[    4.917106] uhci_hcd 0000:00:1d.0: power state changed by ACPI to D0
[    4.917347] uhci_hcd 0000:00:1d.0: power state changed by ACPI to D0
[    4.917433] uhci_hcd 0000:00:1d.0: PCI INT A -> GSI 16 (level, low) -> IRQ 16
[    4.917531] uhci_hcd 0000:00:1d.0: setting latency timer to 64
[    4.917536] uhci_hcd 0000:00:1d.0: UHCI Host Controller
[    4.917665] uhci_hcd 0000:00:1d.0: new USB bus registered, assigned bus number 5
[    4.917815] uhci_hcd 0000:00:1d.0: irq 16, io base 0x000018a0
[    4.917927] usb usb5: New USB device found, idVendor=1d6b, idProduct=0001
[    4.918018] usb usb5: New USB device strings: Mfr=3, Product=2, SerialNumber=1
[    4.918130] usb usb5: Product: UHCI Host Controller
[    4.918222] usb usb5: Manufacturer: Linux 2.6.32.57 uhci_hcd
[    4.918303] usb usb5: SerialNumber: 0000:00:1d.0
[    4.918431] usb usb5: configuration #1 chosen from 1 choice
[    4.918547] hub 5-0:1.0: USB hub found
[    4.918630] hub 5-0:1.0: 2 ports detected
[    4.918772] uhci_hcd 0000:00:1d.1: PCI INT B -> GSI 17 (level, low) -> IRQ 17
[    4.918859] uhci_hcd 0000:00:1d.1: setting latency timer to 64
[    4.918864] uhci_hcd 0000:00:1d.1: UHCI Host Controller
[    4.918978] uhci_hcd 0000:00:1d.1: new USB bus registered, assigned bus number 6
[    4.919117] uhci_hcd 0000:00:1d.1: irq 17, io base 0x000018c0
[    4.919226] usb usb6: New USB device found, idVendor=1d6b, idProduct=0001
[    4.919308] usb usb6: New USB device strings: Mfr=3, Product=2, SerialNumber=1
[    4.919423] usb usb6: Product: UHCI Host Controller
[    4.919508] usb usb6: Manufacturer: Linux 2.6.32.57 uhci_hcd
[    4.919590] usb usb6: SerialNumber: 0000:00:1d.1
[    4.919723] usb usb6: configuration #1 chosen from 1 choice
[    4.919832] hub 6-0:1.0: USB hub found
[    4.919919] hub 6-0:1.0: 2 ports detected
[    4.920197] uhci_hcd 0000:00:1d.2: power state changed by ACPI to D0
[    4.920426] uhci_hcd 0000:00:1d.2: power state changed by ACPI to D0
[    4.920522] uhci_hcd 0000:00:1d.2: PCI INT C -> GSI 18 (level, low) -> IRQ 18
[    4.920625] uhci_hcd 0000:00:1d.2: setting latency timer to 64
[    4.920630] uhci_hcd 0000:00:1d.2: UHCI Host Controller
[    4.920759] uhci_hcd 0000:00:1d.2: new USB bus registered, assigned bus number 7
[    4.920906] uhci_hcd 0000:00:1d.2: irq 18, io base 0x000018e0
[    4.921011] usb usb7: New USB device found, idVendor=1d6b, idProduct=0001
[    4.921097] usb usb7: New USB device strings: Mfr=3, Product=2, SerialNumber=1
[    4.921208] usb usb7: Product: UHCI Host Controller
[    4.921293] usb usb7: Manufacturer: Linux 2.6.32.57 uhci_hcd
[    4.921379] usb usb7: SerialNumber: 0000:00:1d.2
[    4.922167] usb usb7: configuration #1 chosen from 1 choice
[    4.922276] hub 7-0:1.0: USB hub found
[    4.922369] hub 7-0:1.0: 2 ports detected
[    4.922525] sl811: driver sl811-hcd, 19 May 2005
[    4.922626] r8a66597_hcd: driver r8a66597_hcd, 2009-05-26
[    4.922796] Initializing USB Mass Storage driver...
[    4.922929] usbcore: registered new interface driver usb-storage
[    4.923024] USB Mass Storage support registered.
[    4.923121] usbcore: registered new interface driver ums-alauda
[    4.923224] usbcore: registered new interface driver ums-cypress
[    4.923334] usbcore: registered new interface driver ums-datafab
[    4.923432] usbcore: registered new interface driver ums-freecom
[    4.923539] usbcore: registered new interface driver ums-isd200
[    4.923639] usbcore: registered new interface driver ums-jumpshot
[    4.923749] usbcore: registered new interface driver ums-karma
[    4.923860] usbcore: registered new interface driver ums-onetouch
[    4.923960] usbcore: registered new interface driver ums-sddr09
[    4.924061] usbcore: registered new interface driver ums-sddr55
[    4.924159] usbcore: registered new interface driver ums-usbat
[    4.924301] PNP: PS/2 Controller [PNP0303:KBD,PNP0f13:MOU] at 0x60,0x64 irq 1,12
[    4.933799] serio: i8042 KBD port at 0x60,0x64 irq 1
[    4.933880] serio: i8042 AUX port at 0x60,0x64 irq 12
[    4.934121] mice: PS/2 mouse device common for all mice
[    4.934237] i2c /dev entries driver
[    4.934360] md: linear personality registered for level -1
[    4.934440] md: raid0 personality registered for level 0
[    4.934534] md: raid1 personality registered for level 1
[    4.934620] md: raid10 personality registered for level 10
[    4.934702] md: raid6 personality registered for level 6
[    4.934788] md: raid5 personality registered for level 5
[    4.934869] md: raid4 personality registered for level 4
[    4.934955] md: multipath personality registered for level -4
[    4.935157] device-mapper: ioctl: 4.15.0-ioctl (2009-04-01) initialised: dm-devel@redhat.com
[    4.935353] cpuidle: using governor ladder
[    4.935961] usbcore: registered new interface driver usbhid
[    4.936042] usbhid: v2.6:USB HID core driver
[    4.936185] random 0000 0000 0000 00000000 00000000: rand_read_num 4 get_random_bytes(136): sig 00000000 00000000 00000000
[    4.936193] random 0000 0000 0000 00000000 00000000: extract_entropy(.. 136 ..)
[    4.936195] random 0000 0000 0000 00000000 00000000: going to reseed nonblocking with 1024 bits (1088 of 0 requested)
[    4.936197] random 0000 0000 0000 00000000 00000000: extract_entropy(.. 128 ..)
[    4.936200] random 0000 0000 0000 00000000 00000000: trying to extract 1024 bits from input
[    4.936202] random 0000 0000 0000 00000000 00000000: debiting 0 entropy credits from input
[    4.936204] random 0000 0000 0000 00000000 00000000: extract_entropy account returned: 0 
[    4.936206] random 0000 0000 0000 00000000 00000000: urand_change_num 7 xfer_secondary_pool(136): pool_sig 00000000, data_sig 00000000, bytes_mixed 0 00000000 00000000
[    4.936210] random 0000 0000 0000 00000000 00000000: trying to extract 1088 bits from nonblocking
[    4.936212] random 0000 0000 0000 00000000 00000000: debiting 1088 entropy credits from nonblocking (unlimited)
[    4.936214] random 0000 0000 0000 00000000 00000000: extract_entropy account returned: 136 
[    4.936218] random 0000 0000 0000 00000000 00000000: urand_change_num 8 extract_buf: pool_sig 00000000, data_sig fffffff9, bytes_mixed 20 00000000 00000000
[    4.936224] random 0000 0000 0000 b7c35b56 be4dc95d: urand_change_num 9 extract_buf: pool_sig fffffd1e, data_sig 000000c5, bytes_mixed 20 b7c35b56 be4dc95d
[    4.936229] random 0000 0000 0000 ed9f5c47 c48487fb: urand_change_num 10 extract_buf: pool_sig fffff8ec, data_sig ffffff68, bytes_mixed 20 ed9f5c47 c48487fb
[    4.936234] random 0000 0000 0000 ed9f5c47 c48487fb: urand_change_num 11 extract_buf: pool_sig fffffaed, data_sig 000001aa, bytes_mixed 20 ed9f5c47 c48487fb
[    4.936239] random 0000 0000 0000 1b4f7c0a 91bd6a48: urand_change_num 12 extract_buf: pool_sig fffffdd8, data_sig 00000064, bytes_mixed 20 1b4f7c0a 91bd6a48
[    4.936245] random 0000 0000 0000 a254b9bc 20e9a24f: urand_change_num 13 extract_buf: pool_sig fffffbe6, data_sig 000001dd, bytes_mixed 20 a254b9bc 20e9a24f
[    4.936250] random 0000 0000 0000 a254b9bc 20e9a24f: urand_change_num 14 extract_buf: pool_sig fffff940, data_sig fffffe20, bytes_mixed 20 a254b9bc 20e9a24f
[    4.936255] random 0000 0000 0000 2831a66b 5fa2a3ad: urand_change_num 15 extract_buf: pool_sig fffffbce, data_sig 0000007e, bytes_mixed 20 2831a66b 5fa2a3ad
[    4.936260] random 0000 0000 0000 2831a66b 5fa2a3ad: urand_change_num 16 extract_buf: pool_sig 000004df, data_sig fffffe8f, bytes_mixed 20 2831a66b 5fa2a3ad
[    4.936265] random 0000 0000 0000 d4512bfd c9a54e0b: urand_change_num 17 extract_buf: pool_sig 00000485, data_sig fffffe68, bytes_mixed 20 d4512bfd c9a54e0b
[    4.936271] random 0000 0000 0000 c7371be6 f9ffea11: urand_change_num 18 extract_buf: pool_sig 00000095, data_sig ffffffed, bytes_mixed 20 c7371be6 f9ffea11
[    4.936276] random 0000 0000 0000 c7371be6 f9ffea11: urand_change_num 19 extract_buf: pool_sig 000003a7, data_sig fffffefa, bytes_mixed 20 c7371be6 f9ffea11
[    4.936281] random 0000 0000 0000 8fb4b62c d1ddba54: urand_change_num 20 extract_buf: pool_sig 00000179, data_sig ffffff78, bytes_mixed 20 8fb4b62c d1ddba54
[    4.936286] random 0000 0000 0000 9ff19f9c c07a1d2a: urand_change_num 21 extract_buf: pool_sig fffffe88, data_sig 00000126, bytes_mixed 20 9ff19f9c c07a1d2a
[    4.936290] TCP cubic registered
[    4.936369] Initializing XFRM netlink socket
[    4.936458] NET: Registered protocol family 17
[    4.936556] Using IPI Shortcut mode
[    4.936636] random 0000 0000 0000 9ff19f9c c07a1d2a: rand_read_num 5 get_random_bytes(8): sig 0000031b 9ff19f9c c07a1d2a
[    4.936638] random 0000 0000 0000 9ff19f9c c07a1d2a: extract_entropy(.. 8 ..)
[    4.936640] random 0000 0000 0000 9ff19f9c c07a1d2a: going to reseed nonblocking with 64 bits (64 of 0 requested)
[    4.936642] random 0000 0000 0000 9ff19f9c c07a1d2a: extract_entropy(.. 8 ..)
[    4.936644] random 0000 0000 0000 9ff19f9c c07a1d2a: trying to extract 64 bits from input
[    4.936646] random 0000 0000 0000 9ff19f9c c07a1d2a: debiting 0 entropy credits from input
[    4.936648] random 0000 0000 0000 9ff19f9c c07a1d2a: extract_entropy account returned: 0 
[    4.936651] random 0000 0000 0000 9ff19f9c c07a1d2a: urand_change_num 22 xfer_secondary_pool(8): pool_sig 0000031b, data_sig 00000000, bytes_mixed 0 9ff19f9c c07a1d2a
[    4.936654] random 0000 0000 0000 9ff19f9c c07a1d2a: trying to extract 64 bits from nonblocking
[    4.936656] random 0000 0000 0000 9ff19f9c c07a1d2a: debiting 64 entropy credits from nonblocking (unlimited)
[    4.936659] random 0000 0000 0000 9ff19f9c c07a1d2a: extract_entropy account returned: 8 
[    4.936663] random 0000 0000 0000 9ff19f9c c07a1d2a: urand_change_num 23 extract_buf: pool_sig 0000031b, data_sig ffffffb3, bytes_mixed 20 9ff19f9c c07a1d2a
[    4.939651] input: AT Translated Set 2 keyboard as /devices/platform/i8042/serio0/input/input1
[    5.129509] ata3: SATA link down (SStatus 0 SControl 300)
[    5.129621] ata1: SATA link up 1.5 Gbps (SStatus 113 SControl 300)
[    5.132498] ata1.00: ACPI cmd ef/02:00:00:00:00:a0 (SET FEATURES) succeeded
[    5.132501] ata1.00: ACPI cmd f5/00:00:00:00:00:a0 (SECURITY FREEZE LOCK) filtered out
[    5.133888] ata1.00: ACPI cmd ef/5f:00:00:00:00:a0 (SET FEATURES) succeeded
[    5.133891] ata1.00: ACPI cmd ef/10:03:00:00:00:a0 (SET FEATURES) filtered out
[    5.135799] ata1.00: ATA-7: ST910021AS, 4.06, max UDMA/100
[    5.135889] ata1.00: 195371568 sectors, multi 16: LBA48 
[    5.138037] ata1.00: ACPI cmd ef/02:00:00:00:00:a0 (SET FEATURES) succeeded
[    5.138040] ata1.00: ACPI cmd f5/00:00:00:00:00:a0 (SECURITY FREEZE LOCK) filtered out
[    5.139431] ata1.00: ACPI cmd ef/5f:00:00:00:00:a0 (SET FEATURES) succeeded
[    5.139434] ata1.00: ACPI cmd ef/10:03:00:00:00:a0 (SET FEATURES) filtered out
[    5.141361] ata1.00: configured for UDMA/100
[    5.151555] scsi 2:0:0:0: Direct-Access     ATA      ST910021AS       4.06 PQ: 0 ANSI: 5
[    5.151828] sd 2:0:0:0: [sda] 195371568 512-byte logical blocks: (100 GB/93.1 GiB)
[    5.151965] sd 2:0:0:0: [sda] Write Protect is off
[    5.152047] sd 2:0:0:0: [sda] Mode Sense: 00 3a 00 00
[    5.152059] sd 2:0:0:0: [sda] Write cache: enabled, read cache: enabled, doesn't support DPO or FUA
[    5.152250]  sda:
[    5.217488] usb 2-1: new high speed USB device using ehci_hcd and address 2
[    5.367049] usb 2-1: New USB device found, idVendor=0e8d, idProduct=1806
[    5.367136] usb 2-1: New USB device strings: Mfr=1, Product=2, SerialNumber=3
[    5.367221] usb 2-1: Product: MT1806 
[    5.367308] usb 2-1: Manufacturer: MediaTek Inc
[    5.367398] usb 2-1: SerialNumber: R8KN6GAC800AEB 
[    5.367533] usb 2-1: configuration #1 chosen from 1 choice
[    5.373841] scsi5 : SCSI emulation for USB Mass Storage devices
[    5.374009] usb-storage: device found at 2
[    5.374011] usb-storage: waiting for device to settle before scanning
[    5.573425]  sda1 sda2
[    5.574146] sd 2:0:0:0: [sda] Attached SCSI disk
[    5.574232] random 0000 0000 0000 277f73c3 42024bb9: rand_read_num 6 get_random_bytes(12): sig 000007e9 277f73c3 42024bb9
[    5.574234] random 0000 0000 0000 277f73c3 42024bb9: extract_entropy(.. 12 ..)
[    5.574237] random 0000 0000 0000 277f73c3 42024bb9: going to reseed nonblocking with 96 bits (96 of 0 requested)
[    5.574239] random 0000 0000 0000 277f73c3 42024bb9: extract_entropy(.. 12 ..)
[    5.574241] random 0000 0000 0000 277f73c3 42024bb9: trying to extract 96 bits from input
[    5.574243] random 0000 0000 0000 277f73c3 42024bb9: debiting 0 entropy credits from input
[    5.574245] random 0000 0000 0000 277f73c3 42024bb9: extract_entropy account returned: 0 
[    5.574248] random 0000 0000 0000 277f73c3 42024bb9: urand_change_num 24 xfer_secondary_pool(12): pool_sig 000007e9, data_sig 00000000, bytes_mixed 0 277f73c3 42024bb9
[    5.574251] random 0000 0000 0000 277f73c3 42024bb9: trying to extract 96 bits from nonblocking
[    5.574253] random 0000 0000 0000 277f73c3 42024bb9: debiting 96 entropy credits from nonblocking (unlimited)
[    5.574255] random 0000 0000 0000 277f73c3 42024bb9: extract_entropy account returned: 12 
[    5.574259] random 0000 0000 0000 277f73c3 42024bb9: urand_change_num 25 extract_buf: pool_sig 000007e9, data_sig 00000088, bytes_mixed 20 277f73c3 42024bb9
[    5.574265] random 0000 0000 0000 277f73c3 42024bb9: urand_change_num 26 extract_buf: pool_sig 00000498, data_sig fffffefb, bytes_mixed 20 277f73c3 42024bb9
[    5.574268] RANDOM - __seed init called.
[    5.574269] RANDOM - __seed init called.
[    5.574270] RANDOM - __seed init called.
[    5.574271] RANDOM - __random32 called. Change num 12.  Value: 87f14767	f0d7351	b1e48bd3
[    5.574273] RANDOM - random32_reseed called.  Value: 87f14767	f0d7351	b1e48bd3
[    5.574276] Pid: 1, comm: swapper Not tainted 2.6.32.57 #3
[    5.574363] Call Trace:
[    5.574445]  [<c1923ca4>] ? random32_reseed+0xa0/0xb1
[    5.574529]  [<c1923c04>] ? random32_reseed+0x0/0xb1
[    5.574611]  [<c100111e>] ? do_one_initcall+0x2e/0x180
[    5.574695]  [<c1907265>] ? kernel_init+0xad/0x103
[    5.574781]  [<c19071b8>] ? kernel_init+0x0/0x103
[    5.574865]  [<c1003787>] ? kernel_thread_helper+0x7/0x10
[    5.575378] random 0000 0000 0000 386b4e60 ee4d4880: rand_read_num 7 get_random_bytes(64): sig fffffea5 386b4e60 ee4d4880
[    5.575380] random 0000 0000 0000 386b4e60 ee4d4880: extract_entropy(.. 64 ..)
[    5.575383] random 0000 0000 0000 386b4e60 ee4d4880: going to reseed nonblocking with 512 bits (512 of 0 requested)
[    5.575385] random 0000 0000 0000 386b4e60 ee4d4880: extract_entropy(.. 64 ..)
[    5.575387] random 0000 0000 0000 386b4e60 ee4d4880: trying to extract 512 bits from input
[    5.575389] random 0000 0000 0000 386b4e60 ee4d4880: debiting 0 entropy credits from input
[    5.575391] random 0000 0000 0000 386b4e60 ee4d4880: extract_entropy account returned: 0 
[    5.575394] random 0000 0000 0000 386b4e60 ee4d4880: urand_change_num 27 xfer_secondary_pool(64): pool_sig fffffea5, data_sig 00000000, bytes_mixed 0 386b4e60 ee4d4880
[    5.575397] random 0000 0000 0000 386b4e60 ee4d4880: trying to extract 512 bits from nonblocking
[    5.575399] random 0000 0000 0000 386b4e60 ee4d4880: debiting 512 entropy credits from nonblocking (unlimited)
[    5.575401] random 0000 0000 0000 386b4e60 ee4d4880: extract_entropy account returned: 64 
[    5.575405] random 0000 0000 0000 386b4e60 ee4d4880: urand_change_num 28 extract_buf: pool_sig fffffea5, data_sig 00000173, bytes_mixed 20 386b4e60 ee4d4880
[    5.575411] random 0000 0000 0000 412698f6 0cc8689a: urand_change_num 29 extract_buf: pool_sig 00000122, data_sig ffffff63, bytes_mixed 20 412698f6 0cc8689a
[    5.575416] random 0000 0000 0000 412698f6 0cc8689a: urand_change_num 30 extract_buf: pool_sig 000001f7, data_sig 00000012, bytes_mixed 20 412698f6 0cc8689a
[    5.575421] random 0000 0000 0000 9669941e 06f768b1: urand_change_num 31 extract_buf: pool_sig fffffb5b, data_sig 0000003f, bytes_mixed 20 9669941e 06f768b1
[    5.575426] random 0000 0000 0000 98486520 995551f0: urand_change_num 32 extract_buf: pool_sig fffffb39, data_sig 0000000e, bytes_mixed 20 98486520 995551f0
[    5.575432] random 0000 0000 0000 98486520 995551f0: urand_change_num 33 extract_buf: pool_sig fffffd8d, data_sig 000001a6, bytes_mixed 20 98486520 995551f0
[    5.575437] random 0000 0000 0000 61fc8914 d5882ed2: urand_change_num 34 extract_buf: pool_sig fffffa58, data_sig 0000023e, bytes_mixed 20 61fc8914 d5882ed2
[    5.575469] random 0000 0000 0000 61fc8914 d5882ed2: rand_read_num 8 get_random_bytes(64): sig fffff9ee 61fc8914 d5882ed2
[    5.575471] random 0000 0000 0000 61fc8914 d5882ed2: extract_entropy(.. 64 ..)
[    5.575473] random 0000 0000 0000 61fc8914 d5882ed2: going to reseed nonblocking with 512 bits (512 of 0 requested)
[    5.575476] random 0000 0000 0000 61fc8914 d5882ed2: extract_entropy(.. 64 ..)
[    5.575478] random 0000 0000 0000 61fc8914 d5882ed2: trying to extract 512 bits from input
[    5.575480] random 0000 0000 0000 61fc8914 d5882ed2: debiting 0 entropy credits from input
[    5.575482] random 0000 0000 0000 61fc8914 d5882ed2: extract_entropy account returned: 0 
[    5.575485] random 0000 0000 0000 61fc8914 d5882ed2: urand_change_num 35 xfer_secondary_pool(64): pool_sig fffff9ee, data_sig 00000000, bytes_mixed 0 61fc8914 d5882ed2
[    5.575487] random 0000 0000 0000 61fc8914 d5882ed2: trying to extract 512 bits from nonblocking
[    5.575490] random 0000 0000 0000 61fc8914 d5882ed2: debiting 512 entropy credits from nonblocking (unlimited)
[    5.575492] random 0000 0000 0000 61fc8914 d5882ed2: extract_entropy account returned: 64 
[    5.575496] random 0000 0000 0000 61fc8914 d5882ed2: urand_change_num 36 extract_buf: pool_sig fffff9ee, data_sig ffffff85, bytes_mixed 20 61fc8914 d5882ed2
[    5.575501] random 0000 0000 0000 70cfd302 e5edec11: urand_change_num 37 extract_buf: pool_sig fffffdc1, data_sig ffffffde, bytes_mixed 20 70cfd302 e5edec11
[    5.575506] random 0000 0000 0000 00dab838 eafd2b30: urand_change_num 38 extract_buf: pool_sig 000003da, data_sig ffffff61, bytes_mixed 20 00dab838 eafd2b30
[    5.575512] random 0000 0000 0000 00dab838 eafd2b30: urand_change_num 39 extract_buf: pool_sig 00000314, data_sig 00000121, bytes_mixed 20 00dab838 eafd2b30
[    5.575517] random 0000 0000 0000 5fcdf66a 6442b608: urand_change_num 40 extract_buf: pool_sig 0000028b, data_sig fffffefd, bytes_mixed 20 5fcdf66a 6442b608
[    5.575522] random 0000 0000 0000 61333f6b 8fae0f9b: urand_change_num 41 extract_buf: pool_sig 000000cb, data_sig 000000b3, bytes_mixed 20 61333f6b 8fae0f9b
[    5.575527] random 0000 0000 0000 61333f6b 8fae0f9b: urand_change_num 42 extract_buf: pool_sig fffffef8, data_sig 00000051, bytes_mixed 20 61333f6b 8fae0f9b
[    5.575530] BEGIN NET_SECRET:
[    5.575531] \xffffffe0
[    5.575532] \xffffffb6
[    5.575533] \x36
[    5.575534] \xffffffb5
[    5.575534] \xffffff94
[    5.575535] \xffffffb2
[    5.575536] \xffffffa8
[    5.575537] \xffffffda
[    5.575538] \x5b
[    5.575538] \x19
[    5.575539] \x18
[    5.575540] \x5c
[    5.575540] \x2b
[    5.575541] \x1
[    5.575542] \xffffff90
[    5.575543] \x19
[    5.575543] \x3c
[    5.575544] \xfffffff2
[    5.575545] \xffffff82
[    5.575546] \x2a
[    5.575547] \xffffffb3
[    5.575547] \xffffffa2
[    5.575548] \x3f
[    5.575549] \x5
[    5.575550] \x52
[    5.575550] \x77
[    5.575551] \x57
[    5.575552] \x79
[    5.575552] \x16
[    5.575553] \x43
[    5.575554] \xffffff84
[    5.575555] \xffffffc3
[    5.575555] \xffffffe9
[    5.575556] \x79
[    5.575557] \x50
[    5.575558] \xffffff8e
[    5.575558] \x3f
[    5.575559] \xfffffff3
[    5.575560] \x19
[    5.575561] \x2a
[    5.575561] \xfffffffd
[    5.575562] \xfffffffb
[    5.575563] \x62
[    5.575564] \x3c
[    5.575564] \xffffffac
[    5.575565] \x1c
[    5.575566] \x3b
[    5.575567] \x3b
[    5.575567] \x15
[    5.575568] \x27
[    5.575569] \xffffffa8
[    5.575569] \x22
[    5.575570] \xffffffc5
[    5.575571] \xffffff9a
[    5.575572] \x5
[    5.575572] \x6c
[    5.575573] \xffffffa8
[    5.575574] \x3a
[    5.575575] \x44
[    5.575575] \xffffffaf
[    5.575576] \x13
[    5.575577] \xffffffe0
[    5.575578] \xffffff9d
[    5.575578] \x22
[    5.575579] 
[    5.575580] END NET_SECRET
[    5.575583] random 0000 0000 0000 e7f555d9 e8ce5c3c: rand_read_num 9 get_random_bytes(4): sig 0000068c e7f555d9 e8ce5c3c
[    5.575585] random 0000 0000 0000 e7f555d9 e8ce5c3c: extract_entropy(.. 4 ..)
[    5.575587] random 0000 0000 0000 e7f555d9 e8ce5c3c: going to reseed nonblocking with 64 bits (32 of 0 requested)
[    5.575589] random 0000 0000 0000 e7f555d9 e8ce5c3c: extract_entropy(.. 8 ..)
[    5.575591] random 0000 0000 0000 e7f555d9 e8ce5c3c: trying to extract 64 bits from input
[    5.575593] random 0000 0000 0000 e7f555d9 e8ce5c3c: debiting 0 entropy credits from input
[    5.575595] random 0000 0000 0000 e7f555d9 e8ce5c3c: extract_entropy account returned: 0 
[    5.575598] random 0000 0000 0000 e7f555d9 e8ce5c3c: urand_change_num 43 xfer_secondary_pool(4): pool_sig 0000068c, data_sig 00000000, bytes_mixed 0 e7f555d9 e8ce5c3c
[    5.575601] random 0000 0000 0000 e7f555d9 e8ce5c3c: trying to extract 32 bits from nonblocking
[    5.575603] random 0000 0000 0000 e7f555d9 e8ce5c3c: debiting 32 entropy credits from nonblocking (unlimited)
[    5.575605] random 0000 0000 0000 e7f555d9 e8ce5c3c: extract_entropy account returned: 4 
[    5.575609] random 0000 0000 0000 e7f555d9 e8ce5c3c: urand_change_num 44 extract_buf: pool_sig 0000068c, data_sig fffffdcb, bytes_mixed 20 e7f555d9 e8ce5c3c
[    5.575621] md: Waiting for all devices to be available before autodetect
[    5.575707] md: If you don't use raid, use raid=noautodetect
[    5.575861] md: Autodetecting RAID arrays.
[    5.575943] md: Scanned 0 and added 0 devices.
[    5.576026] md: autorun ...
[    5.576105] md: ... autorun DONE.
[    5.590877] EXT3-fs: sda2: couldn't mount because of unsupported optional features (240).
[    5.591097] EXT2-fs: sda2: couldn't mount because of unsupported optional features (240).
[    5.592382] random 0000 0000 0000 e7f555d9 e8ce5c3c: rand_read_num 10 get_random_bytes(4): sig ffffff72 e7f555d9 e8ce5c3c
[    5.592385] random 0000 0000 0000 e7f555d9 e8ce5c3c: extract_entropy(.. 4 ..)
[    5.592387] random 0000 0000 0000 e7f555d9 e8ce5c3c: going to reseed nonblocking with 64 bits (32 of 0 requested)
[    5.592389] random 0000 0000 0000 e7f555d9 e8ce5c3c: extract_entropy(.. 8 ..)
[    5.592391] random 0000 0000 0000 e7f555d9 e8ce5c3c: trying to extract 64 bits from input
[    5.592393] random 0000 0000 0000 e7f555d9 e8ce5c3c: debiting 0 entropy credits from input
[    5.592395] random 0000 0000 0000 e7f555d9 e8ce5c3c: extract_entropy account returned: 0 
[    5.592398] random 0000 0000 0000 e7f555d9 e8ce5c3c: urand_change_num 45 xfer_secondary_pool(4): pool_sig ffffff72, data_sig 00000000, bytes_mixed 0 e7f555d9 e8ce5c3c
[    5.592401] random 0000 0000 0000 e7f555d9 e8ce5c3c: trying to extract 32 bits from nonblocking
[    5.592404] random 0000 0000 0000 e7f555d9 e8ce5c3c: debiting 32 entropy credits from nonblocking (unlimited)
[    5.592406] random 0000 0000 0000 e7f555d9 e8ce5c3c: extract_entropy account returned: 4 
[    5.592410] random 0000 0000 0000 e7f555d9 e8ce5c3c: urand_change_num 46 extract_buf: pool_sig ffffff72, data_sig ffffff72, bytes_mixed 20 e7f555d9 e8ce5c3c
[    5.627582] EXT4-fs (sda2): mounted filesystem with ordered data mode
[    5.627778] VFS: Mounted root (ext4 filesystem) readonly on device 8:2.
[    5.627872] Freeing unused kernel memory: 448k freed
[    5.706506] random 0000 0000 0000 91716c54 eeb6a1e7: rand_read_num 11 get_random_bytes(16): sig fffffcad 91716c54 eeb6a1e7
[    5.706509] random 0000 0000 0000 91716c54 eeb6a1e7: extract_entropy(.. 16 ..)
[    5.706512] random 0000 0000 0000 91716c54 eeb6a1e7: going to reseed nonblocking with 128 bits (128 of 0 requested)
[    5.706514] random 0000 0000 0000 91716c54 eeb6a1e7: extract_entropy(.. 16 ..)
[    5.706516] random 0000 0000 0000 91716c54 eeb6a1e7: trying to extract 128 bits from input
[    5.706518] random 0000 0000 0000 91716c54 eeb6a1e7: debiting 0 entropy credits from input
[    5.706520] random 0000 0000 0000 91716c54 eeb6a1e7: extract_entropy account returned: 0 
[    5.706523] random 0000 0000 0000 91716c54 eeb6a1e7: urand_change_num 47 xfer_secondary_pool(16): pool_sig fffffcad, data_sig 00000000, bytes_mixed 0 91716c54 eeb6a1e7
[    5.706526] random 0000 0000 0000 91716c54 eeb6a1e7: trying to extract 128 bits from nonblocking
[    5.706528] random 0000 0000 0000 91716c54 eeb6a1e7: debiting 128 entropy credits from nonblocking (unlimited)
[    5.706530] random 0000 0000 0000 91716c54 eeb6a1e7: extract_entropy account returned: 16 
[    5.706534] random 0000 0000 0000 91716c54 eeb6a1e7: urand_change_num 48 extract_buf: pool_sig fffffcad, data_sig ffffff19, bytes_mixed 20 91716c54 eeb6a1e7
[    5.706539] random 0000 0000 0000 fd637b06 6cf47bc1: urand_change_num 49 extract_buf: pool_sig fffffede, data_sig ffffffc1, bytes_mixed 20 fd637b06 6cf47bc1
[    5.784919] random 0000 0000 0000 fd637b06 6cf47bc1: rand_read_num 12 get_random_bytes(16): sig 0000033b fd637b06 6cf47bc1
[    5.784921] random 0000 0000 0000 fd637b06 6cf47bc1: extract_entropy(.. 16 ..)
[    5.784924] random 0000 0000 0000 fd637b06 6cf47bc1: going to reseed nonblocking with 128 bits (128 of 0 requested)
[    5.784926] random 0000 0000 0000 fd637b06 6cf47bc1: extract_entropy(.. 16 ..)
[    5.784928] random 0000 0000 0000 fd637b06 6cf47bc1: trying to extract 128 bits from input
[    5.784931] random 0000 0000 0000 fd637b06 6cf47bc1: debiting 0 entropy credits from input
[    5.784932] random 0000 0000 0000 fd637b06 6cf47bc1: extract_entropy account returned: 0 
[    5.784936] random 0000 0000 0000 fd637b06 6cf47bc1: urand_change_num 50 xfer_secondary_pool(16): pool_sig 0000033b, data_sig 00000000, bytes_mixed 0 fd637b06 6cf47bc1
[    5.784938] random 0000 0000 0000 fd637b06 6cf47bc1: trying to extract 128 bits from nonblocking
[    5.784941] random 0000 0000 0000 fd637b06 6cf47bc1: debiting 128 entropy credits from nonblocking (unlimited)
[    5.784943] random 0000 0000 0000 fd637b06 6cf47bc1: extract_entropy account returned: 16 
[    5.784947] random 0000 0000 0000 fd637b06 6cf47bc1: urand_change_num 51 extract_buf: pool_sig 0000033b, data_sig 000000d8, bytes_mixed 20 fd637b06 6cf47bc1
[    5.784952] random 0000 0000 0000 0ec1f012 d4727ca8: urand_change_num 52 extract_buf: pool_sig fffffcf5, data_sig 00000016, bytes_mixed 20 0ec1f012 d4727ca8
[    6.148138] ieee1394: Host added: ID:BUS[0-00:1023]  GUID[00061b032a25f51c]
[    6.158827] random 0000 0000 0000 45b1d0b1 845a73f7: rand_read_num 13 get_random_bytes(16): sig 00000116 45b1d0b1 845a73f7
[    6.158830] random 0000 0000 0000 45b1d0b1 845a73f7: extract_entropy(.. 16 ..)
[    6.158833] random 0000 0000 0000 45b1d0b1 845a73f7: going to reseed nonblocking with 128 bits (128 of 0 requested)
[    6.158835] random 0000 0000 0000 45b1d0b1 845a73f7: extract_entropy(.. 16 ..)
[    6.158837] random 0000 0000 0000 45b1d0b1 845a73f7: trying to extract 128 bits from input
[    6.158839] random 0000 0000 0000 45b1d0b1 845a73f7: debiting 0 entropy credits from input
[    6.158841] random 0000 0000 0000 45b1d0b1 845a73f7: extract_entropy account returned: 0 
[    6.158844] random 0000 0000 0000 45b1d0b1 845a73f7: urand_change_num 53 xfer_secondary_pool(16): pool_sig 00000116, data_sig 00000000, bytes_mixed 0 45b1d0b1 845a73f7
[    6.158847] random 0000 0000 0000 45b1d0b1 845a73f7: trying to extract 128 bits from nonblocking
[    6.158849] random 0000 0000 0000 45b1d0b1 845a73f7: debiting 128 entropy credits from nonblocking (unlimited)
[    6.158852] random 0000 0000 0000 45b1d0b1 845a73f7: extract_entropy account returned: 16 
[    6.158856] random 0000 0000 0000 45b1d0b1 845a73f7: urand_change_num 54 extract_buf: pool_sig 00000116, data_sig fffffd8b, bytes_mixed 20 45b1d0b1 845a73f7
[    6.158861] random 0000 0000 0000 45b1d0b1 845a73f7: urand_change_num 55 extract_buf: pool_sig fffffc05, data_sig 00000109, bytes_mixed 20 45b1d0b1 845a73f7
[    6.211325] random 0000 0000 0000 5012cce3 b8a30621: rand_read_num 14 get_random_bytes(16): sig fffffb93 5012cce3 b8a30621
[    6.211328] random 0000 0000 0000 5012cce3 b8a30621: extract_entropy(.. 16 ..)
[    6.211331] random 0000 0000 0000 5012cce3 b8a30621: going to reseed nonblocking with 128 bits (128 of 0 requested)
[    6.211333] random 0000 0000 0000 5012cce3 b8a30621: extract_entropy(.. 16 ..)
[    6.211335] random 0000 0000 0000 5012cce3 b8a30621: trying to extract 128 bits from input
[    6.211337] random 0000 0000 0000 5012cce3 b8a30621: debiting 0 entropy credits from input
[    6.211339] random 0000 0000 0000 5012cce3 b8a30621: extract_entropy account returned: 0 
[    6.211343] random 0000 0000 0000 5012cce3 b8a30621: urand_change_num 56 xfer_secondary_pool(16): pool_sig fffffb93, data_sig 00000000, bytes_mixed 0 5012cce3 b8a30621
[    6.211345] random 0000 0000 0000 5012cce3 b8a30621: trying to extract 128 bits from nonblocking
[    6.211348] random 0000 0000 0000 5012cce3 b8a30621: debiting 128 entropy credits from nonblocking (unlimited)
[    6.211350] random 0000 0000 0000 5012cce3 b8a30621: extract_entropy account returned: 16 
[    6.211354] random 0000 0000 0000 5012cce3 b8a30621: urand_change_num 57 extract_buf: pool_sig fffffb93, data_sig ffffff35, bytes_mixed 20 5012cce3 b8a30621
[    6.211359] random 0000 0000 0000 5012cce3 b8a30621: urand_change_num 58 extract_buf: pool_sig fffffb9d, data_sig ffffff92, bytes_mixed 20 5012cce3 b8a30621
[    6.212717] random 0000 0000 0000 30a5721d 4b648ff6: rand_read_num 15 get_random_bytes(16): sig fffffeb5 30a5721d 4b648ff6
[    6.212720] random 0000 0000 0000 30a5721d 4b648ff6: extract_entropy(.. 16 ..)
[    6.212723] random 0000 0000 0000 30a5721d 4b648ff6: going to reseed nonblocking with 128 bits (128 of 0 requested)
[    6.212725] random 0000 0000 0000 30a5721d 4b648ff6: extract_entropy(.. 16 ..)
[    6.212727] random 0000 0000 0000 30a5721d 4b648ff6: trying to extract 128 bits from input
[    6.212729] random 0000 0000 0000 30a5721d 4b648ff6: debiting 0 entropy credits from input
[    6.212731] random 0000 0000 0000 30a5721d 4b648ff6: extract_entropy account returned: 0 
[    6.212734] random 0000 0000 0000 30a5721d 4b648ff6: urand_change_num 59 xfer_secondary_pool(16): pool_sig fffffeb5, data_sig 00000000, bytes_mixed 0 30a5721d 4b648ff6
[    6.212737] random 0000 0000 0000 30a5721d 4b648ff6: trying to extract 128 bits from nonblocking
[    6.212740] random 0000 0000 0000 30a5721d 4b648ff6: debiting 128 entropy credits from nonblocking (unlimited)
[    6.212742] random 0000 0000 0000 30a5721d 4b648ff6: extract_entropy account returned: 16 
[    6.212746] random 0000 0000 0000 30a5721d 4b648ff6: urand_change_num 60 extract_buf: pool_sig fffffeb5, data_sig 000000c2, bytes_mixed 20 30a5721d 4b648ff6
[    6.212751] random 0000 0000 0000 89bae1ab 704c432f: urand_change_num 61 extract_buf: pool_sig 0000006e, data_sig fffffefc, bytes_mixed 20 89bae1ab 704c432f
[    6.213293] random 0000 0000 0000 89bae1ab 704c432f: rand_read_num 16 get_random_bytes(16): sig fffffd99 89bae1ab 704c432f
[    6.213296] random 0000 0000 0000 89bae1ab 704c432f: extract_entropy(.. 16 ..)
[    6.213299] random 0000 0000 0000 89bae1ab 704c432f: going to reseed nonblocking with 128 bits (128 of 0 requested)
[    6.213301] random 0000 0000 0000 89bae1ab 704c432f: extract_entropy(.. 16 ..)
[    6.213303] random 0000 0000 0000 89bae1ab 704c432f: trying to extract 128 bits from input
[    6.213305] random 0000 0000 0000 89bae1ab 704c432f: debiting 0 entropy credits from input
[    6.213307] random 0000 0000 0000 89bae1ab 704c432f: extract_entropy account returned: 0 
[    6.213311] random 0000 0000 0000 89bae1ab 704c432f: urand_change_num 62 xfer_secondary_pool(16): pool_sig fffffd99, data_sig 00000000, bytes_mixed 0 89bae1ab 704c432f
[    6.213313] random 0000 0000 0000 89bae1ab 704c432f: trying to extract 128 bits from nonblocking
[    6.213316] random 0000 0000 0000 89bae1ab 704c432f: debiting 128 entropy credits from nonblocking (unlimited)
[    6.213318] random 0000 0000 0000 89bae1ab 704c432f: extract_entropy account returned: 16 
[    6.213322] random 0000 0000 0000 89bae1ab 704c432f: urand_change_num 63 extract_buf: pool_sig fffffd99, data_sig 00000204, bytes_mixed 20 89bae1ab 704c432f
[    6.213327] random 0000 0000 0000 6c298a02 2b1539f8: urand_change_num 64 extract_buf: pool_sig 00000124, data_sig fffffff5, bytes_mixed 20 6c298a02 2b1539f8
[    6.214206] random 0000 0000 0000 c77b8b35 70f6cab5: rand_read_num 17 get_random_bytes(16): sig 0000036b c77b8b35 70f6cab5
[    6.214209] random 0000 0000 0000 c77b8b35 70f6cab5: extract_entropy(.. 16 ..)
[    6.214212] random 0000 0000 0000 c77b8b35 70f6cab5: going to reseed nonblocking with 128 bits (128 of 0 requested)
[    6.214214] random 0000 0000 0000 c77b8b35 70f6cab5: extract_entropy(.. 16 ..)
[    6.214216] random 0000 0000 0000 c77b8b35 70f6cab5: trying to extract 128 bits from input
[    6.214218] random 0000 0000 0000 c77b8b35 70f6cab5: debiting 0 entropy credits from input
[    6.214220] random 0000 0000 0000 c77b8b35 70f6cab5: extract_entropy account returned: 0 
[    6.214223] random 0000 0000 0000 c77b8b35 70f6cab5: urand_change_num 65 xfer_secondary_pool(16): pool_sig 0000036b, data_sig 00000000, bytes_mixed 0 c77b8b35 70f6cab5
[    6.214226] random 0000 0000 0000 c77b8b35 70f6cab5: trying to extract 128 bits from nonblocking
[    6.214228] random 0000 0000 0000 c77b8b35 70f6cab5: debiting 128 entropy credits from nonblocking (unlimited)
[    6.214231] random 0000 0000 0000 c77b8b35 70f6cab5: extract_entropy account returned: 16 
[    6.214235] random 0000 0000 0000 c77b8b35 70f6cab5: urand_change_num 66 extract_buf: pool_sig 0000036b, data_sig 0000005f, bytes_mixed 20 c77b8b35 70f6cab5
[    6.214240] random 0000 0000 0000 c77b8b35 70f6cab5: urand_change_num 67 extract_buf: pool_sig ffffff1c, data_sig 0000005a, bytes_mixed 20 c77b8b35 70f6cab5
[    6.214833] random 0000 0000 0000 af21d212 57d20ca3: rand_read_num 18 get_random_bytes(16): sig fffffb7f af21d212 57d20ca3
[    6.214835] random 0000 0000 0000 af21d212 57d20ca3: extract_entropy(.. 16 ..)
[    6.214838] random 0000 0000 0000 af21d212 57d20ca3: going to reseed nonblocking with 128 bits (128 of 0 requested)
[    6.214840] random 0000 0000 0000 af21d212 57d20ca3: extract_entropy(.. 16 ..)
[    6.214842] random 0000 0000 0000 af21d212 57d20ca3: trying to extract 128 bits from input
[    6.214844] random 0000 0000 0000 af21d212 57d20ca3: debiting 0 entropy credits from input
[    6.214847] random 0000 0000 0000 af21d212 57d20ca3: extract_entropy account returned: 0 
[    6.214850] random 0000 0000 0000 af21d212 57d20ca3: urand_change_num 68 xfer_secondary_pool(16): pool_sig fffffb7f, data_sig 00000000, bytes_mixed 0 af21d212 57d20ca3
[    6.214852] random 0000 0000 0000 af21d212 57d20ca3: trying to extract 128 bits from nonblocking
[    6.214855] random 0000 0000 0000 af21d212 57d20ca3: debiting 128 entropy credits from nonblocking (unlimited)
[    6.214857] random 0000 0000 0000 af21d212 57d20ca3: extract_entropy account returned: 16 
[    6.214861] random 0000 0000 0000 af21d212 57d20ca3: urand_change_num 69 extract_buf: pool_sig fffffb7f, data_sig ffffff88, bytes_mixed 20 af21d212 57d20ca3
[    6.214866] random 0000 0000 0000 af21d212 57d20ca3: urand_change_num 70 extract_buf: pool_sig fffffe1d, data_sig ffffff17, bytes_mixed 20 af21d212 57d20ca3
[    6.215458] random 0000 0000 0000 ffbd26fd 21933274: rand_read_num 19 get_random_bytes(16): sig ffffffc7 ffbd26fd 21933274
[    6.215461] random 0000 0000 0000 ffbd26fd 21933274: extract_entropy(.. 16 ..)
[    6.215463] random 0000 0000 0000 ffbd26fd 21933274: going to reseed nonblocking with 128 bits (128 of 0 requested)
[    6.215466] random 0000 0000 0000 ffbd26fd 21933274: extract_entropy(.. 16 ..)
[    6.215468] random 0000 0000 0000 ffbd26fd 21933274: trying to extract 128 bits from input
[    6.215470] random 0000 0000 0000 ffbd26fd 21933274: debiting 0 entropy credits from input
[    6.215472] random 0000 0000 0000 ffbd26fd 21933274: extract_entropy account returned: 0 
[    6.215475] random 0000 0000 0000 ffbd26fd 21933274: urand_change_num 71 xfer_secondary_pool(16): pool_sig ffffffc7, data_sig 00000000, bytes_mixed 0 ffbd26fd 21933274
[    6.215478] random 0000 0000 0000 ffbd26fd 21933274: trying to extract 128 bits from nonblocking
[    6.215480] random 0000 0000 0000 ffbd26fd 21933274: debiting 128 entropy credits from nonblocking (unlimited)
[    6.215482] random 0000 0000 0000 ffbd26fd 21933274: extract_entropy account returned: 16 
[    6.215486] random 0000 0000 0000 ffbd26fd 21933274: urand_change_num 72 extract_buf: pool_sig ffffffc7, data_sig 0000013b, bytes_mixed 20 ffbd26fd 21933274
[    6.215492] random 0000 0000 0000 151530a2 56c65dd3: urand_change_num 73 extract_buf: pool_sig ffffffbf, data_sig 00000036, bytes_mixed 20 151530a2 56c65dd3
[    6.216040] random 0000 0000 0000 151530a2 56c65dd3: rand_read_num 20 get_random_bytes(16): sig 000001a7 151530a2 56c65dd3
[    6.216043] random 0000 0000 0000 151530a2 56c65dd3: extract_entropy(.. 16 ..)
[    6.216046] random 0000 0000 0000 151530a2 56c65dd3: going to reseed nonblocking with 128 bits (128 of 0 requested)
[    6.216048] random 0000 0000 0000 151530a2 56c65dd3: extract_entropy(.. 16 ..)
[    6.216050] random 0000 0000 0000 151530a2 56c65dd3: trying to extract 128 bits from input
[    6.216052] random 0000 0000 0000 151530a2 56c65dd3: debiting 0 entropy credits from input
[    6.216054] random 0000 0000 0000 151530a2 56c65dd3: extract_entropy account returned: 0 
[    6.216057] random 0000 0000 0000 151530a2 56c65dd3: urand_change_num 74 xfer_secondary_pool(16): pool_sig 000001a7, data_sig 00000000, bytes_mixed 0 151530a2 56c65dd3
[    6.216060] random 0000 0000 0000 151530a2 56c65dd3: trying to extract 128 bits from nonblocking
[    6.216062] random 0000 0000 0000 151530a2 56c65dd3: debiting 128 entropy credits from nonblocking (unlimited)
[    6.216065] random 0000 0000 0000 151530a2 56c65dd3: extract_entropy account returned: 16 
[    6.216069] random 0000 0000 0000 151530a2 56c65dd3: urand_change_num 75 extract_buf: pool_sig 000001a7, data_sig ffffffa1, bytes_mixed 20 151530a2 56c65dd3
[    6.216074] random 0000 0000 0000 5d3e132e d9a77eb3: urand_change_num 76 extract_buf: pool_sig fffffcc9, data_sig 00000013, bytes_mixed 20 5d3e132e d9a77eb3
[    6.267134] random 0000 0000 0000 264837ad 0a28fef5: rand_read_num 21 get_random_bytes(16): sig ffffffd0 264837ad 0a28fef5
[    6.267137] random 0000 0000 0000 264837ad 0a28fef5: extract_entropy(.. 16 ..)
[    6.267140] random 0000 0000 0000 264837ad 0a28fef5: going to reseed nonblocking with 128 bits (128 of 0 requested)
[    6.267142] random 0000 0000 0000 264837ad 0a28fef5: extract_entropy(.. 16 ..)
[    6.267145] random 0000 0000 0000 264837ad 0a28fef5: trying to extract 128 bits from input
[    6.267147] random 0000 0000 0000 264837ad 0a28fef5: debiting 0 entropy credits from input
[    6.267149] random 0000 0000 0000 264837ad 0a28fef5: extract_entropy account returned: 0 
[    6.267152] random 0000 0000 0000 264837ad 0a28fef5: urand_change_num 77 xfer_secondary_pool(16): pool_sig ffffffd0, data_sig 00000000, bytes_mixed 0 264837ad 0a28fef5
[    6.267155] random 0000 0000 0000 264837ad 0a28fef5: trying to extract 128 bits from nonblocking
[    6.267157] random 0000 0000 0000 264837ad 0a28fef5: debiting 128 entropy credits from nonblocking (unlimited)
[    6.267159] random 0000 0000 0000 264837ad 0a28fef5: extract_entropy account returned: 16 
[    6.267164] random 0000 0000 0000 264837ad 0a28fef5: urand_change_num 78 extract_buf: pool_sig ffffffd0, data_sig 0000017b, bytes_mixed 20 264837ad 0a28fef5
[    6.267169] random 0000 0000 0000 264837ad 0a28fef5: urand_change_num 79 extract_buf: pool_sig 0000045c, data_sig 000001df, bytes_mixed 20 264837ad 0a28fef5
[    6.268619] random 0000 0000 0000 f37f7344 164aede0: rand_read_num 22 get_random_bytes(16): sig 000003c2 f37f7344 164aede0
[    6.268622] random 0000 0000 0000 f37f7344 164aede0: extract_entropy(.. 16 ..)
[    6.268625] random 0000 0000 0000 f37f7344 164aede0: going to reseed nonblocking with 128 bits (128 of 0 requested)
[    6.268627] random 0000 0000 0000 f37f7344 164aede0: extract_entropy(.. 16 ..)
[    6.268629] random 0000 0000 0000 f37f7344 164aede0: trying to extract 128 bits from input
[    6.268631] random 0000 0000 0000 f37f7344 164aede0: debiting 0 entropy credits from input
[    6.268633] random 0000 0000 0000 f37f7344 164aede0: extract_entropy account returned: 0 
[    6.268637] random 0000 0000 0000 f37f7344 164aede0: urand_change_num 80 xfer_secondary_pool(16): pool_sig 000003c2, data_sig 00000000, bytes_mixed 0 f37f7344 164aede0
[    6.268639] random 0000 0000 0000 f37f7344 164aede0: trying to extract 128 bits from nonblocking
[    6.268642] random 0000 0000 0000 f37f7344 164aede0: debiting 128 entropy credits from nonblocking (unlimited)
[    6.268644] random 0000 0000 0000 f37f7344 164aede0: extract_entropy account returned: 16 
[    6.268648] random 0000 0000 0000 f37f7344 164aede0: urand_change_num 81 extract_buf: pool_sig 000003c2, data_sig ffffff6c, bytes_mixed 20 f37f7344 164aede0
[    6.268653] random 0000 0000 0000 f37f7344 164aede0: urand_change_num 82 extract_buf: pool_sig fffffdfc, data_sig 00000091, bytes_mixed 20 f37f7344 164aede0
[    6.291435] random 0000 0000 0000 a4794863 878070c1: rand_read_num 23 get_random_bytes(16): sig 0000011b a4794863 878070c1
[    6.291437] random 0000 0000 0000 a4794863 878070c1: extract_entropy(.. 16 ..)
[    6.291440] random 0000 0000 0000 a4794863 878070c1: going to reseed nonblocking with 128 bits (128 of 0 requested)
[    6.291442] random 0000 0000 0000 a4794863 878070c1: extract_entropy(.. 16 ..)
[    6.291444] random 0000 0000 0000 a4794863 878070c1: trying to extract 128 bits from input
[    6.291446] random 0000 0000 0000 a4794863 878070c1: debiting 0 entropy credits from input
[    6.291448] random 0000 0000 0000 a4794863 878070c1: extract_entropy account returned: 0 
[    6.291452] random 0000 0000 0000 a4794863 878070c1: urand_change_num 83 xfer_secondary_pool(16): pool_sig 0000011b, data_sig 00000000, bytes_mixed 0 a4794863 878070c1
[    6.291454] random 0000 0000 0000 a4794863 878070c1: trying to extract 128 bits from nonblocking
[    6.291457] random 0000 0000 0000 a4794863 878070c1: debiting 128 entropy credits from nonblocking (unlimited)
[    6.291459] random 0000 0000 0000 a4794863 878070c1: extract_entropy account returned: 16 
[    6.291463] random 0000 0000 0000 a4794863 878070c1: urand_change_num 84 extract_buf: pool_sig 0000011b, data_sig ffffff51, bytes_mixed 20 a4794863 878070c1
[    6.291469] random 0000 0000 0000 737f19b4 9417d8ab: urand_change_num 85 extract_buf: pool_sig 000001a3, data_sig 0000006c, bytes_mixed 20 737f19b4 9417d8ab
[    6.295534] random 0000 0000 0000 737f19b4 9417d8ab: rand_read_num 24 get_random_bytes(16): sig fffffe22 737f19b4 9417d8ab
[    6.295537] random 0000 0000 0000 737f19b4 9417d8ab: extract_entropy(.. 16 ..)
[    6.295539] random 0000 0000 0000 737f19b4 9417d8ab: going to reseed nonblocking with 128 bits (128 of 0 requested)
[    6.295541] random 0000 0000 0000 737f19b4 9417d8ab: extract_entropy(.. 16 ..)
[    6.295543] random 0000 0000 0000 737f19b4 9417d8ab: trying to extract 128 bits from input
[    6.295546] random 0000 0000 0000 737f19b4 9417d8ab: debiting 0 entropy credits from input
[    6.295548] random 0000 0000 0000 737f19b4 9417d8ab: extract_entropy account returned: 0 
[    6.295551] random 0000 0000 0000 737f19b4 9417d8ab: urand_change_num 86 xfer_secondary_pool(16): pool_sig fffffe22, data_sig 00000000, bytes_mixed 0 737f19b4 9417d8ab
[    6.295554] random 0000 0000 0000 737f19b4 9417d8ab: trying to extract 128 bits from nonblocking
[    6.295556] random 0000 0000 0000 737f19b4 9417d8ab: debiting 128 entropy credits from nonblocking (unlimited)
[    6.295558] random 0000 0000 0000 737f19b4 9417d8ab: extract_entropy account returned: 16 
[    6.295562] random 0000 0000 0000 737f19b4 9417d8ab: urand_change_num 87 extract_buf: pool_sig fffffe22, data_sig 00000230, bytes_mixed 20 737f19b4 9417d8ab
[    6.295568] random 0000 0000 0000 4deb0d06 1236af4c: urand_change_num 88 extract_buf: pool_sig 000000b6, data_sig ffffff44, bytes_mixed 20 4deb0d06 1236af4c
[    6.296571] random 0000 0000 0000 b538fadc 4a7613df: rand_read_num 25 get_random_bytes(16): sig 0000013c b538fadc 4a7613df
[    6.296574] random 0000 0000 0000 b538fadc 4a7613df: extract_entropy(.. 16 ..)
[    6.296576] random 0000 0000 0000 b538fadc 4a7613df: going to reseed nonblocking with 128 bits (128 of 0 requested)
[    6.296579] random 0000 0000 0000 b538fadc 4a7613df: extract_entropy(.. 16 ..)
[    6.296581] random 0000 0000 0000 b538fadc 4a7613df: trying to extract 128 bits from input
[    6.296583] random 0000 0000 0000 b538fadc 4a7613df: debiting 0 entropy credits from input
[    6.296585] random 0000 0000 0000 b538fadc 4a7613df: extract_entropy account returned: 0 
[    6.296588] random 0000 0000 0000 b538fadc 4a7613df: urand_change_num 89 xfer_secondary_pool(16): pool_sig 0000013c, data_sig 00000000, bytes_mixed 0 b538fadc 4a7613df
[    6.296591] random 0000 0000 0000 b538fadc 4a7613df: trying to extract 128 bits from nonblocking
[    6.296593] random 0000 0000 0000 b538fadc 4a7613df: debiting 128 entropy credits from nonblocking (unlimited)
[    6.296596] random 0000 0000 0000 b538fadc 4a7613df: extract_entropy account returned: 16 
[    6.296600] random 0000 0000 0000 b538fadc 4a7613df: urand_change_num 90 extract_buf: pool_sig 0000013c, data_sig 00000015, bytes_mixed 20 b538fadc 4a7613df
[    6.296605] random 0000 0000 0000 b538fadc 4a7613df: urand_change_num 91 extract_buf: pool_sig 00000452, data_sig 0000002b, bytes_mixed 20 b538fadc 4a7613df
[    6.297055] random 0000 0000 0000 73b17df4 93bb370e: rand_read_num 26 get_random_bytes(16): sig fffffbf1 73b17df4 93bb370e
[    6.297058] random 0000 0000 0000 73b17df4 93bb370e: extract_entropy(.. 16 ..)
[    6.297060] random 0000 0000 0000 73b17df4 93bb370e: going to reseed nonblocking with 128 bits (128 of 0 requested)
[    6.297063] random 0000 0000 0000 73b17df4 93bb370e: extract_entropy(.. 16 ..)
[    6.297065] random 0000 0000 0000 73b17df4 93bb370e: trying to extract 128 bits from input
[    6.297067] random 0000 0000 0000 73b17df4 93bb370e: debiting 0 entropy credits from input
[    6.297069] random 0000 0000 0000 73b17df4 93bb370e: extract_entropy account returned: 0 
[    6.297072] random 0000 0000 0000 73b17df4 93bb370e: urand_change_num 92 xfer_secondary_pool(16): pool_sig fffffbf1, data_sig 00000000, bytes_mixed 0 73b17df4 93bb370e
[    6.297075] random 0000 0000 0000 73b17df4 93bb370e: trying to extract 128 bits from nonblocking
[    6.297077] random 0000 0000 0000 73b17df4 93bb370e: debiting 128 entropy credits from nonblocking (unlimited)
[    6.297079] random 0000 0000 0000 73b17df4 93bb370e: extract_entropy account returned: 16 
[    6.297084] random 0000 0000 0000 73b17df4 93bb370e: urand_change_num 93 extract_buf: pool_sig fffffbf1, data_sig ffffff99, bytes_mixed 20 73b17df4 93bb370e
[    6.297089] random 0000 0000 0000 73b17df4 93bb370e: urand_change_num 94 extract_buf: pool_sig fffffe1d, data_sig 000000b0, bytes_mixed 20 73b17df4 93bb370e
[    6.297502] random 0000 0000 0000 0cd682bb ba04da9f: rand_read_num 27 get_random_bytes(16): sig fffffccb 0cd682bb ba04da9f
[    6.297505] random 0000 0000 0000 0cd682bb ba04da9f: extract_entropy(.. 16 ..)
[    6.297507] random 0000 0000 0000 0cd682bb ba04da9f: going to reseed nonblocking with 128 bits (128 of 0 requested)
[    6.297509] random 0000 0000 0000 0cd682bb ba04da9f: extract_entropy(.. 16 ..)
[    6.297511] random 0000 0000 0000 0cd682bb ba04da9f: trying to extract 128 bits from input
[    6.297514] random 0000 0000 0000 0cd682bb ba04da9f: debiting 0 entropy credits from input
[    6.297516] random 0000 0000 0000 0cd682bb ba04da9f: extract_entropy account returned: 0 
[    6.297519] random 0000 0000 0000 0cd682bb ba04da9f: urand_change_num 95 xfer_secondary_pool(16): pool_sig fffffccb, data_sig 00000000, bytes_mixed 0 0cd682bb ba04da9f
[    6.297522] random 0000 0000 0000 0cd682bb ba04da9f: trying to extract 128 bits from nonblocking
[    6.297524] random 0000 0000 0000 0cd682bb ba04da9f: debiting 128 entropy credits from nonblocking (unlimited)
[    6.297526] random 0000 0000 0000 0cd682bb ba04da9f: extract_entropy account returned: 16 
[    6.297531] random 0000 0000 0000 0cd682bb ba04da9f: urand_change_num 96 extract_buf: pool_sig fffffccb, data_sig fffffec5, bytes_mixed 20 0cd682bb ba04da9f
[    6.297536] random 0000 0000 0000 26929f1a 15254dc1: urand_change_num 97 extract_buf: pool_sig fffffed2, data_sig ffffffb1, bytes_mixed 20 26929f1a 15254dc1
[    6.298414] random 0000 0000 0000 26929f1a 15254dc1: rand_read_num 28 get_random_bytes(16): sig 00000038 26929f1a 15254dc1
[    6.298417] random 0000 0000 0000 26929f1a 15254dc1: extract_entropy(.. 16 ..)
[    6.298419] random 0000 0000 0000 26929f1a 15254dc1: going to reseed nonblocking with 128 bits (128 of 0 requested)
[    6.298421] random 0000 0000 0000 26929f1a 15254dc1: extract_entropy(.. 16 ..)
[    6.298424] random 0000 0000 0000 26929f1a 15254dc1: trying to extract 128 bits from input
[    6.298426] random 0000 0000 0000 26929f1a 15254dc1: debiting 0 entropy credits from input
[    6.298428] random 0000 0000 0000 26929f1a 15254dc1: extract_entropy account returned: 0 
[    6.298431] random 0000 0000 0000 26929f1a 15254dc1: urand_change_num 98 xfer_secondary_pool(16): pool_sig 00000038, data_sig 00000000, bytes_mixed 0 26929f1a 15254dc1
[    6.298434] random 0000 0000 0000 26929f1a 15254dc1: trying to extract 128 bits from nonblocking
[    6.298436] random 0000 0000 0000 26929f1a 15254dc1: debiting 128 entropy credits from nonblocking (unlimited)
[    6.298438] random 0000 0000 0000 26929f1a 15254dc1: extract_entropy account returned: 16 
[    6.298442] random 0000 0000 0000 26929f1a 15254dc1: urand_change_num 99 extract_buf: pool_sig 00000038, data_sig 000000fd, bytes_mixed 20 26929f1a 15254dc1
[    6.298447] random 0000 0000 0000 8116fe3b 478c2d5b: urand_change_num 100 extract_buf: pool_sig 00000059, data_sig 00000310, bytes_mixed 20 8116fe3b 478c2d5b
[    6.305071] random 0000 0000 0000 a20f4a3a 32a6b2fa: rand_read_num 29 get_random_bytes(16): sig 000002c0 a20f4a3a 32a6b2fa
[    6.305074] random 0000 0000 0000 a20f4a3a 32a6b2fa: extract_entropy(.. 16 ..)
[    6.305077] random 0000 0000 0000 a20f4a3a 32a6b2fa: going to reseed nonblocking with 128 bits (128 of 0 requested)
[    6.305079] random 0000 0000 0000 a20f4a3a 32a6b2fa: extract_entropy(.. 16 ..)
[    6.305081] random 0000 0000 0000 a20f4a3a 32a6b2fa: trying to extract 128 bits from input
[    6.305083] random 0000 0000 0000 a20f4a3a 32a6b2fa: debiting 0 entropy credits from input
[    6.305085] random 0000 0000 0000 a20f4a3a 32a6b2fa: extract_entropy account returned: 0 
[    6.305088] random 0000 0000 0000 a20f4a3a 32a6b2fa: urand_change_num 101 xfer_secondary_pool(16): pool_sig 000002c0, data_sig 00000000, bytes_mixed 0 a20f4a3a 32a6b2fa
[    6.305091] random 0000 0000 0000 a20f4a3a 32a6b2fa: trying to extract 128 bits from nonblocking
[    6.305093] random 0000 0000 0000 a20f4a3a 32a6b2fa: debiting 128 entropy credits from nonblocking (unlimited)
[    6.305096] random 0000 0000 0000 a20f4a3a 32a6b2fa: extract_entropy account returned: 16 
[    6.305100] random 0000 0000 0000 a20f4a3a 32a6b2fa: urand_change_num 102 extract_buf: pool_sig 000002c0, data_sig 000000fb, bytes_mixed 20 a20f4a3a 32a6b2fa
[    6.305105] random 0000 0000 0000 a20f4a3a 32a6b2fa: urand_change_num 103 extract_buf: pool_sig ffffffdd, data_sig 000000a5, bytes_mixed 20 a20f4a3a 32a6b2fa
[    6.317593] random 0000 0000 0000 de716d2a 6c4757e1: rand_read_num 30 get_random_bytes(16): sig 000000fa de716d2a 6c4757e1
[    6.317596] random 0000 0000 0000 de716d2a 6c4757e1: extract_entropy(.. 16 ..)
[    6.317598] random 0000 0000 0000 de716d2a 6c4757e1: going to reseed nonblocking with 128 bits (128 of 0 requested)
[    6.317601] random 0000 0000 0000 de716d2a 6c4757e1: extract_entropy(.. 16 ..)
[    6.317603] random 0000 0000 0000 de716d2a 6c4757e1: trying to extract 128 bits from input
[    6.317605] random 0000 0000 0000 de716d2a 6c4757e1: debiting 0 entropy credits from input
[    6.317607] random 0000 0000 0000 de716d2a 6c4757e1: extract_entropy account returned: 0 
[    6.317610] random 0000 0000 0000 de716d2a 6c4757e1: urand_change_num 104 xfer_secondary_pool(16): pool_sig 000000fa, data_sig 00000000, bytes_mixed 0 de716d2a 6c4757e1
[    6.317613] random 0000 0000 0000 de716d2a 6c4757e1: trying to extract 128 bits from nonblocking
[    6.317615] random 0000 0000 0000 de716d2a 6c4757e1: debiting 128 entropy credits from nonblocking (unlimited)
[    6.317617] random 0000 0000 0000 de716d2a 6c4757e1: extract_entropy account returned: 16 
[    6.317621] random 0000 0000 0000 de716d2a 6c4757e1: urand_change_num 105 extract_buf: pool_sig 000000fa, data_sig ffffff34, bytes_mixed 20 de716d2a 6c4757e1
[    6.317627] random 0000 0000 0000 de716d2a 6c4757e1: urand_change_num 106 extract_buf: pool_sig 000003d3, data_sig ffffff30, bytes_mixed 20 de716d2a 6c4757e1
[    6.318208] random 0000 0000 0000 a7c511e1 f90ea457: rand_read_num 31 get_random_bytes(16): sig 0000009a a7c511e1 f90ea457
[    6.318210] random 0000 0000 0000 a7c511e1 f90ea457: extract_entropy(.. 16 ..)
[    6.318213] random 0000 0000 0000 a7c511e1 f90ea457: going to reseed nonblocking with 128 bits (128 of 0 requested)
[    6.318215] random 0000 0000 0000 a7c511e1 f90ea457: extract_entropy(.. 16 ..)
[    6.318217] random 0000 0000 0000 a7c511e1 f90ea457: trying to extract 128 bits from input
[    6.318219] random 0000 0000 0000 a7c511e1 f90ea457: debiting 0 entropy credits from input
[    6.318221] random 0000 0000 0000 a7c511e1 f90ea457: extract_entropy account returned: 0 
[    6.318224] random 0000 0000 0000 a7c511e1 f90ea457: urand_change_num 107 xfer_secondary_pool(16): pool_sig 0000009a, data_sig 00000000, bytes_mixed 0 a7c511e1 f90ea457
[    6.318227] random 0000 0000 0000 a7c511e1 f90ea457: trying to extract 128 bits from nonblocking
[    6.318230] random 0000 0000 0000 a7c511e1 f90ea457: debiting 128 entropy credits from nonblocking (unlimited)
[    6.318232] random 0000 0000 0000 a7c511e1 f90ea457: extract_entropy account returned: 16 
[    6.318236] random 0000 0000 0000 a7c511e1 f90ea457: urand_change_num 108 extract_buf: pool_sig 0000009a, data_sig 000000e0, bytes_mixed 20 a7c511e1 f90ea457
[    6.318241] random 0000 0000 0000 7c18c7e6 d65ccb06: urand_change_num 109 extract_buf: pool_sig fffffa79, data_sig 000000e0, bytes_mixed 20 7c18c7e6 d65ccb06
[    6.318829] random 0000 0000 0000 7c18c7e6 d65ccb06: rand_read_num 32 get_random_bytes(16): sig fffffe1e 7c18c7e6 d65ccb06
[    6.318832] random 0000 0000 0000 7c18c7e6 d65ccb06: extract_entropy(.. 16 ..)
[    6.318834] random 0000 0000 0000 7c18c7e6 d65ccb06: going to reseed nonblocking with 128 bits (128 of 0 requested)
[    6.318837] random 0000 0000 0000 7c18c7e6 d65ccb06: extract_entropy(.. 16 ..)
[    6.318839] random 0000 0000 0000 7c18c7e6 d65ccb06: trying to extract 128 bits from input
[    6.318841] random 0000 0000 0000 7c18c7e6 d65ccb06: debiting 0 entropy credits from input
[    6.318843] random 0000 0000 0000 7c18c7e6 d65ccb06: extract_entropy account returned: 0 
[    6.318846] random 0000 0000 0000 7c18c7e6 d65ccb06: urand_change_num 110 xfer_secondary_pool(16): pool_sig fffffe1e, data_sig 00000000, bytes_mixed 0 7c18c7e6 d65ccb06
[    6.318849] random 0000 0000 0000 7c18c7e6 d65ccb06: trying to extract 128 bits from nonblocking
[    6.318851] random 0000 0000 0000 7c18c7e6 d65ccb06: debiting 128 entropy credits from nonblocking (unlimited)
[    6.318853] random 0000 0000 0000 7c18c7e6 d65ccb06: extract_entropy account returned: 16 
