[    0.000000] random 0000 0000 0000 00000000 00000000: rand_read_num 1 get_random_bytes(8): sig 00000000 00000000 00000000
[    0.000000] random 0000 0000 0000 00000000 00000000: extract_entropy(.. 8 ..)
[    0.000000] random 0000 0000 0000 00000000 00000000: going to reseed nonblocking with 64 bits (64 of 0 requested)
[    0.000000] random 0000 0000 0000 00000000 00000000: extract_entropy(.. 8 ..)
[    0.000000] random 0000 0000 0000 00000000 00000000: trying to extract 64 bits from input
[    0.000000] random 0000 0000 0000 00000000 00000000: debiting 0 entropy credits from input
[    0.000000] random 0000 0000 0000 00000000 00000000: extract_entropy account returned: 0 
[    0.000000] random 0000 0000 0000 00000000 00000000: urand_change_num 1 xfer_secondary_pool(8): pool_sig 00000000, data_sig 00000000, bytes_mixed 0 00000000 00000000
[    0.000000] random 0000 0000 0000 00000000 00000000: trying to extract 64 bits from nonblocking
[    0.000000] random 0000 0000 0000 00000000 00000000: debiting 64 entropy credits from nonblocking (unlimited)
[    0.000000] random 0000 0000 0000 00000000 00000000: extract_entropy account returned: 8 
[    0.000000] random 0000 0000 0000 00000000 00000000: urand_change_num 2 extract_buf: pool_sig 00000000, data_sig fffffff9, bytes_mixed 20 00000000 00000000
[    0.000000] Linux version 2.6.32.57 (dcashman@dcashman-02) (gcc version 4.3.3 (GCC) ) #3 Fri May 24 04:27:34 PDT 2013
[    0.000000] KERNEL supported cpus:
[    0.000000]   Intel GenuineIntel
[    0.000000]   AMD AuthenticAMD
[    0.000000]   NSC Geode by NSC
[    0.000000]   Cyrix CyrixInstead
[    0.000000]   Centaur CentaurHauls
[    0.000000]   Transmeta GenuineTMx86
[    0.000000]   Transmeta TransmetaCPU
[    0.000000]   UMC UMC UMC UMC
[    0.000000] BIOS-provided physical RAM map:
[    0.000000]  BIOS-e820: 0000000000000000 - 000000000009d800 (usable)
[    0.000000]  BIOS-e820: 000000000009d800 - 00000000000a0000 (reserved)
[    0.000000]  BIOS-e820: 00000000000d2000 - 00000000000d4000 (reserved)
[    0.000000]  BIOS-e820: 00000000000e0000 - 0000000000100000 (reserved)
[    0.000000]  BIOS-e820: 0000000000100000 - 000000003d6b0000 (usable)
[    0.000000]  BIOS-e820: 000000003d6b0000 - 000000003d6cc000 (ACPI data)
[    0.000000]  BIOS-e820: 000000003d6cc000 - 000000003d700000 (ACPI NVS)
[    0.000000]  BIOS-e820: 000000003d700000 - 000000003e000000 (reserved)
[    0.000000]  BIOS-e820: 00000000f0000000 - 00000000f4000000 (reserved)
[    0.000000]  BIOS-e820: 00000000fec00000 - 00000000fec10000 (reserved)
[    0.000000]  BIOS-e820: 00000000fed00000 - 00000000fed00400 (reserved)
[    0.000000]  BIOS-e820: 00000000fed14000 - 00000000fed1a000 (reserved)
[    0.000000]  BIOS-e820: 00000000fed1c000 - 00000000fed90000 (reserved)
[    0.000000]  BIOS-e820: 00000000fee00000 - 00000000fee01000 (reserved)
[    0.000000]  BIOS-e820: 00000000ff000000 - 0000000100000000 (reserved)
[    0.000000] DMI present.
[    0.000000] last_pfn = 0x3d6b0 max_arch_pfn = 0x100000
[    0.000000] MTRR default type: uncachable
[    0.000000] MTRR fixed ranges enabled:
[    0.000000]   00000-9FFFF write-back
[    0.000000]   A0000-BFFFF uncachable
[    0.000000]   C0000-CFFFF write-protect
[    0.000000]   D0000-DFFFF uncachable
[    0.000000]   E0000-FFFFF write-protect
[    0.000000] MTRR variable ranges enabled:
[    0.000000]   0 base 03E000000 mask FFE000000 uncachable
[    0.000000]   1 base 000000000 mask FC0000000 write-back
[    0.000000]   2 base 03D700000 mask FFFF00000 uncachable
[    0.000000]   3 base 03D800000 mask FFF800000 uncachable
[    0.000000]   4 disabled
[    0.000000]   5 disabled
[    0.000000]   6 disabled
[    0.000000]   7 disabled
[    0.000000] initial memory mapped : 0 - 02000000
[    0.000000] init_memory_mapping: 0000000000000000-00000000377fe000
[    0.000000]  0000000000 - 0000400000 page 4k
[    0.000000]  0000400000 - 0037400000 page 2M
[    0.000000]  0037400000 - 00377fe000 page 4k
[    0.000000] kernel direct mapping tables up to 377fe000 @ 7000-c000
[    0.000000] ACPI: RSDP 000f68d0 00024 (v02 LENOVO)
[    0.000000] ACPI: XSDT 3d6bb77f 00094 (v01 LENOVO TP-7L    00002170  LTP 00000000)
[    0.000000] ACPI: FACP 3d6bb900 000F4 (v03 LENOVO TP-7L    00002170 LNVO 00000001)
[    0.000000] ACPI Warning: 32/64X length mismatch in Gpe1Block: 0/32 (20090903/tbfadt-526)
[    0.000000] ACPI Warning: Optional field Gpe1Block has zero address or length: 000000000000102C/0 (20090903/tbfadt-557)
[    0.000000] ACPI: DSDT 3d6bbd1d 0FED1 (v01 LENOVO TP-7L    00002170 MSFT 03000000)
[    0.000000] ACPI: FACS 3d6e4000 00040
[    0.000000] ACPI: SSDT 3d6bbab4 00269 (v01 LENOVO TP-7L    00002170 MSFT 03000000)
[    0.000000] ACPI: ECDT 3d6cbbee 00052 (v01 LENOVO TP-7L    00002170 LNVO 00000001)
[    0.000000] ACPI: TCPA 3d6cbc40 00032 (v02 LENOVO TP-7L    00002170 LNVO 00000001)
[    0.000000] ACPI: APIC 3d6cbc72 00068 (v01 LENOVO TP-7L    00002170 LNVO 00000001)
[    0.000000] ACPI: MCFG 3d6cbcda 0003C (v01 LENOVO TP-7L    00002170 LNVO 00000001)
[    0.000000] ACPI: HPET 3d6cbd16 00038 (v01 LENOVO TP-7L    00002170 LNVO 00000001)
[    0.000000] ACPI: SLIC 3d6cbdf0 00176 (v01 LENOVO TP-7L    00002170  LTP 00000000)
[    0.000000] ACPI: BOOT 3d6cbf66 00028 (v01 LENOVO TP-7L    00002170  LTP 00000001)
[    0.000000] ACPI: ASF! 3d6cbf8e 00072 (v16 LENOVO TP-7L    00002170 PTL  00000001)
[    0.000000] ACPI: SSDT 3d6e26d9 0025F (v01 LENOVO TP-7L    00002170 INTL 20050513)
[    0.000000] ACPI: SSDT 3d6e2938 000A6 (v01 LENOVO TP-7L    00002170 INTL 20050513)
[    0.000000] ACPI: SSDT 3d6e29de 004F7 (v01 LENOVO TP-7L    00002170 INTL 20050513)
[    0.000000] ACPI: SSDT 3d6e2ed5 001D8 (v01 LENOVO TP-7L    00002170 INTL 20050513)
[    0.000000] ACPI: DMI detected: Lenovo ThinkPad R61
[    0.000000] ACPI: Added _OSI(Linux)
[    0.000000] ACPI: Local APIC address 0xfee00000
[    0.000000] 94MB HIGHMEM available.
[    0.000000] 887MB LOWMEM available.
[    0.000000]   mapped low ram: 0 - 377fe000
[    0.000000]   low ram: 0 - 377fe000
[    0.000000]   node 0 low ram: 00000000 - 377fe000
[    0.000000]   node 0 bootmap 00008000 - 0000ef00
[    0.000000] (6 early reservations) ==> bootmem [0000000000 - 00377fe000]
[    0.000000]   #0 [0000000000 - 0000001000]   BIOS data page ==> [0000000000 - 0000001000]
[    0.000000]   #1 [0001000000 - 0001bdc180]    TEXT DATA BSS ==> [0001000000 - 0001bdc180]
[    0.000000]   #2 [000009d800 - 0000100000]    BIOS reserved ==> [000009d800 - 0000100000]
[    0.000000]   #3 [0001bdd000 - 0001be516c]              BRK ==> [0001bdd000 - 0001be516c]
[    0.000000]   #4 [0000007000 - 0000008000]          PGTABLE ==> [0000007000 - 0000008000]
[    0.000000]   #5 [0000008000 - 000000f000]          BOOTMAP ==> [0000008000 - 000000f000]
[    0.000000] found SMP MP-table at [c00f6900] f6900
[    0.000000] Zone PFN ranges:
[    0.000000]   DMA      0x00000000 -> 0x00001000
[    0.000000]   Normal   0x00001000 -> 0x000377fe
[    0.000000]   HighMem  0x000377fe -> 0x0003d6b0
[    0.000000] Movable zone start PFN for each node
[    0.000000] early_node_map[2] active PFN ranges
[    0.000000]     0: 0x00000000 -> 0x0000009d
[    0.000000]     0: 0x00000100 -> 0x0003d6b0
[    0.000000] On node 0 totalpages: 251469
[    0.000000] free_area_init_node: node 0, pgdat c1901ea0, node_mem_map c1be7000
[    0.000000]   DMA zone: 32 pages used for memmap
[    0.000000]   DMA zone: 0 pages reserved
[    0.000000]   DMA zone: 3965 pages, LIFO batch:0
[    0.000000]   Normal zone: 1744 pages used for memmap
[    0.000000]   Normal zone: 221486 pages, LIFO batch:31
[    0.000000]   HighMem zone: 190 pages used for memmap
[    0.000000]   HighMem zone: 24052 pages, LIFO batch:3
[    0.000000] Using APIC driver default
[    0.000000] ACPI: PM-Timer IO Port: 0x1008
[    0.000000] ACPI: Local APIC address 0xfee00000
[    0.000000] ACPI: LAPIC (acpi_id[0x00] lapic_id[0x00] enabled)
[    0.000000] ACPI: LAPIC (acpi_id[0x01] lapic_id[0x01] enabled)
[    0.000000] ACPI: NR_CPUS/possible_cpus limit of 1 reached.  Processor 1/0x1 ignored.
[    0.000000] ACPI: LAPIC_NMI (acpi_id[0x00] high edge lint[0x1])
[    0.000000] ACPI: LAPIC_NMI (acpi_id[0x01] high edge lint[0x1])
[    0.000000] ACPI: IOAPIC (id[0x01] address[0xfec00000] gsi_base[0])
[    0.000000] IOAPIC[0]: apic_id 1, version 32, address 0xfec00000, GSI 0-23
[    0.000000] ACPI: INT_SRC_OVR (bus 0 bus_irq 0 global_irq 2 dfl dfl)
[    0.000000] ACPI: INT_SRC_OVR (bus 0 bus_irq 9 global_irq 9 high level)
[    0.000000] ACPI: IRQ0 used by override.
[    0.000000] ACPI: IRQ2 used by override.
[    0.000000] ACPI: IRQ9 used by override.
[    0.000000] Using ACPI (MADT) for SMP configuration information
[    0.000000] ACPI: HPET id: 0x8086a201 base: 0xfed00000
[    0.000000] nr_irqs_gsi: 24
[    0.000000] PM: Registered nosave memory: 000000000009d000 - 000000000009e000
[    0.000000] PM: Registered nosave memory: 000000000009e000 - 00000000000a0000
[    0.000000] PM: Registered nosave memory: 00000000000a0000 - 00000000000d2000
[    0.000000] PM: Registered nosave memory: 00000000000d2000 - 00000000000d4000
[    0.000000] PM: Registered nosave memory: 00000000000d4000 - 00000000000e0000
[    0.000000] PM: Registered nosave memory: 00000000000e0000 - 0000000000100000
[    0.000000] Allocating PCI resources starting at 3e000000 (gap: 3e000000:b2000000)
[    0.000000] Built 1 zonelists in Zone order, mobility grouping on.  Total pages: 249503
[    0.000000] Kernel command line: auto BOOT_IMAGE=Linux ro root=802 vt.default_utf8=0 maxcpus=0
[    0.000000] PID hash table entries: 4096 (order: 2, 16384 bytes)
[    0.000000] Dentry cache hash table entries: 131072 (order: 7, 524288 bytes)
[    0.000000] Inode-cache hash table entries: 65536 (order: 6, 262144 bytes)
[    0.000000] Enabling fast FPU save and restore... done.
[    0.000000] Enabling unmasked SIMD FPU exception support... done.
[    0.000000] Initializing CPU#0
[    0.000000] Initializing HighMem for node 0 (000377fe:0003d6b0)
[    0.000000] Memory: 984800k/1006272k available (6914k kernel code, 20876k reserved, 2328k data, 448k init, 96968k highmem)
[    0.000000] virtual kernel memory layout:
[    0.000000]     fixmap  : 0xfffa3000 - 0xfffff000   ( 368 kB)
[    0.000000]     pkmap   : 0xff800000 - 0xffc00000   (4096 kB)
[    0.000000]     vmalloc : 0xf7ffe000 - 0xff7fe000   ( 120 MB)
[    0.000000]     lowmem  : 0xc0000000 - 0xf77fe000   ( 887 MB)
[    0.000000]       .init : 0xc1907000 - 0xc1977000   ( 448 kB)
[    0.000000]       .data : 0xc16c0b5f - 0xc1906c64   (2328 kB)
[    0.000000]       .text : 0xc1000000 - 0xc16c0b5f   (6914 kB)
[    0.000000] Checking if this processor honours the WP bit even in supervisor mode...Ok.
[    0.000000] SLUB: Genslabs=13, HWalign=64, Order=0-3, MinObjects=0, CPUs=1, Nodes=1
[    0.000000] Hierarchical RCU implementation.
[    0.000000] NR_IRQS:288
[    0.000000] Extended CMOS year: 2000
[    0.000000] Console: colour VGA+ 80x25
[    0.000000] console [tty0] enabled
[    0.000000] hpet clockevent registered
[    0.000000] Fast TSC calibration using PIT
[    0.000000] Detected 2094.433 MHz processor.
[    0.001002] Calibrating delay loop (skipped), value calculated using timer frequency.. 4188.86 BogoMIPS (lpj=2094433)
[    0.001172] Security Framework initialized
[    0.001258] Mount-cache hash table entries: 512
[    0.002070] CPU: L1 I cache: 32K, L1 D cache: 32K
[    0.002202] CPU: L2 cache: 3072K
[    0.002285] mce: CPU supports 6 MCE banks
[    0.002375] CPU0: Thermal monitoring enabled (TM2)
[    0.002459] using mwait in idle threads.
[    0.002543] CPU: Intel(R) Core(TM)2 Duo CPU     T8100  @ 2.10GHz stepping 06
[    0.002721] Checking 'hlt' instruction... OK.
[    0.006943] ACPI: Core revision 20090903
[    0.026018] CANARY value: 73fb9d94 for PID: 1
[    0.026048] Enabling APIC mode:  Flat.  Using 1 I/O APICs
[    0.026502] ..TIMER: vector=0x30 apic1=0 pin1=2 apic2=-1 pin2=-1
[    0.036997] xor: automatically using best checksumming function: pIII_sse
[    0.040998]    pIII_sse  :  8568.000 MB/sec
[    0.041086] xor: using function: pIII_sse (8568.000 MB/sec)
[    0.041175] RANDOM - __seed init called.
[    0.041176] RANDOM - __seed init called.
[    0.041177] RANDOM - __seed init called.
[    0.041179] RANDOM - __random32 called. Change num 1.  Value: e6b75c0e	845fdb3c	4764ecc7
[    0.041181] RANDOM - __random32 called. Change num 2.  Value: 75c0e1a6	45fdb3ca	d98f8871
[    0.041182] RANDOM - __random32 called. Change num 3.  Value: e1a6d3e	5fdb3ca9	10e2be79
[    0.041184] RANDOM - __random32 called. Change num 4.  Value: a6d3e877	fdb3ca90	7cf2fee9
[    0.041186] RANDOM - __random32 called. Change num 5.  Value: 3e877b7b	db3ca905	fdd36ca1
[    0.041187] RANDOM - __random32 called. Change num 6.  Value: 77b7ba3d	b3ca905b	d9426901
[    0.041189] RANDOM - random32 init called.  Value: 77b7ba3d	b3ca905b	d9426901
[    0.041206] NET: Registered protocol family 16
[    0.041473] ACPI FADT declares the system doesn't support PCIe ASPM, so disable it
[    0.041593] ACPI: bus type pci registered
[    0.041759] PCI: MCFG configuration 0: base f0000000 segment 0 buses 0 - 63
[    0.041858] PCI: MCFG area at f0000000 reserved in E820
[    0.041953] PCI: Using MMCONFIG for extended config space
[    0.042002] PCI: Using configuration type 1 for base access
[    0.045153] bio: create slab <bio-0> at 0
[    0.045962] ACPI: EC: EC description table is found, configuring boot EC
[    0.051135] ACPI: BIOS _OSI(Linux) query honored via DMI
[    0.051858] random 0000 0000 0000 00000000 00000000: rand_read_num 2 get_random_bytes(8): sig fffffe1a 00000000 00000000
[    0.051861] random 0000 0000 0000 00000000 00000000: extract_entropy(.. 8 ..)
[    0.051864] random 0000 0000 0000 00000000 00000000: going to reseed nonblocking with 64 bits (64 of 0 requested)
[    0.051866] random 0000 0000 0000 00000000 00000000: extract_entropy(.. 8 ..)
[    0.051868] random 0000 0000 0000 00000000 00000000: trying to extract 64 bits from input
[    0.051870] random 0000 0000 0000 00000000 00000000: debiting 0 entropy credits from input
[    0.051872] random 0000 0000 0000 00000000 00000000: extract_entropy account returned: 0 
[    0.051875] random 0000 0000 0000 00000000 00000000: urand_change_num 3 xfer_secondary_pool(8): pool_sig fffffe1a, data_sig 00000000, bytes_mixed 0 00000000 00000000
[    0.051878] random 0000 0000 0000 00000000 00000000: trying to extract 64 bits from nonblocking
[    0.051881] random 0000 0000 0000 00000000 00000000: debiting 64 entropy credits from nonblocking (unlimited)
[    0.051909] random 0000 0000 0000 00000000 00000000: extract_entropy account returned: 8 
[    0.051913] random 0000 0000 0000 00000000 00000000: urand_change_num 4 extract_buf: pool_sig fffffe1a, data_sig fffffed7, bytes_mixed 20 00000000 00000000
[    0.057573] ACPI: Interpreter enabled
[    0.057667] ACPI: (supports S0 S3 S4 S5)
[    0.057987] ACPI: Using IOAPIC for interrupt routing
[    0.067679] ACPI: EC: GPE = 0x12, I/O: command/status = 0x66, data = 0x62
[    0.067991] ACPI: Power Resource [PUBS] (on)
[    0.070120] ACPI: ACPI Dock Station Driver: 3 docks/bays found
[    0.070529] ACPI: PCI Root Bridge [PCI0] (0000:00)
[    0.070700] pci 0000:00:02.0: reg 10 64bit mmio: [0xf8100000-0xf81fffff]
[    0.070706] pci 0000:00:02.0: reg 18 64bit mmio pref: [0xe0000000-0xefffffff]
[    0.070710] pci 0000:00:02.0: reg 20 io port: [0x1800-0x1807]
[    0.070745] pci 0000:00:02.1: reg 10 64bit mmio: [0xf8200000-0xf82fffff]
[    0.070843] pci 0000:00:19.0: reg 10 32bit mmio: [0xfe000000-0xfe01ffff]
[    0.070853] pci 0000:00:19.0: reg 14 32bit mmio: [0xfe025000-0xfe025fff]
[    0.070862] pci 0000:00:19.0: reg 18 io port: [0x1840-0x185f]
[    0.070932] pci 0000:00:19.0: PME# supported from D0 D3hot D3cold
[    0.071002] pci 0000:00:19.0: PME# disabled
[    0.071152] pci 0000:00:1a.0: reg 20 io port: [0x1860-0x187f]
[    0.071246] pci 0000:00:1a.1: reg 20 io port: [0x1880-0x189f]
[    0.071327] pci 0000:00:1a.7: reg 10 32bit mmio: [0xfe226c00-0xfe226fff]
[    0.071410] pci 0000:00:1a.7: PME# supported from D0 D3hot D3cold
[    0.071511] pci 0000:00:1a.7: PME# disabled
[    0.071656] pci 0000:00:1b.0: reg 10 64bit mmio: [0xfe020000-0xfe023fff]
[    0.071737] pci 0000:00:1b.0: PME# supported from D0 D3hot D3cold
[    0.071837] pci 0000:00:1b.0: PME# disabled
[    0.072082] pci 0000:00:1c.0: PME# supported from D0 D3hot D3cold
[    0.072177] pci 0000:00:1c.0: PME# disabled
[    0.072380] pci 0000:00:1c.1: PME# supported from D0 D3hot D3cold
[    0.072479] pci 0000:00:1c.1: PME# disabled
[    0.072677] pci 0000:00:1c.2: PME# supported from D0 D3hot D3cold
[    0.072776] pci 0000:00:1c.2: PME# disabled
[    0.072971] pci 0000:00:1c.3: PME# supported from D0 D3hot D3cold
[    0.072999] pci 0000:00:1c.3: PME# disabled
[    0.073855] pci 0000:00:1c.4: PME# supported from D0 D3hot D3cold
[    0.073999] pci 0000:00:1c.4: PME# disabled
[    0.074171] pci 0000:00:1d.0: reg 20 io port: [0x18a0-0x18bf]
[    0.074240] pci 0000:00:1d.1: reg 20 io port: [0x18c0-0x18df]
[    0.074317] pci 0000:00:1d.2: reg 20 io port: [0x18e0-0x18ff]
[    0.074403] pci 0000:00:1d.7: reg 10 32bit mmio: [0xfe227000-0xfe2273ff]
[    0.074501] pci 0000:00:1d.7: PME# supported from D0 D3hot D3cold
[    0.074595] pci 0000:00:1d.7: PME# disabled
[    0.074897] pci 0000:00:1f.0: quirk: region 1000-107f claimed by ICH6 ACPI/GPIO/TCO
[    0.074998] pci 0000:00:1f.0: quirk: region 1180-11bf claimed by ICH6 GPIO
[    0.075092] pci 0000:00:1f.0: ICH7 LPC Generic IO decode 1 PIO at 1600 (mask 007f)
[    0.075216] pci 0000:00:1f.0: ICH7 LPC Generic IO decode 2 PIO at 15e0 (mask 000f)
[    0.075338] pci 0000:00:1f.0: ICH7 LPC Generic IO decode 3 PIO at 1680 (mask 001f)
[    0.075548] pci 0000:00:1f.1: reg 10 io port: [0x00-0x07]
[    0.075555] pci 0000:00:1f.1: reg 14 io port: [0x00-0x03]
[    0.075564] pci 0000:00:1f.1: reg 18 io port: [0x00-0x07]
[    0.075573] pci 0000:00:1f.1: reg 1c io port: [0x00-0x03]
[    0.075582] pci 0000:00:1f.1: reg 20 io port: [0x1c00-0x1c0f]
[    0.075665] pci 0000:00:1f.2: reg 10 io port: [0x1c50-0x1c57]
[    0.075674] pci 0000:00:1f.2: reg 14 io port: [0x1c44-0x1c47]
[    0.075683] pci 0000:00:1f.2: reg 18 io port: [0x1c48-0x1c4f]
[    0.075689] pci 0000:00:1f.2: reg 1c io port: [0x1c40-0x1c43]
[    0.075698] pci 0000:00:1f.2: reg 20 io port: [0x1c20-0x1c3f]
[    0.075707] pci 0000:00:1f.2: reg 24 32bit mmio: [0xfe226000-0xfe2267ff]
[    0.075767] pci 0000:00:1f.2: PME# supported from D3hot
[    0.075857] pci 0000:00:1f.2: PME# disabled
[    0.076032] pci 0000:00:1f.3: reg 10 32bit mmio: [0xfe227400-0xfe2274ff]
[    0.076056] pci 0000:00:1f.3: reg 20 io port: [0x1c60-0x1c7f]
[    0.076145] pci 0000:00:1c.0: bridge io port: [0x2000-0x2fff]
[    0.076151] pci 0000:00:1c.0: bridge 32bit mmio: [0xfc000000-0xfdffffff]
[    0.076158] pci 0000:00:1c.0: bridge 64bit mmio pref: [0xf8000000-0xf80fffff]
[    0.076234] pci 0000:03:00.0: reg 10 64bit mmio: [0xdf3f0000-0xdf3fffff]
[    0.076432] pci 0000:00:1c.1: bridge io port: [0x3000-0x3fff]
[    0.076439] pci 0000:00:1c.1: bridge 32bit mmio: [0xdc000000-0xdf3fffff]
[    0.076448] pci 0000:00:1c.1: bridge 64bit mmio pref: [0xdfe00000-0xdfefffff]
[    0.076504] pci 0000:00:1c.2: bridge io port: [0x4000-0x4fff]
[    0.076510] pci 0000:00:1c.2: bridge 32bit mmio: [0xd8000000-0xd9ffffff]
[    0.076519] pci 0000:00:1c.2: bridge 64bit mmio pref: [0xdfb00000-0xdfbfffff]
[    0.076575] pci 0000:00:1c.3: bridge io port: [0x5000-0x5fff]
[    0.076581] pci 0000:00:1c.3: bridge 32bit mmio: [0xd4000000-0xd5ffffff]
[    0.076588] pci 0000:00:1c.3: bridge 64bit mmio pref: [0xdf800000-0xdf8fffff]
[    0.076647] pci 0000:00:1c.4: bridge io port: [0x6000-0x6fff]
[    0.076651] pci 0000:00:1c.4: bridge 32bit mmio: [0xd0000000-0xd1ffffff]
[    0.076660] pci 0000:00:1c.4: bridge 64bit mmio pref: [0xdf500000-0xdf5fffff]
[    0.076724] pci 0000:15:00.0: reg 10 32bit mmio: [0xf8300000-0xf8300fff]
[    0.076772] pci 0000:15:00.0: supports D1 D2
[    0.076774] pci 0000:15:00.0: PME# supported from D0 D1 D2 D3hot D3cold
[    0.076867] pci 0000:15:00.0: PME# disabled
[    0.077048] pci 0000:15:00.1: reg 10 32bit mmio: [0xf8301000-0xf83017ff]
[    0.077154] pci 0000:15:00.1: supports D1 D2
[    0.077155] pci 0000:15:00.1: PME# supported from D0 D1 D2 D3hot D3cold
[    0.077258] pci 0000:15:00.1: PME# disabled
[    0.077455] pci 0000:00:1e.0: transparent bridge
[    0.077552] pci 0000:00:1e.0: bridge io port: [0x7000-0xafff]
[    0.077558] pci 0000:00:1e.0: bridge 32bit mmio: [0xf8300000-0xfbffffff]
[    0.077566] pci 0000:00:1e.0: bridge 64bit mmio pref: [0xf4000000-0xf7ffffff]
[    0.077629] pci_bus 0000:00: on NUMA node 0
[    0.077633] ACPI: PCI Interrupt Routing Table [\_SB_.PCI0._PRT]
[    0.077766] ACPI: PCI Interrupt Routing Table [\_SB_.PCI0.EXP0._PRT]
[    0.077825] ACPI: PCI Interrupt Routing Table [\_SB_.PCI0.EXP1._PRT]
[    0.077883] ACPI: PCI Interrupt Routing Table [\_SB_.PCI0.EXP2._PRT]
[    0.077941] ACPI: PCI Interrupt Routing Table [\_SB_.PCI0.EXP3._PRT]
[    0.078012] ACPI: PCI Interrupt Routing Table [\_SB_.PCI0.EXP4._PRT]
[    0.078076] ACPI: PCI Interrupt Routing Table [\_SB_.PCI0.PCI1._PRT]
[    0.083520] ACPI: PCI Interrupt Link [LNKA] (IRQs 3 4 5 6 7 9 *10 11)
[    0.084301] ACPI: PCI Interrupt Link [LNKB] (IRQs 3 4 5 6 7 9 10 *11)
[    0.085143] ACPI: PCI Interrupt Link [LNKC] (IRQs 3 4 5 6 7 9 10 *11)
[    0.085982] ACPI: PCI Interrupt Link [LNKD] (IRQs 3 4 5 6 7 9 10 *11)
[    0.086754] ACPI: PCI Interrupt Link [LNKE] (IRQs 3 4 5 6 7 9 10 *11)
[    0.087591] ACPI: PCI Interrupt Link [LNKF] (IRQs 3 4 5 6 7 9 10 *11)
[    0.088422] ACPI: PCI Interrupt Link [LNKG] (IRQs 3 4 5 6 7 9 10 *11)
[    0.089310] ACPI: PCI Interrupt Link [LNKH] (IRQs 3 4 5 6 7 9 10 *11)
[    0.090128] vgaarb: device added: PCI:0000:00:02.0,decodes=io+mem,owns=io+mem,locks=none
[    0.090259] vgaarb: loaded
[    0.090440] SCSI subsystem initialized
[    0.090546] libata version 3.00 loaded.
[    0.090593] usbcore: registered new interface driver usbfs
[    0.090721] usbcore: registered new interface driver hub
[    0.090845] usbcore: registered new device driver usb
[    0.108050] raid6: int32x1    941 MB/s
[    0.124991] raid6: int32x2    886 MB/s
[    0.142065] raid6: int32x4    750 MB/s
[    0.159054] raid6: int32x8    660 MB/s
[    0.175988] raid6: mmxx1     2878 MB/s
[    0.192984] raid6: mmxx2     3269 MB/s
[    0.210004] raid6: sse1x1    1937 MB/s
[    0.226998] raid6: sse1x2    2535 MB/s
[    0.243980] raid6: sse2x1    3503 MB/s
[    0.260983] raid6: sse2x2    3835 MB/s
[    0.261071] raid6: using algorithm sse2x2 (3835 MB/s)
[    0.261169] PCI: Using ACPI for IRQ routing
[    0.261484] HPET: 3 timers in total, 0 timers will be used for per-cpu timer
[    0.261980] Switching to clocksource tsc
[    0.262083] pnp: PnP ACPI init
[    0.262178] ACPI: bus type pnp registered
[    0.265843] pnp: PnP ACPI: found 11 devices
[    0.265945] ACPI: ACPI bus type pnp unregistered
[    0.266044] system 00:00: iomem range 0x0-0x9ffff could not be reserved
[    0.266137] system 00:00: iomem range 0xc0000-0xc3fff could not be reserved
[    0.266237] system 00:00: iomem range 0xc4000-0xc7fff could not be reserved
[    0.266339] system 00:00: iomem range 0xc8000-0xcbfff has been reserved
[    0.266431] system 00:00: iomem range 0xcc000-0xcffff has been reserved
[    0.266527] system 00:00: iomem range 0xd0000-0xd3fff could not be reserved
[    0.266628] system 00:00: iomem range 0xe0000-0xe3fff could not be reserved
[    0.266715] system 00:00: iomem range 0xe4000-0xe7fff could not be reserved
[    0.266813] system 00:00: iomem range 0xe8000-0xebfff could not be reserved
[    0.266908] system 00:00: iomem range 0xec000-0xeffff could not be reserved
[    0.266999] system 00:00: iomem range 0xf0000-0xfffff could not be reserved
[    0.267102] system 00:00: iomem range 0x100000-0x3dffffff could not be reserved
[    0.267223] system 00:00: iomem range 0xfec00000-0xfed3ffff could not be reserved
[    0.267350] system 00:00: iomem range 0xfed4c000-0xffffffff could not be reserved
[    0.267474] system 00:02: ioport range 0x164e-0x164f has been reserved
[    0.267570] system 00:02: ioport range 0x1000-0x107f has been reserved
[    0.267661] system 00:02: ioport range 0x1180-0x11bf has been reserved
[    0.267754] system 00:02: ioport range 0x800-0x80f has been reserved
[    0.267846] system 00:02: ioport range 0x15e0-0x15ef has been reserved
[    0.267948] system 00:02: ioport range 0x1600-0x165f could not be reserved
[    0.268048] system 00:02: iomem range 0xf0000000-0xf3ffffff has been reserved
[    0.268139] system 00:02: iomem range 0xfed1c000-0xfed1ffff has been reserved
[    0.268228] system 00:02: iomem range 0xfed14000-0xfed17fff has been reserved
[    0.268321] system 00:02: iomem range 0xfed18000-0xfed18fff has been reserved
[    0.268413] system 00:02: iomem range 0xfed19000-0xfed19fff has been reserved
[    0.268509] system 00:02: iomem range 0xfed45000-0xfed4bfff has been reserved
[    0.303551] pci 0000:00:1c.0: PCI bridge, secondary bus 0000:02
[    0.303646] pci 0000:00:1c.0:   IO window: 0x2000-0x2fff
[    0.303740] pci 0000:00:1c.0:   MEM window: 0xfc000000-0xfdffffff
[    0.303834] pci 0000:00:1c.0:   PREFETCH window: 0x000000f8000000-0x000000f80fffff
[    0.303970] pci 0000:00:1c.1: PCI bridge, secondary bus 0000:03
[    0.304066] pci 0000:00:1c.1:   IO window: 0x3000-0x3fff
[    0.304167] pci 0000:00:1c.1:   MEM window: 0xdc000000-0xdf3fffff
[    0.304266] pci 0000:00:1c.1:   PREFETCH window: 0x000000dfe00000-0x000000dfefffff
[    0.304396] pci 0000:00:1c.2: PCI bridge, secondary bus 0000:04
[    0.304486] pci 0000:00:1c.2:   IO window: 0x4000-0x4fff
[    0.304592] pci 0000:00:1c.2:   MEM window: 0xd8000000-0xd9ffffff
[    0.304687] pci 0000:00:1c.2:   PREFETCH window: 0x000000dfb00000-0x000000dfbfffff
[    0.304819] pci 0000:00:1c.3: PCI bridge, secondary bus 0000:05
[    0.304920] pci 0000:00:1c.3:   IO window: 0x5000-0x5fff
[    0.305010] pci 0000:00:1c.3:   MEM window: 0xd4000000-0xd5ffffff
[    0.305118] pci 0000:00:1c.3:   PREFETCH window: 0x000000df800000-0x000000df8fffff
[    0.305255] pci 0000:00:1c.4: PCI bridge, secondary bus 0000:0d
[    0.305347] pci 0000:00:1c.4:   IO window: 0x6000-0x6fff
[    0.305448] pci 0000:00:1c.4:   MEM window: 0xd0000000-0xd1ffffff
[    0.305540] pci 0000:00:1c.4:   PREFETCH window: 0x000000df500000-0x000000df5fffff
[    0.305681] pci 0000:15:00.0: CardBus bridge, secondary bus 0000:16
[    0.305772] pci 0000:15:00.0:   IO window: 0x007000-0x0070ff
[    0.305877] pci 0000:15:00.0:   IO window: 0x007400-0x0074ff
[    0.305976] pci 0000:15:00.0:   PREFETCH window: 0xf4000000-0xf7ffffff
[    0.306074] pci 0000:15:00.0:   MEM window: 0x40000000-0x43ffffff
[    0.306167] pci 0000:00:1e.0: PCI bridge, secondary bus 0000:15
[    0.306261] pci 0000:00:1e.0:   IO window: 0x7000-0xafff
[    0.306355] pci 0000:00:1e.0:   MEM window: 0xf8300000-0xfbffffff
[    0.306451] pci 0000:00:1e.0:   PREFETCH window: 0x000000f4000000-0x000000f7ffffff
[    0.306599] pci 0000:00:1c.0: PCI INT A -> GSI 20 (level, low) -> IRQ 20
[    0.306695] pci 0000:00:1c.0: setting latency timer to 64
[    0.306705] pci 0000:00:1c.1: PCI INT B -> GSI 21 (level, low) -> IRQ 21
[    0.306800] pci 0000:00:1c.1: setting latency timer to 64
[    0.306813] pci 0000:00:1c.2: PCI INT C -> GSI 22 (level, low) -> IRQ 22
[    0.306912] pci 0000:00:1c.2: setting latency timer to 64
[    0.306925] pci 0000:00:1c.3: PCI INT D -> GSI 23 (level, low) -> IRQ 23
[    0.307026] pci 0000:00:1c.3: setting latency timer to 64
[    0.307034] pci 0000:00:1c.4: PCI INT A -> GSI 20 (level, low) -> IRQ 20
[    0.307128] pci 0000:00:1c.4: setting latency timer to 64
[    0.307137] pci 0000:00:1e.0: enabling device (0005 -> 0007)
[    0.307230] pci 0000:00:1e.0: setting latency timer to 64
[    0.307247] pci 0000:15:00.0: PCI INT A -> GSI 16 (level, low) -> IRQ 16
[    0.307348] pci 0000:15:00.0: setting latency timer to 64
[    0.307354] pci_bus 0000:00: resource 0 io:  [0x00-0xffff]
[    0.307356] pci_bus 0000:00: resource 1 mem: [0x000000-0xffffffff]
[    0.307358] pci_bus 0000:02: resource 0 io:  [0x2000-0x2fff]
[    0.307359] pci_bus 0000:02: resource 1 mem: [0xfc000000-0xfdffffff]
[    0.307361] pci_bus 0000:02: resource 2 pref mem [0xf8000000-0xf80fffff]
[    0.307363] pci_bus 0000:03: resource 0 io:  [0x3000-0x3fff]
[    0.307365] pci_bus 0000:03: resource 1 mem: [0xdc000000-0xdf3fffff]
[    0.307367] pci_bus 0000:03: resource 2 pref mem [0xdfe00000-0xdfefffff]
[    0.307369] pci_bus 0000:04: resource 0 io:  [0x4000-0x4fff]
[    0.307371] pci_bus 0000:04: resource 1 mem: [0xd8000000-0xd9ffffff]
[    0.307372] pci_bus 0000:04: resource 2 pref mem [0xdfb00000-0xdfbfffff]
[    0.307374] pci_bus 0000:05: resource 0 io:  [0x5000-0x5fff]
[    0.307376] pci_bus 0000:05: resource 1 mem: [0xd4000000-0xd5ffffff]
[    0.307378] pci_bus 0000:05: resource 2 pref mem [0xdf800000-0xdf8fffff]
[    0.307380] pci_bus 0000:0d: resource 0 io:  [0x6000-0x6fff]
[    0.307381] pci_bus 0000:0d: resource 1 mem: [0xd0000000-0xd1ffffff]
[    0.307383] pci_bus 0000:0d: resource 2 pref mem [0xdf500000-0xdf5fffff]
[    0.307385] pci_bus 0000:15: resource 0 io:  [0x7000-0xafff]
[    0.307387] pci_bus 0000:15: resource 1 mem: [0xf8300000-0xfbffffff]
[    0.307388] pci_bus 0000:15: resource 2 pref mem [0xf4000000-0xf7ffffff]
[    0.307390] pci_bus 0000:15: resource 3 io:  [0x00-0xffff]
[    0.307392] pci_bus 0000:15: resource 4 mem: [0x000000-0xffffffff]
[    0.307394] pci_bus 0000:16: resource 0 io:  [0x7000-0x70ff]
[    0.307395] pci_bus 0000:16: resource 1 io:  [0x7400-0x74ff]
[    0.307397] pci_bus 0000:16: resource 2 pref mem [0xf4000000-0xf7ffffff]
[    0.307399] pci_bus 0000:16: resource 3 mem: [0x40000000-0x43ffffff]
[    0.307406] NET: Registered protocol family 2
[    0.307500] RANDOM - __random32 called. Change num 7.  Value: 7ba3d01e	3ca905be	d2026a24
[    0.307502] RANDOM - random32 called.  Value: 7ba3d01e	3ca905be	d2026a24
[    0.307506] random 0000 0000 0000 5f8db4e5 4cfdf2a8: rand_read_num 3 get_random_bytes(4): sig fffffb64 5f8db4e5 4cfdf2a8
[    0.307508] random 0000 0000 0000 5f8db4e5 4cfdf2a8: extract_entropy(.. 4 ..)
[    0.307511] random 0000 0000 0000 5f8db4e5 4cfdf2a8: going to reseed nonblocking with 64 bits (32 of 0 requested)
[    0.307513] random 0000 0000 0000 5f8db4e5 4cfdf2a8: extract_entropy(.. 8 ..)
[    0.307515] random 0000 0000 0000 5f8db4e5 4cfdf2a8: trying to extract 64 bits from input
[    0.307517] random 0000 0000 0000 5f8db4e5 4cfdf2a8: debiting 0 entropy credits from input
[    0.307519] random 0000 0000 0000 5f8db4e5 4cfdf2a8: extract_entropy account returned: 0 
[    0.307522] random 0000 0000 0000 5f8db4e5 4cfdf2a8: urand_change_num 5 xfer_secondary_pool(4): pool_sig fffffb64, data_sig 00000000, bytes_mixed 0 5f8db4e5 4cfdf2a8
[    0.307525] random 0000 0000 0000 5f8db4e5 4cfdf2a8: trying to extract 32 bits from nonblocking
[    0.307527] random 0000 0000 0000 5f8db4e5 4cfdf2a8: debiting 32 entropy credits from nonblocking (unlimited)
[    0.307529] random 0000 0000 0000 5f8db4e5 4cfdf2a8: extract_entropy account returned: 4 
[    0.307533] random 0000 0000 0000 5f8db4e5 4cfdf2a8: urand_change_num 6 extract_buf: pool_sig fffffb64, data_sig 00000241, bytes_mixed 20 5f8db4e5 4cfdf2a8
[    0.307543] IP route cache hash table entries: 32768 (order: 5, 131072 bytes)
[    0.307672] RANDOM - __random32 called. Change num 8.  Value: 3d01e034	ca905be7	d4484227
[    0.307673] RANDOM - random32 called.  Value: 3d01e034	ca905be7	d4484227
[    0.307683] RANDOM - __random32 called. Change num 9.  Value: 1e034020	a905be70	844ec14a
[    0.307685] RANDOM - random32 called.  Value: 1e034020	a905be70	844ec14a
[    0.307687] RANDOM - __random32 called. Change num 10.  Value: 34020ec0	905be706	8294c719
[    0.307689] RANDOM - random32 called.  Value: 34020ec0	905be706	8294c719
[    0.307699] RANDOM - __random32 called. Change num 11.  Value: 20ec0ebb	5be7068	8e32c65f
[    0.307700] RANDOM - random32 called.  Value: 20ec0ebb	5be7068	8e32c65f
[    0.307710] TCP established hash table entries: 131072 (order: 8, 1048576 bytes)
[    0.308204] TCP bind hash table entries: 65536 (order: 6, 262144 bytes)
[    0.308397] TCP: Hash tables configured (established 131072 bind 65536)
[    0.308501] TCP reno registered
[    0.308605] NET: Registered protocol family 1
[    0.308726] RPC: Registered udp transport module.
[    0.308818] RPC: Registered tcp transport module.
[    0.308921] RPC: Registered tcp NFSv4.1 backchannel transport module.
[    0.309023] pci 0000:00:02.0: Boot video device
[    0.309236] Simple Boot Flag at 0x35 set to 0x1
[    0.309753] highmem bounce pool size: 64 pages
[    0.311319] VFS: Disk quotas dquot_6.5.2
[    0.311442] Dquot-cache hash table entries: 1024 (order 0, 4096 bytes)
[    0.312123] NTFS driver 2.1.29 [Flags: R/W].
[    0.312286] ROMFS MTD (C) 2007 Red Hat, Inc.
[    0.312505] JFS: nTxBlock = 7695, nTxLock = 61562
[    0.314973] SGI XFS with ACLs, security attributes, large block/inode numbers, no debug enabled
[    0.315449] SGI XFS Quota Management subsystem
[    0.315737] Slow work thread pool: Starting up
[    0.315847] Slow work thread pool: Ready
[    0.315972] GFS2 (built May 24 2013 02:47:17) installed
[    0.316064] msgmni has been set to 1734
[    0.316227] alg: No test for cipher_null (cipher_null-generic)
[    0.316326] alg: No test for ecb(cipher_null) (ecb-cipher_null)
[    0.316422] alg: No test for digest_null (digest_null-generic)
[    0.316525] alg: No test for compress_null (compress_null-generic)
[    0.317112] alg: No test for fcrypt (fcrypt-generic)
[    0.318524] alg: No test for stdrng (krng)
[    0.318619] async_tx: api initialized (async)
[    0.318773] Block layer SCSI generic (bsg) driver version 0.4 loaded (major 254)
[    0.318907] io scheduler noop registered
[    0.318995] io scheduler anticipatory registered
[    0.319089] io scheduler deadline registered
[    0.319220] io scheduler cfq registered (default)
[    0.319473] pcieport 0000:00:1c.0: irq 24 for MSI/MSI-X
[    0.319492] pcieport 0000:00:1c.0: setting latency timer to 64
[    0.319675] pcieport 0000:00:1c.1: irq 25 for MSI/MSI-X
[    0.319687] pcieport 0000:00:1c.1: setting latency timer to 64
[    0.319862] pcieport 0000:00:1c.2: irq 26 for MSI/MSI-X
[    0.319888] pcieport 0000:00:1c.2: setting latency timer to 64
[    0.320066] pcieport 0000:00:1c.3: irq 27 for MSI/MSI-X
[    0.320083] pcieport 0000:00:1c.3: setting latency timer to 64
[    0.320265] pcieport 0000:00:1c.4: irq 28 for MSI/MSI-X
[    0.320277] pcieport 0000:00:1c.4: setting latency timer to 64
[    0.320420] pci_hotplug: PCI Hot Plug PCI Core version: 0.5
[    0.320625] isapnp: Scanning for PnP cards...
[    0.681153] isapnp: No Plug & Play device found
[    0.681243] random 0000 0000 0000 5f8db4e5 4cfdf2a8: initializing
[    0.700733] Serial: 8250/16550 driver, 4 ports, IRQ sharing enabled
[    3.712188] floppy0: no floppy controllers found
[    3.713137] brd: module loaded
[    3.713646] loop: module loaded
[    3.713730] Compaq SMART2 Driver (v 2.6.0)
[    3.713858] HP CISS Driver (v 3.6.20)
[    3.714102] input: Macintosh mouse button emulation as /devices/virtual/input/input0
[    3.714253] Uniform Multi-Platform E-IDE driver
[    3.714479] piix 0000:00:1f.1: IDE controller (0x8086:0x2850 rev 0x03)
[    3.714582] pci 0000:00:1f.1: PCI INT C -> GSI 16 (level, low) -> IRQ 16
[    3.714684] piix 0000:00:1f.1: IDE port disabled
[    3.714784] piix 0000:00:1f.1: not 100% native mode: will probe irqs later
[    3.714886]     ide0: BM-DMA at 0x1c00-0x1c07
[    3.714982] Probing IDE interface ide0...
[    4.386467] hda: HL-DT-ST DVDRAM GSA-U10N, ATAPI CD/DVD-ROM drive
[    4.693306] hda: host max PIO4 wanted PIO255(auto-tune) selected PIO4
[    4.694082] hda: UDMA/33 mode selected
[    4.694547] ide0 at 0x1f0-0x1f7,0x3f6 on irq 14
[    4.698476] ide-gd driver 1.18
[    4.698581] ide-cd driver 5.00
[    4.699974] ide-cd: hda: ATAPI 24X DVD-ROM DVD-R/RAM CD-R/RW drive, 2048kB Cache
[    4.700439] Uniform CD-ROM driver Revision: 3.20
[    4.707468] Loading iSCSI transport class v2.0-870.
[    4.707754] rdac: device handler registered
[    4.707846] hp_sw: device handler registered
[    4.707940] emc: device handler registered
[    4.708024] alua: device handler registered
[    4.709015] Adaptec aacraid driver 1.1-5[2461]-ms
[    4.709430] scsi: <fdomain> Detection failed (no card)
[    4.709525] sym53c416.c: Version 1.0.0-ac
[    4.709633] qlogicfas: no cards were found, please specify I/O address and IRQ using iobase= and irq= options
[    4.709757] QLogic Fibre Channel HBA Driver: 8.03.01-k6
[    4.709989] iscsi: registered transport (qla4xxx)
[    4.710097] QLogic iSCSI HBA Driver
[    4.710183] Emulex LightPulse Fibre Channel SCSI driver 8.3.4
[    4.710280] Copyright(c) 2004-2009 Emulex.  All rights reserved.
[    4.732296] Failed initialization of WD-7000 SCSI card!
[    4.821361] DC390: clustering now enabled by default. If you get problems load
[    4.821491]        with "disable_clustering=1" and report to maintainers
[    4.821638] megaraid cmm: 2.20.2.7 (Release Date: Sun Jul 16 00:01:03 EST 2006)
[    4.821791] megaraid: 2.20.5.1 (Release Date: Thu Nov 16 15:32:35 EST 2006)
[    4.821901] megasas: 00.00.04.01 Thu July 24 11:41:51 PST 2008
[    4.822036] GDT-HA: Storage RAID Controller Driver. Version: 3.05
[    4.822184] 3ware Storage Controller device driver for Linux v1.26.02.002.
[    4.822306] 3ware 9000 Storage Controller device driver for Linux v2.26.02.012.
[    4.822462] nsp32: loading...
[    4.822568] ipr: IBM Power RAID SCSI Device Driver version: 2.4.3 (June 10, 2009)
[    4.822712] RocketRAID 3xxx/4xxx Controller driver v1.6 (090910)
[    4.822823] stex: Promise SuperTrak EX Driver version: 4.6.0000.3
[    4.822956] st: Version 20081215, fixed bufsize 32768, s/g segs 256
[    4.823148] ahci 0000:00:1f.2: version 3.0
[    4.823161] ahci 0000:00:1f.2: PCI INT B -> GSI 16 (level, low) -> IRQ 16
[    4.823310] ahci 0000:00:1f.2: irq 29 for MSI/MSI-X
[    4.823367] ahci 0000:00:1f.2: AHCI 0001.0100 32 slots 3 ports 1.5 Gbps 0x5 impl SATA mode
[    4.823490] ahci 0000:00:1f.2: flags: 64bit ncq sntf pm led clo pio slum part ccc 
[    4.823622] ahci 0000:00:1f.2: setting latency timer to 64
[    4.823765] scsi2 : ahci
[    4.823933] scsi3 : ahci
[    4.824074] scsi4 : ahci
[    4.824242] ata1: SATA max UDMA/133 abar m2048@0xfe226000 port 0xfe226100 irq 29
[    4.824382] ata2: DUMMY
[    4.824476] ata3: SATA max UDMA/133 abar m2048@0xfe226000 port 0xfe226200 irq 29
[    4.825087] I2O subsystem v1.325
[    4.825174] i2o: max drivers = 8
[    4.825336] I2O Configuration OSM v1.323
[    4.825447] I2O Bus Adapter OSM v1.317
[    4.825552] I2O Block Device OSM v1.325
[    4.825702] I2O SCSI Peripheral OSM v1.316
[    4.825814] I2O ProcFS OSM v1.316
[    4.825918] Fusion MPT base driver 3.04.12
[    4.826005] Copyright (c) 1999-2008 LSI Corporation
[    4.826101] Fusion MPT SPI Host driver 3.04.12
[    4.826218] Fusion MPT FC Host driver 3.04.12
[    4.826379] Fusion MPT SAS Host driver 3.04.12
[    4.826529] ohci1394 0000:15:00.1: PCI INT B -> GSI 17 (level, low) -> IRQ 17
[    4.826623] ohci1394 0000:15:00.1: setting latency timer to 64
[    4.880331] ohci1394: fw-host0: OHCI-1394 1.1 (PCI): IRQ=[17]  MMIO=[f8301000-f83017ff]  Max Packet=[2048]  IR/IT contexts=[4/4]
[    4.883603] ehci_hcd: USB 2.0 'Enhanced' Host Controller (EHCI) Driver
[    4.883886] ehci_hcd 0000:00:1a.7: power state changed by ACPI to D0
[    4.884152] ehci_hcd 0000:00:1a.7: power state changed by ACPI to D0
[    4.884261] ehci_hcd 0000:00:1a.7: PCI INT C -> GSI 22 (level, low) -> IRQ 22
[    4.884373] ehci_hcd 0000:00:1a.7: setting latency timer to 64
[    4.884378] ehci_hcd 0000:00:1a.7: EHCI Host Controller
[    4.884515] ehci_hcd 0000:00:1a.7: new USB bus registered, assigned bus number 1
[    4.888567] ehci_hcd 0000:00:1a.7: cache line size of 32 is not supported
[    4.888574] ehci_hcd 0000:00:1a.7: irq 22, io mem 0xfe226c00
[    4.898295] ehci_hcd 0000:00:1a.7: USB 2.0 started, EHCI 1.00
[    4.898406] usb usb1: New USB device found, idVendor=1d6b, idProduct=0002
[    4.898507] usb usb1: New USB device strings: Mfr=3, Product=2, SerialNumber=1
[    4.898629] usb usb1: Product: EHCI Host Controller
[    4.898724] usb usb1: Manufacturer: Linux 2.6.32.57 ehci_hcd
[    4.898822] usb usb1: SerialNumber: 0000:00:1a.7
[    4.898970] usb usb1: configuration #1 chosen from 1 choice
[    4.899089] hub 1-0:1.0: USB hub found
[    4.899182] hub 1-0:1.0: 4 ports detected
[    4.899496] ehci_hcd 0000:00:1d.7: power state changed by ACPI to D0
[    4.899731] ehci_hcd 0000:00:1d.7: power state changed by ACPI to D0
[    4.899828] ehci_hcd 0000:00:1d.7: PCI INT D -> GSI 19 (level, low) -> IRQ 19
[    4.899934] ehci_hcd 0000:00:1d.7: setting latency timer to 64
[    4.899939] ehci_hcd 0000:00:1d.7: EHCI Host Controller
[    4.900068] ehci_hcd 0000:00:1d.7: new USB bus registered, assigned bus number 2
[    4.900228] ehci_hcd 0000:00:1d.7: debug port 1
[    4.904219] ehci_hcd 0000:00:1d.7: cache line size of 32 is not supported
[    4.904227] ehci_hcd 0000:00:1d.7: irq 19, io mem 0xfe227000
[    4.914297] ehci_hcd 0000:00:1d.7: USB 2.0 started, EHCI 1.00
[    4.914405] usb usb2: New USB device found, idVendor=1d6b, idProduct=0002
[    4.914494] usb usb2: New USB device strings: Mfr=3, Product=2, SerialNumber=1
[    4.914612] usb usb2: Product: EHCI Host Controller
[    4.914712] usb usb2: Manufacturer: Linux 2.6.32.57 ehci_hcd
[    4.914807] usb usb2: SerialNumber: 0000:00:1d.7
[    4.914952] usb usb2: configuration #1 chosen from 1 choice
[    4.915074] hub 2-0:1.0: USB hub found
[    4.915164] hub 2-0:1.0: 6 ports detected
[    4.915344] 116x: driver isp116x-hcd, 03 Nov 2005
[    4.915449] ohci_hcd: USB 1.1 'Open' Host Controller (OHCI) Driver
[    4.915569] uhci_hcd: USB Universal Host Controller Interface driver
[    4.915676] uhci_hcd 0000:00:1a.0: PCI INT A -> GSI 20 (level, low) -> IRQ 20
[    4.915772] uhci_hcd 0000:00:1a.0: setting latency timer to 64
[    4.915774] uhci_hcd 0000:00:1a.0: UHCI Host Controller
[    4.915906] uhci_hcd 0000:00:1a.0: new USB bus registered, assigned bus number 3
[    4.916063] uhci_hcd 0000:00:1a.0: irq 20, io base 0x00001860
[    4.916183] usb usb3: New USB device found, idVendor=1d6b, idProduct=0001
[    4.916275] usb usb3: New USB device strings: Mfr=3, Product=2, SerialNumber=1
[    4.916409] usb usb3: Product: UHCI Host Controller
[    4.916498] usb usb3: Manufacturer: Linux 2.6.32.57 uhci_hcd
[    4.916596] usb usb3: SerialNumber: 0000:00:1a.0
[    4.916728] usb usb3: configuration #1 chosen from 1 choice
[    4.916850] hub 3-0:1.0: USB hub found
[    4.916943] hub 3-0:1.0: 2 ports detected
[    4.917300] uhci_hcd 0000:00:1a.1: power state changed by ACPI to D0
[    4.917552] uhci_hcd 0000:00:1a.1: power state changed by ACPI to D0
[    4.917654] uhci_hcd 0000:00:1a.1: PCI INT B -> GSI 21 (level, low) -> IRQ 21
[    4.917750] uhci_hcd 0000:00:1a.1: setting latency timer to 64
[    4.917753] uhci_hcd 0000:00:1a.1: UHCI Host Controller
[    4.917890] uhci_hcd 0000:00:1a.1: new USB bus registered, assigned bus number 4
[    4.918041] uhci_hcd 0000:00:1a.1: irq 21, io base 0x00001880
[    4.918155] usb usb4: New USB device found, idVendor=1d6b, idProduct=0001
[    4.918250] usb usb4: New USB device strings: Mfr=3, Product=2, SerialNumber=1
[    4.918385] usb usb4: Product: UHCI Host Controller
[    4.918474] usb usb4: Manufacturer: Linux 2.6.32.57 uhci_hcd
[    4.918561] usb usb4: SerialNumber: 0000:00:1a.1
[    4.918698] usb usb4: configuration #1 chosen from 1 choice
[    4.918816] hub 4-0:1.0: USB hub found
[    4.918906] hub 4-0:1.0: 2 ports detected
[    4.919211] uhci_hcd 0000:00:1d.0: power state changed by ACPI to D0
[    4.919461] uhci_hcd 0000:00:1d.0: power state changed by ACPI to D0
[    4.919557] uhci_hcd 0000:00:1d.0: PCI INT A -> GSI 16 (level, low) -> IRQ 16
[    4.919669] uhci_hcd 0000:00:1d.0: setting latency timer to 64
[    4.919673] uhci_hcd 0000:00:1d.0: UHCI Host Controller
[    4.919804] uhci_hcd 0000:00:1d.0: new USB bus registered, assigned bus number 5
[    4.919954] uhci_hcd 0000:00:1d.0: irq 16, io base 0x000018a0
[    4.920068] usb usb5: New USB device found, idVendor=1d6b, idProduct=0001
[    4.920163] usb usb5: New USB device strings: Mfr=3, Product=2, SerialNumber=1
[    4.920283] usb usb5: Product: UHCI Host Controller
[    4.920381] usb usb5: Manufacturer: Linux 2.6.32.57 uhci_hcd
[    4.920478] usb usb5: SerialNumber: 0000:00:1d.0
[    4.920611] usb usb5: configuration #1 chosen from 1 choice
[    4.920733] hub 5-0:1.0: USB hub found
[    4.920823] hub 5-0:1.0: 2 ports detected
[    4.920964] uhci_hcd 0000:00:1d.1: PCI INT B -> GSI 17 (level, low) -> IRQ 17
[    4.921064] uhci_hcd 0000:00:1d.1: setting latency timer to 64
[    4.921069] uhci_hcd 0000:00:1d.1: UHCI Host Controller
[    4.921190] uhci_hcd 0000:00:1d.1: new USB bus registered, assigned bus number 6
[    4.921352] uhci_hcd 0000:00:1d.1: irq 17, io base 0x000018c0
[    4.921467] usb usb6: New USB device found, idVendor=1d6b, idProduct=0001
[    4.921556] usb usb6: New USB device strings: Mfr=3, Product=2, SerialNumber=1
[    4.921678] usb usb6: Product: UHCI Host Controller
[    4.921766] usb usb6: Manufacturer: Linux 2.6.32.57 uhci_hcd
[    4.921860] usb usb6: SerialNumber: 0000:00:1d.1
[    4.921992] usb usb6: configuration #1 chosen from 1 choice
[    4.922117] hub 6-0:1.0: USB hub found
[    4.922203] hub 6-0:1.0: 2 ports detected
[    4.922509] uhci_hcd 0000:00:1d.2: power state changed by ACPI to D0
[    4.922745] uhci_hcd 0000:00:1d.2: power state changed by ACPI to D0
[    4.922840] uhci_hcd 0000:00:1d.2: PCI INT C -> GSI 18 (level, low) -> IRQ 18
[    4.922934] uhci_hcd 0000:00:1d.2: setting latency timer to 64
[    4.922939] uhci_hcd 0000:00:1d.2: UHCI Host Controller
[    4.923069] uhci_hcd 0000:00:1d.2: new USB bus registered, assigned bus number 7
[    4.923228] uhci_hcd 0000:00:1d.2: irq 18, io base 0x000018e0
[    4.923357] usb usb7: New USB device found, idVendor=1d6b, idProduct=0001
[    4.923451] usb usb7: New USB device strings: Mfr=3, Product=2, SerialNumber=1
[    4.923577] usb usb7: Product: UHCI Host Controller
[    4.923673] usb usb7: Manufacturer: Linux 2.6.32.57 uhci_hcd
[    4.923764] usb usb7: SerialNumber: 0000:00:1d.2
[    4.924563] usb usb7: configuration #1 chosen from 1 choice
[    4.924682] hub 7-0:1.0: USB hub found
[    4.924786] hub 7-0:1.0: 2 ports detected
[    4.924954] sl811: driver sl811-hcd, 19 May 2005
[    4.925059] r8a66597_hcd: driver r8a66597_hcd, 2009-05-26
[    4.925235] Initializing USB Mass Storage driver...
[    4.925376] usbcore: registered new interface driver usb-storage
[    4.925464] USB Mass Storage support registered.
[    4.925577] usbcore: registered new interface driver ums-alauda
[    4.925684] usbcore: registered new interface driver ums-cypress
[    4.925792] usbcore: registered new interface driver ums-datafab
[    4.925910] usbcore: registered new interface driver ums-freecom
[    4.926019] usbcore: registered new interface driver ums-isd200
[    4.926128] usbcore: registered new interface driver ums-jumpshot
[    4.926238] usbcore: registered new interface driver ums-karma
[    4.926359] usbcore: registered new interface driver ums-onetouch
[    4.926471] usbcore: registered new interface driver ums-sddr09
[    4.926581] usbcore: registered new interface driver ums-sddr55
[    4.926694] usbcore: registered new interface driver ums-usbat
[    4.926837] PNP: PS/2 Controller [PNP0303:KBD,PNP0f13:MOU] at 0x60,0x64 irq 1,12
[    4.935272] serio: i8042 KBD port at 0x60,0x64 irq 1
[    4.935363] serio: i8042 AUX port at 0x60,0x64 irq 12
[    4.935610] mice: PS/2 mouse device common for all mice
[    4.935730] i2c /dev entries driver
[    4.935859] md: linear personality registered for level -1
[    4.935961] md: raid0 personality registered for level 0
[    4.936061] md: raid1 personality registered for level 1
[    4.936154] md: raid10 personality registered for level 10
[    4.936243] md: raid6 personality registered for level 6
[    4.936351] md: raid5 personality registered for level 5
[    4.936449] md: raid4 personality registered for level 4
[    4.936537] md: multipath personality registered for level -4
[    4.936742] device-mapper: ioctl: 4.15.0-ioctl (2009-04-01) initialised: dm-devel@redhat.com
[    4.936945] cpuidle: using governor ladder
[    4.937560] usbcore: registered new interface driver usbhid
[    4.937651] usbhid: v2.6:USB HID core driver
[    4.937791] random 0000 0000 0000 00000000 00000000: rand_read_num 4 get_random_bytes(136): sig 00000000 00000000 00000000
[    4.937794] random 0000 0000 0000 00000000 00000000: extract_entropy(.. 136 ..)
[    4.937797] random 0000 0000 0000 00000000 00000000: going to reseed nonblocking with 1024 bits (1088 of 0 requested)
[    4.937799] random 0000 0000 0000 00000000 00000000: extract_entropy(.. 128 ..)
[    4.937801] random 0000 0000 0000 00000000 00000000: trying to extract 1024 bits from input
[    4.937803] random 0000 0000 0000 00000000 00000000: debiting 0 entropy credits from input
[    4.937805] random 0000 0000 0000 00000000 00000000: extract_entropy account returned: 0 
[    4.937808] random 0000 0000 0000 00000000 00000000: urand_change_num 7 xfer_secondary_pool(136): pool_sig 00000000, data_sig 00000000, bytes_mixed 0 00000000 00000000
[    4.937811] random 0000 0000 0000 00000000 00000000: trying to extract 1088 bits from nonblocking
[    4.937814] random 0000 0000 0000 00000000 00000000: debiting 1088 entropy credits from nonblocking (unlimited)
[    4.937816] random 0000 0000 0000 00000000 00000000: extract_entropy account returned: 136 
[    4.937820] random 0000 0000 0000 00000000 00000000: urand_change_num 8 extract_buf: pool_sig 00000000, data_sig fffffff9, bytes_mixed 20 00000000 00000000
[    4.937825] random 0000 0000 0000 b7c35b56 be4dc95d: urand_change_num 9 extract_buf: pool_sig fffffd1e, data_sig 000000c5, bytes_mixed 20 b7c35b56 be4dc95d
[    4.937831] random 0000 0000 0000 ed9f5c47 c48487fb: urand_change_num 10 extract_buf: pool_sig fffff8ec, data_sig ffffff68, bytes_mixed 20 ed9f5c47 c48487fb
[    4.937836] random 0000 0000 0000 ed9f5c47 c48487fb: urand_change_num 11 extract_buf: pool_sig fffffaed, data_sig 000001aa, bytes_mixed 20 ed9f5c47 c48487fb
[    4.937841] random 0000 0000 0000 1b4f7c0a 91bd6a48: urand_change_num 12 extract_buf: pool_sig fffffdd8, data_sig 00000064, bytes_mixed 20 1b4f7c0a 91bd6a48
[    4.937846] random 0000 0000 0000 a254b9bc 20e9a24f: urand_change_num 13 extract_buf: pool_sig fffffbe6, data_sig 000001dd, bytes_mixed 20 a254b9bc 20e9a24f
[    4.937852] random 0000 0000 0000 a254b9bc 20e9a24f: urand_change_num 14 extract_buf: pool_sig fffff940, data_sig fffffe20, bytes_mixed 20 a254b9bc 20e9a24f
[    4.937857] random 0000 0000 0000 2831a66b 5fa2a3ad: urand_change_num 15 extract_buf: pool_sig fffffbce, data_sig 0000007e, bytes_mixed 20 2831a66b 5fa2a3ad
[    4.937862] random 0000 0000 0000 2831a66b 5fa2a3ad: urand_change_num 16 extract_buf: pool_sig 000004df, data_sig fffffe8f, bytes_mixed 20 2831a66b 5fa2a3ad
[    4.937867] random 0000 0000 0000 d4512bfd c9a54e0b: urand_change_num 17 extract_buf: pool_sig 00000485, data_sig fffffe68, bytes_mixed 20 d4512bfd c9a54e0b
[    4.937872] random 0000 0000 0000 c7371be6 f9ffea11: urand_change_num 18 extract_buf: pool_sig 00000095, data_sig ffffffed, bytes_mixed 20 c7371be6 f9ffea11
[    4.937877] random 0000 0000 0000 c7371be6 f9ffea11: urand_change_num 19 extract_buf: pool_sig 000003a7, data_sig fffffefa, bytes_mixed 20 c7371be6 f9ffea11
[    4.937882] random 0000 0000 0000 8fb4b62c d1ddba54: urand_change_num 20 extract_buf: pool_sig 00000179, data_sig ffffff78, bytes_mixed 20 8fb4b62c d1ddba54
[    4.937887] random 0000 0000 0000 9ff19f9c c07a1d2a: urand_change_num 21 extract_buf: pool_sig fffffe88, data_sig 00000126, bytes_mixed 20 9ff19f9c c07a1d2a
[    4.937891] TCP cubic registered
[    4.937978] Initializing XFRM netlink socket
[    4.938076] NET: Registered protocol family 17
[    4.938177] Using IPI Shortcut mode
[    4.938264] random 0000 0000 0000 9ff19f9c c07a1d2a: rand_read_num 5 get_random_bytes(8): sig 0000031b 9ff19f9c c07a1d2a
[    4.938266] random 0000 0000 0000 9ff19f9c c07a1d2a: extract_entropy(.. 8 ..)
[    4.938268] random 0000 0000 0000 9ff19f9c c07a1d2a: going to reseed nonblocking with 64 bits (64 of 0 requested)
[    4.938271] random 0000 0000 0000 9ff19f9c c07a1d2a: extract_entropy(.. 8 ..)
[    4.938272] random 0000 0000 0000 9ff19f9c c07a1d2a: trying to extract 64 bits from input
[    4.938275] random 0000 0000 0000 9ff19f9c c07a1d2a: debiting 0 entropy credits from input
[    4.938277] random 0000 0000 0000 9ff19f9c c07a1d2a: extract_entropy account returned: 0 
[    4.938280] random 0000 0000 0000 9ff19f9c c07a1d2a: urand_change_num 22 xfer_secondary_pool(8): pool_sig 0000031b, data_sig 00000000, bytes_mixed 0 9ff19f9c c07a1d2a
[    4.938283] random 0000 0000 0000 9ff19f9c c07a1d2a: trying to extract 64 bits from nonblocking
[    4.938285] random 0000 0000 0000 9ff19f9c c07a1d2a: debiting 64 entropy credits from nonblocking (unlimited)
[    4.938287] random 0000 0000 0000 9ff19f9c c07a1d2a: extract_entropy account returned: 8 
[    4.938291] random 0000 0000 0000 9ff19f9c c07a1d2a: urand_change_num 23 extract_buf: pool_sig 0000031b, data_sig ffffffb3, bytes_mixed 20 9ff19f9c c07a1d2a
[    4.940826] input: AT Translated Set 2 keyboard as /devices/platform/i8042/serio0/input/input1
[    5.130330] ata1: SATA link up 1.5 Gbps (SStatus 113 SControl 300)
[    5.130444] ata3: SATA link down (SStatus 0 SControl 300)
[    5.132550] ata1.00: ACPI cmd ef/02:00:00:00:00:a0 (SET FEATURES) succeeded
[    5.132553] ata1.00: ACPI cmd f5/00:00:00:00:00:a0 (SECURITY FREEZE LOCK) filtered out
[    5.133939] ata1.00: ACPI cmd ef/5f:00:00:00:00:a0 (SET FEATURES) succeeded
[    5.133942] ata1.00: ACPI cmd ef/10:03:00:00:00:a0 (SET FEATURES) filtered out
[    5.135853] ata1.00: ATA-7: ST910021AS, 4.06, max UDMA/100
[    5.135942] ata1.00: 195371568 sectors, multi 16: LBA48 
[    5.138094] ata1.00: ACPI cmd ef/02:00:00:00:00:a0 (SET FEATURES) succeeded
[    5.138096] ata1.00: ACPI cmd f5/00:00:00:00:00:a0 (SECURITY FREEZE LOCK) filtered out
[    5.139487] ata1.00: ACPI cmd ef/5f:00:00:00:00:a0 (SET FEATURES) succeeded
[    5.139489] ata1.00: ACPI cmd ef/10:03:00:00:00:a0 (SET FEATURES) filtered out
[    5.141416] ata1.00: configured for UDMA/100
[    5.152382] scsi 2:0:0:0: Direct-Access     ATA      ST910021AS       4.06 PQ: 0 ANSI: 5
[    5.152663] sd 2:0:0:0: [sda] 195371568 512-byte logical blocks: (100 GB/93.1 GiB)
[    5.152807] sd 2:0:0:0: [sda] Write Protect is off
[    5.152907] sd 2:0:0:0: [sda] Mode Sense: 00 3a 00 00
[    5.152919] sd 2:0:0:0: [sda] Write cache: enabled, read cache: enabled, doesn't support DPO or FUA
[    5.153108]  sda:
[    5.217327] usb 2-1: new high speed USB device using ehci_hcd and address 2
[    5.366564] usb 2-1: New USB device found, idVendor=0e8d, idProduct=1806
[    5.366653] usb 2-1: New USB device strings: Mfr=1, Product=2, SerialNumber=3
[    5.366744] usb 2-1: Product: MT1806 
[    5.366830] usb 2-1: Manufacturer: MediaTek Inc
[    5.366919] usb 2-1: SerialNumber: R8KN6GAC800AEB 
[    5.367055] usb 2-1: configuration #1 chosen from 1 choice
[    5.373359] scsi5 : SCSI emulation for USB Mass Storage devices
[    5.373528] usb-storage: device found at 2
[    5.373530] usb-storage: waiting for device to settle before scanning
[    5.581876]  sda1 sda2
[    5.582598] sd 2:0:0:0: [sda] Attached SCSI disk
[    5.582691] random 0000 0000 0000 277f73c3 42024bb9: rand_read_num 6 get_random_bytes(12): sig 000007e9 277f73c3 42024bb9
[    5.582694] random 0000 0000 0000 277f73c3 42024bb9: extract_entropy(.. 12 ..)
[    5.582696] random 0000 0000 0000 277f73c3 42024bb9: going to reseed nonblocking with 96 bits (96 of 0 requested)
[    5.582698] random 0000 0000 0000 277f73c3 42024bb9: extract_entropy(.. 12 ..)
[    5.582700] random 0000 0000 0000 277f73c3 42024bb9: trying to extract 96 bits from input
[    5.582702] random 0000 0000 0000 277f73c3 42024bb9: debiting 0 entropy credits from input
[    5.582704] random 0000 0000 0000 277f73c3 42024bb9: extract_entropy account returned: 0 
[    5.582707] random 0000 0000 0000 277f73c3 42024bb9: urand_change_num 24 xfer_secondary_pool(12): pool_sig 000007e9, data_sig 00000000, bytes_mixed 0 277f73c3 42024bb9
[    5.582710] random 0000 0000 0000 277f73c3 42024bb9: trying to extract 96 bits from nonblocking
[    5.582713] random 0000 0000 0000 277f73c3 42024bb9: debiting 96 entropy credits from nonblocking (unlimited)
[    5.582715] random 0000 0000 0000 277f73c3 42024bb9: extract_entropy account returned: 12 
[    5.582719] random 0000 0000 0000 277f73c3 42024bb9: urand_change_num 25 extract_buf: pool_sig 000007e9, data_sig 00000088, bytes_mixed 20 277f73c3 42024bb9
[    5.582724] random 0000 0000 0000 277f73c3 42024bb9: urand_change_num 26 extract_buf: pool_sig 00000498, data_sig fffffefb, bytes_mixed 20 277f73c3 42024bb9
[    5.582727] RANDOM - __seed init called.
[    5.582728] RANDOM - __seed init called.
[    5.582729] RANDOM - __seed init called.
[    5.582731] RANDOM - __random32 called. Change num 12.  Value: 87f14767	f0d7351	b1e48bd3
[    5.582732] RANDOM - random32_reseed called.  Value: 87f14767	f0d7351	b1e48bd3
[    5.582735] Pid: 1, comm: swapper Not tainted 2.6.32.57 #3
[    5.582825] Call Trace:
[    5.582923]  [<c1923ca4>] ? random32_reseed+0xa0/0xb1
[    5.583012]  [<c1923c04>] ? random32_reseed+0x0/0xb1
[    5.583100]  [<c100111e>] ? do_one_initcall+0x2e/0x180
[    5.583190]  [<c1907265>] ? kernel_init+0xad/0x103
[    5.583285]  [<c19071b8>] ? kernel_init+0x0/0x103
[    5.583385]  [<c1003787>] ? kernel_thread_helper+0x7/0x10
[    5.583910] random 0000 0000 0000 386b4e60 ee4d4880: rand_read_num 7 get_random_bytes(64): sig fffffea5 386b4e60 ee4d4880
[    5.583912] random 0000 0000 0000 386b4e60 ee4d4880: extract_entropy(.. 64 ..)
[    5.583914] random 0000 0000 0000 386b4e60 ee4d4880: going to reseed nonblocking with 512 bits (512 of 0 requested)
[    5.583916] random 0000 0000 0000 386b4e60 ee4d4880: extract_entropy(.. 64 ..)
[    5.583918] random 0000 0000 0000 386b4e60 ee4d4880: trying to extract 512 bits from input
[    5.583920] random 0000 0000 0000 386b4e60 ee4d4880: debiting 0 entropy credits from input
[    5.583922] random 0000 0000 0000 386b4e60 ee4d4880: extract_entropy account returned: 0 
[    5.583925] random 0000 0000 0000 386b4e60 ee4d4880: urand_change_num 27 xfer_secondary_pool(64): pool_sig fffffea5, data_sig 00000000, bytes_mixed 0 386b4e60 ee4d4880
[    5.583928] random 0000 0000 0000 386b4e60 ee4d4880: trying to extract 512 bits from nonblocking
[    5.583931] random 0000 0000 0000 386b4e60 ee4d4880: debiting 512 entropy credits from nonblocking (unlimited)
[    5.583933] random 0000 0000 0000 386b4e60 ee4d4880: extract_entropy account returned: 64 
[    5.583937] random 0000 0000 0000 386b4e60 ee4d4880: urand_change_num 28 extract_buf: pool_sig fffffea5, data_sig 00000173, bytes_mixed 20 386b4e60 ee4d4880
[    5.583942] random 0000 0000 0000 412698f6 0cc8689a: urand_change_num 29 extract_buf: pool_sig 00000122, data_sig ffffff63, bytes_mixed 20 412698f6 0cc8689a
[    5.583947] random 0000 0000 0000 412698f6 0cc8689a: urand_change_num 30 extract_buf: pool_sig 000001f7, data_sig 00000012, bytes_mixed 20 412698f6 0cc8689a
[    5.583953] random 0000 0000 0000 9669941e 06f768b1: urand_change_num 31 extract_buf: pool_sig fffffb5b, data_sig 0000003f, bytes_mixed 20 9669941e 06f768b1
[    5.583958] random 0000 0000 0000 98486520 995551f0: urand_change_num 32 extract_buf: pool_sig fffffb39, data_sig 0000000e, bytes_mixed 20 98486520 995551f0
[    5.583963] random 0000 0000 0000 98486520 995551f0: urand_change_num 33 extract_buf: pool_sig fffffd8d, data_sig 000001a6, bytes_mixed 20 98486520 995551f0
[    5.583968] random 0000 0000 0000 61fc8914 d5882ed2: urand_change_num 34 extract_buf: pool_sig fffffa58, data_sig 0000023e, bytes_mixed 20 61fc8914 d5882ed2
[    5.583998] random 0000 0000 0000 61fc8914 d5882ed2: rand_read_num 8 get_random_bytes(64): sig fffff9ee 61fc8914 d5882ed2
[    5.584000] random 0000 0000 0000 61fc8914 d5882ed2: extract_entropy(.. 64 ..)
[    5.584002] random 0000 0000 0000 61fc8914 d5882ed2: going to reseed nonblocking with 512 bits (512 of 0 requested)
[    5.584005] random 0000 0000 0000 61fc8914 d5882ed2: extract_entropy(.. 64 ..)
[    5.584007] random 0000 0000 0000 61fc8914 d5882ed2: trying to extract 512 bits from input
[    5.584009] random 0000 0000 0000 61fc8914 d5882ed2: debiting 0 entropy credits from input
[    5.584011] random 0000 0000 0000 61fc8914 d5882ed2: extract_entropy account returned: 0 
[    5.584014] random 0000 0000 0000 61fc8914 d5882ed2: urand_change_num 35 xfer_secondary_pool(64): pool_sig fffff9ee, data_sig 00000000, bytes_mixed 0 61fc8914 d5882ed2
[    5.584016] random 0000 0000 0000 61fc8914 d5882ed2: trying to extract 512 bits from nonblocking
[    5.584019] random 0000 0000 0000 61fc8914 d5882ed2: debiting 512 entropy credits from nonblocking (unlimited)
[    5.584021] random 0000 0000 0000 61fc8914 d5882ed2: extract_entropy account returned: 64 
[    5.584025] random 0000 0000 0000 61fc8914 d5882ed2: urand_change_num 36 extract_buf: pool_sig fffff9ee, data_sig ffffff85, bytes_mixed 20 61fc8914 d5882ed2
[    5.584030] random 0000 0000 0000 70cfd302 e5edec11: urand_change_num 37 extract_buf: pool_sig fffffdc1, data_sig ffffffde, bytes_mixed 20 70cfd302 e5edec11
[    5.584035] random 0000 0000 0000 00dab838 eafd2b30: urand_change_num 38 extract_buf: pool_sig 000003da, data_sig ffffff61, bytes_mixed 20 00dab838 eafd2b30
[    5.584041] random 0000 0000 0000 00dab838 eafd2b30: urand_change_num 39 extract_buf: pool_sig 00000314, data_sig 00000121, bytes_mixed 20 00dab838 eafd2b30
[    5.584046] random 0000 0000 0000 5fcdf66a 6442b608: urand_change_num 40 extract_buf: pool_sig 0000028b, data_sig fffffefd, bytes_mixed 20 5fcdf66a 6442b608
[    5.584051] random 0000 0000 0000 61333f6b 8fae0f9b: urand_change_num 41 extract_buf: pool_sig 000000cb, data_sig 000000b3, bytes_mixed 20 61333f6b 8fae0f9b
[    5.584056] random 0000 0000 0000 61333f6b 8fae0f9b: urand_change_num 42 extract_buf: pool_sig fffffef8, data_sig 00000051, bytes_mixed 20 61333f6b 8fae0f9b
[    5.584059] BEGIN NET_SECRET:
[    5.584060] \xffffffe0
[    5.584061] \xffffffb6
[    5.584062] \x36
[    5.584063] \xffffffb5
[    5.584063] \xffffff94
[    5.584064] \xffffffb2
[    5.584065] \xffffffa8
[    5.584066] \xffffffda
[    5.584067] \x5b
[    5.584067] \x19
[    5.584068] \x18
[    5.584069] \x5c
[    5.584069] \x2b
[    5.584070] \x1
[    5.584071] \xffffff90
[    5.584072] \x19
[    5.584073] \x3c
[    5.584073] \xfffffff2
[    5.584074] \xffffff82
[    5.584075] \x2a
[    5.584076] \xffffffb3
[    5.584076] \xffffffa2
[    5.584077] \x3f
[    5.584078] \x5
[    5.584079] \x52
[    5.584079] \x77
[    5.584080] \x57
[    5.584081] \x79
[    5.584081] \x16
[    5.584082] \x43
[    5.584083] \xffffff84
[    5.584084] \xffffffc3
[    5.584085] \xffffffe9
[    5.584085] \x79
[    5.584086] \x50
[    5.584087] \xffffff8e
[    5.584088] \x3f
[    5.584088] \xfffffff3
[    5.584089] \x19
[    5.584090] \x2a
[    5.584091] \xfffffffd
[    5.584091] \xfffffffb
[    5.584092] \x62
[    5.584093] \x3c
[    5.584094] \xffffffac
[    5.584094] \x1c
[    5.584095] \x3b
[    5.584096] \x3b
[    5.584097] \x15
[    5.584097] \x27
[    5.584098] \xffffffa8
[    5.584099] \x22
[    5.584100] \xffffffc5
[    5.584100] \xffffff9a
[    5.584101] \x5
[    5.584102] \x6c
[    5.584103] \xffffffa8
[    5.584103] \x3a
[    5.584104] \x44
[    5.584105] \xffffffaf
[    5.584105] \x13
[    5.584106] \xffffffe0
[    5.584107] \xffffff9d
[    5.584108] \x22
[    5.584109] 
[    5.584109] END NET_SECRET
[    5.584112] random 0000 0000 0000 e7f555d9 e8ce5c3c: rand_read_num 9 get_random_bytes(4): sig 0000068c e7f555d9 e8ce5c3c
[    5.584114] random 0000 0000 0000 e7f555d9 e8ce5c3c: extract_entropy(.. 4 ..)
[    5.584116] random 0000 0000 0000 e7f555d9 e8ce5c3c: going to reseed nonblocking with 64 bits (32 of 0 requested)
[    5.584118] random 0000 0000 0000 e7f555d9 e8ce5c3c: extract_entropy(.. 8 ..)
[    5.584120] random 0000 0000 0000 e7f555d9 e8ce5c3c: trying to extract 64 bits from input
[    5.584122] random 0000 0000 0000 e7f555d9 e8ce5c3c: debiting 0 entropy credits from input
[    5.584124] random 0000 0000 0000 e7f555d9 e8ce5c3c: extract_entropy account returned: 0 
[    5.584127] random 0000 0000 0000 e7f555d9 e8ce5c3c: urand_change_num 43 xfer_secondary_pool(4): pool_sig 0000068c, data_sig 00000000, bytes_mixed 0 e7f555d9 e8ce5c3c
[    5.584130] random 0000 0000 0000 e7f555d9 e8ce5c3c: trying to extract 32 bits from nonblocking
[    5.584132] random 0000 0000 0000 e7f555d9 e8ce5c3c: debiting 32 entropy credits from nonblocking (unlimited)
[    5.584135] random 0000 0000 0000 e7f555d9 e8ce5c3c: extract_entropy account returned: 4 
[    5.584139] random 0000 0000 0000 e7f555d9 e8ce5c3c: urand_change_num 44 extract_buf: pool_sig 0000068c, data_sig fffffdcb, bytes_mixed 20 e7f555d9 e8ce5c3c
[    5.584150] md: Waiting for all devices to be available before autodetect
[    5.584242] md: If you don't use raid, use raid=noautodetect
[    5.584418] md: Autodetecting RAID arrays.
[    5.584515] md: Scanned 0 and added 0 devices.
[    5.584601] md: autorun ...
[    5.584685] md: ... autorun DONE.
[    5.614624] EXT3-fs: sda2: couldn't mount because of unsupported optional features (240).
[    5.614853] EXT2-fs: sda2: couldn't mount because of unsupported optional features (240).
[    5.616137] random 0000 0000 0000 e7f555d9 e8ce5c3c: rand_read_num 10 get_random_bytes(4): sig ffffff72 e7f555d9 e8ce5c3c
[    5.616140] random 0000 0000 0000 e7f555d9 e8ce5c3c: extract_entropy(.. 4 ..)
[    5.616142] random 0000 0000 0000 e7f555d9 e8ce5c3c: going to reseed nonblocking with 64 bits (32 of 0 requested)
[    5.616144] random 0000 0000 0000 e7f555d9 e8ce5c3c: extract_entropy(.. 8 ..)
[    5.616146] random 0000 0000 0000 e7f555d9 e8ce5c3c: trying to extract 64 bits from input
[    5.616149] random 0000 0000 0000 e7f555d9 e8ce5c3c: debiting 0 entropy credits from input
[    5.616150] random 0000 0000 0000 e7f555d9 e8ce5c3c: extract_entropy account returned: 0 
[    5.616154] random 0000 0000 0000 e7f555d9 e8ce5c3c: urand_change_num 45 xfer_secondary_pool(4): pool_sig ffffff72, data_sig 00000000, bytes_mixed 0 e7f555d9 e8ce5c3c
[    5.616157] random 0000 0000 0000 e7f555d9 e8ce5c3c: trying to extract 32 bits from nonblocking
[    5.616159] random 0000 0000 0000 e7f555d9 e8ce5c3c: debiting 32 entropy credits from nonblocking (unlimited)
[    5.616161] random 0000 0000 0000 e7f555d9 e8ce5c3c: extract_entropy account returned: 4 
[    5.616165] random 0000 0000 0000 e7f555d9 e8ce5c3c: urand_change_num 46 extract_buf: pool_sig ffffff72, data_sig ffffff72, bytes_mixed 20 e7f555d9 e8ce5c3c
[    5.644258] EXT4-fs (sda2): mounted filesystem with ordered data mode
[    5.644460] VFS: Mounted root (ext4 filesystem) readonly on device 8:2.
[    5.644565] Freeing unused kernel memory: 448k freed
[    5.723295] random 0000 0000 0000 91716c54 eeb6a1e7: rand_read_num 11 get_random_bytes(16): sig fffffcad 91716c54 eeb6a1e7
[    5.723298] random 0000 0000 0000 91716c54 eeb6a1e7: extract_entropy(.. 16 ..)
[    5.723300] random 0000 0000 0000 91716c54 eeb6a1e7: going to reseed nonblocking with 128 bits (128 of 0 requested)
[    5.723302] random 0000 0000 0000 91716c54 eeb6a1e7: extract_entropy(.. 16 ..)
[    5.723304] random 0000 0000 0000 91716c54 eeb6a1e7: trying to extract 128 bits from input
[    5.723307] random 0000 0000 0000 91716c54 eeb6a1e7: debiting 0 entropy credits from input
[    5.723309] random 0000 0000 0000 91716c54 eeb6a1e7: extract_entropy account returned: 0 
[    5.723312] random 0000 0000 0000 91716c54 eeb6a1e7: urand_change_num 47 xfer_secondary_pool(16): pool_sig fffffcad, data_sig 00000000, bytes_mixed 0 91716c54 eeb6a1e7
[    5.723315] random 0000 0000 0000 91716c54 eeb6a1e7: trying to extract 128 bits from nonblocking
[    5.723317] random 0000 0000 0000 91716c54 eeb6a1e7: debiting 128 entropy credits from nonblocking (unlimited)
[    5.723319] random 0000 0000 0000 91716c54 eeb6a1e7: extract_entropy account returned: 16 
[    5.723323] random 0000 0000 0000 91716c54 eeb6a1e7: urand_change_num 48 extract_buf: pool_sig fffffcad, data_sig ffffff19, bytes_mixed 20 91716c54 eeb6a1e7
[    5.723328] random 0000 0000 0000 fd637b06 6cf47bc1: urand_change_num 49 extract_buf: pool_sig fffffede, data_sig ffffffc1, bytes_mixed 20 fd637b06 6cf47bc1
[    5.810045] random 0000 0000 0000 fd637b06 6cf47bc1: rand_read_num 12 get_random_bytes(16): sig 0000033b fd637b06 6cf47bc1
[    5.810048] random 0000 0000 0000 fd637b06 6cf47bc1: extract_entropy(.. 16 ..)
[    5.810050] random 0000 0000 0000 fd637b06 6cf47bc1: going to reseed nonblocking with 128 bits (128 of 0 requested)
[    5.810053] random 0000 0000 0000 fd637b06 6cf47bc1: extract_entropy(.. 16 ..)
[    5.810055] random 0000 0000 0000 fd637b06 6cf47bc1: trying to extract 128 bits from input
[    5.810057] random 0000 0000 0000 fd637b06 6cf47bc1: debiting 0 entropy credits from input
[    5.810059] random 0000 0000 0000 fd637b06 6cf47bc1: extract_entropy account returned: 0 
[    5.810062] random 0000 0000 0000 fd637b06 6cf47bc1: urand_change_num 50 xfer_secondary_pool(16): pool_sig 0000033b, data_sig 00000000, bytes_mixed 0 fd637b06 6cf47bc1
[    5.810065] random 0000 0000 0000 fd637b06 6cf47bc1: trying to extract 128 bits from nonblocking
[    5.810067] random 0000 0000 0000 fd637b06 6cf47bc1: debiting 128 entropy credits from nonblocking (unlimited)
[    5.810069] random 0000 0000 0000 fd637b06 6cf47bc1: extract_entropy account returned: 16 
[    5.810074] random 0000 0000 0000 fd637b06 6cf47bc1: urand_change_num 51 extract_buf: pool_sig 0000033b, data_sig 000000d8, bytes_mixed 20 fd637b06 6cf47bc1
[    5.810079] random 0000 0000 0000 0ec1f012 d4727ca8: urand_change_num 52 extract_buf: pool_sig fffffcf5, data_sig 00000016, bytes_mixed 20 0ec1f012 d4727ca8
[    6.156436] ieee1394: Host added: ID:BUS[0-00:1023]  GUID[00061b032a25f51c]
[    6.184011] random 0000 0000 0000 45b1d0b1 845a73f7: rand_read_num 13 get_random_bytes(16): sig 00000116 45b1d0b1 845a73f7
[    6.184014] random 0000 0000 0000 45b1d0b1 845a73f7: extract_entropy(.. 16 ..)
[    6.184017] random 0000 0000 0000 45b1d0b1 845a73f7: going to reseed nonblocking with 128 bits (128 of 0 requested)
[    6.184019] random 0000 0000 0000 45b1d0b1 845a73f7: extract_entropy(.. 16 ..)
[    6.184021] random 0000 0000 0000 45b1d0b1 845a73f7: trying to extract 128 bits from input
[    6.184023] random 0000 0000 0000 45b1d0b1 845a73f7: debiting 0 entropy credits from input
[    6.184025] random 0000 0000 0000 45b1d0b1 845a73f7: extract_entropy account returned: 0 
[    6.184028] random 0000 0000 0000 45b1d0b1 845a73f7: urand_change_num 53 xfer_secondary_pool(16): pool_sig 00000116, data_sig 00000000, bytes_mixed 0 45b1d0b1 845a73f7
[    6.184031] random 0000 0000 0000 45b1d0b1 845a73f7: trying to extract 128 bits from nonblocking
[    6.184033] random 0000 0000 0000 45b1d0b1 845a73f7: debiting 128 entropy credits from nonblocking (unlimited)
[    6.184036] random 0000 0000 0000 45b1d0b1 845a73f7: extract_entropy account returned: 16 
[    6.184040] random 0000 0000 0000 45b1d0b1 845a73f7: urand_change_num 54 extract_buf: pool_sig 00000116, data_sig fffffd8b, bytes_mixed 20 45b1d0b1 845a73f7
[    6.184045] random 0000 0000 0000 45b1d0b1 845a73f7: urand_change_num 55 extract_buf: pool_sig fffffc05, data_sig 00000109, bytes_mixed 20 45b1d0b1 845a73f7
[    6.236518] random 0000 0000 0000 5012cce3 b8a30621: rand_read_num 14 get_random_bytes(16): sig fffffb93 5012cce3 b8a30621
[    6.236521] random 0000 0000 0000 5012cce3 b8a30621: extract_entropy(.. 16 ..)
[    6.236524] random 0000 0000 0000 5012cce3 b8a30621: going to reseed nonblocking with 128 bits (128 of 0 requested)
[    6.236526] random 0000 0000 0000 5012cce3 b8a30621: extract_entropy(.. 16 ..)
[    6.236528] random 0000 0000 0000 5012cce3 b8a30621: trying to extract 128 bits from input
[    6.236530] random 0000 0000 0000 5012cce3 b8a30621: debiting 0 entropy credits from input
[    6.236532] random 0000 0000 0000 5012cce3 b8a30621: extract_entropy account returned: 0 
[    6.236535] random 0000 0000 0000 5012cce3 b8a30621: urand_change_num 56 xfer_secondary_pool(16): pool_sig fffffb93, data_sig 00000000, bytes_mixed 0 5012cce3 b8a30621
[    6.236538] random 0000 0000 0000 5012cce3 b8a30621: trying to extract 128 bits from nonblocking
[    6.236541] random 0000 0000 0000 5012cce3 b8a30621: debiting 128 entropy credits from nonblocking (unlimited)
[    6.236543] random 0000 0000 0000 5012cce3 b8a30621: extract_entropy account returned: 16 
[    6.236547] random 0000 0000 0000 5012cce3 b8a30621: urand_change_num 57 extract_buf: pool_sig fffffb93, data_sig ffffff35, bytes_mixed 20 5012cce3 b8a30621
[    6.236552] random 0000 0000 0000 5012cce3 b8a30621: urand_change_num 58 extract_buf: pool_sig fffffb9d, data_sig ffffff92, bytes_mixed 20 5012cce3 b8a30621
[    6.237914] random 0000 0000 0000 30a5721d 4b648ff6: rand_read_num 15 get_random_bytes(16): sig fffffeb5 30a5721d 4b648ff6
[    6.237916] random 0000 0000 0000 30a5721d 4b648ff6: extract_entropy(.. 16 ..)
[    6.237919] random 0000 0000 0000 30a5721d 4b648ff6: going to reseed nonblocking with 128 bits (128 of 0 requested)
[    6.237921] random 0000 0000 0000 30a5721d 4b648ff6: extract_entropy(.. 16 ..)
[    6.237923] random 0000 0000 0000 30a5721d 4b648ff6: trying to extract 128 bits from input
[    6.237925] random 0000 0000 0000 30a5721d 4b648ff6: debiting 0 entropy credits from input
[    6.237927] random 0000 0000 0000 30a5721d 4b648ff6: extract_entropy account returned: 0 
[    6.237931] random 0000 0000 0000 30a5721d 4b648ff6: urand_change_num 59 xfer_secondary_pool(16): pool_sig fffffeb5, data_sig 00000000, bytes_mixed 0 30a5721d 4b648ff6
[    6.237933] random 0000 0000 0000 30a5721d 4b648ff6: trying to extract 128 bits from nonblocking
[    6.237936] random 0000 0000 0000 30a5721d 4b648ff6: debiting 128 entropy credits from nonblocking (unlimited)
[    6.237938] random 0000 0000 0000 30a5721d 4b648ff6: extract_entropy account returned: 16 
[    6.237942] random 0000 0000 0000 30a5721d 4b648ff6: urand_change_num 60 extract_buf: pool_sig fffffeb5, data_sig 000000c2, bytes_mixed 20 30a5721d 4b648ff6
[    6.237948] random 0000 0000 0000 89bae1ab 704c432f: urand_change_num 61 extract_buf: pool_sig 0000006e, data_sig fffffefc, bytes_mixed 20 89bae1ab 704c432f
[    6.238495] random 0000 0000 0000 89bae1ab 704c432f: rand_read_num 16 get_random_bytes(16): sig fffffd99 89bae1ab 704c432f
[    6.238498] random 0000 0000 0000 89bae1ab 704c432f: extract_entropy(.. 16 ..)
[    6.238500] random 0000 0000 0000 89bae1ab 704c432f: going to reseed nonblocking with 128 bits (128 of 0 requested)
[    6.238503] random 0000 0000 0000 89bae1ab 704c432f: extract_entropy(.. 16 ..)
[    6.238505] random 0000 0000 0000 89bae1ab 704c432f: trying to extract 128 bits from input
[    6.238507] random 0000 0000 0000 89bae1ab 704c432f: debiting 0 entropy credits from input
[    6.238509] random 0000 0000 0000 89bae1ab 704c432f: extract_entropy account returned: 0 
[    6.238512] random 0000 0000 0000 89bae1ab 704c432f: urand_change_num 62 xfer_secondary_pool(16): pool_sig fffffd99, data_sig 00000000, bytes_mixed 0 89bae1ab 704c432f
[    6.238515] random 0000 0000 0000 89bae1ab 704c432f: trying to extract 128 bits from nonblocking
[    6.238517] random 0000 0000 0000 89bae1ab 704c432f: debiting 128 entropy credits from nonblocking (unlimited)
[    6.238519] random 0000 0000 0000 89bae1ab 704c432f: extract_entropy account returned: 16 
[    6.238524] random 0000 0000 0000 89bae1ab 704c432f: urand_change_num 63 extract_buf: pool_sig fffffd99, data_sig 00000204, bytes_mixed 20 89bae1ab 704c432f
[    6.238529] random 0000 0000 0000 6c298a02 2b1539f8: urand_change_num 64 extract_buf: pool_sig 00000124, data_sig fffffff5, bytes_mixed 20 6c298a02 2b1539f8
[    6.239445] random 0000 0000 0000 c77b8b35 70f6cab5: rand_read_num 17 get_random_bytes(16): sig 0000036b c77b8b35 70f6cab5
[    6.239447] random 0000 0000 0000 c77b8b35 70f6cab5: extract_entropy(.. 16 ..)
[    6.239450] random 0000 0000 0000 c77b8b35 70f6cab5: going to reseed nonblocking with 128 bits (128 of 0 requested)
[    6.239452] random 0000 0000 0000 c77b8b35 70f6cab5: extract_entropy(.. 16 ..)
[    6.239454] random 0000 0000 0000 c77b8b35 70f6cab5: trying to extract 128 bits from input
[    6.239456] random 0000 0000 0000 c77b8b35 70f6cab5: debiting 0 entropy credits from input
[    6.239458] random 0000 0000 0000 c77b8b35 70f6cab5: extract_entropy account returned: 0 
[    6.239462] random 0000 0000 0000 c77b8b35 70f6cab5: urand_change_num 65 xfer_secondary_pool(16): pool_sig 0000036b, data_sig 00000000, bytes_mixed 0 c77b8b35 70f6cab5
[    6.239465] random 0000 0000 0000 c77b8b35 70f6cab5: trying to extract 128 bits from nonblocking
[    6.239467] random 0000 0000 0000 c77b8b35 70f6cab5: debiting 128 entropy credits from nonblocking (unlimited)
[    6.239469] random 0000 0000 0000 c77b8b35 70f6cab5: extract_entropy account returned: 16 
[    6.239473] random 0000 0000 0000 c77b8b35 70f6cab5: urand_change_num 66 extract_buf: pool_sig 0000036b, data_sig 0000005f, bytes_mixed 20 c77b8b35 70f6cab5
[    6.239479] random 0000 0000 0000 c77b8b35 70f6cab5: urand_change_num 67 extract_buf: pool_sig ffffff1c, data_sig 0000005a, bytes_mixed 20 c77b8b35 70f6cab5
[    6.240063] random 0000 0000 0000 af21d212 57d20ca3: rand_read_num 18 get_random_bytes(16): sig fffffb7f af21d212 57d20ca3
[    6.240065] random 0000 0000 0000 af21d212 57d20ca3: extract_entropy(.. 16 ..)
[    6.240068] random 0000 0000 0000 af21d212 57d20ca3: going to reseed nonblocking with 128 bits (128 of 0 requested)
[    6.240070] random 0000 0000 0000 af21d212 57d20ca3: extract_entropy(.. 16 ..)
[    6.240072] random 0000 0000 0000 af21d212 57d20ca3: trying to extract 128 bits from input
[    6.240075] random 0000 0000 0000 af21d212 57d20ca3: debiting 0 entropy credits from input
[    6.240077] random 0000 0000 0000 af21d212 57d20ca3: extract_entropy account returned: 0 
[    6.240080] random 0000 0000 0000 af21d212 57d20ca3: urand_change_num 68 xfer_secondary_pool(16): pool_sig fffffb7f, data_sig 00000000, bytes_mixed 0 af21d212 57d20ca3
[    6.240083] random 0000 0000 0000 af21d212 57d20ca3: trying to extract 128 bits from nonblocking
[    6.240085] random 0000 0000 0000 af21d212 57d20ca3: debiting 128 entropy credits from nonblocking (unlimited)
[    6.240087] random 0000 0000 0000 af21d212 57d20ca3: extract_entropy account returned: 16 
[    6.240091] random 0000 0000 0000 af21d212 57d20ca3: urand_change_num 69 extract_buf: pool_sig fffffb7f, data_sig ffffff88, bytes_mixed 20 af21d212 57d20ca3
[    6.240096] random 0000 0000 0000 af21d212 57d20ca3: urand_change_num 70 extract_buf: pool_sig fffffe1d, data_sig ffffff17, bytes_mixed 20 af21d212 57d20ca3
[    6.240687] random 0000 0000 0000 ffbd26fd 21933274: rand_read_num 19 get_random_bytes(16): sig ffffffc7 ffbd26fd 21933274
[    6.240690] random 0000 0000 0000 ffbd26fd 21933274: extract_entropy(.. 16 ..)
[    6.240692] random 0000 0000 0000 ffbd26fd 21933274: going to reseed nonblocking with 128 bits (128 of 0 requested)
[    6.240695] random 0000 0000 0000 ffbd26fd 21933274: extract_entropy(.. 16 ..)
[    6.240697] random 0000 0000 0000 ffbd26fd 21933274: trying to extract 128 bits from input
[    6.240699] random 0000 0000 0000 ffbd26fd 21933274: debiting 0 entropy credits from input
[    6.240701] random 0000 0000 0000 ffbd26fd 21933274: extract_entropy account returned: 0 
[    6.240704] random 0000 0000 0000 ffbd26fd 21933274: urand_change_num 71 xfer_secondary_pool(16): pool_sig ffffffc7, data_sig 00000000, bytes_mixed 0 ffbd26fd 21933274
[    6.240707] random 0000 0000 0000 ffbd26fd 21933274: trying to extract 128 bits from nonblocking
[    6.240709] random 0000 0000 0000 ffbd26fd 21933274: debiting 128 entropy credits from nonblocking (unlimited)
[    6.240711] random 0000 0000 0000 ffbd26fd 21933274: extract_entropy account returned: 16 
[    6.240715] random 0000 0000 0000 ffbd26fd 21933274: urand_change_num 72 extract_buf: pool_sig ffffffc7, data_sig 0000013b, bytes_mixed 20 ffbd26fd 21933274
[    6.240721] random 0000 0000 0000 151530a2 56c65dd3: urand_change_num 73 extract_buf: pool_sig ffffffbf, data_sig 00000036, bytes_mixed 20 151530a2 56c65dd3
[    6.241272] random 0000 0000 0000 151530a2 56c65dd3: rand_read_num 20 get_random_bytes(16): sig 000001a7 151530a2 56c65dd3
[    6.241275] random 0000 0000 0000 151530a2 56c65dd3: extract_entropy(.. 16 ..)
[    6.241277] random 0000 0000 0000 151530a2 56c65dd3: going to reseed nonblocking with 128 bits (128 of 0 requested)
[    6.241280] random 0000 0000 0000 151530a2 56c65dd3: extract_entropy(.. 16 ..)
[    6.241282] random 0000 0000 0000 151530a2 56c65dd3: trying to extract 128 bits from input
[    6.241284] random 0000 0000 0000 151530a2 56c65dd3: debiting 0 entropy credits from input
[    6.241286] random 0000 0000 0000 151530a2 56c65dd3: extract_entropy account returned: 0 
[    6.241289] random 0000 0000 0000 151530a2 56c65dd3: urand_change_num 74 xfer_secondary_pool(16): pool_sig 000001a7, data_sig 00000000, bytes_mixed 0 151530a2 56c65dd3
[    6.241292] random 0000 0000 0000 151530a2 56c65dd3: trying to extract 128 bits from nonblocking
[    6.241294] random 0000 0000 0000 151530a2 56c65dd3: debiting 128 entropy credits from nonblocking (unlimited)
[    6.241296] random 0000 0000 0000 151530a2 56c65dd3: extract_entropy account returned: 16 
[    6.241301] random 0000 0000 0000 151530a2 56c65dd3: urand_change_num 75 extract_buf: pool_sig 000001a7, data_sig ffffffa1, bytes_mixed 20 151530a2 56c65dd3
[    6.241306] random 0000 0000 0000 5d3e132e d9a77eb3: urand_change_num 76 extract_buf: pool_sig fffffcc9, data_sig 00000013, bytes_mixed 20 5d3e132e d9a77eb3
[    6.292331] random 0000 0000 0000 264837ad 0a28fef5: rand_read_num 21 get_random_bytes(16): sig ffffffd0 264837ad 0a28fef5
[    6.292334] random 0000 0000 0000 264837ad 0a28fef5: extract_entropy(.. 16 ..)
[    6.292337] random 0000 0000 0000 264837ad 0a28fef5: going to reseed nonblocking with 128 bits (128 of 0 requested)
[    6.292339] random 0000 0000 0000 264837ad 0a28fef5: extract_entropy(.. 16 ..)
[    6.292341] random 0000 0000 0000 264837ad 0a28fef5: trying to extract 128 bits from input
[    6.292343] random 0000 0000 0000 264837ad 0a28fef5: debiting 0 entropy credits from input
[    6.292345] random 0000 0000 0000 264837ad 0a28fef5: extract_entropy account returned: 0 
[    6.292349] random 0000 0000 0000 264837ad 0a28fef5: urand_change_num 77 xfer_secondary_pool(16): pool_sig ffffffd0, data_sig 00000000, bytes_mixed 0 264837ad 0a28fef5
[    6.292351] random 0000 0000 0000 264837ad 0a28fef5: trying to extract 128 bits from nonblocking
[    6.292354] random 0000 0000 0000 264837ad 0a28fef5: debiting 128 entropy credits from nonblocking (unlimited)
[    6.292356] random 0000 0000 0000 264837ad 0a28fef5: extract_entropy account returned: 16 
[    6.292360] random 0000 0000 0000 264837ad 0a28fef5: urand_change_num 78 extract_buf: pool_sig ffffffd0, data_sig 0000017b, bytes_mixed 20 264837ad 0a28fef5
[    6.292366] random 0000 0000 0000 264837ad 0a28fef5: urand_change_num 79 extract_buf: pool_sig 0000045c, data_sig 000001df, bytes_mixed 20 264837ad 0a28fef5
[    6.293829] random 0000 0000 0000 f37f7344 164aede0: rand_read_num 22 get_random_bytes(16): sig 000003c2 f37f7344 164aede0
[    6.293832] random 0000 0000 0000 f37f7344 164aede0: extract_entropy(.. 16 ..)
[    6.293834] random 0000 0000 0000 f37f7344 164aede0: going to reseed nonblocking with 128 bits (128 of 0 requested)
[    6.293837] random 0000 0000 0000 f37f7344 164aede0: extract_entropy(.. 16 ..)
[    6.293839] random 0000 0000 0000 f37f7344 164aede0: trying to extract 128 bits from input
[    6.293841] random 0000 0000 0000 f37f7344 164aede0: debiting 0 entropy credits from input
[    6.293843] random 0000 0000 0000 f37f7344 164aede0: extract_entropy account returned: 0 
[    6.293846] random 0000 0000 0000 f37f7344 164aede0: urand_change_num 80 xfer_secondary_pool(16): pool_sig 000003c2, data_sig 00000000, bytes_mixed 0 f37f7344 164aede0
[    6.293849] random 0000 0000 0000 f37f7344 164aede0: trying to extract 128 bits from nonblocking
[    6.293851] random 0000 0000 0000 f37f7344 164aede0: debiting 128 entropy credits from nonblocking (unlimited)
[    6.293853] random 0000 0000 0000 f37f7344 164aede0: extract_entropy account returned: 16 
[    6.293857] random 0000 0000 0000 f37f7344 164aede0: urand_change_num 81 extract_buf: pool_sig 000003c2, data_sig ffffff6c, bytes_mixed 20 f37f7344 164aede0
[    6.293863] random 0000 0000 0000 f37f7344 164aede0: urand_change_num 82 extract_buf: pool_sig fffffdfc, data_sig 00000091, bytes_mixed 20 f37f7344 164aede0
[    6.316638] random 0000 0000 0000 a4794863 878070c1: rand_read_num 23 get_random_bytes(16): sig 0000011b a4794863 878070c1
[    6.316640] random 0000 0000 0000 a4794863 878070c1: extract_entropy(.. 16 ..)
[    6.316643] random 0000 0000 0000 a4794863 878070c1: going to reseed nonblocking with 128 bits (128 of 0 requested)
[    6.316645] random 0000 0000 0000 a4794863 878070c1: extract_entropy(.. 16 ..)
[    6.316647] random 0000 0000 0000 a4794863 878070c1: trying to extract 128 bits from input
[    6.316649] random 0000 0000 0000 a4794863 878070c1: debiting 0 entropy credits from input
[    6.316651] random 0000 0000 0000 a4794863 878070c1: extract_entropy account returned: 0 
[    6.316655] random 0000 0000 0000 a4794863 878070c1: urand_change_num 83 xfer_secondary_pool(16): pool_sig 0000011b, data_sig 00000000, bytes_mixed 0 a4794863 878070c1
[    6.316657] random 0000 0000 0000 a4794863 878070c1: trying to extract 128 bits from nonblocking
[    6.316660] random 0000 0000 0000 a4794863 878070c1: debiting 128 entropy credits from nonblocking (unlimited)
[    6.316662] random 0000 0000 0000 a4794863 878070c1: extract_entropy account returned: 16 
[    6.316666] random 0000 0000 0000 a4794863 878070c1: urand_change_num 84 extract_buf: pool_sig 0000011b, data_sig ffffff51, bytes_mixed 20 a4794863 878070c1
[    6.316671] random 0000 0000 0000 737f19b4 9417d8ab: urand_change_num 85 extract_buf: pool_sig 000001a3, data_sig 0000006c, bytes_mixed 20 737f19b4 9417d8ab
[    6.320732] random 0000 0000 0000 737f19b4 9417d8ab: rand_read_num 24 get_random_bytes(16): sig fffffe22 737f19b4 9417d8ab
[    6.320734] random 0000 0000 0000 737f19b4 9417d8ab: extract_entropy(.. 16 ..)
[    6.320737] random 0000 0000 0000 737f19b4 9417d8ab: going to reseed nonblocking with 128 bits (128 of 0 requested)
[    6.320739] random 0000 0000 0000 737f19b4 9417d8ab: extract_entropy(.. 16 ..)
[    6.320741] random 0000 0000 0000 737f19b4 9417d8ab: trying to extract 128 bits from input
[    6.320743] random 0000 0000 0000 737f19b4 9417d8ab: debiting 0 entropy credits from input
[    6.320745] random 0000 0000 0000 737f19b4 9417d8ab: extract_entropy account returned: 0 
[    6.320748] random 0000 0000 0000 737f19b4 9417d8ab: urand_change_num 86 xfer_secondary_pool(16): pool_sig fffffe22, data_sig 00000000, bytes_mixed 0 737f19b4 9417d8ab
[    6.320751] random 0000 0000 0000 737f19b4 9417d8ab: trying to extract 128 bits from nonblocking
[    6.320754] random 0000 0000 0000 737f19b4 9417d8ab: debiting 128 entropy credits from nonblocking (unlimited)
[    6.320756] random 0000 0000 0000 737f19b4 9417d8ab: extract_entropy account returned: 16 
[    6.320760] random 0000 0000 0000 737f19b4 9417d8ab: urand_change_num 87 extract_buf: pool_sig fffffe22, data_sig 00000230, bytes_mixed 20 737f19b4 9417d8ab
[    6.320765] random 0000 0000 0000 4deb0d06 1236af4c: urand_change_num 88 extract_buf: pool_sig 000000b6, data_sig ffffff44, bytes_mixed 20 4deb0d06 1236af4c
[    6.321756] random 0000 0000 0000 b538fadc 4a7613df: rand_read_num 25 get_random_bytes(16): sig 0000013c b538fadc 4a7613df
[    6.321759] random 0000 0000 0000 b538fadc 4a7613df: extract_entropy(.. 16 ..)
[    6.321762] random 0000 0000 0000 b538fadc 4a7613df: going to reseed nonblocking with 128 bits (128 of 0 requested)
[    6.321764] random 0000 0000 0000 b538fadc 4a7613df: extract_entropy(.. 16 ..)
[    6.321767] random 0000 0000 0000 b538fadc 4a7613df: trying to extract 128 bits from input
[    6.321769] random 0000 0000 0000 b538fadc 4a7613df: debiting 0 entropy credits from input
[    6.321771] random 0000 0000 0000 b538fadc 4a7613df: extract_entropy account returned: 0 
[    6.321774] random 0000 0000 0000 b538fadc 4a7613df: urand_change_num 89 xfer_secondary_pool(16): pool_sig 0000013c, data_sig 00000000, bytes_mixed 0 b538fadc 4a7613df
[    6.321777] random 0000 0000 0000 b538fadc 4a7613df: trying to extract 128 bits from nonblocking
[    6.321779] random 0000 0000 0000 b538fadc 4a7613df: debiting 128 entropy credits from nonblocking (unlimited)
[    6.321781] random 0000 0000 0000 b538fadc 4a7613df: extract_entropy account returned: 16 
[    6.321785] random 0000 0000 0000 b538fadc 4a7613df: urand_change_num 90 extract_buf: pool_sig 0000013c, data_sig 00000015, bytes_mixed 20 b538fadc 4a7613df
[    6.321791] random 0000 0000 0000 b538fadc 4a7613df: urand_change_num 91 extract_buf: pool_sig 00000452, data_sig 0000002b, bytes_mixed 20 b538fadc 4a7613df
[    6.322235] random 0000 0000 0000 73b17df4 93bb370e: rand_read_num 26 get_random_bytes(16): sig fffffbf1 73b17df4 93bb370e
[    6.322238] random 0000 0000 0000 73b17df4 93bb370e: extract_entropy(.. 16 ..)
[    6.322241] random 0000 0000 0000 73b17df4 93bb370e: going to reseed nonblocking with 128 bits (128 of 0 requested)
[    6.322243] random 0000 0000 0000 73b17df4 93bb370e: extract_entropy(.. 16 ..)
[    6.322245] random 0000 0000 0000 73b17df4 93bb370e: trying to extract 128 bits from input
[    6.322247] random 0000 0000 0000 73b17df4 93bb370e: debiting 0 entropy credits from input
[    6.322249] random 0000 0000 0000 73b17df4 93bb370e: extract_entropy account returned: 0 
[    6.322252] random 0000 0000 0000 73b17df4 93bb370e: urand_change_num 92 xfer_secondary_pool(16): pool_sig fffffbf1, data_sig 00000000, bytes_mixed 0 73b17df4 93bb370e
[    6.322255] random 0000 0000 0000 73b17df4 93bb370e: trying to extract 128 bits from nonblocking
[    6.322258] random 0000 0000 0000 73b17df4 93bb370e: debiting 128 entropy credits from nonblocking (unlimited)
[    6.322260] random 0000 0000 0000 73b17df4 93bb370e: extract_entropy account returned: 16 
[    6.322264] random 0000 0000 0000 73b17df4 93bb370e: urand_change_num 93 extract_buf: pool_sig fffffbf1, data_sig ffffff99, bytes_mixed 20 73b17df4 93bb370e
[    6.322269] random 0000 0000 0000 73b17df4 93bb370e: urand_change_num 94 extract_buf: pool_sig fffffe1d, data_sig 000000b0, bytes_mixed 20 73b17df4 93bb370e
[    6.322684] random 0000 0000 0000 0cd682bb ba04da9f: rand_read_num 27 get_random_bytes(16): sig fffffccb 0cd682bb ba04da9f
[    6.322686] random 0000 0000 0000 0cd682bb ba04da9f: extract_entropy(.. 16 ..)
[    6.322689] random 0000 0000 0000 0cd682bb ba04da9f: going to reseed nonblocking with 128 bits (128 of 0 requested)
[    6.322691] random 0000 0000 0000 0cd682bb ba04da9f: extract_entropy(.. 16 ..)
[    6.322693] random 0000 0000 0000 0cd682bb ba04da9f: trying to extract 128 bits from input
[    6.322696] random 0000 0000 0000 0cd682bb ba04da9f: debiting 0 entropy credits from input
[    6.322698] random 0000 0000 0000 0cd682bb ba04da9f: extract_entropy account returned: 0 
[    6.322701] random 0000 0000 0000 0cd682bb ba04da9f: urand_change_num 95 xfer_secondary_pool(16): pool_sig fffffccb, data_sig 00000000, bytes_mixed 0 0cd682bb ba04da9f
[    6.322704] random 0000 0000 0000 0cd682bb ba04da9f: trying to extract 128 bits from nonblocking
[    6.322706] random 0000 0000 0000 0cd682bb ba04da9f: debiting 128 entropy credits from nonblocking (unlimited)
[    6.322708] random 0000 0000 0000 0cd682bb ba04da9f: extract_entropy account returned: 16 
[    6.322713] random 0000 0000 0000 0cd682bb ba04da9f: urand_change_num 96 extract_buf: pool_sig fffffccb, data_sig fffffec5, bytes_mixed 20 0cd682bb ba04da9f
[    6.322718] random 0000 0000 0000 26929f1a 15254dc1: urand_change_num 97 extract_buf: pool_sig fffffed2, data_sig ffffffb1, bytes_mixed 20 26929f1a 15254dc1
[    6.323583] random 0000 0000 0000 26929f1a 15254dc1: rand_read_num 28 get_random_bytes(16): sig 00000038 26929f1a 15254dc1
[    6.323586] random 0000 0000 0000 26929f1a 15254dc1: extract_entropy(.. 16 ..)
[    6.323588] random 0000 0000 0000 26929f1a 15254dc1: going to reseed nonblocking with 128 bits (128 of 0 requested)
[    6.323591] random 0000 0000 0000 26929f1a 15254dc1: extract_entropy(.. 16 ..)
[    6.323593] random 0000 0000 0000 26929f1a 15254dc1: trying to extract 128 bits from input
[    6.323595] random 0000 0000 0000 26929f1a 15254dc1: debiting 0 entropy credits from input
[    6.323597] random 0000 0000 0000 26929f1a 15254dc1: extract_entropy account returned: 0 
[    6.323600] random 0000 0000 0000 26929f1a 15254dc1: urand_change_num 98 xfer_secondary_pool(16): pool_sig 00000038, data_sig 00000000, bytes_mixed 0 26929f1a 15254dc1
[    6.323603] random 0000 0000 0000 26929f1a 15254dc1: trying to extract 128 bits from nonblocking
[    6.323605] random 0000 0000 0000 26929f1a 15254dc1: debiting 128 entropy credits from nonblocking (unlimited)
[    6.323607] random 0000 0000 0000 26929f1a 15254dc1: extract_entropy account returned: 16 
[    6.323612] random 0000 0000 0000 26929f1a 15254dc1: urand_change_num 99 extract_buf: pool_sig 00000038, data_sig 000000fd, bytes_mixed 20 26929f1a 15254dc1
[    6.323617] random 0000 0000 0000 8116fe3b 478c2d5b: urand_change_num 100 extract_buf: pool_sig 00000059, data_sig 00000310, bytes_mixed 20 8116fe3b 478c2d5b
[    6.330273] random 0000 0000 0000 a20f4a3a 32a6b2fa: rand_read_num 29 get_random_bytes(16): sig 000002c0 a20f4a3a 32a6b2fa
[    6.330276] random 0000 0000 0000 a20f4a3a 32a6b2fa: extract_entropy(.. 16 ..)
[    6.330278] random 0000 0000 0000 a20f4a3a 32a6b2fa: going to reseed nonblocking with 128 bits (128 of 0 requested)
[    6.330281] random 0000 0000 0000 a20f4a3a 32a6b2fa: extract_entropy(.. 16 ..)
[    6.330283] random 0000 0000 0000 a20f4a3a 32a6b2fa: trying to extract 128 bits from input
[    6.330285] random 0000 0000 0000 a20f4a3a 32a6b2fa: debiting 0 entropy credits from input
[    6.330287] random 0000 0000 0000 a20f4a3a 32a6b2fa: extract_entropy account returned: 0 
[    6.330290] random 0000 0000 0000 a20f4a3a 32a6b2fa: urand_change_num 101 xfer_secondary_pool(16): pool_sig 000002c0, data_sig 00000000, bytes_mixed 0 a20f4a3a 32a6b2fa
[    6.330293] random 0000 0000 0000 a20f4a3a 32a6b2fa: trying to extract 128 bits from nonblocking
[    6.330295] random 0000 0000 0000 a20f4a3a 32a6b2fa: debiting 128 entropy credits from nonblocking (unlimited)
[    6.330297] random 0000 0000 0000 a20f4a3a 32a6b2fa: extract_entropy account returned: 16 
[    6.330301] random 0000 0000 0000 a20f4a3a 32a6b2fa: urand_change_num 102 extract_buf: pool_sig 000002c0, data_sig 000000fb, bytes_mixed 20 a20f4a3a 32a6b2fa
[    6.330307] random 0000 0000 0000 a20f4a3a 32a6b2fa: urand_change_num 103 extract_buf: pool_sig ffffffdd, data_sig 000000a5, bytes_mixed 20 a20f4a3a 32a6b2fa
[    6.342799] random 0000 0000 0000 de716d2a 6c4757e1: rand_read_num 30 get_random_bytes(16): sig 000000fa de716d2a 6c4757e1
[    6.342802] random 0000 0000 0000 de716d2a 6c4757e1: extract_entropy(.. 16 ..)
[    6.342805] random 0000 0000 0000 de716d2a 6c4757e1: going to reseed nonblocking with 128 bits (128 of 0 requested)
[    6.342807] random 0000 0000 0000 de716d2a 6c4757e1: extract_entropy(.. 16 ..)
[    6.342809] random 0000 0000 0000 de716d2a 6c4757e1: trying to extract 128 bits from input
[    6.342811] random 0000 0000 0000 de716d2a 6c4757e1: debiting 0 entropy credits from input
[    6.342813] random 0000 0000 0000 de716d2a 6c4757e1: extract_entropy account returned: 0 
[    6.342816] random 0000 0000 0000 de716d2a 6c4757e1: urand_change_num 104 xfer_secondary_pool(16): pool_sig 000000fa, data_sig 00000000, bytes_mixed 0 de716d2a 6c4757e1
[    6.342819] random 0000 0000 0000 de716d2a 6c4757e1: trying to extract 128 bits from nonblocking
[    6.342821] random 0000 0000 0000 de716d2a 6c4757e1: debiting 128 entropy credits from nonblocking (unlimited)
[    6.342824] random 0000 0000 0000 de716d2a 6c4757e1: extract_entropy account returned: 16 
[    6.342828] random 0000 0000 0000 de716d2a 6c4757e1: urand_change_num 105 extract_buf: pool_sig 000000fa, data_sig ffffff34, bytes_mixed 20 de716d2a 6c4757e1
[    6.342833] random 0000 0000 0000 de716d2a 6c4757e1: urand_change_num 106 extract_buf: pool_sig 000003d3, data_sig ffffff30, bytes_mixed 20 de716d2a 6c4757e1
[    6.343417] random 0000 0000 0000 a7c511e1 f90ea457: rand_read_num 31 get_random_bytes(16): sig 0000009a a7c511e1 f90ea457
[    6.343424] random 0000 0000 0000 a7c511e1 f90ea457: extract_entropy(.. 16 ..)
[    6.343427] random 0000 0000 0000 a7c511e1 f90ea457: going to reseed nonblocking with 128 bits (128 of 0 requested)
[    6.343429] random 0000 0000 0000 a7c511e1 f90ea457: extract_entropy(.. 16 ..)
[    6.343431] random 0000 0000 0000 a7c511e1 f90ea457: trying to extract 128 bits from input
[    6.343433] random 0000 0000 0000 a7c511e1 f90ea457: debiting 0 entropy credits from input
[    6.343435] random 0000 0000 0000 a7c511e1 f90ea457: extract_entropy account returned: 0 
[    6.343438] random 0000 0000 0000 a7c511e1 f90ea457: urand_change_num 107 xfer_secondary_pool(16): pool_sig 0000009a, data_sig 00000000, bytes_mixed 0 a7c511e1 f90ea457
[    6.343441] random 0000 0000 0000 a7c511e1 f90ea457: trying to extract 128 bits from nonblocking
[    6.343443] random 0000 0000 0000 a7c511e1 f90ea457: debiting 128 entropy credits from nonblocking (unlimited)
[    6.343445] random 0000 0000 0000 a7c511e1 f90ea457: extract_entropy account returned: 16 
[    6.343450] random 0000 0000 0000 a7c511e1 f90ea457: urand_change_num 108 extract_buf: pool_sig 0000009a, data_sig 000000e0, bytes_mixed 20 a7c511e1 f90ea457
[    6.343455] random 0000 0000 0000 7c18c7e6 d65ccb06: urand_change_num 109 extract_buf: pool_sig fffffa79, data_sig 000000e0, bytes_mixed 20 7c18c7e6 d65ccb06
[    6.344031] random 0000 0000 0000 7c18c7e6 d65ccb06: rand_read_num 32 get_random_bytes(16): sig fffffe1e 7c18c7e6 d65ccb06
[    6.344034] random 0000 0000 0000 7c18c7e6 d65ccb06: extract_entropy(.. 16 ..)
[    6.344037] random 0000 0000 0000 7c18c7e6 d65ccb06: going to reseed nonblocking with 128 bits (128 of 0 requested)
[    6.344039] random 0000 0000 0000 7c18c7e6 d65ccb06: extract_entropy(.. 16 ..)
[    6.344041] random 0000 0000 0000 7c18c7e6 d65ccb06: trying to extract 128 bits from input
[    6.344043] random 0000 0000 0000 7c18c7e6 d65ccb06: debiting 0 entropy credits from input
[    6.344045] random 0000 0000 0000 7c18c7e6 d65ccb06: extract_entropy account returned: 0 
[    6.344048] random 0000 0000 0000 7c18c7e6 d65ccb06: urand_change_num 110 xfer_secondary_pool(16): pool_sig fffffe1e, data_sig 00000000, bytes_mixed 0 7c18c7e6 d65ccb06
[    6.344051] random 0000 0000 0000 7c18c7e6 d65ccb06: trying to extract 128 bits from nonblocking
[    6.344054] random 0000 0000 0000 7c18c7e6 d65ccb06: debiting 128 entropy credits from nonblocking (unlimited)
[    6.344056] random 0000 0000 0000 7c18c7e6 d65ccb06: extract_entropy account returned: 16 
