[    0.000000] random 0000 0000 0000 00000000 00000000: rand_read_num 1 get_random_bytes(8): sig 00000000 00000000 00000000
[    0.000000] random 0000 0000 0000 00000000 00000000: extract_entropy(.. 8 ..)
[    0.000000] random 0000 0000 0000 00000000 00000000: going to reseed nonblocking with 64 bits (64 of 0 requested)
[    0.000000] random 0000 0000 0000 00000000 00000000: extract_entropy(.. 8 ..)
[    0.000000] random 0000 0000 0000 00000000 00000000: trying to extract 64 bits from input
[    0.000000] random 0000 0000 0000 00000000 00000000: debiting 0 entropy credits from input
[    0.000000] random 0000 0000 0000 00000000 00000000: extract_entropy account returned: 0 
[    0.000000] random 0000 0000 0000 00000000 00000000: urand_change_num 1 xfer_secondary_pool(8): pool_sig 00000000, data_sig 00000000, bytes_mixed 0 00000000 00000000
[    0.000000] random 0000 0000 0000 00000000 00000000: trying to extract 64 bits from nonblocking
[    0.000000] random 0000 0000 0000 00000000 00000000: debiting 64 entropy credits from nonblocking (unlimited)
[    0.000000] random 0000 0000 0000 00000000 00000000: extract_entropy account returned: 8 
[    0.000000] random 0000 0000 0000 00000000 00000000: urand_change_num 2 extract_buf: pool_sig 00000000, data_sig fffffff9, bytes_mixed 20 00000000 00000000
[    0.000000] Linux version 2.6.32.57 (dcashman@dcashman-02) (gcc version 4.3.3 (GCC) ) #3 Fri May 24 04:27:34 PDT 2013
[    0.000000] KERNEL supported cpus:
[    0.000000]   Intel GenuineIntel
[    0.000000]   AMD AuthenticAMD
[    0.000000]   NSC Geode by NSC
[    0.000000]   Cyrix CyrixInstead
[    0.000000]   Centaur CentaurHauls
[    0.000000]   Transmeta GenuineTMx86
[    0.000000]   Transmeta TransmetaCPU
[    0.000000]   UMC UMC UMC UMC
[    0.000000] BIOS-provided physical RAM map:
[    0.000000]  BIOS-e820: 0000000000000000 - 000000000009d800 (usable)
[    0.000000]  BIOS-e820: 000000000009d800 - 00000000000a0000 (reserved)
[    0.000000]  BIOS-e820: 00000000000d2000 - 00000000000d4000 (reserved)
[    0.000000]  BIOS-e820: 00000000000e0000 - 0000000000100000 (reserved)
[    0.000000]  BIOS-e820: 0000000000100000 - 000000003d6b0000 (usable)
[    0.000000]  BIOS-e820: 000000003d6b0000 - 000000003d6cc000 (ACPI data)
[    0.000000]  BIOS-e820: 000000003d6cc000 - 000000003d700000 (ACPI NVS)
[    0.000000]  BIOS-e820: 000000003d700000 - 000000003e000000 (reserved)
[    0.000000]  BIOS-e820: 00000000f0000000 - 00000000f4000000 (reserved)
[    0.000000]  BIOS-e820: 00000000fec00000 - 00000000fec10000 (reserved)
[    0.000000]  BIOS-e820: 00000000fed00000 - 00000000fed00400 (reserved)
[    0.000000]  BIOS-e820: 00000000fed14000 - 00000000fed1a000 (reserved)
[    0.000000]  BIOS-e820: 00000000fed1c000 - 00000000fed90000 (reserved)
[    0.000000]  BIOS-e820: 00000000fee00000 - 00000000fee01000 (reserved)
[    0.000000]  BIOS-e820: 00000000ff000000 - 0000000100000000 (reserved)
[    0.000000] DMI present.
[    0.000000] last_pfn = 0x3d6b0 max_arch_pfn = 0x100000
[    0.000000] MTRR default type: uncachable
[    0.000000] MTRR fixed ranges enabled:
[    0.000000]   00000-9FFFF write-back
[    0.000000]   A0000-BFFFF uncachable
[    0.000000]   C0000-CFFFF write-protect
[    0.000000]   D0000-DFFFF uncachable
[    0.000000]   E0000-FFFFF write-protect
[    0.000000] MTRR variable ranges enabled:
[    0.000000]   0 base 03E000000 mask FFE000000 uncachable
[    0.000000]   1 base 000000000 mask FC0000000 write-back
[    0.000000]   2 base 03D700000 mask FFFF00000 uncachable
[    0.000000]   3 base 03D800000 mask FFF800000 uncachable
[    0.000000]   4 disabled
[    0.000000]   5 disabled
[    0.000000]   6 disabled
[    0.000000]   7 disabled
[    0.000000] initial memory mapped : 0 - 02000000
[    0.000000] init_memory_mapping: 0000000000000000-00000000377fe000
[    0.000000]  0000000000 - 0000400000 page 4k
[    0.000000]  0000400000 - 0037400000 page 2M
[    0.000000]  0037400000 - 00377fe000 page 4k
[    0.000000] kernel direct mapping tables up to 377fe000 @ 7000-c000
[    0.000000] ACPI: RSDP 000f68d0 00024 (v02 LENOVO)
[    0.000000] ACPI: XSDT 3d6bb77f 00094 (v01 LENOVO TP-7L    00002170  LTP 00000000)
[    0.000000] ACPI: FACP 3d6bb900 000F4 (v03 LENOVO TP-7L    00002170 LNVO 00000001)
[    0.000000] ACPI Warning: 32/64X length mismatch in Gpe1Block: 0/32 (20090903/tbfadt-526)
[    0.000000] ACPI Warning: Optional field Gpe1Block has zero address or length: 000000000000102C/0 (20090903/tbfadt-557)
[    0.000000] ACPI: DSDT 3d6bbd1d 0FED1 (v01 LENOVO TP-7L    00002170 MSFT 03000000)
[    0.000000] ACPI: FACS 3d6e4000 00040
[    0.000000] ACPI: SSDT 3d6bbab4 00269 (v01 LENOVO TP-7L    00002170 MSFT 03000000)
[    0.000000] ACPI: ECDT 3d6cbbee 00052 (v01 LENOVO TP-7L    00002170 LNVO 00000001)
[    0.000000] ACPI: TCPA 3d6cbc40 00032 (v02 LENOVO TP-7L    00002170 LNVO 00000001)
[    0.000000] ACPI: APIC 3d6cbc72 00068 (v01 LENOVO TP-7L    00002170 LNVO 00000001)
[    0.000000] ACPI: MCFG 3d6cbcda 0003C (v01 LENOVO TP-7L    00002170 LNVO 00000001)
[    0.000000] ACPI: HPET 3d6cbd16 00038 (v01 LENOVO TP-7L    00002170 LNVO 00000001)
[    0.000000] ACPI: SLIC 3d6cbdf0 00176 (v01 LENOVO TP-7L    00002170  LTP 00000000)
[    0.000000] ACPI: BOOT 3d6cbf66 00028 (v01 LENOVO TP-7L    00002170  LTP 00000001)
[    0.000000] ACPI: ASF! 3d6cbf8e 00072 (v16 LENOVO TP-7L    00002170 PTL  00000001)
[    0.000000] ACPI: SSDT 3d6e26d9 0025F (v01 LENOVO TP-7L    00002170 INTL 20050513)
[    0.000000] ACPI: SSDT 3d6e2938 000A6 (v01 LENOVO TP-7L    00002170 INTL 20050513)
[    0.000000] ACPI: SSDT 3d6e29de 004F7 (v01 LENOVO TP-7L    00002170 INTL 20050513)
[    0.000000] ACPI: SSDT 3d6e2ed5 001D8 (v01 LENOVO TP-7L    00002170 INTL 20050513)
[    0.000000] ACPI: DMI detected: Lenovo ThinkPad R61
[    0.000000] ACPI: Added _OSI(Linux)
[    0.000000] ACPI: Local APIC address 0xfee00000
[    0.000000] 94MB HIGHMEM available.
[    0.000000] 887MB LOWMEM available.
[    0.000000]   mapped low ram: 0 - 377fe000
[    0.000000]   low ram: 0 - 377fe000
[    0.000000]   node 0 low ram: 00000000 - 377fe000
[    0.000000]   node 0 bootmap 00008000 - 0000ef00
[    0.000000] (6 early reservations) ==> bootmem [0000000000 - 00377fe000]
[    0.000000]   #0 [0000000000 - 0000001000]   BIOS data page ==> [0000000000 - 0000001000]
[    0.000000]   #1 [0001000000 - 0001bdc180]    TEXT DATA BSS ==> [0001000000 - 0001bdc180]
[    0.000000]   #2 [000009d800 - 0000100000]    BIOS reserved ==> [000009d800 - 0000100000]
[    0.000000]   #3 [0001bdd000 - 0001be516c]              BRK ==> [0001bdd000 - 0001be516c]
[    0.000000]   #4 [0000007000 - 0000008000]          PGTABLE ==> [0000007000 - 0000008000]
[    0.000000]   #5 [0000008000 - 000000f000]          BOOTMAP ==> [0000008000 - 000000f000]
[    0.000000] found SMP MP-table at [c00f6900] f6900
[    0.000000] Zone PFN ranges:
[    0.000000]   DMA      0x00000000 -> 0x00001000
[    0.000000]   Normal   0x00001000 -> 0x000377fe
[    0.000000]   HighMem  0x000377fe -> 0x0003d6b0
[    0.000000] Movable zone start PFN for each node
[    0.000000] early_node_map[2] active PFN ranges
[    0.000000]     0: 0x00000000 -> 0x0000009d
[    0.000000]     0: 0x00000100 -> 0x0003d6b0
[    0.000000] On node 0 totalpages: 251469
[    0.000000] free_area_init_node: node 0, pgdat c1901ea0, node_mem_map c1be7000
[    0.000000]   DMA zone: 32 pages used for memmap
[    0.000000]   DMA zone: 0 pages reserved
[    0.000000]   DMA zone: 3965 pages, LIFO batch:0
[    0.000000]   Normal zone: 1744 pages used for memmap
[    0.000000]   Normal zone: 221486 pages, LIFO batch:31
[    0.000000]   HighMem zone: 190 pages used for memmap
[    0.000000]   HighMem zone: 24052 pages, LIFO batch:3
[    0.000000] Using APIC driver default
[    0.000000] ACPI: PM-Timer IO Port: 0x1008
[    0.000000] ACPI: Local APIC address 0xfee00000
[    0.000000] ACPI: LAPIC (acpi_id[0x00] lapic_id[0x00] enabled)
[    0.000000] ACPI: LAPIC (acpi_id[0x01] lapic_id[0x01] enabled)
[    0.000000] ACPI: NR_CPUS/possible_cpus limit of 1 reached.  Processor 1/0x1 ignored.
[    0.000000] ACPI: LAPIC_NMI (acpi_id[0x00] high edge lint[0x1])
[    0.000000] ACPI: LAPIC_NMI (acpi_id[0x01] high edge lint[0x1])
[    0.000000] ACPI: IOAPIC (id[0x01] address[0xfec00000] gsi_base[0])
[    0.000000] IOAPIC[0]: apic_id 1, version 32, address 0xfec00000, GSI 0-23
[    0.000000] ACPI: INT_SRC_OVR (bus 0 bus_irq 0 global_irq 2 dfl dfl)
[    0.000000] ACPI: INT_SRC_OVR (bus 0 bus_irq 9 global_irq 9 high level)
[    0.000000] ACPI: IRQ0 used by override.
[    0.000000] ACPI: IRQ2 used by override.
[    0.000000] ACPI: IRQ9 used by override.
[    0.000000] Using ACPI (MADT) for SMP configuration information
[    0.000000] ACPI: HPET id: 0x8086a201 base: 0xfed00000
[    0.000000] nr_irqs_gsi: 24
[    0.000000] PM: Registered nosave memory: 000000000009d000 - 000000000009e000
[    0.000000] PM: Registered nosave memory: 000000000009e000 - 00000000000a0000
[    0.000000] PM: Registered nosave memory: 00000000000a0000 - 00000000000d2000
[    0.000000] PM: Registered nosave memory: 00000000000d2000 - 00000000000d4000
[    0.000000] PM: Registered nosave memory: 00000000000d4000 - 00000000000e0000
[    0.000000] PM: Registered nosave memory: 00000000000e0000 - 0000000000100000
[    0.000000] Allocating PCI resources starting at 3e000000 (gap: 3e000000:b2000000)
[    0.000000] Built 1 zonelists in Zone order, mobility grouping on.  Total pages: 249503
[    0.000000] Kernel command line: auto BOOT_IMAGE=Linux ro root=802 vt.default_utf8=0 maxcpus=0
[    0.000000] PID hash table entries: 4096 (order: 2, 16384 bytes)
[    0.000000] Dentry cache hash table entries: 131072 (order: 7, 524288 bytes)
[    0.000000] Inode-cache hash table entries: 65536 (order: 6, 262144 bytes)
[    0.000000] Enabling fast FPU save and restore... done.
[    0.000000] Enabling unmasked SIMD FPU exception support... done.
[    0.000000] Initializing CPU#0
[    0.000000] Initializing HighMem for node 0 (000377fe:0003d6b0)
[    0.000000] Memory: 984800k/1006272k available (6914k kernel code, 20876k reserved, 2328k data, 448k init, 96968k highmem)
[    0.000000] virtual kernel memory layout:
[    0.000000]     fixmap  : 0xfffa3000 - 0xfffff000   ( 368 kB)
[    0.000000]     pkmap   : 0xff800000 - 0xffc00000   (4096 kB)
[    0.000000]     vmalloc : 0xf7ffe000 - 0xff7fe000   ( 120 MB)
[    0.000000]     lowmem  : 0xc0000000 - 0xf77fe000   ( 887 MB)
[    0.000000]       .init : 0xc1907000 - 0xc1977000   ( 448 kB)
[    0.000000]       .data : 0xc16c0b5f - 0xc1906c64   (2328 kB)
[    0.000000]       .text : 0xc1000000 - 0xc16c0b5f   (6914 kB)
[    0.000000] Checking if this processor honours the WP bit even in supervisor mode...Ok.
[    0.000000] SLUB: Genslabs=13, HWalign=64, Order=0-3, MinObjects=0, CPUs=1, Nodes=1
[    0.000000] Hierarchical RCU implementation.
[    0.000000] NR_IRQS:288
[    0.000000] Extended CMOS year: 2000
[    0.000000] Console: colour VGA+ 80x25
[    0.000000] console [tty0] enabled
[    0.000000] hpet clockevent registered
[    0.000000] Fast TSC calibration using PIT
[    0.000000] Detected 2094.665 MHz processor.
[    0.001001] Calibrating delay loop (skipped), value calculated using timer frequency.. 4189.33 BogoMIPS (lpj=2094665)
[    0.002085] Security Framework initialized
[    0.002173] Mount-cache hash table entries: 512
[    0.002317] CPU: L1 I cache: 32K, L1 D cache: 32K
[    0.002443] CPU: L2 cache: 3072K
[    0.002525] mce: CPU supports 6 MCE banks
[    0.002611] CPU0: Thermal monitoring enabled (TM2)
[    0.002696] using mwait in idle threads.
[    0.002778] CPU: Intel(R) Core(TM)2 Duo CPU     T8100  @ 2.10GHz stepping 06
[    0.002951] Checking 'hlt' instruction... OK.
[    0.007939] ACPI: Core revision 20090903
[    0.027018] CANARY value: 924ede37 for PID: 1
[    0.027047] Enabling APIC mode:  Flat.  Using 1 I/O APICs
[    0.027500] ..TIMER: vector=0x30 apic1=0 pin1=2 apic2=-1 pin2=-1
[    0.037997] xor: automatically using best checksumming function: pIII_sse
[    0.041998]    pIII_sse  :  8568.000 MB/sec
[    0.042078] xor: using function: pIII_sse (8568.000 MB/sec)
[    0.042168] RANDOM - __seed init called.
[    0.042169] RANDOM - __seed init called.
[    0.042170] RANDOM - __seed init called.
[    0.042172] RANDOM - __random32 called. Change num 1.  Value: f7943846	49e73df3	af36cd0d
[    0.042173] RANDOM - __random32 called. Change num 2.  Value: 43846e13	9e73df37	9a1ad014
[    0.042175] RANDOM - __random32 called. Change num 3.  Value: 46e139c8	e73df373	a029598a
[    0.042177] RANDOM - __random32 called. Change num 4.  Value: 139c8c3b	73df373d	b3142c72
[    0.042178] RANDOM - __random32 called. Change num 5.  Value: c8c3b043	3df373de	58e576a9
[    0.042180] RANDOM - __random32 called. Change num 6.  Value: 3b0437d9	df373de5	ed53f9d8
[    0.042182] RANDOM - random32 init called.  Value: 3b0437d9	df373de5	ed53f9d8
[    0.042199] NET: Registered protocol family 16
[    0.042453] ACPI FADT declares the system doesn't support PCIe ASPM, so disable it
[    0.042566] ACPI: bus type pci registered
[    0.042724] PCI: MCFG configuration 0: base f0000000 segment 0 buses 0 - 63
[    0.042815] PCI: MCFG area at f0000000 reserved in E820
[    0.042899] PCI: Using MMCONFIG for extended config space
[    0.042982] PCI: Using configuration type 1 for base access
[    0.046100] bio: create slab <bio-0> at 0
[    0.046904] ACPI: EC: EC description table is found, configuring boot EC
[    0.052046] ACPI: BIOS _OSI(Linux) query honored via DMI
[    0.052756] random 0000 0000 0000 00000000 00000000: rand_read_num 2 get_random_bytes(8): sig fffffe1a 00000000 00000000
[    0.052759] random 0000 0000 0000 00000000 00000000: extract_entropy(.. 8 ..)
[    0.052762] random 0000 0000 0000 00000000 00000000: going to reseed nonblocking with 64 bits (64 of 0 requested)
[    0.052764] random 0000 0000 0000 00000000 00000000: extract_entropy(.. 8 ..)
[    0.052766] random 0000 0000 0000 00000000 00000000: trying to extract 64 bits from input
[    0.052768] random 0000 0000 0000 00000000 00000000: debiting 0 entropy credits from input
[    0.052770] random 0000 0000 0000 00000000 00000000: extract_entropy account returned: 0 
[    0.052773] random 0000 0000 0000 00000000 00000000: urand_change_num 3 xfer_secondary_pool(8): pool_sig fffffe1a, data_sig 00000000, bytes_mixed 0 00000000 00000000
[    0.052804] random 0000 0000 0000 00000000 00000000: trying to extract 64 bits from nonblocking
[    0.052806] random 0000 0000 0000 00000000 00000000: debiting 64 entropy credits from nonblocking (unlimited)
[    0.052808] random 0000 0000 0000 00000000 00000000: extract_entropy account returned: 8 
[    0.052813] random 0000 0000 0000 00000000 00000000: urand_change_num 4 extract_buf: pool_sig fffffe1a, data_sig fffffed7, bytes_mixed 20 00000000 00000000
[    0.057585] ACPI: Interpreter enabled
[    0.057669] ACPI: (supports S0 S3 S4 S5)
[    0.057966] ACPI: Using IOAPIC for interrupt routing
[    0.067685] ACPI: EC: GPE = 0x12, I/O: command/status = 0x66, data = 0x62
[    0.067961] ACPI: Power Resource [PUBS] (on)
[    0.070090] ACPI: ACPI Dock Station Driver: 3 docks/bays found
[    0.070495] ACPI: PCI Root Bridge [PCI0] (0000:00)
[    0.070662] pci 0000:00:02.0: reg 10 64bit mmio: [0xf8100000-0xf81fffff]
[    0.070667] pci 0000:00:02.0: reg 18 64bit mmio pref: [0xe0000000-0xefffffff]
[    0.070671] pci 0000:00:02.0: reg 20 io port: [0x1800-0x1807]
[    0.070706] pci 0000:00:02.1: reg 10 64bit mmio: [0xf8200000-0xf82fffff]
[    0.070808] pci 0000:00:19.0: reg 10 32bit mmio: [0xfe000000-0xfe01ffff]
[    0.070817] pci 0000:00:19.0: reg 14 32bit mmio: [0xfe025000-0xfe025fff]
[    0.070826] pci 0000:00:19.0: reg 18 io port: [0x1840-0x185f]
[    0.070901] pci 0000:00:19.0: PME# supported from D0 D3hot D3cold
[    0.070991] pci 0000:00:19.0: PME# disabled
[    0.071059] pci 0000:00:1a.0: reg 20 io port: [0x1860-0x187f]
[    0.071136] pci 0000:00:1a.1: reg 20 io port: [0x1880-0x189f]
[    0.071216] pci 0000:00:1a.7: reg 10 32bit mmio: [0xfe226c00-0xfe226fff]
[    0.071298] pci 0000:00:1a.7: PME# supported from D0 D3hot D3cold
[    0.071391] pci 0000:00:1a.7: PME# disabled
[    0.071540] pci 0000:00:1b.0: reg 10 64bit mmio: [0xfe020000-0xfe023fff]
[    0.071621] pci 0000:00:1b.0: PME# supported from D0 D3hot D3cold
[    0.071714] pci 0000:00:1b.0: PME# disabled
[    0.072014] pci 0000:00:1c.0: PME# supported from D0 D3hot D3cold
[    0.072100] pci 0000:00:1c.0: PME# disabled
[    0.072297] pci 0000:00:1c.1: PME# supported from D0 D3hot D3cold
[    0.072390] pci 0000:00:1c.1: PME# disabled
[    0.072583] pci 0000:00:1c.2: PME# supported from D0 D3hot D3cold
[    0.072678] pci 0000:00:1c.2: PME# disabled
[    0.072874] pci 0000:00:1c.3: PME# supported from D0 D3hot D3cold
[    0.072959] pci 0000:00:1c.3: PME# disabled
[    0.073106] pci 0000:00:1c.4: PME# supported from D0 D3hot D3cold
[    0.073190] pci 0000:00:1c.4: PME# disabled
[    0.074038] pci 0000:00:1d.0: reg 20 io port: [0x18a0-0x18bf]
[    0.074125] pci 0000:00:1d.1: reg 20 io port: [0x18c0-0x18df]
[    0.074216] pci 0000:00:1d.2: reg 20 io port: [0x18e0-0x18ff]
[    0.074311] pci 0000:00:1d.7: reg 10 32bit mmio: [0xfe227000-0xfe2273ff]
[    0.074412] pci 0000:00:1d.7: PME# supported from D0 D3hot D3cold
[    0.074495] pci 0000:00:1d.7: PME# disabled
[    0.074767] pci 0000:00:1f.0: quirk: region 1000-107f claimed by ICH6 ACPI/GPIO/TCO
[    0.074894] pci 0000:00:1f.0: quirk: region 1180-11bf claimed by ICH6 GPIO
[    0.074986] pci 0000:00:1f.0: ICH7 LPC Generic IO decode 1 PIO at 1600 (mask 007f)
[    0.074998] pci 0000:00:1f.0: ICH7 LPC Generic IO decode 2 PIO at 15e0 (mask 000f)
[    0.075123] pci 0000:00:1f.0: ICH7 LPC Generic IO decode 3 PIO at 1680 (mask 001f)
[    0.075318] pci 0000:00:1f.1: reg 10 io port: [0x00-0x07]
[    0.075327] pci 0000:00:1f.1: reg 14 io port: [0x00-0x03]
[    0.075336] pci 0000:00:1f.1: reg 18 io port: [0x00-0x07]
[    0.075345] pci 0000:00:1f.1: reg 1c io port: [0x00-0x03]
[    0.075353] pci 0000:00:1f.1: reg 20 io port: [0x1c00-0x1c0f]
[    0.075435] pci 0000:00:1f.2: reg 10 io port: [0x1c50-0x1c57]
[    0.075443] pci 0000:00:1f.2: reg 14 io port: [0x1c44-0x1c47]
[    0.075451] pci 0000:00:1f.2: reg 18 io port: [0x1c48-0x1c4f]
[    0.075459] pci 0000:00:1f.2: reg 1c io port: [0x1c40-0x1c43]
[    0.075468] pci 0000:00:1f.2: reg 20 io port: [0x1c20-0x1c3f]
[    0.075477] pci 0000:00:1f.2: reg 24 32bit mmio: [0xfe226000-0xfe2267ff]
[    0.075542] pci 0000:00:1f.2: PME# supported from D3hot
[    0.075629] pci 0000:00:1f.2: PME# disabled
[    0.075751] pci 0000:00:1f.3: reg 10 32bit mmio: [0xfe227400-0xfe2274ff]
[    0.075775] pci 0000:00:1f.3: reg 20 io port: [0x1c60-0x1c7f]
[    0.075864] pci 0000:00:1c.0: bridge io port: [0x2000-0x2fff]
[    0.075870] pci 0000:00:1c.0: bridge 32bit mmio: [0xfc000000-0xfdffffff]
[    0.075997] pci 0000:00:1c.0: bridge 64bit mmio pref: [0xf8000000-0xf80fffff]
[    0.076069] pci 0000:03:00.0: reg 10 64bit mmio: [0xdf3f0000-0xdf3fffff]
[    0.076264] pci 0000:00:1c.1: bridge io port: [0x3000-0x3fff]
[    0.076270] pci 0000:00:1c.1: bridge 32bit mmio: [0xdc000000-0xdf3fffff]
[    0.076279] pci 0000:00:1c.1: bridge 64bit mmio pref: [0xdfe00000-0xdfefffff]
[    0.076333] pci 0000:00:1c.2: bridge io port: [0x4000-0x4fff]
[    0.076339] pci 0000:00:1c.2: bridge 32bit mmio: [0xd8000000-0xd9ffffff]
[    0.076348] pci 0000:00:1c.2: bridge 64bit mmio pref: [0xdfb00000-0xdfbfffff]
[    0.076405] pci 0000:00:1c.3: bridge io port: [0x5000-0x5fff]
[    0.076411] pci 0000:00:1c.3: bridge 32bit mmio: [0xd4000000-0xd5ffffff]
[    0.076420] pci 0000:00:1c.3: bridge 64bit mmio pref: [0xdf800000-0xdf8fffff]
[    0.076474] pci 0000:00:1c.4: bridge io port: [0x6000-0x6fff]
[    0.076480] pci 0000:00:1c.4: bridge 32bit mmio: [0xd0000000-0xd1ffffff]
[    0.076489] pci 0000:00:1c.4: bridge 64bit mmio pref: [0xdf500000-0xdf5fffff]
[    0.076547] pci 0000:15:00.0: reg 10 32bit mmio: [0xf8300000-0xf8300fff]
[    0.076595] pci 0000:15:00.0: supports D1 D2
[    0.076596] pci 0000:15:00.0: PME# supported from D0 D1 D2 D3hot D3cold
[    0.076681] pci 0000:15:00.0: PME# disabled
[    0.076816] pci 0000:15:00.1: reg 10 32bit mmio: [0xf8301000-0xf83017ff]
[    0.076914] pci 0000:15:00.1: supports D1 D2
[    0.076915] pci 0000:15:00.1: PME# supported from D0 D1 D2 D3hot D3cold
[    0.077000] pci 0000:15:00.1: PME# disabled
[    0.077171] pci 0000:00:1e.0: transparent bridge
[    0.077254] pci 0000:00:1e.0: bridge io port: [0x7000-0xafff]
[    0.077260] pci 0000:00:1e.0: bridge 32bit mmio: [0xf8300000-0xfbffffff]
[    0.077269] pci 0000:00:1e.0: bridge 64bit mmio pref: [0xf4000000-0xf7ffffff]
[    0.077333] pci_bus 0000:00: on NUMA node 0
[    0.077337] ACPI: PCI Interrupt Routing Table [\_SB_.PCI0._PRT]
[    0.077471] ACPI: PCI Interrupt Routing Table [\_SB_.PCI0.EXP0._PRT]
[    0.077529] ACPI: PCI Interrupt Routing Table [\_SB_.PCI0.EXP1._PRT]
[    0.077587] ACPI: PCI Interrupt Routing Table [\_SB_.PCI0.EXP2._PRT]
[    0.077645] ACPI: PCI Interrupt Routing Table [\_SB_.PCI0.EXP3._PRT]
[    0.077708] ACPI: PCI Interrupt Routing Table [\_SB_.PCI0.EXP4._PRT]
[    0.077770] ACPI: PCI Interrupt Routing Table [\_SB_.PCI0.PCI1._PRT]
[    0.083237] ACPI: PCI Interrupt Link [LNKA] (IRQs 3 4 5 6 7 9 *10 11)
[    0.083953] ACPI: PCI Interrupt Link [LNKB] (IRQs 3 4 5 6 7 9 10 *11)
[    0.084671] ACPI: PCI Interrupt Link [LNKC] (IRQs 3 4 5 6 7 9 10 *11)
[    0.085379] ACPI: PCI Interrupt Link [LNKD] (IRQs 3 4 5 6 7 9 10 *11)
[    0.086129] ACPI: PCI Interrupt Link [LNKE] (IRQs 3 4 5 6 7 9 10 *11)
[    0.086866] ACPI: PCI Interrupt Link [LNKF] (IRQs 3 4 5 6 7 9 10 *11)
[    0.087567] ACPI: PCI Interrupt Link [LNKG] (IRQs 3 4 5 6 7 9 10 *11)
[    0.088281] ACPI: PCI Interrupt Link [LNKH] (IRQs 3 4 5 6 7 9 10 *11)
[    0.088960] vgaarb: device added: PCI:0000:00:02.0,decodes=io+mem,owns=io+mem,locks=none
[    0.089003] vgaarb: loaded
[    0.089187] SCSI subsystem initialized
[    0.089281] libata version 3.00 loaded.
[    0.089328] usbcore: registered new interface driver usbfs
[    0.089442] usbcore: registered new interface driver hub
[    0.089546] usbcore: registered new device driver usb
[    0.106040] raid6: int32x1    941 MB/s
[    0.123056] raid6: int32x2    890 MB/s
[    0.140064] raid6: int32x4    750 MB/s
[    0.156996] raid6: int32x8    656 MB/s
[    0.173985] raid6: mmxx1     2878 MB/s
[    0.190983] raid6: mmxx2     3269 MB/s
[    0.207995] raid6: sse1x1    1937 MB/s
[    0.224992] raid6: sse1x2    2535 MB/s
[    0.241985] raid6: sse2x1    3507 MB/s
[    0.258973] raid6: sse2x2    3832 MB/s
[    0.259059] raid6: using algorithm sse2x2 (3832 MB/s)
[    0.259142] PCI: Using ACPI for IRQ routing
[    0.259433] HPET: 3 timers in total, 0 timers will be used for per-cpu timer
[    0.259991] Switching to clocksource tsc
[    0.260083] pnp: PnP ACPI init
[    0.260163] ACPI: bus type pnp registered
[    0.263812] pnp: PnP ACPI: found 11 devices
[    0.263910] ACPI: ACPI bus type pnp unregistered
[    0.264004] system 00:00: iomem range 0x0-0x9ffff could not be reserved
[    0.264091] system 00:00: iomem range 0xc0000-0xc3fff could not be reserved
[    0.264173] system 00:00: iomem range 0xc4000-0xc7fff could not be reserved
[    0.264266] system 00:00: iomem range 0xc8000-0xcbfff has been reserved
[    0.264349] system 00:00: iomem range 0xcc000-0xcffff has been reserved
[    0.264430] system 00:00: iomem range 0xd0000-0xd3fff could not be reserved
[    0.264513] system 00:00: iomem range 0xe0000-0xe3fff could not be reserved
[    0.264596] system 00:00: iomem range 0xe4000-0xe7fff could not be reserved
[    0.264690] system 00:00: iomem range 0xe8000-0xebfff could not be reserved
[    0.264787] system 00:00: iomem range 0xec000-0xeffff could not be reserved
[    0.264876] system 00:00: iomem range 0xf0000-0xfffff could not be reserved
[    0.264966] system 00:00: iomem range 0x100000-0x3dffffff could not be reserved
[    0.265083] system 00:00: iomem range 0xfec00000-0xfed3ffff could not be reserved
[    0.265204] system 00:00: iomem range 0xfed4c000-0xffffffff could not be reserved
[    0.265319] system 00:02: ioport range 0x164e-0x164f has been reserved
[    0.265402] system 00:02: ioport range 0x1000-0x107f has been reserved
[    0.265484] system 00:02: ioport range 0x1180-0x11bf has been reserved
[    0.265568] system 00:02: ioport range 0x800-0x80f has been reserved
[    0.265649] system 00:02: ioport range 0x15e0-0x15ef has been reserved
[    0.265732] system 00:02: ioport range 0x1600-0x165f could not be reserved
[    0.265815] system 00:02: iomem range 0xf0000000-0xf3ffffff has been reserved
[    0.265906] system 00:02: iomem range 0xfed1c000-0xfed1ffff has been reserved
[    0.265997] system 00:02: iomem range 0xfed14000-0xfed17fff has been reserved
[    0.266080] system 00:02: iomem range 0xfed18000-0xfed18fff has been reserved
[    0.266165] system 00:02: iomem range 0xfed19000-0xfed19fff has been reserved
[    0.266248] system 00:02: iomem range 0xfed45000-0xfed4bfff has been reserved
[    0.301276] pci 0000:00:1c.0: PCI bridge, secondary bus 0000:02
[    0.301366] pci 0000:00:1c.0:   IO window: 0x2000-0x2fff
[    0.301456] pci 0000:00:1c.0:   MEM window: 0xfc000000-0xfdffffff
[    0.301545] pci 0000:00:1c.0:   PREFETCH window: 0x000000f8000000-0x000000f80fffff
[    0.301661] pci 0000:00:1c.1: PCI bridge, secondary bus 0000:03
[    0.301748] pci 0000:00:1c.1:   IO window: 0x3000-0x3fff
[    0.301832] pci 0000:00:1c.1:   MEM window: 0xdc000000-0xdf3fffff
[    0.301920] pci 0000:00:1c.1:   PREFETCH window: 0x000000dfe00000-0x000000dfefffff
[    0.302038] pci 0000:00:1c.2: PCI bridge, secondary bus 0000:04
[    0.302119] pci 0000:00:1c.2:   IO window: 0x4000-0x4fff
[    0.302215] pci 0000:00:1c.2:   MEM window: 0xd8000000-0xd9ffffff
[    0.302305] pci 0000:00:1c.2:   PREFETCH window: 0x000000dfb00000-0x000000dfbfffff
[    0.302433] pci 0000:00:1c.3: PCI bridge, secondary bus 0000:05
[    0.302518] pci 0000:00:1c.3:   IO window: 0x5000-0x5fff
[    0.302607] pci 0000:00:1c.3:   MEM window: 0xd4000000-0xd5ffffff
[    0.302699] pci 0000:00:1c.3:   PREFETCH window: 0x000000df800000-0x000000df8fffff
[    0.302816] pci 0000:00:1c.4: PCI bridge, secondary bus 0000:0d
[    0.302917] pci 0000:00:1c.4:   IO window: 0x6000-0x6fff
[    0.303005] pci 0000:00:1c.4:   MEM window: 0xd0000000-0xd1ffffff
[    0.303093] pci 0000:00:1c.4:   PREFETCH window: 0x000000df500000-0x000000df5fffff
[    0.303223] pci 0000:15:00.0: CardBus bridge, secondary bus 0000:16
[    0.303304] pci 0000:15:00.0:   IO window: 0x007000-0x0070ff
[    0.303389] pci 0000:15:00.0:   IO window: 0x007400-0x0074ff
[    0.303478] pci 0000:15:00.0:   PREFETCH window: 0xf4000000-0xf7ffffff
[    0.303570] pci 0000:15:00.0:   MEM window: 0x40000000-0x43ffffff
[    0.303659] pci 0000:00:1e.0: PCI bridge, secondary bus 0000:15
[    0.303745] pci 0000:00:1e.0:   IO window: 0x7000-0xafff
[    0.303829] pci 0000:00:1e.0:   MEM window: 0xf8300000-0xfbffffff
[    0.303922] pci 0000:00:1e.0:   PREFETCH window: 0x000000f4000000-0x000000f7ffffff
[    0.304051] pci 0000:00:1c.0: PCI INT A -> GSI 20 (level, low) -> IRQ 20
[    0.304135] pci 0000:00:1c.0: setting latency timer to 64
[    0.304150] pci 0000:00:1c.1: PCI INT B -> GSI 21 (level, low) -> IRQ 21
[    0.304240] pci 0000:00:1c.1: setting latency timer to 64
[    0.304253] pci 0000:00:1c.2: PCI INT C -> GSI 22 (level, low) -> IRQ 22
[    0.304339] pci 0000:00:1c.2: setting latency timer to 64
[    0.304352] pci 0000:00:1c.3: PCI INT D -> GSI 23 (level, low) -> IRQ 23
[    0.304443] pci 0000:00:1c.3: setting latency timer to 64
[    0.304461] pci 0000:00:1c.4: PCI INT A -> GSI 20 (level, low) -> IRQ 20
[    0.304549] pci 0000:00:1c.4: setting latency timer to 64
[    0.304558] pci 0000:00:1e.0: enabling device (0005 -> 0007)
[    0.304649] pci 0000:00:1e.0: setting latency timer to 64
[    0.304664] pci 0000:15:00.0: PCI INT A -> GSI 16 (level, low) -> IRQ 16
[    0.304760] pci 0000:15:00.0: setting latency timer to 64
[    0.304764] pci_bus 0000:00: resource 0 io:  [0x00-0xffff]
[    0.304766] pci_bus 0000:00: resource 1 mem: [0x000000-0xffffffff]
[    0.304768] pci_bus 0000:02: resource 0 io:  [0x2000-0x2fff]
[    0.304770] pci_bus 0000:02: resource 1 mem: [0xfc000000-0xfdffffff]
[    0.304771] pci_bus 0000:02: resource 2 pref mem [0xf8000000-0xf80fffff]
[    0.304773] pci_bus 0000:03: resource 0 io:  [0x3000-0x3fff]
[    0.304775] pci_bus 0000:03: resource 1 mem: [0xdc000000-0xdf3fffff]
[    0.304777] pci_bus 0000:03: resource 2 pref mem [0xdfe00000-0xdfefffff]
[    0.304779] pci_bus 0000:04: resource 0 io:  [0x4000-0x4fff]
[    0.304781] pci_bus 0000:04: resource 1 mem: [0xd8000000-0xd9ffffff]
[    0.304782] pci_bus 0000:04: resource 2 pref mem [0xdfb00000-0xdfbfffff]
[    0.304784] pci_bus 0000:05: resource 0 io:  [0x5000-0x5fff]
[    0.304786] pci_bus 0000:05: resource 1 mem: [0xd4000000-0xd5ffffff]
[    0.304788] pci_bus 0000:05: resource 2 pref mem [0xdf800000-0xdf8fffff]
[    0.304789] pci_bus 0000:0d: resource 0 io:  [0x6000-0x6fff]
[    0.304791] pci_bus 0000:0d: resource 1 mem: [0xd0000000-0xd1ffffff]
[    0.304793] pci_bus 0000:0d: resource 2 pref mem [0xdf500000-0xdf5fffff]
[    0.304795] pci_bus 0000:15: resource 0 io:  [0x7000-0xafff]
[    0.304796] pci_bus 0000:15: resource 1 mem: [0xf8300000-0xfbffffff]
[    0.304798] pci_bus 0000:15: resource 2 pref mem [0xf4000000-0xf7ffffff]
[    0.304800] pci_bus 0000:15: resource 3 io:  [0x00-0xffff]
[    0.304802] pci_bus 0000:15: resource 4 mem: [0x000000-0xffffffff]
[    0.304803] pci_bus 0000:16: resource 0 io:  [0x7000-0x70ff]
[    0.304805] pci_bus 0000:16: resource 1 io:  [0x7400-0x74ff]
[    0.304807] pci_bus 0000:16: resource 2 pref mem [0xf4000000-0xf7ffffff]
[    0.304809] pci_bus 0000:16: resource 3 mem: [0x40000000-0x43ffffff]
[    0.304816] NET: Registered protocol family 2
[    0.304904] RANDOM - __random32 called. Change num 7.  Value: 437d97bf	f373de51	f3b0f986
[    0.304906] RANDOM - random32 called.  Value: 437d97bf	f373de51	f3b0f986
[    0.304910] random 0000 0000 0000 5f8db4e5 4cfdf2a8: rand_read_num 3 get_random_bytes(4): sig fffffb64 5f8db4e5 4cfdf2a8
[    0.304913] random 0000 0000 0000 5f8db4e5 4cfdf2a8: extract_entropy(.. 4 ..)
[    0.304915] random 0000 0000 0000 5f8db4e5 4cfdf2a8: going to reseed nonblocking with 64 bits (32 of 0 requested)
[    0.304917] random 0000 0000 0000 5f8db4e5 4cfdf2a8: extract_entropy(.. 8 ..)
[    0.304919] random 0000 0000 0000 5f8db4e5 4cfdf2a8: trying to extract 64 bits from input
[    0.304921] random 0000 0000 0000 5f8db4e5 4cfdf2a8: debiting 0 entropy credits from input
[    0.304923] random 0000 0000 0000 5f8db4e5 4cfdf2a8: extract_entropy account returned: 0 
[    0.304926] random 0000 0000 0000 5f8db4e5 4cfdf2a8: urand_change_num 5 xfer_secondary_pool(4): pool_sig fffffb64, data_sig 00000000, bytes_mixed 0 5f8db4e5 4cfdf2a8
[    0.304929] random 0000 0000 0000 5f8db4e5 4cfdf2a8: trying to extract 32 bits from nonblocking
[    0.304931] random 0000 0000 0000 5f8db4e5 4cfdf2a8: debiting 32 entropy credits from nonblocking (unlimited)
[    0.304933] random 0000 0000 0000 5f8db4e5 4cfdf2a8: extract_entropy account returned: 4 
[    0.304938] random 0000 0000 0000 5f8db4e5 4cfdf2a8: urand_change_num 6 extract_buf: pool_sig fffffb64, data_sig 00000241, bytes_mixed 20 5f8db4e5 4cfdf2a8
[    0.304947] IP route cache hash table entries: 32768 (order: 5, 131072 bytes)
[    0.305079] RANDOM - __random32 called. Change num 8.  Value: d97bfe31	373de51f	f30dc6e6
[    0.305081] RANDOM - random32 called.  Value: d97bfe31	373de51f	f30dc6e6
[    0.305091] RANDOM - __random32 called. Change num 9.  Value: bfe314d7	73de51f5	8dcd6c7e
[    0.305093] RANDOM - random32 called.  Value: bfe314d7	73de51f5	8dcd6c7e
[    0.305095] RANDOM - __random32 called. Change num 10.  Value: 314d7baf	3de51f5e	d8fc74c1
[    0.305097] RANDOM - random32 called.  Value: 314d7baf	3de51f5e	d8fc74c1
[    0.305107] RANDOM - __random32 called. Change num 11.  Value: d7baf3c7	de51f5e5	e983e3fa
[    0.305109] RANDOM - random32 called.  Value: d7baf3c7	de51f5e5	e983e3fa
[    0.305118] TCP established hash table entries: 131072 (order: 8, 1048576 bytes)
[    0.305613] TCP bind hash table entries: 65536 (order: 6, 262144 bytes)
[    0.305791] TCP: Hash tables configured (established 131072 bind 65536)
[    0.305876] TCP reno registered
[    0.305979] NET: Registered protocol family 1
[    0.306092] RPC: Registered udp transport module.
[    0.306172] RPC: Registered tcp transport module.
[    0.306255] RPC: Registered tcp NFSv4.1 backchannel transport module.
[    0.306341] pci 0000:00:02.0: Boot video device
[    0.306556] Simple Boot Flag at 0x35 set to 0x1
[    0.307118] highmem bounce pool size: 64 pages
[    0.308611] VFS: Disk quotas dquot_6.5.2
[    0.308725] Dquot-cache hash table entries: 1024 (order 0, 4096 bytes)
[    0.309457] NTFS driver 2.1.29 [Flags: R/W].
[    0.309615] ROMFS MTD (C) 2007 Red Hat, Inc.
[    0.309818] JFS: nTxBlock = 7695, nTxLock = 61562
[    0.312259] SGI XFS with ACLs, security attributes, large block/inode numbers, no debug enabled
[    0.312732] SGI XFS Quota Management subsystem
[    0.313065] Slow work thread pool: Starting up
[    0.313162] Slow work thread pool: Ready
[    0.313258] GFS2 (built May 24 2013 02:47:17) installed
[    0.313349] msgmni has been set to 1734
[    0.313515] alg: No test for cipher_null (cipher_null-generic)
[    0.313607] alg: No test for ecb(cipher_null) (ecb-cipher_null)
[    0.313711] alg: No test for digest_null (digest_null-generic)
[    0.313806] alg: No test for compress_null (compress_null-generic)
[    0.314351] alg: No test for fcrypt (fcrypt-generic)
[    0.315756] alg: No test for stdrng (krng)
[    0.315843] async_tx: api initialized (async)
[    0.316008] Block layer SCSI generic (bsg) driver version 0.4 loaded (major 254)
[    0.316125] io scheduler noop registered
[    0.316203] io scheduler anticipatory registered
[    0.316282] io scheduler deadline registered
[    0.316413] io scheduler cfq registered (default)
[    0.316642] pcieport 0000:00:1c.0: irq 24 for MSI/MSI-X
[    0.316661] pcieport 0000:00:1c.0: setting latency timer to 64
[    0.316846] pcieport 0000:00:1c.1: irq 25 for MSI/MSI-X
[    0.316857] pcieport 0000:00:1c.1: setting latency timer to 64
[    0.317053] pcieport 0000:00:1c.2: irq 26 for MSI/MSI-X
[    0.317065] pcieport 0000:00:1c.2: setting latency timer to 64
[    0.317237] pcieport 0000:00:1c.3: irq 27 for MSI/MSI-X
[    0.317248] pcieport 0000:00:1c.3: setting latency timer to 64
[    0.317425] pcieport 0000:00:1c.4: irq 28 for MSI/MSI-X
[    0.317434] pcieport 0000:00:1c.4: setting latency timer to 64
[    0.317577] pci_hotplug: PCI Hot Plug PCI Core version: 0.5
[    0.317766] isapnp: Scanning for PnP cards...
[    0.678300] isapnp: No Plug & Play device found
[    0.678381] random 0000 0000 0000 5f8db4e5 4cfdf2a8: initializing
[    0.697878] Serial: 8250/16550 driver, 4 ports, IRQ sharing enabled
[    3.708808] floppy0: no floppy controllers found
[    3.709751] brd: module loaded
[    3.710247] loop: module loaded
[    3.710335] Compaq SMART2 Driver (v 2.6.0)
[    3.710449] HP CISS Driver (v 3.6.20)
[    3.710681] input: Macintosh mouse button emulation as /devices/virtual/input/input0
[    3.710820] Uniform Multi-Platform E-IDE driver
[    3.711036] piix 0000:00:1f.1: IDE controller (0x8086:0x2850 rev 0x03)
[    3.711140] pci 0000:00:1f.1: PCI INT C -> GSI 16 (level, low) -> IRQ 16
[    3.711244] piix 0000:00:1f.1: IDE port disabled
[    3.711336] piix 0000:00:1f.1: not 100% native mode: will probe irqs later
[    3.711430]     ide0: BM-DMA at 0x1c00-0x1c07
[    3.711522] Probing IDE interface ide0...
[    4.383013] hda: HL-DT-ST DVDRAM GSA-U10N, ATAPI CD/DVD-ROM drive
[    4.689817] hda: host max PIO4 wanted PIO255(auto-tune) selected PIO4
[    4.690591] hda: UDMA/33 mode selected
[    4.691055] ide0 at 0x1f0-0x1f7,0x3f6 on irq 14
[    4.694938] ide-gd driver 1.18
[    4.695034] ide-cd driver 5.00
[    4.696412] ide-cd: hda: ATAPI 24X DVD-ROM DVD-R/RAM CD-R/RW drive, 2048kB Cache
[    4.696830] Uniform CD-ROM driver Revision: 3.20
[    4.703973] Loading iSCSI transport class v2.0-870.
[    4.704252] rdac: device handler registered
[    4.704331] hp_sw: device handler registered
[    4.704414] emc: device handler registered
[    4.704492] alua: device handler registered
[    4.705464] Adaptec aacraid driver 1.1-5[2461]-ms
[    4.705890] scsi: <fdomain> Detection failed (no card)
[    4.705977] sym53c416.c: Version 1.0.0-ac
[    4.706090] qlogicfas: no cards were found, please specify I/O address and IRQ using iobase= and irq= options
[    4.706204] QLogic Fibre Channel HBA Driver: 8.03.01-k6
[    4.706414] iscsi: registered transport (qla4xxx)
[    4.706522] QLogic iSCSI HBA Driver
[    4.706600] Emulex LightPulse Fibre Channel SCSI driver 8.3.4
[    4.706682] Copyright(c) 2004-2009 Emulex.  All rights reserved.
[    4.728805] Failed initialization of WD-7000 SCSI card!
[    4.817909] DC390: clustering now enabled by default. If you get problems load
[    4.818024]        with "disable_clustering=1" and report to maintainers
[    4.818148] megaraid cmm: 2.20.2.7 (Release Date: Sun Jul 16 00:01:03 EST 2006)
[    4.818292] megaraid: 2.20.5.1 (Release Date: Thu Nov 16 15:32:35 EST 2006)
[    4.818401] megasas: 00.00.04.01 Thu July 24 11:41:51 PST 2008
[    4.818526] GDT-HA: Storage RAID Controller Driver. Version: 3.05
[    4.818673] 3ware Storage Controller device driver for Linux v1.26.02.002.
[    4.818785] 3ware 9000 Storage Controller device driver for Linux v2.26.02.012.
[    4.818919] nsp32: loading...
[    4.819023] ipr: IBM Power RAID SCSI Device Driver version: 2.4.3 (June 10, 2009)
[    4.819166] RocketRAID 3xxx/4xxx Controller driver v1.6 (090910)
[    4.819266] stex: Promise SuperTrak EX Driver version: 4.6.0000.3
[    4.819393] st: Version 20081215, fixed bufsize 32768, s/g segs 256
[    4.819582] ahci 0000:00:1f.2: version 3.0
[    4.819596] ahci 0000:00:1f.2: PCI INT B -> GSI 16 (level, low) -> IRQ 16
[    4.819717] ahci 0000:00:1f.2: irq 29 for MSI/MSI-X
[    4.819775] ahci 0000:00:1f.2: AHCI 0001.0100 32 slots 3 ports 1.5 Gbps 0x5 impl SATA mode
[    4.819906] ahci 0000:00:1f.2: flags: 64bit ncq sntf pm led clo pio slum part ccc 
[    4.820028] ahci 0000:00:1f.2: setting latency timer to 64
[    4.820169] scsi2 : ahci
[    4.820323] scsi3 : ahci
[    4.820452] scsi4 : ahci
[    4.820616] ata1: SATA max UDMA/133 abar m2048@0xfe226000 port 0xfe226100 irq 29
[    4.820730] ata2: DUMMY
[    4.820830] ata3: SATA max UDMA/133 abar m2048@0xfe226000 port 0xfe226200 irq 29
[    4.821422] I2O subsystem v1.325
[    4.821512] i2o: max drivers = 8
[    4.821656] I2O Configuration OSM v1.323
[    4.821750] I2O Bus Adapter OSM v1.317
[    4.821871] I2O Block Device OSM v1.325
[    4.822017] I2O SCSI Peripheral OSM v1.316
[    4.822118] I2O ProcFS OSM v1.316
[    4.822214] Fusion MPT base driver 3.04.12
[    4.822305] Copyright (c) 1999-2008 LSI Corporation
[    4.822393] Fusion MPT SPI Host driver 3.04.12
[    4.822501] Fusion MPT FC Host driver 3.04.12
[    4.822604] Fusion MPT SAS Host driver 3.04.12
[    4.822748] ohci1394 0000:15:00.1: PCI INT B -> GSI 17 (level, low) -> IRQ 17
[    4.822864] ohci1394 0000:15:00.1: setting latency timer to 64
[    4.876821] ohci1394: fw-host0: OHCI-1394 1.1 (PCI): IRQ=[17]  MMIO=[f8301000-f83017ff]  Max Packet=[2048]  IR/IT contexts=[4/4]
[    4.881087] ehci_hcd: USB 2.0 'Enhanced' Host Controller (EHCI) Driver
[    4.881397] ehci_hcd 0000:00:1a.7: power state changed by ACPI to D0
[    4.881659] ehci_hcd 0000:00:1a.7: power state changed by ACPI to D0
[    4.881752] ehci_hcd 0000:00:1a.7: PCI INT C -> GSI 22 (level, low) -> IRQ 22
[    4.881849] ehci_hcd 0000:00:1a.7: setting latency timer to 64
[    4.881854] ehci_hcd 0000:00:1a.7: EHCI Host Controller
[    4.881985] ehci_hcd 0000:00:1a.7: new USB bus registered, assigned bus number 1
[    4.886035] ehci_hcd 0000:00:1a.7: cache line size of 32 is not supported
[    4.886044] ehci_hcd 0000:00:1a.7: irq 22, io mem 0xfe226c00
[    4.895784] ehci_hcd 0000:00:1a.7: USB 2.0 started, EHCI 1.00
[    4.895888] usb usb1: New USB device found, idVendor=1d6b, idProduct=0002
[    4.895973] usb usb1: New USB device strings: Mfr=3, Product=2, SerialNumber=1
[    4.896092] usb usb1: Product: EHCI Host Controller
[    4.896170] usb usb1: Manufacturer: Linux 2.6.32.57 ehci_hcd
[    4.896250] usb usb1: SerialNumber: 0000:00:1a.7
[    4.896390] usb usb1: configuration #1 chosen from 1 choice
[    4.896503] hub 1-0:1.0: USB hub found
[    4.896585] hub 1-0:1.0: 4 ports detected
[    4.896907] ehci_hcd 0000:00:1d.7: power state changed by ACPI to D0
[    4.897160] ehci_hcd 0000:00:1d.7: power state changed by ACPI to D0
[    4.897249] ehci_hcd 0000:00:1d.7: PCI INT D -> GSI 19 (level, low) -> IRQ 19
[    4.897342] ehci_hcd 0000:00:1d.7: setting latency timer to 64
[    4.897345] ehci_hcd 0000:00:1d.7: EHCI Host Controller
[    4.897462] ehci_hcd 0000:00:1d.7: new USB bus registered, assigned bus number 2
[    4.897614] ehci_hcd 0000:00:1d.7: debug port 1
[    4.901600] ehci_hcd 0000:00:1d.7: cache line size of 32 is not supported
[    4.901609] ehci_hcd 0000:00:1d.7: irq 19, io mem 0xfe227000
[    4.911784] ehci_hcd 0000:00:1d.7: USB 2.0 started, EHCI 1.00
[    4.911887] usb usb2: New USB device found, idVendor=1d6b, idProduct=0002
[    4.911967] usb usb2: New USB device strings: Mfr=3, Product=2, SerialNumber=1
[    4.912079] usb usb2: Product: EHCI Host Controller
[    4.912163] usb usb2: Manufacturer: Linux 2.6.32.57 ehci_hcd
[    4.912247] usb usb2: SerialNumber: 0000:00:1d.7
[    4.912382] usb usb2: configuration #1 chosen from 1 choice
[    4.912493] hub 2-0:1.0: USB hub found
[    4.912574] hub 2-0:1.0: 6 ports detected
[    4.912745] 116x: driver isp116x-hcd, 03 Nov 2005
[    4.912850] ohci_hcd: USB 1.1 'Open' Host Controller (OHCI) Driver
[    4.912958] uhci_hcd: USB Universal Host Controller Interface driver
[    4.913061] uhci_hcd 0000:00:1a.0: PCI INT A -> GSI 20 (level, low) -> IRQ 20
[    4.913158] uhci_hcd 0000:00:1a.0: setting latency timer to 64
[    4.913162] uhci_hcd 0000:00:1a.0: UHCI Host Controller
[    4.913284] uhci_hcd 0000:00:1a.0: new USB bus registered, assigned bus number 3
[    4.913437] uhci_hcd 0000:00:1a.0: irq 20, io base 0x00001860
[    4.913560] usb usb3: New USB device found, idVendor=1d6b, idProduct=0001
[    4.913642] usb usb3: New USB device strings: Mfr=3, Product=2, SerialNumber=1
[    4.913756] usb usb3: Product: UHCI Host Controller
[    4.913854] usb usb3: Manufacturer: Linux 2.6.32.57 uhci_hcd
[    4.913938] usb usb3: SerialNumber: 0000:00:1a.0
[    4.914066] usb usb3: configuration #1 chosen from 1 choice
[    4.914174] hub 3-0:1.0: USB hub found
[    4.914266] hub 3-0:1.0: 2 ports detected
[    4.914575] uhci_hcd 0000:00:1a.1: power state changed by ACPI to D0
[    4.914856] uhci_hcd 0000:00:1a.1: power state changed by ACPI to D0
[    4.914943] uhci_hcd 0000:00:1a.1: PCI INT B -> GSI 21 (level, low) -> IRQ 21
[    4.915038] uhci_hcd 0000:00:1a.1: setting latency timer to 64
[    4.915042] uhci_hcd 0000:00:1a.1: UHCI Host Controller
[    4.915159] uhci_hcd 0000:00:1a.1: new USB bus registered, assigned bus number 4
[    4.915305] uhci_hcd 0000:00:1a.1: irq 21, io base 0x00001880
[    4.915410] usb usb4: New USB device found, idVendor=1d6b, idProduct=0001
[    4.915491] usb usb4: New USB device strings: Mfr=3, Product=2, SerialNumber=1
[    4.915610] usb usb4: Product: UHCI Host Controller
[    4.915689] usb usb4: Manufacturer: Linux 2.6.32.57 uhci_hcd
[    4.915774] usb usb4: SerialNumber: 0000:00:1a.1
[    4.915908] usb usb4: configuration #1 chosen from 1 choice
[    4.916028] hub 4-0:1.0: USB hub found
[    4.916110] hub 4-0:1.0: 2 ports detected
[    4.916392] uhci_hcd 0000:00:1d.0: power state changed by ACPI to D0
[    4.916645] uhci_hcd 0000:00:1d.0: power state changed by ACPI to D0
[    4.916740] uhci_hcd 0000:00:1d.0: PCI INT A -> GSI 16 (level, low) -> IRQ 16
[    4.916839] uhci_hcd 0000:00:1d.0: setting latency timer to 64
[    4.916843] uhci_hcd 0000:00:1d.0: UHCI Host Controller
[    4.916967] uhci_hcd 0000:00:1d.0: new USB bus registered, assigned bus number 5
[    4.917109] uhci_hcd 0000:00:1d.0: irq 16, io base 0x000018a0
[    4.917223] usb usb5: New USB device found, idVendor=1d6b, idProduct=0001
[    4.917305] usb usb5: New USB device strings: Mfr=3, Product=2, SerialNumber=1
[    4.917419] usb usb5: Product: UHCI Host Controller
[    4.917507] usb usb5: Manufacturer: Linux 2.6.32.57 uhci_hcd
[    4.917594] usb usb5: SerialNumber: 0000:00:1d.0
[    4.917725] usb usb5: configuration #1 chosen from 1 choice
[    4.917847] hub 5-0:1.0: USB hub found
[    4.917928] hub 5-0:1.0: 2 ports detected
[    4.918062] uhci_hcd 0000:00:1d.1: PCI INT B -> GSI 17 (level, low) -> IRQ 17
[    4.918157] uhci_hcd 0000:00:1d.1: setting latency timer to 64
[    4.918161] uhci_hcd 0000:00:1d.1: UHCI Host Controller
[    4.918287] uhci_hcd 0000:00:1d.1: new USB bus registered, assigned bus number 6
[    4.918433] uhci_hcd 0000:00:1d.1: irq 17, io base 0x000018c0
[    4.918544] usb usb6: New USB device found, idVendor=1d6b, idProduct=0001
[    4.918630] usb usb6: New USB device strings: Mfr=3, Product=2, SerialNumber=1
[    4.918741] usb usb6: Product: UHCI Host Controller
[    4.918830] usb usb6: Manufacturer: Linux 2.6.32.57 uhci_hcd
[    4.918910] usb usb6: SerialNumber: 0000:00:1d.1
[    4.919035] usb usb6: configuration #1 chosen from 1 choice
[    4.919154] hub 6-0:1.0: USB hub found
[    4.919248] hub 6-0:1.0: 2 ports detected
[    4.919537] uhci_hcd 0000:00:1d.2: power state changed by ACPI to D0
[    4.919787] uhci_hcd 0000:00:1d.2: power state changed by ACPI to D0
[    4.919884] uhci_hcd 0000:00:1d.2: PCI INT C -> GSI 18 (level, low) -> IRQ 18
[    4.919972] uhci_hcd 0000:00:1d.2: setting latency timer to 64
[    4.919975] uhci_hcd 0000:00:1d.2: UHCI Host Controller
[    4.920092] uhci_hcd 0000:00:1d.2: new USB bus registered, assigned bus number 7
[    4.920240] uhci_hcd 0000:00:1d.2: irq 18, io base 0x000018e0
[    4.920363] usb usb7: New USB device found, idVendor=1d6b, idProduct=0001
[    4.920446] usb usb7: New USB device strings: Mfr=3, Product=2, SerialNumber=1
[    4.920571] usb usb7: Product: UHCI Host Controller
[    4.920658] usb usb7: Manufacturer: Linux 2.6.32.57 uhci_hcd
[    4.920743] usb usb7: SerialNumber: 0000:00:1d.2
[    4.921531] usb usb7: configuration #1 chosen from 1 choice
[    4.921639] hub 7-0:1.0: USB hub found
[    4.921732] hub 7-0:1.0: 2 ports detected
[    4.921892] sl811: driver sl811-hcd, 19 May 2005
[    4.921988] r8a66597_hcd: driver r8a66597_hcd, 2009-05-26
[    4.922151] Initializing USB Mass Storage driver...
[    4.922276] usbcore: registered new interface driver usb-storage
[    4.922364] USB Mass Storage support registered.
[    4.922468] usbcore: registered new interface driver ums-alauda
[    4.922572] usbcore: registered new interface driver ums-cypress
[    4.922672] usbcore: registered new interface driver ums-datafab
[    4.922774] usbcore: registered new interface driver ums-freecom
[    4.922880] usbcore: registered new interface driver ums-isd200
[    4.922980] usbcore: registered new interface driver ums-jumpshot
[    4.923079] usbcore: registered new interface driver ums-karma
[    4.923178] usbcore: registered new interface driver ums-onetouch
[    4.923293] usbcore: registered new interface driver ums-sddr09
[    4.923394] usbcore: registered new interface driver ums-sddr55
[    4.923497] usbcore: registered new interface driver ums-usbat
[    4.923634] PNP: PS/2 Controller [PNP0303:KBD,PNP0f13:MOU] at 0x60,0x64 irq 1,12
[    4.932553] serio: i8042 KBD port at 0x60,0x64 irq 1
[    4.932633] serio: i8042 AUX port at 0x60,0x64 irq 12
[    4.932883] mice: PS/2 mouse device common for all mice
[    4.932990] i2c /dev entries driver
[    4.933111] md: linear personality registered for level -1
[    4.933197] md: raid0 personality registered for level 0
[    4.933282] md: raid1 personality registered for level 1
[    4.933379] md: raid10 personality registered for level 10
[    4.933459] md: raid6 personality registered for level 6
[    4.933549] md: raid5 personality registered for level 5
[    4.933633] md: raid4 personality registered for level 4
[    4.933713] md: multipath personality registered for level -4
[    4.933918] device-mapper: ioctl: 4.15.0-ioctl (2009-04-01) initialised: dm-devel@redhat.com
[    4.934111] cpuidle: using governor ladder
[    4.934699] usbcore: registered new interface driver usbhid
[    4.934798] usbhid: v2.6:USB HID core driver
[    4.934943] random 0000 0000 0000 00000000 00000000: rand_read_num 4 get_random_bytes(136): sig 00000000 00000000 00000000
[    4.934945] random 0000 0000 0000 00000000 00000000: extract_entropy(.. 136 ..)
[    4.934948] random 0000 0000 0000 00000000 00000000: going to reseed nonblocking with 1024 bits (1088 of 0 requested)
[    4.934950] random 0000 0000 0000 00000000 00000000: extract_entropy(.. 128 ..)
[    4.934952] random 0000 0000 0000 00000000 00000000: trying to extract 1024 bits from input
[    4.934954] random 0000 0000 0000 00000000 00000000: debiting 0 entropy credits from input
[    4.934956] random 0000 0000 0000 00000000 00000000: extract_entropy account returned: 0 
[    4.934959] random 0000 0000 0000 00000000 00000000: urand_change_num 7 xfer_secondary_pool(136): pool_sig 00000000, data_sig 00000000, bytes_mixed 0 00000000 00000000
[    4.934962] random 0000 0000 0000 00000000 00000000: trying to extract 1088 bits from nonblocking
[    4.934965] random 0000 0000 0000 00000000 00000000: debiting 1088 entropy credits from nonblocking (unlimited)
[    4.934967] random 0000 0000 0000 00000000 00000000: extract_entropy account returned: 136 
[    4.934971] random 0000 0000 0000 00000000 00000000: urand_change_num 8 extract_buf: pool_sig 00000000, data_sig fffffff9, bytes_mixed 20 00000000 00000000
[    4.934977] random 0000 0000 0000 b7c35b56 be4dc95d: urand_change_num 9 extract_buf: pool_sig fffffd1e, data_sig 000000c5, bytes_mixed 20 b7c35b56 be4dc95d
[    4.934982] random 0000 0000 0000 ed9f5c47 c48487fb: urand_change_num 10 extract_buf: pool_sig fffff8ec, data_sig ffffff68, bytes_mixed 20 ed9f5c47 c48487fb
[    4.934987] random 0000 0000 0000 ed9f5c47 c48487fb: urand_change_num 11 extract_buf: pool_sig fffffaed, data_sig 000001aa, bytes_mixed 20 ed9f5c47 c48487fb
[    4.934992] random 0000 0000 0000 1b4f7c0a 91bd6a48: urand_change_num 12 extract_buf: pool_sig fffffdd8, data_sig 00000064, bytes_mixed 20 1b4f7c0a 91bd6a48
[    4.934997] random 0000 0000 0000 a254b9bc 20e9a24f: urand_change_num 13 extract_buf: pool_sig fffffbe6, data_sig 000001dd, bytes_mixed 20 a254b9bc 20e9a24f
[    4.935003] random 0000 0000 0000 a254b9bc 20e9a24f: urand_change_num 14 extract_buf: pool_sig fffff940, data_sig fffffe20, bytes_mixed 20 a254b9bc 20e9a24f
[    4.935008] random 0000 0000 0000 2831a66b 5fa2a3ad: urand_change_num 15 extract_buf: pool_sig fffffbce, data_sig 0000007e, bytes_mixed 20 2831a66b 5fa2a3ad
[    4.935013] random 0000 0000 0000 2831a66b 5fa2a3ad: urand_change_num 16 extract_buf: pool_sig 000004df, data_sig fffffe8f, bytes_mixed 20 2831a66b 5fa2a3ad
[    4.935018] random 0000 0000 0000 d4512bfd c9a54e0b: urand_change_num 17 extract_buf: pool_sig 00000485, data_sig fffffe68, bytes_mixed 20 d4512bfd c9a54e0b
[    4.935023] random 0000 0000 0000 c7371be6 f9ffea11: urand_change_num 18 extract_buf: pool_sig 00000095, data_sig ffffffed, bytes_mixed 20 c7371be6 f9ffea11
[    4.935028] random 0000 0000 0000 c7371be6 f9ffea11: urand_change_num 19 extract_buf: pool_sig 000003a7, data_sig fffffefa, bytes_mixed 20 c7371be6 f9ffea11
[    4.935034] random 0000 0000 0000 8fb4b62c d1ddba54: urand_change_num 20 extract_buf: pool_sig 00000179, data_sig ffffff78, bytes_mixed 20 8fb4b62c d1ddba54
[    4.935039] random 0000 0000 0000 9ff19f9c c07a1d2a: urand_change_num 21 extract_buf: pool_sig fffffe88, data_sig 00000126, bytes_mixed 20 9ff19f9c c07a1d2a
[    4.935043] TCP cubic registered
[    4.935126] Initializing XFRM netlink socket
[    4.935214] NET: Registered protocol family 17
[    4.935299] Using IPI Shortcut mode
[    4.935382] random 0000 0000 0000 9ff19f9c c07a1d2a: rand_read_num 5 get_random_bytes(8): sig 0000031b 9ff19f9c c07a1d2a
[    4.935385] random 0000 0000 0000 9ff19f9c c07a1d2a: extract_entropy(.. 8 ..)
[    4.935387] random 0000 0000 0000 9ff19f9c c07a1d2a: going to reseed nonblocking with 64 bits (64 of 0 requested)
[    4.935389] random 0000 0000 0000 9ff19f9c c07a1d2a: extract_entropy(.. 8 ..)
[    4.935391] random 0000 0000 0000 9ff19f9c c07a1d2a: trying to extract 64 bits from input
[    4.935393] random 0000 0000 0000 9ff19f9c c07a1d2a: debiting 0 entropy credits from input
[    4.935395] random 0000 0000 0000 9ff19f9c c07a1d2a: extract_entropy account returned: 0 
[    4.935398] random 0000 0000 0000 9ff19f9c c07a1d2a: urand_change_num 22 xfer_secondary_pool(8): pool_sig 0000031b, data_sig 00000000, bytes_mixed 0 9ff19f9c c07a1d2a
[    4.935401] random 0000 0000 0000 9ff19f9c c07a1d2a: trying to extract 64 bits from nonblocking
[    4.935403] random 0000 0000 0000 9ff19f9c c07a1d2a: debiting 64 entropy credits from nonblocking (unlimited)
[    4.935405] random 0000 0000 0000 9ff19f9c c07a1d2a: extract_entropy account returned: 8 
[    4.935409] random 0000 0000 0000 9ff19f9c c07a1d2a: urand_change_num 23 extract_buf: pool_sig 0000031b, data_sig ffffffb3, bytes_mixed 20 9ff19f9c c07a1d2a
[    4.938656] input: AT Translated Set 2 keyboard as /devices/platform/i8042/serio0/input/input1
[    5.125791] ata3: SATA link down (SStatus 0 SControl 300)
[    5.125893] ata1: SATA link up 1.5 Gbps (SStatus 113 SControl 300)
[    5.127827] ata1.00: ACPI cmd ef/02:00:00:00:00:a0 (SET FEATURES) succeeded
[    5.127830] ata1.00: ACPI cmd f5/00:00:00:00:00:a0 (SECURITY FREEZE LOCK) filtered out
[    5.129223] ata1.00: ACPI cmd ef/5f:00:00:00:00:a0 (SET FEATURES) succeeded
[    5.129226] ata1.00: ACPI cmd ef/10:03:00:00:00:a0 (SET FEATURES) filtered out
[    5.131134] ata1.00: ATA-7: ST910021AS, 4.06, max UDMA/100
[    5.131226] ata1.00: 195371568 sectors, multi 16: LBA48 
[    5.133369] ata1.00: ACPI cmd ef/02:00:00:00:00:a0 (SET FEATURES) succeeded
[    5.133372] ata1.00: ACPI cmd f5/00:00:00:00:00:a0 (SECURITY FREEZE LOCK) filtered out
[    5.134767] ata1.00: ACPI cmd ef/5f:00:00:00:00:a0 (SET FEATURES) succeeded
[    5.134769] ata1.00: ACPI cmd ef/10:03:00:00:00:a0 (SET FEATURES) filtered out
[    5.136693] ata1.00: configured for UDMA/100
[    5.147845] scsi 2:0:0:0: Direct-Access     ATA      ST910021AS       4.06 PQ: 0 ANSI: 5
[    5.148120] sd 2:0:0:0: [sda] 195371568 512-byte logical blocks: (100 GB/93.1 GiB)
[    5.148264] sd 2:0:0:0: [sda] Write Protect is off
[    5.148352] sd 2:0:0:0: [sda] Mode Sense: 00 3a 00 00
[    5.148364] sd 2:0:0:0: [sda] Write cache: enabled, read cache: enabled, doesn't support DPO or FUA
[    5.148544]  sda:
[    5.213780] usb 2-1: new high speed USB device using ehci_hcd and address 2
[    5.363146] usb 2-1: New USB device found, idVendor=0e8d, idProduct=1806
[    5.363233] usb 2-1: New USB device strings: Mfr=1, Product=2, SerialNumber=3
[    5.363317] usb 2-1: Product: MT1806 
[    5.363401] usb 2-1: Manufacturer: MediaTek Inc
[    5.363486] usb 2-1: SerialNumber: R8KN6GAC800AEB 
[    5.363620] usb 2-1: configuration #1 chosen from 1 choice
[    5.369939] scsi5 : SCSI emulation for USB Mass Storage devices
[    5.370110] usb-storage: device found at 2
[    5.370111] usb-storage: waiting for device to settle before scanning
[    5.564621]  sda1 sda2
[    5.565340] sd 2:0:0:0: [sda] Attached SCSI disk
[    5.565427] random 0000 0000 0000 277f73c3 42024bb9: rand_read_num 6 get_random_bytes(12): sig 000007e9 277f73c3 42024bb9
[    5.565430] random 0000 0000 0000 277f73c3 42024bb9: extract_entropy(.. 12 ..)
[    5.565432] random 0000 0000 0000 277f73c3 42024bb9: going to reseed nonblocking with 96 bits (96 of 0 requested)
[    5.565434] random 0000 0000 0000 277f73c3 42024bb9: extract_entropy(.. 12 ..)
[    5.565436] random 0000 0000 0000 277f73c3 42024bb9: trying to extract 96 bits from input
[    5.565438] random 0000 0000 0000 277f73c3 42024bb9: debiting 0 entropy credits from input
[    5.565440] random 0000 0000 0000 277f73c3 42024bb9: extract_entropy account returned: 0 
[    5.565443] random 0000 0000 0000 277f73c3 42024bb9: urand_change_num 24 xfer_secondary_pool(12): pool_sig 000007e9, data_sig 00000000, bytes_mixed 0 277f73c3 42024bb9
[    5.565446] random 0000 0000 0000 277f73c3 42024bb9: trying to extract 96 bits from nonblocking
[    5.565449] random 0000 0000 0000 277f73c3 42024bb9: debiting 96 entropy credits from nonblocking (unlimited)
[    5.565451] random 0000 0000 0000 277f73c3 42024bb9: extract_entropy account returned: 12 
[    5.565455] random 0000 0000 0000 277f73c3 42024bb9: urand_change_num 25 extract_buf: pool_sig 000007e9, data_sig 00000088, bytes_mixed 20 277f73c3 42024bb9
[    5.565460] random 0000 0000 0000 277f73c3 42024bb9: urand_change_num 26 extract_buf: pool_sig 00000498, data_sig fffffefb, bytes_mixed 20 277f73c3 42024bb9
[    5.565463] RANDOM - __seed init called.
[    5.565464] RANDOM - __seed init called.
[    5.565465] RANDOM - __seed init called.
[    5.565467] RANDOM - __random32 called. Change num 12.  Value: 87f14767	f0d7351	b1e48bd3
[    5.565468] RANDOM - random32_reseed called.  Value: 87f14767	f0d7351	b1e48bd3
[    5.565471] Pid: 1, comm: swapper Not tainted 2.6.32.57 #3
[    5.565557] Call Trace:
[    5.565640]  [<c1923ca4>] ? random32_reseed+0xa0/0xb1
[    5.565722]  [<c1923c04>] ? random32_reseed+0x0/0xb1
[    5.565814]  [<c100111e>] ? do_one_initcall+0x2e/0x180
[    5.565896]  [<c1907265>] ? kernel_init+0xad/0x103
[    5.565986]  [<c19071b8>] ? kernel_init+0x0/0x103
[    5.566067]  [<c1003787>] ? kernel_thread_helper+0x7/0x10
[    5.566587] random 0000 0000 0000 386b4e60 ee4d4880: rand_read_num 7 get_random_bytes(64): sig fffffea5 386b4e60 ee4d4880
[    5.566589] random 0000 0000 0000 386b4e60 ee4d4880: extract_entropy(.. 64 ..)
[    5.566591] random 0000 0000 0000 386b4e60 ee4d4880: going to reseed nonblocking with 512 bits (512 of 0 requested)
[    5.566593] random 0000 0000 0000 386b4e60 ee4d4880: extract_entropy(.. 64 ..)
[    5.566595] random 0000 0000 0000 386b4e60 ee4d4880: trying to extract 512 bits from input
[    5.566597] random 0000 0000 0000 386b4e60 ee4d4880: debiting 0 entropy credits from input
[    5.566599] random 0000 0000 0000 386b4e60 ee4d4880: extract_entropy account returned: 0 
[    5.566602] random 0000 0000 0000 386b4e60 ee4d4880: urand_change_num 27 xfer_secondary_pool(64): pool_sig fffffea5, data_sig 00000000, bytes_mixed 0 386b4e60 ee4d4880
[    5.566605] random 0000 0000 0000 386b4e60 ee4d4880: trying to extract 512 bits from nonblocking
[    5.566608] random 0000 0000 0000 386b4e60 ee4d4880: debiting 512 entropy credits from nonblocking (unlimited)
[    5.566610] random 0000 0000 0000 386b4e60 ee4d4880: extract_entropy account returned: 64 
[    5.566614] random 0000 0000 0000 386b4e60 ee4d4880: urand_change_num 28 extract_buf: pool_sig fffffea5, data_sig 00000173, bytes_mixed 20 386b4e60 ee4d4880
[    5.566619] random 0000 0000 0000 412698f6 0cc8689a: urand_change_num 29 extract_buf: pool_sig 00000122, data_sig ffffff63, bytes_mixed 20 412698f6 0cc8689a
[    5.566625] random 0000 0000 0000 412698f6 0cc8689a: urand_change_num 30 extract_buf: pool_sig 000001f7, data_sig 00000012, bytes_mixed 20 412698f6 0cc8689a
[    5.566630] random 0000 0000 0000 9669941e 06f768b1: urand_change_num 31 extract_buf: pool_sig fffffb5b, data_sig 0000003f, bytes_mixed 20 9669941e 06f768b1
[    5.566635] random 0000 0000 0000 98486520 995551f0: urand_change_num 32 extract_buf: pool_sig fffffb39, data_sig 0000000e, bytes_mixed 20 98486520 995551f0
[    5.566640] random 0000 0000 0000 98486520 995551f0: urand_change_num 33 extract_buf: pool_sig fffffd8d, data_sig 000001a6, bytes_mixed 20 98486520 995551f0
[    5.566645] random 0000 0000 0000 61fc8914 d5882ed2: urand_change_num 34 extract_buf: pool_sig fffffa58, data_sig 0000023e, bytes_mixed 20 61fc8914 d5882ed2
[    5.566674] random 0000 0000 0000 61fc8914 d5882ed2: rand_read_num 8 get_random_bytes(64): sig fffff9ee 61fc8914 d5882ed2
[    5.566676] random 0000 0000 0000 61fc8914 d5882ed2: extract_entropy(.. 64 ..)
[    5.566679] random 0000 0000 0000 61fc8914 d5882ed2: going to reseed nonblocking with 512 bits (512 of 0 requested)
[    5.566681] random 0000 0000 0000 61fc8914 d5882ed2: extract_entropy(.. 64 ..)
[    5.566683] random 0000 0000 0000 61fc8914 d5882ed2: trying to extract 512 bits from input
[    5.566685] random 0000 0000 0000 61fc8914 d5882ed2: debiting 0 entropy credits from input
[    5.566687] random 0000 0000 0000 61fc8914 d5882ed2: extract_entropy account returned: 0 
[    5.566690] random 0000 0000 0000 61fc8914 d5882ed2: urand_change_num 35 xfer_secondary_pool(64): pool_sig fffff9ee, data_sig 00000000, bytes_mixed 0 61fc8914 d5882ed2
[    5.566693] random 0000 0000 0000 61fc8914 d5882ed2: trying to extract 512 bits from nonblocking
[    5.566695] random 0000 0000 0000 61fc8914 d5882ed2: debiting 512 entropy credits from nonblocking (unlimited)
[    5.566697] random 0000 0000 0000 61fc8914 d5882ed2: extract_entropy account returned: 64 
[    5.566701] random 0000 0000 0000 61fc8914 d5882ed2: urand_change_num 36 extract_buf: pool_sig fffff9ee, data_sig ffffff85, bytes_mixed 20 61fc8914 d5882ed2
[    5.566706] random 0000 0000 0000 70cfd302 e5edec11: urand_change_num 37 extract_buf: pool_sig fffffdc1, data_sig ffffffde, bytes_mixed 20 70cfd302 e5edec11
[    5.566712] random 0000 0000 0000 00dab838 eafd2b30: urand_change_num 38 extract_buf: pool_sig 000003da, data_sig ffffff61, bytes_mixed 20 00dab838 eafd2b30
[    5.566717] random 0000 0000 0000 00dab838 eafd2b30: urand_change_num 39 extract_buf: pool_sig 00000314, data_sig 00000121, bytes_mixed 20 00dab838 eafd2b30
[    5.566722] random 0000 0000 0000 5fcdf66a 6442b608: urand_change_num 40 extract_buf: pool_sig 0000028b, data_sig fffffefd, bytes_mixed 20 5fcdf66a 6442b608
[    5.566727] random 0000 0000 0000 61333f6b 8fae0f9b: urand_change_num 41 extract_buf: pool_sig 000000cb, data_sig 000000b3, bytes_mixed 20 61333f6b 8fae0f9b
[    5.566732] random 0000 0000 0000 61333f6b 8fae0f9b: urand_change_num 42 extract_buf: pool_sig fffffef8, data_sig 00000051, bytes_mixed 20 61333f6b 8fae0f9b
[    5.566735] BEGIN NET_SECRET:
[    5.566736] \xffffffe0
[    5.566737] \xffffffb6
[    5.566738] \x36
[    5.566739] \xffffffb5
[    5.566740] \xffffff94
[    5.566740] \xffffffb2
[    5.566741] \xffffffa8
[    5.566742] \xffffffda
[    5.566743] \x5b
[    5.566744] \x19
[    5.566744] \x18
[    5.566745] \x5c
[    5.566746] \x2b
[    5.566747] \x1
[    5.566747] \xffffff90
[    5.566748] \x19
[    5.566749] \x3c
[    5.566749] \xfffffff2
[    5.566750] \xffffff82
[    5.566751] \x2a
[    5.566752] \xffffffb3
[    5.566753] \xffffffa2
[    5.566753] \x3f
[    5.566754] \x5
[    5.566755] \x52
[    5.566756] \x77
[    5.566756] \x57
[    5.566757] \x79
[    5.566758] \x16
[    5.566758] \x43
[    5.566759] \xffffff84
[    5.566760] \xffffffc3
[    5.566761] \xffffffe9
[    5.566761] \x79
[    5.566762] \x50
[    5.566763] \xffffff8e
[    5.566767] \x3f
[    5.566768] \xfffffff3
[    5.566768] \x19
[    5.566769] \x2a
[    5.566770] \xfffffffd
[    5.566771] \xfffffffb
[    5.566771] \x62
[    5.566772] \x3c
[    5.566773] \xffffffac
[    5.566774] \x1c
[    5.566774] \x3b
[    5.566775] \x3b
[    5.566776] \x15
[    5.566776] \x27
[    5.566777] \xffffffa8
[    5.566778] \x22
[    5.566779] \xffffffc5
[    5.566779] \xffffff9a
[    5.566780] \x5
[    5.566781] \x6c
[    5.566782] \xffffffa8
[    5.566782] \x3a
[    5.566783] \x44
[    5.566784] \xffffffaf
[    5.566785] \x13
[    5.566785] \xffffffe0
[    5.566786] \xffffff9d
[    5.566787] \x22
[    5.566787] 
[    5.566788] END NET_SECRET
[    5.566791] random 0000 0000 0000 e7f555d9 e8ce5c3c: rand_read_num 9 get_random_bytes(4): sig 0000068c e7f555d9 e8ce5c3c
[    5.566793] random 0000 0000 0000 e7f555d9 e8ce5c3c: extract_entropy(.. 4 ..)
[    5.566795] random 0000 0000 0000 e7f555d9 e8ce5c3c: going to reseed nonblocking with 64 bits (32 of 0 requested)
[    5.566798] random 0000 0000 0000 e7f555d9 e8ce5c3c: extract_entropy(.. 8 ..)
[    5.566800] random 0000 0000 0000 e7f555d9 e8ce5c3c: trying to extract 64 bits from input
[    5.566802] random 0000 0000 0000 e7f555d9 e8ce5c3c: debiting 0 entropy credits from input
[    5.566803] random 0000 0000 0000 e7f555d9 e8ce5c3c: extract_entropy account returned: 0 
[    5.566807] random 0000 0000 0000 e7f555d9 e8ce5c3c: urand_change_num 43 xfer_secondary_pool(4): pool_sig 0000068c, data_sig 00000000, bytes_mixed 0 e7f555d9 e8ce5c3c
[    5.566809] random 0000 0000 0000 e7f555d9 e8ce5c3c: trying to extract 32 bits from nonblocking
[    5.566812] random 0000 0000 0000 e7f555d9 e8ce5c3c: debiting 32 entropy credits from nonblocking (unlimited)
[    5.566814] random 0000 0000 0000 e7f555d9 e8ce5c3c: extract_entropy account returned: 4 
[    5.566818] random 0000 0000 0000 e7f555d9 e8ce5c3c: urand_change_num 44 extract_buf: pool_sig 0000068c, data_sig fffffdcb, bytes_mixed 20 e7f555d9 e8ce5c3c
[    5.566829] md: Waiting for all devices to be available before autodetect
[    5.566910] md: If you don't use raid, use raid=noautodetect
[    5.567072] md: Autodetecting RAID arrays.
[    5.567159] md: Scanned 0 and added 0 devices.
[    5.567248] md: autorun ...
[    5.567330] md: ... autorun DONE.
[    5.582071] EXT3-fs: sda2: couldn't mount because of unsupported optional features (240).
[    5.582298] EXT2-fs: sda2: couldn't mount because of unsupported optional features (240).
[    5.583576] random 0000 0000 0000 e7f555d9 e8ce5c3c: rand_read_num 10 get_random_bytes(4): sig ffffff72 e7f555d9 e8ce5c3c
[    5.583578] random 0000 0000 0000 e7f555d9 e8ce5c3c: extract_entropy(.. 4 ..)
[    5.583581] random 0000 0000 0000 e7f555d9 e8ce5c3c: going to reseed nonblocking with 64 bits (32 of 0 requested)
[    5.583583] random 0000 0000 0000 e7f555d9 e8ce5c3c: extract_entropy(.. 8 ..)
[    5.583585] random 0000 0000 0000 e7f555d9 e8ce5c3c: trying to extract 64 bits from input
[    5.583587] random 0000 0000 0000 e7f555d9 e8ce5c3c: debiting 0 entropy credits from input
[    5.583589] random 0000 0000 0000 e7f555d9 e8ce5c3c: extract_entropy account returned: 0 
[    5.583592] random 0000 0000 0000 e7f555d9 e8ce5c3c: urand_change_num 45 xfer_secondary_pool(4): pool_sig ffffff72, data_sig 00000000, bytes_mixed 0 e7f555d9 e8ce5c3c
[    5.583595] random 0000 0000 0000 e7f555d9 e8ce5c3c: trying to extract 32 bits from nonblocking
[    5.583597] random 0000 0000 0000 e7f555d9 e8ce5c3c: debiting 32 entropy credits from nonblocking (unlimited)
[    5.583599] random 0000 0000 0000 e7f555d9 e8ce5c3c: extract_entropy account returned: 4 
[    5.583603] random 0000 0000 0000 e7f555d9 e8ce5c3c: urand_change_num 46 extract_buf: pool_sig ffffff72, data_sig ffffff72, bytes_mixed 20 e7f555d9 e8ce5c3c
[    5.618701] EXT4-fs (sda2): mounted filesystem with ordered data mode
[    5.618890] VFS: Mounted root (ext4 filesystem) readonly on device 8:2.
[    5.618982] Freeing unused kernel memory: 448k freed
[    5.697703] random 0000 0000 0000 91716c54 eeb6a1e7: rand_read_num 11 get_random_bytes(16): sig fffffcad 91716c54 eeb6a1e7
[    5.697706] random 0000 0000 0000 91716c54 eeb6a1e7: extract_entropy(.. 16 ..)
[    5.697708] random 0000 0000 0000 91716c54 eeb6a1e7: going to reseed nonblocking with 128 bits (128 of 0 requested)
[    5.697710] random 0000 0000 0000 91716c54 eeb6a1e7: extract_entropy(.. 16 ..)
[    5.697712] random 0000 0000 0000 91716c54 eeb6a1e7: trying to extract 128 bits from input
[    5.697714] random 0000 0000 0000 91716c54 eeb6a1e7: debiting 0 entropy credits from input
[    5.697716] random 0000 0000 0000 91716c54 eeb6a1e7: extract_entropy account returned: 0 
[    5.697719] random 0000 0000 0000 91716c54 eeb6a1e7: urand_change_num 47 xfer_secondary_pool(16): pool_sig fffffcad, data_sig 00000000, bytes_mixed 0 91716c54 eeb6a1e7
[    5.697722] random 0000 0000 0000 91716c54 eeb6a1e7: trying to extract 128 bits from nonblocking
[    5.697725] random 0000 0000 0000 91716c54 eeb6a1e7: debiting 128 entropy credits from nonblocking (unlimited)
[    5.697727] random 0000 0000 0000 91716c54 eeb6a1e7: extract_entropy account returned: 16 
[    5.697731] random 0000 0000 0000 91716c54 eeb6a1e7: urand_change_num 48 extract_buf: pool_sig fffffcad, data_sig ffffff19, bytes_mixed 20 91716c54 eeb6a1e7
[    5.697736] random 0000 0000 0000 fd637b06 6cf47bc1: urand_change_num 49 extract_buf: pool_sig fffffede, data_sig ffffffc1, bytes_mixed 20 fd637b06 6cf47bc1
[    5.784448] random 0000 0000 0000 fd637b06 6cf47bc1: rand_read_num 12 get_random_bytes(16): sig 0000033b fd637b06 6cf47bc1
[    5.784451] random 0000 0000 0000 fd637b06 6cf47bc1: extract_entropy(.. 16 ..)
[    5.784453] random 0000 0000 0000 fd637b06 6cf47bc1: going to reseed nonblocking with 128 bits (128 of 0 requested)
[    5.784456] random 0000 0000 0000 fd637b06 6cf47bc1: extract_entropy(.. 16 ..)
[    5.784458] random 0000 0000 0000 fd637b06 6cf47bc1: trying to extract 128 bits from input
[    5.784460] random 0000 0000 0000 fd637b06 6cf47bc1: debiting 0 entropy credits from input
[    5.784462] random 0000 0000 0000 fd637b06 6cf47bc1: extract_entropy account returned: 0 
[    5.784465] random 0000 0000 0000 fd637b06 6cf47bc1: urand_change_num 50 xfer_secondary_pool(16): pool_sig 0000033b, data_sig 00000000, bytes_mixed 0 fd637b06 6cf47bc1
[    5.784468] random 0000 0000 0000 fd637b06 6cf47bc1: trying to extract 128 bits from nonblocking
[    5.784470] random 0000 0000 0000 fd637b06 6cf47bc1: debiting 128 entropy credits from nonblocking (unlimited)
[    5.784472] random 0000 0000 0000 fd637b06 6cf47bc1: extract_entropy account returned: 16 
[    5.784476] random 0000 0000 0000 fd637b06 6cf47bc1: urand_change_num 51 extract_buf: pool_sig 0000033b, data_sig 000000d8, bytes_mixed 20 fd637b06 6cf47bc1
[    5.784482] random 0000 0000 0000 0ec1f012 d4727ca8: urand_change_num 52 extract_buf: pool_sig fffffcf5, data_sig 00000016, bytes_mixed 20 0ec1f012 d4727ca8
[    6.156004] ieee1394: Host added: ID:BUS[0-00:1023]  GUID[00061b032a25f51c]
[    6.166695] random 0000 0000 0000 45b1d0b1 845a73f7: rand_read_num 13 get_random_bytes(16): sig 00000116 45b1d0b1 845a73f7
[    6.166697] random 0000 0000 0000 45b1d0b1 845a73f7: extract_entropy(.. 16 ..)
[    6.166700] random 0000 0000 0000 45b1d0b1 845a73f7: going to reseed nonblocking with 128 bits (128 of 0 requested)
[    6.166702] random 0000 0000 0000 45b1d0b1 845a73f7: extract_entropy(.. 16 ..)
[    6.166705] random 0000 0000 0000 45b1d0b1 845a73f7: trying to extract 128 bits from input
[    6.166707] random 0000 0000 0000 45b1d0b1 845a73f7: debiting 0 entropy credits from input
[    6.166709] random 0000 0000 0000 45b1d0b1 845a73f7: extract_entropy account returned: 0 
[    6.166712] random 0000 0000 0000 45b1d0b1 845a73f7: urand_change_num 53 xfer_secondary_pool(16): pool_sig 00000116, data_sig 00000000, bytes_mixed 0 45b1d0b1 845a73f7
[    6.166715] random 0000 0000 0000 45b1d0b1 845a73f7: trying to extract 128 bits from nonblocking
[    6.166717] random 0000 0000 0000 45b1d0b1 845a73f7: debiting 128 entropy credits from nonblocking (unlimited)
[    6.166719] random 0000 0000 0000 45b1d0b1 845a73f7: extract_entropy account returned: 16 
[    6.166723] random 0000 0000 0000 45b1d0b1 845a73f7: urand_change_num 54 extract_buf: pool_sig 00000116, data_sig fffffd8b, bytes_mixed 20 45b1d0b1 845a73f7
[    6.166729] random 0000 0000 0000 45b1d0b1 845a73f7: urand_change_num 55 extract_buf: pool_sig fffffc05, data_sig 00000109, bytes_mixed 20 45b1d0b1 845a73f7
[    6.219197] random 0000 0000 0000 5012cce3 b8a30621: rand_read_num 14 get_random_bytes(16): sig fffffb93 5012cce3 b8a30621
[    6.219199] random 0000 0000 0000 5012cce3 b8a30621: extract_entropy(.. 16 ..)
[    6.219202] random 0000 0000 0000 5012cce3 b8a30621: going to reseed nonblocking with 128 bits (128 of 0 requested)
[    6.219205] random 0000 0000 0000 5012cce3 b8a30621: extract_entropy(.. 16 ..)
[    6.219207] random 0000 0000 0000 5012cce3 b8a30621: trying to extract 128 bits from input
[    6.219209] random 0000 0000 0000 5012cce3 b8a30621: debiting 0 entropy credits from input
[    6.219211] random 0000 0000 0000 5012cce3 b8a30621: extract_entropy account returned: 0 
[    6.219214] random 0000 0000 0000 5012cce3 b8a30621: urand_change_num 56 xfer_secondary_pool(16): pool_sig fffffb93, data_sig 00000000, bytes_mixed 0 5012cce3 b8a30621
[    6.219217] random 0000 0000 0000 5012cce3 b8a30621: trying to extract 128 bits from nonblocking
[    6.219219] random 0000 0000 0000 5012cce3 b8a30621: debiting 128 entropy credits from nonblocking (unlimited)
[    6.219221] random 0000 0000 0000 5012cce3 b8a30621: extract_entropy account returned: 16 
[    6.219225] random 0000 0000 0000 5012cce3 b8a30621: urand_change_num 57 extract_buf: pool_sig fffffb93, data_sig ffffff35, bytes_mixed 20 5012cce3 b8a30621
[    6.219230] random 0000 0000 0000 5012cce3 b8a30621: urand_change_num 58 extract_buf: pool_sig fffffb9d, data_sig ffffff92, bytes_mixed 20 5012cce3 b8a30621
[    6.220603] random 0000 0000 0000 30a5721d 4b648ff6: rand_read_num 15 get_random_bytes(16): sig fffffeb5 30a5721d 4b648ff6
[    6.220606] random 0000 0000 0000 30a5721d 4b648ff6: extract_entropy(.. 16 ..)
[    6.220609] random 0000 0000 0000 30a5721d 4b648ff6: going to reseed nonblocking with 128 bits (128 of 0 requested)
[    6.220611] random 0000 0000 0000 30a5721d 4b648ff6: extract_entropy(.. 16 ..)
[    6.220613] random 0000 0000 0000 30a5721d 4b648ff6: trying to extract 128 bits from input
[    6.220615] random 0000 0000 0000 30a5721d 4b648ff6: debiting 0 entropy credits from input
[    6.220617] random 0000 0000 0000 30a5721d 4b648ff6: extract_entropy account returned: 0 
[    6.220620] random 0000 0000 0000 30a5721d 4b648ff6: urand_change_num 59 xfer_secondary_pool(16): pool_sig fffffeb5, data_sig 00000000, bytes_mixed 0 30a5721d 4b648ff6
[    6.220623] random 0000 0000 0000 30a5721d 4b648ff6: trying to extract 128 bits from nonblocking
[    6.220626] random 0000 0000 0000 30a5721d 4b648ff6: debiting 128 entropy credits from nonblocking (unlimited)
[    6.220628] random 0000 0000 0000 30a5721d 4b648ff6: extract_entropy account returned: 16 
[    6.220632] random 0000 0000 0000 30a5721d 4b648ff6: urand_change_num 60 extract_buf: pool_sig fffffeb5, data_sig 000000c2, bytes_mixed 20 30a5721d 4b648ff6
[    6.220637] random 0000 0000 0000 89bae1ab 704c432f: urand_change_num 61 extract_buf: pool_sig 0000006e, data_sig fffffefc, bytes_mixed 20 89bae1ab 704c432f
[    6.221187] random 0000 0000 0000 89bae1ab 704c432f: rand_read_num 16 get_random_bytes(16): sig fffffd99 89bae1ab 704c432f
[    6.221190] random 0000 0000 0000 89bae1ab 704c432f: extract_entropy(.. 16 ..)
[    6.221193] random 0000 0000 0000 89bae1ab 704c432f: going to reseed nonblocking with 128 bits (128 of 0 requested)
[    6.221195] random 0000 0000 0000 89bae1ab 704c432f: extract_entropy(.. 16 ..)
[    6.221197] random 0000 0000 0000 89bae1ab 704c432f: trying to extract 128 bits from input
[    6.221199] random 0000 0000 0000 89bae1ab 704c432f: debiting 0 entropy credits from input
[    6.221201] random 0000 0000 0000 89bae1ab 704c432f: extract_entropy account returned: 0 
[    6.221204] random 0000 0000 0000 89bae1ab 704c432f: urand_change_num 62 xfer_secondary_pool(16): pool_sig fffffd99, data_sig 00000000, bytes_mixed 0 89bae1ab 704c432f
[    6.221207] random 0000 0000 0000 89bae1ab 704c432f: trying to extract 128 bits from nonblocking
[    6.221209] random 0000 0000 0000 89bae1ab 704c432f: debiting 128 entropy credits from nonblocking (unlimited)
[    6.221212] random 0000 0000 0000 89bae1ab 704c432f: extract_entropy account returned: 16 
[    6.221216] random 0000 0000 0000 89bae1ab 704c432f: urand_change_num 63 extract_buf: pool_sig fffffd99, data_sig 00000204, bytes_mixed 20 89bae1ab 704c432f
[    6.221221] random 0000 0000 0000 6c298a02 2b1539f8: urand_change_num 64 extract_buf: pool_sig 00000124, data_sig fffffff5, bytes_mixed 20 6c298a02 2b1539f8
[    6.222112] random 0000 0000 0000 c77b8b35 70f6cab5: rand_read_num 17 get_random_bytes(16): sig 0000036b c77b8b35 70f6cab5
[    6.222115] random 0000 0000 0000 c77b8b35 70f6cab5: extract_entropy(.. 16 ..)
[    6.222118] random 0000 0000 0000 c77b8b35 70f6cab5: going to reseed nonblocking with 128 bits (128 of 0 requested)
[    6.222120] random 0000 0000 0000 c77b8b35 70f6cab5: extract_entropy(.. 16 ..)
[    6.222122] random 0000 0000 0000 c77b8b35 70f6cab5: trying to extract 128 bits from input
[    6.222124] random 0000 0000 0000 c77b8b35 70f6cab5: debiting 0 entropy credits from input
[    6.222126] random 0000 0000 0000 c77b8b35 70f6cab5: extract_entropy account returned: 0 
[    6.222129] random 0000 0000 0000 c77b8b35 70f6cab5: urand_change_num 65 xfer_secondary_pool(16): pool_sig 0000036b, data_sig 00000000, bytes_mixed 0 c77b8b35 70f6cab5
[    6.222132] random 0000 0000 0000 c77b8b35 70f6cab5: trying to extract 128 bits from nonblocking
[    6.222135] random 0000 0000 0000 c77b8b35 70f6cab5: debiting 128 entropy credits from nonblocking (unlimited)
[    6.222137] random 0000 0000 0000 c77b8b35 70f6cab5: extract_entropy account returned: 16 
[    6.222141] random 0000 0000 0000 c77b8b35 70f6cab5: urand_change_num 66 extract_buf: pool_sig 0000036b, data_sig 0000005f, bytes_mixed 20 c77b8b35 70f6cab5
[    6.222146] random 0000 0000 0000 c77b8b35 70f6cab5: urand_change_num 67 extract_buf: pool_sig ffffff1c, data_sig 0000005a, bytes_mixed 20 c77b8b35 70f6cab5
[    6.222733] random 0000 0000 0000 af21d212 57d20ca3: rand_read_num 18 get_random_bytes(16): sig fffffb7f af21d212 57d20ca3
[    6.222736] random 0000 0000 0000 af21d212 57d20ca3: extract_entropy(.. 16 ..)
[    6.222739] random 0000 0000 0000 af21d212 57d20ca3: going to reseed nonblocking with 128 bits (128 of 0 requested)
[    6.222741] random 0000 0000 0000 af21d212 57d20ca3: extract_entropy(.. 16 ..)
[    6.222743] random 0000 0000 0000 af21d212 57d20ca3: trying to extract 128 bits from input
[    6.222745] random 0000 0000 0000 af21d212 57d20ca3: debiting 0 entropy credits from input
[    6.222747] random 0000 0000 0000 af21d212 57d20ca3: extract_entropy account returned: 0 
[    6.222750] random 0000 0000 0000 af21d212 57d20ca3: urand_change_num 68 xfer_secondary_pool(16): pool_sig fffffb7f, data_sig 00000000, bytes_mixed 0 af21d212 57d20ca3
[    6.222760] random 0000 0000 0000 af21d212 57d20ca3: trying to extract 128 bits from nonblocking
[    6.222762] random 0000 0000 0000 af21d212 57d20ca3: debiting 128 entropy credits from nonblocking (unlimited)
[    6.222765] random 0000 0000 0000 af21d212 57d20ca3: extract_entropy account returned: 16 
[    6.222769] random 0000 0000 0000 af21d212 57d20ca3: urand_change_num 69 extract_buf: pool_sig fffffb7f, data_sig ffffff88, bytes_mixed 20 af21d212 57d20ca3
[    6.222774] random 0000 0000 0000 af21d212 57d20ca3: urand_change_num 70 extract_buf: pool_sig fffffe1d, data_sig ffffff17, bytes_mixed 20 af21d212 57d20ca3
[    6.223361] random 0000 0000 0000 ffbd26fd 21933274: rand_read_num 19 get_random_bytes(16): sig ffffffc7 ffbd26fd 21933274
[    6.223364] random 0000 0000 0000 ffbd26fd 21933274: extract_entropy(.. 16 ..)
[    6.223366] random 0000 0000 0000 ffbd26fd 21933274: going to reseed nonblocking with 128 bits (128 of 0 requested)
[    6.223369] random 0000 0000 0000 ffbd26fd 21933274: extract_entropy(.. 16 ..)
[    6.223371] random 0000 0000 0000 ffbd26fd 21933274: trying to extract 128 bits from input
[    6.223373] random 0000 0000 0000 ffbd26fd 21933274: debiting 0 entropy credits from input
[    6.223375] random 0000 0000 0000 ffbd26fd 21933274: extract_entropy account returned: 0 
[    6.223378] random 0000 0000 0000 ffbd26fd 21933274: urand_change_num 71 xfer_secondary_pool(16): pool_sig ffffffc7, data_sig 00000000, bytes_mixed 0 ffbd26fd 21933274
[    6.223381] random 0000 0000 0000 ffbd26fd 21933274: trying to extract 128 bits from nonblocking
[    6.223383] random 0000 0000 0000 ffbd26fd 21933274: debiting 128 entropy credits from nonblocking (unlimited)
[    6.223385] random 0000 0000 0000 ffbd26fd 21933274: extract_entropy account returned: 16 
[    6.223389] random 0000 0000 0000 ffbd26fd 21933274: urand_change_num 72 extract_buf: pool_sig ffffffc7, data_sig 0000013b, bytes_mixed 20 ffbd26fd 21933274
[    6.223395] random 0000 0000 0000 151530a2 56c65dd3: urand_change_num 73 extract_buf: pool_sig ffffffbf, data_sig 00000036, bytes_mixed 20 151530a2 56c65dd3
[    6.223957] random 0000 0000 0000 151530a2 56c65dd3: rand_read_num 20 get_random_bytes(16): sig 000001a7 151530a2 56c65dd3
[    6.223959] random 0000 0000 0000 151530a2 56c65dd3: extract_entropy(.. 16 ..)
[    6.223962] random 0000 0000 0000 151530a2 56c65dd3: going to reseed nonblocking with 128 bits (128 of 0 requested)
[    6.223964] random 0000 0000 0000 151530a2 56c65dd3: extract_entropy(.. 16 ..)
[    6.223966] random 0000 0000 0000 151530a2 56c65dd3: trying to extract 128 bits from input
[    6.223969] random 0000 0000 0000 151530a2 56c65dd3: debiting 0 entropy credits from input
[    6.223970] random 0000 0000 0000 151530a2 56c65dd3: extract_entropy account returned: 0 
[    6.223974] random 0000 0000 0000 151530a2 56c65dd3: urand_change_num 74 xfer_secondary_pool(16): pool_sig 000001a7, data_sig 00000000, bytes_mixed 0 151530a2 56c65dd3
[    6.223976] random 0000 0000 0000 151530a2 56c65dd3: trying to extract 128 bits from nonblocking
[    6.223979] random 0000 0000 0000 151530a2 56c65dd3: debiting 128 entropy credits from nonblocking (unlimited)
[    6.223981] random 0000 0000 0000 151530a2 56c65dd3: extract_entropy account returned: 16 
[    6.223985] random 0000 0000 0000 151530a2 56c65dd3: urand_change_num 75 extract_buf: pool_sig 000001a7, data_sig ffffffa1, bytes_mixed 20 151530a2 56c65dd3
[    6.223990] random 0000 0000 0000 5d3e132e d9a77eb3: urand_change_num 76 extract_buf: pool_sig fffffcc9, data_sig 00000013, bytes_mixed 20 5d3e132e d9a77eb3
[    6.275006] random 0000 0000 0000 264837ad 0a28fef5: rand_read_num 21 get_random_bytes(16): sig ffffffd0 264837ad 0a28fef5
[    6.275009] random 0000 0000 0000 264837ad 0a28fef5: extract_entropy(.. 16 ..)
[    6.275012] random 0000 0000 0000 264837ad 0a28fef5: going to reseed nonblocking with 128 bits (128 of 0 requested)
[    6.275014] random 0000 0000 0000 264837ad 0a28fef5: extract_entropy(.. 16 ..)
[    6.275016] random 0000 0000 0000 264837ad 0a28fef5: trying to extract 128 bits from input
[    6.275019] random 0000 0000 0000 264837ad 0a28fef5: debiting 0 entropy credits from input
[    6.275021] random 0000 0000 0000 264837ad 0a28fef5: extract_entropy account returned: 0 
[    6.275024] random 0000 0000 0000 264837ad 0a28fef5: urand_change_num 77 xfer_secondary_pool(16): pool_sig ffffffd0, data_sig 00000000, bytes_mixed 0 264837ad 0a28fef5
[    6.275027] random 0000 0000 0000 264837ad 0a28fef5: trying to extract 128 bits from nonblocking
[    6.275029] random 0000 0000 0000 264837ad 0a28fef5: debiting 128 entropy credits from nonblocking (unlimited)
[    6.275031] random 0000 0000 0000 264837ad 0a28fef5: extract_entropy account returned: 16 
[    6.275036] random 0000 0000 0000 264837ad 0a28fef5: urand_change_num 78 extract_buf: pool_sig ffffffd0, data_sig 0000017b, bytes_mixed 20 264837ad 0a28fef5
[    6.275041] random 0000 0000 0000 264837ad 0a28fef5: urand_change_num 79 extract_buf: pool_sig 0000045c, data_sig 000001df, bytes_mixed 20 264837ad 0a28fef5
[    6.276494] random 0000 0000 0000 f37f7344 164aede0: rand_read_num 22 get_random_bytes(16): sig 000003c2 f37f7344 164aede0
[    6.276497] random 0000 0000 0000 f37f7344 164aede0: extract_entropy(.. 16 ..)
[    6.276500] random 0000 0000 0000 f37f7344 164aede0: going to reseed nonblocking with 128 bits (128 of 0 requested)
[    6.276502] random 0000 0000 0000 f37f7344 164aede0: extract_entropy(.. 16 ..)
[    6.276504] random 0000 0000 0000 f37f7344 164aede0: trying to extract 128 bits from input
[    6.276506] random 0000 0000 0000 f37f7344 164aede0: debiting 0 entropy credits from input
[    6.276508] random 0000 0000 0000 f37f7344 164aede0: extract_entropy account returned: 0 
[    6.276511] random 0000 0000 0000 f37f7344 164aede0: urand_change_num 80 xfer_secondary_pool(16): pool_sig 000003c2, data_sig 00000000, bytes_mixed 0 f37f7344 164aede0
[    6.276514] random 0000 0000 0000 f37f7344 164aede0: trying to extract 128 bits from nonblocking
[    6.276516] random 0000 0000 0000 f37f7344 164aede0: debiting 128 entropy credits from nonblocking (unlimited)
[    6.276519] random 0000 0000 0000 f37f7344 164aede0: extract_entropy account returned: 16 
[    6.276523] random 0000 0000 0000 f37f7344 164aede0: urand_change_num 81 extract_buf: pool_sig 000003c2, data_sig ffffff6c, bytes_mixed 20 f37f7344 164aede0
[    6.276528] random 0000 0000 0000 f37f7344 164aede0: urand_change_num 82 extract_buf: pool_sig fffffdfc, data_sig 00000091, bytes_mixed 20 f37f7344 164aede0
[    6.299310] random 0000 0000 0000 a4794863 878070c1: rand_read_num 23 get_random_bytes(16): sig 0000011b a4794863 878070c1
[    6.299313] random 0000 0000 0000 a4794863 878070c1: extract_entropy(.. 16 ..)
[    6.299316] random 0000 0000 0000 a4794863 878070c1: going to reseed nonblocking with 128 bits (128 of 0 requested)
[    6.299318] random 0000 0000 0000 a4794863 878070c1: extract_entropy(.. 16 ..)
[    6.299320] random 0000 0000 0000 a4794863 878070c1: trying to extract 128 bits from input
[    6.299323] random 0000 0000 0000 a4794863 878070c1: debiting 0 entropy credits from input
[    6.299325] random 0000 0000 0000 a4794863 878070c1: extract_entropy account returned: 0 
[    6.299328] random 0000 0000 0000 a4794863 878070c1: urand_change_num 83 xfer_secondary_pool(16): pool_sig 0000011b, data_sig 00000000, bytes_mixed 0 a4794863 878070c1
[    6.299331] random 0000 0000 0000 a4794863 878070c1: trying to extract 128 bits from nonblocking
[    6.299333] random 0000 0000 0000 a4794863 878070c1: debiting 128 entropy credits from nonblocking (unlimited)
[    6.299335] random 0000 0000 0000 a4794863 878070c1: extract_entropy account returned: 16 
[    6.299339] random 0000 0000 0000 a4794863 878070c1: urand_change_num 84 extract_buf: pool_sig 0000011b, data_sig ffffff51, bytes_mixed 20 a4794863 878070c1
[    6.299345] random 0000 0000 0000 737f19b4 9417d8ab: urand_change_num 85 extract_buf: pool_sig 000001a3, data_sig 0000006c, bytes_mixed 20 737f19b4 9417d8ab
[    6.303402] random 0000 0000 0000 737f19b4 9417d8ab: rand_read_num 24 get_random_bytes(16): sig fffffe22 737f19b4 9417d8ab
[    6.303405] random 0000 0000 0000 737f19b4 9417d8ab: extract_entropy(.. 16 ..)
[    6.303407] random 0000 0000 0000 737f19b4 9417d8ab: going to reseed nonblocking with 128 bits (128 of 0 requested)
[    6.303410] random 0000 0000 0000 737f19b4 9417d8ab: extract_entropy(.. 16 ..)
[    6.303412] random 0000 0000 0000 737f19b4 9417d8ab: trying to extract 128 bits from input
[    6.303414] random 0000 0000 0000 737f19b4 9417d8ab: debiting 0 entropy credits from input
[    6.303416] random 0000 0000 0000 737f19b4 9417d8ab: extract_entropy account returned: 0 
[    6.303419] random 0000 0000 0000 737f19b4 9417d8ab: urand_change_num 86 xfer_secondary_pool(16): pool_sig fffffe22, data_sig 00000000, bytes_mixed 0 737f19b4 9417d8ab
[    6.303422] random 0000 0000 0000 737f19b4 9417d8ab: trying to extract 128 bits from nonblocking
[    6.303424] random 0000 0000 0000 737f19b4 9417d8ab: debiting 128 entropy credits from nonblocking (unlimited)
[    6.303426] random 0000 0000 0000 737f19b4 9417d8ab: extract_entropy account returned: 16 
[    6.303431] random 0000 0000 0000 737f19b4 9417d8ab: urand_change_num 87 extract_buf: pool_sig fffffe22, data_sig 00000230, bytes_mixed 20 737f19b4 9417d8ab
[    6.303436] random 0000 0000 0000 4deb0d06 1236af4c: urand_change_num 88 extract_buf: pool_sig 000000b6, data_sig ffffff44, bytes_mixed 20 4deb0d06 1236af4c
[    6.304435] random 0000 0000 0000 b538fadc 4a7613df: rand_read_num 25 get_random_bytes(16): sig 0000013c b538fadc 4a7613df
[    6.304438] random 0000 0000 0000 b538fadc 4a7613df: extract_entropy(.. 16 ..)
[    6.304441] random 0000 0000 0000 b538fadc 4a7613df: going to reseed nonblocking with 128 bits (128 of 0 requested)
[    6.304443] random 0000 0000 0000 b538fadc 4a7613df: extract_entropy(.. 16 ..)
[    6.304445] random 0000 0000 0000 b538fadc 4a7613df: trying to extract 128 bits from input
[    6.304447] random 0000 0000 0000 b538fadc 4a7613df: debiting 0 entropy credits from input
[    6.304449] random 0000 0000 0000 b538fadc 4a7613df: extract_entropy account returned: 0 
[    6.304452] random 0000 0000 0000 b538fadc 4a7613df: urand_change_num 89 xfer_secondary_pool(16): pool_sig 0000013c, data_sig 00000000, bytes_mixed 0 b538fadc 4a7613df
[    6.304455] random 0000 0000 0000 b538fadc 4a7613df: trying to extract 128 bits from nonblocking
[    6.304458] random 0000 0000 0000 b538fadc 4a7613df: debiting 128 entropy credits from nonblocking (unlimited)
[    6.304460] random 0000 0000 0000 b538fadc 4a7613df: extract_entropy account returned: 16 
[    6.304464] random 0000 0000 0000 b538fadc 4a7613df: urand_change_num 90 extract_buf: pool_sig 0000013c, data_sig 00000015, bytes_mixed 20 b538fadc 4a7613df
[    6.304470] random 0000 0000 0000 b538fadc 4a7613df: urand_change_num 91 extract_buf: pool_sig 00000452, data_sig 0000002b, bytes_mixed 20 b538fadc 4a7613df
[    6.304931] random 0000 0000 0000 73b17df4 93bb370e: rand_read_num 26 get_random_bytes(16): sig fffffbf1 73b17df4 93bb370e
[    6.304934] random 0000 0000 0000 73b17df4 93bb370e: extract_entropy(.. 16 ..)
[    6.304936] random 0000 0000 0000 73b17df4 93bb370e: going to reseed nonblocking with 128 bits (128 of 0 requested)
[    6.304939] random 0000 0000 0000 73b17df4 93bb370e: extract_entropy(.. 16 ..)
[    6.304941] random 0000 0000 0000 73b17df4 93bb370e: trying to extract 128 bits from input
[    6.304943] random 0000 0000 0000 73b17df4 93bb370e: debiting 0 entropy credits from input
[    6.304945] random 0000 0000 0000 73b17df4 93bb370e: extract_entropy account returned: 0 
[    6.304948] random 0000 0000 0000 73b17df4 93bb370e: urand_change_num 92 xfer_secondary_pool(16): pool_sig fffffbf1, data_sig 00000000, bytes_mixed 0 73b17df4 93bb370e
[    6.304951] random 0000 0000 0000 73b17df4 93bb370e: trying to extract 128 bits from nonblocking
[    6.304953] random 0000 0000 0000 73b17df4 93bb370e: debiting 128 entropy credits from nonblocking (unlimited)
[    6.304955] random 0000 0000 0000 73b17df4 93bb370e: extract_entropy account returned: 16 
[    6.304959] random 0000 0000 0000 73b17df4 93bb370e: urand_change_num 93 extract_buf: pool_sig fffffbf1, data_sig ffffff99, bytes_mixed 20 73b17df4 93bb370e
[    6.304965] random 0000 0000 0000 73b17df4 93bb370e: urand_change_num 94 extract_buf: pool_sig fffffe1d, data_sig 000000b0, bytes_mixed 20 73b17df4 93bb370e
[    6.305371] random 0000 0000 0000 0cd682bb ba04da9f: rand_read_num 27 get_random_bytes(16): sig fffffccb 0cd682bb ba04da9f
[    6.305374] random 0000 0000 0000 0cd682bb ba04da9f: extract_entropy(.. 16 ..)
[    6.305376] random 0000 0000 0000 0cd682bb ba04da9f: going to reseed nonblocking with 128 bits (128 of 0 requested)
[    6.305379] random 0000 0000 0000 0cd682bb ba04da9f: extract_entropy(.. 16 ..)
[    6.305381] random 0000 0000 0000 0cd682bb ba04da9f: trying to extract 128 bits from input
[    6.305383] random 0000 0000 0000 0cd682bb ba04da9f: debiting 0 entropy credits from input
[    6.305385] random 0000 0000 0000 0cd682bb ba04da9f: extract_entropy account returned: 0 
[    6.305388] random 0000 0000 0000 0cd682bb ba04da9f: urand_change_num 95 xfer_secondary_pool(16): pool_sig fffffccb, data_sig 00000000, bytes_mixed 0 0cd682bb ba04da9f
[    6.305391] random 0000 0000 0000 0cd682bb ba04da9f: trying to extract 128 bits from nonblocking
[    6.305393] random 0000 0000 0000 0cd682bb ba04da9f: debiting 128 entropy credits from nonblocking (unlimited)
[    6.305395] random 0000 0000 0000 0cd682bb ba04da9f: extract_entropy account returned: 16 
[    6.305400] random 0000 0000 0000 0cd682bb ba04da9f: urand_change_num 96 extract_buf: pool_sig fffffccb, data_sig fffffec5, bytes_mixed 20 0cd682bb ba04da9f
[    6.305405] random 0000 0000 0000 26929f1a 15254dc1: urand_change_num 97 extract_buf: pool_sig fffffed2, data_sig ffffffb1, bytes_mixed 20 26929f1a 15254dc1
[    6.306280] random 0000 0000 0000 26929f1a 15254dc1: rand_read_num 28 get_random_bytes(16): sig 00000038 26929f1a 15254dc1
[    6.306283] random 0000 0000 0000 26929f1a 15254dc1: extract_entropy(.. 16 ..)
[    6.306286] random 0000 0000 0000 26929f1a 15254dc1: going to reseed nonblocking with 128 bits (128 of 0 requested)
[    6.306288] random 0000 0000 0000 26929f1a 15254dc1: extract_entropy(.. 16 ..)
[    6.306290] random 0000 0000 0000 26929f1a 15254dc1: trying to extract 128 bits from input
[    6.306292] random 0000 0000 0000 26929f1a 15254dc1: debiting 0 entropy credits from input
[    6.306294] random 0000 0000 0000 26929f1a 15254dc1: extract_entropy account returned: 0 
[    6.306297] random 0000 0000 0000 26929f1a 15254dc1: urand_change_num 98 xfer_secondary_pool(16): pool_sig 00000038, data_sig 00000000, bytes_mixed 0 26929f1a 15254dc1
[    6.306300] random 0000 0000 0000 26929f1a 15254dc1: trying to extract 128 bits from nonblocking
[    6.306302] random 0000 0000 0000 26929f1a 15254dc1: debiting 128 entropy credits from nonblocking (unlimited)
[    6.306305] random 0000 0000 0000 26929f1a 15254dc1: extract_entropy account returned: 16 
[    6.306309] random 0000 0000 0000 26929f1a 15254dc1: urand_change_num 99 extract_buf: pool_sig 00000038, data_sig 000000fd, bytes_mixed 20 26929f1a 15254dc1
[    6.306314] random 0000 0000 0000 8116fe3b 478c2d5b: urand_change_num 100 extract_buf: pool_sig 00000059, data_sig 00000310, bytes_mixed 20 8116fe3b 478c2d5b
[    6.312946] random 0000 0000 0000 a20f4a3a 32a6b2fa: rand_read_num 29 get_random_bytes(16): sig 000002c0 a20f4a3a 32a6b2fa
[    6.312949] random 0000 0000 0000 a20f4a3a 32a6b2fa: extract_entropy(.. 16 ..)
[    6.312951] random 0000 0000 0000 a20f4a3a 32a6b2fa: going to reseed nonblocking with 128 bits (128 of 0 requested)
[    6.312954] random 0000 0000 0000 a20f4a3a 32a6b2fa: extract_entropy(.. 16 ..)
[    6.312956] random 0000 0000 0000 a20f4a3a 32a6b2fa: trying to extract 128 bits from input
[    6.312958] random 0000 0000 0000 a20f4a3a 32a6b2fa: debiting 0 entropy credits from input
[    6.312960] random 0000 0000 0000 a20f4a3a 32a6b2fa: extract_entropy account returned: 0 
[    6.312963] random 0000 0000 0000 a20f4a3a 32a6b2fa: urand_change_num 101 xfer_secondary_pool(16): pool_sig 000002c0, data_sig 00000000, bytes_mixed 0 a20f4a3a 32a6b2fa
[    6.312966] random 0000 0000 0000 a20f4a3a 32a6b2fa: trying to extract 128 bits from nonblocking
[    6.312968] random 0000 0000 0000 a20f4a3a 32a6b2fa: debiting 128 entropy credits from nonblocking (unlimited)
[    6.312970] random 0000 0000 0000 a20f4a3a 32a6b2fa: extract_entropy account returned: 16 
[    6.312974] random 0000 0000 0000 a20f4a3a 32a6b2fa: urand_change_num 102 extract_buf: pool_sig 000002c0, data_sig 000000fb, bytes_mixed 20 a20f4a3a 32a6b2fa
[    6.312980] random 0000 0000 0000 a20f4a3a 32a6b2fa: urand_change_num 103 extract_buf: pool_sig ffffffdd, data_sig 000000a5, bytes_mixed 20 a20f4a3a 32a6b2fa
[    6.325480] random 0000 0000 0000 de716d2a 6c4757e1: rand_read_num 30 get_random_bytes(16): sig 000000fa de716d2a 6c4757e1
[    6.325483] random 0000 0000 0000 de716d2a 6c4757e1: extract_entropy(.. 16 ..)
[    6.325486] random 0000 0000 0000 de716d2a 6c4757e1: going to reseed nonblocking with 128 bits (128 of 0 requested)
[    6.325488] random 0000 0000 0000 de716d2a 6c4757e1: extract_entropy(.. 16 ..)
[    6.325490] random 0000 0000 0000 de716d2a 6c4757e1: trying to extract 128 bits from input
[    6.325492] random 0000 0000 0000 de716d2a 6c4757e1: debiting 0 entropy credits from input
[    6.325494] random 0000 0000 0000 de716d2a 6c4757e1: extract_entropy account returned: 0 
[    6.325497] random 0000 0000 0000 de716d2a 6c4757e1: urand_change_num 104 xfer_secondary_pool(16): pool_sig 000000fa, data_sig 00000000, bytes_mixed 0 de716d2a 6c4757e1
[    6.325500] random 0000 0000 0000 de716d2a 6c4757e1: trying to extract 128 bits from nonblocking
[    6.325503] random 0000 0000 0000 de716d2a 6c4757e1: debiting 128 entropy credits from nonblocking (unlimited)
[    6.325505] random 0000 0000 0000 de716d2a 6c4757e1: extract_entropy account returned: 16 
[    6.325509] random 0000 0000 0000 de716d2a 6c4757e1: urand_change_num 105 extract_buf: pool_sig 000000fa, data_sig ffffff34, bytes_mixed 20 de716d2a 6c4757e1
[    6.325514] random 0000 0000 0000 de716d2a 6c4757e1: urand_change_num 106 extract_buf: pool_sig 000003d3, data_sig ffffff30, bytes_mixed 20 de716d2a 6c4757e1
[    6.326101] random 0000 0000 0000 a7c511e1 f90ea457: rand_read_num 31 get_random_bytes(16): sig 0000009a a7c511e1 f90ea457
[    6.326104] random 0000 0000 0000 a7c511e1 f90ea457: extract_entropy(.. 16 ..)
[    6.326107] random 0000 0000 0000 a7c511e1 f90ea457: going to reseed nonblocking with 128 bits (128 of 0 requested)
[    6.326109] random 0000 0000 0000 a7c511e1 f90ea457: extract_entropy(.. 16 ..)
[    6.326111] random 0000 0000 0000 a7c511e1 f90ea457: trying to extract 128 bits from input
[    6.326113] random 0000 0000 0000 a7c511e1 f90ea457: debiting 0 entropy credits from input
[    6.326115] random 0000 0000 0000 a7c511e1 f90ea457: extract_entropy account returned: 0 
[    6.326118] random 0000 0000 0000 a7c511e1 f90ea457: urand_change_num 107 xfer_secondary_pool(16): pool_sig 0000009a, data_sig 00000000, bytes_mixed 0 a7c511e1 f90ea457
[    6.326121] random 0000 0000 0000 a7c511e1 f90ea457: trying to extract 128 bits from nonblocking
[    6.326124] random 0000 0000 0000 a7c511e1 f90ea457: debiting 128 entropy credits from nonblocking (unlimited)
[    6.326126] random 0000 0000 0000 a7c511e1 f90ea457: extract_entropy account returned: 16 
[    6.326130] random 0000 0000 0000 a7c511e1 f90ea457: urand_change_num 108 extract_buf: pool_sig 0000009a, data_sig 000000e0, bytes_mixed 20 a7c511e1 f90ea457
[    6.326135] random 0000 0000 0000 7c18c7e6 d65ccb06: urand_change_num 109 extract_buf: pool_sig fffffa79, data_sig 000000e0, bytes_mixed 20 7c18c7e6 d65ccb06
[    6.326709] random 0000 0000 0000 7c18c7e6 d65ccb06: rand_read_num 32 get_random_bytes(16): sig fffffe1e 7c18c7e6 d65ccb06
[    6.326712] random 0000 0000 0000 7c18c7e6 d65ccb06: extract_entropy(.. 16 ..)
[    6.326714] random 0000 0000 0000 7c18c7e6 d65ccb06: going to reseed nonblocking with 128 bits (128 of 0 requested)
[    6.326717] random 0000 0000 0000 7c18c7e6 d65ccb06: extract_entropy(.. 16 ..)
[    6.326719] random 0000 0000 0000 7c18c7e6 d65ccb06: trying to extract 128 bits from input
[    6.326721] random 0000 0000 0000 7c18c7e6 d65ccb06: debiting 0 entropy credits from input
[    6.326723] random 0000 0000 0000 7c18c7e6 d65ccb06: extract_entropy account returned: 0 
[    6.326726] random 0000 0000 0000 7c18c7e6 d65ccb06: urand_change_num 110 xfer_secondary_pool(16): pool_sig fffffe1e, data_sig 00000000, bytes_mixed 0 7c18c7e6 d65ccb06
[    6.326729] random 0000 0000 0000 7c18c7e6 d65ccb06: trying to extract 128 bits from nonblocking
[    6.326731] random 0000 0000 0000 7c18c7e6 d65ccb06: debiting 128 entropy credits from nonblocking (unlimited)
[    6.326733] random 0000 0000 0000 7c18c7e6 d65ccb06: extract_entropy account returned: 16 
