[    0.000000] random 0000 0000 0000 00000000 00000000: rand_read_num 1 get_random_bytes(8): sig 00000000 00000000 00000000
[    0.000000] random 0000 0000 0000 00000000 00000000: extract_entropy(.. 8 ..)
[    0.000000] random 0000 0000 0000 00000000 00000000: going to reseed nonblocking with 64 bits (64 of 0 requested)
[    0.000000] random 0000 0000 0000 00000000 00000000: extract_entropy(.. 8 ..)
[    0.000000] random 0000 0000 0000 00000000 00000000: trying to extract 64 bits from input
[    0.000000] random 0000 0000 0000 00000000 00000000: debiting 0 entropy credits from input
[    0.000000] random 0000 0000 0000 00000000 00000000: extract_entropy account returned: 0 
[    0.000000] random 0000 0000 0000 00000000 00000000: urand_change_num 1 xfer_secondary_pool(8): pool_sig 00000000, data_sig 00000000, bytes_mixed 0 00000000 00000000
[    0.000000] random 0000 0000 0000 00000000 00000000: trying to extract 64 bits from nonblocking
[    0.000000] random 0000 0000 0000 00000000 00000000: debiting 64 entropy credits from nonblocking (unlimited)
[    0.000000] random 0000 0000 0000 00000000 00000000: extract_entropy account returned: 8 
[    0.000000] random 0000 0000 0000 00000000 00000000: urand_change_num 2 extract_buf: pool_sig 00000000, data_sig fffffff9, bytes_mixed 20 00000000 00000000
[    0.000000] Linux version 2.6.32.57 (dcashman@dcashman-02) (gcc version 4.3.3 (GCC) ) #3 Fri May 24 04:27:34 PDT 2013
[    0.000000] KERNEL supported cpus:
[    0.000000]   Intel GenuineIntel
[    0.000000]   AMD AuthenticAMD
[    0.000000]   NSC Geode by NSC
[    0.000000]   Cyrix CyrixInstead
[    0.000000]   Centaur CentaurHauls
[    0.000000]   Transmeta GenuineTMx86
[    0.000000]   Transmeta TransmetaCPU
[    0.000000]   UMC UMC UMC UMC
[    0.000000] BIOS-provided physical RAM map:
[    0.000000]  BIOS-e820: 0000000000000000 - 000000000009d800 (usable)
[    0.000000]  BIOS-e820: 000000000009d800 - 00000000000a0000 (reserved)
[    0.000000]  BIOS-e820: 00000000000d2000 - 00000000000d4000 (reserved)
[    0.000000]  BIOS-e820: 00000000000e0000 - 0000000000100000 (reserved)
[    0.000000]  BIOS-e820: 0000000000100000 - 000000003d6b0000 (usable)
[    0.000000]  BIOS-e820: 000000003d6b0000 - 000000003d6cc000 (ACPI data)
[    0.000000]  BIOS-e820: 000000003d6cc000 - 000000003d700000 (ACPI NVS)
[    0.000000]  BIOS-e820: 000000003d700000 - 000000003e000000 (reserved)
[    0.000000]  BIOS-e820: 00000000f0000000 - 00000000f4000000 (reserved)
[    0.000000]  BIOS-e820: 00000000fec00000 - 00000000fec10000 (reserved)
[    0.000000]  BIOS-e820: 00000000fed00000 - 00000000fed00400 (reserved)
[    0.000000]  BIOS-e820: 00000000fed14000 - 00000000fed1a000 (reserved)
[    0.000000]  BIOS-e820: 00000000fed1c000 - 00000000fed90000 (reserved)
[    0.000000]  BIOS-e820: 00000000fee00000 - 00000000fee01000 (reserved)
[    0.000000]  BIOS-e820: 00000000ff000000 - 0000000100000000 (reserved)
[    0.000000] DMI present.
[    0.000000] last_pfn = 0x3d6b0 max_arch_pfn = 0x100000
[    0.000000] MTRR default type: uncachable
[    0.000000] MTRR fixed ranges enabled:
[    0.000000]   00000-9FFFF write-back
[    0.000000]   A0000-BFFFF uncachable
[    0.000000]   C0000-CFFFF write-protect
[    0.000000]   D0000-DFFFF uncachable
[    0.000000]   E0000-FFFFF write-protect
[    0.000000] MTRR variable ranges enabled:
[    0.000000]   0 base 03E000000 mask FFE000000 uncachable
[    0.000000]   1 base 000000000 mask FC0000000 write-back
[    0.000000]   2 base 03D700000 mask FFFF00000 uncachable
[    0.000000]   3 base 03D800000 mask FFF800000 uncachable
[    0.000000]   4 disabled
[    0.000000]   5 disabled
[    0.000000]   6 disabled
[    0.000000]   7 disabled
[    0.000000] initial memory mapped : 0 - 02000000
[    0.000000] init_memory_mapping: 0000000000000000-00000000377fe000
[    0.000000]  0000000000 - 0000400000 page 4k
[    0.000000]  0000400000 - 0037400000 page 2M
[    0.000000]  0037400000 - 00377fe000 page 4k
[    0.000000] kernel direct mapping tables up to 377fe000 @ 7000-c000
[    0.000000] ACPI: RSDP 000f68d0 00024 (v02 LENOVO)
[    0.000000] ACPI: XSDT 3d6bb77f 00094 (v01 LENOVO TP-7L    00002170  LTP 00000000)
[    0.000000] ACPI: FACP 3d6bb900 000F4 (v03 LENOVO TP-7L    00002170 LNVO 00000001)
[    0.000000] ACPI Warning: 32/64X length mismatch in Gpe1Block: 0/32 (20090903/tbfadt-526)
[    0.000000] ACPI Warning: Optional field Gpe1Block has zero address or length: 000000000000102C/0 (20090903/tbfadt-557)
[    0.000000] ACPI: DSDT 3d6bbd1d 0FED1 (v01 LENOVO TP-7L    00002170 MSFT 03000000)
[    0.000000] ACPI: FACS 3d6e4000 00040
[    0.000000] ACPI: SSDT 3d6bbab4 00269 (v01 LENOVO TP-7L    00002170 MSFT 03000000)
[    0.000000] ACPI: ECDT 3d6cbbee 00052 (v01 LENOVO TP-7L    00002170 LNVO 00000001)
[    0.000000] ACPI: TCPA 3d6cbc40 00032 (v02 LENOVO TP-7L    00002170 LNVO 00000001)
[    0.000000] ACPI: APIC 3d6cbc72 00068 (v01 LENOVO TP-7L    00002170 LNVO 00000001)
[    0.000000] ACPI: MCFG 3d6cbcda 0003C (v01 LENOVO TP-7L    00002170 LNVO 00000001)
[    0.000000] ACPI: HPET 3d6cbd16 00038 (v01 LENOVO TP-7L    00002170 LNVO 00000001)
[    0.000000] ACPI: SLIC 3d6cbdf0 00176 (v01 LENOVO TP-7L    00002170  LTP 00000000)
[    0.000000] ACPI: BOOT 3d6cbf66 00028 (v01 LENOVO TP-7L    00002170  LTP 00000001)
[    0.000000] ACPI: ASF! 3d6cbf8e 00072 (v16 LENOVO TP-7L    00002170 PTL  00000001)
[    0.000000] ACPI: SSDT 3d6e26d9 0025F (v01 LENOVO TP-7L    00002170 INTL 20050513)
[    0.000000] ACPI: SSDT 3d6e2938 000A6 (v01 LENOVO TP-7L    00002170 INTL 20050513)
[    0.000000] ACPI: SSDT 3d6e29de 004F7 (v01 LENOVO TP-7L    00002170 INTL 20050513)
[    0.000000] ACPI: SSDT 3d6e2ed5 001D8 (v01 LENOVO TP-7L    00002170 INTL 20050513)
[    0.000000] ACPI: DMI detected: Lenovo ThinkPad R61
[    0.000000] ACPI: Added _OSI(Linux)
[    0.000000] ACPI: Local APIC address 0xfee00000
[    0.000000] 94MB HIGHMEM available.
[    0.000000] 887MB LOWMEM available.
[    0.000000]   mapped low ram: 0 - 377fe000
[    0.000000]   low ram: 0 - 377fe000
[    0.000000]   node 0 low ram: 00000000 - 377fe000
[    0.000000]   node 0 bootmap 00008000 - 0000ef00
[    0.000000] (6 early reservations) ==> bootmem [0000000000 - 00377fe000]
[    0.000000]   #0 [0000000000 - 0000001000]   BIOS data page ==> [0000000000 - 0000001000]
[    0.000000]   #1 [0001000000 - 0001bdc180]    TEXT DATA BSS ==> [0001000000 - 0001bdc180]
[    0.000000]   #2 [000009d800 - 0000100000]    BIOS reserved ==> [000009d800 - 0000100000]
[    0.000000]   #3 [0001bdd000 - 0001be516c]              BRK ==> [0001bdd000 - 0001be516c]
[    0.000000]   #4 [0000007000 - 0000008000]          PGTABLE ==> [0000007000 - 0000008000]
[    0.000000]   #5 [0000008000 - 000000f000]          BOOTMAP ==> [0000008000 - 000000f000]
[    0.000000] found SMP MP-table at [c00f6900] f6900
[    0.000000] Zone PFN ranges:
[    0.000000]   DMA      0x00000000 -> 0x00001000
[    0.000000]   Normal   0x00001000 -> 0x000377fe
[    0.000000]   HighMem  0x000377fe -> 0x0003d6b0
[    0.000000] Movable zone start PFN for each node
[    0.000000] early_node_map[2] active PFN ranges
[    0.000000]     0: 0x00000000 -> 0x0000009d
[    0.000000]     0: 0x00000100 -> 0x0003d6b0
[    0.000000] On node 0 totalpages: 251469
[    0.000000] free_area_init_node: node 0, pgdat c1901ea0, node_mem_map c1be7000
[    0.000000]   DMA zone: 32 pages used for memmap
[    0.000000]   DMA zone: 0 pages reserved
[    0.000000]   DMA zone: 3965 pages, LIFO batch:0
[    0.000000]   Normal zone: 1744 pages used for memmap
[    0.000000]   Normal zone: 221486 pages, LIFO batch:31
[    0.000000]   HighMem zone: 190 pages used for memmap
[    0.000000]   HighMem zone: 24052 pages, LIFO batch:3
[    0.000000] Using APIC driver default
[    0.000000] ACPI: PM-Timer IO Port: 0x1008
[    0.000000] ACPI: Local APIC address 0xfee00000
[    0.000000] ACPI: LAPIC (acpi_id[0x00] lapic_id[0x00] enabled)
[    0.000000] ACPI: LAPIC (acpi_id[0x01] lapic_id[0x01] enabled)
[    0.000000] ACPI: NR_CPUS/possible_cpus limit of 1 reached.  Processor 1/0x1 ignored.
[    0.000000] ACPI: LAPIC_NMI (acpi_id[0x00] high edge lint[0x1])
[    0.000000] ACPI: LAPIC_NMI (acpi_id[0x01] high edge lint[0x1])
[    0.000000] ACPI: IOAPIC (id[0x01] address[0xfec00000] gsi_base[0])
[    0.000000] IOAPIC[0]: apic_id 1, version 32, address 0xfec00000, GSI 0-23
[    0.000000] ACPI: INT_SRC_OVR (bus 0 bus_irq 0 global_irq 2 dfl dfl)
[    0.000000] ACPI: INT_SRC_OVR (bus 0 bus_irq 9 global_irq 9 high level)
[    0.000000] ACPI: IRQ0 used by override.
[    0.000000] ACPI: IRQ2 used by override.
[    0.000000] ACPI: IRQ9 used by override.
[    0.000000] Using ACPI (MADT) for SMP configuration information
[    0.000000] ACPI: HPET id: 0x8086a201 base: 0xfed00000
[    0.000000] nr_irqs_gsi: 24
[    0.000000] PM: Registered nosave memory: 000000000009d000 - 000000000009e000
[    0.000000] PM: Registered nosave memory: 000000000009e000 - 00000000000a0000
[    0.000000] PM: Registered nosave memory: 00000000000a0000 - 00000000000d2000
[    0.000000] PM: Registered nosave memory: 00000000000d2000 - 00000000000d4000
[    0.000000] PM: Registered nosave memory: 00000000000d4000 - 00000000000e0000
[    0.000000] PM: Registered nosave memory: 00000000000e0000 - 0000000000100000
[    0.000000] Allocating PCI resources starting at 3e000000 (gap: 3e000000:b2000000)
[    0.000000] Built 1 zonelists in Zone order, mobility grouping on.  Total pages: 249503
[    0.000000] Kernel command line: auto BOOT_IMAGE=Linux ro root=802 vt.default_utf8=0 maxcpus=0
[    0.000000] PID hash table entries: 4096 (order: 2, 16384 bytes)
[    0.000000] Dentry cache hash table entries: 131072 (order: 7, 524288 bytes)
[    0.000000] Inode-cache hash table entries: 65536 (order: 6, 262144 bytes)
[    0.000000] Enabling fast FPU save and restore... done.
[    0.000000] Enabling unmasked SIMD FPU exception support... done.
[    0.000000] Initializing CPU#0
[    0.000000] Initializing HighMem for node 0 (000377fe:0003d6b0)
[    0.000000] Memory: 984800k/1006272k available (6914k kernel code, 20876k reserved, 2328k data, 448k init, 96968k highmem)
[    0.000000] virtual kernel memory layout:
[    0.000000]     fixmap  : 0xfffa3000 - 0xfffff000   ( 368 kB)
[    0.000000]     pkmap   : 0xff800000 - 0xffc00000   (4096 kB)
[    0.000000]     vmalloc : 0xf7ffe000 - 0xff7fe000   ( 120 MB)
[    0.000000]     lowmem  : 0xc0000000 - 0xf77fe000   ( 887 MB)
[    0.000000]       .init : 0xc1907000 - 0xc1977000   ( 448 kB)
[    0.000000]       .data : 0xc16c0b5f - 0xc1906c64   (2328 kB)
[    0.000000]       .text : 0xc1000000 - 0xc16c0b5f   (6914 kB)
[    0.000000] Checking if this processor honours the WP bit even in supervisor mode...Ok.
[    0.000000] SLUB: Genslabs=13, HWalign=64, Order=0-3, MinObjects=0, CPUs=1, Nodes=1
[    0.000000] Hierarchical RCU implementation.
[    0.000000] NR_IRQS:288
[    0.000000] Extended CMOS year: 2000
[    0.000000] Console: colour VGA+ 80x25
[    0.000000] console [tty0] enabled
[    0.000000] hpet clockevent registered
[    0.000000] Fast TSC calibration using PIT
[    0.000000] Detected 2094.346 MHz processor.
[    0.001002] Calibrating delay loop (skipped), value calculated using timer frequency.. 4188.69 BogoMIPS (lpj=2094346)
[    0.001179] Security Framework initialized
[    0.001265] Mount-cache hash table entries: 512
[    0.002068] CPU: L1 I cache: 32K, L1 D cache: 32K
[    0.002196] CPU: L2 cache: 3072K
[    0.002279] mce: CPU supports 6 MCE banks
[    0.002361] CPU0: Thermal monitoring enabled (TM2)
[    0.002446] using mwait in idle threads.
[    0.002531] CPU: Intel(R) Core(TM)2 Duo CPU     T8100  @ 2.10GHz stepping 06
[    0.002706] Checking 'hlt' instruction... OK.
[    0.006938] ACPI: Core revision 20090903
[    0.026017] CANARY value: f0577472 for PID: 1
[    0.026047] Enabling APIC mode:  Flat.  Using 1 I/O APICs
[    0.026502] ..TIMER: vector=0x30 apic1=0 pin1=2 apic2=-1 pin2=-1
[    0.036997] xor: automatically using best checksumming function: pIII_sse
[    0.040998]    pIII_sse  :  8568.000 MB/sec
[    0.041083] xor: using function: pIII_sse (8568.000 MB/sec)
[    0.041176] RANDOM - __seed init called.
[    0.041177] RANDOM - __seed init called.
[    0.041178] RANDOM - __seed init called.
[    0.041179] RANDOM - __random32 called. Change num 1.  Value: e6b75c0e	845fdb3c	4764ecc7
[    0.041181] RANDOM - __random32 called. Change num 2.  Value: 75c0e1a6	45fdb3ca	d98f8871
[    0.041183] RANDOM - __random32 called. Change num 3.  Value: e1a6d3e	5fdb3ca9	10e2be79
[    0.041185] RANDOM - __random32 called. Change num 4.  Value: a6d3e877	fdb3ca90	7cf2fee9
[    0.041186] RANDOM - __random32 called. Change num 5.  Value: 3e877b7b	db3ca905	fdd36ca1
[    0.041188] RANDOM - __random32 called. Change num 6.  Value: 77b7ba3d	b3ca905b	d9426901
[    0.041189] RANDOM - random32 init called.  Value: 77b7ba3d	b3ca905b	d9426901
[    0.041206] NET: Registered protocol family 16
[    0.041467] ACPI FADT declares the system doesn't support PCIe ASPM, so disable it
[    0.041596] ACPI: bus type pci registered
[    0.041766] PCI: MCFG configuration 0: base f0000000 segment 0 buses 0 - 63
[    0.041862] PCI: MCFG area at f0000000 reserved in E820
[    0.041952] PCI: Using MMCONFIG for extended config space
[    0.042002] PCI: Using configuration type 1 for base access
[    0.045158] bio: create slab <bio-0> at 0
[    0.045971] ACPI: EC: EC description table is found, configuring boot EC
[    0.051144] ACPI: BIOS _OSI(Linux) query honored via DMI
[    0.051861] random 0000 0000 0000 00000000 00000000: rand_read_num 2 get_random_bytes(8): sig fffffe1a 00000000 00000000
[    0.051864] random 0000 0000 0000 00000000 00000000: extract_entropy(.. 8 ..)
[    0.051867] random 0000 0000 0000 00000000 00000000: going to reseed nonblocking with 64 bits (64 of 0 requested)
[    0.051869] random 0000 0000 0000 00000000 00000000: extract_entropy(.. 8 ..)
[    0.051871] random 0000 0000 0000 00000000 00000000: trying to extract 64 bits from input
[    0.051873] random 0000 0000 0000 00000000 00000000: debiting 0 entropy credits from input
[    0.051875] random 0000 0000 0000 00000000 00000000: extract_entropy account returned: 0 
[    0.051906] random 0000 0000 0000 00000000 00000000: urand_change_num 3 xfer_secondary_pool(8): pool_sig fffffe1a, data_sig 00000000, bytes_mixed 0 00000000 00000000
[    0.051909] random 0000 0000 0000 00000000 00000000: trying to extract 64 bits from nonblocking
[    0.051912] random 0000 0000 0000 00000000 00000000: debiting 64 entropy credits from nonblocking (unlimited)
[    0.051914] random 0000 0000 0000 00000000 00000000: extract_entropy account returned: 8 
[    0.051918] random 0000 0000 0000 00000000 00000000: urand_change_num 4 extract_buf: pool_sig fffffe1a, data_sig fffffed7, bytes_mixed 20 00000000 00000000
[    0.056610] ACPI: Interpreter enabled
[    0.056695] ACPI: (supports S0 S3 S4 S5)
[    0.056998] ACPI: Using IOAPIC for interrupt routing
[    0.066818] ACPI: EC: GPE = 0x12, I/O: command/status = 0x66, data = 0x62
[    0.067083] ACPI: Power Resource [PUBS] (on)
[    0.069192] ACPI: ACPI Dock Station Driver: 3 docks/bays found
[    0.069600] ACPI: PCI Root Bridge [PCI0] (0000:00)
[    0.069771] pci 0000:00:02.0: reg 10 64bit mmio: [0xf8100000-0xf81fffff]
[    0.069777] pci 0000:00:02.0: reg 18 64bit mmio pref: [0xe0000000-0xefffffff]
[    0.069781] pci 0000:00:02.0: reg 20 io port: [0x1800-0x1807]
[    0.069815] pci 0000:00:02.1: reg 10 64bit mmio: [0xf8200000-0xf82fffff]
[    0.069921] pci 0000:00:19.0: reg 10 32bit mmio: [0xfe000000-0xfe01ffff]
[    0.069930] pci 0000:00:19.0: reg 14 32bit mmio: [0xfe025000-0xfe025fff]
[    0.069939] pci 0000:00:19.0: reg 18 io port: [0x1840-0x185f]
[    0.070024] pci 0000:00:19.0: PME# supported from D0 D3hot D3cold
[    0.070127] pci 0000:00:19.0: PME# disabled
[    0.070272] pci 0000:00:1a.0: reg 20 io port: [0x1860-0x187f]
[    0.070350] pci 0000:00:1a.1: reg 20 io port: [0x1880-0x189f]
[    0.070429] pci 0000:00:1a.7: reg 10 32bit mmio: [0xfe226c00-0xfe226fff]
[    0.070517] pci 0000:00:1a.7: PME# supported from D0 D3hot D3cold
[    0.070618] pci 0000:00:1a.7: PME# disabled
[    0.070763] pci 0000:00:1b.0: reg 10 64bit mmio: [0xfe020000-0xfe023fff]
[    0.070851] pci 0000:00:1b.0: PME# supported from D0 D3hot D3cold
[    0.070947] pci 0000:00:1b.0: PME# disabled
[    0.071108] pci 0000:00:1c.0: PME# supported from D0 D3hot D3cold
[    0.071202] pci 0000:00:1c.0: PME# disabled
[    0.071406] pci 0000:00:1c.1: PME# supported from D0 D3hot D3cold
[    0.071503] pci 0000:00:1c.1: PME# disabled
[    0.071704] pci 0000:00:1c.2: PME# supported from D0 D3hot D3cold
[    0.071801] pci 0000:00:1c.2: PME# disabled
[    0.072045] pci 0000:00:1c.3: PME# supported from D0 D3hot D3cold
[    0.072143] pci 0000:00:1c.3: PME# disabled
[    0.073003] pci 0000:00:1c.4: PME# supported from D0 D3hot D3cold
[    0.073096] pci 0000:00:1c.4: PME# disabled
[    0.073244] pci 0000:00:1d.0: reg 20 io port: [0x18a0-0x18bf]
[    0.073324] pci 0000:00:1d.1: reg 20 io port: [0x18c0-0x18df]
[    0.073400] pci 0000:00:1d.2: reg 20 io port: [0x18e0-0x18ff]
[    0.073483] pci 0000:00:1d.7: reg 10 32bit mmio: [0xfe227000-0xfe2273ff]
[    0.073579] pci 0000:00:1d.7: PME# supported from D0 D3hot D3cold
[    0.073678] pci 0000:00:1d.7: PME# disabled
[    0.073983] pci 0000:00:1f.0: quirk: region 1000-107f claimed by ICH6 ACPI/GPIO/TCO
[    0.074000] pci 0000:00:1f.0: quirk: region 1180-11bf claimed by ICH6 GPIO
[    0.074097] pci 0000:00:1f.0: ICH7 LPC Generic IO decode 1 PIO at 1600 (mask 007f)
[    0.074224] pci 0000:00:1f.0: ICH7 LPC Generic IO decode 2 PIO at 15e0 (mask 000f)
[    0.074347] pci 0000:00:1f.0: ICH7 LPC Generic IO decode 3 PIO at 1680 (mask 001f)
[    0.074555] pci 0000:00:1f.1: reg 10 io port: [0x00-0x07]
[    0.074568] pci 0000:00:1f.1: reg 14 io port: [0x00-0x03]
[    0.074575] pci 0000:00:1f.1: reg 18 io port: [0x00-0x07]
[    0.074589] pci 0000:00:1f.1: reg 1c io port: [0x00-0x03]
[    0.074599] pci 0000:00:1f.1: reg 20 io port: [0x1c00-0x1c0f]
[    0.074681] pci 0000:00:1f.2: reg 10 io port: [0x1c50-0x1c57]
[    0.074690] pci 0000:00:1f.2: reg 14 io port: [0x1c44-0x1c47]
[    0.074699] pci 0000:00:1f.2: reg 18 io port: [0x1c48-0x1c4f]
[    0.074708] pci 0000:00:1f.2: reg 1c io port: [0x1c40-0x1c43]
[    0.074716] pci 0000:00:1f.2: reg 20 io port: [0x1c20-0x1c3f]
[    0.074725] pci 0000:00:1f.2: reg 24 32bit mmio: [0xfe226000-0xfe2267ff]
[    0.074783] pci 0000:00:1f.2: PME# supported from D3hot
[    0.074998] pci 0000:00:1f.2: PME# disabled
[    0.075120] pci 0000:00:1f.3: reg 10 32bit mmio: [0xfe227400-0xfe2274ff]
[    0.075145] pci 0000:00:1f.3: reg 20 io port: [0x1c60-0x1c7f]
[    0.075229] pci 0000:00:1c.0: bridge io port: [0x2000-0x2fff]
[    0.075235] pci 0000:00:1c.0: bridge 32bit mmio: [0xfc000000-0xfdffffff]
[    0.075244] pci 0000:00:1c.0: bridge 64bit mmio pref: [0xf8000000-0xf80fffff]
[    0.075315] pci 0000:03:00.0: reg 10 64bit mmio: [0xdf3f0000-0xdf3fffff]
[    0.075510] pci 0000:00:1c.1: bridge io port: [0x3000-0x3fff]
[    0.075515] pci 0000:00:1c.1: bridge 32bit mmio: [0xdc000000-0xdf3fffff]
[    0.075524] pci 0000:00:1c.1: bridge 64bit mmio pref: [0xdfe00000-0xdfefffff]
[    0.075582] pci 0000:00:1c.2: bridge io port: [0x4000-0x4fff]
[    0.075588] pci 0000:00:1c.2: bridge 32bit mmio: [0xd8000000-0xd9ffffff]
[    0.075597] pci 0000:00:1c.2: bridge 64bit mmio pref: [0xdfb00000-0xdfbfffff]
[    0.075656] pci 0000:00:1c.3: bridge io port: [0x5000-0x5fff]
[    0.075662] pci 0000:00:1c.3: bridge 32bit mmio: [0xd4000000-0xd5ffffff]
[    0.075672] pci 0000:00:1c.3: bridge 64bit mmio pref: [0xdf800000-0xdf8fffff]
[    0.075727] pci 0000:00:1c.4: bridge io port: [0x6000-0x6fff]
[    0.075733] pci 0000:00:1c.4: bridge 32bit mmio: [0xd0000000-0xd1ffffff]
[    0.075742] pci 0000:00:1c.4: bridge 64bit mmio pref: [0xdf500000-0xdf5fffff]
[    0.075809] pci 0000:15:00.0: reg 10 32bit mmio: [0xf8300000-0xf8300fff]
[    0.075864] pci 0000:15:00.0: supports D1 D2
[    0.075865] pci 0000:15:00.0: PME# supported from D0 D1 D2 D3hot D3cold
[    0.075959] pci 0000:15:00.0: PME# disabled
[    0.076049] pci 0000:15:00.1: reg 10 32bit mmio: [0xf8301000-0xf83017ff]
[    0.076150] pci 0000:15:00.1: supports D1 D2
[    0.076151] pci 0000:15:00.1: PME# supported from D0 D1 D2 D3hot D3cold
[    0.076249] pci 0000:15:00.1: PME# disabled
[    0.076434] pci 0000:00:1e.0: transparent bridge
[    0.076527] pci 0000:00:1e.0: bridge io port: [0x7000-0xafff]
[    0.076534] pci 0000:00:1e.0: bridge 32bit mmio: [0xf8300000-0xfbffffff]
[    0.076543] pci 0000:00:1e.0: bridge 64bit mmio pref: [0xf4000000-0xf7ffffff]
[    0.076607] pci_bus 0000:00: on NUMA node 0
[    0.076611] ACPI: PCI Interrupt Routing Table [\_SB_.PCI0._PRT]
[    0.076745] ACPI: PCI Interrupt Routing Table [\_SB_.PCI0.EXP0._PRT]
[    0.076803] ACPI: PCI Interrupt Routing Table [\_SB_.PCI0.EXP1._PRT]
[    0.076861] ACPI: PCI Interrupt Routing Table [\_SB_.PCI0.EXP2._PRT]
[    0.076919] ACPI: PCI Interrupt Routing Table [\_SB_.PCI0.EXP3._PRT]
[    0.077044] ACPI: PCI Interrupt Routing Table [\_SB_.PCI0.EXP4._PRT]
[    0.077107] ACPI: PCI Interrupt Routing Table [\_SB_.PCI0.PCI1._PRT]
[    0.082553] ACPI: PCI Interrupt Link [LNKA] (IRQs 3 4 5 6 7 9 *10 11)
[    0.083300] ACPI: PCI Interrupt Link [LNKB] (IRQs 3 4 5 6 7 9 10 *11)
[    0.084130] ACPI: PCI Interrupt Link [LNKC] (IRQs 3 4 5 6 7 9 10 *11)
[    0.084917] ACPI: PCI Interrupt Link [LNKD] (IRQs 3 4 5 6 7 9 10 *11)
[    0.085668] ACPI: PCI Interrupt Link [LNKE] (IRQs 3 4 5 6 7 9 10 *11)
[    0.086513] ACPI: PCI Interrupt Link [LNKF] (IRQs 3 4 5 6 7 9 10 *11)
[    0.087296] ACPI: PCI Interrupt Link [LNKG] (IRQs 3 4 5 6 7 9 10 *11)
[    0.088133] ACPI: PCI Interrupt Link [LNKH] (IRQs 3 4 5 6 7 9 10 *11)
[    0.088877] vgaarb: device added: PCI:0000:00:02.0,decodes=io+mem,owns=io+mem,locks=none
[    0.089001] vgaarb: loaded
[    0.089181] SCSI subsystem initialized
[    0.089283] libata version 3.00 loaded.
[    0.089329] usbcore: registered new interface driver usbfs
[    0.089455] usbcore: registered new interface driver hub
[    0.089568] usbcore: registered new device driver usb
[    0.106039] raid6: int32x1    941 MB/s
[    0.122992] raid6: int32x2    886 MB/s
[    0.140066] raid6: int32x4    750 MB/s
[    0.157051] raid6: int32x8    660 MB/s
[    0.173987] raid6: mmxx1     2878 MB/s
[    0.190983] raid6: mmxx2     3269 MB/s
[    0.207988] raid6: sse1x1    1937 MB/s
[    0.224978] raid6: sse1x2    2531 MB/s
[    0.241975] raid6: sse2x1    3507 MB/s
[    0.258979] raid6: sse2x2    3832 MB/s
[    0.259067] raid6: using algorithm sse2x2 (3832 MB/s)
[    0.259165] PCI: Using ACPI for IRQ routing
[    0.259473] HPET: 3 timers in total, 0 timers will be used for per-cpu timer
[    0.259989] Switching to clocksource tsc
[    0.260096] pnp: PnP ACPI init
[    0.260192] ACPI: bus type pnp registered
[    0.263829] pnp: PnP ACPI: found 11 devices
[    0.263932] ACPI: ACPI bus type pnp unregistered
[    0.264030] system 00:00: iomem range 0x0-0x9ffff could not be reserved
[    0.264120] system 00:00: iomem range 0xc0000-0xc3fff could not be reserved
[    0.264212] system 00:00: iomem range 0xc4000-0xc7fff could not be reserved
[    0.264306] system 00:00: iomem range 0xc8000-0xcbfff has been reserved
[    0.264395] system 00:00: iomem range 0xcc000-0xcffff has been reserved
[    0.264488] system 00:00: iomem range 0xd0000-0xd3fff could not be reserved
[    0.264580] system 00:00: iomem range 0xe0000-0xe3fff could not be reserved
[    0.264672] system 00:00: iomem range 0xe4000-0xe7fff could not be reserved
[    0.264766] system 00:00: iomem range 0xe8000-0xebfff could not be reserved
[    0.264858] system 00:00: iomem range 0xec000-0xeffff could not be reserved
[    0.264952] system 00:00: iomem range 0xf0000-0xfffff could not be reserved
[    0.265048] system 00:00: iomem range 0x100000-0x3dffffff could not be reserved
[    0.265173] system 00:00: iomem range 0xfec00000-0xfed3ffff could not be reserved
[    0.265301] system 00:00: iomem range 0xfed4c000-0xffffffff could not be reserved
[    0.265425] system 00:02: ioport range 0x164e-0x164f has been reserved
[    0.265517] system 00:02: ioport range 0x1000-0x107f has been reserved
[    0.265612] system 00:02: ioport range 0x1180-0x11bf has been reserved
[    0.265703] system 00:02: ioport range 0x800-0x80f has been reserved
[    0.265794] system 00:02: ioport range 0x15e0-0x15ef has been reserved
[    0.265890] system 00:02: ioport range 0x1600-0x165f could not be reserved
[    0.265983] system 00:02: iomem range 0xf0000000-0xf3ffffff has been reserved
[    0.266071] system 00:02: iomem range 0xfed1c000-0xfed1ffff has been reserved
[    0.266167] system 00:02: iomem range 0xfed14000-0xfed17fff has been reserved
[    0.266261] system 00:02: iomem range 0xfed18000-0xfed18fff has been reserved
[    0.266357] system 00:02: iomem range 0xfed19000-0xfed19fff has been reserved
[    0.266448] system 00:02: iomem range 0xfed45000-0xfed4bfff has been reserved
[    0.301499] pci 0000:00:1c.0: PCI bridge, secondary bus 0000:02
[    0.301596] pci 0000:00:1c.0:   IO window: 0x2000-0x2fff
[    0.301695] pci 0000:00:1c.0:   MEM window: 0xfc000000-0xfdffffff
[    0.301792] pci 0000:00:1c.0:   PREFETCH window: 0x000000f8000000-0x000000f80fffff
[    0.301924] pci 0000:00:1c.1: PCI bridge, secondary bus 0000:03
[    0.302024] pci 0000:00:1c.1:   IO window: 0x3000-0x3fff
[    0.302121] pci 0000:00:1c.1:   MEM window: 0xdc000000-0xdf3fffff
[    0.302215] pci 0000:00:1c.1:   PREFETCH window: 0x000000dfe00000-0x000000dfefffff
[    0.302341] pci 0000:00:1c.2: PCI bridge, secondary bus 0000:04
[    0.302435] pci 0000:00:1c.2:   IO window: 0x4000-0x4fff
[    0.302531] pci 0000:00:1c.2:   MEM window: 0xd8000000-0xd9ffffff
[    0.302624] pci 0000:00:1c.2:   PREFETCH window: 0x000000dfb00000-0x000000dfbfffff
[    0.302752] pci 0000:00:1c.3: PCI bridge, secondary bus 0000:05
[    0.302849] pci 0000:00:1c.3:   IO window: 0x5000-0x5fff
[    0.302951] pci 0000:00:1c.3:   MEM window: 0xd4000000-0xd5ffffff
[    0.303045] pci 0000:00:1c.3:   PREFETCH window: 0x000000df800000-0x000000df8fffff
[    0.303175] pci 0000:00:1c.4: PCI bridge, secondary bus 0000:0d
[    0.303269] pci 0000:00:1c.4:   IO window: 0x6000-0x6fff
[    0.303360] pci 0000:00:1c.4:   MEM window: 0xd0000000-0xd1ffffff
[    0.303455] pci 0000:00:1c.4:   PREFETCH window: 0x000000df500000-0x000000df5fffff
[    0.303587] pci 0000:15:00.0: CardBus bridge, secondary bus 0000:16
[    0.303680] pci 0000:15:00.0:   IO window: 0x007000-0x0070ff
[    0.303772] pci 0000:15:00.0:   IO window: 0x007400-0x0074ff
[    0.303872] pci 0000:15:00.0:   PREFETCH window: 0xf4000000-0xf7ffffff
[    0.303964] pci 0000:15:00.0:   MEM window: 0x40000000-0x43ffffff
[    0.304060] pci 0000:00:1e.0: PCI bridge, secondary bus 0000:15
[    0.304154] pci 0000:00:1e.0:   IO window: 0x7000-0xafff
[    0.304252] pci 0000:00:1e.0:   MEM window: 0xf8300000-0xfbffffff
[    0.304345] pci 0000:00:1e.0:   PREFETCH window: 0x000000f4000000-0x000000f7ffffff
[    0.304484] pci 0000:00:1c.0: PCI INT A -> GSI 20 (level, low) -> IRQ 20
[    0.304578] pci 0000:00:1c.0: setting latency timer to 64
[    0.304594] pci 0000:00:1c.1: PCI INT B -> GSI 21 (level, low) -> IRQ 21
[    0.304689] pci 0000:00:1c.1: setting latency timer to 64
[    0.304703] pci 0000:00:1c.2: PCI INT C -> GSI 22 (level, low) -> IRQ 22
[    0.304798] pci 0000:00:1c.2: setting latency timer to 64
[    0.304810] pci 0000:00:1c.3: PCI INT D -> GSI 23 (level, low) -> IRQ 23
[    0.304907] pci 0000:00:1c.3: setting latency timer to 64
[    0.304919] pci 0000:00:1c.4: PCI INT A -> GSI 20 (level, low) -> IRQ 20
[    0.305018] pci 0000:00:1c.4: setting latency timer to 64
[    0.305027] pci 0000:00:1e.0: enabling device (0005 -> 0007)
[    0.305121] pci 0000:00:1e.0: setting latency timer to 64
[    0.305136] pci 0000:15:00.0: PCI INT A -> GSI 16 (level, low) -> IRQ 16
[    0.305232] pci 0000:15:00.0: setting latency timer to 64
[    0.305238] pci_bus 0000:00: resource 0 io:  [0x00-0xffff]
[    0.305240] pci_bus 0000:00: resource 1 mem: [0x000000-0xffffffff]
[    0.305242] pci_bus 0000:02: resource 0 io:  [0x2000-0x2fff]
[    0.305244] pci_bus 0000:02: resource 1 mem: [0xfc000000-0xfdffffff]
[    0.305246] pci_bus 0000:02: resource 2 pref mem [0xf8000000-0xf80fffff]
[    0.305248] pci_bus 0000:03: resource 0 io:  [0x3000-0x3fff]
[    0.305249] pci_bus 0000:03: resource 1 mem: [0xdc000000-0xdf3fffff]
[    0.305251] pci_bus 0000:03: resource 2 pref mem [0xdfe00000-0xdfefffff]
[    0.305253] pci_bus 0000:04: resource 0 io:  [0x4000-0x4fff]
[    0.305255] pci_bus 0000:04: resource 1 mem: [0xd8000000-0xd9ffffff]
[    0.305257] pci_bus 0000:04: resource 2 pref mem [0xdfb00000-0xdfbfffff]
[    0.305258] pci_bus 0000:05: resource 0 io:  [0x5000-0x5fff]
[    0.305260] pci_bus 0000:05: resource 1 mem: [0xd4000000-0xd5ffffff]
[    0.305262] pci_bus 0000:05: resource 2 pref mem [0xdf800000-0xdf8fffff]
[    0.305264] pci_bus 0000:0d: resource 0 io:  [0x6000-0x6fff]
[    0.305265] pci_bus 0000:0d: resource 1 mem: [0xd0000000-0xd1ffffff]
[    0.305267] pci_bus 0000:0d: resource 2 pref mem [0xdf500000-0xdf5fffff]
[    0.305269] pci_bus 0000:15: resource 0 io:  [0x7000-0xafff]
[    0.305271] pci_bus 0000:15: resource 1 mem: [0xf8300000-0xfbffffff]
[    0.305273] pci_bus 0000:15: resource 2 pref mem [0xf4000000-0xf7ffffff]
[    0.305274] pci_bus 0000:15: resource 3 io:  [0x00-0xffff]
[    0.305276] pci_bus 0000:15: resource 4 mem: [0x000000-0xffffffff]
[    0.305278] pci_bus 0000:16: resource 0 io:  [0x7000-0x70ff]
[    0.305279] pci_bus 0000:16: resource 1 io:  [0x7400-0x74ff]
[    0.305281] pci_bus 0000:16: resource 2 pref mem [0xf4000000-0xf7ffffff]
[    0.305283] pci_bus 0000:16: resource 3 mem: [0x40000000-0x43ffffff]
[    0.305291] NET: Registered protocol family 2
[    0.305387] RANDOM - __random32 called. Change num 7.  Value: 7ba3d01e	3ca905be	d2026a24
[    0.305389] RANDOM - random32 called.  Value: 7ba3d01e	3ca905be	d2026a24
[    0.305393] random 0000 0000 0000 5f8db4e5 4cfdf2a8: rand_read_num 3 get_random_bytes(4): sig fffffb64 5f8db4e5 4cfdf2a8
[    0.305395] random 0000 0000 0000 5f8db4e5 4cfdf2a8: extract_entropy(.. 4 ..)
[    0.305398] random 0000 0000 0000 5f8db4e5 4cfdf2a8: going to reseed nonblocking with 64 bits (32 of 0 requested)
[    0.305400] random 0000 0000 0000 5f8db4e5 4cfdf2a8: extract_entropy(.. 8 ..)
[    0.305402] random 0000 0000 0000 5f8db4e5 4cfdf2a8: trying to extract 64 bits from input
[    0.305404] random 0000 0000 0000 5f8db4e5 4cfdf2a8: debiting 0 entropy credits from input
[    0.305406] random 0000 0000 0000 5f8db4e5 4cfdf2a8: extract_entropy account returned: 0 
[    0.305409] random 0000 0000 0000 5f8db4e5 4cfdf2a8: urand_change_num 5 xfer_secondary_pool(4): pool_sig fffffb64, data_sig 00000000, bytes_mixed 0 5f8db4e5 4cfdf2a8
[    0.305412] random 0000 0000 0000 5f8db4e5 4cfdf2a8: trying to extract 32 bits from nonblocking
[    0.305414] random 0000 0000 0000 5f8db4e5 4cfdf2a8: debiting 32 entropy credits from nonblocking (unlimited)
[    0.305416] random 0000 0000 0000 5f8db4e5 4cfdf2a8: extract_entropy account returned: 4 
[    0.305420] random 0000 0000 0000 5f8db4e5 4cfdf2a8: urand_change_num 6 extract_buf: pool_sig fffffb64, data_sig 00000241, bytes_mixed 20 5f8db4e5 4cfdf2a8
[    0.305429] IP route cache hash table entries: 32768 (order: 5, 131072 bytes)
[    0.305559] RANDOM - __random32 called. Change num 8.  Value: 3d01e034	ca905be7	d4484227
[    0.305560] RANDOM - random32 called.  Value: 3d01e034	ca905be7	d4484227
[    0.305571] RANDOM - __random32 called. Change num 9.  Value: 1e034020	a905be70	844ec14a
[    0.305573] RANDOM - random32 called.  Value: 1e034020	a905be70	844ec14a
[    0.305575] RANDOM - __random32 called. Change num 10.  Value: 34020ec0	905be706	8294c719
[    0.305576] RANDOM - random32 called.  Value: 34020ec0	905be706	8294c719
[    0.305587] RANDOM - __random32 called. Change num 11.  Value: 20ec0ebb	5be7068	8e32c65f
[    0.305588] RANDOM - random32 called.  Value: 20ec0ebb	5be7068	8e32c65f
[    0.305598] TCP established hash table entries: 131072 (order: 8, 1048576 bytes)
[    0.306092] TCP bind hash table entries: 65536 (order: 6, 262144 bytes)
[    0.306278] TCP: Hash tables configured (established 131072 bind 65536)
[    0.306372] TCP reno registered
[    0.306481] NET: Registered protocol family 1
[    0.306598] RPC: Registered udp transport module.
[    0.306689] RPC: Registered tcp transport module.
[    0.306777] RPC: Registered tcp NFSv4.1 backchannel transport module.
[    0.306895] pci 0000:00:02.0: Boot video device
[    0.307120] Simple Boot Flag at 0x35 set to 0x1
[    0.307637] highmem bounce pool size: 64 pages
[    0.309216] VFS: Disk quotas dquot_6.5.2
[    0.309342] Dquot-cache hash table entries: 1024 (order 0, 4096 bytes)
[    0.310022] NTFS driver 2.1.29 [Flags: R/W].
[    0.310184] ROMFS MTD (C) 2007 Red Hat, Inc.
[    0.310391] JFS: nTxBlock = 7695, nTxLock = 61562
[    0.312853] SGI XFS with ACLs, security attributes, large block/inode numbers, no debug enabled
[    0.313367] SGI XFS Quota Management subsystem
[    0.313654] Slow work thread pool: Starting up
[    0.313755] Slow work thread pool: Ready
[    0.313852] GFS2 (built May 24 2013 02:47:17) installed
[    0.313955] msgmni has been set to 1734
[    0.314121] alg: No test for cipher_null (cipher_null-generic)
[    0.314221] alg: No test for ecb(cipher_null) (ecb-cipher_null)
[    0.314322] alg: No test for digest_null (digest_null-generic)
[    0.314420] alg: No test for compress_null (compress_null-generic)
[    0.314988] alg: No test for fcrypt (fcrypt-generic)
[    0.316404] alg: No test for stdrng (krng)
[    0.316493] async_tx: api initialized (async)
[    0.316648] Block layer SCSI generic (bsg) driver version 0.4 loaded (major 254)
[    0.316771] io scheduler noop registered
[    0.316879] io scheduler anticipatory registered
[    0.316968] io scheduler deadline registered
[    0.317105] io scheduler cfq registered (default)
[    0.317349] pcieport 0000:00:1c.0: irq 24 for MSI/MSI-X
[    0.317363] pcieport 0000:00:1c.0: setting latency timer to 64
[    0.317551] pcieport 0000:00:1c.1: irq 25 for MSI/MSI-X
[    0.317563] pcieport 0000:00:1c.1: setting latency timer to 64
[    0.317737] pcieport 0000:00:1c.2: irq 26 for MSI/MSI-X
[    0.317748] pcieport 0000:00:1c.2: setting latency timer to 64
[    0.317946] pcieport 0000:00:1c.3: irq 27 for MSI/MSI-X
[    0.317958] pcieport 0000:00:1c.3: setting latency timer to 64
[    0.318132] pcieport 0000:00:1c.4: irq 28 for MSI/MSI-X
[    0.318143] pcieport 0000:00:1c.4: setting latency timer to 64
[    0.318287] pci_hotplug: PCI Hot Plug PCI Core version: 0.5
[    0.318479] isapnp: Scanning for PnP cards...
[    0.679002] isapnp: No Plug & Play device found
[    0.679093] random 0000 0000 0000 5f8db4e5 4cfdf2a8: initializing
[    0.698601] Serial: 8250/16550 driver, 4 ports, IRQ sharing enabled
[    3.710320] floppy0: no floppy controllers found
[    3.711266] brd: module loaded
[    3.711777] loop: module loaded
[    3.711863] Compaq SMART2 Driver (v 2.6.0)
[    3.711987] HP CISS Driver (v 3.6.20)
[    3.712228] input: Macintosh mouse button emulation as /devices/virtual/input/input0
[    3.712369] Uniform Multi-Platform E-IDE driver
[    3.712604] piix 0000:00:1f.1: IDE controller (0x8086:0x2850 rev 0x03)
[    3.712706] pci 0000:00:1f.1: PCI INT C -> GSI 16 (level, low) -> IRQ 16
[    3.712811] piix 0000:00:1f.1: IDE port disabled
[    3.712913] piix 0000:00:1f.1: not 100% native mode: will probe irqs later
[    3.713008]     ide0: BM-DMA at 0x1c00-0x1c07
[    3.713101] Probing IDE interface ide0...
[    4.384629] hda: HL-DT-ST DVDRAM GSA-U10N, ATAPI CD/DVD-ROM drive
[    4.691479] hda: host max PIO4 wanted PIO255(auto-tune) selected PIO4
[    4.692252] hda: UDMA/33 mode selected
[    4.692716] ide0 at 0x1f0-0x1f7,0x3f6 on irq 14
[    4.696620] ide-gd driver 1.18
[    4.696724] ide-cd driver 5.00
[    4.698107] ide-cd: hda: ATAPI 24X DVD-ROM DVD-R/RAM CD-R/RW drive, 2048kB Cache
[    4.698554] Uniform CD-ROM driver Revision: 3.20
[    4.705640] Loading iSCSI transport class v2.0-870.
[    4.705925] rdac: device handler registered
[    4.706014] hp_sw: device handler registered
[    4.706102] emc: device handler registered
[    4.706194] alua: device handler registered
[    4.707186] Adaptec aacraid driver 1.1-5[2461]-ms
[    4.707605] scsi: <fdomain> Detection failed (no card)
[    4.707700] sym53c416.c: Version 1.0.0-ac
[    4.707809] qlogicfas: no cards were found, please specify I/O address and IRQ using iobase= and irq= options
[    4.707939] QLogic Fibre Channel HBA Driver: 8.03.01-k6
[    4.708163] iscsi: registered transport (qla4xxx)
[    4.708272] QLogic iSCSI HBA Driver
[    4.708357] Emulex LightPulse Fibre Channel SCSI driver 8.3.4
[    4.708453] Copyright(c) 2004-2009 Emulex.  All rights reserved.
[    4.730472] Failed initialization of WD-7000 SCSI card!
[    4.819264] DC390: clustering now enabled by default. If you get problems load
[    4.819387]        with "disable_clustering=1" and report to maintainers
[    4.819521] megaraid cmm: 2.20.2.7 (Release Date: Sun Jul 16 00:01:03 EST 2006)
[    4.819675] megaraid: 2.20.5.1 (Release Date: Thu Nov 16 15:32:35 EST 2006)
[    4.819792] megasas: 00.00.04.01 Thu July 24 11:41:51 PST 2008
[    4.819928] GDT-HA: Storage RAID Controller Driver. Version: 3.05
[    4.820076] 3ware Storage Controller device driver for Linux v1.26.02.002.
[    4.820189] 3ware 9000 Storage Controller device driver for Linux v2.26.02.012.
[    4.820335] nsp32: loading...
[    4.820440] ipr: IBM Power RAID SCSI Device Driver version: 2.4.3 (June 10, 2009)
[    4.820588] RocketRAID 3xxx/4xxx Controller driver v1.6 (090910)
[    4.820700] stex: Promise SuperTrak EX Driver version: 4.6.0000.3
[    4.820838] st: Version 20081215, fixed bufsize 32768, s/g segs 256
[    4.821029] ahci 0000:00:1f.2: version 3.0
[    4.821043] ahci 0000:00:1f.2: PCI INT B -> GSI 16 (level, low) -> IRQ 16
[    4.821176] ahci 0000:00:1f.2: irq 29 for MSI/MSI-X
[    4.821228] ahci 0000:00:1f.2: AHCI 0001.0100 32 slots 3 ports 1.5 Gbps 0x5 impl SATA mode
[    4.821352] ahci 0000:00:1f.2: flags: 64bit ncq sntf pm led clo pio slum part ccc 
[    4.821496] ahci 0000:00:1f.2: setting latency timer to 64
[    4.821638] scsi2 : ahci
[    4.821798] scsi3 : ahci
[    4.821938] scsi4 : ahci
[    4.822108] ata1: SATA max UDMA/133 abar m2048@0xfe226000 port 0xfe226100 irq 29
[    4.822232] ata2: DUMMY
[    4.822318] ata3: SATA max UDMA/133 abar m2048@0xfe226000 port 0xfe226200 irq 29
[    4.822934] I2O subsystem v1.325
[    4.823027] i2o: max drivers = 8
[    4.823174] I2O Configuration OSM v1.323
[    4.823276] I2O Bus Adapter OSM v1.317
[    4.823379] I2O Block Device OSM v1.325
[    4.823541] I2O SCSI Peripheral OSM v1.316
[    4.823646] I2O ProcFS OSM v1.316
[    4.823751] Fusion MPT base driver 3.04.12
[    4.823839] Copyright (c) 1999-2008 LSI Corporation
[    4.823929] Fusion MPT SPI Host driver 3.04.12
[    4.824036] Fusion MPT FC Host driver 3.04.12
[    4.824150] Fusion MPT SAS Host driver 3.04.12
[    4.824301] ohci1394 0000:15:00.1: PCI INT B -> GSI 17 (level, low) -> IRQ 17
[    4.824397] ohci1394 0000:15:00.1: setting latency timer to 64
[    4.878511] ohci1394: fw-host0: OHCI-1394 1.1 (PCI): IRQ=[17]  MMIO=[f8301000-f83017ff]  Max Packet=[2048]  IR/IT contexts=[4/4]
[    4.881772] ehci_hcd: USB 2.0 'Enhanced' Host Controller (EHCI) Driver
[    4.882045] ehci_hcd 0000:00:1a.7: power state changed by ACPI to D0
[    4.882292] ehci_hcd 0000:00:1a.7: power state changed by ACPI to D0
[    4.882391] ehci_hcd 0000:00:1a.7: PCI INT C -> GSI 22 (level, low) -> IRQ 22
[    4.882494] ehci_hcd 0000:00:1a.7: setting latency timer to 64
[    4.882499] ehci_hcd 0000:00:1a.7: EHCI Host Controller
[    4.882640] ehci_hcd 0000:00:1a.7: new USB bus registered, assigned bus number 1
[    4.886687] ehci_hcd 0000:00:1a.7: cache line size of 32 is not supported
[    4.886696] ehci_hcd 0000:00:1a.7: irq 22, io mem 0xfe226c00
[    4.896477] ehci_hcd 0000:00:1a.7: USB 2.0 started, EHCI 1.00
[    4.896583] usb usb1: New USB device found, idVendor=1d6b, idProduct=0002
[    4.896673] usb usb1: New USB device strings: Mfr=3, Product=2, SerialNumber=1
[    4.896795] usb usb1: Product: EHCI Host Controller
[    4.896886] usb usb1: Manufacturer: Linux 2.6.32.57 ehci_hcd
[    4.896980] usb usb1: SerialNumber: 0000:00:1a.7
[    4.897125] usb usb1: configuration #1 chosen from 1 choice
[    4.897242] hub 1-0:1.0: USB hub found
[    4.897333] hub 1-0:1.0: 4 ports detected
[    4.897633] ehci_hcd 0000:00:1d.7: power state changed by ACPI to D0
[    4.897918] ehci_hcd 0000:00:1d.7: power state changed by ACPI to D0
[    4.898016] ehci_hcd 0000:00:1d.7: PCI INT D -> GSI 19 (level, low) -> IRQ 19
[    4.898112] ehci_hcd 0000:00:1d.7: setting latency timer to 64
[    4.898117] ehci_hcd 0000:00:1d.7: EHCI Host Controller
[    4.898251] ehci_hcd 0000:00:1d.7: new USB bus registered, assigned bus number 2
[    4.898405] ehci_hcd 0000:00:1d.7: debug port 1
[    4.902399] ehci_hcd 0000:00:1d.7: cache line size of 32 is not supported
[    4.902408] ehci_hcd 0000:00:1d.7: irq 19, io mem 0xfe227000
[    4.912479] ehci_hcd 0000:00:1d.7: USB 2.0 started, EHCI 1.00
[    4.912595] usb usb2: New USB device found, idVendor=1d6b, idProduct=0002
[    4.912688] usb usb2: New USB device strings: Mfr=3, Product=2, SerialNumber=1
[    4.912810] usb usb2: Product: EHCI Host Controller
[    4.912901] usb usb2: Manufacturer: Linux 2.6.32.57 ehci_hcd
[    4.912990] usb usb2: SerialNumber: 0000:00:1d.7
[    4.913130] usb usb2: configuration #1 chosen from 1 choice
[    4.913248] hub 2-0:1.0: USB hub found
[    4.913340] hub 2-0:1.0: 6 ports detected
[    4.913521] 116x: driver isp116x-hcd, 03 Nov 2005
[    4.913629] ohci_hcd: USB 1.1 'Open' Host Controller (OHCI) Driver
[    4.913740] uhci_hcd: USB Universal Host Controller Interface driver
[    4.913854] uhci_hcd 0000:00:1a.0: PCI INT A -> GSI 20 (level, low) -> IRQ 20
[    4.913955] uhci_hcd 0000:00:1a.0: setting latency timer to 64
[    4.913959] uhci_hcd 0000:00:1a.0: UHCI Host Controller
[    4.914091] uhci_hcd 0000:00:1a.0: new USB bus registered, assigned bus number 3
[    4.914249] uhci_hcd 0000:00:1a.0: irq 20, io base 0x00001860
[    4.914364] usb usb3: New USB device found, idVendor=1d6b, idProduct=0001
[    4.914454] usb usb3: New USB device strings: Mfr=3, Product=2, SerialNumber=1
[    4.914586] usb usb3: Product: UHCI Host Controller
[    4.914674] usb usb3: Manufacturer: Linux 2.6.32.57 uhci_hcd
[    4.914767] usb usb3: SerialNumber: 0000:00:1a.0
[    4.914903] usb usb3: configuration #1 chosen from 1 choice
[    4.915025] hub 3-0:1.0: USB hub found
[    4.915117] hub 3-0:1.0: 2 ports detected
[    4.915450] uhci_hcd 0000:00:1a.1: power state changed by ACPI to D0
[    4.915706] uhci_hcd 0000:00:1a.1: power state changed by ACPI to D0
[    4.915803] uhci_hcd 0000:00:1a.1: PCI INT B -> GSI 21 (level, low) -> IRQ 21
[    4.915905] uhci_hcd 0000:00:1a.1: setting latency timer to 64
[    4.915910] uhci_hcd 0000:00:1a.1: UHCI Host Controller
[    4.916040] uhci_hcd 0000:00:1a.1: new USB bus registered, assigned bus number 4
[    4.916194] uhci_hcd 0000:00:1a.1: irq 21, io base 0x00001880
[    4.916309] usb usb4: New USB device found, idVendor=1d6b, idProduct=0001
[    4.916399] usb usb4: New USB device strings: Mfr=3, Product=2, SerialNumber=1
[    4.916528] usb usb4: Product: UHCI Host Controller
[    4.916620] usb usb4: Manufacturer: Linux 2.6.32.57 uhci_hcd
[    4.916714] usb usb4: SerialNumber: 0000:00:1a.1
[    4.916850] usb usb4: configuration #1 chosen from 1 choice
[    4.916971] hub 4-0:1.0: USB hub found
[    4.917062] hub 4-0:1.0: 2 ports detected
[    4.917410] uhci_hcd 0000:00:1d.0: power state changed by ACPI to D0
[    4.917664] uhci_hcd 0000:00:1d.0: power state changed by ACPI to D0
[    4.917759] uhci_hcd 0000:00:1d.0: PCI INT A -> GSI 16 (level, low) -> IRQ 16
[    4.917858] uhci_hcd 0000:00:1d.0: setting latency timer to 64
[    4.917863] uhci_hcd 0000:00:1d.0: UHCI Host Controller
[    4.917993] uhci_hcd 0000:00:1d.0: new USB bus registered, assigned bus number 5
[    4.918140] uhci_hcd 0000:00:1d.0: irq 16, io base 0x000018a0
[    4.918258] usb usb5: New USB device found, idVendor=1d6b, idProduct=0001
[    4.918349] usb usb5: New USB device strings: Mfr=3, Product=2, SerialNumber=1
[    4.918469] usb usb5: Product: UHCI Host Controller
[    4.918570] usb usb5: Manufacturer: Linux 2.6.32.57 uhci_hcd
[    4.918663] usb usb5: SerialNumber: 0000:00:1d.0
[    4.918801] usb usb5: configuration #1 chosen from 1 choice
[    4.918918] hub 5-0:1.0: USB hub found
[    4.919010] hub 5-0:1.0: 2 ports detected
[    4.919153] uhci_hcd 0000:00:1d.1: PCI INT B -> GSI 17 (level, low) -> IRQ 17
[    4.919251] uhci_hcd 0000:00:1d.1: setting latency timer to 64
[    4.919253] uhci_hcd 0000:00:1d.1: UHCI Host Controller
[    4.919382] uhci_hcd 0000:00:1d.1: new USB bus registered, assigned bus number 6
[    4.919532] uhci_hcd 0000:00:1d.1: irq 17, io base 0x000018c0
[    4.919645] usb usb6: New USB device found, idVendor=1d6b, idProduct=0001
[    4.919736] usb usb6: New USB device strings: Mfr=3, Product=2, SerialNumber=1
[    4.919859] usb usb6: Product: UHCI Host Controller
[    4.919946] usb usb6: Manufacturer: Linux 2.6.32.57 uhci_hcd
[    4.920037] usb usb6: SerialNumber: 0000:00:1d.1
[    4.920174] usb usb6: configuration #1 chosen from 1 choice
[    4.920292] hub 6-0:1.0: USB hub found
[    4.920381] hub 6-0:1.0: 2 ports detected
[    4.920682] uhci_hcd 0000:00:1d.2: power state changed by ACPI to D0
[    4.920923] uhci_hcd 0000:00:1d.2: power state changed by ACPI to D0
[    4.921018] uhci_hcd 0000:00:1d.2: PCI INT C -> GSI 18 (level, low) -> IRQ 18
[    4.921116] uhci_hcd 0000:00:1d.2: setting latency timer to 64
[    4.921121] uhci_hcd 0000:00:1d.2: UHCI Host Controller
[    4.921249] uhci_hcd 0000:00:1d.2: new USB bus registered, assigned bus number 7
[    4.921399] uhci_hcd 0000:00:1d.2: irq 18, io base 0x000018e0
[    4.921522] usb usb7: New USB device found, idVendor=1d6b, idProduct=0001
[    4.921614] usb usb7: New USB device strings: Mfr=3, Product=2, SerialNumber=1
[    4.921734] usb usb7: Product: UHCI Host Controller
[    4.921821] usb usb7: Manufacturer: Linux 2.6.32.57 uhci_hcd
[    4.921916] usb usb7: SerialNumber: 0000:00:1d.2
[    4.922705] usb usb7: configuration #1 chosen from 1 choice
[    4.922829] hub 7-0:1.0: USB hub found
[    4.922922] hub 7-0:1.0: 2 ports detected
[    4.923078] sl811: driver sl811-hcd, 19 May 2005
[    4.923183] r8a66597_hcd: driver r8a66597_hcd, 2009-05-26
[    4.923357] Initializing USB Mass Storage driver...
[    4.923488] usbcore: registered new interface driver usb-storage
[    4.923581] USB Mass Storage support registered.
[    4.923689] usbcore: registered new interface driver ums-alauda
[    4.923796] usbcore: registered new interface driver ums-cypress
[    4.923905] usbcore: registered new interface driver ums-datafab
[    4.924012] usbcore: registered new interface driver ums-freecom
[    4.924122] usbcore: registered new interface driver ums-isd200
[    4.924231] usbcore: registered new interface driver ums-jumpshot
[    4.924343] usbcore: registered new interface driver ums-karma
[    4.924450] usbcore: registered new interface driver ums-onetouch
[    4.924574] usbcore: registered new interface driver ums-sddr09
[    4.924681] usbcore: registered new interface driver ums-sddr55
[    4.924791] usbcore: registered new interface driver ums-usbat
[    4.924934] PNP: PS/2 Controller [PNP0303:KBD,PNP0f13:MOU] at 0x60,0x64 irq 1,12
[    4.933742] serio: i8042 KBD port at 0x60,0x64 irq 1
[    4.933831] serio: i8042 AUX port at 0x60,0x64 irq 12
[    4.934074] mice: PS/2 mouse device common for all mice
[    4.934190] i2c /dev entries driver
[    4.934320] md: linear personality registered for level -1
[    4.934409] md: raid0 personality registered for level 0
[    4.934513] md: raid1 personality registered for level 1
[    4.934602] md: raid10 personality registered for level 10
[    4.934689] md: raid6 personality registered for level 6
[    4.934779] md: raid5 personality registered for level 5
[    4.934867] md: raid4 personality registered for level 4
[    4.934957] md: multipath personality registered for level -4
[    4.935160] device-mapper: ioctl: 4.15.0-ioctl (2009-04-01) initialised: dm-devel@redhat.com
[    4.935357] cpuidle: using governor ladder
[    4.935976] usbcore: registered new interface driver usbhid
[    4.936068] usbhid: v2.6:USB HID core driver
[    4.936211] random 0000 0000 0000 00000000 00000000: rand_read_num 4 get_random_bytes(136): sig 00000000 00000000 00000000
[    4.936214] random 0000 0000 0000 00000000 00000000: extract_entropy(.. 136 ..)
[    4.936217] random 0000 0000 0000 00000000 00000000: going to reseed nonblocking with 1024 bits (1088 of 0 requested)
[    4.936219] random 0000 0000 0000 00000000 00000000: extract_entropy(.. 128 ..)
[    4.936221] random 0000 0000 0000 00000000 00000000: trying to extract 1024 bits from input
[    4.936223] random 0000 0000 0000 00000000 00000000: debiting 0 entropy credits from input
[    4.936225] random 0000 0000 0000 00000000 00000000: extract_entropy account returned: 0 
[    4.936228] random 0000 0000 0000 00000000 00000000: urand_change_num 7 xfer_secondary_pool(136): pool_sig 00000000, data_sig 00000000, bytes_mixed 0 00000000 00000000
[    4.936231] random 0000 0000 0000 00000000 00000000: trying to extract 1088 bits from nonblocking
[    4.936233] random 0000 0000 0000 00000000 00000000: debiting 1088 entropy credits from nonblocking (unlimited)
[    4.936236] random 0000 0000 0000 00000000 00000000: extract_entropy account returned: 136 
[    4.936240] random 0000 0000 0000 00000000 00000000: urand_change_num 8 extract_buf: pool_sig 00000000, data_sig fffffff9, bytes_mixed 20 00000000 00000000
[    4.936245] random 0000 0000 0000 b7c35b56 be4dc95d: urand_change_num 9 extract_buf: pool_sig fffffd1e, data_sig 000000c5, bytes_mixed 20 b7c35b56 be4dc95d
[    4.936250] random 0000 0000 0000 ed9f5c47 c48487fb: urand_change_num 10 extract_buf: pool_sig fffff8ec, data_sig ffffff68, bytes_mixed 20 ed9f5c47 c48487fb
[    4.936256] random 0000 0000 0000 ed9f5c47 c48487fb: urand_change_num 11 extract_buf: pool_sig fffffaed, data_sig 000001aa, bytes_mixed 20 ed9f5c47 c48487fb
[    4.936261] random 0000 0000 0000 1b4f7c0a 91bd6a48: urand_change_num 12 extract_buf: pool_sig fffffdd8, data_sig 00000064, bytes_mixed 20 1b4f7c0a 91bd6a48
[    4.936266] random 0000 0000 0000 a254b9bc 20e9a24f: urand_change_num 13 extract_buf: pool_sig fffffbe6, data_sig 000001dd, bytes_mixed 20 a254b9bc 20e9a24f
[    4.936271] random 0000 0000 0000 a254b9bc 20e9a24f: urand_change_num 14 extract_buf: pool_sig fffff940, data_sig fffffe20, bytes_mixed 20 a254b9bc 20e9a24f
[    4.936276] random 0000 0000 0000 2831a66b 5fa2a3ad: urand_change_num 15 extract_buf: pool_sig fffffbce, data_sig 0000007e, bytes_mixed 20 2831a66b 5fa2a3ad
[    4.936282] random 0000 0000 0000 2831a66b 5fa2a3ad: urand_change_num 16 extract_buf: pool_sig 000004df, data_sig fffffe8f, bytes_mixed 20 2831a66b 5fa2a3ad
[    4.936287] random 0000 0000 0000 d4512bfd c9a54e0b: urand_change_num 17 extract_buf: pool_sig 00000485, data_sig fffffe68, bytes_mixed 20 d4512bfd c9a54e0b
[    4.936292] random 0000 0000 0000 c7371be6 f9ffea11: urand_change_num 18 extract_buf: pool_sig 00000095, data_sig ffffffed, bytes_mixed 20 c7371be6 f9ffea11
[    4.936297] random 0000 0000 0000 c7371be6 f9ffea11: urand_change_num 19 extract_buf: pool_sig 000003a7, data_sig fffffefa, bytes_mixed 20 c7371be6 f9ffea11
[    4.936302] random 0000 0000 0000 8fb4b62c d1ddba54: urand_change_num 20 extract_buf: pool_sig 00000179, data_sig ffffff78, bytes_mixed 20 8fb4b62c d1ddba54
[    4.936307] random 0000 0000 0000 9ff19f9c c07a1d2a: urand_change_num 21 extract_buf: pool_sig fffffe88, data_sig 00000126, bytes_mixed 20 9ff19f9c c07a1d2a
[    4.936311] TCP cubic registered
[    4.936409] Initializing XFRM netlink socket
[    4.936516] NET: Registered protocol family 17
[    4.936613] Using IPI Shortcut mode
[    4.936706] random 0000 0000 0000 9ff19f9c c07a1d2a: rand_read_num 5 get_random_bytes(8): sig 0000031b 9ff19f9c c07a1d2a
[    4.936708] random 0000 0000 0000 9ff19f9c c07a1d2a: extract_entropy(.. 8 ..)
[    4.936710] random 0000 0000 0000 9ff19f9c c07a1d2a: going to reseed nonblocking with 64 bits (64 of 0 requested)
[    4.936712] random 0000 0000 0000 9ff19f9c c07a1d2a: extract_entropy(.. 8 ..)
[    4.936715] random 0000 0000 0000 9ff19f9c c07a1d2a: trying to extract 64 bits from input
[    4.936717] random 0000 0000 0000 9ff19f9c c07a1d2a: debiting 0 entropy credits from input
[    4.936718] random 0000 0000 0000 9ff19f9c c07a1d2a: extract_entropy account returned: 0 
[    4.936722] random 0000 0000 0000 9ff19f9c c07a1d2a: urand_change_num 22 xfer_secondary_pool(8): pool_sig 0000031b, data_sig 00000000, bytes_mixed 0 9ff19f9c c07a1d2a
[    4.936724] random 0000 0000 0000 9ff19f9c c07a1d2a: trying to extract 64 bits from nonblocking
[    4.936727] random 0000 0000 0000 9ff19f9c c07a1d2a: debiting 64 entropy credits from nonblocking (unlimited)
[    4.936729] random 0000 0000 0000 9ff19f9c c07a1d2a: extract_entropy account returned: 8 
[    4.936733] random 0000 0000 0000 9ff19f9c c07a1d2a: urand_change_num 23 extract_buf: pool_sig 0000031b, data_sig ffffffb3, bytes_mixed 20 9ff19f9c c07a1d2a
[    4.938842] input: AT Translated Set 2 keyboard as /devices/platform/i8042/serio0/input/input1
[    5.129522] ata1: SATA link up 1.5 Gbps (SStatus 113 SControl 300)
[    5.129631] ata3: SATA link down (SStatus 0 SControl 300)
[    5.131677] ata1.00: ACPI cmd ef/02:00:00:00:00:a0 (SET FEATURES) succeeded
[    5.131680] ata1.00: ACPI cmd f5/00:00:00:00:00:a0 (SECURITY FREEZE LOCK) filtered out
[    5.133067] ata1.00: ACPI cmd ef/5f:00:00:00:00:a0 (SET FEATURES) succeeded
[    5.133069] ata1.00: ACPI cmd ef/10:03:00:00:00:a0 (SET FEATURES) filtered out
[    5.134980] ata1.00: ATA-7: ST910021AS, 4.06, max UDMA/100
[    5.135070] ata1.00: 195371568 sectors, multi 16: LBA48 
[    5.137221] ata1.00: ACPI cmd ef/02:00:00:00:00:a0 (SET FEATURES) succeeded
[    5.137223] ata1.00: ACPI cmd f5/00:00:00:00:00:a0 (SECURITY FREEZE LOCK) filtered out
[    5.138615] ata1.00: ACPI cmd ef/5f:00:00:00:00:a0 (SET FEATURES) succeeded
[    5.138617] ata1.00: ACPI cmd ef/10:03:00:00:00:a0 (SET FEATURES) filtered out
[    5.140544] ata1.00: configured for UDMA/100
[    5.151577] scsi 2:0:0:0: Direct-Access     ATA      ST910021AS       4.06 PQ: 0 ANSI: 5
[    5.151861] sd 2:0:0:0: [sda] 195371568 512-byte logical blocks: (100 GB/93.1 GiB)
[    5.152007] sd 2:0:0:0: [sda] Write Protect is off
[    5.152094] sd 2:0:0:0: [sda] Mode Sense: 00 3a 00 00
[    5.152106] sd 2:0:0:0: [sda] Write cache: enabled, read cache: enabled, doesn't support DPO or FUA
[    5.152295]  sda:
[    5.215522] usb 2-1: new high speed USB device using ehci_hcd and address 2
[    5.364770] usb 2-1: New USB device found, idVendor=0e8d, idProduct=1806
[    5.364859] usb 2-1: New USB device strings: Mfr=1, Product=2, SerialNumber=3
[    5.364951] usb 2-1: Product: MT1806 
[    5.365031] usb 2-1: Manufacturer: MediaTek Inc
[    5.365121] usb 2-1: SerialNumber: R8KN6GAC800AEB 
[    5.365261] usb 2-1: configuration #1 chosen from 1 choice
[    5.371565] scsi5 : SCSI emulation for USB Mass Storage devices
[    5.371735] usb-storage: device found at 2
[    5.371737] usb-storage: waiting for device to settle before scanning
[    5.581014]  sda1 sda2
[    5.581737] sd 2:0:0:0: [sda] Attached SCSI disk
[    5.581830] random 0000 0000 0000 277f73c3 42024bb9: rand_read_num 6 get_random_bytes(12): sig 000007e9 277f73c3 42024bb9
[    5.581833] random 0000 0000 0000 277f73c3 42024bb9: extract_entropy(.. 12 ..)
[    5.581835] random 0000 0000 0000 277f73c3 42024bb9: going to reseed nonblocking with 96 bits (96 of 0 requested)
[    5.581837] random 0000 0000 0000 277f73c3 42024bb9: extract_entropy(.. 12 ..)
[    5.581839] random 0000 0000 0000 277f73c3 42024bb9: trying to extract 96 bits from input
[    5.581841] random 0000 0000 0000 277f73c3 42024bb9: debiting 0 entropy credits from input
[    5.581843] random 0000 0000 0000 277f73c3 42024bb9: extract_entropy account returned: 0 
[    5.581846] random 0000 0000 0000 277f73c3 42024bb9: urand_change_num 24 xfer_secondary_pool(12): pool_sig 000007e9, data_sig 00000000, bytes_mixed 0 277f73c3 42024bb9
[    5.581849] random 0000 0000 0000 277f73c3 42024bb9: trying to extract 96 bits from nonblocking
[    5.581852] random 0000 0000 0000 277f73c3 42024bb9: debiting 96 entropy credits from nonblocking (unlimited)
[    5.581854] random 0000 0000 0000 277f73c3 42024bb9: extract_entropy account returned: 12 
[    5.581858] random 0000 0000 0000 277f73c3 42024bb9: urand_change_num 25 extract_buf: pool_sig 000007e9, data_sig 00000088, bytes_mixed 20 277f73c3 42024bb9
[    5.581863] random 0000 0000 0000 277f73c3 42024bb9: urand_change_num 26 extract_buf: pool_sig 00000498, data_sig fffffefb, bytes_mixed 20 277f73c3 42024bb9
[    5.581866] RANDOM - __seed init called.
[    5.581867] RANDOM - __seed init called.
[    5.581868] RANDOM - __seed init called.
[    5.581870] RANDOM - __random32 called. Change num 12.  Value: 87f14767	f0d7351	b1e48bd3
[    5.581872] RANDOM - random32_reseed called.  Value: 87f14767	f0d7351	b1e48bd3
[    5.581874] Pid: 1, comm: swapper Not tainted 2.6.32.57 #3
[    5.581963] Call Trace:
[    5.582055]  [<c1923ca4>] ? random32_reseed+0xa0/0xb1
[    5.582145]  [<c1923c04>] ? random32_reseed+0x0/0xb1
[    5.582237]  [<c100111e>] ? do_one_initcall+0x2e/0x180
[    5.582334]  [<c1907265>] ? kernel_init+0xad/0x103
[    5.582422]  [<c19071b8>] ? kernel_init+0x0/0x103
[    5.582511]  [<c1003787>] ? kernel_thread_helper+0x7/0x10
[    5.583052] random 0000 0000 0000 386b4e60 ee4d4880: rand_read_num 7 get_random_bytes(64): sig fffffea5 386b4e60 ee4d4880
[    5.583054] random 0000 0000 0000 386b4e60 ee4d4880: extract_entropy(.. 64 ..)
[    5.583057] random 0000 0000 0000 386b4e60 ee4d4880: going to reseed nonblocking with 512 bits (512 of 0 requested)
[    5.583059] random 0000 0000 0000 386b4e60 ee4d4880: extract_entropy(.. 64 ..)
[    5.583061] random 0000 0000 0000 386b4e60 ee4d4880: trying to extract 512 bits from input
[    5.583063] random 0000 0000 0000 386b4e60 ee4d4880: debiting 0 entropy credits from input
[    5.583065] random 0000 0000 0000 386b4e60 ee4d4880: extract_entropy account returned: 0 
[    5.583068] random 0000 0000 0000 386b4e60 ee4d4880: urand_change_num 27 xfer_secondary_pool(64): pool_sig fffffea5, data_sig 00000000, bytes_mixed 0 386b4e60 ee4d4880
[    5.583071] random 0000 0000 0000 386b4e60 ee4d4880: trying to extract 512 bits from nonblocking
[    5.583073] random 0000 0000 0000 386b4e60 ee4d4880: debiting 512 entropy credits from nonblocking (unlimited)
[    5.583075] random 0000 0000 0000 386b4e60 ee4d4880: extract_entropy account returned: 64 
[    5.583079] random 0000 0000 0000 386b4e60 ee4d4880: urand_change_num 28 extract_buf: pool_sig fffffea5, data_sig 00000173, bytes_mixed 20 386b4e60 ee4d4880
[    5.583085] random 0000 0000 0000 412698f6 0cc8689a: urand_change_num 29 extract_buf: pool_sig 00000122, data_sig ffffff63, bytes_mixed 20 412698f6 0cc8689a
[    5.583090] random 0000 0000 0000 412698f6 0cc8689a: urand_change_num 30 extract_buf: pool_sig 000001f7, data_sig 00000012, bytes_mixed 20 412698f6 0cc8689a
[    5.583095] random 0000 0000 0000 9669941e 06f768b1: urand_change_num 31 extract_buf: pool_sig fffffb5b, data_sig 0000003f, bytes_mixed 20 9669941e 06f768b1
[    5.583100] random 0000 0000 0000 98486520 995551f0: urand_change_num 32 extract_buf: pool_sig fffffb39, data_sig 0000000e, bytes_mixed 20 98486520 995551f0
[    5.583106] random 0000 0000 0000 98486520 995551f0: urand_change_num 33 extract_buf: pool_sig fffffd8d, data_sig 000001a6, bytes_mixed 20 98486520 995551f0
[    5.583111] random 0000 0000 0000 61fc8914 d5882ed2: urand_change_num 34 extract_buf: pool_sig fffffa58, data_sig 0000023e, bytes_mixed 20 61fc8914 d5882ed2
[    5.583140] random 0000 0000 0000 61fc8914 d5882ed2: rand_read_num 8 get_random_bytes(64): sig fffff9ee 61fc8914 d5882ed2
[    5.583142] random 0000 0000 0000 61fc8914 d5882ed2: extract_entropy(.. 64 ..)
[    5.583145] random 0000 0000 0000 61fc8914 d5882ed2: going to reseed nonblocking with 512 bits (512 of 0 requested)
[    5.583147] random 0000 0000 0000 61fc8914 d5882ed2: extract_entropy(.. 64 ..)
[    5.583149] random 0000 0000 0000 61fc8914 d5882ed2: trying to extract 512 bits from input
[    5.583151] random 0000 0000 0000 61fc8914 d5882ed2: debiting 0 entropy credits from input
[    5.583153] random 0000 0000 0000 61fc8914 d5882ed2: extract_entropy account returned: 0 
[    5.583156] random 0000 0000 0000 61fc8914 d5882ed2: urand_change_num 35 xfer_secondary_pool(64): pool_sig fffff9ee, data_sig 00000000, bytes_mixed 0 61fc8914 d5882ed2
[    5.583159] random 0000 0000 0000 61fc8914 d5882ed2: trying to extract 512 bits from nonblocking
[    5.583161] random 0000 0000 0000 61fc8914 d5882ed2: debiting 512 entropy credits from nonblocking (unlimited)
[    5.583163] random 0000 0000 0000 61fc8914 d5882ed2: extract_entropy account returned: 64 
[    5.583167] random 0000 0000 0000 61fc8914 d5882ed2: urand_change_num 36 extract_buf: pool_sig fffff9ee, data_sig ffffff85, bytes_mixed 20 61fc8914 d5882ed2
[    5.583172] random 0000 0000 0000 70cfd302 e5edec11: urand_change_num 37 extract_buf: pool_sig fffffdc1, data_sig ffffffde, bytes_mixed 20 70cfd302 e5edec11
[    5.583178] random 0000 0000 0000 00dab838 eafd2b30: urand_change_num 38 extract_buf: pool_sig 000003da, data_sig ffffff61, bytes_mixed 20 00dab838 eafd2b30
[    5.583183] random 0000 0000 0000 00dab838 eafd2b30: urand_change_num 39 extract_buf: pool_sig 00000314, data_sig 00000121, bytes_mixed 20 00dab838 eafd2b30
[    5.583188] random 0000 0000 0000 5fcdf66a 6442b608: urand_change_num 40 extract_buf: pool_sig 0000028b, data_sig fffffefd, bytes_mixed 20 5fcdf66a 6442b608
[    5.583193] random 0000 0000 0000 61333f6b 8fae0f9b: urand_change_num 41 extract_buf: pool_sig 000000cb, data_sig 000000b3, bytes_mixed 20 61333f6b 8fae0f9b
[    5.583198] random 0000 0000 0000 61333f6b 8fae0f9b: urand_change_num 42 extract_buf: pool_sig fffffef8, data_sig 00000051, bytes_mixed 20 61333f6b 8fae0f9b
[    5.583201] BEGIN NET_SECRET:
[    5.583202] \xffffffe0
[    5.583203] \xffffffb6
[    5.583204] \x36
[    5.583205] \xffffffb5
[    5.583206] \xffffff94
[    5.583206] \xffffffb2
[    5.583207] \xffffffa8
[    5.583208] \xffffffda
[    5.583209] \x5b
[    5.583209] \x19
[    5.583210] \x18
[    5.583211] \x5c
[    5.583212] \x2b
[    5.583212] \x1
[    5.583213] \xffffff90
[    5.583214] \x19
[    5.583215] \x3c
[    5.583215] \xfffffff2
[    5.583216] \xffffff82
[    5.583217] \x2a
[    5.583218] \xffffffb3
[    5.583219] \xffffffa2
[    5.583219] \x3f
[    5.583220] \x5
[    5.583221] \x52
[    5.583221] \x77
[    5.583222] \x57
[    5.583223] \x79
[    5.583224] \x16
[    5.583224] \x43
[    5.583225] \xffffff84
[    5.583226] \xffffffc3
[    5.583226] \xffffffe9
[    5.583227] \x79
[    5.583228] \x50
[    5.583229] \xffffff8e
[    5.583230] \x3f
[    5.583230] \xfffffff3
[    5.583231] \x19
[    5.583232] \x2a
[    5.583233] \xfffffffd
[    5.583233] \xfffffffb
[    5.583234] \x62
[    5.583235] \x3c
[    5.583236] \xffffffac
[    5.583236] \x1c
[    5.583237] \x3b
[    5.583238] \x3b
[    5.583238] \x15
[    5.583239] \x27
[    5.583240] \xffffffa8
[    5.583240] \x22
[    5.583241] \xffffffc5
[    5.583242] \xffffff9a
[    5.583243] \x5
[    5.583243] \x6c
[    5.583244] \xffffffa8
[    5.583245] \x3a
[    5.583246] \x44
[    5.583247] \xffffffaf
[    5.583247] \x13
[    5.583248] \xffffffe0
[    5.583249] \xffffff9d
[    5.583250] \x22
[    5.583250] 
[    5.583251] END NET_SECRET
[    5.583253] random 0000 0000 0000 e7f555d9 e8ce5c3c: rand_read_num 9 get_random_bytes(4): sig 0000068c e7f555d9 e8ce5c3c
[    5.583256] random 0000 0000 0000 e7f555d9 e8ce5c3c: extract_entropy(.. 4 ..)
[    5.583258] random 0000 0000 0000 e7f555d9 e8ce5c3c: going to reseed nonblocking with 64 bits (32 of 0 requested)
[    5.583260] random 0000 0000 0000 e7f555d9 e8ce5c3c: extract_entropy(.. 8 ..)
[    5.583262] random 0000 0000 0000 e7f555d9 e8ce5c3c: trying to extract 64 bits from input
[    5.583264] random 0000 0000 0000 e7f555d9 e8ce5c3c: debiting 0 entropy credits from input
[    5.583266] random 0000 0000 0000 e7f555d9 e8ce5c3c: extract_entropy account returned: 0 
[    5.583269] random 0000 0000 0000 e7f555d9 e8ce5c3c: urand_change_num 43 xfer_secondary_pool(4): pool_sig 0000068c, data_sig 00000000, bytes_mixed 0 e7f555d9 e8ce5c3c
[    5.583272] random 0000 0000 0000 e7f555d9 e8ce5c3c: trying to extract 32 bits from nonblocking
[    5.583274] random 0000 0000 0000 e7f555d9 e8ce5c3c: debiting 32 entropy credits from nonblocking (unlimited)
[    5.583276] random 0000 0000 0000 e7f555d9 e8ce5c3c: extract_entropy account returned: 4 
[    5.583280] random 0000 0000 0000 e7f555d9 e8ce5c3c: urand_change_num 44 extract_buf: pool_sig 0000068c, data_sig fffffdcb, bytes_mixed 20 e7f555d9 e8ce5c3c
[    5.583291] md: Waiting for all devices to be available before autodetect
[    5.583384] md: If you don't use raid, use raid=noautodetect
[    5.583546] md: Autodetecting RAID arrays.
[    5.583642] md: Scanned 0 and added 0 devices.
[    5.583726] md: autorun ...
[    5.583816] md: ... autorun DONE.
[    5.598426] EXT3-fs: sda2: couldn't mount because of unsupported optional features (240).
[    5.598650] EXT2-fs: sda2: couldn't mount because of unsupported optional features (240).
[    5.599917] random 0000 0000 0000 e7f555d9 e8ce5c3c: rand_read_num 10 get_random_bytes(4): sig ffffff72 e7f555d9 e8ce5c3c
[    5.599920] random 0000 0000 0000 e7f555d9 e8ce5c3c: extract_entropy(.. 4 ..)
[    5.599922] random 0000 0000 0000 e7f555d9 e8ce5c3c: going to reseed nonblocking with 64 bits (32 of 0 requested)
[    5.599924] random 0000 0000 0000 e7f555d9 e8ce5c3c: extract_entropy(.. 8 ..)
[    5.599926] random 0000 0000 0000 e7f555d9 e8ce5c3c: trying to extract 64 bits from input
[    5.599928] random 0000 0000 0000 e7f555d9 e8ce5c3c: debiting 0 entropy credits from input
[    5.599930] random 0000 0000 0000 e7f555d9 e8ce5c3c: extract_entropy account returned: 0 
[    5.599934] random 0000 0000 0000 e7f555d9 e8ce5c3c: urand_change_num 45 xfer_secondary_pool(4): pool_sig ffffff72, data_sig 00000000, bytes_mixed 0 e7f555d9 e8ce5c3c
[    5.599937] random 0000 0000 0000 e7f555d9 e8ce5c3c: trying to extract 32 bits from nonblocking
[    5.599939] random 0000 0000 0000 e7f555d9 e8ce5c3c: debiting 32 entropy credits from nonblocking (unlimited)
[    5.599941] random 0000 0000 0000 e7f555d9 e8ce5c3c: extract_entropy account returned: 4 
[    5.599945] random 0000 0000 0000 e7f555d9 e8ce5c3c: urand_change_num 46 extract_buf: pool_sig ffffff72, data_sig ffffff72, bytes_mixed 20 e7f555d9 e8ce5c3c
[    5.635087] EXT4-fs (sda2): mounted filesystem with ordered data mode
[    5.635291] VFS: Mounted root (ext4 filesystem) readonly on device 8:2.
[    5.635396] Freeing unused kernel memory: 448k freed
[    5.705792] random 0000 0000 0000 91716c54 eeb6a1e7: rand_read_num 11 get_random_bytes(16): sig fffffcad 91716c54 eeb6a1e7
[    5.705795] random 0000 0000 0000 91716c54 eeb6a1e7: extract_entropy(.. 16 ..)
[    5.705797] random 0000 0000 0000 91716c54 eeb6a1e7: going to reseed nonblocking with 128 bits (128 of 0 requested)
[    5.705799] random 0000 0000 0000 91716c54 eeb6a1e7: extract_entropy(.. 16 ..)
[    5.705801] random 0000 0000 0000 91716c54 eeb6a1e7: trying to extract 128 bits from input
[    5.705804] random 0000 0000 0000 91716c54 eeb6a1e7: debiting 0 entropy credits from input
[    5.705806] random 0000 0000 0000 91716c54 eeb6a1e7: extract_entropy account returned: 0 
[    5.705809] random 0000 0000 0000 91716c54 eeb6a1e7: urand_change_num 47 xfer_secondary_pool(16): pool_sig fffffcad, data_sig 00000000, bytes_mixed 0 91716c54 eeb6a1e7
[    5.705811] random 0000 0000 0000 91716c54 eeb6a1e7: trying to extract 128 bits from nonblocking
[    5.705814] random 0000 0000 0000 91716c54 eeb6a1e7: debiting 128 entropy credits from nonblocking (unlimited)
[    5.705816] random 0000 0000 0000 91716c54 eeb6a1e7: extract_entropy account returned: 16 
[    5.705820] random 0000 0000 0000 91716c54 eeb6a1e7: urand_change_num 48 extract_buf: pool_sig fffffcad, data_sig ffffff19, bytes_mixed 20 91716c54 eeb6a1e7
[    5.705825] random 0000 0000 0000 fd637b06 6cf47bc1: urand_change_num 49 extract_buf: pool_sig fffffede, data_sig ffffffc1, bytes_mixed 20 fd637b06 6cf47bc1
[    5.784232] random 0000 0000 0000 fd637b06 6cf47bc1: rand_read_num 12 get_random_bytes(16): sig 0000033b fd637b06 6cf47bc1
[    5.784234] random 0000 0000 0000 fd637b06 6cf47bc1: extract_entropy(.. 16 ..)
[    5.784237] random 0000 0000 0000 fd637b06 6cf47bc1: going to reseed nonblocking with 128 bits (128 of 0 requested)
[    5.784239] random 0000 0000 0000 fd637b06 6cf47bc1: extract_entropy(.. 16 ..)
[    5.784241] random 0000 0000 0000 fd637b06 6cf47bc1: trying to extract 128 bits from input
[    5.784244] random 0000 0000 0000 fd637b06 6cf47bc1: debiting 0 entropy credits from input
[    5.784246] random 0000 0000 0000 fd637b06 6cf47bc1: extract_entropy account returned: 0 
[    5.784249] random 0000 0000 0000 fd637b06 6cf47bc1: urand_change_num 50 xfer_secondary_pool(16): pool_sig 0000033b, data_sig 00000000, bytes_mixed 0 fd637b06 6cf47bc1
[    5.784251] random 0000 0000 0000 fd637b06 6cf47bc1: trying to extract 128 bits from nonblocking
[    5.784254] random 0000 0000 0000 fd637b06 6cf47bc1: debiting 128 entropy credits from nonblocking (unlimited)
[    5.784256] random 0000 0000 0000 fd637b06 6cf47bc1: extract_entropy account returned: 16 
[    5.784260] random 0000 0000 0000 fd637b06 6cf47bc1: urand_change_num 51 extract_buf: pool_sig 0000033b, data_sig 000000d8, bytes_mixed 20 fd637b06 6cf47bc1
[    5.784266] random 0000 0000 0000 0ec1f012 d4727ca8: urand_change_num 52 extract_buf: pool_sig fffffcf5, data_sig 00000016, bytes_mixed 20 0ec1f012 d4727ca8
[    6.147526] ieee1394: Host added: ID:BUS[0-00:1023]  GUID[00061b032a25f51c]
[    6.158219] random 0000 0000 0000 45b1d0b1 845a73f7: rand_read_num 13 get_random_bytes(16): sig 00000116 45b1d0b1 845a73f7
[    6.158222] random 0000 0000 0000 45b1d0b1 845a73f7: extract_entropy(.. 16 ..)
[    6.158225] random 0000 0000 0000 45b1d0b1 845a73f7: going to reseed nonblocking with 128 bits (128 of 0 requested)
[    6.158227] random 0000 0000 0000 45b1d0b1 845a73f7: extract_entropy(.. 16 ..)
[    6.158229] random 0000 0000 0000 45b1d0b1 845a73f7: trying to extract 128 bits from input
[    6.158231] random 0000 0000 0000 45b1d0b1 845a73f7: debiting 0 entropy credits from input
[    6.158233] random 0000 0000 0000 45b1d0b1 845a73f7: extract_entropy account returned: 0 
[    6.158236] random 0000 0000 0000 45b1d0b1 845a73f7: urand_change_num 53 xfer_secondary_pool(16): pool_sig 00000116, data_sig 00000000, bytes_mixed 0 45b1d0b1 845a73f7
[    6.158239] random 0000 0000 0000 45b1d0b1 845a73f7: trying to extract 128 bits from nonblocking
[    6.158241] random 0000 0000 0000 45b1d0b1 845a73f7: debiting 128 entropy credits from nonblocking (unlimited)
[    6.158244] random 0000 0000 0000 45b1d0b1 845a73f7: extract_entropy account returned: 16 
[    6.158248] random 0000 0000 0000 45b1d0b1 845a73f7: urand_change_num 54 extract_buf: pool_sig 00000116, data_sig fffffd8b, bytes_mixed 20 45b1d0b1 845a73f7
[    6.158253] random 0000 0000 0000 45b1d0b1 845a73f7: urand_change_num 55 extract_buf: pool_sig fffffc05, data_sig 00000109, bytes_mixed 20 45b1d0b1 845a73f7
[    6.210728] random 0000 0000 0000 5012cce3 b8a30621: rand_read_num 14 get_random_bytes(16): sig fffffb93 5012cce3 b8a30621
[    6.210730] random 0000 0000 0000 5012cce3 b8a30621: extract_entropy(.. 16 ..)
[    6.210733] random 0000 0000 0000 5012cce3 b8a30621: going to reseed nonblocking with 128 bits (128 of 0 requested)
[    6.210735] random 0000 0000 0000 5012cce3 b8a30621: extract_entropy(.. 16 ..)
[    6.210737] random 0000 0000 0000 5012cce3 b8a30621: trying to extract 128 bits from input
[    6.210740] random 0000 0000 0000 5012cce3 b8a30621: debiting 0 entropy credits from input
[    6.210741] random 0000 0000 0000 5012cce3 b8a30621: extract_entropy account returned: 0 
[    6.210745] random 0000 0000 0000 5012cce3 b8a30621: urand_change_num 56 xfer_secondary_pool(16): pool_sig fffffb93, data_sig 00000000, bytes_mixed 0 5012cce3 b8a30621
[    6.210747] random 0000 0000 0000 5012cce3 b8a30621: trying to extract 128 bits from nonblocking
[    6.210750] random 0000 0000 0000 5012cce3 b8a30621: debiting 128 entropy credits from nonblocking (unlimited)
[    6.210752] random 0000 0000 0000 5012cce3 b8a30621: extract_entropy account returned: 16 
[    6.210756] random 0000 0000 0000 5012cce3 b8a30621: urand_change_num 57 extract_buf: pool_sig fffffb93, data_sig ffffff35, bytes_mixed 20 5012cce3 b8a30621
[    6.210761] random 0000 0000 0000 5012cce3 b8a30621: urand_change_num 58 extract_buf: pool_sig fffffb9d, data_sig ffffff92, bytes_mixed 20 5012cce3 b8a30621
[    6.212126] random 0000 0000 0000 30a5721d 4b648ff6: rand_read_num 15 get_random_bytes(16): sig fffffeb5 30a5721d 4b648ff6
[    6.212129] random 0000 0000 0000 30a5721d 4b648ff6: extract_entropy(.. 16 ..)
[    6.212131] random 0000 0000 0000 30a5721d 4b648ff6: going to reseed nonblocking with 128 bits (128 of 0 requested)
[    6.212134] random 0000 0000 0000 30a5721d 4b648ff6: extract_entropy(.. 16 ..)
[    6.212136] random 0000 0000 0000 30a5721d 4b648ff6: trying to extract 128 bits from input
[    6.212138] random 0000 0000 0000 30a5721d 4b648ff6: debiting 0 entropy credits from input
[    6.212140] random 0000 0000 0000 30a5721d 4b648ff6: extract_entropy account returned: 0 
[    6.212143] random 0000 0000 0000 30a5721d 4b648ff6: urand_change_num 59 xfer_secondary_pool(16): pool_sig fffffeb5, data_sig 00000000, bytes_mixed 0 30a5721d 4b648ff6
[    6.212146] random 0000 0000 0000 30a5721d 4b648ff6: trying to extract 128 bits from nonblocking
[    6.212148] random 0000 0000 0000 30a5721d 4b648ff6: debiting 128 entropy credits from nonblocking (unlimited)
[    6.212150] random 0000 0000 0000 30a5721d 4b648ff6: extract_entropy account returned: 16 
[    6.212155] random 0000 0000 0000 30a5721d 4b648ff6: urand_change_num 60 extract_buf: pool_sig fffffeb5, data_sig 000000c2, bytes_mixed 20 30a5721d 4b648ff6
[    6.212160] random 0000 0000 0000 89bae1ab 704c432f: urand_change_num 61 extract_buf: pool_sig 0000006e, data_sig fffffefc, bytes_mixed 20 89bae1ab 704c432f
[    6.212708] random 0000 0000 0000 89bae1ab 704c432f: rand_read_num 16 get_random_bytes(16): sig fffffd99 89bae1ab 704c432f
[    6.212711] random 0000 0000 0000 89bae1ab 704c432f: extract_entropy(.. 16 ..)
[    6.212714] random 0000 0000 0000 89bae1ab 704c432f: going to reseed nonblocking with 128 bits (128 of 0 requested)
[    6.212716] random 0000 0000 0000 89bae1ab 704c432f: extract_entropy(.. 16 ..)
[    6.212718] random 0000 0000 0000 89bae1ab 704c432f: trying to extract 128 bits from input
[    6.212720] random 0000 0000 0000 89bae1ab 704c432f: debiting 0 entropy credits from input
[    6.212722] random 0000 0000 0000 89bae1ab 704c432f: extract_entropy account returned: 0 
[    6.212725] random 0000 0000 0000 89bae1ab 704c432f: urand_change_num 62 xfer_secondary_pool(16): pool_sig fffffd99, data_sig 00000000, bytes_mixed 0 89bae1ab 704c432f
[    6.212728] random 0000 0000 0000 89bae1ab 704c432f: trying to extract 128 bits from nonblocking
[    6.212730] random 0000 0000 0000 89bae1ab 704c432f: debiting 128 entropy credits from nonblocking (unlimited)
[    6.212733] random 0000 0000 0000 89bae1ab 704c432f: extract_entropy account returned: 16 
[    6.212737] random 0000 0000 0000 89bae1ab 704c432f: urand_change_num 63 extract_buf: pool_sig fffffd99, data_sig 00000204, bytes_mixed 20 89bae1ab 704c432f
[    6.212742] random 0000 0000 0000 6c298a02 2b1539f8: urand_change_num 64 extract_buf: pool_sig 00000124, data_sig fffffff5, bytes_mixed 20 6c298a02 2b1539f8
[    6.213637] random 0000 0000 0000 c77b8b35 70f6cab5: rand_read_num 17 get_random_bytes(16): sig 0000036b c77b8b35 70f6cab5
[    6.213640] random 0000 0000 0000 c77b8b35 70f6cab5: extract_entropy(.. 16 ..)
[    6.213643] random 0000 0000 0000 c77b8b35 70f6cab5: going to reseed nonblocking with 128 bits (128 of 0 requested)
[    6.213653] random 0000 0000 0000 c77b8b35 70f6cab5: extract_entropy(.. 16 ..)
[    6.213655] random 0000 0000 0000 c77b8b35 70f6cab5: trying to extract 128 bits from input
[    6.213657] random 0000 0000 0000 c77b8b35 70f6cab5: debiting 0 entropy credits from input
[    6.213659] random 0000 0000 0000 c77b8b35 70f6cab5: extract_entropy account returned: 0 
[    6.213662] random 0000 0000 0000 c77b8b35 70f6cab5: urand_change_num 65 xfer_secondary_pool(16): pool_sig 0000036b, data_sig 00000000, bytes_mixed 0 c77b8b35 70f6cab5
[    6.213665] random 0000 0000 0000 c77b8b35 70f6cab5: trying to extract 128 bits from nonblocking
[    6.213667] random 0000 0000 0000 c77b8b35 70f6cab5: debiting 128 entropy credits from nonblocking (unlimited)
[    6.213670] random 0000 0000 0000 c77b8b35 70f6cab5: extract_entropy account returned: 16 
[    6.213674] random 0000 0000 0000 c77b8b35 70f6cab5: urand_change_num 66 extract_buf: pool_sig 0000036b, data_sig 0000005f, bytes_mixed 20 c77b8b35 70f6cab5
[    6.213679] random 0000 0000 0000 c77b8b35 70f6cab5: urand_change_num 67 extract_buf: pool_sig ffffff1c, data_sig 0000005a, bytes_mixed 20 c77b8b35 70f6cab5
[    6.214269] random 0000 0000 0000 af21d212 57d20ca3: rand_read_num 18 get_random_bytes(16): sig fffffb7f af21d212 57d20ca3
[    6.214271] random 0000 0000 0000 af21d212 57d20ca3: extract_entropy(.. 16 ..)
[    6.214274] random 0000 0000 0000 af21d212 57d20ca3: going to reseed nonblocking with 128 bits (128 of 0 requested)
[    6.214276] random 0000 0000 0000 af21d212 57d20ca3: extract_entropy(.. 16 ..)
[    6.214278] random 0000 0000 0000 af21d212 57d20ca3: trying to extract 128 bits from input
[    6.214280] random 0000 0000 0000 af21d212 57d20ca3: debiting 0 entropy credits from input
[    6.214282] random 0000 0000 0000 af21d212 57d20ca3: extract_entropy account returned: 0 
[    6.214285] random 0000 0000 0000 af21d212 57d20ca3: urand_change_num 68 xfer_secondary_pool(16): pool_sig fffffb7f, data_sig 00000000, bytes_mixed 0 af21d212 57d20ca3
[    6.214288] random 0000 0000 0000 af21d212 57d20ca3: trying to extract 128 bits from nonblocking
[    6.214291] random 0000 0000 0000 af21d212 57d20ca3: debiting 128 entropy credits from nonblocking (unlimited)
[    6.214293] random 0000 0000 0000 af21d212 57d20ca3: extract_entropy account returned: 16 
[    6.214297] random 0000 0000 0000 af21d212 57d20ca3: urand_change_num 69 extract_buf: pool_sig fffffb7f, data_sig ffffff88, bytes_mixed 20 af21d212 57d20ca3
[    6.214302] random 0000 0000 0000 af21d212 57d20ca3: urand_change_num 70 extract_buf: pool_sig fffffe1d, data_sig ffffff17, bytes_mixed 20 af21d212 57d20ca3
[    6.214895] random 0000 0000 0000 ffbd26fd 21933274: rand_read_num 19 get_random_bytes(16): sig ffffffc7 ffbd26fd 21933274
[    6.214898] random 0000 0000 0000 ffbd26fd 21933274: extract_entropy(.. 16 ..)
[    6.214900] random 0000 0000 0000 ffbd26fd 21933274: going to reseed nonblocking with 128 bits (128 of 0 requested)
[    6.214903] random 0000 0000 0000 ffbd26fd 21933274: extract_entropy(.. 16 ..)
[    6.214905] random 0000 0000 0000 ffbd26fd 21933274: trying to extract 128 bits from input
[    6.214907] random 0000 0000 0000 ffbd26fd 21933274: debiting 0 entropy credits from input
[    6.214909] random 0000 0000 0000 ffbd26fd 21933274: extract_entropy account returned: 0 
[    6.214912] random 0000 0000 0000 ffbd26fd 21933274: urand_change_num 71 xfer_secondary_pool(16): pool_sig ffffffc7, data_sig 00000000, bytes_mixed 0 ffbd26fd 21933274
[    6.214915] random 0000 0000 0000 ffbd26fd 21933274: trying to extract 128 bits from nonblocking
[    6.214917] random 0000 0000 0000 ffbd26fd 21933274: debiting 128 entropy credits from nonblocking (unlimited)
[    6.214919] random 0000 0000 0000 ffbd26fd 21933274: extract_entropy account returned: 16 
[    6.214924] random 0000 0000 0000 ffbd26fd 21933274: urand_change_num 72 extract_buf: pool_sig ffffffc7, data_sig 0000013b, bytes_mixed 20 ffbd26fd 21933274
[    6.214929] random 0000 0000 0000 151530a2 56c65dd3: urand_change_num 73 extract_buf: pool_sig ffffffbf, data_sig 00000036, bytes_mixed 20 151530a2 56c65dd3
[    6.215476] random 0000 0000 0000 151530a2 56c65dd3: rand_read_num 20 get_random_bytes(16): sig 000001a7 151530a2 56c65dd3
[    6.215479] random 0000 0000 0000 151530a2 56c65dd3: extract_entropy(.. 16 ..)
[    6.215482] random 0000 0000 0000 151530a2 56c65dd3: going to reseed nonblocking with 128 bits (128 of 0 requested)
[    6.215484] random 0000 0000 0000 151530a2 56c65dd3: extract_entropy(.. 16 ..)
[    6.215486] random 0000 0000 0000 151530a2 56c65dd3: trying to extract 128 bits from input
[    6.215488] random 0000 0000 0000 151530a2 56c65dd3: debiting 0 entropy credits from input
[    6.215490] random 0000 0000 0000 151530a2 56c65dd3: extract_entropy account returned: 0 
[    6.215493] random 0000 0000 0000 151530a2 56c65dd3: urand_change_num 74 xfer_secondary_pool(16): pool_sig 000001a7, data_sig 00000000, bytes_mixed 0 151530a2 56c65dd3
[    6.215496] random 0000 0000 0000 151530a2 56c65dd3: trying to extract 128 bits from nonblocking
[    6.215499] random 0000 0000 0000 151530a2 56c65dd3: debiting 128 entropy credits from nonblocking (unlimited)
[    6.215501] random 0000 0000 0000 151530a2 56c65dd3: extract_entropy account returned: 16 
[    6.215505] random 0000 0000 0000 151530a2 56c65dd3: urand_change_num 75 extract_buf: pool_sig 000001a7, data_sig ffffffa1, bytes_mixed 20 151530a2 56c65dd3
[    6.215510] random 0000 0000 0000 5d3e132e d9a77eb3: urand_change_num 76 extract_buf: pool_sig fffffcc9, data_sig 00000013, bytes_mixed 20 5d3e132e d9a77eb3
[    6.266548] random 0000 0000 0000 264837ad 0a28fef5: rand_read_num 21 get_random_bytes(16): sig ffffffd0 264837ad 0a28fef5
[    6.266551] random 0000 0000 0000 264837ad 0a28fef5: extract_entropy(.. 16 ..)
[    6.266554] random 0000 0000 0000 264837ad 0a28fef5: going to reseed nonblocking with 128 bits (128 of 0 requested)
[    6.266556] random 0000 0000 0000 264837ad 0a28fef5: extract_entropy(.. 16 ..)
[    6.266558] random 0000 0000 0000 264837ad 0a28fef5: trying to extract 128 bits from input
[    6.266560] random 0000 0000 0000 264837ad 0a28fef5: debiting 0 entropy credits from input
[    6.266562] random 0000 0000 0000 264837ad 0a28fef5: extract_entropy account returned: 0 
[    6.266565] random 0000 0000 0000 264837ad 0a28fef5: urand_change_num 77 xfer_secondary_pool(16): pool_sig ffffffd0, data_sig 00000000, bytes_mixed 0 264837ad 0a28fef5
[    6.266568] random 0000 0000 0000 264837ad 0a28fef5: trying to extract 128 bits from nonblocking
[    6.266571] random 0000 0000 0000 264837ad 0a28fef5: debiting 128 entropy credits from nonblocking (unlimited)
[    6.266573] random 0000 0000 0000 264837ad 0a28fef5: extract_entropy account returned: 16 
[    6.266577] random 0000 0000 0000 264837ad 0a28fef5: urand_change_num 78 extract_buf: pool_sig ffffffd0, data_sig 0000017b, bytes_mixed 20 264837ad 0a28fef5
[    6.266583] random 0000 0000 0000 264837ad 0a28fef5: urand_change_num 79 extract_buf: pool_sig 0000045c, data_sig 000001df, bytes_mixed 20 264837ad 0a28fef5
[    6.268041] random 0000 0000 0000 f37f7344 164aede0: rand_read_num 22 get_random_bytes(16): sig 000003c2 f37f7344 164aede0
[    6.268043] random 0000 0000 0000 f37f7344 164aede0: extract_entropy(.. 16 ..)
[    6.268046] random 0000 0000 0000 f37f7344 164aede0: going to reseed nonblocking with 128 bits (128 of 0 requested)
[    6.268048] random 0000 0000 0000 f37f7344 164aede0: extract_entropy(.. 16 ..)
[    6.268051] random 0000 0000 0000 f37f7344 164aede0: trying to extract 128 bits from input
[    6.268053] random 0000 0000 0000 f37f7344 164aede0: debiting 0 entropy credits from input
[    6.268055] random 0000 0000 0000 f37f7344 164aede0: extract_entropy account returned: 0 
[    6.268058] random 0000 0000 0000 f37f7344 164aede0: urand_change_num 80 xfer_secondary_pool(16): pool_sig 000003c2, data_sig 00000000, bytes_mixed 0 f37f7344 164aede0
[    6.268061] random 0000 0000 0000 f37f7344 164aede0: trying to extract 128 bits from nonblocking
[    6.268063] random 0000 0000 0000 f37f7344 164aede0: debiting 128 entropy credits from nonblocking (unlimited)
[    6.268065] random 0000 0000 0000 f37f7344 164aede0: extract_entropy account returned: 16 
[    6.268069] random 0000 0000 0000 f37f7344 164aede0: urand_change_num 81 extract_buf: pool_sig 000003c2, data_sig ffffff6c, bytes_mixed 20 f37f7344 164aede0
[    6.268075] random 0000 0000 0000 f37f7344 164aede0: urand_change_num 82 extract_buf: pool_sig fffffdfc, data_sig 00000091, bytes_mixed 20 f37f7344 164aede0
[    6.290850] random 0000 0000 0000 a4794863 878070c1: rand_read_num 23 get_random_bytes(16): sig 0000011b a4794863 878070c1
[    6.290853] random 0000 0000 0000 a4794863 878070c1: extract_entropy(.. 16 ..)
[    6.290855] random 0000 0000 0000 a4794863 878070c1: going to reseed nonblocking with 128 bits (128 of 0 requested)
[    6.290858] random 0000 0000 0000 a4794863 878070c1: extract_entropy(.. 16 ..)
[    6.290859] random 0000 0000 0000 a4794863 878070c1: trying to extract 128 bits from input
[    6.290862] random 0000 0000 0000 a4794863 878070c1: debiting 0 entropy credits from input
[    6.290864] random 0000 0000 0000 a4794863 878070c1: extract_entropy account returned: 0 
[    6.290867] random 0000 0000 0000 a4794863 878070c1: urand_change_num 83 xfer_secondary_pool(16): pool_sig 0000011b, data_sig 00000000, bytes_mixed 0 a4794863 878070c1
[    6.290869] random 0000 0000 0000 a4794863 878070c1: trying to extract 128 bits from nonblocking
[    6.290872] random 0000 0000 0000 a4794863 878070c1: debiting 128 entropy credits from nonblocking (unlimited)
[    6.290874] random 0000 0000 0000 a4794863 878070c1: extract_entropy account returned: 16 
[    6.290878] random 0000 0000 0000 a4794863 878070c1: urand_change_num 84 extract_buf: pool_sig 0000011b, data_sig ffffff51, bytes_mixed 20 a4794863 878070c1
[    6.290884] random 0000 0000 0000 737f19b4 9417d8ab: urand_change_num 85 extract_buf: pool_sig 000001a3, data_sig 0000006c, bytes_mixed 20 737f19b4 9417d8ab
[    6.294952] random 0000 0000 0000 737f19b4 9417d8ab: rand_read_num 24 get_random_bytes(16): sig fffffe22 737f19b4 9417d8ab
[    6.294955] random 0000 0000 0000 737f19b4 9417d8ab: extract_entropy(.. 16 ..)
[    6.294957] random 0000 0000 0000 737f19b4 9417d8ab: going to reseed nonblocking with 128 bits (128 of 0 requested)
[    6.294959] random 0000 0000 0000 737f19b4 9417d8ab: extract_entropy(.. 16 ..)
[    6.294961] random 0000 0000 0000 737f19b4 9417d8ab: trying to extract 128 bits from input
[    6.294963] random 0000 0000 0000 737f19b4 9417d8ab: debiting 0 entropy credits from input
[    6.294965] random 0000 0000 0000 737f19b4 9417d8ab: extract_entropy account returned: 0 
[    6.294969] random 0000 0000 0000 737f19b4 9417d8ab: urand_change_num 86 xfer_secondary_pool(16): pool_sig fffffe22, data_sig 00000000, bytes_mixed 0 737f19b4 9417d8ab
[    6.294971] random 0000 0000 0000 737f19b4 9417d8ab: trying to extract 128 bits from nonblocking
[    6.294974] random 0000 0000 0000 737f19b4 9417d8ab: debiting 128 entropy credits from nonblocking (unlimited)
[    6.294976] random 0000 0000 0000 737f19b4 9417d8ab: extract_entropy account returned: 16 
[    6.294980] random 0000 0000 0000 737f19b4 9417d8ab: urand_change_num 87 extract_buf: pool_sig fffffe22, data_sig 00000230, bytes_mixed 20 737f19b4 9417d8ab
[    6.294986] random 0000 0000 0000 4deb0d06 1236af4c: urand_change_num 88 extract_buf: pool_sig 000000b6, data_sig ffffff44, bytes_mixed 20 4deb0d06 1236af4c
[    6.295978] random 0000 0000 0000 b538fadc 4a7613df: rand_read_num 25 get_random_bytes(16): sig 0000013c b538fadc 4a7613df
[    6.295980] random 0000 0000 0000 b538fadc 4a7613df: extract_entropy(.. 16 ..)
[    6.295983] random 0000 0000 0000 b538fadc 4a7613df: going to reseed nonblocking with 128 bits (128 of 0 requested)
[    6.295986] random 0000 0000 0000 b538fadc 4a7613df: extract_entropy(.. 16 ..)
[    6.295988] random 0000 0000 0000 b538fadc 4a7613df: trying to extract 128 bits from input
[    6.295990] random 0000 0000 0000 b538fadc 4a7613df: debiting 0 entropy credits from input
[    6.295992] random 0000 0000 0000 b538fadc 4a7613df: extract_entropy account returned: 0 
[    6.295995] random 0000 0000 0000 b538fadc 4a7613df: urand_change_num 89 xfer_secondary_pool(16): pool_sig 0000013c, data_sig 00000000, bytes_mixed 0 b538fadc 4a7613df
[    6.295998] random 0000 0000 0000 b538fadc 4a7613df: trying to extract 128 bits from nonblocking
[    6.296000] random 0000 0000 0000 b538fadc 4a7613df: debiting 128 entropy credits from nonblocking (unlimited)
[    6.296002] random 0000 0000 0000 b538fadc 4a7613df: extract_entropy account returned: 16 
[    6.296007] random 0000 0000 0000 b538fadc 4a7613df: urand_change_num 90 extract_buf: pool_sig 0000013c, data_sig 00000015, bytes_mixed 20 b538fadc 4a7613df
[    6.296012] random 0000 0000 0000 b538fadc 4a7613df: urand_change_num 91 extract_buf: pool_sig 00000452, data_sig 0000002b, bytes_mixed 20 b538fadc 4a7613df
[    6.296462] random 0000 0000 0000 73b17df4 93bb370e: rand_read_num 26 get_random_bytes(16): sig fffffbf1 73b17df4 93bb370e
[    6.296465] random 0000 0000 0000 73b17df4 93bb370e: extract_entropy(.. 16 ..)
[    6.296468] random 0000 0000 0000 73b17df4 93bb370e: going to reseed nonblocking with 128 bits (128 of 0 requested)
[    6.296470] random 0000 0000 0000 73b17df4 93bb370e: extract_entropy(.. 16 ..)
[    6.296472] random 0000 0000 0000 73b17df4 93bb370e: trying to extract 128 bits from input
[    6.296474] random 0000 0000 0000 73b17df4 93bb370e: debiting 0 entropy credits from input
[    6.296476] random 0000 0000 0000 73b17df4 93bb370e: extract_entropy account returned: 0 
[    6.296479] random 0000 0000 0000 73b17df4 93bb370e: urand_change_num 92 xfer_secondary_pool(16): pool_sig fffffbf1, data_sig 00000000, bytes_mixed 0 73b17df4 93bb370e
[    6.296482] random 0000 0000 0000 73b17df4 93bb370e: trying to extract 128 bits from nonblocking
[    6.296484] random 0000 0000 0000 73b17df4 93bb370e: debiting 128 entropy credits from nonblocking (unlimited)
[    6.296486] random 0000 0000 0000 73b17df4 93bb370e: extract_entropy account returned: 16 
[    6.296491] random 0000 0000 0000 73b17df4 93bb370e: urand_change_num 93 extract_buf: pool_sig fffffbf1, data_sig ffffff99, bytes_mixed 20 73b17df4 93bb370e
[    6.296496] random 0000 0000 0000 73b17df4 93bb370e: urand_change_num 94 extract_buf: pool_sig fffffe1d, data_sig 000000b0, bytes_mixed 20 73b17df4 93bb370e
[    6.296908] random 0000 0000 0000 0cd682bb ba04da9f: rand_read_num 27 get_random_bytes(16): sig fffffccb 0cd682bb ba04da9f
[    6.296911] random 0000 0000 0000 0cd682bb ba04da9f: extract_entropy(.. 16 ..)
[    6.296914] random 0000 0000 0000 0cd682bb ba04da9f: going to reseed nonblocking with 128 bits (128 of 0 requested)
[    6.296916] random 0000 0000 0000 0cd682bb ba04da9f: extract_entropy(.. 16 ..)
[    6.296918] random 0000 0000 0000 0cd682bb ba04da9f: trying to extract 128 bits from input
[    6.296920] random 0000 0000 0000 0cd682bb ba04da9f: debiting 0 entropy credits from input
[    6.296922] random 0000 0000 0000 0cd682bb ba04da9f: extract_entropy account returned: 0 
[    6.296925] random 0000 0000 0000 0cd682bb ba04da9f: urand_change_num 95 xfer_secondary_pool(16): pool_sig fffffccb, data_sig 00000000, bytes_mixed 0 0cd682bb ba04da9f
[    6.296928] random 0000 0000 0000 0cd682bb ba04da9f: trying to extract 128 bits from nonblocking
[    6.296931] random 0000 0000 0000 0cd682bb ba04da9f: debiting 128 entropy credits from nonblocking (unlimited)
[    6.296933] random 0000 0000 0000 0cd682bb ba04da9f: extract_entropy account returned: 16 
[    6.296937] random 0000 0000 0000 0cd682bb ba04da9f: urand_change_num 96 extract_buf: pool_sig fffffccb, data_sig fffffec5, bytes_mixed 20 0cd682bb ba04da9f
[    6.296942] random 0000 0000 0000 26929f1a 15254dc1: urand_change_num 97 extract_buf: pool_sig fffffed2, data_sig ffffffb1, bytes_mixed 20 26929f1a 15254dc1
[    6.297818] random 0000 0000 0000 26929f1a 15254dc1: rand_read_num 28 get_random_bytes(16): sig 00000038 26929f1a 15254dc1
[    6.297821] random 0000 0000 0000 26929f1a 15254dc1: extract_entropy(.. 16 ..)
[    6.297823] random 0000 0000 0000 26929f1a 15254dc1: going to reseed nonblocking with 128 bits (128 of 0 requested)
[    6.297825] random 0000 0000 0000 26929f1a 15254dc1: extract_entropy(.. 16 ..)
[    6.297828] random 0000 0000 0000 26929f1a 15254dc1: trying to extract 128 bits from input
[    6.297830] random 0000 0000 0000 26929f1a 15254dc1: debiting 0 entropy credits from input
[    6.297832] random 0000 0000 0000 26929f1a 15254dc1: extract_entropy account returned: 0 
[    6.297835] random 0000 0000 0000 26929f1a 15254dc1: urand_change_num 98 xfer_secondary_pool(16): pool_sig 00000038, data_sig 00000000, bytes_mixed 0 26929f1a 15254dc1
[    6.297838] random 0000 0000 0000 26929f1a 15254dc1: trying to extract 128 bits from nonblocking
[    6.297840] random 0000 0000 0000 26929f1a 15254dc1: debiting 128 entropy credits from nonblocking (unlimited)
[    6.297842] random 0000 0000 0000 26929f1a 15254dc1: extract_entropy account returned: 16 
[    6.297846] random 0000 0000 0000 26929f1a 15254dc1: urand_change_num 99 extract_buf: pool_sig 00000038, data_sig 000000fd, bytes_mixed 20 26929f1a 15254dc1
[    6.297852] random 0000 0000 0000 8116fe3b 478c2d5b: urand_change_num 100 extract_buf: pool_sig 00000059, data_sig 00000310, bytes_mixed 20 8116fe3b 478c2d5b
[    6.304491] random 0000 0000 0000 a20f4a3a 32a6b2fa: rand_read_num 29 get_random_bytes(16): sig 000002c0 a20f4a3a 32a6b2fa
[    6.304494] random 0000 0000 0000 a20f4a3a 32a6b2fa: extract_entropy(.. 16 ..)
[    6.304496] random 0000 0000 0000 a20f4a3a 32a6b2fa: going to reseed nonblocking with 128 bits (128 of 0 requested)
[    6.304499] random 0000 0000 0000 a20f4a3a 32a6b2fa: extract_entropy(.. 16 ..)
[    6.304501] random 0000 0000 0000 a20f4a3a 32a6b2fa: trying to extract 128 bits from input
[    6.304503] random 0000 0000 0000 a20f4a3a 32a6b2fa: debiting 0 entropy credits from input
[    6.304505] random 0000 0000 0000 a20f4a3a 32a6b2fa: extract_entropy account returned: 0 
[    6.304508] random 0000 0000 0000 a20f4a3a 32a6b2fa: urand_change_num 101 xfer_secondary_pool(16): pool_sig 000002c0, data_sig 00000000, bytes_mixed 0 a20f4a3a 32a6b2fa
[    6.304511] random 0000 0000 0000 a20f4a3a 32a6b2fa: trying to extract 128 bits from nonblocking
[    6.304513] random 0000 0000 0000 a20f4a3a 32a6b2fa: debiting 128 entropy credits from nonblocking (unlimited)
[    6.304515] random 0000 0000 0000 a20f4a3a 32a6b2fa: extract_entropy account returned: 16 
[    6.304520] random 0000 0000 0000 a20f4a3a 32a6b2fa: urand_change_num 102 extract_buf: pool_sig 000002c0, data_sig 000000fb, bytes_mixed 20 a20f4a3a 32a6b2fa
[    6.304525] random 0000 0000 0000 a20f4a3a 32a6b2fa: urand_change_num 103 extract_buf: pool_sig ffffffdd, data_sig 000000a5, bytes_mixed 20 a20f4a3a 32a6b2fa
[    6.317018] random 0000 0000 0000 de716d2a 6c4757e1: rand_read_num 30 get_random_bytes(16): sig 000000fa de716d2a 6c4757e1
[    6.317021] random 0000 0000 0000 de716d2a 6c4757e1: extract_entropy(.. 16 ..)
[    6.317024] random 0000 0000 0000 de716d2a 6c4757e1: going to reseed nonblocking with 128 bits (128 of 0 requested)
[    6.317026] random 0000 0000 0000 de716d2a 6c4757e1: extract_entropy(.. 16 ..)
[    6.317028] random 0000 0000 0000 de716d2a 6c4757e1: trying to extract 128 bits from input
[    6.317030] random 0000 0000 0000 de716d2a 6c4757e1: debiting 0 entropy credits from input
[    6.317032] random 0000 0000 0000 de716d2a 6c4757e1: extract_entropy account returned: 0 
[    6.317035] random 0000 0000 0000 de716d2a 6c4757e1: urand_change_num 104 xfer_secondary_pool(16): pool_sig 000000fa, data_sig 00000000, bytes_mixed 0 de716d2a 6c4757e1
[    6.317038] random 0000 0000 0000 de716d2a 6c4757e1: trying to extract 128 bits from nonblocking
[    6.317041] random 0000 0000 0000 de716d2a 6c4757e1: debiting 128 entropy credits from nonblocking (unlimited)
[    6.317043] random 0000 0000 0000 de716d2a 6c4757e1: extract_entropy account returned: 16 
[    6.317047] random 0000 0000 0000 de716d2a 6c4757e1: urand_change_num 105 extract_buf: pool_sig 000000fa, data_sig ffffff34, bytes_mixed 20 de716d2a 6c4757e1
[    6.317052] random 0000 0000 0000 de716d2a 6c4757e1: urand_change_num 106 extract_buf: pool_sig 000003d3, data_sig ffffff30, bytes_mixed 20 de716d2a 6c4757e1
[    6.317636] random 0000 0000 0000 a7c511e1 f90ea457: rand_read_num 31 get_random_bytes(16): sig 0000009a a7c511e1 f90ea457
[    6.317639] random 0000 0000 0000 a7c511e1 f90ea457: extract_entropy(.. 16 ..)
[    6.317641] random 0000 0000 0000 a7c511e1 f90ea457: going to reseed nonblocking with 128 bits (128 of 0 requested)
[    6.317644] random 0000 0000 0000 a7c511e1 f90ea457: extract_entropy(.. 16 ..)
[    6.317646] random 0000 0000 0000 a7c511e1 f90ea457: trying to extract 128 bits from input
[    6.317648] random 0000 0000 0000 a7c511e1 f90ea457: debiting 0 entropy credits from input
[    6.317650] random 0000 0000 0000 a7c511e1 f90ea457: extract_entropy account returned: 0 
[    6.317653] random 0000 0000 0000 a7c511e1 f90ea457: urand_change_num 107 xfer_secondary_pool(16): pool_sig 0000009a, data_sig 00000000, bytes_mixed 0 a7c511e1 f90ea457
[    6.317656] random 0000 0000 0000 a7c511e1 f90ea457: trying to extract 128 bits from nonblocking
[    6.317658] random 0000 0000 0000 a7c511e1 f90ea457: debiting 128 entropy credits from nonblocking (unlimited)
[    6.317668] random 0000 0000 0000 a7c511e1 f90ea457: extract_entropy account returned: 16 
[    6.317672] random 0000 0000 0000 a7c511e1 f90ea457: urand_change_num 108 extract_buf: pool_sig 0000009a, data_sig 000000e0, bytes_mixed 20 a7c511e1 f90ea457
[    6.317677] random 0000 0000 0000 7c18c7e6 d65ccb06: urand_change_num 109 extract_buf: pool_sig fffffa79, data_sig 000000e0, bytes_mixed 20 7c18c7e6 d65ccb06
[    6.318257] random 0000 0000 0000 7c18c7e6 d65ccb06: rand_read_num 32 get_random_bytes(16): sig fffffe1e 7c18c7e6 d65ccb06
[    6.318259] random 0000 0000 0000 7c18c7e6 d65ccb06: extract_entropy(.. 16 ..)
[    6.318262] random 0000 0000 0000 7c18c7e6 d65ccb06: going to reseed nonblocking with 128 bits (128 of 0 requested)
[    6.318264] random 0000 0000 0000 7c18c7e6 d65ccb06: extract_entropy(.. 16 ..)
[    6.318266] random 0000 0000 0000 7c18c7e6 d65ccb06: trying to extract 128 bits from input
[    6.318269] random 0000 0000 0000 7c18c7e6 d65ccb06: debiting 0 entropy credits from input
[    6.318271] random 0000 0000 0000 7c18c7e6 d65ccb06: extract_entropy account returned: 0 
[    6.318274] random 0000 0000 0000 7c18c7e6 d65ccb06: urand_change_num 110 xfer_secondary_pool(16): pool_sig fffffe1e, data_sig 00000000, bytes_mixed 0 7c18c7e6 d65ccb06
[    6.318276] random 0000 0000 0000 7c18c7e6 d65ccb06: trying to extract 128 bits from nonblocking
[    6.318279] random 0000 0000 0000 7c18c7e6 d65ccb06: debiting 128 entropy credits from nonblocking (unlimited)
[    6.318281] random 0000 0000 0000 7c18c7e6 d65ccb06: extract_entropy account returned: 16 
