[    0.000000] random 0000 0000 0000 00000000 00000000: rand_read_num 1 get_random_bytes(8): sig 00000000 00000000 00000000
[    0.000000] random 0000 0000 0000 00000000 00000000: extract_entropy(.. 8 ..)
[    0.000000] random 0000 0000 0000 00000000 00000000: going to reseed nonblocking with 64 bits (64 of 0 requested)
[    0.000000] random 0000 0000 0000 00000000 00000000: extract_entropy(.. 8 ..)
[    0.000000] random 0000 0000 0000 00000000 00000000: trying to extract 64 bits from input
[    0.000000] random 0000 0000 0000 00000000 00000000: debiting 0 entropy credits from input
[    0.000000] random 0000 0000 0000 00000000 00000000: extract_entropy account returned: 0 
[    0.000000] random 0000 0000 0000 00000000 00000000: urand_change_num 1 xfer_secondary_pool(8): pool_sig 00000000, data_sig 00000000, bytes_mixed 0 00000000 00000000
[    0.000000] random 0000 0000 0000 00000000 00000000: trying to extract 64 bits from nonblocking
[    0.000000] random 0000 0000 0000 00000000 00000000: debiting 64 entropy credits from nonblocking (unlimited)
[    0.000000] random 0000 0000 0000 00000000 00000000: extract_entropy account returned: 8 
[    0.000000] random 0000 0000 0000 00000000 00000000: urand_change_num 2 extract_buf: pool_sig 00000000, data_sig fffffff9, bytes_mixed 20 00000000 00000000
[    0.000000] Linux version 2.6.32.57 (dcashman@dcashman-02) (gcc version 4.3.3 (GCC) ) #3 Fri May 24 04:27:34 PDT 2013
[    0.000000] KERNEL supported cpus:
[    0.000000]   Intel GenuineIntel
[    0.000000]   AMD AuthenticAMD
[    0.000000]   NSC Geode by NSC
[    0.000000]   Cyrix CyrixInstead
[    0.000000]   Centaur CentaurHauls
[    0.000000]   Transmeta GenuineTMx86
[    0.000000]   Transmeta TransmetaCPU
[    0.000000]   UMC UMC UMC UMC
[    0.000000] BIOS-provided physical RAM map:
[    0.000000]  BIOS-e820: 0000000000000000 - 000000000009d800 (usable)
[    0.000000]  BIOS-e820: 000000000009d800 - 00000000000a0000 (reserved)
[    0.000000]  BIOS-e820: 00000000000d2000 - 00000000000d4000 (reserved)
[    0.000000]  BIOS-e820: 00000000000e0000 - 0000000000100000 (reserved)
[    0.000000]  BIOS-e820: 0000000000100000 - 000000003d6b0000 (usable)
[    0.000000]  BIOS-e820: 000000003d6b0000 - 000000003d6cc000 (ACPI data)
[    0.000000]  BIOS-e820: 000000003d6cc000 - 000000003d700000 (ACPI NVS)
[    0.000000]  BIOS-e820: 000000003d700000 - 000000003e000000 (reserved)
[    0.000000]  BIOS-e820: 00000000f0000000 - 00000000f4000000 (reserved)
[    0.000000]  BIOS-e820: 00000000fec00000 - 00000000fec10000 (reserved)
[    0.000000]  BIOS-e820: 00000000fed00000 - 00000000fed00400 (reserved)
[    0.000000]  BIOS-e820: 00000000fed14000 - 00000000fed1a000 (reserved)
[    0.000000]  BIOS-e820: 00000000fed1c000 - 00000000fed90000 (reserved)
[    0.000000]  BIOS-e820: 00000000fee00000 - 00000000fee01000 (reserved)
[    0.000000]  BIOS-e820: 00000000ff000000 - 0000000100000000 (reserved)
[    0.000000] DMI present.
[    0.000000] last_pfn = 0x3d6b0 max_arch_pfn = 0x100000
[    0.000000] MTRR default type: uncachable
[    0.000000] MTRR fixed ranges enabled:
[    0.000000]   00000-9FFFF write-back
[    0.000000]   A0000-BFFFF uncachable
[    0.000000]   C0000-CFFFF write-protect
[    0.000000]   D0000-DFFFF uncachable
[    0.000000]   E0000-FFFFF write-protect
[    0.000000] MTRR variable ranges enabled:
[    0.000000]   0 base 03E000000 mask FFE000000 uncachable
[    0.000000]   1 base 000000000 mask FC0000000 write-back
[    0.000000]   2 base 03D700000 mask FFFF00000 uncachable
[    0.000000]   3 base 03D800000 mask FFF800000 uncachable
[    0.000000]   4 disabled
[    0.000000]   5 disabled
[    0.000000]   6 disabled
[    0.000000]   7 disabled
[    0.000000] initial memory mapped : 0 - 02000000
[    0.000000] init_memory_mapping: 0000000000000000-00000000377fe000
[    0.000000]  0000000000 - 0000400000 page 4k
[    0.000000]  0000400000 - 0037400000 page 2M
[    0.000000]  0037400000 - 00377fe000 page 4k
[    0.000000] kernel direct mapping tables up to 377fe000 @ 7000-c000
[    0.000000] ACPI: RSDP 000f68d0 00024 (v02 LENOVO)
[    0.000000] ACPI: XSDT 3d6bb77f 00094 (v01 LENOVO TP-7L    00002170  LTP 00000000)
[    0.000000] ACPI: FACP 3d6bb900 000F4 (v03 LENOVO TP-7L    00002170 LNVO 00000001)
[    0.000000] ACPI Warning: 32/64X length mismatch in Gpe1Block: 0/32 (20090903/tbfadt-526)
[    0.000000] ACPI Warning: Optional field Gpe1Block has zero address or length: 000000000000102C/0 (20090903/tbfadt-557)
[    0.000000] ACPI: DSDT 3d6bbd1d 0FED1 (v01 LENOVO TP-7L    00002170 MSFT 03000000)
[    0.000000] ACPI: FACS 3d6e4000 00040
[    0.000000] ACPI: SSDT 3d6bbab4 00269 (v01 LENOVO TP-7L    00002170 MSFT 03000000)
[    0.000000] ACPI: ECDT 3d6cbbee 00052 (v01 LENOVO TP-7L    00002170 LNVO 00000001)
[    0.000000] ACPI: TCPA 3d6cbc40 00032 (v02 LENOVO TP-7L    00002170 LNVO 00000001)
[    0.000000] ACPI: APIC 3d6cbc72 00068 (v01 LENOVO TP-7L    00002170 LNVO 00000001)
[    0.000000] ACPI: MCFG 3d6cbcda 0003C (v01 LENOVO TP-7L    00002170 LNVO 00000001)
[    0.000000] ACPI: HPET 3d6cbd16 00038 (v01 LENOVO TP-7L    00002170 LNVO 00000001)
[    0.000000] ACPI: SLIC 3d6cbdf0 00176 (v01 LENOVO TP-7L    00002170  LTP 00000000)
[    0.000000] ACPI: BOOT 3d6cbf66 00028 (v01 LENOVO TP-7L    00002170  LTP 00000001)
[    0.000000] ACPI: ASF! 3d6cbf8e 00072 (v16 LENOVO TP-7L    00002170 PTL  00000001)
[    0.000000] ACPI: SSDT 3d6e26d9 0025F (v01 LENOVO TP-7L    00002170 INTL 20050513)
[    0.000000] ACPI: SSDT 3d6e2938 000A6 (v01 LENOVO TP-7L    00002170 INTL 20050513)
[    0.000000] ACPI: SSDT 3d6e29de 004F7 (v01 LENOVO TP-7L    00002170 INTL 20050513)
[    0.000000] ACPI: SSDT 3d6e2ed5 001D8 (v01 LENOVO TP-7L    00002170 INTL 20050513)
[    0.000000] ACPI: DMI detected: Lenovo ThinkPad R61
[    0.000000] ACPI: Added _OSI(Linux)
[    0.000000] ACPI: Local APIC address 0xfee00000
[    0.000000] 94MB HIGHMEM available.
[    0.000000] 887MB LOWMEM available.
[    0.000000]   mapped low ram: 0 - 377fe000
[    0.000000]   low ram: 0 - 377fe000
[    0.000000]   node 0 low ram: 00000000 - 377fe000
[    0.000000]   node 0 bootmap 00008000 - 0000ef00
[    0.000000] (6 early reservations) ==> bootmem [0000000000 - 00377fe000]
[    0.000000]   #0 [0000000000 - 0000001000]   BIOS data page ==> [0000000000 - 0000001000]
[    0.000000]   #1 [0001000000 - 0001bdc180]    TEXT DATA BSS ==> [0001000000 - 0001bdc180]
[    0.000000]   #2 [000009d800 - 0000100000]    BIOS reserved ==> [000009d800 - 0000100000]
[    0.000000]   #3 [0001bdd000 - 0001be516c]              BRK ==> [0001bdd000 - 0001be516c]
[    0.000000]   #4 [0000007000 - 0000008000]          PGTABLE ==> [0000007000 - 0000008000]
[    0.000000]   #5 [0000008000 - 000000f000]          BOOTMAP ==> [0000008000 - 000000f000]
[    0.000000] found SMP MP-table at [c00f6900] f6900
[    0.000000] Zone PFN ranges:
[    0.000000]   DMA      0x00000000 -> 0x00001000
[    0.000000]   Normal   0x00001000 -> 0x000377fe
[    0.000000]   HighMem  0x000377fe -> 0x0003d6b0
[    0.000000] Movable zone start PFN for each node
[    0.000000] early_node_map[2] active PFN ranges
[    0.000000]     0: 0x00000000 -> 0x0000009d
[    0.000000]     0: 0x00000100 -> 0x0003d6b0
[    0.000000] On node 0 totalpages: 251469
[    0.000000] free_area_init_node: node 0, pgdat c1901ea0, node_mem_map c1be7000
[    0.000000]   DMA zone: 32 pages used for memmap
[    0.000000]   DMA zone: 0 pages reserved
[    0.000000]   DMA zone: 3965 pages, LIFO batch:0
[    0.000000]   Normal zone: 1744 pages used for memmap
[    0.000000]   Normal zone: 221486 pages, LIFO batch:31
[    0.000000]   HighMem zone: 190 pages used for memmap
[    0.000000]   HighMem zone: 24052 pages, LIFO batch:3
[    0.000000] Using APIC driver default
[    0.000000] ACPI: PM-Timer IO Port: 0x1008
[    0.000000] ACPI: Local APIC address 0xfee00000
[    0.000000] ACPI: LAPIC (acpi_id[0x00] lapic_id[0x00] enabled)
[    0.000000] ACPI: LAPIC (acpi_id[0x01] lapic_id[0x01] enabled)
[    0.000000] ACPI: NR_CPUS/possible_cpus limit of 1 reached.  Processor 1/0x1 ignored.
[    0.000000] ACPI: LAPIC_NMI (acpi_id[0x00] high edge lint[0x1])
[    0.000000] ACPI: LAPIC_NMI (acpi_id[0x01] high edge lint[0x1])
[    0.000000] ACPI: IOAPIC (id[0x01] address[0xfec00000] gsi_base[0])
[    0.000000] IOAPIC[0]: apic_id 1, version 32, address 0xfec00000, GSI 0-23
[    0.000000] ACPI: INT_SRC_OVR (bus 0 bus_irq 0 global_irq 2 dfl dfl)
[    0.000000] ACPI: INT_SRC_OVR (bus 0 bus_irq 9 global_irq 9 high level)
[    0.000000] ACPI: IRQ0 used by override.
[    0.000000] ACPI: IRQ2 used by override.
[    0.000000] ACPI: IRQ9 used by override.
[    0.000000] Using ACPI (MADT) for SMP configuration information
[    0.000000] ACPI: HPET id: 0x8086a201 base: 0xfed00000
[    0.000000] nr_irqs_gsi: 24
[    0.000000] PM: Registered nosave memory: 000000000009d000 - 000000000009e000
[    0.000000] PM: Registered nosave memory: 000000000009e000 - 00000000000a0000
[    0.000000] PM: Registered nosave memory: 00000000000a0000 - 00000000000d2000
[    0.000000] PM: Registered nosave memory: 00000000000d2000 - 00000000000d4000
[    0.000000] PM: Registered nosave memory: 00000000000d4000 - 00000000000e0000
[    0.000000] PM: Registered nosave memory: 00000000000e0000 - 0000000000100000
[    0.000000] Allocating PCI resources starting at 3e000000 (gap: 3e000000:b2000000)
[    0.000000] Built 1 zonelists in Zone order, mobility grouping on.  Total pages: 249503
[    0.000000] Kernel command line: auto BOOT_IMAGE=Linux ro root=802 vt.default_utf8=0 maxcpus=0
[    0.000000] PID hash table entries: 4096 (order: 2, 16384 bytes)
[    0.000000] Dentry cache hash table entries: 131072 (order: 7, 524288 bytes)
[    0.000000] Inode-cache hash table entries: 65536 (order: 6, 262144 bytes)
[    0.000000] Enabling fast FPU save and restore... done.
[    0.000000] Enabling unmasked SIMD FPU exception support... done.
[    0.000000] Initializing CPU#0
[    0.000000] Initializing HighMem for node 0 (000377fe:0003d6b0)
[    0.000000] Memory: 984800k/1006272k available (6914k kernel code, 20876k reserved, 2328k data, 448k init, 96968k highmem)
[    0.000000] virtual kernel memory layout:
[    0.000000]     fixmap  : 0xfffa3000 - 0xfffff000   ( 368 kB)
[    0.000000]     pkmap   : 0xff800000 - 0xffc00000   (4096 kB)
[    0.000000]     vmalloc : 0xf7ffe000 - 0xff7fe000   ( 120 MB)
[    0.000000]     lowmem  : 0xc0000000 - 0xf77fe000   ( 887 MB)
[    0.000000]       .init : 0xc1907000 - 0xc1977000   ( 448 kB)
[    0.000000]       .data : 0xc16c0b5f - 0xc1906c64   (2328 kB)
[    0.000000]       .text : 0xc1000000 - 0xc16c0b5f   (6914 kB)
[    0.000000] Checking if this processor honours the WP bit even in supervisor mode...Ok.
[    0.000000] SLUB: Genslabs=13, HWalign=64, Order=0-3, MinObjects=0, CPUs=1, Nodes=1
[    0.000000] Hierarchical RCU implementation.
[    0.000000] NR_IRQS:288
[    0.000000] Extended CMOS year: 2000
[    0.000000] Console: colour VGA+ 80x25
[    0.000000] console [tty0] enabled
[    0.000000] hpet clockevent registered
[    0.000000] Fast TSC calibration using PIT
[    0.000000] Detected 2095.012 MHz processor.
[    0.001002] Calibrating delay loop (skipped), value calculated using timer frequency.. 4190.02 BogoMIPS (lpj=2095012)
[    0.001169] Security Framework initialized
[    0.001253] Mount-cache hash table entries: 512
[    0.001399] CPU: L1 I cache: 32K, L1 D cache: 32K
[    0.001529] CPU: L2 cache: 3072K
[    0.001610] mce: CPU supports 6 MCE banks
[    0.001690] CPU0: Thermal monitoring enabled (TM2)
[    0.002003] using mwait in idle threads.
[    0.002085] CPU: Intel(R) Core(TM)2 Duo CPU     T8100  @ 2.10GHz stepping 06
[    0.002261] Checking 'hlt' instruction... OK.
[    0.006936] ACPI: Core revision 20090903
[    0.026016] CANARY value: 1a1b19a6 for PID: 1
[    0.026046] Enabling APIC mode:  Flat.  Using 1 I/O APICs
[    0.026497] ..TIMER: vector=0x30 apic1=0 pin1=2 apic2=-1 pin2=-1
[    0.036997] xor: automatically using best checksumming function: pIII_sse
[    0.040998]    pIII_sse  :  8568.000 MB/sec
[    0.041077] xor: using function: pIII_sse (8568.000 MB/sec)
[    0.041158] RANDOM - __seed init called.
[    0.041159] RANDOM - __seed init called.
[    0.041160] RANDOM - __seed init called.
[    0.041162] RANDOM - __random32 called. Change num 1.  Value: e6b75c0e	845fdb3c	4764ecc7
[    0.041163] RANDOM - __random32 called. Change num 2.  Value: 75c0e1a6	45fdb3ca	d98f8871
[    0.041165] RANDOM - __random32 called. Change num 3.  Value: e1a6d3e	5fdb3ca9	10e2be79
[    0.041167] RANDOM - __random32 called. Change num 4.  Value: a6d3e877	fdb3ca90	7cf2fee9
[    0.041168] RANDOM - __random32 called. Change num 5.  Value: 3e877b7b	db3ca905	fdd36ca1
[    0.041170] RANDOM - __random32 called. Change num 6.  Value: 77b7ba3d	b3ca905b	d9426901
[    0.041172] RANDOM - random32 init called.  Value: 77b7ba3d	b3ca905b	d9426901
[    0.041189] NET: Registered protocol family 16
[    0.041450] ACPI FADT declares the system doesn't support PCIe ASPM, so disable it
[    0.041571] ACPI: bus type pci registered
[    0.041732] PCI: MCFG configuration 0: base f0000000 segment 0 buses 0 - 63
[    0.041826] PCI: MCFG area at f0000000 reserved in E820
[    0.041905] PCI: Using MMCONFIG for extended config space
[    0.041991] PCI: Using configuration type 1 for base access
[    0.045101] bio: create slab <bio-0> at 0
[    0.045900] ACPI: EC: EC description table is found, configuring boot EC
[    0.051039] ACPI: BIOS _OSI(Linux) query honored via DMI
[    0.051757] random 0000 0000 0000 00000000 00000000: rand_read_num 2 get_random_bytes(8): sig fffffe1a 00000000 00000000
[    0.051760] random 0000 0000 0000 00000000 00000000: extract_entropy(.. 8 ..)
[    0.051763] random 0000 0000 0000 00000000 00000000: going to reseed nonblocking with 64 bits (64 of 0 requested)
[    0.051765] random 0000 0000 0000 00000000 00000000: extract_entropy(.. 8 ..)
[    0.051767] random 0000 0000 0000 00000000 00000000: trying to extract 64 bits from input
[    0.051769] random 0000 0000 0000 00000000 00000000: debiting 0 entropy credits from input
[    0.051771] random 0000 0000 0000 00000000 00000000: extract_entropy account returned: 0 
[    0.051799] random 0000 0000 0000 00000000 00000000: urand_change_num 3 xfer_secondary_pool(8): pool_sig fffffe1a, data_sig 00000000, bytes_mixed 0 00000000 00000000
[    0.051802] random 0000 0000 0000 00000000 00000000: trying to extract 64 bits from nonblocking
[    0.051804] random 0000 0000 0000 00000000 00000000: debiting 64 entropy credits from nonblocking (unlimited)
[    0.051806] random 0000 0000 0000 00000000 00000000: extract_entropy account returned: 8 
[    0.051810] random 0000 0000 0000 00000000 00000000: urand_change_num 4 extract_buf: pool_sig fffffe1a, data_sig fffffed7, bytes_mixed 20 00000000 00000000
[    0.056499] ACPI: Interpreter enabled
[    0.056577] ACPI: (supports S0 S3 S4 S5)
[    0.056849] ACPI: Using IOAPIC for interrupt routing
[    0.066669] ACPI: EC: GPE = 0x12, I/O: command/status = 0x66, data = 0x62
[    0.066948] ACPI: Power Resource [PUBS] (on)
[    0.069061] ACPI: ACPI Dock Station Driver: 3 docks/bays found
[    0.069466] ACPI: PCI Root Bridge [PCI0] (0000:00)
[    0.069631] pci 0000:00:02.0: reg 10 64bit mmio: [0xf8100000-0xf81fffff]
[    0.069637] pci 0000:00:02.0: reg 18 64bit mmio pref: [0xe0000000-0xefffffff]
[    0.069641] pci 0000:00:02.0: reg 20 io port: [0x1800-0x1807]
[    0.069676] pci 0000:00:02.1: reg 10 64bit mmio: [0xf8200000-0xf82fffff]
[    0.069776] pci 0000:00:19.0: reg 10 32bit mmio: [0xfe000000-0xfe01ffff]
[    0.069783] pci 0000:00:19.0: reg 14 32bit mmio: [0xfe025000-0xfe025fff]
[    0.069792] pci 0000:00:19.0: reg 18 io port: [0x1840-0x185f]
[    0.069865] pci 0000:00:19.0: PME# supported from D0 D3hot D3cold
[    0.069955] pci 0000:00:19.0: PME# disabled
[    0.070061] pci 0000:00:1a.0: reg 20 io port: [0x1860-0x187f]
[    0.070139] pci 0000:00:1a.1: reg 20 io port: [0x1880-0x189f]
[    0.070224] pci 0000:00:1a.7: reg 10 32bit mmio: [0xfe226c00-0xfe226fff]
[    0.070317] pci 0000:00:1a.7: PME# supported from D0 D3hot D3cold
[    0.070403] pci 0000:00:1a.7: PME# disabled
[    0.070540] pci 0000:00:1b.0: reg 10 64bit mmio: [0xfe020000-0xfe023fff]
[    0.070620] pci 0000:00:1b.0: PME# supported from D0 D3hot D3cold
[    0.070703] pci 0000:00:1b.0: PME# disabled
[    0.070892] pci 0000:00:1c.0: PME# supported from D0 D3hot D3cold
[    0.070997] pci 0000:00:1c.0: PME# disabled
[    0.071196] pci 0000:00:1c.1: PME# supported from D0 D3hot D3cold
[    0.071278] pci 0000:00:1c.1: PME# disabled
[    0.071486] pci 0000:00:1c.2: PME# supported from D0 D3hot D3cold
[    0.071567] pci 0000:00:1c.2: PME# disabled
[    0.071763] pci 0000:00:1c.3: PME# supported from D0 D3hot D3cold
[    0.071856] pci 0000:00:1c.3: PME# disabled
[    0.072112] pci 0000:00:1c.4: PME# supported from D0 D3hot D3cold
[    0.072206] pci 0000:00:1c.4: PME# disabled
[    0.073018] pci 0000:00:1d.0: reg 20 io port: [0x18a0-0x18bf]
[    0.073098] pci 0000:00:1d.1: reg 20 io port: [0x18c0-0x18df]
[    0.073175] pci 0000:00:1d.2: reg 20 io port: [0x18e0-0x18ff]
[    0.073267] pci 0000:00:1d.7: reg 10 32bit mmio: [0xfe227000-0xfe2273ff]
[    0.073367] pci 0000:00:1d.7: PME# supported from D0 D3hot D3cold
[    0.073455] pci 0000:00:1d.7: PME# disabled
[    0.073739] pci 0000:00:1f.0: quirk: region 1000-107f claimed by ICH6 ACPI/GPIO/TCO
[    0.073856] pci 0000:00:1f.0: quirk: region 1180-11bf claimed by ICH6 GPIO
[    0.073952] pci 0000:00:1f.0: ICH7 LPC Generic IO decode 1 PIO at 1600 (mask 007f)
[    0.073998] pci 0000:00:1f.0: ICH7 LPC Generic IO decode 2 PIO at 15e0 (mask 000f)
[    0.074114] pci 0000:00:1f.0: ICH7 LPC Generic IO decode 3 PIO at 1680 (mask 001f)
[    0.074310] pci 0000:00:1f.1: reg 10 io port: [0x00-0x07]
[    0.074319] pci 0000:00:1f.1: reg 14 io port: [0x00-0x03]
[    0.074329] pci 0000:00:1f.1: reg 18 io port: [0x00-0x07]
[    0.074338] pci 0000:00:1f.1: reg 1c io port: [0x00-0x03]
[    0.074345] pci 0000:00:1f.1: reg 20 io port: [0x1c00-0x1c0f]
[    0.074426] pci 0000:00:1f.2: reg 10 io port: [0x1c50-0x1c57]
[    0.074436] pci 0000:00:1f.2: reg 14 io port: [0x1c44-0x1c47]
[    0.074443] pci 0000:00:1f.2: reg 18 io port: [0x1c48-0x1c4f]
[    0.074451] pci 0000:00:1f.2: reg 1c io port: [0x1c40-0x1c43]
[    0.074460] pci 0000:00:1f.2: reg 20 io port: [0x1c20-0x1c3f]
[    0.074469] pci 0000:00:1f.2: reg 24 32bit mmio: [0xfe226000-0xfe2267ff]
[    0.074534] pci 0000:00:1f.2: PME# supported from D3hot
[    0.074626] pci 0000:00:1f.2: PME# disabled
[    0.074743] pci 0000:00:1f.3: reg 10 32bit mmio: [0xfe227400-0xfe2274ff]
[    0.074768] pci 0000:00:1f.3: reg 20 io port: [0x1c60-0x1c7f]
[    0.074861] pci 0000:00:1c.0: bridge io port: [0x2000-0x2fff]
[    0.074865] pci 0000:00:1c.0: bridge 32bit mmio: [0xfc000000-0xfdffffff]
[    0.074874] pci 0000:00:1c.0: bridge 64bit mmio pref: [0xf8000000-0xf80fffff]
[    0.075027] pci 0000:03:00.0: reg 10 64bit mmio: [0xdf3f0000-0xdf3fffff]
[    0.075221] pci 0000:00:1c.1: bridge io port: [0x3000-0x3fff]
[    0.075228] pci 0000:00:1c.1: bridge 32bit mmio: [0xdc000000-0xdf3fffff]
[    0.075237] pci 0000:00:1c.1: bridge 64bit mmio pref: [0xdfe00000-0xdfefffff]
[    0.075294] pci 0000:00:1c.2: bridge io port: [0x4000-0x4fff]
[    0.075300] pci 0000:00:1c.2: bridge 32bit mmio: [0xd8000000-0xd9ffffff]
[    0.075307] pci 0000:00:1c.2: bridge 64bit mmio pref: [0xdfb00000-0xdfbfffff]
[    0.075364] pci 0000:00:1c.3: bridge io port: [0x5000-0x5fff]
[    0.075368] pci 0000:00:1c.3: bridge 32bit mmio: [0xd4000000-0xd5ffffff]
[    0.075375] pci 0000:00:1c.3: bridge 64bit mmio pref: [0xdf800000-0xdf8fffff]
[    0.075431] pci 0000:00:1c.4: bridge io port: [0x6000-0x6fff]
[    0.075435] pci 0000:00:1c.4: bridge 32bit mmio: [0xd0000000-0xd1ffffff]
[    0.075444] pci 0000:00:1c.4: bridge 64bit mmio pref: [0xdf500000-0xdf5fffff]
[    0.075503] pci 0000:15:00.0: reg 10 32bit mmio: [0xf8300000-0xf8300fff]
[    0.075555] pci 0000:15:00.0: supports D1 D2
[    0.075556] pci 0000:15:00.0: PME# supported from D0 D1 D2 D3hot D3cold
[    0.075650] pci 0000:15:00.0: PME# disabled
[    0.075792] pci 0000:15:00.1: reg 10 32bit mmio: [0xf8301000-0xf83017ff]
[    0.075886] pci 0000:15:00.1: supports D1 D2
[    0.075887] pci 0000:15:00.1: PME# supported from D0 D1 D2 D3hot D3cold
[    0.075975] pci 0000:15:00.1: PME# disabled
[    0.076079] pci 0000:00:1e.0: transparent bridge
[    0.076169] pci 0000:00:1e.0: bridge io port: [0x7000-0xafff]
[    0.076175] pci 0000:00:1e.0: bridge 32bit mmio: [0xf8300000-0xfbffffff]
[    0.076184] pci 0000:00:1e.0: bridge 64bit mmio pref: [0xf4000000-0xf7ffffff]
[    0.076254] pci_bus 0000:00: on NUMA node 0
[    0.076258] ACPI: PCI Interrupt Routing Table [\_SB_.PCI0._PRT]
[    0.076391] ACPI: PCI Interrupt Routing Table [\_SB_.PCI0.EXP0._PRT]
[    0.076450] ACPI: PCI Interrupt Routing Table [\_SB_.PCI0.EXP1._PRT]
[    0.076507] ACPI: PCI Interrupt Routing Table [\_SB_.PCI0.EXP2._PRT]
[    0.076565] ACPI: PCI Interrupt Routing Table [\_SB_.PCI0.EXP3._PRT]
[    0.076628] ACPI: PCI Interrupt Routing Table [\_SB_.PCI0.EXP4._PRT]
[    0.076690] ACPI: PCI Interrupt Routing Table [\_SB_.PCI0.PCI1._PRT]
[    0.082220] ACPI: PCI Interrupt Link [LNKA] (IRQs 3 4 5 6 7 9 *10 11)
[    0.082975] ACPI: PCI Interrupt Link [LNKB] (IRQs 3 4 5 6 7 9 10 *11)
[    0.083674] ACPI: PCI Interrupt Link [LNKC] (IRQs 3 4 5 6 7 9 10 *11)
[    0.084414] ACPI: PCI Interrupt Link [LNKD] (IRQs 3 4 5 6 7 9 10 *11)
[    0.085147] ACPI: PCI Interrupt Link [LNKE] (IRQs 3 4 5 6 7 9 10 *11)
[    0.085876] ACPI: PCI Interrupt Link [LNKF] (IRQs 3 4 5 6 7 9 10 *11)
[    0.086568] ACPI: PCI Interrupt Link [LNKG] (IRQs 3 4 5 6 7 9 10 *11)
[    0.087329] ACPI: PCI Interrupt Link [LNKH] (IRQs 3 4 5 6 7 9 10 *11)
[    0.088019] vgaarb: device added: PCI:0000:00:02.0,decodes=io+mem,owns=io+mem,locks=none
[    0.088152] vgaarb: loaded
[    0.088322] SCSI subsystem initialized
[    0.088427] libata version 3.00 loaded.
[    0.088474] usbcore: registered new interface driver usbfs
[    0.088592] usbcore: registered new interface driver hub
[    0.088695] usbcore: registered new device driver usb
[    0.105044] raid6: int32x1    941 MB/s
[    0.122058] raid6: int32x2    890 MB/s
[    0.139069] raid6: int32x4    750 MB/s
[    0.155993] raid6: int32x8    656 MB/s
[    0.173004] raid6: mmxx1     2882 MB/s
[    0.189983] raid6: mmxx2     3269 MB/s
[    0.206996] raid6: sse1x1    1937 MB/s
[    0.223998] raid6: sse1x2    2535 MB/s
[    0.240981] raid6: sse2x1    3500 MB/s
[    0.257983] raid6: sse2x2    3832 MB/s
[    0.258063] raid6: using algorithm sse2x2 (3832 MB/s)
[    0.258146] PCI: Using ACPI for IRQ routing
[    0.258445] HPET: 3 timers in total, 0 timers will be used for per-cpu timer
[    0.258996] Switching to clocksource tsc
[    0.259100] pnp: PnP ACPI init
[    0.259199] ACPI: bus type pnp registered
[    0.262815] pnp: PnP ACPI: found 11 devices
[    0.262907] ACPI: ACPI bus type pnp unregistered
[    0.263002] system 00:00: iomem range 0x0-0x9ffff could not be reserved
[    0.263093] system 00:00: iomem range 0xc0000-0xc3fff could not be reserved
[    0.263178] system 00:00: iomem range 0xc4000-0xc7fff could not be reserved
[    0.263275] system 00:00: iomem range 0xc8000-0xcbfff has been reserved
[    0.263360] system 00:00: iomem range 0xcc000-0xcffff has been reserved
[    0.263452] system 00:00: iomem range 0xd0000-0xd3fff could not be reserved
[    0.263539] system 00:00: iomem range 0xe0000-0xe3fff could not be reserved
[    0.263621] system 00:00: iomem range 0xe4000-0xe7fff could not be reserved
[    0.263708] system 00:00: iomem range 0xe8000-0xebfff could not be reserved
[    0.263797] system 00:00: iomem range 0xec000-0xeffff could not be reserved
[    0.263886] system 00:00: iomem range 0xf0000-0xfffff could not be reserved
[    0.263974] system 00:00: iomem range 0x100000-0x3dffffff could not be reserved
[    0.264086] system 00:00: iomem range 0xfec00000-0xfed3ffff could not be reserved
[    0.264205] system 00:00: iomem range 0xfed4c000-0xffffffff could not be reserved
[    0.264322] system 00:02: ioport range 0x164e-0x164f has been reserved
[    0.264421] system 00:02: ioport range 0x1000-0x107f has been reserved
[    0.264505] system 00:02: ioport range 0x1180-0x11bf has been reserved
[    0.264596] system 00:02: ioport range 0x800-0x80f has been reserved
[    0.264677] system 00:02: ioport range 0x15e0-0x15ef has been reserved
[    0.264774] system 00:02: ioport range 0x1600-0x165f could not be reserved
[    0.264862] system 00:02: iomem range 0xf0000000-0xf3ffffff has been reserved
[    0.264945] system 00:02: iomem range 0xfed1c000-0xfed1ffff has been reserved
[    0.265030] system 00:02: iomem range 0xfed14000-0xfed17fff has been reserved
[    0.265129] system 00:02: iomem range 0xfed18000-0xfed18fff has been reserved
[    0.265214] system 00:02: iomem range 0xfed19000-0xfed19fff has been reserved
[    0.265307] system 00:02: iomem range 0xfed45000-0xfed4bfff has been reserved
[    0.300337] pci 0000:00:1c.0: PCI bridge, secondary bus 0000:02
[    0.300420] pci 0000:00:1c.0:   IO window: 0x2000-0x2fff
[    0.300516] pci 0000:00:1c.0:   MEM window: 0xfc000000-0xfdffffff
[    0.300611] pci 0000:00:1c.0:   PREFETCH window: 0x000000f8000000-0x000000f80fffff
[    0.300729] pci 0000:00:1c.1: PCI bridge, secondary bus 0000:03
[    0.300816] pci 0000:00:1c.1:   IO window: 0x3000-0x3fff
[    0.300912] pci 0000:00:1c.1:   MEM window: 0xdc000000-0xdf3fffff
[    0.301001] pci 0000:00:1c.1:   PREFETCH window: 0x000000dfe00000-0x000000dfefffff
[    0.301118] pci 0000:00:1c.2: PCI bridge, secondary bus 0000:04
[    0.301206] pci 0000:00:1c.2:   IO window: 0x4000-0x4fff
[    0.301291] pci 0000:00:1c.2:   MEM window: 0xd8000000-0xd9ffffff
[    0.301377] pci 0000:00:1c.2:   PREFETCH window: 0x000000dfb00000-0x000000dfbfffff
[    0.301495] pci 0000:00:1c.3: PCI bridge, secondary bus 0000:05
[    0.301587] pci 0000:00:1c.3:   IO window: 0x5000-0x5fff
[    0.301671] pci 0000:00:1c.3:   MEM window: 0xd4000000-0xd5ffffff
[    0.301762] pci 0000:00:1c.3:   PREFETCH window: 0x000000df800000-0x000000df8fffff
[    0.301888] pci 0000:00:1c.4: PCI bridge, secondary bus 0000:0d
[    0.301980] pci 0000:00:1c.4:   IO window: 0x6000-0x6fff
[    0.302065] pci 0000:00:1c.4:   MEM window: 0xd0000000-0xd1ffffff
[    0.302161] pci 0000:00:1c.4:   PREFETCH window: 0x000000df500000-0x000000df5fffff
[    0.302289] pci 0000:15:00.0: CardBus bridge, secondary bus 0000:16
[    0.302377] pci 0000:15:00.0:   IO window: 0x007000-0x0070ff
[    0.302460] pci 0000:15:00.0:   IO window: 0x007400-0x0074ff
[    0.302557] pci 0000:15:00.0:   PREFETCH window: 0xf4000000-0xf7ffffff
[    0.302651] pci 0000:15:00.0:   MEM window: 0x40000000-0x43ffffff
[    0.302740] pci 0000:00:1e.0: PCI bridge, secondary bus 0000:15
[    0.302828] pci 0000:00:1e.0:   IO window: 0x7000-0xafff
[    0.302925] pci 0000:00:1e.0:   MEM window: 0xf8300000-0xfbffffff
[    0.303008] pci 0000:00:1e.0:   PREFETCH window: 0x000000f4000000-0x000000f7ffffff
[    0.303136] pci 0000:00:1c.0: PCI INT A -> GSI 20 (level, low) -> IRQ 20
[    0.303223] pci 0000:00:1c.0: setting latency timer to 64
[    0.303233] pci 0000:00:1c.1: PCI INT B -> GSI 21 (level, low) -> IRQ 21
[    0.303322] pci 0000:00:1c.1: setting latency timer to 64
[    0.303331] pci 0000:00:1c.2: PCI INT C -> GSI 22 (level, low) -> IRQ 22
[    0.303415] pci 0000:00:1c.2: setting latency timer to 64
[    0.303427] pci 0000:00:1c.3: PCI INT D -> GSI 23 (level, low) -> IRQ 23
[    0.303515] pci 0000:00:1c.3: setting latency timer to 64
[    0.303526] pci 0000:00:1c.4: PCI INT A -> GSI 20 (level, low) -> IRQ 20
[    0.303609] pci 0000:00:1c.4: setting latency timer to 64
[    0.303618] pci 0000:00:1e.0: enabling device (0005 -> 0007)
[    0.303701] pci 0000:00:1e.0: setting latency timer to 64
[    0.303718] pci 0000:15:00.0: PCI INT A -> GSI 16 (level, low) -> IRQ 16
[    0.303811] pci 0000:15:00.0: setting latency timer to 64
[    0.303817] pci_bus 0000:00: resource 0 io:  [0x00-0xffff]
[    0.303819] pci_bus 0000:00: resource 1 mem: [0x000000-0xffffffff]
[    0.303821] pci_bus 0000:02: resource 0 io:  [0x2000-0x2fff]
[    0.303823] pci_bus 0000:02: resource 1 mem: [0xfc000000-0xfdffffff]
[    0.303825] pci_bus 0000:02: resource 2 pref mem [0xf8000000-0xf80fffff]
[    0.303826] pci_bus 0000:03: resource 0 io:  [0x3000-0x3fff]
[    0.303828] pci_bus 0000:03: resource 1 mem: [0xdc000000-0xdf3fffff]
[    0.303830] pci_bus 0000:03: resource 2 pref mem [0xdfe00000-0xdfefffff]
[    0.303832] pci_bus 0000:04: resource 0 io:  [0x4000-0x4fff]
[    0.303834] pci_bus 0000:04: resource 1 mem: [0xd8000000-0xd9ffffff]
[    0.303835] pci_bus 0000:04: resource 2 pref mem [0xdfb00000-0xdfbfffff]
[    0.303837] pci_bus 0000:05: resource 0 io:  [0x5000-0x5fff]
[    0.303839] pci_bus 0000:05: resource 1 mem: [0xd4000000-0xd5ffffff]
[    0.303841] pci_bus 0000:05: resource 2 pref mem [0xdf800000-0xdf8fffff]
[    0.303845] pci_bus 0000:0d: resource 0 io:  [0x6000-0x6fff]
[    0.303847] pci_bus 0000:0d: resource 1 mem: [0xd0000000-0xd1ffffff]
[    0.303849] pci_bus 0000:0d: resource 2 pref mem [0xdf500000-0xdf5fffff]
[    0.303851] pci_bus 0000:15: resource 0 io:  [0x7000-0xafff]
[    0.303852] pci_bus 0000:15: resource 1 mem: [0xf8300000-0xfbffffff]
[    0.303854] pci_bus 0000:15: resource 2 pref mem [0xf4000000-0xf7ffffff]
[    0.303856] pci_bus 0000:15: resource 3 io:  [0x00-0xffff]
[    0.303858] pci_bus 0000:15: resource 4 mem: [0x000000-0xffffffff]
[    0.303859] pci_bus 0000:16: resource 0 io:  [0x7000-0x70ff]
[    0.303861] pci_bus 0000:16: resource 1 io:  [0x7400-0x74ff]
[    0.303863] pci_bus 0000:16: resource 2 pref mem [0xf4000000-0xf7ffffff]
[    0.303865] pci_bus 0000:16: resource 3 mem: [0x40000000-0x43ffffff]
[    0.303873] NET: Registered protocol family 2
[    0.303961] RANDOM - __random32 called. Change num 7.  Value: 7ba3d01e	3ca905be	d2026a24
[    0.303963] RANDOM - random32 called.  Value: 7ba3d01e	3ca905be	d2026a24
[    0.303967] random 0000 0000 0000 5f8db4e5 4cfdf2a8: rand_read_num 3 get_random_bytes(4): sig fffffb64 5f8db4e5 4cfdf2a8
[    0.303969] random 0000 0000 0000 5f8db4e5 4cfdf2a8: extract_entropy(.. 4 ..)
[    0.303972] random 0000 0000 0000 5f8db4e5 4cfdf2a8: going to reseed nonblocking with 64 bits (32 of 0 requested)
[    0.303974] random 0000 0000 0000 5f8db4e5 4cfdf2a8: extract_entropy(.. 8 ..)
[    0.303976] random 0000 0000 0000 5f8db4e5 4cfdf2a8: trying to extract 64 bits from input
[    0.303978] random 0000 0000 0000 5f8db4e5 4cfdf2a8: debiting 0 entropy credits from input
[    0.303980] random 0000 0000 0000 5f8db4e5 4cfdf2a8: extract_entropy account returned: 0 
[    0.303983] random 0000 0000 0000 5f8db4e5 4cfdf2a8: urand_change_num 5 xfer_secondary_pool(4): pool_sig fffffb64, data_sig 00000000, bytes_mixed 0 5f8db4e5 4cfdf2a8
[    0.303986] random 0000 0000 0000 5f8db4e5 4cfdf2a8: trying to extract 32 bits from nonblocking
[    0.303988] random 0000 0000 0000 5f8db4e5 4cfdf2a8: debiting 32 entropy credits from nonblocking (unlimited)
[    0.303990] random 0000 0000 0000 5f8db4e5 4cfdf2a8: extract_entropy account returned: 4 
[    0.303994] random 0000 0000 0000 5f8db4e5 4cfdf2a8: urand_change_num 6 extract_buf: pool_sig fffffb64, data_sig 00000241, bytes_mixed 20 5f8db4e5 4cfdf2a8
[    0.304004] IP route cache hash table entries: 32768 (order: 5, 131072 bytes)
[    0.304133] RANDOM - __random32 called. Change num 8.  Value: 3d01e034	ca905be7	d4484227
[    0.304135] RANDOM - random32 called.  Value: 3d01e034	ca905be7	d4484227
[    0.304146] RANDOM - __random32 called. Change num 9.  Value: 1e034020	a905be70	844ec14a
[    0.304148] RANDOM - random32 called.  Value: 1e034020	a905be70	844ec14a
[    0.304150] RANDOM - __random32 called. Change num 10.  Value: 34020ec0	905be706	8294c719
[    0.304151] RANDOM - random32 called.  Value: 34020ec0	905be706	8294c719
[    0.304162] RANDOM - __random32 called. Change num 11.  Value: 20ec0ebb	5be7068	8e32c65f
[    0.304163] RANDOM - random32 called.  Value: 20ec0ebb	5be7068	8e32c65f
[    0.304173] TCP established hash table entries: 131072 (order: 8, 1048576 bytes)
[    0.304657] TCP bind hash table entries: 65536 (order: 6, 262144 bytes)
[    0.304840] TCP: Hash tables configured (established 131072 bind 65536)
[    0.304933] TCP reno registered
[    0.305032] NET: Registered protocol family 1
[    0.305139] RPC: Registered udp transport module.
[    0.305218] RPC: Registered tcp transport module.
[    0.305302] RPC: Registered tcp NFSv4.1 backchannel transport module.
[    0.305388] pci 0000:00:02.0: Boot video device
[    0.305602] Simple Boot Flag at 0x35 set to 0x1
[    0.306147] highmem bounce pool size: 64 pages
[    0.307635] VFS: Disk quotas dquot_6.5.2
[    0.307748] Dquot-cache hash table entries: 1024 (order 0, 4096 bytes)
[    0.308494] NTFS driver 2.1.29 [Flags: R/W].
[    0.308645] ROMFS MTD (C) 2007 Red Hat, Inc.
[    0.308865] JFS: nTxBlock = 7695, nTxLock = 61562
[    0.311329] SGI XFS with ACLs, security attributes, large block/inode numbers, no debug enabled
[    0.311810] SGI XFS Quota Management subsystem
[    0.312100] Slow work thread pool: Starting up
[    0.312204] Slow work thread pool: Ready
[    0.312297] GFS2 (built May 24 2013 02:47:17) installed
[    0.312380] msgmni has been set to 1734
[    0.312548] alg: No test for cipher_null (cipher_null-generic)
[    0.312639] alg: No test for ecb(cipher_null) (ecb-cipher_null)
[    0.312734] alg: No test for digest_null (digest_null-generic)
[    0.312827] alg: No test for compress_null (compress_null-generic)
[    0.313377] alg: No test for fcrypt (fcrypt-generic)
[    0.314790] alg: No test for stdrng (krng)
[    0.314889] async_tx: api initialized (async)
[    0.315033] Block layer SCSI generic (bsg) driver version 0.4 loaded (major 254)
[    0.315151] io scheduler noop registered
[    0.315241] io scheduler anticipatory registered
[    0.315320] io scheduler deadline registered
[    0.315445] io scheduler cfq registered (default)
[    0.315689] pcieport 0000:00:1c.0: irq 24 for MSI/MSI-X
[    0.315704] pcieport 0000:00:1c.0: setting latency timer to 64
[    0.315902] pcieport 0000:00:1c.1: irq 25 for MSI/MSI-X
[    0.315913] pcieport 0000:00:1c.1: setting latency timer to 64
[    0.316090] pcieport 0000:00:1c.2: irq 26 for MSI/MSI-X
[    0.316101] pcieport 0000:00:1c.2: setting latency timer to 64
[    0.316277] pcieport 0000:00:1c.3: irq 27 for MSI/MSI-X
[    0.316287] pcieport 0000:00:1c.3: setting latency timer to 64
[    0.316469] pcieport 0000:00:1c.4: irq 28 for MSI/MSI-X
[    0.316481] pcieport 0000:00:1c.4: setting latency timer to 64
[    0.316628] pci_hotplug: PCI Hot Plug PCI Core version: 0.5
[    0.316812] isapnp: Scanning for PnP cards...
[    0.677358] isapnp: No Plug & Play device found
[    0.677439] random 0000 0000 0000 5f8db4e5 4cfdf2a8: initializing
[    0.696941] Serial: 8250/16550 driver, 4 ports, IRQ sharing enabled
[    3.707219] floppy0: no floppy controllers found
[    3.708155] brd: module loaded
[    3.708657] loop: module loaded
[    3.708741] Compaq SMART2 Driver (v 2.6.0)
[    3.708855] HP CISS Driver (v 3.6.20)
[    3.709088] input: Macintosh mouse button emulation as /devices/virtual/input/input0
[    3.709205] Uniform Multi-Platform E-IDE driver
[    3.709438] piix 0000:00:1f.1: IDE controller (0x8086:0x2850 rev 0x03)
[    3.709543] pci 0000:00:1f.1: PCI INT C -> GSI 16 (level, low) -> IRQ 16
[    3.709638] piix 0000:00:1f.1: IDE port disabled
[    3.709726] piix 0000:00:1f.1: not 100% native mode: will probe irqs later
[    3.709819]     ide0: BM-DMA at 0x1c00-0x1c07
[    3.709908] Probing IDE interface ide0...
[    4.381313] hda: HL-DT-ST DVDRAM GSA-U10N, ATAPI CD/DVD-ROM drive
[    4.688066] hda: host max PIO4 wanted PIO255(auto-tune) selected PIO4
[    4.688843] hda: UDMA/33 mode selected
[    4.689296] ide0 at 0x1f0-0x1f7,0x3f6 on irq 14
[    4.693179] ide-gd driver 1.18
[    4.693284] ide-cd driver 5.00
[    4.694669] ide-cd: hda: ATAPI 24X DVD-ROM DVD-R/RAM CD-R/RW drive, 2048kB Cache
[    4.695080] Uniform CD-ROM driver Revision: 3.20
[    4.702216] Loading iSCSI transport class v2.0-870.
[    4.702491] rdac: device handler registered
[    4.702584] hp_sw: device handler registered
[    4.702663] emc: device handler registered
[    4.702743] alua: device handler registered
[    4.703731] Adaptec aacraid driver 1.1-5[2461]-ms
[    4.704152] scsi: <fdomain> Detection failed (no card)
[    4.704245] sym53c416.c: Version 1.0.0-ac
[    4.704344] qlogicfas: no cards were found, please specify I/O address and IRQ using iobase= and irq= options
[    4.704458] QLogic Fibre Channel HBA Driver: 8.03.01-k6
[    4.704677] iscsi: registered transport (qla4xxx)
[    4.704786] QLogic iSCSI HBA Driver
[    4.704865] Emulex LightPulse Fibre Channel SCSI driver 8.3.4
[    4.704947] Copyright(c) 2004-2009 Emulex.  All rights reserved.
[    4.727045] Failed initialization of WD-7000 SCSI card!
[    4.816291] DC390: clustering now enabled by default. If you get problems load
[    4.816409]        with "disable_clustering=1" and report to maintainers
[    4.816545] megaraid cmm: 2.20.2.7 (Release Date: Sun Jul 16 00:01:03 EST 2006)
[    4.816695] megaraid: 2.20.5.1 (Release Date: Thu Nov 16 15:32:35 EST 2006)
[    4.816800] megasas: 00.00.04.01 Thu July 24 11:41:51 PST 2008
[    4.816924] GDT-HA: Storage RAID Controller Driver. Version: 3.05
[    4.817067] 3ware Storage Controller device driver for Linux v1.26.02.002.
[    4.817170] 3ware 9000 Storage Controller device driver for Linux v2.26.02.012.
[    4.817302] nsp32: loading...
[    4.817403] ipr: IBM Power RAID SCSI Device Driver version: 2.4.3 (June 10, 2009)
[    4.817545] RocketRAID 3xxx/4xxx Controller driver v1.6 (090910)
[    4.817646] stex: Promise SuperTrak EX Driver version: 4.6.0000.3
[    4.817778] st: Version 20081215, fixed bufsize 32768, s/g segs 256
[    4.817957] ahci 0000:00:1f.2: version 3.0
[    4.817969] ahci 0000:00:1f.2: PCI INT B -> GSI 16 (level, low) -> IRQ 16
[    4.818112] ahci 0000:00:1f.2: irq 29 for MSI/MSI-X
[    4.818173] ahci 0000:00:1f.2: AHCI 0001.0100 32 slots 3 ports 1.5 Gbps 0x5 impl SATA mode
[    4.818294] ahci 0000:00:1f.2: flags: 64bit ncq sntf pm led clo pio slum part ccc 
[    4.818409] ahci 0000:00:1f.2: setting latency timer to 64
[    4.818556] scsi2 : ahci
[    4.818709] scsi3 : ahci
[    4.818844] scsi4 : ahci
[    4.819029] ata1: SATA max UDMA/133 abar m2048@0xfe226000 port 0xfe226100 irq 29
[    4.819141] ata2: DUMMY
[    4.819226] ata3: SATA max UDMA/133 abar m2048@0xfe226000 port 0xfe226200 irq 29
[    4.819827] I2O subsystem v1.325
[    4.819905] i2o: max drivers = 8
[    4.820055] I2O Configuration OSM v1.323
[    4.820158] I2O Bus Adapter OSM v1.317
[    4.820251] I2O Block Device OSM v1.325
[    4.820392] I2O SCSI Peripheral OSM v1.316
[    4.820499] I2O ProcFS OSM v1.316
[    4.820594] Fusion MPT base driver 3.04.12
[    4.820680] Copyright (c) 1999-2008 LSI Corporation
[    4.820763] Fusion MPT SPI Host driver 3.04.12
[    4.820862] Fusion MPT FC Host driver 3.04.12
[    4.820965] Fusion MPT SAS Host driver 3.04.12
[    4.821168] ohci1394 0000:15:00.1: PCI INT B -> GSI 17 (level, low) -> IRQ 17
[    4.821263] ohci1394 0000:15:00.1: setting latency timer to 64
[    4.875041] ohci1394: fw-host0: OHCI-1394 1.1 (PCI): IRQ=[17]  MMIO=[f8301000-f83017ff]  Max Packet=[2048]  IR/IT contexts=[4/4]
[    4.878300] ehci_hcd: USB 2.0 'Enhanced' Host Controller (EHCI) Driver
[    4.878568] ehci_hcd 0000:00:1a.7: power state changed by ACPI to D0
[    4.878809] ehci_hcd 0000:00:1a.7: power state changed by ACPI to D0
[    4.878906] ehci_hcd 0000:00:1a.7: PCI INT C -> GSI 22 (level, low) -> IRQ 22
[    4.879000] ehci_hcd 0000:00:1a.7: setting latency timer to 64
[    4.879003] ehci_hcd 0000:00:1a.7: EHCI Host Controller
[    4.879136] ehci_hcd 0000:00:1a.7: new USB bus registered, assigned bus number 1
[    4.883164] ehci_hcd 0000:00:1a.7: cache line size of 32 is not supported
[    4.883173] ehci_hcd 0000:00:1a.7: irq 22, io mem 0xfe226c00
[    4.892998] ehci_hcd 0000:00:1a.7: USB 2.0 started, EHCI 1.00
[    4.893107] usb usb1: New USB device found, idVendor=1d6b, idProduct=0002
[    4.893204] usb usb1: New USB device strings: Mfr=3, Product=2, SerialNumber=1
[    4.893333] usb usb1: Product: EHCI Host Controller
[    4.893416] usb usb1: Manufacturer: Linux 2.6.32.57 ehci_hcd
[    4.893503] usb usb1: SerialNumber: 0000:00:1a.7
[    4.893638] usb usb1: configuration #1 chosen from 1 choice
[    4.893769] hub 1-0:1.0: USB hub found
[    4.893853] hub 1-0:1.0: 4 ports detected
[    4.894159] ehci_hcd 0000:00:1d.7: power state changed by ACPI to D0
[    4.894392] ehci_hcd 0000:00:1d.7: power state changed by ACPI to D0
[    4.894489] ehci_hcd 0000:00:1d.7: PCI INT D -> GSI 19 (level, low) -> IRQ 19
[    4.894581] ehci_hcd 0000:00:1d.7: setting latency timer to 64
[    4.894586] ehci_hcd 0000:00:1d.7: EHCI Host Controller
[    4.894712] ehci_hcd 0000:00:1d.7: new USB bus registered, assigned bus number 2
[    4.894872] ehci_hcd 0000:00:1d.7: debug port 1
[    4.898851] ehci_hcd 0000:00:1d.7: cache line size of 32 is not supported
[    4.898860] ehci_hcd 0000:00:1d.7: irq 19, io mem 0xfe227000
[    4.908996] ehci_hcd 0000:00:1d.7: USB 2.0 started, EHCI 1.00
[    4.909103] usb usb2: New USB device found, idVendor=1d6b, idProduct=0002
[    4.909190] usb usb2: New USB device strings: Mfr=3, Product=2, SerialNumber=1
[    4.909313] usb usb2: Product: EHCI Host Controller
[    4.909411] usb usb2: Manufacturer: Linux 2.6.32.57 ehci_hcd
[    4.909492] usb usb2: SerialNumber: 0000:00:1d.7
[    4.909634] usb usb2: configuration #1 chosen from 1 choice
[    4.909746] hub 2-0:1.0: USB hub found
[    4.909834] hub 2-0:1.0: 6 ports detected
[    4.910009] 116x: driver isp116x-hcd, 03 Nov 2005
[    4.910108] ohci_hcd: USB 1.1 'Open' Host Controller (OHCI) Driver
[    4.910211] uhci_hcd: USB Universal Host Controller Interface driver
[    4.910310] uhci_hcd 0000:00:1a.0: PCI INT A -> GSI 20 (level, low) -> IRQ 20
[    4.910402] uhci_hcd 0000:00:1a.0: setting latency timer to 64
[    4.910405] uhci_hcd 0000:00:1a.0: UHCI Host Controller
[    4.910522] uhci_hcd 0000:00:1a.0: new USB bus registered, assigned bus number 3
[    4.910672] uhci_hcd 0000:00:1a.0: irq 20, io base 0x00001860
[    4.910781] usb usb3: New USB device found, idVendor=1d6b, idProduct=0001
[    4.910864] usb usb3: New USB device strings: Mfr=3, Product=2, SerialNumber=1
[    4.910981] usb usb3: Product: UHCI Host Controller
[    4.911072] usb usb3: Manufacturer: Linux 2.6.32.57 uhci_hcd
[    4.911152] usb usb3: SerialNumber: 0000:00:1a.0
[    4.911286] usb usb3: configuration #1 chosen from 1 choice
[    4.911394] hub 3-0:1.0: USB hub found
[    4.911480] hub 3-0:1.0: 2 ports detected
[    4.911774] uhci_hcd 0000:00:1a.1: power state changed by ACPI to D0
[    4.912026] uhci_hcd 0000:00:1a.1: power state changed by ACPI to D0
[    4.912113] uhci_hcd 0000:00:1a.1: PCI INT B -> GSI 21 (level, low) -> IRQ 21
[    4.912200] uhci_hcd 0000:00:1a.1: setting latency timer to 64
[    4.912205] uhci_hcd 0000:00:1a.1: UHCI Host Controller
[    4.912332] uhci_hcd 0000:00:1a.1: new USB bus registered, assigned bus number 4
[    4.912479] uhci_hcd 0000:00:1a.1: irq 21, io base 0x00001880
[    4.912597] usb usb4: New USB device found, idVendor=1d6b, idProduct=0001
[    4.912682] usb usb4: New USB device strings: Mfr=3, Product=2, SerialNumber=1
[    4.912804] usb usb4: Product: UHCI Host Controller
[    4.912883] usb usb4: Manufacturer: Linux 2.6.32.57 uhci_hcd
[    4.912970] usb usb4: SerialNumber: 0000:00:1a.1
[    4.913110] usb usb4: configuration #1 chosen from 1 choice
[    4.913218] hub 4-0:1.0: USB hub found
[    4.913299] hub 4-0:1.0: 2 ports detected
[    4.913588] uhci_hcd 0000:00:1d.0: power state changed by ACPI to D0
[    4.913838] uhci_hcd 0000:00:1d.0: power state changed by ACPI to D0
[    4.913923] uhci_hcd 0000:00:1d.0: PCI INT A -> GSI 16 (level, low) -> IRQ 16
[    4.914019] uhci_hcd 0000:00:1d.0: setting latency timer to 64
[    4.914023] uhci_hcd 0000:00:1d.0: UHCI Host Controller
[    4.914150] uhci_hcd 0000:00:1d.0: new USB bus registered, assigned bus number 5
[    4.914292] uhci_hcd 0000:00:1d.0: irq 16, io base 0x000018a0
[    4.914396] usb usb5: New USB device found, idVendor=1d6b, idProduct=0001
[    4.914478] usb usb5: New USB device strings: Mfr=3, Product=2, SerialNumber=1
[    4.914595] usb usb5: Product: UHCI Host Controller
[    4.914674] usb usb5: Manufacturer: Linux 2.6.32.57 uhci_hcd
[    4.914758] usb usb5: SerialNumber: 0000:00:1d.0
[    4.914896] usb usb5: configuration #1 chosen from 1 choice
[    4.915013] hub 5-0:1.0: USB hub found
[    4.915098] hub 5-0:1.0: 2 ports detected
[    4.915237] uhci_hcd 0000:00:1d.1: PCI INT B -> GSI 17 (level, low) -> IRQ 17
[    4.915333] uhci_hcd 0000:00:1d.1: setting latency timer to 64
[    4.915338] uhci_hcd 0000:00:1d.1: UHCI Host Controller
[    4.915458] uhci_hcd 0000:00:1d.1: new USB bus registered, assigned bus number 6
[    4.915595] uhci_hcd 0000:00:1d.1: irq 17, io base 0x000018c0
[    4.915706] usb usb6: New USB device found, idVendor=1d6b, idProduct=0001
[    4.915790] usb usb6: New USB device strings: Mfr=3, Product=2, SerialNumber=1
[    4.915908] usb usb6: Product: UHCI Host Controller
[    4.915994] usb usb6: Manufacturer: Linux 2.6.32.57 uhci_hcd
[    4.916078] usb usb6: SerialNumber: 0000:00:1d.1
[    4.916213] usb usb6: configuration #1 chosen from 1 choice
[    4.916325] hub 6-0:1.0: USB hub found
[    4.916407] hub 6-0:1.0: 2 ports detected
[    4.916693] uhci_hcd 0000:00:1d.2: power state changed by ACPI to D0
[    4.916932] uhci_hcd 0000:00:1d.2: power state changed by ACPI to D0
[    4.917029] uhci_hcd 0000:00:1d.2: PCI INT C -> GSI 18 (level, low) -> IRQ 18
[    4.917124] uhci_hcd 0000:00:1d.2: setting latency timer to 64
[    4.917129] uhci_hcd 0000:00:1d.2: UHCI Host Controller
[    4.917260] uhci_hcd 0000:00:1d.2: new USB bus registered, assigned bus number 7
[    4.917409] uhci_hcd 0000:00:1d.2: irq 18, io base 0x000018e0
[    4.917515] usb usb7: New USB device found, idVendor=1d6b, idProduct=0001
[    4.917602] usb usb7: New USB device strings: Mfr=3, Product=2, SerialNumber=1
[    4.917715] usb usb7: Product: UHCI Host Controller
[    4.917793] usb usb7: Manufacturer: Linux 2.6.32.57 uhci_hcd
[    4.917874] usb usb7: SerialNumber: 0000:00:1d.2
[    4.918664] usb usb7: configuration #1 chosen from 1 choice
[    4.918779] hub 7-0:1.0: USB hub found
[    4.918864] hub 7-0:1.0: 2 ports detected
[    4.919020] sl811: driver sl811-hcd, 19 May 2005
[    4.919116] r8a66597_hcd: driver r8a66597_hcd, 2009-05-26
[    4.919286] Initializing USB Mass Storage driver...
[    4.919406] usbcore: registered new interface driver usb-storage
[    4.919495] USB Mass Storage support registered.
[    4.919593] usbcore: registered new interface driver ums-alauda
[    4.919697] usbcore: registered new interface driver ums-cypress
[    4.919796] usbcore: registered new interface driver ums-datafab
[    4.919900] usbcore: registered new interface driver ums-freecom
[    4.920013] usbcore: registered new interface driver ums-isd200
[    4.920125] usbcore: registered new interface driver ums-jumpshot
[    4.920225] usbcore: registered new interface driver ums-karma
[    4.920330] usbcore: registered new interface driver ums-onetouch
[    4.920430] usbcore: registered new interface driver ums-sddr09
[    4.920536] usbcore: registered new interface driver ums-sddr55
[    4.920643] usbcore: registered new interface driver ums-usbat
[    4.920781] PNP: PS/2 Controller [PNP0303:KBD,PNP0f13:MOU] at 0x60,0x64 irq 1,12
[    4.929919] serio: i8042 KBD port at 0x60,0x64 irq 1
[    4.930003] serio: i8042 AUX port at 0x60,0x64 irq 12
[    4.930240] mice: PS/2 mouse device common for all mice
[    4.930349] i2c /dev entries driver
[    4.930471] md: linear personality registered for level -1
[    4.930555] md: raid0 personality registered for level 0
[    4.930636] md: raid1 personality registered for level 1
[    4.930715] md: raid10 personality registered for level 10
[    4.930807] md: raid6 personality registered for level 6
[    4.930887] md: raid5 personality registered for level 5
[    4.930979] md: raid4 personality registered for level 4
[    4.931083] md: multipath personality registered for level -4
[    4.931273] device-mapper: ioctl: 4.15.0-ioctl (2009-04-01) initialised: dm-devel@redhat.com
[    4.931469] cpuidle: using governor ladder
[    4.932068] usbcore: registered new interface driver usbhid
[    4.932151] usbhid: v2.6:USB HID core driver
[    4.932295] random 0000 0000 0000 00000000 00000000: rand_read_num 4 get_random_bytes(136): sig 00000000 00000000 00000000
[    4.932297] random 0000 0000 0000 00000000 00000000: extract_entropy(.. 136 ..)
[    4.932300] random 0000 0000 0000 00000000 00000000: going to reseed nonblocking with 1024 bits (1088 of 0 requested)
[    4.932302] random 0000 0000 0000 00000000 00000000: extract_entropy(.. 128 ..)
[    4.932305] random 0000 0000 0000 00000000 00000000: trying to extract 1024 bits from input
[    4.932307] random 0000 0000 0000 00000000 00000000: debiting 0 entropy credits from input
[    4.932308] random 0000 0000 0000 00000000 00000000: extract_entropy account returned: 0 
[    4.932311] random 0000 0000 0000 00000000 00000000: urand_change_num 7 xfer_secondary_pool(136): pool_sig 00000000, data_sig 00000000, bytes_mixed 0 00000000 00000000
[    4.932314] random 0000 0000 0000 00000000 00000000: trying to extract 1088 bits from nonblocking
[    4.932317] random 0000 0000 0000 00000000 00000000: debiting 1088 entropy credits from nonblocking (unlimited)
[    4.932319] random 0000 0000 0000 00000000 00000000: extract_entropy account returned: 136 
[    4.932323] random 0000 0000 0000 00000000 00000000: urand_change_num 8 extract_buf: pool_sig 00000000, data_sig fffffff9, bytes_mixed 20 00000000 00000000
[    4.932329] random 0000 0000 0000 b7c35b56 be4dc95d: urand_change_num 9 extract_buf: pool_sig fffffd1e, data_sig 000000c5, bytes_mixed 20 b7c35b56 be4dc95d
[    4.932334] random 0000 0000 0000 ed9f5c47 c48487fb: urand_change_num 10 extract_buf: pool_sig fffff8ec, data_sig ffffff68, bytes_mixed 20 ed9f5c47 c48487fb
[    4.932339] random 0000 0000 0000 ed9f5c47 c48487fb: urand_change_num 11 extract_buf: pool_sig fffffaed, data_sig 000001aa, bytes_mixed 20 ed9f5c47 c48487fb
[    4.932345] random 0000 0000 0000 1b4f7c0a 91bd6a48: urand_change_num 12 extract_buf: pool_sig fffffdd8, data_sig 00000064, bytes_mixed 20 1b4f7c0a 91bd6a48
[    4.932350] random 0000 0000 0000 a254b9bc 20e9a24f: urand_change_num 13 extract_buf: pool_sig fffffbe6, data_sig 000001dd, bytes_mixed 20 a254b9bc 20e9a24f
[    4.932355] random 0000 0000 0000 a254b9bc 20e9a24f: urand_change_num 14 extract_buf: pool_sig fffff940, data_sig fffffe20, bytes_mixed 20 a254b9bc 20e9a24f
[    4.932360] random 0000 0000 0000 2831a66b 5fa2a3ad: urand_change_num 15 extract_buf: pool_sig fffffbce, data_sig 0000007e, bytes_mixed 20 2831a66b 5fa2a3ad
[    4.932365] random 0000 0000 0000 2831a66b 5fa2a3ad: urand_change_num 16 extract_buf: pool_sig 000004df, data_sig fffffe8f, bytes_mixed 20 2831a66b 5fa2a3ad
[    4.932370] random 0000 0000 0000 d4512bfd c9a54e0b: urand_change_num 17 extract_buf: pool_sig 00000485, data_sig fffffe68, bytes_mixed 20 d4512bfd c9a54e0b
[    4.932376] random 0000 0000 0000 c7371be6 f9ffea11: urand_change_num 18 extract_buf: pool_sig 00000095, data_sig ffffffed, bytes_mixed 20 c7371be6 f9ffea11
[    4.932381] random 0000 0000 0000 c7371be6 f9ffea11: urand_change_num 19 extract_buf: pool_sig 000003a7, data_sig fffffefa, bytes_mixed 20 c7371be6 f9ffea11
[    4.932386] random 0000 0000 0000 8fb4b62c d1ddba54: urand_change_num 20 extract_buf: pool_sig 00000179, data_sig ffffff78, bytes_mixed 20 8fb4b62c d1ddba54
[    4.932391] random 0000 0000 0000 9ff19f9c c07a1d2a: urand_change_num 21 extract_buf: pool_sig fffffe88, data_sig 00000126, bytes_mixed 20 9ff19f9c c07a1d2a
[    4.932395] TCP cubic registered
[    4.932473] Initializing XFRM netlink socket
[    4.932558] NET: Registered protocol family 17
[    4.932650] Using IPI Shortcut mode
[    4.932732] random 0000 0000 0000 9ff19f9c c07a1d2a: rand_read_num 5 get_random_bytes(8): sig 0000031b 9ff19f9c c07a1d2a
[    4.932734] random 0000 0000 0000 9ff19f9c c07a1d2a: extract_entropy(.. 8 ..)
[    4.932737] random 0000 0000 0000 9ff19f9c c07a1d2a: going to reseed nonblocking with 64 bits (64 of 0 requested)
[    4.932739] random 0000 0000 0000 9ff19f9c c07a1d2a: extract_entropy(.. 8 ..)
[    4.932741] random 0000 0000 0000 9ff19f9c c07a1d2a: trying to extract 64 bits from input
[    4.932743] random 0000 0000 0000 9ff19f9c c07a1d2a: debiting 0 entropy credits from input
[    4.932745] random 0000 0000 0000 9ff19f9c c07a1d2a: extract_entropy account returned: 0 
[    4.932748] random 0000 0000 0000 9ff19f9c c07a1d2a: urand_change_num 22 xfer_secondary_pool(8): pool_sig 0000031b, data_sig 00000000, bytes_mixed 0 9ff19f9c c07a1d2a
[    4.932751] random 0000 0000 0000 9ff19f9c c07a1d2a: trying to extract 64 bits from nonblocking
[    4.932753] random 0000 0000 0000 9ff19f9c c07a1d2a: debiting 64 entropy credits from nonblocking (unlimited)
[    4.932755] random 0000 0000 0000 9ff19f9c c07a1d2a: extract_entropy account returned: 8 
[    4.932759] random 0000 0000 0000 9ff19f9c c07a1d2a: urand_change_num 23 extract_buf: pool_sig 0000031b, data_sig ffffffb3, bytes_mixed 20 9ff19f9c c07a1d2a
[    4.936111] input: AT Translated Set 2 keyboard as /devices/platform/i8042/serio0/input/input1
[    5.123967] ata3: SATA link down (SStatus 0 SControl 300)
[    5.124078] ata1: SATA link up 1.5 Gbps (SStatus 113 SControl 300)
[    5.126001] ata1.00: ACPI cmd ef/02:00:00:00:00:a0 (SET FEATURES) succeeded
[    5.126004] ata1.00: ACPI cmd f5/00:00:00:00:00:a0 (SECURITY FREEZE LOCK) filtered out
[    5.127392] ata1.00: ACPI cmd ef/5f:00:00:00:00:a0 (SET FEATURES) succeeded
[    5.127395] ata1.00: ACPI cmd ef/10:03:00:00:00:a0 (SET FEATURES) filtered out
[    5.129303] ata1.00: ATA-7: ST910021AS, 4.06, max UDMA/100
[    5.129395] ata1.00: 195371568 sectors, multi 16: LBA48 
[    5.131542] ata1.00: ACPI cmd ef/02:00:00:00:00:a0 (SET FEATURES) succeeded
[    5.131545] ata1.00: ACPI cmd f5/00:00:00:00:00:a0 (SECURITY FREEZE LOCK) filtered out
[    5.132937] ata1.00: ACPI cmd ef/5f:00:00:00:00:a0 (SET FEATURES) succeeded
[    5.132939] ata1.00: ACPI cmd ef/10:03:00:00:00:a0 (SET FEATURES) filtered out
[    5.134863] ata1.00: configured for UDMA/100
[    5.146017] scsi 2:0:0:0: Direct-Access     ATA      ST910021AS       4.06 PQ: 0 ANSI: 5
[    5.146292] sd 2:0:0:0: [sda] 195371568 512-byte logical blocks: (100 GB/93.1 GiB)
[    5.146434] sd 2:0:0:0: [sda] Write Protect is off
[    5.146514] sd 2:0:0:0: [sda] Mode Sense: 00 3a 00 00
[    5.146526] sd 2:0:0:0: [sda] Write cache: enabled, read cache: enabled, doesn't support DPO or FUA
[    5.146710]  sda:
[    5.210942] usb 2-1: new high speed USB device using ehci_hcd and address 2
[    5.360192] usb 2-1: New USB device found, idVendor=0e8d, idProduct=1806
[    5.360273] usb 2-1: New USB device strings: Mfr=1, Product=2, SerialNumber=3
[    5.360358] usb 2-1: Product: MT1806 
[    5.360438] usb 2-1: Manufacturer: MediaTek Inc
[    5.360521] usb 2-1: SerialNumber: R8KN6GAC800AEB 
[    5.360657] usb 2-1: configuration #1 chosen from 1 choice
[    5.366982] scsi5 : SCSI emulation for USB Mass Storage devices
[    5.367144] usb-storage: device found at 2
[    5.367146] usb-storage: waiting for device to settle before scanning
[    5.571033]  sda1 sda2
[    5.571754] sd 2:0:0:0: [sda] Attached SCSI disk
[    5.571851] random 0000 0000 0000 277f73c3 42024bb9: rand_read_num 6 get_random_bytes(12): sig 000007e9 277f73c3 42024bb9
[    5.571854] random 0000 0000 0000 277f73c3 42024bb9: extract_entropy(.. 12 ..)
[    5.571856] random 0000 0000 0000 277f73c3 42024bb9: going to reseed nonblocking with 96 bits (96 of 0 requested)
[    5.571858] random 0000 0000 0000 277f73c3 42024bb9: extract_entropy(.. 12 ..)
[    5.571860] random 0000 0000 0000 277f73c3 42024bb9: trying to extract 96 bits from input
[    5.571862] random 0000 0000 0000 277f73c3 42024bb9: debiting 0 entropy credits from input
[    5.571864] random 0000 0000 0000 277f73c3 42024bb9: extract_entropy account returned: 0 
[    5.571871] random 0000 0000 0000 277f73c3 42024bb9: urand_change_num 24 xfer_secondary_pool(12): pool_sig 000007e9, data_sig 00000000, bytes_mixed 0 277f73c3 42024bb9
[    5.571874] random 0000 0000 0000 277f73c3 42024bb9: trying to extract 96 bits from nonblocking
[    5.571876] random 0000 0000 0000 277f73c3 42024bb9: debiting 96 entropy credits from nonblocking (unlimited)
[    5.571878] random 0000 0000 0000 277f73c3 42024bb9: extract_entropy account returned: 12 
[    5.571883] random 0000 0000 0000 277f73c3 42024bb9: urand_change_num 25 extract_buf: pool_sig 000007e9, data_sig 00000088, bytes_mixed 20 277f73c3 42024bb9
[    5.571888] random 0000 0000 0000 277f73c3 42024bb9: urand_change_num 26 extract_buf: pool_sig 00000498, data_sig fffffefb, bytes_mixed 20 277f73c3 42024bb9
[    5.571891] RANDOM - __seed init called.
[    5.571892] RANDOM - __seed init called.
[    5.571893] RANDOM - __seed init called.
[    5.571895] RANDOM - __random32 called. Change num 12.  Value: 87f14767	f0d7351	b1e48bd3
[    5.571896] RANDOM - random32_reseed called.  Value: 87f14767	f0d7351	b1e48bd3
[    5.571899] Pid: 1, comm: swapper Not tainted 2.6.32.57 #3
[    5.571980] Call Trace:
[    5.572062]  [<c1923ca4>] ? random32_reseed+0xa0/0xb1
[    5.572153]  [<c1923c04>] ? random32_reseed+0x0/0xb1
[    5.572246]  [<c100111e>] ? do_one_initcall+0x2e/0x180
[    5.572327]  [<c1907265>] ? kernel_init+0xad/0x103
[    5.572415]  [<c19071b8>] ? kernel_init+0x0/0x103
[    5.572495]  [<c1003787>] ? kernel_thread_helper+0x7/0x10
[    5.573027] random 0000 0000 0000 386b4e60 ee4d4880: rand_read_num 7 get_random_bytes(64): sig fffffea5 386b4e60 ee4d4880
[    5.573029] random 0000 0000 0000 386b4e60 ee4d4880: extract_entropy(.. 64 ..)
[    5.573032] random 0000 0000 0000 386b4e60 ee4d4880: going to reseed nonblocking with 512 bits (512 of 0 requested)
[    5.573034] random 0000 0000 0000 386b4e60 ee4d4880: extract_entropy(.. 64 ..)
[    5.573036] random 0000 0000 0000 386b4e60 ee4d4880: trying to extract 512 bits from input
[    5.573038] random 0000 0000 0000 386b4e60 ee4d4880: debiting 0 entropy credits from input
[    5.573040] random 0000 0000 0000 386b4e60 ee4d4880: extract_entropy account returned: 0 
[    5.573043] random 0000 0000 0000 386b4e60 ee4d4880: urand_change_num 27 xfer_secondary_pool(64): pool_sig fffffea5, data_sig 00000000, bytes_mixed 0 386b4e60 ee4d4880
[    5.573046] random 0000 0000 0000 386b4e60 ee4d4880: trying to extract 512 bits from nonblocking
[    5.573048] random 0000 0000 0000 386b4e60 ee4d4880: debiting 512 entropy credits from nonblocking (unlimited)
[    5.573050] random 0000 0000 0000 386b4e60 ee4d4880: extract_entropy account returned: 64 
[    5.573054] random 0000 0000 0000 386b4e60 ee4d4880: urand_change_num 28 extract_buf: pool_sig fffffea5, data_sig 00000173, bytes_mixed 20 386b4e60 ee4d4880
[    5.573059] random 0000 0000 0000 412698f6 0cc8689a: urand_change_num 29 extract_buf: pool_sig 00000122, data_sig ffffff63, bytes_mixed 20 412698f6 0cc8689a
[    5.573065] random 0000 0000 0000 412698f6 0cc8689a: urand_change_num 30 extract_buf: pool_sig 000001f7, data_sig 00000012, bytes_mixed 20 412698f6 0cc8689a
[    5.573070] random 0000 0000 0000 9669941e 06f768b1: urand_change_num 31 extract_buf: pool_sig fffffb5b, data_sig 0000003f, bytes_mixed 20 9669941e 06f768b1
[    5.573075] random 0000 0000 0000 98486520 995551f0: urand_change_num 32 extract_buf: pool_sig fffffb39, data_sig 0000000e, bytes_mixed 20 98486520 995551f0
[    5.573080] random 0000 0000 0000 98486520 995551f0: urand_change_num 33 extract_buf: pool_sig fffffd8d, data_sig 000001a6, bytes_mixed 20 98486520 995551f0
[    5.573086] random 0000 0000 0000 61fc8914 d5882ed2: urand_change_num 34 extract_buf: pool_sig fffffa58, data_sig 0000023e, bytes_mixed 20 61fc8914 d5882ed2
[    5.573115] random 0000 0000 0000 61fc8914 d5882ed2: rand_read_num 8 get_random_bytes(64): sig fffff9ee 61fc8914 d5882ed2
[    5.573117] random 0000 0000 0000 61fc8914 d5882ed2: extract_entropy(.. 64 ..)
[    5.573119] random 0000 0000 0000 61fc8914 d5882ed2: going to reseed nonblocking with 512 bits (512 of 0 requested)
[    5.573122] random 0000 0000 0000 61fc8914 d5882ed2: extract_entropy(.. 64 ..)
[    5.573124] random 0000 0000 0000 61fc8914 d5882ed2: trying to extract 512 bits from input
[    5.573126] random 0000 0000 0000 61fc8914 d5882ed2: debiting 0 entropy credits from input
[    5.573128] random 0000 0000 0000 61fc8914 d5882ed2: extract_entropy account returned: 0 
[    5.573131] random 0000 0000 0000 61fc8914 d5882ed2: urand_change_num 35 xfer_secondary_pool(64): pool_sig fffff9ee, data_sig 00000000, bytes_mixed 0 61fc8914 d5882ed2
[    5.573133] random 0000 0000 0000 61fc8914 d5882ed2: trying to extract 512 bits from nonblocking
[    5.573136] random 0000 0000 0000 61fc8914 d5882ed2: debiting 512 entropy credits from nonblocking (unlimited)
[    5.573138] random 0000 0000 0000 61fc8914 d5882ed2: extract_entropy account returned: 64 
[    5.573142] random 0000 0000 0000 61fc8914 d5882ed2: urand_change_num 36 extract_buf: pool_sig fffff9ee, data_sig ffffff85, bytes_mixed 20 61fc8914 d5882ed2
[    5.573147] random 0000 0000 0000 70cfd302 e5edec11: urand_change_num 37 extract_buf: pool_sig fffffdc1, data_sig ffffffde, bytes_mixed 20 70cfd302 e5edec11
[    5.573153] random 0000 0000 0000 00dab838 eafd2b30: urand_change_num 38 extract_buf: pool_sig 000003da, data_sig ffffff61, bytes_mixed 20 00dab838 eafd2b30
[    5.573158] random 0000 0000 0000 00dab838 eafd2b30: urand_change_num 39 extract_buf: pool_sig 00000314, data_sig 00000121, bytes_mixed 20 00dab838 eafd2b30
[    5.573163] random 0000 0000 0000 5fcdf66a 6442b608: urand_change_num 40 extract_buf: pool_sig 0000028b, data_sig fffffefd, bytes_mixed 20 5fcdf66a 6442b608
[    5.573168] random 0000 0000 0000 61333f6b 8fae0f9b: urand_change_num 41 extract_buf: pool_sig 000000cb, data_sig 000000b3, bytes_mixed 20 61333f6b 8fae0f9b
[    5.573173] random 0000 0000 0000 61333f6b 8fae0f9b: urand_change_num 42 extract_buf: pool_sig fffffef8, data_sig 00000051, bytes_mixed 20 61333f6b 8fae0f9b
[    5.573176] BEGIN NET_SECRET:
[    5.573177] \xffffffe0
[    5.573178] \xffffffb6
[    5.573179] \x36
[    5.573180] \xffffffb5
[    5.573181] \xffffff94
[    5.573181] \xffffffb2
[    5.573182] \xffffffa8
[    5.573183] \xffffffda
[    5.573184] \x5b
[    5.573185] \x19
[    5.573185] \x18
[    5.573186] \x5c
[    5.573187] \x2b
[    5.573187] \x1
[    5.573188] \xffffff90
[    5.573189] \x19
[    5.573190] \x3c
[    5.573190] \xfffffff2
[    5.573191] \xffffff82
[    5.573192] \x2a
[    5.573193] \xffffffb3
[    5.573194] \xffffffa2
[    5.573194] \x3f
[    5.573195] \x5
[    5.573196] \x52
[    5.573197] \x77
[    5.573197] \x57
[    5.573198] \x79
[    5.573199] \x16
[    5.573199] \x43
[    5.573200] \xffffff84
[    5.573201] \xffffffc3
[    5.573202] \xffffffe9
[    5.573202] \x79
[    5.573203] \x50
[    5.573204] \xffffff8e
[    5.573205] \x3f
[    5.573205] \xfffffff3
[    5.573206] \x19
[    5.573207] \x2a
[    5.573208] \xfffffffd
[    5.573208] \xfffffffb
[    5.573209] \x62
[    5.573210] \x3c
[    5.573211] \xffffffac
[    5.573211] \x1c
[    5.573212] \x3b
[    5.573213] \x3b
[    5.573214] \x15
[    5.573214] \x27
[    5.573215] \xffffffa8
[    5.573216] \x22
[    5.573217] \xffffffc5
[    5.573217] \xffffff9a
[    5.573218] \x5
[    5.573219] \x6c
[    5.573220] \xffffffa8
[    5.573220] \x3a
[    5.573221] \x44
[    5.573222] \xffffffaf
[    5.573222] \x13
[    5.573223] \xffffffe0
[    5.573224] \xffffff9d
[    5.573225] \x22
[    5.573226] 
[    5.573226] END NET_SECRET
[    5.573229] random 0000 0000 0000 e7f555d9 e8ce5c3c: rand_read_num 9 get_random_bytes(4): sig 0000068c e7f555d9 e8ce5c3c
[    5.573231] random 0000 0000 0000 e7f555d9 e8ce5c3c: extract_entropy(.. 4 ..)
[    5.573233] random 0000 0000 0000 e7f555d9 e8ce5c3c: going to reseed nonblocking with 64 bits (32 of 0 requested)
[    5.573235] random 0000 0000 0000 e7f555d9 e8ce5c3c: extract_entropy(.. 8 ..)
[    5.573237] random 0000 0000 0000 e7f555d9 e8ce5c3c: trying to extract 64 bits from input
[    5.573239] random 0000 0000 0000 e7f555d9 e8ce5c3c: debiting 0 entropy credits from input
[    5.573241] random 0000 0000 0000 e7f555d9 e8ce5c3c: extract_entropy account returned: 0 
[    5.573244] random 0000 0000 0000 e7f555d9 e8ce5c3c: urand_change_num 43 xfer_secondary_pool(4): pool_sig 0000068c, data_sig 00000000, bytes_mixed 0 e7f555d9 e8ce5c3c
[    5.573247] random 0000 0000 0000 e7f555d9 e8ce5c3c: trying to extract 32 bits from nonblocking
[    5.573249] random 0000 0000 0000 e7f555d9 e8ce5c3c: debiting 32 entropy credits from nonblocking (unlimited)
[    5.573251] random 0000 0000 0000 e7f555d9 e8ce5c3c: extract_entropy account returned: 4 
[    5.573255] random 0000 0000 0000 e7f555d9 e8ce5c3c: urand_change_num 44 extract_buf: pool_sig 0000068c, data_sig fffffdcb, bytes_mixed 20 e7f555d9 e8ce5c3c
[    5.573267] md: Waiting for all devices to be available before autodetect
[    5.573349] md: If you don't use raid, use raid=noautodetect
[    5.573516] md: Autodetecting RAID arrays.
[    5.573599] md: Scanned 0 and added 0 devices.
[    5.573677] md: autorun ...
[    5.573757] md: ... autorun DONE.
[    5.603773] EXT3-fs: sda2: couldn't mount because of unsupported optional features (240).
[    5.604003] EXT2-fs: sda2: couldn't mount because of unsupported optional features (240).
[    5.605283] random 0000 0000 0000 e7f555d9 e8ce5c3c: rand_read_num 10 get_random_bytes(4): sig ffffff72 e7f555d9 e8ce5c3c
[    5.605286] random 0000 0000 0000 e7f555d9 e8ce5c3c: extract_entropy(.. 4 ..)
[    5.605288] random 0000 0000 0000 e7f555d9 e8ce5c3c: going to reseed nonblocking with 64 bits (32 of 0 requested)
[    5.605291] random 0000 0000 0000 e7f555d9 e8ce5c3c: extract_entropy(.. 8 ..)
[    5.605293] random 0000 0000 0000 e7f555d9 e8ce5c3c: trying to extract 64 bits from input
[    5.605295] random 0000 0000 0000 e7f555d9 e8ce5c3c: debiting 0 entropy credits from input
[    5.605297] random 0000 0000 0000 e7f555d9 e8ce5c3c: extract_entropy account returned: 0 
[    5.605300] random 0000 0000 0000 e7f555d9 e8ce5c3c: urand_change_num 45 xfer_secondary_pool(4): pool_sig ffffff72, data_sig 00000000, bytes_mixed 0 e7f555d9 e8ce5c3c
[    5.605303] random 0000 0000 0000 e7f555d9 e8ce5c3c: trying to extract 32 bits from nonblocking
[    5.605305] random 0000 0000 0000 e7f555d9 e8ce5c3c: debiting 32 entropy credits from nonblocking (unlimited)
[    5.605307] random 0000 0000 0000 e7f555d9 e8ce5c3c: extract_entropy account returned: 4 
[    5.605311] random 0000 0000 0000 e7f555d9 e8ce5c3c: urand_change_num 46 extract_buf: pool_sig ffffff72, data_sig ffffff72, bytes_mixed 20 e7f555d9 e8ce5c3c
[    5.633429] EXT4-fs (sda2): mounted filesystem with ordered data mode
[    5.633623] VFS: Mounted root (ext4 filesystem) readonly on device 8:2.
[    5.633723] Freeing unused kernel memory: 448k freed
[    5.704094] random 0000 0000 0000 91716c54 eeb6a1e7: rand_read_num 11 get_random_bytes(16): sig fffffcad 91716c54 eeb6a1e7
[    5.704096] random 0000 0000 0000 91716c54 eeb6a1e7: extract_entropy(.. 16 ..)
[    5.704099] random 0000 0000 0000 91716c54 eeb6a1e7: going to reseed nonblocking with 128 bits (128 of 0 requested)
[    5.704101] random 0000 0000 0000 91716c54 eeb6a1e7: extract_entropy(.. 16 ..)
[    5.704103] random 0000 0000 0000 91716c54 eeb6a1e7: trying to extract 128 bits from input
[    5.704105] random 0000 0000 0000 91716c54 eeb6a1e7: debiting 0 entropy credits from input
[    5.704107] random 0000 0000 0000 91716c54 eeb6a1e7: extract_entropy account returned: 0 
[    5.704110] random 0000 0000 0000 91716c54 eeb6a1e7: urand_change_num 47 xfer_secondary_pool(16): pool_sig fffffcad, data_sig 00000000, bytes_mixed 0 91716c54 eeb6a1e7
[    5.704113] random 0000 0000 0000 91716c54 eeb6a1e7: trying to extract 128 bits from nonblocking
[    5.704115] random 0000 0000 0000 91716c54 eeb6a1e7: debiting 128 entropy credits from nonblocking (unlimited)
[    5.704118] random 0000 0000 0000 91716c54 eeb6a1e7: extract_entropy account returned: 16 
[    5.704122] random 0000 0000 0000 91716c54 eeb6a1e7: urand_change_num 48 extract_buf: pool_sig fffffcad, data_sig ffffff19, bytes_mixed 20 91716c54 eeb6a1e7
[    5.704127] random 0000 0000 0000 fd637b06 6cf47bc1: urand_change_num 49 extract_buf: pool_sig fffffede, data_sig ffffffc1, bytes_mixed 20 fd637b06 6cf47bc1
[    5.782504] random 0000 0000 0000 fd637b06 6cf47bc1: rand_read_num 12 get_random_bytes(16): sig 0000033b fd637b06 6cf47bc1
[    5.782506] random 0000 0000 0000 fd637b06 6cf47bc1: extract_entropy(.. 16 ..)
[    5.782509] random 0000 0000 0000 fd637b06 6cf47bc1: going to reseed nonblocking with 128 bits (128 of 0 requested)
[    5.782511] random 0000 0000 0000 fd637b06 6cf47bc1: extract_entropy(.. 16 ..)
[    5.782513] random 0000 0000 0000 fd637b06 6cf47bc1: trying to extract 128 bits from input
[    5.782516] random 0000 0000 0000 fd637b06 6cf47bc1: debiting 0 entropy credits from input
[    5.782518] random 0000 0000 0000 fd637b06 6cf47bc1: extract_entropy account returned: 0 
[    5.782521] random 0000 0000 0000 fd637b06 6cf47bc1: urand_change_num 50 xfer_secondary_pool(16): pool_sig 0000033b, data_sig 00000000, bytes_mixed 0 fd637b06 6cf47bc1
[    5.782524] random 0000 0000 0000 fd637b06 6cf47bc1: trying to extract 128 bits from nonblocking
[    5.782526] random 0000 0000 0000 fd637b06 6cf47bc1: debiting 128 entropy credits from nonblocking (unlimited)
[    5.782528] random 0000 0000 0000 fd637b06 6cf47bc1: extract_entropy account returned: 16 
[    5.782532] random 0000 0000 0000 fd637b06 6cf47bc1: urand_change_num 51 extract_buf: pool_sig 0000033b, data_sig 000000d8, bytes_mixed 20 fd637b06 6cf47bc1
[    5.782538] random 0000 0000 0000 0ec1f012 d4727ca8: urand_change_num 52 extract_buf: pool_sig fffffcf5, data_sig 00000016, bytes_mixed 20 0ec1f012 d4727ca8
[    6.154003] ieee1394: Host added: ID:BUS[0-00:1023]  GUID[00061b032a25f51c]
[    6.164691] random 0000 0000 0000 45b1d0b1 845a73f7: rand_read_num 13 get_random_bytes(16): sig 00000116 45b1d0b1 845a73f7
[    6.164694] random 0000 0000 0000 45b1d0b1 845a73f7: extract_entropy(.. 16 ..)
[    6.164696] random 0000 0000 0000 45b1d0b1 845a73f7: going to reseed nonblocking with 128 bits (128 of 0 requested)
[    6.164698] random 0000 0000 0000 45b1d0b1 845a73f7: extract_entropy(.. 16 ..)
[    6.164700] random 0000 0000 0000 45b1d0b1 845a73f7: trying to extract 128 bits from input
[    6.164703] random 0000 0000 0000 45b1d0b1 845a73f7: debiting 0 entropy credits from input
[    6.164704] random 0000 0000 0000 45b1d0b1 845a73f7: extract_entropy account returned: 0 
[    6.164708] random 0000 0000 0000 45b1d0b1 845a73f7: urand_change_num 53 xfer_secondary_pool(16): pool_sig 00000116, data_sig 00000000, bytes_mixed 0 45b1d0b1 845a73f7
[    6.164711] random 0000 0000 0000 45b1d0b1 845a73f7: trying to extract 128 bits from nonblocking
[    6.164713] random 0000 0000 0000 45b1d0b1 845a73f7: debiting 128 entropy credits from nonblocking (unlimited)
[    6.164715] random 0000 0000 0000 45b1d0b1 845a73f7: extract_entropy account returned: 16 
[    6.164719] random 0000 0000 0000 45b1d0b1 845a73f7: urand_change_num 54 extract_buf: pool_sig 00000116, data_sig fffffd8b, bytes_mixed 20 45b1d0b1 845a73f7
[    6.164725] random 0000 0000 0000 45b1d0b1 845a73f7: urand_change_num 55 extract_buf: pool_sig fffffc05, data_sig 00000109, bytes_mixed 20 45b1d0b1 845a73f7
[    6.217185] random 0000 0000 0000 5012cce3 b8a30621: rand_read_num 14 get_random_bytes(16): sig fffffb93 5012cce3 b8a30621
[    6.217188] random 0000 0000 0000 5012cce3 b8a30621: extract_entropy(.. 16 ..)
[    6.217191] random 0000 0000 0000 5012cce3 b8a30621: going to reseed nonblocking with 128 bits (128 of 0 requested)
[    6.217193] random 0000 0000 0000 5012cce3 b8a30621: extract_entropy(.. 16 ..)
[    6.217195] random 0000 0000 0000 5012cce3 b8a30621: trying to extract 128 bits from input
[    6.217197] random 0000 0000 0000 5012cce3 b8a30621: debiting 0 entropy credits from input
[    6.217199] random 0000 0000 0000 5012cce3 b8a30621: extract_entropy account returned: 0 
[    6.217202] random 0000 0000 0000 5012cce3 b8a30621: urand_change_num 56 xfer_secondary_pool(16): pool_sig fffffb93, data_sig 00000000, bytes_mixed 0 5012cce3 b8a30621
[    6.217205] random 0000 0000 0000 5012cce3 b8a30621: trying to extract 128 bits from nonblocking
[    6.217207] random 0000 0000 0000 5012cce3 b8a30621: debiting 128 entropy credits from nonblocking (unlimited)
[    6.217210] random 0000 0000 0000 5012cce3 b8a30621: extract_entropy account returned: 16 
[    6.217214] random 0000 0000 0000 5012cce3 b8a30621: urand_change_num 57 extract_buf: pool_sig fffffb93, data_sig ffffff35, bytes_mixed 20 5012cce3 b8a30621
[    6.217219] random 0000 0000 0000 5012cce3 b8a30621: urand_change_num 58 extract_buf: pool_sig fffffb9d, data_sig ffffff92, bytes_mixed 20 5012cce3 b8a30621
[    6.218577] random 0000 0000 0000 30a5721d 4b648ff6: rand_read_num 15 get_random_bytes(16): sig fffffeb5 30a5721d 4b648ff6
[    6.218580] random 0000 0000 0000 30a5721d 4b648ff6: extract_entropy(.. 16 ..)
[    6.218582] random 0000 0000 0000 30a5721d 4b648ff6: going to reseed nonblocking with 128 bits (128 of 0 requested)
[    6.218585] random 0000 0000 0000 30a5721d 4b648ff6: extract_entropy(.. 16 ..)
[    6.218587] random 0000 0000 0000 30a5721d 4b648ff6: trying to extract 128 bits from input
[    6.218589] random 0000 0000 0000 30a5721d 4b648ff6: debiting 0 entropy credits from input
[    6.218591] random 0000 0000 0000 30a5721d 4b648ff6: extract_entropy account returned: 0 
[    6.218594] random 0000 0000 0000 30a5721d 4b648ff6: urand_change_num 59 xfer_secondary_pool(16): pool_sig fffffeb5, data_sig 00000000, bytes_mixed 0 30a5721d 4b648ff6
[    6.218597] random 0000 0000 0000 30a5721d 4b648ff6: trying to extract 128 bits from nonblocking
[    6.218599] random 0000 0000 0000 30a5721d 4b648ff6: debiting 128 entropy credits from nonblocking (unlimited)
[    6.218602] random 0000 0000 0000 30a5721d 4b648ff6: extract_entropy account returned: 16 
[    6.218606] random 0000 0000 0000 30a5721d 4b648ff6: urand_change_num 60 extract_buf: pool_sig fffffeb5, data_sig 000000c2, bytes_mixed 20 30a5721d 4b648ff6
[    6.218611] random 0000 0000 0000 89bae1ab 704c432f: urand_change_num 61 extract_buf: pool_sig 0000006e, data_sig fffffefc, bytes_mixed 20 89bae1ab 704c432f
[    6.219160] random 0000 0000 0000 89bae1ab 704c432f: rand_read_num 16 get_random_bytes(16): sig fffffd99 89bae1ab 704c432f
[    6.219163] random 0000 0000 0000 89bae1ab 704c432f: extract_entropy(.. 16 ..)
[    6.219166] random 0000 0000 0000 89bae1ab 704c432f: going to reseed nonblocking with 128 bits (128 of 0 requested)
[    6.219168] random 0000 0000 0000 89bae1ab 704c432f: extract_entropy(.. 16 ..)
[    6.219170] random 0000 0000 0000 89bae1ab 704c432f: trying to extract 128 bits from input
[    6.219172] random 0000 0000 0000 89bae1ab 704c432f: debiting 0 entropy credits from input
[    6.219174] random 0000 0000 0000 89bae1ab 704c432f: extract_entropy account returned: 0 
[    6.219177] random 0000 0000 0000 89bae1ab 704c432f: urand_change_num 62 xfer_secondary_pool(16): pool_sig fffffd99, data_sig 00000000, bytes_mixed 0 89bae1ab 704c432f
[    6.219180] random 0000 0000 0000 89bae1ab 704c432f: trying to extract 128 bits from nonblocking
[    6.219182] random 0000 0000 0000 89bae1ab 704c432f: debiting 128 entropy credits from nonblocking (unlimited)
[    6.219184] random 0000 0000 0000 89bae1ab 704c432f: extract_entropy account returned: 16 
[    6.219189] random 0000 0000 0000 89bae1ab 704c432f: urand_change_num 63 extract_buf: pool_sig fffffd99, data_sig 00000204, bytes_mixed 20 89bae1ab 704c432f
[    6.219194] random 0000 0000 0000 6c298a02 2b1539f8: urand_change_num 64 extract_buf: pool_sig 00000124, data_sig fffffff5, bytes_mixed 20 6c298a02 2b1539f8
[    6.220073] random 0000 0000 0000 c77b8b35 70f6cab5: rand_read_num 17 get_random_bytes(16): sig 0000036b c77b8b35 70f6cab5
[    6.220076] random 0000 0000 0000 c77b8b35 70f6cab5: extract_entropy(.. 16 ..)
[    6.220079] random 0000 0000 0000 c77b8b35 70f6cab5: going to reseed nonblocking with 128 bits (128 of 0 requested)
[    6.220081] random 0000 0000 0000 c77b8b35 70f6cab5: extract_entropy(.. 16 ..)
[    6.220083] random 0000 0000 0000 c77b8b35 70f6cab5: trying to extract 128 bits from input
[    6.220085] random 0000 0000 0000 c77b8b35 70f6cab5: debiting 0 entropy credits from input
[    6.220087] random 0000 0000 0000 c77b8b35 70f6cab5: extract_entropy account returned: 0 
[    6.220090] random 0000 0000 0000 c77b8b35 70f6cab5: urand_change_num 65 xfer_secondary_pool(16): pool_sig 0000036b, data_sig 00000000, bytes_mixed 0 c77b8b35 70f6cab5
[    6.220093] random 0000 0000 0000 c77b8b35 70f6cab5: trying to extract 128 bits from nonblocking
[    6.220096] random 0000 0000 0000 c77b8b35 70f6cab5: debiting 128 entropy credits from nonblocking (unlimited)
[    6.220098] random 0000 0000 0000 c77b8b35 70f6cab5: extract_entropy account returned: 16 
[    6.220102] random 0000 0000 0000 c77b8b35 70f6cab5: urand_change_num 66 extract_buf: pool_sig 0000036b, data_sig 0000005f, bytes_mixed 20 c77b8b35 70f6cab5
[    6.220107] random 0000 0000 0000 c77b8b35 70f6cab5: urand_change_num 67 extract_buf: pool_sig ffffff1c, data_sig 0000005a, bytes_mixed 20 c77b8b35 70f6cab5
[    6.220691] random 0000 0000 0000 af21d212 57d20ca3: rand_read_num 18 get_random_bytes(16): sig fffffb7f af21d212 57d20ca3
[    6.220693] random 0000 0000 0000 af21d212 57d20ca3: extract_entropy(.. 16 ..)
[    6.220696] random 0000 0000 0000 af21d212 57d20ca3: going to reseed nonblocking with 128 bits (128 of 0 requested)
[    6.220698] random 0000 0000 0000 af21d212 57d20ca3: extract_entropy(.. 16 ..)
[    6.220700] random 0000 0000 0000 af21d212 57d20ca3: trying to extract 128 bits from input
[    6.220702] random 0000 0000 0000 af21d212 57d20ca3: debiting 0 entropy credits from input
[    6.220705] random 0000 0000 0000 af21d212 57d20ca3: extract_entropy account returned: 0 
[    6.220708] random 0000 0000 0000 af21d212 57d20ca3: urand_change_num 68 xfer_secondary_pool(16): pool_sig fffffb7f, data_sig 00000000, bytes_mixed 0 af21d212 57d20ca3
[    6.220711] random 0000 0000 0000 af21d212 57d20ca3: trying to extract 128 bits from nonblocking
[    6.220713] random 0000 0000 0000 af21d212 57d20ca3: debiting 128 entropy credits from nonblocking (unlimited)
[    6.220715] random 0000 0000 0000 af21d212 57d20ca3: extract_entropy account returned: 16 
[    6.220719] random 0000 0000 0000 af21d212 57d20ca3: urand_change_num 69 extract_buf: pool_sig fffffb7f, data_sig ffffff88, bytes_mixed 20 af21d212 57d20ca3
[    6.220724] random 0000 0000 0000 af21d212 57d20ca3: urand_change_num 70 extract_buf: pool_sig fffffe1d, data_sig ffffff17, bytes_mixed 20 af21d212 57d20ca3
[    6.221316] random 0000 0000 0000 ffbd26fd 21933274: rand_read_num 19 get_random_bytes(16): sig ffffffc7 ffbd26fd 21933274
[    6.221319] random 0000 0000 0000 ffbd26fd 21933274: extract_entropy(.. 16 ..)
[    6.221322] random 0000 0000 0000 ffbd26fd 21933274: going to reseed nonblocking with 128 bits (128 of 0 requested)
[    6.221324] random 0000 0000 0000 ffbd26fd 21933274: extract_entropy(.. 16 ..)
[    6.221326] random 0000 0000 0000 ffbd26fd 21933274: trying to extract 128 bits from input
[    6.221328] random 0000 0000 0000 ffbd26fd 21933274: debiting 0 entropy credits from input
[    6.221330] random 0000 0000 0000 ffbd26fd 21933274: extract_entropy account returned: 0 
[    6.221333] random 0000 0000 0000 ffbd26fd 21933274: urand_change_num 71 xfer_secondary_pool(16): pool_sig ffffffc7, data_sig 00000000, bytes_mixed 0 ffbd26fd 21933274
[    6.221336] random 0000 0000 0000 ffbd26fd 21933274: trying to extract 128 bits from nonblocking
[    6.221338] random 0000 0000 0000 ffbd26fd 21933274: debiting 128 entropy credits from nonblocking (unlimited)
[    6.221341] random 0000 0000 0000 ffbd26fd 21933274: extract_entropy account returned: 16 
[    6.221345] random 0000 0000 0000 ffbd26fd 21933274: urand_change_num 72 extract_buf: pool_sig ffffffc7, data_sig 0000013b, bytes_mixed 20 ffbd26fd 21933274
[    6.221350] random 0000 0000 0000 151530a2 56c65dd3: urand_change_num 73 extract_buf: pool_sig ffffffbf, data_sig 00000036, bytes_mixed 20 151530a2 56c65dd3
[    6.221908] random 0000 0000 0000 151530a2 56c65dd3: rand_read_num 20 get_random_bytes(16): sig 000001a7 151530a2 56c65dd3
[    6.221911] random 0000 0000 0000 151530a2 56c65dd3: extract_entropy(.. 16 ..)
[    6.221913] random 0000 0000 0000 151530a2 56c65dd3: going to reseed nonblocking with 128 bits (128 of 0 requested)
[    6.221916] random 0000 0000 0000 151530a2 56c65dd3: extract_entropy(.. 16 ..)
[    6.221918] random 0000 0000 0000 151530a2 56c65dd3: trying to extract 128 bits from input
[    6.221920] random 0000 0000 0000 151530a2 56c65dd3: debiting 0 entropy credits from input
[    6.221922] random 0000 0000 0000 151530a2 56c65dd3: extract_entropy account returned: 0 
[    6.221925] random 0000 0000 0000 151530a2 56c65dd3: urand_change_num 74 xfer_secondary_pool(16): pool_sig 000001a7, data_sig 00000000, bytes_mixed 0 151530a2 56c65dd3
[    6.221928] random 0000 0000 0000 151530a2 56c65dd3: trying to extract 128 bits from nonblocking
[    6.221930] random 0000 0000 0000 151530a2 56c65dd3: debiting 128 entropy credits from nonblocking (unlimited)
[    6.221932] random 0000 0000 0000 151530a2 56c65dd3: extract_entropy account returned: 16 
[    6.221936] random 0000 0000 0000 151530a2 56c65dd3: urand_change_num 75 extract_buf: pool_sig 000001a7, data_sig ffffffa1, bytes_mixed 20 151530a2 56c65dd3
[    6.221942] random 0000 0000 0000 5d3e132e d9a77eb3: urand_change_num 76 extract_buf: pool_sig fffffcc9, data_sig 00000013, bytes_mixed 20 5d3e132e d9a77eb3
[    6.272988] random 0000 0000 0000 264837ad 0a28fef5: rand_read_num 21 get_random_bytes(16): sig ffffffd0 264837ad 0a28fef5
[    6.272991] random 0000 0000 0000 264837ad 0a28fef5: extract_entropy(.. 16 ..)
[    6.272994] random 0000 0000 0000 264837ad 0a28fef5: going to reseed nonblocking with 128 bits (128 of 0 requested)
[    6.272996] random 0000 0000 0000 264837ad 0a28fef5: extract_entropy(.. 16 ..)
[    6.272998] random 0000 0000 0000 264837ad 0a28fef5: trying to extract 128 bits from input
[    6.273000] random 0000 0000 0000 264837ad 0a28fef5: debiting 0 entropy credits from input
[    6.273002] random 0000 0000 0000 264837ad 0a28fef5: extract_entropy account returned: 0 
[    6.273006] random 0000 0000 0000 264837ad 0a28fef5: urand_change_num 77 xfer_secondary_pool(16): pool_sig ffffffd0, data_sig 00000000, bytes_mixed 0 264837ad 0a28fef5
[    6.273009] random 0000 0000 0000 264837ad 0a28fef5: trying to extract 128 bits from nonblocking
[    6.273011] random 0000 0000 0000 264837ad 0a28fef5: debiting 128 entropy credits from nonblocking (unlimited)
[    6.273013] random 0000 0000 0000 264837ad 0a28fef5: extract_entropy account returned: 16 
[    6.273018] random 0000 0000 0000 264837ad 0a28fef5: urand_change_num 78 extract_buf: pool_sig ffffffd0, data_sig 0000017b, bytes_mixed 20 264837ad 0a28fef5
[    6.273023] random 0000 0000 0000 264837ad 0a28fef5: urand_change_num 79 extract_buf: pool_sig 0000045c, data_sig 000001df, bytes_mixed 20 264837ad 0a28fef5
[    6.274470] random 0000 0000 0000 f37f7344 164aede0: rand_read_num 22 get_random_bytes(16): sig 000003c2 f37f7344 164aede0
[    6.274473] random 0000 0000 0000 f37f7344 164aede0: extract_entropy(.. 16 ..)
[    6.274476] random 0000 0000 0000 f37f7344 164aede0: going to reseed nonblocking with 128 bits (128 of 0 requested)
[    6.274478] random 0000 0000 0000 f37f7344 164aede0: extract_entropy(.. 16 ..)
[    6.274480] random 0000 0000 0000 f37f7344 164aede0: trying to extract 128 bits from input
[    6.274482] random 0000 0000 0000 f37f7344 164aede0: debiting 0 entropy credits from input
[    6.274484] random 0000 0000 0000 f37f7344 164aede0: extract_entropy account returned: 0 
[    6.274487] random 0000 0000 0000 f37f7344 164aede0: urand_change_num 80 xfer_secondary_pool(16): pool_sig 000003c2, data_sig 00000000, bytes_mixed 0 f37f7344 164aede0
[    6.274490] random 0000 0000 0000 f37f7344 164aede0: trying to extract 128 bits from nonblocking
[    6.274492] random 0000 0000 0000 f37f7344 164aede0: debiting 128 entropy credits from nonblocking (unlimited)
[    6.274495] random 0000 0000 0000 f37f7344 164aede0: extract_entropy account returned: 16 
[    6.274499] random 0000 0000 0000 f37f7344 164aede0: urand_change_num 81 extract_buf: pool_sig 000003c2, data_sig ffffff6c, bytes_mixed 20 f37f7344 164aede0
[    6.274504] random 0000 0000 0000 f37f7344 164aede0: urand_change_num 82 extract_buf: pool_sig fffffdfc, data_sig 00000091, bytes_mixed 20 f37f7344 164aede0
[    6.297281] random 0000 0000 0000 a4794863 878070c1: rand_read_num 23 get_random_bytes(16): sig 0000011b a4794863 878070c1
[    6.297284] random 0000 0000 0000 a4794863 878070c1: extract_entropy(.. 16 ..)
[    6.297286] random 0000 0000 0000 a4794863 878070c1: going to reseed nonblocking with 128 bits (128 of 0 requested)
[    6.297289] random 0000 0000 0000 a4794863 878070c1: extract_entropy(.. 16 ..)
[    6.297291] random 0000 0000 0000 a4794863 878070c1: trying to extract 128 bits from input
[    6.297293] random 0000 0000 0000 a4794863 878070c1: debiting 0 entropy credits from input
[    6.297295] random 0000 0000 0000 a4794863 878070c1: extract_entropy account returned: 0 
[    6.297298] random 0000 0000 0000 a4794863 878070c1: urand_change_num 83 xfer_secondary_pool(16): pool_sig 0000011b, data_sig 00000000, bytes_mixed 0 a4794863 878070c1
[    6.297301] random 0000 0000 0000 a4794863 878070c1: trying to extract 128 bits from nonblocking
[    6.297303] random 0000 0000 0000 a4794863 878070c1: debiting 128 entropy credits from nonblocking (unlimited)
[    6.297305] random 0000 0000 0000 a4794863 878070c1: extract_entropy account returned: 16 
[    6.297310] random 0000 0000 0000 a4794863 878070c1: urand_change_num 84 extract_buf: pool_sig 0000011b, data_sig ffffff51, bytes_mixed 20 a4794863 878070c1
[    6.297315] random 0000 0000 0000 737f19b4 9417d8ab: urand_change_num 85 extract_buf: pool_sig 000001a3, data_sig 0000006c, bytes_mixed 20 737f19b4 9417d8ab
[    6.301375] random 0000 0000 0000 737f19b4 9417d8ab: rand_read_num 24 get_random_bytes(16): sig fffffe22 737f19b4 9417d8ab
[    6.301378] random 0000 0000 0000 737f19b4 9417d8ab: extract_entropy(.. 16 ..)
[    6.301380] random 0000 0000 0000 737f19b4 9417d8ab: going to reseed nonblocking with 128 bits (128 of 0 requested)
[    6.301382] random 0000 0000 0000 737f19b4 9417d8ab: extract_entropy(.. 16 ..)
[    6.301384] random 0000 0000 0000 737f19b4 9417d8ab: trying to extract 128 bits from input
[    6.301387] random 0000 0000 0000 737f19b4 9417d8ab: debiting 0 entropy credits from input
[    6.301388] random 0000 0000 0000 737f19b4 9417d8ab: extract_entropy account returned: 0 
[    6.301392] random 0000 0000 0000 737f19b4 9417d8ab: urand_change_num 86 xfer_secondary_pool(16): pool_sig fffffe22, data_sig 00000000, bytes_mixed 0 737f19b4 9417d8ab
[    6.301394] random 0000 0000 0000 737f19b4 9417d8ab: trying to extract 128 bits from nonblocking
[    6.301397] random 0000 0000 0000 737f19b4 9417d8ab: debiting 128 entropy credits from nonblocking (unlimited)
[    6.301399] random 0000 0000 0000 737f19b4 9417d8ab: extract_entropy account returned: 16 
[    6.301403] random 0000 0000 0000 737f19b4 9417d8ab: urand_change_num 87 extract_buf: pool_sig fffffe22, data_sig 00000230, bytes_mixed 20 737f19b4 9417d8ab
[    6.301409] random 0000 0000 0000 4deb0d06 1236af4c: urand_change_num 88 extract_buf: pool_sig 000000b6, data_sig ffffff44, bytes_mixed 20 4deb0d06 1236af4c
[    6.302412] random 0000 0000 0000 b538fadc 4a7613df: rand_read_num 25 get_random_bytes(16): sig 0000013c b538fadc 4a7613df
[    6.302414] random 0000 0000 0000 b538fadc 4a7613df: extract_entropy(.. 16 ..)
[    6.302417] random 0000 0000 0000 b538fadc 4a7613df: going to reseed nonblocking with 128 bits (128 of 0 requested)
[    6.302419] random 0000 0000 0000 b538fadc 4a7613df: extract_entropy(.. 16 ..)
[    6.302422] random 0000 0000 0000 b538fadc 4a7613df: trying to extract 128 bits from input
[    6.302424] random 0000 0000 0000 b538fadc 4a7613df: debiting 0 entropy credits from input
[    6.302426] random 0000 0000 0000 b538fadc 4a7613df: extract_entropy account returned: 0 
[    6.302429] random 0000 0000 0000 b538fadc 4a7613df: urand_change_num 89 xfer_secondary_pool(16): pool_sig 0000013c, data_sig 00000000, bytes_mixed 0 b538fadc 4a7613df
[    6.302432] random 0000 0000 0000 b538fadc 4a7613df: trying to extract 128 bits from nonblocking
[    6.302434] random 0000 0000 0000 b538fadc 4a7613df: debiting 128 entropy credits from nonblocking (unlimited)
[    6.302436] random 0000 0000 0000 b538fadc 4a7613df: extract_entropy account returned: 16 
[    6.302440] random 0000 0000 0000 b538fadc 4a7613df: urand_change_num 90 extract_buf: pool_sig 0000013c, data_sig 00000015, bytes_mixed 20 b538fadc 4a7613df
[    6.302446] random 0000 0000 0000 b538fadc 4a7613df: urand_change_num 91 extract_buf: pool_sig 00000452, data_sig 0000002b, bytes_mixed 20 b538fadc 4a7613df
[    6.302902] random 0000 0000 0000 73b17df4 93bb370e: rand_read_num 26 get_random_bytes(16): sig fffffbf1 73b17df4 93bb370e
[    6.302905] random 0000 0000 0000 73b17df4 93bb370e: extract_entropy(.. 16 ..)
[    6.302908] random 0000 0000 0000 73b17df4 93bb370e: going to reseed nonblocking with 128 bits (128 of 0 requested)
[    6.302910] random 0000 0000 0000 73b17df4 93bb370e: extract_entropy(.. 16 ..)
[    6.302912] random 0000 0000 0000 73b17df4 93bb370e: trying to extract 128 bits from input
[    6.302914] random 0000 0000 0000 73b17df4 93bb370e: debiting 0 entropy credits from input
[    6.302916] random 0000 0000 0000 73b17df4 93bb370e: extract_entropy account returned: 0 
[    6.302919] random 0000 0000 0000 73b17df4 93bb370e: urand_change_num 92 xfer_secondary_pool(16): pool_sig fffffbf1, data_sig 00000000, bytes_mixed 0 73b17df4 93bb370e
[    6.302922] random 0000 0000 0000 73b17df4 93bb370e: trying to extract 128 bits from nonblocking
[    6.302925] random 0000 0000 0000 73b17df4 93bb370e: debiting 128 entropy credits from nonblocking (unlimited)
[    6.302927] random 0000 0000 0000 73b17df4 93bb370e: extract_entropy account returned: 16 
[    6.302931] random 0000 0000 0000 73b17df4 93bb370e: urand_change_num 93 extract_buf: pool_sig fffffbf1, data_sig ffffff99, bytes_mixed 20 73b17df4 93bb370e
[    6.302936] random 0000 0000 0000 73b17df4 93bb370e: urand_change_num 94 extract_buf: pool_sig fffffe1d, data_sig 000000b0, bytes_mixed 20 73b17df4 93bb370e
[    6.303343] random 0000 0000 0000 0cd682bb ba04da9f: rand_read_num 27 get_random_bytes(16): sig fffffccb 0cd682bb ba04da9f
[    6.303346] random 0000 0000 0000 0cd682bb ba04da9f: extract_entropy(.. 16 ..)
[    6.303348] random 0000 0000 0000 0cd682bb ba04da9f: going to reseed nonblocking with 128 bits (128 of 0 requested)
[    6.303351] random 0000 0000 0000 0cd682bb ba04da9f: extract_entropy(.. 16 ..)
[    6.303353] random 0000 0000 0000 0cd682bb ba04da9f: trying to extract 128 bits from input
[    6.303355] random 0000 0000 0000 0cd682bb ba04da9f: debiting 0 entropy credits from input
[    6.303357] random 0000 0000 0000 0cd682bb ba04da9f: extract_entropy account returned: 0 
[    6.303360] random 0000 0000 0000 0cd682bb ba04da9f: urand_change_num 95 xfer_secondary_pool(16): pool_sig fffffccb, data_sig 00000000, bytes_mixed 0 0cd682bb ba04da9f
[    6.303363] random 0000 0000 0000 0cd682bb ba04da9f: trying to extract 128 bits from nonblocking
[    6.303365] random 0000 0000 0000 0cd682bb ba04da9f: debiting 128 entropy credits from nonblocking (unlimited)
[    6.303368] random 0000 0000 0000 0cd682bb ba04da9f: extract_entropy account returned: 16 
[    6.303372] random 0000 0000 0000 0cd682bb ba04da9f: urand_change_num 96 extract_buf: pool_sig fffffccb, data_sig fffffec5, bytes_mixed 20 0cd682bb ba04da9f
[    6.303377] random 0000 0000 0000 26929f1a 15254dc1: urand_change_num 97 extract_buf: pool_sig fffffed2, data_sig ffffffb1, bytes_mixed 20 26929f1a 15254dc1
[    6.304252] random 0000 0000 0000 26929f1a 15254dc1: rand_read_num 28 get_random_bytes(16): sig 00000038 26929f1a 15254dc1
[    6.304254] random 0000 0000 0000 26929f1a 15254dc1: extract_entropy(.. 16 ..)
[    6.304257] random 0000 0000 0000 26929f1a 15254dc1: going to reseed nonblocking with 128 bits (128 of 0 requested)
[    6.304259] random 0000 0000 0000 26929f1a 15254dc1: extract_entropy(.. 16 ..)
[    6.304261] random 0000 0000 0000 26929f1a 15254dc1: trying to extract 128 bits from input
[    6.304264] random 0000 0000 0000 26929f1a 15254dc1: debiting 0 entropy credits from input
[    6.304266] random 0000 0000 0000 26929f1a 15254dc1: extract_entropy account returned: 0 
[    6.304269] random 0000 0000 0000 26929f1a 15254dc1: urand_change_num 98 xfer_secondary_pool(16): pool_sig 00000038, data_sig 00000000, bytes_mixed 0 26929f1a 15254dc1
[    6.304272] random 0000 0000 0000 26929f1a 15254dc1: trying to extract 128 bits from nonblocking
[    6.304274] random 0000 0000 0000 26929f1a 15254dc1: debiting 128 entropy credits from nonblocking (unlimited)
[    6.304276] random 0000 0000 0000 26929f1a 15254dc1: extract_entropy account returned: 16 
[    6.304280] random 0000 0000 0000 26929f1a 15254dc1: urand_change_num 99 extract_buf: pool_sig 00000038, data_sig 000000fd, bytes_mixed 20 26929f1a 15254dc1
[    6.304286] random 0000 0000 0000 8116fe3b 478c2d5b: urand_change_num 100 extract_buf: pool_sig 00000059, data_sig 00000310, bytes_mixed 20 8116fe3b 478c2d5b
[    6.310917] random 0000 0000 0000 a20f4a3a 32a6b2fa: rand_read_num 29 get_random_bytes(16): sig 000002c0 a20f4a3a 32a6b2fa
[    6.310920] random 0000 0000 0000 a20f4a3a 32a6b2fa: extract_entropy(.. 16 ..)
[    6.310923] random 0000 0000 0000 a20f4a3a 32a6b2fa: going to reseed nonblocking with 128 bits (128 of 0 requested)
[    6.310925] random 0000 0000 0000 a20f4a3a 32a6b2fa: extract_entropy(.. 16 ..)
[    6.310927] random 0000 0000 0000 a20f4a3a 32a6b2fa: trying to extract 128 bits from input
[    6.310929] random 0000 0000 0000 a20f4a3a 32a6b2fa: debiting 0 entropy credits from input
[    6.310931] random 0000 0000 0000 a20f4a3a 32a6b2fa: extract_entropy account returned: 0 
[    6.310934] random 0000 0000 0000 a20f4a3a 32a6b2fa: urand_change_num 101 xfer_secondary_pool(16): pool_sig 000002c0, data_sig 00000000, bytes_mixed 0 a20f4a3a 32a6b2fa
[    6.310937] random 0000 0000 0000 a20f4a3a 32a6b2fa: trying to extract 128 bits from nonblocking
[    6.310940] random 0000 0000 0000 a20f4a3a 32a6b2fa: debiting 128 entropy credits from nonblocking (unlimited)
[    6.310942] random 0000 0000 0000 a20f4a3a 32a6b2fa: extract_entropy account returned: 16 
[    6.310946] random 0000 0000 0000 a20f4a3a 32a6b2fa: urand_change_num 102 extract_buf: pool_sig 000002c0, data_sig 000000fb, bytes_mixed 20 a20f4a3a 32a6b2fa
[    6.310951] random 0000 0000 0000 a20f4a3a 32a6b2fa: urand_change_num 103 extract_buf: pool_sig ffffffdd, data_sig 000000a5, bytes_mixed 20 a20f4a3a 32a6b2fa
[    6.323453] random 0000 0000 0000 de716d2a 6c4757e1: rand_read_num 30 get_random_bytes(16): sig 000000fa de716d2a 6c4757e1
[    6.323456] random 0000 0000 0000 de716d2a 6c4757e1: extract_entropy(.. 16 ..)
[    6.323459] random 0000 0000 0000 de716d2a 6c4757e1: going to reseed nonblocking with 128 bits (128 of 0 requested)
[    6.323461] random 0000 0000 0000 de716d2a 6c4757e1: extract_entropy(.. 16 ..)
[    6.323463] random 0000 0000 0000 de716d2a 6c4757e1: trying to extract 128 bits from input
[    6.323465] random 0000 0000 0000 de716d2a 6c4757e1: debiting 0 entropy credits from input
[    6.323467] random 0000 0000 0000 de716d2a 6c4757e1: extract_entropy account returned: 0 
[    6.323471] random 0000 0000 0000 de716d2a 6c4757e1: urand_change_num 104 xfer_secondary_pool(16): pool_sig 000000fa, data_sig 00000000, bytes_mixed 0 de716d2a 6c4757e1
[    6.323473] random 0000 0000 0000 de716d2a 6c4757e1: trying to extract 128 bits from nonblocking
[    6.323476] random 0000 0000 0000 de716d2a 6c4757e1: debiting 128 entropy credits from nonblocking (unlimited)
[    6.323478] random 0000 0000 0000 de716d2a 6c4757e1: extract_entropy account returned: 16 
[    6.323482] random 0000 0000 0000 de716d2a 6c4757e1: urand_change_num 105 extract_buf: pool_sig 000000fa, data_sig ffffff34, bytes_mixed 20 de716d2a 6c4757e1
[    6.323487] random 0000 0000 0000 de716d2a 6c4757e1: urand_change_num 106 extract_buf: pool_sig 000003d3, data_sig ffffff30, bytes_mixed 20 de716d2a 6c4757e1
[    6.324074] random 0000 0000 0000 a7c511e1 f90ea457: rand_read_num 31 get_random_bytes(16): sig 0000009a a7c511e1 f90ea457
[    6.324077] random 0000 0000 0000 a7c511e1 f90ea457: extract_entropy(.. 16 ..)
[    6.324079] random 0000 0000 0000 a7c511e1 f90ea457: going to reseed nonblocking with 128 bits (128 of 0 requested)
[    6.324082] random 0000 0000 0000 a7c511e1 f90ea457: extract_entropy(.. 16 ..)
[    6.324084] random 0000 0000 0000 a7c511e1 f90ea457: trying to extract 128 bits from input
[    6.324086] random 0000 0000 0000 a7c511e1 f90ea457: debiting 0 entropy credits from input
[    6.324088] random 0000 0000 0000 a7c511e1 f90ea457: extract_entropy account returned: 0 
[    6.324091] random 0000 0000 0000 a7c511e1 f90ea457: urand_change_num 107 xfer_secondary_pool(16): pool_sig 0000009a, data_sig 00000000, bytes_mixed 0 a7c511e1 f90ea457
[    6.324094] random 0000 0000 0000 a7c511e1 f90ea457: trying to extract 128 bits from nonblocking
[    6.324096] random 0000 0000 0000 a7c511e1 f90ea457: debiting 128 entropy credits from nonblocking (unlimited)
[    6.324098] random 0000 0000 0000 a7c511e1 f90ea457: extract_entropy account returned: 16 
[    6.324103] random 0000 0000 0000 a7c511e1 f90ea457: urand_change_num 108 extract_buf: pool_sig 0000009a, data_sig 000000e0, bytes_mixed 20 a7c511e1 f90ea457
[    6.324108] random 0000 0000 0000 7c18c7e6 d65ccb06: urand_change_num 109 extract_buf: pool_sig fffffa79, data_sig 000000e0, bytes_mixed 20 7c18c7e6 d65ccb06
[    6.324683] random 0000 0000 0000 7c18c7e6 d65ccb06: rand_read_num 32 get_random_bytes(16): sig fffffe1e 7c18c7e6 d65ccb06
[    6.324686] random 0000 0000 0000 7c18c7e6 d65ccb06: extract_entropy(.. 16 ..)
[    6.324688] random 0000 0000 0000 7c18c7e6 d65ccb06: going to reseed nonblocking with 128 bits (128 of 0 requested)
[    6.324690] random 0000 0000 0000 7c18c7e6 d65ccb06: extract_entropy(.. 16 ..)
[    6.324692] random 0000 0000 0000 7c18c7e6 d65ccb06: trying to extract 128 bits from input
[    6.324695] random 0000 0000 0000 7c18c7e6 d65ccb06: debiting 0 entropy credits from input
[    6.324697] random 0000 0000 0000 7c18c7e6 d65ccb06: extract_entropy account returned: 0 
[    6.324700] random 0000 0000 0000 7c18c7e6 d65ccb06: urand_change_num 110 xfer_secondary_pool(16): pool_sig fffffe1e, data_sig 00000000, bytes_mixed 0 7c18c7e6 d65ccb06
[    6.324703] random 0000 0000 0000 7c18c7e6 d65ccb06: trying to extract 128 bits from nonblocking
[    6.324705] random 0000 0000 0000 7c18c7e6 d65ccb06: debiting 128 entropy credits from nonblocking (unlimited)
[    6.324707] random 0000 0000 0000 7c18c7e6 d65ccb06: extract_entropy account returned: 16 
