[    0.000000] random 0000 0000 0000 00000000 00000000: rand_read_num 1 get_random_bytes(8): sig 00000000 00000000 00000000
[    0.000000] random 0000 0000 0000 00000000 00000000: extract_entropy(.. 8 ..)
[    0.000000] random 0000 0000 0000 00000000 00000000: going to reseed nonblocking with 64 bits (64 of 0 requested)
[    0.000000] random 0000 0000 0000 00000000 00000000: extract_entropy(.. 8 ..)
[    0.000000] random 0000 0000 0000 00000000 00000000: trying to extract 64 bits from input
[    0.000000] random 0000 0000 0000 00000000 00000000: debiting 0 entropy credits from input
[    0.000000] random 0000 0000 0000 00000000 00000000: extract_entropy account returned: 0 
[    0.000000] random 0000 0000 0000 00000000 00000000: urand_change_num 1 xfer_secondary_pool(8): pool_sig 00000000, data_sig 00000000, bytes_mixed 0 00000000 00000000
[    0.000000] random 0000 0000 0000 00000000 00000000: trying to extract 64 bits from nonblocking
[    0.000000] random 0000 0000 0000 00000000 00000000: debiting 64 entropy credits from nonblocking (unlimited)
[    0.000000] random 0000 0000 0000 00000000 00000000: extract_entropy account returned: 8 
[    0.000000] random 0000 0000 0000 00000000 00000000: urand_change_num 2 extract_buf: pool_sig 00000000, data_sig fffffff9, bytes_mixed 20 00000000 00000000
[    0.000000] Linux version 2.6.32.57 (dcashman@dcashman-02) (gcc version 4.3.3 (GCC) ) #3 Fri May 24 04:27:34 PDT 2013
[    0.000000] KERNEL supported cpus:
[    0.000000]   Intel GenuineIntel
[    0.000000]   AMD AuthenticAMD
[    0.000000]   NSC Geode by NSC
[    0.000000]   Cyrix CyrixInstead
[    0.000000]   Centaur CentaurHauls
[    0.000000]   Transmeta GenuineTMx86
[    0.000000]   Transmeta TransmetaCPU
[    0.000000]   UMC UMC UMC UMC
[    0.000000] BIOS-provided physical RAM map:
[    0.000000]  BIOS-e820: 0000000000000000 - 000000000009d800 (usable)
[    0.000000]  BIOS-e820: 000000000009d800 - 00000000000a0000 (reserved)
[    0.000000]  BIOS-e820: 00000000000d2000 - 00000000000d4000 (reserved)
[    0.000000]  BIOS-e820: 00000000000e0000 - 0000000000100000 (reserved)
[    0.000000]  BIOS-e820: 0000000000100000 - 000000003d6b0000 (usable)
[    0.000000]  BIOS-e820: 000000003d6b0000 - 000000003d6cc000 (ACPI data)
[    0.000000]  BIOS-e820: 000000003d6cc000 - 000000003d700000 (ACPI NVS)
[    0.000000]  BIOS-e820: 000000003d700000 - 000000003e000000 (reserved)
[    0.000000]  BIOS-e820: 00000000f0000000 - 00000000f4000000 (reserved)
[    0.000000]  BIOS-e820: 00000000fec00000 - 00000000fec10000 (reserved)
[    0.000000]  BIOS-e820: 00000000fed00000 - 00000000fed00400 (reserved)
[    0.000000]  BIOS-e820: 00000000fed14000 - 00000000fed1a000 (reserved)
[    0.000000]  BIOS-e820: 00000000fed1c000 - 00000000fed90000 (reserved)
[    0.000000]  BIOS-e820: 00000000fee00000 - 00000000fee01000 (reserved)
[    0.000000]  BIOS-e820: 00000000ff000000 - 0000000100000000 (reserved)
[    0.000000] DMI present.
[    0.000000] last_pfn = 0x3d6b0 max_arch_pfn = 0x100000
[    0.000000] MTRR default type: uncachable
[    0.000000] MTRR fixed ranges enabled:
[    0.000000]   00000-9FFFF write-back
[    0.000000]   A0000-BFFFF uncachable
[    0.000000]   C0000-CFFFF write-protect
[    0.000000]   D0000-DFFFF uncachable
[    0.000000]   E0000-FFFFF write-protect
[    0.000000] MTRR variable ranges enabled:
[    0.000000]   0 base 03E000000 mask FFE000000 uncachable
[    0.000000]   1 base 000000000 mask FC0000000 write-back
[    0.000000]   2 base 03D700000 mask FFFF00000 uncachable
[    0.000000]   3 base 03D800000 mask FFF800000 uncachable
[    0.000000]   4 disabled
[    0.000000]   5 disabled
[    0.000000]   6 disabled
[    0.000000]   7 disabled
[    0.000000] initial memory mapped : 0 - 02000000
[    0.000000] init_memory_mapping: 0000000000000000-00000000377fe000
[    0.000000]  0000000000 - 0000400000 page 4k
[    0.000000]  0000400000 - 0037400000 page 2M
[    0.000000]  0037400000 - 00377fe000 page 4k
[    0.000000] kernel direct mapping tables up to 377fe000 @ 7000-c000
[    0.000000] ACPI: RSDP 000f68d0 00024 (v02 LENOVO)
[    0.000000] ACPI: XSDT 3d6bb77f 00094 (v01 LENOVO TP-7L    00002170  LTP 00000000)
[    0.000000] ACPI: FACP 3d6bb900 000F4 (v03 LENOVO TP-7L    00002170 LNVO 00000001)
[    0.000000] ACPI Warning: 32/64X length mismatch in Gpe1Block: 0/32 (20090903/tbfadt-526)
[    0.000000] ACPI Warning: Optional field Gpe1Block has zero address or length: 000000000000102C/0 (20090903/tbfadt-557)
[    0.000000] ACPI: DSDT 3d6bbd1d 0FED1 (v01 LENOVO TP-7L    00002170 MSFT 03000000)
[    0.000000] ACPI: FACS 3d6e4000 00040
[    0.000000] ACPI: SSDT 3d6bbab4 00269 (v01 LENOVO TP-7L    00002170 MSFT 03000000)
[    0.000000] ACPI: ECDT 3d6cbbee 00052 (v01 LENOVO TP-7L    00002170 LNVO 00000001)
[    0.000000] ACPI: TCPA 3d6cbc40 00032 (v02 LENOVO TP-7L    00002170 LNVO 00000001)
[    0.000000] ACPI: APIC 3d6cbc72 00068 (v01 LENOVO TP-7L    00002170 LNVO 00000001)
[    0.000000] ACPI: MCFG 3d6cbcda 0003C (v01 LENOVO TP-7L    00002170 LNVO 00000001)
[    0.000000] ACPI: HPET 3d6cbd16 00038 (v01 LENOVO TP-7L    00002170 LNVO 00000001)
[    0.000000] ACPI: SLIC 3d6cbdf0 00176 (v01 LENOVO TP-7L    00002170  LTP 00000000)
[    0.000000] ACPI: BOOT 3d6cbf66 00028 (v01 LENOVO TP-7L    00002170  LTP 00000001)
[    0.000000] ACPI: ASF! 3d6cbf8e 00072 (v16 LENOVO TP-7L    00002170 PTL  00000001)
[    0.000000] ACPI: SSDT 3d6e26d9 0025F (v01 LENOVO TP-7L    00002170 INTL 20050513)
[    0.000000] ACPI: SSDT 3d6e2938 000A6 (v01 LENOVO TP-7L    00002170 INTL 20050513)
[    0.000000] ACPI: SSDT 3d6e29de 004F7 (v01 LENOVO TP-7L    00002170 INTL 20050513)
[    0.000000] ACPI: SSDT 3d6e2ed5 001D8 (v01 LENOVO TP-7L    00002170 INTL 20050513)
[    0.000000] ACPI: DMI detected: Lenovo ThinkPad R61
[    0.000000] ACPI: Added _OSI(Linux)
[    0.000000] ACPI: Local APIC address 0xfee00000
[    0.000000] 94MB HIGHMEM available.
[    0.000000] 887MB LOWMEM available.
[    0.000000]   mapped low ram: 0 - 377fe000
[    0.000000]   low ram: 0 - 377fe000
[    0.000000]   node 0 low ram: 00000000 - 377fe000
[    0.000000]   node 0 bootmap 00008000 - 0000ef00
[    0.000000] (6 early reservations) ==> bootmem [0000000000 - 00377fe000]
[    0.000000]   #0 [0000000000 - 0000001000]   BIOS data page ==> [0000000000 - 0000001000]
[    0.000000]   #1 [0001000000 - 0001bdc180]    TEXT DATA BSS ==> [0001000000 - 0001bdc180]
[    0.000000]   #2 [000009d800 - 0000100000]    BIOS reserved ==> [000009d800 - 0000100000]
[    0.000000]   #3 [0001bdd000 - 0001be516c]              BRK ==> [0001bdd000 - 0001be516c]
[    0.000000]   #4 [0000007000 - 0000008000]          PGTABLE ==> [0000007000 - 0000008000]
[    0.000000]   #5 [0000008000 - 000000f000]          BOOTMAP ==> [0000008000 - 000000f000]
[    0.000000] found SMP MP-table at [c00f6900] f6900
[    0.000000] Zone PFN ranges:
[    0.000000]   DMA      0x00000000 -> 0x00001000
[    0.000000]   Normal   0x00001000 -> 0x000377fe
[    0.000000]   HighMem  0x000377fe -> 0x0003d6b0
[    0.000000] Movable zone start PFN for each node
[    0.000000] early_node_map[2] active PFN ranges
[    0.000000]     0: 0x00000000 -> 0x0000009d
[    0.000000]     0: 0x00000100 -> 0x0003d6b0
[    0.000000] On node 0 totalpages: 251469
[    0.000000] free_area_init_node: node 0, pgdat c1901ea0, node_mem_map c1be7000
[    0.000000]   DMA zone: 32 pages used for memmap
[    0.000000]   DMA zone: 0 pages reserved
[    0.000000]   DMA zone: 3965 pages, LIFO batch:0
[    0.000000]   Normal zone: 1744 pages used for memmap
[    0.000000]   Normal zone: 221486 pages, LIFO batch:31
[    0.000000]   HighMem zone: 190 pages used for memmap
[    0.000000]   HighMem zone: 24052 pages, LIFO batch:3
[    0.000000] Using APIC driver default
[    0.000000] ACPI: PM-Timer IO Port: 0x1008
[    0.000000] ACPI: Local APIC address 0xfee00000
[    0.000000] ACPI: LAPIC (acpi_id[0x00] lapic_id[0x00] enabled)
[    0.000000] ACPI: LAPIC (acpi_id[0x01] lapic_id[0x01] enabled)
[    0.000000] ACPI: NR_CPUS/possible_cpus limit of 1 reached.  Processor 1/0x1 ignored.
[    0.000000] ACPI: LAPIC_NMI (acpi_id[0x00] high edge lint[0x1])
[    0.000000] ACPI: LAPIC_NMI (acpi_id[0x01] high edge lint[0x1])
[    0.000000] ACPI: IOAPIC (id[0x01] address[0xfec00000] gsi_base[0])
[    0.000000] IOAPIC[0]: apic_id 1, version 32, address 0xfec00000, GSI 0-23
[    0.000000] ACPI: INT_SRC_OVR (bus 0 bus_irq 0 global_irq 2 dfl dfl)
[    0.000000] ACPI: INT_SRC_OVR (bus 0 bus_irq 9 global_irq 9 high level)
[    0.000000] ACPI: IRQ0 used by override.
[    0.000000] ACPI: IRQ2 used by override.
[    0.000000] ACPI: IRQ9 used by override.
[    0.000000] Using ACPI (MADT) for SMP configuration information
[    0.000000] ACPI: HPET id: 0x8086a201 base: 0xfed00000
[    0.000000] nr_irqs_gsi: 24
[    0.000000] PM: Registered nosave memory: 000000000009d000 - 000000000009e000
[    0.000000] PM: Registered nosave memory: 000000000009e000 - 00000000000a0000
[    0.000000] PM: Registered nosave memory: 00000000000a0000 - 00000000000d2000
[    0.000000] PM: Registered nosave memory: 00000000000d2000 - 00000000000d4000
[    0.000000] PM: Registered nosave memory: 00000000000d4000 - 00000000000e0000
[    0.000000] PM: Registered nosave memory: 00000000000e0000 - 0000000000100000
[    0.000000] Allocating PCI resources starting at 3e000000 (gap: 3e000000:b2000000)
[    0.000000] Built 1 zonelists in Zone order, mobility grouping on.  Total pages: 249503
[    0.000000] Kernel command line: auto BOOT_IMAGE=Linux ro root=802 vt.default_utf8=0 maxcpus=0
[    0.000000] PID hash table entries: 4096 (order: 2, 16384 bytes)
[    0.000000] Dentry cache hash table entries: 131072 (order: 7, 524288 bytes)
[    0.000000] Inode-cache hash table entries: 65536 (order: 6, 262144 bytes)
[    0.000000] Enabling fast FPU save and restore... done.
[    0.000000] Enabling unmasked SIMD FPU exception support... done.
[    0.000000] Initializing CPU#0
[    0.000000] Initializing HighMem for node 0 (000377fe:0003d6b0)
[    0.000000] Memory: 984800k/1006272k available (6914k kernel code, 20876k reserved, 2328k data, 448k init, 96968k highmem)
[    0.000000] virtual kernel memory layout:
[    0.000000]     fixmap  : 0xfffa3000 - 0xfffff000   ( 368 kB)
[    0.000000]     pkmap   : 0xff800000 - 0xffc00000   (4096 kB)
[    0.000000]     vmalloc : 0xf7ffe000 - 0xff7fe000   ( 120 MB)
[    0.000000]     lowmem  : 0xc0000000 - 0xf77fe000   ( 887 MB)
[    0.000000]       .init : 0xc1907000 - 0xc1977000   ( 448 kB)
[    0.000000]       .data : 0xc16c0b5f - 0xc1906c64   (2328 kB)
[    0.000000]       .text : 0xc1000000 - 0xc16c0b5f   (6914 kB)
[    0.000000] Checking if this processor honours the WP bit even in supervisor mode...Ok.
[    0.000000] SLUB: Genslabs=13, HWalign=64, Order=0-3, MinObjects=0, CPUs=1, Nodes=1
[    0.000000] Hierarchical RCU implementation.
[    0.000000] NR_IRQS:288
[    0.000000] Extended CMOS year: 2000
[    0.000000] Console: colour VGA+ 80x25
[    0.000000] console [tty0] enabled
[    0.000000] hpet clockevent registered
[    0.000000] Fast TSC calibration using PIT
[    0.000000] Detected 2094.812 MHz processor.
[    0.002001] Calibrating delay loop (skipped), value calculated using timer frequency.. 4189.62 BogoMIPS (lpj=2094812)
[    0.002171] Security Framework initialized
[    0.002255] Mount-cache hash table entries: 512
[    0.002398] CPU: L1 I cache: 32K, L1 D cache: 32K
[    0.002526] CPU: L2 cache: 3072K
[    0.002608] mce: CPU supports 6 MCE banks
[    0.002694] CPU0: Thermal monitoring enabled (TM2)
[    0.002773] using mwait in idle threads.
[    0.002859] CPU: Intel(R) Core(TM)2 Duo CPU     T8100  @ 2.10GHz stepping 06
[    0.003080] Checking 'hlt' instruction... OK.
[    0.007938] ACPI: Core revision 20090903
[    0.027018] CANARY value: c1057a56 for PID: 1
[    0.027048] Enabling APIC mode:  Flat.  Using 1 I/O APICs
[    0.027496] ..TIMER: vector=0x30 apic1=0 pin1=2 apic2=-1 pin2=-1
[    0.038997] xor: automatically using best checksumming function: pIII_sse
[    0.042998]    pIII_sse  :  8568.000 MB/sec
[    0.043077] xor: using function: pIII_sse (8568.000 MB/sec)
[    0.043168] RANDOM - __seed init called.
[    0.043169] RANDOM - __seed init called.
[    0.043170] RANDOM - __seed init called.
[    0.043171] RANDOM - __random32 called. Change num 1.  Value: 870e7b8	f6ea009	16c0ad5a
[    0.043173] RANDOM - __random32 called. Change num 2.  Value: e7b8290	f6ea0099	5ab418b8
[    0.043175] RANDOM - __random32 called. Change num 3.  Value: b8290fc5	6ea00996	3171e29b
[    0.043176] RANDOM - __random32 called. Change num 4.  Value: 90fc533a	ea00996a	c5375fde
[    0.043178] RANDOM - __random32 called. Change num 5.  Value: c533a353	a00996a1	bfbd91b4
[    0.043180] RANDOM - __random32 called. Change num 6.  Value: 3a35362b	996a10	23684a23
[    0.043181] RANDOM - random32 init called.  Value: 3a35362b	996a10	23684a23
[    0.043199] NET: Registered protocol family 16
[    0.043450] ACPI FADT declares the system doesn't support PCIe ASPM, so disable it
[    0.043577] ACPI: bus type pci registered
[    0.043736] PCI: MCFG configuration 0: base f0000000 segment 0 buses 0 - 63
[    0.043825] PCI: MCFG area at f0000000 reserved in E820
[    0.043904] PCI: Using MMCONFIG for extended config space
[    0.043990] PCI: Using configuration type 1 for base access
[    0.047092] bio: create slab <bio-0> at 0
[    0.047903] ACPI: EC: EC description table is found, configuring boot EC
[    0.053049] ACPI: BIOS _OSI(Linux) query honored via DMI
[    0.053759] random 0000 0000 0000 00000000 00000000: rand_read_num 2 get_random_bytes(8): sig fffffe1a 00000000 00000000
[    0.053761] random 0000 0000 0000 00000000 00000000: extract_entropy(.. 8 ..)
[    0.053764] random 0000 0000 0000 00000000 00000000: going to reseed nonblocking with 64 bits (64 of 0 requested)
[    0.053766] random 0000 0000 0000 00000000 00000000: extract_entropy(.. 8 ..)
[    0.053768] random 0000 0000 0000 00000000 00000000: trying to extract 64 bits from input
[    0.053770] random 0000 0000 0000 00000000 00000000: debiting 0 entropy credits from input
[    0.053772] random 0000 0000 0000 00000000 00000000: extract_entropy account returned: 0 
[    0.053803] random 0000 0000 0000 00000000 00000000: urand_change_num 3 xfer_secondary_pool(8): pool_sig fffffe1a, data_sig 00000000, bytes_mixed 0 00000000 00000000
[    0.053806] random 0000 0000 0000 00000000 00000000: trying to extract 64 bits from nonblocking
[    0.053808] random 0000 0000 0000 00000000 00000000: debiting 64 entropy credits from nonblocking (unlimited)
[    0.053810] random 0000 0000 0000 00000000 00000000: extract_entropy account returned: 8 
[    0.053814] random 0000 0000 0000 00000000 00000000: urand_change_num 4 extract_buf: pool_sig fffffe1a, data_sig fffffed7, bytes_mixed 20 00000000 00000000
[    0.058549] ACPI: Interpreter enabled
[    0.058631] ACPI: (supports S0 S3 S4 S5)
[    0.058911] ACPI: Using IOAPIC for interrupt routing
[    0.068674] ACPI: EC: GPE = 0x12, I/O: command/status = 0x66, data = 0x62
[    0.068946] ACPI: Power Resource [PUBS] (on)
[    0.071051] ACPI: ACPI Dock Station Driver: 3 docks/bays found
[    0.071461] ACPI: PCI Root Bridge [PCI0] (0000:00)
[    0.071623] pci 0000:00:02.0: reg 10 64bit mmio: [0xf8100000-0xf81fffff]
[    0.071629] pci 0000:00:02.0: reg 18 64bit mmio pref: [0xe0000000-0xefffffff]
[    0.071633] pci 0000:00:02.0: reg 20 io port: [0x1800-0x1807]
[    0.071667] pci 0000:00:02.1: reg 10 64bit mmio: [0xf8200000-0xf82fffff]
[    0.071768] pci 0000:00:19.0: reg 10 32bit mmio: [0xfe000000-0xfe01ffff]
[    0.071777] pci 0000:00:19.0: reg 14 32bit mmio: [0xfe025000-0xfe025fff]
[    0.071786] pci 0000:00:19.0: reg 18 io port: [0x1840-0x185f]
[    0.071859] pci 0000:00:19.0: PME# supported from D0 D3hot D3cold
[    0.071949] pci 0000:00:19.0: PME# disabled
[    0.072059] pci 0000:00:1a.0: reg 20 io port: [0x1860-0x187f]
[    0.072138] pci 0000:00:1a.1: reg 20 io port: [0x1880-0x189f]
[    0.072222] pci 0000:00:1a.7: reg 10 32bit mmio: [0xfe226c00-0xfe226fff]
[    0.072304] pci 0000:00:1a.7: PME# supported from D0 D3hot D3cold
[    0.072388] pci 0000:00:1a.7: PME# disabled
[    0.072532] pci 0000:00:1b.0: reg 10 64bit mmio: [0xfe020000-0xfe023fff]
[    0.072609] pci 0000:00:1b.0: PME# supported from D0 D3hot D3cold
[    0.072693] pci 0000:00:1b.0: PME# disabled
[    0.072878] pci 0000:00:1c.0: PME# supported from D0 D3hot D3cold
[    0.072999] pci 0000:00:1c.0: PME# disabled
[    0.073194] pci 0000:00:1c.1: PME# supported from D0 D3hot D3cold
[    0.073277] pci 0000:00:1c.1: PME# disabled
[    0.073471] pci 0000:00:1c.2: PME# supported from D0 D3hot D3cold
[    0.073561] pci 0000:00:1c.2: PME# disabled
[    0.073762] pci 0000:00:1c.3: PME# supported from D0 D3hot D3cold
[    0.073846] pci 0000:00:1c.3: PME# disabled
[    0.074116] pci 0000:00:1c.4: PME# supported from D0 D3hot D3cold
[    0.074213] pci 0000:00:1c.4: PME# disabled
[    0.074358] pci 0000:00:1d.0: reg 20 io port: [0x18a0-0x18bf]
[    0.075042] pci 0000:00:1d.1: reg 20 io port: [0x18c0-0x18df]
[    0.075123] pci 0000:00:1d.2: reg 20 io port: [0x18e0-0x18ff]
[    0.075209] pci 0000:00:1d.7: reg 10 32bit mmio: [0xfe227000-0xfe2273ff]
[    0.075306] pci 0000:00:1d.7: PME# supported from D0 D3hot D3cold
[    0.075400] pci 0000:00:1d.7: PME# disabled
[    0.075686] pci 0000:00:1f.0: quirk: region 1000-107f claimed by ICH6 ACPI/GPIO/TCO
[    0.075805] pci 0000:00:1f.0: quirk: region 1180-11bf claimed by ICH6 GPIO
[    0.075891] pci 0000:00:1f.0: ICH7 LPC Generic IO decode 1 PIO at 1600 (mask 007f)
[    0.075998] pci 0000:00:1f.0: ICH7 LPC Generic IO decode 2 PIO at 15e0 (mask 000f)
[    0.076116] pci 0000:00:1f.0: ICH7 LPC Generic IO decode 3 PIO at 1680 (mask 001f)
[    0.076311] pci 0000:00:1f.1: reg 10 io port: [0x00-0x07]
[    0.076321] pci 0000:00:1f.1: reg 14 io port: [0x00-0x03]
[    0.076329] pci 0000:00:1f.1: reg 18 io port: [0x00-0x07]
[    0.076338] pci 0000:00:1f.1: reg 1c io port: [0x00-0x03]
[    0.076345] pci 0000:00:1f.1: reg 20 io port: [0x1c00-0x1c0f]
[    0.076422] pci 0000:00:1f.2: reg 10 io port: [0x1c50-0x1c57]
[    0.076431] pci 0000:00:1f.2: reg 14 io port: [0x1c44-0x1c47]
[    0.076440] pci 0000:00:1f.2: reg 18 io port: [0x1c48-0x1c4f]
[    0.076447] pci 0000:00:1f.2: reg 1c io port: [0x1c40-0x1c43]
[    0.076455] pci 0000:00:1f.2: reg 20 io port: [0x1c20-0x1c3f]
[    0.076464] pci 0000:00:1f.2: reg 24 32bit mmio: [0xfe226000-0xfe2267ff]
[    0.076524] pci 0000:00:1f.2: PME# supported from D3hot
[    0.076611] pci 0000:00:1f.2: PME# disabled
[    0.076739] pci 0000:00:1f.3: reg 10 32bit mmio: [0xfe227400-0xfe2274ff]
[    0.076764] pci 0000:00:1f.3: reg 20 io port: [0x1c60-0x1c7f]
[    0.076851] pci 0000:00:1c.0: bridge io port: [0x2000-0x2fff]
[    0.076857] pci 0000:00:1c.0: bridge 32bit mmio: [0xfc000000-0xfdffffff]
[    0.076866] pci 0000:00:1c.0: bridge 64bit mmio pref: [0xf8000000-0xf80fffff]
[    0.076936] pci 0000:03:00.0: reg 10 64bit mmio: [0xdf3f0000-0xdf3fffff]
[    0.077146] pci 0000:00:1c.1: bridge io port: [0x3000-0x3fff]
[    0.077153] pci 0000:00:1c.1: bridge 32bit mmio: [0xdc000000-0xdf3fffff]
[    0.077162] pci 0000:00:1c.1: bridge 64bit mmio pref: [0xdfe00000-0xdfefffff]
[    0.077218] pci 0000:00:1c.2: bridge io port: [0x4000-0x4fff]
[    0.077224] pci 0000:00:1c.2: bridge 32bit mmio: [0xd8000000-0xd9ffffff]
[    0.077233] pci 0000:00:1c.2: bridge 64bit mmio pref: [0xdfb00000-0xdfbfffff]
[    0.077287] pci 0000:00:1c.3: bridge io port: [0x5000-0x5fff]
[    0.077294] pci 0000:00:1c.3: bridge 32bit mmio: [0xd4000000-0xd5ffffff]
[    0.077302] pci 0000:00:1c.3: bridge 64bit mmio pref: [0xdf800000-0xdf8fffff]
[    0.077361] pci 0000:00:1c.4: bridge io port: [0x6000-0x6fff]
[    0.077367] pci 0000:00:1c.4: bridge 32bit mmio: [0xd0000000-0xd1ffffff]
[    0.077376] pci 0000:00:1c.4: bridge 64bit mmio pref: [0xdf500000-0xdf5fffff]
[    0.077437] pci 0000:15:00.0: reg 10 32bit mmio: [0xf8300000-0xf8300fff]
[    0.077481] pci 0000:15:00.0: supports D1 D2
[    0.077483] pci 0000:15:00.0: PME# supported from D0 D1 D2 D3hot D3cold
[    0.077575] pci 0000:15:00.0: PME# disabled
[    0.077707] pci 0000:15:00.1: reg 10 32bit mmio: [0xf8301000-0xf83017ff]
[    0.077804] pci 0000:15:00.1: supports D1 D2
[    0.077805] pci 0000:15:00.1: PME# supported from D0 D1 D2 D3hot D3cold
[    0.077896] pci 0000:15:00.1: PME# disabled
[    0.078081] pci 0000:00:1e.0: transparent bridge
[    0.078165] pci 0000:00:1e.0: bridge io port: [0x7000-0xafff]
[    0.078172] pci 0000:00:1e.0: bridge 32bit mmio: [0xf8300000-0xfbffffff]
[    0.078180] pci 0000:00:1e.0: bridge 64bit mmio pref: [0xf4000000-0xf7ffffff]
[    0.078247] pci_bus 0000:00: on NUMA node 0
[    0.078251] ACPI: PCI Interrupt Routing Table [\_SB_.PCI0._PRT]
[    0.078384] ACPI: PCI Interrupt Routing Table [\_SB_.PCI0.EXP0._PRT]
[    0.078443] ACPI: PCI Interrupt Routing Table [\_SB_.PCI0.EXP1._PRT]
[    0.078501] ACPI: PCI Interrupt Routing Table [\_SB_.PCI0.EXP2._PRT]
[    0.078559] ACPI: PCI Interrupt Routing Table [\_SB_.PCI0.EXP3._PRT]
[    0.078621] ACPI: PCI Interrupt Routing Table [\_SB_.PCI0.EXP4._PRT]
[    0.078683] ACPI: PCI Interrupt Routing Table [\_SB_.PCI0.PCI1._PRT]
[    0.084144] ACPI: PCI Interrupt Link [LNKA] (IRQs 3 4 5 6 7 9 *10 11)
[    0.084869] ACPI: PCI Interrupt Link [LNKB] (IRQs 3 4 5 6 7 9 10 *11)
[    0.085567] ACPI: PCI Interrupt Link [LNKC] (IRQs 3 4 5 6 7 9 10 *11)
[    0.086330] ACPI: PCI Interrupt Link [LNKD] (IRQs 3 4 5 6 7 9 10 *11)
[    0.087073] ACPI: PCI Interrupt Link [LNKE] (IRQs 3 4 5 6 7 9 10 *11)
[    0.087791] ACPI: PCI Interrupt Link [LNKF] (IRQs 3 4 5 6 7 9 10 *11)
[    0.088473] ACPI: PCI Interrupt Link [LNKG] (IRQs 3 4 5 6 7 9 10 *11)
[    0.089230] ACPI: PCI Interrupt Link [LNKH] (IRQs 3 4 5 6 7 9 10 *11)
[    0.089930] vgaarb: device added: PCI:0000:00:02.0,decodes=io+mem,owns=io+mem,locks=none
[    0.090001] vgaarb: loaded
[    0.090177] SCSI subsystem initialized
[    0.090272] libata version 3.00 loaded.
[    0.090321] usbcore: registered new interface driver usbfs
[    0.090440] usbcore: registered new interface driver hub
[    0.090550] usbcore: registered new device driver usb
[    0.107034] raid6: int32x1    941 MB/s
[    0.124059] raid6: int32x2    890 MB/s
[    0.141070] raid6: int32x4    750 MB/s
[    0.157988] raid6: int32x8    656 MB/s
[    0.174984] raid6: mmxx1     2878 MB/s
[    0.191998] raid6: mmxx2     3273 MB/s
[    0.208994] raid6: sse1x1    1937 MB/s
[    0.225994] raid6: sse1x2    2535 MB/s
[    0.242976] raid6: sse2x1    3507 MB/s
[    0.259979] raid6: sse2x2    3828 MB/s
[    0.260057] raid6: using algorithm sse2x2 (3828 MB/s)
[    0.260144] PCI: Using ACPI for IRQ routing
[    0.260436] HPET: 3 timers in total, 0 timers will be used for per-cpu timer
[    0.260989] Switching to clocksource tsc
[    0.261081] pnp: PnP ACPI init
[    0.261164] ACPI: bus type pnp registered
[    0.264818] pnp: PnP ACPI: found 11 devices
[    0.264911] ACPI: ACPI bus type pnp unregistered
[    0.265000] system 00:00: iomem range 0x0-0x9ffff could not be reserved
[    0.265088] system 00:00: iomem range 0xc0000-0xc3fff could not be reserved
[    0.265185] system 00:00: iomem range 0xc4000-0xc7fff could not be reserved
[    0.265271] system 00:00: iomem range 0xc8000-0xcbfff has been reserved
[    0.265359] system 00:00: iomem range 0xcc000-0xcffff has been reserved
[    0.265444] system 00:00: iomem range 0xd0000-0xd3fff could not be reserved
[    0.265527] system 00:00: iomem range 0xe0000-0xe3fff could not be reserved
[    0.265615] system 00:00: iomem range 0xe4000-0xe7fff could not be reserved
[    0.265703] system 00:00: iomem range 0xe8000-0xebfff could not be reserved
[    0.265786] system 00:00: iomem range 0xec000-0xeffff could not be reserved
[    0.265880] system 00:00: iomem range 0xf0000-0xfffff could not be reserved
[    0.265967] system 00:00: iomem range 0x100000-0x3dffffff could not be reserved
[    0.266081] system 00:00: iomem range 0xfec00000-0xfed3ffff could not be reserved
[    0.266194] system 00:00: iomem range 0xfed4c000-0xffffffff could not be reserved
[    0.266309] system 00:02: ioport range 0x164e-0x164f has been reserved
[    0.266392] system 00:02: ioport range 0x1000-0x107f has been reserved
[    0.266473] system 00:02: ioport range 0x1180-0x11bf has been reserved
[    0.266560] system 00:02: ioport range 0x800-0x80f has been reserved
[    0.266642] system 00:02: ioport range 0x15e0-0x15ef has been reserved
[    0.266728] system 00:02: ioport range 0x1600-0x165f could not be reserved
[    0.266821] system 00:02: iomem range 0xf0000000-0xf3ffffff has been reserved
[    0.266907] system 00:02: iomem range 0xfed1c000-0xfed1ffff has been reserved
[    0.266991] system 00:02: iomem range 0xfed14000-0xfed17fff has been reserved
[    0.267080] system 00:02: iomem range 0xfed18000-0xfed18fff has been reserved
[    0.267165] system 00:02: iomem range 0xfed19000-0xfed19fff has been reserved
[    0.267256] system 00:02: iomem range 0xfed45000-0xfed4bfff has been reserved
[    0.302287] pci 0000:00:1c.0: PCI bridge, secondary bus 0000:02
[    0.302376] pci 0000:00:1c.0:   IO window: 0x2000-0x2fff
[    0.302460] pci 0000:00:1c.0:   MEM window: 0xfc000000-0xfdffffff
[    0.302552] pci 0000:00:1c.0:   PREFETCH window: 0x000000f8000000-0x000000f80fffff
[    0.302670] pci 0000:00:1c.1: PCI bridge, secondary bus 0000:03
[    0.302759] pci 0000:00:1c.1:   IO window: 0x3000-0x3fff
[    0.302842] pci 0000:00:1c.1:   MEM window: 0xdc000000-0xdf3fffff
[    0.302937] pci 0000:00:1c.1:   PREFETCH window: 0x000000dfe00000-0x000000dfefffff
[    0.303054] pci 0000:00:1c.2: PCI bridge, secondary bus 0000:04
[    0.303144] pci 0000:00:1c.2:   IO window: 0x4000-0x4fff
[    0.303242] pci 0000:00:1c.2:   MEM window: 0xd8000000-0xd9ffffff
[    0.303336] pci 0000:00:1c.2:   PREFETCH window: 0x000000dfb00000-0x000000dfbfffff
[    0.303457] pci 0000:00:1c.3: PCI bridge, secondary bus 0000:05
[    0.303542] pci 0000:00:1c.3:   IO window: 0x5000-0x5fff
[    0.303631] pci 0000:00:1c.3:   MEM window: 0xd4000000-0xd5ffffff
[    0.303715] pci 0000:00:1c.3:   PREFETCH window: 0x000000df800000-0x000000df8fffff
[    0.303837] pci 0000:00:1c.4: PCI bridge, secondary bus 0000:0d
[    0.303923] pci 0000:00:1c.4:   IO window: 0x6000-0x6fff
[    0.304007] pci 0000:00:1c.4:   MEM window: 0xd0000000-0xd1ffffff
[    0.304095] pci 0000:00:1c.4:   PREFETCH window: 0x000000df500000-0x000000df5fffff
[    0.304219] pci 0000:15:00.0: CardBus bridge, secondary bus 0000:16
[    0.304312] pci 0000:15:00.0:   IO window: 0x007000-0x0070ff
[    0.304395] pci 0000:15:00.0:   IO window: 0x007400-0x0074ff
[    0.304486] pci 0000:15:00.0:   PREFETCH window: 0xf4000000-0xf7ffffff
[    0.304572] pci 0000:15:00.0:   MEM window: 0x40000000-0x43ffffff
[    0.304663] pci 0000:00:1e.0: PCI bridge, secondary bus 0000:15
[    0.304749] pci 0000:00:1e.0:   IO window: 0x7000-0xafff
[    0.304834] pci 0000:00:1e.0:   MEM window: 0xf8300000-0xfbffffff
[    0.304929] pci 0000:00:1e.0:   PREFETCH window: 0x000000f4000000-0x000000f7ffffff
[    0.305065] pci 0000:00:1c.0: PCI INT A -> GSI 20 (level, low) -> IRQ 20
[    0.305170] pci 0000:00:1c.0: setting latency timer to 64
[    0.305187] pci 0000:00:1c.1: PCI INT B -> GSI 21 (level, low) -> IRQ 21
[    0.305275] pci 0000:00:1c.1: setting latency timer to 64
[    0.305289] pci 0000:00:1c.2: PCI INT C -> GSI 22 (level, low) -> IRQ 22
[    0.305373] pci 0000:00:1c.2: setting latency timer to 64
[    0.305387] pci 0000:00:1c.3: PCI INT D -> GSI 23 (level, low) -> IRQ 23
[    0.305484] pci 0000:00:1c.3: setting latency timer to 64
[    0.305493] pci 0000:00:1c.4: PCI INT A -> GSI 20 (level, low) -> IRQ 20
[    0.305576] pci 0000:00:1c.4: setting latency timer to 64
[    0.305583] pci 0000:00:1e.0: enabling device (0005 -> 0007)
[    0.305673] pci 0000:00:1e.0: setting latency timer to 64
[    0.305689] pci 0000:15:00.0: PCI INT A -> GSI 16 (level, low) -> IRQ 16
[    0.305780] pci 0000:15:00.0: setting latency timer to 64
[    0.305784] pci_bus 0000:00: resource 0 io:  [0x00-0xffff]
[    0.305786] pci_bus 0000:00: resource 1 mem: [0x000000-0xffffffff]
[    0.305788] pci_bus 0000:02: resource 0 io:  [0x2000-0x2fff]
[    0.305789] pci_bus 0000:02: resource 1 mem: [0xfc000000-0xfdffffff]
[    0.305791] pci_bus 0000:02: resource 2 pref mem [0xf8000000-0xf80fffff]
[    0.305793] pci_bus 0000:03: resource 0 io:  [0x3000-0x3fff]
[    0.305795] pci_bus 0000:03: resource 1 mem: [0xdc000000-0xdf3fffff]
[    0.305797] pci_bus 0000:03: resource 2 pref mem [0xdfe00000-0xdfefffff]
[    0.305799] pci_bus 0000:04: resource 0 io:  [0x4000-0x4fff]
[    0.305800] pci_bus 0000:04: resource 1 mem: [0xd8000000-0xd9ffffff]
[    0.305802] pci_bus 0000:04: resource 2 pref mem [0xdfb00000-0xdfbfffff]
[    0.305804] pci_bus 0000:05: resource 0 io:  [0x5000-0x5fff]
[    0.305806] pci_bus 0000:05: resource 1 mem: [0xd4000000-0xd5ffffff]
[    0.305808] pci_bus 0000:05: resource 2 pref mem [0xdf800000-0xdf8fffff]
[    0.305809] pci_bus 0000:0d: resource 0 io:  [0x6000-0x6fff]
[    0.305811] pci_bus 0000:0d: resource 1 mem: [0xd0000000-0xd1ffffff]
[    0.305813] pci_bus 0000:0d: resource 2 pref mem [0xdf500000-0xdf5fffff]
[    0.305815] pci_bus 0000:15: resource 0 io:  [0x7000-0xafff]
[    0.305817] pci_bus 0000:15: resource 1 mem: [0xf8300000-0xfbffffff]
[    0.305818] pci_bus 0000:15: resource 2 pref mem [0xf4000000-0xf7ffffff]
[    0.305820] pci_bus 0000:15: resource 3 io:  [0x00-0xffff]
[    0.305822] pci_bus 0000:15: resource 4 mem: [0x000000-0xffffffff]
[    0.305823] pci_bus 0000:16: resource 0 io:  [0x7000-0x70ff]
[    0.305825] pci_bus 0000:16: resource 1 io:  [0x7400-0x74ff]
[    0.305827] pci_bus 0000:16: resource 2 pref mem [0xf4000000-0xf7ffffff]
[    0.305829] pci_bus 0000:16: resource 3 mem: [0x40000000-0x43ffffff]
[    0.305836] NET: Registered protocol family 2
[    0.305922] RANDOM - __random32 called. Change num 7.  Value: 5362b39e	996a101	94470543
[    0.305924] RANDOM - random32 called.  Value: 5362b39e	996a101	94470543
[    0.305928] random 0000 0000 0000 5f8db4e5 4cfdf2a8: rand_read_num 3 get_random_bytes(4): sig fffffb64 5f8db4e5 4cfdf2a8
[    0.305930] random 0000 0000 0000 5f8db4e5 4cfdf2a8: extract_entropy(.. 4 ..)
[    0.305933] random 0000 0000 0000 5f8db4e5 4cfdf2a8: going to reseed nonblocking with 64 bits (32 of 0 requested)
[    0.305935] random 0000 0000 0000 5f8db4e5 4cfdf2a8: extract_entropy(.. 8 ..)
[    0.305937] random 0000 0000 0000 5f8db4e5 4cfdf2a8: trying to extract 64 bits from input
[    0.305939] random 0000 0000 0000 5f8db4e5 4cfdf2a8: debiting 0 entropy credits from input
[    0.305941] random 0000 0000 0000 5f8db4e5 4cfdf2a8: extract_entropy account returned: 0 
[    0.305944] random 0000 0000 0000 5f8db4e5 4cfdf2a8: urand_change_num 5 xfer_secondary_pool(4): pool_sig fffffb64, data_sig 00000000, bytes_mixed 0 5f8db4e5 4cfdf2a8
[    0.305947] random 0000 0000 0000 5f8db4e5 4cfdf2a8: trying to extract 32 bits from nonblocking
[    0.305949] random 0000 0000 0000 5f8db4e5 4cfdf2a8: debiting 32 entropy credits from nonblocking (unlimited)
[    0.305951] random 0000 0000 0000 5f8db4e5 4cfdf2a8: extract_entropy account returned: 4 
[    0.305955] random 0000 0000 0000 5f8db4e5 4cfdf2a8: urand_change_num 6 extract_buf: pool_sig fffffb64, data_sig 00000241, bytes_mixed 20 5f8db4e5 4cfdf2a8
[    0.305965] IP route cache hash table entries: 32768 (order: 5, 131072 bytes)
[    0.306090] RANDOM - __random32 called. Change num 8.  Value: 2b39e0a2	996a1017	a86cfe5
[    0.306091] RANDOM - random32 called.  Value: 2b39e0a2	996a1017	a86cfe5
[    0.306102] RANDOM - __random32 called. Change num 9.  Value: 9e0a22e5	96a1017e	9fcbd616
[    0.306104] RANDOM - random32 called.  Value: 9e0a22e5	96a1017e	9fcbd616
[    0.306106] RANDOM - __random32 called. Change num 10.  Value: a22e5b4a	6a1017e6	ac2c32ac
[    0.306107] RANDOM - random32 called.  Value: a22e5b4a	6a1017e6	ac2c32ac
[    0.306118] RANDOM - __random32 called. Change num 11.  Value: e5b4ad28	a1017e61	6559a9b4
[    0.306120] RANDOM - random32 called.  Value: e5b4ad28	a1017e61	6559a9b4
[    0.306130] TCP established hash table entries: 131072 (order: 8, 1048576 bytes)
[    0.306617] TCP bind hash table entries: 65536 (order: 6, 262144 bytes)
[    0.306803] TCP: Hash tables configured (established 131072 bind 65536)
[    0.306898] TCP reno registered
[    0.306998] NET: Registered protocol family 1
[    0.307103] RPC: Registered udp transport module.
[    0.307185] RPC: Registered tcp transport module.
[    0.307265] RPC: Registered tcp NFSv4.1 backchannel transport module.
[    0.307353] pci 0000:00:02.0: Boot video device
[    0.307567] Simple Boot Flag at 0x35 set to 0x1
[    0.308132] highmem bounce pool size: 64 pages
[    0.309617] VFS: Disk quotas dquot_6.5.2
[    0.309734] Dquot-cache hash table entries: 1024 (order 0, 4096 bytes)
[    0.310464] NTFS driver 2.1.29 [Flags: R/W].
[    0.310615] ROMFS MTD (C) 2007 Red Hat, Inc.
[    0.310816] JFS: nTxBlock = 7695, nTxLock = 61562
[    0.313260] SGI XFS with ACLs, security attributes, large block/inode numbers, no debug enabled
[    0.313735] SGI XFS Quota Management subsystem
[    0.314089] Slow work thread pool: Starting up
[    0.314185] Slow work thread pool: Ready
[    0.314271] GFS2 (built May 24 2013 02:47:17) installed
[    0.314364] msgmni has been set to 1734
[    0.314527] alg: No test for cipher_null (cipher_null-generic)
[    0.314629] alg: No test for ecb(cipher_null) (ecb-cipher_null)
[    0.314719] alg: No test for digest_null (digest_null-generic)
[    0.314818] alg: No test for compress_null (compress_null-generic)
[    0.315367] alg: No test for fcrypt (fcrypt-generic)
[    0.316777] alg: No test for stdrng (krng)
[    0.316877] async_tx: api initialized (async)
[    0.317021] Block layer SCSI generic (bsg) driver version 0.4 loaded (major 254)
[    0.317135] io scheduler noop registered
[    0.317214] io scheduler anticipatory registered
[    0.317294] io scheduler deadline registered
[    0.317416] io scheduler cfq registered (default)
[    0.317648] pcieport 0000:00:1c.0: irq 24 for MSI/MSI-X
[    0.317663] pcieport 0000:00:1c.0: setting latency timer to 64
[    0.317845] pcieport 0000:00:1c.1: irq 25 for MSI/MSI-X
[    0.317857] pcieport 0000:00:1c.1: setting latency timer to 64
[    0.318050] pcieport 0000:00:1c.2: irq 26 for MSI/MSI-X
[    0.318060] pcieport 0000:00:1c.2: setting latency timer to 64
[    0.318235] pcieport 0000:00:1c.3: irq 27 for MSI/MSI-X
[    0.318247] pcieport 0000:00:1c.3: setting latency timer to 64
[    0.318420] pcieport 0000:00:1c.4: irq 28 for MSI/MSI-X
[    0.318431] pcieport 0000:00:1c.4: setting latency timer to 64
[    0.318576] pci_hotplug: PCI Hot Plug PCI Core version: 0.5
[    0.318769] isapnp: Scanning for PnP cards...
[    0.679309] isapnp: No Plug & Play device found
[    0.679399] random 0000 0000 0000 5f8db4e5 4cfdf2a8: initializing
[    0.698873] Serial: 8250/16550 driver, 4 ports, IRQ sharing enabled
[    3.709567] floppy0: no floppy controllers found
[    3.710501] brd: module loaded
[    3.710995] loop: module loaded
[    3.711082] Compaq SMART2 Driver (v 2.6.0)
[    3.711196] HP CISS Driver (v 3.6.20)
[    3.711433] input: Macintosh mouse button emulation as /devices/virtual/input/input0
[    3.711549] Uniform Multi-Platform E-IDE driver
[    3.711781] piix 0000:00:1f.1: IDE controller (0x8086:0x2850 rev 0x03)
[    3.711885] pci 0000:00:1f.1: PCI INT C -> GSI 16 (level, low) -> IRQ 16
[    3.711987] piix 0000:00:1f.1: IDE port disabled
[    3.712076] piix 0000:00:1f.1: not 100% native mode: will probe irqs later
[    3.712168]     ide0: BM-DMA at 0x1c00-0x1c07
[    3.712253] Probing IDE interface ide0...
[    4.383724] hda: HL-DT-ST DVDRAM GSA-U10N, ATAPI CD/DVD-ROM drive
[    4.690508] hda: host max PIO4 wanted PIO255(auto-tune) selected PIO4
[    4.691278] hda: UDMA/33 mode selected
[    4.691747] ide0 at 0x1f0-0x1f7,0x3f6 on irq 14
[    4.695618] ide-gd driver 1.18
[    4.695714] ide-cd driver 5.00
[    4.697108] ide-cd: hda: ATAPI 24X DVD-ROM DVD-R/RAM CD-R/RW drive, 2048kB Cache
[    4.697523] Uniform CD-ROM driver Revision: 3.20
[    4.704663] Loading iSCSI transport class v2.0-870.
[    4.704949] rdac: device handler registered
[    4.705038] hp_sw: device handler registered
[    4.705123] emc: device handler registered
[    4.705201] alua: device handler registered
[    4.706181] Adaptec aacraid driver 1.1-5[2461]-ms
[    4.706592] scsi: <fdomain> Detection failed (no card)
[    4.706685] sym53c416.c: Version 1.0.0-ac
[    4.706782] qlogicfas: no cards were found, please specify I/O address and IRQ using iobase= and irq= options
[    4.706904] QLogic Fibre Channel HBA Driver: 8.03.01-k6
[    4.707109] iscsi: registered transport (qla4xxx)
[    4.707209] QLogic iSCSI HBA Driver
[    4.707288] Emulex LightPulse Fibre Channel SCSI driver 8.3.4
[    4.707369] Copyright(c) 2004-2009 Emulex.  All rights reserved.
[    4.729492] Failed initialization of WD-7000 SCSI card!
[    4.819096] DC390: clustering now enabled by default. If you get problems load
[    4.819212]        with "disable_clustering=1" and report to maintainers
[    4.819338] megaraid cmm: 2.20.2.7 (Release Date: Sun Jul 16 00:01:03 EST 2006)
[    4.819494] megaraid: 2.20.5.1 (Release Date: Thu Nov 16 15:32:35 EST 2006)
[    4.819601] megasas: 00.00.04.01 Thu July 24 11:41:51 PST 2008
[    4.819724] GDT-HA: Storage RAID Controller Driver. Version: 3.05
[    4.819863] 3ware Storage Controller device driver for Linux v1.26.02.002.
[    4.819968] 3ware 9000 Storage Controller device driver for Linux v2.26.02.012.
[    4.820109] nsp32: loading...
[    4.820205] ipr: IBM Power RAID SCSI Device Driver version: 2.4.3 (June 10, 2009)
[    4.820339] RocketRAID 3xxx/4xxx Controller driver v1.6 (090910)
[    4.820440] stex: Promise SuperTrak EX Driver version: 4.6.0000.3
[    4.820571] st: Version 20081215, fixed bufsize 32768, s/g segs 256
[    4.820757] ahci 0000:00:1f.2: version 3.0
[    4.820773] ahci 0000:00:1f.2: PCI INT B -> GSI 16 (level, low) -> IRQ 16
[    4.820903] ahci 0000:00:1f.2: irq 29 for MSI/MSI-X
[    4.820964] ahci 0000:00:1f.2: AHCI 0001.0100 32 slots 3 ports 1.5 Gbps 0x5 impl SATA mode
[    4.821078] ahci 0000:00:1f.2: flags: 64bit ncq sntf pm led clo pio slum part ccc 
[    4.821197] ahci 0000:00:1f.2: setting latency timer to 64
[    4.821341] scsi2 : ahci
[    4.821511] scsi3 : ahci
[    4.821641] scsi4 : ahci
[    4.821812] ata1: SATA max UDMA/133 abar m2048@0xfe226000 port 0xfe226100 irq 29
[    4.821927] ata2: DUMMY
[    4.822015] ata3: SATA max UDMA/133 abar m2048@0xfe226000 port 0xfe226200 irq 29
[    4.822618] I2O subsystem v1.325
[    4.822706] i2o: max drivers = 8
[    4.822844] I2O Configuration OSM v1.323
[    4.822938] I2O Bus Adapter OSM v1.317
[    4.823031] I2O Block Device OSM v1.325
[    4.823177] I2O SCSI Peripheral OSM v1.316
[    4.823282] I2O ProcFS OSM v1.316
[    4.823388] Fusion MPT base driver 3.04.12
[    4.823488] Copyright (c) 1999-2008 LSI Corporation
[    4.823569] Fusion MPT SPI Host driver 3.04.12
[    4.823713] Fusion MPT FC Host driver 3.04.12
[    4.823827] Fusion MPT SAS Host driver 3.04.12
[    4.823973] ohci1394 0000:15:00.1: PCI INT B -> GSI 17 (level, low) -> IRQ 17
[    4.824064] ohci1394 0000:15:00.1: setting latency timer to 64
[    4.877500] ohci1394: fw-host0: OHCI-1394 1.1 (PCI): IRQ=[17]  MMIO=[f8301000-f83017ff]  Max Packet=[2048]  IR/IT contexts=[4/4]
[    4.880756] ehci_hcd: USB 2.0 'Enhanced' Host Controller (EHCI) Driver
[    4.881017] ehci_hcd 0000:00:1a.7: power state changed by ACPI to D0
[    4.881256] ehci_hcd 0000:00:1a.7: power state changed by ACPI to D0
[    4.881353] ehci_hcd 0000:00:1a.7: PCI INT C -> GSI 22 (level, low) -> IRQ 22
[    4.881462] ehci_hcd 0000:00:1a.7: setting latency timer to 64
[    4.881467] ehci_hcd 0000:00:1a.7: EHCI Host Controller
[    4.881602] ehci_hcd 0000:00:1a.7: new USB bus registered, assigned bus number 1
[    4.885645] ehci_hcd 0000:00:1a.7: cache line size of 32 is not supported
[    4.885652] ehci_hcd 0000:00:1a.7: irq 22, io mem 0xfe226c00
[    4.895460] ehci_hcd 0000:00:1a.7: USB 2.0 started, EHCI 1.00
[    4.895554] usb usb1: New USB device found, idVendor=1d6b, idProduct=0002
[    4.895636] usb usb1: New USB device strings: Mfr=3, Product=2, SerialNumber=1
[    4.895755] usb usb1: Product: EHCI Host Controller
[    4.895834] usb usb1: Manufacturer: Linux 2.6.32.57 ehci_hcd
[    4.895919] usb usb1: SerialNumber: 0000:00:1a.7
[    4.896056] usb usb1: configuration #1 chosen from 1 choice
[    4.896178] hub 1-0:1.0: USB hub found
[    4.896260] hub 1-0:1.0: 4 ports detected
[    4.896557] ehci_hcd 0000:00:1d.7: power state changed by ACPI to D0
[    4.896791] ehci_hcd 0000:00:1d.7: power state changed by ACPI to D0
[    4.896886] ehci_hcd 0000:00:1d.7: PCI INT D -> GSI 19 (level, low) -> IRQ 19
[    4.896977] ehci_hcd 0000:00:1d.7: setting latency timer to 64
[    4.896982] ehci_hcd 0000:00:1d.7: EHCI Host Controller
[    4.897101] ehci_hcd 0000:00:1d.7: new USB bus registered, assigned bus number 2
[    4.897245] ehci_hcd 0000:00:1d.7: debug port 1
[    4.901232] ehci_hcd 0000:00:1d.7: cache line size of 32 is not supported
[    4.901239] ehci_hcd 0000:00:1d.7: irq 19, io mem 0xfe227000
[    4.911458] ehci_hcd 0000:00:1d.7: USB 2.0 started, EHCI 1.00
[    4.911559] usb usb2: New USB device found, idVendor=1d6b, idProduct=0002
[    4.911645] usb usb2: New USB device strings: Mfr=3, Product=2, SerialNumber=1
[    4.911761] usb usb2: Product: EHCI Host Controller
[    4.911843] usb usb2: Manufacturer: Linux 2.6.32.57 ehci_hcd
[    4.911924] usb usb2: SerialNumber: 0000:00:1d.7
[    4.912056] usb usb2: configuration #1 chosen from 1 choice
[    4.912170] hub 2-0:1.0: USB hub found
[    4.912261] hub 2-0:1.0: 6 ports detected
[    4.912432] 116x: driver isp116x-hcd, 03 Nov 2005
[    4.912539] ohci_hcd: USB 1.1 'Open' Host Controller (OHCI) Driver
[    4.912642] uhci_hcd: USB Universal Host Controller Interface driver
[    4.912741] uhci_hcd 0000:00:1a.0: PCI INT A -> GSI 20 (level, low) -> IRQ 20
[    4.912836] uhci_hcd 0000:00:1a.0: setting latency timer to 64
[    4.912840] uhci_hcd 0000:00:1a.0: UHCI Host Controller
[    4.912960] uhci_hcd 0000:00:1a.0: new USB bus registered, assigned bus number 3
[    4.913108] uhci_hcd 0000:00:1a.0: irq 20, io base 0x00001860
[    4.913220] usb usb3: New USB device found, idVendor=1d6b, idProduct=0001
[    4.913304] usb usb3: New USB device strings: Mfr=3, Product=2, SerialNumber=1
[    4.913417] usb usb3: Product: UHCI Host Controller
[    4.913516] usb usb3: Manufacturer: Linux 2.6.32.57 uhci_hcd
[    4.913603] usb usb3: SerialNumber: 0000:00:1a.0
[    4.913749] usb usb3: configuration #1 chosen from 1 choice
[    4.913871] hub 3-0:1.0: USB hub found
[    4.913957] hub 3-0:1.0: 2 ports detected
[    4.914239] uhci_hcd 0000:00:1a.1: power state changed by ACPI to D0
[    4.914484] uhci_hcd 0000:00:1a.1: power state changed by ACPI to D0
[    4.914578] uhci_hcd 0000:00:1a.1: PCI INT B -> GSI 21 (level, low) -> IRQ 21
[    4.914673] uhci_hcd 0000:00:1a.1: setting latency timer to 64
[    4.914678] uhci_hcd 0000:00:1a.1: UHCI Host Controller
[    4.914805] uhci_hcd 0000:00:1a.1: new USB bus registered, assigned bus number 4
[    4.914955] uhci_hcd 0000:00:1a.1: irq 21, io base 0x00001880
[    4.915074] usb usb4: New USB device found, idVendor=1d6b, idProduct=0001
[    4.915157] usb usb4: New USB device strings: Mfr=3, Product=2, SerialNumber=1
[    4.915269] usb usb4: Product: UHCI Host Controller
[    4.915349] usb usb4: Manufacturer: Linux 2.6.32.57 uhci_hcd
[    4.915442] usb usb4: SerialNumber: 0000:00:1a.1
[    4.915581] usb usb4: configuration #1 chosen from 1 choice
[    4.915694] hub 4-0:1.0: USB hub found
[    4.915781] hub 4-0:1.0: 2 ports detected
[    4.916085] uhci_hcd 0000:00:1d.0: power state changed by ACPI to D0
[    4.916319] uhci_hcd 0000:00:1d.0: power state changed by ACPI to D0
[    4.916416] uhci_hcd 0000:00:1d.0: PCI INT A -> GSI 16 (level, low) -> IRQ 16
[    4.916519] uhci_hcd 0000:00:1d.0: setting latency timer to 64
[    4.916524] uhci_hcd 0000:00:1d.0: UHCI Host Controller
[    4.916648] uhci_hcd 0000:00:1d.0: new USB bus registered, assigned bus number 5
[    4.916795] uhci_hcd 0000:00:1d.0: irq 16, io base 0x000018a0
[    4.916905] usb usb5: New USB device found, idVendor=1d6b, idProduct=0001
[    4.916995] usb usb5: New USB device strings: Mfr=3, Product=2, SerialNumber=1
[    4.917117] usb usb5: Product: UHCI Host Controller
[    4.917202] usb usb5: Manufacturer: Linux 2.6.32.57 uhci_hcd
[    4.917283] usb usb5: SerialNumber: 0000:00:1d.0
[    4.917414] usb usb5: configuration #1 chosen from 1 choice
[    4.917532] hub 5-0:1.0: USB hub found
[    4.917618] hub 5-0:1.0: 2 ports detected
[    4.917753] uhci_hcd 0000:00:1d.1: PCI INT B -> GSI 17 (level, low) -> IRQ 17
[    4.917841] uhci_hcd 0000:00:1d.1: setting latency timer to 64
[    4.917844] uhci_hcd 0000:00:1d.1: UHCI Host Controller
[    4.917967] uhci_hcd 0000:00:1d.1: new USB bus registered, assigned bus number 6
[    4.918107] uhci_hcd 0000:00:1d.1: irq 17, io base 0x000018c0
[    4.918224] usb usb6: New USB device found, idVendor=1d6b, idProduct=0001
[    4.918313] usb usb6: New USB device strings: Mfr=3, Product=2, SerialNumber=1
[    4.918428] usb usb6: Product: UHCI Host Controller
[    4.918522] usb usb6: Manufacturer: Linux 2.6.32.57 uhci_hcd
[    4.918607] usb usb6: SerialNumber: 0000:00:1d.1
[    4.918732] usb usb6: configuration #1 chosen from 1 choice
[    4.918845] hub 6-0:1.0: USB hub found
[    4.918935] hub 6-0:1.0: 2 ports detected
[    4.919230] uhci_hcd 0000:00:1d.2: power state changed by ACPI to D0
[    4.919468] uhci_hcd 0000:00:1d.2: power state changed by ACPI to D0
[    4.919554] uhci_hcd 0000:00:1d.2: PCI INT C -> GSI 18 (level, low) -> IRQ 18
[    4.919651] uhci_hcd 0000:00:1d.2: setting latency timer to 64
[    4.919654] uhci_hcd 0000:00:1d.2: UHCI Host Controller
[    4.919773] uhci_hcd 0000:00:1d.2: new USB bus registered, assigned bus number 7
[    4.919916] uhci_hcd 0000:00:1d.2: irq 18, io base 0x000018e0
[    4.920026] usb usb7: New USB device found, idVendor=1d6b, idProduct=0001
[    4.920116] usb usb7: New USB device strings: Mfr=3, Product=2, SerialNumber=1
[    4.920228] usb usb7: Product: UHCI Host Controller
[    4.920312] usb usb7: Manufacturer: Linux 2.6.32.57 uhci_hcd
[    4.920392] usb usb7: SerialNumber: 0000:00:1d.2
[    4.921177] usb usb7: configuration #1 chosen from 1 choice
[    4.921286] hub 7-0:1.0: USB hub found
[    4.921372] hub 7-0:1.0: 2 ports detected
[    4.921531] sl811: driver sl811-hcd, 19 May 2005
[    4.921627] r8a66597_hcd: driver r8a66597_hcd, 2009-05-26
[    4.921797] Initializing USB Mass Storage driver...
[    4.921913] usbcore: registered new interface driver usb-storage
[    4.922003] USB Mass Storage support registered.
[    4.922106] usbcore: registered new interface driver ums-alauda
[    4.922206] usbcore: registered new interface driver ums-cypress
[    4.922310] usbcore: registered new interface driver ums-datafab
[    4.922413] usbcore: registered new interface driver ums-freecom
[    4.922522] usbcore: registered new interface driver ums-isd200
[    4.922631] usbcore: registered new interface driver ums-jumpshot
[    4.922736] usbcore: registered new interface driver ums-karma
[    4.922839] usbcore: registered new interface driver ums-onetouch
[    4.922947] usbcore: registered new interface driver ums-sddr09
[    4.923049] usbcore: registered new interface driver ums-sddr55
[    4.923149] usbcore: registered new interface driver ums-usbat
[    4.923285] PNP: PS/2 Controller [PNP0303:KBD,PNP0f13:MOU] at 0x60,0x64 irq 1,12
[    4.931433] serio: i8042 KBD port at 0x60,0x64 irq 1
[    4.931517] serio: i8042 AUX port at 0x60,0x64 irq 12
[    4.931750] mice: PS/2 mouse device common for all mice
[    4.931857] i2c /dev entries driver
[    4.931982] md: linear personality registered for level -1
[    4.932067] md: raid0 personality registered for level 0
[    4.932145] md: raid1 personality registered for level 1
[    4.932232] md: raid10 personality registered for level 10
[    4.932323] md: raid6 personality registered for level 6
[    4.932403] md: raid5 personality registered for level 5
[    4.932508] md: raid4 personality registered for level 4
[    4.932594] md: multipath personality registered for level -4
[    4.932787] device-mapper: ioctl: 4.15.0-ioctl (2009-04-01) initialised: dm-devel@redhat.com
[    4.932979] cpuidle: using governor ladder
[    4.933572] usbcore: registered new interface driver usbhid
[    4.933655] usbhid: v2.6:USB HID core driver
[    4.933804] random 0000 0000 0000 00000000 00000000: rand_read_num 4 get_random_bytes(136): sig 00000000 00000000 00000000
[    4.933807] random 0000 0000 0000 00000000 00000000: extract_entropy(.. 136 ..)
[    4.933809] random 0000 0000 0000 00000000 00000000: going to reseed nonblocking with 1024 bits (1088 of 0 requested)
[    4.933812] random 0000 0000 0000 00000000 00000000: extract_entropy(.. 128 ..)
[    4.933814] random 0000 0000 0000 00000000 00000000: trying to extract 1024 bits from input
[    4.933816] random 0000 0000 0000 00000000 00000000: debiting 0 entropy credits from input
[    4.933818] random 0000 0000 0000 00000000 00000000: extract_entropy account returned: 0 
[    4.933821] random 0000 0000 0000 00000000 00000000: urand_change_num 7 xfer_secondary_pool(136): pool_sig 00000000, data_sig 00000000, bytes_mixed 0 00000000 00000000
[    4.933824] random 0000 0000 0000 00000000 00000000: trying to extract 1088 bits from nonblocking
[    4.933826] random 0000 0000 0000 00000000 00000000: debiting 1088 entropy credits from nonblocking (unlimited)
[    4.933828] random 0000 0000 0000 00000000 00000000: extract_entropy account returned: 136 
[    4.933833] random 0000 0000 0000 00000000 00000000: urand_change_num 8 extract_buf: pool_sig 00000000, data_sig fffffff9, bytes_mixed 20 00000000 00000000
[    4.933838] random 0000 0000 0000 b7c35b56 be4dc95d: urand_change_num 9 extract_buf: pool_sig fffffd1e, data_sig 000000c5, bytes_mixed 20 b7c35b56 be4dc95d
[    4.933844] random 0000 0000 0000 ed9f5c47 c48487fb: urand_change_num 10 extract_buf: pool_sig fffff8ec, data_sig ffffff68, bytes_mixed 20 ed9f5c47 c48487fb
[    4.933849] random 0000 0000 0000 ed9f5c47 c48487fb: urand_change_num 11 extract_buf: pool_sig fffffaed, data_sig 000001aa, bytes_mixed 20 ed9f5c47 c48487fb
[    4.933854] random 0000 0000 0000 1b4f7c0a 91bd6a48: urand_change_num 12 extract_buf: pool_sig fffffdd8, data_sig 00000064, bytes_mixed 20 1b4f7c0a 91bd6a48
[    4.933859] random 0000 0000 0000 a254b9bc 20e9a24f: urand_change_num 13 extract_buf: pool_sig fffffbe6, data_sig 000001dd, bytes_mixed 20 a254b9bc 20e9a24f
[    4.933864] random 0000 0000 0000 a254b9bc 20e9a24f: urand_change_num 14 extract_buf: pool_sig fffff940, data_sig fffffe20, bytes_mixed 20 a254b9bc 20e9a24f
[    4.933869] random 0000 0000 0000 2831a66b 5fa2a3ad: urand_change_num 15 extract_buf: pool_sig fffffbce, data_sig 0000007e, bytes_mixed 20 2831a66b 5fa2a3ad
[    4.933875] random 0000 0000 0000 2831a66b 5fa2a3ad: urand_change_num 16 extract_buf: pool_sig 000004df, data_sig fffffe8f, bytes_mixed 20 2831a66b 5fa2a3ad
[    4.933880] random 0000 0000 0000 d4512bfd c9a54e0b: urand_change_num 17 extract_buf: pool_sig 00000485, data_sig fffffe68, bytes_mixed 20 d4512bfd c9a54e0b
[    4.933885] random 0000 0000 0000 c7371be6 f9ffea11: urand_change_num 18 extract_buf: pool_sig 00000095, data_sig ffffffed, bytes_mixed 20 c7371be6 f9ffea11
[    4.933890] random 0000 0000 0000 c7371be6 f9ffea11: urand_change_num 19 extract_buf: pool_sig 000003a7, data_sig fffffefa, bytes_mixed 20 c7371be6 f9ffea11
[    4.933895] random 0000 0000 0000 8fb4b62c d1ddba54: urand_change_num 20 extract_buf: pool_sig 00000179, data_sig ffffff78, bytes_mixed 20 8fb4b62c d1ddba54
[    4.933900] random 0000 0000 0000 9ff19f9c c07a1d2a: urand_change_num 21 extract_buf: pool_sig fffffe88, data_sig 00000126, bytes_mixed 20 9ff19f9c c07a1d2a
[    4.933904] TCP cubic registered
[    4.933982] Initializing XFRM netlink socket
[    4.934072] NET: Registered protocol family 17
[    4.934160] Using IPI Shortcut mode
[    4.934237] random 0000 0000 0000 9ff19f9c c07a1d2a: rand_read_num 5 get_random_bytes(8): sig 0000031b 9ff19f9c c07a1d2a
[    4.934240] random 0000 0000 0000 9ff19f9c c07a1d2a: extract_entropy(.. 8 ..)
[    4.934242] random 0000 0000 0000 9ff19f9c c07a1d2a: going to reseed nonblocking with 64 bits (64 of 0 requested)
[    4.934244] random 0000 0000 0000 9ff19f9c c07a1d2a: extract_entropy(.. 8 ..)
[    4.934246] random 0000 0000 0000 9ff19f9c c07a1d2a: trying to extract 64 bits from input
[    4.934248] random 0000 0000 0000 9ff19f9c c07a1d2a: debiting 0 entropy credits from input
[    4.934250] random 0000 0000 0000 9ff19f9c c07a1d2a: extract_entropy account returned: 0 
[    4.934253] random 0000 0000 0000 9ff19f9c c07a1d2a: urand_change_num 22 xfer_secondary_pool(8): pool_sig 0000031b, data_sig 00000000, bytes_mixed 0 9ff19f9c c07a1d2a
[    4.934256] random 0000 0000 0000 9ff19f9c c07a1d2a: trying to extract 64 bits from nonblocking
[    4.934258] random 0000 0000 0000 9ff19f9c c07a1d2a: debiting 64 entropy credits from nonblocking (unlimited)
[    4.934260] random 0000 0000 0000 9ff19f9c c07a1d2a: extract_entropy account returned: 8 
[    4.934264] random 0000 0000 0000 9ff19f9c c07a1d2a: urand_change_num 23 extract_buf: pool_sig 0000031b, data_sig ffffffb3, bytes_mixed 20 9ff19f9c c07a1d2a
[    4.936698] input: AT Translated Set 2 keyboard as /devices/platform/i8042/serio0/input/input1
[    5.127452] ata1: SATA link up 1.5 Gbps (SStatus 113 SControl 300)
[    5.127551] ata3: SATA link down (SStatus 0 SControl 300)
[    5.129353] ata1.00: ACPI cmd ef/02:00:00:00:00:a0 (SET FEATURES) succeeded
[    5.129356] ata1.00: ACPI cmd f5/00:00:00:00:00:a0 (SECURITY FREEZE LOCK) filtered out
[    5.130747] ata1.00: ACPI cmd ef/5f:00:00:00:00:a0 (SET FEATURES) succeeded
[    5.130749] ata1.00: ACPI cmd ef/10:03:00:00:00:a0 (SET FEATURES) filtered out
[    5.132659] ata1.00: ATA-7: ST910021AS, 4.06, max UDMA/100
[    5.132740] ata1.00: 195371568 sectors, multi 16: LBA48 
[    5.134895] ata1.00: ACPI cmd ef/02:00:00:00:00:a0 (SET FEATURES) succeeded
[    5.134898] ata1.00: ACPI cmd f5/00:00:00:00:00:a0 (SECURITY FREEZE LOCK) filtered out
[    5.136289] ata1.00: ACPI cmd ef/5f:00:00:00:00:a0 (SET FEATURES) succeeded
[    5.136292] ata1.00: ACPI cmd ef/10:03:00:00:00:a0 (SET FEATURES) filtered out
[    5.138218] ata1.00: configured for UDMA/100
[    5.148502] scsi 2:0:0:0: Direct-Access     ATA      ST910021AS       4.06 PQ: 0 ANSI: 5
[    5.148780] sd 2:0:0:0: [sda] 195371568 512-byte logical blocks: (100 GB/93.1 GiB)
[    5.148918] sd 2:0:0:0: [sda] Write Protect is off
[    5.149004] sd 2:0:0:0: [sda] Mode Sense: 00 3a 00 00
[    5.149016] sd 2:0:0:0: [sda] Write cache: enabled, read cache: enabled, doesn't support DPO or FUA
[    5.149197]  sda:
[    5.214433] usb 2-1: new high speed USB device using ehci_hcd and address 2
[    5.363968] usb 2-1: New USB device found, idVendor=0e8d, idProduct=1806
[    5.364051] usb 2-1: New USB device strings: Mfr=1, Product=2, SerialNumber=3
[    5.364141] usb 2-1: Product: MT1806 
[    5.364218] usb 2-1: Manufacturer: MediaTek Inc
[    5.364303] usb 2-1: SerialNumber: R8KN6GAC800AEB 
[    5.364438] usb 2-1: configuration #1 chosen from 1 choice
[    5.370759] scsi5 : SCSI emulation for USB Mass Storage devices
[    5.370932] usb-storage: device found at 2
[    5.370933] usb-storage: waiting for device to settle before scanning
[    5.564737]  sda1 sda2
[    5.565458] sd 2:0:0:0: [sda] Attached SCSI disk
[    5.565546] random 0000 0000 0000 277f73c3 42024bb9: rand_read_num 6 get_random_bytes(12): sig 000007e9 277f73c3 42024bb9
[    5.565548] random 0000 0000 0000 277f73c3 42024bb9: extract_entropy(.. 12 ..)
[    5.565551] random 0000 0000 0000 277f73c3 42024bb9: going to reseed nonblocking with 96 bits (96 of 0 requested)
[    5.565553] random 0000 0000 0000 277f73c3 42024bb9: extract_entropy(.. 12 ..)
[    5.565555] random 0000 0000 0000 277f73c3 42024bb9: trying to extract 96 bits from input
[    5.565557] random 0000 0000 0000 277f73c3 42024bb9: debiting 0 entropy credits from input
[    5.565559] random 0000 0000 0000 277f73c3 42024bb9: extract_entropy account returned: 0 
[    5.565562] random 0000 0000 0000 277f73c3 42024bb9: urand_change_num 24 xfer_secondary_pool(12): pool_sig 000007e9, data_sig 00000000, bytes_mixed 0 277f73c3 42024bb9
[    5.565565] random 0000 0000 0000 277f73c3 42024bb9: trying to extract 96 bits from nonblocking
[    5.565567] random 0000 0000 0000 277f73c3 42024bb9: debiting 96 entropy credits from nonblocking (unlimited)
[    5.565569] random 0000 0000 0000 277f73c3 42024bb9: extract_entropy account returned: 12 
[    5.565573] random 0000 0000 0000 277f73c3 42024bb9: urand_change_num 25 extract_buf: pool_sig 000007e9, data_sig 00000088, bytes_mixed 20 277f73c3 42024bb9
[    5.565579] random 0000 0000 0000 277f73c3 42024bb9: urand_change_num 26 extract_buf: pool_sig 00000498, data_sig fffffefb, bytes_mixed 20 277f73c3 42024bb9
[    5.565582] RANDOM - __seed init called.
[    5.565583] RANDOM - __seed init called.
[    5.565584] RANDOM - __seed init called.
[    5.565585] RANDOM - __random32 called. Change num 12.  Value: 87f14767	f0d7351	b1e48bd3
[    5.565587] RANDOM - random32_reseed called.  Value: 87f14767	f0d7351	b1e48bd3
[    5.565590] Pid: 1, comm: swapper Not tainted 2.6.32.57 #3
[    5.565674] Call Trace:
[    5.565756]  [<c1923ca4>] ? random32_reseed+0xa0/0xb1
[    5.565843]  [<c1923c04>] ? random32_reseed+0x0/0xb1
[    5.565926]  [<c100111e>] ? do_one_initcall+0x2e/0x180
[    5.566012]  [<c1057a56>] ? slow_work_register_user+0x86/0x180
[    5.566099]  [<c1907265>] ? kernel_init+0xad/0x103
[    5.566198]  [<c19071b8>] ? kernel_init+0x0/0x103
[    5.566280]  [<c1003787>] ? kernel_thread_helper+0x7/0x10
[    5.566816] random 0000 0000 0000 386b4e60 ee4d4880: rand_read_num 7 get_random_bytes(64): sig fffffea5 386b4e60 ee4d4880
[    5.566818] random 0000 0000 0000 386b4e60 ee4d4880: extract_entropy(.. 64 ..)
[    5.566821] random 0000 0000 0000 386b4e60 ee4d4880: going to reseed nonblocking with 512 bits (512 of 0 requested)
[    5.566823] random 0000 0000 0000 386b4e60 ee4d4880: extract_entropy(.. 64 ..)
[    5.566825] random 0000 0000 0000 386b4e60 ee4d4880: trying to extract 512 bits from input
[    5.566827] random 0000 0000 0000 386b4e60 ee4d4880: debiting 0 entropy credits from input
[    5.566829] random 0000 0000 0000 386b4e60 ee4d4880: extract_entropy account returned: 0 
[    5.566832] random 0000 0000 0000 386b4e60 ee4d4880: urand_change_num 27 xfer_secondary_pool(64): pool_sig fffffea5, data_sig 00000000, bytes_mixed 0 386b4e60 ee4d4880
[    5.566835] random 0000 0000 0000 386b4e60 ee4d4880: trying to extract 512 bits from nonblocking
[    5.566837] random 0000 0000 0000 386b4e60 ee4d4880: debiting 512 entropy credits from nonblocking (unlimited)
[    5.566839] random 0000 0000 0000 386b4e60 ee4d4880: extract_entropy account returned: 64 
[    5.566843] random 0000 0000 0000 386b4e60 ee4d4880: urand_change_num 28 extract_buf: pool_sig fffffea5, data_sig 00000173, bytes_mixed 20 386b4e60 ee4d4880
[    5.566849] random 0000 0000 0000 412698f6 0cc8689a: urand_change_num 29 extract_buf: pool_sig 00000122, data_sig ffffff63, bytes_mixed 20 412698f6 0cc8689a
[    5.566854] random 0000 0000 0000 412698f6 0cc8689a: urand_change_num 30 extract_buf: pool_sig 000001f7, data_sig 00000012, bytes_mixed 20 412698f6 0cc8689a
[    5.566859] random 0000 0000 0000 9669941e 06f768b1: urand_change_num 31 extract_buf: pool_sig fffffb5b, data_sig 0000003f, bytes_mixed 20 9669941e 06f768b1
[    5.566865] random 0000 0000 0000 98486520 995551f0: urand_change_num 32 extract_buf: pool_sig fffffb39, data_sig 0000000e, bytes_mixed 20 98486520 995551f0
[    5.566870] random 0000 0000 0000 98486520 995551f0: urand_change_num 33 extract_buf: pool_sig fffffd8d, data_sig 000001a6, bytes_mixed 20 98486520 995551f0
[    5.566875] random 0000 0000 0000 61fc8914 d5882ed2: urand_change_num 34 extract_buf: pool_sig fffffa58, data_sig 0000023e, bytes_mixed 20 61fc8914 d5882ed2
[    5.566904] random 0000 0000 0000 61fc8914 d5882ed2: rand_read_num 8 get_random_bytes(64): sig fffff9ee 61fc8914 d5882ed2
[    5.566906] random 0000 0000 0000 61fc8914 d5882ed2: extract_entropy(.. 64 ..)
[    5.566909] random 0000 0000 0000 61fc8914 d5882ed2: going to reseed nonblocking with 512 bits (512 of 0 requested)
[    5.566911] random 0000 0000 0000 61fc8914 d5882ed2: extract_entropy(.. 64 ..)
[    5.566913] random 0000 0000 0000 61fc8914 d5882ed2: trying to extract 512 bits from input
[    5.566915] random 0000 0000 0000 61fc8914 d5882ed2: debiting 0 entropy credits from input
[    5.566917] random 0000 0000 0000 61fc8914 d5882ed2: extract_entropy account returned: 0 
[    5.566920] random 0000 0000 0000 61fc8914 d5882ed2: urand_change_num 35 xfer_secondary_pool(64): pool_sig fffff9ee, data_sig 00000000, bytes_mixed 0 61fc8914 d5882ed2
[    5.566923] random 0000 0000 0000 61fc8914 d5882ed2: trying to extract 512 bits from nonblocking
[    5.566925] random 0000 0000 0000 61fc8914 d5882ed2: debiting 512 entropy credits from nonblocking (unlimited)
[    5.566927] random 0000 0000 0000 61fc8914 d5882ed2: extract_entropy account returned: 64 
[    5.566931] random 0000 0000 0000 61fc8914 d5882ed2: urand_change_num 36 extract_buf: pool_sig fffff9ee, data_sig ffffff85, bytes_mixed 20 61fc8914 d5882ed2
[    5.566936] random 0000 0000 0000 70cfd302 e5edec11: urand_change_num 37 extract_buf: pool_sig fffffdc1, data_sig ffffffde, bytes_mixed 20 70cfd302 e5edec11
[    5.566942] random 0000 0000 0000 00dab838 eafd2b30: urand_change_num 38 extract_buf: pool_sig 000003da, data_sig ffffff61, bytes_mixed 20 00dab838 eafd2b30
[    5.566947] random 0000 0000 0000 00dab838 eafd2b30: urand_change_num 39 extract_buf: pool_sig 00000314, data_sig 00000121, bytes_mixed 20 00dab838 eafd2b30
[    5.566952] random 0000 0000 0000 5fcdf66a 6442b608: urand_change_num 40 extract_buf: pool_sig 0000028b, data_sig fffffefd, bytes_mixed 20 5fcdf66a 6442b608
[    5.566957] random 0000 0000 0000 61333f6b 8fae0f9b: urand_change_num 41 extract_buf: pool_sig 000000cb, data_sig 000000b3, bytes_mixed 20 61333f6b 8fae0f9b
[    5.566962] random 0000 0000 0000 61333f6b 8fae0f9b: urand_change_num 42 extract_buf: pool_sig fffffef8, data_sig 00000051, bytes_mixed 20 61333f6b 8fae0f9b
[    5.566965] BEGIN NET_SECRET:
[    5.566966] \xffffffe0
[    5.566967] \xffffffb6
[    5.566968] \x36
[    5.566968] \xffffffb5
[    5.566969] \xffffff94
[    5.566970] \xffffffb2
[    5.566971] \xffffffa8
[    5.566972] \xffffffda
[    5.566972] \x5b
[    5.566973] \x19
[    5.566974] \x18
[    5.566974] \x5c
[    5.566975] \x2b
[    5.566976] \x1
[    5.566977] \xffffff90
[    5.566977] \x19
[    5.566978] \x3c
[    5.566979] \xfffffff2
[    5.566980] \xffffff82
[    5.566981] \x2a
[    5.566981] \xffffffb3
[    5.566982] \xffffffa2
[    5.566983] \x3f
[    5.566984] \x5
[    5.566984] \x52
[    5.566985] \x77
[    5.566986] \x57
[    5.566986] \x79
[    5.566987] \x16
[    5.566988] \x43
[    5.566989] \xffffff84
[    5.566989] \xffffffc3
[    5.566990] \xffffffe9
[    5.566991] \x79
[    5.566992] \x50
[    5.566992] \xffffff8e
[    5.566993] \x3f
[    5.566994] \xfffffff3
[    5.566995] \x19
[    5.566995] \x2a
[    5.566996] \xfffffffd
[    5.566997] \xfffffffb
[    5.566998] \x62
[    5.566999] \x3c
[    5.566999] \xffffffac
[    5.567000] \x1c
[    5.567001] \x3b
[    5.567001] \x3b
[    5.567002] \x15
[    5.567003] \x27
[    5.567003] \xffffffa8
[    5.567004] \x22
[    5.567005] \xffffffc5
[    5.567006] \xffffff9a
[    5.567007] \x5
[    5.567007] \x6c
[    5.567008] \xffffffa8
[    5.567009] \x3a
[    5.567010] \x44
[    5.567010] \xffffffaf
[    5.567011] \x13
[    5.567012] \xffffffe0
[    5.567013] \xffffff9d
[    5.567014] \x22
[    5.567014] 
[    5.567015] END NET_SECRET
[    5.567017] random 0000 0000 0000 e7f555d9 e8ce5c3c: rand_read_num 9 get_random_bytes(4): sig 0000068c e7f555d9 e8ce5c3c
[    5.567020] random 0000 0000 0000 e7f555d9 e8ce5c3c: extract_entropy(.. 4 ..)
[    5.567022] random 0000 0000 0000 e7f555d9 e8ce5c3c: going to reseed nonblocking with 64 bits (32 of 0 requested)
[    5.567024] random 0000 0000 0000 e7f555d9 e8ce5c3c: extract_entropy(.. 8 ..)
[    5.567026] random 0000 0000 0000 e7f555d9 e8ce5c3c: trying to extract 64 bits from input
[    5.567028] random 0000 0000 0000 e7f555d9 e8ce5c3c: debiting 0 entropy credits from input
[    5.567030] random 0000 0000 0000 e7f555d9 e8ce5c3c: extract_entropy account returned: 0 
[    5.567033] random 0000 0000 0000 e7f555d9 e8ce5c3c: urand_change_num 43 xfer_secondary_pool(4): pool_sig 0000068c, data_sig 00000000, bytes_mixed 0 e7f555d9 e8ce5c3c
[    5.567036] random 0000 0000 0000 e7f555d9 e8ce5c3c: trying to extract 32 bits from nonblocking
[    5.567038] random 0000 0000 0000 e7f555d9 e8ce5c3c: debiting 32 entropy credits from nonblocking (unlimited)
[    5.567040] random 0000 0000 0000 e7f555d9 e8ce5c3c: extract_entropy account returned: 4 
[    5.567044] random 0000 0000 0000 e7f555d9 e8ce5c3c: urand_change_num 44 extract_buf: pool_sig 0000068c, data_sig fffffdcb, bytes_mixed 20 e7f555d9 e8ce5c3c
[    5.567055] md: Waiting for all devices to be available before autodetect
[    5.567137] md: If you don't use raid, use raid=noautodetect
[    5.567305] md: Autodetecting RAID arrays.
[    5.567383] md: Scanned 0 and added 0 devices.
[    5.567469] md: autorun ...
[    5.567550] md: ... autorun DONE.
[    5.582181] EXT3-fs: sda2: couldn't mount because of unsupported optional features (240).
[    5.582407] EXT2-fs: sda2: couldn't mount because of unsupported optional features (240).
[    5.583736] random 0000 0000 0000 e7f555d9 e8ce5c3c: rand_read_num 10 get_random_bytes(4): sig ffffff72 e7f555d9 e8ce5c3c
[    5.583738] random 0000 0000 0000 e7f555d9 e8ce5c3c: extract_entropy(.. 4 ..)
[    5.583741] random 0000 0000 0000 e7f555d9 e8ce5c3c: going to reseed nonblocking with 64 bits (32 of 0 requested)
[    5.583743] random 0000 0000 0000 e7f555d9 e8ce5c3c: extract_entropy(.. 8 ..)
[    5.583745] random 0000 0000 0000 e7f555d9 e8ce5c3c: trying to extract 64 bits from input
[    5.583747] random 0000 0000 0000 e7f555d9 e8ce5c3c: debiting 0 entropy credits from input
[    5.583749] random 0000 0000 0000 e7f555d9 e8ce5c3c: extract_entropy account returned: 0 
[    5.583752] random 0000 0000 0000 e7f555d9 e8ce5c3c: urand_change_num 45 xfer_secondary_pool(4): pool_sig ffffff72, data_sig 00000000, bytes_mixed 0 e7f555d9 e8ce5c3c
[    5.583755] random 0000 0000 0000 e7f555d9 e8ce5c3c: trying to extract 32 bits from nonblocking
[    5.583757] random 0000 0000 0000 e7f555d9 e8ce5c3c: debiting 32 entropy credits from nonblocking (unlimited)
[    5.583759] random 0000 0000 0000 e7f555d9 e8ce5c3c: extract_entropy account returned: 4 
[    5.583764] random 0000 0000 0000 e7f555d9 e8ce5c3c: urand_change_num 46 extract_buf: pool_sig ffffff72, data_sig ffffff72, bytes_mixed 20 e7f555d9 e8ce5c3c
[    5.618813] EXT4-fs (sda2): mounted filesystem with ordered data mode
[    5.619002] VFS: Mounted root (ext4 filesystem) readonly on device 8:2.
[    5.619101] Freeing unused kernel memory: 448k freed
[    5.697805] random 0000 0000 0000 91716c54 eeb6a1e7: rand_read_num 11 get_random_bytes(16): sig fffffcad 91716c54 eeb6a1e7
[    5.697808] random 0000 0000 0000 91716c54 eeb6a1e7: extract_entropy(.. 16 ..)
[    5.697811] random 0000 0000 0000 91716c54 eeb6a1e7: going to reseed nonblocking with 128 bits (128 of 0 requested)
[    5.697813] random 0000 0000 0000 91716c54 eeb6a1e7: extract_entropy(.. 16 ..)
[    5.697815] random 0000 0000 0000 91716c54 eeb6a1e7: trying to extract 128 bits from input
[    5.697817] random 0000 0000 0000 91716c54 eeb6a1e7: debiting 0 entropy credits from input
[    5.697819] random 0000 0000 0000 91716c54 eeb6a1e7: extract_entropy account returned: 0 
[    5.697822] random 0000 0000 0000 91716c54 eeb6a1e7: urand_change_num 47 xfer_secondary_pool(16): pool_sig fffffcad, data_sig 00000000, bytes_mixed 0 91716c54 eeb6a1e7
[    5.697825] random 0000 0000 0000 91716c54 eeb6a1e7: trying to extract 128 bits from nonblocking
[    5.697827] random 0000 0000 0000 91716c54 eeb6a1e7: debiting 128 entropy credits from nonblocking (unlimited)
[    5.697829] random 0000 0000 0000 91716c54 eeb6a1e7: extract_entropy account returned: 16 
[    5.697833] random 0000 0000 0000 91716c54 eeb6a1e7: urand_change_num 48 extract_buf: pool_sig fffffcad, data_sig ffffff19, bytes_mixed 20 91716c54 eeb6a1e7
[    5.697839] random 0000 0000 0000 fd637b06 6cf47bc1: urand_change_num 49 extract_buf: pool_sig fffffede, data_sig ffffffc1, bytes_mixed 20 fd637b06 6cf47bc1
[    5.776226] random 0000 0000 0000 fd637b06 6cf47bc1: rand_read_num 12 get_random_bytes(16): sig 0000033b fd637b06 6cf47bc1
[    5.776229] random 0000 0000 0000 fd637b06 6cf47bc1: extract_entropy(.. 16 ..)
[    5.776231] random 0000 0000 0000 fd637b06 6cf47bc1: going to reseed nonblocking with 128 bits (128 of 0 requested)
[    5.776234] random 0000 0000 0000 fd637b06 6cf47bc1: extract_entropy(.. 16 ..)
[    5.776236] random 0000 0000 0000 fd637b06 6cf47bc1: trying to extract 128 bits from input
[    5.776238] random 0000 0000 0000 fd637b06 6cf47bc1: debiting 0 entropy credits from input
[    5.776240] random 0000 0000 0000 fd637b06 6cf47bc1: extract_entropy account returned: 0 
[    5.776243] random 0000 0000 0000 fd637b06 6cf47bc1: urand_change_num 50 xfer_secondary_pool(16): pool_sig 0000033b, data_sig 00000000, bytes_mixed 0 fd637b06 6cf47bc1
[    5.776246] random 0000 0000 0000 fd637b06 6cf47bc1: trying to extract 128 bits from nonblocking
[    5.776248] random 0000 0000 0000 fd637b06 6cf47bc1: debiting 128 entropy credits from nonblocking (unlimited)
[    5.776250] random 0000 0000 0000 fd637b06 6cf47bc1: extract_entropy account returned: 16 
[    5.776255] random 0000 0000 0000 fd637b06 6cf47bc1: urand_change_num 51 extract_buf: pool_sig 0000033b, data_sig 000000d8, bytes_mixed 20 fd637b06 6cf47bc1
[    5.776260] random 0000 0000 0000 0ec1f012 d4727ca8: urand_change_num 52 extract_buf: pool_sig fffffcf5, data_sig 00000016, bytes_mixed 20 0ec1f012 d4727ca8
[    6.139481] ieee1394: Host added: ID:BUS[0-00:1023]  GUID[00061b032a25f51c]
[    6.150125] random 0000 0000 0000 45b1d0b1 845a73f7: rand_read_num 13 get_random_bytes(16): sig 00000116 45b1d0b1 845a73f7
[    6.150127] random 0000 0000 0000 45b1d0b1 845a73f7: extract_entropy(.. 16 ..)
[    6.150130] random 0000 0000 0000 45b1d0b1 845a73f7: going to reseed nonblocking with 128 bits (128 of 0 requested)
[    6.150132] random 0000 0000 0000 45b1d0b1 845a73f7: extract_entropy(.. 16 ..)
[    6.150134] random 0000 0000 0000 45b1d0b1 845a73f7: trying to extract 128 bits from input
[    6.150137] random 0000 0000 0000 45b1d0b1 845a73f7: debiting 0 entropy credits from input
[    6.150138] random 0000 0000 0000 45b1d0b1 845a73f7: extract_entropy account returned: 0 
[    6.150142] random 0000 0000 0000 45b1d0b1 845a73f7: urand_change_num 53 xfer_secondary_pool(16): pool_sig 00000116, data_sig 00000000, bytes_mixed 0 45b1d0b1 845a73f7
[    6.150145] random 0000 0000 0000 45b1d0b1 845a73f7: trying to extract 128 bits from nonblocking
[    6.150147] random 0000 0000 0000 45b1d0b1 845a73f7: debiting 128 entropy credits from nonblocking (unlimited)
[    6.150149] random 0000 0000 0000 45b1d0b1 845a73f7: extract_entropy account returned: 16 
[    6.150154] random 0000 0000 0000 45b1d0b1 845a73f7: urand_change_num 54 extract_buf: pool_sig 00000116, data_sig fffffd8b, bytes_mixed 20 45b1d0b1 845a73f7
[    6.150159] random 0000 0000 0000 45b1d0b1 845a73f7: urand_change_num 55 extract_buf: pool_sig fffffc05, data_sig 00000109, bytes_mixed 20 45b1d0b1 845a73f7
[    6.202624] random 0000 0000 0000 5012cce3 b8a30621: rand_read_num 14 get_random_bytes(16): sig fffffb93 5012cce3 b8a30621
[    6.202627] random 0000 0000 0000 5012cce3 b8a30621: extract_entropy(.. 16 ..)
[    6.202630] random 0000 0000 0000 5012cce3 b8a30621: going to reseed nonblocking with 128 bits (128 of 0 requested)
[    6.202632] random 0000 0000 0000 5012cce3 b8a30621: extract_entropy(.. 16 ..)
[    6.202634] random 0000 0000 0000 5012cce3 b8a30621: trying to extract 128 bits from input
[    6.202636] random 0000 0000 0000 5012cce3 b8a30621: debiting 0 entropy credits from input
[    6.202638] random 0000 0000 0000 5012cce3 b8a30621: extract_entropy account returned: 0 
[    6.202641] random 0000 0000 0000 5012cce3 b8a30621: urand_change_num 56 xfer_secondary_pool(16): pool_sig fffffb93, data_sig 00000000, bytes_mixed 0 5012cce3 b8a30621
[    6.202644] random 0000 0000 0000 5012cce3 b8a30621: trying to extract 128 bits from nonblocking
[    6.202646] random 0000 0000 0000 5012cce3 b8a30621: debiting 128 entropy credits from nonblocking (unlimited)
[    6.202649] random 0000 0000 0000 5012cce3 b8a30621: extract_entropy account returned: 16 
[    6.202653] random 0000 0000 0000 5012cce3 b8a30621: urand_change_num 57 extract_buf: pool_sig fffffb93, data_sig ffffff35, bytes_mixed 20 5012cce3 b8a30621
[    6.202658] random 0000 0000 0000 5012cce3 b8a30621: urand_change_num 58 extract_buf: pool_sig fffffb9d, data_sig ffffff92, bytes_mixed 20 5012cce3 b8a30621
[    6.204018] random 0000 0000 0000 30a5721d 4b648ff6: rand_read_num 15 get_random_bytes(16): sig fffffeb5 30a5721d 4b648ff6
[    6.204021] random 0000 0000 0000 30a5721d 4b648ff6: extract_entropy(.. 16 ..)
[    6.204023] random 0000 0000 0000 30a5721d 4b648ff6: going to reseed nonblocking with 128 bits (128 of 0 requested)
[    6.204026] random 0000 0000 0000 30a5721d 4b648ff6: extract_entropy(.. 16 ..)
[    6.204028] random 0000 0000 0000 30a5721d 4b648ff6: trying to extract 128 bits from input
[    6.204030] random 0000 0000 0000 30a5721d 4b648ff6: debiting 0 entropy credits from input
[    6.204032] random 0000 0000 0000 30a5721d 4b648ff6: extract_entropy account returned: 0 
[    6.204035] random 0000 0000 0000 30a5721d 4b648ff6: urand_change_num 59 xfer_secondary_pool(16): pool_sig fffffeb5, data_sig 00000000, bytes_mixed 0 30a5721d 4b648ff6
[    6.204038] random 0000 0000 0000 30a5721d 4b648ff6: trying to extract 128 bits from nonblocking
[    6.204040] random 0000 0000 0000 30a5721d 4b648ff6: debiting 128 entropy credits from nonblocking (unlimited)
[    6.204042] random 0000 0000 0000 30a5721d 4b648ff6: extract_entropy account returned: 16 
[    6.204047] random 0000 0000 0000 30a5721d 4b648ff6: urand_change_num 60 extract_buf: pool_sig fffffeb5, data_sig 000000c2, bytes_mixed 20 30a5721d 4b648ff6
[    6.204052] random 0000 0000 0000 89bae1ab 704c432f: urand_change_num 61 extract_buf: pool_sig 0000006e, data_sig fffffefc, bytes_mixed 20 89bae1ab 704c432f
[    6.204602] random 0000 0000 0000 89bae1ab 704c432f: rand_read_num 16 get_random_bytes(16): sig fffffd99 89bae1ab 704c432f
[    6.204604] random 0000 0000 0000 89bae1ab 704c432f: extract_entropy(.. 16 ..)
[    6.204607] random 0000 0000 0000 89bae1ab 704c432f: going to reseed nonblocking with 128 bits (128 of 0 requested)
[    6.204609] random 0000 0000 0000 89bae1ab 704c432f: extract_entropy(.. 16 ..)
[    6.204611] random 0000 0000 0000 89bae1ab 704c432f: trying to extract 128 bits from input
[    6.204614] random 0000 0000 0000 89bae1ab 704c432f: debiting 0 entropy credits from input
[    6.204615] random 0000 0000 0000 89bae1ab 704c432f: extract_entropy account returned: 0 
[    6.204619] random 0000 0000 0000 89bae1ab 704c432f: urand_change_num 62 xfer_secondary_pool(16): pool_sig fffffd99, data_sig 00000000, bytes_mixed 0 89bae1ab 704c432f
[    6.204621] random 0000 0000 0000 89bae1ab 704c432f: trying to extract 128 bits from nonblocking
[    6.204624] random 0000 0000 0000 89bae1ab 704c432f: debiting 128 entropy credits from nonblocking (unlimited)
[    6.204626] random 0000 0000 0000 89bae1ab 704c432f: extract_entropy account returned: 16 
[    6.204630] random 0000 0000 0000 89bae1ab 704c432f: urand_change_num 63 extract_buf: pool_sig fffffd99, data_sig 00000204, bytes_mixed 20 89bae1ab 704c432f
[    6.204635] random 0000 0000 0000 6c298a02 2b1539f8: urand_change_num 64 extract_buf: pool_sig 00000124, data_sig fffffff5, bytes_mixed 20 6c298a02 2b1539f8
[    6.205523] random 0000 0000 0000 c77b8b35 70f6cab5: rand_read_num 17 get_random_bytes(16): sig 0000036b c77b8b35 70f6cab5
[    6.205526] random 0000 0000 0000 c77b8b35 70f6cab5: extract_entropy(.. 16 ..)
[    6.205529] random 0000 0000 0000 c77b8b35 70f6cab5: going to reseed nonblocking with 128 bits (128 of 0 requested)
[    6.205531] random 0000 0000 0000 c77b8b35 70f6cab5: extract_entropy(.. 16 ..)
[    6.205533] random 0000 0000 0000 c77b8b35 70f6cab5: trying to extract 128 bits from input
[    6.205535] random 0000 0000 0000 c77b8b35 70f6cab5: debiting 0 entropy credits from input
[    6.205537] random 0000 0000 0000 c77b8b35 70f6cab5: extract_entropy account returned: 0 
[    6.205541] random 0000 0000 0000 c77b8b35 70f6cab5: urand_change_num 65 xfer_secondary_pool(16): pool_sig 0000036b, data_sig 00000000, bytes_mixed 0 c77b8b35 70f6cab5
[    6.205543] random 0000 0000 0000 c77b8b35 70f6cab5: trying to extract 128 bits from nonblocking
[    6.205546] random 0000 0000 0000 c77b8b35 70f6cab5: debiting 128 entropy credits from nonblocking (unlimited)
[    6.205548] random 0000 0000 0000 c77b8b35 70f6cab5: extract_entropy account returned: 16 
[    6.205552] random 0000 0000 0000 c77b8b35 70f6cab5: urand_change_num 66 extract_buf: pool_sig 0000036b, data_sig 0000005f, bytes_mixed 20 c77b8b35 70f6cab5
[    6.205558] random 0000 0000 0000 c77b8b35 70f6cab5: urand_change_num 67 extract_buf: pool_sig ffffff1c, data_sig 0000005a, bytes_mixed 20 c77b8b35 70f6cab5
[    6.206146] random 0000 0000 0000 af21d212 57d20ca3: rand_read_num 18 get_random_bytes(16): sig fffffb7f af21d212 57d20ca3
[    6.206148] random 0000 0000 0000 af21d212 57d20ca3: extract_entropy(.. 16 ..)
[    6.206151] random 0000 0000 0000 af21d212 57d20ca3: going to reseed nonblocking with 128 bits (128 of 0 requested)
[    6.206153] random 0000 0000 0000 af21d212 57d20ca3: extract_entropy(.. 16 ..)
[    6.206155] random 0000 0000 0000 af21d212 57d20ca3: trying to extract 128 bits from input
[    6.206158] random 0000 0000 0000 af21d212 57d20ca3: debiting 0 entropy credits from input
[    6.206160] random 0000 0000 0000 af21d212 57d20ca3: extract_entropy account returned: 0 
[    6.206163] random 0000 0000 0000 af21d212 57d20ca3: urand_change_num 68 xfer_secondary_pool(16): pool_sig fffffb7f, data_sig 00000000, bytes_mixed 0 af21d212 57d20ca3
[    6.206166] random 0000 0000 0000 af21d212 57d20ca3: trying to extract 128 bits from nonblocking
[    6.206168] random 0000 0000 0000 af21d212 57d20ca3: debiting 128 entropy credits from nonblocking (unlimited)
[    6.206170] random 0000 0000 0000 af21d212 57d20ca3: extract_entropy account returned: 16 
[    6.206174] random 0000 0000 0000 af21d212 57d20ca3: urand_change_num 69 extract_buf: pool_sig fffffb7f, data_sig ffffff88, bytes_mixed 20 af21d212 57d20ca3
[    6.206180] random 0000 0000 0000 af21d212 57d20ca3: urand_change_num 70 extract_buf: pool_sig fffffe1d, data_sig ffffff17, bytes_mixed 20 af21d212 57d20ca3
[    6.206775] random 0000 0000 0000 ffbd26fd 21933274: rand_read_num 19 get_random_bytes(16): sig ffffffc7 ffbd26fd 21933274
[    6.206778] random 0000 0000 0000 ffbd26fd 21933274: extract_entropy(.. 16 ..)
[    6.206781] random 0000 0000 0000 ffbd26fd 21933274: going to reseed nonblocking with 128 bits (128 of 0 requested)
[    6.206783] random 0000 0000 0000 ffbd26fd 21933274: extract_entropy(.. 16 ..)
[    6.206785] random 0000 0000 0000 ffbd26fd 21933274: trying to extract 128 bits from input
[    6.206787] random 0000 0000 0000 ffbd26fd 21933274: debiting 0 entropy credits from input
[    6.206789] random 0000 0000 0000 ffbd26fd 21933274: extract_entropy account returned: 0 
[    6.206792] random 0000 0000 0000 ffbd26fd 21933274: urand_change_num 71 xfer_secondary_pool(16): pool_sig ffffffc7, data_sig 00000000, bytes_mixed 0 ffbd26fd 21933274
[    6.206795] random 0000 0000 0000 ffbd26fd 21933274: trying to extract 128 bits from nonblocking
[    6.206797] random 0000 0000 0000 ffbd26fd 21933274: debiting 128 entropy credits from nonblocking (unlimited)
[    6.206800] random 0000 0000 0000 ffbd26fd 21933274: extract_entropy account returned: 16 
[    6.206804] random 0000 0000 0000 ffbd26fd 21933274: urand_change_num 72 extract_buf: pool_sig ffffffc7, data_sig 0000013b, bytes_mixed 20 ffbd26fd 21933274
[    6.206809] random 0000 0000 0000 151530a2 56c65dd3: urand_change_num 73 extract_buf: pool_sig ffffffbf, data_sig 00000036, bytes_mixed 20 151530a2 56c65dd3
[    6.207368] random 0000 0000 0000 151530a2 56c65dd3: rand_read_num 20 get_random_bytes(16): sig 000001a7 151530a2 56c65dd3
[    6.207371] random 0000 0000 0000 151530a2 56c65dd3: extract_entropy(.. 16 ..)
[    6.207374] random 0000 0000 0000 151530a2 56c65dd3: going to reseed nonblocking with 128 bits (128 of 0 requested)
[    6.207376] random 0000 0000 0000 151530a2 56c65dd3: extract_entropy(.. 16 ..)
[    6.207378] random 0000 0000 0000 151530a2 56c65dd3: trying to extract 128 bits from input
[    6.207380] random 0000 0000 0000 151530a2 56c65dd3: debiting 0 entropy credits from input
[    6.207382] random 0000 0000 0000 151530a2 56c65dd3: extract_entropy account returned: 0 
[    6.207385] random 0000 0000 0000 151530a2 56c65dd3: urand_change_num 74 xfer_secondary_pool(16): pool_sig 000001a7, data_sig 00000000, bytes_mixed 0 151530a2 56c65dd3
[    6.207388] random 0000 0000 0000 151530a2 56c65dd3: trying to extract 128 bits from nonblocking
[    6.207390] random 0000 0000 0000 151530a2 56c65dd3: debiting 128 entropy credits from nonblocking (unlimited)
[    6.207392] random 0000 0000 0000 151530a2 56c65dd3: extract_entropy account returned: 16 
[    6.207397] random 0000 0000 0000 151530a2 56c65dd3: urand_change_num 75 extract_buf: pool_sig 000001a7, data_sig ffffffa1, bytes_mixed 20 151530a2 56c65dd3
[    6.207402] random 0000 0000 0000 5d3e132e d9a77eb3: urand_change_num 76 extract_buf: pool_sig fffffcc9, data_sig 00000013, bytes_mixed 20 5d3e132e d9a77eb3
[    6.250110] random 0000 0000 0000 264837ad 0a28fef5: rand_read_num 21 get_random_bytes(16): sig ffffffd0 264837ad 0a28fef5
[    6.250113] random 0000 0000 0000 264837ad 0a28fef5: extract_entropy(.. 16 ..)
[    6.250116] random 0000 0000 0000 264837ad 0a28fef5: going to reseed nonblocking with 128 bits (128 of 0 requested)
[    6.250118] random 0000 0000 0000 264837ad 0a28fef5: extract_entropy(.. 16 ..)
[    6.250120] random 0000 0000 0000 264837ad 0a28fef5: trying to extract 128 bits from input
[    6.250122] random 0000 0000 0000 264837ad 0a28fef5: debiting 0 entropy credits from input
[    6.250124] random 0000 0000 0000 264837ad 0a28fef5: extract_entropy account returned: 0 
[    6.250128] random 0000 0000 0000 264837ad 0a28fef5: urand_change_num 77 xfer_secondary_pool(16): pool_sig ffffffd0, data_sig 00000000, bytes_mixed 0 264837ad 0a28fef5
[    6.250131] random 0000 0000 0000 264837ad 0a28fef5: trying to extract 128 bits from nonblocking
[    6.250133] random 0000 0000 0000 264837ad 0a28fef5: debiting 128 entropy credits from nonblocking (unlimited)
[    6.250135] random 0000 0000 0000 264837ad 0a28fef5: extract_entropy account returned: 16 
[    6.250139] random 0000 0000 0000 264837ad 0a28fef5: urand_change_num 78 extract_buf: pool_sig ffffffd0, data_sig 0000017b, bytes_mixed 20 264837ad 0a28fef5
[    6.250145] random 0000 0000 0000 264837ad 0a28fef5: urand_change_num 79 extract_buf: pool_sig 0000045c, data_sig 000001df, bytes_mixed 20 264837ad 0a28fef5
[    6.251597] random 0000 0000 0000 f37f7344 164aede0: rand_read_num 22 get_random_bytes(16): sig 000003c2 f37f7344 164aede0
[    6.251600] random 0000 0000 0000 f37f7344 164aede0: extract_entropy(.. 16 ..)
[    6.251602] random 0000 0000 0000 f37f7344 164aede0: going to reseed nonblocking with 128 bits (128 of 0 requested)
[    6.251605] random 0000 0000 0000 f37f7344 164aede0: extract_entropy(.. 16 ..)
[    6.251607] random 0000 0000 0000 f37f7344 164aede0: trying to extract 128 bits from input
[    6.251609] random 0000 0000 0000 f37f7344 164aede0: debiting 0 entropy credits from input
[    6.251611] random 0000 0000 0000 f37f7344 164aede0: extract_entropy account returned: 0 
[    6.251614] random 0000 0000 0000 f37f7344 164aede0: urand_change_num 80 xfer_secondary_pool(16): pool_sig 000003c2, data_sig 00000000, bytes_mixed 0 f37f7344 164aede0
[    6.251617] random 0000 0000 0000 f37f7344 164aede0: trying to extract 128 bits from nonblocking
[    6.251619] random 0000 0000 0000 f37f7344 164aede0: debiting 128 entropy credits from nonblocking (unlimited)
[    6.251621] random 0000 0000 0000 f37f7344 164aede0: extract_entropy account returned: 16 
[    6.251626] random 0000 0000 0000 f37f7344 164aede0: urand_change_num 81 extract_buf: pool_sig 000003c2, data_sig ffffff6c, bytes_mixed 20 f37f7344 164aede0
[    6.251631] random 0000 0000 0000 f37f7344 164aede0: urand_change_num 82 extract_buf: pool_sig fffffdfc, data_sig 00000091, bytes_mixed 20 f37f7344 164aede0
[    6.274412] random 0000 0000 0000 a4794863 878070c1: rand_read_num 23 get_random_bytes(16): sig 0000011b a4794863 878070c1
[    6.274414] random 0000 0000 0000 a4794863 878070c1: extract_entropy(.. 16 ..)
[    6.274417] random 0000 0000 0000 a4794863 878070c1: going to reseed nonblocking with 128 bits (128 of 0 requested)
[    6.274419] random 0000 0000 0000 a4794863 878070c1: extract_entropy(.. 16 ..)
[    6.274421] random 0000 0000 0000 a4794863 878070c1: trying to extract 128 bits from input
[    6.274423] random 0000 0000 0000 a4794863 878070c1: debiting 0 entropy credits from input
[    6.274425] random 0000 0000 0000 a4794863 878070c1: extract_entropy account returned: 0 
[    6.274429] random 0000 0000 0000 a4794863 878070c1: urand_change_num 83 xfer_secondary_pool(16): pool_sig 0000011b, data_sig 00000000, bytes_mixed 0 a4794863 878070c1
[    6.274431] random 0000 0000 0000 a4794863 878070c1: trying to extract 128 bits from nonblocking
[    6.274434] random 0000 0000 0000 a4794863 878070c1: debiting 128 entropy credits from nonblocking (unlimited)
[    6.274436] random 0000 0000 0000 a4794863 878070c1: extract_entropy account returned: 16 
[    6.274440] random 0000 0000 0000 a4794863 878070c1: urand_change_num 84 extract_buf: pool_sig 0000011b, data_sig ffffff51, bytes_mixed 20 a4794863 878070c1
[    6.274446] random 0000 0000 0000 737f19b4 9417d8ab: urand_change_num 85 extract_buf: pool_sig 000001a3, data_sig 0000006c, bytes_mixed 20 737f19b4 9417d8ab
[    6.278509] random 0000 0000 0000 737f19b4 9417d8ab: rand_read_num 24 get_random_bytes(16): sig fffffe22 737f19b4 9417d8ab
[    6.278512] random 0000 0000 0000 737f19b4 9417d8ab: extract_entropy(.. 16 ..)
[    6.278515] random 0000 0000 0000 737f19b4 9417d8ab: going to reseed nonblocking with 128 bits (128 of 0 requested)
[    6.278517] random 0000 0000 0000 737f19b4 9417d8ab: extract_entropy(.. 16 ..)
[    6.278519] random 0000 0000 0000 737f19b4 9417d8ab: trying to extract 128 bits from input
[    6.278521] random 0000 0000 0000 737f19b4 9417d8ab: debiting 0 entropy credits from input
[    6.278523] random 0000 0000 0000 737f19b4 9417d8ab: extract_entropy account returned: 0 
[    6.278526] random 0000 0000 0000 737f19b4 9417d8ab: urand_change_num 86 xfer_secondary_pool(16): pool_sig fffffe22, data_sig 00000000, bytes_mixed 0 737f19b4 9417d8ab
[    6.278529] random 0000 0000 0000 737f19b4 9417d8ab: trying to extract 128 bits from nonblocking
[    6.278532] random 0000 0000 0000 737f19b4 9417d8ab: debiting 128 entropy credits from nonblocking (unlimited)
[    6.278534] random 0000 0000 0000 737f19b4 9417d8ab: extract_entropy account returned: 16 
[    6.278538] random 0000 0000 0000 737f19b4 9417d8ab: urand_change_num 87 extract_buf: pool_sig fffffe22, data_sig 00000230, bytes_mixed 20 737f19b4 9417d8ab
[    6.278543] random 0000 0000 0000 4deb0d06 1236af4c: urand_change_num 88 extract_buf: pool_sig 000000b6, data_sig ffffff44, bytes_mixed 20 4deb0d06 1236af4c
[    6.279534] random 0000 0000 0000 b538fadc 4a7613df: rand_read_num 25 get_random_bytes(16): sig 0000013c b538fadc 4a7613df
[    6.279537] random 0000 0000 0000 b538fadc 4a7613df: extract_entropy(.. 16 ..)
[    6.279540] random 0000 0000 0000 b538fadc 4a7613df: going to reseed nonblocking with 128 bits (128 of 0 requested)
[    6.279542] random 0000 0000 0000 b538fadc 4a7613df: extract_entropy(.. 16 ..)
[    6.279544] random 0000 0000 0000 b538fadc 4a7613df: trying to extract 128 bits from input
[    6.279546] random 0000 0000 0000 b538fadc 4a7613df: debiting 0 entropy credits from input
[    6.279548] random 0000 0000 0000 b538fadc 4a7613df: extract_entropy account returned: 0 
[    6.279551] random 0000 0000 0000 b538fadc 4a7613df: urand_change_num 89 xfer_secondary_pool(16): pool_sig 0000013c, data_sig 00000000, bytes_mixed 0 b538fadc 4a7613df
[    6.279554] random 0000 0000 0000 b538fadc 4a7613df: trying to extract 128 bits from nonblocking
[    6.279557] random 0000 0000 0000 b538fadc 4a7613df: debiting 128 entropy credits from nonblocking (unlimited)
[    6.279559] random 0000 0000 0000 b538fadc 4a7613df: extract_entropy account returned: 16 
[    6.279563] random 0000 0000 0000 b538fadc 4a7613df: urand_change_num 90 extract_buf: pool_sig 0000013c, data_sig 00000015, bytes_mixed 20 b538fadc 4a7613df
[    6.279568] random 0000 0000 0000 b538fadc 4a7613df: urand_change_num 91 extract_buf: pool_sig 00000452, data_sig 0000002b, bytes_mixed 20 b538fadc 4a7613df
[    6.280017] random 0000 0000 0000 73b17df4 93bb370e: rand_read_num 26 get_random_bytes(16): sig fffffbf1 73b17df4 93bb370e
[    6.280020] random 0000 0000 0000 73b17df4 93bb370e: extract_entropy(.. 16 ..)
[    6.280022] random 0000 0000 0000 73b17df4 93bb370e: going to reseed nonblocking with 128 bits (128 of 0 requested)
[    6.280025] random 0000 0000 0000 73b17df4 93bb370e: extract_entropy(.. 16 ..)
[    6.280027] random 0000 0000 0000 73b17df4 93bb370e: trying to extract 128 bits from input
[    6.280029] random 0000 0000 0000 73b17df4 93bb370e: debiting 0 entropy credits from input
[    6.280031] random 0000 0000 0000 73b17df4 93bb370e: extract_entropy account returned: 0 
[    6.280034] random 0000 0000 0000 73b17df4 93bb370e: urand_change_num 92 xfer_secondary_pool(16): pool_sig fffffbf1, data_sig 00000000, bytes_mixed 0 73b17df4 93bb370e
[    6.280037] random 0000 0000 0000 73b17df4 93bb370e: trying to extract 128 bits from nonblocking
[    6.280039] random 0000 0000 0000 73b17df4 93bb370e: debiting 128 entropy credits from nonblocking (unlimited)
[    6.280041] random 0000 0000 0000 73b17df4 93bb370e: extract_entropy account returned: 16 
[    6.280046] random 0000 0000 0000 73b17df4 93bb370e: urand_change_num 93 extract_buf: pool_sig fffffbf1, data_sig ffffff99, bytes_mixed 20 73b17df4 93bb370e
[    6.280051] random 0000 0000 0000 73b17df4 93bb370e: urand_change_num 94 extract_buf: pool_sig fffffe1d, data_sig 000000b0, bytes_mixed 20 73b17df4 93bb370e
[    6.280462] random 0000 0000 0000 0cd682bb ba04da9f: rand_read_num 27 get_random_bytes(16): sig fffffccb 0cd682bb ba04da9f
[    6.280465] random 0000 0000 0000 0cd682bb ba04da9f: extract_entropy(.. 16 ..)
[    6.280468] random 0000 0000 0000 0cd682bb ba04da9f: going to reseed nonblocking with 128 bits (128 of 0 requested)
[    6.280470] random 0000 0000 0000 0cd682bb ba04da9f: extract_entropy(.. 16 ..)
[    6.280472] random 0000 0000 0000 0cd682bb ba04da9f: trying to extract 128 bits from input
[    6.280474] random 0000 0000 0000 0cd682bb ba04da9f: debiting 0 entropy credits from input
[    6.280476] random 0000 0000 0000 0cd682bb ba04da9f: extract_entropy account returned: 0 
[    6.280479] random 0000 0000 0000 0cd682bb ba04da9f: urand_change_num 95 xfer_secondary_pool(16): pool_sig fffffccb, data_sig 00000000, bytes_mixed 0 0cd682bb ba04da9f
[    6.280482] random 0000 0000 0000 0cd682bb ba04da9f: trying to extract 128 bits from nonblocking
[    6.280484] random 0000 0000 0000 0cd682bb ba04da9f: debiting 128 entropy credits from nonblocking (unlimited)
[    6.280487] random 0000 0000 0000 0cd682bb ba04da9f: extract_entropy account returned: 16 
[    6.280491] random 0000 0000 0000 0cd682bb ba04da9f: urand_change_num 96 extract_buf: pool_sig fffffccb, data_sig fffffec5, bytes_mixed 20 0cd682bb ba04da9f
[    6.280496] random 0000 0000 0000 26929f1a 15254dc1: urand_change_num 97 extract_buf: pool_sig fffffed2, data_sig ffffffb1, bytes_mixed 20 26929f1a 15254dc1
[    6.281373] random 0000 0000 0000 26929f1a 15254dc1: rand_read_num 28 get_random_bytes(16): sig 00000038 26929f1a 15254dc1
[    6.281376] random 0000 0000 0000 26929f1a 15254dc1: extract_entropy(.. 16 ..)
[    6.281379] random 0000 0000 0000 26929f1a 15254dc1: going to reseed nonblocking with 128 bits (128 of 0 requested)
[    6.281381] random 0000 0000 0000 26929f1a 15254dc1: extract_entropy(.. 16 ..)
[    6.281383] random 0000 0000 0000 26929f1a 15254dc1: trying to extract 128 bits from input
[    6.281385] random 0000 0000 0000 26929f1a 15254dc1: debiting 0 entropy credits from input
[    6.281387] random 0000 0000 0000 26929f1a 15254dc1: extract_entropy account returned: 0 
[    6.281390] random 0000 0000 0000 26929f1a 15254dc1: urand_change_num 98 xfer_secondary_pool(16): pool_sig 00000038, data_sig 00000000, bytes_mixed 0 26929f1a 15254dc1
[    6.281393] random 0000 0000 0000 26929f1a 15254dc1: trying to extract 128 bits from nonblocking
[    6.281396] random 0000 0000 0000 26929f1a 15254dc1: debiting 128 entropy credits from nonblocking (unlimited)
[    6.281398] random 0000 0000 0000 26929f1a 15254dc1: extract_entropy account returned: 16 
[    6.281402] random 0000 0000 0000 26929f1a 15254dc1: urand_change_num 99 extract_buf: pool_sig 00000038, data_sig 000000fd, bytes_mixed 20 26929f1a 15254dc1
[    6.281407] random 0000 0000 0000 8116fe3b 478c2d5b: urand_change_num 100 extract_buf: pool_sig 00000059, data_sig 00000310, bytes_mixed 20 8116fe3b 478c2d5b
[    6.288047] random 0000 0000 0000 a20f4a3a 32a6b2fa: rand_read_num 29 get_random_bytes(16): sig 000002c0 a20f4a3a 32a6b2fa
[    6.288049] random 0000 0000 0000 a20f4a3a 32a6b2fa: extract_entropy(.. 16 ..)
[    6.288052] random 0000 0000 0000 a20f4a3a 32a6b2fa: going to reseed nonblocking with 128 bits (128 of 0 requested)
[    6.288054] random 0000 0000 0000 a20f4a3a 32a6b2fa: extract_entropy(.. 16 ..)
[    6.288056] random 0000 0000 0000 a20f4a3a 32a6b2fa: trying to extract 128 bits from input
[    6.288058] random 0000 0000 0000 a20f4a3a 32a6b2fa: debiting 0 entropy credits from input
[    6.288060] random 0000 0000 0000 a20f4a3a 32a6b2fa: extract_entropy account returned: 0 
[    6.288063] random 0000 0000 0000 a20f4a3a 32a6b2fa: urand_change_num 101 xfer_secondary_pool(16): pool_sig 000002c0, data_sig 00000000, bytes_mixed 0 a20f4a3a 32a6b2fa
[    6.288066] random 0000 0000 0000 a20f4a3a 32a6b2fa: trying to extract 128 bits from nonblocking
[    6.288069] random 0000 0000 0000 a20f4a3a 32a6b2fa: debiting 128 entropy credits from nonblocking (unlimited)
[    6.288071] random 0000 0000 0000 a20f4a3a 32a6b2fa: extract_entropy account returned: 16 
[    6.288075] random 0000 0000 0000 a20f4a3a 32a6b2fa: urand_change_num 102 extract_buf: pool_sig 000002c0, data_sig 000000fb, bytes_mixed 20 a20f4a3a 32a6b2fa
[    6.288080] random 0000 0000 0000 a20f4a3a 32a6b2fa: urand_change_num 103 extract_buf: pool_sig ffffffdd, data_sig 000000a5, bytes_mixed 20 a20f4a3a 32a6b2fa
[    6.300564] random 0000 0000 0000 de716d2a 6c4757e1: rand_read_num 30 get_random_bytes(16): sig 000000fa de716d2a 6c4757e1
[    6.300566] random 0000 0000 0000 de716d2a 6c4757e1: extract_entropy(.. 16 ..)
[    6.300569] random 0000 0000 0000 de716d2a 6c4757e1: going to reseed nonblocking with 128 bits (128 of 0 requested)
[    6.300572] random 0000 0000 0000 de716d2a 6c4757e1: extract_entropy(.. 16 ..)
[    6.300574] random 0000 0000 0000 de716d2a 6c4757e1: trying to extract 128 bits from input
[    6.300576] random 0000 0000 0000 de716d2a 6c4757e1: debiting 0 entropy credits from input
[    6.300578] random 0000 0000 0000 de716d2a 6c4757e1: extract_entropy account returned: 0 
[    6.300581] random 0000 0000 0000 de716d2a 6c4757e1: urand_change_num 104 xfer_secondary_pool(16): pool_sig 000000fa, data_sig 00000000, bytes_mixed 0 de716d2a 6c4757e1
[    6.300584] random 0000 0000 0000 de716d2a 6c4757e1: trying to extract 128 bits from nonblocking
[    6.300586] random 0000 0000 0000 de716d2a 6c4757e1: debiting 128 entropy credits from nonblocking (unlimited)
[    6.300588] random 0000 0000 0000 de716d2a 6c4757e1: extract_entropy account returned: 16 
[    6.300592] random 0000 0000 0000 de716d2a 6c4757e1: urand_change_num 105 extract_buf: pool_sig 000000fa, data_sig ffffff34, bytes_mixed 20 de716d2a 6c4757e1
[    6.300598] random 0000 0000 0000 de716d2a 6c4757e1: urand_change_num 106 extract_buf: pool_sig 000003d3, data_sig ffffff30, bytes_mixed 20 de716d2a 6c4757e1
[    6.301178] random 0000 0000 0000 a7c511e1 f90ea457: rand_read_num 31 get_random_bytes(16): sig 0000009a a7c511e1 f90ea457
[    6.301181] random 0000 0000 0000 a7c511e1 f90ea457: extract_entropy(.. 16 ..)
[    6.301183] random 0000 0000 0000 a7c511e1 f90ea457: going to reseed nonblocking with 128 bits (128 of 0 requested)
[    6.301185] random 0000 0000 0000 a7c511e1 f90ea457: extract_entropy(.. 16 ..)
[    6.301188] random 0000 0000 0000 a7c511e1 f90ea457: trying to extract 128 bits from input
[    6.301190] random 0000 0000 0000 a7c511e1 f90ea457: debiting 0 entropy credits from input
[    6.301192] random 0000 0000 0000 a7c511e1 f90ea457: extract_entropy account returned: 0 
[    6.301195] random 0000 0000 0000 a7c511e1 f90ea457: urand_change_num 107 xfer_secondary_pool(16): pool_sig 0000009a, data_sig 00000000, bytes_mixed 0 a7c511e1 f90ea457
[    6.301198] random 0000 0000 0000 a7c511e1 f90ea457: trying to extract 128 bits from nonblocking
[    6.301200] random 0000 0000 0000 a7c511e1 f90ea457: debiting 128 entropy credits from nonblocking (unlimited)
[    6.301202] random 0000 0000 0000 a7c511e1 f90ea457: extract_entropy account returned: 16 
[    6.301206] random 0000 0000 0000 a7c511e1 f90ea457: urand_change_num 108 extract_buf: pool_sig 0000009a, data_sig 000000e0, bytes_mixed 20 a7c511e1 f90ea457
[    6.301212] random 0000 0000 0000 7c18c7e6 d65ccb06: urand_change_num 109 extract_buf: pool_sig fffffa79, data_sig 000000e0, bytes_mixed 20 7c18c7e6 d65ccb06
[    6.301806] random 0000 0000 0000 7c18c7e6 d65ccb06: rand_read_num 32 get_random_bytes(16): sig fffffe1e 7c18c7e6 d65ccb06
[    6.301808] random 0000 0000 0000 7c18c7e6 d65ccb06: extract_entropy(.. 16 ..)
[    6.301811] random 0000 0000 0000 7c18c7e6 d65ccb06: going to reseed nonblocking with 128 bits (128 of 0 requested)
[    6.301813] random 0000 0000 0000 7c18c7e6 d65ccb06: extract_entropy(.. 16 ..)
[    6.301815] random 0000 0000 0000 7c18c7e6 d65ccb06: trying to extract 128 bits from input
[    6.301817] random 0000 0000 0000 7c18c7e6 d65ccb06: debiting 0 entropy credits from input
[    6.301819] random 0000 0000 0000 7c18c7e6 d65ccb06: extract_entropy account returned: 0 
[    6.301822] random 0000 0000 0000 7c18c7e6 d65ccb06: urand_change_num 110 xfer_secondary_pool(16): pool_sig fffffe1e, data_sig 00000000, bytes_mixed 0 7c18c7e6 d65ccb06
[    6.301825] random 0000 0000 0000 7c18c7e6 d65ccb06: trying to extract 128 bits from nonblocking
[    6.301828] random 0000 0000 0000 7c18c7e6 d65ccb06: debiting 128 entropy credits from nonblocking (unlimited)
