[    0.000000] random 0000 0000 0000 00000000 00000000: rand_read_num 1 get_random_bytes(8): sig 00000000 00000000 00000000
[    0.000000] random 0000 0000 0000 00000000 00000000: extract_entropy(.. 8 ..)
[    0.000000] random 0000 0000 0000 00000000 00000000: going to reseed nonblocking with 64 bits (64 of 0 requested)
[    0.000000] random 0000 0000 0000 00000000 00000000: extract_entropy(.. 8 ..)
[    0.000000] random 0000 0000 0000 00000000 00000000: trying to extract 64 bits from input
[    0.000000] random 0000 0000 0000 00000000 00000000: debiting 0 entropy credits from input
[    0.000000] random 0000 0000 0000 00000000 00000000: extract_entropy account returned: 0 
[    0.000000] random 0000 0000 0000 00000000 00000000: urand_change_num 1 xfer_secondary_pool(8): pool_sig 00000000, data_sig 00000000, bytes_mixed 0 00000000 00000000
[    0.000000] random 0000 0000 0000 00000000 00000000: trying to extract 64 bits from nonblocking
[    0.000000] random 0000 0000 0000 00000000 00000000: debiting 64 entropy credits from nonblocking (unlimited)
[    0.000000] random 0000 0000 0000 00000000 00000000: extract_entropy account returned: 8 
[    0.000000] random 0000 0000 0000 00000000 00000000: urand_change_num 2 extract_buf: pool_sig 00000000, data_sig fffffff9, bytes_mixed 20 00000000 00000000
[    0.000000] Linux version 2.6.32.57 (dcashman@dcashman-02) (gcc version 4.3.3 (GCC) ) #3 Fri May 24 04:27:34 PDT 2013
[    0.000000] KERNEL supported cpus:
[    0.000000]   Intel GenuineIntel
[    0.000000]   AMD AuthenticAMD
[    0.000000]   NSC Geode by NSC
[    0.000000]   Cyrix CyrixInstead
[    0.000000]   Centaur CentaurHauls
[    0.000000]   Transmeta GenuineTMx86
[    0.000000]   Transmeta TransmetaCPU
[    0.000000]   UMC UMC UMC UMC
[    0.000000] BIOS-provided physical RAM map:
[    0.000000]  BIOS-e820: 0000000000000000 - 000000000009d800 (usable)
[    0.000000]  BIOS-e820: 000000000009d800 - 00000000000a0000 (reserved)
[    0.000000]  BIOS-e820: 00000000000d2000 - 00000000000d4000 (reserved)
[    0.000000]  BIOS-e820: 00000000000e0000 - 0000000000100000 (reserved)
[    0.000000]  BIOS-e820: 0000000000100000 - 000000003d6b0000 (usable)
[    0.000000]  BIOS-e820: 000000003d6b0000 - 000000003d6cc000 (ACPI data)
[    0.000000]  BIOS-e820: 000000003d6cc000 - 000000003d700000 (ACPI NVS)
[    0.000000]  BIOS-e820: 000000003d700000 - 000000003e000000 (reserved)
[    0.000000]  BIOS-e820: 00000000f0000000 - 00000000f4000000 (reserved)
[    0.000000]  BIOS-e820: 00000000fec00000 - 00000000fec10000 (reserved)
[    0.000000]  BIOS-e820: 00000000fed00000 - 00000000fed00400 (reserved)
[    0.000000]  BIOS-e820: 00000000fed14000 - 00000000fed1a000 (reserved)
[    0.000000]  BIOS-e820: 00000000fed1c000 - 00000000fed90000 (reserved)
[    0.000000]  BIOS-e820: 00000000fee00000 - 00000000fee01000 (reserved)
[    0.000000]  BIOS-e820: 00000000ff000000 - 0000000100000000 (reserved)
[    0.000000] DMI present.
[    0.000000] last_pfn = 0x3d6b0 max_arch_pfn = 0x100000
[    0.000000] MTRR default type: uncachable
[    0.000000] MTRR fixed ranges enabled:
[    0.000000]   00000-9FFFF write-back
[    0.000000]   A0000-BFFFF uncachable
[    0.000000]   C0000-CFFFF write-protect
[    0.000000]   D0000-DFFFF uncachable
[    0.000000]   E0000-FFFFF write-protect
[    0.000000] MTRR variable ranges enabled:
[    0.000000]   0 base 03E000000 mask FFE000000 uncachable
[    0.000000]   1 base 000000000 mask FC0000000 write-back
[    0.000000]   2 base 03D700000 mask FFFF00000 uncachable
[    0.000000]   3 base 03D800000 mask FFF800000 uncachable
[    0.000000]   4 disabled
[    0.000000]   5 disabled
[    0.000000]   6 disabled
[    0.000000]   7 disabled
[    0.000000] initial memory mapped : 0 - 02000000
[    0.000000] init_memory_mapping: 0000000000000000-00000000377fe000
[    0.000000]  0000000000 - 0000400000 page 4k
[    0.000000]  0000400000 - 0037400000 page 2M
[    0.000000]  0037400000 - 00377fe000 page 4k
[    0.000000] kernel direct mapping tables up to 377fe000 @ 7000-c000
[    0.000000] ACPI: RSDP 000f68d0 00024 (v02 LENOVO)
[    0.000000] ACPI: XSDT 3d6bb77f 00094 (v01 LENOVO TP-7L    00002170  LTP 00000000)
[    0.000000] ACPI: FACP 3d6bb900 000F4 (v03 LENOVO TP-7L    00002170 LNVO 00000001)
[    0.000000] ACPI Warning: 32/64X length mismatch in Gpe1Block: 0/32 (20090903/tbfadt-526)
[    0.000000] ACPI Warning: Optional field Gpe1Block has zero address or length: 000000000000102C/0 (20090903/tbfadt-557)
[    0.000000] ACPI: DSDT 3d6bbd1d 0FED1 (v01 LENOVO TP-7L    00002170 MSFT 03000000)
[    0.000000] ACPI: FACS 3d6e4000 00040
[    0.000000] ACPI: SSDT 3d6bbab4 00269 (v01 LENOVO TP-7L    00002170 MSFT 03000000)
[    0.000000] ACPI: ECDT 3d6cbbee 00052 (v01 LENOVO TP-7L    00002170 LNVO 00000001)
[    0.000000] ACPI: TCPA 3d6cbc40 00032 (v02 LENOVO TP-7L    00002170 LNVO 00000001)
[    0.000000] ACPI: APIC 3d6cbc72 00068 (v01 LENOVO TP-7L    00002170 LNVO 00000001)
[    0.000000] ACPI: MCFG 3d6cbcda 0003C (v01 LENOVO TP-7L    00002170 LNVO 00000001)
[    0.000000] ACPI: HPET 3d6cbd16 00038 (v01 LENOVO TP-7L    00002170 LNVO 00000001)
[    0.000000] ACPI: SLIC 3d6cbdf0 00176 (v01 LENOVO TP-7L    00002170  LTP 00000000)
[    0.000000] ACPI: BOOT 3d6cbf66 00028 (v01 LENOVO TP-7L    00002170  LTP 00000001)
[    0.000000] ACPI: ASF! 3d6cbf8e 00072 (v16 LENOVO TP-7L    00002170 PTL  00000001)
[    0.000000] ACPI: SSDT 3d6e26d9 0025F (v01 LENOVO TP-7L    00002170 INTL 20050513)
[    0.000000] ACPI: SSDT 3d6e2938 000A6 (v01 LENOVO TP-7L    00002170 INTL 20050513)
[    0.000000] ACPI: SSDT 3d6e29de 004F7 (v01 LENOVO TP-7L    00002170 INTL 20050513)
[    0.000000] ACPI: SSDT 3d6e2ed5 001D8 (v01 LENOVO TP-7L    00002170 INTL 20050513)
[    0.000000] ACPI: DMI detected: Lenovo ThinkPad R61
[    0.000000] ACPI: Added _OSI(Linux)
[    0.000000] ACPI: Local APIC address 0xfee00000
[    0.000000] 94MB HIGHMEM available.
[    0.000000] 887MB LOWMEM available.
[    0.000000]   mapped low ram: 0 - 377fe000
[    0.000000]   low ram: 0 - 377fe000
[    0.000000]   node 0 low ram: 00000000 - 377fe000
[    0.000000]   node 0 bootmap 00008000 - 0000ef00
[    0.000000] (6 early reservations) ==> bootmem [0000000000 - 00377fe000]
[    0.000000]   #0 [0000000000 - 0000001000]   BIOS data page ==> [0000000000 - 0000001000]
[    0.000000]   #1 [0001000000 - 0001bdc180]    TEXT DATA BSS ==> [0001000000 - 0001bdc180]
[    0.000000]   #2 [000009d800 - 0000100000]    BIOS reserved ==> [000009d800 - 0000100000]
[    0.000000]   #3 [0001bdd000 - 0001be516c]              BRK ==> [0001bdd000 - 0001be516c]
[    0.000000]   #4 [0000007000 - 0000008000]          PGTABLE ==> [0000007000 - 0000008000]
[    0.000000]   #5 [0000008000 - 000000f000]          BOOTMAP ==> [0000008000 - 000000f000]
[    0.000000] found SMP MP-table at [c00f6900] f6900
[    0.000000] Zone PFN ranges:
[    0.000000]   DMA      0x00000000 -> 0x00001000
[    0.000000]   Normal   0x00001000 -> 0x000377fe
[    0.000000]   HighMem  0x000377fe -> 0x0003d6b0
[    0.000000] Movable zone start PFN for each node
[    0.000000] early_node_map[2] active PFN ranges
[    0.000000]     0: 0x00000000 -> 0x0000009d
[    0.000000]     0: 0x00000100 -> 0x0003d6b0
[    0.000000] On node 0 totalpages: 251469
[    0.000000] free_area_init_node: node 0, pgdat c1901ea0, node_mem_map c1be7000
[    0.000000]   DMA zone: 32 pages used for memmap
[    0.000000]   DMA zone: 0 pages reserved
[    0.000000]   DMA zone: 3965 pages, LIFO batch:0
[    0.000000]   Normal zone: 1744 pages used for memmap
[    0.000000]   Normal zone: 221486 pages, LIFO batch:31
[    0.000000]   HighMem zone: 190 pages used for memmap
[    0.000000]   HighMem zone: 24052 pages, LIFO batch:3
[    0.000000] Using APIC driver default
[    0.000000] ACPI: PM-Timer IO Port: 0x1008
[    0.000000] ACPI: Local APIC address 0xfee00000
[    0.000000] ACPI: LAPIC (acpi_id[0x00] lapic_id[0x00] enabled)
[    0.000000] ACPI: LAPIC (acpi_id[0x01] lapic_id[0x01] enabled)
[    0.000000] ACPI: NR_CPUS/possible_cpus limit of 1 reached.  Processor 1/0x1 ignored.
[    0.000000] ACPI: LAPIC_NMI (acpi_id[0x00] high edge lint[0x1])
[    0.000000] ACPI: LAPIC_NMI (acpi_id[0x01] high edge lint[0x1])
[    0.000000] ACPI: IOAPIC (id[0x01] address[0xfec00000] gsi_base[0])
[    0.000000] IOAPIC[0]: apic_id 1, version 32, address 0xfec00000, GSI 0-23
[    0.000000] ACPI: INT_SRC_OVR (bus 0 bus_irq 0 global_irq 2 dfl dfl)
[    0.000000] ACPI: INT_SRC_OVR (bus 0 bus_irq 9 global_irq 9 high level)
[    0.000000] ACPI: IRQ0 used by override.
[    0.000000] ACPI: IRQ2 used by override.
[    0.000000] ACPI: IRQ9 used by override.
[    0.000000] Using ACPI (MADT) for SMP configuration information
[    0.000000] ACPI: HPET id: 0x8086a201 base: 0xfed00000
[    0.000000] nr_irqs_gsi: 24
[    0.000000] PM: Registered nosave memory: 000000000009d000 - 000000000009e000
[    0.000000] PM: Registered nosave memory: 000000000009e000 - 00000000000a0000
[    0.000000] PM: Registered nosave memory: 00000000000a0000 - 00000000000d2000
[    0.000000] PM: Registered nosave memory: 00000000000d2000 - 00000000000d4000
[    0.000000] PM: Registered nosave memory: 00000000000d4000 - 00000000000e0000
[    0.000000] PM: Registered nosave memory: 00000000000e0000 - 0000000000100000
[    0.000000] Allocating PCI resources starting at 3e000000 (gap: 3e000000:b2000000)
[    0.000000] Built 1 zonelists in Zone order, mobility grouping on.  Total pages: 249503
[    0.000000] Kernel command line: auto BOOT_IMAGE=Linux ro root=802 vt.default_utf8=0 maxcpus=0
[    0.000000] PID hash table entries: 4096 (order: 2, 16384 bytes)
[    0.000000] Dentry cache hash table entries: 131072 (order: 7, 524288 bytes)
[    0.000000] Inode-cache hash table entries: 65536 (order: 6, 262144 bytes)
[    0.000000] Enabling fast FPU save and restore... done.
[    0.000000] Enabling unmasked SIMD FPU exception support... done.
[    0.000000] Initializing CPU#0
[    0.000000] Initializing HighMem for node 0 (000377fe:0003d6b0)
[    0.000000] Memory: 984800k/1006272k available (6914k kernel code, 20876k reserved, 2328k data, 448k init, 96968k highmem)
[    0.000000] virtual kernel memory layout:
[    0.000000]     fixmap  : 0xfffa3000 - 0xfffff000   ( 368 kB)
[    0.000000]     pkmap   : 0xff800000 - 0xffc00000   (4096 kB)
[    0.000000]     vmalloc : 0xf7ffe000 - 0xff7fe000   ( 120 MB)
[    0.000000]     lowmem  : 0xc0000000 - 0xf77fe000   ( 887 MB)
[    0.000000]       .init : 0xc1907000 - 0xc1977000   ( 448 kB)
[    0.000000]       .data : 0xc16c0b5f - 0xc1906c64   (2328 kB)
[    0.000000]       .text : 0xc1000000 - 0xc16c0b5f   (6914 kB)
[    0.000000] Checking if this processor honours the WP bit even in supervisor mode...Ok.
[    0.000000] SLUB: Genslabs=13, HWalign=64, Order=0-3, MinObjects=0, CPUs=1, Nodes=1
[    0.000000] Hierarchical RCU implementation.
[    0.000000] NR_IRQS:288
[    0.000000] Extended CMOS year: 2000
[    0.000000] Console: colour VGA+ 80x25
[    0.000000] console [tty0] enabled
[    0.000000] hpet clockevent registered
[    0.000000] Fast TSC calibration using PIT
[    0.000000] Detected 2094.669 MHz processor.
[    0.001002] Calibrating delay loop (skipped), value calculated using timer frequency.. 4189.33 BogoMIPS (lpj=2094669)
[    0.001175] Security Framework initialized
[    0.001261] Mount-cache hash table entries: 512
[    0.002058] CPU: L1 I cache: 32K, L1 D cache: 32K
[    0.002183] CPU: L2 cache: 3072K
[    0.002265] mce: CPU supports 6 MCE banks
[    0.002352] CPU0: Thermal monitoring enabled (TM2)
[    0.002436] using mwait in idle threads.
[    0.002524] CPU: Intel(R) Core(TM)2 Duo CPU     T8100  @ 2.10GHz stepping 06
[    0.002707] Checking 'hlt' instruction... OK.
[    0.006936] ACPI: Core revision 20090903
[    0.026017] CANARY value: 7eb90e90 for PID: 1
[    0.026046] Enabling APIC mode:  Flat.  Using 1 I/O APICs
[    0.027369] ..TIMER: vector=0x30 apic1=0 pin1=2 apic2=-1 pin2=-1
[    0.037997] xor: automatically using best checksumming function: pIII_sse
[    0.041998]    pIII_sse  :  8568.000 MB/sec
[    0.042086] xor: using function: pIII_sse (8568.000 MB/sec)
[    0.042185] RANDOM - __seed init called.
[    0.042186] RANDOM - __seed init called.
[    0.042187] RANDOM - __seed init called.
[    0.042188] RANDOM - __random32 called. Change num 1.  Value: f7943846	49e73df3	af36cd0d
[    0.042190] RANDOM - __random32 called. Change num 2.  Value: 43846e13	9e73df37	9a1ad014
[    0.042192] RANDOM - __random32 called. Change num 3.  Value: 46e139c8	e73df373	a029598a
[    0.042194] RANDOM - __random32 called. Change num 4.  Value: 139c8c3b	73df373d	b3142c72
[    0.042195] RANDOM - __random32 called. Change num 5.  Value: c8c3b043	3df373de	58e576a9
[    0.042197] RANDOM - __random32 called. Change num 6.  Value: 3b0437d9	df373de5	ed53f9d8
[    0.042198] RANDOM - random32 init called.  Value: 3b0437d9	df373de5	ed53f9d8
[    0.042216] NET: Registered protocol family 16
[    0.042477] ACPI FADT declares the system doesn't support PCIe ASPM, so disable it
[    0.042598] ACPI: bus type pci registered
[    0.042767] PCI: MCFG configuration 0: base f0000000 segment 0 buses 0 - 63
[    0.042858] PCI: MCFG area at f0000000 reserved in E820
[    0.042946] PCI: Using MMCONFIG for extended config space
[    0.043002] PCI: Using configuration type 1 for base access
[    0.046151] bio: create slab <bio-0> at 0
[    0.046958] ACPI: EC: EC description table is found, configuring boot EC
[    0.052110] ACPI: BIOS _OSI(Linux) query honored via DMI
[    0.052837] random 0000 0000 0000 00000000 00000000: rand_read_num 2 get_random_bytes(8): sig fffffe1a 00000000 00000000
[    0.052839] random 0000 0000 0000 00000000 00000000: extract_entropy(.. 8 ..)
[    0.052842] random 0000 0000 0000 00000000 00000000: going to reseed nonblocking with 64 bits (64 of 0 requested)
[    0.052844] random 0000 0000 0000 00000000 00000000: extract_entropy(.. 8 ..)
[    0.052846] random 0000 0000 0000 00000000 00000000: trying to extract 64 bits from input
[    0.052848] random 0000 0000 0000 00000000 00000000: debiting 0 entropy credits from input
[    0.052850] random 0000 0000 0000 00000000 00000000: extract_entropy account returned: 0 
[    0.052853] random 0000 0000 0000 00000000 00000000: urand_change_num 3 xfer_secondary_pool(8): pool_sig fffffe1a, data_sig 00000000, bytes_mixed 0 00000000 00000000
[    0.052856] random 0000 0000 0000 00000000 00000000: trying to extract 64 bits from nonblocking
[    0.052859] random 0000 0000 0000 00000000 00000000: debiting 64 entropy credits from nonblocking (unlimited)
[    0.052861] random 0000 0000 0000 00000000 00000000: extract_entropy account returned: 8 
[    0.052893] random 0000 0000 0000 00000000 00000000: urand_change_num 4 extract_buf: pool_sig fffffe1a, data_sig fffffed7, bytes_mixed 20 00000000 00000000
[    0.057533] ACPI: Interpreter enabled
[    0.057623] ACPI: (supports S0 S3 S4 S5)
[    0.057936] ACPI: Using IOAPIC for interrupt routing
[    0.067665] ACPI: EC: GPE = 0x12, I/O: command/status = 0x66, data = 0x62
[    0.067975] ACPI: Power Resource [PUBS] (on)
[    0.070069] ACPI: ACPI Dock Station Driver: 3 docks/bays found
[    0.070485] ACPI: PCI Root Bridge [PCI0] (0000:00)
[    0.070658] pci 0000:00:02.0: reg 10 64bit mmio: [0xf8100000-0xf81fffff]
[    0.070664] pci 0000:00:02.0: reg 18 64bit mmio pref: [0xe0000000-0xefffffff]
[    0.070668] pci 0000:00:02.0: reg 20 io port: [0x1800-0x1807]
[    0.070702] pci 0000:00:02.1: reg 10 64bit mmio: [0xf8200000-0xf82fffff]
[    0.070808] pci 0000:00:19.0: reg 10 32bit mmio: [0xfe000000-0xfe01ffff]
[    0.070815] pci 0000:00:19.0: reg 14 32bit mmio: [0xfe025000-0xfe025fff]
[    0.070824] pci 0000:00:19.0: reg 18 io port: [0x1840-0x185f]
[    0.070894] pci 0000:00:19.0: PME# supported from D0 D3hot D3cold
[    0.070989] pci 0000:00:19.0: PME# disabled
[    0.071056] pci 0000:00:1a.0: reg 20 io port: [0x1860-0x187f]
[    0.071138] pci 0000:00:1a.1: reg 20 io port: [0x1880-0x189f]
[    0.071215] pci 0000:00:1a.7: reg 10 32bit mmio: [0xfe226c00-0xfe226fff]
[    0.071301] pci 0000:00:1a.7: PME# supported from D0 D3hot D3cold
[    0.071398] pci 0000:00:1a.7: PME# disabled
[    0.071549] pci 0000:00:1b.0: reg 10 64bit mmio: [0xfe020000-0xfe023fff]
[    0.071628] pci 0000:00:1b.0: PME# supported from D0 D3hot D3cold
[    0.071721] pci 0000:00:1b.0: PME# disabled
[    0.072018] pci 0000:00:1c.0: PME# supported from D0 D3hot D3cold
[    0.072112] pci 0000:00:1c.0: PME# disabled
[    0.072326] pci 0000:00:1c.1: PME# supported from D0 D3hot D3cold
[    0.072420] pci 0000:00:1c.1: PME# disabled
[    0.072624] pci 0000:00:1c.2: PME# supported from D0 D3hot D3cold
[    0.072718] pci 0000:00:1c.2: PME# disabled
[    0.072923] pci 0000:00:1c.3: PME# supported from D0 D3hot D3cold
[    0.072997] pci 0000:00:1c.3: PME# disabled
[    0.073849] pci 0000:00:1c.4: PME# supported from D0 D3hot D3cold
[    0.073943] pci 0000:00:1c.4: PME# disabled
[    0.074074] pci 0000:00:1d.0: reg 20 io port: [0x18a0-0x18bf]
[    0.074152] pci 0000:00:1d.1: reg 20 io port: [0x18c0-0x18df]
[    0.074224] pci 0000:00:1d.2: reg 20 io port: [0x18e0-0x18ff]
[    0.074314] pci 0000:00:1d.7: reg 10 32bit mmio: [0xfe227000-0xfe2273ff]
[    0.074406] pci 0000:00:1d.7: PME# supported from D0 D3hot D3cold
[    0.074508] pci 0000:00:1d.7: PME# disabled
[    0.074793] pci 0000:00:1f.0: quirk: region 1000-107f claimed by ICH6 ACPI/GPIO/TCO
[    0.074927] pci 0000:00:1f.0: quirk: region 1180-11bf claimed by ICH6 GPIO
[    0.074996] pci 0000:00:1f.0: ICH7 LPC Generic IO decode 1 PIO at 1600 (mask 007f)
[    0.075130] pci 0000:00:1f.0: ICH7 LPC Generic IO decode 2 PIO at 15e0 (mask 000f)
[    0.075255] pci 0000:00:1f.0: ICH7 LPC Generic IO decode 3 PIO at 1680 (mask 001f)
[    0.075461] pci 0000:00:1f.1: reg 10 io port: [0x00-0x07]
[    0.075472] pci 0000:00:1f.1: reg 14 io port: [0x00-0x03]
[    0.075482] pci 0000:00:1f.1: reg 18 io port: [0x00-0x07]
[    0.075491] pci 0000:00:1f.1: reg 1c io port: [0x00-0x03]
[    0.075500] pci 0000:00:1f.1: reg 20 io port: [0x1c00-0x1c0f]
[    0.075592] pci 0000:00:1f.2: reg 10 io port: [0x1c50-0x1c57]
[    0.075601] pci 0000:00:1f.2: reg 14 io port: [0x1c44-0x1c47]
[    0.075610] pci 0000:00:1f.2: reg 18 io port: [0x1c48-0x1c4f]
[    0.075618] pci 0000:00:1f.2: reg 1c io port: [0x1c40-0x1c43]
[    0.075625] pci 0000:00:1f.2: reg 20 io port: [0x1c20-0x1c3f]
[    0.075634] pci 0000:00:1f.2: reg 24 32bit mmio: [0xfe226000-0xfe2267ff]
[    0.075694] pci 0000:00:1f.2: PME# supported from D3hot
[    0.075785] pci 0000:00:1f.2: PME# disabled
[    0.076007] pci 0000:00:1f.3: reg 10 32bit mmio: [0xfe227400-0xfe2274ff]
[    0.076032] pci 0000:00:1f.3: reg 20 io port: [0x1c60-0x1c7f]
[    0.076118] pci 0000:00:1c.0: bridge io port: [0x2000-0x2fff]
[    0.076124] pci 0000:00:1c.0: bridge 32bit mmio: [0xfc000000-0xfdffffff]
[    0.076136] pci 0000:00:1c.0: bridge 64bit mmio pref: [0xf8000000-0xf80fffff]
[    0.076206] pci 0000:03:00.0: reg 10 64bit mmio: [0xdf3f0000-0xdf3fffff]
[    0.076400] pci 0000:00:1c.1: bridge io port: [0x3000-0x3fff]
[    0.076405] pci 0000:00:1c.1: bridge 32bit mmio: [0xdc000000-0xdf3fffff]
[    0.076413] pci 0000:00:1c.1: bridge 64bit mmio pref: [0xdfe00000-0xdfefffff]
[    0.076470] pci 0000:00:1c.2: bridge io port: [0x4000-0x4fff]
[    0.076477] pci 0000:00:1c.2: bridge 32bit mmio: [0xd8000000-0xd9ffffff]
[    0.076485] pci 0000:00:1c.2: bridge 64bit mmio pref: [0xdfb00000-0xdfbfffff]
[    0.076540] pci 0000:00:1c.3: bridge io port: [0x5000-0x5fff]
[    0.076546] pci 0000:00:1c.3: bridge 32bit mmio: [0xd4000000-0xd5ffffff]
[    0.076556] pci 0000:00:1c.3: bridge 64bit mmio pref: [0xdf800000-0xdf8fffff]
[    0.076610] pci 0000:00:1c.4: bridge io port: [0x6000-0x6fff]
[    0.076616] pci 0000:00:1c.4: bridge 32bit mmio: [0xd0000000-0xd1ffffff]
[    0.076625] pci 0000:00:1c.4: bridge 64bit mmio pref: [0xdf500000-0xdf5fffff]
[    0.076689] pci 0000:15:00.0: reg 10 32bit mmio: [0xf8300000-0xf8300fff]
[    0.076741] pci 0000:15:00.0: supports D1 D2
[    0.076742] pci 0000:15:00.0: PME# supported from D0 D1 D2 D3hot D3cold
[    0.076839] pci 0000:15:00.0: PME# disabled
[    0.076989] pci 0000:15:00.1: reg 10 32bit mmio: [0xf8301000-0xf83017ff]
[    0.077095] pci 0000:15:00.1: supports D1 D2
[    0.077096] pci 0000:15:00.1: PME# supported from D0 D1 D2 D3hot D3cold
[    0.077191] pci 0000:15:00.1: PME# disabled
[    0.077370] pci 0000:00:1e.0: transparent bridge
[    0.077465] pci 0000:00:1e.0: bridge io port: [0x7000-0xafff]
[    0.077472] pci 0000:00:1e.0: bridge 32bit mmio: [0xf8300000-0xfbffffff]
[    0.077481] pci 0000:00:1e.0: bridge 64bit mmio pref: [0xf4000000-0xf7ffffff]
[    0.077550] pci_bus 0000:00: on NUMA node 0
[    0.077554] ACPI: PCI Interrupt Routing Table [\_SB_.PCI0._PRT]
[    0.077687] ACPI: PCI Interrupt Routing Table [\_SB_.PCI0.EXP0._PRT]
[    0.077746] ACPI: PCI Interrupt Routing Table [\_SB_.PCI0.EXP1._PRT]
[    0.077803] ACPI: PCI Interrupt Routing Table [\_SB_.PCI0.EXP2._PRT]
[    0.077861] ACPI: PCI Interrupt Routing Table [\_SB_.PCI0.EXP3._PRT]
[    0.077923] ACPI: PCI Interrupt Routing Table [\_SB_.PCI0.EXP4._PRT]
[    0.077985] ACPI: PCI Interrupt Routing Table [\_SB_.PCI0.PCI1._PRT]
[    0.083439] ACPI: PCI Interrupt Link [LNKA] (IRQs 3 4 5 6 7 9 *10 11)
[    0.084248] ACPI: PCI Interrupt Link [LNKB] (IRQs 3 4 5 6 7 9 10 *11)
[    0.085077] ACPI: PCI Interrupt Link [LNKC] (IRQs 3 4 5 6 7 9 10 *11)
[    0.085873] ACPI: PCI Interrupt Link [LNKD] (IRQs 3 4 5 6 7 9 10 *11)
[    0.086612] ACPI: PCI Interrupt Link [LNKE] (IRQs 3 4 5 6 7 9 10 *11)
[    0.087461] ACPI: PCI Interrupt Link [LNKF] (IRQs 3 4 5 6 7 9 10 *11)
[    0.088240] ACPI: PCI Interrupt Link [LNKG] (IRQs 3 4 5 6 7 9 10 *11)
[    0.089083] ACPI: PCI Interrupt Link [LNKH] (IRQs 3 4 5 6 7 9 10 *11)
[    0.089854] vgaarb: device added: PCI:0000:00:02.0,decodes=io+mem,owns=io+mem,locks=none
[    0.089986] vgaarb: loaded
[    0.090089] SCSI subsystem initialized
[    0.090189] libata version 3.00 loaded.
[    0.090236] usbcore: registered new interface driver usbfs
[    0.090359] usbcore: registered new interface driver hub
[    0.090472] usbcore: registered new device driver usb
[    0.107043] raid6: int32x1    941 MB/s
[    0.124058] raid6: int32x2    890 MB/s
[    0.141069] raid6: int32x4    750 MB/s
[    0.158075] raid6: int32x8    660 MB/s
[    0.174991] raid6: mmxx1     2878 MB/s
[    0.191980] raid6: mmxx2     3269 MB/s
[    0.208998] raid6: sse1x1    1937 MB/s
[    0.225982] raid6: sse1x2    2531 MB/s
[    0.242982] raid6: sse2x1    3503 MB/s
[    0.259979] raid6: sse2x2    3824 MB/s
[    0.260068] raid6: using algorithm sse2x2 (3824 MB/s)
[    0.260159] PCI: Using ACPI for IRQ routing
[    0.260462] HPET: 3 timers in total, 0 timers will be used for per-cpu timer
[    0.260989] Switching to clocksource tsc
[    0.261102] pnp: PnP ACPI init
[    0.261191] ACPI: bus type pnp registered
[    0.264820] pnp: PnP ACPI: found 11 devices
[    0.264934] ACPI: ACPI bus type pnp unregistered
[    0.265028] system 00:00: iomem range 0x0-0x9ffff could not be reserved
[    0.265120] system 00:00: iomem range 0xc0000-0xc3fff could not be reserved
[    0.265214] system 00:00: iomem range 0xc4000-0xc7fff could not be reserved
[    0.265304] system 00:00: iomem range 0xc8000-0xcbfff has been reserved
[    0.265401] system 00:00: iomem range 0xcc000-0xcffff has been reserved
[    0.265491] system 00:00: iomem range 0xd0000-0xd3fff could not be reserved
[    0.265587] system 00:00: iomem range 0xe0000-0xe3fff could not be reserved
[    0.265679] system 00:00: iomem range 0xe4000-0xe7fff could not be reserved
[    0.265769] system 00:00: iomem range 0xe8000-0xebfff could not be reserved
[    0.265863] system 00:00: iomem range 0xec000-0xeffff could not be reserved
[    0.265957] system 00:00: iomem range 0xf0000-0xfffff could not be reserved
[    0.266053] system 00:00: iomem range 0x100000-0x3dffffff could not be reserved
[    0.266177] system 00:00: iomem range 0xfec00000-0xfed3ffff could not be reserved
[    0.266306] system 00:00: iomem range 0xfed4c000-0xffffffff could not be reserved
[    0.266427] system 00:02: ioport range 0x164e-0x164f has been reserved
[    0.266522] system 00:02: ioport range 0x1000-0x107f has been reserved
[    0.266621] system 00:02: ioport range 0x1180-0x11bf has been reserved
[    0.266715] system 00:02: ioport range 0x800-0x80f has been reserved
[    0.266805] system 00:02: ioport range 0x15e0-0x15ef has been reserved
[    0.266900] system 00:02: ioport range 0x1600-0x165f could not be reserved
[    0.266998] system 00:02: iomem range 0xf0000000-0xf3ffffff has been reserved
[    0.267095] system 00:02: iomem range 0xfed1c000-0xfed1ffff has been reserved
[    0.267186] system 00:02: iomem range 0xfed14000-0xfed17fff has been reserved
[    0.267276] system 00:02: iomem range 0xfed18000-0xfed18fff has been reserved
[    0.267368] system 00:02: iomem range 0xfed19000-0xfed19fff has been reserved
[    0.267462] system 00:02: iomem range 0xfed45000-0xfed4bfff has been reserved
[    0.302503] pci 0000:00:1c.0: PCI bridge, secondary bus 0000:02
[    0.302599] pci 0000:00:1c.0:   IO window: 0x2000-0x2fff
[    0.302702] pci 0000:00:1c.0:   MEM window: 0xfc000000-0xfdffffff
[    0.302796] pci 0000:00:1c.0:   PREFETCH window: 0x000000f8000000-0x000000f80fffff
[    0.302932] pci 0000:00:1c.1: PCI bridge, secondary bus 0000:03
[    0.303029] pci 0000:00:1c.1:   IO window: 0x3000-0x3fff
[    0.303124] pci 0000:00:1c.1:   MEM window: 0xdc000000-0xdf3fffff
[    0.303216] pci 0000:00:1c.1:   PREFETCH window: 0x000000dfe00000-0x000000dfefffff
[    0.303342] pci 0000:00:1c.2: PCI bridge, secondary bus 0000:04
[    0.303442] pci 0000:00:1c.2:   IO window: 0x4000-0x4fff
[    0.303541] pci 0000:00:1c.2:   MEM window: 0xd8000000-0xd9ffffff
[    0.303633] pci 0000:00:1c.2:   PREFETCH window: 0x000000dfb00000-0x000000dfbfffff
[    0.303771] pci 0000:00:1c.3: PCI bridge, secondary bus 0000:05
[    0.303873] pci 0000:00:1c.3:   IO window: 0x5000-0x5fff
[    0.303973] pci 0000:00:1c.3:   MEM window: 0xd4000000-0xd5ffffff
[    0.304067] pci 0000:00:1c.3:   PREFETCH window: 0x000000df800000-0x000000df8fffff
[    0.304201] pci 0000:00:1c.4: PCI bridge, secondary bus 0000:0d
[    0.304296] pci 0000:00:1c.4:   IO window: 0x6000-0x6fff
[    0.304396] pci 0000:00:1c.4:   MEM window: 0xd0000000-0xd1ffffff
[    0.304487] pci 0000:00:1c.4:   PREFETCH window: 0x000000df500000-0x000000df5fffff
[    0.304615] pci 0000:15:00.0: CardBus bridge, secondary bus 0000:16
[    0.304705] pci 0000:15:00.0:   IO window: 0x007000-0x0070ff
[    0.304798] pci 0000:15:00.0:   IO window: 0x007400-0x0074ff
[    0.304894] pci 0000:15:00.0:   PREFETCH window: 0xf4000000-0xf7ffffff
[    0.304989] pci 0000:15:00.0:   MEM window: 0x40000000-0x43ffffff
[    0.305084] pci 0000:00:1e.0: PCI bridge, secondary bus 0000:15
[    0.305177] pci 0000:00:1e.0:   IO window: 0x7000-0xafff
[    0.305279] pci 0000:00:1e.0:   MEM window: 0xf8300000-0xfbffffff
[    0.305375] pci 0000:00:1e.0:   PREFETCH window: 0x000000f4000000-0x000000f7ffffff
[    0.305515] pci 0000:00:1c.0: PCI INT A -> GSI 20 (level, low) -> IRQ 20
[    0.305617] pci 0000:00:1c.0: setting latency timer to 64
[    0.305635] pci 0000:00:1c.1: PCI INT B -> GSI 21 (level, low) -> IRQ 21
[    0.305733] pci 0000:00:1c.1: setting latency timer to 64
[    0.305747] pci 0000:00:1c.2: PCI INT C -> GSI 22 (level, low) -> IRQ 22
[    0.305843] pci 0000:00:1c.2: setting latency timer to 64
[    0.305857] pci 0000:00:1c.3: PCI INT D -> GSI 23 (level, low) -> IRQ 23
[    0.305960] pci 0000:00:1c.3: setting latency timer to 64
[    0.305975] pci 0000:00:1c.4: PCI INT A -> GSI 20 (level, low) -> IRQ 20
[    0.306069] pci 0000:00:1c.4: setting latency timer to 64
[    0.306076] pci 0000:00:1e.0: enabling device (0005 -> 0007)
[    0.306174] pci 0000:00:1e.0: setting latency timer to 64
[    0.306187] pci 0000:15:00.0: PCI INT A -> GSI 16 (level, low) -> IRQ 16
[    0.306284] pci 0000:15:00.0: setting latency timer to 64
[    0.306290] pci_bus 0000:00: resource 0 io:  [0x00-0xffff]
[    0.306292] pci_bus 0000:00: resource 1 mem: [0x000000-0xffffffff]
[    0.306294] pci_bus 0000:02: resource 0 io:  [0x2000-0x2fff]
[    0.306296] pci_bus 0000:02: resource 1 mem: [0xfc000000-0xfdffffff]
[    0.306298] pci_bus 0000:02: resource 2 pref mem [0xf8000000-0xf80fffff]
[    0.306299] pci_bus 0000:03: resource 0 io:  [0x3000-0x3fff]
[    0.306301] pci_bus 0000:03: resource 1 mem: [0xdc000000-0xdf3fffff]
[    0.306303] pci_bus 0000:03: resource 2 pref mem [0xdfe00000-0xdfefffff]
[    0.306305] pci_bus 0000:04: resource 0 io:  [0x4000-0x4fff]
[    0.306307] pci_bus 0000:04: resource 1 mem: [0xd8000000-0xd9ffffff]
[    0.306308] pci_bus 0000:04: resource 2 pref mem [0xdfb00000-0xdfbfffff]
[    0.306310] pci_bus 0000:05: resource 0 io:  [0x5000-0x5fff]
[    0.306312] pci_bus 0000:05: resource 1 mem: [0xd4000000-0xd5ffffff]
[    0.306314] pci_bus 0000:05: resource 2 pref mem [0xdf800000-0xdf8fffff]
[    0.306315] pci_bus 0000:0d: resource 0 io:  [0x6000-0x6fff]
[    0.306317] pci_bus 0000:0d: resource 1 mem: [0xd0000000-0xd1ffffff]
[    0.306319] pci_bus 0000:0d: resource 2 pref mem [0xdf500000-0xdf5fffff]
[    0.306321] pci_bus 0000:15: resource 0 io:  [0x7000-0xafff]
[    0.306323] pci_bus 0000:15: resource 1 mem: [0xf8300000-0xfbffffff]
[    0.306324] pci_bus 0000:15: resource 2 pref mem [0xf4000000-0xf7ffffff]
[    0.306326] pci_bus 0000:15: resource 3 io:  [0x00-0xffff]
[    0.306328] pci_bus 0000:15: resource 4 mem: [0x000000-0xffffffff]
[    0.306330] pci_bus 0000:16: resource 0 io:  [0x7000-0x70ff]
[    0.306331] pci_bus 0000:16: resource 1 io:  [0x7400-0x74ff]
[    0.306333] pci_bus 0000:16: resource 2 pref mem [0xf4000000-0xf7ffffff]
[    0.306335] pci_bus 0000:16: resource 3 mem: [0x40000000-0x43ffffff]
[    0.306342] NET: Registered protocol family 2
[    0.306442] RANDOM - __random32 called. Change num 7.  Value: 437d97bf	f373de51	f3b0f986
[    0.306443] RANDOM - random32 called.  Value: 437d97bf	f373de51	f3b0f986
[    0.306448] random 0000 0000 0000 5f8db4e5 4cfdf2a8: rand_read_num 3 get_random_bytes(4): sig fffffb64 5f8db4e5 4cfdf2a8
[    0.306450] random 0000 0000 0000 5f8db4e5 4cfdf2a8: extract_entropy(.. 4 ..)
[    0.306452] random 0000 0000 0000 5f8db4e5 4cfdf2a8: going to reseed nonblocking with 64 bits (32 of 0 requested)
[    0.306454] random 0000 0000 0000 5f8db4e5 4cfdf2a8: extract_entropy(.. 8 ..)
[    0.306456] random 0000 0000 0000 5f8db4e5 4cfdf2a8: trying to extract 64 bits from input
[    0.306458] random 0000 0000 0000 5f8db4e5 4cfdf2a8: debiting 0 entropy credits from input
[    0.306460] random 0000 0000 0000 5f8db4e5 4cfdf2a8: extract_entropy account returned: 0 
[    0.306463] random 0000 0000 0000 5f8db4e5 4cfdf2a8: urand_change_num 5 xfer_secondary_pool(4): pool_sig fffffb64, data_sig 00000000, bytes_mixed 0 5f8db4e5 4cfdf2a8
[    0.306466] random 0000 0000 0000 5f8db4e5 4cfdf2a8: trying to extract 32 bits from nonblocking
[    0.306468] random 0000 0000 0000 5f8db4e5 4cfdf2a8: debiting 32 entropy credits from nonblocking (unlimited)
[    0.306470] random 0000 0000 0000 5f8db4e5 4cfdf2a8: extract_entropy account returned: 4 
[    0.306475] random 0000 0000 0000 5f8db4e5 4cfdf2a8: urand_change_num 6 extract_buf: pool_sig fffffb64, data_sig 00000241, bytes_mixed 20 5f8db4e5 4cfdf2a8
[    0.306484] IP route cache hash table entries: 32768 (order: 5, 131072 bytes)
[    0.306616] RANDOM - __random32 called. Change num 8.  Value: d97bfe31	373de51f	f30dc6e6
[    0.306617] RANDOM - random32 called.  Value: d97bfe31	373de51f	f30dc6e6
[    0.306628] RANDOM - __random32 called. Change num 9.  Value: bfe314d7	73de51f5	8dcd6c7e
[    0.306630] RANDOM - random32 called.  Value: bfe314d7	73de51f5	8dcd6c7e
[    0.306631] RANDOM - __random32 called. Change num 10.  Value: 314d7baf	3de51f5e	d8fc74c1
[    0.306633] RANDOM - random32 called.  Value: 314d7baf	3de51f5e	d8fc74c1
[    0.306643] RANDOM - __random32 called. Change num 11.  Value: d7baf3c7	de51f5e5	e983e3fa
[    0.306645] RANDOM - random32 called.  Value: d7baf3c7	de51f5e5	e983e3fa
[    0.306654] TCP established hash table entries: 131072 (order: 8, 1048576 bytes)
[    0.307156] TCP bind hash table entries: 65536 (order: 6, 262144 bytes)
[    0.307341] TCP: Hash tables configured (established 131072 bind 65536)
[    0.307435] TCP reno registered
[    0.307540] NET: Registered protocol family 1
[    0.307654] RPC: Registered udp transport module.
[    0.307743] RPC: Registered tcp transport module.
[    0.307833] RPC: Registered tcp NFSv4.1 backchannel transport module.
[    0.307937] pci 0000:00:02.0: Boot video device
[    0.308150] Simple Boot Flag at 0x35 set to 0x1
[    0.308666] highmem bounce pool size: 64 pages
[    0.310238] VFS: Disk quotas dquot_6.5.2
[    0.310360] Dquot-cache hash table entries: 1024 (order 0, 4096 bytes)
[    0.311037] NTFS driver 2.1.29 [Flags: R/W].
[    0.311205] ROMFS MTD (C) 2007 Red Hat, Inc.
[    0.311417] JFS: nTxBlock = 7695, nTxLock = 61562
[    0.313905] SGI XFS with ACLs, security attributes, large block/inode numbers, no debug enabled
[    0.314386] SGI XFS Quota Management subsystem
[    0.314673] Slow work thread pool: Starting up
[    0.314776] Slow work thread pool: Ready
[    0.314879] GFS2 (built May 24 2013 02:47:17) installed
[    0.314977] msgmni has been set to 1734
[    0.315144] alg: No test for cipher_null (cipher_null-generic)
[    0.315259] alg: No test for ecb(cipher_null) (ecb-cipher_null)
[    0.315358] alg: No test for digest_null (digest_null-generic)
[    0.315457] alg: No test for compress_null (compress_null-generic)
[    0.316018] alg: No test for fcrypt (fcrypt-generic)
[    0.317430] alg: No test for stdrng (krng)
[    0.317522] async_tx: api initialized (async)
[    0.317681] Block layer SCSI generic (bsg) driver version 0.4 loaded (major 254)
[    0.317808] io scheduler noop registered
[    0.317905] io scheduler anticipatory registered
[    0.317997] io scheduler deadline registered
[    0.318135] io scheduler cfq registered (default)
[    0.318381] pcieport 0000:00:1c.0: irq 24 for MSI/MSI-X
[    0.318398] pcieport 0000:00:1c.0: setting latency timer to 64
[    0.318577] pcieport 0000:00:1c.1: irq 25 for MSI/MSI-X
[    0.318588] pcieport 0000:00:1c.1: setting latency timer to 64
[    0.318770] pcieport 0000:00:1c.2: irq 26 for MSI/MSI-X
[    0.318779] pcieport 0000:00:1c.2: setting latency timer to 64
[    0.318970] pcieport 0000:00:1c.3: irq 27 for MSI/MSI-X
[    0.318982] pcieport 0000:00:1c.3: setting latency timer to 64
[    0.319165] pcieport 0000:00:1c.4: irq 28 for MSI/MSI-X
[    0.319174] pcieport 0000:00:1c.4: setting latency timer to 64
[    0.319319] pci_hotplug: PCI Hot Plug PCI Core version: 0.5
[    0.319511] isapnp: Scanning for PnP cards...
[    0.680052] isapnp: No Plug & Play device found
[    0.680141] random 0000 0000 0000 5f8db4e5 4cfdf2a8: initializing
[    0.699659] Serial: 8250/16550 driver, 4 ports, IRQ sharing enabled
[    3.710784] floppy0: no floppy controllers found
[    3.711736] brd: module loaded
[    3.712247] loop: module loaded
[    3.712335] Compaq SMART2 Driver (v 2.6.0)
[    3.712462] HP CISS Driver (v 3.6.20)
[    3.712703] input: Macintosh mouse button emulation as /devices/virtual/input/input0
[    3.712845] Uniform Multi-Platform E-IDE driver
[    3.713073] piix 0000:00:1f.1: IDE controller (0x8086:0x2850 rev 0x03)
[    3.713184] pci 0000:00:1f.1: PCI INT C -> GSI 16 (level, low) -> IRQ 16
[    3.713292] piix 0000:00:1f.1: IDE port disabled
[    3.713389] piix 0000:00:1f.1: not 100% native mode: will probe irqs later
[    3.713489]     ide0: BM-DMA at 0x1c00-0x1c07
[    3.713586] Probing IDE interface ide0...
[    4.384984] hda: HL-DT-ST DVDRAM GSA-U10N, ATAPI CD/DVD-ROM drive
[    4.691789] hda: host max PIO4 wanted PIO255(auto-tune) selected PIO4
[    4.692557] hda: UDMA/33 mode selected
[    4.693026] ide0 at 0x1f0-0x1f7,0x3f6 on irq 14
[    4.696939] ide-gd driver 1.18
[    4.697045] ide-cd driver 5.00
[    4.698434] ide-cd: hda: ATAPI 24X DVD-ROM DVD-R/RAM CD-R/RW drive, 2048kB Cache
[    4.698890] Uniform CD-ROM driver Revision: 3.20
[    4.705945] Loading iSCSI transport class v2.0-870.
[    4.706233] rdac: device handler registered
[    4.706333] hp_sw: device handler registered
[    4.706429] emc: device handler registered
[    4.706512] alua: device handler registered
[    4.707503] Adaptec aacraid driver 1.1-5[2461]-ms
[    4.707928] scsi: <fdomain> Detection failed (no card)
[    4.708027] sym53c416.c: Version 1.0.0-ac
[    4.708135] qlogicfas: no cards were found, please specify I/O address and IRQ using iobase= and irq= options
[    4.708270] QLogic Fibre Channel HBA Driver: 8.03.01-k6
[    4.708502] iscsi: registered transport (qla4xxx)
[    4.708611] QLogic iSCSI HBA Driver
[    4.708700] Emulex LightPulse Fibre Channel SCSI driver 8.3.4
[    4.708794] Copyright(c) 2004-2009 Emulex.  All rights reserved.
[    4.730776] Failed initialization of WD-7000 SCSI card!
[    4.819997] DC390: clustering now enabled by default. If you get problems load
[    4.820125]        with "disable_clustering=1" and report to maintainers
[    4.820263] megaraid cmm: 2.20.2.7 (Release Date: Sun Jul 16 00:01:03 EST 2006)
[    4.820415] megaraid: 2.20.5.1 (Release Date: Thu Nov 16 15:32:35 EST 2006)
[    4.820529] megasas: 00.00.04.01 Thu July 24 11:41:51 PST 2008
[    4.820662] GDT-HA: Storage RAID Controller Driver. Version: 3.05
[    4.820815] 3ware Storage Controller device driver for Linux v1.26.02.002.
[    4.820923] 3ware 9000 Storage Controller device driver for Linux v2.26.02.012.
[    4.821068] nsp32: loading...
[    4.821173] ipr: IBM Power RAID SCSI Device Driver version: 2.4.3 (June 10, 2009)
[    4.821318] RocketRAID 3xxx/4xxx Controller driver v1.6 (090910)
[    4.821432] stex: Promise SuperTrak EX Driver version: 4.6.0000.3
[    4.821564] st: Version 20081215, fixed bufsize 32768, s/g segs 256
[    4.821765] ahci 0000:00:1f.2: version 3.0
[    4.821781] ahci 0000:00:1f.2: PCI INT B -> GSI 16 (level, low) -> IRQ 16
[    4.821913] ahci 0000:00:1f.2: irq 29 for MSI/MSI-X
[    4.821972] ahci 0000:00:1f.2: AHCI 0001.0100 32 slots 3 ports 1.5 Gbps 0x5 impl SATA mode
[    4.822097] ahci 0000:00:1f.2: flags: 64bit ncq sntf pm led clo pio slum part ccc 
[    4.822227] ahci 0000:00:1f.2: setting latency timer to 64
[    4.822365] scsi2 : ahci
[    4.822526] scsi3 : ahci
[    4.822673] scsi4 : ahci
[    4.822868] ata1: SATA max UDMA/133 abar m2048@0xfe226000 port 0xfe226100 irq 29
[    4.822991] ata2: DUMMY
[    4.823082] ata3: SATA max UDMA/133 abar m2048@0xfe226000 port 0xfe226200 irq 29
[    4.823691] I2O subsystem v1.325
[    4.823785] i2o: max drivers = 8
[    4.823939] I2O Configuration OSM v1.323
[    4.824044] I2O Bus Adapter OSM v1.317
[    4.824146] I2O Block Device OSM v1.325
[    4.824294] I2O SCSI Peripheral OSM v1.316
[    4.824397] I2O ProcFS OSM v1.316
[    4.824499] Fusion MPT base driver 3.04.12
[    4.824592] Copyright (c) 1999-2008 LSI Corporation
[    4.824682] Fusion MPT SPI Host driver 3.04.12
[    4.824834] Fusion MPT FC Host driver 3.04.12
[    4.824945] Fusion MPT SAS Host driver 3.04.12
[    4.825097] ohci1394 0000:15:00.1: PCI INT B -> GSI 17 (level, low) -> IRQ 17
[    4.825201] ohci1394 0000:15:00.1: setting latency timer to 64
[    4.878793] ohci1394: fw-host0: OHCI-1394 1.1 (PCI): IRQ=[17]  MMIO=[f8301000-f83017ff]  Max Packet=[2048]  IR/IT contexts=[4/4]
[    4.882053] ehci_hcd: USB 2.0 'Enhanced' Host Controller (EHCI) Driver
[    4.882323] ehci_hcd 0000:00:1a.7: power state changed by ACPI to D0
[    4.882565] ehci_hcd 0000:00:1a.7: power state changed by ACPI to D0
[    4.882660] ehci_hcd 0000:00:1a.7: PCI INT C -> GSI 22 (level, low) -> IRQ 22
[    4.882773] ehci_hcd 0000:00:1a.7: setting latency timer to 64
[    4.882778] ehci_hcd 0000:00:1a.7: EHCI Host Controller
[    4.882915] ehci_hcd 0000:00:1a.7: new USB bus registered, assigned bus number 1
[    4.886941] ehci_hcd 0000:00:1a.7: cache line size of 32 is not supported
[    4.886950] ehci_hcd 0000:00:1a.7: irq 22, io mem 0xfe226c00
[    4.896756] ehci_hcd 0000:00:1a.7: USB 2.0 started, EHCI 1.00
[    4.896858] usb usb1: New USB device found, idVendor=1d6b, idProduct=0002
[    4.896957] usb usb1: New USB device strings: Mfr=3, Product=2, SerialNumber=1
[    4.897078] usb usb1: Product: EHCI Host Controller
[    4.897166] usb usb1: Manufacturer: Linux 2.6.32.57 ehci_hcd
[    4.897255] usb usb1: SerialNumber: 0000:00:1a.7
[    4.897400] usb usb1: configuration #1 chosen from 1 choice
[    4.897519] hub 1-0:1.0: USB hub found
[    4.897612] hub 1-0:1.0: 4 ports detected
[    4.897934] ehci_hcd 0000:00:1d.7: power state changed by ACPI to D0
[    4.898226] ehci_hcd 0000:00:1d.7: power state changed by ACPI to D0
[    4.898325] ehci_hcd 0000:00:1d.7: PCI INT D -> GSI 19 (level, low) -> IRQ 19
[    4.898422] ehci_hcd 0000:00:1d.7: setting latency timer to 64
[    4.898427] ehci_hcd 0000:00:1d.7: EHCI Host Controller
[    4.898559] ehci_hcd 0000:00:1d.7: new USB bus registered, assigned bus number 2
[    4.898711] ehci_hcd 0000:00:1d.7: debug port 1
[    4.902689] ehci_hcd 0000:00:1d.7: cache line size of 32 is not supported
[    4.902696] ehci_hcd 0000:00:1d.7: irq 19, io mem 0xfe227000
[    4.912756] ehci_hcd 0000:00:1d.7: USB 2.0 started, EHCI 1.00
[    4.912860] usb usb2: New USB device found, idVendor=1d6b, idProduct=0002
[    4.912950] usb usb2: New USB device strings: Mfr=3, Product=2, SerialNumber=1
[    4.913071] usb usb2: Product: EHCI Host Controller
[    4.913162] usb usb2: Manufacturer: Linux 2.6.32.57 ehci_hcd
[    4.913251] usb usb2: SerialNumber: 0000:00:1d.7
[    4.913390] usb usb2: configuration #1 chosen from 1 choice
[    4.913510] hub 2-0:1.0: USB hub found
[    4.913607] hub 2-0:1.0: 6 ports detected
[    4.913790] 116x: driver isp116x-hcd, 03 Nov 2005
[    4.913902] ohci_hcd: USB 1.1 'Open' Host Controller (OHCI) Driver
[    4.914020] uhci_hcd: USB Universal Host Controller Interface driver
[    4.914132] uhci_hcd 0000:00:1a.0: PCI INT A -> GSI 20 (level, low) -> IRQ 20
[    4.914230] uhci_hcd 0000:00:1a.0: setting latency timer to 64
[    4.914235] uhci_hcd 0000:00:1a.0: UHCI Host Controller
[    4.914364] uhci_hcd 0000:00:1a.0: new USB bus registered, assigned bus number 3
[    4.914522] uhci_hcd 0000:00:1a.0: irq 20, io base 0x00001860
[    4.914640] usb usb3: New USB device found, idVendor=1d6b, idProduct=0001
[    4.914731] usb usb3: New USB device strings: Mfr=3, Product=2, SerialNumber=1
[    4.914867] usb usb3: Product: UHCI Host Controller
[    4.914956] usb usb3: Manufacturer: Linux 2.6.32.57 uhci_hcd
[    4.915050] usb usb3: SerialNumber: 0000:00:1a.0
[    4.915191] usb usb3: configuration #1 chosen from 1 choice
[    4.915308] hub 3-0:1.0: USB hub found
[    4.915400] hub 3-0:1.0: 2 ports detected
[    4.915733] uhci_hcd 0000:00:1a.1: power state changed by ACPI to D0
[    4.915985] uhci_hcd 0000:00:1a.1: power state changed by ACPI to D0
[    4.916086] uhci_hcd 0000:00:1a.1: PCI INT B -> GSI 21 (level, low) -> IRQ 21
[    4.916182] uhci_hcd 0000:00:1a.1: setting latency timer to 64
[    4.916187] uhci_hcd 0000:00:1a.1: UHCI Host Controller
[    4.916315] uhci_hcd 0000:00:1a.1: new USB bus registered, assigned bus number 4
[    4.916467] uhci_hcd 0000:00:1a.1: irq 21, io base 0x00001880
[    4.916578] usb usb4: New USB device found, idVendor=1d6b, idProduct=0001
[    4.916666] usb usb4: New USB device strings: Mfr=3, Product=2, SerialNumber=1
[    4.916800] usb usb4: Product: UHCI Host Controller
[    4.916889] usb usb4: Manufacturer: Linux 2.6.32.57 uhci_hcd
[    4.916983] usb usb4: SerialNumber: 0000:00:1a.1
[    4.917125] usb usb4: configuration #1 chosen from 1 choice
[    4.917249] hub 4-0:1.0: USB hub found
[    4.917338] hub 4-0:1.0: 2 ports detected
[    4.917632] uhci_hcd 0000:00:1d.0: power state changed by ACPI to D0
[    4.917864] uhci_hcd 0000:00:1d.0: power state changed by ACPI to D0
[    4.917961] uhci_hcd 0000:00:1d.0: PCI INT A -> GSI 16 (level, low) -> IRQ 16
[    4.918064] uhci_hcd 0000:00:1d.0: setting latency timer to 64
[    4.918068] uhci_hcd 0000:00:1d.0: UHCI Host Controller
[    4.918199] uhci_hcd 0000:00:1d.0: new USB bus registered, assigned bus number 5
[    4.918351] uhci_hcd 0000:00:1d.0: irq 16, io base 0x000018a0
[    4.918467] usb usb5: New USB device found, idVendor=1d6b, idProduct=0001
[    4.918561] usb usb5: New USB device strings: Mfr=3, Product=2, SerialNumber=1
[    4.918687] usb usb5: Product: UHCI Host Controller
[    4.918786] usb usb5: Manufacturer: Linux 2.6.32.57 uhci_hcd
[    4.918878] usb usb5: SerialNumber: 0000:00:1d.0
[    4.919021] usb usb5: configuration #1 chosen from 1 choice
[    4.919137] hub 5-0:1.0: USB hub found
[    4.919229] hub 5-0:1.0: 2 ports detected
[    4.919373] uhci_hcd 0000:00:1d.1: PCI INT B -> GSI 17 (level, low) -> IRQ 17
[    4.919469] uhci_hcd 0000:00:1d.1: setting latency timer to 64
[    4.919472] uhci_hcd 0000:00:1d.1: UHCI Host Controller
[    4.919599] uhci_hcd 0000:00:1d.1: new USB bus registered, assigned bus number 6
[    4.919744] uhci_hcd 0000:00:1d.1: irq 17, io base 0x000018c0
[    4.919866] usb usb6: New USB device found, idVendor=1d6b, idProduct=0001
[    4.919961] usb usb6: New USB device strings: Mfr=3, Product=2, SerialNumber=1
[    4.920081] usb usb6: Product: UHCI Host Controller
[    4.920171] usb usb6: Manufacturer: Linux 2.6.32.57 uhci_hcd
[    4.920261] usb usb6: SerialNumber: 0000:00:1d.1
[    4.920396] usb usb6: configuration #1 chosen from 1 choice
[    4.920511] hub 6-0:1.0: USB hub found
[    4.920598] hub 6-0:1.0: 2 ports detected
[    4.920916] uhci_hcd 0000:00:1d.2: power state changed by ACPI to D0
[    4.921166] uhci_hcd 0000:00:1d.2: power state changed by ACPI to D0
[    4.921262] uhci_hcd 0000:00:1d.2: PCI INT C -> GSI 18 (level, low) -> IRQ 18
[    4.921367] uhci_hcd 0000:00:1d.2: setting latency timer to 64
[    4.921371] uhci_hcd 0000:00:1d.2: UHCI Host Controller
[    4.921500] uhci_hcd 0000:00:1d.2: new USB bus registered, assigned bus number 7
[    4.921656] uhci_hcd 0000:00:1d.2: irq 18, io base 0x000018e0
[    4.921783] usb usb7: New USB device found, idVendor=1d6b, idProduct=0001
[    4.921879] usb usb7: New USB device strings: Mfr=3, Product=2, SerialNumber=1
[    4.922000] usb usb7: Product: UHCI Host Controller
[    4.922084] usb usb7: Manufacturer: Linux 2.6.32.57 uhci_hcd
[    4.922176] usb usb7: SerialNumber: 0000:00:1d.2
[    4.922970] usb usb7: configuration #1 chosen from 1 choice
[    4.923086] hub 7-0:1.0: USB hub found
[    4.923176] hub 7-0:1.0: 2 ports detected
[    4.923333] sl811: driver sl811-hcd, 19 May 2005
[    4.923439] r8a66597_hcd: driver r8a66597_hcd, 2009-05-26
[    4.923607] Initializing USB Mass Storage driver...
[    4.923733] usbcore: registered new interface driver usb-storage
[    4.923834] USB Mass Storage support registered.
[    4.923941] usbcore: registered new interface driver ums-alauda
[    4.924049] usbcore: registered new interface driver ums-cypress
[    4.924157] usbcore: registered new interface driver ums-datafab
[    4.924265] usbcore: registered new interface driver ums-freecom
[    4.924381] usbcore: registered new interface driver ums-isd200
[    4.924490] usbcore: registered new interface driver ums-jumpshot
[    4.924601] usbcore: registered new interface driver ums-karma
[    4.924710] usbcore: registered new interface driver ums-onetouch
[    4.924831] usbcore: registered new interface driver ums-sddr09
[    4.924941] usbcore: registered new interface driver ums-sddr55
[    4.925050] usbcore: registered new interface driver ums-usbat
[    4.925197] PNP: PS/2 Controller [PNP0303:KBD,PNP0f13:MOU] at 0x60,0x64 irq 1,12
[    4.934217] serio: i8042 KBD port at 0x60,0x64 irq 1
[    4.934308] serio: i8042 AUX port at 0x60,0x64 irq 12
[    4.934557] mice: PS/2 mouse device common for all mice
[    4.934666] i2c /dev entries driver
[    4.934807] md: linear personality registered for level -1
[    4.934900] md: raid0 personality registered for level 0
[    4.934997] md: raid1 personality registered for level 1
[    4.935087] md: raid10 personality registered for level 10
[    4.935186] md: raid6 personality registered for level 6
[    4.935272] md: raid5 personality registered for level 5
[    4.935375] md: raid4 personality registered for level 4
[    4.935473] md: multipath personality registered for level -4
[    4.935664] device-mapper: ioctl: 4.15.0-ioctl (2009-04-01) initialised: dm-devel@redhat.com
[    4.935882] cpuidle: using governor ladder
[    4.936480] usbcore: registered new interface driver usbhid
[    4.936575] usbhid: v2.6:USB HID core driver
[    4.936724] random 0000 0000 0000 00000000 00000000: rand_read_num 4 get_random_bytes(136): sig 00000000 00000000 00000000
[    4.936727] random 0000 0000 0000 00000000 00000000: extract_entropy(.. 136 ..)
[    4.936729] random 0000 0000 0000 00000000 00000000: going to reseed nonblocking with 1024 bits (1088 of 0 requested)
[    4.936731] random 0000 0000 0000 00000000 00000000: extract_entropy(.. 128 ..)
[    4.936734] random 0000 0000 0000 00000000 00000000: trying to extract 1024 bits from input
[    4.936736] random 0000 0000 0000 00000000 00000000: debiting 0 entropy credits from input
[    4.936738] random 0000 0000 0000 00000000 00000000: extract_entropy account returned: 0 
[    4.936741] random 0000 0000 0000 00000000 00000000: urand_change_num 7 xfer_secondary_pool(136): pool_sig 00000000, data_sig 00000000, bytes_mixed 0 00000000 00000000
[    4.936744] random 0000 0000 0000 00000000 00000000: trying to extract 1088 bits from nonblocking
[    4.936746] random 0000 0000 0000 00000000 00000000: debiting 1088 entropy credits from nonblocking (unlimited)
[    4.936758] random 0000 0000 0000 00000000 00000000: extract_entropy account returned: 136 
[    4.936763] random 0000 0000 0000 00000000 00000000: urand_change_num 8 extract_buf: pool_sig 00000000, data_sig fffffff9, bytes_mixed 20 00000000 00000000
[    4.936768] random 0000 0000 0000 b7c35b56 be4dc95d: urand_change_num 9 extract_buf: pool_sig fffffd1e, data_sig 000000c5, bytes_mixed 20 b7c35b56 be4dc95d
[    4.936773] random 0000 0000 0000 ed9f5c47 c48487fb: urand_change_num 10 extract_buf: pool_sig fffff8ec, data_sig ffffff68, bytes_mixed 20 ed9f5c47 c48487fb
[    4.936778] random 0000 0000 0000 ed9f5c47 c48487fb: urand_change_num 11 extract_buf: pool_sig fffffaed, data_sig 000001aa, bytes_mixed 20 ed9f5c47 c48487fb
[    4.936784] random 0000 0000 0000 1b4f7c0a 91bd6a48: urand_change_num 12 extract_buf: pool_sig fffffdd8, data_sig 00000064, bytes_mixed 20 1b4f7c0a 91bd6a48
[    4.936789] random 0000 0000 0000 a254b9bc 20e9a24f: urand_change_num 13 extract_buf: pool_sig fffffbe6, data_sig 000001dd, bytes_mixed 20 a254b9bc 20e9a24f
[    4.936794] random 0000 0000 0000 a254b9bc 20e9a24f: urand_change_num 14 extract_buf: pool_sig fffff940, data_sig fffffe20, bytes_mixed 20 a254b9bc 20e9a24f
[    4.936799] random 0000 0000 0000 2831a66b 5fa2a3ad: urand_change_num 15 extract_buf: pool_sig fffffbce, data_sig 0000007e, bytes_mixed 20 2831a66b 5fa2a3ad
[    4.936805] random 0000 0000 0000 2831a66b 5fa2a3ad: urand_change_num 16 extract_buf: pool_sig 000004df, data_sig fffffe8f, bytes_mixed 20 2831a66b 5fa2a3ad
[    4.936810] random 0000 0000 0000 d4512bfd c9a54e0b: urand_change_num 17 extract_buf: pool_sig 00000485, data_sig fffffe68, bytes_mixed 20 d4512bfd c9a54e0b
[    4.936815] random 0000 0000 0000 c7371be6 f9ffea11: urand_change_num 18 extract_buf: pool_sig 00000095, data_sig ffffffed, bytes_mixed 20 c7371be6 f9ffea11
[    4.936820] random 0000 0000 0000 c7371be6 f9ffea11: urand_change_num 19 extract_buf: pool_sig 000003a7, data_sig fffffefa, bytes_mixed 20 c7371be6 f9ffea11
[    4.936825] random 0000 0000 0000 8fb4b62c d1ddba54: urand_change_num 20 extract_buf: pool_sig 00000179, data_sig ffffff78, bytes_mixed 20 8fb4b62c d1ddba54
[    4.936830] random 0000 0000 0000 9ff19f9c c07a1d2a: urand_change_num 21 extract_buf: pool_sig fffffe88, data_sig 00000126, bytes_mixed 20 9ff19f9c c07a1d2a
[    4.936835] TCP cubic registered
[    4.936929] Initializing XFRM netlink socket
[    4.937029] NET: Registered protocol family 17
[    4.937126] Using IPI Shortcut mode
[    4.937217] random 0000 0000 0000 9ff19f9c c07a1d2a: rand_read_num 5 get_random_bytes(8): sig 0000031b 9ff19f9c c07a1d2a
[    4.937220] random 0000 0000 0000 9ff19f9c c07a1d2a: extract_entropy(.. 8 ..)
[    4.937222] random 0000 0000 0000 9ff19f9c c07a1d2a: going to reseed nonblocking with 64 bits (64 of 0 requested)
[    4.937224] random 0000 0000 0000 9ff19f9c c07a1d2a: extract_entropy(.. 8 ..)
[    4.937226] random 0000 0000 0000 9ff19f9c c07a1d2a: trying to extract 64 bits from input
[    4.937228] random 0000 0000 0000 9ff19f9c c07a1d2a: debiting 0 entropy credits from input
[    4.937230] random 0000 0000 0000 9ff19f9c c07a1d2a: extract_entropy account returned: 0 
[    4.937233] random 0000 0000 0000 9ff19f9c c07a1d2a: urand_change_num 22 xfer_secondary_pool(8): pool_sig 0000031b, data_sig 00000000, bytes_mixed 0 9ff19f9c c07a1d2a
[    4.937236] random 0000 0000 0000 9ff19f9c c07a1d2a: trying to extract 64 bits from nonblocking
[    4.937238] random 0000 0000 0000 9ff19f9c c07a1d2a: debiting 64 entropy credits from nonblocking (unlimited)
[    4.937240] random 0000 0000 0000 9ff19f9c c07a1d2a: extract_entropy account returned: 8 
[    4.937244] random 0000 0000 0000 9ff19f9c c07a1d2a: urand_change_num 23 extract_buf: pool_sig 0000031b, data_sig ffffffb3, bytes_mixed 20 9ff19f9c c07a1d2a
[    4.939281] input: AT Translated Set 2 keyboard as /devices/platform/i8042/serio0/input/input1
[    5.129766] ata1: SATA link up 1.5 Gbps (SStatus 113 SControl 300)
[    5.129885] ata3: SATA link down (SStatus 0 SControl 300)
[    5.131870] ata1.00: ACPI cmd ef/02:00:00:00:00:a0 (SET FEATURES) succeeded
[    5.131873] ata1.00: ACPI cmd f5/00:00:00:00:00:a0 (SECURITY FREEZE LOCK) filtered out
[    5.133264] ata1.00: ACPI cmd ef/5f:00:00:00:00:a0 (SET FEATURES) succeeded
[    5.133266] ata1.00: ACPI cmd ef/10:03:00:00:00:a0 (SET FEATURES) filtered out
[    5.135174] ata1.00: ATA-7: ST910021AS, 4.06, max UDMA/100
[    5.135267] ata1.00: 195371568 sectors, multi 16: LBA48 
[    5.137413] ata1.00: ACPI cmd ef/02:00:00:00:00:a0 (SET FEATURES) succeeded
[    5.137415] ata1.00: ACPI cmd f5/00:00:00:00:00:a0 (SECURITY FREEZE LOCK) filtered out
[    5.138809] ata1.00: ACPI cmd ef/5f:00:00:00:00:a0 (SET FEATURES) succeeded
[    5.138811] ata1.00: ACPI cmd ef/10:03:00:00:00:a0 (SET FEATURES) filtered out
[    5.140735] ata1.00: configured for UDMA/100
[    5.151815] scsi 2:0:0:0: Direct-Access     ATA      ST910021AS       4.06 PQ: 0 ANSI: 5
[    5.152098] sd 2:0:0:0: [sda] 195371568 512-byte logical blocks: (100 GB/93.1 GiB)
[    5.152242] sd 2:0:0:0: [sda] Write Protect is off
[    5.152330] sd 2:0:0:0: [sda] Mode Sense: 00 3a 00 00
[    5.152342] sd 2:0:0:0: [sda] Write cache: enabled, read cache: enabled, doesn't support DPO or FUA
[    5.152534]  sda:
[    5.216751] usb 2-1: new high speed USB device using ehci_hcd and address 2
[    5.366234] usb 2-1: New USB device found, idVendor=0e8d, idProduct=1806
[    5.366323] usb 2-1: New USB device strings: Mfr=1, Product=2, SerialNumber=3
[    5.366415] usb 2-1: Product: MT1806 
[    5.366500] usb 2-1: Manufacturer: MediaTek Inc
[    5.366587] usb 2-1: SerialNumber: R8KN6GAC800AEB 
[    5.366723] usb 2-1: configuration #1 chosen from 1 choice
[    5.373153] scsi5 : SCSI emulation for USB Mass Storage devices
[    5.373320] usb-storage: device found at 2
[    5.373321] usb-storage: waiting for device to settle before scanning
[    5.564492]  sda1 sda2
[    5.565219] sd 2:0:0:0: [sda] Attached SCSI disk
[    5.565310] random 0000 0000 0000 277f73c3 42024bb9: rand_read_num 6 get_random_bytes(12): sig 000007e9 277f73c3 42024bb9
[    5.565313] random 0000 0000 0000 277f73c3 42024bb9: extract_entropy(.. 12 ..)
[    5.565315] random 0000 0000 0000 277f73c3 42024bb9: going to reseed nonblocking with 96 bits (96 of 0 requested)
[    5.565317] random 0000 0000 0000 277f73c3 42024bb9: extract_entropy(.. 12 ..)
[    5.565319] random 0000 0000 0000 277f73c3 42024bb9: trying to extract 96 bits from input
[    5.565321] random 0000 0000 0000 277f73c3 42024bb9: debiting 0 entropy credits from input
[    5.565323] random 0000 0000 0000 277f73c3 42024bb9: extract_entropy account returned: 0 
[    5.565327] random 0000 0000 0000 277f73c3 42024bb9: urand_change_num 24 xfer_secondary_pool(12): pool_sig 000007e9, data_sig 00000000, bytes_mixed 0 277f73c3 42024bb9
[    5.565329] random 0000 0000 0000 277f73c3 42024bb9: trying to extract 96 bits from nonblocking
[    5.565332] random 0000 0000 0000 277f73c3 42024bb9: debiting 96 entropy credits from nonblocking (unlimited)
[    5.565334] random 0000 0000 0000 277f73c3 42024bb9: extract_entropy account returned: 12 
[    5.565338] random 0000 0000 0000 277f73c3 42024bb9: urand_change_num 25 extract_buf: pool_sig 000007e9, data_sig 00000088, bytes_mixed 20 277f73c3 42024bb9
[    5.565343] random 0000 0000 0000 277f73c3 42024bb9: urand_change_num 26 extract_buf: pool_sig 00000498, data_sig fffffefb, bytes_mixed 20 277f73c3 42024bb9
[    5.565346] RANDOM - __seed init called.
[    5.565347] RANDOM - __seed init called.
[    5.565348] RANDOM - __seed init called.
[    5.565350] RANDOM - __random32 called. Change num 12.  Value: 87f14767	f0d7351	b1e48bd3
[    5.565352] RANDOM - random32_reseed called.  Value: 87f14767	f0d7351	b1e48bd3
[    5.565354] Pid: 1, comm: swapper Not tainted 2.6.32.57 #3
[    5.565441] Call Trace:
[    5.565535]  [<c1923ca4>] ? random32_reseed+0xa0/0xb1
[    5.565628]  [<c1923c04>] ? random32_reseed+0x0/0xb1
[    5.565718]  [<c100111e>] ? do_one_initcall+0x2e/0x180
[    5.565815]  [<c1907265>] ? kernel_init+0xad/0x103
[    5.565904]  [<c19071b8>] ? kernel_init+0x0/0x103
[    5.565997]  [<c1003787>] ? kernel_thread_helper+0x7/0x10
[    5.566534] random 0000 0000 0000 386b4e60 ee4d4880: rand_read_num 7 get_random_bytes(64): sig fffffea5 386b4e60 ee4d4880
[    5.566536] random 0000 0000 0000 386b4e60 ee4d4880: extract_entropy(.. 64 ..)
[    5.566539] random 0000 0000 0000 386b4e60 ee4d4880: going to reseed nonblocking with 512 bits (512 of 0 requested)
[    5.566541] random 0000 0000 0000 386b4e60 ee4d4880: extract_entropy(.. 64 ..)
[    5.566543] random 0000 0000 0000 386b4e60 ee4d4880: trying to extract 512 bits from input
[    5.566545] random 0000 0000 0000 386b4e60 ee4d4880: debiting 0 entropy credits from input
[    5.566547] random 0000 0000 0000 386b4e60 ee4d4880: extract_entropy account returned: 0 
[    5.566550] random 0000 0000 0000 386b4e60 ee4d4880: urand_change_num 27 xfer_secondary_pool(64): pool_sig fffffea5, data_sig 00000000, bytes_mixed 0 386b4e60 ee4d4880
[    5.566553] random 0000 0000 0000 386b4e60 ee4d4880: trying to extract 512 bits from nonblocking
[    5.566555] random 0000 0000 0000 386b4e60 ee4d4880: debiting 512 entropy credits from nonblocking (unlimited)
[    5.566557] random 0000 0000 0000 386b4e60 ee4d4880: extract_entropy account returned: 64 
[    5.566561] random 0000 0000 0000 386b4e60 ee4d4880: urand_change_num 28 extract_buf: pool_sig fffffea5, data_sig 00000173, bytes_mixed 20 386b4e60 ee4d4880
[    5.566567] random 0000 0000 0000 412698f6 0cc8689a: urand_change_num 29 extract_buf: pool_sig 00000122, data_sig ffffff63, bytes_mixed 20 412698f6 0cc8689a
[    5.566572] random 0000 0000 0000 412698f6 0cc8689a: urand_change_num 30 extract_buf: pool_sig 000001f7, data_sig 00000012, bytes_mixed 20 412698f6 0cc8689a
[    5.566577] random 0000 0000 0000 9669941e 06f768b1: urand_change_num 31 extract_buf: pool_sig fffffb5b, data_sig 0000003f, bytes_mixed 20 9669941e 06f768b1
[    5.566582] random 0000 0000 0000 98486520 995551f0: urand_change_num 32 extract_buf: pool_sig fffffb39, data_sig 0000000e, bytes_mixed 20 98486520 995551f0
[    5.566588] random 0000 0000 0000 98486520 995551f0: urand_change_num 33 extract_buf: pool_sig fffffd8d, data_sig 000001a6, bytes_mixed 20 98486520 995551f0
[    5.566593] random 0000 0000 0000 61fc8914 d5882ed2: urand_change_num 34 extract_buf: pool_sig fffffa58, data_sig 0000023e, bytes_mixed 20 61fc8914 d5882ed2
[    5.566622] random 0000 0000 0000 61fc8914 d5882ed2: rand_read_num 8 get_random_bytes(64): sig fffff9ee 61fc8914 d5882ed2
[    5.566625] random 0000 0000 0000 61fc8914 d5882ed2: extract_entropy(.. 64 ..)
[    5.566627] random 0000 0000 0000 61fc8914 d5882ed2: going to reseed nonblocking with 512 bits (512 of 0 requested)
[    5.566629] random 0000 0000 0000 61fc8914 d5882ed2: extract_entropy(.. 64 ..)
[    5.566631] random 0000 0000 0000 61fc8914 d5882ed2: trying to extract 512 bits from input
[    5.566633] random 0000 0000 0000 61fc8914 d5882ed2: debiting 0 entropy credits from input
[    5.566635] random 0000 0000 0000 61fc8914 d5882ed2: extract_entropy account returned: 0 
[    5.566638] random 0000 0000 0000 61fc8914 d5882ed2: urand_change_num 35 xfer_secondary_pool(64): pool_sig fffff9ee, data_sig 00000000, bytes_mixed 0 61fc8914 d5882ed2
[    5.566641] random 0000 0000 0000 61fc8914 d5882ed2: trying to extract 512 bits from nonblocking
[    5.566643] random 0000 0000 0000 61fc8914 d5882ed2: debiting 512 entropy credits from nonblocking (unlimited)
[    5.566645] random 0000 0000 0000 61fc8914 d5882ed2: extract_entropy account returned: 64 
[    5.566649] random 0000 0000 0000 61fc8914 d5882ed2: urand_change_num 36 extract_buf: pool_sig fffff9ee, data_sig ffffff85, bytes_mixed 20 61fc8914 d5882ed2
[    5.566655] random 0000 0000 0000 70cfd302 e5edec11: urand_change_num 37 extract_buf: pool_sig fffffdc1, data_sig ffffffde, bytes_mixed 20 70cfd302 e5edec11
[    5.566660] random 0000 0000 0000 00dab838 eafd2b30: urand_change_num 38 extract_buf: pool_sig 000003da, data_sig ffffff61, bytes_mixed 20 00dab838 eafd2b30
[    5.566665] random 0000 0000 0000 00dab838 eafd2b30: urand_change_num 39 extract_buf: pool_sig 00000314, data_sig 00000121, bytes_mixed 20 00dab838 eafd2b30
[    5.566670] random 0000 0000 0000 5fcdf66a 6442b608: urand_change_num 40 extract_buf: pool_sig 0000028b, data_sig fffffefd, bytes_mixed 20 5fcdf66a 6442b608
[    5.566675] random 0000 0000 0000 61333f6b 8fae0f9b: urand_change_num 41 extract_buf: pool_sig 000000cb, data_sig 000000b3, bytes_mixed 20 61333f6b 8fae0f9b
[    5.566681] random 0000 0000 0000 61333f6b 8fae0f9b: urand_change_num 42 extract_buf: pool_sig fffffef8, data_sig 00000051, bytes_mixed 20 61333f6b 8fae0f9b
[    5.566683] BEGIN NET_SECRET:
[    5.566684] \xffffffe0
[    5.566685] \xffffffb6
[    5.566686] \x36
[    5.566687] \xffffffb5
[    5.566688] \xffffff94
[    5.566689] \xffffffb2
[    5.566689] \xffffffa8
[    5.566690] \xffffffda
[    5.566691] \x5b
[    5.566692] \x19
[    5.566693] \x18
[    5.566693] \x5c
[    5.566694] \x2b
[    5.566695] \x1
[    5.566696] \xffffff90
[    5.566696] \x19
[    5.566697] \x3c
[    5.566698] \xfffffff2
[    5.566699] \xffffff82
[    5.566699] \x2a
[    5.566700] \xffffffb3
[    5.566701] \xffffffa2
[    5.566702] \x3f
[    5.566702] \x5
[    5.566703] \x52
[    5.566704] \x77
[    5.566705] \x57
[    5.566705] \x79
[    5.566706] \x16
[    5.566707] \x43
[    5.566707] \xffffff84
[    5.566708] \xffffffc3
[    5.566709] \xffffffe9
[    5.566710] \x79
[    5.566710] \x50
[    5.566711] \xffffff8e
[    5.566712] \x3f
[    5.566713] \xfffffff3
[    5.566713] \x19
[    5.566714] \x2a
[    5.566715] \xfffffffd
[    5.566716] \xfffffffb
[    5.566716] \x62
[    5.566717] \x3c
[    5.566718] \xffffffac
[    5.566719] \x1c
[    5.566719] \x3b
[    5.566720] \x3b
[    5.566721] \x15
[    5.566721] \x27
[    5.566722] \xffffffa8
[    5.566723] \x22
[    5.566724] \xffffffc5
[    5.566724] \xffffff9a
[    5.566725] \x5
[    5.566726] \x6c
[    5.566727] \xffffffa8
[    5.566727] \x3a
[    5.566728] \x44
[    5.566729] \xffffffaf
[    5.566730] \x13
[    5.566730] \xffffffe0
[    5.566731] \xffffff9d
[    5.566732] \x22
[    5.566733] 
[    5.566733] END NET_SECRET
[    5.566739] random 0000 0000 0000 e7f555d9 e8ce5c3c: rand_read_num 9 get_random_bytes(4): sig 0000068c e7f555d9 e8ce5c3c
[    5.566741] random 0000 0000 0000 e7f555d9 e8ce5c3c: extract_entropy(.. 4 ..)
[    5.566744] random 0000 0000 0000 e7f555d9 e8ce5c3c: going to reseed nonblocking with 64 bits (32 of 0 requested)
[    5.566746] random 0000 0000 0000 e7f555d9 e8ce5c3c: extract_entropy(.. 8 ..)
[    5.566748] random 0000 0000 0000 e7f555d9 e8ce5c3c: trying to extract 64 bits from input
[    5.566750] random 0000 0000 0000 e7f555d9 e8ce5c3c: debiting 0 entropy credits from input
[    5.566752] random 0000 0000 0000 e7f555d9 e8ce5c3c: extract_entropy account returned: 0 
[    5.566755] random 0000 0000 0000 e7f555d9 e8ce5c3c: urand_change_num 43 xfer_secondary_pool(4): pool_sig 0000068c, data_sig 00000000, bytes_mixed 0 e7f555d9 e8ce5c3c
[    5.566757] random 0000 0000 0000 e7f555d9 e8ce5c3c: trying to extract 32 bits from nonblocking
[    5.566760] random 0000 0000 0000 e7f555d9 e8ce5c3c: debiting 32 entropy credits from nonblocking (unlimited)
[    5.566762] random 0000 0000 0000 e7f555d9 e8ce5c3c: extract_entropy account returned: 4 
[    5.566766] random 0000 0000 0000 e7f555d9 e8ce5c3c: urand_change_num 44 extract_buf: pool_sig 0000068c, data_sig fffffdcb, bytes_mixed 20 e7f555d9 e8ce5c3c
[    5.566777] md: Waiting for all devices to be available before autodetect
[    5.566869] md: If you don't use raid, use raid=noautodetect
[    5.567029] md: Autodetecting RAID arrays.
[    5.567115] md: Scanned 0 and added 0 devices.
[    5.567203] md: autorun ...
[    5.567289] md: ... autorun DONE.
[    5.581946] EXT3-fs: sda2: couldn't mount because of unsupported optional features (240).
[    5.582172] EXT2-fs: sda2: couldn't mount because of unsupported optional features (240).
[    5.583510] random 0000 0000 0000 e7f555d9 e8ce5c3c: rand_read_num 10 get_random_bytes(4): sig ffffff72 e7f555d9 e8ce5c3c
[    5.583512] random 0000 0000 0000 e7f555d9 e8ce5c3c: extract_entropy(.. 4 ..)
[    5.583515] random 0000 0000 0000 e7f555d9 e8ce5c3c: going to reseed nonblocking with 64 bits (32 of 0 requested)
[    5.583517] random 0000 0000 0000 e7f555d9 e8ce5c3c: extract_entropy(.. 8 ..)
[    5.583519] random 0000 0000 0000 e7f555d9 e8ce5c3c: trying to extract 64 bits from input
[    5.583521] random 0000 0000 0000 e7f555d9 e8ce5c3c: debiting 0 entropy credits from input
[    5.583523] random 0000 0000 0000 e7f555d9 e8ce5c3c: extract_entropy account returned: 0 
[    5.583526] random 0000 0000 0000 e7f555d9 e8ce5c3c: urand_change_num 45 xfer_secondary_pool(4): pool_sig ffffff72, data_sig 00000000, bytes_mixed 0 e7f555d9 e8ce5c3c
[    5.583529] random 0000 0000 0000 e7f555d9 e8ce5c3c: trying to extract 32 bits from nonblocking
[    5.583531] random 0000 0000 0000 e7f555d9 e8ce5c3c: debiting 32 entropy credits from nonblocking (unlimited)
[    5.583533] random 0000 0000 0000 e7f555d9 e8ce5c3c: extract_entropy account returned: 4 
[    5.583537] random 0000 0000 0000 e7f555d9 e8ce5c3c: urand_change_num 46 extract_buf: pool_sig ffffff72, data_sig ffffff72, bytes_mixed 20 e7f555d9 e8ce5c3c
[    5.618565] EXT4-fs (sda2): mounted filesystem with ordered data mode
[    5.618779] VFS: Mounted root (ext4 filesystem) readonly on device 8:2.
[    5.618881] Freeing unused kernel memory: 448k freed
[    5.697586] random 0000 0000 0000 91716c54 eeb6a1e7: rand_read_num 11 get_random_bytes(16): sig fffffcad 91716c54 eeb6a1e7
[    5.697588] random 0000 0000 0000 91716c54 eeb6a1e7: extract_entropy(.. 16 ..)
[    5.697591] random 0000 0000 0000 91716c54 eeb6a1e7: going to reseed nonblocking with 128 bits (128 of 0 requested)
[    5.697593] random 0000 0000 0000 91716c54 eeb6a1e7: extract_entropy(.. 16 ..)
[    5.697595] random 0000 0000 0000 91716c54 eeb6a1e7: trying to extract 128 bits from input
[    5.697597] random 0000 0000 0000 91716c54 eeb6a1e7: debiting 0 entropy credits from input
[    5.697599] random 0000 0000 0000 91716c54 eeb6a1e7: extract_entropy account returned: 0 
[    5.697602] random 0000 0000 0000 91716c54 eeb6a1e7: urand_change_num 47 xfer_secondary_pool(16): pool_sig fffffcad, data_sig 00000000, bytes_mixed 0 91716c54 eeb6a1e7
[    5.697605] random 0000 0000 0000 91716c54 eeb6a1e7: trying to extract 128 bits from nonblocking
[    5.697607] random 0000 0000 0000 91716c54 eeb6a1e7: debiting 128 entropy credits from nonblocking (unlimited)
[    5.697609] random 0000 0000 0000 91716c54 eeb6a1e7: extract_entropy account returned: 16 
[    5.697613] random 0000 0000 0000 91716c54 eeb6a1e7: urand_change_num 48 extract_buf: pool_sig fffffcad, data_sig ffffff19, bytes_mixed 20 91716c54 eeb6a1e7
[    5.697619] random 0000 0000 0000 fd637b06 6cf47bc1: urand_change_num 49 extract_buf: pool_sig fffffede, data_sig ffffffc1, bytes_mixed 20 fd637b06 6cf47bc1
[    5.792649] random 0000 0000 0000 fd637b06 6cf47bc1: rand_read_num 12 get_random_bytes(16): sig 0000033b fd637b06 6cf47bc1
[    5.792652] random 0000 0000 0000 fd637b06 6cf47bc1: extract_entropy(.. 16 ..)
[    5.792654] random 0000 0000 0000 fd637b06 6cf47bc1: going to reseed nonblocking with 128 bits (128 of 0 requested)
[    5.792657] random 0000 0000 0000 fd637b06 6cf47bc1: extract_entropy(.. 16 ..)
[    5.792659] random 0000 0000 0000 fd637b06 6cf47bc1: trying to extract 128 bits from input
[    5.792661] random 0000 0000 0000 fd637b06 6cf47bc1: debiting 0 entropy credits from input
[    5.792663] random 0000 0000 0000 fd637b06 6cf47bc1: extract_entropy account returned: 0 
[    5.792666] random 0000 0000 0000 fd637b06 6cf47bc1: urand_change_num 50 xfer_secondary_pool(16): pool_sig 0000033b, data_sig 00000000, bytes_mixed 0 fd637b06 6cf47bc1
[    5.792669] random 0000 0000 0000 fd637b06 6cf47bc1: trying to extract 128 bits from nonblocking
[    5.792671] random 0000 0000 0000 fd637b06 6cf47bc1: debiting 128 entropy credits from nonblocking (unlimited)
[    5.792673] random 0000 0000 0000 fd637b06 6cf47bc1: extract_entropy account returned: 16 
[    5.792677] random 0000 0000 0000 fd637b06 6cf47bc1: urand_change_num 51 extract_buf: pool_sig 0000033b, data_sig 000000d8, bytes_mixed 20 fd637b06 6cf47bc1
[    5.792683] random 0000 0000 0000 0ec1f012 d4727ca8: urand_change_num 52 extract_buf: pool_sig fffffcf5, data_sig 00000016, bytes_mixed 20 0ec1f012 d4727ca8
[    6.155884] ieee1394: Host added: ID:BUS[0-00:1023]  GUID[00061b032a25f51c]
[    6.166576] random 0000 0000 0000 45b1d0b1 845a73f7: rand_read_num 13 get_random_bytes(16): sig 00000116 45b1d0b1 845a73f7
[    6.166579] random 0000 0000 0000 45b1d0b1 845a73f7: extract_entropy(.. 16 ..)
[    6.166581] random 0000 0000 0000 45b1d0b1 845a73f7: going to reseed nonblocking with 128 bits (128 of 0 requested)
[    6.166584] random 0000 0000 0000 45b1d0b1 845a73f7: extract_entropy(.. 16 ..)
[    6.166586] random 0000 0000 0000 45b1d0b1 845a73f7: trying to extract 128 bits from input
[    6.166588] random 0000 0000 0000 45b1d0b1 845a73f7: debiting 0 entropy credits from input
[    6.166590] random 0000 0000 0000 45b1d0b1 845a73f7: extract_entropy account returned: 0 
[    6.166593] random 0000 0000 0000 45b1d0b1 845a73f7: urand_change_num 53 xfer_secondary_pool(16): pool_sig 00000116, data_sig 00000000, bytes_mixed 0 45b1d0b1 845a73f7
[    6.166596] random 0000 0000 0000 45b1d0b1 845a73f7: trying to extract 128 bits from nonblocking
[    6.166598] random 0000 0000 0000 45b1d0b1 845a73f7: debiting 128 entropy credits from nonblocking (unlimited)
[    6.166600] random 0000 0000 0000 45b1d0b1 845a73f7: extract_entropy account returned: 16 
[    6.166605] random 0000 0000 0000 45b1d0b1 845a73f7: urand_change_num 54 extract_buf: pool_sig 00000116, data_sig fffffd8b, bytes_mixed 20 45b1d0b1 845a73f7
[    6.166610] random 0000 0000 0000 45b1d0b1 845a73f7: urand_change_num 55 extract_buf: pool_sig fffffc05, data_sig 00000109, bytes_mixed 20 45b1d0b1 845a73f7
[    6.219077] random 0000 0000 0000 5012cce3 b8a30621: rand_read_num 14 get_random_bytes(16): sig fffffb93 5012cce3 b8a30621
[    6.219079] random 0000 0000 0000 5012cce3 b8a30621: extract_entropy(.. 16 ..)
[    6.219082] random 0000 0000 0000 5012cce3 b8a30621: going to reseed nonblocking with 128 bits (128 of 0 requested)
[    6.219085] random 0000 0000 0000 5012cce3 b8a30621: extract_entropy(.. 16 ..)
[    6.219087] random 0000 0000 0000 5012cce3 b8a30621: trying to extract 128 bits from input
[    6.219089] random 0000 0000 0000 5012cce3 b8a30621: debiting 0 entropy credits from input
[    6.219091] random 0000 0000 0000 5012cce3 b8a30621: extract_entropy account returned: 0 
[    6.219094] random 0000 0000 0000 5012cce3 b8a30621: urand_change_num 56 xfer_secondary_pool(16): pool_sig fffffb93, data_sig 00000000, bytes_mixed 0 5012cce3 b8a30621
[    6.219097] random 0000 0000 0000 5012cce3 b8a30621: trying to extract 128 bits from nonblocking
[    6.219099] random 0000 0000 0000 5012cce3 b8a30621: debiting 128 entropy credits from nonblocking (unlimited)
[    6.219101] random 0000 0000 0000 5012cce3 b8a30621: extract_entropy account returned: 16 
[    6.219105] random 0000 0000 0000 5012cce3 b8a30621: urand_change_num 57 extract_buf: pool_sig fffffb93, data_sig ffffff35, bytes_mixed 20 5012cce3 b8a30621
[    6.219111] random 0000 0000 0000 5012cce3 b8a30621: urand_change_num 58 extract_buf: pool_sig fffffb9d, data_sig ffffff92, bytes_mixed 20 5012cce3 b8a30621
[    6.220468] random 0000 0000 0000 30a5721d 4b648ff6: rand_read_num 15 get_random_bytes(16): sig fffffeb5 30a5721d 4b648ff6
[    6.220471] random 0000 0000 0000 30a5721d 4b648ff6: extract_entropy(.. 16 ..)
[    6.220474] random 0000 0000 0000 30a5721d 4b648ff6: going to reseed nonblocking with 128 bits (128 of 0 requested)
[    6.220476] random 0000 0000 0000 30a5721d 4b648ff6: extract_entropy(.. 16 ..)
[    6.220478] random 0000 0000 0000 30a5721d 4b648ff6: trying to extract 128 bits from input
[    6.220480] random 0000 0000 0000 30a5721d 4b648ff6: debiting 0 entropy credits from input
[    6.220482] random 0000 0000 0000 30a5721d 4b648ff6: extract_entropy account returned: 0 
[    6.220485] random 0000 0000 0000 30a5721d 4b648ff6: urand_change_num 59 xfer_secondary_pool(16): pool_sig fffffeb5, data_sig 00000000, bytes_mixed 0 30a5721d 4b648ff6
[    6.220488] random 0000 0000 0000 30a5721d 4b648ff6: trying to extract 128 bits from nonblocking
[    6.220491] random 0000 0000 0000 30a5721d 4b648ff6: debiting 128 entropy credits from nonblocking (unlimited)
[    6.220493] random 0000 0000 0000 30a5721d 4b648ff6: extract_entropy account returned: 16 
[    6.220497] random 0000 0000 0000 30a5721d 4b648ff6: urand_change_num 60 extract_buf: pool_sig fffffeb5, data_sig 000000c2, bytes_mixed 20 30a5721d 4b648ff6
[    6.220502] random 0000 0000 0000 89bae1ab 704c432f: urand_change_num 61 extract_buf: pool_sig 0000006e, data_sig fffffefc, bytes_mixed 20 89bae1ab 704c432f
[    6.221049] random 0000 0000 0000 89bae1ab 704c432f: rand_read_num 16 get_random_bytes(16): sig fffffd99 89bae1ab 704c432f
[    6.221052] random 0000 0000 0000 89bae1ab 704c432f: extract_entropy(.. 16 ..)
[    6.221054] random 0000 0000 0000 89bae1ab 704c432f: going to reseed nonblocking with 128 bits (128 of 0 requested)
[    6.221057] random 0000 0000 0000 89bae1ab 704c432f: extract_entropy(.. 16 ..)
[    6.221059] random 0000 0000 0000 89bae1ab 704c432f: trying to extract 128 bits from input
[    6.221061] random 0000 0000 0000 89bae1ab 704c432f: debiting 0 entropy credits from input
[    6.221063] random 0000 0000 0000 89bae1ab 704c432f: extract_entropy account returned: 0 
[    6.221066] random 0000 0000 0000 89bae1ab 704c432f: urand_change_num 62 xfer_secondary_pool(16): pool_sig fffffd99, data_sig 00000000, bytes_mixed 0 89bae1ab 704c432f
[    6.221069] random 0000 0000 0000 89bae1ab 704c432f: trying to extract 128 bits from nonblocking
[    6.221071] random 0000 0000 0000 89bae1ab 704c432f: debiting 128 entropy credits from nonblocking (unlimited)
[    6.221073] random 0000 0000 0000 89bae1ab 704c432f: extract_entropy account returned: 16 
[    6.221077] random 0000 0000 0000 89bae1ab 704c432f: urand_change_num 63 extract_buf: pool_sig fffffd99, data_sig 00000204, bytes_mixed 20 89bae1ab 704c432f
[    6.221083] random 0000 0000 0000 6c298a02 2b1539f8: urand_change_num 64 extract_buf: pool_sig 00000124, data_sig fffffff5, bytes_mixed 20 6c298a02 2b1539f8
[    6.221983] random 0000 0000 0000 c77b8b35 70f6cab5: rand_read_num 17 get_random_bytes(16): sig 0000036b c77b8b35 70f6cab5
[    6.221985] random 0000 0000 0000 c77b8b35 70f6cab5: extract_entropy(.. 16 ..)
[    6.221988] random 0000 0000 0000 c77b8b35 70f6cab5: going to reseed nonblocking with 128 bits (128 of 0 requested)
[    6.221990] random 0000 0000 0000 c77b8b35 70f6cab5: extract_entropy(.. 16 ..)
[    6.221992] random 0000 0000 0000 c77b8b35 70f6cab5: trying to extract 128 bits from input
[    6.221994] random 0000 0000 0000 c77b8b35 70f6cab5: debiting 0 entropy credits from input
[    6.221996] random 0000 0000 0000 c77b8b35 70f6cab5: extract_entropy account returned: 0 
[    6.222000] random 0000 0000 0000 c77b8b35 70f6cab5: urand_change_num 65 xfer_secondary_pool(16): pool_sig 0000036b, data_sig 00000000, bytes_mixed 0 c77b8b35 70f6cab5
[    6.222003] random 0000 0000 0000 c77b8b35 70f6cab5: trying to extract 128 bits from nonblocking
[    6.222005] random 0000 0000 0000 c77b8b35 70f6cab5: debiting 128 entropy credits from nonblocking (unlimited)
[    6.222007] random 0000 0000 0000 c77b8b35 70f6cab5: extract_entropy account returned: 16 
[    6.222011] random 0000 0000 0000 c77b8b35 70f6cab5: urand_change_num 66 extract_buf: pool_sig 0000036b, data_sig 0000005f, bytes_mixed 20 c77b8b35 70f6cab5
[    6.222017] random 0000 0000 0000 c77b8b35 70f6cab5: urand_change_num 67 extract_buf: pool_sig ffffff1c, data_sig 0000005a, bytes_mixed 20 c77b8b35 70f6cab5
[    6.222601] random 0000 0000 0000 af21d212 57d20ca3: rand_read_num 18 get_random_bytes(16): sig fffffb7f af21d212 57d20ca3
[    6.222603] random 0000 0000 0000 af21d212 57d20ca3: extract_entropy(.. 16 ..)
[    6.222606] random 0000 0000 0000 af21d212 57d20ca3: going to reseed nonblocking with 128 bits (128 of 0 requested)
[    6.222608] random 0000 0000 0000 af21d212 57d20ca3: extract_entropy(.. 16 ..)
[    6.222610] random 0000 0000 0000 af21d212 57d20ca3: trying to extract 128 bits from input
[    6.222612] random 0000 0000 0000 af21d212 57d20ca3: debiting 0 entropy credits from input
[    6.222614] random 0000 0000 0000 af21d212 57d20ca3: extract_entropy account returned: 0 
[    6.222618] random 0000 0000 0000 af21d212 57d20ca3: urand_change_num 68 xfer_secondary_pool(16): pool_sig fffffb7f, data_sig 00000000, bytes_mixed 0 af21d212 57d20ca3
[    6.222620] random 0000 0000 0000 af21d212 57d20ca3: trying to extract 128 bits from nonblocking
[    6.222623] random 0000 0000 0000 af21d212 57d20ca3: debiting 128 entropy credits from nonblocking (unlimited)
[    6.222625] random 0000 0000 0000 af21d212 57d20ca3: extract_entropy account returned: 16 
[    6.222629] random 0000 0000 0000 af21d212 57d20ca3: urand_change_num 69 extract_buf: pool_sig fffffb7f, data_sig ffffff88, bytes_mixed 20 af21d212 57d20ca3
[    6.222634] random 0000 0000 0000 af21d212 57d20ca3: urand_change_num 70 extract_buf: pool_sig fffffe1d, data_sig ffffff17, bytes_mixed 20 af21d212 57d20ca3
[    6.223226] random 0000 0000 0000 ffbd26fd 21933274: rand_read_num 19 get_random_bytes(16): sig ffffffc7 ffbd26fd 21933274
[    6.223229] random 0000 0000 0000 ffbd26fd 21933274: extract_entropy(.. 16 ..)
[    6.223232] random 0000 0000 0000 ffbd26fd 21933274: going to reseed nonblocking with 128 bits (128 of 0 requested)
[    6.223234] random 0000 0000 0000 ffbd26fd 21933274: extract_entropy(.. 16 ..)
[    6.223236] random 0000 0000 0000 ffbd26fd 21933274: trying to extract 128 bits from input
[    6.223238] random 0000 0000 0000 ffbd26fd 21933274: debiting 0 entropy credits from input
[    6.223240] random 0000 0000 0000 ffbd26fd 21933274: extract_entropy account returned: 0 
[    6.223244] random 0000 0000 0000 ffbd26fd 21933274: urand_change_num 71 xfer_secondary_pool(16): pool_sig ffffffc7, data_sig 00000000, bytes_mixed 0 ffbd26fd 21933274
[    6.223246] random 0000 0000 0000 ffbd26fd 21933274: trying to extract 128 bits from nonblocking
[    6.223249] random 0000 0000 0000 ffbd26fd 21933274: debiting 128 entropy credits from nonblocking (unlimited)
[    6.223251] random 0000 0000 0000 ffbd26fd 21933274: extract_entropy account returned: 16 
[    6.223255] random 0000 0000 0000 ffbd26fd 21933274: urand_change_num 72 extract_buf: pool_sig ffffffc7, data_sig 0000013b, bytes_mixed 20 ffbd26fd 21933274
[    6.223261] random 0000 0000 0000 151530a2 56c65dd3: urand_change_num 73 extract_buf: pool_sig ffffffbf, data_sig 00000036, bytes_mixed 20 151530a2 56c65dd3
[    6.223815] random 0000 0000 0000 151530a2 56c65dd3: rand_read_num 20 get_random_bytes(16): sig 000001a7 151530a2 56c65dd3
[    6.223818] random 0000 0000 0000 151530a2 56c65dd3: extract_entropy(.. 16 ..)
[    6.223821] random 0000 0000 0000 151530a2 56c65dd3: going to reseed nonblocking with 128 bits (128 of 0 requested)
[    6.223823] random 0000 0000 0000 151530a2 56c65dd3: extract_entropy(.. 16 ..)
[    6.223825] random 0000 0000 0000 151530a2 56c65dd3: trying to extract 128 bits from input
[    6.223827] random 0000 0000 0000 151530a2 56c65dd3: debiting 0 entropy credits from input
[    6.223829] random 0000 0000 0000 151530a2 56c65dd3: extract_entropy account returned: 0 
[    6.223832] random 0000 0000 0000 151530a2 56c65dd3: urand_change_num 74 xfer_secondary_pool(16): pool_sig 000001a7, data_sig 00000000, bytes_mixed 0 151530a2 56c65dd3
[    6.223835] random 0000 0000 0000 151530a2 56c65dd3: trying to extract 128 bits from nonblocking
[    6.223837] random 0000 0000 0000 151530a2 56c65dd3: debiting 128 entropy credits from nonblocking (unlimited)
[    6.223840] random 0000 0000 0000 151530a2 56c65dd3: extract_entropy account returned: 16 
[    6.223844] random 0000 0000 0000 151530a2 56c65dd3: urand_change_num 75 extract_buf: pool_sig 000001a7, data_sig ffffffa1, bytes_mixed 20 151530a2 56c65dd3
[    6.223849] random 0000 0000 0000 5d3e132e d9a77eb3: urand_change_num 76 extract_buf: pool_sig fffffcc9, data_sig 00000013, bytes_mixed 20 5d3e132e d9a77eb3
[    6.266566] random 0000 0000 0000 264837ad 0a28fef5: rand_read_num 21 get_random_bytes(16): sig ffffffd0 264837ad 0a28fef5
[    6.266569] random 0000 0000 0000 264837ad 0a28fef5: extract_entropy(.. 16 ..)
[    6.266572] random 0000 0000 0000 264837ad 0a28fef5: going to reseed nonblocking with 128 bits (128 of 0 requested)
[    6.266575] random 0000 0000 0000 264837ad 0a28fef5: extract_entropy(.. 16 ..)
[    6.266577] random 0000 0000 0000 264837ad 0a28fef5: trying to extract 128 bits from input
[    6.266579] random 0000 0000 0000 264837ad 0a28fef5: debiting 0 entropy credits from input
[    6.266581] random 0000 0000 0000 264837ad 0a28fef5: extract_entropy account returned: 0 
[    6.266584] random 0000 0000 0000 264837ad 0a28fef5: urand_change_num 77 xfer_secondary_pool(16): pool_sig ffffffd0, data_sig 00000000, bytes_mixed 0 264837ad 0a28fef5
[    6.266587] random 0000 0000 0000 264837ad 0a28fef5: trying to extract 128 bits from nonblocking
[    6.266589] random 0000 0000 0000 264837ad 0a28fef5: debiting 128 entropy credits from nonblocking (unlimited)
[    6.266592] random 0000 0000 0000 264837ad 0a28fef5: extract_entropy account returned: 16 
[    6.266596] random 0000 0000 0000 264837ad 0a28fef5: urand_change_num 78 extract_buf: pool_sig ffffffd0, data_sig 0000017b, bytes_mixed 20 264837ad 0a28fef5
[    6.266601] random 0000 0000 0000 264837ad 0a28fef5: urand_change_num 79 extract_buf: pool_sig 0000045c, data_sig 000001df, bytes_mixed 20 264837ad 0a28fef5
[    6.268057] random 0000 0000 0000 f37f7344 164aede0: rand_read_num 22 get_random_bytes(16): sig 000003c2 f37f7344 164aede0
[    6.268060] random 0000 0000 0000 f37f7344 164aede0: extract_entropy(.. 16 ..)
[    6.268062] random 0000 0000 0000 f37f7344 164aede0: going to reseed nonblocking with 128 bits (128 of 0 requested)
[    6.268065] random 0000 0000 0000 f37f7344 164aede0: extract_entropy(.. 16 ..)
[    6.268067] random 0000 0000 0000 f37f7344 164aede0: trying to extract 128 bits from input
[    6.268069] random 0000 0000 0000 f37f7344 164aede0: debiting 0 entropy credits from input
[    6.268071] random 0000 0000 0000 f37f7344 164aede0: extract_entropy account returned: 0 
[    6.268074] random 0000 0000 0000 f37f7344 164aede0: urand_change_num 80 xfer_secondary_pool(16): pool_sig 000003c2, data_sig 00000000, bytes_mixed 0 f37f7344 164aede0
[    6.268077] random 0000 0000 0000 f37f7344 164aede0: trying to extract 128 bits from nonblocking
[    6.268079] random 0000 0000 0000 f37f7344 164aede0: debiting 128 entropy credits from nonblocking (unlimited)
[    6.268081] random 0000 0000 0000 f37f7344 164aede0: extract_entropy account returned: 16 
[    6.268085] random 0000 0000 0000 f37f7344 164aede0: urand_change_num 81 extract_buf: pool_sig 000003c2, data_sig ffffff6c, bytes_mixed 20 f37f7344 164aede0
[    6.268091] random 0000 0000 0000 f37f7344 164aede0: urand_change_num 82 extract_buf: pool_sig fffffdfc, data_sig 00000091, bytes_mixed 20 f37f7344 164aede0
[    6.290870] random 0000 0000 0000 a4794863 878070c1: rand_read_num 23 get_random_bytes(16): sig 0000011b a4794863 878070c1
[    6.290873] random 0000 0000 0000 a4794863 878070c1: extract_entropy(.. 16 ..)
[    6.290875] random 0000 0000 0000 a4794863 878070c1: going to reseed nonblocking with 128 bits (128 of 0 requested)
[    6.290878] random 0000 0000 0000 a4794863 878070c1: extract_entropy(.. 16 ..)
[    6.290880] random 0000 0000 0000 a4794863 878070c1: trying to extract 128 bits from input
[    6.290882] random 0000 0000 0000 a4794863 878070c1: debiting 0 entropy credits from input
[    6.290884] random 0000 0000 0000 a4794863 878070c1: extract_entropy account returned: 0 
[    6.290887] random 0000 0000 0000 a4794863 878070c1: urand_change_num 83 xfer_secondary_pool(16): pool_sig 0000011b, data_sig 00000000, bytes_mixed 0 a4794863 878070c1
[    6.290890] random 0000 0000 0000 a4794863 878070c1: trying to extract 128 bits from nonblocking
[    6.290892] random 0000 0000 0000 a4794863 878070c1: debiting 128 entropy credits from nonblocking (unlimited)
[    6.290894] random 0000 0000 0000 a4794863 878070c1: extract_entropy account returned: 16 
[    6.290898] random 0000 0000 0000 a4794863 878070c1: urand_change_num 84 extract_buf: pool_sig 0000011b, data_sig ffffff51, bytes_mixed 20 a4794863 878070c1
[    6.290904] random 0000 0000 0000 737f19b4 9417d8ab: urand_change_num 85 extract_buf: pool_sig 000001a3, data_sig 0000006c, bytes_mixed 20 737f19b4 9417d8ab
[    6.294968] random 0000 0000 0000 737f19b4 9417d8ab: rand_read_num 24 get_random_bytes(16): sig fffffe22 737f19b4 9417d8ab
[    6.294970] random 0000 0000 0000 737f19b4 9417d8ab: extract_entropy(.. 16 ..)
[    6.294973] random 0000 0000 0000 737f19b4 9417d8ab: going to reseed nonblocking with 128 bits (128 of 0 requested)
[    6.294975] random 0000 0000 0000 737f19b4 9417d8ab: extract_entropy(.. 16 ..)
[    6.294977] random 0000 0000 0000 737f19b4 9417d8ab: trying to extract 128 bits from input
[    6.294979] random 0000 0000 0000 737f19b4 9417d8ab: debiting 0 entropy credits from input
[    6.294981] random 0000 0000 0000 737f19b4 9417d8ab: extract_entropy account returned: 0 
[    6.294984] random 0000 0000 0000 737f19b4 9417d8ab: urand_change_num 86 xfer_secondary_pool(16): pool_sig fffffe22, data_sig 00000000, bytes_mixed 0 737f19b4 9417d8ab
[    6.294987] random 0000 0000 0000 737f19b4 9417d8ab: trying to extract 128 bits from nonblocking
[    6.294989] random 0000 0000 0000 737f19b4 9417d8ab: debiting 128 entropy credits from nonblocking (unlimited)
[    6.294992] random 0000 0000 0000 737f19b4 9417d8ab: extract_entropy account returned: 16 
[    6.294996] random 0000 0000 0000 737f19b4 9417d8ab: urand_change_num 87 extract_buf: pool_sig fffffe22, data_sig 00000230, bytes_mixed 20 737f19b4 9417d8ab
[    6.295001] random 0000 0000 0000 4deb0d06 1236af4c: urand_change_num 88 extract_buf: pool_sig 000000b6, data_sig ffffff44, bytes_mixed 20 4deb0d06 1236af4c
[    6.295998] random 0000 0000 0000 b538fadc 4a7613df: rand_read_num 25 get_random_bytes(16): sig 0000013c b538fadc 4a7613df
[    6.296001] random 0000 0000 0000 b538fadc 4a7613df: extract_entropy(.. 16 ..)
[    6.296003] random 0000 0000 0000 b538fadc 4a7613df: going to reseed nonblocking with 128 bits (128 of 0 requested)
[    6.296006] random 0000 0000 0000 b538fadc 4a7613df: extract_entropy(.. 16 ..)
[    6.296008] random 0000 0000 0000 b538fadc 4a7613df: trying to extract 128 bits from input
[    6.296010] random 0000 0000 0000 b538fadc 4a7613df: debiting 0 entropy credits from input
[    6.296012] random 0000 0000 0000 b538fadc 4a7613df: extract_entropy account returned: 0 
[    6.296015] random 0000 0000 0000 b538fadc 4a7613df: urand_change_num 89 xfer_secondary_pool(16): pool_sig 0000013c, data_sig 00000000, bytes_mixed 0 b538fadc 4a7613df
[    6.296018] random 0000 0000 0000 b538fadc 4a7613df: trying to extract 128 bits from nonblocking
[    6.296020] random 0000 0000 0000 b538fadc 4a7613df: debiting 128 entropy credits from nonblocking (unlimited)
[    6.296022] random 0000 0000 0000 b538fadc 4a7613df: extract_entropy account returned: 16 
[    6.296026] random 0000 0000 0000 b538fadc 4a7613df: urand_change_num 90 extract_buf: pool_sig 0000013c, data_sig 00000015, bytes_mixed 20 b538fadc 4a7613df
[    6.296032] random 0000 0000 0000 b538fadc 4a7613df: urand_change_num 91 extract_buf: pool_sig 00000452, data_sig 0000002b, bytes_mixed 20 b538fadc 4a7613df
[    6.296482] random 0000 0000 0000 73b17df4 93bb370e: rand_read_num 26 get_random_bytes(16): sig fffffbf1 73b17df4 93bb370e
[    6.296485] random 0000 0000 0000 73b17df4 93bb370e: extract_entropy(.. 16 ..)
[    6.296487] random 0000 0000 0000 73b17df4 93bb370e: going to reseed nonblocking with 128 bits (128 of 0 requested)
[    6.296490] random 0000 0000 0000 73b17df4 93bb370e: extract_entropy(.. 16 ..)
[    6.296492] random 0000 0000 0000 73b17df4 93bb370e: trying to extract 128 bits from input
[    6.296494] random 0000 0000 0000 73b17df4 93bb370e: debiting 0 entropy credits from input
[    6.296496] random 0000 0000 0000 73b17df4 93bb370e: extract_entropy account returned: 0 
[    6.296499] random 0000 0000 0000 73b17df4 93bb370e: urand_change_num 92 xfer_secondary_pool(16): pool_sig fffffbf1, data_sig 00000000, bytes_mixed 0 73b17df4 93bb370e
[    6.296502] random 0000 0000 0000 73b17df4 93bb370e: trying to extract 128 bits from nonblocking
[    6.296504] random 0000 0000 0000 73b17df4 93bb370e: debiting 128 entropy credits from nonblocking (unlimited)
[    6.296506] random 0000 0000 0000 73b17df4 93bb370e: extract_entropy account returned: 16 
[    6.296510] random 0000 0000 0000 73b17df4 93bb370e: urand_change_num 93 extract_buf: pool_sig fffffbf1, data_sig ffffff99, bytes_mixed 20 73b17df4 93bb370e
[    6.296516] random 0000 0000 0000 73b17df4 93bb370e: urand_change_num 94 extract_buf: pool_sig fffffe1d, data_sig 000000b0, bytes_mixed 20 73b17df4 93bb370e
[    6.296928] random 0000 0000 0000 0cd682bb ba04da9f: rand_read_num 27 get_random_bytes(16): sig fffffccb 0cd682bb ba04da9f
[    6.296931] random 0000 0000 0000 0cd682bb ba04da9f: extract_entropy(.. 16 ..)
[    6.296934] random 0000 0000 0000 0cd682bb ba04da9f: going to reseed nonblocking with 128 bits (128 of 0 requested)
[    6.296936] random 0000 0000 0000 0cd682bb ba04da9f: extract_entropy(.. 16 ..)
[    6.296938] random 0000 0000 0000 0cd682bb ba04da9f: trying to extract 128 bits from input
[    6.296940] random 0000 0000 0000 0cd682bb ba04da9f: debiting 0 entropy credits from input
[    6.296942] random 0000 0000 0000 0cd682bb ba04da9f: extract_entropy account returned: 0 
[    6.296945] random 0000 0000 0000 0cd682bb ba04da9f: urand_change_num 95 xfer_secondary_pool(16): pool_sig fffffccb, data_sig 00000000, bytes_mixed 0 0cd682bb ba04da9f
[    6.296948] random 0000 0000 0000 0cd682bb ba04da9f: trying to extract 128 bits from nonblocking
[    6.296951] random 0000 0000 0000 0cd682bb ba04da9f: debiting 128 entropy credits from nonblocking (unlimited)
[    6.296953] random 0000 0000 0000 0cd682bb ba04da9f: extract_entropy account returned: 16 
[    6.296957] random 0000 0000 0000 0cd682bb ba04da9f: urand_change_num 96 extract_buf: pool_sig fffffccb, data_sig fffffec5, bytes_mixed 20 0cd682bb ba04da9f
[    6.296963] random 0000 0000 0000 26929f1a 15254dc1: urand_change_num 97 extract_buf: pool_sig fffffed2, data_sig ffffffb1, bytes_mixed 20 26929f1a 15254dc1
[    6.297837] random 0000 0000 0000 26929f1a 15254dc1: rand_read_num 28 get_random_bytes(16): sig 00000038 26929f1a 15254dc1
[    6.297840] random 0000 0000 0000 26929f1a 15254dc1: extract_entropy(.. 16 ..)
[    6.297842] random 0000 0000 0000 26929f1a 15254dc1: going to reseed nonblocking with 128 bits (128 of 0 requested)
[    6.297845] random 0000 0000 0000 26929f1a 15254dc1: extract_entropy(.. 16 ..)
[    6.297847] random 0000 0000 0000 26929f1a 15254dc1: trying to extract 128 bits from input
[    6.297849] random 0000 0000 0000 26929f1a 15254dc1: debiting 0 entropy credits from input
[    6.297851] random 0000 0000 0000 26929f1a 15254dc1: extract_entropy account returned: 0 
[    6.297854] random 0000 0000 0000 26929f1a 15254dc1: urand_change_num 98 xfer_secondary_pool(16): pool_sig 00000038, data_sig 00000000, bytes_mixed 0 26929f1a 15254dc1
[    6.297857] random 0000 0000 0000 26929f1a 15254dc1: trying to extract 128 bits from nonblocking
[    6.297859] random 0000 0000 0000 26929f1a 15254dc1: debiting 128 entropy credits from nonblocking (unlimited)
[    6.297861] random 0000 0000 0000 26929f1a 15254dc1: extract_entropy account returned: 16 
[    6.297865] random 0000 0000 0000 26929f1a 15254dc1: urand_change_num 99 extract_buf: pool_sig 00000038, data_sig 000000fd, bytes_mixed 20 26929f1a 15254dc1
[    6.297871] random 0000 0000 0000 8116fe3b 478c2d5b: urand_change_num 100 extract_buf: pool_sig 00000059, data_sig 00000310, bytes_mixed 20 8116fe3b 478c2d5b
[    6.304506] random 0000 0000 0000 a20f4a3a 32a6b2fa: rand_read_num 29 get_random_bytes(16): sig 000002c0 a20f4a3a 32a6b2fa
[    6.304509] random 0000 0000 0000 a20f4a3a 32a6b2fa: extract_entropy(.. 16 ..)
[    6.304511] random 0000 0000 0000 a20f4a3a 32a6b2fa: going to reseed nonblocking with 128 bits (128 of 0 requested)
[    6.304514] random 0000 0000 0000 a20f4a3a 32a6b2fa: extract_entropy(.. 16 ..)
[    6.304516] random 0000 0000 0000 a20f4a3a 32a6b2fa: trying to extract 128 bits from input
[    6.304518] random 0000 0000 0000 a20f4a3a 32a6b2fa: debiting 0 entropy credits from input
[    6.304520] random 0000 0000 0000 a20f4a3a 32a6b2fa: extract_entropy account returned: 0 
[    6.304523] random 0000 0000 0000 a20f4a3a 32a6b2fa: urand_change_num 101 xfer_secondary_pool(16): pool_sig 000002c0, data_sig 00000000, bytes_mixed 0 a20f4a3a 32a6b2fa
[    6.304526] random 0000 0000 0000 a20f4a3a 32a6b2fa: trying to extract 128 bits from nonblocking
[    6.304528] random 0000 0000 0000 a20f4a3a 32a6b2fa: debiting 128 entropy credits from nonblocking (unlimited)
[    6.304530] random 0000 0000 0000 a20f4a3a 32a6b2fa: extract_entropy account returned: 16 
[    6.304534] random 0000 0000 0000 a20f4a3a 32a6b2fa: urand_change_num 102 extract_buf: pool_sig 000002c0, data_sig 000000fb, bytes_mixed 20 a20f4a3a 32a6b2fa
[    6.304540] random 0000 0000 0000 a20f4a3a 32a6b2fa: urand_change_num 103 extract_buf: pool_sig ffffffdd, data_sig 000000a5, bytes_mixed 20 a20f4a3a 32a6b2fa
[    6.317031] random 0000 0000 0000 de716d2a 6c4757e1: rand_read_num 30 get_random_bytes(16): sig 000000fa de716d2a 6c4757e1
[    6.317034] random 0000 0000 0000 de716d2a 6c4757e1: extract_entropy(.. 16 ..)
[    6.317036] random 0000 0000 0000 de716d2a 6c4757e1: going to reseed nonblocking with 128 bits (128 of 0 requested)
[    6.317039] random 0000 0000 0000 de716d2a 6c4757e1: extract_entropy(.. 16 ..)
[    6.317041] random 0000 0000 0000 de716d2a 6c4757e1: trying to extract 128 bits from input
[    6.317043] random 0000 0000 0000 de716d2a 6c4757e1: debiting 0 entropy credits from input
[    6.317045] random 0000 0000 0000 de716d2a 6c4757e1: extract_entropy account returned: 0 
[    6.317048] random 0000 0000 0000 de716d2a 6c4757e1: urand_change_num 104 xfer_secondary_pool(16): pool_sig 000000fa, data_sig 00000000, bytes_mixed 0 de716d2a 6c4757e1
[    6.317051] random 0000 0000 0000 de716d2a 6c4757e1: trying to extract 128 bits from nonblocking
[    6.317053] random 0000 0000 0000 de716d2a 6c4757e1: debiting 128 entropy credits from nonblocking (unlimited)
[    6.317055] random 0000 0000 0000 de716d2a 6c4757e1: extract_entropy account returned: 16 
[    6.317059] random 0000 0000 0000 de716d2a 6c4757e1: urand_change_num 105 extract_buf: pool_sig 000000fa, data_sig ffffff34, bytes_mixed 20 de716d2a 6c4757e1
[    6.317065] random 0000 0000 0000 de716d2a 6c4757e1: urand_change_num 106 extract_buf: pool_sig 000003d3, data_sig ffffff30, bytes_mixed 20 de716d2a 6c4757e1
[    6.317648] random 0000 0000 0000 a7c511e1 f90ea457: rand_read_num 31 get_random_bytes(16): sig 0000009a a7c511e1 f90ea457
[    6.317650] random 0000 0000 0000 a7c511e1 f90ea457: extract_entropy(.. 16 ..)
[    6.317653] random 0000 0000 0000 a7c511e1 f90ea457: going to reseed nonblocking with 128 bits (128 of 0 requested)
[    6.317655] random 0000 0000 0000 a7c511e1 f90ea457: extract_entropy(.. 16 ..)
[    6.317657] random 0000 0000 0000 a7c511e1 f90ea457: trying to extract 128 bits from input
[    6.317659] random 0000 0000 0000 a7c511e1 f90ea457: debiting 0 entropy credits from input
[    6.317661] random 0000 0000 0000 a7c511e1 f90ea457: extract_entropy account returned: 0 
[    6.317664] random 0000 0000 0000 a7c511e1 f90ea457: urand_change_num 107 xfer_secondary_pool(16): pool_sig 0000009a, data_sig 00000000, bytes_mixed 0 a7c511e1 f90ea457
[    6.317667] random 0000 0000 0000 a7c511e1 f90ea457: trying to extract 128 bits from nonblocking
[    6.317670] random 0000 0000 0000 a7c511e1 f90ea457: debiting 128 entropy credits from nonblocking (unlimited)
[    6.317672] random 0000 0000 0000 a7c511e1 f90ea457: extract_entropy account returned: 16 
[    6.317676] random 0000 0000 0000 a7c511e1 f90ea457: urand_change_num 108 extract_buf: pool_sig 0000009a, data_sig 000000e0, bytes_mixed 20 a7c511e1 f90ea457
[    6.317681] random 0000 0000 0000 7c18c7e6 d65ccb06: urand_change_num 109 extract_buf: pool_sig fffffa79, data_sig 000000e0, bytes_mixed 20 7c18c7e6 d65ccb06
[    6.318279] random 0000 0000 0000 7c18c7e6 d65ccb06: rand_read_num 32 get_random_bytes(16): sig fffffe1e 7c18c7e6 d65ccb06
[    6.318282] random 0000 0000 0000 7c18c7e6 d65ccb06: extract_entropy(.. 16 ..)
[    6.318284] random 0000 0000 0000 7c18c7e6 d65ccb06: going to reseed nonblocking with 128 bits (128 of 0 requested)
[    6.318287] random 0000 0000 0000 7c18c7e6 d65ccb06: extract_entropy(.. 16 ..)
[    6.318289] random 0000 0000 0000 7c18c7e6 d65ccb06: trying to extract 128 bits from input
[    6.318291] random 0000 0000 0000 7c18c7e6 d65ccb06: debiting 0 entropy credits from input
[    6.318293] random 0000 0000 0000 7c18c7e6 d65ccb06: extract_entropy account returned: 0 
[    6.318296] random 0000 0000 0000 7c18c7e6 d65ccb06: urand_change_num 110 xfer_secondary_pool(16): pool_sig fffffe1e, data_sig 00000000, bytes_mixed 0 7c18c7e6 d65ccb06
[    6.318299] random 0000 0000 0000 7c18c7e6 d65ccb06: trying to extract 128 bits from nonblocking
[    6.318301] random 0000 0000 0000 7c18c7e6 d65ccb06: debiting 128 entropy credits from nonblocking (unlimited)
[    6.318303] random 0000 0000 0000 7c18c7e6 d65ccb06: extract_entropy account returned: 16 
