[    0.000000] random 0000 0000 0000 00000000 00000000: rand_read_num 1 get_random_bytes(8): sig 00000000 00000000 00000000
[    0.000000] random 0000 0000 0000 00000000 00000000: extract_entropy(.. 8 ..)
[    0.000000] random 0000 0000 0000 00000000 00000000: going to reseed nonblocking with 64 bits (64 of 0 requested)
[    0.000000] random 0000 0000 0000 00000000 00000000: extract_entropy(.. 8 ..)
[    0.000000] random 0000 0000 0000 00000000 00000000: trying to extract 64 bits from input
[    0.000000] random 0000 0000 0000 00000000 00000000: debiting 0 entropy credits from input
[    0.000000] random 0000 0000 0000 00000000 00000000: extract_entropy account returned: 0 
[    0.000000] random 0000 0000 0000 00000000 00000000: urand_change_num 1 xfer_secondary_pool(8): pool_sig 00000000, data_sig 00000000, bytes_mixed 0 00000000 00000000
[    0.000000] random 0000 0000 0000 00000000 00000000: trying to extract 64 bits from nonblocking
[    0.000000] random 0000 0000 0000 00000000 00000000: debiting 64 entropy credits from nonblocking (unlimited)
[    0.000000] random 0000 0000 0000 00000000 00000000: extract_entropy account returned: 8 
[    0.000000] random 0000 0000 0000 00000000 00000000: urand_change_num 2 extract_buf: pool_sig 00000000, data_sig fffffff9, bytes_mixed 20 00000000 00000000
[    0.000000] Linux version 2.6.32.57 (dcashman@dcashman-02) (gcc version 4.3.3 (GCC) ) #3 Fri May 24 04:27:34 PDT 2013
[    0.000000] KERNEL supported cpus:
[    0.000000]   Intel GenuineIntel
[    0.000000]   AMD AuthenticAMD
[    0.000000]   NSC Geode by NSC
[    0.000000]   Cyrix CyrixInstead
[    0.000000]   Centaur CentaurHauls
[    0.000000]   Transmeta GenuineTMx86
[    0.000000]   Transmeta TransmetaCPU
[    0.000000]   UMC UMC UMC UMC
[    0.000000] BIOS-provided physical RAM map:
[    0.000000]  BIOS-e820: 0000000000000000 - 000000000009d800 (usable)
[    0.000000]  BIOS-e820: 000000000009d800 - 00000000000a0000 (reserved)
[    0.000000]  BIOS-e820: 00000000000d2000 - 00000000000d4000 (reserved)
[    0.000000]  BIOS-e820: 00000000000e0000 - 0000000000100000 (reserved)
[    0.000000]  BIOS-e820: 0000000000100000 - 000000003d6b0000 (usable)
[    0.000000]  BIOS-e820: 000000003d6b0000 - 000000003d6cc000 (ACPI data)
[    0.000000]  BIOS-e820: 000000003d6cc000 - 000000003d700000 (ACPI NVS)
[    0.000000]  BIOS-e820: 000000003d700000 - 000000003e000000 (reserved)
[    0.000000]  BIOS-e820: 00000000f0000000 - 00000000f4000000 (reserved)
[    0.000000]  BIOS-e820: 00000000fec00000 - 00000000fec10000 (reserved)
[    0.000000]  BIOS-e820: 00000000fed00000 - 00000000fed00400 (reserved)
[    0.000000]  BIOS-e820: 00000000fed14000 - 00000000fed1a000 (reserved)
[    0.000000]  BIOS-e820: 00000000fed1c000 - 00000000fed90000 (reserved)
[    0.000000]  BIOS-e820: 00000000fee00000 - 00000000fee01000 (reserved)
[    0.000000]  BIOS-e820: 00000000ff000000 - 0000000100000000 (reserved)
[    0.000000] DMI present.
[    0.000000] last_pfn = 0x3d6b0 max_arch_pfn = 0x100000
[    0.000000] MTRR default type: uncachable
[    0.000000] MTRR fixed ranges enabled:
[    0.000000]   00000-9FFFF write-back
[    0.000000]   A0000-BFFFF uncachable
[    0.000000]   C0000-CFFFF write-protect
[    0.000000]   D0000-DFFFF uncachable
[    0.000000]   E0000-FFFFF write-protect
[    0.000000] MTRR variable ranges enabled:
[    0.000000]   0 base 03E000000 mask FFE000000 uncachable
[    0.000000]   1 base 000000000 mask FC0000000 write-back
[    0.000000]   2 base 03D700000 mask FFFF00000 uncachable
[    0.000000]   3 base 03D800000 mask FFF800000 uncachable
[    0.000000]   4 disabled
[    0.000000]   5 disabled
[    0.000000]   6 disabled
[    0.000000]   7 disabled
[    0.000000] initial memory mapped : 0 - 02000000
[    0.000000] init_memory_mapping: 0000000000000000-00000000377fe000
[    0.000000]  0000000000 - 0000400000 page 4k
[    0.000000]  0000400000 - 0037400000 page 2M
[    0.000000]  0037400000 - 00377fe000 page 4k
[    0.000000] kernel direct mapping tables up to 377fe000 @ 7000-c000
[    0.000000] ACPI: RSDP 000f68d0 00024 (v02 LENOVO)
[    0.000000] ACPI: XSDT 3d6bb77f 00094 (v01 LENOVO TP-7L    00002170  LTP 00000000)
[    0.000000] ACPI: FACP 3d6bb900 000F4 (v03 LENOVO TP-7L    00002170 LNVO 00000001)
[    0.000000] ACPI Warning: 32/64X length mismatch in Gpe1Block: 0/32 (20090903/tbfadt-526)
[    0.000000] ACPI Warning: Optional field Gpe1Block has zero address or length: 000000000000102C/0 (20090903/tbfadt-557)
[    0.000000] ACPI: DSDT 3d6bbd1d 0FED1 (v01 LENOVO TP-7L    00002170 MSFT 03000000)
[    0.000000] ACPI: FACS 3d6e4000 00040
[    0.000000] ACPI: SSDT 3d6bbab4 00269 (v01 LENOVO TP-7L    00002170 MSFT 03000000)
[    0.000000] ACPI: ECDT 3d6cbbee 00052 (v01 LENOVO TP-7L    00002170 LNVO 00000001)
[    0.000000] ACPI: TCPA 3d6cbc40 00032 (v02 LENOVO TP-7L    00002170 LNVO 00000001)
[    0.000000] ACPI: APIC 3d6cbc72 00068 (v01 LENOVO TP-7L    00002170 LNVO 00000001)
[    0.000000] ACPI: MCFG 3d6cbcda 0003C (v01 LENOVO TP-7L    00002170 LNVO 00000001)
[    0.000000] ACPI: HPET 3d6cbd16 00038 (v01 LENOVO TP-7L    00002170 LNVO 00000001)
[    0.000000] ACPI: SLIC 3d6cbdf0 00176 (v01 LENOVO TP-7L    00002170  LTP 00000000)
[    0.000000] ACPI: BOOT 3d6cbf66 00028 (v01 LENOVO TP-7L    00002170  LTP 00000001)
[    0.000000] ACPI: ASF! 3d6cbf8e 00072 (v16 LENOVO TP-7L    00002170 PTL  00000001)
[    0.000000] ACPI: SSDT 3d6e26d9 0025F (v01 LENOVO TP-7L    00002170 INTL 20050513)
[    0.000000] ACPI: SSDT 3d6e2938 000A6 (v01 LENOVO TP-7L    00002170 INTL 20050513)
[    0.000000] ACPI: SSDT 3d6e29de 004F7 (v01 LENOVO TP-7L    00002170 INTL 20050513)
[    0.000000] ACPI: SSDT 3d6e2ed5 001D8 (v01 LENOVO TP-7L    00002170 INTL 20050513)
[    0.000000] ACPI: DMI detected: Lenovo ThinkPad R61
[    0.000000] ACPI: Added _OSI(Linux)
[    0.000000] ACPI: Local APIC address 0xfee00000
[    0.000000] 94MB HIGHMEM available.
[    0.000000] 887MB LOWMEM available.
[    0.000000]   mapped low ram: 0 - 377fe000
[    0.000000]   low ram: 0 - 377fe000
[    0.000000]   node 0 low ram: 00000000 - 377fe000
[    0.000000]   node 0 bootmap 00008000 - 0000ef00
[    0.000000] (6 early reservations) ==> bootmem [0000000000 - 00377fe000]
[    0.000000]   #0 [0000000000 - 0000001000]   BIOS data page ==> [0000000000 - 0000001000]
[    0.000000]   #1 [0001000000 - 0001bdc180]    TEXT DATA BSS ==> [0001000000 - 0001bdc180]
[    0.000000]   #2 [000009d800 - 0000100000]    BIOS reserved ==> [000009d800 - 0000100000]
[    0.000000]   #3 [0001bdd000 - 0001be516c]              BRK ==> [0001bdd000 - 0001be516c]
[    0.000000]   #4 [0000007000 - 0000008000]          PGTABLE ==> [0000007000 - 0000008000]
[    0.000000]   #5 [0000008000 - 000000f000]          BOOTMAP ==> [0000008000 - 000000f000]
[    0.000000] found SMP MP-table at [c00f6900] f6900
[    0.000000] Zone PFN ranges:
[    0.000000]   DMA      0x00000000 -> 0x00001000
[    0.000000]   Normal   0x00001000 -> 0x000377fe
[    0.000000]   HighMem  0x000377fe -> 0x0003d6b0
[    0.000000] Movable zone start PFN for each node
[    0.000000] early_node_map[2] active PFN ranges
[    0.000000]     0: 0x00000000 -> 0x0000009d
[    0.000000]     0: 0x00000100 -> 0x0003d6b0
[    0.000000] On node 0 totalpages: 251469
[    0.000000] free_area_init_node: node 0, pgdat c1901ea0, node_mem_map c1be7000
[    0.000000]   DMA zone: 32 pages used for memmap
[    0.000000]   DMA zone: 0 pages reserved
[    0.000000]   DMA zone: 3965 pages, LIFO batch:0
[    0.000000]   Normal zone: 1744 pages used for memmap
[    0.000000]   Normal zone: 221486 pages, LIFO batch:31
[    0.000000]   HighMem zone: 190 pages used for memmap
[    0.000000]   HighMem zone: 24052 pages, LIFO batch:3
[    0.000000] Using APIC driver default
[    0.000000] ACPI: PM-Timer IO Port: 0x1008
[    0.000000] ACPI: Local APIC address 0xfee00000
[    0.000000] ACPI: LAPIC (acpi_id[0x00] lapic_id[0x00] enabled)
[    0.000000] ACPI: LAPIC (acpi_id[0x01] lapic_id[0x01] enabled)
[    0.000000] ACPI: NR_CPUS/possible_cpus limit of 1 reached.  Processor 1/0x1 ignored.
[    0.000000] ACPI: LAPIC_NMI (acpi_id[0x00] high edge lint[0x1])
[    0.000000] ACPI: LAPIC_NMI (acpi_id[0x01] high edge lint[0x1])
[    0.000000] ACPI: IOAPIC (id[0x01] address[0xfec00000] gsi_base[0])
[    0.000000] IOAPIC[0]: apic_id 1, version 32, address 0xfec00000, GSI 0-23
[    0.000000] ACPI: INT_SRC_OVR (bus 0 bus_irq 0 global_irq 2 dfl dfl)
[    0.000000] ACPI: INT_SRC_OVR (bus 0 bus_irq 9 global_irq 9 high level)
[    0.000000] ACPI: IRQ0 used by override.
[    0.000000] ACPI: IRQ2 used by override.
[    0.000000] ACPI: IRQ9 used by override.
[    0.000000] Using ACPI (MADT) for SMP configuration information
[    0.000000] ACPI: HPET id: 0x8086a201 base: 0xfed00000
[    0.000000] nr_irqs_gsi: 24
[    0.000000] PM: Registered nosave memory: 000000000009d000 - 000000000009e000
[    0.000000] PM: Registered nosave memory: 000000000009e000 - 00000000000a0000
[    0.000000] PM: Registered nosave memory: 00000000000a0000 - 00000000000d2000
[    0.000000] PM: Registered nosave memory: 00000000000d2000 - 00000000000d4000
[    0.000000] PM: Registered nosave memory: 00000000000d4000 - 00000000000e0000
[    0.000000] PM: Registered nosave memory: 00000000000e0000 - 0000000000100000
[    0.000000] Allocating PCI resources starting at 3e000000 (gap: 3e000000:b2000000)
[    0.000000] Built 1 zonelists in Zone order, mobility grouping on.  Total pages: 249503
[    0.000000] Kernel command line: auto BOOT_IMAGE=Linux ro root=802 vt.default_utf8=0 maxcpus=0
[    0.000000] PID hash table entries: 4096 (order: 2, 16384 bytes)
[    0.000000] Dentry cache hash table entries: 131072 (order: 7, 524288 bytes)
[    0.000000] Inode-cache hash table entries: 65536 (order: 6, 262144 bytes)
[    0.000000] Enabling fast FPU save and restore... done.
[    0.000000] Enabling unmasked SIMD FPU exception support... done.
[    0.000000] Initializing CPU#0
[    0.000000] Initializing HighMem for node 0 (000377fe:0003d6b0)
[    0.000000] Memory: 984800k/1006272k available (6914k kernel code, 20876k reserved, 2328k data, 448k init, 96968k highmem)
[    0.000000] virtual kernel memory layout:
[    0.000000]     fixmap  : 0xfffa3000 - 0xfffff000   ( 368 kB)
[    0.000000]     pkmap   : 0xff800000 - 0xffc00000   (4096 kB)
[    0.000000]     vmalloc : 0xf7ffe000 - 0xff7fe000   ( 120 MB)
[    0.000000]     lowmem  : 0xc0000000 - 0xf77fe000   ( 887 MB)
[    0.000000]       .init : 0xc1907000 - 0xc1977000   ( 448 kB)
[    0.000000]       .data : 0xc16c0b5f - 0xc1906c64   (2328 kB)
[    0.000000]       .text : 0xc1000000 - 0xc16c0b5f   (6914 kB)
[    0.000000] Checking if this processor honours the WP bit even in supervisor mode...Ok.
[    0.000000] SLUB: Genslabs=13, HWalign=64, Order=0-3, MinObjects=0, CPUs=1, Nodes=1
[    0.000000] Hierarchical RCU implementation.
[    0.000000] NR_IRQS:288
[    0.000000] Extended CMOS year: 2000
[    0.000000] Console: colour VGA+ 80x25
[    0.000000] console [tty0] enabled
[    0.000000] hpet clockevent registered
[    0.000000] Fast TSC calibration using PIT
[    0.000000] Detected 2094.626 MHz processor.
[    0.001001] Calibrating delay loop (skipped), value calculated using timer frequency.. 4189.25 BogoMIPS (lpj=2094626)
[    0.001176] Security Framework initialized
[    0.001266] Mount-cache hash table entries: 512
[    0.001411] CPU: L1 I cache: 32K, L1 D cache: 32K
[    0.001537] CPU: L2 cache: 3072K
[    0.001621] mce: CPU supports 6 MCE banks
[    0.001706] CPU0: Thermal monitoring enabled (TM2)
[    0.002003] using mwait in idle threads.
[    0.002087] CPU: Intel(R) Core(TM)2 Duo CPU     T8100  @ 2.10GHz stepping 06
[    0.002266] Checking 'hlt' instruction... OK.
[    0.006939] ACPI: Core revision 20090903
[    0.026015] CANARY value: b390e67b for PID: 1
[    0.026045] Enabling APIC mode:  Flat.  Using 1 I/O APICs
[    0.027370] ..TIMER: vector=0x30 apic1=0 pin1=2 apic2=-1 pin2=-1
[    0.037997] xor: automatically using best checksumming function: pIII_sse
[    0.041998]    pIII_sse  :  8568.000 MB/sec
[    0.042090] xor: using function: pIII_sse (8568.000 MB/sec)
[    0.042183] RANDOM - __seed init called.
[    0.042184] RANDOM - __seed init called.
[    0.042184] RANDOM - __seed init called.
[    0.042186] RANDOM - __random32 called. Change num 1.  Value: f7943846	49e73df3	af36cd0d
[    0.042188] RANDOM - __random32 called. Change num 2.  Value: 43846e13	9e73df37	9a1ad014
[    0.042190] RANDOM - __random32 called. Change num 3.  Value: 46e139c8	e73df373	a029598a
[    0.042191] RANDOM - __random32 called. Change num 4.  Value: 139c8c3b	73df373d	b3142c72
[    0.042193] RANDOM - __random32 called. Change num 5.  Value: c8c3b043	3df373de	58e576a9
[    0.042195] RANDOM - __random32 called. Change num 6.  Value: 3b0437d9	df373de5	ed53f9d8
[    0.042196] RANDOM - random32 init called.  Value: 3b0437d9	df373de5	ed53f9d8
[    0.042213] NET: Registered protocol family 16
[    0.042476] ACPI FADT declares the system doesn't support PCIe ASPM, so disable it
[    0.042598] ACPI: bus type pci registered
[    0.042772] PCI: MCFG configuration 0: base f0000000 segment 0 buses 0 - 63
[    0.042866] PCI: MCFG area at f0000000 reserved in E820
[    0.042956] PCI: Using MMCONFIG for extended config space
[    0.043002] PCI: Using configuration type 1 for base access
[    0.046158] bio: create slab <bio-0> at 0
[    0.046965] ACPI: EC: EC description table is found, configuring boot EC
[    0.052135] ACPI: BIOS _OSI(Linux) query honored via DMI
[    0.052860] random 0000 0000 0000 00000000 00000000: rand_read_num 2 get_random_bytes(8): sig fffffe1a 00000000 00000000
[    0.052862] random 0000 0000 0000 00000000 00000000: extract_entropy(.. 8 ..)
[    0.052865] random 0000 0000 0000 00000000 00000000: going to reseed nonblocking with 64 bits (64 of 0 requested)
[    0.052867] random 0000 0000 0000 00000000 00000000: extract_entropy(.. 8 ..)
[    0.052870] random 0000 0000 0000 00000000 00000000: trying to extract 64 bits from input
[    0.052872] random 0000 0000 0000 00000000 00000000: debiting 0 entropy credits from input
[    0.052873] random 0000 0000 0000 00000000 00000000: extract_entropy account returned: 0 
[    0.052876] random 0000 0000 0000 00000000 00000000: urand_change_num 3 xfer_secondary_pool(8): pool_sig fffffe1a, data_sig 00000000, bytes_mixed 0 00000000 00000000
[    0.052879] random 0000 0000 0000 00000000 00000000: trying to extract 64 bits from nonblocking
[    0.052882] random 0000 0000 0000 00000000 00000000: debiting 64 entropy credits from nonblocking (unlimited)
[    0.052910] random 0000 0000 0000 00000000 00000000: extract_entropy account returned: 8 
[    0.052914] random 0000 0000 0000 00000000 00000000: urand_change_num 4 extract_buf: pool_sig fffffe1a, data_sig fffffed7, bytes_mixed 20 00000000 00000000
[    0.058531] ACPI: Interpreter enabled
[    0.058616] ACPI: (supports S0 S3 S4 S5)
[    0.058937] ACPI: Using IOAPIC for interrupt routing
[    0.068673] ACPI: EC: GPE = 0x12, I/O: command/status = 0x66, data = 0x62
[    0.068955] ACPI: Power Resource [PUBS] (on)
[    0.071114] ACPI: ACPI Dock Station Driver: 3 docks/bays found
[    0.071524] ACPI: PCI Root Bridge [PCI0] (0000:00)
[    0.071700] pci 0000:00:02.0: reg 10 64bit mmio: [0xf8100000-0xf81fffff]
[    0.071706] pci 0000:00:02.0: reg 18 64bit mmio pref: [0xe0000000-0xefffffff]
[    0.071710] pci 0000:00:02.0: reg 20 io port: [0x1800-0x1807]
[    0.071745] pci 0000:00:02.1: reg 10 64bit mmio: [0xf8200000-0xf82fffff]
[    0.071847] pci 0000:00:19.0: reg 10 32bit mmio: [0xfe000000-0xfe01ffff]
[    0.071856] pci 0000:00:19.0: reg 14 32bit mmio: [0xfe025000-0xfe025fff]
[    0.071865] pci 0000:00:19.0: reg 18 io port: [0x1840-0x185f]
[    0.071931] pci 0000:00:19.0: PME# supported from D0 D3hot D3cold
[    0.072002] pci 0000:00:19.0: PME# disabled
[    0.072140] pci 0000:00:1a.0: reg 20 io port: [0x1860-0x187f]
[    0.072236] pci 0000:00:1a.1: reg 20 io port: [0x1880-0x189f]
[    0.072315] pci 0000:00:1a.7: reg 10 32bit mmio: [0xfe226c00-0xfe226fff]
[    0.072397] pci 0000:00:1a.7: PME# supported from D0 D3hot D3cold
[    0.072491] pci 0000:00:1a.7: PME# disabled
[    0.072632] pci 0000:00:1b.0: reg 10 64bit mmio: [0xfe020000-0xfe023fff]
[    0.072716] pci 0000:00:1b.0: PME# supported from D0 D3hot D3cold
[    0.072811] pci 0000:00:1b.0: PME# disabled
[    0.073043] pci 0000:00:1c.0: PME# supported from D0 D3hot D3cold
[    0.073138] pci 0000:00:1c.0: PME# disabled
[    0.073335] pci 0000:00:1c.1: PME# supported from D0 D3hot D3cold
[    0.073428] pci 0000:00:1c.1: PME# disabled
[    0.073632] pci 0000:00:1c.2: PME# supported from D0 D3hot D3cold
[    0.073728] pci 0000:00:1c.2: PME# disabled
[    0.073930] pci 0000:00:1c.3: PME# supported from D0 D3hot D3cold
[    0.073999] pci 0000:00:1c.3: PME# disabled
[    0.074860] pci 0000:00:1c.4: PME# supported from D0 D3hot D3cold
[    0.074954] pci 0000:00:1c.4: PME# disabled
[    0.075061] pci 0000:00:1d.0: reg 20 io port: [0x18a0-0x18bf]
[    0.075146] pci 0000:00:1d.1: reg 20 io port: [0x18c0-0x18df]
[    0.075229] pci 0000:00:1d.2: reg 20 io port: [0x18e0-0x18ff]
[    0.075322] pci 0000:00:1d.7: reg 10 32bit mmio: [0xfe227000-0xfe2273ff]
[    0.075420] pci 0000:00:1d.7: PME# supported from D0 D3hot D3cold
[    0.075522] pci 0000:00:1d.7: PME# disabled
[    0.075829] pci 0000:00:1f.0: quirk: region 1000-107f claimed by ICH6 ACPI/GPIO/TCO
[    0.076000] pci 0000:00:1f.0: quirk: region 1180-11bf claimed by ICH6 GPIO
[    0.076098] pci 0000:00:1f.0: ICH7 LPC Generic IO decode 1 PIO at 1600 (mask 007f)
[    0.076223] pci 0000:00:1f.0: ICH7 LPC Generic IO decode 2 PIO at 15e0 (mask 000f)
[    0.076348] pci 0000:00:1f.0: ICH7 LPC Generic IO decode 3 PIO at 1680 (mask 001f)
[    0.076550] pci 0000:00:1f.1: reg 10 io port: [0x00-0x07]
[    0.076562] pci 0000:00:1f.1: reg 14 io port: [0x00-0x03]
[    0.076569] pci 0000:00:1f.1: reg 18 io port: [0x00-0x07]
[    0.076580] pci 0000:00:1f.1: reg 1c io port: [0x00-0x03]
[    0.076594] pci 0000:00:1f.1: reg 20 io port: [0x1c00-0x1c0f]
[    0.076677] pci 0000:00:1f.2: reg 10 io port: [0x1c50-0x1c57]
[    0.076686] pci 0000:00:1f.2: reg 14 io port: [0x1c44-0x1c47]
[    0.076695] pci 0000:00:1f.2: reg 18 io port: [0x1c48-0x1c4f]
[    0.076702] pci 0000:00:1f.2: reg 1c io port: [0x1c40-0x1c43]
[    0.076710] pci 0000:00:1f.2: reg 20 io port: [0x1c20-0x1c3f]
[    0.076719] pci 0000:00:1f.2: reg 24 32bit mmio: [0xfe226000-0xfe2267ff]
[    0.076776] pci 0000:00:1f.2: PME# supported from D3hot
[    0.076869] pci 0000:00:1f.2: PME# disabled
[    0.077032] pci 0000:00:1f.3: reg 10 32bit mmio: [0xfe227400-0xfe2274ff]
[    0.077056] pci 0000:00:1f.3: reg 20 io port: [0x1c60-0x1c7f]
[    0.077138] pci 0000:00:1c.0: bridge io port: [0x2000-0x2fff]
[    0.077144] pci 0000:00:1c.0: bridge 32bit mmio: [0xfc000000-0xfdffffff]
[    0.077153] pci 0000:00:1c.0: bridge 64bit mmio pref: [0xf8000000-0xf80fffff]
[    0.077225] pci 0000:03:00.0: reg 10 64bit mmio: [0xdf3f0000-0xdf3fffff]
[    0.077426] pci 0000:00:1c.1: bridge io port: [0x3000-0x3fff]
[    0.077432] pci 0000:00:1c.1: bridge 32bit mmio: [0xdc000000-0xdf3fffff]
[    0.077441] pci 0000:00:1c.1: bridge 64bit mmio pref: [0xdfe00000-0xdfefffff]
[    0.077495] pci 0000:00:1c.2: bridge io port: [0x4000-0x4fff]
[    0.077501] pci 0000:00:1c.2: bridge 32bit mmio: [0xd8000000-0xd9ffffff]
[    0.077510] pci 0000:00:1c.2: bridge 64bit mmio pref: [0xdfb00000-0xdfbfffff]
[    0.077565] pci 0000:00:1c.3: bridge io port: [0x5000-0x5fff]
[    0.077571] pci 0000:00:1c.3: bridge 32bit mmio: [0xd4000000-0xd5ffffff]
[    0.077581] pci 0000:00:1c.3: bridge 64bit mmio pref: [0xdf800000-0xdf8fffff]
[    0.077635] pci 0000:00:1c.4: bridge io port: [0x6000-0x6fff]
[    0.077642] pci 0000:00:1c.4: bridge 32bit mmio: [0xd0000000-0xd1ffffff]
[    0.077651] pci 0000:00:1c.4: bridge 64bit mmio pref: [0xdf500000-0xdf5fffff]
[    0.077715] pci 0000:15:00.0: reg 10 32bit mmio: [0xf8300000-0xf8300fff]
[    0.077766] pci 0000:15:00.0: supports D1 D2
[    0.077767] pci 0000:15:00.0: PME# supported from D0 D1 D2 D3hot D3cold
[    0.077860] pci 0000:15:00.0: PME# disabled
[    0.078011] pci 0000:15:00.1: reg 10 32bit mmio: [0xf8301000-0xf83017ff]
[    0.078108] pci 0000:15:00.1: supports D1 D2
[    0.078109] pci 0000:15:00.1: PME# supported from D0 D1 D2 D3hot D3cold
[    0.078203] pci 0000:15:00.1: PME# disabled
[    0.078393] pci 0000:00:1e.0: transparent bridge
[    0.078492] pci 0000:00:1e.0: bridge io port: [0x7000-0xafff]
[    0.078498] pci 0000:00:1e.0: bridge 32bit mmio: [0xf8300000-0xfbffffff]
[    0.078507] pci 0000:00:1e.0: bridge 64bit mmio pref: [0xf4000000-0xf7ffffff]
[    0.078573] pci_bus 0000:00: on NUMA node 0
[    0.078577] ACPI: PCI Interrupt Routing Table [\_SB_.PCI0._PRT]
[    0.078710] ACPI: PCI Interrupt Routing Table [\_SB_.PCI0.EXP0._PRT]
[    0.078769] ACPI: PCI Interrupt Routing Table [\_SB_.PCI0.EXP1._PRT]
[    0.078827] ACPI: PCI Interrupt Routing Table [\_SB_.PCI0.EXP2._PRT]
[    0.078885] ACPI: PCI Interrupt Routing Table [\_SB_.PCI0.EXP3._PRT]
[    0.078947] ACPI: PCI Interrupt Routing Table [\_SB_.PCI0.EXP4._PRT]
[    0.079017] ACPI: PCI Interrupt Routing Table [\_SB_.PCI0.PCI1._PRT]
[    0.084462] ACPI: PCI Interrupt Link [LNKA] (IRQs 3 4 5 6 7 9 *10 11)
[    0.085251] ACPI: PCI Interrupt Link [LNKB] (IRQs 3 4 5 6 7 9 10 *11)
[    0.086096] ACPI: PCI Interrupt Link [LNKC] (IRQs 3 4 5 6 7 9 10 *11)
[    0.086878] ACPI: PCI Interrupt Link [LNKD] (IRQs 3 4 5 6 7 9 10 *11)
[    0.087674] ACPI: PCI Interrupt Link [LNKE] (IRQs 3 4 5 6 7 9 10 *11)
[    0.088460] ACPI: PCI Interrupt Link [LNKF] (IRQs 3 4 5 6 7 9 10 *11)
[    0.089244] ACPI: PCI Interrupt Link [LNKG] (IRQs 3 4 5 6 7 9 10 *11)
[    0.090087] ACPI: PCI Interrupt Link [LNKH] (IRQs 3 4 5 6 7 9 10 *11)
[    0.090846] vgaarb: device added: PCI:0000:00:02.0,decodes=io+mem,owns=io+mem,locks=none
[    0.090976] vgaarb: loaded
[    0.091091] SCSI subsystem initialized
[    0.091190] libata version 3.00 loaded.
[    0.091237] usbcore: registered new interface driver usbfs
[    0.091366] usbcore: registered new interface driver hub
[    0.091482] usbcore: registered new device driver usb
[    0.108038] raid6: int32x1    941 MB/s
[    0.124992] raid6: int32x2    886 MB/s
[    0.142067] raid6: int32x4    750 MB/s
[    0.159073] raid6: int32x8    660 MB/s
[    0.175986] raid6: mmxx1     2878 MB/s
[    0.192980] raid6: mmxx2     3269 MB/s
[    0.209999] raid6: sse1x1    1937 MB/s
[    0.226998] raid6: sse1x2    2535 MB/s
[    0.243981] raid6: sse2x1    3507 MB/s
[    0.260970] raid6: sse2x2    3820 MB/s
[    0.261060] raid6: using algorithm sse2x2 (3820 MB/s)
[    0.261151] PCI: Using ACPI for IRQ routing
[    0.261458] HPET: 3 timers in total, 0 timers will be used for per-cpu timer
[    0.261989] Switching to clocksource tsc
[    0.262091] pnp: PnP ACPI init
[    0.262179] ACPI: bus type pnp registered
[    0.265837] pnp: PnP ACPI: found 11 devices
[    0.265940] ACPI: ACPI bus type pnp unregistered
[    0.266034] system 00:00: iomem range 0x0-0x9ffff could not be reserved
[    0.266126] system 00:00: iomem range 0xc0000-0xc3fff could not be reserved
[    0.266218] system 00:00: iomem range 0xc4000-0xc7fff could not be reserved
[    0.266312] system 00:00: iomem range 0xc8000-0xcbfff has been reserved
[    0.266405] system 00:00: iomem range 0xcc000-0xcffff has been reserved
[    0.266501] system 00:00: iomem range 0xd0000-0xd3fff could not be reserved
[    0.266592] system 00:00: iomem range 0xe0000-0xe3fff could not be reserved
[    0.266685] system 00:00: iomem range 0xe4000-0xe7fff could not be reserved
[    0.266780] system 00:00: iomem range 0xe8000-0xebfff could not be reserved
[    0.266872] system 00:00: iomem range 0xec000-0xeffff could not be reserved
[    0.266964] system 00:00: iomem range 0xf0000-0xfffff could not be reserved
[    0.267057] system 00:00: iomem range 0x100000-0x3dffffff could not be reserved
[    0.267181] system 00:00: iomem range 0xfec00000-0xfed3ffff could not be reserved
[    0.267303] system 00:00: iomem range 0xfed4c000-0xffffffff could not be reserved
[    0.267426] system 00:02: ioport range 0x164e-0x164f has been reserved
[    0.267519] system 00:02: ioport range 0x1000-0x107f has been reserved
[    0.267611] system 00:02: ioport range 0x1180-0x11bf has been reserved
[    0.267703] system 00:02: ioport range 0x800-0x80f has been reserved
[    0.267797] system 00:02: ioport range 0x15e0-0x15ef has been reserved
[    0.267889] system 00:02: ioport range 0x1600-0x165f could not be reserved
[    0.267983] system 00:02: iomem range 0xf0000000-0xf3ffffff has been reserved
[    0.268075] system 00:02: iomem range 0xfed1c000-0xfed1ffff has been reserved
[    0.268168] system 00:02: iomem range 0xfed14000-0xfed17fff has been reserved
[    0.268261] system 00:02: iomem range 0xfed18000-0xfed18fff has been reserved
[    0.268351] system 00:02: iomem range 0xfed19000-0xfed19fff has been reserved
[    0.268447] system 00:02: iomem range 0xfed45000-0xfed4bfff has been reserved
[    0.303490] pci 0000:00:1c.0: PCI bridge, secondary bus 0000:02
[    0.303587] pci 0000:00:1c.0:   IO window: 0x2000-0x2fff
[    0.303682] pci 0000:00:1c.0:   MEM window: 0xfc000000-0xfdffffff
[    0.303778] pci 0000:00:1c.0:   PREFETCH window: 0x000000f8000000-0x000000f80fffff
[    0.303913] pci 0000:00:1c.1: PCI bridge, secondary bus 0000:03
[    0.304008] pci 0000:00:1c.1:   IO window: 0x3000-0x3fff
[    0.304103] pci 0000:00:1c.1:   MEM window: 0xdc000000-0xdf3fffff
[    0.304198] pci 0000:00:1c.1:   PREFETCH window: 0x000000dfe00000-0x000000dfefffff
[    0.304326] pci 0000:00:1c.2: PCI bridge, secondary bus 0000:04
[    0.304420] pci 0000:00:1c.2:   IO window: 0x4000-0x4fff
[    0.304513] pci 0000:00:1c.2:   MEM window: 0xd8000000-0xd9ffffff
[    0.304612] pci 0000:00:1c.2:   PREFETCH window: 0x000000dfb00000-0x000000dfbfffff
[    0.304742] pci 0000:00:1c.3: PCI bridge, secondary bus 0000:05
[    0.304838] pci 0000:00:1c.3:   IO window: 0x5000-0x5fff
[    0.304931] pci 0000:00:1c.3:   MEM window: 0xd4000000-0xd5ffffff
[    0.305025] pci 0000:00:1c.3:   PREFETCH window: 0x000000df800000-0x000000df8fffff
[    0.305151] pci 0000:00:1c.4: PCI bridge, secondary bus 0000:0d
[    0.305248] pci 0000:00:1c.4:   IO window: 0x6000-0x6fff
[    0.305343] pci 0000:00:1c.4:   MEM window: 0xd0000000-0xd1ffffff
[    0.305437] pci 0000:00:1c.4:   PREFETCH window: 0x000000df500000-0x000000df5fffff
[    0.305568] pci 0000:15:00.0: CardBus bridge, secondary bus 0000:16
[    0.305659] pci 0000:15:00.0:   IO window: 0x007000-0x0070ff
[    0.305752] pci 0000:15:00.0:   IO window: 0x007400-0x0074ff
[    0.305845] pci 0000:15:00.0:   PREFETCH window: 0xf4000000-0xf7ffffff
[    0.305944] pci 0000:15:00.0:   MEM window: 0x40000000-0x43ffffff
[    0.306041] pci 0000:00:1e.0: PCI bridge, secondary bus 0000:15
[    0.306135] pci 0000:00:1e.0:   IO window: 0x7000-0xafff
[    0.306232] pci 0000:00:1e.0:   MEM window: 0xf8300000-0xfbffffff
[    0.306325] pci 0000:00:1e.0:   PREFETCH window: 0x000000f4000000-0x000000f7ffffff
[    0.306469] pci 0000:00:1c.0: PCI INT A -> GSI 20 (level, low) -> IRQ 20
[    0.306570] pci 0000:00:1c.0: setting latency timer to 64
[    0.306584] pci 0000:00:1c.1: PCI INT B -> GSI 21 (level, low) -> IRQ 21
[    0.306680] pci 0000:00:1c.1: setting latency timer to 64
[    0.306689] pci 0000:00:1c.2: PCI INT C -> GSI 22 (level, low) -> IRQ 22
[    0.306783] pci 0000:00:1c.2: setting latency timer to 64
[    0.306796] pci 0000:00:1c.3: PCI INT D -> GSI 23 (level, low) -> IRQ 23
[    0.306895] pci 0000:00:1c.3: setting latency timer to 64
[    0.306908] pci 0000:00:1c.4: PCI INT A -> GSI 20 (level, low) -> IRQ 20
[    0.307007] pci 0000:00:1c.4: setting latency timer to 64
[    0.307013] pci 0000:00:1e.0: enabling device (0005 -> 0007)
[    0.307115] pci 0000:00:1e.0: setting latency timer to 64
[    0.307132] pci 0000:15:00.0: PCI INT A -> GSI 16 (level, low) -> IRQ 16
[    0.307229] pci 0000:15:00.0: setting latency timer to 64
[    0.307235] pci_bus 0000:00: resource 0 io:  [0x00-0xffff]
[    0.307237] pci_bus 0000:00: resource 1 mem: [0x000000-0xffffffff]
[    0.307239] pci_bus 0000:02: resource 0 io:  [0x2000-0x2fff]
[    0.307241] pci_bus 0000:02: resource 1 mem: [0xfc000000-0xfdffffff]
[    0.307243] pci_bus 0000:02: resource 2 pref mem [0xf8000000-0xf80fffff]
[    0.307245] pci_bus 0000:03: resource 0 io:  [0x3000-0x3fff]
[    0.307246] pci_bus 0000:03: resource 1 mem: [0xdc000000-0xdf3fffff]
[    0.307248] pci_bus 0000:03: resource 2 pref mem [0xdfe00000-0xdfefffff]
[    0.307250] pci_bus 0000:04: resource 0 io:  [0x4000-0x4fff]
[    0.307252] pci_bus 0000:04: resource 1 mem: [0xd8000000-0xd9ffffff]
[    0.307253] pci_bus 0000:04: resource 2 pref mem [0xdfb00000-0xdfbfffff]
[    0.307255] pci_bus 0000:05: resource 0 io:  [0x5000-0x5fff]
[    0.307257] pci_bus 0000:05: resource 1 mem: [0xd4000000-0xd5ffffff]
[    0.307259] pci_bus 0000:05: resource 2 pref mem [0xdf800000-0xdf8fffff]
[    0.307260] pci_bus 0000:0d: resource 0 io:  [0x6000-0x6fff]
[    0.307262] pci_bus 0000:0d: resource 1 mem: [0xd0000000-0xd1ffffff]
[    0.307264] pci_bus 0000:0d: resource 2 pref mem [0xdf500000-0xdf5fffff]
[    0.307266] pci_bus 0000:15: resource 0 io:  [0x7000-0xafff]
[    0.307267] pci_bus 0000:15: resource 1 mem: [0xf8300000-0xfbffffff]
[    0.307269] pci_bus 0000:15: resource 2 pref mem [0xf4000000-0xf7ffffff]
[    0.307271] pci_bus 0000:15: resource 3 io:  [0x00-0xffff]
[    0.307273] pci_bus 0000:15: resource 4 mem: [0x000000-0xffffffff]
[    0.307274] pci_bus 0000:16: resource 0 io:  [0x7000-0x70ff]
[    0.307276] pci_bus 0000:16: resource 1 io:  [0x7400-0x74ff]
[    0.307278] pci_bus 0000:16: resource 2 pref mem [0xf4000000-0xf7ffffff]
[    0.307280] pci_bus 0000:16: resource 3 mem: [0x40000000-0x43ffffff]
[    0.307288] NET: Registered protocol family 2
[    0.307378] RANDOM - __random32 called. Change num 7.  Value: 437d97bf	f373de51	f3b0f986
[    0.307379] RANDOM - random32 called.  Value: 437d97bf	f373de51	f3b0f986
[    0.307384] random 0000 0000 0000 5f8db4e5 4cfdf2a8: rand_read_num 3 get_random_bytes(4): sig fffffb64 5f8db4e5 4cfdf2a8
[    0.307386] random 0000 0000 0000 5f8db4e5 4cfdf2a8: extract_entropy(.. 4 ..)
[    0.307389] random 0000 0000 0000 5f8db4e5 4cfdf2a8: going to reseed nonblocking with 64 bits (32 of 0 requested)
[    0.307391] random 0000 0000 0000 5f8db4e5 4cfdf2a8: extract_entropy(.. 8 ..)
[    0.307393] random 0000 0000 0000 5f8db4e5 4cfdf2a8: trying to extract 64 bits from input
[    0.307395] random 0000 0000 0000 5f8db4e5 4cfdf2a8: debiting 0 entropy credits from input
[    0.307397] random 0000 0000 0000 5f8db4e5 4cfdf2a8: extract_entropy account returned: 0 
[    0.307400] random 0000 0000 0000 5f8db4e5 4cfdf2a8: urand_change_num 5 xfer_secondary_pool(4): pool_sig fffffb64, data_sig 00000000, bytes_mixed 0 5f8db4e5 4cfdf2a8
[    0.307403] random 0000 0000 0000 5f8db4e5 4cfdf2a8: trying to extract 32 bits from nonblocking
[    0.307405] random 0000 0000 0000 5f8db4e5 4cfdf2a8: debiting 32 entropy credits from nonblocking (unlimited)
[    0.307407] random 0000 0000 0000 5f8db4e5 4cfdf2a8: extract_entropy account returned: 4 
[    0.307411] random 0000 0000 0000 5f8db4e5 4cfdf2a8: urand_change_num 6 extract_buf: pool_sig fffffb64, data_sig 00000241, bytes_mixed 20 5f8db4e5 4cfdf2a8
[    0.307421] IP route cache hash table entries: 32768 (order: 5, 131072 bytes)
[    0.307559] RANDOM - __random32 called. Change num 8.  Value: d97bfe31	373de51f	f30dc6e6
[    0.307561] RANDOM - random32 called.  Value: d97bfe31	373de51f	f30dc6e6
[    0.307571] RANDOM - __random32 called. Change num 9.  Value: bfe314d7	73de51f5	8dcd6c7e
[    0.307573] RANDOM - random32 called.  Value: bfe314d7	73de51f5	8dcd6c7e
[    0.307575] RANDOM - __random32 called. Change num 10.  Value: 314d7baf	3de51f5e	d8fc74c1
[    0.307576] RANDOM - random32 called.  Value: 314d7baf	3de51f5e	d8fc74c1
[    0.307586] RANDOM - __random32 called. Change num 11.  Value: d7baf3c7	de51f5e5	e983e3fa
[    0.307588] RANDOM - random32 called.  Value: d7baf3c7	de51f5e5	e983e3fa
[    0.307598] TCP established hash table entries: 131072 (order: 8, 1048576 bytes)
[    0.308096] TCP bind hash table entries: 65536 (order: 6, 262144 bytes)
[    0.308282] TCP: Hash tables configured (established 131072 bind 65536)
[    0.308378] TCP reno registered
[    0.308483] NET: Registered protocol family 1
[    0.308598] RPC: Registered udp transport module.
[    0.308686] RPC: Registered tcp transport module.
[    0.308775] RPC: Registered tcp NFSv4.1 backchannel transport module.
[    0.308892] pci 0000:00:02.0: Boot video device
[    0.309113] Simple Boot Flag at 0x35 set to 0x1
[    0.309626] highmem bounce pool size: 64 pages
[    0.311205] VFS: Disk quotas dquot_6.5.2
[    0.311327] Dquot-cache hash table entries: 1024 (order 0, 4096 bytes)
[    0.312005] NTFS driver 2.1.29 [Flags: R/W].
[    0.312165] ROMFS MTD (C) 2007 Red Hat, Inc.
[    0.312376] JFS: nTxBlock = 7695, nTxLock = 61562
[    0.314837] SGI XFS with ACLs, security attributes, large block/inode numbers, no debug enabled
[    0.315348] SGI XFS Quota Management subsystem
[    0.315634] Slow work thread pool: Starting up
[    0.315737] Slow work thread pool: Ready
[    0.315831] GFS2 (built May 24 2013 02:47:17) installed
[    0.315934] msgmni has been set to 1734
[    0.316101] alg: No test for cipher_null (cipher_null-generic)
[    0.316202] alg: No test for ecb(cipher_null) (ecb-cipher_null)
[    0.316301] alg: No test for digest_null (digest_null-generic)
[    0.316401] alg: No test for compress_null (compress_null-generic)
[    0.316964] alg: No test for fcrypt (fcrypt-generic)
[    0.318385] alg: No test for stdrng (krng)
[    0.318474] async_tx: api initialized (async)
[    0.318630] Block layer SCSI generic (bsg) driver version 0.4 loaded (major 254)
[    0.318753] io scheduler noop registered
[    0.318839] io scheduler anticipatory registered
[    0.318947] io scheduler deadline registered
[    0.319084] io scheduler cfq registered (default)
[    0.319320] pcieport 0000:00:1c.0: irq 24 for MSI/MSI-X
[    0.319337] pcieport 0000:00:1c.0: setting latency timer to 64
[    0.319529] pcieport 0000:00:1c.1: irq 25 for MSI/MSI-X
[    0.319540] pcieport 0000:00:1c.1: setting latency timer to 64
[    0.319714] pcieport 0000:00:1c.2: irq 26 for MSI/MSI-X
[    0.319725] pcieport 0000:00:1c.2: setting latency timer to 64
[    0.319917] pcieport 0000:00:1c.3: irq 27 for MSI/MSI-X
[    0.319928] pcieport 0000:00:1c.3: setting latency timer to 64
[    0.320104] pcieport 0000:00:1c.4: irq 28 for MSI/MSI-X
[    0.320116] pcieport 0000:00:1c.4: setting latency timer to 64
[    0.320260] pci_hotplug: PCI Hot Plug PCI Core version: 0.5
[    0.320453] isapnp: Scanning for PnP cards...
[    0.680980] isapnp: No Plug & Play device found
[    0.681073] random 0000 0000 0000 5f8db4e5 4cfdf2a8: initializing
[    0.700618] Serial: 8250/16550 driver, 4 ports, IRQ sharing enabled
[    3.711863] floppy0: no floppy controllers found
[    3.712808] brd: module loaded
[    3.713309] loop: module loaded
[    3.713398] Compaq SMART2 Driver (v 2.6.0)
[    3.713521] HP CISS Driver (v 3.6.20)
[    3.713763] input: Macintosh mouse button emulation as /devices/virtual/input/input0
[    3.713907] Uniform Multi-Platform E-IDE driver
[    3.714132] piix 0000:00:1f.1: IDE controller (0x8086:0x2850 rev 0x03)
[    3.714236] pci 0000:00:1f.1: PCI INT C -> GSI 16 (level, low) -> IRQ 16
[    3.714342] piix 0000:00:1f.1: IDE port disabled
[    3.714440] piix 0000:00:1f.1: not 100% native mode: will probe irqs later
[    3.714538]     ide0: BM-DMA at 0x1c00-0x1c07
[    3.714630] Probing IDE interface ide0...
[    4.386081] hda: HL-DT-ST DVDRAM GSA-U10N, ATAPI CD/DVD-ROM drive
[    4.692890] hda: host max PIO4 wanted PIO255(auto-tune) selected PIO4
[    4.693667] hda: UDMA/33 mode selected
[    4.694132] ide0 at 0x1f0-0x1f7,0x3f6 on irq 14
[    4.698053] ide-gd driver 1.18
[    4.698162] ide-cd driver 5.00
[    4.699554] ide-cd: hda: ATAPI 24X DVD-ROM DVD-R/RAM CD-R/RW drive, 2048kB Cache
[    4.699992] Uniform CD-ROM driver Revision: 3.20
[    4.707052] Loading iSCSI transport class v2.0-870.
[    4.707344] rdac: device handler registered
[    4.707433] hp_sw: device handler registered
[    4.707524] emc: device handler registered
[    4.707609] alua: device handler registered
[    4.708600] Adaptec aacraid driver 1.1-5[2461]-ms
[    4.709019] scsi: <fdomain> Detection failed (no card)
[    4.709118] sym53c416.c: Version 1.0.0-ac
[    4.709224] qlogicfas: no cards were found, please specify I/O address and IRQ using iobase= and irq= options
[    4.709347] QLogic Fibre Channel HBA Driver: 8.03.01-k6
[    4.709574] iscsi: registered transport (qla4xxx)
[    4.709689] QLogic iSCSI HBA Driver
[    4.709777] Emulex LightPulse Fibre Channel SCSI driver 8.3.4
[    4.709876] Copyright(c) 2004-2009 Emulex.  All rights reserved.
[    4.731877] Failed initialization of WD-7000 SCSI card!
[    4.821707] DC390: clustering now enabled by default. If you get problems load
[    4.821830]        with "disable_clustering=1" and report to maintainers
[    4.821967] megaraid cmm: 2.20.2.7 (Release Date: Sun Jul 16 00:01:03 EST 2006)
[    4.822120] megaraid: 2.20.5.1 (Release Date: Thu Nov 16 15:32:35 EST 2006)
[    4.822233] megasas: 00.00.04.01 Thu July 24 11:41:51 PST 2008
[    4.822369] GDT-HA: Storage RAID Controller Driver. Version: 3.05
[    4.822517] 3ware Storage Controller device driver for Linux v1.26.02.002.
[    4.822626] 3ware 9000 Storage Controller device driver for Linux v2.26.02.012.
[    4.822768] nsp32: loading...
[    4.822880] ipr: IBM Power RAID SCSI Device Driver version: 2.4.3 (June 10, 2009)
[    4.823026] RocketRAID 3xxx/4xxx Controller driver v1.6 (090910)
[    4.823138] stex: Promise SuperTrak EX Driver version: 4.6.0000.3
[    4.823274] st: Version 20081215, fixed bufsize 32768, s/g segs 256
[    4.823466] ahci 0000:00:1f.2: version 3.0
[    4.823479] ahci 0000:00:1f.2: PCI INT B -> GSI 16 (level, low) -> IRQ 16
[    4.823611] ahci 0000:00:1f.2: irq 29 for MSI/MSI-X
[    4.823676] ahci 0000:00:1f.2: AHCI 0001.0100 32 slots 3 ports 1.5 Gbps 0x5 impl SATA mode
[    4.823799] ahci 0000:00:1f.2: flags: 64bit ncq sntf pm led clo pio slum part ccc 
[    4.823938] ahci 0000:00:1f.2: setting latency timer to 64
[    4.824080] scsi2 : ahci
[    4.824242] scsi3 : ahci
[    4.824381] scsi4 : ahci
[    4.824547] ata1: SATA max UDMA/133 abar m2048@0xfe226000 port 0xfe226100 irq 29
[    4.824667] ata2: DUMMY
[    4.824756] ata3: SATA max UDMA/133 abar m2048@0xfe226000 port 0xfe226200 irq 29
[    4.825374] I2O subsystem v1.325
[    4.825464] i2o: max drivers = 8
[    4.825611] I2O Configuration OSM v1.323
[    4.825714] I2O Bus Adapter OSM v1.317
[    4.825820] I2O Block Device OSM v1.325
[    4.825981] I2O SCSI Peripheral OSM v1.316
[    4.826088] I2O ProcFS OSM v1.316
[    4.826191] Fusion MPT base driver 3.04.12
[    4.826279] Copyright (c) 1999-2008 LSI Corporation
[    4.826370] Fusion MPT SPI Host driver 3.04.12
[    4.826481] Fusion MPT FC Host driver 3.04.12
[    4.826596] Fusion MPT SAS Host driver 3.04.12
[    4.826750] ohci1394 0000:15:00.1: PCI INT B -> GSI 17 (level, low) -> IRQ 17
[    4.826848] ohci1394 0000:15:00.1: setting latency timer to 64
[    4.880898] ohci1394: fw-host0: OHCI-1394 1.1 (PCI): IRQ=[17]  MMIO=[f8301000-f83017ff]  Max Packet=[2048]  IR/IT contexts=[4/4]
[    4.884160] ehci_hcd: USB 2.0 'Enhanced' Host Controller (EHCI) Driver
[    4.884448] ehci_hcd 0000:00:1a.7: power state changed by ACPI to D0
[    4.884694] ehci_hcd 0000:00:1a.7: power state changed by ACPI to D0
[    4.884793] ehci_hcd 0000:00:1a.7: PCI INT C -> GSI 22 (level, low) -> IRQ 22
[    4.884897] ehci_hcd 0000:00:1a.7: setting latency timer to 64
[    4.884902] ehci_hcd 0000:00:1a.7: EHCI Host Controller
[    4.885041] ehci_hcd 0000:00:1a.7: new USB bus registered, assigned bus number 1
[    4.889068] ehci_hcd 0000:00:1a.7: cache line size of 32 is not supported
[    4.889077] ehci_hcd 0000:00:1a.7: irq 22, io mem 0xfe226c00
[    4.898861] ehci_hcd 0000:00:1a.7: USB 2.0 started, EHCI 1.00
[    4.898972] usb usb1: New USB device found, idVendor=1d6b, idProduct=0002
[    4.899064] usb usb1: New USB device strings: Mfr=3, Product=2, SerialNumber=1
[    4.899185] usb usb1: Product: EHCI Host Controller
[    4.899272] usb usb1: Manufacturer: Linux 2.6.32.57 ehci_hcd
[    4.899359] usb usb1: SerialNumber: 0000:00:1a.7
[    4.899501] usb usb1: configuration #1 chosen from 1 choice
[    4.899625] hub 1-0:1.0: USB hub found
[    4.899717] hub 1-0:1.0: 4 ports detected
[    4.900020] ehci_hcd 0000:00:1d.7: power state changed by ACPI to D0
[    4.900261] ehci_hcd 0000:00:1d.7: power state changed by ACPI to D0
[    4.900360] ehci_hcd 0000:00:1d.7: PCI INT D -> GSI 19 (level, low) -> IRQ 19
[    4.900462] ehci_hcd 0000:00:1d.7: setting latency timer to 64
[    4.900467] ehci_hcd 0000:00:1d.7: EHCI Host Controller
[    4.900589] ehci_hcd 0000:00:1d.7: new USB bus registered, assigned bus number 2
[    4.900749] ehci_hcd 0000:00:1d.7: debug port 1
[    4.904724] ehci_hcd 0000:00:1d.7: cache line size of 32 is not supported
[    4.904733] ehci_hcd 0000:00:1d.7: irq 19, io mem 0xfe227000
[    4.914861] ehci_hcd 0000:00:1d.7: USB 2.0 started, EHCI 1.00
[    4.914973] usb usb2: New USB device found, idVendor=1d6b, idProduct=0002
[    4.915066] usb usb2: New USB device strings: Mfr=3, Product=2, SerialNumber=1
[    4.915187] usb usb2: Product: EHCI Host Controller
[    4.915275] usb usb2: Manufacturer: Linux 2.6.32.57 ehci_hcd
[    4.915365] usb usb2: SerialNumber: 0000:00:1d.7
[    4.915503] usb usb2: configuration #1 chosen from 1 choice
[    4.915621] hub 2-0:1.0: USB hub found
[    4.915715] hub 2-0:1.0: 6 ports detected
[    4.915904] 116x: driver isp116x-hcd, 03 Nov 2005
[    4.916014] ohci_hcd: USB 1.1 'Open' Host Controller (OHCI) Driver
[    4.916133] uhci_hcd: USB Universal Host Controller Interface driver
[    4.916243] uhci_hcd 0000:00:1a.0: PCI INT A -> GSI 20 (level, low) -> IRQ 20
[    4.916342] uhci_hcd 0000:00:1a.0: setting latency timer to 64
[    4.916347] uhci_hcd 0000:00:1a.0: UHCI Host Controller
[    4.916474] uhci_hcd 0000:00:1a.0: new USB bus registered, assigned bus number 3
[    4.916630] uhci_hcd 0000:00:1a.0: irq 20, io base 0x00001860
[    4.916746] usb usb3: New USB device found, idVendor=1d6b, idProduct=0001
[    4.916836] usb usb3: New USB device strings: Mfr=3, Product=2, SerialNumber=1
[    4.916966] usb usb3: Product: UHCI Host Controller
[    4.917054] usb usb3: Manufacturer: Linux 2.6.32.57 uhci_hcd
[    4.917145] usb usb3: SerialNumber: 0000:00:1a.0
[    4.917277] usb usb3: configuration #1 chosen from 1 choice
[    4.917398] hub 3-0:1.0: USB hub found
[    4.917487] hub 3-0:1.0: 2 ports detected
[    4.917788] uhci_hcd 0000:00:1a.1: power state changed by ACPI to D0
[    4.918052] uhci_hcd 0000:00:1a.1: power state changed by ACPI to D0
[    4.918148] uhci_hcd 0000:00:1a.1: PCI INT B -> GSI 21 (level, low) -> IRQ 21
[    4.918250] uhci_hcd 0000:00:1a.1: setting latency timer to 64
[    4.918255] uhci_hcd 0000:00:1a.1: UHCI Host Controller
[    4.918390] uhci_hcd 0000:00:1a.1: new USB bus registered, assigned bus number 4
[    4.918544] uhci_hcd 0000:00:1a.1: irq 21, io base 0x00001880
[    4.918663] usb usb4: New USB device found, idVendor=1d6b, idProduct=0001
[    4.918758] usb usb4: New USB device strings: Mfr=3, Product=2, SerialNumber=1
[    4.918885] usb usb4: Product: UHCI Host Controller
[    4.918974] usb usb4: Manufacturer: Linux 2.6.32.57 uhci_hcd
[    4.919068] usb usb4: SerialNumber: 0000:00:1a.1
[    4.919203] usb usb4: configuration #1 chosen from 1 choice
[    4.919329] hub 4-0:1.0: USB hub found
[    4.919421] hub 4-0:1.0: 2 ports detected
[    4.919711] uhci_hcd 0000:00:1d.0: power state changed by ACPI to D0
[    4.919960] uhci_hcd 0000:00:1d.0: power state changed by ACPI to D0
[    4.920056] uhci_hcd 0000:00:1d.0: PCI INT A -> GSI 16 (level, low) -> IRQ 16
[    4.920157] uhci_hcd 0000:00:1d.0: setting latency timer to 64
[    4.920162] uhci_hcd 0000:00:1d.0: UHCI Host Controller
[    4.920293] uhci_hcd 0000:00:1d.0: new USB bus registered, assigned bus number 5
[    4.920447] uhci_hcd 0000:00:1d.0: irq 16, io base 0x000018a0
[    4.920565] usb usb5: New USB device found, idVendor=1d6b, idProduct=0001
[    4.920658] usb usb5: New USB device strings: Mfr=3, Product=2, SerialNumber=1
[    4.920778] usb usb5: Product: UHCI Host Controller
[    4.920873] usb usb5: Manufacturer: Linux 2.6.32.57 uhci_hcd
[    4.920963] usb usb5: SerialNumber: 0000:00:1d.0
[    4.921099] usb usb5: configuration #1 chosen from 1 choice
[    4.921218] hub 5-0:1.0: USB hub found
[    4.921309] hub 5-0:1.0: 2 ports detected
[    4.921452] uhci_hcd 0000:00:1d.1: PCI INT B -> GSI 17 (level, low) -> IRQ 17
[    4.921547] uhci_hcd 0000:00:1d.1: setting latency timer to 64
[    4.921552] uhci_hcd 0000:00:1d.1: UHCI Host Controller
[    4.921674] uhci_hcd 0000:00:1d.1: new USB bus registered, assigned bus number 6
[    4.921823] uhci_hcd 0000:00:1d.1: irq 17, io base 0x000018c0
[    4.921944] usb usb6: New USB device found, idVendor=1d6b, idProduct=0001
[    4.922036] usb usb6: New USB device strings: Mfr=3, Product=2, SerialNumber=1
[    4.922158] usb usb6: Product: UHCI Host Controller
[    4.922251] usb usb6: Manufacturer: Linux 2.6.32.57 uhci_hcd
[    4.922343] usb usb6: SerialNumber: 0000:00:1d.1
[    4.922478] usb usb6: configuration #1 chosen from 1 choice
[    4.922599] hub 6-0:1.0: USB hub found
[    4.922688] hub 6-0:1.0: 2 ports detected
[    4.922986] uhci_hcd 0000:00:1d.2: power state changed by ACPI to D0
[    4.923222] uhci_hcd 0000:00:1d.2: power state changed by ACPI to D0
[    4.923317] uhci_hcd 0000:00:1d.2: PCI INT C -> GSI 18 (level, low) -> IRQ 18
[    4.923415] uhci_hcd 0000:00:1d.2: setting latency timer to 64
[    4.923420] uhci_hcd 0000:00:1d.2: UHCI Host Controller
[    4.923549] uhci_hcd 0000:00:1d.2: new USB bus registered, assigned bus number 7
[    4.923708] uhci_hcd 0000:00:1d.2: irq 18, io base 0x000018e0
[    4.923820] usb usb7: New USB device found, idVendor=1d6b, idProduct=0001
[    4.923923] usb usb7: New USB device strings: Mfr=3, Product=2, SerialNumber=1
[    4.924044] usb usb7: Product: UHCI Host Controller
[    4.924136] usb usb7: Manufacturer: Linux 2.6.32.57 uhci_hcd
[    4.924225] usb usb7: SerialNumber: 0000:00:1d.2
[    4.925022] usb usb7: configuration #1 chosen from 1 choice
[    4.925142] hub 7-0:1.0: USB hub found
[    4.925235] hub 7-0:1.0: 2 ports detected
[    4.925395] sl811: driver sl811-hcd, 19 May 2005
[    4.925498] r8a66597_hcd: driver r8a66597_hcd, 2009-05-26
[    4.925665] Initializing USB Mass Storage driver...
[    4.925793] usbcore: registered new interface driver usb-storage
[    4.925890] USB Mass Storage support registered.
[    4.925999] usbcore: registered new interface driver ums-alauda
[    4.926108] usbcore: registered new interface driver ums-cypress
[    4.926218] usbcore: registered new interface driver ums-datafab
[    4.926326] usbcore: registered new interface driver ums-freecom
[    4.926435] usbcore: registered new interface driver ums-isd200
[    4.926544] usbcore: registered new interface driver ums-jumpshot
[    4.926657] usbcore: registered new interface driver ums-karma
[    4.926768] usbcore: registered new interface driver ums-onetouch
[    4.926892] usbcore: registered new interface driver ums-sddr09
[    4.927003] usbcore: registered new interface driver ums-sddr55
[    4.927112] usbcore: registered new interface driver ums-usbat
[    4.927257] PNP: PS/2 Controller [PNP0303:KBD,PNP0f13:MOU] at 0x60,0x64 irq 1,12
[    4.935932] serio: i8042 KBD port at 0x60,0x64 irq 1
[    4.936023] serio: i8042 AUX port at 0x60,0x64 irq 12
[    4.936269] mice: PS/2 mouse device common for all mice
[    4.936382] i2c /dev entries driver
[    4.936517] md: linear personality registered for level -1
[    4.936607] md: raid0 personality registered for level 0
[    4.936698] md: raid1 personality registered for level 1
[    4.936786] md: raid10 personality registered for level 10
[    4.936896] md: raid6 personality registered for level 6
[    4.936986] md: raid5 personality registered for level 5
[    4.937080] md: raid4 personality registered for level 4
[    4.937174] md: multipath personality registered for level -4
[    4.937375] device-mapper: ioctl: 4.15.0-ioctl (2009-04-01) initialised: dm-devel@redhat.com
[    4.937576] cpuidle: using governor ladder
[    4.938189] usbcore: registered new interface driver usbhid
[    4.938286] usbhid: v2.6:USB HID core driver
[    4.938435] random 0000 0000 0000 00000000 00000000: rand_read_num 4 get_random_bytes(136): sig 00000000 00000000 00000000
[    4.938438] random 0000 0000 0000 00000000 00000000: extract_entropy(.. 136 ..)
[    4.938441] random 0000 0000 0000 00000000 00000000: going to reseed nonblocking with 1024 bits (1088 of 0 requested)
[    4.938443] random 0000 0000 0000 00000000 00000000: extract_entropy(.. 128 ..)
[    4.938445] random 0000 0000 0000 00000000 00000000: trying to extract 1024 bits from input
[    4.938447] random 0000 0000 0000 00000000 00000000: debiting 0 entropy credits from input
[    4.938449] random 0000 0000 0000 00000000 00000000: extract_entropy account returned: 0 
[    4.938452] random 0000 0000 0000 00000000 00000000: urand_change_num 7 xfer_secondary_pool(136): pool_sig 00000000, data_sig 00000000, bytes_mixed 0 00000000 00000000
[    4.938455] random 0000 0000 0000 00000000 00000000: trying to extract 1088 bits from nonblocking
[    4.938457] random 0000 0000 0000 00000000 00000000: debiting 1088 entropy credits from nonblocking (unlimited)
[    4.938459] random 0000 0000 0000 00000000 00000000: extract_entropy account returned: 136 
[    4.938464] random 0000 0000 0000 00000000 00000000: urand_change_num 8 extract_buf: pool_sig 00000000, data_sig fffffff9, bytes_mixed 20 00000000 00000000
[    4.938469] random 0000 0000 0000 b7c35b56 be4dc95d: urand_change_num 9 extract_buf: pool_sig fffffd1e, data_sig 000000c5, bytes_mixed 20 b7c35b56 be4dc95d
[    4.938474] random 0000 0000 0000 ed9f5c47 c48487fb: urand_change_num 10 extract_buf: pool_sig fffff8ec, data_sig ffffff68, bytes_mixed 20 ed9f5c47 c48487fb
[    4.938480] random 0000 0000 0000 ed9f5c47 c48487fb: urand_change_num 11 extract_buf: pool_sig fffffaed, data_sig 000001aa, bytes_mixed 20 ed9f5c47 c48487fb
[    4.938485] random 0000 0000 0000 1b4f7c0a 91bd6a48: urand_change_num 12 extract_buf: pool_sig fffffdd8, data_sig 00000064, bytes_mixed 20 1b4f7c0a 91bd6a48
[    4.938490] random 0000 0000 0000 a254b9bc 20e9a24f: urand_change_num 13 extract_buf: pool_sig fffffbe6, data_sig 000001dd, bytes_mixed 20 a254b9bc 20e9a24f
[    4.938495] random 0000 0000 0000 a254b9bc 20e9a24f: urand_change_num 14 extract_buf: pool_sig fffff940, data_sig fffffe20, bytes_mixed 20 a254b9bc 20e9a24f
[    4.938500] random 0000 0000 0000 2831a66b 5fa2a3ad: urand_change_num 15 extract_buf: pool_sig fffffbce, data_sig 0000007e, bytes_mixed 20 2831a66b 5fa2a3ad
[    4.938506] random 0000 0000 0000 2831a66b 5fa2a3ad: urand_change_num 16 extract_buf: pool_sig 000004df, data_sig fffffe8f, bytes_mixed 20 2831a66b 5fa2a3ad
[    4.938511] random 0000 0000 0000 d4512bfd c9a54e0b: urand_change_num 17 extract_buf: pool_sig 00000485, data_sig fffffe68, bytes_mixed 20 d4512bfd c9a54e0b
[    4.938516] random 0000 0000 0000 c7371be6 f9ffea11: urand_change_num 18 extract_buf: pool_sig 00000095, data_sig ffffffed, bytes_mixed 20 c7371be6 f9ffea11
[    4.938521] random 0000 0000 0000 c7371be6 f9ffea11: urand_change_num 19 extract_buf: pool_sig 000003a7, data_sig fffffefa, bytes_mixed 20 c7371be6 f9ffea11
[    4.938526] random 0000 0000 0000 8fb4b62c d1ddba54: urand_change_num 20 extract_buf: pool_sig 00000179, data_sig ffffff78, bytes_mixed 20 8fb4b62c d1ddba54
[    4.938532] random 0000 0000 0000 9ff19f9c c07a1d2a: urand_change_num 21 extract_buf: pool_sig fffffe88, data_sig 00000126, bytes_mixed 20 9ff19f9c c07a1d2a
[    4.938536] TCP cubic registered
[    4.938623] Initializing XFRM netlink socket
[    4.938719] NET: Registered protocol family 17
[    4.938813] Using IPI Shortcut mode
[    4.938915] random 0000 0000 0000 9ff19f9c c07a1d2a: rand_read_num 5 get_random_bytes(8): sig 0000031b 9ff19f9c c07a1d2a
[    4.938918] random 0000 0000 0000 9ff19f9c c07a1d2a: extract_entropy(.. 8 ..)
[    4.938920] random 0000 0000 0000 9ff19f9c c07a1d2a: going to reseed nonblocking with 64 bits (64 of 0 requested)
[    4.938922] random 0000 0000 0000 9ff19f9c c07a1d2a: extract_entropy(.. 8 ..)
[    4.938924] random 0000 0000 0000 9ff19f9c c07a1d2a: trying to extract 64 bits from input
[    4.938926] random 0000 0000 0000 9ff19f9c c07a1d2a: debiting 0 entropy credits from input
[    4.938928] random 0000 0000 0000 9ff19f9c c07a1d2a: extract_entropy account returned: 0 
[    4.938931] random 0000 0000 0000 9ff19f9c c07a1d2a: urand_change_num 22 xfer_secondary_pool(8): pool_sig 0000031b, data_sig 00000000, bytes_mixed 0 9ff19f9c c07a1d2a
[    4.938934] random 0000 0000 0000 9ff19f9c c07a1d2a: trying to extract 64 bits from nonblocking
[    4.938936] random 0000 0000 0000 9ff19f9c c07a1d2a: debiting 64 entropy credits from nonblocking (unlimited)
[    4.938939] random 0000 0000 0000 9ff19f9c c07a1d2a: extract_entropy account returned: 8 
[    4.938942] random 0000 0000 0000 9ff19f9c c07a1d2a: urand_change_num 23 extract_buf: pool_sig 0000031b, data_sig ffffffb3, bytes_mixed 20 9ff19f9c c07a1d2a
[    4.941449] input: AT Translated Set 2 keyboard as /devices/platform/i8042/serio0/input/input1
[    5.129874] ata3: SATA link down (SStatus 0 SControl 300)
[    5.129986] ata1: SATA link up 1.5 Gbps (SStatus 113 SControl 300)
[    5.131675] ata1.00: ACPI cmd ef/02:00:00:00:00:a0 (SET FEATURES) succeeded
[    5.131678] ata1.00: ACPI cmd f5/00:00:00:00:00:a0 (SECURITY FREEZE LOCK) filtered out
[    5.133073] ata1.00: ACPI cmd ef/5f:00:00:00:00:a0 (SET FEATURES) succeeded
[    5.133076] ata1.00: ACPI cmd ef/10:03:00:00:00:a0 (SET FEATURES) filtered out
[    5.134984] ata1.00: ATA-7: ST910021AS, 4.06, max UDMA/100
[    5.135074] ata1.00: 195371568 sectors, multi 16: LBA48 
[    5.137222] ata1.00: ACPI cmd ef/02:00:00:00:00:a0 (SET FEATURES) succeeded
[    5.137225] ata1.00: ACPI cmd f5/00:00:00:00:00:a0 (SECURITY FREEZE LOCK) filtered out
[    5.138614] ata1.00: ACPI cmd ef/5f:00:00:00:00:a0 (SET FEATURES) succeeded
[    5.138617] ata1.00: ACPI cmd ef/10:03:00:00:00:a0 (SET FEATURES) filtered out
[    5.140540] ata1.00: configured for UDMA/100
[    5.150927] scsi 2:0:0:0: Direct-Access     ATA      ST910021AS       4.06 PQ: 0 ANSI: 5
[    5.151208] sd 2:0:0:0: [sda] 195371568 512-byte logical blocks: (100 GB/93.1 GiB)
[    5.151352] sd 2:0:0:0: [sda] Write Protect is off
[    5.151441] sd 2:0:0:0: [sda] Mode Sense: 00 3a 00 00
[    5.151453] sd 2:0:0:0: [sda] Write cache: enabled, read cache: enabled, doesn't support DPO or FUA
[    5.151646]  sda:
[    5.216862] usb 2-1: new high speed USB device using ehci_hcd and address 2
[    5.353275] usb 2-1: New USB device found, idVendor=0e8d, idProduct=1806
[    5.353367] usb 2-1: New USB device strings: Mfr=1, Product=2, SerialNumber=3
[    5.353458] usb 2-1: Product: MT1806 
[    5.353541] usb 2-1: Manufacturer: MediaTek Inc
[    5.353629] usb 2-1: SerialNumber: R8KN6GAC800AEB 
[    5.353768] usb 2-1: configuration #1 chosen from 1 choice
[    5.357442] scsi5 : SCSI emulation for USB Mass Storage devices
[    5.357618] usb-storage: device found at 2
[    5.357619] usb-storage: waiting for device to settle before scanning
[    5.549065]  sda1 sda2
[    5.549784] sd 2:0:0:0: [sda] Attached SCSI disk
[    5.549883] random 0000 0000 0000 277f73c3 42024bb9: rand_read_num 6 get_random_bytes(12): sig 000007e9 277f73c3 42024bb9
[    5.549885] random 0000 0000 0000 277f73c3 42024bb9: extract_entropy(.. 12 ..)
[    5.549888] random 0000 0000 0000 277f73c3 42024bb9: going to reseed nonblocking with 96 bits (96 of 0 requested)
[    5.549890] random 0000 0000 0000 277f73c3 42024bb9: extract_entropy(.. 12 ..)
[    5.549892] random 0000 0000 0000 277f73c3 42024bb9: trying to extract 96 bits from input
[    5.549894] random 0000 0000 0000 277f73c3 42024bb9: debiting 0 entropy credits from input
[    5.549896] random 0000 0000 0000 277f73c3 42024bb9: extract_entropy account returned: 0 
[    5.549899] random 0000 0000 0000 277f73c3 42024bb9: urand_change_num 24 xfer_secondary_pool(12): pool_sig 000007e9, data_sig 00000000, bytes_mixed 0 277f73c3 42024bb9
[    5.549902] random 0000 0000 0000 277f73c3 42024bb9: trying to extract 96 bits from nonblocking
[    5.549905] random 0000 0000 0000 277f73c3 42024bb9: debiting 96 entropy credits from nonblocking (unlimited)
[    5.549907] random 0000 0000 0000 277f73c3 42024bb9: extract_entropy account returned: 12 
[    5.549911] random 0000 0000 0000 277f73c3 42024bb9: urand_change_num 25 extract_buf: pool_sig 000007e9, data_sig 00000088, bytes_mixed 20 277f73c3 42024bb9
[    5.549916] random 0000 0000 0000 277f73c3 42024bb9: urand_change_num 26 extract_buf: pool_sig 00000498, data_sig fffffefb, bytes_mixed 20 277f73c3 42024bb9
[    5.549919] RANDOM - __seed init called.
[    5.549920] RANDOM - __seed init called.
[    5.549921] RANDOM - __seed init called.
[    5.549923] RANDOM - __random32 called. Change num 12.  Value: 87f14767	f0d7351	b1e48bd3
[    5.549924] RANDOM - random32_reseed called.  Value: 87f14767	f0d7351	b1e48bd3
[    5.549927] Pid: 1, comm: swapper Not tainted 2.6.32.57 #3
[    5.550021] Call Trace:
[    5.550112]  [<c1923ca4>] ? random32_reseed+0xa0/0xb1
[    5.550208]  [<c1923c04>] ? random32_reseed+0x0/0xb1
[    5.550303]  [<c100111e>] ? do_one_initcall+0x2e/0x180
[    5.550392]  [<c192ddfc>] ? scsi_tgt_init+0x0/0x90
[    5.550486]  [<c1907265>] ? kernel_init+0xad/0x103
[    5.550577]  [<c19071b8>] ? kernel_init+0x0/0x103
[    5.550669]  [<c1003787>] ? kernel_thread_helper+0x7/0x10
[    5.551213] random 0000 0000 0000 386b4e60 ee4d4880: rand_read_num 7 get_random_bytes(64): sig fffffea5 386b4e60 ee4d4880
[    5.551215] random 0000 0000 0000 386b4e60 ee4d4880: extract_entropy(.. 64 ..)
[    5.551217] random 0000 0000 0000 386b4e60 ee4d4880: going to reseed nonblocking with 512 bits (512 of 0 requested)
[    5.551220] random 0000 0000 0000 386b4e60 ee4d4880: extract_entropy(.. 64 ..)
[    5.551222] random 0000 0000 0000 386b4e60 ee4d4880: trying to extract 512 bits from input
[    5.551224] random 0000 0000 0000 386b4e60 ee4d4880: debiting 0 entropy credits from input
[    5.551226] random 0000 0000 0000 386b4e60 ee4d4880: extract_entropy account returned: 0 
[    5.551229] random 0000 0000 0000 386b4e60 ee4d4880: urand_change_num 27 xfer_secondary_pool(64): pool_sig fffffea5, data_sig 00000000, bytes_mixed 0 386b4e60 ee4d4880
[    5.551232] random 0000 0000 0000 386b4e60 ee4d4880: trying to extract 512 bits from nonblocking
[    5.551234] random 0000 0000 0000 386b4e60 ee4d4880: debiting 512 entropy credits from nonblocking (unlimited)
[    5.551236] random 0000 0000 0000 386b4e60 ee4d4880: extract_entropy account returned: 64 
[    5.551241] random 0000 0000 0000 386b4e60 ee4d4880: urand_change_num 28 extract_buf: pool_sig fffffea5, data_sig 00000173, bytes_mixed 20 386b4e60 ee4d4880
[    5.551246] random 0000 0000 0000 412698f6 0cc8689a: urand_change_num 29 extract_buf: pool_sig 00000122, data_sig ffffff63, bytes_mixed 20 412698f6 0cc8689a
[    5.551251] random 0000 0000 0000 412698f6 0cc8689a: urand_change_num 30 extract_buf: pool_sig 000001f7, data_sig 00000012, bytes_mixed 20 412698f6 0cc8689a
[    5.551257] random 0000 0000 0000 9669941e 06f768b1: urand_change_num 31 extract_buf: pool_sig fffffb5b, data_sig 0000003f, bytes_mixed 20 9669941e 06f768b1
[    5.551262] random 0000 0000 0000 98486520 995551f0: urand_change_num 32 extract_buf: pool_sig fffffb39, data_sig 0000000e, bytes_mixed 20 98486520 995551f0
[    5.551267] random 0000 0000 0000 98486520 995551f0: urand_change_num 33 extract_buf: pool_sig fffffd8d, data_sig 000001a6, bytes_mixed 20 98486520 995551f0
[    5.551272] random 0000 0000 0000 61fc8914 d5882ed2: urand_change_num 34 extract_buf: pool_sig fffffa58, data_sig 0000023e, bytes_mixed 20 61fc8914 d5882ed2
[    5.551301] random 0000 0000 0000 61fc8914 d5882ed2: rand_read_num 8 get_random_bytes(64): sig fffff9ee 61fc8914 d5882ed2
[    5.551303] random 0000 0000 0000 61fc8914 d5882ed2: extract_entropy(.. 64 ..)
[    5.551306] random 0000 0000 0000 61fc8914 d5882ed2: going to reseed nonblocking with 512 bits (512 of 0 requested)
[    5.551308] random 0000 0000 0000 61fc8914 d5882ed2: extract_entropy(.. 64 ..)
[    5.551310] random 0000 0000 0000 61fc8914 d5882ed2: trying to extract 512 bits from input
[    5.551312] random 0000 0000 0000 61fc8914 d5882ed2: debiting 0 entropy credits from input
[    5.551314] random 0000 0000 0000 61fc8914 d5882ed2: extract_entropy account returned: 0 
[    5.551317] random 0000 0000 0000 61fc8914 d5882ed2: urand_change_num 35 xfer_secondary_pool(64): pool_sig fffff9ee, data_sig 00000000, bytes_mixed 0 61fc8914 d5882ed2
[    5.551320] random 0000 0000 0000 61fc8914 d5882ed2: trying to extract 512 bits from nonblocking
[    5.551322] random 0000 0000 0000 61fc8914 d5882ed2: debiting 512 entropy credits from nonblocking (unlimited)
[    5.551324] random 0000 0000 0000 61fc8914 d5882ed2: extract_entropy account returned: 64 
[    5.551328] random 0000 0000 0000 61fc8914 d5882ed2: urand_change_num 36 extract_buf: pool_sig fffff9ee, data_sig ffffff85, bytes_mixed 20 61fc8914 d5882ed2
[    5.551333] random 0000 0000 0000 70cfd302 e5edec11: urand_change_num 37 extract_buf: pool_sig fffffdc1, data_sig ffffffde, bytes_mixed 20 70cfd302 e5edec11
[    5.551338] random 0000 0000 0000 00dab838 eafd2b30: urand_change_num 38 extract_buf: pool_sig 000003da, data_sig ffffff61, bytes_mixed 20 00dab838 eafd2b30
[    5.551344] random 0000 0000 0000 00dab838 eafd2b30: urand_change_num 39 extract_buf: pool_sig 00000314, data_sig 00000121, bytes_mixed 20 00dab838 eafd2b30
[    5.551349] random 0000 0000 0000 5fcdf66a 6442b608: urand_change_num 40 extract_buf: pool_sig 0000028b, data_sig fffffefd, bytes_mixed 20 5fcdf66a 6442b608
[    5.551354] random 0000 0000 0000 61333f6b 8fae0f9b: urand_change_num 41 extract_buf: pool_sig 000000cb, data_sig 000000b3, bytes_mixed 20 61333f6b 8fae0f9b
[    5.551359] random 0000 0000 0000 61333f6b 8fae0f9b: urand_change_num 42 extract_buf: pool_sig fffffef8, data_sig 00000051, bytes_mixed 20 61333f6b 8fae0f9b
[    5.551362] BEGIN NET_SECRET:
[    5.551363] \xffffffe0
[    5.551364] \xffffffb6
[    5.551365] \x36
[    5.551366] \xffffffb5
[    5.551366] \xffffff94
[    5.551367] \xffffffb2
[    5.551368] \xffffffa8
[    5.551369] \xffffffda
[    5.551370] \x5b
[    5.551371] \x19
[    5.551371] \x18
[    5.551372] \x5c
[    5.551373] \x2b
[    5.551373] \x1
[    5.551374] \xffffff90
[    5.551375] \x19
[    5.551376] \x3c
[    5.551376] \xfffffff2
[    5.551377] \xffffff82
[    5.551378] \x2a
[    5.551379] \xffffffb3
[    5.551380] \xffffffa2
[    5.551380] \x3f
[    5.551381] \x5
[    5.551382] \x52
[    5.551382] \x77
[    5.551383] \x57
[    5.551384] \x79
[    5.551385] \x16
[    5.551385] \x43
[    5.551386] \xffffff84
[    5.551387] \xffffffc3
[    5.551388] \xffffffe9
[    5.551388] \x79
[    5.551389] \x50
[    5.551390] \xffffff8e
[    5.551390] \x3f
[    5.551391] \xfffffff3
[    5.551392] \x19
[    5.551393] \x2a
[    5.551393] \xfffffffd
[    5.551394] \xfffffffb
[    5.551395] \x62
[    5.551396] \x3c
[    5.551396] \xffffffac
[    5.551397] \x1c
[    5.551398] \x3b
[    5.551399] \x3b
[    5.551399] \x15
[    5.551400] \x27
[    5.551401] \xffffffa8
[    5.551401] \x22
[    5.551402] \xffffffc5
[    5.551403] \xffffff9a
[    5.551404] \x5
[    5.551404] \x6c
[    5.551405] \xffffffa8
[    5.551406] \x3a
[    5.551407] \x44
[    5.551407] \xffffffaf
[    5.551408] \x13
[    5.551409] \xffffffe0
[    5.551410] \xffffff9d
[    5.551410] \x22
[    5.551411] 
[    5.551412] END NET_SECRET
[    5.551414] random 0000 0000 0000 e7f555d9 e8ce5c3c: rand_read_num 9 get_random_bytes(4): sig 0000068c e7f555d9 e8ce5c3c
[    5.551417] random 0000 0000 0000 e7f555d9 e8ce5c3c: extract_entropy(.. 4 ..)
[    5.551419] random 0000 0000 0000 e7f555d9 e8ce5c3c: going to reseed nonblocking with 64 bits (32 of 0 requested)
[    5.551421] random 0000 0000 0000 e7f555d9 e8ce5c3c: extract_entropy(.. 8 ..)
[    5.551423] random 0000 0000 0000 e7f555d9 e8ce5c3c: trying to extract 64 bits from input
[    5.551425] random 0000 0000 0000 e7f555d9 e8ce5c3c: debiting 0 entropy credits from input
[    5.551427] random 0000 0000 0000 e7f555d9 e8ce5c3c: extract_entropy account returned: 0 
[    5.551430] random 0000 0000 0000 e7f555d9 e8ce5c3c: urand_change_num 43 xfer_secondary_pool(4): pool_sig 0000068c, data_sig 00000000, bytes_mixed 0 e7f555d9 e8ce5c3c
[    5.551433] random 0000 0000 0000 e7f555d9 e8ce5c3c: trying to extract 32 bits from nonblocking
[    5.551435] random 0000 0000 0000 e7f555d9 e8ce5c3c: debiting 32 entropy credits from nonblocking (unlimited)
[    5.551437] random 0000 0000 0000 e7f555d9 e8ce5c3c: extract_entropy account returned: 4 
[    5.551441] random 0000 0000 0000 e7f555d9 e8ce5c3c: urand_change_num 44 extract_buf: pool_sig 0000068c, data_sig fffffdcb, bytes_mixed 20 e7f555d9 e8ce5c3c
[    5.551452] md: Waiting for all devices to be available before autodetect
[    5.551549] md: If you don't use raid, use raid=noautodetect
[    5.551714] md: Autodetecting RAID arrays.
[    5.551800] md: Scanned 0 and added 0 devices.
[    5.551894] md: autorun ...
[    5.551980] md: ... autorun DONE.
[    5.566512] EXT3-fs: sda2: couldn't mount because of unsupported optional features (240).
[    5.566737] EXT2-fs: sda2: couldn't mount because of unsupported optional features (240).
[    5.568025] random 0000 0000 0000 e7f555d9 e8ce5c3c: rand_read_num 10 get_random_bytes(4): sig ffffff72 e7f555d9 e8ce5c3c
[    5.568028] random 0000 0000 0000 e7f555d9 e8ce5c3c: extract_entropy(.. 4 ..)
[    5.568030] random 0000 0000 0000 e7f555d9 e8ce5c3c: going to reseed nonblocking with 64 bits (32 of 0 requested)
[    5.568032] random 0000 0000 0000 e7f555d9 e8ce5c3c: extract_entropy(.. 8 ..)
[    5.568034] random 0000 0000 0000 e7f555d9 e8ce5c3c: trying to extract 64 bits from input
[    5.568036] random 0000 0000 0000 e7f555d9 e8ce5c3c: debiting 0 entropy credits from input
[    5.568038] random 0000 0000 0000 e7f555d9 e8ce5c3c: extract_entropy account returned: 0 
[    5.568041] random 0000 0000 0000 e7f555d9 e8ce5c3c: urand_change_num 45 xfer_secondary_pool(4): pool_sig ffffff72, data_sig 00000000, bytes_mixed 0 e7f555d9 e8ce5c3c
[    5.568044] random 0000 0000 0000 e7f555d9 e8ce5c3c: trying to extract 32 bits from nonblocking
[    5.568047] random 0000 0000 0000 e7f555d9 e8ce5c3c: debiting 32 entropy credits from nonblocking (unlimited)
[    5.568049] random 0000 0000 0000 e7f555d9 e8ce5c3c: extract_entropy account returned: 4 
[    5.568053] random 0000 0000 0000 e7f555d9 e8ce5c3c: urand_change_num 46 extract_buf: pool_sig ffffff72, data_sig ffffff72, bytes_mixed 20 e7f555d9 e8ce5c3c
[    5.603174] EXT4-fs (sda2): mounted filesystem with ordered data mode
[    5.603382] VFS: Mounted root (ext4 filesystem) readonly on device 8:2.
[    5.603488] Freeing unused kernel memory: 448k freed
[    5.673823] random 0000 0000 0000 91716c54 eeb6a1e7: rand_read_num 11 get_random_bytes(16): sig fffffcad 91716c54 eeb6a1e7
[    5.673826] random 0000 0000 0000 91716c54 eeb6a1e7: extract_entropy(.. 16 ..)
[    5.673829] random 0000 0000 0000 91716c54 eeb6a1e7: going to reseed nonblocking with 128 bits (128 of 0 requested)
[    5.673831] random 0000 0000 0000 91716c54 eeb6a1e7: extract_entropy(.. 16 ..)
[    5.673833] random 0000 0000 0000 91716c54 eeb6a1e7: trying to extract 128 bits from input
[    5.673835] random 0000 0000 0000 91716c54 eeb6a1e7: debiting 0 entropy credits from input
[    5.673837] random 0000 0000 0000 91716c54 eeb6a1e7: extract_entropy account returned: 0 
[    5.673840] random 0000 0000 0000 91716c54 eeb6a1e7: urand_change_num 47 xfer_secondary_pool(16): pool_sig fffffcad, data_sig 00000000, bytes_mixed 0 91716c54 eeb6a1e7
[    5.673843] random 0000 0000 0000 91716c54 eeb6a1e7: trying to extract 128 bits from nonblocking
[    5.673845] random 0000 0000 0000 91716c54 eeb6a1e7: debiting 128 entropy credits from nonblocking (unlimited)
[    5.673847] random 0000 0000 0000 91716c54 eeb6a1e7: extract_entropy account returned: 16 
[    5.673851] random 0000 0000 0000 91716c54 eeb6a1e7: urand_change_num 48 extract_buf: pool_sig fffffcad, data_sig ffffff19, bytes_mixed 20 91716c54 eeb6a1e7
[    5.673860] random 0000 0000 0000 fd637b06 6cf47bc1: urand_change_num 49 extract_buf: pool_sig fffffede, data_sig ffffffc1, bytes_mixed 20 fd637b06 6cf47bc1
[    5.752257] random 0000 0000 0000 fd637b06 6cf47bc1: rand_read_num 12 get_random_bytes(16): sig 0000033b fd637b06 6cf47bc1
[    5.752260] random 0000 0000 0000 fd637b06 6cf47bc1: extract_entropy(.. 16 ..)
[    5.752262] random 0000 0000 0000 fd637b06 6cf47bc1: going to reseed nonblocking with 128 bits (128 of 0 requested)
[    5.752265] random 0000 0000 0000 fd637b06 6cf47bc1: extract_entropy(.. 16 ..)
[    5.752267] random 0000 0000 0000 fd637b06 6cf47bc1: trying to extract 128 bits from input
[    5.752269] random 0000 0000 0000 fd637b06 6cf47bc1: debiting 0 entropy credits from input
[    5.752271] random 0000 0000 0000 fd637b06 6cf47bc1: extract_entropy account returned: 0 
[    5.752274] random 0000 0000 0000 fd637b06 6cf47bc1: urand_change_num 50 xfer_secondary_pool(16): pool_sig 0000033b, data_sig 00000000, bytes_mixed 0 fd637b06 6cf47bc1
[    5.752277] random 0000 0000 0000 fd637b06 6cf47bc1: trying to extract 128 bits from nonblocking
[    5.752279] random 0000 0000 0000 fd637b06 6cf47bc1: debiting 128 entropy credits from nonblocking (unlimited)
[    5.752281] random 0000 0000 0000 fd637b06 6cf47bc1: extract_entropy account returned: 16 
[    5.752285] random 0000 0000 0000 fd637b06 6cf47bc1: urand_change_num 51 extract_buf: pool_sig 0000033b, data_sig 000000d8, bytes_mixed 20 fd637b06 6cf47bc1
[    5.752291] random 0000 0000 0000 0ec1f012 d4727ca8: urand_change_num 52 extract_buf: pool_sig fffffcf5, data_sig 00000016, bytes_mixed 20 0ec1f012 d4727ca8
[    6.126199] random 0000 0000 0000 45b1d0b1 845a73f7: rand_read_num 13 get_random_bytes(16): sig 00000116 45b1d0b1 845a73f7
[    6.126202] random 0000 0000 0000 45b1d0b1 845a73f7: extract_entropy(.. 16 ..)
[    6.126204] random 0000 0000 0000 45b1d0b1 845a73f7: going to reseed nonblocking with 128 bits (128 of 0 requested)
[    6.126207] random 0000 0000 0000 45b1d0b1 845a73f7: extract_entropy(.. 16 ..)
[    6.126209] random 0000 0000 0000 45b1d0b1 845a73f7: trying to extract 128 bits from input
[    6.126211] random 0000 0000 0000 45b1d0b1 845a73f7: debiting 0 entropy credits from input
[    6.126213] random 0000 0000 0000 45b1d0b1 845a73f7: extract_entropy account returned: 0 
[    6.126216] random 0000 0000 0000 45b1d0b1 845a73f7: urand_change_num 53 xfer_secondary_pool(16): pool_sig 00000116, data_sig 00000000, bytes_mixed 0 45b1d0b1 845a73f7
[    6.126219] random 0000 0000 0000 45b1d0b1 845a73f7: trying to extract 128 bits from nonblocking
[    6.126221] random 0000 0000 0000 45b1d0b1 845a73f7: debiting 128 entropy credits from nonblocking (unlimited)
[    6.126224] random 0000 0000 0000 45b1d0b1 845a73f7: extract_entropy account returned: 16 
[    6.126228] random 0000 0000 0000 45b1d0b1 845a73f7: urand_change_num 54 extract_buf: pool_sig 00000116, data_sig fffffd8b, bytes_mixed 20 45b1d0b1 845a73f7
[    6.126233] random 0000 0000 0000 45b1d0b1 845a73f7: urand_change_num 55 extract_buf: pool_sig fffffc05, data_sig 00000109, bytes_mixed 20 45b1d0b1 845a73f7
[    6.141960] ieee1394: Host added: ID:BUS[0-00:1023]  GUID[00061b032a25f51c]
[    6.178703] random 0000 0000 0000 5012cce3 b8a30621: rand_read_num 14 get_random_bytes(16): sig fffffb93 5012cce3 b8a30621
[    6.178706] random 0000 0000 0000 5012cce3 b8a30621: extract_entropy(.. 16 ..)
[    6.178708] random 0000 0000 0000 5012cce3 b8a30621: going to reseed nonblocking with 128 bits (128 of 0 requested)
[    6.178711] random 0000 0000 0000 5012cce3 b8a30621: extract_entropy(.. 16 ..)
[    6.178713] random 0000 0000 0000 5012cce3 b8a30621: trying to extract 128 bits from input
[    6.178715] random 0000 0000 0000 5012cce3 b8a30621: debiting 0 entropy credits from input
[    6.178717] random 0000 0000 0000 5012cce3 b8a30621: extract_entropy account returned: 0 
[    6.178720] random 0000 0000 0000 5012cce3 b8a30621: urand_change_num 56 xfer_secondary_pool(16): pool_sig fffffb93, data_sig 00000000, bytes_mixed 0 5012cce3 b8a30621
[    6.178723] random 0000 0000 0000 5012cce3 b8a30621: trying to extract 128 bits from nonblocking
[    6.178725] random 0000 0000 0000 5012cce3 b8a30621: debiting 128 entropy credits from nonblocking (unlimited)
[    6.178727] random 0000 0000 0000 5012cce3 b8a30621: extract_entropy account returned: 16 
[    6.178731] random 0000 0000 0000 5012cce3 b8a30621: urand_change_num 57 extract_buf: pool_sig fffffb93, data_sig ffffff35, bytes_mixed 20 5012cce3 b8a30621
[    6.178737] random 0000 0000 0000 5012cce3 b8a30621: urand_change_num 58 extract_buf: pool_sig fffffb9d, data_sig ffffff92, bytes_mixed 20 5012cce3 b8a30621
[    6.180098] random 0000 0000 0000 30a5721d 4b648ff6: rand_read_num 15 get_random_bytes(16): sig fffffeb5 30a5721d 4b648ff6
[    6.180101] random 0000 0000 0000 30a5721d 4b648ff6: extract_entropy(.. 16 ..)
[    6.180104] random 0000 0000 0000 30a5721d 4b648ff6: going to reseed nonblocking with 128 bits (128 of 0 requested)
[    6.180106] random 0000 0000 0000 30a5721d 4b648ff6: extract_entropy(.. 16 ..)
[    6.180108] random 0000 0000 0000 30a5721d 4b648ff6: trying to extract 128 bits from input
[    6.180110] random 0000 0000 0000 30a5721d 4b648ff6: debiting 0 entropy credits from input
[    6.180112] random 0000 0000 0000 30a5721d 4b648ff6: extract_entropy account returned: 0 
[    6.180115] random 0000 0000 0000 30a5721d 4b648ff6: urand_change_num 59 xfer_secondary_pool(16): pool_sig fffffeb5, data_sig 00000000, bytes_mixed 0 30a5721d 4b648ff6
[    6.180118] random 0000 0000 0000 30a5721d 4b648ff6: trying to extract 128 bits from nonblocking
[    6.180121] random 0000 0000 0000 30a5721d 4b648ff6: debiting 128 entropy credits from nonblocking (unlimited)
[    6.180123] random 0000 0000 0000 30a5721d 4b648ff6: extract_entropy account returned: 16 
[    6.180127] random 0000 0000 0000 30a5721d 4b648ff6: urand_change_num 60 extract_buf: pool_sig fffffeb5, data_sig 000000c2, bytes_mixed 20 30a5721d 4b648ff6
[    6.180132] random 0000 0000 0000 89bae1ab 704c432f: urand_change_num 61 extract_buf: pool_sig 0000006e, data_sig fffffefc, bytes_mixed 20 89bae1ab 704c432f
[    6.180679] random 0000 0000 0000 89bae1ab 704c432f: rand_read_num 16 get_random_bytes(16): sig fffffd99 89bae1ab 704c432f
[    6.180682] random 0000 0000 0000 89bae1ab 704c432f: extract_entropy(.. 16 ..)
[    6.180685] random 0000 0000 0000 89bae1ab 704c432f: going to reseed nonblocking with 128 bits (128 of 0 requested)
[    6.180687] random 0000 0000 0000 89bae1ab 704c432f: extract_entropy(.. 16 ..)
[    6.180689] random 0000 0000 0000 89bae1ab 704c432f: trying to extract 128 bits from input
[    6.180691] random 0000 0000 0000 89bae1ab 704c432f: debiting 0 entropy credits from input
[    6.180693] random 0000 0000 0000 89bae1ab 704c432f: extract_entropy account returned: 0 
[    6.180696] random 0000 0000 0000 89bae1ab 704c432f: urand_change_num 62 xfer_secondary_pool(16): pool_sig fffffd99, data_sig 00000000, bytes_mixed 0 89bae1ab 704c432f
[    6.180699] random 0000 0000 0000 89bae1ab 704c432f: trying to extract 128 bits from nonblocking
[    6.180701] random 0000 0000 0000 89bae1ab 704c432f: debiting 128 entropy credits from nonblocking (unlimited)
[    6.180703] random 0000 0000 0000 89bae1ab 704c432f: extract_entropy account returned: 16 
[    6.180708] random 0000 0000 0000 89bae1ab 704c432f: urand_change_num 63 extract_buf: pool_sig fffffd99, data_sig 00000204, bytes_mixed 20 89bae1ab 704c432f
[    6.180713] random 0000 0000 0000 6c298a02 2b1539f8: urand_change_num 64 extract_buf: pool_sig 00000124, data_sig fffffff5, bytes_mixed 20 6c298a02 2b1539f8
[    6.181618] random 0000 0000 0000 c77b8b35 70f6cab5: rand_read_num 17 get_random_bytes(16): sig 0000036b c77b8b35 70f6cab5
[    6.181621] random 0000 0000 0000 c77b8b35 70f6cab5: extract_entropy(.. 16 ..)
[    6.181623] random 0000 0000 0000 c77b8b35 70f6cab5: going to reseed nonblocking with 128 bits (128 of 0 requested)
[    6.181626] random 0000 0000 0000 c77b8b35 70f6cab5: extract_entropy(.. 16 ..)
[    6.181628] random 0000 0000 0000 c77b8b35 70f6cab5: trying to extract 128 bits from input
[    6.181630] random 0000 0000 0000 c77b8b35 70f6cab5: debiting 0 entropy credits from input
[    6.181632] random 0000 0000 0000 c77b8b35 70f6cab5: extract_entropy account returned: 0 
[    6.181635] random 0000 0000 0000 c77b8b35 70f6cab5: urand_change_num 65 xfer_secondary_pool(16): pool_sig 0000036b, data_sig 00000000, bytes_mixed 0 c77b8b35 70f6cab5
[    6.181638] random 0000 0000 0000 c77b8b35 70f6cab5: trying to extract 128 bits from nonblocking
[    6.181640] random 0000 0000 0000 c77b8b35 70f6cab5: debiting 128 entropy credits from nonblocking (unlimited)
[    6.181642] random 0000 0000 0000 c77b8b35 70f6cab5: extract_entropy account returned: 16 
[    6.181647] random 0000 0000 0000 c77b8b35 70f6cab5: urand_change_num 66 extract_buf: pool_sig 0000036b, data_sig 0000005f, bytes_mixed 20 c77b8b35 70f6cab5
[    6.181652] random 0000 0000 0000 c77b8b35 70f6cab5: urand_change_num 67 extract_buf: pool_sig ffffff1c, data_sig 0000005a, bytes_mixed 20 c77b8b35 70f6cab5
[    6.182245] random 0000 0000 0000 af21d212 57d20ca3: rand_read_num 18 get_random_bytes(16): sig fffffb7f af21d212 57d20ca3
[    6.182248] random 0000 0000 0000 af21d212 57d20ca3: extract_entropy(.. 16 ..)
[    6.182251] random 0000 0000 0000 af21d212 57d20ca3: going to reseed nonblocking with 128 bits (128 of 0 requested)
[    6.182253] random 0000 0000 0000 af21d212 57d20ca3: extract_entropy(.. 16 ..)
[    6.182255] random 0000 0000 0000 af21d212 57d20ca3: trying to extract 128 bits from input
[    6.182257] random 0000 0000 0000 af21d212 57d20ca3: debiting 0 entropy credits from input
[    6.182259] random 0000 0000 0000 af21d212 57d20ca3: extract_entropy account returned: 0 
[    6.182262] random 0000 0000 0000 af21d212 57d20ca3: urand_change_num 68 xfer_secondary_pool(16): pool_sig fffffb7f, data_sig 00000000, bytes_mixed 0 af21d212 57d20ca3
[    6.182265] random 0000 0000 0000 af21d212 57d20ca3: trying to extract 128 bits from nonblocking
[    6.182268] random 0000 0000 0000 af21d212 57d20ca3: debiting 128 entropy credits from nonblocking (unlimited)
[    6.182270] random 0000 0000 0000 af21d212 57d20ca3: extract_entropy account returned: 16 
[    6.182274] random 0000 0000 0000 af21d212 57d20ca3: urand_change_num 69 extract_buf: pool_sig fffffb7f, data_sig ffffff88, bytes_mixed 20 af21d212 57d20ca3
[    6.182279] random 0000 0000 0000 af21d212 57d20ca3: urand_change_num 70 extract_buf: pool_sig fffffe1d, data_sig ffffff17, bytes_mixed 20 af21d212 57d20ca3
[    6.182870] random 0000 0000 0000 ffbd26fd 21933274: rand_read_num 19 get_random_bytes(16): sig ffffffc7 ffbd26fd 21933274
[    6.182873] random 0000 0000 0000 ffbd26fd 21933274: extract_entropy(.. 16 ..)
[    6.182875] random 0000 0000 0000 ffbd26fd 21933274: going to reseed nonblocking with 128 bits (128 of 0 requested)
[    6.182878] random 0000 0000 0000 ffbd26fd 21933274: extract_entropy(.. 16 ..)
[    6.182880] random 0000 0000 0000 ffbd26fd 21933274: trying to extract 128 bits from input
[    6.182882] random 0000 0000 0000 ffbd26fd 21933274: debiting 0 entropy credits from input
[    6.182884] random 0000 0000 0000 ffbd26fd 21933274: extract_entropy account returned: 0 
[    6.182887] random 0000 0000 0000 ffbd26fd 21933274: urand_change_num 71 xfer_secondary_pool(16): pool_sig ffffffc7, data_sig 00000000, bytes_mixed 0 ffbd26fd 21933274
[    6.182890] random 0000 0000 0000 ffbd26fd 21933274: trying to extract 128 bits from nonblocking
[    6.182892] random 0000 0000 0000 ffbd26fd 21933274: debiting 128 entropy credits from nonblocking (unlimited)
[    6.182894] random 0000 0000 0000 ffbd26fd 21933274: extract_entropy account returned: 16 
[    6.182898] random 0000 0000 0000 ffbd26fd 21933274: urand_change_num 72 extract_buf: pool_sig ffffffc7, data_sig 0000013b, bytes_mixed 20 ffbd26fd 21933274
[    6.182904] random 0000 0000 0000 151530a2 56c65dd3: urand_change_num 73 extract_buf: pool_sig ffffffbf, data_sig 00000036, bytes_mixed 20 151530a2 56c65dd3
[    6.183451] random 0000 0000 0000 151530a2 56c65dd3: rand_read_num 20 get_random_bytes(16): sig 000001a7 151530a2 56c65dd3
[    6.183454] random 0000 0000 0000 151530a2 56c65dd3: extract_entropy(.. 16 ..)
[    6.183456] random 0000 0000 0000 151530a2 56c65dd3: going to reseed nonblocking with 128 bits (128 of 0 requested)
[    6.183459] random 0000 0000 0000 151530a2 56c65dd3: extract_entropy(.. 16 ..)
[    6.183461] random 0000 0000 0000 151530a2 56c65dd3: trying to extract 128 bits from input
[    6.183463] random 0000 0000 0000 151530a2 56c65dd3: debiting 0 entropy credits from input
[    6.183465] random 0000 0000 0000 151530a2 56c65dd3: extract_entropy account returned: 0 
[    6.183468] random 0000 0000 0000 151530a2 56c65dd3: urand_change_num 74 xfer_secondary_pool(16): pool_sig 000001a7, data_sig 00000000, bytes_mixed 0 151530a2 56c65dd3
[    6.183471] random 0000 0000 0000 151530a2 56c65dd3: trying to extract 128 bits from nonblocking
[    6.183473] random 0000 0000 0000 151530a2 56c65dd3: debiting 128 entropy credits from nonblocking (unlimited)
[    6.183475] random 0000 0000 0000 151530a2 56c65dd3: extract_entropy account returned: 16 
[    6.183479] random 0000 0000 0000 151530a2 56c65dd3: urand_change_num 75 extract_buf: pool_sig 000001a7, data_sig ffffffa1, bytes_mixed 20 151530a2 56c65dd3
[    6.183485] random 0000 0000 0000 5d3e132e d9a77eb3: urand_change_num 76 extract_buf: pool_sig fffffcc9, data_sig 00000013, bytes_mixed 20 5d3e132e d9a77eb3
[    6.234512] random 0000 0000 0000 264837ad 0a28fef5: rand_read_num 21 get_random_bytes(16): sig ffffffd0 264837ad 0a28fef5
[    6.234515] random 0000 0000 0000 264837ad 0a28fef5: extract_entropy(.. 16 ..)
[    6.234518] random 0000 0000 0000 264837ad 0a28fef5: going to reseed nonblocking with 128 bits (128 of 0 requested)
[    6.234521] random 0000 0000 0000 264837ad 0a28fef5: extract_entropy(.. 16 ..)
[    6.234523] random 0000 0000 0000 264837ad 0a28fef5: trying to extract 128 bits from input
[    6.234525] random 0000 0000 0000 264837ad 0a28fef5: debiting 0 entropy credits from input
[    6.234527] random 0000 0000 0000 264837ad 0a28fef5: extract_entropy account returned: 0 
[    6.234530] random 0000 0000 0000 264837ad 0a28fef5: urand_change_num 77 xfer_secondary_pool(16): pool_sig ffffffd0, data_sig 00000000, bytes_mixed 0 264837ad 0a28fef5
[    6.234533] random 0000 0000 0000 264837ad 0a28fef5: trying to extract 128 bits from nonblocking
[    6.234536] random 0000 0000 0000 264837ad 0a28fef5: debiting 128 entropy credits from nonblocking (unlimited)
[    6.234538] random 0000 0000 0000 264837ad 0a28fef5: extract_entropy account returned: 16 
[    6.234542] random 0000 0000 0000 264837ad 0a28fef5: urand_change_num 78 extract_buf: pool_sig ffffffd0, data_sig 0000017b, bytes_mixed 20 264837ad 0a28fef5
[    6.234547] random 0000 0000 0000 264837ad 0a28fef5: urand_change_num 79 extract_buf: pool_sig 0000045c, data_sig 000001df, bytes_mixed 20 264837ad 0a28fef5
[    6.236008] random 0000 0000 0000 f37f7344 164aede0: rand_read_num 22 get_random_bytes(16): sig 000003c2 f37f7344 164aede0
[    6.236010] random 0000 0000 0000 f37f7344 164aede0: extract_entropy(.. 16 ..)
[    6.236013] random 0000 0000 0000 f37f7344 164aede0: going to reseed nonblocking with 128 bits (128 of 0 requested)
[    6.236015] random 0000 0000 0000 f37f7344 164aede0: extract_entropy(.. 16 ..)
[    6.236017] random 0000 0000 0000 f37f7344 164aede0: trying to extract 128 bits from input
[    6.236020] random 0000 0000 0000 f37f7344 164aede0: debiting 0 entropy credits from input
[    6.236022] random 0000 0000 0000 f37f7344 164aede0: extract_entropy account returned: 0 
[    6.236025] random 0000 0000 0000 f37f7344 164aede0: urand_change_num 80 xfer_secondary_pool(16): pool_sig 000003c2, data_sig 00000000, bytes_mixed 0 f37f7344 164aede0
[    6.236028] random 0000 0000 0000 f37f7344 164aede0: trying to extract 128 bits from nonblocking
[    6.236030] random 0000 0000 0000 f37f7344 164aede0: debiting 128 entropy credits from nonblocking (unlimited)
[    6.236032] random 0000 0000 0000 f37f7344 164aede0: extract_entropy account returned: 16 
[    6.236036] random 0000 0000 0000 f37f7344 164aede0: urand_change_num 81 extract_buf: pool_sig 000003c2, data_sig ffffff6c, bytes_mixed 20 f37f7344 164aede0
[    6.236042] random 0000 0000 0000 f37f7344 164aede0: urand_change_num 82 extract_buf: pool_sig fffffdfc, data_sig 00000091, bytes_mixed 20 f37f7344 164aede0
[    6.258819] random 0000 0000 0000 a4794863 878070c1: rand_read_num 23 get_random_bytes(16): sig 0000011b a4794863 878070c1
[    6.258822] random 0000 0000 0000 a4794863 878070c1: extract_entropy(.. 16 ..)
[    6.258824] random 0000 0000 0000 a4794863 878070c1: going to reseed nonblocking with 128 bits (128 of 0 requested)
[    6.258827] random 0000 0000 0000 a4794863 878070c1: extract_entropy(.. 16 ..)
[    6.258829] random 0000 0000 0000 a4794863 878070c1: trying to extract 128 bits from input
[    6.258831] random 0000 0000 0000 a4794863 878070c1: debiting 0 entropy credits from input
[    6.258833] random 0000 0000 0000 a4794863 878070c1: extract_entropy account returned: 0 
[    6.258836] random 0000 0000 0000 a4794863 878070c1: urand_change_num 83 xfer_secondary_pool(16): pool_sig 0000011b, data_sig 00000000, bytes_mixed 0 a4794863 878070c1
[    6.258839] random 0000 0000 0000 a4794863 878070c1: trying to extract 128 bits from nonblocking
[    6.258841] random 0000 0000 0000 a4794863 878070c1: debiting 128 entropy credits from nonblocking (unlimited)
[    6.258843] random 0000 0000 0000 a4794863 878070c1: extract_entropy account returned: 16 
[    6.258848] random 0000 0000 0000 a4794863 878070c1: urand_change_num 84 extract_buf: pool_sig 0000011b, data_sig ffffff51, bytes_mixed 20 a4794863 878070c1
[    6.258853] random 0000 0000 0000 737f19b4 9417d8ab: urand_change_num 85 extract_buf: pool_sig 000001a3, data_sig 0000006c, bytes_mixed 20 737f19b4 9417d8ab
[    6.262908] random 0000 0000 0000 737f19b4 9417d8ab: rand_read_num 24 get_random_bytes(16): sig fffffe22 737f19b4 9417d8ab
[    6.262911] random 0000 0000 0000 737f19b4 9417d8ab: extract_entropy(.. 16 ..)
[    6.262913] random 0000 0000 0000 737f19b4 9417d8ab: going to reseed nonblocking with 128 bits (128 of 0 requested)
[    6.262916] random 0000 0000 0000 737f19b4 9417d8ab: extract_entropy(.. 16 ..)
[    6.262918] random 0000 0000 0000 737f19b4 9417d8ab: trying to extract 128 bits from input
[    6.262920] random 0000 0000 0000 737f19b4 9417d8ab: debiting 0 entropy credits from input
[    6.262922] random 0000 0000 0000 737f19b4 9417d8ab: extract_entropy account returned: 0 
[    6.262925] random 0000 0000 0000 737f19b4 9417d8ab: urand_change_num 86 xfer_secondary_pool(16): pool_sig fffffe22, data_sig 00000000, bytes_mixed 0 737f19b4 9417d8ab
[    6.262928] random 0000 0000 0000 737f19b4 9417d8ab: trying to extract 128 bits from nonblocking
[    6.262930] random 0000 0000 0000 737f19b4 9417d8ab: debiting 128 entropy credits from nonblocking (unlimited)
[    6.262932] random 0000 0000 0000 737f19b4 9417d8ab: extract_entropy account returned: 16 
[    6.262936] random 0000 0000 0000 737f19b4 9417d8ab: urand_change_num 87 extract_buf: pool_sig fffffe22, data_sig 00000230, bytes_mixed 20 737f19b4 9417d8ab
[    6.262942] random 0000 0000 0000 4deb0d06 1236af4c: urand_change_num 88 extract_buf: pool_sig 000000b6, data_sig ffffff44, bytes_mixed 20 4deb0d06 1236af4c
[    6.263939] random 0000 0000 0000 b538fadc 4a7613df: rand_read_num 25 get_random_bytes(16): sig 0000013c b538fadc 4a7613df
[    6.263942] random 0000 0000 0000 b538fadc 4a7613df: extract_entropy(.. 16 ..)
[    6.263944] random 0000 0000 0000 b538fadc 4a7613df: going to reseed nonblocking with 128 bits (128 of 0 requested)
[    6.263947] random 0000 0000 0000 b538fadc 4a7613df: extract_entropy(.. 16 ..)
[    6.263949] random 0000 0000 0000 b538fadc 4a7613df: trying to extract 128 bits from input
[    6.263951] random 0000 0000 0000 b538fadc 4a7613df: debiting 0 entropy credits from input
[    6.263953] random 0000 0000 0000 b538fadc 4a7613df: extract_entropy account returned: 0 
[    6.263956] random 0000 0000 0000 b538fadc 4a7613df: urand_change_num 89 xfer_secondary_pool(16): pool_sig 0000013c, data_sig 00000000, bytes_mixed 0 b538fadc 4a7613df
[    6.263959] random 0000 0000 0000 b538fadc 4a7613df: trying to extract 128 bits from nonblocking
[    6.263961] random 0000 0000 0000 b538fadc 4a7613df: debiting 128 entropy credits from nonblocking (unlimited)
[    6.263964] random 0000 0000 0000 b538fadc 4a7613df: extract_entropy account returned: 16 
[    6.263968] random 0000 0000 0000 b538fadc 4a7613df: urand_change_num 90 extract_buf: pool_sig 0000013c, data_sig 00000015, bytes_mixed 20 b538fadc 4a7613df
[    6.263973] random 0000 0000 0000 b538fadc 4a7613df: urand_change_num 91 extract_buf: pool_sig 00000452, data_sig 0000002b, bytes_mixed 20 b538fadc 4a7613df
[    6.264421] random 0000 0000 0000 73b17df4 93bb370e: rand_read_num 26 get_random_bytes(16): sig fffffbf1 73b17df4 93bb370e
[    6.264424] random 0000 0000 0000 73b17df4 93bb370e: extract_entropy(.. 16 ..)
[    6.264427] random 0000 0000 0000 73b17df4 93bb370e: going to reseed nonblocking with 128 bits (128 of 0 requested)
[    6.264429] random 0000 0000 0000 73b17df4 93bb370e: extract_entropy(.. 16 ..)
[    6.264431] random 0000 0000 0000 73b17df4 93bb370e: trying to extract 128 bits from input
[    6.264433] random 0000 0000 0000 73b17df4 93bb370e: debiting 0 entropy credits from input
[    6.264435] random 0000 0000 0000 73b17df4 93bb370e: extract_entropy account returned: 0 
[    6.264438] random 0000 0000 0000 73b17df4 93bb370e: urand_change_num 92 xfer_secondary_pool(16): pool_sig fffffbf1, data_sig 00000000, bytes_mixed 0 73b17df4 93bb370e
[    6.264441] random 0000 0000 0000 73b17df4 93bb370e: trying to extract 128 bits from nonblocking
[    6.264443] random 0000 0000 0000 73b17df4 93bb370e: debiting 128 entropy credits from nonblocking (unlimited)
[    6.264446] random 0000 0000 0000 73b17df4 93bb370e: extract_entropy account returned: 16 
[    6.264450] random 0000 0000 0000 73b17df4 93bb370e: urand_change_num 93 extract_buf: pool_sig fffffbf1, data_sig ffffff99, bytes_mixed 20 73b17df4 93bb370e
[    6.264455] random 0000 0000 0000 73b17df4 93bb370e: urand_change_num 94 extract_buf: pool_sig fffffe1d, data_sig 000000b0, bytes_mixed 20 73b17df4 93bb370e
[    6.264866] random 0000 0000 0000 0cd682bb ba04da9f: rand_read_num 27 get_random_bytes(16): sig fffffccb 0cd682bb ba04da9f
[    6.264869] random 0000 0000 0000 0cd682bb ba04da9f: extract_entropy(.. 16 ..)
[    6.264871] random 0000 0000 0000 0cd682bb ba04da9f: going to reseed nonblocking with 128 bits (128 of 0 requested)
[    6.264874] random 0000 0000 0000 0cd682bb ba04da9f: extract_entropy(.. 16 ..)
[    6.264876] random 0000 0000 0000 0cd682bb ba04da9f: trying to extract 128 bits from input
[    6.264878] random 0000 0000 0000 0cd682bb ba04da9f: debiting 0 entropy credits from input
[    6.264880] random 0000 0000 0000 0cd682bb ba04da9f: extract_entropy account returned: 0 
[    6.264883] random 0000 0000 0000 0cd682bb ba04da9f: urand_change_num 95 xfer_secondary_pool(16): pool_sig fffffccb, data_sig 00000000, bytes_mixed 0 0cd682bb ba04da9f
[    6.264886] random 0000 0000 0000 0cd682bb ba04da9f: trying to extract 128 bits from nonblocking
[    6.264889] random 0000 0000 0000 0cd682bb ba04da9f: debiting 128 entropy credits from nonblocking (unlimited)
[    6.264891] random 0000 0000 0000 0cd682bb ba04da9f: extract_entropy account returned: 16 
[    6.264895] random 0000 0000 0000 0cd682bb ba04da9f: urand_change_num 96 extract_buf: pool_sig fffffccb, data_sig fffffec5, bytes_mixed 20 0cd682bb ba04da9f
[    6.264900] random 0000 0000 0000 26929f1a 15254dc1: urand_change_num 97 extract_buf: pool_sig fffffed2, data_sig ffffffb1, bytes_mixed 20 26929f1a 15254dc1
[    6.265769] random 0000 0000 0000 26929f1a 15254dc1: rand_read_num 28 get_random_bytes(16): sig 00000038 26929f1a 15254dc1
[    6.265772] random 0000 0000 0000 26929f1a 15254dc1: extract_entropy(.. 16 ..)
[    6.265774] random 0000 0000 0000 26929f1a 15254dc1: going to reseed nonblocking with 128 bits (128 of 0 requested)
[    6.265777] random 0000 0000 0000 26929f1a 15254dc1: extract_entropy(.. 16 ..)
[    6.265779] random 0000 0000 0000 26929f1a 15254dc1: trying to extract 128 bits from input
[    6.265781] random 0000 0000 0000 26929f1a 15254dc1: debiting 0 entropy credits from input
[    6.265783] random 0000 0000 0000 26929f1a 15254dc1: extract_entropy account returned: 0 
[    6.265786] random 0000 0000 0000 26929f1a 15254dc1: urand_change_num 98 xfer_secondary_pool(16): pool_sig 00000038, data_sig 00000000, bytes_mixed 0 26929f1a 15254dc1
[    6.265789] random 0000 0000 0000 26929f1a 15254dc1: trying to extract 128 bits from nonblocking
[    6.265791] random 0000 0000 0000 26929f1a 15254dc1: debiting 128 entropy credits from nonblocking (unlimited)
[    6.265793] random 0000 0000 0000 26929f1a 15254dc1: extract_entropy account returned: 16 
[    6.265798] random 0000 0000 0000 26929f1a 15254dc1: urand_change_num 99 extract_buf: pool_sig 00000038, data_sig 000000fd, bytes_mixed 20 26929f1a 15254dc1
[    6.265803] random 0000 0000 0000 8116fe3b 478c2d5b: urand_change_num 100 extract_buf: pool_sig 00000059, data_sig 00000310, bytes_mixed 20 8116fe3b 478c2d5b
[    6.272452] random 0000 0000 0000 a20f4a3a 32a6b2fa: rand_read_num 29 get_random_bytes(16): sig 000002c0 a20f4a3a 32a6b2fa
[    6.272455] random 0000 0000 0000 a20f4a3a 32a6b2fa: extract_entropy(.. 16 ..)
[    6.272458] random 0000 0000 0000 a20f4a3a 32a6b2fa: going to reseed nonblocking with 128 bits (128 of 0 requested)
[    6.272460] random 0000 0000 0000 a20f4a3a 32a6b2fa: extract_entropy(.. 16 ..)
[    6.272462] random 0000 0000 0000 a20f4a3a 32a6b2fa: trying to extract 128 bits from input
[    6.272464] random 0000 0000 0000 a20f4a3a 32a6b2fa: debiting 0 entropy credits from input
[    6.272466] random 0000 0000 0000 a20f4a3a 32a6b2fa: extract_entropy account returned: 0 
[    6.272469] random 0000 0000 0000 a20f4a3a 32a6b2fa: urand_change_num 101 xfer_secondary_pool(16): pool_sig 000002c0, data_sig 00000000, bytes_mixed 0 a20f4a3a 32a6b2fa
[    6.272472] random 0000 0000 0000 a20f4a3a 32a6b2fa: trying to extract 128 bits from nonblocking
[    6.272474] random 0000 0000 0000 a20f4a3a 32a6b2fa: debiting 128 entropy credits from nonblocking (unlimited)
[    6.272477] random 0000 0000 0000 a20f4a3a 32a6b2fa: extract_entropy account returned: 16 
[    6.272481] random 0000 0000 0000 a20f4a3a 32a6b2fa: urand_change_num 102 extract_buf: pool_sig 000002c0, data_sig 000000fb, bytes_mixed 20 a20f4a3a 32a6b2fa
[    6.272486] random 0000 0000 0000 a20f4a3a 32a6b2fa: urand_change_num 103 extract_buf: pool_sig ffffffdd, data_sig 000000a5, bytes_mixed 20 a20f4a3a 32a6b2fa
[    6.284981] random 0000 0000 0000 de716d2a 6c4757e1: rand_read_num 30 get_random_bytes(16): sig 000000fa de716d2a 6c4757e1
[    6.284983] random 0000 0000 0000 de716d2a 6c4757e1: extract_entropy(.. 16 ..)
[    6.284986] random 0000 0000 0000 de716d2a 6c4757e1: going to reseed nonblocking with 128 bits (128 of 0 requested)
[    6.284988] random 0000 0000 0000 de716d2a 6c4757e1: extract_entropy(.. 16 ..)
[    6.284990] random 0000 0000 0000 de716d2a 6c4757e1: trying to extract 128 bits from input
[    6.284992] random 0000 0000 0000 de716d2a 6c4757e1: debiting 0 entropy credits from input
[    6.284994] random 0000 0000 0000 de716d2a 6c4757e1: extract_entropy account returned: 0 
[    6.284997] random 0000 0000 0000 de716d2a 6c4757e1: urand_change_num 104 xfer_secondary_pool(16): pool_sig 000000fa, data_sig 00000000, bytes_mixed 0 de716d2a 6c4757e1
[    6.285000] random 0000 0000 0000 de716d2a 6c4757e1: trying to extract 128 bits from nonblocking
[    6.285003] random 0000 0000 0000 de716d2a 6c4757e1: debiting 128 entropy credits from nonblocking (unlimited)
[    6.285005] random 0000 0000 0000 de716d2a 6c4757e1: extract_entropy account returned: 16 
[    6.285009] random 0000 0000 0000 de716d2a 6c4757e1: urand_change_num 105 extract_buf: pool_sig 000000fa, data_sig ffffff34, bytes_mixed 20 de716d2a 6c4757e1
[    6.285014] random 0000 0000 0000 de716d2a 6c4757e1: urand_change_num 106 extract_buf: pool_sig 000003d3, data_sig ffffff30, bytes_mixed 20 de716d2a 6c4757e1
[    6.285594] random 0000 0000 0000 a7c511e1 f90ea457: rand_read_num 31 get_random_bytes(16): sig 0000009a a7c511e1 f90ea457
[    6.285597] random 0000 0000 0000 a7c511e1 f90ea457: extract_entropy(.. 16 ..)
[    6.285600] random 0000 0000 0000 a7c511e1 f90ea457: going to reseed nonblocking with 128 bits (128 of 0 requested)
[    6.285602] random 0000 0000 0000 a7c511e1 f90ea457: extract_entropy(.. 16 ..)
[    6.285604] random 0000 0000 0000 a7c511e1 f90ea457: trying to extract 128 bits from input
[    6.285606] random 0000 0000 0000 a7c511e1 f90ea457: debiting 0 entropy credits from input
[    6.285608] random 0000 0000 0000 a7c511e1 f90ea457: extract_entropy account returned: 0 
[    6.285611] random 0000 0000 0000 a7c511e1 f90ea457: urand_change_num 107 xfer_secondary_pool(16): pool_sig 0000009a, data_sig 00000000, bytes_mixed 0 a7c511e1 f90ea457
[    6.285614] random 0000 0000 0000 a7c511e1 f90ea457: trying to extract 128 bits from nonblocking
[    6.285616] random 0000 0000 0000 a7c511e1 f90ea457: debiting 128 entropy credits from nonblocking (unlimited)
[    6.285619] random 0000 0000 0000 a7c511e1 f90ea457: extract_entropy account returned: 16 
[    6.285623] random 0000 0000 0000 a7c511e1 f90ea457: urand_change_num 108 extract_buf: pool_sig 0000009a, data_sig 000000e0, bytes_mixed 20 a7c511e1 f90ea457
[    6.285628] random 0000 0000 0000 7c18c7e6 d65ccb06: urand_change_num 109 extract_buf: pool_sig fffffa79, data_sig 000000e0, bytes_mixed 20 7c18c7e6 d65ccb06
[    6.286222] random 0000 0000 0000 7c18c7e6 d65ccb06: rand_read_num 32 get_random_bytes(16): sig fffffe1e 7c18c7e6 d65ccb06
[    6.286224] random 0000 0000 0000 7c18c7e6 d65ccb06: extract_entropy(.. 16 ..)
[    6.286227] random 0000 0000 0000 7c18c7e6 d65ccb06: going to reseed nonblocking with 128 bits (128 of 0 requested)
[    6.286229] random 0000 0000 0000 7c18c7e6 d65ccb06: extract_entropy(.. 16 ..)
[    6.286231] random 0000 0000 0000 7c18c7e6 d65ccb06: trying to extract 128 bits from input
[    6.286233] random 0000 0000 0000 7c18c7e6 d65ccb06: debiting 0 entropy credits from input
[    6.286235] random 0000 0000 0000 7c18c7e6 d65ccb06: extract_entropy account returned: 0 
[    6.286238] random 0000 0000 0000 7c18c7e6 d65ccb06: urand_change_num 110 xfer_secondary_pool(16): pool_sig fffffe1e, data_sig 00000000, bytes_mixed 0 7c18c7e6 d65ccb06
[    6.286241] random 0000 0000 0000 7c18c7e6 d65ccb06: trying to extract 128 bits from nonblocking
[    6.286244] random 0000 0000 0000 7c18c7e6 d65ccb06: debiting 128 entropy credits from nonblocking (unlimited)
