[    0.000000] random 0000 0000 0000 00000000 00000000: rand_read_num 1 get_random_bytes(8): sig 00000000 00000000 00000000
[    0.000000] random 0000 0000 0000 00000000 00000000: extract_entropy(.. 8 ..)
[    0.000000] random 0000 0000 0000 00000000 00000000: going to reseed nonblocking with 64 bits (64 of 0 requested)
[    0.000000] random 0000 0000 0000 00000000 00000000: extract_entropy(.. 8 ..)
[    0.000000] random 0000 0000 0000 00000000 00000000: trying to extract 64 bits from input
[    0.000000] random 0000 0000 0000 00000000 00000000: debiting 0 entropy credits from input
[    0.000000] random 0000 0000 0000 00000000 00000000: extract_entropy account returned: 0 
[    0.000000] random 0000 0000 0000 00000000 00000000: urand_change_num 1 xfer_secondary_pool(8): pool_sig 00000000, data_sig 00000000, bytes_mixed 0 00000000 00000000
[    0.000000] random 0000 0000 0000 00000000 00000000: trying to extract 64 bits from nonblocking
[    0.000000] random 0000 0000 0000 00000000 00000000: debiting 64 entropy credits from nonblocking (unlimited)
[    0.000000] random 0000 0000 0000 00000000 00000000: extract_entropy account returned: 8 
[    0.000000] random 0000 0000 0000 00000000 00000000: urand_change_num 2 extract_buf: pool_sig 00000000, data_sig fffffff9, bytes_mixed 20 00000000 00000000
[    0.000000] Linux version 2.6.32.57 (dcashman@dcashman-02) (gcc version 4.3.3 (GCC) ) #3 Fri May 24 04:27:34 PDT 2013
[    0.000000] KERNEL supported cpus:
[    0.000000]   Intel GenuineIntel
[    0.000000]   AMD AuthenticAMD
[    0.000000]   NSC Geode by NSC
[    0.000000]   Cyrix CyrixInstead
[    0.000000]   Centaur CentaurHauls
[    0.000000]   Transmeta GenuineTMx86
[    0.000000]   Transmeta TransmetaCPU
[    0.000000]   UMC UMC UMC UMC
[    0.000000] BIOS-provided physical RAM map:
[    0.000000]  BIOS-e820: 0000000000000000 - 000000000009d800 (usable)
[    0.000000]  BIOS-e820: 000000000009d800 - 00000000000a0000 (reserved)
[    0.000000]  BIOS-e820: 00000000000d2000 - 00000000000d4000 (reserved)
[    0.000000]  BIOS-e820: 00000000000e0000 - 0000000000100000 (reserved)
[    0.000000]  BIOS-e820: 0000000000100000 - 000000003d6b0000 (usable)
[    0.000000]  BIOS-e820: 000000003d6b0000 - 000000003d6cc000 (ACPI data)
[    0.000000]  BIOS-e820: 000000003d6cc000 - 000000003d700000 (ACPI NVS)
[    0.000000]  BIOS-e820: 000000003d700000 - 000000003e000000 (reserved)
[    0.000000]  BIOS-e820: 00000000f0000000 - 00000000f4000000 (reserved)
[    0.000000]  BIOS-e820: 00000000fec00000 - 00000000fec10000 (reserved)
[    0.000000]  BIOS-e820: 00000000fed00000 - 00000000fed00400 (reserved)
[    0.000000]  BIOS-e820: 00000000fed14000 - 00000000fed1a000 (reserved)
[    0.000000]  BIOS-e820: 00000000fed1c000 - 00000000fed90000 (reserved)
[    0.000000]  BIOS-e820: 00000000fee00000 - 00000000fee01000 (reserved)
[    0.000000]  BIOS-e820: 00000000ff000000 - 0000000100000000 (reserved)
[    0.000000] DMI present.
[    0.000000] last_pfn = 0x3d6b0 max_arch_pfn = 0x100000
[    0.000000] MTRR default type: uncachable
[    0.000000] MTRR fixed ranges enabled:
[    0.000000]   00000-9FFFF write-back
[    0.000000]   A0000-BFFFF uncachable
[    0.000000]   C0000-CFFFF write-protect
[    0.000000]   D0000-DFFFF uncachable
[    0.000000]   E0000-FFFFF write-protect
[    0.000000] MTRR variable ranges enabled:
[    0.000000]   0 base 03E000000 mask FFE000000 uncachable
[    0.000000]   1 base 000000000 mask FC0000000 write-back
[    0.000000]   2 base 03D700000 mask FFFF00000 uncachable
[    0.000000]   3 base 03D800000 mask FFF800000 uncachable
[    0.000000]   4 disabled
[    0.000000]   5 disabled
[    0.000000]   6 disabled
[    0.000000]   7 disabled
[    0.000000] initial memory mapped : 0 - 02000000
[    0.000000] init_memory_mapping: 0000000000000000-00000000377fe000
[    0.000000]  0000000000 - 0000400000 page 4k
[    0.000000]  0000400000 - 0037400000 page 2M
[    0.000000]  0037400000 - 00377fe000 page 4k
[    0.000000] kernel direct mapping tables up to 377fe000 @ 7000-c000
[    0.000000] ACPI: RSDP 000f68d0 00024 (v02 LENOVO)
[    0.000000] ACPI: XSDT 3d6bb77f 00094 (v01 LENOVO TP-7L    00002170  LTP 00000000)
[    0.000000] ACPI: FACP 3d6bb900 000F4 (v03 LENOVO TP-7L    00002170 LNVO 00000001)
[    0.000000] ACPI Warning: 32/64X length mismatch in Gpe1Block: 0/32 (20090903/tbfadt-526)
[    0.000000] ACPI Warning: Optional field Gpe1Block has zero address or length: 000000000000102C/0 (20090903/tbfadt-557)
[    0.000000] ACPI: DSDT 3d6bbd1d 0FED1 (v01 LENOVO TP-7L    00002170 MSFT 03000000)
[    0.000000] ACPI: FACS 3d6e4000 00040
[    0.000000] ACPI: SSDT 3d6bbab4 00269 (v01 LENOVO TP-7L    00002170 MSFT 03000000)
[    0.000000] ACPI: ECDT 3d6cbbee 00052 (v01 LENOVO TP-7L    00002170 LNVO 00000001)
[    0.000000] ACPI: TCPA 3d6cbc40 00032 (v02 LENOVO TP-7L    00002170 LNVO 00000001)
[    0.000000] ACPI: APIC 3d6cbc72 00068 (v01 LENOVO TP-7L    00002170 LNVO 00000001)
[    0.000000] ACPI: MCFG 3d6cbcda 0003C (v01 LENOVO TP-7L    00002170 LNVO 00000001)
[    0.000000] ACPI: HPET 3d6cbd16 00038 (v01 LENOVO TP-7L    00002170 LNVO 00000001)
[    0.000000] ACPI: SLIC 3d6cbdf0 00176 (v01 LENOVO TP-7L    00002170  LTP 00000000)
[    0.000000] ACPI: BOOT 3d6cbf66 00028 (v01 LENOVO TP-7L    00002170  LTP 00000001)
[    0.000000] ACPI: ASF! 3d6cbf8e 00072 (v16 LENOVO TP-7L    00002170 PTL  00000001)
[    0.000000] ACPI: SSDT 3d6e26d9 0025F (v01 LENOVO TP-7L    00002170 INTL 20050513)
[    0.000000] ACPI: SSDT 3d6e2938 000A6 (v01 LENOVO TP-7L    00002170 INTL 20050513)
[    0.000000] ACPI: SSDT 3d6e29de 004F7 (v01 LENOVO TP-7L    00002170 INTL 20050513)
[    0.000000] ACPI: SSDT 3d6e2ed5 001D8 (v01 LENOVO TP-7L    00002170 INTL 20050513)
[    0.000000] ACPI: DMI detected: Lenovo ThinkPad R61
[    0.000000] ACPI: Added _OSI(Linux)
[    0.000000] ACPI: Local APIC address 0xfee00000
[    0.000000] 94MB HIGHMEM available.
[    0.000000] 887MB LOWMEM available.
[    0.000000]   mapped low ram: 0 - 377fe000
[    0.000000]   low ram: 0 - 377fe000
[    0.000000]   node 0 low ram: 00000000 - 377fe000
[    0.000000]   node 0 bootmap 00008000 - 0000ef00
[    0.000000] (6 early reservations) ==> bootmem [0000000000 - 00377fe000]
[    0.000000]   #0 [0000000000 - 0000001000]   BIOS data page ==> [0000000000 - 0000001000]
[    0.000000]   #1 [0001000000 - 0001bdc180]    TEXT DATA BSS ==> [0001000000 - 0001bdc180]
[    0.000000]   #2 [000009d800 - 0000100000]    BIOS reserved ==> [000009d800 - 0000100000]
[    0.000000]   #3 [0001bdd000 - 0001be516c]              BRK ==> [0001bdd000 - 0001be516c]
[    0.000000]   #4 [0000007000 - 0000008000]          PGTABLE ==> [0000007000 - 0000008000]
[    0.000000]   #5 [0000008000 - 000000f000]          BOOTMAP ==> [0000008000 - 000000f000]
[    0.000000] found SMP MP-table at [c00f6900] f6900
[    0.000000] Zone PFN ranges:
[    0.000000]   DMA      0x00000000 -> 0x00001000
[    0.000000]   Normal   0x00001000 -> 0x000377fe
[    0.000000]   HighMem  0x000377fe -> 0x0003d6b0
[    0.000000] Movable zone start PFN for each node
[    0.000000] early_node_map[2] active PFN ranges
[    0.000000]     0: 0x00000000 -> 0x0000009d
[    0.000000]     0: 0x00000100 -> 0x0003d6b0
[    0.000000] On node 0 totalpages: 251469
[    0.000000] free_area_init_node: node 0, pgdat c1901ea0, node_mem_map c1be7000
[    0.000000]   DMA zone: 32 pages used for memmap
[    0.000000]   DMA zone: 0 pages reserved
[    0.000000]   DMA zone: 3965 pages, LIFO batch:0
[    0.000000]   Normal zone: 1744 pages used for memmap
[    0.000000]   Normal zone: 221486 pages, LIFO batch:31
[    0.000000]   HighMem zone: 190 pages used for memmap
[    0.000000]   HighMem zone: 24052 pages, LIFO batch:3
[    0.000000] Using APIC driver default
[    0.000000] ACPI: PM-Timer IO Port: 0x1008
[    0.000000] ACPI: Local APIC address 0xfee00000
[    0.000000] ACPI: LAPIC (acpi_id[0x00] lapic_id[0x00] enabled)
[    0.000000] ACPI: LAPIC (acpi_id[0x01] lapic_id[0x01] enabled)
[    0.000000] ACPI: NR_CPUS/possible_cpus limit of 1 reached.  Processor 1/0x1 ignored.
[    0.000000] ACPI: LAPIC_NMI (acpi_id[0x00] high edge lint[0x1])
[    0.000000] ACPI: LAPIC_NMI (acpi_id[0x01] high edge lint[0x1])
[    0.000000] ACPI: IOAPIC (id[0x01] address[0xfec00000] gsi_base[0])
[    0.000000] IOAPIC[0]: apic_id 1, version 32, address 0xfec00000, GSI 0-23
[    0.000000] ACPI: INT_SRC_OVR (bus 0 bus_irq 0 global_irq 2 dfl dfl)
[    0.000000] ACPI: INT_SRC_OVR (bus 0 bus_irq 9 global_irq 9 high level)
[    0.000000] ACPI: IRQ0 used by override.
[    0.000000] ACPI: IRQ2 used by override.
[    0.000000] ACPI: IRQ9 used by override.
[    0.000000] Using ACPI (MADT) for SMP configuration information
[    0.000000] ACPI: HPET id: 0x8086a201 base: 0xfed00000
[    0.000000] nr_irqs_gsi: 24
[    0.000000] PM: Registered nosave memory: 000000000009d000 - 000000000009e000
[    0.000000] PM: Registered nosave memory: 000000000009e000 - 00000000000a0000
[    0.000000] PM: Registered nosave memory: 00000000000a0000 - 00000000000d2000
[    0.000000] PM: Registered nosave memory: 00000000000d2000 - 00000000000d4000
[    0.000000] PM: Registered nosave memory: 00000000000d4000 - 00000000000e0000
[    0.000000] PM: Registered nosave memory: 00000000000e0000 - 0000000000100000
[    0.000000] Allocating PCI resources starting at 3e000000 (gap: 3e000000:b2000000)
[    0.000000] Built 1 zonelists in Zone order, mobility grouping on.  Total pages: 249503
[    0.000000] Kernel command line: auto BOOT_IMAGE=Linux ro root=802 vt.default_utf8=0 maxcpus=0
[    0.000000] PID hash table entries: 4096 (order: 2, 16384 bytes)
[    0.000000] Dentry cache hash table entries: 131072 (order: 7, 524288 bytes)
[    0.000000] Inode-cache hash table entries: 65536 (order: 6, 262144 bytes)
[    0.000000] Enabling fast FPU save and restore... done.
[    0.000000] Enabling unmasked SIMD FPU exception support... done.
[    0.000000] Initializing CPU#0
[    0.000000] Initializing HighMem for node 0 (000377fe:0003d6b0)
[    0.000000] Memory: 984800k/1006272k available (6914k kernel code, 20876k reserved, 2328k data, 448k init, 96968k highmem)
[    0.000000] virtual kernel memory layout:
[    0.000000]     fixmap  : 0xfffa3000 - 0xfffff000   ( 368 kB)
[    0.000000]     pkmap   : 0xff800000 - 0xffc00000   (4096 kB)
[    0.000000]     vmalloc : 0xf7ffe000 - 0xff7fe000   ( 120 MB)
[    0.000000]     lowmem  : 0xc0000000 - 0xf77fe000   ( 887 MB)
[    0.000000]       .init : 0xc1907000 - 0xc1977000   ( 448 kB)
[    0.000000]       .data : 0xc16c0b5f - 0xc1906c64   (2328 kB)
[    0.000000]       .text : 0xc1000000 - 0xc16c0b5f   (6914 kB)
[    0.000000] Checking if this processor honours the WP bit even in supervisor mode...Ok.
[    0.000000] SLUB: Genslabs=13, HWalign=64, Order=0-3, MinObjects=0, CPUs=1, Nodes=1
[    0.000000] Hierarchical RCU implementation.
[    0.000000] NR_IRQS:288
[    0.000000] Extended CMOS year: 2000
[    0.000000] Console: colour VGA+ 80x25
[    0.000000] console [tty0] enabled
[    0.000000] hpet clockevent registered
[    0.000000] Fast TSC calibration using PIT
[    0.000000] Detected 2094.416 MHz processor.
[    0.001001] Calibrating delay loop (skipped), value calculated using timer frequency.. 4188.83 BogoMIPS (lpj=2094416)
[    0.001166] Security Framework initialized
[    0.001246] Mount-cache hash table entries: 512
[    0.001395] CPU: L1 I cache: 32K, L1 D cache: 32K
[    0.001519] CPU: L2 cache: 3072K
[    0.001599] mce: CPU supports 6 MCE banks
[    0.001687] CPU0: Thermal monitoring enabled (TM2)
[    0.002003] using mwait in idle threads.
[    0.002083] CPU: Intel(R) Core(TM)2 Duo CPU     T8100  @ 2.10GHz stepping 06
[    0.002259] Checking 'hlt' instruction... OK.
[    0.006938] ACPI: Core revision 20090903
[    0.026016] CANARY value: e06b1d84 for PID: 1
[    0.026044] Enabling APIC mode:  Flat.  Using 1 I/O APICs
[    0.026495] ..TIMER: vector=0x30 apic1=0 pin1=2 apic2=-1 pin2=-1
[    0.036997] xor: automatically using best checksumming function: pIII_sse
[    0.040998]    pIII_sse  :  8568.000 MB/sec
[    0.041085] xor: using function: pIII_sse (8568.000 MB/sec)
[    0.041176] RANDOM - __seed init called.
[    0.041177] RANDOM - __seed init called.
[    0.041177] RANDOM - __seed init called.
[    0.041179] RANDOM - __random32 called. Change num 1.  Value: e6b75c0e	845fdb3c	4764ecc7
[    0.041181] RANDOM - __random32 called. Change num 2.  Value: 75c0e1a6	45fdb3ca	d98f8871
[    0.041183] RANDOM - __random32 called. Change num 3.  Value: e1a6d3e	5fdb3ca9	10e2be79
[    0.041184] RANDOM - __random32 called. Change num 4.  Value: a6d3e877	fdb3ca90	7cf2fee9
[    0.041186] RANDOM - __random32 called. Change num 5.  Value: 3e877b7b	db3ca905	fdd36ca1
[    0.041188] RANDOM - __random32 called. Change num 6.  Value: 77b7ba3d	b3ca905b	d9426901
[    0.041189] RANDOM - random32 init called.  Value: 77b7ba3d	b3ca905b	d9426901
[    0.041207] NET: Registered protocol family 16
[    0.041468] ACPI FADT declares the system doesn't support PCIe ASPM, so disable it
[    0.041580] ACPI: bus type pci registered
[    0.041740] PCI: MCFG configuration 0: base f0000000 segment 0 buses 0 - 63
[    0.041831] PCI: MCFG area at f0000000 reserved in E820
[    0.041911] PCI: Using MMCONFIG for extended config space
[    0.042002] PCI: Using configuration type 1 for base access
[    0.045107] bio: create slab <bio-0> at 0
[    0.045909] ACPI: EC: EC description table is found, configuring boot EC
[    0.051048] ACPI: BIOS _OSI(Linux) query honored via DMI
[    0.051761] random 0000 0000 0000 00000000 00000000: rand_read_num 2 get_random_bytes(8): sig fffffe1a 00000000 00000000
[    0.051764] random 0000 0000 0000 00000000 00000000: extract_entropy(.. 8 ..)
[    0.051767] random 0000 0000 0000 00000000 00000000: going to reseed nonblocking with 64 bits (64 of 0 requested)
[    0.051769] random 0000 0000 0000 00000000 00000000: extract_entropy(.. 8 ..)
[    0.051771] random 0000 0000 0000 00000000 00000000: trying to extract 64 bits from input
[    0.051773] random 0000 0000 0000 00000000 00000000: debiting 0 entropy credits from input
[    0.051775] random 0000 0000 0000 00000000 00000000: extract_entropy account returned: 0 
[    0.051778] random 0000 0000 0000 00000000 00000000: urand_change_num 3 xfer_secondary_pool(8): pool_sig fffffe1a, data_sig 00000000, bytes_mixed 0 00000000 00000000
[    0.051781] random 0000 0000 0000 00000000 00000000: trying to extract 64 bits from nonblocking
[    0.051783] random 0000 0000 0000 00000000 00000000: debiting 64 entropy credits from nonblocking (unlimited)
[    0.051785] random 0000 0000 0000 00000000 00000000: extract_entropy account returned: 8 
[    0.051816] random 0000 0000 0000 00000000 00000000: urand_change_num 4 extract_buf: pool_sig fffffe1a, data_sig fffffed7, bytes_mixed 20 00000000 00000000
[    0.057593] ACPI: Interpreter enabled
[    0.057673] ACPI: (supports S0 S3 S4 S5)
[    0.057951] ACPI: Using IOAPIC for interrupt routing
[    0.067743] ACPI: EC: GPE = 0x12, I/O: command/status = 0x66, data = 0x62
[    0.068040] ACPI: Power Resource [PUBS] (on)
[    0.070127] ACPI: ACPI Dock Station Driver: 3 docks/bays found
[    0.070535] ACPI: PCI Root Bridge [PCI0] (0000:00)
[    0.070705] pci 0000:00:02.0: reg 10 64bit mmio: [0xf8100000-0xf81fffff]
[    0.070711] pci 0000:00:02.0: reg 18 64bit mmio pref: [0xe0000000-0xefffffff]
[    0.070715] pci 0000:00:02.0: reg 20 io port: [0x1800-0x1807]
[    0.070750] pci 0000:00:02.1: reg 10 64bit mmio: [0xf8200000-0xf82fffff]
[    0.070851] pci 0000:00:19.0: reg 10 32bit mmio: [0xfe000000-0xfe01ffff]
[    0.070858] pci 0000:00:19.0: reg 14 32bit mmio: [0xfe025000-0xfe025fff]
[    0.070867] pci 0000:00:19.0: reg 18 io port: [0x1840-0x185f]
[    0.070937] pci 0000:00:19.0: PME# supported from D0 D3hot D3cold
[    0.071002] pci 0000:00:19.0: PME# disabled
[    0.071154] pci 0000:00:1a.0: reg 20 io port: [0x1860-0x187f]
[    0.071230] pci 0000:00:1a.1: reg 20 io port: [0x1880-0x189f]
[    0.071316] pci 0000:00:1a.7: reg 10 32bit mmio: [0xfe226c00-0xfe226fff]
[    0.071405] pci 0000:00:1a.7: PME# supported from D0 D3hot D3cold
[    0.071494] pci 0000:00:1a.7: PME# disabled
[    0.071630] pci 0000:00:1b.0: reg 10 64bit mmio: [0xfe020000-0xfe023fff]
[    0.071710] pci 0000:00:1b.0: PME# supported from D0 D3hot D3cold
[    0.071794] pci 0000:00:1b.0: PME# disabled
[    0.072042] pci 0000:00:1c.0: PME# supported from D0 D3hot D3cold
[    0.072128] pci 0000:00:1c.0: PME# disabled
[    0.072318] pci 0000:00:1c.1: PME# supported from D0 D3hot D3cold
[    0.072408] pci 0000:00:1c.1: PME# disabled
[    0.072607] pci 0000:00:1c.2: PME# supported from D0 D3hot D3cold
[    0.072690] pci 0000:00:1c.2: PME# disabled
[    0.072877] pci 0000:00:1c.3: PME# supported from D0 D3hot D3cold
[    0.072965] pci 0000:00:1c.3: PME# disabled
[    0.073118] pci 0000:00:1c.4: PME# supported from D0 D3hot D3cold
[    0.073212] pci 0000:00:1c.4: PME# disabled
[    0.074059] pci 0000:00:1d.0: reg 20 io port: [0x18a0-0x18bf]
[    0.074137] pci 0000:00:1d.1: reg 20 io port: [0x18c0-0x18df]
[    0.074230] pci 0000:00:1d.2: reg 20 io port: [0x18e0-0x18ff]
[    0.074324] pci 0000:00:1d.7: reg 10 32bit mmio: [0xfe227000-0xfe2273ff]
[    0.074425] pci 0000:00:1d.7: PME# supported from D0 D3hot D3cold
[    0.074513] pci 0000:00:1d.7: PME# disabled
[    0.074795] pci 0000:00:1f.0: quirk: region 1000-107f claimed by ICH6 ACPI/GPIO/TCO
[    0.074911] pci 0000:00:1f.0: quirk: region 1180-11bf claimed by ICH6 GPIO
[    0.074998] pci 0000:00:1f.0: ICH7 LPC Generic IO decode 1 PIO at 1600 (mask 007f)
[    0.075124] pci 0000:00:1f.0: ICH7 LPC Generic IO decode 2 PIO at 15e0 (mask 000f)
[    0.075237] pci 0000:00:1f.0: ICH7 LPC Generic IO decode 3 PIO at 1680 (mask 001f)
[    0.075437] pci 0000:00:1f.1: reg 10 io port: [0x00-0x07]
[    0.075447] pci 0000:00:1f.1: reg 14 io port: [0x00-0x03]
[    0.075459] pci 0000:00:1f.1: reg 18 io port: [0x00-0x07]
[    0.075467] pci 0000:00:1f.1: reg 1c io port: [0x00-0x03]
[    0.075474] pci 0000:00:1f.1: reg 20 io port: [0x1c00-0x1c0f]
[    0.075559] pci 0000:00:1f.2: reg 10 io port: [0x1c50-0x1c57]
[    0.075568] pci 0000:00:1f.2: reg 14 io port: [0x1c44-0x1c47]
[    0.075575] pci 0000:00:1f.2: reg 18 io port: [0x1c48-0x1c4f]
[    0.075584] pci 0000:00:1f.2: reg 1c io port: [0x1c40-0x1c43]
[    0.075592] pci 0000:00:1f.2: reg 20 io port: [0x1c20-0x1c3f]
[    0.075601] pci 0000:00:1f.2: reg 24 32bit mmio: [0xfe226000-0xfe2267ff]
[    0.075661] pci 0000:00:1f.2: PME# supported from D3hot
[    0.075751] pci 0000:00:1f.2: PME# disabled
[    0.075869] pci 0000:00:1f.3: reg 10 32bit mmio: [0xfe227400-0xfe2274ff]
[    0.075897] pci 0000:00:1f.3: reg 20 io port: [0x1c60-0x1c7f]
[    0.076013] pci 0000:00:1c.0: bridge io port: [0x2000-0x2fff]
[    0.076018] pci 0000:00:1c.0: bridge 32bit mmio: [0xfc000000-0xfdffffff]
[    0.076025] pci 0000:00:1c.0: bridge 64bit mmio pref: [0xf8000000-0xf80fffff]
[    0.076097] pci 0000:03:00.0: reg 10 64bit mmio: [0xdf3f0000-0xdf3fffff]
[    0.076295] pci 0000:00:1c.1: bridge io port: [0x3000-0x3fff]
[    0.076301] pci 0000:00:1c.1: bridge 32bit mmio: [0xdc000000-0xdf3fffff]
[    0.076310] pci 0000:00:1c.1: bridge 64bit mmio pref: [0xdfe00000-0xdfefffff]
[    0.076364] pci 0000:00:1c.2: bridge io port: [0x4000-0x4fff]
[    0.076370] pci 0000:00:1c.2: bridge 32bit mmio: [0xd8000000-0xd9ffffff]
[    0.076380] pci 0000:00:1c.2: bridge 64bit mmio pref: [0xdfb00000-0xdfbfffff]
[    0.076442] pci 0000:00:1c.3: bridge io port: [0x5000-0x5fff]
[    0.076446] pci 0000:00:1c.3: bridge 32bit mmio: [0xd4000000-0xd5ffffff]
[    0.076455] pci 0000:00:1c.3: bridge 64bit mmio pref: [0xdf800000-0xdf8fffff]
[    0.076514] pci 0000:00:1c.4: bridge io port: [0x6000-0x6fff]
[    0.076520] pci 0000:00:1c.4: bridge 32bit mmio: [0xd0000000-0xd1ffffff]
[    0.076529] pci 0000:00:1c.4: bridge 64bit mmio pref: [0xdf500000-0xdf5fffff]
[    0.076584] pci 0000:15:00.0: reg 10 32bit mmio: [0xf8300000-0xf8300fff]
[    0.076638] pci 0000:15:00.0: supports D1 D2
[    0.076639] pci 0000:15:00.0: PME# supported from D0 D1 D2 D3hot D3cold
[    0.076726] pci 0000:15:00.0: PME# disabled
[    0.076864] pci 0000:15:00.1: reg 10 32bit mmio: [0xf8301000-0xf83017ff]
[    0.076961] pci 0000:15:00.1: supports D1 D2
[    0.076963] pci 0000:15:00.1: PME# supported from D0 D1 D2 D3hot D3cold
[    0.077000] pci 0000:15:00.1: PME# disabled
[    0.077175] pci 0000:00:1e.0: transparent bridge
[    0.077259] pci 0000:00:1e.0: bridge io port: [0x7000-0xafff]
[    0.077265] pci 0000:00:1e.0: bridge 32bit mmio: [0xf8300000-0xfbffffff]
[    0.077275] pci 0000:00:1e.0: bridge 64bit mmio pref: [0xf4000000-0xf7ffffff]
[    0.077339] pci_bus 0000:00: on NUMA node 0
[    0.077343] ACPI: PCI Interrupt Routing Table [\_SB_.PCI0._PRT]
[    0.077476] ACPI: PCI Interrupt Routing Table [\_SB_.PCI0.EXP0._PRT]
[    0.077534] ACPI: PCI Interrupt Routing Table [\_SB_.PCI0.EXP1._PRT]
[    0.077592] ACPI: PCI Interrupt Routing Table [\_SB_.PCI0.EXP2._PRT]
[    0.077650] ACPI: PCI Interrupt Routing Table [\_SB_.PCI0.EXP3._PRT]
[    0.077713] ACPI: PCI Interrupt Routing Table [\_SB_.PCI0.EXP4._PRT]
[    0.077775] ACPI: PCI Interrupt Routing Table [\_SB_.PCI0.PCI1._PRT]
[    0.083293] ACPI: PCI Interrupt Link [LNKA] (IRQs 3 4 5 6 7 9 *10 11)
[    0.084070] ACPI: PCI Interrupt Link [LNKB] (IRQs 3 4 5 6 7 9 10 *11)
[    0.084796] ACPI: PCI Interrupt Link [LNKC] (IRQs 3 4 5 6 7 9 10 *11)
[    0.085515] ACPI: PCI Interrupt Link [LNKD] (IRQs 3 4 5 6 7 9 10 *11)
[    0.086231] ACPI: PCI Interrupt Link [LNKE] (IRQs 3 4 5 6 7 9 10 *11)
[    0.086959] ACPI: PCI Interrupt Link [LNKF] (IRQs 3 4 5 6 7 9 10 *11)
[    0.087643] ACPI: PCI Interrupt Link [LNKG] (IRQs 3 4 5 6 7 9 10 *11)
[    0.088376] ACPI: PCI Interrupt Link [LNKH] (IRQs 3 4 5 6 7 9 10 *11)
[    0.089099] vgaarb: device added: PCI:0000:00:02.0,decodes=io+mem,owns=io+mem,locks=none
[    0.089221] vgaarb: loaded
[    0.089398] SCSI subsystem initialized
[    0.089491] libata version 3.00 loaded.
[    0.089538] usbcore: registered new interface driver usbfs
[    0.089657] usbcore: registered new interface driver hub
[    0.089766] usbcore: registered new device driver usb
[    0.106035] raid6: int32x1    941 MB/s
[    0.123058] raid6: int32x2    890 MB/s
[    0.140067] raid6: int32x4    750 MB/s
[    0.157063] raid6: int32x8    660 MB/s
[    0.173988] raid6: mmxx1     2878 MB/s
[    0.190999] raid6: mmxx2     3273 MB/s
[    0.207992] raid6: sse1x1    1937 MB/s
[    0.224996] raid6: sse1x2    2535 MB/s
[    0.241987] raid6: sse2x1    3500 MB/s
[    0.258975] raid6: sse2x2    3832 MB/s
[    0.259066] raid6: using algorithm sse2x2 (3832 MB/s)
[    0.259155] PCI: Using ACPI for IRQ routing
[    0.259456] HPET: 3 timers in total, 0 timers will be used for per-cpu timer
[    0.259997] Switching to clocksource tsc
[    0.260095] pnp: PnP ACPI init
[    0.260185] ACPI: bus type pnp registered
[    0.263876] pnp: PnP ACPI: found 11 devices
[    0.263961] ACPI: ACPI bus type pnp unregistered
[    0.264045] system 00:00: iomem range 0x0-0x9ffff could not be reserved
[    0.264132] system 00:00: iomem range 0xc0000-0xc3fff could not be reserved
[    0.264224] system 00:00: iomem range 0xc4000-0xc7fff could not be reserved
[    0.264316] system 00:00: iomem range 0xc8000-0xcbfff has been reserved
[    0.264403] system 00:00: iomem range 0xcc000-0xcffff has been reserved
[    0.264487] system 00:00: iomem range 0xd0000-0xd3fff could not be reserved
[    0.264577] system 00:00: iomem range 0xe0000-0xe3fff could not be reserved
[    0.264663] system 00:00: iomem range 0xe4000-0xe7fff could not be reserved
[    0.264749] system 00:00: iomem range 0xe8000-0xebfff could not be reserved
[    0.264831] system 00:00: iomem range 0xec000-0xeffff could not be reserved
[    0.264925] system 00:00: iomem range 0xf0000-0xfffff could not be reserved
[    0.265008] system 00:00: iomem range 0x100000-0x3dffffff could not be reserved
[    0.265128] system 00:00: iomem range 0xfec00000-0xfed3ffff could not be reserved
[    0.265241] system 00:00: iomem range 0xfed4c000-0xffffffff could not be reserved
[    0.265354] system 00:02: ioport range 0x164e-0x164f has been reserved
[    0.265438] system 00:02: ioport range 0x1000-0x107f has been reserved
[    0.265526] system 00:02: ioport range 0x1180-0x11bf has been reserved
[    0.265618] system 00:02: ioport range 0x800-0x80f has been reserved
[    0.265699] system 00:02: ioport range 0x15e0-0x15ef has been reserved
[    0.265783] system 00:02: ioport range 0x1600-0x165f could not be reserved
[    0.265875] system 00:02: iomem range 0xf0000000-0xf3ffffff has been reserved
[    0.265966] system 00:02: iomem range 0xfed1c000-0xfed1ffff has been reserved
[    0.266048] system 00:02: iomem range 0xfed14000-0xfed17fff has been reserved
[    0.266132] system 00:02: iomem range 0xfed18000-0xfed18fff has been reserved
[    0.266218] system 00:02: iomem range 0xfed19000-0xfed19fff has been reserved
[    0.266306] system 00:02: iomem range 0xfed45000-0xfed4bfff has been reserved
[    0.301341] pci 0000:00:1c.0: PCI bridge, secondary bus 0000:02
[    0.301426] pci 0000:00:1c.0:   IO window: 0x2000-0x2fff
[    0.301517] pci 0000:00:1c.0:   MEM window: 0xfc000000-0xfdffffff
[    0.301612] pci 0000:00:1c.0:   PREFETCH window: 0x000000f8000000-0x000000f80fffff
[    0.301732] pci 0000:00:1c.1: PCI bridge, secondary bus 0000:03
[    0.301814] pci 0000:00:1c.1:   IO window: 0x3000-0x3fff
[    0.301905] pci 0000:00:1c.1:   MEM window: 0xdc000000-0xdf3fffff
[    0.301999] pci 0000:00:1c.1:   PREFETCH window: 0x000000dfe00000-0x000000dfefffff
[    0.302116] pci 0000:00:1c.2: PCI bridge, secondary bus 0000:04
[    0.302199] pci 0000:00:1c.2:   IO window: 0x4000-0x4fff
[    0.302295] pci 0000:00:1c.2:   MEM window: 0xd8000000-0xd9ffffff
[    0.302379] pci 0000:00:1c.2:   PREFETCH window: 0x000000dfb00000-0x000000dfbfffff
[    0.302508] pci 0000:00:1c.3: PCI bridge, secondary bus 0000:05
[    0.302588] pci 0000:00:1c.3:   IO window: 0x5000-0x5fff
[    0.302685] pci 0000:00:1c.3:   MEM window: 0xd4000000-0xd5ffffff
[    0.302768] pci 0000:00:1c.3:   PREFETCH window: 0x000000df800000-0x000000df8fffff
[    0.302889] pci 0000:00:1c.4: PCI bridge, secondary bus 0000:0d
[    0.302979] pci 0000:00:1c.4:   IO window: 0x6000-0x6fff
[    0.303062] pci 0000:00:1c.4:   MEM window: 0xd0000000-0xd1ffffff
[    0.303150] pci 0000:00:1c.4:   PREFETCH window: 0x000000df500000-0x000000df5fffff
[    0.303269] pci 0000:15:00.0: CardBus bridge, secondary bus 0000:16
[    0.303356] pci 0000:15:00.0:   IO window: 0x007000-0x0070ff
[    0.303443] pci 0000:15:00.0:   IO window: 0x007400-0x0074ff
[    0.303526] pci 0000:15:00.0:   PREFETCH window: 0xf4000000-0xf7ffffff
[    0.303615] pci 0000:15:00.0:   MEM window: 0x40000000-0x43ffffff
[    0.303710] pci 0000:00:1e.0: PCI bridge, secondary bus 0000:15
[    0.303800] pci 0000:00:1e.0:   IO window: 0x7000-0xafff
[    0.303899] pci 0000:00:1e.0:   MEM window: 0xf8300000-0xfbffffff
[    0.303987] pci 0000:00:1e.0:   PREFETCH window: 0x000000f4000000-0x000000f7ffffff
[    0.304118] pci 0000:00:1c.0: PCI INT A -> GSI 20 (level, low) -> IRQ 20
[    0.304208] pci 0000:00:1c.0: setting latency timer to 64
[    0.304222] pci 0000:00:1c.1: PCI INT B -> GSI 21 (level, low) -> IRQ 21
[    0.304318] pci 0000:00:1c.1: setting latency timer to 64
[    0.304327] pci 0000:00:1c.2: PCI INT C -> GSI 22 (level, low) -> IRQ 22
[    0.304411] pci 0000:00:1c.2: setting latency timer to 64
[    0.304423] pci 0000:00:1c.3: PCI INT D -> GSI 23 (level, low) -> IRQ 23
[    0.304510] pci 0000:00:1c.3: setting latency timer to 64
[    0.304521] pci 0000:00:1c.4: PCI INT A -> GSI 20 (level, low) -> IRQ 20
[    0.304616] pci 0000:00:1c.4: setting latency timer to 64
[    0.304623] pci 0000:00:1e.0: enabling device (0005 -> 0007)
[    0.304706] pci 0000:00:1e.0: setting latency timer to 64
[    0.304722] pci 0000:15:00.0: PCI INT A -> GSI 16 (level, low) -> IRQ 16
[    0.304809] pci 0000:15:00.0: setting latency timer to 64
[    0.304813] pci_bus 0000:00: resource 0 io:  [0x00-0xffff]
[    0.304815] pci_bus 0000:00: resource 1 mem: [0x000000-0xffffffff]
[    0.304817] pci_bus 0000:02: resource 0 io:  [0x2000-0x2fff]
[    0.304819] pci_bus 0000:02: resource 1 mem: [0xfc000000-0xfdffffff]
[    0.304820] pci_bus 0000:02: resource 2 pref mem [0xf8000000-0xf80fffff]
[    0.304822] pci_bus 0000:03: resource 0 io:  [0x3000-0x3fff]
[    0.304824] pci_bus 0000:03: resource 1 mem: [0xdc000000-0xdf3fffff]
[    0.304826] pci_bus 0000:03: resource 2 pref mem [0xdfe00000-0xdfefffff]
[    0.304828] pci_bus 0000:04: resource 0 io:  [0x4000-0x4fff]
[    0.304830] pci_bus 0000:04: resource 1 mem: [0xd8000000-0xd9ffffff]
[    0.304831] pci_bus 0000:04: resource 2 pref mem [0xdfb00000-0xdfbfffff]
[    0.304833] pci_bus 0000:05: resource 0 io:  [0x5000-0x5fff]
[    0.304835] pci_bus 0000:05: resource 1 mem: [0xd4000000-0xd5ffffff]
[    0.304837] pci_bus 0000:05: resource 2 pref mem [0xdf800000-0xdf8fffff]
[    0.304838] pci_bus 0000:0d: resource 0 io:  [0x6000-0x6fff]
[    0.304840] pci_bus 0000:0d: resource 1 mem: [0xd0000000-0xd1ffffff]
[    0.304842] pci_bus 0000:0d: resource 2 pref mem [0xdf500000-0xdf5fffff]
[    0.304844] pci_bus 0000:15: resource 0 io:  [0x7000-0xafff]
[    0.304846] pci_bus 0000:15: resource 1 mem: [0xf8300000-0xfbffffff]
[    0.304847] pci_bus 0000:15: resource 2 pref mem [0xf4000000-0xf7ffffff]
[    0.304849] pci_bus 0000:15: resource 3 io:  [0x00-0xffff]
[    0.304851] pci_bus 0000:15: resource 4 mem: [0x000000-0xffffffff]
[    0.304852] pci_bus 0000:16: resource 0 io:  [0x7000-0x70ff]
[    0.304854] pci_bus 0000:16: resource 1 io:  [0x7400-0x74ff]
[    0.304856] pci_bus 0000:16: resource 2 pref mem [0xf4000000-0xf7ffffff]
[    0.304858] pci_bus 0000:16: resource 3 mem: [0x40000000-0x43ffffff]
[    0.304869] NET: Registered protocol family 2
[    0.304955] RANDOM - __random32 called. Change num 7.  Value: 7ba3d01e	3ca905be	d2026a24
[    0.304957] RANDOM - random32 called.  Value: 7ba3d01e	3ca905be	d2026a24
[    0.304961] random 0000 0000 0000 5f8db4e5 4cfdf2a8: rand_read_num 3 get_random_bytes(4): sig fffffb64 5f8db4e5 4cfdf2a8
[    0.304963] random 0000 0000 0000 5f8db4e5 4cfdf2a8: extract_entropy(.. 4 ..)
[    0.304965] random 0000 0000 0000 5f8db4e5 4cfdf2a8: going to reseed nonblocking with 64 bits (32 of 0 requested)
[    0.304968] random 0000 0000 0000 5f8db4e5 4cfdf2a8: extract_entropy(.. 8 ..)
[    0.304970] random 0000 0000 0000 5f8db4e5 4cfdf2a8: trying to extract 64 bits from input
[    0.304972] random 0000 0000 0000 5f8db4e5 4cfdf2a8: debiting 0 entropy credits from input
[    0.304973] random 0000 0000 0000 5f8db4e5 4cfdf2a8: extract_entropy account returned: 0 
[    0.304977] random 0000 0000 0000 5f8db4e5 4cfdf2a8: urand_change_num 5 xfer_secondary_pool(4): pool_sig fffffb64, data_sig 00000000, bytes_mixed 0 5f8db4e5 4cfdf2a8
[    0.304979] random 0000 0000 0000 5f8db4e5 4cfdf2a8: trying to extract 32 bits from nonblocking
[    0.304982] random 0000 0000 0000 5f8db4e5 4cfdf2a8: debiting 32 entropy credits from nonblocking (unlimited)
[    0.304984] random 0000 0000 0000 5f8db4e5 4cfdf2a8: extract_entropy account returned: 4 
[    0.304988] random 0000 0000 0000 5f8db4e5 4cfdf2a8: urand_change_num 6 extract_buf: pool_sig fffffb64, data_sig 00000241, bytes_mixed 20 5f8db4e5 4cfdf2a8
[    0.304997] IP route cache hash table entries: 32768 (order: 5, 131072 bytes)
[    0.305125] RANDOM - __random32 called. Change num 8.  Value: 3d01e034	ca905be7	d4484227
[    0.305127] RANDOM - random32 called.  Value: 3d01e034	ca905be7	d4484227
[    0.305137] RANDOM - __random32 called. Change num 9.  Value: 1e034020	a905be70	844ec14a
[    0.305139] RANDOM - random32 called.  Value: 1e034020	a905be70	844ec14a
[    0.305141] RANDOM - __random32 called. Change num 10.  Value: 34020ec0	905be706	8294c719
[    0.305143] RANDOM - random32 called.  Value: 34020ec0	905be706	8294c719
[    0.305153] RANDOM - __random32 called. Change num 11.  Value: 20ec0ebb	5be7068	8e32c65f
[    0.305155] RANDOM - random32 called.  Value: 20ec0ebb	5be7068	8e32c65f
[    0.305165] TCP established hash table entries: 131072 (order: 8, 1048576 bytes)
[    0.305658] TCP bind hash table entries: 65536 (order: 6, 262144 bytes)
[    0.305846] TCP: Hash tables configured (established 131072 bind 65536)
[    0.305933] TCP reno registered
[    0.306035] NET: Registered protocol family 1
[    0.306146] RPC: Registered udp transport module.
[    0.306230] RPC: Registered tcp transport module.
[    0.306309] RPC: Registered tcp NFSv4.1 backchannel transport module.
[    0.306407] pci 0000:00:02.0: Boot video device
[    0.306621] Simple Boot Flag at 0x35 set to 0x1
[    0.307173] highmem bounce pool size: 64 pages
[    0.308668] VFS: Disk quotas dquot_6.5.2
[    0.308784] Dquot-cache hash table entries: 1024 (order 0, 4096 bytes)
[    0.309527] NTFS driver 2.1.29 [Flags: R/W].
[    0.309684] ROMFS MTD (C) 2007 Red Hat, Inc.
[    0.309888] JFS: nTxBlock = 7695, nTxLock = 61562
[    0.312354] SGI XFS with ACLs, security attributes, large block/inode numbers, no debug enabled
[    0.312821] SGI XFS Quota Management subsystem
[    0.313113] Slow work thread pool: Starting up
[    0.313205] Slow work thread pool: Ready
[    0.313290] GFS2 (built May 24 2013 02:47:17) installed
[    0.313381] msgmni has been set to 1734
[    0.313539] alg: No test for cipher_null (cipher_null-generic)
[    0.313630] alg: No test for ecb(cipher_null) (ecb-cipher_null)
[    0.313726] alg: No test for digest_null (digest_null-generic)
[    0.313815] alg: No test for compress_null (compress_null-generic)
[    0.314373] alg: No test for fcrypt (fcrypt-generic)
[    0.315797] alg: No test for stdrng (krng)
[    0.315896] async_tx: api initialized (async)
[    0.316039] Block layer SCSI generic (bsg) driver version 0.4 loaded (major 254)
[    0.316151] io scheduler noop registered
[    0.316240] io scheduler anticipatory registered
[    0.316333] io scheduler deadline registered
[    0.316457] io scheduler cfq registered (default)
[    0.316704] pcieport 0000:00:1c.0: irq 24 for MSI/MSI-X
[    0.316721] pcieport 0000:00:1c.0: setting latency timer to 64
[    0.316920] pcieport 0000:00:1c.1: irq 25 for MSI/MSI-X
[    0.316929] pcieport 0000:00:1c.1: setting latency timer to 64
[    0.317110] pcieport 0000:00:1c.2: irq 26 for MSI/MSI-X
[    0.317122] pcieport 0000:00:1c.2: setting latency timer to 64
[    0.317297] pcieport 0000:00:1c.3: irq 27 for MSI/MSI-X
[    0.317308] pcieport 0000:00:1c.3: setting latency timer to 64
[    0.317490] pcieport 0000:00:1c.4: irq 28 for MSI/MSI-X
[    0.317502] pcieport 0000:00:1c.4: setting latency timer to 64
[    0.317646] pci_hotplug: PCI Hot Plug PCI Core version: 0.5
[    0.317830] isapnp: Scanning for PnP cards...
[    0.678379] isapnp: No Plug & Play device found
[    0.678460] random 0000 0000 0000 5f8db4e5 4cfdf2a8: initializing
[    0.697990] Serial: 8250/16550 driver, 4 ports, IRQ sharing enabled
[    3.709206] floppy0: no floppy controllers found
[    3.710134] brd: module loaded
[    3.710638] loop: module loaded
[    3.710719] Compaq SMART2 Driver (v 2.6.0)
[    3.710833] HP CISS Driver (v 3.6.20)
[    3.711075] input: Macintosh mouse button emulation as /devices/virtual/input/input0
[    3.711213] Uniform Multi-Platform E-IDE driver
[    3.711432] piix 0000:00:1f.1: IDE controller (0x8086:0x2850 rev 0x03)
[    3.711533] pci 0000:00:1f.1: PCI INT C -> GSI 16 (level, low) -> IRQ 16
[    3.711635] piix 0000:00:1f.1: IDE port disabled
[    3.711727] piix 0000:00:1f.1: not 100% native mode: will probe irqs later
[    3.711821]     ide0: BM-DMA at 0x1c00-0x1c07
[    3.711918] Probing IDE interface ide0...
[    4.383492] hda: HL-DT-ST DVDRAM GSA-U10N, ATAPI CD/DVD-ROM drive
[    4.690333] hda: host max PIO4 wanted PIO255(auto-tune) selected PIO4
[    4.691101] hda: UDMA/33 mode selected
[    4.691570] ide0 at 0x1f0-0x1f7,0x3f6 on irq 14
[    4.695442] ide-gd driver 1.18
[    4.695547] ide-cd driver 5.00
[    4.696934] ide-cd: hda: ATAPI 24X DVD-ROM DVD-R/RAM CD-R/RW drive, 2048kB Cache
[    4.697340] Uniform CD-ROM driver Revision: 3.20
[    4.704491] Loading iSCSI transport class v2.0-870.
[    4.704768] rdac: device handler registered
[    4.704848] hp_sw: device handler registered
[    4.704929] emc: device handler registered
[    4.705009] alua: device handler registered
[    4.705993] Adaptec aacraid driver 1.1-5[2461]-ms
[    4.706407] scsi: <fdomain> Detection failed (no card)
[    4.706492] sym53c416.c: Version 1.0.0-ac
[    4.706598] qlogicfas: no cards were found, please specify I/O address and IRQ using iobase= and irq= options
[    4.706721] QLogic Fibre Channel HBA Driver: 8.03.01-k6
[    4.706927] iscsi: registered transport (qla4xxx)
[    4.707026] QLogic iSCSI HBA Driver
[    4.707104] Emulex LightPulse Fibre Channel SCSI driver 8.3.4
[    4.707187] Copyright(c) 2004-2009 Emulex.  All rights reserved.
[    4.729323] Failed initialization of WD-7000 SCSI card!
[    4.818888] DC390: clustering now enabled by default. If you get problems load
[    4.819001]        with "disable_clustering=1" and report to maintainers
[    4.819128] megaraid cmm: 2.20.2.7 (Release Date: Sun Jul 16 00:01:03 EST 2006)
[    4.819278] megaraid: 2.20.5.1 (Release Date: Thu Nov 16 15:32:35 EST 2006)
[    4.819393] megasas: 00.00.04.01 Thu July 24 11:41:51 PST 2008
[    4.819519] GDT-HA: Storage RAID Controller Driver. Version: 3.05
[    4.819668] 3ware Storage Controller device driver for Linux v1.26.02.002.
[    4.819770] 3ware 9000 Storage Controller device driver for Linux v2.26.02.012.
[    4.819908] nsp32: loading...
[    4.820005] ipr: IBM Power RAID SCSI Device Driver version: 2.4.3 (June 10, 2009)
[    4.820152] RocketRAID 3xxx/4xxx Controller driver v1.6 (090910)
[    4.820252] stex: Promise SuperTrak EX Driver version: 4.6.0000.3
[    4.820385] st: Version 20081215, fixed bufsize 32768, s/g segs 256
[    4.820563] ahci 0000:00:1f.2: version 3.0
[    4.820577] ahci 0000:00:1f.2: PCI INT B -> GSI 16 (level, low) -> IRQ 16
[    4.820699] ahci 0000:00:1f.2: irq 29 for MSI/MSI-X
[    4.820758] ahci 0000:00:1f.2: AHCI 0001.0100 32 slots 3 ports 1.5 Gbps 0x5 impl SATA mode
[    4.820873] ahci 0000:00:1f.2: flags: 64bit ncq sntf pm led clo pio slum part ccc 
[    4.820988] ahci 0000:00:1f.2: setting latency timer to 64
[    4.821131] scsi2 : ahci
[    4.821287] scsi3 : ahci
[    4.821436] scsi4 : ahci
[    4.821594] ata1: SATA max UDMA/133 abar m2048@0xfe226000 port 0xfe226100 irq 29
[    4.821707] ata2: DUMMY
[    4.821786] ata3: SATA max UDMA/133 abar m2048@0xfe226000 port 0xfe226200 irq 29
[    4.822402] I2O subsystem v1.325
[    4.822484] i2o: max drivers = 8
[    4.822620] I2O Configuration OSM v1.323
[    4.822713] I2O Bus Adapter OSM v1.317
[    4.822805] I2O Block Device OSM v1.325
[    4.822953] I2O SCSI Peripheral OSM v1.316
[    4.823047] I2O ProcFS OSM v1.316
[    4.823142] Fusion MPT base driver 3.04.12
[    4.823220] Copyright (c) 1999-2008 LSI Corporation
[    4.823302] Fusion MPT SPI Host driver 3.04.12
[    4.823456] Fusion MPT FC Host driver 3.04.12
[    4.823562] Fusion MPT SAS Host driver 3.04.12
[    4.823703] ohci1394 0000:15:00.1: PCI INT B -> GSI 17 (level, low) -> IRQ 17
[    4.823794] ohci1394 0000:15:00.1: setting latency timer to 64
[    4.877360] ohci1394: fw-host0: OHCI-1394 1.1 (PCI): IRQ=[17]  MMIO=[f8301000-f83017ff]  Max Packet=[2048]  IR/IT contexts=[4/4]
[    4.881622] ehci_hcd: USB 2.0 'Enhanced' Host Controller (EHCI) Driver
[    4.881893] ehci_hcd 0000:00:1a.7: power state changed by ACPI to D0
[    4.882163] ehci_hcd 0000:00:1a.7: power state changed by ACPI to D0
[    4.882266] ehci_hcd 0000:00:1a.7: PCI INT C -> GSI 22 (level, low) -> IRQ 22
[    4.882363] ehci_hcd 0000:00:1a.7: setting latency timer to 64
[    4.882368] ehci_hcd 0000:00:1a.7: EHCI Host Controller
[    4.882500] ehci_hcd 0000:00:1a.7: new USB bus registered, assigned bus number 1
[    4.886529] ehci_hcd 0000:00:1a.7: cache line size of 32 is not supported
[    4.886536] ehci_hcd 0000:00:1a.7: irq 22, io mem 0xfe226c00
[    4.896323] ehci_hcd 0000:00:1a.7: USB 2.0 started, EHCI 1.00
[    4.896428] usb usb1: New USB device found, idVendor=1d6b, idProduct=0002
[    4.896514] usb usb1: New USB device strings: Mfr=3, Product=2, SerialNumber=1
[    4.896626] usb usb1: Product: EHCI Host Controller
[    4.896718] usb usb1: Manufacturer: Linux 2.6.32.57 ehci_hcd
[    4.896803] usb usb1: SerialNumber: 0000:00:1a.7
[    4.896939] usb usb1: configuration #1 chosen from 1 choice
[    4.897053] hub 1-0:1.0: USB hub found
[    4.897145] hub 1-0:1.0: 4 ports detected
[    4.897450] ehci_hcd 0000:00:1d.7: power state changed by ACPI to D0
[    4.897695] ehci_hcd 0000:00:1d.7: power state changed by ACPI to D0
[    4.897785] ehci_hcd 0000:00:1d.7: PCI INT D -> GSI 19 (level, low) -> IRQ 19
[    4.897874] ehci_hcd 0000:00:1d.7: setting latency timer to 64
[    4.897877] ehci_hcd 0000:00:1d.7: EHCI Host Controller
[    4.897994] ehci_hcd 0000:00:1d.7: new USB bus registered, assigned bus number 2
[    4.898138] ehci_hcd 0000:00:1d.7: debug port 1
[    4.902123] ehci_hcd 0000:00:1d.7: cache line size of 32 is not supported
[    4.902132] ehci_hcd 0000:00:1d.7: irq 19, io mem 0xfe227000
[    4.912325] ehci_hcd 0000:00:1d.7: USB 2.0 started, EHCI 1.00
[    4.912423] usb usb2: New USB device found, idVendor=1d6b, idProduct=0002
[    4.912504] usb usb2: New USB device strings: Mfr=3, Product=2, SerialNumber=1
[    4.912617] usb usb2: Product: EHCI Host Controller
[    4.912696] usb usb2: Manufacturer: Linux 2.6.32.57 ehci_hcd
[    4.912784] usb usb2: SerialNumber: 0000:00:1d.7
[    4.912924] usb usb2: configuration #1 chosen from 1 choice
[    4.913032] hub 2-0:1.0: USB hub found
[    4.913113] hub 2-0:1.0: 6 ports detected
[    4.913290] 116x: driver isp116x-hcd, 03 Nov 2005
[    4.913391] ohci_hcd: USB 1.1 'Open' Host Controller (OHCI) Driver
[    4.913501] uhci_hcd: USB Universal Host Controller Interface driver
[    4.913600] uhci_hcd 0000:00:1a.0: PCI INT A -> GSI 20 (level, low) -> IRQ 20
[    4.913689] uhci_hcd 0000:00:1a.0: setting latency timer to 64
[    4.913694] uhci_hcd 0000:00:1a.0: UHCI Host Controller
[    4.913816] uhci_hcd 0000:00:1a.0: new USB bus registered, assigned bus number 3
[    4.913965] uhci_hcd 0000:00:1a.0: irq 20, io base 0x00001860
[    4.914076] usb usb3: New USB device found, idVendor=1d6b, idProduct=0001
[    4.914160] usb usb3: New USB device strings: Mfr=3, Product=2, SerialNumber=1
[    4.914277] usb usb3: Product: UHCI Host Controller
[    4.914377] usb usb3: Manufacturer: Linux 2.6.32.57 uhci_hcd
[    4.914458] usb usb3: SerialNumber: 0000:00:1a.0
[    4.914593] usb usb3: configuration #1 chosen from 1 choice
[    4.914700] hub 3-0:1.0: USB hub found
[    4.914782] hub 3-0:1.0: 2 ports detected
[    4.915086] uhci_hcd 0000:00:1a.1: power state changed by ACPI to D0
[    4.915317] uhci_hcd 0000:00:1a.1: power state changed by ACPI to D0
[    4.915410] uhci_hcd 0000:00:1a.1: PCI INT B -> GSI 21 (level, low) -> IRQ 21
[    4.915501] uhci_hcd 0000:00:1a.1: setting latency timer to 64
[    4.915505] uhci_hcd 0000:00:1a.1: UHCI Host Controller
[    4.915632] uhci_hcd 0000:00:1a.1: new USB bus registered, assigned bus number 4
[    4.915783] uhci_hcd 0000:00:1a.1: irq 21, io base 0x00001880
[    4.915885] usb usb4: New USB device found, idVendor=1d6b, idProduct=0001
[    4.915968] usb usb4: New USB device strings: Mfr=3, Product=2, SerialNumber=1
[    4.916084] usb usb4: Product: UHCI Host Controller
[    4.916166] usb usb4: Manufacturer: Linux 2.6.32.57 uhci_hcd
[    4.916253] usb usb4: SerialNumber: 0000:00:1a.1
[    4.916399] usb usb4: configuration #1 chosen from 1 choice
[    4.916507] hub 4-0:1.0: USB hub found
[    4.916587] hub 4-0:1.0: 2 ports detected
[    4.916871] uhci_hcd 0000:00:1d.0: power state changed by ACPI to D0
[    4.917108] uhci_hcd 0000:00:1d.0: power state changed by ACPI to D0
[    4.917207] uhci_hcd 0000:00:1d.0: PCI INT A -> GSI 16 (level, low) -> IRQ 16
[    4.917304] uhci_hcd 0000:00:1d.0: setting latency timer to 64
[    4.917309] uhci_hcd 0000:00:1d.0: UHCI Host Controller
[    4.917447] uhci_hcd 0000:00:1d.0: new USB bus registered, assigned bus number 5
[    4.917602] uhci_hcd 0000:00:1d.0: irq 16, io base 0x000018a0
[    4.917715] usb usb5: New USB device found, idVendor=1d6b, idProduct=0001
[    4.917802] usb usb5: New USB device strings: Mfr=3, Product=2, SerialNumber=1
[    4.917915] usb usb5: Product: UHCI Host Controller
[    4.917994] usb usb5: Manufacturer: Linux 2.6.32.57 uhci_hcd
[    4.918079] usb usb5: SerialNumber: 0000:00:1d.0
[    4.918223] usb usb5: configuration #1 chosen from 1 choice
[    4.918345] hub 5-0:1.0: USB hub found
[    4.918429] hub 5-0:1.0: 2 ports detected
[    4.918566] uhci_hcd 0000:00:1d.1: PCI INT B -> GSI 17 (level, low) -> IRQ 17
[    4.918665] uhci_hcd 0000:00:1d.1: setting latency timer to 64
[    4.918668] uhci_hcd 0000:00:1d.1: UHCI Host Controller
[    4.918789] uhci_hcd 0000:00:1d.1: new USB bus registered, assigned bus number 6
[    4.918936] uhci_hcd 0000:00:1d.1: irq 17, io base 0x000018c0
[    4.919042] usb usb6: New USB device found, idVendor=1d6b, idProduct=0001
[    4.919131] usb usb6: New USB device strings: Mfr=3, Product=2, SerialNumber=1
[    4.919242] usb usb6: Product: UHCI Host Controller
[    4.919335] usb usb6: Manufacturer: Linux 2.6.32.57 uhci_hcd
[    4.919415] usb usb6: SerialNumber: 0000:00:1d.1
[    4.919540] usb usb6: configuration #1 chosen from 1 choice
[    4.919651] hub 6-0:1.0: USB hub found
[    4.919738] hub 6-0:1.0: 2 ports detected
[    4.920031] uhci_hcd 0000:00:1d.2: power state changed by ACPI to D0
[    4.920276] uhci_hcd 0000:00:1d.2: power state changed by ACPI to D0
[    4.920371] uhci_hcd 0000:00:1d.2: PCI INT C -> GSI 18 (level, low) -> IRQ 18
[    4.920461] uhci_hcd 0000:00:1d.2: setting latency timer to 64
[    4.920465] uhci_hcd 0000:00:1d.2: UHCI Host Controller
[    4.920585] uhci_hcd 0000:00:1d.2: new USB bus registered, assigned bus number 7
[    4.920729] uhci_hcd 0000:00:1d.2: irq 18, io base 0x000018e0
[    4.920839] usb usb7: New USB device found, idVendor=1d6b, idProduct=0001
[    4.920932] usb usb7: New USB device strings: Mfr=3, Product=2, SerialNumber=1
[    4.921044] usb usb7: Product: UHCI Host Controller
[    4.921134] usb usb7: Manufacturer: Linux 2.6.32.57 uhci_hcd
[    4.921223] usb usb7: SerialNumber: 0000:00:1d.2
[    4.922011] usb usb7: configuration #1 chosen from 1 choice
[    4.922120] hub 7-0:1.0: USB hub found
[    4.922203] hub 7-0:1.0: 2 ports detected
[    4.922373] sl811: driver sl811-hcd, 19 May 2005
[    4.922470] r8a66597_hcd: driver r8a66597_hcd, 2009-05-26
[    4.922630] Initializing USB Mass Storage driver...
[    4.922758] usbcore: registered new interface driver usb-storage
[    4.922843] USB Mass Storage support registered.
[    4.922937] usbcore: registered new interface driver ums-alauda
[    4.923042] usbcore: registered new interface driver ums-cypress
[    4.923149] usbcore: registered new interface driver ums-datafab
[    4.923248] usbcore: registered new interface driver ums-freecom
[    4.923362] usbcore: registered new interface driver ums-isd200
[    4.923463] usbcore: registered new interface driver ums-jumpshot
[    4.923569] usbcore: registered new interface driver ums-karma
[    4.923667] usbcore: registered new interface driver ums-onetouch
[    4.923771] usbcore: registered new interface driver ums-sddr09
[    4.923870] usbcore: registered new interface driver ums-sddr55
[    4.923975] usbcore: registered new interface driver ums-usbat
[    4.924110] PNP: PS/2 Controller [PNP0303:KBD,PNP0f13:MOU] at 0x60,0x64 irq 1,12
[    4.932001] serio: i8042 KBD port at 0x60,0x64 irq 1
[    4.932090] serio: i8042 AUX port at 0x60,0x64 irq 12
[    4.932342] mice: PS/2 mouse device common for all mice
[    4.932446] i2c /dev entries driver
[    4.932583] md: linear personality registered for level -1
[    4.932665] md: raid0 personality registered for level 0
[    4.932745] md: raid1 personality registered for level 1
[    4.932831] md: raid10 personality registered for level 10
[    4.932915] md: raid6 personality registered for level 6
[    4.932994] md: raid5 personality registered for level 5
[    4.933077] md: raid4 personality registered for level 4
[    4.933162] md: multipath personality registered for level -4
[    4.933375] device-mapper: ioctl: 4.15.0-ioctl (2009-04-01) initialised: dm-devel@redhat.com
[    4.933567] cpuidle: using governor ladder
[    4.934159] usbcore: registered new interface driver usbhid
[    4.934245] usbhid: v2.6:USB HID core driver
[    4.934399] random 0000 0000 0000 00000000 00000000: rand_read_num 4 get_random_bytes(136): sig 00000000 00000000 00000000
[    4.934401] random 0000 0000 0000 00000000 00000000: extract_entropy(.. 136 ..)
[    4.934404] random 0000 0000 0000 00000000 00000000: going to reseed nonblocking with 1024 bits (1088 of 0 requested)
[    4.934406] random 0000 0000 0000 00000000 00000000: extract_entropy(.. 128 ..)
[    4.934409] random 0000 0000 0000 00000000 00000000: trying to extract 1024 bits from input
[    4.934411] random 0000 0000 0000 00000000 00000000: debiting 0 entropy credits from input
[    4.934413] random 0000 0000 0000 00000000 00000000: extract_entropy account returned: 0 
[    4.934415] random 0000 0000 0000 00000000 00000000: urand_change_num 7 xfer_secondary_pool(136): pool_sig 00000000, data_sig 00000000, bytes_mixed 0 00000000 00000000
[    4.934419] random 0000 0000 0000 00000000 00000000: trying to extract 1088 bits from nonblocking
[    4.934421] random 0000 0000 0000 00000000 00000000: debiting 1088 entropy credits from nonblocking (unlimited)
[    4.934423] random 0000 0000 0000 00000000 00000000: extract_entropy account returned: 136 
[    4.934427] random 0000 0000 0000 00000000 00000000: urand_change_num 8 extract_buf: pool_sig 00000000, data_sig fffffff9, bytes_mixed 20 00000000 00000000
[    4.934433] random 0000 0000 0000 b7c35b56 be4dc95d: urand_change_num 9 extract_buf: pool_sig fffffd1e, data_sig 000000c5, bytes_mixed 20 b7c35b56 be4dc95d
[    4.934438] random 0000 0000 0000 ed9f5c47 c48487fb: urand_change_num 10 extract_buf: pool_sig fffff8ec, data_sig ffffff68, bytes_mixed 20 ed9f5c47 c48487fb
[    4.934444] random 0000 0000 0000 ed9f5c47 c48487fb: urand_change_num 11 extract_buf: pool_sig fffffaed, data_sig 000001aa, bytes_mixed 20 ed9f5c47 c48487fb
[    4.934449] random 0000 0000 0000 1b4f7c0a 91bd6a48: urand_change_num 12 extract_buf: pool_sig fffffdd8, data_sig 00000064, bytes_mixed 20 1b4f7c0a 91bd6a48
[    4.934454] random 0000 0000 0000 a254b9bc 20e9a24f: urand_change_num 13 extract_buf: pool_sig fffffbe6, data_sig 000001dd, bytes_mixed 20 a254b9bc 20e9a24f
[    4.934459] random 0000 0000 0000 a254b9bc 20e9a24f: urand_change_num 14 extract_buf: pool_sig fffff940, data_sig fffffe20, bytes_mixed 20 a254b9bc 20e9a24f
[    4.934464] random 0000 0000 0000 2831a66b 5fa2a3ad: urand_change_num 15 extract_buf: pool_sig fffffbce, data_sig 0000007e, bytes_mixed 20 2831a66b 5fa2a3ad
[    4.934469] random 0000 0000 0000 2831a66b 5fa2a3ad: urand_change_num 16 extract_buf: pool_sig 000004df, data_sig fffffe8f, bytes_mixed 20 2831a66b 5fa2a3ad
[    4.934474] random 0000 0000 0000 d4512bfd c9a54e0b: urand_change_num 17 extract_buf: pool_sig 00000485, data_sig fffffe68, bytes_mixed 20 d4512bfd c9a54e0b
[    4.934480] random 0000 0000 0000 c7371be6 f9ffea11: urand_change_num 18 extract_buf: pool_sig 00000095, data_sig ffffffed, bytes_mixed 20 c7371be6 f9ffea11
[    4.934485] random 0000 0000 0000 c7371be6 f9ffea11: urand_change_num 19 extract_buf: pool_sig 000003a7, data_sig fffffefa, bytes_mixed 20 c7371be6 f9ffea11
[    4.934490] random 0000 0000 0000 8fb4b62c d1ddba54: urand_change_num 20 extract_buf: pool_sig 00000179, data_sig ffffff78, bytes_mixed 20 8fb4b62c d1ddba54
[    4.934495] random 0000 0000 0000 9ff19f9c c07a1d2a: urand_change_num 21 extract_buf: pool_sig fffffe88, data_sig 00000126, bytes_mixed 20 9ff19f9c c07a1d2a
[    4.934499] TCP cubic registered
[    4.934578] Initializing XFRM netlink socket
[    4.934663] NET: Registered protocol family 17
[    4.934749] Using IPI Shortcut mode
[    4.934837] random 0000 0000 0000 9ff19f9c c07a1d2a: rand_read_num 5 get_random_bytes(8): sig 0000031b 9ff19f9c c07a1d2a
[    4.934840] random 0000 0000 0000 9ff19f9c c07a1d2a: extract_entropy(.. 8 ..)
[    4.934842] random 0000 0000 0000 9ff19f9c c07a1d2a: going to reseed nonblocking with 64 bits (64 of 0 requested)
[    4.934844] random 0000 0000 0000 9ff19f9c c07a1d2a: extract_entropy(.. 8 ..)
[    4.934846] random 0000 0000 0000 9ff19f9c c07a1d2a: trying to extract 64 bits from input
[    4.934848] random 0000 0000 0000 9ff19f9c c07a1d2a: debiting 0 entropy credits from input
[    4.934850] random 0000 0000 0000 9ff19f9c c07a1d2a: extract_entropy account returned: 0 
[    4.934853] random 0000 0000 0000 9ff19f9c c07a1d2a: urand_change_num 22 xfer_secondary_pool(8): pool_sig 0000031b, data_sig 00000000, bytes_mixed 0 9ff19f9c c07a1d2a
[    4.934856] random 0000 0000 0000 9ff19f9c c07a1d2a: trying to extract 64 bits from nonblocking
[    4.934858] random 0000 0000 0000 9ff19f9c c07a1d2a: debiting 64 entropy credits from nonblocking (unlimited)
[    4.934860] random 0000 0000 0000 9ff19f9c c07a1d2a: extract_entropy account returned: 8 
[    4.934864] random 0000 0000 0000 9ff19f9c c07a1d2a: urand_change_num 23 extract_buf: pool_sig 0000031b, data_sig ffffffb3, bytes_mixed 20 9ff19f9c c07a1d2a
[    4.937277] input: AT Translated Set 2 keyboard as /devices/platform/i8042/serio0/input/input1
[    5.126357] ata3: SATA link down (SStatus 0 SControl 300)
[    5.126468] ata1: SATA link up 1.5 Gbps (SStatus 113 SControl 300)
[    5.128560] ata1.00: ACPI cmd ef/02:00:00:00:00:a0 (SET FEATURES) succeeded
[    5.128563] ata1.00: ACPI cmd f5/00:00:00:00:00:a0 (SECURITY FREEZE LOCK) filtered out
[    5.129954] ata1.00: ACPI cmd ef/5f:00:00:00:00:a0 (SET FEATURES) succeeded
[    5.129957] ata1.00: ACPI cmd ef/10:03:00:00:00:a0 (SET FEATURES) filtered out
[    5.131865] ata1.00: ATA-7: ST910021AS, 4.06, max UDMA/100
[    5.131944] ata1.00: 195371568 sectors, multi 16: LBA48 
[    5.134101] ata1.00: ACPI cmd ef/02:00:00:00:00:a0 (SET FEATURES) succeeded
[    5.134104] ata1.00: ACPI cmd f5/00:00:00:00:00:a0 (SECURITY FREEZE LOCK) filtered out
[    5.135501] ata1.00: ACPI cmd ef/5f:00:00:00:00:a0 (SET FEATURES) succeeded
[    5.135503] ata1.00: ACPI cmd ef/10:03:00:00:00:a0 (SET FEATURES) filtered out
[    5.137427] ata1.00: configured for UDMA/100
[    5.148413] scsi 2:0:0:0: Direct-Access     ATA      ST910021AS       4.06 PQ: 0 ANSI: 5
[    5.148691] sd 2:0:0:0: [sda] 195371568 512-byte logical blocks: (100 GB/93.1 GiB)
[    5.148825] sd 2:0:0:0: [sda] Write Protect is off
[    5.148910] sd 2:0:0:0: [sda] Mode Sense: 00 3a 00 00
[    5.148922] sd 2:0:0:0: [sda] Write cache: enabled, read cache: enabled, doesn't support DPO or FUA
[    5.149109]  sda:
[    5.214357] usb 2-1: new high speed USB device using ehci_hcd and address 2
[    5.363568] usb 2-1: New USB device found, idVendor=0e8d, idProduct=1806
[    5.363654] usb 2-1: New USB device strings: Mfr=1, Product=2, SerialNumber=3
[    5.363743] usb 2-1: Product: MT1806 
[    5.363828] usb 2-1: Manufacturer: MediaTek Inc
[    5.363910] usb 2-1: SerialNumber: R8KN6GAC800AEB 
[    5.364042] usb 2-1: configuration #1 chosen from 1 choice
[    5.370486] scsi5 : SCSI emulation for USB Mass Storage devices
[    5.370650] usb-storage: device found at 2
[    5.370651] usb-storage: waiting for device to settle before scanning
[    5.552559]  sda1 sda2
[    5.553012] sd 2:0:0:0: [sda] Attached SCSI disk
[    5.553106] random 0000 0000 0000 277f73c3 42024bb9: rand_read_num 6 get_random_bytes(12): sig 000007e9 277f73c3 42024bb9
[    5.553109] random 0000 0000 0000 277f73c3 42024bb9: extract_entropy(.. 12 ..)
[    5.553111] random 0000 0000 0000 277f73c3 42024bb9: going to reseed nonblocking with 96 bits (96 of 0 requested)
[    5.553113] random 0000 0000 0000 277f73c3 42024bb9: extract_entropy(.. 12 ..)
[    5.553115] random 0000 0000 0000 277f73c3 42024bb9: trying to extract 96 bits from input
[    5.553117] random 0000 0000 0000 277f73c3 42024bb9: debiting 0 entropy credits from input
[    5.553119] random 0000 0000 0000 277f73c3 42024bb9: extract_entropy account returned: 0 
[    5.553123] random 0000 0000 0000 277f73c3 42024bb9: urand_change_num 24 xfer_secondary_pool(12): pool_sig 000007e9, data_sig 00000000, bytes_mixed 0 277f73c3 42024bb9
[    5.553125] random 0000 0000 0000 277f73c3 42024bb9: trying to extract 96 bits from nonblocking
[    5.553128] random 0000 0000 0000 277f73c3 42024bb9: debiting 96 entropy credits from nonblocking (unlimited)
[    5.553130] random 0000 0000 0000 277f73c3 42024bb9: extract_entropy account returned: 12 
[    5.553134] random 0000 0000 0000 277f73c3 42024bb9: urand_change_num 25 extract_buf: pool_sig 000007e9, data_sig 00000088, bytes_mixed 20 277f73c3 42024bb9
[    5.553139] random 0000 0000 0000 277f73c3 42024bb9: urand_change_num 26 extract_buf: pool_sig 00000498, data_sig fffffefb, bytes_mixed 20 277f73c3 42024bb9
[    5.553142] RANDOM - __seed init called.
[    5.553143] RANDOM - __seed init called.
[    5.553144] RANDOM - __seed init called.
[    5.553146] RANDOM - __random32 called. Change num 12.  Value: 87f14767	f0d7351	b1e48bd3
[    5.553148] RANDOM - random32_reseed called.  Value: 87f14767	f0d7351	b1e48bd3
[    5.553150] Pid: 1, comm: swapper Not tainted 2.6.32.57 #3
[    5.553236] Call Trace:
[    5.553318]  [<c1923ca4>] ? random32_reseed+0xa0/0xb1
[    5.553407]  [<c1923c04>] ? random32_reseed+0x0/0xb1
[    5.553489]  [<c100111e>] ? do_one_initcall+0x2e/0x180
[    5.553581]  [<c1907265>] ? kernel_init+0xad/0x103
[    5.553667]  [<c19071b8>] ? kernel_init+0x0/0x103
[    5.553758]  [<c1003787>] ? kernel_thread_helper+0x7/0x10
[    5.554282] random 0000 0000 0000 386b4e60 ee4d4880: rand_read_num 7 get_random_bytes(64): sig fffffea5 386b4e60 ee4d4880
[    5.554284] random 0000 0000 0000 386b4e60 ee4d4880: extract_entropy(.. 64 ..)
[    5.554286] random 0000 0000 0000 386b4e60 ee4d4880: going to reseed nonblocking with 512 bits (512 of 0 requested)
[    5.554288] random 0000 0000 0000 386b4e60 ee4d4880: extract_entropy(.. 64 ..)
[    5.554290] random 0000 0000 0000 386b4e60 ee4d4880: trying to extract 512 bits from input
[    5.554292] random 0000 0000 0000 386b4e60 ee4d4880: debiting 0 entropy credits from input
[    5.554294] random 0000 0000 0000 386b4e60 ee4d4880: extract_entropy account returned: 0 
[    5.554297] random 0000 0000 0000 386b4e60 ee4d4880: urand_change_num 27 xfer_secondary_pool(64): pool_sig fffffea5, data_sig 00000000, bytes_mixed 0 386b4e60 ee4d4880
[    5.554300] random 0000 0000 0000 386b4e60 ee4d4880: trying to extract 512 bits from nonblocking
[    5.554303] random 0000 0000 0000 386b4e60 ee4d4880: debiting 512 entropy credits from nonblocking (unlimited)
[    5.554305] random 0000 0000 0000 386b4e60 ee4d4880: extract_entropy account returned: 64 
[    5.554309] random 0000 0000 0000 386b4e60 ee4d4880: urand_change_num 28 extract_buf: pool_sig fffffea5, data_sig 00000173, bytes_mixed 20 386b4e60 ee4d4880
[    5.554314] random 0000 0000 0000 412698f6 0cc8689a: urand_change_num 29 extract_buf: pool_sig 00000122, data_sig ffffff63, bytes_mixed 20 412698f6 0cc8689a
[    5.554319] random 0000 0000 0000 412698f6 0cc8689a: urand_change_num 30 extract_buf: pool_sig 000001f7, data_sig 00000012, bytes_mixed 20 412698f6 0cc8689a
[    5.554325] random 0000 0000 0000 9669941e 06f768b1: urand_change_num 31 extract_buf: pool_sig fffffb5b, data_sig 0000003f, bytes_mixed 20 9669941e 06f768b1
[    5.554330] random 0000 0000 0000 98486520 995551f0: urand_change_num 32 extract_buf: pool_sig fffffb39, data_sig 0000000e, bytes_mixed 20 98486520 995551f0
[    5.554335] random 0000 0000 0000 98486520 995551f0: urand_change_num 33 extract_buf: pool_sig fffffd8d, data_sig 000001a6, bytes_mixed 20 98486520 995551f0
[    5.554340] random 0000 0000 0000 61fc8914 d5882ed2: urand_change_num 34 extract_buf: pool_sig fffffa58, data_sig 0000023e, bytes_mixed 20 61fc8914 d5882ed2
[    5.554369] random 0000 0000 0000 61fc8914 d5882ed2: rand_read_num 8 get_random_bytes(64): sig fffff9ee 61fc8914 d5882ed2
[    5.554372] random 0000 0000 0000 61fc8914 d5882ed2: extract_entropy(.. 64 ..)
[    5.554374] random 0000 0000 0000 61fc8914 d5882ed2: going to reseed nonblocking with 512 bits (512 of 0 requested)
[    5.554376] random 0000 0000 0000 61fc8914 d5882ed2: extract_entropy(.. 64 ..)
[    5.554378] random 0000 0000 0000 61fc8914 d5882ed2: trying to extract 512 bits from input
[    5.554380] random 0000 0000 0000 61fc8914 d5882ed2: debiting 0 entropy credits from input
[    5.554386] random 0000 0000 0000 61fc8914 d5882ed2: extract_entropy account returned: 0 
[    5.554389] random 0000 0000 0000 61fc8914 d5882ed2: urand_change_num 35 xfer_secondary_pool(64): pool_sig fffff9ee, data_sig 00000000, bytes_mixed 0 61fc8914 d5882ed2
[    5.554391] random 0000 0000 0000 61fc8914 d5882ed2: trying to extract 512 bits from nonblocking
[    5.554394] random 0000 0000 0000 61fc8914 d5882ed2: debiting 512 entropy credits from nonblocking (unlimited)
[    5.554396] random 0000 0000 0000 61fc8914 d5882ed2: extract_entropy account returned: 64 
[    5.554400] random 0000 0000 0000 61fc8914 d5882ed2: urand_change_num 36 extract_buf: pool_sig fffff9ee, data_sig ffffff85, bytes_mixed 20 61fc8914 d5882ed2
[    5.554405] random 0000 0000 0000 70cfd302 e5edec11: urand_change_num 37 extract_buf: pool_sig fffffdc1, data_sig ffffffde, bytes_mixed 20 70cfd302 e5edec11
[    5.554410] random 0000 0000 0000 00dab838 eafd2b30: urand_change_num 38 extract_buf: pool_sig 000003da, data_sig ffffff61, bytes_mixed 20 00dab838 eafd2b30
[    5.554416] random 0000 0000 0000 00dab838 eafd2b30: urand_change_num 39 extract_buf: pool_sig 00000314, data_sig 00000121, bytes_mixed 20 00dab838 eafd2b30
[    5.554421] random 0000 0000 0000 5fcdf66a 6442b608: urand_change_num 40 extract_buf: pool_sig 0000028b, data_sig fffffefd, bytes_mixed 20 5fcdf66a 6442b608
[    5.554426] random 0000 0000 0000 61333f6b 8fae0f9b: urand_change_num 41 extract_buf: pool_sig 000000cb, data_sig 000000b3, bytes_mixed 20 61333f6b 8fae0f9b
[    5.554431] random 0000 0000 0000 61333f6b 8fae0f9b: urand_change_num 42 extract_buf: pool_sig fffffef8, data_sig 00000051, bytes_mixed 20 61333f6b 8fae0f9b
[    5.554434] BEGIN NET_SECRET:
[    5.554435] \xffffffe0
[    5.554435] \xffffffb6
[    5.554436] \x36
[    5.554437] \xffffffb5
[    5.554438] \xffffff94
[    5.554439] \xffffffb2
[    5.554440] \xffffffa8
[    5.554440] \xffffffda
[    5.554441] \x5b
[    5.554442] \x19
[    5.554442] \x18
[    5.554443] \x5c
[    5.554444] \x2b
[    5.554445] \x1
[    5.554446] \xffffff90
[    5.554446] \x19
[    5.554447] \x3c
[    5.554448] \xfffffff2
[    5.554449] \xffffff82
[    5.554449] \x2a
[    5.554450] \xffffffb3
[    5.554451] \xffffffa2
[    5.554452] \x3f
[    5.554452] \x5
[    5.554453] \x52
[    5.554454] \x77
[    5.554455] \x57
[    5.554455] \x79
[    5.554456] \x16
[    5.554457] \x43
[    5.554457] \xffffff84
[    5.554458] \xffffffc3
[    5.554459] \xffffffe9
[    5.554460] \x79
[    5.554460] \x50
[    5.554461] \xffffff8e
[    5.554462] \x3f
[    5.554463] \xfffffff3
[    5.554463] \x19
[    5.554464] \x2a
[    5.554465] \xfffffffd
[    5.554466] \xfffffffb
[    5.554466] \x62
[    5.554467] \x3c
[    5.554468] \xffffffac
[    5.554469] \x1c
[    5.554469] \x3b
[    5.554470] \x3b
[    5.554471] \x15
[    5.554471] \x27
[    5.554472] \xffffffa8
[    5.554473] \x22
[    5.554474] \xffffffc5
[    5.554474] \xffffff9a
[    5.554475] \x5
[    5.554476] \x6c
[    5.554477] \xffffffa8
[    5.554477] \x3a
[    5.554478] \x44
[    5.554479] \xffffffaf
[    5.554480] \x13
[    5.554480] \xffffffe0
[    5.554481] \xffffff9d
[    5.554482] \x22
[    5.554483] 
[    5.554483] END NET_SECRET
[    5.554486] random 0000 0000 0000 e7f555d9 e8ce5c3c: rand_read_num 9 get_random_bytes(4): sig 0000068c e7f555d9 e8ce5c3c
[    5.554488] random 0000 0000 0000 e7f555d9 e8ce5c3c: extract_entropy(.. 4 ..)
[    5.554491] random 0000 0000 0000 e7f555d9 e8ce5c3c: going to reseed nonblocking with 64 bits (32 of 0 requested)
[    5.554493] random 0000 0000 0000 e7f555d9 e8ce5c3c: extract_entropy(.. 8 ..)
[    5.554495] random 0000 0000 0000 e7f555d9 e8ce5c3c: trying to extract 64 bits from input
[    5.554497] random 0000 0000 0000 e7f555d9 e8ce5c3c: debiting 0 entropy credits from input
[    5.554499] random 0000 0000 0000 e7f555d9 e8ce5c3c: extract_entropy account returned: 0 
[    5.554502] random 0000 0000 0000 e7f555d9 e8ce5c3c: urand_change_num 43 xfer_secondary_pool(4): pool_sig 0000068c, data_sig 00000000, bytes_mixed 0 e7f555d9 e8ce5c3c
[    5.554504] random 0000 0000 0000 e7f555d9 e8ce5c3c: trying to extract 32 bits from nonblocking
[    5.554507] random 0000 0000 0000 e7f555d9 e8ce5c3c: debiting 32 entropy credits from nonblocking (unlimited)
[    5.554509] random 0000 0000 0000 e7f555d9 e8ce5c3c: extract_entropy account returned: 4 
[    5.554513] random 0000 0000 0000 e7f555d9 e8ce5c3c: urand_change_num 44 extract_buf: pool_sig 0000068c, data_sig fffffdcb, bytes_mixed 20 e7f555d9 e8ce5c3c
[    5.554524] md: Waiting for all devices to be available before autodetect
[    5.554615] md: If you don't use raid, use raid=noautodetect
[    5.554784] md: Autodetecting RAID arrays.
[    5.554866] md: Scanned 0 and added 0 devices.
[    5.554950] md: autorun ...
[    5.555027] md: ... autorun DONE.
[    5.574568] EXT3-fs: sda2: couldn't mount because of unsupported optional features (240).
[    5.574793] EXT2-fs: sda2: couldn't mount because of unsupported optional features (240).
[    5.576070] random 0000 0000 0000 e7f555d9 e8ce5c3c: rand_read_num 10 get_random_bytes(4): sig ffffff72 e7f555d9 e8ce5c3c
[    5.576073] random 0000 0000 0000 e7f555d9 e8ce5c3c: extract_entropy(.. 4 ..)
[    5.576075] random 0000 0000 0000 e7f555d9 e8ce5c3c: going to reseed nonblocking with 64 bits (32 of 0 requested)
[    5.576077] random 0000 0000 0000 e7f555d9 e8ce5c3c: extract_entropy(.. 8 ..)
[    5.576079] random 0000 0000 0000 e7f555d9 e8ce5c3c: trying to extract 64 bits from input
[    5.576082] random 0000 0000 0000 e7f555d9 e8ce5c3c: debiting 0 entropy credits from input
[    5.576083] random 0000 0000 0000 e7f555d9 e8ce5c3c: extract_entropy account returned: 0 
[    5.576087] random 0000 0000 0000 e7f555d9 e8ce5c3c: urand_change_num 45 xfer_secondary_pool(4): pool_sig ffffff72, data_sig 00000000, bytes_mixed 0 e7f555d9 e8ce5c3c
[    5.576090] random 0000 0000 0000 e7f555d9 e8ce5c3c: trying to extract 32 bits from nonblocking
[    5.576092] random 0000 0000 0000 e7f555d9 e8ce5c3c: debiting 32 entropy credits from nonblocking (unlimited)
[    5.576094] random 0000 0000 0000 e7f555d9 e8ce5c3c: extract_entropy account returned: 4 
[    5.576098] random 0000 0000 0000 e7f555d9 e8ce5c3c: urand_change_num 46 extract_buf: pool_sig ffffff72, data_sig ffffff72, bytes_mixed 20 e7f555d9 e8ce5c3c
[    5.611220] EXT4-fs (sda2): mounted filesystem with ordered data mode
[    5.611405] VFS: Mounted root (ext4 filesystem) readonly on device 8:2.
[    5.611503] Freeing unused kernel memory: 448k freed
[    5.681880] random 0000 0000 0000 91716c54 eeb6a1e7: rand_read_num 11 get_random_bytes(16): sig fffffcad 91716c54 eeb6a1e7
[    5.681883] random 0000 0000 0000 91716c54 eeb6a1e7: extract_entropy(.. 16 ..)
[    5.681885] random 0000 0000 0000 91716c54 eeb6a1e7: going to reseed nonblocking with 128 bits (128 of 0 requested)
[    5.681888] random 0000 0000 0000 91716c54 eeb6a1e7: extract_entropy(.. 16 ..)
[    5.681890] random 0000 0000 0000 91716c54 eeb6a1e7: trying to extract 128 bits from input
[    5.681892] random 0000 0000 0000 91716c54 eeb6a1e7: debiting 0 entropy credits from input
[    5.681894] random 0000 0000 0000 91716c54 eeb6a1e7: extract_entropy account returned: 0 
[    5.681897] random 0000 0000 0000 91716c54 eeb6a1e7: urand_change_num 47 xfer_secondary_pool(16): pool_sig fffffcad, data_sig 00000000, bytes_mixed 0 91716c54 eeb6a1e7
[    5.681900] random 0000 0000 0000 91716c54 eeb6a1e7: trying to extract 128 bits from nonblocking
[    5.681902] random 0000 0000 0000 91716c54 eeb6a1e7: debiting 128 entropy credits from nonblocking (unlimited)
[    5.681904] random 0000 0000 0000 91716c54 eeb6a1e7: extract_entropy account returned: 16 
[    5.681908] random 0000 0000 0000 91716c54 eeb6a1e7: urand_change_num 48 extract_buf: pool_sig fffffcad, data_sig ffffff19, bytes_mixed 20 91716c54 eeb6a1e7
[    5.681913] random 0000 0000 0000 fd637b06 6cf47bc1: urand_change_num 49 extract_buf: pool_sig fffffede, data_sig ffffffc1, bytes_mixed 20 fd637b06 6cf47bc1
[    5.760309] random 0000 0000 0000 fd637b06 6cf47bc1: rand_read_num 12 get_random_bytes(16): sig 0000033b fd637b06 6cf47bc1
[    5.760312] random 0000 0000 0000 fd637b06 6cf47bc1: extract_entropy(.. 16 ..)
[    5.760314] random 0000 0000 0000 fd637b06 6cf47bc1: going to reseed nonblocking with 128 bits (128 of 0 requested)
[    5.760317] random 0000 0000 0000 fd637b06 6cf47bc1: extract_entropy(.. 16 ..)
[    5.760319] random 0000 0000 0000 fd637b06 6cf47bc1: trying to extract 128 bits from input
[    5.760321] random 0000 0000 0000 fd637b06 6cf47bc1: debiting 0 entropy credits from input
[    5.760323] random 0000 0000 0000 fd637b06 6cf47bc1: extract_entropy account returned: 0 
[    5.760326] random 0000 0000 0000 fd637b06 6cf47bc1: urand_change_num 50 xfer_secondary_pool(16): pool_sig 0000033b, data_sig 00000000, bytes_mixed 0 fd637b06 6cf47bc1
[    5.760329] random 0000 0000 0000 fd637b06 6cf47bc1: trying to extract 128 bits from nonblocking
[    5.760331] random 0000 0000 0000 fd637b06 6cf47bc1: debiting 128 entropy credits from nonblocking (unlimited)
[    5.760333] random 0000 0000 0000 fd637b06 6cf47bc1: extract_entropy account returned: 16 
[    5.760338] random 0000 0000 0000 fd637b06 6cf47bc1: urand_change_num 51 extract_buf: pool_sig 0000033b, data_sig 000000d8, bytes_mixed 20 fd637b06 6cf47bc1
[    5.760343] random 0000 0000 0000 0ec1f012 d4727ca8: urand_change_num 52 extract_buf: pool_sig fffffcf5, data_sig 00000016, bytes_mixed 20 0ec1f012 d4727ca8
[    6.134279] random 0000 0000 0000 45b1d0b1 845a73f7: rand_read_num 13 get_random_bytes(16): sig 00000116 45b1d0b1 845a73f7
[    6.134282] random 0000 0000 0000 45b1d0b1 845a73f7: extract_entropy(.. 16 ..)
[    6.134284] random 0000 0000 0000 45b1d0b1 845a73f7: going to reseed nonblocking with 128 bits (128 of 0 requested)
[    6.134287] random 0000 0000 0000 45b1d0b1 845a73f7: extract_entropy(.. 16 ..)
[    6.134289] random 0000 0000 0000 45b1d0b1 845a73f7: trying to extract 128 bits from input
[    6.134291] random 0000 0000 0000 45b1d0b1 845a73f7: debiting 0 entropy credits from input
[    6.134293] random 0000 0000 0000 45b1d0b1 845a73f7: extract_entropy account returned: 0 
[    6.134296] random 0000 0000 0000 45b1d0b1 845a73f7: urand_change_num 53 xfer_secondary_pool(16): pool_sig 00000116, data_sig 00000000, bytes_mixed 0 45b1d0b1 845a73f7
[    6.134299] random 0000 0000 0000 45b1d0b1 845a73f7: trying to extract 128 bits from nonblocking
[    6.134301] random 0000 0000 0000 45b1d0b1 845a73f7: debiting 128 entropy credits from nonblocking (unlimited)
[    6.134303] random 0000 0000 0000 45b1d0b1 845a73f7: extract_entropy account returned: 16 
[    6.134308] random 0000 0000 0000 45b1d0b1 845a73f7: urand_change_num 54 extract_buf: pool_sig 00000116, data_sig fffffd8b, bytes_mixed 20 45b1d0b1 845a73f7
[    6.134313] random 0000 0000 0000 45b1d0b1 845a73f7: urand_change_num 55 extract_buf: pool_sig fffffc05, data_sig 00000109, bytes_mixed 20 45b1d0b1 845a73f7
[    6.139550] ieee1394: Host added: ID:BUS[0-00:1023]  GUID[00061b032a25f51c]
[    6.186785] random 0000 0000 0000 5012cce3 b8a30621: rand_read_num 14 get_random_bytes(16): sig fffffb93 5012cce3 b8a30621
[    6.186788] random 0000 0000 0000 5012cce3 b8a30621: extract_entropy(.. 16 ..)
[    6.186790] random 0000 0000 0000 5012cce3 b8a30621: going to reseed nonblocking with 128 bits (128 of 0 requested)
[    6.186793] random 0000 0000 0000 5012cce3 b8a30621: extract_entropy(.. 16 ..)
[    6.186795] random 0000 0000 0000 5012cce3 b8a30621: trying to extract 128 bits from input
[    6.186797] random 0000 0000 0000 5012cce3 b8a30621: debiting 0 entropy credits from input
[    6.186799] random 0000 0000 0000 5012cce3 b8a30621: extract_entropy account returned: 0 
[    6.186802] random 0000 0000 0000 5012cce3 b8a30621: urand_change_num 56 xfer_secondary_pool(16): pool_sig fffffb93, data_sig 00000000, bytes_mixed 0 5012cce3 b8a30621
[    6.186805] random 0000 0000 0000 5012cce3 b8a30621: trying to extract 128 bits from nonblocking
[    6.186807] random 0000 0000 0000 5012cce3 b8a30621: debiting 128 entropy credits from nonblocking (unlimited)
[    6.186809] random 0000 0000 0000 5012cce3 b8a30621: extract_entropy account returned: 16 
[    6.186814] random 0000 0000 0000 5012cce3 b8a30621: urand_change_num 57 extract_buf: pool_sig fffffb93, data_sig ffffff35, bytes_mixed 20 5012cce3 b8a30621
[    6.186819] random 0000 0000 0000 5012cce3 b8a30621: urand_change_num 58 extract_buf: pool_sig fffffb9d, data_sig ffffff92, bytes_mixed 20 5012cce3 b8a30621
[    6.188184] random 0000 0000 0000 30a5721d 4b648ff6: rand_read_num 15 get_random_bytes(16): sig fffffeb5 30a5721d 4b648ff6
[    6.188187] random 0000 0000 0000 30a5721d 4b648ff6: extract_entropy(.. 16 ..)
[    6.188190] random 0000 0000 0000 30a5721d 4b648ff6: going to reseed nonblocking with 128 bits (128 of 0 requested)
[    6.188192] random 0000 0000 0000 30a5721d 4b648ff6: extract_entropy(.. 16 ..)
[    6.188194] random 0000 0000 0000 30a5721d 4b648ff6: trying to extract 128 bits from input
[    6.188196] random 0000 0000 0000 30a5721d 4b648ff6: debiting 0 entropy credits from input
[    6.188198] random 0000 0000 0000 30a5721d 4b648ff6: extract_entropy account returned: 0 
[    6.188201] random 0000 0000 0000 30a5721d 4b648ff6: urand_change_num 59 xfer_secondary_pool(16): pool_sig fffffeb5, data_sig 00000000, bytes_mixed 0 30a5721d 4b648ff6
[    6.188204] random 0000 0000 0000 30a5721d 4b648ff6: trying to extract 128 bits from nonblocking
[    6.188207] random 0000 0000 0000 30a5721d 4b648ff6: debiting 128 entropy credits from nonblocking (unlimited)
[    6.188209] random 0000 0000 0000 30a5721d 4b648ff6: extract_entropy account returned: 16 
[    6.188213] random 0000 0000 0000 30a5721d 4b648ff6: urand_change_num 60 extract_buf: pool_sig fffffeb5, data_sig 000000c2, bytes_mixed 20 30a5721d 4b648ff6
[    6.188218] random 0000 0000 0000 89bae1ab 704c432f: urand_change_num 61 extract_buf: pool_sig 0000006e, data_sig fffffefc, bytes_mixed 20 89bae1ab 704c432f
[    6.188767] random 0000 0000 0000 89bae1ab 704c432f: rand_read_num 16 get_random_bytes(16): sig fffffd99 89bae1ab 704c432f
[    6.188770] random 0000 0000 0000 89bae1ab 704c432f: extract_entropy(.. 16 ..)
[    6.188773] random 0000 0000 0000 89bae1ab 704c432f: going to reseed nonblocking with 128 bits (128 of 0 requested)
[    6.188775] random 0000 0000 0000 89bae1ab 704c432f: extract_entropy(.. 16 ..)
[    6.188777] random 0000 0000 0000 89bae1ab 704c432f: trying to extract 128 bits from input
[    6.188779] random 0000 0000 0000 89bae1ab 704c432f: debiting 0 entropy credits from input
[    6.188781] random 0000 0000 0000 89bae1ab 704c432f: extract_entropy account returned: 0 
[    6.188784] random 0000 0000 0000 89bae1ab 704c432f: urand_change_num 62 xfer_secondary_pool(16): pool_sig fffffd99, data_sig 00000000, bytes_mixed 0 89bae1ab 704c432f
[    6.188787] random 0000 0000 0000 89bae1ab 704c432f: trying to extract 128 bits from nonblocking
[    6.188790] random 0000 0000 0000 89bae1ab 704c432f: debiting 128 entropy credits from nonblocking (unlimited)
[    6.188792] random 0000 0000 0000 89bae1ab 704c432f: extract_entropy account returned: 16 
[    6.188796] random 0000 0000 0000 89bae1ab 704c432f: urand_change_num 63 extract_buf: pool_sig fffffd99, data_sig 00000204, bytes_mixed 20 89bae1ab 704c432f
[    6.188801] random 0000 0000 0000 6c298a02 2b1539f8: urand_change_num 64 extract_buf: pool_sig 00000124, data_sig fffffff5, bytes_mixed 20 6c298a02 2b1539f8
[    6.189692] random 0000 0000 0000 c77b8b35 70f6cab5: rand_read_num 17 get_random_bytes(16): sig 0000036b c77b8b35 70f6cab5
[    6.189695] random 0000 0000 0000 c77b8b35 70f6cab5: extract_entropy(.. 16 ..)
[    6.189698] random 0000 0000 0000 c77b8b35 70f6cab5: going to reseed nonblocking with 128 bits (128 of 0 requested)
[    6.189700] random 0000 0000 0000 c77b8b35 70f6cab5: extract_entropy(.. 16 ..)
[    6.189702] random 0000 0000 0000 c77b8b35 70f6cab5: trying to extract 128 bits from input
[    6.189704] random 0000 0000 0000 c77b8b35 70f6cab5: debiting 0 entropy credits from input
[    6.189706] random 0000 0000 0000 c77b8b35 70f6cab5: extract_entropy account returned: 0 
[    6.189709] random 0000 0000 0000 c77b8b35 70f6cab5: urand_change_num 65 xfer_secondary_pool(16): pool_sig 0000036b, data_sig 00000000, bytes_mixed 0 c77b8b35 70f6cab5
[    6.189712] random 0000 0000 0000 c77b8b35 70f6cab5: trying to extract 128 bits from nonblocking
[    6.189715] random 0000 0000 0000 c77b8b35 70f6cab5: debiting 128 entropy credits from nonblocking (unlimited)
[    6.189717] random 0000 0000 0000 c77b8b35 70f6cab5: extract_entropy account returned: 16 
[    6.189721] random 0000 0000 0000 c77b8b35 70f6cab5: urand_change_num 66 extract_buf: pool_sig 0000036b, data_sig 0000005f, bytes_mixed 20 c77b8b35 70f6cab5
[    6.189726] random 0000 0000 0000 c77b8b35 70f6cab5: urand_change_num 67 extract_buf: pool_sig ffffff1c, data_sig 0000005a, bytes_mixed 20 c77b8b35 70f6cab5
[    6.190312] random 0000 0000 0000 af21d212 57d20ca3: rand_read_num 18 get_random_bytes(16): sig fffffb7f af21d212 57d20ca3
[    6.190315] random 0000 0000 0000 af21d212 57d20ca3: extract_entropy(.. 16 ..)
[    6.190318] random 0000 0000 0000 af21d212 57d20ca3: going to reseed nonblocking with 128 bits (128 of 0 requested)
[    6.190320] random 0000 0000 0000 af21d212 57d20ca3: extract_entropy(.. 16 ..)
[    6.190322] random 0000 0000 0000 af21d212 57d20ca3: trying to extract 128 bits from input
[    6.190324] random 0000 0000 0000 af21d212 57d20ca3: debiting 0 entropy credits from input
[    6.190327] random 0000 0000 0000 af21d212 57d20ca3: extract_entropy account returned: 0 
[    6.190330] random 0000 0000 0000 af21d212 57d20ca3: urand_change_num 68 xfer_secondary_pool(16): pool_sig fffffb7f, data_sig 00000000, bytes_mixed 0 af21d212 57d20ca3
[    6.190333] random 0000 0000 0000 af21d212 57d20ca3: trying to extract 128 bits from nonblocking
[    6.190335] random 0000 0000 0000 af21d212 57d20ca3: debiting 128 entropy credits from nonblocking (unlimited)
[    6.190337] random 0000 0000 0000 af21d212 57d20ca3: extract_entropy account returned: 16 
[    6.190341] random 0000 0000 0000 af21d212 57d20ca3: urand_change_num 69 extract_buf: pool_sig fffffb7f, data_sig ffffff88, bytes_mixed 20 af21d212 57d20ca3
[    6.190346] random 0000 0000 0000 af21d212 57d20ca3: urand_change_num 70 extract_buf: pool_sig fffffe1d, data_sig ffffff17, bytes_mixed 20 af21d212 57d20ca3
[    6.190939] random 0000 0000 0000 ffbd26fd 21933274: rand_read_num 19 get_random_bytes(16): sig ffffffc7 ffbd26fd 21933274
[    6.190942] random 0000 0000 0000 ffbd26fd 21933274: extract_entropy(.. 16 ..)
[    6.190945] random 0000 0000 0000 ffbd26fd 21933274: going to reseed nonblocking with 128 bits (128 of 0 requested)
[    6.190947] random 0000 0000 0000 ffbd26fd 21933274: extract_entropy(.. 16 ..)
[    6.190949] random 0000 0000 0000 ffbd26fd 21933274: trying to extract 128 bits from input
[    6.190951] random 0000 0000 0000 ffbd26fd 21933274: debiting 0 entropy credits from input
[    6.190953] random 0000 0000 0000 ffbd26fd 21933274: extract_entropy account returned: 0 
[    6.190956] random 0000 0000 0000 ffbd26fd 21933274: urand_change_num 71 xfer_secondary_pool(16): pool_sig ffffffc7, data_sig 00000000, bytes_mixed 0 ffbd26fd 21933274
[    6.190959] random 0000 0000 0000 ffbd26fd 21933274: trying to extract 128 bits from nonblocking
[    6.190961] random 0000 0000 0000 ffbd26fd 21933274: debiting 128 entropy credits from nonblocking (unlimited)
[    6.190964] random 0000 0000 0000 ffbd26fd 21933274: extract_entropy account returned: 16 
[    6.190968] random 0000 0000 0000 ffbd26fd 21933274: urand_change_num 72 extract_buf: pool_sig ffffffc7, data_sig 0000013b, bytes_mixed 20 ffbd26fd 21933274
[    6.190973] random 0000 0000 0000 151530a2 56c65dd3: urand_change_num 73 extract_buf: pool_sig ffffffbf, data_sig 00000036, bytes_mixed 20 151530a2 56c65dd3
[    6.191531] random 0000 0000 0000 151530a2 56c65dd3: rand_read_num 20 get_random_bytes(16): sig 000001a7 151530a2 56c65dd3
[    6.191533] random 0000 0000 0000 151530a2 56c65dd3: extract_entropy(.. 16 ..)
[    6.191536] random 0000 0000 0000 151530a2 56c65dd3: going to reseed nonblocking with 128 bits (128 of 0 requested)
[    6.191539] random 0000 0000 0000 151530a2 56c65dd3: extract_entropy(.. 16 ..)
[    6.191541] random 0000 0000 0000 151530a2 56c65dd3: trying to extract 128 bits from input
[    6.191543] random 0000 0000 0000 151530a2 56c65dd3: debiting 0 entropy credits from input
[    6.191545] random 0000 0000 0000 151530a2 56c65dd3: extract_entropy account returned: 0 
[    6.191548] random 0000 0000 0000 151530a2 56c65dd3: urand_change_num 74 xfer_secondary_pool(16): pool_sig 000001a7, data_sig 00000000, bytes_mixed 0 151530a2 56c65dd3
[    6.191551] random 0000 0000 0000 151530a2 56c65dd3: trying to extract 128 bits from nonblocking
[    6.191553] random 0000 0000 0000 151530a2 56c65dd3: debiting 128 entropy credits from nonblocking (unlimited)
[    6.191555] random 0000 0000 0000 151530a2 56c65dd3: extract_entropy account returned: 16 
[    6.191559] random 0000 0000 0000 151530a2 56c65dd3: urand_change_num 75 extract_buf: pool_sig 000001a7, data_sig ffffffa1, bytes_mixed 20 151530a2 56c65dd3
[    6.191565] random 0000 0000 0000 5d3e132e d9a77eb3: urand_change_num 76 extract_buf: pool_sig fffffcc9, data_sig 00000013, bytes_mixed 20 5d3e132e d9a77eb3
[    6.234283] random 0000 0000 0000 264837ad 0a28fef5: rand_read_num 21 get_random_bytes(16): sig ffffffd0 264837ad 0a28fef5
[    6.234286] random 0000 0000 0000 264837ad 0a28fef5: extract_entropy(.. 16 ..)
[    6.234289] random 0000 0000 0000 264837ad 0a28fef5: going to reseed nonblocking with 128 bits (128 of 0 requested)
[    6.234292] random 0000 0000 0000 264837ad 0a28fef5: extract_entropy(.. 16 ..)
[    6.234294] random 0000 0000 0000 264837ad 0a28fef5: trying to extract 128 bits from input
[    6.234296] random 0000 0000 0000 264837ad 0a28fef5: debiting 0 entropy credits from input
[    6.234298] random 0000 0000 0000 264837ad 0a28fef5: extract_entropy account returned: 0 
[    6.234301] random 0000 0000 0000 264837ad 0a28fef5: urand_change_num 77 xfer_secondary_pool(16): pool_sig ffffffd0, data_sig 00000000, bytes_mixed 0 264837ad 0a28fef5
[    6.234304] random 0000 0000 0000 264837ad 0a28fef5: trying to extract 128 bits from nonblocking
[    6.234306] random 0000 0000 0000 264837ad 0a28fef5: debiting 128 entropy credits from nonblocking (unlimited)
[    6.234309] random 0000 0000 0000 264837ad 0a28fef5: extract_entropy account returned: 16 
[    6.234313] random 0000 0000 0000 264837ad 0a28fef5: urand_change_num 78 extract_buf: pool_sig ffffffd0, data_sig 0000017b, bytes_mixed 20 264837ad 0a28fef5
[    6.234318] random 0000 0000 0000 264837ad 0a28fef5: urand_change_num 79 extract_buf: pool_sig 0000045c, data_sig 000001df, bytes_mixed 20 264837ad 0a28fef5
[    6.235775] random 0000 0000 0000 f37f7344 164aede0: rand_read_num 22 get_random_bytes(16): sig 000003c2 f37f7344 164aede0
[    6.235777] random 0000 0000 0000 f37f7344 164aede0: extract_entropy(.. 16 ..)
[    6.235780] random 0000 0000 0000 f37f7344 164aede0: going to reseed nonblocking with 128 bits (128 of 0 requested)
[    6.235782] random 0000 0000 0000 f37f7344 164aede0: extract_entropy(.. 16 ..)
[    6.235784] random 0000 0000 0000 f37f7344 164aede0: trying to extract 128 bits from input
[    6.235787] random 0000 0000 0000 f37f7344 164aede0: debiting 0 entropy credits from input
[    6.235789] random 0000 0000 0000 f37f7344 164aede0: extract_entropy account returned: 0 
[    6.235792] random 0000 0000 0000 f37f7344 164aede0: urand_change_num 80 xfer_secondary_pool(16): pool_sig 000003c2, data_sig 00000000, bytes_mixed 0 f37f7344 164aede0
[    6.235795] random 0000 0000 0000 f37f7344 164aede0: trying to extract 128 bits from nonblocking
[    6.235797] random 0000 0000 0000 f37f7344 164aede0: debiting 128 entropy credits from nonblocking (unlimited)
[    6.235799] random 0000 0000 0000 f37f7344 164aede0: extract_entropy account returned: 16 
[    6.235803] random 0000 0000 0000 f37f7344 164aede0: urand_change_num 81 extract_buf: pool_sig 000003c2, data_sig ffffff6c, bytes_mixed 20 f37f7344 164aede0
[    6.235809] random 0000 0000 0000 f37f7344 164aede0: urand_change_num 82 extract_buf: pool_sig fffffdfc, data_sig 00000091, bytes_mixed 20 f37f7344 164aede0
[    6.258585] random 0000 0000 0000 a4794863 878070c1: rand_read_num 23 get_random_bytes(16): sig 0000011b a4794863 878070c1
[    6.258588] random 0000 0000 0000 a4794863 878070c1: extract_entropy(.. 16 ..)
[    6.258591] random 0000 0000 0000 a4794863 878070c1: going to reseed nonblocking with 128 bits (128 of 0 requested)
[    6.258593] random 0000 0000 0000 a4794863 878070c1: extract_entropy(.. 16 ..)
[    6.258595] random 0000 0000 0000 a4794863 878070c1: trying to extract 128 bits from input
[    6.258597] random 0000 0000 0000 a4794863 878070c1: debiting 0 entropy credits from input
[    6.258599] random 0000 0000 0000 a4794863 878070c1: extract_entropy account returned: 0 
[    6.258602] random 0000 0000 0000 a4794863 878070c1: urand_change_num 83 xfer_secondary_pool(16): pool_sig 0000011b, data_sig 00000000, bytes_mixed 0 a4794863 878070c1
[    6.258605] random 0000 0000 0000 a4794863 878070c1: trying to extract 128 bits from nonblocking
[    6.258607] random 0000 0000 0000 a4794863 878070c1: debiting 128 entropy credits from nonblocking (unlimited)
[    6.258610] random 0000 0000 0000 a4794863 878070c1: extract_entropy account returned: 16 
[    6.258614] random 0000 0000 0000 a4794863 878070c1: urand_change_num 84 extract_buf: pool_sig 0000011b, data_sig ffffff51, bytes_mixed 20 a4794863 878070c1
[    6.258619] random 0000 0000 0000 737f19b4 9417d8ab: urand_change_num 85 extract_buf: pool_sig 000001a3, data_sig 0000006c, bytes_mixed 20 737f19b4 9417d8ab
[    6.262679] random 0000 0000 0000 737f19b4 9417d8ab: rand_read_num 24 get_random_bytes(16): sig fffffe22 737f19b4 9417d8ab
[    6.262682] random 0000 0000 0000 737f19b4 9417d8ab: extract_entropy(.. 16 ..)
[    6.262685] random 0000 0000 0000 737f19b4 9417d8ab: going to reseed nonblocking with 128 bits (128 of 0 requested)
[    6.262687] random 0000 0000 0000 737f19b4 9417d8ab: extract_entropy(.. 16 ..)
[    6.262689] random 0000 0000 0000 737f19b4 9417d8ab: trying to extract 128 bits from input
[    6.262691] random 0000 0000 0000 737f19b4 9417d8ab: debiting 0 entropy credits from input
[    6.262693] random 0000 0000 0000 737f19b4 9417d8ab: extract_entropy account returned: 0 
[    6.262696] random 0000 0000 0000 737f19b4 9417d8ab: urand_change_num 86 xfer_secondary_pool(16): pool_sig fffffe22, data_sig 00000000, bytes_mixed 0 737f19b4 9417d8ab
[    6.262699] random 0000 0000 0000 737f19b4 9417d8ab: trying to extract 128 bits from nonblocking
[    6.262701] random 0000 0000 0000 737f19b4 9417d8ab: debiting 128 entropy credits from nonblocking (unlimited)
[    6.262704] random 0000 0000 0000 737f19b4 9417d8ab: extract_entropy account returned: 16 
[    6.262708] random 0000 0000 0000 737f19b4 9417d8ab: urand_change_num 87 extract_buf: pool_sig fffffe22, data_sig 00000230, bytes_mixed 20 737f19b4 9417d8ab
[    6.262713] random 0000 0000 0000 4deb0d06 1236af4c: urand_change_num 88 extract_buf: pool_sig 000000b6, data_sig ffffff44, bytes_mixed 20 4deb0d06 1236af4c
[    6.263705] random 0000 0000 0000 b538fadc 4a7613df: rand_read_num 25 get_random_bytes(16): sig 0000013c b538fadc 4a7613df
[    6.263708] random 0000 0000 0000 b538fadc 4a7613df: extract_entropy(.. 16 ..)
[    6.263711] random 0000 0000 0000 b538fadc 4a7613df: going to reseed nonblocking with 128 bits (128 of 0 requested)
[    6.263713] random 0000 0000 0000 b538fadc 4a7613df: extract_entropy(.. 16 ..)
[    6.263715] random 0000 0000 0000 b538fadc 4a7613df: trying to extract 128 bits from input
[    6.263717] random 0000 0000 0000 b538fadc 4a7613df: debiting 0 entropy credits from input
[    6.263719] random 0000 0000 0000 b538fadc 4a7613df: extract_entropy account returned: 0 
[    6.263722] random 0000 0000 0000 b538fadc 4a7613df: urand_change_num 89 xfer_secondary_pool(16): pool_sig 0000013c, data_sig 00000000, bytes_mixed 0 b538fadc 4a7613df
[    6.263725] random 0000 0000 0000 b538fadc 4a7613df: trying to extract 128 bits from nonblocking
[    6.263728] random 0000 0000 0000 b538fadc 4a7613df: debiting 128 entropy credits from nonblocking (unlimited)
[    6.263730] random 0000 0000 0000 b538fadc 4a7613df: extract_entropy account returned: 16 
[    6.263734] random 0000 0000 0000 b538fadc 4a7613df: urand_change_num 90 extract_buf: pool_sig 0000013c, data_sig 00000015, bytes_mixed 20 b538fadc 4a7613df
[    6.263739] random 0000 0000 0000 b538fadc 4a7613df: urand_change_num 91 extract_buf: pool_sig 00000452, data_sig 0000002b, bytes_mixed 20 b538fadc 4a7613df
[    6.264190] random 0000 0000 0000 73b17df4 93bb370e: rand_read_num 26 get_random_bytes(16): sig fffffbf1 73b17df4 93bb370e
[    6.264192] random 0000 0000 0000 73b17df4 93bb370e: extract_entropy(.. 16 ..)
[    6.264195] random 0000 0000 0000 73b17df4 93bb370e: going to reseed nonblocking with 128 bits (128 of 0 requested)
[    6.264197] random 0000 0000 0000 73b17df4 93bb370e: extract_entropy(.. 16 ..)
[    6.264199] random 0000 0000 0000 73b17df4 93bb370e: trying to extract 128 bits from input
[    6.264202] random 0000 0000 0000 73b17df4 93bb370e: debiting 0 entropy credits from input
[    6.264203] random 0000 0000 0000 73b17df4 93bb370e: extract_entropy account returned: 0 
[    6.264207] random 0000 0000 0000 73b17df4 93bb370e: urand_change_num 92 xfer_secondary_pool(16): pool_sig fffffbf1, data_sig 00000000, bytes_mixed 0 73b17df4 93bb370e
[    6.264210] random 0000 0000 0000 73b17df4 93bb370e: trying to extract 128 bits from nonblocking
[    6.264212] random 0000 0000 0000 73b17df4 93bb370e: debiting 128 entropy credits from nonblocking (unlimited)
[    6.264214] random 0000 0000 0000 73b17df4 93bb370e: extract_entropy account returned: 16 
[    6.264218] random 0000 0000 0000 73b17df4 93bb370e: urand_change_num 93 extract_buf: pool_sig fffffbf1, data_sig ffffff99, bytes_mixed 20 73b17df4 93bb370e
[    6.264223] random 0000 0000 0000 73b17df4 93bb370e: urand_change_num 94 extract_buf: pool_sig fffffe1d, data_sig 000000b0, bytes_mixed 20 73b17df4 93bb370e
[    6.264636] random 0000 0000 0000 0cd682bb ba04da9f: rand_read_num 27 get_random_bytes(16): sig fffffccb 0cd682bb ba04da9f
[    6.264638] random 0000 0000 0000 0cd682bb ba04da9f: extract_entropy(.. 16 ..)
[    6.264641] random 0000 0000 0000 0cd682bb ba04da9f: going to reseed nonblocking with 128 bits (128 of 0 requested)
[    6.264643] random 0000 0000 0000 0cd682bb ba04da9f: extract_entropy(.. 16 ..)
[    6.264645] random 0000 0000 0000 0cd682bb ba04da9f: trying to extract 128 bits from input
[    6.264647] random 0000 0000 0000 0cd682bb ba04da9f: debiting 0 entropy credits from input
[    6.264649] random 0000 0000 0000 0cd682bb ba04da9f: extract_entropy account returned: 0 
[    6.264653] random 0000 0000 0000 0cd682bb ba04da9f: urand_change_num 95 xfer_secondary_pool(16): pool_sig fffffccb, data_sig 00000000, bytes_mixed 0 0cd682bb ba04da9f
[    6.264656] random 0000 0000 0000 0cd682bb ba04da9f: trying to extract 128 bits from nonblocking
[    6.264658] random 0000 0000 0000 0cd682bb ba04da9f: debiting 128 entropy credits from nonblocking (unlimited)
[    6.264660] random 0000 0000 0000 0cd682bb ba04da9f: extract_entropy account returned: 16 
[    6.264664] random 0000 0000 0000 0cd682bb ba04da9f: urand_change_num 96 extract_buf: pool_sig fffffccb, data_sig fffffec5, bytes_mixed 20 0cd682bb ba04da9f
[    6.264670] random 0000 0000 0000 26929f1a 15254dc1: urand_change_num 97 extract_buf: pool_sig fffffed2, data_sig ffffffb1, bytes_mixed 20 26929f1a 15254dc1
[    6.265546] random 0000 0000 0000 26929f1a 15254dc1: rand_read_num 28 get_random_bytes(16): sig 00000038 26929f1a 15254dc1
[    6.265548] random 0000 0000 0000 26929f1a 15254dc1: extract_entropy(.. 16 ..)
[    6.265551] random 0000 0000 0000 26929f1a 15254dc1: going to reseed nonblocking with 128 bits (128 of 0 requested)
[    6.265553] random 0000 0000 0000 26929f1a 15254dc1: extract_entropy(.. 16 ..)
[    6.265555] random 0000 0000 0000 26929f1a 15254dc1: trying to extract 128 bits from input
[    6.265557] random 0000 0000 0000 26929f1a 15254dc1: debiting 0 entropy credits from input
[    6.265559] random 0000 0000 0000 26929f1a 15254dc1: extract_entropy account returned: 0 
[    6.265563] random 0000 0000 0000 26929f1a 15254dc1: urand_change_num 98 xfer_secondary_pool(16): pool_sig 00000038, data_sig 00000000, bytes_mixed 0 26929f1a 15254dc1
[    6.265565] random 0000 0000 0000 26929f1a 15254dc1: trying to extract 128 bits from nonblocking
[    6.265568] random 0000 0000 0000 26929f1a 15254dc1: debiting 128 entropy credits from nonblocking (unlimited)
[    6.265570] random 0000 0000 0000 26929f1a 15254dc1: extract_entropy account returned: 16 
[    6.265574] random 0000 0000 0000 26929f1a 15254dc1: urand_change_num 99 extract_buf: pool_sig 00000038, data_sig 000000fd, bytes_mixed 20 26929f1a 15254dc1
[    6.265579] random 0000 0000 0000 8116fe3b 478c2d5b: urand_change_num 100 extract_buf: pool_sig 00000059, data_sig 00000310, bytes_mixed 20 8116fe3b 478c2d5b
[    6.272225] random 0000 0000 0000 a20f4a3a 32a6b2fa: rand_read_num 29 get_random_bytes(16): sig 000002c0 a20f4a3a 32a6b2fa
[    6.272228] random 0000 0000 0000 a20f4a3a 32a6b2fa: extract_entropy(.. 16 ..)
[    6.272230] random 0000 0000 0000 a20f4a3a 32a6b2fa: going to reseed nonblocking with 128 bits (128 of 0 requested)
[    6.272233] random 0000 0000 0000 a20f4a3a 32a6b2fa: extract_entropy(.. 16 ..)
[    6.272235] random 0000 0000 0000 a20f4a3a 32a6b2fa: trying to extract 128 bits from input
[    6.272237] random 0000 0000 0000 a20f4a3a 32a6b2fa: debiting 0 entropy credits from input
[    6.272239] random 0000 0000 0000 a20f4a3a 32a6b2fa: extract_entropy account returned: 0 
[    6.272242] random 0000 0000 0000 a20f4a3a 32a6b2fa: urand_change_num 101 xfer_secondary_pool(16): pool_sig 000002c0, data_sig 00000000, bytes_mixed 0 a20f4a3a 32a6b2fa
[    6.272245] random 0000 0000 0000 a20f4a3a 32a6b2fa: trying to extract 128 bits from nonblocking
[    6.272247] random 0000 0000 0000 a20f4a3a 32a6b2fa: debiting 128 entropy credits from nonblocking (unlimited)
[    6.272249] random 0000 0000 0000 a20f4a3a 32a6b2fa: extract_entropy account returned: 16 
[    6.272253] random 0000 0000 0000 a20f4a3a 32a6b2fa: urand_change_num 102 extract_buf: pool_sig 000002c0, data_sig 000000fb, bytes_mixed 20 a20f4a3a 32a6b2fa
[    6.272259] random 0000 0000 0000 a20f4a3a 32a6b2fa: urand_change_num 103 extract_buf: pool_sig ffffffdd, data_sig 000000a5, bytes_mixed 20 a20f4a3a 32a6b2fa
[    6.284750] random 0000 0000 0000 de716d2a 6c4757e1: rand_read_num 30 get_random_bytes(16): sig 000000fa de716d2a 6c4757e1
[    6.284753] random 0000 0000 0000 de716d2a 6c4757e1: extract_entropy(.. 16 ..)
[    6.284755] random 0000 0000 0000 de716d2a 6c4757e1: going to reseed nonblocking with 128 bits (128 of 0 requested)
[    6.284758] random 0000 0000 0000 de716d2a 6c4757e1: extract_entropy(.. 16 ..)
[    6.284760] random 0000 0000 0000 de716d2a 6c4757e1: trying to extract 128 bits from input
[    6.284762] random 0000 0000 0000 de716d2a 6c4757e1: debiting 0 entropy credits from input
[    6.284764] random 0000 0000 0000 de716d2a 6c4757e1: extract_entropy account returned: 0 
[    6.284767] random 0000 0000 0000 de716d2a 6c4757e1: urand_change_num 104 xfer_secondary_pool(16): pool_sig 000000fa, data_sig 00000000, bytes_mixed 0 de716d2a 6c4757e1
[    6.284770] random 0000 0000 0000 de716d2a 6c4757e1: trying to extract 128 bits from nonblocking
[    6.284772] random 0000 0000 0000 de716d2a 6c4757e1: debiting 128 entropy credits from nonblocking (unlimited)
[    6.284774] random 0000 0000 0000 de716d2a 6c4757e1: extract_entropy account returned: 16 
[    6.284778] random 0000 0000 0000 de716d2a 6c4757e1: urand_change_num 105 extract_buf: pool_sig 000000fa, data_sig ffffff34, bytes_mixed 20 de716d2a 6c4757e1
[    6.284784] random 0000 0000 0000 de716d2a 6c4757e1: urand_change_num 106 extract_buf: pool_sig 000003d3, data_sig ffffff30, bytes_mixed 20 de716d2a 6c4757e1
[    6.285367] random 0000 0000 0000 a7c511e1 f90ea457: rand_read_num 31 get_random_bytes(16): sig 0000009a a7c511e1 f90ea457
[    6.285370] random 0000 0000 0000 a7c511e1 f90ea457: extract_entropy(.. 16 ..)
[    6.285373] random 0000 0000 0000 a7c511e1 f90ea457: going to reseed nonblocking with 128 bits (128 of 0 requested)
[    6.285375] random 0000 0000 0000 a7c511e1 f90ea457: extract_entropy(.. 16 ..)
[    6.285377] random 0000 0000 0000 a7c511e1 f90ea457: trying to extract 128 bits from input
[    6.285379] random 0000 0000 0000 a7c511e1 f90ea457: debiting 0 entropy credits from input
[    6.285381] random 0000 0000 0000 a7c511e1 f90ea457: extract_entropy account returned: 0 
[    6.285384] random 0000 0000 0000 a7c511e1 f90ea457: urand_change_num 107 xfer_secondary_pool(16): pool_sig 0000009a, data_sig 00000000, bytes_mixed 0 a7c511e1 f90ea457
[    6.285387] random 0000 0000 0000 a7c511e1 f90ea457: trying to extract 128 bits from nonblocking
[    6.285389] random 0000 0000 0000 a7c511e1 f90ea457: debiting 128 entropy credits from nonblocking (unlimited)
[    6.285392] random 0000 0000 0000 a7c511e1 f90ea457: extract_entropy account returned: 16 
[    6.285396] random 0000 0000 0000 a7c511e1 f90ea457: urand_change_num 108 extract_buf: pool_sig 0000009a, data_sig 000000e0, bytes_mixed 20 a7c511e1 f90ea457
[    6.285401] random 0000 0000 0000 7c18c7e6 d65ccb06: urand_change_num 109 extract_buf: pool_sig fffffa79, data_sig 000000e0, bytes_mixed 20 7c18c7e6 d65ccb06
[    6.285999] random 0000 0000 0000 7c18c7e6 d65ccb06: rand_read_num 32 get_random_bytes(16): sig fffffe1e 7c18c7e6 d65ccb06
[    6.286002] random 0000 0000 0000 7c18c7e6 d65ccb06: extract_entropy(.. 16 ..)
[    6.286004] random 0000 0000 0000 7c18c7e6 d65ccb06: going to reseed nonblocking with 128 bits (128 of 0 requested)
[    6.286007] random 0000 0000 0000 7c18c7e6 d65ccb06: extract_entropy(.. 16 ..)
[    6.286009] random 0000 0000 0000 7c18c7e6 d65ccb06: trying to extract 128 bits from input
[    6.286011] random 0000 0000 0000 7c18c7e6 d65ccb06: debiting 0 entropy credits from input
[    6.286013] random 0000 0000 0000 7c18c7e6 d65ccb06: extract_entropy account returned: 0 
[    6.286016] random 0000 0000 0000 7c18c7e6 d65ccb06: urand_change_num 110 xfer_secondary_pool(16): pool_sig fffffe1e, data_sig 00000000, bytes_mixed 0 7c18c7e6 d65ccb06
[    6.286019] random 0000 0000 0000 7c18c7e6 d65ccb06: trying to extract 128 bits from nonblocking
[    6.286021] random 0000 0000 0000 7c18c7e6 d65ccb06: debiting 128 entropy credits from nonblocking (unlimited)
[    6.286023] random 0000 0000 0000 7c18c7e6 d65ccb06: extract_entropy account returned: 16 
