[    0.000000] random 0000 0000 0000 00000000 00000000: rand_read_num 1 get_random_bytes(8): sig 00000000 00000000 00000000
[    0.000000] random 0000 0000 0000 00000000 00000000: extract_entropy(.. 8 ..)
[    0.000000] random 0000 0000 0000 00000000 00000000: going to reseed nonblocking with 64 bits (64 of 0 requested)
[    0.000000] random 0000 0000 0000 00000000 00000000: extract_entropy(.. 8 ..)
[    0.000000] random 0000 0000 0000 00000000 00000000: trying to extract 64 bits from input
[    0.000000] random 0000 0000 0000 00000000 00000000: debiting 0 entropy credits from input
[    0.000000] random 0000 0000 0000 00000000 00000000: extract_entropy account returned: 0 
[    0.000000] random 0000 0000 0000 00000000 00000000: urand_change_num 1 xfer_secondary_pool(8): pool_sig 00000000, data_sig 00000000, bytes_mixed 0 00000000 00000000
[    0.000000] random 0000 0000 0000 00000000 00000000: trying to extract 64 bits from nonblocking
[    0.000000] random 0000 0000 0000 00000000 00000000: debiting 64 entropy credits from nonblocking (unlimited)
[    0.000000] random 0000 0000 0000 00000000 00000000: extract_entropy account returned: 8 
[    0.000000] random 0000 0000 0000 00000000 00000000: urand_change_num 2 extract_buf: pool_sig 00000000, data_sig fffffff9, bytes_mixed 20 00000000 00000000
[    0.000000] Linux version 2.6.32.57 (dcashman@dcashman-02) (gcc version 4.3.3 (GCC) ) #3 Fri May 24 04:27:34 PDT 2013
[    0.000000] KERNEL supported cpus:
[    0.000000]   Intel GenuineIntel
[    0.000000]   AMD AuthenticAMD
[    0.000000]   NSC Geode by NSC
[    0.000000]   Cyrix CyrixInstead
[    0.000000]   Centaur CentaurHauls
[    0.000000]   Transmeta GenuineTMx86
[    0.000000]   Transmeta TransmetaCPU
[    0.000000]   UMC UMC UMC UMC
[    0.000000] BIOS-provided physical RAM map:
[    0.000000]  BIOS-e820: 0000000000000000 - 000000000009d800 (usable)
[    0.000000]  BIOS-e820: 000000000009d800 - 00000000000a0000 (reserved)
[    0.000000]  BIOS-e820: 00000000000d2000 - 00000000000d4000 (reserved)
[    0.000000]  BIOS-e820: 00000000000e0000 - 0000000000100000 (reserved)
[    0.000000]  BIOS-e820: 0000000000100000 - 000000003d6b0000 (usable)
[    0.000000]  BIOS-e820: 000000003d6b0000 - 000000003d6cc000 (ACPI data)
[    0.000000]  BIOS-e820: 000000003d6cc000 - 000000003d700000 (ACPI NVS)
[    0.000000]  BIOS-e820: 000000003d700000 - 000000003e000000 (reserved)
[    0.000000]  BIOS-e820: 00000000f0000000 - 00000000f4000000 (reserved)
[    0.000000]  BIOS-e820: 00000000fec00000 - 00000000fec10000 (reserved)
[    0.000000]  BIOS-e820: 00000000fed00000 - 00000000fed00400 (reserved)
[    0.000000]  BIOS-e820: 00000000fed14000 - 00000000fed1a000 (reserved)
[    0.000000]  BIOS-e820: 00000000fed1c000 - 00000000fed90000 (reserved)
[    0.000000]  BIOS-e820: 00000000fee00000 - 00000000fee01000 (reserved)
[    0.000000]  BIOS-e820: 00000000ff000000 - 0000000100000000 (reserved)
[    0.000000] DMI present.
[    0.000000] last_pfn = 0x3d6b0 max_arch_pfn = 0x100000
[    0.000000] MTRR default type: uncachable
[    0.000000] MTRR fixed ranges enabled:
[    0.000000]   00000-9FFFF write-back
[    0.000000]   A0000-BFFFF uncachable
[    0.000000]   C0000-CFFFF write-protect
[    0.000000]   D0000-DFFFF uncachable
[    0.000000]   E0000-FFFFF write-protect
[    0.000000] MTRR variable ranges enabled:
[    0.000000]   0 base 03E000000 mask FFE000000 uncachable
[    0.000000]   1 base 000000000 mask FC0000000 write-back
[    0.000000]   2 base 03D700000 mask FFFF00000 uncachable
[    0.000000]   3 base 03D800000 mask FFF800000 uncachable
[    0.000000]   4 disabled
[    0.000000]   5 disabled
[    0.000000]   6 disabled
[    0.000000]   7 disabled
[    0.000000] initial memory mapped : 0 - 02000000
[    0.000000] init_memory_mapping: 0000000000000000-00000000377fe000
[    0.000000]  0000000000 - 0000400000 page 4k
[    0.000000]  0000400000 - 0037400000 page 2M
[    0.000000]  0037400000 - 00377fe000 page 4k
[    0.000000] kernel direct mapping tables up to 377fe000 @ 7000-c000
[    0.000000] ACPI: RSDP 000f68d0 00024 (v02 LENOVO)
[    0.000000] ACPI: XSDT 3d6bb77f 00094 (v01 LENOVO TP-7L    00002170  LTP 00000000)
[    0.000000] ACPI: FACP 3d6bb900 000F4 (v03 LENOVO TP-7L    00002170 LNVO 00000001)
[    0.000000] ACPI Warning: 32/64X length mismatch in Gpe1Block: 0/32 (20090903/tbfadt-526)
[    0.000000] ACPI Warning: Optional field Gpe1Block has zero address or length: 000000000000102C/0 (20090903/tbfadt-557)
[    0.000000] ACPI: DSDT 3d6bbd1d 0FED1 (v01 LENOVO TP-7L    00002170 MSFT 03000000)
[    0.000000] ACPI: FACS 3d6e4000 00040
[    0.000000] ACPI: SSDT 3d6bbab4 00269 (v01 LENOVO TP-7L    00002170 MSFT 03000000)
[    0.000000] ACPI: ECDT 3d6cbbee 00052 (v01 LENOVO TP-7L    00002170 LNVO 00000001)
[    0.000000] ACPI: TCPA 3d6cbc40 00032 (v02 LENOVO TP-7L    00002170 LNVO 00000001)
[    0.000000] ACPI: APIC 3d6cbc72 00068 (v01 LENOVO TP-7L    00002170 LNVO 00000001)
[    0.000000] ACPI: MCFG 3d6cbcda 0003C (v01 LENOVO TP-7L    00002170 LNVO 00000001)
[    0.000000] ACPI: HPET 3d6cbd16 00038 (v01 LENOVO TP-7L    00002170 LNVO 00000001)
[    0.000000] ACPI: SLIC 3d6cbdf0 00176 (v01 LENOVO TP-7L    00002170  LTP 00000000)
[    0.000000] ACPI: BOOT 3d6cbf66 00028 (v01 LENOVO TP-7L    00002170  LTP 00000001)
[    0.000000] ACPI: ASF! 3d6cbf8e 00072 (v16 LENOVO TP-7L    00002170 PTL  00000001)
[    0.000000] ACPI: SSDT 3d6e26d9 0025F (v01 LENOVO TP-7L    00002170 INTL 20050513)
[    0.000000] ACPI: SSDT 3d6e2938 000A6 (v01 LENOVO TP-7L    00002170 INTL 20050513)
[    0.000000] ACPI: SSDT 3d6e29de 004F7 (v01 LENOVO TP-7L    00002170 INTL 20050513)
[    0.000000] ACPI: SSDT 3d6e2ed5 001D8 (v01 LENOVO TP-7L    00002170 INTL 20050513)
[    0.000000] ACPI: DMI detected: Lenovo ThinkPad R61
[    0.000000] ACPI: Added _OSI(Linux)
[    0.000000] ACPI: Local APIC address 0xfee00000
[    0.000000] 94MB HIGHMEM available.
[    0.000000] 887MB LOWMEM available.
[    0.000000]   mapped low ram: 0 - 377fe000
[    0.000000]   low ram: 0 - 377fe000
[    0.000000]   node 0 low ram: 00000000 - 377fe000
[    0.000000]   node 0 bootmap 00008000 - 0000ef00
[    0.000000] (6 early reservations) ==> bootmem [0000000000 - 00377fe000]
[    0.000000]   #0 [0000000000 - 0000001000]   BIOS data page ==> [0000000000 - 0000001000]
[    0.000000]   #1 [0001000000 - 0001bdc180]    TEXT DATA BSS ==> [0001000000 - 0001bdc180]
[    0.000000]   #2 [000009d800 - 0000100000]    BIOS reserved ==> [000009d800 - 0000100000]
[    0.000000]   #3 [0001bdd000 - 0001be516c]              BRK ==> [0001bdd000 - 0001be516c]
[    0.000000]   #4 [0000007000 - 0000008000]          PGTABLE ==> [0000007000 - 0000008000]
[    0.000000]   #5 [0000008000 - 000000f000]          BOOTMAP ==> [0000008000 - 000000f000]
[    0.000000] found SMP MP-table at [c00f6900] f6900
[    0.000000] Zone PFN ranges:
[    0.000000]   DMA      0x00000000 -> 0x00001000
[    0.000000]   Normal   0x00001000 -> 0x000377fe
[    0.000000]   HighMem  0x000377fe -> 0x0003d6b0
[    0.000000] Movable zone start PFN for each node
[    0.000000] early_node_map[2] active PFN ranges
[    0.000000]     0: 0x00000000 -> 0x0000009d
[    0.000000]     0: 0x00000100 -> 0x0003d6b0
[    0.000000] On node 0 totalpages: 251469
[    0.000000] free_area_init_node: node 0, pgdat c1901ea0, node_mem_map c1be7000
[    0.000000]   DMA zone: 32 pages used for memmap
[    0.000000]   DMA zone: 0 pages reserved
[    0.000000]   DMA zone: 3965 pages, LIFO batch:0
[    0.000000]   Normal zone: 1744 pages used for memmap
[    0.000000]   Normal zone: 221486 pages, LIFO batch:31
[    0.000000]   HighMem zone: 190 pages used for memmap
[    0.000000]   HighMem zone: 24052 pages, LIFO batch:3
[    0.000000] Using APIC driver default
[    0.000000] ACPI: PM-Timer IO Port: 0x1008
[    0.000000] ACPI: Local APIC address 0xfee00000
[    0.000000] ACPI: LAPIC (acpi_id[0x00] lapic_id[0x00] enabled)
[    0.000000] ACPI: LAPIC (acpi_id[0x01] lapic_id[0x01] enabled)
[    0.000000] ACPI: NR_CPUS/possible_cpus limit of 1 reached.  Processor 1/0x1 ignored.
[    0.000000] ACPI: LAPIC_NMI (acpi_id[0x00] high edge lint[0x1])
[    0.000000] ACPI: LAPIC_NMI (acpi_id[0x01] high edge lint[0x1])
[    0.000000] ACPI: IOAPIC (id[0x01] address[0xfec00000] gsi_base[0])
[    0.000000] IOAPIC[0]: apic_id 1, version 32, address 0xfec00000, GSI 0-23
[    0.000000] ACPI: INT_SRC_OVR (bus 0 bus_irq 0 global_irq 2 dfl dfl)
[    0.000000] ACPI: INT_SRC_OVR (bus 0 bus_irq 9 global_irq 9 high level)
[    0.000000] ACPI: IRQ0 used by override.
[    0.000000] ACPI: IRQ2 used by override.
[    0.000000] ACPI: IRQ9 used by override.
[    0.000000] Using ACPI (MADT) for SMP configuration information
[    0.000000] ACPI: HPET id: 0x8086a201 base: 0xfed00000
[    0.000000] nr_irqs_gsi: 24
[    0.000000] PM: Registered nosave memory: 000000000009d000 - 000000000009e000
[    0.000000] PM: Registered nosave memory: 000000000009e000 - 00000000000a0000
[    0.000000] PM: Registered nosave memory: 00000000000a0000 - 00000000000d2000
[    0.000000] PM: Registered nosave memory: 00000000000d2000 - 00000000000d4000
[    0.000000] PM: Registered nosave memory: 00000000000d4000 - 00000000000e0000
[    0.000000] PM: Registered nosave memory: 00000000000e0000 - 0000000000100000
[    0.000000] Allocating PCI resources starting at 3e000000 (gap: 3e000000:b2000000)
[    0.000000] Built 1 zonelists in Zone order, mobility grouping on.  Total pages: 249503
[    0.000000] Kernel command line: auto BOOT_IMAGE=Linux ro root=802 vt.default_utf8=0 maxcpus=0
[    0.000000] PID hash table entries: 4096 (order: 2, 16384 bytes)
[    0.000000] Dentry cache hash table entries: 131072 (order: 7, 524288 bytes)
[    0.000000] Inode-cache hash table entries: 65536 (order: 6, 262144 bytes)
[    0.000000] Enabling fast FPU save and restore... done.
[    0.000000] Enabling unmasked SIMD FPU exception support... done.
[    0.000000] Initializing CPU#0
[    0.000000] Initializing HighMem for node 0 (000377fe:0003d6b0)
[    0.000000] Memory: 984800k/1006272k available (6914k kernel code, 20876k reserved, 2328k data, 448k init, 96968k highmem)
[    0.000000] virtual kernel memory layout:
[    0.000000]     fixmap  : 0xfffa3000 - 0xfffff000   ( 368 kB)
[    0.000000]     pkmap   : 0xff800000 - 0xffc00000   (4096 kB)
[    0.000000]     vmalloc : 0xf7ffe000 - 0xff7fe000   ( 120 MB)
[    0.000000]     lowmem  : 0xc0000000 - 0xf77fe000   ( 887 MB)
[    0.000000]       .init : 0xc1907000 - 0xc1977000   ( 448 kB)
[    0.000000]       .data : 0xc16c0b5f - 0xc1906c64   (2328 kB)
[    0.000000]       .text : 0xc1000000 - 0xc16c0b5f   (6914 kB)
[    0.000000] Checking if this processor honours the WP bit even in supervisor mode...Ok.
[    0.000000] SLUB: Genslabs=13, HWalign=64, Order=0-3, MinObjects=0, CPUs=1, Nodes=1
[    0.000000] Hierarchical RCU implementation.
[    0.000000] NR_IRQS:288
[    0.000000] Extended CMOS year: 2000
[    0.000000] Console: colour VGA+ 80x25
[    0.000000] console [tty0] enabled
[    0.000000] hpet clockevent registered
[    0.000000] Fast TSC calibration using PIT
[    0.000000] Detected 2094.730 MHz processor.
[    0.001002] Calibrating delay loop (skipped), value calculated using timer frequency.. 4189.46 BogoMIPS (lpj=2094730)
[    0.002008] Security Framework initialized
[    0.002094] Mount-cache hash table entries: 512
[    0.002240] CPU: L1 I cache: 32K, L1 D cache: 32K
[    0.002373] CPU: L2 cache: 3072K
[    0.002454] mce: CPU supports 6 MCE banks
[    0.002540] CPU0: Thermal monitoring enabled (TM2)
[    0.002622] using mwait in idle threads.
[    0.002705] CPU: Intel(R) Core(TM)2 Duo CPU     T8100  @ 2.10GHz stepping 06
[    0.002882] Checking 'hlt' instruction... OK.
[    0.006940] ACPI: Core revision 20090903
[    0.026018] CANARY value: 61baf878 for PID: 1
[    0.026048] Enabling APIC mode:  Flat.  Using 1 I/O APICs
[    0.027229] ..TIMER: vector=0x30 apic1=0 pin1=2 apic2=-1 pin2=-1
[    0.037997] xor: automatically using best checksumming function: pIII_sse
[    0.041998]    pIII_sse  :  8568.000 MB/sec
[    0.042088] xor: using function: pIII_sse (8568.000 MB/sec)
[    0.042176] RANDOM - __seed init called.
[    0.042177] RANDOM - __seed init called.
[    0.042178] RANDOM - __seed init called.
[    0.042179] RANDOM - __random32 called. Change num 1.  Value: f7943846	49e73df3	af36cd0d
[    0.042181] RANDOM - __random32 called. Change num 2.  Value: 43846e13	9e73df37	9a1ad014
[    0.042183] RANDOM - __random32 called. Change num 3.  Value: 46e139c8	e73df373	a029598a
[    0.042184] RANDOM - __random32 called. Change num 4.  Value: 139c8c3b	73df373d	b3142c72
[    0.042186] RANDOM - __random32 called. Change num 5.  Value: c8c3b043	3df373de	58e576a9
[    0.042188] RANDOM - __random32 called. Change num 6.  Value: 3b0437d9	df373de5	ed53f9d8
[    0.042189] RANDOM - random32 init called.  Value: 3b0437d9	df373de5	ed53f9d8
[    0.042207] NET: Registered protocol family 16
[    0.042465] ACPI FADT declares the system doesn't support PCIe ASPM, so disable it
[    0.042585] ACPI: bus type pci registered
[    0.042752] PCI: MCFG configuration 0: base f0000000 segment 0 buses 0 - 63
[    0.042846] PCI: MCFG area at f0000000 reserved in E820
[    0.042942] PCI: Using MMCONFIG for extended config space
[    0.043002] PCI: Using configuration type 1 for base access
[    0.046137] bio: create slab <bio-0> at 0
[    0.046952] ACPI: EC: EC description table is found, configuring boot EC
[    0.052097] ACPI: BIOS _OSI(Linux) query honored via DMI
[    0.052823] random 0000 0000 0000 00000000 00000000: rand_read_num 2 get_random_bytes(8): sig fffffe1a 00000000 00000000
[    0.052825] random 0000 0000 0000 00000000 00000000: extract_entropy(.. 8 ..)
[    0.052828] random 0000 0000 0000 00000000 00000000: going to reseed nonblocking with 64 bits (64 of 0 requested)
[    0.052830] random 0000 0000 0000 00000000 00000000: extract_entropy(.. 8 ..)
[    0.052833] random 0000 0000 0000 00000000 00000000: trying to extract 64 bits from input
[    0.052835] random 0000 0000 0000 00000000 00000000: debiting 0 entropy credits from input
[    0.052836] random 0000 0000 0000 00000000 00000000: extract_entropy account returned: 0 
[    0.052868] random 0000 0000 0000 00000000 00000000: urand_change_num 3 xfer_secondary_pool(8): pool_sig fffffe1a, data_sig 00000000, bytes_mixed 0 00000000 00000000
[    0.052871] random 0000 0000 0000 00000000 00000000: trying to extract 64 bits from nonblocking
[    0.052873] random 0000 0000 0000 00000000 00000000: debiting 64 entropy credits from nonblocking (unlimited)
[    0.052875] random 0000 0000 0000 00000000 00000000: extract_entropy account returned: 8 
[    0.052879] random 0000 0000 0000 00000000 00000000: urand_change_num 4 extract_buf: pool_sig fffffe1a, data_sig fffffed7, bytes_mixed 20 00000000 00000000
[    0.058696] ACPI: Interpreter enabled
[    0.058784] ACPI: (supports S0 S3 S4 S5)
[    0.059084] ACPI: Using IOAPIC for interrupt routing
[    0.068804] ACPI: EC: GPE = 0x12, I/O: command/status = 0x66, data = 0x62
[    0.069093] ACPI: Power Resource [PUBS] (on)
[    0.071201] ACPI: ACPI Dock Station Driver: 3 docks/bays found
[    0.071615] ACPI: PCI Root Bridge [PCI0] (0000:00)
[    0.071794] pci 0000:00:02.0: reg 10 64bit mmio: [0xf8100000-0xf81fffff]
[    0.071800] pci 0000:00:02.0: reg 18 64bit mmio pref: [0xe0000000-0xefffffff]
[    0.071803] pci 0000:00:02.0: reg 20 io port: [0x1800-0x1807]
[    0.071838] pci 0000:00:02.1: reg 10 64bit mmio: [0xf8200000-0xf82fffff]
[    0.071942] pci 0000:00:19.0: reg 10 32bit mmio: [0xfe000000-0xfe01ffff]
[    0.071949] pci 0000:00:19.0: reg 14 32bit mmio: [0xfe025000-0xfe025fff]
[    0.071958] pci 0000:00:19.0: reg 18 io port: [0x1840-0x185f]
[    0.072039] pci 0000:00:19.0: PME# supported from D0 D3hot D3cold
[    0.072138] pci 0000:00:19.0: PME# disabled
[    0.072274] pci 0000:00:1a.0: reg 20 io port: [0x1860-0x187f]
[    0.072355] pci 0000:00:1a.1: reg 20 io port: [0x1880-0x189f]
[    0.072440] pci 0000:00:1a.7: reg 10 32bit mmio: [0xfe226c00-0xfe226fff]
[    0.072524] pci 0000:00:1a.7: PME# supported from D0 D3hot D3cold
[    0.072617] pci 0000:00:1a.7: PME# disabled
[    0.072762] pci 0000:00:1b.0: reg 10 64bit mmio: [0xfe020000-0xfe023fff]
[    0.072841] pci 0000:00:1b.0: PME# supported from D0 D3hot D3cold
[    0.072934] pci 0000:00:1b.0: PME# disabled
[    0.073110] pci 0000:00:1c.0: PME# supported from D0 D3hot D3cold
[    0.073204] pci 0000:00:1c.0: PME# disabled
[    0.073403] pci 0000:00:1c.1: PME# supported from D0 D3hot D3cold
[    0.073494] pci 0000:00:1c.1: PME# disabled
[    0.073710] pci 0000:00:1c.2: PME# supported from D0 D3hot D3cold
[    0.073803] pci 0000:00:1c.2: PME# disabled
[    0.074037] pci 0000:00:1c.3: PME# supported from D0 D3hot D3cold
[    0.074131] pci 0000:00:1c.3: PME# disabled
[    0.074989] pci 0000:00:1c.4: PME# supported from D0 D3hot D3cold
[    0.074999] pci 0000:00:1c.4: PME# disabled
[    0.075149] pci 0000:00:1d.0: reg 20 io port: [0x18a0-0x18bf]
[    0.075224] pci 0000:00:1d.1: reg 20 io port: [0x18c0-0x18df]
[    0.075312] pci 0000:00:1d.2: reg 20 io port: [0x18e0-0x18ff]
[    0.075403] pci 0000:00:1d.7: reg 10 32bit mmio: [0xfe227000-0xfe2273ff]
[    0.075501] pci 0000:00:1d.7: PME# supported from D0 D3hot D3cold
[    0.075597] pci 0000:00:1d.7: PME# disabled
[    0.075896] pci 0000:00:1f.0: quirk: region 1000-107f claimed by ICH6 ACPI/GPIO/TCO
[    0.076000] pci 0000:00:1f.0: quirk: region 1180-11bf claimed by ICH6 GPIO
[    0.076098] pci 0000:00:1f.0: ICH7 LPC Generic IO decode 1 PIO at 1600 (mask 007f)
[    0.076225] pci 0000:00:1f.0: ICH7 LPC Generic IO decode 2 PIO at 15e0 (mask 000f)
[    0.076350] pci 0000:00:1f.0: ICH7 LPC Generic IO decode 3 PIO at 1680 (mask 001f)
[    0.076551] pci 0000:00:1f.1: reg 10 io port: [0x00-0x07]
[    0.076560] pci 0000:00:1f.1: reg 14 io port: [0x00-0x03]
[    0.076567] pci 0000:00:1f.1: reg 18 io port: [0x00-0x07]
[    0.076576] pci 0000:00:1f.1: reg 1c io port: [0x00-0x03]
[    0.076586] pci 0000:00:1f.1: reg 20 io port: [0x1c00-0x1c0f]
[    0.076673] pci 0000:00:1f.2: reg 10 io port: [0x1c50-0x1c57]
[    0.076681] pci 0000:00:1f.2: reg 14 io port: [0x1c44-0x1c47]
[    0.076690] pci 0000:00:1f.2: reg 18 io port: [0x1c48-0x1c4f]
[    0.076697] pci 0000:00:1f.2: reg 1c io port: [0x1c40-0x1c43]
[    0.076706] pci 0000:00:1f.2: reg 20 io port: [0x1c20-0x1c3f]
[    0.076714] pci 0000:00:1f.2: reg 24 32bit mmio: [0xfe226000-0xfe2267ff]
[    0.076772] pci 0000:00:1f.2: PME# supported from D3hot
[    0.076864] pci 0000:00:1f.2: PME# disabled
[    0.077034] pci 0000:00:1f.3: reg 10 32bit mmio: [0xfe227400-0xfe2274ff]
[    0.077058] pci 0000:00:1f.3: reg 20 io port: [0x1c60-0x1c7f]
[    0.077155] pci 0000:00:1c.0: bridge io port: [0x2000-0x2fff]
[    0.077160] pci 0000:00:1c.0: bridge 32bit mmio: [0xfc000000-0xfdffffff]
[    0.077169] pci 0000:00:1c.0: bridge 64bit mmio pref: [0xf8000000-0xf80fffff]
[    0.077241] pci 0000:03:00.0: reg 10 64bit mmio: [0xdf3f0000-0xdf3fffff]
[    0.077436] pci 0000:00:1c.1: bridge io port: [0x3000-0x3fff]
[    0.077442] pci 0000:00:1c.1: bridge 32bit mmio: [0xdc000000-0xdf3fffff]
[    0.077451] pci 0000:00:1c.1: bridge 64bit mmio pref: [0xdfe00000-0xdfefffff]
[    0.077506] pci 0000:00:1c.2: bridge io port: [0x4000-0x4fff]
[    0.077513] pci 0000:00:1c.2: bridge 32bit mmio: [0xd8000000-0xd9ffffff]
[    0.077520] pci 0000:00:1c.2: bridge 64bit mmio pref: [0xdfb00000-0xdfbfffff]
[    0.077576] pci 0000:00:1c.3: bridge io port: [0x5000-0x5fff]
[    0.077582] pci 0000:00:1c.3: bridge 32bit mmio: [0xd4000000-0xd5ffffff]
[    0.077589] pci 0000:00:1c.3: bridge 64bit mmio pref: [0xdf800000-0xdf8fffff]
[    0.077646] pci 0000:00:1c.4: bridge io port: [0x6000-0x6fff]
[    0.077650] pci 0000:00:1c.4: bridge 32bit mmio: [0xd0000000-0xd1ffffff]
[    0.077659] pci 0000:00:1c.4: bridge 64bit mmio pref: [0xdf500000-0xdf5fffff]
[    0.077723] pci 0000:15:00.0: reg 10 32bit mmio: [0xf8300000-0xf8300fff]
[    0.077773] pci 0000:15:00.0: supports D1 D2
[    0.077774] pci 0000:15:00.0: PME# supported from D0 D1 D2 D3hot D3cold
[    0.077876] pci 0000:15:00.0: PME# disabled
[    0.078057] pci 0000:15:00.1: reg 10 32bit mmio: [0xf8301000-0xf83017ff]
[    0.078155] pci 0000:15:00.1: supports D1 D2
[    0.078157] pci 0000:15:00.1: PME# supported from D0 D1 D2 D3hot D3cold
[    0.078253] pci 0000:15:00.1: PME# disabled
[    0.078441] pci 0000:00:1e.0: transparent bridge
[    0.078532] pci 0000:00:1e.0: bridge io port: [0x7000-0xafff]
[    0.078536] pci 0000:00:1e.0: bridge 32bit mmio: [0xf8300000-0xfbffffff]
[    0.078545] pci 0000:00:1e.0: bridge 64bit mmio pref: [0xf4000000-0xf7ffffff]
[    0.078614] pci_bus 0000:00: on NUMA node 0
[    0.078618] ACPI: PCI Interrupt Routing Table [\_SB_.PCI0._PRT]
[    0.078750] ACPI: PCI Interrupt Routing Table [\_SB_.PCI0.EXP0._PRT]
[    0.078809] ACPI: PCI Interrupt Routing Table [\_SB_.PCI0.EXP1._PRT]
[    0.078867] ACPI: PCI Interrupt Routing Table [\_SB_.PCI0.EXP2._PRT]
[    0.078925] ACPI: PCI Interrupt Routing Table [\_SB_.PCI0.EXP3._PRT]
[    0.079050] ACPI: PCI Interrupt Routing Table [\_SB_.PCI0.EXP4._PRT]
[    0.079113] ACPI: PCI Interrupt Routing Table [\_SB_.PCI0.PCI1._PRT]
[    0.084560] ACPI: PCI Interrupt Link [LNKA] (IRQs 3 4 5 6 7 9 *10 11)
[    0.085360] ACPI: PCI Interrupt Link [LNKB] (IRQs 3 4 5 6 7 9 10 *11)
[    0.086159] ACPI: PCI Interrupt Link [LNKC] (IRQs 3 4 5 6 7 9 10 *11)
[    0.086945] ACPI: PCI Interrupt Link [LNKD] (IRQs 3 4 5 6 7 9 10 *11)
[    0.087713] ACPI: PCI Interrupt Link [LNKE] (IRQs 3 4 5 6 7 9 10 *11)
[    0.088515] ACPI: PCI Interrupt Link [LNKF] (IRQs 3 4 5 6 7 9 10 *11)
[    0.089288] ACPI: PCI Interrupt Link [LNKG] (IRQs 3 4 5 6 7 9 10 *11)
[    0.090120] ACPI: PCI Interrupt Link [LNKH] (IRQs 3 4 5 6 7 9 10 *11)
[    0.090863] vgaarb: device added: PCI:0000:00:02.0,decodes=io+mem,owns=io+mem,locks=none
[    0.090996] vgaarb: loaded
[    0.091176] SCSI subsystem initialized
[    0.091276] libata version 3.00 loaded.
[    0.091324] usbcore: registered new interface driver usbfs
[    0.091447] usbcore: registered new interface driver hub
[    0.091564] usbcore: registered new device driver usb
[    0.108036] raid6: int32x1    941 MB/s
[    0.125059] raid6: int32x2    890 MB/s
[    0.142068] raid6: int32x4    750 MB/s
[    0.159068] raid6: int32x8    660 MB/s
[    0.175982] raid6: mmxx1     2878 MB/s
[    0.192981] raid6: mmxx2     3269 MB/s
[    0.209990] raid6: sse1x1    1937 MB/s
[    0.226980] raid6: sse1x2    2531 MB/s
[    0.243989] raid6: sse2x1    3511 MB/s
[    0.260971] raid6: sse2x2    3828 MB/s
[    0.261060] raid6: using algorithm sse2x2 (3828 MB/s)
[    0.261156] PCI: Using ACPI for IRQ routing
[    0.261469] HPET: 3 timers in total, 0 timers will be used for per-cpu timer
[    0.261989] Switching to clocksource tsc
[    0.262091] pnp: PnP ACPI init
[    0.262181] ACPI: bus type pnp registered
[    0.265878] pnp: PnP ACPI: found 11 devices
[    0.265968] ACPI: ACPI bus type pnp unregistered
[    0.266066] system 00:00: iomem range 0x0-0x9ffff could not be reserved
[    0.266162] system 00:00: iomem range 0xc0000-0xc3fff could not be reserved
[    0.266256] system 00:00: iomem range 0xc4000-0xc7fff could not be reserved
[    0.266348] system 00:00: iomem range 0xc8000-0xcbfff has been reserved
[    0.266439] system 00:00: iomem range 0xcc000-0xcffff has been reserved
[    0.266531] system 00:00: iomem range 0xd0000-0xd3fff could not be reserved
[    0.266624] system 00:00: iomem range 0xe0000-0xe3fff could not be reserved
[    0.266719] system 00:00: iomem range 0xe4000-0xe7fff could not be reserved
[    0.266809] system 00:00: iomem range 0xe8000-0xebfff could not be reserved
[    0.266907] system 00:00: iomem range 0xec000-0xeffff could not be reserved
[    0.266998] system 00:00: iomem range 0xf0000-0xfffff could not be reserved
[    0.267092] system 00:00: iomem range 0x100000-0x3dffffff could not be reserved
[    0.267213] system 00:00: iomem range 0xfec00000-0xfed3ffff could not be reserved
[    0.267335] system 00:00: iomem range 0xfed4c000-0xffffffff could not be reserved
[    0.267459] system 00:02: ioport range 0x164e-0x164f has been reserved
[    0.267551] system 00:02: ioport range 0x1000-0x107f has been reserved
[    0.267642] system 00:02: ioport range 0x1180-0x11bf has been reserved
[    0.267733] system 00:02: ioport range 0x800-0x80f has been reserved
[    0.267824] system 00:02: ioport range 0x15e0-0x15ef has been reserved
[    0.267918] system 00:02: ioport range 0x1600-0x165f could not be reserved
[    0.268011] system 00:02: iomem range 0xf0000000-0xf3ffffff has been reserved
[    0.268106] system 00:02: iomem range 0xfed1c000-0xfed1ffff has been reserved
[    0.268195] system 00:02: iomem range 0xfed14000-0xfed17fff has been reserved
[    0.268289] system 00:02: iomem range 0xfed18000-0xfed18fff has been reserved
[    0.268383] system 00:02: iomem range 0xfed19000-0xfed19fff has been reserved
[    0.268474] system 00:02: iomem range 0xfed45000-0xfed4bfff has been reserved
[    0.303511] pci 0000:00:1c.0: PCI bridge, secondary bus 0000:02
[    0.303602] pci 0000:00:1c.0:   IO window: 0x2000-0x2fff
[    0.303698] pci 0000:00:1c.0:   MEM window: 0xfc000000-0xfdffffff
[    0.303790] pci 0000:00:1c.0:   PREFETCH window: 0x000000f8000000-0x000000f80fffff
[    0.303921] pci 0000:00:1c.1: PCI bridge, secondary bus 0000:03
[    0.304010] pci 0000:00:1c.1:   IO window: 0x3000-0x3fff
[    0.304104] pci 0000:00:1c.1:   MEM window: 0xdc000000-0xdf3fffff
[    0.304201] pci 0000:00:1c.1:   PREFETCH window: 0x000000dfe00000-0x000000dfefffff
[    0.304327] pci 0000:00:1c.2: PCI bridge, secondary bus 0000:04
[    0.304421] pci 0000:00:1c.2:   IO window: 0x4000-0x4fff
[    0.304514] pci 0000:00:1c.2:   MEM window: 0xd8000000-0xd9ffffff
[    0.304604] pci 0000:00:1c.2:   PREFETCH window: 0x000000dfb00000-0x000000dfbfffff
[    0.304738] pci 0000:00:1c.3: PCI bridge, secondary bus 0000:05
[    0.304833] pci 0000:00:1c.3:   IO window: 0x5000-0x5fff
[    0.304934] pci 0000:00:1c.3:   MEM window: 0xd4000000-0xd5ffffff
[    0.305030] pci 0000:00:1c.3:   PREFETCH window: 0x000000df800000-0x000000df8fffff
[    0.305156] pci 0000:00:1c.4: PCI bridge, secondary bus 0000:0d
[    0.305255] pci 0000:00:1c.4:   IO window: 0x6000-0x6fff
[    0.305347] pci 0000:00:1c.4:   MEM window: 0xd0000000-0xd1ffffff
[    0.305441] pci 0000:00:1c.4:   PREFETCH window: 0x000000df500000-0x000000df5fffff
[    0.305567] pci 0000:15:00.0: CardBus bridge, secondary bus 0000:16
[    0.305655] pci 0000:15:00.0:   IO window: 0x007000-0x0070ff
[    0.305748] pci 0000:15:00.0:   IO window: 0x007400-0x0074ff
[    0.305842] pci 0000:15:00.0:   PREFETCH window: 0xf4000000-0xf7ffffff
[    0.305939] pci 0000:15:00.0:   MEM window: 0x40000000-0x43ffffff
[    0.306034] pci 0000:00:1e.0: PCI bridge, secondary bus 0000:15
[    0.306125] pci 0000:00:1e.0:   IO window: 0x7000-0xafff
[    0.306219] pci 0000:00:1e.0:   MEM window: 0xf8300000-0xfbffffff
[    0.306317] pci 0000:00:1e.0:   PREFETCH window: 0x000000f4000000-0x000000f7ffffff
[    0.306460] pci 0000:00:1c.0: PCI INT A -> GSI 20 (level, low) -> IRQ 20
[    0.306553] pci 0000:00:1c.0: setting latency timer to 64
[    0.306564] pci 0000:00:1c.1: PCI INT B -> GSI 21 (level, low) -> IRQ 21
[    0.306660] pci 0000:00:1c.1: setting latency timer to 64
[    0.306674] pci 0000:00:1c.2: PCI INT C -> GSI 22 (level, low) -> IRQ 22
[    0.306767] pci 0000:00:1c.2: setting latency timer to 64
[    0.306781] pci 0000:00:1c.3: PCI INT D -> GSI 23 (level, low) -> IRQ 23
[    0.306880] pci 0000:00:1c.3: setting latency timer to 64
[    0.306891] pci 0000:00:1c.4: PCI INT A -> GSI 20 (level, low) -> IRQ 20
[    0.306988] pci 0000:00:1c.4: setting latency timer to 64
[    0.306992] pci 0000:00:1e.0: enabling device (0005 -> 0007)
[    0.307091] pci 0000:00:1e.0: setting latency timer to 64
[    0.307106] pci 0000:15:00.0: PCI INT A -> GSI 16 (level, low) -> IRQ 16
[    0.307207] pci 0000:15:00.0: setting latency timer to 64
[    0.307213] pci_bus 0000:00: resource 0 io:  [0x00-0xffff]
[    0.307215] pci_bus 0000:00: resource 1 mem: [0x000000-0xffffffff]
[    0.307217] pci_bus 0000:02: resource 0 io:  [0x2000-0x2fff]
[    0.307219] pci_bus 0000:02: resource 1 mem: [0xfc000000-0xfdffffff]
[    0.307221] pci_bus 0000:02: resource 2 pref mem [0xf8000000-0xf80fffff]
[    0.307223] pci_bus 0000:03: resource 0 io:  [0x3000-0x3fff]
[    0.307224] pci_bus 0000:03: resource 1 mem: [0xdc000000-0xdf3fffff]
[    0.307226] pci_bus 0000:03: resource 2 pref mem [0xdfe00000-0xdfefffff]
[    0.307228] pci_bus 0000:04: resource 0 io:  [0x4000-0x4fff]
[    0.307230] pci_bus 0000:04: resource 1 mem: [0xd8000000-0xd9ffffff]
[    0.307232] pci_bus 0000:04: resource 2 pref mem [0xdfb00000-0xdfbfffff]
[    0.307234] pci_bus 0000:05: resource 0 io:  [0x5000-0x5fff]
[    0.307235] pci_bus 0000:05: resource 1 mem: [0xd4000000-0xd5ffffff]
[    0.307237] pci_bus 0000:05: resource 2 pref mem [0xdf800000-0xdf8fffff]
[    0.307239] pci_bus 0000:0d: resource 0 io:  [0x6000-0x6fff]
[    0.307241] pci_bus 0000:0d: resource 1 mem: [0xd0000000-0xd1ffffff]
[    0.307242] pci_bus 0000:0d: resource 2 pref mem [0xdf500000-0xdf5fffff]
[    0.307244] pci_bus 0000:15: resource 0 io:  [0x7000-0xafff]
[    0.307246] pci_bus 0000:15: resource 1 mem: [0xf8300000-0xfbffffff]
[    0.307248] pci_bus 0000:15: resource 2 pref mem [0xf4000000-0xf7ffffff]
[    0.307250] pci_bus 0000:15: resource 3 io:  [0x00-0xffff]
[    0.307251] pci_bus 0000:15: resource 4 mem: [0x000000-0xffffffff]
[    0.307253] pci_bus 0000:16: resource 0 io:  [0x7000-0x70ff]
[    0.307255] pci_bus 0000:16: resource 1 io:  [0x7400-0x74ff]
[    0.307256] pci_bus 0000:16: resource 2 pref mem [0xf4000000-0xf7ffffff]
[    0.307258] pci_bus 0000:16: resource 3 mem: [0x40000000-0x43ffffff]
[    0.307266] NET: Registered protocol family 2
[    0.307358] RANDOM - __random32 called. Change num 7.  Value: 437d97bf	f373de51	f3b0f986
[    0.307360] RANDOM - random32 called.  Value: 437d97bf	f373de51	f3b0f986
[    0.307364] random 0000 0000 0000 5f8db4e5 4cfdf2a8: rand_read_num 3 get_random_bytes(4): sig fffffb64 5f8db4e5 4cfdf2a8
[    0.307366] random 0000 0000 0000 5f8db4e5 4cfdf2a8: extract_entropy(.. 4 ..)
[    0.307369] random 0000 0000 0000 5f8db4e5 4cfdf2a8: going to reseed nonblocking with 64 bits (32 of 0 requested)
[    0.307371] random 0000 0000 0000 5f8db4e5 4cfdf2a8: extract_entropy(.. 8 ..)
[    0.307373] random 0000 0000 0000 5f8db4e5 4cfdf2a8: trying to extract 64 bits from input
[    0.307375] random 0000 0000 0000 5f8db4e5 4cfdf2a8: debiting 0 entropy credits from input
[    0.307377] random 0000 0000 0000 5f8db4e5 4cfdf2a8: extract_entropy account returned: 0 
[    0.307380] random 0000 0000 0000 5f8db4e5 4cfdf2a8: urand_change_num 5 xfer_secondary_pool(4): pool_sig fffffb64, data_sig 00000000, bytes_mixed 0 5f8db4e5 4cfdf2a8
[    0.307383] random 0000 0000 0000 5f8db4e5 4cfdf2a8: trying to extract 32 bits from nonblocking
[    0.307385] random 0000 0000 0000 5f8db4e5 4cfdf2a8: debiting 32 entropy credits from nonblocking (unlimited)
[    0.307387] random 0000 0000 0000 5f8db4e5 4cfdf2a8: extract_entropy account returned: 4 
[    0.307391] random 0000 0000 0000 5f8db4e5 4cfdf2a8: urand_change_num 6 extract_buf: pool_sig fffffb64, data_sig 00000241, bytes_mixed 20 5f8db4e5 4cfdf2a8
[    0.307401] IP route cache hash table entries: 32768 (order: 5, 131072 bytes)
[    0.307534] RANDOM - __random32 called. Change num 8.  Value: d97bfe31	373de51f	f30dc6e6
[    0.307536] RANDOM - random32 called.  Value: d97bfe31	373de51f	f30dc6e6
[    0.307546] RANDOM - __random32 called. Change num 9.  Value: bfe314d7	73de51f5	8dcd6c7e
[    0.307548] RANDOM - random32 called.  Value: bfe314d7	73de51f5	8dcd6c7e
[    0.307549] RANDOM - __random32 called. Change num 10.  Value: 314d7baf	3de51f5e	d8fc74c1
[    0.307551] RANDOM - random32 called.  Value: 314d7baf	3de51f5e	d8fc74c1
[    0.307562] RANDOM - __random32 called. Change num 11.  Value: d7baf3c7	de51f5e5	e983e3fa
[    0.307563] RANDOM - random32 called.  Value: d7baf3c7	de51f5e5	e983e3fa
[    0.307573] TCP established hash table entries: 131072 (order: 8, 1048576 bytes)
[    0.308072] TCP bind hash table entries: 65536 (order: 6, 262144 bytes)
[    0.308260] TCP: Hash tables configured (established 131072 bind 65536)
[    0.308353] TCP reno registered
[    0.308456] NET: Registered protocol family 1
[    0.308572] RPC: Registered udp transport module.
[    0.308662] RPC: Registered tcp transport module.
[    0.308748] RPC: Registered tcp NFSv4.1 backchannel transport module.
[    0.308840] pci 0000:00:02.0: Boot video device
[    0.309064] Simple Boot Flag at 0x35 set to 0x1
[    0.309582] highmem bounce pool size: 64 pages
[    0.311170] VFS: Disk quotas dquot_6.5.2
[    0.311300] Dquot-cache hash table entries: 1024 (order 0, 4096 bytes)
[    0.311976] NTFS driver 2.1.29 [Flags: R/W].
[    0.312139] ROMFS MTD (C) 2007 Red Hat, Inc.
[    0.312354] JFS: nTxBlock = 7695, nTxLock = 61562
[    0.314810] SGI XFS with ACLs, security attributes, large block/inode numbers, no debug enabled
[    0.315329] SGI XFS Quota Management subsystem
[    0.315615] Slow work thread pool: Starting up
[    0.315717] Slow work thread pool: Ready
[    0.315810] GFS2 (built May 24 2013 02:47:17) installed
[    0.315913] msgmni has been set to 1734
[    0.316078] alg: No test for cipher_null (cipher_null-generic)
[    0.316177] alg: No test for ecb(cipher_null) (ecb-cipher_null)
[    0.316274] alg: No test for digest_null (digest_null-generic)
[    0.316373] alg: No test for compress_null (compress_null-generic)
[    0.316940] alg: No test for fcrypt (fcrypt-generic)
[    0.318349] alg: No test for stdrng (krng)
[    0.318439] async_tx: api initialized (async)
[    0.318591] Block layer SCSI generic (bsg) driver version 0.4 loaded (major 254)
[    0.318713] io scheduler noop registered
[    0.318798] io scheduler anticipatory registered
[    0.318903] io scheduler deadline registered
[    0.319037] io scheduler cfq registered (default)
[    0.319284] pcieport 0000:00:1c.0: irq 24 for MSI/MSI-X
[    0.319302] pcieport 0000:00:1c.0: setting latency timer to 64
[    0.319488] pcieport 0000:00:1c.1: irq 25 for MSI/MSI-X
[    0.319499] pcieport 0000:00:1c.1: setting latency timer to 64
[    0.319682] pcieport 0000:00:1c.2: irq 26 for MSI/MSI-X
[    0.319691] pcieport 0000:00:1c.2: setting latency timer to 64
[    0.319883] pcieport 0000:00:1c.3: irq 27 for MSI/MSI-X
[    0.319894] pcieport 0000:00:1c.3: setting latency timer to 64
[    0.320076] pcieport 0000:00:1c.4: irq 28 for MSI/MSI-X
[    0.320085] pcieport 0000:00:1c.4: setting latency timer to 64
[    0.320231] pci_hotplug: PCI Hot Plug PCI Core version: 0.5
[    0.320425] isapnp: Scanning for PnP cards...
[    0.680950] isapnp: No Plug & Play device found
[    0.681037] random 0000 0000 0000 5f8db4e5 4cfdf2a8: initializing
[    0.700536] Serial: 8250/16550 driver, 4 ports, IRQ sharing enabled
[    3.711690] floppy0: no floppy controllers found
[    3.712633] brd: module loaded
[    3.713144] loop: module loaded
[    3.713230] Compaq SMART2 Driver (v 2.6.0)
[    3.713350] HP CISS Driver (v 3.6.20)
[    3.713592] input: Macintosh mouse button emulation as /devices/virtual/input/input0
[    3.713734] Uniform Multi-Platform E-IDE driver
[    3.713958] piix 0000:00:1f.1: IDE controller (0x8086:0x2850 rev 0x03)
[    3.714058] pci 0000:00:1f.1: PCI INT C -> GSI 16 (level, low) -> IRQ 16
[    3.714160] piix 0000:00:1f.1: IDE port disabled
[    3.714251] piix 0000:00:1f.1: not 100% native mode: will probe irqs later
[    3.714349]     ide0: BM-DMA at 0x1c00-0x1c07
[    3.714446] Probing IDE interface ide0...
[    4.385875] hda: HL-DT-ST DVDRAM GSA-U10N, ATAPI CD/DVD-ROM drive
[    4.692670] hda: host max PIO4 wanted PIO255(auto-tune) selected PIO4
[    4.693438] hda: UDMA/33 mode selected
[    4.693898] ide0 at 0x1f0-0x1f7,0x3f6 on irq 14
[    4.697813] ide-gd driver 1.18
[    4.697921] ide-cd driver 5.00
[    4.699312] ide-cd: hda: ATAPI 24X DVD-ROM DVD-R/RAM CD-R/RW drive, 2048kB Cache
[    4.699763] Uniform CD-ROM driver Revision: 3.20
[    4.706827] Loading iSCSI transport class v2.0-870.
[    4.707112] rdac: device handler registered
[    4.707201] hp_sw: device handler registered
[    4.707287] emc: device handler registered
[    4.707374] alua: device handler registered
[    4.708360] Adaptec aacraid driver 1.1-5[2461]-ms
[    4.708774] scsi: <fdomain> Detection failed (no card)
[    4.708869] sym53c416.c: Version 1.0.0-ac
[    4.708975] qlogicfas: no cards were found, please specify I/O address and IRQ using iobase= and irq= options
[    4.709098] QLogic Fibre Channel HBA Driver: 8.03.01-k6
[    4.709328] iscsi: registered transport (qla4xxx)
[    4.709436] QLogic iSCSI HBA Driver
[    4.709519] Emulex LightPulse Fibre Channel SCSI driver 8.3.4
[    4.709612] Copyright(c) 2004-2009 Emulex.  All rights reserved.
[    4.731656] Failed initialization of WD-7000 SCSI card!
[    4.821248] DC390: clustering now enabled by default. If you get problems load
[    4.821371]        with "disable_clustering=1" and report to maintainers
[    4.821506] megaraid cmm: 2.20.2.7 (Release Date: Sun Jul 16 00:01:03 EST 2006)
[    4.821662] megaraid: 2.20.5.1 (Release Date: Thu Nov 16 15:32:35 EST 2006)
[    4.821774] megasas: 00.00.04.01 Thu July 24 11:41:51 PST 2008
[    4.821908] GDT-HA: Storage RAID Controller Driver. Version: 3.05
[    4.822057] 3ware Storage Controller device driver for Linux v1.26.02.002.
[    4.822170] 3ware 9000 Storage Controller device driver for Linux v2.26.02.012.
[    4.822318] nsp32: loading...
[    4.822423] ipr: IBM Power RAID SCSI Device Driver version: 2.4.3 (June 10, 2009)
[    4.822571] RocketRAID 3xxx/4xxx Controller driver v1.6 (090910)
[    4.822686] stex: Promise SuperTrak EX Driver version: 4.6.0000.3
[    4.822814] st: Version 20081215, fixed bufsize 32768, s/g segs 256
[    4.823005] ahci 0000:00:1f.2: version 3.0
[    4.823021] ahci 0000:00:1f.2: PCI INT B -> GSI 16 (level, low) -> IRQ 16
[    4.823149] ahci 0000:00:1f.2: irq 29 for MSI/MSI-X
[    4.823210] ahci 0000:00:1f.2: AHCI 0001.0100 32 slots 3 ports 1.5 Gbps 0x5 impl SATA mode
[    4.823332] ahci 0000:00:1f.2: flags: 64bit ncq sntf pm led clo pio slum part ccc 
[    4.823465] ahci 0000:00:1f.2: setting latency timer to 64
[    4.823610] scsi2 : ahci
[    4.823783] scsi3 : ahci
[    4.823925] scsi4 : ahci
[    4.824089] ata1: SATA max UDMA/133 abar m2048@0xfe226000 port 0xfe226100 irq 29
[    4.824214] ata2: DUMMY
[    4.824305] ata3: SATA max UDMA/133 abar m2048@0xfe226000 port 0xfe226200 irq 29
[    4.824924] I2O subsystem v1.325
[    4.825015] i2o: max drivers = 8
[    4.825161] I2O Configuration OSM v1.323
[    4.825263] I2O Bus Adapter OSM v1.317
[    4.825366] I2O Block Device OSM v1.325
[    4.825518] I2O SCSI Peripheral OSM v1.316
[    4.825622] I2O ProcFS OSM v1.316
[    4.825779] Fusion MPT base driver 3.04.12
[    4.825865] Copyright (c) 1999-2008 LSI Corporation
[    4.825955] Fusion MPT SPI Host driver 3.04.12
[    4.826065] Fusion MPT FC Host driver 3.04.12
[    4.826178] Fusion MPT SAS Host driver 3.04.12
[    4.826334] ohci1394 0000:15:00.1: PCI INT B -> GSI 17 (level, low) -> IRQ 17
[    4.826431] ohci1394 0000:15:00.1: setting latency timer to 64
[    4.879669] ohci1394: fw-host0: OHCI-1394 1.1 (PCI): IRQ=[17]  MMIO=[f8301000-f83017ff]  Max Packet=[2048]  IR/IT contexts=[4/4]
[    4.883936] ehci_hcd: USB 2.0 'Enhanced' Host Controller (EHCI) Driver
[    4.884230] ehci_hcd 0000:00:1a.7: power state changed by ACPI to D0
[    4.884479] ehci_hcd 0000:00:1a.7: power state changed by ACPI to D0
[    4.884577] ehci_hcd 0000:00:1a.7: PCI INT C -> GSI 22 (level, low) -> IRQ 22
[    4.884680] ehci_hcd 0000:00:1a.7: setting latency timer to 64
[    4.884685] ehci_hcd 0000:00:1a.7: EHCI Host Controller
[    4.884823] ehci_hcd 0000:00:1a.7: new USB bus registered, assigned bus number 1
[    4.888859] ehci_hcd 0000:00:1a.7: cache line size of 32 is not supported
[    4.888868] ehci_hcd 0000:00:1a.7: irq 22, io mem 0xfe226c00
[    4.898629] ehci_hcd 0000:00:1a.7: USB 2.0 started, EHCI 1.00
[    4.898735] usb usb1: New USB device found, idVendor=1d6b, idProduct=0002
[    4.898826] usb usb1: New USB device strings: Mfr=3, Product=2, SerialNumber=1
[    4.898945] usb usb1: Product: EHCI Host Controller
[    4.899034] usb usb1: Manufacturer: Linux 2.6.32.57 ehci_hcd
[    4.899124] usb usb1: SerialNumber: 0000:00:1a.7
[    4.899273] usb usb1: configuration #1 chosen from 1 choice
[    4.899392] hub 1-0:1.0: USB hub found
[    4.899483] hub 1-0:1.0: 4 ports detected
[    4.899791] ehci_hcd 0000:00:1d.7: power state changed by ACPI to D0
[    4.900024] ehci_hcd 0000:00:1d.7: power state changed by ACPI to D0
[    4.900121] ehci_hcd 0000:00:1d.7: PCI INT D -> GSI 19 (level, low) -> IRQ 19
[    4.900219] ehci_hcd 0000:00:1d.7: setting latency timer to 64
[    4.900224] ehci_hcd 0000:00:1d.7: EHCI Host Controller
[    4.900352] ehci_hcd 0000:00:1d.7: new USB bus registered, assigned bus number 2
[    4.900508] ehci_hcd 0000:00:1d.7: debug port 1
[    4.904484] ehci_hcd 0000:00:1d.7: cache line size of 32 is not supported
[    4.904493] ehci_hcd 0000:00:1d.7: irq 19, io mem 0xfe227000
[    4.914629] ehci_hcd 0000:00:1d.7: USB 2.0 started, EHCI 1.00
[    4.914743] usb usb2: New USB device found, idVendor=1d6b, idProduct=0002
[    4.914833] usb usb2: New USB device strings: Mfr=3, Product=2, SerialNumber=1
[    4.914954] usb usb2: Product: EHCI Host Controller
[    4.915043] usb usb2: Manufacturer: Linux 2.6.32.57 ehci_hcd
[    4.915133] usb usb2: SerialNumber: 0000:00:1d.7
[    4.915273] usb usb2: configuration #1 chosen from 1 choice
[    4.915390] hub 2-0:1.0: USB hub found
[    4.915487] hub 2-0:1.0: 6 ports detected
[    4.915666] 116x: driver isp116x-hcd, 03 Nov 2005
[    4.915771] ohci_hcd: USB 1.1 'Open' Host Controller (OHCI) Driver
[    4.915883] uhci_hcd: USB Universal Host Controller Interface driver
[    4.915993] uhci_hcd 0000:00:1a.0: PCI INT A -> GSI 20 (level, low) -> IRQ 20
[    4.916093] uhci_hcd 0000:00:1a.0: setting latency timer to 64
[    4.916098] uhci_hcd 0000:00:1a.0: UHCI Host Controller
[    4.916223] uhci_hcd 0000:00:1a.0: new USB bus registered, assigned bus number 3
[    4.916378] uhci_hcd 0000:00:1a.0: irq 20, io base 0x00001860
[    4.916497] usb usb3: New USB device found, idVendor=1d6b, idProduct=0001
[    4.916592] usb usb3: New USB device strings: Mfr=3, Product=2, SerialNumber=1
[    4.916718] usb usb3: Product: UHCI Host Controller
[    4.916807] usb usb3: Manufacturer: Linux 2.6.32.57 uhci_hcd
[    4.916899] usb usb3: SerialNumber: 0000:00:1a.0
[    4.917035] usb usb3: configuration #1 chosen from 1 choice
[    4.917150] hub 3-0:1.0: USB hub found
[    4.917240] hub 3-0:1.0: 2 ports detected
[    4.917547] uhci_hcd 0000:00:1a.1: power state changed by ACPI to D0
[    4.917800] uhci_hcd 0000:00:1a.1: power state changed by ACPI to D0
[    4.917897] uhci_hcd 0000:00:1a.1: PCI INT B -> GSI 21 (level, low) -> IRQ 21
[    4.917997] uhci_hcd 0000:00:1a.1: setting latency timer to 64
[    4.918002] uhci_hcd 0000:00:1a.1: UHCI Host Controller
[    4.918131] uhci_hcd 0000:00:1a.1: new USB bus registered, assigned bus number 4
[    4.918288] uhci_hcd 0000:00:1a.1: irq 21, io base 0x00001880
[    4.918407] usb usb4: New USB device found, idVendor=1d6b, idProduct=0001
[    4.918498] usb usb4: New USB device strings: Mfr=3, Product=2, SerialNumber=1
[    4.918616] usb usb4: Product: UHCI Host Controller
[    4.918711] usb usb4: Manufacturer: Linux 2.6.32.57 uhci_hcd
[    4.918804] usb usb4: SerialNumber: 0000:00:1a.1
[    4.918940] usb usb4: configuration #1 chosen from 1 choice
[    4.919058] hub 4-0:1.0: USB hub found
[    4.919149] hub 4-0:1.0: 2 ports detected
[    4.919458] uhci_hcd 0000:00:1d.0: power state changed by ACPI to D0
[    4.919703] uhci_hcd 0000:00:1d.0: power state changed by ACPI to D0
[    4.919802] uhci_hcd 0000:00:1d.0: PCI INT A -> GSI 16 (level, low) -> IRQ 16
[    4.919901] uhci_hcd 0000:00:1d.0: setting latency timer to 64
[    4.919906] uhci_hcd 0000:00:1d.0: UHCI Host Controller
[    4.920038] uhci_hcd 0000:00:1d.0: new USB bus registered, assigned bus number 5
[    4.920192] uhci_hcd 0000:00:1d.0: irq 16, io base 0x000018a0
[    4.920303] usb usb5: New USB device found, idVendor=1d6b, idProduct=0001
[    4.920394] usb usb5: New USB device strings: Mfr=3, Product=2, SerialNumber=1
[    4.920513] usb usb5: Product: UHCI Host Controller
[    4.920602] usb usb5: Manufacturer: Linux 2.6.32.57 uhci_hcd
[    4.920701] usb usb5: SerialNumber: 0000:00:1d.0
[    4.920836] usb usb5: configuration #1 chosen from 1 choice
[    4.920956] hub 5-0:1.0: USB hub found
[    4.921046] hub 5-0:1.0: 2 ports detected
[    4.921189] uhci_hcd 0000:00:1d.1: PCI INT B -> GSI 17 (level, low) -> IRQ 17
[    4.921289] uhci_hcd 0000:00:1d.1: setting latency timer to 64
[    4.921293] uhci_hcd 0000:00:1d.1: UHCI Host Controller
[    4.921425] uhci_hcd 0000:00:1d.1: new USB bus registered, assigned bus number 6
[    4.921574] uhci_hcd 0000:00:1d.1: irq 17, io base 0x000018c0
[    4.921697] usb usb6: New USB device found, idVendor=1d6b, idProduct=0001
[    4.921792] usb usb6: New USB device strings: Mfr=3, Product=2, SerialNumber=1
[    4.921911] usb usb6: Product: UHCI Host Controller
[    4.922000] usb usb6: Manufacturer: Linux 2.6.32.57 uhci_hcd
[    4.922091] usb usb6: SerialNumber: 0000:00:1d.1
[    4.922230] usb usb6: configuration #1 chosen from 1 choice
[    4.922346] hub 6-0:1.0: USB hub found
[    4.922437] hub 6-0:1.0: 2 ports detected
[    4.922716] uhci_hcd 0000:00:1d.2: power state changed by ACPI to D0
[    4.922956] uhci_hcd 0000:00:1d.2: power state changed by ACPI to D0
[    4.923052] uhci_hcd 0000:00:1d.2: PCI INT C -> GSI 18 (level, low) -> IRQ 18
[    4.923149] uhci_hcd 0000:00:1d.2: setting latency timer to 64
[    4.923154] uhci_hcd 0000:00:1d.2: UHCI Host Controller
[    4.923282] uhci_hcd 0000:00:1d.2: new USB bus registered, assigned bus number 7
[    4.923432] uhci_hcd 0000:00:1d.2: irq 18, io base 0x000018e0
[    4.923542] usb usb7: New USB device found, idVendor=1d6b, idProduct=0001
[    4.923641] usb usb7: New USB device strings: Mfr=3, Product=2, SerialNumber=1
[    4.923762] usb usb7: Product: UHCI Host Controller
[    4.923849] usb usb7: Manufacturer: Linux 2.6.32.57 uhci_hcd
[    4.923940] usb usb7: SerialNumber: 0000:00:1d.2
[    4.924736] usb usb7: configuration #1 chosen from 1 choice
[    4.924854] hub 7-0:1.0: USB hub found
[    4.924944] hub 7-0:1.0: 2 ports detected
[    4.925104] sl811: driver sl811-hcd, 19 May 2005
[    4.925210] r8a66597_hcd: driver r8a66597_hcd, 2009-05-26
[    4.925377] Initializing USB Mass Storage driver...
[    4.925502] usbcore: registered new interface driver usb-storage
[    4.925590] USB Mass Storage support registered.
[    4.925700] usbcore: registered new interface driver ums-alauda
[    4.925810] usbcore: registered new interface driver ums-cypress
[    4.925920] usbcore: registered new interface driver ums-datafab
[    4.926027] usbcore: registered new interface driver ums-freecom
[    4.926136] usbcore: registered new interface driver ums-isd200
[    4.926248] usbcore: registered new interface driver ums-jumpshot
[    4.926360] usbcore: registered new interface driver ums-karma
[    4.926470] usbcore: registered new interface driver ums-onetouch
[    4.926579] usbcore: registered new interface driver ums-sddr09
[    4.926705] usbcore: registered new interface driver ums-sddr55
[    4.926814] usbcore: registered new interface driver ums-usbat
[    4.926963] PNP: PS/2 Controller [PNP0303:KBD,PNP0f13:MOU] at 0x60,0x64 irq 1,12
[    4.934966] serio: i8042 KBD port at 0x60,0x64 irq 1
[    4.935061] serio: i8042 AUX port at 0x60,0x64 irq 12
[    4.935301] mice: PS/2 mouse device common for all mice
[    4.935413] i2c /dev entries driver
[    4.935547] md: linear personality registered for level -1
[    4.935648] md: raid0 personality registered for level 0
[    4.935737] md: raid1 personality registered for level 1
[    4.935826] md: raid10 personality registered for level 10
[    4.935915] md: raid6 personality registered for level 6
[    4.936005] md: raid5 personality registered for level 5
[    4.936099] md: raid4 personality registered for level 4
[    4.936187] md: multipath personality registered for level -4
[    4.936377] device-mapper: ioctl: 4.15.0-ioctl (2009-04-01) initialised: dm-devel@redhat.com
[    4.936584] cpuidle: using governor ladder
[    4.937190] usbcore: registered new interface driver usbhid
[    4.937282] usbhid: v2.6:USB HID core driver
[    4.937425] random 0000 0000 0000 00000000 00000000: rand_read_num 4 get_random_bytes(136): sig 00000000 00000000 00000000
[    4.937427] random 0000 0000 0000 00000000 00000000: extract_entropy(.. 136 ..)
[    4.937430] random 0000 0000 0000 00000000 00000000: going to reseed nonblocking with 1024 bits (1088 of 0 requested)
[    4.937432] random 0000 0000 0000 00000000 00000000: extract_entropy(.. 128 ..)
[    4.937434] random 0000 0000 0000 00000000 00000000: trying to extract 1024 bits from input
[    4.937436] random 0000 0000 0000 00000000 00000000: debiting 0 entropy credits from input
[    4.937438] random 0000 0000 0000 00000000 00000000: extract_entropy account returned: 0 
[    4.937441] random 0000 0000 0000 00000000 00000000: urand_change_num 7 xfer_secondary_pool(136): pool_sig 00000000, data_sig 00000000, bytes_mixed 0 00000000 00000000
[    4.937444] random 0000 0000 0000 00000000 00000000: trying to extract 1088 bits from nonblocking
[    4.937447] random 0000 0000 0000 00000000 00000000: debiting 1088 entropy credits from nonblocking (unlimited)
[    4.937449] random 0000 0000 0000 00000000 00000000: extract_entropy account returned: 136 
[    4.937453] random 0000 0000 0000 00000000 00000000: urand_change_num 8 extract_buf: pool_sig 00000000, data_sig fffffff9, bytes_mixed 20 00000000 00000000
[    4.937459] random 0000 0000 0000 b7c35b56 be4dc95d: urand_change_num 9 extract_buf: pool_sig fffffd1e, data_sig 000000c5, bytes_mixed 20 b7c35b56 be4dc95d
[    4.937464] random 0000 0000 0000 ed9f5c47 c48487fb: urand_change_num 10 extract_buf: pool_sig fffff8ec, data_sig ffffff68, bytes_mixed 20 ed9f5c47 c48487fb
[    4.937469] random 0000 0000 0000 ed9f5c47 c48487fb: urand_change_num 11 extract_buf: pool_sig fffffaed, data_sig 000001aa, bytes_mixed 20 ed9f5c47 c48487fb
[    4.937474] random 0000 0000 0000 1b4f7c0a 91bd6a48: urand_change_num 12 extract_buf: pool_sig fffffdd8, data_sig 00000064, bytes_mixed 20 1b4f7c0a 91bd6a48
[    4.937479] random 0000 0000 0000 a254b9bc 20e9a24f: urand_change_num 13 extract_buf: pool_sig fffffbe6, data_sig 000001dd, bytes_mixed 20 a254b9bc 20e9a24f
[    4.937485] random 0000 0000 0000 a254b9bc 20e9a24f: urand_change_num 14 extract_buf: pool_sig fffff940, data_sig fffffe20, bytes_mixed 20 a254b9bc 20e9a24f
[    4.937490] random 0000 0000 0000 2831a66b 5fa2a3ad: urand_change_num 15 extract_buf: pool_sig fffffbce, data_sig 0000007e, bytes_mixed 20 2831a66b 5fa2a3ad
[    4.937495] random 0000 0000 0000 2831a66b 5fa2a3ad: urand_change_num 16 extract_buf: pool_sig 000004df, data_sig fffffe8f, bytes_mixed 20 2831a66b 5fa2a3ad
[    4.937500] random 0000 0000 0000 d4512bfd c9a54e0b: urand_change_num 17 extract_buf: pool_sig 00000485, data_sig fffffe68, bytes_mixed 20 d4512bfd c9a54e0b
[    4.937505] random 0000 0000 0000 c7371be6 f9ffea11: urand_change_num 18 extract_buf: pool_sig 00000095, data_sig ffffffed, bytes_mixed 20 c7371be6 f9ffea11
[    4.937510] random 0000 0000 0000 c7371be6 f9ffea11: urand_change_num 19 extract_buf: pool_sig 000003a7, data_sig fffffefa, bytes_mixed 20 c7371be6 f9ffea11
[    4.937516] random 0000 0000 0000 8fb4b62c d1ddba54: urand_change_num 20 extract_buf: pool_sig 00000179, data_sig ffffff78, bytes_mixed 20 8fb4b62c d1ddba54
[    4.937521] random 0000 0000 0000 9ff19f9c c07a1d2a: urand_change_num 21 extract_buf: pool_sig fffffe88, data_sig 00000126, bytes_mixed 20 9ff19f9c c07a1d2a
[    4.937525] TCP cubic registered
[    4.937615] Initializing XFRM netlink socket
[    4.937720] NET: Registered protocol family 17
[    4.937816] Using IPI Shortcut mode
[    4.937906] random 0000 0000 0000 9ff19f9c c07a1d2a: rand_read_num 5 get_random_bytes(8): sig 0000031b 9ff19f9c c07a1d2a
[    4.937908] random 0000 0000 0000 9ff19f9c c07a1d2a: extract_entropy(.. 8 ..)
[    4.937910] random 0000 0000 0000 9ff19f9c c07a1d2a: going to reseed nonblocking with 64 bits (64 of 0 requested)
[    4.937913] random 0000 0000 0000 9ff19f9c c07a1d2a: extract_entropy(.. 8 ..)
[    4.937915] random 0000 0000 0000 9ff19f9c c07a1d2a: trying to extract 64 bits from input
[    4.937917] random 0000 0000 0000 9ff19f9c c07a1d2a: debiting 0 entropy credits from input
[    4.937919] random 0000 0000 0000 9ff19f9c c07a1d2a: extract_entropy account returned: 0 
[    4.937922] random 0000 0000 0000 9ff19f9c c07a1d2a: urand_change_num 22 xfer_secondary_pool(8): pool_sig 0000031b, data_sig 00000000, bytes_mixed 0 9ff19f9c c07a1d2a
[    4.937924] random 0000 0000 0000 9ff19f9c c07a1d2a: trying to extract 64 bits from nonblocking
[    4.937927] random 0000 0000 0000 9ff19f9c c07a1d2a: debiting 64 entropy credits from nonblocking (unlimited)
[    4.937929] random 0000 0000 0000 9ff19f9c c07a1d2a: extract_entropy account returned: 8 
[    4.937933] random 0000 0000 0000 9ff19f9c c07a1d2a: urand_change_num 23 extract_buf: pool_sig 0000031b, data_sig ffffffb3, bytes_mixed 20 9ff19f9c c07a1d2a
[    4.940960] input: AT Translated Set 2 keyboard as /devices/platform/i8042/serio0/input/input1
[    5.128633] ata1: SATA link up 1.5 Gbps (SStatus 113 SControl 300)
[    5.128744] ata3: SATA link down (SStatus 0 SControl 300)
[    5.130949] ata1.00: ACPI cmd ef/02:00:00:00:00:a0 (SET FEATURES) succeeded
[    5.130952] ata1.00: ACPI cmd f5/00:00:00:00:00:a0 (SECURITY FREEZE LOCK) filtered out
[    5.132344] ata1.00: ACPI cmd ef/5f:00:00:00:00:a0 (SET FEATURES) succeeded
[    5.132347] ata1.00: ACPI cmd ef/10:03:00:00:00:a0 (SET FEATURES) filtered out
[    5.134256] ata1.00: ATA-7: ST910021AS, 4.06, max UDMA/100
[    5.134347] ata1.00: 195371568 sectors, multi 16: LBA48 
[    5.136493] ata1.00: ACPI cmd ef/02:00:00:00:00:a0 (SET FEATURES) succeeded
[    5.136496] ata1.00: ACPI cmd f5/00:00:00:00:00:a0 (SECURITY FREEZE LOCK) filtered out
[    5.137888] ata1.00: ACPI cmd ef/5f:00:00:00:00:a0 (SET FEATURES) succeeded
[    5.137890] ata1.00: ACPI cmd ef/10:03:00:00:00:a0 (SET FEATURES) filtered out
[    5.139813] ata1.00: configured for UDMA/100
[    5.150681] scsi 2:0:0:0: Direct-Access     ATA      ST910021AS       4.06 PQ: 0 ANSI: 5
[    5.150966] sd 2:0:0:0: [sda] 195371568 512-byte logical blocks: (100 GB/93.1 GiB)
[    5.151107] sd 2:0:0:0: [sda] Write Protect is off
[    5.151197] sd 2:0:0:0: [sda] Mode Sense: 00 3a 00 00
[    5.151210] sd 2:0:0:0: [sda] Write cache: enabled, read cache: enabled, doesn't support DPO or FUA
[    5.151400]  sda:
[    5.216616] usb 2-1: new high speed USB device using ehci_hcd and address 2
[    5.365887] usb 2-1: New USB device found, idVendor=0e8d, idProduct=1806
[    5.365976] usb 2-1: New USB device strings: Mfr=1, Product=2, SerialNumber=3
[    5.366069] usb 2-1: Product: MT1806 
[    5.366149] usb 2-1: Manufacturer: MediaTek Inc
[    5.366237] usb 2-1: SerialNumber: R8KN6GAC800AEB 
[    5.366367] usb 2-1: configuration #1 chosen from 1 choice
[    5.372681] scsi5 : SCSI emulation for USB Mass Storage devices
[    5.372847] usb-storage: device found at 2
[    5.372848] usb-storage: waiting for device to settle before scanning
[    5.570507]  sda1 sda2
[    5.571232] sd 2:0:0:0: [sda] Attached SCSI disk
[    5.571326] random 0000 0000 0000 277f73c3 42024bb9: rand_read_num 6 get_random_bytes(12): sig 000007e9 277f73c3 42024bb9
[    5.571328] random 0000 0000 0000 277f73c3 42024bb9: extract_entropy(.. 12 ..)
[    5.571331] random 0000 0000 0000 277f73c3 42024bb9: going to reseed nonblocking with 96 bits (96 of 0 requested)
[    5.571333] random 0000 0000 0000 277f73c3 42024bb9: extract_entropy(.. 12 ..)
[    5.571335] random 0000 0000 0000 277f73c3 42024bb9: trying to extract 96 bits from input
[    5.571337] random 0000 0000 0000 277f73c3 42024bb9: debiting 0 entropy credits from input
[    5.571339] random 0000 0000 0000 277f73c3 42024bb9: extract_entropy account returned: 0 
[    5.571342] random 0000 0000 0000 277f73c3 42024bb9: urand_change_num 24 xfer_secondary_pool(12): pool_sig 000007e9, data_sig 00000000, bytes_mixed 0 277f73c3 42024bb9
[    5.571345] random 0000 0000 0000 277f73c3 42024bb9: trying to extract 96 bits from nonblocking
[    5.571347] random 0000 0000 0000 277f73c3 42024bb9: debiting 96 entropy credits from nonblocking (unlimited)
[    5.571349] random 0000 0000 0000 277f73c3 42024bb9: extract_entropy account returned: 12 
[    5.571353] random 0000 0000 0000 277f73c3 42024bb9: urand_change_num 25 extract_buf: pool_sig 000007e9, data_sig 00000088, bytes_mixed 20 277f73c3 42024bb9
[    5.571359] random 0000 0000 0000 277f73c3 42024bb9: urand_change_num 26 extract_buf: pool_sig 00000498, data_sig fffffefb, bytes_mixed 20 277f73c3 42024bb9
[    5.571362] RANDOM - __seed init called.
[    5.571363] RANDOM - __seed init called.
[    5.571364] RANDOM - __seed init called.
[    5.571365] RANDOM - __random32 called. Change num 12.  Value: 87f14767	f0d7351	b1e48bd3
[    5.571367] RANDOM - random32_reseed called.  Value: 87f14767	f0d7351	b1e48bd3
[    5.571369] Pid: 1, comm: swapper Not tainted 2.6.32.57 #3
[    5.571466] Call Trace:
[    5.571558]  [<c1923ca4>] ? random32_reseed+0xa0/0xb1
[    5.571659]  [<c1923c04>] ? random32_reseed+0x0/0xb1
[    5.571747]  [<c100111e>] ? do_one_initcall+0x2e/0x180
[    5.571841]  [<c1907265>] ? kernel_init+0xad/0x103
[    5.571931]  [<c19071b8>] ? kernel_init+0x0/0x103
[    5.572021]  [<c1003787>] ? kernel_thread_helper+0x7/0x10
[    5.572568] random 0000 0000 0000 386b4e60 ee4d4880: rand_read_num 7 get_random_bytes(64): sig fffffea5 386b4e60 ee4d4880
[    5.572571] random 0000 0000 0000 386b4e60 ee4d4880: extract_entropy(.. 64 ..)
[    5.572573] random 0000 0000 0000 386b4e60 ee4d4880: going to reseed nonblocking with 512 bits (512 of 0 requested)
[    5.572575] random 0000 0000 0000 386b4e60 ee4d4880: extract_entropy(.. 64 ..)
[    5.572577] random 0000 0000 0000 386b4e60 ee4d4880: trying to extract 512 bits from input
[    5.572579] random 0000 0000 0000 386b4e60 ee4d4880: debiting 0 entropy credits from input
[    5.572581] random 0000 0000 0000 386b4e60 ee4d4880: extract_entropy account returned: 0 
[    5.572584] random 0000 0000 0000 386b4e60 ee4d4880: urand_change_num 27 xfer_secondary_pool(64): pool_sig fffffea5, data_sig 00000000, bytes_mixed 0 386b4e60 ee4d4880
[    5.572587] random 0000 0000 0000 386b4e60 ee4d4880: trying to extract 512 bits from nonblocking
[    5.572589] random 0000 0000 0000 386b4e60 ee4d4880: debiting 512 entropy credits from nonblocking (unlimited)
[    5.572595] random 0000 0000 0000 386b4e60 ee4d4880: extract_entropy account returned: 64 
[    5.572599] random 0000 0000 0000 386b4e60 ee4d4880: urand_change_num 28 extract_buf: pool_sig fffffea5, data_sig 00000173, bytes_mixed 20 386b4e60 ee4d4880
[    5.572604] random 0000 0000 0000 412698f6 0cc8689a: urand_change_num 29 extract_buf: pool_sig 00000122, data_sig ffffff63, bytes_mixed 20 412698f6 0cc8689a
[    5.572609] random 0000 0000 0000 412698f6 0cc8689a: urand_change_num 30 extract_buf: pool_sig 000001f7, data_sig 00000012, bytes_mixed 20 412698f6 0cc8689a
[    5.572615] random 0000 0000 0000 9669941e 06f768b1: urand_change_num 31 extract_buf: pool_sig fffffb5b, data_sig 0000003f, bytes_mixed 20 9669941e 06f768b1
[    5.572620] random 0000 0000 0000 98486520 995551f0: urand_change_num 32 extract_buf: pool_sig fffffb39, data_sig 0000000e, bytes_mixed 20 98486520 995551f0
[    5.572625] random 0000 0000 0000 98486520 995551f0: urand_change_num 33 extract_buf: pool_sig fffffd8d, data_sig 000001a6, bytes_mixed 20 98486520 995551f0
[    5.572630] random 0000 0000 0000 61fc8914 d5882ed2: urand_change_num 34 extract_buf: pool_sig fffffa58, data_sig 0000023e, bytes_mixed 20 61fc8914 d5882ed2
[    5.572659] random 0000 0000 0000 61fc8914 d5882ed2: rand_read_num 8 get_random_bytes(64): sig fffff9ee 61fc8914 d5882ed2
[    5.572662] random 0000 0000 0000 61fc8914 d5882ed2: extract_entropy(.. 64 ..)
[    5.572664] random 0000 0000 0000 61fc8914 d5882ed2: going to reseed nonblocking with 512 bits (512 of 0 requested)
[    5.572666] random 0000 0000 0000 61fc8914 d5882ed2: extract_entropy(.. 64 ..)
[    5.572668] random 0000 0000 0000 61fc8914 d5882ed2: trying to extract 512 bits from input
[    5.572670] random 0000 0000 0000 61fc8914 d5882ed2: debiting 0 entropy credits from input
[    5.572672] random 0000 0000 0000 61fc8914 d5882ed2: extract_entropy account returned: 0 
[    5.572675] random 0000 0000 0000 61fc8914 d5882ed2: urand_change_num 35 xfer_secondary_pool(64): pool_sig fffff9ee, data_sig 00000000, bytes_mixed 0 61fc8914 d5882ed2
[    5.572678] random 0000 0000 0000 61fc8914 d5882ed2: trying to extract 512 bits from nonblocking
[    5.572680] random 0000 0000 0000 61fc8914 d5882ed2: debiting 512 entropy credits from nonblocking (unlimited)
[    5.572683] random 0000 0000 0000 61fc8914 d5882ed2: extract_entropy account returned: 64 
[    5.572687] random 0000 0000 0000 61fc8914 d5882ed2: urand_change_num 36 extract_buf: pool_sig fffff9ee, data_sig ffffff85, bytes_mixed 20 61fc8914 d5882ed2
[    5.572692] random 0000 0000 0000 70cfd302 e5edec11: urand_change_num 37 extract_buf: pool_sig fffffdc1, data_sig ffffffde, bytes_mixed 20 70cfd302 e5edec11
[    5.572697] random 0000 0000 0000 00dab838 eafd2b30: urand_change_num 38 extract_buf: pool_sig 000003da, data_sig ffffff61, bytes_mixed 20 00dab838 eafd2b30
[    5.572702] random 0000 0000 0000 00dab838 eafd2b30: urand_change_num 39 extract_buf: pool_sig 00000314, data_sig 00000121, bytes_mixed 20 00dab838 eafd2b30
[    5.572707] random 0000 0000 0000 5fcdf66a 6442b608: urand_change_num 40 extract_buf: pool_sig 0000028b, data_sig fffffefd, bytes_mixed 20 5fcdf66a 6442b608
[    5.572713] random 0000 0000 0000 61333f6b 8fae0f9b: urand_change_num 41 extract_buf: pool_sig 000000cb, data_sig 000000b3, bytes_mixed 20 61333f6b 8fae0f9b
[    5.572718] random 0000 0000 0000 61333f6b 8fae0f9b: urand_change_num 42 extract_buf: pool_sig fffffef8, data_sig 00000051, bytes_mixed 20 61333f6b 8fae0f9b
[    5.572721] BEGIN NET_SECRET:
[    5.572722] \xffffffe0
[    5.572723] \xffffffb6
[    5.572723] \x36
[    5.572724] \xffffffb5
[    5.572725] \xffffff94
[    5.572726] \xffffffb2
[    5.572727] \xffffffa8
[    5.572728] \xffffffda
[    5.572728] \x5b
[    5.572729] \x19
[    5.572730] \x18
[    5.572731] \x5c
[    5.572731] \x2b
[    5.572732] \x1
[    5.572733] \xffffff90
[    5.572734] \x19
[    5.572734] \x3c
[    5.572735] \xfffffff2
[    5.572736] \xffffff82
[    5.572737] \x2a
[    5.572738] \xffffffb3
[    5.572738] \xffffffa2
[    5.572739] \x3f
[    5.572740] \x5
[    5.572741] \x52
[    5.572741] \x77
[    5.572742] \x57
[    5.572743] \x79
[    5.572743] \x16
[    5.572744] \x43
[    5.572745] \xffffff84
[    5.572746] \xffffffc3
[    5.572746] \xffffffe9
[    5.572747] \x79
[    5.572748] \x50
[    5.572749] \xffffff8e
[    5.572749] \x3f
[    5.572750] \xfffffff3
[    5.572751] \x19
[    5.572752] \x2a
[    5.572752] \xfffffffd
[    5.572753] \xfffffffb
[    5.572754] \x62
[    5.572755] \x3c
[    5.572755] \xffffffac
[    5.572756] \x1c
[    5.572757] \x3b
[    5.572758] \x3b
[    5.572758] \x15
[    5.572759] \x27
[    5.572760] \xffffffa8
[    5.572761] \x22
[    5.572761] \xffffffc5
[    5.572762] \xffffff9a
[    5.572763] \x5
[    5.572764] \x6c
[    5.572764] \xffffffa8
[    5.572765] \x3a
[    5.572766] \x44
[    5.572767] \xffffffaf
[    5.572767] \x13
[    5.572768] \xffffffe0
[    5.572769] \xffffff9d
[    5.572770] \x22
[    5.572770] 
[    5.572771] END NET_SECRET
[    5.572774] random 0000 0000 0000 e7f555d9 e8ce5c3c: rand_read_num 9 get_random_bytes(4): sig 0000068c e7f555d9 e8ce5c3c
[    5.572776] random 0000 0000 0000 e7f555d9 e8ce5c3c: extract_entropy(.. 4 ..)
[    5.572778] random 0000 0000 0000 e7f555d9 e8ce5c3c: going to reseed nonblocking with 64 bits (32 of 0 requested)
[    5.572780] random 0000 0000 0000 e7f555d9 e8ce5c3c: extract_entropy(.. 8 ..)
[    5.572782] random 0000 0000 0000 e7f555d9 e8ce5c3c: trying to extract 64 bits from input
[    5.572784] random 0000 0000 0000 e7f555d9 e8ce5c3c: debiting 0 entropy credits from input
[    5.572786] random 0000 0000 0000 e7f555d9 e8ce5c3c: extract_entropy account returned: 0 
[    5.572789] random 0000 0000 0000 e7f555d9 e8ce5c3c: urand_change_num 43 xfer_secondary_pool(4): pool_sig 0000068c, data_sig 00000000, bytes_mixed 0 e7f555d9 e8ce5c3c
[    5.572792] random 0000 0000 0000 e7f555d9 e8ce5c3c: trying to extract 32 bits from nonblocking
[    5.572794] random 0000 0000 0000 e7f555d9 e8ce5c3c: debiting 32 entropy credits from nonblocking (unlimited)
[    5.572797] random 0000 0000 0000 e7f555d9 e8ce5c3c: extract_entropy account returned: 4 
[    5.572801] random 0000 0000 0000 e7f555d9 e8ce5c3c: urand_change_num 44 extract_buf: pool_sig 0000068c, data_sig fffffdcb, bytes_mixed 20 e7f555d9 e8ce5c3c
[    5.572812] md: Waiting for all devices to be available before autodetect
[    5.572903] md: If you don't use raid, use raid=noautodetect
[    5.573066] md: Autodetecting RAID arrays.
[    5.573155] md: Scanned 0 and added 0 devices.
[    5.573241] md: autorun ...
[    5.573325] md: ... autorun DONE.
[    5.587961] EXT3-fs: sda2: couldn't mount because of unsupported optional features (240).
[    5.588192] EXT2-fs: sda2: couldn't mount because of unsupported optional features (240).
[    5.589467] random 0000 0000 0000 e7f555d9 e8ce5c3c: rand_read_num 10 get_random_bytes(4): sig ffffff72 e7f555d9 e8ce5c3c
[    5.589470] random 0000 0000 0000 e7f555d9 e8ce5c3c: extract_entropy(.. 4 ..)
[    5.589472] random 0000 0000 0000 e7f555d9 e8ce5c3c: going to reseed nonblocking with 64 bits (32 of 0 requested)
[    5.589474] random 0000 0000 0000 e7f555d9 e8ce5c3c: extract_entropy(.. 8 ..)
[    5.589476] random 0000 0000 0000 e7f555d9 e8ce5c3c: trying to extract 64 bits from input
[    5.589478] random 0000 0000 0000 e7f555d9 e8ce5c3c: debiting 0 entropy credits from input
[    5.589480] random 0000 0000 0000 e7f555d9 e8ce5c3c: extract_entropy account returned: 0 
[    5.589484] random 0000 0000 0000 e7f555d9 e8ce5c3c: urand_change_num 45 xfer_secondary_pool(4): pool_sig ffffff72, data_sig 00000000, bytes_mixed 0 e7f555d9 e8ce5c3c
[    5.589486] random 0000 0000 0000 e7f555d9 e8ce5c3c: trying to extract 32 bits from nonblocking
[    5.589489] random 0000 0000 0000 e7f555d9 e8ce5c3c: debiting 32 entropy credits from nonblocking (unlimited)
[    5.589491] random 0000 0000 0000 e7f555d9 e8ce5c3c: extract_entropy account returned: 4 
[    5.589495] random 0000 0000 0000 e7f555d9 e8ce5c3c: urand_change_num 46 extract_buf: pool_sig ffffff72, data_sig ffffff72, bytes_mixed 20 e7f555d9 e8ce5c3c
[    5.624695] EXT4-fs (sda2): mounted filesystem with ordered data mode
[    5.624896] VFS: Mounted root (ext4 filesystem) readonly on device 8:2.
[    5.625003] Freeing unused kernel memory: 448k freed
[    5.703589] random 0000 0000 0000 91716c54 eeb6a1e7: rand_read_num 11 get_random_bytes(16): sig fffffcad 91716c54 eeb6a1e7
[    5.703592] random 0000 0000 0000 91716c54 eeb6a1e7: extract_entropy(.. 16 ..)
[    5.703595] random 0000 0000 0000 91716c54 eeb6a1e7: going to reseed nonblocking with 128 bits (128 of 0 requested)
[    5.703597] random 0000 0000 0000 91716c54 eeb6a1e7: extract_entropy(.. 16 ..)
[    5.703599] random 0000 0000 0000 91716c54 eeb6a1e7: trying to extract 128 bits from input
[    5.703601] random 0000 0000 0000 91716c54 eeb6a1e7: debiting 0 entropy credits from input
[    5.703603] random 0000 0000 0000 91716c54 eeb6a1e7: extract_entropy account returned: 0 
[    5.703606] random 0000 0000 0000 91716c54 eeb6a1e7: urand_change_num 47 xfer_secondary_pool(16): pool_sig fffffcad, data_sig 00000000, bytes_mixed 0 91716c54 eeb6a1e7
[    5.703609] random 0000 0000 0000 91716c54 eeb6a1e7: trying to extract 128 bits from nonblocking
[    5.703611] random 0000 0000 0000 91716c54 eeb6a1e7: debiting 128 entropy credits from nonblocking (unlimited)
[    5.703613] random 0000 0000 0000 91716c54 eeb6a1e7: extract_entropy account returned: 16 
[    5.703617] random 0000 0000 0000 91716c54 eeb6a1e7: urand_change_num 48 extract_buf: pool_sig fffffcad, data_sig ffffff19, bytes_mixed 20 91716c54 eeb6a1e7
[    5.703623] random 0000 0000 0000 fd637b06 6cf47bc1: urand_change_num 49 extract_buf: pool_sig fffffede, data_sig ffffffc1, bytes_mixed 20 fd637b06 6cf47bc1
[    5.790333] random 0000 0000 0000 fd637b06 6cf47bc1: rand_read_num 12 get_random_bytes(16): sig 0000033b fd637b06 6cf47bc1
[    5.790336] random 0000 0000 0000 fd637b06 6cf47bc1: extract_entropy(.. 16 ..)
[    5.790339] random 0000 0000 0000 fd637b06 6cf47bc1: going to reseed nonblocking with 128 bits (128 of 0 requested)
[    5.790341] random 0000 0000 0000 fd637b06 6cf47bc1: extract_entropy(.. 16 ..)
[    5.790343] random 0000 0000 0000 fd637b06 6cf47bc1: trying to extract 128 bits from input
[    5.790345] random 0000 0000 0000 fd637b06 6cf47bc1: debiting 0 entropy credits from input
[    5.790347] random 0000 0000 0000 fd637b06 6cf47bc1: extract_entropy account returned: 0 
[    5.790350] random 0000 0000 0000 fd637b06 6cf47bc1: urand_change_num 50 xfer_secondary_pool(16): pool_sig 0000033b, data_sig 00000000, bytes_mixed 0 fd637b06 6cf47bc1
[    5.790353] random 0000 0000 0000 fd637b06 6cf47bc1: trying to extract 128 bits from nonblocking
[    5.790355] random 0000 0000 0000 fd637b06 6cf47bc1: debiting 128 entropy credits from nonblocking (unlimited)
[    5.790357] random 0000 0000 0000 fd637b06 6cf47bc1: extract_entropy account returned: 16 
[    5.790362] random 0000 0000 0000 fd637b06 6cf47bc1: urand_change_num 51 extract_buf: pool_sig 0000033b, data_sig 000000d8, bytes_mixed 20 fd637b06 6cf47bc1
[    5.790367] random 0000 0000 0000 0ec1f012 d4727ca8: urand_change_num 52 extract_buf: pool_sig fffffcf5, data_sig 00000016, bytes_mixed 20 0ec1f012 d4727ca8
[    6.153554] ieee1394: Host added: ID:BUS[0-00:1023]  GUID[00061b032a25f51c]
[    6.164246] random 0000 0000 0000 45b1d0b1 845a73f7: rand_read_num 13 get_random_bytes(16): sig 00000116 45b1d0b1 845a73f7
[    6.164248] random 0000 0000 0000 45b1d0b1 845a73f7: extract_entropy(.. 16 ..)
[    6.164251] random 0000 0000 0000 45b1d0b1 845a73f7: going to reseed nonblocking with 128 bits (128 of 0 requested)
[    6.164253] random 0000 0000 0000 45b1d0b1 845a73f7: extract_entropy(.. 16 ..)
[    6.164255] random 0000 0000 0000 45b1d0b1 845a73f7: trying to extract 128 bits from input
[    6.164258] random 0000 0000 0000 45b1d0b1 845a73f7: debiting 0 entropy credits from input
[    6.164259] random 0000 0000 0000 45b1d0b1 845a73f7: extract_entropy account returned: 0 
[    6.164263] random 0000 0000 0000 45b1d0b1 845a73f7: urand_change_num 53 xfer_secondary_pool(16): pool_sig 00000116, data_sig 00000000, bytes_mixed 0 45b1d0b1 845a73f7
[    6.164266] random 0000 0000 0000 45b1d0b1 845a73f7: trying to extract 128 bits from nonblocking
[    6.164268] random 0000 0000 0000 45b1d0b1 845a73f7: debiting 128 entropy credits from nonblocking (unlimited)
[    6.164270] random 0000 0000 0000 45b1d0b1 845a73f7: extract_entropy account returned: 16 
[    6.164274] random 0000 0000 0000 45b1d0b1 845a73f7: urand_change_num 54 extract_buf: pool_sig 00000116, data_sig fffffd8b, bytes_mixed 20 45b1d0b1 845a73f7
[    6.164280] random 0000 0000 0000 45b1d0b1 845a73f7: urand_change_num 55 extract_buf: pool_sig fffffc05, data_sig 00000109, bytes_mixed 20 45b1d0b1 845a73f7
[    6.216742] random 0000 0000 0000 5012cce3 b8a30621: rand_read_num 14 get_random_bytes(16): sig fffffb93 5012cce3 b8a30621
[    6.216745] random 0000 0000 0000 5012cce3 b8a30621: extract_entropy(.. 16 ..)
[    6.216748] random 0000 0000 0000 5012cce3 b8a30621: going to reseed nonblocking with 128 bits (128 of 0 requested)
[    6.216750] random 0000 0000 0000 5012cce3 b8a30621: extract_entropy(.. 16 ..)
[    6.216752] random 0000 0000 0000 5012cce3 b8a30621: trying to extract 128 bits from input
[    6.216754] random 0000 0000 0000 5012cce3 b8a30621: debiting 0 entropy credits from input
[    6.216756] random 0000 0000 0000 5012cce3 b8a30621: extract_entropy account returned: 0 
[    6.216759] random 0000 0000 0000 5012cce3 b8a30621: urand_change_num 56 xfer_secondary_pool(16): pool_sig fffffb93, data_sig 00000000, bytes_mixed 0 5012cce3 b8a30621
[    6.216762] random 0000 0000 0000 5012cce3 b8a30621: trying to extract 128 bits from nonblocking
[    6.216764] random 0000 0000 0000 5012cce3 b8a30621: debiting 128 entropy credits from nonblocking (unlimited)
[    6.216766] random 0000 0000 0000 5012cce3 b8a30621: extract_entropy account returned: 16 
[    6.216771] random 0000 0000 0000 5012cce3 b8a30621: urand_change_num 57 extract_buf: pool_sig fffffb93, data_sig ffffff35, bytes_mixed 20 5012cce3 b8a30621
[    6.216776] random 0000 0000 0000 5012cce3 b8a30621: urand_change_num 58 extract_buf: pool_sig fffffb9d, data_sig ffffff92, bytes_mixed 20 5012cce3 b8a30621
[    6.218139] random 0000 0000 0000 30a5721d 4b648ff6: rand_read_num 15 get_random_bytes(16): sig fffffeb5 30a5721d 4b648ff6
[    6.218142] random 0000 0000 0000 30a5721d 4b648ff6: extract_entropy(.. 16 ..)
[    6.218145] random 0000 0000 0000 30a5721d 4b648ff6: going to reseed nonblocking with 128 bits (128 of 0 requested)
[    6.218147] random 0000 0000 0000 30a5721d 4b648ff6: extract_entropy(.. 16 ..)
[    6.218149] random 0000 0000 0000 30a5721d 4b648ff6: trying to extract 128 bits from input
[    6.218151] random 0000 0000 0000 30a5721d 4b648ff6: debiting 0 entropy credits from input
[    6.218153] random 0000 0000 0000 30a5721d 4b648ff6: extract_entropy account returned: 0 
[    6.218156] random 0000 0000 0000 30a5721d 4b648ff6: urand_change_num 59 xfer_secondary_pool(16): pool_sig fffffeb5, data_sig 00000000, bytes_mixed 0 30a5721d 4b648ff6
[    6.218159] random 0000 0000 0000 30a5721d 4b648ff6: trying to extract 128 bits from nonblocking
[    6.218161] random 0000 0000 0000 30a5721d 4b648ff6: debiting 128 entropy credits from nonblocking (unlimited)
[    6.218164] random 0000 0000 0000 30a5721d 4b648ff6: extract_entropy account returned: 16 
[    6.218168] random 0000 0000 0000 30a5721d 4b648ff6: urand_change_num 60 extract_buf: pool_sig fffffeb5, data_sig 000000c2, bytes_mixed 20 30a5721d 4b648ff6
[    6.218173] random 0000 0000 0000 89bae1ab 704c432f: urand_change_num 61 extract_buf: pool_sig 0000006e, data_sig fffffefc, bytes_mixed 20 89bae1ab 704c432f
[    6.218723] random 0000 0000 0000 89bae1ab 704c432f: rand_read_num 16 get_random_bytes(16): sig fffffd99 89bae1ab 704c432f
[    6.218726] random 0000 0000 0000 89bae1ab 704c432f: extract_entropy(.. 16 ..)
[    6.218728] random 0000 0000 0000 89bae1ab 704c432f: going to reseed nonblocking with 128 bits (128 of 0 requested)
[    6.218731] random 0000 0000 0000 89bae1ab 704c432f: extract_entropy(.. 16 ..)
[    6.218733] random 0000 0000 0000 89bae1ab 704c432f: trying to extract 128 bits from input
[    6.218735] random 0000 0000 0000 89bae1ab 704c432f: debiting 0 entropy credits from input
[    6.218737] random 0000 0000 0000 89bae1ab 704c432f: extract_entropy account returned: 0 
[    6.218740] random 0000 0000 0000 89bae1ab 704c432f: urand_change_num 62 xfer_secondary_pool(16): pool_sig fffffd99, data_sig 00000000, bytes_mixed 0 89bae1ab 704c432f
[    6.218743] random 0000 0000 0000 89bae1ab 704c432f: trying to extract 128 bits from nonblocking
[    6.218745] random 0000 0000 0000 89bae1ab 704c432f: debiting 128 entropy credits from nonblocking (unlimited)
[    6.218747] random 0000 0000 0000 89bae1ab 704c432f: extract_entropy account returned: 16 
[    6.218752] random 0000 0000 0000 89bae1ab 704c432f: urand_change_num 63 extract_buf: pool_sig fffffd99, data_sig 00000204, bytes_mixed 20 89bae1ab 704c432f
[    6.218757] random 0000 0000 0000 6c298a02 2b1539f8: urand_change_num 64 extract_buf: pool_sig 00000124, data_sig fffffff5, bytes_mixed 20 6c298a02 2b1539f8
[    6.219657] random 0000 0000 0000 c77b8b35 70f6cab5: rand_read_num 17 get_random_bytes(16): sig 0000036b c77b8b35 70f6cab5
[    6.219660] random 0000 0000 0000 c77b8b35 70f6cab5: extract_entropy(.. 16 ..)
[    6.219662] random 0000 0000 0000 c77b8b35 70f6cab5: going to reseed nonblocking with 128 bits (128 of 0 requested)
[    6.219665] random 0000 0000 0000 c77b8b35 70f6cab5: extract_entropy(.. 16 ..)
[    6.219667] random 0000 0000 0000 c77b8b35 70f6cab5: trying to extract 128 bits from input
[    6.219669] random 0000 0000 0000 c77b8b35 70f6cab5: debiting 0 entropy credits from input
[    6.219671] random 0000 0000 0000 c77b8b35 70f6cab5: extract_entropy account returned: 0 
[    6.219674] random 0000 0000 0000 c77b8b35 70f6cab5: urand_change_num 65 xfer_secondary_pool(16): pool_sig 0000036b, data_sig 00000000, bytes_mixed 0 c77b8b35 70f6cab5
[    6.219677] random 0000 0000 0000 c77b8b35 70f6cab5: trying to extract 128 bits from nonblocking
[    6.219679] random 0000 0000 0000 c77b8b35 70f6cab5: debiting 128 entropy credits from nonblocking (unlimited)
[    6.219682] random 0000 0000 0000 c77b8b35 70f6cab5: extract_entropy account returned: 16 
[    6.219686] random 0000 0000 0000 c77b8b35 70f6cab5: urand_change_num 66 extract_buf: pool_sig 0000036b, data_sig 0000005f, bytes_mixed 20 c77b8b35 70f6cab5
[    6.219691] random 0000 0000 0000 c77b8b35 70f6cab5: urand_change_num 67 extract_buf: pool_sig ffffff1c, data_sig 0000005a, bytes_mixed 20 c77b8b35 70f6cab5
[    6.220275] random 0000 0000 0000 af21d212 57d20ca3: rand_read_num 18 get_random_bytes(16): sig fffffb7f af21d212 57d20ca3
[    6.220277] random 0000 0000 0000 af21d212 57d20ca3: extract_entropy(.. 16 ..)
[    6.220280] random 0000 0000 0000 af21d212 57d20ca3: going to reseed nonblocking with 128 bits (128 of 0 requested)
[    6.220282] random 0000 0000 0000 af21d212 57d20ca3: extract_entropy(.. 16 ..)
[    6.220284] random 0000 0000 0000 af21d212 57d20ca3: trying to extract 128 bits from input
[    6.220287] random 0000 0000 0000 af21d212 57d20ca3: debiting 0 entropy credits from input
[    6.220289] random 0000 0000 0000 af21d212 57d20ca3: extract_entropy account returned: 0 
[    6.220292] random 0000 0000 0000 af21d212 57d20ca3: urand_change_num 68 xfer_secondary_pool(16): pool_sig fffffb7f, data_sig 00000000, bytes_mixed 0 af21d212 57d20ca3
[    6.220295] random 0000 0000 0000 af21d212 57d20ca3: trying to extract 128 bits from nonblocking
[    6.220297] random 0000 0000 0000 af21d212 57d20ca3: debiting 128 entropy credits from nonblocking (unlimited)
[    6.220299] random 0000 0000 0000 af21d212 57d20ca3: extract_entropy account returned: 16 
[    6.220303] random 0000 0000 0000 af21d212 57d20ca3: urand_change_num 69 extract_buf: pool_sig fffffb7f, data_sig ffffff88, bytes_mixed 20 af21d212 57d20ca3
[    6.220308] random 0000 0000 0000 af21d212 57d20ca3: urand_change_num 70 extract_buf: pool_sig fffffe1d, data_sig ffffff17, bytes_mixed 20 af21d212 57d20ca3
[    6.220899] random 0000 0000 0000 ffbd26fd 21933274: rand_read_num 19 get_random_bytes(16): sig ffffffc7 ffbd26fd 21933274
[    6.220902] random 0000 0000 0000 ffbd26fd 21933274: extract_entropy(.. 16 ..)
[    6.220904] random 0000 0000 0000 ffbd26fd 21933274: going to reseed nonblocking with 128 bits (128 of 0 requested)
[    6.220907] random 0000 0000 0000 ffbd26fd 21933274: extract_entropy(.. 16 ..)
[    6.220909] random 0000 0000 0000 ffbd26fd 21933274: trying to extract 128 bits from input
[    6.220911] random 0000 0000 0000 ffbd26fd 21933274: debiting 0 entropy credits from input
[    6.220913] random 0000 0000 0000 ffbd26fd 21933274: extract_entropy account returned: 0 
[    6.220916] random 0000 0000 0000 ffbd26fd 21933274: urand_change_num 71 xfer_secondary_pool(16): pool_sig ffffffc7, data_sig 00000000, bytes_mixed 0 ffbd26fd 21933274
[    6.220919] random 0000 0000 0000 ffbd26fd 21933274: trying to extract 128 bits from nonblocking
[    6.220921] random 0000 0000 0000 ffbd26fd 21933274: debiting 128 entropy credits from nonblocking (unlimited)
[    6.220923] random 0000 0000 0000 ffbd26fd 21933274: extract_entropy account returned: 16 
[    6.220928] random 0000 0000 0000 ffbd26fd 21933274: urand_change_num 72 extract_buf: pool_sig ffffffc7, data_sig 0000013b, bytes_mixed 20 ffbd26fd 21933274
[    6.220933] random 0000 0000 0000 151530a2 56c65dd3: urand_change_num 73 extract_buf: pool_sig ffffffbf, data_sig 00000036, bytes_mixed 20 151530a2 56c65dd3
[    6.221481] random 0000 0000 0000 151530a2 56c65dd3: rand_read_num 20 get_random_bytes(16): sig 000001a7 151530a2 56c65dd3
[    6.221484] random 0000 0000 0000 151530a2 56c65dd3: extract_entropy(.. 16 ..)
[    6.221487] random 0000 0000 0000 151530a2 56c65dd3: going to reseed nonblocking with 128 bits (128 of 0 requested)
[    6.221489] random 0000 0000 0000 151530a2 56c65dd3: extract_entropy(.. 16 ..)
[    6.221491] random 0000 0000 0000 151530a2 56c65dd3: trying to extract 128 bits from input
[    6.221493] random 0000 0000 0000 151530a2 56c65dd3: debiting 0 entropy credits from input
[    6.221495] random 0000 0000 0000 151530a2 56c65dd3: extract_entropy account returned: 0 
[    6.221498] random 0000 0000 0000 151530a2 56c65dd3: urand_change_num 74 xfer_secondary_pool(16): pool_sig 000001a7, data_sig 00000000, bytes_mixed 0 151530a2 56c65dd3
[    6.221501] random 0000 0000 0000 151530a2 56c65dd3: trying to extract 128 bits from nonblocking
[    6.221504] random 0000 0000 0000 151530a2 56c65dd3: debiting 128 entropy credits from nonblocking (unlimited)
[    6.221506] random 0000 0000 0000 151530a2 56c65dd3: extract_entropy account returned: 16 
[    6.221510] random 0000 0000 0000 151530a2 56c65dd3: urand_change_num 75 extract_buf: pool_sig 000001a7, data_sig ffffffa1, bytes_mixed 20 151530a2 56c65dd3
[    6.221515] random 0000 0000 0000 5d3e132e d9a77eb3: urand_change_num 76 extract_buf: pool_sig fffffcc9, data_sig 00000013, bytes_mixed 20 5d3e132e d9a77eb3
[    6.264236] random 0000 0000 0000 264837ad 0a28fef5: rand_read_num 21 get_random_bytes(16): sig ffffffd0 264837ad 0a28fef5
[    6.264239] random 0000 0000 0000 264837ad 0a28fef5: extract_entropy(.. 16 ..)
[    6.264242] random 0000 0000 0000 264837ad 0a28fef5: going to reseed nonblocking with 128 bits (128 of 0 requested)
[    6.264244] random 0000 0000 0000 264837ad 0a28fef5: extract_entropy(.. 16 ..)
[    6.264246] random 0000 0000 0000 264837ad 0a28fef5: trying to extract 128 bits from input
[    6.264249] random 0000 0000 0000 264837ad 0a28fef5: debiting 0 entropy credits from input
[    6.264250] random 0000 0000 0000 264837ad 0a28fef5: extract_entropy account returned: 0 
[    6.264254] random 0000 0000 0000 264837ad 0a28fef5: urand_change_num 77 xfer_secondary_pool(16): pool_sig ffffffd0, data_sig 00000000, bytes_mixed 0 264837ad 0a28fef5
[    6.264257] random 0000 0000 0000 264837ad 0a28fef5: trying to extract 128 bits from nonblocking
[    6.264259] random 0000 0000 0000 264837ad 0a28fef5: debiting 128 entropy credits from nonblocking (unlimited)
[    6.264261] random 0000 0000 0000 264837ad 0a28fef5: extract_entropy account returned: 16 
[    6.264266] random 0000 0000 0000 264837ad 0a28fef5: urand_change_num 78 extract_buf: pool_sig ffffffd0, data_sig 0000017b, bytes_mixed 20 264837ad 0a28fef5
[    6.264271] random 0000 0000 0000 264837ad 0a28fef5: urand_change_num 79 extract_buf: pool_sig 0000045c, data_sig 000001df, bytes_mixed 20 264837ad 0a28fef5
[    6.265735] random 0000 0000 0000 f37f7344 164aede0: rand_read_num 22 get_random_bytes(16): sig 000003c2 f37f7344 164aede0
[    6.265738] random 0000 0000 0000 f37f7344 164aede0: extract_entropy(.. 16 ..)
[    6.265741] random 0000 0000 0000 f37f7344 164aede0: going to reseed nonblocking with 128 bits (128 of 0 requested)
[    6.265743] random 0000 0000 0000 f37f7344 164aede0: extract_entropy(.. 16 ..)
[    6.265745] random 0000 0000 0000 f37f7344 164aede0: trying to extract 128 bits from input
[    6.265747] random 0000 0000 0000 f37f7344 164aede0: debiting 0 entropy credits from input
[    6.265749] random 0000 0000 0000 f37f7344 164aede0: extract_entropy account returned: 0 
[    6.265752] random 0000 0000 0000 f37f7344 164aede0: urand_change_num 80 xfer_secondary_pool(16): pool_sig 000003c2, data_sig 00000000, bytes_mixed 0 f37f7344 164aede0
[    6.265755] random 0000 0000 0000 f37f7344 164aede0: trying to extract 128 bits from nonblocking
[    6.265758] random 0000 0000 0000 f37f7344 164aede0: debiting 128 entropy credits from nonblocking (unlimited)
[    6.265760] random 0000 0000 0000 f37f7344 164aede0: extract_entropy account returned: 16 
[    6.265764] random 0000 0000 0000 f37f7344 164aede0: urand_change_num 81 extract_buf: pool_sig 000003c2, data_sig ffffff6c, bytes_mixed 20 f37f7344 164aede0
[    6.265769] random 0000 0000 0000 f37f7344 164aede0: urand_change_num 82 extract_buf: pool_sig fffffdfc, data_sig 00000091, bytes_mixed 20 f37f7344 164aede0
[    6.288533] random 0000 0000 0000 a4794863 878070c1: rand_read_num 23 get_random_bytes(16): sig 0000011b a4794863 878070c1
[    6.288536] random 0000 0000 0000 a4794863 878070c1: extract_entropy(.. 16 ..)
[    6.288539] random 0000 0000 0000 a4794863 878070c1: going to reseed nonblocking with 128 bits (128 of 0 requested)
[    6.288541] random 0000 0000 0000 a4794863 878070c1: extract_entropy(.. 16 ..)
[    6.288543] random 0000 0000 0000 a4794863 878070c1: trying to extract 128 bits from input
[    6.288545] random 0000 0000 0000 a4794863 878070c1: debiting 0 entropy credits from input
[    6.288547] random 0000 0000 0000 a4794863 878070c1: extract_entropy account returned: 0 
[    6.288550] random 0000 0000 0000 a4794863 878070c1: urand_change_num 83 xfer_secondary_pool(16): pool_sig 0000011b, data_sig 00000000, bytes_mixed 0 a4794863 878070c1
[    6.288557] random 0000 0000 0000 a4794863 878070c1: trying to extract 128 bits from nonblocking
[    6.288559] random 0000 0000 0000 a4794863 878070c1: debiting 128 entropy credits from nonblocking (unlimited)
[    6.288561] random 0000 0000 0000 a4794863 878070c1: extract_entropy account returned: 16 
[    6.288566] random 0000 0000 0000 a4794863 878070c1: urand_change_num 84 extract_buf: pool_sig 0000011b, data_sig ffffff51, bytes_mixed 20 a4794863 878070c1
[    6.288571] random 0000 0000 0000 737f19b4 9417d8ab: urand_change_num 85 extract_buf: pool_sig 000001a3, data_sig 0000006c, bytes_mixed 20 737f19b4 9417d8ab
[    6.292636] random 0000 0000 0000 737f19b4 9417d8ab: rand_read_num 24 get_random_bytes(16): sig fffffe22 737f19b4 9417d8ab
[    6.292638] random 0000 0000 0000 737f19b4 9417d8ab: extract_entropy(.. 16 ..)
[    6.292641] random 0000 0000 0000 737f19b4 9417d8ab: going to reseed nonblocking with 128 bits (128 of 0 requested)
[    6.292643] random 0000 0000 0000 737f19b4 9417d8ab: extract_entropy(.. 16 ..)
[    6.292645] random 0000 0000 0000 737f19b4 9417d8ab: trying to extract 128 bits from input
[    6.292647] random 0000 0000 0000 737f19b4 9417d8ab: debiting 0 entropy credits from input
[    6.292649] random 0000 0000 0000 737f19b4 9417d8ab: extract_entropy account returned: 0 
[    6.292652] random 0000 0000 0000 737f19b4 9417d8ab: urand_change_num 86 xfer_secondary_pool(16): pool_sig fffffe22, data_sig 00000000, bytes_mixed 0 737f19b4 9417d8ab
[    6.292655] random 0000 0000 0000 737f19b4 9417d8ab: trying to extract 128 bits from nonblocking
[    6.292658] random 0000 0000 0000 737f19b4 9417d8ab: debiting 128 entropy credits from nonblocking (unlimited)
[    6.292660] random 0000 0000 0000 737f19b4 9417d8ab: extract_entropy account returned: 16 
[    6.292664] random 0000 0000 0000 737f19b4 9417d8ab: urand_change_num 87 extract_buf: pool_sig fffffe22, data_sig 00000230, bytes_mixed 20 737f19b4 9417d8ab
[    6.292669] random 0000 0000 0000 4deb0d06 1236af4c: urand_change_num 88 extract_buf: pool_sig 000000b6, data_sig ffffff44, bytes_mixed 20 4deb0d06 1236af4c
[    6.293671] random 0000 0000 0000 b538fadc 4a7613df: rand_read_num 25 get_random_bytes(16): sig 0000013c b538fadc 4a7613df
[    6.293673] random 0000 0000 0000 b538fadc 4a7613df: extract_entropy(.. 16 ..)
[    6.293676] random 0000 0000 0000 b538fadc 4a7613df: going to reseed nonblocking with 128 bits (128 of 0 requested)
[    6.293678] random 0000 0000 0000 b538fadc 4a7613df: extract_entropy(.. 16 ..)
[    6.293680] random 0000 0000 0000 b538fadc 4a7613df: trying to extract 128 bits from input
[    6.293682] random 0000 0000 0000 b538fadc 4a7613df: debiting 0 entropy credits from input
[    6.293684] random 0000 0000 0000 b538fadc 4a7613df: extract_entropy account returned: 0 
[    6.293688] random 0000 0000 0000 b538fadc 4a7613df: urand_change_num 89 xfer_secondary_pool(16): pool_sig 0000013c, data_sig 00000000, bytes_mixed 0 b538fadc 4a7613df
[    6.293690] random 0000 0000 0000 b538fadc 4a7613df: trying to extract 128 bits from nonblocking
[    6.293693] random 0000 0000 0000 b538fadc 4a7613df: debiting 128 entropy credits from nonblocking (unlimited)
[    6.293695] random 0000 0000 0000 b538fadc 4a7613df: extract_entropy account returned: 16 
[    6.293699] random 0000 0000 0000 b538fadc 4a7613df: urand_change_num 90 extract_buf: pool_sig 0000013c, data_sig 00000015, bytes_mixed 20 b538fadc 4a7613df
[    6.293704] random 0000 0000 0000 b538fadc 4a7613df: urand_change_num 91 extract_buf: pool_sig 00000452, data_sig 0000002b, bytes_mixed 20 b538fadc 4a7613df
[    6.294156] random 0000 0000 0000 73b17df4 93bb370e: rand_read_num 26 get_random_bytes(16): sig fffffbf1 73b17df4 93bb370e
[    6.294158] random 0000 0000 0000 73b17df4 93bb370e: extract_entropy(.. 16 ..)
[    6.294161] random 0000 0000 0000 73b17df4 93bb370e: going to reseed nonblocking with 128 bits (128 of 0 requested)
[    6.294163] random 0000 0000 0000 73b17df4 93bb370e: extract_entropy(.. 16 ..)
[    6.294165] random 0000 0000 0000 73b17df4 93bb370e: trying to extract 128 bits from input
[    6.294168] random 0000 0000 0000 73b17df4 93bb370e: debiting 0 entropy credits from input
[    6.294170] random 0000 0000 0000 73b17df4 93bb370e: extract_entropy account returned: 0 
[    6.294173] random 0000 0000 0000 73b17df4 93bb370e: urand_change_num 92 xfer_secondary_pool(16): pool_sig fffffbf1, data_sig 00000000, bytes_mixed 0 73b17df4 93bb370e
[    6.294176] random 0000 0000 0000 73b17df4 93bb370e: trying to extract 128 bits from nonblocking
[    6.294178] random 0000 0000 0000 73b17df4 93bb370e: debiting 128 entropy credits from nonblocking (unlimited)
[    6.294180] random 0000 0000 0000 73b17df4 93bb370e: extract_entropy account returned: 16 
[    6.294184] random 0000 0000 0000 73b17df4 93bb370e: urand_change_num 93 extract_buf: pool_sig fffffbf1, data_sig ffffff99, bytes_mixed 20 73b17df4 93bb370e
[    6.294189] random 0000 0000 0000 73b17df4 93bb370e: urand_change_num 94 extract_buf: pool_sig fffffe1d, data_sig 000000b0, bytes_mixed 20 73b17df4 93bb370e
[    6.294602] random 0000 0000 0000 0cd682bb ba04da9f: rand_read_num 27 get_random_bytes(16): sig fffffccb 0cd682bb ba04da9f
[    6.294605] random 0000 0000 0000 0cd682bb ba04da9f: extract_entropy(.. 16 ..)
[    6.294608] random 0000 0000 0000 0cd682bb ba04da9f: going to reseed nonblocking with 128 bits (128 of 0 requested)
[    6.294610] random 0000 0000 0000 0cd682bb ba04da9f: extract_entropy(.. 16 ..)
[    6.294612] random 0000 0000 0000 0cd682bb ba04da9f: trying to extract 128 bits from input
[    6.294614] random 0000 0000 0000 0cd682bb ba04da9f: debiting 0 entropy credits from input
[    6.294616] random 0000 0000 0000 0cd682bb ba04da9f: extract_entropy account returned: 0 
[    6.294619] random 0000 0000 0000 0cd682bb ba04da9f: urand_change_num 95 xfer_secondary_pool(16): pool_sig fffffccb, data_sig 00000000, bytes_mixed 0 0cd682bb ba04da9f
[    6.294622] random 0000 0000 0000 0cd682bb ba04da9f: trying to extract 128 bits from nonblocking
[    6.294625] random 0000 0000 0000 0cd682bb ba04da9f: debiting 128 entropy credits from nonblocking (unlimited)
[    6.294627] random 0000 0000 0000 0cd682bb ba04da9f: extract_entropy account returned: 16 
[    6.294631] random 0000 0000 0000 0cd682bb ba04da9f: urand_change_num 96 extract_buf: pool_sig fffffccb, data_sig fffffec5, bytes_mixed 20 0cd682bb ba04da9f
[    6.294636] random 0000 0000 0000 26929f1a 15254dc1: urand_change_num 97 extract_buf: pool_sig fffffed2, data_sig ffffffb1, bytes_mixed 20 26929f1a 15254dc1
[    6.295505] random 0000 0000 0000 26929f1a 15254dc1: rand_read_num 28 get_random_bytes(16): sig 00000038 26929f1a 15254dc1
[    6.295508] random 0000 0000 0000 26929f1a 15254dc1: extract_entropy(.. 16 ..)
[    6.295511] random 0000 0000 0000 26929f1a 15254dc1: going to reseed nonblocking with 128 bits (128 of 0 requested)
[    6.295513] random 0000 0000 0000 26929f1a 15254dc1: extract_entropy(.. 16 ..)
[    6.295515] random 0000 0000 0000 26929f1a 15254dc1: trying to extract 128 bits from input
[    6.295517] random 0000 0000 0000 26929f1a 15254dc1: debiting 0 entropy credits from input
[    6.295519] random 0000 0000 0000 26929f1a 15254dc1: extract_entropy account returned: 0 
[    6.295523] random 0000 0000 0000 26929f1a 15254dc1: urand_change_num 98 xfer_secondary_pool(16): pool_sig 00000038, data_sig 00000000, bytes_mixed 0 26929f1a 15254dc1
[    6.295525] random 0000 0000 0000 26929f1a 15254dc1: trying to extract 128 bits from nonblocking
[    6.295528] random 0000 0000 0000 26929f1a 15254dc1: debiting 128 entropy credits from nonblocking (unlimited)
[    6.295530] random 0000 0000 0000 26929f1a 15254dc1: extract_entropy account returned: 16 
[    6.295534] random 0000 0000 0000 26929f1a 15254dc1: urand_change_num 99 extract_buf: pool_sig 00000038, data_sig 000000fd, bytes_mixed 20 26929f1a 15254dc1
[    6.295539] random 0000 0000 0000 8116fe3b 478c2d5b: urand_change_num 100 extract_buf: pool_sig 00000059, data_sig 00000310, bytes_mixed 20 8116fe3b 478c2d5b
[    6.302171] random 0000 0000 0000 a20f4a3a 32a6b2fa: rand_read_num 29 get_random_bytes(16): sig 000002c0 a20f4a3a 32a6b2fa
[    6.302174] random 0000 0000 0000 a20f4a3a 32a6b2fa: extract_entropy(.. 16 ..)
[    6.302177] random 0000 0000 0000 a20f4a3a 32a6b2fa: going to reseed nonblocking with 128 bits (128 of 0 requested)
[    6.302179] random 0000 0000 0000 a20f4a3a 32a6b2fa: extract_entropy(.. 16 ..)
[    6.302181] random 0000 0000 0000 a20f4a3a 32a6b2fa: trying to extract 128 bits from input
[    6.302183] random 0000 0000 0000 a20f4a3a 32a6b2fa: debiting 0 entropy credits from input
[    6.302185] random 0000 0000 0000 a20f4a3a 32a6b2fa: extract_entropy account returned: 0 
[    6.302188] random 0000 0000 0000 a20f4a3a 32a6b2fa: urand_change_num 101 xfer_secondary_pool(16): pool_sig 000002c0, data_sig 00000000, bytes_mixed 0 a20f4a3a 32a6b2fa
[    6.302191] random 0000 0000 0000 a20f4a3a 32a6b2fa: trying to extract 128 bits from nonblocking
[    6.302194] random 0000 0000 0000 a20f4a3a 32a6b2fa: debiting 128 entropy credits from nonblocking (unlimited)
[    6.302196] random 0000 0000 0000 a20f4a3a 32a6b2fa: extract_entropy account returned: 16 
[    6.302200] random 0000 0000 0000 a20f4a3a 32a6b2fa: urand_change_num 102 extract_buf: pool_sig 000002c0, data_sig 000000fb, bytes_mixed 20 a20f4a3a 32a6b2fa
[    6.302205] random 0000 0000 0000 a20f4a3a 32a6b2fa: urand_change_num 103 extract_buf: pool_sig ffffffdd, data_sig 000000a5, bytes_mixed 20 a20f4a3a 32a6b2fa
[    6.314698] random 0000 0000 0000 de716d2a 6c4757e1: rand_read_num 30 get_random_bytes(16): sig 000000fa de716d2a 6c4757e1
[    6.314701] random 0000 0000 0000 de716d2a 6c4757e1: extract_entropy(.. 16 ..)
[    6.314703] random 0000 0000 0000 de716d2a 6c4757e1: going to reseed nonblocking with 128 bits (128 of 0 requested)
[    6.314706] random 0000 0000 0000 de716d2a 6c4757e1: extract_entropy(.. 16 ..)
[    6.314708] random 0000 0000 0000 de716d2a 6c4757e1: trying to extract 128 bits from input
[    6.314710] random 0000 0000 0000 de716d2a 6c4757e1: debiting 0 entropy credits from input
[    6.314712] random 0000 0000 0000 de716d2a 6c4757e1: extract_entropy account returned: 0 
[    6.314715] random 0000 0000 0000 de716d2a 6c4757e1: urand_change_num 104 xfer_secondary_pool(16): pool_sig 000000fa, data_sig 00000000, bytes_mixed 0 de716d2a 6c4757e1
[    6.314718] random 0000 0000 0000 de716d2a 6c4757e1: trying to extract 128 bits from nonblocking
[    6.314720] random 0000 0000 0000 de716d2a 6c4757e1: debiting 128 entropy credits from nonblocking (unlimited)
[    6.314722] random 0000 0000 0000 de716d2a 6c4757e1: extract_entropy account returned: 16 
[    6.314726] random 0000 0000 0000 de716d2a 6c4757e1: urand_change_num 105 extract_buf: pool_sig 000000fa, data_sig ffffff34, bytes_mixed 20 de716d2a 6c4757e1
[    6.314732] random 0000 0000 0000 de716d2a 6c4757e1: urand_change_num 106 extract_buf: pool_sig 000003d3, data_sig ffffff30, bytes_mixed 20 de716d2a 6c4757e1
[    6.315309] random 0000 0000 0000 a7c511e1 f90ea457: rand_read_num 31 get_random_bytes(16): sig 0000009a a7c511e1 f90ea457
[    6.315311] random 0000 0000 0000 a7c511e1 f90ea457: extract_entropy(.. 16 ..)
[    6.315314] random 0000 0000 0000 a7c511e1 f90ea457: going to reseed nonblocking with 128 bits (128 of 0 requested)
[    6.315316] random 0000 0000 0000 a7c511e1 f90ea457: extract_entropy(.. 16 ..)
[    6.315318] random 0000 0000 0000 a7c511e1 f90ea457: trying to extract 128 bits from input
[    6.315320] random 0000 0000 0000 a7c511e1 f90ea457: debiting 0 entropy credits from input
[    6.315322] random 0000 0000 0000 a7c511e1 f90ea457: extract_entropy account returned: 0 
[    6.315325] random 0000 0000 0000 a7c511e1 f90ea457: urand_change_num 107 xfer_secondary_pool(16): pool_sig 0000009a, data_sig 00000000, bytes_mixed 0 a7c511e1 f90ea457
[    6.315328] random 0000 0000 0000 a7c511e1 f90ea457: trying to extract 128 bits from nonblocking
[    6.315331] random 0000 0000 0000 a7c511e1 f90ea457: debiting 128 entropy credits from nonblocking (unlimited)
[    6.315333] random 0000 0000 0000 a7c511e1 f90ea457: extract_entropy account returned: 16 
[    6.315337] random 0000 0000 0000 a7c511e1 f90ea457: urand_change_num 108 extract_buf: pool_sig 0000009a, data_sig 000000e0, bytes_mixed 20 a7c511e1 f90ea457
[    6.315342] random 0000 0000 0000 7c18c7e6 d65ccb06: urand_change_num 109 extract_buf: pool_sig fffffa79, data_sig 000000e0, bytes_mixed 20 7c18c7e6 d65ccb06
[    6.315938] random 0000 0000 0000 7c18c7e6 d65ccb06: rand_read_num 32 get_random_bytes(16): sig fffffe1e 7c18c7e6 d65ccb06
[    6.315941] random 0000 0000 0000 7c18c7e6 d65ccb06: extract_entropy(.. 16 ..)
[    6.315944] random 0000 0000 0000 7c18c7e6 d65ccb06: going to reseed nonblocking with 128 bits (128 of 0 requested)
[    6.315946] random 0000 0000 0000 7c18c7e6 d65ccb06: extract_entropy(.. 16 ..)
[    6.315948] random 0000 0000 0000 7c18c7e6 d65ccb06: trying to extract 128 bits from input
[    6.315950] random 0000 0000 0000 7c18c7e6 d65ccb06: debiting 0 entropy credits from input
[    6.315952] random 0000 0000 0000 7c18c7e6 d65ccb06: extract_entropy account returned: 0 
[    6.315955] random 0000 0000 0000 7c18c7e6 d65ccb06: urand_change_num 110 xfer_secondary_pool(16): pool_sig fffffe1e, data_sig 00000000, bytes_mixed 0 7c18c7e6 d65ccb06
[    6.315958] random 0000 0000 0000 7c18c7e6 d65ccb06: trying to extract 128 bits from nonblocking
[    6.315960] random 0000 0000 0000 7c18c7e6 d65ccb06: debiting 128 entropy credits from nonblocking (unlimited)
[    6.315962] random 0000 0000 0000 7c18c7e6 d65ccb06: extract_entropy account returned: 16 
