[    0.000000] random 0000 0000 0000 00000000 00000000: rand_read_num 1 get_random_bytes(8): sig 00000000 00000000 00000000
[    0.000000] random 0000 0000 0000 00000000 00000000: extract_entropy(.. 8 ..)
[    0.000000] random 0000 0000 0000 00000000 00000000: going to reseed nonblocking with 64 bits (64 of 0 requested)
[    0.000000] random 0000 0000 0000 00000000 00000000: extract_entropy(.. 8 ..)
[    0.000000] random 0000 0000 0000 00000000 00000000: trying to extract 64 bits from input
[    0.000000] random 0000 0000 0000 00000000 00000000: debiting 0 entropy credits from input
[    0.000000] random 0000 0000 0000 00000000 00000000: extract_entropy account returned: 0 
[    0.000000] random 0000 0000 0000 00000000 00000000: urand_change_num 1 xfer_secondary_pool(8): pool_sig 00000000, data_sig 00000000, bytes_mixed 0 00000000 00000000
[    0.000000] random 0000 0000 0000 00000000 00000000: trying to extract 64 bits from nonblocking
[    0.000000] random 0000 0000 0000 00000000 00000000: debiting 64 entropy credits from nonblocking (unlimited)
[    0.000000] random 0000 0000 0000 00000000 00000000: extract_entropy account returned: 8 
[    0.000000] random 0000 0000 0000 00000000 00000000: urand_change_num 2 extract_buf: pool_sig 00000000, data_sig fffffff9, bytes_mixed 20 00000000 00000000
[    0.000000] Linux version 2.6.32.57 (dcashman@dcashman-02) (gcc version 4.3.3 (GCC) ) #3 Fri May 24 04:27:34 PDT 2013
[    0.000000] KERNEL supported cpus:
[    0.000000]   Intel GenuineIntel
[    0.000000]   AMD AuthenticAMD
[    0.000000]   NSC Geode by NSC
[    0.000000]   Cyrix CyrixInstead
[    0.000000]   Centaur CentaurHauls
[    0.000000]   Transmeta GenuineTMx86
[    0.000000]   Transmeta TransmetaCPU
[    0.000000]   UMC UMC UMC UMC
[    0.000000] BIOS-provided physical RAM map:
[    0.000000]  BIOS-e820: 0000000000000000 - 000000000009d800 (usable)
[    0.000000]  BIOS-e820: 000000000009d800 - 00000000000a0000 (reserved)
[    0.000000]  BIOS-e820: 00000000000d2000 - 00000000000d4000 (reserved)
[    0.000000]  BIOS-e820: 00000000000e0000 - 0000000000100000 (reserved)
[    0.000000]  BIOS-e820: 0000000000100000 - 000000003d6b0000 (usable)
[    0.000000]  BIOS-e820: 000000003d6b0000 - 000000003d6cc000 (ACPI data)
[    0.000000]  BIOS-e820: 000000003d6cc000 - 000000003d700000 (ACPI NVS)
[    0.000000]  BIOS-e820: 000000003d700000 - 000000003e000000 (reserved)
[    0.000000]  BIOS-e820: 00000000f0000000 - 00000000f4000000 (reserved)
[    0.000000]  BIOS-e820: 00000000fec00000 - 00000000fec10000 (reserved)
[    0.000000]  BIOS-e820: 00000000fed00000 - 00000000fed00400 (reserved)
[    0.000000]  BIOS-e820: 00000000fed14000 - 00000000fed1a000 (reserved)
[    0.000000]  BIOS-e820: 00000000fed1c000 - 00000000fed90000 (reserved)
[    0.000000]  BIOS-e820: 00000000fee00000 - 00000000fee01000 (reserved)
[    0.000000]  BIOS-e820: 00000000ff000000 - 0000000100000000 (reserved)
[    0.000000] DMI present.
[    0.000000] last_pfn = 0x3d6b0 max_arch_pfn = 0x100000
[    0.000000] MTRR default type: uncachable
[    0.000000] MTRR fixed ranges enabled:
[    0.000000]   00000-9FFFF write-back
[    0.000000]   A0000-BFFFF uncachable
[    0.000000]   C0000-CFFFF write-protect
[    0.000000]   D0000-DFFFF uncachable
[    0.000000]   E0000-FFFFF write-protect
[    0.000000] MTRR variable ranges enabled:
[    0.000000]   0 base 03E000000 mask FFE000000 uncachable
[    0.000000]   1 base 000000000 mask FC0000000 write-back
[    0.000000]   2 base 03D700000 mask FFFF00000 uncachable
[    0.000000]   3 base 03D800000 mask FFF800000 uncachable
[    0.000000]   4 disabled
[    0.000000]   5 disabled
[    0.000000]   6 disabled
[    0.000000]   7 disabled
[    0.000000] initial memory mapped : 0 - 02000000
[    0.000000] init_memory_mapping: 0000000000000000-00000000377fe000
[    0.000000]  0000000000 - 0000400000 page 4k
[    0.000000]  0000400000 - 0037400000 page 2M
[    0.000000]  0037400000 - 00377fe000 page 4k
[    0.000000] kernel direct mapping tables up to 377fe000 @ 7000-c000
[    0.000000] ACPI: RSDP 000f68d0 00024 (v02 LENOVO)
[    0.000000] ACPI: XSDT 3d6bb77f 00094 (v01 LENOVO TP-7L    00002170  LTP 00000000)
[    0.000000] ACPI: FACP 3d6bb900 000F4 (v03 LENOVO TP-7L    00002170 LNVO 00000001)
[    0.000000] ACPI Warning: 32/64X length mismatch in Gpe1Block: 0/32 (20090903/tbfadt-526)
[    0.000000] ACPI Warning: Optional field Gpe1Block has zero address or length: 000000000000102C/0 (20090903/tbfadt-557)
[    0.000000] ACPI: DSDT 3d6bbd1d 0FED1 (v01 LENOVO TP-7L    00002170 MSFT 03000000)
[    0.000000] ACPI: FACS 3d6e4000 00040
[    0.000000] ACPI: SSDT 3d6bbab4 00269 (v01 LENOVO TP-7L    00002170 MSFT 03000000)
[    0.000000] ACPI: ECDT 3d6cbbee 00052 (v01 LENOVO TP-7L    00002170 LNVO 00000001)
[    0.000000] ACPI: TCPA 3d6cbc40 00032 (v02 LENOVO TP-7L    00002170 LNVO 00000001)
[    0.000000] ACPI: APIC 3d6cbc72 00068 (v01 LENOVO TP-7L    00002170 LNVO 00000001)
[    0.000000] ACPI: MCFG 3d6cbcda 0003C (v01 LENOVO TP-7L    00002170 LNVO 00000001)
[    0.000000] ACPI: HPET 3d6cbd16 00038 (v01 LENOVO TP-7L    00002170 LNVO 00000001)
[    0.000000] ACPI: SLIC 3d6cbdf0 00176 (v01 LENOVO TP-7L    00002170  LTP 00000000)
[    0.000000] ACPI: BOOT 3d6cbf66 00028 (v01 LENOVO TP-7L    00002170  LTP 00000001)
[    0.000000] ACPI: ASF! 3d6cbf8e 00072 (v16 LENOVO TP-7L    00002170 PTL  00000001)
[    0.000000] ACPI: SSDT 3d6e26d9 0025F (v01 LENOVO TP-7L    00002170 INTL 20050513)
[    0.000000] ACPI: SSDT 3d6e2938 000A6 (v01 LENOVO TP-7L    00002170 INTL 20050513)
[    0.000000] ACPI: SSDT 3d6e29de 004F7 (v01 LENOVO TP-7L    00002170 INTL 20050513)
[    0.000000] ACPI: SSDT 3d6e2ed5 001D8 (v01 LENOVO TP-7L    00002170 INTL 20050513)
[    0.000000] ACPI: DMI detected: Lenovo ThinkPad R61
[    0.000000] ACPI: Added _OSI(Linux)
[    0.000000] ACPI: Local APIC address 0xfee00000
[    0.000000] 94MB HIGHMEM available.
[    0.000000] 887MB LOWMEM available.
[    0.000000]   mapped low ram: 0 - 377fe000
[    0.000000]   low ram: 0 - 377fe000
[    0.000000]   node 0 low ram: 00000000 - 377fe000
[    0.000000]   node 0 bootmap 00008000 - 0000ef00
[    0.000000] (6 early reservations) ==> bootmem [0000000000 - 00377fe000]
[    0.000000]   #0 [0000000000 - 0000001000]   BIOS data page ==> [0000000000 - 0000001000]
[    0.000000]   #1 [0001000000 - 0001bdc180]    TEXT DATA BSS ==> [0001000000 - 0001bdc180]
[    0.000000]   #2 [000009d800 - 0000100000]    BIOS reserved ==> [000009d800 - 0000100000]
[    0.000000]   #3 [0001bdd000 - 0001be516c]              BRK ==> [0001bdd000 - 0001be516c]
[    0.000000]   #4 [0000007000 - 0000008000]          PGTABLE ==> [0000007000 - 0000008000]
[    0.000000]   #5 [0000008000 - 000000f000]          BOOTMAP ==> [0000008000 - 000000f000]
[    0.000000] found SMP MP-table at [c00f6900] f6900
[    0.000000] Zone PFN ranges:
[    0.000000]   DMA      0x00000000 -> 0x00001000
[    0.000000]   Normal   0x00001000 -> 0x000377fe
[    0.000000]   HighMem  0x000377fe -> 0x0003d6b0
[    0.000000] Movable zone start PFN for each node
[    0.000000] early_node_map[2] active PFN ranges
[    0.000000]     0: 0x00000000 -> 0x0000009d
[    0.000000]     0: 0x00000100 -> 0x0003d6b0
[    0.000000] On node 0 totalpages: 251469
[    0.000000] free_area_init_node: node 0, pgdat c1901ea0, node_mem_map c1be7000
[    0.000000]   DMA zone: 32 pages used for memmap
[    0.000000]   DMA zone: 0 pages reserved
[    0.000000]   DMA zone: 3965 pages, LIFO batch:0
[    0.000000]   Normal zone: 1744 pages used for memmap
[    0.000000]   Normal zone: 221486 pages, LIFO batch:31
[    0.000000]   HighMem zone: 190 pages used for memmap
[    0.000000]   HighMem zone: 24052 pages, LIFO batch:3
[    0.000000] Using APIC driver default
[    0.000000] ACPI: PM-Timer IO Port: 0x1008
[    0.000000] ACPI: Local APIC address 0xfee00000
[    0.000000] ACPI: LAPIC (acpi_id[0x00] lapic_id[0x00] enabled)
[    0.000000] ACPI: LAPIC (acpi_id[0x01] lapic_id[0x01] enabled)
[    0.000000] ACPI: NR_CPUS/possible_cpus limit of 1 reached.  Processor 1/0x1 ignored.
[    0.000000] ACPI: LAPIC_NMI (acpi_id[0x00] high edge lint[0x1])
[    0.000000] ACPI: LAPIC_NMI (acpi_id[0x01] high edge lint[0x1])
[    0.000000] ACPI: IOAPIC (id[0x01] address[0xfec00000] gsi_base[0])
[    0.000000] IOAPIC[0]: apic_id 1, version 32, address 0xfec00000, GSI 0-23
[    0.000000] ACPI: INT_SRC_OVR (bus 0 bus_irq 0 global_irq 2 dfl dfl)
[    0.000000] ACPI: INT_SRC_OVR (bus 0 bus_irq 9 global_irq 9 high level)
[    0.000000] ACPI: IRQ0 used by override.
[    0.000000] ACPI: IRQ2 used by override.
[    0.000000] ACPI: IRQ9 used by override.
[    0.000000] Using ACPI (MADT) for SMP configuration information
[    0.000000] ACPI: HPET id: 0x8086a201 base: 0xfed00000
[    0.000000] nr_irqs_gsi: 24
[    0.000000] PM: Registered nosave memory: 000000000009d000 - 000000000009e000
[    0.000000] PM: Registered nosave memory: 000000000009e000 - 00000000000a0000
[    0.000000] PM: Registered nosave memory: 00000000000a0000 - 00000000000d2000
[    0.000000] PM: Registered nosave memory: 00000000000d2000 - 00000000000d4000
[    0.000000] PM: Registered nosave memory: 00000000000d4000 - 00000000000e0000
[    0.000000] PM: Registered nosave memory: 00000000000e0000 - 0000000000100000
[    0.000000] Allocating PCI resources starting at 3e000000 (gap: 3e000000:b2000000)
[    0.000000] Built 1 zonelists in Zone order, mobility grouping on.  Total pages: 249503
[    0.000000] Kernel command line: auto BOOT_IMAGE=Linux ro root=802 vt.default_utf8=0 maxcpus=0
[    0.000000] PID hash table entries: 4096 (order: 2, 16384 bytes)
[    0.000000] Dentry cache hash table entries: 131072 (order: 7, 524288 bytes)
[    0.000000] Inode-cache hash table entries: 65536 (order: 6, 262144 bytes)
[    0.000000] Enabling fast FPU save and restore... done.
[    0.000000] Enabling unmasked SIMD FPU exception support... done.
[    0.000000] Initializing CPU#0
[    0.000000] Initializing HighMem for node 0 (000377fe:0003d6b0)
[    0.000000] Memory: 984800k/1006272k available (6914k kernel code, 20876k reserved, 2328k data, 448k init, 96968k highmem)
[    0.000000] virtual kernel memory layout:
[    0.000000]     fixmap  : 0xfffa3000 - 0xfffff000   ( 368 kB)
[    0.000000]     pkmap   : 0xff800000 - 0xffc00000   (4096 kB)
[    0.000000]     vmalloc : 0xf7ffe000 - 0xff7fe000   ( 120 MB)
[    0.000000]     lowmem  : 0xc0000000 - 0xf77fe000   ( 887 MB)
[    0.000000]       .init : 0xc1907000 - 0xc1977000   ( 448 kB)
[    0.000000]       .data : 0xc16c0b5f - 0xc1906c64   (2328 kB)
[    0.000000]       .text : 0xc1000000 - 0xc16c0b5f   (6914 kB)
[    0.000000] Checking if this processor honours the WP bit even in supervisor mode...Ok.
[    0.000000] SLUB: Genslabs=13, HWalign=64, Order=0-3, MinObjects=0, CPUs=1, Nodes=1
[    0.000000] Hierarchical RCU implementation.
[    0.000000] NR_IRQS:288
[    0.000000] Extended CMOS year: 2000
[    0.000000] Console: colour VGA+ 80x25
[    0.000000] console [tty0] enabled
[    0.000000] hpet clockevent registered
[    0.000000] Fast TSC calibration using PIT
[    0.000000] Detected 2094.661 MHz processor.
[    0.001001] Calibrating delay loop (skipped), value calculated using timer frequency.. 4189.32 BogoMIPS (lpj=2094661)
[    0.001173] Security Framework initialized
[    0.001254] Mount-cache hash table entries: 512
[    0.001399] CPU: L1 I cache: 32K, L1 D cache: 32K
[    0.001532] CPU: L2 cache: 3072K
[    0.002004] mce: CPU supports 6 MCE banks
[    0.002087] CPU0: Thermal monitoring enabled (TM2)
[    0.002172] using mwait in idle threads.
[    0.002254] CPU: Intel(R) Core(TM)2 Duo CPU     T8100  @ 2.10GHz stepping 06
[    0.002436] Checking 'hlt' instruction... OK.
[    0.006939] ACPI: Core revision 20090903
[    0.026014] CANARY value: 77ecbd85 for PID: 1
[    0.026042] Enabling APIC mode:  Flat.  Using 1 I/O APICs
[    0.027308] ..TIMER: vector=0x30 apic1=0 pin1=2 apic2=-1 pin2=-1
[    0.037997] xor: automatically using best checksumming function: pIII_sse
[    0.041998]    pIII_sse  :  8568.000 MB/sec
[    0.042087] xor: using function: pIII_sse (8568.000 MB/sec)
[    0.042177] RANDOM - __seed init called.
[    0.042178] RANDOM - __seed init called.
[    0.042178] RANDOM - __seed init called.
[    0.042180] RANDOM - __random32 called. Change num 1.  Value: f7943846	49e73df3	af36cd0d
[    0.042182] RANDOM - __random32 called. Change num 2.  Value: 43846e13	9e73df37	9a1ad014
[    0.042184] RANDOM - __random32 called. Change num 3.  Value: 46e139c8	e73df373	a029598a
[    0.042185] RANDOM - __random32 called. Change num 4.  Value: 139c8c3b	73df373d	b3142c72
[    0.042187] RANDOM - __random32 called. Change num 5.  Value: c8c3b043	3df373de	58e576a9
[    0.042189] RANDOM - __random32 called. Change num 6.  Value: 3b0437d9	df373de5	ed53f9d8
[    0.042190] RANDOM - random32 init called.  Value: 3b0437d9	df373de5	ed53f9d8
[    0.042207] NET: Registered protocol family 16
[    0.042468] ACPI FADT declares the system doesn't support PCIe ASPM, so disable it
[    0.042591] ACPI: bus type pci registered
[    0.042766] PCI: MCFG configuration 0: base f0000000 segment 0 buses 0 - 63
[    0.042860] PCI: MCFG area at f0000000 reserved in E820
[    0.042953] PCI: Using MMCONFIG for extended config space
[    0.043002] PCI: Using configuration type 1 for base access
[    0.046151] bio: create slab <bio-0> at 0
[    0.046957] ACPI: EC: EC description table is found, configuring boot EC
[    0.052101] ACPI: BIOS _OSI(Linux) query honored via DMI
[    0.052827] random 0000 0000 0000 00000000 00000000: rand_read_num 2 get_random_bytes(8): sig fffffe1a 00000000 00000000
[    0.052829] random 0000 0000 0000 00000000 00000000: extract_entropy(.. 8 ..)
[    0.052832] random 0000 0000 0000 00000000 00000000: going to reseed nonblocking with 64 bits (64 of 0 requested)
[    0.052834] random 0000 0000 0000 00000000 00000000: extract_entropy(.. 8 ..)
[    0.052836] random 0000 0000 0000 00000000 00000000: trying to extract 64 bits from input
[    0.052839] random 0000 0000 0000 00000000 00000000: debiting 0 entropy credits from input
[    0.052840] random 0000 0000 0000 00000000 00000000: extract_entropy account returned: 0 
[    0.052843] random 0000 0000 0000 00000000 00000000: urand_change_num 3 xfer_secondary_pool(8): pool_sig fffffe1a, data_sig 00000000, bytes_mixed 0 00000000 00000000
[    0.052846] random 0000 0000 0000 00000000 00000000: trying to extract 64 bits from nonblocking
[    0.052849] random 0000 0000 0000 00000000 00000000: debiting 64 entropy credits from nonblocking (unlimited)
[    0.052876] random 0000 0000 0000 00000000 00000000: extract_entropy account returned: 8 
[    0.052881] random 0000 0000 0000 00000000 00000000: urand_change_num 4 extract_buf: pool_sig fffffe1a, data_sig fffffed7, bytes_mixed 20 00000000 00000000
[    0.058590] ACPI: Interpreter enabled
[    0.058679] ACPI: (supports S0 S3 S4 S5)
[    0.058991] ACPI: Using IOAPIC for interrupt routing
[    0.068711] ACPI: EC: GPE = 0x12, I/O: command/status = 0x66, data = 0x62
[    0.069016] ACPI: Power Resource [PUBS] (on)
[    0.071127] ACPI: ACPI Dock Station Driver: 3 docks/bays found
[    0.071536] ACPI: PCI Root Bridge [PCI0] (0000:00)
[    0.071710] pci 0000:00:02.0: reg 10 64bit mmio: [0xf8100000-0xf81fffff]
[    0.071716] pci 0000:00:02.0: reg 18 64bit mmio pref: [0xe0000000-0xefffffff]
[    0.071720] pci 0000:00:02.0: reg 20 io port: [0x1800-0x1807]
[    0.071755] pci 0000:00:02.1: reg 10 64bit mmio: [0xf8200000-0xf82fffff]
[    0.071855] pci 0000:00:19.0: reg 10 32bit mmio: [0xfe000000-0xfe01ffff]
[    0.071864] pci 0000:00:19.0: reg 14 32bit mmio: [0xfe025000-0xfe025fff]
[    0.071872] pci 0000:00:19.0: reg 18 io port: [0x1840-0x185f]
[    0.071937] pci 0000:00:19.0: PME# supported from D0 D3hot D3cold
[    0.072002] pci 0000:00:19.0: PME# disabled
[    0.072156] pci 0000:00:1a.0: reg 20 io port: [0x1860-0x187f]
[    0.072241] pci 0000:00:1a.1: reg 20 io port: [0x1880-0x189f]
[    0.072320] pci 0000:00:1a.7: reg 10 32bit mmio: [0xfe226c00-0xfe226fff]
[    0.072398] pci 0000:00:1a.7: PME# supported from D0 D3hot D3cold
[    0.072493] pci 0000:00:1a.7: PME# disabled
[    0.072632] pci 0000:00:1b.0: reg 10 64bit mmio: [0xfe020000-0xfe023fff]
[    0.072711] pci 0000:00:1b.0: PME# supported from D0 D3hot D3cold
[    0.072804] pci 0000:00:1b.0: PME# disabled
[    0.073054] pci 0000:00:1c.0: PME# supported from D0 D3hot D3cold
[    0.073153] pci 0000:00:1c.0: PME# disabled
[    0.073361] pci 0000:00:1c.1: PME# supported from D0 D3hot D3cold
[    0.073455] pci 0000:00:1c.1: PME# disabled
[    0.073657] pci 0000:00:1c.2: PME# supported from D0 D3hot D3cold
[    0.073751] pci 0000:00:1c.2: PME# disabled
[    0.073955] pci 0000:00:1c.3: PME# supported from D0 D3hot D3cold
[    0.073999] pci 0000:00:1c.3: PME# disabled
[    0.074866] pci 0000:00:1c.4: PME# supported from D0 D3hot D3cold
[    0.074997] pci 0000:00:1c.4: PME# disabled
[    0.075165] pci 0000:00:1d.0: reg 20 io port: [0x18a0-0x18bf]
[    0.075242] pci 0000:00:1d.1: reg 20 io port: [0x18c0-0x18df]
[    0.075322] pci 0000:00:1d.2: reg 20 io port: [0x18e0-0x18ff]
[    0.075420] pci 0000:00:1d.7: reg 10 32bit mmio: [0xfe227000-0xfe2273ff]
[    0.075515] pci 0000:00:1d.7: PME# supported from D0 D3hot D3cold
[    0.075608] pci 0000:00:1d.7: PME# disabled
[    0.075899] pci 0000:00:1f.0: quirk: region 1000-107f claimed by ICH6 ACPI/GPIO/TCO
[    0.076000] pci 0000:00:1f.0: quirk: region 1180-11bf claimed by ICH6 GPIO
[    0.076096] pci 0000:00:1f.0: ICH7 LPC Generic IO decode 1 PIO at 1600 (mask 007f)
[    0.076224] pci 0000:00:1f.0: ICH7 LPC Generic IO decode 2 PIO at 15e0 (mask 000f)
[    0.076348] pci 0000:00:1f.0: ICH7 LPC Generic IO decode 3 PIO at 1680 (mask 001f)
[    0.076549] pci 0000:00:1f.1: reg 10 io port: [0x00-0x07]
[    0.076559] pci 0000:00:1f.1: reg 14 io port: [0x00-0x03]
[    0.076568] pci 0000:00:1f.1: reg 18 io port: [0x00-0x07]
[    0.076577] pci 0000:00:1f.1: reg 1c io port: [0x00-0x03]
[    0.076586] pci 0000:00:1f.1: reg 20 io port: [0x1c00-0x1c0f]
[    0.076664] pci 0000:00:1f.2: reg 10 io port: [0x1c50-0x1c57]
[    0.076673] pci 0000:00:1f.2: reg 14 io port: [0x1c44-0x1c47]
[    0.076680] pci 0000:00:1f.2: reg 18 io port: [0x1c48-0x1c4f]
[    0.076689] pci 0000:00:1f.2: reg 1c io port: [0x1c40-0x1c43]
[    0.076698] pci 0000:00:1f.2: reg 20 io port: [0x1c20-0x1c3f]
[    0.076707] pci 0000:00:1f.2: reg 24 32bit mmio: [0xfe226000-0xfe2267ff]
[    0.076774] pci 0000:00:1f.2: PME# supported from D3hot
[    0.076868] pci 0000:00:1f.2: PME# disabled
[    0.077031] pci 0000:00:1f.3: reg 10 32bit mmio: [0xfe227400-0xfe2274ff]
[    0.077066] pci 0000:00:1f.3: reg 20 io port: [0x1c60-0x1c7f]
[    0.077155] pci 0000:00:1c.0: bridge io port: [0x2000-0x2fff]
[    0.077162] pci 0000:00:1c.0: bridge 32bit mmio: [0xfc000000-0xfdffffff]
[    0.077169] pci 0000:00:1c.0: bridge 64bit mmio pref: [0xf8000000-0xf80fffff]
[    0.077241] pci 0000:03:00.0: reg 10 64bit mmio: [0xdf3f0000-0xdf3fffff]
[    0.077439] pci 0000:00:1c.1: bridge io port: [0x3000-0x3fff]
[    0.077445] pci 0000:00:1c.1: bridge 32bit mmio: [0xdc000000-0xdf3fffff]
[    0.077454] pci 0000:00:1c.1: bridge 64bit mmio pref: [0xdfe00000-0xdfefffff]
[    0.077511] pci 0000:00:1c.2: bridge io port: [0x4000-0x4fff]
[    0.077517] pci 0000:00:1c.2: bridge 32bit mmio: [0xd8000000-0xd9ffffff]
[    0.077526] pci 0000:00:1c.2: bridge 64bit mmio pref: [0xdfb00000-0xdfbfffff]
[    0.077582] pci 0000:00:1c.3: bridge io port: [0x5000-0x5fff]
[    0.077588] pci 0000:00:1c.3: bridge 32bit mmio: [0xd4000000-0xd5ffffff]
[    0.077595] pci 0000:00:1c.3: bridge 64bit mmio pref: [0xdf800000-0xdf8fffff]
[    0.077651] pci 0000:00:1c.4: bridge io port: [0x6000-0x6fff]
[    0.077656] pci 0000:00:1c.4: bridge 32bit mmio: [0xd0000000-0xd1ffffff]
[    0.077665] pci 0000:00:1c.4: bridge 64bit mmio pref: [0xdf500000-0xdf5fffff]
[    0.077731] pci 0000:15:00.0: reg 10 32bit mmio: [0xf8300000-0xf8300fff]
[    0.077784] pci 0000:15:00.0: supports D1 D2
[    0.077785] pci 0000:15:00.0: PME# supported from D0 D1 D2 D3hot D3cold
[    0.077883] pci 0000:15:00.0: PME# disabled
[    0.078050] pci 0000:15:00.1: reg 10 32bit mmio: [0xf8301000-0xf83017ff]
[    0.078154] pci 0000:15:00.1: supports D1 D2
[    0.078155] pci 0000:15:00.1: PME# supported from D0 D1 D2 D3hot D3cold
[    0.078252] pci 0000:15:00.1: PME# disabled
[    0.078436] pci 0000:00:1e.0: transparent bridge
[    0.078530] pci 0000:00:1e.0: bridge io port: [0x7000-0xafff]
[    0.078534] pci 0000:00:1e.0: bridge 32bit mmio: [0xf8300000-0xfbffffff]
[    0.078543] pci 0000:00:1e.0: bridge 64bit mmio pref: [0xf4000000-0xf7ffffff]
[    0.078610] pci_bus 0000:00: on NUMA node 0
[    0.078614] ACPI: PCI Interrupt Routing Table [\_SB_.PCI0._PRT]
[    0.078747] ACPI: PCI Interrupt Routing Table [\_SB_.PCI0.EXP0._PRT]
[    0.078806] ACPI: PCI Interrupt Routing Table [\_SB_.PCI0.EXP1._PRT]
[    0.078863] ACPI: PCI Interrupt Routing Table [\_SB_.PCI0.EXP2._PRT]
[    0.078921] ACPI: PCI Interrupt Routing Table [\_SB_.PCI0.EXP3._PRT]
[    0.079003] ACPI: PCI Interrupt Routing Table [\_SB_.PCI0.EXP4._PRT]
[    0.079067] ACPI: PCI Interrupt Routing Table [\_SB_.PCI0.PCI1._PRT]
[    0.084515] ACPI: PCI Interrupt Link [LNKA] (IRQs 3 4 5 6 7 9 *10 11)
[    0.085302] ACPI: PCI Interrupt Link [LNKB] (IRQs 3 4 5 6 7 9 10 *11)
[    0.086126] ACPI: PCI Interrupt Link [LNKC] (IRQs 3 4 5 6 7 9 10 *11)
[    0.086931] ACPI: PCI Interrupt Link [LNKD] (IRQs 3 4 5 6 7 9 10 *11)
[    0.087730] ACPI: PCI Interrupt Link [LNKE] (IRQs 3 4 5 6 7 9 10 *11)
[    0.088504] ACPI: PCI Interrupt Link [LNKF] (IRQs 3 4 5 6 7 9 10 *11)
[    0.089301] ACPI: PCI Interrupt Link [LNKG] (IRQs 3 4 5 6 7 9 10 *11)
[    0.090142] ACPI: PCI Interrupt Link [LNKH] (IRQs 3 4 5 6 7 9 10 *11)
[    0.090890] vgaarb: device added: PCI:0000:00:02.0,decodes=io+mem,owns=io+mem,locks=none
[    0.091001] vgaarb: loaded
[    0.091186] SCSI subsystem initialized
[    0.091285] libata version 3.00 loaded.
[    0.091331] usbcore: registered new interface driver usbfs
[    0.091455] usbcore: registered new interface driver hub
[    0.091575] usbcore: registered new device driver usb
[    0.108040] raid6: int32x1    941 MB/s
[    0.125058] raid6: int32x2    890 MB/s
[    0.142065] raid6: int32x4    750 MB/s
[    0.158990] raid6: int32x8    656 MB/s
[    0.175985] raid6: mmxx1     2878 MB/s
[    0.192983] raid6: mmxx2     3269 MB/s
[    0.210003] raid6: sse1x1    1937 MB/s
[    0.226975] raid6: sse1x2    2531 MB/s
[    0.243980] raid6: sse2x1    3515 MB/s
[    0.260983] raid6: sse2x2    3832 MB/s
[    0.261070] raid6: using algorithm sse2x2 (3832 MB/s)
[    0.261173] PCI: Using ACPI for IRQ routing
[    0.261487] HPET: 3 timers in total, 0 timers will be used for per-cpu timer
[    0.261990] Switching to clocksource tsc
[    0.262094] pnp: PnP ACPI init
[    0.262196] ACPI: bus type pnp registered
[    0.265840] pnp: PnP ACPI: found 11 devices
[    0.265945] ACPI: ACPI bus type pnp unregistered
[    0.266037] system 00:00: iomem range 0x0-0x9ffff could not be reserved
[    0.266130] system 00:00: iomem range 0xc0000-0xc3fff could not be reserved
[    0.266221] system 00:00: iomem range 0xc4000-0xc7fff could not be reserved
[    0.266309] system 00:00: iomem range 0xc8000-0xcbfff has been reserved
[    0.266403] system 00:00: iomem range 0xcc000-0xcffff has been reserved
[    0.266494] system 00:00: iomem range 0xd0000-0xd3fff could not be reserved
[    0.266585] system 00:00: iomem range 0xe0000-0xe3fff could not be reserved
[    0.266677] system 00:00: iomem range 0xe4000-0xe7fff could not be reserved
[    0.266769] system 00:00: iomem range 0xe8000-0xebfff could not be reserved
[    0.266866] system 00:00: iomem range 0xec000-0xeffff could not be reserved
[    0.266959] system 00:00: iomem range 0xf0000-0xfffff could not be reserved
[    0.267052] system 00:00: iomem range 0x100000-0x3dffffff could not be reserved
[    0.267177] system 00:00: iomem range 0xfec00000-0xfed3ffff could not be reserved
[    0.267299] system 00:00: iomem range 0xfed4c000-0xffffffff could not be reserved
[    0.267433] system 00:02: ioport range 0x164e-0x164f has been reserved
[    0.267522] system 00:02: ioport range 0x1000-0x107f has been reserved
[    0.267615] system 00:02: ioport range 0x1180-0x11bf has been reserved
[    0.267707] system 00:02: ioport range 0x800-0x80f has been reserved
[    0.267800] system 00:02: ioport range 0x15e0-0x15ef has been reserved
[    0.267901] system 00:02: ioport range 0x1600-0x165f could not be reserved
[    0.267994] system 00:02: iomem range 0xf0000000-0xf3ffffff has been reserved
[    0.268083] system 00:02: iomem range 0xfed1c000-0xfed1ffff has been reserved
[    0.268175] system 00:02: iomem range 0xfed14000-0xfed17fff has been reserved
[    0.268270] system 00:02: iomem range 0xfed18000-0xfed18fff has been reserved
[    0.268362] system 00:02: iomem range 0xfed19000-0xfed19fff has been reserved
[    0.268463] system 00:02: iomem range 0xfed45000-0xfed4bfff has been reserved
[    0.303508] pci 0000:00:1c.0: PCI bridge, secondary bus 0000:02
[    0.303601] pci 0000:00:1c.0:   IO window: 0x2000-0x2fff
[    0.303696] pci 0000:00:1c.0:   MEM window: 0xfc000000-0xfdffffff
[    0.303793] pci 0000:00:1c.0:   PREFETCH window: 0x000000f8000000-0x000000f80fffff
[    0.303926] pci 0000:00:1c.1: PCI bridge, secondary bus 0000:03
[    0.304016] pci 0000:00:1c.1:   IO window: 0x3000-0x3fff
[    0.304116] pci 0000:00:1c.1:   MEM window: 0xdc000000-0xdf3fffff
[    0.304209] pci 0000:00:1c.1:   PREFETCH window: 0x000000dfe00000-0x000000dfefffff
[    0.304333] pci 0000:00:1c.2: PCI bridge, secondary bus 0000:04
[    0.304433] pci 0000:00:1c.2:   IO window: 0x4000-0x4fff
[    0.304524] pci 0000:00:1c.2:   MEM window: 0xd8000000-0xd9ffffff
[    0.304620] pci 0000:00:1c.2:   PREFETCH window: 0x000000dfb00000-0x000000dfbfffff
[    0.304750] pci 0000:00:1c.3: PCI bridge, secondary bus 0000:05
[    0.304847] pci 0000:00:1c.3:   IO window: 0x5000-0x5fff
[    0.304944] pci 0000:00:1c.3:   MEM window: 0xd4000000-0xd5ffffff
[    0.305037] pci 0000:00:1c.3:   PREFETCH window: 0x000000df800000-0x000000df8fffff
[    0.305175] pci 0000:00:1c.4: PCI bridge, secondary bus 0000:0d
[    0.305268] pci 0000:00:1c.4:   IO window: 0x6000-0x6fff
[    0.305362] pci 0000:00:1c.4:   MEM window: 0xd0000000-0xd1ffffff
[    0.305455] pci 0000:00:1c.4:   PREFETCH window: 0x000000df500000-0x000000df5fffff
[    0.305582] pci 0000:15:00.0: CardBus bridge, secondary bus 0000:16
[    0.305674] pci 0000:15:00.0:   IO window: 0x007000-0x0070ff
[    0.305774] pci 0000:15:00.0:   IO window: 0x007400-0x0074ff
[    0.305874] pci 0000:15:00.0:   PREFETCH window: 0xf4000000-0xf7ffffff
[    0.305970] pci 0000:15:00.0:   MEM window: 0x40000000-0x43ffffff
[    0.306066] pci 0000:00:1e.0: PCI bridge, secondary bus 0000:15
[    0.306159] pci 0000:00:1e.0:   IO window: 0x7000-0xafff
[    0.306252] pci 0000:00:1e.0:   MEM window: 0xf8300000-0xfbffffff
[    0.306349] pci 0000:00:1e.0:   PREFETCH window: 0x000000f4000000-0x000000f7ffffff
[    0.306490] pci 0000:00:1c.0: PCI INT A -> GSI 20 (level, low) -> IRQ 20
[    0.306582] pci 0000:00:1c.0: setting latency timer to 64
[    0.306595] pci 0000:00:1c.1: PCI INT B -> GSI 21 (level, low) -> IRQ 21
[    0.306702] pci 0000:00:1c.1: setting latency timer to 64
[    0.306714] pci 0000:00:1c.2: PCI INT C -> GSI 22 (level, low) -> IRQ 22
[    0.306810] pci 0000:00:1c.2: setting latency timer to 64
[    0.306825] pci 0000:00:1c.3: PCI INT D -> GSI 23 (level, low) -> IRQ 23
[    0.306932] pci 0000:00:1c.3: setting latency timer to 64
[    0.306943] pci 0000:00:1c.4: PCI INT A -> GSI 20 (level, low) -> IRQ 20
[    0.307038] pci 0000:00:1c.4: setting latency timer to 64
[    0.307043] pci 0000:00:1e.0: enabling device (0005 -> 0007)
[    0.307140] pci 0000:00:1e.0: setting latency timer to 64
[    0.307155] pci 0000:15:00.0: PCI INT A -> GSI 16 (level, low) -> IRQ 16
[    0.307254] pci 0000:15:00.0: setting latency timer to 64
[    0.307260] pci_bus 0000:00: resource 0 io:  [0x00-0xffff]
[    0.307262] pci_bus 0000:00: resource 1 mem: [0x000000-0xffffffff]
[    0.307264] pci_bus 0000:02: resource 0 io:  [0x2000-0x2fff]
[    0.307266] pci_bus 0000:02: resource 1 mem: [0xfc000000-0xfdffffff]
[    0.307267] pci_bus 0000:02: resource 2 pref mem [0xf8000000-0xf80fffff]
[    0.307269] pci_bus 0000:03: resource 0 io:  [0x3000-0x3fff]
[    0.307271] pci_bus 0000:03: resource 1 mem: [0xdc000000-0xdf3fffff]
[    0.307273] pci_bus 0000:03: resource 2 pref mem [0xdfe00000-0xdfefffff]
[    0.307275] pci_bus 0000:04: resource 0 io:  [0x4000-0x4fff]
[    0.307277] pci_bus 0000:04: resource 1 mem: [0xd8000000-0xd9ffffff]
[    0.307278] pci_bus 0000:04: resource 2 pref mem [0xdfb00000-0xdfbfffff]
[    0.307280] pci_bus 0000:05: resource 0 io:  [0x5000-0x5fff]
[    0.307282] pci_bus 0000:05: resource 1 mem: [0xd4000000-0xd5ffffff]
[    0.307284] pci_bus 0000:05: resource 2 pref mem [0xdf800000-0xdf8fffff]
[    0.307286] pci_bus 0000:0d: resource 0 io:  [0x6000-0x6fff]
[    0.307287] pci_bus 0000:0d: resource 1 mem: [0xd0000000-0xd1ffffff]
[    0.307289] pci_bus 0000:0d: resource 2 pref mem [0xdf500000-0xdf5fffff]
[    0.307291] pci_bus 0000:15: resource 0 io:  [0x7000-0xafff]
[    0.307293] pci_bus 0000:15: resource 1 mem: [0xf8300000-0xfbffffff]
[    0.307294] pci_bus 0000:15: resource 2 pref mem [0xf4000000-0xf7ffffff]
[    0.307296] pci_bus 0000:15: resource 3 io:  [0x00-0xffff]
[    0.307298] pci_bus 0000:15: resource 4 mem: [0x000000-0xffffffff]
[    0.307300] pci_bus 0000:16: resource 0 io:  [0x7000-0x70ff]
[    0.307301] pci_bus 0000:16: resource 1 io:  [0x7400-0x74ff]
[    0.307303] pci_bus 0000:16: resource 2 pref mem [0xf4000000-0xf7ffffff]
[    0.307305] pci_bus 0000:16: resource 3 mem: [0x40000000-0x43ffffff]
[    0.307312] NET: Registered protocol family 2
[    0.307403] RANDOM - __random32 called. Change num 7.  Value: 437d97bf	f373de51	f3b0f986
[    0.307405] RANDOM - random32 called.  Value: 437d97bf	f373de51	f3b0f986
[    0.307409] random 0000 0000 0000 5f8db4e5 4cfdf2a8: rand_read_num 3 get_random_bytes(4): sig fffffb64 5f8db4e5 4cfdf2a8
[    0.307411] random 0000 0000 0000 5f8db4e5 4cfdf2a8: extract_entropy(.. 4 ..)
[    0.307414] random 0000 0000 0000 5f8db4e5 4cfdf2a8: going to reseed nonblocking with 64 bits (32 of 0 requested)
[    0.307416] random 0000 0000 0000 5f8db4e5 4cfdf2a8: extract_entropy(.. 8 ..)
[    0.307418] random 0000 0000 0000 5f8db4e5 4cfdf2a8: trying to extract 64 bits from input
[    0.307420] random 0000 0000 0000 5f8db4e5 4cfdf2a8: debiting 0 entropy credits from input
[    0.307422] random 0000 0000 0000 5f8db4e5 4cfdf2a8: extract_entropy account returned: 0 
[    0.307425] random 0000 0000 0000 5f8db4e5 4cfdf2a8: urand_change_num 5 xfer_secondary_pool(4): pool_sig fffffb64, data_sig 00000000, bytes_mixed 0 5f8db4e5 4cfdf2a8
[    0.307428] random 0000 0000 0000 5f8db4e5 4cfdf2a8: trying to extract 32 bits from nonblocking
[    0.307430] random 0000 0000 0000 5f8db4e5 4cfdf2a8: debiting 32 entropy credits from nonblocking (unlimited)
[    0.307432] random 0000 0000 0000 5f8db4e5 4cfdf2a8: extract_entropy account returned: 4 
[    0.307436] random 0000 0000 0000 5f8db4e5 4cfdf2a8: urand_change_num 6 extract_buf: pool_sig fffffb64, data_sig 00000241, bytes_mixed 20 5f8db4e5 4cfdf2a8
[    0.307446] IP route cache hash table entries: 32768 (order: 5, 131072 bytes)
[    0.307577] RANDOM - __random32 called. Change num 8.  Value: d97bfe31	373de51f	f30dc6e6
[    0.307578] RANDOM - random32 called.  Value: d97bfe31	373de51f	f30dc6e6
[    0.307589] RANDOM - __random32 called. Change num 9.  Value: bfe314d7	73de51f5	8dcd6c7e
[    0.307590] RANDOM - random32 called.  Value: bfe314d7	73de51f5	8dcd6c7e
[    0.307592] RANDOM - __random32 called. Change num 10.  Value: 314d7baf	3de51f5e	d8fc74c1
[    0.307594] RANDOM - random32 called.  Value: 314d7baf	3de51f5e	d8fc74c1
[    0.307604] RANDOM - __random32 called. Change num 11.  Value: d7baf3c7	de51f5e5	e983e3fa
[    0.307606] RANDOM - random32 called.  Value: d7baf3c7	de51f5e5	e983e3fa
[    0.307616] TCP established hash table entries: 131072 (order: 8, 1048576 bytes)
[    0.308112] TCP bind hash table entries: 65536 (order: 6, 262144 bytes)
[    0.308299] TCP: Hash tables configured (established 131072 bind 65536)
[    0.308389] TCP reno registered
[    0.308493] NET: Registered protocol family 1
[    0.308606] RPC: Registered udp transport module.
[    0.308697] RPC: Registered tcp transport module.
[    0.308786] RPC: Registered tcp NFSv4.1 backchannel transport module.
[    0.308888] pci 0000:00:02.0: Boot video device
[    0.309100] Simple Boot Flag at 0x35 set to 0x1
[    0.309616] highmem bounce pool size: 64 pages
[    0.311199] VFS: Disk quotas dquot_6.5.2
[    0.311320] Dquot-cache hash table entries: 1024 (order 0, 4096 bytes)
[    0.312000] NTFS driver 2.1.29 [Flags: R/W].
[    0.312163] ROMFS MTD (C) 2007 Red Hat, Inc.
[    0.312379] JFS: nTxBlock = 7695, nTxLock = 61562
[    0.314836] SGI XFS with ACLs, security attributes, large block/inode numbers, no debug enabled
[    0.315349] SGI XFS Quota Management subsystem
[    0.315642] Slow work thread pool: Starting up
[    0.315743] Slow work thread pool: Ready
[    0.315843] GFS2 (built May 24 2013 02:47:17) installed
[    0.315948] msgmni has been set to 1734
[    0.316113] alg: No test for cipher_null (cipher_null-generic)
[    0.316221] alg: No test for ecb(cipher_null) (ecb-cipher_null)
[    0.316323] alg: No test for digest_null (digest_null-generic)
[    0.316421] alg: No test for compress_null (compress_null-generic)
[    0.316985] alg: No test for fcrypt (fcrypt-generic)
[    0.318394] alg: No test for stdrng (krng)
[    0.318485] async_tx: api initialized (async)
[    0.318637] Block layer SCSI generic (bsg) driver version 0.4 loaded (major 254)
[    0.318760] io scheduler noop registered
[    0.318847] io scheduler anticipatory registered
[    0.318946] io scheduler deadline registered
[    0.319090] io scheduler cfq registered (default)
[    0.319338] pcieport 0000:00:1c.0: irq 24 for MSI/MSI-X
[    0.319353] pcieport 0000:00:1c.0: setting latency timer to 64
[    0.319537] pcieport 0000:00:1c.1: irq 25 for MSI/MSI-X
[    0.319547] pcieport 0000:00:1c.1: setting latency timer to 64
[    0.319725] pcieport 0000:00:1c.2: irq 26 for MSI/MSI-X
[    0.319737] pcieport 0000:00:1c.2: setting latency timer to 64
[    0.319927] pcieport 0000:00:1c.3: irq 27 for MSI/MSI-X
[    0.319938] pcieport 0000:00:1c.3: setting latency timer to 64
[    0.320117] pcieport 0000:00:1c.4: irq 28 for MSI/MSI-X
[    0.320128] pcieport 0000:00:1c.4: setting latency timer to 64
[    0.320272] pci_hotplug: PCI Hot Plug PCI Core version: 0.5
[    0.320471] isapnp: Scanning for PnP cards...
[    0.680995] isapnp: No Plug & Play device found
[    0.681084] random 0000 0000 0000 5f8db4e5 4cfdf2a8: initializing
[    0.700606] Serial: 8250/16550 driver, 4 ports, IRQ sharing enabled
[    3.711801] floppy0: no floppy controllers found
[    3.712749] brd: module loaded
[    3.713259] loop: module loaded
[    3.713353] Compaq SMART2 Driver (v 2.6.0)
[    3.713475] HP CISS Driver (v 3.6.20)
[    3.713717] input: Macintosh mouse button emulation as /devices/virtual/input/input0
[    3.713867] Uniform Multi-Platform E-IDE driver
[    3.714092] piix 0000:00:1f.1: IDE controller (0x8086:0x2850 rev 0x03)
[    3.714196] pci 0000:00:1f.1: PCI INT C -> GSI 16 (level, low) -> IRQ 16
[    3.714303] piix 0000:00:1f.1: IDE port disabled
[    3.714404] piix 0000:00:1f.1: not 100% native mode: will probe irqs later
[    3.714510]     ide0: BM-DMA at 0x1c00-0x1c07
[    3.714603] Probing IDE interface ide0...
[    4.386008] hda: HL-DT-ST DVDRAM GSA-U10N, ATAPI CD/DVD-ROM drive
[    4.692812] hda: host max PIO4 wanted PIO255(auto-tune) selected PIO4
[    4.693588] hda: UDMA/33 mode selected
[    4.694050] ide0 at 0x1f0-0x1f7,0x3f6 on irq 14
[    4.697967] ide-gd driver 1.18
[    4.698076] ide-cd driver 5.00
[    4.699476] ide-cd: hda: ATAPI 24X DVD-ROM DVD-R/RAM CD-R/RW drive, 2048kB Cache
[    4.699920] Uniform CD-ROM driver Revision: 3.20
[    4.706968] Loading iSCSI transport class v2.0-870.
[    4.707253] rdac: device handler registered
[    4.707340] hp_sw: device handler registered
[    4.707425] emc: device handler registered
[    4.707513] alua: device handler registered
[    4.708504] Adaptec aacraid driver 1.1-5[2461]-ms
[    4.708917] scsi: <fdomain> Detection failed (no card)
[    4.709015] sym53c416.c: Version 1.0.0-ac
[    4.709122] qlogicfas: no cards were found, please specify I/O address and IRQ using iobase= and irq= options
[    4.709248] QLogic Fibre Channel HBA Driver: 8.03.01-k6
[    4.709468] iscsi: registered transport (qla4xxx)
[    4.709582] QLogic iSCSI HBA Driver
[    4.709678] Emulex LightPulse Fibre Channel SCSI driver 8.3.4
[    4.709767] Copyright(c) 2004-2009 Emulex.  All rights reserved.
[    4.731798] Failed initialization of WD-7000 SCSI card!
[    4.821016] DC390: clustering now enabled by default. If you get problems load
[    4.821141]        with "disable_clustering=1" and report to maintainers
[    4.821273] megaraid cmm: 2.20.2.7 (Release Date: Sun Jul 16 00:01:03 EST 2006)
[    4.821426] megaraid: 2.20.5.1 (Release Date: Thu Nov 16 15:32:35 EST 2006)
[    4.821540] megasas: 00.00.04.01 Thu July 24 11:41:51 PST 2008
[    4.821669] GDT-HA: Storage RAID Controller Driver. Version: 3.05
[    4.821831] 3ware Storage Controller device driver for Linux v1.26.02.002.
[    4.821949] 3ware 9000 Storage Controller device driver for Linux v2.26.02.012.
[    4.822091] nsp32: loading...
[    4.822197] ipr: IBM Power RAID SCSI Device Driver version: 2.4.3 (June 10, 2009)
[    4.822349] RocketRAID 3xxx/4xxx Controller driver v1.6 (090910)
[    4.822464] stex: Promise SuperTrak EX Driver version: 4.6.0000.3
[    4.822607] st: Version 20081215, fixed bufsize 32768, s/g segs 256
[    4.822809] ahci 0000:00:1f.2: version 3.0
[    4.822824] ahci 0000:00:1f.2: PCI INT B -> GSI 16 (level, low) -> IRQ 16
[    4.822958] ahci 0000:00:1f.2: irq 29 for MSI/MSI-X
[    4.823015] ahci 0000:00:1f.2: AHCI 0001.0100 32 slots 3 ports 1.5 Gbps 0x5 impl SATA mode
[    4.823139] ahci 0000:00:1f.2: flags: 64bit ncq sntf pm led clo pio slum part ccc 
[    4.823264] ahci 0000:00:1f.2: setting latency timer to 64
[    4.823404] scsi2 : ahci
[    4.823563] scsi3 : ahci
[    4.823702] scsi4 : ahci
[    4.823886] ata1: SATA max UDMA/133 abar m2048@0xfe226000 port 0xfe226100 irq 29
[    4.824009] ata2: DUMMY
[    4.824103] ata3: SATA max UDMA/133 abar m2048@0xfe226000 port 0xfe226200 irq 29
[    4.824709] I2O subsystem v1.325
[    4.824807] i2o: max drivers = 8
[    4.824953] I2O Configuration OSM v1.323
[    4.825064] I2O Bus Adapter OSM v1.317
[    4.825169] I2O Block Device OSM v1.325
[    4.825320] I2O SCSI Peripheral OSM v1.316
[    4.825422] I2O ProcFS OSM v1.316
[    4.825525] Fusion MPT base driver 3.04.12
[    4.825612] Copyright (c) 1999-2008 LSI Corporation
[    4.825708] Fusion MPT SPI Host driver 3.04.12
[    4.825877] Fusion MPT FC Host driver 3.04.12
[    4.825994] Fusion MPT SAS Host driver 3.04.12
[    4.826147] ohci1394 0000:15:00.1: PCI INT B -> GSI 17 (level, low) -> IRQ 17
[    4.826242] ohci1394 0000:15:00.1: setting latency timer to 64
[    4.879820] ohci1394: fw-host0: OHCI-1394 1.1 (PCI): IRQ=[17]  MMIO=[f8301000-f83017ff]  Max Packet=[2048]  IR/IT contexts=[4/4]
[    4.884097] ehci_hcd: USB 2.0 'Enhanced' Host Controller (EHCI) Driver
[    4.884404] ehci_hcd 0000:00:1a.7: power state changed by ACPI to D0
[    4.884646] ehci_hcd 0000:00:1a.7: power state changed by ACPI to D0
[    4.884745] ehci_hcd 0000:00:1a.7: PCI INT C -> GSI 22 (level, low) -> IRQ 22
[    4.884848] ehci_hcd 0000:00:1a.7: setting latency timer to 64
[    4.884853] ehci_hcd 0000:00:1a.7: EHCI Host Controller
[    4.884992] ehci_hcd 0000:00:1a.7: new USB bus registered, assigned bus number 1
[    4.889043] ehci_hcd 0000:00:1a.7: cache line size of 32 is not supported
[    4.889052] ehci_hcd 0000:00:1a.7: irq 22, io mem 0xfe226c00
[    4.898779] ehci_hcd 0000:00:1a.7: USB 2.0 started, EHCI 1.00
[    4.898884] usb usb1: New USB device found, idVendor=1d6b, idProduct=0002
[    4.898977] usb usb1: New USB device strings: Mfr=3, Product=2, SerialNumber=1
[    4.899098] usb usb1: Product: EHCI Host Controller
[    4.899186] usb usb1: Manufacturer: Linux 2.6.32.57 ehci_hcd
[    4.899275] usb usb1: SerialNumber: 0000:00:1a.7
[    4.899419] usb usb1: configuration #1 chosen from 1 choice
[    4.899536] hub 1-0:1.0: USB hub found
[    4.899628] hub 1-0:1.0: 4 ports detected
[    4.899925] ehci_hcd 0000:00:1d.7: power state changed by ACPI to D0
[    4.900178] ehci_hcd 0000:00:1d.7: power state changed by ACPI to D0
[    4.900284] ehci_hcd 0000:00:1d.7: PCI INT D -> GSI 19 (level, low) -> IRQ 19
[    4.900384] ehci_hcd 0000:00:1d.7: setting latency timer to 64
[    4.900387] ehci_hcd 0000:00:1d.7: EHCI Host Controller
[    4.900523] ehci_hcd 0000:00:1d.7: new USB bus registered, assigned bus number 2
[    4.900675] ehci_hcd 0000:00:1d.7: debug port 1
[    4.904667] ehci_hcd 0000:00:1d.7: cache line size of 32 is not supported
[    4.904676] ehci_hcd 0000:00:1d.7: irq 19, io mem 0xfe227000
[    4.914779] ehci_hcd 0000:00:1d.7: USB 2.0 started, EHCI 1.00
[    4.914888] usb usb2: New USB device found, idVendor=1d6b, idProduct=0002
[    4.914978] usb usb2: New USB device strings: Mfr=3, Product=2, SerialNumber=1
[    4.915102] usb usb2: Product: EHCI Host Controller
[    4.915191] usb usb2: Manufacturer: Linux 2.6.32.57 ehci_hcd
[    4.915283] usb usb2: SerialNumber: 0000:00:1d.7
[    4.915423] usb usb2: configuration #1 chosen from 1 choice
[    4.915541] hub 2-0:1.0: USB hub found
[    4.915632] hub 2-0:1.0: 6 ports detected
[    4.915813] 116x: driver isp116x-hcd, 03 Nov 2005
[    4.915917] ohci_hcd: USB 1.1 'Open' Host Controller (OHCI) Driver
[    4.916034] uhci_hcd: USB Universal Host Controller Interface driver
[    4.916141] uhci_hcd 0000:00:1a.0: PCI INT A -> GSI 20 (level, low) -> IRQ 20
[    4.916237] uhci_hcd 0000:00:1a.0: setting latency timer to 64
[    4.916239] uhci_hcd 0000:00:1a.0: UHCI Host Controller
[    4.916367] uhci_hcd 0000:00:1a.0: new USB bus registered, assigned bus number 3
[    4.916521] uhci_hcd 0000:00:1a.0: irq 20, io base 0x00001860
[    4.916636] usb usb3: New USB device found, idVendor=1d6b, idProduct=0001
[    4.916730] usb usb3: New USB device strings: Mfr=3, Product=2, SerialNumber=1
[    4.916854] usb usb3: Product: UHCI Host Controller
[    4.916948] usb usb3: Manufacturer: Linux 2.6.32.57 uhci_hcd
[    4.917036] usb usb3: SerialNumber: 0000:00:1a.0
[    4.917174] usb usb3: configuration #1 chosen from 1 choice
[    4.917291] hub 3-0:1.0: USB hub found
[    4.917386] hub 3-0:1.0: 2 ports detected
[    4.917678] uhci_hcd 0000:00:1a.1: power state changed by ACPI to D0
[    4.917931] uhci_hcd 0000:00:1a.1: power state changed by ACPI to D0
[    4.918033] uhci_hcd 0000:00:1a.1: PCI INT B -> GSI 21 (level, low) -> IRQ 21
[    4.918132] uhci_hcd 0000:00:1a.1: setting latency timer to 64
[    4.918136] uhci_hcd 0000:00:1a.1: UHCI Host Controller
[    4.918270] uhci_hcd 0000:00:1a.1: new USB bus registered, assigned bus number 4
[    4.918423] uhci_hcd 0000:00:1a.1: irq 21, io base 0x00001880
[    4.918535] usb usb4: New USB device found, idVendor=1d6b, idProduct=0001
[    4.918639] usb usb4: New USB device strings: Mfr=3, Product=2, SerialNumber=1
[    4.918757] usb usb4: Product: UHCI Host Controller
[    4.918858] usb usb4: Manufacturer: Linux 2.6.32.57 uhci_hcd
[    4.918950] usb usb4: SerialNumber: 0000:00:1a.1
[    4.919084] usb usb4: configuration #1 chosen from 1 choice
[    4.919205] hub 4-0:1.0: USB hub found
[    4.919296] hub 4-0:1.0: 2 ports detected
[    4.919582] uhci_hcd 0000:00:1d.0: power state changed by ACPI to D0
[    4.919832] uhci_hcd 0000:00:1d.0: power state changed by ACPI to D0
[    4.919926] uhci_hcd 0000:00:1d.0: PCI INT A -> GSI 16 (level, low) -> IRQ 16
[    4.920022] uhci_hcd 0000:00:1d.0: setting latency timer to 64
[    4.920025] uhci_hcd 0000:00:1d.0: UHCI Host Controller
[    4.920155] uhci_hcd 0000:00:1d.0: new USB bus registered, assigned bus number 5
[    4.920313] uhci_hcd 0000:00:1d.0: irq 16, io base 0x000018a0
[    4.920429] usb usb5: New USB device found, idVendor=1d6b, idProduct=0001
[    4.920520] usb usb5: New USB device strings: Mfr=3, Product=2, SerialNumber=1
[    4.920643] usb usb5: Product: UHCI Host Controller
[    4.920731] usb usb5: Manufacturer: Linux 2.6.32.57 uhci_hcd
[    4.920832] usb usb5: SerialNumber: 0000:00:1d.0
[    4.920969] usb usb5: configuration #1 chosen from 1 choice
[    4.921085] hub 5-0:1.0: USB hub found
[    4.921179] hub 5-0:1.0: 2 ports detected
[    4.921322] uhci_hcd 0000:00:1d.1: PCI INT B -> GSI 17 (level, low) -> IRQ 17
[    4.921425] uhci_hcd 0000:00:1d.1: setting latency timer to 64
[    4.921428] uhci_hcd 0000:00:1d.1: UHCI Host Controller
[    4.921562] uhci_hcd 0000:00:1d.1: new USB bus registered, assigned bus number 6
[    4.921712] uhci_hcd 0000:00:1d.1: irq 17, io base 0x000018c0
[    4.921830] usb usb6: New USB device found, idVendor=1d6b, idProduct=0001
[    4.921924] usb usb6: New USB device strings: Mfr=3, Product=2, SerialNumber=1
[    4.922044] usb usb6: Product: UHCI Host Controller
[    4.922132] usb usb6: Manufacturer: Linux 2.6.32.57 uhci_hcd
[    4.922228] usb usb6: SerialNumber: 0000:00:1d.1
[    4.922373] usb usb6: configuration #1 chosen from 1 choice
[    4.922496] hub 6-0:1.0: USB hub found
[    4.922585] hub 6-0:1.0: 2 ports detected
[    4.922895] uhci_hcd 0000:00:1d.2: power state changed by ACPI to D0
[    4.923147] uhci_hcd 0000:00:1d.2: power state changed by ACPI to D0
[    4.923243] uhci_hcd 0000:00:1d.2: PCI INT C -> GSI 18 (level, low) -> IRQ 18
[    4.923337] uhci_hcd 0000:00:1d.2: setting latency timer to 64
[    4.923342] uhci_hcd 0000:00:1d.2: UHCI Host Controller
[    4.923465] uhci_hcd 0000:00:1d.2: new USB bus registered, assigned bus number 7
[    4.923620] uhci_hcd 0000:00:1d.2: irq 18, io base 0x000018e0
[    4.923734] usb usb7: New USB device found, idVendor=1d6b, idProduct=0001
[    4.923832] usb usb7: New USB device strings: Mfr=3, Product=2, SerialNumber=1
[    4.923953] usb usb7: Product: UHCI Host Controller
[    4.924041] usb usb7: Manufacturer: Linux 2.6.32.57 uhci_hcd
[    4.924131] usb usb7: SerialNumber: 0000:00:1d.2
[    4.924923] usb usb7: configuration #1 chosen from 1 choice
[    4.925043] hub 7-0:1.0: USB hub found
[    4.925137] hub 7-0:1.0: 2 ports detected
[    4.925295] sl811: driver sl811-hcd, 19 May 2005
[    4.925402] r8a66597_hcd: driver r8a66597_hcd, 2009-05-26
[    4.925572] Initializing USB Mass Storage driver...
[    4.925700] usbcore: registered new interface driver usb-storage
[    4.925800] USB Mass Storage support registered.
[    4.925911] usbcore: registered new interface driver ums-alauda
[    4.926019] usbcore: registered new interface driver ums-cypress
[    4.926126] usbcore: registered new interface driver ums-datafab
[    4.926236] usbcore: registered new interface driver ums-freecom
[    4.926347] usbcore: registered new interface driver ums-isd200
[    4.926455] usbcore: registered new interface driver ums-jumpshot
[    4.926565] usbcore: registered new interface driver ums-karma
[    4.926685] usbcore: registered new interface driver ums-onetouch
[    4.926811] usbcore: registered new interface driver ums-sddr09
[    4.926919] usbcore: registered new interface driver ums-sddr55
[    4.927032] usbcore: registered new interface driver ums-usbat
[    4.927185] PNP: PS/2 Controller [PNP0303:KBD,PNP0f13:MOU] at 0x60,0x64 irq 1,12
[    4.937010] serio: i8042 KBD port at 0x60,0x64 irq 1
[    4.937100] serio: i8042 AUX port at 0x60,0x64 irq 12
[    4.937345] mice: PS/2 mouse device common for all mice
[    4.937456] i2c /dev entries driver
[    4.937587] md: linear personality registered for level -1
[    4.937680] md: raid0 personality registered for level 0
[    4.937768] md: raid1 personality registered for level 1
[    4.937878] md: raid10 personality registered for level 10
[    4.937966] md: raid6 personality registered for level 6
[    4.938056] md: raid5 personality registered for level 5
[    4.938146] md: raid4 personality registered for level 4
[    4.938233] md: multipath personality registered for level -4
[    4.938422] device-mapper: ioctl: 4.15.0-ioctl (2009-04-01) initialised: dm-devel@redhat.com
[    4.938633] cpuidle: using governor ladder
[    4.939239] usbcore: registered new interface driver usbhid
[    4.939333] usbhid: v2.6:USB HID core driver
[    4.939490] random 0000 0000 0000 00000000 00000000: rand_read_num 4 get_random_bytes(136): sig 00000000 00000000 00000000
[    4.939493] random 0000 0000 0000 00000000 00000000: extract_entropy(.. 136 ..)
[    4.939495] random 0000 0000 0000 00000000 00000000: going to reseed nonblocking with 1024 bits (1088 of 0 requested)
[    4.939498] random 0000 0000 0000 00000000 00000000: extract_entropy(.. 128 ..)
[    4.939500] random 0000 0000 0000 00000000 00000000: trying to extract 1024 bits from input
[    4.939502] random 0000 0000 0000 00000000 00000000: debiting 0 entropy credits from input
[    4.939504] random 0000 0000 0000 00000000 00000000: extract_entropy account returned: 0 
[    4.939507] random 0000 0000 0000 00000000 00000000: urand_change_num 7 xfer_secondary_pool(136): pool_sig 00000000, data_sig 00000000, bytes_mixed 0 00000000 00000000
[    4.939510] random 0000 0000 0000 00000000 00000000: trying to extract 1088 bits from nonblocking
[    4.939512] random 0000 0000 0000 00000000 00000000: debiting 1088 entropy credits from nonblocking (unlimited)
[    4.939514] random 0000 0000 0000 00000000 00000000: extract_entropy account returned: 136 
[    4.939519] random 0000 0000 0000 00000000 00000000: urand_change_num 8 extract_buf: pool_sig 00000000, data_sig fffffff9, bytes_mixed 20 00000000 00000000
[    4.939524] random 0000 0000 0000 b7c35b56 be4dc95d: urand_change_num 9 extract_buf: pool_sig fffffd1e, data_sig 000000c5, bytes_mixed 20 b7c35b56 be4dc95d
[    4.939530] random 0000 0000 0000 ed9f5c47 c48487fb: urand_change_num 10 extract_buf: pool_sig fffff8ec, data_sig ffffff68, bytes_mixed 20 ed9f5c47 c48487fb
[    4.939535] random 0000 0000 0000 ed9f5c47 c48487fb: urand_change_num 11 extract_buf: pool_sig fffffaed, data_sig 000001aa, bytes_mixed 20 ed9f5c47 c48487fb
[    4.939540] random 0000 0000 0000 1b4f7c0a 91bd6a48: urand_change_num 12 extract_buf: pool_sig fffffdd8, data_sig 00000064, bytes_mixed 20 1b4f7c0a 91bd6a48
[    4.939545] random 0000 0000 0000 a254b9bc 20e9a24f: urand_change_num 13 extract_buf: pool_sig fffffbe6, data_sig 000001dd, bytes_mixed 20 a254b9bc 20e9a24f
[    4.939550] random 0000 0000 0000 a254b9bc 20e9a24f: urand_change_num 14 extract_buf: pool_sig fffff940, data_sig fffffe20, bytes_mixed 20 a254b9bc 20e9a24f
[    4.939555] random 0000 0000 0000 2831a66b 5fa2a3ad: urand_change_num 15 extract_buf: pool_sig fffffbce, data_sig 0000007e, bytes_mixed 20 2831a66b 5fa2a3ad
[    4.939561] random 0000 0000 0000 2831a66b 5fa2a3ad: urand_change_num 16 extract_buf: pool_sig 000004df, data_sig fffffe8f, bytes_mixed 20 2831a66b 5fa2a3ad
[    4.939566] random 0000 0000 0000 d4512bfd c9a54e0b: urand_change_num 17 extract_buf: pool_sig 00000485, data_sig fffffe68, bytes_mixed 20 d4512bfd c9a54e0b
[    4.939571] random 0000 0000 0000 c7371be6 f9ffea11: urand_change_num 18 extract_buf: pool_sig 00000095, data_sig ffffffed, bytes_mixed 20 c7371be6 f9ffea11
[    4.939576] random 0000 0000 0000 c7371be6 f9ffea11: urand_change_num 19 extract_buf: pool_sig 000003a7, data_sig fffffefa, bytes_mixed 20 c7371be6 f9ffea11
[    4.939581] random 0000 0000 0000 8fb4b62c d1ddba54: urand_change_num 20 extract_buf: pool_sig 00000179, data_sig ffffff78, bytes_mixed 20 8fb4b62c d1ddba54
[    4.939586] random 0000 0000 0000 9ff19f9c c07a1d2a: urand_change_num 21 extract_buf: pool_sig fffffe88, data_sig 00000126, bytes_mixed 20 9ff19f9c c07a1d2a
[    4.939591] TCP cubic registered
[    4.939685] Initializing XFRM netlink socket
[    4.939793] NET: Registered protocol family 17
[    4.939890] Using IPI Shortcut mode
[    4.939986] random 0000 0000 0000 9ff19f9c c07a1d2a: rand_read_num 5 get_random_bytes(8): sig 0000031b 9ff19f9c c07a1d2a
[    4.939988] random 0000 0000 0000 9ff19f9c c07a1d2a: extract_entropy(.. 8 ..)
[    4.939990] random 0000 0000 0000 9ff19f9c c07a1d2a: going to reseed nonblocking with 64 bits (64 of 0 requested)
[    4.939992] random 0000 0000 0000 9ff19f9c c07a1d2a: extract_entropy(.. 8 ..)
[    4.939994] random 0000 0000 0000 9ff19f9c c07a1d2a: trying to extract 64 bits from input
[    4.939996] random 0000 0000 0000 9ff19f9c c07a1d2a: debiting 0 entropy credits from input
[    4.939998] random 0000 0000 0000 9ff19f9c c07a1d2a: extract_entropy account returned: 0 
[    4.940002] random 0000 0000 0000 9ff19f9c c07a1d2a: urand_change_num 22 xfer_secondary_pool(8): pool_sig 0000031b, data_sig 00000000, bytes_mixed 0 9ff19f9c c07a1d2a
[    4.940004] random 0000 0000 0000 9ff19f9c c07a1d2a: trying to extract 64 bits from nonblocking
[    4.940007] random 0000 0000 0000 9ff19f9c c07a1d2a: debiting 64 entropy credits from nonblocking (unlimited)
[    4.940009] random 0000 0000 0000 9ff19f9c c07a1d2a: extract_entropy account returned: 8 
[    4.940013] random 0000 0000 0000 9ff19f9c c07a1d2a: urand_change_num 23 extract_buf: pool_sig 0000031b, data_sig ffffffb3, bytes_mixed 20 9ff19f9c c07a1d2a
[    4.942064] input: AT Translated Set 2 keyboard as /devices/platform/i8042/serio0/input/input1
[    5.130788] ata1: SATA link up 1.5 Gbps (SStatus 113 SControl 300)
[    5.130897] ata3: SATA link down (SStatus 0 SControl 300)
[    5.132830] ata1.00: ACPI cmd ef/02:00:00:00:00:a0 (SET FEATURES) succeeded
[    5.132833] ata1.00: ACPI cmd f5/00:00:00:00:00:a0 (SECURITY FREEZE LOCK) filtered out
[    5.134219] ata1.00: ACPI cmd ef/5f:00:00:00:00:a0 (SET FEATURES) succeeded
[    5.134222] ata1.00: ACPI cmd ef/10:03:00:00:00:a0 (SET FEATURES) filtered out
[    5.136135] ata1.00: ATA-7: ST910021AS, 4.06, max UDMA/100
[    5.136224] ata1.00: 195371568 sectors, multi 16: LBA48 
[    5.138373] ata1.00: ACPI cmd ef/02:00:00:00:00:a0 (SET FEATURES) succeeded
[    5.138375] ata1.00: ACPI cmd f5/00:00:00:00:00:a0 (SECURITY FREEZE LOCK) filtered out
[    5.139764] ata1.00: ACPI cmd ef/5f:00:00:00:00:a0 (SET FEATURES) succeeded
[    5.139767] ata1.00: ACPI cmd ef/10:03:00:00:00:a0 (SET FEATURES) filtered out
[    5.141693] ata1.00: configured for UDMA/100
[    5.152839] scsi 2:0:0:0: Direct-Access     ATA      ST910021AS       4.06 PQ: 0 ANSI: 5
[    5.153123] sd 2:0:0:0: [sda] 195371568 512-byte logical blocks: (100 GB/93.1 GiB)
[    5.153266] sd 2:0:0:0: [sda] Write Protect is off
[    5.153357] sd 2:0:0:0: [sda] Mode Sense: 00 3a 00 00
[    5.153369] sd 2:0:0:0: [sda] Write cache: enabled, read cache: enabled, doesn't support DPO or FUA
[    5.153559]  sda:
[    5.218776] usb 2-1: new high speed USB device using ehci_hcd and address 2
[    5.365964] usb 2-1: New USB device found, idVendor=0e8d, idProduct=1806
[    5.366057] usb 2-1: New USB device strings: Mfr=1, Product=2, SerialNumber=3
[    5.366143] usb 2-1: Product: MT1806 
[    5.366228] usb 2-1: Manufacturer: MediaTek Inc
[    5.366319] usb 2-1: SerialNumber: R8KN6GAC800AEB 
[    5.366457] usb 2-1: configuration #1 chosen from 1 choice
[    5.372880] scsi5 : SCSI emulation for USB Mass Storage devices
[    5.373050] usb-storage: device found at 2
[    5.373051] usb-storage: waiting for device to settle before scanning
[    5.557161]  sda1 sda2
[    5.557920] sd 2:0:0:0: [sda] Attached SCSI disk
[    5.558022] random 0000 0000 0000 277f73c3 42024bb9: rand_read_num 6 get_random_bytes(12): sig 000007e9 277f73c3 42024bb9
[    5.558024] random 0000 0000 0000 277f73c3 42024bb9: extract_entropy(.. 12 ..)
[    5.558027] random 0000 0000 0000 277f73c3 42024bb9: going to reseed nonblocking with 96 bits (96 of 0 requested)
[    5.558029] random 0000 0000 0000 277f73c3 42024bb9: extract_entropy(.. 12 ..)
[    5.558031] random 0000 0000 0000 277f73c3 42024bb9: trying to extract 96 bits from input
[    5.558033] random 0000 0000 0000 277f73c3 42024bb9: debiting 0 entropy credits from input
[    5.558035] random 0000 0000 0000 277f73c3 42024bb9: extract_entropy account returned: 0 
[    5.558038] random 0000 0000 0000 277f73c3 42024bb9: urand_change_num 24 xfer_secondary_pool(12): pool_sig 000007e9, data_sig 00000000, bytes_mixed 0 277f73c3 42024bb9
[    5.558041] random 0000 0000 0000 277f73c3 42024bb9: trying to extract 96 bits from nonblocking
[    5.558043] random 0000 0000 0000 277f73c3 42024bb9: debiting 96 entropy credits from nonblocking (unlimited)
[    5.558045] random 0000 0000 0000 277f73c3 42024bb9: extract_entropy account returned: 12 
[    5.558049] random 0000 0000 0000 277f73c3 42024bb9: urand_change_num 25 extract_buf: pool_sig 000007e9, data_sig 00000088, bytes_mixed 20 277f73c3 42024bb9
[    5.558055] random 0000 0000 0000 277f73c3 42024bb9: urand_change_num 26 extract_buf: pool_sig 00000498, data_sig fffffefb, bytes_mixed 20 277f73c3 42024bb9
[    5.558058] RANDOM - __seed init called.
[    5.558059] RANDOM - __seed init called.
[    5.558060] RANDOM - __seed init called.
[    5.558061] RANDOM - __random32 called. Change num 12.  Value: 87f14767	f0d7351	b1e48bd3
[    5.558063] RANDOM - random32_reseed called.  Value: 87f14767	f0d7351	b1e48bd3
[    5.558066] Pid: 1, comm: swapper Not tainted 2.6.32.57 #3
[    5.558160] Call Trace:
[    5.558258]  [<c1923ca4>] ? random32_reseed+0xa0/0xb1
[    5.558351]  [<c1923c04>] ? random32_reseed+0x0/0xb1
[    5.558449]  [<c100111e>] ? do_one_initcall+0x2e/0x180
[    5.558538]  [<c1907265>] ? kernel_init+0xad/0x103
[    5.558626]  [<c19071b8>] ? kernel_init+0x0/0x103
[    5.558715]  [<c1003787>] ? kernel_thread_helper+0x7/0x10
[    5.559239] random 0000 0000 0000 386b4e60 ee4d4880: rand_read_num 7 get_random_bytes(64): sig fffffea5 386b4e60 ee4d4880
[    5.559242] random 0000 0000 0000 386b4e60 ee4d4880: extract_entropy(.. 64 ..)
[    5.559244] random 0000 0000 0000 386b4e60 ee4d4880: going to reseed nonblocking with 512 bits (512 of 0 requested)
[    5.559246] random 0000 0000 0000 386b4e60 ee4d4880: extract_entropy(.. 64 ..)
[    5.559248] random 0000 0000 0000 386b4e60 ee4d4880: trying to extract 512 bits from input
[    5.559250] random 0000 0000 0000 386b4e60 ee4d4880: debiting 0 entropy credits from input
[    5.559252] random 0000 0000 0000 386b4e60 ee4d4880: extract_entropy account returned: 0 
[    5.559255] random 0000 0000 0000 386b4e60 ee4d4880: urand_change_num 27 xfer_secondary_pool(64): pool_sig fffffea5, data_sig 00000000, bytes_mixed 0 386b4e60 ee4d4880
[    5.559258] random 0000 0000 0000 386b4e60 ee4d4880: trying to extract 512 bits from nonblocking
[    5.559260] random 0000 0000 0000 386b4e60 ee4d4880: debiting 512 entropy credits from nonblocking (unlimited)
[    5.559263] random 0000 0000 0000 386b4e60 ee4d4880: extract_entropy account returned: 64 
[    5.559267] random 0000 0000 0000 386b4e60 ee4d4880: urand_change_num 28 extract_buf: pool_sig fffffea5, data_sig 00000173, bytes_mixed 20 386b4e60 ee4d4880
[    5.559272] random 0000 0000 0000 412698f6 0cc8689a: urand_change_num 29 extract_buf: pool_sig 00000122, data_sig ffffff63, bytes_mixed 20 412698f6 0cc8689a
[    5.559277] random 0000 0000 0000 412698f6 0cc8689a: urand_change_num 30 extract_buf: pool_sig 000001f7, data_sig 00000012, bytes_mixed 20 412698f6 0cc8689a
[    5.559283] random 0000 0000 0000 9669941e 06f768b1: urand_change_num 31 extract_buf: pool_sig fffffb5b, data_sig 0000003f, bytes_mixed 20 9669941e 06f768b1
[    5.559288] random 0000 0000 0000 98486520 995551f0: urand_change_num 32 extract_buf: pool_sig fffffb39, data_sig 0000000e, bytes_mixed 20 98486520 995551f0
[    5.559293] random 0000 0000 0000 98486520 995551f0: urand_change_num 33 extract_buf: pool_sig fffffd8d, data_sig 000001a6, bytes_mixed 20 98486520 995551f0
[    5.559298] random 0000 0000 0000 61fc8914 d5882ed2: urand_change_num 34 extract_buf: pool_sig fffffa58, data_sig 0000023e, bytes_mixed 20 61fc8914 d5882ed2
[    5.559327] random 0000 0000 0000 61fc8914 d5882ed2: rand_read_num 8 get_random_bytes(64): sig fffff9ee 61fc8914 d5882ed2
[    5.559330] random 0000 0000 0000 61fc8914 d5882ed2: extract_entropy(.. 64 ..)
[    5.559332] random 0000 0000 0000 61fc8914 d5882ed2: going to reseed nonblocking with 512 bits (512 of 0 requested)
[    5.559334] random 0000 0000 0000 61fc8914 d5882ed2: extract_entropy(.. 64 ..)
[    5.559336] random 0000 0000 0000 61fc8914 d5882ed2: trying to extract 512 bits from input
[    5.559338] random 0000 0000 0000 61fc8914 d5882ed2: debiting 0 entropy credits from input
[    5.559340] random 0000 0000 0000 61fc8914 d5882ed2: extract_entropy account returned: 0 
[    5.559343] random 0000 0000 0000 61fc8914 d5882ed2: urand_change_num 35 xfer_secondary_pool(64): pool_sig fffff9ee, data_sig 00000000, bytes_mixed 0 61fc8914 d5882ed2
[    5.559346] random 0000 0000 0000 61fc8914 d5882ed2: trying to extract 512 bits from nonblocking
[    5.559348] random 0000 0000 0000 61fc8914 d5882ed2: debiting 512 entropy credits from nonblocking (unlimited)
[    5.559350] random 0000 0000 0000 61fc8914 d5882ed2: extract_entropy account returned: 64 
[    5.559354] random 0000 0000 0000 61fc8914 d5882ed2: urand_change_num 36 extract_buf: pool_sig fffff9ee, data_sig ffffff85, bytes_mixed 20 61fc8914 d5882ed2
[    5.559360] random 0000 0000 0000 70cfd302 e5edec11: urand_change_num 37 extract_buf: pool_sig fffffdc1, data_sig ffffffde, bytes_mixed 20 70cfd302 e5edec11
[    5.559365] random 0000 0000 0000 00dab838 eafd2b30: urand_change_num 38 extract_buf: pool_sig 000003da, data_sig ffffff61, bytes_mixed 20 00dab838 eafd2b30
[    5.559370] random 0000 0000 0000 00dab838 eafd2b30: urand_change_num 39 extract_buf: pool_sig 00000314, data_sig 00000121, bytes_mixed 20 00dab838 eafd2b30
[    5.559375] random 0000 0000 0000 5fcdf66a 6442b608: urand_change_num 40 extract_buf: pool_sig 0000028b, data_sig fffffefd, bytes_mixed 20 5fcdf66a 6442b608
[    5.559380] random 0000 0000 0000 61333f6b 8fae0f9b: urand_change_num 41 extract_buf: pool_sig 000000cb, data_sig 000000b3, bytes_mixed 20 61333f6b 8fae0f9b
[    5.559386] random 0000 0000 0000 61333f6b 8fae0f9b: urand_change_num 42 extract_buf: pool_sig fffffef8, data_sig 00000051, bytes_mixed 20 61333f6b 8fae0f9b
[    5.559388] BEGIN NET_SECRET:
[    5.559389] \xffffffe0
[    5.559390] \xffffffb6
[    5.559391] \x36
[    5.559392] \xffffffb5
[    5.559393] \xffffff94
[    5.559394] \xffffffb2
[    5.559394] \xffffffa8
[    5.559395] \xffffffda
[    5.559396] \x5b
[    5.559397] \x19
[    5.559397] \x18
[    5.559398] \x5c
[    5.559399] \x2b
[    5.559400] \x1
[    5.559400] \xffffff90
[    5.559401] \x19
[    5.559402] \x3c
[    5.559402] \xfffffff2
[    5.559403] \xffffff82
[    5.559404] \x2a
[    5.559405] \xffffffb3
[    5.559406] \xffffffa2
[    5.559406] \x3f
[    5.559407] \x5
[    5.559408] \x52
[    5.559409] \x77
[    5.559409] \x57
[    5.559410] \x79
[    5.559411] \x16
[    5.559411] \x43
[    5.559412] \xffffff84
[    5.559413] \xffffffc3
[    5.559414] \xffffffe9
[    5.559414] \x79
[    5.559415] \x50
[    5.559416] \xffffff8e
[    5.559417] \x3f
[    5.559417] \xfffffff3
[    5.559418] \x19
[    5.559419] \x2a
[    5.559420] \xfffffffd
[    5.559420] \xfffffffb
[    5.559421] \x62
[    5.559422] \x3c
[    5.559423] \xffffffac
[    5.559423] \x1c
[    5.559424] \x3b
[    5.559425] \x3b
[    5.559425] \x15
[    5.559426] \x27
[    5.559427] \xffffffa8
[    5.559428] \x22
[    5.559428] \xffffffc5
[    5.559429] \xffffff9a
[    5.559430] \x5
[    5.559431] \x6c
[    5.559431] \xffffffa8
[    5.559432] \x3a
[    5.559433] \x44
[    5.559434] \xffffffaf
[    5.559434] \x13
[    5.559435] \xffffffe0
[    5.559436] \xffffff9d
[    5.559437] \x22
[    5.559437] 
[    5.559438] END NET_SECRET
[    5.559441] random 0000 0000 0000 e7f555d9 e8ce5c3c: rand_read_num 9 get_random_bytes(4): sig 0000068c e7f555d9 e8ce5c3c
[    5.559443] random 0000 0000 0000 e7f555d9 e8ce5c3c: extract_entropy(.. 4 ..)
[    5.559445] random 0000 0000 0000 e7f555d9 e8ce5c3c: going to reseed nonblocking with 64 bits (32 of 0 requested)
[    5.559447] random 0000 0000 0000 e7f555d9 e8ce5c3c: extract_entropy(.. 8 ..)
[    5.559449] random 0000 0000 0000 e7f555d9 e8ce5c3c: trying to extract 64 bits from input
[    5.559451] random 0000 0000 0000 e7f555d9 e8ce5c3c: debiting 0 entropy credits from input
[    5.559453] random 0000 0000 0000 e7f555d9 e8ce5c3c: extract_entropy account returned: 0 
[    5.559456] random 0000 0000 0000 e7f555d9 e8ce5c3c: urand_change_num 43 xfer_secondary_pool(4): pool_sig 0000068c, data_sig 00000000, bytes_mixed 0 e7f555d9 e8ce5c3c
[    5.559459] random 0000 0000 0000 e7f555d9 e8ce5c3c: trying to extract 32 bits from nonblocking
[    5.559461] random 0000 0000 0000 e7f555d9 e8ce5c3c: debiting 32 entropy credits from nonblocking (unlimited)
[    5.559463] random 0000 0000 0000 e7f555d9 e8ce5c3c: extract_entropy account returned: 4 
[    5.559467] random 0000 0000 0000 e7f555d9 e8ce5c3c: urand_change_num 44 extract_buf: pool_sig 0000068c, data_sig fffffdcb, bytes_mixed 20 e7f555d9 e8ce5c3c
[    5.559479] md: Waiting for all devices to be available before autodetect
[    5.559568] md: If you don't use raid, use raid=noautodetect
[    5.559740] md: Autodetecting RAID arrays.
[    5.559836] md: Scanned 0 and added 0 devices.
[    5.559925] md: autorun ...
[    5.560017] md: ... autorun DONE.
[    5.574607] EXT3-fs: sda2: couldn't mount because of unsupported optional features (240).
[    5.574837] EXT2-fs: sda2: couldn't mount because of unsupported optional features (240).
[    5.576118] random 0000 0000 0000 e7f555d9 e8ce5c3c: rand_read_num 10 get_random_bytes(4): sig ffffff72 e7f555d9 e8ce5c3c
[    5.576121] random 0000 0000 0000 e7f555d9 e8ce5c3c: extract_entropy(.. 4 ..)
[    5.576123] random 0000 0000 0000 e7f555d9 e8ce5c3c: going to reseed nonblocking with 64 bits (32 of 0 requested)
[    5.576125] random 0000 0000 0000 e7f555d9 e8ce5c3c: extract_entropy(.. 8 ..)
[    5.576127] random 0000 0000 0000 e7f555d9 e8ce5c3c: trying to extract 64 bits from input
[    5.576129] random 0000 0000 0000 e7f555d9 e8ce5c3c: debiting 0 entropy credits from input
[    5.576131] random 0000 0000 0000 e7f555d9 e8ce5c3c: extract_entropy account returned: 0 
[    5.576134] random 0000 0000 0000 e7f555d9 e8ce5c3c: urand_change_num 45 xfer_secondary_pool(4): pool_sig ffffff72, data_sig 00000000, bytes_mixed 0 e7f555d9 e8ce5c3c
[    5.576137] random 0000 0000 0000 e7f555d9 e8ce5c3c: trying to extract 32 bits from nonblocking
[    5.576139] random 0000 0000 0000 e7f555d9 e8ce5c3c: debiting 32 entropy credits from nonblocking (unlimited)
[    5.576142] random 0000 0000 0000 e7f555d9 e8ce5c3c: extract_entropy account returned: 4 
[    5.576146] random 0000 0000 0000 e7f555d9 e8ce5c3c: urand_change_num 46 extract_buf: pool_sig ffffff72, data_sig ffffff72, bytes_mixed 20 e7f555d9 e8ce5c3c
[    5.611291] EXT4-fs (sda2): mounted filesystem with ordered data mode
[    5.611506] VFS: Mounted root (ext4 filesystem) readonly on device 8:2.
[    5.611610] Freeing unused kernel memory: 448k freed
[    5.690241] random 0000 0000 0000 91716c54 eeb6a1e7: rand_read_num 11 get_random_bytes(16): sig fffffcad 91716c54 eeb6a1e7
[    5.690244] random 0000 0000 0000 91716c54 eeb6a1e7: extract_entropy(.. 16 ..)
[    5.690246] random 0000 0000 0000 91716c54 eeb6a1e7: going to reseed nonblocking with 128 bits (128 of 0 requested)
[    5.690248] random 0000 0000 0000 91716c54 eeb6a1e7: extract_entropy(.. 16 ..)
[    5.690250] random 0000 0000 0000 91716c54 eeb6a1e7: trying to extract 128 bits from input
[    5.690253] random 0000 0000 0000 91716c54 eeb6a1e7: debiting 0 entropy credits from input
[    5.690254] random 0000 0000 0000 91716c54 eeb6a1e7: extract_entropy account returned: 0 
[    5.690258] random 0000 0000 0000 91716c54 eeb6a1e7: urand_change_num 47 xfer_secondary_pool(16): pool_sig fffffcad, data_sig 00000000, bytes_mixed 0 91716c54 eeb6a1e7
[    5.690260] random 0000 0000 0000 91716c54 eeb6a1e7: trying to extract 128 bits from nonblocking
[    5.690263] random 0000 0000 0000 91716c54 eeb6a1e7: debiting 128 entropy credits from nonblocking (unlimited)
[    5.690265] random 0000 0000 0000 91716c54 eeb6a1e7: extract_entropy account returned: 16 
[    5.690269] random 0000 0000 0000 91716c54 eeb6a1e7: urand_change_num 48 extract_buf: pool_sig fffffcad, data_sig ffffff19, bytes_mixed 20 91716c54 eeb6a1e7
[    5.690274] random 0000 0000 0000 fd637b06 6cf47bc1: urand_change_num 49 extract_buf: pool_sig fffffede, data_sig ffffffc1, bytes_mixed 20 fd637b06 6cf47bc1
[    5.785311] random 0000 0000 0000 fd637b06 6cf47bc1: rand_read_num 12 get_random_bytes(16): sig 0000033b fd637b06 6cf47bc1
[    5.785314] random 0000 0000 0000 fd637b06 6cf47bc1: extract_entropy(.. 16 ..)
[    5.785317] random 0000 0000 0000 fd637b06 6cf47bc1: going to reseed nonblocking with 128 bits (128 of 0 requested)
[    5.785319] random 0000 0000 0000 fd637b06 6cf47bc1: extract_entropy(.. 16 ..)
[    5.785321] random 0000 0000 0000 fd637b06 6cf47bc1: trying to extract 128 bits from input
[    5.785323] random 0000 0000 0000 fd637b06 6cf47bc1: debiting 0 entropy credits from input
[    5.785325] random 0000 0000 0000 fd637b06 6cf47bc1: extract_entropy account returned: 0 
[    5.785328] random 0000 0000 0000 fd637b06 6cf47bc1: urand_change_num 50 xfer_secondary_pool(16): pool_sig 0000033b, data_sig 00000000, bytes_mixed 0 fd637b06 6cf47bc1
[    5.785331] random 0000 0000 0000 fd637b06 6cf47bc1: trying to extract 128 bits from nonblocking
[    5.785333] random 0000 0000 0000 fd637b06 6cf47bc1: debiting 128 entropy credits from nonblocking (unlimited)
[    5.785335] random 0000 0000 0000 fd637b06 6cf47bc1: extract_entropy account returned: 16 
[    5.785340] random 0000 0000 0000 fd637b06 6cf47bc1: urand_change_num 51 extract_buf: pool_sig 0000033b, data_sig 000000d8, bytes_mixed 20 fd637b06 6cf47bc1
[    5.785345] random 0000 0000 0000 0ec1f012 d4727ca8: urand_change_num 52 extract_buf: pool_sig fffffcf5, data_sig 00000016, bytes_mixed 20 0ec1f012 d4727ca8
[    6.165182] ieee1394: Host added: ID:BUS[0-00:1023]  GUID[00061b032a25f51c]
[    6.175873] random 0000 0000 0000 45b1d0b1 845a73f7: rand_read_num 13 get_random_bytes(16): sig 00000116 45b1d0b1 845a73f7
[    6.175876] random 0000 0000 0000 45b1d0b1 845a73f7: extract_entropy(.. 16 ..)
[    6.175878] random 0000 0000 0000 45b1d0b1 845a73f7: going to reseed nonblocking with 128 bits (128 of 0 requested)
[    6.175881] random 0000 0000 0000 45b1d0b1 845a73f7: extract_entropy(.. 16 ..)
[    6.175883] random 0000 0000 0000 45b1d0b1 845a73f7: trying to extract 128 bits from input
[    6.175885] random 0000 0000 0000 45b1d0b1 845a73f7: debiting 0 entropy credits from input
[    6.175887] random 0000 0000 0000 45b1d0b1 845a73f7: extract_entropy account returned: 0 
[    6.175890] random 0000 0000 0000 45b1d0b1 845a73f7: urand_change_num 53 xfer_secondary_pool(16): pool_sig 00000116, data_sig 00000000, bytes_mixed 0 45b1d0b1 845a73f7
[    6.175893] random 0000 0000 0000 45b1d0b1 845a73f7: trying to extract 128 bits from nonblocking
[    6.175895] random 0000 0000 0000 45b1d0b1 845a73f7: debiting 128 entropy credits from nonblocking (unlimited)
[    6.175897] random 0000 0000 0000 45b1d0b1 845a73f7: extract_entropy account returned: 16 
[    6.175901] random 0000 0000 0000 45b1d0b1 845a73f7: urand_change_num 54 extract_buf: pool_sig 00000116, data_sig fffffd8b, bytes_mixed 20 45b1d0b1 845a73f7
[    6.175907] random 0000 0000 0000 45b1d0b1 845a73f7: urand_change_num 55 extract_buf: pool_sig fffffc05, data_sig 00000109, bytes_mixed 20 45b1d0b1 845a73f7
[    6.228370] random 0000 0000 0000 5012cce3 b8a30621: rand_read_num 14 get_random_bytes(16): sig fffffb93 5012cce3 b8a30621
[    6.228373] random 0000 0000 0000 5012cce3 b8a30621: extract_entropy(.. 16 ..)
[    6.228376] random 0000 0000 0000 5012cce3 b8a30621: going to reseed nonblocking with 128 bits (128 of 0 requested)
[    6.228378] random 0000 0000 0000 5012cce3 b8a30621: extract_entropy(.. 16 ..)
[    6.228380] random 0000 0000 0000 5012cce3 b8a30621: trying to extract 128 bits from input
[    6.228382] random 0000 0000 0000 5012cce3 b8a30621: debiting 0 entropy credits from input
[    6.228384] random 0000 0000 0000 5012cce3 b8a30621: extract_entropy account returned: 0 
[    6.228387] random 0000 0000 0000 5012cce3 b8a30621: urand_change_num 56 xfer_secondary_pool(16): pool_sig fffffb93, data_sig 00000000, bytes_mixed 0 5012cce3 b8a30621
[    6.228390] random 0000 0000 0000 5012cce3 b8a30621: trying to extract 128 bits from nonblocking
[    6.228392] random 0000 0000 0000 5012cce3 b8a30621: debiting 128 entropy credits from nonblocking (unlimited)
[    6.228395] random 0000 0000 0000 5012cce3 b8a30621: extract_entropy account returned: 16 
[    6.228399] random 0000 0000 0000 5012cce3 b8a30621: urand_change_num 57 extract_buf: pool_sig fffffb93, data_sig ffffff35, bytes_mixed 20 5012cce3 b8a30621
[    6.228404] random 0000 0000 0000 5012cce3 b8a30621: urand_change_num 58 extract_buf: pool_sig fffffb9d, data_sig ffffff92, bytes_mixed 20 5012cce3 b8a30621
[    6.229771] random 0000 0000 0000 30a5721d 4b648ff6: rand_read_num 15 get_random_bytes(16): sig fffffeb5 30a5721d 4b648ff6
[    6.229774] random 0000 0000 0000 30a5721d 4b648ff6: extract_entropy(.. 16 ..)
[    6.229777] random 0000 0000 0000 30a5721d 4b648ff6: going to reseed nonblocking with 128 bits (128 of 0 requested)
[    6.229779] random 0000 0000 0000 30a5721d 4b648ff6: extract_entropy(.. 16 ..)
[    6.229781] random 0000 0000 0000 30a5721d 4b648ff6: trying to extract 128 bits from input
[    6.229783] random 0000 0000 0000 30a5721d 4b648ff6: debiting 0 entropy credits from input
[    6.229785] random 0000 0000 0000 30a5721d 4b648ff6: extract_entropy account returned: 0 
[    6.229788] random 0000 0000 0000 30a5721d 4b648ff6: urand_change_num 59 xfer_secondary_pool(16): pool_sig fffffeb5, data_sig 00000000, bytes_mixed 0 30a5721d 4b648ff6
[    6.229791] random 0000 0000 0000 30a5721d 4b648ff6: trying to extract 128 bits from nonblocking
[    6.229794] random 0000 0000 0000 30a5721d 4b648ff6: debiting 128 entropy credits from nonblocking (unlimited)
[    6.229796] random 0000 0000 0000 30a5721d 4b648ff6: extract_entropy account returned: 16 
[    6.229800] random 0000 0000 0000 30a5721d 4b648ff6: urand_change_num 60 extract_buf: pool_sig fffffeb5, data_sig 000000c2, bytes_mixed 20 30a5721d 4b648ff6
[    6.229805] random 0000 0000 0000 89bae1ab 704c432f: urand_change_num 61 extract_buf: pool_sig 0000006e, data_sig fffffefc, bytes_mixed 20 89bae1ab 704c432f
[    6.230348] random 0000 0000 0000 89bae1ab 704c432f: rand_read_num 16 get_random_bytes(16): sig fffffd99 89bae1ab 704c432f
[    6.230351] random 0000 0000 0000 89bae1ab 704c432f: extract_entropy(.. 16 ..)
[    6.230353] random 0000 0000 0000 89bae1ab 704c432f: going to reseed nonblocking with 128 bits (128 of 0 requested)
[    6.230356] random 0000 0000 0000 89bae1ab 704c432f: extract_entropy(.. 16 ..)
[    6.230358] random 0000 0000 0000 89bae1ab 704c432f: trying to extract 128 bits from input
[    6.230360] random 0000 0000 0000 89bae1ab 704c432f: debiting 0 entropy credits from input
[    6.230362] random 0000 0000 0000 89bae1ab 704c432f: extract_entropy account returned: 0 
[    6.230365] random 0000 0000 0000 89bae1ab 704c432f: urand_change_num 62 xfer_secondary_pool(16): pool_sig fffffd99, data_sig 00000000, bytes_mixed 0 89bae1ab 704c432f
[    6.230368] random 0000 0000 0000 89bae1ab 704c432f: trying to extract 128 bits from nonblocking
[    6.230370] random 0000 0000 0000 89bae1ab 704c432f: debiting 128 entropy credits from nonblocking (unlimited)
[    6.230372] random 0000 0000 0000 89bae1ab 704c432f: extract_entropy account returned: 16 
[    6.230377] random 0000 0000 0000 89bae1ab 704c432f: urand_change_num 63 extract_buf: pool_sig fffffd99, data_sig 00000204, bytes_mixed 20 89bae1ab 704c432f
[    6.230382] random 0000 0000 0000 6c298a02 2b1539f8: urand_change_num 64 extract_buf: pool_sig 00000124, data_sig fffffff5, bytes_mixed 20 6c298a02 2b1539f8
[    6.231280] random 0000 0000 0000 c77b8b35 70f6cab5: rand_read_num 17 get_random_bytes(16): sig 0000036b c77b8b35 70f6cab5
[    6.231282] random 0000 0000 0000 c77b8b35 70f6cab5: extract_entropy(.. 16 ..)
[    6.231285] random 0000 0000 0000 c77b8b35 70f6cab5: going to reseed nonblocking with 128 bits (128 of 0 requested)
[    6.231287] random 0000 0000 0000 c77b8b35 70f6cab5: extract_entropy(.. 16 ..)
[    6.231289] random 0000 0000 0000 c77b8b35 70f6cab5: trying to extract 128 bits from input
[    6.231291] random 0000 0000 0000 c77b8b35 70f6cab5: debiting 0 entropy credits from input
[    6.231293] random 0000 0000 0000 c77b8b35 70f6cab5: extract_entropy account returned: 0 
[    6.231297] random 0000 0000 0000 c77b8b35 70f6cab5: urand_change_num 65 xfer_secondary_pool(16): pool_sig 0000036b, data_sig 00000000, bytes_mixed 0 c77b8b35 70f6cab5
[    6.231300] random 0000 0000 0000 c77b8b35 70f6cab5: trying to extract 128 bits from nonblocking
[    6.231302] random 0000 0000 0000 c77b8b35 70f6cab5: debiting 128 entropy credits from nonblocking (unlimited)
[    6.231304] random 0000 0000 0000 c77b8b35 70f6cab5: extract_entropy account returned: 16 
[    6.231308] random 0000 0000 0000 c77b8b35 70f6cab5: urand_change_num 66 extract_buf: pool_sig 0000036b, data_sig 0000005f, bytes_mixed 20 c77b8b35 70f6cab5
[    6.231314] random 0000 0000 0000 c77b8b35 70f6cab5: urand_change_num 67 extract_buf: pool_sig ffffff1c, data_sig 0000005a, bytes_mixed 20 c77b8b35 70f6cab5
[    6.231907] random 0000 0000 0000 af21d212 57d20ca3: rand_read_num 18 get_random_bytes(16): sig fffffb7f af21d212 57d20ca3
[    6.231910] random 0000 0000 0000 af21d212 57d20ca3: extract_entropy(.. 16 ..)
[    6.231912] random 0000 0000 0000 af21d212 57d20ca3: going to reseed nonblocking with 128 bits (128 of 0 requested)
[    6.231915] random 0000 0000 0000 af21d212 57d20ca3: extract_entropy(.. 16 ..)
[    6.231917] random 0000 0000 0000 af21d212 57d20ca3: trying to extract 128 bits from input
[    6.231919] random 0000 0000 0000 af21d212 57d20ca3: debiting 0 entropy credits from input
[    6.231921] random 0000 0000 0000 af21d212 57d20ca3: extract_entropy account returned: 0 
[    6.231924] random 0000 0000 0000 af21d212 57d20ca3: urand_change_num 68 xfer_secondary_pool(16): pool_sig fffffb7f, data_sig 00000000, bytes_mixed 0 af21d212 57d20ca3
[    6.231927] random 0000 0000 0000 af21d212 57d20ca3: trying to extract 128 bits from nonblocking
[    6.231929] random 0000 0000 0000 af21d212 57d20ca3: debiting 128 entropy credits from nonblocking (unlimited)
[    6.231931] random 0000 0000 0000 af21d212 57d20ca3: extract_entropy account returned: 16 
[    6.231935] random 0000 0000 0000 af21d212 57d20ca3: urand_change_num 69 extract_buf: pool_sig fffffb7f, data_sig ffffff88, bytes_mixed 20 af21d212 57d20ca3
[    6.231941] random 0000 0000 0000 af21d212 57d20ca3: urand_change_num 70 extract_buf: pool_sig fffffe1d, data_sig ffffff17, bytes_mixed 20 af21d212 57d20ca3
[    6.232527] random 0000 0000 0000 ffbd26fd 21933274: rand_read_num 19 get_random_bytes(16): sig ffffffc7 ffbd26fd 21933274
[    6.232529] random 0000 0000 0000 ffbd26fd 21933274: extract_entropy(.. 16 ..)
[    6.232532] random 0000 0000 0000 ffbd26fd 21933274: going to reseed nonblocking with 128 bits (128 of 0 requested)
[    6.232534] random 0000 0000 0000 ffbd26fd 21933274: extract_entropy(.. 16 ..)
[    6.232536] random 0000 0000 0000 ffbd26fd 21933274: trying to extract 128 bits from input
[    6.232539] random 0000 0000 0000 ffbd26fd 21933274: debiting 0 entropy credits from input
[    6.232541] random 0000 0000 0000 ffbd26fd 21933274: extract_entropy account returned: 0 
[    6.232544] random 0000 0000 0000 ffbd26fd 21933274: urand_change_num 71 xfer_secondary_pool(16): pool_sig ffffffc7, data_sig 00000000, bytes_mixed 0 ffbd26fd 21933274
[    6.232546] random 0000 0000 0000 ffbd26fd 21933274: trying to extract 128 bits from nonblocking
[    6.232549] random 0000 0000 0000 ffbd26fd 21933274: debiting 128 entropy credits from nonblocking (unlimited)
[    6.232551] random 0000 0000 0000 ffbd26fd 21933274: extract_entropy account returned: 16 
[    6.232555] random 0000 0000 0000 ffbd26fd 21933274: urand_change_num 72 extract_buf: pool_sig ffffffc7, data_sig 0000013b, bytes_mixed 20 ffbd26fd 21933274
[    6.232561] random 0000 0000 0000 151530a2 56c65dd3: urand_change_num 73 extract_buf: pool_sig ffffffbf, data_sig 00000036, bytes_mixed 20 151530a2 56c65dd3
[    6.233121] random 0000 0000 0000 151530a2 56c65dd3: rand_read_num 20 get_random_bytes(16): sig 000001a7 151530a2 56c65dd3
[    6.233124] random 0000 0000 0000 151530a2 56c65dd3: extract_entropy(.. 16 ..)
[    6.233126] random 0000 0000 0000 151530a2 56c65dd3: going to reseed nonblocking with 128 bits (128 of 0 requested)
[    6.233128] random 0000 0000 0000 151530a2 56c65dd3: extract_entropy(.. 16 ..)
[    6.233130] random 0000 0000 0000 151530a2 56c65dd3: trying to extract 128 bits from input
[    6.233133] random 0000 0000 0000 151530a2 56c65dd3: debiting 0 entropy credits from input
[    6.233135] random 0000 0000 0000 151530a2 56c65dd3: extract_entropy account returned: 0 
[    6.233138] random 0000 0000 0000 151530a2 56c65dd3: urand_change_num 74 xfer_secondary_pool(16): pool_sig 000001a7, data_sig 00000000, bytes_mixed 0 151530a2 56c65dd3
[    6.233141] random 0000 0000 0000 151530a2 56c65dd3: trying to extract 128 bits from nonblocking
[    6.233143] random 0000 0000 0000 151530a2 56c65dd3: debiting 128 entropy credits from nonblocking (unlimited)
[    6.233145] random 0000 0000 0000 151530a2 56c65dd3: extract_entropy account returned: 16 
[    6.233149] random 0000 0000 0000 151530a2 56c65dd3: urand_change_num 75 extract_buf: pool_sig 000001a7, data_sig ffffffa1, bytes_mixed 20 151530a2 56c65dd3
[    6.233155] random 0000 0000 0000 5d3e132e d9a77eb3: urand_change_num 76 extract_buf: pool_sig fffffcc9, data_sig 00000013, bytes_mixed 20 5d3e132e d9a77eb3
[    6.284179] random 0000 0000 0000 264837ad 0a28fef5: rand_read_num 21 get_random_bytes(16): sig ffffffd0 264837ad 0a28fef5
[    6.284182] random 0000 0000 0000 264837ad 0a28fef5: extract_entropy(.. 16 ..)
[    6.284185] random 0000 0000 0000 264837ad 0a28fef5: going to reseed nonblocking with 128 bits (128 of 0 requested)
[    6.284187] random 0000 0000 0000 264837ad 0a28fef5: extract_entropy(.. 16 ..)
[    6.284190] random 0000 0000 0000 264837ad 0a28fef5: trying to extract 128 bits from input
[    6.284192] random 0000 0000 0000 264837ad 0a28fef5: debiting 0 entropy credits from input
[    6.284194] random 0000 0000 0000 264837ad 0a28fef5: extract_entropy account returned: 0 
[    6.284197] random 0000 0000 0000 264837ad 0a28fef5: urand_change_num 77 xfer_secondary_pool(16): pool_sig ffffffd0, data_sig 00000000, bytes_mixed 0 264837ad 0a28fef5
[    6.284200] random 0000 0000 0000 264837ad 0a28fef5: trying to extract 128 bits from nonblocking
[    6.284202] random 0000 0000 0000 264837ad 0a28fef5: debiting 128 entropy credits from nonblocking (unlimited)
[    6.284204] random 0000 0000 0000 264837ad 0a28fef5: extract_entropy account returned: 16 
[    6.284209] random 0000 0000 0000 264837ad 0a28fef5: urand_change_num 78 extract_buf: pool_sig ffffffd0, data_sig 0000017b, bytes_mixed 20 264837ad 0a28fef5
[    6.284214] random 0000 0000 0000 264837ad 0a28fef5: urand_change_num 79 extract_buf: pool_sig 0000045c, data_sig 000001df, bytes_mixed 20 264837ad 0a28fef5
[    6.285673] random 0000 0000 0000 f37f7344 164aede0: rand_read_num 22 get_random_bytes(16): sig 000003c2 f37f7344 164aede0
[    6.285676] random 0000 0000 0000 f37f7344 164aede0: extract_entropy(.. 16 ..)
[    6.285678] random 0000 0000 0000 f37f7344 164aede0: going to reseed nonblocking with 128 bits (128 of 0 requested)
[    6.285681] random 0000 0000 0000 f37f7344 164aede0: extract_entropy(.. 16 ..)
[    6.285683] random 0000 0000 0000 f37f7344 164aede0: trying to extract 128 bits from input
[    6.285685] random 0000 0000 0000 f37f7344 164aede0: debiting 0 entropy credits from input
[    6.285687] random 0000 0000 0000 f37f7344 164aede0: extract_entropy account returned: 0 
[    6.285690] random 0000 0000 0000 f37f7344 164aede0: urand_change_num 80 xfer_secondary_pool(16): pool_sig 000003c2, data_sig 00000000, bytes_mixed 0 f37f7344 164aede0
[    6.285693] random 0000 0000 0000 f37f7344 164aede0: trying to extract 128 bits from nonblocking
[    6.285695] random 0000 0000 0000 f37f7344 164aede0: debiting 128 entropy credits from nonblocking (unlimited)
[    6.285697] random 0000 0000 0000 f37f7344 164aede0: extract_entropy account returned: 16 
[    6.285701] random 0000 0000 0000 f37f7344 164aede0: urand_change_num 81 extract_buf: pool_sig 000003c2, data_sig ffffff6c, bytes_mixed 20 f37f7344 164aede0
[    6.285707] random 0000 0000 0000 f37f7344 164aede0: urand_change_num 82 extract_buf: pool_sig fffffdfc, data_sig 00000091, bytes_mixed 20 f37f7344 164aede0
[    6.308482] random 0000 0000 0000 a4794863 878070c1: rand_read_num 23 get_random_bytes(16): sig 0000011b a4794863 878070c1
[    6.308485] random 0000 0000 0000 a4794863 878070c1: extract_entropy(.. 16 ..)
[    6.308487] random 0000 0000 0000 a4794863 878070c1: going to reseed nonblocking with 128 bits (128 of 0 requested)
[    6.308490] random 0000 0000 0000 a4794863 878070c1: extract_entropy(.. 16 ..)
[    6.308492] random 0000 0000 0000 a4794863 878070c1: trying to extract 128 bits from input
[    6.308494] random 0000 0000 0000 a4794863 878070c1: debiting 0 entropy credits from input
[    6.308496] random 0000 0000 0000 a4794863 878070c1: extract_entropy account returned: 0 
[    6.308499] random 0000 0000 0000 a4794863 878070c1: urand_change_num 83 xfer_secondary_pool(16): pool_sig 0000011b, data_sig 00000000, bytes_mixed 0 a4794863 878070c1
[    6.308502] random 0000 0000 0000 a4794863 878070c1: trying to extract 128 bits from nonblocking
[    6.308504] random 0000 0000 0000 a4794863 878070c1: debiting 128 entropy credits from nonblocking (unlimited)
[    6.308506] random 0000 0000 0000 a4794863 878070c1: extract_entropy account returned: 16 
[    6.308510] random 0000 0000 0000 a4794863 878070c1: urand_change_num 84 extract_buf: pool_sig 0000011b, data_sig ffffff51, bytes_mixed 20 a4794863 878070c1
[    6.308516] random 0000 0000 0000 737f19b4 9417d8ab: urand_change_num 85 extract_buf: pool_sig 000001a3, data_sig 0000006c, bytes_mixed 20 737f19b4 9417d8ab
[    6.312577] random 0000 0000 0000 737f19b4 9417d8ab: rand_read_num 24 get_random_bytes(16): sig fffffe22 737f19b4 9417d8ab
[    6.312579] random 0000 0000 0000 737f19b4 9417d8ab: extract_entropy(.. 16 ..)
[    6.312582] random 0000 0000 0000 737f19b4 9417d8ab: going to reseed nonblocking with 128 bits (128 of 0 requested)
[    6.312584] random 0000 0000 0000 737f19b4 9417d8ab: extract_entropy(.. 16 ..)
[    6.312586] random 0000 0000 0000 737f19b4 9417d8ab: trying to extract 128 bits from input
[    6.312588] random 0000 0000 0000 737f19b4 9417d8ab: debiting 0 entropy credits from input
[    6.312590] random 0000 0000 0000 737f19b4 9417d8ab: extract_entropy account returned: 0 
[    6.312593] random 0000 0000 0000 737f19b4 9417d8ab: urand_change_num 86 xfer_secondary_pool(16): pool_sig fffffe22, data_sig 00000000, bytes_mixed 0 737f19b4 9417d8ab
[    6.312596] random 0000 0000 0000 737f19b4 9417d8ab: trying to extract 128 bits from nonblocking
[    6.312598] random 0000 0000 0000 737f19b4 9417d8ab: debiting 128 entropy credits from nonblocking (unlimited)
[    6.312601] random 0000 0000 0000 737f19b4 9417d8ab: extract_entropy account returned: 16 
[    6.312605] random 0000 0000 0000 737f19b4 9417d8ab: urand_change_num 87 extract_buf: pool_sig fffffe22, data_sig 00000230, bytes_mixed 20 737f19b4 9417d8ab
[    6.312610] random 0000 0000 0000 4deb0d06 1236af4c: urand_change_num 88 extract_buf: pool_sig 000000b6, data_sig ffffff44, bytes_mixed 20 4deb0d06 1236af4c
[    6.313603] random 0000 0000 0000 b538fadc 4a7613df: rand_read_num 25 get_random_bytes(16): sig 0000013c b538fadc 4a7613df
[    6.313606] random 0000 0000 0000 b538fadc 4a7613df: extract_entropy(.. 16 ..)
[    6.313609] random 0000 0000 0000 b538fadc 4a7613df: going to reseed nonblocking with 128 bits (128 of 0 requested)
[    6.313611] random 0000 0000 0000 b538fadc 4a7613df: extract_entropy(.. 16 ..)
[    6.313613] random 0000 0000 0000 b538fadc 4a7613df: trying to extract 128 bits from input
[    6.313615] random 0000 0000 0000 b538fadc 4a7613df: debiting 0 entropy credits from input
[    6.313617] random 0000 0000 0000 b538fadc 4a7613df: extract_entropy account returned: 0 
[    6.313621] random 0000 0000 0000 b538fadc 4a7613df: urand_change_num 89 xfer_secondary_pool(16): pool_sig 0000013c, data_sig 00000000, bytes_mixed 0 b538fadc 4a7613df
[    6.313623] random 0000 0000 0000 b538fadc 4a7613df: trying to extract 128 bits from nonblocking
[    6.313626] random 0000 0000 0000 b538fadc 4a7613df: debiting 128 entropy credits from nonblocking (unlimited)
[    6.313628] random 0000 0000 0000 b538fadc 4a7613df: extract_entropy account returned: 16 
[    6.313632] random 0000 0000 0000 b538fadc 4a7613df: urand_change_num 90 extract_buf: pool_sig 0000013c, data_sig 00000015, bytes_mixed 20 b538fadc 4a7613df
[    6.313638] random 0000 0000 0000 b538fadc 4a7613df: urand_change_num 91 extract_buf: pool_sig 00000452, data_sig 0000002b, bytes_mixed 20 b538fadc 4a7613df
[    6.314091] random 0000 0000 0000 73b17df4 93bb370e: rand_read_num 26 get_random_bytes(16): sig fffffbf1 73b17df4 93bb370e
[    6.314094] random 0000 0000 0000 73b17df4 93bb370e: extract_entropy(.. 16 ..)
[    6.314096] random 0000 0000 0000 73b17df4 93bb370e: going to reseed nonblocking with 128 bits (128 of 0 requested)
[    6.314099] random 0000 0000 0000 73b17df4 93bb370e: extract_entropy(.. 16 ..)
[    6.314101] random 0000 0000 0000 73b17df4 93bb370e: trying to extract 128 bits from input
[    6.314103] random 0000 0000 0000 73b17df4 93bb370e: debiting 0 entropy credits from input
[    6.314105] random 0000 0000 0000 73b17df4 93bb370e: extract_entropy account returned: 0 
[    6.314108] random 0000 0000 0000 73b17df4 93bb370e: urand_change_num 92 xfer_secondary_pool(16): pool_sig fffffbf1, data_sig 00000000, bytes_mixed 0 73b17df4 93bb370e
[    6.314111] random 0000 0000 0000 73b17df4 93bb370e: trying to extract 128 bits from nonblocking
[    6.314113] random 0000 0000 0000 73b17df4 93bb370e: debiting 128 entropy credits from nonblocking (unlimited)
[    6.314115] random 0000 0000 0000 73b17df4 93bb370e: extract_entropy account returned: 16 
[    6.314120] random 0000 0000 0000 73b17df4 93bb370e: urand_change_num 93 extract_buf: pool_sig fffffbf1, data_sig ffffff99, bytes_mixed 20 73b17df4 93bb370e
[    6.314125] random 0000 0000 0000 73b17df4 93bb370e: urand_change_num 94 extract_buf: pool_sig fffffe1d, data_sig 000000b0, bytes_mixed 20 73b17df4 93bb370e
[    6.314530] random 0000 0000 0000 0cd682bb ba04da9f: rand_read_num 27 get_random_bytes(16): sig fffffccb 0cd682bb ba04da9f
[    6.314533] random 0000 0000 0000 0cd682bb ba04da9f: extract_entropy(.. 16 ..)
[    6.314535] random 0000 0000 0000 0cd682bb ba04da9f: going to reseed nonblocking with 128 bits (128 of 0 requested)
[    6.314537] random 0000 0000 0000 0cd682bb ba04da9f: extract_entropy(.. 16 ..)
[    6.314540] random 0000 0000 0000 0cd682bb ba04da9f: trying to extract 128 bits from input
[    6.314542] random 0000 0000 0000 0cd682bb ba04da9f: debiting 0 entropy credits from input
[    6.314544] random 0000 0000 0000 0cd682bb ba04da9f: extract_entropy account returned: 0 
[    6.314547] random 0000 0000 0000 0cd682bb ba04da9f: urand_change_num 95 xfer_secondary_pool(16): pool_sig fffffccb, data_sig 00000000, bytes_mixed 0 0cd682bb ba04da9f
[    6.314550] random 0000 0000 0000 0cd682bb ba04da9f: trying to extract 128 bits from nonblocking
[    6.314552] random 0000 0000 0000 0cd682bb ba04da9f: debiting 128 entropy credits from nonblocking (unlimited)
[    6.314554] random 0000 0000 0000 0cd682bb ba04da9f: extract_entropy account returned: 16 
[    6.314559] random 0000 0000 0000 0cd682bb ba04da9f: urand_change_num 96 extract_buf: pool_sig fffffccb, data_sig fffffec5, bytes_mixed 20 0cd682bb ba04da9f
[    6.314564] random 0000 0000 0000 26929f1a 15254dc1: urand_change_num 97 extract_buf: pool_sig fffffed2, data_sig ffffffb1, bytes_mixed 20 26929f1a 15254dc1
[    6.315439] random 0000 0000 0000 26929f1a 15254dc1: rand_read_num 28 get_random_bytes(16): sig 00000038 26929f1a 15254dc1
[    6.315442] random 0000 0000 0000 26929f1a 15254dc1: extract_entropy(.. 16 ..)
[    6.315444] random 0000 0000 0000 26929f1a 15254dc1: going to reseed nonblocking with 128 bits (128 of 0 requested)
[    6.315447] random 0000 0000 0000 26929f1a 15254dc1: extract_entropy(.. 16 ..)
[    6.315449] random 0000 0000 0000 26929f1a 15254dc1: trying to extract 128 bits from input
[    6.315451] random 0000 0000 0000 26929f1a 15254dc1: debiting 0 entropy credits from input
[    6.315453] random 0000 0000 0000 26929f1a 15254dc1: extract_entropy account returned: 0 
[    6.315456] random 0000 0000 0000 26929f1a 15254dc1: urand_change_num 98 xfer_secondary_pool(16): pool_sig 00000038, data_sig 00000000, bytes_mixed 0 26929f1a 15254dc1
[    6.315459] random 0000 0000 0000 26929f1a 15254dc1: trying to extract 128 bits from nonblocking
[    6.315461] random 0000 0000 0000 26929f1a 15254dc1: debiting 128 entropy credits from nonblocking (unlimited)
[    6.315463] random 0000 0000 0000 26929f1a 15254dc1: extract_entropy account returned: 16 
[    6.315467] random 0000 0000 0000 26929f1a 15254dc1: urand_change_num 99 extract_buf: pool_sig 00000038, data_sig 000000fd, bytes_mixed 20 26929f1a 15254dc1
[    6.315473] random 0000 0000 0000 8116fe3b 478c2d5b: urand_change_num 100 extract_buf: pool_sig 00000059, data_sig 00000310, bytes_mixed 20 8116fe3b 478c2d5b
[    6.322117] random 0000 0000 0000 a20f4a3a 32a6b2fa: rand_read_num 29 get_random_bytes(16): sig 000002c0 a20f4a3a 32a6b2fa
[    6.322119] random 0000 0000 0000 a20f4a3a 32a6b2fa: extract_entropy(.. 16 ..)
[    6.322122] random 0000 0000 0000 a20f4a3a 32a6b2fa: going to reseed nonblocking with 128 bits (128 of 0 requested)
[    6.322124] random 0000 0000 0000 a20f4a3a 32a6b2fa: extract_entropy(.. 16 ..)
[    6.322126] random 0000 0000 0000 a20f4a3a 32a6b2fa: trying to extract 128 bits from input
[    6.322128] random 0000 0000 0000 a20f4a3a 32a6b2fa: debiting 0 entropy credits from input
[    6.322130] random 0000 0000 0000 a20f4a3a 32a6b2fa: extract_entropy account returned: 0 
[    6.322134] random 0000 0000 0000 a20f4a3a 32a6b2fa: urand_change_num 101 xfer_secondary_pool(16): pool_sig 000002c0, data_sig 00000000, bytes_mixed 0 a20f4a3a 32a6b2fa
[    6.322136] random 0000 0000 0000 a20f4a3a 32a6b2fa: trying to extract 128 bits from nonblocking
[    6.322139] random 0000 0000 0000 a20f4a3a 32a6b2fa: debiting 128 entropy credits from nonblocking (unlimited)
[    6.322141] random 0000 0000 0000 a20f4a3a 32a6b2fa: extract_entropy account returned: 16 
[    6.322145] random 0000 0000 0000 a20f4a3a 32a6b2fa: urand_change_num 102 extract_buf: pool_sig 000002c0, data_sig 000000fb, bytes_mixed 20 a20f4a3a 32a6b2fa
[    6.322150] random 0000 0000 0000 a20f4a3a 32a6b2fa: urand_change_num 103 extract_buf: pool_sig ffffffdd, data_sig 000000a5, bytes_mixed 20 a20f4a3a 32a6b2fa
[    6.334640] random 0000 0000 0000 de716d2a 6c4757e1: rand_read_num 30 get_random_bytes(16): sig 000000fa de716d2a 6c4757e1
[    6.334643] random 0000 0000 0000 de716d2a 6c4757e1: extract_entropy(.. 16 ..)
[    6.334645] random 0000 0000 0000 de716d2a 6c4757e1: going to reseed nonblocking with 128 bits (128 of 0 requested)
[    6.334648] random 0000 0000 0000 de716d2a 6c4757e1: extract_entropy(.. 16 ..)
[    6.334650] random 0000 0000 0000 de716d2a 6c4757e1: trying to extract 128 bits from input
[    6.334652] random 0000 0000 0000 de716d2a 6c4757e1: debiting 0 entropy credits from input
[    6.334654] random 0000 0000 0000 de716d2a 6c4757e1: extract_entropy account returned: 0 
[    6.334657] random 0000 0000 0000 de716d2a 6c4757e1: urand_change_num 104 xfer_secondary_pool(16): pool_sig 000000fa, data_sig 00000000, bytes_mixed 0 de716d2a 6c4757e1
[    6.334660] random 0000 0000 0000 de716d2a 6c4757e1: trying to extract 128 bits from nonblocking
[    6.334662] random 0000 0000 0000 de716d2a 6c4757e1: debiting 128 entropy credits from nonblocking (unlimited)
[    6.334664] random 0000 0000 0000 de716d2a 6c4757e1: extract_entropy account returned: 16 
[    6.334668] random 0000 0000 0000 de716d2a 6c4757e1: urand_change_num 105 extract_buf: pool_sig 000000fa, data_sig ffffff34, bytes_mixed 20 de716d2a 6c4757e1
[    6.334674] random 0000 0000 0000 de716d2a 6c4757e1: urand_change_num 106 extract_buf: pool_sig 000003d3, data_sig ffffff30, bytes_mixed 20 de716d2a 6c4757e1
[    6.335265] random 0000 0000 0000 a7c511e1 f90ea457: rand_read_num 31 get_random_bytes(16): sig 0000009a a7c511e1 f90ea457
[    6.335268] random 0000 0000 0000 a7c511e1 f90ea457: extract_entropy(.. 16 ..)
[    6.335271] random 0000 0000 0000 a7c511e1 f90ea457: going to reseed nonblocking with 128 bits (128 of 0 requested)
[    6.335273] random 0000 0000 0000 a7c511e1 f90ea457: extract_entropy(.. 16 ..)
[    6.335275] random 0000 0000 0000 a7c511e1 f90ea457: trying to extract 128 bits from input
[    6.335277] random 0000 0000 0000 a7c511e1 f90ea457: debiting 0 entropy credits from input
[    6.335279] random 0000 0000 0000 a7c511e1 f90ea457: extract_entropy account returned: 0 
[    6.335282] random 0000 0000 0000 a7c511e1 f90ea457: urand_change_num 107 xfer_secondary_pool(16): pool_sig 0000009a, data_sig 00000000, bytes_mixed 0 a7c511e1 f90ea457
[    6.335285] random 0000 0000 0000 a7c511e1 f90ea457: trying to extract 128 bits from nonblocking
[    6.335287] random 0000 0000 0000 a7c511e1 f90ea457: debiting 128 entropy credits from nonblocking (unlimited)
[    6.335289] random 0000 0000 0000 a7c511e1 f90ea457: extract_entropy account returned: 16 
[    6.335294] random 0000 0000 0000 a7c511e1 f90ea457: urand_change_num 108 extract_buf: pool_sig 0000009a, data_sig 000000e0, bytes_mixed 20 a7c511e1 f90ea457
[    6.335299] random 0000 0000 0000 7c18c7e6 d65ccb06: urand_change_num 109 extract_buf: pool_sig fffffa79, data_sig 000000e0, bytes_mixed 20 7c18c7e6 d65ccb06
[    6.335897] random 0000 0000 0000 7c18c7e6 d65ccb06: rand_read_num 32 get_random_bytes(16): sig fffffe1e 7c18c7e6 d65ccb06
[    6.335900] random 0000 0000 0000 7c18c7e6 d65ccb06: extract_entropy(.. 16 ..)
[    6.335902] random 0000 0000 0000 7c18c7e6 d65ccb06: going to reseed nonblocking with 128 bits (128 of 0 requested)
[    6.335905] random 0000 0000 0000 7c18c7e6 d65ccb06: extract_entropy(.. 16 ..)
[    6.335907] random 0000 0000 0000 7c18c7e6 d65ccb06: trying to extract 128 bits from input
[    6.335909] random 0000 0000 0000 7c18c7e6 d65ccb06: debiting 0 entropy credits from input
[    6.335911] random 0000 0000 0000 7c18c7e6 d65ccb06: extract_entropy account returned: 0 
[    6.335914] random 0000 0000 0000 7c18c7e6 d65ccb06: urand_change_num 110 xfer_secondary_pool(16): pool_sig fffffe1e, data_sig 00000000, bytes_mixed 0 7c18c7e6 d65ccb06
[    6.335917] random 0000 0000 0000 7c18c7e6 d65ccb06: trying to extract 128 bits from nonblocking
[    6.335919] random 0000 0000 0000 7c18c7e6 d65ccb06: debiting 128 entropy credits from nonblocking (unlimited)
[    6.335921] random 0000 0000 0000 7c18c7e6 d65ccb06: extract_entropy account returned: 16 
