[    0.000000] random 0000 0000 0000 00000000 00000000: rand_read_num 1 get_random_bytes(8): sig 00000000 00000000 00000000
[    0.000000] random 0000 0000 0000 00000000 00000000: extract_entropy(.. 8 ..)
[    0.000000] random 0000 0000 0000 00000000 00000000: going to reseed nonblocking with 64 bits (64 of 0 requested)
[    0.000000] random 0000 0000 0000 00000000 00000000: extract_entropy(.. 8 ..)
[    0.000000] random 0000 0000 0000 00000000 00000000: trying to extract 64 bits from input
[    0.000000] random 0000 0000 0000 00000000 00000000: debiting 0 entropy credits from input
[    0.000000] random 0000 0000 0000 00000000 00000000: extract_entropy account returned: 0 
[    0.000000] random 0000 0000 0000 00000000 00000000: urand_change_num 1 xfer_secondary_pool(8): pool_sig 00000000, data_sig 00000000, bytes_mixed 0 00000000 00000000
[    0.000000] random 0000 0000 0000 00000000 00000000: trying to extract 64 bits from nonblocking
[    0.000000] random 0000 0000 0000 00000000 00000000: debiting 64 entropy credits from nonblocking (unlimited)
[    0.000000] random 0000 0000 0000 00000000 00000000: extract_entropy account returned: 8 
[    0.000000] random 0000 0000 0000 00000000 00000000: urand_change_num 2 extract_buf: pool_sig 00000000, data_sig fffffff9, bytes_mixed 20 00000000 00000000
[    0.000000] Linux version 2.6.32.57 (dcashman@dcashman-02) (gcc version 4.3.3 (GCC) ) #3 Fri May 24 04:27:34 PDT 2013
[    0.000000] KERNEL supported cpus:
[    0.000000]   Intel GenuineIntel
[    0.000000]   AMD AuthenticAMD
[    0.000000]   NSC Geode by NSC
[    0.000000]   Cyrix CyrixInstead
[    0.000000]   Centaur CentaurHauls
[    0.000000]   Transmeta GenuineTMx86
[    0.000000]   Transmeta TransmetaCPU
[    0.000000]   UMC UMC UMC UMC
[    0.000000] BIOS-provided physical RAM map:
[    0.000000]  BIOS-e820: 0000000000000000 - 000000000009d800 (usable)
[    0.000000]  BIOS-e820: 000000000009d800 - 00000000000a0000 (reserved)
[    0.000000]  BIOS-e820: 00000000000d2000 - 00000000000d4000 (reserved)
[    0.000000]  BIOS-e820: 00000000000e0000 - 0000000000100000 (reserved)
[    0.000000]  BIOS-e820: 0000000000100000 - 000000003d6b0000 (usable)
[    0.000000]  BIOS-e820: 000000003d6b0000 - 000000003d6cc000 (ACPI data)
[    0.000000]  BIOS-e820: 000000003d6cc000 - 000000003d700000 (ACPI NVS)
[    0.000000]  BIOS-e820: 000000003d700000 - 000000003e000000 (reserved)
[    0.000000]  BIOS-e820: 00000000f0000000 - 00000000f4000000 (reserved)
[    0.000000]  BIOS-e820: 00000000fec00000 - 00000000fec10000 (reserved)
[    0.000000]  BIOS-e820: 00000000fed00000 - 00000000fed00400 (reserved)
[    0.000000]  BIOS-e820: 00000000fed14000 - 00000000fed1a000 (reserved)
[    0.000000]  BIOS-e820: 00000000fed1c000 - 00000000fed90000 (reserved)
[    0.000000]  BIOS-e820: 00000000fee00000 - 00000000fee01000 (reserved)
[    0.000000]  BIOS-e820: 00000000ff000000 - 0000000100000000 (reserved)
[    0.000000] DMI present.
[    0.000000] last_pfn = 0x3d6b0 max_arch_pfn = 0x100000
[    0.000000] MTRR default type: uncachable
[    0.000000] MTRR fixed ranges enabled:
[    0.000000]   00000-9FFFF write-back
[    0.000000]   A0000-BFFFF uncachable
[    0.000000]   C0000-CFFFF write-protect
[    0.000000]   D0000-DFFFF uncachable
[    0.000000]   E0000-FFFFF write-protect
[    0.000000] MTRR variable ranges enabled:
[    0.000000]   0 base 03E000000 mask FFE000000 uncachable
[    0.000000]   1 base 000000000 mask FC0000000 write-back
[    0.000000]   2 base 03D700000 mask FFFF00000 uncachable
[    0.000000]   3 base 03D800000 mask FFF800000 uncachable
[    0.000000]   4 disabled
[    0.000000]   5 disabled
[    0.000000]   6 disabled
[    0.000000]   7 disabled
[    0.000000] initial memory mapped : 0 - 02000000
[    0.000000] init_memory_mapping: 0000000000000000-00000000377fe000
[    0.000000]  0000000000 - 0000400000 page 4k
[    0.000000]  0000400000 - 0037400000 page 2M
[    0.000000]  0037400000 - 00377fe000 page 4k
[    0.000000] kernel direct mapping tables up to 377fe000 @ 7000-c000
[    0.000000] ACPI: RSDP 000f68d0 00024 (v02 LENOVO)
[    0.000000] ACPI: XSDT 3d6bb77f 00094 (v01 LENOVO TP-7L    00002170  LTP 00000000)
[    0.000000] ACPI: FACP 3d6bb900 000F4 (v03 LENOVO TP-7L    00002170 LNVO 00000001)
[    0.000000] ACPI Warning: 32/64X length mismatch in Gpe1Block: 0/32 (20090903/tbfadt-526)
[    0.000000] ACPI Warning: Optional field Gpe1Block has zero address or length: 000000000000102C/0 (20090903/tbfadt-557)
[    0.000000] ACPI: DSDT 3d6bbd1d 0FED1 (v01 LENOVO TP-7L    00002170 MSFT 03000000)
[    0.000000] ACPI: FACS 3d6e4000 00040
[    0.000000] ACPI: SSDT 3d6bbab4 00269 (v01 LENOVO TP-7L    00002170 MSFT 03000000)
[    0.000000] ACPI: ECDT 3d6cbbee 00052 (v01 LENOVO TP-7L    00002170 LNVO 00000001)
[    0.000000] ACPI: TCPA 3d6cbc40 00032 (v02 LENOVO TP-7L    00002170 LNVO 00000001)
[    0.000000] ACPI: APIC 3d6cbc72 00068 (v01 LENOVO TP-7L    00002170 LNVO 00000001)
[    0.000000] ACPI: MCFG 3d6cbcda 0003C (v01 LENOVO TP-7L    00002170 LNVO 00000001)
[    0.000000] ACPI: HPET 3d6cbd16 00038 (v01 LENOVO TP-7L    00002170 LNVO 00000001)
[    0.000000] ACPI: SLIC 3d6cbdf0 00176 (v01 LENOVO TP-7L    00002170  LTP 00000000)
[    0.000000] ACPI: BOOT 3d6cbf66 00028 (v01 LENOVO TP-7L    00002170  LTP 00000001)
[    0.000000] ACPI: ASF! 3d6cbf8e 00072 (v16 LENOVO TP-7L    00002170 PTL  00000001)
[    0.000000] ACPI: SSDT 3d6e26d9 0025F (v01 LENOVO TP-7L    00002170 INTL 20050513)
[    0.000000] ACPI: SSDT 3d6e2938 000A6 (v01 LENOVO TP-7L    00002170 INTL 20050513)
[    0.000000] ACPI: SSDT 3d6e29de 004F7 (v01 LENOVO TP-7L    00002170 INTL 20050513)
[    0.000000] ACPI: SSDT 3d6e2ed5 001D8 (v01 LENOVO TP-7L    00002170 INTL 20050513)
[    0.000000] ACPI: DMI detected: Lenovo ThinkPad R61
[    0.000000] ACPI: Added _OSI(Linux)
[    0.000000] ACPI: Local APIC address 0xfee00000
[    0.000000] 94MB HIGHMEM available.
[    0.000000] 887MB LOWMEM available.
[    0.000000]   mapped low ram: 0 - 377fe000
[    0.000000]   low ram: 0 - 377fe000
[    0.000000]   node 0 low ram: 00000000 - 377fe000
[    0.000000]   node 0 bootmap 00008000 - 0000ef00
[    0.000000] (6 early reservations) ==> bootmem [0000000000 - 00377fe000]
[    0.000000]   #0 [0000000000 - 0000001000]   BIOS data page ==> [0000000000 - 0000001000]
[    0.000000]   #1 [0001000000 - 0001bdc180]    TEXT DATA BSS ==> [0001000000 - 0001bdc180]
[    0.000000]   #2 [000009d800 - 0000100000]    BIOS reserved ==> [000009d800 - 0000100000]
[    0.000000]   #3 [0001bdd000 - 0001be516c]              BRK ==> [0001bdd000 - 0001be516c]
[    0.000000]   #4 [0000007000 - 0000008000]          PGTABLE ==> [0000007000 - 0000008000]
[    0.000000]   #5 [0000008000 - 000000f000]          BOOTMAP ==> [0000008000 - 000000f000]
[    0.000000] found SMP MP-table at [c00f6900] f6900
[    0.000000] Zone PFN ranges:
[    0.000000]   DMA      0x00000000 -> 0x00001000
[    0.000000]   Normal   0x00001000 -> 0x000377fe
[    0.000000]   HighMem  0x000377fe -> 0x0003d6b0
[    0.000000] Movable zone start PFN for each node
[    0.000000] early_node_map[2] active PFN ranges
[    0.000000]     0: 0x00000000 -> 0x0000009d
[    0.000000]     0: 0x00000100 -> 0x0003d6b0
[    0.000000] On node 0 totalpages: 251469
[    0.000000] free_area_init_node: node 0, pgdat c1901ea0, node_mem_map c1be7000
[    0.000000]   DMA zone: 32 pages used for memmap
[    0.000000]   DMA zone: 0 pages reserved
[    0.000000]   DMA zone: 3965 pages, LIFO batch:0
[    0.000000]   Normal zone: 1744 pages used for memmap
[    0.000000]   Normal zone: 221486 pages, LIFO batch:31
[    0.000000]   HighMem zone: 190 pages used for memmap
[    0.000000]   HighMem zone: 24052 pages, LIFO batch:3
[    0.000000] Using APIC driver default
[    0.000000] ACPI: PM-Timer IO Port: 0x1008
[    0.000000] ACPI: Local APIC address 0xfee00000
[    0.000000] ACPI: LAPIC (acpi_id[0x00] lapic_id[0x00] enabled)
[    0.000000] ACPI: LAPIC (acpi_id[0x01] lapic_id[0x01] enabled)
[    0.000000] ACPI: NR_CPUS/possible_cpus limit of 1 reached.  Processor 1/0x1 ignored.
[    0.000000] ACPI: LAPIC_NMI (acpi_id[0x00] high edge lint[0x1])
[    0.000000] ACPI: LAPIC_NMI (acpi_id[0x01] high edge lint[0x1])
[    0.000000] ACPI: IOAPIC (id[0x01] address[0xfec00000] gsi_base[0])
[    0.000000] IOAPIC[0]: apic_id 1, version 32, address 0xfec00000, GSI 0-23
[    0.000000] ACPI: INT_SRC_OVR (bus 0 bus_irq 0 global_irq 2 dfl dfl)
[    0.000000] ACPI: INT_SRC_OVR (bus 0 bus_irq 9 global_irq 9 high level)
[    0.000000] ACPI: IRQ0 used by override.
[    0.000000] ACPI: IRQ2 used by override.
[    0.000000] ACPI: IRQ9 used by override.
[    0.000000] Using ACPI (MADT) for SMP configuration information
[    0.000000] ACPI: HPET id: 0x8086a201 base: 0xfed00000
[    0.000000] nr_irqs_gsi: 24
[    0.000000] PM: Registered nosave memory: 000000000009d000 - 000000000009e000
[    0.000000] PM: Registered nosave memory: 000000000009e000 - 00000000000a0000
[    0.000000] PM: Registered nosave memory: 00000000000a0000 - 00000000000d2000
[    0.000000] PM: Registered nosave memory: 00000000000d2000 - 00000000000d4000
[    0.000000] PM: Registered nosave memory: 00000000000d4000 - 00000000000e0000
[    0.000000] PM: Registered nosave memory: 00000000000e0000 - 0000000000100000
[    0.000000] Allocating PCI resources starting at 3e000000 (gap: 3e000000:b2000000)
[    0.000000] Built 1 zonelists in Zone order, mobility grouping on.  Total pages: 249503
[    0.000000] Kernel command line: auto BOOT_IMAGE=Linux ro root=802 vt.default_utf8=0 maxcpus=0
[    0.000000] PID hash table entries: 4096 (order: 2, 16384 bytes)
[    0.000000] Dentry cache hash table entries: 131072 (order: 7, 524288 bytes)
[    0.000000] Inode-cache hash table entries: 65536 (order: 6, 262144 bytes)
[    0.000000] Enabling fast FPU save and restore... done.
[    0.000000] Enabling unmasked SIMD FPU exception support... done.
[    0.000000] Initializing CPU#0
[    0.000000] Initializing HighMem for node 0 (000377fe:0003d6b0)
[    0.000000] Memory: 984800k/1006272k available (6914k kernel code, 20876k reserved, 2328k data, 448k init, 96968k highmem)
[    0.000000] virtual kernel memory layout:
[    0.000000]     fixmap  : 0xfffa3000 - 0xfffff000   ( 368 kB)
[    0.000000]     pkmap   : 0xff800000 - 0xffc00000   (4096 kB)
[    0.000000]     vmalloc : 0xf7ffe000 - 0xff7fe000   ( 120 MB)
[    0.000000]     lowmem  : 0xc0000000 - 0xf77fe000   ( 887 MB)
[    0.000000]       .init : 0xc1907000 - 0xc1977000   ( 448 kB)
[    0.000000]       .data : 0xc16c0b5f - 0xc1906c64   (2328 kB)
[    0.000000]       .text : 0xc1000000 - 0xc16c0b5f   (6914 kB)
[    0.000000] Checking if this processor honours the WP bit even in supervisor mode...Ok.
[    0.000000] SLUB: Genslabs=13, HWalign=64, Order=0-3, MinObjects=0, CPUs=1, Nodes=1
[    0.000000] Hierarchical RCU implementation.
[    0.000000] NR_IRQS:288
[    0.000000] Extended CMOS year: 2000
[    0.000000] Console: colour VGA+ 80x25
[    0.000000] console [tty0] enabled
[    0.000000] hpet clockevent registered
[    0.000000] Fast TSC calibration using PIT
[    0.000000] Detected 2094.924 MHz processor.
[    0.001002] Calibrating delay loop (skipped), value calculated using timer frequency.. 4189.84 BogoMIPS (lpj=2094924)
[    0.001172] Security Framework initialized
[    0.001255] Mount-cache hash table entries: 512
[    0.002045] CPU: L1 I cache: 32K, L1 D cache: 32K
[    0.002168] CPU: L2 cache: 3072K
[    0.002254] mce: CPU supports 6 MCE banks
[    0.002339] CPU0: Thermal monitoring enabled (TM2)
[    0.002424] using mwait in idle threads.
[    0.002509] CPU: Intel(R) Core(TM)2 Duo CPU     T8100  @ 2.10GHz stepping 06
[    0.002687] Checking 'hlt' instruction... OK.
[    0.006935] ACPI: Core revision 20090903
[    0.026016] CANARY value: 8fbfe233 for PID: 1
[    0.026044] Enabling APIC mode:  Flat.  Using 1 I/O APICs
[    0.026506] ..TIMER: vector=0x30 apic1=0 pin1=2 apic2=-1 pin2=-1
[    0.036997] xor: automatically using best checksumming function: pIII_sse
[    0.040998]    pIII_sse  :  8568.000 MB/sec
[    0.041101] xor: using function: pIII_sse (8568.000 MB/sec)
[    0.041191] RANDOM - __seed init called.
[    0.041192] RANDOM - __seed init called.
[    0.041193] RANDOM - __seed init called.
[    0.041195] RANDOM - __random32 called. Change num 1.  Value: e6b75c0e	845fdb3c	4764ecc7
[    0.041196] RANDOM - __random32 called. Change num 2.  Value: 75c0e1a6	45fdb3ca	d98f8871
[    0.041198] RANDOM - __random32 called. Change num 3.  Value: e1a6d3e	5fdb3ca9	10e2be79
[    0.041200] RANDOM - __random32 called. Change num 4.  Value: a6d3e877	fdb3ca90	7cf2fee9
[    0.041201] RANDOM - __random32 called. Change num 5.  Value: 3e877b7b	db3ca905	fdd36ca1
[    0.041203] RANDOM - __random32 called. Change num 6.  Value: 77b7ba3d	b3ca905b	d9426901
[    0.041205] RANDOM - random32 init called.  Value: 77b7ba3d	b3ca905b	d9426901
[    0.041222] NET: Registered protocol family 16
[    0.041482] ACPI FADT declares the system doesn't support PCIe ASPM, so disable it
[    0.041613] ACPI: bus type pci registered
[    0.041785] PCI: MCFG configuration 0: base f0000000 segment 0 buses 0 - 63
[    0.041879] PCI: MCFG area at f0000000 reserved in E820
[    0.041978] PCI: Using MMCONFIG for extended config space
[    0.042002] PCI: Using configuration type 1 for base access
[    0.045174] bio: create slab <bio-0> at 0
[    0.045985] ACPI: EC: EC description table is found, configuring boot EC
[    0.051138] ACPI: BIOS _OSI(Linux) query honored via DMI
[    0.051859] random 0000 0000 0000 00000000 00000000: rand_read_num 2 get_random_bytes(8): sig fffffe1a 00000000 00000000
[    0.051861] random 0000 0000 0000 00000000 00000000: extract_entropy(.. 8 ..)
[    0.051864] random 0000 0000 0000 00000000 00000000: going to reseed nonblocking with 64 bits (64 of 0 requested)
[    0.051866] random 0000 0000 0000 00000000 00000000: extract_entropy(.. 8 ..)
[    0.051868] random 0000 0000 0000 00000000 00000000: trying to extract 64 bits from input
[    0.051870] random 0000 0000 0000 00000000 00000000: debiting 0 entropy credits from input
[    0.051872] random 0000 0000 0000 00000000 00000000: extract_entropy account returned: 0 
[    0.051899] random 0000 0000 0000 00000000 00000000: urand_change_num 3 xfer_secondary_pool(8): pool_sig fffffe1a, data_sig 00000000, bytes_mixed 0 00000000 00000000
[    0.051902] random 0000 0000 0000 00000000 00000000: trying to extract 64 bits from nonblocking
[    0.051904] random 0000 0000 0000 00000000 00000000: debiting 64 entropy credits from nonblocking (unlimited)
[    0.051906] random 0000 0000 0000 00000000 00000000: extract_entropy account returned: 8 
[    0.051910] random 0000 0000 0000 00000000 00000000: urand_change_num 4 extract_buf: pool_sig fffffe1a, data_sig fffffed7, bytes_mixed 20 00000000 00000000
[    0.056654] ACPI: Interpreter enabled
[    0.056748] ACPI: (supports S0 S3 S4 S5)
[    0.056998] ACPI: Using IOAPIC for interrupt routing
[    0.066846] ACPI: EC: GPE = 0x12, I/O: command/status = 0x66, data = 0x62
[    0.067122] ACPI: Power Resource [PUBS] (on)
[    0.069213] ACPI: ACPI Dock Station Driver: 3 docks/bays found
[    0.069617] ACPI: PCI Root Bridge [PCI0] (0000:00)
[    0.069794] pci 0000:00:02.0: reg 10 64bit mmio: [0xf8100000-0xf81fffff]
[    0.069800] pci 0000:00:02.0: reg 18 64bit mmio pref: [0xe0000000-0xefffffff]
[    0.069804] pci 0000:00:02.0: reg 20 io port: [0x1800-0x1807]
[    0.069839] pci 0000:00:02.1: reg 10 64bit mmio: [0xf8200000-0xf82fffff]
[    0.069947] pci 0000:00:19.0: reg 10 32bit mmio: [0xfe000000-0xfe01ffff]
[    0.069954] pci 0000:00:19.0: reg 14 32bit mmio: [0xfe025000-0xfe025fff]
[    0.069963] pci 0000:00:19.0: reg 18 io port: [0x1840-0x185f]
[    0.070041] pci 0000:00:19.0: PME# supported from D0 D3hot D3cold
[    0.070142] pci 0000:00:19.0: PME# disabled
[    0.070288] pci 0000:00:1a.0: reg 20 io port: [0x1860-0x187f]
[    0.070362] pci 0000:00:1a.1: reg 20 io port: [0x1880-0x189f]
[    0.070447] pci 0000:00:1a.7: reg 10 32bit mmio: [0xfe226c00-0xfe226fff]
[    0.070533] pci 0000:00:1a.7: PME# supported from D0 D3hot D3cold
[    0.070645] pci 0000:00:1a.7: PME# disabled
[    0.070792] pci 0000:00:1b.0: reg 10 64bit mmio: [0xfe020000-0xfe023fff]
[    0.070872] pci 0000:00:1b.0: PME# supported from D0 D3hot D3cold
[    0.070966] pci 0000:00:1b.0: PME# disabled
[    0.071109] pci 0000:00:1c.0: PME# supported from D0 D3hot D3cold
[    0.071205] pci 0000:00:1c.0: PME# disabled
[    0.071407] pci 0000:00:1c.1: PME# supported from D0 D3hot D3cold
[    0.071501] pci 0000:00:1c.1: PME# disabled
[    0.071702] pci 0000:00:1c.2: PME# supported from D0 D3hot D3cold
[    0.071798] pci 0000:00:1c.2: PME# disabled
[    0.072071] pci 0000:00:1c.3: PME# supported from D0 D3hot D3cold
[    0.072167] pci 0000:00:1c.3: PME# disabled
[    0.073027] pci 0000:00:1c.4: PME# supported from D0 D3hot D3cold
[    0.073121] pci 0000:00:1c.4: PME# disabled
[    0.073278] pci 0000:00:1d.0: reg 20 io port: [0x18a0-0x18bf]
[    0.073355] pci 0000:00:1d.1: reg 20 io port: [0x18c0-0x18df]
[    0.073441] pci 0000:00:1d.2: reg 20 io port: [0x18e0-0x18ff]
[    0.073527] pci 0000:00:1d.7: reg 10 32bit mmio: [0xfe227000-0xfe2273ff]
[    0.073628] pci 0000:00:1d.7: PME# supported from D0 D3hot D3cold
[    0.073721] pci 0000:00:1d.7: PME# disabled
[    0.074023] pci 0000:00:1f.0: quirk: region 1000-107f claimed by ICH6 ACPI/GPIO/TCO
[    0.074145] pci 0000:00:1f.0: quirk: region 1180-11bf claimed by ICH6 GPIO
[    0.074243] pci 0000:00:1f.0: ICH7 LPC Generic IO decode 1 PIO at 1600 (mask 007f)
[    0.074366] pci 0000:00:1f.0: ICH7 LPC Generic IO decode 2 PIO at 15e0 (mask 000f)
[    0.074495] pci 0000:00:1f.0: ICH7 LPC Generic IO decode 3 PIO at 1680 (mask 001f)
[    0.074698] pci 0000:00:1f.1: reg 10 io port: [0x00-0x07]
[    0.074708] pci 0000:00:1f.1: reg 14 io port: [0x00-0x03]
[    0.074717] pci 0000:00:1f.1: reg 18 io port: [0x00-0x07]
[    0.074729] pci 0000:00:1f.1: reg 1c io port: [0x00-0x03]
[    0.074740] pci 0000:00:1f.1: reg 20 io port: [0x1c00-0x1c0f]
[    0.074822] pci 0000:00:1f.2: reg 10 io port: [0x1c50-0x1c57]
[    0.074831] pci 0000:00:1f.2: reg 14 io port: [0x1c44-0x1c47]
[    0.074840] pci 0000:00:1f.2: reg 18 io port: [0x1c48-0x1c4f]
[    0.074849] pci 0000:00:1f.2: reg 1c io port: [0x1c40-0x1c43]
[    0.074857] pci 0000:00:1f.2: reg 20 io port: [0x1c20-0x1c3f]
[    0.074866] pci 0000:00:1f.2: reg 24 32bit mmio: [0xfe226000-0xfe2267ff]
[    0.074923] pci 0000:00:1f.2: PME# supported from D3hot
[    0.074998] pci 0000:00:1f.2: PME# disabled
[    0.075120] pci 0000:00:1f.3: reg 10 32bit mmio: [0xfe227400-0xfe2274ff]
[    0.075145] pci 0000:00:1f.3: reg 20 io port: [0x1c60-0x1c7f]
[    0.075233] pci 0000:00:1c.0: bridge io port: [0x2000-0x2fff]
[    0.075240] pci 0000:00:1c.0: bridge 32bit mmio: [0xfc000000-0xfdffffff]
[    0.075249] pci 0000:00:1c.0: bridge 64bit mmio pref: [0xf8000000-0xf80fffff]
[    0.075323] pci 0000:03:00.0: reg 10 64bit mmio: [0xdf3f0000-0xdf3fffff]
[    0.075516] pci 0000:00:1c.1: bridge io port: [0x3000-0x3fff]
[    0.075522] pci 0000:00:1c.1: bridge 32bit mmio: [0xdc000000-0xdf3fffff]
[    0.075531] pci 0000:00:1c.1: bridge 64bit mmio pref: [0xdfe00000-0xdfefffff]
[    0.075586] pci 0000:00:1c.2: bridge io port: [0x4000-0x4fff]
[    0.075592] pci 0000:00:1c.2: bridge 32bit mmio: [0xd8000000-0xd9ffffff]
[    0.075601] pci 0000:00:1c.2: bridge 64bit mmio pref: [0xdfb00000-0xdfbfffff]
[    0.075655] pci 0000:00:1c.3: bridge io port: [0x5000-0x5fff]
[    0.075661] pci 0000:00:1c.3: bridge 32bit mmio: [0xd4000000-0xd5ffffff]
[    0.075671] pci 0000:00:1c.3: bridge 64bit mmio pref: [0xdf800000-0xdf8fffff]
[    0.075727] pci 0000:00:1c.4: bridge io port: [0x6000-0x6fff]
[    0.075733] pci 0000:00:1c.4: bridge 32bit mmio: [0xd0000000-0xd1ffffff]
[    0.075742] pci 0000:00:1c.4: bridge 64bit mmio pref: [0xdf500000-0xdf5fffff]
[    0.075806] pci 0000:15:00.0: reg 10 32bit mmio: [0xf8300000-0xf8300fff]
[    0.075861] pci 0000:15:00.0: supports D1 D2
[    0.075863] pci 0000:15:00.0: PME# supported from D0 D1 D2 D3hot D3cold
[    0.075956] pci 0000:15:00.0: PME# disabled
[    0.076053] pci 0000:15:00.1: reg 10 32bit mmio: [0xf8301000-0xf83017ff]
[    0.076154] pci 0000:15:00.1: supports D1 D2
[    0.076155] pci 0000:15:00.1: PME# supported from D0 D1 D2 D3hot D3cold
[    0.076255] pci 0000:15:00.1: PME# disabled
[    0.076439] pci 0000:00:1e.0: transparent bridge
[    0.076533] pci 0000:00:1e.0: bridge io port: [0x7000-0xafff]
[    0.076538] pci 0000:00:1e.0: bridge 32bit mmio: [0xf8300000-0xfbffffff]
[    0.076547] pci 0000:00:1e.0: bridge 64bit mmio pref: [0xf4000000-0xf7ffffff]
[    0.076621] pci_bus 0000:00: on NUMA node 0
[    0.076625] ACPI: PCI Interrupt Routing Table [\_SB_.PCI0._PRT]
[    0.076758] ACPI: PCI Interrupt Routing Table [\_SB_.PCI0.EXP0._PRT]
[    0.076817] ACPI: PCI Interrupt Routing Table [\_SB_.PCI0.EXP1._PRT]
[    0.076875] ACPI: PCI Interrupt Routing Table [\_SB_.PCI0.EXP2._PRT]
[    0.077032] ACPI: PCI Interrupt Routing Table [\_SB_.PCI0.EXP3._PRT]
[    0.077096] ACPI: PCI Interrupt Routing Table [\_SB_.PCI0.EXP4._PRT]
[    0.077158] ACPI: PCI Interrupt Routing Table [\_SB_.PCI0.PCI1._PRT]
[    0.082612] ACPI: PCI Interrupt Link [LNKA] (IRQs 3 4 5 6 7 9 *10 11)
[    0.083405] ACPI: PCI Interrupt Link [LNKB] (IRQs 3 4 5 6 7 9 10 *11)
[    0.084159] ACPI: PCI Interrupt Link [LNKC] (IRQs 3 4 5 6 7 9 10 *11)
[    0.085045] ACPI: PCI Interrupt Link [LNKD] (IRQs 3 4 5 6 7 9 10 *11)
[    0.085877] ACPI: PCI Interrupt Link [LNKE] (IRQs 3 4 5 6 7 9 10 *11)
[    0.086661] ACPI: PCI Interrupt Link [LNKF] (IRQs 3 4 5 6 7 9 10 *11)
[    0.087449] ACPI: PCI Interrupt Link [LNKG] (IRQs 3 4 5 6 7 9 10 *11)
[    0.088263] ACPI: PCI Interrupt Link [LNKH] (IRQs 3 4 5 6 7 9 10 *11)
[    0.089093] vgaarb: device added: PCI:0000:00:02.0,decodes=io+mem,owns=io+mem,locks=none
[    0.089221] vgaarb: loaded
[    0.089407] SCSI subsystem initialized
[    0.089505] libata version 3.00 loaded.
[    0.089552] usbcore: registered new interface driver usbfs
[    0.089678] usbcore: registered new interface driver hub
[    0.089800] usbcore: registered new device driver usb
[    0.106035] raid6: int32x1    941 MB/s
[    0.123058] raid6: int32x2    890 MB/s
[    0.140066] raid6: int32x4    750 MB/s
[    0.156988] raid6: int32x8    656 MB/s
[    0.173986] raid6: mmxx1     2878 MB/s
[    0.190984] raid6: mmxx2     3269 MB/s
[    0.207989] raid6: sse1x1    1937 MB/s
[    0.224996] raid6: sse1x2    2535 MB/s
[    0.241981] raid6: sse2x1    3507 MB/s
[    0.258986] raid6: sse2x2    3828 MB/s
[    0.259073] raid6: using algorithm sse2x2 (3828 MB/s)
[    0.259167] PCI: Using ACPI for IRQ routing
[    0.259471] HPET: 3 timers in total, 0 timers will be used for per-cpu timer
[    0.259996] Switching to clocksource tsc
[    0.260105] pnp: PnP ACPI init
[    0.260210] ACPI: bus type pnp registered
[    0.263869] pnp: PnP ACPI: found 11 devices
[    0.263963] ACPI: ACPI bus type pnp unregistered
[    0.264056] system 00:00: iomem range 0x0-0x9ffff could not be reserved
[    0.264156] system 00:00: iomem range 0xc0000-0xc3fff could not be reserved
[    0.264245] system 00:00: iomem range 0xc4000-0xc7fff could not be reserved
[    0.264344] system 00:00: iomem range 0xc8000-0xcbfff has been reserved
[    0.264441] system 00:00: iomem range 0xcc000-0xcffff has been reserved
[    0.264546] system 00:00: iomem range 0xd0000-0xd3fff could not be reserved
[    0.264647] system 00:00: iomem range 0xe0000-0xe3fff could not be reserved
[    0.264734] system 00:00: iomem range 0xe4000-0xe7fff could not be reserved
[    0.264830] system 00:00: iomem range 0xe8000-0xebfff could not be reserved
[    0.264935] system 00:00: iomem range 0xec000-0xeffff could not be reserved
[    0.265031] system 00:00: iomem range 0xf0000-0xfffff could not be reserved
[    0.265134] system 00:00: iomem range 0x100000-0x3dffffff could not be reserved
[    0.265265] system 00:00: iomem range 0xfec00000-0xfed3ffff could not be reserved
[    0.265390] system 00:00: iomem range 0xfed4c000-0xffffffff could not be reserved
[    0.265518] system 00:02: ioport range 0x164e-0x164f has been reserved
[    0.265609] system 00:02: ioport range 0x1000-0x107f has been reserved
[    0.265708] system 00:02: ioport range 0x1180-0x11bf has been reserved
[    0.265799] system 00:02: ioport range 0x800-0x80f has been reserved
[    0.265890] system 00:02: ioport range 0x15e0-0x15ef has been reserved
[    0.265985] system 00:02: ioport range 0x1600-0x165f could not be reserved
[    0.266077] system 00:02: iomem range 0xf0000000-0xf3ffffff has been reserved
[    0.266173] system 00:02: iomem range 0xfed1c000-0xfed1ffff has been reserved
[    0.266265] system 00:02: iomem range 0xfed14000-0xfed17fff has been reserved
[    0.266358] system 00:02: iomem range 0xfed18000-0xfed18fff has been reserved
[    0.266458] system 00:02: iomem range 0xfed19000-0xfed19fff has been reserved
[    0.266546] system 00:02: iomem range 0xfed45000-0xfed4bfff has been reserved
[    0.301589] pci 0000:00:1c.0: PCI bridge, secondary bus 0000:02
[    0.301682] pci 0000:00:1c.0:   IO window: 0x2000-0x2fff
[    0.301783] pci 0000:00:1c.0:   MEM window: 0xfc000000-0xfdffffff
[    0.301880] pci 0000:00:1c.0:   PREFETCH window: 0x000000f8000000-0x000000f80fffff
[    0.302015] pci 0000:00:1c.1: PCI bridge, secondary bus 0000:03
[    0.302109] pci 0000:00:1c.1:   IO window: 0x3000-0x3fff
[    0.302199] pci 0000:00:1c.1:   MEM window: 0xdc000000-0xdf3fffff
[    0.302302] pci 0000:00:1c.1:   PREFETCH window: 0x000000dfe00000-0x000000dfefffff
[    0.302429] pci 0000:00:1c.2: PCI bridge, secondary bus 0000:04
[    0.302520] pci 0000:00:1c.2:   IO window: 0x4000-0x4fff
[    0.302615] pci 0000:00:1c.2:   MEM window: 0xd8000000-0xd9ffffff
[    0.302712] pci 0000:00:1c.2:   PREFETCH window: 0x000000dfb00000-0x000000dfbfffff
[    0.302841] pci 0000:00:1c.3: PCI bridge, secondary bus 0000:05
[    0.302932] pci 0000:00:1c.3:   IO window: 0x5000-0x5fff
[    0.303033] pci 0000:00:1c.3:   MEM window: 0xd4000000-0xd5ffffff
[    0.303129] pci 0000:00:1c.3:   PREFETCH window: 0x000000df800000-0x000000df8fffff
[    0.303253] pci 0000:00:1c.4: PCI bridge, secondary bus 0000:0d
[    0.303342] pci 0000:00:1c.4:   IO window: 0x6000-0x6fff
[    0.303439] pci 0000:00:1c.4:   MEM window: 0xd0000000-0xd1ffffff
[    0.303533] pci 0000:00:1c.4:   PREFETCH window: 0x000000df500000-0x000000df5fffff
[    0.303662] pci 0000:15:00.0: CardBus bridge, secondary bus 0000:16
[    0.303752] pci 0000:15:00.0:   IO window: 0x007000-0x0070ff
[    0.303855] pci 0000:15:00.0:   IO window: 0x007400-0x0074ff
[    0.303957] pci 0000:15:00.0:   PREFETCH window: 0xf4000000-0xf7ffffff
[    0.304052] pci 0000:15:00.0:   MEM window: 0x40000000-0x43ffffff
[    0.304144] pci 0000:00:1e.0: PCI bridge, secondary bus 0000:15
[    0.304246] pci 0000:00:1e.0:   IO window: 0x7000-0xafff
[    0.304335] pci 0000:00:1e.0:   MEM window: 0xf8300000-0xfbffffff
[    0.304434] pci 0000:00:1e.0:   PREFETCH window: 0x000000f4000000-0x000000f7ffffff
[    0.304583] pci 0000:00:1c.0: PCI INT A -> GSI 20 (level, low) -> IRQ 20
[    0.304685] pci 0000:00:1c.0: setting latency timer to 64
[    0.304699] pci 0000:00:1c.1: PCI INT B -> GSI 21 (level, low) -> IRQ 21
[    0.304794] pci 0000:00:1c.1: setting latency timer to 64
[    0.304807] pci 0000:00:1c.2: PCI INT C -> GSI 22 (level, low) -> IRQ 22
[    0.304905] pci 0000:00:1c.2: setting latency timer to 64
[    0.304915] pci 0000:00:1c.3: PCI INT D -> GSI 23 (level, low) -> IRQ 23
[    0.305013] pci 0000:00:1c.3: setting latency timer to 64
[    0.305026] pci 0000:00:1c.4: PCI INT A -> GSI 20 (level, low) -> IRQ 20
[    0.305126] pci 0000:00:1c.4: setting latency timer to 64
[    0.305135] pci 0000:00:1e.0: enabling device (0005 -> 0007)
[    0.305228] pci 0000:00:1e.0: setting latency timer to 64
[    0.305242] pci 0000:15:00.0: PCI INT A -> GSI 16 (level, low) -> IRQ 16
[    0.305339] pci 0000:15:00.0: setting latency timer to 64
[    0.305345] pci_bus 0000:00: resource 0 io:  [0x00-0xffff]
[    0.305347] pci_bus 0000:00: resource 1 mem: [0x000000-0xffffffff]
[    0.305349] pci_bus 0000:02: resource 0 io:  [0x2000-0x2fff]
[    0.305351] pci_bus 0000:02: resource 1 mem: [0xfc000000-0xfdffffff]
[    0.305353] pci_bus 0000:02: resource 2 pref mem [0xf8000000-0xf80fffff]
[    0.305355] pci_bus 0000:03: resource 0 io:  [0x3000-0x3fff]
[    0.305356] pci_bus 0000:03: resource 1 mem: [0xdc000000-0xdf3fffff]
[    0.305358] pci_bus 0000:03: resource 2 pref mem [0xdfe00000-0xdfefffff]
[    0.305360] pci_bus 0000:04: resource 0 io:  [0x4000-0x4fff]
[    0.305362] pci_bus 0000:04: resource 1 mem: [0xd8000000-0xd9ffffff]
[    0.305364] pci_bus 0000:04: resource 2 pref mem [0xdfb00000-0xdfbfffff]
[    0.305365] pci_bus 0000:05: resource 0 io:  [0x5000-0x5fff]
[    0.305367] pci_bus 0000:05: resource 1 mem: [0xd4000000-0xd5ffffff]
[    0.305369] pci_bus 0000:05: resource 2 pref mem [0xdf800000-0xdf8fffff]
[    0.305371] pci_bus 0000:0d: resource 0 io:  [0x6000-0x6fff]
[    0.305372] pci_bus 0000:0d: resource 1 mem: [0xd0000000-0xd1ffffff]
[    0.305374] pci_bus 0000:0d: resource 2 pref mem [0xdf500000-0xdf5fffff]
[    0.305376] pci_bus 0000:15: resource 0 io:  [0x7000-0xafff]
[    0.305378] pci_bus 0000:15: resource 1 mem: [0xf8300000-0xfbffffff]
[    0.305379] pci_bus 0000:15: resource 2 pref mem [0xf4000000-0xf7ffffff]
[    0.305381] pci_bus 0000:15: resource 3 io:  [0x00-0xffff]
[    0.305383] pci_bus 0000:15: resource 4 mem: [0x000000-0xffffffff]
[    0.305385] pci_bus 0000:16: resource 0 io:  [0x7000-0x70ff]
[    0.305386] pci_bus 0000:16: resource 1 io:  [0x7400-0x74ff]
[    0.305388] pci_bus 0000:16: resource 2 pref mem [0xf4000000-0xf7ffffff]
[    0.305390] pci_bus 0000:16: resource 3 mem: [0x40000000-0x43ffffff]
[    0.305397] NET: Registered protocol family 2
[    0.305497] RANDOM - __random32 called. Change num 7.  Value: 7ba3d01e	3ca905be	d2026a24
[    0.305498] RANDOM - random32 called.  Value: 7ba3d01e	3ca905be	d2026a24
[    0.305503] random 0000 0000 0000 5f8db4e5 4cfdf2a8: rand_read_num 3 get_random_bytes(4): sig fffffb64 5f8db4e5 4cfdf2a8
[    0.305505] random 0000 0000 0000 5f8db4e5 4cfdf2a8: extract_entropy(.. 4 ..)
[    0.305508] random 0000 0000 0000 5f8db4e5 4cfdf2a8: going to reseed nonblocking with 64 bits (32 of 0 requested)
[    0.305510] random 0000 0000 0000 5f8db4e5 4cfdf2a8: extract_entropy(.. 8 ..)
[    0.305512] random 0000 0000 0000 5f8db4e5 4cfdf2a8: trying to extract 64 bits from input
[    0.305514] random 0000 0000 0000 5f8db4e5 4cfdf2a8: debiting 0 entropy credits from input
[    0.305516] random 0000 0000 0000 5f8db4e5 4cfdf2a8: extract_entropy account returned: 0 
[    0.305519] random 0000 0000 0000 5f8db4e5 4cfdf2a8: urand_change_num 5 xfer_secondary_pool(4): pool_sig fffffb64, data_sig 00000000, bytes_mixed 0 5f8db4e5 4cfdf2a8
[    0.305522] random 0000 0000 0000 5f8db4e5 4cfdf2a8: trying to extract 32 bits from nonblocking
[    0.305524] random 0000 0000 0000 5f8db4e5 4cfdf2a8: debiting 32 entropy credits from nonblocking (unlimited)
[    0.305526] random 0000 0000 0000 5f8db4e5 4cfdf2a8: extract_entropy account returned: 4 
[    0.305530] random 0000 0000 0000 5f8db4e5 4cfdf2a8: urand_change_num 6 extract_buf: pool_sig fffffb64, data_sig 00000241, bytes_mixed 20 5f8db4e5 4cfdf2a8
[    0.305539] IP route cache hash table entries: 32768 (order: 5, 131072 bytes)
[    0.305670] RANDOM - __random32 called. Change num 8.  Value: 3d01e034	ca905be7	d4484227
[    0.305671] RANDOM - random32 called.  Value: 3d01e034	ca905be7	d4484227
[    0.305682] RANDOM - __random32 called. Change num 9.  Value: 1e034020	a905be70	844ec14a
[    0.305684] RANDOM - random32 called.  Value: 1e034020	a905be70	844ec14a
[    0.305685] RANDOM - __random32 called. Change num 10.  Value: 34020ec0	905be706	8294c719
[    0.305687] RANDOM - random32 called.  Value: 34020ec0	905be706	8294c719
[    0.305698] RANDOM - __random32 called. Change num 11.  Value: 20ec0ebb	5be7068	8e32c65f
[    0.305699] RANDOM - random32 called.  Value: 20ec0ebb	5be7068	8e32c65f
[    0.305709] TCP established hash table entries: 131072 (order: 8, 1048576 bytes)
[    0.306201] TCP bind hash table entries: 65536 (order: 6, 262144 bytes)
[    0.306392] TCP: Hash tables configured (established 131072 bind 65536)
[    0.306482] TCP reno registered
[    0.306582] NET: Registered protocol family 1
[    0.306705] RPC: Registered udp transport module.
[    0.306792] RPC: Registered tcp transport module.
[    0.306892] RPC: Registered tcp NFSv4.1 backchannel transport module.
[    0.306987] pci 0000:00:02.0: Boot video device
[    0.307199] Simple Boot Flag at 0x35 set to 0x1
[    0.307731] highmem bounce pool size: 64 pages
[    0.309299] VFS: Disk quotas dquot_6.5.2
[    0.309434] Dquot-cache hash table entries: 1024 (order 0, 4096 bytes)
[    0.310114] NTFS driver 2.1.29 [Flags: R/W].
[    0.310275] ROMFS MTD (C) 2007 Red Hat, Inc.
[    0.310488] JFS: nTxBlock = 7695, nTxLock = 61562
[    0.312953] SGI XFS with ACLs, security attributes, large block/inode numbers, no debug enabled
[    0.313434] SGI XFS Quota Management subsystem
[    0.313721] Slow work thread pool: Starting up
[    0.313826] Slow work thread pool: Ready
[    0.313952] GFS2 (built May 24 2013 02:47:17) installed
[    0.314046] msgmni has been set to 1734
[    0.314218] alg: No test for cipher_null (cipher_null-generic)
[    0.314321] alg: No test for ecb(cipher_null) (ecb-cipher_null)
[    0.314419] alg: No test for digest_null (digest_null-generic)
[    0.314518] alg: No test for compress_null (compress_null-generic)
[    0.315093] alg: No test for fcrypt (fcrypt-generic)
[    0.316503] alg: No test for stdrng (krng)
[    0.316599] async_tx: api initialized (async)
[    0.316757] Block layer SCSI generic (bsg) driver version 0.4 loaded (major 254)
[    0.316890] io scheduler noop registered
[    0.316977] io scheduler anticipatory registered
[    0.317065] io scheduler deadline registered
[    0.317197] io scheduler cfq registered (default)
[    0.317454] pcieport 0000:00:1c.0: irq 24 for MSI/MSI-X
[    0.317466] pcieport 0000:00:1c.0: setting latency timer to 64
[    0.317649] pcieport 0000:00:1c.1: irq 25 for MSI/MSI-X
[    0.317660] pcieport 0000:00:1c.1: setting latency timer to 64
[    0.317850] pcieport 0000:00:1c.2: irq 26 for MSI/MSI-X
[    0.317861] pcieport 0000:00:1c.2: setting latency timer to 64
[    0.318037] pcieport 0000:00:1c.3: irq 27 for MSI/MSI-X
[    0.318048] pcieport 0000:00:1c.3: setting latency timer to 64
[    0.318224] pcieport 0000:00:1c.4: irq 28 for MSI/MSI-X
[    0.318237] pcieport 0000:00:1c.4: setting latency timer to 64
[    0.318381] pci_hotplug: PCI Hot Plug PCI Core version: 0.5
[    0.318579] isapnp: Scanning for PnP cards...
[    0.679099] isapnp: No Plug & Play device found
[    0.679197] random 0000 0000 0000 5f8db4e5 4cfdf2a8: initializing
[    0.698668] Serial: 8250/16550 driver, 4 ports, IRQ sharing enabled
[    3.709358] floppy0: no floppy controllers found
[    3.710297] brd: module loaded
[    3.710805] loop: module loaded
[    3.710893] Compaq SMART2 Driver (v 2.6.0)
[    3.711017] HP CISS Driver (v 3.6.20)
[    3.711270] input: Macintosh mouse button emulation as /devices/virtual/input/input0
[    3.711411] Uniform Multi-Platform E-IDE driver
[    3.711647] piix 0000:00:1f.1: IDE controller (0x8086:0x2850 rev 0x03)
[    3.711760] pci 0000:00:1f.1: PCI INT C -> GSI 16 (level, low) -> IRQ 16
[    3.711867] piix 0000:00:1f.1: IDE port disabled
[    3.711967] piix 0000:00:1f.1: not 100% native mode: will probe irqs later
[    3.712073]     ide0: BM-DMA at 0x1c00-0x1c07
[    3.712164] Probing IDE interface ide0...
[    4.383481] hda: HL-DT-ST DVDRAM GSA-U10N, ATAPI CD/DVD-ROM drive
[    4.690246] hda: host max PIO4 wanted PIO255(auto-tune) selected PIO4
[    4.691015] hda: UDMA/33 mode selected
[    4.691484] ide0 at 0x1f0-0x1f7,0x3f6 on irq 14
[    4.695406] ide-gd driver 1.18
[    4.695510] ide-cd driver 5.00
[    4.696897] ide-cd: hda: ATAPI 24X DVD-ROM DVD-R/RAM CD-R/RW drive, 2048kB Cache
[    4.697363] Uniform CD-ROM driver Revision: 3.20
[    4.704403] Loading iSCSI transport class v2.0-870.
[    4.704690] rdac: device handler registered
[    4.704777] hp_sw: device handler registered
[    4.704866] emc: device handler registered
[    4.704957] alua: device handler registered
[    4.705944] Adaptec aacraid driver 1.1-5[2461]-ms
[    4.706358] scsi: <fdomain> Detection failed (no card)
[    4.706454] sym53c416.c: Version 1.0.0-ac
[    4.706559] qlogicfas: no cards were found, please specify I/O address and IRQ using iobase= and irq= options
[    4.706693] QLogic Fibre Channel HBA Driver: 8.03.01-k6
[    4.706914] iscsi: registered transport (qla4xxx)
[    4.707032] QLogic iSCSI HBA Driver
[    4.707119] Emulex LightPulse Fibre Channel SCSI driver 8.3.4
[    4.707223] Copyright(c) 2004-2009 Emulex.  All rights reserved.
[    4.729230] Failed initialization of WD-7000 SCSI card!
[    4.818204] DC390: clustering now enabled by default. If you get problems load
[    4.818324]        with "disable_clustering=1" and report to maintainers
[    4.818464] megaraid cmm: 2.20.2.7 (Release Date: Sun Jul 16 00:01:03 EST 2006)
[    4.818618] megaraid: 2.20.5.1 (Release Date: Thu Nov 16 15:32:35 EST 2006)
[    4.818735] megasas: 00.00.04.01 Thu July 24 11:41:51 PST 2008
[    4.818871] GDT-HA: Storage RAID Controller Driver. Version: 3.05
[    4.819016] 3ware Storage Controller device driver for Linux v1.26.02.002.
[    4.819130] 3ware 9000 Storage Controller device driver for Linux v2.26.02.012.
[    4.819285] nsp32: loading...
[    4.819392] ipr: IBM Power RAID SCSI Device Driver version: 2.4.3 (June 10, 2009)
[    4.819537] RocketRAID 3xxx/4xxx Controller driver v1.6 (090910)
[    4.819648] stex: Promise SuperTrak EX Driver version: 4.6.0000.3
[    4.819780] st: Version 20081215, fixed bufsize 32768, s/g segs 256
[    4.819974] ahci 0000:00:1f.2: version 3.0
[    4.819987] ahci 0000:00:1f.2: PCI INT B -> GSI 16 (level, low) -> IRQ 16
[    4.820117] ahci 0000:00:1f.2: irq 29 for MSI/MSI-X
[    4.820174] ahci 0000:00:1f.2: AHCI 0001.0100 32 slots 3 ports 1.5 Gbps 0x5 impl SATA mode
[    4.820310] ahci 0000:00:1f.2: flags: 64bit ncq sntf pm led clo pio slum part ccc 
[    4.820446] ahci 0000:00:1f.2: setting latency timer to 64
[    4.820588] scsi2 : ahci
[    4.820745] scsi3 : ahci
[    4.820885] scsi4 : ahci
[    4.821050] ata1: SATA max UDMA/133 abar m2048@0xfe226000 port 0xfe226100 irq 29
[    4.821180] ata2: DUMMY
[    4.821290] ata3: SATA max UDMA/133 abar m2048@0xfe226000 port 0xfe226200 irq 29
[    4.821893] I2O subsystem v1.325
[    4.821978] i2o: max drivers = 8
[    4.822124] I2O Configuration OSM v1.323
[    4.822243] I2O Bus Adapter OSM v1.317
[    4.822354] I2O Block Device OSM v1.325
[    4.822514] I2O SCSI Peripheral OSM v1.316
[    4.822618] I2O ProcFS OSM v1.316
[    4.822722] Fusion MPT base driver 3.04.12
[    4.822814] Copyright (c) 1999-2008 LSI Corporation
[    4.822923] Fusion MPT SPI Host driver 3.04.12
[    4.823030] Fusion MPT FC Host driver 3.04.12
[    4.823144] Fusion MPT SAS Host driver 3.04.12
[    4.823349] ohci1394 0000:15:00.1: PCI INT B -> GSI 17 (level, low) -> IRQ 17
[    4.823461] ohci1394 0000:15:00.1: setting latency timer to 64
[    4.877230] ohci1394: fw-host0: OHCI-1394 1.1 (PCI): IRQ=[17]  MMIO=[f8301000-f83017ff]  Max Packet=[2048]  IR/IT contexts=[4/4]
[    4.881498] ehci_hcd: USB 2.0 'Enhanced' Host Controller (EHCI) Driver
[    4.881810] ehci_hcd 0000:00:1a.7: power state changed by ACPI to D0
[    4.882055] ehci_hcd 0000:00:1a.7: power state changed by ACPI to D0
[    4.882153] ehci_hcd 0000:00:1a.7: PCI INT C -> GSI 22 (level, low) -> IRQ 22
[    4.882254] ehci_hcd 0000:00:1a.7: setting latency timer to 64
[    4.882257] ehci_hcd 0000:00:1a.7: EHCI Host Controller
[    4.882394] ehci_hcd 0000:00:1a.7: new USB bus registered, assigned bus number 1
[    4.886430] ehci_hcd 0000:00:1a.7: cache line size of 32 is not supported
[    4.886437] ehci_hcd 0000:00:1a.7: irq 22, io mem 0xfe226c00
[    4.896187] ehci_hcd 0000:00:1a.7: USB 2.0 started, EHCI 1.00
[    4.896295] usb usb1: New USB device found, idVendor=1d6b, idProduct=0002
[    4.896394] usb usb1: New USB device strings: Mfr=3, Product=2, SerialNumber=1
[    4.896513] usb usb1: Product: EHCI Host Controller
[    4.896609] usb usb1: Manufacturer: Linux 2.6.32.57 ehci_hcd
[    4.896705] usb usb1: SerialNumber: 0000:00:1a.7
[    4.896849] usb usb1: configuration #1 chosen from 1 choice
[    4.896965] hub 1-0:1.0: USB hub found
[    4.897057] hub 1-0:1.0: 4 ports detected
[    4.897366] ehci_hcd 0000:00:1d.7: power state changed by ACPI to D0
[    4.897613] ehci_hcd 0000:00:1d.7: power state changed by ACPI to D0
[    4.897711] ehci_hcd 0000:00:1d.7: PCI INT D -> GSI 19 (level, low) -> IRQ 19
[    4.897825] ehci_hcd 0000:00:1d.7: setting latency timer to 64
[    4.897830] ehci_hcd 0000:00:1d.7: EHCI Host Controller
[    4.897962] ehci_hcd 0000:00:1d.7: new USB bus registered, assigned bus number 2
[    4.898118] ehci_hcd 0000:00:1d.7: debug port 1
[    4.902114] ehci_hcd 0000:00:1d.7: cache line size of 32 is not supported
[    4.902121] ehci_hcd 0000:00:1d.7: irq 19, io mem 0xfe227000
[    4.912186] ehci_hcd 0000:00:1d.7: USB 2.0 started, EHCI 1.00
[    4.912295] usb usb2: New USB device found, idVendor=1d6b, idProduct=0002
[    4.912384] usb usb2: New USB device strings: Mfr=3, Product=2, SerialNumber=1
[    4.912506] usb usb2: Product: EHCI Host Controller
[    4.912602] usb usb2: Manufacturer: Linux 2.6.32.57 ehci_hcd
[    4.912705] usb usb2: SerialNumber: 0000:00:1d.7
[    4.912852] usb usb2: configuration #1 chosen from 1 choice
[    4.912969] hub 2-0:1.0: USB hub found
[    4.913069] hub 2-0:1.0: 6 ports detected
[    4.913260] 116x: driver isp116x-hcd, 03 Nov 2005
[    4.913369] ohci_hcd: USB 1.1 'Open' Host Controller (OHCI) Driver
[    4.913487] uhci_hcd: USB Universal Host Controller Interface driver
[    4.913598] uhci_hcd 0000:00:1a.0: PCI INT A -> GSI 20 (level, low) -> IRQ 20
[    4.913694] uhci_hcd 0000:00:1a.0: setting latency timer to 64
[    4.913699] uhci_hcd 0000:00:1a.0: UHCI Host Controller
[    4.913829] uhci_hcd 0000:00:1a.0: new USB bus registered, assigned bus number 3
[    4.913988] uhci_hcd 0000:00:1a.0: irq 20, io base 0x00001860
[    4.914111] usb usb3: New USB device found, idVendor=1d6b, idProduct=0001
[    4.914206] usb usb3: New USB device strings: Mfr=3, Product=2, SerialNumber=1
[    4.914327] usb usb3: Product: UHCI Host Controller
[    4.914415] usb usb3: Manufacturer: Linux 2.6.32.57 uhci_hcd
[    4.914513] usb usb3: SerialNumber: 0000:00:1a.0
[    4.914645] usb usb3: configuration #1 chosen from 1 choice
[    4.914762] hub 3-0:1.0: USB hub found
[    4.914854] hub 3-0:1.0: 2 ports detected
[    4.915142] uhci_hcd 0000:00:1a.1: power state changed by ACPI to D0
[    4.915399] uhci_hcd 0000:00:1a.1: power state changed by ACPI to D0
[    4.915501] uhci_hcd 0000:00:1a.1: PCI INT B -> GSI 21 (level, low) -> IRQ 21
[    4.915605] uhci_hcd 0000:00:1a.1: setting latency timer to 64
[    4.915609] uhci_hcd 0000:00:1a.1: UHCI Host Controller
[    4.915737] uhci_hcd 0000:00:1a.1: new USB bus registered, assigned bus number 4
[    4.915889] uhci_hcd 0000:00:1a.1: irq 21, io base 0x00001880
[    4.916007] usb usb4: New USB device found, idVendor=1d6b, idProduct=0001
[    4.916103] usb usb4: New USB device strings: Mfr=3, Product=2, SerialNumber=1
[    4.916230] usb usb4: Product: UHCI Host Controller
[    4.916319] usb usb4: Manufacturer: Linux 2.6.32.57 uhci_hcd
[    4.916418] usb usb4: SerialNumber: 0000:00:1a.1
[    4.916559] usb usb4: configuration #1 chosen from 1 choice
[    4.916677] hub 4-0:1.0: USB hub found
[    4.916768] hub 4-0:1.0: 2 ports detected
[    4.917060] uhci_hcd 0000:00:1d.0: power state changed by ACPI to D0
[    4.917316] uhci_hcd 0000:00:1d.0: power state changed by ACPI to D0
[    4.917410] uhci_hcd 0000:00:1d.0: PCI INT A -> GSI 16 (level, low) -> IRQ 16
[    4.917509] uhci_hcd 0000:00:1d.0: setting latency timer to 64
[    4.917511] uhci_hcd 0000:00:1d.0: UHCI Host Controller
[    4.917642] uhci_hcd 0000:00:1d.0: new USB bus registered, assigned bus number 5
[    4.917793] uhci_hcd 0000:00:1d.0: irq 16, io base 0x000018a0
[    4.917915] usb usb5: New USB device found, idVendor=1d6b, idProduct=0001
[    4.918006] usb usb5: New USB device strings: Mfr=3, Product=2, SerialNumber=1
[    4.918127] usb usb5: Product: UHCI Host Controller
[    4.918233] usb usb5: Manufacturer: Linux 2.6.32.57 uhci_hcd
[    4.918324] usb usb5: SerialNumber: 0000:00:1d.0
[    4.918459] usb usb5: configuration #1 chosen from 1 choice
[    4.918577] hub 5-0:1.0: USB hub found
[    4.918670] hub 5-0:1.0: 2 ports detected
[    4.918813] uhci_hcd 0000:00:1d.1: PCI INT B -> GSI 17 (level, low) -> IRQ 17
[    4.918909] uhci_hcd 0000:00:1d.1: setting latency timer to 64
[    4.918911] uhci_hcd 0000:00:1d.1: UHCI Host Controller
[    4.919043] uhci_hcd 0000:00:1d.1: new USB bus registered, assigned bus number 6
[    4.919196] uhci_hcd 0000:00:1d.1: irq 17, io base 0x000018c0
[    4.919310] usb usb6: New USB device found, idVendor=1d6b, idProduct=0001
[    4.919405] usb usb6: New USB device strings: Mfr=3, Product=2, SerialNumber=1
[    4.919536] usb usb6: Product: UHCI Host Controller
[    4.919628] usb usb6: Manufacturer: Linux 2.6.32.57 uhci_hcd
[    4.919724] usb usb6: SerialNumber: 0000:00:1d.1
[    4.919864] usb usb6: configuration #1 chosen from 1 choice
[    4.919985] hub 6-0:1.0: USB hub found
[    4.920074] hub 6-0:1.0: 2 ports detected
[    4.920377] uhci_hcd 0000:00:1d.2: power state changed by ACPI to D0
[    4.920614] uhci_hcd 0000:00:1d.2: power state changed by ACPI to D0
[    4.920714] uhci_hcd 0000:00:1d.2: PCI INT C -> GSI 18 (level, low) -> IRQ 18
[    4.920811] uhci_hcd 0000:00:1d.2: setting latency timer to 64
[    4.920815] uhci_hcd 0000:00:1d.2: UHCI Host Controller
[    4.920948] uhci_hcd 0000:00:1d.2: new USB bus registered, assigned bus number 7
[    4.921100] uhci_hcd 0000:00:1d.2: irq 18, io base 0x000018e0
[    4.921221] usb usb7: New USB device found, idVendor=1d6b, idProduct=0001
[    4.921326] usb usb7: New USB device strings: Mfr=3, Product=2, SerialNumber=1
[    4.921447] usb usb7: Product: UHCI Host Controller
[    4.921550] usb usb7: Manufacturer: Linux 2.6.32.57 uhci_hcd
[    4.921645] usb usb7: SerialNumber: 0000:00:1d.2
[    4.922437] usb usb7: configuration #1 chosen from 1 choice
[    4.922552] hub 7-0:1.0: USB hub found
[    4.922643] hub 7-0:1.0: 2 ports detected
[    4.922810] sl811: driver sl811-hcd, 19 May 2005
[    4.922921] r8a66597_hcd: driver r8a66597_hcd, 2009-05-26
[    4.923091] Initializing USB Mass Storage driver...
[    4.923222] usbcore: registered new interface driver usb-storage
[    4.923319] USB Mass Storage support registered.
[    4.923435] usbcore: registered new interface driver ums-alauda
[    4.923543] usbcore: registered new interface driver ums-cypress
[    4.923656] usbcore: registered new interface driver ums-datafab
[    4.923764] usbcore: registered new interface driver ums-freecom
[    4.923873] usbcore: registered new interface driver ums-isd200
[    4.923983] usbcore: registered new interface driver ums-jumpshot
[    4.924096] usbcore: registered new interface driver ums-karma
[    4.924226] usbcore: registered new interface driver ums-onetouch
[    4.924339] usbcore: registered new interface driver ums-sddr09
[    4.924452] usbcore: registered new interface driver ums-sddr55
[    4.924561] usbcore: registered new interface driver ums-usbat
[    4.924707] PNP: PS/2 Controller [PNP0303:KBD,PNP0f13:MOU] at 0x60,0x64 irq 1,12
[    4.935395] serio: i8042 KBD port at 0x60,0x64 irq 1
[    4.935483] serio: i8042 AUX port at 0x60,0x64 irq 12
[    4.935727] mice: PS/2 mouse device common for all mice
[    4.935848] i2c /dev entries driver
[    4.935988] md: linear personality registered for level -1
[    4.936091] md: raid0 personality registered for level 0
[    4.936199] md: raid1 personality registered for level 1
[    4.936287] md: raid10 personality registered for level 10
[    4.936375] md: raid6 personality registered for level 6
[    4.936462] md: raid5 personality registered for level 5
[    4.936568] md: raid4 personality registered for level 4
[    4.936666] md: multipath personality registered for level -4
[    4.936859] device-mapper: ioctl: 4.15.0-ioctl (2009-04-01) initialised: dm-devel@redhat.com
[    4.937056] cpuidle: using governor ladder
[    4.937661] usbcore: registered new interface driver usbhid
[    4.937756] usbhid: v2.6:USB HID core driver
[    4.937920] random 0000 0000 0000 00000000 00000000: rand_read_num 4 get_random_bytes(136): sig 00000000 00000000 00000000
[    4.937923] random 0000 0000 0000 00000000 00000000: extract_entropy(.. 136 ..)
[    4.937925] random 0000 0000 0000 00000000 00000000: going to reseed nonblocking with 1024 bits (1088 of 0 requested)
[    4.937928] random 0000 0000 0000 00000000 00000000: extract_entropy(.. 128 ..)
[    4.937930] random 0000 0000 0000 00000000 00000000: trying to extract 1024 bits from input
[    4.937932] random 0000 0000 0000 00000000 00000000: debiting 0 entropy credits from input
[    4.937934] random 0000 0000 0000 00000000 00000000: extract_entropy account returned: 0 
[    4.937937] random 0000 0000 0000 00000000 00000000: urand_change_num 7 xfer_secondary_pool(136): pool_sig 00000000, data_sig 00000000, bytes_mixed 0 00000000 00000000
[    4.937940] random 0000 0000 0000 00000000 00000000: trying to extract 1088 bits from nonblocking
[    4.937943] random 0000 0000 0000 00000000 00000000: debiting 1088 entropy credits from nonblocking (unlimited)
[    4.937945] random 0000 0000 0000 00000000 00000000: extract_entropy account returned: 136 
[    4.937949] random 0000 0000 0000 00000000 00000000: urand_change_num 8 extract_buf: pool_sig 00000000, data_sig fffffff9, bytes_mixed 20 00000000 00000000
[    4.937954] random 0000 0000 0000 b7c35b56 be4dc95d: urand_change_num 9 extract_buf: pool_sig fffffd1e, data_sig 000000c5, bytes_mixed 20 b7c35b56 be4dc95d
[    4.937960] random 0000 0000 0000 ed9f5c47 c48487fb: urand_change_num 10 extract_buf: pool_sig fffff8ec, data_sig ffffff68, bytes_mixed 20 ed9f5c47 c48487fb
[    4.937965] random 0000 0000 0000 ed9f5c47 c48487fb: urand_change_num 11 extract_buf: pool_sig fffffaed, data_sig 000001aa, bytes_mixed 20 ed9f5c47 c48487fb
[    4.937970] random 0000 0000 0000 1b4f7c0a 91bd6a48: urand_change_num 12 extract_buf: pool_sig fffffdd8, data_sig 00000064, bytes_mixed 20 1b4f7c0a 91bd6a48
[    4.937975] random 0000 0000 0000 a254b9bc 20e9a24f: urand_change_num 13 extract_buf: pool_sig fffffbe6, data_sig 000001dd, bytes_mixed 20 a254b9bc 20e9a24f
[    4.937980] random 0000 0000 0000 a254b9bc 20e9a24f: urand_change_num 14 extract_buf: pool_sig fffff940, data_sig fffffe20, bytes_mixed 20 a254b9bc 20e9a24f
[    4.937985] random 0000 0000 0000 2831a66b 5fa2a3ad: urand_change_num 15 extract_buf: pool_sig fffffbce, data_sig 0000007e, bytes_mixed 20 2831a66b 5fa2a3ad
[    4.937991] random 0000 0000 0000 2831a66b 5fa2a3ad: urand_change_num 16 extract_buf: pool_sig 000004df, data_sig fffffe8f, bytes_mixed 20 2831a66b 5fa2a3ad
[    4.937996] random 0000 0000 0000 d4512bfd c9a54e0b: urand_change_num 17 extract_buf: pool_sig 00000485, data_sig fffffe68, bytes_mixed 20 d4512bfd c9a54e0b
[    4.938001] random 0000 0000 0000 c7371be6 f9ffea11: urand_change_num 18 extract_buf: pool_sig 00000095, data_sig ffffffed, bytes_mixed 20 c7371be6 f9ffea11
[    4.938006] random 0000 0000 0000 c7371be6 f9ffea11: urand_change_num 19 extract_buf: pool_sig 000003a7, data_sig fffffefa, bytes_mixed 20 c7371be6 f9ffea11
[    4.938011] random 0000 0000 0000 8fb4b62c d1ddba54: urand_change_num 20 extract_buf: pool_sig 00000179, data_sig ffffff78, bytes_mixed 20 8fb4b62c d1ddba54
[    4.938016] random 0000 0000 0000 9ff19f9c c07a1d2a: urand_change_num 21 extract_buf: pool_sig fffffe88, data_sig 00000126, bytes_mixed 20 9ff19f9c c07a1d2a
[    4.938020] TCP cubic registered
[    4.938108] Initializing XFRM netlink socket
[    4.938210] NET: Registered protocol family 17
[    4.938303] Using IPI Shortcut mode
[    4.938390] random 0000 0000 0000 9ff19f9c c07a1d2a: rand_read_num 5 get_random_bytes(8): sig 0000031b 9ff19f9c c07a1d2a
[    4.938392] random 0000 0000 0000 9ff19f9c c07a1d2a: extract_entropy(.. 8 ..)
[    4.938395] random 0000 0000 0000 9ff19f9c c07a1d2a: going to reseed nonblocking with 64 bits (64 of 0 requested)
[    4.938397] random 0000 0000 0000 9ff19f9c c07a1d2a: extract_entropy(.. 8 ..)
[    4.938399] random 0000 0000 0000 9ff19f9c c07a1d2a: trying to extract 64 bits from input
[    4.938401] random 0000 0000 0000 9ff19f9c c07a1d2a: debiting 0 entropy credits from input
[    4.938403] random 0000 0000 0000 9ff19f9c c07a1d2a: extract_entropy account returned: 0 
[    4.938406] random 0000 0000 0000 9ff19f9c c07a1d2a: urand_change_num 22 xfer_secondary_pool(8): pool_sig 0000031b, data_sig 00000000, bytes_mixed 0 9ff19f9c c07a1d2a
[    4.938409] random 0000 0000 0000 9ff19f9c c07a1d2a: trying to extract 64 bits from nonblocking
[    4.938411] random 0000 0000 0000 9ff19f9c c07a1d2a: debiting 64 entropy credits from nonblocking (unlimited)
[    4.938413] random 0000 0000 0000 9ff19f9c c07a1d2a: extract_entropy account returned: 8 
[    4.938417] random 0000 0000 0000 9ff19f9c c07a1d2a: urand_change_num 23 extract_buf: pool_sig 0000031b, data_sig ffffffb3, bytes_mixed 20 9ff19f9c c07a1d2a
[    4.941190] input: AT Translated Set 2 keyboard as /devices/platform/i8042/serio0/input/input1
[    5.130166] ata3: SATA link down (SStatus 0 SControl 300)
[    5.130285] ata1: SATA link up 1.5 Gbps (SStatus 113 SControl 300)
[    5.131980] ata1.00: ACPI cmd ef/02:00:00:00:00:a0 (SET FEATURES) succeeded
[    5.131983] ata1.00: ACPI cmd f5/00:00:00:00:00:a0 (SECURITY FREEZE LOCK) filtered out
[    5.133376] ata1.00: ACPI cmd ef/5f:00:00:00:00:a0 (SET FEATURES) succeeded
[    5.133379] ata1.00: ACPI cmd ef/10:03:00:00:00:a0 (SET FEATURES) filtered out
[    5.135287] ata1.00: ATA-7: ST910021AS, 4.06, max UDMA/100
[    5.135375] ata1.00: 195371568 sectors, multi 16: LBA48 
[    5.137524] ata1.00: ACPI cmd ef/02:00:00:00:00:a0 (SET FEATURES) succeeded
[    5.137527] ata1.00: ACPI cmd f5/00:00:00:00:00:a0 (SECURITY FREEZE LOCK) filtered out
[    5.138919] ata1.00: ACPI cmd ef/5f:00:00:00:00:a0 (SET FEATURES) succeeded
[    5.138921] ata1.00: ACPI cmd ef/10:03:00:00:00:a0 (SET FEATURES) filtered out
[    5.140845] ata1.00: configured for UDMA/100
[    5.151215] scsi 2:0:0:0: Direct-Access     ATA      ST910021AS       4.06 PQ: 0 ANSI: 5
[    5.151498] sd 2:0:0:0: [sda] 195371568 512-byte logical blocks: (100 GB/93.1 GiB)
[    5.151647] sd 2:0:0:0: [sda] Write Protect is off
[    5.151736] sd 2:0:0:0: [sda] Mode Sense: 00 3a 00 00
[    5.151748] sd 2:0:0:0: [sda] Write cache: enabled, read cache: enabled, doesn't support DPO or FUA
[    5.151937]  sda:
[    5.219143] usb 2-1: new high speed USB device using ehci_hcd and address 2
[    5.368232] usb 2-1: New USB device found, idVendor=0e8d, idProduct=1806
[    5.368324] usb 2-1: New USB device strings: Mfr=1, Product=2, SerialNumber=3
[    5.368412] usb 2-1: Product: MT1806 
[    5.368494] usb 2-1: Manufacturer: MediaTek Inc
[    5.368579] usb 2-1: SerialNumber: R8KN6GAC800AEB 
[    5.368710] usb 2-1: configuration #1 chosen from 1 choice
[    5.375150] scsi5 : SCSI emulation for USB Mass Storage devices
[    5.375318] usb-storage: device found at 2
[    5.375320] usb-storage: waiting for device to settle before scanning
[    5.554862]  sda1 sda2
[    5.555583] sd 2:0:0:0: [sda] Attached SCSI disk
[    5.555681] random 0000 0000 0000 277f73c3 42024bb9: rand_read_num 6 get_random_bytes(12): sig 000007e9 277f73c3 42024bb9
[    5.555684] random 0000 0000 0000 277f73c3 42024bb9: extract_entropy(.. 12 ..)
[    5.555686] random 0000 0000 0000 277f73c3 42024bb9: going to reseed nonblocking with 96 bits (96 of 0 requested)
[    5.555688] random 0000 0000 0000 277f73c3 42024bb9: extract_entropy(.. 12 ..)
[    5.555690] random 0000 0000 0000 277f73c3 42024bb9: trying to extract 96 bits from input
[    5.555692] random 0000 0000 0000 277f73c3 42024bb9: debiting 0 entropy credits from input
[    5.555694] random 0000 0000 0000 277f73c3 42024bb9: extract_entropy account returned: 0 
[    5.555698] random 0000 0000 0000 277f73c3 42024bb9: urand_change_num 24 xfer_secondary_pool(12): pool_sig 000007e9, data_sig 00000000, bytes_mixed 0 277f73c3 42024bb9
[    5.555701] random 0000 0000 0000 277f73c3 42024bb9: trying to extract 96 bits from nonblocking
[    5.555703] random 0000 0000 0000 277f73c3 42024bb9: debiting 96 entropy credits from nonblocking (unlimited)
[    5.555705] random 0000 0000 0000 277f73c3 42024bb9: extract_entropy account returned: 12 
[    5.555709] random 0000 0000 0000 277f73c3 42024bb9: urand_change_num 25 extract_buf: pool_sig 000007e9, data_sig 00000088, bytes_mixed 20 277f73c3 42024bb9
[    5.555714] random 0000 0000 0000 277f73c3 42024bb9: urand_change_num 26 extract_buf: pool_sig 00000498, data_sig fffffefb, bytes_mixed 20 277f73c3 42024bb9
[    5.555717] RANDOM - __seed init called.
[    5.555718] RANDOM - __seed init called.
[    5.555719] RANDOM - __seed init called.
[    5.555721] RANDOM - __random32 called. Change num 12.  Value: 87f14767	f0d7351	b1e48bd3
[    5.555723] RANDOM - random32_reseed called.  Value: 87f14767	f0d7351	b1e48bd3
[    5.555725] Pid: 1, comm: swapper Not tainted 2.6.32.57 #3
[    5.555816] Call Trace:
[    5.555918]  [<c1923ca4>] ? random32_reseed+0xa0/0xb1
[    5.556008]  [<c1923c04>] ? random32_reseed+0x0/0xb1
[    5.556100]  [<c100111e>] ? do_one_initcall+0x2e/0x180
[    5.556190]  [<c1907265>] ? kernel_init+0xad/0x103
[    5.556276]  [<c19071b8>] ? kernel_init+0x0/0x103
[    5.556363]  [<c1003787>] ? kernel_thread_helper+0x7/0x10
[    5.556901] random 0000 0000 0000 386b4e60 ee4d4880: rand_read_num 7 get_random_bytes(64): sig fffffea5 386b4e60 ee4d4880
[    5.556903] random 0000 0000 0000 386b4e60 ee4d4880: extract_entropy(.. 64 ..)
[    5.556905] random 0000 0000 0000 386b4e60 ee4d4880: going to reseed nonblocking with 512 bits (512 of 0 requested)
[    5.556907] random 0000 0000 0000 386b4e60 ee4d4880: extract_entropy(.. 64 ..)
[    5.556910] random 0000 0000 0000 386b4e60 ee4d4880: trying to extract 512 bits from input
[    5.556912] random 0000 0000 0000 386b4e60 ee4d4880: debiting 0 entropy credits from input
[    5.556914] random 0000 0000 0000 386b4e60 ee4d4880: extract_entropy account returned: 0 
[    5.556917] random 0000 0000 0000 386b4e60 ee4d4880: urand_change_num 27 xfer_secondary_pool(64): pool_sig fffffea5, data_sig 00000000, bytes_mixed 0 386b4e60 ee4d4880
[    5.556920] random 0000 0000 0000 386b4e60 ee4d4880: trying to extract 512 bits from nonblocking
[    5.556922] random 0000 0000 0000 386b4e60 ee4d4880: debiting 512 entropy credits from nonblocking (unlimited)
[    5.556924] random 0000 0000 0000 386b4e60 ee4d4880: extract_entropy account returned: 64 
[    5.556928] random 0000 0000 0000 386b4e60 ee4d4880: urand_change_num 28 extract_buf: pool_sig fffffea5, data_sig 00000173, bytes_mixed 20 386b4e60 ee4d4880
[    5.556933] random 0000 0000 0000 412698f6 0cc8689a: urand_change_num 29 extract_buf: pool_sig 00000122, data_sig ffffff63, bytes_mixed 20 412698f6 0cc8689a
[    5.556939] random 0000 0000 0000 412698f6 0cc8689a: urand_change_num 30 extract_buf: pool_sig 000001f7, data_sig 00000012, bytes_mixed 20 412698f6 0cc8689a
[    5.556944] random 0000 0000 0000 9669941e 06f768b1: urand_change_num 31 extract_buf: pool_sig fffffb5b, data_sig 0000003f, bytes_mixed 20 9669941e 06f768b1
[    5.556949] random 0000 0000 0000 98486520 995551f0: urand_change_num 32 extract_buf: pool_sig fffffb39, data_sig 0000000e, bytes_mixed 20 98486520 995551f0
[    5.556955] random 0000 0000 0000 98486520 995551f0: urand_change_num 33 extract_buf: pool_sig fffffd8d, data_sig 000001a6, bytes_mixed 20 98486520 995551f0
[    5.556960] random 0000 0000 0000 61fc8914 d5882ed2: urand_change_num 34 extract_buf: pool_sig fffffa58, data_sig 0000023e, bytes_mixed 20 61fc8914 d5882ed2
[    5.556988] random 0000 0000 0000 61fc8914 d5882ed2: rand_read_num 8 get_random_bytes(64): sig fffff9ee 61fc8914 d5882ed2
[    5.556991] random 0000 0000 0000 61fc8914 d5882ed2: extract_entropy(.. 64 ..)
[    5.556993] random 0000 0000 0000 61fc8914 d5882ed2: going to reseed nonblocking with 512 bits (512 of 0 requested)
[    5.556995] random 0000 0000 0000 61fc8914 d5882ed2: extract_entropy(.. 64 ..)
[    5.556997] random 0000 0000 0000 61fc8914 d5882ed2: trying to extract 512 bits from input
[    5.556999] random 0000 0000 0000 61fc8914 d5882ed2: debiting 0 entropy credits from input
[    5.557001] random 0000 0000 0000 61fc8914 d5882ed2: extract_entropy account returned: 0 
[    5.557004] random 0000 0000 0000 61fc8914 d5882ed2: urand_change_num 35 xfer_secondary_pool(64): pool_sig fffff9ee, data_sig 00000000, bytes_mixed 0 61fc8914 d5882ed2
[    5.557007] random 0000 0000 0000 61fc8914 d5882ed2: trying to extract 512 bits from nonblocking
[    5.557009] random 0000 0000 0000 61fc8914 d5882ed2: debiting 512 entropy credits from nonblocking (unlimited)
[    5.557011] random 0000 0000 0000 61fc8914 d5882ed2: extract_entropy account returned: 64 
[    5.557015] random 0000 0000 0000 61fc8914 d5882ed2: urand_change_num 36 extract_buf: pool_sig fffff9ee, data_sig ffffff85, bytes_mixed 20 61fc8914 d5882ed2
[    5.557021] random 0000 0000 0000 70cfd302 e5edec11: urand_change_num 37 extract_buf: pool_sig fffffdc1, data_sig ffffffde, bytes_mixed 20 70cfd302 e5edec11
[    5.557026] random 0000 0000 0000 00dab838 eafd2b30: urand_change_num 38 extract_buf: pool_sig 000003da, data_sig ffffff61, bytes_mixed 20 00dab838 eafd2b30
[    5.557031] random 0000 0000 0000 00dab838 eafd2b30: urand_change_num 39 extract_buf: pool_sig 00000314, data_sig 00000121, bytes_mixed 20 00dab838 eafd2b30
[    5.557036] random 0000 0000 0000 5fcdf66a 6442b608: urand_change_num 40 extract_buf: pool_sig 0000028b, data_sig fffffefd, bytes_mixed 20 5fcdf66a 6442b608
[    5.557041] random 0000 0000 0000 61333f6b 8fae0f9b: urand_change_num 41 extract_buf: pool_sig 000000cb, data_sig 000000b3, bytes_mixed 20 61333f6b 8fae0f9b
[    5.557047] random 0000 0000 0000 61333f6b 8fae0f9b: urand_change_num 42 extract_buf: pool_sig fffffef8, data_sig 00000051, bytes_mixed 20 61333f6b 8fae0f9b
[    5.557049] BEGIN NET_SECRET:
[    5.557050] \xffffffe0
[    5.557051] \xffffffb6
[    5.557052] \x36
[    5.557053] \xffffffb5
[    5.557054] \xffffff94
[    5.557055] \xffffffb2
[    5.557055] \xffffffa8
[    5.557056] \xffffffda
[    5.557057] \x5b
[    5.557058] \x19
[    5.557058] \x18
[    5.557059] \x5c
[    5.557060] \x2b
[    5.557061] \x1
[    5.557061] \xffffff90
[    5.557062] \x19
[    5.557063] \x3c
[    5.557064] \xfffffff2
[    5.557064] \xffffff82
[    5.557065] \x2a
[    5.557066] \xffffffb3
[    5.557067] \xffffffa2
[    5.557068] \x3f
[    5.557068] \x5
[    5.557069] \x52
[    5.557070] \x77
[    5.557070] \x57
[    5.557071] \x79
[    5.557072] \x16
[    5.557072] \x43
[    5.557073] \xffffff84
[    5.557074] \xffffffc3
[    5.557075] \xffffffe9
[    5.557076] \x79
[    5.557076] \x50
[    5.557077] \xffffff8e
[    5.557078] \x3f
[    5.557078] \xfffffff3
[    5.557079] \x19
[    5.557080] \x2a
[    5.557081] \xfffffffd
[    5.557081] \xfffffffb
[    5.557082] \x62
[    5.557083] \x3c
[    5.557084] \xffffffac
[    5.557085] \x1c
[    5.557088] \x3b
[    5.557089] \x3b
[    5.557090] \x15
[    5.557090] \x27
[    5.557091] \xffffffa8
[    5.557092] \x22
[    5.557093] \xffffffc5
[    5.557093] \xffffff9a
[    5.557094] \x5
[    5.557095] \x6c
[    5.557096] \xffffffa8
[    5.557096] \x3a
[    5.557097] \x44
[    5.557098] \xffffffaf
[    5.557099] \x13
[    5.557099] \xffffffe0
[    5.557100] \xffffff9d
[    5.557101] \x22
[    5.557102] 
[    5.557102] END NET_SECRET
[    5.557105] random 0000 0000 0000 e7f555d9 e8ce5c3c: rand_read_num 9 get_random_bytes(4): sig 0000068c e7f555d9 e8ce5c3c
[    5.557107] random 0000 0000 0000 e7f555d9 e8ce5c3c: extract_entropy(.. 4 ..)
[    5.557109] random 0000 0000 0000 e7f555d9 e8ce5c3c: going to reseed nonblocking with 64 bits (32 of 0 requested)
[    5.557111] random 0000 0000 0000 e7f555d9 e8ce5c3c: extract_entropy(.. 8 ..)
[    5.557113] random 0000 0000 0000 e7f555d9 e8ce5c3c: trying to extract 64 bits from input
[    5.557115] random 0000 0000 0000 e7f555d9 e8ce5c3c: debiting 0 entropy credits from input
[    5.557117] random 0000 0000 0000 e7f555d9 e8ce5c3c: extract_entropy account returned: 0 
[    5.557120] random 0000 0000 0000 e7f555d9 e8ce5c3c: urand_change_num 43 xfer_secondary_pool(4): pool_sig 0000068c, data_sig 00000000, bytes_mixed 0 e7f555d9 e8ce5c3c
[    5.557123] random 0000 0000 0000 e7f555d9 e8ce5c3c: trying to extract 32 bits from nonblocking
[    5.557125] random 0000 0000 0000 e7f555d9 e8ce5c3c: debiting 32 entropy credits from nonblocking (unlimited)
[    5.557128] random 0000 0000 0000 e7f555d9 e8ce5c3c: extract_entropy account returned: 4 
[    5.557132] random 0000 0000 0000 e7f555d9 e8ce5c3c: urand_change_num 44 extract_buf: pool_sig 0000068c, data_sig fffffdcb, bytes_mixed 20 e7f555d9 e8ce5c3c
[    5.557143] md: Waiting for all devices to be available before autodetect
[    5.557236] md: If you don't use raid, use raid=noautodetect
[    5.557405] md: Autodetecting RAID arrays.
[    5.557493] md: Scanned 0 and added 0 devices.
[    5.557588] md: autorun ...
[    5.557673] md: ... autorun DONE.
[    5.572311] EXT3-fs: sda2: couldn't mount because of unsupported optional features (240).
[    5.572534] EXT2-fs: sda2: couldn't mount because of unsupported optional features (240).
[    5.573819] random 0000 0000 0000 e7f555d9 e8ce5c3c: rand_read_num 10 get_random_bytes(4): sig ffffff72 e7f555d9 e8ce5c3c
[    5.573822] random 0000 0000 0000 e7f555d9 e8ce5c3c: extract_entropy(.. 4 ..)
[    5.573824] random 0000 0000 0000 e7f555d9 e8ce5c3c: going to reseed nonblocking with 64 bits (32 of 0 requested)
[    5.573826] random 0000 0000 0000 e7f555d9 e8ce5c3c: extract_entropy(.. 8 ..)
[    5.573828] random 0000 0000 0000 e7f555d9 e8ce5c3c: trying to extract 64 bits from input
[    5.573830] random 0000 0000 0000 e7f555d9 e8ce5c3c: debiting 0 entropy credits from input
[    5.573832] random 0000 0000 0000 e7f555d9 e8ce5c3c: extract_entropy account returned: 0 
[    5.573836] random 0000 0000 0000 e7f555d9 e8ce5c3c: urand_change_num 45 xfer_secondary_pool(4): pool_sig ffffff72, data_sig 00000000, bytes_mixed 0 e7f555d9 e8ce5c3c
[    5.573838] random 0000 0000 0000 e7f555d9 e8ce5c3c: trying to extract 32 bits from nonblocking
[    5.573841] random 0000 0000 0000 e7f555d9 e8ce5c3c: debiting 32 entropy credits from nonblocking (unlimited)
[    5.573843] random 0000 0000 0000 e7f555d9 e8ce5c3c: extract_entropy account returned: 4 
[    5.573847] random 0000 0000 0000 e7f555d9 e8ce5c3c: urand_change_num 46 extract_buf: pool_sig ffffff72, data_sig ffffff72, bytes_mixed 20 e7f555d9 e8ce5c3c
[    5.608886] EXT4-fs (sda2): mounted filesystem with ordered data mode
[    5.609102] VFS: Mounted root (ext4 filesystem) readonly on device 8:2.
[    5.609205] Freeing unused kernel memory: 448k freed
[    5.679605] random 0000 0000 0000 91716c54 eeb6a1e7: rand_read_num 11 get_random_bytes(16): sig fffffcad 91716c54 eeb6a1e7
[    5.679608] random 0000 0000 0000 91716c54 eeb6a1e7: extract_entropy(.. 16 ..)
[    5.679611] random 0000 0000 0000 91716c54 eeb6a1e7: going to reseed nonblocking with 128 bits (128 of 0 requested)
[    5.679613] random 0000 0000 0000 91716c54 eeb6a1e7: extract_entropy(.. 16 ..)
[    5.679615] random 0000 0000 0000 91716c54 eeb6a1e7: trying to extract 128 bits from input
[    5.679617] random 0000 0000 0000 91716c54 eeb6a1e7: debiting 0 entropy credits from input
[    5.679619] random 0000 0000 0000 91716c54 eeb6a1e7: extract_entropy account returned: 0 
[    5.679622] random 0000 0000 0000 91716c54 eeb6a1e7: urand_change_num 47 xfer_secondary_pool(16): pool_sig fffffcad, data_sig 00000000, bytes_mixed 0 91716c54 eeb6a1e7
[    5.679625] random 0000 0000 0000 91716c54 eeb6a1e7: trying to extract 128 bits from nonblocking
[    5.679627] random 0000 0000 0000 91716c54 eeb6a1e7: debiting 128 entropy credits from nonblocking (unlimited)
[    5.679629] random 0000 0000 0000 91716c54 eeb6a1e7: extract_entropy account returned: 16 
[    5.679633] random 0000 0000 0000 91716c54 eeb6a1e7: urand_change_num 48 extract_buf: pool_sig fffffcad, data_sig ffffff19, bytes_mixed 20 91716c54 eeb6a1e7
[    5.679639] random 0000 0000 0000 fd637b06 6cf47bc1: urand_change_num 49 extract_buf: pool_sig fffffede, data_sig ffffffc1, bytes_mixed 20 fd637b06 6cf47bc1
[    5.758020] random 0000 0000 0000 fd637b06 6cf47bc1: rand_read_num 12 get_random_bytes(16): sig 0000033b fd637b06 6cf47bc1
[    5.758023] random 0000 0000 0000 fd637b06 6cf47bc1: extract_entropy(.. 16 ..)
[    5.758026] random 0000 0000 0000 fd637b06 6cf47bc1: going to reseed nonblocking with 128 bits (128 of 0 requested)
[    5.758028] random 0000 0000 0000 fd637b06 6cf47bc1: extract_entropy(.. 16 ..)
[    5.758030] random 0000 0000 0000 fd637b06 6cf47bc1: trying to extract 128 bits from input
[    5.758032] random 0000 0000 0000 fd637b06 6cf47bc1: debiting 0 entropy credits from input
[    5.758034] random 0000 0000 0000 fd637b06 6cf47bc1: extract_entropy account returned: 0 
[    5.758037] random 0000 0000 0000 fd637b06 6cf47bc1: urand_change_num 50 xfer_secondary_pool(16): pool_sig 0000033b, data_sig 00000000, bytes_mixed 0 fd637b06 6cf47bc1
[    5.758040] random 0000 0000 0000 fd637b06 6cf47bc1: trying to extract 128 bits from nonblocking
[    5.758043] random 0000 0000 0000 fd637b06 6cf47bc1: debiting 128 entropy credits from nonblocking (unlimited)
[    5.758045] random 0000 0000 0000 fd637b06 6cf47bc1: extract_entropy account returned: 16 
[    5.758049] random 0000 0000 0000 fd637b06 6cf47bc1: urand_change_num 51 extract_buf: pool_sig 0000033b, data_sig 000000d8, bytes_mixed 20 fd637b06 6cf47bc1
[    5.758054] random 0000 0000 0000 0ec1f012 d4727ca8: urand_change_num 52 extract_buf: pool_sig fffffcf5, data_sig 00000016, bytes_mixed 20 0ec1f012 d4727ca8
[    6.123591] random 0000 0000 0000 45b1d0b1 845a73f7: rand_read_num 13 get_random_bytes(16): sig 00000116 45b1d0b1 845a73f7
[    6.123594] random 0000 0000 0000 45b1d0b1 845a73f7: extract_entropy(.. 16 ..)
[    6.123597] random 0000 0000 0000 45b1d0b1 845a73f7: going to reseed nonblocking with 128 bits (128 of 0 requested)
[    6.123599] random 0000 0000 0000 45b1d0b1 845a73f7: extract_entropy(.. 16 ..)
[    6.123601] random 0000 0000 0000 45b1d0b1 845a73f7: trying to extract 128 bits from input
[    6.123604] random 0000 0000 0000 45b1d0b1 845a73f7: debiting 0 entropy credits from input
[    6.123606] random 0000 0000 0000 45b1d0b1 845a73f7: extract_entropy account returned: 0 
[    6.123609] random 0000 0000 0000 45b1d0b1 845a73f7: urand_change_num 53 xfer_secondary_pool(16): pool_sig 00000116, data_sig 00000000, bytes_mixed 0 45b1d0b1 845a73f7
[    6.123612] random 0000 0000 0000 45b1d0b1 845a73f7: trying to extract 128 bits from nonblocking
[    6.123614] random 0000 0000 0000 45b1d0b1 845a73f7: debiting 128 entropy credits from nonblocking (unlimited)
[    6.123616] random 0000 0000 0000 45b1d0b1 845a73f7: extract_entropy account returned: 16 
[    6.123620] random 0000 0000 0000 45b1d0b1 845a73f7: urand_change_num 54 extract_buf: pool_sig 00000116, data_sig fffffd8b, bytes_mixed 20 45b1d0b1 845a73f7
[    6.123626] random 0000 0000 0000 45b1d0b1 845a73f7: urand_change_num 55 extract_buf: pool_sig fffffc05, data_sig 00000109, bytes_mixed 20 45b1d0b1 845a73f7
[    6.143106] ieee1394: Host added: ID:BUS[0-00:1023]  GUID[00061b032a25f51c]
[    6.176086] random 0000 0000 0000 5012cce3 b8a30621: rand_read_num 14 get_random_bytes(16): sig fffffb93 5012cce3 b8a30621
[    6.176088] random 0000 0000 0000 5012cce3 b8a30621: extract_entropy(.. 16 ..)
[    6.176091] random 0000 0000 0000 5012cce3 b8a30621: going to reseed nonblocking with 128 bits (128 of 0 requested)
[    6.176093] random 0000 0000 0000 5012cce3 b8a30621: extract_entropy(.. 16 ..)
[    6.176095] random 0000 0000 0000 5012cce3 b8a30621: trying to extract 128 bits from input
[    6.176098] random 0000 0000 0000 5012cce3 b8a30621: debiting 0 entropy credits from input
[    6.176100] random 0000 0000 0000 5012cce3 b8a30621: extract_entropy account returned: 0 
[    6.176103] random 0000 0000 0000 5012cce3 b8a30621: urand_change_num 56 xfer_secondary_pool(16): pool_sig fffffb93, data_sig 00000000, bytes_mixed 0 5012cce3 b8a30621
[    6.176106] random 0000 0000 0000 5012cce3 b8a30621: trying to extract 128 bits from nonblocking
[    6.176108] random 0000 0000 0000 5012cce3 b8a30621: debiting 128 entropy credits from nonblocking (unlimited)
[    6.176110] random 0000 0000 0000 5012cce3 b8a30621: extract_entropy account returned: 16 
[    6.176114] random 0000 0000 0000 5012cce3 b8a30621: urand_change_num 57 extract_buf: pool_sig fffffb93, data_sig ffffff35, bytes_mixed 20 5012cce3 b8a30621
[    6.176120] random 0000 0000 0000 5012cce3 b8a30621: urand_change_num 58 extract_buf: pool_sig fffffb9d, data_sig ffffff92, bytes_mixed 20 5012cce3 b8a30621
[    6.177483] random 0000 0000 0000 30a5721d 4b648ff6: rand_read_num 15 get_random_bytes(16): sig fffffeb5 30a5721d 4b648ff6
[    6.177486] random 0000 0000 0000 30a5721d 4b648ff6: extract_entropy(.. 16 ..)
[    6.177489] random 0000 0000 0000 30a5721d 4b648ff6: going to reseed nonblocking with 128 bits (128 of 0 requested)
[    6.177491] random 0000 0000 0000 30a5721d 4b648ff6: extract_entropy(.. 16 ..)
[    6.177493] random 0000 0000 0000 30a5721d 4b648ff6: trying to extract 128 bits from input
[    6.177495] random 0000 0000 0000 30a5721d 4b648ff6: debiting 0 entropy credits from input
[    6.177497] random 0000 0000 0000 30a5721d 4b648ff6: extract_entropy account returned: 0 
[    6.177500] random 0000 0000 0000 30a5721d 4b648ff6: urand_change_num 59 xfer_secondary_pool(16): pool_sig fffffeb5, data_sig 00000000, bytes_mixed 0 30a5721d 4b648ff6
[    6.177503] random 0000 0000 0000 30a5721d 4b648ff6: trying to extract 128 bits from nonblocking
[    6.177506] random 0000 0000 0000 30a5721d 4b648ff6: debiting 128 entropy credits from nonblocking (unlimited)
[    6.177508] random 0000 0000 0000 30a5721d 4b648ff6: extract_entropy account returned: 16 
[    6.177512] random 0000 0000 0000 30a5721d 4b648ff6: urand_change_num 60 extract_buf: pool_sig fffffeb5, data_sig 000000c2, bytes_mixed 20 30a5721d 4b648ff6
[    6.177517] random 0000 0000 0000 89bae1ab 704c432f: urand_change_num 61 extract_buf: pool_sig 0000006e, data_sig fffffefc, bytes_mixed 20 89bae1ab 704c432f
[    6.178067] random 0000 0000 0000 89bae1ab 704c432f: rand_read_num 16 get_random_bytes(16): sig fffffd99 89bae1ab 704c432f
[    6.178070] random 0000 0000 0000 89bae1ab 704c432f: extract_entropy(.. 16 ..)
[    6.178073] random 0000 0000 0000 89bae1ab 704c432f: going to reseed nonblocking with 128 bits (128 of 0 requested)
[    6.178075] random 0000 0000 0000 89bae1ab 704c432f: extract_entropy(.. 16 ..)
[    6.178077] random 0000 0000 0000 89bae1ab 704c432f: trying to extract 128 bits from input
[    6.178079] random 0000 0000 0000 89bae1ab 704c432f: debiting 0 entropy credits from input
[    6.178081] random 0000 0000 0000 89bae1ab 704c432f: extract_entropy account returned: 0 
[    6.178084] random 0000 0000 0000 89bae1ab 704c432f: urand_change_num 62 xfer_secondary_pool(16): pool_sig fffffd99, data_sig 00000000, bytes_mixed 0 89bae1ab 704c432f
[    6.178087] random 0000 0000 0000 89bae1ab 704c432f: trying to extract 128 bits from nonblocking
[    6.178089] random 0000 0000 0000 89bae1ab 704c432f: debiting 128 entropy credits from nonblocking (unlimited)
[    6.178092] random 0000 0000 0000 89bae1ab 704c432f: extract_entropy account returned: 16 
[    6.178096] random 0000 0000 0000 89bae1ab 704c432f: urand_change_num 63 extract_buf: pool_sig fffffd99, data_sig 00000204, bytes_mixed 20 89bae1ab 704c432f
[    6.178101] random 0000 0000 0000 6c298a02 2b1539f8: urand_change_num 64 extract_buf: pool_sig 00000124, data_sig fffffff5, bytes_mixed 20 6c298a02 2b1539f8
[    6.179014] random 0000 0000 0000 c77b8b35 70f6cab5: rand_read_num 17 get_random_bytes(16): sig 0000036b c77b8b35 70f6cab5
[    6.179017] random 0000 0000 0000 c77b8b35 70f6cab5: extract_entropy(.. 16 ..)
[    6.179019] random 0000 0000 0000 c77b8b35 70f6cab5: going to reseed nonblocking with 128 bits (128 of 0 requested)
[    6.179022] random 0000 0000 0000 c77b8b35 70f6cab5: extract_entropy(.. 16 ..)
[    6.179024] random 0000 0000 0000 c77b8b35 70f6cab5: trying to extract 128 bits from input
[    6.179026] random 0000 0000 0000 c77b8b35 70f6cab5: debiting 0 entropy credits from input
[    6.179028] random 0000 0000 0000 c77b8b35 70f6cab5: extract_entropy account returned: 0 
[    6.179031] random 0000 0000 0000 c77b8b35 70f6cab5: urand_change_num 65 xfer_secondary_pool(16): pool_sig 0000036b, data_sig 00000000, bytes_mixed 0 c77b8b35 70f6cab5
[    6.179034] random 0000 0000 0000 c77b8b35 70f6cab5: trying to extract 128 bits from nonblocking
[    6.179036] random 0000 0000 0000 c77b8b35 70f6cab5: debiting 128 entropy credits from nonblocking (unlimited)
[    6.179038] random 0000 0000 0000 c77b8b35 70f6cab5: extract_entropy account returned: 16 
[    6.179043] random 0000 0000 0000 c77b8b35 70f6cab5: urand_change_num 66 extract_buf: pool_sig 0000036b, data_sig 0000005f, bytes_mixed 20 c77b8b35 70f6cab5
[    6.179048] random 0000 0000 0000 c77b8b35 70f6cab5: urand_change_num 67 extract_buf: pool_sig ffffff1c, data_sig 0000005a, bytes_mixed 20 c77b8b35 70f6cab5
[    6.179632] random 0000 0000 0000 af21d212 57d20ca3: rand_read_num 18 get_random_bytes(16): sig fffffb7f af21d212 57d20ca3
[    6.179635] random 0000 0000 0000 af21d212 57d20ca3: extract_entropy(.. 16 ..)
[    6.179638] random 0000 0000 0000 af21d212 57d20ca3: going to reseed nonblocking with 128 bits (128 of 0 requested)
[    6.179640] random 0000 0000 0000 af21d212 57d20ca3: extract_entropy(.. 16 ..)
[    6.179642] random 0000 0000 0000 af21d212 57d20ca3: trying to extract 128 bits from input
[    6.179644] random 0000 0000 0000 af21d212 57d20ca3: debiting 0 entropy credits from input
[    6.179646] random 0000 0000 0000 af21d212 57d20ca3: extract_entropy account returned: 0 
[    6.179650] random 0000 0000 0000 af21d212 57d20ca3: urand_change_num 68 xfer_secondary_pool(16): pool_sig fffffb7f, data_sig 00000000, bytes_mixed 0 af21d212 57d20ca3
[    6.179652] random 0000 0000 0000 af21d212 57d20ca3: trying to extract 128 bits from nonblocking
[    6.179655] random 0000 0000 0000 af21d212 57d20ca3: debiting 128 entropy credits from nonblocking (unlimited)
[    6.179657] random 0000 0000 0000 af21d212 57d20ca3: extract_entropy account returned: 16 
[    6.179661] random 0000 0000 0000 af21d212 57d20ca3: urand_change_num 69 extract_buf: pool_sig fffffb7f, data_sig ffffff88, bytes_mixed 20 af21d212 57d20ca3
[    6.179666] random 0000 0000 0000 af21d212 57d20ca3: urand_change_num 70 extract_buf: pool_sig fffffe1d, data_sig ffffff17, bytes_mixed 20 af21d212 57d20ca3
[    6.180257] random 0000 0000 0000 ffbd26fd 21933274: rand_read_num 19 get_random_bytes(16): sig ffffffc7 ffbd26fd 21933274
[    6.180259] random 0000 0000 0000 ffbd26fd 21933274: extract_entropy(.. 16 ..)
[    6.180262] random 0000 0000 0000 ffbd26fd 21933274: going to reseed nonblocking with 128 bits (128 of 0 requested)
[    6.180264] random 0000 0000 0000 ffbd26fd 21933274: extract_entropy(.. 16 ..)
[    6.180266] random 0000 0000 0000 ffbd26fd 21933274: trying to extract 128 bits from input
[    6.180268] random 0000 0000 0000 ffbd26fd 21933274: debiting 0 entropy credits from input
[    6.180270] random 0000 0000 0000 ffbd26fd 21933274: extract_entropy account returned: 0 
[    6.180273] random 0000 0000 0000 ffbd26fd 21933274: urand_change_num 71 xfer_secondary_pool(16): pool_sig ffffffc7, data_sig 00000000, bytes_mixed 0 ffbd26fd 21933274
[    6.180276] random 0000 0000 0000 ffbd26fd 21933274: trying to extract 128 bits from nonblocking
[    6.180279] random 0000 0000 0000 ffbd26fd 21933274: debiting 128 entropy credits from nonblocking (unlimited)
[    6.180281] random 0000 0000 0000 ffbd26fd 21933274: extract_entropy account returned: 16 
[    6.180285] random 0000 0000 0000 ffbd26fd 21933274: urand_change_num 72 extract_buf: pool_sig ffffffc7, data_sig 0000013b, bytes_mixed 20 ffbd26fd 21933274
[    6.180290] random 0000 0000 0000 151530a2 56c65dd3: urand_change_num 73 extract_buf: pool_sig ffffffbf, data_sig 00000036, bytes_mixed 20 151530a2 56c65dd3
[    6.180844] random 0000 0000 0000 151530a2 56c65dd3: rand_read_num 20 get_random_bytes(16): sig 000001a7 151530a2 56c65dd3
[    6.180847] random 0000 0000 0000 151530a2 56c65dd3: extract_entropy(.. 16 ..)
[    6.180850] random 0000 0000 0000 151530a2 56c65dd3: going to reseed nonblocking with 128 bits (128 of 0 requested)
[    6.180852] random 0000 0000 0000 151530a2 56c65dd3: extract_entropy(.. 16 ..)
[    6.180854] random 0000 0000 0000 151530a2 56c65dd3: trying to extract 128 bits from input
[    6.180856] random 0000 0000 0000 151530a2 56c65dd3: debiting 0 entropy credits from input
[    6.180858] random 0000 0000 0000 151530a2 56c65dd3: extract_entropy account returned: 0 
[    6.180861] random 0000 0000 0000 151530a2 56c65dd3: urand_change_num 74 xfer_secondary_pool(16): pool_sig 000001a7, data_sig 00000000, bytes_mixed 0 151530a2 56c65dd3
[    6.180864] random 0000 0000 0000 151530a2 56c65dd3: trying to extract 128 bits from nonblocking
[    6.180866] random 0000 0000 0000 151530a2 56c65dd3: debiting 128 entropy credits from nonblocking (unlimited)
[    6.180868] random 0000 0000 0000 151530a2 56c65dd3: extract_entropy account returned: 16 
[    6.180873] random 0000 0000 0000 151530a2 56c65dd3: urand_change_num 75 extract_buf: pool_sig 000001a7, data_sig ffffffa1, bytes_mixed 20 151530a2 56c65dd3
[    6.180878] random 0000 0000 0000 5d3e132e d9a77eb3: urand_change_num 76 extract_buf: pool_sig fffffcc9, data_sig 00000013, bytes_mixed 20 5d3e132e d9a77eb3
[    6.223571] random 0000 0000 0000 264837ad 0a28fef5: rand_read_num 21 get_random_bytes(16): sig ffffffd0 264837ad 0a28fef5
[    6.223574] random 0000 0000 0000 264837ad 0a28fef5: extract_entropy(.. 16 ..)
[    6.223577] random 0000 0000 0000 264837ad 0a28fef5: going to reseed nonblocking with 128 bits (128 of 0 requested)
[    6.223580] random 0000 0000 0000 264837ad 0a28fef5: extract_entropy(.. 16 ..)
[    6.223582] random 0000 0000 0000 264837ad 0a28fef5: trying to extract 128 bits from input
[    6.223584] random 0000 0000 0000 264837ad 0a28fef5: debiting 0 entropy credits from input
[    6.223586] random 0000 0000 0000 264837ad 0a28fef5: extract_entropy account returned: 0 
[    6.223589] random 0000 0000 0000 264837ad 0a28fef5: urand_change_num 77 xfer_secondary_pool(16): pool_sig ffffffd0, data_sig 00000000, bytes_mixed 0 264837ad 0a28fef5
[    6.223592] random 0000 0000 0000 264837ad 0a28fef5: trying to extract 128 bits from nonblocking
[    6.223594] random 0000 0000 0000 264837ad 0a28fef5: debiting 128 entropy credits from nonblocking (unlimited)
[    6.223597] random 0000 0000 0000 264837ad 0a28fef5: extract_entropy account returned: 16 
[    6.223601] random 0000 0000 0000 264837ad 0a28fef5: urand_change_num 78 extract_buf: pool_sig ffffffd0, data_sig 0000017b, bytes_mixed 20 264837ad 0a28fef5
[    6.223606] random 0000 0000 0000 264837ad 0a28fef5: urand_change_num 79 extract_buf: pool_sig 0000045c, data_sig 000001df, bytes_mixed 20 264837ad 0a28fef5
[    6.225064] random 0000 0000 0000 f37f7344 164aede0: rand_read_num 22 get_random_bytes(16): sig 000003c2 f37f7344 164aede0
[    6.225066] random 0000 0000 0000 f37f7344 164aede0: extract_entropy(.. 16 ..)
[    6.225069] random 0000 0000 0000 f37f7344 164aede0: going to reseed nonblocking with 128 bits (128 of 0 requested)
[    6.225071] random 0000 0000 0000 f37f7344 164aede0: extract_entropy(.. 16 ..)
[    6.225073] random 0000 0000 0000 f37f7344 164aede0: trying to extract 128 bits from input
[    6.225076] random 0000 0000 0000 f37f7344 164aede0: debiting 0 entropy credits from input
[    6.225078] random 0000 0000 0000 f37f7344 164aede0: extract_entropy account returned: 0 
[    6.225081] random 0000 0000 0000 f37f7344 164aede0: urand_change_num 80 xfer_secondary_pool(16): pool_sig 000003c2, data_sig 00000000, bytes_mixed 0 f37f7344 164aede0
[    6.225084] random 0000 0000 0000 f37f7344 164aede0: trying to extract 128 bits from nonblocking
[    6.225086] random 0000 0000 0000 f37f7344 164aede0: debiting 128 entropy credits from nonblocking (unlimited)
[    6.225088] random 0000 0000 0000 f37f7344 164aede0: extract_entropy account returned: 16 
[    6.225092] random 0000 0000 0000 f37f7344 164aede0: urand_change_num 81 extract_buf: pool_sig 000003c2, data_sig ffffff6c, bytes_mixed 20 f37f7344 164aede0
[    6.225098] random 0000 0000 0000 f37f7344 164aede0: urand_change_num 82 extract_buf: pool_sig fffffdfc, data_sig 00000091, bytes_mixed 20 f37f7344 164aede0
[    6.247869] random 0000 0000 0000 a4794863 878070c1: rand_read_num 23 get_random_bytes(16): sig 0000011b a4794863 878070c1
[    6.247871] random 0000 0000 0000 a4794863 878070c1: extract_entropy(.. 16 ..)
[    6.247874] random 0000 0000 0000 a4794863 878070c1: going to reseed nonblocking with 128 bits (128 of 0 requested)
[    6.247876] random 0000 0000 0000 a4794863 878070c1: extract_entropy(.. 16 ..)
[    6.247878] random 0000 0000 0000 a4794863 878070c1: trying to extract 128 bits from input
[    6.247881] random 0000 0000 0000 a4794863 878070c1: debiting 0 entropy credits from input
[    6.247883] random 0000 0000 0000 a4794863 878070c1: extract_entropy account returned: 0 
[    6.247886] random 0000 0000 0000 a4794863 878070c1: urand_change_num 83 xfer_secondary_pool(16): pool_sig 0000011b, data_sig 00000000, bytes_mixed 0 a4794863 878070c1
[    6.247889] random 0000 0000 0000 a4794863 878070c1: trying to extract 128 bits from nonblocking
[    6.247891] random 0000 0000 0000 a4794863 878070c1: debiting 128 entropy credits from nonblocking (unlimited)
[    6.247893] random 0000 0000 0000 a4794863 878070c1: extract_entropy account returned: 16 
[    6.247897] random 0000 0000 0000 a4794863 878070c1: urand_change_num 84 extract_buf: pool_sig 0000011b, data_sig ffffff51, bytes_mixed 20 a4794863 878070c1
[    6.247903] random 0000 0000 0000 737f19b4 9417d8ab: urand_change_num 85 extract_buf: pool_sig 000001a3, data_sig 0000006c, bytes_mixed 20 737f19b4 9417d8ab
[    6.251965] random 0000 0000 0000 737f19b4 9417d8ab: rand_read_num 24 get_random_bytes(16): sig fffffe22 737f19b4 9417d8ab
[    6.251967] random 0000 0000 0000 737f19b4 9417d8ab: extract_entropy(.. 16 ..)
[    6.251970] random 0000 0000 0000 737f19b4 9417d8ab: going to reseed nonblocking with 128 bits (128 of 0 requested)
[    6.251972] random 0000 0000 0000 737f19b4 9417d8ab: extract_entropy(.. 16 ..)
[    6.251974] random 0000 0000 0000 737f19b4 9417d8ab: trying to extract 128 bits from input
[    6.251976] random 0000 0000 0000 737f19b4 9417d8ab: debiting 0 entropy credits from input
[    6.251978] random 0000 0000 0000 737f19b4 9417d8ab: extract_entropy account returned: 0 
[    6.251981] random 0000 0000 0000 737f19b4 9417d8ab: urand_change_num 86 xfer_secondary_pool(16): pool_sig fffffe22, data_sig 00000000, bytes_mixed 0 737f19b4 9417d8ab
[    6.251984] random 0000 0000 0000 737f19b4 9417d8ab: trying to extract 128 bits from nonblocking
[    6.251987] random 0000 0000 0000 737f19b4 9417d8ab: debiting 128 entropy credits from nonblocking (unlimited)
[    6.251992] random 0000 0000 0000 737f19b4 9417d8ab: extract_entropy account returned: 16 
[    6.251997] random 0000 0000 0000 737f19b4 9417d8ab: urand_change_num 87 extract_buf: pool_sig fffffe22, data_sig 00000230, bytes_mixed 20 737f19b4 9417d8ab
[    6.252002] random 0000 0000 0000 4deb0d06 1236af4c: urand_change_num 88 extract_buf: pool_sig 000000b6, data_sig ffffff44, bytes_mixed 20 4deb0d06 1236af4c
[    6.253004] random 0000 0000 0000 b538fadc 4a7613df: rand_read_num 25 get_random_bytes(16): sig 0000013c b538fadc 4a7613df
[    6.253007] random 0000 0000 0000 b538fadc 4a7613df: extract_entropy(.. 16 ..)
[    6.253010] random 0000 0000 0000 b538fadc 4a7613df: going to reseed nonblocking with 128 bits (128 of 0 requested)
[    6.253012] random 0000 0000 0000 b538fadc 4a7613df: extract_entropy(.. 16 ..)
[    6.253014] random 0000 0000 0000 b538fadc 4a7613df: trying to extract 128 bits from input
[    6.253016] random 0000 0000 0000 b538fadc 4a7613df: debiting 0 entropy credits from input
[    6.253018] random 0000 0000 0000 b538fadc 4a7613df: extract_entropy account returned: 0 
[    6.253021] random 0000 0000 0000 b538fadc 4a7613df: urand_change_num 89 xfer_secondary_pool(16): pool_sig 0000013c, data_sig 00000000, bytes_mixed 0 b538fadc 4a7613df
[    6.253024] random 0000 0000 0000 b538fadc 4a7613df: trying to extract 128 bits from nonblocking
[    6.253026] random 0000 0000 0000 b538fadc 4a7613df: debiting 128 entropy credits from nonblocking (unlimited)
[    6.253029] random 0000 0000 0000 b538fadc 4a7613df: extract_entropy account returned: 16 
[    6.253033] random 0000 0000 0000 b538fadc 4a7613df: urand_change_num 90 extract_buf: pool_sig 0000013c, data_sig 00000015, bytes_mixed 20 b538fadc 4a7613df
[    6.253038] random 0000 0000 0000 b538fadc 4a7613df: urand_change_num 91 extract_buf: pool_sig 00000452, data_sig 0000002b, bytes_mixed 20 b538fadc 4a7613df
[    6.253488] random 0000 0000 0000 73b17df4 93bb370e: rand_read_num 26 get_random_bytes(16): sig fffffbf1 73b17df4 93bb370e
[    6.253490] random 0000 0000 0000 73b17df4 93bb370e: extract_entropy(.. 16 ..)
[    6.253493] random 0000 0000 0000 73b17df4 93bb370e: going to reseed nonblocking with 128 bits (128 of 0 requested)
[    6.253495] random 0000 0000 0000 73b17df4 93bb370e: extract_entropy(.. 16 ..)
[    6.253497] random 0000 0000 0000 73b17df4 93bb370e: trying to extract 128 bits from input
[    6.253499] random 0000 0000 0000 73b17df4 93bb370e: debiting 0 entropy credits from input
[    6.253501] random 0000 0000 0000 73b17df4 93bb370e: extract_entropy account returned: 0 
[    6.253505] random 0000 0000 0000 73b17df4 93bb370e: urand_change_num 92 xfer_secondary_pool(16): pool_sig fffffbf1, data_sig 00000000, bytes_mixed 0 73b17df4 93bb370e
[    6.253508] random 0000 0000 0000 73b17df4 93bb370e: trying to extract 128 bits from nonblocking
[    6.253510] random 0000 0000 0000 73b17df4 93bb370e: debiting 128 entropy credits from nonblocking (unlimited)
[    6.253512] random 0000 0000 0000 73b17df4 93bb370e: extract_entropy account returned: 16 
[    6.253516] random 0000 0000 0000 73b17df4 93bb370e: urand_change_num 93 extract_buf: pool_sig fffffbf1, data_sig ffffff99, bytes_mixed 20 73b17df4 93bb370e
[    6.253522] random 0000 0000 0000 73b17df4 93bb370e: urand_change_num 94 extract_buf: pool_sig fffffe1d, data_sig 000000b0, bytes_mixed 20 73b17df4 93bb370e
[    6.253925] random 0000 0000 0000 0cd682bb ba04da9f: rand_read_num 27 get_random_bytes(16): sig fffffccb 0cd682bb ba04da9f
[    6.253928] random 0000 0000 0000 0cd682bb ba04da9f: extract_entropy(.. 16 ..)
[    6.253930] random 0000 0000 0000 0cd682bb ba04da9f: going to reseed nonblocking with 128 bits (128 of 0 requested)
[    6.253932] random 0000 0000 0000 0cd682bb ba04da9f: extract_entropy(.. 16 ..)
[    6.253935] random 0000 0000 0000 0cd682bb ba04da9f: trying to extract 128 bits from input
[    6.253937] random 0000 0000 0000 0cd682bb ba04da9f: debiting 0 entropy credits from input
[    6.253939] random 0000 0000 0000 0cd682bb ba04da9f: extract_entropy account returned: 0 
[    6.253942] random 0000 0000 0000 0cd682bb ba04da9f: urand_change_num 95 xfer_secondary_pool(16): pool_sig fffffccb, data_sig 00000000, bytes_mixed 0 0cd682bb ba04da9f
[    6.253945] random 0000 0000 0000 0cd682bb ba04da9f: trying to extract 128 bits from nonblocking
[    6.253947] random 0000 0000 0000 0cd682bb ba04da9f: debiting 128 entropy credits from nonblocking (unlimited)
[    6.253949] random 0000 0000 0000 0cd682bb ba04da9f: extract_entropy account returned: 16 
[    6.253954] random 0000 0000 0000 0cd682bb ba04da9f: urand_change_num 96 extract_buf: pool_sig fffffccb, data_sig fffffec5, bytes_mixed 20 0cd682bb ba04da9f
[    6.253959] random 0000 0000 0000 26929f1a 15254dc1: urand_change_num 97 extract_buf: pool_sig fffffed2, data_sig ffffffb1, bytes_mixed 20 26929f1a 15254dc1
[    6.254835] random 0000 0000 0000 26929f1a 15254dc1: rand_read_num 28 get_random_bytes(16): sig 00000038 26929f1a 15254dc1
[    6.254838] random 0000 0000 0000 26929f1a 15254dc1: extract_entropy(.. 16 ..)
[    6.254840] random 0000 0000 0000 26929f1a 15254dc1: going to reseed nonblocking with 128 bits (128 of 0 requested)
[    6.254843] random 0000 0000 0000 26929f1a 15254dc1: extract_entropy(.. 16 ..)
[    6.254845] random 0000 0000 0000 26929f1a 15254dc1: trying to extract 128 bits from input
[    6.254847] random 0000 0000 0000 26929f1a 15254dc1: debiting 0 entropy credits from input
[    6.254849] random 0000 0000 0000 26929f1a 15254dc1: extract_entropy account returned: 0 
[    6.254852] random 0000 0000 0000 26929f1a 15254dc1: urand_change_num 98 xfer_secondary_pool(16): pool_sig 00000038, data_sig 00000000, bytes_mixed 0 26929f1a 15254dc1
[    6.254855] random 0000 0000 0000 26929f1a 15254dc1: trying to extract 128 bits from nonblocking
[    6.254857] random 0000 0000 0000 26929f1a 15254dc1: debiting 128 entropy credits from nonblocking (unlimited)
[    6.254859] random 0000 0000 0000 26929f1a 15254dc1: extract_entropy account returned: 16 
[    6.254863] random 0000 0000 0000 26929f1a 15254dc1: urand_change_num 99 extract_buf: pool_sig 00000038, data_sig 000000fd, bytes_mixed 20 26929f1a 15254dc1
[    6.254869] random 0000 0000 0000 8116fe3b 478c2d5b: urand_change_num 100 extract_buf: pool_sig 00000059, data_sig 00000310, bytes_mixed 20 8116fe3b 478c2d5b
[    6.261505] random 0000 0000 0000 a20f4a3a 32a6b2fa: rand_read_num 29 get_random_bytes(16): sig 000002c0 a20f4a3a 32a6b2fa
[    6.261508] random 0000 0000 0000 a20f4a3a 32a6b2fa: extract_entropy(.. 16 ..)
[    6.261511] random 0000 0000 0000 a20f4a3a 32a6b2fa: going to reseed nonblocking with 128 bits (128 of 0 requested)
[    6.261513] random 0000 0000 0000 a20f4a3a 32a6b2fa: extract_entropy(.. 16 ..)
[    6.261515] random 0000 0000 0000 a20f4a3a 32a6b2fa: trying to extract 128 bits from input
[    6.261517] random 0000 0000 0000 a20f4a3a 32a6b2fa: debiting 0 entropy credits from input
[    6.261519] random 0000 0000 0000 a20f4a3a 32a6b2fa: extract_entropy account returned: 0 
[    6.261522] random 0000 0000 0000 a20f4a3a 32a6b2fa: urand_change_num 101 xfer_secondary_pool(16): pool_sig 000002c0, data_sig 00000000, bytes_mixed 0 a20f4a3a 32a6b2fa
[    6.261525] random 0000 0000 0000 a20f4a3a 32a6b2fa: trying to extract 128 bits from nonblocking
[    6.261527] random 0000 0000 0000 a20f4a3a 32a6b2fa: debiting 128 entropy credits from nonblocking (unlimited)
[    6.261530] random 0000 0000 0000 a20f4a3a 32a6b2fa: extract_entropy account returned: 16 
[    6.261534] random 0000 0000 0000 a20f4a3a 32a6b2fa: urand_change_num 102 extract_buf: pool_sig 000002c0, data_sig 000000fb, bytes_mixed 20 a20f4a3a 32a6b2fa
[    6.261539] random 0000 0000 0000 a20f4a3a 32a6b2fa: urand_change_num 103 extract_buf: pool_sig ffffffdd, data_sig 000000a5, bytes_mixed 20 a20f4a3a 32a6b2fa
[    6.274044] random 0000 0000 0000 de716d2a 6c4757e1: rand_read_num 30 get_random_bytes(16): sig 000000fa de716d2a 6c4757e1
[    6.274047] random 0000 0000 0000 de716d2a 6c4757e1: extract_entropy(.. 16 ..)
[    6.274049] random 0000 0000 0000 de716d2a 6c4757e1: going to reseed nonblocking with 128 bits (128 of 0 requested)
[    6.274052] random 0000 0000 0000 de716d2a 6c4757e1: extract_entropy(.. 16 ..)
[    6.274054] random 0000 0000 0000 de716d2a 6c4757e1: trying to extract 128 bits from input
[    6.274056] random 0000 0000 0000 de716d2a 6c4757e1: debiting 0 entropy credits from input
[    6.274058] random 0000 0000 0000 de716d2a 6c4757e1: extract_entropy account returned: 0 
[    6.274061] random 0000 0000 0000 de716d2a 6c4757e1: urand_change_num 104 xfer_secondary_pool(16): pool_sig 000000fa, data_sig 00000000, bytes_mixed 0 de716d2a 6c4757e1
[    6.274064] random 0000 0000 0000 de716d2a 6c4757e1: trying to extract 128 bits from nonblocking
[    6.274066] random 0000 0000 0000 de716d2a 6c4757e1: debiting 128 entropy credits from nonblocking (unlimited)
[    6.274068] random 0000 0000 0000 de716d2a 6c4757e1: extract_entropy account returned: 16 
[    6.274072] random 0000 0000 0000 de716d2a 6c4757e1: urand_change_num 105 extract_buf: pool_sig 000000fa, data_sig ffffff34, bytes_mixed 20 de716d2a 6c4757e1
[    6.274078] random 0000 0000 0000 de716d2a 6c4757e1: urand_change_num 106 extract_buf: pool_sig 000003d3, data_sig ffffff30, bytes_mixed 20 de716d2a 6c4757e1
[    6.274660] random 0000 0000 0000 a7c511e1 f90ea457: rand_read_num 31 get_random_bytes(16): sig 0000009a a7c511e1 f90ea457
[    6.274663] random 0000 0000 0000 a7c511e1 f90ea457: extract_entropy(.. 16 ..)
[    6.274665] random 0000 0000 0000 a7c511e1 f90ea457: going to reseed nonblocking with 128 bits (128 of 0 requested)
[    6.274668] random 0000 0000 0000 a7c511e1 f90ea457: extract_entropy(.. 16 ..)
[    6.274670] random 0000 0000 0000 a7c511e1 f90ea457: trying to extract 128 bits from input
[    6.274672] random 0000 0000 0000 a7c511e1 f90ea457: debiting 0 entropy credits from input
[    6.274674] random 0000 0000 0000 a7c511e1 f90ea457: extract_entropy account returned: 0 
[    6.274677] random 0000 0000 0000 a7c511e1 f90ea457: urand_change_num 107 xfer_secondary_pool(16): pool_sig 0000009a, data_sig 00000000, bytes_mixed 0 a7c511e1 f90ea457
[    6.274680] random 0000 0000 0000 a7c511e1 f90ea457: trying to extract 128 bits from nonblocking
[    6.274682] random 0000 0000 0000 a7c511e1 f90ea457: debiting 128 entropy credits from nonblocking (unlimited)
[    6.274684] random 0000 0000 0000 a7c511e1 f90ea457: extract_entropy account returned: 16 
[    6.274688] random 0000 0000 0000 a7c511e1 f90ea457: urand_change_num 108 extract_buf: pool_sig 0000009a, data_sig 000000e0, bytes_mixed 20 a7c511e1 f90ea457
[    6.274694] random 0000 0000 0000 7c18c7e6 d65ccb06: urand_change_num 109 extract_buf: pool_sig fffffa79, data_sig 000000e0, bytes_mixed 20 7c18c7e6 d65ccb06
[    6.275289] random 0000 0000 0000 7c18c7e6 d65ccb06: rand_read_num 32 get_random_bytes(16): sig fffffe1e 7c18c7e6 d65ccb06
[    6.275292] random 0000 0000 0000 7c18c7e6 d65ccb06: extract_entropy(.. 16 ..)
[    6.275295] random 0000 0000 0000 7c18c7e6 d65ccb06: going to reseed nonblocking with 128 bits (128 of 0 requested)
[    6.275297] random 0000 0000 0000 7c18c7e6 d65ccb06: extract_entropy(.. 16 ..)
[    6.275299] random 0000 0000 0000 7c18c7e6 d65ccb06: trying to extract 128 bits from input
[    6.275301] random 0000 0000 0000 7c18c7e6 d65ccb06: debiting 0 entropy credits from input
[    6.275303] random 0000 0000 0000 7c18c7e6 d65ccb06: extract_entropy account returned: 0 
[    6.275306] random 0000 0000 0000 7c18c7e6 d65ccb06: urand_change_num 110 xfer_secondary_pool(16): pool_sig fffffe1e, data_sig 00000000, bytes_mixed 0 7c18c7e6 d65ccb06
[    6.275309] random 0000 0000 0000 7c18c7e6 d65ccb06: trying to extract 128 bits from nonblocking
[    6.275311] random 0000 0000 0000 7c18c7e6 d65ccb06: debiting 128 entropy credits from nonblocking (unlimited)
[    6.275313] random 0000 0000 0000 7c18c7e6 d65ccb06: extract_entropy account returned: 16 
