[    0.000000] random 0000 0000 0000 00000000 00000000: rand_read_num 1 get_random_bytes(8): sig 00000000 00000000 00000000
[    0.000000] random 0000 0000 0000 00000000 00000000: extract_entropy(.. 8 ..)
[    0.000000] random 0000 0000 0000 00000000 00000000: going to reseed nonblocking with 64 bits (64 of 0 requested)
[    0.000000] random 0000 0000 0000 00000000 00000000: extract_entropy(.. 8 ..)
[    0.000000] random 0000 0000 0000 00000000 00000000: trying to extract 64 bits from input
[    0.000000] random 0000 0000 0000 00000000 00000000: debiting 0 entropy credits from input
[    0.000000] random 0000 0000 0000 00000000 00000000: extract_entropy account returned: 0 
[    0.000000] random 0000 0000 0000 00000000 00000000: urand_change_num 1 xfer_secondary_pool(8): pool_sig 00000000, data_sig 00000000, bytes_mixed 0 00000000 00000000
[    0.000000] random 0000 0000 0000 00000000 00000000: trying to extract 64 bits from nonblocking
[    0.000000] random 0000 0000 0000 00000000 00000000: debiting 64 entropy credits from nonblocking (unlimited)
[    0.000000] random 0000 0000 0000 00000000 00000000: extract_entropy account returned: 8 
[    0.000000] random 0000 0000 0000 00000000 00000000: urand_change_num 2 extract_buf: pool_sig 00000000, data_sig fffffff9, bytes_mixed 20 00000000 00000000
[    0.000000] Linux version 2.6.32.57 (dcashman@dcashman-02) (gcc version 4.3.3 (GCC) ) #3 Fri May 24 04:27:34 PDT 2013
[    0.000000] KERNEL supported cpus:
[    0.000000]   Intel GenuineIntel
[    0.000000]   AMD AuthenticAMD
[    0.000000]   NSC Geode by NSC
[    0.000000]   Cyrix CyrixInstead
[    0.000000]   Centaur CentaurHauls
[    0.000000]   Transmeta GenuineTMx86
[    0.000000]   Transmeta TransmetaCPU
[    0.000000]   UMC UMC UMC UMC
[    0.000000] BIOS-provided physical RAM map:
[    0.000000]  BIOS-e820: 0000000000000000 - 000000000009d800 (usable)
[    0.000000]  BIOS-e820: 000000000009d800 - 00000000000a0000 (reserved)
[    0.000000]  BIOS-e820: 00000000000d2000 - 00000000000d4000 (reserved)
[    0.000000]  BIOS-e820: 00000000000e0000 - 0000000000100000 (reserved)
[    0.000000]  BIOS-e820: 0000000000100000 - 000000003d6b0000 (usable)
[    0.000000]  BIOS-e820: 000000003d6b0000 - 000000003d6cc000 (ACPI data)
[    0.000000]  BIOS-e820: 000000003d6cc000 - 000000003d700000 (ACPI NVS)
[    0.000000]  BIOS-e820: 000000003d700000 - 000000003e000000 (reserved)
[    0.000000]  BIOS-e820: 00000000f0000000 - 00000000f4000000 (reserved)
[    0.000000]  BIOS-e820: 00000000fec00000 - 00000000fec10000 (reserved)
[    0.000000]  BIOS-e820: 00000000fed00000 - 00000000fed00400 (reserved)
[    0.000000]  BIOS-e820: 00000000fed14000 - 00000000fed1a000 (reserved)
[    0.000000]  BIOS-e820: 00000000fed1c000 - 00000000fed90000 (reserved)
[    0.000000]  BIOS-e820: 00000000fee00000 - 00000000fee01000 (reserved)
[    0.000000]  BIOS-e820: 00000000ff000000 - 0000000100000000 (reserved)
[    0.000000] DMI present.
[    0.000000] last_pfn = 0x3d6b0 max_arch_pfn = 0x100000
[    0.000000] MTRR default type: uncachable
[    0.000000] MTRR fixed ranges enabled:
[    0.000000]   00000-9FFFF write-back
[    0.000000]   A0000-BFFFF uncachable
[    0.000000]   C0000-CFFFF write-protect
[    0.000000]   D0000-DFFFF uncachable
[    0.000000]   E0000-FFFFF write-protect
[    0.000000] MTRR variable ranges enabled:
[    0.000000]   0 base 03E000000 mask FFE000000 uncachable
[    0.000000]   1 base 000000000 mask FC0000000 write-back
[    0.000000]   2 base 03D700000 mask FFFF00000 uncachable
[    0.000000]   3 base 03D800000 mask FFF800000 uncachable
[    0.000000]   4 disabled
[    0.000000]   5 disabled
[    0.000000]   6 disabled
[    0.000000]   7 disabled
[    0.000000] initial memory mapped : 0 - 02000000
[    0.000000] init_memory_mapping: 0000000000000000-00000000377fe000
[    0.000000]  0000000000 - 0000400000 page 4k
[    0.000000]  0000400000 - 0037400000 page 2M
[    0.000000]  0037400000 - 00377fe000 page 4k
[    0.000000] kernel direct mapping tables up to 377fe000 @ 7000-c000
[    0.000000] ACPI: RSDP 000f68d0 00024 (v02 LENOVO)
[    0.000000] ACPI: XSDT 3d6bb77f 00094 (v01 LENOVO TP-7L    00002170  LTP 00000000)
[    0.000000] ACPI: FACP 3d6bb900 000F4 (v03 LENOVO TP-7L    00002170 LNVO 00000001)
[    0.000000] ACPI Warning: 32/64X length mismatch in Gpe1Block: 0/32 (20090903/tbfadt-526)
[    0.000000] ACPI Warning: Optional field Gpe1Block has zero address or length: 000000000000102C/0 (20090903/tbfadt-557)
[    0.000000] ACPI: DSDT 3d6bbd1d 0FED1 (v01 LENOVO TP-7L    00002170 MSFT 03000000)
[    0.000000] ACPI: FACS 3d6e4000 00040
[    0.000000] ACPI: SSDT 3d6bbab4 00269 (v01 LENOVO TP-7L    00002170 MSFT 03000000)
[    0.000000] ACPI: ECDT 3d6cbbee 00052 (v01 LENOVO TP-7L    00002170 LNVO 00000001)
[    0.000000] ACPI: TCPA 3d6cbc40 00032 (v02 LENOVO TP-7L    00002170 LNVO 00000001)
[    0.000000] ACPI: APIC 3d6cbc72 00068 (v01 LENOVO TP-7L    00002170 LNVO 00000001)
[    0.000000] ACPI: MCFG 3d6cbcda 0003C (v01 LENOVO TP-7L    00002170 LNVO 00000001)
[    0.000000] ACPI: HPET 3d6cbd16 00038 (v01 LENOVO TP-7L    00002170 LNVO 00000001)
[    0.000000] ACPI: SLIC 3d6cbdf0 00176 (v01 LENOVO TP-7L    00002170  LTP 00000000)
[    0.000000] ACPI: BOOT 3d6cbf66 00028 (v01 LENOVO TP-7L    00002170  LTP 00000001)
[    0.000000] ACPI: ASF! 3d6cbf8e 00072 (v16 LENOVO TP-7L    00002170 PTL  00000001)
[    0.000000] ACPI: SSDT 3d6e26d9 0025F (v01 LENOVO TP-7L    00002170 INTL 20050513)
[    0.000000] ACPI: SSDT 3d6e2938 000A6 (v01 LENOVO TP-7L    00002170 INTL 20050513)
[    0.000000] ACPI: SSDT 3d6e29de 004F7 (v01 LENOVO TP-7L    00002170 INTL 20050513)
[    0.000000] ACPI: SSDT 3d6e2ed5 001D8 (v01 LENOVO TP-7L    00002170 INTL 20050513)
[    0.000000] ACPI: DMI detected: Lenovo ThinkPad R61
[    0.000000] ACPI: Added _OSI(Linux)
[    0.000000] ACPI: Local APIC address 0xfee00000
[    0.000000] 94MB HIGHMEM available.
[    0.000000] 887MB LOWMEM available.
[    0.000000]   mapped low ram: 0 - 377fe000
[    0.000000]   low ram: 0 - 377fe000
[    0.000000]   node 0 low ram: 00000000 - 377fe000
[    0.000000]   node 0 bootmap 00008000 - 0000ef00
[    0.000000] (6 early reservations) ==> bootmem [0000000000 - 00377fe000]
[    0.000000]   #0 [0000000000 - 0000001000]   BIOS data page ==> [0000000000 - 0000001000]
[    0.000000]   #1 [0001000000 - 0001bdc180]    TEXT DATA BSS ==> [0001000000 - 0001bdc180]
[    0.000000]   #2 [000009d800 - 0000100000]    BIOS reserved ==> [000009d800 - 0000100000]
[    0.000000]   #3 [0001bdd000 - 0001be516c]              BRK ==> [0001bdd000 - 0001be516c]
[    0.000000]   #4 [0000007000 - 0000008000]          PGTABLE ==> [0000007000 - 0000008000]
[    0.000000]   #5 [0000008000 - 000000f000]          BOOTMAP ==> [0000008000 - 000000f000]
[    0.000000] found SMP MP-table at [c00f6900] f6900
[    0.000000] Zone PFN ranges:
[    0.000000]   DMA      0x00000000 -> 0x00001000
[    0.000000]   Normal   0x00001000 -> 0x000377fe
[    0.000000]   HighMem  0x000377fe -> 0x0003d6b0
[    0.000000] Movable zone start PFN for each node
[    0.000000] early_node_map[2] active PFN ranges
[    0.000000]     0: 0x00000000 -> 0x0000009d
[    0.000000]     0: 0x00000100 -> 0x0003d6b0
[    0.000000] On node 0 totalpages: 251469
[    0.000000] free_area_init_node: node 0, pgdat c1901ea0, node_mem_map c1be7000
[    0.000000]   DMA zone: 32 pages used for memmap
[    0.000000]   DMA zone: 0 pages reserved
[    0.000000]   DMA zone: 3965 pages, LIFO batch:0
[    0.000000]   Normal zone: 1744 pages used for memmap
[    0.000000]   Normal zone: 221486 pages, LIFO batch:31
[    0.000000]   HighMem zone: 190 pages used for memmap
[    0.000000]   HighMem zone: 24052 pages, LIFO batch:3
[    0.000000] Using APIC driver default
[    0.000000] ACPI: PM-Timer IO Port: 0x1008
[    0.000000] ACPI: Local APIC address 0xfee00000
[    0.000000] ACPI: LAPIC (acpi_id[0x00] lapic_id[0x00] enabled)
[    0.000000] ACPI: LAPIC (acpi_id[0x01] lapic_id[0x01] enabled)
[    0.000000] ACPI: NR_CPUS/possible_cpus limit of 1 reached.  Processor 1/0x1 ignored.
[    0.000000] ACPI: LAPIC_NMI (acpi_id[0x00] high edge lint[0x1])
[    0.000000] ACPI: LAPIC_NMI (acpi_id[0x01] high edge lint[0x1])
[    0.000000] ACPI: IOAPIC (id[0x01] address[0xfec00000] gsi_base[0])
[    0.000000] IOAPIC[0]: apic_id 1, version 32, address 0xfec00000, GSI 0-23
[    0.000000] ACPI: INT_SRC_OVR (bus 0 bus_irq 0 global_irq 2 dfl dfl)
[    0.000000] ACPI: INT_SRC_OVR (bus 0 bus_irq 9 global_irq 9 high level)
[    0.000000] ACPI: IRQ0 used by override.
[    0.000000] ACPI: IRQ2 used by override.
[    0.000000] ACPI: IRQ9 used by override.
[    0.000000] Using ACPI (MADT) for SMP configuration information
[    0.000000] ACPI: HPET id: 0x8086a201 base: 0xfed00000
[    0.000000] nr_irqs_gsi: 24
[    0.000000] PM: Registered nosave memory: 000000000009d000 - 000000000009e000
[    0.000000] PM: Registered nosave memory: 000000000009e000 - 00000000000a0000
[    0.000000] PM: Registered nosave memory: 00000000000a0000 - 00000000000d2000
[    0.000000] PM: Registered nosave memory: 00000000000d2000 - 00000000000d4000
[    0.000000] PM: Registered nosave memory: 00000000000d4000 - 00000000000e0000
[    0.000000] PM: Registered nosave memory: 00000000000e0000 - 0000000000100000
[    0.000000] Allocating PCI resources starting at 3e000000 (gap: 3e000000:b2000000)
[    0.000000] Built 1 zonelists in Zone order, mobility grouping on.  Total pages: 249503
[    0.000000] Kernel command line: auto BOOT_IMAGE=Linux ro root=802 vt.default_utf8=0 maxcpus=0
[    0.000000] PID hash table entries: 4096 (order: 2, 16384 bytes)
[    0.000000] Dentry cache hash table entries: 131072 (order: 7, 524288 bytes)
[    0.000000] Inode-cache hash table entries: 65536 (order: 6, 262144 bytes)
[    0.000000] Enabling fast FPU save and restore... done.
[    0.000000] Enabling unmasked SIMD FPU exception support... done.
[    0.000000] Initializing CPU#0
[    0.000000] Initializing HighMem for node 0 (000377fe:0003d6b0)
[    0.000000] Memory: 984800k/1006272k available (6914k kernel code, 20876k reserved, 2328k data, 448k init, 96968k highmem)
[    0.000000] virtual kernel memory layout:
[    0.000000]     fixmap  : 0xfffa3000 - 0xfffff000   ( 368 kB)
[    0.000000]     pkmap   : 0xff800000 - 0xffc00000   (4096 kB)
[    0.000000]     vmalloc : 0xf7ffe000 - 0xff7fe000   ( 120 MB)
[    0.000000]     lowmem  : 0xc0000000 - 0xf77fe000   ( 887 MB)
[    0.000000]       .init : 0xc1907000 - 0xc1977000   ( 448 kB)
[    0.000000]       .data : 0xc16c0b5f - 0xc1906c64   (2328 kB)
[    0.000000]       .text : 0xc1000000 - 0xc16c0b5f   (6914 kB)
[    0.000000] Checking if this processor honours the WP bit even in supervisor mode...Ok.
[    0.000000] SLUB: Genslabs=13, HWalign=64, Order=0-3, MinObjects=0, CPUs=1, Nodes=1
[    0.000000] Hierarchical RCU implementation.
[    0.000000] NR_IRQS:288
[    0.000000] Extended CMOS year: 2000
[    0.000000] Console: colour VGA+ 80x25
[    0.000000] console [tty0] enabled
[    0.000000] hpet clockevent registered
[    0.000000] Fast TSC calibration using PIT
[    0.000000] Detected 2094.811 MHz processor.
[    0.001001] Calibrating delay loop (skipped), value calculated using timer frequency.. 4189.62 BogoMIPS (lpj=2094811)
[    0.001168] Security Framework initialized
[    0.001249] Mount-cache hash table entries: 512
[    0.001396] CPU: L1 I cache: 32K, L1 D cache: 32K
[    0.002004] CPU: L2 cache: 3072K
[    0.002086] mce: CPU supports 6 MCE banks
[    0.002167] CPU0: Thermal monitoring enabled (TM2)
[    0.002247] using mwait in idle threads.
[    0.002328] CPU: Intel(R) Core(TM)2 Duo CPU     T8100  @ 2.10GHz stepping 06
[    0.002500] Checking 'hlt' instruction... OK.
[    0.006938] ACPI: Core revision 20090903
[    0.026018] CANARY value: a2823ad6 for PID: 1
[    0.026047] Enabling APIC mode:  Flat.  Using 1 I/O APICs
[    0.026504] ..TIMER: vector=0x30 apic1=0 pin1=2 apic2=-1 pin2=-1
[    0.036997] xor: automatically using best checksumming function: pIII_sse
[    0.040998]    pIII_sse  :  8568.000 MB/sec
[    0.041077] xor: using function: pIII_sse (8568.000 MB/sec)
[    0.041168] RANDOM - __seed init called.
[    0.041169] RANDOM - __seed init called.
[    0.041170] RANDOM - __seed init called.
[    0.041171] RANDOM - __random32 called. Change num 1.  Value: e6b75c0e	845fdb3c	4764ecc7
[    0.041173] RANDOM - __random32 called. Change num 2.  Value: 75c0e1a6	45fdb3ca	d98f8871
[    0.041175] RANDOM - __random32 called. Change num 3.  Value: e1a6d3e	5fdb3ca9	10e2be79
[    0.041176] RANDOM - __random32 called. Change num 4.  Value: a6d3e877	fdb3ca90	7cf2fee9
[    0.041178] RANDOM - __random32 called. Change num 5.  Value: 3e877b7b	db3ca905	fdd36ca1
[    0.041180] RANDOM - __random32 called. Change num 6.  Value: 77b7ba3d	b3ca905b	d9426901
[    0.041181] RANDOM - random32 init called.  Value: 77b7ba3d	b3ca905b	d9426901
[    0.041199] NET: Registered protocol family 16
[    0.041456] ACPI FADT declares the system doesn't support PCIe ASPM, so disable it
[    0.041569] ACPI: bus type pci registered
[    0.041732] PCI: MCFG configuration 0: base f0000000 segment 0 buses 0 - 63
[    0.041815] PCI: MCFG area at f0000000 reserved in E820
[    0.041897] PCI: Using MMCONFIG for extended config space
[    0.041976] PCI: Using configuration type 1 for base access
[    0.045093] bio: create slab <bio-0> at 0
[    0.045902] ACPI: EC: EC description table is found, configuring boot EC
[    0.051049] ACPI: BIOS _OSI(Linux) query honored via DMI
[    0.051766] random 0000 0000 0000 00000000 00000000: rand_read_num 2 get_random_bytes(8): sig fffffe1a 00000000 00000000
[    0.051769] random 0000 0000 0000 00000000 00000000: extract_entropy(.. 8 ..)
[    0.051771] random 0000 0000 0000 00000000 00000000: going to reseed nonblocking with 64 bits (64 of 0 requested)
[    0.051773] random 0000 0000 0000 00000000 00000000: extract_entropy(.. 8 ..)
[    0.051776] random 0000 0000 0000 00000000 00000000: trying to extract 64 bits from input
[    0.051778] random 0000 0000 0000 00000000 00000000: debiting 0 entropy credits from input
[    0.051779] random 0000 0000 0000 00000000 00000000: extract_entropy account returned: 0 
[    0.051809] random 0000 0000 0000 00000000 00000000: urand_change_num 3 xfer_secondary_pool(8): pool_sig fffffe1a, data_sig 00000000, bytes_mixed 0 00000000 00000000
[    0.051812] random 0000 0000 0000 00000000 00000000: trying to extract 64 bits from nonblocking
[    0.051815] random 0000 0000 0000 00000000 00000000: debiting 64 entropy credits from nonblocking (unlimited)
[    0.051817] random 0000 0000 0000 00000000 00000000: extract_entropy account returned: 8 
[    0.051821] random 0000 0000 0000 00000000 00000000: urand_change_num 4 extract_buf: pool_sig fffffe1a, data_sig fffffed7, bytes_mixed 20 00000000 00000000
[    0.056525] ACPI: Interpreter enabled
[    0.056611] ACPI: (supports S0 S3 S4 S5)
[    0.056905] ACPI: Using IOAPIC for interrupt routing
[    0.066629] ACPI: EC: GPE = 0x12, I/O: command/status = 0x66, data = 0x62
[    0.066897] ACPI: Power Resource [PUBS] (on)
[    0.069013] ACPI: ACPI Dock Station Driver: 3 docks/bays found
[    0.069420] ACPI: PCI Root Bridge [PCI0] (0000:00)
[    0.069591] pci 0000:00:02.0: reg 10 64bit mmio: [0xf8100000-0xf81fffff]
[    0.069596] pci 0000:00:02.0: reg 18 64bit mmio pref: [0xe0000000-0xefffffff]
[    0.069600] pci 0000:00:02.0: reg 20 io port: [0x1800-0x1807]
[    0.069635] pci 0000:00:02.1: reg 10 64bit mmio: [0xf8200000-0xf82fffff]
[    0.069736] pci 0000:00:19.0: reg 10 32bit mmio: [0xfe000000-0xfe01ffff]
[    0.069743] pci 0000:00:19.0: reg 14 32bit mmio: [0xfe025000-0xfe025fff]
[    0.069752] pci 0000:00:19.0: reg 18 io port: [0x1840-0x185f]
[    0.069822] pci 0000:00:19.0: PME# supported from D0 D3hot D3cold
[    0.069917] pci 0000:00:19.0: PME# disabled
[    0.070064] pci 0000:00:1a.0: reg 20 io port: [0x1860-0x187f]
[    0.070154] pci 0000:00:1a.1: reg 20 io port: [0x1880-0x189f]
[    0.070239] pci 0000:00:1a.7: reg 10 32bit mmio: [0xfe226c00-0xfe226fff]
[    0.070320] pci 0000:00:1a.7: PME# supported from D0 D3hot D3cold
[    0.070410] pci 0000:00:1a.7: PME# disabled
[    0.070540] pci 0000:00:1b.0: reg 10 64bit mmio: [0xfe020000-0xfe023fff]
[    0.070628] pci 0000:00:1b.0: PME# supported from D0 D3hot D3cold
[    0.070726] pci 0000:00:1b.0: PME# disabled
[    0.070920] pci 0000:00:1c.0: PME# supported from D0 D3hot D3cold
[    0.070999] pci 0000:00:1c.0: PME# disabled
[    0.071196] pci 0000:00:1c.1: PME# supported from D0 D3hot D3cold
[    0.071285] pci 0000:00:1c.1: PME# disabled
[    0.071477] pci 0000:00:1c.2: PME# supported from D0 D3hot D3cold
[    0.071569] pci 0000:00:1c.2: PME# disabled
[    0.071769] pci 0000:00:1c.3: PME# supported from D0 D3hot D3cold
[    0.071862] pci 0000:00:1c.3: PME# disabled
[    0.072113] pci 0000:00:1c.4: PME# supported from D0 D3hot D3cold
[    0.072204] pci 0000:00:1c.4: PME# disabled
[    0.072346] pci 0000:00:1d.0: reg 20 io port: [0x18a0-0x18bf]
[    0.073048] pci 0000:00:1d.1: reg 20 io port: [0x18c0-0x18df]
[    0.073126] pci 0000:00:1d.2: reg 20 io port: [0x18e0-0x18ff]
[    0.073220] pci 0000:00:1d.7: reg 10 32bit mmio: [0xfe227000-0xfe2273ff]
[    0.073316] pci 0000:00:1d.7: PME# supported from D0 D3hot D3cold
[    0.073401] pci 0000:00:1d.7: PME# disabled
[    0.073677] pci 0000:00:1f.0: quirk: region 1000-107f claimed by ICH6 ACPI/GPIO/TCO
[    0.073795] pci 0000:00:1f.0: quirk: region 1180-11bf claimed by ICH6 GPIO
[    0.073882] pci 0000:00:1f.0: ICH7 LPC Generic IO decode 1 PIO at 1600 (mask 007f)
[    0.073996] pci 0000:00:1f.0: ICH7 LPC Generic IO decode 2 PIO at 15e0 (mask 000f)
[    0.074114] pci 0000:00:1f.0: ICH7 LPC Generic IO decode 3 PIO at 1680 (mask 001f)
[    0.074310] pci 0000:00:1f.1: reg 10 io port: [0x00-0x07]
[    0.074320] pci 0000:00:1f.1: reg 14 io port: [0x00-0x03]
[    0.074327] pci 0000:00:1f.1: reg 18 io port: [0x00-0x07]
[    0.074339] pci 0000:00:1f.1: reg 1c io port: [0x00-0x03]
[    0.074350] pci 0000:00:1f.1: reg 20 io port: [0x1c00-0x1c0f]
[    0.074439] pci 0000:00:1f.2: reg 10 io port: [0x1c50-0x1c57]
[    0.074448] pci 0000:00:1f.2: reg 14 io port: [0x1c44-0x1c47]
[    0.074457] pci 0000:00:1f.2: reg 18 io port: [0x1c48-0x1c4f]
[    0.074466] pci 0000:00:1f.2: reg 1c io port: [0x1c40-0x1c43]
[    0.074475] pci 0000:00:1f.2: reg 20 io port: [0x1c20-0x1c3f]
[    0.074483] pci 0000:00:1f.2: reg 24 32bit mmio: [0xfe226000-0xfe2267ff]
[    0.074548] pci 0000:00:1f.2: PME# supported from D3hot
[    0.074640] pci 0000:00:1f.2: PME# disabled
[    0.074771] pci 0000:00:1f.3: reg 10 32bit mmio: [0xfe227400-0xfe2274ff]
[    0.074796] pci 0000:00:1f.3: reg 20 io port: [0x1c60-0x1c7f]
[    0.074881] pci 0000:00:1c.0: bridge io port: [0x2000-0x2fff]
[    0.074885] pci 0000:00:1c.0: bridge 32bit mmio: [0xfc000000-0xfdffffff]
[    0.074897] pci 0000:00:1c.0: bridge 64bit mmio pref: [0xf8000000-0xf80fffff]
[    0.074969] pci 0000:03:00.0: reg 10 64bit mmio: [0xdf3f0000-0xdf3fffff]
[    0.075184] pci 0000:00:1c.1: bridge io port: [0x3000-0x3fff]
[    0.075193] pci 0000:00:1c.1: bridge 32bit mmio: [0xdc000000-0xdf3fffff]
[    0.075200] pci 0000:00:1c.1: bridge 64bit mmio pref: [0xdfe00000-0xdfefffff]
[    0.075256] pci 0000:00:1c.2: bridge io port: [0x4000-0x4fff]
[    0.075260] pci 0000:00:1c.2: bridge 32bit mmio: [0xd8000000-0xd9ffffff]
[    0.075268] pci 0000:00:1c.2: bridge 64bit mmio pref: [0xdfb00000-0xdfbfffff]
[    0.075326] pci 0000:00:1c.3: bridge io port: [0x5000-0x5fff]
[    0.075331] pci 0000:00:1c.3: bridge 32bit mmio: [0xd4000000-0xd5ffffff]
[    0.075339] pci 0000:00:1c.3: bridge 64bit mmio pref: [0xdf800000-0xdf8fffff]
[    0.075397] pci 0000:00:1c.4: bridge io port: [0x6000-0x6fff]
[    0.075403] pci 0000:00:1c.4: bridge 32bit mmio: [0xd0000000-0xd1ffffff]
[    0.075411] pci 0000:00:1c.4: bridge 64bit mmio pref: [0xdf500000-0xdf5fffff]
[    0.075471] pci 0000:15:00.0: reg 10 32bit mmio: [0xf8300000-0xf8300fff]
[    0.075522] pci 0000:15:00.0: supports D1 D2
[    0.075524] pci 0000:15:00.0: PME# supported from D0 D1 D2 D3hot D3cold
[    0.075608] pci 0000:15:00.0: PME# disabled
[    0.075746] pci 0000:15:00.1: reg 10 32bit mmio: [0xf8301000-0xf83017ff]
[    0.075841] pci 0000:15:00.1: supports D1 D2
[    0.075842] pci 0000:15:00.1: PME# supported from D0 D1 D2 D3hot D3cold
[    0.075942] pci 0000:15:00.1: PME# disabled
[    0.076086] pci 0000:00:1e.0: transparent bridge
[    0.076168] pci 0000:00:1e.0: bridge io port: [0x7000-0xafff]
[    0.076174] pci 0000:00:1e.0: bridge 32bit mmio: [0xf8300000-0xfbffffff]
[    0.076183] pci 0000:00:1e.0: bridge 64bit mmio pref: [0xf4000000-0xf7ffffff]
[    0.076248] pci_bus 0000:00: on NUMA node 0
[    0.076251] ACPI: PCI Interrupt Routing Table [\_SB_.PCI0._PRT]
[    0.076385] ACPI: PCI Interrupt Routing Table [\_SB_.PCI0.EXP0._PRT]
[    0.076443] ACPI: PCI Interrupt Routing Table [\_SB_.PCI0.EXP1._PRT]
[    0.076501] ACPI: PCI Interrupt Routing Table [\_SB_.PCI0.EXP2._PRT]
[    0.076559] ACPI: PCI Interrupt Routing Table [\_SB_.PCI0.EXP3._PRT]
[    0.076621] ACPI: PCI Interrupt Routing Table [\_SB_.PCI0.EXP4._PRT]
[    0.076683] ACPI: PCI Interrupt Routing Table [\_SB_.PCI0.PCI1._PRT]
[    0.082161] ACPI: PCI Interrupt Link [LNKA] (IRQs 3 4 5 6 7 9 *10 11)
[    0.082877] ACPI: PCI Interrupt Link [LNKB] (IRQs 3 4 5 6 7 9 10 *11)
[    0.083578] ACPI: PCI Interrupt Link [LNKC] (IRQs 3 4 5 6 7 9 10 *11)
[    0.084340] ACPI: PCI Interrupt Link [LNKD] (IRQs 3 4 5 6 7 9 10 *11)
[    0.085084] ACPI: PCI Interrupt Link [LNKE] (IRQs 3 4 5 6 7 9 10 *11)
[    0.085831] ACPI: PCI Interrupt Link [LNKF] (IRQs 3 4 5 6 7 9 10 *11)
[    0.086503] ACPI: PCI Interrupt Link [LNKG] (IRQs 3 4 5 6 7 9 10 *11)
[    0.087234] ACPI: PCI Interrupt Link [LNKH] (IRQs 3 4 5 6 7 9 10 *11)
[    0.087895] vgaarb: device added: PCI:0000:00:02.0,decodes=io+mem,owns=io+mem,locks=none
[    0.088001] vgaarb: loaded
[    0.088175] SCSI subsystem initialized
[    0.088276] libata version 3.00 loaded.
[    0.088322] usbcore: registered new interface driver usbfs
[    0.088446] usbcore: registered new interface driver hub
[    0.088555] usbcore: registered new device driver usb
[    0.105041] raid6: int32x1    941 MB/s
[    0.122060] raid6: int32x2    890 MB/s
[    0.139069] raid6: int32x4    750 MB/s
[    0.156001] raid6: int32x8    656 MB/s
[    0.172989] raid6: mmxx1     2878 MB/s
[    0.189982] raid6: mmxx2     3269 MB/s
[    0.206995] raid6: sse1x1    1937 MB/s
[    0.223976] raid6: sse1x2    2531 MB/s
[    0.240976] raid6: sse2x1    3507 MB/s
[    0.257972] raid6: sse2x2    3820 MB/s
[    0.258054] raid6: using algorithm sse2x2 (3820 MB/s)
[    0.258143] PCI: Using ACPI for IRQ routing
[    0.258449] HPET: 3 timers in total, 0 timers will be used for per-cpu timer
[    0.258990] Switching to clocksource tsc
[    0.259091] pnp: PnP ACPI init
[    0.259182] ACPI: bus type pnp registered
[    0.262824] pnp: PnP ACPI: found 11 devices
[    0.262921] ACPI: ACPI bus type pnp unregistered
[    0.263005] system 00:00: iomem range 0x0-0x9ffff could not be reserved
[    0.263088] system 00:00: iomem range 0xc0000-0xc3fff could not be reserved
[    0.263171] system 00:00: iomem range 0xc4000-0xc7fff could not be reserved
[    0.263259] system 00:00: iomem range 0xc8000-0xcbfff has been reserved
[    0.263346] system 00:00: iomem range 0xcc000-0xcffff has been reserved
[    0.263428] system 00:00: iomem range 0xd0000-0xd3fff could not be reserved
[    0.263512] system 00:00: iomem range 0xe0000-0xe3fff could not be reserved
[    0.263595] system 00:00: iomem range 0xe4000-0xe7fff could not be reserved
[    0.263678] system 00:00: iomem range 0xe8000-0xebfff could not be reserved
[    0.263761] system 00:00: iomem range 0xec000-0xeffff could not be reserved
[    0.263848] system 00:00: iomem range 0xf0000-0xfffff could not be reserved
[    0.263934] system 00:00: iomem range 0x100000-0x3dffffff could not be reserved
[    0.264046] system 00:00: iomem range 0xfec00000-0xfed3ffff could not be reserved
[    0.264159] system 00:00: iomem range 0xfed4c000-0xffffffff could not be reserved
[    0.264283] system 00:02: ioport range 0x164e-0x164f has been reserved
[    0.264365] system 00:02: ioport range 0x1000-0x107f has been reserved
[    0.264456] system 00:02: ioport range 0x1180-0x11bf has been reserved
[    0.264541] system 00:02: ioport range 0x800-0x80f has been reserved
[    0.264634] system 00:02: ioport range 0x15e0-0x15ef has been reserved
[    0.264716] system 00:02: ioport range 0x1600-0x165f could not be reserved
[    0.264798] system 00:02: iomem range 0xf0000000-0xf3ffffff has been reserved
[    0.264891] system 00:02: iomem range 0xfed1c000-0xfed1ffff has been reserved
[    0.264983] system 00:02: iomem range 0xfed14000-0xfed17fff has been reserved
[    0.265066] system 00:02: iomem range 0xfed18000-0xfed18fff has been reserved
[    0.265149] system 00:02: iomem range 0xfed19000-0xfed19fff has been reserved
[    0.265235] system 00:02: iomem range 0xfed45000-0xfed4bfff has been reserved
[    0.300267] pci 0000:00:1c.0: PCI bridge, secondary bus 0000:02
[    0.300353] pci 0000:00:1c.0:   IO window: 0x2000-0x2fff
[    0.300445] pci 0000:00:1c.0:   MEM window: 0xfc000000-0xfdffffff
[    0.300529] pci 0000:00:1c.0:   PREFETCH window: 0x000000f8000000-0x000000f80fffff
[    0.300656] pci 0000:00:1c.1: PCI bridge, secondary bus 0000:03
[    0.300743] pci 0000:00:1c.1:   IO window: 0x3000-0x3fff
[    0.300833] pci 0000:00:1c.1:   MEM window: 0xdc000000-0xdf3fffff
[    0.300921] pci 0000:00:1c.1:   PREFETCH window: 0x000000dfe00000-0x000000dfefffff
[    0.301045] pci 0000:00:1c.2: PCI bridge, secondary bus 0000:04
[    0.301132] pci 0000:00:1c.2:   IO window: 0x4000-0x4fff
[    0.301226] pci 0000:00:1c.2:   MEM window: 0xd8000000-0xd9ffffff
[    0.301318] pci 0000:00:1c.2:   PREFETCH window: 0x000000dfb00000-0x000000dfbfffff
[    0.301437] pci 0000:00:1c.3: PCI bridge, secondary bus 0000:05
[    0.301519] pci 0000:00:1c.3:   IO window: 0x5000-0x5fff
[    0.301605] pci 0000:00:1c.3:   MEM window: 0xd4000000-0xd5ffffff
[    0.301689] pci 0000:00:1c.3:   PREFETCH window: 0x000000df800000-0x000000df8fffff
[    0.301814] pci 0000:00:1c.4: PCI bridge, secondary bus 0000:0d
[    0.301899] pci 0000:00:1c.4:   IO window: 0x6000-0x6fff
[    0.301985] pci 0000:00:1c.4:   MEM window: 0xd0000000-0xd1ffffff
[    0.302082] pci 0000:00:1c.4:   PREFETCH window: 0x000000df500000-0x000000df5fffff
[    0.302205] pci 0000:15:00.0: CardBus bridge, secondary bus 0000:16
[    0.302286] pci 0000:15:00.0:   IO window: 0x007000-0x0070ff
[    0.302370] pci 0000:15:00.0:   IO window: 0x007400-0x0074ff
[    0.302460] pci 0000:15:00.0:   PREFETCH window: 0xf4000000-0xf7ffffff
[    0.302546] pci 0000:15:00.0:   MEM window: 0x40000000-0x43ffffff
[    0.302642] pci 0000:00:1e.0: PCI bridge, secondary bus 0000:15
[    0.302724] pci 0000:00:1e.0:   IO window: 0x7000-0xafff
[    0.302812] pci 0000:00:1e.0:   MEM window: 0xf8300000-0xfbffffff
[    0.302901] pci 0000:00:1e.0:   PREFETCH window: 0x000000f4000000-0x000000f7ffffff
[    0.303032] pci 0000:00:1c.0: PCI INT A -> GSI 20 (level, low) -> IRQ 20
[    0.303128] pci 0000:00:1c.0: setting latency timer to 64
[    0.303140] pci 0000:00:1c.1: PCI INT B -> GSI 21 (level, low) -> IRQ 21
[    0.303229] pci 0000:00:1c.1: setting latency timer to 64
[    0.303238] pci 0000:00:1c.2: PCI INT C -> GSI 22 (level, low) -> IRQ 22
[    0.303323] pci 0000:00:1c.2: setting latency timer to 64
[    0.303334] pci 0000:00:1c.3: PCI INT D -> GSI 23 (level, low) -> IRQ 23
[    0.303418] pci 0000:00:1c.3: setting latency timer to 64
[    0.303431] pci 0000:00:1c.4: PCI INT A -> GSI 20 (level, low) -> IRQ 20
[    0.303521] pci 0000:00:1c.4: setting latency timer to 64
[    0.303526] pci 0000:00:1e.0: enabling device (0005 -> 0007)
[    0.303613] pci 0000:00:1e.0: setting latency timer to 64
[    0.303628] pci 0000:15:00.0: PCI INT A -> GSI 16 (level, low) -> IRQ 16
[    0.303715] pci 0000:15:00.0: setting latency timer to 64
[    0.303721] pci_bus 0000:00: resource 0 io:  [0x00-0xffff]
[    0.303723] pci_bus 0000:00: resource 1 mem: [0x000000-0xffffffff]
[    0.303725] pci_bus 0000:02: resource 0 io:  [0x2000-0x2fff]
[    0.303727] pci_bus 0000:02: resource 1 mem: [0xfc000000-0xfdffffff]
[    0.303728] pci_bus 0000:02: resource 2 pref mem [0xf8000000-0xf80fffff]
[    0.303730] pci_bus 0000:03: resource 0 io:  [0x3000-0x3fff]
[    0.303732] pci_bus 0000:03: resource 1 mem: [0xdc000000-0xdf3fffff]
[    0.303734] pci_bus 0000:03: resource 2 pref mem [0xdfe00000-0xdfefffff]
[    0.303736] pci_bus 0000:04: resource 0 io:  [0x4000-0x4fff]
[    0.303738] pci_bus 0000:04: resource 1 mem: [0xd8000000-0xd9ffffff]
[    0.303739] pci_bus 0000:04: resource 2 pref mem [0xdfb00000-0xdfbfffff]
[    0.303741] pci_bus 0000:05: resource 0 io:  [0x5000-0x5fff]
[    0.303743] pci_bus 0000:05: resource 1 mem: [0xd4000000-0xd5ffffff]
[    0.303745] pci_bus 0000:05: resource 2 pref mem [0xdf800000-0xdf8fffff]
[    0.303747] pci_bus 0000:0d: resource 0 io:  [0x6000-0x6fff]
[    0.303748] pci_bus 0000:0d: resource 1 mem: [0xd0000000-0xd1ffffff]
[    0.303750] pci_bus 0000:0d: resource 2 pref mem [0xdf500000-0xdf5fffff]
[    0.303752] pci_bus 0000:15: resource 0 io:  [0x7000-0xafff]
[    0.303754] pci_bus 0000:15: resource 1 mem: [0xf8300000-0xfbffffff]
[    0.303755] pci_bus 0000:15: resource 2 pref mem [0xf4000000-0xf7ffffff]
[    0.303757] pci_bus 0000:15: resource 3 io:  [0x00-0xffff]
[    0.303759] pci_bus 0000:15: resource 4 mem: [0x000000-0xffffffff]
[    0.303761] pci_bus 0000:16: resource 0 io:  [0x7000-0x70ff]
[    0.303762] pci_bus 0000:16: resource 1 io:  [0x7400-0x74ff]
[    0.303764] pci_bus 0000:16: resource 2 pref mem [0xf4000000-0xf7ffffff]
[    0.303766] pci_bus 0000:16: resource 3 mem: [0x40000000-0x43ffffff]
[    0.303774] NET: Registered protocol family 2
[    0.303863] RANDOM - __random32 called. Change num 7.  Value: 7ba3d01e	3ca905be	d2026a24
[    0.303865] RANDOM - random32 called.  Value: 7ba3d01e	3ca905be	d2026a24
[    0.303869] random 0000 0000 0000 5f8db4e5 4cfdf2a8: rand_read_num 3 get_random_bytes(4): sig fffffb64 5f8db4e5 4cfdf2a8
[    0.303872] random 0000 0000 0000 5f8db4e5 4cfdf2a8: extract_entropy(.. 4 ..)
[    0.303874] random 0000 0000 0000 5f8db4e5 4cfdf2a8: going to reseed nonblocking with 64 bits (32 of 0 requested)
[    0.303876] random 0000 0000 0000 5f8db4e5 4cfdf2a8: extract_entropy(.. 8 ..)
[    0.303878] random 0000 0000 0000 5f8db4e5 4cfdf2a8: trying to extract 64 bits from input
[    0.303880] random 0000 0000 0000 5f8db4e5 4cfdf2a8: debiting 0 entropy credits from input
[    0.303882] random 0000 0000 0000 5f8db4e5 4cfdf2a8: extract_entropy account returned: 0 
[    0.303885] random 0000 0000 0000 5f8db4e5 4cfdf2a8: urand_change_num 5 xfer_secondary_pool(4): pool_sig fffffb64, data_sig 00000000, bytes_mixed 0 5f8db4e5 4cfdf2a8
[    0.303888] random 0000 0000 0000 5f8db4e5 4cfdf2a8: trying to extract 32 bits from nonblocking
[    0.303890] random 0000 0000 0000 5f8db4e5 4cfdf2a8: debiting 32 entropy credits from nonblocking (unlimited)
[    0.303892] random 0000 0000 0000 5f8db4e5 4cfdf2a8: extract_entropy account returned: 4 
[    0.303897] random 0000 0000 0000 5f8db4e5 4cfdf2a8: urand_change_num 6 extract_buf: pool_sig fffffb64, data_sig 00000241, bytes_mixed 20 5f8db4e5 4cfdf2a8
[    0.303906] IP route cache hash table entries: 32768 (order: 5, 131072 bytes)
[    0.304028] RANDOM - __random32 called. Change num 8.  Value: 3d01e034	ca905be7	d4484227
[    0.304030] RANDOM - random32 called.  Value: 3d01e034	ca905be7	d4484227
[    0.304041] RANDOM - __random32 called. Change num 9.  Value: 1e034020	a905be70	844ec14a
[    0.304042] RANDOM - random32 called.  Value: 1e034020	a905be70	844ec14a
[    0.304044] RANDOM - __random32 called. Change num 10.  Value: 34020ec0	905be706	8294c719
[    0.304046] RANDOM - random32 called.  Value: 34020ec0	905be706	8294c719
[    0.304056] RANDOM - __random32 called. Change num 11.  Value: 20ec0ebb	5be7068	8e32c65f
[    0.304058] RANDOM - random32 called.  Value: 20ec0ebb	5be7068	8e32c65f
[    0.304068] TCP established hash table entries: 131072 (order: 8, 1048576 bytes)
[    0.304550] TCP bind hash table entries: 65536 (order: 6, 262144 bytes)
[    0.304727] TCP: Hash tables configured (established 131072 bind 65536)
[    0.304812] TCP reno registered
[    0.304910] NET: Registered protocol family 1
[    0.305021] RPC: Registered udp transport module.
[    0.305101] RPC: Registered tcp transport module.
[    0.305178] RPC: Registered tcp NFSv4.1 backchannel transport module.
[    0.305264] pci 0000:00:02.0: Boot video device
[    0.305476] Simple Boot Flag at 0x35 set to 0x1
[    0.306041] highmem bounce pool size: 64 pages
[    0.307523] VFS: Disk quotas dquot_6.5.2
[    0.307643] Dquot-cache hash table entries: 1024 (order 0, 4096 bytes)
[    0.308376] NTFS driver 2.1.29 [Flags: R/W].
[    0.308527] ROMFS MTD (C) 2007 Red Hat, Inc.
[    0.308726] JFS: nTxBlock = 7695, nTxLock = 61562
[    0.311152] SGI XFS with ACLs, security attributes, large block/inode numbers, no debug enabled
[    0.311633] SGI XFS Quota Management subsystem
[    0.311974] Slow work thread pool: Starting up
[    0.312074] Slow work thread pool: Ready
[    0.312168] GFS2 (built May 24 2013 02:47:17) installed
[    0.312257] msgmni has been set to 1734
[    0.312413] alg: No test for cipher_null (cipher_null-generic)
[    0.312503] alg: No test for ecb(cipher_null) (ecb-cipher_null)
[    0.312594] alg: No test for digest_null (digest_null-generic)
[    0.312685] alg: No test for compress_null (compress_null-generic)
[    0.313230] alg: No test for fcrypt (fcrypt-generic)
[    0.314636] alg: No test for stdrng (krng)
[    0.314730] async_tx: api initialized (async)
[    0.314887] Block layer SCSI generic (bsg) driver version 0.4 loaded (major 254)
[    0.314999] io scheduler noop registered
[    0.315085] io scheduler anticipatory registered
[    0.315173] io scheduler deadline registered
[    0.315296] io scheduler cfq registered (default)
[    0.315537] pcieport 0000:00:1c.0: irq 24 for MSI/MSI-X
[    0.315557] pcieport 0000:00:1c.0: setting latency timer to 64
[    0.315747] pcieport 0000:00:1c.1: irq 25 for MSI/MSI-X
[    0.315759] pcieport 0000:00:1c.1: setting latency timer to 64
[    0.315961] pcieport 0000:00:1c.2: irq 26 for MSI/MSI-X
[    0.315970] pcieport 0000:00:1c.2: setting latency timer to 64
[    0.316149] pcieport 0000:00:1c.3: irq 27 for MSI/MSI-X
[    0.316161] pcieport 0000:00:1c.3: setting latency timer to 64
[    0.316344] pcieport 0000:00:1c.4: irq 28 for MSI/MSI-X
[    0.316356] pcieport 0000:00:1c.4: setting latency timer to 64
[    0.316502] pci_hotplug: PCI Hot Plug PCI Core version: 0.5
[    0.316698] isapnp: Scanning for PnP cards...
[    0.677229] isapnp: No Plug & Play device found
[    0.677321] random 0000 0000 0000 5f8db4e5 4cfdf2a8: initializing
[    0.696808] Serial: 8250/16550 driver, 4 ports, IRQ sharing enabled
[    3.707559] floppy0: no floppy controllers found
[    3.708508] brd: module loaded
[    3.709012] loop: module loaded
[    3.709091] Compaq SMART2 Driver (v 2.6.0)
[    3.709206] HP CISS Driver (v 3.6.20)
[    3.709441] input: Macintosh mouse button emulation as /devices/virtual/input/input0
[    3.709573] Uniform Multi-Platform E-IDE driver
[    3.709793] piix 0000:00:1f.1: IDE controller (0x8086:0x2850 rev 0x03)
[    3.709888] pci 0000:00:1f.1: PCI INT C -> GSI 16 (level, low) -> IRQ 16
[    3.709989] piix 0000:00:1f.1: IDE port disabled
[    3.710086] piix 0000:00:1f.1: not 100% native mode: will probe irqs later
[    3.710189]     ide0: BM-DMA at 0x1c00-0x1c07
[    3.710280] Probing IDE interface ide0...
[    4.381716] hda: HL-DT-ST DVDRAM GSA-U10N, ATAPI CD/DVD-ROM drive
[    4.688500] hda: host max PIO4 wanted PIO255(auto-tune) selected PIO4
[    4.689274] hda: UDMA/33 mode selected
[    4.689741] ide0 at 0x1f0-0x1f7,0x3f6 on irq 14
[    4.693625] ide-gd driver 1.18
[    4.693726] ide-cd driver 5.00
[    4.695108] ide-cd: hda: ATAPI 24X DVD-ROM DVD-R/RAM CD-R/RW drive, 2048kB Cache
[    4.695499] Uniform CD-ROM driver Revision: 3.20
[    4.702657] Loading iSCSI transport class v2.0-870.
[    4.702937] rdac: device handler registered
[    4.703022] hp_sw: device handler registered
[    4.703107] emc: device handler registered
[    4.703194] alua: device handler registered
[    4.704194] Adaptec aacraid driver 1.1-5[2461]-ms
[    4.704603] scsi: <fdomain> Detection failed (no card)
[    4.704695] sym53c416.c: Version 1.0.0-ac
[    4.704797] qlogicfas: no cards were found, please specify I/O address and IRQ using iobase= and irq= options
[    4.704920] QLogic Fibre Channel HBA Driver: 8.03.01-k6
[    4.705126] iscsi: registered transport (qla4xxx)
[    4.705225] QLogic iSCSI HBA Driver
[    4.705303] Emulex LightPulse Fibre Channel SCSI driver 8.3.4
[    4.705390] Copyright(c) 2004-2009 Emulex.  All rights reserved.
[    4.727484] Failed initialization of WD-7000 SCSI card!
[    4.816998] DC390: clustering now enabled by default. If you get problems load
[    4.817109]        with "disable_clustering=1" and report to maintainers
[    4.817233] megaraid cmm: 2.20.2.7 (Release Date: Sun Jul 16 00:01:03 EST 2006)
[    4.817377] megaraid: 2.20.5.1 (Release Date: Thu Nov 16 15:32:35 EST 2006)
[    4.817482] megasas: 00.00.04.01 Thu July 24 11:41:51 PST 2008
[    4.817605] GDT-HA: Storage RAID Controller Driver. Version: 3.05
[    4.817748] 3ware Storage Controller device driver for Linux v1.26.02.002.
[    4.817849] 3ware 9000 Storage Controller device driver for Linux v2.26.02.012.
[    4.817980] nsp32: loading...
[    4.818076] ipr: IBM Power RAID SCSI Device Driver version: 2.4.3 (June 10, 2009)
[    4.818210] RocketRAID 3xxx/4xxx Controller driver v1.6 (090910)
[    4.818312] stex: Promise SuperTrak EX Driver version: 4.6.0000.3
[    4.818435] st: Version 20081215, fixed bufsize 32768, s/g segs 256
[    4.818622] ahci 0000:00:1f.2: version 3.0
[    4.818636] ahci 0000:00:1f.2: PCI INT B -> GSI 16 (level, low) -> IRQ 16
[    4.818756] ahci 0000:00:1f.2: irq 29 for MSI/MSI-X
[    4.818819] ahci 0000:00:1f.2: AHCI 0001.0100 32 slots 3 ports 1.5 Gbps 0x5 impl SATA mode
[    4.818942] ahci 0000:00:1f.2: flags: 64bit ncq sntf pm led clo pio slum part ccc 
[    4.819059] ahci 0000:00:1f.2: setting latency timer to 64
[    4.819202] scsi2 : ahci
[    4.819351] scsi3 : ahci
[    4.819496] scsi4 : ahci
[    4.819654] ata1: SATA max UDMA/133 abar m2048@0xfe226000 port 0xfe226100 irq 29
[    4.819774] ata2: DUMMY
[    4.819864] ata3: SATA max UDMA/133 abar m2048@0xfe226000 port 0xfe226200 irq 29
[    4.820475] I2O subsystem v1.325
[    4.820553] i2o: max drivers = 8
[    4.820697] I2O Configuration OSM v1.323
[    4.820792] I2O Bus Adapter OSM v1.317
[    4.820891] I2O Block Device OSM v1.325
[    4.821043] I2O SCSI Peripheral OSM v1.316
[    4.821141] I2O ProcFS OSM v1.316
[    4.821242] Fusion MPT base driver 3.04.12
[    4.821321] Copyright (c) 1999-2008 LSI Corporation
[    4.821405] Fusion MPT SPI Host driver 3.04.12
[    4.821557] Fusion MPT FC Host driver 3.04.12
[    4.821669] Fusion MPT SAS Host driver 3.04.12
[    4.821817] ohci1394 0000:15:00.1: PCI INT B -> GSI 17 (level, low) -> IRQ 17
[    4.821908] ohci1394 0000:15:00.1: setting latency timer to 64
[    4.875491] ohci1394: fw-host0: OHCI-1394 1.1 (PCI): IRQ=[17]  MMIO=[f8301000-f83017ff]  Max Packet=[2048]  IR/IT contexts=[4/4]
[    4.878754] ehci_hcd: USB 2.0 'Enhanced' Host Controller (EHCI) Driver
[    4.879038] ehci_hcd 0000:00:1a.7: power state changed by ACPI to D0
[    4.879291] ehci_hcd 0000:00:1a.7: power state changed by ACPI to D0
[    4.879377] ehci_hcd 0000:00:1a.7: PCI INT C -> GSI 22 (level, low) -> IRQ 22
[    4.879479] ehci_hcd 0000:00:1a.7: setting latency timer to 64
[    4.879484] ehci_hcd 0000:00:1a.7: EHCI Host Controller
[    4.879609] ehci_hcd 0000:00:1a.7: new USB bus registered, assigned bus number 1
[    4.883650] ehci_hcd 0000:00:1a.7: cache line size of 32 is not supported
[    4.883657] ehci_hcd 0000:00:1a.7: irq 22, io mem 0xfe226c00
[    4.893452] ehci_hcd 0000:00:1a.7: USB 2.0 started, EHCI 1.00
[    4.893549] usb usb1: New USB device found, idVendor=1d6b, idProduct=0002
[    4.893635] usb usb1: New USB device strings: Mfr=3, Product=2, SerialNumber=1
[    4.893747] usb usb1: Product: EHCI Host Controller
[    4.893830] usb usb1: Manufacturer: Linux 2.6.32.57 ehci_hcd
[    4.893916] usb usb1: SerialNumber: 0000:00:1a.7
[    4.894047] usb usb1: configuration #1 chosen from 1 choice
[    4.894156] hub 1-0:1.0: USB hub found
[    4.894249] hub 1-0:1.0: 4 ports detected
[    4.894591] ehci_hcd 0000:00:1d.7: power state changed by ACPI to D0
[    4.894839] ehci_hcd 0000:00:1d.7: power state changed by ACPI to D0
[    4.894936] ehci_hcd 0000:00:1d.7: PCI INT D -> GSI 19 (level, low) -> IRQ 19
[    4.895028] ehci_hcd 0000:00:1d.7: setting latency timer to 64
[    4.895031] ehci_hcd 0000:00:1d.7: EHCI Host Controller
[    4.895159] ehci_hcd 0000:00:1d.7: new USB bus registered, assigned bus number 2
[    4.895314] ehci_hcd 0000:00:1d.7: debug port 1
[    4.899300] ehci_hcd 0000:00:1d.7: cache line size of 32 is not supported
[    4.899309] ehci_hcd 0000:00:1d.7: irq 19, io mem 0xfe227000
[    4.909451] ehci_hcd 0000:00:1d.7: USB 2.0 started, EHCI 1.00
[    4.909556] usb usb2: New USB device found, idVendor=1d6b, idProduct=0002
[    4.909640] usb usb2: New USB device strings: Mfr=3, Product=2, SerialNumber=1
[    4.909752] usb usb2: Product: EHCI Host Controller
[    4.909831] usb usb2: Manufacturer: Linux 2.6.32.57 ehci_hcd
[    4.909910] usb usb2: SerialNumber: 0000:00:1d.7
[    4.910044] usb usb2: configuration #1 chosen from 1 choice
[    4.910152] hub 2-0:1.0: USB hub found
[    4.910235] hub 2-0:1.0: 6 ports detected
[    4.910405] 116x: driver isp116x-hcd, 03 Nov 2005
[    4.910504] ohci_hcd: USB 1.1 'Open' Host Controller (OHCI) Driver
[    4.910621] uhci_hcd: USB Universal Host Controller Interface driver
[    4.910721] uhci_hcd 0000:00:1a.0: PCI INT A -> GSI 20 (level, low) -> IRQ 20
[    4.910811] uhci_hcd 0000:00:1a.0: setting latency timer to 64
[    4.910816] uhci_hcd 0000:00:1a.0: UHCI Host Controller
[    4.910939] uhci_hcd 0000:00:1a.0: new USB bus registered, assigned bus number 3
[    4.911084] uhci_hcd 0000:00:1a.0: irq 20, io base 0x00001860
[    4.911191] usb usb3: New USB device found, idVendor=1d6b, idProduct=0001
[    4.911273] usb usb3: New USB device strings: Mfr=3, Product=2, SerialNumber=1
[    4.911387] usb usb3: Product: UHCI Host Controller
[    4.911475] usb usb3: Manufacturer: Linux 2.6.32.57 uhci_hcd
[    4.911560] usb usb3: SerialNumber: 0000:00:1a.0
[    4.911687] usb usb3: configuration #1 chosen from 1 choice
[    4.911805] hub 3-0:1.0: USB hub found
[    4.911898] hub 3-0:1.0: 2 ports detected
[    4.912189] uhci_hcd 0000:00:1a.1: power state changed by ACPI to D0
[    4.912451] uhci_hcd 0000:00:1a.1: power state changed by ACPI to D0
[    4.912548] uhci_hcd 0000:00:1a.1: PCI INT B -> GSI 21 (level, low) -> IRQ 21
[    4.912643] uhci_hcd 0000:00:1a.1: setting latency timer to 64
[    4.912647] uhci_hcd 0000:00:1a.1: UHCI Host Controller
[    4.912771] uhci_hcd 0000:00:1a.1: new USB bus registered, assigned bus number 4
[    4.912915] uhci_hcd 0000:00:1a.1: irq 21, io base 0x00001880
[    4.913026] usb usb4: New USB device found, idVendor=1d6b, idProduct=0001
[    4.913108] usb usb4: New USB device strings: Mfr=3, Product=2, SerialNumber=1
[    4.913232] usb usb4: Product: UHCI Host Controller
[    4.913312] usb usb4: Manufacturer: Linux 2.6.32.57 uhci_hcd
[    4.913394] usb usb4: SerialNumber: 0000:00:1a.1
[    4.913527] usb usb4: configuration #1 chosen from 1 choice
[    4.913645] hub 4-0:1.0: USB hub found
[    4.913730] hub 4-0:1.0: 2 ports detected
[    4.914059] uhci_hcd 0000:00:1d.0: power state changed by ACPI to D0
[    4.914298] uhci_hcd 0000:00:1d.0: power state changed by ACPI to D0
[    4.914386] uhci_hcd 0000:00:1d.0: PCI INT A -> GSI 16 (level, low) -> IRQ 16
[    4.914482] uhci_hcd 0000:00:1d.0: setting latency timer to 64
[    4.914487] uhci_hcd 0000:00:1d.0: UHCI Host Controller
[    4.914610] uhci_hcd 0000:00:1d.0: new USB bus registered, assigned bus number 5
[    4.914751] uhci_hcd 0000:00:1d.0: irq 16, io base 0x000018a0
[    4.914864] usb usb5: New USB device found, idVendor=1d6b, idProduct=0001
[    4.914950] usb usb5: New USB device strings: Mfr=3, Product=2, SerialNumber=1
[    4.915063] usb usb5: Product: UHCI Host Controller
[    4.915155] usb usb5: Manufacturer: Linux 2.6.32.57 uhci_hcd
[    4.915242] usb usb5: SerialNumber: 0000:00:1d.0
[    4.915374] usb usb5: configuration #1 chosen from 1 choice
[    4.915490] hub 5-0:1.0: USB hub found
[    4.915576] hub 5-0:1.0: 2 ports detected
[    4.915722] uhci_hcd 0000:00:1d.1: PCI INT B -> GSI 17 (level, low) -> IRQ 17
[    4.915819] uhci_hcd 0000:00:1d.1: setting latency timer to 64
[    4.915822] uhci_hcd 0000:00:1d.1: UHCI Host Controller
[    4.915948] uhci_hcd 0000:00:1d.1: new USB bus registered, assigned bus number 6
[    4.916086] uhci_hcd 0000:00:1d.1: irq 17, io base 0x000018c0
[    4.916200] usb usb6: New USB device found, idVendor=1d6b, idProduct=0001
[    4.916289] usb usb6: New USB device strings: Mfr=3, Product=2, SerialNumber=1
[    4.916400] usb usb6: Product: UHCI Host Controller
[    4.916486] usb usb6: Manufacturer: Linux 2.6.32.57 uhci_hcd
[    4.916586] usb usb6: SerialNumber: 0000:00:1d.1
[    4.916723] usb usb6: configuration #1 chosen from 1 choice
[    4.916832] hub 6-0:1.0: USB hub found
[    4.916919] hub 6-0:1.0: 2 ports detected
[    4.917204] uhci_hcd 0000:00:1d.2: power state changed by ACPI to D0
[    4.917436] uhci_hcd 0000:00:1d.2: power state changed by ACPI to D0
[    4.917531] uhci_hcd 0000:00:1d.2: PCI INT C -> GSI 18 (level, low) -> IRQ 18
[    4.917625] uhci_hcd 0000:00:1d.2: setting latency timer to 64
[    4.917628] uhci_hcd 0000:00:1d.2: UHCI Host Controller
[    4.917767] uhci_hcd 0000:00:1d.2: new USB bus registered, assigned bus number 7
[    4.917904] uhci_hcd 0000:00:1d.2: irq 18, io base 0x000018e0
[    4.918015] usb usb7: New USB device found, idVendor=1d6b, idProduct=0001
[    4.918104] usb usb7: New USB device strings: Mfr=3, Product=2, SerialNumber=1
[    4.918214] usb usb7: Product: UHCI Host Controller
[    4.918300] usb usb7: Manufacturer: Linux 2.6.32.57 uhci_hcd
[    4.918391] usb usb7: SerialNumber: 0000:00:1d.2
[    4.919189] usb usb7: configuration #1 chosen from 1 choice
[    4.919316] hub 7-0:1.0: USB hub found
[    4.919397] hub 7-0:1.0: 2 ports detected
[    4.919559] sl811: driver sl811-hcd, 19 May 2005
[    4.919655] r8a66597_hcd: driver r8a66597_hcd, 2009-05-26
[    4.919822] Initializing USB Mass Storage driver...
[    4.919944] usbcore: registered new interface driver usb-storage
[    4.920026] USB Mass Storage support registered.
[    4.920129] usbcore: registered new interface driver ums-alauda
[    4.920236] usbcore: registered new interface driver ums-cypress
[    4.920342] usbcore: registered new interface driver ums-datafab
[    4.920450] usbcore: registered new interface driver ums-freecom
[    4.920558] usbcore: registered new interface driver ums-isd200
[    4.920664] usbcore: registered new interface driver ums-jumpshot
[    4.920762] usbcore: registered new interface driver ums-karma
[    4.920862] usbcore: registered new interface driver ums-onetouch
[    4.920966] usbcore: registered new interface driver ums-sddr09
[    4.921075] usbcore: registered new interface driver ums-sddr55
[    4.921174] usbcore: registered new interface driver ums-usbat
[    4.921313] PNP: PS/2 Controller [PNP0303:KBD,PNP0f13:MOU] at 0x60,0x64 irq 1,12
[    4.930344] serio: i8042 KBD port at 0x60,0x64 irq 1
[    4.930441] serio: i8042 AUX port at 0x60,0x64 irq 12
[    4.930685] mice: PS/2 mouse device common for all mice
[    4.930798] i2c /dev entries driver
[    4.930920] md: linear personality registered for level -1
[    4.931007] md: raid0 personality registered for level 0
[    4.931087] md: raid1 personality registered for level 1
[    4.931167] md: raid10 personality registered for level 10
[    4.931258] md: raid6 personality registered for level 6
[    4.931338] md: raid5 personality registered for level 5
[    4.931431] md: raid4 personality registered for level 4
[    4.931519] md: multipath personality registered for level -4
[    4.931700] device-mapper: ioctl: 4.15.0-ioctl (2009-04-01) initialised: dm-devel@redhat.com
[    4.931901] cpuidle: using governor ladder
[    4.932509] usbcore: registered new interface driver usbhid
[    4.932593] usbhid: v2.6:USB HID core driver
[    4.932726] random 0000 0000 0000 00000000 00000000: rand_read_num 4 get_random_bytes(136): sig 00000000 00000000 00000000
[    4.932729] random 0000 0000 0000 00000000 00000000: extract_entropy(.. 136 ..)
[    4.932731] random 0000 0000 0000 00000000 00000000: going to reseed nonblocking with 1024 bits (1088 of 0 requested)
[    4.932733] random 0000 0000 0000 00000000 00000000: extract_entropy(.. 128 ..)
[    4.932736] random 0000 0000 0000 00000000 00000000: trying to extract 1024 bits from input
[    4.932738] random 0000 0000 0000 00000000 00000000: debiting 0 entropy credits from input
[    4.932740] random 0000 0000 0000 00000000 00000000: extract_entropy account returned: 0 
[    4.932742] random 0000 0000 0000 00000000 00000000: urand_change_num 7 xfer_secondary_pool(136): pool_sig 00000000, data_sig 00000000, bytes_mixed 0 00000000 00000000
[    4.932745] random 0000 0000 0000 00000000 00000000: trying to extract 1088 bits from nonblocking
[    4.932748] random 0000 0000 0000 00000000 00000000: debiting 1088 entropy credits from nonblocking (unlimited)
[    4.932750] random 0000 0000 0000 00000000 00000000: extract_entropy account returned: 136 
[    4.932755] random 0000 0000 0000 00000000 00000000: urand_change_num 8 extract_buf: pool_sig 00000000, data_sig fffffff9, bytes_mixed 20 00000000 00000000
[    4.932760] random 0000 0000 0000 b7c35b56 be4dc95d: urand_change_num 9 extract_buf: pool_sig fffffd1e, data_sig 000000c5, bytes_mixed 20 b7c35b56 be4dc95d
[    4.932765] random 0000 0000 0000 ed9f5c47 c48487fb: urand_change_num 10 extract_buf: pool_sig fffff8ec, data_sig ffffff68, bytes_mixed 20 ed9f5c47 c48487fb
[    4.932771] random 0000 0000 0000 ed9f5c47 c48487fb: urand_change_num 11 extract_buf: pool_sig fffffaed, data_sig 000001aa, bytes_mixed 20 ed9f5c47 c48487fb
[    4.932776] random 0000 0000 0000 1b4f7c0a 91bd6a48: urand_change_num 12 extract_buf: pool_sig fffffdd8, data_sig 00000064, bytes_mixed 20 1b4f7c0a 91bd6a48
[    4.932781] random 0000 0000 0000 a254b9bc 20e9a24f: urand_change_num 13 extract_buf: pool_sig fffffbe6, data_sig 000001dd, bytes_mixed 20 a254b9bc 20e9a24f
[    4.932786] random 0000 0000 0000 a254b9bc 20e9a24f: urand_change_num 14 extract_buf: pool_sig fffff940, data_sig fffffe20, bytes_mixed 20 a254b9bc 20e9a24f
[    4.932791] random 0000 0000 0000 2831a66b 5fa2a3ad: urand_change_num 15 extract_buf: pool_sig fffffbce, data_sig 0000007e, bytes_mixed 20 2831a66b 5fa2a3ad
[    4.932796] random 0000 0000 0000 2831a66b 5fa2a3ad: urand_change_num 16 extract_buf: pool_sig 000004df, data_sig fffffe8f, bytes_mixed 20 2831a66b 5fa2a3ad
[    4.932802] random 0000 0000 0000 d4512bfd c9a54e0b: urand_change_num 17 extract_buf: pool_sig 00000485, data_sig fffffe68, bytes_mixed 20 d4512bfd c9a54e0b
[    4.932807] random 0000 0000 0000 c7371be6 f9ffea11: urand_change_num 18 extract_buf: pool_sig 00000095, data_sig ffffffed, bytes_mixed 20 c7371be6 f9ffea11
[    4.932812] random 0000 0000 0000 c7371be6 f9ffea11: urand_change_num 19 extract_buf: pool_sig 000003a7, data_sig fffffefa, bytes_mixed 20 c7371be6 f9ffea11
[    4.932817] random 0000 0000 0000 8fb4b62c d1ddba54: urand_change_num 20 extract_buf: pool_sig 00000179, data_sig ffffff78, bytes_mixed 20 8fb4b62c d1ddba54
[    4.932822] random 0000 0000 0000 9ff19f9c c07a1d2a: urand_change_num 21 extract_buf: pool_sig fffffe88, data_sig 00000126, bytes_mixed 20 9ff19f9c c07a1d2a
[    4.932826] TCP cubic registered
[    4.932916] Initializing XFRM netlink socket
[    4.933013] NET: Registered protocol family 17
[    4.933103] Using IPI Shortcut mode
[    4.933183] random 0000 0000 0000 9ff19f9c c07a1d2a: rand_read_num 5 get_random_bytes(8): sig 0000031b 9ff19f9c c07a1d2a
[    4.933185] random 0000 0000 0000 9ff19f9c c07a1d2a: extract_entropy(.. 8 ..)
[    4.933188] random 0000 0000 0000 9ff19f9c c07a1d2a: going to reseed nonblocking with 64 bits (64 of 0 requested)
[    4.933190] random 0000 0000 0000 9ff19f9c c07a1d2a: extract_entropy(.. 8 ..)
[    4.933192] random 0000 0000 0000 9ff19f9c c07a1d2a: trying to extract 64 bits from input
[    4.933194] random 0000 0000 0000 9ff19f9c c07a1d2a: debiting 0 entropy credits from input
[    4.933196] random 0000 0000 0000 9ff19f9c c07a1d2a: extract_entropy account returned: 0 
[    4.933199] random 0000 0000 0000 9ff19f9c c07a1d2a: urand_change_num 22 xfer_secondary_pool(8): pool_sig 0000031b, data_sig 00000000, bytes_mixed 0 9ff19f9c c07a1d2a
[    4.933202] random 0000 0000 0000 9ff19f9c c07a1d2a: trying to extract 64 bits from nonblocking
[    4.933204] random 0000 0000 0000 9ff19f9c c07a1d2a: debiting 64 entropy credits from nonblocking (unlimited)
[    4.933206] random 0000 0000 0000 9ff19f9c c07a1d2a: extract_entropy account returned: 8 
[    4.933210] random 0000 0000 0000 9ff19f9c c07a1d2a: urand_change_num 23 extract_buf: pool_sig 0000031b, data_sig ffffffb3, bytes_mixed 20 9ff19f9c c07a1d2a
[    4.936736] input: AT Translated Set 2 keyboard as /devices/platform/i8042/serio0/input/input1
[    5.126445] ata3: SATA link down (SStatus 0 SControl 300)
[    5.126554] ata1: SATA link up 1.5 Gbps (SStatus 113 SControl 300)
[    5.129395] ata1.00: ACPI cmd ef/02:00:00:00:00:a0 (SET FEATURES) succeeded
[    5.129398] ata1.00: ACPI cmd f5/00:00:00:00:00:a0 (SECURITY FREEZE LOCK) filtered out
[    5.130788] ata1.00: ACPI cmd ef/5f:00:00:00:00:a0 (SET FEATURES) succeeded
[    5.130790] ata1.00: ACPI cmd ef/10:03:00:00:00:a0 (SET FEATURES) filtered out
[    5.132699] ata1.00: ATA-7: ST910021AS, 4.06, max UDMA/100
[    5.132779] ata1.00: 195371568 sectors, multi 16: LBA48 
[    5.134938] ata1.00: ACPI cmd ef/02:00:00:00:00:a0 (SET FEATURES) succeeded
[    5.134941] ata1.00: ACPI cmd f5/00:00:00:00:00:a0 (SECURITY FREEZE LOCK) filtered out
[    5.136334] ata1.00: ACPI cmd ef/5f:00:00:00:00:a0 (SET FEATURES) succeeded
[    5.136336] ata1.00: ACPI cmd ef/10:03:00:00:00:a0 (SET FEATURES) filtered out
[    5.138260] ata1.00: configured for UDMA/100
[    5.148496] scsi 2:0:0:0: Direct-Access     ATA      ST910021AS       4.06 PQ: 0 ANSI: 5
[    5.148772] sd 2:0:0:0: [sda] 195371568 512-byte logical blocks: (100 GB/93.1 GiB)
[    5.148912] sd 2:0:0:0: [sda] Write Protect is off
[    5.148992] sd 2:0:0:0: [sda] Mode Sense: 00 3a 00 00
[    5.149004] sd 2:0:0:0: [sda] Write cache: enabled, read cache: enabled, doesn't support DPO or FUA
[    5.149193]  sda:
[    5.213426] usb 2-1: new high speed USB device using ehci_hcd and address 2
[    5.362687] usb 2-1: New USB device found, idVendor=0e8d, idProduct=1806
[    5.362774] usb 2-1: New USB device strings: Mfr=1, Product=2, SerialNumber=3
[    5.362863] usb 2-1: Product: MT1806 
[    5.362942] usb 2-1: Manufacturer: MediaTek Inc
[    5.363029] usb 2-1: SerialNumber: R8KN6GAC800AEB 
[    5.363162] usb 2-1: configuration #1 chosen from 1 choice
[    5.369480] scsi5 : SCSI emulation for USB Mass Storage devices
[    5.369641] usb-storage: device found at 2
[    5.369642] usb-storage: waiting for device to settle before scanning
[    5.563380]  sda1 sda2
[    5.564101] sd 2:0:0:0: [sda] Attached SCSI disk
[    5.564190] random 0000 0000 0000 277f73c3 42024bb9: rand_read_num 6 get_random_bytes(12): sig 000007e9 277f73c3 42024bb9
[    5.564192] random 0000 0000 0000 277f73c3 42024bb9: extract_entropy(.. 12 ..)
[    5.564195] random 0000 0000 0000 277f73c3 42024bb9: going to reseed nonblocking with 96 bits (96 of 0 requested)
[    5.564197] random 0000 0000 0000 277f73c3 42024bb9: extract_entropy(.. 12 ..)
[    5.564199] random 0000 0000 0000 277f73c3 42024bb9: trying to extract 96 bits from input
[    5.564201] random 0000 0000 0000 277f73c3 42024bb9: debiting 0 entropy credits from input
[    5.564203] random 0000 0000 0000 277f73c3 42024bb9: extract_entropy account returned: 0 
[    5.564206] random 0000 0000 0000 277f73c3 42024bb9: urand_change_num 24 xfer_secondary_pool(12): pool_sig 000007e9, data_sig 00000000, bytes_mixed 0 277f73c3 42024bb9
[    5.564209] random 0000 0000 0000 277f73c3 42024bb9: trying to extract 96 bits from nonblocking
[    5.564211] random 0000 0000 0000 277f73c3 42024bb9: debiting 96 entropy credits from nonblocking (unlimited)
[    5.564213] random 0000 0000 0000 277f73c3 42024bb9: extract_entropy account returned: 12 
[    5.564218] random 0000 0000 0000 277f73c3 42024bb9: urand_change_num 25 extract_buf: pool_sig 000007e9, data_sig 00000088, bytes_mixed 20 277f73c3 42024bb9
[    5.564223] random 0000 0000 0000 277f73c3 42024bb9: urand_change_num 26 extract_buf: pool_sig 00000498, data_sig fffffefb, bytes_mixed 20 277f73c3 42024bb9
[    5.564226] RANDOM - __seed init called.
[    5.564227] RANDOM - __seed init called.
[    5.564228] RANDOM - __seed init called.
[    5.564229] RANDOM - __random32 called. Change num 12.  Value: 87f14767	f0d7351	b1e48bd3
[    5.564231] RANDOM - random32_reseed called.  Value: 87f14767	f0d7351	b1e48bd3
[    5.564234] Pid: 1, comm: swapper Not tainted 2.6.32.57 #3
[    5.564322] Call Trace:
[    5.564426]  [<c1923ca4>] ? random32_reseed+0xa0/0xb1
[    5.564517]  [<c1923c04>] ? random32_reseed+0x0/0xb1
[    5.564607]  [<c100111e>] ? do_one_initcall+0x2e/0x180
[    5.564689]  [<c1907265>] ? kernel_init+0xad/0x103
[    5.564779]  [<c19071b8>] ? kernel_init+0x0/0x103
[    5.564860]  [<c1003787>] ? kernel_thread_helper+0x7/0x10
[    5.565376] random 0000 0000 0000 386b4e60 ee4d4880: rand_read_num 7 get_random_bytes(64): sig fffffea5 386b4e60 ee4d4880
[    5.565378] random 0000 0000 0000 386b4e60 ee4d4880: extract_entropy(.. 64 ..)
[    5.565381] random 0000 0000 0000 386b4e60 ee4d4880: going to reseed nonblocking with 512 bits (512 of 0 requested)
[    5.565383] random 0000 0000 0000 386b4e60 ee4d4880: extract_entropy(.. 64 ..)
[    5.565385] random 0000 0000 0000 386b4e60 ee4d4880: trying to extract 512 bits from input
[    5.565387] random 0000 0000 0000 386b4e60 ee4d4880: debiting 0 entropy credits from input
[    5.565392] random 0000 0000 0000 386b4e60 ee4d4880: extract_entropy account returned: 0 
[    5.565395] random 0000 0000 0000 386b4e60 ee4d4880: urand_change_num 27 xfer_secondary_pool(64): pool_sig fffffea5, data_sig 00000000, bytes_mixed 0 386b4e60 ee4d4880
[    5.565398] random 0000 0000 0000 386b4e60 ee4d4880: trying to extract 512 bits from nonblocking
[    5.565400] random 0000 0000 0000 386b4e60 ee4d4880: debiting 512 entropy credits from nonblocking (unlimited)
[    5.565402] random 0000 0000 0000 386b4e60 ee4d4880: extract_entropy account returned: 64 
[    5.565406] random 0000 0000 0000 386b4e60 ee4d4880: urand_change_num 28 extract_buf: pool_sig fffffea5, data_sig 00000173, bytes_mixed 20 386b4e60 ee4d4880
[    5.565412] random 0000 0000 0000 412698f6 0cc8689a: urand_change_num 29 extract_buf: pool_sig 00000122, data_sig ffffff63, bytes_mixed 20 412698f6 0cc8689a
[    5.565417] random 0000 0000 0000 412698f6 0cc8689a: urand_change_num 30 extract_buf: pool_sig 000001f7, data_sig 00000012, bytes_mixed 20 412698f6 0cc8689a
[    5.565422] random 0000 0000 0000 9669941e 06f768b1: urand_change_num 31 extract_buf: pool_sig fffffb5b, data_sig 0000003f, bytes_mixed 20 9669941e 06f768b1
[    5.565428] random 0000 0000 0000 98486520 995551f0: urand_change_num 32 extract_buf: pool_sig fffffb39, data_sig 0000000e, bytes_mixed 20 98486520 995551f0
[    5.565433] random 0000 0000 0000 98486520 995551f0: urand_change_num 33 extract_buf: pool_sig fffffd8d, data_sig 000001a6, bytes_mixed 20 98486520 995551f0
[    5.565438] random 0000 0000 0000 61fc8914 d5882ed2: urand_change_num 34 extract_buf: pool_sig fffffa58, data_sig 0000023e, bytes_mixed 20 61fc8914 d5882ed2
[    5.565467] random 0000 0000 0000 61fc8914 d5882ed2: rand_read_num 8 get_random_bytes(64): sig fffff9ee 61fc8914 d5882ed2
[    5.565469] random 0000 0000 0000 61fc8914 d5882ed2: extract_entropy(.. 64 ..)
[    5.565472] random 0000 0000 0000 61fc8914 d5882ed2: going to reseed nonblocking with 512 bits (512 of 0 requested)
[    5.565474] random 0000 0000 0000 61fc8914 d5882ed2: extract_entropy(.. 64 ..)
[    5.565476] random 0000 0000 0000 61fc8914 d5882ed2: trying to extract 512 bits from input
[    5.565478] random 0000 0000 0000 61fc8914 d5882ed2: debiting 0 entropy credits from input
[    5.565480] random 0000 0000 0000 61fc8914 d5882ed2: extract_entropy account returned: 0 
[    5.565483] random 0000 0000 0000 61fc8914 d5882ed2: urand_change_num 35 xfer_secondary_pool(64): pool_sig fffff9ee, data_sig 00000000, bytes_mixed 0 61fc8914 d5882ed2
[    5.565486] random 0000 0000 0000 61fc8914 d5882ed2: trying to extract 512 bits from nonblocking
[    5.565488] random 0000 0000 0000 61fc8914 d5882ed2: debiting 512 entropy credits from nonblocking (unlimited)
[    5.565490] random 0000 0000 0000 61fc8914 d5882ed2: extract_entropy account returned: 64 
[    5.565494] random 0000 0000 0000 61fc8914 d5882ed2: urand_change_num 36 extract_buf: pool_sig fffff9ee, data_sig ffffff85, bytes_mixed 20 61fc8914 d5882ed2
[    5.565499] random 0000 0000 0000 70cfd302 e5edec11: urand_change_num 37 extract_buf: pool_sig fffffdc1, data_sig ffffffde, bytes_mixed 20 70cfd302 e5edec11
[    5.565505] random 0000 0000 0000 00dab838 eafd2b30: urand_change_num 38 extract_buf: pool_sig 000003da, data_sig ffffff61, bytes_mixed 20 00dab838 eafd2b30
[    5.565510] random 0000 0000 0000 00dab838 eafd2b30: urand_change_num 39 extract_buf: pool_sig 00000314, data_sig 00000121, bytes_mixed 20 00dab838 eafd2b30
[    5.565515] random 0000 0000 0000 5fcdf66a 6442b608: urand_change_num 40 extract_buf: pool_sig 0000028b, data_sig fffffefd, bytes_mixed 20 5fcdf66a 6442b608
[    5.565520] random 0000 0000 0000 61333f6b 8fae0f9b: urand_change_num 41 extract_buf: pool_sig 000000cb, data_sig 000000b3, bytes_mixed 20 61333f6b 8fae0f9b
[    5.565525] random 0000 0000 0000 61333f6b 8fae0f9b: urand_change_num 42 extract_buf: pool_sig fffffef8, data_sig 00000051, bytes_mixed 20 61333f6b 8fae0f9b
[    5.565528] BEGIN NET_SECRET:
[    5.565529] \xffffffe0
[    5.565530] \xffffffb6
[    5.565531] \x36
[    5.565532] \xffffffb5
[    5.565533] \xffffff94
[    5.565533] \xffffffb2
[    5.565534] \xffffffa8
[    5.565535] \xffffffda
[    5.565536] \x5b
[    5.565537] \x19
[    5.565537] \x18
[    5.565538] \x5c
[    5.565539] \x2b
[    5.565539] \x1
[    5.565540] \xffffff90
[    5.565541] \x19
[    5.565542] \x3c
[    5.565542] \xfffffff2
[    5.565543] \xffffff82
[    5.565544] \x2a
[    5.565545] \xffffffb3
[    5.565546] \xffffffa2
[    5.565546] \x3f
[    5.565547] \x5
[    5.565548] \x52
[    5.565549] \x77
[    5.565549] \x57
[    5.565550] \x79
[    5.565551] \x16
[    5.565551] \x43
[    5.565552] \xffffff84
[    5.565553] \xffffffc3
[    5.565554] \xffffffe9
[    5.565555] \x79
[    5.565555] \x50
[    5.565556] \xffffff8e
[    5.565557] \x3f
[    5.565558] \xfffffff3
[    5.565558] \x19
[    5.565559] \x2a
[    5.565560] \xfffffffd
[    5.565561] \xfffffffb
[    5.565561] \x62
[    5.565562] \x3c
[    5.565563] \xffffffac
[    5.565564] \x1c
[    5.565564] \x3b
[    5.565565] \x3b
[    5.565566] \x15
[    5.565566] \x27
[    5.565567] \xffffffa8
[    5.565568] \x22
[    5.565569] \xffffffc5
[    5.565569] \xffffff9a
[    5.565570] \x5
[    5.565571] \x6c
[    5.565572] \xffffffa8
[    5.565572] \x3a
[    5.565573] \x44
[    5.565574] \xffffffaf
[    5.565575] \x13
[    5.565575] \xffffffe0
[    5.565576] \xffffff9d
[    5.565577] \x22
[    5.565578] 
[    5.565578] END NET_SECRET
[    5.565581] random 0000 0000 0000 e7f555d9 e8ce5c3c: rand_read_num 9 get_random_bytes(4): sig 0000068c e7f555d9 e8ce5c3c
[    5.565583] random 0000 0000 0000 e7f555d9 e8ce5c3c: extract_entropy(.. 4 ..)
[    5.565586] random 0000 0000 0000 e7f555d9 e8ce5c3c: going to reseed nonblocking with 64 bits (32 of 0 requested)
[    5.565588] random 0000 0000 0000 e7f555d9 e8ce5c3c: extract_entropy(.. 8 ..)
[    5.565590] random 0000 0000 0000 e7f555d9 e8ce5c3c: trying to extract 64 bits from input
[    5.565592] random 0000 0000 0000 e7f555d9 e8ce5c3c: debiting 0 entropy credits from input
[    5.565594] random 0000 0000 0000 e7f555d9 e8ce5c3c: extract_entropy account returned: 0 
[    5.565597] random 0000 0000 0000 e7f555d9 e8ce5c3c: urand_change_num 43 xfer_secondary_pool(4): pool_sig 0000068c, data_sig 00000000, bytes_mixed 0 e7f555d9 e8ce5c3c
[    5.565599] random 0000 0000 0000 e7f555d9 e8ce5c3c: trying to extract 32 bits from nonblocking
[    5.565602] random 0000 0000 0000 e7f555d9 e8ce5c3c: debiting 32 entropy credits from nonblocking (unlimited)
[    5.565604] random 0000 0000 0000 e7f555d9 e8ce5c3c: extract_entropy account returned: 4 
[    5.565608] random 0000 0000 0000 e7f555d9 e8ce5c3c: urand_change_num 44 extract_buf: pool_sig 0000068c, data_sig fffffdcb, bytes_mixed 20 e7f555d9 e8ce5c3c
[    5.565619] md: Waiting for all devices to be available before autodetect
[    5.565706] md: If you don't use raid, use raid=noautodetect
[    5.565861] md: Autodetecting RAID arrays.
[    5.565946] md: Scanned 0 and added 0 devices.
[    5.566037] md: autorun ...
[    5.566117] md: ... autorun DONE.
[    5.580829] EXT3-fs: sda2: couldn't mount because of unsupported optional features (240).
[    5.581055] EXT2-fs: sda2: couldn't mount because of unsupported optional features (240).
[    5.582340] random 0000 0000 0000 e7f555d9 e8ce5c3c: rand_read_num 10 get_random_bytes(4): sig ffffff72 e7f555d9 e8ce5c3c
[    5.582342] random 0000 0000 0000 e7f555d9 e8ce5c3c: extract_entropy(.. 4 ..)
[    5.582345] random 0000 0000 0000 e7f555d9 e8ce5c3c: going to reseed nonblocking with 64 bits (32 of 0 requested)
[    5.582347] random 0000 0000 0000 e7f555d9 e8ce5c3c: extract_entropy(.. 8 ..)
[    5.582349] random 0000 0000 0000 e7f555d9 e8ce5c3c: trying to extract 64 bits from input
[    5.582351] random 0000 0000 0000 e7f555d9 e8ce5c3c: debiting 0 entropy credits from input
[    5.582353] random 0000 0000 0000 e7f555d9 e8ce5c3c: extract_entropy account returned: 0 
[    5.582356] random 0000 0000 0000 e7f555d9 e8ce5c3c: urand_change_num 45 xfer_secondary_pool(4): pool_sig ffffff72, data_sig 00000000, bytes_mixed 0 e7f555d9 e8ce5c3c
[    5.582359] random 0000 0000 0000 e7f555d9 e8ce5c3c: trying to extract 32 bits from nonblocking
[    5.582361] random 0000 0000 0000 e7f555d9 e8ce5c3c: debiting 32 entropy credits from nonblocking (unlimited)
[    5.582364] random 0000 0000 0000 e7f555d9 e8ce5c3c: extract_entropy account returned: 4 
[    5.582368] random 0000 0000 0000 e7f555d9 e8ce5c3c: urand_change_num 46 extract_buf: pool_sig ffffff72, data_sig ffffff72, bytes_mixed 20 e7f555d9 e8ce5c3c
[    5.617452] EXT4-fs (sda2): mounted filesystem with ordered data mode
[    5.617629] VFS: Mounted root (ext4 filesystem) readonly on device 8:2.
[    5.617723] Freeing unused kernel memory: 448k freed
[    5.696453] random 0000 0000 0000 91716c54 eeb6a1e7: rand_read_num 11 get_random_bytes(16): sig fffffcad 91716c54 eeb6a1e7
[    5.696456] random 0000 0000 0000 91716c54 eeb6a1e7: extract_entropy(.. 16 ..)
[    5.696458] random 0000 0000 0000 91716c54 eeb6a1e7: going to reseed nonblocking with 128 bits (128 of 0 requested)
[    5.696461] random 0000 0000 0000 91716c54 eeb6a1e7: extract_entropy(.. 16 ..)
[    5.696463] random 0000 0000 0000 91716c54 eeb6a1e7: trying to extract 128 bits from input
[    5.696465] random 0000 0000 0000 91716c54 eeb6a1e7: debiting 0 entropy credits from input
[    5.696467] random 0000 0000 0000 91716c54 eeb6a1e7: extract_entropy account returned: 0 
[    5.696470] random 0000 0000 0000 91716c54 eeb6a1e7: urand_change_num 47 xfer_secondary_pool(16): pool_sig fffffcad, data_sig 00000000, bytes_mixed 0 91716c54 eeb6a1e7
[    5.696473] random 0000 0000 0000 91716c54 eeb6a1e7: trying to extract 128 bits from nonblocking
[    5.696475] random 0000 0000 0000 91716c54 eeb6a1e7: debiting 128 entropy credits from nonblocking (unlimited)
[    5.696477] random 0000 0000 0000 91716c54 eeb6a1e7: extract_entropy account returned: 16 
[    5.696481] random 0000 0000 0000 91716c54 eeb6a1e7: urand_change_num 48 extract_buf: pool_sig fffffcad, data_sig ffffff19, bytes_mixed 20 91716c54 eeb6a1e7
[    5.696486] random 0000 0000 0000 fd637b06 6cf47bc1: urand_change_num 49 extract_buf: pool_sig fffffede, data_sig ffffffc1, bytes_mixed 20 fd637b06 6cf47bc1
[    5.783189] random 0000 0000 0000 fd637b06 6cf47bc1: rand_read_num 12 get_random_bytes(16): sig 0000033b fd637b06 6cf47bc1
[    5.783192] random 0000 0000 0000 fd637b06 6cf47bc1: extract_entropy(.. 16 ..)
[    5.783195] random 0000 0000 0000 fd637b06 6cf47bc1: going to reseed nonblocking with 128 bits (128 of 0 requested)
[    5.783197] random 0000 0000 0000 fd637b06 6cf47bc1: extract_entropy(.. 16 ..)
[    5.783199] random 0000 0000 0000 fd637b06 6cf47bc1: trying to extract 128 bits from input
[    5.783201] random 0000 0000 0000 fd637b06 6cf47bc1: debiting 0 entropy credits from input
[    5.783203] random 0000 0000 0000 fd637b06 6cf47bc1: extract_entropy account returned: 0 
[    5.783206] random 0000 0000 0000 fd637b06 6cf47bc1: urand_change_num 50 xfer_secondary_pool(16): pool_sig 0000033b, data_sig 00000000, bytes_mixed 0 fd637b06 6cf47bc1
[    5.783209] random 0000 0000 0000 fd637b06 6cf47bc1: trying to extract 128 bits from nonblocking
[    5.783212] random 0000 0000 0000 fd637b06 6cf47bc1: debiting 128 entropy credits from nonblocking (unlimited)
[    5.783214] random 0000 0000 0000 fd637b06 6cf47bc1: extract_entropy account returned: 16 
[    5.783218] random 0000 0000 0000 fd637b06 6cf47bc1: urand_change_num 51 extract_buf: pool_sig 0000033b, data_sig 000000d8, bytes_mixed 20 fd637b06 6cf47bc1
[    5.783223] random 0000 0000 0000 0ec1f012 d4727ca8: urand_change_num 52 extract_buf: pool_sig fffffcf5, data_sig 00000016, bytes_mixed 20 0ec1f012 d4727ca8
[    6.146409] ieee1394: Host added: ID:BUS[0-00:1023]  GUID[00061b032a25f51c]
[    6.157099] random 0000 0000 0000 45b1d0b1 845a73f7: rand_read_num 13 get_random_bytes(16): sig 00000116 45b1d0b1 845a73f7
[    6.157102] random 0000 0000 0000 45b1d0b1 845a73f7: extract_entropy(.. 16 ..)
[    6.157104] random 0000 0000 0000 45b1d0b1 845a73f7: going to reseed nonblocking with 128 bits (128 of 0 requested)
[    6.157107] random 0000 0000 0000 45b1d0b1 845a73f7: extract_entropy(.. 16 ..)
[    6.157109] random 0000 0000 0000 45b1d0b1 845a73f7: trying to extract 128 bits from input
[    6.157111] random 0000 0000 0000 45b1d0b1 845a73f7: debiting 0 entropy credits from input
[    6.157113] random 0000 0000 0000 45b1d0b1 845a73f7: extract_entropy account returned: 0 
[    6.157116] random 0000 0000 0000 45b1d0b1 845a73f7: urand_change_num 53 xfer_secondary_pool(16): pool_sig 00000116, data_sig 00000000, bytes_mixed 0 45b1d0b1 845a73f7
[    6.157119] random 0000 0000 0000 45b1d0b1 845a73f7: trying to extract 128 bits from nonblocking
[    6.157121] random 0000 0000 0000 45b1d0b1 845a73f7: debiting 128 entropy credits from nonblocking (unlimited)
[    6.157123] random 0000 0000 0000 45b1d0b1 845a73f7: extract_entropy account returned: 16 
[    6.157128] random 0000 0000 0000 45b1d0b1 845a73f7: urand_change_num 54 extract_buf: pool_sig 00000116, data_sig fffffd8b, bytes_mixed 20 45b1d0b1 845a73f7
[    6.157133] random 0000 0000 0000 45b1d0b1 845a73f7: urand_change_num 55 extract_buf: pool_sig fffffc05, data_sig 00000109, bytes_mixed 20 45b1d0b1 845a73f7
[    6.209596] random 0000 0000 0000 5012cce3 b8a30621: rand_read_num 14 get_random_bytes(16): sig fffffb93 5012cce3 b8a30621
[    6.209599] random 0000 0000 0000 5012cce3 b8a30621: extract_entropy(.. 16 ..)
[    6.209602] random 0000 0000 0000 5012cce3 b8a30621: going to reseed nonblocking with 128 bits (128 of 0 requested)
[    6.209604] random 0000 0000 0000 5012cce3 b8a30621: extract_entropy(.. 16 ..)
[    6.209606] random 0000 0000 0000 5012cce3 b8a30621: trying to extract 128 bits from input
[    6.209608] random 0000 0000 0000 5012cce3 b8a30621: debiting 0 entropy credits from input
[    6.209610] random 0000 0000 0000 5012cce3 b8a30621: extract_entropy account returned: 0 
[    6.209613] random 0000 0000 0000 5012cce3 b8a30621: urand_change_num 56 xfer_secondary_pool(16): pool_sig fffffb93, data_sig 00000000, bytes_mixed 0 5012cce3 b8a30621
[    6.209616] random 0000 0000 0000 5012cce3 b8a30621: trying to extract 128 bits from nonblocking
[    6.209619] random 0000 0000 0000 5012cce3 b8a30621: debiting 128 entropy credits from nonblocking (unlimited)
[    6.209621] random 0000 0000 0000 5012cce3 b8a30621: extract_entropy account returned: 16 
[    6.209625] random 0000 0000 0000 5012cce3 b8a30621: urand_change_num 57 extract_buf: pool_sig fffffb93, data_sig ffffff35, bytes_mixed 20 5012cce3 b8a30621
[    6.209630] random 0000 0000 0000 5012cce3 b8a30621: urand_change_num 58 extract_buf: pool_sig fffffb9d, data_sig ffffff92, bytes_mixed 20 5012cce3 b8a30621
[    6.210997] random 0000 0000 0000 30a5721d 4b648ff6: rand_read_num 15 get_random_bytes(16): sig fffffeb5 30a5721d 4b648ff6
[    6.211000] random 0000 0000 0000 30a5721d 4b648ff6: extract_entropy(.. 16 ..)
[    6.211002] random 0000 0000 0000 30a5721d 4b648ff6: going to reseed nonblocking with 128 bits (128 of 0 requested)
[    6.211005] random 0000 0000 0000 30a5721d 4b648ff6: extract_entropy(.. 16 ..)
[    6.211007] random 0000 0000 0000 30a5721d 4b648ff6: trying to extract 128 bits from input
[    6.211009] random 0000 0000 0000 30a5721d 4b648ff6: debiting 0 entropy credits from input
[    6.211011] random 0000 0000 0000 30a5721d 4b648ff6: extract_entropy account returned: 0 
[    6.211014] random 0000 0000 0000 30a5721d 4b648ff6: urand_change_num 59 xfer_secondary_pool(16): pool_sig fffffeb5, data_sig 00000000, bytes_mixed 0 30a5721d 4b648ff6
[    6.211017] random 0000 0000 0000 30a5721d 4b648ff6: trying to extract 128 bits from nonblocking
[    6.211019] random 0000 0000 0000 30a5721d 4b648ff6: debiting 128 entropy credits from nonblocking (unlimited)
[    6.211022] random 0000 0000 0000 30a5721d 4b648ff6: extract_entropy account returned: 16 
[    6.211026] random 0000 0000 0000 30a5721d 4b648ff6: urand_change_num 60 extract_buf: pool_sig fffffeb5, data_sig 000000c2, bytes_mixed 20 30a5721d 4b648ff6
[    6.211031] random 0000 0000 0000 89bae1ab 704c432f: urand_change_num 61 extract_buf: pool_sig 0000006e, data_sig fffffefc, bytes_mixed 20 89bae1ab 704c432f
[    6.211577] random 0000 0000 0000 89bae1ab 704c432f: rand_read_num 16 get_random_bytes(16): sig fffffd99 89bae1ab 704c432f
[    6.211580] random 0000 0000 0000 89bae1ab 704c432f: extract_entropy(.. 16 ..)
[    6.211583] random 0000 0000 0000 89bae1ab 704c432f: going to reseed nonblocking with 128 bits (128 of 0 requested)
[    6.211585] random 0000 0000 0000 89bae1ab 704c432f: extract_entropy(.. 16 ..)
[    6.211587] random 0000 0000 0000 89bae1ab 704c432f: trying to extract 128 bits from input
[    6.211589] random 0000 0000 0000 89bae1ab 704c432f: debiting 0 entropy credits from input
[    6.211591] random 0000 0000 0000 89bae1ab 704c432f: extract_entropy account returned: 0 
[    6.211594] random 0000 0000 0000 89bae1ab 704c432f: urand_change_num 62 xfer_secondary_pool(16): pool_sig fffffd99, data_sig 00000000, bytes_mixed 0 89bae1ab 704c432f
[    6.211597] random 0000 0000 0000 89bae1ab 704c432f: trying to extract 128 bits from nonblocking
[    6.211600] random 0000 0000 0000 89bae1ab 704c432f: debiting 128 entropy credits from nonblocking (unlimited)
[    6.211602] random 0000 0000 0000 89bae1ab 704c432f: extract_entropy account returned: 16 
[    6.211606] random 0000 0000 0000 89bae1ab 704c432f: urand_change_num 63 extract_buf: pool_sig fffffd99, data_sig 00000204, bytes_mixed 20 89bae1ab 704c432f
[    6.211611] random 0000 0000 0000 6c298a02 2b1539f8: urand_change_num 64 extract_buf: pool_sig 00000124, data_sig fffffff5, bytes_mixed 20 6c298a02 2b1539f8
[    6.212504] random 0000 0000 0000 c77b8b35 70f6cab5: rand_read_num 17 get_random_bytes(16): sig 0000036b c77b8b35 70f6cab5
[    6.212507] random 0000 0000 0000 c77b8b35 70f6cab5: extract_entropy(.. 16 ..)
[    6.212509] random 0000 0000 0000 c77b8b35 70f6cab5: going to reseed nonblocking with 128 bits (128 of 0 requested)
[    6.212512] random 0000 0000 0000 c77b8b35 70f6cab5: extract_entropy(.. 16 ..)
[    6.212514] random 0000 0000 0000 c77b8b35 70f6cab5: trying to extract 128 bits from input
[    6.212516] random 0000 0000 0000 c77b8b35 70f6cab5: debiting 0 entropy credits from input
[    6.212518] random 0000 0000 0000 c77b8b35 70f6cab5: extract_entropy account returned: 0 
[    6.212521] random 0000 0000 0000 c77b8b35 70f6cab5: urand_change_num 65 xfer_secondary_pool(16): pool_sig 0000036b, data_sig 00000000, bytes_mixed 0 c77b8b35 70f6cab5
[    6.212524] random 0000 0000 0000 c77b8b35 70f6cab5: trying to extract 128 bits from nonblocking
[    6.212526] random 0000 0000 0000 c77b8b35 70f6cab5: debiting 128 entropy credits from nonblocking (unlimited)
[    6.212528] random 0000 0000 0000 c77b8b35 70f6cab5: extract_entropy account returned: 16 
[    6.212533] random 0000 0000 0000 c77b8b35 70f6cab5: urand_change_num 66 extract_buf: pool_sig 0000036b, data_sig 0000005f, bytes_mixed 20 c77b8b35 70f6cab5
[    6.212538] random 0000 0000 0000 c77b8b35 70f6cab5: urand_change_num 67 extract_buf: pool_sig ffffff1c, data_sig 0000005a, bytes_mixed 20 c77b8b35 70f6cab5
[    6.213123] random 0000 0000 0000 af21d212 57d20ca3: rand_read_num 18 get_random_bytes(16): sig fffffb7f af21d212 57d20ca3
[    6.213126] random 0000 0000 0000 af21d212 57d20ca3: extract_entropy(.. 16 ..)
[    6.213128] random 0000 0000 0000 af21d212 57d20ca3: going to reseed nonblocking with 128 bits (128 of 0 requested)
[    6.213131] random 0000 0000 0000 af21d212 57d20ca3: extract_entropy(.. 16 ..)
[    6.213133] random 0000 0000 0000 af21d212 57d20ca3: trying to extract 128 bits from input
[    6.213135] random 0000 0000 0000 af21d212 57d20ca3: debiting 0 entropy credits from input
[    6.213137] random 0000 0000 0000 af21d212 57d20ca3: extract_entropy account returned: 0 
[    6.213140] random 0000 0000 0000 af21d212 57d20ca3: urand_change_num 68 xfer_secondary_pool(16): pool_sig fffffb7f, data_sig 00000000, bytes_mixed 0 af21d212 57d20ca3
[    6.213143] random 0000 0000 0000 af21d212 57d20ca3: trying to extract 128 bits from nonblocking
[    6.213145] random 0000 0000 0000 af21d212 57d20ca3: debiting 128 entropy credits from nonblocking (unlimited)
[    6.213148] random 0000 0000 0000 af21d212 57d20ca3: extract_entropy account returned: 16 
[    6.213152] random 0000 0000 0000 af21d212 57d20ca3: urand_change_num 69 extract_buf: pool_sig fffffb7f, data_sig ffffff88, bytes_mixed 20 af21d212 57d20ca3
[    6.213157] random 0000 0000 0000 af21d212 57d20ca3: urand_change_num 70 extract_buf: pool_sig fffffe1d, data_sig ffffff17, bytes_mixed 20 af21d212 57d20ca3
[    6.213747] random 0000 0000 0000 ffbd26fd 21933274: rand_read_num 19 get_random_bytes(16): sig ffffffc7 ffbd26fd 21933274
[    6.213750] random 0000 0000 0000 ffbd26fd 21933274: extract_entropy(.. 16 ..)
[    6.213753] random 0000 0000 0000 ffbd26fd 21933274: going to reseed nonblocking with 128 bits (128 of 0 requested)
[    6.213755] random 0000 0000 0000 ffbd26fd 21933274: extract_entropy(.. 16 ..)
[    6.213757] random 0000 0000 0000 ffbd26fd 21933274: trying to extract 128 bits from input
[    6.213759] random 0000 0000 0000 ffbd26fd 21933274: debiting 0 entropy credits from input
[    6.213761] random 0000 0000 0000 ffbd26fd 21933274: extract_entropy account returned: 0 
[    6.213764] random 0000 0000 0000 ffbd26fd 21933274: urand_change_num 71 xfer_secondary_pool(16): pool_sig ffffffc7, data_sig 00000000, bytes_mixed 0 ffbd26fd 21933274
[    6.213767] random 0000 0000 0000 ffbd26fd 21933274: trying to extract 128 bits from nonblocking
[    6.213769] random 0000 0000 0000 ffbd26fd 21933274: debiting 128 entropy credits from nonblocking (unlimited)
[    6.213771] random 0000 0000 0000 ffbd26fd 21933274: extract_entropy account returned: 16 
[    6.213776] random 0000 0000 0000 ffbd26fd 21933274: urand_change_num 72 extract_buf: pool_sig ffffffc7, data_sig 0000013b, bytes_mixed 20 ffbd26fd 21933274
[    6.213781] random 0000 0000 0000 151530a2 56c65dd3: urand_change_num 73 extract_buf: pool_sig ffffffbf, data_sig 00000036, bytes_mixed 20 151530a2 56c65dd3
[    6.214335] random 0000 0000 0000 151530a2 56c65dd3: rand_read_num 20 get_random_bytes(16): sig 000001a7 151530a2 56c65dd3
[    6.214338] random 0000 0000 0000 151530a2 56c65dd3: extract_entropy(.. 16 ..)
[    6.214341] random 0000 0000 0000 151530a2 56c65dd3: going to reseed nonblocking with 128 bits (128 of 0 requested)
[    6.214343] random 0000 0000 0000 151530a2 56c65dd3: extract_entropy(.. 16 ..)
[    6.214345] random 0000 0000 0000 151530a2 56c65dd3: trying to extract 128 bits from input
[    6.214347] random 0000 0000 0000 151530a2 56c65dd3: debiting 0 entropy credits from input
[    6.214349] random 0000 0000 0000 151530a2 56c65dd3: extract_entropy account returned: 0 
[    6.214352] random 0000 0000 0000 151530a2 56c65dd3: urand_change_num 74 xfer_secondary_pool(16): pool_sig 000001a7, data_sig 00000000, bytes_mixed 0 151530a2 56c65dd3
[    6.214355] random 0000 0000 0000 151530a2 56c65dd3: trying to extract 128 bits from nonblocking
[    6.214358] random 0000 0000 0000 151530a2 56c65dd3: debiting 128 entropy credits from nonblocking (unlimited)
[    6.214360] random 0000 0000 0000 151530a2 56c65dd3: extract_entropy account returned: 16 
[    6.214364] random 0000 0000 0000 151530a2 56c65dd3: urand_change_num 75 extract_buf: pool_sig 000001a7, data_sig ffffffa1, bytes_mixed 20 151530a2 56c65dd3
[    6.214369] random 0000 0000 0000 5d3e132e d9a77eb3: urand_change_num 76 extract_buf: pool_sig fffffcc9, data_sig 00000013, bytes_mixed 20 5d3e132e d9a77eb3
[    6.257084] random 0000 0000 0000 264837ad 0a28fef5: rand_read_num 21 get_random_bytes(16): sig ffffffd0 264837ad 0a28fef5
[    6.257087] random 0000 0000 0000 264837ad 0a28fef5: extract_entropy(.. 16 ..)
[    6.257089] random 0000 0000 0000 264837ad 0a28fef5: going to reseed nonblocking with 128 bits (128 of 0 requested)
[    6.257092] random 0000 0000 0000 264837ad 0a28fef5: extract_entropy(.. 16 ..)
[    6.257094] random 0000 0000 0000 264837ad 0a28fef5: trying to extract 128 bits from input
[    6.257096] random 0000 0000 0000 264837ad 0a28fef5: debiting 0 entropy credits from input
[    6.257098] random 0000 0000 0000 264837ad 0a28fef5: extract_entropy account returned: 0 
[    6.257101] random 0000 0000 0000 264837ad 0a28fef5: urand_change_num 77 xfer_secondary_pool(16): pool_sig ffffffd0, data_sig 00000000, bytes_mixed 0 264837ad 0a28fef5
[    6.257104] random 0000 0000 0000 264837ad 0a28fef5: trying to extract 128 bits from nonblocking
[    6.257106] random 0000 0000 0000 264837ad 0a28fef5: debiting 128 entropy credits from nonblocking (unlimited)
[    6.257109] random 0000 0000 0000 264837ad 0a28fef5: extract_entropy account returned: 16 
[    6.257113] random 0000 0000 0000 264837ad 0a28fef5: urand_change_num 78 extract_buf: pool_sig ffffffd0, data_sig 0000017b, bytes_mixed 20 264837ad 0a28fef5
[    6.257118] random 0000 0000 0000 264837ad 0a28fef5: urand_change_num 79 extract_buf: pool_sig 0000045c, data_sig 000001df, bytes_mixed 20 264837ad 0a28fef5
[    6.258608] random 0000 0000 0000 f37f7344 164aede0: rand_read_num 22 get_random_bytes(16): sig 000003c2 f37f7344 164aede0
[    6.258611] random 0000 0000 0000 f37f7344 164aede0: extract_entropy(.. 16 ..)
[    6.258614] random 0000 0000 0000 f37f7344 164aede0: going to reseed nonblocking with 128 bits (128 of 0 requested)
[    6.258616] random 0000 0000 0000 f37f7344 164aede0: extract_entropy(.. 16 ..)
[    6.258618] random 0000 0000 0000 f37f7344 164aede0: trying to extract 128 bits from input
[    6.258620] random 0000 0000 0000 f37f7344 164aede0: debiting 0 entropy credits from input
[    6.258622] random 0000 0000 0000 f37f7344 164aede0: extract_entropy account returned: 0 
[    6.258625] random 0000 0000 0000 f37f7344 164aede0: urand_change_num 80 xfer_secondary_pool(16): pool_sig 000003c2, data_sig 00000000, bytes_mixed 0 f37f7344 164aede0
[    6.258628] random 0000 0000 0000 f37f7344 164aede0: trying to extract 128 bits from nonblocking
[    6.258631] random 0000 0000 0000 f37f7344 164aede0: debiting 128 entropy credits from nonblocking (unlimited)
[    6.258633] random 0000 0000 0000 f37f7344 164aede0: extract_entropy account returned: 16 
[    6.258637] random 0000 0000 0000 f37f7344 164aede0: urand_change_num 81 extract_buf: pool_sig 000003c2, data_sig ffffff6c, bytes_mixed 20 f37f7344 164aede0
[    6.258642] random 0000 0000 0000 f37f7344 164aede0: urand_change_num 82 extract_buf: pool_sig fffffdfc, data_sig 00000091, bytes_mixed 20 f37f7344 164aede0
[    6.281386] random 0000 0000 0000 a4794863 878070c1: rand_read_num 23 get_random_bytes(16): sig 0000011b a4794863 878070c1
[    6.281389] random 0000 0000 0000 a4794863 878070c1: extract_entropy(.. 16 ..)
[    6.281392] random 0000 0000 0000 a4794863 878070c1: going to reseed nonblocking with 128 bits (128 of 0 requested)
[    6.281394] random 0000 0000 0000 a4794863 878070c1: extract_entropy(.. 16 ..)
[    6.281396] random 0000 0000 0000 a4794863 878070c1: trying to extract 128 bits from input
[    6.281398] random 0000 0000 0000 a4794863 878070c1: debiting 0 entropy credits from input
[    6.281400] random 0000 0000 0000 a4794863 878070c1: extract_entropy account returned: 0 
[    6.281403] random 0000 0000 0000 a4794863 878070c1: urand_change_num 83 xfer_secondary_pool(16): pool_sig 0000011b, data_sig 00000000, bytes_mixed 0 a4794863 878070c1
[    6.281406] random 0000 0000 0000 a4794863 878070c1: trying to extract 128 bits from nonblocking
[    6.281409] random 0000 0000 0000 a4794863 878070c1: debiting 128 entropy credits from nonblocking (unlimited)
[    6.281411] random 0000 0000 0000 a4794863 878070c1: extract_entropy account returned: 16 
[    6.281415] random 0000 0000 0000 a4794863 878070c1: urand_change_num 84 extract_buf: pool_sig 0000011b, data_sig ffffff51, bytes_mixed 20 a4794863 878070c1
[    6.281421] random 0000 0000 0000 737f19b4 9417d8ab: urand_change_num 85 extract_buf: pool_sig 000001a3, data_sig 0000006c, bytes_mixed 20 737f19b4 9417d8ab
[    6.285480] random 0000 0000 0000 737f19b4 9417d8ab: rand_read_num 24 get_random_bytes(16): sig fffffe22 737f19b4 9417d8ab
[    6.285483] random 0000 0000 0000 737f19b4 9417d8ab: extract_entropy(.. 16 ..)
[    6.285485] random 0000 0000 0000 737f19b4 9417d8ab: going to reseed nonblocking with 128 bits (128 of 0 requested)
[    6.285488] random 0000 0000 0000 737f19b4 9417d8ab: extract_entropy(.. 16 ..)
[    6.285490] random 0000 0000 0000 737f19b4 9417d8ab: trying to extract 128 bits from input
[    6.285492] random 0000 0000 0000 737f19b4 9417d8ab: debiting 0 entropy credits from input
[    6.285494] random 0000 0000 0000 737f19b4 9417d8ab: extract_entropy account returned: 0 
[    6.285497] random 0000 0000 0000 737f19b4 9417d8ab: urand_change_num 86 xfer_secondary_pool(16): pool_sig fffffe22, data_sig 00000000, bytes_mixed 0 737f19b4 9417d8ab
[    6.285500] random 0000 0000 0000 737f19b4 9417d8ab: trying to extract 128 bits from nonblocking
[    6.285502] random 0000 0000 0000 737f19b4 9417d8ab: debiting 128 entropy credits from nonblocking (unlimited)
[    6.285504] random 0000 0000 0000 737f19b4 9417d8ab: extract_entropy account returned: 16 
[    6.285508] random 0000 0000 0000 737f19b4 9417d8ab: urand_change_num 87 extract_buf: pool_sig fffffe22, data_sig 00000230, bytes_mixed 20 737f19b4 9417d8ab
[    6.285514] random 0000 0000 0000 4deb0d06 1236af4c: urand_change_num 88 extract_buf: pool_sig 000000b6, data_sig ffffff44, bytes_mixed 20 4deb0d06 1236af4c
[    6.286504] random 0000 0000 0000 b538fadc 4a7613df: rand_read_num 25 get_random_bytes(16): sig 0000013c b538fadc 4a7613df
[    6.286507] random 0000 0000 0000 b538fadc 4a7613df: extract_entropy(.. 16 ..)
[    6.286510] random 0000 0000 0000 b538fadc 4a7613df: going to reseed nonblocking with 128 bits (128 of 0 requested)
[    6.286512] random 0000 0000 0000 b538fadc 4a7613df: extract_entropy(.. 16 ..)
[    6.286514] random 0000 0000 0000 b538fadc 4a7613df: trying to extract 128 bits from input
[    6.286516] random 0000 0000 0000 b538fadc 4a7613df: debiting 0 entropy credits from input
[    6.286518] random 0000 0000 0000 b538fadc 4a7613df: extract_entropy account returned: 0 
[    6.286521] random 0000 0000 0000 b538fadc 4a7613df: urand_change_num 89 xfer_secondary_pool(16): pool_sig 0000013c, data_sig 00000000, bytes_mixed 0 b538fadc 4a7613df
[    6.286524] random 0000 0000 0000 b538fadc 4a7613df: trying to extract 128 bits from nonblocking
[    6.286527] random 0000 0000 0000 b538fadc 4a7613df: debiting 128 entropy credits from nonblocking (unlimited)
[    6.286529] random 0000 0000 0000 b538fadc 4a7613df: extract_entropy account returned: 16 
[    6.286533] random 0000 0000 0000 b538fadc 4a7613df: urand_change_num 90 extract_buf: pool_sig 0000013c, data_sig 00000015, bytes_mixed 20 b538fadc 4a7613df
[    6.286538] random 0000 0000 0000 b538fadc 4a7613df: urand_change_num 91 extract_buf: pool_sig 00000452, data_sig 0000002b, bytes_mixed 20 b538fadc 4a7613df
[    6.286989] random 0000 0000 0000 73b17df4 93bb370e: rand_read_num 26 get_random_bytes(16): sig fffffbf1 73b17df4 93bb370e
[    6.286992] random 0000 0000 0000 73b17df4 93bb370e: extract_entropy(.. 16 ..)
[    6.286994] random 0000 0000 0000 73b17df4 93bb370e: going to reseed nonblocking with 128 bits (128 of 0 requested)
[    6.286996] random 0000 0000 0000 73b17df4 93bb370e: extract_entropy(.. 16 ..)
[    6.286998] random 0000 0000 0000 73b17df4 93bb370e: trying to extract 128 bits from input
[    6.287001] random 0000 0000 0000 73b17df4 93bb370e: debiting 0 entropy credits from input
[    6.287003] random 0000 0000 0000 73b17df4 93bb370e: extract_entropy account returned: 0 
[    6.287006] random 0000 0000 0000 73b17df4 93bb370e: urand_change_num 92 xfer_secondary_pool(16): pool_sig fffffbf1, data_sig 00000000, bytes_mixed 0 73b17df4 93bb370e
[    6.287009] random 0000 0000 0000 73b17df4 93bb370e: trying to extract 128 bits from nonblocking
[    6.287011] random 0000 0000 0000 73b17df4 93bb370e: debiting 128 entropy credits from nonblocking (unlimited)
[    6.287013] random 0000 0000 0000 73b17df4 93bb370e: extract_entropy account returned: 16 
[    6.287017] random 0000 0000 0000 73b17df4 93bb370e: urand_change_num 93 extract_buf: pool_sig fffffbf1, data_sig ffffff99, bytes_mixed 20 73b17df4 93bb370e
[    6.287023] random 0000 0000 0000 73b17df4 93bb370e: urand_change_num 94 extract_buf: pool_sig fffffe1d, data_sig 000000b0, bytes_mixed 20 73b17df4 93bb370e
[    6.287432] random 0000 0000 0000 0cd682bb ba04da9f: rand_read_num 27 get_random_bytes(16): sig fffffccb 0cd682bb ba04da9f
[    6.287435] random 0000 0000 0000 0cd682bb ba04da9f: extract_entropy(.. 16 ..)
[    6.287437] random 0000 0000 0000 0cd682bb ba04da9f: going to reseed nonblocking with 128 bits (128 of 0 requested)
[    6.287440] random 0000 0000 0000 0cd682bb ba04da9f: extract_entropy(.. 16 ..)
[    6.287442] random 0000 0000 0000 0cd682bb ba04da9f: trying to extract 128 bits from input
[    6.287444] random 0000 0000 0000 0cd682bb ba04da9f: debiting 0 entropy credits from input
[    6.287446] random 0000 0000 0000 0cd682bb ba04da9f: extract_entropy account returned: 0 
[    6.287449] random 0000 0000 0000 0cd682bb ba04da9f: urand_change_num 95 xfer_secondary_pool(16): pool_sig fffffccb, data_sig 00000000, bytes_mixed 0 0cd682bb ba04da9f
[    6.287452] random 0000 0000 0000 0cd682bb ba04da9f: trying to extract 128 bits from nonblocking
[    6.287454] random 0000 0000 0000 0cd682bb ba04da9f: debiting 128 entropy credits from nonblocking (unlimited)
[    6.287457] random 0000 0000 0000 0cd682bb ba04da9f: extract_entropy account returned: 16 
[    6.287461] random 0000 0000 0000 0cd682bb ba04da9f: urand_change_num 96 extract_buf: pool_sig fffffccb, data_sig fffffec5, bytes_mixed 20 0cd682bb ba04da9f
[    6.287466] random 0000 0000 0000 26929f1a 15254dc1: urand_change_num 97 extract_buf: pool_sig fffffed2, data_sig ffffffb1, bytes_mixed 20 26929f1a 15254dc1
[    6.288342] random 0000 0000 0000 26929f1a 15254dc1: rand_read_num 28 get_random_bytes(16): sig 00000038 26929f1a 15254dc1
[    6.288345] random 0000 0000 0000 26929f1a 15254dc1: extract_entropy(.. 16 ..)
[    6.288347] random 0000 0000 0000 26929f1a 15254dc1: going to reseed nonblocking with 128 bits (128 of 0 requested)
[    6.288350] random 0000 0000 0000 26929f1a 15254dc1: extract_entropy(.. 16 ..)
[    6.288352] random 0000 0000 0000 26929f1a 15254dc1: trying to extract 128 bits from input
[    6.288354] random 0000 0000 0000 26929f1a 15254dc1: debiting 0 entropy credits from input
[    6.288356] random 0000 0000 0000 26929f1a 15254dc1: extract_entropy account returned: 0 
[    6.288359] random 0000 0000 0000 26929f1a 15254dc1: urand_change_num 98 xfer_secondary_pool(16): pool_sig 00000038, data_sig 00000000, bytes_mixed 0 26929f1a 15254dc1
[    6.288362] random 0000 0000 0000 26929f1a 15254dc1: trying to extract 128 bits from nonblocking
[    6.288364] random 0000 0000 0000 26929f1a 15254dc1: debiting 128 entropy credits from nonblocking (unlimited)
[    6.288366] random 0000 0000 0000 26929f1a 15254dc1: extract_entropy account returned: 16 
[    6.288371] random 0000 0000 0000 26929f1a 15254dc1: urand_change_num 99 extract_buf: pool_sig 00000038, data_sig 000000fd, bytes_mixed 20 26929f1a 15254dc1
[    6.288376] random 0000 0000 0000 8116fe3b 478c2d5b: urand_change_num 100 extract_buf: pool_sig 00000059, data_sig 00000310, bytes_mixed 20 8116fe3b 478c2d5b
[    6.295018] random 0000 0000 0000 a20f4a3a 32a6b2fa: rand_read_num 29 get_random_bytes(16): sig 000002c0 a20f4a3a 32a6b2fa
[    6.295021] random 0000 0000 0000 a20f4a3a 32a6b2fa: extract_entropy(.. 16 ..)
[    6.295024] random 0000 0000 0000 a20f4a3a 32a6b2fa: going to reseed nonblocking with 128 bits (128 of 0 requested)
[    6.295026] random 0000 0000 0000 a20f4a3a 32a6b2fa: extract_entropy(.. 16 ..)
[    6.295028] random 0000 0000 0000 a20f4a3a 32a6b2fa: trying to extract 128 bits from input
[    6.295030] random 0000 0000 0000 a20f4a3a 32a6b2fa: debiting 0 entropy credits from input
[    6.295032] random 0000 0000 0000 a20f4a3a 32a6b2fa: extract_entropy account returned: 0 
[    6.295035] random 0000 0000 0000 a20f4a3a 32a6b2fa: urand_change_num 101 xfer_secondary_pool(16): pool_sig 000002c0, data_sig 00000000, bytes_mixed 0 a20f4a3a 32a6b2fa
[    6.295038] random 0000 0000 0000 a20f4a3a 32a6b2fa: trying to extract 128 bits from nonblocking
[    6.295040] random 0000 0000 0000 a20f4a3a 32a6b2fa: debiting 128 entropy credits from nonblocking (unlimited)
[    6.295042] random 0000 0000 0000 a20f4a3a 32a6b2fa: extract_entropy account returned: 16 
[    6.295047] random 0000 0000 0000 a20f4a3a 32a6b2fa: urand_change_num 102 extract_buf: pool_sig 000002c0, data_sig 000000fb, bytes_mixed 20 a20f4a3a 32a6b2fa
[    6.295052] random 0000 0000 0000 a20f4a3a 32a6b2fa: urand_change_num 103 extract_buf: pool_sig ffffffdd, data_sig 000000a5, bytes_mixed 20 a20f4a3a 32a6b2fa
[    6.307549] random 0000 0000 0000 de716d2a 6c4757e1: rand_read_num 30 get_random_bytes(16): sig 000000fa de716d2a 6c4757e1
[    6.307551] random 0000 0000 0000 de716d2a 6c4757e1: extract_entropy(.. 16 ..)
[    6.307554] random 0000 0000 0000 de716d2a 6c4757e1: going to reseed nonblocking with 128 bits (128 of 0 requested)
[    6.307556] random 0000 0000 0000 de716d2a 6c4757e1: extract_entropy(.. 16 ..)
[    6.307558] random 0000 0000 0000 de716d2a 6c4757e1: trying to extract 128 bits from input
[    6.307560] random 0000 0000 0000 de716d2a 6c4757e1: debiting 0 entropy credits from input
[    6.307562] random 0000 0000 0000 de716d2a 6c4757e1: extract_entropy account returned: 0 
[    6.307565] random 0000 0000 0000 de716d2a 6c4757e1: urand_change_num 104 xfer_secondary_pool(16): pool_sig 000000fa, data_sig 00000000, bytes_mixed 0 de716d2a 6c4757e1
[    6.307568] random 0000 0000 0000 de716d2a 6c4757e1: trying to extract 128 bits from nonblocking
[    6.307571] random 0000 0000 0000 de716d2a 6c4757e1: debiting 128 entropy credits from nonblocking (unlimited)
[    6.307573] random 0000 0000 0000 de716d2a 6c4757e1: extract_entropy account returned: 16 
[    6.307577] random 0000 0000 0000 de716d2a 6c4757e1: urand_change_num 105 extract_buf: pool_sig 000000fa, data_sig ffffff34, bytes_mixed 20 de716d2a 6c4757e1
[    6.307582] random 0000 0000 0000 de716d2a 6c4757e1: urand_change_num 106 extract_buf: pool_sig 000003d3, data_sig ffffff30, bytes_mixed 20 de716d2a 6c4757e1
[    6.308163] random 0000 0000 0000 a7c511e1 f90ea457: rand_read_num 31 get_random_bytes(16): sig 0000009a a7c511e1 f90ea457
[    6.308166] random 0000 0000 0000 a7c511e1 f90ea457: extract_entropy(.. 16 ..)
[    6.308168] random 0000 0000 0000 a7c511e1 f90ea457: going to reseed nonblocking with 128 bits (128 of 0 requested)
[    6.308171] random 0000 0000 0000 a7c511e1 f90ea457: extract_entropy(.. 16 ..)
[    6.308173] random 0000 0000 0000 a7c511e1 f90ea457: trying to extract 128 bits from input
[    6.308175] random 0000 0000 0000 a7c511e1 f90ea457: debiting 0 entropy credits from input
[    6.308177] random 0000 0000 0000 a7c511e1 f90ea457: extract_entropy account returned: 0 
[    6.308180] random 0000 0000 0000 a7c511e1 f90ea457: urand_change_num 107 xfer_secondary_pool(16): pool_sig 0000009a, data_sig 00000000, bytes_mixed 0 a7c511e1 f90ea457
[    6.308183] random 0000 0000 0000 a7c511e1 f90ea457: trying to extract 128 bits from nonblocking
[    6.308185] random 0000 0000 0000 a7c511e1 f90ea457: debiting 128 entropy credits from nonblocking (unlimited)
[    6.308187] random 0000 0000 0000 a7c511e1 f90ea457: extract_entropy account returned: 16 
[    6.308191] random 0000 0000 0000 a7c511e1 f90ea457: urand_change_num 108 extract_buf: pool_sig 0000009a, data_sig 000000e0, bytes_mixed 20 a7c511e1 f90ea457
[    6.308197] random 0000 0000 0000 7c18c7e6 d65ccb06: urand_change_num 109 extract_buf: pool_sig fffffa79, data_sig 000000e0, bytes_mixed 20 7c18c7e6 d65ccb06
[    6.308789] random 0000 0000 0000 7c18c7e6 d65ccb06: rand_read_num 32 get_random_bytes(16): sig fffffe1e 7c18c7e6 d65ccb06
[    6.308791] random 0000 0000 0000 7c18c7e6 d65ccb06: extract_entropy(.. 16 ..)
[    6.308794] random 0000 0000 0000 7c18c7e6 d65ccb06: going to reseed nonblocking with 128 bits (128 of 0 requested)
[    6.308796] random 0000 0000 0000 7c18c7e6 d65ccb06: extract_entropy(.. 16 ..)
[    6.308798] random 0000 0000 0000 7c18c7e6 d65ccb06: trying to extract 128 bits from input
[    6.308800] random 0000 0000 0000 7c18c7e6 d65ccb06: debiting 0 entropy credits from input
[    6.308802] random 0000 0000 0000 7c18c7e6 d65ccb06: extract_entropy account returned: 0 
[    6.308805] random 0000 0000 0000 7c18c7e6 d65ccb06: urand_change_num 110 xfer_secondary_pool(16): pool_sig fffffe1e, data_sig 00000000, bytes_mixed 0 7c18c7e6 d65ccb06
[    6.308808] random 0000 0000 0000 7c18c7e6 d65ccb06: trying to extract 128 bits from nonblocking
[    6.308811] random 0000 0000 0000 7c18c7e6 d65ccb06: debiting 128 entropy credits from nonblocking (unlimited)
[    6.308813] random 0000 0000 0000 7c18c7e6 d65ccb06: extract_entropy account returned: 16 
