[    0.000000] random 0000 0000 0000 00000000 00000000: rand_read_num 1 get_random_bytes(8): sig 00000000 00000000 00000000
[    0.000000] random 0000 0000 0000 00000000 00000000: extract_entropy(.. 8 ..)
[    0.000000] random 0000 0000 0000 00000000 00000000: going to reseed nonblocking with 64 bits (64 of 0 requested)
[    0.000000] random 0000 0000 0000 00000000 00000000: extract_entropy(.. 8 ..)
[    0.000000] random 0000 0000 0000 00000000 00000000: trying to extract 64 bits from input
[    0.000000] random 0000 0000 0000 00000000 00000000: debiting 0 entropy credits from input
[    0.000000] random 0000 0000 0000 00000000 00000000: extract_entropy account returned: 0 
[    0.000000] random 0000 0000 0000 00000000 00000000: urand_change_num 1 xfer_secondary_pool(8): pool_sig 00000000, data_sig 00000000, bytes_mixed 0 00000000 00000000
[    0.000000] random 0000 0000 0000 00000000 00000000: trying to extract 64 bits from nonblocking
[    0.000000] random 0000 0000 0000 00000000 00000000: debiting 64 entropy credits from nonblocking (unlimited)
[    0.000000] random 0000 0000 0000 00000000 00000000: extract_entropy account returned: 8 
[    0.000000] random 0000 0000 0000 00000000 00000000: urand_change_num 2 extract_buf: pool_sig 00000000, data_sig fffffff9, bytes_mixed 20 00000000 00000000
[    0.000000] Linux version 2.6.32.57 (dcashman@dcashman-02) (gcc version 4.3.3 (GCC) ) #3 Fri May 24 04:27:34 PDT 2013
[    0.000000] KERNEL supported cpus:
[    0.000000]   Intel GenuineIntel
[    0.000000]   AMD AuthenticAMD
[    0.000000]   NSC Geode by NSC
[    0.000000]   Cyrix CyrixInstead
[    0.000000]   Centaur CentaurHauls
[    0.000000]   Transmeta GenuineTMx86
[    0.000000]   Transmeta TransmetaCPU
[    0.000000]   UMC UMC UMC UMC
[    0.000000] BIOS-provided physical RAM map:
[    0.000000]  BIOS-e820: 0000000000000000 - 000000000009d800 (usable)
[    0.000000]  BIOS-e820: 000000000009d800 - 00000000000a0000 (reserved)
[    0.000000]  BIOS-e820: 00000000000d2000 - 00000000000d4000 (reserved)
[    0.000000]  BIOS-e820: 00000000000e0000 - 0000000000100000 (reserved)
[    0.000000]  BIOS-e820: 0000000000100000 - 000000003d6b0000 (usable)
[    0.000000]  BIOS-e820: 000000003d6b0000 - 000000003d6cc000 (ACPI data)
[    0.000000]  BIOS-e820: 000000003d6cc000 - 000000003d700000 (ACPI NVS)
[    0.000000]  BIOS-e820: 000000003d700000 - 000000003e000000 (reserved)
[    0.000000]  BIOS-e820: 00000000f0000000 - 00000000f4000000 (reserved)
[    0.000000]  BIOS-e820: 00000000fec00000 - 00000000fec10000 (reserved)
[    0.000000]  BIOS-e820: 00000000fed00000 - 00000000fed00400 (reserved)
[    0.000000]  BIOS-e820: 00000000fed14000 - 00000000fed1a000 (reserved)
[    0.000000]  BIOS-e820: 00000000fed1c000 - 00000000fed90000 (reserved)
[    0.000000]  BIOS-e820: 00000000fee00000 - 00000000fee01000 (reserved)
[    0.000000]  BIOS-e820: 00000000ff000000 - 0000000100000000 (reserved)
[    0.000000] DMI present.
[    0.000000] last_pfn = 0x3d6b0 max_arch_pfn = 0x100000
[    0.000000] MTRR default type: uncachable
[    0.000000] MTRR fixed ranges enabled:
[    0.000000]   00000-9FFFF write-back
[    0.000000]   A0000-BFFFF uncachable
[    0.000000]   C0000-CFFFF write-protect
[    0.000000]   D0000-DFFFF uncachable
[    0.000000]   E0000-FFFFF write-protect
[    0.000000] MTRR variable ranges enabled:
[    0.000000]   0 base 03E000000 mask FFE000000 uncachable
[    0.000000]   1 base 000000000 mask FC0000000 write-back
[    0.000000]   2 base 03D700000 mask FFFF00000 uncachable
[    0.000000]   3 base 03D800000 mask FFF800000 uncachable
[    0.000000]   4 disabled
[    0.000000]   5 disabled
[    0.000000]   6 disabled
[    0.000000]   7 disabled
[    0.000000] initial memory mapped : 0 - 02000000
[    0.000000] init_memory_mapping: 0000000000000000-00000000377fe000
[    0.000000]  0000000000 - 0000400000 page 4k
[    0.000000]  0000400000 - 0037400000 page 2M
[    0.000000]  0037400000 - 00377fe000 page 4k
[    0.000000] kernel direct mapping tables up to 377fe000 @ 7000-c000
[    0.000000] ACPI: RSDP 000f68d0 00024 (v02 LENOVO)
[    0.000000] ACPI: XSDT 3d6bb77f 00094 (v01 LENOVO TP-7L    00002170  LTP 00000000)
[    0.000000] ACPI: FACP 3d6bb900 000F4 (v03 LENOVO TP-7L    00002170 LNVO 00000001)
[    0.000000] ACPI Warning: 32/64X length mismatch in Gpe1Block: 0/32 (20090903/tbfadt-526)
[    0.000000] ACPI Warning: Optional field Gpe1Block has zero address or length: 000000000000102C/0 (20090903/tbfadt-557)
[    0.000000] ACPI: DSDT 3d6bbd1d 0FED1 (v01 LENOVO TP-7L    00002170 MSFT 03000000)
[    0.000000] ACPI: FACS 3d6e4000 00040
[    0.000000] ACPI: SSDT 3d6bbab4 00269 (v01 LENOVO TP-7L    00002170 MSFT 03000000)
[    0.000000] ACPI: ECDT 3d6cbbee 00052 (v01 LENOVO TP-7L    00002170 LNVO 00000001)
[    0.000000] ACPI: TCPA 3d6cbc40 00032 (v02 LENOVO TP-7L    00002170 LNVO 00000001)
[    0.000000] ACPI: APIC 3d6cbc72 00068 (v01 LENOVO TP-7L    00002170 LNVO 00000001)
[    0.000000] ACPI: MCFG 3d6cbcda 0003C (v01 LENOVO TP-7L    00002170 LNVO 00000001)
[    0.000000] ACPI: HPET 3d6cbd16 00038 (v01 LENOVO TP-7L    00002170 LNVO 00000001)
[    0.000000] ACPI: SLIC 3d6cbdf0 00176 (v01 LENOVO TP-7L    00002170  LTP 00000000)
[    0.000000] ACPI: BOOT 3d6cbf66 00028 (v01 LENOVO TP-7L    00002170  LTP 00000001)
[    0.000000] ACPI: ASF! 3d6cbf8e 00072 (v16 LENOVO TP-7L    00002170 PTL  00000001)
[    0.000000] ACPI: SSDT 3d6e26d9 0025F (v01 LENOVO TP-7L    00002170 INTL 20050513)
[    0.000000] ACPI: SSDT 3d6e2938 000A6 (v01 LENOVO TP-7L    00002170 INTL 20050513)
[    0.000000] ACPI: SSDT 3d6e29de 004F7 (v01 LENOVO TP-7L    00002170 INTL 20050513)
[    0.000000] ACPI: SSDT 3d6e2ed5 001D8 (v01 LENOVO TP-7L    00002170 INTL 20050513)
[    0.000000] ACPI: DMI detected: Lenovo ThinkPad R61
[    0.000000] ACPI: Added _OSI(Linux)
[    0.000000] ACPI: Local APIC address 0xfee00000
[    0.000000] 94MB HIGHMEM available.
[    0.000000] 887MB LOWMEM available.
[    0.000000]   mapped low ram: 0 - 377fe000
[    0.000000]   low ram: 0 - 377fe000
[    0.000000]   node 0 low ram: 00000000 - 377fe000
[    0.000000]   node 0 bootmap 00008000 - 0000ef00
[    0.000000] (6 early reservations) ==> bootmem [0000000000 - 00377fe000]
[    0.000000]   #0 [0000000000 - 0000001000]   BIOS data page ==> [0000000000 - 0000001000]
[    0.000000]   #1 [0001000000 - 0001bdc180]    TEXT DATA BSS ==> [0001000000 - 0001bdc180]
[    0.000000]   #2 [000009d800 - 0000100000]    BIOS reserved ==> [000009d800 - 0000100000]
[    0.000000]   #3 [0001bdd000 - 0001be516c]              BRK ==> [0001bdd000 - 0001be516c]
[    0.000000]   #4 [0000007000 - 0000008000]          PGTABLE ==> [0000007000 - 0000008000]
[    0.000000]   #5 [0000008000 - 000000f000]          BOOTMAP ==> [0000008000 - 000000f000]
[    0.000000] found SMP MP-table at [c00f6900] f6900
[    0.000000] Zone PFN ranges:
[    0.000000]   DMA      0x00000000 -> 0x00001000
[    0.000000]   Normal   0x00001000 -> 0x000377fe
[    0.000000]   HighMem  0x000377fe -> 0x0003d6b0
[    0.000000] Movable zone start PFN for each node
[    0.000000] early_node_map[2] active PFN ranges
[    0.000000]     0: 0x00000000 -> 0x0000009d
[    0.000000]     0: 0x00000100 -> 0x0003d6b0
[    0.000000] On node 0 totalpages: 251469
[    0.000000] free_area_init_node: node 0, pgdat c1901ea0, node_mem_map c1be7000
[    0.000000]   DMA zone: 32 pages used for memmap
[    0.000000]   DMA zone: 0 pages reserved
[    0.000000]   DMA zone: 3965 pages, LIFO batch:0
[    0.000000]   Normal zone: 1744 pages used for memmap
[    0.000000]   Normal zone: 221486 pages, LIFO batch:31
[    0.000000]   HighMem zone: 190 pages used for memmap
[    0.000000]   HighMem zone: 24052 pages, LIFO batch:3
[    0.000000] Using APIC driver default
[    0.000000] ACPI: PM-Timer IO Port: 0x1008
[    0.000000] ACPI: Local APIC address 0xfee00000
[    0.000000] ACPI: LAPIC (acpi_id[0x00] lapic_id[0x00] enabled)
[    0.000000] ACPI: LAPIC (acpi_id[0x01] lapic_id[0x01] enabled)
[    0.000000] ACPI: NR_CPUS/possible_cpus limit of 1 reached.  Processor 1/0x1 ignored.
[    0.000000] ACPI: LAPIC_NMI (acpi_id[0x00] high edge lint[0x1])
[    0.000000] ACPI: LAPIC_NMI (acpi_id[0x01] high edge lint[0x1])
[    0.000000] ACPI: IOAPIC (id[0x01] address[0xfec00000] gsi_base[0])
[    0.000000] IOAPIC[0]: apic_id 1, version 32, address 0xfec00000, GSI 0-23
[    0.000000] ACPI: INT_SRC_OVR (bus 0 bus_irq 0 global_irq 2 dfl dfl)
[    0.000000] ACPI: INT_SRC_OVR (bus 0 bus_irq 9 global_irq 9 high level)
[    0.000000] ACPI: IRQ0 used by override.
[    0.000000] ACPI: IRQ2 used by override.
[    0.000000] ACPI: IRQ9 used by override.
[    0.000000] Using ACPI (MADT) for SMP configuration information
[    0.000000] ACPI: HPET id: 0x8086a201 base: 0xfed00000
[    0.000000] nr_irqs_gsi: 24
[    0.000000] PM: Registered nosave memory: 000000000009d000 - 000000000009e000
[    0.000000] PM: Registered nosave memory: 000000000009e000 - 00000000000a0000
[    0.000000] PM: Registered nosave memory: 00000000000a0000 - 00000000000d2000
[    0.000000] PM: Registered nosave memory: 00000000000d2000 - 00000000000d4000
[    0.000000] PM: Registered nosave memory: 00000000000d4000 - 00000000000e0000
[    0.000000] PM: Registered nosave memory: 00000000000e0000 - 0000000000100000
[    0.000000] Allocating PCI resources starting at 3e000000 (gap: 3e000000:b2000000)
[    0.000000] Built 1 zonelists in Zone order, mobility grouping on.  Total pages: 249503
[    0.000000] Kernel command line: auto BOOT_IMAGE=Linux ro root=802 vt.default_utf8=0 maxcpus=0
[    0.000000] PID hash table entries: 4096 (order: 2, 16384 bytes)
[    0.000000] Dentry cache hash table entries: 131072 (order: 7, 524288 bytes)
[    0.000000] Inode-cache hash table entries: 65536 (order: 6, 262144 bytes)
[    0.000000] Enabling fast FPU save and restore... done.
[    0.000000] Enabling unmasked SIMD FPU exception support... done.
[    0.000000] Initializing CPU#0
[    0.000000] Initializing HighMem for node 0 (000377fe:0003d6b0)
[    0.000000] Memory: 984800k/1006272k available (6914k kernel code, 20876k reserved, 2328k data, 448k init, 96968k highmem)
[    0.000000] virtual kernel memory layout:
[    0.000000]     fixmap  : 0xfffa3000 - 0xfffff000   ( 368 kB)
[    0.000000]     pkmap   : 0xff800000 - 0xffc00000   (4096 kB)
[    0.000000]     vmalloc : 0xf7ffe000 - 0xff7fe000   ( 120 MB)
[    0.000000]     lowmem  : 0xc0000000 - 0xf77fe000   ( 887 MB)
[    0.000000]       .init : 0xc1907000 - 0xc1977000   ( 448 kB)
[    0.000000]       .data : 0xc16c0b5f - 0xc1906c64   (2328 kB)
[    0.000000]       .text : 0xc1000000 - 0xc16c0b5f   (6914 kB)
[    0.000000] Checking if this processor honours the WP bit even in supervisor mode...Ok.
[    0.000000] SLUB: Genslabs=13, HWalign=64, Order=0-3, MinObjects=0, CPUs=1, Nodes=1
[    0.000000] Hierarchical RCU implementation.
[    0.000000] NR_IRQS:288
[    0.000000] Extended CMOS year: 2000
[    0.000000] Console: colour VGA+ 80x25
[    0.000000] console [tty0] enabled
[    0.000000] hpet clockevent registered
[    0.000000] Fast TSC calibration using PIT
[    0.000000] Detected 2094.819 MHz processor.
[    0.001001] Calibrating delay loop (skipped), value calculated using timer frequency.. 4189.63 BogoMIPS (lpj=2094819)
[    0.001170] Security Framework initialized
[    0.001255] Mount-cache hash table entries: 512
[    0.001403] CPU: L1 I cache: 32K, L1 D cache: 32K
[    0.001531] CPU: L2 cache: 3072K
[    0.001613] mce: CPU supports 6 MCE banks
[    0.001698] CPU0: Thermal monitoring enabled (TM2)
[    0.002003] using mwait in idle threads.
[    0.002086] CPU: Intel(R) Core(TM)2 Duo CPU     T8100  @ 2.10GHz stepping 06
[    0.002263] Checking 'hlt' instruction... OK.
[    0.006941] ACPI: Core revision 20090903
[    0.026013] CANARY value: 86ea4920 for PID: 1
[    0.026043] Enabling APIC mode:  Flat.  Using 1 I/O APICs
[    0.026503] ..TIMER: vector=0x30 apic1=0 pin1=2 apic2=-1 pin2=-1
[    0.037997] xor: automatically using best checksumming function: pIII_sse
[    0.041998]    pIII_sse  :  8568.000 MB/sec
[    0.042085] xor: using function: pIII_sse (8568.000 MB/sec)
[    0.042179] RANDOM - __seed init called.
[    0.042180] RANDOM - __seed init called.
[    0.042180] RANDOM - __seed init called.
[    0.042182] RANDOM - __random32 called. Change num 1.  Value: f7943846	49e73df3	af36cd0d
[    0.042184] RANDOM - __random32 called. Change num 2.  Value: 43846e13	9e73df37	9a1ad014
[    0.042186] RANDOM - __random32 called. Change num 3.  Value: 46e139c8	e73df373	a029598a
[    0.042187] RANDOM - __random32 called. Change num 4.  Value: 139c8c3b	73df373d	b3142c72
[    0.042189] RANDOM - __random32 called. Change num 5.  Value: c8c3b043	3df373de	58e576a9
[    0.042191] RANDOM - __random32 called. Change num 6.  Value: 3b0437d9	df373de5	ed53f9d8
[    0.042192] RANDOM - random32 init called.  Value: 3b0437d9	df373de5	ed53f9d8
[    0.042209] NET: Registered protocol family 16
[    0.042469] ACPI FADT declares the system doesn't support PCIe ASPM, so disable it
[    0.042589] ACPI: bus type pci registered
[    0.042756] PCI: MCFG configuration 0: base f0000000 segment 0 buses 0 - 63
[    0.042848] PCI: MCFG area at f0000000 reserved in E820
[    0.042942] PCI: Using MMCONFIG for extended config space
[    0.043002] PCI: Using configuration type 1 for base access
[    0.046144] bio: create slab <bio-0> at 0
[    0.046954] ACPI: EC: EC description table is found, configuring boot EC
[    0.052109] ACPI: BIOS _OSI(Linux) query honored via DMI
[    0.052832] random 0000 0000 0000 00000000 00000000: rand_read_num 2 get_random_bytes(8): sig fffffe1a 00000000 00000000
[    0.052835] random 0000 0000 0000 00000000 00000000: extract_entropy(.. 8 ..)
[    0.052838] random 0000 0000 0000 00000000 00000000: going to reseed nonblocking with 64 bits (64 of 0 requested)
[    0.052840] random 0000 0000 0000 00000000 00000000: extract_entropy(.. 8 ..)
[    0.052842] random 0000 0000 0000 00000000 00000000: trying to extract 64 bits from input
[    0.052844] random 0000 0000 0000 00000000 00000000: debiting 0 entropy credits from input
[    0.052846] random 0000 0000 0000 00000000 00000000: extract_entropy account returned: 0 
[    0.052875] random 0000 0000 0000 00000000 00000000: urand_change_num 3 xfer_secondary_pool(8): pool_sig fffffe1a, data_sig 00000000, bytes_mixed 0 00000000 00000000
[    0.052878] random 0000 0000 0000 00000000 00000000: trying to extract 64 bits from nonblocking
[    0.052881] random 0000 0000 0000 00000000 00000000: debiting 64 entropy credits from nonblocking (unlimited)
[    0.052883] random 0000 0000 0000 00000000 00000000: extract_entropy account returned: 8 
[    0.052887] random 0000 0000 0000 00000000 00000000: urand_change_num 4 extract_buf: pool_sig fffffe1a, data_sig fffffed7, bytes_mixed 20 00000000 00000000
[    0.057593] ACPI: Interpreter enabled
[    0.057684] ACPI: (supports S0 S3 S4 S5)
[    0.057998] ACPI: Using IOAPIC for interrupt routing
[    0.067739] ACPI: EC: GPE = 0x12, I/O: command/status = 0x66, data = 0x62
[    0.068024] ACPI: Power Resource [PUBS] (on)
[    0.070103] ACPI: ACPI Dock Station Driver: 3 docks/bays found
[    0.070510] ACPI: PCI Root Bridge [PCI0] (0000:00)
[    0.070683] pci 0000:00:02.0: reg 10 64bit mmio: [0xf8100000-0xf81fffff]
[    0.070689] pci 0000:00:02.0: reg 18 64bit mmio pref: [0xe0000000-0xefffffff]
[    0.070693] pci 0000:00:02.0: reg 20 io port: [0x1800-0x1807]
[    0.070727] pci 0000:00:02.1: reg 10 64bit mmio: [0xf8200000-0xf82fffff]
[    0.070828] pci 0000:00:19.0: reg 10 32bit mmio: [0xfe000000-0xfe01ffff]
[    0.070837] pci 0000:00:19.0: reg 14 32bit mmio: [0xfe025000-0xfe025fff]
[    0.070845] pci 0000:00:19.0: reg 18 io port: [0x1840-0x185f]
[    0.070910] pci 0000:00:19.0: PME# supported from D0 D3hot D3cold
[    0.071002] pci 0000:00:19.0: PME# disabled
[    0.071148] pci 0000:00:1a.0: reg 20 io port: [0x1860-0x187f]
[    0.071226] pci 0000:00:1a.1: reg 20 io port: [0x1880-0x189f]
[    0.071309] pci 0000:00:1a.7: reg 10 32bit mmio: [0xfe226c00-0xfe226fff]
[    0.071392] pci 0000:00:1a.7: PME# supported from D0 D3hot D3cold
[    0.071485] pci 0000:00:1a.7: PME# disabled
[    0.071625] pci 0000:00:1b.0: reg 10 64bit mmio: [0xfe020000-0xfe023fff]
[    0.071717] pci 0000:00:1b.0: PME# supported from D0 D3hot D3cold
[    0.071813] pci 0000:00:1b.0: PME# disabled
[    0.072027] pci 0000:00:1c.0: PME# supported from D0 D3hot D3cold
[    0.072123] pci 0000:00:1c.0: PME# disabled
[    0.072323] pci 0000:00:1c.1: PME# supported from D0 D3hot D3cold
[    0.072420] pci 0000:00:1c.1: PME# disabled
[    0.072625] pci 0000:00:1c.2: PME# supported from D0 D3hot D3cold
[    0.072718] pci 0000:00:1c.2: PME# disabled
[    0.072922] pci 0000:00:1c.3: PME# supported from D0 D3hot D3cold
[    0.072997] pci 0000:00:1c.3: PME# disabled
[    0.073858] pci 0000:00:1c.4: PME# supported from D0 D3hot D3cold
[    0.073949] pci 0000:00:1c.4: PME# disabled
[    0.074065] pci 0000:00:1d.0: reg 20 io port: [0x18a0-0x18bf]
[    0.074133] pci 0000:00:1d.1: reg 20 io port: [0x18c0-0x18df]
[    0.074208] pci 0000:00:1d.2: reg 20 io port: [0x18e0-0x18ff]
[    0.074300] pci 0000:00:1d.7: reg 10 32bit mmio: [0xfe227000-0xfe2273ff]
[    0.074391] pci 0000:00:1d.7: PME# supported from D0 D3hot D3cold
[    0.074490] pci 0000:00:1d.7: PME# disabled
[    0.074787] pci 0000:00:1f.0: quirk: region 1000-107f claimed by ICH6 ACPI/GPIO/TCO
[    0.074913] pci 0000:00:1f.0: quirk: region 1180-11bf claimed by ICH6 GPIO
[    0.074998] pci 0000:00:1f.0: ICH7 LPC Generic IO decode 1 PIO at 1600 (mask 007f)
[    0.075119] pci 0000:00:1f.0: ICH7 LPC Generic IO decode 2 PIO at 15e0 (mask 000f)
[    0.075248] pci 0000:00:1f.0: ICH7 LPC Generic IO decode 3 PIO at 1680 (mask 001f)
[    0.075461] pci 0000:00:1f.1: reg 10 io port: [0x00-0x07]
[    0.075471] pci 0000:00:1f.1: reg 14 io port: [0x00-0x03]
[    0.075480] pci 0000:00:1f.1: reg 18 io port: [0x00-0x07]
[    0.075491] pci 0000:00:1f.1: reg 1c io port: [0x00-0x03]
[    0.075499] pci 0000:00:1f.1: reg 20 io port: [0x1c00-0x1c0f]
[    0.075582] pci 0000:00:1f.2: reg 10 io port: [0x1c50-0x1c57]
[    0.075591] pci 0000:00:1f.2: reg 14 io port: [0x1c44-0x1c47]
[    0.075598] pci 0000:00:1f.2: reg 18 io port: [0x1c48-0x1c4f]
[    0.075607] pci 0000:00:1f.2: reg 1c io port: [0x1c40-0x1c43]
[    0.075615] pci 0000:00:1f.2: reg 20 io port: [0x1c20-0x1c3f]
[    0.075625] pci 0000:00:1f.2: reg 24 32bit mmio: [0xfe226000-0xfe2267ff]
[    0.075685] pci 0000:00:1f.2: PME# supported from D3hot
[    0.075786] pci 0000:00:1f.2: PME# disabled
[    0.075900] pci 0000:00:1f.3: reg 10 32bit mmio: [0xfe227400-0xfe2274ff]
[    0.076015] pci 0000:00:1f.3: reg 20 io port: [0x1c60-0x1c7f]
[    0.076105] pci 0000:00:1c.0: bridge io port: [0x2000-0x2fff]
[    0.076110] pci 0000:00:1c.0: bridge 32bit mmio: [0xfc000000-0xfdffffff]
[    0.076119] pci 0000:00:1c.0: bridge 64bit mmio pref: [0xf8000000-0xf80fffff]
[    0.076192] pci 0000:03:00.0: reg 10 64bit mmio: [0xdf3f0000-0xdf3fffff]
[    0.076386] pci 0000:00:1c.1: bridge io port: [0x3000-0x3fff]
[    0.076392] pci 0000:00:1c.1: bridge 32bit mmio: [0xdc000000-0xdf3fffff]
[    0.076401] pci 0000:00:1c.1: bridge 64bit mmio pref: [0xdfe00000-0xdfefffff]
[    0.076459] pci 0000:00:1c.2: bridge io port: [0x4000-0x4fff]
[    0.076465] pci 0000:00:1c.2: bridge 32bit mmio: [0xd8000000-0xd9ffffff]
[    0.076472] pci 0000:00:1c.2: bridge 64bit mmio pref: [0xdfb00000-0xdfbfffff]
[    0.076528] pci 0000:00:1c.3: bridge io port: [0x5000-0x5fff]
[    0.076533] pci 0000:00:1c.3: bridge 32bit mmio: [0xd4000000-0xd5ffffff]
[    0.076542] pci 0000:00:1c.3: bridge 64bit mmio pref: [0xdf800000-0xdf8fffff]
[    0.076598] pci 0000:00:1c.4: bridge io port: [0x6000-0x6fff]
[    0.076602] pci 0000:00:1c.4: bridge 32bit mmio: [0xd0000000-0xd1ffffff]
[    0.076611] pci 0000:00:1c.4: bridge 64bit mmio pref: [0xdf500000-0xdf5fffff]
[    0.076670] pci 0000:15:00.0: reg 10 32bit mmio: [0xf8300000-0xf8300fff]
[    0.076721] pci 0000:15:00.0: supports D1 D2
[    0.076723] pci 0000:15:00.0: PME# supported from D0 D1 D2 D3hot D3cold
[    0.076823] pci 0000:15:00.0: PME# disabled
[    0.076967] pci 0000:15:00.1: reg 10 32bit mmio: [0xf8301000-0xf83017ff]
[    0.077080] pci 0000:15:00.1: supports D1 D2
[    0.077081] pci 0000:15:00.1: PME# supported from D0 D1 D2 D3hot D3cold
[    0.077180] pci 0000:15:00.1: PME# disabled
[    0.077359] pci 0000:00:1e.0: transparent bridge
[    0.077450] pci 0000:00:1e.0: bridge io port: [0x7000-0xafff]
[    0.077454] pci 0000:00:1e.0: bridge 32bit mmio: [0xf8300000-0xfbffffff]
[    0.077463] pci 0000:00:1e.0: bridge 64bit mmio pref: [0xf4000000-0xf7ffffff]
[    0.077534] pci_bus 0000:00: on NUMA node 0
[    0.077538] ACPI: PCI Interrupt Routing Table [\_SB_.PCI0._PRT]
[    0.077671] ACPI: PCI Interrupt Routing Table [\_SB_.PCI0.EXP0._PRT]
[    0.077730] ACPI: PCI Interrupt Routing Table [\_SB_.PCI0.EXP1._PRT]
[    0.077788] ACPI: PCI Interrupt Routing Table [\_SB_.PCI0.EXP2._PRT]
[    0.077846] ACPI: PCI Interrupt Routing Table [\_SB_.PCI0.EXP3._PRT]
[    0.077908] ACPI: PCI Interrupt Routing Table [\_SB_.PCI0.EXP4._PRT]
[    0.077970] ACPI: PCI Interrupt Routing Table [\_SB_.PCI0.PCI1._PRT]
[    0.083431] ACPI: PCI Interrupt Link [LNKA] (IRQs 3 4 5 6 7 9 *10 11)
[    0.084168] ACPI: PCI Interrupt Link [LNKB] (IRQs 3 4 5 6 7 9 10 *11)
[    0.085020] ACPI: PCI Interrupt Link [LNKC] (IRQs 3 4 5 6 7 9 10 *11)
[    0.085816] ACPI: PCI Interrupt Link [LNKD] (IRQs 3 4 5 6 7 9 10 *11)
[    0.086559] ACPI: PCI Interrupt Link [LNKE] (IRQs 3 4 5 6 7 9 10 *11)
[    0.087345] ACPI: PCI Interrupt Link [LNKF] (IRQs 3 4 5 6 7 9 10 *11)
[    0.088159] ACPI: PCI Interrupt Link [LNKG] (IRQs 3 4 5 6 7 9 10 *11)
[    0.088939] ACPI: PCI Interrupt Link [LNKH] (IRQs 3 4 5 6 7 9 10 *11)
[    0.089709] vgaarb: device added: PCI:0000:00:02.0,decodes=io+mem,owns=io+mem,locks=none
[    0.089833] vgaarb: loaded
[    0.090061] SCSI subsystem initialized
[    0.090167] libata version 3.00 loaded.
[    0.090214] usbcore: registered new interface driver usbfs
[    0.090342] usbcore: registered new interface driver hub
[    0.090460] usbcore: registered new device driver usb
[    0.107042] raid6: int32x1    941 MB/s
[    0.124058] raid6: int32x2    890 MB/s
[    0.141061] raid6: int32x4    750 MB/s
[    0.158064] raid6: int32x8    660 MB/s
[    0.174985] raid6: mmxx1     2878 MB/s
[    0.191984] raid6: mmxx2     3269 MB/s
[    0.208999] raid6: sse1x1    1937 MB/s
[    0.225984] raid6: sse1x2    2531 MB/s
[    0.242982] raid6: sse2x1    3503 MB/s
[    0.259976] raid6: sse2x2    3832 MB/s
[    0.260064] raid6: using algorithm sse2x2 (3832 MB/s)
[    0.260165] PCI: Using ACPI for IRQ routing
[    0.260465] HPET: 3 timers in total, 0 timers will be used for per-cpu timer
[    0.260989] Switching to clocksource tsc
[    0.261095] pnp: PnP ACPI init
[    0.261185] ACPI: bus type pnp registered
[    0.264884] pnp: PnP ACPI: found 11 devices
[    0.264979] ACPI: ACPI bus type pnp unregistered
[    0.265071] system 00:00: iomem range 0x0-0x9ffff could not be reserved
[    0.265164] system 00:00: iomem range 0xc0000-0xc3fff could not be reserved
[    0.265257] system 00:00: iomem range 0xc4000-0xc7fff could not be reserved
[    0.265344] system 00:00: iomem range 0xc8000-0xcbfff has been reserved
[    0.265436] system 00:00: iomem range 0xcc000-0xcffff has been reserved
[    0.265527] system 00:00: iomem range 0xd0000-0xd3fff could not be reserved
[    0.265620] system 00:00: iomem range 0xe0000-0xe3fff could not be reserved
[    0.265710] system 00:00: iomem range 0xe4000-0xe7fff could not be reserved
[    0.265804] system 00:00: iomem range 0xe8000-0xebfff could not be reserved
[    0.265902] system 00:00: iomem range 0xec000-0xeffff could not be reserved
[    0.265996] system 00:00: iomem range 0xf0000-0xfffff could not be reserved
[    0.266088] system 00:00: iomem range 0x100000-0x3dffffff could not be reserved
[    0.266210] system 00:00: iomem range 0xfec00000-0xfed3ffff could not be reserved
[    0.266337] system 00:00: iomem range 0xfed4c000-0xffffffff could not be reserved
[    0.266462] system 00:02: ioport range 0x164e-0x164f has been reserved
[    0.266561] system 00:02: ioport range 0x1000-0x107f has been reserved
[    0.266652] system 00:02: ioport range 0x1180-0x11bf has been reserved
[    0.266743] system 00:02: ioport range 0x800-0x80f has been reserved
[    0.266836] system 00:02: ioport range 0x15e0-0x15ef has been reserved
[    0.266933] system 00:02: ioport range 0x1600-0x165f could not be reserved
[    0.267027] system 00:02: iomem range 0xf0000000-0xf3ffffff has been reserved
[    0.267117] system 00:02: iomem range 0xfed1c000-0xfed1ffff has been reserved
[    0.267209] system 00:02: iomem range 0xfed14000-0xfed17fff has been reserved
[    0.267301] system 00:02: iomem range 0xfed18000-0xfed18fff has been reserved
[    0.267394] system 00:02: iomem range 0xfed19000-0xfed19fff has been reserved
[    0.267484] system 00:02: iomem range 0xfed45000-0xfed4bfff has been reserved
[    0.302525] pci 0000:00:1c.0: PCI bridge, secondary bus 0000:02
[    0.302620] pci 0000:00:1c.0:   IO window: 0x2000-0x2fff
[    0.302712] pci 0000:00:1c.0:   MEM window: 0xfc000000-0xfdffffff
[    0.302806] pci 0000:00:1c.0:   PREFETCH window: 0x000000f8000000-0x000000f80fffff
[    0.302940] pci 0000:00:1c.1: PCI bridge, secondary bus 0000:03
[    0.303033] pci 0000:00:1c.1:   IO window: 0x3000-0x3fff
[    0.303127] pci 0000:00:1c.1:   MEM window: 0xdc000000-0xdf3fffff
[    0.303218] pci 0000:00:1c.1:   PREFETCH window: 0x000000dfe00000-0x000000dfefffff
[    0.303347] pci 0000:00:1c.2: PCI bridge, secondary bus 0000:04
[    0.303442] pci 0000:00:1c.2:   IO window: 0x4000-0x4fff
[    0.303535] pci 0000:00:1c.2:   MEM window: 0xd8000000-0xd9ffffff
[    0.303633] pci 0000:00:1c.2:   PREFETCH window: 0x000000dfb00000-0x000000dfbfffff
[    0.303758] pci 0000:00:1c.3: PCI bridge, secondary bus 0000:05
[    0.303862] pci 0000:00:1c.3:   IO window: 0x5000-0x5fff
[    0.303963] pci 0000:00:1c.3:   MEM window: 0xd4000000-0xd5ffffff
[    0.304054] pci 0000:00:1c.3:   PREFETCH window: 0x000000df800000-0x000000df8fffff
[    0.304183] pci 0000:00:1c.4: PCI bridge, secondary bus 0000:0d
[    0.304283] pci 0000:00:1c.4:   IO window: 0x6000-0x6fff
[    0.304378] pci 0000:00:1c.4:   MEM window: 0xd0000000-0xd1ffffff
[    0.304477] pci 0000:00:1c.4:   PREFETCH window: 0x000000df500000-0x000000df5fffff
[    0.304608] pci 0000:15:00.0: CardBus bridge, secondary bus 0000:16
[    0.304697] pci 0000:15:00.0:   IO window: 0x007000-0x0070ff
[    0.304793] pci 0000:15:00.0:   IO window: 0x007400-0x0074ff
[    0.304888] pci 0000:15:00.0:   PREFETCH window: 0xf4000000-0xf7ffffff
[    0.304984] pci 0000:15:00.0:   MEM window: 0x40000000-0x43ffffff
[    0.305075] pci 0000:00:1e.0: PCI bridge, secondary bus 0000:15
[    0.305173] pci 0000:00:1e.0:   IO window: 0x7000-0xafff
[    0.305270] pci 0000:00:1e.0:   MEM window: 0xf8300000-0xfbffffff
[    0.305365] pci 0000:00:1e.0:   PREFETCH window: 0x000000f4000000-0x000000f7ffffff
[    0.305503] pci 0000:00:1c.0: PCI INT A -> GSI 20 (level, low) -> IRQ 20
[    0.305602] pci 0000:00:1c.0: setting latency timer to 64
[    0.305616] pci 0000:00:1c.1: PCI INT B -> GSI 21 (level, low) -> IRQ 21
[    0.305711] pci 0000:00:1c.1: setting latency timer to 64
[    0.305721] pci 0000:00:1c.2: PCI INT C -> GSI 22 (level, low) -> IRQ 22
[    0.305815] pci 0000:00:1c.2: setting latency timer to 64
[    0.305828] pci 0000:00:1c.3: PCI INT D -> GSI 23 (level, low) -> IRQ 23
[    0.305925] pci 0000:00:1c.3: setting latency timer to 64
[    0.305938] pci 0000:00:1c.4: PCI INT A -> GSI 20 (level, low) -> IRQ 20
[    0.306036] pci 0000:00:1c.4: setting latency timer to 64
[    0.306043] pci 0000:00:1e.0: enabling device (0005 -> 0007)
[    0.306134] pci 0000:00:1e.0: setting latency timer to 64
[    0.306148] pci 0000:15:00.0: PCI INT A -> GSI 16 (level, low) -> IRQ 16
[    0.306244] pci 0000:15:00.0: setting latency timer to 64
[    0.306250] pci_bus 0000:00: resource 0 io:  [0x00-0xffff]
[    0.306252] pci_bus 0000:00: resource 1 mem: [0x000000-0xffffffff]
[    0.306254] pci_bus 0000:02: resource 0 io:  [0x2000-0x2fff]
[    0.306255] pci_bus 0000:02: resource 1 mem: [0xfc000000-0xfdffffff]
[    0.306257] pci_bus 0000:02: resource 2 pref mem [0xf8000000-0xf80fffff]
[    0.306259] pci_bus 0000:03: resource 0 io:  [0x3000-0x3fff]
[    0.306261] pci_bus 0000:03: resource 1 mem: [0xdc000000-0xdf3fffff]
[    0.306263] pci_bus 0000:03: resource 2 pref mem [0xdfe00000-0xdfefffff]
[    0.306264] pci_bus 0000:04: resource 0 io:  [0x4000-0x4fff]
[    0.306266] pci_bus 0000:04: resource 1 mem: [0xd8000000-0xd9ffffff]
[    0.306268] pci_bus 0000:04: resource 2 pref mem [0xdfb00000-0xdfbfffff]
[    0.306270] pci_bus 0000:05: resource 0 io:  [0x5000-0x5fff]
[    0.306271] pci_bus 0000:05: resource 1 mem: [0xd4000000-0xd5ffffff]
[    0.306273] pci_bus 0000:05: resource 2 pref mem [0xdf800000-0xdf8fffff]
[    0.306275] pci_bus 0000:0d: resource 0 io:  [0x6000-0x6fff]
[    0.306277] pci_bus 0000:0d: resource 1 mem: [0xd0000000-0xd1ffffff]
[    0.306279] pci_bus 0000:0d: resource 2 pref mem [0xdf500000-0xdf5fffff]
[    0.306280] pci_bus 0000:15: resource 0 io:  [0x7000-0xafff]
[    0.306282] pci_bus 0000:15: resource 1 mem: [0xf8300000-0xfbffffff]
[    0.306284] pci_bus 0000:15: resource 2 pref mem [0xf4000000-0xf7ffffff]
[    0.306286] pci_bus 0000:15: resource 3 io:  [0x00-0xffff]
[    0.306287] pci_bus 0000:15: resource 4 mem: [0x000000-0xffffffff]
[    0.306289] pci_bus 0000:16: resource 0 io:  [0x7000-0x70ff]
[    0.306291] pci_bus 0000:16: resource 1 io:  [0x7400-0x74ff]
[    0.306293] pci_bus 0000:16: resource 2 pref mem [0xf4000000-0xf7ffffff]
[    0.306294] pci_bus 0000:16: resource 3 mem: [0x40000000-0x43ffffff]
[    0.306302] NET: Registered protocol family 2
[    0.306397] RANDOM - __random32 called. Change num 7.  Value: 437d97bf	f373de51	f3b0f986
[    0.306399] RANDOM - random32 called.  Value: 437d97bf	f373de51	f3b0f986
[    0.306403] random 0000 0000 0000 5f8db4e5 4cfdf2a8: rand_read_num 3 get_random_bytes(4): sig fffffb64 5f8db4e5 4cfdf2a8
[    0.306405] random 0000 0000 0000 5f8db4e5 4cfdf2a8: extract_entropy(.. 4 ..)
[    0.306408] random 0000 0000 0000 5f8db4e5 4cfdf2a8: going to reseed nonblocking with 64 bits (32 of 0 requested)
[    0.306410] random 0000 0000 0000 5f8db4e5 4cfdf2a8: extract_entropy(.. 8 ..)
[    0.306412] random 0000 0000 0000 5f8db4e5 4cfdf2a8: trying to extract 64 bits from input
[    0.306414] random 0000 0000 0000 5f8db4e5 4cfdf2a8: debiting 0 entropy credits from input
[    0.306416] random 0000 0000 0000 5f8db4e5 4cfdf2a8: extract_entropy account returned: 0 
[    0.306419] random 0000 0000 0000 5f8db4e5 4cfdf2a8: urand_change_num 5 xfer_secondary_pool(4): pool_sig fffffb64, data_sig 00000000, bytes_mixed 0 5f8db4e5 4cfdf2a8
[    0.306422] random 0000 0000 0000 5f8db4e5 4cfdf2a8: trying to extract 32 bits from nonblocking
[    0.306424] random 0000 0000 0000 5f8db4e5 4cfdf2a8: debiting 32 entropy credits from nonblocking (unlimited)
[    0.306426] random 0000 0000 0000 5f8db4e5 4cfdf2a8: extract_entropy account returned: 4 
[    0.306430] random 0000 0000 0000 5f8db4e5 4cfdf2a8: urand_change_num 6 extract_buf: pool_sig fffffb64, data_sig 00000241, bytes_mixed 20 5f8db4e5 4cfdf2a8
[    0.306440] IP route cache hash table entries: 32768 (order: 5, 131072 bytes)
[    0.306571] RANDOM - __random32 called. Change num 8.  Value: d97bfe31	373de51f	f30dc6e6
[    0.306572] RANDOM - random32 called.  Value: d97bfe31	373de51f	f30dc6e6
[    0.306583] RANDOM - __random32 called. Change num 9.  Value: bfe314d7	73de51f5	8dcd6c7e
[    0.306585] RANDOM - random32 called.  Value: bfe314d7	73de51f5	8dcd6c7e
[    0.306586] RANDOM - __random32 called. Change num 10.  Value: 314d7baf	3de51f5e	d8fc74c1
[    0.306588] RANDOM - random32 called.  Value: 314d7baf	3de51f5e	d8fc74c1
[    0.306598] RANDOM - __random32 called. Change num 11.  Value: d7baf3c7	de51f5e5	e983e3fa
[    0.306600] RANDOM - random32 called.  Value: d7baf3c7	de51f5e5	e983e3fa
[    0.306610] TCP established hash table entries: 131072 (order: 8, 1048576 bytes)
[    0.307107] TCP bind hash table entries: 65536 (order: 6, 262144 bytes)
[    0.307294] TCP: Hash tables configured (established 131072 bind 65536)
[    0.307389] TCP reno registered
[    0.307493] NET: Registered protocol family 1
[    0.307610] RPC: Registered udp transport module.
[    0.307700] RPC: Registered tcp transport module.
[    0.307789] RPC: Registered tcp NFSv4.1 backchannel transport module.
[    0.307893] pci 0000:00:02.0: Boot video device
[    0.308103] Simple Boot Flag at 0x35 set to 0x1
[    0.308625] highmem bounce pool size: 64 pages
[    0.310204] VFS: Disk quotas dquot_6.5.2
[    0.310325] Dquot-cache hash table entries: 1024 (order 0, 4096 bytes)
[    0.311000] NTFS driver 2.1.29 [Flags: R/W].
[    0.311160] ROMFS MTD (C) 2007 Red Hat, Inc.
[    0.311379] JFS: nTxBlock = 7695, nTxLock = 61562
[    0.313836] SGI XFS with ACLs, security attributes, large block/inode numbers, no debug enabled
[    0.314347] SGI XFS Quota Management subsystem
[    0.314637] Slow work thread pool: Starting up
[    0.314737] Slow work thread pool: Ready
[    0.314831] GFS2 (built May 24 2013 02:47:17) installed
[    0.314934] msgmni has been set to 1734
[    0.315102] alg: No test for cipher_null (cipher_null-generic)
[    0.315208] alg: No test for ecb(cipher_null) (ecb-cipher_null)
[    0.315314] alg: No test for digest_null (digest_null-generic)
[    0.315417] alg: No test for compress_null (compress_null-generic)
[    0.315982] alg: No test for fcrypt (fcrypt-generic)
[    0.317394] alg: No test for stdrng (krng)
[    0.317485] async_tx: api initialized (async)
[    0.317644] Block layer SCSI generic (bsg) driver version 0.4 loaded (major 254)
[    0.317768] io scheduler noop registered
[    0.317874] io scheduler anticipatory registered
[    0.317966] io scheduler deadline registered
[    0.318100] io scheduler cfq registered (default)
[    0.318346] pcieport 0000:00:1c.0: irq 24 for MSI/MSI-X
[    0.318361] pcieport 0000:00:1c.0: setting latency timer to 64
[    0.318543] pcieport 0000:00:1c.1: irq 25 for MSI/MSI-X
[    0.318554] pcieport 0000:00:1c.1: setting latency timer to 64
[    0.318739] pcieport 0000:00:1c.2: irq 26 for MSI/MSI-X
[    0.318750] pcieport 0000:00:1c.2: setting latency timer to 64
[    0.318948] pcieport 0000:00:1c.3: irq 27 for MSI/MSI-X
[    0.318960] pcieport 0000:00:1c.3: setting latency timer to 64
[    0.319135] pcieport 0000:00:1c.4: irq 28 for MSI/MSI-X
[    0.319147] pcieport 0000:00:1c.4: setting latency timer to 64
[    0.319291] pci_hotplug: PCI Hot Plug PCI Core version: 0.5
[    0.319485] isapnp: Scanning for PnP cards...
[    0.680014] isapnp: No Plug & Play device found
[    0.680105] random 0000 0000 0000 5f8db4e5 4cfdf2a8: initializing
[    0.699595] Serial: 8250/16550 driver, 4 ports, IRQ sharing enabled
[    3.710540] floppy0: no floppy controllers found
[    3.711489] brd: module loaded
[    3.711994] loop: module loaded
[    3.712083] Compaq SMART2 Driver (v 2.6.0)
[    3.712206] HP CISS Driver (v 3.6.20)
[    3.712449] input: Macintosh mouse button emulation as /devices/virtual/input/input0
[    3.712588] Uniform Multi-Platform E-IDE driver
[    3.712814] piix 0000:00:1f.1: IDE controller (0x8086:0x2850 rev 0x03)
[    3.712918] pci 0000:00:1f.1: PCI INT C -> GSI 16 (level, low) -> IRQ 16
[    3.713026] piix 0000:00:1f.1: IDE port disabled
[    3.713124] piix 0000:00:1f.1: not 100% native mode: will probe irqs later
[    3.713217]     ide0: BM-DMA at 0x1c00-0x1c07
[    3.713311] Probing IDE interface ide0...
[    4.384695] hda: HL-DT-ST DVDRAM GSA-U10N, ATAPI CD/DVD-ROM drive
[    4.691478] hda: host max PIO4 wanted PIO255(auto-tune) selected PIO4
[    4.692253] hda: UDMA/33 mode selected
[    4.692712] ide0 at 0x1f0-0x1f7,0x3f6 on irq 14
[    4.696626] ide-gd driver 1.18
[    4.696732] ide-cd driver 5.00
[    4.698121] ide-cd: hda: ATAPI 24X DVD-ROM DVD-R/RAM CD-R/RW drive, 2048kB Cache
[    4.698581] Uniform CD-ROM driver Revision: 3.20
[    4.705629] Loading iSCSI transport class v2.0-870.
[    4.705912] rdac: device handler registered
[    4.706002] hp_sw: device handler registered
[    4.706095] emc: device handler registered
[    4.706183] alua: device handler registered
[    4.707168] Adaptec aacraid driver 1.1-5[2461]-ms
[    4.707589] scsi: <fdomain> Detection failed (no card)
[    4.707686] sym53c416.c: Version 1.0.0-ac
[    4.707794] qlogicfas: no cards were found, please specify I/O address and IRQ using iobase= and irq= options
[    4.707918] QLogic Fibre Channel HBA Driver: 8.03.01-k6
[    4.708143] iscsi: registered transport (qla4xxx)
[    4.708253] QLogic iSCSI HBA Driver
[    4.708339] Emulex LightPulse Fibre Channel SCSI driver 8.3.4
[    4.708431] Copyright(c) 2004-2009 Emulex.  All rights reserved.
[    4.730461] Failed initialization of WD-7000 SCSI card!
[    4.819606] DC390: clustering now enabled by default. If you get problems load
[    4.819729]        with "disable_clustering=1" and report to maintainers
[    4.819864] megaraid cmm: 2.20.2.7 (Release Date: Sun Jul 16 00:01:03 EST 2006)
[    4.820017] megaraid: 2.20.5.1 (Release Date: Thu Nov 16 15:32:35 EST 2006)
[    4.820129] megasas: 00.00.04.01 Thu July 24 11:41:51 PST 2008
[    4.820258] GDT-HA: Storage RAID Controller Driver. Version: 3.05
[    4.820411] 3ware Storage Controller device driver for Linux v1.26.02.002.
[    4.820526] 3ware 9000 Storage Controller device driver for Linux v2.26.02.012.
[    4.820667] nsp32: loading...
[    4.820771] ipr: IBM Power RAID SCSI Device Driver version: 2.4.3 (June 10, 2009)
[    4.820917] RocketRAID 3xxx/4xxx Controller driver v1.6 (090910)
[    4.821030] stex: Promise SuperTrak EX Driver version: 4.6.0000.3
[    4.821162] st: Version 20081215, fixed bufsize 32768, s/g segs 256
[    4.821357] ahci 0000:00:1f.2: version 3.0
[    4.821373] ahci 0000:00:1f.2: PCI INT B -> GSI 16 (level, low) -> IRQ 16
[    4.821516] ahci 0000:00:1f.2: irq 29 for MSI/MSI-X
[    4.821577] ahci 0000:00:1f.2: AHCI 0001.0100 32 slots 3 ports 1.5 Gbps 0x5 impl SATA mode
[    4.821702] ahci 0000:00:1f.2: flags: 64bit ncq sntf pm led clo pio slum part ccc 
[    4.821828] ahci 0000:00:1f.2: setting latency timer to 64
[    4.821967] scsi2 : ahci
[    4.822127] scsi3 : ahci
[    4.822268] scsi4 : ahci
[    4.822453] ata1: SATA max UDMA/133 abar m2048@0xfe226000 port 0xfe226100 irq 29
[    4.822575] ata2: DUMMY
[    4.822658] ata3: SATA max UDMA/133 abar m2048@0xfe226000 port 0xfe226200 irq 29
[    4.823260] I2O subsystem v1.325
[    4.823347] i2o: max drivers = 8
[    4.823506] I2O Configuration OSM v1.323
[    4.823613] I2O Bus Adapter OSM v1.317
[    4.823717] I2O Block Device OSM v1.325
[    4.823869] I2O SCSI Peripheral OSM v1.316
[    4.823976] I2O ProcFS OSM v1.316
[    4.824081] Fusion MPT base driver 3.04.12
[    4.824169] Copyright (c) 1999-2008 LSI Corporation
[    4.824259] Fusion MPT SPI Host driver 3.04.12
[    4.824368] Fusion MPT FC Host driver 3.04.12
[    4.824533] Fusion MPT SAS Host driver 3.04.12
[    4.824685] ohci1394 0000:15:00.1: PCI INT B -> GSI 17 (level, low) -> IRQ 17
[    4.824780] ohci1394 0000:15:00.1: setting latency timer to 64
[    4.878467] ohci1394: fw-host0: OHCI-1394 1.1 (PCI): IRQ=[17]  MMIO=[f8301000-f83017ff]  Max Packet=[2048]  IR/IT contexts=[4/4]
[    4.882740] ehci_hcd: USB 2.0 'Enhanced' Host Controller (EHCI) Driver
[    4.883018] ehci_hcd 0000:00:1a.7: power state changed by ACPI to D0
[    4.883257] ehci_hcd 0000:00:1a.7: power state changed by ACPI to D0
[    4.883355] ehci_hcd 0000:00:1a.7: PCI INT C -> GSI 22 (level, low) -> IRQ 22
[    4.883458] ehci_hcd 0000:00:1a.7: setting latency timer to 64
[    4.883463] ehci_hcd 0000:00:1a.7: EHCI Host Controller
[    4.883601] ehci_hcd 0000:00:1a.7: new USB bus registered, assigned bus number 1
[    4.887631] ehci_hcd 0000:00:1a.7: cache line size of 32 is not supported
[    4.887638] ehci_hcd 0000:00:1a.7: irq 22, io mem 0xfe226c00
[    4.897429] ehci_hcd 0000:00:1a.7: USB 2.0 started, EHCI 1.00
[    4.897535] usb usb1: New USB device found, idVendor=1d6b, idProduct=0002
[    4.897634] usb usb1: New USB device strings: Mfr=3, Product=2, SerialNumber=1
[    4.897756] usb usb1: Product: EHCI Host Controller
[    4.897847] usb usb1: Manufacturer: Linux 2.6.32.57 ehci_hcd
[    4.897935] usb usb1: SerialNumber: 0000:00:1a.7
[    4.898085] usb usb1: configuration #1 chosen from 1 choice
[    4.898206] hub 1-0:1.0: USB hub found
[    4.898298] hub 1-0:1.0: 4 ports detected
[    4.898602] ehci_hcd 0000:00:1d.7: power state changed by ACPI to D0
[    4.898856] ehci_hcd 0000:00:1d.7: power state changed by ACPI to D0
[    4.898952] ehci_hcd 0000:00:1d.7: PCI INT D -> GSI 19 (level, low) -> IRQ 19
[    4.899052] ehci_hcd 0000:00:1d.7: setting latency timer to 64
[    4.899057] ehci_hcd 0000:00:1d.7: EHCI Host Controller
[    4.899183] ehci_hcd 0000:00:1d.7: new USB bus registered, assigned bus number 2
[    4.899337] ehci_hcd 0000:00:1d.7: debug port 1
[    4.903316] ehci_hcd 0000:00:1d.7: cache line size of 32 is not supported
[    4.903323] ehci_hcd 0000:00:1d.7: irq 19, io mem 0xfe227000
[    4.913428] ehci_hcd 0000:00:1d.7: USB 2.0 started, EHCI 1.00
[    4.913536] usb usb2: New USB device found, idVendor=1d6b, idProduct=0002
[    4.913632] usb usb2: New USB device strings: Mfr=3, Product=2, SerialNumber=1
[    4.913754] usb usb2: Product: EHCI Host Controller
[    4.913842] usb usb2: Manufacturer: Linux 2.6.32.57 ehci_hcd
[    4.913934] usb usb2: SerialNumber: 0000:00:1d.7
[    4.914074] usb usb2: configuration #1 chosen from 1 choice
[    4.914192] hub 2-0:1.0: USB hub found
[    4.914287] hub 2-0:1.0: 6 ports detected
[    4.914473] 116x: driver isp116x-hcd, 03 Nov 2005
[    4.914581] ohci_hcd: USB 1.1 'Open' Host Controller (OHCI) Driver
[    4.914699] uhci_hcd: USB Universal Host Controller Interface driver
[    4.914811] uhci_hcd 0000:00:1a.0: PCI INT A -> GSI 20 (level, low) -> IRQ 20
[    4.914909] uhci_hcd 0000:00:1a.0: setting latency timer to 64
[    4.914914] uhci_hcd 0000:00:1a.0: UHCI Host Controller
[    4.915045] uhci_hcd 0000:00:1a.0: new USB bus registered, assigned bus number 3
[    4.915202] uhci_hcd 0000:00:1a.0: irq 20, io base 0x00001860
[    4.915316] usb usb3: New USB device found, idVendor=1d6b, idProduct=0001
[    4.915405] usb usb3: New USB device strings: Mfr=3, Product=2, SerialNumber=1
[    4.915538] usb usb3: Product: UHCI Host Controller
[    4.915632] usb usb3: Manufacturer: Linux 2.6.32.57 uhci_hcd
[    4.915723] usb usb3: SerialNumber: 0000:00:1a.0
[    4.915862] usb usb3: configuration #1 chosen from 1 choice
[    4.915982] hub 3-0:1.0: USB hub found
[    4.916076] hub 3-0:1.0: 2 ports detected
[    4.916369] uhci_hcd 0000:00:1a.1: power state changed by ACPI to D0
[    4.916624] uhci_hcd 0000:00:1a.1: power state changed by ACPI to D0
[    4.916723] uhci_hcd 0000:00:1a.1: PCI INT B -> GSI 21 (level, low) -> IRQ 21
[    4.916822] uhci_hcd 0000:00:1a.1: setting latency timer to 64
[    4.916827] uhci_hcd 0000:00:1a.1: UHCI Host Controller
[    4.916954] uhci_hcd 0000:00:1a.1: new USB bus registered, assigned bus number 4
[    4.917103] uhci_hcd 0000:00:1a.1: irq 21, io base 0x00001880
[    4.917217] usb usb4: New USB device found, idVendor=1d6b, idProduct=0001
[    4.917310] usb usb4: New USB device strings: Mfr=3, Product=2, SerialNumber=1
[    4.917437] usb usb4: Product: UHCI Host Controller
[    4.917528] usb usb4: Manufacturer: Linux 2.6.32.57 uhci_hcd
[    4.917615] usb usb4: SerialNumber: 0000:00:1a.1
[    4.917750] usb usb4: configuration #1 chosen from 1 choice
[    4.917866] hub 4-0:1.0: USB hub found
[    4.917957] hub 4-0:1.0: 2 ports detected
[    4.918256] uhci_hcd 0000:00:1d.0: power state changed by ACPI to D0
[    4.918499] uhci_hcd 0000:00:1d.0: power state changed by ACPI to D0
[    4.918596] uhci_hcd 0000:00:1d.0: PCI INT A -> GSI 16 (level, low) -> IRQ 16
[    4.918696] uhci_hcd 0000:00:1d.0: setting latency timer to 64
[    4.918701] uhci_hcd 0000:00:1d.0: UHCI Host Controller
[    4.918832] uhci_hcd 0000:00:1d.0: new USB bus registered, assigned bus number 5
[    4.918986] uhci_hcd 0000:00:1d.0: irq 16, io base 0x000018a0
[    4.919101] usb usb5: New USB device found, idVendor=1d6b, idProduct=0001
[    4.919191] usb usb5: New USB device strings: Mfr=3, Product=2, SerialNumber=1
[    4.919312] usb usb5: Product: UHCI Host Controller
[    4.919401] usb usb5: Manufacturer: Linux 2.6.32.57 uhci_hcd
[    4.919496] usb usb5: SerialNumber: 0000:00:1d.0
[    4.919638] usb usb5: configuration #1 chosen from 1 choice
[    4.919756] hub 5-0:1.0: USB hub found
[    4.919847] hub 5-0:1.0: 2 ports detected
[    4.919990] uhci_hcd 0000:00:1d.1: PCI INT B -> GSI 17 (level, low) -> IRQ 17
[    4.920089] uhci_hcd 0000:00:1d.1: setting latency timer to 64
[    4.920092] uhci_hcd 0000:00:1d.1: UHCI Host Controller
[    4.920215] uhci_hcd 0000:00:1d.1: new USB bus registered, assigned bus number 6
[    4.920357] uhci_hcd 0000:00:1d.1: irq 17, io base 0x000018c0
[    4.920476] usb usb6: New USB device found, idVendor=1d6b, idProduct=0001
[    4.920575] usb usb6: New USB device strings: Mfr=3, Product=2, SerialNumber=1
[    4.920698] usb usb6: Product: UHCI Host Controller
[    4.920786] usb usb6: Manufacturer: Linux 2.6.32.57 uhci_hcd
[    4.920880] usb usb6: SerialNumber: 0000:00:1d.1
[    4.921010] usb usb6: configuration #1 chosen from 1 choice
[    4.921129] hub 6-0:1.0: USB hub found
[    4.921223] hub 6-0:1.0: 2 ports detected
[    4.921515] uhci_hcd 0000:00:1d.2: power state changed by ACPI to D0
[    4.921769] uhci_hcd 0000:00:1d.2: power state changed by ACPI to D0
[    4.921865] uhci_hcd 0000:00:1d.2: PCI INT C -> GSI 18 (level, low) -> IRQ 18
[    4.921961] uhci_hcd 0000:00:1d.2: setting latency timer to 64
[    4.921965] uhci_hcd 0000:00:1d.2: UHCI Host Controller
[    4.922095] uhci_hcd 0000:00:1d.2: new USB bus registered, assigned bus number 7
[    4.922249] uhci_hcd 0000:00:1d.2: irq 18, io base 0x000018e0
[    4.922362] usb usb7: New USB device found, idVendor=1d6b, idProduct=0001
[    4.922460] usb usb7: New USB device strings: Mfr=3, Product=2, SerialNumber=1
[    4.922582] usb usb7: Product: UHCI Host Controller
[    4.922674] usb usb7: Manufacturer: Linux 2.6.32.57 uhci_hcd
[    4.922768] usb usb7: SerialNumber: 0000:00:1d.2
[    4.923563] usb usb7: configuration #1 chosen from 1 choice
[    4.923680] hub 7-0:1.0: USB hub found
[    4.923771] hub 7-0:1.0: 2 ports detected
[    4.923928] sl811: driver sl811-hcd, 19 May 2005
[    4.924035] r8a66597_hcd: driver r8a66597_hcd, 2009-05-26
[    4.924207] Initializing USB Mass Storage driver...
[    4.924331] usbcore: registered new interface driver usb-storage
[    4.924426] USB Mass Storage support registered.
[    4.924535] usbcore: registered new interface driver ums-alauda
[    4.924643] usbcore: registered new interface driver ums-cypress
[    4.924752] usbcore: registered new interface driver ums-datafab
[    4.924860] usbcore: registered new interface driver ums-freecom
[    4.924968] usbcore: registered new interface driver ums-isd200
[    4.925081] usbcore: registered new interface driver ums-jumpshot
[    4.925192] usbcore: registered new interface driver ums-karma
[    4.925302] usbcore: registered new interface driver ums-onetouch
[    4.925415] usbcore: registered new interface driver ums-sddr09
[    4.925534] usbcore: registered new interface driver ums-sddr55
[    4.925641] usbcore: registered new interface driver ums-usbat
[    4.925785] PNP: PS/2 Controller [PNP0303:KBD,PNP0f13:MOU] at 0x60,0x64 irq 1,12
[    4.934474] serio: i8042 KBD port at 0x60,0x64 irq 1
[    4.934569] serio: i8042 AUX port at 0x60,0x64 irq 12
[    4.934817] mice: PS/2 mouse device common for all mice
[    4.934928] i2c /dev entries driver
[    4.935064] md: linear personality registered for level -1
[    4.935153] md: raid0 personality registered for level 0
[    4.935238] md: raid1 personality registered for level 1
[    4.935332] md: raid10 personality registered for level 10
[    4.935436] md: raid6 personality registered for level 6
[    4.935526] md: raid5 personality registered for level 5
[    4.935618] md: raid4 personality registered for level 4
[    4.935708] md: multipath personality registered for level -4
[    4.935910] device-mapper: ioctl: 4.15.0-ioctl (2009-04-01) initialised: dm-devel@redhat.com
[    4.936108] cpuidle: using governor ladder
[    4.936715] usbcore: registered new interface driver usbhid
[    4.936811] usbhid: v2.6:USB HID core driver
[    4.936961] random 0000 0000 0000 00000000 00000000: rand_read_num 4 get_random_bytes(136): sig 00000000 00000000 00000000
[    4.936964] random 0000 0000 0000 00000000 00000000: extract_entropy(.. 136 ..)
[    4.936967] random 0000 0000 0000 00000000 00000000: going to reseed nonblocking with 1024 bits (1088 of 0 requested)
[    4.936969] random 0000 0000 0000 00000000 00000000: extract_entropy(.. 128 ..)
[    4.936971] random 0000 0000 0000 00000000 00000000: trying to extract 1024 bits from input
[    4.936973] random 0000 0000 0000 00000000 00000000: debiting 0 entropy credits from input
[    4.936975] random 0000 0000 0000 00000000 00000000: extract_entropy account returned: 0 
[    4.936978] random 0000 0000 0000 00000000 00000000: urand_change_num 7 xfer_secondary_pool(136): pool_sig 00000000, data_sig 00000000, bytes_mixed 0 00000000 00000000
[    4.936981] random 0000 0000 0000 00000000 00000000: trying to extract 1088 bits from nonblocking
[    4.936984] random 0000 0000 0000 00000000 00000000: debiting 1088 entropy credits from nonblocking (unlimited)
[    4.936986] random 0000 0000 0000 00000000 00000000: extract_entropy account returned: 136 
[    4.936990] random 0000 0000 0000 00000000 00000000: urand_change_num 8 extract_buf: pool_sig 00000000, data_sig fffffff9, bytes_mixed 20 00000000 00000000
[    4.936996] random 0000 0000 0000 b7c35b56 be4dc95d: urand_change_num 9 extract_buf: pool_sig fffffd1e, data_sig 000000c5, bytes_mixed 20 b7c35b56 be4dc95d
[    4.937001] random 0000 0000 0000 ed9f5c47 c48487fb: urand_change_num 10 extract_buf: pool_sig fffff8ec, data_sig ffffff68, bytes_mixed 20 ed9f5c47 c48487fb
[    4.937006] random 0000 0000 0000 ed9f5c47 c48487fb: urand_change_num 11 extract_buf: pool_sig fffffaed, data_sig 000001aa, bytes_mixed 20 ed9f5c47 c48487fb
[    4.937011] random 0000 0000 0000 1b4f7c0a 91bd6a48: urand_change_num 12 extract_buf: pool_sig fffffdd8, data_sig 00000064, bytes_mixed 20 1b4f7c0a 91bd6a48
[    4.937016] random 0000 0000 0000 a254b9bc 20e9a24f: urand_change_num 13 extract_buf: pool_sig fffffbe6, data_sig 000001dd, bytes_mixed 20 a254b9bc 20e9a24f
[    4.937022] random 0000 0000 0000 a254b9bc 20e9a24f: urand_change_num 14 extract_buf: pool_sig fffff940, data_sig fffffe20, bytes_mixed 20 a254b9bc 20e9a24f
[    4.937027] random 0000 0000 0000 2831a66b 5fa2a3ad: urand_change_num 15 extract_buf: pool_sig fffffbce, data_sig 0000007e, bytes_mixed 20 2831a66b 5fa2a3ad
[    4.937032] random 0000 0000 0000 2831a66b 5fa2a3ad: urand_change_num 16 extract_buf: pool_sig 000004df, data_sig fffffe8f, bytes_mixed 20 2831a66b 5fa2a3ad
[    4.937037] random 0000 0000 0000 d4512bfd c9a54e0b: urand_change_num 17 extract_buf: pool_sig 00000485, data_sig fffffe68, bytes_mixed 20 d4512bfd c9a54e0b
[    4.937042] random 0000 0000 0000 c7371be6 f9ffea11: urand_change_num 18 extract_buf: pool_sig 00000095, data_sig ffffffed, bytes_mixed 20 c7371be6 f9ffea11
[    4.937048] random 0000 0000 0000 c7371be6 f9ffea11: urand_change_num 19 extract_buf: pool_sig 000003a7, data_sig fffffefa, bytes_mixed 20 c7371be6 f9ffea11
[    4.937053] random 0000 0000 0000 8fb4b62c d1ddba54: urand_change_num 20 extract_buf: pool_sig 00000179, data_sig ffffff78, bytes_mixed 20 8fb4b62c d1ddba54
[    4.937058] random 0000 0000 0000 9ff19f9c c07a1d2a: urand_change_num 21 extract_buf: pool_sig fffffe88, data_sig 00000126, bytes_mixed 20 9ff19f9c c07a1d2a
[    4.937062] TCP cubic registered
[    4.937148] Initializing XFRM netlink socket
[    4.937236] NET: Registered protocol family 17
[    4.937333] Using IPI Shortcut mode
[    4.937443] random 0000 0000 0000 9ff19f9c c07a1d2a: rand_read_num 5 get_random_bytes(8): sig 0000031b 9ff19f9c c07a1d2a
[    4.937445] random 0000 0000 0000 9ff19f9c c07a1d2a: extract_entropy(.. 8 ..)
[    4.937447] random 0000 0000 0000 9ff19f9c c07a1d2a: going to reseed nonblocking with 64 bits (64 of 0 requested)
[    4.937449] random 0000 0000 0000 9ff19f9c c07a1d2a: extract_entropy(.. 8 ..)
[    4.937451] random 0000 0000 0000 9ff19f9c c07a1d2a: trying to extract 64 bits from input
[    4.937453] random 0000 0000 0000 9ff19f9c c07a1d2a: debiting 0 entropy credits from input
[    4.937455] random 0000 0000 0000 9ff19f9c c07a1d2a: extract_entropy account returned: 0 
[    4.937458] random 0000 0000 0000 9ff19f9c c07a1d2a: urand_change_num 22 xfer_secondary_pool(8): pool_sig 0000031b, data_sig 00000000, bytes_mixed 0 9ff19f9c c07a1d2a
[    4.937461] random 0000 0000 0000 9ff19f9c c07a1d2a: trying to extract 64 bits from nonblocking
[    4.937463] random 0000 0000 0000 9ff19f9c c07a1d2a: debiting 64 entropy credits from nonblocking (unlimited)
[    4.937465] random 0000 0000 0000 9ff19f9c c07a1d2a: extract_entropy account returned: 8 
[    4.937469] random 0000 0000 0000 9ff19f9c c07a1d2a: urand_change_num 23 extract_buf: pool_sig 0000031b, data_sig ffffffb3, bytes_mixed 20 9ff19f9c c07a1d2a
[    4.940103] input: AT Translated Set 2 keyboard as /devices/platform/i8042/serio0/input/input1
[    5.128419] ata3: SATA link down (SStatus 0 SControl 300)
[    5.128538] ata1: SATA link up 1.5 Gbps (SStatus 113 SControl 300)
[    5.130942] ata1.00: ACPI cmd ef/02:00:00:00:00:a0 (SET FEATURES) succeeded
[    5.130945] ata1.00: ACPI cmd f5/00:00:00:00:00:a0 (SECURITY FREEZE LOCK) filtered out
[    5.132331] ata1.00: ACPI cmd ef/5f:00:00:00:00:a0 (SET FEATURES) succeeded
[    5.132333] ata1.00: ACPI cmd ef/10:03:00:00:00:a0 (SET FEATURES) filtered out
[    5.134247] ata1.00: ATA-7: ST910021AS, 4.06, max UDMA/100
[    5.134336] ata1.00: 195371568 sectors, multi 16: LBA48 
[    5.136486] ata1.00: ACPI cmd ef/02:00:00:00:00:a0 (SET FEATURES) succeeded
[    5.136489] ata1.00: ACPI cmd f5/00:00:00:00:00:a0 (SECURITY FREEZE LOCK) filtered out
[    5.137878] ata1.00: ACPI cmd ef/5f:00:00:00:00:a0 (SET FEATURES) succeeded
[    5.137881] ata1.00: ACPI cmd ef/10:03:00:00:00:a0 (SET FEATURES) filtered out
[    5.139807] ata1.00: configured for UDMA/100
[    5.150470] scsi 2:0:0:0: Direct-Access     ATA      ST910021AS       4.06 PQ: 0 ANSI: 5
[    5.150756] sd 2:0:0:0: [sda] 195371568 512-byte logical blocks: (100 GB/93.1 GiB)
[    5.150900] sd 2:0:0:0: [sda] Write Protect is off
[    5.150989] sd 2:0:0:0: [sda] Mode Sense: 00 3a 00 00
[    5.151001] sd 2:0:0:0: [sda] Write cache: enabled, read cache: enabled, doesn't support DPO or FUA
[    5.151188]  sda:
[    5.216401] usb 2-1: new high speed USB device using ehci_hcd and address 2
[    5.363701] usb 2-1: New USB device found, idVendor=0e8d, idProduct=1806
[    5.363789] usb 2-1: New USB device strings: Mfr=1, Product=2, SerialNumber=3
[    5.363875] usb 2-1: Product: MT1806 
[    5.363964] usb 2-1: Manufacturer: MediaTek Inc
[    5.364053] usb 2-1: SerialNumber: R8KN6GAC800AEB 
[    5.364190] usb 2-1: configuration #1 chosen from 1 choice
[    5.370492] scsi5 : SCSI emulation for USB Mass Storage devices
[    5.370655] usb-storage: device found at 2
[    5.370656] usb-storage: waiting for device to settle before scanning
[    5.571864]  sda1 sda2
[    5.572588] sd 2:0:0:0: [sda] Attached SCSI disk
[    5.572681] random 0000 0000 0000 277f73c3 42024bb9: rand_read_num 6 get_random_bytes(12): sig 000007e9 277f73c3 42024bb9
[    5.572683] random 0000 0000 0000 277f73c3 42024bb9: extract_entropy(.. 12 ..)
[    5.572686] random 0000 0000 0000 277f73c3 42024bb9: going to reseed nonblocking with 96 bits (96 of 0 requested)
[    5.572688] random 0000 0000 0000 277f73c3 42024bb9: extract_entropy(.. 12 ..)
[    5.572690] random 0000 0000 0000 277f73c3 42024bb9: trying to extract 96 bits from input
[    5.572692] random 0000 0000 0000 277f73c3 42024bb9: debiting 0 entropy credits from input
[    5.572694] random 0000 0000 0000 277f73c3 42024bb9: extract_entropy account returned: 0 
[    5.572697] random 0000 0000 0000 277f73c3 42024bb9: urand_change_num 24 xfer_secondary_pool(12): pool_sig 000007e9, data_sig 00000000, bytes_mixed 0 277f73c3 42024bb9
[    5.572700] random 0000 0000 0000 277f73c3 42024bb9: trying to extract 96 bits from nonblocking
[    5.572702] random 0000 0000 0000 277f73c3 42024bb9: debiting 96 entropy credits from nonblocking (unlimited)
[    5.572704] random 0000 0000 0000 277f73c3 42024bb9: extract_entropy account returned: 12 
[    5.572709] random 0000 0000 0000 277f73c3 42024bb9: urand_change_num 25 extract_buf: pool_sig 000007e9, data_sig 00000088, bytes_mixed 20 277f73c3 42024bb9
[    5.572714] random 0000 0000 0000 277f73c3 42024bb9: urand_change_num 26 extract_buf: pool_sig 00000498, data_sig fffffefb, bytes_mixed 20 277f73c3 42024bb9
[    5.572717] RANDOM - __seed init called.
[    5.572718] RANDOM - __seed init called.
[    5.572719] RANDOM - __seed init called.
[    5.572720] RANDOM - __random32 called. Change num 12.  Value: 87f14767	f0d7351	b1e48bd3
[    5.572722] RANDOM - random32_reseed called.  Value: 87f14767	f0d7351	b1e48bd3
[    5.572725] Pid: 1, comm: swapper Not tainted 2.6.32.57 #3
[    5.572818] Call Trace:
[    5.572912]  [<c1923ca4>] ? random32_reseed+0xa0/0xb1
[    5.573003]  [<c1923c04>] ? random32_reseed+0x0/0xb1
[    5.573092]  [<c100111e>] ? do_one_initcall+0x2e/0x180
[    5.573187]  [<c1907265>] ? kernel_init+0xad/0x103
[    5.573272]  [<c19071b8>] ? kernel_init+0x0/0x103
[    5.573367]  [<c1003787>] ? kernel_thread_helper+0x7/0x10
[    5.573892] random 0000 0000 0000 386b4e60 ee4d4880: rand_read_num 7 get_random_bytes(64): sig fffffea5 386b4e60 ee4d4880
[    5.573894] random 0000 0000 0000 386b4e60 ee4d4880: extract_entropy(.. 64 ..)
[    5.573896] random 0000 0000 0000 386b4e60 ee4d4880: going to reseed nonblocking with 512 bits (512 of 0 requested)
[    5.573899] random 0000 0000 0000 386b4e60 ee4d4880: extract_entropy(.. 64 ..)
[    5.573901] random 0000 0000 0000 386b4e60 ee4d4880: trying to extract 512 bits from input
[    5.573903] random 0000 0000 0000 386b4e60 ee4d4880: debiting 0 entropy credits from input
[    5.573905] random 0000 0000 0000 386b4e60 ee4d4880: extract_entropy account returned: 0 
[    5.573908] random 0000 0000 0000 386b4e60 ee4d4880: urand_change_num 27 xfer_secondary_pool(64): pool_sig fffffea5, data_sig 00000000, bytes_mixed 0 386b4e60 ee4d4880
[    5.573911] random 0000 0000 0000 386b4e60 ee4d4880: trying to extract 512 bits from nonblocking
[    5.573913] random 0000 0000 0000 386b4e60 ee4d4880: debiting 512 entropy credits from nonblocking (unlimited)
[    5.573915] random 0000 0000 0000 386b4e60 ee4d4880: extract_entropy account returned: 64 
[    5.573919] random 0000 0000 0000 386b4e60 ee4d4880: urand_change_num 28 extract_buf: pool_sig fffffea5, data_sig 00000173, bytes_mixed 20 386b4e60 ee4d4880
[    5.573924] random 0000 0000 0000 412698f6 0cc8689a: urand_change_num 29 extract_buf: pool_sig 00000122, data_sig ffffff63, bytes_mixed 20 412698f6 0cc8689a
[    5.573930] random 0000 0000 0000 412698f6 0cc8689a: urand_change_num 30 extract_buf: pool_sig 000001f7, data_sig 00000012, bytes_mixed 20 412698f6 0cc8689a
[    5.573935] random 0000 0000 0000 9669941e 06f768b1: urand_change_num 31 extract_buf: pool_sig fffffb5b, data_sig 0000003f, bytes_mixed 20 9669941e 06f768b1
[    5.573940] random 0000 0000 0000 98486520 995551f0: urand_change_num 32 extract_buf: pool_sig fffffb39, data_sig 0000000e, bytes_mixed 20 98486520 995551f0
[    5.573945] random 0000 0000 0000 98486520 995551f0: urand_change_num 33 extract_buf: pool_sig fffffd8d, data_sig 000001a6, bytes_mixed 20 98486520 995551f0
[    5.573951] random 0000 0000 0000 61fc8914 d5882ed2: urand_change_num 34 extract_buf: pool_sig fffffa58, data_sig 0000023e, bytes_mixed 20 61fc8914 d5882ed2
[    5.573980] random 0000 0000 0000 61fc8914 d5882ed2: rand_read_num 8 get_random_bytes(64): sig fffff9ee 61fc8914 d5882ed2
[    5.573982] random 0000 0000 0000 61fc8914 d5882ed2: extract_entropy(.. 64 ..)
[    5.573984] random 0000 0000 0000 61fc8914 d5882ed2: going to reseed nonblocking with 512 bits (512 of 0 requested)
[    5.573987] random 0000 0000 0000 61fc8914 d5882ed2: extract_entropy(.. 64 ..)
[    5.573989] random 0000 0000 0000 61fc8914 d5882ed2: trying to extract 512 bits from input
[    5.573991] random 0000 0000 0000 61fc8914 d5882ed2: debiting 0 entropy credits from input
[    5.573993] random 0000 0000 0000 61fc8914 d5882ed2: extract_entropy account returned: 0 
[    5.573996] random 0000 0000 0000 61fc8914 d5882ed2: urand_change_num 35 xfer_secondary_pool(64): pool_sig fffff9ee, data_sig 00000000, bytes_mixed 0 61fc8914 d5882ed2
[    5.573998] random 0000 0000 0000 61fc8914 d5882ed2: trying to extract 512 bits from nonblocking
[    5.574001] random 0000 0000 0000 61fc8914 d5882ed2: debiting 512 entropy credits from nonblocking (unlimited)
[    5.574003] random 0000 0000 0000 61fc8914 d5882ed2: extract_entropy account returned: 64 
[    5.574007] random 0000 0000 0000 61fc8914 d5882ed2: urand_change_num 36 extract_buf: pool_sig fffff9ee, data_sig ffffff85, bytes_mixed 20 61fc8914 d5882ed2
[    5.574012] random 0000 0000 0000 70cfd302 e5edec11: urand_change_num 37 extract_buf: pool_sig fffffdc1, data_sig ffffffde, bytes_mixed 20 70cfd302 e5edec11
[    5.574017] random 0000 0000 0000 00dab838 eafd2b30: urand_change_num 38 extract_buf: pool_sig 000003da, data_sig ffffff61, bytes_mixed 20 00dab838 eafd2b30
[    5.574022] random 0000 0000 0000 00dab838 eafd2b30: urand_change_num 39 extract_buf: pool_sig 00000314, data_sig 00000121, bytes_mixed 20 00dab838 eafd2b30
[    5.574028] random 0000 0000 0000 5fcdf66a 6442b608: urand_change_num 40 extract_buf: pool_sig 0000028b, data_sig fffffefd, bytes_mixed 20 5fcdf66a 6442b608
[    5.574033] random 0000 0000 0000 61333f6b 8fae0f9b: urand_change_num 41 extract_buf: pool_sig 000000cb, data_sig 000000b3, bytes_mixed 20 61333f6b 8fae0f9b
[    5.574038] random 0000 0000 0000 61333f6b 8fae0f9b: urand_change_num 42 extract_buf: pool_sig fffffef8, data_sig 00000051, bytes_mixed 20 61333f6b 8fae0f9b
[    5.574041] BEGIN NET_SECRET:
[    5.574042] \xffffffe0
[    5.574042] \xffffffb6
[    5.574043] \x36
[    5.574044] \xffffffb5
[    5.574045] \xffffff94
[    5.574046] \xffffffb2
[    5.574047] \xffffffa8
[    5.574047] \xffffffda
[    5.574048] \x5b
[    5.574049] \x19
[    5.574050] \x18
[    5.574050] \x5c
[    5.574051] \x2b
[    5.574052] \x1
[    5.574053] \xffffff90
[    5.574054] \x19
[    5.574054] \x3c
[    5.574055] \xfffffff2
[    5.574056] \xffffff82
[    5.574057] \x2a
[    5.574057] \xffffffb3
[    5.574058] \xffffffa2
[    5.574059] \x3f
[    5.574060] \x5
[    5.574060] \x52
[    5.574061] \x77
[    5.574062] \x57
[    5.574062] \x79
[    5.574063] \x16
[    5.574064] \x43
[    5.574065] \xffffff84
[    5.574065] \xffffffc3
[    5.574066] \xffffffe9
[    5.574067] \x79
[    5.574068] \x50
[    5.574068] \xffffff8e
[    5.574069] \x3f
[    5.574070] \xfffffff3
[    5.574071] \x19
[    5.574071] \x2a
[    5.574072] \xfffffffd
[    5.574073] \xfffffffb
[    5.574074] \x62
[    5.574074] \x3c
[    5.574075] \xffffffac
[    5.574076] \x1c
[    5.574077] \x3b
[    5.574077] \x3b
[    5.574078] \x15
[    5.574079] \x27
[    5.574079] \xffffffa8
[    5.574080] \x22
[    5.574081] \xffffffc5
[    5.574082] \xffffff9a
[    5.574082] \x5
[    5.574083] \x6c
[    5.574084] \xffffffa8
[    5.574085] \x3a
[    5.574085] \x44
[    5.574086] \xffffffaf
[    5.574087] \x13
[    5.574088] \xffffffe0
[    5.574088] \xffffff9d
[    5.574089] \x22
[    5.574090] 
[    5.574090] END NET_SECRET
[    5.574093] random 0000 0000 0000 e7f555d9 e8ce5c3c: rand_read_num 9 get_random_bytes(4): sig 0000068c e7f555d9 e8ce5c3c
[    5.574095] random 0000 0000 0000 e7f555d9 e8ce5c3c: extract_entropy(.. 4 ..)
[    5.574098] random 0000 0000 0000 e7f555d9 e8ce5c3c: going to reseed nonblocking with 64 bits (32 of 0 requested)
[    5.574100] random 0000 0000 0000 e7f555d9 e8ce5c3c: extract_entropy(.. 8 ..)
[    5.574102] random 0000 0000 0000 e7f555d9 e8ce5c3c: trying to extract 64 bits from input
[    5.574104] random 0000 0000 0000 e7f555d9 e8ce5c3c: debiting 0 entropy credits from input
[    5.574106] random 0000 0000 0000 e7f555d9 e8ce5c3c: extract_entropy account returned: 0 
[    5.574109] random 0000 0000 0000 e7f555d9 e8ce5c3c: urand_change_num 43 xfer_secondary_pool(4): pool_sig 0000068c, data_sig 00000000, bytes_mixed 0 e7f555d9 e8ce5c3c
[    5.574111] random 0000 0000 0000 e7f555d9 e8ce5c3c: trying to extract 32 bits from nonblocking
[    5.574114] random 0000 0000 0000 e7f555d9 e8ce5c3c: debiting 32 entropy credits from nonblocking (unlimited)
[    5.574116] random 0000 0000 0000 e7f555d9 e8ce5c3c: extract_entropy account returned: 4 
[    5.574120] random 0000 0000 0000 e7f555d9 e8ce5c3c: urand_change_num 44 extract_buf: pool_sig 0000068c, data_sig fffffdcb, bytes_mixed 20 e7f555d9 e8ce5c3c
[    5.574131] md: Waiting for all devices to be available before autodetect
[    5.574223] md: If you don't use raid, use raid=noautodetect
[    5.574395] md: Autodetecting RAID arrays.
[    5.574482] md: Scanned 0 and added 0 devices.
[    5.574576] md: autorun ...
[    5.574664] md: ... autorun DONE.
[    5.589315] EXT3-fs: sda2: couldn't mount because of unsupported optional features (240).
[    5.589553] EXT2-fs: sda2: couldn't mount because of unsupported optional features (240).
[    5.590868] random 0000 0000 0000 e7f555d9 e8ce5c3c: rand_read_num 10 get_random_bytes(4): sig ffffff72 e7f555d9 e8ce5c3c
[    5.590871] random 0000 0000 0000 e7f555d9 e8ce5c3c: extract_entropy(.. 4 ..)
[    5.590873] random 0000 0000 0000 e7f555d9 e8ce5c3c: going to reseed nonblocking with 64 bits (32 of 0 requested)
[    5.590876] random 0000 0000 0000 e7f555d9 e8ce5c3c: extract_entropy(.. 8 ..)
[    5.590878] random 0000 0000 0000 e7f555d9 e8ce5c3c: trying to extract 64 bits from input
[    5.590880] random 0000 0000 0000 e7f555d9 e8ce5c3c: debiting 0 entropy credits from input
[    5.590882] random 0000 0000 0000 e7f555d9 e8ce5c3c: extract_entropy account returned: 0 
[    5.590885] random 0000 0000 0000 e7f555d9 e8ce5c3c: urand_change_num 45 xfer_secondary_pool(4): pool_sig ffffff72, data_sig 00000000, bytes_mixed 0 e7f555d9 e8ce5c3c
[    5.590888] random 0000 0000 0000 e7f555d9 e8ce5c3c: trying to extract 32 bits from nonblocking
[    5.590890] random 0000 0000 0000 e7f555d9 e8ce5c3c: debiting 32 entropy credits from nonblocking (unlimited)
[    5.590892] random 0000 0000 0000 e7f555d9 e8ce5c3c: extract_entropy account returned: 4 
[    5.590896] random 0000 0000 0000 e7f555d9 e8ce5c3c: urand_change_num 46 extract_buf: pool_sig ffffff72, data_sig ffffff72, bytes_mixed 20 e7f555d9 e8ce5c3c
[    5.625945] EXT4-fs (sda2): mounted filesystem with ordered data mode
[    5.626153] VFS: Mounted root (ext4 filesystem) readonly on device 8:2.
[    5.626259] Freeing unused kernel memory: 448k freed
[    5.704935] random 0000 0000 0000 91716c54 eeb6a1e7: rand_read_num 11 get_random_bytes(16): sig fffffcad 91716c54 eeb6a1e7
[    5.704938] random 0000 0000 0000 91716c54 eeb6a1e7: extract_entropy(.. 16 ..)
[    5.704940] random 0000 0000 0000 91716c54 eeb6a1e7: going to reseed nonblocking with 128 bits (128 of 0 requested)
[    5.704943] random 0000 0000 0000 91716c54 eeb6a1e7: extract_entropy(.. 16 ..)
[    5.704945] random 0000 0000 0000 91716c54 eeb6a1e7: trying to extract 128 bits from input
[    5.704947] random 0000 0000 0000 91716c54 eeb6a1e7: debiting 0 entropy credits from input
[    5.704949] random 0000 0000 0000 91716c54 eeb6a1e7: extract_entropy account returned: 0 
[    5.704952] random 0000 0000 0000 91716c54 eeb6a1e7: urand_change_num 47 xfer_secondary_pool(16): pool_sig fffffcad, data_sig 00000000, bytes_mixed 0 91716c54 eeb6a1e7
[    5.704955] random 0000 0000 0000 91716c54 eeb6a1e7: trying to extract 128 bits from nonblocking
[    5.704957] random 0000 0000 0000 91716c54 eeb6a1e7: debiting 128 entropy credits from nonblocking (unlimited)
[    5.704959] random 0000 0000 0000 91716c54 eeb6a1e7: extract_entropy account returned: 16 
[    5.704963] random 0000 0000 0000 91716c54 eeb6a1e7: urand_change_num 48 extract_buf: pool_sig fffffcad, data_sig ffffff19, bytes_mixed 20 91716c54 eeb6a1e7
[    5.704968] random 0000 0000 0000 fd637b06 6cf47bc1: urand_change_num 49 extract_buf: pool_sig fffffede, data_sig ffffffc1, bytes_mixed 20 fd637b06 6cf47bc1
[    5.791675] random 0000 0000 0000 fd637b06 6cf47bc1: rand_read_num 12 get_random_bytes(16): sig 0000033b fd637b06 6cf47bc1
[    5.791678] random 0000 0000 0000 fd637b06 6cf47bc1: extract_entropy(.. 16 ..)
[    5.791680] random 0000 0000 0000 fd637b06 6cf47bc1: going to reseed nonblocking with 128 bits (128 of 0 requested)
[    5.791683] random 0000 0000 0000 fd637b06 6cf47bc1: extract_entropy(.. 16 ..)
[    5.791685] random 0000 0000 0000 fd637b06 6cf47bc1: trying to extract 128 bits from input
[    5.791687] random 0000 0000 0000 fd637b06 6cf47bc1: debiting 0 entropy credits from input
[    5.791689] random 0000 0000 0000 fd637b06 6cf47bc1: extract_entropy account returned: 0 
[    5.791692] random 0000 0000 0000 fd637b06 6cf47bc1: urand_change_num 50 xfer_secondary_pool(16): pool_sig 0000033b, data_sig 00000000, bytes_mixed 0 fd637b06 6cf47bc1
[    5.791695] random 0000 0000 0000 fd637b06 6cf47bc1: trying to extract 128 bits from nonblocking
[    5.791697] random 0000 0000 0000 fd637b06 6cf47bc1: debiting 128 entropy credits from nonblocking (unlimited)
[    5.791699] random 0000 0000 0000 fd637b06 6cf47bc1: extract_entropy account returned: 16 
[    5.791704] random 0000 0000 0000 fd637b06 6cf47bc1: urand_change_num 51 extract_buf: pool_sig 0000033b, data_sig 000000d8, bytes_mixed 20 fd637b06 6cf47bc1
[    5.791709] random 0000 0000 0000 0ec1f012 d4727ca8: urand_change_num 52 extract_buf: pool_sig fffffcf5, data_sig 00000016, bytes_mixed 20 0ec1f012 d4727ca8
[    6.154639] ieee1394: Host added: ID:BUS[0-00:1023]  GUID[00061b032a25f51c]
[    6.173894] random 0000 0000 0000 45b1d0b1 845a73f7: rand_read_num 13 get_random_bytes(16): sig 00000116 45b1d0b1 845a73f7
[    6.173896] random 0000 0000 0000 45b1d0b1 845a73f7: extract_entropy(.. 16 ..)
[    6.173899] random 0000 0000 0000 45b1d0b1 845a73f7: going to reseed nonblocking with 128 bits (128 of 0 requested)
[    6.173901] random 0000 0000 0000 45b1d0b1 845a73f7: extract_entropy(.. 16 ..)
[    6.173903] random 0000 0000 0000 45b1d0b1 845a73f7: trying to extract 128 bits from input
[    6.173905] random 0000 0000 0000 45b1d0b1 845a73f7: debiting 0 entropy credits from input
[    6.173907] random 0000 0000 0000 45b1d0b1 845a73f7: extract_entropy account returned: 0 
[    6.173911] random 0000 0000 0000 45b1d0b1 845a73f7: urand_change_num 53 xfer_secondary_pool(16): pool_sig 00000116, data_sig 00000000, bytes_mixed 0 45b1d0b1 845a73f7
[    6.173914] random 0000 0000 0000 45b1d0b1 845a73f7: trying to extract 128 bits from nonblocking
[    6.173916] random 0000 0000 0000 45b1d0b1 845a73f7: debiting 128 entropy credits from nonblocking (unlimited)
[    6.173918] random 0000 0000 0000 45b1d0b1 845a73f7: extract_entropy account returned: 16 
[    6.173922] random 0000 0000 0000 45b1d0b1 845a73f7: urand_change_num 54 extract_buf: pool_sig 00000116, data_sig fffffd8b, bytes_mixed 20 45b1d0b1 845a73f7
[    6.173927] random 0000 0000 0000 45b1d0b1 845a73f7: urand_change_num 55 extract_buf: pool_sig fffffc05, data_sig 00000109, bytes_mixed 20 45b1d0b1 845a73f7
[    6.226388] random 0000 0000 0000 5012cce3 b8a30621: rand_read_num 14 get_random_bytes(16): sig fffffb93 5012cce3 b8a30621
[    6.226391] random 0000 0000 0000 5012cce3 b8a30621: extract_entropy(.. 16 ..)
[    6.226394] random 0000 0000 0000 5012cce3 b8a30621: going to reseed nonblocking with 128 bits (128 of 0 requested)
[    6.226396] random 0000 0000 0000 5012cce3 b8a30621: extract_entropy(.. 16 ..)
[    6.226398] random 0000 0000 0000 5012cce3 b8a30621: trying to extract 128 bits from input
[    6.226400] random 0000 0000 0000 5012cce3 b8a30621: debiting 0 entropy credits from input
[    6.226402] random 0000 0000 0000 5012cce3 b8a30621: extract_entropy account returned: 0 
[    6.226406] random 0000 0000 0000 5012cce3 b8a30621: urand_change_num 56 xfer_secondary_pool(16): pool_sig fffffb93, data_sig 00000000, bytes_mixed 0 5012cce3 b8a30621
[    6.226408] random 0000 0000 0000 5012cce3 b8a30621: trying to extract 128 bits from nonblocking
[    6.226411] random 0000 0000 0000 5012cce3 b8a30621: debiting 128 entropy credits from nonblocking (unlimited)
[    6.226413] random 0000 0000 0000 5012cce3 b8a30621: extract_entropy account returned: 16 
[    6.226417] random 0000 0000 0000 5012cce3 b8a30621: urand_change_num 57 extract_buf: pool_sig fffffb93, data_sig ffffff35, bytes_mixed 20 5012cce3 b8a30621
[    6.226422] random 0000 0000 0000 5012cce3 b8a30621: urand_change_num 58 extract_buf: pool_sig fffffb9d, data_sig ffffff92, bytes_mixed 20 5012cce3 b8a30621
[    6.227786] random 0000 0000 0000 30a5721d 4b648ff6: rand_read_num 15 get_random_bytes(16): sig fffffeb5 30a5721d 4b648ff6
[    6.227789] random 0000 0000 0000 30a5721d 4b648ff6: extract_entropy(.. 16 ..)
[    6.227792] random 0000 0000 0000 30a5721d 4b648ff6: going to reseed nonblocking with 128 bits (128 of 0 requested)
[    6.227794] random 0000 0000 0000 30a5721d 4b648ff6: extract_entropy(.. 16 ..)
[    6.227796] random 0000 0000 0000 30a5721d 4b648ff6: trying to extract 128 bits from input
[    6.227798] random 0000 0000 0000 30a5721d 4b648ff6: debiting 0 entropy credits from input
[    6.227800] random 0000 0000 0000 30a5721d 4b648ff6: extract_entropy account returned: 0 
[    6.227803] random 0000 0000 0000 30a5721d 4b648ff6: urand_change_num 59 xfer_secondary_pool(16): pool_sig fffffeb5, data_sig 00000000, bytes_mixed 0 30a5721d 4b648ff6
[    6.227806] random 0000 0000 0000 30a5721d 4b648ff6: trying to extract 128 bits from nonblocking
[    6.227808] random 0000 0000 0000 30a5721d 4b648ff6: debiting 128 entropy credits from nonblocking (unlimited)
[    6.227811] random 0000 0000 0000 30a5721d 4b648ff6: extract_entropy account returned: 16 
[    6.227815] random 0000 0000 0000 30a5721d 4b648ff6: urand_change_num 60 extract_buf: pool_sig fffffeb5, data_sig 000000c2, bytes_mixed 20 30a5721d 4b648ff6
[    6.227820] random 0000 0000 0000 89bae1ab 704c432f: urand_change_num 61 extract_buf: pool_sig 0000006e, data_sig fffffefc, bytes_mixed 20 89bae1ab 704c432f
[    6.228368] random 0000 0000 0000 89bae1ab 704c432f: rand_read_num 16 get_random_bytes(16): sig fffffd99 89bae1ab 704c432f
[    6.228371] random 0000 0000 0000 89bae1ab 704c432f: extract_entropy(.. 16 ..)
[    6.228373] random 0000 0000 0000 89bae1ab 704c432f: going to reseed nonblocking with 128 bits (128 of 0 requested)
[    6.228376] random 0000 0000 0000 89bae1ab 704c432f: extract_entropy(.. 16 ..)
[    6.228378] random 0000 0000 0000 89bae1ab 704c432f: trying to extract 128 bits from input
[    6.228380] random 0000 0000 0000 89bae1ab 704c432f: debiting 0 entropy credits from input
[    6.228382] random 0000 0000 0000 89bae1ab 704c432f: extract_entropy account returned: 0 
[    6.228385] random 0000 0000 0000 89bae1ab 704c432f: urand_change_num 62 xfer_secondary_pool(16): pool_sig fffffd99, data_sig 00000000, bytes_mixed 0 89bae1ab 704c432f
[    6.228388] random 0000 0000 0000 89bae1ab 704c432f: trying to extract 128 bits from nonblocking
[    6.228390] random 0000 0000 0000 89bae1ab 704c432f: debiting 128 entropy credits from nonblocking (unlimited)
[    6.228392] random 0000 0000 0000 89bae1ab 704c432f: extract_entropy account returned: 16 
[    6.228397] random 0000 0000 0000 89bae1ab 704c432f: urand_change_num 63 extract_buf: pool_sig fffffd99, data_sig 00000204, bytes_mixed 20 89bae1ab 704c432f
[    6.228402] random 0000 0000 0000 6c298a02 2b1539f8: urand_change_num 64 extract_buf: pool_sig 00000124, data_sig fffffff5, bytes_mixed 20 6c298a02 2b1539f8
[    6.229297] random 0000 0000 0000 c77b8b35 70f6cab5: rand_read_num 17 get_random_bytes(16): sig 0000036b c77b8b35 70f6cab5
[    6.229307] random 0000 0000 0000 c77b8b35 70f6cab5: extract_entropy(.. 16 ..)
[    6.229310] random 0000 0000 0000 c77b8b35 70f6cab5: going to reseed nonblocking with 128 bits (128 of 0 requested)
[    6.229312] random 0000 0000 0000 c77b8b35 70f6cab5: extract_entropy(.. 16 ..)
[    6.229314] random 0000 0000 0000 c77b8b35 70f6cab5: trying to extract 128 bits from input
[    6.229316] random 0000 0000 0000 c77b8b35 70f6cab5: debiting 0 entropy credits from input
[    6.229318] random 0000 0000 0000 c77b8b35 70f6cab5: extract_entropy account returned: 0 
[    6.229321] random 0000 0000 0000 c77b8b35 70f6cab5: urand_change_num 65 xfer_secondary_pool(16): pool_sig 0000036b, data_sig 00000000, bytes_mixed 0 c77b8b35 70f6cab5
[    6.229324] random 0000 0000 0000 c77b8b35 70f6cab5: trying to extract 128 bits from nonblocking
[    6.229327] random 0000 0000 0000 c77b8b35 70f6cab5: debiting 128 entropy credits from nonblocking (unlimited)
[    6.229329] random 0000 0000 0000 c77b8b35 70f6cab5: extract_entropy account returned: 16 
[    6.229333] random 0000 0000 0000 c77b8b35 70f6cab5: urand_change_num 66 extract_buf: pool_sig 0000036b, data_sig 0000005f, bytes_mixed 20 c77b8b35 70f6cab5
[    6.229338] random 0000 0000 0000 c77b8b35 70f6cab5: urand_change_num 67 extract_buf: pool_sig ffffff1c, data_sig 0000005a, bytes_mixed 20 c77b8b35 70f6cab5
[    6.229925] random 0000 0000 0000 af21d212 57d20ca3: rand_read_num 18 get_random_bytes(16): sig fffffb7f af21d212 57d20ca3
[    6.229928] random 0000 0000 0000 af21d212 57d20ca3: extract_entropy(.. 16 ..)
[    6.229930] random 0000 0000 0000 af21d212 57d20ca3: going to reseed nonblocking with 128 bits (128 of 0 requested)
[    6.229933] random 0000 0000 0000 af21d212 57d20ca3: extract_entropy(.. 16 ..)
[    6.229935] random 0000 0000 0000 af21d212 57d20ca3: trying to extract 128 bits from input
[    6.229937] random 0000 0000 0000 af21d212 57d20ca3: debiting 0 entropy credits from input
[    6.229939] random 0000 0000 0000 af21d212 57d20ca3: extract_entropy account returned: 0 
[    6.229942] random 0000 0000 0000 af21d212 57d20ca3: urand_change_num 68 xfer_secondary_pool(16): pool_sig fffffb7f, data_sig 00000000, bytes_mixed 0 af21d212 57d20ca3
[    6.229945] random 0000 0000 0000 af21d212 57d20ca3: trying to extract 128 bits from nonblocking
[    6.229947] random 0000 0000 0000 af21d212 57d20ca3: debiting 128 entropy credits from nonblocking (unlimited)
[    6.229949] random 0000 0000 0000 af21d212 57d20ca3: extract_entropy account returned: 16 
[    6.229954] random 0000 0000 0000 af21d212 57d20ca3: urand_change_num 69 extract_buf: pool_sig fffffb7f, data_sig ffffff88, bytes_mixed 20 af21d212 57d20ca3
[    6.229959] random 0000 0000 0000 af21d212 57d20ca3: urand_change_num 70 extract_buf: pool_sig fffffe1d, data_sig ffffff17, bytes_mixed 20 af21d212 57d20ca3
[    6.230550] random 0000 0000 0000 ffbd26fd 21933274: rand_read_num 19 get_random_bytes(16): sig ffffffc7 ffbd26fd 21933274
[    6.230553] random 0000 0000 0000 ffbd26fd 21933274: extract_entropy(.. 16 ..)
[    6.230556] random 0000 0000 0000 ffbd26fd 21933274: going to reseed nonblocking with 128 bits (128 of 0 requested)
[    6.230558] random 0000 0000 0000 ffbd26fd 21933274: extract_entropy(.. 16 ..)
[    6.230560] random 0000 0000 0000 ffbd26fd 21933274: trying to extract 128 bits from input
[    6.230562] random 0000 0000 0000 ffbd26fd 21933274: debiting 0 entropy credits from input
[    6.230564] random 0000 0000 0000 ffbd26fd 21933274: extract_entropy account returned: 0 
[    6.230567] random 0000 0000 0000 ffbd26fd 21933274: urand_change_num 71 xfer_secondary_pool(16): pool_sig ffffffc7, data_sig 00000000, bytes_mixed 0 ffbd26fd 21933274
[    6.230570] random 0000 0000 0000 ffbd26fd 21933274: trying to extract 128 bits from nonblocking
[    6.230573] random 0000 0000 0000 ffbd26fd 21933274: debiting 128 entropy credits from nonblocking (unlimited)
[    6.230575] random 0000 0000 0000 ffbd26fd 21933274: extract_entropy account returned: 16 
[    6.230579] random 0000 0000 0000 ffbd26fd 21933274: urand_change_num 72 extract_buf: pool_sig ffffffc7, data_sig 0000013b, bytes_mixed 20 ffbd26fd 21933274
[    6.230584] random 0000 0000 0000 151530a2 56c65dd3: urand_change_num 73 extract_buf: pool_sig ffffffbf, data_sig 00000036, bytes_mixed 20 151530a2 56c65dd3
[    6.231132] random 0000 0000 0000 151530a2 56c65dd3: rand_read_num 20 get_random_bytes(16): sig 000001a7 151530a2 56c65dd3
[    6.231135] random 0000 0000 0000 151530a2 56c65dd3: extract_entropy(.. 16 ..)
[    6.231137] random 0000 0000 0000 151530a2 56c65dd3: going to reseed nonblocking with 128 bits (128 of 0 requested)
[    6.231140] random 0000 0000 0000 151530a2 56c65dd3: extract_entropy(.. 16 ..)
[    6.231142] random 0000 0000 0000 151530a2 56c65dd3: trying to extract 128 bits from input
[    6.231144] random 0000 0000 0000 151530a2 56c65dd3: debiting 0 entropy credits from input
[    6.231146] random 0000 0000 0000 151530a2 56c65dd3: extract_entropy account returned: 0 
[    6.231149] random 0000 0000 0000 151530a2 56c65dd3: urand_change_num 74 xfer_secondary_pool(16): pool_sig 000001a7, data_sig 00000000, bytes_mixed 0 151530a2 56c65dd3
[    6.231152] random 0000 0000 0000 151530a2 56c65dd3: trying to extract 128 bits from nonblocking
[    6.231154] random 0000 0000 0000 151530a2 56c65dd3: debiting 128 entropy credits from nonblocking (unlimited)
[    6.231156] random 0000 0000 0000 151530a2 56c65dd3: extract_entropy account returned: 16 
[    6.231160] random 0000 0000 0000 151530a2 56c65dd3: urand_change_num 75 extract_buf: pool_sig 000001a7, data_sig ffffffa1, bytes_mixed 20 151530a2 56c65dd3
[    6.231166] random 0000 0000 0000 5d3e132e d9a77eb3: urand_change_num 76 extract_buf: pool_sig fffffcc9, data_sig 00000013, bytes_mixed 20 5d3e132e d9a77eb3
[    6.282193] random 0000 0000 0000 264837ad 0a28fef5: rand_read_num 21 get_random_bytes(16): sig ffffffd0 264837ad 0a28fef5
[    6.282196] random 0000 0000 0000 264837ad 0a28fef5: extract_entropy(.. 16 ..)
[    6.282199] random 0000 0000 0000 264837ad 0a28fef5: going to reseed nonblocking with 128 bits (128 of 0 requested)
[    6.282201] random 0000 0000 0000 264837ad 0a28fef5: extract_entropy(.. 16 ..)
[    6.282203] random 0000 0000 0000 264837ad 0a28fef5: trying to extract 128 bits from input
[    6.282206] random 0000 0000 0000 264837ad 0a28fef5: debiting 0 entropy credits from input
[    6.282208] random 0000 0000 0000 264837ad 0a28fef5: extract_entropy account returned: 0 
[    6.282211] random 0000 0000 0000 264837ad 0a28fef5: urand_change_num 77 xfer_secondary_pool(16): pool_sig ffffffd0, data_sig 00000000, bytes_mixed 0 264837ad 0a28fef5
[    6.282214] random 0000 0000 0000 264837ad 0a28fef5: trying to extract 128 bits from nonblocking
[    6.282216] random 0000 0000 0000 264837ad 0a28fef5: debiting 128 entropy credits from nonblocking (unlimited)
[    6.282218] random 0000 0000 0000 264837ad 0a28fef5: extract_entropy account returned: 16 
[    6.282223] random 0000 0000 0000 264837ad 0a28fef5: urand_change_num 78 extract_buf: pool_sig ffffffd0, data_sig 0000017b, bytes_mixed 20 264837ad 0a28fef5
[    6.282228] random 0000 0000 0000 264837ad 0a28fef5: urand_change_num 79 extract_buf: pool_sig 0000045c, data_sig 000001df, bytes_mixed 20 264837ad 0a28fef5
[    6.283698] random 0000 0000 0000 f37f7344 164aede0: rand_read_num 22 get_random_bytes(16): sig 000003c2 f37f7344 164aede0
[    6.283701] random 0000 0000 0000 f37f7344 164aede0: extract_entropy(.. 16 ..)
[    6.283704] random 0000 0000 0000 f37f7344 164aede0: going to reseed nonblocking with 128 bits (128 of 0 requested)
[    6.283706] random 0000 0000 0000 f37f7344 164aede0: extract_entropy(.. 16 ..)
[    6.283708] random 0000 0000 0000 f37f7344 164aede0: trying to extract 128 bits from input
[    6.283710] random 0000 0000 0000 f37f7344 164aede0: debiting 0 entropy credits from input
[    6.283712] random 0000 0000 0000 f37f7344 164aede0: extract_entropy account returned: 0 
[    6.283715] random 0000 0000 0000 f37f7344 164aede0: urand_change_num 80 xfer_secondary_pool(16): pool_sig 000003c2, data_sig 00000000, bytes_mixed 0 f37f7344 164aede0
[    6.283718] random 0000 0000 0000 f37f7344 164aede0: trying to extract 128 bits from nonblocking
[    6.283720] random 0000 0000 0000 f37f7344 164aede0: debiting 128 entropy credits from nonblocking (unlimited)
[    6.283723] random 0000 0000 0000 f37f7344 164aede0: extract_entropy account returned: 16 
[    6.283727] random 0000 0000 0000 f37f7344 164aede0: urand_change_num 81 extract_buf: pool_sig 000003c2, data_sig ffffff6c, bytes_mixed 20 f37f7344 164aede0
[    6.283732] random 0000 0000 0000 f37f7344 164aede0: urand_change_num 82 extract_buf: pool_sig fffffdfc, data_sig 00000091, bytes_mixed 20 f37f7344 164aede0
[    6.306498] random 0000 0000 0000 a4794863 878070c1: rand_read_num 23 get_random_bytes(16): sig 0000011b a4794863 878070c1
[    6.306501] random 0000 0000 0000 a4794863 878070c1: extract_entropy(.. 16 ..)
[    6.306504] random 0000 0000 0000 a4794863 878070c1: going to reseed nonblocking with 128 bits (128 of 0 requested)
[    6.306506] random 0000 0000 0000 a4794863 878070c1: extract_entropy(.. 16 ..)
[    6.306508] random 0000 0000 0000 a4794863 878070c1: trying to extract 128 bits from input
[    6.306510] random 0000 0000 0000 a4794863 878070c1: debiting 0 entropy credits from input
[    6.306512] random 0000 0000 0000 a4794863 878070c1: extract_entropy account returned: 0 
[    6.306515] random 0000 0000 0000 a4794863 878070c1: urand_change_num 83 xfer_secondary_pool(16): pool_sig 0000011b, data_sig 00000000, bytes_mixed 0 a4794863 878070c1
[    6.306518] random 0000 0000 0000 a4794863 878070c1: trying to extract 128 bits from nonblocking
[    6.306520] random 0000 0000 0000 a4794863 878070c1: debiting 128 entropy credits from nonblocking (unlimited)
[    6.306522] random 0000 0000 0000 a4794863 878070c1: extract_entropy account returned: 16 
[    6.306527] random 0000 0000 0000 a4794863 878070c1: urand_change_num 84 extract_buf: pool_sig 0000011b, data_sig ffffff51, bytes_mixed 20 a4794863 878070c1
[    6.306532] random 0000 0000 0000 737f19b4 9417d8ab: urand_change_num 85 extract_buf: pool_sig 000001a3, data_sig 0000006c, bytes_mixed 20 737f19b4 9417d8ab
[    6.310591] random 0000 0000 0000 737f19b4 9417d8ab: rand_read_num 24 get_random_bytes(16): sig fffffe22 737f19b4 9417d8ab
[    6.310594] random 0000 0000 0000 737f19b4 9417d8ab: extract_entropy(.. 16 ..)
[    6.310596] random 0000 0000 0000 737f19b4 9417d8ab: going to reseed nonblocking with 128 bits (128 of 0 requested)
[    6.310598] random 0000 0000 0000 737f19b4 9417d8ab: extract_entropy(.. 16 ..)
[    6.310600] random 0000 0000 0000 737f19b4 9417d8ab: trying to extract 128 bits from input
[    6.310603] random 0000 0000 0000 737f19b4 9417d8ab: debiting 0 entropy credits from input
[    6.310604] random 0000 0000 0000 737f19b4 9417d8ab: extract_entropy account returned: 0 
[    6.310608] random 0000 0000 0000 737f19b4 9417d8ab: urand_change_num 86 xfer_secondary_pool(16): pool_sig fffffe22, data_sig 00000000, bytes_mixed 0 737f19b4 9417d8ab
[    6.310611] random 0000 0000 0000 737f19b4 9417d8ab: trying to extract 128 bits from nonblocking
[    6.310613] random 0000 0000 0000 737f19b4 9417d8ab: debiting 128 entropy credits from nonblocking (unlimited)
[    6.310615] random 0000 0000 0000 737f19b4 9417d8ab: extract_entropy account returned: 16 
[    6.310619] random 0000 0000 0000 737f19b4 9417d8ab: urand_change_num 87 extract_buf: pool_sig fffffe22, data_sig 00000230, bytes_mixed 20 737f19b4 9417d8ab
[    6.310625] random 0000 0000 0000 4deb0d06 1236af4c: urand_change_num 88 extract_buf: pool_sig 000000b6, data_sig ffffff44, bytes_mixed 20 4deb0d06 1236af4c
[    6.311624] random 0000 0000 0000 b538fadc 4a7613df: rand_read_num 25 get_random_bytes(16): sig 0000013c b538fadc 4a7613df
[    6.311627] random 0000 0000 0000 b538fadc 4a7613df: extract_entropy(.. 16 ..)
[    6.311630] random 0000 0000 0000 b538fadc 4a7613df: going to reseed nonblocking with 128 bits (128 of 0 requested)
[    6.311632] random 0000 0000 0000 b538fadc 4a7613df: extract_entropy(.. 16 ..)
[    6.311634] random 0000 0000 0000 b538fadc 4a7613df: trying to extract 128 bits from input
[    6.311636] random 0000 0000 0000 b538fadc 4a7613df: debiting 0 entropy credits from input
[    6.311638] random 0000 0000 0000 b538fadc 4a7613df: extract_entropy account returned: 0 
[    6.311641] random 0000 0000 0000 b538fadc 4a7613df: urand_change_num 89 xfer_secondary_pool(16): pool_sig 0000013c, data_sig 00000000, bytes_mixed 0 b538fadc 4a7613df
[    6.311644] random 0000 0000 0000 b538fadc 4a7613df: trying to extract 128 bits from nonblocking
[    6.311647] random 0000 0000 0000 b538fadc 4a7613df: debiting 128 entropy credits from nonblocking (unlimited)
[    6.311649] random 0000 0000 0000 b538fadc 4a7613df: extract_entropy account returned: 16 
[    6.311653] random 0000 0000 0000 b538fadc 4a7613df: urand_change_num 90 extract_buf: pool_sig 0000013c, data_sig 00000015, bytes_mixed 20 b538fadc 4a7613df
[    6.311658] random 0000 0000 0000 b538fadc 4a7613df: urand_change_num 91 extract_buf: pool_sig 00000452, data_sig 0000002b, bytes_mixed 20 b538fadc 4a7613df
[    6.312107] random 0000 0000 0000 73b17df4 93bb370e: rand_read_num 26 get_random_bytes(16): sig fffffbf1 73b17df4 93bb370e
[    6.312110] random 0000 0000 0000 73b17df4 93bb370e: extract_entropy(.. 16 ..)
[    6.312113] random 0000 0000 0000 73b17df4 93bb370e: going to reseed nonblocking with 128 bits (128 of 0 requested)
[    6.312115] random 0000 0000 0000 73b17df4 93bb370e: extract_entropy(.. 16 ..)
[    6.312117] random 0000 0000 0000 73b17df4 93bb370e: trying to extract 128 bits from input
[    6.312119] random 0000 0000 0000 73b17df4 93bb370e: debiting 0 entropy credits from input
[    6.312121] random 0000 0000 0000 73b17df4 93bb370e: extract_entropy account returned: 0 
[    6.312124] random 0000 0000 0000 73b17df4 93bb370e: urand_change_num 92 xfer_secondary_pool(16): pool_sig fffffbf1, data_sig 00000000, bytes_mixed 0 73b17df4 93bb370e
[    6.312127] random 0000 0000 0000 73b17df4 93bb370e: trying to extract 128 bits from nonblocking
[    6.312130] random 0000 0000 0000 73b17df4 93bb370e: debiting 128 entropy credits from nonblocking (unlimited)
[    6.312132] random 0000 0000 0000 73b17df4 93bb370e: extract_entropy account returned: 16 
[    6.312136] random 0000 0000 0000 73b17df4 93bb370e: urand_change_num 93 extract_buf: pool_sig fffffbf1, data_sig ffffff99, bytes_mixed 20 73b17df4 93bb370e
[    6.312141] random 0000 0000 0000 73b17df4 93bb370e: urand_change_num 94 extract_buf: pool_sig fffffe1d, data_sig 000000b0, bytes_mixed 20 73b17df4 93bb370e
[    6.312551] random 0000 0000 0000 0cd682bb ba04da9f: rand_read_num 27 get_random_bytes(16): sig fffffccb 0cd682bb ba04da9f
[    6.312554] random 0000 0000 0000 0cd682bb ba04da9f: extract_entropy(.. 16 ..)
[    6.312557] random 0000 0000 0000 0cd682bb ba04da9f: going to reseed nonblocking with 128 bits (128 of 0 requested)
[    6.312559] random 0000 0000 0000 0cd682bb ba04da9f: extract_entropy(.. 16 ..)
[    6.312561] random 0000 0000 0000 0cd682bb ba04da9f: trying to extract 128 bits from input
[    6.312563] random 0000 0000 0000 0cd682bb ba04da9f: debiting 0 entropy credits from input
[    6.312565] random 0000 0000 0000 0cd682bb ba04da9f: extract_entropy account returned: 0 
[    6.312568] random 0000 0000 0000 0cd682bb ba04da9f: urand_change_num 95 xfer_secondary_pool(16): pool_sig fffffccb, data_sig 00000000, bytes_mixed 0 0cd682bb ba04da9f
[    6.312571] random 0000 0000 0000 0cd682bb ba04da9f: trying to extract 128 bits from nonblocking
[    6.312573] random 0000 0000 0000 0cd682bb ba04da9f: debiting 128 entropy credits from nonblocking (unlimited)
[    6.312576] random 0000 0000 0000 0cd682bb ba04da9f: extract_entropy account returned: 16 
[    6.312580] random 0000 0000 0000 0cd682bb ba04da9f: urand_change_num 96 extract_buf: pool_sig fffffccb, data_sig fffffec5, bytes_mixed 20 0cd682bb ba04da9f
[    6.312585] random 0000 0000 0000 26929f1a 15254dc1: urand_change_num 97 extract_buf: pool_sig fffffed2, data_sig ffffffb1, bytes_mixed 20 26929f1a 15254dc1
[    6.313460] random 0000 0000 0000 26929f1a 15254dc1: rand_read_num 28 get_random_bytes(16): sig 00000038 26929f1a 15254dc1
[    6.313463] random 0000 0000 0000 26929f1a 15254dc1: extract_entropy(.. 16 ..)
[    6.313466] random 0000 0000 0000 26929f1a 15254dc1: going to reseed nonblocking with 128 bits (128 of 0 requested)
[    6.313468] random 0000 0000 0000 26929f1a 15254dc1: extract_entropy(.. 16 ..)
[    6.313470] random 0000 0000 0000 26929f1a 15254dc1: trying to extract 128 bits from input
[    6.313472] random 0000 0000 0000 26929f1a 15254dc1: debiting 0 entropy credits from input
[    6.313474] random 0000 0000 0000 26929f1a 15254dc1: extract_entropy account returned: 0 
[    6.313477] random 0000 0000 0000 26929f1a 15254dc1: urand_change_num 98 xfer_secondary_pool(16): pool_sig 00000038, data_sig 00000000, bytes_mixed 0 26929f1a 15254dc1
[    6.313480] random 0000 0000 0000 26929f1a 15254dc1: trying to extract 128 bits from nonblocking
[    6.313483] random 0000 0000 0000 26929f1a 15254dc1: debiting 128 entropy credits from nonblocking (unlimited)
[    6.313485] random 0000 0000 0000 26929f1a 15254dc1: extract_entropy account returned: 16 
[    6.313489] random 0000 0000 0000 26929f1a 15254dc1: urand_change_num 99 extract_buf: pool_sig 00000038, data_sig 000000fd, bytes_mixed 20 26929f1a 15254dc1
[    6.313494] random 0000 0000 0000 8116fe3b 478c2d5b: urand_change_num 100 extract_buf: pool_sig 00000059, data_sig 00000310, bytes_mixed 20 8116fe3b 478c2d5b
[    6.320170] random 0000 0000 0000 a20f4a3a 32a6b2fa: rand_read_num 29 get_random_bytes(16): sig 000002c0 a20f4a3a 32a6b2fa
[    6.320172] random 0000 0000 0000 a20f4a3a 32a6b2fa: extract_entropy(.. 16 ..)
[    6.320175] random 0000 0000 0000 a20f4a3a 32a6b2fa: going to reseed nonblocking with 128 bits (128 of 0 requested)
[    6.320177] random 0000 0000 0000 a20f4a3a 32a6b2fa: extract_entropy(.. 16 ..)
[    6.320179] random 0000 0000 0000 a20f4a3a 32a6b2fa: trying to extract 128 bits from input
[    6.320182] random 0000 0000 0000 a20f4a3a 32a6b2fa: debiting 0 entropy credits from input
[    6.320183] random 0000 0000 0000 a20f4a3a 32a6b2fa: extract_entropy account returned: 0 
[    6.320187] random 0000 0000 0000 a20f4a3a 32a6b2fa: urand_change_num 101 xfer_secondary_pool(16): pool_sig 000002c0, data_sig 00000000, bytes_mixed 0 a20f4a3a 32a6b2fa
[    6.320189] random 0000 0000 0000 a20f4a3a 32a6b2fa: trying to extract 128 bits from nonblocking
[    6.320192] random 0000 0000 0000 a20f4a3a 32a6b2fa: debiting 128 entropy credits from nonblocking (unlimited)
[    6.320194] random 0000 0000 0000 a20f4a3a 32a6b2fa: extract_entropy account returned: 16 
[    6.320198] random 0000 0000 0000 a20f4a3a 32a6b2fa: urand_change_num 102 extract_buf: pool_sig 000002c0, data_sig 000000fb, bytes_mixed 20 a20f4a3a 32a6b2fa
[    6.320203] random 0000 0000 0000 a20f4a3a 32a6b2fa: urand_change_num 103 extract_buf: pool_sig ffffffdd, data_sig 000000a5, bytes_mixed 20 a20f4a3a 32a6b2fa
[    6.332647] random 0000 0000 0000 de716d2a 6c4757e1: rand_read_num 30 get_random_bytes(16): sig 000000fa de716d2a 6c4757e1
[    6.332650] random 0000 0000 0000 de716d2a 6c4757e1: extract_entropy(.. 16 ..)
[    6.332653] random 0000 0000 0000 de716d2a 6c4757e1: going to reseed nonblocking with 128 bits (128 of 0 requested)
[    6.332655] random 0000 0000 0000 de716d2a 6c4757e1: extract_entropy(.. 16 ..)
[    6.332657] random 0000 0000 0000 de716d2a 6c4757e1: trying to extract 128 bits from input
[    6.332659] random 0000 0000 0000 de716d2a 6c4757e1: debiting 0 entropy credits from input
[    6.332661] random 0000 0000 0000 de716d2a 6c4757e1: extract_entropy account returned: 0 
[    6.332664] random 0000 0000 0000 de716d2a 6c4757e1: urand_change_num 104 xfer_secondary_pool(16): pool_sig 000000fa, data_sig 00000000, bytes_mixed 0 de716d2a 6c4757e1
[    6.332667] random 0000 0000 0000 de716d2a 6c4757e1: trying to extract 128 bits from nonblocking
[    6.332670] random 0000 0000 0000 de716d2a 6c4757e1: debiting 128 entropy credits from nonblocking (unlimited)
[    6.332672] random 0000 0000 0000 de716d2a 6c4757e1: extract_entropy account returned: 16 
[    6.332676] random 0000 0000 0000 de716d2a 6c4757e1: urand_change_num 105 extract_buf: pool_sig 000000fa, data_sig ffffff34, bytes_mixed 20 de716d2a 6c4757e1
[    6.332681] random 0000 0000 0000 de716d2a 6c4757e1: urand_change_num 106 extract_buf: pool_sig 000003d3, data_sig ffffff30, bytes_mixed 20 de716d2a 6c4757e1
[    6.333261] random 0000 0000 0000 a7c511e1 f90ea457: rand_read_num 31 get_random_bytes(16): sig 0000009a a7c511e1 f90ea457
[    6.333264] random 0000 0000 0000 a7c511e1 f90ea457: extract_entropy(.. 16 ..)
[    6.333266] random 0000 0000 0000 a7c511e1 f90ea457: going to reseed nonblocking with 128 bits (128 of 0 requested)
[    6.333269] random 0000 0000 0000 a7c511e1 f90ea457: extract_entropy(.. 16 ..)
[    6.333271] random 0000 0000 0000 a7c511e1 f90ea457: trying to extract 128 bits from input
[    6.333273] random 0000 0000 0000 a7c511e1 f90ea457: debiting 0 entropy credits from input
[    6.333275] random 0000 0000 0000 a7c511e1 f90ea457: extract_entropy account returned: 0 
[    6.333278] random 0000 0000 0000 a7c511e1 f90ea457: urand_change_num 107 xfer_secondary_pool(16): pool_sig 0000009a, data_sig 00000000, bytes_mixed 0 a7c511e1 f90ea457
[    6.333281] random 0000 0000 0000 a7c511e1 f90ea457: trying to extract 128 bits from nonblocking
[    6.333283] random 0000 0000 0000 a7c511e1 f90ea457: debiting 128 entropy credits from nonblocking (unlimited)
[    6.333285] random 0000 0000 0000 a7c511e1 f90ea457: extract_entropy account returned: 16 
[    6.333297] random 0000 0000 0000 a7c511e1 f90ea457: urand_change_num 108 extract_buf: pool_sig 0000009a, data_sig 000000e0, bytes_mixed 20 a7c511e1 f90ea457
[    6.333302] random 0000 0000 0000 7c18c7e6 d65ccb06: urand_change_num 109 extract_buf: pool_sig fffffa79, data_sig 000000e0, bytes_mixed 20 7c18c7e6 d65ccb06
[    6.333878] random 0000 0000 0000 7c18c7e6 d65ccb06: rand_read_num 32 get_random_bytes(16): sig fffffe1e 7c18c7e6 d65ccb06
[    6.333881] random 0000 0000 0000 7c18c7e6 d65ccb06: extract_entropy(.. 16 ..)
[    6.333884] random 0000 0000 0000 7c18c7e6 d65ccb06: going to reseed nonblocking with 128 bits (128 of 0 requested)
[    6.333886] random 0000 0000 0000 7c18c7e6 d65ccb06: extract_entropy(.. 16 ..)
[    6.333888] random 0000 0000 0000 7c18c7e6 d65ccb06: trying to extract 128 bits from input
[    6.333890] random 0000 0000 0000 7c18c7e6 d65ccb06: debiting 0 entropy credits from input
[    6.333892] random 0000 0000 0000 7c18c7e6 d65ccb06: extract_entropy account returned: 0 
[    6.333895] random 0000 0000 0000 7c18c7e6 d65ccb06: urand_change_num 110 xfer_secondary_pool(16): pool_sig fffffe1e, data_sig 00000000, bytes_mixed 0 7c18c7e6 d65ccb06
[    6.333898] random 0000 0000 0000 7c18c7e6 d65ccb06: trying to extract 128 bits from nonblocking
[    6.333900] random 0000 0000 0000 7c18c7e6 d65ccb06: debiting 128 entropy credits from nonblocking (unlimited)
[    6.333903] random 0000 0000 0000 7c18c7e6 d65ccb06: extract_entropy account returned: 16 
