[    0.000000] random 0000 0000 0000 00000000 00000000: rand_read_num 1 get_random_bytes(8): sig 00000000 00000000 00000000
[    0.000000] random 0000 0000 0000 00000000 00000000: extract_entropy(.. 8 ..)
[    0.000000] random 0000 0000 0000 00000000 00000000: going to reseed nonblocking with 64 bits (64 of 0 requested)
[    0.000000] random 0000 0000 0000 00000000 00000000: extract_entropy(.. 8 ..)
[    0.000000] random 0000 0000 0000 00000000 00000000: trying to extract 64 bits from input
[    0.000000] random 0000 0000 0000 00000000 00000000: debiting 0 entropy credits from input
[    0.000000] random 0000 0000 0000 00000000 00000000: extract_entropy account returned: 0 
[    0.000000] random 0000 0000 0000 00000000 00000000: urand_change_num 1 xfer_secondary_pool(8): pool_sig 00000000, data_sig 00000000, bytes_mixed 0 00000000 00000000
[    0.000000] random 0000 0000 0000 00000000 00000000: trying to extract 64 bits from nonblocking
[    0.000000] random 0000 0000 0000 00000000 00000000: debiting 64 entropy credits from nonblocking (unlimited)
[    0.000000] random 0000 0000 0000 00000000 00000000: extract_entropy account returned: 8 
[    0.000000] random 0000 0000 0000 00000000 00000000: urand_change_num 2 extract_buf: pool_sig 00000000, data_sig fffffff9, bytes_mixed 20 00000000 00000000
[    0.000000] Linux version 2.6.32.57 (dcashman@dcashman-02) (gcc version 4.3.3 (GCC) ) #3 Fri May 24 04:27:34 PDT 2013
[    0.000000] KERNEL supported cpus:
[    0.000000]   Intel GenuineIntel
[    0.000000]   AMD AuthenticAMD
[    0.000000]   NSC Geode by NSC
[    0.000000]   Cyrix CyrixInstead
[    0.000000]   Centaur CentaurHauls
[    0.000000]   Transmeta GenuineTMx86
[    0.000000]   Transmeta TransmetaCPU
[    0.000000]   UMC UMC UMC UMC
[    0.000000] BIOS-provided physical RAM map:
[    0.000000]  BIOS-e820: 0000000000000000 - 000000000009d800 (usable)
[    0.000000]  BIOS-e820: 000000000009d800 - 00000000000a0000 (reserved)
[    0.000000]  BIOS-e820: 00000000000d2000 - 00000000000d4000 (reserved)
[    0.000000]  BIOS-e820: 00000000000e0000 - 0000000000100000 (reserved)
[    0.000000]  BIOS-e820: 0000000000100000 - 000000003d6b0000 (usable)
[    0.000000]  BIOS-e820: 000000003d6b0000 - 000000003d6cc000 (ACPI data)
[    0.000000]  BIOS-e820: 000000003d6cc000 - 000000003d700000 (ACPI NVS)
[    0.000000]  BIOS-e820: 000000003d700000 - 000000003e000000 (reserved)
[    0.000000]  BIOS-e820: 00000000f0000000 - 00000000f4000000 (reserved)
[    0.000000]  BIOS-e820: 00000000fec00000 - 00000000fec10000 (reserved)
[    0.000000]  BIOS-e820: 00000000fed00000 - 00000000fed00400 (reserved)
[    0.000000]  BIOS-e820: 00000000fed14000 - 00000000fed1a000 (reserved)
[    0.000000]  BIOS-e820: 00000000fed1c000 - 00000000fed90000 (reserved)
[    0.000000]  BIOS-e820: 00000000fee00000 - 00000000fee01000 (reserved)
[    0.000000]  BIOS-e820: 00000000ff000000 - 0000000100000000 (reserved)
[    0.000000] DMI present.
[    0.000000] last_pfn = 0x3d6b0 max_arch_pfn = 0x100000
[    0.000000] MTRR default type: uncachable
[    0.000000] MTRR fixed ranges enabled:
[    0.000000]   00000-9FFFF write-back
[    0.000000]   A0000-BFFFF uncachable
[    0.000000]   C0000-CFFFF write-protect
[    0.000000]   D0000-DFFFF uncachable
[    0.000000]   E0000-FFFFF write-protect
[    0.000000] MTRR variable ranges enabled:
[    0.000000]   0 base 03E000000 mask FFE000000 uncachable
[    0.000000]   1 base 000000000 mask FC0000000 write-back
[    0.000000]   2 base 03D700000 mask FFFF00000 uncachable
[    0.000000]   3 base 03D800000 mask FFF800000 uncachable
[    0.000000]   4 disabled
[    0.000000]   5 disabled
[    0.000000]   6 disabled
[    0.000000]   7 disabled
[    0.000000] initial memory mapped : 0 - 02000000
[    0.000000] init_memory_mapping: 0000000000000000-00000000377fe000
[    0.000000]  0000000000 - 0000400000 page 4k
[    0.000000]  0000400000 - 0037400000 page 2M
[    0.000000]  0037400000 - 00377fe000 page 4k
[    0.000000] kernel direct mapping tables up to 377fe000 @ 7000-c000
[    0.000000] ACPI: RSDP 000f68d0 00024 (v02 LENOVO)
[    0.000000] ACPI: XSDT 3d6bb77f 00094 (v01 LENOVO TP-7L    00002170  LTP 00000000)
[    0.000000] ACPI: FACP 3d6bb900 000F4 (v03 LENOVO TP-7L    00002170 LNVO 00000001)
[    0.000000] ACPI Warning: 32/64X length mismatch in Gpe1Block: 0/32 (20090903/tbfadt-526)
[    0.000000] ACPI Warning: Optional field Gpe1Block has zero address or length: 000000000000102C/0 (20090903/tbfadt-557)
[    0.000000] ACPI: DSDT 3d6bbd1d 0FED1 (v01 LENOVO TP-7L    00002170 MSFT 03000000)
[    0.000000] ACPI: FACS 3d6e4000 00040
[    0.000000] ACPI: SSDT 3d6bbab4 00269 (v01 LENOVO TP-7L    00002170 MSFT 03000000)
[    0.000000] ACPI: ECDT 3d6cbbee 00052 (v01 LENOVO TP-7L    00002170 LNVO 00000001)
[    0.000000] ACPI: TCPA 3d6cbc40 00032 (v02 LENOVO TP-7L    00002170 LNVO 00000001)
[    0.000000] ACPI: APIC 3d6cbc72 00068 (v01 LENOVO TP-7L    00002170 LNVO 00000001)
[    0.000000] ACPI: MCFG 3d6cbcda 0003C (v01 LENOVO TP-7L    00002170 LNVO 00000001)
[    0.000000] ACPI: HPET 3d6cbd16 00038 (v01 LENOVO TP-7L    00002170 LNVO 00000001)
[    0.000000] ACPI: SLIC 3d6cbdf0 00176 (v01 LENOVO TP-7L    00002170  LTP 00000000)
[    0.000000] ACPI: BOOT 3d6cbf66 00028 (v01 LENOVO TP-7L    00002170  LTP 00000001)
[    0.000000] ACPI: ASF! 3d6cbf8e 00072 (v16 LENOVO TP-7L    00002170 PTL  00000001)
[    0.000000] ACPI: SSDT 3d6e26d9 0025F (v01 LENOVO TP-7L    00002170 INTL 20050513)
[    0.000000] ACPI: SSDT 3d6e2938 000A6 (v01 LENOVO TP-7L    00002170 INTL 20050513)
[    0.000000] ACPI: SSDT 3d6e29de 004F7 (v01 LENOVO TP-7L    00002170 INTL 20050513)
[    0.000000] ACPI: SSDT 3d6e2ed5 001D8 (v01 LENOVO TP-7L    00002170 INTL 20050513)
[    0.000000] ACPI: DMI detected: Lenovo ThinkPad R61
[    0.000000] ACPI: Added _OSI(Linux)
[    0.000000] ACPI: Local APIC address 0xfee00000
[    0.000000] 94MB HIGHMEM available.
[    0.000000] 887MB LOWMEM available.
[    0.000000]   mapped low ram: 0 - 377fe000
[    0.000000]   low ram: 0 - 377fe000
[    0.000000]   node 0 low ram: 00000000 - 377fe000
[    0.000000]   node 0 bootmap 00008000 - 0000ef00
[    0.000000] (6 early reservations) ==> bootmem [0000000000 - 00377fe000]
[    0.000000]   #0 [0000000000 - 0000001000]   BIOS data page ==> [0000000000 - 0000001000]
[    0.000000]   #1 [0001000000 - 0001bdc180]    TEXT DATA BSS ==> [0001000000 - 0001bdc180]
[    0.000000]   #2 [000009d800 - 0000100000]    BIOS reserved ==> [000009d800 - 0000100000]
[    0.000000]   #3 [0001bdd000 - 0001be516c]              BRK ==> [0001bdd000 - 0001be516c]
[    0.000000]   #4 [0000007000 - 0000008000]          PGTABLE ==> [0000007000 - 0000008000]
[    0.000000]   #5 [0000008000 - 000000f000]          BOOTMAP ==> [0000008000 - 000000f000]
[    0.000000] found SMP MP-table at [c00f6900] f6900
[    0.000000] Zone PFN ranges:
[    0.000000]   DMA      0x00000000 -> 0x00001000
[    0.000000]   Normal   0x00001000 -> 0x000377fe
[    0.000000]   HighMem  0x000377fe -> 0x0003d6b0
[    0.000000] Movable zone start PFN for each node
[    0.000000] early_node_map[2] active PFN ranges
[    0.000000]     0: 0x00000000 -> 0x0000009d
[    0.000000]     0: 0x00000100 -> 0x0003d6b0
[    0.000000] On node 0 totalpages: 251469
[    0.000000] free_area_init_node: node 0, pgdat c1901ea0, node_mem_map c1be7000
[    0.000000]   DMA zone: 32 pages used for memmap
[    0.000000]   DMA zone: 0 pages reserved
[    0.000000]   DMA zone: 3965 pages, LIFO batch:0
[    0.000000]   Normal zone: 1744 pages used for memmap
[    0.000000]   Normal zone: 221486 pages, LIFO batch:31
[    0.000000]   HighMem zone: 190 pages used for memmap
[    0.000000]   HighMem zone: 24052 pages, LIFO batch:3
[    0.000000] Using APIC driver default
[    0.000000] ACPI: PM-Timer IO Port: 0x1008
[    0.000000] ACPI: Local APIC address 0xfee00000
[    0.000000] ACPI: LAPIC (acpi_id[0x00] lapic_id[0x00] enabled)
[    0.000000] ACPI: LAPIC (acpi_id[0x01] lapic_id[0x01] enabled)
[    0.000000] ACPI: NR_CPUS/possible_cpus limit of 1 reached.  Processor 1/0x1 ignored.
[    0.000000] ACPI: LAPIC_NMI (acpi_id[0x00] high edge lint[0x1])
[    0.000000] ACPI: LAPIC_NMI (acpi_id[0x01] high edge lint[0x1])
[    0.000000] ACPI: IOAPIC (id[0x01] address[0xfec00000] gsi_base[0])
[    0.000000] IOAPIC[0]: apic_id 1, version 32, address 0xfec00000, GSI 0-23
[    0.000000] ACPI: INT_SRC_OVR (bus 0 bus_irq 0 global_irq 2 dfl dfl)
[    0.000000] ACPI: INT_SRC_OVR (bus 0 bus_irq 9 global_irq 9 high level)
[    0.000000] ACPI: IRQ0 used by override.
[    0.000000] ACPI: IRQ2 used by override.
[    0.000000] ACPI: IRQ9 used by override.
[    0.000000] Using ACPI (MADT) for SMP configuration information
[    0.000000] ACPI: HPET id: 0x8086a201 base: 0xfed00000
[    0.000000] nr_irqs_gsi: 24
[    0.000000] PM: Registered nosave memory: 000000000009d000 - 000000000009e000
[    0.000000] PM: Registered nosave memory: 000000000009e000 - 00000000000a0000
[    0.000000] PM: Registered nosave memory: 00000000000a0000 - 00000000000d2000
[    0.000000] PM: Registered nosave memory: 00000000000d2000 - 00000000000d4000
[    0.000000] PM: Registered nosave memory: 00000000000d4000 - 00000000000e0000
[    0.000000] PM: Registered nosave memory: 00000000000e0000 - 0000000000100000
[    0.000000] Allocating PCI resources starting at 3e000000 (gap: 3e000000:b2000000)
[    0.000000] Built 1 zonelists in Zone order, mobility grouping on.  Total pages: 249503
[    0.000000] Kernel command line: auto BOOT_IMAGE=Linux ro root=802 vt.default_utf8=0 maxcpus=0
[    0.000000] PID hash table entries: 4096 (order: 2, 16384 bytes)
[    0.000000] Dentry cache hash table entries: 131072 (order: 7, 524288 bytes)
[    0.000000] Inode-cache hash table entries: 65536 (order: 6, 262144 bytes)
[    0.000000] Enabling fast FPU save and restore... done.
[    0.000000] Enabling unmasked SIMD FPU exception support... done.
[    0.000000] Initializing CPU#0
[    0.000000] Initializing HighMem for node 0 (000377fe:0003d6b0)
[    0.000000] Memory: 984800k/1006272k available (6914k kernel code, 20876k reserved, 2328k data, 448k init, 96968k highmem)
[    0.000000] virtual kernel memory layout:
[    0.000000]     fixmap  : 0xfffa3000 - 0xfffff000   ( 368 kB)
[    0.000000]     pkmap   : 0xff800000 - 0xffc00000   (4096 kB)
[    0.000000]     vmalloc : 0xf7ffe000 - 0xff7fe000   ( 120 MB)
[    0.000000]     lowmem  : 0xc0000000 - 0xf77fe000   ( 887 MB)
[    0.000000]       .init : 0xc1907000 - 0xc1977000   ( 448 kB)
[    0.000000]       .data : 0xc16c0b5f - 0xc1906c64   (2328 kB)
[    0.000000]       .text : 0xc1000000 - 0xc16c0b5f   (6914 kB)
[    0.000000] Checking if this processor honours the WP bit even in supervisor mode...Ok.
[    0.000000] SLUB: Genslabs=13, HWalign=64, Order=0-3, MinObjects=0, CPUs=1, Nodes=1
[    0.000000] Hierarchical RCU implementation.
[    0.000000] NR_IRQS:288
[    0.000000] Extended CMOS year: 2000
[    0.000000] Console: colour VGA+ 80x25
[    0.000000] console [tty0] enabled
[    0.000000] hpet clockevent registered
[    0.000000] Fast TSC calibration using PIT
[    0.000000] Detected 2094.706 MHz processor.
[    0.002001] Calibrating delay loop (skipped), value calculated using timer frequency.. 4189.41 BogoMIPS (lpj=2094706)
[    0.002180] Security Framework initialized
[    0.002264] Mount-cache hash table entries: 512
[    0.002411] CPU: L1 I cache: 32K, L1 D cache: 32K
[    0.002547] CPU: L2 cache: 3072K
[    0.002629] mce: CPU supports 6 MCE banks
[    0.002715] CPU0: Thermal monitoring enabled (TM2)
[    0.002801] using mwait in idle threads.
[    0.002882] CPU: Intel(R) Core(TM)2 Duo CPU     T8100  @ 2.10GHz stepping 06
[    0.003135] Checking 'hlt' instruction... OK.
[    0.007938] ACPI: Core revision 20090903
[    0.027018] CANARY value: a3667678 for PID: 1
[    0.027048] Enabling APIC mode:  Flat.  Using 1 I/O APICs
[    0.028351] ..TIMER: vector=0x30 apic1=0 pin1=2 apic2=-1 pin2=-1
[    0.038997] xor: automatically using best checksumming function: pIII_sse
[    0.042998]    pIII_sse  :  8568.000 MB/sec
[    0.043085] xor: using function: pIII_sse (8568.000 MB/sec)
[    0.043178] RANDOM - __seed init called.
[    0.043179] RANDOM - __seed init called.
[    0.043180] RANDOM - __seed init called.
[    0.043181] RANDOM - __random32 called. Change num 1.  Value: 870e7b8	f6ea009	16c0ad5a
[    0.043183] RANDOM - __random32 called. Change num 2.  Value: e7b8290	f6ea0099	5ab418b8
[    0.043185] RANDOM - __random32 called. Change num 3.  Value: b8290fc5	6ea00996	3171e29b
[    0.043187] RANDOM - __random32 called. Change num 4.  Value: 90fc533a	ea00996a	c5375fde
[    0.043188] RANDOM - __random32 called. Change num 5.  Value: c533a353	a00996a1	bfbd91b4
[    0.043190] RANDOM - __random32 called. Change num 6.  Value: 3a35362b	996a10	23684a23
[    0.043192] RANDOM - random32 init called.  Value: 3a35362b	996a10	23684a23
[    0.043209] NET: Registered protocol family 16
[    0.043475] ACPI FADT declares the system doesn't support PCIe ASPM, so disable it
[    0.043598] ACPI: bus type pci registered
[    0.043766] PCI: MCFG configuration 0: base f0000000 segment 0 buses 0 - 63
[    0.043859] PCI: MCFG area at f0000000 reserved in E820
[    0.043946] PCI: Using MMCONFIG for extended config space
[    0.044002] PCI: Using configuration type 1 for base access
[    0.047158] bio: create slab <bio-0> at 0
[    0.047970] ACPI: EC: EC description table is found, configuring boot EC
[    0.053140] ACPI: BIOS _OSI(Linux) query honored via DMI
[    0.053867] random 0000 0000 0000 00000000 00000000: rand_read_num 2 get_random_bytes(8): sig fffffe1a 00000000 00000000
[    0.053870] random 0000 0000 0000 00000000 00000000: extract_entropy(.. 8 ..)
[    0.053872] random 0000 0000 0000 00000000 00000000: going to reseed nonblocking with 64 bits (64 of 0 requested)
[    0.053875] random 0000 0000 0000 00000000 00000000: extract_entropy(.. 8 ..)
[    0.053877] random 0000 0000 0000 00000000 00000000: trying to extract 64 bits from input
[    0.053879] random 0000 0000 0000 00000000 00000000: debiting 0 entropy credits from input
[    0.053880] random 0000 0000 0000 00000000 00000000: extract_entropy account returned: 0 
[    0.053910] random 0000 0000 0000 00000000 00000000: urand_change_num 3 xfer_secondary_pool(8): pool_sig fffffe1a, data_sig 00000000, bytes_mixed 0 00000000 00000000
[    0.053913] random 0000 0000 0000 00000000 00000000: trying to extract 64 bits from nonblocking
[    0.053916] random 0000 0000 0000 00000000 00000000: debiting 64 entropy credits from nonblocking (unlimited)
[    0.053918] random 0000 0000 0000 00000000 00000000: extract_entropy account returned: 8 
[    0.053922] random 0000 0000 0000 00000000 00000000: urand_change_num 4 extract_buf: pool_sig fffffe1a, data_sig fffffed7, bytes_mixed 20 00000000 00000000
[    0.058531] ACPI: Interpreter enabled
[    0.058636] ACPI: (supports S0 S3 S4 S5)
[    0.058964] ACPI: Using IOAPIC for interrupt routing
[    0.068737] ACPI: EC: GPE = 0x12, I/O: command/status = 0x66, data = 0x62
[    0.069041] ACPI: Power Resource [PUBS] (on)
[    0.071166] ACPI: ACPI Dock Station Driver: 3 docks/bays found
[    0.071574] ACPI: PCI Root Bridge [PCI0] (0000:00)
[    0.071746] pci 0000:00:02.0: reg 10 64bit mmio: [0xf8100000-0xf81fffff]
[    0.071752] pci 0000:00:02.0: reg 18 64bit mmio pref: [0xe0000000-0xefffffff]
[    0.071756] pci 0000:00:02.0: reg 20 io port: [0x1800-0x1807]
[    0.071790] pci 0000:00:02.1: reg 10 64bit mmio: [0xf8200000-0xf82fffff]
[    0.071891] pci 0000:00:19.0: reg 10 32bit mmio: [0xfe000000-0xfe01ffff]
[    0.071900] pci 0000:00:19.0: reg 14 32bit mmio: [0xfe025000-0xfe025fff]
[    0.071909] pci 0000:00:19.0: reg 18 io port: [0x1840-0x185f]
[    0.071979] pci 0000:00:19.0: PME# supported from D0 D3hot D3cold
[    0.072003] pci 0000:00:19.0: PME# disabled
[    0.072153] pci 0000:00:1a.0: reg 20 io port: [0x1860-0x187f]
[    0.072236] pci 0000:00:1a.1: reg 20 io port: [0x1880-0x189f]
[    0.072326] pci 0000:00:1a.7: reg 10 32bit mmio: [0xfe226c00-0xfe226fff]
[    0.072408] pci 0000:00:1a.7: PME# supported from D0 D3hot D3cold
[    0.072503] pci 0000:00:1a.7: PME# disabled
[    0.072648] pci 0000:00:1b.0: reg 10 64bit mmio: [0xfe020000-0xfe023fff]
[    0.072731] pci 0000:00:1b.0: PME# supported from D0 D3hot D3cold
[    0.072821] pci 0000:00:1b.0: PME# disabled
[    0.073114] pci 0000:00:1c.0: PME# supported from D0 D3hot D3cold
[    0.073209] pci 0000:00:1c.0: PME# disabled
[    0.073419] pci 0000:00:1c.1: PME# supported from D0 D3hot D3cold
[    0.073523] pci 0000:00:1c.1: PME# disabled
[    0.073737] pci 0000:00:1c.2: PME# supported from D0 D3hot D3cold
[    0.073833] pci 0000:00:1c.2: PME# disabled
[    0.074042] pci 0000:00:1c.3: PME# supported from D0 D3hot D3cold
[    0.074138] pci 0000:00:1c.3: PME# disabled
[    0.075005] pci 0000:00:1c.4: PME# supported from D0 D3hot D3cold
[    0.075102] pci 0000:00:1c.4: PME# disabled
[    0.075272] pci 0000:00:1d.0: reg 20 io port: [0x18a0-0x18bf]
[    0.075359] pci 0000:00:1d.1: reg 20 io port: [0x18c0-0x18df]
[    0.075434] pci 0000:00:1d.2: reg 20 io port: [0x18e0-0x18ff]
[    0.075526] pci 0000:00:1d.7: reg 10 32bit mmio: [0xfe227000-0xfe2273ff]
[    0.075618] pci 0000:00:1d.7: PME# supported from D0 D3hot D3cold
[    0.075713] pci 0000:00:1d.7: PME# disabled
[    0.076004] pci 0000:00:1f.0: quirk: region 1000-107f claimed by ICH6 ACPI/GPIO/TCO
[    0.076130] pci 0000:00:1f.0: quirk: region 1180-11bf claimed by ICH6 GPIO
[    0.076231] pci 0000:00:1f.0: ICH7 LPC Generic IO decode 1 PIO at 1600 (mask 007f)
[    0.076352] pci 0000:00:1f.0: ICH7 LPC Generic IO decode 2 PIO at 15e0 (mask 000f)
[    0.076479] pci 0000:00:1f.0: ICH7 LPC Generic IO decode 3 PIO at 1680 (mask 001f)
[    0.076693] pci 0000:00:1f.1: reg 10 io port: [0x00-0x07]
[    0.076705] pci 0000:00:1f.1: reg 14 io port: [0x00-0x03]
[    0.076714] pci 0000:00:1f.1: reg 18 io port: [0x00-0x07]
[    0.076723] pci 0000:00:1f.1: reg 1c io port: [0x00-0x03]
[    0.076731] pci 0000:00:1f.1: reg 20 io port: [0x1c00-0x1c0f]
[    0.076814] pci 0000:00:1f.2: reg 10 io port: [0x1c50-0x1c57]
[    0.076824] pci 0000:00:1f.2: reg 14 io port: [0x1c44-0x1c47]
[    0.076830] pci 0000:00:1f.2: reg 18 io port: [0x1c48-0x1c4f]
[    0.076839] pci 0000:00:1f.2: reg 1c io port: [0x1c40-0x1c43]
[    0.076847] pci 0000:00:1f.2: reg 20 io port: [0x1c20-0x1c3f]
[    0.076857] pci 0000:00:1f.2: reg 24 32bit mmio: [0xfe226000-0xfe2267ff]
[    0.076916] pci 0000:00:1f.2: PME# supported from D3hot
[    0.076999] pci 0000:00:1f.2: PME# disabled
[    0.077117] pci 0000:00:1f.3: reg 10 32bit mmio: [0xfe227400-0xfe2274ff]
[    0.077142] pci 0000:00:1f.3: reg 20 io port: [0x1c60-0x1c7f]
[    0.077238] pci 0000:00:1c.0: bridge io port: [0x2000-0x2fff]
[    0.077244] pci 0000:00:1c.0: bridge 32bit mmio: [0xfc000000-0xfdffffff]
[    0.077253] pci 0000:00:1c.0: bridge 64bit mmio pref: [0xf8000000-0xf80fffff]
[    0.077324] pci 0000:03:00.0: reg 10 64bit mmio: [0xdf3f0000-0xdf3fffff]
[    0.077518] pci 0000:00:1c.1: bridge io port: [0x3000-0x3fff]
[    0.077524] pci 0000:00:1c.1: bridge 32bit mmio: [0xdc000000-0xdf3fffff]
[    0.077532] pci 0000:00:1c.1: bridge 64bit mmio pref: [0xdfe00000-0xdfefffff]
[    0.077587] pci 0000:00:1c.2: bridge io port: [0x4000-0x4fff]
[    0.077594] pci 0000:00:1c.2: bridge 32bit mmio: [0xd8000000-0xd9ffffff]
[    0.077601] pci 0000:00:1c.2: bridge 64bit mmio pref: [0xdfb00000-0xdfbfffff]
[    0.077659] pci 0000:00:1c.3: bridge io port: [0x5000-0x5fff]
[    0.077663] pci 0000:00:1c.3: bridge 32bit mmio: [0xd4000000-0xd5ffffff]
[    0.077672] pci 0000:00:1c.3: bridge 64bit mmio pref: [0xdf800000-0xdf8fffff]
[    0.077729] pci 0000:00:1c.4: bridge io port: [0x6000-0x6fff]
[    0.077735] pci 0000:00:1c.4: bridge 32bit mmio: [0xd0000000-0xd1ffffff]
[    0.077744] pci 0000:00:1c.4: bridge 64bit mmio pref: [0xdf500000-0xdf5fffff]
[    0.077808] pci 0000:15:00.0: reg 10 32bit mmio: [0xf8300000-0xf8300fff]
[    0.077860] pci 0000:15:00.0: supports D1 D2
[    0.077861] pci 0000:15:00.0: PME# supported from D0 D1 D2 D3hot D3cold
[    0.077956] pci 0000:15:00.0: PME# disabled
[    0.078051] pci 0000:15:00.1: reg 10 32bit mmio: [0xf8301000-0xf83017ff]
[    0.078147] pci 0000:15:00.1: supports D1 D2
[    0.078148] pci 0000:15:00.1: PME# supported from D0 D1 D2 D3hot D3cold
[    0.078251] pci 0000:15:00.1: PME# disabled
[    0.078429] pci 0000:00:1e.0: transparent bridge
[    0.078529] pci 0000:00:1e.0: bridge io port: [0x7000-0xafff]
[    0.078535] pci 0000:00:1e.0: bridge 32bit mmio: [0xf8300000-0xfbffffff]
[    0.078544] pci 0000:00:1e.0: bridge 64bit mmio pref: [0xf4000000-0xf7ffffff]
[    0.078611] pci_bus 0000:00: on NUMA node 0
[    0.078615] ACPI: PCI Interrupt Routing Table [\_SB_.PCI0._PRT]
[    0.078748] ACPI: PCI Interrupt Routing Table [\_SB_.PCI0.EXP0._PRT]
[    0.078807] ACPI: PCI Interrupt Routing Table [\_SB_.PCI0.EXP1._PRT]
[    0.078865] ACPI: PCI Interrupt Routing Table [\_SB_.PCI0.EXP2._PRT]
[    0.079007] ACPI: PCI Interrupt Routing Table [\_SB_.PCI0.EXP3._PRT]
[    0.079071] ACPI: PCI Interrupt Routing Table [\_SB_.PCI0.EXP4._PRT]
[    0.079134] ACPI: PCI Interrupt Routing Table [\_SB_.PCI0.PCI1._PRT]
[    0.084579] ACPI: PCI Interrupt Link [LNKA] (IRQs 3 4 5 6 7 9 *10 11)
[    0.085361] ACPI: PCI Interrupt Link [LNKB] (IRQs 3 4 5 6 7 9 10 *11)
[    0.086159] ACPI: PCI Interrupt Link [LNKC] (IRQs 3 4 5 6 7 9 10 *11)
[    0.087062] ACPI: PCI Interrupt Link [LNKD] (IRQs 3 4 5 6 7 9 10 *11)
[    0.087885] ACPI: PCI Interrupt Link [LNKE] (IRQs 3 4 5 6 7 9 10 *11)
[    0.088663] ACPI: PCI Interrupt Link [LNKF] (IRQs 3 4 5 6 7 9 10 *11)
[    0.089472] ACPI: PCI Interrupt Link [LNKG] (IRQs 3 4 5 6 7 9 10 *11)
[    0.090315] ACPI: PCI Interrupt Link [LNKH] (IRQs 3 4 5 6 7 9 10 *11)
[    0.091105] vgaarb: device added: PCI:0000:00:02.0,decodes=io+mem,owns=io+mem,locks=none
[    0.091232] vgaarb: loaded
[    0.091421] SCSI subsystem initialized
[    0.091519] libata version 3.00 loaded.
[    0.091566] usbcore: registered new interface driver usbfs
[    0.091688] usbcore: registered new interface driver hub
[    0.091801] usbcore: registered new device driver usb
[    0.108035] raid6: int32x1    941 MB/s
[    0.125057] raid6: int32x2    890 MB/s
[    0.141989] raid6: int32x4    746 MB/s
[    0.158985] raid6: int32x8    656 MB/s
[    0.175983] raid6: mmxx1     2878 MB/s
[    0.192981] raid6: mmxx2     3269 MB/s
[    0.209998] raid6: sse1x1    1937 MB/s
[    0.226996] raid6: sse1x2    2535 MB/s
[    0.243977] raid6: sse2x1    3507 MB/s
[    0.260971] raid6: sse2x2    3832 MB/s
[    0.261058] raid6: using algorithm sse2x2 (3832 MB/s)
[    0.261151] PCI: Using ACPI for IRQ routing
[    0.261455] HPET: 3 timers in total, 0 timers will be used for per-cpu timer
[    0.261996] Switching to clocksource tsc
[    0.262098] pnp: PnP ACPI init
[    0.262196] ACPI: bus type pnp registered
[    0.265817] pnp: PnP ACPI: found 11 devices
[    0.265920] ACPI: ACPI bus type pnp unregistered
[    0.266014] system 00:00: iomem range 0x0-0x9ffff could not be reserved
[    0.266106] system 00:00: iomem range 0xc0000-0xc3fff could not be reserved
[    0.266206] system 00:00: iomem range 0xc4000-0xc7fff could not be reserved
[    0.266306] system 00:00: iomem range 0xc8000-0xcbfff has been reserved
[    0.266394] system 00:00: iomem range 0xcc000-0xcffff has been reserved
[    0.266484] system 00:00: iomem range 0xd0000-0xd3fff could not be reserved
[    0.266574] system 00:00: iomem range 0xe0000-0xe3fff could not be reserved
[    0.266669] system 00:00: iomem range 0xe4000-0xe7fff could not be reserved
[    0.266767] system 00:00: iomem range 0xe8000-0xebfff could not be reserved
[    0.266863] system 00:00: iomem range 0xec000-0xeffff could not be reserved
[    0.266959] system 00:00: iomem range 0xf0000-0xfffff could not be reserved
[    0.267059] system 00:00: iomem range 0x100000-0x3dffffff could not be reserved
[    0.267179] system 00:00: iomem range 0xfec00000-0xfed3ffff could not be reserved
[    0.267303] system 00:00: iomem range 0xfed4c000-0xffffffff could not be reserved
[    0.267432] system 00:02: ioport range 0x164e-0x164f has been reserved
[    0.267528] system 00:02: ioport range 0x1000-0x107f has been reserved
[    0.267629] system 00:02: ioport range 0x1180-0x11bf has been reserved
[    0.267721] system 00:02: ioport range 0x800-0x80f has been reserved
[    0.267813] system 00:02: ioport range 0x15e0-0x15ef has been reserved
[    0.267907] system 00:02: ioport range 0x1600-0x165f could not be reserved
[    0.267998] system 00:02: iomem range 0xf0000000-0xf3ffffff has been reserved
[    0.268098] system 00:02: iomem range 0xfed1c000-0xfed1ffff has been reserved
[    0.268203] system 00:02: iomem range 0xfed14000-0xfed17fff has been reserved
[    0.268314] system 00:02: iomem range 0xfed18000-0xfed18fff has been reserved
[    0.268415] system 00:02: iomem range 0xfed19000-0xfed19fff has been reserved
[    0.268508] system 00:02: iomem range 0xfed45000-0xfed4bfff has been reserved
[    0.303551] pci 0000:00:1c.0: PCI bridge, secondary bus 0000:02
[    0.303650] pci 0000:00:1c.0:   IO window: 0x2000-0x2fff
[    0.303747] pci 0000:00:1c.0:   MEM window: 0xfc000000-0xfdffffff
[    0.303845] pci 0000:00:1c.0:   PREFETCH window: 0x000000f8000000-0x000000f80fffff
[    0.303974] pci 0000:00:1c.1: PCI bridge, secondary bus 0000:03
[    0.304067] pci 0000:00:1c.1:   IO window: 0x3000-0x3fff
[    0.304163] pci 0000:00:1c.1:   MEM window: 0xdc000000-0xdf3fffff
[    0.304256] pci 0000:00:1c.1:   PREFETCH window: 0x000000dfe00000-0x000000dfefffff
[    0.304380] pci 0000:00:1c.2: PCI bridge, secondary bus 0000:04
[    0.304480] pci 0000:00:1c.2:   IO window: 0x4000-0x4fff
[    0.304575] pci 0000:00:1c.2:   MEM window: 0xd8000000-0xd9ffffff
[    0.304673] pci 0000:00:1c.2:   PREFETCH window: 0x000000dfb00000-0x000000dfbfffff
[    0.304803] pci 0000:00:1c.3: PCI bridge, secondary bus 0000:05
[    0.304900] pci 0000:00:1c.3:   IO window: 0x5000-0x5fff
[    0.304992] pci 0000:00:1c.3:   MEM window: 0xd4000000-0xd5ffffff
[    0.305088] pci 0000:00:1c.3:   PREFETCH window: 0x000000df800000-0x000000df8fffff
[    0.305217] pci 0000:00:1c.4: PCI bridge, secondary bus 0000:0d
[    0.305322] pci 0000:00:1c.4:   IO window: 0x6000-0x6fff
[    0.305418] pci 0000:00:1c.4:   MEM window: 0xd0000000-0xd1ffffff
[    0.305513] pci 0000:00:1c.4:   PREFETCH window: 0x000000df500000-0x000000df5fffff
[    0.305641] pci 0000:15:00.0: CardBus bridge, secondary bus 0000:16
[    0.305739] pci 0000:15:00.0:   IO window: 0x007000-0x0070ff
[    0.305844] pci 0000:15:00.0:   IO window: 0x007400-0x0074ff
[    0.305941] pci 0000:15:00.0:   PREFETCH window: 0xf4000000-0xf7ffffff
[    0.306038] pci 0000:15:00.0:   MEM window: 0x40000000-0x43ffffff
[    0.306137] pci 0000:00:1e.0: PCI bridge, secondary bus 0000:15
[    0.306234] pci 0000:00:1e.0:   IO window: 0x7000-0xafff
[    0.306335] pci 0000:00:1e.0:   MEM window: 0xf8300000-0xfbffffff
[    0.306435] pci 0000:00:1e.0:   PREFETCH window: 0x000000f4000000-0x000000f7ffffff
[    0.306586] pci 0000:00:1c.0: PCI INT A -> GSI 20 (level, low) -> IRQ 20
[    0.306681] pci 0000:00:1c.0: setting latency timer to 64
[    0.306695] pci 0000:00:1c.1: PCI INT B -> GSI 21 (level, low) -> IRQ 21
[    0.306788] pci 0000:00:1c.1: setting latency timer to 64
[    0.306802] pci 0000:00:1c.2: PCI INT C -> GSI 22 (level, low) -> IRQ 22
[    0.306905] pci 0000:00:1c.2: setting latency timer to 64
[    0.306918] pci 0000:00:1c.3: PCI INT D -> GSI 23 (level, low) -> IRQ 23
[    0.307019] pci 0000:00:1c.3: setting latency timer to 64
[    0.307030] pci 0000:00:1c.4: PCI INT A -> GSI 20 (level, low) -> IRQ 20
[    0.307125] pci 0000:00:1c.4: setting latency timer to 64
[    0.307129] pci 0000:00:1e.0: enabling device (0005 -> 0007)
[    0.307224] pci 0000:00:1e.0: setting latency timer to 64
[    0.307242] pci 0000:15:00.0: PCI INT A -> GSI 16 (level, low) -> IRQ 16
[    0.307339] pci 0000:15:00.0: setting latency timer to 64
[    0.307345] pci_bus 0000:00: resource 0 io:  [0x00-0xffff]
[    0.307347] pci_bus 0000:00: resource 1 mem: [0x000000-0xffffffff]
[    0.307349] pci_bus 0000:02: resource 0 io:  [0x2000-0x2fff]
[    0.307351] pci_bus 0000:02: resource 1 mem: [0xfc000000-0xfdffffff]
[    0.307353] pci_bus 0000:02: resource 2 pref mem [0xf8000000-0xf80fffff]
[    0.307355] pci_bus 0000:03: resource 0 io:  [0x3000-0x3fff]
[    0.307357] pci_bus 0000:03: resource 1 mem: [0xdc000000-0xdf3fffff]
[    0.307358] pci_bus 0000:03: resource 2 pref mem [0xdfe00000-0xdfefffff]
[    0.307360] pci_bus 0000:04: resource 0 io:  [0x4000-0x4fff]
[    0.307362] pci_bus 0000:04: resource 1 mem: [0xd8000000-0xd9ffffff]
[    0.307364] pci_bus 0000:04: resource 2 pref mem [0xdfb00000-0xdfbfffff]
[    0.307366] pci_bus 0000:05: resource 0 io:  [0x5000-0x5fff]
[    0.307367] pci_bus 0000:05: resource 1 mem: [0xd4000000-0xd5ffffff]
[    0.307369] pci_bus 0000:05: resource 2 pref mem [0xdf800000-0xdf8fffff]
[    0.307371] pci_bus 0000:0d: resource 0 io:  [0x6000-0x6fff]
[    0.307373] pci_bus 0000:0d: resource 1 mem: [0xd0000000-0xd1ffffff]
[    0.307374] pci_bus 0000:0d: resource 2 pref mem [0xdf500000-0xdf5fffff]
[    0.307376] pci_bus 0000:15: resource 0 io:  [0x7000-0xafff]
[    0.307378] pci_bus 0000:15: resource 1 mem: [0xf8300000-0xfbffffff]
[    0.307380] pci_bus 0000:15: resource 2 pref mem [0xf4000000-0xf7ffffff]
[    0.307381] pci_bus 0000:15: resource 3 io:  [0x00-0xffff]
[    0.307383] pci_bus 0000:15: resource 4 mem: [0x000000-0xffffffff]
[    0.307385] pci_bus 0000:16: resource 0 io:  [0x7000-0x70ff]
[    0.307386] pci_bus 0000:16: resource 1 io:  [0x7400-0x74ff]
[    0.307388] pci_bus 0000:16: resource 2 pref mem [0xf4000000-0xf7ffffff]
[    0.307390] pci_bus 0000:16: resource 3 mem: [0x40000000-0x43ffffff]
[    0.307398] NET: Registered protocol family 2
[    0.307489] RANDOM - __random32 called. Change num 7.  Value: 5362b39e	996a101	94470543
[    0.307491] RANDOM - random32 called.  Value: 5362b39e	996a101	94470543
[    0.307495] random 0000 0000 0000 5f8db4e5 4cfdf2a8: rand_read_num 3 get_random_bytes(4): sig fffffb64 5f8db4e5 4cfdf2a8
[    0.307497] random 0000 0000 0000 5f8db4e5 4cfdf2a8: extract_entropy(.. 4 ..)
[    0.307500] random 0000 0000 0000 5f8db4e5 4cfdf2a8: going to reseed nonblocking with 64 bits (32 of 0 requested)
[    0.307502] random 0000 0000 0000 5f8db4e5 4cfdf2a8: extract_entropy(.. 8 ..)
[    0.307504] random 0000 0000 0000 5f8db4e5 4cfdf2a8: trying to extract 64 bits from input
[    0.307506] random 0000 0000 0000 5f8db4e5 4cfdf2a8: debiting 0 entropy credits from input
[    0.307508] random 0000 0000 0000 5f8db4e5 4cfdf2a8: extract_entropy account returned: 0 
[    0.307511] random 0000 0000 0000 5f8db4e5 4cfdf2a8: urand_change_num 5 xfer_secondary_pool(4): pool_sig fffffb64, data_sig 00000000, bytes_mixed 0 5f8db4e5 4cfdf2a8
[    0.307514] random 0000 0000 0000 5f8db4e5 4cfdf2a8: trying to extract 32 bits from nonblocking
[    0.307516] random 0000 0000 0000 5f8db4e5 4cfdf2a8: debiting 32 entropy credits from nonblocking (unlimited)
[    0.307518] random 0000 0000 0000 5f8db4e5 4cfdf2a8: extract_entropy account returned: 4 
[    0.307523] random 0000 0000 0000 5f8db4e5 4cfdf2a8: urand_change_num 6 extract_buf: pool_sig fffffb64, data_sig 00000241, bytes_mixed 20 5f8db4e5 4cfdf2a8
[    0.307532] IP route cache hash table entries: 32768 (order: 5, 131072 bytes)
[    0.307659] RANDOM - __random32 called. Change num 8.  Value: 2b39e0a2	996a1017	a86cfe5
[    0.307661] RANDOM - random32 called.  Value: 2b39e0a2	996a1017	a86cfe5
[    0.307672] RANDOM - __random32 called. Change num 9.  Value: 9e0a22e5	96a1017e	9fcbd616
[    0.307674] RANDOM - random32 called.  Value: 9e0a22e5	96a1017e	9fcbd616
[    0.307675] RANDOM - __random32 called. Change num 10.  Value: a22e5b4a	6a1017e6	ac2c32ac
[    0.307677] RANDOM - random32 called.  Value: a22e5b4a	6a1017e6	ac2c32ac
[    0.307687] RANDOM - __random32 called. Change num 11.  Value: e5b4ad28	a1017e61	6559a9b4
[    0.307689] RANDOM - random32 called.  Value: e5b4ad28	a1017e61	6559a9b4
[    0.307699] TCP established hash table entries: 131072 (order: 8, 1048576 bytes)
[    0.308198] TCP bind hash table entries: 65536 (order: 6, 262144 bytes)
[    0.308388] TCP: Hash tables configured (established 131072 bind 65536)
[    0.308481] TCP reno registered
[    0.308585] NET: Registered protocol family 1
[    0.308702] RPC: Registered udp transport module.
[    0.308801] RPC: Registered tcp transport module.
[    0.308907] RPC: Registered tcp NFSv4.1 backchannel transport module.
[    0.309002] pci 0000:00:02.0: Boot video device
[    0.309214] Simple Boot Flag at 0x35 set to 0x1
[    0.309732] highmem bounce pool size: 64 pages
[    0.311298] VFS: Disk quotas dquot_6.5.2
[    0.311425] Dquot-cache hash table entries: 1024 (order 0, 4096 bytes)
[    0.312104] NTFS driver 2.1.29 [Flags: R/W].
[    0.312264] ROMFS MTD (C) 2007 Red Hat, Inc.
[    0.312474] JFS: nTxBlock = 7695, nTxLock = 61562
[    0.314942] SGI XFS with ACLs, security attributes, large block/inode numbers, no debug enabled
[    0.315434] SGI XFS Quota Management subsystem
[    0.315714] Slow work thread pool: Starting up
[    0.315816] Slow work thread pool: Ready
[    0.315945] GFS2 (built May 24 2013 02:47:17) installed
[    0.316041] msgmni has been set to 1734
[    0.316208] alg: No test for cipher_null (cipher_null-generic)
[    0.316309] alg: No test for ecb(cipher_null) (ecb-cipher_null)
[    0.316408] alg: No test for digest_null (digest_null-generic)
[    0.316515] alg: No test for compress_null (compress_null-generic)
[    0.317097] alg: No test for fcrypt (fcrypt-generic)
[    0.318506] alg: No test for stdrng (krng)
[    0.318602] async_tx: api initialized (async)
[    0.318754] Block layer SCSI generic (bsg) driver version 0.4 loaded (major 254)
[    0.318899] io scheduler noop registered
[    0.318996] io scheduler anticipatory registered
[    0.319090] io scheduler deadline registered
[    0.319229] io scheduler cfq registered (default)
[    0.319469] pcieport 0000:00:1c.0: irq 24 for MSI/MSI-X
[    0.319486] pcieport 0000:00:1c.0: setting latency timer to 64
[    0.319667] pcieport 0000:00:1c.1: irq 25 for MSI/MSI-X
[    0.319678] pcieport 0000:00:1c.1: setting latency timer to 64
[    0.319878] pcieport 0000:00:1c.2: irq 26 for MSI/MSI-X
[    0.319890] pcieport 0000:00:1c.2: setting latency timer to 64
[    0.320068] pcieport 0000:00:1c.3: irq 27 for MSI/MSI-X
[    0.320080] pcieport 0000:00:1c.3: setting latency timer to 64
[    0.320254] pcieport 0000:00:1c.4: irq 28 for MSI/MSI-X
[    0.320266] pcieport 0000:00:1c.4: setting latency timer to 64
[    0.320409] pci_hotplug: PCI Hot Plug PCI Core version: 0.5
[    0.320603] isapnp: Scanning for PnP cards...
[    0.681135] isapnp: No Plug & Play device found
[    0.681234] random 0000 0000 0000 5f8db4e5 4cfdf2a8: initializing
[    0.700754] Serial: 8250/16550 driver, 4 ports, IRQ sharing enabled
[    3.711724] floppy0: no floppy controllers found
[    3.712668] brd: module loaded
[    3.713176] loop: module loaded
[    3.713273] Compaq SMART2 Driver (v 2.6.0)
[    3.713402] HP CISS Driver (v 3.6.20)
[    3.713651] input: Macintosh mouse button emulation as /devices/virtual/input/input0
[    3.713794] Uniform Multi-Platform E-IDE driver
[    3.714018] piix 0000:00:1f.1: IDE controller (0x8086:0x2850 rev 0x03)
[    3.714120] pci 0000:00:1f.1: PCI INT C -> GSI 16 (level, low) -> IRQ 16
[    3.714228] piix 0000:00:1f.1: IDE port disabled
[    3.714321] piix 0000:00:1f.1: not 100% native mode: will probe irqs later
[    3.714415]     ide0: BM-DMA at 0x1c00-0x1c07
[    3.714506] Probing IDE interface ide0...
[    4.385916] hda: HL-DT-ST DVDRAM GSA-U10N, ATAPI CD/DVD-ROM drive
[    4.692714] hda: host max PIO4 wanted PIO255(auto-tune) selected PIO4
[    4.693487] hda: UDMA/33 mode selected
[    4.693953] ide0 at 0x1f0-0x1f7,0x3f6 on irq 14
[    4.697864] ide-gd driver 1.18
[    4.697972] ide-cd driver 5.00
[    4.699362] ide-cd: hda: ATAPI 24X DVD-ROM DVD-R/RAM CD-R/RW drive, 2048kB Cache
[    4.699850] Uniform CD-ROM driver Revision: 3.20
[    4.706869] Loading iSCSI transport class v2.0-870.
[    4.707171] rdac: device handler registered
[    4.707258] hp_sw: device handler registered
[    4.707348] emc: device handler registered
[    4.707435] alua: device handler registered
[    4.708428] Adaptec aacraid driver 1.1-5[2461]-ms
[    4.708842] scsi: <fdomain> Detection failed (no card)
[    4.708943] sym53c416.c: Version 1.0.0-ac
[    4.709046] qlogicfas: no cards were found, please specify I/O address and IRQ using iobase= and irq= options
[    4.709173] QLogic Fibre Channel HBA Driver: 8.03.01-k6
[    4.709405] iscsi: registered transport (qla4xxx)
[    4.709519] QLogic iSCSI HBA Driver
[    4.709605] Emulex LightPulse Fibre Channel SCSI driver 8.3.4
[    4.709710] Copyright(c) 2004-2009 Emulex.  All rights reserved.
[    4.731701] Failed initialization of WD-7000 SCSI card!
[    4.820736] DC390: clustering now enabled by default. If you get problems load
[    4.820869]        with "disable_clustering=1" and report to maintainers
[    4.821014] megaraid cmm: 2.20.2.7 (Release Date: Sun Jul 16 00:01:03 EST 2006)
[    4.821167] megaraid: 2.20.5.1 (Release Date: Thu Nov 16 15:32:35 EST 2006)
[    4.821279] megasas: 00.00.04.01 Thu July 24 11:41:51 PST 2008
[    4.821411] GDT-HA: Storage RAID Controller Driver. Version: 3.05
[    4.821563] 3ware Storage Controller device driver for Linux v1.26.02.002.
[    4.821686] 3ware 9000 Storage Controller device driver for Linux v2.26.02.012.
[    4.821833] nsp32: loading...
[    4.821940] ipr: IBM Power RAID SCSI Device Driver version: 2.4.3 (June 10, 2009)
[    4.822084] RocketRAID 3xxx/4xxx Controller driver v1.6 (090910)
[    4.822200] stex: Promise SuperTrak EX Driver version: 4.6.0000.3
[    4.822338] st: Version 20081215, fixed bufsize 32768, s/g segs 256
[    4.822541] ahci 0000:00:1f.2: version 3.0
[    4.822554] ahci 0000:00:1f.2: PCI INT B -> GSI 16 (level, low) -> IRQ 16
[    4.822702] ahci 0000:00:1f.2: irq 29 for MSI/MSI-X
[    4.822762] ahci 0000:00:1f.2: AHCI 0001.0100 32 slots 3 ports 1.5 Gbps 0x5 impl SATA mode
[    4.822886] ahci 0000:00:1f.2: flags: 64bit ncq sntf pm led clo pio slum part ccc 
[    4.823013] ahci 0000:00:1f.2: setting latency timer to 64
[    4.823154] scsi2 : ahci
[    4.823312] scsi3 : ahci
[    4.823453] scsi4 : ahci
[    4.823623] ata1: SATA max UDMA/133 abar m2048@0xfe226000 port 0xfe226100 irq 29
[    4.823759] ata2: DUMMY
[    4.823855] ata3: SATA max UDMA/133 abar m2048@0xfe226000 port 0xfe226200 irq 29
[    4.824462] I2O subsystem v1.325
[    4.824548] i2o: max drivers = 8
[    4.824709] I2O Configuration OSM v1.323
[    4.824820] I2O Bus Adapter OSM v1.317
[    4.824930] I2O Block Device OSM v1.325
[    4.825079] I2O SCSI Peripheral OSM v1.316
[    4.825191] I2O ProcFS OSM v1.316
[    4.825296] Fusion MPT base driver 3.04.12
[    4.825384] Copyright (c) 1999-2008 LSI Corporation
[    4.825482] Fusion MPT SPI Host driver 3.04.12
[    4.825591] Fusion MPT FC Host driver 3.04.12
[    4.825757] Fusion MPT SAS Host driver 3.04.12
[    4.825909] ohci1394 0000:15:00.1: PCI INT B -> GSI 17 (level, low) -> IRQ 17
[    4.826006] ohci1394 0000:15:00.1: setting latency timer to 64
[    4.879717] ohci1394: fw-host0: OHCI-1394 1.1 (PCI): IRQ=[17]  MMIO=[f8301000-f83017ff]  Max Packet=[2048]  IR/IT contexts=[4/4]
[    4.882979] ehci_hcd: USB 2.0 'Enhanced' Host Controller (EHCI) Driver
[    4.883247] ehci_hcd 0000:00:1a.7: power state changed by ACPI to D0
[    4.883488] ehci_hcd 0000:00:1a.7: power state changed by ACPI to D0
[    4.883595] ehci_hcd 0000:00:1a.7: PCI INT C -> GSI 22 (level, low) -> IRQ 22
[    4.883695] ehci_hcd 0000:00:1a.7: setting latency timer to 64
[    4.883698] ehci_hcd 0000:00:1a.7: EHCI Host Controller
[    4.883841] ehci_hcd 0000:00:1a.7: new USB bus registered, assigned bus number 1
[    4.887879] ehci_hcd 0000:00:1a.7: cache line size of 32 is not supported
[    4.887888] ehci_hcd 0000:00:1a.7: irq 22, io mem 0xfe226c00
[    4.897676] ehci_hcd 0000:00:1a.7: USB 2.0 started, EHCI 1.00
[    4.897785] usb usb1: New USB device found, idVendor=1d6b, idProduct=0002
[    4.897878] usb usb1: New USB device strings: Mfr=3, Product=2, SerialNumber=1
[    4.897999] usb usb1: Product: EHCI Host Controller
[    4.898092] usb usb1: Manufacturer: Linux 2.6.32.57 ehci_hcd
[    4.898186] usb usb1: SerialNumber: 0000:00:1a.7
[    4.898327] usb usb1: configuration #1 chosen from 1 choice
[    4.898443] hub 1-0:1.0: USB hub found
[    4.898541] hub 1-0:1.0: 4 ports detected
[    4.898859] ehci_hcd 0000:00:1d.7: power state changed by ACPI to D0
[    4.899106] ehci_hcd 0000:00:1d.7: power state changed by ACPI to D0
[    4.899208] ehci_hcd 0000:00:1d.7: PCI INT D -> GSI 19 (level, low) -> IRQ 19
[    4.899314] ehci_hcd 0000:00:1d.7: setting latency timer to 64
[    4.899319] ehci_hcd 0000:00:1d.7: EHCI Host Controller
[    4.899447] ehci_hcd 0000:00:1d.7: new USB bus registered, assigned bus number 2
[    4.899615] ehci_hcd 0000:00:1d.7: debug port 1
[    4.903597] ehci_hcd 0000:00:1d.7: cache line size of 32 is not supported
[    4.903606] ehci_hcd 0000:00:1d.7: irq 19, io mem 0xfe227000
[    4.913676] ehci_hcd 0000:00:1d.7: USB 2.0 started, EHCI 1.00
[    4.913794] usb usb2: New USB device found, idVendor=1d6b, idProduct=0002
[    4.913882] usb usb2: New USB device strings: Mfr=3, Product=2, SerialNumber=1
[    4.914010] usb usb2: Product: EHCI Host Controller
[    4.914110] usb usb2: Manufacturer: Linux 2.6.32.57 ehci_hcd
[    4.914204] usb usb2: SerialNumber: 0000:00:1d.7
[    4.914354] usb usb2: configuration #1 chosen from 1 choice
[    4.914472] hub 2-0:1.0: USB hub found
[    4.914565] hub 2-0:1.0: 6 ports detected
[    4.914758] 116x: driver isp116x-hcd, 03 Nov 2005
[    4.914861] ohci_hcd: USB 1.1 'Open' Host Controller (OHCI) Driver
[    4.914977] uhci_hcd: USB Universal Host Controller Interface driver
[    4.915087] uhci_hcd 0000:00:1a.0: PCI INT A -> GSI 20 (level, low) -> IRQ 20
[    4.915192] uhci_hcd 0000:00:1a.0: setting latency timer to 64
[    4.915196] uhci_hcd 0000:00:1a.0: UHCI Host Controller
[    4.915328] uhci_hcd 0000:00:1a.0: new USB bus registered, assigned bus number 3
[    4.915481] uhci_hcd 0000:00:1a.0: irq 20, io base 0x00001860
[    4.915600] usb usb3: New USB device found, idVendor=1d6b, idProduct=0001
[    4.915705] usb usb3: New USB device strings: Mfr=3, Product=2, SerialNumber=1
[    4.915827] usb usb3: Product: UHCI Host Controller
[    4.915918] usb usb3: Manufacturer: Linux 2.6.32.57 uhci_hcd
[    4.916021] usb usb3: SerialNumber: 0000:00:1a.0
[    4.916155] usb usb3: configuration #1 chosen from 1 choice
[    4.916269] hub 3-0:1.0: USB hub found
[    4.916360] hub 3-0:1.0: 2 ports detected
[    4.916665] uhci_hcd 0000:00:1a.1: power state changed by ACPI to D0
[    4.916957] uhci_hcd 0000:00:1a.1: power state changed by ACPI to D0
[    4.917050] uhci_hcd 0000:00:1a.1: PCI INT B -> GSI 21 (level, low) -> IRQ 21
[    4.917146] uhci_hcd 0000:00:1a.1: setting latency timer to 64
[    4.917149] uhci_hcd 0000:00:1a.1: UHCI Host Controller
[    4.917284] uhci_hcd 0000:00:1a.1: new USB bus registered, assigned bus number 4
[    4.917432] uhci_hcd 0000:00:1a.1: irq 21, io base 0x00001880
[    4.917548] usb usb4: New USB device found, idVendor=1d6b, idProduct=0001
[    4.917639] usb usb4: New USB device strings: Mfr=3, Product=2, SerialNumber=1
[    4.917770] usb usb4: Product: UHCI Host Controller
[    4.917868] usb usb4: Manufacturer: Linux 2.6.32.57 uhci_hcd
[    4.917953] usb usb4: SerialNumber: 0000:00:1a.1
[    4.918090] usb usb4: configuration #1 chosen from 1 choice
[    4.918211] hub 4-0:1.0: USB hub found
[    4.918301] hub 4-0:1.0: 2 ports detected
[    4.918603] uhci_hcd 0000:00:1d.0: power state changed by ACPI to D0
[    4.918913] uhci_hcd 0000:00:1d.0: power state changed by ACPI to D0
[    4.919011] uhci_hcd 0000:00:1d.0: PCI INT A -> GSI 16 (level, low) -> IRQ 16
[    4.919111] uhci_hcd 0000:00:1d.0: setting latency timer to 64
[    4.919116] uhci_hcd 0000:00:1d.0: UHCI Host Controller
[    4.919247] uhci_hcd 0000:00:1d.0: new USB bus registered, assigned bus number 5
[    4.919406] uhci_hcd 0000:00:1d.0: irq 16, io base 0x000018a0
[    4.919526] usb usb5: New USB device found, idVendor=1d6b, idProduct=0001
[    4.919618] usb usb5: New USB device strings: Mfr=3, Product=2, SerialNumber=1
[    4.919752] usb usb5: Product: UHCI Host Controller
[    4.919840] usb usb5: Manufacturer: Linux 2.6.32.57 uhci_hcd
[    4.919937] usb usb5: SerialNumber: 0000:00:1d.0
[    4.920078] usb usb5: configuration #1 chosen from 1 choice
[    4.920196] hub 5-0:1.0: USB hub found
[    4.920287] hub 5-0:1.0: 2 ports detected
[    4.920428] uhci_hcd 0000:00:1d.1: PCI INT B -> GSI 17 (level, low) -> IRQ 17
[    4.920535] uhci_hcd 0000:00:1d.1: setting latency timer to 64
[    4.920540] uhci_hcd 0000:00:1d.1: UHCI Host Controller
[    4.920677] uhci_hcd 0000:00:1d.1: new USB bus registered, assigned bus number 6
[    4.920825] uhci_hcd 0000:00:1d.1: irq 17, io base 0x000018c0
[    4.920936] usb usb6: New USB device found, idVendor=1d6b, idProduct=0001
[    4.921027] usb usb6: New USB device strings: Mfr=3, Product=2, SerialNumber=1
[    4.921153] usb usb6: Product: UHCI Host Controller
[    4.921247] usb usb6: Manufacturer: Linux 2.6.32.57 uhci_hcd
[    4.921340] usb usb6: SerialNumber: 0000:00:1d.1
[    4.921475] usb usb6: configuration #1 chosen from 1 choice
[    4.921593] hub 6-0:1.0: USB hub found
[    4.921690] hub 6-0:1.0: 2 ports detected
[    4.921988] uhci_hcd 0000:00:1d.2: power state changed by ACPI to D0
[    4.922228] uhci_hcd 0000:00:1d.2: power state changed by ACPI to D0
[    4.922325] uhci_hcd 0000:00:1d.2: PCI INT C -> GSI 18 (level, low) -> IRQ 18
[    4.922425] uhci_hcd 0000:00:1d.2: setting latency timer to 64
[    4.922429] uhci_hcd 0000:00:1d.2: UHCI Host Controller
[    4.922561] uhci_hcd 0000:00:1d.2: new USB bus registered, assigned bus number 7
[    4.922728] uhci_hcd 0000:00:1d.2: irq 18, io base 0x000018e0
[    4.922851] usb usb7: New USB device found, idVendor=1d6b, idProduct=0001
[    4.922944] usb usb7: New USB device strings: Mfr=3, Product=2, SerialNumber=1
[    4.923072] usb usb7: Product: UHCI Host Controller
[    4.923161] usb usb7: Manufacturer: Linux 2.6.32.57 uhci_hcd
[    4.923249] usb usb7: SerialNumber: 0000:00:1d.2
[    4.924042] usb usb7: configuration #1 chosen from 1 choice
[    4.924161] hub 7-0:1.0: USB hub found
[    4.924251] hub 7-0:1.0: 2 ports detected
[    4.924406] sl811: driver sl811-hcd, 19 May 2005
[    4.924519] r8a66597_hcd: driver r8a66597_hcd, 2009-05-26
[    4.924697] Initializing USB Mass Storage driver...
[    4.924823] usbcore: registered new interface driver usb-storage
[    4.924914] USB Mass Storage support registered.
[    4.925020] usbcore: registered new interface driver ums-alauda
[    4.925132] usbcore: registered new interface driver ums-cypress
[    4.925245] usbcore: registered new interface driver ums-datafab
[    4.925353] usbcore: registered new interface driver ums-freecom
[    4.925470] usbcore: registered new interface driver ums-isd200
[    4.925582] usbcore: registered new interface driver ums-jumpshot
[    4.925702] usbcore: registered new interface driver ums-karma
[    4.925810] usbcore: registered new interface driver ums-onetouch
[    4.925923] usbcore: registered new interface driver ums-sddr09
[    4.926029] usbcore: registered new interface driver ums-sddr55
[    4.926138] usbcore: registered new interface driver ums-usbat
[    4.926289] PNP: PS/2 Controller [PNP0303:KBD,PNP0f13:MOU] at 0x60,0x64 irq 1,12
[    4.935276] serio: i8042 KBD port at 0x60,0x64 irq 1
[    4.935378] serio: i8042 AUX port at 0x60,0x64 irq 12
[    4.935621] mice: PS/2 mouse device common for all mice
[    4.935749] i2c /dev entries driver
[    4.935883] md: linear personality registered for level -1
[    4.935981] md: raid0 personality registered for level 0
[    4.936073] md: raid1 personality registered for level 1
[    4.936166] md: raid10 personality registered for level 10
[    4.936256] md: raid6 personality registered for level 6
[    4.936352] md: raid5 personality registered for level 5
[    4.936455] md: raid4 personality registered for level 4
[    4.936543] md: multipath personality registered for level -4
[    4.936763] device-mapper: ioctl: 4.15.0-ioctl (2009-04-01) initialised: dm-devel@redhat.com
[    4.936975] cpuidle: using governor ladder
[    4.937580] usbcore: registered new interface driver usbhid
[    4.937684] usbhid: v2.6:USB HID core driver
[    4.937827] random 0000 0000 0000 00000000 00000000: rand_read_num 4 get_random_bytes(136): sig 00000000 00000000 00000000
[    4.937830] random 0000 0000 0000 00000000 00000000: extract_entropy(.. 136 ..)
[    4.937832] random 0000 0000 0000 00000000 00000000: going to reseed nonblocking with 1024 bits (1088 of 0 requested)
[    4.937834] random 0000 0000 0000 00000000 00000000: extract_entropy(.. 128 ..)
[    4.937837] random 0000 0000 0000 00000000 00000000: trying to extract 1024 bits from input
[    4.937839] random 0000 0000 0000 00000000 00000000: debiting 0 entropy credits from input
[    4.937841] random 0000 0000 0000 00000000 00000000: extract_entropy account returned: 0 
[    4.937843] random 0000 0000 0000 00000000 00000000: urand_change_num 7 xfer_secondary_pool(136): pool_sig 00000000, data_sig 00000000, bytes_mixed 0 00000000 00000000
[    4.937847] random 0000 0000 0000 00000000 00000000: trying to extract 1088 bits from nonblocking
[    4.937849] random 0000 0000 0000 00000000 00000000: debiting 1088 entropy credits from nonblocking (unlimited)
[    4.937851] random 0000 0000 0000 00000000 00000000: extract_entropy account returned: 136 
[    4.937855] random 0000 0000 0000 00000000 00000000: urand_change_num 8 extract_buf: pool_sig 00000000, data_sig fffffff9, bytes_mixed 20 00000000 00000000
[    4.937861] random 0000 0000 0000 b7c35b56 be4dc95d: urand_change_num 9 extract_buf: pool_sig fffffd1e, data_sig 000000c5, bytes_mixed 20 b7c35b56 be4dc95d
[    4.937866] random 0000 0000 0000 ed9f5c47 c48487fb: urand_change_num 10 extract_buf: pool_sig fffff8ec, data_sig ffffff68, bytes_mixed 20 ed9f5c47 c48487fb
[    4.937871] random 0000 0000 0000 ed9f5c47 c48487fb: urand_change_num 11 extract_buf: pool_sig fffffaed, data_sig 000001aa, bytes_mixed 20 ed9f5c47 c48487fb
[    4.937876] random 0000 0000 0000 1b4f7c0a 91bd6a48: urand_change_num 12 extract_buf: pool_sig fffffdd8, data_sig 00000064, bytes_mixed 20 1b4f7c0a 91bd6a48
[    4.937882] random 0000 0000 0000 a254b9bc 20e9a24f: urand_change_num 13 extract_buf: pool_sig fffffbe6, data_sig 000001dd, bytes_mixed 20 a254b9bc 20e9a24f
[    4.937887] random 0000 0000 0000 a254b9bc 20e9a24f: urand_change_num 14 extract_buf: pool_sig fffff940, data_sig fffffe20, bytes_mixed 20 a254b9bc 20e9a24f
[    4.937892] random 0000 0000 0000 2831a66b 5fa2a3ad: urand_change_num 15 extract_buf: pool_sig fffffbce, data_sig 0000007e, bytes_mixed 20 2831a66b 5fa2a3ad
[    4.937897] random 0000 0000 0000 2831a66b 5fa2a3ad: urand_change_num 16 extract_buf: pool_sig 000004df, data_sig fffffe8f, bytes_mixed 20 2831a66b 5fa2a3ad
[    4.937902] random 0000 0000 0000 d4512bfd c9a54e0b: urand_change_num 17 extract_buf: pool_sig 00000485, data_sig fffffe68, bytes_mixed 20 d4512bfd c9a54e0b
[    4.937908] random 0000 0000 0000 c7371be6 f9ffea11: urand_change_num 18 extract_buf: pool_sig 00000095, data_sig ffffffed, bytes_mixed 20 c7371be6 f9ffea11
[    4.937913] random 0000 0000 0000 c7371be6 f9ffea11: urand_change_num 19 extract_buf: pool_sig 000003a7, data_sig fffffefa, bytes_mixed 20 c7371be6 f9ffea11
[    4.937918] random 0000 0000 0000 8fb4b62c d1ddba54: urand_change_num 20 extract_buf: pool_sig 00000179, data_sig ffffff78, bytes_mixed 20 8fb4b62c d1ddba54
[    4.937923] random 0000 0000 0000 9ff19f9c c07a1d2a: urand_change_num 21 extract_buf: pool_sig fffffe88, data_sig 00000126, bytes_mixed 20 9ff19f9c c07a1d2a
[    4.937927] TCP cubic registered
[    4.938017] Initializing XFRM netlink socket
[    4.938114] NET: Registered protocol family 17
[    4.938212] Using IPI Shortcut mode
[    4.938304] random 0000 0000 0000 9ff19f9c c07a1d2a: rand_read_num 5 get_random_bytes(8): sig 0000031b 9ff19f9c c07a1d2a
[    4.938306] random 0000 0000 0000 9ff19f9c c07a1d2a: extract_entropy(.. 8 ..)
[    4.938308] random 0000 0000 0000 9ff19f9c c07a1d2a: going to reseed nonblocking with 64 bits (64 of 0 requested)
[    4.938310] random 0000 0000 0000 9ff19f9c c07a1d2a: extract_entropy(.. 8 ..)
[    4.938312] random 0000 0000 0000 9ff19f9c c07a1d2a: trying to extract 64 bits from input
[    4.938314] random 0000 0000 0000 9ff19f9c c07a1d2a: debiting 0 entropy credits from input
[    4.938316] random 0000 0000 0000 9ff19f9c c07a1d2a: extract_entropy account returned: 0 
[    4.938319] random 0000 0000 0000 9ff19f9c c07a1d2a: urand_change_num 22 xfer_secondary_pool(8): pool_sig 0000031b, data_sig 00000000, bytes_mixed 0 9ff19f9c c07a1d2a
[    4.938322] random 0000 0000 0000 9ff19f9c c07a1d2a: trying to extract 64 bits from nonblocking
[    4.938324] random 0000 0000 0000 9ff19f9c c07a1d2a: debiting 64 entropy credits from nonblocking (unlimited)
[    4.938327] random 0000 0000 0000 9ff19f9c c07a1d2a: extract_entropy account returned: 8 
[    4.938331] random 0000 0000 0000 9ff19f9c c07a1d2a: urand_change_num 23 extract_buf: pool_sig 0000031b, data_sig ffffffb3, bytes_mixed 20 9ff19f9c c07a1d2a
[    4.940652] input: AT Translated Set 2 keyboard as /devices/platform/i8042/serio0/input/input1
[    5.129685] ata1: SATA link up 1.5 Gbps (SStatus 113 SControl 300)
[    5.129791] ata3: SATA link down (SStatus 0 SControl 300)
[    5.132605] ata1.00: ACPI cmd ef/02:00:00:00:00:a0 (SET FEATURES) succeeded
[    5.132608] ata1.00: ACPI cmd f5/00:00:00:00:00:a0 (SECURITY FREEZE LOCK) filtered out
[    5.133998] ata1.00: ACPI cmd ef/5f:00:00:00:00:a0 (SET FEATURES) succeeded
[    5.134000] ata1.00: ACPI cmd ef/10:03:00:00:00:a0 (SET FEATURES) filtered out
[    5.135909] ata1.00: ATA-7: ST910021AS, 4.06, max UDMA/100
[    5.136000] ata1.00: 195371568 sectors, multi 16: LBA48 
[    5.138147] ata1.00: ACPI cmd ef/02:00:00:00:00:a0 (SET FEATURES) succeeded
[    5.138150] ata1.00: ACPI cmd f5/00:00:00:00:00:a0 (SECURITY FREEZE LOCK) filtered out
[    5.139541] ata1.00: ACPI cmd ef/5f:00:00:00:00:a0 (SET FEATURES) succeeded
[    5.139543] ata1.00: ACPI cmd ef/10:03:00:00:00:a0 (SET FEATURES) filtered out
[    5.141470] ata1.00: configured for UDMA/100
[    5.151731] scsi 2:0:0:0: Direct-Access     ATA      ST910021AS       4.06 PQ: 0 ANSI: 5
[    5.152019] sd 2:0:0:0: [sda] 195371568 512-byte logical blocks: (100 GB/93.1 GiB)
[    5.152164] sd 2:0:0:0: [sda] Write Protect is off
[    5.152255] sd 2:0:0:0: [sda] Mode Sense: 00 3a 00 00
[    5.152268] sd 2:0:0:0: [sda] Write cache: enabled, read cache: enabled, doesn't support DPO or FUA
[    5.152461]  sda:
[    5.217666] usb 2-1: new high speed USB device using ehci_hcd and address 2
[    5.365005] usb 2-1: New USB device found, idVendor=0e8d, idProduct=1806
[    5.365092] usb 2-1: New USB device strings: Mfr=1, Product=2, SerialNumber=3
[    5.365183] usb 2-1: Product: MT1806 
[    5.365268] usb 2-1: Manufacturer: MediaTek Inc
[    5.365352] usb 2-1: SerialNumber: R8KN6GAC800AEB 
[    5.365487] usb 2-1: configuration #1 chosen from 1 choice
[    5.371925] scsi5 : SCSI emulation for USB Mass Storage devices
[    5.372095] usb-storage: device found at 2
[    5.372096] usb-storage: waiting for device to settle before scanning
[    5.581886]  sda1 sda2
[    5.582606] sd 2:0:0:0: [sda] Attached SCSI disk
[    5.582708] random 0000 0000 0000 277f73c3 42024bb9: rand_read_num 6 get_random_bytes(12): sig 000007e9 277f73c3 42024bb9
[    5.582711] random 0000 0000 0000 277f73c3 42024bb9: extract_entropy(.. 12 ..)
[    5.582713] random 0000 0000 0000 277f73c3 42024bb9: going to reseed nonblocking with 96 bits (96 of 0 requested)
[    5.582715] random 0000 0000 0000 277f73c3 42024bb9: extract_entropy(.. 12 ..)
[    5.582717] random 0000 0000 0000 277f73c3 42024bb9: trying to extract 96 bits from input
[    5.582719] random 0000 0000 0000 277f73c3 42024bb9: debiting 0 entropy credits from input
[    5.582721] random 0000 0000 0000 277f73c3 42024bb9: extract_entropy account returned: 0 
[    5.582724] random 0000 0000 0000 277f73c3 42024bb9: urand_change_num 24 xfer_secondary_pool(12): pool_sig 000007e9, data_sig 00000000, bytes_mixed 0 277f73c3 42024bb9
[    5.582727] random 0000 0000 0000 277f73c3 42024bb9: trying to extract 96 bits from nonblocking
[    5.582730] random 0000 0000 0000 277f73c3 42024bb9: debiting 96 entropy credits from nonblocking (unlimited)
[    5.582732] random 0000 0000 0000 277f73c3 42024bb9: extract_entropy account returned: 12 
[    5.582736] random 0000 0000 0000 277f73c3 42024bb9: urand_change_num 25 extract_buf: pool_sig 000007e9, data_sig 00000088, bytes_mixed 20 277f73c3 42024bb9
[    5.582741] random 0000 0000 0000 277f73c3 42024bb9: urand_change_num 26 extract_buf: pool_sig 00000498, data_sig fffffefb, bytes_mixed 20 277f73c3 42024bb9
[    5.582744] RANDOM - __seed init called.
[    5.582745] RANDOM - __seed init called.
[    5.582746] RANDOM - __seed init called.
[    5.582748] RANDOM - __random32 called. Change num 12.  Value: 87f14767	f0d7351	b1e48bd3
[    5.582749] RANDOM - random32_reseed called.  Value: 87f14767	f0d7351	b1e48bd3
[    5.582752] Pid: 1, comm: swapper Not tainted 2.6.32.57 #3
[    5.582848] Call Trace:
[    5.582941]  [<c1923ca4>] ? random32_reseed+0xa0/0xb1
[    5.583031]  [<c1923c04>] ? random32_reseed+0x0/0xb1
[    5.583132]  [<c100111e>] ? do_one_initcall+0x2e/0x180
[    5.583222]  [<c1907265>] ? kernel_init+0xad/0x103
[    5.583319]  [<c19071b8>] ? kernel_init+0x0/0x103
[    5.583406]  [<c1003787>] ? kernel_thread_helper+0x7/0x10
[    5.583935] random 0000 0000 0000 386b4e60 ee4d4880: rand_read_num 7 get_random_bytes(64): sig fffffea5 386b4e60 ee4d4880
[    5.583937] random 0000 0000 0000 386b4e60 ee4d4880: extract_entropy(.. 64 ..)
[    5.583939] random 0000 0000 0000 386b4e60 ee4d4880: going to reseed nonblocking with 512 bits (512 of 0 requested)
[    5.583942] random 0000 0000 0000 386b4e60 ee4d4880: extract_entropy(.. 64 ..)
[    5.583944] random 0000 0000 0000 386b4e60 ee4d4880: trying to extract 512 bits from input
[    5.583946] random 0000 0000 0000 386b4e60 ee4d4880: debiting 0 entropy credits from input
[    5.583948] random 0000 0000 0000 386b4e60 ee4d4880: extract_entropy account returned: 0 
[    5.583951] random 0000 0000 0000 386b4e60 ee4d4880: urand_change_num 27 xfer_secondary_pool(64): pool_sig fffffea5, data_sig 00000000, bytes_mixed 0 386b4e60 ee4d4880
[    5.583954] random 0000 0000 0000 386b4e60 ee4d4880: trying to extract 512 bits from nonblocking
[    5.583956] random 0000 0000 0000 386b4e60 ee4d4880: debiting 512 entropy credits from nonblocking (unlimited)
[    5.583958] random 0000 0000 0000 386b4e60 ee4d4880: extract_entropy account returned: 64 
[    5.583962] random 0000 0000 0000 386b4e60 ee4d4880: urand_change_num 28 extract_buf: pool_sig fffffea5, data_sig 00000173, bytes_mixed 20 386b4e60 ee4d4880
[    5.583968] random 0000 0000 0000 412698f6 0cc8689a: urand_change_num 29 extract_buf: pool_sig 00000122, data_sig ffffff63, bytes_mixed 20 412698f6 0cc8689a
[    5.583973] random 0000 0000 0000 412698f6 0cc8689a: urand_change_num 30 extract_buf: pool_sig 000001f7, data_sig 00000012, bytes_mixed 20 412698f6 0cc8689a
[    5.583978] random 0000 0000 0000 9669941e 06f768b1: urand_change_num 31 extract_buf: pool_sig fffffb5b, data_sig 0000003f, bytes_mixed 20 9669941e 06f768b1
[    5.583984] random 0000 0000 0000 98486520 995551f0: urand_change_num 32 extract_buf: pool_sig fffffb39, data_sig 0000000e, bytes_mixed 20 98486520 995551f0
[    5.583989] random 0000 0000 0000 98486520 995551f0: urand_change_num 33 extract_buf: pool_sig fffffd8d, data_sig 000001a6, bytes_mixed 20 98486520 995551f0
[    5.583994] random 0000 0000 0000 61fc8914 d5882ed2: urand_change_num 34 extract_buf: pool_sig fffffa58, data_sig 0000023e, bytes_mixed 20 61fc8914 d5882ed2
[    5.584023] random 0000 0000 0000 61fc8914 d5882ed2: rand_read_num 8 get_random_bytes(64): sig fffff9ee 61fc8914 d5882ed2
[    5.584025] random 0000 0000 0000 61fc8914 d5882ed2: extract_entropy(.. 64 ..)
[    5.584028] random 0000 0000 0000 61fc8914 d5882ed2: going to reseed nonblocking with 512 bits (512 of 0 requested)
[    5.584030] random 0000 0000 0000 61fc8914 d5882ed2: extract_entropy(.. 64 ..)
[    5.584032] random 0000 0000 0000 61fc8914 d5882ed2: trying to extract 512 bits from input
[    5.584034] random 0000 0000 0000 61fc8914 d5882ed2: debiting 0 entropy credits from input
[    5.584036] random 0000 0000 0000 61fc8914 d5882ed2: extract_entropy account returned: 0 
[    5.584039] random 0000 0000 0000 61fc8914 d5882ed2: urand_change_num 35 xfer_secondary_pool(64): pool_sig fffff9ee, data_sig 00000000, bytes_mixed 0 61fc8914 d5882ed2
[    5.584042] random 0000 0000 0000 61fc8914 d5882ed2: trying to extract 512 bits from nonblocking
[    5.584044] random 0000 0000 0000 61fc8914 d5882ed2: debiting 512 entropy credits from nonblocking (unlimited)
[    5.584046] random 0000 0000 0000 61fc8914 d5882ed2: extract_entropy account returned: 64 
[    5.584050] random 0000 0000 0000 61fc8914 d5882ed2: urand_change_num 36 extract_buf: pool_sig fffff9ee, data_sig ffffff85, bytes_mixed 20 61fc8914 d5882ed2
[    5.584055] random 0000 0000 0000 70cfd302 e5edec11: urand_change_num 37 extract_buf: pool_sig fffffdc1, data_sig ffffffde, bytes_mixed 20 70cfd302 e5edec11
[    5.584061] random 0000 0000 0000 00dab838 eafd2b30: urand_change_num 38 extract_buf: pool_sig 000003da, data_sig ffffff61, bytes_mixed 20 00dab838 eafd2b30
[    5.584066] random 0000 0000 0000 00dab838 eafd2b30: urand_change_num 39 extract_buf: pool_sig 00000314, data_sig 00000121, bytes_mixed 20 00dab838 eafd2b30
[    5.584071] random 0000 0000 0000 5fcdf66a 6442b608: urand_change_num 40 extract_buf: pool_sig 0000028b, data_sig fffffefd, bytes_mixed 20 5fcdf66a 6442b608
[    5.584076] random 0000 0000 0000 61333f6b 8fae0f9b: urand_change_num 41 extract_buf: pool_sig 000000cb, data_sig 000000b3, bytes_mixed 20 61333f6b 8fae0f9b
[    5.584081] random 0000 0000 0000 61333f6b 8fae0f9b: urand_change_num 42 extract_buf: pool_sig fffffef8, data_sig 00000051, bytes_mixed 20 61333f6b 8fae0f9b
[    5.584084] BEGIN NET_SECRET:
[    5.584085] \xffffffe0
[    5.584086] \xffffffb6
[    5.584087] \x36
[    5.584087] \xffffffb5
[    5.584088] \xffffff94
[    5.584089] \xffffffb2
[    5.584090] \xffffffa8
[    5.584091] \xffffffda
[    5.584091] \x5b
[    5.584092] \x19
[    5.584093] \x18
[    5.584094] \x5c
[    5.584094] \x2b
[    5.584095] \x1
[    5.584096] \xffffff90
[    5.584097] \x19
[    5.584097] \x3c
[    5.584098] \xfffffff2
[    5.584099] \xffffff82
[    5.584100] \x2a
[    5.584100] \xffffffb3
[    5.584101] \xffffffa2
[    5.584102] \x3f
[    5.584103] \x5
[    5.584103] \x52
[    5.584104] \x77
[    5.584105] \x57
[    5.584105] \x79
[    5.584106] \x16
[    5.584107] \x43
[    5.584108] \xffffff84
[    5.584108] \xffffffc3
[    5.584109] \xffffffe9
[    5.584110] \x79
[    5.584111] \x50
[    5.584111] \xffffff8e
[    5.584112] \x3f
[    5.584113] \xfffffff3
[    5.584114] \x19
[    5.584114] \x2a
[    5.584115] \xfffffffd
[    5.584116] \xfffffffb
[    5.584117] \x62
[    5.584118] \x3c
[    5.584118] \xffffffac
[    5.584119] \x1c
[    5.584120] \x3b
[    5.584120] \x3b
[    5.584121] \x15
[    5.584122] \x27
[    5.584123] \xffffffa8
[    5.584123] \x22
[    5.584124] \xffffffc5
[    5.584125] \xffffff9a
[    5.584126] \x5
[    5.584126] \x6c
[    5.584127] \xffffffa8
[    5.584128] \x3a
[    5.584129] \x44
[    5.584129] \xffffffaf
[    5.584130] \x13
[    5.584131] \xffffffe0
[    5.584132] \xffffff9d
[    5.584132] \x22
[    5.584133] 
[    5.584134] END NET_SECRET
[    5.584137] random 0000 0000 0000 e7f555d9 e8ce5c3c: rand_read_num 9 get_random_bytes(4): sig 0000068c e7f555d9 e8ce5c3c
[    5.584139] random 0000 0000 0000 e7f555d9 e8ce5c3c: extract_entropy(.. 4 ..)
[    5.584141] random 0000 0000 0000 e7f555d9 e8ce5c3c: going to reseed nonblocking with 64 bits (32 of 0 requested)
[    5.584143] random 0000 0000 0000 e7f555d9 e8ce5c3c: extract_entropy(.. 8 ..)
[    5.584145] random 0000 0000 0000 e7f555d9 e8ce5c3c: trying to extract 64 bits from input
[    5.584147] random 0000 0000 0000 e7f555d9 e8ce5c3c: debiting 0 entropy credits from input
[    5.584149] random 0000 0000 0000 e7f555d9 e8ce5c3c: extract_entropy account returned: 0 
[    5.584152] random 0000 0000 0000 e7f555d9 e8ce5c3c: urand_change_num 43 xfer_secondary_pool(4): pool_sig 0000068c, data_sig 00000000, bytes_mixed 0 e7f555d9 e8ce5c3c
[    5.584155] random 0000 0000 0000 e7f555d9 e8ce5c3c: trying to extract 32 bits from nonblocking
[    5.584157] random 0000 0000 0000 e7f555d9 e8ce5c3c: debiting 32 entropy credits from nonblocking (unlimited)
[    5.584159] random 0000 0000 0000 e7f555d9 e8ce5c3c: extract_entropy account returned: 4 
[    5.584163] random 0000 0000 0000 e7f555d9 e8ce5c3c: urand_change_num 44 extract_buf: pool_sig 0000068c, data_sig fffffdcb, bytes_mixed 20 e7f555d9 e8ce5c3c
[    5.584174] md: Waiting for all devices to be available before autodetect
[    5.584266] md: If you don't use raid, use raid=noautodetect
[    5.584434] md: Autodetecting RAID arrays.
[    5.584519] md: Scanned 0 and added 0 devices.
[    5.584605] md: autorun ...
[    5.584696] md: ... autorun DONE.
[    5.599335] EXT3-fs: sda2: couldn't mount because of unsupported optional features (240).
[    5.599569] EXT2-fs: sda2: couldn't mount because of unsupported optional features (240).
[    5.600843] random 0000 0000 0000 e7f555d9 e8ce5c3c: rand_read_num 10 get_random_bytes(4): sig ffffff72 e7f555d9 e8ce5c3c
[    5.600846] random 0000 0000 0000 e7f555d9 e8ce5c3c: extract_entropy(.. 4 ..)
[    5.600848] random 0000 0000 0000 e7f555d9 e8ce5c3c: going to reseed nonblocking with 64 bits (32 of 0 requested)
[    5.600850] random 0000 0000 0000 e7f555d9 e8ce5c3c: extract_entropy(.. 8 ..)
[    5.600852] random 0000 0000 0000 e7f555d9 e8ce5c3c: trying to extract 64 bits from input
[    5.600854] random 0000 0000 0000 e7f555d9 e8ce5c3c: debiting 0 entropy credits from input
[    5.600856] random 0000 0000 0000 e7f555d9 e8ce5c3c: extract_entropy account returned: 0 
[    5.600860] random 0000 0000 0000 e7f555d9 e8ce5c3c: urand_change_num 45 xfer_secondary_pool(4): pool_sig ffffff72, data_sig 00000000, bytes_mixed 0 e7f555d9 e8ce5c3c
[    5.600862] random 0000 0000 0000 e7f555d9 e8ce5c3c: trying to extract 32 bits from nonblocking
[    5.600865] random 0000 0000 0000 e7f555d9 e8ce5c3c: debiting 32 entropy credits from nonblocking (unlimited)
[    5.600867] random 0000 0000 0000 e7f555d9 e8ce5c3c: extract_entropy account returned: 4 
[    5.600871] random 0000 0000 0000 e7f555d9 e8ce5c3c: urand_change_num 46 extract_buf: pool_sig ffffff72, data_sig ffffff72, bytes_mixed 20 e7f555d9 e8ce5c3c
[    5.636048] EXT4-fs (sda2): mounted filesystem with ordered data mode
[    5.636250] VFS: Mounted root (ext4 filesystem) readonly on device 8:2.
[    5.636357] Freeing unused kernel memory: 448k freed
[    5.706629] random 0000 0000 0000 91716c54 eeb6a1e7: rand_read_num 11 get_random_bytes(16): sig fffffcad 91716c54 eeb6a1e7
[    5.706632] random 0000 0000 0000 91716c54 eeb6a1e7: extract_entropy(.. 16 ..)
[    5.706634] random 0000 0000 0000 91716c54 eeb6a1e7: going to reseed nonblocking with 128 bits (128 of 0 requested)
[    5.706636] random 0000 0000 0000 91716c54 eeb6a1e7: extract_entropy(.. 16 ..)
[    5.706641] random 0000 0000 0000 91716c54 eeb6a1e7: trying to extract 128 bits from input
[    5.706643] random 0000 0000 0000 91716c54 eeb6a1e7: debiting 0 entropy credits from input
[    5.706645] random 0000 0000 0000 91716c54 eeb6a1e7: extract_entropy account returned: 0 
[    5.706649] random 0000 0000 0000 91716c54 eeb6a1e7: urand_change_num 47 xfer_secondary_pool(16): pool_sig fffffcad, data_sig 00000000, bytes_mixed 0 91716c54 eeb6a1e7
[    5.706651] random 0000 0000 0000 91716c54 eeb6a1e7: trying to extract 128 bits from nonblocking
[    5.706654] random 0000 0000 0000 91716c54 eeb6a1e7: debiting 128 entropy credits from nonblocking (unlimited)
[    5.706656] random 0000 0000 0000 91716c54 eeb6a1e7: extract_entropy account returned: 16 
[    5.706660] random 0000 0000 0000 91716c54 eeb6a1e7: urand_change_num 48 extract_buf: pool_sig fffffcad, data_sig ffffff19, bytes_mixed 20 91716c54 eeb6a1e7
[    5.706665] random 0000 0000 0000 fd637b06 6cf47bc1: urand_change_num 49 extract_buf: pool_sig fffffede, data_sig ffffffc1, bytes_mixed 20 fd637b06 6cf47bc1
[    5.785063] random 0000 0000 0000 fd637b06 6cf47bc1: rand_read_num 12 get_random_bytes(16): sig 0000033b fd637b06 6cf47bc1
[    5.785066] random 0000 0000 0000 fd637b06 6cf47bc1: extract_entropy(.. 16 ..)
[    5.785069] random 0000 0000 0000 fd637b06 6cf47bc1: going to reseed nonblocking with 128 bits (128 of 0 requested)
[    5.785071] random 0000 0000 0000 fd637b06 6cf47bc1: extract_entropy(.. 16 ..)
[    5.785073] random 0000 0000 0000 fd637b06 6cf47bc1: trying to extract 128 bits from input
[    5.785075] random 0000 0000 0000 fd637b06 6cf47bc1: debiting 0 entropy credits from input
[    5.785077] random 0000 0000 0000 fd637b06 6cf47bc1: extract_entropy account returned: 0 
[    5.785080] random 0000 0000 0000 fd637b06 6cf47bc1: urand_change_num 50 xfer_secondary_pool(16): pool_sig 0000033b, data_sig 00000000, bytes_mixed 0 fd637b06 6cf47bc1
[    5.785083] random 0000 0000 0000 fd637b06 6cf47bc1: trying to extract 128 bits from nonblocking
[    5.785085] random 0000 0000 0000 fd637b06 6cf47bc1: debiting 128 entropy credits from nonblocking (unlimited)
[    5.785087] random 0000 0000 0000 fd637b06 6cf47bc1: extract_entropy account returned: 16 
[    5.785092] random 0000 0000 0000 fd637b06 6cf47bc1: urand_change_num 51 extract_buf: pool_sig 0000033b, data_sig 000000d8, bytes_mixed 20 fd637b06 6cf47bc1
[    5.785097] random 0000 0000 0000 0ec1f012 d4727ca8: urand_change_num 52 extract_buf: pool_sig fffffcf5, data_sig 00000016, bytes_mixed 20 0ec1f012 d4727ca8
[    6.148289] ieee1394: Host added: ID:BUS[0-00:1023]  GUID[00061b032a25f51c]
[    6.158984] random 0000 0000 0000 45b1d0b1 845a73f7: rand_read_num 13 get_random_bytes(16): sig 00000116 45b1d0b1 845a73f7
[    6.158987] random 0000 0000 0000 45b1d0b1 845a73f7: extract_entropy(.. 16 ..)
[    6.158989] random 0000 0000 0000 45b1d0b1 845a73f7: going to reseed nonblocking with 128 bits (128 of 0 requested)
[    6.158992] random 0000 0000 0000 45b1d0b1 845a73f7: extract_entropy(.. 16 ..)
[    6.158994] random 0000 0000 0000 45b1d0b1 845a73f7: trying to extract 128 bits from input
[    6.158996] random 0000 0000 0000 45b1d0b1 845a73f7: debiting 0 entropy credits from input
[    6.158998] random 0000 0000 0000 45b1d0b1 845a73f7: extract_entropy account returned: 0 
[    6.159001] random 0000 0000 0000 45b1d0b1 845a73f7: urand_change_num 53 xfer_secondary_pool(16): pool_sig 00000116, data_sig 00000000, bytes_mixed 0 45b1d0b1 845a73f7
[    6.159004] random 0000 0000 0000 45b1d0b1 845a73f7: trying to extract 128 bits from nonblocking
[    6.159006] random 0000 0000 0000 45b1d0b1 845a73f7: debiting 128 entropy credits from nonblocking (unlimited)
[    6.159008] random 0000 0000 0000 45b1d0b1 845a73f7: extract_entropy account returned: 16 
[    6.159012] random 0000 0000 0000 45b1d0b1 845a73f7: urand_change_num 54 extract_buf: pool_sig 00000116, data_sig fffffd8b, bytes_mixed 20 45b1d0b1 845a73f7
[    6.159018] random 0000 0000 0000 45b1d0b1 845a73f7: urand_change_num 55 extract_buf: pool_sig fffffc05, data_sig 00000109, bytes_mixed 20 45b1d0b1 845a73f7
[    6.203163] random 0000 0000 0000 5012cce3 b8a30621: rand_read_num 14 get_random_bytes(16): sig fffffb93 5012cce3 b8a30621
[    6.203165] random 0000 0000 0000 5012cce3 b8a30621: extract_entropy(.. 16 ..)
[    6.203168] random 0000 0000 0000 5012cce3 b8a30621: going to reseed nonblocking with 128 bits (128 of 0 requested)
[    6.203170] random 0000 0000 0000 5012cce3 b8a30621: extract_entropy(.. 16 ..)
[    6.203172] random 0000 0000 0000 5012cce3 b8a30621: trying to extract 128 bits from input
[    6.203174] random 0000 0000 0000 5012cce3 b8a30621: debiting 0 entropy credits from input
[    6.203176] random 0000 0000 0000 5012cce3 b8a30621: extract_entropy account returned: 0 
[    6.203180] random 0000 0000 0000 5012cce3 b8a30621: urand_change_num 56 xfer_secondary_pool(16): pool_sig fffffb93, data_sig 00000000, bytes_mixed 0 5012cce3 b8a30621
[    6.203182] random 0000 0000 0000 5012cce3 b8a30621: trying to extract 128 bits from nonblocking
[    6.203185] random 0000 0000 0000 5012cce3 b8a30621: debiting 128 entropy credits from nonblocking (unlimited)
[    6.203187] random 0000 0000 0000 5012cce3 b8a30621: extract_entropy account returned: 16 
[    6.203191] random 0000 0000 0000 5012cce3 b8a30621: urand_change_num 57 extract_buf: pool_sig fffffb93, data_sig ffffff35, bytes_mixed 20 5012cce3 b8a30621
[    6.203196] random 0000 0000 0000 5012cce3 b8a30621: urand_change_num 58 extract_buf: pool_sig fffffb9d, data_sig ffffff92, bytes_mixed 20 5012cce3 b8a30621
[    6.204563] random 0000 0000 0000 30a5721d 4b648ff6: rand_read_num 15 get_random_bytes(16): sig fffffeb5 30a5721d 4b648ff6
[    6.204566] random 0000 0000 0000 30a5721d 4b648ff6: extract_entropy(.. 16 ..)
[    6.204568] random 0000 0000 0000 30a5721d 4b648ff6: going to reseed nonblocking with 128 bits (128 of 0 requested)
[    6.204571] random 0000 0000 0000 30a5721d 4b648ff6: extract_entropy(.. 16 ..)
[    6.204573] random 0000 0000 0000 30a5721d 4b648ff6: trying to extract 128 bits from input
[    6.204575] random 0000 0000 0000 30a5721d 4b648ff6: debiting 0 entropy credits from input
[    6.204577] random 0000 0000 0000 30a5721d 4b648ff6: extract_entropy account returned: 0 
[    6.204580] random 0000 0000 0000 30a5721d 4b648ff6: urand_change_num 59 xfer_secondary_pool(16): pool_sig fffffeb5, data_sig 00000000, bytes_mixed 0 30a5721d 4b648ff6
[    6.204583] random 0000 0000 0000 30a5721d 4b648ff6: trying to extract 128 bits from nonblocking
[    6.204585] random 0000 0000 0000 30a5721d 4b648ff6: debiting 128 entropy credits from nonblocking (unlimited)
[    6.204587] random 0000 0000 0000 30a5721d 4b648ff6: extract_entropy account returned: 16 
[    6.204592] random 0000 0000 0000 30a5721d 4b648ff6: urand_change_num 60 extract_buf: pool_sig fffffeb5, data_sig 000000c2, bytes_mixed 20 30a5721d 4b648ff6
[    6.204597] random 0000 0000 0000 89bae1ab 704c432f: urand_change_num 61 extract_buf: pool_sig 0000006e, data_sig fffffefc, bytes_mixed 20 89bae1ab 704c432f
[    6.205143] random 0000 0000 0000 89bae1ab 704c432f: rand_read_num 16 get_random_bytes(16): sig fffffd99 89bae1ab 704c432f
[    6.205146] random 0000 0000 0000 89bae1ab 704c432f: extract_entropy(.. 16 ..)
[    6.205148] random 0000 0000 0000 89bae1ab 704c432f: going to reseed nonblocking with 128 bits (128 of 0 requested)
[    6.205151] random 0000 0000 0000 89bae1ab 704c432f: extract_entropy(.. 16 ..)
[    6.205153] random 0000 0000 0000 89bae1ab 704c432f: trying to extract 128 bits from input
[    6.205155] random 0000 0000 0000 89bae1ab 704c432f: debiting 0 entropy credits from input
[    6.205157] random 0000 0000 0000 89bae1ab 704c432f: extract_entropy account returned: 0 
[    6.205160] random 0000 0000 0000 89bae1ab 704c432f: urand_change_num 62 xfer_secondary_pool(16): pool_sig fffffd99, data_sig 00000000, bytes_mixed 0 89bae1ab 704c432f
[    6.205163] random 0000 0000 0000 89bae1ab 704c432f: trying to extract 128 bits from nonblocking
[    6.205165] random 0000 0000 0000 89bae1ab 704c432f: debiting 128 entropy credits from nonblocking (unlimited)
[    6.205167] random 0000 0000 0000 89bae1ab 704c432f: extract_entropy account returned: 16 
[    6.205171] random 0000 0000 0000 89bae1ab 704c432f: urand_change_num 63 extract_buf: pool_sig fffffd99, data_sig 00000204, bytes_mixed 20 89bae1ab 704c432f
[    6.205177] random 0000 0000 0000 6c298a02 2b1539f8: urand_change_num 64 extract_buf: pool_sig 00000124, data_sig fffffff5, bytes_mixed 20 6c298a02 2b1539f8
[    6.206081] random 0000 0000 0000 c77b8b35 70f6cab5: rand_read_num 17 get_random_bytes(16): sig 0000036b c77b8b35 70f6cab5
[    6.206084] random 0000 0000 0000 c77b8b35 70f6cab5: extract_entropy(.. 16 ..)
[    6.206087] random 0000 0000 0000 c77b8b35 70f6cab5: going to reseed nonblocking with 128 bits (128 of 0 requested)
[    6.206089] random 0000 0000 0000 c77b8b35 70f6cab5: extract_entropy(.. 16 ..)
[    6.206091] random 0000 0000 0000 c77b8b35 70f6cab5: trying to extract 128 bits from input
[    6.206093] random 0000 0000 0000 c77b8b35 70f6cab5: debiting 0 entropy credits from input
[    6.206095] random 0000 0000 0000 c77b8b35 70f6cab5: extract_entropy account returned: 0 
[    6.206099] random 0000 0000 0000 c77b8b35 70f6cab5: urand_change_num 65 xfer_secondary_pool(16): pool_sig 0000036b, data_sig 00000000, bytes_mixed 0 c77b8b35 70f6cab5
[    6.206101] random 0000 0000 0000 c77b8b35 70f6cab5: trying to extract 128 bits from nonblocking
[    6.206104] random 0000 0000 0000 c77b8b35 70f6cab5: debiting 128 entropy credits from nonblocking (unlimited)
[    6.206106] random 0000 0000 0000 c77b8b35 70f6cab5: extract_entropy account returned: 16 
[    6.206110] random 0000 0000 0000 c77b8b35 70f6cab5: urand_change_num 66 extract_buf: pool_sig 0000036b, data_sig 0000005f, bytes_mixed 20 c77b8b35 70f6cab5
[    6.206115] random 0000 0000 0000 c77b8b35 70f6cab5: urand_change_num 67 extract_buf: pool_sig ffffff1c, data_sig 0000005a, bytes_mixed 20 c77b8b35 70f6cab5
[    6.206709] random 0000 0000 0000 af21d212 57d20ca3: rand_read_num 18 get_random_bytes(16): sig fffffb7f af21d212 57d20ca3
[    6.206712] random 0000 0000 0000 af21d212 57d20ca3: extract_entropy(.. 16 ..)
[    6.206715] random 0000 0000 0000 af21d212 57d20ca3: going to reseed nonblocking with 128 bits (128 of 0 requested)
[    6.206717] random 0000 0000 0000 af21d212 57d20ca3: extract_entropy(.. 16 ..)
[    6.206719] random 0000 0000 0000 af21d212 57d20ca3: trying to extract 128 bits from input
[    6.206721] random 0000 0000 0000 af21d212 57d20ca3: debiting 0 entropy credits from input
[    6.206723] random 0000 0000 0000 af21d212 57d20ca3: extract_entropy account returned: 0 
[    6.206726] random 0000 0000 0000 af21d212 57d20ca3: urand_change_num 68 xfer_secondary_pool(16): pool_sig fffffb7f, data_sig 00000000, bytes_mixed 0 af21d212 57d20ca3
[    6.206729] random 0000 0000 0000 af21d212 57d20ca3: trying to extract 128 bits from nonblocking
[    6.206732] random 0000 0000 0000 af21d212 57d20ca3: debiting 128 entropy credits from nonblocking (unlimited)
[    6.206734] random 0000 0000 0000 af21d212 57d20ca3: extract_entropy account returned: 16 
[    6.206738] random 0000 0000 0000 af21d212 57d20ca3: urand_change_num 69 extract_buf: pool_sig fffffb7f, data_sig ffffff88, bytes_mixed 20 af21d212 57d20ca3
[    6.206743] random 0000 0000 0000 af21d212 57d20ca3: urand_change_num 70 extract_buf: pool_sig fffffe1d, data_sig ffffff17, bytes_mixed 20 af21d212 57d20ca3
[    6.207332] random 0000 0000 0000 ffbd26fd 21933274: rand_read_num 19 get_random_bytes(16): sig ffffffc7 ffbd26fd 21933274
[    6.207334] random 0000 0000 0000 ffbd26fd 21933274: extract_entropy(.. 16 ..)
[    6.207337] random 0000 0000 0000 ffbd26fd 21933274: going to reseed nonblocking with 128 bits (128 of 0 requested)
[    6.207339] random 0000 0000 0000 ffbd26fd 21933274: extract_entropy(.. 16 ..)
[    6.207341] random 0000 0000 0000 ffbd26fd 21933274: trying to extract 128 bits from input
[    6.207343] random 0000 0000 0000 ffbd26fd 21933274: debiting 0 entropy credits from input
[    6.207345] random 0000 0000 0000 ffbd26fd 21933274: extract_entropy account returned: 0 
[    6.207349] random 0000 0000 0000 ffbd26fd 21933274: urand_change_num 71 xfer_secondary_pool(16): pool_sig ffffffc7, data_sig 00000000, bytes_mixed 0 ffbd26fd 21933274
[    6.207351] random 0000 0000 0000 ffbd26fd 21933274: trying to extract 128 bits from nonblocking
[    6.207354] random 0000 0000 0000 ffbd26fd 21933274: debiting 128 entropy credits from nonblocking (unlimited)
[    6.207356] random 0000 0000 0000 ffbd26fd 21933274: extract_entropy account returned: 16 
[    6.207360] random 0000 0000 0000 ffbd26fd 21933274: urand_change_num 72 extract_buf: pool_sig ffffffc7, data_sig 0000013b, bytes_mixed 20 ffbd26fd 21933274
[    6.207366] random 0000 0000 0000 151530a2 56c65dd3: urand_change_num 73 extract_buf: pool_sig ffffffbf, data_sig 00000036, bytes_mixed 20 151530a2 56c65dd3
[    6.207922] random 0000 0000 0000 151530a2 56c65dd3: rand_read_num 20 get_random_bytes(16): sig 000001a7 151530a2 56c65dd3
[    6.207925] random 0000 0000 0000 151530a2 56c65dd3: extract_entropy(.. 16 ..)
[    6.207928] random 0000 0000 0000 151530a2 56c65dd3: going to reseed nonblocking with 128 bits (128 of 0 requested)
[    6.207930] random 0000 0000 0000 151530a2 56c65dd3: extract_entropy(.. 16 ..)
[    6.207932] random 0000 0000 0000 151530a2 56c65dd3: trying to extract 128 bits from input
[    6.207934] random 0000 0000 0000 151530a2 56c65dd3: debiting 0 entropy credits from input
[    6.207936] random 0000 0000 0000 151530a2 56c65dd3: extract_entropy account returned: 0 
[    6.207940] random 0000 0000 0000 151530a2 56c65dd3: urand_change_num 74 xfer_secondary_pool(16): pool_sig 000001a7, data_sig 00000000, bytes_mixed 0 151530a2 56c65dd3
[    6.207942] random 0000 0000 0000 151530a2 56c65dd3: trying to extract 128 bits from nonblocking
[    6.207945] random 0000 0000 0000 151530a2 56c65dd3: debiting 128 entropy credits from nonblocking (unlimited)
[    6.207947] random 0000 0000 0000 151530a2 56c65dd3: extract_entropy account returned: 16 
[    6.207951] random 0000 0000 0000 151530a2 56c65dd3: urand_change_num 75 extract_buf: pool_sig 000001a7, data_sig ffffffa1, bytes_mixed 20 151530a2 56c65dd3
[    6.207956] random 0000 0000 0000 5d3e132e d9a77eb3: urand_change_num 76 extract_buf: pool_sig fffffcc9, data_sig 00000013, bytes_mixed 20 5d3e132e d9a77eb3
[    6.258974] random 0000 0000 0000 264837ad 0a28fef5: rand_read_num 21 get_random_bytes(16): sig ffffffd0 264837ad 0a28fef5
[    6.258977] random 0000 0000 0000 264837ad 0a28fef5: extract_entropy(.. 16 ..)
[    6.258980] random 0000 0000 0000 264837ad 0a28fef5: going to reseed nonblocking with 128 bits (128 of 0 requested)
[    6.258982] random 0000 0000 0000 264837ad 0a28fef5: extract_entropy(.. 16 ..)
[    6.258984] random 0000 0000 0000 264837ad 0a28fef5: trying to extract 128 bits from input
[    6.258987] random 0000 0000 0000 264837ad 0a28fef5: debiting 0 entropy credits from input
[    6.258989] random 0000 0000 0000 264837ad 0a28fef5: extract_entropy account returned: 0 
[    6.258992] random 0000 0000 0000 264837ad 0a28fef5: urand_change_num 77 xfer_secondary_pool(16): pool_sig ffffffd0, data_sig 00000000, bytes_mixed 0 264837ad 0a28fef5
[    6.258995] random 0000 0000 0000 264837ad 0a28fef5: trying to extract 128 bits from nonblocking
[    6.258997] random 0000 0000 0000 264837ad 0a28fef5: debiting 128 entropy credits from nonblocking (unlimited)
[    6.258999] random 0000 0000 0000 264837ad 0a28fef5: extract_entropy account returned: 16 
[    6.259003] random 0000 0000 0000 264837ad 0a28fef5: urand_change_num 78 extract_buf: pool_sig ffffffd0, data_sig 0000017b, bytes_mixed 20 264837ad 0a28fef5
[    6.259009] random 0000 0000 0000 264837ad 0a28fef5: urand_change_num 79 extract_buf: pool_sig 0000045c, data_sig 000001df, bytes_mixed 20 264837ad 0a28fef5
[    6.260467] random 0000 0000 0000 f37f7344 164aede0: rand_read_num 22 get_random_bytes(16): sig 000003c2 f37f7344 164aede0
[    6.260469] random 0000 0000 0000 f37f7344 164aede0: extract_entropy(.. 16 ..)
[    6.260472] random 0000 0000 0000 f37f7344 164aede0: going to reseed nonblocking with 128 bits (128 of 0 requested)
[    6.260474] random 0000 0000 0000 f37f7344 164aede0: extract_entropy(.. 16 ..)
[    6.260476] random 0000 0000 0000 f37f7344 164aede0: trying to extract 128 bits from input
[    6.260479] random 0000 0000 0000 f37f7344 164aede0: debiting 0 entropy credits from input
[    6.260480] random 0000 0000 0000 f37f7344 164aede0: extract_entropy account returned: 0 
[    6.260484] random 0000 0000 0000 f37f7344 164aede0: urand_change_num 80 xfer_secondary_pool(16): pool_sig 000003c2, data_sig 00000000, bytes_mixed 0 f37f7344 164aede0
[    6.260487] random 0000 0000 0000 f37f7344 164aede0: trying to extract 128 bits from nonblocking
[    6.260489] random 0000 0000 0000 f37f7344 164aede0: debiting 128 entropy credits from nonblocking (unlimited)
[    6.260491] random 0000 0000 0000 f37f7344 164aede0: extract_entropy account returned: 16 
[    6.260495] random 0000 0000 0000 f37f7344 164aede0: urand_change_num 81 extract_buf: pool_sig 000003c2, data_sig ffffff6c, bytes_mixed 20 f37f7344 164aede0
[    6.260501] random 0000 0000 0000 f37f7344 164aede0: urand_change_num 82 extract_buf: pool_sig fffffdfc, data_sig 00000091, bytes_mixed 20 f37f7344 164aede0
[    6.283277] random 0000 0000 0000 a4794863 878070c1: rand_read_num 23 get_random_bytes(16): sig 0000011b a4794863 878070c1
[    6.283280] random 0000 0000 0000 a4794863 878070c1: extract_entropy(.. 16 ..)
[    6.283283] random 0000 0000 0000 a4794863 878070c1: going to reseed nonblocking with 128 bits (128 of 0 requested)
[    6.283285] random 0000 0000 0000 a4794863 878070c1: extract_entropy(.. 16 ..)
[    6.283287] random 0000 0000 0000 a4794863 878070c1: trying to extract 128 bits from input
[    6.283289] random 0000 0000 0000 a4794863 878070c1: debiting 0 entropy credits from input
[    6.283291] random 0000 0000 0000 a4794863 878070c1: extract_entropy account returned: 0 
[    6.283294] random 0000 0000 0000 a4794863 878070c1: urand_change_num 83 xfer_secondary_pool(16): pool_sig 0000011b, data_sig 00000000, bytes_mixed 0 a4794863 878070c1
[    6.283297] random 0000 0000 0000 a4794863 878070c1: trying to extract 128 bits from nonblocking
[    6.283299] random 0000 0000 0000 a4794863 878070c1: debiting 128 entropy credits from nonblocking (unlimited)
[    6.283302] random 0000 0000 0000 a4794863 878070c1: extract_entropy account returned: 16 
[    6.283306] random 0000 0000 0000 a4794863 878070c1: urand_change_num 84 extract_buf: pool_sig 0000011b, data_sig ffffff51, bytes_mixed 20 a4794863 878070c1
[    6.283311] random 0000 0000 0000 737f19b4 9417d8ab: urand_change_num 85 extract_buf: pool_sig 000001a3, data_sig 0000006c, bytes_mixed 20 737f19b4 9417d8ab
[    6.287365] random 0000 0000 0000 737f19b4 9417d8ab: rand_read_num 24 get_random_bytes(16): sig fffffe22 737f19b4 9417d8ab
[    6.287367] random 0000 0000 0000 737f19b4 9417d8ab: extract_entropy(.. 16 ..)
[    6.287370] random 0000 0000 0000 737f19b4 9417d8ab: going to reseed nonblocking with 128 bits (128 of 0 requested)
[    6.287372] random 0000 0000 0000 737f19b4 9417d8ab: extract_entropy(.. 16 ..)
[    6.287374] random 0000 0000 0000 737f19b4 9417d8ab: trying to extract 128 bits from input
[    6.287376] random 0000 0000 0000 737f19b4 9417d8ab: debiting 0 entropy credits from input
[    6.287378] random 0000 0000 0000 737f19b4 9417d8ab: extract_entropy account returned: 0 
[    6.287382] random 0000 0000 0000 737f19b4 9417d8ab: urand_change_num 86 xfer_secondary_pool(16): pool_sig fffffe22, data_sig 00000000, bytes_mixed 0 737f19b4 9417d8ab
[    6.287384] random 0000 0000 0000 737f19b4 9417d8ab: trying to extract 128 bits from nonblocking
[    6.287387] random 0000 0000 0000 737f19b4 9417d8ab: debiting 128 entropy credits from nonblocking (unlimited)
[    6.287389] random 0000 0000 0000 737f19b4 9417d8ab: extract_entropy account returned: 16 
[    6.287393] random 0000 0000 0000 737f19b4 9417d8ab: urand_change_num 87 extract_buf: pool_sig fffffe22, data_sig 00000230, bytes_mixed 20 737f19b4 9417d8ab
[    6.287398] random 0000 0000 0000 4deb0d06 1236af4c: urand_change_num 88 extract_buf: pool_sig 000000b6, data_sig ffffff44, bytes_mixed 20 4deb0d06 1236af4c
[    6.288391] random 0000 0000 0000 b538fadc 4a7613df: rand_read_num 25 get_random_bytes(16): sig 0000013c b538fadc 4a7613df
[    6.288394] random 0000 0000 0000 b538fadc 4a7613df: extract_entropy(.. 16 ..)
[    6.288396] random 0000 0000 0000 b538fadc 4a7613df: going to reseed nonblocking with 128 bits (128 of 0 requested)
[    6.288399] random 0000 0000 0000 b538fadc 4a7613df: extract_entropy(.. 16 ..)
[    6.288401] random 0000 0000 0000 b538fadc 4a7613df: trying to extract 128 bits from input
[    6.288403] random 0000 0000 0000 b538fadc 4a7613df: debiting 0 entropy credits from input
[    6.288405] random 0000 0000 0000 b538fadc 4a7613df: extract_entropy account returned: 0 
[    6.288408] random 0000 0000 0000 b538fadc 4a7613df: urand_change_num 89 xfer_secondary_pool(16): pool_sig 0000013c, data_sig 00000000, bytes_mixed 0 b538fadc 4a7613df
[    6.288411] random 0000 0000 0000 b538fadc 4a7613df: trying to extract 128 bits from nonblocking
[    6.288413] random 0000 0000 0000 b538fadc 4a7613df: debiting 128 entropy credits from nonblocking (unlimited)
[    6.288415] random 0000 0000 0000 b538fadc 4a7613df: extract_entropy account returned: 16 
[    6.288420] random 0000 0000 0000 b538fadc 4a7613df: urand_change_num 90 extract_buf: pool_sig 0000013c, data_sig 00000015, bytes_mixed 20 b538fadc 4a7613df
[    6.288425] random 0000 0000 0000 b538fadc 4a7613df: urand_change_num 91 extract_buf: pool_sig 00000452, data_sig 0000002b, bytes_mixed 20 b538fadc 4a7613df
[    6.288881] random 0000 0000 0000 73b17df4 93bb370e: rand_read_num 26 get_random_bytes(16): sig fffffbf1 73b17df4 93bb370e
[    6.288883] random 0000 0000 0000 73b17df4 93bb370e: extract_entropy(.. 16 ..)
[    6.288886] random 0000 0000 0000 73b17df4 93bb370e: going to reseed nonblocking with 128 bits (128 of 0 requested)
[    6.288888] random 0000 0000 0000 73b17df4 93bb370e: extract_entropy(.. 16 ..)
[    6.288890] random 0000 0000 0000 73b17df4 93bb370e: trying to extract 128 bits from input
[    6.288892] random 0000 0000 0000 73b17df4 93bb370e: debiting 0 entropy credits from input
[    6.288894] random 0000 0000 0000 73b17df4 93bb370e: extract_entropy account returned: 0 
[    6.288898] random 0000 0000 0000 73b17df4 93bb370e: urand_change_num 92 xfer_secondary_pool(16): pool_sig fffffbf1, data_sig 00000000, bytes_mixed 0 73b17df4 93bb370e
[    6.288900] random 0000 0000 0000 73b17df4 93bb370e: trying to extract 128 bits from nonblocking
[    6.288903] random 0000 0000 0000 73b17df4 93bb370e: debiting 128 entropy credits from nonblocking (unlimited)
[    6.288905] random 0000 0000 0000 73b17df4 93bb370e: extract_entropy account returned: 16 
[    6.288909] random 0000 0000 0000 73b17df4 93bb370e: urand_change_num 93 extract_buf: pool_sig fffffbf1, data_sig ffffff99, bytes_mixed 20 73b17df4 93bb370e
[    6.288914] random 0000 0000 0000 73b17df4 93bb370e: urand_change_num 94 extract_buf: pool_sig fffffe1d, data_sig 000000b0, bytes_mixed 20 73b17df4 93bb370e
[    6.289318] random 0000 0000 0000 0cd682bb ba04da9f: rand_read_num 27 get_random_bytes(16): sig fffffccb 0cd682bb ba04da9f
[    6.289320] random 0000 0000 0000 0cd682bb ba04da9f: extract_entropy(.. 16 ..)
[    6.289323] random 0000 0000 0000 0cd682bb ba04da9f: going to reseed nonblocking with 128 bits (128 of 0 requested)
[    6.289325] random 0000 0000 0000 0cd682bb ba04da9f: extract_entropy(.. 16 ..)
[    6.289327] random 0000 0000 0000 0cd682bb ba04da9f: trying to extract 128 bits from input
[    6.289330] random 0000 0000 0000 0cd682bb ba04da9f: debiting 0 entropy credits from input
[    6.289332] random 0000 0000 0000 0cd682bb ba04da9f: extract_entropy account returned: 0 
[    6.289335] random 0000 0000 0000 0cd682bb ba04da9f: urand_change_num 95 xfer_secondary_pool(16): pool_sig fffffccb, data_sig 00000000, bytes_mixed 0 0cd682bb ba04da9f
[    6.289338] random 0000 0000 0000 0cd682bb ba04da9f: trying to extract 128 bits from nonblocking
[    6.289340] random 0000 0000 0000 0cd682bb ba04da9f: debiting 128 entropy credits from nonblocking (unlimited)
[    6.289342] random 0000 0000 0000 0cd682bb ba04da9f: extract_entropy account returned: 16 
[    6.289346] random 0000 0000 0000 0cd682bb ba04da9f: urand_change_num 96 extract_buf: pool_sig fffffccb, data_sig fffffec5, bytes_mixed 20 0cd682bb ba04da9f
[    6.289352] random 0000 0000 0000 26929f1a 15254dc1: urand_change_num 97 extract_buf: pool_sig fffffed2, data_sig ffffffb1, bytes_mixed 20 26929f1a 15254dc1
[    6.290223] random 0000 0000 0000 26929f1a 15254dc1: rand_read_num 28 get_random_bytes(16): sig 00000038 26929f1a 15254dc1
[    6.290226] random 0000 0000 0000 26929f1a 15254dc1: extract_entropy(.. 16 ..)
[    6.290229] random 0000 0000 0000 26929f1a 15254dc1: going to reseed nonblocking with 128 bits (128 of 0 requested)
[    6.290231] random 0000 0000 0000 26929f1a 15254dc1: extract_entropy(.. 16 ..)
[    6.290233] random 0000 0000 0000 26929f1a 15254dc1: trying to extract 128 bits from input
[    6.290235] random 0000 0000 0000 26929f1a 15254dc1: debiting 0 entropy credits from input
[    6.290237] random 0000 0000 0000 26929f1a 15254dc1: extract_entropy account returned: 0 
[    6.290240] random 0000 0000 0000 26929f1a 15254dc1: urand_change_num 98 xfer_secondary_pool(16): pool_sig 00000038, data_sig 00000000, bytes_mixed 0 26929f1a 15254dc1
[    6.290243] random 0000 0000 0000 26929f1a 15254dc1: trying to extract 128 bits from nonblocking
[    6.290245] random 0000 0000 0000 26929f1a 15254dc1: debiting 128 entropy credits from nonblocking (unlimited)
[    6.290248] random 0000 0000 0000 26929f1a 15254dc1: extract_entropy account returned: 16 
[    6.290252] random 0000 0000 0000 26929f1a 15254dc1: urand_change_num 99 extract_buf: pool_sig 00000038, data_sig 000000fd, bytes_mixed 20 26929f1a 15254dc1
[    6.290257] random 0000 0000 0000 8116fe3b 478c2d5b: urand_change_num 100 extract_buf: pool_sig 00000059, data_sig 00000310, bytes_mixed 20 8116fe3b 478c2d5b
[    6.296910] random 0000 0000 0000 a20f4a3a 32a6b2fa: rand_read_num 29 get_random_bytes(16): sig 000002c0 a20f4a3a 32a6b2fa
[    6.296912] random 0000 0000 0000 a20f4a3a 32a6b2fa: extract_entropy(.. 16 ..)
[    6.296915] random 0000 0000 0000 a20f4a3a 32a6b2fa: going to reseed nonblocking with 128 bits (128 of 0 requested)
[    6.296918] random 0000 0000 0000 a20f4a3a 32a6b2fa: extract_entropy(.. 16 ..)
[    6.296919] random 0000 0000 0000 a20f4a3a 32a6b2fa: trying to extract 128 bits from input
[    6.296922] random 0000 0000 0000 a20f4a3a 32a6b2fa: debiting 0 entropy credits from input
[    6.296924] random 0000 0000 0000 a20f4a3a 32a6b2fa: extract_entropy account returned: 0 
[    6.296927] random 0000 0000 0000 a20f4a3a 32a6b2fa: urand_change_num 101 xfer_secondary_pool(16): pool_sig 000002c0, data_sig 00000000, bytes_mixed 0 a20f4a3a 32a6b2fa
[    6.296929] random 0000 0000 0000 a20f4a3a 32a6b2fa: trying to extract 128 bits from nonblocking
[    6.296932] random 0000 0000 0000 a20f4a3a 32a6b2fa: debiting 128 entropy credits from nonblocking (unlimited)
[    6.296934] random 0000 0000 0000 a20f4a3a 32a6b2fa: extract_entropy account returned: 16 
[    6.296938] random 0000 0000 0000 a20f4a3a 32a6b2fa: urand_change_num 102 extract_buf: pool_sig 000002c0, data_sig 000000fb, bytes_mixed 20 a20f4a3a 32a6b2fa
[    6.296943] random 0000 0000 0000 a20f4a3a 32a6b2fa: urand_change_num 103 extract_buf: pool_sig ffffffdd, data_sig 000000a5, bytes_mixed 20 a20f4a3a 32a6b2fa
[    6.309444] random 0000 0000 0000 de716d2a 6c4757e1: rand_read_num 30 get_random_bytes(16): sig 000000fa de716d2a 6c4757e1
[    6.309447] random 0000 0000 0000 de716d2a 6c4757e1: extract_entropy(.. 16 ..)
[    6.309449] random 0000 0000 0000 de716d2a 6c4757e1: going to reseed nonblocking with 128 bits (128 of 0 requested)
[    6.309452] random 0000 0000 0000 de716d2a 6c4757e1: extract_entropy(.. 16 ..)
[    6.309454] random 0000 0000 0000 de716d2a 6c4757e1: trying to extract 128 bits from input
[    6.309456] random 0000 0000 0000 de716d2a 6c4757e1: debiting 0 entropy credits from input
[    6.309458] random 0000 0000 0000 de716d2a 6c4757e1: extract_entropy account returned: 0 
[    6.309461] random 0000 0000 0000 de716d2a 6c4757e1: urand_change_num 104 xfer_secondary_pool(16): pool_sig 000000fa, data_sig 00000000, bytes_mixed 0 de716d2a 6c4757e1
[    6.309464] random 0000 0000 0000 de716d2a 6c4757e1: trying to extract 128 bits from nonblocking
[    6.309466] random 0000 0000 0000 de716d2a 6c4757e1: debiting 128 entropy credits from nonblocking (unlimited)
[    6.309468] random 0000 0000 0000 de716d2a 6c4757e1: extract_entropy account returned: 16 
[    6.309472] random 0000 0000 0000 de716d2a 6c4757e1: urand_change_num 105 extract_buf: pool_sig 000000fa, data_sig ffffff34, bytes_mixed 20 de716d2a 6c4757e1
[    6.309478] random 0000 0000 0000 de716d2a 6c4757e1: urand_change_num 106 extract_buf: pool_sig 000003d3, data_sig ffffff30, bytes_mixed 20 de716d2a 6c4757e1
[    6.310067] random 0000 0000 0000 a7c511e1 f90ea457: rand_read_num 31 get_random_bytes(16): sig 0000009a a7c511e1 f90ea457
[    6.310070] random 0000 0000 0000 a7c511e1 f90ea457: extract_entropy(.. 16 ..)
[    6.310072] random 0000 0000 0000 a7c511e1 f90ea457: going to reseed nonblocking with 128 bits (128 of 0 requested)
[    6.310075] random 0000 0000 0000 a7c511e1 f90ea457: extract_entropy(.. 16 ..)
[    6.310077] random 0000 0000 0000 a7c511e1 f90ea457: trying to extract 128 bits from input
[    6.310079] random 0000 0000 0000 a7c511e1 f90ea457: debiting 0 entropy credits from input
[    6.310081] random 0000 0000 0000 a7c511e1 f90ea457: extract_entropy account returned: 0 
[    6.310084] random 0000 0000 0000 a7c511e1 f90ea457: urand_change_num 107 xfer_secondary_pool(16): pool_sig 0000009a, data_sig 00000000, bytes_mixed 0 a7c511e1 f90ea457
[    6.310087] random 0000 0000 0000 a7c511e1 f90ea457: trying to extract 128 bits from nonblocking
[    6.310089] random 0000 0000 0000 a7c511e1 f90ea457: debiting 128 entropy credits from nonblocking (unlimited)
[    6.310091] random 0000 0000 0000 a7c511e1 f90ea457: extract_entropy account returned: 16 
[    6.310095] random 0000 0000 0000 a7c511e1 f90ea457: urand_change_num 108 extract_buf: pool_sig 0000009a, data_sig 000000e0, bytes_mixed 20 a7c511e1 f90ea457
[    6.310101] random 0000 0000 0000 7c18c7e6 d65ccb06: urand_change_num 109 extract_buf: pool_sig fffffa79, data_sig 000000e0, bytes_mixed 20 7c18c7e6 d65ccb06
[    6.310696] random 0000 0000 0000 7c18c7e6 d65ccb06: rand_read_num 32 get_random_bytes(16): sig fffffe1e 7c18c7e6 d65ccb06
[    6.310699] random 0000 0000 0000 7c18c7e6 d65ccb06: extract_entropy(.. 16 ..)
[    6.310701] random 0000 0000 0000 7c18c7e6 d65ccb06: going to reseed nonblocking with 128 bits (128 of 0 requested)
[    6.310703] random 0000 0000 0000 7c18c7e6 d65ccb06: extract_entropy(.. 16 ..)
[    6.310705] random 0000 0000 0000 7c18c7e6 d65ccb06: trying to extract 128 bits from input
[    6.310708] random 0000 0000 0000 7c18c7e6 d65ccb06: debiting 0 entropy credits from input
[    6.310710] random 0000 0000 0000 7c18c7e6 d65ccb06: extract_entropy account returned: 0 
[    6.310713] random 0000 0000 0000 7c18c7e6 d65ccb06: urand_change_num 110 xfer_secondary_pool(16): pool_sig fffffe1e, data_sig 00000000, bytes_mixed 0 7c18c7e6 d65ccb06
[    6.310716] random 0000 0000 0000 7c18c7e6 d65ccb06: trying to extract 128 bits from nonblocking
[    6.310718] random 0000 0000 0000 7c18c7e6 d65ccb06: debiting 128 entropy credits from nonblocking (unlimited)
[    6.310720] random 0000 0000 0000 7c18c7e6 d65ccb06: extract_entropy account returned: 16 
