[    0.000000] random 0000 0000 0000 00000000 00000000: rand_read_num 1 get_random_bytes(8): sig 00000000 00000000 00000000
[    0.000000] random 0000 0000 0000 00000000 00000000: extract_entropy(.. 8 ..)
[    0.000000] random 0000 0000 0000 00000000 00000000: going to reseed nonblocking with 64 bits (64 of 0 requested)
[    0.000000] random 0000 0000 0000 00000000 00000000: extract_entropy(.. 8 ..)
[    0.000000] random 0000 0000 0000 00000000 00000000: trying to extract 64 bits from input
[    0.000000] random 0000 0000 0000 00000000 00000000: debiting 0 entropy credits from input
[    0.000000] random 0000 0000 0000 00000000 00000000: extract_entropy account returned: 0 
[    0.000000] random 0000 0000 0000 00000000 00000000: urand_change_num 1 xfer_secondary_pool(8): pool_sig 00000000, data_sig 00000000, bytes_mixed 0 00000000 00000000
[    0.000000] random 0000 0000 0000 00000000 00000000: trying to extract 64 bits from nonblocking
[    0.000000] random 0000 0000 0000 00000000 00000000: debiting 64 entropy credits from nonblocking (unlimited)
[    0.000000] random 0000 0000 0000 00000000 00000000: extract_entropy account returned: 8 
[    0.000000] random 0000 0000 0000 00000000 00000000: urand_change_num 2 extract_buf: pool_sig 00000000, data_sig fffffff9, bytes_mixed 20 00000000 00000000
[    0.000000] Linux version 2.6.32.57 (dcashman@dcashman-02) (gcc version 4.3.3 (GCC) ) #3 Fri May 24 04:27:34 PDT 2013
[    0.000000] KERNEL supported cpus:
[    0.000000]   Intel GenuineIntel
[    0.000000]   AMD AuthenticAMD
[    0.000000]   NSC Geode by NSC
[    0.000000]   Cyrix CyrixInstead
[    0.000000]   Centaur CentaurHauls
[    0.000000]   Transmeta GenuineTMx86
[    0.000000]   Transmeta TransmetaCPU
[    0.000000]   UMC UMC UMC UMC
[    0.000000] BIOS-provided physical RAM map:
[    0.000000]  BIOS-e820: 0000000000000000 - 000000000009d800 (usable)
[    0.000000]  BIOS-e820: 000000000009d800 - 00000000000a0000 (reserved)
[    0.000000]  BIOS-e820: 00000000000d2000 - 00000000000d4000 (reserved)
[    0.000000]  BIOS-e820: 00000000000e0000 - 0000000000100000 (reserved)
[    0.000000]  BIOS-e820: 0000000000100000 - 000000003d6b0000 (usable)
[    0.000000]  BIOS-e820: 000000003d6b0000 - 000000003d6cc000 (ACPI data)
[    0.000000]  BIOS-e820: 000000003d6cc000 - 000000003d700000 (ACPI NVS)
[    0.000000]  BIOS-e820: 000000003d700000 - 000000003e000000 (reserved)
[    0.000000]  BIOS-e820: 00000000f0000000 - 00000000f4000000 (reserved)
[    0.000000]  BIOS-e820: 00000000fec00000 - 00000000fec10000 (reserved)
[    0.000000]  BIOS-e820: 00000000fed00000 - 00000000fed00400 (reserved)
[    0.000000]  BIOS-e820: 00000000fed14000 - 00000000fed1a000 (reserved)
[    0.000000]  BIOS-e820: 00000000fed1c000 - 00000000fed90000 (reserved)
[    0.000000]  BIOS-e820: 00000000fee00000 - 00000000fee01000 (reserved)
[    0.000000]  BIOS-e820: 00000000ff000000 - 0000000100000000 (reserved)
[    0.000000] DMI present.
[    0.000000] last_pfn = 0x3d6b0 max_arch_pfn = 0x100000
[    0.000000] MTRR default type: uncachable
[    0.000000] MTRR fixed ranges enabled:
[    0.000000]   00000-9FFFF write-back
[    0.000000]   A0000-BFFFF uncachable
[    0.000000]   C0000-CFFFF write-protect
[    0.000000]   D0000-DFFFF uncachable
[    0.000000]   E0000-FFFFF write-protect
[    0.000000] MTRR variable ranges enabled:
[    0.000000]   0 base 03E000000 mask FFE000000 uncachable
[    0.000000]   1 base 000000000 mask FC0000000 write-back
[    0.000000]   2 base 03D700000 mask FFFF00000 uncachable
[    0.000000]   3 base 03D800000 mask FFF800000 uncachable
[    0.000000]   4 disabled
[    0.000000]   5 disabled
[    0.000000]   6 disabled
[    0.000000]   7 disabled
[    0.000000] initial memory mapped : 0 - 02000000
[    0.000000] init_memory_mapping: 0000000000000000-00000000377fe000
[    0.000000]  0000000000 - 0000400000 page 4k
[    0.000000]  0000400000 - 0037400000 page 2M
[    0.000000]  0037400000 - 00377fe000 page 4k
[    0.000000] kernel direct mapping tables up to 377fe000 @ 7000-c000
[    0.000000] ACPI: RSDP 000f68d0 00024 (v02 LENOVO)
[    0.000000] ACPI: XSDT 3d6bb77f 00094 (v01 LENOVO TP-7L    00002170  LTP 00000000)
[    0.000000] ACPI: FACP 3d6bb900 000F4 (v03 LENOVO TP-7L    00002170 LNVO 00000001)
[    0.000000] ACPI Warning: 32/64X length mismatch in Gpe1Block: 0/32 (20090903/tbfadt-526)
[    0.000000] ACPI Warning: Optional field Gpe1Block has zero address or length: 000000000000102C/0 (20090903/tbfadt-557)
[    0.000000] ACPI: DSDT 3d6bbd1d 0FED1 (v01 LENOVO TP-7L    00002170 MSFT 03000000)
[    0.000000] ACPI: FACS 3d6e4000 00040
[    0.000000] ACPI: SSDT 3d6bbab4 00269 (v01 LENOVO TP-7L    00002170 MSFT 03000000)
[    0.000000] ACPI: ECDT 3d6cbbee 00052 (v01 LENOVO TP-7L    00002170 LNVO 00000001)
[    0.000000] ACPI: TCPA 3d6cbc40 00032 (v02 LENOVO TP-7L    00002170 LNVO 00000001)
[    0.000000] ACPI: APIC 3d6cbc72 00068 (v01 LENOVO TP-7L    00002170 LNVO 00000001)
[    0.000000] ACPI: MCFG 3d6cbcda 0003C (v01 LENOVO TP-7L    00002170 LNVO 00000001)
[    0.000000] ACPI: HPET 3d6cbd16 00038 (v01 LENOVO TP-7L    00002170 LNVO 00000001)
[    0.000000] ACPI: SLIC 3d6cbdf0 00176 (v01 LENOVO TP-7L    00002170  LTP 00000000)
[    0.000000] ACPI: BOOT 3d6cbf66 00028 (v01 LENOVO TP-7L    00002170  LTP 00000001)
[    0.000000] ACPI: ASF! 3d6cbf8e 00072 (v16 LENOVO TP-7L    00002170 PTL  00000001)
[    0.000000] ACPI: SSDT 3d6e26d9 0025F (v01 LENOVO TP-7L    00002170 INTL 20050513)
[    0.000000] ACPI: SSDT 3d6e2938 000A6 (v01 LENOVO TP-7L    00002170 INTL 20050513)
[    0.000000] ACPI: SSDT 3d6e29de 004F7 (v01 LENOVO TP-7L    00002170 INTL 20050513)
[    0.000000] ACPI: SSDT 3d6e2ed5 001D8 (v01 LENOVO TP-7L    00002170 INTL 20050513)
[    0.000000] ACPI: DMI detected: Lenovo ThinkPad R61
[    0.000000] ACPI: Added _OSI(Linux)
[    0.000000] ACPI: Local APIC address 0xfee00000
[    0.000000] 94MB HIGHMEM available.
[    0.000000] 887MB LOWMEM available.
[    0.000000]   mapped low ram: 0 - 377fe000
[    0.000000]   low ram: 0 - 377fe000
[    0.000000]   node 0 low ram: 00000000 - 377fe000
[    0.000000]   node 0 bootmap 00008000 - 0000ef00
[    0.000000] (6 early reservations) ==> bootmem [0000000000 - 00377fe000]
[    0.000000]   #0 [0000000000 - 0000001000]   BIOS data page ==> [0000000000 - 0000001000]
[    0.000000]   #1 [0001000000 - 0001bdc180]    TEXT DATA BSS ==> [0001000000 - 0001bdc180]
[    0.000000]   #2 [000009d800 - 0000100000]    BIOS reserved ==> [000009d800 - 0000100000]
[    0.000000]   #3 [0001bdd000 - 0001be516c]              BRK ==> [0001bdd000 - 0001be516c]
[    0.000000]   #4 [0000007000 - 0000008000]          PGTABLE ==> [0000007000 - 0000008000]
[    0.000000]   #5 [0000008000 - 000000f000]          BOOTMAP ==> [0000008000 - 000000f000]
[    0.000000] found SMP MP-table at [c00f6900] f6900
[    0.000000] Zone PFN ranges:
[    0.000000]   DMA      0x00000000 -> 0x00001000
[    0.000000]   Normal   0x00001000 -> 0x000377fe
[    0.000000]   HighMem  0x000377fe -> 0x0003d6b0
[    0.000000] Movable zone start PFN for each node
[    0.000000] early_node_map[2] active PFN ranges
[    0.000000]     0: 0x00000000 -> 0x0000009d
[    0.000000]     0: 0x00000100 -> 0x0003d6b0
[    0.000000] On node 0 totalpages: 251469
[    0.000000] free_area_init_node: node 0, pgdat c1901ea0, node_mem_map c1be7000
[    0.000000]   DMA zone: 32 pages used for memmap
[    0.000000]   DMA zone: 0 pages reserved
[    0.000000]   DMA zone: 3965 pages, LIFO batch:0
[    0.000000]   Normal zone: 1744 pages used for memmap
[    0.000000]   Normal zone: 221486 pages, LIFO batch:31
[    0.000000]   HighMem zone: 190 pages used for memmap
[    0.000000]   HighMem zone: 24052 pages, LIFO batch:3
[    0.000000] Using APIC driver default
[    0.000000] ACPI: PM-Timer IO Port: 0x1008
[    0.000000] ACPI: Local APIC address 0xfee00000
[    0.000000] ACPI: LAPIC (acpi_id[0x00] lapic_id[0x00] enabled)
[    0.000000] ACPI: LAPIC (acpi_id[0x01] lapic_id[0x01] enabled)
[    0.000000] ACPI: NR_CPUS/possible_cpus limit of 1 reached.  Processor 1/0x1 ignored.
[    0.000000] ACPI: LAPIC_NMI (acpi_id[0x00] high edge lint[0x1])
[    0.000000] ACPI: LAPIC_NMI (acpi_id[0x01] high edge lint[0x1])
[    0.000000] ACPI: IOAPIC (id[0x01] address[0xfec00000] gsi_base[0])
[    0.000000] IOAPIC[0]: apic_id 1, version 32, address 0xfec00000, GSI 0-23
[    0.000000] ACPI: INT_SRC_OVR (bus 0 bus_irq 0 global_irq 2 dfl dfl)
[    0.000000] ACPI: INT_SRC_OVR (bus 0 bus_irq 9 global_irq 9 high level)
[    0.000000] ACPI: IRQ0 used by override.
[    0.000000] ACPI: IRQ2 used by override.
[    0.000000] ACPI: IRQ9 used by override.
[    0.000000] Using ACPI (MADT) for SMP configuration information
[    0.000000] ACPI: HPET id: 0x8086a201 base: 0xfed00000
[    0.000000] nr_irqs_gsi: 24
[    0.000000] PM: Registered nosave memory: 000000000009d000 - 000000000009e000
[    0.000000] PM: Registered nosave memory: 000000000009e000 - 00000000000a0000
[    0.000000] PM: Registered nosave memory: 00000000000a0000 - 00000000000d2000
[    0.000000] PM: Registered nosave memory: 00000000000d2000 - 00000000000d4000
[    0.000000] PM: Registered nosave memory: 00000000000d4000 - 00000000000e0000
[    0.000000] PM: Registered nosave memory: 00000000000e0000 - 0000000000100000
[    0.000000] Allocating PCI resources starting at 3e000000 (gap: 3e000000:b2000000)
[    0.000000] Built 1 zonelists in Zone order, mobility grouping on.  Total pages: 249503
[    0.000000] Kernel command line: auto BOOT_IMAGE=Linux ro root=802 vt.default_utf8=0 maxcpus=0
[    0.000000] PID hash table entries: 4096 (order: 2, 16384 bytes)
[    0.000000] Dentry cache hash table entries: 131072 (order: 7, 524288 bytes)
[    0.000000] Inode-cache hash table entries: 65536 (order: 6, 262144 bytes)
[    0.000000] Enabling fast FPU save and restore... done.
[    0.000000] Enabling unmasked SIMD FPU exception support... done.
[    0.000000] Initializing CPU#0
[    0.000000] Initializing HighMem for node 0 (000377fe:0003d6b0)
[    0.000000] Memory: 984800k/1006272k available (6914k kernel code, 20876k reserved, 2328k data, 448k init, 96968k highmem)
[    0.000000] virtual kernel memory layout:
[    0.000000]     fixmap  : 0xfffa3000 - 0xfffff000   ( 368 kB)
[    0.000000]     pkmap   : 0xff800000 - 0xffc00000   (4096 kB)
[    0.000000]     vmalloc : 0xf7ffe000 - 0xff7fe000   ( 120 MB)
[    0.000000]     lowmem  : 0xc0000000 - 0xf77fe000   ( 887 MB)
[    0.000000]       .init : 0xc1907000 - 0xc1977000   ( 448 kB)
[    0.000000]       .data : 0xc16c0b5f - 0xc1906c64   (2328 kB)
[    0.000000]       .text : 0xc1000000 - 0xc16c0b5f   (6914 kB)
[    0.000000] Checking if this processor honours the WP bit even in supervisor mode...Ok.
[    0.000000] SLUB: Genslabs=13, HWalign=64, Order=0-3, MinObjects=0, CPUs=1, Nodes=1
[    0.000000] Hierarchical RCU implementation.
[    0.000000] NR_IRQS:288
[    0.000000] Extended CMOS year: 2000
[    0.000000] Console: colour VGA+ 80x25
[    0.000000] console [tty0] enabled
[    0.000000] hpet clockevent registered
[    0.000000] Fast TSC calibration using PIT
[    0.000000] Detected 2094.667 MHz processor.
[    0.002001] Calibrating delay loop (skipped), value calculated using timer frequency.. 4189.33 BogoMIPS (lpj=2094667)
[    0.002167] Security Framework initialized
[    0.002256] Mount-cache hash table entries: 512
[    0.002400] CPU: L1 I cache: 32K, L1 D cache: 32K
[    0.002525] CPU: L2 cache: 3072K
[    0.002599] mce: CPU supports 6 MCE banks
[    0.002681] CPU0: Thermal monitoring enabled (TM2)
[    0.002764] using mwait in idle threads.
[    0.002845] CPU: Intel(R) Core(TM)2 Duo CPU     T8100  @ 2.10GHz stepping 06
[    0.003078] Checking 'hlt' instruction... OK.
[    0.007937] ACPI: Core revision 20090903
[    0.027018] CANARY value: a165f12 for PID: 1
[    0.027047] Enabling APIC mode:  Flat.  Using 1 I/O APICs
[    0.027494] ..TIMER: vector=0x30 apic1=0 pin1=2 apic2=-1 pin2=-1
[    0.037997] xor: automatically using best checksumming function: pIII_sse
[    0.041998]    pIII_sse  :  8568.000 MB/sec
[    0.042086] xor: using function: pIII_sse (8568.000 MB/sec)
[    0.042176] RANDOM - __seed init called.
[    0.042177] RANDOM - __seed init called.
[    0.042178] RANDOM - __seed init called.
[    0.042179] RANDOM - __random32 called. Change num 1.  Value: f7943846	49e73df3	af36cd0d
[    0.042181] RANDOM - __random32 called. Change num 2.  Value: 43846e13	9e73df37	9a1ad014
[    0.042183] RANDOM - __random32 called. Change num 3.  Value: 46e139c8	e73df373	a029598a
[    0.042184] RANDOM - __random32 called. Change num 4.  Value: 139c8c3b	73df373d	b3142c72
[    0.042186] RANDOM - __random32 called. Change num 5.  Value: c8c3b043	3df373de	58e576a9
[    0.042188] RANDOM - __random32 called. Change num 6.  Value: 3b0437d9	df373de5	ed53f9d8
[    0.042189] RANDOM - random32 init called.  Value: 3b0437d9	df373de5	ed53f9d8
[    0.042206] NET: Registered protocol family 16
[    0.042458] ACPI FADT declares the system doesn't support PCIe ASPM, so disable it
[    0.042570] ACPI: bus type pci registered
[    0.042730] PCI: MCFG configuration 0: base f0000000 segment 0 buses 0 - 63
[    0.042818] PCI: MCFG area at f0000000 reserved in E820
[    0.042903] PCI: Using MMCONFIG for extended config space
[    0.042990] PCI: Using configuration type 1 for base access
[    0.046087] bio: create slab <bio-0> at 0
[    0.046888] ACPI: EC: EC description table is found, configuring boot EC
[    0.052037] ACPI: BIOS _OSI(Linux) query honored via DMI
[    0.052747] random 0000 0000 0000 00000000 00000000: rand_read_num 2 get_random_bytes(8): sig fffffe1a 00000000 00000000
[    0.052750] random 0000 0000 0000 00000000 00000000: extract_entropy(.. 8 ..)
[    0.052753] random 0000 0000 0000 00000000 00000000: going to reseed nonblocking with 64 bits (64 of 0 requested)
[    0.052755] random 0000 0000 0000 00000000 00000000: extract_entropy(.. 8 ..)
[    0.052757] random 0000 0000 0000 00000000 00000000: trying to extract 64 bits from input
[    0.052759] random 0000 0000 0000 00000000 00000000: debiting 0 entropy credits from input
[    0.052761] random 0000 0000 0000 00000000 00000000: extract_entropy account returned: 0 
[    0.052792] random 0000 0000 0000 00000000 00000000: urand_change_num 3 xfer_secondary_pool(8): pool_sig fffffe1a, data_sig 00000000, bytes_mixed 0 00000000 00000000
[    0.052795] random 0000 0000 0000 00000000 00000000: trying to extract 64 bits from nonblocking
[    0.052798] random 0000 0000 0000 00000000 00000000: debiting 64 entropy credits from nonblocking (unlimited)
[    0.052800] random 0000 0000 0000 00000000 00000000: extract_entropy account returned: 8 
[    0.052804] random 0000 0000 0000 00000000 00000000: urand_change_num 4 extract_buf: pool_sig fffffe1a, data_sig fffffed7, bytes_mixed 20 00000000 00000000
[    0.058310] ACPI: Interpreter enabled
[    0.058388] ACPI: (supports S0 S3 S4 S5)
[    0.058679] ACPI: Using IOAPIC for interrupt routing
[    0.068481] ACPI: EC: GPE = 0x12, I/O: command/status = 0x66, data = 0x62
[    0.068754] ACPI: Power Resource [PUBS] (on)
[    0.070861] ACPI: ACPI Dock Station Driver: 3 docks/bays found
[    0.071272] ACPI: PCI Root Bridge [PCI0] (0000:00)
[    0.071434] pci 0000:00:02.0: reg 10 64bit mmio: [0xf8100000-0xf81fffff]
[    0.071440] pci 0000:00:02.0: reg 18 64bit mmio pref: [0xe0000000-0xefffffff]
[    0.071444] pci 0000:00:02.0: reg 20 io port: [0x1800-0x1807]
[    0.071478] pci 0000:00:02.1: reg 10 64bit mmio: [0xf8200000-0xf82fffff]
[    0.071582] pci 0000:00:19.0: reg 10 32bit mmio: [0xfe000000-0xfe01ffff]
[    0.071591] pci 0000:00:19.0: reg 14 32bit mmio: [0xfe025000-0xfe025fff]
[    0.071601] pci 0000:00:19.0: reg 18 io port: [0x1840-0x185f]
[    0.071677] pci 0000:00:19.0: PME# supported from D0 D3hot D3cold
[    0.071770] pci 0000:00:19.0: PME# disabled
[    0.071906] pci 0000:00:1a.0: reg 20 io port: [0x1860-0x187f]
[    0.072002] pci 0000:00:1a.1: reg 20 io port: [0x1880-0x189f]
[    0.072080] pci 0000:00:1a.7: reg 10 32bit mmio: [0xfe226c00-0xfe226fff]
[    0.072162] pci 0000:00:1a.7: PME# supported from D0 D3hot D3cold
[    0.072247] pci 0000:00:1a.7: PME# disabled
[    0.072387] pci 0000:00:1b.0: reg 10 64bit mmio: [0xfe020000-0xfe023fff]
[    0.072466] pci 0000:00:1b.0: PME# supported from D0 D3hot D3cold
[    0.072550] pci 0000:00:1b.0: PME# disabled
[    0.072750] pci 0000:00:1c.0: PME# supported from D0 D3hot D3cold
[    0.072836] pci 0000:00:1c.0: PME# disabled
[    0.073048] pci 0000:00:1c.1: PME# supported from D0 D3hot D3cold
[    0.073138] pci 0000:00:1c.1: PME# disabled
[    0.073341] pci 0000:00:1c.2: PME# supported from D0 D3hot D3cold
[    0.073424] pci 0000:00:1c.2: PME# disabled
[    0.073621] pci 0000:00:1c.3: PME# supported from D0 D3hot D3cold
[    0.073703] pci 0000:00:1c.3: PME# disabled
[    0.074117] pci 0000:00:1c.4: PME# supported from D0 D3hot D3cold
[    0.074201] pci 0000:00:1c.4: PME# disabled
[    0.074350] pci 0000:00:1d.0: reg 20 io port: [0x18a0-0x18bf]
[    0.074424] pci 0000:00:1d.1: reg 20 io port: [0x18c0-0x18df]
[    0.074510] pci 0000:00:1d.2: reg 20 io port: [0x18e0-0x18ff]
[    0.075048] pci 0000:00:1d.7: reg 10 32bit mmio: [0xfe227000-0xfe2273ff]
[    0.075150] pci 0000:00:1d.7: PME# supported from D0 D3hot D3cold
[    0.075245] pci 0000:00:1d.7: PME# disabled
[    0.075525] pci 0000:00:1f.0: quirk: region 1000-107f claimed by ICH6 ACPI/GPIO/TCO
[    0.075655] pci 0000:00:1f.0: quirk: region 1180-11bf claimed by ICH6 GPIO
[    0.075749] pci 0000:00:1f.0: ICH7 LPC Generic IO decode 1 PIO at 1600 (mask 007f)
[    0.075862] pci 0000:00:1f.0: ICH7 LPC Generic IO decode 2 PIO at 15e0 (mask 000f)
[    0.075981] pci 0000:00:1f.0: ICH7 LPC Generic IO decode 3 PIO at 1680 (mask 001f)
[    0.076072] pci 0000:00:1f.1: reg 10 io port: [0x00-0x07]
[    0.076081] pci 0000:00:1f.1: reg 14 io port: [0x00-0x03]
[    0.076090] pci 0000:00:1f.1: reg 18 io port: [0x00-0x07]
[    0.076097] pci 0000:00:1f.1: reg 1c io port: [0x00-0x03]
[    0.076109] pci 0000:00:1f.1: reg 20 io port: [0x1c00-0x1c0f]
[    0.076190] pci 0000:00:1f.2: reg 10 io port: [0x1c50-0x1c57]
[    0.076197] pci 0000:00:1f.2: reg 14 io port: [0x1c44-0x1c47]
[    0.076205] pci 0000:00:1f.2: reg 18 io port: [0x1c48-0x1c4f]
[    0.076214] pci 0000:00:1f.2: reg 1c io port: [0x1c40-0x1c43]
[    0.076223] pci 0000:00:1f.2: reg 20 io port: [0x1c20-0x1c3f]
[    0.076230] pci 0000:00:1f.2: reg 24 32bit mmio: [0xfe226000-0xfe2267ff]
[    0.076295] pci 0000:00:1f.2: PME# supported from D3hot
[    0.076388] pci 0000:00:1f.2: PME# disabled
[    0.076506] pci 0000:00:1f.3: reg 10 32bit mmio: [0xfe227400-0xfe2274ff]
[    0.076530] pci 0000:00:1f.3: reg 20 io port: [0x1c60-0x1c7f]
[    0.076618] pci 0000:00:1c.0: bridge io port: [0x2000-0x2fff]
[    0.076622] pci 0000:00:1c.0: bridge 32bit mmio: [0xfc000000-0xfdffffff]
[    0.076634] pci 0000:00:1c.0: bridge 64bit mmio pref: [0xf8000000-0xf80fffff]
[    0.076707] pci 0000:03:00.0: reg 10 64bit mmio: [0xdf3f0000-0xdf3fffff]
[    0.077009] pci 0000:00:1c.1: bridge io port: [0x3000-0x3fff]
[    0.077015] pci 0000:00:1c.1: bridge 32bit mmio: [0xdc000000-0xdf3fffff]
[    0.077022] pci 0000:00:1c.1: bridge 64bit mmio pref: [0xdfe00000-0xdfefffff]
[    0.077079] pci 0000:00:1c.2: bridge io port: [0x4000-0x4fff]
[    0.077083] pci 0000:00:1c.2: bridge 32bit mmio: [0xd8000000-0xd9ffffff]
[    0.077092] pci 0000:00:1c.2: bridge 64bit mmio pref: [0xdfb00000-0xdfbfffff]
[    0.077149] pci 0000:00:1c.3: bridge io port: [0x5000-0x5fff]
[    0.077153] pci 0000:00:1c.3: bridge 32bit mmio: [0xd4000000-0xd5ffffff]
[    0.077161] pci 0000:00:1c.3: bridge 64bit mmio pref: [0xdf800000-0xdf8fffff]
[    0.077226] pci 0000:00:1c.4: bridge io port: [0x6000-0x6fff]
[    0.077232] pci 0000:00:1c.4: bridge 32bit mmio: [0xd0000000-0xd1ffffff]
[    0.077240] pci 0000:00:1c.4: bridge 64bit mmio pref: [0xdf500000-0xdf5fffff]
[    0.077301] pci 0000:15:00.0: reg 10 32bit mmio: [0xf8300000-0xf8300fff]
[    0.077348] pci 0000:15:00.0: supports D1 D2
[    0.077349] pci 0000:15:00.0: PME# supported from D0 D1 D2 D3hot D3cold
[    0.077434] pci 0000:15:00.0: PME# disabled
[    0.077568] pci 0000:15:00.1: reg 10 32bit mmio: [0xf8301000-0xf83017ff]
[    0.077665] pci 0000:15:00.1: supports D1 D2
[    0.077667] pci 0000:15:00.1: PME# supported from D0 D1 D2 D3hot D3cold
[    0.077766] pci 0000:15:00.1: PME# disabled
[    0.077936] pci 0000:00:1e.0: transparent bridge
[    0.077999] pci 0000:00:1e.0: bridge io port: [0x7000-0xafff]
[    0.078005] pci 0000:00:1e.0: bridge 32bit mmio: [0xf8300000-0xfbffffff]
[    0.078012] pci 0000:00:1e.0: bridge 64bit mmio pref: [0xf4000000-0xf7ffffff]
[    0.078079] pci_bus 0000:00: on NUMA node 0
[    0.078083] ACPI: PCI Interrupt Routing Table [\_SB_.PCI0._PRT]
[    0.078217] ACPI: PCI Interrupt Routing Table [\_SB_.PCI0.EXP0._PRT]
[    0.078276] ACPI: PCI Interrupt Routing Table [\_SB_.PCI0.EXP1._PRT]
[    0.078333] ACPI: PCI Interrupt Routing Table [\_SB_.PCI0.EXP2._PRT]
[    0.078391] ACPI: PCI Interrupt Routing Table [\_SB_.PCI0.EXP3._PRT]
[    0.078453] ACPI: PCI Interrupt Routing Table [\_SB_.PCI0.EXP4._PRT]
[    0.078515] ACPI: PCI Interrupt Routing Table [\_SB_.PCI0.PCI1._PRT]
[    0.084005] ACPI: PCI Interrupt Link [LNKA] (IRQs 3 4 5 6 7 9 *10 11)
[    0.084715] ACPI: PCI Interrupt Link [LNKB] (IRQs 3 4 5 6 7 9 10 *11)
[    0.085436] ACPI: PCI Interrupt Link [LNKC] (IRQs 3 4 5 6 7 9 10 *11)
[    0.086158] ACPI: PCI Interrupt Link [LNKD] (IRQs 3 4 5 6 7 9 10 *11)
[    0.086868] ACPI: PCI Interrupt Link [LNKE] (IRQs 3 4 5 6 7 9 10 *11)
[    0.087561] ACPI: PCI Interrupt Link [LNKF] (IRQs 3 4 5 6 7 9 10 *11)
[    0.088335] ACPI: PCI Interrupt Link [LNKG] (IRQs 3 4 5 6 7 9 10 *11)
[    0.089076] ACPI: PCI Interrupt Link [LNKH] (IRQs 3 4 5 6 7 9 10 *11)
[    0.089772] vgaarb: device added: PCI:0000:00:02.0,decodes=io+mem,owns=io+mem,locks=none
[    0.089902] vgaarb: loaded
[    0.090081] SCSI subsystem initialized
[    0.090180] libata version 3.00 loaded.
[    0.090229] usbcore: registered new interface driver usbfs
[    0.090347] usbcore: registered new interface driver hub
[    0.090448] usbcore: registered new device driver usb
[    0.107039] raid6: int32x1    941 MB/s
[    0.124058] raid6: int32x2    890 MB/s
[    0.141063] raid6: int32x4    750 MB/s
[    0.157998] raid6: int32x8    656 MB/s
[    0.174990] raid6: mmxx1     2878 MB/s
[    0.191984] raid6: mmxx2     3269 MB/s
[    0.208994] raid6: sse1x1    1937 MB/s
[    0.225998] raid6: sse1x2    2535 MB/s
[    0.242979] raid6: sse2x1    3507 MB/s
[    0.259970] raid6: sse2x2    3824 MB/s
[    0.260050] raid6: using algorithm sse2x2 (3824 MB/s)
[    0.260132] PCI: Using ACPI for IRQ routing
[    0.260427] HPET: 3 timers in total, 0 timers will be used for per-cpu timer
[    0.260990] Switching to clocksource tsc
[    0.261084] pnp: PnP ACPI init
[    0.261177] ACPI: bus type pnp registered
[    0.264884] pnp: PnP ACPI: found 11 devices
[    0.264972] ACPI: ACPI bus type pnp unregistered
[    0.265062] system 00:00: iomem range 0x0-0x9ffff could not be reserved
[    0.265148] system 00:00: iomem range 0xc0000-0xc3fff could not be reserved
[    0.265238] system 00:00: iomem range 0xc4000-0xc7fff could not be reserved
[    0.265326] system 00:00: iomem range 0xc8000-0xcbfff has been reserved
[    0.265417] system 00:00: iomem range 0xcc000-0xcffff has been reserved
[    0.265508] system 00:00: iomem range 0xd0000-0xd3fff could not be reserved
[    0.265594] system 00:00: iomem range 0xe0000-0xe3fff could not be reserved
[    0.265679] system 00:00: iomem range 0xe4000-0xe7fff could not be reserved
[    0.265774] system 00:00: iomem range 0xe8000-0xebfff could not be reserved
[    0.265869] system 00:00: iomem range 0xec000-0xeffff could not be reserved
[    0.265951] system 00:00: iomem range 0xf0000-0xfffff could not be reserved
[    0.266038] system 00:00: iomem range 0x100000-0x3dffffff could not be reserved
[    0.266164] system 00:00: iomem range 0xfec00000-0xfed3ffff could not be reserved
[    0.266276] system 00:00: iomem range 0xfed4c000-0xffffffff could not be reserved
[    0.266393] system 00:02: ioport range 0x164e-0x164f has been reserved
[    0.266476] system 00:02: ioport range 0x1000-0x107f has been reserved
[    0.266560] system 00:02: ioport range 0x1180-0x11bf has been reserved
[    0.266649] system 00:02: ioport range 0x800-0x80f has been reserved
[    0.266730] system 00:02: ioport range 0x15e0-0x15ef has been reserved
[    0.266819] system 00:02: ioport range 0x1600-0x165f could not be reserved
[    0.266905] system 00:02: iomem range 0xf0000000-0xf3ffffff has been reserved
[    0.266988] system 00:02: iomem range 0xfed1c000-0xfed1ffff has been reserved
[    0.267071] system 00:02: iomem range 0xfed14000-0xfed17fff has been reserved
[    0.267152] system 00:02: iomem range 0xfed18000-0xfed18fff has been reserved
[    0.267235] system 00:02: iomem range 0xfed19000-0xfed19fff has been reserved
[    0.267320] system 00:02: iomem range 0xfed45000-0xfed4bfff has been reserved
[    0.302359] pci 0000:00:1c.0: PCI bridge, secondary bus 0000:02
[    0.302447] pci 0000:00:1c.0:   IO window: 0x2000-0x2fff
[    0.302538] pci 0000:00:1c.0:   MEM window: 0xfc000000-0xfdffffff
[    0.302622] pci 0000:00:1c.0:   PREFETCH window: 0x000000f8000000-0x000000f80fffff
[    0.302747] pci 0000:00:1c.1: PCI bridge, secondary bus 0000:03
[    0.302831] pci 0000:00:1c.1:   IO window: 0x3000-0x3fff
[    0.302920] pci 0000:00:1c.1:   MEM window: 0xdc000000-0xdf3fffff
[    0.303008] pci 0000:00:1c.1:   PREFETCH window: 0x000000dfe00000-0x000000dfefffff
[    0.303134] pci 0000:00:1c.2: PCI bridge, secondary bus 0000:04
[    0.303223] pci 0000:00:1c.2:   IO window: 0x4000-0x4fff
[    0.303313] pci 0000:00:1c.2:   MEM window: 0xd8000000-0xd9ffffff
[    0.303406] pci 0000:00:1c.2:   PREFETCH window: 0x000000dfb00000-0x000000dfbfffff
[    0.303534] pci 0000:00:1c.3: PCI bridge, secondary bus 0000:05
[    0.303617] pci 0000:00:1c.3:   IO window: 0x5000-0x5fff
[    0.303709] pci 0000:00:1c.3:   MEM window: 0xd4000000-0xd5ffffff
[    0.303797] pci 0000:00:1c.3:   PREFETCH window: 0x000000df800000-0x000000df8fffff
[    0.303917] pci 0000:00:1c.4: PCI bridge, secondary bus 0000:0d
[    0.304005] pci 0000:00:1c.4:   IO window: 0x6000-0x6fff
[    0.304091] pci 0000:00:1c.4:   MEM window: 0xd0000000-0xd1ffffff
[    0.304179] pci 0000:00:1c.4:   PREFETCH window: 0x000000df500000-0x000000df5fffff
[    0.304303] pci 0000:15:00.0: CardBus bridge, secondary bus 0000:16
[    0.304390] pci 0000:15:00.0:   IO window: 0x007000-0x0070ff
[    0.304483] pci 0000:15:00.0:   IO window: 0x007400-0x0074ff
[    0.304567] pci 0000:15:00.0:   PREFETCH window: 0xf4000000-0xf7ffffff
[    0.304655] pci 0000:15:00.0:   MEM window: 0x40000000-0x43ffffff
[    0.304742] pci 0000:00:1e.0: PCI bridge, secondary bus 0000:15
[    0.304824] pci 0000:00:1e.0:   IO window: 0x7000-0xafff
[    0.304924] pci 0000:00:1e.0:   MEM window: 0xf8300000-0xfbffffff
[    0.305011] pci 0000:00:1e.0:   PREFETCH window: 0x000000f4000000-0x000000f7ffffff
[    0.305147] pci 0000:00:1c.0: PCI INT A -> GSI 20 (level, low) -> IRQ 20
[    0.305251] pci 0000:00:1c.0: setting latency timer to 64
[    0.305263] pci 0000:00:1c.1: PCI INT B -> GSI 21 (level, low) -> IRQ 21
[    0.305351] pci 0000:00:1c.1: setting latency timer to 64
[    0.305362] pci 0000:00:1c.2: PCI INT C -> GSI 22 (level, low) -> IRQ 22
[    0.305456] pci 0000:00:1c.2: setting latency timer to 64
[    0.305468] pci 0000:00:1c.3: PCI INT D -> GSI 23 (level, low) -> IRQ 23
[    0.305552] pci 0000:00:1c.3: setting latency timer to 64
[    0.305561] pci 0000:00:1c.4: PCI INT A -> GSI 20 (level, low) -> IRQ 20
[    0.305656] pci 0000:00:1c.4: setting latency timer to 64
[    0.305665] pci 0000:00:1e.0: enabling device (0005 -> 0007)
[    0.305750] pci 0000:00:1e.0: setting latency timer to 64
[    0.305763] pci 0000:15:00.0: PCI INT A -> GSI 16 (level, low) -> IRQ 16
[    0.305854] pci 0000:15:00.0: setting latency timer to 64
[    0.305860] pci_bus 0000:00: resource 0 io:  [0x00-0xffff]
[    0.305862] pci_bus 0000:00: resource 1 mem: [0x000000-0xffffffff]
[    0.305867] pci_bus 0000:02: resource 0 io:  [0x2000-0x2fff]
[    0.305869] pci_bus 0000:02: resource 1 mem: [0xfc000000-0xfdffffff]
[    0.305871] pci_bus 0000:02: resource 2 pref mem [0xf8000000-0xf80fffff]
[    0.305872] pci_bus 0000:03: resource 0 io:  [0x3000-0x3fff]
[    0.305874] pci_bus 0000:03: resource 1 mem: [0xdc000000-0xdf3fffff]
[    0.305876] pci_bus 0000:03: resource 2 pref mem [0xdfe00000-0xdfefffff]
[    0.305878] pci_bus 0000:04: resource 0 io:  [0x4000-0x4fff]
[    0.305880] pci_bus 0000:04: resource 1 mem: [0xd8000000-0xd9ffffff]
[    0.305882] pci_bus 0000:04: resource 2 pref mem [0xdfb00000-0xdfbfffff]
[    0.305883] pci_bus 0000:05: resource 0 io:  [0x5000-0x5fff]
[    0.305885] pci_bus 0000:05: resource 1 mem: [0xd4000000-0xd5ffffff]
[    0.305887] pci_bus 0000:05: resource 2 pref mem [0xdf800000-0xdf8fffff]
[    0.305889] pci_bus 0000:0d: resource 0 io:  [0x6000-0x6fff]
[    0.305890] pci_bus 0000:0d: resource 1 mem: [0xd0000000-0xd1ffffff]
[    0.305892] pci_bus 0000:0d: resource 2 pref mem [0xdf500000-0xdf5fffff]
[    0.305894] pci_bus 0000:15: resource 0 io:  [0x7000-0xafff]
[    0.305896] pci_bus 0000:15: resource 1 mem: [0xf8300000-0xfbffffff]
[    0.305898] pci_bus 0000:15: resource 2 pref mem [0xf4000000-0xf7ffffff]
[    0.305899] pci_bus 0000:15: resource 3 io:  [0x00-0xffff]
[    0.305901] pci_bus 0000:15: resource 4 mem: [0x000000-0xffffffff]
[    0.305903] pci_bus 0000:16: resource 0 io:  [0x7000-0x70ff]
[    0.305904] pci_bus 0000:16: resource 1 io:  [0x7400-0x74ff]
[    0.305906] pci_bus 0000:16: resource 2 pref mem [0xf4000000-0xf7ffffff]
[    0.305908] pci_bus 0000:16: resource 3 mem: [0x40000000-0x43ffffff]
[    0.305916] NET: Registered protocol family 2
[    0.305997] RANDOM - __random32 called. Change num 7.  Value: 437d97bf	f373de51	f3b0f986
[    0.305999] RANDOM - random32 called.  Value: 437d97bf	f373de51	f3b0f986
[    0.306003] random 0000 0000 0000 5f8db4e5 4cfdf2a8: rand_read_num 3 get_random_bytes(4): sig fffffb64 5f8db4e5 4cfdf2a8
[    0.306006] random 0000 0000 0000 5f8db4e5 4cfdf2a8: extract_entropy(.. 4 ..)
[    0.306008] random 0000 0000 0000 5f8db4e5 4cfdf2a8: going to reseed nonblocking with 64 bits (32 of 0 requested)
[    0.306010] random 0000 0000 0000 5f8db4e5 4cfdf2a8: extract_entropy(.. 8 ..)
[    0.306012] random 0000 0000 0000 5f8db4e5 4cfdf2a8: trying to extract 64 bits from input
[    0.306014] random 0000 0000 0000 5f8db4e5 4cfdf2a8: debiting 0 entropy credits from input
[    0.306016] random 0000 0000 0000 5f8db4e5 4cfdf2a8: extract_entropy account returned: 0 
[    0.306019] random 0000 0000 0000 5f8db4e5 4cfdf2a8: urand_change_num 5 xfer_secondary_pool(4): pool_sig fffffb64, data_sig 00000000, bytes_mixed 0 5f8db4e5 4cfdf2a8
[    0.306022] random 0000 0000 0000 5f8db4e5 4cfdf2a8: trying to extract 32 bits from nonblocking
[    0.306024] random 0000 0000 0000 5f8db4e5 4cfdf2a8: debiting 32 entropy credits from nonblocking (unlimited)
[    0.306026] random 0000 0000 0000 5f8db4e5 4cfdf2a8: extract_entropy account returned: 4 
[    0.306031] random 0000 0000 0000 5f8db4e5 4cfdf2a8: urand_change_num 6 extract_buf: pool_sig fffffb64, data_sig 00000241, bytes_mixed 20 5f8db4e5 4cfdf2a8
[    0.306040] IP route cache hash table entries: 32768 (order: 5, 131072 bytes)
[    0.306171] RANDOM - __random32 called. Change num 8.  Value: d97bfe31	373de51f	f30dc6e6
[    0.306173] RANDOM - random32 called.  Value: d97bfe31	373de51f	f30dc6e6
[    0.306183] RANDOM - __random32 called. Change num 9.  Value: bfe314d7	73de51f5	8dcd6c7e
[    0.306185] RANDOM - random32 called.  Value: bfe314d7	73de51f5	8dcd6c7e
[    0.306187] RANDOM - __random32 called. Change num 10.  Value: 314d7baf	3de51f5e	d8fc74c1
[    0.306188] RANDOM - random32 called.  Value: 314d7baf	3de51f5e	d8fc74c1
[    0.306199] RANDOM - __random32 called. Change num 11.  Value: d7baf3c7	de51f5e5	e983e3fa
[    0.306200] RANDOM - random32 called.  Value: d7baf3c7	de51f5e5	e983e3fa
[    0.306210] TCP established hash table entries: 131072 (order: 8, 1048576 bytes)
[    0.306695] TCP bind hash table entries: 65536 (order: 6, 262144 bytes)
[    0.306883] TCP: Hash tables configured (established 131072 bind 65536)
[    0.306965] TCP reno registered
[    0.307062] NET: Registered protocol family 1
[    0.307170] RPC: Registered udp transport module.
[    0.307260] RPC: Registered tcp transport module.
[    0.307353] RPC: Registered tcp NFSv4.1 backchannel transport module.
[    0.307443] pci 0000:00:02.0: Boot video device
[    0.307659] Simple Boot Flag at 0x35 set to 0x1
[    0.308207] highmem bounce pool size: 64 pages
[    0.309700] VFS: Disk quotas dquot_6.5.2
[    0.309817] Dquot-cache hash table entries: 1024 (order 0, 4096 bytes)
[    0.310567] NTFS driver 2.1.29 [Flags: R/W].
[    0.310718] ROMFS MTD (C) 2007 Red Hat, Inc.
[    0.310926] JFS: nTxBlock = 7695, nTxLock = 61562
[    0.313384] SGI XFS with ACLs, security attributes, large block/inode numbers, no debug enabled
[    0.313861] SGI XFS Quota Management subsystem
[    0.314166] Slow work thread pool: Starting up
[    0.314260] Slow work thread pool: Ready
[    0.314345] GFS2 (built May 24 2013 02:47:17) installed
[    0.314427] msgmni has been set to 1734
[    0.314592] alg: No test for cipher_null (cipher_null-generic)
[    0.314687] alg: No test for ecb(cipher_null) (ecb-cipher_null)
[    0.314789] alg: No test for digest_null (digest_null-generic)
[    0.314897] alg: No test for compress_null (compress_null-generic)
[    0.315433] alg: No test for fcrypt (fcrypt-generic)
[    0.316841] alg: No test for stdrng (krng)
[    0.316937] async_tx: api initialized (async)
[    0.317081] Block layer SCSI generic (bsg) driver version 0.4 loaded (major 254)
[    0.317193] io scheduler noop registered
[    0.317282] io scheduler anticipatory registered
[    0.317366] io scheduler deadline registered
[    0.317493] io scheduler cfq registered (default)
[    0.317732] pcieport 0000:00:1c.0: irq 24 for MSI/MSI-X
[    0.317749] pcieport 0000:00:1c.0: setting latency timer to 64
[    0.317953] pcieport 0000:00:1c.1: irq 25 for MSI/MSI-X
[    0.317963] pcieport 0000:00:1c.1: setting latency timer to 64
[    0.318145] pcieport 0000:00:1c.2: irq 26 for MSI/MSI-X
[    0.318156] pcieport 0000:00:1c.2: setting latency timer to 64
[    0.318332] pcieport 0000:00:1c.3: irq 27 for MSI/MSI-X
[    0.318344] pcieport 0000:00:1c.3: setting latency timer to 64
[    0.318523] pcieport 0000:00:1c.4: irq 28 for MSI/MSI-X
[    0.318534] pcieport 0000:00:1c.4: setting latency timer to 64
[    0.318678] pci_hotplug: PCI Hot Plug PCI Core version: 0.5
[    0.318888] isapnp: Scanning for PnP cards...
[    0.679414] isapnp: No Plug & Play device found
[    0.679500] random 0000 0000 0000 5f8db4e5 4cfdf2a8: initializing
[    0.699000] Serial: 8250/16550 driver, 4 ports, IRQ sharing enabled
[    3.709803] floppy0: no floppy controllers found
[    3.710737] brd: module loaded
[    3.711234] loop: module loaded
[    3.711316] Compaq SMART2 Driver (v 2.6.0)
[    3.711436] HP CISS Driver (v 3.6.20)
[    3.711672] input: Macintosh mouse button emulation as /devices/virtual/input/input0
[    3.711788] Uniform Multi-Platform E-IDE driver
[    3.712026] piix 0000:00:1f.1: IDE controller (0x8086:0x2850 rev 0x03)
[    3.712127] pci 0000:00:1f.1: PCI INT C -> GSI 16 (level, low) -> IRQ 16
[    3.712226] piix 0000:00:1f.1: IDE port disabled
[    3.712322] piix 0000:00:1f.1: not 100% native mode: will probe irqs later
[    3.712416]     ide0: BM-DMA at 0x1c00-0x1c07
[    3.712501] Probing IDE interface ide0...
[    4.384006] hda: HL-DT-ST DVDRAM GSA-U10N, ATAPI CD/DVD-ROM drive
[    4.690812] hda: host max PIO4 wanted PIO255(auto-tune) selected PIO4
[    4.691580] hda: UDMA/33 mode selected
[    4.692038] ide0 at 0x1f0-0x1f7,0x3f6 on irq 14
[    4.695923] ide-gd driver 1.18
[    4.696018] ide-cd driver 5.00
[    4.697400] ide-cd: hda: ATAPI 24X DVD-ROM DVD-R/RAM CD-R/RW drive, 2048kB Cache
[    4.697805] Uniform CD-ROM driver Revision: 3.20
[    4.704971] Loading iSCSI transport class v2.0-870.
[    4.705259] rdac: device handler registered
[    4.705338] hp_sw: device handler registered
[    4.705422] emc: device handler registered
[    4.705499] alua: device handler registered
[    4.706487] Adaptec aacraid driver 1.1-5[2461]-ms
[    4.706899] scsi: <fdomain> Detection failed (no card)
[    4.706998] sym53c416.c: Version 1.0.0-ac
[    4.707096] qlogicfas: no cards were found, please specify I/O address and IRQ using iobase= and irq= options
[    4.707218] QLogic Fibre Channel HBA Driver: 8.03.01-k6
[    4.707429] iscsi: registered transport (qla4xxx)
[    4.707528] QLogic iSCSI HBA Driver
[    4.707606] Emulex LightPulse Fibre Channel SCSI driver 8.3.4
[    4.707686] Copyright(c) 2004-2009 Emulex.  All rights reserved.
[    4.729798] Failed initialization of WD-7000 SCSI card!
[    4.819685] DC390: clustering now enabled by default. If you get problems load
[    4.819807]        with "disable_clustering=1" and report to maintainers
[    4.819938] megaraid cmm: 2.20.2.7 (Release Date: Sun Jul 16 00:01:03 EST 2006)
[    4.820099] megaraid: 2.20.5.1 (Release Date: Thu Nov 16 15:32:35 EST 2006)
[    4.820202] megasas: 00.00.04.01 Thu July 24 11:41:51 PST 2008
[    4.820326] GDT-HA: Storage RAID Controller Driver. Version: 3.05
[    4.820476] 3ware Storage Controller device driver for Linux v1.26.02.002.
[    4.820577] 3ware 9000 Storage Controller device driver for Linux v2.26.02.012.
[    4.820714] nsp32: loading...
[    4.820821] ipr: IBM Power RAID SCSI Device Driver version: 2.4.3 (June 10, 2009)
[    4.820959] RocketRAID 3xxx/4xxx Controller driver v1.6 (090910)
[    4.821061] stex: Promise SuperTrak EX Driver version: 4.6.0000.3
[    4.821186] st: Version 20081215, fixed bufsize 32768, s/g segs 256
[    4.821371] ahci 0000:00:1f.2: version 3.0
[    4.821385] ahci 0000:00:1f.2: PCI INT B -> GSI 16 (level, low) -> IRQ 16
[    4.821517] ahci 0000:00:1f.2: irq 29 for MSI/MSI-X
[    4.821582] ahci 0000:00:1f.2: AHCI 0001.0100 32 slots 3 ports 1.5 Gbps 0x5 impl SATA mode
[    4.821702] ahci 0000:00:1f.2: flags: 64bit ncq sntf pm led clo pio slum part ccc 
[    4.821832] ahci 0000:00:1f.2: setting latency timer to 64
[    4.821975] scsi2 : ahci
[    4.822126] scsi3 : ahci
[    4.822264] scsi4 : ahci
[    4.822422] ata1: SATA max UDMA/133 abar m2048@0xfe226000 port 0xfe226100 irq 29
[    4.822547] ata2: DUMMY
[    4.822631] ata3: SATA max UDMA/133 abar m2048@0xfe226000 port 0xfe226200 irq 29
[    4.823229] I2O subsystem v1.325
[    4.823309] i2o: max drivers = 8
[    4.823456] I2O Configuration OSM v1.323
[    4.823555] I2O Bus Adapter OSM v1.317
[    4.823650] I2O Block Device OSM v1.325
[    4.823806] I2O SCSI Peripheral OSM v1.316
[    4.823899] I2O ProcFS OSM v1.316
[    4.823998] Fusion MPT base driver 3.04.12
[    4.824076] Copyright (c) 1999-2008 LSI Corporation
[    4.824164] Fusion MPT SPI Host driver 3.04.12
[    4.824264] Fusion MPT FC Host driver 3.04.12
[    4.824367] Fusion MPT SAS Host driver 3.04.12
[    4.824523] ohci1394 0000:15:00.1: PCI INT B -> GSI 17 (level, low) -> IRQ 17
[    4.824619] ohci1394 0000:15:00.1: setting latency timer to 64
[    4.877817] ohci1394: fw-host0: OHCI-1394 1.1 (PCI): IRQ=[17]  MMIO=[f8301000-f83017ff]  Max Packet=[2048]  IR/IT contexts=[4/4]
[    4.881078] ehci_hcd: USB 2.0 'Enhanced' Host Controller (EHCI) Driver
[    4.881339] ehci_hcd 0000:00:1a.7: power state changed by ACPI to D0
[    4.881578] ehci_hcd 0000:00:1a.7: power state changed by ACPI to D0
[    4.881674] ehci_hcd 0000:00:1a.7: PCI INT C -> GSI 22 (level, low) -> IRQ 22
[    4.881779] ehci_hcd 0000:00:1a.7: setting latency timer to 64
[    4.881784] ehci_hcd 0000:00:1a.7: EHCI Host Controller
[    4.881922] ehci_hcd 0000:00:1a.7: new USB bus registered, assigned bus number 1
[    4.885951] ehci_hcd 0000:00:1a.7: cache line size of 32 is not supported
[    4.885960] ehci_hcd 0000:00:1a.7: irq 22, io mem 0xfe226c00
[    4.895777] ehci_hcd 0000:00:1a.7: USB 2.0 started, EHCI 1.00
[    4.895872] usb usb1: New USB device found, idVendor=1d6b, idProduct=0002
[    4.895954] usb usb1: New USB device strings: Mfr=3, Product=2, SerialNumber=1
[    4.896067] usb usb1: Product: EHCI Host Controller
[    4.896146] usb usb1: Manufacturer: Linux 2.6.32.57 ehci_hcd
[    4.896238] usb usb1: SerialNumber: 0000:00:1a.7
[    4.896378] usb usb1: configuration #1 chosen from 1 choice
[    4.896488] hub 1-0:1.0: USB hub found
[    4.896581] hub 1-0:1.0: 4 ports detected
[    4.896892] ehci_hcd 0000:00:1d.7: power state changed by ACPI to D0
[    4.897147] ehci_hcd 0000:00:1d.7: power state changed by ACPI to D0
[    4.897242] ehci_hcd 0000:00:1d.7: PCI INT D -> GSI 19 (level, low) -> IRQ 19
[    4.897336] ehci_hcd 0000:00:1d.7: setting latency timer to 64
[    4.897341] ehci_hcd 0000:00:1d.7: EHCI Host Controller
[    4.897463] ehci_hcd 0000:00:1d.7: new USB bus registered, assigned bus number 2
[    4.897605] ehci_hcd 0000:00:1d.7: debug port 1
[    4.901575] ehci_hcd 0000:00:1d.7: cache line size of 32 is not supported
[    4.901584] ehci_hcd 0000:00:1d.7: irq 19, io mem 0xfe227000
[    4.911778] ehci_hcd 0000:00:1d.7: USB 2.0 started, EHCI 1.00
[    4.911885] usb usb2: New USB device found, idVendor=1d6b, idProduct=0002
[    4.911970] usb usb2: New USB device strings: Mfr=3, Product=2, SerialNumber=1
[    4.912092] usb usb2: Product: EHCI Host Controller
[    4.912171] usb usb2: Manufacturer: Linux 2.6.32.57 ehci_hcd
[    4.912256] usb usb2: SerialNumber: 0000:00:1d.7
[    4.912386] usb usb2: configuration #1 chosen from 1 choice
[    4.912501] hub 2-0:1.0: USB hub found
[    4.912586] hub 2-0:1.0: 6 ports detected
[    4.912753] 116x: driver isp116x-hcd, 03 Nov 2005
[    4.912854] ohci_hcd: USB 1.1 'Open' Host Controller (OHCI) Driver
[    4.912958] uhci_hcd: USB Universal Host Controller Interface driver
[    4.913059] uhci_hcd 0000:00:1a.0: PCI INT A -> GSI 20 (level, low) -> IRQ 20
[    4.913149] uhci_hcd 0000:00:1a.0: setting latency timer to 64
[    4.913153] uhci_hcd 0000:00:1a.0: UHCI Host Controller
[    4.913282] uhci_hcd 0000:00:1a.0: new USB bus registered, assigned bus number 3
[    4.913442] uhci_hcd 0000:00:1a.0: irq 20, io base 0x00001860
[    4.913549] usb usb3: New USB device found, idVendor=1d6b, idProduct=0001
[    4.913633] usb usb3: New USB device strings: Mfr=3, Product=2, SerialNumber=1
[    4.913747] usb usb3: Product: UHCI Host Controller
[    4.913838] usb usb3: Manufacturer: Linux 2.6.32.57 uhci_hcd
[    4.913918] usb usb3: SerialNumber: 0000:00:1a.0
[    4.914046] usb usb3: configuration #1 chosen from 1 choice
[    4.914158] hub 3-0:1.0: USB hub found
[    4.914248] hub 3-0:1.0: 2 ports detected
[    4.914540] uhci_hcd 0000:00:1a.1: power state changed by ACPI to D0
[    4.914784] uhci_hcd 0000:00:1a.1: power state changed by ACPI to D0
[    4.914870] uhci_hcd 0000:00:1a.1: PCI INT B -> GSI 21 (level, low) -> IRQ 21
[    4.914962] uhci_hcd 0000:00:1a.1: setting latency timer to 64
[    4.914967] uhci_hcd 0000:00:1a.1: UHCI Host Controller
[    4.915096] uhci_hcd 0000:00:1a.1: new USB bus registered, assigned bus number 4
[    4.915245] uhci_hcd 0000:00:1a.1: irq 21, io base 0x00001880
[    4.915354] usb usb4: New USB device found, idVendor=1d6b, idProduct=0001
[    4.915450] usb usb4: New USB device strings: Mfr=3, Product=2, SerialNumber=1
[    4.915561] usb usb4: Product: UHCI Host Controller
[    4.915648] usb usb4: Manufacturer: Linux 2.6.32.57 uhci_hcd
[    4.915741] usb usb4: SerialNumber: 0000:00:1a.1
[    4.915887] usb usb4: configuration #1 chosen from 1 choice
[    4.916002] hub 4-0:1.0: USB hub found
[    4.916084] hub 4-0:1.0: 2 ports detected
[    4.916363] uhci_hcd 0000:00:1d.0: power state changed by ACPI to D0
[    4.916605] uhci_hcd 0000:00:1d.0: power state changed by ACPI to D0
[    4.916704] uhci_hcd 0000:00:1d.0: PCI INT A -> GSI 16 (level, low) -> IRQ 16
[    4.916811] uhci_hcd 0000:00:1d.0: setting latency timer to 64
[    4.916815] uhci_hcd 0000:00:1d.0: UHCI Host Controller
[    4.916938] uhci_hcd 0000:00:1d.0: new USB bus registered, assigned bus number 5
[    4.917092] uhci_hcd 0000:00:1d.0: irq 16, io base 0x000018a0
[    4.917202] usb usb5: New USB device found, idVendor=1d6b, idProduct=0001
[    4.917289] usb usb5: New USB device strings: Mfr=3, Product=2, SerialNumber=1
[    4.917406] usb usb5: Product: UHCI Host Controller
[    4.917483] usb usb5: Manufacturer: Linux 2.6.32.57 uhci_hcd
[    4.917561] usb usb5: SerialNumber: 0000:00:1d.0
[    4.917693] usb usb5: configuration #1 chosen from 1 choice
[    4.917820] hub 5-0:1.0: USB hub found
[    4.917903] hub 5-0:1.0: 2 ports detected
[    4.918043] uhci_hcd 0000:00:1d.1: PCI INT B -> GSI 17 (level, low) -> IRQ 17
[    4.918132] uhci_hcd 0000:00:1d.1: setting latency timer to 64
[    4.918135] uhci_hcd 0000:00:1d.1: UHCI Host Controller
[    4.918252] uhci_hcd 0000:00:1d.1: new USB bus registered, assigned bus number 6
[    4.918399] uhci_hcd 0000:00:1d.1: irq 17, io base 0x000018c0
[    4.918503] usb usb6: New USB device found, idVendor=1d6b, idProduct=0001
[    4.918585] usb usb6: New USB device strings: Mfr=3, Product=2, SerialNumber=1
[    4.918697] usb usb6: Product: UHCI Host Controller
[    4.918795] usb usb6: Manufacturer: Linux 2.6.32.57 uhci_hcd
[    4.918875] usb usb6: SerialNumber: 0000:00:1d.1
[    4.919012] usb usb6: configuration #1 chosen from 1 choice
[    4.919128] hub 6-0:1.0: USB hub found
[    4.919209] hub 6-0:1.0: 2 ports detected
[    4.919517] uhci_hcd 0000:00:1d.2: power state changed by ACPI to D0
[    4.919779] uhci_hcd 0000:00:1d.2: power state changed by ACPI to D0
[    4.919873] uhci_hcd 0000:00:1d.2: PCI INT C -> GSI 18 (level, low) -> IRQ 18
[    4.919968] uhci_hcd 0000:00:1d.2: setting latency timer to 64
[    4.919973] uhci_hcd 0000:00:1d.2: UHCI Host Controller
[    4.920094] uhci_hcd 0000:00:1d.2: new USB bus registered, assigned bus number 7
[    4.920236] uhci_hcd 0000:00:1d.2: irq 18, io base 0x000018e0
[    4.920348] usb usb7: New USB device found, idVendor=1d6b, idProduct=0001
[    4.920429] usb usb7: New USB device strings: Mfr=3, Product=2, SerialNumber=1
[    4.920551] usb usb7: Product: UHCI Host Controller
[    4.920635] usb usb7: Manufacturer: Linux 2.6.32.57 uhci_hcd
[    4.920715] usb usb7: SerialNumber: 0000:00:1d.2
[    4.921507] usb usb7: configuration #1 chosen from 1 choice
[    4.921627] hub 7-0:1.0: USB hub found
[    4.921708] hub 7-0:1.0: 2 ports detected
[    4.921862] sl811: driver sl811-hcd, 19 May 2005
[    4.921959] r8a66597_hcd: driver r8a66597_hcd, 2009-05-26
[    4.922117] Initializing USB Mass Storage driver...
[    4.922233] usbcore: registered new interface driver usb-storage
[    4.922318] USB Mass Storage support registered.
[    4.922414] usbcore: registered new interface driver ums-alauda
[    4.922526] usbcore: registered new interface driver ums-cypress
[    4.922627] usbcore: registered new interface driver ums-datafab
[    4.922733] usbcore: registered new interface driver ums-freecom
[    4.922840] usbcore: registered new interface driver ums-isd200
[    4.922944] usbcore: registered new interface driver ums-jumpshot
[    4.923042] usbcore: registered new interface driver ums-karma
[    4.923146] usbcore: registered new interface driver ums-onetouch
[    4.923267] usbcore: registered new interface driver ums-sddr09
[    4.923369] usbcore: registered new interface driver ums-sddr55
[    4.923467] usbcore: registered new interface driver ums-usbat
[    4.923613] PNP: PS/2 Controller [PNP0303:KBD,PNP0f13:MOU] at 0x60,0x64 irq 1,12
[    4.932311] serio: i8042 KBD port at 0x60,0x64 irq 1
[    4.932400] serio: i8042 AUX port at 0x60,0x64 irq 12
[    4.932637] mice: PS/2 mouse device common for all mice
[    4.932740] i2c /dev entries driver
[    4.932874] md: linear personality registered for level -1
[    4.932954] md: raid0 personality registered for level 0
[    4.933040] md: raid1 personality registered for level 1
[    4.933120] md: raid10 personality registered for level 10
[    4.933205] md: raid6 personality registered for level 6
[    4.933285] md: raid5 personality registered for level 5
[    4.933382] md: raid4 personality registered for level 4
[    4.933463] md: multipath personality registered for level -4
[    4.933652] device-mapper: ioctl: 4.15.0-ioctl (2009-04-01) initialised: dm-devel@redhat.com
[    4.933860] cpuidle: using governor ladder
[    4.934449] usbcore: registered new interface driver usbhid
[    4.934530] usbhid: v2.6:USB HID core driver
[    4.934669] random 0000 0000 0000 00000000 00000000: rand_read_num 4 get_random_bytes(136): sig 00000000 00000000 00000000
[    4.934672] random 0000 0000 0000 00000000 00000000: extract_entropy(.. 136 ..)
[    4.934675] random 0000 0000 0000 00000000 00000000: going to reseed nonblocking with 1024 bits (1088 of 0 requested)
[    4.934677] random 0000 0000 0000 00000000 00000000: extract_entropy(.. 128 ..)
[    4.934679] random 0000 0000 0000 00000000 00000000: trying to extract 1024 bits from input
[    4.934681] random 0000 0000 0000 00000000 00000000: debiting 0 entropy credits from input
[    4.934683] random 0000 0000 0000 00000000 00000000: extract_entropy account returned: 0 
[    4.934686] random 0000 0000 0000 00000000 00000000: urand_change_num 7 xfer_secondary_pool(136): pool_sig 00000000, data_sig 00000000, bytes_mixed 0 00000000 00000000
[    4.934689] random 0000 0000 0000 00000000 00000000: trying to extract 1088 bits from nonblocking
[    4.934692] random 0000 0000 0000 00000000 00000000: debiting 1088 entropy credits from nonblocking (unlimited)
[    4.934694] random 0000 0000 0000 00000000 00000000: extract_entropy account returned: 136 
[    4.934698] random 0000 0000 0000 00000000 00000000: urand_change_num 8 extract_buf: pool_sig 00000000, data_sig fffffff9, bytes_mixed 20 00000000 00000000
[    4.934703] random 0000 0000 0000 b7c35b56 be4dc95d: urand_change_num 9 extract_buf: pool_sig fffffd1e, data_sig 000000c5, bytes_mixed 20 b7c35b56 be4dc95d
[    4.934709] random 0000 0000 0000 ed9f5c47 c48487fb: urand_change_num 10 extract_buf: pool_sig fffff8ec, data_sig ffffff68, bytes_mixed 20 ed9f5c47 c48487fb
[    4.934714] random 0000 0000 0000 ed9f5c47 c48487fb: urand_change_num 11 extract_buf: pool_sig fffffaed, data_sig 000001aa, bytes_mixed 20 ed9f5c47 c48487fb
[    4.934719] random 0000 0000 0000 1b4f7c0a 91bd6a48: urand_change_num 12 extract_buf: pool_sig fffffdd8, data_sig 00000064, bytes_mixed 20 1b4f7c0a 91bd6a48
[    4.934724] random 0000 0000 0000 a254b9bc 20e9a24f: urand_change_num 13 extract_buf: pool_sig fffffbe6, data_sig 000001dd, bytes_mixed 20 a254b9bc 20e9a24f
[    4.934729] random 0000 0000 0000 a254b9bc 20e9a24f: urand_change_num 14 extract_buf: pool_sig fffff940, data_sig fffffe20, bytes_mixed 20 a254b9bc 20e9a24f
[    4.934734] random 0000 0000 0000 2831a66b 5fa2a3ad: urand_change_num 15 extract_buf: pool_sig fffffbce, data_sig 0000007e, bytes_mixed 20 2831a66b 5fa2a3ad
[    4.934740] random 0000 0000 0000 2831a66b 5fa2a3ad: urand_change_num 16 extract_buf: pool_sig 000004df, data_sig fffffe8f, bytes_mixed 20 2831a66b 5fa2a3ad
[    4.934745] random 0000 0000 0000 d4512bfd c9a54e0b: urand_change_num 17 extract_buf: pool_sig 00000485, data_sig fffffe68, bytes_mixed 20 d4512bfd c9a54e0b
[    4.934750] random 0000 0000 0000 c7371be6 f9ffea11: urand_change_num 18 extract_buf: pool_sig 00000095, data_sig ffffffed, bytes_mixed 20 c7371be6 f9ffea11
[    4.934755] random 0000 0000 0000 c7371be6 f9ffea11: urand_change_num 19 extract_buf: pool_sig 000003a7, data_sig fffffefa, bytes_mixed 20 c7371be6 f9ffea11
[    4.934760] random 0000 0000 0000 8fb4b62c d1ddba54: urand_change_num 20 extract_buf: pool_sig 00000179, data_sig ffffff78, bytes_mixed 20 8fb4b62c d1ddba54
[    4.934766] random 0000 0000 0000 9ff19f9c c07a1d2a: urand_change_num 21 extract_buf: pool_sig fffffe88, data_sig 00000126, bytes_mixed 20 9ff19f9c c07a1d2a
[    4.934780] TCP cubic registered
[    4.934858] Initializing XFRM netlink socket
[    4.934941] NET: Registered protocol family 17
[    4.935030] Using IPI Shortcut mode
[    4.935121] random 0000 0000 0000 9ff19f9c c07a1d2a: rand_read_num 5 get_random_bytes(8): sig 0000031b 9ff19f9c c07a1d2a
[    4.935123] random 0000 0000 0000 9ff19f9c c07a1d2a: extract_entropy(.. 8 ..)
[    4.935125] random 0000 0000 0000 9ff19f9c c07a1d2a: going to reseed nonblocking with 64 bits (64 of 0 requested)
[    4.935128] random 0000 0000 0000 9ff19f9c c07a1d2a: extract_entropy(.. 8 ..)
[    4.935129] random 0000 0000 0000 9ff19f9c c07a1d2a: trying to extract 64 bits from input
[    4.935131] random 0000 0000 0000 9ff19f9c c07a1d2a: debiting 0 entropy credits from input
[    4.935133] random 0000 0000 0000 9ff19f9c c07a1d2a: extract_entropy account returned: 0 
[    4.935137] random 0000 0000 0000 9ff19f9c c07a1d2a: urand_change_num 22 xfer_secondary_pool(8): pool_sig 0000031b, data_sig 00000000, bytes_mixed 0 9ff19f9c c07a1d2a
[    4.935139] random 0000 0000 0000 9ff19f9c c07a1d2a: trying to extract 64 bits from nonblocking
[    4.935142] random 0000 0000 0000 9ff19f9c c07a1d2a: debiting 64 entropy credits from nonblocking (unlimited)
[    4.935144] random 0000 0000 0000 9ff19f9c c07a1d2a: extract_entropy account returned: 8 
[    4.935148] random 0000 0000 0000 9ff19f9c c07a1d2a: urand_change_num 23 extract_buf: pool_sig 0000031b, data_sig ffffffb3, bytes_mixed 20 9ff19f9c c07a1d2a
[    4.937391] input: AT Translated Set 2 keyboard as /devices/platform/i8042/serio0/input/input1
[    5.129786] ata3: SATA link down (SStatus 0 SControl 300)
[    5.129888] ata1: SATA link up 1.5 Gbps (SStatus 113 SControl 300)
[    5.131692] ata1.00: ACPI cmd ef/02:00:00:00:00:a0 (SET FEATURES) succeeded
[    5.131695] ata1.00: ACPI cmd f5/00:00:00:00:00:a0 (SECURITY FREEZE LOCK) filtered out
[    5.133085] ata1.00: ACPI cmd ef/5f:00:00:00:00:a0 (SET FEATURES) succeeded
[    5.133088] ata1.00: ACPI cmd ef/10:03:00:00:00:a0 (SET FEATURES) filtered out
[    5.134998] ata1.00: ATA-7: ST910021AS, 4.06, max UDMA/100
[    5.135079] ata1.00: 195371568 sectors, multi 16: LBA48 
[    5.137236] ata1.00: ACPI cmd ef/02:00:00:00:00:a0 (SET FEATURES) succeeded
[    5.137239] ata1.00: ACPI cmd f5/00:00:00:00:00:a0 (SECURITY FREEZE LOCK) filtered out
[    5.138631] ata1.00: ACPI cmd ef/5f:00:00:00:00:a0 (SET FEATURES) succeeded
[    5.138634] ata1.00: ACPI cmd ef/10:03:00:00:00:a0 (SET FEATURES) filtered out
[    5.140557] ata1.00: configured for UDMA/100
[    5.150839] scsi 2:0:0:0: Direct-Access     ATA      ST910021AS       4.06 PQ: 0 ANSI: 5
[    5.151117] sd 2:0:0:0: [sda] 195371568 512-byte logical blocks: (100 GB/93.1 GiB)
[    5.151260] sd 2:0:0:0: [sda] Write Protect is off
[    5.151340] sd 2:0:0:0: [sda] Mode Sense: 00 3a 00 00
[    5.151352] sd 2:0:0:0: [sda] Write cache: enabled, read cache: enabled, doesn't support DPO or FUA
[    5.151533]  sda:
[    5.215773] usb 2-1: new high speed USB device using ehci_hcd and address 2
[    5.364994] usb 2-1: New USB device found, idVendor=0e8d, idProduct=1806
[    5.365083] usb 2-1: New USB device strings: Mfr=1, Product=2, SerialNumber=3
[    5.365169] usb 2-1: Product: MT1806 
[    5.365254] usb 2-1: Manufacturer: MediaTek Inc
[    5.365332] usb 2-1: SerialNumber: R8KN6GAC800AEB 
[    5.365472] usb 2-1: configuration #1 chosen from 1 choice
[    5.371788] scsi5 : SCSI emulation for USB Mass Storage devices
[    5.371961] usb-storage: device found at 2
[    5.371962] usb-storage: waiting for device to settle before scanning
[    5.583395]  sda1 sda2
[    5.583851] sd 2:0:0:0: [sda] Attached SCSI disk
[    5.583946] random 0000 0000 0000 277f73c3 42024bb9: rand_read_num 6 get_random_bytes(12): sig 000007e9 277f73c3 42024bb9
[    5.583949] random 0000 0000 0000 277f73c3 42024bb9: extract_entropy(.. 12 ..)
[    5.583951] random 0000 0000 0000 277f73c3 42024bb9: going to reseed nonblocking with 96 bits (96 of 0 requested)
[    5.583953] random 0000 0000 0000 277f73c3 42024bb9: extract_entropy(.. 12 ..)
[    5.583955] random 0000 0000 0000 277f73c3 42024bb9: trying to extract 96 bits from input
[    5.583957] random 0000 0000 0000 277f73c3 42024bb9: debiting 0 entropy credits from input
[    5.583959] random 0000 0000 0000 277f73c3 42024bb9: extract_entropy account returned: 0 
[    5.583962] random 0000 0000 0000 277f73c3 42024bb9: urand_change_num 24 xfer_secondary_pool(12): pool_sig 000007e9, data_sig 00000000, bytes_mixed 0 277f73c3 42024bb9
[    5.583965] random 0000 0000 0000 277f73c3 42024bb9: trying to extract 96 bits from nonblocking
[    5.583967] random 0000 0000 0000 277f73c3 42024bb9: debiting 96 entropy credits from nonblocking (unlimited)
[    5.583969] random 0000 0000 0000 277f73c3 42024bb9: extract_entropy account returned: 12 
[    5.583973] random 0000 0000 0000 277f73c3 42024bb9: urand_change_num 25 extract_buf: pool_sig 000007e9, data_sig 00000088, bytes_mixed 20 277f73c3 42024bb9
[    5.583979] random 0000 0000 0000 277f73c3 42024bb9: urand_change_num 26 extract_buf: pool_sig 00000498, data_sig fffffefb, bytes_mixed 20 277f73c3 42024bb9
[    5.583982] RANDOM - __seed init called.
[    5.583983] RANDOM - __seed init called.
[    5.583984] RANDOM - __seed init called.
[    5.583985] RANDOM - __random32 called. Change num 12.  Value: 87f14767	f0d7351	b1e48bd3
[    5.583987] RANDOM - random32_reseed called.  Value: 87f14767	f0d7351	b1e48bd3
[    5.583990] Pid: 1, comm: swapper Not tainted 2.6.32.57 #3
[    5.584070] Call Trace:
[    5.584153]  [<c1923ca4>] ? random32_reseed+0xa0/0xb1
[    5.584239]  [<c1923c04>] ? random32_reseed+0x0/0xb1
[    5.584321]  [<c100111e>] ? do_one_initcall+0x2e/0x180
[    5.584403]  [<c1907265>] ? kernel_init+0xad/0x103
[    5.584484]  [<c19071b8>] ? kernel_init+0x0/0x103
[    5.584574]  [<c1003787>] ? kernel_thread_helper+0x7/0x10
[    5.585116] random 0000 0000 0000 386b4e60 ee4d4880: rand_read_num 7 get_random_bytes(64): sig fffffea5 386b4e60 ee4d4880
[    5.585118] random 0000 0000 0000 386b4e60 ee4d4880: extract_entropy(.. 64 ..)
[    5.585121] random 0000 0000 0000 386b4e60 ee4d4880: going to reseed nonblocking with 512 bits (512 of 0 requested)
[    5.585123] random 0000 0000 0000 386b4e60 ee4d4880: extract_entropy(.. 64 ..)
[    5.585125] random 0000 0000 0000 386b4e60 ee4d4880: trying to extract 512 bits from input
[    5.585127] random 0000 0000 0000 386b4e60 ee4d4880: debiting 0 entropy credits from input
[    5.585129] random 0000 0000 0000 386b4e60 ee4d4880: extract_entropy account returned: 0 
[    5.585132] random 0000 0000 0000 386b4e60 ee4d4880: urand_change_num 27 xfer_secondary_pool(64): pool_sig fffffea5, data_sig 00000000, bytes_mixed 0 386b4e60 ee4d4880
[    5.585135] random 0000 0000 0000 386b4e60 ee4d4880: trying to extract 512 bits from nonblocking
[    5.585137] random 0000 0000 0000 386b4e60 ee4d4880: debiting 512 entropy credits from nonblocking (unlimited)
[    5.585139] random 0000 0000 0000 386b4e60 ee4d4880: extract_entropy account returned: 64 
[    5.585143] random 0000 0000 0000 386b4e60 ee4d4880: urand_change_num 28 extract_buf: pool_sig fffffea5, data_sig 00000173, bytes_mixed 20 386b4e60 ee4d4880
[    5.585149] random 0000 0000 0000 412698f6 0cc8689a: urand_change_num 29 extract_buf: pool_sig 00000122, data_sig ffffff63, bytes_mixed 20 412698f6 0cc8689a
[    5.585154] random 0000 0000 0000 412698f6 0cc8689a: urand_change_num 30 extract_buf: pool_sig 000001f7, data_sig 00000012, bytes_mixed 20 412698f6 0cc8689a
[    5.585159] random 0000 0000 0000 9669941e 06f768b1: urand_change_num 31 extract_buf: pool_sig fffffb5b, data_sig 0000003f, bytes_mixed 20 9669941e 06f768b1
[    5.585164] random 0000 0000 0000 98486520 995551f0: urand_change_num 32 extract_buf: pool_sig fffffb39, data_sig 0000000e, bytes_mixed 20 98486520 995551f0
[    5.585170] random 0000 0000 0000 98486520 995551f0: urand_change_num 33 extract_buf: pool_sig fffffd8d, data_sig 000001a6, bytes_mixed 20 98486520 995551f0
[    5.585175] random 0000 0000 0000 61fc8914 d5882ed2: urand_change_num 34 extract_buf: pool_sig fffffa58, data_sig 0000023e, bytes_mixed 20 61fc8914 d5882ed2
[    5.585204] random 0000 0000 0000 61fc8914 d5882ed2: rand_read_num 8 get_random_bytes(64): sig fffff9ee 61fc8914 d5882ed2
[    5.585206] random 0000 0000 0000 61fc8914 d5882ed2: extract_entropy(.. 64 ..)
[    5.585209] random 0000 0000 0000 61fc8914 d5882ed2: going to reseed nonblocking with 512 bits (512 of 0 requested)
[    5.585211] random 0000 0000 0000 61fc8914 d5882ed2: extract_entropy(.. 64 ..)
[    5.585213] random 0000 0000 0000 61fc8914 d5882ed2: trying to extract 512 bits from input
[    5.585215] random 0000 0000 0000 61fc8914 d5882ed2: debiting 0 entropy credits from input
[    5.585217] random 0000 0000 0000 61fc8914 d5882ed2: extract_entropy account returned: 0 
[    5.585220] random 0000 0000 0000 61fc8914 d5882ed2: urand_change_num 35 xfer_secondary_pool(64): pool_sig fffff9ee, data_sig 00000000, bytes_mixed 0 61fc8914 d5882ed2
[    5.585223] random 0000 0000 0000 61fc8914 d5882ed2: trying to extract 512 bits from nonblocking
[    5.585225] random 0000 0000 0000 61fc8914 d5882ed2: debiting 512 entropy credits from nonblocking (unlimited)
[    5.585227] random 0000 0000 0000 61fc8914 d5882ed2: extract_entropy account returned: 64 
[    5.585231] random 0000 0000 0000 61fc8914 d5882ed2: urand_change_num 36 extract_buf: pool_sig fffff9ee, data_sig ffffff85, bytes_mixed 20 61fc8914 d5882ed2
[    5.585236] random 0000 0000 0000 70cfd302 e5edec11: urand_change_num 37 extract_buf: pool_sig fffffdc1, data_sig ffffffde, bytes_mixed 20 70cfd302 e5edec11
[    5.585241] random 0000 0000 0000 00dab838 eafd2b30: urand_change_num 38 extract_buf: pool_sig 000003da, data_sig ffffff61, bytes_mixed 20 00dab838 eafd2b30
[    5.585247] random 0000 0000 0000 00dab838 eafd2b30: urand_change_num 39 extract_buf: pool_sig 00000314, data_sig 00000121, bytes_mixed 20 00dab838 eafd2b30
[    5.585252] random 0000 0000 0000 5fcdf66a 6442b608: urand_change_num 40 extract_buf: pool_sig 0000028b, data_sig fffffefd, bytes_mixed 20 5fcdf66a 6442b608
[    5.585257] random 0000 0000 0000 61333f6b 8fae0f9b: urand_change_num 41 extract_buf: pool_sig 000000cb, data_sig 000000b3, bytes_mixed 20 61333f6b 8fae0f9b
[    5.585262] random 0000 0000 0000 61333f6b 8fae0f9b: urand_change_num 42 extract_buf: pool_sig fffffef8, data_sig 00000051, bytes_mixed 20 61333f6b 8fae0f9b
[    5.585265] BEGIN NET_SECRET:
[    5.585266] \xffffffe0
[    5.585267] \xffffffb6
[    5.585267] \x36
[    5.585268] \xffffffb5
[    5.585269] \xffffff94
[    5.585270] \xffffffb2
[    5.585271] \xffffffa8
[    5.585272] \xffffffda
[    5.585272] \x5b
[    5.585273] \x19
[    5.585274] \x18
[    5.585275] \x5c
[    5.585275] \x2b
[    5.585276] \x1
[    5.585277] \xffffff90
[    5.585278] \x19
[    5.585278] \x3c
[    5.585279] \xfffffff2
[    5.585280] \xffffff82
[    5.585281] \x2a
[    5.585281] \xffffffb3
[    5.585282] \xffffffa2
[    5.585283] \x3f
[    5.585284] \x5
[    5.585284] \x52
[    5.585285] \x77
[    5.585286] \x57
[    5.585286] \x79
[    5.585287] \x16
[    5.585288] \x43
[    5.585289] \xffffff84
[    5.585289] \xffffffc3
[    5.585290] \xffffffe9
[    5.585291] \x79
[    5.585292] \x50
[    5.585292] \xffffff8e
[    5.585293] \x3f
[    5.585294] \xfffffff3
[    5.585295] \x19
[    5.585295] \x2a
[    5.585296] \xfffffffd
[    5.585297] \xfffffffb
[    5.585298] \x62
[    5.585298] \x3c
[    5.585299] \xffffffac
[    5.585300] \x1c
[    5.585301] \x3b
[    5.585301] \x3b
[    5.585302] \x15
[    5.585303] \x27
[    5.585303] \xffffffa8
[    5.585304] \x22
[    5.585305] \xffffffc5
[    5.585306] \xffffff9a
[    5.585306] \x5
[    5.585307] \x6c
[    5.585308] \xffffffa8
[    5.585309] \x3a
[    5.585309] \x44
[    5.585310] \xffffffaf
[    5.585311] \x13
[    5.585312] \xffffffe0
[    5.585312] \xffffff9d
[    5.585313] \x22
[    5.585314] 
[    5.585314] END NET_SECRET
[    5.585317] random 0000 0000 0000 e7f555d9 e8ce5c3c: rand_read_num 9 get_random_bytes(4): sig 0000068c e7f555d9 e8ce5c3c
[    5.585319] random 0000 0000 0000 e7f555d9 e8ce5c3c: extract_entropy(.. 4 ..)
[    5.585322] random 0000 0000 0000 e7f555d9 e8ce5c3c: going to reseed nonblocking with 64 bits (32 of 0 requested)
[    5.585324] random 0000 0000 0000 e7f555d9 e8ce5c3c: extract_entropy(.. 8 ..)
[    5.585326] random 0000 0000 0000 e7f555d9 e8ce5c3c: trying to extract 64 bits from input
[    5.585328] random 0000 0000 0000 e7f555d9 e8ce5c3c: debiting 0 entropy credits from input
[    5.585330] random 0000 0000 0000 e7f555d9 e8ce5c3c: extract_entropy account returned: 0 
[    5.585333] random 0000 0000 0000 e7f555d9 e8ce5c3c: urand_change_num 43 xfer_secondary_pool(4): pool_sig 0000068c, data_sig 00000000, bytes_mixed 0 e7f555d9 e8ce5c3c
[    5.585335] random 0000 0000 0000 e7f555d9 e8ce5c3c: trying to extract 32 bits from nonblocking
[    5.585338] random 0000 0000 0000 e7f555d9 e8ce5c3c: debiting 32 entropy credits from nonblocking (unlimited)
[    5.585340] random 0000 0000 0000 e7f555d9 e8ce5c3c: extract_entropy account returned: 4 
[    5.585344] random 0000 0000 0000 e7f555d9 e8ce5c3c: urand_change_num 44 extract_buf: pool_sig 0000068c, data_sig fffffdcb, bytes_mixed 20 e7f555d9 e8ce5c3c
[    5.585355] md: Waiting for all devices to be available before autodetect
[    5.585450] md: If you don't use raid, use raid=noautodetect
[    5.585610] md: Autodetecting RAID arrays.
[    5.585689] md: Scanned 0 and added 0 devices.
[    5.585777] md: autorun ...
[    5.585875] md: ... autorun DONE.
[    5.599828] EXT3-fs: sda2: couldn't mount because of unsupported optional features (240).
[    5.600013] EXT2-fs: sda2: couldn't mount because of unsupported optional features (240).
[    5.601277] random 0000 0000 0000 e7f555d9 e8ce5c3c: rand_read_num 10 get_random_bytes(4): sig ffffff72 e7f555d9 e8ce5c3c
[    5.601279] random 0000 0000 0000 e7f555d9 e8ce5c3c: extract_entropy(.. 4 ..)
[    5.601282] random 0000 0000 0000 e7f555d9 e8ce5c3c: going to reseed nonblocking with 64 bits (32 of 0 requested)
[    5.601284] random 0000 0000 0000 e7f555d9 e8ce5c3c: extract_entropy(.. 8 ..)
[    5.601286] random 0000 0000 0000 e7f555d9 e8ce5c3c: trying to extract 64 bits from input
[    5.601288] random 0000 0000 0000 e7f555d9 e8ce5c3c: debiting 0 entropy credits from input
[    5.601290] random 0000 0000 0000 e7f555d9 e8ce5c3c: extract_entropy account returned: 0 
[    5.601293] random 0000 0000 0000 e7f555d9 e8ce5c3c: urand_change_num 45 xfer_secondary_pool(4): pool_sig ffffff72, data_sig 00000000, bytes_mixed 0 e7f555d9 e8ce5c3c
[    5.601296] random 0000 0000 0000 e7f555d9 e8ce5c3c: trying to extract 32 bits from nonblocking
[    5.601298] random 0000 0000 0000 e7f555d9 e8ce5c3c: debiting 32 entropy credits from nonblocking (unlimited)
[    5.601300] random 0000 0000 0000 e7f555d9 e8ce5c3c: extract_entropy account returned: 4 
[    5.601304] random 0000 0000 0000 e7f555d9 e8ce5c3c: urand_change_num 46 extract_buf: pool_sig ffffff72, data_sig ffffff72, bytes_mixed 20 e7f555d9 e8ce5c3c
[    5.636532] EXT4-fs (sda2): mounted filesystem with ordered data mode
[    5.636722] VFS: Mounted root (ext4 filesystem) readonly on device 8:2.
[    5.636818] Freeing unused kernel memory: 448k freed
[    5.715453] random 0000 0000 0000 91716c54 eeb6a1e7: rand_read_num 11 get_random_bytes(16): sig fffffcad 91716c54 eeb6a1e7
[    5.715456] random 0000 0000 0000 91716c54 eeb6a1e7: extract_entropy(.. 16 ..)
[    5.715458] random 0000 0000 0000 91716c54 eeb6a1e7: going to reseed nonblocking with 128 bits (128 of 0 requested)
[    5.715460] random 0000 0000 0000 91716c54 eeb6a1e7: extract_entropy(.. 16 ..)
[    5.715463] random 0000 0000 0000 91716c54 eeb6a1e7: trying to extract 128 bits from input
[    5.715465] random 0000 0000 0000 91716c54 eeb6a1e7: debiting 0 entropy credits from input
[    5.715467] random 0000 0000 0000 91716c54 eeb6a1e7: extract_entropy account returned: 0 
[    5.715470] random 0000 0000 0000 91716c54 eeb6a1e7: urand_change_num 47 xfer_secondary_pool(16): pool_sig fffffcad, data_sig 00000000, bytes_mixed 0 91716c54 eeb6a1e7
[    5.715473] random 0000 0000 0000 91716c54 eeb6a1e7: trying to extract 128 bits from nonblocking
[    5.715475] random 0000 0000 0000 91716c54 eeb6a1e7: debiting 128 entropy credits from nonblocking (unlimited)
[    5.715477] random 0000 0000 0000 91716c54 eeb6a1e7: extract_entropy account returned: 16 
[    5.715481] random 0000 0000 0000 91716c54 eeb6a1e7: urand_change_num 48 extract_buf: pool_sig fffffcad, data_sig ffffff19, bytes_mixed 20 91716c54 eeb6a1e7
[    5.715486] random 0000 0000 0000 fd637b06 6cf47bc1: urand_change_num 49 extract_buf: pool_sig fffffede, data_sig ffffffc1, bytes_mixed 20 fd637b06 6cf47bc1
[    5.793880] random 0000 0000 0000 fd637b06 6cf47bc1: rand_read_num 12 get_random_bytes(16): sig 0000033b fd637b06 6cf47bc1
[    5.793882] random 0000 0000 0000 fd637b06 6cf47bc1: extract_entropy(.. 16 ..)
[    5.793885] random 0000 0000 0000 fd637b06 6cf47bc1: going to reseed nonblocking with 128 bits (128 of 0 requested)
[    5.793887] random 0000 0000 0000 fd637b06 6cf47bc1: extract_entropy(.. 16 ..)
[    5.793889] random 0000 0000 0000 fd637b06 6cf47bc1: trying to extract 128 bits from input
[    5.793892] random 0000 0000 0000 fd637b06 6cf47bc1: debiting 0 entropy credits from input
[    5.793894] random 0000 0000 0000 fd637b06 6cf47bc1: extract_entropy account returned: 0 
[    5.793897] random 0000 0000 0000 fd637b06 6cf47bc1: urand_change_num 50 xfer_secondary_pool(16): pool_sig 0000033b, data_sig 00000000, bytes_mixed 0 fd637b06 6cf47bc1
[    5.793899] random 0000 0000 0000 fd637b06 6cf47bc1: trying to extract 128 bits from nonblocking
[    5.793902] random 0000 0000 0000 fd637b06 6cf47bc1: debiting 128 entropy credits from nonblocking (unlimited)
[    5.793904] random 0000 0000 0000 fd637b06 6cf47bc1: extract_entropy account returned: 16 
[    5.793908] random 0000 0000 0000 fd637b06 6cf47bc1: urand_change_num 51 extract_buf: pool_sig 0000033b, data_sig 000000d8, bytes_mixed 20 fd637b06 6cf47bc1
[    5.793914] random 0000 0000 0000 0ec1f012 d4727ca8: urand_change_num 52 extract_buf: pool_sig fffffcf5, data_sig 00000016, bytes_mixed 20 0ec1f012 d4727ca8
[    6.148548] ieee1394: Host added: ID:BUS[0-00:1023]  GUID[00061b032a25f51c]
[    6.176116] random 0000 0000 0000 45b1d0b1 845a73f7: rand_read_num 13 get_random_bytes(16): sig 00000116 45b1d0b1 845a73f7
[    6.176118] random 0000 0000 0000 45b1d0b1 845a73f7: extract_entropy(.. 16 ..)
[    6.176121] random 0000 0000 0000 45b1d0b1 845a73f7: going to reseed nonblocking with 128 bits (128 of 0 requested)
[    6.176123] random 0000 0000 0000 45b1d0b1 845a73f7: extract_entropy(.. 16 ..)
[    6.176126] random 0000 0000 0000 45b1d0b1 845a73f7: trying to extract 128 bits from input
[    6.176128] random 0000 0000 0000 45b1d0b1 845a73f7: debiting 0 entropy credits from input
[    6.176130] random 0000 0000 0000 45b1d0b1 845a73f7: extract_entropy account returned: 0 
[    6.176133] random 0000 0000 0000 45b1d0b1 845a73f7: urand_change_num 53 xfer_secondary_pool(16): pool_sig 00000116, data_sig 00000000, bytes_mixed 0 45b1d0b1 845a73f7
[    6.176136] random 0000 0000 0000 45b1d0b1 845a73f7: trying to extract 128 bits from nonblocking
[    6.176138] random 0000 0000 0000 45b1d0b1 845a73f7: debiting 128 entropy credits from nonblocking (unlimited)
[    6.176140] random 0000 0000 0000 45b1d0b1 845a73f7: extract_entropy account returned: 16 
[    6.176144] random 0000 0000 0000 45b1d0b1 845a73f7: urand_change_num 54 extract_buf: pool_sig 00000116, data_sig fffffd8b, bytes_mixed 20 45b1d0b1 845a73f7
[    6.176150] random 0000 0000 0000 45b1d0b1 845a73f7: urand_change_num 55 extract_buf: pool_sig fffffc05, data_sig 00000109, bytes_mixed 20 45b1d0b1 845a73f7
[    6.228613] random 0000 0000 0000 5012cce3 b8a30621: rand_read_num 14 get_random_bytes(16): sig fffffb93 5012cce3 b8a30621
[    6.228616] random 0000 0000 0000 5012cce3 b8a30621: extract_entropy(.. 16 ..)
[    6.228619] random 0000 0000 0000 5012cce3 b8a30621: going to reseed nonblocking with 128 bits (128 of 0 requested)
[    6.228621] random 0000 0000 0000 5012cce3 b8a30621: extract_entropy(.. 16 ..)
[    6.228623] random 0000 0000 0000 5012cce3 b8a30621: trying to extract 128 bits from input
[    6.228625] random 0000 0000 0000 5012cce3 b8a30621: debiting 0 entropy credits from input
[    6.228627] random 0000 0000 0000 5012cce3 b8a30621: extract_entropy account returned: 0 
[    6.228630] random 0000 0000 0000 5012cce3 b8a30621: urand_change_num 56 xfer_secondary_pool(16): pool_sig fffffb93, data_sig 00000000, bytes_mixed 0 5012cce3 b8a30621
[    6.228633] random 0000 0000 0000 5012cce3 b8a30621: trying to extract 128 bits from nonblocking
[    6.228636] random 0000 0000 0000 5012cce3 b8a30621: debiting 128 entropy credits from nonblocking (unlimited)
[    6.228638] random 0000 0000 0000 5012cce3 b8a30621: extract_entropy account returned: 16 
[    6.228642] random 0000 0000 0000 5012cce3 b8a30621: urand_change_num 57 extract_buf: pool_sig fffffb93, data_sig ffffff35, bytes_mixed 20 5012cce3 b8a30621
[    6.228647] random 0000 0000 0000 5012cce3 b8a30621: urand_change_num 58 extract_buf: pool_sig fffffb9d, data_sig ffffff92, bytes_mixed 20 5012cce3 b8a30621
[    6.230031] random 0000 0000 0000 30a5721d 4b648ff6: rand_read_num 15 get_random_bytes(16): sig fffffeb5 30a5721d 4b648ff6
[    6.230034] random 0000 0000 0000 30a5721d 4b648ff6: extract_entropy(.. 16 ..)
[    6.230037] random 0000 0000 0000 30a5721d 4b648ff6: going to reseed nonblocking with 128 bits (128 of 0 requested)
[    6.230039] random 0000 0000 0000 30a5721d 4b648ff6: extract_entropy(.. 16 ..)
[    6.230041] random 0000 0000 0000 30a5721d 4b648ff6: trying to extract 128 bits from input
[    6.230043] random 0000 0000 0000 30a5721d 4b648ff6: debiting 0 entropy credits from input
[    6.230045] random 0000 0000 0000 30a5721d 4b648ff6: extract_entropy account returned: 0 
[    6.230048] random 0000 0000 0000 30a5721d 4b648ff6: urand_change_num 59 xfer_secondary_pool(16): pool_sig fffffeb5, data_sig 00000000, bytes_mixed 0 30a5721d 4b648ff6
[    6.230051] random 0000 0000 0000 30a5721d 4b648ff6: trying to extract 128 bits from nonblocking
[    6.230054] random 0000 0000 0000 30a5721d 4b648ff6: debiting 128 entropy credits from nonblocking (unlimited)
[    6.230056] random 0000 0000 0000 30a5721d 4b648ff6: extract_entropy account returned: 16 
[    6.230060] random 0000 0000 0000 30a5721d 4b648ff6: urand_change_num 60 extract_buf: pool_sig fffffeb5, data_sig 000000c2, bytes_mixed 20 30a5721d 4b648ff6
[    6.230065] random 0000 0000 0000 89bae1ab 704c432f: urand_change_num 61 extract_buf: pool_sig 0000006e, data_sig fffffefc, bytes_mixed 20 89bae1ab 704c432f
[    6.230611] random 0000 0000 0000 89bae1ab 704c432f: rand_read_num 16 get_random_bytes(16): sig fffffd99 89bae1ab 704c432f
[    6.230613] random 0000 0000 0000 89bae1ab 704c432f: extract_entropy(.. 16 ..)
[    6.230616] random 0000 0000 0000 89bae1ab 704c432f: going to reseed nonblocking with 128 bits (128 of 0 requested)
[    6.230619] random 0000 0000 0000 89bae1ab 704c432f: extract_entropy(.. 16 ..)
[    6.230621] random 0000 0000 0000 89bae1ab 704c432f: trying to extract 128 bits from input
[    6.230623] random 0000 0000 0000 89bae1ab 704c432f: debiting 0 entropy credits from input
[    6.230625] random 0000 0000 0000 89bae1ab 704c432f: extract_entropy account returned: 0 
[    6.230628] random 0000 0000 0000 89bae1ab 704c432f: urand_change_num 62 xfer_secondary_pool(16): pool_sig fffffd99, data_sig 00000000, bytes_mixed 0 89bae1ab 704c432f
[    6.230631] random 0000 0000 0000 89bae1ab 704c432f: trying to extract 128 bits from nonblocking
[    6.230633] random 0000 0000 0000 89bae1ab 704c432f: debiting 128 entropy credits from nonblocking (unlimited)
[    6.230635] random 0000 0000 0000 89bae1ab 704c432f: extract_entropy account returned: 16 
[    6.230639] random 0000 0000 0000 89bae1ab 704c432f: urand_change_num 63 extract_buf: pool_sig fffffd99, data_sig 00000204, bytes_mixed 20 89bae1ab 704c432f
[    6.230645] random 0000 0000 0000 6c298a02 2b1539f8: urand_change_num 64 extract_buf: pool_sig 00000124, data_sig fffffff5, bytes_mixed 20 6c298a02 2b1539f8
[    6.231539] random 0000 0000 0000 c77b8b35 70f6cab5: rand_read_num 17 get_random_bytes(16): sig 0000036b c77b8b35 70f6cab5
[    6.231542] random 0000 0000 0000 c77b8b35 70f6cab5: extract_entropy(.. 16 ..)
[    6.231545] random 0000 0000 0000 c77b8b35 70f6cab5: going to reseed nonblocking with 128 bits (128 of 0 requested)
[    6.231547] random 0000 0000 0000 c77b8b35 70f6cab5: extract_entropy(.. 16 ..)
[    6.231549] random 0000 0000 0000 c77b8b35 70f6cab5: trying to extract 128 bits from input
[    6.231551] random 0000 0000 0000 c77b8b35 70f6cab5: debiting 0 entropy credits from input
[    6.231553] random 0000 0000 0000 c77b8b35 70f6cab5: extract_entropy account returned: 0 
[    6.231556] random 0000 0000 0000 c77b8b35 70f6cab5: urand_change_num 65 xfer_secondary_pool(16): pool_sig 0000036b, data_sig 00000000, bytes_mixed 0 c77b8b35 70f6cab5
[    6.231559] random 0000 0000 0000 c77b8b35 70f6cab5: trying to extract 128 bits from nonblocking
[    6.231562] random 0000 0000 0000 c77b8b35 70f6cab5: debiting 128 entropy credits from nonblocking (unlimited)
[    6.231564] random 0000 0000 0000 c77b8b35 70f6cab5: extract_entropy account returned: 16 
[    6.231568] random 0000 0000 0000 c77b8b35 70f6cab5: urand_change_num 66 extract_buf: pool_sig 0000036b, data_sig 0000005f, bytes_mixed 20 c77b8b35 70f6cab5
[    6.231573] random 0000 0000 0000 c77b8b35 70f6cab5: urand_change_num 67 extract_buf: pool_sig ffffff1c, data_sig 0000005a, bytes_mixed 20 c77b8b35 70f6cab5
[    6.232172] random 0000 0000 0000 af21d212 57d20ca3: rand_read_num 18 get_random_bytes(16): sig fffffb7f af21d212 57d20ca3
[    6.232175] random 0000 0000 0000 af21d212 57d20ca3: extract_entropy(.. 16 ..)
[    6.232178] random 0000 0000 0000 af21d212 57d20ca3: going to reseed nonblocking with 128 bits (128 of 0 requested)
[    6.232180] random 0000 0000 0000 af21d212 57d20ca3: extract_entropy(.. 16 ..)
[    6.232182] random 0000 0000 0000 af21d212 57d20ca3: trying to extract 128 bits from input
[    6.232184] random 0000 0000 0000 af21d212 57d20ca3: debiting 0 entropy credits from input
[    6.232186] random 0000 0000 0000 af21d212 57d20ca3: extract_entropy account returned: 0 
[    6.232189] random 0000 0000 0000 af21d212 57d20ca3: urand_change_num 68 xfer_secondary_pool(16): pool_sig fffffb7f, data_sig 00000000, bytes_mixed 0 af21d212 57d20ca3
[    6.232192] random 0000 0000 0000 af21d212 57d20ca3: trying to extract 128 bits from nonblocking
[    6.232194] random 0000 0000 0000 af21d212 57d20ca3: debiting 128 entropy credits from nonblocking (unlimited)
[    6.232196] random 0000 0000 0000 af21d212 57d20ca3: extract_entropy account returned: 16 
[    6.232201] random 0000 0000 0000 af21d212 57d20ca3: urand_change_num 69 extract_buf: pool_sig fffffb7f, data_sig ffffff88, bytes_mixed 20 af21d212 57d20ca3
[    6.232206] random 0000 0000 0000 af21d212 57d20ca3: urand_change_num 70 extract_buf: pool_sig fffffe1d, data_sig ffffff17, bytes_mixed 20 af21d212 57d20ca3
[    6.232798] random 0000 0000 0000 ffbd26fd 21933274: rand_read_num 19 get_random_bytes(16): sig ffffffc7 ffbd26fd 21933274
[    6.232800] random 0000 0000 0000 ffbd26fd 21933274: extract_entropy(.. 16 ..)
[    6.232803] random 0000 0000 0000 ffbd26fd 21933274: going to reseed nonblocking with 128 bits (128 of 0 requested)
[    6.232805] random 0000 0000 0000 ffbd26fd 21933274: extract_entropy(.. 16 ..)
[    6.232807] random 0000 0000 0000 ffbd26fd 21933274: trying to extract 128 bits from input
[    6.232809] random 0000 0000 0000 ffbd26fd 21933274: debiting 0 entropy credits from input
[    6.232811] random 0000 0000 0000 ffbd26fd 21933274: extract_entropy account returned: 0 
[    6.232814] random 0000 0000 0000 ffbd26fd 21933274: urand_change_num 71 xfer_secondary_pool(16): pool_sig ffffffc7, data_sig 00000000, bytes_mixed 0 ffbd26fd 21933274
[    6.232817] random 0000 0000 0000 ffbd26fd 21933274: trying to extract 128 bits from nonblocking
[    6.232819] random 0000 0000 0000 ffbd26fd 21933274: debiting 128 entropy credits from nonblocking (unlimited)
[    6.232822] random 0000 0000 0000 ffbd26fd 21933274: extract_entropy account returned: 16 
[    6.232826] random 0000 0000 0000 ffbd26fd 21933274: urand_change_num 72 extract_buf: pool_sig ffffffc7, data_sig 0000013b, bytes_mixed 20 ffbd26fd 21933274
[    6.232831] random 0000 0000 0000 151530a2 56c65dd3: urand_change_num 73 extract_buf: pool_sig ffffffbf, data_sig 00000036, bytes_mixed 20 151530a2 56c65dd3
[    6.233380] random 0000 0000 0000 151530a2 56c65dd3: rand_read_num 20 get_random_bytes(16): sig 000001a7 151530a2 56c65dd3
[    6.233383] random 0000 0000 0000 151530a2 56c65dd3: extract_entropy(.. 16 ..)
[    6.233386] random 0000 0000 0000 151530a2 56c65dd3: going to reseed nonblocking with 128 bits (128 of 0 requested)
[    6.233388] random 0000 0000 0000 151530a2 56c65dd3: extract_entropy(.. 16 ..)
[    6.233390] random 0000 0000 0000 151530a2 56c65dd3: trying to extract 128 bits from input
[    6.233392] random 0000 0000 0000 151530a2 56c65dd3: debiting 0 entropy credits from input
[    6.233394] random 0000 0000 0000 151530a2 56c65dd3: extract_entropy account returned: 0 
[    6.233397] random 0000 0000 0000 151530a2 56c65dd3: urand_change_num 74 xfer_secondary_pool(16): pool_sig 000001a7, data_sig 00000000, bytes_mixed 0 151530a2 56c65dd3
[    6.233400] random 0000 0000 0000 151530a2 56c65dd3: trying to extract 128 bits from nonblocking
[    6.233403] random 0000 0000 0000 151530a2 56c65dd3: debiting 128 entropy credits from nonblocking (unlimited)
[    6.233405] random 0000 0000 0000 151530a2 56c65dd3: extract_entropy account returned: 16 
[    6.233409] random 0000 0000 0000 151530a2 56c65dd3: urand_change_num 75 extract_buf: pool_sig 000001a7, data_sig ffffffa1, bytes_mixed 20 151530a2 56c65dd3
[    6.233414] random 0000 0000 0000 5d3e132e d9a77eb3: urand_change_num 76 extract_buf: pool_sig fffffcc9, data_sig 00000013, bytes_mixed 20 5d3e132e d9a77eb3
[    6.284427] random 0000 0000 0000 264837ad 0a28fef5: rand_read_num 21 get_random_bytes(16): sig ffffffd0 264837ad 0a28fef5
[    6.284430] random 0000 0000 0000 264837ad 0a28fef5: extract_entropy(.. 16 ..)
[    6.284432] random 0000 0000 0000 264837ad 0a28fef5: going to reseed nonblocking with 128 bits (128 of 0 requested)
[    6.284435] random 0000 0000 0000 264837ad 0a28fef5: extract_entropy(.. 16 ..)
[    6.284437] random 0000 0000 0000 264837ad 0a28fef5: trying to extract 128 bits from input
[    6.284439] random 0000 0000 0000 264837ad 0a28fef5: debiting 0 entropy credits from input
[    6.284441] random 0000 0000 0000 264837ad 0a28fef5: extract_entropy account returned: 0 
[    6.284444] random 0000 0000 0000 264837ad 0a28fef5: urand_change_num 77 xfer_secondary_pool(16): pool_sig ffffffd0, data_sig 00000000, bytes_mixed 0 264837ad 0a28fef5
[    6.284447] random 0000 0000 0000 264837ad 0a28fef5: trying to extract 128 bits from nonblocking
[    6.284450] random 0000 0000 0000 264837ad 0a28fef5: debiting 128 entropy credits from nonblocking (unlimited)
[    6.284452] random 0000 0000 0000 264837ad 0a28fef5: extract_entropy account returned: 16 
[    6.284456] random 0000 0000 0000 264837ad 0a28fef5: urand_change_num 78 extract_buf: pool_sig ffffffd0, data_sig 0000017b, bytes_mixed 20 264837ad 0a28fef5
[    6.284462] random 0000 0000 0000 264837ad 0a28fef5: urand_change_num 79 extract_buf: pool_sig 0000045c, data_sig 000001df, bytes_mixed 20 264837ad 0a28fef5
[    6.285914] random 0000 0000 0000 f37f7344 164aede0: rand_read_num 22 get_random_bytes(16): sig 000003c2 f37f7344 164aede0
[    6.285917] random 0000 0000 0000 f37f7344 164aede0: extract_entropy(.. 16 ..)
[    6.285920] random 0000 0000 0000 f37f7344 164aede0: going to reseed nonblocking with 128 bits (128 of 0 requested)
[    6.285922] random 0000 0000 0000 f37f7344 164aede0: extract_entropy(.. 16 ..)
[    6.285924] random 0000 0000 0000 f37f7344 164aede0: trying to extract 128 bits from input
[    6.285926] random 0000 0000 0000 f37f7344 164aede0: debiting 0 entropy credits from input
[    6.285928] random 0000 0000 0000 f37f7344 164aede0: extract_entropy account returned: 0 
[    6.285931] random 0000 0000 0000 f37f7344 164aede0: urand_change_num 80 xfer_secondary_pool(16): pool_sig 000003c2, data_sig 00000000, bytes_mixed 0 f37f7344 164aede0
[    6.285934] random 0000 0000 0000 f37f7344 164aede0: trying to extract 128 bits from nonblocking
[    6.285937] random 0000 0000 0000 f37f7344 164aede0: debiting 128 entropy credits from nonblocking (unlimited)
[    6.285939] random 0000 0000 0000 f37f7344 164aede0: extract_entropy account returned: 16 
[    6.285943] random 0000 0000 0000 f37f7344 164aede0: urand_change_num 81 extract_buf: pool_sig 000003c2, data_sig ffffff6c, bytes_mixed 20 f37f7344 164aede0
[    6.285948] random 0000 0000 0000 f37f7344 164aede0: urand_change_num 82 extract_buf: pool_sig fffffdfc, data_sig 00000091, bytes_mixed 20 f37f7344 164aede0
[    6.308726] random 0000 0000 0000 a4794863 878070c1: rand_read_num 23 get_random_bytes(16): sig 0000011b a4794863 878070c1
[    6.308729] random 0000 0000 0000 a4794863 878070c1: extract_entropy(.. 16 ..)
[    6.308731] random 0000 0000 0000 a4794863 878070c1: going to reseed nonblocking with 128 bits (128 of 0 requested)
[    6.308734] random 0000 0000 0000 a4794863 878070c1: extract_entropy(.. 16 ..)
[    6.308736] random 0000 0000 0000 a4794863 878070c1: trying to extract 128 bits from input
[    6.308738] random 0000 0000 0000 a4794863 878070c1: debiting 0 entropy credits from input
[    6.308740] random 0000 0000 0000 a4794863 878070c1: extract_entropy account returned: 0 
[    6.308743] random 0000 0000 0000 a4794863 878070c1: urand_change_num 83 xfer_secondary_pool(16): pool_sig 0000011b, data_sig 00000000, bytes_mixed 0 a4794863 878070c1
[    6.308749] random 0000 0000 0000 a4794863 878070c1: trying to extract 128 bits from nonblocking
[    6.308752] random 0000 0000 0000 a4794863 878070c1: debiting 128 entropy credits from nonblocking (unlimited)
[    6.308754] random 0000 0000 0000 a4794863 878070c1: extract_entropy account returned: 16 
[    6.308758] random 0000 0000 0000 a4794863 878070c1: urand_change_num 84 extract_buf: pool_sig 0000011b, data_sig ffffff51, bytes_mixed 20 a4794863 878070c1
[    6.308763] random 0000 0000 0000 737f19b4 9417d8ab: urand_change_num 85 extract_buf: pool_sig 000001a3, data_sig 0000006c, bytes_mixed 20 737f19b4 9417d8ab
[    6.329461] random 0000 0000 0000 737f19b4 9417d8ab: rand_read_num 24 get_random_bytes(16): sig fffffe22 737f19b4 9417d8ab
[    6.329463] random 0000 0000 0000 737f19b4 9417d8ab: extract_entropy(.. 16 ..)
[    6.329466] random 0000 0000 0000 737f19b4 9417d8ab: going to reseed nonblocking with 128 bits (128 of 0 requested)
[    6.329468] random 0000 0000 0000 737f19b4 9417d8ab: extract_entropy(.. 16 ..)
[    6.329470] random 0000 0000 0000 737f19b4 9417d8ab: trying to extract 128 bits from input
[    6.329472] random 0000 0000 0000 737f19b4 9417d8ab: debiting 0 entropy credits from input
[    6.329474] random 0000 0000 0000 737f19b4 9417d8ab: extract_entropy account returned: 0 
[    6.329477] random 0000 0000 0000 737f19b4 9417d8ab: urand_change_num 86 xfer_secondary_pool(16): pool_sig fffffe22, data_sig 00000000, bytes_mixed 0 737f19b4 9417d8ab
[    6.329480] random 0000 0000 0000 737f19b4 9417d8ab: trying to extract 128 bits from nonblocking
[    6.329483] random 0000 0000 0000 737f19b4 9417d8ab: debiting 128 entropy credits from nonblocking (unlimited)
[    6.329485] random 0000 0000 0000 737f19b4 9417d8ab: extract_entropy account returned: 16 
[    6.329489] random 0000 0000 0000 737f19b4 9417d8ab: urand_change_num 87 extract_buf: pool_sig fffffe22, data_sig 00000230, bytes_mixed 20 737f19b4 9417d8ab
[    6.329494] random 0000 0000 0000 4deb0d06 1236af4c: urand_change_num 88 extract_buf: pool_sig 000000b6, data_sig ffffff44, bytes_mixed 20 4deb0d06 1236af4c
[    6.330483] random 0000 0000 0000 b538fadc 4a7613df: rand_read_num 25 get_random_bytes(16): sig 0000013c b538fadc 4a7613df
[    6.330486] random 0000 0000 0000 b538fadc 4a7613df: extract_entropy(.. 16 ..)
[    6.330489] random 0000 0000 0000 b538fadc 4a7613df: going to reseed nonblocking with 128 bits (128 of 0 requested)
[    6.330491] random 0000 0000 0000 b538fadc 4a7613df: extract_entropy(.. 16 ..)
[    6.330493] random 0000 0000 0000 b538fadc 4a7613df: trying to extract 128 bits from input
[    6.330495] random 0000 0000 0000 b538fadc 4a7613df: debiting 0 entropy credits from input
[    6.330497] random 0000 0000 0000 b538fadc 4a7613df: extract_entropy account returned: 0 
[    6.330500] random 0000 0000 0000 b538fadc 4a7613df: urand_change_num 89 xfer_secondary_pool(16): pool_sig 0000013c, data_sig 00000000, bytes_mixed 0 b538fadc 4a7613df
[    6.330503] random 0000 0000 0000 b538fadc 4a7613df: trying to extract 128 bits from nonblocking
[    6.330505] random 0000 0000 0000 b538fadc 4a7613df: debiting 128 entropy credits from nonblocking (unlimited)
[    6.330508] random 0000 0000 0000 b538fadc 4a7613df: extract_entropy account returned: 16 
[    6.330512] random 0000 0000 0000 b538fadc 4a7613df: urand_change_num 90 extract_buf: pool_sig 0000013c, data_sig 00000015, bytes_mixed 20 b538fadc 4a7613df
[    6.330517] random 0000 0000 0000 b538fadc 4a7613df: urand_change_num 91 extract_buf: pool_sig 00000452, data_sig 0000002b, bytes_mixed 20 b538fadc 4a7613df
[    6.330971] random 0000 0000 0000 73b17df4 93bb370e: rand_read_num 26 get_random_bytes(16): sig fffffbf1 73b17df4 93bb370e
[    6.330974] random 0000 0000 0000 73b17df4 93bb370e: extract_entropy(.. 16 ..)
[    6.330976] random 0000 0000 0000 73b17df4 93bb370e: going to reseed nonblocking with 128 bits (128 of 0 requested)
[    6.330979] random 0000 0000 0000 73b17df4 93bb370e: extract_entropy(.. 16 ..)
[    6.330981] random 0000 0000 0000 73b17df4 93bb370e: trying to extract 128 bits from input
[    6.330983] random 0000 0000 0000 73b17df4 93bb370e: debiting 0 entropy credits from input
[    6.330985] random 0000 0000 0000 73b17df4 93bb370e: extract_entropy account returned: 0 
[    6.330988] random 0000 0000 0000 73b17df4 93bb370e: urand_change_num 92 xfer_secondary_pool(16): pool_sig fffffbf1, data_sig 00000000, bytes_mixed 0 73b17df4 93bb370e
[    6.330991] random 0000 0000 0000 73b17df4 93bb370e: trying to extract 128 bits from nonblocking
[    6.330993] random 0000 0000 0000 73b17df4 93bb370e: debiting 128 entropy credits from nonblocking (unlimited)
[    6.330995] random 0000 0000 0000 73b17df4 93bb370e: extract_entropy account returned: 16 
[    6.331000] random 0000 0000 0000 73b17df4 93bb370e: urand_change_num 93 extract_buf: pool_sig fffffbf1, data_sig ffffff99, bytes_mixed 20 73b17df4 93bb370e
[    6.331005] random 0000 0000 0000 73b17df4 93bb370e: urand_change_num 94 extract_buf: pool_sig fffffe1d, data_sig 000000b0, bytes_mixed 20 73b17df4 93bb370e
[    6.331409] random 0000 0000 0000 0cd682bb ba04da9f: rand_read_num 27 get_random_bytes(16): sig fffffccb 0cd682bb ba04da9f
[    6.331412] random 0000 0000 0000 0cd682bb ba04da9f: extract_entropy(.. 16 ..)
[    6.331415] random 0000 0000 0000 0cd682bb ba04da9f: going to reseed nonblocking with 128 bits (128 of 0 requested)
[    6.331417] random 0000 0000 0000 0cd682bb ba04da9f: extract_entropy(.. 16 ..)
[    6.331419] random 0000 0000 0000 0cd682bb ba04da9f: trying to extract 128 bits from input
[    6.331421] random 0000 0000 0000 0cd682bb ba04da9f: debiting 0 entropy credits from input
[    6.331423] random 0000 0000 0000 0cd682bb ba04da9f: extract_entropy account returned: 0 
[    6.331426] random 0000 0000 0000 0cd682bb ba04da9f: urand_change_num 95 xfer_secondary_pool(16): pool_sig fffffccb, data_sig 00000000, bytes_mixed 0 0cd682bb ba04da9f
[    6.331429] random 0000 0000 0000 0cd682bb ba04da9f: trying to extract 128 bits from nonblocking
[    6.331432] random 0000 0000 0000 0cd682bb ba04da9f: debiting 128 entropy credits from nonblocking (unlimited)
[    6.331434] random 0000 0000 0000 0cd682bb ba04da9f: extract_entropy account returned: 16 
[    6.331438] random 0000 0000 0000 0cd682bb ba04da9f: urand_change_num 96 extract_buf: pool_sig fffffccb, data_sig fffffec5, bytes_mixed 20 0cd682bb ba04da9f
[    6.331443] random 0000 0000 0000 26929f1a 15254dc1: urand_change_num 97 extract_buf: pool_sig fffffed2, data_sig ffffffb1, bytes_mixed 20 26929f1a 15254dc1
[    6.332313] random 0000 0000 0000 26929f1a 15254dc1: rand_read_num 28 get_random_bytes(16): sig 00000038 26929f1a 15254dc1
[    6.332316] random 0000 0000 0000 26929f1a 15254dc1: extract_entropy(.. 16 ..)
[    6.332318] random 0000 0000 0000 26929f1a 15254dc1: going to reseed nonblocking with 128 bits (128 of 0 requested)
[    6.332321] random 0000 0000 0000 26929f1a 15254dc1: extract_entropy(.. 16 ..)
[    6.332323] random 0000 0000 0000 26929f1a 15254dc1: trying to extract 128 bits from input
[    6.332325] random 0000 0000 0000 26929f1a 15254dc1: debiting 0 entropy credits from input
[    6.332327] random 0000 0000 0000 26929f1a 15254dc1: extract_entropy account returned: 0 
[    6.332330] random 0000 0000 0000 26929f1a 15254dc1: urand_change_num 98 xfer_secondary_pool(16): pool_sig 00000038, data_sig 00000000, bytes_mixed 0 26929f1a 15254dc1
[    6.332333] random 0000 0000 0000 26929f1a 15254dc1: trying to extract 128 bits from nonblocking
[    6.332335] random 0000 0000 0000 26929f1a 15254dc1: debiting 128 entropy credits from nonblocking (unlimited)
[    6.332337] random 0000 0000 0000 26929f1a 15254dc1: extract_entropy account returned: 16 
[    6.332341] random 0000 0000 0000 26929f1a 15254dc1: urand_change_num 99 extract_buf: pool_sig 00000038, data_sig 000000fd, bytes_mixed 20 26929f1a 15254dc1
[    6.332347] random 0000 0000 0000 8116fe3b 478c2d5b: urand_change_num 100 extract_buf: pool_sig 00000059, data_sig 00000310, bytes_mixed 20 8116fe3b 478c2d5b
[    6.338998] random 0000 0000 0000 a20f4a3a 32a6b2fa: rand_read_num 29 get_random_bytes(16): sig 000002c0 a20f4a3a 32a6b2fa
[    6.339001] random 0000 0000 0000 a20f4a3a 32a6b2fa: extract_entropy(.. 16 ..)
[    6.339004] random 0000 0000 0000 a20f4a3a 32a6b2fa: going to reseed nonblocking with 128 bits (128 of 0 requested)
[    6.339006] random 0000 0000 0000 a20f4a3a 32a6b2fa: extract_entropy(.. 16 ..)
[    6.339008] random 0000 0000 0000 a20f4a3a 32a6b2fa: trying to extract 128 bits from input
[    6.339010] random 0000 0000 0000 a20f4a3a 32a6b2fa: debiting 0 entropy credits from input
[    6.339012] random 0000 0000 0000 a20f4a3a 32a6b2fa: extract_entropy account returned: 0 
[    6.339015] random 0000 0000 0000 a20f4a3a 32a6b2fa: urand_change_num 101 xfer_secondary_pool(16): pool_sig 000002c0, data_sig 00000000, bytes_mixed 0 a20f4a3a 32a6b2fa
[    6.339018] random 0000 0000 0000 a20f4a3a 32a6b2fa: trying to extract 128 bits from nonblocking
[    6.339020] random 0000 0000 0000 a20f4a3a 32a6b2fa: debiting 128 entropy credits from nonblocking (unlimited)
[    6.339023] random 0000 0000 0000 a20f4a3a 32a6b2fa: extract_entropy account returned: 16 
[    6.339027] random 0000 0000 0000 a20f4a3a 32a6b2fa: urand_change_num 102 extract_buf: pool_sig 000002c0, data_sig 000000fb, bytes_mixed 20 a20f4a3a 32a6b2fa
[    6.339032] random 0000 0000 0000 a20f4a3a 32a6b2fa: urand_change_num 103 extract_buf: pool_sig ffffffdd, data_sig 000000a5, bytes_mixed 20 a20f4a3a 32a6b2fa
[    6.351528] random 0000 0000 0000 de716d2a 6c4757e1: rand_read_num 30 get_random_bytes(16): sig 000000fa de716d2a 6c4757e1
[    6.351531] random 0000 0000 0000 de716d2a 6c4757e1: extract_entropy(.. 16 ..)
[    6.351534] random 0000 0000 0000 de716d2a 6c4757e1: going to reseed nonblocking with 128 bits (128 of 0 requested)
[    6.351536] random 0000 0000 0000 de716d2a 6c4757e1: extract_entropy(.. 16 ..)
[    6.351538] random 0000 0000 0000 de716d2a 6c4757e1: trying to extract 128 bits from input
[    6.351540] random 0000 0000 0000 de716d2a 6c4757e1: debiting 0 entropy credits from input
[    6.351542] random 0000 0000 0000 de716d2a 6c4757e1: extract_entropy account returned: 0 
[    6.351545] random 0000 0000 0000 de716d2a 6c4757e1: urand_change_num 104 xfer_secondary_pool(16): pool_sig 000000fa, data_sig 00000000, bytes_mixed 0 de716d2a 6c4757e1
[    6.351548] random 0000 0000 0000 de716d2a 6c4757e1: trying to extract 128 bits from nonblocking
[    6.351551] random 0000 0000 0000 de716d2a 6c4757e1: debiting 128 entropy credits from nonblocking (unlimited)
[    6.351553] random 0000 0000 0000 de716d2a 6c4757e1: extract_entropy account returned: 16 
[    6.351557] random 0000 0000 0000 de716d2a 6c4757e1: urand_change_num 105 extract_buf: pool_sig 000000fa, data_sig ffffff34, bytes_mixed 20 de716d2a 6c4757e1
[    6.351562] random 0000 0000 0000 de716d2a 6c4757e1: urand_change_num 106 extract_buf: pool_sig 000003d3, data_sig ffffff30, bytes_mixed 20 de716d2a 6c4757e1
[    6.352152] random 0000 0000 0000 a7c511e1 f90ea457: rand_read_num 31 get_random_bytes(16): sig 0000009a a7c511e1 f90ea457
[    6.352155] random 0000 0000 0000 a7c511e1 f90ea457: extract_entropy(.. 16 ..)
[    6.352158] random 0000 0000 0000 a7c511e1 f90ea457: going to reseed nonblocking with 128 bits (128 of 0 requested)
[    6.352160] random 0000 0000 0000 a7c511e1 f90ea457: extract_entropy(.. 16 ..)
[    6.352162] random 0000 0000 0000 a7c511e1 f90ea457: trying to extract 128 bits from input
[    6.352164] random 0000 0000 0000 a7c511e1 f90ea457: debiting 0 entropy credits from input
[    6.352166] random 0000 0000 0000 a7c511e1 f90ea457: extract_entropy account returned: 0 
[    6.352169] random 0000 0000 0000 a7c511e1 f90ea457: urand_change_num 107 xfer_secondary_pool(16): pool_sig 0000009a, data_sig 00000000, bytes_mixed 0 a7c511e1 f90ea457
[    6.352172] random 0000 0000 0000 a7c511e1 f90ea457: trying to extract 128 bits from nonblocking
[    6.352174] random 0000 0000 0000 a7c511e1 f90ea457: debiting 128 entropy credits from nonblocking (unlimited)
[    6.352177] random 0000 0000 0000 a7c511e1 f90ea457: extract_entropy account returned: 16 
[    6.352181] random 0000 0000 0000 a7c511e1 f90ea457: urand_change_num 108 extract_buf: pool_sig 0000009a, data_sig 000000e0, bytes_mixed 20 a7c511e1 f90ea457
[    6.352186] random 0000 0000 0000 7c18c7e6 d65ccb06: urand_change_num 109 extract_buf: pool_sig fffffa79, data_sig 000000e0, bytes_mixed 20 7c18c7e6 d65ccb06
[    6.352781] random 0000 0000 0000 7c18c7e6 d65ccb06: rand_read_num 32 get_random_bytes(16): sig fffffe1e 7c18c7e6 d65ccb06
[    6.352784] random 0000 0000 0000 7c18c7e6 d65ccb06: extract_entropy(.. 16 ..)
[    6.352786] random 0000 0000 0000 7c18c7e6 d65ccb06: going to reseed nonblocking with 128 bits (128 of 0 requested)
[    6.352789] random 0000 0000 0000 7c18c7e6 d65ccb06: extract_entropy(.. 16 ..)
[    6.352791] random 0000 0000 0000 7c18c7e6 d65ccb06: trying to extract 128 bits from input
[    6.352793] random 0000 0000 0000 7c18c7e6 d65ccb06: debiting 0 entropy credits from input
[    6.352795] random 0000 0000 0000 7c18c7e6 d65ccb06: extract_entropy account returned: 0 
[    6.352798] random 0000 0000 0000 7c18c7e6 d65ccb06: urand_change_num 110 xfer_secondary_pool(16): pool_sig fffffe1e, data_sig 00000000, bytes_mixed 0 7c18c7e6 d65ccb06
[    6.352801] random 0000 0000 0000 7c18c7e6 d65ccb06: trying to extract 128 bits from nonblocking
[    6.352803] random 0000 0000 0000 7c18c7e6 d65ccb06: debiting 128 entropy credits from nonblocking (unlimited)
[    6.352805] random 0000 0000 0000 7c18c7e6 d65ccb06: extract_entropy account returned: 16 
