[    0.000000] random 0000 0000 0000 00000000 00000000: rand_read_num 1 get_random_bytes(8): sig 00000000 00000000 00000000
[    0.000000] random 0000 0000 0000 00000000 00000000: extract_entropy(.. 8 ..)
[    0.000000] random 0000 0000 0000 00000000 00000000: going to reseed nonblocking with 64 bits (64 of 0 requested)
[    0.000000] random 0000 0000 0000 00000000 00000000: extract_entropy(.. 8 ..)
[    0.000000] random 0000 0000 0000 00000000 00000000: trying to extract 64 bits from input
[    0.000000] random 0000 0000 0000 00000000 00000000: debiting 0 entropy credits from input
[    0.000000] random 0000 0000 0000 00000000 00000000: extract_entropy account returned: 0 
[    0.000000] random 0000 0000 0000 00000000 00000000: urand_change_num 1 xfer_secondary_pool(8): pool_sig 00000000, data_sig 00000000, bytes_mixed 0 00000000 00000000
[    0.000000] random 0000 0000 0000 00000000 00000000: trying to extract 64 bits from nonblocking
[    0.000000] random 0000 0000 0000 00000000 00000000: debiting 64 entropy credits from nonblocking (unlimited)
[    0.000000] random 0000 0000 0000 00000000 00000000: extract_entropy account returned: 8 
[    0.000000] random 0000 0000 0000 00000000 00000000: urand_change_num 2 extract_buf: pool_sig 00000000, data_sig fffffff9, bytes_mixed 20 00000000 00000000
[    0.000000] Linux version 2.6.32.57 (dcashman@dcashman-02) (gcc version 4.3.3 (GCC) ) #3 Fri May 24 04:27:34 PDT 2013
[    0.000000] KERNEL supported cpus:
[    0.000000]   Intel GenuineIntel
[    0.000000]   AMD AuthenticAMD
[    0.000000]   NSC Geode by NSC
[    0.000000]   Cyrix CyrixInstead
[    0.000000]   Centaur CentaurHauls
[    0.000000]   Transmeta GenuineTMx86
[    0.000000]   Transmeta TransmetaCPU
[    0.000000]   UMC UMC UMC UMC
[    0.000000] BIOS-provided physical RAM map:
[    0.000000]  BIOS-e820: 0000000000000000 - 000000000009d800 (usable)
[    0.000000]  BIOS-e820: 000000000009d800 - 00000000000a0000 (reserved)
[    0.000000]  BIOS-e820: 00000000000d2000 - 00000000000d4000 (reserved)
[    0.000000]  BIOS-e820: 00000000000e0000 - 0000000000100000 (reserved)
[    0.000000]  BIOS-e820: 0000000000100000 - 000000003d6b0000 (usable)
[    0.000000]  BIOS-e820: 000000003d6b0000 - 000000003d6cc000 (ACPI data)
[    0.000000]  BIOS-e820: 000000003d6cc000 - 000000003d700000 (ACPI NVS)
[    0.000000]  BIOS-e820: 000000003d700000 - 000000003e000000 (reserved)
[    0.000000]  BIOS-e820: 00000000f0000000 - 00000000f4000000 (reserved)
[    0.000000]  BIOS-e820: 00000000fec00000 - 00000000fec10000 (reserved)
[    0.000000]  BIOS-e820: 00000000fed00000 - 00000000fed00400 (reserved)
[    0.000000]  BIOS-e820: 00000000fed14000 - 00000000fed1a000 (reserved)
[    0.000000]  BIOS-e820: 00000000fed1c000 - 00000000fed90000 (reserved)
[    0.000000]  BIOS-e820: 00000000fee00000 - 00000000fee01000 (reserved)
[    0.000000]  BIOS-e820: 00000000ff000000 - 0000000100000000 (reserved)
[    0.000000] DMI present.
[    0.000000] last_pfn = 0x3d6b0 max_arch_pfn = 0x100000
[    0.000000] MTRR default type: uncachable
[    0.000000] MTRR fixed ranges enabled:
[    0.000000]   00000-9FFFF write-back
[    0.000000]   A0000-BFFFF uncachable
[    0.000000]   C0000-CFFFF write-protect
[    0.000000]   D0000-DFFFF uncachable
[    0.000000]   E0000-FFFFF write-protect
[    0.000000] MTRR variable ranges enabled:
[    0.000000]   0 base 03E000000 mask FFE000000 uncachable
[    0.000000]   1 base 000000000 mask FC0000000 write-back
[    0.000000]   2 base 03D700000 mask FFFF00000 uncachable
[    0.000000]   3 base 03D800000 mask FFF800000 uncachable
[    0.000000]   4 disabled
[    0.000000]   5 disabled
[    0.000000]   6 disabled
[    0.000000]   7 disabled
[    0.000000] initial memory mapped : 0 - 02000000
[    0.000000] init_memory_mapping: 0000000000000000-00000000377fe000
[    0.000000]  0000000000 - 0000400000 page 4k
[    0.000000]  0000400000 - 0037400000 page 2M
[    0.000000]  0037400000 - 00377fe000 page 4k
[    0.000000] kernel direct mapping tables up to 377fe000 @ 7000-c000
[    0.000000] ACPI: RSDP 000f68d0 00024 (v02 LENOVO)
[    0.000000] ACPI: XSDT 3d6bb77f 00094 (v01 LENOVO TP-7L    00002170  LTP 00000000)
[    0.000000] ACPI: FACP 3d6bb900 000F4 (v03 LENOVO TP-7L    00002170 LNVO 00000001)
[    0.000000] ACPI Warning: 32/64X length mismatch in Gpe1Block: 0/32 (20090903/tbfadt-526)
[    0.000000] ACPI Warning: Optional field Gpe1Block has zero address or length: 000000000000102C/0 (20090903/tbfadt-557)
[    0.000000] ACPI: DSDT 3d6bbd1d 0FED1 (v01 LENOVO TP-7L    00002170 MSFT 03000000)
[    0.000000] ACPI: FACS 3d6e4000 00040
[    0.000000] ACPI: SSDT 3d6bbab4 00269 (v01 LENOVO TP-7L    00002170 MSFT 03000000)
[    0.000000] ACPI: ECDT 3d6cbbee 00052 (v01 LENOVO TP-7L    00002170 LNVO 00000001)
[    0.000000] ACPI: TCPA 3d6cbc40 00032 (v02 LENOVO TP-7L    00002170 LNVO 00000001)
[    0.000000] ACPI: APIC 3d6cbc72 00068 (v01 LENOVO TP-7L    00002170 LNVO 00000001)
[    0.000000] ACPI: MCFG 3d6cbcda 0003C (v01 LENOVO TP-7L    00002170 LNVO 00000001)
[    0.000000] ACPI: HPET 3d6cbd16 00038 (v01 LENOVO TP-7L    00002170 LNVO 00000001)
[    0.000000] ACPI: SLIC 3d6cbdf0 00176 (v01 LENOVO TP-7L    00002170  LTP 00000000)
[    0.000000] ACPI: BOOT 3d6cbf66 00028 (v01 LENOVO TP-7L    00002170  LTP 00000001)
[    0.000000] ACPI: ASF! 3d6cbf8e 00072 (v16 LENOVO TP-7L    00002170 PTL  00000001)
[    0.000000] ACPI: SSDT 3d6e26d9 0025F (v01 LENOVO TP-7L    00002170 INTL 20050513)
[    0.000000] ACPI: SSDT 3d6e2938 000A6 (v01 LENOVO TP-7L    00002170 INTL 20050513)
[    0.000000] ACPI: SSDT 3d6e29de 004F7 (v01 LENOVO TP-7L    00002170 INTL 20050513)
[    0.000000] ACPI: SSDT 3d6e2ed5 001D8 (v01 LENOVO TP-7L    00002170 INTL 20050513)
[    0.000000] ACPI: DMI detected: Lenovo ThinkPad R61
[    0.000000] ACPI: Added _OSI(Linux)
[    0.000000] ACPI: Local APIC address 0xfee00000
[    0.000000] 94MB HIGHMEM available.
[    0.000000] 887MB LOWMEM available.
[    0.000000]   mapped low ram: 0 - 377fe000
[    0.000000]   low ram: 0 - 377fe000
[    0.000000]   node 0 low ram: 00000000 - 377fe000
[    0.000000]   node 0 bootmap 00008000 - 0000ef00
[    0.000000] (6 early reservations) ==> bootmem [0000000000 - 00377fe000]
[    0.000000]   #0 [0000000000 - 0000001000]   BIOS data page ==> [0000000000 - 0000001000]
[    0.000000]   #1 [0001000000 - 0001bdc180]    TEXT DATA BSS ==> [0001000000 - 0001bdc180]
[    0.000000]   #2 [000009d800 - 0000100000]    BIOS reserved ==> [000009d800 - 0000100000]
[    0.000000]   #3 [0001bdd000 - 0001be516c]              BRK ==> [0001bdd000 - 0001be516c]
[    0.000000]   #4 [0000007000 - 0000008000]          PGTABLE ==> [0000007000 - 0000008000]
[    0.000000]   #5 [0000008000 - 000000f000]          BOOTMAP ==> [0000008000 - 000000f000]
[    0.000000] found SMP MP-table at [c00f6900] f6900
[    0.000000] Zone PFN ranges:
[    0.000000]   DMA      0x00000000 -> 0x00001000
[    0.000000]   Normal   0x00001000 -> 0x000377fe
[    0.000000]   HighMem  0x000377fe -> 0x0003d6b0
[    0.000000] Movable zone start PFN for each node
[    0.000000] early_node_map[2] active PFN ranges
[    0.000000]     0: 0x00000000 -> 0x0000009d
[    0.000000]     0: 0x00000100 -> 0x0003d6b0
[    0.000000] On node 0 totalpages: 251469
[    0.000000] free_area_init_node: node 0, pgdat c1901ea0, node_mem_map c1be7000
[    0.000000]   DMA zone: 32 pages used for memmap
[    0.000000]   DMA zone: 0 pages reserved
[    0.000000]   DMA zone: 3965 pages, LIFO batch:0
[    0.000000]   Normal zone: 1744 pages used for memmap
[    0.000000]   Normal zone: 221486 pages, LIFO batch:31
[    0.000000]   HighMem zone: 190 pages used for memmap
[    0.000000]   HighMem zone: 24052 pages, LIFO batch:3
[    0.000000] Using APIC driver default
[    0.000000] ACPI: PM-Timer IO Port: 0x1008
[    0.000000] ACPI: Local APIC address 0xfee00000
[    0.000000] ACPI: LAPIC (acpi_id[0x00] lapic_id[0x00] enabled)
[    0.000000] ACPI: LAPIC (acpi_id[0x01] lapic_id[0x01] enabled)
[    0.000000] ACPI: NR_CPUS/possible_cpus limit of 1 reached.  Processor 1/0x1 ignored.
[    0.000000] ACPI: LAPIC_NMI (acpi_id[0x00] high edge lint[0x1])
[    0.000000] ACPI: LAPIC_NMI (acpi_id[0x01] high edge lint[0x1])
[    0.000000] ACPI: IOAPIC (id[0x01] address[0xfec00000] gsi_base[0])
[    0.000000] IOAPIC[0]: apic_id 1, version 32, address 0xfec00000, GSI 0-23
[    0.000000] ACPI: INT_SRC_OVR (bus 0 bus_irq 0 global_irq 2 dfl dfl)
[    0.000000] ACPI: INT_SRC_OVR (bus 0 bus_irq 9 global_irq 9 high level)
[    0.000000] ACPI: IRQ0 used by override.
[    0.000000] ACPI: IRQ2 used by override.
[    0.000000] ACPI: IRQ9 used by override.
[    0.000000] Using ACPI (MADT) for SMP configuration information
[    0.000000] ACPI: HPET id: 0x8086a201 base: 0xfed00000
[    0.000000] nr_irqs_gsi: 24
[    0.000000] PM: Registered nosave memory: 000000000009d000 - 000000000009e000
[    0.000000] PM: Registered nosave memory: 000000000009e000 - 00000000000a0000
[    0.000000] PM: Registered nosave memory: 00000000000a0000 - 00000000000d2000
[    0.000000] PM: Registered nosave memory: 00000000000d2000 - 00000000000d4000
[    0.000000] PM: Registered nosave memory: 00000000000d4000 - 00000000000e0000
[    0.000000] PM: Registered nosave memory: 00000000000e0000 - 0000000000100000
[    0.000000] Allocating PCI resources starting at 3e000000 (gap: 3e000000:b2000000)
[    0.000000] Built 1 zonelists in Zone order, mobility grouping on.  Total pages: 249503
[    0.000000] Kernel command line: auto BOOT_IMAGE=Linux ro root=802 vt.default_utf8=0 maxcpus=0
[    0.000000] PID hash table entries: 4096 (order: 2, 16384 bytes)
[    0.000000] Dentry cache hash table entries: 131072 (order: 7, 524288 bytes)
[    0.000000] Inode-cache hash table entries: 65536 (order: 6, 262144 bytes)
[    0.000000] Enabling fast FPU save and restore... done.
[    0.000000] Enabling unmasked SIMD FPU exception support... done.
[    0.000000] Initializing CPU#0
[    0.000000] Initializing HighMem for node 0 (000377fe:0003d6b0)
[    0.000000] Memory: 984800k/1006272k available (6914k kernel code, 20876k reserved, 2328k data, 448k init, 96968k highmem)
[    0.000000] virtual kernel memory layout:
[    0.000000]     fixmap  : 0xfffa3000 - 0xfffff000   ( 368 kB)
[    0.000000]     pkmap   : 0xff800000 - 0xffc00000   (4096 kB)
[    0.000000]     vmalloc : 0xf7ffe000 - 0xff7fe000   ( 120 MB)
[    0.000000]     lowmem  : 0xc0000000 - 0xf77fe000   ( 887 MB)
[    0.000000]       .init : 0xc1907000 - 0xc1977000   ( 448 kB)
[    0.000000]       .data : 0xc16c0b5f - 0xc1906c64   (2328 kB)
[    0.000000]       .text : 0xc1000000 - 0xc16c0b5f   (6914 kB)
[    0.000000] Checking if this processor honours the WP bit even in supervisor mode...Ok.
[    0.000000] SLUB: Genslabs=13, HWalign=64, Order=0-3, MinObjects=0, CPUs=1, Nodes=1
[    0.000000] Hierarchical RCU implementation.
[    0.000000] NR_IRQS:288
[    0.000000] Extended CMOS year: 2000
[    0.000000] Console: colour VGA+ 80x25
[    0.000000] console [tty0] enabled
[    0.000000] hpet clockevent registered
[    0.000000] Fast TSC calibration using PIT
[    0.000000] Detected 2094.745 MHz processor.
[    0.002001] Calibrating delay loop (skipped), value calculated using timer frequency.. 4189.49 BogoMIPS (lpj=2094745)
[    0.002174] Security Framework initialized
[    0.002257] Mount-cache hash table entries: 512
[    0.002401] CPU: L1 I cache: 32K, L1 D cache: 32K
[    0.002529] CPU: L2 cache: 3072K
[    0.002609] mce: CPU supports 6 MCE banks
[    0.002692] CPU0: Thermal monitoring enabled (TM2)
[    0.002775] using mwait in idle threads.
[    0.002859] CPU: Intel(R) Core(TM)2 Duo CPU     T8100  @ 2.10GHz stepping 06
[    0.003004] Checking 'hlt' instruction... OK.
[    0.007939] ACPI: Core revision 20090903
[    0.027017] CANARY value: ed76ed56 for PID: 1
[    0.027048] Enabling APIC mode:  Flat.  Using 1 I/O APICs
[    0.027507] ..TIMER: vector=0x30 apic1=0 pin1=2 apic2=-1 pin2=-1
[    0.038997] xor: automatically using best checksumming function: pIII_sse
[    0.042998]    pIII_sse  :  8568.000 MB/sec
[    0.043087] xor: using function: pIII_sse (8568.000 MB/sec)
[    0.043179] RANDOM - __seed init called.
[    0.043180] RANDOM - __seed init called.
[    0.043181] RANDOM - __seed init called.
[    0.043183] RANDOM - __random32 called. Change num 1.  Value: 870e7b8	f6ea009	16c0ad5a
[    0.043184] RANDOM - __random32 called. Change num 2.  Value: e7b8290	f6ea0099	5ab418b8
[    0.043186] RANDOM - __random32 called. Change num 3.  Value: b8290fc5	6ea00996	3171e29b
[    0.043188] RANDOM - __random32 called. Change num 4.  Value: 90fc533a	ea00996a	c5375fde
[    0.043190] RANDOM - __random32 called. Change num 5.  Value: c533a353	a00996a1	bfbd91b4
[    0.043191] RANDOM - __random32 called. Change num 6.  Value: 3a35362b	996a10	23684a23
[    0.043193] RANDOM - random32 init called.  Value: 3a35362b	996a10	23684a23
[    0.043210] NET: Registered protocol family 16
[    0.043479] ACPI FADT declares the system doesn't support PCIe ASPM, so disable it
[    0.043602] ACPI: bus type pci registered
[    0.043780] PCI: MCFG configuration 0: base f0000000 segment 0 buses 0 - 63
[    0.043875] PCI: MCFG area at f0000000 reserved in E820
[    0.043964] PCI: Using MMCONFIG for extended config space
[    0.044002] PCI: Using configuration type 1 for base access
[    0.047168] bio: create slab <bio-0> at 0
[    0.047977] ACPI: EC: EC description table is found, configuring boot EC
[    0.053129] ACPI: BIOS _OSI(Linux) query honored via DMI
[    0.053863] random 0000 0000 0000 00000000 00000000: rand_read_num 2 get_random_bytes(8): sig fffffe1a 00000000 00000000
[    0.053865] random 0000 0000 0000 00000000 00000000: extract_entropy(.. 8 ..)
[    0.053868] random 0000 0000 0000 00000000 00000000: going to reseed nonblocking with 64 bits (64 of 0 requested)
[    0.053870] random 0000 0000 0000 00000000 00000000: extract_entropy(.. 8 ..)
[    0.053872] random 0000 0000 0000 00000000 00000000: trying to extract 64 bits from input
[    0.053874] random 0000 0000 0000 00000000 00000000: debiting 0 entropy credits from input
[    0.053876] random 0000 0000 0000 00000000 00000000: extract_entropy account returned: 0 
[    0.053907] random 0000 0000 0000 00000000 00000000: urand_change_num 3 xfer_secondary_pool(8): pool_sig fffffe1a, data_sig 00000000, bytes_mixed 0 00000000 00000000
[    0.053910] random 0000 0000 0000 00000000 00000000: trying to extract 64 bits from nonblocking
[    0.053913] random 0000 0000 0000 00000000 00000000: debiting 64 entropy credits from nonblocking (unlimited)
[    0.053915] random 0000 0000 0000 00000000 00000000: extract_entropy account returned: 8 
[    0.053919] random 0000 0000 0000 00000000 00000000: urand_change_num 4 extract_buf: pool_sig fffffe1a, data_sig fffffed7, bytes_mixed 20 00000000 00000000
[    0.059675] ACPI: Interpreter enabled
[    0.059767] ACPI: (supports S0 S3 S4 S5)
[    0.060079] ACPI: Using IOAPIC for interrupt routing
[    0.069908] ACPI: EC: GPE = 0x12, I/O: command/status = 0x66, data = 0x62
[    0.070189] ACPI: Power Resource [PUBS] (on)
[    0.072293] ACPI: ACPI Dock Station Driver: 3 docks/bays found
[    0.072702] ACPI: PCI Root Bridge [PCI0] (0000:00)
[    0.072874] pci 0000:00:02.0: reg 10 64bit mmio: [0xf8100000-0xf81fffff]
[    0.072880] pci 0000:00:02.0: reg 18 64bit mmio pref: [0xe0000000-0xefffffff]
[    0.072884] pci 0000:00:02.0: reg 20 io port: [0x1800-0x1807]
[    0.072919] pci 0000:00:02.1: reg 10 64bit mmio: [0xf8200000-0xf82fffff]
[    0.073029] pci 0000:00:19.0: reg 10 32bit mmio: [0xfe000000-0xfe01ffff]
[    0.073039] pci 0000:00:19.0: reg 14 32bit mmio: [0xfe025000-0xfe025fff]
[    0.073051] pci 0000:00:19.0: reg 18 io port: [0x1840-0x185f]
[    0.073124] pci 0000:00:19.0: PME# supported from D0 D3hot D3cold
[    0.073225] pci 0000:00:19.0: PME# disabled
[    0.073381] pci 0000:00:1a.0: reg 20 io port: [0x1860-0x187f]
[    0.073461] pci 0000:00:1a.1: reg 20 io port: [0x1880-0x189f]
[    0.073537] pci 0000:00:1a.7: reg 10 32bit mmio: [0xfe226c00-0xfe226fff]
[    0.073617] pci 0000:00:1a.7: PME# supported from D0 D3hot D3cold
[    0.073713] pci 0000:00:1a.7: PME# disabled
[    0.073852] pci 0000:00:1b.0: reg 10 64bit mmio: [0xfe020000-0xfe023fff]
[    0.073932] pci 0000:00:1b.0: PME# supported from D0 D3hot D3cold
[    0.073999] pci 0000:00:1b.0: PME# disabled
[    0.074193] pci 0000:00:1c.0: PME# supported from D0 D3hot D3cold
[    0.074291] pci 0000:00:1c.0: PME# disabled
[    0.074492] pci 0000:00:1c.1: PME# supported from D0 D3hot D3cold
[    0.074592] pci 0000:00:1c.1: PME# disabled
[    0.074790] pci 0000:00:1c.2: PME# supported from D0 D3hot D3cold
[    0.074882] pci 0000:00:1c.2: PME# disabled
[    0.075106] pci 0000:00:1c.3: PME# supported from D0 D3hot D3cold
[    0.075207] pci 0000:00:1c.3: PME# disabled
[    0.076086] pci 0000:00:1c.4: PME# supported from D0 D3hot D3cold
[    0.076180] pci 0000:00:1c.4: PME# disabled
[    0.076337] pci 0000:00:1d.0: reg 20 io port: [0x18a0-0x18bf]
[    0.076414] pci 0000:00:1d.1: reg 20 io port: [0x18c0-0x18df]
[    0.076498] pci 0000:00:1d.2: reg 20 io port: [0x18e0-0x18ff]
[    0.076585] pci 0000:00:1d.7: reg 10 32bit mmio: [0xfe227000-0xfe2273ff]
[    0.076676] pci 0000:00:1d.7: PME# supported from D0 D3hot D3cold
[    0.076770] pci 0000:00:1d.7: PME# disabled
[    0.077067] pci 0000:00:1f.0: quirk: region 1000-107f claimed by ICH6 ACPI/GPIO/TCO
[    0.077191] pci 0000:00:1f.0: quirk: region 1180-11bf claimed by ICH6 GPIO
[    0.077290] pci 0000:00:1f.0: ICH7 LPC Generic IO decode 1 PIO at 1600 (mask 007f)
[    0.077416] pci 0000:00:1f.0: ICH7 LPC Generic IO decode 2 PIO at 15e0 (mask 000f)
[    0.077540] pci 0000:00:1f.0: ICH7 LPC Generic IO decode 3 PIO at 1680 (mask 001f)
[    0.077741] pci 0000:00:1f.1: reg 10 io port: [0x00-0x07]
[    0.077753] pci 0000:00:1f.1: reg 14 io port: [0x00-0x03]
[    0.077762] pci 0000:00:1f.1: reg 18 io port: [0x00-0x07]
[    0.077772] pci 0000:00:1f.1: reg 1c io port: [0x00-0x03]
[    0.077783] pci 0000:00:1f.1: reg 20 io port: [0x1c00-0x1c0f]
[    0.077870] pci 0000:00:1f.2: reg 10 io port: [0x1c50-0x1c57]
[    0.077879] pci 0000:00:1f.2: reg 14 io port: [0x1c44-0x1c47]
[    0.077887] pci 0000:00:1f.2: reg 18 io port: [0x1c48-0x1c4f]
[    0.077895] pci 0000:00:1f.2: reg 1c io port: [0x1c40-0x1c43]
[    0.077903] pci 0000:00:1f.2: reg 20 io port: [0x1c20-0x1c3f]
[    0.077912] pci 0000:00:1f.2: reg 24 32bit mmio: [0xfe226000-0xfe2267ff]
[    0.077970] pci 0000:00:1f.2: PME# supported from D3hot
[    0.077999] pci 0000:00:1f.2: PME# disabled
[    0.078132] pci 0000:00:1f.3: reg 10 32bit mmio: [0xfe227400-0xfe2274ff]
[    0.078157] pci 0000:00:1f.3: reg 20 io port: [0x1c60-0x1c7f]
[    0.078253] pci 0000:00:1c.0: bridge io port: [0x2000-0x2fff]
[    0.078257] pci 0000:00:1c.0: bridge 32bit mmio: [0xfc000000-0xfdffffff]
[    0.078269] pci 0000:00:1c.0: bridge 64bit mmio pref: [0xf8000000-0xf80fffff]
[    0.078341] pci 0000:03:00.0: reg 10 64bit mmio: [0xdf3f0000-0xdf3fffff]
[    0.078535] pci 0000:00:1c.1: bridge io port: [0x3000-0x3fff]
[    0.078541] pci 0000:00:1c.1: bridge 32bit mmio: [0xdc000000-0xdf3fffff]
[    0.078551] pci 0000:00:1c.1: bridge 64bit mmio pref: [0xdfe00000-0xdfefffff]
[    0.078608] pci 0000:00:1c.2: bridge io port: [0x4000-0x4fff]
[    0.078614] pci 0000:00:1c.2: bridge 32bit mmio: [0xd8000000-0xd9ffffff]
[    0.078621] pci 0000:00:1c.2: bridge 64bit mmio pref: [0xdfb00000-0xdfbfffff]
[    0.078677] pci 0000:00:1c.3: bridge io port: [0x5000-0x5fff]
[    0.078681] pci 0000:00:1c.3: bridge 32bit mmio: [0xd4000000-0xd5ffffff]
[    0.078690] pci 0000:00:1c.3: bridge 64bit mmio pref: [0xdf800000-0xdf8fffff]
[    0.078746] pci 0000:00:1c.4: bridge io port: [0x6000-0x6fff]
[    0.078751] pci 0000:00:1c.4: bridge 32bit mmio: [0xd0000000-0xd1ffffff]
[    0.078759] pci 0000:00:1c.4: bridge 64bit mmio pref: [0xdf500000-0xdf5fffff]
[    0.078824] pci 0000:15:00.0: reg 10 32bit mmio: [0xf8300000-0xf8300fff]
[    0.078875] pci 0000:15:00.0: supports D1 D2
[    0.078877] pci 0000:15:00.0: PME# supported from D0 D1 D2 D3hot D3cold
[    0.078997] pci 0000:15:00.0: PME# disabled
[    0.079141] pci 0000:15:00.1: reg 10 32bit mmio: [0xf8301000-0xf83017ff]
[    0.079242] pci 0000:15:00.1: supports D1 D2
[    0.079243] pci 0000:15:00.1: PME# supported from D0 D1 D2 D3hot D3cold
[    0.079345] pci 0000:15:00.1: PME# disabled
[    0.079536] pci 0000:00:1e.0: transparent bridge
[    0.079639] pci 0000:00:1e.0: bridge io port: [0x7000-0xafff]
[    0.079645] pci 0000:00:1e.0: bridge 32bit mmio: [0xf8300000-0xfbffffff]
[    0.079653] pci 0000:00:1e.0: bridge 64bit mmio pref: [0xf4000000-0xf7ffffff]
[    0.079723] pci_bus 0000:00: on NUMA node 0
[    0.079727] ACPI: PCI Interrupt Routing Table [\_SB_.PCI0._PRT]
[    0.079859] ACPI: PCI Interrupt Routing Table [\_SB_.PCI0.EXP0._PRT]
[    0.079918] ACPI: PCI Interrupt Routing Table [\_SB_.PCI0.EXP1._PRT]
[    0.080035] ACPI: PCI Interrupt Routing Table [\_SB_.PCI0.EXP2._PRT]
[    0.080094] ACPI: PCI Interrupt Routing Table [\_SB_.PCI0.EXP3._PRT]
[    0.080156] ACPI: PCI Interrupt Routing Table [\_SB_.PCI0.EXP4._PRT]
[    0.080218] ACPI: PCI Interrupt Routing Table [\_SB_.PCI0.PCI1._PRT]
[    0.085672] ACPI: PCI Interrupt Link [LNKA] (IRQs 3 4 5 6 7 9 *10 11)
[    0.086463] ACPI: PCI Interrupt Link [LNKB] (IRQs 3 4 5 6 7 9 10 *11)
[    0.087309] ACPI: PCI Interrupt Link [LNKC] (IRQs 3 4 5 6 7 9 10 *11)
[    0.088143] ACPI: PCI Interrupt Link [LNKD] (IRQs 3 4 5 6 7 9 10 *11)
[    0.088924] ACPI: PCI Interrupt Link [LNKE] (IRQs 3 4 5 6 7 9 10 *11)
[    0.089696] ACPI: PCI Interrupt Link [LNKF] (IRQs 3 4 5 6 7 9 10 *11)
[    0.090515] ACPI: PCI Interrupt Link [LNKG] (IRQs 3 4 5 6 7 9 10 *11)
[    0.091364] ACPI: PCI Interrupt Link [LNKH] (IRQs 3 4 5 6 7 9 10 *11)
[    0.092128] vgaarb: device added: PCI:0000:00:02.0,decodes=io+mem,owns=io+mem,locks=none
[    0.092260] vgaarb: loaded
[    0.092439] SCSI subsystem initialized
[    0.092536] libata version 3.00 loaded.
[    0.092582] usbcore: registered new interface driver usbfs
[    0.092715] usbcore: registered new interface driver hub
[    0.092828] usbcore: registered new device driver usb
[    0.110049] raid6: int32x1    941 MB/s
[    0.127056] raid6: int32x2    890 MB/s
[    0.144066] raid6: int32x4    750 MB/s
[    0.160995] raid6: int32x8    656 MB/s
[    0.178003] raid6: mmxx1     2882 MB/s
[    0.194986] raid6: mmxx2     3269 MB/s
[    0.212010] raid6: sse1x1    1937 MB/s
[    0.228993] raid6: sse1x2    2535 MB/s
[    0.245987] raid6: sse2x1    3507 MB/s
[    0.262977] raid6: sse2x2    3828 MB/s
[    0.263072] raid6: using algorithm sse2x2 (3828 MB/s)
[    0.263168] PCI: Using ACPI for IRQ routing
[    0.263472] HPET: 3 timers in total, 0 timers will be used for per-cpu timer
[    0.263981] Switching to clocksource tsc
[    0.264081] pnp: PnP ACPI init
[    0.264172] ACPI: bus type pnp registered
[    0.267819] pnp: PnP ACPI: found 11 devices
[    0.267928] ACPI: ACPI bus type pnp unregistered
[    0.268031] system 00:00: iomem range 0x0-0x9ffff could not be reserved
[    0.268123] system 00:00: iomem range 0xc0000-0xc3fff could not be reserved
[    0.268215] system 00:00: iomem range 0xc4000-0xc7fff could not be reserved
[    0.268306] system 00:00: iomem range 0xc8000-0xcbfff has been reserved
[    0.268402] system 00:00: iomem range 0xcc000-0xcffff has been reserved
[    0.268495] system 00:00: iomem range 0xd0000-0xd3fff could not be reserved
[    0.268591] system 00:00: iomem range 0xe0000-0xe3fff could not be reserved
[    0.268683] system 00:00: iomem range 0xe4000-0xe7fff could not be reserved
[    0.268774] system 00:00: iomem range 0xe8000-0xebfff could not be reserved
[    0.268870] system 00:00: iomem range 0xec000-0xeffff could not be reserved
[    0.268970] system 00:00: iomem range 0xf0000-0xfffff could not be reserved
[    0.269070] system 00:00: iomem range 0x100000-0x3dffffff could not be reserved
[    0.269200] system 00:00: iomem range 0xfec00000-0xfed3ffff could not be reserved
[    0.269318] system 00:00: iomem range 0xfed4c000-0xffffffff could not be reserved
[    0.269445] system 00:02: ioport range 0x164e-0x164f has been reserved
[    0.269535] system 00:02: ioport range 0x1000-0x107f has been reserved
[    0.269627] system 00:02: ioport range 0x1180-0x11bf has been reserved
[    0.269726] system 00:02: ioport range 0x800-0x80f has been reserved
[    0.269815] system 00:02: ioport range 0x15e0-0x15ef has been reserved
[    0.269921] system 00:02: ioport range 0x1600-0x165f could not be reserved
[    0.270014] system 00:02: iomem range 0xf0000000-0xf3ffffff has been reserved
[    0.270108] system 00:02: iomem range 0xfed1c000-0xfed1ffff has been reserved
[    0.270199] system 00:02: iomem range 0xfed14000-0xfed17fff has been reserved
[    0.270299] system 00:02: iomem range 0xfed18000-0xfed18fff has been reserved
[    0.270392] system 00:02: iomem range 0xfed19000-0xfed19fff has been reserved
[    0.270484] system 00:02: iomem range 0xfed45000-0xfed4bfff has been reserved
[    0.305524] pci 0000:00:1c.0: PCI bridge, secondary bus 0000:02
[    0.305617] pci 0000:00:1c.0:   IO window: 0x2000-0x2fff
[    0.305710] pci 0000:00:1c.0:   MEM window: 0xfc000000-0xfdffffff
[    0.305806] pci 0000:00:1c.0:   PREFETCH window: 0x000000f8000000-0x000000f80fffff
[    0.305936] pci 0000:00:1c.1: PCI bridge, secondary bus 0000:03
[    0.306032] pci 0000:00:1c.1:   IO window: 0x3000-0x3fff
[    0.306131] pci 0000:00:1c.1:   MEM window: 0xdc000000-0xdf3fffff
[    0.306221] pci 0000:00:1c.1:   PREFETCH window: 0x000000dfe00000-0x000000dfefffff
[    0.306356] pci 0000:00:1c.2: PCI bridge, secondary bus 0000:04
[    0.306448] pci 0000:00:1c.2:   IO window: 0x4000-0x4fff
[    0.306548] pci 0000:00:1c.2:   MEM window: 0xd8000000-0xd9ffffff
[    0.306646] pci 0000:00:1c.2:   PREFETCH window: 0x000000dfb00000-0x000000dfbfffff
[    0.306776] pci 0000:00:1c.3: PCI bridge, secondary bus 0000:05
[    0.306873] pci 0000:00:1c.3:   IO window: 0x5000-0x5fff
[    0.306966] pci 0000:00:1c.3:   MEM window: 0xd4000000-0xd5ffffff
[    0.307059] pci 0000:00:1c.3:   PREFETCH window: 0x000000df800000-0x000000df8fffff
[    0.307186] pci 0000:00:1c.4: PCI bridge, secondary bus 0000:0d
[    0.307275] pci 0000:00:1c.4:   IO window: 0x6000-0x6fff
[    0.307371] pci 0000:00:1c.4:   MEM window: 0xd0000000-0xd1ffffff
[    0.307468] pci 0000:00:1c.4:   PREFETCH window: 0x000000df500000-0x000000df5fffff
[    0.307597] pci 0000:15:00.0: CardBus bridge, secondary bus 0000:16
[    0.307687] pci 0000:15:00.0:   IO window: 0x007000-0x0070ff
[    0.307780] pci 0000:15:00.0:   IO window: 0x007400-0x0074ff
[    0.307884] pci 0000:15:00.0:   PREFETCH window: 0xf4000000-0xf7ffffff
[    0.307979] pci 0000:15:00.0:   MEM window: 0x40000000-0x43ffffff
[    0.308072] pci 0000:00:1e.0: PCI bridge, secondary bus 0000:15
[    0.308165] pci 0000:00:1e.0:   IO window: 0x7000-0xafff
[    0.308260] pci 0000:00:1e.0:   MEM window: 0xf8300000-0xfbffffff
[    0.308357] pci 0000:00:1e.0:   PREFETCH window: 0x000000f4000000-0x000000f7ffffff
[    0.308501] pci 0000:00:1c.0: PCI INT A -> GSI 20 (level, low) -> IRQ 20
[    0.308595] pci 0000:00:1c.0: setting latency timer to 64
[    0.308607] pci 0000:00:1c.1: PCI INT B -> GSI 21 (level, low) -> IRQ 21
[    0.308702] pci 0000:00:1c.1: setting latency timer to 64
[    0.308713] pci 0000:00:1c.2: PCI INT C -> GSI 22 (level, low) -> IRQ 22
[    0.308809] pci 0000:00:1c.2: setting latency timer to 64
[    0.308823] pci 0000:00:1c.3: PCI INT D -> GSI 23 (level, low) -> IRQ 23
[    0.308926] pci 0000:00:1c.3: setting latency timer to 64
[    0.308937] pci 0000:00:1c.4: PCI INT A -> GSI 20 (level, low) -> IRQ 20
[    0.309032] pci 0000:00:1c.4: setting latency timer to 64
[    0.309039] pci 0000:00:1e.0: enabling device (0005 -> 0007)
[    0.309132] pci 0000:00:1e.0: setting latency timer to 64
[    0.309149] pci 0000:15:00.0: PCI INT A -> GSI 16 (level, low) -> IRQ 16
[    0.309256] pci 0000:15:00.0: setting latency timer to 64
[    0.309262] pci_bus 0000:00: resource 0 io:  [0x00-0xffff]
[    0.309264] pci_bus 0000:00: resource 1 mem: [0x000000-0xffffffff]
[    0.309266] pci_bus 0000:02: resource 0 io:  [0x2000-0x2fff]
[    0.309267] pci_bus 0000:02: resource 1 mem: [0xfc000000-0xfdffffff]
[    0.309269] pci_bus 0000:02: resource 2 pref mem [0xf8000000-0xf80fffff]
[    0.309271] pci_bus 0000:03: resource 0 io:  [0x3000-0x3fff]
[    0.309273] pci_bus 0000:03: resource 1 mem: [0xdc000000-0xdf3fffff]
[    0.309275] pci_bus 0000:03: resource 2 pref mem [0xdfe00000-0xdfefffff]
[    0.309277] pci_bus 0000:04: resource 0 io:  [0x4000-0x4fff]
[    0.309278] pci_bus 0000:04: resource 1 mem: [0xd8000000-0xd9ffffff]
[    0.309280] pci_bus 0000:04: resource 2 pref mem [0xdfb00000-0xdfbfffff]
[    0.309282] pci_bus 0000:05: resource 0 io:  [0x5000-0x5fff]
[    0.309284] pci_bus 0000:05: resource 1 mem: [0xd4000000-0xd5ffffff]
[    0.309285] pci_bus 0000:05: resource 2 pref mem [0xdf800000-0xdf8fffff]
[    0.309287] pci_bus 0000:0d: resource 0 io:  [0x6000-0x6fff]
[    0.309289] pci_bus 0000:0d: resource 1 mem: [0xd0000000-0xd1ffffff]
[    0.309291] pci_bus 0000:0d: resource 2 pref mem [0xdf500000-0xdf5fffff]
[    0.309293] pci_bus 0000:15: resource 0 io:  [0x7000-0xafff]
[    0.309294] pci_bus 0000:15: resource 1 mem: [0xf8300000-0xfbffffff]
[    0.309296] pci_bus 0000:15: resource 2 pref mem [0xf4000000-0xf7ffffff]
[    0.309298] pci_bus 0000:15: resource 3 io:  [0x00-0xffff]
[    0.309299] pci_bus 0000:15: resource 4 mem: [0x000000-0xffffffff]
[    0.309301] pci_bus 0000:16: resource 0 io:  [0x7000-0x70ff]
[    0.309303] pci_bus 0000:16: resource 1 io:  [0x7400-0x74ff]
[    0.309305] pci_bus 0000:16: resource 2 pref mem [0xf4000000-0xf7ffffff]
[    0.309306] pci_bus 0000:16: resource 3 mem: [0x40000000-0x43ffffff]
[    0.309314] NET: Registered protocol family 2
[    0.309408] RANDOM - __random32 called. Change num 7.  Value: 5362b39e	996a101	94470543
[    0.309410] RANDOM - random32 called.  Value: 5362b39e	996a101	94470543
[    0.309414] random 0000 0000 0000 5f8db4e5 4cfdf2a8: rand_read_num 3 get_random_bytes(4): sig fffffb64 5f8db4e5 4cfdf2a8
[    0.309416] random 0000 0000 0000 5f8db4e5 4cfdf2a8: extract_entropy(.. 4 ..)
[    0.309419] random 0000 0000 0000 5f8db4e5 4cfdf2a8: going to reseed nonblocking with 64 bits (32 of 0 requested)
[    0.309421] random 0000 0000 0000 5f8db4e5 4cfdf2a8: extract_entropy(.. 8 ..)
[    0.309423] random 0000 0000 0000 5f8db4e5 4cfdf2a8: trying to extract 64 bits from input
[    0.309425] random 0000 0000 0000 5f8db4e5 4cfdf2a8: debiting 0 entropy credits from input
[    0.309427] random 0000 0000 0000 5f8db4e5 4cfdf2a8: extract_entropy account returned: 0 
[    0.309430] random 0000 0000 0000 5f8db4e5 4cfdf2a8: urand_change_num 5 xfer_secondary_pool(4): pool_sig fffffb64, data_sig 00000000, bytes_mixed 0 5f8db4e5 4cfdf2a8
[    0.309433] random 0000 0000 0000 5f8db4e5 4cfdf2a8: trying to extract 32 bits from nonblocking
[    0.309435] random 0000 0000 0000 5f8db4e5 4cfdf2a8: debiting 32 entropy credits from nonblocking (unlimited)
[    0.309437] random 0000 0000 0000 5f8db4e5 4cfdf2a8: extract_entropy account returned: 4 
[    0.309442] random 0000 0000 0000 5f8db4e5 4cfdf2a8: urand_change_num 6 extract_buf: pool_sig fffffb64, data_sig 00000241, bytes_mixed 20 5f8db4e5 4cfdf2a8
[    0.309451] IP route cache hash table entries: 32768 (order: 5, 131072 bytes)
[    0.309598] RANDOM - __random32 called. Change num 8.  Value: 2b39e0a2	996a1017	a86cfe5
[    0.309600] RANDOM - random32 called.  Value: 2b39e0a2	996a1017	a86cfe5
[    0.309610] RANDOM - __random32 called. Change num 9.  Value: 9e0a22e5	96a1017e	9fcbd616
[    0.309612] RANDOM - random32 called.  Value: 9e0a22e5	96a1017e	9fcbd616
[    0.309614] RANDOM - __random32 called. Change num 10.  Value: a22e5b4a	6a1017e6	ac2c32ac
[    0.309615] RANDOM - random32 called.  Value: a22e5b4a	6a1017e6	ac2c32ac
[    0.309626] RANDOM - __random32 called. Change num 11.  Value: e5b4ad28	a1017e61	6559a9b4
[    0.309628] RANDOM - random32 called.  Value: e5b4ad28	a1017e61	6559a9b4
[    0.309637] TCP established hash table entries: 131072 (order: 8, 1048576 bytes)
[    0.310133] TCP bind hash table entries: 65536 (order: 6, 262144 bytes)
[    0.310317] TCP: Hash tables configured (established 131072 bind 65536)
[    0.310415] TCP reno registered
[    0.310518] NET: Registered protocol family 1
[    0.310632] RPC: Registered udp transport module.
[    0.310721] RPC: Registered tcp transport module.
[    0.310809] RPC: Registered tcp NFSv4.1 backchannel transport module.
[    0.310911] pci 0000:00:02.0: Boot video device
[    0.311125] Simple Boot Flag at 0x35 set to 0x1
[    0.311642] highmem bounce pool size: 64 pages
[    0.313225] VFS: Disk quotas dquot_6.5.2
[    0.313346] Dquot-cache hash table entries: 1024 (order 0, 4096 bytes)
[    0.314024] NTFS driver 2.1.29 [Flags: R/W].
[    0.314188] ROMFS MTD (C) 2007 Red Hat, Inc.
[    0.314411] JFS: nTxBlock = 7695, nTxLock = 61562
[    0.316894] SGI XFS with ACLs, security attributes, large block/inode numbers, no debug enabled
[    0.317376] SGI XFS Quota Management subsystem
[    0.317660] Slow work thread pool: Starting up
[    0.317759] Slow work thread pool: Ready
[    0.317853] GFS2 (built May 24 2013 02:47:17) installed
[    0.317958] msgmni has been set to 1734
[    0.318124] alg: No test for cipher_null (cipher_null-generic)
[    0.318224] alg: No test for ecb(cipher_null) (ecb-cipher_null)
[    0.318324] alg: No test for digest_null (digest_null-generic)
[    0.318426] alg: No test for compress_null (compress_null-generic)
[    0.318994] alg: No test for fcrypt (fcrypt-generic)
[    0.320414] alg: No test for stdrng (krng)
[    0.320506] async_tx: api initialized (async)
[    0.320667] Block layer SCSI generic (bsg) driver version 0.4 loaded (major 254)
[    0.320792] io scheduler noop registered
[    0.320900] io scheduler anticipatory registered
[    0.321007] io scheduler deadline registered
[    0.321142] io scheduler cfq registered (default)
[    0.321383] pcieport 0000:00:1c.0: irq 24 for MSI/MSI-X
[    0.321398] pcieport 0000:00:1c.0: setting latency timer to 64
[    0.321576] pcieport 0000:00:1c.1: irq 25 for MSI/MSI-X
[    0.321588] pcieport 0000:00:1c.1: setting latency timer to 64
[    0.321764] pcieport 0000:00:1c.2: irq 26 for MSI/MSI-X
[    0.321776] pcieport 0000:00:1c.2: setting latency timer to 64
[    0.321968] pcieport 0000:00:1c.3: irq 27 for MSI/MSI-X
[    0.321980] pcieport 0000:00:1c.3: setting latency timer to 64
[    0.322157] pcieport 0000:00:1c.4: irq 28 for MSI/MSI-X
[    0.322168] pcieport 0000:00:1c.4: setting latency timer to 64
[    0.322315] pci_hotplug: PCI Hot Plug PCI Core version: 0.5
[    0.322506] isapnp: Scanning for PnP cards...
[    0.683044] isapnp: No Plug & Play device found
[    0.683139] random 0000 0000 0000 5f8db4e5 4cfdf2a8: initializing
[    0.702644] Serial: 8250/16550 driver, 4 ports, IRQ sharing enabled
[    3.713676] floppy0: no floppy controllers found
[    3.714620] brd: module loaded
[    3.715120] loop: module loaded
[    3.715216] Compaq SMART2 Driver (v 2.6.0)
[    3.715338] HP CISS Driver (v 3.6.20)
[    3.715579] input: Macintosh mouse button emulation as /devices/virtual/input/input0
[    3.715721] Uniform Multi-Platform E-IDE driver
[    3.715949] piix 0000:00:1f.1: IDE controller (0x8086:0x2850 rev 0x03)
[    3.716068] pci 0000:00:1f.1: PCI INT C -> GSI 16 (level, low) -> IRQ 16
[    3.716178] piix 0000:00:1f.1: IDE port disabled
[    3.716271] piix 0000:00:1f.1: not 100% native mode: will probe irqs later
[    3.716372]     ide0: BM-DMA at 0x1c00-0x1c07
[    3.716475] Probing IDE interface ide0...
[    4.387855] hda: HL-DT-ST DVDRAM GSA-U10N, ATAPI CD/DVD-ROM drive
[    4.694648] hda: host max PIO4 wanted PIO255(auto-tune) selected PIO4
[    4.695417] hda: UDMA/33 mode selected
[    4.695877] ide0 at 0x1f0-0x1f7,0x3f6 on irq 14
[    4.699784] ide-gd driver 1.18
[    4.699894] ide-cd driver 5.00
[    4.701285] ide-cd: hda: ATAPI 24X DVD-ROM DVD-R/RAM CD-R/RW drive, 2048kB Cache
[    4.701737] Uniform CD-ROM driver Revision: 3.20
[    4.708804] Loading iSCSI transport class v2.0-870.
[    4.709090] rdac: device handler registered
[    4.709177] hp_sw: device handler registered
[    4.709265] emc: device handler registered
[    4.709360] alua: device handler registered
[    4.710362] Adaptec aacraid driver 1.1-5[2461]-ms
[    4.710776] scsi: <fdomain> Detection failed (no card)
[    4.710873] sym53c416.c: Version 1.0.0-ac
[    4.710985] qlogicfas: no cards were found, please specify I/O address and IRQ using iobase= and irq= options
[    4.711116] QLogic Fibre Channel HBA Driver: 8.03.01-k6
[    4.711333] iscsi: registered transport (qla4xxx)
[    4.711451] QLogic iSCSI HBA Driver
[    4.711540] Emulex LightPulse Fibre Channel SCSI driver 8.3.4
[    4.711635] Copyright(c) 2004-2009 Emulex.  All rights reserved.
[    4.733634] Failed initialization of WD-7000 SCSI card!
[    4.823392] DC390: clustering now enabled by default. If you get problems load
[    4.823520]        with "disable_clustering=1" and report to maintainers
[    4.823654] megaraid cmm: 2.20.2.7 (Release Date: Sun Jul 16 00:01:03 EST 2006)
[    4.823809] megaraid: 2.20.5.1 (Release Date: Thu Nov 16 15:32:35 EST 2006)
[    4.823923] megasas: 00.00.04.01 Thu July 24 11:41:51 PST 2008
[    4.824058] GDT-HA: Storage RAID Controller Driver. Version: 3.05
[    4.824217] 3ware Storage Controller device driver for Linux v1.26.02.002.
[    4.824336] 3ware 9000 Storage Controller device driver for Linux v2.26.02.012.
[    4.824483] nsp32: loading...
[    4.824589] ipr: IBM Power RAID SCSI Device Driver version: 2.4.3 (June 10, 2009)
[    4.824741] RocketRAID 3xxx/4xxx Controller driver v1.6 (090910)
[    4.824857] stex: Promise SuperTrak EX Driver version: 4.6.0000.3
[    4.824990] st: Version 20081215, fixed bufsize 32768, s/g segs 256
[    4.825184] ahci 0000:00:1f.2: version 3.0
[    4.825199] ahci 0000:00:1f.2: PCI INT B -> GSI 16 (level, low) -> IRQ 16
[    4.825336] ahci 0000:00:1f.2: irq 29 for MSI/MSI-X
[    4.825396] ahci 0000:00:1f.2: AHCI 0001.0100 32 slots 3 ports 1.5 Gbps 0x5 impl SATA mode
[    4.825517] ahci 0000:00:1f.2: flags: 64bit ncq sntf pm led clo pio slum part ccc 
[    4.825657] ahci 0000:00:1f.2: setting latency timer to 64
[    4.825799] scsi2 : ahci
[    4.825959] scsi3 : ahci
[    4.826107] scsi4 : ahci
[    4.826288] ata1: SATA max UDMA/133 abar m2048@0xfe226000 port 0xfe226100 irq 29
[    4.826411] ata2: DUMMY
[    4.826495] ata3: SATA max UDMA/133 abar m2048@0xfe226000 port 0xfe226200 irq 29
[    4.827120] I2O subsystem v1.325
[    4.827206] i2o: max drivers = 8
[    4.827350] I2O Configuration OSM v1.323
[    4.827451] I2O Bus Adapter OSM v1.317
[    4.827557] I2O Block Device OSM v1.325
[    4.827725] I2O SCSI Peripheral OSM v1.316
[    4.827846] I2O ProcFS OSM v1.316
[    4.827949] Fusion MPT base driver 3.04.12
[    4.828037] Copyright (c) 1999-2008 LSI Corporation
[    4.828128] Fusion MPT SPI Host driver 3.04.12
[    4.828236] Fusion MPT FC Host driver 3.04.12
[    4.828349] Fusion MPT SAS Host driver 3.04.12
[    4.828516] ohci1394 0000:15:00.1: PCI INT B -> GSI 17 (level, low) -> IRQ 17
[    4.828627] ohci1394 0000:15:00.1: setting latency timer to 64
[    4.882648] ohci1394: fw-host0: OHCI-1394 1.1 (PCI): IRQ=[17]  MMIO=[f8301000-f83017ff]  Max Packet=[2048]  IR/IT contexts=[4/4]
[    4.885928] ehci_hcd: USB 2.0 'Enhanced' Host Controller (EHCI) Driver
[    4.886202] ehci_hcd 0000:00:1a.7: power state changed by ACPI to D0
[    4.886452] ehci_hcd 0000:00:1a.7: power state changed by ACPI to D0
[    4.886551] ehci_hcd 0000:00:1a.7: PCI INT C -> GSI 22 (level, low) -> IRQ 22
[    4.886658] ehci_hcd 0000:00:1a.7: setting latency timer to 64
[    4.886663] ehci_hcd 0000:00:1a.7: EHCI Host Controller
[    4.886810] ehci_hcd 0000:00:1a.7: new USB bus registered, assigned bus number 1
[    4.890849] ehci_hcd 0000:00:1a.7: cache line size of 32 is not supported
[    4.890859] ehci_hcd 0000:00:1a.7: irq 22, io mem 0xfe226c00
[    4.900606] ehci_hcd 0000:00:1a.7: USB 2.0 started, EHCI 1.00
[    4.900718] usb usb1: New USB device found, idVendor=1d6b, idProduct=0002
[    4.900816] usb usb1: New USB device strings: Mfr=3, Product=2, SerialNumber=1
[    4.900938] usb usb1: Product: EHCI Host Controller
[    4.901028] usb usb1: Manufacturer: Linux 2.6.32.57 ehci_hcd
[    4.901125] usb usb1: SerialNumber: 0000:00:1a.7
[    4.901268] usb usb1: configuration #1 chosen from 1 choice
[    4.901394] hub 1-0:1.0: USB hub found
[    4.901486] hub 1-0:1.0: 4 ports detected
[    4.901788] ehci_hcd 0000:00:1d.7: power state changed by ACPI to D0
[    4.902046] ehci_hcd 0000:00:1d.7: power state changed by ACPI to D0
[    4.902149] ehci_hcd 0000:00:1d.7: PCI INT D -> GSI 19 (level, low) -> IRQ 19
[    4.902248] ehci_hcd 0000:00:1d.7: setting latency timer to 64
[    4.902253] ehci_hcd 0000:00:1d.7: EHCI Host Controller
[    4.902387] ehci_hcd 0000:00:1d.7: new USB bus registered, assigned bus number 2
[    4.902544] ehci_hcd 0000:00:1d.7: debug port 1
[    4.906534] ehci_hcd 0000:00:1d.7: cache line size of 32 is not supported
[    4.906540] ehci_hcd 0000:00:1d.7: irq 19, io mem 0xfe227000
[    4.916606] ehci_hcd 0000:00:1d.7: USB 2.0 started, EHCI 1.00
[    4.916715] usb usb2: New USB device found, idVendor=1d6b, idProduct=0002
[    4.916806] usb usb2: New USB device strings: Mfr=3, Product=2, SerialNumber=1
[    4.916927] usb usb2: Product: EHCI Host Controller
[    4.917014] usb usb2: Manufacturer: Linux 2.6.32.57 ehci_hcd
[    4.917112] usb usb2: SerialNumber: 0000:00:1d.7
[    4.917252] usb usb2: configuration #1 chosen from 1 choice
[    4.917374] hub 2-0:1.0: USB hub found
[    4.917469] hub 2-0:1.0: 6 ports detected
[    4.917649] 116x: driver isp116x-hcd, 03 Nov 2005
[    4.917752] ohci_hcd: USB 1.1 'Open' Host Controller (OHCI) Driver
[    4.917873] uhci_hcd: USB Universal Host Controller Interface driver
[    4.917989] uhci_hcd 0000:00:1a.0: PCI INT A -> GSI 20 (level, low) -> IRQ 20
[    4.918085] uhci_hcd 0000:00:1a.0: setting latency timer to 64
[    4.918089] uhci_hcd 0000:00:1a.0: UHCI Host Controller
[    4.918217] uhci_hcd 0000:00:1a.0: new USB bus registered, assigned bus number 3
[    4.918367] uhci_hcd 0000:00:1a.0: irq 20, io base 0x00001860
[    4.918489] usb usb3: New USB device found, idVendor=1d6b, idProduct=0001
[    4.918582] usb usb3: New USB device strings: Mfr=3, Product=2, SerialNumber=1
[    4.918719] usb usb3: Product: UHCI Host Controller
[    4.918808] usb usb3: Manufacturer: Linux 2.6.32.57 uhci_hcd
[    4.918907] usb usb3: SerialNumber: 0000:00:1a.0
[    4.919044] usb usb3: configuration #1 chosen from 1 choice
[    4.919161] hub 3-0:1.0: USB hub found
[    4.919261] hub 3-0:1.0: 2 ports detected
[    4.919549] uhci_hcd 0000:00:1a.1: power state changed by ACPI to D0
[    4.919810] uhci_hcd 0000:00:1a.1: power state changed by ACPI to D0
[    4.919906] uhci_hcd 0000:00:1a.1: PCI INT B -> GSI 21 (level, low) -> IRQ 21
[    4.920003] uhci_hcd 0000:00:1a.1: setting latency timer to 64
[    4.920008] uhci_hcd 0000:00:1a.1: UHCI Host Controller
[    4.920144] uhci_hcd 0000:00:1a.1: new USB bus registered, assigned bus number 4
[    4.920296] uhci_hcd 0000:00:1a.1: irq 21, io base 0x00001880
[    4.920410] usb usb4: New USB device found, idVendor=1d6b, idProduct=0001
[    4.920499] usb usb4: New USB device strings: Mfr=3, Product=2, SerialNumber=1
[    4.920630] usb usb4: Product: UHCI Host Controller
[    4.920721] usb usb4: Manufacturer: Linux 2.6.32.57 uhci_hcd
[    4.920810] usb usb4: SerialNumber: 0000:00:1a.1
[    4.920955] usb usb4: configuration #1 chosen from 1 choice
[    4.921072] hub 4-0:1.0: USB hub found
[    4.921172] hub 4-0:1.0: 2 ports detected
[    4.921469] uhci_hcd 0000:00:1d.0: power state changed by ACPI to D0
[    4.921718] uhci_hcd 0000:00:1d.0: power state changed by ACPI to D0
[    4.921817] uhci_hcd 0000:00:1d.0: PCI INT A -> GSI 16 (level, low) -> IRQ 16
[    4.921915] uhci_hcd 0000:00:1d.0: setting latency timer to 64
[    4.921920] uhci_hcd 0000:00:1d.0: UHCI Host Controller
[    4.922049] uhci_hcd 0000:00:1d.0: new USB bus registered, assigned bus number 5
[    4.922210] uhci_hcd 0000:00:1d.0: irq 16, io base 0x000018a0
[    4.922331] usb usb5: New USB device found, idVendor=1d6b, idProduct=0001
[    4.922421] usb usb5: New USB device strings: Mfr=3, Product=2, SerialNumber=1
[    4.922552] usb usb5: Product: UHCI Host Controller
[    4.922652] usb usb5: Manufacturer: Linux 2.6.32.57 uhci_hcd
[    4.922741] usb usb5: SerialNumber: 0000:00:1d.0
[    4.922888] usb usb5: configuration #1 chosen from 1 choice
[    4.923006] hub 5-0:1.0: USB hub found
[    4.923103] hub 5-0:1.0: 2 ports detected
[    4.923243] uhci_hcd 0000:00:1d.1: PCI INT B -> GSI 17 (level, low) -> IRQ 17
[    4.923351] uhci_hcd 0000:00:1d.1: setting latency timer to 64
[    4.923356] uhci_hcd 0000:00:1d.1: UHCI Host Controller
[    4.923484] uhci_hcd 0000:00:1d.1: new USB bus registered, assigned bus number 6
[    4.923630] uhci_hcd 0000:00:1d.1: irq 17, io base 0x000018c0
[    4.923747] usb usb6: New USB device found, idVendor=1d6b, idProduct=0001
[    4.923844] usb usb6: New USB device strings: Mfr=3, Product=2, SerialNumber=1
[    4.923965] usb usb6: Product: UHCI Host Controller
[    4.924060] usb usb6: Manufacturer: Linux 2.6.32.57 uhci_hcd
[    4.924154] usb usb6: SerialNumber: 0000:00:1d.1
[    4.924294] usb usb6: configuration #1 chosen from 1 choice
[    4.924411] hub 6-0:1.0: USB hub found
[    4.924502] hub 6-0:1.0: 2 ports detected
[    4.924824] uhci_hcd 0000:00:1d.2: power state changed by ACPI to D0
[    4.925075] uhci_hcd 0000:00:1d.2: power state changed by ACPI to D0
[    4.925180] uhci_hcd 0000:00:1d.2: PCI INT C -> GSI 18 (level, low) -> IRQ 18
[    4.925273] uhci_hcd 0000:00:1d.2: setting latency timer to 64
[    4.925278] uhci_hcd 0000:00:1d.2: UHCI Host Controller
[    4.925407] uhci_hcd 0000:00:1d.2: new USB bus registered, assigned bus number 7
[    4.925557] uhci_hcd 0000:00:1d.2: irq 18, io base 0x000018e0
[    4.925676] usb usb7: New USB device found, idVendor=1d6b, idProduct=0001
[    4.925775] usb usb7: New USB device strings: Mfr=3, Product=2, SerialNumber=1
[    4.925898] usb usb7: Product: UHCI Host Controller
[    4.925997] usb usb7: Manufacturer: Linux 2.6.32.57 uhci_hcd
[    4.926090] usb usb7: SerialNumber: 0000:00:1d.2
[    4.926878] usb usb7: configuration #1 chosen from 1 choice
[    4.926999] hub 7-0:1.0: USB hub found
[    4.927094] hub 7-0:1.0: 2 ports detected
[    4.927259] sl811: driver sl811-hcd, 19 May 2005
[    4.927364] r8a66597_hcd: driver r8a66597_hcd, 2009-05-26
[    4.927535] Initializing USB Mass Storage driver...
[    4.927676] usbcore: registered new interface driver usb-storage
[    4.927764] USB Mass Storage support registered.
[    4.927875] usbcore: registered new interface driver ums-alauda
[    4.927988] usbcore: registered new interface driver ums-cypress
[    4.928096] usbcore: registered new interface driver ums-datafab
[    4.928208] usbcore: registered new interface driver ums-freecom
[    4.928321] usbcore: registered new interface driver ums-isd200
[    4.928427] usbcore: registered new interface driver ums-jumpshot
[    4.928537] usbcore: registered new interface driver ums-karma
[    4.928665] usbcore: registered new interface driver ums-onetouch
[    4.928773] usbcore: registered new interface driver ums-sddr09
[    4.928882] usbcore: registered new interface driver ums-sddr55
[    4.928992] usbcore: registered new interface driver ums-usbat
[    4.929135] PNP: PS/2 Controller [PNP0303:KBD,PNP0f13:MOU] at 0x60,0x64 irq 1,12
[    4.937778] serio: i8042 KBD port at 0x60,0x64 irq 1
[    4.937866] serio: i8042 AUX port at 0x60,0x64 irq 12
[    4.938107] mice: PS/2 mouse device common for all mice
[    4.938217] i2c /dev entries driver
[    4.938347] md: linear personality registered for level -1
[    4.938443] md: raid0 personality registered for level 0
[    4.938533] md: raid1 personality registered for level 1
[    4.938643] md: raid10 personality registered for level 10
[    4.938733] md: raid6 personality registered for level 6
[    4.938819] md: raid5 personality registered for level 5
[    4.938924] md: raid4 personality registered for level 4
[    4.939012] md: multipath personality registered for level -4
[    4.939208] device-mapper: ioctl: 4.15.0-ioctl (2009-04-01) initialised: dm-devel@redhat.com
[    4.939405] cpuidle: using governor ladder
[    4.940007] usbcore: registered new interface driver usbhid
[    4.940101] usbhid: v2.6:USB HID core driver
[    4.940260] random 0000 0000 0000 00000000 00000000: rand_read_num 4 get_random_bytes(136): sig 00000000 00000000 00000000
[    4.940263] random 0000 0000 0000 00000000 00000000: extract_entropy(.. 136 ..)
[    4.940266] random 0000 0000 0000 00000000 00000000: going to reseed nonblocking with 1024 bits (1088 of 0 requested)
[    4.940268] random 0000 0000 0000 00000000 00000000: extract_entropy(.. 128 ..)
[    4.940270] random 0000 0000 0000 00000000 00000000: trying to extract 1024 bits from input
[    4.940272] random 0000 0000 0000 00000000 00000000: debiting 0 entropy credits from input
[    4.940274] random 0000 0000 0000 00000000 00000000: extract_entropy account returned: 0 
[    4.940277] random 0000 0000 0000 00000000 00000000: urand_change_num 7 xfer_secondary_pool(136): pool_sig 00000000, data_sig 00000000, bytes_mixed 0 00000000 00000000
[    4.940280] random 0000 0000 0000 00000000 00000000: trying to extract 1088 bits from nonblocking
[    4.940283] random 0000 0000 0000 00000000 00000000: debiting 1088 entropy credits from nonblocking (unlimited)
[    4.940285] random 0000 0000 0000 00000000 00000000: extract_entropy account returned: 136 
[    4.940289] random 0000 0000 0000 00000000 00000000: urand_change_num 8 extract_buf: pool_sig 00000000, data_sig fffffff9, bytes_mixed 20 00000000 00000000
[    4.940294] random 0000 0000 0000 b7c35b56 be4dc95d: urand_change_num 9 extract_buf: pool_sig fffffd1e, data_sig 000000c5, bytes_mixed 20 b7c35b56 be4dc95d
[    4.940299] random 0000 0000 0000 ed9f5c47 c48487fb: urand_change_num 10 extract_buf: pool_sig fffff8ec, data_sig ffffff68, bytes_mixed 20 ed9f5c47 c48487fb
[    4.940305] random 0000 0000 0000 ed9f5c47 c48487fb: urand_change_num 11 extract_buf: pool_sig fffffaed, data_sig 000001aa, bytes_mixed 20 ed9f5c47 c48487fb
[    4.940310] random 0000 0000 0000 1b4f7c0a 91bd6a48: urand_change_num 12 extract_buf: pool_sig fffffdd8, data_sig 00000064, bytes_mixed 20 1b4f7c0a 91bd6a48
[    4.940315] random 0000 0000 0000 a254b9bc 20e9a24f: urand_change_num 13 extract_buf: pool_sig fffffbe6, data_sig 000001dd, bytes_mixed 20 a254b9bc 20e9a24f
[    4.940320] random 0000 0000 0000 a254b9bc 20e9a24f: urand_change_num 14 extract_buf: pool_sig fffff940, data_sig fffffe20, bytes_mixed 20 a254b9bc 20e9a24f
[    4.940325] random 0000 0000 0000 2831a66b 5fa2a3ad: urand_change_num 15 extract_buf: pool_sig fffffbce, data_sig 0000007e, bytes_mixed 20 2831a66b 5fa2a3ad
[    4.940330] random 0000 0000 0000 2831a66b 5fa2a3ad: urand_change_num 16 extract_buf: pool_sig 000004df, data_sig fffffe8f, bytes_mixed 20 2831a66b 5fa2a3ad
[    4.940336] random 0000 0000 0000 d4512bfd c9a54e0b: urand_change_num 17 extract_buf: pool_sig 00000485, data_sig fffffe68, bytes_mixed 20 d4512bfd c9a54e0b
[    4.940341] random 0000 0000 0000 c7371be6 f9ffea11: urand_change_num 18 extract_buf: pool_sig 00000095, data_sig ffffffed, bytes_mixed 20 c7371be6 f9ffea11
[    4.940346] random 0000 0000 0000 c7371be6 f9ffea11: urand_change_num 19 extract_buf: pool_sig 000003a7, data_sig fffffefa, bytes_mixed 20 c7371be6 f9ffea11
[    4.940351] random 0000 0000 0000 8fb4b62c d1ddba54: urand_change_num 20 extract_buf: pool_sig 00000179, data_sig ffffff78, bytes_mixed 20 8fb4b62c d1ddba54
[    4.940356] random 0000 0000 0000 9ff19f9c c07a1d2a: urand_change_num 21 extract_buf: pool_sig fffffe88, data_sig 00000126, bytes_mixed 20 9ff19f9c c07a1d2a
[    4.940360] TCP cubic registered
[    4.940446] Initializing XFRM netlink socket
[    4.940538] NET: Registered protocol family 17
[    4.940657] Using IPI Shortcut mode
[    4.940749] random 0000 0000 0000 9ff19f9c c07a1d2a: rand_read_num 5 get_random_bytes(8): sig 0000031b 9ff19f9c c07a1d2a
[    4.940752] random 0000 0000 0000 9ff19f9c c07a1d2a: extract_entropy(.. 8 ..)
[    4.940754] random 0000 0000 0000 9ff19f9c c07a1d2a: going to reseed nonblocking with 64 bits (64 of 0 requested)
[    4.940756] random 0000 0000 0000 9ff19f9c c07a1d2a: extract_entropy(.. 8 ..)
[    4.940758] random 0000 0000 0000 9ff19f9c c07a1d2a: trying to extract 64 bits from input
[    4.940760] random 0000 0000 0000 9ff19f9c c07a1d2a: debiting 0 entropy credits from input
[    4.940762] random 0000 0000 0000 9ff19f9c c07a1d2a: extract_entropy account returned: 0 
[    4.940765] random 0000 0000 0000 9ff19f9c c07a1d2a: urand_change_num 22 xfer_secondary_pool(8): pool_sig 0000031b, data_sig 00000000, bytes_mixed 0 9ff19f9c c07a1d2a
[    4.940768] random 0000 0000 0000 9ff19f9c c07a1d2a: trying to extract 64 bits from nonblocking
[    4.940770] random 0000 0000 0000 9ff19f9c c07a1d2a: debiting 64 entropy credits from nonblocking (unlimited)
[    4.940772] random 0000 0000 0000 9ff19f9c c07a1d2a: extract_entropy account returned: 8 
[    4.940776] random 0000 0000 0000 9ff19f9c c07a1d2a: urand_change_num 23 extract_buf: pool_sig 0000031b, data_sig ffffffb3, bytes_mixed 20 9ff19f9c c07a1d2a
[    4.943178] input: AT Translated Set 2 keyboard as /devices/platform/i8042/serio0/input/input1
[    5.133604] ata3: SATA link down (SStatus 0 SControl 300)
[    5.133730] ata1: SATA link up 1.5 Gbps (SStatus 113 SControl 300)
[    5.136053] ata1.00: ACPI cmd ef/02:00:00:00:00:a0 (SET FEATURES) succeeded
[    5.136056] ata1.00: ACPI cmd f5/00:00:00:00:00:a0 (SECURITY FREEZE LOCK) filtered out
[    5.137447] ata1.00: ACPI cmd ef/5f:00:00:00:00:a0 (SET FEATURES) succeeded
[    5.137449] ata1.00: ACPI cmd ef/10:03:00:00:00:a0 (SET FEATURES) filtered out
[    5.139359] ata1.00: ATA-7: ST910021AS, 4.06, max UDMA/100
[    5.139468] ata1.00: 195371568 sectors, multi 16: LBA48 
[    5.141597] ata1.00: ACPI cmd ef/02:00:00:00:00:a0 (SET FEATURES) succeeded
[    5.141600] ata1.00: ACPI cmd f5/00:00:00:00:00:a0 (SECURITY FREEZE LOCK) filtered out
[    5.142989] ata1.00: ACPI cmd ef/5f:00:00:00:00:a0 (SET FEATURES) succeeded
[    5.142992] ata1.00: ACPI cmd ef/10:03:00:00:00:a0 (SET FEATURES) filtered out
[    5.144920] ata1.00: configured for UDMA/100
[    5.155659] scsi 2:0:0:0: Direct-Access     ATA      ST910021AS       4.06 PQ: 0 ANSI: 5
[    5.155947] sd 2:0:0:0: [sda] 195371568 512-byte logical blocks: (100 GB/93.1 GiB)
[    5.156091] sd 2:0:0:0: [sda] Write Protect is off
[    5.156178] sd 2:0:0:0: [sda] Mode Sense: 00 3a 00 00
[    5.156190] sd 2:0:0:0: [sda] Write cache: enabled, read cache: enabled, doesn't support DPO or FUA
[    5.156382]  sda:
[    5.220590] usb 2-1: new high speed USB device using ehci_hcd and address 2
[    5.370185] usb 2-1: New USB device found, idVendor=0e8d, idProduct=1806
[    5.370273] usb 2-1: New USB device strings: Mfr=1, Product=2, SerialNumber=3
[    5.370366] usb 2-1: Product: MT1806 
[    5.370451] usb 2-1: Manufacturer: MediaTek Inc
[    5.370538] usb 2-1: SerialNumber: R8KN6GAC800AEB 
[    5.370678] usb 2-1: configuration #1 chosen from 1 choice
[    5.376977] scsi5 : SCSI emulation for USB Mass Storage devices
[    5.377146] usb-storage: device found at 2
[    5.377147] usb-storage: waiting for device to settle before scanning
[    5.565908]  sda1 sda2
[    5.566632] sd 2:0:0:0: [sda] Attached SCSI disk
[    5.566728] random 0000 0000 0000 277f73c3 42024bb9: rand_read_num 6 get_random_bytes(12): sig 000007e9 277f73c3 42024bb9
[    5.566730] random 0000 0000 0000 277f73c3 42024bb9: extract_entropy(.. 12 ..)
[    5.566733] random 0000 0000 0000 277f73c3 42024bb9: going to reseed nonblocking with 96 bits (96 of 0 requested)
[    5.566735] random 0000 0000 0000 277f73c3 42024bb9: extract_entropy(.. 12 ..)
[    5.566737] random 0000 0000 0000 277f73c3 42024bb9: trying to extract 96 bits from input
[    5.566739] random 0000 0000 0000 277f73c3 42024bb9: debiting 0 entropy credits from input
[    5.566741] random 0000 0000 0000 277f73c3 42024bb9: extract_entropy account returned: 0 
[    5.566744] random 0000 0000 0000 277f73c3 42024bb9: urand_change_num 24 xfer_secondary_pool(12): pool_sig 000007e9, data_sig 00000000, bytes_mixed 0 277f73c3 42024bb9
[    5.566747] random 0000 0000 0000 277f73c3 42024bb9: trying to extract 96 bits from nonblocking
[    5.566749] random 0000 0000 0000 277f73c3 42024bb9: debiting 96 entropy credits from nonblocking (unlimited)
[    5.566751] random 0000 0000 0000 277f73c3 42024bb9: extract_entropy account returned: 12 
[    5.566755] random 0000 0000 0000 277f73c3 42024bb9: urand_change_num 25 extract_buf: pool_sig 000007e9, data_sig 00000088, bytes_mixed 20 277f73c3 42024bb9
[    5.566761] random 0000 0000 0000 277f73c3 42024bb9: urand_change_num 26 extract_buf: pool_sig 00000498, data_sig fffffefb, bytes_mixed 20 277f73c3 42024bb9
[    5.566764] RANDOM - __seed init called.
[    5.566765] RANDOM - __seed init called.
[    5.566766] RANDOM - __seed init called.
[    5.566767] RANDOM - __random32 called. Change num 12.  Value: 87f14767	f0d7351	b1e48bd3
[    5.566769] RANDOM - random32_reseed called.  Value: 87f14767	f0d7351	b1e48bd3
[    5.566772] Pid: 1, comm: swapper Not tainted 2.6.32.57 #3
[    5.566859] Call Trace:
[    5.566949]  [<c1923ca4>] ? random32_reseed+0xa0/0xb1
[    5.567048]  [<c1923c04>] ? random32_reseed+0x0/0xb1
[    5.567147]  [<c100111e>] ? do_one_initcall+0x2e/0x180
[    5.567243]  [<c1907265>] ? kernel_init+0xad/0x103
[    5.567333]  [<c19071b8>] ? kernel_init+0x0/0x103
[    5.567427]  [<c1003787>] ? kernel_thread_helper+0x7/0x10
[    5.567965] random 0000 0000 0000 386b4e60 ee4d4880: rand_read_num 7 get_random_bytes(64): sig fffffea5 386b4e60 ee4d4880
[    5.567967] random 0000 0000 0000 386b4e60 ee4d4880: extract_entropy(.. 64 ..)
[    5.567969] random 0000 0000 0000 386b4e60 ee4d4880: going to reseed nonblocking with 512 bits (512 of 0 requested)
[    5.567971] random 0000 0000 0000 386b4e60 ee4d4880: extract_entropy(.. 64 ..)
[    5.567973] random 0000 0000 0000 386b4e60 ee4d4880: trying to extract 512 bits from input
[    5.567976] random 0000 0000 0000 386b4e60 ee4d4880: debiting 0 entropy credits from input
[    5.567977] random 0000 0000 0000 386b4e60 ee4d4880: extract_entropy account returned: 0 
[    5.567981] random 0000 0000 0000 386b4e60 ee4d4880: urand_change_num 27 xfer_secondary_pool(64): pool_sig fffffea5, data_sig 00000000, bytes_mixed 0 386b4e60 ee4d4880
[    5.567984] random 0000 0000 0000 386b4e60 ee4d4880: trying to extract 512 bits from nonblocking
[    5.567986] random 0000 0000 0000 386b4e60 ee4d4880: debiting 512 entropy credits from nonblocking (unlimited)
[    5.567988] random 0000 0000 0000 386b4e60 ee4d4880: extract_entropy account returned: 64 
[    5.567992] random 0000 0000 0000 386b4e60 ee4d4880: urand_change_num 28 extract_buf: pool_sig fffffea5, data_sig 00000173, bytes_mixed 20 386b4e60 ee4d4880
[    5.567997] random 0000 0000 0000 412698f6 0cc8689a: urand_change_num 29 extract_buf: pool_sig 00000122, data_sig ffffff63, bytes_mixed 20 412698f6 0cc8689a
[    5.568003] random 0000 0000 0000 412698f6 0cc8689a: urand_change_num 30 extract_buf: pool_sig 000001f7, data_sig 00000012, bytes_mixed 20 412698f6 0cc8689a
[    5.568008] random 0000 0000 0000 9669941e 06f768b1: urand_change_num 31 extract_buf: pool_sig fffffb5b, data_sig 0000003f, bytes_mixed 20 9669941e 06f768b1
[    5.568013] random 0000 0000 0000 98486520 995551f0: urand_change_num 32 extract_buf: pool_sig fffffb39, data_sig 0000000e, bytes_mixed 20 98486520 995551f0
[    5.568019] random 0000 0000 0000 98486520 995551f0: urand_change_num 33 extract_buf: pool_sig fffffd8d, data_sig 000001a6, bytes_mixed 20 98486520 995551f0
[    5.568024] random 0000 0000 0000 61fc8914 d5882ed2: urand_change_num 34 extract_buf: pool_sig fffffa58, data_sig 0000023e, bytes_mixed 20 61fc8914 d5882ed2
[    5.568053] random 0000 0000 0000 61fc8914 d5882ed2: rand_read_num 8 get_random_bytes(64): sig fffff9ee 61fc8914 d5882ed2
[    5.568055] random 0000 0000 0000 61fc8914 d5882ed2: extract_entropy(.. 64 ..)
[    5.568058] random 0000 0000 0000 61fc8914 d5882ed2: going to reseed nonblocking with 512 bits (512 of 0 requested)
[    5.568060] random 0000 0000 0000 61fc8914 d5882ed2: extract_entropy(.. 64 ..)
[    5.568062] random 0000 0000 0000 61fc8914 d5882ed2: trying to extract 512 bits from input
[    5.568064] random 0000 0000 0000 61fc8914 d5882ed2: debiting 0 entropy credits from input
[    5.568066] random 0000 0000 0000 61fc8914 d5882ed2: extract_entropy account returned: 0 
[    5.568069] random 0000 0000 0000 61fc8914 d5882ed2: urand_change_num 35 xfer_secondary_pool(64): pool_sig fffff9ee, data_sig 00000000, bytes_mixed 0 61fc8914 d5882ed2
[    5.568072] random 0000 0000 0000 61fc8914 d5882ed2: trying to extract 512 bits from nonblocking
[    5.568074] random 0000 0000 0000 61fc8914 d5882ed2: debiting 512 entropy credits from nonblocking (unlimited)
[    5.568076] random 0000 0000 0000 61fc8914 d5882ed2: extract_entropy account returned: 64 
[    5.568080] random 0000 0000 0000 61fc8914 d5882ed2: urand_change_num 36 extract_buf: pool_sig fffff9ee, data_sig ffffff85, bytes_mixed 20 61fc8914 d5882ed2
[    5.568085] random 0000 0000 0000 70cfd302 e5edec11: urand_change_num 37 extract_buf: pool_sig fffffdc1, data_sig ffffffde, bytes_mixed 20 70cfd302 e5edec11
[    5.568091] random 0000 0000 0000 00dab838 eafd2b30: urand_change_num 38 extract_buf: pool_sig 000003da, data_sig ffffff61, bytes_mixed 20 00dab838 eafd2b30
[    5.568096] random 0000 0000 0000 00dab838 eafd2b30: urand_change_num 39 extract_buf: pool_sig 00000314, data_sig 00000121, bytes_mixed 20 00dab838 eafd2b30
[    5.568101] random 0000 0000 0000 5fcdf66a 6442b608: urand_change_num 40 extract_buf: pool_sig 0000028b, data_sig fffffefd, bytes_mixed 20 5fcdf66a 6442b608
[    5.568106] random 0000 0000 0000 61333f6b 8fae0f9b: urand_change_num 41 extract_buf: pool_sig 000000cb, data_sig 000000b3, bytes_mixed 20 61333f6b 8fae0f9b
[    5.568111] random 0000 0000 0000 61333f6b 8fae0f9b: urand_change_num 42 extract_buf: pool_sig fffffef8, data_sig 00000051, bytes_mixed 20 61333f6b 8fae0f9b
[    5.568114] BEGIN NET_SECRET:
[    5.568115] \xffffffe0
[    5.568116] \xffffffb6
[    5.568117] \x36
[    5.568117] \xffffffb5
[    5.568118] \xffffff94
[    5.568119] \xffffffb2
[    5.568120] \xffffffa8
[    5.568121] \xffffffda
[    5.568121] \x5b
[    5.568122] \x19
[    5.568123] \x18
[    5.568124] \x5c
[    5.568124] \x2b
[    5.568125] \x1
[    5.568126] \xffffff90
[    5.568127] \x19
[    5.568127] \x3c
[    5.568128] \xfffffff2
[    5.568129] \xffffff82
[    5.568130] \x2a
[    5.568131] \xffffffb3
[    5.568131] \xffffffa2
[    5.568132] \x3f
[    5.568133] \x5
[    5.568134] \x52
[    5.568134] \x77
[    5.568135] \x57
[    5.568136] \x79
[    5.568136] \x16
[    5.568137] \x43
[    5.568138] \xffffff84
[    5.568139] \xffffffc3
[    5.568139] \xffffffe9
[    5.568140] \x79
[    5.568141] \x50
[    5.568142] \xffffff8e
[    5.568142] \x3f
[    5.568143] \xfffffff3
[    5.568144] \x19
[    5.568145] \x2a
[    5.568145] \xfffffffd
[    5.568146] \xfffffffb
[    5.568147] \x62
[    5.568148] \x3c
[    5.568148] \xffffffac
[    5.568149] \x1c
[    5.568150] \x3b
[    5.568150] \x3b
[    5.568151] \x15
[    5.568152] \x27
[    5.568153] \xffffffa8
[    5.568153] \x22
[    5.568154] \xffffffc5
[    5.568155] \xffffff9a
[    5.568156] \x5
[    5.568156] \x6c
[    5.568157] \xffffffa8
[    5.568158] \x3a
[    5.568159] \x44
[    5.568159] \xffffffaf
[    5.568160] \x13
[    5.568161] \xffffffe0
[    5.568162] \xffffff9d
[    5.568162] \x22
[    5.568163] 
[    5.568164] END NET_SECRET
[    5.568167] random 0000 0000 0000 e7f555d9 e8ce5c3c: rand_read_num 9 get_random_bytes(4): sig 0000068c e7f555d9 e8ce5c3c
[    5.568169] random 0000 0000 0000 e7f555d9 e8ce5c3c: extract_entropy(.. 4 ..)
[    5.568171] random 0000 0000 0000 e7f555d9 e8ce5c3c: going to reseed nonblocking with 64 bits (32 of 0 requested)
[    5.568173] random 0000 0000 0000 e7f555d9 e8ce5c3c: extract_entropy(.. 8 ..)
[    5.568175] random 0000 0000 0000 e7f555d9 e8ce5c3c: trying to extract 64 bits from input
[    5.568177] random 0000 0000 0000 e7f555d9 e8ce5c3c: debiting 0 entropy credits from input
[    5.568179] random 0000 0000 0000 e7f555d9 e8ce5c3c: extract_entropy account returned: 0 
[    5.568182] random 0000 0000 0000 e7f555d9 e8ce5c3c: urand_change_num 43 xfer_secondary_pool(4): pool_sig 0000068c, data_sig 00000000, bytes_mixed 0 e7f555d9 e8ce5c3c
[    5.568185] random 0000 0000 0000 e7f555d9 e8ce5c3c: trying to extract 32 bits from nonblocking
[    5.568187] random 0000 0000 0000 e7f555d9 e8ce5c3c: debiting 32 entropy credits from nonblocking (unlimited)
[    5.568189] random 0000 0000 0000 e7f555d9 e8ce5c3c: extract_entropy account returned: 4 
[    5.568193] random 0000 0000 0000 e7f555d9 e8ce5c3c: urand_change_num 44 extract_buf: pool_sig 0000068c, data_sig fffffdcb, bytes_mixed 20 e7f555d9 e8ce5c3c
[    5.568204] md: Waiting for all devices to be available before autodetect
[    5.568301] md: If you don't use raid, use raid=noautodetect
[    5.568461] md: Autodetecting RAID arrays.
[    5.568556] md: Scanned 0 and added 0 devices.
[    5.568649] md: autorun ...
[    5.568740] md: ... autorun DONE.
[    5.590326] EXT3-fs: sda2: couldn't mount because of unsupported optional features (240).
[    5.590567] EXT2-fs: sda2: couldn't mount because of unsupported optional features (240).
[    5.591838] random 0000 0000 0000 e7f555d9 e8ce5c3c: rand_read_num 10 get_random_bytes(4): sig ffffff72 e7f555d9 e8ce5c3c
[    5.591841] random 0000 0000 0000 e7f555d9 e8ce5c3c: extract_entropy(.. 4 ..)
[    5.591844] random 0000 0000 0000 e7f555d9 e8ce5c3c: going to reseed nonblocking with 64 bits (32 of 0 requested)
[    5.591846] random 0000 0000 0000 e7f555d9 e8ce5c3c: extract_entropy(.. 8 ..)
[    5.591848] random 0000 0000 0000 e7f555d9 e8ce5c3c: trying to extract 64 bits from input
[    5.591850] random 0000 0000 0000 e7f555d9 e8ce5c3c: debiting 0 entropy credits from input
[    5.591852] random 0000 0000 0000 e7f555d9 e8ce5c3c: extract_entropy account returned: 0 
[    5.591855] random 0000 0000 0000 e7f555d9 e8ce5c3c: urand_change_num 45 xfer_secondary_pool(4): pool_sig ffffff72, data_sig 00000000, bytes_mixed 0 e7f555d9 e8ce5c3c
[    5.591858] random 0000 0000 0000 e7f555d9 e8ce5c3c: trying to extract 32 bits from nonblocking
[    5.591860] random 0000 0000 0000 e7f555d9 e8ce5c3c: debiting 32 entropy credits from nonblocking (unlimited)
[    5.591862] random 0000 0000 0000 e7f555d9 e8ce5c3c: extract_entropy account returned: 4 
[    5.591866] random 0000 0000 0000 e7f555d9 e8ce5c3c: urand_change_num 46 extract_buf: pool_sig ffffff72, data_sig ffffff72, bytes_mixed 20 e7f555d9 e8ce5c3c
[    5.619954] EXT4-fs (sda2): mounted filesystem with ordered data mode
[    5.620160] VFS: Mounted root (ext4 filesystem) readonly on device 8:2.
[    5.620262] Freeing unused kernel memory: 448k freed
[    5.698980] random 0000 0000 0000 91716c54 eeb6a1e7: rand_read_num 11 get_random_bytes(16): sig fffffcad 91716c54 eeb6a1e7
[    5.698982] random 0000 0000 0000 91716c54 eeb6a1e7: extract_entropy(.. 16 ..)
[    5.698985] random 0000 0000 0000 91716c54 eeb6a1e7: going to reseed nonblocking with 128 bits (128 of 0 requested)
[    5.698987] random 0000 0000 0000 91716c54 eeb6a1e7: extract_entropy(.. 16 ..)
[    5.698989] random 0000 0000 0000 91716c54 eeb6a1e7: trying to extract 128 bits from input
[    5.698991] random 0000 0000 0000 91716c54 eeb6a1e7: debiting 0 entropy credits from input
[    5.698993] random 0000 0000 0000 91716c54 eeb6a1e7: extract_entropy account returned: 0 
[    5.698996] random 0000 0000 0000 91716c54 eeb6a1e7: urand_change_num 47 xfer_secondary_pool(16): pool_sig fffffcad, data_sig 00000000, bytes_mixed 0 91716c54 eeb6a1e7
[    5.698999] random 0000 0000 0000 91716c54 eeb6a1e7: trying to extract 128 bits from nonblocking
[    5.699001] random 0000 0000 0000 91716c54 eeb6a1e7: debiting 128 entropy credits from nonblocking (unlimited)
[    5.699004] random 0000 0000 0000 91716c54 eeb6a1e7: extract_entropy account returned: 16 
[    5.699008] random 0000 0000 0000 91716c54 eeb6a1e7: urand_change_num 48 extract_buf: pool_sig fffffcad, data_sig ffffff19, bytes_mixed 20 91716c54 eeb6a1e7
[    5.699013] random 0000 0000 0000 fd637b06 6cf47bc1: urand_change_num 49 extract_buf: pool_sig fffffede, data_sig ffffffc1, bytes_mixed 20 fd637b06 6cf47bc1
[    5.785728] random 0000 0000 0000 fd637b06 6cf47bc1: rand_read_num 12 get_random_bytes(16): sig 0000033b fd637b06 6cf47bc1
[    5.785731] random 0000 0000 0000 fd637b06 6cf47bc1: extract_entropy(.. 16 ..)
[    5.785734] random 0000 0000 0000 fd637b06 6cf47bc1: going to reseed nonblocking with 128 bits (128 of 0 requested)
[    5.785736] random 0000 0000 0000 fd637b06 6cf47bc1: extract_entropy(.. 16 ..)
[    5.785738] random 0000 0000 0000 fd637b06 6cf47bc1: trying to extract 128 bits from input
[    5.785740] random 0000 0000 0000 fd637b06 6cf47bc1: debiting 0 entropy credits from input
[    5.785742] random 0000 0000 0000 fd637b06 6cf47bc1: extract_entropy account returned: 0 
[    5.785745] random 0000 0000 0000 fd637b06 6cf47bc1: urand_change_num 50 xfer_secondary_pool(16): pool_sig 0000033b, data_sig 00000000, bytes_mixed 0 fd637b06 6cf47bc1
[    5.785748] random 0000 0000 0000 fd637b06 6cf47bc1: trying to extract 128 bits from nonblocking
[    5.785751] random 0000 0000 0000 fd637b06 6cf47bc1: debiting 128 entropy credits from nonblocking (unlimited)
[    5.785753] random 0000 0000 0000 fd637b06 6cf47bc1: extract_entropy account returned: 16 
[    5.785757] random 0000 0000 0000 fd637b06 6cf47bc1: urand_change_num 51 extract_buf: pool_sig 0000033b, data_sig 000000d8, bytes_mixed 20 fd637b06 6cf47bc1
[    5.785763] random 0000 0000 0000 0ec1f012 d4727ca8: urand_change_num 52 extract_buf: pool_sig fffffcf5, data_sig 00000016, bytes_mixed 20 0ec1f012 d4727ca8
[    6.148946] ieee1394: Host added: ID:BUS[0-00:1023]  GUID[00061b032a25f51c]
[    6.159637] random 0000 0000 0000 45b1d0b1 845a73f7: rand_read_num 13 get_random_bytes(16): sig 00000116 45b1d0b1 845a73f7
[    6.159640] random 0000 0000 0000 45b1d0b1 845a73f7: extract_entropy(.. 16 ..)
[    6.159642] random 0000 0000 0000 45b1d0b1 845a73f7: going to reseed nonblocking with 128 bits (128 of 0 requested)
[    6.159645] random 0000 0000 0000 45b1d0b1 845a73f7: extract_entropy(.. 16 ..)
[    6.159647] random 0000 0000 0000 45b1d0b1 845a73f7: trying to extract 128 bits from input
[    6.159649] random 0000 0000 0000 45b1d0b1 845a73f7: debiting 0 entropy credits from input
[    6.159651] random 0000 0000 0000 45b1d0b1 845a73f7: extract_entropy account returned: 0 
[    6.159654] random 0000 0000 0000 45b1d0b1 845a73f7: urand_change_num 53 xfer_secondary_pool(16): pool_sig 00000116, data_sig 00000000, bytes_mixed 0 45b1d0b1 845a73f7
[    6.159657] random 0000 0000 0000 45b1d0b1 845a73f7: trying to extract 128 bits from nonblocking
[    6.159659] random 0000 0000 0000 45b1d0b1 845a73f7: debiting 128 entropy credits from nonblocking (unlimited)
[    6.159661] random 0000 0000 0000 45b1d0b1 845a73f7: extract_entropy account returned: 16 
[    6.159666] random 0000 0000 0000 45b1d0b1 845a73f7: urand_change_num 54 extract_buf: pool_sig 00000116, data_sig fffffd8b, bytes_mixed 20 45b1d0b1 845a73f7
[    6.159671] random 0000 0000 0000 45b1d0b1 845a73f7: urand_change_num 55 extract_buf: pool_sig fffffc05, data_sig 00000109, bytes_mixed 20 45b1d0b1 845a73f7
[    6.212132] random 0000 0000 0000 5012cce3 b8a30621: rand_read_num 14 get_random_bytes(16): sig fffffb93 5012cce3 b8a30621
[    6.212135] random 0000 0000 0000 5012cce3 b8a30621: extract_entropy(.. 16 ..)
[    6.212138] random 0000 0000 0000 5012cce3 b8a30621: going to reseed nonblocking with 128 bits (128 of 0 requested)
[    6.212140] random 0000 0000 0000 5012cce3 b8a30621: extract_entropy(.. 16 ..)
[    6.212142] random 0000 0000 0000 5012cce3 b8a30621: trying to extract 128 bits from input
[    6.212144] random 0000 0000 0000 5012cce3 b8a30621: debiting 0 entropy credits from input
[    6.212146] random 0000 0000 0000 5012cce3 b8a30621: extract_entropy account returned: 0 
[    6.212149] random 0000 0000 0000 5012cce3 b8a30621: urand_change_num 56 xfer_secondary_pool(16): pool_sig fffffb93, data_sig 00000000, bytes_mixed 0 5012cce3 b8a30621
[    6.212152] random 0000 0000 0000 5012cce3 b8a30621: trying to extract 128 bits from nonblocking
[    6.212155] random 0000 0000 0000 5012cce3 b8a30621: debiting 128 entropy credits from nonblocking (unlimited)
[    6.212157] random 0000 0000 0000 5012cce3 b8a30621: extract_entropy account returned: 16 
[    6.212161] random 0000 0000 0000 5012cce3 b8a30621: urand_change_num 57 extract_buf: pool_sig fffffb93, data_sig ffffff35, bytes_mixed 20 5012cce3 b8a30621
[    6.212166] random 0000 0000 0000 5012cce3 b8a30621: urand_change_num 58 extract_buf: pool_sig fffffb9d, data_sig ffffff92, bytes_mixed 20 5012cce3 b8a30621
[    6.213540] random 0000 0000 0000 30a5721d 4b648ff6: rand_read_num 15 get_random_bytes(16): sig fffffeb5 30a5721d 4b648ff6
[    6.213543] random 0000 0000 0000 30a5721d 4b648ff6: extract_entropy(.. 16 ..)
[    6.213545] random 0000 0000 0000 30a5721d 4b648ff6: going to reseed nonblocking with 128 bits (128 of 0 requested)
[    6.213548] random 0000 0000 0000 30a5721d 4b648ff6: extract_entropy(.. 16 ..)
[    6.213550] random 0000 0000 0000 30a5721d 4b648ff6: trying to extract 128 bits from input
[    6.213552] random 0000 0000 0000 30a5721d 4b648ff6: debiting 0 entropy credits from input
[    6.213554] random 0000 0000 0000 30a5721d 4b648ff6: extract_entropy account returned: 0 
[    6.213557] random 0000 0000 0000 30a5721d 4b648ff6: urand_change_num 59 xfer_secondary_pool(16): pool_sig fffffeb5, data_sig 00000000, bytes_mixed 0 30a5721d 4b648ff6
[    6.213560] random 0000 0000 0000 30a5721d 4b648ff6: trying to extract 128 bits from nonblocking
[    6.213562] random 0000 0000 0000 30a5721d 4b648ff6: debiting 128 entropy credits from nonblocking (unlimited)
[    6.213564] random 0000 0000 0000 30a5721d 4b648ff6: extract_entropy account returned: 16 
[    6.213568] random 0000 0000 0000 30a5721d 4b648ff6: urand_change_num 60 extract_buf: pool_sig fffffeb5, data_sig 000000c2, bytes_mixed 20 30a5721d 4b648ff6
[    6.213574] random 0000 0000 0000 89bae1ab 704c432f: urand_change_num 61 extract_buf: pool_sig 0000006e, data_sig fffffefc, bytes_mixed 20 89bae1ab 704c432f
[    6.214118] random 0000 0000 0000 89bae1ab 704c432f: rand_read_num 16 get_random_bytes(16): sig fffffd99 89bae1ab 704c432f
[    6.214120] random 0000 0000 0000 89bae1ab 704c432f: extract_entropy(.. 16 ..)
[    6.214123] random 0000 0000 0000 89bae1ab 704c432f: going to reseed nonblocking with 128 bits (128 of 0 requested)
[    6.214125] random 0000 0000 0000 89bae1ab 704c432f: extract_entropy(.. 16 ..)
[    6.214127] random 0000 0000 0000 89bae1ab 704c432f: trying to extract 128 bits from input
[    6.214130] random 0000 0000 0000 89bae1ab 704c432f: debiting 0 entropy credits from input
[    6.214132] random 0000 0000 0000 89bae1ab 704c432f: extract_entropy account returned: 0 
[    6.214135] random 0000 0000 0000 89bae1ab 704c432f: urand_change_num 62 xfer_secondary_pool(16): pool_sig fffffd99, data_sig 00000000, bytes_mixed 0 89bae1ab 704c432f
[    6.214138] random 0000 0000 0000 89bae1ab 704c432f: trying to extract 128 bits from nonblocking
[    6.214140] random 0000 0000 0000 89bae1ab 704c432f: debiting 128 entropy credits from nonblocking (unlimited)
[    6.214142] random 0000 0000 0000 89bae1ab 704c432f: extract_entropy account returned: 16 
[    6.214146] random 0000 0000 0000 89bae1ab 704c432f: urand_change_num 63 extract_buf: pool_sig fffffd99, data_sig 00000204, bytes_mixed 20 89bae1ab 704c432f
[    6.214152] random 0000 0000 0000 6c298a02 2b1539f8: urand_change_num 64 extract_buf: pool_sig 00000124, data_sig fffffff5, bytes_mixed 20 6c298a02 2b1539f8
[    6.215056] random 0000 0000 0000 c77b8b35 70f6cab5: rand_read_num 17 get_random_bytes(16): sig 0000036b c77b8b35 70f6cab5
[    6.215059] random 0000 0000 0000 c77b8b35 70f6cab5: extract_entropy(.. 16 ..)
[    6.215061] random 0000 0000 0000 c77b8b35 70f6cab5: going to reseed nonblocking with 128 bits (128 of 0 requested)
[    6.215064] random 0000 0000 0000 c77b8b35 70f6cab5: extract_entropy(.. 16 ..)
[    6.215066] random 0000 0000 0000 c77b8b35 70f6cab5: trying to extract 128 bits from input
[    6.215068] random 0000 0000 0000 c77b8b35 70f6cab5: debiting 0 entropy credits from input
[    6.215070] random 0000 0000 0000 c77b8b35 70f6cab5: extract_entropy account returned: 0 
[    6.215073] random 0000 0000 0000 c77b8b35 70f6cab5: urand_change_num 65 xfer_secondary_pool(16): pool_sig 0000036b, data_sig 00000000, bytes_mixed 0 c77b8b35 70f6cab5
[    6.215076] random 0000 0000 0000 c77b8b35 70f6cab5: trying to extract 128 bits from nonblocking
[    6.215078] random 0000 0000 0000 c77b8b35 70f6cab5: debiting 128 entropy credits from nonblocking (unlimited)
[    6.215080] random 0000 0000 0000 c77b8b35 70f6cab5: extract_entropy account returned: 16 
[    6.215085] random 0000 0000 0000 c77b8b35 70f6cab5: urand_change_num 66 extract_buf: pool_sig 0000036b, data_sig 0000005f, bytes_mixed 20 c77b8b35 70f6cab5
[    6.215090] random 0000 0000 0000 c77b8b35 70f6cab5: urand_change_num 67 extract_buf: pool_sig ffffff1c, data_sig 0000005a, bytes_mixed 20 c77b8b35 70f6cab5
[    6.215681] random 0000 0000 0000 af21d212 57d20ca3: rand_read_num 18 get_random_bytes(16): sig fffffb7f af21d212 57d20ca3
[    6.215684] random 0000 0000 0000 af21d212 57d20ca3: extract_entropy(.. 16 ..)
[    6.215687] random 0000 0000 0000 af21d212 57d20ca3: going to reseed nonblocking with 128 bits (128 of 0 requested)
[    6.215689] random 0000 0000 0000 af21d212 57d20ca3: extract_entropy(.. 16 ..)
[    6.215691] random 0000 0000 0000 af21d212 57d20ca3: trying to extract 128 bits from input
[    6.215693] random 0000 0000 0000 af21d212 57d20ca3: debiting 0 entropy credits from input
[    6.215695] random 0000 0000 0000 af21d212 57d20ca3: extract_entropy account returned: 0 
[    6.215698] random 0000 0000 0000 af21d212 57d20ca3: urand_change_num 68 xfer_secondary_pool(16): pool_sig fffffb7f, data_sig 00000000, bytes_mixed 0 af21d212 57d20ca3
[    6.215701] random 0000 0000 0000 af21d212 57d20ca3: trying to extract 128 bits from nonblocking
[    6.215703] random 0000 0000 0000 af21d212 57d20ca3: debiting 128 entropy credits from nonblocking (unlimited)
[    6.215706] random 0000 0000 0000 af21d212 57d20ca3: extract_entropy account returned: 16 
[    6.215710] random 0000 0000 0000 af21d212 57d20ca3: urand_change_num 69 extract_buf: pool_sig fffffb7f, data_sig ffffff88, bytes_mixed 20 af21d212 57d20ca3
[    6.215715] random 0000 0000 0000 af21d212 57d20ca3: urand_change_num 70 extract_buf: pool_sig fffffe1d, data_sig ffffff17, bytes_mixed 20 af21d212 57d20ca3
[    6.216300] random 0000 0000 0000 ffbd26fd 21933274: rand_read_num 19 get_random_bytes(16): sig ffffffc7 ffbd26fd 21933274
[    6.216303] random 0000 0000 0000 ffbd26fd 21933274: extract_entropy(.. 16 ..)
[    6.216306] random 0000 0000 0000 ffbd26fd 21933274: going to reseed nonblocking with 128 bits (128 of 0 requested)
[    6.216308] random 0000 0000 0000 ffbd26fd 21933274: extract_entropy(.. 16 ..)
[    6.216310] random 0000 0000 0000 ffbd26fd 21933274: trying to extract 128 bits from input
[    6.216312] random 0000 0000 0000 ffbd26fd 21933274: debiting 0 entropy credits from input
[    6.216314] random 0000 0000 0000 ffbd26fd 21933274: extract_entropy account returned: 0 
[    6.216317] random 0000 0000 0000 ffbd26fd 21933274: urand_change_num 71 xfer_secondary_pool(16): pool_sig ffffffc7, data_sig 00000000, bytes_mixed 0 ffbd26fd 21933274
[    6.216320] random 0000 0000 0000 ffbd26fd 21933274: trying to extract 128 bits from nonblocking
[    6.216322] random 0000 0000 0000 ffbd26fd 21933274: debiting 128 entropy credits from nonblocking (unlimited)
[    6.216324] random 0000 0000 0000 ffbd26fd 21933274: extract_entropy account returned: 16 
[    6.216329] random 0000 0000 0000 ffbd26fd 21933274: urand_change_num 72 extract_buf: pool_sig ffffffc7, data_sig 0000013b, bytes_mixed 20 ffbd26fd 21933274
[    6.216334] random 0000 0000 0000 151530a2 56c65dd3: urand_change_num 73 extract_buf: pool_sig ffffffbf, data_sig 00000036, bytes_mixed 20 151530a2 56c65dd3
[    6.216891] random 0000 0000 0000 151530a2 56c65dd3: rand_read_num 20 get_random_bytes(16): sig 000001a7 151530a2 56c65dd3
[    6.216894] random 0000 0000 0000 151530a2 56c65dd3: extract_entropy(.. 16 ..)
[    6.216897] random 0000 0000 0000 151530a2 56c65dd3: going to reseed nonblocking with 128 bits (128 of 0 requested)
[    6.216899] random 0000 0000 0000 151530a2 56c65dd3: extract_entropy(.. 16 ..)
[    6.216901] random 0000 0000 0000 151530a2 56c65dd3: trying to extract 128 bits from input
[    6.216903] random 0000 0000 0000 151530a2 56c65dd3: debiting 0 entropy credits from input
[    6.216905] random 0000 0000 0000 151530a2 56c65dd3: extract_entropy account returned: 0 
[    6.216909] random 0000 0000 0000 151530a2 56c65dd3: urand_change_num 74 xfer_secondary_pool(16): pool_sig 000001a7, data_sig 00000000, bytes_mixed 0 151530a2 56c65dd3
[    6.216911] random 0000 0000 0000 151530a2 56c65dd3: trying to extract 128 bits from nonblocking
[    6.216914] random 0000 0000 0000 151530a2 56c65dd3: debiting 128 entropy credits from nonblocking (unlimited)
[    6.216916] random 0000 0000 0000 151530a2 56c65dd3: extract_entropy account returned: 16 
[    6.216920] random 0000 0000 0000 151530a2 56c65dd3: urand_change_num 75 extract_buf: pool_sig 000001a7, data_sig ffffffa1, bytes_mixed 20 151530a2 56c65dd3
[    6.216925] random 0000 0000 0000 5d3e132e d9a77eb3: urand_change_num 76 extract_buf: pool_sig fffffcc9, data_sig 00000013, bytes_mixed 20 5d3e132e d9a77eb3
[    6.267945] random 0000 0000 0000 264837ad 0a28fef5: rand_read_num 21 get_random_bytes(16): sig ffffffd0 264837ad 0a28fef5
[    6.267948] random 0000 0000 0000 264837ad 0a28fef5: extract_entropy(.. 16 ..)
[    6.267951] random 0000 0000 0000 264837ad 0a28fef5: going to reseed nonblocking with 128 bits (128 of 0 requested)
[    6.267953] random 0000 0000 0000 264837ad 0a28fef5: extract_entropy(.. 16 ..)
[    6.267955] random 0000 0000 0000 264837ad 0a28fef5: trying to extract 128 bits from input
[    6.267957] random 0000 0000 0000 264837ad 0a28fef5: debiting 0 entropy credits from input
[    6.267959] random 0000 0000 0000 264837ad 0a28fef5: extract_entropy account returned: 0 
[    6.267963] random 0000 0000 0000 264837ad 0a28fef5: urand_change_num 77 xfer_secondary_pool(16): pool_sig ffffffd0, data_sig 00000000, bytes_mixed 0 264837ad 0a28fef5
[    6.267966] random 0000 0000 0000 264837ad 0a28fef5: trying to extract 128 bits from nonblocking
[    6.267968] random 0000 0000 0000 264837ad 0a28fef5: debiting 128 entropy credits from nonblocking (unlimited)
[    6.267970] random 0000 0000 0000 264837ad 0a28fef5: extract_entropy account returned: 16 
[    6.267974] random 0000 0000 0000 264837ad 0a28fef5: urand_change_num 78 extract_buf: pool_sig ffffffd0, data_sig 0000017b, bytes_mixed 20 264837ad 0a28fef5
[    6.267980] random 0000 0000 0000 264837ad 0a28fef5: urand_change_num 79 extract_buf: pool_sig 0000045c, data_sig 000001df, bytes_mixed 20 264837ad 0a28fef5
[    6.269430] random 0000 0000 0000 f37f7344 164aede0: rand_read_num 22 get_random_bytes(16): sig 000003c2 f37f7344 164aede0
[    6.269433] random 0000 0000 0000 f37f7344 164aede0: extract_entropy(.. 16 ..)
[    6.269435] random 0000 0000 0000 f37f7344 164aede0: going to reseed nonblocking with 128 bits (128 of 0 requested)
[    6.269438] random 0000 0000 0000 f37f7344 164aede0: extract_entropy(.. 16 ..)
[    6.269440] random 0000 0000 0000 f37f7344 164aede0: trying to extract 128 bits from input
[    6.269442] random 0000 0000 0000 f37f7344 164aede0: debiting 0 entropy credits from input
[    6.269444] random 0000 0000 0000 f37f7344 164aede0: extract_entropy account returned: 0 
[    6.269447] random 0000 0000 0000 f37f7344 164aede0: urand_change_num 80 xfer_secondary_pool(16): pool_sig 000003c2, data_sig 00000000, bytes_mixed 0 f37f7344 164aede0
[    6.269450] random 0000 0000 0000 f37f7344 164aede0: trying to extract 128 bits from nonblocking
[    6.269452] random 0000 0000 0000 f37f7344 164aede0: debiting 128 entropy credits from nonblocking (unlimited)
[    6.269454] random 0000 0000 0000 f37f7344 164aede0: extract_entropy account returned: 16 
[    6.269459] random 0000 0000 0000 f37f7344 164aede0: urand_change_num 81 extract_buf: pool_sig 000003c2, data_sig ffffff6c, bytes_mixed 20 f37f7344 164aede0
[    6.269464] random 0000 0000 0000 f37f7344 164aede0: urand_change_num 82 extract_buf: pool_sig fffffdfc, data_sig 00000091, bytes_mixed 20 f37f7344 164aede0
[    6.292246] random 0000 0000 0000 a4794863 878070c1: rand_read_num 23 get_random_bytes(16): sig 0000011b a4794863 878070c1
[    6.292249] random 0000 0000 0000 a4794863 878070c1: extract_entropy(.. 16 ..)
[    6.292252] random 0000 0000 0000 a4794863 878070c1: going to reseed nonblocking with 128 bits (128 of 0 requested)
[    6.292254] random 0000 0000 0000 a4794863 878070c1: extract_entropy(.. 16 ..)
[    6.292256] random 0000 0000 0000 a4794863 878070c1: trying to extract 128 bits from input
[    6.292258] random 0000 0000 0000 a4794863 878070c1: debiting 0 entropy credits from input
[    6.292260] random 0000 0000 0000 a4794863 878070c1: extract_entropy account returned: 0 
[    6.292263] random 0000 0000 0000 a4794863 878070c1: urand_change_num 83 xfer_secondary_pool(16): pool_sig 0000011b, data_sig 00000000, bytes_mixed 0 a4794863 878070c1
[    6.292266] random 0000 0000 0000 a4794863 878070c1: trying to extract 128 bits from nonblocking
[    6.292269] random 0000 0000 0000 a4794863 878070c1: debiting 128 entropy credits from nonblocking (unlimited)
[    6.292271] random 0000 0000 0000 a4794863 878070c1: extract_entropy account returned: 16 
[    6.292275] random 0000 0000 0000 a4794863 878070c1: urand_change_num 84 extract_buf: pool_sig 0000011b, data_sig ffffff51, bytes_mixed 20 a4794863 878070c1
[    6.292280] random 0000 0000 0000 737f19b4 9417d8ab: urand_change_num 85 extract_buf: pool_sig 000001a3, data_sig 0000006c, bytes_mixed 20 737f19b4 9417d8ab
[    6.296338] random 0000 0000 0000 737f19b4 9417d8ab: rand_read_num 24 get_random_bytes(16): sig fffffe22 737f19b4 9417d8ab
[    6.296341] random 0000 0000 0000 737f19b4 9417d8ab: extract_entropy(.. 16 ..)
[    6.296344] random 0000 0000 0000 737f19b4 9417d8ab: going to reseed nonblocking with 128 bits (128 of 0 requested)
[    6.296346] random 0000 0000 0000 737f19b4 9417d8ab: extract_entropy(.. 16 ..)
[    6.296348] random 0000 0000 0000 737f19b4 9417d8ab: trying to extract 128 bits from input
[    6.296350] random 0000 0000 0000 737f19b4 9417d8ab: debiting 0 entropy credits from input
[    6.296352] random 0000 0000 0000 737f19b4 9417d8ab: extract_entropy account returned: 0 
[    6.296355] random 0000 0000 0000 737f19b4 9417d8ab: urand_change_num 86 xfer_secondary_pool(16): pool_sig fffffe22, data_sig 00000000, bytes_mixed 0 737f19b4 9417d8ab
[    6.296358] random 0000 0000 0000 737f19b4 9417d8ab: trying to extract 128 bits from nonblocking
[    6.296361] random 0000 0000 0000 737f19b4 9417d8ab: debiting 128 entropy credits from nonblocking (unlimited)
[    6.296363] random 0000 0000 0000 737f19b4 9417d8ab: extract_entropy account returned: 16 
[    6.296367] random 0000 0000 0000 737f19b4 9417d8ab: urand_change_num 87 extract_buf: pool_sig fffffe22, data_sig 00000230, bytes_mixed 20 737f19b4 9417d8ab
[    6.296372] random 0000 0000 0000 4deb0d06 1236af4c: urand_change_num 88 extract_buf: pool_sig 000000b6, data_sig ffffff44, bytes_mixed 20 4deb0d06 1236af4c
[    6.297368] random 0000 0000 0000 b538fadc 4a7613df: rand_read_num 25 get_random_bytes(16): sig 0000013c b538fadc 4a7613df
[    6.297370] random 0000 0000 0000 b538fadc 4a7613df: extract_entropy(.. 16 ..)
[    6.297373] random 0000 0000 0000 b538fadc 4a7613df: going to reseed nonblocking with 128 bits (128 of 0 requested)
[    6.297375] random 0000 0000 0000 b538fadc 4a7613df: extract_entropy(.. 16 ..)
[    6.297378] random 0000 0000 0000 b538fadc 4a7613df: trying to extract 128 bits from input
[    6.297380] random 0000 0000 0000 b538fadc 4a7613df: debiting 0 entropy credits from input
[    6.297382] random 0000 0000 0000 b538fadc 4a7613df: extract_entropy account returned: 0 
[    6.297385] random 0000 0000 0000 b538fadc 4a7613df: urand_change_num 89 xfer_secondary_pool(16): pool_sig 0000013c, data_sig 00000000, bytes_mixed 0 b538fadc 4a7613df
[    6.297388] random 0000 0000 0000 b538fadc 4a7613df: trying to extract 128 bits from nonblocking
[    6.297390] random 0000 0000 0000 b538fadc 4a7613df: debiting 128 entropy credits from nonblocking (unlimited)
[    6.297392] random 0000 0000 0000 b538fadc 4a7613df: extract_entropy account returned: 16 
[    6.297396] random 0000 0000 0000 b538fadc 4a7613df: urand_change_num 90 extract_buf: pool_sig 0000013c, data_sig 00000015, bytes_mixed 20 b538fadc 4a7613df
[    6.297402] random 0000 0000 0000 b538fadc 4a7613df: urand_change_num 91 extract_buf: pool_sig 00000452, data_sig 0000002b, bytes_mixed 20 b538fadc 4a7613df
[    6.297856] random 0000 0000 0000 73b17df4 93bb370e: rand_read_num 26 get_random_bytes(16): sig fffffbf1 73b17df4 93bb370e
[    6.297859] random 0000 0000 0000 73b17df4 93bb370e: extract_entropy(.. 16 ..)
[    6.297862] random 0000 0000 0000 73b17df4 93bb370e: going to reseed nonblocking with 128 bits (128 of 0 requested)
[    6.297864] random 0000 0000 0000 73b17df4 93bb370e: extract_entropy(.. 16 ..)
[    6.297866] random 0000 0000 0000 73b17df4 93bb370e: trying to extract 128 bits from input
[    6.297868] random 0000 0000 0000 73b17df4 93bb370e: debiting 0 entropy credits from input
[    6.297870] random 0000 0000 0000 73b17df4 93bb370e: extract_entropy account returned: 0 
[    6.297873] random 0000 0000 0000 73b17df4 93bb370e: urand_change_num 92 xfer_secondary_pool(16): pool_sig fffffbf1, data_sig 00000000, bytes_mixed 0 73b17df4 93bb370e
[    6.297876] random 0000 0000 0000 73b17df4 93bb370e: trying to extract 128 bits from nonblocking
[    6.297879] random 0000 0000 0000 73b17df4 93bb370e: debiting 128 entropy credits from nonblocking (unlimited)
[    6.297881] random 0000 0000 0000 73b17df4 93bb370e: extract_entropy account returned: 16 
[    6.297885] random 0000 0000 0000 73b17df4 93bb370e: urand_change_num 93 extract_buf: pool_sig fffffbf1, data_sig ffffff99, bytes_mixed 20 73b17df4 93bb370e
[    6.297890] random 0000 0000 0000 73b17df4 93bb370e: urand_change_num 94 extract_buf: pool_sig fffffe1d, data_sig 000000b0, bytes_mixed 20 73b17df4 93bb370e
[    6.298294] random 0000 0000 0000 0cd682bb ba04da9f: rand_read_num 27 get_random_bytes(16): sig fffffccb 0cd682bb ba04da9f
[    6.298297] random 0000 0000 0000 0cd682bb ba04da9f: extract_entropy(.. 16 ..)
[    6.298299] random 0000 0000 0000 0cd682bb ba04da9f: going to reseed nonblocking with 128 bits (128 of 0 requested)
[    6.298302] random 0000 0000 0000 0cd682bb ba04da9f: extract_entropy(.. 16 ..)
[    6.298304] random 0000 0000 0000 0cd682bb ba04da9f: trying to extract 128 bits from input
[    6.298306] random 0000 0000 0000 0cd682bb ba04da9f: debiting 0 entropy credits from input
[    6.298308] random 0000 0000 0000 0cd682bb ba04da9f: extract_entropy account returned: 0 
[    6.298311] random 0000 0000 0000 0cd682bb ba04da9f: urand_change_num 95 xfer_secondary_pool(16): pool_sig fffffccb, data_sig 00000000, bytes_mixed 0 0cd682bb ba04da9f
[    6.298314] random 0000 0000 0000 0cd682bb ba04da9f: trying to extract 128 bits from nonblocking
[    6.298316] random 0000 0000 0000 0cd682bb ba04da9f: debiting 128 entropy credits from nonblocking (unlimited)
[    6.298318] random 0000 0000 0000 0cd682bb ba04da9f: extract_entropy account returned: 16 
[    6.298323] random 0000 0000 0000 0cd682bb ba04da9f: urand_change_num 96 extract_buf: pool_sig fffffccb, data_sig fffffec5, bytes_mixed 20 0cd682bb ba04da9f
[    6.298328] random 0000 0000 0000 26929f1a 15254dc1: urand_change_num 97 extract_buf: pool_sig fffffed2, data_sig ffffffb1, bytes_mixed 20 26929f1a 15254dc1
[    6.299203] random 0000 0000 0000 26929f1a 15254dc1: rand_read_num 28 get_random_bytes(16): sig 00000038 26929f1a 15254dc1
[    6.299205] random 0000 0000 0000 26929f1a 15254dc1: extract_entropy(.. 16 ..)
[    6.299208] random 0000 0000 0000 26929f1a 15254dc1: going to reseed nonblocking with 128 bits (128 of 0 requested)
[    6.299210] random 0000 0000 0000 26929f1a 15254dc1: extract_entropy(.. 16 ..)
[    6.299212] random 0000 0000 0000 26929f1a 15254dc1: trying to extract 128 bits from input
[    6.299215] random 0000 0000 0000 26929f1a 15254dc1: debiting 0 entropy credits from input
[    6.299217] random 0000 0000 0000 26929f1a 15254dc1: extract_entropy account returned: 0 
[    6.299220] random 0000 0000 0000 26929f1a 15254dc1: urand_change_num 98 xfer_secondary_pool(16): pool_sig 00000038, data_sig 00000000, bytes_mixed 0 26929f1a 15254dc1
[    6.299223] random 0000 0000 0000 26929f1a 15254dc1: trying to extract 128 bits from nonblocking
[    6.299225] random 0000 0000 0000 26929f1a 15254dc1: debiting 128 entropy credits from nonblocking (unlimited)
[    6.299227] random 0000 0000 0000 26929f1a 15254dc1: extract_entropy account returned: 16 
[    6.299231] random 0000 0000 0000 26929f1a 15254dc1: urand_change_num 99 extract_buf: pool_sig 00000038, data_sig 000000fd, bytes_mixed 20 26929f1a 15254dc1
[    6.299237] random 0000 0000 0000 8116fe3b 478c2d5b: urand_change_num 100 extract_buf: pool_sig 00000059, data_sig 00000310, bytes_mixed 20 8116fe3b 478c2d5b
[    6.305881] random 0000 0000 0000 a20f4a3a 32a6b2fa: rand_read_num 29 get_random_bytes(16): sig 000002c0 a20f4a3a 32a6b2fa
[    6.305884] random 0000 0000 0000 a20f4a3a 32a6b2fa: extract_entropy(.. 16 ..)
[    6.305887] random 0000 0000 0000 a20f4a3a 32a6b2fa: going to reseed nonblocking with 128 bits (128 of 0 requested)
[    6.305889] random 0000 0000 0000 a20f4a3a 32a6b2fa: extract_entropy(.. 16 ..)
[    6.305891] random 0000 0000 0000 a20f4a3a 32a6b2fa: trying to extract 128 bits from input
[    6.305893] random 0000 0000 0000 a20f4a3a 32a6b2fa: debiting 0 entropy credits from input
[    6.305895] random 0000 0000 0000 a20f4a3a 32a6b2fa: extract_entropy account returned: 0 
[    6.305898] random 0000 0000 0000 a20f4a3a 32a6b2fa: urand_change_num 101 xfer_secondary_pool(16): pool_sig 000002c0, data_sig 00000000, bytes_mixed 0 a20f4a3a 32a6b2fa
[    6.305901] random 0000 0000 0000 a20f4a3a 32a6b2fa: trying to extract 128 bits from nonblocking
[    6.305903] random 0000 0000 0000 a20f4a3a 32a6b2fa: debiting 128 entropy credits from nonblocking (unlimited)
[    6.305905] random 0000 0000 0000 a20f4a3a 32a6b2fa: extract_entropy account returned: 16 
[    6.305910] random 0000 0000 0000 a20f4a3a 32a6b2fa: urand_change_num 102 extract_buf: pool_sig 000002c0, data_sig 000000fb, bytes_mixed 20 a20f4a3a 32a6b2fa
[    6.305915] random 0000 0000 0000 a20f4a3a 32a6b2fa: urand_change_num 103 extract_buf: pool_sig ffffffdd, data_sig 000000a5, bytes_mixed 20 a20f4a3a 32a6b2fa
[    6.318404] random 0000 0000 0000 de716d2a 6c4757e1: rand_read_num 30 get_random_bytes(16): sig 000000fa de716d2a 6c4757e1
[    6.318407] random 0000 0000 0000 de716d2a 6c4757e1: extract_entropy(.. 16 ..)
[    6.318410] random 0000 0000 0000 de716d2a 6c4757e1: going to reseed nonblocking with 128 bits (128 of 0 requested)
[    6.318412] random 0000 0000 0000 de716d2a 6c4757e1: extract_entropy(.. 16 ..)
[    6.318414] random 0000 0000 0000 de716d2a 6c4757e1: trying to extract 128 bits from input
[    6.318416] random 0000 0000 0000 de716d2a 6c4757e1: debiting 0 entropy credits from input
[    6.318418] random 0000 0000 0000 de716d2a 6c4757e1: extract_entropy account returned: 0 
[    6.318421] random 0000 0000 0000 de716d2a 6c4757e1: urand_change_num 104 xfer_secondary_pool(16): pool_sig 000000fa, data_sig 00000000, bytes_mixed 0 de716d2a 6c4757e1
[    6.318424] random 0000 0000 0000 de716d2a 6c4757e1: trying to extract 128 bits from nonblocking
[    6.318427] random 0000 0000 0000 de716d2a 6c4757e1: debiting 128 entropy credits from nonblocking (unlimited)
[    6.318429] random 0000 0000 0000 de716d2a 6c4757e1: extract_entropy account returned: 16 
[    6.318433] random 0000 0000 0000 de716d2a 6c4757e1: urand_change_num 105 extract_buf: pool_sig 000000fa, data_sig ffffff34, bytes_mixed 20 de716d2a 6c4757e1
[    6.318438] random 0000 0000 0000 de716d2a 6c4757e1: urand_change_num 106 extract_buf: pool_sig 000003d3, data_sig ffffff30, bytes_mixed 20 de716d2a 6c4757e1
[    6.319027] random 0000 0000 0000 a7c511e1 f90ea457: rand_read_num 31 get_random_bytes(16): sig 0000009a a7c511e1 f90ea457
[    6.319030] random 0000 0000 0000 a7c511e1 f90ea457: extract_entropy(.. 16 ..)
[    6.319033] random 0000 0000 0000 a7c511e1 f90ea457: going to reseed nonblocking with 128 bits (128 of 0 requested)
[    6.319035] random 0000 0000 0000 a7c511e1 f90ea457: extract_entropy(.. 16 ..)
[    6.319037] random 0000 0000 0000 a7c511e1 f90ea457: trying to extract 128 bits from input
[    6.319039] random 0000 0000 0000 a7c511e1 f90ea457: debiting 0 entropy credits from input
[    6.319041] random 0000 0000 0000 a7c511e1 f90ea457: extract_entropy account returned: 0 
[    6.319044] random 0000 0000 0000 a7c511e1 f90ea457: urand_change_num 107 xfer_secondary_pool(16): pool_sig 0000009a, data_sig 00000000, bytes_mixed 0 a7c511e1 f90ea457
[    6.319047] random 0000 0000 0000 a7c511e1 f90ea457: trying to extract 128 bits from nonblocking
[    6.319049] random 0000 0000 0000 a7c511e1 f90ea457: debiting 128 entropy credits from nonblocking (unlimited)
[    6.319052] random 0000 0000 0000 a7c511e1 f90ea457: extract_entropy account returned: 16 
[    6.319056] random 0000 0000 0000 a7c511e1 f90ea457: urand_change_num 108 extract_buf: pool_sig 0000009a, data_sig 000000e0, bytes_mixed 20 a7c511e1 f90ea457
[    6.319061] random 0000 0000 0000 7c18c7e6 d65ccb06: urand_change_num 109 extract_buf: pool_sig fffffa79, data_sig 000000e0, bytes_mixed 20 7c18c7e6 d65ccb06
[    6.319648] random 0000 0000 0000 7c18c7e6 d65ccb06: rand_read_num 32 get_random_bytes(16): sig fffffe1e 7c18c7e6 d65ccb06
[    6.319651] random 0000 0000 0000 7c18c7e6 d65ccb06: extract_entropy(.. 16 ..)
[    6.319653] random 0000 0000 0000 7c18c7e6 d65ccb06: going to reseed nonblocking with 128 bits (128 of 0 requested)
[    6.319656] random 0000 0000 0000 7c18c7e6 d65ccb06: extract_entropy(.. 16 ..)
[    6.319658] random 0000 0000 0000 7c18c7e6 d65ccb06: trying to extract 128 bits from input
[    6.319660] random 0000 0000 0000 7c18c7e6 d65ccb06: debiting 0 entropy credits from input
[    6.319662] random 0000 0000 0000 7c18c7e6 d65ccb06: extract_entropy account returned: 0 
[    6.319665] random 0000 0000 0000 7c18c7e6 d65ccb06: urand_change_num 110 xfer_secondary_pool(16): pool_sig fffffe1e, data_sig 00000000, bytes_mixed 0 7c18c7e6 d65ccb06
[    6.319668] random 0000 0000 0000 7c18c7e6 d65ccb06: trying to extract 128 bits from nonblocking
[    6.319670] random 0000 0000 0000 7c18c7e6 d65ccb06: debiting 128 entropy credits from nonblocking (unlimited)
[    6.319672] random 0000 0000 0000 7c18c7e6 d65ccb06: extract_entropy account returned: 16 
