[    0.000000] random 0000 0000 0000 00000000 00000000: rand_read_num 1 get_random_bytes(8): sig 00000000 00000000 00000000
[    0.000000] random 0000 0000 0000 00000000 00000000: extract_entropy(.. 8 ..)
[    0.000000] random 0000 0000 0000 00000000 00000000: going to reseed nonblocking with 64 bits (64 of 0 requested)
[    0.000000] random 0000 0000 0000 00000000 00000000: extract_entropy(.. 8 ..)
[    0.000000] random 0000 0000 0000 00000000 00000000: trying to extract 64 bits from input
[    0.000000] random 0000 0000 0000 00000000 00000000: debiting 0 entropy credits from input
[    0.000000] random 0000 0000 0000 00000000 00000000: extract_entropy account returned: 0 
[    0.000000] random 0000 0000 0000 00000000 00000000: urand_change_num 1 xfer_secondary_pool(8): pool_sig 00000000, data_sig 00000000, bytes_mixed 0 00000000 00000000
[    0.000000] random 0000 0000 0000 00000000 00000000: trying to extract 64 bits from nonblocking
[    0.000000] random 0000 0000 0000 00000000 00000000: debiting 64 entropy credits from nonblocking (unlimited)
[    0.000000] random 0000 0000 0000 00000000 00000000: extract_entropy account returned: 8 
[    0.000000] random 0000 0000 0000 00000000 00000000: urand_change_num 2 extract_buf: pool_sig 00000000, data_sig fffffff9, bytes_mixed 20 00000000 00000000
[    0.000000] Linux version 2.6.32.57 (dcashman@dcashman-02) (gcc version 4.3.3 (GCC) ) #3 Fri May 24 04:27:34 PDT 2013
[    0.000000] KERNEL supported cpus:
[    0.000000]   Intel GenuineIntel
[    0.000000]   AMD AuthenticAMD
[    0.000000]   NSC Geode by NSC
[    0.000000]   Cyrix CyrixInstead
[    0.000000]   Centaur CentaurHauls
[    0.000000]   Transmeta GenuineTMx86
[    0.000000]   Transmeta TransmetaCPU
[    0.000000]   UMC UMC UMC UMC
[    0.000000] BIOS-provided physical RAM map:
[    0.000000]  BIOS-e820: 0000000000000000 - 000000000009d800 (usable)
[    0.000000]  BIOS-e820: 000000000009d800 - 00000000000a0000 (reserved)
[    0.000000]  BIOS-e820: 00000000000d2000 - 00000000000d4000 (reserved)
[    0.000000]  BIOS-e820: 00000000000e0000 - 0000000000100000 (reserved)
[    0.000000]  BIOS-e820: 0000000000100000 - 000000003d6b0000 (usable)
[    0.000000]  BIOS-e820: 000000003d6b0000 - 000000003d6cc000 (ACPI data)
[    0.000000]  BIOS-e820: 000000003d6cc000 - 000000003d700000 (ACPI NVS)
[    0.000000]  BIOS-e820: 000000003d700000 - 000000003e000000 (reserved)
[    0.000000]  BIOS-e820: 00000000f0000000 - 00000000f4000000 (reserved)
[    0.000000]  BIOS-e820: 00000000fec00000 - 00000000fec10000 (reserved)
[    0.000000]  BIOS-e820: 00000000fed00000 - 00000000fed00400 (reserved)
[    0.000000]  BIOS-e820: 00000000fed14000 - 00000000fed1a000 (reserved)
[    0.000000]  BIOS-e820: 00000000fed1c000 - 00000000fed90000 (reserved)
[    0.000000]  BIOS-e820: 00000000fee00000 - 00000000fee01000 (reserved)
[    0.000000]  BIOS-e820: 00000000ff000000 - 0000000100000000 (reserved)
[    0.000000] DMI present.
[    0.000000] last_pfn = 0x3d6b0 max_arch_pfn = 0x100000
[    0.000000] MTRR default type: uncachable
[    0.000000] MTRR fixed ranges enabled:
[    0.000000]   00000-9FFFF write-back
[    0.000000]   A0000-BFFFF uncachable
[    0.000000]   C0000-CFFFF write-protect
[    0.000000]   D0000-DFFFF uncachable
[    0.000000]   E0000-FFFFF write-protect
[    0.000000] MTRR variable ranges enabled:
[    0.000000]   0 base 03E000000 mask FFE000000 uncachable
[    0.000000]   1 base 000000000 mask FC0000000 write-back
[    0.000000]   2 base 03D700000 mask FFFF00000 uncachable
[    0.000000]   3 base 03D800000 mask FFF800000 uncachable
[    0.000000]   4 disabled
[    0.000000]   5 disabled
[    0.000000]   6 disabled
[    0.000000]   7 disabled
[    0.000000] initial memory mapped : 0 - 02000000
[    0.000000] init_memory_mapping: 0000000000000000-00000000377fe000
[    0.000000]  0000000000 - 0000400000 page 4k
[    0.000000]  0000400000 - 0037400000 page 2M
[    0.000000]  0037400000 - 00377fe000 page 4k
[    0.000000] kernel direct mapping tables up to 377fe000 @ 7000-c000
[    0.000000] ACPI: RSDP 000f68d0 00024 (v02 LENOVO)
[    0.000000] ACPI: XSDT 3d6bb77f 00094 (v01 LENOVO TP-7L    00002170  LTP 00000000)
[    0.000000] ACPI: FACP 3d6bb900 000F4 (v03 LENOVO TP-7L    00002170 LNVO 00000001)
[    0.000000] ACPI Warning: 32/64X length mismatch in Gpe1Block: 0/32 (20090903/tbfadt-526)
[    0.000000] ACPI Warning: Optional field Gpe1Block has zero address or length: 000000000000102C/0 (20090903/tbfadt-557)
[    0.000000] ACPI: DSDT 3d6bbd1d 0FED1 (v01 LENOVO TP-7L    00002170 MSFT 03000000)
[    0.000000] ACPI: FACS 3d6e4000 00040
[    0.000000] ACPI: SSDT 3d6bbab4 00269 (v01 LENOVO TP-7L    00002170 MSFT 03000000)
[    0.000000] ACPI: ECDT 3d6cbbee 00052 (v01 LENOVO TP-7L    00002170 LNVO 00000001)
[    0.000000] ACPI: TCPA 3d6cbc40 00032 (v02 LENOVO TP-7L    00002170 LNVO 00000001)
[    0.000000] ACPI: APIC 3d6cbc72 00068 (v01 LENOVO TP-7L    00002170 LNVO 00000001)
[    0.000000] ACPI: MCFG 3d6cbcda 0003C (v01 LENOVO TP-7L    00002170 LNVO 00000001)
[    0.000000] ACPI: HPET 3d6cbd16 00038 (v01 LENOVO TP-7L    00002170 LNVO 00000001)
[    0.000000] ACPI: SLIC 3d6cbdf0 00176 (v01 LENOVO TP-7L    00002170  LTP 00000000)
[    0.000000] ACPI: BOOT 3d6cbf66 00028 (v01 LENOVO TP-7L    00002170  LTP 00000001)
[    0.000000] ACPI: ASF! 3d6cbf8e 00072 (v16 LENOVO TP-7L    00002170 PTL  00000001)
[    0.000000] ACPI: SSDT 3d6e26d9 0025F (v01 LENOVO TP-7L    00002170 INTL 20050513)
[    0.000000] ACPI: SSDT 3d6e2938 000A6 (v01 LENOVO TP-7L    00002170 INTL 20050513)
[    0.000000] ACPI: SSDT 3d6e29de 004F7 (v01 LENOVO TP-7L    00002170 INTL 20050513)
[    0.000000] ACPI: SSDT 3d6e2ed5 001D8 (v01 LENOVO TP-7L    00002170 INTL 20050513)
[    0.000000] ACPI: DMI detected: Lenovo ThinkPad R61
[    0.000000] ACPI: Added _OSI(Linux)
[    0.000000] ACPI: Local APIC address 0xfee00000
[    0.000000] 94MB HIGHMEM available.
[    0.000000] 887MB LOWMEM available.
[    0.000000]   mapped low ram: 0 - 377fe000
[    0.000000]   low ram: 0 - 377fe000
[    0.000000]   node 0 low ram: 00000000 - 377fe000
[    0.000000]   node 0 bootmap 00008000 - 0000ef00
[    0.000000] (6 early reservations) ==> bootmem [0000000000 - 00377fe000]
[    0.000000]   #0 [0000000000 - 0000001000]   BIOS data page ==> [0000000000 - 0000001000]
[    0.000000]   #1 [0001000000 - 0001bdc180]    TEXT DATA BSS ==> [0001000000 - 0001bdc180]
[    0.000000]   #2 [000009d800 - 0000100000]    BIOS reserved ==> [000009d800 - 0000100000]
[    0.000000]   #3 [0001bdd000 - 0001be516c]              BRK ==> [0001bdd000 - 0001be516c]
[    0.000000]   #4 [0000007000 - 0000008000]          PGTABLE ==> [0000007000 - 0000008000]
[    0.000000]   #5 [0000008000 - 000000f000]          BOOTMAP ==> [0000008000 - 000000f000]
[    0.000000] found SMP MP-table at [c00f6900] f6900
[    0.000000] Zone PFN ranges:
[    0.000000]   DMA      0x00000000 -> 0x00001000
[    0.000000]   Normal   0x00001000 -> 0x000377fe
[    0.000000]   HighMem  0x000377fe -> 0x0003d6b0
[    0.000000] Movable zone start PFN for each node
[    0.000000] early_node_map[2] active PFN ranges
[    0.000000]     0: 0x00000000 -> 0x0000009d
[    0.000000]     0: 0x00000100 -> 0x0003d6b0
[    0.000000] On node 0 totalpages: 251469
[    0.000000] free_area_init_node: node 0, pgdat c1901ea0, node_mem_map c1be7000
[    0.000000]   DMA zone: 32 pages used for memmap
[    0.000000]   DMA zone: 0 pages reserved
[    0.000000]   DMA zone: 3965 pages, LIFO batch:0
[    0.000000]   Normal zone: 1744 pages used for memmap
[    0.000000]   Normal zone: 221486 pages, LIFO batch:31
[    0.000000]   HighMem zone: 190 pages used for memmap
[    0.000000]   HighMem zone: 24052 pages, LIFO batch:3
[    0.000000] Using APIC driver default
[    0.000000] ACPI: PM-Timer IO Port: 0x1008
[    0.000000] ACPI: Local APIC address 0xfee00000
[    0.000000] ACPI: LAPIC (acpi_id[0x00] lapic_id[0x00] enabled)
[    0.000000] ACPI: LAPIC (acpi_id[0x01] lapic_id[0x01] enabled)
[    0.000000] ACPI: NR_CPUS/possible_cpus limit of 1 reached.  Processor 1/0x1 ignored.
[    0.000000] ACPI: LAPIC_NMI (acpi_id[0x00] high edge lint[0x1])
[    0.000000] ACPI: LAPIC_NMI (acpi_id[0x01] high edge lint[0x1])
[    0.000000] ACPI: IOAPIC (id[0x01] address[0xfec00000] gsi_base[0])
[    0.000000] IOAPIC[0]: apic_id 1, version 32, address 0xfec00000, GSI 0-23
[    0.000000] ACPI: INT_SRC_OVR (bus 0 bus_irq 0 global_irq 2 dfl dfl)
[    0.000000] ACPI: INT_SRC_OVR (bus 0 bus_irq 9 global_irq 9 high level)
[    0.000000] ACPI: IRQ0 used by override.
[    0.000000] ACPI: IRQ2 used by override.
[    0.000000] ACPI: IRQ9 used by override.
[    0.000000] Using ACPI (MADT) for SMP configuration information
[    0.000000] ACPI: HPET id: 0x8086a201 base: 0xfed00000
[    0.000000] nr_irqs_gsi: 24
[    0.000000] PM: Registered nosave memory: 000000000009d000 - 000000000009e000
[    0.000000] PM: Registered nosave memory: 000000000009e000 - 00000000000a0000
[    0.000000] PM: Registered nosave memory: 00000000000a0000 - 00000000000d2000
[    0.000000] PM: Registered nosave memory: 00000000000d2000 - 00000000000d4000
[    0.000000] PM: Registered nosave memory: 00000000000d4000 - 00000000000e0000
[    0.000000] PM: Registered nosave memory: 00000000000e0000 - 0000000000100000
[    0.000000] Allocating PCI resources starting at 3e000000 (gap: 3e000000:b2000000)
[    0.000000] Built 1 zonelists in Zone order, mobility grouping on.  Total pages: 249503
[    0.000000] Kernel command line: auto BOOT_IMAGE=Linux ro root=802 vt.default_utf8=0 maxcpus=0
[    0.000000] PID hash table entries: 4096 (order: 2, 16384 bytes)
[    0.000000] Dentry cache hash table entries: 131072 (order: 7, 524288 bytes)
[    0.000000] Inode-cache hash table entries: 65536 (order: 6, 262144 bytes)
[    0.000000] Enabling fast FPU save and restore... done.
[    0.000000] Enabling unmasked SIMD FPU exception support... done.
[    0.000000] Initializing CPU#0
[    0.000000] Initializing HighMem for node 0 (000377fe:0003d6b0)
[    0.000000] Memory: 984800k/1006272k available (6914k kernel code, 20876k reserved, 2328k data, 448k init, 96968k highmem)
[    0.000000] virtual kernel memory layout:
[    0.000000]     fixmap  : 0xfffa3000 - 0xfffff000   ( 368 kB)
[    0.000000]     pkmap   : 0xff800000 - 0xffc00000   (4096 kB)
[    0.000000]     vmalloc : 0xf7ffe000 - 0xff7fe000   ( 120 MB)
[    0.000000]     lowmem  : 0xc0000000 - 0xf77fe000   ( 887 MB)
[    0.000000]       .init : 0xc1907000 - 0xc1977000   ( 448 kB)
[    0.000000]       .data : 0xc16c0b5f - 0xc1906c64   (2328 kB)
[    0.000000]       .text : 0xc1000000 - 0xc16c0b5f   (6914 kB)
[    0.000000] Checking if this processor honours the WP bit even in supervisor mode...Ok.
[    0.000000] SLUB: Genslabs=13, HWalign=64, Order=0-3, MinObjects=0, CPUs=1, Nodes=1
[    0.000000] Hierarchical RCU implementation.
[    0.000000] NR_IRQS:288
[    0.000000] Extended CMOS year: 2000
[    0.000000] Console: colour VGA+ 80x25
[    0.000000] console [tty0] enabled
[    0.000000] hpet clockevent registered
[    0.000000] Fast TSC calibration using PIT
[    0.000000] Detected 2095.046 MHz processor.
[    0.001001] Calibrating delay loop (skipped), value calculated using timer frequency.. 4190.09 BogoMIPS (lpj=2095046)
[    0.001172] Security Framework initialized
[    0.001252] Mount-cache hash table entries: 512
[    0.001399] CPU: L1 I cache: 32K, L1 D cache: 32K
[    0.001521] CPU: L2 cache: 3072K
[    0.001600] mce: CPU supports 6 MCE banks
[    0.001679] CPU0: Thermal monitoring enabled (TM2)
[    0.002005] using mwait in idle threads.
[    0.002090] CPU: Intel(R) Core(TM)2 Duo CPU     T8100  @ 2.10GHz stepping 06
[    0.002267] Checking 'hlt' instruction... OK.
[    0.006939] ACPI: Core revision 20090903
[    0.026019] CANARY value: ddca93ea for PID: 1
[    0.026048] Enabling APIC mode:  Flat.  Using 1 I/O APICs
[    0.026498] ..TIMER: vector=0x30 apic1=0 pin1=2 apic2=-1 pin2=-1
[    0.037997] xor: automatically using best checksumming function: pIII_sse
[    0.041998]    pIII_sse  :  8568.000 MB/sec
[    0.042084] xor: using function: pIII_sse (8568.000 MB/sec)
[    0.042175] RANDOM - __seed init called.
[    0.042176] RANDOM - __seed init called.
[    0.042177] RANDOM - __seed init called.
[    0.042179] RANDOM - __random32 called. Change num 1.  Value: f7943846	49e73df3	af36cd0d
[    0.042180] RANDOM - __random32 called. Change num 2.  Value: 43846e13	9e73df37	9a1ad014
[    0.042182] RANDOM - __random32 called. Change num 3.  Value: 46e139c8	e73df373	a029598a
[    0.042184] RANDOM - __random32 called. Change num 4.  Value: 139c8c3b	73df373d	b3142c72
[    0.042185] RANDOM - __random32 called. Change num 5.  Value: c8c3b043	3df373de	58e576a9
[    0.042187] RANDOM - __random32 called. Change num 6.  Value: 3b0437d9	df373de5	ed53f9d8
[    0.042189] RANDOM - random32 init called.  Value: 3b0437d9	df373de5	ed53f9d8
[    0.042206] NET: Registered protocol family 16
[    0.042459] ACPI FADT declares the system doesn't support PCIe ASPM, so disable it
[    0.042572] ACPI: bus type pci registered
[    0.042731] PCI: MCFG configuration 0: base f0000000 segment 0 buses 0 - 63
[    0.042820] PCI: MCFG area at f0000000 reserved in E820
[    0.042912] PCI: Using MMCONFIG for extended config space
[    0.043002] PCI: Using configuration type 1 for base access
[    0.046102] bio: create slab <bio-0> at 0
[    0.046910] ACPI: EC: EC description table is found, configuring boot EC
[    0.052041] ACPI: BIOS _OSI(Linux) query honored via DMI
[    0.052755] random 0000 0000 0000 00000000 00000000: rand_read_num 2 get_random_bytes(8): sig fffffe1a 00000000 00000000
[    0.052758] random 0000 0000 0000 00000000 00000000: extract_entropy(.. 8 ..)
[    0.052761] random 0000 0000 0000 00000000 00000000: going to reseed nonblocking with 64 bits (64 of 0 requested)
[    0.052763] random 0000 0000 0000 00000000 00000000: extract_entropy(.. 8 ..)
[    0.052765] random 0000 0000 0000 00000000 00000000: trying to extract 64 bits from input
[    0.052767] random 0000 0000 0000 00000000 00000000: debiting 0 entropy credits from input
[    0.052769] random 0000 0000 0000 00000000 00000000: extract_entropy account returned: 0 
[    0.052772] random 0000 0000 0000 00000000 00000000: urand_change_num 3 xfer_secondary_pool(8): pool_sig fffffe1a, data_sig 00000000, bytes_mixed 0 00000000 00000000
[    0.052775] random 0000 0000 0000 00000000 00000000: trying to extract 64 bits from nonblocking
[    0.052777] random 0000 0000 0000 00000000 00000000: debiting 64 entropy credits from nonblocking (unlimited)
[    0.052779] random 0000 0000 0000 00000000 00000000: extract_entropy account returned: 8 
[    0.052783] random 0000 0000 0000 00000000 00000000: urand_change_num 4 extract_buf: pool_sig fffffe1a, data_sig fffffed7, bytes_mixed 20 00000000 00000000
[    0.058612] ACPI: Interpreter enabled
[    0.058694] ACPI: (supports S0 S3 S4 S5)
[    0.058988] ACPI: Using IOAPIC for interrupt routing
[    0.068715] ACPI: EC: GPE = 0x12, I/O: command/status = 0x66, data = 0x62
[    0.068976] ACPI: Power Resource [PUBS] (on)
[    0.071127] ACPI: ACPI Dock Station Driver: 3 docks/bays found
[    0.071538] ACPI: PCI Root Bridge [PCI0] (0000:00)
[    0.071701] pci 0000:00:02.0: reg 10 64bit mmio: [0xf8100000-0xf81fffff]
[    0.071707] pci 0000:00:02.0: reg 18 64bit mmio pref: [0xe0000000-0xefffffff]
[    0.071711] pci 0000:00:02.0: reg 20 io port: [0x1800-0x1807]
[    0.071746] pci 0000:00:02.1: reg 10 64bit mmio: [0xf8200000-0xf82fffff]
[    0.071844] pci 0000:00:19.0: reg 10 32bit mmio: [0xfe000000-0xfe01ffff]
[    0.071853] pci 0000:00:19.0: reg 14 32bit mmio: [0xfe025000-0xfe025fff]
[    0.071863] pci 0000:00:19.0: reg 18 io port: [0x1840-0x185f]
[    0.071935] pci 0000:00:19.0: PME# supported from D0 D3hot D3cold
[    0.072001] pci 0000:00:19.0: PME# disabled
[    0.072141] pci 0000:00:1a.0: reg 20 io port: [0x1860-0x187f]
[    0.072228] pci 0000:00:1a.1: reg 20 io port: [0x1880-0x189f]
[    0.072320] pci 0000:00:1a.7: reg 10 32bit mmio: [0xfe226c00-0xfe226fff]
[    0.072407] pci 0000:00:1a.7: PME# supported from D0 D3hot D3cold
[    0.072494] pci 0000:00:1a.7: PME# disabled
[    0.072625] pci 0000:00:1b.0: reg 10 64bit mmio: [0xfe020000-0xfe023fff]
[    0.072708] pci 0000:00:1b.0: PME# supported from D0 D3hot D3cold
[    0.072797] pci 0000:00:1b.0: PME# disabled
[    0.073029] pci 0000:00:1c.0: PME# supported from D0 D3hot D3cold
[    0.073115] pci 0000:00:1c.0: PME# disabled
[    0.073316] pci 0000:00:1c.1: PME# supported from D0 D3hot D3cold
[    0.073406] pci 0000:00:1c.1: PME# disabled
[    0.073612] pci 0000:00:1c.2: PME# supported from D0 D3hot D3cold
[    0.073702] pci 0000:00:1c.2: PME# disabled
[    0.073901] pci 0000:00:1c.3: PME# supported from D0 D3hot D3cold
[    0.073989] pci 0000:00:1c.3: PME# disabled
[    0.074117] pci 0000:00:1c.4: PME# supported from D0 D3hot D3cold
[    0.074202] pci 0000:00:1c.4: PME# disabled
[    0.075058] pci 0000:00:1d.0: reg 20 io port: [0x18a0-0x18bf]
[    0.075145] pci 0000:00:1d.1: reg 20 io port: [0x18c0-0x18df]
[    0.075225] pci 0000:00:1d.2: reg 20 io port: [0x18e0-0x18ff]
[    0.075322] pci 0000:00:1d.7: reg 10 32bit mmio: [0xfe227000-0xfe2273ff]
[    0.075425] pci 0000:00:1d.7: PME# supported from D0 D3hot D3cold
[    0.075509] pci 0000:00:1d.7: PME# disabled
[    0.075789] pci 0000:00:1f.0: quirk: region 1000-107f claimed by ICH6 ACPI/GPIO/TCO
[    0.075910] pci 0000:00:1f.0: quirk: region 1180-11bf claimed by ICH6 GPIO
[    0.075998] pci 0000:00:1f.0: ICH7 LPC Generic IO decode 1 PIO at 1600 (mask 007f)
[    0.076114] pci 0000:00:1f.0: ICH7 LPC Generic IO decode 2 PIO at 15e0 (mask 000f)
[    0.076228] pci 0000:00:1f.0: ICH7 LPC Generic IO decode 3 PIO at 1680 (mask 001f)
[    0.076424] pci 0000:00:1f.1: reg 10 io port: [0x00-0x07]
[    0.076436] pci 0000:00:1f.1: reg 14 io port: [0x00-0x03]
[    0.076443] pci 0000:00:1f.1: reg 18 io port: [0x00-0x07]
[    0.076452] pci 0000:00:1f.1: reg 1c io port: [0x00-0x03]
[    0.076461] pci 0000:00:1f.1: reg 20 io port: [0x1c00-0x1c0f]
[    0.076546] pci 0000:00:1f.2: reg 10 io port: [0x1c50-0x1c57]
[    0.076555] pci 0000:00:1f.2: reg 14 io port: [0x1c44-0x1c47]
[    0.076564] pci 0000:00:1f.2: reg 18 io port: [0x1c48-0x1c4f]
[    0.076573] pci 0000:00:1f.2: reg 1c io port: [0x1c40-0x1c43]
[    0.076582] pci 0000:00:1f.2: reg 20 io port: [0x1c20-0x1c3f]
[    0.076591] pci 0000:00:1f.2: reg 24 32bit mmio: [0xfe226000-0xfe2267ff]
[    0.076649] pci 0000:00:1f.2: PME# supported from D3hot
[    0.076737] pci 0000:00:1f.2: PME# disabled
[    0.076848] pci 0000:00:1f.3: reg 10 32bit mmio: [0xfe227400-0xfe2274ff]
[    0.076872] pci 0000:00:1f.3: reg 20 io port: [0x1c60-0x1c7f]
[    0.076960] pci 0000:00:1c.0: bridge io port: [0x2000-0x2fff]
[    0.076967] pci 0000:00:1c.0: bridge 32bit mmio: [0xfc000000-0xfdffffff]
[    0.076998] pci 0000:00:1c.0: bridge 64bit mmio pref: [0xf8000000-0xf80fffff]
[    0.077070] pci 0000:03:00.0: reg 10 64bit mmio: [0xdf3f0000-0xdf3fffff]
[    0.077264] pci 0000:00:1c.1: bridge io port: [0x3000-0x3fff]
[    0.077270] pci 0000:00:1c.1: bridge 32bit mmio: [0xdc000000-0xdf3fffff]
[    0.077280] pci 0000:00:1c.1: bridge 64bit mmio pref: [0xdfe00000-0xdfefffff]
[    0.077336] pci 0000:00:1c.2: bridge io port: [0x4000-0x4fff]
[    0.077342] pci 0000:00:1c.2: bridge 32bit mmio: [0xd8000000-0xd9ffffff]
[    0.077349] pci 0000:00:1c.2: bridge 64bit mmio pref: [0xdfb00000-0xdfbfffff]
[    0.077405] pci 0000:00:1c.3: bridge io port: [0x5000-0x5fff]
[    0.077411] pci 0000:00:1c.3: bridge 32bit mmio: [0xd4000000-0xd5ffffff]
[    0.077418] pci 0000:00:1c.3: bridge 64bit mmio pref: [0xdf800000-0xdf8fffff]
[    0.077475] pci 0000:00:1c.4: bridge io port: [0x6000-0x6fff]
[    0.077479] pci 0000:00:1c.4: bridge 32bit mmio: [0xd0000000-0xd1ffffff]
[    0.077488] pci 0000:00:1c.4: bridge 64bit mmio pref: [0xdf500000-0xdf5fffff]
[    0.077548] pci 0000:15:00.0: reg 10 32bit mmio: [0xf8300000-0xf8300fff]
[    0.077597] pci 0000:15:00.0: supports D1 D2
[    0.077598] pci 0000:15:00.0: PME# supported from D0 D1 D2 D3hot D3cold
[    0.077695] pci 0000:15:00.0: PME# disabled
[    0.077831] pci 0000:15:00.1: reg 10 32bit mmio: [0xf8301000-0xf83017ff]
[    0.077930] pci 0000:15:00.1: supports D1 D2
[    0.077931] pci 0000:15:00.1: PME# supported from D0 D1 D2 D3hot D3cold
[    0.078000] pci 0000:15:00.1: PME# disabled
[    0.078165] pci 0000:00:1e.0: transparent bridge
[    0.078251] pci 0000:00:1e.0: bridge io port: [0x7000-0xafff]
[    0.078257] pci 0000:00:1e.0: bridge 32bit mmio: [0xf8300000-0xfbffffff]
[    0.078266] pci 0000:00:1e.0: bridge 64bit mmio pref: [0xf4000000-0xf7ffffff]
[    0.078338] pci_bus 0000:00: on NUMA node 0
[    0.078343] ACPI: PCI Interrupt Routing Table [\_SB_.PCI0._PRT]
[    0.078475] ACPI: PCI Interrupt Routing Table [\_SB_.PCI0.EXP0._PRT]
[    0.078534] ACPI: PCI Interrupt Routing Table [\_SB_.PCI0.EXP1._PRT]
[    0.078592] ACPI: PCI Interrupt Routing Table [\_SB_.PCI0.EXP2._PRT]
[    0.078649] ACPI: PCI Interrupt Routing Table [\_SB_.PCI0.EXP3._PRT]
[    0.078712] ACPI: PCI Interrupt Routing Table [\_SB_.PCI0.EXP4._PRT]
[    0.078774] ACPI: PCI Interrupt Routing Table [\_SB_.PCI0.PCI1._PRT]
[    0.084262] ACPI: PCI Interrupt Link [LNKA] (IRQs 3 4 5 6 7 9 *10 11)
[    0.085006] ACPI: PCI Interrupt Link [LNKB] (IRQs 3 4 5 6 7 9 10 *11)
[    0.085738] ACPI: PCI Interrupt Link [LNKC] (IRQs 3 4 5 6 7 9 10 *11)
[    0.086455] ACPI: PCI Interrupt Link [LNKD] (IRQs 3 4 5 6 7 9 10 *11)
[    0.087158] ACPI: PCI Interrupt Link [LNKE] (IRQs 3 4 5 6 7 9 10 *11)
[    0.087879] ACPI: PCI Interrupt Link [LNKF] (IRQs 3 4 5 6 7 9 10 *11)
[    0.088660] ACPI: PCI Interrupt Link [LNKG] (IRQs 3 4 5 6 7 9 10 *11)
[    0.089382] ACPI: PCI Interrupt Link [LNKH] (IRQs 3 4 5 6 7 9 10 *11)
[    0.090117] vgaarb: device added: PCI:0000:00:02.0,decodes=io+mem,owns=io+mem,locks=none
[    0.090240] vgaarb: loaded
[    0.090420] SCSI subsystem initialized
[    0.090513] libata version 3.00 loaded.
[    0.090559] usbcore: registered new interface driver usbfs
[    0.090677] usbcore: registered new interface driver hub
[    0.090780] usbcore: registered new device driver usb
[    0.107034] raid6: int32x1    941 MB/s
[    0.124059] raid6: int32x2    890 MB/s
[    0.141068] raid6: int32x4    750 MB/s
[    0.158077] raid6: int32x8    660 MB/s
[    0.175003] raid6: mmxx1     2882 MB/s
[    0.191983] raid6: mmxx2     3269 MB/s
[    0.208989] raid6: sse1x1    1937 MB/s
[    0.225998] raid6: sse1x2    2535 MB/s
[    0.242978] raid6: sse2x1    3511 MB/s
[    0.259974] raid6: sse2x2    3828 MB/s
[    0.260060] raid6: using algorithm sse2x2 (3828 MB/s)
[    0.260144] PCI: Using ACPI for IRQ routing
[    0.260430] HPET: 3 timers in total, 0 timers will be used for per-cpu timer
[    0.260997] Switching to clocksource tsc
[    0.261096] pnp: PnP ACPI init
[    0.261188] ACPI: bus type pnp registered
[    0.264807] pnp: PnP ACPI: found 11 devices
[    0.264902] ACPI: ACPI bus type pnp unregistered
[    0.264986] system 00:00: iomem range 0x0-0x9ffff could not be reserved
[    0.265072] system 00:00: iomem range 0xc0000-0xc3fff could not be reserved
[    0.265155] system 00:00: iomem range 0xc4000-0xc7fff could not be reserved
[    0.265244] system 00:00: iomem range 0xc8000-0xcbfff has been reserved
[    0.265339] system 00:00: iomem range 0xcc000-0xcffff has been reserved
[    0.265438] system 00:00: iomem range 0xd0000-0xd3fff could not be reserved
[    0.265532] system 00:00: iomem range 0xe0000-0xe3fff could not be reserved
[    0.265615] system 00:00: iomem range 0xe4000-0xe7fff could not be reserved
[    0.265705] system 00:00: iomem range 0xe8000-0xebfff could not be reserved
[    0.265790] system 00:00: iomem range 0xec000-0xeffff could not be reserved
[    0.265875] system 00:00: iomem range 0xf0000-0xfffff could not be reserved
[    0.265956] system 00:00: iomem range 0x100000-0x3dffffff could not be reserved
[    0.266068] system 00:00: iomem range 0xfec00000-0xfed3ffff could not be reserved
[    0.266186] system 00:00: iomem range 0xfed4c000-0xffffffff could not be reserved
[    0.266312] system 00:02: ioport range 0x164e-0x164f has been reserved
[    0.266394] system 00:02: ioport range 0x1000-0x107f has been reserved
[    0.266478] system 00:02: ioport range 0x1180-0x11bf has been reserved
[    0.266560] system 00:02: ioport range 0x800-0x80f has been reserved
[    0.266643] system 00:02: ioport range 0x15e0-0x15ef has been reserved
[    0.266724] system 00:02: ioport range 0x1600-0x165f could not be reserved
[    0.266807] system 00:02: iomem range 0xf0000000-0xf3ffffff has been reserved
[    0.266900] system 00:02: iomem range 0xfed1c000-0xfed1ffff has been reserved
[    0.266982] system 00:02: iomem range 0xfed14000-0xfed17fff has been reserved
[    0.267076] system 00:02: iomem range 0xfed18000-0xfed18fff has been reserved
[    0.267172] system 00:02: iomem range 0xfed19000-0xfed19fff has been reserved
[    0.267255] system 00:02: iomem range 0xfed45000-0xfed4bfff has been reserved
[    0.302289] pci 0000:00:1c.0: PCI bridge, secondary bus 0000:02
[    0.302378] pci 0000:00:1c.0:   IO window: 0x2000-0x2fff
[    0.302469] pci 0000:00:1c.0:   MEM window: 0xfc000000-0xfdffffff
[    0.302557] pci 0000:00:1c.0:   PREFETCH window: 0x000000f8000000-0x000000f80fffff
[    0.302680] pci 0000:00:1c.1: PCI bridge, secondary bus 0000:03
[    0.302765] pci 0000:00:1c.1:   IO window: 0x3000-0x3fff
[    0.302856] pci 0000:00:1c.1:   MEM window: 0xdc000000-0xdf3fffff
[    0.302943] pci 0000:00:1c.1:   PREFETCH window: 0x000000dfe00000-0x000000dfefffff
[    0.303076] pci 0000:00:1c.2: PCI bridge, secondary bus 0000:04
[    0.303161] pci 0000:00:1c.2:   IO window: 0x4000-0x4fff
[    0.303247] pci 0000:00:1c.2:   MEM window: 0xd8000000-0xd9ffffff
[    0.303335] pci 0000:00:1c.2:   PREFETCH window: 0x000000dfb00000-0x000000dfbfffff
[    0.303459] pci 0000:00:1c.3: PCI bridge, secondary bus 0000:05
[    0.303555] pci 0000:00:1c.3:   IO window: 0x5000-0x5fff
[    0.303645] pci 0000:00:1c.3:   MEM window: 0xd4000000-0xd5ffffff
[    0.303744] pci 0000:00:1c.3:   PREFETCH window: 0x000000df800000-0x000000df8fffff
[    0.303864] pci 0000:00:1c.4: PCI bridge, secondary bus 0000:0d
[    0.303946] pci 0000:00:1c.4:   IO window: 0x6000-0x6fff
[    0.304035] pci 0000:00:1c.4:   MEM window: 0xd0000000-0xd1ffffff
[    0.304118] pci 0000:00:1c.4:   PREFETCH window: 0x000000df500000-0x000000df5fffff
[    0.304251] pci 0000:15:00.0: CardBus bridge, secondary bus 0000:16
[    0.304336] pci 0000:15:00.0:   IO window: 0x007000-0x0070ff
[    0.304420] pci 0000:15:00.0:   IO window: 0x007400-0x0074ff
[    0.304511] pci 0000:15:00.0:   PREFETCH window: 0xf4000000-0xf7ffffff
[    0.304609] pci 0000:15:00.0:   MEM window: 0x40000000-0x43ffffff
[    0.304701] pci 0000:00:1e.0: PCI bridge, secondary bus 0000:15
[    0.304797] pci 0000:00:1e.0:   IO window: 0x7000-0xafff
[    0.304886] pci 0000:00:1e.0:   MEM window: 0xf8300000-0xfbffffff
[    0.304969] pci 0000:00:1e.0:   PREFETCH window: 0x000000f4000000-0x000000f7ffffff
[    0.305103] pci 0000:00:1c.0: PCI INT A -> GSI 20 (level, low) -> IRQ 20
[    0.305195] pci 0000:00:1c.0: setting latency timer to 64
[    0.305209] pci 0000:00:1c.1: PCI INT B -> GSI 21 (level, low) -> IRQ 21
[    0.305297] pci 0000:00:1c.1: setting latency timer to 64
[    0.305310] pci 0000:00:1c.2: PCI INT C -> GSI 22 (level, low) -> IRQ 22
[    0.305394] pci 0000:00:1c.2: setting latency timer to 64
[    0.305408] pci 0000:00:1c.3: PCI INT D -> GSI 23 (level, low) -> IRQ 23
[    0.305492] pci 0000:00:1c.3: setting latency timer to 64
[    0.305505] pci 0000:00:1c.4: PCI INT A -> GSI 20 (level, low) -> IRQ 20
[    0.305589] pci 0000:00:1c.4: setting latency timer to 64
[    0.305598] pci 0000:00:1e.0: enabling device (0005 -> 0007)
[    0.305691] pci 0000:00:1e.0: setting latency timer to 64
[    0.305707] pci 0000:15:00.0: PCI INT A -> GSI 16 (level, low) -> IRQ 16
[    0.305803] pci 0000:15:00.0: setting latency timer to 64
[    0.305809] pci_bus 0000:00: resource 0 io:  [0x00-0xffff]
[    0.305811] pci_bus 0000:00: resource 1 mem: [0x000000-0xffffffff]
[    0.305813] pci_bus 0000:02: resource 0 io:  [0x2000-0x2fff]
[    0.305815] pci_bus 0000:02: resource 1 mem: [0xfc000000-0xfdffffff]
[    0.305817] pci_bus 0000:02: resource 2 pref mem [0xf8000000-0xf80fffff]
[    0.305818] pci_bus 0000:03: resource 0 io:  [0x3000-0x3fff]
[    0.305820] pci_bus 0000:03: resource 1 mem: [0xdc000000-0xdf3fffff]
[    0.305822] pci_bus 0000:03: resource 2 pref mem [0xdfe00000-0xdfefffff]
[    0.305824] pci_bus 0000:04: resource 0 io:  [0x4000-0x4fff]
[    0.305825] pci_bus 0000:04: resource 1 mem: [0xd8000000-0xd9ffffff]
[    0.305827] pci_bus 0000:04: resource 2 pref mem [0xdfb00000-0xdfbfffff]
[    0.305829] pci_bus 0000:05: resource 0 io:  [0x5000-0x5fff]
[    0.305831] pci_bus 0000:05: resource 1 mem: [0xd4000000-0xd5ffffff]
[    0.305833] pci_bus 0000:05: resource 2 pref mem [0xdf800000-0xdf8fffff]
[    0.305834] pci_bus 0000:0d: resource 0 io:  [0x6000-0x6fff]
[    0.305836] pci_bus 0000:0d: resource 1 mem: [0xd0000000-0xd1ffffff]
[    0.305838] pci_bus 0000:0d: resource 2 pref mem [0xdf500000-0xdf5fffff]
[    0.305840] pci_bus 0000:15: resource 0 io:  [0x7000-0xafff]
[    0.305841] pci_bus 0000:15: resource 1 mem: [0xf8300000-0xfbffffff]
[    0.305846] pci_bus 0000:15: resource 2 pref mem [0xf4000000-0xf7ffffff]
[    0.305848] pci_bus 0000:15: resource 3 io:  [0x00-0xffff]
[    0.305849] pci_bus 0000:15: resource 4 mem: [0x000000-0xffffffff]
[    0.305851] pci_bus 0000:16: resource 0 io:  [0x7000-0x70ff]
[    0.305853] pci_bus 0000:16: resource 1 io:  [0x7400-0x74ff]
[    0.305855] pci_bus 0000:16: resource 2 pref mem [0xf4000000-0xf7ffffff]
[    0.305856] pci_bus 0000:16: resource 3 mem: [0x40000000-0x43ffffff]
[    0.305864] NET: Registered protocol family 2
[    0.305946] RANDOM - __random32 called. Change num 7.  Value: 437d97bf	f373de51	f3b0f986
[    0.305947] RANDOM - random32 called.  Value: 437d97bf	f373de51	f3b0f986
[    0.305952] random 0000 0000 0000 5f8db4e5 4cfdf2a8: rand_read_num 3 get_random_bytes(4): sig fffffb64 5f8db4e5 4cfdf2a8
[    0.305954] random 0000 0000 0000 5f8db4e5 4cfdf2a8: extract_entropy(.. 4 ..)
[    0.305957] random 0000 0000 0000 5f8db4e5 4cfdf2a8: going to reseed nonblocking with 64 bits (32 of 0 requested)
[    0.305959] random 0000 0000 0000 5f8db4e5 4cfdf2a8: extract_entropy(.. 8 ..)
[    0.305961] random 0000 0000 0000 5f8db4e5 4cfdf2a8: trying to extract 64 bits from input
[    0.305963] random 0000 0000 0000 5f8db4e5 4cfdf2a8: debiting 0 entropy credits from input
[    0.305965] random 0000 0000 0000 5f8db4e5 4cfdf2a8: extract_entropy account returned: 0 
[    0.305968] random 0000 0000 0000 5f8db4e5 4cfdf2a8: urand_change_num 5 xfer_secondary_pool(4): pool_sig fffffb64, data_sig 00000000, bytes_mixed 0 5f8db4e5 4cfdf2a8
[    0.305971] random 0000 0000 0000 5f8db4e5 4cfdf2a8: trying to extract 32 bits from nonblocking
[    0.305973] random 0000 0000 0000 5f8db4e5 4cfdf2a8: debiting 32 entropy credits from nonblocking (unlimited)
[    0.305975] random 0000 0000 0000 5f8db4e5 4cfdf2a8: extract_entropy account returned: 4 
[    0.305979] random 0000 0000 0000 5f8db4e5 4cfdf2a8: urand_change_num 6 extract_buf: pool_sig fffffb64, data_sig 00000241, bytes_mixed 20 5f8db4e5 4cfdf2a8
[    0.305989] IP route cache hash table entries: 32768 (order: 5, 131072 bytes)
[    0.306113] RANDOM - __random32 called. Change num 8.  Value: d97bfe31	373de51f	f30dc6e6
[    0.306115] RANDOM - random32 called.  Value: d97bfe31	373de51f	f30dc6e6
[    0.306126] RANDOM - __random32 called. Change num 9.  Value: bfe314d7	73de51f5	8dcd6c7e
[    0.306128] RANDOM - random32 called.  Value: bfe314d7	73de51f5	8dcd6c7e
[    0.306129] RANDOM - __random32 called. Change num 10.  Value: 314d7baf	3de51f5e	d8fc74c1
[    0.306131] RANDOM - random32 called.  Value: 314d7baf	3de51f5e	d8fc74c1
[    0.306141] RANDOM - __random32 called. Change num 11.  Value: d7baf3c7	de51f5e5	e983e3fa
[    0.306143] RANDOM - random32 called.  Value: d7baf3c7	de51f5e5	e983e3fa
[    0.306153] TCP established hash table entries: 131072 (order: 8, 1048576 bytes)
[    0.306635] TCP bind hash table entries: 65536 (order: 6, 262144 bytes)
[    0.306819] TCP: Hash tables configured (established 131072 bind 65536)
[    0.306907] TCP reno registered
[    0.307019] NET: Registered protocol family 1
[    0.307123] RPC: Registered udp transport module.
[    0.307202] RPC: Registered tcp transport module.
[    0.307285] RPC: Registered tcp NFSv4.1 backchannel transport module.
[    0.307374] pci 0000:00:02.0: Boot video device
[    0.307585] Simple Boot Flag at 0x35 set to 0x1
[    0.308145] highmem bounce pool size: 64 pages
[    0.309634] VFS: Disk quotas dquot_6.5.2
[    0.309749] Dquot-cache hash table entries: 1024 (order 0, 4096 bytes)
[    0.310493] NTFS driver 2.1.29 [Flags: R/W].
[    0.310645] ROMFS MTD (C) 2007 Red Hat, Inc.
[    0.310858] JFS: nTxBlock = 7695, nTxLock = 61562
[    0.313317] SGI XFS with ACLs, security attributes, large block/inode numbers, no debug enabled
[    0.313786] SGI XFS Quota Management subsystem
[    0.314085] Slow work thread pool: Starting up
[    0.314179] Slow work thread pool: Ready
[    0.314268] GFS2 (built May 24 2013 02:47:17) installed
[    0.314366] msgmni has been set to 1734
[    0.314530] alg: No test for cipher_null (cipher_null-generic)
[    0.314624] alg: No test for ecb(cipher_null) (ecb-cipher_null)
[    0.314715] alg: No test for digest_null (digest_null-generic)
[    0.314809] alg: No test for compress_null (compress_null-generic)
[    0.315359] alg: No test for fcrypt (fcrypt-generic)
[    0.316778] alg: No test for stdrng (krng)
[    0.316888] async_tx: api initialized (async)
[    0.317032] Block layer SCSI generic (bsg) driver version 0.4 loaded (major 254)
[    0.317156] io scheduler noop registered
[    0.317233] io scheduler anticipatory registered
[    0.317326] io scheduler deadline registered
[    0.317450] io scheduler cfq registered (default)
[    0.317702] pcieport 0000:00:1c.0: irq 24 for MSI/MSI-X
[    0.317717] pcieport 0000:00:1c.0: setting latency timer to 64
[    0.317925] pcieport 0000:00:1c.1: irq 25 for MSI/MSI-X
[    0.317937] pcieport 0000:00:1c.1: setting latency timer to 64
[    0.318115] pcieport 0000:00:1c.2: irq 26 for MSI/MSI-X
[    0.318126] pcieport 0000:00:1c.2: setting latency timer to 64
[    0.318300] pcieport 0000:00:1c.3: irq 27 for MSI/MSI-X
[    0.318312] pcieport 0000:00:1c.3: setting latency timer to 64
[    0.318490] pcieport 0000:00:1c.4: irq 28 for MSI/MSI-X
[    0.318500] pcieport 0000:00:1c.4: setting latency timer to 64
[    0.318643] pci_hotplug: PCI Hot Plug PCI Core version: 0.5
[    0.318836] isapnp: Scanning for PnP cards...
[    0.679380] isapnp: No Plug & Play device found
[    0.679459] random 0000 0000 0000 5f8db4e5 4cfdf2a8: initializing
[    0.698934] Serial: 8250/16550 driver, 4 ports, IRQ sharing enabled
[    3.709165] floppy0: no floppy controllers found
[    3.710106] brd: module loaded
[    3.710602] loop: module loaded
[    3.710688] Compaq SMART2 Driver (v 2.6.0)
[    3.710813] HP CISS Driver (v 3.6.20)
[    3.711068] input: Macintosh mouse button emulation as /devices/virtual/input/input0
[    3.711209] Uniform Multi-Platform E-IDE driver
[    3.711424] piix 0000:00:1f.1: IDE controller (0x8086:0x2850 rev 0x03)
[    3.711525] pci 0000:00:1f.1: PCI INT C -> GSI 16 (level, low) -> IRQ 16
[    3.711623] piix 0000:00:1f.1: IDE port disabled
[    3.711710] piix 0000:00:1f.1: not 100% native mode: will probe irqs later
[    3.711797]     ide0: BM-DMA at 0x1c00-0x1c07
[    3.711885] Probing IDE interface ide0...
[    4.383247] hda: HL-DT-ST DVDRAM GSA-U10N, ATAPI CD/DVD-ROM drive
[    4.689996] hda: host max PIO4 wanted PIO255(auto-tune) selected PIO4
[    4.690767] hda: UDMA/33 mode selected
[    4.691224] ide0 at 0x1f0-0x1f7,0x3f6 on irq 14
[    4.695090] ide-gd driver 1.18
[    4.695185] ide-cd driver 5.00
[    4.696574] ide-cd: hda: ATAPI 24X DVD-ROM DVD-R/RAM CD-R/RW drive, 2048kB Cache
[    4.696985] Uniform CD-ROM driver Revision: 3.20
[    4.704143] Loading iSCSI transport class v2.0-870.
[    4.704430] rdac: device handler registered
[    4.704510] hp_sw: device handler registered
[    4.704591] emc: device handler registered
[    4.704670] alua: device handler registered
[    4.705648] Adaptec aacraid driver 1.1-5[2461]-ms
[    4.706062] scsi: <fdomain> Detection failed (no card)
[    4.706148] sym53c416.c: Version 1.0.0-ac
[    4.706248] qlogicfas: no cards were found, please specify I/O address and IRQ using iobase= and irq= options
[    4.706379] QLogic Fibre Channel HBA Driver: 8.03.01-k6
[    4.706592] iscsi: registered transport (qla4xxx)
[    4.706694] QLogic iSCSI HBA Driver
[    4.706780] Emulex LightPulse Fibre Channel SCSI driver 8.3.4
[    4.706870] Copyright(c) 2004-2009 Emulex.  All rights reserved.
[    4.728977] Failed initialization of WD-7000 SCSI card!
[    4.818483] DC390: clustering now enabled by default. If you get problems load
[    4.818596]        with "disable_clustering=1" and report to maintainers
[    4.818720] megaraid cmm: 2.20.2.7 (Release Date: Sun Jul 16 00:01:03 EST 2006)
[    4.818867] megaraid: 2.20.5.1 (Release Date: Thu Nov 16 15:32:35 EST 2006)
[    4.818986] megasas: 00.00.04.01 Thu July 24 11:41:51 PST 2008
[    4.819114] GDT-HA: Storage RAID Controller Driver. Version: 3.05
[    4.819257] 3ware Storage Controller device driver for Linux v1.26.02.002.
[    4.819357] 3ware 9000 Storage Controller device driver for Linux v2.26.02.012.
[    4.819505] nsp32: loading...
[    4.819606] ipr: IBM Power RAID SCSI Device Driver version: 2.4.3 (June 10, 2009)
[    4.819746] RocketRAID 3xxx/4xxx Controller driver v1.6 (090910)
[    4.819852] stex: Promise SuperTrak EX Driver version: 4.6.0000.3
[    4.819986] st: Version 20081215, fixed bufsize 32768, s/g segs 256
[    4.820175] ahci 0000:00:1f.2: version 3.0
[    4.820194] ahci 0000:00:1f.2: PCI INT B -> GSI 16 (level, low) -> IRQ 16
[    4.820320] ahci 0000:00:1f.2: irq 29 for MSI/MSI-X
[    4.820375] ahci 0000:00:1f.2: AHCI 0001.0100 32 slots 3 ports 1.5 Gbps 0x5 impl SATA mode
[    4.820495] ahci 0000:00:1f.2: flags: 64bit ncq sntf pm led clo pio slum part ccc 
[    4.820611] ahci 0000:00:1f.2: setting latency timer to 64
[    4.820756] scsi2 : ahci
[    4.820915] scsi3 : ahci
[    4.821061] scsi4 : ahci
[    4.821218] ata1: SATA max UDMA/133 abar m2048@0xfe226000 port 0xfe226100 irq 29
[    4.821332] ata2: DUMMY
[    4.821415] ata3: SATA max UDMA/133 abar m2048@0xfe226000 port 0xfe226200 irq 29
[    4.822028] I2O subsystem v1.325
[    4.822109] i2o: max drivers = 8
[    4.822252] I2O Configuration OSM v1.323
[    4.822360] I2O Bus Adapter OSM v1.317
[    4.822458] I2O Block Device OSM v1.325
[    4.822600] I2O SCSI Peripheral OSM v1.316
[    4.822697] I2O ProcFS OSM v1.316
[    4.822794] Fusion MPT base driver 3.04.12
[    4.822874] Copyright (c) 1999-2008 LSI Corporation
[    4.822972] Fusion MPT SPI Host driver 3.04.12
[    4.823109] Fusion MPT FC Host driver 3.04.12
[    4.823224] Fusion MPT SAS Host driver 3.04.12
[    4.823365] ohci1394 0000:15:00.1: PCI INT B -> GSI 17 (level, low) -> IRQ 17
[    4.823451] ohci1394 0000:15:00.1: setting latency timer to 64
[    4.876966] ohci1394: fw-host0: OHCI-1394 1.1 (PCI): IRQ=[17]  MMIO=[f8301000-f83017ff]  Max Packet=[2048]  IR/IT contexts=[4/4]
[    4.881241] ehci_hcd: USB 2.0 'Enhanced' Host Controller (EHCI) Driver
[    4.881506] ehci_hcd 0000:00:1a.7: power state changed by ACPI to D0
[    4.881743] ehci_hcd 0000:00:1a.7: power state changed by ACPI to D0
[    4.881843] ehci_hcd 0000:00:1a.7: PCI INT C -> GSI 22 (level, low) -> IRQ 22
[    4.881938] ehci_hcd 0000:00:1a.7: setting latency timer to 64
[    4.881943] ehci_hcd 0000:00:1a.7: EHCI Host Controller
[    4.882072] ehci_hcd 0000:00:1a.7: new USB bus registered, assigned bus number 1
[    4.886126] ehci_hcd 0000:00:1a.7: cache line size of 32 is not supported
[    4.886135] ehci_hcd 0000:00:1a.7: irq 22, io mem 0xfe226c00
[    4.895925] ehci_hcd 0000:00:1a.7: USB 2.0 started, EHCI 1.00
[    4.896030] usb usb1: New USB device found, idVendor=1d6b, idProduct=0002
[    4.896113] usb usb1: New USB device strings: Mfr=3, Product=2, SerialNumber=1
[    4.896225] usb usb1: Product: EHCI Host Controller
[    4.896310] usb usb1: Manufacturer: Linux 2.6.32.57 ehci_hcd
[    4.896390] usb usb1: SerialNumber: 0000:00:1a.7
[    4.896525] usb usb1: configuration #1 chosen from 1 choice
[    4.896643] hub 1-0:1.0: USB hub found
[    4.896730] hub 1-0:1.0: 4 ports detected
[    4.897037] ehci_hcd 0000:00:1d.7: power state changed by ACPI to D0
[    4.897289] ehci_hcd 0000:00:1d.7: power state changed by ACPI to D0
[    4.897378] ehci_hcd 0000:00:1d.7: PCI INT D -> GSI 19 (level, low) -> IRQ 19
[    4.897475] ehci_hcd 0000:00:1d.7: setting latency timer to 64
[    4.897479] ehci_hcd 0000:00:1d.7: EHCI Host Controller
[    4.897598] ehci_hcd 0000:00:1d.7: new USB bus registered, assigned bus number 2
[    4.897742] ehci_hcd 0000:00:1d.7: debug port 1
[    4.901712] ehci_hcd 0000:00:1d.7: cache line size of 32 is not supported
[    4.901721] ehci_hcd 0000:00:1d.7: irq 19, io mem 0xfe227000
[    4.911922] ehci_hcd 0000:00:1d.7: USB 2.0 started, EHCI 1.00
[    4.912023] usb usb2: New USB device found, idVendor=1d6b, idProduct=0002
[    4.912114] usb usb2: New USB device strings: Mfr=3, Product=2, SerialNumber=1
[    4.912228] usb usb2: Product: EHCI Host Controller
[    4.912314] usb usb2: Manufacturer: Linux 2.6.32.57 ehci_hcd
[    4.912397] usb usb2: SerialNumber: 0000:00:1d.7
[    4.912530] usb usb2: configuration #1 chosen from 1 choice
[    4.912643] hub 2-0:1.0: USB hub found
[    4.912724] hub 2-0:1.0: 6 ports detected
[    4.912908] 116x: driver isp116x-hcd, 03 Nov 2005
[    4.913009] ohci_hcd: USB 1.1 'Open' Host Controller (OHCI) Driver
[    4.913114] uhci_hcd: USB Universal Host Controller Interface driver
[    4.913213] uhci_hcd 0000:00:1a.0: PCI INT A -> GSI 20 (level, low) -> IRQ 20
[    4.913312] uhci_hcd 0000:00:1a.0: setting latency timer to 64
[    4.913317] uhci_hcd 0000:00:1a.0: UHCI Host Controller
[    4.913439] uhci_hcd 0000:00:1a.0: new USB bus registered, assigned bus number 3
[    4.913580] uhci_hcd 0000:00:1a.0: irq 20, io base 0x00001860
[    4.913696] usb usb3: New USB device found, idVendor=1d6b, idProduct=0001
[    4.913778] usb usb3: New USB device strings: Mfr=3, Product=2, SerialNumber=1
[    4.913895] usb usb3: Product: UHCI Host Controller
[    4.913990] usb usb3: Manufacturer: Linux 2.6.32.57 uhci_hcd
[    4.914077] usb usb3: SerialNumber: 0000:00:1a.0
[    4.914211] usb usb3: configuration #1 chosen from 1 choice
[    4.914321] hub 3-0:1.0: USB hub found
[    4.914406] hub 3-0:1.0: 2 ports detected
[    4.914689] uhci_hcd 0000:00:1a.1: power state changed by ACPI to D0
[    4.914932] uhci_hcd 0000:00:1a.1: power state changed by ACPI to D0
[    4.915022] uhci_hcd 0000:00:1a.1: PCI INT B -> GSI 21 (level, low) -> IRQ 21
[    4.915108] uhci_hcd 0000:00:1a.1: setting latency timer to 64
[    4.915111] uhci_hcd 0000:00:1a.1: UHCI Host Controller
[    4.915246] uhci_hcd 0000:00:1a.1: new USB bus registered, assigned bus number 4
[    4.915389] uhci_hcd 0000:00:1a.1: irq 21, io base 0x00001880
[    4.915494] usb usb4: New USB device found, idVendor=1d6b, idProduct=0001
[    4.915584] usb usb4: New USB device strings: Mfr=3, Product=2, SerialNumber=1
[    4.915699] usb usb4: Product: UHCI Host Controller
[    4.915780] usb usb4: Manufacturer: Linux 2.6.32.57 uhci_hcd
[    4.915872] usb usb4: SerialNumber: 0000:00:1a.1
[    4.916011] usb usb4: configuration #1 chosen from 1 choice
[    4.916126] hub 4-0:1.0: USB hub found
[    4.916208] hub 4-0:1.0: 2 ports detected
[    4.916500] uhci_hcd 0000:00:1d.0: power state changed by ACPI to D0
[    4.916752] uhci_hcd 0000:00:1d.0: power state changed by ACPI to D0
[    4.916839] uhci_hcd 0000:00:1d.0: PCI INT A -> GSI 16 (level, low) -> IRQ 16
[    4.916941] uhci_hcd 0000:00:1d.0: setting latency timer to 64
[    4.916945] uhci_hcd 0000:00:1d.0: UHCI Host Controller
[    4.917069] uhci_hcd 0000:00:1d.0: new USB bus registered, assigned bus number 5
[    4.917209] uhci_hcd 0000:00:1d.0: irq 16, io base 0x000018a0
[    4.917319] usb usb5: New USB device found, idVendor=1d6b, idProduct=0001
[    4.917407] usb usb5: New USB device strings: Mfr=3, Product=2, SerialNumber=1
[    4.917518] usb usb5: Product: UHCI Host Controller
[    4.917597] usb usb5: Manufacturer: Linux 2.6.32.57 uhci_hcd
[    4.917681] usb usb5: SerialNumber: 0000:00:1d.0
[    4.917811] usb usb5: configuration #1 chosen from 1 choice
[    4.917939] hub 5-0:1.0: USB hub found
[    4.918021] hub 5-0:1.0: 2 ports detected
[    4.918160] uhci_hcd 0000:00:1d.1: PCI INT B -> GSI 17 (level, low) -> IRQ 17
[    4.918255] uhci_hcd 0000:00:1d.1: setting latency timer to 64
[    4.918260] uhci_hcd 0000:00:1d.1: UHCI Host Controller
[    4.918385] uhci_hcd 0000:00:1d.1: new USB bus registered, assigned bus number 6
[    4.918524] uhci_hcd 0000:00:1d.1: irq 17, io base 0x000018c0
[    4.918639] usb usb6: New USB device found, idVendor=1d6b, idProduct=0001
[    4.918722] usb usb6: New USB device strings: Mfr=3, Product=2, SerialNumber=1
[    4.918840] usb usb6: Product: UHCI Host Controller
[    4.918930] usb usb6: Manufacturer: Linux 2.6.32.57 uhci_hcd
[    4.919014] usb usb6: SerialNumber: 0000:00:1d.1
[    4.919142] usb usb6: configuration #1 chosen from 1 choice
[    4.919251] hub 6-0:1.0: USB hub found
[    4.919332] hub 6-0:1.0: 2 ports detected
[    4.919651] uhci_hcd 0000:00:1d.2: power state changed by ACPI to D0
[    4.919904] uhci_hcd 0000:00:1d.2: power state changed by ACPI to D0
[    4.920008] uhci_hcd 0000:00:1d.2: PCI INT C -> GSI 18 (level, low) -> IRQ 18
[    4.920102] uhci_hcd 0000:00:1d.2: setting latency timer to 64
[    4.920105] uhci_hcd 0000:00:1d.2: UHCI Host Controller
[    4.920225] uhci_hcd 0000:00:1d.2: new USB bus registered, assigned bus number 7
[    4.920370] uhci_hcd 0000:00:1d.2: irq 18, io base 0x000018e0
[    4.920477] usb usb7: New USB device found, idVendor=1d6b, idProduct=0001
[    4.920559] usb usb7: New USB device strings: Mfr=3, Product=2, SerialNumber=1
[    4.920678] usb usb7: Product: UHCI Host Controller
[    4.920764] usb usb7: Manufacturer: Linux 2.6.32.57 uhci_hcd
[    4.920847] usb usb7: SerialNumber: 0000:00:1d.2
[    4.921634] usb usb7: configuration #1 chosen from 1 choice
[    4.921740] hub 7-0:1.0: USB hub found
[    4.921828] hub 7-0:1.0: 2 ports detected
[    4.921982] sl811: driver sl811-hcd, 19 May 2005
[    4.922078] r8a66597_hcd: driver r8a66597_hcd, 2009-05-26
[    4.922249] Initializing USB Mass Storage driver...
[    4.922378] usbcore: registered new interface driver usb-storage
[    4.922460] USB Mass Storage support registered.
[    4.922557] usbcore: registered new interface driver ums-alauda
[    4.922665] usbcore: registered new interface driver ums-cypress
[    4.922781] usbcore: registered new interface driver ums-datafab
[    4.922883] usbcore: registered new interface driver ums-freecom
[    4.922992] usbcore: registered new interface driver ums-isd200
[    4.923093] usbcore: registered new interface driver ums-jumpshot
[    4.923198] usbcore: registered new interface driver ums-karma
[    4.923300] usbcore: registered new interface driver ums-onetouch
[    4.923406] usbcore: registered new interface driver ums-sddr09
[    4.923508] usbcore: registered new interface driver ums-sddr55
[    4.923607] usbcore: registered new interface driver ums-usbat
[    4.923745] PNP: PS/2 Controller [PNP0303:KBD,PNP0f13:MOU] at 0x60,0x64 irq 1,12
[    4.932554] serio: i8042 KBD port at 0x60,0x64 irq 1
[    4.932636] serio: i8042 AUX port at 0x60,0x64 irq 12
[    4.932867] mice: PS/2 mouse device common for all mice
[    4.932987] i2c /dev entries driver
[    4.933108] md: linear personality registered for level -1
[    4.933207] md: raid0 personality registered for level 0
[    4.933293] md: raid1 personality registered for level 1
[    4.933378] md: raid10 personality registered for level 10
[    4.933459] md: raid6 personality registered for level 6
[    4.933540] md: raid5 personality registered for level 5
[    4.933640] md: raid4 personality registered for level 4
[    4.933736] md: multipath personality registered for level -4
[    4.933929] device-mapper: ioctl: 4.15.0-ioctl (2009-04-01) initialised: dm-devel@redhat.com
[    4.934124] cpuidle: using governor ladder
[    4.934717] usbcore: registered new interface driver usbhid
[    4.934799] usbhid: v2.6:USB HID core driver
[    4.934945] random 0000 0000 0000 00000000 00000000: rand_read_num 4 get_random_bytes(136): sig 00000000 00000000 00000000
[    4.934947] random 0000 0000 0000 00000000 00000000: extract_entropy(.. 136 ..)
[    4.934950] random 0000 0000 0000 00000000 00000000: going to reseed nonblocking with 1024 bits (1088 of 0 requested)
[    4.934952] random 0000 0000 0000 00000000 00000000: extract_entropy(.. 128 ..)
[    4.934954] random 0000 0000 0000 00000000 00000000: trying to extract 1024 bits from input
[    4.934956] random 0000 0000 0000 00000000 00000000: debiting 0 entropy credits from input
[    4.934958] random 0000 0000 0000 00000000 00000000: extract_entropy account returned: 0 
[    4.934961] random 0000 0000 0000 00000000 00000000: urand_change_num 7 xfer_secondary_pool(136): pool_sig 00000000, data_sig 00000000, bytes_mixed 0 00000000 00000000
[    4.934965] random 0000 0000 0000 00000000 00000000: trying to extract 1088 bits from nonblocking
[    4.934967] random 0000 0000 0000 00000000 00000000: debiting 1088 entropy credits from nonblocking (unlimited)
[    4.934969] random 0000 0000 0000 00000000 00000000: extract_entropy account returned: 136 
[    4.934973] random 0000 0000 0000 00000000 00000000: urand_change_num 8 extract_buf: pool_sig 00000000, data_sig fffffff9, bytes_mixed 20 00000000 00000000
[    4.934979] random 0000 0000 0000 b7c35b56 be4dc95d: urand_change_num 9 extract_buf: pool_sig fffffd1e, data_sig 000000c5, bytes_mixed 20 b7c35b56 be4dc95d
[    4.934984] random 0000 0000 0000 ed9f5c47 c48487fb: urand_change_num 10 extract_buf: pool_sig fffff8ec, data_sig ffffff68, bytes_mixed 20 ed9f5c47 c48487fb
[    4.934989] random 0000 0000 0000 ed9f5c47 c48487fb: urand_change_num 11 extract_buf: pool_sig fffffaed, data_sig 000001aa, bytes_mixed 20 ed9f5c47 c48487fb
[    4.935001] random 0000 0000 0000 1b4f7c0a 91bd6a48: urand_change_num 12 extract_buf: pool_sig fffffdd8, data_sig 00000064, bytes_mixed 20 1b4f7c0a 91bd6a48
[    4.935006] random 0000 0000 0000 a254b9bc 20e9a24f: urand_change_num 13 extract_buf: pool_sig fffffbe6, data_sig 000001dd, bytes_mixed 20 a254b9bc 20e9a24f
[    4.935011] random 0000 0000 0000 a254b9bc 20e9a24f: urand_change_num 14 extract_buf: pool_sig fffff940, data_sig fffffe20, bytes_mixed 20 a254b9bc 20e9a24f
[    4.935016] random 0000 0000 0000 2831a66b 5fa2a3ad: urand_change_num 15 extract_buf: pool_sig fffffbce, data_sig 0000007e, bytes_mixed 20 2831a66b 5fa2a3ad
[    4.935022] random 0000 0000 0000 2831a66b 5fa2a3ad: urand_change_num 16 extract_buf: pool_sig 000004df, data_sig fffffe8f, bytes_mixed 20 2831a66b 5fa2a3ad
[    4.935027] random 0000 0000 0000 d4512bfd c9a54e0b: urand_change_num 17 extract_buf: pool_sig 00000485, data_sig fffffe68, bytes_mixed 20 d4512bfd c9a54e0b
[    4.935032] random 0000 0000 0000 c7371be6 f9ffea11: urand_change_num 18 extract_buf: pool_sig 00000095, data_sig ffffffed, bytes_mixed 20 c7371be6 f9ffea11
[    4.935037] random 0000 0000 0000 c7371be6 f9ffea11: urand_change_num 19 extract_buf: pool_sig 000003a7, data_sig fffffefa, bytes_mixed 20 c7371be6 f9ffea11
[    4.935042] random 0000 0000 0000 8fb4b62c d1ddba54: urand_change_num 20 extract_buf: pool_sig 00000179, data_sig ffffff78, bytes_mixed 20 8fb4b62c d1ddba54
[    4.935047] random 0000 0000 0000 9ff19f9c c07a1d2a: urand_change_num 21 extract_buf: pool_sig fffffe88, data_sig 00000126, bytes_mixed 20 9ff19f9c c07a1d2a
[    4.935052] TCP cubic registered
[    4.935129] Initializing XFRM netlink socket
[    4.935212] NET: Registered protocol family 17
[    4.935299] Using IPI Shortcut mode
[    4.935379] random 0000 0000 0000 9ff19f9c c07a1d2a: rand_read_num 5 get_random_bytes(8): sig 0000031b 9ff19f9c c07a1d2a
[    4.935382] random 0000 0000 0000 9ff19f9c c07a1d2a: extract_entropy(.. 8 ..)
[    4.935384] random 0000 0000 0000 9ff19f9c c07a1d2a: going to reseed nonblocking with 64 bits (64 of 0 requested)
[    4.935386] random 0000 0000 0000 9ff19f9c c07a1d2a: extract_entropy(.. 8 ..)
[    4.935388] random 0000 0000 0000 9ff19f9c c07a1d2a: trying to extract 64 bits from input
[    4.935390] random 0000 0000 0000 9ff19f9c c07a1d2a: debiting 0 entropy credits from input
[    4.935392] random 0000 0000 0000 9ff19f9c c07a1d2a: extract_entropy account returned: 0 
[    4.935395] random 0000 0000 0000 9ff19f9c c07a1d2a: urand_change_num 22 xfer_secondary_pool(8): pool_sig 0000031b, data_sig 00000000, bytes_mixed 0 9ff19f9c c07a1d2a
[    4.935398] random 0000 0000 0000 9ff19f9c c07a1d2a: trying to extract 64 bits from nonblocking
[    4.935400] random 0000 0000 0000 9ff19f9c c07a1d2a: debiting 64 entropy credits from nonblocking (unlimited)
[    4.935402] random 0000 0000 0000 9ff19f9c c07a1d2a: extract_entropy account returned: 8 
[    4.935406] random 0000 0000 0000 9ff19f9c c07a1d2a: urand_change_num 23 extract_buf: pool_sig 0000031b, data_sig ffffffb3, bytes_mixed 20 9ff19f9c c07a1d2a
[    4.937516] input: AT Translated Set 2 keyboard as /devices/platform/i8042/serio0/input/input1
[    5.127891] ata1: SATA link up 1.5 Gbps (SStatus 113 SControl 300)
[    5.127991] ata3: SATA link down (SStatus 0 SControl 300)
[    5.129917] ata1.00: ACPI cmd ef/02:00:00:00:00:a0 (SET FEATURES) succeeded
[    5.129920] ata1.00: ACPI cmd f5/00:00:00:00:00:a0 (SECURITY FREEZE LOCK) filtered out
[    5.131311] ata1.00: ACPI cmd ef/5f:00:00:00:00:a0 (SET FEATURES) succeeded
[    5.131313] ata1.00: ACPI cmd ef/10:03:00:00:00:a0 (SET FEATURES) filtered out
[    5.133221] ata1.00: ATA-7: ST910021AS, 4.06, max UDMA/100
[    5.133309] ata1.00: 195371568 sectors, multi 16: LBA48 
[    5.135459] ata1.00: ACPI cmd ef/02:00:00:00:00:a0 (SET FEATURES) succeeded
[    5.135462] ata1.00: ACPI cmd f5/00:00:00:00:00:a0 (SECURITY FREEZE LOCK) filtered out
[    5.136853] ata1.00: ACPI cmd ef/5f:00:00:00:00:a0 (SET FEATURES) succeeded
[    5.136855] ata1.00: ACPI cmd ef/10:03:00:00:00:a0 (SET FEATURES) filtered out
[    5.138779] ata1.00: configured for UDMA/100
[    5.149940] scsi 2:0:0:0: Direct-Access     ATA      ST910021AS       4.06 PQ: 0 ANSI: 5
[    5.150219] sd 2:0:0:0: [sda] 195371568 512-byte logical blocks: (100 GB/93.1 GiB)
[    5.150353] sd 2:0:0:0: [sda] Write Protect is off
[    5.150436] sd 2:0:0:0: [sda] Mode Sense: 00 3a 00 00
[    5.150448] sd 2:0:0:0: [sda] Write cache: enabled, read cache: enabled, doesn't support DPO or FUA
[    5.150628]  sda:
[    5.215863] usb 2-1: new high speed USB device using ehci_hcd and address 2
[    5.365173] usb 2-1: New USB device found, idVendor=0e8d, idProduct=1806
[    5.365260] usb 2-1: New USB device strings: Mfr=1, Product=2, SerialNumber=3
[    5.365348] usb 2-1: Product: MT1806 
[    5.365433] usb 2-1: Manufacturer: MediaTek Inc
[    5.365515] usb 2-1: SerialNumber: R8KN6GAC800AEB 
[    5.365650] usb 2-1: configuration #1 chosen from 1 choice
[    5.371965] scsi5 : SCSI emulation for USB Mass Storage devices
[    5.372128] usb-storage: device found at 2
[    5.372129] usb-storage: waiting for device to settle before scanning
[    5.555281]  sda1 sda2
[    5.555739] sd 2:0:0:0: [sda] Attached SCSI disk
[    5.555831] random 0000 0000 0000 277f73c3 42024bb9: rand_read_num 6 get_random_bytes(12): sig 000007e9 277f73c3 42024bb9
[    5.555834] random 0000 0000 0000 277f73c3 42024bb9: extract_entropy(.. 12 ..)
[    5.555836] random 0000 0000 0000 277f73c3 42024bb9: going to reseed nonblocking with 96 bits (96 of 0 requested)
[    5.555838] random 0000 0000 0000 277f73c3 42024bb9: extract_entropy(.. 12 ..)
[    5.555840] random 0000 0000 0000 277f73c3 42024bb9: trying to extract 96 bits from input
[    5.555842] random 0000 0000 0000 277f73c3 42024bb9: debiting 0 entropy credits from input
[    5.555844] random 0000 0000 0000 277f73c3 42024bb9: extract_entropy account returned: 0 
[    5.555847] random 0000 0000 0000 277f73c3 42024bb9: urand_change_num 24 xfer_secondary_pool(12): pool_sig 000007e9, data_sig 00000000, bytes_mixed 0 277f73c3 42024bb9
[    5.555850] random 0000 0000 0000 277f73c3 42024bb9: trying to extract 96 bits from nonblocking
[    5.555853] random 0000 0000 0000 277f73c3 42024bb9: debiting 96 entropy credits from nonblocking (unlimited)
[    5.555855] random 0000 0000 0000 277f73c3 42024bb9: extract_entropy account returned: 12 
[    5.555859] random 0000 0000 0000 277f73c3 42024bb9: urand_change_num 25 extract_buf: pool_sig 000007e9, data_sig 00000088, bytes_mixed 20 277f73c3 42024bb9
[    5.555864] random 0000 0000 0000 277f73c3 42024bb9: urand_change_num 26 extract_buf: pool_sig 00000498, data_sig fffffefb, bytes_mixed 20 277f73c3 42024bb9
[    5.555867] RANDOM - __seed init called.
[    5.555868] RANDOM - __seed init called.
[    5.555869] RANDOM - __seed init called.
[    5.555870] RANDOM - __random32 called. Change num 12.  Value: 87f14767	f0d7351	b1e48bd3
[    5.555872] RANDOM - random32_reseed called.  Value: 87f14767	f0d7351	b1e48bd3
[    5.555875] Pid: 1, comm: swapper Not tainted 2.6.32.57 #3
[    5.555959] Call Trace:
[    5.556041]  [<c1923ca4>] ? random32_reseed+0xa0/0xb1
[    5.556126]  [<c1923c04>] ? random32_reseed+0x0/0xb1
[    5.556214]  [<c100111e>] ? do_one_initcall+0x2e/0x180
[    5.556296]  [<c1907265>] ? kernel_init+0xad/0x103
[    5.556377]  [<c19071b8>] ? kernel_init+0x0/0x103
[    5.556461]  [<c1003787>] ? kernel_thread_helper+0x7/0x10
[    5.556995] random 0000 0000 0000 386b4e60 ee4d4880: rand_read_num 7 get_random_bytes(64): sig fffffea5 386b4e60 ee4d4880
[    5.556997] random 0000 0000 0000 386b4e60 ee4d4880: extract_entropy(.. 64 ..)
[    5.556999] random 0000 0000 0000 386b4e60 ee4d4880: going to reseed nonblocking with 512 bits (512 of 0 requested)
[    5.557002] random 0000 0000 0000 386b4e60 ee4d4880: extract_entropy(.. 64 ..)
[    5.557004] random 0000 0000 0000 386b4e60 ee4d4880: trying to extract 512 bits from input
[    5.557006] random 0000 0000 0000 386b4e60 ee4d4880: debiting 0 entropy credits from input
[    5.557008] random 0000 0000 0000 386b4e60 ee4d4880: extract_entropy account returned: 0 
[    5.557011] random 0000 0000 0000 386b4e60 ee4d4880: urand_change_num 27 xfer_secondary_pool(64): pool_sig fffffea5, data_sig 00000000, bytes_mixed 0 386b4e60 ee4d4880
[    5.557014] random 0000 0000 0000 386b4e60 ee4d4880: trying to extract 512 bits from nonblocking
[    5.557016] random 0000 0000 0000 386b4e60 ee4d4880: debiting 512 entropy credits from nonblocking (unlimited)
[    5.557018] random 0000 0000 0000 386b4e60 ee4d4880: extract_entropy account returned: 64 
[    5.557022] random 0000 0000 0000 386b4e60 ee4d4880: urand_change_num 28 extract_buf: pool_sig fffffea5, data_sig 00000173, bytes_mixed 20 386b4e60 ee4d4880
[    5.557027] random 0000 0000 0000 412698f6 0cc8689a: urand_change_num 29 extract_buf: pool_sig 00000122, data_sig ffffff63, bytes_mixed 20 412698f6 0cc8689a
[    5.557033] random 0000 0000 0000 412698f6 0cc8689a: urand_change_num 30 extract_buf: pool_sig 000001f7, data_sig 00000012, bytes_mixed 20 412698f6 0cc8689a
[    5.557038] random 0000 0000 0000 9669941e 06f768b1: urand_change_num 31 extract_buf: pool_sig fffffb5b, data_sig 0000003f, bytes_mixed 20 9669941e 06f768b1
[    5.557043] random 0000 0000 0000 98486520 995551f0: urand_change_num 32 extract_buf: pool_sig fffffb39, data_sig 0000000e, bytes_mixed 20 98486520 995551f0
[    5.557048] random 0000 0000 0000 98486520 995551f0: urand_change_num 33 extract_buf: pool_sig fffffd8d, data_sig 000001a6, bytes_mixed 20 98486520 995551f0
[    5.557054] random 0000 0000 0000 61fc8914 d5882ed2: urand_change_num 34 extract_buf: pool_sig fffffa58, data_sig 0000023e, bytes_mixed 20 61fc8914 d5882ed2
[    5.557083] random 0000 0000 0000 61fc8914 d5882ed2: rand_read_num 8 get_random_bytes(64): sig fffff9ee 61fc8914 d5882ed2
[    5.557085] random 0000 0000 0000 61fc8914 d5882ed2: extract_entropy(.. 64 ..)
[    5.557087] random 0000 0000 0000 61fc8914 d5882ed2: going to reseed nonblocking with 512 bits (512 of 0 requested)
[    5.557090] random 0000 0000 0000 61fc8914 d5882ed2: extract_entropy(.. 64 ..)
[    5.557092] random 0000 0000 0000 61fc8914 d5882ed2: trying to extract 512 bits from input
[    5.557094] random 0000 0000 0000 61fc8914 d5882ed2: debiting 0 entropy credits from input
[    5.557096] random 0000 0000 0000 61fc8914 d5882ed2: extract_entropy account returned: 0 
[    5.557099] random 0000 0000 0000 61fc8914 d5882ed2: urand_change_num 35 xfer_secondary_pool(64): pool_sig fffff9ee, data_sig 00000000, bytes_mixed 0 61fc8914 d5882ed2
[    5.557102] random 0000 0000 0000 61fc8914 d5882ed2: trying to extract 512 bits from nonblocking
[    5.557104] random 0000 0000 0000 61fc8914 d5882ed2: debiting 512 entropy credits from nonblocking (unlimited)
[    5.557106] random 0000 0000 0000 61fc8914 d5882ed2: extract_entropy account returned: 64 
[    5.557110] random 0000 0000 0000 61fc8914 d5882ed2: urand_change_num 36 extract_buf: pool_sig fffff9ee, data_sig ffffff85, bytes_mixed 20 61fc8914 d5882ed2
[    5.557115] random 0000 0000 0000 70cfd302 e5edec11: urand_change_num 37 extract_buf: pool_sig fffffdc1, data_sig ffffffde, bytes_mixed 20 70cfd302 e5edec11
[    5.557120] random 0000 0000 0000 00dab838 eafd2b30: urand_change_num 38 extract_buf: pool_sig 000003da, data_sig ffffff61, bytes_mixed 20 00dab838 eafd2b30
[    5.557126] random 0000 0000 0000 00dab838 eafd2b30: urand_change_num 39 extract_buf: pool_sig 00000314, data_sig 00000121, bytes_mixed 20 00dab838 eafd2b30
[    5.557131] random 0000 0000 0000 5fcdf66a 6442b608: urand_change_num 40 extract_buf: pool_sig 0000028b, data_sig fffffefd, bytes_mixed 20 5fcdf66a 6442b608
[    5.557136] random 0000 0000 0000 61333f6b 8fae0f9b: urand_change_num 41 extract_buf: pool_sig 000000cb, data_sig 000000b3, bytes_mixed 20 61333f6b 8fae0f9b
[    5.557141] random 0000 0000 0000 61333f6b 8fae0f9b: urand_change_num 42 extract_buf: pool_sig fffffef8, data_sig 00000051, bytes_mixed 20 61333f6b 8fae0f9b
[    5.557144] BEGIN NET_SECRET:
[    5.557145] \xffffffe0
[    5.557146] \xffffffb6
[    5.557147] \x36
[    5.557147] \xffffffb5
[    5.557148] \xffffff94
[    5.557149] \xffffffb2
[    5.557150] \xffffffa8
[    5.557151] \xffffffda
[    5.557151] \x5b
[    5.557152] \x19
[    5.557153] \x18
[    5.557154] \x5c
[    5.557154] \x2b
[    5.557155] \x1
[    5.557156] \xffffff90
[    5.557157] \x19
[    5.557157] \x3c
[    5.557158] \xfffffff2
[    5.557159] \xffffff82
[    5.557160] \x2a
[    5.557161] \xffffffb3
[    5.557161] \xffffffa2
[    5.557162] \x3f
[    5.557163] \x5
[    5.557164] \x52
[    5.557164] \x77
[    5.557165] \x57
[    5.557166] \x79
[    5.557166] \x16
[    5.557167] \x43
[    5.557168] \xffffff84
[    5.557169] \xffffffc3
[    5.557170] \xffffffe9
[    5.557170] \x79
[    5.557171] \x50
[    5.557172] \xffffff8e
[    5.557173] \x3f
[    5.557173] \xfffffff3
[    5.557174] \x19
[    5.557175] \x2a
[    5.557176] \xfffffffd
[    5.557176] \xfffffffb
[    5.557177] \x62
[    5.557178] \x3c
[    5.557179] \xffffffac
[    5.557179] \x1c
[    5.557180] \x3b
[    5.557181] \x3b
[    5.557182] \x15
[    5.557182] \x27
[    5.557183] \xffffffa8
[    5.557184] \x22
[    5.557185] \xffffffc5
[    5.557185] \xffffff9a
[    5.557186] \x5
[    5.557187] \x6c
[    5.557188] \xffffffa8
[    5.557188] \x3a
[    5.557189] \x44
[    5.557190] \xffffffaf
[    5.557191] \x13
[    5.557191] \xffffffe0
[    5.557192] \xffffff9d
[    5.557193] \x22
[    5.557194] 
[    5.557194] END NET_SECRET
[    5.557197] random 0000 0000 0000 e7f555d9 e8ce5c3c: rand_read_num 9 get_random_bytes(4): sig 0000068c e7f555d9 e8ce5c3c
[    5.557199] random 0000 0000 0000 e7f555d9 e8ce5c3c: extract_entropy(.. 4 ..)
[    5.557202] random 0000 0000 0000 e7f555d9 e8ce5c3c: going to reseed nonblocking with 64 bits (32 of 0 requested)
[    5.557204] random 0000 0000 0000 e7f555d9 e8ce5c3c: extract_entropy(.. 8 ..)
[    5.557206] random 0000 0000 0000 e7f555d9 e8ce5c3c: trying to extract 64 bits from input
[    5.557208] random 0000 0000 0000 e7f555d9 e8ce5c3c: debiting 0 entropy credits from input
[    5.557210] random 0000 0000 0000 e7f555d9 e8ce5c3c: extract_entropy account returned: 0 
[    5.557213] random 0000 0000 0000 e7f555d9 e8ce5c3c: urand_change_num 43 xfer_secondary_pool(4): pool_sig 0000068c, data_sig 00000000, bytes_mixed 0 e7f555d9 e8ce5c3c
[    5.557215] random 0000 0000 0000 e7f555d9 e8ce5c3c: trying to extract 32 bits from nonblocking
[    5.557218] random 0000 0000 0000 e7f555d9 e8ce5c3c: debiting 32 entropy credits from nonblocking (unlimited)
[    5.557220] random 0000 0000 0000 e7f555d9 e8ce5c3c: extract_entropy account returned: 4 
[    5.557224] random 0000 0000 0000 e7f555d9 e8ce5c3c: urand_change_num 44 extract_buf: pool_sig 0000068c, data_sig fffffdcb, bytes_mixed 20 e7f555d9 e8ce5c3c
[    5.557234] md: Waiting for all devices to be available before autodetect
[    5.557324] md: If you don't use raid, use raid=noautodetect
[    5.557488] md: Autodetecting RAID arrays.
[    5.557583] md: Scanned 0 and added 0 devices.
[    5.557662] md: autorun ...
[    5.557746] md: ... autorun DONE.
[    5.573012] EXT3-fs: sda2: couldn't mount because of unsupported optional features (240).
[    5.573236] EXT2-fs: sda2: couldn't mount because of unsupported optional features (240).
[    5.574569] random 0000 0000 0000 e7f555d9 e8ce5c3c: rand_read_num 10 get_random_bytes(4): sig ffffff72 e7f555d9 e8ce5c3c
[    5.574571] random 0000 0000 0000 e7f555d9 e8ce5c3c: extract_entropy(.. 4 ..)
[    5.574574] random 0000 0000 0000 e7f555d9 e8ce5c3c: going to reseed nonblocking with 64 bits (32 of 0 requested)
[    5.574576] random 0000 0000 0000 e7f555d9 e8ce5c3c: extract_entropy(.. 8 ..)
[    5.574578] random 0000 0000 0000 e7f555d9 e8ce5c3c: trying to extract 64 bits from input
[    5.574580] random 0000 0000 0000 e7f555d9 e8ce5c3c: debiting 0 entropy credits from input
[    5.574582] random 0000 0000 0000 e7f555d9 e8ce5c3c: extract_entropy account returned: 0 
[    5.574585] random 0000 0000 0000 e7f555d9 e8ce5c3c: urand_change_num 45 xfer_secondary_pool(4): pool_sig ffffff72, data_sig 00000000, bytes_mixed 0 e7f555d9 e8ce5c3c
[    5.574588] random 0000 0000 0000 e7f555d9 e8ce5c3c: trying to extract 32 bits from nonblocking
[    5.574590] random 0000 0000 0000 e7f555d9 e8ce5c3c: debiting 32 entropy credits from nonblocking (unlimited)
[    5.574592] random 0000 0000 0000 e7f555d9 e8ce5c3c: extract_entropy account returned: 4 
[    5.574596] random 0000 0000 0000 e7f555d9 e8ce5c3c: urand_change_num 46 extract_buf: pool_sig ffffff72, data_sig ffffff72, bytes_mixed 20 e7f555d9 e8ce5c3c
[    5.609652] EXT4-fs (sda2): mounted filesystem with ordered data mode
[    5.609834] VFS: Mounted root (ext4 filesystem) readonly on device 8:2.
[    5.609934] Freeing unused kernel memory: 448k freed
[    5.688611] random 0000 0000 0000 91716c54 eeb6a1e7: rand_read_num 11 get_random_bytes(16): sig fffffcad 91716c54 eeb6a1e7
[    5.688613] random 0000 0000 0000 91716c54 eeb6a1e7: extract_entropy(.. 16 ..)
[    5.688616] random 0000 0000 0000 91716c54 eeb6a1e7: going to reseed nonblocking with 128 bits (128 of 0 requested)
[    5.688618] random 0000 0000 0000 91716c54 eeb6a1e7: extract_entropy(.. 16 ..)
[    5.688620] random 0000 0000 0000 91716c54 eeb6a1e7: trying to extract 128 bits from input
[    5.688622] random 0000 0000 0000 91716c54 eeb6a1e7: debiting 0 entropy credits from input
[    5.688624] random 0000 0000 0000 91716c54 eeb6a1e7: extract_entropy account returned: 0 
[    5.688627] random 0000 0000 0000 91716c54 eeb6a1e7: urand_change_num 47 xfer_secondary_pool(16): pool_sig fffffcad, data_sig 00000000, bytes_mixed 0 91716c54 eeb6a1e7
[    5.688630] random 0000 0000 0000 91716c54 eeb6a1e7: trying to extract 128 bits from nonblocking
[    5.688632] random 0000 0000 0000 91716c54 eeb6a1e7: debiting 128 entropy credits from nonblocking (unlimited)
[    5.688634] random 0000 0000 0000 91716c54 eeb6a1e7: extract_entropy account returned: 16 
[    5.688639] random 0000 0000 0000 91716c54 eeb6a1e7: urand_change_num 48 extract_buf: pool_sig fffffcad, data_sig ffffff19, bytes_mixed 20 91716c54 eeb6a1e7
[    5.688644] random 0000 0000 0000 fd637b06 6cf47bc1: urand_change_num 49 extract_buf: pool_sig fffffede, data_sig ffffffc1, bytes_mixed 20 fd637b06 6cf47bc1
[    5.775343] random 0000 0000 0000 fd637b06 6cf47bc1: rand_read_num 12 get_random_bytes(16): sig 0000033b fd637b06 6cf47bc1
[    5.775346] random 0000 0000 0000 fd637b06 6cf47bc1: extract_entropy(.. 16 ..)
[    5.775349] random 0000 0000 0000 fd637b06 6cf47bc1: going to reseed nonblocking with 128 bits (128 of 0 requested)
[    5.775351] random 0000 0000 0000 fd637b06 6cf47bc1: extract_entropy(.. 16 ..)
[    5.775353] random 0000 0000 0000 fd637b06 6cf47bc1: trying to extract 128 bits from input
[    5.775355] random 0000 0000 0000 fd637b06 6cf47bc1: debiting 0 entropy credits from input
[    5.775357] random 0000 0000 0000 fd637b06 6cf47bc1: extract_entropy account returned: 0 
[    5.775360] random 0000 0000 0000 fd637b06 6cf47bc1: urand_change_num 50 xfer_secondary_pool(16): pool_sig 0000033b, data_sig 00000000, bytes_mixed 0 fd637b06 6cf47bc1
[    5.775363] random 0000 0000 0000 fd637b06 6cf47bc1: trying to extract 128 bits from nonblocking
[    5.775365] random 0000 0000 0000 fd637b06 6cf47bc1: debiting 128 entropy credits from nonblocking (unlimited)
[    5.775367] random 0000 0000 0000 fd637b06 6cf47bc1: extract_entropy account returned: 16 
[    5.775372] random 0000 0000 0000 fd637b06 6cf47bc1: urand_change_num 51 extract_buf: pool_sig 0000033b, data_sig 000000d8, bytes_mixed 20 fd637b06 6cf47bc1
[    5.775377] random 0000 0000 0000 0ec1f012 d4727ca8: urand_change_num 52 extract_buf: pool_sig fffffcf5, data_sig 00000016, bytes_mixed 20 0ec1f012 d4727ca8
[    6.140774] ieee1394: Host added: ID:BUS[0-00:1023]  GUID[00061b032a25f51c]
[    6.149192] random 0000 0000 0000 45b1d0b1 845a73f7: rand_read_num 13 get_random_bytes(16): sig 00000116 45b1d0b1 845a73f7
[    6.149195] random 0000 0000 0000 45b1d0b1 845a73f7: extract_entropy(.. 16 ..)
[    6.149198] random 0000 0000 0000 45b1d0b1 845a73f7: going to reseed nonblocking with 128 bits (128 of 0 requested)
[    6.149200] random 0000 0000 0000 45b1d0b1 845a73f7: extract_entropy(.. 16 ..)
[    6.149202] random 0000 0000 0000 45b1d0b1 845a73f7: trying to extract 128 bits from input
[    6.149204] random 0000 0000 0000 45b1d0b1 845a73f7: debiting 0 entropy credits from input
[    6.149206] random 0000 0000 0000 45b1d0b1 845a73f7: extract_entropy account returned: 0 
[    6.149209] random 0000 0000 0000 45b1d0b1 845a73f7: urand_change_num 53 xfer_secondary_pool(16): pool_sig 00000116, data_sig 00000000, bytes_mixed 0 45b1d0b1 845a73f7
[    6.149212] random 0000 0000 0000 45b1d0b1 845a73f7: trying to extract 128 bits from nonblocking
[    6.149214] random 0000 0000 0000 45b1d0b1 845a73f7: debiting 128 entropy credits from nonblocking (unlimited)
[    6.149217] random 0000 0000 0000 45b1d0b1 845a73f7: extract_entropy account returned: 16 
[    6.149221] random 0000 0000 0000 45b1d0b1 845a73f7: urand_change_num 54 extract_buf: pool_sig 00000116, data_sig fffffd8b, bytes_mixed 20 45b1d0b1 845a73f7
[    6.149226] random 0000 0000 0000 45b1d0b1 845a73f7: urand_change_num 55 extract_buf: pool_sig fffffc05, data_sig 00000109, bytes_mixed 20 45b1d0b1 845a73f7
[    6.201685] random 0000 0000 0000 5012cce3 b8a30621: rand_read_num 14 get_random_bytes(16): sig fffffb93 5012cce3 b8a30621
[    6.201687] random 0000 0000 0000 5012cce3 b8a30621: extract_entropy(.. 16 ..)
[    6.201690] random 0000 0000 0000 5012cce3 b8a30621: going to reseed nonblocking with 128 bits (128 of 0 requested)
[    6.201693] random 0000 0000 0000 5012cce3 b8a30621: extract_entropy(.. 16 ..)
[    6.201695] random 0000 0000 0000 5012cce3 b8a30621: trying to extract 128 bits from input
[    6.201697] random 0000 0000 0000 5012cce3 b8a30621: debiting 0 entropy credits from input
[    6.201699] random 0000 0000 0000 5012cce3 b8a30621: extract_entropy account returned: 0 
[    6.201702] random 0000 0000 0000 5012cce3 b8a30621: urand_change_num 56 xfer_secondary_pool(16): pool_sig fffffb93, data_sig 00000000, bytes_mixed 0 5012cce3 b8a30621
[    6.201705] random 0000 0000 0000 5012cce3 b8a30621: trying to extract 128 bits from nonblocking
[    6.201707] random 0000 0000 0000 5012cce3 b8a30621: debiting 128 entropy credits from nonblocking (unlimited)
[    6.201709] random 0000 0000 0000 5012cce3 b8a30621: extract_entropy account returned: 16 
[    6.201713] random 0000 0000 0000 5012cce3 b8a30621: urand_change_num 57 extract_buf: pool_sig fffffb93, data_sig ffffff35, bytes_mixed 20 5012cce3 b8a30621
[    6.201719] random 0000 0000 0000 5012cce3 b8a30621: urand_change_num 58 extract_buf: pool_sig fffffb9d, data_sig ffffff92, bytes_mixed 20 5012cce3 b8a30621
[    6.203091] random 0000 0000 0000 30a5721d 4b648ff6: rand_read_num 15 get_random_bytes(16): sig fffffeb5 30a5721d 4b648ff6
[    6.203094] random 0000 0000 0000 30a5721d 4b648ff6: extract_entropy(.. 16 ..)
[    6.203097] random 0000 0000 0000 30a5721d 4b648ff6: going to reseed nonblocking with 128 bits (128 of 0 requested)
[    6.203099] random 0000 0000 0000 30a5721d 4b648ff6: extract_entropy(.. 16 ..)
[    6.203101] random 0000 0000 0000 30a5721d 4b648ff6: trying to extract 128 bits from input
[    6.203103] random 0000 0000 0000 30a5721d 4b648ff6: debiting 0 entropy credits from input
[    6.203105] random 0000 0000 0000 30a5721d 4b648ff6: extract_entropy account returned: 0 
[    6.203108] random 0000 0000 0000 30a5721d 4b648ff6: urand_change_num 59 xfer_secondary_pool(16): pool_sig fffffeb5, data_sig 00000000, bytes_mixed 0 30a5721d 4b648ff6
[    6.203111] random 0000 0000 0000 30a5721d 4b648ff6: trying to extract 128 bits from nonblocking
[    6.203113] random 0000 0000 0000 30a5721d 4b648ff6: debiting 128 entropy credits from nonblocking (unlimited)
[    6.203116] random 0000 0000 0000 30a5721d 4b648ff6: extract_entropy account returned: 16 
[    6.203120] random 0000 0000 0000 30a5721d 4b648ff6: urand_change_num 60 extract_buf: pool_sig fffffeb5, data_sig 000000c2, bytes_mixed 20 30a5721d 4b648ff6
[    6.203125] random 0000 0000 0000 89bae1ab 704c432f: urand_change_num 61 extract_buf: pool_sig 0000006e, data_sig fffffefc, bytes_mixed 20 89bae1ab 704c432f
[    6.203675] random 0000 0000 0000 89bae1ab 704c432f: rand_read_num 16 get_random_bytes(16): sig fffffd99 89bae1ab 704c432f
[    6.203677] random 0000 0000 0000 89bae1ab 704c432f: extract_entropy(.. 16 ..)
[    6.203680] random 0000 0000 0000 89bae1ab 704c432f: going to reseed nonblocking with 128 bits (128 of 0 requested)
[    6.203682] random 0000 0000 0000 89bae1ab 704c432f: extract_entropy(.. 16 ..)
[    6.203685] random 0000 0000 0000 89bae1ab 704c432f: trying to extract 128 bits from input
[    6.203687] random 0000 0000 0000 89bae1ab 704c432f: debiting 0 entropy credits from input
[    6.203689] random 0000 0000 0000 89bae1ab 704c432f: extract_entropy account returned: 0 
[    6.203692] random 0000 0000 0000 89bae1ab 704c432f: urand_change_num 62 xfer_secondary_pool(16): pool_sig fffffd99, data_sig 00000000, bytes_mixed 0 89bae1ab 704c432f
[    6.203695] random 0000 0000 0000 89bae1ab 704c432f: trying to extract 128 bits from nonblocking
[    6.203697] random 0000 0000 0000 89bae1ab 704c432f: debiting 128 entropy credits from nonblocking (unlimited)
[    6.203699] random 0000 0000 0000 89bae1ab 704c432f: extract_entropy account returned: 16 
[    6.203703] random 0000 0000 0000 89bae1ab 704c432f: urand_change_num 63 extract_buf: pool_sig fffffd99, data_sig 00000204, bytes_mixed 20 89bae1ab 704c432f
[    6.203709] random 0000 0000 0000 6c298a02 2b1539f8: urand_change_num 64 extract_buf: pool_sig 00000124, data_sig fffffff5, bytes_mixed 20 6c298a02 2b1539f8
[    6.204590] random 0000 0000 0000 c77b8b35 70f6cab5: rand_read_num 17 get_random_bytes(16): sig 0000036b c77b8b35 70f6cab5
[    6.204593] random 0000 0000 0000 c77b8b35 70f6cab5: extract_entropy(.. 16 ..)
[    6.204595] random 0000 0000 0000 c77b8b35 70f6cab5: going to reseed nonblocking with 128 bits (128 of 0 requested)
[    6.204598] random 0000 0000 0000 c77b8b35 70f6cab5: extract_entropy(.. 16 ..)
[    6.204600] random 0000 0000 0000 c77b8b35 70f6cab5: trying to extract 128 bits from input
[    6.204602] random 0000 0000 0000 c77b8b35 70f6cab5: debiting 0 entropy credits from input
[    6.204604] random 0000 0000 0000 c77b8b35 70f6cab5: extract_entropy account returned: 0 
[    6.204607] random 0000 0000 0000 c77b8b35 70f6cab5: urand_change_num 65 xfer_secondary_pool(16): pool_sig 0000036b, data_sig 00000000, bytes_mixed 0 c77b8b35 70f6cab5
[    6.204610] random 0000 0000 0000 c77b8b35 70f6cab5: trying to extract 128 bits from nonblocking
[    6.204612] random 0000 0000 0000 c77b8b35 70f6cab5: debiting 128 entropy credits from nonblocking (unlimited)
[    6.204614] random 0000 0000 0000 c77b8b35 70f6cab5: extract_entropy account returned: 16 
[    6.204619] random 0000 0000 0000 c77b8b35 70f6cab5: urand_change_num 66 extract_buf: pool_sig 0000036b, data_sig 0000005f, bytes_mixed 20 c77b8b35 70f6cab5
[    6.204624] random 0000 0000 0000 c77b8b35 70f6cab5: urand_change_num 67 extract_buf: pool_sig ffffff1c, data_sig 0000005a, bytes_mixed 20 c77b8b35 70f6cab5
[    6.205218] random 0000 0000 0000 af21d212 57d20ca3: rand_read_num 18 get_random_bytes(16): sig fffffb7f af21d212 57d20ca3
[    6.205221] random 0000 0000 0000 af21d212 57d20ca3: extract_entropy(.. 16 ..)
[    6.205224] random 0000 0000 0000 af21d212 57d20ca3: going to reseed nonblocking with 128 bits (128 of 0 requested)
[    6.205226] random 0000 0000 0000 af21d212 57d20ca3: extract_entropy(.. 16 ..)
[    6.205228] random 0000 0000 0000 af21d212 57d20ca3: trying to extract 128 bits from input
[    6.205230] random 0000 0000 0000 af21d212 57d20ca3: debiting 0 entropy credits from input
[    6.205232] random 0000 0000 0000 af21d212 57d20ca3: extract_entropy account returned: 0 
[    6.205235] random 0000 0000 0000 af21d212 57d20ca3: urand_change_num 68 xfer_secondary_pool(16): pool_sig fffffb7f, data_sig 00000000, bytes_mixed 0 af21d212 57d20ca3
[    6.205238] random 0000 0000 0000 af21d212 57d20ca3: trying to extract 128 bits from nonblocking
[    6.205241] random 0000 0000 0000 af21d212 57d20ca3: debiting 128 entropy credits from nonblocking (unlimited)
[    6.205243] random 0000 0000 0000 af21d212 57d20ca3: extract_entropy account returned: 16 
[    6.205247] random 0000 0000 0000 af21d212 57d20ca3: urand_change_num 69 extract_buf: pool_sig fffffb7f, data_sig ffffff88, bytes_mixed 20 af21d212 57d20ca3
[    6.205252] random 0000 0000 0000 af21d212 57d20ca3: urand_change_num 70 extract_buf: pool_sig fffffe1d, data_sig ffffff17, bytes_mixed 20 af21d212 57d20ca3
[    6.205842] random 0000 0000 0000 ffbd26fd 21933274: rand_read_num 19 get_random_bytes(16): sig ffffffc7 ffbd26fd 21933274
[    6.205845] random 0000 0000 0000 ffbd26fd 21933274: extract_entropy(.. 16 ..)
[    6.205847] random 0000 0000 0000 ffbd26fd 21933274: going to reseed nonblocking with 128 bits (128 of 0 requested)
[    6.205850] random 0000 0000 0000 ffbd26fd 21933274: extract_entropy(.. 16 ..)
[    6.205852] random 0000 0000 0000 ffbd26fd 21933274: trying to extract 128 bits from input
[    6.205854] random 0000 0000 0000 ffbd26fd 21933274: debiting 0 entropy credits from input
[    6.205856] random 0000 0000 0000 ffbd26fd 21933274: extract_entropy account returned: 0 
[    6.205859] random 0000 0000 0000 ffbd26fd 21933274: urand_change_num 71 xfer_secondary_pool(16): pool_sig ffffffc7, data_sig 00000000, bytes_mixed 0 ffbd26fd 21933274
[    6.205862] random 0000 0000 0000 ffbd26fd 21933274: trying to extract 128 bits from nonblocking
[    6.205864] random 0000 0000 0000 ffbd26fd 21933274: debiting 128 entropy credits from nonblocking (unlimited)
[    6.205866] random 0000 0000 0000 ffbd26fd 21933274: extract_entropy account returned: 16 
[    6.205870] random 0000 0000 0000 ffbd26fd 21933274: urand_change_num 72 extract_buf: pool_sig ffffffc7, data_sig 0000013b, bytes_mixed 20 ffbd26fd 21933274
[    6.205876] random 0000 0000 0000 151530a2 56c65dd3: urand_change_num 73 extract_buf: pool_sig ffffffbf, data_sig 00000036, bytes_mixed 20 151530a2 56c65dd3
[    6.206430] random 0000 0000 0000 151530a2 56c65dd3: rand_read_num 20 get_random_bytes(16): sig 000001a7 151530a2 56c65dd3
[    6.206433] random 0000 0000 0000 151530a2 56c65dd3: extract_entropy(.. 16 ..)
[    6.206436] random 0000 0000 0000 151530a2 56c65dd3: going to reseed nonblocking with 128 bits (128 of 0 requested)
[    6.206438] random 0000 0000 0000 151530a2 56c65dd3: extract_entropy(.. 16 ..)
[    6.206440] random 0000 0000 0000 151530a2 56c65dd3: trying to extract 128 bits from input
[    6.206442] random 0000 0000 0000 151530a2 56c65dd3: debiting 0 entropy credits from input
[    6.206444] random 0000 0000 0000 151530a2 56c65dd3: extract_entropy account returned: 0 
[    6.206447] random 0000 0000 0000 151530a2 56c65dd3: urand_change_num 74 xfer_secondary_pool(16): pool_sig 000001a7, data_sig 00000000, bytes_mixed 0 151530a2 56c65dd3
[    6.206450] random 0000 0000 0000 151530a2 56c65dd3: trying to extract 128 bits from nonblocking
[    6.206453] random 0000 0000 0000 151530a2 56c65dd3: debiting 128 entropy credits from nonblocking (unlimited)
[    6.206455] random 0000 0000 0000 151530a2 56c65dd3: extract_entropy account returned: 16 
[    6.206459] random 0000 0000 0000 151530a2 56c65dd3: urand_change_num 75 extract_buf: pool_sig 000001a7, data_sig ffffffa1, bytes_mixed 20 151530a2 56c65dd3
[    6.206464] random 0000 0000 0000 5d3e132e d9a77eb3: urand_change_num 76 extract_buf: pool_sig fffffcc9, data_sig 00000013, bytes_mixed 20 5d3e132e d9a77eb3
[    6.257482] random 0000 0000 0000 264837ad 0a28fef5: rand_read_num 21 get_random_bytes(16): sig ffffffd0 264837ad 0a28fef5
[    6.257486] random 0000 0000 0000 264837ad 0a28fef5: extract_entropy(.. 16 ..)
[    6.257488] random 0000 0000 0000 264837ad 0a28fef5: going to reseed nonblocking with 128 bits (128 of 0 requested)
[    6.257491] random 0000 0000 0000 264837ad 0a28fef5: extract_entropy(.. 16 ..)
[    6.257493] random 0000 0000 0000 264837ad 0a28fef5: trying to extract 128 bits from input
[    6.257495] random 0000 0000 0000 264837ad 0a28fef5: debiting 0 entropy credits from input
[    6.257497] random 0000 0000 0000 264837ad 0a28fef5: extract_entropy account returned: 0 
[    6.257500] random 0000 0000 0000 264837ad 0a28fef5: urand_change_num 77 xfer_secondary_pool(16): pool_sig ffffffd0, data_sig 00000000, bytes_mixed 0 264837ad 0a28fef5
[    6.257503] random 0000 0000 0000 264837ad 0a28fef5: trying to extract 128 bits from nonblocking
[    6.257506] random 0000 0000 0000 264837ad 0a28fef5: debiting 128 entropy credits from nonblocking (unlimited)
[    6.257508] random 0000 0000 0000 264837ad 0a28fef5: extract_entropy account returned: 16 
[    6.257512] random 0000 0000 0000 264837ad 0a28fef5: urand_change_num 78 extract_buf: pool_sig ffffffd0, data_sig 0000017b, bytes_mixed 20 264837ad 0a28fef5
[    6.257518] random 0000 0000 0000 264837ad 0a28fef5: urand_change_num 79 extract_buf: pool_sig 0000045c, data_sig 000001df, bytes_mixed 20 264837ad 0a28fef5
[    6.258974] random 0000 0000 0000 f37f7344 164aede0: rand_read_num 22 get_random_bytes(16): sig 000003c2 f37f7344 164aede0
[    6.258977] random 0000 0000 0000 f37f7344 164aede0: extract_entropy(.. 16 ..)
[    6.258980] random 0000 0000 0000 f37f7344 164aede0: going to reseed nonblocking with 128 bits (128 of 0 requested)
[    6.258982] random 0000 0000 0000 f37f7344 164aede0: extract_entropy(.. 16 ..)
[    6.258984] random 0000 0000 0000 f37f7344 164aede0: trying to extract 128 bits from input
[    6.258986] random 0000 0000 0000 f37f7344 164aede0: debiting 0 entropy credits from input
[    6.258988] random 0000 0000 0000 f37f7344 164aede0: extract_entropy account returned: 0 
[    6.258991] random 0000 0000 0000 f37f7344 164aede0: urand_change_num 80 xfer_secondary_pool(16): pool_sig 000003c2, data_sig 00000000, bytes_mixed 0 f37f7344 164aede0
[    6.258994] random 0000 0000 0000 f37f7344 164aede0: trying to extract 128 bits from nonblocking
[    6.258997] random 0000 0000 0000 f37f7344 164aede0: debiting 128 entropy credits from nonblocking (unlimited)
[    6.258999] random 0000 0000 0000 f37f7344 164aede0: extract_entropy account returned: 16 
[    6.259003] random 0000 0000 0000 f37f7344 164aede0: urand_change_num 81 extract_buf: pool_sig 000003c2, data_sig ffffff6c, bytes_mixed 20 f37f7344 164aede0
[    6.259009] random 0000 0000 0000 f37f7344 164aede0: urand_change_num 82 extract_buf: pool_sig fffffdfc, data_sig 00000091, bytes_mixed 20 f37f7344 164aede0
[    6.281783] random 0000 0000 0000 a4794863 878070c1: rand_read_num 23 get_random_bytes(16): sig 0000011b a4794863 878070c1
[    6.281785] random 0000 0000 0000 a4794863 878070c1: extract_entropy(.. 16 ..)
[    6.281788] random 0000 0000 0000 a4794863 878070c1: going to reseed nonblocking with 128 bits (128 of 0 requested)
[    6.281791] random 0000 0000 0000 a4794863 878070c1: extract_entropy(.. 16 ..)
[    6.281793] random 0000 0000 0000 a4794863 878070c1: trying to extract 128 bits from input
[    6.281795] random 0000 0000 0000 a4794863 878070c1: debiting 0 entropy credits from input
[    6.281797] random 0000 0000 0000 a4794863 878070c1: extract_entropy account returned: 0 
[    6.281800] random 0000 0000 0000 a4794863 878070c1: urand_change_num 83 xfer_secondary_pool(16): pool_sig 0000011b, data_sig 00000000, bytes_mixed 0 a4794863 878070c1
[    6.281803] random 0000 0000 0000 a4794863 878070c1: trying to extract 128 bits from nonblocking
[    6.281805] random 0000 0000 0000 a4794863 878070c1: debiting 128 entropy credits from nonblocking (unlimited)
[    6.281807] random 0000 0000 0000 a4794863 878070c1: extract_entropy account returned: 16 
[    6.281811] random 0000 0000 0000 a4794863 878070c1: urand_change_num 84 extract_buf: pool_sig 0000011b, data_sig ffffff51, bytes_mixed 20 a4794863 878070c1
[    6.281817] random 0000 0000 0000 737f19b4 9417d8ab: urand_change_num 85 extract_buf: pool_sig 000001a3, data_sig 0000006c, bytes_mixed 20 737f19b4 9417d8ab
[    6.285879] random 0000 0000 0000 737f19b4 9417d8ab: rand_read_num 24 get_random_bytes(16): sig fffffe22 737f19b4 9417d8ab
[    6.285882] random 0000 0000 0000 737f19b4 9417d8ab: extract_entropy(.. 16 ..)
[    6.285884] random 0000 0000 0000 737f19b4 9417d8ab: going to reseed nonblocking with 128 bits (128 of 0 requested)
[    6.285887] random 0000 0000 0000 737f19b4 9417d8ab: extract_entropy(.. 16 ..)
[    6.285889] random 0000 0000 0000 737f19b4 9417d8ab: trying to extract 128 bits from input
[    6.285891] random 0000 0000 0000 737f19b4 9417d8ab: debiting 0 entropy credits from input
[    6.285893] random 0000 0000 0000 737f19b4 9417d8ab: extract_entropy account returned: 0 
[    6.285896] random 0000 0000 0000 737f19b4 9417d8ab: urand_change_num 86 xfer_secondary_pool(16): pool_sig fffffe22, data_sig 00000000, bytes_mixed 0 737f19b4 9417d8ab
[    6.285899] random 0000 0000 0000 737f19b4 9417d8ab: trying to extract 128 bits from nonblocking
[    6.285901] random 0000 0000 0000 737f19b4 9417d8ab: debiting 128 entropy credits from nonblocking (unlimited)
[    6.285903] random 0000 0000 0000 737f19b4 9417d8ab: extract_entropy account returned: 16 
[    6.285907] random 0000 0000 0000 737f19b4 9417d8ab: urand_change_num 87 extract_buf: pool_sig fffffe22, data_sig 00000230, bytes_mixed 20 737f19b4 9417d8ab
[    6.285913] random 0000 0000 0000 4deb0d06 1236af4c: urand_change_num 88 extract_buf: pool_sig 000000b6, data_sig ffffff44, bytes_mixed 20 4deb0d06 1236af4c
[    6.286906] random 0000 0000 0000 b538fadc 4a7613df: rand_read_num 25 get_random_bytes(16): sig 0000013c b538fadc 4a7613df
[    6.286908] random 0000 0000 0000 b538fadc 4a7613df: extract_entropy(.. 16 ..)
[    6.286911] random 0000 0000 0000 b538fadc 4a7613df: going to reseed nonblocking with 128 bits (128 of 0 requested)
[    6.286913] random 0000 0000 0000 b538fadc 4a7613df: extract_entropy(.. 16 ..)
[    6.286915] random 0000 0000 0000 b538fadc 4a7613df: trying to extract 128 bits from input
[    6.286917] random 0000 0000 0000 b538fadc 4a7613df: debiting 0 entropy credits from input
[    6.286919] random 0000 0000 0000 b538fadc 4a7613df: extract_entropy account returned: 0 
[    6.286923] random 0000 0000 0000 b538fadc 4a7613df: urand_change_num 89 xfer_secondary_pool(16): pool_sig 0000013c, data_sig 00000000, bytes_mixed 0 b538fadc 4a7613df
[    6.286925] random 0000 0000 0000 b538fadc 4a7613df: trying to extract 128 bits from nonblocking
[    6.286928] random 0000 0000 0000 b538fadc 4a7613df: debiting 128 entropy credits from nonblocking (unlimited)
[    6.286930] random 0000 0000 0000 b538fadc 4a7613df: extract_entropy account returned: 16 
[    6.286934] random 0000 0000 0000 b538fadc 4a7613df: urand_change_num 90 extract_buf: pool_sig 0000013c, data_sig 00000015, bytes_mixed 20 b538fadc 4a7613df
[    6.286940] random 0000 0000 0000 b538fadc 4a7613df: urand_change_num 91 extract_buf: pool_sig 00000452, data_sig 0000002b, bytes_mixed 20 b538fadc 4a7613df
[    6.287388] random 0000 0000 0000 73b17df4 93bb370e: rand_read_num 26 get_random_bytes(16): sig fffffbf1 73b17df4 93bb370e
[    6.287391] random 0000 0000 0000 73b17df4 93bb370e: extract_entropy(.. 16 ..)
[    6.287393] random 0000 0000 0000 73b17df4 93bb370e: going to reseed nonblocking with 128 bits (128 of 0 requested)
[    6.287396] random 0000 0000 0000 73b17df4 93bb370e: extract_entropy(.. 16 ..)
[    6.287398] random 0000 0000 0000 73b17df4 93bb370e: trying to extract 128 bits from input
[    6.287400] random 0000 0000 0000 73b17df4 93bb370e: debiting 0 entropy credits from input
[    6.287402] random 0000 0000 0000 73b17df4 93bb370e: extract_entropy account returned: 0 
[    6.287405] random 0000 0000 0000 73b17df4 93bb370e: urand_change_num 92 xfer_secondary_pool(16): pool_sig fffffbf1, data_sig 00000000, bytes_mixed 0 73b17df4 93bb370e
[    6.287408] random 0000 0000 0000 73b17df4 93bb370e: trying to extract 128 bits from nonblocking
[    6.287410] random 0000 0000 0000 73b17df4 93bb370e: debiting 128 entropy credits from nonblocking (unlimited)
[    6.287412] random 0000 0000 0000 73b17df4 93bb370e: extract_entropy account returned: 16 
[    6.287416] random 0000 0000 0000 73b17df4 93bb370e: urand_change_num 93 extract_buf: pool_sig fffffbf1, data_sig ffffff99, bytes_mixed 20 73b17df4 93bb370e
[    6.287422] random 0000 0000 0000 73b17df4 93bb370e: urand_change_num 94 extract_buf: pool_sig fffffe1d, data_sig 000000b0, bytes_mixed 20 73b17df4 93bb370e
[    6.287833] random 0000 0000 0000 0cd682bb ba04da9f: rand_read_num 27 get_random_bytes(16): sig fffffccb 0cd682bb ba04da9f
[    6.287836] random 0000 0000 0000 0cd682bb ba04da9f: extract_entropy(.. 16 ..)
[    6.287838] random 0000 0000 0000 0cd682bb ba04da9f: going to reseed nonblocking with 128 bits (128 of 0 requested)
[    6.287840] random 0000 0000 0000 0cd682bb ba04da9f: extract_entropy(.. 16 ..)
[    6.287843] random 0000 0000 0000 0cd682bb ba04da9f: trying to extract 128 bits from input
[    6.287845] random 0000 0000 0000 0cd682bb ba04da9f: debiting 0 entropy credits from input
[    6.287847] random 0000 0000 0000 0cd682bb ba04da9f: extract_entropy account returned: 0 
[    6.287850] random 0000 0000 0000 0cd682bb ba04da9f: urand_change_num 95 xfer_secondary_pool(16): pool_sig fffffccb, data_sig 00000000, bytes_mixed 0 0cd682bb ba04da9f
[    6.287853] random 0000 0000 0000 0cd682bb ba04da9f: trying to extract 128 bits from nonblocking
[    6.287855] random 0000 0000 0000 0cd682bb ba04da9f: debiting 128 entropy credits from nonblocking (unlimited)
[    6.287857] random 0000 0000 0000 0cd682bb ba04da9f: extract_entropy account returned: 16 
[    6.287862] random 0000 0000 0000 0cd682bb ba04da9f: urand_change_num 96 extract_buf: pool_sig fffffccb, data_sig fffffec5, bytes_mixed 20 0cd682bb ba04da9f
[    6.287867] random 0000 0000 0000 26929f1a 15254dc1: urand_change_num 97 extract_buf: pool_sig fffffed2, data_sig ffffffb1, bytes_mixed 20 26929f1a 15254dc1
[    6.288744] random 0000 0000 0000 26929f1a 15254dc1: rand_read_num 28 get_random_bytes(16): sig 00000038 26929f1a 15254dc1
[    6.288746] random 0000 0000 0000 26929f1a 15254dc1: extract_entropy(.. 16 ..)
[    6.288749] random 0000 0000 0000 26929f1a 15254dc1: going to reseed nonblocking with 128 bits (128 of 0 requested)
[    6.288752] random 0000 0000 0000 26929f1a 15254dc1: extract_entropy(.. 16 ..)
[    6.288754] random 0000 0000 0000 26929f1a 15254dc1: trying to extract 128 bits from input
[    6.288756] random 0000 0000 0000 26929f1a 15254dc1: debiting 0 entropy credits from input
[    6.288758] random 0000 0000 0000 26929f1a 15254dc1: extract_entropy account returned: 0 
[    6.288761] random 0000 0000 0000 26929f1a 15254dc1: urand_change_num 98 xfer_secondary_pool(16): pool_sig 00000038, data_sig 00000000, bytes_mixed 0 26929f1a 15254dc1
[    6.288764] random 0000 0000 0000 26929f1a 15254dc1: trying to extract 128 bits from nonblocking
[    6.288766] random 0000 0000 0000 26929f1a 15254dc1: debiting 128 entropy credits from nonblocking (unlimited)
[    6.288768] random 0000 0000 0000 26929f1a 15254dc1: extract_entropy account returned: 16 
[    6.288772] random 0000 0000 0000 26929f1a 15254dc1: urand_change_num 99 extract_buf: pool_sig 00000038, data_sig 000000fd, bytes_mixed 20 26929f1a 15254dc1
[    6.288778] random 0000 0000 0000 8116fe3b 478c2d5b: urand_change_num 100 extract_buf: pool_sig 00000059, data_sig 00000310, bytes_mixed 20 8116fe3b 478c2d5b
[    6.295416] random 0000 0000 0000 a20f4a3a 32a6b2fa: rand_read_num 29 get_random_bytes(16): sig 000002c0 a20f4a3a 32a6b2fa
[    6.295419] random 0000 0000 0000 a20f4a3a 32a6b2fa: extract_entropy(.. 16 ..)
[    6.295421] random 0000 0000 0000 a20f4a3a 32a6b2fa: going to reseed nonblocking with 128 bits (128 of 0 requested)
[    6.295424] random 0000 0000 0000 a20f4a3a 32a6b2fa: extract_entropy(.. 16 ..)
[    6.295426] random 0000 0000 0000 a20f4a3a 32a6b2fa: trying to extract 128 bits from input
[    6.295428] random 0000 0000 0000 a20f4a3a 32a6b2fa: debiting 0 entropy credits from input
[    6.295430] random 0000 0000 0000 a20f4a3a 32a6b2fa: extract_entropy account returned: 0 
[    6.295433] random 0000 0000 0000 a20f4a3a 32a6b2fa: urand_change_num 101 xfer_secondary_pool(16): pool_sig 000002c0, data_sig 00000000, bytes_mixed 0 a20f4a3a 32a6b2fa
[    6.295435] random 0000 0000 0000 a20f4a3a 32a6b2fa: trying to extract 128 bits from nonblocking
[    6.295438] random 0000 0000 0000 a20f4a3a 32a6b2fa: debiting 128 entropy credits from nonblocking (unlimited)
[    6.295440] random 0000 0000 0000 a20f4a3a 32a6b2fa: extract_entropy account returned: 16 
[    6.295444] random 0000 0000 0000 a20f4a3a 32a6b2fa: urand_change_num 102 extract_buf: pool_sig 000002c0, data_sig 000000fb, bytes_mixed 20 a20f4a3a 32a6b2fa
[    6.295449] random 0000 0000 0000 a20f4a3a 32a6b2fa: urand_change_num 103 extract_buf: pool_sig ffffffdd, data_sig 000000a5, bytes_mixed 20 a20f4a3a 32a6b2fa
[    6.307941] random 0000 0000 0000 de716d2a 6c4757e1: rand_read_num 30 get_random_bytes(16): sig 000000fa de716d2a 6c4757e1
[    6.307944] random 0000 0000 0000 de716d2a 6c4757e1: extract_entropy(.. 16 ..)
[    6.307946] random 0000 0000 0000 de716d2a 6c4757e1: going to reseed nonblocking with 128 bits (128 of 0 requested)
[    6.307949] random 0000 0000 0000 de716d2a 6c4757e1: extract_entropy(.. 16 ..)
[    6.307951] random 0000 0000 0000 de716d2a 6c4757e1: trying to extract 128 bits from input
[    6.307953] random 0000 0000 0000 de716d2a 6c4757e1: debiting 0 entropy credits from input
[    6.307955] random 0000 0000 0000 de716d2a 6c4757e1: extract_entropy account returned: 0 
[    6.307958] random 0000 0000 0000 de716d2a 6c4757e1: urand_change_num 104 xfer_secondary_pool(16): pool_sig 000000fa, data_sig 00000000, bytes_mixed 0 de716d2a 6c4757e1
[    6.307961] random 0000 0000 0000 de716d2a 6c4757e1: trying to extract 128 bits from nonblocking
[    6.307963] random 0000 0000 0000 de716d2a 6c4757e1: debiting 128 entropy credits from nonblocking (unlimited)
[    6.307965] random 0000 0000 0000 de716d2a 6c4757e1: extract_entropy account returned: 16 
[    6.307969] random 0000 0000 0000 de716d2a 6c4757e1: urand_change_num 105 extract_buf: pool_sig 000000fa, data_sig ffffff34, bytes_mixed 20 de716d2a 6c4757e1
[    6.307975] random 0000 0000 0000 de716d2a 6c4757e1: urand_change_num 106 extract_buf: pool_sig 000003d3, data_sig ffffff30, bytes_mixed 20 de716d2a 6c4757e1
[    6.308557] random 0000 0000 0000 a7c511e1 f90ea457: rand_read_num 31 get_random_bytes(16): sig 0000009a a7c511e1 f90ea457
[    6.308559] random 0000 0000 0000 a7c511e1 f90ea457: extract_entropy(.. 16 ..)
[    6.308562] random 0000 0000 0000 a7c511e1 f90ea457: going to reseed nonblocking with 128 bits (128 of 0 requested)
[    6.308564] random 0000 0000 0000 a7c511e1 f90ea457: extract_entropy(.. 16 ..)
[    6.308566] random 0000 0000 0000 a7c511e1 f90ea457: trying to extract 128 bits from input
[    6.308569] random 0000 0000 0000 a7c511e1 f90ea457: debiting 0 entropy credits from input
[    6.308571] random 0000 0000 0000 a7c511e1 f90ea457: extract_entropy account returned: 0 
[    6.308574] random 0000 0000 0000 a7c511e1 f90ea457: urand_change_num 107 xfer_secondary_pool(16): pool_sig 0000009a, data_sig 00000000, bytes_mixed 0 a7c511e1 f90ea457
[    6.308577] random 0000 0000 0000 a7c511e1 f90ea457: trying to extract 128 bits from nonblocking
[    6.308579] random 0000 0000 0000 a7c511e1 f90ea457: debiting 128 entropy credits from nonblocking (unlimited)
[    6.308581] random 0000 0000 0000 a7c511e1 f90ea457: extract_entropy account returned: 16 
[    6.308585] random 0000 0000 0000 a7c511e1 f90ea457: urand_change_num 108 extract_buf: pool_sig 0000009a, data_sig 000000e0, bytes_mixed 20 a7c511e1 f90ea457
[    6.308591] random 0000 0000 0000 7c18c7e6 d65ccb06: urand_change_num 109 extract_buf: pool_sig fffffa79, data_sig 000000e0, bytes_mixed 20 7c18c7e6 d65ccb06
[    6.309173] random 0000 0000 0000 7c18c7e6 d65ccb06: rand_read_num 32 get_random_bytes(16): sig fffffe1e 7c18c7e6 d65ccb06
[    6.309176] random 0000 0000 0000 7c18c7e6 d65ccb06: extract_entropy(.. 16 ..)
[    6.309178] random 0000 0000 0000 7c18c7e6 d65ccb06: going to reseed nonblocking with 128 bits (128 of 0 requested)
[    6.309180] random 0000 0000 0000 7c18c7e6 d65ccb06: extract_entropy(.. 16 ..)
[    6.309182] random 0000 0000 0000 7c18c7e6 d65ccb06: trying to extract 128 bits from input
[    6.309185] random 0000 0000 0000 7c18c7e6 d65ccb06: debiting 0 entropy credits from input
[    6.309187] random 0000 0000 0000 7c18c7e6 d65ccb06: extract_entropy account returned: 0 
[    6.309190] random 0000 0000 0000 7c18c7e6 d65ccb06: urand_change_num 110 xfer_secondary_pool(16): pool_sig fffffe1e, data_sig 00000000, bytes_mixed 0 7c18c7e6 d65ccb06
[    6.309193] random 0000 0000 0000 7c18c7e6 d65ccb06: trying to extract 128 bits from nonblocking
[    6.309195] random 0000 0000 0000 7c18c7e6 d65ccb06: debiting 128 entropy credits from nonblocking (unlimited)
[    6.309197] random 0000 0000 0000 7c18c7e6 d65ccb06: extract_entropy account returned: 16 
