[    0.000000] random 0000 0000 0000 00000000 00000000: rand_read_num 1 get_random_bytes(8): sig 00000000 00000000 00000000
[    0.000000] random 0000 0000 0000 00000000 00000000: extract_entropy(.. 8 ..)
[    0.000000] random 0000 0000 0000 00000000 00000000: going to reseed nonblocking with 64 bits (64 of 0 requested)
[    0.000000] random 0000 0000 0000 00000000 00000000: extract_entropy(.. 8 ..)
[    0.000000] random 0000 0000 0000 00000000 00000000: trying to extract 64 bits from input
[    0.000000] random 0000 0000 0000 00000000 00000000: debiting 0 entropy credits from input
[    0.000000] random 0000 0000 0000 00000000 00000000: extract_entropy account returned: 0 
[    0.000000] random 0000 0000 0000 00000000 00000000: urand_change_num 1 xfer_secondary_pool(8): pool_sig 00000000, data_sig 00000000, bytes_mixed 0 00000000 00000000
[    0.000000] random 0000 0000 0000 00000000 00000000: trying to extract 64 bits from nonblocking
[    0.000000] random 0000 0000 0000 00000000 00000000: debiting 64 entropy credits from nonblocking (unlimited)
[    0.000000] random 0000 0000 0000 00000000 00000000: extract_entropy account returned: 8 
[    0.000000] random 0000 0000 0000 00000000 00000000: urand_change_num 2 extract_buf: pool_sig 00000000, data_sig fffffff9, bytes_mixed 20 00000000 00000000
[    0.000000] Linux version 2.6.32.57 (dcashman@dcashman-02) (gcc version 4.3.3 (GCC) ) #3 Fri May 24 04:27:34 PDT 2013
[    0.000000] KERNEL supported cpus:
[    0.000000]   Intel GenuineIntel
[    0.000000]   AMD AuthenticAMD
[    0.000000]   NSC Geode by NSC
[    0.000000]   Cyrix CyrixInstead
[    0.000000]   Centaur CentaurHauls
[    0.000000]   Transmeta GenuineTMx86
[    0.000000]   Transmeta TransmetaCPU
[    0.000000]   UMC UMC UMC UMC
[    0.000000] BIOS-provided physical RAM map:
[    0.000000]  BIOS-e820: 0000000000000000 - 000000000009d800 (usable)
[    0.000000]  BIOS-e820: 000000000009d800 - 00000000000a0000 (reserved)
[    0.000000]  BIOS-e820: 00000000000d2000 - 00000000000d4000 (reserved)
[    0.000000]  BIOS-e820: 00000000000e0000 - 0000000000100000 (reserved)
[    0.000000]  BIOS-e820: 0000000000100000 - 000000003d6b0000 (usable)
[    0.000000]  BIOS-e820: 000000003d6b0000 - 000000003d6cc000 (ACPI data)
[    0.000000]  BIOS-e820: 000000003d6cc000 - 000000003d700000 (ACPI NVS)
[    0.000000]  BIOS-e820: 000000003d700000 - 000000003e000000 (reserved)
[    0.000000]  BIOS-e820: 00000000f0000000 - 00000000f4000000 (reserved)
[    0.000000]  BIOS-e820: 00000000fec00000 - 00000000fec10000 (reserved)
[    0.000000]  BIOS-e820: 00000000fed00000 - 00000000fed00400 (reserved)
[    0.000000]  BIOS-e820: 00000000fed14000 - 00000000fed1a000 (reserved)
[    0.000000]  BIOS-e820: 00000000fed1c000 - 00000000fed90000 (reserved)
[    0.000000]  BIOS-e820: 00000000fee00000 - 00000000fee01000 (reserved)
[    0.000000]  BIOS-e820: 00000000ff000000 - 0000000100000000 (reserved)
[    0.000000] DMI present.
[    0.000000] last_pfn = 0x3d6b0 max_arch_pfn = 0x100000
[    0.000000] MTRR default type: uncachable
[    0.000000] MTRR fixed ranges enabled:
[    0.000000]   00000-9FFFF write-back
[    0.000000]   A0000-BFFFF uncachable
[    0.000000]   C0000-CFFFF write-protect
[    0.000000]   D0000-DFFFF uncachable
[    0.000000]   E0000-FFFFF write-protect
[    0.000000] MTRR variable ranges enabled:
[    0.000000]   0 base 03E000000 mask FFE000000 uncachable
[    0.000000]   1 base 000000000 mask FC0000000 write-back
[    0.000000]   2 base 03D700000 mask FFFF00000 uncachable
[    0.000000]   3 base 03D800000 mask FFF800000 uncachable
[    0.000000]   4 disabled
[    0.000000]   5 disabled
[    0.000000]   6 disabled
[    0.000000]   7 disabled
[    0.000000] initial memory mapped : 0 - 02000000
[    0.000000] init_memory_mapping: 0000000000000000-00000000377fe000
[    0.000000]  0000000000 - 0000400000 page 4k
[    0.000000]  0000400000 - 0037400000 page 2M
[    0.000000]  0037400000 - 00377fe000 page 4k
[    0.000000] kernel direct mapping tables up to 377fe000 @ 7000-c000
[    0.000000] ACPI: RSDP 000f68d0 00024 (v02 LENOVO)
[    0.000000] ACPI: XSDT 3d6bb77f 00094 (v01 LENOVO TP-7L    00002170  LTP 00000000)
[    0.000000] ACPI: FACP 3d6bb900 000F4 (v03 LENOVO TP-7L    00002170 LNVO 00000001)
[    0.000000] ACPI Warning: 32/64X length mismatch in Gpe1Block: 0/32 (20090903/tbfadt-526)
[    0.000000] ACPI Warning: Optional field Gpe1Block has zero address or length: 000000000000102C/0 (20090903/tbfadt-557)
[    0.000000] ACPI: DSDT 3d6bbd1d 0FED1 (v01 LENOVO TP-7L    00002170 MSFT 03000000)
[    0.000000] ACPI: FACS 3d6e4000 00040
[    0.000000] ACPI: SSDT 3d6bbab4 00269 (v01 LENOVO TP-7L    00002170 MSFT 03000000)
[    0.000000] ACPI: ECDT 3d6cbbee 00052 (v01 LENOVO TP-7L    00002170 LNVO 00000001)
[    0.000000] ACPI: TCPA 3d6cbc40 00032 (v02 LENOVO TP-7L    00002170 LNVO 00000001)
[    0.000000] ACPI: APIC 3d6cbc72 00068 (v01 LENOVO TP-7L    00002170 LNVO 00000001)
[    0.000000] ACPI: MCFG 3d6cbcda 0003C (v01 LENOVO TP-7L    00002170 LNVO 00000001)
[    0.000000] ACPI: HPET 3d6cbd16 00038 (v01 LENOVO TP-7L    00002170 LNVO 00000001)
[    0.000000] ACPI: SLIC 3d6cbdf0 00176 (v01 LENOVO TP-7L    00002170  LTP 00000000)
[    0.000000] ACPI: BOOT 3d6cbf66 00028 (v01 LENOVO TP-7L    00002170  LTP 00000001)
[    0.000000] ACPI: ASF! 3d6cbf8e 00072 (v16 LENOVO TP-7L    00002170 PTL  00000001)
[    0.000000] ACPI: SSDT 3d6e26d9 0025F (v01 LENOVO TP-7L    00002170 INTL 20050513)
[    0.000000] ACPI: SSDT 3d6e2938 000A6 (v01 LENOVO TP-7L    00002170 INTL 20050513)
[    0.000000] ACPI: SSDT 3d6e29de 004F7 (v01 LENOVO TP-7L    00002170 INTL 20050513)
[    0.000000] ACPI: SSDT 3d6e2ed5 001D8 (v01 LENOVO TP-7L    00002170 INTL 20050513)
[    0.000000] ACPI: DMI detected: Lenovo ThinkPad R61
[    0.000000] ACPI: Added _OSI(Linux)
[    0.000000] ACPI: Local APIC address 0xfee00000
[    0.000000] 94MB HIGHMEM available.
[    0.000000] 887MB LOWMEM available.
[    0.000000]   mapped low ram: 0 - 377fe000
[    0.000000]   low ram: 0 - 377fe000
[    0.000000]   node 0 low ram: 00000000 - 377fe000
[    0.000000]   node 0 bootmap 00008000 - 0000ef00
[    0.000000] (6 early reservations) ==> bootmem [0000000000 - 00377fe000]
[    0.000000]   #0 [0000000000 - 0000001000]   BIOS data page ==> [0000000000 - 0000001000]
[    0.000000]   #1 [0001000000 - 0001bdc180]    TEXT DATA BSS ==> [0001000000 - 0001bdc180]
[    0.000000]   #2 [000009d800 - 0000100000]    BIOS reserved ==> [000009d800 - 0000100000]
[    0.000000]   #3 [0001bdd000 - 0001be516c]              BRK ==> [0001bdd000 - 0001be516c]
[    0.000000]   #4 [0000007000 - 0000008000]          PGTABLE ==> [0000007000 - 0000008000]
[    0.000000]   #5 [0000008000 - 000000f000]          BOOTMAP ==> [0000008000 - 000000f000]
[    0.000000] found SMP MP-table at [c00f6900] f6900
[    0.000000] Zone PFN ranges:
[    0.000000]   DMA      0x00000000 -> 0x00001000
[    0.000000]   Normal   0x00001000 -> 0x000377fe
[    0.000000]   HighMem  0x000377fe -> 0x0003d6b0
[    0.000000] Movable zone start PFN for each node
[    0.000000] early_node_map[2] active PFN ranges
[    0.000000]     0: 0x00000000 -> 0x0000009d
[    0.000000]     0: 0x00000100 -> 0x0003d6b0
[    0.000000] On node 0 totalpages: 251469
[    0.000000] free_area_init_node: node 0, pgdat c1901ea0, node_mem_map c1be7000
[    0.000000]   DMA zone: 32 pages used for memmap
[    0.000000]   DMA zone: 0 pages reserved
[    0.000000]   DMA zone: 3965 pages, LIFO batch:0
[    0.000000]   Normal zone: 1744 pages used for memmap
[    0.000000]   Normal zone: 221486 pages, LIFO batch:31
[    0.000000]   HighMem zone: 190 pages used for memmap
[    0.000000]   HighMem zone: 24052 pages, LIFO batch:3
[    0.000000] Using APIC driver default
[    0.000000] ACPI: PM-Timer IO Port: 0x1008
[    0.000000] ACPI: Local APIC address 0xfee00000
[    0.000000] ACPI: LAPIC (acpi_id[0x00] lapic_id[0x00] enabled)
[    0.000000] ACPI: LAPIC (acpi_id[0x01] lapic_id[0x01] enabled)
[    0.000000] ACPI: NR_CPUS/possible_cpus limit of 1 reached.  Processor 1/0x1 ignored.
[    0.000000] ACPI: LAPIC_NMI (acpi_id[0x00] high edge lint[0x1])
[    0.000000] ACPI: LAPIC_NMI (acpi_id[0x01] high edge lint[0x1])
[    0.000000] ACPI: IOAPIC (id[0x01] address[0xfec00000] gsi_base[0])
[    0.000000] IOAPIC[0]: apic_id 1, version 32, address 0xfec00000, GSI 0-23
[    0.000000] ACPI: INT_SRC_OVR (bus 0 bus_irq 0 global_irq 2 dfl dfl)
[    0.000000] ACPI: INT_SRC_OVR (bus 0 bus_irq 9 global_irq 9 high level)
[    0.000000] ACPI: IRQ0 used by override.
[    0.000000] ACPI: IRQ2 used by override.
[    0.000000] ACPI: IRQ9 used by override.
[    0.000000] Using ACPI (MADT) for SMP configuration information
[    0.000000] ACPI: HPET id: 0x8086a201 base: 0xfed00000
[    0.000000] nr_irqs_gsi: 24
[    0.000000] PM: Registered nosave memory: 000000000009d000 - 000000000009e000
[    0.000000] PM: Registered nosave memory: 000000000009e000 - 00000000000a0000
[    0.000000] PM: Registered nosave memory: 00000000000a0000 - 00000000000d2000
[    0.000000] PM: Registered nosave memory: 00000000000d2000 - 00000000000d4000
[    0.000000] PM: Registered nosave memory: 00000000000d4000 - 00000000000e0000
[    0.000000] PM: Registered nosave memory: 00000000000e0000 - 0000000000100000
[    0.000000] Allocating PCI resources starting at 3e000000 (gap: 3e000000:b2000000)
[    0.000000] Built 1 zonelists in Zone order, mobility grouping on.  Total pages: 249503
[    0.000000] Kernel command line: auto BOOT_IMAGE=Linux ro root=802 vt.default_utf8=0 maxcpus=0
[    0.000000] PID hash table entries: 4096 (order: 2, 16384 bytes)
[    0.000000] Dentry cache hash table entries: 131072 (order: 7, 524288 bytes)
[    0.000000] Inode-cache hash table entries: 65536 (order: 6, 262144 bytes)
[    0.000000] Enabling fast FPU save and restore... done.
[    0.000000] Enabling unmasked SIMD FPU exception support... done.
[    0.000000] Initializing CPU#0
[    0.000000] Initializing HighMem for node 0 (000377fe:0003d6b0)
[    0.000000] Memory: 984800k/1006272k available (6914k kernel code, 20876k reserved, 2328k data, 448k init, 96968k highmem)
[    0.000000] virtual kernel memory layout:
[    0.000000]     fixmap  : 0xfffa3000 - 0xfffff000   ( 368 kB)
[    0.000000]     pkmap   : 0xff800000 - 0xffc00000   (4096 kB)
[    0.000000]     vmalloc : 0xf7ffe000 - 0xff7fe000   ( 120 MB)
[    0.000000]     lowmem  : 0xc0000000 - 0xf77fe000   ( 887 MB)
[    0.000000]       .init : 0xc1907000 - 0xc1977000   ( 448 kB)
[    0.000000]       .data : 0xc16c0b5f - 0xc1906c64   (2328 kB)
[    0.000000]       .text : 0xc1000000 - 0xc16c0b5f   (6914 kB)
[    0.000000] Checking if this processor honours the WP bit even in supervisor mode...Ok.
[    0.000000] SLUB: Genslabs=13, HWalign=64, Order=0-3, MinObjects=0, CPUs=1, Nodes=1
[    0.000000] Hierarchical RCU implementation.
[    0.000000] NR_IRQS:288
[    0.000000] Extended CMOS year: 2000
[    0.000000] Console: colour VGA+ 80x25
[    0.000000] console [tty0] enabled
[    0.000000] hpet clockevent registered
[    0.000000] Fast TSC calibration using PIT
[    0.000000] Detected 2094.967 MHz processor.
[    0.001001] Calibrating delay loop (skipped), value calculated using timer frequency.. 4189.93 BogoMIPS (lpj=2094967)
[    0.001172] Security Framework initialized
[    0.001256] Mount-cache hash table entries: 512
[    0.001404] CPU: L1 I cache: 32K, L1 D cache: 32K
[    0.001532] CPU: L2 cache: 3072K
[    0.001611] mce: CPU supports 6 MCE banks
[    0.001695] CPU0: Thermal monitoring enabled (TM2)
[    0.002003] using mwait in idle threads.
[    0.002089] CPU: Intel(R) Core(TM)2 Duo CPU     T8100  @ 2.10GHz stepping 06
[    0.002271] Checking 'hlt' instruction... OK.
[    0.006936] ACPI: Core revision 20090903
[    0.026017] CANARY value: 68be6dd2 for PID: 1
[    0.026046] Enabling APIC mode:  Flat.  Using 1 I/O APICs
[    0.026512] ..TIMER: vector=0x30 apic1=0 pin1=2 apic2=-1 pin2=-1
[    0.036997] xor: automatically using best checksumming function: pIII_sse
[    0.040998]    pIII_sse  :  8568.000 MB/sec
[    0.041087] xor: using function: pIII_sse (8568.000 MB/sec)
[    0.041183] RANDOM - __seed init called.
[    0.041184] RANDOM - __seed init called.
[    0.041185] RANDOM - __seed init called.
[    0.041186] RANDOM - __random32 called. Change num 1.  Value: e6b75c0e	845fdb3c	4764ecc7
[    0.041188] RANDOM - __random32 called. Change num 2.  Value: 75c0e1a6	45fdb3ca	d98f8871
[    0.041190] RANDOM - __random32 called. Change num 3.  Value: e1a6d3e	5fdb3ca9	10e2be79
[    0.041192] RANDOM - __random32 called. Change num 4.  Value: a6d3e877	fdb3ca90	7cf2fee9
[    0.041193] RANDOM - __random32 called. Change num 5.  Value: 3e877b7b	db3ca905	fdd36ca1
[    0.041195] RANDOM - __random32 called. Change num 6.  Value: 77b7ba3d	b3ca905b	d9426901
[    0.041196] RANDOM - random32 init called.  Value: 77b7ba3d	b3ca905b	d9426901
[    0.041214] NET: Registered protocol family 16
[    0.041475] ACPI FADT declares the system doesn't support PCIe ASPM, so disable it
[    0.041597] ACPI: bus type pci registered
[    0.041765] PCI: MCFG configuration 0: base f0000000 segment 0 buses 0 - 63
[    0.041858] PCI: MCFG area at f0000000 reserved in E820
[    0.041953] PCI: Using MMCONFIG for extended config space
[    0.042002] PCI: Using configuration type 1 for base access
[    0.045165] bio: create slab <bio-0> at 0
[    0.045978] ACPI: EC: EC description table is found, configuring boot EC
[    0.051153] ACPI: BIOS _OSI(Linux) query honored via DMI
[    0.051870] random 0000 0000 0000 00000000 00000000: rand_read_num 2 get_random_bytes(8): sig fffffe1a 00000000 00000000
[    0.051873] random 0000 0000 0000 00000000 00000000: extract_entropy(.. 8 ..)
[    0.051876] random 0000 0000 0000 00000000 00000000: going to reseed nonblocking with 64 bits (64 of 0 requested)
[    0.051878] random 0000 0000 0000 00000000 00000000: extract_entropy(.. 8 ..)
[    0.051880] random 0000 0000 0000 00000000 00000000: trying to extract 64 bits from input
[    0.051882] random 0000 0000 0000 00000000 00000000: debiting 0 entropy credits from input
[    0.051884] random 0000 0000 0000 00000000 00000000: extract_entropy account returned: 0 
[    0.051887] random 0000 0000 0000 00000000 00000000: urand_change_num 3 xfer_secondary_pool(8): pool_sig fffffe1a, data_sig 00000000, bytes_mixed 0 00000000 00000000
[    0.051914] random 0000 0000 0000 00000000 00000000: trying to extract 64 bits from nonblocking
[    0.051917] random 0000 0000 0000 00000000 00000000: debiting 64 entropy credits from nonblocking (unlimited)
[    0.051919] random 0000 0000 0000 00000000 00000000: extract_entropy account returned: 8 
[    0.051923] random 0000 0000 0000 00000000 00000000: urand_change_num 4 extract_buf: pool_sig fffffe1a, data_sig fffffed7, bytes_mixed 20 00000000 00000000
[    0.057676] ACPI: Interpreter enabled
[    0.057761] ACPI: (supports S0 S3 S4 S5)
[    0.058082] ACPI: Using IOAPIC for interrupt routing
[    0.067811] ACPI: EC: GPE = 0x12, I/O: command/status = 0x66, data = 0x62
[    0.068105] ACPI: Power Resource [PUBS] (on)
[    0.070197] ACPI: ACPI Dock Station Driver: 3 docks/bays found
[    0.070606] ACPI: PCI Root Bridge [PCI0] (0000:00)
[    0.070779] pci 0000:00:02.0: reg 10 64bit mmio: [0xf8100000-0xf81fffff]
[    0.070785] pci 0000:00:02.0: reg 18 64bit mmio pref: [0xe0000000-0xefffffff]
[    0.070788] pci 0000:00:02.0: reg 20 io port: [0x1800-0x1807]
[    0.070823] pci 0000:00:02.1: reg 10 64bit mmio: [0xf8200000-0xf82fffff]
[    0.070929] pci 0000:00:19.0: reg 10 32bit mmio: [0xfe000000-0xfe01ffff]
[    0.070938] pci 0000:00:19.0: reg 14 32bit mmio: [0xfe025000-0xfe025fff]
[    0.070947] pci 0000:00:19.0: reg 18 io port: [0x1840-0x185f]
[    0.071023] pci 0000:00:19.0: PME# supported from D0 D3hot D3cold
[    0.071115] pci 0000:00:19.0: PME# disabled
[    0.071253] pci 0000:00:1a.0: reg 20 io port: [0x1860-0x187f]
[    0.071327] pci 0000:00:1a.1: reg 20 io port: [0x1880-0x189f]
[    0.071412] pci 0000:00:1a.7: reg 10 32bit mmio: [0xfe226c00-0xfe226fff]
[    0.071491] pci 0000:00:1a.7: PME# supported from D0 D3hot D3cold
[    0.071585] pci 0000:00:1a.7: PME# disabled
[    0.071740] pci 0000:00:1b.0: reg 10 64bit mmio: [0xfe020000-0xfe023fff]
[    0.071827] pci 0000:00:1b.0: PME# supported from D0 D3hot D3cold
[    0.071926] pci 0000:00:1b.0: PME# disabled
[    0.072107] pci 0000:00:1c.0: PME# supported from D0 D3hot D3cold
[    0.072203] pci 0000:00:1c.0: PME# disabled
[    0.072401] pci 0000:00:1c.1: PME# supported from D0 D3hot D3cold
[    0.072498] pci 0000:00:1c.1: PME# disabled
[    0.072699] pci 0000:00:1c.2: PME# supported from D0 D3hot D3cold
[    0.072794] pci 0000:00:1c.2: PME# disabled
[    0.073018] pci 0000:00:1c.3: PME# supported from D0 D3hot D3cold
[    0.073115] pci 0000:00:1c.3: PME# disabled
[    0.073969] pci 0000:00:1c.4: PME# supported from D0 D3hot D3cold
[    0.073998] pci 0000:00:1c.4: PME# disabled
[    0.074160] pci 0000:00:1d.0: reg 20 io port: [0x18a0-0x18bf]
[    0.074237] pci 0000:00:1d.1: reg 20 io port: [0x18c0-0x18df]
[    0.074316] pci 0000:00:1d.2: reg 20 io port: [0x18e0-0x18ff]
[    0.074409] pci 0000:00:1d.7: reg 10 32bit mmio: [0xfe227000-0xfe2273ff]
[    0.074511] pci 0000:00:1d.7: PME# supported from D0 D3hot D3cold
[    0.074605] pci 0000:00:1d.7: PME# disabled
[    0.074900] pci 0000:00:1f.0: quirk: region 1000-107f claimed by ICH6 ACPI/GPIO/TCO
[    0.075000] pci 0000:00:1f.0: quirk: region 1180-11bf claimed by ICH6 GPIO
[    0.075094] pci 0000:00:1f.0: ICH7 LPC Generic IO decode 1 PIO at 1600 (mask 007f)
[    0.075216] pci 0000:00:1f.0: ICH7 LPC Generic IO decode 2 PIO at 15e0 (mask 000f)
[    0.075342] pci 0000:00:1f.0: ICH7 LPC Generic IO decode 3 PIO at 1680 (mask 001f)
[    0.075546] pci 0000:00:1f.1: reg 10 io port: [0x00-0x07]
[    0.075558] pci 0000:00:1f.1: reg 14 io port: [0x00-0x03]
[    0.075565] pci 0000:00:1f.1: reg 18 io port: [0x00-0x07]
[    0.075578] pci 0000:00:1f.1: reg 1c io port: [0x00-0x03]
[    0.075592] pci 0000:00:1f.1: reg 20 io port: [0x1c00-0x1c0f]
[    0.075674] pci 0000:00:1f.2: reg 10 io port: [0x1c50-0x1c57]
[    0.075683] pci 0000:00:1f.2: reg 14 io port: [0x1c44-0x1c47]
[    0.075692] pci 0000:00:1f.2: reg 18 io port: [0x1c48-0x1c4f]
[    0.075699] pci 0000:00:1f.2: reg 1c io port: [0x1c40-0x1c43]
[    0.075708] pci 0000:00:1f.2: reg 20 io port: [0x1c20-0x1c3f]
[    0.075717] pci 0000:00:1f.2: reg 24 32bit mmio: [0xfe226000-0xfe2267ff]
[    0.075777] pci 0000:00:1f.2: PME# supported from D3hot
[    0.075871] pci 0000:00:1f.2: PME# disabled
[    0.076031] pci 0000:00:1f.3: reg 10 32bit mmio: [0xfe227400-0xfe2274ff]
[    0.076056] pci 0000:00:1f.3: reg 20 io port: [0x1c60-0x1c7f]
[    0.076136] pci 0000:00:1c.0: bridge io port: [0x2000-0x2fff]
[    0.076142] pci 0000:00:1c.0: bridge 32bit mmio: [0xfc000000-0xfdffffff]
[    0.076154] pci 0000:00:1c.0: bridge 64bit mmio pref: [0xf8000000-0xf80fffff]
[    0.076226] pci 0000:03:00.0: reg 10 64bit mmio: [0xdf3f0000-0xdf3fffff]
[    0.076420] pci 0000:00:1c.1: bridge io port: [0x3000-0x3fff]
[    0.076426] pci 0000:00:1c.1: bridge 32bit mmio: [0xdc000000-0xdf3fffff]
[    0.076435] pci 0000:00:1c.1: bridge 64bit mmio pref: [0xdfe00000-0xdfefffff]
[    0.076492] pci 0000:00:1c.2: bridge io port: [0x4000-0x4fff]
[    0.076498] pci 0000:00:1c.2: bridge 32bit mmio: [0xd8000000-0xd9ffffff]
[    0.076506] pci 0000:00:1c.2: bridge 64bit mmio pref: [0xdfb00000-0xdfbfffff]
[    0.076563] pci 0000:00:1c.3: bridge io port: [0x5000-0x5fff]
[    0.076569] pci 0000:00:1c.3: bridge 32bit mmio: [0xd4000000-0xd5ffffff]
[    0.076579] pci 0000:00:1c.3: bridge 64bit mmio pref: [0xdf800000-0xdf8fffff]
[    0.076633] pci 0000:00:1c.4: bridge io port: [0x6000-0x6fff]
[    0.076639] pci 0000:00:1c.4: bridge 32bit mmio: [0xd0000000-0xd1ffffff]
[    0.076648] pci 0000:00:1c.4: bridge 64bit mmio pref: [0xdf500000-0xdf5fffff]
[    0.076706] pci 0000:15:00.0: reg 10 32bit mmio: [0xf8300000-0xf8300fff]
[    0.076756] pci 0000:15:00.0: supports D1 D2
[    0.076757] pci 0000:15:00.0: PME# supported from D0 D1 D2 D3hot D3cold
[    0.076854] pci 0000:15:00.0: PME# disabled
[    0.077051] pci 0000:15:00.1: reg 10 32bit mmio: [0xf8301000-0xf83017ff]
[    0.077157] pci 0000:15:00.1: supports D1 D2
[    0.077159] pci 0000:15:00.1: PME# supported from D0 D1 D2 D3hot D3cold
[    0.077261] pci 0000:15:00.1: PME# disabled
[    0.077448] pci 0000:00:1e.0: transparent bridge
[    0.077539] pci 0000:00:1e.0: bridge io port: [0x7000-0xafff]
[    0.077545] pci 0000:00:1e.0: bridge 32bit mmio: [0xf8300000-0xfbffffff]
[    0.077555] pci 0000:00:1e.0: bridge 64bit mmio pref: [0xf4000000-0xf7ffffff]
[    0.077619] pci_bus 0000:00: on NUMA node 0
[    0.077623] ACPI: PCI Interrupt Routing Table [\_SB_.PCI0._PRT]
[    0.077756] ACPI: PCI Interrupt Routing Table [\_SB_.PCI0.EXP0._PRT]
[    0.077815] ACPI: PCI Interrupt Routing Table [\_SB_.PCI0.EXP1._PRT]
[    0.077872] ACPI: PCI Interrupt Routing Table [\_SB_.PCI0.EXP2._PRT]
[    0.077930] ACPI: PCI Interrupt Routing Table [\_SB_.PCI0.EXP3._PRT]
[    0.078017] ACPI: PCI Interrupt Routing Table [\_SB_.PCI0.EXP4._PRT]
[    0.078081] ACPI: PCI Interrupt Routing Table [\_SB_.PCI0.PCI1._PRT]
[    0.083532] ACPI: PCI Interrupt Link [LNKA] (IRQs 3 4 5 6 7 9 *10 11)
[    0.084303] ACPI: PCI Interrupt Link [LNKB] (IRQs 3 4 5 6 7 9 10 *11)
[    0.085144] ACPI: PCI Interrupt Link [LNKC] (IRQs 3 4 5 6 7 9 10 *11)
[    0.085948] ACPI: PCI Interrupt Link [LNKD] (IRQs 3 4 5 6 7 9 10 *11)
[    0.086729] ACPI: PCI Interrupt Link [LNKE] (IRQs 3 4 5 6 7 9 10 *11)
[    0.087501] ACPI: PCI Interrupt Link [LNKF] (IRQs 3 4 5 6 7 9 10 *11)
[    0.088295] ACPI: PCI Interrupt Link [LNKG] (IRQs 3 4 5 6 7 9 10 *11)
[    0.089162] ACPI: PCI Interrupt Link [LNKH] (IRQs 3 4 5 6 7 9 10 *11)
[    0.089917] vgaarb: device added: PCI:0000:00:02.0,decodes=io+mem,owns=io+mem,locks=none
[    0.090001] vgaarb: loaded
[    0.090178] SCSI subsystem initialized
[    0.090277] libata version 3.00 loaded.
[    0.090324] usbcore: registered new interface driver usbfs
[    0.090453] usbcore: registered new interface driver hub
[    0.090571] usbcore: registered new device driver usb
[    0.107039] raid6: int32x1    941 MB/s
[    0.124056] raid6: int32x2    890 MB/s
[    0.140987] raid6: int32x4    746 MB/s
[    0.158076] raid6: int32x8    660 MB/s
[    0.175000] raid6: mmxx1     2882 MB/s
[    0.191982] raid6: mmxx2     3269 MB/s
[    0.208996] raid6: sse1x1    1937 MB/s
[    0.225996] raid6: sse1x2    2535 MB/s
[    0.242983] raid6: sse2x1    3503 MB/s
[    0.259981] raid6: sse2x2    3824 MB/s
[    0.260070] raid6: using algorithm sse2x2 (3824 MB/s)
[    0.260167] PCI: Using ACPI for IRQ routing
[    0.260484] HPET: 3 timers in total, 0 timers will be used for per-cpu timer
[    0.260989] Switching to clocksource tsc
[    0.261098] pnp: PnP ACPI init
[    0.261190] ACPI: bus type pnp registered
[    0.264818] pnp: PnP ACPI: found 11 devices
[    0.264921] ACPI: ACPI bus type pnp unregistered
[    0.265018] system 00:00: iomem range 0x0-0x9ffff could not be reserved
[    0.265110] system 00:00: iomem range 0xc0000-0xc3fff could not be reserved
[    0.265200] system 00:00: iomem range 0xc4000-0xc7fff could not be reserved
[    0.265296] system 00:00: iomem range 0xc8000-0xcbfff has been reserved
[    0.265387] system 00:00: iomem range 0xcc000-0xcffff has been reserved
[    0.265478] system 00:00: iomem range 0xd0000-0xd3fff could not be reserved
[    0.265571] system 00:00: iomem range 0xe0000-0xe3fff could not be reserved
[    0.265671] system 00:00: iomem range 0xe4000-0xe7fff could not be reserved
[    0.265775] system 00:00: iomem range 0xe8000-0xebfff could not be reserved
[    0.265871] system 00:00: iomem range 0xec000-0xeffff could not be reserved
[    0.265962] system 00:00: iomem range 0xf0000-0xfffff could not be reserved
[    0.266051] system 00:00: iomem range 0x100000-0x3dffffff could not be reserved
[    0.266176] system 00:00: iomem range 0xfec00000-0xfed3ffff could not be reserved
[    0.266297] system 00:00: iomem range 0xfed4c000-0xffffffff could not be reserved
[    0.266422] system 00:02: ioport range 0x164e-0x164f has been reserved
[    0.266518] system 00:02: ioport range 0x1000-0x107f has been reserved
[    0.266608] system 00:02: ioport range 0x1180-0x11bf has been reserved
[    0.266705] system 00:02: ioport range 0x800-0x80f has been reserved
[    0.266795] system 00:02: ioport range 0x15e0-0x15ef has been reserved
[    0.266891] system 00:02: ioport range 0x1600-0x165f could not be reserved
[    0.266980] system 00:02: iomem range 0xf0000000-0xf3ffffff has been reserved
[    0.267077] system 00:02: iomem range 0xfed1c000-0xfed1ffff has been reserved
[    0.267179] system 00:02: iomem range 0xfed14000-0xfed17fff has been reserved
[    0.267268] system 00:02: iomem range 0xfed18000-0xfed18fff has been reserved
[    0.267361] system 00:02: iomem range 0xfed19000-0xfed19fff has been reserved
[    0.267455] system 00:02: iomem range 0xfed45000-0xfed4bfff has been reserved
[    0.302496] pci 0000:00:1c.0: PCI bridge, secondary bus 0000:02
[    0.302593] pci 0000:00:1c.0:   IO window: 0x2000-0x2fff
[    0.302692] pci 0000:00:1c.0:   MEM window: 0xfc000000-0xfdffffff
[    0.302796] pci 0000:00:1c.0:   PREFETCH window: 0x000000f8000000-0x000000f80fffff
[    0.302932] pci 0000:00:1c.1: PCI bridge, secondary bus 0000:03
[    0.303023] pci 0000:00:1c.1:   IO window: 0x3000-0x3fff
[    0.303118] pci 0000:00:1c.1:   MEM window: 0xdc000000-0xdf3fffff
[    0.303217] pci 0000:00:1c.1:   PREFETCH window: 0x000000dfe00000-0x000000dfefffff
[    0.303342] pci 0000:00:1c.2: PCI bridge, secondary bus 0000:04
[    0.303434] pci 0000:00:1c.2:   IO window: 0x4000-0x4fff
[    0.303529] pci 0000:00:1c.2:   MEM window: 0xd8000000-0xd9ffffff
[    0.303625] pci 0000:00:1c.2:   PREFETCH window: 0x000000dfb00000-0x000000dfbfffff
[    0.303753] pci 0000:00:1c.3: PCI bridge, secondary bus 0000:05
[    0.303854] pci 0000:00:1c.3:   IO window: 0x5000-0x5fff
[    0.303955] pci 0000:00:1c.3:   MEM window: 0xd4000000-0xd5ffffff
[    0.304055] pci 0000:00:1c.3:   PREFETCH window: 0x000000df800000-0x000000df8fffff
[    0.304185] pci 0000:00:1c.4: PCI bridge, secondary bus 0000:0d
[    0.304284] pci 0000:00:1c.4:   IO window: 0x6000-0x6fff
[    0.304382] pci 0000:00:1c.4:   MEM window: 0xd0000000-0xd1ffffff
[    0.304483] pci 0000:00:1c.4:   PREFETCH window: 0x000000df500000-0x000000df5fffff
[    0.304623] pci 0000:15:00.0: CardBus bridge, secondary bus 0000:16
[    0.304716] pci 0000:15:00.0:   IO window: 0x007000-0x0070ff
[    0.304809] pci 0000:15:00.0:   IO window: 0x007400-0x0074ff
[    0.304912] pci 0000:15:00.0:   PREFETCH window: 0xf4000000-0xf7ffffff
[    0.305007] pci 0000:15:00.0:   MEM window: 0x40000000-0x43ffffff
[    0.305108] pci 0000:00:1e.0: PCI bridge, secondary bus 0000:15
[    0.305200] pci 0000:00:1e.0:   IO window: 0x7000-0xafff
[    0.305291] pci 0000:00:1e.0:   MEM window: 0xf8300000-0xfbffffff
[    0.305399] pci 0000:00:1e.0:   PREFETCH window: 0x000000f4000000-0x000000f7ffffff
[    0.305548] pci 0000:00:1c.0: PCI INT A -> GSI 20 (level, low) -> IRQ 20
[    0.305647] pci 0000:00:1c.0: setting latency timer to 64
[    0.305661] pci 0000:00:1c.1: PCI INT B -> GSI 21 (level, low) -> IRQ 21
[    0.305760] pci 0000:00:1c.1: setting latency timer to 64
[    0.305769] pci 0000:00:1c.2: PCI INT C -> GSI 22 (level, low) -> IRQ 22
[    0.305866] pci 0000:00:1c.2: setting latency timer to 64
[    0.305880] pci 0000:00:1c.3: PCI INT D -> GSI 23 (level, low) -> IRQ 23
[    0.305978] pci 0000:00:1c.3: setting latency timer to 64
[    0.305991] pci 0000:00:1c.4: PCI INT A -> GSI 20 (level, low) -> IRQ 20
[    0.306085] pci 0000:00:1c.4: setting latency timer to 64
[    0.306091] pci 0000:00:1e.0: enabling device (0005 -> 0007)
[    0.306186] pci 0000:00:1e.0: setting latency timer to 64
[    0.306200] pci 0000:15:00.0: PCI INT A -> GSI 16 (level, low) -> IRQ 16
[    0.306294] pci 0000:15:00.0: setting latency timer to 64
[    0.306300] pci_bus 0000:00: resource 0 io:  [0x00-0xffff]
[    0.306302] pci_bus 0000:00: resource 1 mem: [0x000000-0xffffffff]
[    0.306304] pci_bus 0000:02: resource 0 io:  [0x2000-0x2fff]
[    0.306306] pci_bus 0000:02: resource 1 mem: [0xfc000000-0xfdffffff]
[    0.306307] pci_bus 0000:02: resource 2 pref mem [0xf8000000-0xf80fffff]
[    0.306309] pci_bus 0000:03: resource 0 io:  [0x3000-0x3fff]
[    0.306311] pci_bus 0000:03: resource 1 mem: [0xdc000000-0xdf3fffff]
[    0.306313] pci_bus 0000:03: resource 2 pref mem [0xdfe00000-0xdfefffff]
[    0.306315] pci_bus 0000:04: resource 0 io:  [0x4000-0x4fff]
[    0.306317] pci_bus 0000:04: resource 1 mem: [0xd8000000-0xd9ffffff]
[    0.306318] pci_bus 0000:04: resource 2 pref mem [0xdfb00000-0xdfbfffff]
[    0.306320] pci_bus 0000:05: resource 0 io:  [0x5000-0x5fff]
[    0.306322] pci_bus 0000:05: resource 1 mem: [0xd4000000-0xd5ffffff]
[    0.306324] pci_bus 0000:05: resource 2 pref mem [0xdf800000-0xdf8fffff]
[    0.306325] pci_bus 0000:0d: resource 0 io:  [0x6000-0x6fff]
[    0.306327] pci_bus 0000:0d: resource 1 mem: [0xd0000000-0xd1ffffff]
[    0.306329] pci_bus 0000:0d: resource 2 pref mem [0xdf500000-0xdf5fffff]
[    0.306331] pci_bus 0000:15: resource 0 io:  [0x7000-0xafff]
[    0.306333] pci_bus 0000:15: resource 1 mem: [0xf8300000-0xfbffffff]
[    0.306334] pci_bus 0000:15: resource 2 pref mem [0xf4000000-0xf7ffffff]
[    0.306336] pci_bus 0000:15: resource 3 io:  [0x00-0xffff]
[    0.306338] pci_bus 0000:15: resource 4 mem: [0x000000-0xffffffff]
[    0.306339] pci_bus 0000:16: resource 0 io:  [0x7000-0x70ff]
[    0.306341] pci_bus 0000:16: resource 1 io:  [0x7400-0x74ff]
[    0.306343] pci_bus 0000:16: resource 2 pref mem [0xf4000000-0xf7ffffff]
[    0.306345] pci_bus 0000:16: resource 3 mem: [0x40000000-0x43ffffff]
[    0.306352] NET: Registered protocol family 2
[    0.306443] RANDOM - __random32 called. Change num 7.  Value: 7ba3d01e	3ca905be	d2026a24
[    0.306444] RANDOM - random32 called.  Value: 7ba3d01e	3ca905be	d2026a24
[    0.306448] random 0000 0000 0000 5f8db4e5 4cfdf2a8: rand_read_num 3 get_random_bytes(4): sig fffffb64 5f8db4e5 4cfdf2a8
[    0.306451] random 0000 0000 0000 5f8db4e5 4cfdf2a8: extract_entropy(.. 4 ..)
[    0.306453] random 0000 0000 0000 5f8db4e5 4cfdf2a8: going to reseed nonblocking with 64 bits (32 of 0 requested)
[    0.306455] random 0000 0000 0000 5f8db4e5 4cfdf2a8: extract_entropy(.. 8 ..)
[    0.306457] random 0000 0000 0000 5f8db4e5 4cfdf2a8: trying to extract 64 bits from input
[    0.306459] random 0000 0000 0000 5f8db4e5 4cfdf2a8: debiting 0 entropy credits from input
[    0.306461] random 0000 0000 0000 5f8db4e5 4cfdf2a8: extract_entropy account returned: 0 
[    0.306464] random 0000 0000 0000 5f8db4e5 4cfdf2a8: urand_change_num 5 xfer_secondary_pool(4): pool_sig fffffb64, data_sig 00000000, bytes_mixed 0 5f8db4e5 4cfdf2a8
[    0.306467] random 0000 0000 0000 5f8db4e5 4cfdf2a8: trying to extract 32 bits from nonblocking
[    0.306469] random 0000 0000 0000 5f8db4e5 4cfdf2a8: debiting 32 entropy credits from nonblocking (unlimited)
[    0.306471] random 0000 0000 0000 5f8db4e5 4cfdf2a8: extract_entropy account returned: 4 
[    0.306476] random 0000 0000 0000 5f8db4e5 4cfdf2a8: urand_change_num 6 extract_buf: pool_sig fffffb64, data_sig 00000241, bytes_mixed 20 5f8db4e5 4cfdf2a8
[    0.306485] IP route cache hash table entries: 32768 (order: 5, 131072 bytes)
[    0.306617] RANDOM - __random32 called. Change num 8.  Value: 3d01e034	ca905be7	d4484227
[    0.306618] RANDOM - random32 called.  Value: 3d01e034	ca905be7	d4484227
[    0.306629] RANDOM - __random32 called. Change num 9.  Value: 1e034020	a905be70	844ec14a
[    0.306631] RANDOM - random32 called.  Value: 1e034020	a905be70	844ec14a
[    0.306632] RANDOM - __random32 called. Change num 10.  Value: 34020ec0	905be706	8294c719
[    0.306634] RANDOM - random32 called.  Value: 34020ec0	905be706	8294c719
[    0.306644] RANDOM - __random32 called. Change num 11.  Value: 20ec0ebb	5be7068	8e32c65f
[    0.306646] RANDOM - random32 called.  Value: 20ec0ebb	5be7068	8e32c65f
[    0.306656] TCP established hash table entries: 131072 (order: 8, 1048576 bytes)
[    0.307149] TCP bind hash table entries: 65536 (order: 6, 262144 bytes)
[    0.307335] TCP: Hash tables configured (established 131072 bind 65536)
[    0.307433] TCP reno registered
[    0.307546] NET: Registered protocol family 1
[    0.307660] RPC: Registered udp transport module.
[    0.307752] RPC: Registered tcp transport module.
[    0.307850] RPC: Registered tcp NFSv4.1 backchannel transport module.
[    0.307945] pci 0000:00:02.0: Boot video device
[    0.308157] Simple Boot Flag at 0x35 set to 0x1
[    0.308674] highmem bounce pool size: 64 pages
[    0.310244] VFS: Disk quotas dquot_6.5.2
[    0.310367] Dquot-cache hash table entries: 1024 (order 0, 4096 bytes)
[    0.311047] NTFS driver 2.1.29 [Flags: R/W].
[    0.311213] ROMFS MTD (C) 2007 Red Hat, Inc.
[    0.311424] JFS: nTxBlock = 7695, nTxLock = 61562
[    0.313911] SGI XFS with ACLs, security attributes, large block/inode numbers, no debug enabled
[    0.314385] SGI XFS Quota Management subsystem
[    0.314676] Slow work thread pool: Starting up
[    0.314778] Slow work thread pool: Ready
[    0.314887] GFS2 (built May 24 2013 02:47:17) installed
[    0.314980] msgmni has been set to 1734
[    0.315145] alg: No test for cipher_null (cipher_null-generic)
[    0.315244] alg: No test for ecb(cipher_null) (ecb-cipher_null)
[    0.315342] alg: No test for digest_null (digest_null-generic)
[    0.315442] alg: No test for compress_null (compress_null-generic)
[    0.316003] alg: No test for fcrypt (fcrypt-generic)
[    0.317414] alg: No test for stdrng (krng)
[    0.317505] async_tx: api initialized (async)
[    0.317662] Block layer SCSI generic (bsg) driver version 0.4 loaded (major 254)
[    0.317784] io scheduler noop registered
[    0.317884] io scheduler anticipatory registered
[    0.317977] io scheduler deadline registered
[    0.318115] io scheduler cfq registered (default)
[    0.318354] pcieport 0000:00:1c.0: irq 24 for MSI/MSI-X
[    0.318370] pcieport 0000:00:1c.0: setting latency timer to 64
[    0.318554] pcieport 0000:00:1c.1: irq 25 for MSI/MSI-X
[    0.318564] pcieport 0000:00:1c.1: setting latency timer to 64
[    0.318747] pcieport 0000:00:1c.2: irq 26 for MSI/MSI-X
[    0.318756] pcieport 0000:00:1c.2: setting latency timer to 64
[    0.318946] pcieport 0000:00:1c.3: irq 27 for MSI/MSI-X
[    0.318956] pcieport 0000:00:1c.3: setting latency timer to 64
[    0.319133] pcieport 0000:00:1c.4: irq 28 for MSI/MSI-X
[    0.319145] pcieport 0000:00:1c.4: setting latency timer to 64
[    0.319286] pci_hotplug: PCI Hot Plug PCI Core version: 0.5
[    0.319478] isapnp: Scanning for PnP cards...
[    0.680003] isapnp: No Plug & Play device found
[    0.680094] random 0000 0000 0000 5f8db4e5 4cfdf2a8: initializing
[    0.699583] Serial: 8250/16550 driver, 4 ports, IRQ sharing enabled
[    3.710295] floppy0: no floppy controllers found
[    3.711247] brd: module loaded
[    3.711758] loop: module loaded
[    3.711845] Compaq SMART2 Driver (v 2.6.0)
[    3.711973] HP CISS Driver (v 3.6.20)
[    3.712216] input: Macintosh mouse button emulation as /devices/virtual/input/input0
[    3.712363] Uniform Multi-Platform E-IDE driver
[    3.712587] piix 0000:00:1f.1: IDE controller (0x8086:0x2850 rev 0x03)
[    3.712694] pci 0000:00:1f.1: PCI INT C -> GSI 16 (level, low) -> IRQ 16
[    3.712799] piix 0000:00:1f.1: IDE port disabled
[    3.712904] piix 0000:00:1f.1: not 100% native mode: will probe irqs later
[    3.713009]     ide0: BM-DMA at 0x1c00-0x1c07
[    3.713108] Probing IDE interface ide0...
[    4.384403] hda: HL-DT-ST DVDRAM GSA-U10N, ATAPI CD/DVD-ROM drive
[    4.691163] hda: host max PIO4 wanted PIO255(auto-tune) selected PIO4
[    4.691940] hda: UDMA/33 mode selected
[    4.692405] ide0 at 0x1f0-0x1f7,0x3f6 on irq 14
[    4.696320] ide-gd driver 1.18
[    4.696425] ide-cd driver 5.00
[    4.697819] ide-cd: hda: ATAPI 24X DVD-ROM DVD-R/RAM CD-R/RW drive, 2048kB Cache
[    4.698295] Uniform CD-ROM driver Revision: 3.20
[    4.705323] Loading iSCSI transport class v2.0-870.
[    4.705612] rdac: device handler registered
[    4.705700] hp_sw: device handler registered
[    4.705790] emc: device handler registered
[    4.705885] alua: device handler registered
[    4.706876] Adaptec aacraid driver 1.1-5[2461]-ms
[    4.707304] scsi: <fdomain> Detection failed (no card)
[    4.707404] sym53c416.c: Version 1.0.0-ac
[    4.707511] qlogicfas: no cards were found, please specify I/O address and IRQ using iobase= and irq= options
[    4.707636] QLogic Fibre Channel HBA Driver: 8.03.01-k6
[    4.707861] iscsi: registered transport (qla4xxx)
[    4.707971] QLogic iSCSI HBA Driver
[    4.708058] Emulex LightPulse Fibre Channel SCSI driver 8.3.4
[    4.708152] Copyright(c) 2004-2009 Emulex.  All rights reserved.
[    4.730146] Failed initialization of WD-7000 SCSI card!
[    4.819610] DC390: clustering now enabled by default. If you get problems load
[    4.819731]        with "disable_clustering=1" and report to maintainers
[    4.819866] megaraid cmm: 2.20.2.7 (Release Date: Sun Jul 16 00:01:03 EST 2006)
[    4.820017] megaraid: 2.20.5.1 (Release Date: Thu Nov 16 15:32:35 EST 2006)
[    4.820132] megasas: 00.00.04.01 Thu July 24 11:41:51 PST 2008
[    4.820265] GDT-HA: Storage RAID Controller Driver. Version: 3.05
[    4.820412] 3ware Storage Controller device driver for Linux v1.26.02.002.
[    4.820525] 3ware 9000 Storage Controller device driver for Linux v2.26.02.012.
[    4.820666] nsp32: loading...
[    4.820777] ipr: IBM Power RAID SCSI Device Driver version: 2.4.3 (June 10, 2009)
[    4.820926] RocketRAID 3xxx/4xxx Controller driver v1.6 (090910)
[    4.821038] stex: Promise SuperTrak EX Driver version: 4.6.0000.3
[    4.821179] st: Version 20081215, fixed bufsize 32768, s/g segs 256
[    4.821367] ahci 0000:00:1f.2: version 3.0
[    4.821382] ahci 0000:00:1f.2: PCI INT B -> GSI 16 (level, low) -> IRQ 16
[    4.821519] ahci 0000:00:1f.2: irq 29 for MSI/MSI-X
[    4.821576] ahci 0000:00:1f.2: AHCI 0001.0100 32 slots 3 ports 1.5 Gbps 0x5 impl SATA mode
[    4.821699] ahci 0000:00:1f.2: flags: 64bit ncq sntf pm led clo pio slum part ccc 
[    4.821830] ahci 0000:00:1f.2: setting latency timer to 64
[    4.821973] scsi2 : ahci
[    4.822145] scsi3 : ahci
[    4.822289] scsi4 : ahci
[    4.822454] ata1: SATA max UDMA/133 abar m2048@0xfe226000 port 0xfe226100 irq 29
[    4.822574] ata2: DUMMY
[    4.822669] ata3: SATA max UDMA/133 abar m2048@0xfe226000 port 0xfe226200 irq 29
[    4.823288] I2O subsystem v1.325
[    4.823380] i2o: max drivers = 8
[    4.823532] I2O Configuration OSM v1.323
[    4.823634] I2O Bus Adapter OSM v1.317
[    4.823736] I2O Block Device OSM v1.325
[    4.823885] I2O SCSI Peripheral OSM v1.316
[    4.823993] I2O ProcFS OSM v1.316
[    4.824100] Fusion MPT base driver 3.04.12
[    4.824203] Copyright (c) 1999-2008 LSI Corporation
[    4.824298] Fusion MPT SPI Host driver 3.04.12
[    4.824445] Fusion MPT FC Host driver 3.04.12
[    4.824560] Fusion MPT SAS Host driver 3.04.12
[    4.824714] ohci1394 0000:15:00.1: PCI INT B -> GSI 17 (level, low) -> IRQ 17
[    4.824809] ohci1394 0000:15:00.1: setting latency timer to 64
[    4.878142] ohci1394: fw-host0: OHCI-1394 1.1 (PCI): IRQ=[17]  MMIO=[f8301000-f83017ff]  Max Packet=[2048]  IR/IT contexts=[4/4]
[    4.881406] ehci_hcd: USB 2.0 'Enhanced' Host Controller (EHCI) Driver
[    4.881674] ehci_hcd 0000:00:1a.7: power state changed by ACPI to D0
[    4.881932] ehci_hcd 0000:00:1a.7: power state changed by ACPI to D0
[    4.882028] ehci_hcd 0000:00:1a.7: PCI INT C -> GSI 22 (level, low) -> IRQ 22
[    4.882129] ehci_hcd 0000:00:1a.7: setting latency timer to 64
[    4.882135] ehci_hcd 0000:00:1a.7: EHCI Host Controller
[    4.882274] ehci_hcd 0000:00:1a.7: new USB bus registered, assigned bus number 1
[    4.886299] ehci_hcd 0000:00:1a.7: cache line size of 32 is not supported
[    4.886308] ehci_hcd 0000:00:1a.7: irq 22, io mem 0xfe226c00
[    4.896100] ehci_hcd 0000:00:1a.7: USB 2.0 started, EHCI 1.00
[    4.896201] usb usb1: New USB device found, idVendor=1d6b, idProduct=0002
[    4.896302] usb usb1: New USB device strings: Mfr=3, Product=2, SerialNumber=1
[    4.896426] usb usb1: Product: EHCI Host Controller
[    4.896513] usb usb1: Manufacturer: Linux 2.6.32.57 ehci_hcd
[    4.896606] usb usb1: SerialNumber: 0000:00:1a.7
[    4.896757] usb usb1: configuration #1 chosen from 1 choice
[    4.896876] hub 1-0:1.0: USB hub found
[    4.896970] hub 1-0:1.0: 4 ports detected
[    4.897275] ehci_hcd 0000:00:1d.7: power state changed by ACPI to D0
[    4.897515] ehci_hcd 0000:00:1d.7: power state changed by ACPI to D0
[    4.897615] ehci_hcd 0000:00:1d.7: PCI INT D -> GSI 19 (level, low) -> IRQ 19
[    4.897716] ehci_hcd 0000:00:1d.7: setting latency timer to 64
[    4.897719] ehci_hcd 0000:00:1d.7: EHCI Host Controller
[    4.897847] ehci_hcd 0000:00:1d.7: new USB bus registered, assigned bus number 2
[    4.897999] ehci_hcd 0000:00:1d.7: debug port 1
[    4.901984] ehci_hcd 0000:00:1d.7: cache line size of 32 is not supported
[    4.901992] ehci_hcd 0000:00:1d.7: irq 19, io mem 0xfe227000
[    4.912097] ehci_hcd 0000:00:1d.7: USB 2.0 started, EHCI 1.00
[    4.912211] usb usb2: New USB device found, idVendor=1d6b, idProduct=0002
[    4.912299] usb usb2: New USB device strings: Mfr=3, Product=2, SerialNumber=1
[    4.912420] usb usb2: Product: EHCI Host Controller
[    4.912511] usb usb2: Manufacturer: Linux 2.6.32.57 ehci_hcd
[    4.912598] usb usb2: SerialNumber: 0000:00:1d.7
[    4.912738] usb usb2: configuration #1 chosen from 1 choice
[    4.912860] hub 2-0:1.0: USB hub found
[    4.912962] hub 2-0:1.0: 6 ports detected
[    4.913154] 116x: driver isp116x-hcd, 03 Nov 2005
[    4.913263] ohci_hcd: USB 1.1 'Open' Host Controller (OHCI) Driver
[    4.913385] uhci_hcd: USB Universal Host Controller Interface driver
[    4.913498] uhci_hcd 0000:00:1a.0: PCI INT A -> GSI 20 (level, low) -> IRQ 20
[    4.913601] uhci_hcd 0000:00:1a.0: setting latency timer to 64
[    4.913606] uhci_hcd 0000:00:1a.0: UHCI Host Controller
[    4.913734] uhci_hcd 0000:00:1a.0: new USB bus registered, assigned bus number 3
[    4.913887] uhci_hcd 0000:00:1a.0: irq 20, io base 0x00001860
[    4.914004] usb usb3: New USB device found, idVendor=1d6b, idProduct=0001
[    4.914104] usb usb3: New USB device strings: Mfr=3, Product=2, SerialNumber=1
[    4.914223] usb usb3: Product: UHCI Host Controller
[    4.914307] usb usb3: Manufacturer: Linux 2.6.32.57 uhci_hcd
[    4.914397] usb usb3: SerialNumber: 0000:00:1a.0
[    4.914534] usb usb3: configuration #1 chosen from 1 choice
[    4.914651] hub 3-0:1.0: USB hub found
[    4.914744] hub 3-0:1.0: 2 ports detected
[    4.915045] uhci_hcd 0000:00:1a.1: power state changed by ACPI to D0
[    4.915294] uhci_hcd 0000:00:1a.1: power state changed by ACPI to D0
[    4.915403] uhci_hcd 0000:00:1a.1: PCI INT B -> GSI 21 (level, low) -> IRQ 21
[    4.915507] uhci_hcd 0000:00:1a.1: setting latency timer to 64
[    4.915510] uhci_hcd 0000:00:1a.1: UHCI Host Controller
[    4.915638] uhci_hcd 0000:00:1a.1: new USB bus registered, assigned bus number 4
[    4.915791] uhci_hcd 0000:00:1a.1: irq 21, io base 0x00001880
[    4.915910] usb usb4: New USB device found, idVendor=1d6b, idProduct=0001
[    4.916001] usb usb4: New USB device strings: Mfr=3, Product=2, SerialNumber=1
[    4.916136] usb usb4: Product: UHCI Host Controller
[    4.916226] usb usb4: Manufacturer: Linux 2.6.32.57 uhci_hcd
[    4.916314] usb usb4: SerialNumber: 0000:00:1a.1
[    4.916455] usb usb4: configuration #1 chosen from 1 choice
[    4.916588] hub 4-0:1.0: USB hub found
[    4.916679] hub 4-0:1.0: 2 ports detected
[    4.916969] uhci_hcd 0000:00:1d.0: power state changed by ACPI to D0
[    4.917255] uhci_hcd 0000:00:1d.0: power state changed by ACPI to D0
[    4.917351] uhci_hcd 0000:00:1d.0: PCI INT A -> GSI 16 (level, low) -> IRQ 16
[    4.917447] uhci_hcd 0000:00:1d.0: setting latency timer to 64
[    4.917450] uhci_hcd 0000:00:1d.0: UHCI Host Controller
[    4.917581] uhci_hcd 0000:00:1d.0: new USB bus registered, assigned bus number 5
[    4.917732] uhci_hcd 0000:00:1d.0: irq 16, io base 0x000018a0
[    4.917852] usb usb5: New USB device found, idVendor=1d6b, idProduct=0001
[    4.917943] usb usb5: New USB device strings: Mfr=3, Product=2, SerialNumber=1
[    4.918067] usb usb5: Product: UHCI Host Controller
[    4.918167] usb usb5: Manufacturer: Linux 2.6.32.57 uhci_hcd
[    4.918254] usb usb5: SerialNumber: 0000:00:1d.0
[    4.918392] usb usb5: configuration #1 chosen from 1 choice
[    4.918513] hub 5-0:1.0: USB hub found
[    4.918611] hub 5-0:1.0: 2 ports detected
[    4.918753] uhci_hcd 0000:00:1d.1: PCI INT B -> GSI 17 (level, low) -> IRQ 17
[    4.918848] uhci_hcd 0000:00:1d.1: setting latency timer to 64
[    4.918853] uhci_hcd 0000:00:1d.1: UHCI Host Controller
[    4.918981] uhci_hcd 0000:00:1d.1: new USB bus registered, assigned bus number 6
[    4.919134] uhci_hcd 0000:00:1d.1: irq 17, io base 0x000018c0
[    4.919246] usb usb6: New USB device found, idVendor=1d6b, idProduct=0001
[    4.919337] usb usb6: New USB device strings: Mfr=3, Product=2, SerialNumber=1
[    4.919462] usb usb6: Product: UHCI Host Controller
[    4.919550] usb usb6: Manufacturer: Linux 2.6.32.57 uhci_hcd
[    4.919640] usb usb6: SerialNumber: 0000:00:1d.1
[    4.919776] usb usb6: configuration #1 chosen from 1 choice
[    4.919901] hub 6-0:1.0: USB hub found
[    4.919991] hub 6-0:1.0: 2 ports detected
[    4.920283] uhci_hcd 0000:00:1d.2: power state changed by ACPI to D0
[    4.920518] uhci_hcd 0000:00:1d.2: power state changed by ACPI to D0
[    4.920614] uhci_hcd 0000:00:1d.2: PCI INT C -> GSI 18 (level, low) -> IRQ 18
[    4.920709] uhci_hcd 0000:00:1d.2: setting latency timer to 64
[    4.920714] uhci_hcd 0000:00:1d.2: UHCI Host Controller
[    4.920841] uhci_hcd 0000:00:1d.2: new USB bus registered, assigned bus number 7
[    4.920995] uhci_hcd 0000:00:1d.2: irq 18, io base 0x000018e0
[    4.921111] usb usb7: New USB device found, idVendor=1d6b, idProduct=0001
[    4.921205] usb usb7: New USB device strings: Mfr=3, Product=2, SerialNumber=1
[    4.921325] usb usb7: Product: UHCI Host Controller
[    4.921421] usb usb7: Manufacturer: Linux 2.6.32.57 uhci_hcd
[    4.921510] usb usb7: SerialNumber: 0000:00:1d.2
[    4.922300] usb usb7: configuration #1 chosen from 1 choice
[    4.922421] hub 7-0:1.0: USB hub found
[    4.922511] hub 7-0:1.0: 2 ports detected
[    4.922683] sl811: driver sl811-hcd, 19 May 2005
[    4.922789] r8a66597_hcd: driver r8a66597_hcd, 2009-05-26
[    4.922958] Initializing USB Mass Storage driver...
[    4.923084] usbcore: registered new interface driver usb-storage
[    4.923179] USB Mass Storage support registered.
[    4.923287] usbcore: registered new interface driver ums-alauda
[    4.923398] usbcore: registered new interface driver ums-cypress
[    4.923507] usbcore: registered new interface driver ums-datafab
[    4.923617] usbcore: registered new interface driver ums-freecom
[    4.923730] usbcore: registered new interface driver ums-isd200
[    4.923847] usbcore: registered new interface driver ums-jumpshot
[    4.923960] usbcore: registered new interface driver ums-karma
[    4.924069] usbcore: registered new interface driver ums-onetouch
[    4.924196] usbcore: registered new interface driver ums-sddr09
[    4.924305] usbcore: registered new interface driver ums-sddr55
[    4.924419] usbcore: registered new interface driver ums-usbat
[    4.924562] PNP: PS/2 Controller [PNP0303:KBD,PNP0f13:MOU] at 0x60,0x64 irq 1,12
[    4.933271] serio: i8042 KBD port at 0x60,0x64 irq 1
[    4.933362] serio: i8042 AUX port at 0x60,0x64 irq 12
[    4.933602] mice: PS/2 mouse device common for all mice
[    4.933713] i2c /dev entries driver
[    4.933845] md: linear personality registered for level -1
[    4.933937] md: raid0 personality registered for level 0
[    4.934027] md: raid1 personality registered for level 1
[    4.934127] md: raid10 personality registered for level 10
[    4.934218] md: raid6 personality registered for level 6
[    4.934304] md: raid5 personality registered for level 5
[    4.934393] md: raid4 personality registered for level 4
[    4.934481] md: multipath personality registered for level -4
[    4.934687] device-mapper: ioctl: 4.15.0-ioctl (2009-04-01) initialised: dm-devel@redhat.com
[    4.934885] cpuidle: using governor ladder
[    4.935488] usbcore: registered new interface driver usbhid
[    4.935585] usbhid: v2.6:USB HID core driver
[    4.935734] random 0000 0000 0000 00000000 00000000: rand_read_num 4 get_random_bytes(136): sig 00000000 00000000 00000000
[    4.935736] random 0000 0000 0000 00000000 00000000: extract_entropy(.. 136 ..)
[    4.935739] random 0000 0000 0000 00000000 00000000: going to reseed nonblocking with 1024 bits (1088 of 0 requested)
[    4.935741] random 0000 0000 0000 00000000 00000000: extract_entropy(.. 128 ..)
[    4.935743] random 0000 0000 0000 00000000 00000000: trying to extract 1024 bits from input
[    4.935745] random 0000 0000 0000 00000000 00000000: debiting 0 entropy credits from input
[    4.935747] random 0000 0000 0000 00000000 00000000: extract_entropy account returned: 0 
[    4.935750] random 0000 0000 0000 00000000 00000000: urand_change_num 7 xfer_secondary_pool(136): pool_sig 00000000, data_sig 00000000, bytes_mixed 0 00000000 00000000
[    4.935753] random 0000 0000 0000 00000000 00000000: trying to extract 1088 bits from nonblocking
[    4.935756] random 0000 0000 0000 00000000 00000000: debiting 1088 entropy credits from nonblocking (unlimited)
[    4.935758] random 0000 0000 0000 00000000 00000000: extract_entropy account returned: 136 
[    4.935762] random 0000 0000 0000 00000000 00000000: urand_change_num 8 extract_buf: pool_sig 00000000, data_sig fffffff9, bytes_mixed 20 00000000 00000000
[    4.935768] random 0000 0000 0000 b7c35b56 be4dc95d: urand_change_num 9 extract_buf: pool_sig fffffd1e, data_sig 000000c5, bytes_mixed 20 b7c35b56 be4dc95d
[    4.935773] random 0000 0000 0000 ed9f5c47 c48487fb: urand_change_num 10 extract_buf: pool_sig fffff8ec, data_sig ffffff68, bytes_mixed 20 ed9f5c47 c48487fb
[    4.935779] random 0000 0000 0000 ed9f5c47 c48487fb: urand_change_num 11 extract_buf: pool_sig fffffaed, data_sig 000001aa, bytes_mixed 20 ed9f5c47 c48487fb
[    4.935784] random 0000 0000 0000 1b4f7c0a 91bd6a48: urand_change_num 12 extract_buf: pool_sig fffffdd8, data_sig 00000064, bytes_mixed 20 1b4f7c0a 91bd6a48
[    4.935789] random 0000 0000 0000 a254b9bc 20e9a24f: urand_change_num 13 extract_buf: pool_sig fffffbe6, data_sig 000001dd, bytes_mixed 20 a254b9bc 20e9a24f
[    4.935794] random 0000 0000 0000 a254b9bc 20e9a24f: urand_change_num 14 extract_buf: pool_sig fffff940, data_sig fffffe20, bytes_mixed 20 a254b9bc 20e9a24f
[    4.935799] random 0000 0000 0000 2831a66b 5fa2a3ad: urand_change_num 15 extract_buf: pool_sig fffffbce, data_sig 0000007e, bytes_mixed 20 2831a66b 5fa2a3ad
[    4.935804] random 0000 0000 0000 2831a66b 5fa2a3ad: urand_change_num 16 extract_buf: pool_sig 000004df, data_sig fffffe8f, bytes_mixed 20 2831a66b 5fa2a3ad
[    4.935810] random 0000 0000 0000 d4512bfd c9a54e0b: urand_change_num 17 extract_buf: pool_sig 00000485, data_sig fffffe68, bytes_mixed 20 d4512bfd c9a54e0b
[    4.935815] random 0000 0000 0000 c7371be6 f9ffea11: urand_change_num 18 extract_buf: pool_sig 00000095, data_sig ffffffed, bytes_mixed 20 c7371be6 f9ffea11
[    4.935820] random 0000 0000 0000 c7371be6 f9ffea11: urand_change_num 19 extract_buf: pool_sig 000003a7, data_sig fffffefa, bytes_mixed 20 c7371be6 f9ffea11
[    4.935825] random 0000 0000 0000 8fb4b62c d1ddba54: urand_change_num 20 extract_buf: pool_sig 00000179, data_sig ffffff78, bytes_mixed 20 8fb4b62c d1ddba54
[    4.935830] random 0000 0000 0000 9ff19f9c c07a1d2a: urand_change_num 21 extract_buf: pool_sig fffffe88, data_sig 00000126, bytes_mixed 20 9ff19f9c c07a1d2a
[    4.935834] TCP cubic registered
[    4.935922] Initializing XFRM netlink socket
[    4.936023] NET: Registered protocol family 17
[    4.936135] Using IPI Shortcut mode
[    4.936236] random 0000 0000 0000 9ff19f9c c07a1d2a: rand_read_num 5 get_random_bytes(8): sig 0000031b 9ff19f9c c07a1d2a
[    4.936238] random 0000 0000 0000 9ff19f9c c07a1d2a: extract_entropy(.. 8 ..)
[    4.936241] random 0000 0000 0000 9ff19f9c c07a1d2a: going to reseed nonblocking with 64 bits (64 of 0 requested)
[    4.936243] random 0000 0000 0000 9ff19f9c c07a1d2a: extract_entropy(.. 8 ..)
[    4.936245] random 0000 0000 0000 9ff19f9c c07a1d2a: trying to extract 64 bits from input
[    4.936247] random 0000 0000 0000 9ff19f9c c07a1d2a: debiting 0 entropy credits from input
[    4.936249] random 0000 0000 0000 9ff19f9c c07a1d2a: extract_entropy account returned: 0 
[    4.936252] random 0000 0000 0000 9ff19f9c c07a1d2a: urand_change_num 22 xfer_secondary_pool(8): pool_sig 0000031b, data_sig 00000000, bytes_mixed 0 9ff19f9c c07a1d2a
[    4.936255] random 0000 0000 0000 9ff19f9c c07a1d2a: trying to extract 64 bits from nonblocking
[    4.936257] random 0000 0000 0000 9ff19f9c c07a1d2a: debiting 64 entropy credits from nonblocking (unlimited)
[    4.936259] random 0000 0000 0000 9ff19f9c c07a1d2a: extract_entropy account returned: 8 
[    4.936263] random 0000 0000 0000 9ff19f9c c07a1d2a: urand_change_num 23 extract_buf: pool_sig 0000031b, data_sig ffffffb3, bytes_mixed 20 9ff19f9c c07a1d2a
[    4.939268] input: AT Translated Set 2 keyboard as /devices/platform/i8042/serio0/input/input1
[    5.128078] ata3: SATA link down (SStatus 0 SControl 300)
[    5.128193] ata1: SATA link up 1.5 Gbps (SStatus 113 SControl 300)
[    5.129964] ata1.00: ACPI cmd ef/02:00:00:00:00:a0 (SET FEATURES) succeeded
[    5.129967] ata1.00: ACPI cmd f5/00:00:00:00:00:a0 (SECURITY FREEZE LOCK) filtered out
[    5.131362] ata1.00: ACPI cmd ef/5f:00:00:00:00:a0 (SET FEATURES) succeeded
[    5.131364] ata1.00: ACPI cmd ef/10:03:00:00:00:a0 (SET FEATURES) filtered out
[    5.133271] ata1.00: ATA-7: ST910021AS, 4.06, max UDMA/100
[    5.133364] ata1.00: 195371568 sectors, multi 16: LBA48 
[    5.135510] ata1.00: ACPI cmd ef/02:00:00:00:00:a0 (SET FEATURES) succeeded
[    5.135512] ata1.00: ACPI cmd f5/00:00:00:00:00:a0 (SECURITY FREEZE LOCK) filtered out
[    5.136903] ata1.00: ACPI cmd ef/5f:00:00:00:00:a0 (SET FEATURES) succeeded
[    5.136905] ata1.00: ACPI cmd ef/10:03:00:00:00:a0 (SET FEATURES) filtered out
[    5.138828] ata1.00: configured for UDMA/100
[    5.149123] scsi 2:0:0:0: Direct-Access     ATA      ST910021AS       4.06 PQ: 0 ANSI: 5
[    5.149403] sd 2:0:0:0: [sda] 195371568 512-byte logical blocks: (100 GB/93.1 GiB)
[    5.149547] sd 2:0:0:0: [sda] Write Protect is off
[    5.149637] sd 2:0:0:0: [sda] Mode Sense: 00 3a 00 00
[    5.149650] sd 2:0:0:0: [sda] Write cache: enabled, read cache: enabled, doesn't support DPO or FUA
[    5.149843]  sda:
[    5.215050] usb 2-1: new high speed USB device using ehci_hcd and address 2
[    5.353459] usb 2-1: New USB device found, idVendor=0e8d, idProduct=1806
[    5.353546] usb 2-1: New USB device strings: Mfr=1, Product=2, SerialNumber=3
[    5.353636] usb 2-1: Product: MT1806 
[    5.353722] usb 2-1: Manufacturer: MediaTek Inc
[    5.353804] usb 2-1: SerialNumber: R8KN6GAC800AEB 
[    5.353941] usb 2-1: configuration #1 chosen from 1 choice
[    5.357500] scsi5 : SCSI emulation for USB Mass Storage devices
[    5.357673] usb-storage: device found at 2
[    5.357674] usb-storage: waiting for device to settle before scanning
[    5.563924]  sda1 sda2
[    5.564644] sd 2:0:0:0: [sda] Attached SCSI disk
[    5.564741] random 0000 0000 0000 277f73c3 42024bb9: rand_read_num 6 get_random_bytes(12): sig 000007e9 277f73c3 42024bb9
[    5.564743] random 0000 0000 0000 277f73c3 42024bb9: extract_entropy(.. 12 ..)
[    5.564746] random 0000 0000 0000 277f73c3 42024bb9: going to reseed nonblocking with 96 bits (96 of 0 requested)
[    5.564748] random 0000 0000 0000 277f73c3 42024bb9: extract_entropy(.. 12 ..)
[    5.564750] random 0000 0000 0000 277f73c3 42024bb9: trying to extract 96 bits from input
[    5.564752] random 0000 0000 0000 277f73c3 42024bb9: debiting 0 entropy credits from input
[    5.564754] random 0000 0000 0000 277f73c3 42024bb9: extract_entropy account returned: 0 
[    5.564757] random 0000 0000 0000 277f73c3 42024bb9: urand_change_num 24 xfer_secondary_pool(12): pool_sig 000007e9, data_sig 00000000, bytes_mixed 0 277f73c3 42024bb9
[    5.564760] random 0000 0000 0000 277f73c3 42024bb9: trying to extract 96 bits from nonblocking
[    5.564762] random 0000 0000 0000 277f73c3 42024bb9: debiting 96 entropy credits from nonblocking (unlimited)
[    5.564764] random 0000 0000 0000 277f73c3 42024bb9: extract_entropy account returned: 12 
[    5.564768] random 0000 0000 0000 277f73c3 42024bb9: urand_change_num 25 extract_buf: pool_sig 000007e9, data_sig 00000088, bytes_mixed 20 277f73c3 42024bb9
[    5.564774] random 0000 0000 0000 277f73c3 42024bb9: urand_change_num 26 extract_buf: pool_sig 00000498, data_sig fffffefb, bytes_mixed 20 277f73c3 42024bb9
[    5.564777] RANDOM - __seed init called.
[    5.564778] RANDOM - __seed init called.
[    5.564779] RANDOM - __seed init called.
[    5.564780] RANDOM - __random32 called. Change num 12.  Value: 87f14767	f0d7351	b1e48bd3
[    5.564782] RANDOM - random32_reseed called.  Value: 87f14767	f0d7351	b1e48bd3
[    5.564785] Pid: 1, comm: swapper Not tainted 2.6.32.57 #3
[    5.564874] Call Trace:
[    5.564963]  [<c1923ca4>] ? random32_reseed+0xa0/0xb1
[    5.565059]  [<c1923c04>] ? random32_reseed+0x0/0xb1
[    5.565150]  [<c100111e>] ? do_one_initcall+0x2e/0x180
[    5.565244]  [<c1907265>] ? kernel_init+0xad/0x103
[    5.565333]  [<c19071b8>] ? kernel_init+0x0/0x103
[    5.565424]  [<c1003787>] ? kernel_thread_helper+0x7/0x10
[    5.565944] random 0000 0000 0000 386b4e60 ee4d4880: rand_read_num 7 get_random_bytes(64): sig fffffea5 386b4e60 ee4d4880
[    5.565946] random 0000 0000 0000 386b4e60 ee4d4880: extract_entropy(.. 64 ..)
[    5.565948] random 0000 0000 0000 386b4e60 ee4d4880: going to reseed nonblocking with 512 bits (512 of 0 requested)
[    5.565950] random 0000 0000 0000 386b4e60 ee4d4880: extract_entropy(.. 64 ..)
[    5.565952] random 0000 0000 0000 386b4e60 ee4d4880: trying to extract 512 bits from input
[    5.565954] random 0000 0000 0000 386b4e60 ee4d4880: debiting 0 entropy credits from input
[    5.565956] random 0000 0000 0000 386b4e60 ee4d4880: extract_entropy account returned: 0 
[    5.565959] random 0000 0000 0000 386b4e60 ee4d4880: urand_change_num 27 xfer_secondary_pool(64): pool_sig fffffea5, data_sig 00000000, bytes_mixed 0 386b4e60 ee4d4880
[    5.565962] random 0000 0000 0000 386b4e60 ee4d4880: trying to extract 512 bits from nonblocking
[    5.565965] random 0000 0000 0000 386b4e60 ee4d4880: debiting 512 entropy credits from nonblocking (unlimited)
[    5.565967] random 0000 0000 0000 386b4e60 ee4d4880: extract_entropy account returned: 64 
[    5.565971] random 0000 0000 0000 386b4e60 ee4d4880: urand_change_num 28 extract_buf: pool_sig fffffea5, data_sig 00000173, bytes_mixed 20 386b4e60 ee4d4880
[    5.565976] random 0000 0000 0000 412698f6 0cc8689a: urand_change_num 29 extract_buf: pool_sig 00000122, data_sig ffffff63, bytes_mixed 20 412698f6 0cc8689a
[    5.565981] random 0000 0000 0000 412698f6 0cc8689a: urand_change_num 30 extract_buf: pool_sig 000001f7, data_sig 00000012, bytes_mixed 20 412698f6 0cc8689a
[    5.565990] random 0000 0000 0000 9669941e 06f768b1: urand_change_num 31 extract_buf: pool_sig fffffb5b, data_sig 0000003f, bytes_mixed 20 9669941e 06f768b1
[    5.565995] random 0000 0000 0000 98486520 995551f0: urand_change_num 32 extract_buf: pool_sig fffffb39, data_sig 0000000e, bytes_mixed 20 98486520 995551f0
[    5.566000] random 0000 0000 0000 98486520 995551f0: urand_change_num 33 extract_buf: pool_sig fffffd8d, data_sig 000001a6, bytes_mixed 20 98486520 995551f0
[    5.566005] random 0000 0000 0000 61fc8914 d5882ed2: urand_change_num 34 extract_buf: pool_sig fffffa58, data_sig 0000023e, bytes_mixed 20 61fc8914 d5882ed2
[    5.566034] random 0000 0000 0000 61fc8914 d5882ed2: rand_read_num 8 get_random_bytes(64): sig fffff9ee 61fc8914 d5882ed2
[    5.566037] random 0000 0000 0000 61fc8914 d5882ed2: extract_entropy(.. 64 ..)
[    5.566039] random 0000 0000 0000 61fc8914 d5882ed2: going to reseed nonblocking with 512 bits (512 of 0 requested)
[    5.566041] random 0000 0000 0000 61fc8914 d5882ed2: extract_entropy(.. 64 ..)
[    5.566043] random 0000 0000 0000 61fc8914 d5882ed2: trying to extract 512 bits from input
[    5.566045] random 0000 0000 0000 61fc8914 d5882ed2: debiting 0 entropy credits from input
[    5.566047] random 0000 0000 0000 61fc8914 d5882ed2: extract_entropy account returned: 0 
[    5.566050] random 0000 0000 0000 61fc8914 d5882ed2: urand_change_num 35 xfer_secondary_pool(64): pool_sig fffff9ee, data_sig 00000000, bytes_mixed 0 61fc8914 d5882ed2
[    5.566053] random 0000 0000 0000 61fc8914 d5882ed2: trying to extract 512 bits from nonblocking
[    5.566055] random 0000 0000 0000 61fc8914 d5882ed2: debiting 512 entropy credits from nonblocking (unlimited)
[    5.566057] random 0000 0000 0000 61fc8914 d5882ed2: extract_entropy account returned: 64 
[    5.566061] random 0000 0000 0000 61fc8914 d5882ed2: urand_change_num 36 extract_buf: pool_sig fffff9ee, data_sig ffffff85, bytes_mixed 20 61fc8914 d5882ed2
[    5.566066] random 0000 0000 0000 70cfd302 e5edec11: urand_change_num 37 extract_buf: pool_sig fffffdc1, data_sig ffffffde, bytes_mixed 20 70cfd302 e5edec11
[    5.566072] random 0000 0000 0000 00dab838 eafd2b30: urand_change_num 38 extract_buf: pool_sig 000003da, data_sig ffffff61, bytes_mixed 20 00dab838 eafd2b30
[    5.566077] random 0000 0000 0000 00dab838 eafd2b30: urand_change_num 39 extract_buf: pool_sig 00000314, data_sig 00000121, bytes_mixed 20 00dab838 eafd2b30
[    5.566082] random 0000 0000 0000 5fcdf66a 6442b608: urand_change_num 40 extract_buf: pool_sig 0000028b, data_sig fffffefd, bytes_mixed 20 5fcdf66a 6442b608
[    5.566087] random 0000 0000 0000 61333f6b 8fae0f9b: urand_change_num 41 extract_buf: pool_sig 000000cb, data_sig 000000b3, bytes_mixed 20 61333f6b 8fae0f9b
[    5.566092] random 0000 0000 0000 61333f6b 8fae0f9b: urand_change_num 42 extract_buf: pool_sig fffffef8, data_sig 00000051, bytes_mixed 20 61333f6b 8fae0f9b
[    5.566095] BEGIN NET_SECRET:
[    5.566096] \xffffffe0
[    5.566097] \xffffffb6
[    5.566098] \x36
[    5.566099] \xffffffb5
[    5.566100] \xffffff94
[    5.566100] \xffffffb2
[    5.566101] \xffffffa8
[    5.566102] \xffffffda
[    5.566103] \x5b
[    5.566103] \x19
[    5.566104] \x18
[    5.566105] \x5c
[    5.566106] \x2b
[    5.566106] \x1
[    5.566107] \xffffff90
[    5.566108] \x19
[    5.566109] \x3c
[    5.566109] \xfffffff2
[    5.566110] \xffffff82
[    5.566111] \x2a
[    5.566112] \xffffffb3
[    5.566113] \xffffffa2
[    5.566113] \x3f
[    5.566114] \x5
[    5.566115] \x52
[    5.566116] \x77
[    5.566116] \x57
[    5.566117] \x79
[    5.566118] \x16
[    5.566118] \x43
[    5.566119] \xffffff84
[    5.566120] \xffffffc3
[    5.566121] \xffffffe9
[    5.566121] \x79
[    5.566122] \x50
[    5.566123] \xffffff8e
[    5.566124] \x3f
[    5.566124] \xfffffff3
[    5.566125] \x19
[    5.566126] \x2a
[    5.566126] \xfffffffd
[    5.566127] \xfffffffb
[    5.566128] \x62
[    5.566129] \x3c
[    5.566129] \xffffffac
[    5.566130] \x1c
[    5.566131] \x3b
[    5.566132] \x3b
[    5.566132] \x15
[    5.566133] \x27
[    5.566134] \xffffffa8
[    5.566135] \x22
[    5.566135] \xffffffc5
[    5.566136] \xffffff9a
[    5.566137] \x5
[    5.566138] \x6c
[    5.566138] \xffffffa8
[    5.566139] \x3a
[    5.566140] \x44
[    5.566141] \xffffffaf
[    5.566141] \x13
[    5.566142] \xffffffe0
[    5.566143] \xffffff9d
[    5.566144] \x22
[    5.566144] 
[    5.566145] END NET_SECRET
[    5.566148] random 0000 0000 0000 e7f555d9 e8ce5c3c: rand_read_num 9 get_random_bytes(4): sig 0000068c e7f555d9 e8ce5c3c
[    5.566150] random 0000 0000 0000 e7f555d9 e8ce5c3c: extract_entropy(.. 4 ..)
[    5.566152] random 0000 0000 0000 e7f555d9 e8ce5c3c: going to reseed nonblocking with 64 bits (32 of 0 requested)
[    5.566154] random 0000 0000 0000 e7f555d9 e8ce5c3c: extract_entropy(.. 8 ..)
[    5.566156] random 0000 0000 0000 e7f555d9 e8ce5c3c: trying to extract 64 bits from input
[    5.566158] random 0000 0000 0000 e7f555d9 e8ce5c3c: debiting 0 entropy credits from input
[    5.566160] random 0000 0000 0000 e7f555d9 e8ce5c3c: extract_entropy account returned: 0 
[    5.566163] random 0000 0000 0000 e7f555d9 e8ce5c3c: urand_change_num 43 xfer_secondary_pool(4): pool_sig 0000068c, data_sig 00000000, bytes_mixed 0 e7f555d9 e8ce5c3c
[    5.566166] random 0000 0000 0000 e7f555d9 e8ce5c3c: trying to extract 32 bits from nonblocking
[    5.566169] random 0000 0000 0000 e7f555d9 e8ce5c3c: debiting 32 entropy credits from nonblocking (unlimited)
[    5.566171] random 0000 0000 0000 e7f555d9 e8ce5c3c: extract_entropy account returned: 4 
[    5.566175] random 0000 0000 0000 e7f555d9 e8ce5c3c: urand_change_num 44 extract_buf: pool_sig 0000068c, data_sig fffffdcb, bytes_mixed 20 e7f555d9 e8ce5c3c
[    5.566186] md: Waiting for all devices to be available before autodetect
[    5.566277] md: If you don't use raid, use raid=noautodetect
[    5.566442] md: Autodetecting RAID arrays.
[    5.566535] md: Scanned 0 and added 0 devices.
[    5.566620] md: autorun ...
[    5.566716] md: ... autorun DONE.
[    5.596662] EXT3-fs: sda2: couldn't mount because of unsupported optional features (240).
[    5.596891] EXT2-fs: sda2: couldn't mount because of unsupported optional features (240).
[    5.598175] random 0000 0000 0000 e7f555d9 e8ce5c3c: rand_read_num 10 get_random_bytes(4): sig ffffff72 e7f555d9 e8ce5c3c
[    5.598178] random 0000 0000 0000 e7f555d9 e8ce5c3c: extract_entropy(.. 4 ..)
[    5.598180] random 0000 0000 0000 e7f555d9 e8ce5c3c: going to reseed nonblocking with 64 bits (32 of 0 requested)
[    5.598182] random 0000 0000 0000 e7f555d9 e8ce5c3c: extract_entropy(.. 8 ..)
[    5.598184] random 0000 0000 0000 e7f555d9 e8ce5c3c: trying to extract 64 bits from input
[    5.598186] random 0000 0000 0000 e7f555d9 e8ce5c3c: debiting 0 entropy credits from input
[    5.598188] random 0000 0000 0000 e7f555d9 e8ce5c3c: extract_entropy account returned: 0 
[    5.598191] random 0000 0000 0000 e7f555d9 e8ce5c3c: urand_change_num 45 xfer_secondary_pool(4): pool_sig ffffff72, data_sig 00000000, bytes_mixed 0 e7f555d9 e8ce5c3c
[    5.598194] random 0000 0000 0000 e7f555d9 e8ce5c3c: trying to extract 32 bits from nonblocking
[    5.598197] random 0000 0000 0000 e7f555d9 e8ce5c3c: debiting 32 entropy credits from nonblocking (unlimited)
[    5.598199] random 0000 0000 0000 e7f555d9 e8ce5c3c: extract_entropy account returned: 4 
[    5.598203] random 0000 0000 0000 e7f555d9 e8ce5c3c: urand_change_num 46 extract_buf: pool_sig ffffff72, data_sig ffffff72, bytes_mixed 20 e7f555d9 e8ce5c3c
[    5.626292] EXT4-fs (sda2): mounted filesystem with ordered data mode
[    5.626495] VFS: Mounted root (ext4 filesystem) readonly on device 8:2.
[    5.626598] Freeing unused kernel memory: 448k freed
[    5.696985] random 0000 0000 0000 91716c54 eeb6a1e7: rand_read_num 11 get_random_bytes(16): sig fffffcad 91716c54 eeb6a1e7
[    5.696987] random 0000 0000 0000 91716c54 eeb6a1e7: extract_entropy(.. 16 ..)
[    5.696990] random 0000 0000 0000 91716c54 eeb6a1e7: going to reseed nonblocking with 128 bits (128 of 0 requested)
[    5.696992] random 0000 0000 0000 91716c54 eeb6a1e7: extract_entropy(.. 16 ..)
[    5.696994] random 0000 0000 0000 91716c54 eeb6a1e7: trying to extract 128 bits from input
[    5.696996] random 0000 0000 0000 91716c54 eeb6a1e7: debiting 0 entropy credits from input
[    5.696998] random 0000 0000 0000 91716c54 eeb6a1e7: extract_entropy account returned: 0 
[    5.697001] random 0000 0000 0000 91716c54 eeb6a1e7: urand_change_num 47 xfer_secondary_pool(16): pool_sig fffffcad, data_sig 00000000, bytes_mixed 0 91716c54 eeb6a1e7
[    5.697004] random 0000 0000 0000 91716c54 eeb6a1e7: trying to extract 128 bits from nonblocking
[    5.697006] random 0000 0000 0000 91716c54 eeb6a1e7: debiting 128 entropy credits from nonblocking (unlimited)
[    5.697009] random 0000 0000 0000 91716c54 eeb6a1e7: extract_entropy account returned: 16 
[    5.697013] random 0000 0000 0000 91716c54 eeb6a1e7: urand_change_num 48 extract_buf: pool_sig fffffcad, data_sig ffffff19, bytes_mixed 20 91716c54 eeb6a1e7
[    5.697018] random 0000 0000 0000 fd637b06 6cf47bc1: urand_change_num 49 extract_buf: pool_sig fffffede, data_sig ffffffc1, bytes_mixed 20 fd637b06 6cf47bc1
[    5.783727] random 0000 0000 0000 fd637b06 6cf47bc1: rand_read_num 12 get_random_bytes(16): sig 0000033b fd637b06 6cf47bc1
[    5.783730] random 0000 0000 0000 fd637b06 6cf47bc1: extract_entropy(.. 16 ..)
[    5.783732] random 0000 0000 0000 fd637b06 6cf47bc1: going to reseed nonblocking with 128 bits (128 of 0 requested)
[    5.783735] random 0000 0000 0000 fd637b06 6cf47bc1: extract_entropy(.. 16 ..)
[    5.783737] random 0000 0000 0000 fd637b06 6cf47bc1: trying to extract 128 bits from input
[    5.783739] random 0000 0000 0000 fd637b06 6cf47bc1: debiting 0 entropy credits from input
[    5.783741] random 0000 0000 0000 fd637b06 6cf47bc1: extract_entropy account returned: 0 
[    5.783744] random 0000 0000 0000 fd637b06 6cf47bc1: urand_change_num 50 xfer_secondary_pool(16): pool_sig 0000033b, data_sig 00000000, bytes_mixed 0 fd637b06 6cf47bc1
[    5.783747] random 0000 0000 0000 fd637b06 6cf47bc1: trying to extract 128 bits from nonblocking
[    5.783749] random 0000 0000 0000 fd637b06 6cf47bc1: debiting 128 entropy credits from nonblocking (unlimited)
[    5.783751] random 0000 0000 0000 fd637b06 6cf47bc1: extract_entropy account returned: 16 
[    5.783755] random 0000 0000 0000 fd637b06 6cf47bc1: urand_change_num 51 extract_buf: pool_sig 0000033b, data_sig 000000d8, bytes_mixed 20 fd637b06 6cf47bc1
[    5.783761] random 0000 0000 0000 0ec1f012 d4727ca8: urand_change_num 52 extract_buf: pool_sig fffffcf5, data_sig 00000016, bytes_mixed 20 0ec1f012 d4727ca8
[    6.146908] ieee1394: Host added: ID:BUS[0-00:1023]  GUID[00061b032a25f51c]
[    6.157594] random 0000 0000 0000 45b1d0b1 845a73f7: rand_read_num 13 get_random_bytes(16): sig 00000116 45b1d0b1 845a73f7
[    6.157597] random 0000 0000 0000 45b1d0b1 845a73f7: extract_entropy(.. 16 ..)
[    6.157600] random 0000 0000 0000 45b1d0b1 845a73f7: going to reseed nonblocking with 128 bits (128 of 0 requested)
[    6.157602] random 0000 0000 0000 45b1d0b1 845a73f7: extract_entropy(.. 16 ..)
[    6.157604] random 0000 0000 0000 45b1d0b1 845a73f7: trying to extract 128 bits from input
[    6.157606] random 0000 0000 0000 45b1d0b1 845a73f7: debiting 0 entropy credits from input
[    6.157608] random 0000 0000 0000 45b1d0b1 845a73f7: extract_entropy account returned: 0 
[    6.157611] random 0000 0000 0000 45b1d0b1 845a73f7: urand_change_num 53 xfer_secondary_pool(16): pool_sig 00000116, data_sig 00000000, bytes_mixed 0 45b1d0b1 845a73f7
[    6.157614] random 0000 0000 0000 45b1d0b1 845a73f7: trying to extract 128 bits from nonblocking
[    6.157616] random 0000 0000 0000 45b1d0b1 845a73f7: debiting 128 entropy credits from nonblocking (unlimited)
[    6.157618] random 0000 0000 0000 45b1d0b1 845a73f7: extract_entropy account returned: 16 
[    6.157623] random 0000 0000 0000 45b1d0b1 845a73f7: urand_change_num 54 extract_buf: pool_sig 00000116, data_sig fffffd8b, bytes_mixed 20 45b1d0b1 845a73f7
[    6.157628] random 0000 0000 0000 45b1d0b1 845a73f7: urand_change_num 55 extract_buf: pool_sig fffffc05, data_sig 00000109, bytes_mixed 20 45b1d0b1 845a73f7
[    6.210089] random 0000 0000 0000 5012cce3 b8a30621: rand_read_num 14 get_random_bytes(16): sig fffffb93 5012cce3 b8a30621
[    6.210092] random 0000 0000 0000 5012cce3 b8a30621: extract_entropy(.. 16 ..)
[    6.210095] random 0000 0000 0000 5012cce3 b8a30621: going to reseed nonblocking with 128 bits (128 of 0 requested)
[    6.210097] random 0000 0000 0000 5012cce3 b8a30621: extract_entropy(.. 16 ..)
[    6.210099] random 0000 0000 0000 5012cce3 b8a30621: trying to extract 128 bits from input
[    6.210101] random 0000 0000 0000 5012cce3 b8a30621: debiting 0 entropy credits from input
[    6.210103] random 0000 0000 0000 5012cce3 b8a30621: extract_entropy account returned: 0 
[    6.210106] random 0000 0000 0000 5012cce3 b8a30621: urand_change_num 56 xfer_secondary_pool(16): pool_sig fffffb93, data_sig 00000000, bytes_mixed 0 5012cce3 b8a30621
[    6.210109] random 0000 0000 0000 5012cce3 b8a30621: trying to extract 128 bits from nonblocking
[    6.210111] random 0000 0000 0000 5012cce3 b8a30621: debiting 128 entropy credits from nonblocking (unlimited)
[    6.210114] random 0000 0000 0000 5012cce3 b8a30621: extract_entropy account returned: 16 
[    6.210118] random 0000 0000 0000 5012cce3 b8a30621: urand_change_num 57 extract_buf: pool_sig fffffb93, data_sig ffffff35, bytes_mixed 20 5012cce3 b8a30621
[    6.210123] random 0000 0000 0000 5012cce3 b8a30621: urand_change_num 58 extract_buf: pool_sig fffffb9d, data_sig ffffff92, bytes_mixed 20 5012cce3 b8a30621
[    6.211487] random 0000 0000 0000 30a5721d 4b648ff6: rand_read_num 15 get_random_bytes(16): sig fffffeb5 30a5721d 4b648ff6
[    6.211489] random 0000 0000 0000 30a5721d 4b648ff6: extract_entropy(.. 16 ..)
[    6.211492] random 0000 0000 0000 30a5721d 4b648ff6: going to reseed nonblocking with 128 bits (128 of 0 requested)
[    6.211495] random 0000 0000 0000 30a5721d 4b648ff6: extract_entropy(.. 16 ..)
[    6.211497] random 0000 0000 0000 30a5721d 4b648ff6: trying to extract 128 bits from input
[    6.211499] random 0000 0000 0000 30a5721d 4b648ff6: debiting 0 entropy credits from input
[    6.211501] random 0000 0000 0000 30a5721d 4b648ff6: extract_entropy account returned: 0 
[    6.211504] random 0000 0000 0000 30a5721d 4b648ff6: urand_change_num 59 xfer_secondary_pool(16): pool_sig fffffeb5, data_sig 00000000, bytes_mixed 0 30a5721d 4b648ff6
[    6.211507] random 0000 0000 0000 30a5721d 4b648ff6: trying to extract 128 bits from nonblocking
[    6.211509] random 0000 0000 0000 30a5721d 4b648ff6: debiting 128 entropy credits from nonblocking (unlimited)
[    6.211511] random 0000 0000 0000 30a5721d 4b648ff6: extract_entropy account returned: 16 
[    6.211515] random 0000 0000 0000 30a5721d 4b648ff6: urand_change_num 60 extract_buf: pool_sig fffffeb5, data_sig 000000c2, bytes_mixed 20 30a5721d 4b648ff6
[    6.211521] random 0000 0000 0000 89bae1ab 704c432f: urand_change_num 61 extract_buf: pool_sig 0000006e, data_sig fffffefc, bytes_mixed 20 89bae1ab 704c432f
[    6.212066] random 0000 0000 0000 89bae1ab 704c432f: rand_read_num 16 get_random_bytes(16): sig fffffd99 89bae1ab 704c432f
[    6.212069] random 0000 0000 0000 89bae1ab 704c432f: extract_entropy(.. 16 ..)
[    6.212072] random 0000 0000 0000 89bae1ab 704c432f: going to reseed nonblocking with 128 bits (128 of 0 requested)
[    6.212074] random 0000 0000 0000 89bae1ab 704c432f: extract_entropy(.. 16 ..)
[    6.212076] random 0000 0000 0000 89bae1ab 704c432f: trying to extract 128 bits from input
[    6.212078] random 0000 0000 0000 89bae1ab 704c432f: debiting 0 entropy credits from input
[    6.212080] random 0000 0000 0000 89bae1ab 704c432f: extract_entropy account returned: 0 
[    6.212083] random 0000 0000 0000 89bae1ab 704c432f: urand_change_num 62 xfer_secondary_pool(16): pool_sig fffffd99, data_sig 00000000, bytes_mixed 0 89bae1ab 704c432f
[    6.212086] random 0000 0000 0000 89bae1ab 704c432f: trying to extract 128 bits from nonblocking
[    6.212089] random 0000 0000 0000 89bae1ab 704c432f: debiting 128 entropy credits from nonblocking (unlimited)
[    6.212091] random 0000 0000 0000 89bae1ab 704c432f: extract_entropy account returned: 16 
[    6.212095] random 0000 0000 0000 89bae1ab 704c432f: urand_change_num 63 extract_buf: pool_sig fffffd99, data_sig 00000204, bytes_mixed 20 89bae1ab 704c432f
[    6.212100] random 0000 0000 0000 6c298a02 2b1539f8: urand_change_num 64 extract_buf: pool_sig 00000124, data_sig fffffff5, bytes_mixed 20 6c298a02 2b1539f8
[    6.213001] random 0000 0000 0000 c77b8b35 70f6cab5: rand_read_num 17 get_random_bytes(16): sig 0000036b c77b8b35 70f6cab5
[    6.213004] random 0000 0000 0000 c77b8b35 70f6cab5: extract_entropy(.. 16 ..)
[    6.213006] random 0000 0000 0000 c77b8b35 70f6cab5: going to reseed nonblocking with 128 bits (128 of 0 requested)
[    6.213009] random 0000 0000 0000 c77b8b35 70f6cab5: extract_entropy(.. 16 ..)
[    6.213011] random 0000 0000 0000 c77b8b35 70f6cab5: trying to extract 128 bits from input
[    6.213013] random 0000 0000 0000 c77b8b35 70f6cab5: debiting 0 entropy credits from input
[    6.213015] random 0000 0000 0000 c77b8b35 70f6cab5: extract_entropy account returned: 0 
[    6.213018] random 0000 0000 0000 c77b8b35 70f6cab5: urand_change_num 65 xfer_secondary_pool(16): pool_sig 0000036b, data_sig 00000000, bytes_mixed 0 c77b8b35 70f6cab5
[    6.213021] random 0000 0000 0000 c77b8b35 70f6cab5: trying to extract 128 bits from nonblocking
[    6.213023] random 0000 0000 0000 c77b8b35 70f6cab5: debiting 128 entropy credits from nonblocking (unlimited)
[    6.213025] random 0000 0000 0000 c77b8b35 70f6cab5: extract_entropy account returned: 16 
[    6.213030] random 0000 0000 0000 c77b8b35 70f6cab5: urand_change_num 66 extract_buf: pool_sig 0000036b, data_sig 0000005f, bytes_mixed 20 c77b8b35 70f6cab5
[    6.213035] random 0000 0000 0000 c77b8b35 70f6cab5: urand_change_num 67 extract_buf: pool_sig ffffff1c, data_sig 0000005a, bytes_mixed 20 c77b8b35 70f6cab5
[    6.213620] random 0000 0000 0000 af21d212 57d20ca3: rand_read_num 18 get_random_bytes(16): sig fffffb7f af21d212 57d20ca3
[    6.213623] random 0000 0000 0000 af21d212 57d20ca3: extract_entropy(.. 16 ..)
[    6.213626] random 0000 0000 0000 af21d212 57d20ca3: going to reseed nonblocking with 128 bits (128 of 0 requested)
[    6.213628] random 0000 0000 0000 af21d212 57d20ca3: extract_entropy(.. 16 ..)
[    6.213630] random 0000 0000 0000 af21d212 57d20ca3: trying to extract 128 bits from input
[    6.213632] random 0000 0000 0000 af21d212 57d20ca3: debiting 0 entropy credits from input
[    6.213634] random 0000 0000 0000 af21d212 57d20ca3: extract_entropy account returned: 0 
[    6.213637] random 0000 0000 0000 af21d212 57d20ca3: urand_change_num 68 xfer_secondary_pool(16): pool_sig fffffb7f, data_sig 00000000, bytes_mixed 0 af21d212 57d20ca3
[    6.213640] random 0000 0000 0000 af21d212 57d20ca3: trying to extract 128 bits from nonblocking
[    6.213643] random 0000 0000 0000 af21d212 57d20ca3: debiting 128 entropy credits from nonblocking (unlimited)
[    6.213645] random 0000 0000 0000 af21d212 57d20ca3: extract_entropy account returned: 16 
[    6.213649] random 0000 0000 0000 af21d212 57d20ca3: urand_change_num 69 extract_buf: pool_sig fffffb7f, data_sig ffffff88, bytes_mixed 20 af21d212 57d20ca3
[    6.213654] random 0000 0000 0000 af21d212 57d20ca3: urand_change_num 70 extract_buf: pool_sig fffffe1d, data_sig ffffff17, bytes_mixed 20 af21d212 57d20ca3
[    6.214246] random 0000 0000 0000 ffbd26fd 21933274: rand_read_num 19 get_random_bytes(16): sig ffffffc7 ffbd26fd 21933274
[    6.214249] random 0000 0000 0000 ffbd26fd 21933274: extract_entropy(.. 16 ..)
[    6.214252] random 0000 0000 0000 ffbd26fd 21933274: going to reseed nonblocking with 128 bits (128 of 0 requested)
[    6.214254] random 0000 0000 0000 ffbd26fd 21933274: extract_entropy(.. 16 ..)
[    6.214256] random 0000 0000 0000 ffbd26fd 21933274: trying to extract 128 bits from input
[    6.214258] random 0000 0000 0000 ffbd26fd 21933274: debiting 0 entropy credits from input
[    6.214260] random 0000 0000 0000 ffbd26fd 21933274: extract_entropy account returned: 0 
[    6.214263] random 0000 0000 0000 ffbd26fd 21933274: urand_change_num 71 xfer_secondary_pool(16): pool_sig ffffffc7, data_sig 00000000, bytes_mixed 0 ffbd26fd 21933274
[    6.214266] random 0000 0000 0000 ffbd26fd 21933274: trying to extract 128 bits from nonblocking
[    6.214268] random 0000 0000 0000 ffbd26fd 21933274: debiting 128 entropy credits from nonblocking (unlimited)
[    6.214271] random 0000 0000 0000 ffbd26fd 21933274: extract_entropy account returned: 16 
[    6.214275] random 0000 0000 0000 ffbd26fd 21933274: urand_change_num 72 extract_buf: pool_sig ffffffc7, data_sig 0000013b, bytes_mixed 20 ffbd26fd 21933274
[    6.214280] random 0000 0000 0000 151530a2 56c65dd3: urand_change_num 73 extract_buf: pool_sig ffffffbf, data_sig 00000036, bytes_mixed 20 151530a2 56c65dd3
[    6.214829] random 0000 0000 0000 151530a2 56c65dd3: rand_read_num 20 get_random_bytes(16): sig 000001a7 151530a2 56c65dd3
[    6.214831] random 0000 0000 0000 151530a2 56c65dd3: extract_entropy(.. 16 ..)
[    6.214834] random 0000 0000 0000 151530a2 56c65dd3: going to reseed nonblocking with 128 bits (128 of 0 requested)
[    6.214837] random 0000 0000 0000 151530a2 56c65dd3: extract_entropy(.. 16 ..)
[    6.214839] random 0000 0000 0000 151530a2 56c65dd3: trying to extract 128 bits from input
[    6.214841] random 0000 0000 0000 151530a2 56c65dd3: debiting 0 entropy credits from input
[    6.214843] random 0000 0000 0000 151530a2 56c65dd3: extract_entropy account returned: 0 
[    6.214846] random 0000 0000 0000 151530a2 56c65dd3: urand_change_num 74 xfer_secondary_pool(16): pool_sig 000001a7, data_sig 00000000, bytes_mixed 0 151530a2 56c65dd3
[    6.214849] random 0000 0000 0000 151530a2 56c65dd3: trying to extract 128 bits from nonblocking
[    6.214851] random 0000 0000 0000 151530a2 56c65dd3: debiting 128 entropy credits from nonblocking (unlimited)
[    6.214853] random 0000 0000 0000 151530a2 56c65dd3: extract_entropy account returned: 16 
[    6.214857] random 0000 0000 0000 151530a2 56c65dd3: urand_change_num 75 extract_buf: pool_sig 000001a7, data_sig ffffffa1, bytes_mixed 20 151530a2 56c65dd3
[    6.214863] random 0000 0000 0000 5d3e132e d9a77eb3: urand_change_num 76 extract_buf: pool_sig fffffcc9, data_sig 00000013, bytes_mixed 20 5d3e132e d9a77eb3
[    6.257574] random 0000 0000 0000 264837ad 0a28fef5: rand_read_num 21 get_random_bytes(16): sig ffffffd0 264837ad 0a28fef5
[    6.257577] random 0000 0000 0000 264837ad 0a28fef5: extract_entropy(.. 16 ..)
[    6.257580] random 0000 0000 0000 264837ad 0a28fef5: going to reseed nonblocking with 128 bits (128 of 0 requested)
[    6.257582] random 0000 0000 0000 264837ad 0a28fef5: extract_entropy(.. 16 ..)
[    6.257584] random 0000 0000 0000 264837ad 0a28fef5: trying to extract 128 bits from input
[    6.257586] random 0000 0000 0000 264837ad 0a28fef5: debiting 0 entropy credits from input
[    6.257588] random 0000 0000 0000 264837ad 0a28fef5: extract_entropy account returned: 0 
[    6.257591] random 0000 0000 0000 264837ad 0a28fef5: urand_change_num 77 xfer_secondary_pool(16): pool_sig ffffffd0, data_sig 00000000, bytes_mixed 0 264837ad 0a28fef5
[    6.257594] random 0000 0000 0000 264837ad 0a28fef5: trying to extract 128 bits from nonblocking
[    6.257597] random 0000 0000 0000 264837ad 0a28fef5: debiting 128 entropy credits from nonblocking (unlimited)
[    6.257599] random 0000 0000 0000 264837ad 0a28fef5: extract_entropy account returned: 16 
[    6.257603] random 0000 0000 0000 264837ad 0a28fef5: urand_change_num 78 extract_buf: pool_sig ffffffd0, data_sig 0000017b, bytes_mixed 20 264837ad 0a28fef5
[    6.257609] random 0000 0000 0000 264837ad 0a28fef5: urand_change_num 79 extract_buf: pool_sig 0000045c, data_sig 000001df, bytes_mixed 20 264837ad 0a28fef5
[    6.259068] random 0000 0000 0000 f37f7344 164aede0: rand_read_num 22 get_random_bytes(16): sig 000003c2 f37f7344 164aede0
[    6.259071] random 0000 0000 0000 f37f7344 164aede0: extract_entropy(.. 16 ..)
[    6.259074] random 0000 0000 0000 f37f7344 164aede0: going to reseed nonblocking with 128 bits (128 of 0 requested)
[    6.259076] random 0000 0000 0000 f37f7344 164aede0: extract_entropy(.. 16 ..)
[    6.259078] random 0000 0000 0000 f37f7344 164aede0: trying to extract 128 bits from input
[    6.259080] random 0000 0000 0000 f37f7344 164aede0: debiting 0 entropy credits from input
[    6.259082] random 0000 0000 0000 f37f7344 164aede0: extract_entropy account returned: 0 
[    6.259085] random 0000 0000 0000 f37f7344 164aede0: urand_change_num 80 xfer_secondary_pool(16): pool_sig 000003c2, data_sig 00000000, bytes_mixed 0 f37f7344 164aede0
[    6.259088] random 0000 0000 0000 f37f7344 164aede0: trying to extract 128 bits from nonblocking
[    6.259091] random 0000 0000 0000 f37f7344 164aede0: debiting 128 entropy credits from nonblocking (unlimited)
[    6.259093] random 0000 0000 0000 f37f7344 164aede0: extract_entropy account returned: 16 
[    6.259097] random 0000 0000 0000 f37f7344 164aede0: urand_change_num 81 extract_buf: pool_sig 000003c2, data_sig ffffff6c, bytes_mixed 20 f37f7344 164aede0
[    6.259102] random 0000 0000 0000 f37f7344 164aede0: urand_change_num 82 extract_buf: pool_sig fffffdfc, data_sig 00000091, bytes_mixed 20 f37f7344 164aede0
[    6.281875] random 0000 0000 0000 a4794863 878070c1: rand_read_num 23 get_random_bytes(16): sig 0000011b a4794863 878070c1
[    6.281878] random 0000 0000 0000 a4794863 878070c1: extract_entropy(.. 16 ..)
[    6.281880] random 0000 0000 0000 a4794863 878070c1: going to reseed nonblocking with 128 bits (128 of 0 requested)
[    6.281883] random 0000 0000 0000 a4794863 878070c1: extract_entropy(.. 16 ..)
[    6.281885] random 0000 0000 0000 a4794863 878070c1: trying to extract 128 bits from input
[    6.281887] random 0000 0000 0000 a4794863 878070c1: debiting 0 entropy credits from input
[    6.281889] random 0000 0000 0000 a4794863 878070c1: extract_entropy account returned: 0 
[    6.281892] random 0000 0000 0000 a4794863 878070c1: urand_change_num 83 xfer_secondary_pool(16): pool_sig 0000011b, data_sig 00000000, bytes_mixed 0 a4794863 878070c1
[    6.281895] random 0000 0000 0000 a4794863 878070c1: trying to extract 128 bits from nonblocking
[    6.281897] random 0000 0000 0000 a4794863 878070c1: debiting 128 entropy credits from nonblocking (unlimited)
[    6.281899] random 0000 0000 0000 a4794863 878070c1: extract_entropy account returned: 16 
[    6.281903] random 0000 0000 0000 a4794863 878070c1: urand_change_num 84 extract_buf: pool_sig 0000011b, data_sig ffffff51, bytes_mixed 20 a4794863 878070c1
[    6.281909] random 0000 0000 0000 737f19b4 9417d8ab: urand_change_num 85 extract_buf: pool_sig 000001a3, data_sig 0000006c, bytes_mixed 20 737f19b4 9417d8ab
[    6.302599] random 0000 0000 0000 737f19b4 9417d8ab: rand_read_num 24 get_random_bytes(16): sig fffffe22 737f19b4 9417d8ab
[    6.302602] random 0000 0000 0000 737f19b4 9417d8ab: extract_entropy(.. 16 ..)
[    6.302605] random 0000 0000 0000 737f19b4 9417d8ab: going to reseed nonblocking with 128 bits (128 of 0 requested)
[    6.302607] random 0000 0000 0000 737f19b4 9417d8ab: extract_entropy(.. 16 ..)
[    6.302609] random 0000 0000 0000 737f19b4 9417d8ab: trying to extract 128 bits from input
[    6.302611] random 0000 0000 0000 737f19b4 9417d8ab: debiting 0 entropy credits from input
[    6.302613] random 0000 0000 0000 737f19b4 9417d8ab: extract_entropy account returned: 0 
[    6.302616] random 0000 0000 0000 737f19b4 9417d8ab: urand_change_num 86 xfer_secondary_pool(16): pool_sig fffffe22, data_sig 00000000, bytes_mixed 0 737f19b4 9417d8ab
[    6.302619] random 0000 0000 0000 737f19b4 9417d8ab: trying to extract 128 bits from nonblocking
[    6.302621] random 0000 0000 0000 737f19b4 9417d8ab: debiting 128 entropy credits from nonblocking (unlimited)
[    6.302624] random 0000 0000 0000 737f19b4 9417d8ab: extract_entropy account returned: 16 
[    6.302628] random 0000 0000 0000 737f19b4 9417d8ab: urand_change_num 87 extract_buf: pool_sig fffffe22, data_sig 00000230, bytes_mixed 20 737f19b4 9417d8ab
[    6.302633] random 0000 0000 0000 4deb0d06 1236af4c: urand_change_num 88 extract_buf: pool_sig 000000b6, data_sig ffffff44, bytes_mixed 20 4deb0d06 1236af4c
[    6.303625] random 0000 0000 0000 b538fadc 4a7613df: rand_read_num 25 get_random_bytes(16): sig 0000013c b538fadc 4a7613df
[    6.303628] random 0000 0000 0000 b538fadc 4a7613df: extract_entropy(.. 16 ..)
[    6.303630] random 0000 0000 0000 b538fadc 4a7613df: going to reseed nonblocking with 128 bits (128 of 0 requested)
[    6.303632] random 0000 0000 0000 b538fadc 4a7613df: extract_entropy(.. 16 ..)
[    6.303635] random 0000 0000 0000 b538fadc 4a7613df: trying to extract 128 bits from input
[    6.303637] random 0000 0000 0000 b538fadc 4a7613df: debiting 0 entropy credits from input
[    6.303639] random 0000 0000 0000 b538fadc 4a7613df: extract_entropy account returned: 0 
[    6.303642] random 0000 0000 0000 b538fadc 4a7613df: urand_change_num 89 xfer_secondary_pool(16): pool_sig 0000013c, data_sig 00000000, bytes_mixed 0 b538fadc 4a7613df
[    6.303645] random 0000 0000 0000 b538fadc 4a7613df: trying to extract 128 bits from nonblocking
[    6.303647] random 0000 0000 0000 b538fadc 4a7613df: debiting 128 entropy credits from nonblocking (unlimited)
[    6.303649] random 0000 0000 0000 b538fadc 4a7613df: extract_entropy account returned: 16 
[    6.303653] random 0000 0000 0000 b538fadc 4a7613df: urand_change_num 90 extract_buf: pool_sig 0000013c, data_sig 00000015, bytes_mixed 20 b538fadc 4a7613df
[    6.303659] random 0000 0000 0000 b538fadc 4a7613df: urand_change_num 91 extract_buf: pool_sig 00000452, data_sig 0000002b, bytes_mixed 20 b538fadc 4a7613df
[    6.304115] random 0000 0000 0000 73b17df4 93bb370e: rand_read_num 26 get_random_bytes(16): sig fffffbf1 73b17df4 93bb370e
[    6.304117] random 0000 0000 0000 73b17df4 93bb370e: extract_entropy(.. 16 ..)
[    6.304120] random 0000 0000 0000 73b17df4 93bb370e: going to reseed nonblocking with 128 bits (128 of 0 requested)
[    6.304122] random 0000 0000 0000 73b17df4 93bb370e: extract_entropy(.. 16 ..)
[    6.304124] random 0000 0000 0000 73b17df4 93bb370e: trying to extract 128 bits from input
[    6.304126] random 0000 0000 0000 73b17df4 93bb370e: debiting 0 entropy credits from input
[    6.304128] random 0000 0000 0000 73b17df4 93bb370e: extract_entropy account returned: 0 
[    6.304131] random 0000 0000 0000 73b17df4 93bb370e: urand_change_num 92 xfer_secondary_pool(16): pool_sig fffffbf1, data_sig 00000000, bytes_mixed 0 73b17df4 93bb370e
[    6.304134] random 0000 0000 0000 73b17df4 93bb370e: trying to extract 128 bits from nonblocking
[    6.304137] random 0000 0000 0000 73b17df4 93bb370e: debiting 128 entropy credits from nonblocking (unlimited)
[    6.304139] random 0000 0000 0000 73b17df4 93bb370e: extract_entropy account returned: 16 
[    6.304143] random 0000 0000 0000 73b17df4 93bb370e: urand_change_num 93 extract_buf: pool_sig fffffbf1, data_sig ffffff99, bytes_mixed 20 73b17df4 93bb370e
[    6.304148] random 0000 0000 0000 73b17df4 93bb370e: urand_change_num 94 extract_buf: pool_sig fffffe1d, data_sig 000000b0, bytes_mixed 20 73b17df4 93bb370e
[    6.304554] random 0000 0000 0000 0cd682bb ba04da9f: rand_read_num 27 get_random_bytes(16): sig fffffccb 0cd682bb ba04da9f
[    6.304557] random 0000 0000 0000 0cd682bb ba04da9f: extract_entropy(.. 16 ..)
[    6.304559] random 0000 0000 0000 0cd682bb ba04da9f: going to reseed nonblocking with 128 bits (128 of 0 requested)
[    6.304561] random 0000 0000 0000 0cd682bb ba04da9f: extract_entropy(.. 16 ..)
[    6.304563] random 0000 0000 0000 0cd682bb ba04da9f: trying to extract 128 bits from input
[    6.304566] random 0000 0000 0000 0cd682bb ba04da9f: debiting 0 entropy credits from input
[    6.304568] random 0000 0000 0000 0cd682bb ba04da9f: extract_entropy account returned: 0 
[    6.304571] random 0000 0000 0000 0cd682bb ba04da9f: urand_change_num 95 xfer_secondary_pool(16): pool_sig fffffccb, data_sig 00000000, bytes_mixed 0 0cd682bb ba04da9f
[    6.304574] random 0000 0000 0000 0cd682bb ba04da9f: trying to extract 128 bits from nonblocking
[    6.304576] random 0000 0000 0000 0cd682bb ba04da9f: debiting 128 entropy credits from nonblocking (unlimited)
[    6.304578] random 0000 0000 0000 0cd682bb ba04da9f: extract_entropy account returned: 16 
[    6.304582] random 0000 0000 0000 0cd682bb ba04da9f: urand_change_num 96 extract_buf: pool_sig fffffccb, data_sig fffffec5, bytes_mixed 20 0cd682bb ba04da9f
[    6.304588] random 0000 0000 0000 26929f1a 15254dc1: urand_change_num 97 extract_buf: pool_sig fffffed2, data_sig ffffffb1, bytes_mixed 20 26929f1a 15254dc1
[    6.305466] random 0000 0000 0000 26929f1a 15254dc1: rand_read_num 28 get_random_bytes(16): sig 00000038 26929f1a 15254dc1
[    6.305469] random 0000 0000 0000 26929f1a 15254dc1: extract_entropy(.. 16 ..)
[    6.305471] random 0000 0000 0000 26929f1a 15254dc1: going to reseed nonblocking with 128 bits (128 of 0 requested)
[    6.305474] random 0000 0000 0000 26929f1a 15254dc1: extract_entropy(.. 16 ..)
[    6.305476] random 0000 0000 0000 26929f1a 15254dc1: trying to extract 128 bits from input
[    6.305478] random 0000 0000 0000 26929f1a 15254dc1: debiting 0 entropy credits from input
[    6.305480] random 0000 0000 0000 26929f1a 15254dc1: extract_entropy account returned: 0 
[    6.305483] random 0000 0000 0000 26929f1a 15254dc1: urand_change_num 98 xfer_secondary_pool(16): pool_sig 00000038, data_sig 00000000, bytes_mixed 0 26929f1a 15254dc1
[    6.305486] random 0000 0000 0000 26929f1a 15254dc1: trying to extract 128 bits from nonblocking
[    6.305488] random 0000 0000 0000 26929f1a 15254dc1: debiting 128 entropy credits from nonblocking (unlimited)
[    6.305490] random 0000 0000 0000 26929f1a 15254dc1: extract_entropy account returned: 16 
[    6.305494] random 0000 0000 0000 26929f1a 15254dc1: urand_change_num 99 extract_buf: pool_sig 00000038, data_sig 000000fd, bytes_mixed 20 26929f1a 15254dc1
[    6.305500] random 0000 0000 0000 8116fe3b 478c2d5b: urand_change_num 100 extract_buf: pool_sig 00000059, data_sig 00000310, bytes_mixed 20 8116fe3b 478c2d5b
[    6.312142] random 0000 0000 0000 a20f4a3a 32a6b2fa: rand_read_num 29 get_random_bytes(16): sig 000002c0 a20f4a3a 32a6b2fa
[    6.312145] random 0000 0000 0000 a20f4a3a 32a6b2fa: extract_entropy(.. 16 ..)
[    6.312148] random 0000 0000 0000 a20f4a3a 32a6b2fa: going to reseed nonblocking with 128 bits (128 of 0 requested)
[    6.312150] random 0000 0000 0000 a20f4a3a 32a6b2fa: extract_entropy(.. 16 ..)
[    6.312152] random 0000 0000 0000 a20f4a3a 32a6b2fa: trying to extract 128 bits from input
[    6.312154] random 0000 0000 0000 a20f4a3a 32a6b2fa: debiting 0 entropy credits from input
[    6.312156] random 0000 0000 0000 a20f4a3a 32a6b2fa: extract_entropy account returned: 0 
[    6.312159] random 0000 0000 0000 a20f4a3a 32a6b2fa: urand_change_num 101 xfer_secondary_pool(16): pool_sig 000002c0, data_sig 00000000, bytes_mixed 0 a20f4a3a 32a6b2fa
[    6.312162] random 0000 0000 0000 a20f4a3a 32a6b2fa: trying to extract 128 bits from nonblocking
[    6.312165] random 0000 0000 0000 a20f4a3a 32a6b2fa: debiting 128 entropy credits from nonblocking (unlimited)
[    6.312167] random 0000 0000 0000 a20f4a3a 32a6b2fa: extract_entropy account returned: 16 
[    6.312171] random 0000 0000 0000 a20f4a3a 32a6b2fa: urand_change_num 102 extract_buf: pool_sig 000002c0, data_sig 000000fb, bytes_mixed 20 a20f4a3a 32a6b2fa
[    6.312176] random 0000 0000 0000 a20f4a3a 32a6b2fa: urand_change_num 103 extract_buf: pool_sig ffffffdd, data_sig 000000a5, bytes_mixed 20 a20f4a3a 32a6b2fa
[    6.324683] random 0000 0000 0000 de716d2a 6c4757e1: rand_read_num 30 get_random_bytes(16): sig 000000fa de716d2a 6c4757e1
[    6.324686] random 0000 0000 0000 de716d2a 6c4757e1: extract_entropy(.. 16 ..)
[    6.324689] random 0000 0000 0000 de716d2a 6c4757e1: going to reseed nonblocking with 128 bits (128 of 0 requested)
[    6.324691] random 0000 0000 0000 de716d2a 6c4757e1: extract_entropy(.. 16 ..)
[    6.324693] random 0000 0000 0000 de716d2a 6c4757e1: trying to extract 128 bits from input
[    6.324695] random 0000 0000 0000 de716d2a 6c4757e1: debiting 0 entropy credits from input
[    6.324697] random 0000 0000 0000 de716d2a 6c4757e1: extract_entropy account returned: 0 
[    6.324701] random 0000 0000 0000 de716d2a 6c4757e1: urand_change_num 104 xfer_secondary_pool(16): pool_sig 000000fa, data_sig 00000000, bytes_mixed 0 de716d2a 6c4757e1
[    6.324703] random 0000 0000 0000 de716d2a 6c4757e1: trying to extract 128 bits from nonblocking
[    6.324706] random 0000 0000 0000 de716d2a 6c4757e1: debiting 128 entropy credits from nonblocking (unlimited)
[    6.324708] random 0000 0000 0000 de716d2a 6c4757e1: extract_entropy account returned: 16 
[    6.324712] random 0000 0000 0000 de716d2a 6c4757e1: urand_change_num 105 extract_buf: pool_sig 000000fa, data_sig ffffff34, bytes_mixed 20 de716d2a 6c4757e1
[    6.324717] random 0000 0000 0000 de716d2a 6c4757e1: urand_change_num 106 extract_buf: pool_sig 000003d3, data_sig ffffff30, bytes_mixed 20 de716d2a 6c4757e1
[    6.325309] random 0000 0000 0000 a7c511e1 f90ea457: rand_read_num 31 get_random_bytes(16): sig 0000009a a7c511e1 f90ea457
[    6.325312] random 0000 0000 0000 a7c511e1 f90ea457: extract_entropy(.. 16 ..)
[    6.325314] random 0000 0000 0000 a7c511e1 f90ea457: going to reseed nonblocking with 128 bits (128 of 0 requested)
[    6.325317] random 0000 0000 0000 a7c511e1 f90ea457: extract_entropy(.. 16 ..)
[    6.325319] random 0000 0000 0000 a7c511e1 f90ea457: trying to extract 128 bits from input
[    6.325321] random 0000 0000 0000 a7c511e1 f90ea457: debiting 0 entropy credits from input
[    6.325323] random 0000 0000 0000 a7c511e1 f90ea457: extract_entropy account returned: 0 
[    6.325326] random 0000 0000 0000 a7c511e1 f90ea457: urand_change_num 107 xfer_secondary_pool(16): pool_sig 0000009a, data_sig 00000000, bytes_mixed 0 a7c511e1 f90ea457
[    6.325329] random 0000 0000 0000 a7c511e1 f90ea457: trying to extract 128 bits from nonblocking
[    6.325331] random 0000 0000 0000 a7c511e1 f90ea457: debiting 128 entropy credits from nonblocking (unlimited)
[    6.325333] random 0000 0000 0000 a7c511e1 f90ea457: extract_entropy account returned: 16 
[    6.325337] random 0000 0000 0000 a7c511e1 f90ea457: urand_change_num 108 extract_buf: pool_sig 0000009a, data_sig 000000e0, bytes_mixed 20 a7c511e1 f90ea457
[    6.325343] random 0000 0000 0000 7c18c7e6 d65ccb06: urand_change_num 109 extract_buf: pool_sig fffffa79, data_sig 000000e0, bytes_mixed 20 7c18c7e6 d65ccb06
[    6.325932] random 0000 0000 0000 7c18c7e6 d65ccb06: rand_read_num 32 get_random_bytes(16): sig fffffe1e 7c18c7e6 d65ccb06
[    6.325935] random 0000 0000 0000 7c18c7e6 d65ccb06: extract_entropy(.. 16 ..)
[    6.325938] random 0000 0000 0000 7c18c7e6 d65ccb06: going to reseed nonblocking with 128 bits (128 of 0 requested)
[    6.325940] random 0000 0000 0000 7c18c7e6 d65ccb06: extract_entropy(.. 16 ..)
[    6.325942] random 0000 0000 0000 7c18c7e6 d65ccb06: trying to extract 128 bits from input
[    6.325944] random 0000 0000 0000 7c18c7e6 d65ccb06: debiting 0 entropy credits from input
[    6.325946] random 0000 0000 0000 7c18c7e6 d65ccb06: extract_entropy account returned: 0 
[    6.325949] random 0000 0000 0000 7c18c7e6 d65ccb06: urand_change_num 110 xfer_secondary_pool(16): pool_sig fffffe1e, data_sig 00000000, bytes_mixed 0 7c18c7e6 d65ccb06
[    6.325952] random 0000 0000 0000 7c18c7e6 d65ccb06: trying to extract 128 bits from nonblocking
[    6.325954] random 0000 0000 0000 7c18c7e6 d65ccb06: debiting 128 entropy credits from nonblocking (unlimited)
[    6.325956] random 0000 0000 0000 7c18c7e6 d65ccb06: extract_entropy account returned: 16 
