[    0.000000] random 0000 0000 0000 00000000 00000000: rand_read_num 1 get_random_bytes(8): sig 00000000 00000000 00000000
[    0.000000] random 0000 0000 0000 00000000 00000000: extract_entropy(.. 8 ..)
[    0.000000] random 0000 0000 0000 00000000 00000000: going to reseed nonblocking with 64 bits (64 of 0 requested)
[    0.000000] random 0000 0000 0000 00000000 00000000: extract_entropy(.. 8 ..)
[    0.000000] random 0000 0000 0000 00000000 00000000: trying to extract 64 bits from input
[    0.000000] random 0000 0000 0000 00000000 00000000: debiting 0 entropy credits from input
[    0.000000] random 0000 0000 0000 00000000 00000000: extract_entropy account returned: 0 
[    0.000000] random 0000 0000 0000 00000000 00000000: urand_change_num 1 xfer_secondary_pool(8): pool_sig 00000000, data_sig 00000000, bytes_mixed 0 00000000 00000000
[    0.000000] random 0000 0000 0000 00000000 00000000: trying to extract 64 bits from nonblocking
[    0.000000] random 0000 0000 0000 00000000 00000000: debiting 64 entropy credits from nonblocking (unlimited)
[    0.000000] random 0000 0000 0000 00000000 00000000: extract_entropy account returned: 8 
[    0.000000] random 0000 0000 0000 00000000 00000000: urand_change_num 2 extract_buf: pool_sig 00000000, data_sig fffffff9, bytes_mixed 20 00000000 00000000
[    0.000000] Linux version 2.6.32.57 (dcashman@dcashman-02) (gcc version 4.3.3 (GCC) ) #3 Fri May 24 04:27:34 PDT 2013
[    0.000000] KERNEL supported cpus:
[    0.000000]   Intel GenuineIntel
[    0.000000]   AMD AuthenticAMD
[    0.000000]   NSC Geode by NSC
[    0.000000]   Cyrix CyrixInstead
[    0.000000]   Centaur CentaurHauls
[    0.000000]   Transmeta GenuineTMx86
[    0.000000]   Transmeta TransmetaCPU
[    0.000000]   UMC UMC UMC UMC
[    0.000000] BIOS-provided physical RAM map:
[    0.000000]  BIOS-e820: 0000000000000000 - 000000000009d800 (usable)
[    0.000000]  BIOS-e820: 000000000009d800 - 00000000000a0000 (reserved)
[    0.000000]  BIOS-e820: 00000000000d2000 - 00000000000d4000 (reserved)
[    0.000000]  BIOS-e820: 00000000000e0000 - 0000000000100000 (reserved)
[    0.000000]  BIOS-e820: 0000000000100000 - 000000003d6b0000 (usable)
[    0.000000]  BIOS-e820: 000000003d6b0000 - 000000003d6cc000 (ACPI data)
[    0.000000]  BIOS-e820: 000000003d6cc000 - 000000003d700000 (ACPI NVS)
[    0.000000]  BIOS-e820: 000000003d700000 - 000000003e000000 (reserved)
[    0.000000]  BIOS-e820: 00000000f0000000 - 00000000f4000000 (reserved)
[    0.000000]  BIOS-e820: 00000000fec00000 - 00000000fec10000 (reserved)
[    0.000000]  BIOS-e820: 00000000fed00000 - 00000000fed00400 (reserved)
[    0.000000]  BIOS-e820: 00000000fed14000 - 00000000fed1a000 (reserved)
[    0.000000]  BIOS-e820: 00000000fed1c000 - 00000000fed90000 (reserved)
[    0.000000]  BIOS-e820: 00000000fee00000 - 00000000fee01000 (reserved)
[    0.000000]  BIOS-e820: 00000000ff000000 - 0000000100000000 (reserved)
[    0.000000] DMI present.
[    0.000000] last_pfn = 0x3d6b0 max_arch_pfn = 0x100000
[    0.000000] MTRR default type: uncachable
[    0.000000] MTRR fixed ranges enabled:
[    0.000000]   00000-9FFFF write-back
[    0.000000]   A0000-BFFFF uncachable
[    0.000000]   C0000-CFFFF write-protect
[    0.000000]   D0000-DFFFF uncachable
[    0.000000]   E0000-FFFFF write-protect
[    0.000000] MTRR variable ranges enabled:
[    0.000000]   0 base 03E000000 mask FFE000000 uncachable
[    0.000000]   1 base 000000000 mask FC0000000 write-back
[    0.000000]   2 base 03D700000 mask FFFF00000 uncachable
[    0.000000]   3 base 03D800000 mask FFF800000 uncachable
[    0.000000]   4 disabled
[    0.000000]   5 disabled
[    0.000000]   6 disabled
[    0.000000]   7 disabled
[    0.000000] initial memory mapped : 0 - 02000000
[    0.000000] init_memory_mapping: 0000000000000000-00000000377fe000
[    0.000000]  0000000000 - 0000400000 page 4k
[    0.000000]  0000400000 - 0037400000 page 2M
[    0.000000]  0037400000 - 00377fe000 page 4k
[    0.000000] kernel direct mapping tables up to 377fe000 @ 7000-c000
[    0.000000] ACPI: RSDP 000f68d0 00024 (v02 LENOVO)
[    0.000000] ACPI: XSDT 3d6bb77f 00094 (v01 LENOVO TP-7L    00002170  LTP 00000000)
[    0.000000] ACPI: FACP 3d6bb900 000F4 (v03 LENOVO TP-7L    00002170 LNVO 00000001)
[    0.000000] ACPI Warning: 32/64X length mismatch in Gpe1Block: 0/32 (20090903/tbfadt-526)
[    0.000000] ACPI Warning: Optional field Gpe1Block has zero address or length: 000000000000102C/0 (20090903/tbfadt-557)
[    0.000000] ACPI: DSDT 3d6bbd1d 0FED1 (v01 LENOVO TP-7L    00002170 MSFT 03000000)
[    0.000000] ACPI: FACS 3d6e4000 00040
[    0.000000] ACPI: SSDT 3d6bbab4 00269 (v01 LENOVO TP-7L    00002170 MSFT 03000000)
[    0.000000] ACPI: ECDT 3d6cbbee 00052 (v01 LENOVO TP-7L    00002170 LNVO 00000001)
[    0.000000] ACPI: TCPA 3d6cbc40 00032 (v02 LENOVO TP-7L    00002170 LNVO 00000001)
[    0.000000] ACPI: APIC 3d6cbc72 00068 (v01 LENOVO TP-7L    00002170 LNVO 00000001)
[    0.000000] ACPI: MCFG 3d6cbcda 0003C (v01 LENOVO TP-7L    00002170 LNVO 00000001)
[    0.000000] ACPI: HPET 3d6cbd16 00038 (v01 LENOVO TP-7L    00002170 LNVO 00000001)
[    0.000000] ACPI: SLIC 3d6cbdf0 00176 (v01 LENOVO TP-7L    00002170  LTP 00000000)
[    0.000000] ACPI: BOOT 3d6cbf66 00028 (v01 LENOVO TP-7L    00002170  LTP 00000001)
[    0.000000] ACPI: ASF! 3d6cbf8e 00072 (v16 LENOVO TP-7L    00002170 PTL  00000001)
[    0.000000] ACPI: SSDT 3d6e26d9 0025F (v01 LENOVO TP-7L    00002170 INTL 20050513)
[    0.000000] ACPI: SSDT 3d6e2938 000A6 (v01 LENOVO TP-7L    00002170 INTL 20050513)
[    0.000000] ACPI: SSDT 3d6e29de 004F7 (v01 LENOVO TP-7L    00002170 INTL 20050513)
[    0.000000] ACPI: SSDT 3d6e2ed5 001D8 (v01 LENOVO TP-7L    00002170 INTL 20050513)
[    0.000000] ACPI: DMI detected: Lenovo ThinkPad R61
[    0.000000] ACPI: Added _OSI(Linux)
[    0.000000] ACPI: Local APIC address 0xfee00000
[    0.000000] 94MB HIGHMEM available.
[    0.000000] 887MB LOWMEM available.
[    0.000000]   mapped low ram: 0 - 377fe000
[    0.000000]   low ram: 0 - 377fe000
[    0.000000]   node 0 low ram: 00000000 - 377fe000
[    0.000000]   node 0 bootmap 00008000 - 0000ef00
[    0.000000] (6 early reservations) ==> bootmem [0000000000 - 00377fe000]
[    0.000000]   #0 [0000000000 - 0000001000]   BIOS data page ==> [0000000000 - 0000001000]
[    0.000000]   #1 [0001000000 - 0001bdc180]    TEXT DATA BSS ==> [0001000000 - 0001bdc180]
[    0.000000]   #2 [000009d800 - 0000100000]    BIOS reserved ==> [000009d800 - 0000100000]
[    0.000000]   #3 [0001bdd000 - 0001be516c]              BRK ==> [0001bdd000 - 0001be516c]
[    0.000000]   #4 [0000007000 - 0000008000]          PGTABLE ==> [0000007000 - 0000008000]
[    0.000000]   #5 [0000008000 - 000000f000]          BOOTMAP ==> [0000008000 - 000000f000]
[    0.000000] found SMP MP-table at [c00f6900] f6900
[    0.000000] Zone PFN ranges:
[    0.000000]   DMA      0x00000000 -> 0x00001000
[    0.000000]   Normal   0x00001000 -> 0x000377fe
[    0.000000]   HighMem  0x000377fe -> 0x0003d6b0
[    0.000000] Movable zone start PFN for each node
[    0.000000] early_node_map[2] active PFN ranges
[    0.000000]     0: 0x00000000 -> 0x0000009d
[    0.000000]     0: 0x00000100 -> 0x0003d6b0
[    0.000000] On node 0 totalpages: 251469
[    0.000000] free_area_init_node: node 0, pgdat c1901ea0, node_mem_map c1be7000
[    0.000000]   DMA zone: 32 pages used for memmap
[    0.000000]   DMA zone: 0 pages reserved
[    0.000000]   DMA zone: 3965 pages, LIFO batch:0
[    0.000000]   Normal zone: 1744 pages used for memmap
[    0.000000]   Normal zone: 221486 pages, LIFO batch:31
[    0.000000]   HighMem zone: 190 pages used for memmap
[    0.000000]   HighMem zone: 24052 pages, LIFO batch:3
[    0.000000] Using APIC driver default
[    0.000000] ACPI: PM-Timer IO Port: 0x1008
[    0.000000] ACPI: Local APIC address 0xfee00000
[    0.000000] ACPI: LAPIC (acpi_id[0x00] lapic_id[0x00] enabled)
[    0.000000] ACPI: LAPIC (acpi_id[0x01] lapic_id[0x01] enabled)
[    0.000000] ACPI: NR_CPUS/possible_cpus limit of 1 reached.  Processor 1/0x1 ignored.
[    0.000000] ACPI: LAPIC_NMI (acpi_id[0x00] high edge lint[0x1])
[    0.000000] ACPI: LAPIC_NMI (acpi_id[0x01] high edge lint[0x1])
[    0.000000] ACPI: IOAPIC (id[0x01] address[0xfec00000] gsi_base[0])
[    0.000000] IOAPIC[0]: apic_id 1, version 32, address 0xfec00000, GSI 0-23
[    0.000000] ACPI: INT_SRC_OVR (bus 0 bus_irq 0 global_irq 2 dfl dfl)
[    0.000000] ACPI: INT_SRC_OVR (bus 0 bus_irq 9 global_irq 9 high level)
[    0.000000] ACPI: IRQ0 used by override.
[    0.000000] ACPI: IRQ2 used by override.
[    0.000000] ACPI: IRQ9 used by override.
[    0.000000] Using ACPI (MADT) for SMP configuration information
[    0.000000] ACPI: HPET id: 0x8086a201 base: 0xfed00000
[    0.000000] nr_irqs_gsi: 24
[    0.000000] PM: Registered nosave memory: 000000000009d000 - 000000000009e000
[    0.000000] PM: Registered nosave memory: 000000000009e000 - 00000000000a0000
[    0.000000] PM: Registered nosave memory: 00000000000a0000 - 00000000000d2000
[    0.000000] PM: Registered nosave memory: 00000000000d2000 - 00000000000d4000
[    0.000000] PM: Registered nosave memory: 00000000000d4000 - 00000000000e0000
[    0.000000] PM: Registered nosave memory: 00000000000e0000 - 0000000000100000
[    0.000000] Allocating PCI resources starting at 3e000000 (gap: 3e000000:b2000000)
[    0.000000] Built 1 zonelists in Zone order, mobility grouping on.  Total pages: 249503
[    0.000000] Kernel command line: auto BOOT_IMAGE=Linux ro root=802 vt.default_utf8=0 maxcpus=0
[    0.000000] PID hash table entries: 4096 (order: 2, 16384 bytes)
[    0.000000] Dentry cache hash table entries: 131072 (order: 7, 524288 bytes)
[    0.000000] Inode-cache hash table entries: 65536 (order: 6, 262144 bytes)
[    0.000000] Enabling fast FPU save and restore... done.
[    0.000000] Enabling unmasked SIMD FPU exception support... done.
[    0.000000] Initializing CPU#0
[    0.000000] Initializing HighMem for node 0 (000377fe:0003d6b0)
[    0.000000] Memory: 984800k/1006272k available (6914k kernel code, 20876k reserved, 2328k data, 448k init, 96968k highmem)
[    0.000000] virtual kernel memory layout:
[    0.000000]     fixmap  : 0xfffa3000 - 0xfffff000   ( 368 kB)
[    0.000000]     pkmap   : 0xff800000 - 0xffc00000   (4096 kB)
[    0.000000]     vmalloc : 0xf7ffe000 - 0xff7fe000   ( 120 MB)
[    0.000000]     lowmem  : 0xc0000000 - 0xf77fe000   ( 887 MB)
[    0.000000]       .init : 0xc1907000 - 0xc1977000   ( 448 kB)
[    0.000000]       .data : 0xc16c0b5f - 0xc1906c64   (2328 kB)
[    0.000000]       .text : 0xc1000000 - 0xc16c0b5f   (6914 kB)
[    0.000000] Checking if this processor honours the WP bit even in supervisor mode...Ok.
[    0.000000] SLUB: Genslabs=13, HWalign=64, Order=0-3, MinObjects=0, CPUs=1, Nodes=1
[    0.000000] Hierarchical RCU implementation.
[    0.000000] NR_IRQS:288
[    0.000000] Extended CMOS year: 2000
[    0.000000] Console: colour VGA+ 80x25
[    0.000000] console [tty0] enabled
[    0.000000] hpet clockevent registered
[    0.000000] Fast TSC calibration using PIT
[    0.000000] Detected 2094.645 MHz processor.
[    0.002001] Calibrating delay loop (skipped), value calculated using timer frequency.. 4189.29 BogoMIPS (lpj=2094645)
[    0.002169] Security Framework initialized
[    0.002254] Mount-cache hash table entries: 512
[    0.002404] CPU: L1 I cache: 32K, L1 D cache: 32K
[    0.002528] CPU: L2 cache: 3072K
[    0.002607] mce: CPU supports 6 MCE banks
[    0.002694] CPU0: Thermal monitoring enabled (TM2)
[    0.002775] using mwait in idle threads.
[    0.002859] CPU: Intel(R) Core(TM)2 Duo CPU     T8100  @ 2.10GHz stepping 06
[    0.003078] Checking 'hlt' instruction... OK.
[    0.007939] ACPI: Core revision 20090903
[    0.027013] CANARY value: d49e99ab for PID: 1
[    0.027043] Enabling APIC mode:  Flat.  Using 1 I/O APICs
[    0.027494] ..TIMER: vector=0x30 apic1=0 pin1=2 apic2=-1 pin2=-1
[    0.037997] xor: automatically using best checksumming function: pIII_sse
[    0.041998]    pIII_sse  :  8568.000 MB/sec
[    0.042077] xor: using function: pIII_sse (8568.000 MB/sec)
[    0.042159] RANDOM - __seed init called.
[    0.042160] RANDOM - __seed init called.
[    0.042161] RANDOM - __seed init called.
[    0.042163] RANDOM - __random32 called. Change num 1.  Value: f7943846	49e73df3	af36cd0d
[    0.042164] RANDOM - __random32 called. Change num 2.  Value: 43846e13	9e73df37	9a1ad014
[    0.042166] RANDOM - __random32 called. Change num 3.  Value: 46e139c8	e73df373	a029598a
[    0.042168] RANDOM - __random32 called. Change num 4.  Value: 139c8c3b	73df373d	b3142c72
[    0.042169] RANDOM - __random32 called. Change num 5.  Value: c8c3b043	3df373de	58e576a9
[    0.042171] RANDOM - __random32 called. Change num 6.  Value: 3b0437d9	df373de5	ed53f9d8
[    0.042173] RANDOM - random32 init called.  Value: 3b0437d9	df373de5	ed53f9d8
[    0.042190] NET: Registered protocol family 16
[    0.042443] ACPI FADT declares the system doesn't support PCIe ASPM, so disable it
[    0.042562] ACPI: bus type pci registered
[    0.042721] PCI: MCFG configuration 0: base f0000000 segment 0 buses 0 - 63
[    0.042804] PCI: MCFG area at f0000000 reserved in E820
[    0.042890] PCI: Using MMCONFIG for extended config space
[    0.042970] PCI: Using configuration type 1 for base access
[    0.046087] bio: create slab <bio-0> at 0
[    0.046888] ACPI: EC: EC description table is found, configuring boot EC
[    0.052042] ACPI: BIOS _OSI(Linux) query honored via DMI
[    0.052758] random 0000 0000 0000 00000000 00000000: rand_read_num 2 get_random_bytes(8): sig fffffe1a 00000000 00000000
[    0.052761] random 0000 0000 0000 00000000 00000000: extract_entropy(.. 8 ..)
[    0.052764] random 0000 0000 0000 00000000 00000000: going to reseed nonblocking with 64 bits (64 of 0 requested)
[    0.052766] random 0000 0000 0000 00000000 00000000: extract_entropy(.. 8 ..)
[    0.052768] random 0000 0000 0000 00000000 00000000: trying to extract 64 bits from input
[    0.052770] random 0000 0000 0000 00000000 00000000: debiting 0 entropy credits from input
[    0.052772] random 0000 0000 0000 00000000 00000000: extract_entropy account returned: 0 
[    0.052775] random 0000 0000 0000 00000000 00000000: urand_change_num 3 xfer_secondary_pool(8): pool_sig fffffe1a, data_sig 00000000, bytes_mixed 0 00000000 00000000
[    0.052778] random 0000 0000 0000 00000000 00000000: trying to extract 64 bits from nonblocking
[    0.052780] random 0000 0000 0000 00000000 00000000: debiting 64 entropy credits from nonblocking (unlimited)
[    0.052782] random 0000 0000 0000 00000000 00000000: extract_entropy account returned: 8 
[    0.052815] random 0000 0000 0000 00000000 00000000: urand_change_num 4 extract_buf: pool_sig fffffe1a, data_sig fffffed7, bytes_mixed 20 00000000 00000000
[    0.057441] ACPI: Interpreter enabled
[    0.057529] ACPI: (supports S0 S3 S4 S5)
[    0.057804] ACPI: Using IOAPIC for interrupt routing
[    0.067629] ACPI: EC: GPE = 0x12, I/O: command/status = 0x66, data = 0x62
[    0.067904] ACPI: Power Resource [PUBS] (on)
[    0.069985] ACPI: ACPI Dock Station Driver: 3 docks/bays found
[    0.070317] ACPI: PCI Root Bridge [PCI0] (0000:00)
[    0.070479] pci 0000:00:02.0: reg 10 64bit mmio: [0xf8100000-0xf81fffff]
[    0.070485] pci 0000:00:02.0: reg 18 64bit mmio pref: [0xe0000000-0xefffffff]
[    0.070489] pci 0000:00:02.0: reg 20 io port: [0x1800-0x1807]
[    0.070523] pci 0000:00:02.1: reg 10 64bit mmio: [0xf8200000-0xf82fffff]
[    0.070624] pci 0000:00:19.0: reg 10 32bit mmio: [0xfe000000-0xfe01ffff]
[    0.070632] pci 0000:00:19.0: reg 14 32bit mmio: [0xfe025000-0xfe025fff]
[    0.070642] pci 0000:00:19.0: reg 18 io port: [0x1840-0x185f]
[    0.070712] pci 0000:00:19.0: PME# supported from D0 D3hot D3cold
[    0.070795] pci 0000:00:19.0: PME# disabled
[    0.071021] pci 0000:00:1a.0: reg 20 io port: [0x1860-0x187f]
[    0.071101] pci 0000:00:1a.1: reg 20 io port: [0x1880-0x189f]
[    0.071177] pci 0000:00:1a.7: reg 10 32bit mmio: [0xfe226c00-0xfe226fff]
[    0.071260] pci 0000:00:1a.7: PME# supported from D0 D3hot D3cold
[    0.071358] pci 0000:00:1a.7: PME# disabled
[    0.071488] pci 0000:00:1b.0: reg 10 64bit mmio: [0xfe020000-0xfe023fff]
[    0.071569] pci 0000:00:1b.0: PME# supported from D0 D3hot D3cold
[    0.071664] pci 0000:00:1b.0: PME# disabled
[    0.071856] pci 0000:00:1c.0: PME# supported from D0 D3hot D3cold
[    0.071945] pci 0000:00:1c.0: PME# disabled
[    0.072115] pci 0000:00:1c.1: PME# supported from D0 D3hot D3cold
[    0.072198] pci 0000:00:1c.1: PME# disabled
[    0.072392] pci 0000:00:1c.2: PME# supported from D0 D3hot D3cold
[    0.072481] pci 0000:00:1c.2: PME# disabled
[    0.072680] pci 0000:00:1c.3: PME# supported from D0 D3hot D3cold
[    0.072777] pci 0000:00:1c.3: PME# disabled
[    0.073109] pci 0000:00:1c.4: PME# supported from D0 D3hot D3cold
[    0.073199] pci 0000:00:1c.4: PME# disabled
[    0.073348] pci 0000:00:1d.0: reg 20 io port: [0x18a0-0x18bf]
[    0.074001] pci 0000:00:1d.1: reg 20 io port: [0x18c0-0x18df]
[    0.074093] pci 0000:00:1d.2: reg 20 io port: [0x18e0-0x18ff]
[    0.074184] pci 0000:00:1d.7: reg 10 32bit mmio: [0xfe227000-0xfe2273ff]
[    0.074286] pci 0000:00:1d.7: PME# supported from D0 D3hot D3cold
[    0.074378] pci 0000:00:1d.7: PME# disabled
[    0.074662] pci 0000:00:1f.0: quirk: region 1000-107f claimed by ICH6 ACPI/GPIO/TCO
[    0.074786] pci 0000:00:1f.0: quirk: region 1180-11bf claimed by ICH6 GPIO
[    0.074883] pci 0000:00:1f.0: ICH7 LPC Generic IO decode 1 PIO at 1600 (mask 007f)
[    0.074998] pci 0000:00:1f.0: ICH7 LPC Generic IO decode 2 PIO at 15e0 (mask 000f)
[    0.075120] pci 0000:00:1f.0: ICH7 LPC Generic IO decode 3 PIO at 1680 (mask 001f)
[    0.075318] pci 0000:00:1f.1: reg 10 io port: [0x00-0x07]
[    0.075327] pci 0000:00:1f.1: reg 14 io port: [0x00-0x03]
[    0.075336] pci 0000:00:1f.1: reg 18 io port: [0x00-0x07]
[    0.075345] pci 0000:00:1f.1: reg 1c io port: [0x00-0x03]
[    0.075357] pci 0000:00:1f.1: reg 20 io port: [0x1c00-0x1c0f]
[    0.075449] pci 0000:00:1f.2: reg 10 io port: [0x1c50-0x1c57]
[    0.075458] pci 0000:00:1f.2: reg 14 io port: [0x1c44-0x1c47]
[    0.075466] pci 0000:00:1f.2: reg 18 io port: [0x1c48-0x1c4f]
[    0.075475] pci 0000:00:1f.2: reg 1c io port: [0x1c40-0x1c43]
[    0.075482] pci 0000:00:1f.2: reg 20 io port: [0x1c20-0x1c3f]
[    0.075490] pci 0000:00:1f.2: reg 24 32bit mmio: [0xfe226000-0xfe2267ff]
[    0.075550] pci 0000:00:1f.2: PME# supported from D3hot
[    0.075638] pci 0000:00:1f.2: PME# disabled
[    0.075751] pci 0000:00:1f.3: reg 10 32bit mmio: [0xfe227400-0xfe2274ff]
[    0.075778] pci 0000:00:1f.3: reg 20 io port: [0x1c60-0x1c7f]
[    0.075873] pci 0000:00:1c.0: bridge io port: [0x2000-0x2fff]
[    0.075879] pci 0000:00:1c.0: bridge 32bit mmio: [0xfc000000-0xfdffffff]
[    0.075888] pci 0000:00:1c.0: bridge 64bit mmio pref: [0xf8000000-0xf80fffff]
[    0.075959] pci 0000:03:00.0: reg 10 64bit mmio: [0xdf3f0000-0xdf3fffff]
[    0.076171] pci 0000:00:1c.1: bridge io port: [0x3000-0x3fff]
[    0.076177] pci 0000:00:1c.1: bridge 32bit mmio: [0xdc000000-0xdf3fffff]
[    0.076184] pci 0000:00:1c.1: bridge 64bit mmio pref: [0xdfe00000-0xdfefffff]
[    0.076242] pci 0000:00:1c.2: bridge io port: [0x4000-0x4fff]
[    0.076246] pci 0000:00:1c.2: bridge 32bit mmio: [0xd8000000-0xd9ffffff]
[    0.076253] pci 0000:00:1c.2: bridge 64bit mmio pref: [0xdfb00000-0xdfbfffff]
[    0.076309] pci 0000:00:1c.3: bridge io port: [0x5000-0x5fff]
[    0.076313] pci 0000:00:1c.3: bridge 32bit mmio: [0xd4000000-0xd5ffffff]
[    0.076322] pci 0000:00:1c.3: bridge 64bit mmio pref: [0xdf800000-0xdf8fffff]
[    0.076379] pci 0000:00:1c.4: bridge io port: [0x6000-0x6fff]
[    0.076385] pci 0000:00:1c.4: bridge 32bit mmio: [0xd0000000-0xd1ffffff]
[    0.076394] pci 0000:00:1c.4: bridge 64bit mmio pref: [0xdf500000-0xdf5fffff]
[    0.076453] pci 0000:15:00.0: reg 10 32bit mmio: [0xf8300000-0xf8300fff]
[    0.076501] pci 0000:15:00.0: supports D1 D2
[    0.076502] pci 0000:15:00.0: PME# supported from D0 D1 D2 D3hot D3cold
[    0.076588] pci 0000:15:00.0: PME# disabled
[    0.076728] pci 0000:15:00.1: reg 10 32bit mmio: [0xf8301000-0xf83017ff]
[    0.076822] pci 0000:15:00.1: supports D1 D2
[    0.076823] pci 0000:15:00.1: PME# supported from D0 D1 D2 D3hot D3cold
[    0.076912] pci 0000:15:00.1: PME# disabled
[    0.077087] pci 0000:00:1e.0: transparent bridge
[    0.077177] pci 0000:00:1e.0: bridge io port: [0x7000-0xafff]
[    0.077183] pci 0000:00:1e.0: bridge 32bit mmio: [0xf8300000-0xfbffffff]
[    0.077192] pci 0000:00:1e.0: bridge 64bit mmio pref: [0xf4000000-0xf7ffffff]
[    0.077260] pci_bus 0000:00: on NUMA node 0
[    0.077264] ACPI: PCI Interrupt Routing Table [\_SB_.PCI0._PRT]
[    0.077398] ACPI: PCI Interrupt Routing Table [\_SB_.PCI0.EXP0._PRT]
[    0.077456] ACPI: PCI Interrupt Routing Table [\_SB_.PCI0.EXP1._PRT]
[    0.077514] ACPI: PCI Interrupt Routing Table [\_SB_.PCI0.EXP2._PRT]
[    0.077572] ACPI: PCI Interrupt Routing Table [\_SB_.PCI0.EXP3._PRT]
[    0.077634] ACPI: PCI Interrupt Routing Table [\_SB_.PCI0.EXP4._PRT]
[    0.077697] ACPI: PCI Interrupt Routing Table [\_SB_.PCI0.PCI1._PRT]
[    0.083144] ACPI: PCI Interrupt Link [LNKA] (IRQs 3 4 5 6 7 9 *10 11)
[    0.083850] ACPI: PCI Interrupt Link [LNKB] (IRQs 3 4 5 6 7 9 10 *11)
[    0.084574] ACPI: PCI Interrupt Link [LNKC] (IRQs 3 4 5 6 7 9 10 *11)
[    0.085285] ACPI: PCI Interrupt Link [LNKD] (IRQs 3 4 5 6 7 9 10 *11)
[    0.086057] ACPI: PCI Interrupt Link [LNKE] (IRQs 3 4 5 6 7 9 10 *11)
[    0.086769] ACPI: PCI Interrupt Link [LNKF] (IRQs 3 4 5 6 7 9 10 *11)
[    0.087518] ACPI: PCI Interrupt Link [LNKG] (IRQs 3 4 5 6 7 9 10 *11)
[    0.088238] ACPI: PCI Interrupt Link [LNKH] (IRQs 3 4 5 6 7 9 10 *11)
[    0.088934] vgaarb: device added: PCI:0000:00:02.0,decodes=io+mem,owns=io+mem,locks=none
[    0.089001] vgaarb: loaded
[    0.089172] SCSI subsystem initialized
[    0.089265] libata version 3.00 loaded.
[    0.089314] usbcore: registered new interface driver usbfs
[    0.089440] usbcore: registered new interface driver hub
[    0.089549] usbcore: registered new device driver usb
[    0.106039] raid6: int32x1    941 MB/s
[    0.123058] raid6: int32x2    890 MB/s
[    0.140067] raid6: int32x4    750 MB/s
[    0.157069] raid6: int32x8    660 MB/s
[    0.174004] raid6: mmxx1     2882 MB/s
[    0.190985] raid6: mmxx2     3269 MB/s
[    0.207991] raid6: sse1x1    1937 MB/s
[    0.224977] raid6: sse1x2    2531 MB/s
[    0.241990] raid6: sse2x1    3507 MB/s
[    0.258978] raid6: sse2x2    3828 MB/s
[    0.259062] raid6: using algorithm sse2x2 (3828 MB/s)
[    0.259147] PCI: Using ACPI for IRQ routing
[    0.259452] HPET: 3 timers in total, 0 timers will be used for per-cpu timer
[    0.259990] Switching to clocksource tsc
[    0.260085] pnp: PnP ACPI init
[    0.260169] ACPI: bus type pnp registered
[    0.263806] pnp: PnP ACPI: found 11 devices
[    0.263902] ACPI: ACPI bus type pnp unregistered
[    0.263997] system 00:00: iomem range 0x0-0x9ffff could not be reserved
[    0.264085] system 00:00: iomem range 0xc0000-0xc3fff could not be reserved
[    0.264187] system 00:00: iomem range 0xc4000-0xc7fff could not be reserved
[    0.264273] system 00:00: iomem range 0xc8000-0xcbfff has been reserved
[    0.264355] system 00:00: iomem range 0xcc000-0xcffff has been reserved
[    0.264438] system 00:00: iomem range 0xd0000-0xd3fff could not be reserved
[    0.264521] system 00:00: iomem range 0xe0000-0xe3fff could not be reserved
[    0.264605] system 00:00: iomem range 0xe4000-0xe7fff could not be reserved
[    0.264704] system 00:00: iomem range 0xe8000-0xebfff could not be reserved
[    0.264794] system 00:00: iomem range 0xec000-0xeffff could not be reserved
[    0.264884] system 00:00: iomem range 0xf0000-0xfffff could not be reserved
[    0.264973] system 00:00: iomem range 0x100000-0x3dffffff could not be reserved
[    0.265085] system 00:00: iomem range 0xfec00000-0xfed3ffff could not be reserved
[    0.265203] system 00:00: iomem range 0xfed4c000-0xffffffff could not be reserved
[    0.265319] system 00:02: ioport range 0x164e-0x164f has been reserved
[    0.265400] system 00:02: ioport range 0x1000-0x107f has been reserved
[    0.265492] system 00:02: ioport range 0x1180-0x11bf has been reserved
[    0.265578] system 00:02: ioport range 0x800-0x80f has been reserved
[    0.265680] system 00:02: ioport range 0x15e0-0x15ef has been reserved
[    0.265761] system 00:02: ioport range 0x1600-0x165f could not be reserved
[    0.265857] system 00:02: iomem range 0xf0000000-0xf3ffffff has been reserved
[    0.265948] system 00:02: iomem range 0xfed1c000-0xfed1ffff has been reserved
[    0.266031] system 00:02: iomem range 0xfed14000-0xfed17fff has been reserved
[    0.266118] system 00:02: iomem range 0xfed18000-0xfed18fff has been reserved
[    0.266204] system 00:02: iomem range 0xfed19000-0xfed19fff has been reserved
[    0.266286] system 00:02: iomem range 0xfed45000-0xfed4bfff has been reserved
[    0.301320] pci 0000:00:1c.0: PCI bridge, secondary bus 0000:02
[    0.301407] pci 0000:00:1c.0:   IO window: 0x2000-0x2fff
[    0.301497] pci 0000:00:1c.0:   MEM window: 0xfc000000-0xfdffffff
[    0.301586] pci 0000:00:1c.0:   PREFETCH window: 0x000000f8000000-0x000000f80fffff
[    0.301709] pci 0000:00:1c.1: PCI bridge, secondary bus 0000:03
[    0.301802] pci 0000:00:1c.1:   IO window: 0x3000-0x3fff
[    0.301892] pci 0000:00:1c.1:   MEM window: 0xdc000000-0xdf3fffff
[    0.301981] pci 0000:00:1c.1:   PREFETCH window: 0x000000dfe00000-0x000000dfefffff
[    0.302099] pci 0000:00:1c.2: PCI bridge, secondary bus 0000:04
[    0.302203] pci 0000:00:1c.2:   IO window: 0x4000-0x4fff
[    0.302299] pci 0000:00:1c.2:   MEM window: 0xd8000000-0xd9ffffff
[    0.302392] pci 0000:00:1c.2:   PREFETCH window: 0x000000dfb00000-0x000000dfbfffff
[    0.302508] pci 0000:00:1c.3: PCI bridge, secondary bus 0000:05
[    0.302596] pci 0000:00:1c.3:   IO window: 0x5000-0x5fff
[    0.302687] pci 0000:00:1c.3:   MEM window: 0xd4000000-0xd5ffffff
[    0.302770] pci 0000:00:1c.3:   PREFETCH window: 0x000000df800000-0x000000df8fffff
[    0.302896] pci 0000:00:1c.4: PCI bridge, secondary bus 0000:0d
[    0.302981] pci 0000:00:1c.4:   IO window: 0x6000-0x6fff
[    0.303077] pci 0000:00:1c.4:   MEM window: 0xd0000000-0xd1ffffff
[    0.303173] pci 0000:00:1c.4:   PREFETCH window: 0x000000df500000-0x000000df5fffff
[    0.303291] pci 0000:15:00.0: CardBus bridge, secondary bus 0000:16
[    0.303373] pci 0000:15:00.0:   IO window: 0x007000-0x0070ff
[    0.303460] pci 0000:15:00.0:   IO window: 0x007400-0x0074ff
[    0.303549] pci 0000:15:00.0:   PREFETCH window: 0xf4000000-0xf7ffffff
[    0.303648] pci 0000:15:00.0:   MEM window: 0x40000000-0x43ffffff
[    0.303733] pci 0000:00:1e.0: PCI bridge, secondary bus 0000:15
[    0.303816] pci 0000:00:1e.0:   IO window: 0x7000-0xafff
[    0.303905] pci 0000:00:1e.0:   MEM window: 0xf8300000-0xfbffffff
[    0.303990] pci 0000:00:1e.0:   PREFETCH window: 0x000000f4000000-0x000000f7ffffff
[    0.304127] pci 0000:00:1c.0: PCI INT A -> GSI 20 (level, low) -> IRQ 20
[    0.304223] pci 0000:00:1c.0: setting latency timer to 64
[    0.304233] pci 0000:00:1c.1: PCI INT B -> GSI 21 (level, low) -> IRQ 21
[    0.304320] pci 0000:00:1c.1: setting latency timer to 64
[    0.304329] pci 0000:00:1c.2: PCI INT C -> GSI 22 (level, low) -> IRQ 22
[    0.304416] pci 0000:00:1c.2: setting latency timer to 64
[    0.304430] pci 0000:00:1c.3: PCI INT D -> GSI 23 (level, low) -> IRQ 23
[    0.304514] pci 0000:00:1c.3: setting latency timer to 64
[    0.304527] pci 0000:00:1c.4: PCI INT A -> GSI 20 (level, low) -> IRQ 20
[    0.304611] pci 0000:00:1c.4: setting latency timer to 64
[    0.304618] pci 0000:00:1e.0: enabling device (0005 -> 0007)
[    0.304719] pci 0000:00:1e.0: setting latency timer to 64
[    0.304736] pci 0000:15:00.0: PCI INT A -> GSI 16 (level, low) -> IRQ 16
[    0.304835] pci 0000:15:00.0: setting latency timer to 64
[    0.304841] pci_bus 0000:00: resource 0 io:  [0x00-0xffff]
[    0.304843] pci_bus 0000:00: resource 1 mem: [0x000000-0xffffffff]
[    0.304845] pci_bus 0000:02: resource 0 io:  [0x2000-0x2fff]
[    0.304847] pci_bus 0000:02: resource 1 mem: [0xfc000000-0xfdffffff]
[    0.304849] pci_bus 0000:02: resource 2 pref mem [0xf8000000-0xf80fffff]
[    0.304850] pci_bus 0000:03: resource 0 io:  [0x3000-0x3fff]
[    0.304852] pci_bus 0000:03: resource 1 mem: [0xdc000000-0xdf3fffff]
[    0.304854] pci_bus 0000:03: resource 2 pref mem [0xdfe00000-0xdfefffff]
[    0.304856] pci_bus 0000:04: resource 0 io:  [0x4000-0x4fff]
[    0.304858] pci_bus 0000:04: resource 1 mem: [0xd8000000-0xd9ffffff]
[    0.304860] pci_bus 0000:04: resource 2 pref mem [0xdfb00000-0xdfbfffff]
[    0.304861] pci_bus 0000:05: resource 0 io:  [0x5000-0x5fff]
[    0.304863] pci_bus 0000:05: resource 1 mem: [0xd4000000-0xd5ffffff]
[    0.304868] pci_bus 0000:05: resource 2 pref mem [0xdf800000-0xdf8fffff]
[    0.304870] pci_bus 0000:0d: resource 0 io:  [0x6000-0x6fff]
[    0.304871] pci_bus 0000:0d: resource 1 mem: [0xd0000000-0xd1ffffff]
[    0.304873] pci_bus 0000:0d: resource 2 pref mem [0xdf500000-0xdf5fffff]
[    0.304875] pci_bus 0000:15: resource 0 io:  [0x7000-0xafff]
[    0.304877] pci_bus 0000:15: resource 1 mem: [0xf8300000-0xfbffffff]
[    0.304878] pci_bus 0000:15: resource 2 pref mem [0xf4000000-0xf7ffffff]
[    0.304880] pci_bus 0000:15: resource 3 io:  [0x00-0xffff]
[    0.304882] pci_bus 0000:15: resource 4 mem: [0x000000-0xffffffff]
[    0.304884] pci_bus 0000:16: resource 0 io:  [0x7000-0x70ff]
[    0.304885] pci_bus 0000:16: resource 1 io:  [0x7400-0x74ff]
[    0.304887] pci_bus 0000:16: resource 2 pref mem [0xf4000000-0xf7ffffff]
[    0.304889] pci_bus 0000:16: resource 3 mem: [0x40000000-0x43ffffff]
[    0.304896] NET: Registered protocol family 2
[    0.304979] RANDOM - __random32 called. Change num 7.  Value: 437d97bf	f373de51	f3b0f986
[    0.304980] RANDOM - random32 called.  Value: 437d97bf	f373de51	f3b0f986
[    0.304985] random 0000 0000 0000 5f8db4e5 4cfdf2a8: rand_read_num 3 get_random_bytes(4): sig fffffb64 5f8db4e5 4cfdf2a8
[    0.304987] random 0000 0000 0000 5f8db4e5 4cfdf2a8: extract_entropy(.. 4 ..)
[    0.304989] random 0000 0000 0000 5f8db4e5 4cfdf2a8: going to reseed nonblocking with 64 bits (32 of 0 requested)
[    0.304991] random 0000 0000 0000 5f8db4e5 4cfdf2a8: extract_entropy(.. 8 ..)
[    0.304993] random 0000 0000 0000 5f8db4e5 4cfdf2a8: trying to extract 64 bits from input
[    0.304995] random 0000 0000 0000 5f8db4e5 4cfdf2a8: debiting 0 entropy credits from input
[    0.304997] random 0000 0000 0000 5f8db4e5 4cfdf2a8: extract_entropy account returned: 0 
[    0.305000] random 0000 0000 0000 5f8db4e5 4cfdf2a8: urand_change_num 5 xfer_secondary_pool(4): pool_sig fffffb64, data_sig 00000000, bytes_mixed 0 5f8db4e5 4cfdf2a8
[    0.305003] random 0000 0000 0000 5f8db4e5 4cfdf2a8: trying to extract 32 bits from nonblocking
[    0.305005] random 0000 0000 0000 5f8db4e5 4cfdf2a8: debiting 32 entropy credits from nonblocking (unlimited)
[    0.305008] random 0000 0000 0000 5f8db4e5 4cfdf2a8: extract_entropy account returned: 4 
[    0.305012] random 0000 0000 0000 5f8db4e5 4cfdf2a8: urand_change_num 6 extract_buf: pool_sig fffffb64, data_sig 00000241, bytes_mixed 20 5f8db4e5 4cfdf2a8
[    0.305021] IP route cache hash table entries: 32768 (order: 5, 131072 bytes)
[    0.305143] RANDOM - __random32 called. Change num 8.  Value: d97bfe31	373de51f	f30dc6e6
[    0.305145] RANDOM - random32 called.  Value: d97bfe31	373de51f	f30dc6e6
[    0.305155] RANDOM - __random32 called. Change num 9.  Value: bfe314d7	73de51f5	8dcd6c7e
[    0.305157] RANDOM - random32 called.  Value: bfe314d7	73de51f5	8dcd6c7e
[    0.305159] RANDOM - __random32 called. Change num 10.  Value: 314d7baf	3de51f5e	d8fc74c1
[    0.305161] RANDOM - random32 called.  Value: 314d7baf	3de51f5e	d8fc74c1
[    0.305171] RANDOM - __random32 called. Change num 11.  Value: d7baf3c7	de51f5e5	e983e3fa
[    0.305173] RANDOM - random32 called.  Value: d7baf3c7	de51f5e5	e983e3fa
[    0.305183] TCP established hash table entries: 131072 (order: 8, 1048576 bytes)
[    0.305669] TCP bind hash table entries: 65536 (order: 6, 262144 bytes)
[    0.305856] TCP: Hash tables configured (established 131072 bind 65536)
[    0.305959] TCP reno registered
[    0.306057] NET: Registered protocol family 1
[    0.306163] RPC: Registered udp transport module.
[    0.306250] RPC: Registered tcp transport module.
[    0.306331] RPC: Registered tcp NFSv4.1 backchannel transport module.
[    0.306423] pci 0000:00:02.0: Boot video device
[    0.306641] Simple Boot Flag at 0x35 set to 0x1
[    0.307190] highmem bounce pool size: 64 pages
[    0.308689] VFS: Disk quotas dquot_6.5.2
[    0.308814] Dquot-cache hash table entries: 1024 (order 0, 4096 bytes)
[    0.309549] NTFS driver 2.1.29 [Flags: R/W].
[    0.309704] ROMFS MTD (C) 2007 Red Hat, Inc.
[    0.309909] JFS: nTxBlock = 7695, nTxLock = 61562
[    0.312362] SGI XFS with ACLs, security attributes, large block/inode numbers, no debug enabled
[    0.312833] SGI XFS Quota Management subsystem
[    0.313127] Slow work thread pool: Starting up
[    0.313227] Slow work thread pool: Ready
[    0.313313] GFS2 (built May 24 2013 02:47:17) installed
[    0.313403] msgmni has been set to 1734
[    0.313559] alg: No test for cipher_null (cipher_null-generic)
[    0.313650] alg: No test for ecb(cipher_null) (ecb-cipher_null)
[    0.313753] alg: No test for digest_null (digest_null-generic)
[    0.313843] alg: No test for compress_null (compress_null-generic)
[    0.314395] alg: No test for fcrypt (fcrypt-generic)
[    0.315803] alg: No test for stdrng (krng)
[    0.315915] async_tx: api initialized (async)
[    0.316059] Block layer SCSI generic (bsg) driver version 0.4 loaded (major 254)
[    0.316178] io scheduler noop registered
[    0.316256] io scheduler anticipatory registered
[    0.316347] io scheduler deadline registered
[    0.316478] io scheduler cfq registered (default)
[    0.316729] pcieport 0000:00:1c.0: irq 24 for MSI/MSI-X
[    0.316744] pcieport 0000:00:1c.0: setting latency timer to 64
[    0.316947] pcieport 0000:00:1c.1: irq 25 for MSI/MSI-X
[    0.316959] pcieport 0000:00:1c.1: setting latency timer to 64
[    0.317139] pcieport 0000:00:1c.2: irq 26 for MSI/MSI-X
[    0.317151] pcieport 0000:00:1c.2: setting latency timer to 64
[    0.317322] pcieport 0000:00:1c.3: irq 27 for MSI/MSI-X
[    0.317334] pcieport 0000:00:1c.3: setting latency timer to 64
[    0.317519] pcieport 0000:00:1c.4: irq 28 for MSI/MSI-X
[    0.317530] pcieport 0000:00:1c.4: setting latency timer to 64
[    0.317688] pci_hotplug: PCI Hot Plug PCI Core version: 0.5
[    0.317886] isapnp: Scanning for PnP cards...
[    0.678411] isapnp: No Plug & Play device found
[    0.678501] random 0000 0000 0000 5f8db4e5 4cfdf2a8: initializing
[    0.698003] Serial: 8250/16550 driver, 4 ports, IRQ sharing enabled
[    3.708839] floppy0: no floppy controllers found
[    3.709779] brd: module loaded
[    3.710285] loop: module loaded
[    3.710370] Compaq SMART2 Driver (v 2.6.0)
[    3.710494] HP CISS Driver (v 3.6.20)
[    3.710733] input: Macintosh mouse button emulation as /devices/virtual/input/input0
[    3.710873] Uniform Multi-Platform E-IDE driver
[    3.711095] piix 0000:00:1f.1: IDE controller (0x8086:0x2850 rev 0x03)
[    3.711188] pci 0000:00:1f.1: PCI INT C -> GSI 16 (level, low) -> IRQ 16
[    3.711289] piix 0000:00:1f.1: IDE port disabled
[    3.711386] piix 0000:00:1f.1: not 100% native mode: will probe irqs later
[    3.711484]     ide0: BM-DMA at 0x1c00-0x1c07
[    3.711580] Probing IDE interface ide0...
[    4.383051] hda: HL-DT-ST DVDRAM GSA-U10N, ATAPI CD/DVD-ROM drive
[    4.689858] hda: host max PIO4 wanted PIO255(auto-tune) selected PIO4
[    4.690630] hda: UDMA/33 mode selected
[    4.691085] ide0 at 0x1f0-0x1f7,0x3f6 on irq 14
[    4.694958] ide-gd driver 1.18
[    4.695059] ide-cd driver 5.00
[    4.696439] ide-cd: hda: ATAPI 24X DVD-ROM DVD-R/RAM CD-R/RW drive, 2048kB Cache
[    4.696831] Uniform CD-ROM driver Revision: 3.20
[    4.704008] Loading iSCSI transport class v2.0-870.
[    4.704285] rdac: device handler registered
[    4.704375] hp_sw: device handler registered
[    4.704456] emc: device handler registered
[    4.704539] alua: device handler registered
[    4.705528] Adaptec aacraid driver 1.1-5[2461]-ms
[    4.705944] scsi: <fdomain> Detection failed (no card)
[    4.706044] sym53c416.c: Version 1.0.0-ac
[    4.706154] qlogicfas: no cards were found, please specify I/O address and IRQ using iobase= and irq= options
[    4.706269] QLogic Fibre Channel HBA Driver: 8.03.01-k6
[    4.706473] iscsi: registered transport (qla4xxx)
[    4.706573] QLogic iSCSI HBA Driver
[    4.706662] Emulex LightPulse Fibre Channel SCSI driver 8.3.4
[    4.706746] Copyright(c) 2004-2009 Emulex.  All rights reserved.
[    4.728844] Failed initialization of WD-7000 SCSI card!
[    4.818111] DC390: clustering now enabled by default. If you get problems load
[    4.818228]        with "disable_clustering=1" and report to maintainers
[    4.818362] megaraid cmm: 2.20.2.7 (Release Date: Sun Jul 16 00:01:03 EST 2006)
[    4.818513] megaraid: 2.20.5.1 (Release Date: Thu Nov 16 15:32:35 EST 2006)
[    4.818615] megasas: 00.00.04.01 Thu July 24 11:41:51 PST 2008
[    4.818739] GDT-HA: Storage RAID Controller Driver. Version: 3.05
[    4.818880] 3ware Storage Controller device driver for Linux v1.26.02.002.
[    4.818983] 3ware 9000 Storage Controller device driver for Linux v2.26.02.012.
[    4.819123] nsp32: loading...
[    4.819220] ipr: IBM Power RAID SCSI Device Driver version: 2.4.3 (June 10, 2009)
[    4.819366] RocketRAID 3xxx/4xxx Controller driver v1.6 (090910)
[    4.819466] stex: Promise SuperTrak EX Driver version: 4.6.0000.3
[    4.819590] st: Version 20081215, fixed bufsize 32768, s/g segs 256
[    4.819775] ahci 0000:00:1f.2: version 3.0
[    4.819788] ahci 0000:00:1f.2: PCI INT B -> GSI 16 (level, low) -> IRQ 16
[    4.819923] ahci 0000:00:1f.2: irq 29 for MSI/MSI-X
[    4.819985] ahci 0000:00:1f.2: AHCI 0001.0100 32 slots 3 ports 1.5 Gbps 0x5 impl SATA mode
[    4.820100] ahci 0000:00:1f.2: flags: 64bit ncq sntf pm led clo pio slum part ccc 
[    4.820222] ahci 0000:00:1f.2: setting latency timer to 64
[    4.820366] scsi2 : ahci
[    4.820514] scsi3 : ahci
[    4.820644] scsi4 : ahci
[    4.820802] ata1: SATA max UDMA/133 abar m2048@0xfe226000 port 0xfe226100 irq 29
[    4.820932] ata2: DUMMY
[    4.821010] ata3: SATA max UDMA/133 abar m2048@0xfe226000 port 0xfe226200 irq 29
[    4.821610] I2O subsystem v1.325
[    4.821689] i2o: max drivers = 8
[    4.821832] I2O Configuration OSM v1.323
[    4.821933] I2O Bus Adapter OSM v1.317
[    4.822026] I2O Block Device OSM v1.325
[    4.822167] I2O SCSI Peripheral OSM v1.316
[    4.822261] I2O ProcFS OSM v1.316
[    4.822356] Fusion MPT base driver 3.04.12
[    4.822440] Copyright (c) 1999-2008 LSI Corporation
[    4.822530] Fusion MPT SPI Host driver 3.04.12
[    4.822630] Fusion MPT FC Host driver 3.04.12
[    4.822736] Fusion MPT SAS Host driver 3.04.12
[    4.822928] ohci1394 0000:15:00.1: PCI INT B -> GSI 17 (level, low) -> IRQ 17
[    4.823027] ohci1394 0000:15:00.1: setting latency timer to 64
[    4.876865] ohci1394: fw-host0: OHCI-1394 1.1 (PCI): IRQ=[17]  MMIO=[f8301000-f83017ff]  Max Packet=[2048]  IR/IT contexts=[4/4]
[    4.881129] ehci_hcd: USB 2.0 'Enhanced' Host Controller (EHCI) Driver
[    4.881400] ehci_hcd 0000:00:1a.7: power state changed by ACPI to D0
[    4.881633] ehci_hcd 0000:00:1a.7: power state changed by ACPI to D0
[    4.881721] ehci_hcd 0000:00:1a.7: PCI INT C -> GSI 22 (level, low) -> IRQ 22
[    4.881816] ehci_hcd 0000:00:1a.7: setting latency timer to 64
[    4.881823] ehci_hcd 0000:00:1a.7: EHCI Host Controller
[    4.881950] ehci_hcd 0000:00:1a.7: new USB bus registered, assigned bus number 1
[    4.885998] ehci_hcd 0000:00:1a.7: cache line size of 32 is not supported
[    4.886005] ehci_hcd 0000:00:1a.7: irq 22, io mem 0xfe226c00
[    4.895826] ehci_hcd 0000:00:1a.7: USB 2.0 started, EHCI 1.00
[    4.895936] usb usb1: New USB device found, idVendor=1d6b, idProduct=0002
[    4.896025] usb usb1: New USB device strings: Mfr=3, Product=2, SerialNumber=1
[    4.896135] usb usb1: Product: EHCI Host Controller
[    4.896214] usb usb1: Manufacturer: Linux 2.6.32.57 ehci_hcd
[    4.896301] usb usb1: SerialNumber: 0000:00:1a.7
[    4.896452] usb usb1: configuration #1 chosen from 1 choice
[    4.896563] hub 1-0:1.0: USB hub found
[    4.896645] hub 1-0:1.0: 4 ports detected
[    4.896959] ehci_hcd 0000:00:1d.7: power state changed by ACPI to D0
[    4.897209] ehci_hcd 0000:00:1d.7: power state changed by ACPI to D0
[    4.897300] ehci_hcd 0000:00:1d.7: PCI INT D -> GSI 19 (level, low) -> IRQ 19
[    4.897399] ehci_hcd 0000:00:1d.7: setting latency timer to 64
[    4.897404] ehci_hcd 0000:00:1d.7: EHCI Host Controller
[    4.897534] ehci_hcd 0000:00:1d.7: new USB bus registered, assigned bus number 2
[    4.897678] ehci_hcd 0000:00:1d.7: debug port 1
[    4.901653] ehci_hcd 0000:00:1d.7: cache line size of 32 is not supported
[    4.901660] ehci_hcd 0000:00:1d.7: irq 19, io mem 0xfe227000
[    4.911827] ehci_hcd 0000:00:1d.7: USB 2.0 started, EHCI 1.00
[    4.911942] usb usb2: New USB device found, idVendor=1d6b, idProduct=0002
[    4.912032] usb usb2: New USB device strings: Mfr=3, Product=2, SerialNumber=1
[    4.912144] usb usb2: Product: EHCI Host Controller
[    4.912222] usb usb2: Manufacturer: Linux 2.6.32.57 ehci_hcd
[    4.912302] usb usb2: SerialNumber: 0000:00:1d.7
[    4.912435] usb usb2: configuration #1 chosen from 1 choice
[    4.912548] hub 2-0:1.0: USB hub found
[    4.912629] hub 2-0:1.0: 6 ports detected
[    4.912799] 116x: driver isp116x-hcd, 03 Nov 2005
[    4.912905] ohci_hcd: USB 1.1 'Open' Host Controller (OHCI) Driver
[    4.913008] uhci_hcd: USB Universal Host Controller Interface driver
[    4.913107] uhci_hcd 0000:00:1a.0: PCI INT A -> GSI 20 (level, low) -> IRQ 20
[    4.913195] uhci_hcd 0000:00:1a.0: setting latency timer to 64
[    4.913198] uhci_hcd 0000:00:1a.0: UHCI Host Controller
[    4.913322] uhci_hcd 0000:00:1a.0: new USB bus registered, assigned bus number 3
[    4.913479] uhci_hcd 0000:00:1a.0: irq 20, io base 0x00001860
[    4.913587] usb usb3: New USB device found, idVendor=1d6b, idProduct=0001
[    4.913682] usb usb3: New USB device strings: Mfr=3, Product=2, SerialNumber=1
[    4.913802] usb usb3: Product: UHCI Host Controller
[    4.913890] usb usb3: Manufacturer: Linux 2.6.32.57 uhci_hcd
[    4.913970] usb usb3: SerialNumber: 0000:00:1a.0
[    4.914097] usb usb3: configuration #1 chosen from 1 choice
[    4.914205] hub 3-0:1.0: USB hub found
[    4.914289] hub 3-0:1.0: 2 ports detected
[    4.914579] uhci_hcd 0000:00:1a.1: power state changed by ACPI to D0
[    4.914811] uhci_hcd 0000:00:1a.1: power state changed by ACPI to D0
[    4.914925] uhci_hcd 0000:00:1a.1: PCI INT B -> GSI 21 (level, low) -> IRQ 21
[    4.915016] uhci_hcd 0000:00:1a.1: setting latency timer to 64
[    4.915021] uhci_hcd 0000:00:1a.1: UHCI Host Controller
[    4.915150] uhci_hcd 0000:00:1a.1: new USB bus registered, assigned bus number 4
[    4.915303] uhci_hcd 0000:00:1a.1: irq 21, io base 0x00001880
[    4.915419] usb usb4: New USB device found, idVendor=1d6b, idProduct=0001
[    4.915502] usb usb4: New USB device strings: Mfr=3, Product=2, SerialNumber=1
[    4.915616] usb usb4: Product: UHCI Host Controller
[    4.915696] usb usb4: Manufacturer: Linux 2.6.32.57 uhci_hcd
[    4.915778] usb usb4: SerialNumber: 0000:00:1a.1
[    4.915913] usb usb4: configuration #1 chosen from 1 choice
[    4.916022] hub 4-0:1.0: USB hub found
[    4.916118] hub 4-0:1.0: 2 ports detected
[    4.916411] uhci_hcd 0000:00:1d.0: power state changed by ACPI to D0
[    4.916651] uhci_hcd 0000:00:1d.0: power state changed by ACPI to D0
[    4.916738] uhci_hcd 0000:00:1d.0: PCI INT A -> GSI 16 (level, low) -> IRQ 16
[    4.916835] uhci_hcd 0000:00:1d.0: setting latency timer to 64
[    4.916839] uhci_hcd 0000:00:1d.0: UHCI Host Controller
[    4.916969] uhci_hcd 0000:00:1d.0: new USB bus registered, assigned bus number 5
[    4.917114] uhci_hcd 0000:00:1d.0: irq 16, io base 0x000018a0
[    4.917223] usb usb5: New USB device found, idVendor=1d6b, idProduct=0001
[    4.917306] usb usb5: New USB device strings: Mfr=3, Product=2, SerialNumber=1
[    4.917424] usb usb5: Product: UHCI Host Controller
[    4.917510] usb usb5: Manufacturer: Linux 2.6.32.57 uhci_hcd
[    4.917592] usb usb5: SerialNumber: 0000:00:1d.0
[    4.917720] usb usb5: configuration #1 chosen from 1 choice
[    4.917839] hub 5-0:1.0: USB hub found
[    4.917929] hub 5-0:1.0: 2 ports detected
[    4.918066] uhci_hcd 0000:00:1d.1: PCI INT B -> GSI 17 (level, low) -> IRQ 17
[    4.918158] uhci_hcd 0000:00:1d.1: setting latency timer to 64
[    4.918163] uhci_hcd 0000:00:1d.1: UHCI Host Controller
[    4.918278] uhci_hcd 0000:00:1d.1: new USB bus registered, assigned bus number 6
[    4.918417] uhci_hcd 0000:00:1d.1: irq 17, io base 0x000018c0
[    4.918528] usb usb6: New USB device found, idVendor=1d6b, idProduct=0001
[    4.918609] usb usb6: New USB device strings: Mfr=3, Product=2, SerialNumber=1
[    4.918726] usb usb6: Product: UHCI Host Controller
[    4.918805] usb usb6: Manufacturer: Linux 2.6.32.57 uhci_hcd
[    4.918894] usb usb6: SerialNumber: 0000:00:1d.1
[    4.919019] usb usb6: configuration #1 chosen from 1 choice
[    4.919130] hub 6-0:1.0: USB hub found
[    4.919220] hub 6-0:1.0: 2 ports detected
[    4.919505] uhci_hcd 0000:00:1d.2: power state changed by ACPI to D0
[    4.919758] uhci_hcd 0000:00:1d.2: power state changed by ACPI to D0
[    4.919853] uhci_hcd 0000:00:1d.2: PCI INT C -> GSI 18 (level, low) -> IRQ 18
[    4.919942] uhci_hcd 0000:00:1d.2: setting latency timer to 64
[    4.919945] uhci_hcd 0000:00:1d.2: UHCI Host Controller
[    4.920075] uhci_hcd 0000:00:1d.2: new USB bus registered, assigned bus number 7
[    4.920222] uhci_hcd 0000:00:1d.2: irq 18, io base 0x000018e0
[    4.920331] usb usb7: New USB device found, idVendor=1d6b, idProduct=0001
[    4.920426] usb usb7: New USB device strings: Mfr=3, Product=2, SerialNumber=1
[    4.920538] usb usb7: Product: UHCI Host Controller
[    4.920617] usb usb7: Manufacturer: Linux 2.6.32.57 uhci_hcd
[    4.920704] usb usb7: SerialNumber: 0000:00:1d.2
[    4.921500] usb usb7: configuration #1 chosen from 1 choice
[    4.921608] hub 7-0:1.0: USB hub found
[    4.921690] hub 7-0:1.0: 2 ports detected
[    4.921854] sl811: driver sl811-hcd, 19 May 2005
[    4.921959] r8a66597_hcd: driver r8a66597_hcd, 2009-05-26
[    4.922117] Initializing USB Mass Storage driver...
[    4.922233] usbcore: registered new interface driver usb-storage
[    4.922322] USB Mass Storage support registered.
[    4.922423] usbcore: registered new interface driver ums-alauda
[    4.922524] usbcore: registered new interface driver ums-cypress
[    4.922628] usbcore: registered new interface driver ums-datafab
[    4.922735] usbcore: registered new interface driver ums-freecom
[    4.922844] usbcore: registered new interface driver ums-isd200
[    4.922944] usbcore: registered new interface driver ums-jumpshot
[    4.923046] usbcore: registered new interface driver ums-karma
[    4.923147] usbcore: registered new interface driver ums-onetouch
[    4.923252] usbcore: registered new interface driver ums-sddr09
[    4.923362] usbcore: registered new interface driver ums-sddr55
[    4.923465] usbcore: registered new interface driver ums-usbat
[    4.923607] PNP: PS/2 Controller [PNP0303:KBD,PNP0f13:MOU] at 0x60,0x64 irq 1,12
[    4.931654] serio: i8042 KBD port at 0x60,0x64 irq 1
[    4.931745] serio: i8042 AUX port at 0x60,0x64 irq 12
[    4.931985] mice: PS/2 mouse device common for all mice
[    4.932094] i2c /dev entries driver
[    4.932218] md: linear personality registered for level -1
[    4.932309] md: raid0 personality registered for level 0
[    4.932396] md: raid1 personality registered for level 1
[    4.932477] md: raid10 personality registered for level 10
[    4.932568] md: raid6 personality registered for level 6
[    4.932649] md: raid5 personality registered for level 5
[    4.932729] md: raid4 personality registered for level 4
[    4.932811] md: multipath personality registered for level -4
[    4.933004] device-mapper: ioctl: 4.15.0-ioctl (2009-04-01) initialised: dm-devel@redhat.com
[    4.933191] cpuidle: using governor ladder
[    4.933784] usbcore: registered new interface driver usbhid
[    4.933889] usbhid: v2.6:USB HID core driver
[    4.934032] random 0000 0000 0000 00000000 00000000: rand_read_num 4 get_random_bytes(136): sig 00000000 00000000 00000000
[    4.934035] random 0000 0000 0000 00000000 00000000: extract_entropy(.. 136 ..)
[    4.934037] random 0000 0000 0000 00000000 00000000: going to reseed nonblocking with 1024 bits (1088 of 0 requested)
[    4.934039] random 0000 0000 0000 00000000 00000000: extract_entropy(.. 128 ..)
[    4.934042] random 0000 0000 0000 00000000 00000000: trying to extract 1024 bits from input
[    4.934044] random 0000 0000 0000 00000000 00000000: debiting 0 entropy credits from input
[    4.934046] random 0000 0000 0000 00000000 00000000: extract_entropy account returned: 0 
[    4.934049] random 0000 0000 0000 00000000 00000000: urand_change_num 7 xfer_secondary_pool(136): pool_sig 00000000, data_sig 00000000, bytes_mixed 0 00000000 00000000
[    4.934052] random 0000 0000 0000 00000000 00000000: trying to extract 1088 bits from nonblocking
[    4.934054] random 0000 0000 0000 00000000 00000000: debiting 1088 entropy credits from nonblocking (unlimited)
[    4.934056] random 0000 0000 0000 00000000 00000000: extract_entropy account returned: 136 
[    4.934060] random 0000 0000 0000 00000000 00000000: urand_change_num 8 extract_buf: pool_sig 00000000, data_sig fffffff9, bytes_mixed 20 00000000 00000000
[    4.934066] random 0000 0000 0000 b7c35b56 be4dc95d: urand_change_num 9 extract_buf: pool_sig fffffd1e, data_sig 000000c5, bytes_mixed 20 b7c35b56 be4dc95d
[    4.934071] random 0000 0000 0000 ed9f5c47 c48487fb: urand_change_num 10 extract_buf: pool_sig fffff8ec, data_sig ffffff68, bytes_mixed 20 ed9f5c47 c48487fb
[    4.934076] random 0000 0000 0000 ed9f5c47 c48487fb: urand_change_num 11 extract_buf: pool_sig fffffaed, data_sig 000001aa, bytes_mixed 20 ed9f5c47 c48487fb
[    4.934082] random 0000 0000 0000 1b4f7c0a 91bd6a48: urand_change_num 12 extract_buf: pool_sig fffffdd8, data_sig 00000064, bytes_mixed 20 1b4f7c0a 91bd6a48
[    4.934087] random 0000 0000 0000 a254b9bc 20e9a24f: urand_change_num 13 extract_buf: pool_sig fffffbe6, data_sig 000001dd, bytes_mixed 20 a254b9bc 20e9a24f
[    4.934092] random 0000 0000 0000 a254b9bc 20e9a24f: urand_change_num 14 extract_buf: pool_sig fffff940, data_sig fffffe20, bytes_mixed 20 a254b9bc 20e9a24f
[    4.934097] random 0000 0000 0000 2831a66b 5fa2a3ad: urand_change_num 15 extract_buf: pool_sig fffffbce, data_sig 0000007e, bytes_mixed 20 2831a66b 5fa2a3ad
[    4.934103] random 0000 0000 0000 2831a66b 5fa2a3ad: urand_change_num 16 extract_buf: pool_sig 000004df, data_sig fffffe8f, bytes_mixed 20 2831a66b 5fa2a3ad
[    4.934108] random 0000 0000 0000 d4512bfd c9a54e0b: urand_change_num 17 extract_buf: pool_sig 00000485, data_sig fffffe68, bytes_mixed 20 d4512bfd c9a54e0b
[    4.934113] random 0000 0000 0000 c7371be6 f9ffea11: urand_change_num 18 extract_buf: pool_sig 00000095, data_sig ffffffed, bytes_mixed 20 c7371be6 f9ffea11
[    4.934118] random 0000 0000 0000 c7371be6 f9ffea11: urand_change_num 19 extract_buf: pool_sig 000003a7, data_sig fffffefa, bytes_mixed 20 c7371be6 f9ffea11
[    4.934123] random 0000 0000 0000 8fb4b62c d1ddba54: urand_change_num 20 extract_buf: pool_sig 00000179, data_sig ffffff78, bytes_mixed 20 8fb4b62c d1ddba54
[    4.934128] random 0000 0000 0000 9ff19f9c c07a1d2a: urand_change_num 21 extract_buf: pool_sig fffffe88, data_sig 00000126, bytes_mixed 20 9ff19f9c c07a1d2a
[    4.934132] TCP cubic registered
[    4.934210] Initializing XFRM netlink socket
[    4.934302] NET: Registered protocol family 17
[    4.934398] Using IPI Shortcut mode
[    4.934478] random 0000 0000 0000 9ff19f9c c07a1d2a: rand_read_num 5 get_random_bytes(8): sig 0000031b 9ff19f9c c07a1d2a
[    4.934480] random 0000 0000 0000 9ff19f9c c07a1d2a: extract_entropy(.. 8 ..)
[    4.934482] random 0000 0000 0000 9ff19f9c c07a1d2a: going to reseed nonblocking with 64 bits (64 of 0 requested)
[    4.934484] random 0000 0000 0000 9ff19f9c c07a1d2a: extract_entropy(.. 8 ..)
[    4.934486] random 0000 0000 0000 9ff19f9c c07a1d2a: trying to extract 64 bits from input
[    4.934488] random 0000 0000 0000 9ff19f9c c07a1d2a: debiting 0 entropy credits from input
[    4.934490] random 0000 0000 0000 9ff19f9c c07a1d2a: extract_entropy account returned: 0 
[    4.934493] random 0000 0000 0000 9ff19f9c c07a1d2a: urand_change_num 22 xfer_secondary_pool(8): pool_sig 0000031b, data_sig 00000000, bytes_mixed 0 9ff19f9c c07a1d2a
[    4.934496] random 0000 0000 0000 9ff19f9c c07a1d2a: trying to extract 64 bits from nonblocking
[    4.934498] random 0000 0000 0000 9ff19f9c c07a1d2a: debiting 64 entropy credits from nonblocking (unlimited)
[    4.934500] random 0000 0000 0000 9ff19f9c c07a1d2a: extract_entropy account returned: 8 
[    4.934504] random 0000 0000 0000 9ff19f9c c07a1d2a: urand_change_num 23 extract_buf: pool_sig 0000031b, data_sig ffffffb3, bytes_mixed 20 9ff19f9c c07a1d2a
[    4.937175] input: AT Translated Set 2 keyboard as /devices/platform/i8042/serio0/input/input1
[    5.125842] ata1: SATA link up 1.5 Gbps (SStatus 113 SControl 300)
[    5.125948] ata3: SATA link down (SStatus 0 SControl 300)
[    5.127823] ata1.00: ACPI cmd ef/02:00:00:00:00:a0 (SET FEATURES) succeeded
[    5.127826] ata1.00: ACPI cmd f5/00:00:00:00:00:a0 (SECURITY FREEZE LOCK) filtered out
[    5.129216] ata1.00: ACPI cmd ef/5f:00:00:00:00:a0 (SET FEATURES) succeeded
[    5.129219] ata1.00: ACPI cmd ef/10:03:00:00:00:a0 (SET FEATURES) filtered out
[    5.131126] ata1.00: ATA-7: ST910021AS, 4.06, max UDMA/100
[    5.131221] ata1.00: 195371568 sectors, multi 16: LBA48 
[    5.133364] ata1.00: ACPI cmd ef/02:00:00:00:00:a0 (SET FEATURES) succeeded
[    5.133367] ata1.00: ACPI cmd f5/00:00:00:00:00:a0 (SECURITY FREEZE LOCK) filtered out
[    5.134759] ata1.00: ACPI cmd ef/5f:00:00:00:00:a0 (SET FEATURES) succeeded
[    5.134762] ata1.00: ACPI cmd ef/10:03:00:00:00:a0 (SET FEATURES) filtered out
[    5.136683] ata1.00: configured for UDMA/100
[    5.146889] scsi 2:0:0:0: Direct-Access     ATA      ST910021AS       4.06 PQ: 0 ANSI: 5
[    5.147167] sd 2:0:0:0: [sda] 195371568 512-byte logical blocks: (100 GB/93.1 GiB)
[    5.147304] sd 2:0:0:0: [sda] Write Protect is off
[    5.147384] sd 2:0:0:0: [sda] Mode Sense: 00 3a 00 00
[    5.147397] sd 2:0:0:0: [sda] Write cache: enabled, read cache: enabled, doesn't support DPO or FUA
[    5.147575]  sda:
[    5.213825] usb 2-1: new high speed USB device using ehci_hcd and address 2
[    5.362922] usb 2-1: New USB device found, idVendor=0e8d, idProduct=1806
[    5.363007] usb 2-1: New USB device strings: Mfr=1, Product=2, SerialNumber=3
[    5.363094] usb 2-1: Product: MT1806 
[    5.363173] usb 2-1: Manufacturer: MediaTek Inc
[    5.363259] usb 2-1: SerialNumber: R8KN6GAC800AEB 
[    5.363395] usb 2-1: configuration #1 chosen from 1 choice
[    5.369842] scsi5 : SCSI emulation for USB Mass Storage devices
[    5.370004] usb-storage: device found at 2
[    5.370006] usb-storage: waiting for device to settle before scanning
[    5.571172]  sda1 sda2
[    5.571632] sd 2:0:0:0: [sda] Attached SCSI disk
[    5.571719] random 0000 0000 0000 277f73c3 42024bb9: rand_read_num 6 get_random_bytes(12): sig 000007e9 277f73c3 42024bb9
[    5.571722] random 0000 0000 0000 277f73c3 42024bb9: extract_entropy(.. 12 ..)
[    5.571724] random 0000 0000 0000 277f73c3 42024bb9: going to reseed nonblocking with 96 bits (96 of 0 requested)
[    5.571726] random 0000 0000 0000 277f73c3 42024bb9: extract_entropy(.. 12 ..)
[    5.571728] random 0000 0000 0000 277f73c3 42024bb9: trying to extract 96 bits from input
[    5.571730] random 0000 0000 0000 277f73c3 42024bb9: debiting 0 entropy credits from input
[    5.571732] random 0000 0000 0000 277f73c3 42024bb9: extract_entropy account returned: 0 
[    5.571735] random 0000 0000 0000 277f73c3 42024bb9: urand_change_num 24 xfer_secondary_pool(12): pool_sig 000007e9, data_sig 00000000, bytes_mixed 0 277f73c3 42024bb9
[    5.571738] random 0000 0000 0000 277f73c3 42024bb9: trying to extract 96 bits from nonblocking
[    5.571741] random 0000 0000 0000 277f73c3 42024bb9: debiting 96 entropy credits from nonblocking (unlimited)
[    5.571743] random 0000 0000 0000 277f73c3 42024bb9: extract_entropy account returned: 12 
[    5.571747] random 0000 0000 0000 277f73c3 42024bb9: urand_change_num 25 extract_buf: pool_sig 000007e9, data_sig 00000088, bytes_mixed 20 277f73c3 42024bb9
[    5.571752] random 0000 0000 0000 277f73c3 42024bb9: urand_change_num 26 extract_buf: pool_sig 00000498, data_sig fffffefb, bytes_mixed 20 277f73c3 42024bb9
[    5.571755] RANDOM - __seed init called.
[    5.571756] RANDOM - __seed init called.
[    5.571757] RANDOM - __seed init called.
[    5.571758] RANDOM - __random32 called. Change num 12.  Value: 87f14767	f0d7351	b1e48bd3
[    5.571760] RANDOM - random32_reseed called.  Value: 87f14767	f0d7351	b1e48bd3
[    5.571763] Pid: 1, comm: swapper Not tainted 2.6.32.57 #3
[    5.571847] Call Trace:
[    5.571938]  [<c1923ca4>] ? random32_reseed+0xa0/0xb1
[    5.572019]  [<c1923c04>] ? random32_reseed+0x0/0xb1
[    5.572106]  [<c100111e>] ? do_one_initcall+0x2e/0x180
[    5.572188]  [<c1907265>] ? kernel_init+0xad/0x103
[    5.572267]  [<c19071b8>] ? kernel_init+0x0/0x103
[    5.572359]  [<c1003787>] ? kernel_thread_helper+0x7/0x10
[    5.572892] random 0000 0000 0000 386b4e60 ee4d4880: rand_read_num 7 get_random_bytes(64): sig fffffea5 386b4e60 ee4d4880
[    5.572895] random 0000 0000 0000 386b4e60 ee4d4880: extract_entropy(.. 64 ..)
[    5.572897] random 0000 0000 0000 386b4e60 ee4d4880: going to reseed nonblocking with 512 bits (512 of 0 requested)
[    5.572899] random 0000 0000 0000 386b4e60 ee4d4880: extract_entropy(.. 64 ..)
[    5.572901] random 0000 0000 0000 386b4e60 ee4d4880: trying to extract 512 bits from input
[    5.572903] random 0000 0000 0000 386b4e60 ee4d4880: debiting 0 entropy credits from input
[    5.572905] random 0000 0000 0000 386b4e60 ee4d4880: extract_entropy account returned: 0 
[    5.572909] random 0000 0000 0000 386b4e60 ee4d4880: urand_change_num 27 xfer_secondary_pool(64): pool_sig fffffea5, data_sig 00000000, bytes_mixed 0 386b4e60 ee4d4880
[    5.572911] random 0000 0000 0000 386b4e60 ee4d4880: trying to extract 512 bits from nonblocking
[    5.572914] random 0000 0000 0000 386b4e60 ee4d4880: debiting 512 entropy credits from nonblocking (unlimited)
[    5.572916] random 0000 0000 0000 386b4e60 ee4d4880: extract_entropy account returned: 64 
[    5.572920] random 0000 0000 0000 386b4e60 ee4d4880: urand_change_num 28 extract_buf: pool_sig fffffea5, data_sig 00000173, bytes_mixed 20 386b4e60 ee4d4880
[    5.572925] random 0000 0000 0000 412698f6 0cc8689a: urand_change_num 29 extract_buf: pool_sig 00000122, data_sig ffffff63, bytes_mixed 20 412698f6 0cc8689a
[    5.572931] random 0000 0000 0000 412698f6 0cc8689a: urand_change_num 30 extract_buf: pool_sig 000001f7, data_sig 00000012, bytes_mixed 20 412698f6 0cc8689a
[    5.572936] random 0000 0000 0000 9669941e 06f768b1: urand_change_num 31 extract_buf: pool_sig fffffb5b, data_sig 0000003f, bytes_mixed 20 9669941e 06f768b1
[    5.572941] random 0000 0000 0000 98486520 995551f0: urand_change_num 32 extract_buf: pool_sig fffffb39, data_sig 0000000e, bytes_mixed 20 98486520 995551f0
[    5.572946] random 0000 0000 0000 98486520 995551f0: urand_change_num 33 extract_buf: pool_sig fffffd8d, data_sig 000001a6, bytes_mixed 20 98486520 995551f0
[    5.572951] random 0000 0000 0000 61fc8914 d5882ed2: urand_change_num 34 extract_buf: pool_sig fffffa58, data_sig 0000023e, bytes_mixed 20 61fc8914 d5882ed2
[    5.572981] random 0000 0000 0000 61fc8914 d5882ed2: rand_read_num 8 get_random_bytes(64): sig fffff9ee 61fc8914 d5882ed2
[    5.572983] random 0000 0000 0000 61fc8914 d5882ed2: extract_entropy(.. 64 ..)
[    5.572985] random 0000 0000 0000 61fc8914 d5882ed2: going to reseed nonblocking with 512 bits (512 of 0 requested)
[    5.572987] random 0000 0000 0000 61fc8914 d5882ed2: extract_entropy(.. 64 ..)
[    5.572989] random 0000 0000 0000 61fc8914 d5882ed2: trying to extract 512 bits from input
[    5.572991] random 0000 0000 0000 61fc8914 d5882ed2: debiting 0 entropy credits from input
[    5.572993] random 0000 0000 0000 61fc8914 d5882ed2: extract_entropy account returned: 0 
[    5.572996] random 0000 0000 0000 61fc8914 d5882ed2: urand_change_num 35 xfer_secondary_pool(64): pool_sig fffff9ee, data_sig 00000000, bytes_mixed 0 61fc8914 d5882ed2
[    5.572999] random 0000 0000 0000 61fc8914 d5882ed2: trying to extract 512 bits from nonblocking
[    5.573001] random 0000 0000 0000 61fc8914 d5882ed2: debiting 512 entropy credits from nonblocking (unlimited)
[    5.573004] random 0000 0000 0000 61fc8914 d5882ed2: extract_entropy account returned: 64 
[    5.573008] random 0000 0000 0000 61fc8914 d5882ed2: urand_change_num 36 extract_buf: pool_sig fffff9ee, data_sig ffffff85, bytes_mixed 20 61fc8914 d5882ed2
[    5.573013] random 0000 0000 0000 70cfd302 e5edec11: urand_change_num 37 extract_buf: pool_sig fffffdc1, data_sig ffffffde, bytes_mixed 20 70cfd302 e5edec11
[    5.573018] random 0000 0000 0000 00dab838 eafd2b30: urand_change_num 38 extract_buf: pool_sig 000003da, data_sig ffffff61, bytes_mixed 20 00dab838 eafd2b30
[    5.573023] random 0000 0000 0000 00dab838 eafd2b30: urand_change_num 39 extract_buf: pool_sig 00000314, data_sig 00000121, bytes_mixed 20 00dab838 eafd2b30
[    5.573028] random 0000 0000 0000 5fcdf66a 6442b608: urand_change_num 40 extract_buf: pool_sig 0000028b, data_sig fffffefd, bytes_mixed 20 5fcdf66a 6442b608
[    5.573034] random 0000 0000 0000 61333f6b 8fae0f9b: urand_change_num 41 extract_buf: pool_sig 000000cb, data_sig 000000b3, bytes_mixed 20 61333f6b 8fae0f9b
[    5.573039] random 0000 0000 0000 61333f6b 8fae0f9b: urand_change_num 42 extract_buf: pool_sig fffffef8, data_sig 00000051, bytes_mixed 20 61333f6b 8fae0f9b
[    5.573042] BEGIN NET_SECRET:
[    5.573043] \xffffffe0
[    5.573043] \xffffffb6
[    5.573044] \x36
[    5.573045] \xffffffb5
[    5.573046] \xffffff94
[    5.573047] \xffffffb2
[    5.573048] \xffffffa8
[    5.573048] \xffffffda
[    5.573049] \x5b
[    5.573050] \x19
[    5.573051] \x18
[    5.573051] \x5c
[    5.573052] \x2b
[    5.573053] \x1
[    5.573054] \xffffff90
[    5.573054] \x19
[    5.573055] \x3c
[    5.573056] \xfffffff2
[    5.573057] \xffffff82
[    5.573058] \x2a
[    5.573058] \xffffffb3
[    5.573059] \xffffffa2
[    5.573060] \x3f
[    5.573061] \x5
[    5.573061] \x52
[    5.573062] \x77
[    5.573063] \x57
[    5.573063] \x79
[    5.573064] \x16
[    5.573065] \x43
[    5.573065] \xffffff84
[    5.573066] \xffffffc3
[    5.573067] \xffffffe9
[    5.573068] \x79
[    5.573069] \x50
[    5.573069] \xffffff8e
[    5.573070] \x3f
[    5.573071] \xfffffff3
[    5.573072] \x19
[    5.573072] \x2a
[    5.573073] \xfffffffd
[    5.573074] \xfffffffb
[    5.573075] \x62
[    5.573076] \x3c
[    5.573076] \xffffffac
[    5.573077] \x1c
[    5.573078] \x3b
[    5.573078] \x3b
[    5.573079] \x15
[    5.573080] \x27
[    5.573081] \xffffffa8
[    5.573081] \x22
[    5.573082] \xffffffc5
[    5.573083] \xffffff9a
[    5.573084] \x5
[    5.573084] \x6c
[    5.573085] \xffffffa8
[    5.573086] \x3a
[    5.573087] \x44
[    5.573087] \xffffffaf
[    5.573088] \x13
[    5.573089] \xffffffe0
[    5.573090] \xffffff9d
[    5.573090] \x22
[    5.573091] 
[    5.573091] END NET_SECRET
[    5.573094] random 0000 0000 0000 e7f555d9 e8ce5c3c: rand_read_num 9 get_random_bytes(4): sig 0000068c e7f555d9 e8ce5c3c
[    5.573097] random 0000 0000 0000 e7f555d9 e8ce5c3c: extract_entropy(.. 4 ..)
[    5.573099] random 0000 0000 0000 e7f555d9 e8ce5c3c: going to reseed nonblocking with 64 bits (32 of 0 requested)
[    5.573101] random 0000 0000 0000 e7f555d9 e8ce5c3c: extract_entropy(.. 8 ..)
[    5.573103] random 0000 0000 0000 e7f555d9 e8ce5c3c: trying to extract 64 bits from input
[    5.573105] random 0000 0000 0000 e7f555d9 e8ce5c3c: debiting 0 entropy credits from input
[    5.573107] random 0000 0000 0000 e7f555d9 e8ce5c3c: extract_entropy account returned: 0 
[    5.573110] random 0000 0000 0000 e7f555d9 e8ce5c3c: urand_change_num 43 xfer_secondary_pool(4): pool_sig 0000068c, data_sig 00000000, bytes_mixed 0 e7f555d9 e8ce5c3c
[    5.573113] random 0000 0000 0000 e7f555d9 e8ce5c3c: trying to extract 32 bits from nonblocking
[    5.573115] random 0000 0000 0000 e7f555d9 e8ce5c3c: debiting 32 entropy credits from nonblocking (unlimited)
[    5.573117] random 0000 0000 0000 e7f555d9 e8ce5c3c: extract_entropy account returned: 4 
[    5.573121] random 0000 0000 0000 e7f555d9 e8ce5c3c: urand_change_num 44 extract_buf: pool_sig 0000068c, data_sig fffffdcb, bytes_mixed 20 e7f555d9 e8ce5c3c
[    5.573133] md: Waiting for all devices to be available before autodetect
[    5.573219] md: If you don't use raid, use raid=noautodetect
[    5.573374] md: Autodetecting RAID arrays.
[    5.573454] md: Scanned 0 and added 0 devices.
[    5.573533] md: autorun ...
[    5.573629] md: ... autorun DONE.
[    5.590417] EXT3-fs: sda2: couldn't mount because of unsupported optional features (240).
[    5.590644] EXT2-fs: sda2: couldn't mount because of unsupported optional features (240).
[    5.591970] random 0000 0000 0000 e7f555d9 e8ce5c3c: rand_read_num 10 get_random_bytes(4): sig ffffff72 e7f555d9 e8ce5c3c
[    5.591973] random 0000 0000 0000 e7f555d9 e8ce5c3c: extract_entropy(.. 4 ..)
[    5.591975] random 0000 0000 0000 e7f555d9 e8ce5c3c: going to reseed nonblocking with 64 bits (32 of 0 requested)
[    5.591977] random 0000 0000 0000 e7f555d9 e8ce5c3c: extract_entropy(.. 8 ..)
[    5.591979] random 0000 0000 0000 e7f555d9 e8ce5c3c: trying to extract 64 bits from input
[    5.591981] random 0000 0000 0000 e7f555d9 e8ce5c3c: debiting 0 entropy credits from input
[    5.591983] random 0000 0000 0000 e7f555d9 e8ce5c3c: extract_entropy account returned: 0 
[    5.591986] random 0000 0000 0000 e7f555d9 e8ce5c3c: urand_change_num 45 xfer_secondary_pool(4): pool_sig ffffff72, data_sig 00000000, bytes_mixed 0 e7f555d9 e8ce5c3c
[    5.591989] random 0000 0000 0000 e7f555d9 e8ce5c3c: trying to extract 32 bits from nonblocking
[    5.591992] random 0000 0000 0000 e7f555d9 e8ce5c3c: debiting 32 entropy credits from nonblocking (unlimited)
[    5.591994] random 0000 0000 0000 e7f555d9 e8ce5c3c: extract_entropy account returned: 4 
[    5.591998] random 0000 0000 0000 e7f555d9 e8ce5c3c: urand_change_num 46 extract_buf: pool_sig ffffff72, data_sig ffffff72, bytes_mixed 20 e7f555d9 e8ce5c3c
[    5.627131] EXT4-fs (sda2): mounted filesystem with ordered data mode
[    5.627321] VFS: Mounted root (ext4 filesystem) readonly on device 8:2.
[    5.627425] Freeing unused kernel memory: 448k freed
[    5.706041] random 0000 0000 0000 91716c54 eeb6a1e7: rand_read_num 11 get_random_bytes(16): sig fffffcad 91716c54 eeb6a1e7
[    5.706044] random 0000 0000 0000 91716c54 eeb6a1e7: extract_entropy(.. 16 ..)
[    5.706046] random 0000 0000 0000 91716c54 eeb6a1e7: going to reseed nonblocking with 128 bits (128 of 0 requested)
[    5.706049] random 0000 0000 0000 91716c54 eeb6a1e7: extract_entropy(.. 16 ..)
[    5.706051] random 0000 0000 0000 91716c54 eeb6a1e7: trying to extract 128 bits from input
[    5.706053] random 0000 0000 0000 91716c54 eeb6a1e7: debiting 0 entropy credits from input
[    5.706055] random 0000 0000 0000 91716c54 eeb6a1e7: extract_entropy account returned: 0 
[    5.706058] random 0000 0000 0000 91716c54 eeb6a1e7: urand_change_num 47 xfer_secondary_pool(16): pool_sig fffffcad, data_sig 00000000, bytes_mixed 0 91716c54 eeb6a1e7
[    5.706061] random 0000 0000 0000 91716c54 eeb6a1e7: trying to extract 128 bits from nonblocking
[    5.706063] random 0000 0000 0000 91716c54 eeb6a1e7: debiting 128 entropy credits from nonblocking (unlimited)
[    5.706065] random 0000 0000 0000 91716c54 eeb6a1e7: extract_entropy account returned: 16 
[    5.706069] random 0000 0000 0000 91716c54 eeb6a1e7: urand_change_num 48 extract_buf: pool_sig fffffcad, data_sig ffffff19, bytes_mixed 20 91716c54 eeb6a1e7
[    5.706074] random 0000 0000 0000 fd637b06 6cf47bc1: urand_change_num 49 extract_buf: pool_sig fffffede, data_sig ffffffc1, bytes_mixed 20 fd637b06 6cf47bc1
[    5.792792] random 0000 0000 0000 fd637b06 6cf47bc1: rand_read_num 12 get_random_bytes(16): sig 0000033b fd637b06 6cf47bc1
[    5.792795] random 0000 0000 0000 fd637b06 6cf47bc1: extract_entropy(.. 16 ..)
[    5.792797] random 0000 0000 0000 fd637b06 6cf47bc1: going to reseed nonblocking with 128 bits (128 of 0 requested)
[    5.792800] random 0000 0000 0000 fd637b06 6cf47bc1: extract_entropy(.. 16 ..)
[    5.792802] random 0000 0000 0000 fd637b06 6cf47bc1: trying to extract 128 bits from input
[    5.792804] random 0000 0000 0000 fd637b06 6cf47bc1: debiting 0 entropy credits from input
[    5.792806] random 0000 0000 0000 fd637b06 6cf47bc1: extract_entropy account returned: 0 
[    5.792809] random 0000 0000 0000 fd637b06 6cf47bc1: urand_change_num 50 xfer_secondary_pool(16): pool_sig 0000033b, data_sig 00000000, bytes_mixed 0 fd637b06 6cf47bc1
[    5.792815] random 0000 0000 0000 fd637b06 6cf47bc1: trying to extract 128 bits from nonblocking
[    5.792817] random 0000 0000 0000 fd637b06 6cf47bc1: debiting 128 entropy credits from nonblocking (unlimited)
[    5.792819] random 0000 0000 0000 fd637b06 6cf47bc1: extract_entropy account returned: 16 
[    5.792824] random 0000 0000 0000 fd637b06 6cf47bc1: urand_change_num 51 extract_buf: pool_sig 0000033b, data_sig 000000d8, bytes_mixed 20 fd637b06 6cf47bc1
[    5.792829] random 0000 0000 0000 0ec1f012 d4727ca8: urand_change_num 52 extract_buf: pool_sig fffffcf5, data_sig 00000016, bytes_mixed 20 0ec1f012 d4727ca8
[    6.156019] ieee1394: Host added: ID:BUS[0-00:1023]  GUID[00061b032a25f51c]
[    6.166712] random 0000 0000 0000 45b1d0b1 845a73f7: rand_read_num 13 get_random_bytes(16): sig 00000116 45b1d0b1 845a73f7
[    6.166715] random 0000 0000 0000 45b1d0b1 845a73f7: extract_entropy(.. 16 ..)
[    6.166717] random 0000 0000 0000 45b1d0b1 845a73f7: going to reseed nonblocking with 128 bits (128 of 0 requested)
[    6.166719] random 0000 0000 0000 45b1d0b1 845a73f7: extract_entropy(.. 16 ..)
[    6.166721] random 0000 0000 0000 45b1d0b1 845a73f7: trying to extract 128 bits from input
[    6.166724] random 0000 0000 0000 45b1d0b1 845a73f7: debiting 0 entropy credits from input
[    6.166726] random 0000 0000 0000 45b1d0b1 845a73f7: extract_entropy account returned: 0 
[    6.166729] random 0000 0000 0000 45b1d0b1 845a73f7: urand_change_num 53 xfer_secondary_pool(16): pool_sig 00000116, data_sig 00000000, bytes_mixed 0 45b1d0b1 845a73f7
[    6.166732] random 0000 0000 0000 45b1d0b1 845a73f7: trying to extract 128 bits from nonblocking
[    6.166734] random 0000 0000 0000 45b1d0b1 845a73f7: debiting 128 entropy credits from nonblocking (unlimited)
[    6.166736] random 0000 0000 0000 45b1d0b1 845a73f7: extract_entropy account returned: 16 
[    6.166740] random 0000 0000 0000 45b1d0b1 845a73f7: urand_change_num 54 extract_buf: pool_sig 00000116, data_sig fffffd8b, bytes_mixed 20 45b1d0b1 845a73f7
[    6.166746] random 0000 0000 0000 45b1d0b1 845a73f7: urand_change_num 55 extract_buf: pool_sig fffffc05, data_sig 00000109, bytes_mixed 20 45b1d0b1 845a73f7
[    6.210896] random 0000 0000 0000 5012cce3 b8a30621: rand_read_num 14 get_random_bytes(16): sig fffffb93 5012cce3 b8a30621
[    6.210899] random 0000 0000 0000 5012cce3 b8a30621: extract_entropy(.. 16 ..)
[    6.210901] random 0000 0000 0000 5012cce3 b8a30621: going to reseed nonblocking with 128 bits (128 of 0 requested)
[    6.210904] random 0000 0000 0000 5012cce3 b8a30621: extract_entropy(.. 16 ..)
[    6.210906] random 0000 0000 0000 5012cce3 b8a30621: trying to extract 128 bits from input
[    6.210908] random 0000 0000 0000 5012cce3 b8a30621: debiting 0 entropy credits from input
[    6.210910] random 0000 0000 0000 5012cce3 b8a30621: extract_entropy account returned: 0 
[    6.210913] random 0000 0000 0000 5012cce3 b8a30621: urand_change_num 56 xfer_secondary_pool(16): pool_sig fffffb93, data_sig 00000000, bytes_mixed 0 5012cce3 b8a30621
[    6.210916] random 0000 0000 0000 5012cce3 b8a30621: trying to extract 128 bits from nonblocking
[    6.210918] random 0000 0000 0000 5012cce3 b8a30621: debiting 128 entropy credits from nonblocking (unlimited)
[    6.210920] random 0000 0000 0000 5012cce3 b8a30621: extract_entropy account returned: 16 
[    6.210924] random 0000 0000 0000 5012cce3 b8a30621: urand_change_num 57 extract_buf: pool_sig fffffb93, data_sig ffffff35, bytes_mixed 20 5012cce3 b8a30621
[    6.210930] random 0000 0000 0000 5012cce3 b8a30621: urand_change_num 58 extract_buf: pool_sig fffffb9d, data_sig ffffff92, bytes_mixed 20 5012cce3 b8a30621
[    6.212295] random 0000 0000 0000 30a5721d 4b648ff6: rand_read_num 15 get_random_bytes(16): sig fffffeb5 30a5721d 4b648ff6
[    6.212298] random 0000 0000 0000 30a5721d 4b648ff6: extract_entropy(.. 16 ..)
[    6.212300] random 0000 0000 0000 30a5721d 4b648ff6: going to reseed nonblocking with 128 bits (128 of 0 requested)
[    6.212303] random 0000 0000 0000 30a5721d 4b648ff6: extract_entropy(.. 16 ..)
[    6.212305] random 0000 0000 0000 30a5721d 4b648ff6: trying to extract 128 bits from input
[    6.212307] random 0000 0000 0000 30a5721d 4b648ff6: debiting 0 entropy credits from input
[    6.212309] random 0000 0000 0000 30a5721d 4b648ff6: extract_entropy account returned: 0 
[    6.212312] random 0000 0000 0000 30a5721d 4b648ff6: urand_change_num 59 xfer_secondary_pool(16): pool_sig fffffeb5, data_sig 00000000, bytes_mixed 0 30a5721d 4b648ff6
[    6.212315] random 0000 0000 0000 30a5721d 4b648ff6: trying to extract 128 bits from nonblocking
[    6.212317] random 0000 0000 0000 30a5721d 4b648ff6: debiting 128 entropy credits from nonblocking (unlimited)
[    6.212319] random 0000 0000 0000 30a5721d 4b648ff6: extract_entropy account returned: 16 
[    6.212324] random 0000 0000 0000 30a5721d 4b648ff6: urand_change_num 60 extract_buf: pool_sig fffffeb5, data_sig 000000c2, bytes_mixed 20 30a5721d 4b648ff6
[    6.212329] random 0000 0000 0000 89bae1ab 704c432f: urand_change_num 61 extract_buf: pool_sig 0000006e, data_sig fffffefc, bytes_mixed 20 89bae1ab 704c432f
[    6.212880] random 0000 0000 0000 89bae1ab 704c432f: rand_read_num 16 get_random_bytes(16): sig fffffd99 89bae1ab 704c432f
[    6.212883] random 0000 0000 0000 89bae1ab 704c432f: extract_entropy(.. 16 ..)
[    6.212886] random 0000 0000 0000 89bae1ab 704c432f: going to reseed nonblocking with 128 bits (128 of 0 requested)
[    6.212888] random 0000 0000 0000 89bae1ab 704c432f: extract_entropy(.. 16 ..)
[    6.212890] random 0000 0000 0000 89bae1ab 704c432f: trying to extract 128 bits from input
[    6.212892] random 0000 0000 0000 89bae1ab 704c432f: debiting 0 entropy credits from input
[    6.212894] random 0000 0000 0000 89bae1ab 704c432f: extract_entropy account returned: 0 
[    6.212897] random 0000 0000 0000 89bae1ab 704c432f: urand_change_num 62 xfer_secondary_pool(16): pool_sig fffffd99, data_sig 00000000, bytes_mixed 0 89bae1ab 704c432f
[    6.212900] random 0000 0000 0000 89bae1ab 704c432f: trying to extract 128 bits from nonblocking
[    6.212902] random 0000 0000 0000 89bae1ab 704c432f: debiting 128 entropy credits from nonblocking (unlimited)
[    6.212904] random 0000 0000 0000 89bae1ab 704c432f: extract_entropy account returned: 16 
[    6.212908] random 0000 0000 0000 89bae1ab 704c432f: urand_change_num 63 extract_buf: pool_sig fffffd99, data_sig 00000204, bytes_mixed 20 89bae1ab 704c432f
[    6.212914] random 0000 0000 0000 6c298a02 2b1539f8: urand_change_num 64 extract_buf: pool_sig 00000124, data_sig fffffff5, bytes_mixed 20 6c298a02 2b1539f8
[    6.213806] random 0000 0000 0000 c77b8b35 70f6cab5: rand_read_num 17 get_random_bytes(16): sig 0000036b c77b8b35 70f6cab5
[    6.213816] random 0000 0000 0000 c77b8b35 70f6cab5: extract_entropy(.. 16 ..)
[    6.213819] random 0000 0000 0000 c77b8b35 70f6cab5: going to reseed nonblocking with 128 bits (128 of 0 requested)
[    6.213821] random 0000 0000 0000 c77b8b35 70f6cab5: extract_entropy(.. 16 ..)
[    6.213823] random 0000 0000 0000 c77b8b35 70f6cab5: trying to extract 128 bits from input
[    6.213825] random 0000 0000 0000 c77b8b35 70f6cab5: debiting 0 entropy credits from input
[    6.213827] random 0000 0000 0000 c77b8b35 70f6cab5: extract_entropy account returned: 0 
[    6.213830] random 0000 0000 0000 c77b8b35 70f6cab5: urand_change_num 65 xfer_secondary_pool(16): pool_sig 0000036b, data_sig 00000000, bytes_mixed 0 c77b8b35 70f6cab5
[    6.213833] random 0000 0000 0000 c77b8b35 70f6cab5: trying to extract 128 bits from nonblocking
[    6.213835] random 0000 0000 0000 c77b8b35 70f6cab5: debiting 128 entropy credits from nonblocking (unlimited)
[    6.213838] random 0000 0000 0000 c77b8b35 70f6cab5: extract_entropy account returned: 16 
[    6.213842] random 0000 0000 0000 c77b8b35 70f6cab5: urand_change_num 66 extract_buf: pool_sig 0000036b, data_sig 0000005f, bytes_mixed 20 c77b8b35 70f6cab5
[    6.213847] random 0000 0000 0000 c77b8b35 70f6cab5: urand_change_num 67 extract_buf: pool_sig ffffff1c, data_sig 0000005a, bytes_mixed 20 c77b8b35 70f6cab5
[    6.214434] random 0000 0000 0000 af21d212 57d20ca3: rand_read_num 18 get_random_bytes(16): sig fffffb7f af21d212 57d20ca3
[    6.214437] random 0000 0000 0000 af21d212 57d20ca3: extract_entropy(.. 16 ..)
[    6.214439] random 0000 0000 0000 af21d212 57d20ca3: going to reseed nonblocking with 128 bits (128 of 0 requested)
[    6.214442] random 0000 0000 0000 af21d212 57d20ca3: extract_entropy(.. 16 ..)
[    6.214444] random 0000 0000 0000 af21d212 57d20ca3: trying to extract 128 bits from input
[    6.214446] random 0000 0000 0000 af21d212 57d20ca3: debiting 0 entropy credits from input
[    6.214448] random 0000 0000 0000 af21d212 57d20ca3: extract_entropy account returned: 0 
[    6.214451] random 0000 0000 0000 af21d212 57d20ca3: urand_change_num 68 xfer_secondary_pool(16): pool_sig fffffb7f, data_sig 00000000, bytes_mixed 0 af21d212 57d20ca3
[    6.214454] random 0000 0000 0000 af21d212 57d20ca3: trying to extract 128 bits from nonblocking
[    6.214456] random 0000 0000 0000 af21d212 57d20ca3: debiting 128 entropy credits from nonblocking (unlimited)
[    6.214458] random 0000 0000 0000 af21d212 57d20ca3: extract_entropy account returned: 16 
[    6.214462] random 0000 0000 0000 af21d212 57d20ca3: urand_change_num 69 extract_buf: pool_sig fffffb7f, data_sig ffffff88, bytes_mixed 20 af21d212 57d20ca3
[    6.214468] random 0000 0000 0000 af21d212 57d20ca3: urand_change_num 70 extract_buf: pool_sig fffffe1d, data_sig ffffff17, bytes_mixed 20 af21d212 57d20ca3
[    6.215059] random 0000 0000 0000 ffbd26fd 21933274: rand_read_num 19 get_random_bytes(16): sig ffffffc7 ffbd26fd 21933274
[    6.215062] random 0000 0000 0000 ffbd26fd 21933274: extract_entropy(.. 16 ..)
[    6.215065] random 0000 0000 0000 ffbd26fd 21933274: going to reseed nonblocking with 128 bits (128 of 0 requested)
[    6.215067] random 0000 0000 0000 ffbd26fd 21933274: extract_entropy(.. 16 ..)
[    6.215069] random 0000 0000 0000 ffbd26fd 21933274: trying to extract 128 bits from input
[    6.215071] random 0000 0000 0000 ffbd26fd 21933274: debiting 0 entropy credits from input
[    6.215073] random 0000 0000 0000 ffbd26fd 21933274: extract_entropy account returned: 0 
[    6.215076] random 0000 0000 0000 ffbd26fd 21933274: urand_change_num 71 xfer_secondary_pool(16): pool_sig ffffffc7, data_sig 00000000, bytes_mixed 0 ffbd26fd 21933274
[    6.215079] random 0000 0000 0000 ffbd26fd 21933274: trying to extract 128 bits from nonblocking
[    6.215082] random 0000 0000 0000 ffbd26fd 21933274: debiting 128 entropy credits from nonblocking (unlimited)
[    6.215084] random 0000 0000 0000 ffbd26fd 21933274: extract_entropy account returned: 16 
[    6.215088] random 0000 0000 0000 ffbd26fd 21933274: urand_change_num 72 extract_buf: pool_sig ffffffc7, data_sig 0000013b, bytes_mixed 20 ffbd26fd 21933274
[    6.215093] random 0000 0000 0000 151530a2 56c65dd3: urand_change_num 73 extract_buf: pool_sig ffffffbf, data_sig 00000036, bytes_mixed 20 151530a2 56c65dd3
[    6.215645] random 0000 0000 0000 151530a2 56c65dd3: rand_read_num 20 get_random_bytes(16): sig 000001a7 151530a2 56c65dd3
[    6.215648] random 0000 0000 0000 151530a2 56c65dd3: extract_entropy(.. 16 ..)
[    6.215650] random 0000 0000 0000 151530a2 56c65dd3: going to reseed nonblocking with 128 bits (128 of 0 requested)
[    6.215653] random 0000 0000 0000 151530a2 56c65dd3: extract_entropy(.. 16 ..)
[    6.215655] random 0000 0000 0000 151530a2 56c65dd3: trying to extract 128 bits from input
[    6.215657] random 0000 0000 0000 151530a2 56c65dd3: debiting 0 entropy credits from input
[    6.215659] random 0000 0000 0000 151530a2 56c65dd3: extract_entropy account returned: 0 
[    6.215662] random 0000 0000 0000 151530a2 56c65dd3: urand_change_num 74 xfer_secondary_pool(16): pool_sig 000001a7, data_sig 00000000, bytes_mixed 0 151530a2 56c65dd3
[    6.215665] random 0000 0000 0000 151530a2 56c65dd3: trying to extract 128 bits from nonblocking
[    6.215667] random 0000 0000 0000 151530a2 56c65dd3: debiting 128 entropy credits from nonblocking (unlimited)
[    6.215669] random 0000 0000 0000 151530a2 56c65dd3: extract_entropy account returned: 16 
[    6.215674] random 0000 0000 0000 151530a2 56c65dd3: urand_change_num 75 extract_buf: pool_sig 000001a7, data_sig ffffffa1, bytes_mixed 20 151530a2 56c65dd3
[    6.215679] random 0000 0000 0000 5d3e132e d9a77eb3: urand_change_num 76 extract_buf: pool_sig fffffcc9, data_sig 00000013, bytes_mixed 20 5d3e132e d9a77eb3
[    6.266704] random 0000 0000 0000 264837ad 0a28fef5: rand_read_num 21 get_random_bytes(16): sig ffffffd0 264837ad 0a28fef5
[    6.266707] random 0000 0000 0000 264837ad 0a28fef5: extract_entropy(.. 16 ..)
[    6.266710] random 0000 0000 0000 264837ad 0a28fef5: going to reseed nonblocking with 128 bits (128 of 0 requested)
[    6.266712] random 0000 0000 0000 264837ad 0a28fef5: extract_entropy(.. 16 ..)
[    6.266714] random 0000 0000 0000 264837ad 0a28fef5: trying to extract 128 bits from input
[    6.266716] random 0000 0000 0000 264837ad 0a28fef5: debiting 0 entropy credits from input
[    6.266718] random 0000 0000 0000 264837ad 0a28fef5: extract_entropy account returned: 0 
[    6.266722] random 0000 0000 0000 264837ad 0a28fef5: urand_change_num 77 xfer_secondary_pool(16): pool_sig ffffffd0, data_sig 00000000, bytes_mixed 0 264837ad 0a28fef5
[    6.266725] random 0000 0000 0000 264837ad 0a28fef5: trying to extract 128 bits from nonblocking
[    6.266727] random 0000 0000 0000 264837ad 0a28fef5: debiting 128 entropy credits from nonblocking (unlimited)
[    6.266729] random 0000 0000 0000 264837ad 0a28fef5: extract_entropy account returned: 16 
[    6.266733] random 0000 0000 0000 264837ad 0a28fef5: urand_change_num 78 extract_buf: pool_sig ffffffd0, data_sig 0000017b, bytes_mixed 20 264837ad 0a28fef5
[    6.266739] random 0000 0000 0000 264837ad 0a28fef5: urand_change_num 79 extract_buf: pool_sig 0000045c, data_sig 000001df, bytes_mixed 20 264837ad 0a28fef5
[    6.268200] random 0000 0000 0000 f37f7344 164aede0: rand_read_num 22 get_random_bytes(16): sig 000003c2 f37f7344 164aede0
[    6.268203] random 0000 0000 0000 f37f7344 164aede0: extract_entropy(.. 16 ..)
[    6.268206] random 0000 0000 0000 f37f7344 164aede0: going to reseed nonblocking with 128 bits (128 of 0 requested)
[    6.268208] random 0000 0000 0000 f37f7344 164aede0: extract_entropy(.. 16 ..)
[    6.268210] random 0000 0000 0000 f37f7344 164aede0: trying to extract 128 bits from input
[    6.268212] random 0000 0000 0000 f37f7344 164aede0: debiting 0 entropy credits from input
[    6.268214] random 0000 0000 0000 f37f7344 164aede0: extract_entropy account returned: 0 
[    6.268217] random 0000 0000 0000 f37f7344 164aede0: urand_change_num 80 xfer_secondary_pool(16): pool_sig 000003c2, data_sig 00000000, bytes_mixed 0 f37f7344 164aede0
[    6.268220] random 0000 0000 0000 f37f7344 164aede0: trying to extract 128 bits from nonblocking
[    6.268222] random 0000 0000 0000 f37f7344 164aede0: debiting 128 entropy credits from nonblocking (unlimited)
[    6.268225] random 0000 0000 0000 f37f7344 164aede0: extract_entropy account returned: 16 
[    6.268229] random 0000 0000 0000 f37f7344 164aede0: urand_change_num 81 extract_buf: pool_sig 000003c2, data_sig ffffff6c, bytes_mixed 20 f37f7344 164aede0
[    6.268234] random 0000 0000 0000 f37f7344 164aede0: urand_change_num 82 extract_buf: pool_sig fffffdfc, data_sig 00000091, bytes_mixed 20 f37f7344 164aede0
[    6.291008] random 0000 0000 0000 a4794863 878070c1: rand_read_num 23 get_random_bytes(16): sig 0000011b a4794863 878070c1
[    6.291011] random 0000 0000 0000 a4794863 878070c1: extract_entropy(.. 16 ..)
[    6.291014] random 0000 0000 0000 a4794863 878070c1: going to reseed nonblocking with 128 bits (128 of 0 requested)
[    6.291016] random 0000 0000 0000 a4794863 878070c1: extract_entropy(.. 16 ..)
[    6.291018] random 0000 0000 0000 a4794863 878070c1: trying to extract 128 bits from input
[    6.291020] random 0000 0000 0000 a4794863 878070c1: debiting 0 entropy credits from input
[    6.291022] random 0000 0000 0000 a4794863 878070c1: extract_entropy account returned: 0 
[    6.291025] random 0000 0000 0000 a4794863 878070c1: urand_change_num 83 xfer_secondary_pool(16): pool_sig 0000011b, data_sig 00000000, bytes_mixed 0 a4794863 878070c1
[    6.291028] random 0000 0000 0000 a4794863 878070c1: trying to extract 128 bits from nonblocking
[    6.291030] random 0000 0000 0000 a4794863 878070c1: debiting 128 entropy credits from nonblocking (unlimited)
[    6.291033] random 0000 0000 0000 a4794863 878070c1: extract_entropy account returned: 16 
[    6.291037] random 0000 0000 0000 a4794863 878070c1: urand_change_num 84 extract_buf: pool_sig 0000011b, data_sig ffffff51, bytes_mixed 20 a4794863 878070c1
[    6.291042] random 0000 0000 0000 737f19b4 9417d8ab: urand_change_num 85 extract_buf: pool_sig 000001a3, data_sig 0000006c, bytes_mixed 20 737f19b4 9417d8ab
[    6.295101] random 0000 0000 0000 737f19b4 9417d8ab: rand_read_num 24 get_random_bytes(16): sig fffffe22 737f19b4 9417d8ab
[    6.295104] random 0000 0000 0000 737f19b4 9417d8ab: extract_entropy(.. 16 ..)
[    6.295106] random 0000 0000 0000 737f19b4 9417d8ab: going to reseed nonblocking with 128 bits (128 of 0 requested)
[    6.295109] random 0000 0000 0000 737f19b4 9417d8ab: extract_entropy(.. 16 ..)
[    6.295111] random 0000 0000 0000 737f19b4 9417d8ab: trying to extract 128 bits from input
[    6.295113] random 0000 0000 0000 737f19b4 9417d8ab: debiting 0 entropy credits from input
[    6.295115] random 0000 0000 0000 737f19b4 9417d8ab: extract_entropy account returned: 0 
[    6.295118] random 0000 0000 0000 737f19b4 9417d8ab: urand_change_num 86 xfer_secondary_pool(16): pool_sig fffffe22, data_sig 00000000, bytes_mixed 0 737f19b4 9417d8ab
[    6.295121] random 0000 0000 0000 737f19b4 9417d8ab: trying to extract 128 bits from nonblocking
[    6.295123] random 0000 0000 0000 737f19b4 9417d8ab: debiting 128 entropy credits from nonblocking (unlimited)
[    6.295125] random 0000 0000 0000 737f19b4 9417d8ab: extract_entropy account returned: 16 
[    6.295130] random 0000 0000 0000 737f19b4 9417d8ab: urand_change_num 87 extract_buf: pool_sig fffffe22, data_sig 00000230, bytes_mixed 20 737f19b4 9417d8ab
[    6.295135] random 0000 0000 0000 4deb0d06 1236af4c: urand_change_num 88 extract_buf: pool_sig 000000b6, data_sig ffffff44, bytes_mixed 20 4deb0d06 1236af4c
[    6.296127] random 0000 0000 0000 b538fadc 4a7613df: rand_read_num 25 get_random_bytes(16): sig 0000013c b538fadc 4a7613df
[    6.296130] random 0000 0000 0000 b538fadc 4a7613df: extract_entropy(.. 16 ..)
[    6.296132] random 0000 0000 0000 b538fadc 4a7613df: going to reseed nonblocking with 128 bits (128 of 0 requested)
[    6.296135] random 0000 0000 0000 b538fadc 4a7613df: extract_entropy(.. 16 ..)
[    6.296137] random 0000 0000 0000 b538fadc 4a7613df: trying to extract 128 bits from input
[    6.296139] random 0000 0000 0000 b538fadc 4a7613df: debiting 0 entropy credits from input
[    6.296141] random 0000 0000 0000 b538fadc 4a7613df: extract_entropy account returned: 0 
[    6.296144] random 0000 0000 0000 b538fadc 4a7613df: urand_change_num 89 xfer_secondary_pool(16): pool_sig 0000013c, data_sig 00000000, bytes_mixed 0 b538fadc 4a7613df
[    6.296147] random 0000 0000 0000 b538fadc 4a7613df: trying to extract 128 bits from nonblocking
[    6.296149] random 0000 0000 0000 b538fadc 4a7613df: debiting 128 entropy credits from nonblocking (unlimited)
[    6.296151] random 0000 0000 0000 b538fadc 4a7613df: extract_entropy account returned: 16 
[    6.296156] random 0000 0000 0000 b538fadc 4a7613df: urand_change_num 90 extract_buf: pool_sig 0000013c, data_sig 00000015, bytes_mixed 20 b538fadc 4a7613df
[    6.296161] random 0000 0000 0000 b538fadc 4a7613df: urand_change_num 91 extract_buf: pool_sig 00000452, data_sig 0000002b, bytes_mixed 20 b538fadc 4a7613df
[    6.296609] random 0000 0000 0000 73b17df4 93bb370e: rand_read_num 26 get_random_bytes(16): sig fffffbf1 73b17df4 93bb370e
[    6.296612] random 0000 0000 0000 73b17df4 93bb370e: extract_entropy(.. 16 ..)
[    6.296614] random 0000 0000 0000 73b17df4 93bb370e: going to reseed nonblocking with 128 bits (128 of 0 requested)
[    6.296616] random 0000 0000 0000 73b17df4 93bb370e: extract_entropy(.. 16 ..)
[    6.296618] random 0000 0000 0000 73b17df4 93bb370e: trying to extract 128 bits from input
[    6.296621] random 0000 0000 0000 73b17df4 93bb370e: debiting 0 entropy credits from input
[    6.296623] random 0000 0000 0000 73b17df4 93bb370e: extract_entropy account returned: 0 
[    6.296626] random 0000 0000 0000 73b17df4 93bb370e: urand_change_num 92 xfer_secondary_pool(16): pool_sig fffffbf1, data_sig 00000000, bytes_mixed 0 73b17df4 93bb370e
[    6.296629] random 0000 0000 0000 73b17df4 93bb370e: trying to extract 128 bits from nonblocking
[    6.296631] random 0000 0000 0000 73b17df4 93bb370e: debiting 128 entropy credits from nonblocking (unlimited)
[    6.296633] random 0000 0000 0000 73b17df4 93bb370e: extract_entropy account returned: 16 
[    6.296637] random 0000 0000 0000 73b17df4 93bb370e: urand_change_num 93 extract_buf: pool_sig fffffbf1, data_sig ffffff99, bytes_mixed 20 73b17df4 93bb370e
[    6.296643] random 0000 0000 0000 73b17df4 93bb370e: urand_change_num 94 extract_buf: pool_sig fffffe1d, data_sig 000000b0, bytes_mixed 20 73b17df4 93bb370e
[    6.297056] random 0000 0000 0000 0cd682bb ba04da9f: rand_read_num 27 get_random_bytes(16): sig fffffccb 0cd682bb ba04da9f
[    6.297059] random 0000 0000 0000 0cd682bb ba04da9f: extract_entropy(.. 16 ..)
[    6.297062] random 0000 0000 0000 0cd682bb ba04da9f: going to reseed nonblocking with 128 bits (128 of 0 requested)
[    6.297064] random 0000 0000 0000 0cd682bb ba04da9f: extract_entropy(.. 16 ..)
[    6.297066] random 0000 0000 0000 0cd682bb ba04da9f: trying to extract 128 bits from input
[    6.297068] random 0000 0000 0000 0cd682bb ba04da9f: debiting 0 entropy credits from input
[    6.297070] random 0000 0000 0000 0cd682bb ba04da9f: extract_entropy account returned: 0 
[    6.297073] random 0000 0000 0000 0cd682bb ba04da9f: urand_change_num 95 xfer_secondary_pool(16): pool_sig fffffccb, data_sig 00000000, bytes_mixed 0 0cd682bb ba04da9f
[    6.297076] random 0000 0000 0000 0cd682bb ba04da9f: trying to extract 128 bits from nonblocking
[    6.297079] random 0000 0000 0000 0cd682bb ba04da9f: debiting 128 entropy credits from nonblocking (unlimited)
[    6.297081] random 0000 0000 0000 0cd682bb ba04da9f: extract_entropy account returned: 16 
[    6.297085] random 0000 0000 0000 0cd682bb ba04da9f: urand_change_num 96 extract_buf: pool_sig fffffccb, data_sig fffffec5, bytes_mixed 20 0cd682bb ba04da9f
[    6.297090] random 0000 0000 0000 26929f1a 15254dc1: urand_change_num 97 extract_buf: pool_sig fffffed2, data_sig ffffffb1, bytes_mixed 20 26929f1a 15254dc1
[    6.297962] random 0000 0000 0000 26929f1a 15254dc1: rand_read_num 28 get_random_bytes(16): sig 00000038 26929f1a 15254dc1
[    6.297965] random 0000 0000 0000 26929f1a 15254dc1: extract_entropy(.. 16 ..)
[    6.297968] random 0000 0000 0000 26929f1a 15254dc1: going to reseed nonblocking with 128 bits (128 of 0 requested)
[    6.297970] random 0000 0000 0000 26929f1a 15254dc1: extract_entropy(.. 16 ..)
[    6.297972] random 0000 0000 0000 26929f1a 15254dc1: trying to extract 128 bits from input
[    6.297974] random 0000 0000 0000 26929f1a 15254dc1: debiting 0 entropy credits from input
[    6.297976] random 0000 0000 0000 26929f1a 15254dc1: extract_entropy account returned: 0 
[    6.297979] random 0000 0000 0000 26929f1a 15254dc1: urand_change_num 98 xfer_secondary_pool(16): pool_sig 00000038, data_sig 00000000, bytes_mixed 0 26929f1a 15254dc1
[    6.297982] random 0000 0000 0000 26929f1a 15254dc1: trying to extract 128 bits from nonblocking
[    6.297985] random 0000 0000 0000 26929f1a 15254dc1: debiting 128 entropy credits from nonblocking (unlimited)
[    6.297987] random 0000 0000 0000 26929f1a 15254dc1: extract_entropy account returned: 16 
[    6.297991] random 0000 0000 0000 26929f1a 15254dc1: urand_change_num 99 extract_buf: pool_sig 00000038, data_sig 000000fd, bytes_mixed 20 26929f1a 15254dc1
[    6.297996] random 0000 0000 0000 8116fe3b 478c2d5b: urand_change_num 100 extract_buf: pool_sig 00000059, data_sig 00000310, bytes_mixed 20 8116fe3b 478c2d5b
[    6.304641] random 0000 0000 0000 a20f4a3a 32a6b2fa: rand_read_num 29 get_random_bytes(16): sig 000002c0 a20f4a3a 32a6b2fa
[    6.304643] random 0000 0000 0000 a20f4a3a 32a6b2fa: extract_entropy(.. 16 ..)
[    6.304646] random 0000 0000 0000 a20f4a3a 32a6b2fa: going to reseed nonblocking with 128 bits (128 of 0 requested)
[    6.304648] random 0000 0000 0000 a20f4a3a 32a6b2fa: extract_entropy(.. 16 ..)
[    6.304650] random 0000 0000 0000 a20f4a3a 32a6b2fa: trying to extract 128 bits from input
[    6.304652] random 0000 0000 0000 a20f4a3a 32a6b2fa: debiting 0 entropy credits from input
[    6.304654] random 0000 0000 0000 a20f4a3a 32a6b2fa: extract_entropy account returned: 0 
[    6.304657] random 0000 0000 0000 a20f4a3a 32a6b2fa: urand_change_num 101 xfer_secondary_pool(16): pool_sig 000002c0, data_sig 00000000, bytes_mixed 0 a20f4a3a 32a6b2fa
[    6.304660] random 0000 0000 0000 a20f4a3a 32a6b2fa: trying to extract 128 bits from nonblocking
[    6.304663] random 0000 0000 0000 a20f4a3a 32a6b2fa: debiting 128 entropy credits from nonblocking (unlimited)
[    6.304665] random 0000 0000 0000 a20f4a3a 32a6b2fa: extract_entropy account returned: 16 
[    6.304669] random 0000 0000 0000 a20f4a3a 32a6b2fa: urand_change_num 102 extract_buf: pool_sig 000002c0, data_sig 000000fb, bytes_mixed 20 a20f4a3a 32a6b2fa
[    6.304674] random 0000 0000 0000 a20f4a3a 32a6b2fa: urand_change_num 103 extract_buf: pool_sig ffffffdd, data_sig 000000a5, bytes_mixed 20 a20f4a3a 32a6b2fa
[    6.317177] random 0000 0000 0000 de716d2a 6c4757e1: rand_read_num 30 get_random_bytes(16): sig 000000fa de716d2a 6c4757e1
[    6.317180] random 0000 0000 0000 de716d2a 6c4757e1: extract_entropy(.. 16 ..)
[    6.317182] random 0000 0000 0000 de716d2a 6c4757e1: going to reseed nonblocking with 128 bits (128 of 0 requested)
[    6.317185] random 0000 0000 0000 de716d2a 6c4757e1: extract_entropy(.. 16 ..)
[    6.317187] random 0000 0000 0000 de716d2a 6c4757e1: trying to extract 128 bits from input
[    6.317189] random 0000 0000 0000 de716d2a 6c4757e1: debiting 0 entropy credits from input
[    6.317191] random 0000 0000 0000 de716d2a 6c4757e1: extract_entropy account returned: 0 
[    6.317194] random 0000 0000 0000 de716d2a 6c4757e1: urand_change_num 104 xfer_secondary_pool(16): pool_sig 000000fa, data_sig 00000000, bytes_mixed 0 de716d2a 6c4757e1
[    6.317197] random 0000 0000 0000 de716d2a 6c4757e1: trying to extract 128 bits from nonblocking
[    6.317199] random 0000 0000 0000 de716d2a 6c4757e1: debiting 128 entropy credits from nonblocking (unlimited)
[    6.317201] random 0000 0000 0000 de716d2a 6c4757e1: extract_entropy account returned: 16 
[    6.317205] random 0000 0000 0000 de716d2a 6c4757e1: urand_change_num 105 extract_buf: pool_sig 000000fa, data_sig ffffff34, bytes_mixed 20 de716d2a 6c4757e1
[    6.317211] random 0000 0000 0000 de716d2a 6c4757e1: urand_change_num 106 extract_buf: pool_sig 000003d3, data_sig ffffff30, bytes_mixed 20 de716d2a 6c4757e1
[    6.317794] random 0000 0000 0000 a7c511e1 f90ea457: rand_read_num 31 get_random_bytes(16): sig 0000009a a7c511e1 f90ea457
[    6.317797] random 0000 0000 0000 a7c511e1 f90ea457: extract_entropy(.. 16 ..)
[    6.317799] random 0000 0000 0000 a7c511e1 f90ea457: going to reseed nonblocking with 128 bits (128 of 0 requested)
[    6.317801] random 0000 0000 0000 a7c511e1 f90ea457: extract_entropy(.. 16 ..)
[    6.317803] random 0000 0000 0000 a7c511e1 f90ea457: trying to extract 128 bits from input
[    6.317806] random 0000 0000 0000 a7c511e1 f90ea457: debiting 0 entropy credits from input
[    6.317812] random 0000 0000 0000 a7c511e1 f90ea457: extract_entropy account returned: 0 
[    6.317815] random 0000 0000 0000 a7c511e1 f90ea457: urand_change_num 107 xfer_secondary_pool(16): pool_sig 0000009a, data_sig 00000000, bytes_mixed 0 a7c511e1 f90ea457
[    6.317818] random 0000 0000 0000 a7c511e1 f90ea457: trying to extract 128 bits from nonblocking
[    6.317820] random 0000 0000 0000 a7c511e1 f90ea457: debiting 128 entropy credits from nonblocking (unlimited)
[    6.317822] random 0000 0000 0000 a7c511e1 f90ea457: extract_entropy account returned: 16 
[    6.317827] random 0000 0000 0000 a7c511e1 f90ea457: urand_change_num 108 extract_buf: pool_sig 0000009a, data_sig 000000e0, bytes_mixed 20 a7c511e1 f90ea457
[    6.317832] random 0000 0000 0000 7c18c7e6 d65ccb06: urand_change_num 109 extract_buf: pool_sig fffffa79, data_sig 000000e0, bytes_mixed 20 7c18c7e6 d65ccb06
[    6.318413] random 0000 0000 0000 7c18c7e6 d65ccb06: rand_read_num 32 get_random_bytes(16): sig fffffe1e 7c18c7e6 d65ccb06
[    6.318415] random 0000 0000 0000 7c18c7e6 d65ccb06: extract_entropy(.. 16 ..)
[    6.318418] random 0000 0000 0000 7c18c7e6 d65ccb06: going to reseed nonblocking with 128 bits (128 of 0 requested)
[    6.318420] random 0000 0000 0000 7c18c7e6 d65ccb06: extract_entropy(.. 16 ..)
[    6.318422] random 0000 0000 0000 7c18c7e6 d65ccb06: trying to extract 128 bits from input
[    6.318424] random 0000 0000 0000 7c18c7e6 d65ccb06: debiting 0 entropy credits from input
[    6.318426] random 0000 0000 0000 7c18c7e6 d65ccb06: extract_entropy account returned: 0 
[    6.318429] random 0000 0000 0000 7c18c7e6 d65ccb06: urand_change_num 110 xfer_secondary_pool(16): pool_sig fffffe1e, data_sig 00000000, bytes_mixed 0 7c18c7e6 d65ccb06
[    6.318432] random 0000 0000 0000 7c18c7e6 d65ccb06: trying to extract 128 bits from nonblocking
[    6.318435] random 0000 0000 0000 7c18c7e6 d65ccb06: debiting 128 entropy credits from nonblocking (unlimited)
[    6.318437] random 0000 0000 0000 7c18c7e6 d65ccb06: extract_entropy account returned: 16 
