[    0.000000] random 0000 0000 0000 00000000 00000000: rand_read_num 1 get_random_bytes(8): sig 00000000 00000000 00000000
[    0.000000] random 0000 0000 0000 00000000 00000000: extract_entropy(.. 8 ..)
[    0.000000] random 0000 0000 0000 00000000 00000000: going to reseed nonblocking with 64 bits (64 of 0 requested)
[    0.000000] random 0000 0000 0000 00000000 00000000: extract_entropy(.. 8 ..)
[    0.000000] random 0000 0000 0000 00000000 00000000: trying to extract 64 bits from input
[    0.000000] random 0000 0000 0000 00000000 00000000: debiting 0 entropy credits from input
[    0.000000] random 0000 0000 0000 00000000 00000000: extract_entropy account returned: 0 
[    0.000000] random 0000 0000 0000 00000000 00000000: urand_change_num 1 xfer_secondary_pool(8): pool_sig 00000000, data_sig 00000000, bytes_mixed 0 00000000 00000000
[    0.000000] random 0000 0000 0000 00000000 00000000: trying to extract 64 bits from nonblocking
[    0.000000] random 0000 0000 0000 00000000 00000000: debiting 64 entropy credits from nonblocking (unlimited)
[    0.000000] random 0000 0000 0000 00000000 00000000: extract_entropy account returned: 8 
[    0.000000] random 0000 0000 0000 00000000 00000000: urand_change_num 2 extract_buf: pool_sig 00000000, data_sig fffffff9, bytes_mixed 20 00000000 00000000
[    0.000000] Linux version 2.6.32.57 (dcashman@dcashman-02) (gcc version 4.3.3 (GCC) ) #3 Fri May 24 04:27:34 PDT 2013
[    0.000000] KERNEL supported cpus:
[    0.000000]   Intel GenuineIntel
[    0.000000]   AMD AuthenticAMD
[    0.000000]   NSC Geode by NSC
[    0.000000]   Cyrix CyrixInstead
[    0.000000]   Centaur CentaurHauls
[    0.000000]   Transmeta GenuineTMx86
[    0.000000]   Transmeta TransmetaCPU
[    0.000000]   UMC UMC UMC UMC
[    0.000000] BIOS-provided physical RAM map:
[    0.000000]  BIOS-e820: 0000000000000000 - 000000000009d800 (usable)
[    0.000000]  BIOS-e820: 000000000009d800 - 00000000000a0000 (reserved)
[    0.000000]  BIOS-e820: 00000000000d2000 - 00000000000d4000 (reserved)
[    0.000000]  BIOS-e820: 00000000000e0000 - 0000000000100000 (reserved)
[    0.000000]  BIOS-e820: 0000000000100000 - 000000003d6b0000 (usable)
[    0.000000]  BIOS-e820: 000000003d6b0000 - 000000003d6cc000 (ACPI data)
[    0.000000]  BIOS-e820: 000000003d6cc000 - 000000003d700000 (ACPI NVS)
[    0.000000]  BIOS-e820: 000000003d700000 - 000000003e000000 (reserved)
[    0.000000]  BIOS-e820: 00000000f0000000 - 00000000f4000000 (reserved)
[    0.000000]  BIOS-e820: 00000000fec00000 - 00000000fec10000 (reserved)
[    0.000000]  BIOS-e820: 00000000fed00000 - 00000000fed00400 (reserved)
[    0.000000]  BIOS-e820: 00000000fed14000 - 00000000fed1a000 (reserved)
[    0.000000]  BIOS-e820: 00000000fed1c000 - 00000000fed90000 (reserved)
[    0.000000]  BIOS-e820: 00000000fee00000 - 00000000fee01000 (reserved)
[    0.000000]  BIOS-e820: 00000000ff000000 - 0000000100000000 (reserved)
[    0.000000] DMI present.
[    0.000000] last_pfn = 0x3d6b0 max_arch_pfn = 0x100000
[    0.000000] MTRR default type: uncachable
[    0.000000] MTRR fixed ranges enabled:
[    0.000000]   00000-9FFFF write-back
[    0.000000]   A0000-BFFFF uncachable
[    0.000000]   C0000-CFFFF write-protect
[    0.000000]   D0000-DFFFF uncachable
[    0.000000]   E0000-FFFFF write-protect
[    0.000000] MTRR variable ranges enabled:
[    0.000000]   0 base 03E000000 mask FFE000000 uncachable
[    0.000000]   1 base 000000000 mask FC0000000 write-back
[    0.000000]   2 base 03D700000 mask FFFF00000 uncachable
[    0.000000]   3 base 03D800000 mask FFF800000 uncachable
[    0.000000]   4 disabled
[    0.000000]   5 disabled
[    0.000000]   6 disabled
[    0.000000]   7 disabled
[    0.000000] initial memory mapped : 0 - 02000000
[    0.000000] init_memory_mapping: 0000000000000000-00000000377fe000
[    0.000000]  0000000000 - 0000400000 page 4k
[    0.000000]  0000400000 - 0037400000 page 2M
[    0.000000]  0037400000 - 00377fe000 page 4k
[    0.000000] kernel direct mapping tables up to 377fe000 @ 7000-c000
[    0.000000] ACPI: RSDP 000f68d0 00024 (v02 LENOVO)
[    0.000000] ACPI: XSDT 3d6bb77f 00094 (v01 LENOVO TP-7L    00002170  LTP 00000000)
[    0.000000] ACPI: FACP 3d6bb900 000F4 (v03 LENOVO TP-7L    00002170 LNVO 00000001)
[    0.000000] ACPI Warning: 32/64X length mismatch in Gpe1Block: 0/32 (20090903/tbfadt-526)
[    0.000000] ACPI Warning: Optional field Gpe1Block has zero address or length: 000000000000102C/0 (20090903/tbfadt-557)
[    0.000000] ACPI: DSDT 3d6bbd1d 0FED1 (v01 LENOVO TP-7L    00002170 MSFT 03000000)
[    0.000000] ACPI: FACS 3d6e4000 00040
[    0.000000] ACPI: SSDT 3d6bbab4 00269 (v01 LENOVO TP-7L    00002170 MSFT 03000000)
[    0.000000] ACPI: ECDT 3d6cbbee 00052 (v01 LENOVO TP-7L    00002170 LNVO 00000001)
[    0.000000] ACPI: TCPA 3d6cbc40 00032 (v02 LENOVO TP-7L    00002170 LNVO 00000001)
[    0.000000] ACPI: APIC 3d6cbc72 00068 (v01 LENOVO TP-7L    00002170 LNVO 00000001)
[    0.000000] ACPI: MCFG 3d6cbcda 0003C (v01 LENOVO TP-7L    00002170 LNVO 00000001)
[    0.000000] ACPI: HPET 3d6cbd16 00038 (v01 LENOVO TP-7L    00002170 LNVO 00000001)
[    0.000000] ACPI: SLIC 3d6cbdf0 00176 (v01 LENOVO TP-7L    00002170  LTP 00000000)
[    0.000000] ACPI: BOOT 3d6cbf66 00028 (v01 LENOVO TP-7L    00002170  LTP 00000001)
[    0.000000] ACPI: ASF! 3d6cbf8e 00072 (v16 LENOVO TP-7L    00002170 PTL  00000001)
[    0.000000] ACPI: SSDT 3d6e26d9 0025F (v01 LENOVO TP-7L    00002170 INTL 20050513)
[    0.000000] ACPI: SSDT 3d6e2938 000A6 (v01 LENOVO TP-7L    00002170 INTL 20050513)
[    0.000000] ACPI: SSDT 3d6e29de 004F7 (v01 LENOVO TP-7L    00002170 INTL 20050513)
[    0.000000] ACPI: SSDT 3d6e2ed5 001D8 (v01 LENOVO TP-7L    00002170 INTL 20050513)
[    0.000000] ACPI: DMI detected: Lenovo ThinkPad R61
[    0.000000] ACPI: Added _OSI(Linux)
[    0.000000] ACPI: Local APIC address 0xfee00000
[    0.000000] 94MB HIGHMEM available.
[    0.000000] 887MB LOWMEM available.
[    0.000000]   mapped low ram: 0 - 377fe000
[    0.000000]   low ram: 0 - 377fe000
[    0.000000]   node 0 low ram: 00000000 - 377fe000
[    0.000000]   node 0 bootmap 00008000 - 0000ef00
[    0.000000] (6 early reservations) ==> bootmem [0000000000 - 00377fe000]
[    0.000000]   #0 [0000000000 - 0000001000]   BIOS data page ==> [0000000000 - 0000001000]
[    0.000000]   #1 [0001000000 - 0001bdc180]    TEXT DATA BSS ==> [0001000000 - 0001bdc180]
[    0.000000]   #2 [000009d800 - 0000100000]    BIOS reserved ==> [000009d800 - 0000100000]
[    0.000000]   #3 [0001bdd000 - 0001be516c]              BRK ==> [0001bdd000 - 0001be516c]
[    0.000000]   #4 [0000007000 - 0000008000]          PGTABLE ==> [0000007000 - 0000008000]
[    0.000000]   #5 [0000008000 - 000000f000]          BOOTMAP ==> [0000008000 - 000000f000]
[    0.000000] found SMP MP-table at [c00f6900] f6900
[    0.000000] Zone PFN ranges:
[    0.000000]   DMA      0x00000000 -> 0x00001000
[    0.000000]   Normal   0x00001000 -> 0x000377fe
[    0.000000]   HighMem  0x000377fe -> 0x0003d6b0
[    0.000000] Movable zone start PFN for each node
[    0.000000] early_node_map[2] active PFN ranges
[    0.000000]     0: 0x00000000 -> 0x0000009d
[    0.000000]     0: 0x00000100 -> 0x0003d6b0
[    0.000000] On node 0 totalpages: 251469
[    0.000000] free_area_init_node: node 0, pgdat c1901ea0, node_mem_map c1be7000
[    0.000000]   DMA zone: 32 pages used for memmap
[    0.000000]   DMA zone: 0 pages reserved
[    0.000000]   DMA zone: 3965 pages, LIFO batch:0
[    0.000000]   Normal zone: 1744 pages used for memmap
[    0.000000]   Normal zone: 221486 pages, LIFO batch:31
[    0.000000]   HighMem zone: 190 pages used for memmap
[    0.000000]   HighMem zone: 24052 pages, LIFO batch:3
[    0.000000] Using APIC driver default
[    0.000000] ACPI: PM-Timer IO Port: 0x1008
[    0.000000] ACPI: Local APIC address 0xfee00000
[    0.000000] ACPI: LAPIC (acpi_id[0x00] lapic_id[0x00] enabled)
[    0.000000] ACPI: LAPIC (acpi_id[0x01] lapic_id[0x01] enabled)
[    0.000000] ACPI: NR_CPUS/possible_cpus limit of 1 reached.  Processor 1/0x1 ignored.
[    0.000000] ACPI: LAPIC_NMI (acpi_id[0x00] high edge lint[0x1])
[    0.000000] ACPI: LAPIC_NMI (acpi_id[0x01] high edge lint[0x1])
[    0.000000] ACPI: IOAPIC (id[0x01] address[0xfec00000] gsi_base[0])
[    0.000000] IOAPIC[0]: apic_id 1, version 32, address 0xfec00000, GSI 0-23
[    0.000000] ACPI: INT_SRC_OVR (bus 0 bus_irq 0 global_irq 2 dfl dfl)
[    0.000000] ACPI: INT_SRC_OVR (bus 0 bus_irq 9 global_irq 9 high level)
[    0.000000] ACPI: IRQ0 used by override.
[    0.000000] ACPI: IRQ2 used by override.
[    0.000000] ACPI: IRQ9 used by override.
[    0.000000] Using ACPI (MADT) for SMP configuration information
[    0.000000] ACPI: HPET id: 0x8086a201 base: 0xfed00000
[    0.000000] nr_irqs_gsi: 24
[    0.000000] PM: Registered nosave memory: 000000000009d000 - 000000000009e000
[    0.000000] PM: Registered nosave memory: 000000000009e000 - 00000000000a0000
[    0.000000] PM: Registered nosave memory: 00000000000a0000 - 00000000000d2000
[    0.000000] PM: Registered nosave memory: 00000000000d2000 - 00000000000d4000
[    0.000000] PM: Registered nosave memory: 00000000000d4000 - 00000000000e0000
[    0.000000] PM: Registered nosave memory: 00000000000e0000 - 0000000000100000
[    0.000000] Allocating PCI resources starting at 3e000000 (gap: 3e000000:b2000000)
[    0.000000] Built 1 zonelists in Zone order, mobility grouping on.  Total pages: 249503
[    0.000000] Kernel command line: auto BOOT_IMAGE=Linux ro root=802 vt.default_utf8=0 maxcpus=0
[    0.000000] PID hash table entries: 4096 (order: 2, 16384 bytes)
[    0.000000] Dentry cache hash table entries: 131072 (order: 7, 524288 bytes)
[    0.000000] Inode-cache hash table entries: 65536 (order: 6, 262144 bytes)
[    0.000000] Enabling fast FPU save and restore... done.
[    0.000000] Enabling unmasked SIMD FPU exception support... done.
[    0.000000] Initializing CPU#0
[    0.000000] Initializing HighMem for node 0 (000377fe:0003d6b0)
[    0.000000] Memory: 984800k/1006272k available (6914k kernel code, 20876k reserved, 2328k data, 448k init, 96968k highmem)
[    0.000000] virtual kernel memory layout:
[    0.000000]     fixmap  : 0xfffa3000 - 0xfffff000   ( 368 kB)
[    0.000000]     pkmap   : 0xff800000 - 0xffc00000   (4096 kB)
[    0.000000]     vmalloc : 0xf7ffe000 - 0xff7fe000   ( 120 MB)
[    0.000000]     lowmem  : 0xc0000000 - 0xf77fe000   ( 887 MB)
[    0.000000]       .init : 0xc1907000 - 0xc1977000   ( 448 kB)
[    0.000000]       .data : 0xc16c0b5f - 0xc1906c64   (2328 kB)
[    0.000000]       .text : 0xc1000000 - 0xc16c0b5f   (6914 kB)
[    0.000000] Checking if this processor honours the WP bit even in supervisor mode...Ok.
[    0.000000] SLUB: Genslabs=13, HWalign=64, Order=0-3, MinObjects=0, CPUs=1, Nodes=1
[    0.000000] Hierarchical RCU implementation.
[    0.000000] NR_IRQS:288
[    0.000000] Extended CMOS year: 2000
[    0.000000] Console: colour VGA+ 80x25
[    0.000000] console [tty0] enabled
[    0.000000] hpet clockevent registered
[    0.000000] Fast TSC calibration using PIT
[    0.000000] Detected 2094.926 MHz processor.
[    0.001002] Calibrating delay loop (skipped), value calculated using timer frequency.. 4189.85 BogoMIPS (lpj=2094926)
[    0.001169] Security Framework initialized
[    0.001252] Mount-cache hash table entries: 512
[    0.001402] CPU: L1 I cache: 32K, L1 D cache: 32K
[    0.001532] CPU: L2 cache: 3072K
[    0.001618] mce: CPU supports 6 MCE banks
[    0.001706] CPU0: Thermal monitoring enabled (TM2)
[    0.002005] using mwait in idle threads.
[    0.002085] CPU: Intel(R) Core(TM)2 Duo CPU     T8100  @ 2.10GHz stepping 06
[    0.002265] Checking 'hlt' instruction... OK.
[    0.006938] ACPI: Core revision 20090903
[    0.026015] CANARY value: dbf80c80 for PID: 1
[    0.026045] Enabling APIC mode:  Flat.  Using 1 I/O APICs
[    0.027346] ..TIMER: vector=0x30 apic1=0 pin1=2 apic2=-1 pin2=-1
[    0.037997] xor: automatically using best checksumming function: pIII_sse
[    0.041998]    pIII_sse  :  8568.000 MB/sec
[    0.042084] xor: using function: pIII_sse (8568.000 MB/sec)
[    0.042175] RANDOM - __seed init called.
[    0.042176] RANDOM - __seed init called.
[    0.042177] RANDOM - __seed init called.
[    0.042178] RANDOM - __random32 called. Change num 1.  Value: f7943846	49e73df3	af36cd0d
[    0.042180] RANDOM - __random32 called. Change num 2.  Value: 43846e13	9e73df37	9a1ad014
[    0.042182] RANDOM - __random32 called. Change num 3.  Value: 46e139c8	e73df373	a029598a
[    0.042183] RANDOM - __random32 called. Change num 4.  Value: 139c8c3b	73df373d	b3142c72
[    0.042185] RANDOM - __random32 called. Change num 5.  Value: c8c3b043	3df373de	58e576a9
[    0.042187] RANDOM - __random32 called. Change num 6.  Value: 3b0437d9	df373de5	ed53f9d8
[    0.042188] RANDOM - random32 init called.  Value: 3b0437d9	df373de5	ed53f9d8
[    0.042205] NET: Registered protocol family 16
[    0.042469] ACPI FADT declares the system doesn't support PCIe ASPM, so disable it
[    0.042594] ACPI: bus type pci registered
[    0.042758] PCI: MCFG configuration 0: base f0000000 segment 0 buses 0 - 63
[    0.042851] PCI: MCFG area at f0000000 reserved in E820
[    0.042945] PCI: Using MMCONFIG for extended config space
[    0.043002] PCI: Using configuration type 1 for base access
[    0.046146] bio: create slab <bio-0> at 0
[    0.046961] ACPI: EC: EC description table is found, configuring boot EC
[    0.052111] ACPI: BIOS _OSI(Linux) query honored via DMI
[    0.052833] random 0000 0000 0000 00000000 00000000: rand_read_num 2 get_random_bytes(8): sig fffffe1a 00000000 00000000
[    0.052835] random 0000 0000 0000 00000000 00000000: extract_entropy(.. 8 ..)
[    0.052838] random 0000 0000 0000 00000000 00000000: going to reseed nonblocking with 64 bits (64 of 0 requested)
[    0.052840] random 0000 0000 0000 00000000 00000000: extract_entropy(.. 8 ..)
[    0.052843] random 0000 0000 0000 00000000 00000000: trying to extract 64 bits from input
[    0.052845] random 0000 0000 0000 00000000 00000000: debiting 0 entropy credits from input
[    0.052846] random 0000 0000 0000 00000000 00000000: extract_entropy account returned: 0 
[    0.052849] random 0000 0000 0000 00000000 00000000: urand_change_num 3 xfer_secondary_pool(8): pool_sig fffffe1a, data_sig 00000000, bytes_mixed 0 00000000 00000000
[    0.052880] random 0000 0000 0000 00000000 00000000: trying to extract 64 bits from nonblocking
[    0.052883] random 0000 0000 0000 00000000 00000000: debiting 64 entropy credits from nonblocking (unlimited)
[    0.052885] random 0000 0000 0000 00000000 00000000: extract_entropy account returned: 8 
[    0.052889] random 0000 0000 0000 00000000 00000000: urand_change_num 4 extract_buf: pool_sig fffffe1a, data_sig fffffed7, bytes_mixed 20 00000000 00000000
[    0.057513] ACPI: Interpreter enabled
[    0.057603] ACPI: (supports S0 S3 S4 S5)
[    0.057917] ACPI: Using IOAPIC for interrupt routing
[    0.067663] ACPI: EC: GPE = 0x12, I/O: command/status = 0x66, data = 0x62
[    0.067935] ACPI: Power Resource [PUBS] (on)
[    0.070044] ACPI: ACPI Dock Station Driver: 3 docks/bays found
[    0.070452] ACPI: PCI Root Bridge [PCI0] (0000:00)
[    0.070628] pci 0000:00:02.0: reg 10 64bit mmio: [0xf8100000-0xf81fffff]
[    0.070633] pci 0000:00:02.0: reg 18 64bit mmio pref: [0xe0000000-0xefffffff]
[    0.070637] pci 0000:00:02.0: reg 20 io port: [0x1800-0x1807]
[    0.070672] pci 0000:00:02.1: reg 10 64bit mmio: [0xf8200000-0xf82fffff]
[    0.070784] pci 0000:00:19.0: reg 10 32bit mmio: [0xfe000000-0xfe01ffff]
[    0.070794] pci 0000:00:19.0: reg 14 32bit mmio: [0xfe025000-0xfe025fff]
[    0.070802] pci 0000:00:19.0: reg 18 io port: [0x1840-0x185f]
[    0.070877] pci 0000:00:19.0: PME# supported from D0 D3hot D3cold
[    0.070974] pci 0000:00:19.0: PME# disabled
[    0.071051] pci 0000:00:1a.0: reg 20 io port: [0x1860-0x187f]
[    0.071127] pci 0000:00:1a.1: reg 20 io port: [0x1880-0x189f]
[    0.071197] pci 0000:00:1a.7: reg 10 32bit mmio: [0xfe226c00-0xfe226fff]
[    0.071277] pci 0000:00:1a.7: PME# supported from D0 D3hot D3cold
[    0.071372] pci 0000:00:1a.7: PME# disabled
[    0.071513] pci 0000:00:1b.0: reg 10 64bit mmio: [0xfe020000-0xfe023fff]
[    0.071597] pci 0000:00:1b.0: PME# supported from D0 D3hot D3cold
[    0.071689] pci 0000:00:1b.0: PME# disabled
[    0.071892] pci 0000:00:1c.0: PME# supported from D0 D3hot D3cold
[    0.071999] pci 0000:00:1c.0: PME# disabled
[    0.072203] pci 0000:00:1c.1: PME# supported from D0 D3hot D3cold
[    0.072296] pci 0000:00:1c.1: PME# disabled
[    0.072505] pci 0000:00:1c.2: PME# supported from D0 D3hot D3cold
[    0.072600] pci 0000:00:1c.2: PME# disabled
[    0.072804] pci 0000:00:1c.3: PME# supported from D0 D3hot D3cold
[    0.072896] pci 0000:00:1c.3: PME# disabled
[    0.073111] pci 0000:00:1c.4: PME# supported from D0 D3hot D3cold
[    0.073204] pci 0000:00:1c.4: PME# disabled
[    0.074064] pci 0000:00:1d.0: reg 20 io port: [0x18a0-0x18bf]
[    0.074141] pci 0000:00:1d.1: reg 20 io port: [0x18c0-0x18df]
[    0.074224] pci 0000:00:1d.2: reg 20 io port: [0x18e0-0x18ff]
[    0.074313] pci 0000:00:1d.7: reg 10 32bit mmio: [0xfe227000-0xfe2273ff]
[    0.074416] pci 0000:00:1d.7: PME# supported from D0 D3hot D3cold
[    0.074508] pci 0000:00:1d.7: PME# disabled
[    0.074808] pci 0000:00:1f.0: quirk: region 1000-107f claimed by ICH6 ACPI/GPIO/TCO
[    0.074935] pci 0000:00:1f.0: quirk: region 1180-11bf claimed by ICH6 GPIO
[    0.074998] pci 0000:00:1f.0: ICH7 LPC Generic IO decode 1 PIO at 1600 (mask 007f)
[    0.075123] pci 0000:00:1f.0: ICH7 LPC Generic IO decode 2 PIO at 15e0 (mask 000f)
[    0.075249] pci 0000:00:1f.0: ICH7 LPC Generic IO decode 3 PIO at 1680 (mask 001f)
[    0.075457] pci 0000:00:1f.1: reg 10 io port: [0x00-0x07]
[    0.075469] pci 0000:00:1f.1: reg 14 io port: [0x00-0x03]
[    0.075476] pci 0000:00:1f.1: reg 18 io port: [0x00-0x07]
[    0.075485] pci 0000:00:1f.1: reg 1c io port: [0x00-0x03]
[    0.075495] pci 0000:00:1f.1: reg 20 io port: [0x1c00-0x1c0f]
[    0.075578] pci 0000:00:1f.2: reg 10 io port: [0x1c50-0x1c57]
[    0.075587] pci 0000:00:1f.2: reg 14 io port: [0x1c44-0x1c47]
[    0.075595] pci 0000:00:1f.2: reg 18 io port: [0x1c48-0x1c4f]
[    0.075604] pci 0000:00:1f.2: reg 1c io port: [0x1c40-0x1c43]
[    0.075613] pci 0000:00:1f.2: reg 20 io port: [0x1c20-0x1c3f]
[    0.075622] pci 0000:00:1f.2: reg 24 32bit mmio: [0xfe226000-0xfe2267ff]
[    0.075682] pci 0000:00:1f.2: PME# supported from D3hot
[    0.075778] pci 0000:00:1f.2: PME# disabled
[    0.075901] pci 0000:00:1f.3: reg 10 32bit mmio: [0xfe227400-0xfe2274ff]
[    0.075925] pci 0000:00:1f.3: reg 20 io port: [0x1c60-0x1c7f]
[    0.076076] pci 0000:00:1c.0: bridge io port: [0x2000-0x2fff]
[    0.076082] pci 0000:00:1c.0: bridge 32bit mmio: [0xfc000000-0xfdffffff]
[    0.076089] pci 0000:00:1c.0: bridge 64bit mmio pref: [0xf8000000-0xf80fffff]
[    0.076163] pci 0000:03:00.0: reg 10 64bit mmio: [0xdf3f0000-0xdf3fffff]
[    0.076360] pci 0000:00:1c.1: bridge io port: [0x3000-0x3fff]
[    0.076366] pci 0000:00:1c.1: bridge 32bit mmio: [0xdc000000-0xdf3fffff]
[    0.076375] pci 0000:00:1c.1: bridge 64bit mmio pref: [0xdfe00000-0xdfefffff]
[    0.076436] pci 0000:00:1c.2: bridge io port: [0x4000-0x4fff]
[    0.076442] pci 0000:00:1c.2: bridge 32bit mmio: [0xd8000000-0xd9ffffff]
[    0.076451] pci 0000:00:1c.2: bridge 64bit mmio pref: [0xdfb00000-0xdfbfffff]
[    0.076507] pci 0000:00:1c.3: bridge io port: [0x5000-0x5fff]
[    0.076513] pci 0000:00:1c.3: bridge 32bit mmio: [0xd4000000-0xd5ffffff]
[    0.076520] pci 0000:00:1c.3: bridge 64bit mmio pref: [0xdf800000-0xdf8fffff]
[    0.076576] pci 0000:00:1c.4: bridge io port: [0x6000-0x6fff]
[    0.076581] pci 0000:00:1c.4: bridge 32bit mmio: [0xd0000000-0xd1ffffff]
[    0.076594] pci 0000:00:1c.4: bridge 64bit mmio pref: [0xdf500000-0xdf5fffff]
[    0.076653] pci 0000:15:00.0: reg 10 32bit mmio: [0xf8300000-0xf8300fff]
[    0.076706] pci 0000:15:00.0: supports D1 D2
[    0.076707] pci 0000:15:00.0: PME# supported from D0 D1 D2 D3hot D3cold
[    0.076802] pci 0000:15:00.0: PME# disabled
[    0.076945] pci 0000:15:00.1: reg 10 32bit mmio: [0xf8301000-0xf83017ff]
[    0.077044] pci 0000:15:00.1: supports D1 D2
[    0.077046] pci 0000:15:00.1: PME# supported from D0 D1 D2 D3hot D3cold
[    0.077141] pci 0000:15:00.1: PME# disabled
[    0.077328] pci 0000:00:1e.0: transparent bridge
[    0.077420] pci 0000:00:1e.0: bridge io port: [0x7000-0xafff]
[    0.077426] pci 0000:00:1e.0: bridge 32bit mmio: [0xf8300000-0xfbffffff]
[    0.077435] pci 0000:00:1e.0: bridge 64bit mmio pref: [0xf4000000-0xf7ffffff]
[    0.077499] pci_bus 0000:00: on NUMA node 0
[    0.077503] ACPI: PCI Interrupt Routing Table [\_SB_.PCI0._PRT]
[    0.077637] ACPI: PCI Interrupt Routing Table [\_SB_.PCI0.EXP0._PRT]
[    0.077695] ACPI: PCI Interrupt Routing Table [\_SB_.PCI0.EXP1._PRT]
[    0.077753] ACPI: PCI Interrupt Routing Table [\_SB_.PCI0.EXP2._PRT]
[    0.077811] ACPI: PCI Interrupt Routing Table [\_SB_.PCI0.EXP3._PRT]
[    0.077873] ACPI: PCI Interrupt Routing Table [\_SB_.PCI0.EXP4._PRT]
[    0.077935] ACPI: PCI Interrupt Routing Table [\_SB_.PCI0.PCI1._PRT]
[    0.083391] ACPI: PCI Interrupt Link [LNKA] (IRQs 3 4 5 6 7 9 *10 11)
[    0.084169] ACPI: PCI Interrupt Link [LNKB] (IRQs 3 4 5 6 7 9 10 *11)
[    0.084997] ACPI: PCI Interrupt Link [LNKC] (IRQs 3 4 5 6 7 9 10 *11)
[    0.085785] ACPI: PCI Interrupt Link [LNKD] (IRQs 3 4 5 6 7 9 10 *11)
[    0.086577] ACPI: PCI Interrupt Link [LNKE] (IRQs 3 4 5 6 7 9 10 *11)
[    0.087349] ACPI: PCI Interrupt Link [LNKF] (IRQs 3 4 5 6 7 9 10 *11)
[    0.088158] ACPI: PCI Interrupt Link [LNKG] (IRQs 3 4 5 6 7 9 10 *11)
[    0.088943] ACPI: PCI Interrupt Link [LNKH] (IRQs 3 4 5 6 7 9 10 *11)
[    0.089692] vgaarb: device added: PCI:0000:00:02.0,decodes=io+mem,owns=io+mem,locks=none
[    0.089826] vgaarb: loaded
[    0.090066] SCSI subsystem initialized
[    0.090164] libata version 3.00 loaded.
[    0.090210] usbcore: registered new interface driver usbfs
[    0.090337] usbcore: registered new interface driver hub
[    0.090450] usbcore: registered new device driver usb
[    0.107044] raid6: int32x1    941 MB/s
[    0.124058] raid6: int32x2    890 MB/s
[    0.141062] raid6: int32x4    750 MB/s
[    0.158059] raid6: int32x8    660 MB/s
[    0.174984] raid6: mmxx1     2878 MB/s
[    0.191982] raid6: mmxx2     3269 MB/s
[    0.209006] raid6: sse1x1    1937 MB/s
[    0.225998] raid6: sse1x2    2535 MB/s
[    0.242983] raid6: sse2x1    3511 MB/s
[    0.259985] raid6: sse2x2    3832 MB/s
[    0.260071] raid6: using algorithm sse2x2 (3832 MB/s)
[    0.260163] PCI: Using ACPI for IRQ routing
[    0.260476] HPET: 3 timers in total, 0 timers will be used for per-cpu timer
[    0.260989] Switching to clocksource tsc
[    0.261098] pnp: PnP ACPI init
[    0.261190] ACPI: bus type pnp registered
[    0.264820] pnp: PnP ACPI: found 11 devices
[    0.264923] ACPI: ACPI bus type pnp unregistered
[    0.265024] system 00:00: iomem range 0x0-0x9ffff could not be reserved
[    0.265116] system 00:00: iomem range 0xc0000-0xc3fff could not be reserved
[    0.265210] system 00:00: iomem range 0xc4000-0xc7fff could not be reserved
[    0.265301] system 00:00: iomem range 0xc8000-0xcbfff has been reserved
[    0.265392] system 00:00: iomem range 0xcc000-0xcffff has been reserved
[    0.265488] system 00:00: iomem range 0xd0000-0xd3fff could not be reserved
[    0.265577] system 00:00: iomem range 0xe0000-0xe3fff could not be reserved
[    0.265669] system 00:00: iomem range 0xe4000-0xe7fff could not be reserved
[    0.265764] system 00:00: iomem range 0xe8000-0xebfff could not be reserved
[    0.265858] system 00:00: iomem range 0xec000-0xeffff could not be reserved
[    0.265948] system 00:00: iomem range 0xf0000-0xfffff could not be reserved
[    0.266039] system 00:00: iomem range 0x100000-0x3dffffff could not be reserved
[    0.266163] system 00:00: iomem range 0xfec00000-0xfed3ffff could not be reserved
[    0.266290] system 00:00: iomem range 0xfed4c000-0xffffffff could not be reserved
[    0.266413] system 00:02: ioport range 0x164e-0x164f has been reserved
[    0.266504] system 00:02: ioport range 0x1000-0x107f has been reserved
[    0.266595] system 00:02: ioport range 0x1180-0x11bf has been reserved
[    0.266689] system 00:02: ioport range 0x800-0x80f has been reserved
[    0.266780] system 00:02: ioport range 0x15e0-0x15ef has been reserved
[    0.266872] system 00:02: ioport range 0x1600-0x165f could not be reserved
[    0.266966] system 00:02: iomem range 0xf0000000-0xf3ffffff has been reserved
[    0.267061] system 00:02: iomem range 0xfed1c000-0xfed1ffff has been reserved
[    0.267154] system 00:02: iomem range 0xfed14000-0xfed17fff has been reserved
[    0.267247] system 00:02: iomem range 0xfed18000-0xfed18fff has been reserved
[    0.267340] system 00:02: iomem range 0xfed19000-0xfed19fff has been reserved
[    0.267431] system 00:02: iomem range 0xfed45000-0xfed4bfff has been reserved
[    0.302469] pci 0000:00:1c.0: PCI bridge, secondary bus 0000:02
[    0.302564] pci 0000:00:1c.0:   IO window: 0x2000-0x2fff
[    0.302655] pci 0000:00:1c.0:   MEM window: 0xfc000000-0xfdffffff
[    0.302755] pci 0000:00:1c.0:   PREFETCH window: 0x000000f8000000-0x000000f80fffff
[    0.302888] pci 0000:00:1c.1: PCI bridge, secondary bus 0000:03
[    0.302980] pci 0000:00:1c.1:   IO window: 0x3000-0x3fff
[    0.303074] pci 0000:00:1c.1:   MEM window: 0xdc000000-0xdf3fffff
[    0.303168] pci 0000:00:1c.1:   PREFETCH window: 0x000000dfe00000-0x000000dfefffff
[    0.303295] pci 0000:00:1c.2: PCI bridge, secondary bus 0000:04
[    0.303387] pci 0000:00:1c.2:   IO window: 0x4000-0x4fff
[    0.303478] pci 0000:00:1c.2:   MEM window: 0xd8000000-0xd9ffffff
[    0.303573] pci 0000:00:1c.2:   PREFETCH window: 0x000000dfb00000-0x000000dfbfffff
[    0.303698] pci 0000:00:1c.3: PCI bridge, secondary bus 0000:05
[    0.303791] pci 0000:00:1c.3:   IO window: 0x5000-0x5fff
[    0.303888] pci 0000:00:1c.3:   MEM window: 0xd4000000-0xd5ffffff
[    0.303987] pci 0000:00:1c.3:   PREFETCH window: 0x000000df800000-0x000000df8fffff
[    0.304116] pci 0000:00:1c.4: PCI bridge, secondary bus 0000:0d
[    0.304212] pci 0000:00:1c.4:   IO window: 0x6000-0x6fff
[    0.304312] pci 0000:00:1c.4:   MEM window: 0xd0000000-0xd1ffffff
[    0.304407] pci 0000:00:1c.4:   PREFETCH window: 0x000000df500000-0x000000df5fffff
[    0.304537] pci 0000:15:00.0: CardBus bridge, secondary bus 0000:16
[    0.304627] pci 0000:15:00.0:   IO window: 0x007000-0x0070ff
[    0.304728] pci 0000:15:00.0:   IO window: 0x007400-0x0074ff
[    0.304826] pci 0000:15:00.0:   PREFETCH window: 0xf4000000-0xf7ffffff
[    0.304928] pci 0000:15:00.0:   MEM window: 0x40000000-0x43ffffff
[    0.305023] pci 0000:00:1e.0: PCI bridge, secondary bus 0000:15
[    0.305115] pci 0000:00:1e.0:   IO window: 0x7000-0xafff
[    0.305210] pci 0000:00:1e.0:   MEM window: 0xf8300000-0xfbffffff
[    0.305304] pci 0000:00:1e.0:   PREFETCH window: 0x000000f4000000-0x000000f7ffffff
[    0.305441] pci 0000:00:1c.0: PCI INT A -> GSI 20 (level, low) -> IRQ 20
[    0.305533] pci 0000:00:1c.0: setting latency timer to 64
[    0.305546] pci 0000:00:1c.1: PCI INT B -> GSI 21 (level, low) -> IRQ 21
[    0.305646] pci 0000:00:1c.1: setting latency timer to 64
[    0.305658] pci 0000:00:1c.2: PCI INT C -> GSI 22 (level, low) -> IRQ 22
[    0.305752] pci 0000:00:1c.2: setting latency timer to 64
[    0.305765] pci 0000:00:1c.3: PCI INT D -> GSI 23 (level, low) -> IRQ 23
[    0.305862] pci 0000:00:1c.3: setting latency timer to 64
[    0.305875] pci 0000:00:1c.4: PCI INT A -> GSI 20 (level, low) -> IRQ 20
[    0.305971] pci 0000:00:1c.4: setting latency timer to 64
[    0.305980] pci 0000:00:1e.0: enabling device (0005 -> 0007)
[    0.306071] pci 0000:00:1e.0: setting latency timer to 64
[    0.306087] pci 0000:15:00.0: PCI INT A -> GSI 16 (level, low) -> IRQ 16
[    0.306181] pci 0000:15:00.0: setting latency timer to 64
[    0.306185] pci_bus 0000:00: resource 0 io:  [0x00-0xffff]
[    0.306187] pci_bus 0000:00: resource 1 mem: [0x000000-0xffffffff]
[    0.306189] pci_bus 0000:02: resource 0 io:  [0x2000-0x2fff]
[    0.306191] pci_bus 0000:02: resource 1 mem: [0xfc000000-0xfdffffff]
[    0.306192] pci_bus 0000:02: resource 2 pref mem [0xf8000000-0xf80fffff]
[    0.306194] pci_bus 0000:03: resource 0 io:  [0x3000-0x3fff]
[    0.306196] pci_bus 0000:03: resource 1 mem: [0xdc000000-0xdf3fffff]
[    0.306198] pci_bus 0000:03: resource 2 pref mem [0xdfe00000-0xdfefffff]
[    0.306199] pci_bus 0000:04: resource 0 io:  [0x4000-0x4fff]
[    0.306201] pci_bus 0000:04: resource 1 mem: [0xd8000000-0xd9ffffff]
[    0.306203] pci_bus 0000:04: resource 2 pref mem [0xdfb00000-0xdfbfffff]
[    0.306205] pci_bus 0000:05: resource 0 io:  [0x5000-0x5fff]
[    0.306207] pci_bus 0000:05: resource 1 mem: [0xd4000000-0xd5ffffff]
[    0.306208] pci_bus 0000:05: resource 2 pref mem [0xdf800000-0xdf8fffff]
[    0.306210] pci_bus 0000:0d: resource 0 io:  [0x6000-0x6fff]
[    0.306212] pci_bus 0000:0d: resource 1 mem: [0xd0000000-0xd1ffffff]
[    0.306214] pci_bus 0000:0d: resource 2 pref mem [0xdf500000-0xdf5fffff]
[    0.306215] pci_bus 0000:15: resource 0 io:  [0x7000-0xafff]
[    0.306217] pci_bus 0000:15: resource 1 mem: [0xf8300000-0xfbffffff]
[    0.306219] pci_bus 0000:15: resource 2 pref mem [0xf4000000-0xf7ffffff]
[    0.306221] pci_bus 0000:15: resource 3 io:  [0x00-0xffff]
[    0.306222] pci_bus 0000:15: resource 4 mem: [0x000000-0xffffffff]
[    0.306224] pci_bus 0000:16: resource 0 io:  [0x7000-0x70ff]
[    0.306226] pci_bus 0000:16: resource 1 io:  [0x7400-0x74ff]
[    0.306228] pci_bus 0000:16: resource 2 pref mem [0xf4000000-0xf7ffffff]
[    0.306229] pci_bus 0000:16: resource 3 mem: [0x40000000-0x43ffffff]
[    0.306237] NET: Registered protocol family 2
[    0.306328] RANDOM - __random32 called. Change num 7.  Value: 437d97bf	f373de51	f3b0f986
[    0.306330] RANDOM - random32 called.  Value: 437d97bf	f373de51	f3b0f986
[    0.306334] random 0000 0000 0000 5f8db4e5 4cfdf2a8: rand_read_num 3 get_random_bytes(4): sig fffffb64 5f8db4e5 4cfdf2a8
[    0.306337] random 0000 0000 0000 5f8db4e5 4cfdf2a8: extract_entropy(.. 4 ..)
[    0.306339] random 0000 0000 0000 5f8db4e5 4cfdf2a8: going to reseed nonblocking with 64 bits (32 of 0 requested)
[    0.306341] random 0000 0000 0000 5f8db4e5 4cfdf2a8: extract_entropy(.. 8 ..)
[    0.306343] random 0000 0000 0000 5f8db4e5 4cfdf2a8: trying to extract 64 bits from input
[    0.306345] random 0000 0000 0000 5f8db4e5 4cfdf2a8: debiting 0 entropy credits from input
[    0.306347] random 0000 0000 0000 5f8db4e5 4cfdf2a8: extract_entropy account returned: 0 
[    0.306350] random 0000 0000 0000 5f8db4e5 4cfdf2a8: urand_change_num 5 xfer_secondary_pool(4): pool_sig fffffb64, data_sig 00000000, bytes_mixed 0 5f8db4e5 4cfdf2a8
[    0.306353] random 0000 0000 0000 5f8db4e5 4cfdf2a8: trying to extract 32 bits from nonblocking
[    0.306355] random 0000 0000 0000 5f8db4e5 4cfdf2a8: debiting 32 entropy credits from nonblocking (unlimited)
[    0.306357] random 0000 0000 0000 5f8db4e5 4cfdf2a8: extract_entropy account returned: 4 
[    0.306362] random 0000 0000 0000 5f8db4e5 4cfdf2a8: urand_change_num 6 extract_buf: pool_sig fffffb64, data_sig 00000241, bytes_mixed 20 5f8db4e5 4cfdf2a8
[    0.306371] IP route cache hash table entries: 32768 (order: 5, 131072 bytes)
[    0.306501] RANDOM - __random32 called. Change num 8.  Value: d97bfe31	373de51f	f30dc6e6
[    0.306503] RANDOM - random32 called.  Value: d97bfe31	373de51f	f30dc6e6
[    0.306513] RANDOM - __random32 called. Change num 9.  Value: bfe314d7	73de51f5	8dcd6c7e
[    0.306515] RANDOM - random32 called.  Value: bfe314d7	73de51f5	8dcd6c7e
[    0.306517] RANDOM - __random32 called. Change num 10.  Value: 314d7baf	3de51f5e	d8fc74c1
[    0.306518] RANDOM - random32 called.  Value: 314d7baf	3de51f5e	d8fc74c1
[    0.306529] RANDOM - __random32 called. Change num 11.  Value: d7baf3c7	de51f5e5	e983e3fa
[    0.306531] RANDOM - random32 called.  Value: d7baf3c7	de51f5e5	e983e3fa
[    0.306540] TCP established hash table entries: 131072 (order: 8, 1048576 bytes)
[    0.307035] TCP bind hash table entries: 65536 (order: 6, 262144 bytes)
[    0.307221] TCP: Hash tables configured (established 131072 bind 65536)
[    0.307311] TCP reno registered
[    0.307415] NET: Registered protocol family 1
[    0.307528] RPC: Registered udp transport module.
[    0.307620] RPC: Registered tcp transport module.
[    0.307711] RPC: Registered tcp NFSv4.1 backchannel transport module.
[    0.307809] pci 0000:00:02.0: Boot video device
[    0.308048] Simple Boot Flag at 0x35 set to 0x1
[    0.308561] highmem bounce pool size: 64 pages
[    0.310149] VFS: Disk quotas dquot_6.5.2
[    0.310274] Dquot-cache hash table entries: 1024 (order 0, 4096 bytes)
[    0.310950] NTFS driver 2.1.29 [Flags: R/W].
[    0.311112] ROMFS MTD (C) 2007 Red Hat, Inc.
[    0.311321] JFS: nTxBlock = 7695, nTxLock = 61562
[    0.313782] SGI XFS with ACLs, security attributes, large block/inode numbers, no debug enabled
[    0.314292] SGI XFS Quota Management subsystem
[    0.314577] Slow work thread pool: Starting up
[    0.314681] Slow work thread pool: Ready
[    0.314776] GFS2 (built May 24 2013 02:47:17) installed
[    0.314880] msgmni has been set to 1734
[    0.315046] alg: No test for cipher_null (cipher_null-generic)
[    0.315146] alg: No test for ecb(cipher_null) (ecb-cipher_null)
[    0.315251] alg: No test for digest_null (digest_null-generic)
[    0.315355] alg: No test for compress_null (compress_null-generic)
[    0.315918] alg: No test for fcrypt (fcrypt-generic)
[    0.317343] alg: No test for stdrng (krng)
[    0.317438] async_tx: api initialized (async)
[    0.317596] Block layer SCSI generic (bsg) driver version 0.4 loaded (major 254)
[    0.317717] io scheduler noop registered
[    0.317811] io scheduler anticipatory registered
[    0.317915] io scheduler deadline registered
[    0.318055] io scheduler cfq registered (default)
[    0.318301] pcieport 0000:00:1c.0: irq 24 for MSI/MSI-X
[    0.318318] pcieport 0000:00:1c.0: setting latency timer to 64
[    0.318499] pcieport 0000:00:1c.1: irq 25 for MSI/MSI-X
[    0.318510] pcieport 0000:00:1c.1: setting latency timer to 64
[    0.318687] pcieport 0000:00:1c.2: irq 26 for MSI/MSI-X
[    0.318698] pcieport 0000:00:1c.2: setting latency timer to 64
[    0.318896] pcieport 0000:00:1c.3: irq 27 for MSI/MSI-X
[    0.318908] pcieport 0000:00:1c.3: setting latency timer to 64
[    0.319084] pcieport 0000:00:1c.4: irq 28 for MSI/MSI-X
[    0.319095] pcieport 0000:00:1c.4: setting latency timer to 64
[    0.319244] pci_hotplug: PCI Hot Plug PCI Core version: 0.5
[    0.319439] isapnp: Scanning for PnP cards...
[    0.679974] isapnp: No Plug & Play device found
[    0.680065] random 0000 0000 0000 5f8db4e5 4cfdf2a8: initializing
[    0.699585] Serial: 8250/16550 driver, 4 ports, IRQ sharing enabled
[    3.710362] floppy0: no floppy controllers found
[    3.711308] brd: module loaded
[    3.711810] loop: module loaded
[    3.711901] Compaq SMART2 Driver (v 2.6.0)
[    3.712027] HP CISS Driver (v 3.6.20)
[    3.712269] input: Macintosh mouse button emulation as /devices/virtual/input/input0
[    3.712409] Uniform Multi-Platform E-IDE driver
[    3.712634] piix 0000:00:1f.1: IDE controller (0x8086:0x2850 rev 0x03)
[    3.712739] pci 0000:00:1f.1: PCI INT C -> GSI 16 (level, low) -> IRQ 16
[    3.712844] piix 0000:00:1f.1: IDE port disabled
[    3.712941] piix 0000:00:1f.1: not 100% native mode: will probe irqs later
[    3.713043]     ide0: BM-DMA at 0x1c00-0x1c07
[    3.713138] Probing IDE interface ide0...
[    4.384483] hda: HL-DT-ST DVDRAM GSA-U10N, ATAPI CD/DVD-ROM drive
[    4.691249] hda: host max PIO4 wanted PIO255(auto-tune) selected PIO4
[    4.692023] hda: UDMA/33 mode selected
[    4.692489] ide0 at 0x1f0-0x1f7,0x3f6 on irq 14
[    4.696398] ide-gd driver 1.18
[    4.696509] ide-cd driver 5.00
[    4.697903] ide-cd: hda: ATAPI 24X DVD-ROM DVD-R/RAM CD-R/RW drive, 2048kB Cache
[    4.698353] Uniform CD-ROM driver Revision: 3.20
[    4.705399] Loading iSCSI transport class v2.0-870.
[    4.705686] rdac: device handler registered
[    4.705775] hp_sw: device handler registered
[    4.705863] emc: device handler registered
[    4.705953] alua: device handler registered
[    4.706944] Adaptec aacraid driver 1.1-5[2461]-ms
[    4.707371] scsi: <fdomain> Detection failed (no card)
[    4.707470] sym53c416.c: Version 1.0.0-ac
[    4.707578] qlogicfas: no cards were found, please specify I/O address and IRQ using iobase= and irq= options
[    4.707702] QLogic Fibre Channel HBA Driver: 8.03.01-k6
[    4.707926] iscsi: registered transport (qla4xxx)
[    4.708036] QLogic iSCSI HBA Driver
[    4.708122] Emulex LightPulse Fibre Channel SCSI driver 8.3.4
[    4.708222] Copyright(c) 2004-2009 Emulex.  All rights reserved.
[    4.730230] Failed initialization of WD-7000 SCSI card!
[    4.819815] DC390: clustering now enabled by default. If you get problems load
[    4.819941]        with "disable_clustering=1" and report to maintainers
[    4.820076] megaraid cmm: 2.20.2.7 (Release Date: Sun Jul 16 00:01:03 EST 2006)
[    4.820233] megaraid: 2.20.5.1 (Release Date: Thu Nov 16 15:32:35 EST 2006)
[    4.820344] megasas: 00.00.04.01 Thu July 24 11:41:51 PST 2008
[    4.820473] GDT-HA: Storage RAID Controller Driver. Version: 3.05
[    4.820623] 3ware Storage Controller device driver for Linux v1.26.02.002.
[    4.820736] 3ware 9000 Storage Controller device driver for Linux v2.26.02.012.
[    4.820875] nsp32: loading...
[    4.820979] ipr: IBM Power RAID SCSI Device Driver version: 2.4.3 (June 10, 2009)
[    4.821124] RocketRAID 3xxx/4xxx Controller driver v1.6 (090910)
[    4.821242] stex: Promise SuperTrak EX Driver version: 4.6.0000.3
[    4.821378] st: Version 20081215, fixed bufsize 32768, s/g segs 256
[    4.821568] ahci 0000:00:1f.2: version 3.0
[    4.821580] ahci 0000:00:1f.2: PCI INT B -> GSI 16 (level, low) -> IRQ 16
[    4.821719] ahci 0000:00:1f.2: irq 29 for MSI/MSI-X
[    4.821777] ahci 0000:00:1f.2: AHCI 0001.0100 32 slots 3 ports 1.5 Gbps 0x5 impl SATA mode
[    4.821901] ahci 0000:00:1f.2: flags: 64bit ncq sntf pm led clo pio slum part ccc 
[    4.822028] ahci 0000:00:1f.2: setting latency timer to 64
[    4.822165] scsi2 : ahci
[    4.822337] scsi3 : ahci
[    4.822477] scsi4 : ahci
[    4.822642] ata1: SATA max UDMA/133 abar m2048@0xfe226000 port 0xfe226100 irq 29
[    4.822765] ata2: DUMMY
[    4.822851] ata3: SATA max UDMA/133 abar m2048@0xfe226000 port 0xfe226200 irq 29
[    4.823470] I2O subsystem v1.325
[    4.823561] i2o: max drivers = 8
[    4.823708] I2O Configuration OSM v1.323
[    4.823812] I2O Bus Adapter OSM v1.317
[    4.823917] I2O Block Device OSM v1.325
[    4.824067] I2O SCSI Peripheral OSM v1.316
[    4.824177] I2O ProcFS OSM v1.316
[    4.824336] Fusion MPT base driver 3.04.12
[    4.824424] Copyright (c) 1999-2008 LSI Corporation
[    4.824515] Fusion MPT SPI Host driver 3.04.12
[    4.824623] Fusion MPT FC Host driver 3.04.12
[    4.824732] Fusion MPT SAS Host driver 3.04.12
[    4.824884] ohci1394 0000:15:00.1: PCI INT B -> GSI 17 (level, low) -> IRQ 17
[    4.824977] ohci1394 0000:15:00.1: setting latency timer to 64
[    4.878232] ohci1394: fw-host0: OHCI-1394 1.1 (PCI): IRQ=[17]  MMIO=[f8301000-f83017ff]  Max Packet=[2048]  IR/IT contexts=[4/4]
[    4.881494] ehci_hcd: USB 2.0 'Enhanced' Host Controller (EHCI) Driver
[    4.881793] ehci_hcd 0000:00:1a.7: power state changed by ACPI to D0
[    4.882037] ehci_hcd 0000:00:1a.7: power state changed by ACPI to D0
[    4.882136] ehci_hcd 0000:00:1a.7: PCI INT C -> GSI 22 (level, low) -> IRQ 22
[    4.882242] ehci_hcd 0000:00:1a.7: setting latency timer to 64
[    4.882245] ehci_hcd 0000:00:1a.7: EHCI Host Controller
[    4.882381] ehci_hcd 0000:00:1a.7: new USB bus registered, assigned bus number 1
[    4.886415] ehci_hcd 0000:00:1a.7: cache line size of 32 is not supported
[    4.886424] ehci_hcd 0000:00:1a.7: irq 22, io mem 0xfe226c00
[    4.896190] ehci_hcd 0000:00:1a.7: USB 2.0 started, EHCI 1.00
[    4.896295] usb usb1: New USB device found, idVendor=1d6b, idProduct=0002
[    4.896391] usb usb1: New USB device strings: Mfr=3, Product=2, SerialNumber=1
[    4.896513] usb usb1: Product: EHCI Host Controller
[    4.896604] usb usb1: Manufacturer: Linux 2.6.32.57 ehci_hcd
[    4.896693] usb usb1: SerialNumber: 0000:00:1a.7
[    4.896833] usb usb1: configuration #1 chosen from 1 choice
[    4.896953] hub 1-0:1.0: USB hub found
[    4.897045] hub 1-0:1.0: 4 ports detected
[    4.897348] ehci_hcd 0000:00:1d.7: power state changed by ACPI to D0
[    4.897592] ehci_hcd 0000:00:1d.7: power state changed by ACPI to D0
[    4.897692] ehci_hcd 0000:00:1d.7: PCI INT D -> GSI 19 (level, low) -> IRQ 19
[    4.897797] ehci_hcd 0000:00:1d.7: setting latency timer to 64
[    4.897800] ehci_hcd 0000:00:1d.7: EHCI Host Controller
[    4.897926] ehci_hcd 0000:00:1d.7: new USB bus registered, assigned bus number 2
[    4.898082] ehci_hcd 0000:00:1d.7: debug port 1
[    4.902067] ehci_hcd 0000:00:1d.7: cache line size of 32 is not supported
[    4.902076] ehci_hcd 0000:00:1d.7: irq 19, io mem 0xfe227000
[    4.912188] ehci_hcd 0000:00:1d.7: USB 2.0 started, EHCI 1.00
[    4.912296] usb usb2: New USB device found, idVendor=1d6b, idProduct=0002
[    4.912385] usb usb2: New USB device strings: Mfr=3, Product=2, SerialNumber=1
[    4.912506] usb usb2: Product: EHCI Host Controller
[    4.912596] usb usb2: Manufacturer: Linux 2.6.32.57 ehci_hcd
[    4.912682] usb usb2: SerialNumber: 0000:00:1d.7
[    4.912826] usb usb2: configuration #1 chosen from 1 choice
[    4.912941] hub 2-0:1.0: USB hub found
[    4.913031] hub 2-0:1.0: 6 ports detected
[    4.913213] 116x: driver isp116x-hcd, 03 Nov 2005
[    4.913319] ohci_hcd: USB 1.1 'Open' Host Controller (OHCI) Driver
[    4.913432] uhci_hcd: USB Universal Host Controller Interface driver
[    4.913542] uhci_hcd 0000:00:1a.0: PCI INT A -> GSI 20 (level, low) -> IRQ 20
[    4.913645] uhci_hcd 0000:00:1a.0: setting latency timer to 64
[    4.913650] uhci_hcd 0000:00:1a.0: UHCI Host Controller
[    4.913774] uhci_hcd 0000:00:1a.0: new USB bus registered, assigned bus number 3
[    4.913928] uhci_hcd 0000:00:1a.0: irq 20, io base 0x00001860
[    4.914047] usb usb3: New USB device found, idVendor=1d6b, idProduct=0001
[    4.914142] usb usb3: New USB device strings: Mfr=3, Product=2, SerialNumber=1
[    4.914268] usb usb3: Product: UHCI Host Controller
[    4.914360] usb usb3: Manufacturer: Linux 2.6.32.57 uhci_hcd
[    4.914452] usb usb3: SerialNumber: 0000:00:1a.0
[    4.914588] usb usb3: configuration #1 chosen from 1 choice
[    4.914708] hub 3-0:1.0: USB hub found
[    4.914800] hub 3-0:1.0: 2 ports detected
[    4.915104] uhci_hcd 0000:00:1a.1: power state changed by ACPI to D0
[    4.915363] uhci_hcd 0000:00:1a.1: power state changed by ACPI to D0
[    4.915458] uhci_hcd 0000:00:1a.1: PCI INT B -> GSI 21 (level, low) -> IRQ 21
[    4.915558] uhci_hcd 0000:00:1a.1: setting latency timer to 64
[    4.915561] uhci_hcd 0000:00:1a.1: UHCI Host Controller
[    4.915686] uhci_hcd 0000:00:1a.1: new USB bus registered, assigned bus number 4
[    4.915844] uhci_hcd 0000:00:1a.1: irq 21, io base 0x00001880
[    4.915963] usb usb4: New USB device found, idVendor=1d6b, idProduct=0001
[    4.916053] usb usb4: New USB device strings: Mfr=3, Product=2, SerialNumber=1
[    4.916174] usb usb4: Product: UHCI Host Controller
[    4.916271] usb usb4: Manufacturer: Linux 2.6.32.57 uhci_hcd
[    4.916362] usb usb4: SerialNumber: 0000:00:1a.1
[    4.916499] usb usb4: configuration #1 chosen from 1 choice
[    4.916622] hub 4-0:1.0: USB hub found
[    4.916716] hub 4-0:1.0: 2 ports detected
[    4.917004] uhci_hcd 0000:00:1d.0: power state changed by ACPI to D0
[    4.917260] uhci_hcd 0000:00:1d.0: power state changed by ACPI to D0
[    4.917360] uhci_hcd 0000:00:1d.0: PCI INT A -> GSI 16 (level, low) -> IRQ 16
[    4.917460] uhci_hcd 0000:00:1d.0: setting latency timer to 64
[    4.917465] uhci_hcd 0000:00:1d.0: UHCI Host Controller
[    4.917595] uhci_hcd 0000:00:1d.0: new USB bus registered, assigned bus number 5
[    4.917743] uhci_hcd 0000:00:1d.0: irq 16, io base 0x000018a0
[    4.917859] usb usb5: New USB device found, idVendor=1d6b, idProduct=0001
[    4.917955] usb usb5: New USB device strings: Mfr=3, Product=2, SerialNumber=1
[    4.918073] usb usb5: Product: UHCI Host Controller
[    4.918161] usb usb5: Manufacturer: Linux 2.6.32.57 uhci_hcd
[    4.918260] usb usb5: SerialNumber: 0000:00:1d.0
[    4.918396] usb usb5: configuration #1 chosen from 1 choice
[    4.918513] hub 5-0:1.0: USB hub found
[    4.918611] hub 5-0:1.0: 2 ports detected
[    4.918752] uhci_hcd 0000:00:1d.1: PCI INT B -> GSI 17 (level, low) -> IRQ 17
[    4.918852] uhci_hcd 0000:00:1d.1: setting latency timer to 64
[    4.918855] uhci_hcd 0000:00:1d.1: UHCI Host Controller
[    4.918983] uhci_hcd 0000:00:1d.1: new USB bus registered, assigned bus number 6
[    4.919131] uhci_hcd 0000:00:1d.1: irq 17, io base 0x000018c0
[    4.919251] usb usb6: New USB device found, idVendor=1d6b, idProduct=0001
[    4.919344] usb usb6: New USB device strings: Mfr=3, Product=2, SerialNumber=1
[    4.919468] usb usb6: Product: UHCI Host Controller
[    4.919556] usb usb6: Manufacturer: Linux 2.6.32.57 uhci_hcd
[    4.919649] usb usb6: SerialNumber: 0000:00:1d.1
[    4.919784] usb usb6: configuration #1 chosen from 1 choice
[    4.919898] hub 6-0:1.0: USB hub found
[    4.919992] hub 6-0:1.0: 2 ports detected
[    4.920288] uhci_hcd 0000:00:1d.2: power state changed by ACPI to D0
[    4.920526] uhci_hcd 0000:00:1d.2: power state changed by ACPI to D0
[    4.920626] uhci_hcd 0000:00:1d.2: PCI INT C -> GSI 18 (level, low) -> IRQ 18
[    4.920723] uhci_hcd 0000:00:1d.2: setting latency timer to 64
[    4.920726] uhci_hcd 0000:00:1d.2: UHCI Host Controller
[    4.920862] uhci_hcd 0000:00:1d.2: new USB bus registered, assigned bus number 7
[    4.921008] uhci_hcd 0000:00:1d.2: irq 18, io base 0x000018e0
[    4.921121] usb usb7: New USB device found, idVendor=1d6b, idProduct=0001
[    4.921221] usb usb7: New USB device strings: Mfr=3, Product=2, SerialNumber=1
[    4.921343] usb usb7: Product: UHCI Host Controller
[    4.921437] usb usb7: Manufacturer: Linux 2.6.32.57 uhci_hcd
[    4.921527] usb usb7: SerialNumber: 0000:00:1d.2
[    4.922326] usb usb7: configuration #1 chosen from 1 choice
[    4.922442] hub 7-0:1.0: USB hub found
[    4.922532] hub 7-0:1.0: 2 ports detected
[    4.922685] sl811: driver sl811-hcd, 19 May 2005
[    4.922794] r8a66597_hcd: driver r8a66597_hcd, 2009-05-26
[    4.922962] Initializing USB Mass Storage driver...
[    4.923087] usbcore: registered new interface driver usb-storage
[    4.923177] USB Mass Storage support registered.
[    4.923289] usbcore: registered new interface driver ums-alauda
[    4.923401] usbcore: registered new interface driver ums-cypress
[    4.923513] usbcore: registered new interface driver ums-datafab
[    4.923623] usbcore: registered new interface driver ums-freecom
[    4.923733] usbcore: registered new interface driver ums-isd200
[    4.923844] usbcore: registered new interface driver ums-jumpshot
[    4.923958] usbcore: registered new interface driver ums-karma
[    4.924062] usbcore: registered new interface driver ums-onetouch
[    4.924172] usbcore: registered new interface driver ums-sddr09
[    4.924300] usbcore: registered new interface driver ums-sddr55
[    4.924410] usbcore: registered new interface driver ums-usbat
[    4.924556] PNP: PS/2 Controller [PNP0303:KBD,PNP0f13:MOU] at 0x60,0x64 irq 1,12
[    4.932607] serio: i8042 KBD port at 0x60,0x64 irq 1
[    4.932698] serio: i8042 AUX port at 0x60,0x64 irq 12
[    4.932945] mice: PS/2 mouse device common for all mice
[    4.933058] i2c /dev entries driver
[    4.933205] md: linear personality registered for level -1
[    4.933292] md: raid0 personality registered for level 0
[    4.933386] md: raid1 personality registered for level 1
[    4.933479] md: raid10 personality registered for level 10
[    4.933572] md: raid6 personality registered for level 6
[    4.933666] md: raid5 personality registered for level 5
[    4.933758] md: raid4 personality registered for level 4
[    4.933846] md: multipath personality registered for level -4
[    4.934033] device-mapper: ioctl: 4.15.0-ioctl (2009-04-01) initialised: dm-devel@redhat.com
[    4.934259] cpuidle: using governor ladder
[    4.934857] usbcore: registered new interface driver usbhid
[    4.934949] usbhid: v2.6:USB HID core driver
[    4.935093] random 0000 0000 0000 00000000 00000000: rand_read_num 4 get_random_bytes(136): sig 00000000 00000000 00000000
[    4.935096] random 0000 0000 0000 00000000 00000000: extract_entropy(.. 136 ..)
[    4.935099] random 0000 0000 0000 00000000 00000000: going to reseed nonblocking with 1024 bits (1088 of 0 requested)
[    4.935101] random 0000 0000 0000 00000000 00000000: extract_entropy(.. 128 ..)
[    4.935103] random 0000 0000 0000 00000000 00000000: trying to extract 1024 bits from input
[    4.935105] random 0000 0000 0000 00000000 00000000: debiting 0 entropy credits from input
[    4.935107] random 0000 0000 0000 00000000 00000000: extract_entropy account returned: 0 
[    4.935110] random 0000 0000 0000 00000000 00000000: urand_change_num 7 xfer_secondary_pool(136): pool_sig 00000000, data_sig 00000000, bytes_mixed 0 00000000 00000000
[    4.935113] random 0000 0000 0000 00000000 00000000: trying to extract 1088 bits from nonblocking
[    4.935116] random 0000 0000 0000 00000000 00000000: debiting 1088 entropy credits from nonblocking (unlimited)
[    4.935118] random 0000 0000 0000 00000000 00000000: extract_entropy account returned: 136 
[    4.935122] random 0000 0000 0000 00000000 00000000: urand_change_num 8 extract_buf: pool_sig 00000000, data_sig fffffff9, bytes_mixed 20 00000000 00000000
[    4.935128] random 0000 0000 0000 b7c35b56 be4dc95d: urand_change_num 9 extract_buf: pool_sig fffffd1e, data_sig 000000c5, bytes_mixed 20 b7c35b56 be4dc95d
[    4.935133] random 0000 0000 0000 ed9f5c47 c48487fb: urand_change_num 10 extract_buf: pool_sig fffff8ec, data_sig ffffff68, bytes_mixed 20 ed9f5c47 c48487fb
[    4.935138] random 0000 0000 0000 ed9f5c47 c48487fb: urand_change_num 11 extract_buf: pool_sig fffffaed, data_sig 000001aa, bytes_mixed 20 ed9f5c47 c48487fb
[    4.935143] random 0000 0000 0000 1b4f7c0a 91bd6a48: urand_change_num 12 extract_buf: pool_sig fffffdd8, data_sig 00000064, bytes_mixed 20 1b4f7c0a 91bd6a48
[    4.935149] random 0000 0000 0000 a254b9bc 20e9a24f: urand_change_num 13 extract_buf: pool_sig fffffbe6, data_sig 000001dd, bytes_mixed 20 a254b9bc 20e9a24f
[    4.935154] random 0000 0000 0000 a254b9bc 20e9a24f: urand_change_num 14 extract_buf: pool_sig fffff940, data_sig fffffe20, bytes_mixed 20 a254b9bc 20e9a24f
[    4.935159] random 0000 0000 0000 2831a66b 5fa2a3ad: urand_change_num 15 extract_buf: pool_sig fffffbce, data_sig 0000007e, bytes_mixed 20 2831a66b 5fa2a3ad
[    4.935164] random 0000 0000 0000 2831a66b 5fa2a3ad: urand_change_num 16 extract_buf: pool_sig 000004df, data_sig fffffe8f, bytes_mixed 20 2831a66b 5fa2a3ad
[    4.935169] random 0000 0000 0000 d4512bfd c9a54e0b: urand_change_num 17 extract_buf: pool_sig 00000485, data_sig fffffe68, bytes_mixed 20 d4512bfd c9a54e0b
[    4.935175] random 0000 0000 0000 c7371be6 f9ffea11: urand_change_num 18 extract_buf: pool_sig 00000095, data_sig ffffffed, bytes_mixed 20 c7371be6 f9ffea11
[    4.935189] random 0000 0000 0000 c7371be6 f9ffea11: urand_change_num 19 extract_buf: pool_sig 000003a7, data_sig fffffefa, bytes_mixed 20 c7371be6 f9ffea11
[    4.935194] random 0000 0000 0000 8fb4b62c d1ddba54: urand_change_num 20 extract_buf: pool_sig 00000179, data_sig ffffff78, bytes_mixed 20 8fb4b62c d1ddba54
[    4.935204] random 0000 0000 0000 9ff19f9c c07a1d2a: urand_change_num 21 extract_buf: pool_sig fffffe88, data_sig 00000126, bytes_mixed 20 9ff19f9c c07a1d2a
[    4.935208] TCP cubic registered
[    4.935296] Initializing XFRM netlink socket
[    4.935389] NET: Registered protocol family 17
[    4.935485] Using IPI Shortcut mode
[    4.935577] random 0000 0000 0000 9ff19f9c c07a1d2a: rand_read_num 5 get_random_bytes(8): sig 0000031b 9ff19f9c c07a1d2a
[    4.935579] random 0000 0000 0000 9ff19f9c c07a1d2a: extract_entropy(.. 8 ..)
[    4.935582] random 0000 0000 0000 9ff19f9c c07a1d2a: going to reseed nonblocking with 64 bits (64 of 0 requested)
[    4.935584] random 0000 0000 0000 9ff19f9c c07a1d2a: extract_entropy(.. 8 ..)
[    4.935586] random 0000 0000 0000 9ff19f9c c07a1d2a: trying to extract 64 bits from input
[    4.935588] random 0000 0000 0000 9ff19f9c c07a1d2a: debiting 0 entropy credits from input
[    4.935590] random 0000 0000 0000 9ff19f9c c07a1d2a: extract_entropy account returned: 0 
[    4.935593] random 0000 0000 0000 9ff19f9c c07a1d2a: urand_change_num 22 xfer_secondary_pool(8): pool_sig 0000031b, data_sig 00000000, bytes_mixed 0 9ff19f9c c07a1d2a
[    4.935596] random 0000 0000 0000 9ff19f9c c07a1d2a: trying to extract 64 bits from nonblocking
[    4.935598] random 0000 0000 0000 9ff19f9c c07a1d2a: debiting 64 entropy credits from nonblocking (unlimited)
[    4.935600] random 0000 0000 0000 9ff19f9c c07a1d2a: extract_entropy account returned: 8 
[    4.935604] random 0000 0000 0000 9ff19f9c c07a1d2a: urand_change_num 23 extract_buf: pool_sig 0000031b, data_sig ffffffb3, bytes_mixed 20 9ff19f9c c07a1d2a
[    4.938715] input: AT Translated Set 2 keyboard as /devices/platform/i8042/serio0/input/input1
[    5.128172] ata1: SATA link up 1.5 Gbps (SStatus 113 SControl 300)
[    5.128290] ata3: SATA link down (SStatus 0 SControl 300)
[    5.129784] ata1.00: ACPI cmd ef/02:00:00:00:00:a0 (SET FEATURES) succeeded
[    5.129787] ata1.00: ACPI cmd f5/00:00:00:00:00:a0 (SECURITY FREEZE LOCK) filtered out
[    5.131176] ata1.00: ACPI cmd ef/5f:00:00:00:00:a0 (SET FEATURES) succeeded
[    5.131179] ata1.00: ACPI cmd ef/10:03:00:00:00:a0 (SET FEATURES) filtered out
[    5.133085] ata1.00: ATA-7: ST910021AS, 4.06, max UDMA/100
[    5.133179] ata1.00: 195371568 sectors, multi 16: LBA48 
[    5.135327] ata1.00: ACPI cmd ef/02:00:00:00:00:a0 (SET FEATURES) succeeded
[    5.135329] ata1.00: ACPI cmd f5/00:00:00:00:00:a0 (SECURITY FREEZE LOCK) filtered out
[    5.136722] ata1.00: ACPI cmd ef/5f:00:00:00:00:a0 (SET FEATURES) succeeded
[    5.136724] ata1.00: ACPI cmd ef/10:03:00:00:00:a0 (SET FEATURES) filtered out
[    5.138648] ata1.00: configured for UDMA/100
[    5.149220] scsi 2:0:0:0: Direct-Access     ATA      ST910021AS       4.06 PQ: 0 ANSI: 5
[    5.149506] sd 2:0:0:0: [sda] 195371568 512-byte logical blocks: (100 GB/93.1 GiB)
[    5.149649] sd 2:0:0:0: [sda] Write Protect is off
[    5.149739] sd 2:0:0:0: [sda] Mode Sense: 00 3a 00 00
[    5.149752] sd 2:0:0:0: [sda] Write cache: enabled, read cache: enabled, doesn't support DPO or FUA
[    5.149946]  sda:
[    5.215146] usb 2-1: new high speed USB device using ehci_hcd and address 2
[    5.364548] usb 2-1: New USB device found, idVendor=0e8d, idProduct=1806
[    5.364637] usb 2-1: New USB device strings: Mfr=1, Product=2, SerialNumber=3
[    5.364723] usb 2-1: Product: MT1806 
[    5.364809] usb 2-1: Manufacturer: MediaTek Inc
[    5.364890] usb 2-1: SerialNumber: R8KN6GAC800AEB 
[    5.365026] usb 2-1: configuration #1 chosen from 1 choice
[    5.371464] scsi5 : SCSI emulation for USB Mass Storage devices
[    5.371632] usb-storage: device found at 2
[    5.371633] usb-storage: waiting for device to settle before scanning
[    5.580389]  sda1 sda2
[    5.581116] sd 2:0:0:0: [sda] Attached SCSI disk
[    5.581210] random 0000 0000 0000 277f73c3 42024bb9: rand_read_num 6 get_random_bytes(12): sig 000007e9 277f73c3 42024bb9
[    5.581212] random 0000 0000 0000 277f73c3 42024bb9: extract_entropy(.. 12 ..)
[    5.581215] random 0000 0000 0000 277f73c3 42024bb9: going to reseed nonblocking with 96 bits (96 of 0 requested)
[    5.581217] random 0000 0000 0000 277f73c3 42024bb9: extract_entropy(.. 12 ..)
[    5.581219] random 0000 0000 0000 277f73c3 42024bb9: trying to extract 96 bits from input
[    5.581221] random 0000 0000 0000 277f73c3 42024bb9: debiting 0 entropy credits from input
[    5.581223] random 0000 0000 0000 277f73c3 42024bb9: extract_entropy account returned: 0 
[    5.581226] random 0000 0000 0000 277f73c3 42024bb9: urand_change_num 24 xfer_secondary_pool(12): pool_sig 000007e9, data_sig 00000000, bytes_mixed 0 277f73c3 42024bb9
[    5.581229] random 0000 0000 0000 277f73c3 42024bb9: trying to extract 96 bits from nonblocking
[    5.581231] random 0000 0000 0000 277f73c3 42024bb9: debiting 96 entropy credits from nonblocking (unlimited)
[    5.581233] random 0000 0000 0000 277f73c3 42024bb9: extract_entropy account returned: 12 
[    5.581238] random 0000 0000 0000 277f73c3 42024bb9: urand_change_num 25 extract_buf: pool_sig 000007e9, data_sig 00000088, bytes_mixed 20 277f73c3 42024bb9
[    5.581243] random 0000 0000 0000 277f73c3 42024bb9: urand_change_num 26 extract_buf: pool_sig 00000498, data_sig fffffefb, bytes_mixed 20 277f73c3 42024bb9
[    5.581246] RANDOM - __seed init called.
[    5.581247] RANDOM - __seed init called.
[    5.581248] RANDOM - __seed init called.
[    5.581250] RANDOM - __random32 called. Change num 12.  Value: 87f14767	f0d7351	b1e48bd3
[    5.581251] RANDOM - random32_reseed called.  Value: 87f14767	f0d7351	b1e48bd3
[    5.581254] Pid: 1, comm: swapper Not tainted 2.6.32.57 #3
[    5.581346] Call Trace:
[    5.581439]  [<c1923ca4>] ? random32_reseed+0xa0/0xb1
[    5.581532]  [<c1923c04>] ? random32_reseed+0x0/0xb1
[    5.581628]  [<c100111e>] ? do_one_initcall+0x2e/0x180
[    5.581723]  [<c1907265>] ? kernel_init+0xad/0x103
[    5.581813]  [<c19071b8>] ? kernel_init+0x0/0x103
[    5.581906]  [<c1003787>] ? kernel_thread_helper+0x7/0x10
[    5.582430] random 0000 0000 0000 386b4e60 ee4d4880: rand_read_num 7 get_random_bytes(64): sig fffffea5 386b4e60 ee4d4880
[    5.582432] random 0000 0000 0000 386b4e60 ee4d4880: extract_entropy(.. 64 ..)
[    5.582434] random 0000 0000 0000 386b4e60 ee4d4880: going to reseed nonblocking with 512 bits (512 of 0 requested)
[    5.582436] random 0000 0000 0000 386b4e60 ee4d4880: extract_entropy(.. 64 ..)
[    5.582438] random 0000 0000 0000 386b4e60 ee4d4880: trying to extract 512 bits from input
[    5.582441] random 0000 0000 0000 386b4e60 ee4d4880: debiting 0 entropy credits from input
[    5.582442] random 0000 0000 0000 386b4e60 ee4d4880: extract_entropy account returned: 0 
[    5.582446] random 0000 0000 0000 386b4e60 ee4d4880: urand_change_num 27 xfer_secondary_pool(64): pool_sig fffffea5, data_sig 00000000, bytes_mixed 0 386b4e60 ee4d4880
[    5.582449] random 0000 0000 0000 386b4e60 ee4d4880: trying to extract 512 bits from nonblocking
[    5.582451] random 0000 0000 0000 386b4e60 ee4d4880: debiting 512 entropy credits from nonblocking (unlimited)
[    5.582453] random 0000 0000 0000 386b4e60 ee4d4880: extract_entropy account returned: 64 
[    5.582457] random 0000 0000 0000 386b4e60 ee4d4880: urand_change_num 28 extract_buf: pool_sig fffffea5, data_sig 00000173, bytes_mixed 20 386b4e60 ee4d4880
[    5.582462] random 0000 0000 0000 412698f6 0cc8689a: urand_change_num 29 extract_buf: pool_sig 00000122, data_sig ffffff63, bytes_mixed 20 412698f6 0cc8689a
[    5.582468] random 0000 0000 0000 412698f6 0cc8689a: urand_change_num 30 extract_buf: pool_sig 000001f7, data_sig 00000012, bytes_mixed 20 412698f6 0cc8689a
[    5.582473] random 0000 0000 0000 9669941e 06f768b1: urand_change_num 31 extract_buf: pool_sig fffffb5b, data_sig 0000003f, bytes_mixed 20 9669941e 06f768b1
[    5.582478] random 0000 0000 0000 98486520 995551f0: urand_change_num 32 extract_buf: pool_sig fffffb39, data_sig 0000000e, bytes_mixed 20 98486520 995551f0
[    5.582483] random 0000 0000 0000 98486520 995551f0: urand_change_num 33 extract_buf: pool_sig fffffd8d, data_sig 000001a6, bytes_mixed 20 98486520 995551f0
[    5.582488] random 0000 0000 0000 61fc8914 d5882ed2: urand_change_num 34 extract_buf: pool_sig fffffa58, data_sig 0000023e, bytes_mixed 20 61fc8914 d5882ed2
[    5.582518] random 0000 0000 0000 61fc8914 d5882ed2: rand_read_num 8 get_random_bytes(64): sig fffff9ee 61fc8914 d5882ed2
[    5.582520] random 0000 0000 0000 61fc8914 d5882ed2: extract_entropy(.. 64 ..)
[    5.582522] random 0000 0000 0000 61fc8914 d5882ed2: going to reseed nonblocking with 512 bits (512 of 0 requested)
[    5.582524] random 0000 0000 0000 61fc8914 d5882ed2: extract_entropy(.. 64 ..)
[    5.582526] random 0000 0000 0000 61fc8914 d5882ed2: trying to extract 512 bits from input
[    5.582528] random 0000 0000 0000 61fc8914 d5882ed2: debiting 0 entropy credits from input
[    5.582530] random 0000 0000 0000 61fc8914 d5882ed2: extract_entropy account returned: 0 
[    5.582533] random 0000 0000 0000 61fc8914 d5882ed2: urand_change_num 35 xfer_secondary_pool(64): pool_sig fffff9ee, data_sig 00000000, bytes_mixed 0 61fc8914 d5882ed2
[    5.582536] random 0000 0000 0000 61fc8914 d5882ed2: trying to extract 512 bits from nonblocking
[    5.582538] random 0000 0000 0000 61fc8914 d5882ed2: debiting 512 entropy credits from nonblocking (unlimited)
[    5.582541] random 0000 0000 0000 61fc8914 d5882ed2: extract_entropy account returned: 64 
[    5.582545] random 0000 0000 0000 61fc8914 d5882ed2: urand_change_num 36 extract_buf: pool_sig fffff9ee, data_sig ffffff85, bytes_mixed 20 61fc8914 d5882ed2
[    5.582550] random 0000 0000 0000 70cfd302 e5edec11: urand_change_num 37 extract_buf: pool_sig fffffdc1, data_sig ffffffde, bytes_mixed 20 70cfd302 e5edec11
[    5.582555] random 0000 0000 0000 00dab838 eafd2b30: urand_change_num 38 extract_buf: pool_sig 000003da, data_sig ffffff61, bytes_mixed 20 00dab838 eafd2b30
[    5.582560] random 0000 0000 0000 00dab838 eafd2b30: urand_change_num 39 extract_buf: pool_sig 00000314, data_sig 00000121, bytes_mixed 20 00dab838 eafd2b30
[    5.582565] random 0000 0000 0000 5fcdf66a 6442b608: urand_change_num 40 extract_buf: pool_sig 0000028b, data_sig fffffefd, bytes_mixed 20 5fcdf66a 6442b608
[    5.582571] random 0000 0000 0000 61333f6b 8fae0f9b: urand_change_num 41 extract_buf: pool_sig 000000cb, data_sig 000000b3, bytes_mixed 20 61333f6b 8fae0f9b
[    5.582576] random 0000 0000 0000 61333f6b 8fae0f9b: urand_change_num 42 extract_buf: pool_sig fffffef8, data_sig 00000051, bytes_mixed 20 61333f6b 8fae0f9b
[    5.582579] BEGIN NET_SECRET:
[    5.582580] \xffffffe0
[    5.582581] \xffffffb6
[    5.582581] \x36
[    5.582582] \xffffffb5
[    5.582583] \xffffff94
[    5.582584] \xffffffb2
[    5.582585] \xffffffa8
[    5.582586] \xffffffda
[    5.582586] \x5b
[    5.582587] \x19
[    5.582588] \x18
[    5.582588] \x5c
[    5.582589] \x2b
[    5.582590] \x1
[    5.582591] \xffffff90
[    5.582592] \x19
[    5.582592] \x3c
[    5.582593] \xfffffff2
[    5.582594] \xffffff82
[    5.582595] \x2a
[    5.582596] \xffffffb3
[    5.582596] \xffffffa2
[    5.582597] \x3f
[    5.582598] \x5
[    5.582599] \x52
[    5.582599] \x77
[    5.582600] \x57
[    5.582601] \x79
[    5.582601] \x16
[    5.582602] \x43
[    5.582603] \xffffff84
[    5.582604] \xffffffc3
[    5.582604] \xffffffe9
[    5.582605] \x79
[    5.582606] \x50
[    5.582607] \xffffff8e
[    5.582607] \x3f
[    5.582608] \xfffffff3
[    5.582609] \x19
[    5.582609] \x2a
[    5.582610] \xfffffffd
[    5.582611] \xfffffffb
[    5.582612] \x62
[    5.582613] \x3c
[    5.582613] \xffffffac
[    5.582614] \x1c
[    5.582615] \x3b
[    5.582615] \x3b
[    5.582616] \x15
[    5.582617] \x27
[    5.582618] \xffffffa8
[    5.582618] \x22
[    5.582619] \xffffffc5
[    5.582620] \xffffff9a
[    5.582621] \x5
[    5.582621] \x6c
[    5.582622] \xffffffa8
[    5.582623] \x3a
[    5.582624] \x44
[    5.582624] \xffffffaf
[    5.582625] \x13
[    5.582626] \xffffffe0
[    5.582627] \xffffff9d
[    5.582627] \x22
[    5.582628] 
[    5.582628] END NET_SECRET
[    5.582631] random 0000 0000 0000 e7f555d9 e8ce5c3c: rand_read_num 9 get_random_bytes(4): sig 0000068c e7f555d9 e8ce5c3c
[    5.582634] random 0000 0000 0000 e7f555d9 e8ce5c3c: extract_entropy(.. 4 ..)
[    5.582636] random 0000 0000 0000 e7f555d9 e8ce5c3c: going to reseed nonblocking with 64 bits (32 of 0 requested)
[    5.582638] random 0000 0000 0000 e7f555d9 e8ce5c3c: extract_entropy(.. 8 ..)
[    5.582640] random 0000 0000 0000 e7f555d9 e8ce5c3c: trying to extract 64 bits from input
[    5.582642] random 0000 0000 0000 e7f555d9 e8ce5c3c: debiting 0 entropy credits from input
[    5.582644] random 0000 0000 0000 e7f555d9 e8ce5c3c: extract_entropy account returned: 0 
[    5.582647] random 0000 0000 0000 e7f555d9 e8ce5c3c: urand_change_num 43 xfer_secondary_pool(4): pool_sig 0000068c, data_sig 00000000, bytes_mixed 0 e7f555d9 e8ce5c3c
[    5.582650] random 0000 0000 0000 e7f555d9 e8ce5c3c: trying to extract 32 bits from nonblocking
[    5.582652] random 0000 0000 0000 e7f555d9 e8ce5c3c: debiting 32 entropy credits from nonblocking (unlimited)
[    5.582654] random 0000 0000 0000 e7f555d9 e8ce5c3c: extract_entropy account returned: 4 
[    5.582658] random 0000 0000 0000 e7f555d9 e8ce5c3c: urand_change_num 44 extract_buf: pool_sig 0000068c, data_sig fffffdcb, bytes_mixed 20 e7f555d9 e8ce5c3c
[    5.582669] md: Waiting for all devices to be available before autodetect
[    5.582761] md: If you don't use raid, use raid=noautodetect
[    5.582927] md: Autodetecting RAID arrays.
[    5.583018] md: Scanned 0 and added 0 devices.
[    5.583109] md: autorun ...
[    5.583194] md: ... autorun DONE.
[    5.597837] EXT3-fs: sda2: couldn't mount because of unsupported optional features (240).
[    5.598064] EXT2-fs: sda2: couldn't mount because of unsupported optional features (240).
[    5.599398] random 0000 0000 0000 e7f555d9 e8ce5c3c: rand_read_num 10 get_random_bytes(4): sig ffffff72 e7f555d9 e8ce5c3c
[    5.599401] random 0000 0000 0000 e7f555d9 e8ce5c3c: extract_entropy(.. 4 ..)
[    5.599404] random 0000 0000 0000 e7f555d9 e8ce5c3c: going to reseed nonblocking with 64 bits (32 of 0 requested)
[    5.599406] random 0000 0000 0000 e7f555d9 e8ce5c3c: extract_entropy(.. 8 ..)
[    5.599408] random 0000 0000 0000 e7f555d9 e8ce5c3c: trying to extract 64 bits from input
[    5.599410] random 0000 0000 0000 e7f555d9 e8ce5c3c: debiting 0 entropy credits from input
[    5.599412] random 0000 0000 0000 e7f555d9 e8ce5c3c: extract_entropy account returned: 0 
[    5.599415] random 0000 0000 0000 e7f555d9 e8ce5c3c: urand_change_num 45 xfer_secondary_pool(4): pool_sig ffffff72, data_sig 00000000, bytes_mixed 0 e7f555d9 e8ce5c3c
[    5.599418] random 0000 0000 0000 e7f555d9 e8ce5c3c: trying to extract 32 bits from nonblocking
[    5.599420] random 0000 0000 0000 e7f555d9 e8ce5c3c: debiting 32 entropy credits from nonblocking (unlimited)
[    5.599422] random 0000 0000 0000 e7f555d9 e8ce5c3c: extract_entropy account returned: 4 
[    5.599426] random 0000 0000 0000 e7f555d9 e8ce5c3c: urand_change_num 46 extract_buf: pool_sig ffffff72, data_sig ffffff72, bytes_mixed 20 e7f555d9 e8ce5c3c
[    5.634456] EXT4-fs (sda2): mounted filesystem with ordered data mode
[    5.634657] VFS: Mounted root (ext4 filesystem) readonly on device 8:2.
[    5.634759] Freeing unused kernel memory: 448k freed
[    5.713452] random 0000 0000 0000 91716c54 eeb6a1e7: rand_read_num 11 get_random_bytes(16): sig fffffcad 91716c54 eeb6a1e7
[    5.713455] random 0000 0000 0000 91716c54 eeb6a1e7: extract_entropy(.. 16 ..)
[    5.713457] random 0000 0000 0000 91716c54 eeb6a1e7: going to reseed nonblocking with 128 bits (128 of 0 requested)
[    5.713459] random 0000 0000 0000 91716c54 eeb6a1e7: extract_entropy(.. 16 ..)
[    5.713461] random 0000 0000 0000 91716c54 eeb6a1e7: trying to extract 128 bits from input
[    5.713463] random 0000 0000 0000 91716c54 eeb6a1e7: debiting 0 entropy credits from input
[    5.713465] random 0000 0000 0000 91716c54 eeb6a1e7: extract_entropy account returned: 0 
[    5.713469] random 0000 0000 0000 91716c54 eeb6a1e7: urand_change_num 47 xfer_secondary_pool(16): pool_sig fffffcad, data_sig 00000000, bytes_mixed 0 91716c54 eeb6a1e7
[    5.713471] random 0000 0000 0000 91716c54 eeb6a1e7: trying to extract 128 bits from nonblocking
[    5.713474] random 0000 0000 0000 91716c54 eeb6a1e7: debiting 128 entropy credits from nonblocking (unlimited)
[    5.713476] random 0000 0000 0000 91716c54 eeb6a1e7: extract_entropy account returned: 16 
[    5.713480] random 0000 0000 0000 91716c54 eeb6a1e7: urand_change_num 48 extract_buf: pool_sig fffffcad, data_sig ffffff19, bytes_mixed 20 91716c54 eeb6a1e7
[    5.713485] random 0000 0000 0000 fd637b06 6cf47bc1: urand_change_num 49 extract_buf: pool_sig fffffede, data_sig ffffffc1, bytes_mixed 20 fd637b06 6cf47bc1
[    5.791865] random 0000 0000 0000 fd637b06 6cf47bc1: rand_read_num 12 get_random_bytes(16): sig 0000033b fd637b06 6cf47bc1
[    5.791868] random 0000 0000 0000 fd637b06 6cf47bc1: extract_entropy(.. 16 ..)
[    5.791871] random 0000 0000 0000 fd637b06 6cf47bc1: going to reseed nonblocking with 128 bits (128 of 0 requested)
[    5.791873] random 0000 0000 0000 fd637b06 6cf47bc1: extract_entropy(.. 16 ..)
[    5.791875] random 0000 0000 0000 fd637b06 6cf47bc1: trying to extract 128 bits from input
[    5.791877] random 0000 0000 0000 fd637b06 6cf47bc1: debiting 0 entropy credits from input
[    5.791879] random 0000 0000 0000 fd637b06 6cf47bc1: extract_entropy account returned: 0 
[    5.791882] random 0000 0000 0000 fd637b06 6cf47bc1: urand_change_num 50 xfer_secondary_pool(16): pool_sig 0000033b, data_sig 00000000, bytes_mixed 0 fd637b06 6cf47bc1
[    5.791885] random 0000 0000 0000 fd637b06 6cf47bc1: trying to extract 128 bits from nonblocking
[    5.791887] random 0000 0000 0000 fd637b06 6cf47bc1: debiting 128 entropy credits from nonblocking (unlimited)
[    5.791889] random 0000 0000 0000 fd637b06 6cf47bc1: extract_entropy account returned: 16 
[    5.791894] random 0000 0000 0000 fd637b06 6cf47bc1: urand_change_num 51 extract_buf: pool_sig 0000033b, data_sig 000000d8, bytes_mixed 20 fd637b06 6cf47bc1
[    5.791899] random 0000 0000 0000 0ec1f012 d4727ca8: urand_change_num 52 extract_buf: pool_sig fffffcf5, data_sig 00000016, bytes_mixed 20 0ec1f012 d4727ca8
[    6.155058] ieee1394: Host added: ID:BUS[0-00:1023]  GUID[00061b032a25f51c]
[    6.165745] random 0000 0000 0000 45b1d0b1 845a73f7: rand_read_num 13 get_random_bytes(16): sig 00000116 45b1d0b1 845a73f7
[    6.165748] random 0000 0000 0000 45b1d0b1 845a73f7: extract_entropy(.. 16 ..)
[    6.165751] random 0000 0000 0000 45b1d0b1 845a73f7: going to reseed nonblocking with 128 bits (128 of 0 requested)
[    6.165753] random 0000 0000 0000 45b1d0b1 845a73f7: extract_entropy(.. 16 ..)
[    6.165755] random 0000 0000 0000 45b1d0b1 845a73f7: trying to extract 128 bits from input
[    6.165757] random 0000 0000 0000 45b1d0b1 845a73f7: debiting 0 entropy credits from input
[    6.165759] random 0000 0000 0000 45b1d0b1 845a73f7: extract_entropy account returned: 0 
[    6.165762] random 0000 0000 0000 45b1d0b1 845a73f7: urand_change_num 53 xfer_secondary_pool(16): pool_sig 00000116, data_sig 00000000, bytes_mixed 0 45b1d0b1 845a73f7
[    6.165765] random 0000 0000 0000 45b1d0b1 845a73f7: trying to extract 128 bits from nonblocking
[    6.165767] random 0000 0000 0000 45b1d0b1 845a73f7: debiting 128 entropy credits from nonblocking (unlimited)
[    6.165770] random 0000 0000 0000 45b1d0b1 845a73f7: extract_entropy account returned: 16 
[    6.165774] random 0000 0000 0000 45b1d0b1 845a73f7: urand_change_num 54 extract_buf: pool_sig 00000116, data_sig fffffd8b, bytes_mixed 20 45b1d0b1 845a73f7
[    6.165779] random 0000 0000 0000 45b1d0b1 845a73f7: urand_change_num 55 extract_buf: pool_sig fffffc05, data_sig 00000109, bytes_mixed 20 45b1d0b1 845a73f7
[    6.218242] random 0000 0000 0000 5012cce3 b8a30621: rand_read_num 14 get_random_bytes(16): sig fffffb93 5012cce3 b8a30621
[    6.218245] random 0000 0000 0000 5012cce3 b8a30621: extract_entropy(.. 16 ..)
[    6.218247] random 0000 0000 0000 5012cce3 b8a30621: going to reseed nonblocking with 128 bits (128 of 0 requested)
[    6.218250] random 0000 0000 0000 5012cce3 b8a30621: extract_entropy(.. 16 ..)
[    6.218252] random 0000 0000 0000 5012cce3 b8a30621: trying to extract 128 bits from input
[    6.218254] random 0000 0000 0000 5012cce3 b8a30621: debiting 0 entropy credits from input
[    6.218256] random 0000 0000 0000 5012cce3 b8a30621: extract_entropy account returned: 0 
[    6.218259] random 0000 0000 0000 5012cce3 b8a30621: urand_change_num 56 xfer_secondary_pool(16): pool_sig fffffb93, data_sig 00000000, bytes_mixed 0 5012cce3 b8a30621
[    6.218262] random 0000 0000 0000 5012cce3 b8a30621: trying to extract 128 bits from nonblocking
[    6.218264] random 0000 0000 0000 5012cce3 b8a30621: debiting 128 entropy credits from nonblocking (unlimited)
[    6.218267] random 0000 0000 0000 5012cce3 b8a30621: extract_entropy account returned: 16 
[    6.218271] random 0000 0000 0000 5012cce3 b8a30621: urand_change_num 57 extract_buf: pool_sig fffffb93, data_sig ffffff35, bytes_mixed 20 5012cce3 b8a30621
[    6.218276] random 0000 0000 0000 5012cce3 b8a30621: urand_change_num 58 extract_buf: pool_sig fffffb9d, data_sig ffffff92, bytes_mixed 20 5012cce3 b8a30621
[    6.219637] random 0000 0000 0000 30a5721d 4b648ff6: rand_read_num 15 get_random_bytes(16): sig fffffeb5 30a5721d 4b648ff6
[    6.219640] random 0000 0000 0000 30a5721d 4b648ff6: extract_entropy(.. 16 ..)
[    6.219643] random 0000 0000 0000 30a5721d 4b648ff6: going to reseed nonblocking with 128 bits (128 of 0 requested)
[    6.219645] random 0000 0000 0000 30a5721d 4b648ff6: extract_entropy(.. 16 ..)
[    6.219647] random 0000 0000 0000 30a5721d 4b648ff6: trying to extract 128 bits from input
[    6.219649] random 0000 0000 0000 30a5721d 4b648ff6: debiting 0 entropy credits from input
[    6.219651] random 0000 0000 0000 30a5721d 4b648ff6: extract_entropy account returned: 0 
[    6.219654] random 0000 0000 0000 30a5721d 4b648ff6: urand_change_num 59 xfer_secondary_pool(16): pool_sig fffffeb5, data_sig 00000000, bytes_mixed 0 30a5721d 4b648ff6
[    6.219657] random 0000 0000 0000 30a5721d 4b648ff6: trying to extract 128 bits from nonblocking
[    6.219659] random 0000 0000 0000 30a5721d 4b648ff6: debiting 128 entropy credits from nonblocking (unlimited)
[    6.219662] random 0000 0000 0000 30a5721d 4b648ff6: extract_entropy account returned: 16 
[    6.219666] random 0000 0000 0000 30a5721d 4b648ff6: urand_change_num 60 extract_buf: pool_sig fffffeb5, data_sig 000000c2, bytes_mixed 20 30a5721d 4b648ff6
[    6.219671] random 0000 0000 0000 89bae1ab 704c432f: urand_change_num 61 extract_buf: pool_sig 0000006e, data_sig fffffefc, bytes_mixed 20 89bae1ab 704c432f
[    6.220218] random 0000 0000 0000 89bae1ab 704c432f: rand_read_num 16 get_random_bytes(16): sig fffffd99 89bae1ab 704c432f
[    6.220221] random 0000 0000 0000 89bae1ab 704c432f: extract_entropy(.. 16 ..)
[    6.220223] random 0000 0000 0000 89bae1ab 704c432f: going to reseed nonblocking with 128 bits (128 of 0 requested)
[    6.220225] random 0000 0000 0000 89bae1ab 704c432f: extract_entropy(.. 16 ..)
[    6.220227] random 0000 0000 0000 89bae1ab 704c432f: trying to extract 128 bits from input
[    6.220230] random 0000 0000 0000 89bae1ab 704c432f: debiting 0 entropy credits from input
[    6.220232] random 0000 0000 0000 89bae1ab 704c432f: extract_entropy account returned: 0 
[    6.220235] random 0000 0000 0000 89bae1ab 704c432f: urand_change_num 62 xfer_secondary_pool(16): pool_sig fffffd99, data_sig 00000000, bytes_mixed 0 89bae1ab 704c432f
[    6.220238] random 0000 0000 0000 89bae1ab 704c432f: trying to extract 128 bits from nonblocking
[    6.220240] random 0000 0000 0000 89bae1ab 704c432f: debiting 128 entropy credits from nonblocking (unlimited)
[    6.220242] random 0000 0000 0000 89bae1ab 704c432f: extract_entropy account returned: 16 
[    6.220246] random 0000 0000 0000 89bae1ab 704c432f: urand_change_num 63 extract_buf: pool_sig fffffd99, data_sig 00000204, bytes_mixed 20 89bae1ab 704c432f
[    6.220252] random 0000 0000 0000 6c298a02 2b1539f8: urand_change_num 64 extract_buf: pool_sig 00000124, data_sig fffffff5, bytes_mixed 20 6c298a02 2b1539f8
[    6.221152] random 0000 0000 0000 c77b8b35 70f6cab5: rand_read_num 17 get_random_bytes(16): sig 0000036b c77b8b35 70f6cab5
[    6.221155] random 0000 0000 0000 c77b8b35 70f6cab5: extract_entropy(.. 16 ..)
[    6.221157] random 0000 0000 0000 c77b8b35 70f6cab5: going to reseed nonblocking with 128 bits (128 of 0 requested)
[    6.221160] random 0000 0000 0000 c77b8b35 70f6cab5: extract_entropy(.. 16 ..)
[    6.221162] random 0000 0000 0000 c77b8b35 70f6cab5: trying to extract 128 bits from input
[    6.221164] random 0000 0000 0000 c77b8b35 70f6cab5: debiting 0 entropy credits from input
[    6.221166] random 0000 0000 0000 c77b8b35 70f6cab5: extract_entropy account returned: 0 
[    6.221169] random 0000 0000 0000 c77b8b35 70f6cab5: urand_change_num 65 xfer_secondary_pool(16): pool_sig 0000036b, data_sig 00000000, bytes_mixed 0 c77b8b35 70f6cab5
[    6.221172] random 0000 0000 0000 c77b8b35 70f6cab5: trying to extract 128 bits from nonblocking
[    6.221174] random 0000 0000 0000 c77b8b35 70f6cab5: debiting 128 entropy credits from nonblocking (unlimited)
[    6.221176] random 0000 0000 0000 c77b8b35 70f6cab5: extract_entropy account returned: 16 
[    6.221181] random 0000 0000 0000 c77b8b35 70f6cab5: urand_change_num 66 extract_buf: pool_sig 0000036b, data_sig 0000005f, bytes_mixed 20 c77b8b35 70f6cab5
[    6.221186] random 0000 0000 0000 c77b8b35 70f6cab5: urand_change_num 67 extract_buf: pool_sig ffffff1c, data_sig 0000005a, bytes_mixed 20 c77b8b35 70f6cab5
[    6.221770] random 0000 0000 0000 af21d212 57d20ca3: rand_read_num 18 get_random_bytes(16): sig fffffb7f af21d212 57d20ca3
[    6.221772] random 0000 0000 0000 af21d212 57d20ca3: extract_entropy(.. 16 ..)
[    6.221775] random 0000 0000 0000 af21d212 57d20ca3: going to reseed nonblocking with 128 bits (128 of 0 requested)
[    6.221777] random 0000 0000 0000 af21d212 57d20ca3: extract_entropy(.. 16 ..)
[    6.221779] random 0000 0000 0000 af21d212 57d20ca3: trying to extract 128 bits from input
[    6.221781] random 0000 0000 0000 af21d212 57d20ca3: debiting 0 entropy credits from input
[    6.221783] random 0000 0000 0000 af21d212 57d20ca3: extract_entropy account returned: 0 
[    6.221787] random 0000 0000 0000 af21d212 57d20ca3: urand_change_num 68 xfer_secondary_pool(16): pool_sig fffffb7f, data_sig 00000000, bytes_mixed 0 af21d212 57d20ca3
[    6.221789] random 0000 0000 0000 af21d212 57d20ca3: trying to extract 128 bits from nonblocking
[    6.221792] random 0000 0000 0000 af21d212 57d20ca3: debiting 128 entropy credits from nonblocking (unlimited)
[    6.221794] random 0000 0000 0000 af21d212 57d20ca3: extract_entropy account returned: 16 
[    6.221798] random 0000 0000 0000 af21d212 57d20ca3: urand_change_num 69 extract_buf: pool_sig fffffb7f, data_sig ffffff88, bytes_mixed 20 af21d212 57d20ca3
[    6.221803] random 0000 0000 0000 af21d212 57d20ca3: urand_change_num 70 extract_buf: pool_sig fffffe1d, data_sig ffffff17, bytes_mixed 20 af21d212 57d20ca3
[    6.222394] random 0000 0000 0000 ffbd26fd 21933274: rand_read_num 19 get_random_bytes(16): sig ffffffc7 ffbd26fd 21933274
[    6.222397] random 0000 0000 0000 ffbd26fd 21933274: extract_entropy(.. 16 ..)
[    6.222400] random 0000 0000 0000 ffbd26fd 21933274: going to reseed nonblocking with 128 bits (128 of 0 requested)
[    6.222402] random 0000 0000 0000 ffbd26fd 21933274: extract_entropy(.. 16 ..)
[    6.222404] random 0000 0000 0000 ffbd26fd 21933274: trying to extract 128 bits from input
[    6.222406] random 0000 0000 0000 ffbd26fd 21933274: debiting 0 entropy credits from input
[    6.222408] random 0000 0000 0000 ffbd26fd 21933274: extract_entropy account returned: 0 
[    6.222411] random 0000 0000 0000 ffbd26fd 21933274: urand_change_num 71 xfer_secondary_pool(16): pool_sig ffffffc7, data_sig 00000000, bytes_mixed 0 ffbd26fd 21933274
[    6.222414] random 0000 0000 0000 ffbd26fd 21933274: trying to extract 128 bits from nonblocking
[    6.222417] random 0000 0000 0000 ffbd26fd 21933274: debiting 128 entropy credits from nonblocking (unlimited)
[    6.222419] random 0000 0000 0000 ffbd26fd 21933274: extract_entropy account returned: 16 
[    6.222423] random 0000 0000 0000 ffbd26fd 21933274: urand_change_num 72 extract_buf: pool_sig ffffffc7, data_sig 0000013b, bytes_mixed 20 ffbd26fd 21933274
[    6.222428] random 0000 0000 0000 151530a2 56c65dd3: urand_change_num 73 extract_buf: pool_sig ffffffbf, data_sig 00000036, bytes_mixed 20 151530a2 56c65dd3
[    6.222978] random 0000 0000 0000 151530a2 56c65dd3: rand_read_num 20 get_random_bytes(16): sig 000001a7 151530a2 56c65dd3
[    6.222981] random 0000 0000 0000 151530a2 56c65dd3: extract_entropy(.. 16 ..)
[    6.222983] random 0000 0000 0000 151530a2 56c65dd3: going to reseed nonblocking with 128 bits (128 of 0 requested)
[    6.222986] random 0000 0000 0000 151530a2 56c65dd3: extract_entropy(.. 16 ..)
[    6.222988] random 0000 0000 0000 151530a2 56c65dd3: trying to extract 128 bits from input
[    6.222990] random 0000 0000 0000 151530a2 56c65dd3: debiting 0 entropy credits from input
[    6.222998] random 0000 0000 0000 151530a2 56c65dd3: extract_entropy account returned: 0 
[    6.223001] random 0000 0000 0000 151530a2 56c65dd3: urand_change_num 74 xfer_secondary_pool(16): pool_sig 000001a7, data_sig 00000000, bytes_mixed 0 151530a2 56c65dd3
[    6.223004] random 0000 0000 0000 151530a2 56c65dd3: trying to extract 128 bits from nonblocking
[    6.223007] random 0000 0000 0000 151530a2 56c65dd3: debiting 128 entropy credits from nonblocking (unlimited)
[    6.223009] random 0000 0000 0000 151530a2 56c65dd3: extract_entropy account returned: 16 
[    6.223013] random 0000 0000 0000 151530a2 56c65dd3: urand_change_num 75 extract_buf: pool_sig 000001a7, data_sig ffffffa1, bytes_mixed 20 151530a2 56c65dd3
[    6.223018] random 0000 0000 0000 5d3e132e d9a77eb3: urand_change_num 76 extract_buf: pool_sig fffffcc9, data_sig 00000013, bytes_mixed 20 5d3e132e d9a77eb3
[    6.265727] random 0000 0000 0000 264837ad 0a28fef5: rand_read_num 21 get_random_bytes(16): sig ffffffd0 264837ad 0a28fef5
[    6.265730] random 0000 0000 0000 264837ad 0a28fef5: extract_entropy(.. 16 ..)
[    6.265733] random 0000 0000 0000 264837ad 0a28fef5: going to reseed nonblocking with 128 bits (128 of 0 requested)
[    6.265735] random 0000 0000 0000 264837ad 0a28fef5: extract_entropy(.. 16 ..)
[    6.265737] random 0000 0000 0000 264837ad 0a28fef5: trying to extract 128 bits from input
[    6.265740] random 0000 0000 0000 264837ad 0a28fef5: debiting 0 entropy credits from input
[    6.265742] random 0000 0000 0000 264837ad 0a28fef5: extract_entropy account returned: 0 
[    6.265745] random 0000 0000 0000 264837ad 0a28fef5: urand_change_num 77 xfer_secondary_pool(16): pool_sig ffffffd0, data_sig 00000000, bytes_mixed 0 264837ad 0a28fef5
[    6.265748] random 0000 0000 0000 264837ad 0a28fef5: trying to extract 128 bits from nonblocking
[    6.265750] random 0000 0000 0000 264837ad 0a28fef5: debiting 128 entropy credits from nonblocking (unlimited)
[    6.265752] random 0000 0000 0000 264837ad 0a28fef5: extract_entropy account returned: 16 
[    6.265757] random 0000 0000 0000 264837ad 0a28fef5: urand_change_num 78 extract_buf: pool_sig ffffffd0, data_sig 0000017b, bytes_mixed 20 264837ad 0a28fef5
[    6.265762] random 0000 0000 0000 264837ad 0a28fef5: urand_change_num 79 extract_buf: pool_sig 0000045c, data_sig 000001df, bytes_mixed 20 264837ad 0a28fef5
[    6.267211] random 0000 0000 0000 f37f7344 164aede0: rand_read_num 22 get_random_bytes(16): sig 000003c2 f37f7344 164aede0
[    6.267214] random 0000 0000 0000 f37f7344 164aede0: extract_entropy(.. 16 ..)
[    6.267217] random 0000 0000 0000 f37f7344 164aede0: going to reseed nonblocking with 128 bits (128 of 0 requested)
[    6.267219] random 0000 0000 0000 f37f7344 164aede0: extract_entropy(.. 16 ..)
[    6.267221] random 0000 0000 0000 f37f7344 164aede0: trying to extract 128 bits from input
[    6.267223] random 0000 0000 0000 f37f7344 164aede0: debiting 0 entropy credits from input
[    6.267225] random 0000 0000 0000 f37f7344 164aede0: extract_entropy account returned: 0 
[    6.267228] random 0000 0000 0000 f37f7344 164aede0: urand_change_num 80 xfer_secondary_pool(16): pool_sig 000003c2, data_sig 00000000, bytes_mixed 0 f37f7344 164aede0
[    6.267231] random 0000 0000 0000 f37f7344 164aede0: trying to extract 128 bits from nonblocking
[    6.267234] random 0000 0000 0000 f37f7344 164aede0: debiting 128 entropy credits from nonblocking (unlimited)
[    6.267236] random 0000 0000 0000 f37f7344 164aede0: extract_entropy account returned: 16 
[    6.267240] random 0000 0000 0000 f37f7344 164aede0: urand_change_num 81 extract_buf: pool_sig 000003c2, data_sig ffffff6c, bytes_mixed 20 f37f7344 164aede0
[    6.267245] random 0000 0000 0000 f37f7344 164aede0: urand_change_num 82 extract_buf: pool_sig fffffdfc, data_sig 00000091, bytes_mixed 20 f37f7344 164aede0
[    6.290028] random 0000 0000 0000 a4794863 878070c1: rand_read_num 23 get_random_bytes(16): sig 0000011b a4794863 878070c1
[    6.290031] random 0000 0000 0000 a4794863 878070c1: extract_entropy(.. 16 ..)
[    6.290034] random 0000 0000 0000 a4794863 878070c1: going to reseed nonblocking with 128 bits (128 of 0 requested)
[    6.290036] random 0000 0000 0000 a4794863 878070c1: extract_entropy(.. 16 ..)
[    6.290038] random 0000 0000 0000 a4794863 878070c1: trying to extract 128 bits from input
[    6.290040] random 0000 0000 0000 a4794863 878070c1: debiting 0 entropy credits from input
[    6.290042] random 0000 0000 0000 a4794863 878070c1: extract_entropy account returned: 0 
[    6.290045] random 0000 0000 0000 a4794863 878070c1: urand_change_num 83 xfer_secondary_pool(16): pool_sig 0000011b, data_sig 00000000, bytes_mixed 0 a4794863 878070c1
[    6.290048] random 0000 0000 0000 a4794863 878070c1: trying to extract 128 bits from nonblocking
[    6.290051] random 0000 0000 0000 a4794863 878070c1: debiting 128 entropy credits from nonblocking (unlimited)
[    6.290053] random 0000 0000 0000 a4794863 878070c1: extract_entropy account returned: 16 
[    6.290057] random 0000 0000 0000 a4794863 878070c1: urand_change_num 84 extract_buf: pool_sig 0000011b, data_sig ffffff51, bytes_mixed 20 a4794863 878070c1
[    6.290062] random 0000 0000 0000 737f19b4 9417d8ab: urand_change_num 85 extract_buf: pool_sig 000001a3, data_sig 0000006c, bytes_mixed 20 737f19b4 9417d8ab
[    6.294120] random 0000 0000 0000 737f19b4 9417d8ab: rand_read_num 24 get_random_bytes(16): sig fffffe22 737f19b4 9417d8ab
[    6.294122] random 0000 0000 0000 737f19b4 9417d8ab: extract_entropy(.. 16 ..)
[    6.294125] random 0000 0000 0000 737f19b4 9417d8ab: going to reseed nonblocking with 128 bits (128 of 0 requested)
[    6.294127] random 0000 0000 0000 737f19b4 9417d8ab: extract_entropy(.. 16 ..)
[    6.294129] random 0000 0000 0000 737f19b4 9417d8ab: trying to extract 128 bits from input
[    6.294131] random 0000 0000 0000 737f19b4 9417d8ab: debiting 0 entropy credits from input
[    6.294133] random 0000 0000 0000 737f19b4 9417d8ab: extract_entropy account returned: 0 
[    6.294137] random 0000 0000 0000 737f19b4 9417d8ab: urand_change_num 86 xfer_secondary_pool(16): pool_sig fffffe22, data_sig 00000000, bytes_mixed 0 737f19b4 9417d8ab
[    6.294139] random 0000 0000 0000 737f19b4 9417d8ab: trying to extract 128 bits from nonblocking
[    6.294142] random 0000 0000 0000 737f19b4 9417d8ab: debiting 128 entropy credits from nonblocking (unlimited)
[    6.294144] random 0000 0000 0000 737f19b4 9417d8ab: extract_entropy account returned: 16 
[    6.294148] random 0000 0000 0000 737f19b4 9417d8ab: urand_change_num 87 extract_buf: pool_sig fffffe22, data_sig 00000230, bytes_mixed 20 737f19b4 9417d8ab
[    6.294154] random 0000 0000 0000 4deb0d06 1236af4c: urand_change_num 88 extract_buf: pool_sig 000000b6, data_sig ffffff44, bytes_mixed 20 4deb0d06 1236af4c
[    6.295146] random 0000 0000 0000 b538fadc 4a7613df: rand_read_num 25 get_random_bytes(16): sig 0000013c b538fadc 4a7613df
[    6.295149] random 0000 0000 0000 b538fadc 4a7613df: extract_entropy(.. 16 ..)
[    6.295152] random 0000 0000 0000 b538fadc 4a7613df: going to reseed nonblocking with 128 bits (128 of 0 requested)
[    6.295154] random 0000 0000 0000 b538fadc 4a7613df: extract_entropy(.. 16 ..)
[    6.295156] random 0000 0000 0000 b538fadc 4a7613df: trying to extract 128 bits from input
[    6.295158] random 0000 0000 0000 b538fadc 4a7613df: debiting 0 entropy credits from input
[    6.295160] random 0000 0000 0000 b538fadc 4a7613df: extract_entropy account returned: 0 
[    6.295163] random 0000 0000 0000 b538fadc 4a7613df: urand_change_num 89 xfer_secondary_pool(16): pool_sig 0000013c, data_sig 00000000, bytes_mixed 0 b538fadc 4a7613df
[    6.295166] random 0000 0000 0000 b538fadc 4a7613df: trying to extract 128 bits from nonblocking
[    6.295168] random 0000 0000 0000 b538fadc 4a7613df: debiting 128 entropy credits from nonblocking (unlimited)
[    6.295171] random 0000 0000 0000 b538fadc 4a7613df: extract_entropy account returned: 16 
[    6.295175] random 0000 0000 0000 b538fadc 4a7613df: urand_change_num 90 extract_buf: pool_sig 0000013c, data_sig 00000015, bytes_mixed 20 b538fadc 4a7613df
[    6.295180] random 0000 0000 0000 b538fadc 4a7613df: urand_change_num 91 extract_buf: pool_sig 00000452, data_sig 0000002b, bytes_mixed 20 b538fadc 4a7613df
[    6.295631] random 0000 0000 0000 73b17df4 93bb370e: rand_read_num 26 get_random_bytes(16): sig fffffbf1 73b17df4 93bb370e
[    6.295634] random 0000 0000 0000 73b17df4 93bb370e: extract_entropy(.. 16 ..)
[    6.295636] random 0000 0000 0000 73b17df4 93bb370e: going to reseed nonblocking with 128 bits (128 of 0 requested)
[    6.295639] random 0000 0000 0000 73b17df4 93bb370e: extract_entropy(.. 16 ..)
[    6.295641] random 0000 0000 0000 73b17df4 93bb370e: trying to extract 128 bits from input
[    6.295643] random 0000 0000 0000 73b17df4 93bb370e: debiting 0 entropy credits from input
[    6.295645] random 0000 0000 0000 73b17df4 93bb370e: extract_entropy account returned: 0 
[    6.295648] random 0000 0000 0000 73b17df4 93bb370e: urand_change_num 92 xfer_secondary_pool(16): pool_sig fffffbf1, data_sig 00000000, bytes_mixed 0 73b17df4 93bb370e
[    6.295651] random 0000 0000 0000 73b17df4 93bb370e: trying to extract 128 bits from nonblocking
[    6.295653] random 0000 0000 0000 73b17df4 93bb370e: debiting 128 entropy credits from nonblocking (unlimited)
[    6.295655] random 0000 0000 0000 73b17df4 93bb370e: extract_entropy account returned: 16 
[    6.295659] random 0000 0000 0000 73b17df4 93bb370e: urand_change_num 93 extract_buf: pool_sig fffffbf1, data_sig ffffff99, bytes_mixed 20 73b17df4 93bb370e
[    6.295665] random 0000 0000 0000 73b17df4 93bb370e: urand_change_num 94 extract_buf: pool_sig fffffe1d, data_sig 000000b0, bytes_mixed 20 73b17df4 93bb370e
[    6.296080] random 0000 0000 0000 0cd682bb ba04da9f: rand_read_num 27 get_random_bytes(16): sig fffffccb 0cd682bb ba04da9f
[    6.296083] random 0000 0000 0000 0cd682bb ba04da9f: extract_entropy(.. 16 ..)
[    6.296085] random 0000 0000 0000 0cd682bb ba04da9f: going to reseed nonblocking with 128 bits (128 of 0 requested)
[    6.296088] random 0000 0000 0000 0cd682bb ba04da9f: extract_entropy(.. 16 ..)
[    6.296090] random 0000 0000 0000 0cd682bb ba04da9f: trying to extract 128 bits from input
[    6.296092] random 0000 0000 0000 0cd682bb ba04da9f: debiting 0 entropy credits from input
[    6.296094] random 0000 0000 0000 0cd682bb ba04da9f: extract_entropy account returned: 0 
[    6.296097] random 0000 0000 0000 0cd682bb ba04da9f: urand_change_num 95 xfer_secondary_pool(16): pool_sig fffffccb, data_sig 00000000, bytes_mixed 0 0cd682bb ba04da9f
[    6.296100] random 0000 0000 0000 0cd682bb ba04da9f: trying to extract 128 bits from nonblocking
[    6.296102] random 0000 0000 0000 0cd682bb ba04da9f: debiting 128 entropy credits from nonblocking (unlimited)
[    6.296104] random 0000 0000 0000 0cd682bb ba04da9f: extract_entropy account returned: 16 
[    6.296109] random 0000 0000 0000 0cd682bb ba04da9f: urand_change_num 96 extract_buf: pool_sig fffffccb, data_sig fffffec5, bytes_mixed 20 0cd682bb ba04da9f
[    6.296114] random 0000 0000 0000 26929f1a 15254dc1: urand_change_num 97 extract_buf: pool_sig fffffed2, data_sig ffffffb1, bytes_mixed 20 26929f1a 15254dc1
[    6.296990] random 0000 0000 0000 26929f1a 15254dc1: rand_read_num 28 get_random_bytes(16): sig 00000038 26929f1a 15254dc1
[    6.296993] random 0000 0000 0000 26929f1a 15254dc1: extract_entropy(.. 16 ..)
[    6.296995] random 0000 0000 0000 26929f1a 15254dc1: going to reseed nonblocking with 128 bits (128 of 0 requested)
[    6.296998] random 0000 0000 0000 26929f1a 15254dc1: extract_entropy(.. 16 ..)
[    6.297000] random 0000 0000 0000 26929f1a 15254dc1: trying to extract 128 bits from input
[    6.297002] random 0000 0000 0000 26929f1a 15254dc1: debiting 0 entropy credits from input
[    6.297004] random 0000 0000 0000 26929f1a 15254dc1: extract_entropy account returned: 0 
[    6.297007] random 0000 0000 0000 26929f1a 15254dc1: urand_change_num 98 xfer_secondary_pool(16): pool_sig 00000038, data_sig 00000000, bytes_mixed 0 26929f1a 15254dc1
[    6.297010] random 0000 0000 0000 26929f1a 15254dc1: trying to extract 128 bits from nonblocking
[    6.297012] random 0000 0000 0000 26929f1a 15254dc1: debiting 128 entropy credits from nonblocking (unlimited)
[    6.297014] random 0000 0000 0000 26929f1a 15254dc1: extract_entropy account returned: 16 
[    6.297018] random 0000 0000 0000 26929f1a 15254dc1: urand_change_num 99 extract_buf: pool_sig 00000038, data_sig 000000fd, bytes_mixed 20 26929f1a 15254dc1
[    6.297024] random 0000 0000 0000 8116fe3b 478c2d5b: urand_change_num 100 extract_buf: pool_sig 00000059, data_sig 00000310, bytes_mixed 20 8116fe3b 478c2d5b
[    6.303657] random 0000 0000 0000 a20f4a3a 32a6b2fa: rand_read_num 29 get_random_bytes(16): sig 000002c0 a20f4a3a 32a6b2fa
[    6.303660] random 0000 0000 0000 a20f4a3a 32a6b2fa: extract_entropy(.. 16 ..)
[    6.303662] random 0000 0000 0000 a20f4a3a 32a6b2fa: going to reseed nonblocking with 128 bits (128 of 0 requested)
[    6.303665] random 0000 0000 0000 a20f4a3a 32a6b2fa: extract_entropy(.. 16 ..)
[    6.303667] random 0000 0000 0000 a20f4a3a 32a6b2fa: trying to extract 128 bits from input
[    6.303669] random 0000 0000 0000 a20f4a3a 32a6b2fa: debiting 0 entropy credits from input
[    6.303671] random 0000 0000 0000 a20f4a3a 32a6b2fa: extract_entropy account returned: 0 
[    6.303674] random 0000 0000 0000 a20f4a3a 32a6b2fa: urand_change_num 101 xfer_secondary_pool(16): pool_sig 000002c0, data_sig 00000000, bytes_mixed 0 a20f4a3a 32a6b2fa
[    6.303677] random 0000 0000 0000 a20f4a3a 32a6b2fa: trying to extract 128 bits from nonblocking
[    6.303679] random 0000 0000 0000 a20f4a3a 32a6b2fa: debiting 128 entropy credits from nonblocking (unlimited)
[    6.303681] random 0000 0000 0000 a20f4a3a 32a6b2fa: extract_entropy account returned: 16 
[    6.303685] random 0000 0000 0000 a20f4a3a 32a6b2fa: urand_change_num 102 extract_buf: pool_sig 000002c0, data_sig 000000fb, bytes_mixed 20 a20f4a3a 32a6b2fa
[    6.303691] random 0000 0000 0000 a20f4a3a 32a6b2fa: urand_change_num 103 extract_buf: pool_sig ffffffdd, data_sig 000000a5, bytes_mixed 20 a20f4a3a 32a6b2fa
[    6.316180] random 0000 0000 0000 de716d2a 6c4757e1: rand_read_num 30 get_random_bytes(16): sig 000000fa de716d2a 6c4757e1
[    6.316183] random 0000 0000 0000 de716d2a 6c4757e1: extract_entropy(.. 16 ..)
[    6.316185] random 0000 0000 0000 de716d2a 6c4757e1: going to reseed nonblocking with 128 bits (128 of 0 requested)
[    6.316188] random 0000 0000 0000 de716d2a 6c4757e1: extract_entropy(.. 16 ..)
[    6.316190] random 0000 0000 0000 de716d2a 6c4757e1: trying to extract 128 bits from input
[    6.316192] random 0000 0000 0000 de716d2a 6c4757e1: debiting 0 entropy credits from input
[    6.316194] random 0000 0000 0000 de716d2a 6c4757e1: extract_entropy account returned: 0 
[    6.316197] random 0000 0000 0000 de716d2a 6c4757e1: urand_change_num 104 xfer_secondary_pool(16): pool_sig 000000fa, data_sig 00000000, bytes_mixed 0 de716d2a 6c4757e1
[    6.316200] random 0000 0000 0000 de716d2a 6c4757e1: trying to extract 128 bits from nonblocking
[    6.316202] random 0000 0000 0000 de716d2a 6c4757e1: debiting 128 entropy credits from nonblocking (unlimited)
[    6.316204] random 0000 0000 0000 de716d2a 6c4757e1: extract_entropy account returned: 16 
[    6.316208] random 0000 0000 0000 de716d2a 6c4757e1: urand_change_num 105 extract_buf: pool_sig 000000fa, data_sig ffffff34, bytes_mixed 20 de716d2a 6c4757e1
[    6.316214] random 0000 0000 0000 de716d2a 6c4757e1: urand_change_num 106 extract_buf: pool_sig 000003d3, data_sig ffffff30, bytes_mixed 20 de716d2a 6c4757e1
[    6.316791] random 0000 0000 0000 a7c511e1 f90ea457: rand_read_num 31 get_random_bytes(16): sig 0000009a a7c511e1 f90ea457
[    6.316794] random 0000 0000 0000 a7c511e1 f90ea457: extract_entropy(.. 16 ..)
[    6.316797] random 0000 0000 0000 a7c511e1 f90ea457: going to reseed nonblocking with 128 bits (128 of 0 requested)
[    6.316799] random 0000 0000 0000 a7c511e1 f90ea457: extract_entropy(.. 16 ..)
[    6.316801] random 0000 0000 0000 a7c511e1 f90ea457: trying to extract 128 bits from input
[    6.316803] random 0000 0000 0000 a7c511e1 f90ea457: debiting 0 entropy credits from input
[    6.316805] random 0000 0000 0000 a7c511e1 f90ea457: extract_entropy account returned: 0 
[    6.316808] random 0000 0000 0000 a7c511e1 f90ea457: urand_change_num 107 xfer_secondary_pool(16): pool_sig 0000009a, data_sig 00000000, bytes_mixed 0 a7c511e1 f90ea457
[    6.316811] random 0000 0000 0000 a7c511e1 f90ea457: trying to extract 128 bits from nonblocking
[    6.316813] random 0000 0000 0000 a7c511e1 f90ea457: debiting 128 entropy credits from nonblocking (unlimited)
[    6.316816] random 0000 0000 0000 a7c511e1 f90ea457: extract_entropy account returned: 16 
[    6.316820] random 0000 0000 0000 a7c511e1 f90ea457: urand_change_num 108 extract_buf: pool_sig 0000009a, data_sig 000000e0, bytes_mixed 20 a7c511e1 f90ea457
[    6.316825] random 0000 0000 0000 7c18c7e6 d65ccb06: urand_change_num 109 extract_buf: pool_sig fffffa79, data_sig 000000e0, bytes_mixed 20 7c18c7e6 d65ccb06
[    6.317422] random 0000 0000 0000 7c18c7e6 d65ccb06: rand_read_num 32 get_random_bytes(16): sig fffffe1e 7c18c7e6 d65ccb06
[    6.317425] random 0000 0000 0000 7c18c7e6 d65ccb06: extract_entropy(.. 16 ..)
[    6.317427] random 0000 0000 0000 7c18c7e6 d65ccb06: going to reseed nonblocking with 128 bits (128 of 0 requested)
[    6.317429] random 0000 0000 0000 7c18c7e6 d65ccb06: extract_entropy(.. 16 ..)
[    6.317432] random 0000 0000 0000 7c18c7e6 d65ccb06: trying to extract 128 bits from input
[    6.317434] random 0000 0000 0000 7c18c7e6 d65ccb06: debiting 0 entropy credits from input
[    6.317436] random 0000 0000 0000 7c18c7e6 d65ccb06: extract_entropy account returned: 0 
[    6.317439] random 0000 0000 0000 7c18c7e6 d65ccb06: urand_change_num 110 xfer_secondary_pool(16): pool_sig fffffe1e, data_sig 00000000, bytes_mixed 0 7c18c7e6 d65ccb06
[    6.317442] random 0000 0000 0000 7c18c7e6 d65ccb06: trying to extract 128 bits from nonblocking
[    6.317444] random 0000 0000 0000 7c18c7e6 d65ccb06: debiting 128 entropy credits from nonblocking (unlimited)
[    6.317446] random 0000 0000 0000 7c18c7e6 d65ccb06: extract_entropy account returned: 16 
