[    0.000000] random 0000 0000 0000 00000000 00000000: rand_read_num 1 get_random_bytes(8): sig 00000000 00000000 00000000
[    0.000000] random 0000 0000 0000 00000000 00000000: extract_entropy(.. 8 ..)
[    0.000000] random 0000 0000 0000 00000000 00000000: going to reseed nonblocking with 64 bits (64 of 0 requested)
[    0.000000] random 0000 0000 0000 00000000 00000000: extract_entropy(.. 8 ..)
[    0.000000] random 0000 0000 0000 00000000 00000000: trying to extract 64 bits from input
[    0.000000] random 0000 0000 0000 00000000 00000000: debiting 0 entropy credits from input
[    0.000000] random 0000 0000 0000 00000000 00000000: extract_entropy account returned: 0 
[    0.000000] random 0000 0000 0000 00000000 00000000: urand_change_num 1 xfer_secondary_pool(8): pool_sig 00000000, data_sig 00000000, bytes_mixed 0 00000000 00000000
[    0.000000] random 0000 0000 0000 00000000 00000000: trying to extract 64 bits from nonblocking
[    0.000000] random 0000 0000 0000 00000000 00000000: debiting 64 entropy credits from nonblocking (unlimited)
[    0.000000] random 0000 0000 0000 00000000 00000000: extract_entropy account returned: 8 
[    0.000000] random 0000 0000 0000 00000000 00000000: urand_change_num 2 extract_buf: pool_sig 00000000, data_sig fffffff9, bytes_mixed 20 00000000 00000000
[    0.000000] Linux version 2.6.32.57 (dcashman@dcashman-02) (gcc version 4.3.3 (GCC) ) #3 Fri May 24 04:27:34 PDT 2013
[    0.000000] KERNEL supported cpus:
[    0.000000]   Intel GenuineIntel
[    0.000000]   AMD AuthenticAMD
[    0.000000]   NSC Geode by NSC
[    0.000000]   Cyrix CyrixInstead
[    0.000000]   Centaur CentaurHauls
[    0.000000]   Transmeta GenuineTMx86
[    0.000000]   Transmeta TransmetaCPU
[    0.000000]   UMC UMC UMC UMC
[    0.000000] BIOS-provided physical RAM map:
[    0.000000]  BIOS-e820: 0000000000000000 - 000000000009d800 (usable)
[    0.000000]  BIOS-e820: 000000000009d800 - 00000000000a0000 (reserved)
[    0.000000]  BIOS-e820: 00000000000d2000 - 00000000000d4000 (reserved)
[    0.000000]  BIOS-e820: 00000000000e0000 - 0000000000100000 (reserved)
[    0.000000]  BIOS-e820: 0000000000100000 - 000000003d6b0000 (usable)
[    0.000000]  BIOS-e820: 000000003d6b0000 - 000000003d6cc000 (ACPI data)
[    0.000000]  BIOS-e820: 000000003d6cc000 - 000000003d700000 (ACPI NVS)
[    0.000000]  BIOS-e820: 000000003d700000 - 000000003e000000 (reserved)
[    0.000000]  BIOS-e820: 00000000f0000000 - 00000000f4000000 (reserved)
[    0.000000]  BIOS-e820: 00000000fec00000 - 00000000fec10000 (reserved)
[    0.000000]  BIOS-e820: 00000000fed00000 - 00000000fed00400 (reserved)
[    0.000000]  BIOS-e820: 00000000fed14000 - 00000000fed1a000 (reserved)
[    0.000000]  BIOS-e820: 00000000fed1c000 - 00000000fed90000 (reserved)
[    0.000000]  BIOS-e820: 00000000fee00000 - 00000000fee01000 (reserved)
[    0.000000]  BIOS-e820: 00000000ff000000 - 0000000100000000 (reserved)
[    0.000000] DMI present.
[    0.000000] last_pfn = 0x3d6b0 max_arch_pfn = 0x100000
[    0.000000] MTRR default type: uncachable
[    0.000000] MTRR fixed ranges enabled:
[    0.000000]   00000-9FFFF write-back
[    0.000000]   A0000-BFFFF uncachable
[    0.000000]   C0000-CFFFF write-protect
[    0.000000]   D0000-DFFFF uncachable
[    0.000000]   E0000-FFFFF write-protect
[    0.000000] MTRR variable ranges enabled:
[    0.000000]   0 base 03E000000 mask FFE000000 uncachable
[    0.000000]   1 base 000000000 mask FC0000000 write-back
[    0.000000]   2 base 03D700000 mask FFFF00000 uncachable
[    0.000000]   3 base 03D800000 mask FFF800000 uncachable
[    0.000000]   4 disabled
[    0.000000]   5 disabled
[    0.000000]   6 disabled
[    0.000000]   7 disabled
[    0.000000] initial memory mapped : 0 - 02000000
[    0.000000] init_memory_mapping: 0000000000000000-00000000377fe000
[    0.000000]  0000000000 - 0000400000 page 4k
[    0.000000]  0000400000 - 0037400000 page 2M
[    0.000000]  0037400000 - 00377fe000 page 4k
[    0.000000] kernel direct mapping tables up to 377fe000 @ 7000-c000
[    0.000000] ACPI: RSDP 000f68d0 00024 (v02 LENOVO)
[    0.000000] ACPI: XSDT 3d6bb77f 00094 (v01 LENOVO TP-7L    00002170  LTP 00000000)
[    0.000000] ACPI: FACP 3d6bb900 000F4 (v03 LENOVO TP-7L    00002170 LNVO 00000001)
[    0.000000] ACPI Warning: 32/64X length mismatch in Gpe1Block: 0/32 (20090903/tbfadt-526)
[    0.000000] ACPI Warning: Optional field Gpe1Block has zero address or length: 000000000000102C/0 (20090903/tbfadt-557)
[    0.000000] ACPI: DSDT 3d6bbd1d 0FED1 (v01 LENOVO TP-7L    00002170 MSFT 03000000)
[    0.000000] ACPI: FACS 3d6e4000 00040
[    0.000000] ACPI: SSDT 3d6bbab4 00269 (v01 LENOVO TP-7L    00002170 MSFT 03000000)
[    0.000000] ACPI: ECDT 3d6cbbee 00052 (v01 LENOVO TP-7L    00002170 LNVO 00000001)
[    0.000000] ACPI: TCPA 3d6cbc40 00032 (v02 LENOVO TP-7L    00002170 LNVO 00000001)
[    0.000000] ACPI: APIC 3d6cbc72 00068 (v01 LENOVO TP-7L    00002170 LNVO 00000001)
[    0.000000] ACPI: MCFG 3d6cbcda 0003C (v01 LENOVO TP-7L    00002170 LNVO 00000001)
[    0.000000] ACPI: HPET 3d6cbd16 00038 (v01 LENOVO TP-7L    00002170 LNVO 00000001)
[    0.000000] ACPI: SLIC 3d6cbdf0 00176 (v01 LENOVO TP-7L    00002170  LTP 00000000)
[    0.000000] ACPI: BOOT 3d6cbf66 00028 (v01 LENOVO TP-7L    00002170  LTP 00000001)
[    0.000000] ACPI: ASF! 3d6cbf8e 00072 (v16 LENOVO TP-7L    00002170 PTL  00000001)
[    0.000000] ACPI: SSDT 3d6e26d9 0025F (v01 LENOVO TP-7L    00002170 INTL 20050513)
[    0.000000] ACPI: SSDT 3d6e2938 000A6 (v01 LENOVO TP-7L    00002170 INTL 20050513)
[    0.000000] ACPI: SSDT 3d6e29de 004F7 (v01 LENOVO TP-7L    00002170 INTL 20050513)
[    0.000000] ACPI: SSDT 3d6e2ed5 001D8 (v01 LENOVO TP-7L    00002170 INTL 20050513)
[    0.000000] ACPI: DMI detected: Lenovo ThinkPad R61
[    0.000000] ACPI: Added _OSI(Linux)
[    0.000000] ACPI: Local APIC address 0xfee00000
[    0.000000] 94MB HIGHMEM available.
[    0.000000] 887MB LOWMEM available.
[    0.000000]   mapped low ram: 0 - 377fe000
[    0.000000]   low ram: 0 - 377fe000
[    0.000000]   node 0 low ram: 00000000 - 377fe000
[    0.000000]   node 0 bootmap 00008000 - 0000ef00
[    0.000000] (6 early reservations) ==> bootmem [0000000000 - 00377fe000]
[    0.000000]   #0 [0000000000 - 0000001000]   BIOS data page ==> [0000000000 - 0000001000]
[    0.000000]   #1 [0001000000 - 0001bdc180]    TEXT DATA BSS ==> [0001000000 - 0001bdc180]
[    0.000000]   #2 [000009d800 - 0000100000]    BIOS reserved ==> [000009d800 - 0000100000]
[    0.000000]   #3 [0001bdd000 - 0001be516c]              BRK ==> [0001bdd000 - 0001be516c]
[    0.000000]   #4 [0000007000 - 0000008000]          PGTABLE ==> [0000007000 - 0000008000]
[    0.000000]   #5 [0000008000 - 000000f000]          BOOTMAP ==> [0000008000 - 000000f000]
[    0.000000] found SMP MP-table at [c00f6900] f6900
[    0.000000] Zone PFN ranges:
[    0.000000]   DMA      0x00000000 -> 0x00001000
[    0.000000]   Normal   0x00001000 -> 0x000377fe
[    0.000000]   HighMem  0x000377fe -> 0x0003d6b0
[    0.000000] Movable zone start PFN for each node
[    0.000000] early_node_map[2] active PFN ranges
[    0.000000]     0: 0x00000000 -> 0x0000009d
[    0.000000]     0: 0x00000100 -> 0x0003d6b0
[    0.000000] On node 0 totalpages: 251469
[    0.000000] free_area_init_node: node 0, pgdat c1901ea0, node_mem_map c1be7000
[    0.000000]   DMA zone: 32 pages used for memmap
[    0.000000]   DMA zone: 0 pages reserved
[    0.000000]   DMA zone: 3965 pages, LIFO batch:0
[    0.000000]   Normal zone: 1744 pages used for memmap
[    0.000000]   Normal zone: 221486 pages, LIFO batch:31
[    0.000000]   HighMem zone: 190 pages used for memmap
[    0.000000]   HighMem zone: 24052 pages, LIFO batch:3
[    0.000000] Using APIC driver default
[    0.000000] ACPI: PM-Timer IO Port: 0x1008
[    0.000000] ACPI: Local APIC address 0xfee00000
[    0.000000] ACPI: LAPIC (acpi_id[0x00] lapic_id[0x00] enabled)
[    0.000000] ACPI: LAPIC (acpi_id[0x01] lapic_id[0x01] enabled)
[    0.000000] ACPI: NR_CPUS/possible_cpus limit of 1 reached.  Processor 1/0x1 ignored.
[    0.000000] ACPI: LAPIC_NMI (acpi_id[0x00] high edge lint[0x1])
[    0.000000] ACPI: LAPIC_NMI (acpi_id[0x01] high edge lint[0x1])
[    0.000000] ACPI: IOAPIC (id[0x01] address[0xfec00000] gsi_base[0])
[    0.000000] IOAPIC[0]: apic_id 1, version 32, address 0xfec00000, GSI 0-23
[    0.000000] ACPI: INT_SRC_OVR (bus 0 bus_irq 0 global_irq 2 dfl dfl)
[    0.000000] ACPI: INT_SRC_OVR (bus 0 bus_irq 9 global_irq 9 high level)
[    0.000000] ACPI: IRQ0 used by override.
[    0.000000] ACPI: IRQ2 used by override.
[    0.000000] ACPI: IRQ9 used by override.
[    0.000000] Using ACPI (MADT) for SMP configuration information
[    0.000000] ACPI: HPET id: 0x8086a201 base: 0xfed00000
[    0.000000] nr_irqs_gsi: 24
[    0.000000] PM: Registered nosave memory: 000000000009d000 - 000000000009e000
[    0.000000] PM: Registered nosave memory: 000000000009e000 - 00000000000a0000
[    0.000000] PM: Registered nosave memory: 00000000000a0000 - 00000000000d2000
[    0.000000] PM: Registered nosave memory: 00000000000d2000 - 00000000000d4000
[    0.000000] PM: Registered nosave memory: 00000000000d4000 - 00000000000e0000
[    0.000000] PM: Registered nosave memory: 00000000000e0000 - 0000000000100000
[    0.000000] Allocating PCI resources starting at 3e000000 (gap: 3e000000:b2000000)
[    0.000000] Built 1 zonelists in Zone order, mobility grouping on.  Total pages: 249503
[    0.000000] Kernel command line: auto BOOT_IMAGE=Linux ro root=802 vt.default_utf8=0 maxcpus=0
[    0.000000] PID hash table entries: 4096 (order: 2, 16384 bytes)
[    0.000000] Dentry cache hash table entries: 131072 (order: 7, 524288 bytes)
[    0.000000] Inode-cache hash table entries: 65536 (order: 6, 262144 bytes)
[    0.000000] Enabling fast FPU save and restore... done.
[    0.000000] Enabling unmasked SIMD FPU exception support... done.
[    0.000000] Initializing CPU#0
[    0.000000] Initializing HighMem for node 0 (000377fe:0003d6b0)
[    0.000000] Memory: 984800k/1006272k available (6914k kernel code, 20876k reserved, 2328k data, 448k init, 96968k highmem)
[    0.000000] virtual kernel memory layout:
[    0.000000]     fixmap  : 0xfffa3000 - 0xfffff000   ( 368 kB)
[    0.000000]     pkmap   : 0xff800000 - 0xffc00000   (4096 kB)
[    0.000000]     vmalloc : 0xf7ffe000 - 0xff7fe000   ( 120 MB)
[    0.000000]     lowmem  : 0xc0000000 - 0xf77fe000   ( 887 MB)
[    0.000000]       .init : 0xc1907000 - 0xc1977000   ( 448 kB)
[    0.000000]       .data : 0xc16c0b5f - 0xc1906c64   (2328 kB)
[    0.000000]       .text : 0xc1000000 - 0xc16c0b5f   (6914 kB)
[    0.000000] Checking if this processor honours the WP bit even in supervisor mode...Ok.
[    0.000000] SLUB: Genslabs=13, HWalign=64, Order=0-3, MinObjects=0, CPUs=1, Nodes=1
[    0.000000] Hierarchical RCU implementation.
[    0.000000] NR_IRQS:288
[    0.000000] Extended CMOS year: 2000
[    0.000000] Console: colour VGA+ 80x25
[    0.000000] console [tty0] enabled
[    0.000000] hpet clockevent registered
[    0.000000] Fast TSC calibration using PIT
[    0.000000] Detected 2094.744 MHz processor.
[    0.001002] Calibrating delay loop (skipped), value calculated using timer frequency.. 4189.48 BogoMIPS (lpj=2094744)
[    0.001167] Security Framework initialized
[    0.001252] Mount-cache hash table entries: 512
[    0.001397] CPU: L1 I cache: 32K, L1 D cache: 32K
[    0.002002] CPU: L2 cache: 3072K
[    0.002082] mce: CPU supports 6 MCE banks
[    0.002168] CPU0: Thermal monitoring enabled (TM2)
[    0.002245] using mwait in idle threads.
[    0.002324] CPU: Intel(R) Core(TM)2 Duo CPU     T8100  @ 2.10GHz stepping 06
[    0.002499] Checking 'hlt' instruction... OK.
[    0.006939] ACPI: Core revision 20090903
[    0.027018] CANARY value: 7481778f for PID: 1
[    0.027045] Enabling APIC mode:  Flat.  Using 1 I/O APICs
[    0.027494] ..TIMER: vector=0x30 apic1=0 pin1=2 apic2=-1 pin2=-1
[    0.037997] xor: automatically using best checksumming function: pIII_sse
[    0.041998]    pIII_sse  :  8568.000 MB/sec
[    0.042079] xor: using function: pIII_sse (8568.000 MB/sec)
[    0.042165] RANDOM - __seed init called.
[    0.042166] RANDOM - __seed init called.
[    0.042167] RANDOM - __seed init called.
[    0.042169] RANDOM - __random32 called. Change num 1.  Value: f7943846	49e73df3	af36cd0d
[    0.042171] RANDOM - __random32 called. Change num 2.  Value: 43846e13	9e73df37	9a1ad014
[    0.042172] RANDOM - __random32 called. Change num 3.  Value: 46e139c8	e73df373	a029598a
[    0.042174] RANDOM - __random32 called. Change num 4.  Value: 139c8c3b	73df373d	b3142c72
[    0.042176] RANDOM - __random32 called. Change num 5.  Value: c8c3b043	3df373de	58e576a9
[    0.042177] RANDOM - __random32 called. Change num 6.  Value: 3b0437d9	df373de5	ed53f9d8
[    0.042179] RANDOM - random32 init called.  Value: 3b0437d9	df373de5	ed53f9d8
[    0.042196] NET: Registered protocol family 16
[    0.042447] ACPI FADT declares the system doesn't support PCIe ASPM, so disable it
[    0.042561] ACPI: bus type pci registered
[    0.042728] PCI: MCFG configuration 0: base f0000000 segment 0 buses 0 - 63
[    0.042811] PCI: MCFG area at f0000000 reserved in E820
[    0.042891] PCI: Using MMCONFIG for extended config space
[    0.042976] PCI: Using configuration type 1 for base access
[    0.046089] bio: create slab <bio-0> at 0
[    0.046891] ACPI: EC: EC description table is found, configuring boot EC
[    0.052046] ACPI: BIOS _OSI(Linux) query honored via DMI
[    0.052759] random 0000 0000 0000 00000000 00000000: rand_read_num 2 get_random_bytes(8): sig fffffe1a 00000000 00000000
[    0.052762] random 0000 0000 0000 00000000 00000000: extract_entropy(.. 8 ..)
[    0.052765] random 0000 0000 0000 00000000 00000000: going to reseed nonblocking with 64 bits (64 of 0 requested)
[    0.052767] random 0000 0000 0000 00000000 00000000: extract_entropy(.. 8 ..)
[    0.052769] random 0000 0000 0000 00000000 00000000: trying to extract 64 bits from input
[    0.052771] random 0000 0000 0000 00000000 00000000: debiting 0 entropy credits from input
[    0.052773] random 0000 0000 0000 00000000 00000000: extract_entropy account returned: 0 
[    0.052776] random 0000 0000 0000 00000000 00000000: urand_change_num 3 xfer_secondary_pool(8): pool_sig fffffe1a, data_sig 00000000, bytes_mixed 0 00000000 00000000
[    0.052779] random 0000 0000 0000 00000000 00000000: trying to extract 64 bits from nonblocking
[    0.052781] random 0000 0000 0000 00000000 00000000: debiting 64 entropy credits from nonblocking (unlimited)
[    0.052783] random 0000 0000 0000 00000000 00000000: extract_entropy account returned: 8 
[    0.052814] random 0000 0000 0000 00000000 00000000: urand_change_num 4 extract_buf: pool_sig fffffe1a, data_sig fffffed7, bytes_mixed 20 00000000 00000000
[    0.058450] ACPI: Interpreter enabled
[    0.058532] ACPI: (supports S0 S3 S4 S5)
[    0.058823] ACPI: Using IOAPIC for interrupt routing
[    0.068581] ACPI: EC: GPE = 0x12, I/O: command/status = 0x66, data = 0x62
[    0.068891] ACPI: Power Resource [PUBS] (on)
[    0.071059] ACPI: ACPI Dock Station Driver: 3 docks/bays found
[    0.071471] ACPI: PCI Root Bridge [PCI0] (0000:00)
[    0.071637] pci 0000:00:02.0: reg 10 64bit mmio: [0xf8100000-0xf81fffff]
[    0.071643] pci 0000:00:02.0: reg 18 64bit mmio pref: [0xe0000000-0xefffffff]
[    0.071647] pci 0000:00:02.0: reg 20 io port: [0x1800-0x1807]
[    0.071682] pci 0000:00:02.1: reg 10 64bit mmio: [0xf8200000-0xf82fffff]
[    0.071784] pci 0000:00:19.0: reg 10 32bit mmio: [0xfe000000-0xfe01ffff]
[    0.071793] pci 0000:00:19.0: reg 14 32bit mmio: [0xfe025000-0xfe025fff]
[    0.071800] pci 0000:00:19.0: reg 18 io port: [0x1840-0x185f]
[    0.071876] pci 0000:00:19.0: PME# supported from D0 D3hot D3cold
[    0.071969] pci 0000:00:19.0: PME# disabled
[    0.072054] pci 0000:00:1a.0: reg 20 io port: [0x1860-0x187f]
[    0.072138] pci 0000:00:1a.1: reg 20 io port: [0x1880-0x189f]
[    0.072231] pci 0000:00:1a.7: reg 10 32bit mmio: [0xfe226c00-0xfe226fff]
[    0.072323] pci 0000:00:1a.7: PME# supported from D0 D3hot D3cold
[    0.072410] pci 0000:00:1a.7: PME# disabled
[    0.072552] pci 0000:00:1b.0: reg 10 64bit mmio: [0xfe020000-0xfe023fff]
[    0.072633] pci 0000:00:1b.0: PME# supported from D0 D3hot D3cold
[    0.072723] pci 0000:00:1b.0: PME# disabled
[    0.072915] pci 0000:00:1c.0: PME# supported from D0 D3hot D3cold
[    0.072999] pci 0000:00:1c.0: PME# disabled
[    0.073212] pci 0000:00:1c.1: PME# supported from D0 D3hot D3cold
[    0.073301] pci 0000:00:1c.1: PME# disabled
[    0.073490] pci 0000:00:1c.2: PME# supported from D0 D3hot D3cold
[    0.073585] pci 0000:00:1c.2: PME# disabled
[    0.073784] pci 0000:00:1c.3: PME# supported from D0 D3hot D3cold
[    0.073876] pci 0000:00:1c.3: PME# disabled
[    0.074108] pci 0000:00:1c.4: PME# supported from D0 D3hot D3cold
[    0.074196] pci 0000:00:1c.4: PME# disabled
[    0.075061] pci 0000:00:1d.0: reg 20 io port: [0x18a0-0x18bf]
[    0.075139] pci 0000:00:1d.1: reg 20 io port: [0x18c0-0x18df]
[    0.075230] pci 0000:00:1d.2: reg 20 io port: [0x18e0-0x18ff]
[    0.075318] pci 0000:00:1d.7: reg 10 32bit mmio: [0xfe227000-0xfe2273ff]
[    0.075417] pci 0000:00:1d.7: PME# supported from D0 D3hot D3cold
[    0.075505] pci 0000:00:1d.7: PME# disabled
[    0.075790] pci 0000:00:1f.0: quirk: region 1000-107f claimed by ICH6 ACPI/GPIO/TCO
[    0.075910] pci 0000:00:1f.0: quirk: region 1180-11bf claimed by ICH6 GPIO
[    0.075998] pci 0000:00:1f.0: ICH7 LPC Generic IO decode 1 PIO at 1600 (mask 007f)
[    0.076120] pci 0000:00:1f.0: ICH7 LPC Generic IO decode 2 PIO at 15e0 (mask 000f)
[    0.076234] pci 0000:00:1f.0: ICH7 LPC Generic IO decode 3 PIO at 1680 (mask 001f)
[    0.076431] pci 0000:00:1f.1: reg 10 io port: [0x00-0x07]
[    0.076440] pci 0000:00:1f.1: reg 14 io port: [0x00-0x03]
[    0.076452] pci 0000:00:1f.1: reg 18 io port: [0x00-0x07]
[    0.076461] pci 0000:00:1f.1: reg 1c io port: [0x00-0x03]
[    0.076468] pci 0000:00:1f.1: reg 20 io port: [0x1c00-0x1c0f]
[    0.076550] pci 0000:00:1f.2: reg 10 io port: [0x1c50-0x1c57]
[    0.076560] pci 0000:00:1f.2: reg 14 io port: [0x1c44-0x1c47]
[    0.076566] pci 0000:00:1f.2: reg 18 io port: [0x1c48-0x1c4f]
[    0.076575] pci 0000:00:1f.2: reg 1c io port: [0x1c40-0x1c43]
[    0.076584] pci 0000:00:1f.2: reg 20 io port: [0x1c20-0x1c3f]
[    0.076593] pci 0000:00:1f.2: reg 24 32bit mmio: [0xfe226000-0xfe2267ff]
[    0.076660] pci 0000:00:1f.2: PME# supported from D3hot
[    0.076742] pci 0000:00:1f.2: PME# disabled
[    0.076863] pci 0000:00:1f.3: reg 10 32bit mmio: [0xfe227400-0xfe2274ff]
[    0.076888] pci 0000:00:1f.3: reg 20 io port: [0x1c60-0x1c7f]
[    0.076976] pci 0000:00:1c.0: bridge io port: [0x2000-0x2fff]
[    0.076982] pci 0000:00:1c.0: bridge 32bit mmio: [0xfc000000-0xfdffffff]
[    0.076997] pci 0000:00:1c.0: bridge 64bit mmio pref: [0xf8000000-0xf80fffff]
[    0.077069] pci 0000:03:00.0: reg 10 64bit mmio: [0xdf3f0000-0xdf3fffff]
[    0.077263] pci 0000:00:1c.1: bridge io port: [0x3000-0x3fff]
[    0.077270] pci 0000:00:1c.1: bridge 32bit mmio: [0xdc000000-0xdf3fffff]
[    0.077278] pci 0000:00:1c.1: bridge 64bit mmio pref: [0xdfe00000-0xdfefffff]
[    0.077333] pci 0000:00:1c.2: bridge io port: [0x4000-0x4fff]
[    0.077339] pci 0000:00:1c.2: bridge 32bit mmio: [0xd8000000-0xd9ffffff]
[    0.077348] pci 0000:00:1c.2: bridge 64bit mmio pref: [0xdfb00000-0xdfbfffff]
[    0.077404] pci 0000:00:1c.3: bridge io port: [0x5000-0x5fff]
[    0.077410] pci 0000:00:1c.3: bridge 32bit mmio: [0xd4000000-0xd5ffffff]
[    0.077419] pci 0000:00:1c.3: bridge 64bit mmio pref: [0xdf800000-0xdf8fffff]
[    0.077475] pci 0000:00:1c.4: bridge io port: [0x6000-0x6fff]
[    0.077482] pci 0000:00:1c.4: bridge 32bit mmio: [0xd0000000-0xd1ffffff]
[    0.077489] pci 0000:00:1c.4: bridge 64bit mmio pref: [0xdf500000-0xdf5fffff]
[    0.077545] pci 0000:15:00.0: reg 10 32bit mmio: [0xf8300000-0xf8300fff]
[    0.077592] pci 0000:15:00.0: supports D1 D2
[    0.077593] pci 0000:15:00.0: PME# supported from D0 D1 D2 D3hot D3cold
[    0.077694] pci 0000:15:00.0: PME# disabled
[    0.077824] pci 0000:15:00.1: reg 10 32bit mmio: [0xf8301000-0xf83017ff]
[    0.077921] pci 0000:15:00.1: supports D1 D2
[    0.077923] pci 0000:15:00.1: PME# supported from D0 D1 D2 D3hot D3cold
[    0.077998] pci 0000:15:00.1: PME# disabled
[    0.078159] pci 0000:00:1e.0: transparent bridge
[    0.078249] pci 0000:00:1e.0: bridge io port: [0x7000-0xafff]
[    0.078255] pci 0000:00:1e.0: bridge 32bit mmio: [0xf8300000-0xfbffffff]
[    0.078264] pci 0000:00:1e.0: bridge 64bit mmio pref: [0xf4000000-0xf7ffffff]
[    0.078331] pci_bus 0000:00: on NUMA node 0
[    0.078335] ACPI: PCI Interrupt Routing Table [\_SB_.PCI0._PRT]
[    0.078469] ACPI: PCI Interrupt Routing Table [\_SB_.PCI0.EXP0._PRT]
[    0.078528] ACPI: PCI Interrupt Routing Table [\_SB_.PCI0.EXP1._PRT]
[    0.078586] ACPI: PCI Interrupt Routing Table [\_SB_.PCI0.EXP2._PRT]
[    0.078643] ACPI: PCI Interrupt Routing Table [\_SB_.PCI0.EXP3._PRT]
[    0.078705] ACPI: PCI Interrupt Routing Table [\_SB_.PCI0.EXP4._PRT]
[    0.078768] ACPI: PCI Interrupt Routing Table [\_SB_.PCI0.PCI1._PRT]
[    0.084246] ACPI: PCI Interrupt Link [LNKA] (IRQs 3 4 5 6 7 9 *10 11)
[    0.084967] ACPI: PCI Interrupt Link [LNKB] (IRQs 3 4 5 6 7 9 10 *11)
[    0.085658] ACPI: PCI Interrupt Link [LNKC] (IRQs 3 4 5 6 7 9 10 *11)
[    0.086385] ACPI: PCI Interrupt Link [LNKD] (IRQs 3 4 5 6 7 9 10 *11)
[    0.087153] ACPI: PCI Interrupt Link [LNKE] (IRQs 3 4 5 6 7 9 10 *11)
[    0.087884] ACPI: PCI Interrupt Link [LNKF] (IRQs 3 4 5 6 7 9 10 *11)
[    0.088560] ACPI: PCI Interrupt Link [LNKG] (IRQs 3 4 5 6 7 9 10 *11)
[    0.089280] ACPI: PCI Interrupt Link [LNKH] (IRQs 3 4 5 6 7 9 10 *11)
[    0.089953] vgaarb: device added: PCI:0000:00:02.0,decodes=io+mem,owns=io+mem,locks=none
[    0.090003] vgaarb: loaded
[    0.090186] SCSI subsystem initialized
[    0.090277] libata version 3.00 loaded.
[    0.090325] usbcore: registered new interface driver usbfs
[    0.090440] usbcore: registered new interface driver hub
[    0.090543] usbcore: registered new device driver usb
[    0.107042] raid6: int32x1    941 MB/s
[    0.123990] raid6: int32x2    886 MB/s
[    0.141069] raid6: int32x4    750 MB/s
[    0.157988] raid6: int32x8    656 MB/s
[    0.175003] raid6: mmxx1     2882 MB/s
[    0.191984] raid6: mmxx2     3269 MB/s
[    0.209001] raid6: sse1x1    1937 MB/s
[    0.225996] raid6: sse1x2    2535 MB/s
[    0.242979] raid6: sse2x1    3511 MB/s
[    0.259985] raid6: sse2x2    3828 MB/s
[    0.260062] raid6: using algorithm sse2x2 (3828 MB/s)
[    0.260145] PCI: Using ACPI for IRQ routing
[    0.260449] HPET: 3 timers in total, 0 timers will be used for per-cpu timer
[    0.260990] Switching to clocksource tsc
[    0.261082] pnp: PnP ACPI init
[    0.261164] ACPI: bus type pnp registered
[    0.264820] pnp: PnP ACPI: found 11 devices
[    0.264912] ACPI: ACPI bus type pnp unregistered
[    0.265000] system 00:00: iomem range 0x0-0x9ffff could not be reserved
[    0.265084] system 00:00: iomem range 0xc0000-0xc3fff could not be reserved
[    0.265166] system 00:00: iomem range 0xc4000-0xc7fff could not be reserved
[    0.265252] system 00:00: iomem range 0xc8000-0xcbfff has been reserved
[    0.265334] system 00:00: iomem range 0xcc000-0xcffff has been reserved
[    0.265419] system 00:00: iomem range 0xd0000-0xd3fff could not be reserved
[    0.265503] system 00:00: iomem range 0xe0000-0xe3fff could not be reserved
[    0.265602] system 00:00: iomem range 0xe4000-0xe7fff could not be reserved
[    0.265691] system 00:00: iomem range 0xe8000-0xebfff could not be reserved
[    0.265786] system 00:00: iomem range 0xec000-0xeffff could not be reserved
[    0.265874] system 00:00: iomem range 0xf0000-0xfffff could not be reserved
[    0.265968] system 00:00: iomem range 0x100000-0x3dffffff could not be reserved
[    0.266086] system 00:00: iomem range 0xfec00000-0xfed3ffff could not be reserved
[    0.266199] system 00:00: iomem range 0xfed4c000-0xffffffff could not be reserved
[    0.266314] system 00:02: ioport range 0x164e-0x164f has been reserved
[    0.266398] system 00:02: ioport range 0x1000-0x107f has been reserved
[    0.266480] system 00:02: ioport range 0x1180-0x11bf has been reserved
[    0.266563] system 00:02: ioport range 0x800-0x80f has been reserved
[    0.266644] system 00:02: ioport range 0x15e0-0x15ef has been reserved
[    0.266727] system 00:02: ioport range 0x1600-0x165f could not be reserved
[    0.266809] system 00:02: iomem range 0xf0000000-0xf3ffffff has been reserved
[    0.266904] system 00:02: iomem range 0xfed1c000-0xfed1ffff has been reserved
[    0.266987] system 00:02: iomem range 0xfed14000-0xfed17fff has been reserved
[    0.267073] system 00:02: iomem range 0xfed18000-0xfed18fff has been reserved
[    0.267162] system 00:02: iomem range 0xfed19000-0xfed19fff has been reserved
[    0.267245] system 00:02: iomem range 0xfed45000-0xfed4bfff has been reserved
[    0.302269] pci 0000:00:1c.0: PCI bridge, secondary bus 0000:02
[    0.302358] pci 0000:00:1c.0:   IO window: 0x2000-0x2fff
[    0.302454] pci 0000:00:1c.0:   MEM window: 0xfc000000-0xfdffffff
[    0.302539] pci 0000:00:1c.0:   PREFETCH window: 0x000000f8000000-0x000000f80fffff
[    0.302661] pci 0000:00:1c.1: PCI bridge, secondary bus 0000:03
[    0.302754] pci 0000:00:1c.1:   IO window: 0x3000-0x3fff
[    0.302846] pci 0000:00:1c.1:   MEM window: 0xdc000000-0xdf3fffff
[    0.302933] pci 0000:00:1c.1:   PREFETCH window: 0x000000dfe00000-0x000000dfefffff
[    0.303051] pci 0000:00:1c.2: PCI bridge, secondary bus 0000:04
[    0.303137] pci 0000:00:1c.2:   IO window: 0x4000-0x4fff
[    0.303226] pci 0000:00:1c.2:   MEM window: 0xd8000000-0xd9ffffff
[    0.303310] pci 0000:00:1c.2:   PREFETCH window: 0x000000dfb00000-0x000000dfbfffff
[    0.303430] pci 0000:00:1c.3: PCI bridge, secondary bus 0000:05
[    0.303519] pci 0000:00:1c.3:   IO window: 0x5000-0x5fff
[    0.303604] pci 0000:00:1c.3:   MEM window: 0xd4000000-0xd5ffffff
[    0.303688] pci 0000:00:1c.3:   PREFETCH window: 0x000000df800000-0x000000df8fffff
[    0.303804] pci 0000:00:1c.4: PCI bridge, secondary bus 0000:0d
[    0.303895] pci 0000:00:1c.4:   IO window: 0x6000-0x6fff
[    0.303978] pci 0000:00:1c.4:   MEM window: 0xd0000000-0xd1ffffff
[    0.304069] pci 0000:00:1c.4:   PREFETCH window: 0x000000df500000-0x000000df5fffff
[    0.304191] pci 0000:15:00.0: CardBus bridge, secondary bus 0000:16
[    0.304272] pci 0000:15:00.0:   IO window: 0x007000-0x0070ff
[    0.304364] pci 0000:15:00.0:   IO window: 0x007400-0x0074ff
[    0.304453] pci 0000:15:00.0:   PREFETCH window: 0xf4000000-0xf7ffffff
[    0.304537] pci 0000:15:00.0:   MEM window: 0x40000000-0x43ffffff
[    0.304628] pci 0000:00:1e.0: PCI bridge, secondary bus 0000:15
[    0.304719] pci 0000:00:1e.0:   IO window: 0x7000-0xafff
[    0.304811] pci 0000:00:1e.0:   MEM window: 0xf8300000-0xfbffffff
[    0.304900] pci 0000:00:1e.0:   PREFETCH window: 0x000000f4000000-0x000000f7ffffff
[    0.305031] pci 0000:00:1c.0: PCI INT A -> GSI 20 (level, low) -> IRQ 20
[    0.305126] pci 0000:00:1c.0: setting latency timer to 64
[    0.305140] pci 0000:00:1c.1: PCI INT B -> GSI 21 (level, low) -> IRQ 21
[    0.305227] pci 0000:00:1c.1: setting latency timer to 64
[    0.305239] pci 0000:00:1c.2: PCI INT C -> GSI 22 (level, low) -> IRQ 22
[    0.305333] pci 0000:00:1c.2: setting latency timer to 64
[    0.305344] pci 0000:00:1c.3: PCI INT D -> GSI 23 (level, low) -> IRQ 23
[    0.305437] pci 0000:00:1c.3: setting latency timer to 64
[    0.305454] pci 0000:00:1c.4: PCI INT A -> GSI 20 (level, low) -> IRQ 20
[    0.305539] pci 0000:00:1c.4: setting latency timer to 64
[    0.305548] pci 0000:00:1e.0: enabling device (0005 -> 0007)
[    0.305634] pci 0000:00:1e.0: setting latency timer to 64
[    0.305649] pci 0000:15:00.0: PCI INT A -> GSI 16 (level, low) -> IRQ 16
[    0.305740] pci 0000:15:00.0: setting latency timer to 64
[    0.305746] pci_bus 0000:00: resource 0 io:  [0x00-0xffff]
[    0.305748] pci_bus 0000:00: resource 1 mem: [0x000000-0xffffffff]
[    0.305750] pci_bus 0000:02: resource 0 io:  [0x2000-0x2fff]
[    0.305752] pci_bus 0000:02: resource 1 mem: [0xfc000000-0xfdffffff]
[    0.305754] pci_bus 0000:02: resource 2 pref mem [0xf8000000-0xf80fffff]
[    0.305756] pci_bus 0000:03: resource 0 io:  [0x3000-0x3fff]
[    0.305757] pci_bus 0000:03: resource 1 mem: [0xdc000000-0xdf3fffff]
[    0.305759] pci_bus 0000:03: resource 2 pref mem [0xdfe00000-0xdfefffff]
[    0.305761] pci_bus 0000:04: resource 0 io:  [0x4000-0x4fff]
[    0.305763] pci_bus 0000:04: resource 1 mem: [0xd8000000-0xd9ffffff]
[    0.305765] pci_bus 0000:04: resource 2 pref mem [0xdfb00000-0xdfbfffff]
[    0.305766] pci_bus 0000:05: resource 0 io:  [0x5000-0x5fff]
[    0.305768] pci_bus 0000:05: resource 1 mem: [0xd4000000-0xd5ffffff]
[    0.305770] pci_bus 0000:05: resource 2 pref mem [0xdf800000-0xdf8fffff]
[    0.305772] pci_bus 0000:0d: resource 0 io:  [0x6000-0x6fff]
[    0.305773] pci_bus 0000:0d: resource 1 mem: [0xd0000000-0xd1ffffff]
[    0.305775] pci_bus 0000:0d: resource 2 pref mem [0xdf500000-0xdf5fffff]
[    0.305777] pci_bus 0000:15: resource 0 io:  [0x7000-0xafff]
[    0.305779] pci_bus 0000:15: resource 1 mem: [0xf8300000-0xfbffffff]
[    0.305781] pci_bus 0000:15: resource 2 pref mem [0xf4000000-0xf7ffffff]
[    0.305782] pci_bus 0000:15: resource 3 io:  [0x00-0xffff]
[    0.305784] pci_bus 0000:15: resource 4 mem: [0x000000-0xffffffff]
[    0.305786] pci_bus 0000:16: resource 0 io:  [0x7000-0x70ff]
[    0.305788] pci_bus 0000:16: resource 1 io:  [0x7400-0x74ff]
[    0.305789] pci_bus 0000:16: resource 2 pref mem [0xf4000000-0xf7ffffff]
[    0.305791] pci_bus 0000:16: resource 3 mem: [0x40000000-0x43ffffff]
[    0.305799] NET: Registered protocol family 2
[    0.305883] RANDOM - __random32 called. Change num 7.  Value: 437d97bf	f373de51	f3b0f986
[    0.305885] RANDOM - random32 called.  Value: 437d97bf	f373de51	f3b0f986
[    0.305889] random 0000 0000 0000 5f8db4e5 4cfdf2a8: rand_read_num 3 get_random_bytes(4): sig fffffb64 5f8db4e5 4cfdf2a8
[    0.305892] random 0000 0000 0000 5f8db4e5 4cfdf2a8: extract_entropy(.. 4 ..)
[    0.305894] random 0000 0000 0000 5f8db4e5 4cfdf2a8: going to reseed nonblocking with 64 bits (32 of 0 requested)
[    0.305896] random 0000 0000 0000 5f8db4e5 4cfdf2a8: extract_entropy(.. 8 ..)
[    0.305898] random 0000 0000 0000 5f8db4e5 4cfdf2a8: trying to extract 64 bits from input
[    0.305900] random 0000 0000 0000 5f8db4e5 4cfdf2a8: debiting 0 entropy credits from input
[    0.305902] random 0000 0000 0000 5f8db4e5 4cfdf2a8: extract_entropy account returned: 0 
[    0.305905] random 0000 0000 0000 5f8db4e5 4cfdf2a8: urand_change_num 5 xfer_secondary_pool(4): pool_sig fffffb64, data_sig 00000000, bytes_mixed 0 5f8db4e5 4cfdf2a8
[    0.305908] random 0000 0000 0000 5f8db4e5 4cfdf2a8: trying to extract 32 bits from nonblocking
[    0.305910] random 0000 0000 0000 5f8db4e5 4cfdf2a8: debiting 32 entropy credits from nonblocking (unlimited)
[    0.305912] random 0000 0000 0000 5f8db4e5 4cfdf2a8: extract_entropy account returned: 4 
[    0.305916] random 0000 0000 0000 5f8db4e5 4cfdf2a8: urand_change_num 6 extract_buf: pool_sig fffffb64, data_sig 00000241, bytes_mixed 20 5f8db4e5 4cfdf2a8
[    0.305926] IP route cache hash table entries: 32768 (order: 5, 131072 bytes)
[    0.306054] RANDOM - __random32 called. Change num 8.  Value: d97bfe31	373de51f	f30dc6e6
[    0.306055] RANDOM - random32 called.  Value: d97bfe31	373de51f	f30dc6e6
[    0.306066] RANDOM - __random32 called. Change num 9.  Value: bfe314d7	73de51f5	8dcd6c7e
[    0.306067] RANDOM - random32 called.  Value: bfe314d7	73de51f5	8dcd6c7e
[    0.306069] RANDOM - __random32 called. Change num 10.  Value: 314d7baf	3de51f5e	d8fc74c1
[    0.306071] RANDOM - random32 called.  Value: 314d7baf	3de51f5e	d8fc74c1
[    0.306081] RANDOM - __random32 called. Change num 11.  Value: d7baf3c7	de51f5e5	e983e3fa
[    0.306083] RANDOM - random32 called.  Value: d7baf3c7	de51f5e5	e983e3fa
[    0.306092] TCP established hash table entries: 131072 (order: 8, 1048576 bytes)
[    0.306589] TCP bind hash table entries: 65536 (order: 6, 262144 bytes)
[    0.306768] TCP: Hash tables configured (established 131072 bind 65536)
[    0.306852] TCP reno registered
[    0.306951] NET: Registered protocol family 1
[    0.307059] RPC: Registered udp transport module.
[    0.307140] RPC: Registered tcp transport module.
[    0.307221] RPC: Registered tcp NFSv4.1 backchannel transport module.
[    0.307307] pci 0000:00:02.0: Boot video device
[    0.307525] Simple Boot Flag at 0x35 set to 0x1
[    0.308100] highmem bounce pool size: 64 pages
[    0.309590] VFS: Disk quotas dquot_6.5.2
[    0.309706] Dquot-cache hash table entries: 1024 (order 0, 4096 bytes)
[    0.310440] NTFS driver 2.1.29 [Flags: R/W].
[    0.310602] ROMFS MTD (C) 2007 Red Hat, Inc.
[    0.310806] JFS: nTxBlock = 7695, nTxLock = 61562
[    0.313239] SGI XFS with ACLs, security attributes, large block/inode numbers, no debug enabled
[    0.313725] SGI XFS Quota Management subsystem
[    0.314060] Slow work thread pool: Starting up
[    0.314151] Slow work thread pool: Ready
[    0.314235] GFS2 (built May 24 2013 02:47:17) installed
[    0.314328] msgmni has been set to 1734
[    0.314501] alg: No test for cipher_null (cipher_null-generic)
[    0.314596] alg: No test for ecb(cipher_null) (ecb-cipher_null)
[    0.314692] alg: No test for digest_null (digest_null-generic)
[    0.314787] alg: No test for compress_null (compress_null-generic)
[    0.315342] alg: No test for fcrypt (fcrypt-generic)
[    0.316747] alg: No test for stdrng (krng)
[    0.316839] async_tx: api initialized (async)
[    0.317003] Block layer SCSI generic (bsg) driver version 0.4 loaded (major 254)
[    0.317116] io scheduler noop registered
[    0.317200] io scheduler anticipatory registered
[    0.317283] io scheduler deadline registered
[    0.317406] io scheduler cfq registered (default)
[    0.317631] pcieport 0000:00:1c.0: irq 24 for MSI/MSI-X
[    0.317646] pcieport 0000:00:1c.0: setting latency timer to 64
[    0.317828] pcieport 0000:00:1c.1: irq 25 for MSI/MSI-X
[    0.317837] pcieport 0000:00:1c.1: setting latency timer to 64
[    0.318031] pcieport 0000:00:1c.2: irq 26 for MSI/MSI-X
[    0.318042] pcieport 0000:00:1c.2: setting latency timer to 64
[    0.318220] pcieport 0000:00:1c.3: irq 27 for MSI/MSI-X
[    0.318234] pcieport 0000:00:1c.3: setting latency timer to 64
[    0.318411] pcieport 0000:00:1c.4: irq 28 for MSI/MSI-X
[    0.318423] pcieport 0000:00:1c.4: setting latency timer to 64
[    0.318566] pci_hotplug: PCI Hot Plug PCI Core version: 0.5
[    0.318754] isapnp: Scanning for PnP cards...
[    0.679289] isapnp: No Plug & Play device found
[    0.679374] random 0000 0000 0000 5f8db4e5 4cfdf2a8: initializing
[    0.698905] Serial: 8250/16550 driver, 4 ports, IRQ sharing enabled
[    3.709677] floppy0: no floppy controllers found
[    3.710618] brd: module loaded
[    3.711117] loop: module loaded
[    3.711203] Compaq SMART2 Driver (v 2.6.0)
[    3.711327] HP CISS Driver (v 3.6.20)
[    3.711564] input: Macintosh mouse button emulation as /devices/virtual/input/input0
[    3.711702] Uniform Multi-Platform E-IDE driver
[    3.711922] piix 0000:00:1f.1: IDE controller (0x8086:0x2850 rev 0x03)
[    3.712014] pci 0000:00:1f.1: PCI INT C -> GSI 16 (level, low) -> IRQ 16
[    3.712110] piix 0000:00:1f.1: IDE port disabled
[    3.712206] piix 0000:00:1f.1: not 100% native mode: will probe irqs later
[    3.712298]     ide0: BM-DMA at 0x1c00-0x1c07
[    3.712394] Probing IDE interface ide0...
[    4.383858] hda: HL-DT-ST DVDRAM GSA-U10N, ATAPI CD/DVD-ROM drive
[    4.690650] hda: host max PIO4 wanted PIO255(auto-tune) selected PIO4
[    4.691421] hda: UDMA/33 mode selected
[    4.691883] ide0 at 0x1f0-0x1f7,0x3f6 on irq 14
[    4.695764] ide-gd driver 1.18
[    4.695866] ide-cd driver 5.00
[    4.697244] ide-cd: hda: ATAPI 24X DVD-ROM DVD-R/RAM CD-R/RW drive, 2048kB Cache
[    4.697642] Uniform CD-ROM driver Revision: 3.20
[    4.704803] Loading iSCSI transport class v2.0-870.
[    4.705083] rdac: device handler registered
[    4.705162] hp_sw: device handler registered
[    4.705242] emc: device handler registered
[    4.705324] alua: device handler registered
[    4.706297] Adaptec aacraid driver 1.1-5[2461]-ms
[    4.706656] scsi: <fdomain> Detection failed (no card)
[    4.706743] sym53c416.c: Version 1.0.0-ac
[    4.706848] qlogicfas: no cards were found, please specify I/O address and IRQ using iobase= and irq= options
[    4.707016] QLogic Fibre Channel HBA Driver: 8.03.01-k6
[    4.707220] iscsi: registered transport (qla4xxx)
[    4.707320] QLogic iSCSI HBA Driver
[    4.707415] Emulex LightPulse Fibre Channel SCSI driver 8.3.4
[    4.707495] Copyright(c) 2004-2009 Emulex.  All rights reserved.
[    4.729636] Failed initialization of WD-7000 SCSI card!
[    4.818988] DC390: clustering now enabled by default. If you get problems load
[    4.819104]        with "disable_clustering=1" and report to maintainers
[    4.819228] megaraid cmm: 2.20.2.7 (Release Date: Sun Jul 16 00:01:03 EST 2006)
[    4.819378] megaraid: 2.20.5.1 (Release Date: Thu Nov 16 15:32:35 EST 2006)
[    4.819481] megasas: 00.00.04.01 Thu July 24 11:41:51 PST 2008
[    4.819605] GDT-HA: Storage RAID Controller Driver. Version: 3.05
[    4.819747] 3ware Storage Controller device driver for Linux v1.26.02.002.
[    4.819859] 3ware 9000 Storage Controller device driver for Linux v2.26.02.012.
[    4.820001] nsp32: loading...
[    4.820110] ipr: IBM Power RAID SCSI Device Driver version: 2.4.3 (June 10, 2009)
[    4.820249] RocketRAID 3xxx/4xxx Controller driver v1.6 (090910)
[    4.820354] stex: Promise SuperTrak EX Driver version: 4.6.0000.3
[    4.820488] st: Version 20081215, fixed bufsize 32768, s/g segs 256
[    4.820677] ahci 0000:00:1f.2: version 3.0
[    4.820694] ahci 0000:00:1f.2: PCI INT B -> GSI 16 (level, low) -> IRQ 16
[    4.820817] ahci 0000:00:1f.2: irq 29 for MSI/MSI-X
[    4.820883] ahci 0000:00:1f.2: AHCI 0001.0100 32 slots 3 ports 1.5 Gbps 0x5 impl SATA mode
[    4.820997] ahci 0000:00:1f.2: flags: 64bit ncq sntf pm led clo pio slum part ccc 
[    4.821118] ahci 0000:00:1f.2: setting latency timer to 64
[    4.821262] scsi2 : ahci
[    4.821411] scsi3 : ahci
[    4.821541] scsi4 : ahci
[    4.821720] ata1: SATA max UDMA/133 abar m2048@0xfe226000 port 0xfe226100 irq 29
[    4.821837] ata2: DUMMY
[    4.821920] ata3: SATA max UDMA/133 abar m2048@0xfe226000 port 0xfe226200 irq 29
[    4.822519] I2O subsystem v1.325
[    4.822618] i2o: max drivers = 8
[    4.822756] I2O Configuration OSM v1.323
[    4.822857] I2O Bus Adapter OSM v1.317
[    4.822951] I2O Block Device OSM v1.325
[    4.823093] I2O SCSI Peripheral OSM v1.316
[    4.823187] I2O ProcFS OSM v1.316
[    4.823286] Fusion MPT base driver 3.04.12
[    4.823367] Copyright (c) 1999-2008 LSI Corporation
[    4.823455] Fusion MPT SPI Host driver 3.04.12
[    4.823555] Fusion MPT FC Host driver 3.04.12
[    4.823710] Fusion MPT SAS Host driver 3.04.12
[    4.823859] ohci1394 0000:15:00.1: PCI INT B -> GSI 17 (level, low) -> IRQ 17
[    4.823955] ohci1394 0000:15:00.1: setting latency timer to 64
[    4.877647] ohci1394: fw-host0: OHCI-1394 1.1 (PCI): IRQ=[17]  MMIO=[f8301000-f83017ff]  Max Packet=[2048]  IR/IT contexts=[4/4]
[    4.880908] ehci_hcd: USB 2.0 'Enhanced' Host Controller (EHCI) Driver
[    4.881168] ehci_hcd 0000:00:1a.7: power state changed by ACPI to D0
[    4.881410] ehci_hcd 0000:00:1a.7: power state changed by ACPI to D0
[    4.881511] ehci_hcd 0000:00:1a.7: PCI INT C -> GSI 22 (level, low) -> IRQ 22
[    4.881613] ehci_hcd 0000:00:1a.7: setting latency timer to 64
[    4.881618] ehci_hcd 0000:00:1a.7: EHCI Host Controller
[    4.881748] ehci_hcd 0000:00:1a.7: new USB bus registered, assigned bus number 1
[    4.885772] ehci_hcd 0000:00:1a.7: cache line size of 32 is not supported
[    4.885782] ehci_hcd 0000:00:1a.7: irq 22, io mem 0xfe226c00
[    4.895609] ehci_hcd 0000:00:1a.7: USB 2.0 started, EHCI 1.00
[    4.895703] usb usb1: New USB device found, idVendor=1d6b, idProduct=0002
[    4.895785] usb usb1: New USB device strings: Mfr=3, Product=2, SerialNumber=1
[    4.895897] usb usb1: Product: EHCI Host Controller
[    4.895989] usb usb1: Manufacturer: Linux 2.6.32.57 ehci_hcd
[    4.896081] usb usb1: SerialNumber: 0000:00:1a.7
[    4.896218] usb usb1: configuration #1 chosen from 1 choice
[    4.896339] hub 1-0:1.0: USB hub found
[    4.896426] hub 1-0:1.0: 4 ports detected
[    4.896723] ehci_hcd 0000:00:1d.7: power state changed by ACPI to D0
[    4.897029] ehci_hcd 0000:00:1d.7: power state changed by ACPI to D0
[    4.897118] ehci_hcd 0000:00:1d.7: PCI INT D -> GSI 19 (level, low) -> IRQ 19
[    4.897214] ehci_hcd 0000:00:1d.7: setting latency timer to 64
[    4.897217] ehci_hcd 0000:00:1d.7: EHCI Host Controller
[    4.897336] ehci_hcd 0000:00:1d.7: new USB bus registered, assigned bus number 2
[    4.897481] ehci_hcd 0000:00:1d.7: debug port 1
[    4.901455] ehci_hcd 0000:00:1d.7: cache line size of 32 is not supported
[    4.901462] ehci_hcd 0000:00:1d.7: irq 19, io mem 0xfe227000
[    4.911608] ehci_hcd 0000:00:1d.7: USB 2.0 started, EHCI 1.00
[    4.911708] usb usb2: New USB device found, idVendor=1d6b, idProduct=0002
[    4.911804] usb usb2: New USB device strings: Mfr=3, Product=2, SerialNumber=1
[    4.911920] usb usb2: Product: EHCI Host Controller
[    4.912008] usb usb2: Manufacturer: Linux 2.6.32.57 ehci_hcd
[    4.912090] usb usb2: SerialNumber: 0000:00:1d.7
[    4.912234] usb usb2: configuration #1 chosen from 1 choice
[    4.912347] hub 2-0:1.0: USB hub found
[    4.912434] hub 2-0:1.0: 6 ports detected
[    4.912617] 116x: driver isp116x-hcd, 03 Nov 2005
[    4.912724] ohci_hcd: USB 1.1 'Open' Host Controller (OHCI) Driver
[    4.912830] uhci_hcd: USB Universal Host Controller Interface driver
[    4.912935] uhci_hcd 0000:00:1a.0: PCI INT A -> GSI 20 (level, low) -> IRQ 20
[    4.913026] uhci_hcd 0000:00:1a.0: setting latency timer to 64
[    4.913031] uhci_hcd 0000:00:1a.0: UHCI Host Controller
[    4.913158] uhci_hcd 0000:00:1a.0: new USB bus registered, assigned bus number 3
[    4.913302] uhci_hcd 0000:00:1a.0: irq 20, io base 0x00001860
[    4.913408] usb usb3: New USB device found, idVendor=1d6b, idProduct=0001
[    4.913490] usb usb3: New USB device strings: Mfr=3, Product=2, SerialNumber=1
[    4.913629] usb usb3: Product: UHCI Host Controller
[    4.913712] usb usb3: Manufacturer: Linux 2.6.32.57 uhci_hcd
[    4.913792] usb usb3: SerialNumber: 0000:00:1a.0
[    4.913919] usb usb3: configuration #1 chosen from 1 choice
[    4.914036] hub 3-0:1.0: USB hub found
[    4.914127] hub 3-0:1.0: 2 ports detected
[    4.914409] uhci_hcd 0000:00:1a.1: power state changed by ACPI to D0
[    4.914661] uhci_hcd 0000:00:1a.1: power state changed by ACPI to D0
[    4.914746] uhci_hcd 0000:00:1a.1: PCI INT B -> GSI 21 (level, low) -> IRQ 21
[    4.914847] uhci_hcd 0000:00:1a.1: setting latency timer to 64
[    4.914850] uhci_hcd 0000:00:1a.1: UHCI Host Controller
[    4.914967] uhci_hcd 0000:00:1a.1: new USB bus registered, assigned bus number 4
[    4.915111] uhci_hcd 0000:00:1a.1: irq 21, io base 0x00001880
[    4.915216] usb usb4: New USB device found, idVendor=1d6b, idProduct=0001
[    4.915298] usb usb4: New USB device strings: Mfr=3, Product=2, SerialNumber=1
[    4.915413] usb usb4: Product: UHCI Host Controller
[    4.915492] usb usb4: Manufacturer: Linux 2.6.32.57 uhci_hcd
[    4.915580] usb usb4: SerialNumber: 0000:00:1a.1
[    4.915713] usb usb4: configuration #1 chosen from 1 choice
[    4.915821] hub 4-0:1.0: USB hub found
[    4.915909] hub 4-0:1.0: 2 ports detected
[    4.916188] uhci_hcd 0000:00:1d.0: power state changed by ACPI to D0
[    4.916428] uhci_hcd 0000:00:1d.0: power state changed by ACPI to D0
[    4.916514] uhci_hcd 0000:00:1d.0: PCI INT A -> GSI 16 (level, low) -> IRQ 16
[    4.916611] uhci_hcd 0000:00:1d.0: setting latency timer to 64
[    4.916616] uhci_hcd 0000:00:1d.0: UHCI Host Controller
[    4.916743] uhci_hcd 0000:00:1d.0: new USB bus registered, assigned bus number 5
[    4.916887] uhci_hcd 0000:00:1d.0: irq 16, io base 0x000018a0
[    4.916998] usb usb5: New USB device found, idVendor=1d6b, idProduct=0001
[    4.917083] usb usb5: New USB device strings: Mfr=3, Product=2, SerialNumber=1
[    4.917199] usb usb5: Product: UHCI Host Controller
[    4.917281] usb usb5: Manufacturer: Linux 2.6.32.57 uhci_hcd
[    4.917369] usb usb5: SerialNumber: 0000:00:1d.0
[    4.917499] usb usb5: configuration #1 chosen from 1 choice
[    4.917624] hub 5-0:1.0: USB hub found
[    4.917719] hub 5-0:1.0: 2 ports detected
[    4.917863] uhci_hcd 0000:00:1d.1: PCI INT B -> GSI 17 (level, low) -> IRQ 17
[    4.917964] uhci_hcd 0000:00:1d.1: setting latency timer to 64
[    4.917969] uhci_hcd 0000:00:1d.1: UHCI Host Controller
[    4.918084] uhci_hcd 0000:00:1d.1: new USB bus registered, assigned bus number 6
[    4.918217] uhci_hcd 0000:00:1d.1: irq 17, io base 0x000018c0
[    4.918330] usb usb6: New USB device found, idVendor=1d6b, idProduct=0001
[    4.918413] usb usb6: New USB device strings: Mfr=3, Product=2, SerialNumber=1
[    4.918535] usb usb6: Product: UHCI Host Controller
[    4.918621] usb usb6: Manufacturer: Linux 2.6.32.57 uhci_hcd
[    4.918707] usb usb6: SerialNumber: 0000:00:1d.1
[    4.918832] usb usb6: configuration #1 chosen from 1 choice
[    4.918939] hub 6-0:1.0: USB hub found
[    4.919023] hub 6-0:1.0: 2 ports detected
[    4.919307] uhci_hcd 0000:00:1d.2: power state changed by ACPI to D0
[    4.919552] uhci_hcd 0000:00:1d.2: power state changed by ACPI to D0
[    4.919651] uhci_hcd 0000:00:1d.2: PCI INT C -> GSI 18 (level, low) -> IRQ 18
[    4.919739] uhci_hcd 0000:00:1d.2: setting latency timer to 64
[    4.919744] uhci_hcd 0000:00:1d.2: UHCI Host Controller
[    4.919865] uhci_hcd 0000:00:1d.2: new USB bus registered, assigned bus number 7
[    4.920010] uhci_hcd 0000:00:1d.2: irq 18, io base 0x000018e0
[    4.920124] usb usb7: New USB device found, idVendor=1d6b, idProduct=0001
[    4.920207] usb usb7: New USB device strings: Mfr=3, Product=2, SerialNumber=1
[    4.920316] usb usb7: Product: UHCI Host Controller
[    4.920396] usb usb7: Manufacturer: Linux 2.6.32.57 uhci_hcd
[    4.920478] usb usb7: SerialNumber: 0000:00:1d.2
[    4.921265] usb usb7: configuration #1 chosen from 1 choice
[    4.921372] hub 7-0:1.0: USB hub found
[    4.921454] hub 7-0:1.0: 2 ports detected
[    4.921616] sl811: driver sl811-hcd, 19 May 2005
[    4.921727] r8a66597_hcd: driver r8a66597_hcd, 2009-05-26
[    4.921887] Initializing USB Mass Storage driver...
[    4.922003] usbcore: registered new interface driver usb-storage
[    4.922086] USB Mass Storage support registered.
[    4.922182] usbcore: registered new interface driver ums-alauda
[    4.922287] usbcore: registered new interface driver ums-cypress
[    4.922390] usbcore: registered new interface driver ums-datafab
[    4.922492] usbcore: registered new interface driver ums-freecom
[    4.922595] usbcore: registered new interface driver ums-isd200
[    4.922713] usbcore: registered new interface driver ums-jumpshot
[    4.922811] usbcore: registered new interface driver ums-karma
[    4.922917] usbcore: registered new interface driver ums-onetouch
[    4.923018] usbcore: registered new interface driver ums-sddr09
[    4.923120] usbcore: registered new interface driver ums-sddr55
[    4.923222] usbcore: registered new interface driver ums-usbat
[    4.923366] PNP: PS/2 Controller [PNP0303:KBD,PNP0f13:MOU] at 0x60,0x64 irq 1,12
[    4.931736] serio: i8042 KBD port at 0x60,0x64 irq 1
[    4.931822] serio: i8042 AUX port at 0x60,0x64 irq 12
[    4.932057] mice: PS/2 mouse device common for all mice
[    4.932159] i2c /dev entries driver
[    4.932280] md: linear personality registered for level -1
[    4.932366] md: raid0 personality registered for level 0
[    4.932455] md: raid1 personality registered for level 1
[    4.932535] md: raid10 personality registered for level 10
[    4.932634] md: raid6 personality registered for level 6
[    4.932716] md: raid5 personality registered for level 5
[    4.932796] md: raid4 personality registered for level 4
[    4.932887] md: multipath personality registered for level -4
[    4.933072] device-mapper: ioctl: 4.15.0-ioctl (2009-04-01) initialised: dm-devel@redhat.com
[    4.933257] cpuidle: using governor ladder
[    4.933868] usbcore: registered new interface driver usbhid
[    4.933949] usbhid: v2.6:USB HID core driver
[    4.934089] random 0000 0000 0000 00000000 00000000: rand_read_num 4 get_random_bytes(136): sig 00000000 00000000 00000000
[    4.934092] random 0000 0000 0000 00000000 00000000: extract_entropy(.. 136 ..)
[    4.934095] random 0000 0000 0000 00000000 00000000: going to reseed nonblocking with 1024 bits (1088 of 0 requested)
[    4.934097] random 0000 0000 0000 00000000 00000000: extract_entropy(.. 128 ..)
[    4.934099] random 0000 0000 0000 00000000 00000000: trying to extract 1024 bits from input
[    4.934101] random 0000 0000 0000 00000000 00000000: debiting 0 entropy credits from input
[    4.934103] random 0000 0000 0000 00000000 00000000: extract_entropy account returned: 0 
[    4.934106] random 0000 0000 0000 00000000 00000000: urand_change_num 7 xfer_secondary_pool(136): pool_sig 00000000, data_sig 00000000, bytes_mixed 0 00000000 00000000
[    4.934109] random 0000 0000 0000 00000000 00000000: trying to extract 1088 bits from nonblocking
[    4.934111] random 0000 0000 0000 00000000 00000000: debiting 1088 entropy credits from nonblocking (unlimited)
[    4.934113] random 0000 0000 0000 00000000 00000000: extract_entropy account returned: 136 
[    4.934118] random 0000 0000 0000 00000000 00000000: urand_change_num 8 extract_buf: pool_sig 00000000, data_sig fffffff9, bytes_mixed 20 00000000 00000000
[    4.934123] random 0000 0000 0000 b7c35b56 be4dc95d: urand_change_num 9 extract_buf: pool_sig fffffd1e, data_sig 000000c5, bytes_mixed 20 b7c35b56 be4dc95d
[    4.934128] random 0000 0000 0000 ed9f5c47 c48487fb: urand_change_num 10 extract_buf: pool_sig fffff8ec, data_sig ffffff68, bytes_mixed 20 ed9f5c47 c48487fb
[    4.934134] random 0000 0000 0000 ed9f5c47 c48487fb: urand_change_num 11 extract_buf: pool_sig fffffaed, data_sig 000001aa, bytes_mixed 20 ed9f5c47 c48487fb
[    4.934139] random 0000 0000 0000 1b4f7c0a 91bd6a48: urand_change_num 12 extract_buf: pool_sig fffffdd8, data_sig 00000064, bytes_mixed 20 1b4f7c0a 91bd6a48
[    4.934144] random 0000 0000 0000 a254b9bc 20e9a24f: urand_change_num 13 extract_buf: pool_sig fffffbe6, data_sig 000001dd, bytes_mixed 20 a254b9bc 20e9a24f
[    4.934149] random 0000 0000 0000 a254b9bc 20e9a24f: urand_change_num 14 extract_buf: pool_sig fffff940, data_sig fffffe20, bytes_mixed 20 a254b9bc 20e9a24f
[    4.934154] random 0000 0000 0000 2831a66b 5fa2a3ad: urand_change_num 15 extract_buf: pool_sig fffffbce, data_sig 0000007e, bytes_mixed 20 2831a66b 5fa2a3ad
[    4.934160] random 0000 0000 0000 2831a66b 5fa2a3ad: urand_change_num 16 extract_buf: pool_sig 000004df, data_sig fffffe8f, bytes_mixed 20 2831a66b 5fa2a3ad
[    4.934165] random 0000 0000 0000 d4512bfd c9a54e0b: urand_change_num 17 extract_buf: pool_sig 00000485, data_sig fffffe68, bytes_mixed 20 d4512bfd c9a54e0b
[    4.934170] random 0000 0000 0000 c7371be6 f9ffea11: urand_change_num 18 extract_buf: pool_sig 00000095, data_sig ffffffed, bytes_mixed 20 c7371be6 f9ffea11
[    4.934175] random 0000 0000 0000 c7371be6 f9ffea11: urand_change_num 19 extract_buf: pool_sig 000003a7, data_sig fffffefa, bytes_mixed 20 c7371be6 f9ffea11
[    4.934180] random 0000 0000 0000 8fb4b62c d1ddba54: urand_change_num 20 extract_buf: pool_sig 00000179, data_sig ffffff78, bytes_mixed 20 8fb4b62c d1ddba54
[    4.934185] random 0000 0000 0000 9ff19f9c c07a1d2a: urand_change_num 21 extract_buf: pool_sig fffffe88, data_sig 00000126, bytes_mixed 20 9ff19f9c c07a1d2a
[    4.934189] TCP cubic registered
[    4.934267] Initializing XFRM netlink socket
[    4.934355] NET: Registered protocol family 17
[    4.934453] Using IPI Shortcut mode
[    4.934534] random 0000 0000 0000 9ff19f9c c07a1d2a: rand_read_num 5 get_random_bytes(8): sig 0000031b 9ff19f9c c07a1d2a
[    4.934536] random 0000 0000 0000 9ff19f9c c07a1d2a: extract_entropy(.. 8 ..)
[    4.934538] random 0000 0000 0000 9ff19f9c c07a1d2a: going to reseed nonblocking with 64 bits (64 of 0 requested)
[    4.934540] random 0000 0000 0000 9ff19f9c c07a1d2a: extract_entropy(.. 8 ..)
[    4.934542] random 0000 0000 0000 9ff19f9c c07a1d2a: trying to extract 64 bits from input
[    4.934545] random 0000 0000 0000 9ff19f9c c07a1d2a: debiting 0 entropy credits from input
[    4.934546] random 0000 0000 0000 9ff19f9c c07a1d2a: extract_entropy account returned: 0 
[    4.934550] random 0000 0000 0000 9ff19f9c c07a1d2a: urand_change_num 22 xfer_secondary_pool(8): pool_sig 0000031b, data_sig 00000000, bytes_mixed 0 9ff19f9c c07a1d2a
[    4.934552] random 0000 0000 0000 9ff19f9c c07a1d2a: trying to extract 64 bits from nonblocking
[    4.934555] random 0000 0000 0000 9ff19f9c c07a1d2a: debiting 64 entropy credits from nonblocking (unlimited)
[    4.934557] random 0000 0000 0000 9ff19f9c c07a1d2a: extract_entropy account returned: 8 
[    4.934561] random 0000 0000 0000 9ff19f9c c07a1d2a: urand_change_num 23 extract_buf: pool_sig 0000031b, data_sig ffffffb3, bytes_mixed 20 9ff19f9c c07a1d2a
[    4.937289] input: AT Translated Set 2 keyboard as /devices/platform/i8042/serio0/input/input1
[    5.126609] ata3: SATA link down (SStatus 0 SControl 300)
[    5.126718] ata1: SATA link up 1.5 Gbps (SStatus 113 SControl 300)
[    5.128534] ata1.00: ACPI cmd ef/02:00:00:00:00:a0 (SET FEATURES) succeeded
[    5.128537] ata1.00: ACPI cmd f5/00:00:00:00:00:a0 (SECURITY FREEZE LOCK) filtered out
[    5.129929] ata1.00: ACPI cmd ef/5f:00:00:00:00:a0 (SET FEATURES) succeeded
[    5.129932] ata1.00: ACPI cmd ef/10:03:00:00:00:a0 (SET FEATURES) filtered out
[    5.131839] ata1.00: ATA-7: ST910021AS, 4.06, max UDMA/100
[    5.131925] ata1.00: 195371568 sectors, multi 16: LBA48 
[    5.134077] ata1.00: ACPI cmd ef/02:00:00:00:00:a0 (SET FEATURES) succeeded
[    5.134080] ata1.00: ACPI cmd f5/00:00:00:00:00:a0 (SECURITY FREEZE LOCK) filtered out
[    5.135472] ata1.00: ACPI cmd ef/5f:00:00:00:00:a0 (SET FEATURES) succeeded
[    5.135475] ata1.00: ACPI cmd ef/10:03:00:00:00:a0 (SET FEATURES) filtered out
[    5.137399] ata1.00: configured for UDMA/100
[    5.147660] scsi 2:0:0:0: Direct-Access     ATA      ST910021AS       4.06 PQ: 0 ANSI: 5
[    5.147933] sd 2:0:0:0: [sda] 195371568 512-byte logical blocks: (100 GB/93.1 GiB)
[    5.148073] sd 2:0:0:0: [sda] Write Protect is off
[    5.148159] sd 2:0:0:0: [sda] Mode Sense: 00 3a 00 00
[    5.148171] sd 2:0:0:0: [sda] Write cache: enabled, read cache: enabled, doesn't support DPO or FUA
[    5.148355]  sda:
[    5.213593] usb 2-1: new high speed USB device using ehci_hcd and address 2
[    5.362827] usb 2-1: New USB device found, idVendor=0e8d, idProduct=1806
[    5.362909] usb 2-1: New USB device strings: Mfr=1, Product=2, SerialNumber=3
[    5.362991] usb 2-1: Product: MT1806 
[    5.363070] usb 2-1: Manufacturer: MediaTek Inc
[    5.363156] usb 2-1: SerialNumber: R8KN6GAC800AEB 
[    5.363292] usb 2-1: configuration #1 chosen from 1 choice
[    5.369619] scsi5 : SCSI emulation for USB Mass Storage devices
[    5.369776] usb-storage: device found at 2
[    5.369778] usb-storage: waiting for device to settle before scanning
[    5.565314]  sda1 sda2
[    5.566035] sd 2:0:0:0: [sda] Attached SCSI disk
[    5.566119] random 0000 0000 0000 277f73c3 42024bb9: rand_read_num 6 get_random_bytes(12): sig 000007e9 277f73c3 42024bb9
[    5.566122] random 0000 0000 0000 277f73c3 42024bb9: extract_entropy(.. 12 ..)
[    5.566124] random 0000 0000 0000 277f73c3 42024bb9: going to reseed nonblocking with 96 bits (96 of 0 requested)
[    5.566126] random 0000 0000 0000 277f73c3 42024bb9: extract_entropy(.. 12 ..)
[    5.566128] random 0000 0000 0000 277f73c3 42024bb9: trying to extract 96 bits from input
[    5.566130] random 0000 0000 0000 277f73c3 42024bb9: debiting 0 entropy credits from input
[    5.566132] random 0000 0000 0000 277f73c3 42024bb9: extract_entropy account returned: 0 
[    5.566135] random 0000 0000 0000 277f73c3 42024bb9: urand_change_num 24 xfer_secondary_pool(12): pool_sig 000007e9, data_sig 00000000, bytes_mixed 0 277f73c3 42024bb9
[    5.566138] random 0000 0000 0000 277f73c3 42024bb9: trying to extract 96 bits from nonblocking
[    5.566140] random 0000 0000 0000 277f73c3 42024bb9: debiting 96 entropy credits from nonblocking (unlimited)
[    5.566142] random 0000 0000 0000 277f73c3 42024bb9: extract_entropy account returned: 12 
[    5.566147] random 0000 0000 0000 277f73c3 42024bb9: urand_change_num 25 extract_buf: pool_sig 000007e9, data_sig 00000088, bytes_mixed 20 277f73c3 42024bb9
[    5.566152] random 0000 0000 0000 277f73c3 42024bb9: urand_change_num 26 extract_buf: pool_sig 00000498, data_sig fffffefb, bytes_mixed 20 277f73c3 42024bb9
[    5.566155] RANDOM - __seed init called.
[    5.566156] RANDOM - __seed init called.
[    5.566157] RANDOM - __seed init called.
[    5.566159] RANDOM - __random32 called. Change num 12.  Value: 87f14767	f0d7351	b1e48bd3
[    5.566160] RANDOM - random32_reseed called.  Value: 87f14767	f0d7351	b1e48bd3
[    5.566163] Pid: 1, comm: swapper Not tainted 2.6.32.57 #3
[    5.566245] Call Trace:
[    5.566327]  [<c1923ca4>] ? random32_reseed+0xa0/0xb1
[    5.566418]  [<c1923c04>] ? random32_reseed+0x0/0xb1
[    5.566511]  [<c100111e>] ? do_one_initcall+0x2e/0x180
[    5.566596]  [<c1907265>] ? kernel_init+0xad/0x103
[    5.566677]  [<c19071b8>] ? kernel_init+0x0/0x103
[    5.566764]  [<c1003787>] ? kernel_thread_helper+0x7/0x10
[    5.567293] random 0000 0000 0000 386b4e60 ee4d4880: rand_read_num 7 get_random_bytes(64): sig fffffea5 386b4e60 ee4d4880
[    5.567295] random 0000 0000 0000 386b4e60 ee4d4880: extract_entropy(.. 64 ..)
[    5.567298] random 0000 0000 0000 386b4e60 ee4d4880: going to reseed nonblocking with 512 bits (512 of 0 requested)
[    5.567300] random 0000 0000 0000 386b4e60 ee4d4880: extract_entropy(.. 64 ..)
[    5.567302] random 0000 0000 0000 386b4e60 ee4d4880: trying to extract 512 bits from input
[    5.567304] random 0000 0000 0000 386b4e60 ee4d4880: debiting 0 entropy credits from input
[    5.567306] random 0000 0000 0000 386b4e60 ee4d4880: extract_entropy account returned: 0 
[    5.567309] random 0000 0000 0000 386b4e60 ee4d4880: urand_change_num 27 xfer_secondary_pool(64): pool_sig fffffea5, data_sig 00000000, bytes_mixed 0 386b4e60 ee4d4880
[    5.567312] random 0000 0000 0000 386b4e60 ee4d4880: trying to extract 512 bits from nonblocking
[    5.567314] random 0000 0000 0000 386b4e60 ee4d4880: debiting 512 entropy credits from nonblocking (unlimited)
[    5.567316] random 0000 0000 0000 386b4e60 ee4d4880: extract_entropy account returned: 64 
[    5.567320] random 0000 0000 0000 386b4e60 ee4d4880: urand_change_num 28 extract_buf: pool_sig fffffea5, data_sig 00000173, bytes_mixed 20 386b4e60 ee4d4880
[    5.567326] random 0000 0000 0000 412698f6 0cc8689a: urand_change_num 29 extract_buf: pool_sig 00000122, data_sig ffffff63, bytes_mixed 20 412698f6 0cc8689a
[    5.567331] random 0000 0000 0000 412698f6 0cc8689a: urand_change_num 30 extract_buf: pool_sig 000001f7, data_sig 00000012, bytes_mixed 20 412698f6 0cc8689a
[    5.567336] random 0000 0000 0000 9669941e 06f768b1: urand_change_num 31 extract_buf: pool_sig fffffb5b, data_sig 0000003f, bytes_mixed 20 9669941e 06f768b1
[    5.567342] random 0000 0000 0000 98486520 995551f0: urand_change_num 32 extract_buf: pool_sig fffffb39, data_sig 0000000e, bytes_mixed 20 98486520 995551f0
[    5.567347] random 0000 0000 0000 98486520 995551f0: urand_change_num 33 extract_buf: pool_sig fffffd8d, data_sig 000001a6, bytes_mixed 20 98486520 995551f0
[    5.567352] random 0000 0000 0000 61fc8914 d5882ed2: urand_change_num 34 extract_buf: pool_sig fffffa58, data_sig 0000023e, bytes_mixed 20 61fc8914 d5882ed2
[    5.567381] random 0000 0000 0000 61fc8914 d5882ed2: rand_read_num 8 get_random_bytes(64): sig fffff9ee 61fc8914 d5882ed2
[    5.567384] random 0000 0000 0000 61fc8914 d5882ed2: extract_entropy(.. 64 ..)
[    5.567386] random 0000 0000 0000 61fc8914 d5882ed2: going to reseed nonblocking with 512 bits (512 of 0 requested)
[    5.567388] random 0000 0000 0000 61fc8914 d5882ed2: extract_entropy(.. 64 ..)
[    5.567390] random 0000 0000 0000 61fc8914 d5882ed2: trying to extract 512 bits from input
[    5.567392] random 0000 0000 0000 61fc8914 d5882ed2: debiting 0 entropy credits from input
[    5.567394] random 0000 0000 0000 61fc8914 d5882ed2: extract_entropy account returned: 0 
[    5.567397] random 0000 0000 0000 61fc8914 d5882ed2: urand_change_num 35 xfer_secondary_pool(64): pool_sig fffff9ee, data_sig 00000000, bytes_mixed 0 61fc8914 d5882ed2
[    5.567400] random 0000 0000 0000 61fc8914 d5882ed2: trying to extract 512 bits from nonblocking
[    5.567402] random 0000 0000 0000 61fc8914 d5882ed2: debiting 512 entropy credits from nonblocking (unlimited)
[    5.567404] random 0000 0000 0000 61fc8914 d5882ed2: extract_entropy account returned: 64 
[    5.567408] random 0000 0000 0000 61fc8914 d5882ed2: urand_change_num 36 extract_buf: pool_sig fffff9ee, data_sig ffffff85, bytes_mixed 20 61fc8914 d5882ed2
[    5.567414] random 0000 0000 0000 70cfd302 e5edec11: urand_change_num 37 extract_buf: pool_sig fffffdc1, data_sig ffffffde, bytes_mixed 20 70cfd302 e5edec11
[    5.567419] random 0000 0000 0000 00dab838 eafd2b30: urand_change_num 38 extract_buf: pool_sig 000003da, data_sig ffffff61, bytes_mixed 20 00dab838 eafd2b30
[    5.567424] random 0000 0000 0000 00dab838 eafd2b30: urand_change_num 39 extract_buf: pool_sig 00000314, data_sig 00000121, bytes_mixed 20 00dab838 eafd2b30
[    5.567429] random 0000 0000 0000 5fcdf66a 6442b608: urand_change_num 40 extract_buf: pool_sig 0000028b, data_sig fffffefd, bytes_mixed 20 5fcdf66a 6442b608
[    5.567434] random 0000 0000 0000 61333f6b 8fae0f9b: urand_change_num 41 extract_buf: pool_sig 000000cb, data_sig 000000b3, bytes_mixed 20 61333f6b 8fae0f9b
[    5.567440] random 0000 0000 0000 61333f6b 8fae0f9b: urand_change_num 42 extract_buf: pool_sig fffffef8, data_sig 00000051, bytes_mixed 20 61333f6b 8fae0f9b
[    5.567442] BEGIN NET_SECRET:
[    5.567443] \xffffffe0
[    5.567444] \xffffffb6
[    5.567445] \x36
[    5.567446] \xffffffb5
[    5.567447] \xffffff94
[    5.567448] \xffffffb2
[    5.567448] \xffffffa8
[    5.567449] \xffffffda
[    5.567450] \x5b
[    5.567451] \x19
[    5.567451] \x18
[    5.567452] \x5c
[    5.567453] \x2b
[    5.567454] \x1
[    5.567454] \xffffff90
[    5.567455] \x19
[    5.567456] \x3c
[    5.567457] \xfffffff2
[    5.567457] \xffffff82
[    5.567458] \x2a
[    5.567459] \xffffffb3
[    5.567460] \xffffffa2
[    5.567461] \x3f
[    5.567461] \x5
[    5.567462] \x52
[    5.567463] \x77
[    5.567463] \x57
[    5.567464] \x79
[    5.567465] \x16
[    5.567465] \x43
[    5.567466] \xffffff84
[    5.567467] \xffffffc3
[    5.567468] \xffffffe9
[    5.567469] \x79
[    5.567469] \x50
[    5.567470] \xffffff8e
[    5.567471] \x3f
[    5.567472] \xfffffff3
[    5.567472] \x19
[    5.567473] \x2a
[    5.567474] \xfffffffd
[    5.567475] \xfffffffb
[    5.567476] \x62
[    5.567476] \x3c
[    5.567477] \xffffffac
[    5.567478] \x1c
[    5.567478] \x3b
[    5.567479] \x3b
[    5.567480] \x15
[    5.567481] \x27
[    5.567481] \xffffffa8
[    5.567482] \x22
[    5.567483] \xffffffc5
[    5.567484] \xffffff9a
[    5.567484] \x5
[    5.567485] \x6c
[    5.567486] \xffffffa8
[    5.567487] \x3a
[    5.567487] \x44
[    5.567488] \xffffffaf
[    5.567489] \x13
[    5.567489] \xffffffe0
[    5.567490] \xffffff9d
[    5.567491] \x22
[    5.567492] 
[    5.567492] END NET_SECRET
[    5.567495] random 0000 0000 0000 e7f555d9 e8ce5c3c: rand_read_num 9 get_random_bytes(4): sig 0000068c e7f555d9 e8ce5c3c
[    5.567497] random 0000 0000 0000 e7f555d9 e8ce5c3c: extract_entropy(.. 4 ..)
[    5.567500] random 0000 0000 0000 e7f555d9 e8ce5c3c: going to reseed nonblocking with 64 bits (32 of 0 requested)
[    5.567502] random 0000 0000 0000 e7f555d9 e8ce5c3c: extract_entropy(.. 8 ..)
[    5.567504] random 0000 0000 0000 e7f555d9 e8ce5c3c: trying to extract 64 bits from input
[    5.567506] random 0000 0000 0000 e7f555d9 e8ce5c3c: debiting 0 entropy credits from input
[    5.567508] random 0000 0000 0000 e7f555d9 e8ce5c3c: extract_entropy account returned: 0 
[    5.567511] random 0000 0000 0000 e7f555d9 e8ce5c3c: urand_change_num 43 xfer_secondary_pool(4): pool_sig 0000068c, data_sig 00000000, bytes_mixed 0 e7f555d9 e8ce5c3c
[    5.567514] random 0000 0000 0000 e7f555d9 e8ce5c3c: trying to extract 32 bits from nonblocking
[    5.567516] random 0000 0000 0000 e7f555d9 e8ce5c3c: debiting 32 entropy credits from nonblocking (unlimited)
[    5.567518] random 0000 0000 0000 e7f555d9 e8ce5c3c: extract_entropy account returned: 4 
[    5.567522] random 0000 0000 0000 e7f555d9 e8ce5c3c: urand_change_num 44 extract_buf: pool_sig 0000068c, data_sig fffffdcb, bytes_mixed 20 e7f555d9 e8ce5c3c
[    5.567533] md: Waiting for all devices to be available before autodetect
[    5.567629] md: If you don't use raid, use raid=noautodetect
[    5.567784] md: Autodetecting RAID arrays.
[    5.567864] md: Scanned 0 and added 0 devices.
[    5.567943] md: autorun ...
[    5.568031] md: ... autorun DONE.
[    5.598057] EXT3-fs: sda2: couldn't mount because of unsupported optional features (240).
[    5.598286] EXT2-fs: sda2: couldn't mount because of unsupported optional features (240).
[    5.599573] random 0000 0000 0000 e7f555d9 e8ce5c3c: rand_read_num 10 get_random_bytes(4): sig ffffff72 e7f555d9 e8ce5c3c
[    5.599575] random 0000 0000 0000 e7f555d9 e8ce5c3c: extract_entropy(.. 4 ..)
[    5.599578] random 0000 0000 0000 e7f555d9 e8ce5c3c: going to reseed nonblocking with 64 bits (32 of 0 requested)
[    5.599580] random 0000 0000 0000 e7f555d9 e8ce5c3c: extract_entropy(.. 8 ..)
[    5.599582] random 0000 0000 0000 e7f555d9 e8ce5c3c: trying to extract 64 bits from input
[    5.599584] random 0000 0000 0000 e7f555d9 e8ce5c3c: debiting 0 entropy credits from input
[    5.599586] random 0000 0000 0000 e7f555d9 e8ce5c3c: extract_entropy account returned: 0 
[    5.599589] random 0000 0000 0000 e7f555d9 e8ce5c3c: urand_change_num 45 xfer_secondary_pool(4): pool_sig ffffff72, data_sig 00000000, bytes_mixed 0 e7f555d9 e8ce5c3c
[    5.599592] random 0000 0000 0000 e7f555d9 e8ce5c3c: trying to extract 32 bits from nonblocking
[    5.599594] random 0000 0000 0000 e7f555d9 e8ce5c3c: debiting 32 entropy credits from nonblocking (unlimited)
[    5.599596] random 0000 0000 0000 e7f555d9 e8ce5c3c: extract_entropy account returned: 4 
[    5.599600] random 0000 0000 0000 e7f555d9 e8ce5c3c: urand_change_num 46 extract_buf: pool_sig ffffff72, data_sig ffffff72, bytes_mixed 20 e7f555d9 e8ce5c3c
[    5.627746] EXT4-fs (sda2): mounted filesystem with ordered data mode
[    5.627949] VFS: Mounted root (ext4 filesystem) readonly on device 8:2.
[    5.628041] Freeing unused kernel memory: 448k freed
[    5.706711] random 0000 0000 0000 91716c54 eeb6a1e7: rand_read_num 11 get_random_bytes(16): sig fffffcad 91716c54 eeb6a1e7
[    5.706713] random 0000 0000 0000 91716c54 eeb6a1e7: extract_entropy(.. 16 ..)
[    5.706716] random 0000 0000 0000 91716c54 eeb6a1e7: going to reseed nonblocking with 128 bits (128 of 0 requested)
[    5.706718] random 0000 0000 0000 91716c54 eeb6a1e7: extract_entropy(.. 16 ..)
[    5.706720] random 0000 0000 0000 91716c54 eeb6a1e7: trying to extract 128 bits from input
[    5.706722] random 0000 0000 0000 91716c54 eeb6a1e7: debiting 0 entropy credits from input
[    5.706724] random 0000 0000 0000 91716c54 eeb6a1e7: extract_entropy account returned: 0 
[    5.706727] random 0000 0000 0000 91716c54 eeb6a1e7: urand_change_num 47 xfer_secondary_pool(16): pool_sig fffffcad, data_sig 00000000, bytes_mixed 0 91716c54 eeb6a1e7
[    5.706730] random 0000 0000 0000 91716c54 eeb6a1e7: trying to extract 128 bits from nonblocking
[    5.706732] random 0000 0000 0000 91716c54 eeb6a1e7: debiting 128 entropy credits from nonblocking (unlimited)
[    5.706734] random 0000 0000 0000 91716c54 eeb6a1e7: extract_entropy account returned: 16 
[    5.706738] random 0000 0000 0000 91716c54 eeb6a1e7: urand_change_num 48 extract_buf: pool_sig fffffcad, data_sig ffffff19, bytes_mixed 20 91716c54 eeb6a1e7
[    5.706744] random 0000 0000 0000 fd637b06 6cf47bc1: urand_change_num 49 extract_buf: pool_sig fffffede, data_sig ffffffc1, bytes_mixed 20 fd637b06 6cf47bc1
[    5.785132] random 0000 0000 0000 fd637b06 6cf47bc1: rand_read_num 12 get_random_bytes(16): sig 0000033b fd637b06 6cf47bc1
[    5.785135] random 0000 0000 0000 fd637b06 6cf47bc1: extract_entropy(.. 16 ..)
[    5.785138] random 0000 0000 0000 fd637b06 6cf47bc1: going to reseed nonblocking with 128 bits (128 of 0 requested)
[    5.785140] random 0000 0000 0000 fd637b06 6cf47bc1: extract_entropy(.. 16 ..)
[    5.785142] random 0000 0000 0000 fd637b06 6cf47bc1: trying to extract 128 bits from input
[    5.785144] random 0000 0000 0000 fd637b06 6cf47bc1: debiting 0 entropy credits from input
[    5.785146] random 0000 0000 0000 fd637b06 6cf47bc1: extract_entropy account returned: 0 
[    5.785149] random 0000 0000 0000 fd637b06 6cf47bc1: urand_change_num 50 xfer_secondary_pool(16): pool_sig 0000033b, data_sig 00000000, bytes_mixed 0 fd637b06 6cf47bc1
[    5.785152] random 0000 0000 0000 fd637b06 6cf47bc1: trying to extract 128 bits from nonblocking
[    5.785154] random 0000 0000 0000 fd637b06 6cf47bc1: debiting 128 entropy credits from nonblocking (unlimited)
[    5.785156] random 0000 0000 0000 fd637b06 6cf47bc1: extract_entropy account returned: 16 
[    5.785161] random 0000 0000 0000 fd637b06 6cf47bc1: urand_change_num 51 extract_buf: pool_sig 0000033b, data_sig 000000d8, bytes_mixed 20 fd637b06 6cf47bc1
[    5.785166] random 0000 0000 0000 0ec1f012 d4727ca8: urand_change_num 52 extract_buf: pool_sig fffffcf5, data_sig 00000016, bytes_mixed 20 0ec1f012 d4727ca8
[    6.148353] ieee1394: Host added: ID:BUS[0-00:1023]  GUID[00061b032a25f51c]
[    6.159044] random 0000 0000 0000 45b1d0b1 845a73f7: rand_read_num 13 get_random_bytes(16): sig 00000116 45b1d0b1 845a73f7
[    6.159046] random 0000 0000 0000 45b1d0b1 845a73f7: extract_entropy(.. 16 ..)
[    6.159049] random 0000 0000 0000 45b1d0b1 845a73f7: going to reseed nonblocking with 128 bits (128 of 0 requested)
[    6.159051] random 0000 0000 0000 45b1d0b1 845a73f7: extract_entropy(.. 16 ..)
[    6.159054] random 0000 0000 0000 45b1d0b1 845a73f7: trying to extract 128 bits from input
[    6.159056] random 0000 0000 0000 45b1d0b1 845a73f7: debiting 0 entropy credits from input
[    6.159058] random 0000 0000 0000 45b1d0b1 845a73f7: extract_entropy account returned: 0 
[    6.159061] random 0000 0000 0000 45b1d0b1 845a73f7: urand_change_num 53 xfer_secondary_pool(16): pool_sig 00000116, data_sig 00000000, bytes_mixed 0 45b1d0b1 845a73f7
[    6.159064] random 0000 0000 0000 45b1d0b1 845a73f7: trying to extract 128 bits from nonblocking
[    6.159066] random 0000 0000 0000 45b1d0b1 845a73f7: debiting 128 entropy credits from nonblocking (unlimited)
[    6.159068] random 0000 0000 0000 45b1d0b1 845a73f7: extract_entropy account returned: 16 
[    6.159072] random 0000 0000 0000 45b1d0b1 845a73f7: urand_change_num 54 extract_buf: pool_sig 00000116, data_sig fffffd8b, bytes_mixed 20 45b1d0b1 845a73f7
[    6.159078] random 0000 0000 0000 45b1d0b1 845a73f7: urand_change_num 55 extract_buf: pool_sig fffffc05, data_sig 00000109, bytes_mixed 20 45b1d0b1 845a73f7
[    6.211547] random 0000 0000 0000 5012cce3 b8a30621: rand_read_num 14 get_random_bytes(16): sig fffffb93 5012cce3 b8a30621
[    6.211550] random 0000 0000 0000 5012cce3 b8a30621: extract_entropy(.. 16 ..)
[    6.211553] random 0000 0000 0000 5012cce3 b8a30621: going to reseed nonblocking with 128 bits (128 of 0 requested)
[    6.211555] random 0000 0000 0000 5012cce3 b8a30621: extract_entropy(.. 16 ..)
[    6.211557] random 0000 0000 0000 5012cce3 b8a30621: trying to extract 128 bits from input
[    6.211559] random 0000 0000 0000 5012cce3 b8a30621: debiting 0 entropy credits from input
[    6.211561] random 0000 0000 0000 5012cce3 b8a30621: extract_entropy account returned: 0 
[    6.211564] random 0000 0000 0000 5012cce3 b8a30621: urand_change_num 56 xfer_secondary_pool(16): pool_sig fffffb93, data_sig 00000000, bytes_mixed 0 5012cce3 b8a30621
[    6.211567] random 0000 0000 0000 5012cce3 b8a30621: trying to extract 128 bits from nonblocking
[    6.211570] random 0000 0000 0000 5012cce3 b8a30621: debiting 128 entropy credits from nonblocking (unlimited)
[    6.211572] random 0000 0000 0000 5012cce3 b8a30621: extract_entropy account returned: 16 
[    6.211576] random 0000 0000 0000 5012cce3 b8a30621: urand_change_num 57 extract_buf: pool_sig fffffb93, data_sig ffffff35, bytes_mixed 20 5012cce3 b8a30621
[    6.211581] random 0000 0000 0000 5012cce3 b8a30621: urand_change_num 58 extract_buf: pool_sig fffffb9d, data_sig ffffff92, bytes_mixed 20 5012cce3 b8a30621
[    6.212942] random 0000 0000 0000 30a5721d 4b648ff6: rand_read_num 15 get_random_bytes(16): sig fffffeb5 30a5721d 4b648ff6
[    6.212944] random 0000 0000 0000 30a5721d 4b648ff6: extract_entropy(.. 16 ..)
[    6.212947] random 0000 0000 0000 30a5721d 4b648ff6: going to reseed nonblocking with 128 bits (128 of 0 requested)
[    6.212949] random 0000 0000 0000 30a5721d 4b648ff6: extract_entropy(.. 16 ..)
[    6.212951] random 0000 0000 0000 30a5721d 4b648ff6: trying to extract 128 bits from input
[    6.212954] random 0000 0000 0000 30a5721d 4b648ff6: debiting 0 entropy credits from input
[    6.212955] random 0000 0000 0000 30a5721d 4b648ff6: extract_entropy account returned: 0 
[    6.212959] random 0000 0000 0000 30a5721d 4b648ff6: urand_change_num 59 xfer_secondary_pool(16): pool_sig fffffeb5, data_sig 00000000, bytes_mixed 0 30a5721d 4b648ff6
[    6.212961] random 0000 0000 0000 30a5721d 4b648ff6: trying to extract 128 bits from nonblocking
[    6.212964] random 0000 0000 0000 30a5721d 4b648ff6: debiting 128 entropy credits from nonblocking (unlimited)
[    6.212966] random 0000 0000 0000 30a5721d 4b648ff6: extract_entropy account returned: 16 
[    6.212970] random 0000 0000 0000 30a5721d 4b648ff6: urand_change_num 60 extract_buf: pool_sig fffffeb5, data_sig 000000c2, bytes_mixed 20 30a5721d 4b648ff6
[    6.212976] random 0000 0000 0000 89bae1ab 704c432f: urand_change_num 61 extract_buf: pool_sig 0000006e, data_sig fffffefc, bytes_mixed 20 89bae1ab 704c432f
[    6.213523] random 0000 0000 0000 89bae1ab 704c432f: rand_read_num 16 get_random_bytes(16): sig fffffd99 89bae1ab 704c432f
[    6.213526] random 0000 0000 0000 89bae1ab 704c432f: extract_entropy(.. 16 ..)
[    6.213533] random 0000 0000 0000 89bae1ab 704c432f: going to reseed nonblocking with 128 bits (128 of 0 requested)
[    6.213535] random 0000 0000 0000 89bae1ab 704c432f: extract_entropy(.. 16 ..)
[    6.213537] random 0000 0000 0000 89bae1ab 704c432f: trying to extract 128 bits from input
[    6.213539] random 0000 0000 0000 89bae1ab 704c432f: debiting 0 entropy credits from input
[    6.213541] random 0000 0000 0000 89bae1ab 704c432f: extract_entropy account returned: 0 
[    6.213544] random 0000 0000 0000 89bae1ab 704c432f: urand_change_num 62 xfer_secondary_pool(16): pool_sig fffffd99, data_sig 00000000, bytes_mixed 0 89bae1ab 704c432f
[    6.213547] random 0000 0000 0000 89bae1ab 704c432f: trying to extract 128 bits from nonblocking
[    6.213549] random 0000 0000 0000 89bae1ab 704c432f: debiting 128 entropy credits from nonblocking (unlimited)
[    6.213551] random 0000 0000 0000 89bae1ab 704c432f: extract_entropy account returned: 16 
[    6.213556] random 0000 0000 0000 89bae1ab 704c432f: urand_change_num 63 extract_buf: pool_sig fffffd99, data_sig 00000204, bytes_mixed 20 89bae1ab 704c432f
[    6.213561] random 0000 0000 0000 6c298a02 2b1539f8: urand_change_num 64 extract_buf: pool_sig 00000124, data_sig fffffff5, bytes_mixed 20 6c298a02 2b1539f8
[    6.214444] random 0000 0000 0000 c77b8b35 70f6cab5: rand_read_num 17 get_random_bytes(16): sig 0000036b c77b8b35 70f6cab5
[    6.214447] random 0000 0000 0000 c77b8b35 70f6cab5: extract_entropy(.. 16 ..)
[    6.214450] random 0000 0000 0000 c77b8b35 70f6cab5: going to reseed nonblocking with 128 bits (128 of 0 requested)
[    6.214452] random 0000 0000 0000 c77b8b35 70f6cab5: extract_entropy(.. 16 ..)
[    6.214454] random 0000 0000 0000 c77b8b35 70f6cab5: trying to extract 128 bits from input
[    6.214456] random 0000 0000 0000 c77b8b35 70f6cab5: debiting 0 entropy credits from input
[    6.214458] random 0000 0000 0000 c77b8b35 70f6cab5: extract_entropy account returned: 0 
[    6.214461] random 0000 0000 0000 c77b8b35 70f6cab5: urand_change_num 65 xfer_secondary_pool(16): pool_sig 0000036b, data_sig 00000000, bytes_mixed 0 c77b8b35 70f6cab5
[    6.214464] random 0000 0000 0000 c77b8b35 70f6cab5: trying to extract 128 bits from nonblocking
[    6.214467] random 0000 0000 0000 c77b8b35 70f6cab5: debiting 128 entropy credits from nonblocking (unlimited)
[    6.214469] random 0000 0000 0000 c77b8b35 70f6cab5: extract_entropy account returned: 16 
[    6.214473] random 0000 0000 0000 c77b8b35 70f6cab5: urand_change_num 66 extract_buf: pool_sig 0000036b, data_sig 0000005f, bytes_mixed 20 c77b8b35 70f6cab5
[    6.214478] random 0000 0000 0000 c77b8b35 70f6cab5: urand_change_num 67 extract_buf: pool_sig ffffff1c, data_sig 0000005a, bytes_mixed 20 c77b8b35 70f6cab5
[    6.215070] random 0000 0000 0000 af21d212 57d20ca3: rand_read_num 18 get_random_bytes(16): sig fffffb7f af21d212 57d20ca3
[    6.215073] random 0000 0000 0000 af21d212 57d20ca3: extract_entropy(.. 16 ..)
[    6.215076] random 0000 0000 0000 af21d212 57d20ca3: going to reseed nonblocking with 128 bits (128 of 0 requested)
[    6.215078] random 0000 0000 0000 af21d212 57d20ca3: extract_entropy(.. 16 ..)
[    6.215080] random 0000 0000 0000 af21d212 57d20ca3: trying to extract 128 bits from input
[    6.215082] random 0000 0000 0000 af21d212 57d20ca3: debiting 0 entropy credits from input
[    6.215084] random 0000 0000 0000 af21d212 57d20ca3: extract_entropy account returned: 0 
[    6.215087] random 0000 0000 0000 af21d212 57d20ca3: urand_change_num 68 xfer_secondary_pool(16): pool_sig fffffb7f, data_sig 00000000, bytes_mixed 0 af21d212 57d20ca3
[    6.215090] random 0000 0000 0000 af21d212 57d20ca3: trying to extract 128 bits from nonblocking
[    6.215092] random 0000 0000 0000 af21d212 57d20ca3: debiting 128 entropy credits from nonblocking (unlimited)
[    6.215094] random 0000 0000 0000 af21d212 57d20ca3: extract_entropy account returned: 16 
[    6.215099] random 0000 0000 0000 af21d212 57d20ca3: urand_change_num 69 extract_buf: pool_sig fffffb7f, data_sig ffffff88, bytes_mixed 20 af21d212 57d20ca3
[    6.215104] random 0000 0000 0000 af21d212 57d20ca3: urand_change_num 70 extract_buf: pool_sig fffffe1d, data_sig ffffff17, bytes_mixed 20 af21d212 57d20ca3
[    6.215695] random 0000 0000 0000 ffbd26fd 21933274: rand_read_num 19 get_random_bytes(16): sig ffffffc7 ffbd26fd 21933274
[    6.215698] random 0000 0000 0000 ffbd26fd 21933274: extract_entropy(.. 16 ..)
[    6.215700] random 0000 0000 0000 ffbd26fd 21933274: going to reseed nonblocking with 128 bits (128 of 0 requested)
[    6.215703] random 0000 0000 0000 ffbd26fd 21933274: extract_entropy(.. 16 ..)
[    6.215705] random 0000 0000 0000 ffbd26fd 21933274: trying to extract 128 bits from input
[    6.215707] random 0000 0000 0000 ffbd26fd 21933274: debiting 0 entropy credits from input
[    6.215709] random 0000 0000 0000 ffbd26fd 21933274: extract_entropy account returned: 0 
[    6.215712] random 0000 0000 0000 ffbd26fd 21933274: urand_change_num 71 xfer_secondary_pool(16): pool_sig ffffffc7, data_sig 00000000, bytes_mixed 0 ffbd26fd 21933274
[    6.215715] random 0000 0000 0000 ffbd26fd 21933274: trying to extract 128 bits from nonblocking
[    6.215717] random 0000 0000 0000 ffbd26fd 21933274: debiting 128 entropy credits from nonblocking (unlimited)
[    6.215719] random 0000 0000 0000 ffbd26fd 21933274: extract_entropy account returned: 16 
[    6.215723] random 0000 0000 0000 ffbd26fd 21933274: urand_change_num 72 extract_buf: pool_sig ffffffc7, data_sig 0000013b, bytes_mixed 20 ffbd26fd 21933274
[    6.215729] random 0000 0000 0000 151530a2 56c65dd3: urand_change_num 73 extract_buf: pool_sig ffffffbf, data_sig 00000036, bytes_mixed 20 151530a2 56c65dd3
[    6.216275] random 0000 0000 0000 151530a2 56c65dd3: rand_read_num 20 get_random_bytes(16): sig 000001a7 151530a2 56c65dd3
[    6.216278] random 0000 0000 0000 151530a2 56c65dd3: extract_entropy(.. 16 ..)
[    6.216281] random 0000 0000 0000 151530a2 56c65dd3: going to reseed nonblocking with 128 bits (128 of 0 requested)
[    6.216283] random 0000 0000 0000 151530a2 56c65dd3: extract_entropy(.. 16 ..)
[    6.216285] random 0000 0000 0000 151530a2 56c65dd3: trying to extract 128 bits from input
[    6.216287] random 0000 0000 0000 151530a2 56c65dd3: debiting 0 entropy credits from input
[    6.216289] random 0000 0000 0000 151530a2 56c65dd3: extract_entropy account returned: 0 
[    6.216292] random 0000 0000 0000 151530a2 56c65dd3: urand_change_num 74 xfer_secondary_pool(16): pool_sig 000001a7, data_sig 00000000, bytes_mixed 0 151530a2 56c65dd3
[    6.216295] random 0000 0000 0000 151530a2 56c65dd3: trying to extract 128 bits from nonblocking
[    6.216298] random 0000 0000 0000 151530a2 56c65dd3: debiting 128 entropy credits from nonblocking (unlimited)
[    6.216300] random 0000 0000 0000 151530a2 56c65dd3: extract_entropy account returned: 16 
[    6.216304] random 0000 0000 0000 151530a2 56c65dd3: urand_change_num 75 extract_buf: pool_sig 000001a7, data_sig ffffffa1, bytes_mixed 20 151530a2 56c65dd3
[    6.216309] random 0000 0000 0000 5d3e132e d9a77eb3: urand_change_num 76 extract_buf: pool_sig fffffcc9, data_sig 00000013, bytes_mixed 20 5d3e132e d9a77eb3
[    6.267349] random 0000 0000 0000 264837ad 0a28fef5: rand_read_num 21 get_random_bytes(16): sig ffffffd0 264837ad 0a28fef5
[    6.267352] random 0000 0000 0000 264837ad 0a28fef5: extract_entropy(.. 16 ..)
[    6.267355] random 0000 0000 0000 264837ad 0a28fef5: going to reseed nonblocking with 128 bits (128 of 0 requested)
[    6.267357] random 0000 0000 0000 264837ad 0a28fef5: extract_entropy(.. 16 ..)
[    6.267360] random 0000 0000 0000 264837ad 0a28fef5: trying to extract 128 bits from input
[    6.267362] random 0000 0000 0000 264837ad 0a28fef5: debiting 0 entropy credits from input
[    6.267364] random 0000 0000 0000 264837ad 0a28fef5: extract_entropy account returned: 0 
[    6.267367] random 0000 0000 0000 264837ad 0a28fef5: urand_change_num 77 xfer_secondary_pool(16): pool_sig ffffffd0, data_sig 00000000, bytes_mixed 0 264837ad 0a28fef5
[    6.267370] random 0000 0000 0000 264837ad 0a28fef5: trying to extract 128 bits from nonblocking
[    6.267372] random 0000 0000 0000 264837ad 0a28fef5: debiting 128 entropy credits from nonblocking (unlimited)
[    6.267374] random 0000 0000 0000 264837ad 0a28fef5: extract_entropy account returned: 16 
[    6.267379] random 0000 0000 0000 264837ad 0a28fef5: urand_change_num 78 extract_buf: pool_sig ffffffd0, data_sig 0000017b, bytes_mixed 20 264837ad 0a28fef5
[    6.267384] random 0000 0000 0000 264837ad 0a28fef5: urand_change_num 79 extract_buf: pool_sig 0000045c, data_sig 000001df, bytes_mixed 20 264837ad 0a28fef5
[    6.268849] random 0000 0000 0000 f37f7344 164aede0: rand_read_num 22 get_random_bytes(16): sig 000003c2 f37f7344 164aede0
[    6.268852] random 0000 0000 0000 f37f7344 164aede0: extract_entropy(.. 16 ..)
[    6.268855] random 0000 0000 0000 f37f7344 164aede0: going to reseed nonblocking with 128 bits (128 of 0 requested)
[    6.268857] random 0000 0000 0000 f37f7344 164aede0: extract_entropy(.. 16 ..)
[    6.268859] random 0000 0000 0000 f37f7344 164aede0: trying to extract 128 bits from input
[    6.268861] random 0000 0000 0000 f37f7344 164aede0: debiting 0 entropy credits from input
[    6.268863] random 0000 0000 0000 f37f7344 164aede0: extract_entropy account returned: 0 
[    6.268866] random 0000 0000 0000 f37f7344 164aede0: urand_change_num 80 xfer_secondary_pool(16): pool_sig 000003c2, data_sig 00000000, bytes_mixed 0 f37f7344 164aede0
[    6.268869] random 0000 0000 0000 f37f7344 164aede0: trying to extract 128 bits from nonblocking
[    6.268872] random 0000 0000 0000 f37f7344 164aede0: debiting 128 entropy credits from nonblocking (unlimited)
[    6.268874] random 0000 0000 0000 f37f7344 164aede0: extract_entropy account returned: 16 
[    6.268878] random 0000 0000 0000 f37f7344 164aede0: urand_change_num 81 extract_buf: pool_sig 000003c2, data_sig ffffff6c, bytes_mixed 20 f37f7344 164aede0
[    6.268883] random 0000 0000 0000 f37f7344 164aede0: urand_change_num 82 extract_buf: pool_sig fffffdfc, data_sig 00000091, bytes_mixed 20 f37f7344 164aede0
[    6.291655] random 0000 0000 0000 a4794863 878070c1: rand_read_num 23 get_random_bytes(16): sig 0000011b a4794863 878070c1
[    6.291657] random 0000 0000 0000 a4794863 878070c1: extract_entropy(.. 16 ..)
[    6.291660] random 0000 0000 0000 a4794863 878070c1: going to reseed nonblocking with 128 bits (128 of 0 requested)
[    6.291662] random 0000 0000 0000 a4794863 878070c1: extract_entropy(.. 16 ..)
[    6.291664] random 0000 0000 0000 a4794863 878070c1: trying to extract 128 bits from input
[    6.291666] random 0000 0000 0000 a4794863 878070c1: debiting 0 entropy credits from input
[    6.291668] random 0000 0000 0000 a4794863 878070c1: extract_entropy account returned: 0 
[    6.291672] random 0000 0000 0000 a4794863 878070c1: urand_change_num 83 xfer_secondary_pool(16): pool_sig 0000011b, data_sig 00000000, bytes_mixed 0 a4794863 878070c1
[    6.291674] random 0000 0000 0000 a4794863 878070c1: trying to extract 128 bits from nonblocking
[    6.291677] random 0000 0000 0000 a4794863 878070c1: debiting 128 entropy credits from nonblocking (unlimited)
[    6.291679] random 0000 0000 0000 a4794863 878070c1: extract_entropy account returned: 16 
[    6.291683] random 0000 0000 0000 a4794863 878070c1: urand_change_num 84 extract_buf: pool_sig 0000011b, data_sig ffffff51, bytes_mixed 20 a4794863 878070c1
[    6.291689] random 0000 0000 0000 737f19b4 9417d8ab: urand_change_num 85 extract_buf: pool_sig 000001a3, data_sig 0000006c, bytes_mixed 20 737f19b4 9417d8ab
[    6.295752] random 0000 0000 0000 737f19b4 9417d8ab: rand_read_num 24 get_random_bytes(16): sig fffffe22 737f19b4 9417d8ab
[    6.295755] random 0000 0000 0000 737f19b4 9417d8ab: extract_entropy(.. 16 ..)
[    6.295757] random 0000 0000 0000 737f19b4 9417d8ab: going to reseed nonblocking with 128 bits (128 of 0 requested)
[    6.295760] random 0000 0000 0000 737f19b4 9417d8ab: extract_entropy(.. 16 ..)
[    6.295762] random 0000 0000 0000 737f19b4 9417d8ab: trying to extract 128 bits from input
[    6.295764] random 0000 0000 0000 737f19b4 9417d8ab: debiting 0 entropy credits from input
[    6.295766] random 0000 0000 0000 737f19b4 9417d8ab: extract_entropy account returned: 0 
[    6.295769] random 0000 0000 0000 737f19b4 9417d8ab: urand_change_num 86 xfer_secondary_pool(16): pool_sig fffffe22, data_sig 00000000, bytes_mixed 0 737f19b4 9417d8ab
[    6.295772] random 0000 0000 0000 737f19b4 9417d8ab: trying to extract 128 bits from nonblocking
[    6.295774] random 0000 0000 0000 737f19b4 9417d8ab: debiting 128 entropy credits from nonblocking (unlimited)
[    6.295776] random 0000 0000 0000 737f19b4 9417d8ab: extract_entropy account returned: 16 
[    6.295780] random 0000 0000 0000 737f19b4 9417d8ab: urand_change_num 87 extract_buf: pool_sig fffffe22, data_sig 00000230, bytes_mixed 20 737f19b4 9417d8ab
[    6.295786] random 0000 0000 0000 4deb0d06 1236af4c: urand_change_num 88 extract_buf: pool_sig 000000b6, data_sig ffffff44, bytes_mixed 20 4deb0d06 1236af4c
[    6.296784] random 0000 0000 0000 b538fadc 4a7613df: rand_read_num 25 get_random_bytes(16): sig 0000013c b538fadc 4a7613df
[    6.296787] random 0000 0000 0000 b538fadc 4a7613df: extract_entropy(.. 16 ..)
[    6.296790] random 0000 0000 0000 b538fadc 4a7613df: going to reseed nonblocking with 128 bits (128 of 0 requested)
[    6.296792] random 0000 0000 0000 b538fadc 4a7613df: extract_entropy(.. 16 ..)
[    6.296794] random 0000 0000 0000 b538fadc 4a7613df: trying to extract 128 bits from input
[    6.296796] random 0000 0000 0000 b538fadc 4a7613df: debiting 0 entropy credits from input
[    6.296798] random 0000 0000 0000 b538fadc 4a7613df: extract_entropy account returned: 0 
[    6.296801] random 0000 0000 0000 b538fadc 4a7613df: urand_change_num 89 xfer_secondary_pool(16): pool_sig 0000013c, data_sig 00000000, bytes_mixed 0 b538fadc 4a7613df
[    6.296804] random 0000 0000 0000 b538fadc 4a7613df: trying to extract 128 bits from nonblocking
[    6.296807] random 0000 0000 0000 b538fadc 4a7613df: debiting 128 entropy credits from nonblocking (unlimited)
[    6.296809] random 0000 0000 0000 b538fadc 4a7613df: extract_entropy account returned: 16 
[    6.296813] random 0000 0000 0000 b538fadc 4a7613df: urand_change_num 90 extract_buf: pool_sig 0000013c, data_sig 00000015, bytes_mixed 20 b538fadc 4a7613df
[    6.296818] random 0000 0000 0000 b538fadc 4a7613df: urand_change_num 91 extract_buf: pool_sig 00000452, data_sig 0000002b, bytes_mixed 20 b538fadc 4a7613df
[    6.297264] random 0000 0000 0000 73b17df4 93bb370e: rand_read_num 26 get_random_bytes(16): sig fffffbf1 73b17df4 93bb370e
[    6.297267] random 0000 0000 0000 73b17df4 93bb370e: extract_entropy(.. 16 ..)
[    6.297270] random 0000 0000 0000 73b17df4 93bb370e: going to reseed nonblocking with 128 bits (128 of 0 requested)
[    6.297272] random 0000 0000 0000 73b17df4 93bb370e: extract_entropy(.. 16 ..)
[    6.297274] random 0000 0000 0000 73b17df4 93bb370e: trying to extract 128 bits from input
[    6.297276] random 0000 0000 0000 73b17df4 93bb370e: debiting 0 entropy credits from input
[    6.297278] random 0000 0000 0000 73b17df4 93bb370e: extract_entropy account returned: 0 
[    6.297281] random 0000 0000 0000 73b17df4 93bb370e: urand_change_num 92 xfer_secondary_pool(16): pool_sig fffffbf1, data_sig 00000000, bytes_mixed 0 73b17df4 93bb370e
[    6.297284] random 0000 0000 0000 73b17df4 93bb370e: trying to extract 128 bits from nonblocking
[    6.297286] random 0000 0000 0000 73b17df4 93bb370e: debiting 128 entropy credits from nonblocking (unlimited)
[    6.297288] random 0000 0000 0000 73b17df4 93bb370e: extract_entropy account returned: 16 
[    6.297293] random 0000 0000 0000 73b17df4 93bb370e: urand_change_num 93 extract_buf: pool_sig fffffbf1, data_sig ffffff99, bytes_mixed 20 73b17df4 93bb370e
[    6.297298] random 0000 0000 0000 73b17df4 93bb370e: urand_change_num 94 extract_buf: pool_sig fffffe1d, data_sig 000000b0, bytes_mixed 20 73b17df4 93bb370e
[    6.297707] random 0000 0000 0000 0cd682bb ba04da9f: rand_read_num 27 get_random_bytes(16): sig fffffccb 0cd682bb ba04da9f
[    6.297710] random 0000 0000 0000 0cd682bb ba04da9f: extract_entropy(.. 16 ..)
[    6.297713] random 0000 0000 0000 0cd682bb ba04da9f: going to reseed nonblocking with 128 bits (128 of 0 requested)
[    6.297715] random 0000 0000 0000 0cd682bb ba04da9f: extract_entropy(.. 16 ..)
[    6.297717] random 0000 0000 0000 0cd682bb ba04da9f: trying to extract 128 bits from input
[    6.297719] random 0000 0000 0000 0cd682bb ba04da9f: debiting 0 entropy credits from input
[    6.297721] random 0000 0000 0000 0cd682bb ba04da9f: extract_entropy account returned: 0 
[    6.297724] random 0000 0000 0000 0cd682bb ba04da9f: urand_change_num 95 xfer_secondary_pool(16): pool_sig fffffccb, data_sig 00000000, bytes_mixed 0 0cd682bb ba04da9f
[    6.297727] random 0000 0000 0000 0cd682bb ba04da9f: trying to extract 128 bits from nonblocking
[    6.297730] random 0000 0000 0000 0cd682bb ba04da9f: debiting 128 entropy credits from nonblocking (unlimited)
[    6.297732] random 0000 0000 0000 0cd682bb ba04da9f: extract_entropy account returned: 16 
[    6.297736] random 0000 0000 0000 0cd682bb ba04da9f: urand_change_num 96 extract_buf: pool_sig fffffccb, data_sig fffffec5, bytes_mixed 20 0cd682bb ba04da9f
[    6.297741] random 0000 0000 0000 26929f1a 15254dc1: urand_change_num 97 extract_buf: pool_sig fffffed2, data_sig ffffffb1, bytes_mixed 20 26929f1a 15254dc1
[    6.298615] random 0000 0000 0000 26929f1a 15254dc1: rand_read_num 28 get_random_bytes(16): sig 00000038 26929f1a 15254dc1
[    6.298618] random 0000 0000 0000 26929f1a 15254dc1: extract_entropy(.. 16 ..)
[    6.298621] random 0000 0000 0000 26929f1a 15254dc1: going to reseed nonblocking with 128 bits (128 of 0 requested)
[    6.298623] random 0000 0000 0000 26929f1a 15254dc1: extract_entropy(.. 16 ..)
[    6.298625] random 0000 0000 0000 26929f1a 15254dc1: trying to extract 128 bits from input
[    6.298627] random 0000 0000 0000 26929f1a 15254dc1: debiting 0 entropy credits from input
[    6.298629] random 0000 0000 0000 26929f1a 15254dc1: extract_entropy account returned: 0 
[    6.298632] random 0000 0000 0000 26929f1a 15254dc1: urand_change_num 98 xfer_secondary_pool(16): pool_sig 00000038, data_sig 00000000, bytes_mixed 0 26929f1a 15254dc1
[    6.298635] random 0000 0000 0000 26929f1a 15254dc1: trying to extract 128 bits from nonblocking
[    6.298638] random 0000 0000 0000 26929f1a 15254dc1: debiting 128 entropy credits from nonblocking (unlimited)
[    6.298640] random 0000 0000 0000 26929f1a 15254dc1: extract_entropy account returned: 16 
[    6.298644] random 0000 0000 0000 26929f1a 15254dc1: urand_change_num 99 extract_buf: pool_sig 00000038, data_sig 000000fd, bytes_mixed 20 26929f1a 15254dc1
[    6.298649] random 0000 0000 0000 8116fe3b 478c2d5b: urand_change_num 100 extract_buf: pool_sig 00000059, data_sig 00000310, bytes_mixed 20 8116fe3b 478c2d5b
[    6.305289] random 0000 0000 0000 a20f4a3a 32a6b2fa: rand_read_num 29 get_random_bytes(16): sig 000002c0 a20f4a3a 32a6b2fa
[    6.305292] random 0000 0000 0000 a20f4a3a 32a6b2fa: extract_entropy(.. 16 ..)
[    6.305295] random 0000 0000 0000 a20f4a3a 32a6b2fa: going to reseed nonblocking with 128 bits (128 of 0 requested)
[    6.305297] random 0000 0000 0000 a20f4a3a 32a6b2fa: extract_entropy(.. 16 ..)
[    6.305299] random 0000 0000 0000 a20f4a3a 32a6b2fa: trying to extract 128 bits from input
[    6.305301] random 0000 0000 0000 a20f4a3a 32a6b2fa: debiting 0 entropy credits from input
[    6.305303] random 0000 0000 0000 a20f4a3a 32a6b2fa: extract_entropy account returned: 0 
[    6.305306] random 0000 0000 0000 a20f4a3a 32a6b2fa: urand_change_num 101 xfer_secondary_pool(16): pool_sig 000002c0, data_sig 00000000, bytes_mixed 0 a20f4a3a 32a6b2fa
[    6.305309] random 0000 0000 0000 a20f4a3a 32a6b2fa: trying to extract 128 bits from nonblocking
[    6.305311] random 0000 0000 0000 a20f4a3a 32a6b2fa: debiting 128 entropy credits from nonblocking (unlimited)
[    6.305313] random 0000 0000 0000 a20f4a3a 32a6b2fa: extract_entropy account returned: 16 
[    6.305318] random 0000 0000 0000 a20f4a3a 32a6b2fa: urand_change_num 102 extract_buf: pool_sig 000002c0, data_sig 000000fb, bytes_mixed 20 a20f4a3a 32a6b2fa
[    6.305323] random 0000 0000 0000 a20f4a3a 32a6b2fa: urand_change_num 103 extract_buf: pool_sig ffffffdd, data_sig 000000a5, bytes_mixed 20 a20f4a3a 32a6b2fa
[    6.317820] random 0000 0000 0000 de716d2a 6c4757e1: rand_read_num 30 get_random_bytes(16): sig 000000fa de716d2a 6c4757e1
[    6.317822] random 0000 0000 0000 de716d2a 6c4757e1: extract_entropy(.. 16 ..)
[    6.317825] random 0000 0000 0000 de716d2a 6c4757e1: going to reseed nonblocking with 128 bits (128 of 0 requested)
[    6.317827] random 0000 0000 0000 de716d2a 6c4757e1: extract_entropy(.. 16 ..)
[    6.317829] random 0000 0000 0000 de716d2a 6c4757e1: trying to extract 128 bits from input
[    6.317831] random 0000 0000 0000 de716d2a 6c4757e1: debiting 0 entropy credits from input
[    6.317833] random 0000 0000 0000 de716d2a 6c4757e1: extract_entropy account returned: 0 
[    6.317836] random 0000 0000 0000 de716d2a 6c4757e1: urand_change_num 104 xfer_secondary_pool(16): pool_sig 000000fa, data_sig 00000000, bytes_mixed 0 de716d2a 6c4757e1
[    6.317839] random 0000 0000 0000 de716d2a 6c4757e1: trying to extract 128 bits from nonblocking
[    6.317842] random 0000 0000 0000 de716d2a 6c4757e1: debiting 128 entropy credits from nonblocking (unlimited)
[    6.317844] random 0000 0000 0000 de716d2a 6c4757e1: extract_entropy account returned: 16 
[    6.317848] random 0000 0000 0000 de716d2a 6c4757e1: urand_change_num 105 extract_buf: pool_sig 000000fa, data_sig ffffff34, bytes_mixed 20 de716d2a 6c4757e1
[    6.317853] random 0000 0000 0000 de716d2a 6c4757e1: urand_change_num 106 extract_buf: pool_sig 000003d3, data_sig ffffff30, bytes_mixed 20 de716d2a 6c4757e1
[    6.318434] random 0000 0000 0000 a7c511e1 f90ea457: rand_read_num 31 get_random_bytes(16): sig 0000009a a7c511e1 f90ea457
[    6.318437] random 0000 0000 0000 a7c511e1 f90ea457: extract_entropy(.. 16 ..)
[    6.318439] random 0000 0000 0000 a7c511e1 f90ea457: going to reseed nonblocking with 128 bits (128 of 0 requested)
[    6.318442] random 0000 0000 0000 a7c511e1 f90ea457: extract_entropy(.. 16 ..)
[    6.318444] random 0000 0000 0000 a7c511e1 f90ea457: trying to extract 128 bits from input
[    6.318446] random 0000 0000 0000 a7c511e1 f90ea457: debiting 0 entropy credits from input
[    6.318448] random 0000 0000 0000 a7c511e1 f90ea457: extract_entropy account returned: 0 
[    6.318451] random 0000 0000 0000 a7c511e1 f90ea457: urand_change_num 107 xfer_secondary_pool(16): pool_sig 0000009a, data_sig 00000000, bytes_mixed 0 a7c511e1 f90ea457
[    6.318454] random 0000 0000 0000 a7c511e1 f90ea457: trying to extract 128 bits from nonblocking
[    6.318456] random 0000 0000 0000 a7c511e1 f90ea457: debiting 128 entropy credits from nonblocking (unlimited)
[    6.318458] random 0000 0000 0000 a7c511e1 f90ea457: extract_entropy account returned: 16 
[    6.318462] random 0000 0000 0000 a7c511e1 f90ea457: urand_change_num 108 extract_buf: pool_sig 0000009a, data_sig 000000e0, bytes_mixed 20 a7c511e1 f90ea457
[    6.318468] random 0000 0000 0000 7c18c7e6 d65ccb06: urand_change_num 109 extract_buf: pool_sig fffffa79, data_sig 000000e0, bytes_mixed 20 7c18c7e6 d65ccb06
[    6.319052] random 0000 0000 0000 7c18c7e6 d65ccb06: rand_read_num 32 get_random_bytes(16): sig fffffe1e 7c18c7e6 d65ccb06
[    6.319055] random 0000 0000 0000 7c18c7e6 d65ccb06: extract_entropy(.. 16 ..)
[    6.319058] random 0000 0000 0000 7c18c7e6 d65ccb06: going to reseed nonblocking with 128 bits (128 of 0 requested)
[    6.319060] random 0000 0000 0000 7c18c7e6 d65ccb06: extract_entropy(.. 16 ..)
[    6.319062] random 0000 0000 0000 7c18c7e6 d65ccb06: trying to extract 128 bits from input
[    6.319064] random 0000 0000 0000 7c18c7e6 d65ccb06: debiting 0 entropy credits from input
[    6.319066] random 0000 0000 0000 7c18c7e6 d65ccb06: extract_entropy account returned: 0 
[    6.319069] random 0000 0000 0000 7c18c7e6 d65ccb06: urand_change_num 110 xfer_secondary_pool(16): pool_sig fffffe1e, data_sig 00000000, bytes_mixed 0 7c18c7e6 d65ccb06
[    6.319072] random 0000 0000 0000 7c18c7e6 d65ccb06: trying to extract 128 bits from nonblocking
[    6.319074] random 0000 0000 0000 7c18c7e6 d65ccb06: debiting 128 entropy credits from nonblocking (unlimited)
[    6.319076] random 0000 0000 0000 7c18c7e6 d65ccb06: extract_entropy account returned: 16 
