[    0.000000] random 0000 0000 0000 00000000 00000000: rand_read_num 1 get_random_bytes(8): sig 00000000 00000000 00000000
[    0.000000] random 0000 0000 0000 00000000 00000000: extract_entropy(.. 8 ..)
[    0.000000] random 0000 0000 0000 00000000 00000000: going to reseed nonblocking with 64 bits (64 of 0 requested)
[    0.000000] random 0000 0000 0000 00000000 00000000: extract_entropy(.. 8 ..)
[    0.000000] random 0000 0000 0000 00000000 00000000: trying to extract 64 bits from input
[    0.000000] random 0000 0000 0000 00000000 00000000: debiting 0 entropy credits from input
[    0.000000] random 0000 0000 0000 00000000 00000000: extract_entropy account returned: 0 
[    0.000000] random 0000 0000 0000 00000000 00000000: urand_change_num 1 xfer_secondary_pool(8): pool_sig 00000000, data_sig 00000000, bytes_mixed 0 00000000 00000000
[    0.000000] random 0000 0000 0000 00000000 00000000: trying to extract 64 bits from nonblocking
[    0.000000] random 0000 0000 0000 00000000 00000000: debiting 64 entropy credits from nonblocking (unlimited)
[    0.000000] random 0000 0000 0000 00000000 00000000: extract_entropy account returned: 8 
[    0.000000] random 0000 0000 0000 00000000 00000000: urand_change_num 2 extract_buf: pool_sig 00000000, data_sig fffffff9, bytes_mixed 20 00000000 00000000
[    0.000000] Linux version 2.6.32.57 (dcashman@dcashman-02) (gcc version 4.3.3 (GCC) ) #3 Fri May 24 04:27:34 PDT 2013
[    0.000000] KERNEL supported cpus:
[    0.000000]   Intel GenuineIntel
[    0.000000]   AMD AuthenticAMD
[    0.000000]   NSC Geode by NSC
[    0.000000]   Cyrix CyrixInstead
[    0.000000]   Centaur CentaurHauls
[    0.000000]   Transmeta GenuineTMx86
[    0.000000]   Transmeta TransmetaCPU
[    0.000000]   UMC UMC UMC UMC
[    0.000000] BIOS-provided physical RAM map:
[    0.000000]  BIOS-e820: 0000000000000000 - 000000000009d800 (usable)
[    0.000000]  BIOS-e820: 000000000009d800 - 00000000000a0000 (reserved)
[    0.000000]  BIOS-e820: 00000000000d2000 - 00000000000d4000 (reserved)
[    0.000000]  BIOS-e820: 00000000000e0000 - 0000000000100000 (reserved)
[    0.000000]  BIOS-e820: 0000000000100000 - 000000003d6b0000 (usable)
[    0.000000]  BIOS-e820: 000000003d6b0000 - 000000003d6cc000 (ACPI data)
[    0.000000]  BIOS-e820: 000000003d6cc000 - 000000003d700000 (ACPI NVS)
[    0.000000]  BIOS-e820: 000000003d700000 - 000000003e000000 (reserved)
[    0.000000]  BIOS-e820: 00000000f0000000 - 00000000f4000000 (reserved)
[    0.000000]  BIOS-e820: 00000000fec00000 - 00000000fec10000 (reserved)
[    0.000000]  BIOS-e820: 00000000fed00000 - 00000000fed00400 (reserved)
[    0.000000]  BIOS-e820: 00000000fed14000 - 00000000fed1a000 (reserved)
[    0.000000]  BIOS-e820: 00000000fed1c000 - 00000000fed90000 (reserved)
[    0.000000]  BIOS-e820: 00000000fee00000 - 00000000fee01000 (reserved)
[    0.000000]  BIOS-e820: 00000000ff000000 - 0000000100000000 (reserved)
[    0.000000] DMI present.
[    0.000000] last_pfn = 0x3d6b0 max_arch_pfn = 0x100000
[    0.000000] MTRR default type: uncachable
[    0.000000] MTRR fixed ranges enabled:
[    0.000000]   00000-9FFFF write-back
[    0.000000]   A0000-BFFFF uncachable
[    0.000000]   C0000-CFFFF write-protect
[    0.000000]   D0000-DFFFF uncachable
[    0.000000]   E0000-FFFFF write-protect
[    0.000000] MTRR variable ranges enabled:
[    0.000000]   0 base 03E000000 mask FFE000000 uncachable
[    0.000000]   1 base 000000000 mask FC0000000 write-back
[    0.000000]   2 base 03D700000 mask FFFF00000 uncachable
[    0.000000]   3 base 03D800000 mask FFF800000 uncachable
[    0.000000]   4 disabled
[    0.000000]   5 disabled
[    0.000000]   6 disabled
[    0.000000]   7 disabled
[    0.000000] initial memory mapped : 0 - 02000000
[    0.000000] init_memory_mapping: 0000000000000000-00000000377fe000
[    0.000000]  0000000000 - 0000400000 page 4k
[    0.000000]  0000400000 - 0037400000 page 2M
[    0.000000]  0037400000 - 00377fe000 page 4k
[    0.000000] kernel direct mapping tables up to 377fe000 @ 7000-c000
[    0.000000] ACPI: RSDP 000f68d0 00024 (v02 LENOVO)
[    0.000000] ACPI: XSDT 3d6bb77f 00094 (v01 LENOVO TP-7L    00002170  LTP 00000000)
[    0.000000] ACPI: FACP 3d6bb900 000F4 (v03 LENOVO TP-7L    00002170 LNVO 00000001)
[    0.000000] ACPI Warning: 32/64X length mismatch in Gpe1Block: 0/32 (20090903/tbfadt-526)
[    0.000000] ACPI Warning: Optional field Gpe1Block has zero address or length: 000000000000102C/0 (20090903/tbfadt-557)
[    0.000000] ACPI: DSDT 3d6bbd1d 0FED1 (v01 LENOVO TP-7L    00002170 MSFT 03000000)
[    0.000000] ACPI: FACS 3d6e4000 00040
[    0.000000] ACPI: SSDT 3d6bbab4 00269 (v01 LENOVO TP-7L    00002170 MSFT 03000000)
[    0.000000] ACPI: ECDT 3d6cbbee 00052 (v01 LENOVO TP-7L    00002170 LNVO 00000001)
[    0.000000] ACPI: TCPA 3d6cbc40 00032 (v02 LENOVO TP-7L    00002170 LNVO 00000001)
[    0.000000] ACPI: APIC 3d6cbc72 00068 (v01 LENOVO TP-7L    00002170 LNVO 00000001)
[    0.000000] ACPI: MCFG 3d6cbcda 0003C (v01 LENOVO TP-7L    00002170 LNVO 00000001)
[    0.000000] ACPI: HPET 3d6cbd16 00038 (v01 LENOVO TP-7L    00002170 LNVO 00000001)
[    0.000000] ACPI: SLIC 3d6cbdf0 00176 (v01 LENOVO TP-7L    00002170  LTP 00000000)
[    0.000000] ACPI: BOOT 3d6cbf66 00028 (v01 LENOVO TP-7L    00002170  LTP 00000001)
[    0.000000] ACPI: ASF! 3d6cbf8e 00072 (v16 LENOVO TP-7L    00002170 PTL  00000001)
[    0.000000] ACPI: SSDT 3d6e26d9 0025F (v01 LENOVO TP-7L    00002170 INTL 20050513)
[    0.000000] ACPI: SSDT 3d6e2938 000A6 (v01 LENOVO TP-7L    00002170 INTL 20050513)
[    0.000000] ACPI: SSDT 3d6e29de 004F7 (v01 LENOVO TP-7L    00002170 INTL 20050513)
[    0.000000] ACPI: SSDT 3d6e2ed5 001D8 (v01 LENOVO TP-7L    00002170 INTL 20050513)
[    0.000000] ACPI: DMI detected: Lenovo ThinkPad R61
[    0.000000] ACPI: Added _OSI(Linux)
[    0.000000] ACPI: Local APIC address 0xfee00000
[    0.000000] 94MB HIGHMEM available.
[    0.000000] 887MB LOWMEM available.
[    0.000000]   mapped low ram: 0 - 377fe000
[    0.000000]   low ram: 0 - 377fe000
[    0.000000]   node 0 low ram: 00000000 - 377fe000
[    0.000000]   node 0 bootmap 00008000 - 0000ef00
[    0.000000] (6 early reservations) ==> bootmem [0000000000 - 00377fe000]
[    0.000000]   #0 [0000000000 - 0000001000]   BIOS data page ==> [0000000000 - 0000001000]
[    0.000000]   #1 [0001000000 - 0001bdc180]    TEXT DATA BSS ==> [0001000000 - 0001bdc180]
[    0.000000]   #2 [000009d800 - 0000100000]    BIOS reserved ==> [000009d800 - 0000100000]
[    0.000000]   #3 [0001bdd000 - 0001be516c]              BRK ==> [0001bdd000 - 0001be516c]
[    0.000000]   #4 [0000007000 - 0000008000]          PGTABLE ==> [0000007000 - 0000008000]
[    0.000000]   #5 [0000008000 - 000000f000]          BOOTMAP ==> [0000008000 - 000000f000]
[    0.000000] found SMP MP-table at [c00f6900] f6900
[    0.000000] Zone PFN ranges:
[    0.000000]   DMA      0x00000000 -> 0x00001000
[    0.000000]   Normal   0x00001000 -> 0x000377fe
[    0.000000]   HighMem  0x000377fe -> 0x0003d6b0
[    0.000000] Movable zone start PFN for each node
[    0.000000] early_node_map[2] active PFN ranges
[    0.000000]     0: 0x00000000 -> 0x0000009d
[    0.000000]     0: 0x00000100 -> 0x0003d6b0
[    0.000000] On node 0 totalpages: 251469
[    0.000000] free_area_init_node: node 0, pgdat c1901ea0, node_mem_map c1be7000
[    0.000000]   DMA zone: 32 pages used for memmap
[    0.000000]   DMA zone: 0 pages reserved
[    0.000000]   DMA zone: 3965 pages, LIFO batch:0
[    0.000000]   Normal zone: 1744 pages used for memmap
[    0.000000]   Normal zone: 221486 pages, LIFO batch:31
[    0.000000]   HighMem zone: 190 pages used for memmap
[    0.000000]   HighMem zone: 24052 pages, LIFO batch:3
[    0.000000] Using APIC driver default
[    0.000000] ACPI: PM-Timer IO Port: 0x1008
[    0.000000] ACPI: Local APIC address 0xfee00000
[    0.000000] ACPI: LAPIC (acpi_id[0x00] lapic_id[0x00] enabled)
[    0.000000] ACPI: LAPIC (acpi_id[0x01] lapic_id[0x01] enabled)
[    0.000000] ACPI: NR_CPUS/possible_cpus limit of 1 reached.  Processor 1/0x1 ignored.
[    0.000000] ACPI: LAPIC_NMI (acpi_id[0x00] high edge lint[0x1])
[    0.000000] ACPI: LAPIC_NMI (acpi_id[0x01] high edge lint[0x1])
[    0.000000] ACPI: IOAPIC (id[0x01] address[0xfec00000] gsi_base[0])
[    0.000000] IOAPIC[0]: apic_id 1, version 32, address 0xfec00000, GSI 0-23
[    0.000000] ACPI: INT_SRC_OVR (bus 0 bus_irq 0 global_irq 2 dfl dfl)
[    0.000000] ACPI: INT_SRC_OVR (bus 0 bus_irq 9 global_irq 9 high level)
[    0.000000] ACPI: IRQ0 used by override.
[    0.000000] ACPI: IRQ2 used by override.
[    0.000000] ACPI: IRQ9 used by override.
[    0.000000] Using ACPI (MADT) for SMP configuration information
[    0.000000] ACPI: HPET id: 0x8086a201 base: 0xfed00000
[    0.000000] nr_irqs_gsi: 24
[    0.000000] PM: Registered nosave memory: 000000000009d000 - 000000000009e000
[    0.000000] PM: Registered nosave memory: 000000000009e000 - 00000000000a0000
[    0.000000] PM: Registered nosave memory: 00000000000a0000 - 00000000000d2000
[    0.000000] PM: Registered nosave memory: 00000000000d2000 - 00000000000d4000
[    0.000000] PM: Registered nosave memory: 00000000000d4000 - 00000000000e0000
[    0.000000] PM: Registered nosave memory: 00000000000e0000 - 0000000000100000
[    0.000000] Allocating PCI resources starting at 3e000000 (gap: 3e000000:b2000000)
[    0.000000] Built 1 zonelists in Zone order, mobility grouping on.  Total pages: 249503
[    0.000000] Kernel command line: auto BOOT_IMAGE=Linux ro root=802 vt.default_utf8=0 maxcpus=0
[    0.000000] PID hash table entries: 4096 (order: 2, 16384 bytes)
[    0.000000] Dentry cache hash table entries: 131072 (order: 7, 524288 bytes)
[    0.000000] Inode-cache hash table entries: 65536 (order: 6, 262144 bytes)
[    0.000000] Enabling fast FPU save and restore... done.
[    0.000000] Enabling unmasked SIMD FPU exception support... done.
[    0.000000] Initializing CPU#0
[    0.000000] Initializing HighMem for node 0 (000377fe:0003d6b0)
[    0.000000] Memory: 984800k/1006272k available (6914k kernel code, 20876k reserved, 2328k data, 448k init, 96968k highmem)
[    0.000000] virtual kernel memory layout:
[    0.000000]     fixmap  : 0xfffa3000 - 0xfffff000   ( 368 kB)
[    0.000000]     pkmap   : 0xff800000 - 0xffc00000   (4096 kB)
[    0.000000]     vmalloc : 0xf7ffe000 - 0xff7fe000   ( 120 MB)
[    0.000000]     lowmem  : 0xc0000000 - 0xf77fe000   ( 887 MB)
[    0.000000]       .init : 0xc1907000 - 0xc1977000   ( 448 kB)
[    0.000000]       .data : 0xc16c0b5f - 0xc1906c64   (2328 kB)
[    0.000000]       .text : 0xc1000000 - 0xc16c0b5f   (6914 kB)
[    0.000000] Checking if this processor honours the WP bit even in supervisor mode...Ok.
[    0.000000] SLUB: Genslabs=13, HWalign=64, Order=0-3, MinObjects=0, CPUs=1, Nodes=1
[    0.000000] Hierarchical RCU implementation.
[    0.000000] NR_IRQS:288
[    0.000000] Extended CMOS year: 2000
[    0.000000] Console: colour VGA+ 80x25
[    0.000000] console [tty0] enabled
[    0.000000] hpet clockevent registered
[    0.000000] Fast TSC calibration using PIT
[    0.000000] Detected 2094.955 MHz processor.
[    0.001002] Calibrating delay loop (skipped), value calculated using timer frequency.. 4189.91 BogoMIPS (lpj=2094955)
[    0.001172] Security Framework initialized
[    0.001255] Mount-cache hash table entries: 512
[    0.001400] CPU: L1 I cache: 32K, L1 D cache: 32K
[    0.001529] CPU: L2 cache: 3072K
[    0.002003] mce: CPU supports 6 MCE banks
[    0.002093] CPU0: Thermal monitoring enabled (TM2)
[    0.002170] using mwait in idle threads.
[    0.002247] CPU: Intel(R) Core(TM)2 Duo CPU     T8100  @ 2.10GHz stepping 06
[    0.002427] Checking 'hlt' instruction... OK.
[    0.006939] ACPI: Core revision 20090903
[    0.026015] CANARY value: 62056723 for PID: 1
[    0.026045] Enabling APIC mode:  Flat.  Using 1 I/O APICs
[    0.026504] ..TIMER: vector=0x30 apic1=0 pin1=2 apic2=-1 pin2=-1
[    0.037997] xor: automatically using best checksumming function: pIII_sse
[    0.041998]    pIII_sse  :  8568.000 MB/sec
[    0.042078] xor: using function: pIII_sse (8568.000 MB/sec)
[    0.042170] RANDOM - __seed init called.
[    0.042171] RANDOM - __seed init called.
[    0.042172] RANDOM - __seed init called.
[    0.042173] RANDOM - __random32 called. Change num 1.  Value: f7943846	49e73df3	af36cd0d
[    0.042175] RANDOM - __random32 called. Change num 2.  Value: 43846e13	9e73df37	9a1ad014
[    0.042177] RANDOM - __random32 called. Change num 3.  Value: 46e139c8	e73df373	a029598a
[    0.042178] RANDOM - __random32 called. Change num 4.  Value: 139c8c3b	73df373d	b3142c72
[    0.042180] RANDOM - __random32 called. Change num 5.  Value: c8c3b043	3df373de	58e576a9
[    0.042182] RANDOM - __random32 called. Change num 6.  Value: 3b0437d9	df373de5	ed53f9d8
[    0.042183] RANDOM - random32 init called.  Value: 3b0437d9	df373de5	ed53f9d8
[    0.042201] NET: Registered protocol family 16
[    0.042452] ACPI FADT declares the system doesn't support PCIe ASPM, so disable it
[    0.042575] ACPI: bus type pci registered
[    0.042732] PCI: MCFG configuration 0: base f0000000 segment 0 buses 0 - 63
[    0.042815] PCI: MCFG area at f0000000 reserved in E820
[    0.042905] PCI: Using MMCONFIG for extended config space
[    0.042990] PCI: Using configuration type 1 for base access
[    0.046105] bio: create slab <bio-0> at 0
[    0.046915] ACPI: EC: EC description table is found, configuring boot EC
[    0.052068] ACPI: BIOS _OSI(Linux) query honored via DMI
[    0.052794] random 0000 0000 0000 00000000 00000000: rand_read_num 2 get_random_bytes(8): sig fffffe1a 00000000 00000000
[    0.052796] random 0000 0000 0000 00000000 00000000: extract_entropy(.. 8 ..)
[    0.052799] random 0000 0000 0000 00000000 00000000: going to reseed nonblocking with 64 bits (64 of 0 requested)
[    0.052801] random 0000 0000 0000 00000000 00000000: extract_entropy(.. 8 ..)
[    0.052803] random 0000 0000 0000 00000000 00000000: trying to extract 64 bits from input
[    0.052805] random 0000 0000 0000 00000000 00000000: debiting 0 entropy credits from input
[    0.052807] random 0000 0000 0000 00000000 00000000: extract_entropy account returned: 0 
[    0.052839] random 0000 0000 0000 00000000 00000000: urand_change_num 3 xfer_secondary_pool(8): pool_sig fffffe1a, data_sig 00000000, bytes_mixed 0 00000000 00000000
[    0.052842] random 0000 0000 0000 00000000 00000000: trying to extract 64 bits from nonblocking
[    0.052844] random 0000 0000 0000 00000000 00000000: debiting 64 entropy credits from nonblocking (unlimited)
[    0.052846] random 0000 0000 0000 00000000 00000000: extract_entropy account returned: 8 
[    0.052850] random 0000 0000 0000 00000000 00000000: urand_change_num 4 extract_buf: pool_sig fffffe1a, data_sig fffffed7, bytes_mixed 20 00000000 00000000
[    0.057528] ACPI: Interpreter enabled
[    0.057607] ACPI: (supports S0 S3 S4 S5)
[    0.057898] ACPI: Using IOAPIC for interrupt routing
[    0.067696] ACPI: EC: GPE = 0x12, I/O: command/status = 0x66, data = 0x62
[    0.067964] ACPI: Power Resource [PUBS] (on)
[    0.070062] ACPI: ACPI Dock Station Driver: 3 docks/bays found
[    0.070466] ACPI: PCI Root Bridge [PCI0] (0000:00)
[    0.070628] pci 0000:00:02.0: reg 10 64bit mmio: [0xf8100000-0xf81fffff]
[    0.070634] pci 0000:00:02.0: reg 18 64bit mmio pref: [0xe0000000-0xefffffff]
[    0.070638] pci 0000:00:02.0: reg 20 io port: [0x1800-0x1807]
[    0.070673] pci 0000:00:02.1: reg 10 64bit mmio: [0xf8200000-0xf82fffff]
[    0.070777] pci 0000:00:19.0: reg 10 32bit mmio: [0xfe000000-0xfe01ffff]
[    0.070786] pci 0000:00:19.0: reg 14 32bit mmio: [0xfe025000-0xfe025fff]
[    0.070793] pci 0000:00:19.0: reg 18 io port: [0x1840-0x185f]
[    0.070869] pci 0000:00:19.0: PME# supported from D0 D3hot D3cold
[    0.070953] pci 0000:00:19.0: PME# disabled
[    0.071057] pci 0000:00:1a.0: reg 20 io port: [0x1860-0x187f]
[    0.071138] pci 0000:00:1a.1: reg 20 io port: [0x1880-0x189f]
[    0.071219] pci 0000:00:1a.7: reg 10 32bit mmio: [0xfe226c00-0xfe226fff]
[    0.071305] pci 0000:00:1a.7: PME# supported from D0 D3hot D3cold
[    0.071393] pci 0000:00:1a.7: PME# disabled
[    0.071526] pci 0000:00:1b.0: reg 10 64bit mmio: [0xfe020000-0xfe023fff]
[    0.071606] pci 0000:00:1b.0: PME# supported from D0 D3hot D3cold
[    0.071688] pci 0000:00:1b.0: PME# disabled
[    0.071893] pci 0000:00:1c.0: PME# supported from D0 D3hot D3cold
[    0.071999] pci 0000:00:1c.0: PME# disabled
[    0.072186] pci 0000:00:1c.1: PME# supported from D0 D3hot D3cold
[    0.072289] pci 0000:00:1c.1: PME# disabled
[    0.072492] pci 0000:00:1c.2: PME# supported from D0 D3hot D3cold
[    0.072579] pci 0000:00:1c.2: PME# disabled
[    0.072785] pci 0000:00:1c.3: PME# supported from D0 D3hot D3cold
[    0.072877] pci 0000:00:1c.3: PME# disabled
[    0.073114] pci 0000:00:1c.4: PME# supported from D0 D3hot D3cold
[    0.073201] pci 0000:00:1c.4: PME# disabled
[    0.074029] pci 0000:00:1d.0: reg 20 io port: [0x18a0-0x18bf]
[    0.074112] pci 0000:00:1d.1: reg 20 io port: [0x18c0-0x18df]
[    0.074188] pci 0000:00:1d.2: reg 20 io port: [0x18e0-0x18ff]
[    0.074278] pci 0000:00:1d.7: reg 10 32bit mmio: [0xfe227000-0xfe2273ff]
[    0.074373] pci 0000:00:1d.7: PME# supported from D0 D3hot D3cold
[    0.074469] pci 0000:00:1d.7: PME# disabled
[    0.074748] pci 0000:00:1f.0: quirk: region 1000-107f claimed by ICH6 ACPI/GPIO/TCO
[    0.074864] pci 0000:00:1f.0: quirk: region 1180-11bf claimed by ICH6 GPIO
[    0.074952] pci 0000:00:1f.0: ICH7 LPC Generic IO decode 1 PIO at 1600 (mask 007f)
[    0.074996] pci 0000:00:1f.0: ICH7 LPC Generic IO decode 2 PIO at 15e0 (mask 000f)
[    0.075115] pci 0000:00:1f.0: ICH7 LPC Generic IO decode 3 PIO at 1680 (mask 001f)
[    0.075304] pci 0000:00:1f.1: reg 10 io port: [0x00-0x07]
[    0.075316] pci 0000:00:1f.1: reg 14 io port: [0x00-0x03]
[    0.075325] pci 0000:00:1f.1: reg 18 io port: [0x00-0x07]
[    0.075336] pci 0000:00:1f.1: reg 1c io port: [0x00-0x03]
[    0.075348] pci 0000:00:1f.1: reg 20 io port: [0x1c00-0x1c0f]
[    0.075428] pci 0000:00:1f.2: reg 10 io port: [0x1c50-0x1c57]
[    0.075437] pci 0000:00:1f.2: reg 14 io port: [0x1c44-0x1c47]
[    0.075446] pci 0000:00:1f.2: reg 18 io port: [0x1c48-0x1c4f]
[    0.075455] pci 0000:00:1f.2: reg 1c io port: [0x1c40-0x1c43]
[    0.075464] pci 0000:00:1f.2: reg 20 io port: [0x1c20-0x1c3f]
[    0.075472] pci 0000:00:1f.2: reg 24 32bit mmio: [0xfe226000-0xfe2267ff]
[    0.075530] pci 0000:00:1f.2: PME# supported from D3hot
[    0.075613] pci 0000:00:1f.2: PME# disabled
[    0.075727] pci 0000:00:1f.3: reg 10 32bit mmio: [0xfe227400-0xfe2274ff]
[    0.075752] pci 0000:00:1f.3: reg 20 io port: [0x1c60-0x1c7f]
[    0.075844] pci 0000:00:1c.0: bridge io port: [0x2000-0x2fff]
[    0.075848] pci 0000:00:1c.0: bridge 32bit mmio: [0xfc000000-0xfdffffff]
[    0.075858] pci 0000:00:1c.0: bridge 64bit mmio pref: [0xf8000000-0xf80fffff]
[    0.076005] pci 0000:03:00.0: reg 10 64bit mmio: [0xdf3f0000-0xdf3fffff]
[    0.076199] pci 0000:00:1c.1: bridge io port: [0x3000-0x3fff]
[    0.076205] pci 0000:00:1c.1: bridge 32bit mmio: [0xdc000000-0xdf3fffff]
[    0.076214] pci 0000:00:1c.1: bridge 64bit mmio pref: [0xdfe00000-0xdfefffff]
[    0.076268] pci 0000:00:1c.2: bridge io port: [0x4000-0x4fff]
[    0.076275] pci 0000:00:1c.2: bridge 32bit mmio: [0xd8000000-0xd9ffffff]
[    0.076284] pci 0000:00:1c.2: bridge 64bit mmio pref: [0xdfb00000-0xdfbfffff]
[    0.076340] pci 0000:00:1c.3: bridge io port: [0x5000-0x5fff]
[    0.076346] pci 0000:00:1c.3: bridge 32bit mmio: [0xd4000000-0xd5ffffff]
[    0.076353] pci 0000:00:1c.3: bridge 64bit mmio pref: [0xdf800000-0xdf8fffff]
[    0.076409] pci 0000:00:1c.4: bridge io port: [0x6000-0x6fff]
[    0.076413] pci 0000:00:1c.4: bridge 32bit mmio: [0xd0000000-0xd1ffffff]
[    0.076422] pci 0000:00:1c.4: bridge 64bit mmio pref: [0xdf500000-0xdf5fffff]
[    0.076486] pci 0000:15:00.0: reg 10 32bit mmio: [0xf8300000-0xf8300fff]
[    0.076539] pci 0000:15:00.0: supports D1 D2
[    0.076541] pci 0000:15:00.0: PME# supported from D0 D1 D2 D3hot D3cold
[    0.076626] pci 0000:15:00.0: PME# disabled
[    0.076763] pci 0000:15:00.1: reg 10 32bit mmio: [0xf8301000-0xf83017ff]
[    0.076858] pci 0000:15:00.1: supports D1 D2
[    0.076860] pci 0000:15:00.1: PME# supported from D0 D1 D2 D3hot D3cold
[    0.076945] pci 0000:15:00.1: PME# disabled
[    0.077087] pci 0000:00:1e.0: transparent bridge
[    0.077184] pci 0000:00:1e.0: bridge io port: [0x7000-0xafff]
[    0.077190] pci 0000:00:1e.0: bridge 32bit mmio: [0xf8300000-0xfbffffff]
[    0.077197] pci 0000:00:1e.0: bridge 64bit mmio pref: [0xf4000000-0xf7ffffff]
[    0.077262] pci_bus 0000:00: on NUMA node 0
[    0.077266] ACPI: PCI Interrupt Routing Table [\_SB_.PCI0._PRT]
[    0.077399] ACPI: PCI Interrupt Routing Table [\_SB_.PCI0.EXP0._PRT]
[    0.077458] ACPI: PCI Interrupt Routing Table [\_SB_.PCI0.EXP1._PRT]
[    0.077516] ACPI: PCI Interrupt Routing Table [\_SB_.PCI0.EXP2._PRT]
[    0.077574] ACPI: PCI Interrupt Routing Table [\_SB_.PCI0.EXP3._PRT]
[    0.077636] ACPI: PCI Interrupt Routing Table [\_SB_.PCI0.EXP4._PRT]
[    0.077698] ACPI: PCI Interrupt Routing Table [\_SB_.PCI0.PCI1._PRT]
[    0.083200] ACPI: PCI Interrupt Link [LNKA] (IRQs 3 4 5 6 7 9 *10 11)
[    0.083933] ACPI: PCI Interrupt Link [LNKB] (IRQs 3 4 5 6 7 9 10 *11)
[    0.084635] ACPI: PCI Interrupt Link [LNKC] (IRQs 3 4 5 6 7 9 10 *11)
[    0.085374] ACPI: PCI Interrupt Link [LNKD] (IRQs 3 4 5 6 7 9 10 *11)
[    0.086103] ACPI: PCI Interrupt Link [LNKE] (IRQs 3 4 5 6 7 9 10 *11)
[    0.086839] ACPI: PCI Interrupt Link [LNKF] (IRQs 3 4 5 6 7 9 10 *11)
[    0.087557] ACPI: PCI Interrupt Link [LNKG] (IRQs 3 4 5 6 7 9 10 *11)
[    0.088235] ACPI: PCI Interrupt Link [LNKH] (IRQs 3 4 5 6 7 9 10 *11)
[    0.088942] vgaarb: device added: PCI:0000:00:02.0,decodes=io+mem,owns=io+mem,locks=none
[    0.089003] vgaarb: loaded
[    0.089173] SCSI subsystem initialized
[    0.089266] libata version 3.00 loaded.
[    0.089313] usbcore: registered new interface driver usbfs
[    0.089431] usbcore: registered new interface driver hub
[    0.089545] usbcore: registered new device driver usb
[    0.106043] raid6: int32x1    941 MB/s
[    0.123056] raid6: int32x2    890 MB/s
[    0.140066] raid6: int32x4    750 MB/s
[    0.157075] raid6: int32x8    660 MB/s
[    0.173987] raid6: mmxx1     2878 MB/s
[    0.190980] raid6: mmxx2     3269 MB/s
[    0.207998] raid6: sse1x1    1937 MB/s
[    0.224997] raid6: sse1x2    2535 MB/s
[    0.241977] raid6: sse2x1    3507 MB/s
[    0.258981] raid6: sse2x2    3820 MB/s
[    0.259059] raid6: using algorithm sse2x2 (3820 MB/s)
[    0.259142] PCI: Using ACPI for IRQ routing
[    0.259435] HPET: 3 timers in total, 0 timers will be used for per-cpu timer
[    0.259990] Switching to clocksource tsc
[    0.260083] pnp: PnP ACPI init
[    0.260172] ACPI: bus type pnp registered
[    0.263842] pnp: PnP ACPI: found 11 devices
[    0.263940] ACPI: ACPI bus type pnp unregistered
[    0.264031] system 00:00: iomem range 0x0-0x9ffff could not be reserved
[    0.264117] system 00:00: iomem range 0xc0000-0xc3fff could not be reserved
[    0.264200] system 00:00: iomem range 0xc4000-0xc7fff could not be reserved
[    0.264285] system 00:00: iomem range 0xc8000-0xcbfff has been reserved
[    0.264377] system 00:00: iomem range 0xcc000-0xcffff has been reserved
[    0.264465] system 00:00: iomem range 0xd0000-0xd3fff could not be reserved
[    0.264547] system 00:00: iomem range 0xe0000-0xe3fff could not be reserved
[    0.264635] system 00:00: iomem range 0xe4000-0xe7fff could not be reserved
[    0.264718] system 00:00: iomem range 0xe8000-0xebfff could not be reserved
[    0.264807] system 00:00: iomem range 0xec000-0xeffff could not be reserved
[    0.264899] system 00:00: iomem range 0xf0000-0xfffff could not be reserved
[    0.264981] system 00:00: iomem range 0x100000-0x3dffffff could not be reserved
[    0.265095] system 00:00: iomem range 0xfec00000-0xfed3ffff could not be reserved
[    0.265208] system 00:00: iomem range 0xfed4c000-0xffffffff could not be reserved
[    0.265334] system 00:02: ioport range 0x164e-0x164f has been reserved
[    0.265421] system 00:02: ioport range 0x1000-0x107f has been reserved
[    0.265502] system 00:02: ioport range 0x1180-0x11bf has been reserved
[    0.265585] system 00:02: ioport range 0x800-0x80f has been reserved
[    0.265666] system 00:02: ioport range 0x15e0-0x15ef has been reserved
[    0.265758] system 00:02: ioport range 0x1600-0x165f could not be reserved
[    0.265841] system 00:02: iomem range 0xf0000000-0xf3ffffff has been reserved
[    0.265943] system 00:02: iomem range 0xfed1c000-0xfed1ffff has been reserved
[    0.266046] system 00:02: iomem range 0xfed14000-0xfed17fff has been reserved
[    0.266128] system 00:02: iomem range 0xfed18000-0xfed18fff has been reserved
[    0.266217] system 00:02: iomem range 0xfed19000-0xfed19fff has been reserved
[    0.266313] system 00:02: iomem range 0xfed45000-0xfed4bfff has been reserved
[    0.301353] pci 0000:00:1c.0: PCI bridge, secondary bus 0000:02
[    0.301443] pci 0000:00:1c.0:   IO window: 0x2000-0x2fff
[    0.301536] pci 0000:00:1c.0:   MEM window: 0xfc000000-0xfdffffff
[    0.301619] pci 0000:00:1c.0:   PREFETCH window: 0x000000f8000000-0x000000f80fffff
[    0.301739] pci 0000:00:1c.1: PCI bridge, secondary bus 0000:03
[    0.301821] pci 0000:00:1c.1:   IO window: 0x3000-0x3fff
[    0.301912] pci 0000:00:1c.1:   MEM window: 0xdc000000-0xdf3fffff
[    0.301996] pci 0000:00:1c.1:   PREFETCH window: 0x000000dfe00000-0x000000dfefffff
[    0.302124] pci 0000:00:1c.2: PCI bridge, secondary bus 0000:04
[    0.302214] pci 0000:00:1c.2:   IO window: 0x4000-0x4fff
[    0.302298] pci 0000:00:1c.2:   MEM window: 0xd8000000-0xd9ffffff
[    0.302384] pci 0000:00:1c.2:   PREFETCH window: 0x000000dfb00000-0x000000dfbfffff
[    0.302500] pci 0000:00:1c.3: PCI bridge, secondary bus 0000:05
[    0.302585] pci 0000:00:1c.3:   IO window: 0x5000-0x5fff
[    0.302669] pci 0000:00:1c.3:   MEM window: 0xd4000000-0xd5ffffff
[    0.302758] pci 0000:00:1c.3:   PREFETCH window: 0x000000df800000-0x000000df8fffff
[    0.302882] pci 0000:00:1c.4: PCI bridge, secondary bus 0000:0d
[    0.302965] pci 0000:00:1c.4:   IO window: 0x6000-0x6fff
[    0.303050] pci 0000:00:1c.4:   MEM window: 0xd0000000-0xd1ffffff
[    0.303134] pci 0000:00:1c.4:   PREFETCH window: 0x000000df500000-0x000000df5fffff
[    0.303257] pci 0000:15:00.0: CardBus bridge, secondary bus 0000:16
[    0.303339] pci 0000:15:00.0:   IO window: 0x007000-0x0070ff
[    0.303422] pci 0000:15:00.0:   IO window: 0x007400-0x0074ff
[    0.303511] pci 0000:15:00.0:   PREFETCH window: 0xf4000000-0xf7ffffff
[    0.303597] pci 0000:15:00.0:   MEM window: 0x40000000-0x43ffffff
[    0.303681] pci 0000:00:1e.0: PCI bridge, secondary bus 0000:15
[    0.303780] pci 0000:00:1e.0:   IO window: 0x7000-0xafff
[    0.303867] pci 0000:00:1e.0:   MEM window: 0xf8300000-0xfbffffff
[    0.303962] pci 0000:00:1e.0:   PREFETCH window: 0x000000f4000000-0x000000f7ffffff
[    0.304093] pci 0000:00:1c.0: PCI INT A -> GSI 20 (level, low) -> IRQ 20
[    0.304184] pci 0000:00:1c.0: setting latency timer to 64
[    0.304196] pci 0000:00:1c.1: PCI INT B -> GSI 21 (level, low) -> IRQ 21
[    0.304298] pci 0000:00:1c.1: setting latency timer to 64
[    0.304312] pci 0000:00:1c.2: PCI INT C -> GSI 22 (level, low) -> IRQ 22
[    0.304401] pci 0000:00:1c.2: setting latency timer to 64
[    0.304416] pci 0000:00:1c.3: PCI INT D -> GSI 23 (level, low) -> IRQ 23
[    0.304502] pci 0000:00:1c.3: setting latency timer to 64
[    0.304517] pci 0000:00:1c.4: PCI INT A -> GSI 20 (level, low) -> IRQ 20
[    0.304603] pci 0000:00:1c.4: setting latency timer to 64
[    0.304612] pci 0000:00:1e.0: enabling device (0005 -> 0007)
[    0.304695] pci 0000:00:1e.0: setting latency timer to 64
[    0.304713] pci 0000:15:00.0: PCI INT A -> GSI 16 (level, low) -> IRQ 16
[    0.304798] pci 0000:15:00.0: setting latency timer to 64
[    0.304804] pci_bus 0000:00: resource 0 io:  [0x00-0xffff]
[    0.304806] pci_bus 0000:00: resource 1 mem: [0x000000-0xffffffff]
[    0.304808] pci_bus 0000:02: resource 0 io:  [0x2000-0x2fff]
[    0.304810] pci_bus 0000:02: resource 1 mem: [0xfc000000-0xfdffffff]
[    0.304812] pci_bus 0000:02: resource 2 pref mem [0xf8000000-0xf80fffff]
[    0.304814] pci_bus 0000:03: resource 0 io:  [0x3000-0x3fff]
[    0.304816] pci_bus 0000:03: resource 1 mem: [0xdc000000-0xdf3fffff]
[    0.304817] pci_bus 0000:03: resource 2 pref mem [0xdfe00000-0xdfefffff]
[    0.304819] pci_bus 0000:04: resource 0 io:  [0x4000-0x4fff]
[    0.304821] pci_bus 0000:04: resource 1 mem: [0xd8000000-0xd9ffffff]
[    0.304823] pci_bus 0000:04: resource 2 pref mem [0xdfb00000-0xdfbfffff]
[    0.304825] pci_bus 0000:05: resource 0 io:  [0x5000-0x5fff]
[    0.304826] pci_bus 0000:05: resource 1 mem: [0xd4000000-0xd5ffffff]
[    0.304828] pci_bus 0000:05: resource 2 pref mem [0xdf800000-0xdf8fffff]
[    0.304830] pci_bus 0000:0d: resource 0 io:  [0x6000-0x6fff]
[    0.304832] pci_bus 0000:0d: resource 1 mem: [0xd0000000-0xd1ffffff]
[    0.304833] pci_bus 0000:0d: resource 2 pref mem [0xdf500000-0xdf5fffff]
[    0.304835] pci_bus 0000:15: resource 0 io:  [0x7000-0xafff]
[    0.304837] pci_bus 0000:15: resource 1 mem: [0xf8300000-0xfbffffff]
[    0.304839] pci_bus 0000:15: resource 2 pref mem [0xf4000000-0xf7ffffff]
[    0.304840] pci_bus 0000:15: resource 3 io:  [0x00-0xffff]
[    0.304842] pci_bus 0000:15: resource 4 mem: [0x000000-0xffffffff]
[    0.304844] pci_bus 0000:16: resource 0 io:  [0x7000-0x70ff]
[    0.304846] pci_bus 0000:16: resource 1 io:  [0x7400-0x74ff]
[    0.304847] pci_bus 0000:16: resource 2 pref mem [0xf4000000-0xf7ffffff]
[    0.304849] pci_bus 0000:16: resource 3 mem: [0x40000000-0x43ffffff]
[    0.304857] NET: Registered protocol family 2
[    0.304942] RANDOM - __random32 called. Change num 7.  Value: 437d97bf	f373de51	f3b0f986
[    0.304944] RANDOM - random32 called.  Value: 437d97bf	f373de51	f3b0f986
[    0.304948] random 0000 0000 0000 5f8db4e5 4cfdf2a8: rand_read_num 3 get_random_bytes(4): sig fffffb64 5f8db4e5 4cfdf2a8
[    0.304950] random 0000 0000 0000 5f8db4e5 4cfdf2a8: extract_entropy(.. 4 ..)
[    0.304953] random 0000 0000 0000 5f8db4e5 4cfdf2a8: going to reseed nonblocking with 64 bits (32 of 0 requested)
[    0.304955] random 0000 0000 0000 5f8db4e5 4cfdf2a8: extract_entropy(.. 8 ..)
[    0.304957] random 0000 0000 0000 5f8db4e5 4cfdf2a8: trying to extract 64 bits from input
[    0.304959] random 0000 0000 0000 5f8db4e5 4cfdf2a8: debiting 0 entropy credits from input
[    0.304961] random 0000 0000 0000 5f8db4e5 4cfdf2a8: extract_entropy account returned: 0 
[    0.304964] random 0000 0000 0000 5f8db4e5 4cfdf2a8: urand_change_num 5 xfer_secondary_pool(4): pool_sig fffffb64, data_sig 00000000, bytes_mixed 0 5f8db4e5 4cfdf2a8
[    0.304966] random 0000 0000 0000 5f8db4e5 4cfdf2a8: trying to extract 32 bits from nonblocking
[    0.304969] random 0000 0000 0000 5f8db4e5 4cfdf2a8: debiting 32 entropy credits from nonblocking (unlimited)
[    0.304971] random 0000 0000 0000 5f8db4e5 4cfdf2a8: extract_entropy account returned: 4 
[    0.304975] random 0000 0000 0000 5f8db4e5 4cfdf2a8: urand_change_num 6 extract_buf: pool_sig fffffb64, data_sig 00000241, bytes_mixed 20 5f8db4e5 4cfdf2a8
[    0.304984] IP route cache hash table entries: 32768 (order: 5, 131072 bytes)
[    0.305106] RANDOM - __random32 called. Change num 8.  Value: d97bfe31	373de51f	f30dc6e6
[    0.305108] RANDOM - random32 called.  Value: d97bfe31	373de51f	f30dc6e6
[    0.305118] RANDOM - __random32 called. Change num 9.  Value: bfe314d7	73de51f5	8dcd6c7e
[    0.305120] RANDOM - random32 called.  Value: bfe314d7	73de51f5	8dcd6c7e
[    0.305122] RANDOM - __random32 called. Change num 10.  Value: 314d7baf	3de51f5e	d8fc74c1
[    0.305123] RANDOM - random32 called.  Value: 314d7baf	3de51f5e	d8fc74c1
[    0.305134] RANDOM - __random32 called. Change num 11.  Value: d7baf3c7	de51f5e5	e983e3fa
[    0.305136] RANDOM - random32 called.  Value: d7baf3c7	de51f5e5	e983e3fa
[    0.305145] TCP established hash table entries: 131072 (order: 8, 1048576 bytes)
[    0.305630] TCP bind hash table entries: 65536 (order: 6, 262144 bytes)
[    0.305811] TCP: Hash tables configured (established 131072 bind 65536)
[    0.305897] TCP reno registered
[    0.306003] NET: Registered protocol family 1
[    0.306107] RPC: Registered udp transport module.
[    0.306186] RPC: Registered tcp transport module.
[    0.306266] RPC: Registered tcp NFSv4.1 backchannel transport module.
[    0.306352] pci 0000:00:02.0: Boot video device
[    0.306565] Simple Boot Flag at 0x35 set to 0x1
[    0.307121] highmem bounce pool size: 64 pages
[    0.308603] VFS: Disk quotas dquot_6.5.2
[    0.308717] Dquot-cache hash table entries: 1024 (order 0, 4096 bytes)
[    0.309455] NTFS driver 2.1.29 [Flags: R/W].
[    0.309605] ROMFS MTD (C) 2007 Red Hat, Inc.
[    0.309817] JFS: nTxBlock = 7695, nTxLock = 61562
[    0.312250] SGI XFS with ACLs, security attributes, large block/inode numbers, no debug enabled
[    0.312720] SGI XFS Quota Management subsystem
[    0.313064] Slow work thread pool: Starting up
[    0.313157] Slow work thread pool: Ready
[    0.313249] GFS2 (built May 24 2013 02:47:17) installed
[    0.313340] msgmni has been set to 1734
[    0.313499] alg: No test for cipher_null (cipher_null-generic)
[    0.313595] alg: No test for ecb(cipher_null) (ecb-cipher_null)
[    0.313685] alg: No test for digest_null (digest_null-generic)
[    0.313779] alg: No test for compress_null (compress_null-generic)
[    0.314330] alg: No test for fcrypt (fcrypt-generic)
[    0.315736] alg: No test for stdrng (krng)
[    0.315819] async_tx: api initialized (async)
[    0.315977] Block layer SCSI generic (bsg) driver version 0.4 loaded (major 254)
[    0.316090] io scheduler noop registered
[    0.316174] io scheduler anticipatory registered
[    0.316260] io scheduler deadline registered
[    0.316380] io scheduler cfq registered (default)
[    0.316618] pcieport 0000:00:1c.0: irq 24 for MSI/MSI-X
[    0.316634] pcieport 0000:00:1c.0: setting latency timer to 64
[    0.316823] pcieport 0000:00:1c.1: irq 25 for MSI/MSI-X
[    0.316835] pcieport 0000:00:1c.1: setting latency timer to 64
[    0.317032] pcieport 0000:00:1c.2: irq 26 for MSI/MSI-X
[    0.317044] pcieport 0000:00:1c.2: setting latency timer to 64
[    0.317218] pcieport 0000:00:1c.3: irq 27 for MSI/MSI-X
[    0.317229] pcieport 0000:00:1c.3: setting latency timer to 64
[    0.317416] pcieport 0000:00:1c.4: irq 28 for MSI/MSI-X
[    0.317427] pcieport 0000:00:1c.4: setting latency timer to 64
[    0.317571] pci_hotplug: PCI Hot Plug PCI Core version: 0.5
[    0.317761] isapnp: Scanning for PnP cards...
[    0.678289] isapnp: No Plug & Play device found
[    0.678369] random 0000 0000 0000 5f8db4e5 4cfdf2a8: initializing
[    0.697862] Serial: 8250/16550 driver, 4 ports, IRQ sharing enabled
[    3.708328] floppy0: no floppy controllers found
[    3.709268] brd: module loaded
[    3.709772] loop: module loaded
[    3.709859] Compaq SMART2 Driver (v 2.6.0)
[    3.709984] HP CISS Driver (v 3.6.20)
[    3.710219] input: Macintosh mouse button emulation as /devices/virtual/input/input0
[    3.710359] Uniform Multi-Platform E-IDE driver
[    3.710588] piix 0000:00:1f.1: IDE controller (0x8086:0x2850 rev 0x03)
[    3.710685] pci 0000:00:1f.1: PCI INT C -> GSI 16 (level, low) -> IRQ 16
[    3.710782] piix 0000:00:1f.1: IDE port disabled
[    3.710869] piix 0000:00:1f.1: not 100% native mode: will probe irqs later
[    3.710955]     ide0: BM-DMA at 0x1c00-0x1c07
[    3.711046] Probing IDE interface ide0...
[    4.382441] hda: HL-DT-ST DVDRAM GSA-U10N, ATAPI CD/DVD-ROM drive
[    4.689202] hda: host max PIO4 wanted PIO255(auto-tune) selected PIO4
[    4.689972] hda: UDMA/33 mode selected
[    4.690433] ide0 at 0x1f0-0x1f7,0x3f6 on irq 14
[    4.694311] ide-gd driver 1.18
[    4.694414] ide-cd driver 5.00
[    4.695788] ide-cd: hda: ATAPI 24X DVD-ROM DVD-R/RAM CD-R/RW drive, 2048kB Cache
[    4.696187] Uniform CD-ROM driver Revision: 3.20
[    4.703359] Loading iSCSI transport class v2.0-870.
[    4.703634] rdac: device handler registered
[    4.703721] hp_sw: device handler registered
[    4.703807] emc: device handler registered
[    4.703887] alua: device handler registered
[    4.704873] Adaptec aacraid driver 1.1-5[2461]-ms
[    4.705289] scsi: <fdomain> Detection failed (no card)
[    4.705375] sym53c416.c: Version 1.0.0-ac
[    4.705479] qlogicfas: no cards were found, please specify I/O address and IRQ using iobase= and irq= options
[    4.705604] QLogic Fibre Channel HBA Driver: 8.03.01-k6
[    4.705815] iscsi: registered transport (qla4xxx)
[    4.705920] QLogic iSCSI HBA Driver
[    4.706005] Emulex LightPulse Fibre Channel SCSI driver 8.3.4
[    4.706094] Copyright(c) 2004-2009 Emulex.  All rights reserved.
[    4.728184] Failed initialization of WD-7000 SCSI card!
[    4.817358] DC390: clustering now enabled by default. If you get problems load
[    4.817478]        with "disable_clustering=1" and report to maintainers
[    4.817610] megaraid cmm: 2.20.2.7 (Release Date: Sun Jul 16 00:01:03 EST 2006)
[    4.817753] megaraid: 2.20.5.1 (Release Date: Thu Nov 16 15:32:35 EST 2006)
[    4.817865] megasas: 00.00.04.01 Thu July 24 11:41:51 PST 2008
[    4.817991] GDT-HA: Storage RAID Controller Driver. Version: 3.05
[    4.818130] 3ware Storage Controller device driver for Linux v1.26.02.002.
[    4.818234] 3ware 9000 Storage Controller device driver for Linux v2.26.02.012.
[    4.818366] nsp32: loading...
[    4.818464] ipr: IBM Power RAID SCSI Device Driver version: 2.4.3 (June 10, 2009)
[    4.818608] RocketRAID 3xxx/4xxx Controller driver v1.6 (090910)
[    4.818723] stex: Promise SuperTrak EX Driver version: 4.6.0000.3
[    4.818847] st: Version 20081215, fixed bufsize 32768, s/g segs 256
[    4.819038] ahci 0000:00:1f.2: version 3.0
[    4.819052] ahci 0000:00:1f.2: PCI INT B -> GSI 16 (level, low) -> IRQ 16
[    4.819195] ahci 0000:00:1f.2: irq 29 for MSI/MSI-X
[    4.819257] ahci 0000:00:1f.2: AHCI 0001.0100 32 slots 3 ports 1.5 Gbps 0x5 impl SATA mode
[    4.819371] ahci 0000:00:1f.2: flags: 64bit ncq sntf pm led clo pio slum part ccc 
[    4.819486] ahci 0000:00:1f.2: setting latency timer to 64
[    4.819630] scsi2 : ahci
[    4.819793] scsi3 : ahci
[    4.819922] scsi4 : ahci
[    4.820091] ata1: SATA max UDMA/133 abar m2048@0xfe226000 port 0xfe226100 irq 29
[    4.820219] ata2: DUMMY
[    4.820300] ata3: SATA max UDMA/133 abar m2048@0xfe226000 port 0xfe226200 irq 29
[    4.820891] I2O subsystem v1.325
[    4.820974] i2o: max drivers = 8
[    4.821112] I2O Configuration OSM v1.323
[    4.821224] I2O Bus Adapter OSM v1.317
[    4.821317] I2O Block Device OSM v1.325
[    4.821456] I2O SCSI Peripheral OSM v1.316
[    4.821549] I2O ProcFS OSM v1.316
[    4.821650] Fusion MPT base driver 3.04.12
[    4.821729] Copyright (c) 1999-2008 LSI Corporation
[    4.821811] Fusion MPT SPI Host driver 3.04.12
[    4.821909] Fusion MPT FC Host driver 3.04.12
[    4.822020] Fusion MPT SAS Host driver 3.04.12
[    4.822223] ohci1394 0000:15:00.1: PCI INT B -> GSI 17 (level, low) -> IRQ 17
[    4.822312] ohci1394 0000:15:00.1: setting latency timer to 64
[    4.876182] ohci1394: fw-host0: OHCI-1394 1.1 (PCI): IRQ=[17]  MMIO=[f8301000-f83017ff]  Max Packet=[2048]  IR/IT contexts=[4/4]
[    4.880447] ehci_hcd: USB 2.0 'Enhanced' Host Controller (EHCI) Driver
[    4.880718] ehci_hcd 0000:00:1a.7: power state changed by ACPI to D0
[    4.880959] ehci_hcd 0000:00:1a.7: power state changed by ACPI to D0
[    4.881052] ehci_hcd 0000:00:1a.7: PCI INT C -> GSI 22 (level, low) -> IRQ 22
[    4.881161] ehci_hcd 0000:00:1a.7: setting latency timer to 64
[    4.881166] ehci_hcd 0000:00:1a.7: EHCI Host Controller
[    4.881297] ehci_hcd 0000:00:1a.7: new USB bus registered, assigned bus number 1
[    4.885339] ehci_hcd 0000:00:1a.7: cache line size of 32 is not supported
[    4.885348] ehci_hcd 0000:00:1a.7: irq 22, io mem 0xfe226c00
[    4.895140] ehci_hcd 0000:00:1a.7: USB 2.0 started, EHCI 1.00
[    4.895239] usb usb1: New USB device found, idVendor=1d6b, idProduct=0002
[    4.895326] usb usb1: New USB device strings: Mfr=3, Product=2, SerialNumber=1
[    4.895438] usb usb1: Product: EHCI Host Controller
[    4.895527] usb usb1: Manufacturer: Linux 2.6.32.57 ehci_hcd
[    4.895609] usb usb1: SerialNumber: 0000:00:1a.7
[    4.895741] usb usb1: configuration #1 chosen from 1 choice
[    4.895858] hub 1-0:1.0: USB hub found
[    4.895952] hub 1-0:1.0: 4 ports detected
[    4.896243] ehci_hcd 0000:00:1d.7: power state changed by ACPI to D0
[    4.896487] ehci_hcd 0000:00:1d.7: power state changed by ACPI to D0
[    4.896588] ehci_hcd 0000:00:1d.7: PCI INT D -> GSI 19 (level, low) -> IRQ 19
[    4.896690] ehci_hcd 0000:00:1d.7: setting latency timer to 64
[    4.896693] ehci_hcd 0000:00:1d.7: EHCI Host Controller
[    4.896810] ehci_hcd 0000:00:1d.7: new USB bus registered, assigned bus number 2
[    4.896958] ehci_hcd 0000:00:1d.7: debug port 1
[    4.900930] ehci_hcd 0000:00:1d.7: cache line size of 32 is not supported
[    4.900939] ehci_hcd 0000:00:1d.7: irq 19, io mem 0xfe227000
[    4.911138] ehci_hcd 0000:00:1d.7: USB 2.0 started, EHCI 1.00
[    4.911238] usb usb2: New USB device found, idVendor=1d6b, idProduct=0002
[    4.911322] usb usb2: New USB device strings: Mfr=3, Product=2, SerialNumber=1
[    4.911442] usb usb2: Product: EHCI Host Controller
[    4.911521] usb usb2: Manufacturer: Linux 2.6.32.57 ehci_hcd
[    4.911608] usb usb2: SerialNumber: 0000:00:1d.7
[    4.911740] usb usb2: configuration #1 chosen from 1 choice
[    4.911849] hub 2-0:1.0: USB hub found
[    4.911936] hub 2-0:1.0: 6 ports detected
[    4.912113] 116x: driver isp116x-hcd, 03 Nov 2005
[    4.912217] ohci_hcd: USB 1.1 'Open' Host Controller (OHCI) Driver
[    4.912324] uhci_hcd: USB Universal Host Controller Interface driver
[    4.912430] uhci_hcd 0000:00:1a.0: PCI INT A -> GSI 20 (level, low) -> IRQ 20
[    4.912519] uhci_hcd 0000:00:1a.0: setting latency timer to 64
[    4.912523] uhci_hcd 0000:00:1a.0: UHCI Host Controller
[    4.912642] uhci_hcd 0000:00:1a.0: new USB bus registered, assigned bus number 3
[    4.912794] uhci_hcd 0000:00:1a.0: irq 20, io base 0x00001860
[    4.912915] usb usb3: New USB device found, idVendor=1d6b, idProduct=0001
[    4.912997] usb usb3: New USB device strings: Mfr=3, Product=2, SerialNumber=1
[    4.913109] usb usb3: Product: UHCI Host Controller
[    4.913202] usb usb3: Manufacturer: Linux 2.6.32.57 uhci_hcd
[    4.913291] usb usb3: SerialNumber: 0000:00:1a.0
[    4.913433] usb usb3: configuration #1 chosen from 1 choice
[    4.913542] hub 3-0:1.0: USB hub found
[    4.913624] hub 3-0:1.0: 2 ports detected
[    4.913950] uhci_hcd 0000:00:1a.1: power state changed by ACPI to D0
[    4.914189] uhci_hcd 0000:00:1a.1: power state changed by ACPI to D0
[    4.914276] uhci_hcd 0000:00:1a.1: PCI INT B -> GSI 21 (level, low) -> IRQ 21
[    4.914365] uhci_hcd 0000:00:1a.1: setting latency timer to 64
[    4.914370] uhci_hcd 0000:00:1a.1: UHCI Host Controller
[    4.914488] uhci_hcd 0000:00:1a.1: new USB bus registered, assigned bus number 4
[    4.914632] uhci_hcd 0000:00:1a.1: irq 21, io base 0x00001880
[    4.914744] usb usb4: New USB device found, idVendor=1d6b, idProduct=0001
[    4.914827] usb usb4: New USB device strings: Mfr=3, Product=2, SerialNumber=1
[    4.914938] usb usb4: Product: UHCI Host Controller
[    4.915020] usb usb4: Manufacturer: Linux 2.6.32.57 uhci_hcd
[    4.915103] usb usb4: SerialNumber: 0000:00:1a.1
[    4.915249] usb usb4: configuration #1 chosen from 1 choice
[    4.915360] hub 4-0:1.0: USB hub found
[    4.915456] hub 4-0:1.0: 2 ports detected
[    4.915739] uhci_hcd 0000:00:1d.0: power state changed by ACPI to D0
[    4.915972] uhci_hcd 0000:00:1d.0: power state changed by ACPI to D0
[    4.916082] uhci_hcd 0000:00:1d.0: PCI INT A -> GSI 16 (level, low) -> IRQ 16
[    4.916183] uhci_hcd 0000:00:1d.0: setting latency timer to 64
[    4.916188] uhci_hcd 0000:00:1d.0: UHCI Host Controller
[    4.916312] uhci_hcd 0000:00:1d.0: new USB bus registered, assigned bus number 5
[    4.916452] uhci_hcd 0000:00:1d.0: irq 16, io base 0x000018a0
[    4.916566] usb usb5: New USB device found, idVendor=1d6b, idProduct=0001
[    4.916654] usb usb5: New USB device strings: Mfr=3, Product=2, SerialNumber=1
[    4.916770] usb usb5: Product: UHCI Host Controller
[    4.916849] usb usb5: Manufacturer: Linux 2.6.32.57 uhci_hcd
[    4.916938] usb usb5: SerialNumber: 0000:00:1d.0
[    4.917069] usb usb5: configuration #1 chosen from 1 choice
[    4.917193] hub 5-0:1.0: USB hub found
[    4.917286] hub 5-0:1.0: 2 ports detected
[    4.917425] uhci_hcd 0000:00:1d.1: PCI INT B -> GSI 17 (level, low) -> IRQ 17
[    4.917511] uhci_hcd 0000:00:1d.1: setting latency timer to 64
[    4.917514] uhci_hcd 0000:00:1d.1: UHCI Host Controller
[    4.917640] uhci_hcd 0000:00:1d.1: new USB bus registered, assigned bus number 6
[    4.917781] uhci_hcd 0000:00:1d.1: irq 17, io base 0x000018c0
[    4.917885] usb usb6: New USB device found, idVendor=1d6b, idProduct=0001
[    4.917975] usb usb6: New USB device strings: Mfr=3, Product=2, SerialNumber=1
[    4.918087] usb usb6: Product: UHCI Host Controller
[    4.918173] usb usb6: Manufacturer: Linux 2.6.32.57 uhci_hcd
[    4.918253] usb usb6: SerialNumber: 0000:00:1d.1
[    4.918387] usb usb6: configuration #1 chosen from 1 choice
[    4.918507] hub 6-0:1.0: USB hub found
[    4.918587] hub 6-0:1.0: 2 ports detected
[    4.918951] uhci_hcd 0000:00:1d.2: power state changed by ACPI to D0
[    4.919209] uhci_hcd 0000:00:1d.2: power state changed by ACPI to D0
[    4.919311] uhci_hcd 0000:00:1d.2: PCI INT C -> GSI 18 (level, low) -> IRQ 18
[    4.919407] uhci_hcd 0000:00:1d.2: setting latency timer to 64
[    4.919412] uhci_hcd 0000:00:1d.2: UHCI Host Controller
[    4.919536] uhci_hcd 0000:00:1d.2: new USB bus registered, assigned bus number 7
[    4.919679] uhci_hcd 0000:00:1d.2: irq 18, io base 0x000018e0
[    4.919782] usb usb7: New USB device found, idVendor=1d6b, idProduct=0001
[    4.919863] usb usb7: New USB device strings: Mfr=3, Product=2, SerialNumber=1
[    4.919986] usb usb7: Product: UHCI Host Controller
[    4.920065] usb usb7: Manufacturer: Linux 2.6.32.57 uhci_hcd
[    4.920154] usb usb7: SerialNumber: 0000:00:1d.2
[    4.920929] usb usb7: configuration #1 chosen from 1 choice
[    4.921047] hub 7-0:1.0: USB hub found
[    4.921140] hub 7-0:1.0: 2 ports detected
[    4.921294] sl811: driver sl811-hcd, 19 May 2005
[    4.921393] r8a66597_hcd: driver r8a66597_hcd, 2009-05-26
[    4.921556] Initializing USB Mass Storage driver...
[    4.921671] usbcore: registered new interface driver usb-storage
[    4.921764] USB Mass Storage support registered.
[    4.921860] usbcore: registered new interface driver ums-alauda
[    4.921960] usbcore: registered new interface driver ums-cypress
[    4.922062] usbcore: registered new interface driver ums-datafab
[    4.922173] usbcore: registered new interface driver ums-freecom
[    4.922283] usbcore: registered new interface driver ums-isd200
[    4.922382] usbcore: registered new interface driver ums-jumpshot
[    4.922490] usbcore: registered new interface driver ums-karma
[    4.922590] usbcore: registered new interface driver ums-onetouch
[    4.922694] usbcore: registered new interface driver ums-sddr09
[    4.922794] usbcore: registered new interface driver ums-sddr55
[    4.922895] usbcore: registered new interface driver ums-usbat
[    4.923042] PNP: PS/2 Controller [PNP0303:KBD,PNP0f13:MOU] at 0x60,0x64 irq 1,12
[    4.931817] serio: i8042 KBD port at 0x60,0x64 irq 1
[    4.931903] serio: i8042 AUX port at 0x60,0x64 irq 12
[    4.932145] mice: PS/2 mouse device common for all mice
[    4.932253] i2c /dev entries driver
[    4.932373] md: linear personality registered for level -1
[    4.932457] md: raid0 personality registered for level 0
[    4.932538] md: raid1 personality registered for level 1
[    4.932623] md: raid10 personality registered for level 10
[    4.932705] md: raid6 personality registered for level 6
[    4.932784] md: raid5 personality registered for level 5
[    4.932875] md: raid4 personality registered for level 4
[    4.932954] md: multipath personality registered for level -4
[    4.933163] device-mapper: ioctl: 4.15.0-ioctl (2009-04-01) initialised: dm-devel@redhat.com
[    4.933355] cpuidle: using governor ladder
[    4.933935] usbcore: registered new interface driver usbhid
[    4.934023] usbhid: v2.6:USB HID core driver
[    4.934178] random 0000 0000 0000 00000000 00000000: rand_read_num 4 get_random_bytes(136): sig 00000000 00000000 00000000
[    4.934181] random 0000 0000 0000 00000000 00000000: extract_entropy(.. 136 ..)
[    4.934184] random 0000 0000 0000 00000000 00000000: going to reseed nonblocking with 1024 bits (1088 of 0 requested)
[    4.934186] random 0000 0000 0000 00000000 00000000: extract_entropy(.. 128 ..)
[    4.934188] random 0000 0000 0000 00000000 00000000: trying to extract 1024 bits from input
[    4.934190] random 0000 0000 0000 00000000 00000000: debiting 0 entropy credits from input
[    4.934192] random 0000 0000 0000 00000000 00000000: extract_entropy account returned: 0 
[    4.934195] random 0000 0000 0000 00000000 00000000: urand_change_num 7 xfer_secondary_pool(136): pool_sig 00000000, data_sig 00000000, bytes_mixed 0 00000000 00000000
[    4.934198] random 0000 0000 0000 00000000 00000000: trying to extract 1088 bits from nonblocking
[    4.934200] random 0000 0000 0000 00000000 00000000: debiting 1088 entropy credits from nonblocking (unlimited)
[    4.934202] random 0000 0000 0000 00000000 00000000: extract_entropy account returned: 136 
[    4.934207] random 0000 0000 0000 00000000 00000000: urand_change_num 8 extract_buf: pool_sig 00000000, data_sig fffffff9, bytes_mixed 20 00000000 00000000
[    4.934212] random 0000 0000 0000 b7c35b56 be4dc95d: urand_change_num 9 extract_buf: pool_sig fffffd1e, data_sig 000000c5, bytes_mixed 20 b7c35b56 be4dc95d
[    4.934217] random 0000 0000 0000 ed9f5c47 c48487fb: urand_change_num 10 extract_buf: pool_sig fffff8ec, data_sig ffffff68, bytes_mixed 20 ed9f5c47 c48487fb
[    4.934223] random 0000 0000 0000 ed9f5c47 c48487fb: urand_change_num 11 extract_buf: pool_sig fffffaed, data_sig 000001aa, bytes_mixed 20 ed9f5c47 c48487fb
[    4.934228] random 0000 0000 0000 1b4f7c0a 91bd6a48: urand_change_num 12 extract_buf: pool_sig fffffdd8, data_sig 00000064, bytes_mixed 20 1b4f7c0a 91bd6a48
[    4.934233] random 0000 0000 0000 a254b9bc 20e9a24f: urand_change_num 13 extract_buf: pool_sig fffffbe6, data_sig 000001dd, bytes_mixed 20 a254b9bc 20e9a24f
[    4.934238] random 0000 0000 0000 a254b9bc 20e9a24f: urand_change_num 14 extract_buf: pool_sig fffff940, data_sig fffffe20, bytes_mixed 20 a254b9bc 20e9a24f
[    4.934243] random 0000 0000 0000 2831a66b 5fa2a3ad: urand_change_num 15 extract_buf: pool_sig fffffbce, data_sig 0000007e, bytes_mixed 20 2831a66b 5fa2a3ad
[    4.934249] random 0000 0000 0000 2831a66b 5fa2a3ad: urand_change_num 16 extract_buf: pool_sig 000004df, data_sig fffffe8f, bytes_mixed 20 2831a66b 5fa2a3ad
[    4.934254] random 0000 0000 0000 d4512bfd c9a54e0b: urand_change_num 17 extract_buf: pool_sig 00000485, data_sig fffffe68, bytes_mixed 20 d4512bfd c9a54e0b
[    4.934259] random 0000 0000 0000 c7371be6 f9ffea11: urand_change_num 18 extract_buf: pool_sig 00000095, data_sig ffffffed, bytes_mixed 20 c7371be6 f9ffea11
[    4.934264] random 0000 0000 0000 c7371be6 f9ffea11: urand_change_num 19 extract_buf: pool_sig 000003a7, data_sig fffffefa, bytes_mixed 20 c7371be6 f9ffea11
[    4.934269] random 0000 0000 0000 8fb4b62c d1ddba54: urand_change_num 20 extract_buf: pool_sig 00000179, data_sig ffffff78, bytes_mixed 20 8fb4b62c d1ddba54
[    4.934274] random 0000 0000 0000 9ff19f9c c07a1d2a: urand_change_num 21 extract_buf: pool_sig fffffe88, data_sig 00000126, bytes_mixed 20 9ff19f9c c07a1d2a
[    4.934279] TCP cubic registered
[    4.934358] Initializing XFRM netlink socket
[    4.934447] NET: Registered protocol family 17
[    4.934536] Using IPI Shortcut mode
[    4.934616] random 0000 0000 0000 9ff19f9c c07a1d2a: rand_read_num 5 get_random_bytes(8): sig 0000031b 9ff19f9c c07a1d2a
[    4.934619] random 0000 0000 0000 9ff19f9c c07a1d2a: extract_entropy(.. 8 ..)
[    4.934621] random 0000 0000 0000 9ff19f9c c07a1d2a: going to reseed nonblocking with 64 bits (64 of 0 requested)
[    4.934623] random 0000 0000 0000 9ff19f9c c07a1d2a: extract_entropy(.. 8 ..)
[    4.934625] random 0000 0000 0000 9ff19f9c c07a1d2a: trying to extract 64 bits from input
[    4.934627] random 0000 0000 0000 9ff19f9c c07a1d2a: debiting 0 entropy credits from input
[    4.934629] random 0000 0000 0000 9ff19f9c c07a1d2a: extract_entropy account returned: 0 
[    4.934632] random 0000 0000 0000 9ff19f9c c07a1d2a: urand_change_num 22 xfer_secondary_pool(8): pool_sig 0000031b, data_sig 00000000, bytes_mixed 0 9ff19f9c c07a1d2a
[    4.934635] random 0000 0000 0000 9ff19f9c c07a1d2a: trying to extract 64 bits from nonblocking
[    4.934637] random 0000 0000 0000 9ff19f9c c07a1d2a: debiting 64 entropy credits from nonblocking (unlimited)
[    4.934647] random 0000 0000 0000 9ff19f9c c07a1d2a: extract_entropy account returned: 8 
[    4.934651] random 0000 0000 0000 9ff19f9c c07a1d2a: urand_change_num 23 extract_buf: pool_sig 0000031b, data_sig ffffffb3, bytes_mixed 20 9ff19f9c c07a1d2a
[    4.936805] input: AT Translated Set 2 keyboard as /devices/platform/i8042/serio0/input/input1
[    5.126119] ata3: SATA link down (SStatus 0 SControl 300)
[    5.126228] ata1: SATA link up 1.5 Gbps (SStatus 113 SControl 300)
[    5.129163] ata1.00: ACPI cmd ef/02:00:00:00:00:a0 (SET FEATURES) succeeded
[    5.129166] ata1.00: ACPI cmd f5/00:00:00:00:00:a0 (SECURITY FREEZE LOCK) filtered out
[    5.130555] ata1.00: ACPI cmd ef/5f:00:00:00:00:a0 (SET FEATURES) succeeded
[    5.130557] ata1.00: ACPI cmd ef/10:03:00:00:00:a0 (SET FEATURES) filtered out
[    5.132465] ata1.00: ATA-7: ST910021AS, 4.06, max UDMA/100
[    5.132549] ata1.00: 195371568 sectors, multi 16: LBA48 
[    5.134703] ata1.00: ACPI cmd ef/02:00:00:00:00:a0 (SET FEATURES) succeeded
[    5.134705] ata1.00: ACPI cmd f5/00:00:00:00:00:a0 (SECURITY FREEZE LOCK) filtered out
[    5.136102] ata1.00: ACPI cmd ef/5f:00:00:00:00:a0 (SET FEATURES) succeeded
[    5.136105] ata1.00: ACPI cmd ef/10:03:00:00:00:a0 (SET FEATURES) filtered out
[    5.138026] ata1.00: configured for UDMA/100
[    5.149165] scsi 2:0:0:0: Direct-Access     ATA      ST910021AS       4.06 PQ: 0 ANSI: 5
[    5.149445] sd 2:0:0:0: [sda] 195371568 512-byte logical blocks: (100 GB/93.1 GiB)
[    5.149579] sd 2:0:0:0: [sda] Write Protect is off
[    5.149662] sd 2:0:0:0: [sda] Mode Sense: 00 3a 00 00
[    5.149675] sd 2:0:0:0: [sda] Write cache: enabled, read cache: enabled, doesn't support DPO or FUA
[    5.149863]  sda:
[    5.214092] usb 2-1: new high speed USB device using ehci_hcd and address 2
[    5.363377] usb 2-1: New USB device found, idVendor=0e8d, idProduct=1806
[    5.363459] usb 2-1: New USB device strings: Mfr=1, Product=2, SerialNumber=3
[    5.363542] usb 2-1: Product: MT1806 
[    5.363625] usb 2-1: Manufacturer: MediaTek Inc
[    5.363704] usb 2-1: SerialNumber: R8KN6GAC800AEB 
[    5.363839] usb 2-1: configuration #1 chosen from 1 choice
[    5.370169] scsi5 : SCSI emulation for USB Mass Storage devices
[    5.370333] usb-storage: device found at 2
[    5.370334] usb-storage: waiting for device to settle before scanning
[    5.571442]  sda1 sda2
[    5.572166] sd 2:0:0:0: [sda] Attached SCSI disk
[    5.572257] random 0000 0000 0000 277f73c3 42024bb9: rand_read_num 6 get_random_bytes(12): sig 000007e9 277f73c3 42024bb9
[    5.572259] random 0000 0000 0000 277f73c3 42024bb9: extract_entropy(.. 12 ..)
[    5.572262] random 0000 0000 0000 277f73c3 42024bb9: going to reseed nonblocking with 96 bits (96 of 0 requested)
[    5.572264] random 0000 0000 0000 277f73c3 42024bb9: extract_entropy(.. 12 ..)
[    5.572266] random 0000 0000 0000 277f73c3 42024bb9: trying to extract 96 bits from input
[    5.572268] random 0000 0000 0000 277f73c3 42024bb9: debiting 0 entropy credits from input
[    5.572270] random 0000 0000 0000 277f73c3 42024bb9: extract_entropy account returned: 0 
[    5.572273] random 0000 0000 0000 277f73c3 42024bb9: urand_change_num 24 xfer_secondary_pool(12): pool_sig 000007e9, data_sig 00000000, bytes_mixed 0 277f73c3 42024bb9
[    5.572276] random 0000 0000 0000 277f73c3 42024bb9: trying to extract 96 bits from nonblocking
[    5.572278] random 0000 0000 0000 277f73c3 42024bb9: debiting 96 entropy credits from nonblocking (unlimited)
[    5.572280] random 0000 0000 0000 277f73c3 42024bb9: extract_entropy account returned: 12 
[    5.572284] random 0000 0000 0000 277f73c3 42024bb9: urand_change_num 25 extract_buf: pool_sig 000007e9, data_sig 00000088, bytes_mixed 20 277f73c3 42024bb9
[    5.572289] random 0000 0000 0000 277f73c3 42024bb9: urand_change_num 26 extract_buf: pool_sig 00000498, data_sig fffffefb, bytes_mixed 20 277f73c3 42024bb9
[    5.572292] RANDOM - __seed init called.
[    5.572293] RANDOM - __seed init called.
[    5.572294] RANDOM - __seed init called.
[    5.572296] RANDOM - __random32 called. Change num 12.  Value: 87f14767	f0d7351	b1e48bd3
[    5.572298] RANDOM - random32_reseed called.  Value: 87f14767	f0d7351	b1e48bd3
[    5.572300] Pid: 1, comm: swapper Not tainted 2.6.32.57 #3
[    5.572380] Call Trace:
[    5.572462]  [<c1923ca4>] ? random32_reseed+0xa0/0xb1
[    5.572546]  [<c1923c04>] ? random32_reseed+0x0/0xb1
[    5.572635]  [<c100111e>] ? do_one_initcall+0x2e/0x180
[    5.572731]  [<c1907265>] ? kernel_init+0xad/0x103
[    5.572823]  [<c19071b8>] ? kernel_init+0x0/0x103
[    5.572904]  [<c1003787>] ? kernel_thread_helper+0x7/0x10
[    5.573442] random 0000 0000 0000 386b4e60 ee4d4880: rand_read_num 7 get_random_bytes(64): sig fffffea5 386b4e60 ee4d4880
[    5.573445] random 0000 0000 0000 386b4e60 ee4d4880: extract_entropy(.. 64 ..)
[    5.573447] random 0000 0000 0000 386b4e60 ee4d4880: going to reseed nonblocking with 512 bits (512 of 0 requested)
[    5.573449] random 0000 0000 0000 386b4e60 ee4d4880: extract_entropy(.. 64 ..)
[    5.573451] random 0000 0000 0000 386b4e60 ee4d4880: trying to extract 512 bits from input
[    5.573453] random 0000 0000 0000 386b4e60 ee4d4880: debiting 0 entropy credits from input
[    5.573455] random 0000 0000 0000 386b4e60 ee4d4880: extract_entropy account returned: 0 
[    5.573458] random 0000 0000 0000 386b4e60 ee4d4880: urand_change_num 27 xfer_secondary_pool(64): pool_sig fffffea5, data_sig 00000000, bytes_mixed 0 386b4e60 ee4d4880
[    5.573461] random 0000 0000 0000 386b4e60 ee4d4880: trying to extract 512 bits from nonblocking
[    5.573464] random 0000 0000 0000 386b4e60 ee4d4880: debiting 512 entropy credits from nonblocking (unlimited)
[    5.573466] random 0000 0000 0000 386b4e60 ee4d4880: extract_entropy account returned: 64 
[    5.573470] random 0000 0000 0000 386b4e60 ee4d4880: urand_change_num 28 extract_buf: pool_sig fffffea5, data_sig 00000173, bytes_mixed 20 386b4e60 ee4d4880
[    5.573475] random 0000 0000 0000 412698f6 0cc8689a: urand_change_num 29 extract_buf: pool_sig 00000122, data_sig ffffff63, bytes_mixed 20 412698f6 0cc8689a
[    5.573480] random 0000 0000 0000 412698f6 0cc8689a: urand_change_num 30 extract_buf: pool_sig 000001f7, data_sig 00000012, bytes_mixed 20 412698f6 0cc8689a
[    5.573486] random 0000 0000 0000 9669941e 06f768b1: urand_change_num 31 extract_buf: pool_sig fffffb5b, data_sig 0000003f, bytes_mixed 20 9669941e 06f768b1
[    5.573491] random 0000 0000 0000 98486520 995551f0: urand_change_num 32 extract_buf: pool_sig fffffb39, data_sig 0000000e, bytes_mixed 20 98486520 995551f0
[    5.573496] random 0000 0000 0000 98486520 995551f0: urand_change_num 33 extract_buf: pool_sig fffffd8d, data_sig 000001a6, bytes_mixed 20 98486520 995551f0
[    5.573501] random 0000 0000 0000 61fc8914 d5882ed2: urand_change_num 34 extract_buf: pool_sig fffffa58, data_sig 0000023e, bytes_mixed 20 61fc8914 d5882ed2
[    5.573530] random 0000 0000 0000 61fc8914 d5882ed2: rand_read_num 8 get_random_bytes(64): sig fffff9ee 61fc8914 d5882ed2
[    5.573532] random 0000 0000 0000 61fc8914 d5882ed2: extract_entropy(.. 64 ..)
[    5.573535] random 0000 0000 0000 61fc8914 d5882ed2: going to reseed nonblocking with 512 bits (512 of 0 requested)
[    5.573537] random 0000 0000 0000 61fc8914 d5882ed2: extract_entropy(.. 64 ..)
[    5.573539] random 0000 0000 0000 61fc8914 d5882ed2: trying to extract 512 bits from input
[    5.573541] random 0000 0000 0000 61fc8914 d5882ed2: debiting 0 entropy credits from input
[    5.573543] random 0000 0000 0000 61fc8914 d5882ed2: extract_entropy account returned: 0 
[    5.573546] random 0000 0000 0000 61fc8914 d5882ed2: urand_change_num 35 xfer_secondary_pool(64): pool_sig fffff9ee, data_sig 00000000, bytes_mixed 0 61fc8914 d5882ed2
[    5.573549] random 0000 0000 0000 61fc8914 d5882ed2: trying to extract 512 bits from nonblocking
[    5.573551] random 0000 0000 0000 61fc8914 d5882ed2: debiting 512 entropy credits from nonblocking (unlimited)
[    5.573553] random 0000 0000 0000 61fc8914 d5882ed2: extract_entropy account returned: 64 
[    5.573557] random 0000 0000 0000 61fc8914 d5882ed2: urand_change_num 36 extract_buf: pool_sig fffff9ee, data_sig ffffff85, bytes_mixed 20 61fc8914 d5882ed2
[    5.573562] random 0000 0000 0000 70cfd302 e5edec11: urand_change_num 37 extract_buf: pool_sig fffffdc1, data_sig ffffffde, bytes_mixed 20 70cfd302 e5edec11
[    5.573568] random 0000 0000 0000 00dab838 eafd2b30: urand_change_num 38 extract_buf: pool_sig 000003da, data_sig ffffff61, bytes_mixed 20 00dab838 eafd2b30
[    5.573573] random 0000 0000 0000 00dab838 eafd2b30: urand_change_num 39 extract_buf: pool_sig 00000314, data_sig 00000121, bytes_mixed 20 00dab838 eafd2b30
[    5.573578] random 0000 0000 0000 5fcdf66a 6442b608: urand_change_num 40 extract_buf: pool_sig 0000028b, data_sig fffffefd, bytes_mixed 20 5fcdf66a 6442b608
[    5.573583] random 0000 0000 0000 61333f6b 8fae0f9b: urand_change_num 41 extract_buf: pool_sig 000000cb, data_sig 000000b3, bytes_mixed 20 61333f6b 8fae0f9b
[    5.573588] random 0000 0000 0000 61333f6b 8fae0f9b: urand_change_num 42 extract_buf: pool_sig fffffef8, data_sig 00000051, bytes_mixed 20 61333f6b 8fae0f9b
[    5.573591] BEGIN NET_SECRET:
[    5.573592] \xffffffe0
[    5.573593] \xffffffb6
[    5.573594] \x36
[    5.573595] \xffffffb5
[    5.573596] \xffffff94
[    5.573596] \xffffffb2
[    5.573597] \xffffffa8
[    5.573598] \xffffffda
[    5.573599] \x5b
[    5.573600] \x19
[    5.573600] \x18
[    5.573601] \x5c
[    5.573602] \x2b
[    5.573603] \x1
[    5.573603] \xffffff90
[    5.573604] \x19
[    5.573605] \x3c
[    5.573606] \xfffffff2
[    5.573606] \xffffff82
[    5.573607] \x2a
[    5.573608] \xffffffb3
[    5.573609] \xffffffa2
[    5.573610] \x3f
[    5.573610] \x5
[    5.573611] \x52
[    5.573612] \x77
[    5.573613] \x57
[    5.573613] \x79
[    5.573614] \x16
[    5.573615] \x43
[    5.573615] \xffffff84
[    5.573616] \xffffffc3
[    5.573617] \xffffffe9
[    5.573618] \x79
[    5.573618] \x50
[    5.573619] \xffffff8e
[    5.573620] \x3f
[    5.573621] \xfffffff3
[    5.573621] \x19
[    5.573622] \x2a
[    5.573623] \xfffffffd
[    5.573624] \xfffffffb
[    5.573624] \x62
[    5.573625] \x3c
[    5.573626] \xffffffac
[    5.573627] \x1c
[    5.573627] \x3b
[    5.573628] \x3b
[    5.573629] \x15
[    5.573630] \x27
[    5.573630] \xffffffa8
[    5.573631] \x22
[    5.573632] \xffffffc5
[    5.573633] \xffffff9a
[    5.573634] \x5
[    5.573634] \x6c
[    5.573635] \xffffffa8
[    5.573636] \x3a
[    5.573636] \x44
[    5.573637] \xffffffaf
[    5.573638] \x13
[    5.573639] \xffffffe0
[    5.573640] \xffffff9d
[    5.573640] \x22
[    5.573641] 
[    5.573642] END NET_SECRET
[    5.573645] random 0000 0000 0000 e7f555d9 e8ce5c3c: rand_read_num 9 get_random_bytes(4): sig 0000068c e7f555d9 e8ce5c3c
[    5.573647] random 0000 0000 0000 e7f555d9 e8ce5c3c: extract_entropy(.. 4 ..)
[    5.573649] random 0000 0000 0000 e7f555d9 e8ce5c3c: going to reseed nonblocking with 64 bits (32 of 0 requested)
[    5.573651] random 0000 0000 0000 e7f555d9 e8ce5c3c: extract_entropy(.. 8 ..)
[    5.573653] random 0000 0000 0000 e7f555d9 e8ce5c3c: trying to extract 64 bits from input
[    5.573655] random 0000 0000 0000 e7f555d9 e8ce5c3c: debiting 0 entropy credits from input
[    5.573657] random 0000 0000 0000 e7f555d9 e8ce5c3c: extract_entropy account returned: 0 
[    5.573660] random 0000 0000 0000 e7f555d9 e8ce5c3c: urand_change_num 43 xfer_secondary_pool(4): pool_sig 0000068c, data_sig 00000000, bytes_mixed 0 e7f555d9 e8ce5c3c
[    5.573663] random 0000 0000 0000 e7f555d9 e8ce5c3c: trying to extract 32 bits from nonblocking
[    5.573665] random 0000 0000 0000 e7f555d9 e8ce5c3c: debiting 32 entropy credits from nonblocking (unlimited)
[    5.573667] random 0000 0000 0000 e7f555d9 e8ce5c3c: extract_entropy account returned: 4 
[    5.573671] random 0000 0000 0000 e7f555d9 e8ce5c3c: urand_change_num 44 extract_buf: pool_sig 0000068c, data_sig fffffdcb, bytes_mixed 20 e7f555d9 e8ce5c3c
[    5.573683] md: Waiting for all devices to be available before autodetect
[    5.573764] md: If you don't use raid, use raid=noautodetect
[    5.573922] md: Autodetecting RAID arrays.
[    5.574013] md: Scanned 0 and added 0 devices.
[    5.574100] md: autorun ...
[    5.574180] md: ... autorun DONE.
[    5.588888] EXT3-fs: sda2: couldn't mount because of unsupported optional features (240).
[    5.589116] EXT2-fs: sda2: couldn't mount because of unsupported optional features (240).
[    5.590391] random 0000 0000 0000 e7f555d9 e8ce5c3c: rand_read_num 10 get_random_bytes(4): sig ffffff72 e7f555d9 e8ce5c3c
[    5.590393] random 0000 0000 0000 e7f555d9 e8ce5c3c: extract_entropy(.. 4 ..)
[    5.590396] random 0000 0000 0000 e7f555d9 e8ce5c3c: going to reseed nonblocking with 64 bits (32 of 0 requested)
[    5.590398] random 0000 0000 0000 e7f555d9 e8ce5c3c: extract_entropy(.. 8 ..)
[    5.590400] random 0000 0000 0000 e7f555d9 e8ce5c3c: trying to extract 64 bits from input
[    5.590402] random 0000 0000 0000 e7f555d9 e8ce5c3c: debiting 0 entropy credits from input
[    5.590404] random 0000 0000 0000 e7f555d9 e8ce5c3c: extract_entropy account returned: 0 
[    5.590407] random 0000 0000 0000 e7f555d9 e8ce5c3c: urand_change_num 45 xfer_secondary_pool(4): pool_sig ffffff72, data_sig 00000000, bytes_mixed 0 e7f555d9 e8ce5c3c
[    5.590410] random 0000 0000 0000 e7f555d9 e8ce5c3c: trying to extract 32 bits from nonblocking
[    5.590412] random 0000 0000 0000 e7f555d9 e8ce5c3c: debiting 32 entropy credits from nonblocking (unlimited)
[    5.590414] random 0000 0000 0000 e7f555d9 e8ce5c3c: extract_entropy account returned: 4 
[    5.590418] random 0000 0000 0000 e7f555d9 e8ce5c3c: urand_change_num 46 extract_buf: pool_sig ffffff72, data_sig ffffff72, bytes_mixed 20 e7f555d9 e8ce5c3c
[    5.625463] EXT4-fs (sda2): mounted filesystem with ordered data mode
[    5.625665] VFS: Mounted root (ext4 filesystem) readonly on device 8:2.
[    5.625766] Freeing unused kernel memory: 448k freed
[    5.704498] random 0000 0000 0000 91716c54 eeb6a1e7: rand_read_num 11 get_random_bytes(16): sig fffffcad 91716c54 eeb6a1e7
[    5.704500] random 0000 0000 0000 91716c54 eeb6a1e7: extract_entropy(.. 16 ..)
[    5.704503] random 0000 0000 0000 91716c54 eeb6a1e7: going to reseed nonblocking with 128 bits (128 of 0 requested)
[    5.704505] random 0000 0000 0000 91716c54 eeb6a1e7: extract_entropy(.. 16 ..)
[    5.704507] random 0000 0000 0000 91716c54 eeb6a1e7: trying to extract 128 bits from input
[    5.704509] random 0000 0000 0000 91716c54 eeb6a1e7: debiting 0 entropy credits from input
[    5.704511] random 0000 0000 0000 91716c54 eeb6a1e7: extract_entropy account returned: 0 
[    5.704514] random 0000 0000 0000 91716c54 eeb6a1e7: urand_change_num 47 xfer_secondary_pool(16): pool_sig fffffcad, data_sig 00000000, bytes_mixed 0 91716c54 eeb6a1e7
[    5.704517] random 0000 0000 0000 91716c54 eeb6a1e7: trying to extract 128 bits from nonblocking
[    5.704519] random 0000 0000 0000 91716c54 eeb6a1e7: debiting 128 entropy credits from nonblocking (unlimited)
[    5.704521] random 0000 0000 0000 91716c54 eeb6a1e7: extract_entropy account returned: 16 
[    5.704526] random 0000 0000 0000 91716c54 eeb6a1e7: urand_change_num 48 extract_buf: pool_sig fffffcad, data_sig ffffff19, bytes_mixed 20 91716c54 eeb6a1e7
[    5.704531] random 0000 0000 0000 fd637b06 6cf47bc1: urand_change_num 49 extract_buf: pool_sig fffffede, data_sig ffffffc1, bytes_mixed 20 fd637b06 6cf47bc1
[    5.782917] random 0000 0000 0000 fd637b06 6cf47bc1: rand_read_num 12 get_random_bytes(16): sig 0000033b fd637b06 6cf47bc1
[    5.782920] random 0000 0000 0000 fd637b06 6cf47bc1: extract_entropy(.. 16 ..)
[    5.782922] random 0000 0000 0000 fd637b06 6cf47bc1: going to reseed nonblocking with 128 bits (128 of 0 requested)
[    5.782924] random 0000 0000 0000 fd637b06 6cf47bc1: extract_entropy(.. 16 ..)
[    5.782926] random 0000 0000 0000 fd637b06 6cf47bc1: trying to extract 128 bits from input
[    5.782929] random 0000 0000 0000 fd637b06 6cf47bc1: debiting 0 entropy credits from input
[    5.782931] random 0000 0000 0000 fd637b06 6cf47bc1: extract_entropy account returned: 0 
[    5.782934] random 0000 0000 0000 fd637b06 6cf47bc1: urand_change_num 50 xfer_secondary_pool(16): pool_sig 0000033b, data_sig 00000000, bytes_mixed 0 fd637b06 6cf47bc1
[    5.782937] random 0000 0000 0000 fd637b06 6cf47bc1: trying to extract 128 bits from nonblocking
[    5.782939] random 0000 0000 0000 fd637b06 6cf47bc1: debiting 128 entropy credits from nonblocking (unlimited)
[    5.782941] random 0000 0000 0000 fd637b06 6cf47bc1: extract_entropy account returned: 16 
[    5.782945] random 0000 0000 0000 fd637b06 6cf47bc1: urand_change_num 51 extract_buf: pool_sig 0000033b, data_sig 000000d8, bytes_mixed 20 fd637b06 6cf47bc1
[    5.782951] random 0000 0000 0000 0ec1f012 d4727ca8: urand_change_num 52 extract_buf: pool_sig fffffcf5, data_sig 00000016, bytes_mixed 20 0ec1f012 d4727ca8
[    6.146106] ieee1394: Host added: ID:BUS[0-00:1023]  GUID[00061b032a25f51c]
[    6.156794] random 0000 0000 0000 45b1d0b1 845a73f7: rand_read_num 13 get_random_bytes(16): sig 00000116 45b1d0b1 845a73f7
[    6.156797] random 0000 0000 0000 45b1d0b1 845a73f7: extract_entropy(.. 16 ..)
[    6.156800] random 0000 0000 0000 45b1d0b1 845a73f7: going to reseed nonblocking with 128 bits (128 of 0 requested)
[    6.156802] random 0000 0000 0000 45b1d0b1 845a73f7: extract_entropy(.. 16 ..)
[    6.156804] random 0000 0000 0000 45b1d0b1 845a73f7: trying to extract 128 bits from input
[    6.156806] random 0000 0000 0000 45b1d0b1 845a73f7: debiting 0 entropy credits from input
[    6.156808] random 0000 0000 0000 45b1d0b1 845a73f7: extract_entropy account returned: 0 
[    6.156811] random 0000 0000 0000 45b1d0b1 845a73f7: urand_change_num 53 xfer_secondary_pool(16): pool_sig 00000116, data_sig 00000000, bytes_mixed 0 45b1d0b1 845a73f7
[    6.156814] random 0000 0000 0000 45b1d0b1 845a73f7: trying to extract 128 bits from nonblocking
[    6.156817] random 0000 0000 0000 45b1d0b1 845a73f7: debiting 128 entropy credits from nonblocking (unlimited)
[    6.156819] random 0000 0000 0000 45b1d0b1 845a73f7: extract_entropy account returned: 16 
[    6.156823] random 0000 0000 0000 45b1d0b1 845a73f7: urand_change_num 54 extract_buf: pool_sig 00000116, data_sig fffffd8b, bytes_mixed 20 45b1d0b1 845a73f7
[    6.156828] random 0000 0000 0000 45b1d0b1 845a73f7: urand_change_num 55 extract_buf: pool_sig fffffc05, data_sig 00000109, bytes_mixed 20 45b1d0b1 845a73f7
[    6.209290] random 0000 0000 0000 5012cce3 b8a30621: rand_read_num 14 get_random_bytes(16): sig fffffb93 5012cce3 b8a30621
[    6.209293] random 0000 0000 0000 5012cce3 b8a30621: extract_entropy(.. 16 ..)
[    6.209296] random 0000 0000 0000 5012cce3 b8a30621: going to reseed nonblocking with 128 bits (128 of 0 requested)
[    6.209298] random 0000 0000 0000 5012cce3 b8a30621: extract_entropy(.. 16 ..)
[    6.209300] random 0000 0000 0000 5012cce3 b8a30621: trying to extract 128 bits from input
[    6.209302] random 0000 0000 0000 5012cce3 b8a30621: debiting 0 entropy credits from input
[    6.209304] random 0000 0000 0000 5012cce3 b8a30621: extract_entropy account returned: 0 
[    6.209307] random 0000 0000 0000 5012cce3 b8a30621: urand_change_num 56 xfer_secondary_pool(16): pool_sig fffffb93, data_sig 00000000, bytes_mixed 0 5012cce3 b8a30621
[    6.209310] random 0000 0000 0000 5012cce3 b8a30621: trying to extract 128 bits from nonblocking
[    6.209312] random 0000 0000 0000 5012cce3 b8a30621: debiting 128 entropy credits from nonblocking (unlimited)
[    6.209314] random 0000 0000 0000 5012cce3 b8a30621: extract_entropy account returned: 16 
[    6.209319] random 0000 0000 0000 5012cce3 b8a30621: urand_change_num 57 extract_buf: pool_sig fffffb93, data_sig ffffff35, bytes_mixed 20 5012cce3 b8a30621
[    6.209324] random 0000 0000 0000 5012cce3 b8a30621: urand_change_num 58 extract_buf: pool_sig fffffb9d, data_sig ffffff92, bytes_mixed 20 5012cce3 b8a30621
[    6.210674] random 0000 0000 0000 30a5721d 4b648ff6: rand_read_num 15 get_random_bytes(16): sig fffffeb5 30a5721d 4b648ff6
[    6.210677] random 0000 0000 0000 30a5721d 4b648ff6: extract_entropy(.. 16 ..)
[    6.210680] random 0000 0000 0000 30a5721d 4b648ff6: going to reseed nonblocking with 128 bits (128 of 0 requested)
[    6.210682] random 0000 0000 0000 30a5721d 4b648ff6: extract_entropy(.. 16 ..)
[    6.210684] random 0000 0000 0000 30a5721d 4b648ff6: trying to extract 128 bits from input
[    6.210686] random 0000 0000 0000 30a5721d 4b648ff6: debiting 0 entropy credits from input
[    6.210688] random 0000 0000 0000 30a5721d 4b648ff6: extract_entropy account returned: 0 
[    6.210691] random 0000 0000 0000 30a5721d 4b648ff6: urand_change_num 59 xfer_secondary_pool(16): pool_sig fffffeb5, data_sig 00000000, bytes_mixed 0 30a5721d 4b648ff6
[    6.210694] random 0000 0000 0000 30a5721d 4b648ff6: trying to extract 128 bits from nonblocking
[    6.210696] random 0000 0000 0000 30a5721d 4b648ff6: debiting 128 entropy credits from nonblocking (unlimited)
[    6.210699] random 0000 0000 0000 30a5721d 4b648ff6: extract_entropy account returned: 16 
[    6.210703] random 0000 0000 0000 30a5721d 4b648ff6: urand_change_num 60 extract_buf: pool_sig fffffeb5, data_sig 000000c2, bytes_mixed 20 30a5721d 4b648ff6
[    6.210708] random 0000 0000 0000 89bae1ab 704c432f: urand_change_num 61 extract_buf: pool_sig 0000006e, data_sig fffffefc, bytes_mixed 20 89bae1ab 704c432f
[    6.211258] random 0000 0000 0000 89bae1ab 704c432f: rand_read_num 16 get_random_bytes(16): sig fffffd99 89bae1ab 704c432f
[    6.211261] random 0000 0000 0000 89bae1ab 704c432f: extract_entropy(.. 16 ..)
[    6.211264] random 0000 0000 0000 89bae1ab 704c432f: going to reseed nonblocking with 128 bits (128 of 0 requested)
[    6.211266] random 0000 0000 0000 89bae1ab 704c432f: extract_entropy(.. 16 ..)
[    6.211268] random 0000 0000 0000 89bae1ab 704c432f: trying to extract 128 bits from input
[    6.211270] random 0000 0000 0000 89bae1ab 704c432f: debiting 0 entropy credits from input
[    6.211272] random 0000 0000 0000 89bae1ab 704c432f: extract_entropy account returned: 0 
[    6.211275] random 0000 0000 0000 89bae1ab 704c432f: urand_change_num 62 xfer_secondary_pool(16): pool_sig fffffd99, data_sig 00000000, bytes_mixed 0 89bae1ab 704c432f
[    6.211278] random 0000 0000 0000 89bae1ab 704c432f: trying to extract 128 bits from nonblocking
[    6.211281] random 0000 0000 0000 89bae1ab 704c432f: debiting 128 entropy credits from nonblocking (unlimited)
[    6.211283] random 0000 0000 0000 89bae1ab 704c432f: extract_entropy account returned: 16 
[    6.211287] random 0000 0000 0000 89bae1ab 704c432f: urand_change_num 63 extract_buf: pool_sig fffffd99, data_sig 00000204, bytes_mixed 20 89bae1ab 704c432f
[    6.211293] random 0000 0000 0000 6c298a02 2b1539f8: urand_change_num 64 extract_buf: pool_sig 00000124, data_sig fffffff5, bytes_mixed 20 6c298a02 2b1539f8
[    6.212183] random 0000 0000 0000 c77b8b35 70f6cab5: rand_read_num 17 get_random_bytes(16): sig 0000036b c77b8b35 70f6cab5
[    6.212186] random 0000 0000 0000 c77b8b35 70f6cab5: extract_entropy(.. 16 ..)
[    6.212189] random 0000 0000 0000 c77b8b35 70f6cab5: going to reseed nonblocking with 128 bits (128 of 0 requested)
[    6.212191] random 0000 0000 0000 c77b8b35 70f6cab5: extract_entropy(.. 16 ..)
[    6.212193] random 0000 0000 0000 c77b8b35 70f6cab5: trying to extract 128 bits from input
[    6.212195] random 0000 0000 0000 c77b8b35 70f6cab5: debiting 0 entropy credits from input
[    6.212197] random 0000 0000 0000 c77b8b35 70f6cab5: extract_entropy account returned: 0 
[    6.212201] random 0000 0000 0000 c77b8b35 70f6cab5: urand_change_num 65 xfer_secondary_pool(16): pool_sig 0000036b, data_sig 00000000, bytes_mixed 0 c77b8b35 70f6cab5
[    6.212203] random 0000 0000 0000 c77b8b35 70f6cab5: trying to extract 128 bits from nonblocking
[    6.212206] random 0000 0000 0000 c77b8b35 70f6cab5: debiting 128 entropy credits from nonblocking (unlimited)
[    6.212208] random 0000 0000 0000 c77b8b35 70f6cab5: extract_entropy account returned: 16 
[    6.212212] random 0000 0000 0000 c77b8b35 70f6cab5: urand_change_num 66 extract_buf: pool_sig 0000036b, data_sig 0000005f, bytes_mixed 20 c77b8b35 70f6cab5
[    6.212217] random 0000 0000 0000 c77b8b35 70f6cab5: urand_change_num 67 extract_buf: pool_sig ffffff1c, data_sig 0000005a, bytes_mixed 20 c77b8b35 70f6cab5
[    6.212803] random 0000 0000 0000 af21d212 57d20ca3: rand_read_num 18 get_random_bytes(16): sig fffffb7f af21d212 57d20ca3
[    6.212806] random 0000 0000 0000 af21d212 57d20ca3: extract_entropy(.. 16 ..)
[    6.212808] random 0000 0000 0000 af21d212 57d20ca3: going to reseed nonblocking with 128 bits (128 of 0 requested)
[    6.212810] random 0000 0000 0000 af21d212 57d20ca3: extract_entropy(.. 16 ..)
[    6.212812] random 0000 0000 0000 af21d212 57d20ca3: trying to extract 128 bits from input
[    6.212815] random 0000 0000 0000 af21d212 57d20ca3: debiting 0 entropy credits from input
[    6.212817] random 0000 0000 0000 af21d212 57d20ca3: extract_entropy account returned: 0 
[    6.212820] random 0000 0000 0000 af21d212 57d20ca3: urand_change_num 68 xfer_secondary_pool(16): pool_sig fffffb7f, data_sig 00000000, bytes_mixed 0 af21d212 57d20ca3
[    6.212823] random 0000 0000 0000 af21d212 57d20ca3: trying to extract 128 bits from nonblocking
[    6.212825] random 0000 0000 0000 af21d212 57d20ca3: debiting 128 entropy credits from nonblocking (unlimited)
[    6.212827] random 0000 0000 0000 af21d212 57d20ca3: extract_entropy account returned: 16 
[    6.212831] random 0000 0000 0000 af21d212 57d20ca3: urand_change_num 69 extract_buf: pool_sig fffffb7f, data_sig ffffff88, bytes_mixed 20 af21d212 57d20ca3
[    6.212836] random 0000 0000 0000 af21d212 57d20ca3: urand_change_num 70 extract_buf: pool_sig fffffe1d, data_sig ffffff17, bytes_mixed 20 af21d212 57d20ca3
[    6.213430] random 0000 0000 0000 ffbd26fd 21933274: rand_read_num 19 get_random_bytes(16): sig ffffffc7 ffbd26fd 21933274
[    6.213433] random 0000 0000 0000 ffbd26fd 21933274: extract_entropy(.. 16 ..)
[    6.213436] random 0000 0000 0000 ffbd26fd 21933274: going to reseed nonblocking with 128 bits (128 of 0 requested)
[    6.213438] random 0000 0000 0000 ffbd26fd 21933274: extract_entropy(.. 16 ..)
[    6.213440] random 0000 0000 0000 ffbd26fd 21933274: trying to extract 128 bits from input
[    6.213442] random 0000 0000 0000 ffbd26fd 21933274: debiting 0 entropy credits from input
[    6.213444] random 0000 0000 0000 ffbd26fd 21933274: extract_entropy account returned: 0 
[    6.213447] random 0000 0000 0000 ffbd26fd 21933274: urand_change_num 71 xfer_secondary_pool(16): pool_sig ffffffc7, data_sig 00000000, bytes_mixed 0 ffbd26fd 21933274
[    6.213450] random 0000 0000 0000 ffbd26fd 21933274: trying to extract 128 bits from nonblocking
[    6.213452] random 0000 0000 0000 ffbd26fd 21933274: debiting 128 entropy credits from nonblocking (unlimited)
[    6.213455] random 0000 0000 0000 ffbd26fd 21933274: extract_entropy account returned: 16 
[    6.213459] random 0000 0000 0000 ffbd26fd 21933274: urand_change_num 72 extract_buf: pool_sig ffffffc7, data_sig 0000013b, bytes_mixed 20 ffbd26fd 21933274
[    6.213464] random 0000 0000 0000 151530a2 56c65dd3: urand_change_num 73 extract_buf: pool_sig ffffffbf, data_sig 00000036, bytes_mixed 20 151530a2 56c65dd3
[    6.214022] random 0000 0000 0000 151530a2 56c65dd3: rand_read_num 20 get_random_bytes(16): sig 000001a7 151530a2 56c65dd3
[    6.214025] random 0000 0000 0000 151530a2 56c65dd3: extract_entropy(.. 16 ..)
[    6.214028] random 0000 0000 0000 151530a2 56c65dd3: going to reseed nonblocking with 128 bits (128 of 0 requested)
[    6.214030] random 0000 0000 0000 151530a2 56c65dd3: extract_entropy(.. 16 ..)
[    6.214032] random 0000 0000 0000 151530a2 56c65dd3: trying to extract 128 bits from input
[    6.214034] random 0000 0000 0000 151530a2 56c65dd3: debiting 0 entropy credits from input
[    6.214036] random 0000 0000 0000 151530a2 56c65dd3: extract_entropy account returned: 0 
[    6.214039] random 0000 0000 0000 151530a2 56c65dd3: urand_change_num 74 xfer_secondary_pool(16): pool_sig 000001a7, data_sig 00000000, bytes_mixed 0 151530a2 56c65dd3
[    6.214042] random 0000 0000 0000 151530a2 56c65dd3: trying to extract 128 bits from nonblocking
[    6.214045] random 0000 0000 0000 151530a2 56c65dd3: debiting 128 entropy credits from nonblocking (unlimited)
[    6.214047] random 0000 0000 0000 151530a2 56c65dd3: extract_entropy account returned: 16 
[    6.214051] random 0000 0000 0000 151530a2 56c65dd3: urand_change_num 75 extract_buf: pool_sig 000001a7, data_sig ffffffa1, bytes_mixed 20 151530a2 56c65dd3
[    6.214056] random 0000 0000 0000 5d3e132e d9a77eb3: urand_change_num 76 extract_buf: pool_sig fffffcc9, data_sig 00000013, bytes_mixed 20 5d3e132e d9a77eb3
[    6.256772] random 0000 0000 0000 264837ad 0a28fef5: rand_read_num 21 get_random_bytes(16): sig ffffffd0 264837ad 0a28fef5
[    6.256775] random 0000 0000 0000 264837ad 0a28fef5: extract_entropy(.. 16 ..)
[    6.256778] random 0000 0000 0000 264837ad 0a28fef5: going to reseed nonblocking with 128 bits (128 of 0 requested)
[    6.256781] random 0000 0000 0000 264837ad 0a28fef5: extract_entropy(.. 16 ..)
[    6.256783] random 0000 0000 0000 264837ad 0a28fef5: trying to extract 128 bits from input
[    6.256785] random 0000 0000 0000 264837ad 0a28fef5: debiting 0 entropy credits from input
[    6.256787] random 0000 0000 0000 264837ad 0a28fef5: extract_entropy account returned: 0 
[    6.256790] random 0000 0000 0000 264837ad 0a28fef5: urand_change_num 77 xfer_secondary_pool(16): pool_sig ffffffd0, data_sig 00000000, bytes_mixed 0 264837ad 0a28fef5
[    6.256793] random 0000 0000 0000 264837ad 0a28fef5: trying to extract 128 bits from nonblocking
[    6.256795] random 0000 0000 0000 264837ad 0a28fef5: debiting 128 entropy credits from nonblocking (unlimited)
[    6.256798] random 0000 0000 0000 264837ad 0a28fef5: extract_entropy account returned: 16 
[    6.256802] random 0000 0000 0000 264837ad 0a28fef5: urand_change_num 78 extract_buf: pool_sig ffffffd0, data_sig 0000017b, bytes_mixed 20 264837ad 0a28fef5
[    6.256807] random 0000 0000 0000 264837ad 0a28fef5: urand_change_num 79 extract_buf: pool_sig 0000045c, data_sig 000001df, bytes_mixed 20 264837ad 0a28fef5
[    6.258261] random 0000 0000 0000 f37f7344 164aede0: rand_read_num 22 get_random_bytes(16): sig 000003c2 f37f7344 164aede0
[    6.258264] random 0000 0000 0000 f37f7344 164aede0: extract_entropy(.. 16 ..)
[    6.258267] random 0000 0000 0000 f37f7344 164aede0: going to reseed nonblocking with 128 bits (128 of 0 requested)
[    6.258269] random 0000 0000 0000 f37f7344 164aede0: extract_entropy(.. 16 ..)
[    6.258271] random 0000 0000 0000 f37f7344 164aede0: trying to extract 128 bits from input
[    6.258273] random 0000 0000 0000 f37f7344 164aede0: debiting 0 entropy credits from input
[    6.258275] random 0000 0000 0000 f37f7344 164aede0: extract_entropy account returned: 0 
[    6.258278] random 0000 0000 0000 f37f7344 164aede0: urand_change_num 80 xfer_secondary_pool(16): pool_sig 000003c2, data_sig 00000000, bytes_mixed 0 f37f7344 164aede0
[    6.258281] random 0000 0000 0000 f37f7344 164aede0: trying to extract 128 bits from nonblocking
[    6.258284] random 0000 0000 0000 f37f7344 164aede0: debiting 128 entropy credits from nonblocking (unlimited)
[    6.258286] random 0000 0000 0000 f37f7344 164aede0: extract_entropy account returned: 16 
[    6.258290] random 0000 0000 0000 f37f7344 164aede0: urand_change_num 81 extract_buf: pool_sig 000003c2, data_sig ffffff6c, bytes_mixed 20 f37f7344 164aede0
[    6.258295] random 0000 0000 0000 f37f7344 164aede0: urand_change_num 82 extract_buf: pool_sig fffffdfc, data_sig 00000091, bytes_mixed 20 f37f7344 164aede0
[    6.281071] random 0000 0000 0000 a4794863 878070c1: rand_read_num 23 get_random_bytes(16): sig 0000011b a4794863 878070c1
[    6.281073] random 0000 0000 0000 a4794863 878070c1: extract_entropy(.. 16 ..)
[    6.281076] random 0000 0000 0000 a4794863 878070c1: going to reseed nonblocking with 128 bits (128 of 0 requested)
[    6.281078] random 0000 0000 0000 a4794863 878070c1: extract_entropy(.. 16 ..)
[    6.281080] random 0000 0000 0000 a4794863 878070c1: trying to extract 128 bits from input
[    6.281083] random 0000 0000 0000 a4794863 878070c1: debiting 0 entropy credits from input
[    6.281085] random 0000 0000 0000 a4794863 878070c1: extract_entropy account returned: 0 
[    6.281088] random 0000 0000 0000 a4794863 878070c1: urand_change_num 83 xfer_secondary_pool(16): pool_sig 0000011b, data_sig 00000000, bytes_mixed 0 a4794863 878070c1
[    6.281090] random 0000 0000 0000 a4794863 878070c1: trying to extract 128 bits from nonblocking
[    6.281093] random 0000 0000 0000 a4794863 878070c1: debiting 128 entropy credits from nonblocking (unlimited)
[    6.281095] random 0000 0000 0000 a4794863 878070c1: extract_entropy account returned: 16 
[    6.281099] random 0000 0000 0000 a4794863 878070c1: urand_change_num 84 extract_buf: pool_sig 0000011b, data_sig ffffff51, bytes_mixed 20 a4794863 878070c1
[    6.281105] random 0000 0000 0000 737f19b4 9417d8ab: urand_change_num 85 extract_buf: pool_sig 000001a3, data_sig 0000006c, bytes_mixed 20 737f19b4 9417d8ab
[    6.285165] random 0000 0000 0000 737f19b4 9417d8ab: rand_read_num 24 get_random_bytes(16): sig fffffe22 737f19b4 9417d8ab
[    6.285168] random 0000 0000 0000 737f19b4 9417d8ab: extract_entropy(.. 16 ..)
[    6.285171] random 0000 0000 0000 737f19b4 9417d8ab: going to reseed nonblocking with 128 bits (128 of 0 requested)
[    6.285173] random 0000 0000 0000 737f19b4 9417d8ab: extract_entropy(.. 16 ..)
[    6.285175] random 0000 0000 0000 737f19b4 9417d8ab: trying to extract 128 bits from input
[    6.285177] random 0000 0000 0000 737f19b4 9417d8ab: debiting 0 entropy credits from input
[    6.285179] random 0000 0000 0000 737f19b4 9417d8ab: extract_entropy account returned: 0 
[    6.285182] random 0000 0000 0000 737f19b4 9417d8ab: urand_change_num 86 xfer_secondary_pool(16): pool_sig fffffe22, data_sig 00000000, bytes_mixed 0 737f19b4 9417d8ab
[    6.285185] random 0000 0000 0000 737f19b4 9417d8ab: trying to extract 128 bits from nonblocking
[    6.285187] random 0000 0000 0000 737f19b4 9417d8ab: debiting 128 entropy credits from nonblocking (unlimited)
[    6.285189] random 0000 0000 0000 737f19b4 9417d8ab: extract_entropy account returned: 16 
[    6.285194] random 0000 0000 0000 737f19b4 9417d8ab: urand_change_num 87 extract_buf: pool_sig fffffe22, data_sig 00000230, bytes_mixed 20 737f19b4 9417d8ab
[    6.285199] random 0000 0000 0000 4deb0d06 1236af4c: urand_change_num 88 extract_buf: pool_sig 000000b6, data_sig ffffff44, bytes_mixed 20 4deb0d06 1236af4c
[    6.286201] random 0000 0000 0000 b538fadc 4a7613df: rand_read_num 25 get_random_bytes(16): sig 0000013c b538fadc 4a7613df
[    6.286204] random 0000 0000 0000 b538fadc 4a7613df: extract_entropy(.. 16 ..)
[    6.286206] random 0000 0000 0000 b538fadc 4a7613df: going to reseed nonblocking with 128 bits (128 of 0 requested)
[    6.286209] random 0000 0000 0000 b538fadc 4a7613df: extract_entropy(.. 16 ..)
[    6.286211] random 0000 0000 0000 b538fadc 4a7613df: trying to extract 128 bits from input
[    6.286213] random 0000 0000 0000 b538fadc 4a7613df: debiting 0 entropy credits from input
[    6.286215] random 0000 0000 0000 b538fadc 4a7613df: extract_entropy account returned: 0 
[    6.286218] random 0000 0000 0000 b538fadc 4a7613df: urand_change_num 89 xfer_secondary_pool(16): pool_sig 0000013c, data_sig 00000000, bytes_mixed 0 b538fadc 4a7613df
[    6.286221] random 0000 0000 0000 b538fadc 4a7613df: trying to extract 128 bits from nonblocking
[    6.286223] random 0000 0000 0000 b538fadc 4a7613df: debiting 128 entropy credits from nonblocking (unlimited)
[    6.286225] random 0000 0000 0000 b538fadc 4a7613df: extract_entropy account returned: 16 
[    6.286230] random 0000 0000 0000 b538fadc 4a7613df: urand_change_num 90 extract_buf: pool_sig 0000013c, data_sig 00000015, bytes_mixed 20 b538fadc 4a7613df
[    6.286235] random 0000 0000 0000 b538fadc 4a7613df: urand_change_num 91 extract_buf: pool_sig 00000452, data_sig 0000002b, bytes_mixed 20 b538fadc 4a7613df
[    6.286686] random 0000 0000 0000 73b17df4 93bb370e: rand_read_num 26 get_random_bytes(16): sig fffffbf1 73b17df4 93bb370e
[    6.286688] random 0000 0000 0000 73b17df4 93bb370e: extract_entropy(.. 16 ..)
[    6.286691] random 0000 0000 0000 73b17df4 93bb370e: going to reseed nonblocking with 128 bits (128 of 0 requested)
[    6.286693] random 0000 0000 0000 73b17df4 93bb370e: extract_entropy(.. 16 ..)
[    6.286695] random 0000 0000 0000 73b17df4 93bb370e: trying to extract 128 bits from input
[    6.286697] random 0000 0000 0000 73b17df4 93bb370e: debiting 0 entropy credits from input
[    6.286699] random 0000 0000 0000 73b17df4 93bb370e: extract_entropy account returned: 0 
[    6.286703] random 0000 0000 0000 73b17df4 93bb370e: urand_change_num 92 xfer_secondary_pool(16): pool_sig fffffbf1, data_sig 00000000, bytes_mixed 0 73b17df4 93bb370e
[    6.286706] random 0000 0000 0000 73b17df4 93bb370e: trying to extract 128 bits from nonblocking
[    6.286708] random 0000 0000 0000 73b17df4 93bb370e: debiting 128 entropy credits from nonblocking (unlimited)
[    6.286710] random 0000 0000 0000 73b17df4 93bb370e: extract_entropy account returned: 16 
[    6.286714] random 0000 0000 0000 73b17df4 93bb370e: urand_change_num 93 extract_buf: pool_sig fffffbf1, data_sig ffffff99, bytes_mixed 20 73b17df4 93bb370e
[    6.286719] random 0000 0000 0000 73b17df4 93bb370e: urand_change_num 94 extract_buf: pool_sig fffffe1d, data_sig 000000b0, bytes_mixed 20 73b17df4 93bb370e
[    6.287131] random 0000 0000 0000 0cd682bb ba04da9f: rand_read_num 27 get_random_bytes(16): sig fffffccb 0cd682bb ba04da9f
[    6.287134] random 0000 0000 0000 0cd682bb ba04da9f: extract_entropy(.. 16 ..)
[    6.287136] random 0000 0000 0000 0cd682bb ba04da9f: going to reseed nonblocking with 128 bits (128 of 0 requested)
[    6.287139] random 0000 0000 0000 0cd682bb ba04da9f: extract_entropy(.. 16 ..)
[    6.287141] random 0000 0000 0000 0cd682bb ba04da9f: trying to extract 128 bits from input
[    6.287143] random 0000 0000 0000 0cd682bb ba04da9f: debiting 0 entropy credits from input
[    6.287145] random 0000 0000 0000 0cd682bb ba04da9f: extract_entropy account returned: 0 
[    6.287148] random 0000 0000 0000 0cd682bb ba04da9f: urand_change_num 95 xfer_secondary_pool(16): pool_sig fffffccb, data_sig 00000000, bytes_mixed 0 0cd682bb ba04da9f
[    6.287151] random 0000 0000 0000 0cd682bb ba04da9f: trying to extract 128 bits from nonblocking
[    6.287153] random 0000 0000 0000 0cd682bb ba04da9f: debiting 128 entropy credits from nonblocking (unlimited)
[    6.287155] random 0000 0000 0000 0cd682bb ba04da9f: extract_entropy account returned: 16 
[    6.287160] random 0000 0000 0000 0cd682bb ba04da9f: urand_change_num 96 extract_buf: pool_sig fffffccb, data_sig fffffec5, bytes_mixed 20 0cd682bb ba04da9f
[    6.287165] random 0000 0000 0000 26929f1a 15254dc1: urand_change_num 97 extract_buf: pool_sig fffffed2, data_sig ffffffb1, bytes_mixed 20 26929f1a 15254dc1
[    6.288041] random 0000 0000 0000 26929f1a 15254dc1: rand_read_num 28 get_random_bytes(16): sig 00000038 26929f1a 15254dc1
[    6.288043] random 0000 0000 0000 26929f1a 15254dc1: extract_entropy(.. 16 ..)
[    6.288046] random 0000 0000 0000 26929f1a 15254dc1: going to reseed nonblocking with 128 bits (128 of 0 requested)
[    6.288048] random 0000 0000 0000 26929f1a 15254dc1: extract_entropy(.. 16 ..)
[    6.288050] random 0000 0000 0000 26929f1a 15254dc1: trying to extract 128 bits from input
[    6.288053] random 0000 0000 0000 26929f1a 15254dc1: debiting 0 entropy credits from input
[    6.288055] random 0000 0000 0000 26929f1a 15254dc1: extract_entropy account returned: 0 
[    6.288058] random 0000 0000 0000 26929f1a 15254dc1: urand_change_num 98 xfer_secondary_pool(16): pool_sig 00000038, data_sig 00000000, bytes_mixed 0 26929f1a 15254dc1
[    6.288060] random 0000 0000 0000 26929f1a 15254dc1: trying to extract 128 bits from nonblocking
[    6.288063] random 0000 0000 0000 26929f1a 15254dc1: debiting 128 entropy credits from nonblocking (unlimited)
[    6.288065] random 0000 0000 0000 26929f1a 15254dc1: extract_entropy account returned: 16 
[    6.288069] random 0000 0000 0000 26929f1a 15254dc1: urand_change_num 99 extract_buf: pool_sig 00000038, data_sig 000000fd, bytes_mixed 20 26929f1a 15254dc1
[    6.288074] random 0000 0000 0000 8116fe3b 478c2d5b: urand_change_num 100 extract_buf: pool_sig 00000059, data_sig 00000310, bytes_mixed 20 8116fe3b 478c2d5b
[    6.294704] random 0000 0000 0000 a20f4a3a 32a6b2fa: rand_read_num 29 get_random_bytes(16): sig 000002c0 a20f4a3a 32a6b2fa
[    6.294707] random 0000 0000 0000 a20f4a3a 32a6b2fa: extract_entropy(.. 16 ..)
[    6.294710] random 0000 0000 0000 a20f4a3a 32a6b2fa: going to reseed nonblocking with 128 bits (128 of 0 requested)
[    6.294712] random 0000 0000 0000 a20f4a3a 32a6b2fa: extract_entropy(.. 16 ..)
[    6.294714] random 0000 0000 0000 a20f4a3a 32a6b2fa: trying to extract 128 bits from input
[    6.294716] random 0000 0000 0000 a20f4a3a 32a6b2fa: debiting 0 entropy credits from input
[    6.294718] random 0000 0000 0000 a20f4a3a 32a6b2fa: extract_entropy account returned: 0 
[    6.294721] random 0000 0000 0000 a20f4a3a 32a6b2fa: urand_change_num 101 xfer_secondary_pool(16): pool_sig 000002c0, data_sig 00000000, bytes_mixed 0 a20f4a3a 32a6b2fa
[    6.294724] random 0000 0000 0000 a20f4a3a 32a6b2fa: trying to extract 128 bits from nonblocking
[    6.294726] random 0000 0000 0000 a20f4a3a 32a6b2fa: debiting 128 entropy credits from nonblocking (unlimited)
[    6.294728] random 0000 0000 0000 a20f4a3a 32a6b2fa: extract_entropy account returned: 16 
[    6.294733] random 0000 0000 0000 a20f4a3a 32a6b2fa: urand_change_num 102 extract_buf: pool_sig 000002c0, data_sig 000000fb, bytes_mixed 20 a20f4a3a 32a6b2fa
[    6.294738] random 0000 0000 0000 a20f4a3a 32a6b2fa: urand_change_num 103 extract_buf: pool_sig ffffffdd, data_sig 000000a5, bytes_mixed 20 a20f4a3a 32a6b2fa
[    6.307233] random 0000 0000 0000 de716d2a 6c4757e1: rand_read_num 30 get_random_bytes(16): sig 000000fa de716d2a 6c4757e1
[    6.307235] random 0000 0000 0000 de716d2a 6c4757e1: extract_entropy(.. 16 ..)
[    6.307238] random 0000 0000 0000 de716d2a 6c4757e1: going to reseed nonblocking with 128 bits (128 of 0 requested)
[    6.307240] random 0000 0000 0000 de716d2a 6c4757e1: extract_entropy(.. 16 ..)
[    6.307242] random 0000 0000 0000 de716d2a 6c4757e1: trying to extract 128 bits from input
[    6.307244] random 0000 0000 0000 de716d2a 6c4757e1: debiting 0 entropy credits from input
[    6.307246] random 0000 0000 0000 de716d2a 6c4757e1: extract_entropy account returned: 0 
[    6.307250] random 0000 0000 0000 de716d2a 6c4757e1: urand_change_num 104 xfer_secondary_pool(16): pool_sig 000000fa, data_sig 00000000, bytes_mixed 0 de716d2a 6c4757e1
[    6.307252] random 0000 0000 0000 de716d2a 6c4757e1: trying to extract 128 bits from nonblocking
[    6.307255] random 0000 0000 0000 de716d2a 6c4757e1: debiting 128 entropy credits from nonblocking (unlimited)
[    6.307257] random 0000 0000 0000 de716d2a 6c4757e1: extract_entropy account returned: 16 
[    6.307261] random 0000 0000 0000 de716d2a 6c4757e1: urand_change_num 105 extract_buf: pool_sig 000000fa, data_sig ffffff34, bytes_mixed 20 de716d2a 6c4757e1
[    6.307267] random 0000 0000 0000 de716d2a 6c4757e1: urand_change_num 106 extract_buf: pool_sig 000003d3, data_sig ffffff30, bytes_mixed 20 de716d2a 6c4757e1
[    6.307846] random 0000 0000 0000 a7c511e1 f90ea457: rand_read_num 31 get_random_bytes(16): sig 0000009a a7c511e1 f90ea457
[    6.307849] random 0000 0000 0000 a7c511e1 f90ea457: extract_entropy(.. 16 ..)
[    6.307852] random 0000 0000 0000 a7c511e1 f90ea457: going to reseed nonblocking with 128 bits (128 of 0 requested)
[    6.307854] random 0000 0000 0000 a7c511e1 f90ea457: extract_entropy(.. 16 ..)
[    6.307856] random 0000 0000 0000 a7c511e1 f90ea457: trying to extract 128 bits from input
[    6.307858] random 0000 0000 0000 a7c511e1 f90ea457: debiting 0 entropy credits from input
[    6.307860] random 0000 0000 0000 a7c511e1 f90ea457: extract_entropy account returned: 0 
[    6.307863] random 0000 0000 0000 a7c511e1 f90ea457: urand_change_num 107 xfer_secondary_pool(16): pool_sig 0000009a, data_sig 00000000, bytes_mixed 0 a7c511e1 f90ea457
[    6.307866] random 0000 0000 0000 a7c511e1 f90ea457: trying to extract 128 bits from nonblocking
[    6.307868] random 0000 0000 0000 a7c511e1 f90ea457: debiting 128 entropy credits from nonblocking (unlimited)
[    6.307871] random 0000 0000 0000 a7c511e1 f90ea457: extract_entropy account returned: 16 
[    6.307875] random 0000 0000 0000 a7c511e1 f90ea457: urand_change_num 108 extract_buf: pool_sig 0000009a, data_sig 000000e0, bytes_mixed 20 a7c511e1 f90ea457
[    6.307880] random 0000 0000 0000 7c18c7e6 d65ccb06: urand_change_num 109 extract_buf: pool_sig fffffa79, data_sig 000000e0, bytes_mixed 20 7c18c7e6 d65ccb06
[    6.308473] random 0000 0000 0000 7c18c7e6 d65ccb06: rand_read_num 32 get_random_bytes(16): sig fffffe1e 7c18c7e6 d65ccb06
[    6.308475] random 0000 0000 0000 7c18c7e6 d65ccb06: extract_entropy(.. 16 ..)
[    6.308478] random 0000 0000 0000 7c18c7e6 d65ccb06: going to reseed nonblocking with 128 bits (128 of 0 requested)
[    6.308480] random 0000 0000 0000 7c18c7e6 d65ccb06: extract_entropy(.. 16 ..)
[    6.308482] random 0000 0000 0000 7c18c7e6 d65ccb06: trying to extract 128 bits from input
[    6.308484] random 0000 0000 0000 7c18c7e6 d65ccb06: debiting 0 entropy credits from input
[    6.308486] random 0000 0000 0000 7c18c7e6 d65ccb06: extract_entropy account returned: 0 
[    6.308489] random 0000 0000 0000 7c18c7e6 d65ccb06: urand_change_num 110 xfer_secondary_pool(16): pool_sig fffffe1e, data_sig 00000000, bytes_mixed 0 7c18c7e6 d65ccb06
[    6.308492] random 0000 0000 0000 7c18c7e6 d65ccb06: trying to extract 128 bits from nonblocking
[    6.308495] random 0000 0000 0000 7c18c7e6 d65ccb06: debiting 128 entropy credits from nonblocking (unlimited)
[    6.308497] random 0000 0000 0000 7c18c7e6 d65ccb06: extract_entropy account returned: 16 
