[    0.000000] random 0000 0000 0000 00000000 00000000: rand_read_num 1 get_random_bytes(8): sig 00000000 00000000 00000000
[    0.000000] random 0000 0000 0000 00000000 00000000: extract_entropy(.. 8 ..)
[    0.000000] random 0000 0000 0000 00000000 00000000: going to reseed nonblocking with 64 bits (64 of 0 requested)
[    0.000000] random 0000 0000 0000 00000000 00000000: extract_entropy(.. 8 ..)
[    0.000000] random 0000 0000 0000 00000000 00000000: trying to extract 64 bits from input
[    0.000000] random 0000 0000 0000 00000000 00000000: debiting 0 entropy credits from input
[    0.000000] random 0000 0000 0000 00000000 00000000: extract_entropy account returned: 0 
[    0.000000] random 0000 0000 0000 00000000 00000000: urand_change_num 1 xfer_secondary_pool(8): pool_sig 00000000, data_sig 00000000, bytes_mixed 0 00000000 00000000
[    0.000000] random 0000 0000 0000 00000000 00000000: trying to extract 64 bits from nonblocking
[    0.000000] random 0000 0000 0000 00000000 00000000: debiting 64 entropy credits from nonblocking (unlimited)
[    0.000000] random 0000 0000 0000 00000000 00000000: extract_entropy account returned: 8 
[    0.000000] random 0000 0000 0000 00000000 00000000: urand_change_num 2 extract_buf: pool_sig 00000000, data_sig fffffff9, bytes_mixed 20 00000000 00000000
[    0.000000] Linux version 2.6.32.57 (dcashman@dcashman-02) (gcc version 4.3.3 (GCC) ) #3 Fri May 24 04:27:34 PDT 2013
[    0.000000] KERNEL supported cpus:
[    0.000000]   Intel GenuineIntel
[    0.000000]   AMD AuthenticAMD
[    0.000000]   NSC Geode by NSC
[    0.000000]   Cyrix CyrixInstead
[    0.000000]   Centaur CentaurHauls
[    0.000000]   Transmeta GenuineTMx86
[    0.000000]   Transmeta TransmetaCPU
[    0.000000]   UMC UMC UMC UMC
[    0.000000] BIOS-provided physical RAM map:
[    0.000000]  BIOS-e820: 0000000000000000 - 000000000009d800 (usable)
[    0.000000]  BIOS-e820: 000000000009d800 - 00000000000a0000 (reserved)
[    0.000000]  BIOS-e820: 00000000000d2000 - 00000000000d4000 (reserved)
[    0.000000]  BIOS-e820: 00000000000e0000 - 0000000000100000 (reserved)
[    0.000000]  BIOS-e820: 0000000000100000 - 000000003d6b0000 (usable)
[    0.000000]  BIOS-e820: 000000003d6b0000 - 000000003d6cc000 (ACPI data)
[    0.000000]  BIOS-e820: 000000003d6cc000 - 000000003d700000 (ACPI NVS)
[    0.000000]  BIOS-e820: 000000003d700000 - 000000003e000000 (reserved)
[    0.000000]  BIOS-e820: 00000000f0000000 - 00000000f4000000 (reserved)
[    0.000000]  BIOS-e820: 00000000fec00000 - 00000000fec10000 (reserved)
[    0.000000]  BIOS-e820: 00000000fed00000 - 00000000fed00400 (reserved)
[    0.000000]  BIOS-e820: 00000000fed14000 - 00000000fed1a000 (reserved)
[    0.000000]  BIOS-e820: 00000000fed1c000 - 00000000fed90000 (reserved)
[    0.000000]  BIOS-e820: 00000000fee00000 - 00000000fee01000 (reserved)
[    0.000000]  BIOS-e820: 00000000ff000000 - 0000000100000000 (reserved)
[    0.000000] DMI present.
[    0.000000] last_pfn = 0x3d6b0 max_arch_pfn = 0x100000
[    0.000000] MTRR default type: uncachable
[    0.000000] MTRR fixed ranges enabled:
[    0.000000]   00000-9FFFF write-back
[    0.000000]   A0000-BFFFF uncachable
[    0.000000]   C0000-CFFFF write-protect
[    0.000000]   D0000-DFFFF uncachable
[    0.000000]   E0000-FFFFF write-protect
[    0.000000] MTRR variable ranges enabled:
[    0.000000]   0 base 03E000000 mask FFE000000 uncachable
[    0.000000]   1 base 000000000 mask FC0000000 write-back
[    0.000000]   2 base 03D700000 mask FFFF00000 uncachable
[    0.000000]   3 base 03D800000 mask FFF800000 uncachable
[    0.000000]   4 disabled
[    0.000000]   5 disabled
[    0.000000]   6 disabled
[    0.000000]   7 disabled
[    0.000000] initial memory mapped : 0 - 02000000
[    0.000000] init_memory_mapping: 0000000000000000-00000000377fe000
[    0.000000]  0000000000 - 0000400000 page 4k
[    0.000000]  0000400000 - 0037400000 page 2M
[    0.000000]  0037400000 - 00377fe000 page 4k
[    0.000000] kernel direct mapping tables up to 377fe000 @ 7000-c000
[    0.000000] ACPI: RSDP 000f68d0 00024 (v02 LENOVO)
[    0.000000] ACPI: XSDT 3d6bb77f 00094 (v01 LENOVO TP-7L    00002170  LTP 00000000)
[    0.000000] ACPI: FACP 3d6bb900 000F4 (v03 LENOVO TP-7L    00002170 LNVO 00000001)
[    0.000000] ACPI Warning: 32/64X length mismatch in Gpe1Block: 0/32 (20090903/tbfadt-526)
[    0.000000] ACPI Warning: Optional field Gpe1Block has zero address or length: 000000000000102C/0 (20090903/tbfadt-557)
[    0.000000] ACPI: DSDT 3d6bbd1d 0FED1 (v01 LENOVO TP-7L    00002170 MSFT 03000000)
[    0.000000] ACPI: FACS 3d6e4000 00040
[    0.000000] ACPI: SSDT 3d6bbab4 00269 (v01 LENOVO TP-7L    00002170 MSFT 03000000)
[    0.000000] ACPI: ECDT 3d6cbbee 00052 (v01 LENOVO TP-7L    00002170 LNVO 00000001)
[    0.000000] ACPI: TCPA 3d6cbc40 00032 (v02 LENOVO TP-7L    00002170 LNVO 00000001)
[    0.000000] ACPI: APIC 3d6cbc72 00068 (v01 LENOVO TP-7L    00002170 LNVO 00000001)
[    0.000000] ACPI: MCFG 3d6cbcda 0003C (v01 LENOVO TP-7L    00002170 LNVO 00000001)
[    0.000000] ACPI: HPET 3d6cbd16 00038 (v01 LENOVO TP-7L    00002170 LNVO 00000001)
[    0.000000] ACPI: SLIC 3d6cbdf0 00176 (v01 LENOVO TP-7L    00002170  LTP 00000000)
[    0.000000] ACPI: BOOT 3d6cbf66 00028 (v01 LENOVO TP-7L    00002170  LTP 00000001)
[    0.000000] ACPI: ASF! 3d6cbf8e 00072 (v16 LENOVO TP-7L    00002170 PTL  00000001)
[    0.000000] ACPI: SSDT 3d6e26d9 0025F (v01 LENOVO TP-7L    00002170 INTL 20050513)
[    0.000000] ACPI: SSDT 3d6e2938 000A6 (v01 LENOVO TP-7L    00002170 INTL 20050513)
[    0.000000] ACPI: SSDT 3d6e29de 004F7 (v01 LENOVO TP-7L    00002170 INTL 20050513)
[    0.000000] ACPI: SSDT 3d6e2ed5 001D8 (v01 LENOVO TP-7L    00002170 INTL 20050513)
[    0.000000] ACPI: DMI detected: Lenovo ThinkPad R61
[    0.000000] ACPI: Added _OSI(Linux)
[    0.000000] ACPI: Local APIC address 0xfee00000
[    0.000000] 94MB HIGHMEM available.
[    0.000000] 887MB LOWMEM available.
[    0.000000]   mapped low ram: 0 - 377fe000
[    0.000000]   low ram: 0 - 377fe000
[    0.000000]   node 0 low ram: 00000000 - 377fe000
[    0.000000]   node 0 bootmap 00008000 - 0000ef00
[    0.000000] (6 early reservations) ==> bootmem [0000000000 - 00377fe000]
[    0.000000]   #0 [0000000000 - 0000001000]   BIOS data page ==> [0000000000 - 0000001000]
[    0.000000]   #1 [0001000000 - 0001bdc180]    TEXT DATA BSS ==> [0001000000 - 0001bdc180]
[    0.000000]   #2 [000009d800 - 0000100000]    BIOS reserved ==> [000009d800 - 0000100000]
[    0.000000]   #3 [0001bdd000 - 0001be516c]              BRK ==> [0001bdd000 - 0001be516c]
[    0.000000]   #4 [0000007000 - 0000008000]          PGTABLE ==> [0000007000 - 0000008000]
[    0.000000]   #5 [0000008000 - 000000f000]          BOOTMAP ==> [0000008000 - 000000f000]
[    0.000000] found SMP MP-table at [c00f6900] f6900
[    0.000000] Zone PFN ranges:
[    0.000000]   DMA      0x00000000 -> 0x00001000
[    0.000000]   Normal   0x00001000 -> 0x000377fe
[    0.000000]   HighMem  0x000377fe -> 0x0003d6b0
[    0.000000] Movable zone start PFN for each node
[    0.000000] early_node_map[2] active PFN ranges
[    0.000000]     0: 0x00000000 -> 0x0000009d
[    0.000000]     0: 0x00000100 -> 0x0003d6b0
[    0.000000] On node 0 totalpages: 251469
[    0.000000] free_area_init_node: node 0, pgdat c1901ea0, node_mem_map c1be7000
[    0.000000]   DMA zone: 32 pages used for memmap
[    0.000000]   DMA zone: 0 pages reserved
[    0.000000]   DMA zone: 3965 pages, LIFO batch:0
[    0.000000]   Normal zone: 1744 pages used for memmap
[    0.000000]   Normal zone: 221486 pages, LIFO batch:31
[    0.000000]   HighMem zone: 190 pages used for memmap
[    0.000000]   HighMem zone: 24052 pages, LIFO batch:3
[    0.000000] Using APIC driver default
[    0.000000] ACPI: PM-Timer IO Port: 0x1008
[    0.000000] ACPI: Local APIC address 0xfee00000
[    0.000000] ACPI: LAPIC (acpi_id[0x00] lapic_id[0x00] enabled)
[    0.000000] ACPI: LAPIC (acpi_id[0x01] lapic_id[0x01] enabled)
[    0.000000] ACPI: NR_CPUS/possible_cpus limit of 1 reached.  Processor 1/0x1 ignored.
[    0.000000] ACPI: LAPIC_NMI (acpi_id[0x00] high edge lint[0x1])
[    0.000000] ACPI: LAPIC_NMI (acpi_id[0x01] high edge lint[0x1])
[    0.000000] ACPI: IOAPIC (id[0x01] address[0xfec00000] gsi_base[0])
[    0.000000] IOAPIC[0]: apic_id 1, version 32, address 0xfec00000, GSI 0-23
[    0.000000] ACPI: INT_SRC_OVR (bus 0 bus_irq 0 global_irq 2 dfl dfl)
[    0.000000] ACPI: INT_SRC_OVR (bus 0 bus_irq 9 global_irq 9 high level)
[    0.000000] ACPI: IRQ0 used by override.
[    0.000000] ACPI: IRQ2 used by override.
[    0.000000] ACPI: IRQ9 used by override.
[    0.000000] Using ACPI (MADT) for SMP configuration information
[    0.000000] ACPI: HPET id: 0x8086a201 base: 0xfed00000
[    0.000000] nr_irqs_gsi: 24
[    0.000000] PM: Registered nosave memory: 000000000009d000 - 000000000009e000
[    0.000000] PM: Registered nosave memory: 000000000009e000 - 00000000000a0000
[    0.000000] PM: Registered nosave memory: 00000000000a0000 - 00000000000d2000
[    0.000000] PM: Registered nosave memory: 00000000000d2000 - 00000000000d4000
[    0.000000] PM: Registered nosave memory: 00000000000d4000 - 00000000000e0000
[    0.000000] PM: Registered nosave memory: 00000000000e0000 - 0000000000100000
[    0.000000] Allocating PCI resources starting at 3e000000 (gap: 3e000000:b2000000)
[    0.000000] Built 1 zonelists in Zone order, mobility grouping on.  Total pages: 249503
[    0.000000] Kernel command line: auto BOOT_IMAGE=Linux ro root=802 vt.default_utf8=0 maxcpus=0
[    0.000000] PID hash table entries: 4096 (order: 2, 16384 bytes)
[    0.000000] Dentry cache hash table entries: 131072 (order: 7, 524288 bytes)
[    0.000000] Inode-cache hash table entries: 65536 (order: 6, 262144 bytes)
[    0.000000] Enabling fast FPU save and restore... done.
[    0.000000] Enabling unmasked SIMD FPU exception support... done.
[    0.000000] Initializing CPU#0
[    0.000000] Initializing HighMem for node 0 (000377fe:0003d6b0)
[    0.000000] Memory: 984800k/1006272k available (6914k kernel code, 20876k reserved, 2328k data, 448k init, 96968k highmem)
[    0.000000] virtual kernel memory layout:
[    0.000000]     fixmap  : 0xfffa3000 - 0xfffff000   ( 368 kB)
[    0.000000]     pkmap   : 0xff800000 - 0xffc00000   (4096 kB)
[    0.000000]     vmalloc : 0xf7ffe000 - 0xff7fe000   ( 120 MB)
[    0.000000]     lowmem  : 0xc0000000 - 0xf77fe000   ( 887 MB)
[    0.000000]       .init : 0xc1907000 - 0xc1977000   ( 448 kB)
[    0.000000]       .data : 0xc16c0b5f - 0xc1906c64   (2328 kB)
[    0.000000]       .text : 0xc1000000 - 0xc16c0b5f   (6914 kB)
[    0.000000] Checking if this processor honours the WP bit even in supervisor mode...Ok.
[    0.000000] SLUB: Genslabs=13, HWalign=64, Order=0-3, MinObjects=0, CPUs=1, Nodes=1
[    0.000000] Hierarchical RCU implementation.
[    0.000000] NR_IRQS:288
[    0.000000] Extended CMOS year: 2000
[    0.000000] Console: colour VGA+ 80x25
[    0.000000] console [tty0] enabled
[    0.000000] hpet clockevent registered
[    0.000000] Fast TSC calibration using PIT
[    0.000000] Detected 2094.498 MHz processor.
[    0.001001] Calibrating delay loop (skipped), value calculated using timer frequency.. 4188.99 BogoMIPS (lpj=2094498)
[    0.001170] Security Framework initialized
[    0.001255] Mount-cache hash table entries: 512
[    0.002047] CPU: L1 I cache: 32K, L1 D cache: 32K
[    0.002174] CPU: L2 cache: 3072K
[    0.002255] mce: CPU supports 6 MCE banks
[    0.002335] CPU0: Thermal monitoring enabled (TM2)
[    0.002416] using mwait in idle threads.
[    0.002501] CPU: Intel(R) Core(TM)2 Duo CPU     T8100  @ 2.10GHz stepping 06
[    0.002676] Checking 'hlt' instruction... OK.
[    0.006935] ACPI: Core revision 20090903
[    0.026017] CANARY value: c394709d for PID: 1
[    0.026047] Enabling APIC mode:  Flat.  Using 1 I/O APICs
[    0.026505] ..TIMER: vector=0x30 apic1=0 pin1=2 apic2=-1 pin2=-1
[    0.036997] xor: automatically using best checksumming function: pIII_sse
[    0.040998]    pIII_sse  :  8568.000 MB/sec
[    0.041081] xor: using function: pIII_sse (8568.000 MB/sec)
[    0.041175] RANDOM - __seed init called.
[    0.041176] RANDOM - __seed init called.
[    0.041177] RANDOM - __seed init called.
[    0.041178] RANDOM - __random32 called. Change num 1.  Value: e6b75c0e	845fdb3c	4764ecc7
[    0.041180] RANDOM - __random32 called. Change num 2.  Value: 75c0e1a6	45fdb3ca	d98f8871
[    0.041182] RANDOM - __random32 called. Change num 3.  Value: e1a6d3e	5fdb3ca9	10e2be79
[    0.041184] RANDOM - __random32 called. Change num 4.  Value: a6d3e877	fdb3ca90	7cf2fee9
[    0.041185] RANDOM - __random32 called. Change num 5.  Value: 3e877b7b	db3ca905	fdd36ca1
[    0.041187] RANDOM - __random32 called. Change num 6.  Value: 77b7ba3d	b3ca905b	d9426901
[    0.041188] RANDOM - random32 init called.  Value: 77b7ba3d	b3ca905b	d9426901
[    0.041206] NET: Registered protocol family 16
[    0.041456] ACPI FADT declares the system doesn't support PCIe ASPM, so disable it
[    0.041572] ACPI: bus type pci registered
[    0.041733] PCI: MCFG configuration 0: base f0000000 segment 0 buses 0 - 63
[    0.041828] PCI: MCFG area at f0000000 reserved in E820
[    0.041913] PCI: Using MMCONFIG for extended config space
[    0.041993] PCI: Using configuration type 1 for base access
[    0.045098] bio: create slab <bio-0> at 0
[    0.045904] ACPI: EC: EC description table is found, configuring boot EC
[    0.051052] ACPI: BIOS _OSI(Linux) query honored via DMI
[    0.051780] random 0000 0000 0000 00000000 00000000: rand_read_num 2 get_random_bytes(8): sig fffffe1a 00000000 00000000
[    0.051782] random 0000 0000 0000 00000000 00000000: extract_entropy(.. 8 ..)
[    0.051785] random 0000 0000 0000 00000000 00000000: going to reseed nonblocking with 64 bits (64 of 0 requested)
[    0.051787] random 0000 0000 0000 00000000 00000000: extract_entropy(.. 8 ..)
[    0.051790] random 0000 0000 0000 00000000 00000000: trying to extract 64 bits from input
[    0.051792] random 0000 0000 0000 00000000 00000000: debiting 0 entropy credits from input
[    0.051794] random 0000 0000 0000 00000000 00000000: extract_entropy account returned: 0 
[    0.051823] random 0000 0000 0000 00000000 00000000: urand_change_num 3 xfer_secondary_pool(8): pool_sig fffffe1a, data_sig 00000000, bytes_mixed 0 00000000 00000000
[    0.051827] random 0000 0000 0000 00000000 00000000: trying to extract 64 bits from nonblocking
[    0.051829] random 0000 0000 0000 00000000 00000000: debiting 64 entropy credits from nonblocking (unlimited)
[    0.051831] random 0000 0000 0000 00000000 00000000: extract_entropy account returned: 8 
[    0.051835] random 0000 0000 0000 00000000 00000000: urand_change_num 4 extract_buf: pool_sig fffffe1a, data_sig fffffed7, bytes_mixed 20 00000000 00000000
[    0.056637] ACPI: Interpreter enabled
[    0.056724] ACPI: (supports S0 S3 S4 S5)
[    0.056998] ACPI: Using IOAPIC for interrupt routing
[    0.066855] ACPI: EC: GPE = 0x12, I/O: command/status = 0x66, data = 0x62
[    0.067137] ACPI: Power Resource [PUBS] (on)
[    0.069289] ACPI: ACPI Dock Station Driver: 3 docks/bays found
[    0.069699] ACPI: PCI Root Bridge [PCI0] (0000:00)
[    0.069862] pci 0000:00:02.0: reg 10 64bit mmio: [0xf8100000-0xf81fffff]
[    0.069868] pci 0000:00:02.0: reg 18 64bit mmio pref: [0xe0000000-0xefffffff]
[    0.069872] pci 0000:00:02.0: reg 20 io port: [0x1800-0x1807]
[    0.069907] pci 0000:00:02.1: reg 10 64bit mmio: [0xf8200000-0xf82fffff]
[    0.070022] pci 0000:00:19.0: reg 10 32bit mmio: [0xfe000000-0xfe01ffff]
[    0.070032] pci 0000:00:19.0: reg 14 32bit mmio: [0xfe025000-0xfe025fff]
[    0.070040] pci 0000:00:19.0: reg 18 io port: [0x1840-0x185f]
[    0.070108] pci 0000:00:19.0: PME# supported from D0 D3hot D3cold
[    0.070197] pci 0000:00:19.0: PME# disabled
[    0.070348] pci 0000:00:1a.0: reg 20 io port: [0x1860-0x187f]
[    0.070422] pci 0000:00:1a.1: reg 20 io port: [0x1880-0x189f]
[    0.070503] pci 0000:00:1a.7: reg 10 32bit mmio: [0xfe226c00-0xfe226fff]
[    0.070589] pci 0000:00:1a.7: PME# supported from D0 D3hot D3cold
[    0.070683] pci 0000:00:1a.7: PME# disabled
[    0.070815] pci 0000:00:1b.0: reg 10 64bit mmio: [0xfe020000-0xfe023fff]
[    0.070900] pci 0000:00:1b.0: PME# supported from D0 D3hot D3cold
[    0.070988] pci 0000:00:1b.0: PME# disabled
[    0.071110] pci 0000:00:1c.0: PME# supported from D0 D3hot D3cold
[    0.071200] pci 0000:00:1c.0: PME# disabled
[    0.071397] pci 0000:00:1c.1: PME# supported from D0 D3hot D3cold
[    0.071489] pci 0000:00:1c.1: PME# disabled
[    0.071681] pci 0000:00:1c.2: PME# supported from D0 D3hot D3cold
[    0.071768] pci 0000:00:1c.2: PME# disabled
[    0.072036] pci 0000:00:1c.3: PME# supported from D0 D3hot D3cold
[    0.072123] pci 0000:00:1c.3: PME# disabled
[    0.072982] pci 0000:00:1c.4: PME# supported from D0 D3hot D3cold
[    0.072999] pci 0000:00:1c.4: PME# disabled
[    0.073139] pci 0000:00:1d.0: reg 20 io port: [0x18a0-0x18bf]
[    0.073219] pci 0000:00:1d.1: reg 20 io port: [0x18c0-0x18df]
[    0.073295] pci 0000:00:1d.2: reg 20 io port: [0x18e0-0x18ff]
[    0.073389] pci 0000:00:1d.7: reg 10 32bit mmio: [0xfe227000-0xfe2273ff]
[    0.073488] pci 0000:00:1d.7: PME# supported from D0 D3hot D3cold
[    0.073579] pci 0000:00:1d.7: PME# disabled
[    0.073864] pci 0000:00:1f.0: quirk: region 1000-107f claimed by ICH6 ACPI/GPIO/TCO
[    0.074000] pci 0000:00:1f.0: quirk: region 1180-11bf claimed by ICH6 GPIO
[    0.074094] pci 0000:00:1f.0: ICH7 LPC Generic IO decode 1 PIO at 1600 (mask 007f)
[    0.074216] pci 0000:00:1f.0: ICH7 LPC Generic IO decode 2 PIO at 15e0 (mask 000f)
[    0.074329] pci 0000:00:1f.0: ICH7 LPC Generic IO decode 3 PIO at 1680 (mask 001f)
[    0.074521] pci 0000:00:1f.1: reg 10 io port: [0x00-0x07]
[    0.074531] pci 0000:00:1f.1: reg 14 io port: [0x00-0x03]
[    0.074538] pci 0000:00:1f.1: reg 18 io port: [0x00-0x07]
[    0.074546] pci 0000:00:1f.1: reg 1c io port: [0x00-0x03]
[    0.074558] pci 0000:00:1f.1: reg 20 io port: [0x1c00-0x1c0f]
[    0.074638] pci 0000:00:1f.2: reg 10 io port: [0x1c50-0x1c57]
[    0.074647] pci 0000:00:1f.2: reg 14 io port: [0x1c44-0x1c47]
[    0.074656] pci 0000:00:1f.2: reg 18 io port: [0x1c48-0x1c4f]
[    0.074665] pci 0000:00:1f.2: reg 1c io port: [0x1c40-0x1c43]
[    0.074674] pci 0000:00:1f.2: reg 20 io port: [0x1c20-0x1c3f]
[    0.074682] pci 0000:00:1f.2: reg 24 32bit mmio: [0xfe226000-0xfe2267ff]
[    0.074740] pci 0000:00:1f.2: PME# supported from D3hot
[    0.074822] pci 0000:00:1f.2: PME# disabled
[    0.075003] pci 0000:00:1f.3: reg 10 32bit mmio: [0xfe227400-0xfe2274ff]
[    0.075028] pci 0000:00:1f.3: reg 20 io port: [0x1c60-0x1c7f]
[    0.075117] pci 0000:00:1c.0: bridge io port: [0x2000-0x2fff]
[    0.075123] pci 0000:00:1c.0: bridge 32bit mmio: [0xfc000000-0xfdffffff]
[    0.075135] pci 0000:00:1c.0: bridge 64bit mmio pref: [0xf8000000-0xf80fffff]
[    0.075206] pci 0000:03:00.0: reg 10 64bit mmio: [0xdf3f0000-0xdf3fffff]
[    0.075400] pci 0000:00:1c.1: bridge io port: [0x3000-0x3fff]
[    0.075406] pci 0000:00:1c.1: bridge 32bit mmio: [0xdc000000-0xdf3fffff]
[    0.075413] pci 0000:00:1c.1: bridge 64bit mmio pref: [0xdfe00000-0xdfefffff]
[    0.075477] pci 0000:00:1c.2: bridge io port: [0x4000-0x4fff]
[    0.075483] pci 0000:00:1c.2: bridge 32bit mmio: [0xd8000000-0xd9ffffff]
[    0.075491] pci 0000:00:1c.2: bridge 64bit mmio pref: [0xdfb00000-0xdfbfffff]
[    0.075549] pci 0000:00:1c.3: bridge io port: [0x5000-0x5fff]
[    0.075555] pci 0000:00:1c.3: bridge 32bit mmio: [0xd4000000-0xd5ffffff]
[    0.075564] pci 0000:00:1c.3: bridge 64bit mmio pref: [0xdf800000-0xdf8fffff]
[    0.075620] pci 0000:00:1c.4: bridge io port: [0x6000-0x6fff]
[    0.075626] pci 0000:00:1c.4: bridge 32bit mmio: [0xd0000000-0xd1ffffff]
[    0.075635] pci 0000:00:1c.4: bridge 64bit mmio pref: [0xdf500000-0xdf5fffff]
[    0.075697] pci 0000:15:00.0: reg 10 32bit mmio: [0xf8300000-0xf8300fff]
[    0.075746] pci 0000:15:00.0: supports D1 D2
[    0.075748] pci 0000:15:00.0: PME# supported from D0 D1 D2 D3hot D3cold
[    0.075833] pci 0000:15:00.0: PME# disabled
[    0.075979] pci 0000:15:00.1: reg 10 32bit mmio: [0xf8301000-0xf83017ff]
[    0.076081] pci 0000:15:00.1: supports D1 D2
[    0.076082] pci 0000:15:00.1: PME# supported from D0 D1 D2 D3hot D3cold
[    0.076168] pci 0000:15:00.1: PME# disabled
[    0.076354] pci 0000:00:1e.0: transparent bridge
[    0.076453] pci 0000:00:1e.0: bridge io port: [0x7000-0xafff]
[    0.076459] pci 0000:00:1e.0: bridge 32bit mmio: [0xf8300000-0xfbffffff]
[    0.076466] pci 0000:00:1e.0: bridge 64bit mmio pref: [0xf4000000-0xf7ffffff]
[    0.076528] pci_bus 0000:00: on NUMA node 0
[    0.076532] ACPI: PCI Interrupt Routing Table [\_SB_.PCI0._PRT]
[    0.076666] ACPI: PCI Interrupt Routing Table [\_SB_.PCI0.EXP0._PRT]
[    0.076724] ACPI: PCI Interrupt Routing Table [\_SB_.PCI0.EXP1._PRT]
[    0.076782] ACPI: PCI Interrupt Routing Table [\_SB_.PCI0.EXP2._PRT]
[    0.076840] ACPI: PCI Interrupt Routing Table [\_SB_.PCI0.EXP3._PRT]
[    0.076902] ACPI: PCI Interrupt Routing Table [\_SB_.PCI0.EXP4._PRT]
[    0.076965] ACPI: PCI Interrupt Routing Table [\_SB_.PCI0.PCI1._PRT]
[    0.082429] ACPI: PCI Interrupt Link [LNKA] (IRQs 3 4 5 6 7 9 *10 11)
[    0.083168] ACPI: PCI Interrupt Link [LNKB] (IRQs 3 4 5 6 7 9 10 *11)
[    0.083927] ACPI: PCI Interrupt Link [LNKC] (IRQs 3 4 5 6 7 9 10 *11)
[    0.084612] ACPI: PCI Interrupt Link [LNKD] (IRQs 3 4 5 6 7 9 10 *11)
[    0.085334] ACPI: PCI Interrupt Link [LNKE] (IRQs 3 4 5 6 7 9 10 *11)
[    0.086067] ACPI: PCI Interrupt Link [LNKF] (IRQs 3 4 5 6 7 9 10 *11)
[    0.086778] ACPI: PCI Interrupt Link [LNKG] (IRQs 3 4 5 6 7 9 10 *11)
[    0.087475] ACPI: PCI Interrupt Link [LNKH] (IRQs 3 4 5 6 7 9 10 *11)
[    0.088136] vgaarb: device added: PCI:0000:00:02.0,decodes=io+mem,owns=io+mem,locks=none
[    0.088253] vgaarb: loaded
[    0.088426] SCSI subsystem initialized
[    0.088528] libata version 3.00 loaded.
[    0.088575] usbcore: registered new interface driver usbfs
[    0.088705] usbcore: registered new interface driver hub
[    0.088810] usbcore: registered new device driver usb
[    0.106047] raid6: int32x1    941 MB/s
[    0.122989] raid6: int32x2    886 MB/s
[    0.140066] raid6: int32x4    750 MB/s
[    0.156995] raid6: int32x8    656 MB/s
[    0.173992] raid6: mmxx1     2878 MB/s
[    0.190990] raid6: mmxx2     3269 MB/s
[    0.207993] raid6: sse1x1    1937 MB/s
[    0.224996] raid6: sse1x2    2535 MB/s
[    0.241986] raid6: sse2x1    3507 MB/s
[    0.258975] raid6: sse2x2    3832 MB/s
[    0.259055] raid6: using algorithm sse2x2 (3832 MB/s)
[    0.259138] PCI: Using ACPI for IRQ routing
[    0.259438] HPET: 3 timers in total, 0 timers will be used for per-cpu timer
[    0.259981] Switching to clocksource tsc
[    0.260078] pnp: PnP ACPI init
[    0.260158] ACPI: bus type pnp registered
[    0.263851] pnp: PnP ACPI: found 11 devices
[    0.263952] ACPI: ACPI bus type pnp unregistered
[    0.264040] system 00:00: iomem range 0x0-0x9ffff could not be reserved
[    0.264122] system 00:00: iomem range 0xc0000-0xc3fff could not be reserved
[    0.264203] system 00:00: iomem range 0xc4000-0xc7fff could not be reserved
[    0.264297] system 00:00: iomem range 0xc8000-0xcbfff has been reserved
[    0.264379] system 00:00: iomem range 0xcc000-0xcffff has been reserved
[    0.264468] system 00:00: iomem range 0xd0000-0xd3fff could not be reserved
[    0.264564] system 00:00: iomem range 0xe0000-0xe3fff could not be reserved
[    0.264647] system 00:00: iomem range 0xe4000-0xe7fff could not be reserved
[    0.264740] system 00:00: iomem range 0xe8000-0xebfff could not be reserved
[    0.264827] system 00:00: iomem range 0xec000-0xeffff could not be reserved
[    0.264912] system 00:00: iomem range 0xf0000-0xfffff could not be reserved
[    0.264998] system 00:00: iomem range 0x100000-0x3dffffff could not be reserved
[    0.265115] system 00:00: iomem range 0xfec00000-0xfed3ffff could not be reserved
[    0.265227] system 00:00: iomem range 0xfed4c000-0xffffffff could not be reserved
[    0.265343] system 00:02: ioport range 0x164e-0x164f has been reserved
[    0.265432] system 00:02: ioport range 0x1000-0x107f has been reserved
[    0.265520] system 00:02: ioport range 0x1180-0x11bf has been reserved
[    0.265603] system 00:02: ioport range 0x800-0x80f has been reserved
[    0.265694] system 00:02: ioport range 0x15e0-0x15ef has been reserved
[    0.265776] system 00:02: ioport range 0x1600-0x165f could not be reserved
[    0.265859] system 00:02: iomem range 0xf0000000-0xf3ffffff has been reserved
[    0.265946] system 00:02: iomem range 0xfed1c000-0xfed1ffff has been reserved
[    0.266029] system 00:02: iomem range 0xfed14000-0xfed17fff has been reserved
[    0.266115] system 00:02: iomem range 0xfed18000-0xfed18fff has been reserved
[    0.266199] system 00:02: iomem range 0xfed19000-0xfed19fff has been reserved
[    0.266288] system 00:02: iomem range 0xfed45000-0xfed4bfff has been reserved
[    0.301330] pci 0000:00:1c.0: PCI bridge, secondary bus 0000:02
[    0.301413] pci 0000:00:1c.0:   IO window: 0x2000-0x2fff
[    0.301512] pci 0000:00:1c.0:   MEM window: 0xfc000000-0xfdffffff
[    0.301607] pci 0000:00:1c.0:   PREFETCH window: 0x000000f8000000-0x000000f80fffff
[    0.301728] pci 0000:00:1c.1: PCI bridge, secondary bus 0000:03
[    0.301812] pci 0000:00:1c.1:   IO window: 0x3000-0x3fff
[    0.301916] pci 0000:00:1c.1:   MEM window: 0xdc000000-0xdf3fffff
[    0.302006] pci 0000:00:1c.1:   PREFETCH window: 0x000000dfe00000-0x000000dfefffff
[    0.302124] pci 0000:00:1c.2: PCI bridge, secondary bus 0000:04
[    0.302218] pci 0000:00:1c.2:   IO window: 0x4000-0x4fff
[    0.302302] pci 0000:00:1c.2:   MEM window: 0xd8000000-0xd9ffffff
[    0.302400] pci 0000:00:1c.2:   PREFETCH window: 0x000000dfb00000-0x000000dfbfffff
[    0.302519] pci 0000:00:1c.3: PCI bridge, secondary bus 0000:05
[    0.302612] pci 0000:00:1c.3:   IO window: 0x5000-0x5fff
[    0.302698] pci 0000:00:1c.3:   MEM window: 0xd4000000-0xd5ffffff
[    0.302784] pci 0000:00:1c.3:   PREFETCH window: 0x000000df800000-0x000000df8fffff
[    0.302920] pci 0000:00:1c.4: PCI bridge, secondary bus 0000:0d
[    0.303002] pci 0000:00:1c.4:   IO window: 0x6000-0x6fff
[    0.303090] pci 0000:00:1c.4:   MEM window: 0xd0000000-0xd1ffffff
[    0.303177] pci 0000:00:1c.4:   PREFETCH window: 0x000000df500000-0x000000df5fffff
[    0.303298] pci 0000:15:00.0: CardBus bridge, secondary bus 0000:16
[    0.303389] pci 0000:15:00.0:   IO window: 0x007000-0x0070ff
[    0.303476] pci 0000:15:00.0:   IO window: 0x007400-0x0074ff
[    0.303560] pci 0000:15:00.0:   PREFETCH window: 0xf4000000-0xf7ffffff
[    0.303651] pci 0000:15:00.0:   MEM window: 0x40000000-0x43ffffff
[    0.303738] pci 0000:00:1e.0: PCI bridge, secondary bus 0000:15
[    0.303821] pci 0000:00:1e.0:   IO window: 0x7000-0xafff
[    0.303914] pci 0000:00:1e.0:   MEM window: 0xf8300000-0xfbffffff
[    0.304007] pci 0000:00:1e.0:   PREFETCH window: 0x000000f4000000-0x000000f7ffffff
[    0.304136] pci 0000:00:1c.0: PCI INT A -> GSI 20 (level, low) -> IRQ 20
[    0.304230] pci 0000:00:1c.0: setting latency timer to 64
[    0.304244] pci 0000:00:1c.1: PCI INT B -> GSI 21 (level, low) -> IRQ 21
[    0.304331] pci 0000:00:1c.1: setting latency timer to 64
[    0.304344] pci 0000:00:1c.2: PCI INT C -> GSI 22 (level, low) -> IRQ 22
[    0.304440] pci 0000:00:1c.2: setting latency timer to 64
[    0.304450] pci 0000:00:1c.3: PCI INT D -> GSI 23 (level, low) -> IRQ 23
[    0.304533] pci 0000:00:1c.3: setting latency timer to 64
[    0.304546] pci 0000:00:1c.4: PCI INT A -> GSI 20 (level, low) -> IRQ 20
[    0.304650] pci 0000:00:1c.4: setting latency timer to 64
[    0.304657] pci 0000:00:1e.0: enabling device (0005 -> 0007)
[    0.304741] pci 0000:00:1e.0: setting latency timer to 64
[    0.304755] pci 0000:15:00.0: PCI INT A -> GSI 16 (level, low) -> IRQ 16
[    0.304845] pci 0000:15:00.0: setting latency timer to 64
[    0.304849] pci_bus 0000:00: resource 0 io:  [0x00-0xffff]
[    0.304851] pci_bus 0000:00: resource 1 mem: [0x000000-0xffffffff]
[    0.304853] pci_bus 0000:02: resource 0 io:  [0x2000-0x2fff]
[    0.304855] pci_bus 0000:02: resource 1 mem: [0xfc000000-0xfdffffff]
[    0.304857] pci_bus 0000:02: resource 2 pref mem [0xf8000000-0xf80fffff]
[    0.304859] pci_bus 0000:03: resource 0 io:  [0x3000-0x3fff]
[    0.304861] pci_bus 0000:03: resource 1 mem: [0xdc000000-0xdf3fffff]
[    0.304862] pci_bus 0000:03: resource 2 pref mem [0xdfe00000-0xdfefffff]
[    0.304864] pci_bus 0000:04: resource 0 io:  [0x4000-0x4fff]
[    0.304866] pci_bus 0000:04: resource 1 mem: [0xd8000000-0xd9ffffff]
[    0.304868] pci_bus 0000:04: resource 2 pref mem [0xdfb00000-0xdfbfffff]
[    0.304870] pci_bus 0000:05: resource 0 io:  [0x5000-0x5fff]
[    0.304872] pci_bus 0000:05: resource 1 mem: [0xd4000000-0xd5ffffff]
[    0.304873] pci_bus 0000:05: resource 2 pref mem [0xdf800000-0xdf8fffff]
[    0.304878] pci_bus 0000:0d: resource 0 io:  [0x6000-0x6fff]
[    0.304880] pci_bus 0000:0d: resource 1 mem: [0xd0000000-0xd1ffffff]
[    0.304882] pci_bus 0000:0d: resource 2 pref mem [0xdf500000-0xdf5fffff]
[    0.304883] pci_bus 0000:15: resource 0 io:  [0x7000-0xafff]
[    0.304885] pci_bus 0000:15: resource 1 mem: [0xf8300000-0xfbffffff]
[    0.304887] pci_bus 0000:15: resource 2 pref mem [0xf4000000-0xf7ffffff]
[    0.304889] pci_bus 0000:15: resource 3 io:  [0x00-0xffff]
[    0.304890] pci_bus 0000:15: resource 4 mem: [0x000000-0xffffffff]
[    0.304892] pci_bus 0000:16: resource 0 io:  [0x7000-0x70ff]
[    0.304894] pci_bus 0000:16: resource 1 io:  [0x7400-0x74ff]
[    0.304895] pci_bus 0000:16: resource 2 pref mem [0xf4000000-0xf7ffffff]
[    0.304897] pci_bus 0000:16: resource 3 mem: [0x40000000-0x43ffffff]
[    0.304905] NET: Registered protocol family 2
[    0.304987] RANDOM - __random32 called. Change num 7.  Value: 7ba3d01e	3ca905be	d2026a24
[    0.304989] RANDOM - random32 called.  Value: 7ba3d01e	3ca905be	d2026a24
[    0.304993] random 0000 0000 0000 5f8db4e5 4cfdf2a8: rand_read_num 3 get_random_bytes(4): sig fffffb64 5f8db4e5 4cfdf2a8
[    0.304995] random 0000 0000 0000 5f8db4e5 4cfdf2a8: extract_entropy(.. 4 ..)
[    0.304998] random 0000 0000 0000 5f8db4e5 4cfdf2a8: going to reseed nonblocking with 64 bits (32 of 0 requested)
[    0.305000] random 0000 0000 0000 5f8db4e5 4cfdf2a8: extract_entropy(.. 8 ..)
[    0.305002] random 0000 0000 0000 5f8db4e5 4cfdf2a8: trying to extract 64 bits from input
[    0.305004] random 0000 0000 0000 5f8db4e5 4cfdf2a8: debiting 0 entropy credits from input
[    0.305006] random 0000 0000 0000 5f8db4e5 4cfdf2a8: extract_entropy account returned: 0 
[    0.305009] random 0000 0000 0000 5f8db4e5 4cfdf2a8: urand_change_num 5 xfer_secondary_pool(4): pool_sig fffffb64, data_sig 00000000, bytes_mixed 0 5f8db4e5 4cfdf2a8
[    0.305012] random 0000 0000 0000 5f8db4e5 4cfdf2a8: trying to extract 32 bits from nonblocking
[    0.305014] random 0000 0000 0000 5f8db4e5 4cfdf2a8: debiting 32 entropy credits from nonblocking (unlimited)
[    0.305016] random 0000 0000 0000 5f8db4e5 4cfdf2a8: extract_entropy account returned: 4 
[    0.305021] random 0000 0000 0000 5f8db4e5 4cfdf2a8: urand_change_num 6 extract_buf: pool_sig fffffb64, data_sig 00000241, bytes_mixed 20 5f8db4e5 4cfdf2a8
[    0.305030] IP route cache hash table entries: 32768 (order: 5, 131072 bytes)
[    0.305158] RANDOM - __random32 called. Change num 8.  Value: 3d01e034	ca905be7	d4484227
[    0.305159] RANDOM - random32 called.  Value: 3d01e034	ca905be7	d4484227
[    0.305170] RANDOM - __random32 called. Change num 9.  Value: 1e034020	a905be70	844ec14a
[    0.305172] RANDOM - random32 called.  Value: 1e034020	a905be70	844ec14a
[    0.305174] RANDOM - __random32 called. Change num 10.  Value: 34020ec0	905be706	8294c719
[    0.305175] RANDOM - random32 called.  Value: 34020ec0	905be706	8294c719
[    0.305186] RANDOM - __random32 called. Change num 11.  Value: 20ec0ebb	5be7068	8e32c65f
[    0.305187] RANDOM - random32 called.  Value: 20ec0ebb	5be7068	8e32c65f
[    0.305197] TCP established hash table entries: 131072 (order: 8, 1048576 bytes)
[    0.305683] TCP bind hash table entries: 65536 (order: 6, 262144 bytes)
[    0.305863] TCP: Hash tables configured (established 131072 bind 65536)
[    0.305954] TCP reno registered
[    0.306064] NET: Registered protocol family 1
[    0.306171] RPC: Registered udp transport module.
[    0.306267] RPC: Registered tcp transport module.
[    0.306346] RPC: Registered tcp NFSv4.1 backchannel transport module.
[    0.306446] pci 0000:00:02.0: Boot video device
[    0.306662] Simple Boot Flag at 0x35 set to 0x1
[    0.307219] highmem bounce pool size: 64 pages
[    0.308708] VFS: Disk quotas dquot_6.5.2
[    0.308836] Dquot-cache hash table entries: 1024 (order 0, 4096 bytes)
[    0.309573] NTFS driver 2.1.29 [Flags: R/W].
[    0.309726] ROMFS MTD (C) 2007 Red Hat, Inc.
[    0.309930] JFS: nTxBlock = 7695, nTxLock = 61562
[    0.312387] SGI XFS with ACLs, security attributes, large block/inode numbers, no debug enabled
[    0.312862] SGI XFS Quota Management subsystem
[    0.313158] Slow work thread pool: Starting up
[    0.313251] Slow work thread pool: Ready
[    0.313337] GFS2 (built May 24 2013 02:47:17) installed
[    0.313419] msgmni has been set to 1734
[    0.313575] alg: No test for cipher_null (cipher_null-generic)
[    0.313667] alg: No test for ecb(cipher_null) (ecb-cipher_null)
[    0.313764] alg: No test for digest_null (digest_null-generic)
[    0.313859] alg: No test for compress_null (compress_null-generic)
[    0.314411] alg: No test for fcrypt (fcrypt-generic)
[    0.315832] alg: No test for stdrng (krng)
[    0.315934] async_tx: api initialized (async)
[    0.316084] Block layer SCSI generic (bsg) driver version 0.4 loaded (major 254)
[    0.316198] io scheduler noop registered
[    0.316279] io scheduler anticipatory registered
[    0.316368] io scheduler deadline registered
[    0.316489] io scheduler cfq registered (default)
[    0.316726] pcieport 0000:00:1c.0: irq 24 for MSI/MSI-X
[    0.316743] pcieport 0000:00:1c.0: setting latency timer to 64
[    0.316947] pcieport 0000:00:1c.1: irq 25 for MSI/MSI-X
[    0.316959] pcieport 0000:00:1c.1: setting latency timer to 64
[    0.317139] pcieport 0000:00:1c.2: irq 26 for MSI/MSI-X
[    0.317151] pcieport 0000:00:1c.2: setting latency timer to 64
[    0.317335] pcieport 0000:00:1c.3: irq 27 for MSI/MSI-X
[    0.317346] pcieport 0000:00:1c.3: setting latency timer to 64
[    0.317525] pcieport 0000:00:1c.4: irq 28 for MSI/MSI-X
[    0.317536] pcieport 0000:00:1c.4: setting latency timer to 64
[    0.317689] pci_hotplug: PCI Hot Plug PCI Core version: 0.5
[    0.317897] isapnp: Scanning for PnP cards...
[    0.678431] isapnp: No Plug & Play device found
[    0.678512] random 0000 0000 0000 5f8db4e5 4cfdf2a8: initializing
[    0.698057] Serial: 8250/16550 driver, 4 ports, IRQ sharing enabled
[    3.709086] floppy0: no floppy controllers found
[    3.710027] brd: module loaded
[    3.710537] loop: module loaded
[    3.710615] Compaq SMART2 Driver (v 2.6.0)
[    3.710735] HP CISS Driver (v 3.6.20)
[    3.710975] input: Macintosh mouse button emulation as /devices/virtual/input/input0
[    3.711107] Uniform Multi-Platform E-IDE driver
[    3.711323] piix 0000:00:1f.1: IDE controller (0x8086:0x2850 rev 0x03)
[    3.711421] pci 0000:00:1f.1: PCI INT C -> GSI 16 (level, low) -> IRQ 16
[    3.711531] piix 0000:00:1f.1: IDE port disabled
[    3.711625] piix 0000:00:1f.1: not 100% native mode: will probe irqs later
[    3.711714]     ide0: BM-DMA at 0x1c00-0x1c07
[    3.711799] Probing IDE interface ide0...
[    4.383346] hda: HL-DT-ST DVDRAM GSA-U10N, ATAPI CD/DVD-ROM drive
[    4.690175] hda: host max PIO4 wanted PIO255(auto-tune) selected PIO4
[    4.690950] hda: UDMA/33 mode selected
[    4.691417] ide0 at 0x1f0-0x1f7,0x3f6 on irq 14
[    4.695307] ide-gd driver 1.18
[    4.695402] ide-cd driver 5.00
[    4.696793] ide-cd: hda: ATAPI 24X DVD-ROM DVD-R/RAM CD-R/RW drive, 2048kB Cache
[    4.697209] Uniform CD-ROM driver Revision: 3.20
[    4.704333] Loading iSCSI transport class v2.0-870.
[    4.704623] rdac: device handler registered
[    4.704712] hp_sw: device handler registered
[    4.704797] emc: device handler registered
[    4.704875] alua: device handler registered
[    4.705851] Adaptec aacraid driver 1.1-5[2461]-ms
[    4.706261] scsi: <fdomain> Detection failed (no card)
[    4.706351] sym53c416.c: Version 1.0.0-ac
[    4.706449] qlogicfas: no cards were found, please specify I/O address and IRQ using iobase= and irq= options
[    4.706570] QLogic Fibre Channel HBA Driver: 8.03.01-k6
[    4.706782] iscsi: registered transport (qla4xxx)
[    4.706903] QLogic iSCSI HBA Driver
[    4.706995] Emulex LightPulse Fibre Channel SCSI driver 8.3.4
[    4.707084] Copyright(c) 2004-2009 Emulex.  All rights reserved.
[    4.729164] Failed initialization of WD-7000 SCSI card!
[    4.818608] DC390: clustering now enabled by default. If you get problems load
[    4.818727]        with "disable_clustering=1" and report to maintainers
[    4.818850] megaraid cmm: 2.20.2.7 (Release Date: Sun Jul 16 00:01:03 EST 2006)
[    4.819003] megaraid: 2.20.5.1 (Release Date: Thu Nov 16 15:32:35 EST 2006)
[    4.819110] megasas: 00.00.04.01 Thu July 24 11:41:51 PST 2008
[    4.819241] GDT-HA: Storage RAID Controller Driver. Version: 3.05
[    4.819387] 3ware Storage Controller device driver for Linux v1.26.02.002.
[    4.819490] 3ware 9000 Storage Controller device driver for Linux v2.26.02.012.
[    4.819629] nsp32: loading...
[    4.819738] ipr: IBM Power RAID SCSI Device Driver version: 2.4.3 (June 10, 2009)
[    4.819872] RocketRAID 3xxx/4xxx Controller driver v1.6 (090910)
[    4.819979] stex: Promise SuperTrak EX Driver version: 4.6.0000.3
[    4.820106] st: Version 20081215, fixed bufsize 32768, s/g segs 256
[    4.820293] ahci 0000:00:1f.2: version 3.0
[    4.820308] ahci 0000:00:1f.2: PCI INT B -> GSI 16 (level, low) -> IRQ 16
[    4.820429] ahci 0000:00:1f.2: irq 29 for MSI/MSI-X
[    4.820486] ahci 0000:00:1f.2: AHCI 0001.0100 32 slots 3 ports 1.5 Gbps 0x5 impl SATA mode
[    4.820604] ahci 0000:00:1f.2: flags: 64bit ncq sntf pm led clo pio slum part ccc 
[    4.820732] ahci 0000:00:1f.2: setting latency timer to 64
[    4.820875] scsi2 : ahci
[    4.821028] scsi3 : ahci
[    4.821180] scsi4 : ahci
[    4.821337] ata1: SATA max UDMA/133 abar m2048@0xfe226000 port 0xfe226100 irq 29
[    4.821466] ata2: DUMMY
[    4.821547] ata3: SATA max UDMA/133 abar m2048@0xfe226000 port 0xfe226200 irq 29
[    4.822161] I2O subsystem v1.325
[    4.822249] i2o: max drivers = 8
[    4.822385] I2O Configuration OSM v1.323
[    4.822481] I2O Bus Adapter OSM v1.317
[    4.822574] I2O Block Device OSM v1.325
[    4.822713] I2O SCSI Peripheral OSM v1.316
[    4.822808] I2O ProcFS OSM v1.316
[    4.822912] Fusion MPT base driver 3.04.12
[    4.822991] Copyright (c) 1999-2008 LSI Corporation
[    4.823071] Fusion MPT SPI Host driver 3.04.12
[    4.823224] Fusion MPT FC Host driver 3.04.12
[    4.823326] Fusion MPT SAS Host driver 3.04.12
[    4.823473] ohci1394 0000:15:00.1: PCI INT B -> GSI 17 (level, low) -> IRQ 17
[    4.823568] ohci1394 0000:15:00.1: setting latency timer to 64
[    4.877195] ohci1394: fw-host0: OHCI-1394 1.1 (PCI): IRQ=[17]  MMIO=[f8301000-f83017ff]  Max Packet=[2048]  IR/IT contexts=[4/4]
[    4.880456] ehci_hcd: USB 2.0 'Enhanced' Host Controller (EHCI) Driver
[    4.880717] ehci_hcd 0000:00:1a.7: power state changed by ACPI to D0
[    4.881003] ehci_hcd 0000:00:1a.7: power state changed by ACPI to D0
[    4.881090] ehci_hcd 0000:00:1a.7: PCI INT C -> GSI 22 (level, low) -> IRQ 22
[    4.881184] ehci_hcd 0000:00:1a.7: setting latency timer to 64
[    4.881187] ehci_hcd 0000:00:1a.7: EHCI Host Controller
[    4.881324] ehci_hcd 0000:00:1a.7: new USB bus registered, assigned bus number 1
[    4.885363] ehci_hcd 0000:00:1a.7: cache line size of 32 is not supported
[    4.885370] ehci_hcd 0000:00:1a.7: irq 22, io mem 0xfe226c00
[    4.895157] ehci_hcd 0000:00:1a.7: USB 2.0 started, EHCI 1.00
[    4.895258] usb usb1: New USB device found, idVendor=1d6b, idProduct=0002
[    4.895349] usb usb1: New USB device strings: Mfr=3, Product=2, SerialNumber=1
[    4.895461] usb usb1: Product: EHCI Host Controller
[    4.895539] usb usb1: Manufacturer: Linux 2.6.32.57 ehci_hcd
[    4.895619] usb usb1: SerialNumber: 0000:00:1a.7
[    4.895753] usb usb1: configuration #1 chosen from 1 choice
[    4.895878] hub 1-0:1.0: USB hub found
[    4.895964] hub 1-0:1.0: 4 ports detected
[    4.896269] ehci_hcd 0000:00:1d.7: power state changed by ACPI to D0
[    4.896512] ehci_hcd 0000:00:1d.7: power state changed by ACPI to D0
[    4.896608] ehci_hcd 0000:00:1d.7: PCI INT D -> GSI 19 (level, low) -> IRQ 19
[    4.896705] ehci_hcd 0000:00:1d.7: setting latency timer to 64
[    4.896710] ehci_hcd 0000:00:1d.7: EHCI Host Controller
[    4.896827] ehci_hcd 0000:00:1d.7: new USB bus registered, assigned bus number 2
[    4.896979] ehci_hcd 0000:00:1d.7: debug port 1
[    4.900958] ehci_hcd 0000:00:1d.7: cache line size of 32 is not supported
[    4.900967] ehci_hcd 0000:00:1d.7: irq 19, io mem 0xfe227000
[    4.911159] ehci_hcd 0000:00:1d.7: USB 2.0 started, EHCI 1.00
[    4.911259] usb usb2: New USB device found, idVendor=1d6b, idProduct=0002
[    4.911357] usb usb2: New USB device strings: Mfr=3, Product=2, SerialNumber=1
[    4.911468] usb usb2: Product: EHCI Host Controller
[    4.911559] usb usb2: Manufacturer: Linux 2.6.32.57 ehci_hcd
[    4.911639] usb usb2: SerialNumber: 0000:00:1d.7
[    4.911777] usb usb2: configuration #1 chosen from 1 choice
[    4.911896] hub 2-0:1.0: USB hub found
[    4.911988] hub 2-0:1.0: 6 ports detected
[    4.912178] 116x: driver isp116x-hcd, 03 Nov 2005
[    4.912275] ohci_hcd: USB 1.1 'Open' Host Controller (OHCI) Driver
[    4.912378] uhci_hcd: USB Universal Host Controller Interface driver
[    4.912477] uhci_hcd 0000:00:1a.0: PCI INT A -> GSI 20 (level, low) -> IRQ 20
[    4.912566] uhci_hcd 0000:00:1a.0: setting latency timer to 64
[    4.912569] uhci_hcd 0000:00:1a.0: UHCI Host Controller
[    4.912687] uhci_hcd 0000:00:1a.0: new USB bus registered, assigned bus number 3
[    4.912832] uhci_hcd 0000:00:1a.0: irq 20, io base 0x00001860
[    4.912938] usb usb3: New USB device found, idVendor=1d6b, idProduct=0001
[    4.913031] usb usb3: New USB device strings: Mfr=3, Product=2, SerialNumber=1
[    4.913142] usb usb3: Product: UHCI Host Controller
[    4.913239] usb usb3: Manufacturer: Linux 2.6.32.57 uhci_hcd
[    4.913319] usb usb3: SerialNumber: 0000:00:1a.0
[    4.913456] usb usb3: configuration #1 chosen from 1 choice
[    4.913564] hub 3-0:1.0: USB hub found
[    4.913651] hub 3-0:1.0: 2 ports detected
[    4.913978] uhci_hcd 0000:00:1a.1: power state changed by ACPI to D0
[    4.914223] uhci_hcd 0000:00:1a.1: power state changed by ACPI to D0
[    4.914313] uhci_hcd 0000:00:1a.1: PCI INT B -> GSI 21 (level, low) -> IRQ 21
[    4.914401] uhci_hcd 0000:00:1a.1: setting latency timer to 64
[    4.914406] uhci_hcd 0000:00:1a.1: UHCI Host Controller
[    4.914530] uhci_hcd 0000:00:1a.1: new USB bus registered, assigned bus number 4
[    4.914673] uhci_hcd 0000:00:1a.1: irq 21, io base 0x00001880
[    4.914784] usb usb4: New USB device found, idVendor=1d6b, idProduct=0001
[    4.914869] usb usb4: New USB device strings: Mfr=3, Product=2, SerialNumber=1
[    4.914980] usb usb4: Product: UHCI Host Controller
[    4.915060] usb usb4: Manufacturer: Linux 2.6.32.57 uhci_hcd
[    4.915148] usb usb4: SerialNumber: 0000:00:1a.1
[    4.915283] usb usb4: configuration #1 chosen from 1 choice
[    4.915399] hub 4-0:1.0: USB hub found
[    4.915490] hub 4-0:1.0: 2 ports detected
[    4.915787] uhci_hcd 0000:00:1d.0: power state changed by ACPI to D0
[    4.916020] uhci_hcd 0000:00:1d.0: power state changed by ACPI to D0
[    4.916116] uhci_hcd 0000:00:1d.0: PCI INT A -> GSI 16 (level, low) -> IRQ 16
[    4.916213] uhci_hcd 0000:00:1d.0: setting latency timer to 64
[    4.916216] uhci_hcd 0000:00:1d.0: UHCI Host Controller
[    4.916342] uhci_hcd 0000:00:1d.0: new USB bus registered, assigned bus number 5
[    4.916486] uhci_hcd 0000:00:1d.0: irq 16, io base 0x000018a0
[    4.916592] usb usb5: New USB device found, idVendor=1d6b, idProduct=0001
[    4.916675] usb usb5: New USB device strings: Mfr=3, Product=2, SerialNumber=1
[    4.916789] usb usb5: Product: UHCI Host Controller
[    4.916868] usb usb5: Manufacturer: Linux 2.6.32.57 uhci_hcd
[    4.916950] usb usb5: SerialNumber: 0000:00:1d.0
[    4.917088] usb usb5: configuration #1 chosen from 1 choice
[    4.917207] hub 5-0:1.0: USB hub found
[    4.917297] hub 5-0:1.0: 2 ports detected
[    4.917440] uhci_hcd 0000:00:1d.1: PCI INT B -> GSI 17 (level, low) -> IRQ 17
[    4.917530] uhci_hcd 0000:00:1d.1: setting latency timer to 64
[    4.917533] uhci_hcd 0000:00:1d.1: UHCI Host Controller
[    4.917652] uhci_hcd 0000:00:1d.1: new USB bus registered, assigned bus number 6
[    4.917796] uhci_hcd 0000:00:1d.1: irq 17, io base 0x000018c0
[    4.917915] usb usb6: New USB device found, idVendor=1d6b, idProduct=0001
[    4.918002] usb usb6: New USB device strings: Mfr=3, Product=2, SerialNumber=1
[    4.918114] usb usb6: Product: UHCI Host Controller
[    4.918210] usb usb6: Manufacturer: Linux 2.6.32.57 uhci_hcd
[    4.918297] usb usb6: SerialNumber: 0000:00:1d.1
[    4.918422] usb usb6: configuration #1 chosen from 1 choice
[    4.918535] hub 6-0:1.0: USB hub found
[    4.918617] hub 6-0:1.0: 2 ports detected
[    4.918910] uhci_hcd 0000:00:1d.2: power state changed by ACPI to D0
[    4.919147] uhci_hcd 0000:00:1d.2: power state changed by ACPI to D0
[    4.919248] uhci_hcd 0000:00:1d.2: PCI INT C -> GSI 18 (level, low) -> IRQ 18
[    4.919341] uhci_hcd 0000:00:1d.2: setting latency timer to 64
[    4.919344] uhci_hcd 0000:00:1d.2: UHCI Host Controller
[    4.919467] uhci_hcd 0000:00:1d.2: new USB bus registered, assigned bus number 7
[    4.919610] uhci_hcd 0000:00:1d.2: irq 18, io base 0x000018e0
[    4.919718] usb usb7: New USB device found, idVendor=1d6b, idProduct=0001
[    4.919807] usb usb7: New USB device strings: Mfr=3, Product=2, SerialNumber=1
[    4.919920] usb usb7: Product: UHCI Host Controller
[    4.920006] usb usb7: Manufacturer: Linux 2.6.32.57 uhci_hcd
[    4.920097] usb usb7: SerialNumber: 0000:00:1d.2
[    4.920891] usb usb7: configuration #1 chosen from 1 choice
[    4.921006] hub 7-0:1.0: USB hub found
[    4.921090] hub 7-0:1.0: 2 ports detected
[    4.921252] sl811: driver sl811-hcd, 19 May 2005
[    4.921358] r8a66597_hcd: driver r8a66597_hcd, 2009-05-26
[    4.921519] Initializing USB Mass Storage driver...
[    4.921645] usbcore: registered new interface driver usb-storage
[    4.921732] USB Mass Storage support registered.
[    4.921840] usbcore: registered new interface driver ums-alauda
[    4.921941] usbcore: registered new interface driver ums-cypress
[    4.922048] usbcore: registered new interface driver ums-datafab
[    4.922147] usbcore: registered new interface driver ums-freecom
[    4.922252] usbcore: registered new interface driver ums-isd200
[    4.922356] usbcore: registered new interface driver ums-jumpshot
[    4.922460] usbcore: registered new interface driver ums-karma
[    4.922562] usbcore: registered new interface driver ums-onetouch
[    4.922670] usbcore: registered new interface driver ums-sddr09
[    4.922769] usbcore: registered new interface driver ums-sddr55
[    4.922872] usbcore: registered new interface driver ums-usbat
[    4.923006] PNP: PS/2 Controller [PNP0303:KBD,PNP0f13:MOU] at 0x60,0x64 irq 1,12
[    4.932685] serio: i8042 KBD port at 0x60,0x64 irq 1
[    4.932770] serio: i8042 AUX port at 0x60,0x64 irq 12
[    4.933007] mice: PS/2 mouse device common for all mice
[    4.933110] i2c /dev entries driver
[    4.933243] md: linear personality registered for level -1
[    4.933324] md: raid0 personality registered for level 0
[    4.933405] md: raid1 personality registered for level 1
[    4.933488] md: raid10 personality registered for level 10
[    4.933576] md: raid6 personality registered for level 6
[    4.933656] md: raid5 personality registered for level 5
[    4.933740] md: raid4 personality registered for level 4
[    4.933827] md: multipath personality registered for level -4
[    4.934006] device-mapper: ioctl: 4.15.0-ioctl (2009-04-01) initialised: dm-devel@redhat.com
[    4.934211] cpuidle: using governor ladder
[    4.934812] usbcore: registered new interface driver usbhid
[    4.934893] usbhid: v2.6:USB HID core driver
[    4.935034] random 0000 0000 0000 00000000 00000000: rand_read_num 4 get_random_bytes(136): sig 00000000 00000000 00000000
[    4.935037] random 0000 0000 0000 00000000 00000000: extract_entropy(.. 136 ..)
[    4.935039] random 0000 0000 0000 00000000 00000000: going to reseed nonblocking with 1024 bits (1088 of 0 requested)
[    4.935042] random 0000 0000 0000 00000000 00000000: extract_entropy(.. 128 ..)
[    4.935044] random 0000 0000 0000 00000000 00000000: trying to extract 1024 bits from input
[    4.935046] random 0000 0000 0000 00000000 00000000: debiting 0 entropy credits from input
[    4.935048] random 0000 0000 0000 00000000 00000000: extract_entropy account returned: 0 
[    4.935051] random 0000 0000 0000 00000000 00000000: urand_change_num 7 xfer_secondary_pool(136): pool_sig 00000000, data_sig 00000000, bytes_mixed 0 00000000 00000000
[    4.935054] random 0000 0000 0000 00000000 00000000: trying to extract 1088 bits from nonblocking
[    4.935056] random 0000 0000 0000 00000000 00000000: debiting 1088 entropy credits from nonblocking (unlimited)
[    4.935058] random 0000 0000 0000 00000000 00000000: extract_entropy account returned: 136 
[    4.935063] random 0000 0000 0000 00000000 00000000: urand_change_num 8 extract_buf: pool_sig 00000000, data_sig fffffff9, bytes_mixed 20 00000000 00000000
[    4.935068] random 0000 0000 0000 b7c35b56 be4dc95d: urand_change_num 9 extract_buf: pool_sig fffffd1e, data_sig 000000c5, bytes_mixed 20 b7c35b56 be4dc95d
[    4.935073] random 0000 0000 0000 ed9f5c47 c48487fb: urand_change_num 10 extract_buf: pool_sig fffff8ec, data_sig ffffff68, bytes_mixed 20 ed9f5c47 c48487fb
[    4.935079] random 0000 0000 0000 ed9f5c47 c48487fb: urand_change_num 11 extract_buf: pool_sig fffffaed, data_sig 000001aa, bytes_mixed 20 ed9f5c47 c48487fb
[    4.935084] random 0000 0000 0000 1b4f7c0a 91bd6a48: urand_change_num 12 extract_buf: pool_sig fffffdd8, data_sig 00000064, bytes_mixed 20 1b4f7c0a 91bd6a48
[    4.935089] random 0000 0000 0000 a254b9bc 20e9a24f: urand_change_num 13 extract_buf: pool_sig fffffbe6, data_sig 000001dd, bytes_mixed 20 a254b9bc 20e9a24f
[    4.935094] random 0000 0000 0000 a254b9bc 20e9a24f: urand_change_num 14 extract_buf: pool_sig fffff940, data_sig fffffe20, bytes_mixed 20 a254b9bc 20e9a24f
[    4.935100] random 0000 0000 0000 2831a66b 5fa2a3ad: urand_change_num 15 extract_buf: pool_sig fffffbce, data_sig 0000007e, bytes_mixed 20 2831a66b 5fa2a3ad
[    4.935105] random 0000 0000 0000 2831a66b 5fa2a3ad: urand_change_num 16 extract_buf: pool_sig 000004df, data_sig fffffe8f, bytes_mixed 20 2831a66b 5fa2a3ad
[    4.935110] random 0000 0000 0000 d4512bfd c9a54e0b: urand_change_num 17 extract_buf: pool_sig 00000485, data_sig fffffe68, bytes_mixed 20 d4512bfd c9a54e0b
[    4.935115] random 0000 0000 0000 c7371be6 f9ffea11: urand_change_num 18 extract_buf: pool_sig 00000095, data_sig ffffffed, bytes_mixed 20 c7371be6 f9ffea11
[    4.935120] random 0000 0000 0000 c7371be6 f9ffea11: urand_change_num 19 extract_buf: pool_sig 000003a7, data_sig fffffefa, bytes_mixed 20 c7371be6 f9ffea11
[    4.935125] random 0000 0000 0000 8fb4b62c d1ddba54: urand_change_num 20 extract_buf: pool_sig 00000179, data_sig ffffff78, bytes_mixed 20 8fb4b62c d1ddba54
[    4.935130] random 0000 0000 0000 9ff19f9c c07a1d2a: urand_change_num 21 extract_buf: pool_sig fffffe88, data_sig 00000126, bytes_mixed 20 9ff19f9c c07a1d2a
[    4.935135] TCP cubic registered
[    4.935227] Initializing XFRM netlink socket
[    4.935323] NET: Registered protocol family 17
[    4.935409] Using IPI Shortcut mode
[    4.935502] random 0000 0000 0000 9ff19f9c c07a1d2a: rand_read_num 5 get_random_bytes(8): sig 0000031b 9ff19f9c c07a1d2a
[    4.935504] random 0000 0000 0000 9ff19f9c c07a1d2a: extract_entropy(.. 8 ..)
[    4.935507] random 0000 0000 0000 9ff19f9c c07a1d2a: going to reseed nonblocking with 64 bits (64 of 0 requested)
[    4.935509] random 0000 0000 0000 9ff19f9c c07a1d2a: extract_entropy(.. 8 ..)
[    4.935511] random 0000 0000 0000 9ff19f9c c07a1d2a: trying to extract 64 bits from input
[    4.935513] random 0000 0000 0000 9ff19f9c c07a1d2a: debiting 0 entropy credits from input
[    4.935515] random 0000 0000 0000 9ff19f9c c07a1d2a: extract_entropy account returned: 0 
[    4.935518] random 0000 0000 0000 9ff19f9c c07a1d2a: urand_change_num 22 xfer_secondary_pool(8): pool_sig 0000031b, data_sig 00000000, bytes_mixed 0 9ff19f9c c07a1d2a
[    4.935521] random 0000 0000 0000 9ff19f9c c07a1d2a: trying to extract 64 bits from nonblocking
[    4.935523] random 0000 0000 0000 9ff19f9c c07a1d2a: debiting 64 entropy credits from nonblocking (unlimited)
[    4.935525] random 0000 0000 0000 9ff19f9c c07a1d2a: extract_entropy account returned: 8 
[    4.935529] random 0000 0000 0000 9ff19f9c c07a1d2a: urand_change_num 23 extract_buf: pool_sig 0000031b, data_sig ffffffb3, bytes_mixed 20 9ff19f9c c07a1d2a
[    4.938409] input: AT Translated Set 2 keyboard as /devices/platform/i8042/serio0/input/input1
[    5.128182] ata3: SATA link down (SStatus 0 SControl 300)
[    5.128298] ata1: SATA link up 1.5 Gbps (SStatus 113 SControl 300)
[    5.130382] ata1.00: ACPI cmd ef/02:00:00:00:00:a0 (SET FEATURES) succeeded
[    5.130385] ata1.00: ACPI cmd f5/00:00:00:00:00:a0 (SECURITY FREEZE LOCK) filtered out
[    5.131775] ata1.00: ACPI cmd ef/5f:00:00:00:00:a0 (SET FEATURES) succeeded
[    5.131777] ata1.00: ACPI cmd ef/10:03:00:00:00:a0 (SET FEATURES) filtered out
[    5.133685] ata1.00: ATA-7: ST910021AS, 4.06, max UDMA/100
[    5.133773] ata1.00: 195371568 sectors, multi 16: LBA48 
[    5.135924] ata1.00: ACPI cmd ef/02:00:00:00:00:a0 (SET FEATURES) succeeded
[    5.135927] ata1.00: ACPI cmd f5/00:00:00:00:00:a0 (SECURITY FREEZE LOCK) filtered out
[    5.137323] ata1.00: ACPI cmd ef/5f:00:00:00:00:a0 (SET FEATURES) succeeded
[    5.137325] ata1.00: ACPI cmd ef/10:03:00:00:00:a0 (SET FEATURES) filtered out
[    5.139249] ata1.00: configured for UDMA/100
[    5.150239] scsi 2:0:0:0: Direct-Access     ATA      ST910021AS       4.06 PQ: 0 ANSI: 5
[    5.150511] sd 2:0:0:0: [sda] 195371568 512-byte logical blocks: (100 GB/93.1 GiB)
[    5.150652] sd 2:0:0:0: [sda] Write Protect is off
[    5.150732] sd 2:0:0:0: [sda] Mode Sense: 00 3a 00 00
[    5.150744] sd 2:0:0:0: [sda] Write cache: enabled, read cache: enabled, doesn't support DPO or FUA
[    5.150928]  sda:
[    5.215178] usb 2-1: new high speed USB device using ehci_hcd and address 2
[    5.364763] usb 2-1: New USB device found, idVendor=0e8d, idProduct=1806
[    5.364855] usb 2-1: New USB device strings: Mfr=1, Product=2, SerialNumber=3
[    5.364940] usb 2-1: Product: MT1806 
[    5.365025] usb 2-1: Manufacturer: MediaTek Inc
[    5.365110] usb 2-1: SerialNumber: R8KN6GAC800AEB 
[    5.365243] usb 2-1: configuration #1 chosen from 1 choice
[    5.371554] scsi5 : SCSI emulation for USB Mass Storage devices
[    5.371719] usb-storage: device found at 2
[    5.371720] usb-storage: waiting for device to settle before scanning
[    5.564430]  sda1 sda2
[    5.565156] sd 2:0:0:0: [sda] Attached SCSI disk
[    5.565249] random 0000 0000 0000 277f73c3 42024bb9: rand_read_num 6 get_random_bytes(12): sig 000007e9 277f73c3 42024bb9
[    5.565251] random 0000 0000 0000 277f73c3 42024bb9: extract_entropy(.. 12 ..)
[    5.565254] random 0000 0000 0000 277f73c3 42024bb9: going to reseed nonblocking with 96 bits (96 of 0 requested)
[    5.565256] random 0000 0000 0000 277f73c3 42024bb9: extract_entropy(.. 12 ..)
[    5.565258] random 0000 0000 0000 277f73c3 42024bb9: trying to extract 96 bits from input
[    5.565260] random 0000 0000 0000 277f73c3 42024bb9: debiting 0 entropy credits from input
[    5.565262] random 0000 0000 0000 277f73c3 42024bb9: extract_entropy account returned: 0 
[    5.565265] random 0000 0000 0000 277f73c3 42024bb9: urand_change_num 24 xfer_secondary_pool(12): pool_sig 000007e9, data_sig 00000000, bytes_mixed 0 277f73c3 42024bb9
[    5.565268] random 0000 0000 0000 277f73c3 42024bb9: trying to extract 96 bits from nonblocking
[    5.565270] random 0000 0000 0000 277f73c3 42024bb9: debiting 96 entropy credits from nonblocking (unlimited)
[    5.565272] random 0000 0000 0000 277f73c3 42024bb9: extract_entropy account returned: 12 
[    5.565276] random 0000 0000 0000 277f73c3 42024bb9: urand_change_num 25 extract_buf: pool_sig 000007e9, data_sig 00000088, bytes_mixed 20 277f73c3 42024bb9
[    5.565282] random 0000 0000 0000 277f73c3 42024bb9: urand_change_num 26 extract_buf: pool_sig 00000498, data_sig fffffefb, bytes_mixed 20 277f73c3 42024bb9
[    5.565285] RANDOM - __seed init called.
[    5.565286] RANDOM - __seed init called.
[    5.565287] RANDOM - __seed init called.
[    5.565288] RANDOM - __random32 called. Change num 12.  Value: 87f14767	f0d7351	b1e48bd3
[    5.565290] RANDOM - random32_reseed called.  Value: 87f14767	f0d7351	b1e48bd3
[    5.565293] Pid: 1, comm: swapper Not tainted 2.6.32.57 #3
[    5.565372] Call Trace:
[    5.565474]  [<c1923ca4>] ? random32_reseed+0xa0/0xb1
[    5.565563]  [<c1923c04>] ? random32_reseed+0x0/0xb1
[    5.565657]  [<c100111e>] ? do_one_initcall+0x2e/0x180
[    5.565747]  [<c1907265>] ? kernel_init+0xad/0x103
[    5.565834]  [<c19071b8>] ? kernel_init+0x0/0x103
[    5.565928]  [<c1003787>] ? kernel_thread_helper+0x7/0x10
[    5.566464] random 0000 0000 0000 386b4e60 ee4d4880: rand_read_num 7 get_random_bytes(64): sig fffffea5 386b4e60 ee4d4880
[    5.566466] random 0000 0000 0000 386b4e60 ee4d4880: extract_entropy(.. 64 ..)
[    5.566469] random 0000 0000 0000 386b4e60 ee4d4880: going to reseed nonblocking with 512 bits (512 of 0 requested)
[    5.566471] random 0000 0000 0000 386b4e60 ee4d4880: extract_entropy(.. 64 ..)
[    5.566473] random 0000 0000 0000 386b4e60 ee4d4880: trying to extract 512 bits from input
[    5.566475] random 0000 0000 0000 386b4e60 ee4d4880: debiting 0 entropy credits from input
[    5.566477] random 0000 0000 0000 386b4e60 ee4d4880: extract_entropy account returned: 0 
[    5.566480] random 0000 0000 0000 386b4e60 ee4d4880: urand_change_num 27 xfer_secondary_pool(64): pool_sig fffffea5, data_sig 00000000, bytes_mixed 0 386b4e60 ee4d4880
[    5.566483] random 0000 0000 0000 386b4e60 ee4d4880: trying to extract 512 bits from nonblocking
[    5.566485] random 0000 0000 0000 386b4e60 ee4d4880: debiting 512 entropy credits from nonblocking (unlimited)
[    5.566487] random 0000 0000 0000 386b4e60 ee4d4880: extract_entropy account returned: 64 
[    5.566491] random 0000 0000 0000 386b4e60 ee4d4880: urand_change_num 28 extract_buf: pool_sig fffffea5, data_sig 00000173, bytes_mixed 20 386b4e60 ee4d4880
[    5.566497] random 0000 0000 0000 412698f6 0cc8689a: urand_change_num 29 extract_buf: pool_sig 00000122, data_sig ffffff63, bytes_mixed 20 412698f6 0cc8689a
[    5.566502] random 0000 0000 0000 412698f6 0cc8689a: urand_change_num 30 extract_buf: pool_sig 000001f7, data_sig 00000012, bytes_mixed 20 412698f6 0cc8689a
[    5.566507] random 0000 0000 0000 9669941e 06f768b1: urand_change_num 31 extract_buf: pool_sig fffffb5b, data_sig 0000003f, bytes_mixed 20 9669941e 06f768b1
[    5.566513] random 0000 0000 0000 98486520 995551f0: urand_change_num 32 extract_buf: pool_sig fffffb39, data_sig 0000000e, bytes_mixed 20 98486520 995551f0
[    5.566518] random 0000 0000 0000 98486520 995551f0: urand_change_num 33 extract_buf: pool_sig fffffd8d, data_sig 000001a6, bytes_mixed 20 98486520 995551f0
[    5.566523] random 0000 0000 0000 61fc8914 d5882ed2: urand_change_num 34 extract_buf: pool_sig fffffa58, data_sig 0000023e, bytes_mixed 20 61fc8914 d5882ed2
[    5.566552] random 0000 0000 0000 61fc8914 d5882ed2: rand_read_num 8 get_random_bytes(64): sig fffff9ee 61fc8914 d5882ed2
[    5.566554] random 0000 0000 0000 61fc8914 d5882ed2: extract_entropy(.. 64 ..)
[    5.566557] random 0000 0000 0000 61fc8914 d5882ed2: going to reseed nonblocking with 512 bits (512 of 0 requested)
[    5.566559] random 0000 0000 0000 61fc8914 d5882ed2: extract_entropy(.. 64 ..)
[    5.566561] random 0000 0000 0000 61fc8914 d5882ed2: trying to extract 512 bits from input
[    5.566563] random 0000 0000 0000 61fc8914 d5882ed2: debiting 0 entropy credits from input
[    5.566565] random 0000 0000 0000 61fc8914 d5882ed2: extract_entropy account returned: 0 
[    5.566568] random 0000 0000 0000 61fc8914 d5882ed2: urand_change_num 35 xfer_secondary_pool(64): pool_sig fffff9ee, data_sig 00000000, bytes_mixed 0 61fc8914 d5882ed2
[    5.566571] random 0000 0000 0000 61fc8914 d5882ed2: trying to extract 512 bits from nonblocking
[    5.566573] random 0000 0000 0000 61fc8914 d5882ed2: debiting 512 entropy credits from nonblocking (unlimited)
[    5.566575] random 0000 0000 0000 61fc8914 d5882ed2: extract_entropy account returned: 64 
[    5.566579] random 0000 0000 0000 61fc8914 d5882ed2: urand_change_num 36 extract_buf: pool_sig fffff9ee, data_sig ffffff85, bytes_mixed 20 61fc8914 d5882ed2
[    5.566584] random 0000 0000 0000 70cfd302 e5edec11: urand_change_num 37 extract_buf: pool_sig fffffdc1, data_sig ffffffde, bytes_mixed 20 70cfd302 e5edec11
[    5.566590] random 0000 0000 0000 00dab838 eafd2b30: urand_change_num 38 extract_buf: pool_sig 000003da, data_sig ffffff61, bytes_mixed 20 00dab838 eafd2b30
[    5.566595] random 0000 0000 0000 00dab838 eafd2b30: urand_change_num 39 extract_buf: pool_sig 00000314, data_sig 00000121, bytes_mixed 20 00dab838 eafd2b30
[    5.566600] random 0000 0000 0000 5fcdf66a 6442b608: urand_change_num 40 extract_buf: pool_sig 0000028b, data_sig fffffefd, bytes_mixed 20 5fcdf66a 6442b608
[    5.566605] random 0000 0000 0000 61333f6b 8fae0f9b: urand_change_num 41 extract_buf: pool_sig 000000cb, data_sig 000000b3, bytes_mixed 20 61333f6b 8fae0f9b
[    5.566610] random 0000 0000 0000 61333f6b 8fae0f9b: urand_change_num 42 extract_buf: pool_sig fffffef8, data_sig 00000051, bytes_mixed 20 61333f6b 8fae0f9b
[    5.566613] BEGIN NET_SECRET:
[    5.566614] \xffffffe0
[    5.566615] \xffffffb6
[    5.566616] \x36
[    5.566617] \xffffffb5
[    5.566618] \xffffff94
[    5.566618] \xffffffb2
[    5.566619] \xffffffa8
[    5.566620] \xffffffda
[    5.566621] \x5b
[    5.566622] \x19
[    5.566622] \x18
[    5.566623] \x5c
[    5.566624] \x2b
[    5.566625] \x1
[    5.566625] \xffffff90
[    5.566626] \x19
[    5.566627] \x3c
[    5.566627] \xfffffff2
[    5.566628] \xffffff82
[    5.566629] \x2a
[    5.566630] \xffffffb3
[    5.566631] \xffffffa2
[    5.566631] \x3f
[    5.566632] \x5
[    5.566633] \x52
[    5.566634] \x77
[    5.566634] \x57
[    5.566635] \x79
[    5.566636] \x16
[    5.566636] \x43
[    5.566637] \xffffff84
[    5.566638] \xffffffc3
[    5.566639] \xffffffe9
[    5.566639] \x79
[    5.566640] \x50
[    5.566641] \xffffff8e
[    5.566642] \x3f
[    5.566642] \xfffffff3
[    5.566643] \x19
[    5.566644] \x2a
[    5.566644] \xfffffffd
[    5.566645] \xfffffffb
[    5.566646] \x62
[    5.566647] \x3c
[    5.566647] \xffffffac
[    5.566648] \x1c
[    5.566649] \x3b
[    5.566650] \x3b
[    5.566650] \x15
[    5.566651] \x27
[    5.566652] \xffffffa8
[    5.566653] \x22
[    5.566653] \xffffffc5
[    5.566654] \xffffff9a
[    5.566655] \x5
[    5.566656] \x6c
[    5.566656] \xffffffa8
[    5.566657] \x3a
[    5.566658] \x44
[    5.566659] \xffffffaf
[    5.566659] \x13
[    5.566660] \xffffffe0
[    5.566661] \xffffff9d
[    5.566662] \x22
[    5.566662] 
[    5.566663] END NET_SECRET
[    5.566666] random 0000 0000 0000 e7f555d9 e8ce5c3c: rand_read_num 9 get_random_bytes(4): sig 0000068c e7f555d9 e8ce5c3c
[    5.566668] random 0000 0000 0000 e7f555d9 e8ce5c3c: extract_entropy(.. 4 ..)
[    5.566670] random 0000 0000 0000 e7f555d9 e8ce5c3c: going to reseed nonblocking with 64 bits (32 of 0 requested)
[    5.566672] random 0000 0000 0000 e7f555d9 e8ce5c3c: extract_entropy(.. 8 ..)
[    5.566674] random 0000 0000 0000 e7f555d9 e8ce5c3c: trying to extract 64 bits from input
[    5.566676] random 0000 0000 0000 e7f555d9 e8ce5c3c: debiting 0 entropy credits from input
[    5.566678] random 0000 0000 0000 e7f555d9 e8ce5c3c: extract_entropy account returned: 0 
[    5.566681] random 0000 0000 0000 e7f555d9 e8ce5c3c: urand_change_num 43 xfer_secondary_pool(4): pool_sig 0000068c, data_sig 00000000, bytes_mixed 0 e7f555d9 e8ce5c3c
[    5.566684] random 0000 0000 0000 e7f555d9 e8ce5c3c: trying to extract 32 bits from nonblocking
[    5.566686] random 0000 0000 0000 e7f555d9 e8ce5c3c: debiting 32 entropy credits from nonblocking (unlimited)
[    5.566688] random 0000 0000 0000 e7f555d9 e8ce5c3c: extract_entropy account returned: 4 
[    5.566692] random 0000 0000 0000 e7f555d9 e8ce5c3c: urand_change_num 44 extract_buf: pool_sig 0000068c, data_sig fffffdcb, bytes_mixed 20 e7f555d9 e8ce5c3c
[    5.566703] md: Waiting for all devices to be available before autodetect
[    5.566789] md: If you don't use raid, use raid=noautodetect
[    5.566949] md: Autodetecting RAID arrays.
[    5.567029] md: Scanned 0 and added 0 devices.
[    5.567112] md: autorun ...
[    5.567195] md: ... autorun DONE.
[    5.581889] EXT3-fs: sda2: couldn't mount because of unsupported optional features (240).
[    5.582112] EXT2-fs: sda2: couldn't mount because of unsupported optional features (240).
[    5.583338] random 0000 0000 0000 e7f555d9 e8ce5c3c: rand_read_num 10 get_random_bytes(4): sig ffffff72 e7f555d9 e8ce5c3c
[    5.583340] random 0000 0000 0000 e7f555d9 e8ce5c3c: extract_entropy(.. 4 ..)
[    5.583343] random 0000 0000 0000 e7f555d9 e8ce5c3c: going to reseed nonblocking with 64 bits (32 of 0 requested)
[    5.583345] random 0000 0000 0000 e7f555d9 e8ce5c3c: extract_entropy(.. 8 ..)
[    5.583347] random 0000 0000 0000 e7f555d9 e8ce5c3c: trying to extract 64 bits from input
[    5.583349] random 0000 0000 0000 e7f555d9 e8ce5c3c: debiting 0 entropy credits from input
[    5.583351] random 0000 0000 0000 e7f555d9 e8ce5c3c: extract_entropy account returned: 0 
[    5.583354] random 0000 0000 0000 e7f555d9 e8ce5c3c: urand_change_num 45 xfer_secondary_pool(4): pool_sig ffffff72, data_sig 00000000, bytes_mixed 0 e7f555d9 e8ce5c3c
[    5.583357] random 0000 0000 0000 e7f555d9 e8ce5c3c: trying to extract 32 bits from nonblocking
[    5.583359] random 0000 0000 0000 e7f555d9 e8ce5c3c: debiting 32 entropy credits from nonblocking (unlimited)
[    5.583361] random 0000 0000 0000 e7f555d9 e8ce5c3c: extract_entropy account returned: 4 
[    5.583365] random 0000 0000 0000 e7f555d9 e8ce5c3c: urand_change_num 46 extract_buf: pool_sig ffffff72, data_sig ffffff72, bytes_mixed 20 e7f555d9 e8ce5c3c
[    5.618567] EXT4-fs (sda2): mounted filesystem with ordered data mode
[    5.618752] VFS: Mounted root (ext4 filesystem) readonly on device 8:2.
[    5.618855] Freeing unused kernel memory: 448k freed
[    5.689204] random 0000 0000 0000 91716c54 eeb6a1e7: rand_read_num 11 get_random_bytes(16): sig fffffcad 91716c54 eeb6a1e7
[    5.689207] random 0000 0000 0000 91716c54 eeb6a1e7: extract_entropy(.. 16 ..)
[    5.689209] random 0000 0000 0000 91716c54 eeb6a1e7: going to reseed nonblocking with 128 bits (128 of 0 requested)
[    5.689211] random 0000 0000 0000 91716c54 eeb6a1e7: extract_entropy(.. 16 ..)
[    5.689213] random 0000 0000 0000 91716c54 eeb6a1e7: trying to extract 128 bits from input
[    5.689215] random 0000 0000 0000 91716c54 eeb6a1e7: debiting 0 entropy credits from input
[    5.689217] random 0000 0000 0000 91716c54 eeb6a1e7: extract_entropy account returned: 0 
[    5.689220] random 0000 0000 0000 91716c54 eeb6a1e7: urand_change_num 47 xfer_secondary_pool(16): pool_sig fffffcad, data_sig 00000000, bytes_mixed 0 91716c54 eeb6a1e7
[    5.689223] random 0000 0000 0000 91716c54 eeb6a1e7: trying to extract 128 bits from nonblocking
[    5.689225] random 0000 0000 0000 91716c54 eeb6a1e7: debiting 128 entropy credits from nonblocking (unlimited)
[    5.689228] random 0000 0000 0000 91716c54 eeb6a1e7: extract_entropy account returned: 16 
[    5.689232] random 0000 0000 0000 91716c54 eeb6a1e7: urand_change_num 48 extract_buf: pool_sig fffffcad, data_sig ffffff19, bytes_mixed 20 91716c54 eeb6a1e7
[    5.689237] random 0000 0000 0000 fd637b06 6cf47bc1: urand_change_num 49 extract_buf: pool_sig fffffede, data_sig ffffffc1, bytes_mixed 20 fd637b06 6cf47bc1
[    5.775961] random 0000 0000 0000 fd637b06 6cf47bc1: rand_read_num 12 get_random_bytes(16): sig 0000033b fd637b06 6cf47bc1
[    5.775963] random 0000 0000 0000 fd637b06 6cf47bc1: extract_entropy(.. 16 ..)
[    5.775966] random 0000 0000 0000 fd637b06 6cf47bc1: going to reseed nonblocking with 128 bits (128 of 0 requested)
[    5.775968] random 0000 0000 0000 fd637b06 6cf47bc1: extract_entropy(.. 16 ..)
[    5.775970] random 0000 0000 0000 fd637b06 6cf47bc1: trying to extract 128 bits from input
[    5.775972] random 0000 0000 0000 fd637b06 6cf47bc1: debiting 0 entropy credits from input
[    5.775974] random 0000 0000 0000 fd637b06 6cf47bc1: extract_entropy account returned: 0 
[    5.775978] random 0000 0000 0000 fd637b06 6cf47bc1: urand_change_num 50 xfer_secondary_pool(16): pool_sig 0000033b, data_sig 00000000, bytes_mixed 0 fd637b06 6cf47bc1
[    5.775980] random 0000 0000 0000 fd637b06 6cf47bc1: trying to extract 128 bits from nonblocking
[    5.775983] random 0000 0000 0000 fd637b06 6cf47bc1: debiting 128 entropy credits from nonblocking (unlimited)
[    5.775985] random 0000 0000 0000 fd637b06 6cf47bc1: extract_entropy account returned: 16 
[    5.775989] random 0000 0000 0000 fd637b06 6cf47bc1: urand_change_num 51 extract_buf: pool_sig 0000033b, data_sig 000000d8, bytes_mixed 20 fd637b06 6cf47bc1
[    5.775995] random 0000 0000 0000 0ec1f012 d4727ca8: urand_change_num 52 extract_buf: pool_sig fffffcf5, data_sig 00000016, bytes_mixed 20 0ec1f012 d4727ca8
[    6.140331] ieee1394: Host added: ID:BUS[0-00:1023]  GUID[00061b032a25f51c]
[    6.141601] random 0000 0000 0000 45b1d0b1 845a73f7: rand_read_num 13 get_random_bytes(16): sig 00000116 45b1d0b1 845a73f7
[    6.141604] random 0000 0000 0000 45b1d0b1 845a73f7: extract_entropy(.. 16 ..)
[    6.141606] random 0000 0000 0000 45b1d0b1 845a73f7: going to reseed nonblocking with 128 bits (128 of 0 requested)
[    6.141609] random 0000 0000 0000 45b1d0b1 845a73f7: extract_entropy(.. 16 ..)
[    6.141611] random 0000 0000 0000 45b1d0b1 845a73f7: trying to extract 128 bits from input
[    6.141613] random 0000 0000 0000 45b1d0b1 845a73f7: debiting 0 entropy credits from input
[    6.141615] random 0000 0000 0000 45b1d0b1 845a73f7: extract_entropy account returned: 0 
[    6.141618] random 0000 0000 0000 45b1d0b1 845a73f7: urand_change_num 53 xfer_secondary_pool(16): pool_sig 00000116, data_sig 00000000, bytes_mixed 0 45b1d0b1 845a73f7
[    6.141621] random 0000 0000 0000 45b1d0b1 845a73f7: trying to extract 128 bits from nonblocking
[    6.141623] random 0000 0000 0000 45b1d0b1 845a73f7: debiting 128 entropy credits from nonblocking (unlimited)
[    6.141625] random 0000 0000 0000 45b1d0b1 845a73f7: extract_entropy account returned: 16 
[    6.141630] random 0000 0000 0000 45b1d0b1 845a73f7: urand_change_num 54 extract_buf: pool_sig 00000116, data_sig fffffd8b, bytes_mixed 20 45b1d0b1 845a73f7
[    6.141635] random 0000 0000 0000 45b1d0b1 845a73f7: urand_change_num 55 extract_buf: pool_sig fffffc05, data_sig 00000109, bytes_mixed 20 45b1d0b1 845a73f7
[    6.185783] random 0000 0000 0000 5012cce3 b8a30621: rand_read_num 14 get_random_bytes(16): sig fffffb93 5012cce3 b8a30621
[    6.185785] random 0000 0000 0000 5012cce3 b8a30621: extract_entropy(.. 16 ..)
[    6.185788] random 0000 0000 0000 5012cce3 b8a30621: going to reseed nonblocking with 128 bits (128 of 0 requested)
[    6.185790] random 0000 0000 0000 5012cce3 b8a30621: extract_entropy(.. 16 ..)
[    6.185792] random 0000 0000 0000 5012cce3 b8a30621: trying to extract 128 bits from input
[    6.185795] random 0000 0000 0000 5012cce3 b8a30621: debiting 0 entropy credits from input
[    6.185797] random 0000 0000 0000 5012cce3 b8a30621: extract_entropy account returned: 0 
[    6.185800] random 0000 0000 0000 5012cce3 b8a30621: urand_change_num 56 xfer_secondary_pool(16): pool_sig fffffb93, data_sig 00000000, bytes_mixed 0 5012cce3 b8a30621
[    6.185803] random 0000 0000 0000 5012cce3 b8a30621: trying to extract 128 bits from nonblocking
[    6.185805] random 0000 0000 0000 5012cce3 b8a30621: debiting 128 entropy credits from nonblocking (unlimited)
[    6.185807] random 0000 0000 0000 5012cce3 b8a30621: extract_entropy account returned: 16 
[    6.185811] random 0000 0000 0000 5012cce3 b8a30621: urand_change_num 57 extract_buf: pool_sig fffffb93, data_sig ffffff35, bytes_mixed 20 5012cce3 b8a30621
[    6.185816] random 0000 0000 0000 5012cce3 b8a30621: urand_change_num 58 extract_buf: pool_sig fffffb9d, data_sig ffffff92, bytes_mixed 20 5012cce3 b8a30621
[    6.187184] random 0000 0000 0000 30a5721d 4b648ff6: rand_read_num 15 get_random_bytes(16): sig fffffeb5 30a5721d 4b648ff6
[    6.187187] random 0000 0000 0000 30a5721d 4b648ff6: extract_entropy(.. 16 ..)
[    6.187190] random 0000 0000 0000 30a5721d 4b648ff6: going to reseed nonblocking with 128 bits (128 of 0 requested)
[    6.187192] random 0000 0000 0000 30a5721d 4b648ff6: extract_entropy(.. 16 ..)
[    6.187194] random 0000 0000 0000 30a5721d 4b648ff6: trying to extract 128 bits from input
[    6.187196] random 0000 0000 0000 30a5721d 4b648ff6: debiting 0 entropy credits from input
[    6.187198] random 0000 0000 0000 30a5721d 4b648ff6: extract_entropy account returned: 0 
[    6.187201] random 0000 0000 0000 30a5721d 4b648ff6: urand_change_num 59 xfer_secondary_pool(16): pool_sig fffffeb5, data_sig 00000000, bytes_mixed 0 30a5721d 4b648ff6
[    6.187204] random 0000 0000 0000 30a5721d 4b648ff6: trying to extract 128 bits from nonblocking
[    6.187206] random 0000 0000 0000 30a5721d 4b648ff6: debiting 128 entropy credits from nonblocking (unlimited)
[    6.187208] random 0000 0000 0000 30a5721d 4b648ff6: extract_entropy account returned: 16 
[    6.187213] random 0000 0000 0000 30a5721d 4b648ff6: urand_change_num 60 extract_buf: pool_sig fffffeb5, data_sig 000000c2, bytes_mixed 20 30a5721d 4b648ff6
[    6.187218] random 0000 0000 0000 89bae1ab 704c432f: urand_change_num 61 extract_buf: pool_sig 0000006e, data_sig fffffefc, bytes_mixed 20 89bae1ab 704c432f
[    6.187767] random 0000 0000 0000 89bae1ab 704c432f: rand_read_num 16 get_random_bytes(16): sig fffffd99 89bae1ab 704c432f
[    6.187770] random 0000 0000 0000 89bae1ab 704c432f: extract_entropy(.. 16 ..)
[    6.187773] random 0000 0000 0000 89bae1ab 704c432f: going to reseed nonblocking with 128 bits (128 of 0 requested)
[    6.187775] random 0000 0000 0000 89bae1ab 704c432f: extract_entropy(.. 16 ..)
[    6.187777] random 0000 0000 0000 89bae1ab 704c432f: trying to extract 128 bits from input
[    6.187779] random 0000 0000 0000 89bae1ab 704c432f: debiting 0 entropy credits from input
[    6.187781] random 0000 0000 0000 89bae1ab 704c432f: extract_entropy account returned: 0 
[    6.187784] random 0000 0000 0000 89bae1ab 704c432f: urand_change_num 62 xfer_secondary_pool(16): pool_sig fffffd99, data_sig 00000000, bytes_mixed 0 89bae1ab 704c432f
[    6.187787] random 0000 0000 0000 89bae1ab 704c432f: trying to extract 128 bits from nonblocking
[    6.187790] random 0000 0000 0000 89bae1ab 704c432f: debiting 128 entropy credits from nonblocking (unlimited)
[    6.187792] random 0000 0000 0000 89bae1ab 704c432f: extract_entropy account returned: 16 
[    6.187796] random 0000 0000 0000 89bae1ab 704c432f: urand_change_num 63 extract_buf: pool_sig fffffd99, data_sig 00000204, bytes_mixed 20 89bae1ab 704c432f
[    6.187802] random 0000 0000 0000 6c298a02 2b1539f8: urand_change_num 64 extract_buf: pool_sig 00000124, data_sig fffffff5, bytes_mixed 20 6c298a02 2b1539f8
[    6.188684] random 0000 0000 0000 c77b8b35 70f6cab5: rand_read_num 17 get_random_bytes(16): sig 0000036b c77b8b35 70f6cab5
[    6.188687] random 0000 0000 0000 c77b8b35 70f6cab5: extract_entropy(.. 16 ..)
[    6.188690] random 0000 0000 0000 c77b8b35 70f6cab5: going to reseed nonblocking with 128 bits (128 of 0 requested)
[    6.188692] random 0000 0000 0000 c77b8b35 70f6cab5: extract_entropy(.. 16 ..)
[    6.188694] random 0000 0000 0000 c77b8b35 70f6cab5: trying to extract 128 bits from input
[    6.188696] random 0000 0000 0000 c77b8b35 70f6cab5: debiting 0 entropy credits from input
[    6.188698] random 0000 0000 0000 c77b8b35 70f6cab5: extract_entropy account returned: 0 
[    6.188701] random 0000 0000 0000 c77b8b35 70f6cab5: urand_change_num 65 xfer_secondary_pool(16): pool_sig 0000036b, data_sig 00000000, bytes_mixed 0 c77b8b35 70f6cab5
[    6.188704] random 0000 0000 0000 c77b8b35 70f6cab5: trying to extract 128 bits from nonblocking
[    6.188707] random 0000 0000 0000 c77b8b35 70f6cab5: debiting 128 entropy credits from nonblocking (unlimited)
[    6.188709] random 0000 0000 0000 c77b8b35 70f6cab5: extract_entropy account returned: 16 
[    6.188713] random 0000 0000 0000 c77b8b35 70f6cab5: urand_change_num 66 extract_buf: pool_sig 0000036b, data_sig 0000005f, bytes_mixed 20 c77b8b35 70f6cab5
[    6.188718] random 0000 0000 0000 c77b8b35 70f6cab5: urand_change_num 67 extract_buf: pool_sig ffffff1c, data_sig 0000005a, bytes_mixed 20 c77b8b35 70f6cab5
[    6.189308] random 0000 0000 0000 af21d212 57d20ca3: rand_read_num 18 get_random_bytes(16): sig fffffb7f af21d212 57d20ca3
[    6.189311] random 0000 0000 0000 af21d212 57d20ca3: extract_entropy(.. 16 ..)
[    6.189314] random 0000 0000 0000 af21d212 57d20ca3: going to reseed nonblocking with 128 bits (128 of 0 requested)
[    6.189316] random 0000 0000 0000 af21d212 57d20ca3: extract_entropy(.. 16 ..)
[    6.189318] random 0000 0000 0000 af21d212 57d20ca3: trying to extract 128 bits from input
[    6.189320] random 0000 0000 0000 af21d212 57d20ca3: debiting 0 entropy credits from input
[    6.189322] random 0000 0000 0000 af21d212 57d20ca3: extract_entropy account returned: 0 
[    6.189325] random 0000 0000 0000 af21d212 57d20ca3: urand_change_num 68 xfer_secondary_pool(16): pool_sig fffffb7f, data_sig 00000000, bytes_mixed 0 af21d212 57d20ca3
[    6.189328] random 0000 0000 0000 af21d212 57d20ca3: trying to extract 128 bits from nonblocking
[    6.189331] random 0000 0000 0000 af21d212 57d20ca3: debiting 128 entropy credits from nonblocking (unlimited)
[    6.189333] random 0000 0000 0000 af21d212 57d20ca3: extract_entropy account returned: 16 
[    6.189337] random 0000 0000 0000 af21d212 57d20ca3: urand_change_num 69 extract_buf: pool_sig fffffb7f, data_sig ffffff88, bytes_mixed 20 af21d212 57d20ca3
[    6.189342] random 0000 0000 0000 af21d212 57d20ca3: urand_change_num 70 extract_buf: pool_sig fffffe1d, data_sig ffffff17, bytes_mixed 20 af21d212 57d20ca3
[    6.189927] random 0000 0000 0000 ffbd26fd 21933274: rand_read_num 19 get_random_bytes(16): sig ffffffc7 ffbd26fd 21933274
[    6.189930] random 0000 0000 0000 ffbd26fd 21933274: extract_entropy(.. 16 ..)
[    6.189932] random 0000 0000 0000 ffbd26fd 21933274: going to reseed nonblocking with 128 bits (128 of 0 requested)
[    6.189935] random 0000 0000 0000 ffbd26fd 21933274: extract_entropy(.. 16 ..)
[    6.189937] random 0000 0000 0000 ffbd26fd 21933274: trying to extract 128 bits from input
[    6.189939] random 0000 0000 0000 ffbd26fd 21933274: debiting 0 entropy credits from input
[    6.189941] random 0000 0000 0000 ffbd26fd 21933274: extract_entropy account returned: 0 
[    6.189944] random 0000 0000 0000 ffbd26fd 21933274: urand_change_num 71 xfer_secondary_pool(16): pool_sig ffffffc7, data_sig 00000000, bytes_mixed 0 ffbd26fd 21933274
[    6.189947] random 0000 0000 0000 ffbd26fd 21933274: trying to extract 128 bits from nonblocking
[    6.189949] random 0000 0000 0000 ffbd26fd 21933274: debiting 128 entropy credits from nonblocking (unlimited)
[    6.189951] random 0000 0000 0000 ffbd26fd 21933274: extract_entropy account returned: 16 
[    6.189955] random 0000 0000 0000 ffbd26fd 21933274: urand_change_num 72 extract_buf: pool_sig ffffffc7, data_sig 0000013b, bytes_mixed 20 ffbd26fd 21933274
[    6.189961] random 0000 0000 0000 151530a2 56c65dd3: urand_change_num 73 extract_buf: pool_sig ffffffbf, data_sig 00000036, bytes_mixed 20 151530a2 56c65dd3
[    6.190519] random 0000 0000 0000 151530a2 56c65dd3: rand_read_num 20 get_random_bytes(16): sig 000001a7 151530a2 56c65dd3
[    6.190522] random 0000 0000 0000 151530a2 56c65dd3: extract_entropy(.. 16 ..)
[    6.190525] random 0000 0000 0000 151530a2 56c65dd3: going to reseed nonblocking with 128 bits (128 of 0 requested)
[    6.190527] random 0000 0000 0000 151530a2 56c65dd3: extract_entropy(.. 16 ..)
[    6.190529] random 0000 0000 0000 151530a2 56c65dd3: trying to extract 128 bits from input
[    6.190531] random 0000 0000 0000 151530a2 56c65dd3: debiting 0 entropy credits from input
[    6.190533] random 0000 0000 0000 151530a2 56c65dd3: extract_entropy account returned: 0 
[    6.190537] random 0000 0000 0000 151530a2 56c65dd3: urand_change_num 74 xfer_secondary_pool(16): pool_sig 000001a7, data_sig 00000000, bytes_mixed 0 151530a2 56c65dd3
[    6.190539] random 0000 0000 0000 151530a2 56c65dd3: trying to extract 128 bits from nonblocking
[    6.190542] random 0000 0000 0000 151530a2 56c65dd3: debiting 128 entropy credits from nonblocking (unlimited)
[    6.190544] random 0000 0000 0000 151530a2 56c65dd3: extract_entropy account returned: 16 
[    6.190548] random 0000 0000 0000 151530a2 56c65dd3: urand_change_num 75 extract_buf: pool_sig 000001a7, data_sig ffffffa1, bytes_mixed 20 151530a2 56c65dd3
[    6.190553] random 0000 0000 0000 5d3e132e d9a77eb3: urand_change_num 76 extract_buf: pool_sig fffffcc9, data_sig 00000013, bytes_mixed 20 5d3e132e d9a77eb3
[    6.241599] random 0000 0000 0000 264837ad 0a28fef5: rand_read_num 21 get_random_bytes(16): sig ffffffd0 264837ad 0a28fef5
[    6.241602] random 0000 0000 0000 264837ad 0a28fef5: extract_entropy(.. 16 ..)
[    6.241605] random 0000 0000 0000 264837ad 0a28fef5: going to reseed nonblocking with 128 bits (128 of 0 requested)
[    6.241607] random 0000 0000 0000 264837ad 0a28fef5: extract_entropy(.. 16 ..)
[    6.241609] random 0000 0000 0000 264837ad 0a28fef5: trying to extract 128 bits from input
[    6.241611] random 0000 0000 0000 264837ad 0a28fef5: debiting 0 entropy credits from input
[    6.241613] random 0000 0000 0000 264837ad 0a28fef5: extract_entropy account returned: 0 
[    6.241617] random 0000 0000 0000 264837ad 0a28fef5: urand_change_num 77 xfer_secondary_pool(16): pool_sig ffffffd0, data_sig 00000000, bytes_mixed 0 264837ad 0a28fef5
[    6.241619] random 0000 0000 0000 264837ad 0a28fef5: trying to extract 128 bits from nonblocking
[    6.241622] random 0000 0000 0000 264837ad 0a28fef5: debiting 128 entropy credits from nonblocking (unlimited)
[    6.241624] random 0000 0000 0000 264837ad 0a28fef5: extract_entropy account returned: 16 
[    6.241628] random 0000 0000 0000 264837ad 0a28fef5: urand_change_num 78 extract_buf: pool_sig ffffffd0, data_sig 0000017b, bytes_mixed 20 264837ad 0a28fef5
[    6.241634] random 0000 0000 0000 264837ad 0a28fef5: urand_change_num 79 extract_buf: pool_sig 0000045c, data_sig 000001df, bytes_mixed 20 264837ad 0a28fef5
[    6.243096] random 0000 0000 0000 f37f7344 164aede0: rand_read_num 22 get_random_bytes(16): sig 000003c2 f37f7344 164aede0
[    6.243099] random 0000 0000 0000 f37f7344 164aede0: extract_entropy(.. 16 ..)
[    6.243101] random 0000 0000 0000 f37f7344 164aede0: going to reseed nonblocking with 128 bits (128 of 0 requested)
[    6.243104] random 0000 0000 0000 f37f7344 164aede0: extract_entropy(.. 16 ..)
[    6.243106] random 0000 0000 0000 f37f7344 164aede0: trying to extract 128 bits from input
[    6.243108] random 0000 0000 0000 f37f7344 164aede0: debiting 0 entropy credits from input
[    6.243110] random 0000 0000 0000 f37f7344 164aede0: extract_entropy account returned: 0 
[    6.243113] random 0000 0000 0000 f37f7344 164aede0: urand_change_num 80 xfer_secondary_pool(16): pool_sig 000003c2, data_sig 00000000, bytes_mixed 0 f37f7344 164aede0
[    6.243116] random 0000 0000 0000 f37f7344 164aede0: trying to extract 128 bits from nonblocking
[    6.243118] random 0000 0000 0000 f37f7344 164aede0: debiting 128 entropy credits from nonblocking (unlimited)
[    6.243120] random 0000 0000 0000 f37f7344 164aede0: extract_entropy account returned: 16 
[    6.243125] random 0000 0000 0000 f37f7344 164aede0: urand_change_num 81 extract_buf: pool_sig 000003c2, data_sig ffffff6c, bytes_mixed 20 f37f7344 164aede0
[    6.243130] random 0000 0000 0000 f37f7344 164aede0: urand_change_num 82 extract_buf: pool_sig fffffdfc, data_sig 00000091, bytes_mixed 20 f37f7344 164aede0
[    6.265902] random 0000 0000 0000 a4794863 878070c1: rand_read_num 23 get_random_bytes(16): sig 0000011b a4794863 878070c1
[    6.265905] random 0000 0000 0000 a4794863 878070c1: extract_entropy(.. 16 ..)
[    6.265908] random 0000 0000 0000 a4794863 878070c1: going to reseed nonblocking with 128 bits (128 of 0 requested)
[    6.265910] random 0000 0000 0000 a4794863 878070c1: extract_entropy(.. 16 ..)
[    6.265912] random 0000 0000 0000 a4794863 878070c1: trying to extract 128 bits from input
[    6.265914] random 0000 0000 0000 a4794863 878070c1: debiting 0 entropy credits from input
[    6.265916] random 0000 0000 0000 a4794863 878070c1: extract_entropy account returned: 0 
[    6.265919] random 0000 0000 0000 a4794863 878070c1: urand_change_num 83 xfer_secondary_pool(16): pool_sig 0000011b, data_sig 00000000, bytes_mixed 0 a4794863 878070c1
[    6.265922] random 0000 0000 0000 a4794863 878070c1: trying to extract 128 bits from nonblocking
[    6.265924] random 0000 0000 0000 a4794863 878070c1: debiting 128 entropy credits from nonblocking (unlimited)
[    6.265927] random 0000 0000 0000 a4794863 878070c1: extract_entropy account returned: 16 
[    6.265931] random 0000 0000 0000 a4794863 878070c1: urand_change_num 84 extract_buf: pool_sig 0000011b, data_sig ffffff51, bytes_mixed 20 a4794863 878070c1
[    6.265936] random 0000 0000 0000 737f19b4 9417d8ab: urand_change_num 85 extract_buf: pool_sig 000001a3, data_sig 0000006c, bytes_mixed 20 737f19b4 9417d8ab
[    6.269996] random 0000 0000 0000 737f19b4 9417d8ab: rand_read_num 24 get_random_bytes(16): sig fffffe22 737f19b4 9417d8ab
[    6.269998] random 0000 0000 0000 737f19b4 9417d8ab: extract_entropy(.. 16 ..)
[    6.270001] random 0000 0000 0000 737f19b4 9417d8ab: going to reseed nonblocking with 128 bits (128 of 0 requested)
[    6.270003] random 0000 0000 0000 737f19b4 9417d8ab: extract_entropy(.. 16 ..)
[    6.270005] random 0000 0000 0000 737f19b4 9417d8ab: trying to extract 128 bits from input
[    6.270007] random 0000 0000 0000 737f19b4 9417d8ab: debiting 0 entropy credits from input
[    6.270009] random 0000 0000 0000 737f19b4 9417d8ab: extract_entropy account returned: 0 
[    6.270012] random 0000 0000 0000 737f19b4 9417d8ab: urand_change_num 86 xfer_secondary_pool(16): pool_sig fffffe22, data_sig 00000000, bytes_mixed 0 737f19b4 9417d8ab
[    6.270015] random 0000 0000 0000 737f19b4 9417d8ab: trying to extract 128 bits from nonblocking
[    6.270018] random 0000 0000 0000 737f19b4 9417d8ab: debiting 128 entropy credits from nonblocking (unlimited)
[    6.270020] random 0000 0000 0000 737f19b4 9417d8ab: extract_entropy account returned: 16 
[    6.270024] random 0000 0000 0000 737f19b4 9417d8ab: urand_change_num 87 extract_buf: pool_sig fffffe22, data_sig 00000230, bytes_mixed 20 737f19b4 9417d8ab
[    6.270029] random 0000 0000 0000 4deb0d06 1236af4c: urand_change_num 88 extract_buf: pool_sig 000000b6, data_sig ffffff44, bytes_mixed 20 4deb0d06 1236af4c
[    6.271028] random 0000 0000 0000 b538fadc 4a7613df: rand_read_num 25 get_random_bytes(16): sig 0000013c b538fadc 4a7613df
[    6.271030] random 0000 0000 0000 b538fadc 4a7613df: extract_entropy(.. 16 ..)
[    6.271033] random 0000 0000 0000 b538fadc 4a7613df: going to reseed nonblocking with 128 bits (128 of 0 requested)
[    6.271036] random 0000 0000 0000 b538fadc 4a7613df: extract_entropy(.. 16 ..)
[    6.271038] random 0000 0000 0000 b538fadc 4a7613df: trying to extract 128 bits from input
[    6.271040] random 0000 0000 0000 b538fadc 4a7613df: debiting 0 entropy credits from input
[    6.271042] random 0000 0000 0000 b538fadc 4a7613df: extract_entropy account returned: 0 
[    6.271045] random 0000 0000 0000 b538fadc 4a7613df: urand_change_num 89 xfer_secondary_pool(16): pool_sig 0000013c, data_sig 00000000, bytes_mixed 0 b538fadc 4a7613df
[    6.271048] random 0000 0000 0000 b538fadc 4a7613df: trying to extract 128 bits from nonblocking
[    6.271050] random 0000 0000 0000 b538fadc 4a7613df: debiting 128 entropy credits from nonblocking (unlimited)
[    6.271052] random 0000 0000 0000 b538fadc 4a7613df: extract_entropy account returned: 16 
[    6.271057] random 0000 0000 0000 b538fadc 4a7613df: urand_change_num 90 extract_buf: pool_sig 0000013c, data_sig 00000015, bytes_mixed 20 b538fadc 4a7613df
[    6.271062] random 0000 0000 0000 b538fadc 4a7613df: urand_change_num 91 extract_buf: pool_sig 00000452, data_sig 0000002b, bytes_mixed 20 b538fadc 4a7613df
[    6.271515] random 0000 0000 0000 73b17df4 93bb370e: rand_read_num 26 get_random_bytes(16): sig fffffbf1 73b17df4 93bb370e
[    6.271518] random 0000 0000 0000 73b17df4 93bb370e: extract_entropy(.. 16 ..)
[    6.271520] random 0000 0000 0000 73b17df4 93bb370e: going to reseed nonblocking with 128 bits (128 of 0 requested)
[    6.271523] random 0000 0000 0000 73b17df4 93bb370e: extract_entropy(.. 16 ..)
[    6.271525] random 0000 0000 0000 73b17df4 93bb370e: trying to extract 128 bits from input
[    6.271527] random 0000 0000 0000 73b17df4 93bb370e: debiting 0 entropy credits from input
[    6.271529] random 0000 0000 0000 73b17df4 93bb370e: extract_entropy account returned: 0 
[    6.271532] random 0000 0000 0000 73b17df4 93bb370e: urand_change_num 92 xfer_secondary_pool(16): pool_sig fffffbf1, data_sig 00000000, bytes_mixed 0 73b17df4 93bb370e
[    6.271535] random 0000 0000 0000 73b17df4 93bb370e: trying to extract 128 bits from nonblocking
[    6.271537] random 0000 0000 0000 73b17df4 93bb370e: debiting 128 entropy credits from nonblocking (unlimited)
[    6.271539] random 0000 0000 0000 73b17df4 93bb370e: extract_entropy account returned: 16 
[    6.271543] random 0000 0000 0000 73b17df4 93bb370e: urand_change_num 93 extract_buf: pool_sig fffffbf1, data_sig ffffff99, bytes_mixed 20 73b17df4 93bb370e
[    6.271549] random 0000 0000 0000 73b17df4 93bb370e: urand_change_num 94 extract_buf: pool_sig fffffe1d, data_sig 000000b0, bytes_mixed 20 73b17df4 93bb370e
[    6.271951] random 0000 0000 0000 0cd682bb ba04da9f: rand_read_num 27 get_random_bytes(16): sig fffffccb 0cd682bb ba04da9f
[    6.271953] random 0000 0000 0000 0cd682bb ba04da9f: extract_entropy(.. 16 ..)
[    6.271956] random 0000 0000 0000 0cd682bb ba04da9f: going to reseed nonblocking with 128 bits (128 of 0 requested)
[    6.271958] random 0000 0000 0000 0cd682bb ba04da9f: extract_entropy(.. 16 ..)
[    6.271960] random 0000 0000 0000 0cd682bb ba04da9f: trying to extract 128 bits from input
[    6.271962] random 0000 0000 0000 0cd682bb ba04da9f: debiting 0 entropy credits from input
[    6.271964] random 0000 0000 0000 0cd682bb ba04da9f: extract_entropy account returned: 0 
[    6.271968] random 0000 0000 0000 0cd682bb ba04da9f: urand_change_num 95 xfer_secondary_pool(16): pool_sig fffffccb, data_sig 00000000, bytes_mixed 0 0cd682bb ba04da9f
[    6.271970] random 0000 0000 0000 0cd682bb ba04da9f: trying to extract 128 bits from nonblocking
[    6.271973] random 0000 0000 0000 0cd682bb ba04da9f: debiting 128 entropy credits from nonblocking (unlimited)
[    6.271975] random 0000 0000 0000 0cd682bb ba04da9f: extract_entropy account returned: 16 
[    6.271979] random 0000 0000 0000 0cd682bb ba04da9f: urand_change_num 96 extract_buf: pool_sig fffffccb, data_sig fffffec5, bytes_mixed 20 0cd682bb ba04da9f
[    6.271985] random 0000 0000 0000 26929f1a 15254dc1: urand_change_num 97 extract_buf: pool_sig fffffed2, data_sig ffffffb1, bytes_mixed 20 26929f1a 15254dc1
[    6.272861] random 0000 0000 0000 26929f1a 15254dc1: rand_read_num 28 get_random_bytes(16): sig 00000038 26929f1a 15254dc1
[    6.272864] random 0000 0000 0000 26929f1a 15254dc1: extract_entropy(.. 16 ..)
[    6.272866] random 0000 0000 0000 26929f1a 15254dc1: going to reseed nonblocking with 128 bits (128 of 0 requested)
[    6.272869] random 0000 0000 0000 26929f1a 15254dc1: extract_entropy(.. 16 ..)
[    6.272871] random 0000 0000 0000 26929f1a 15254dc1: trying to extract 128 bits from input
[    6.272873] random 0000 0000 0000 26929f1a 15254dc1: debiting 0 entropy credits from input
[    6.272875] random 0000 0000 0000 26929f1a 15254dc1: extract_entropy account returned: 0 
[    6.272878] random 0000 0000 0000 26929f1a 15254dc1: urand_change_num 98 xfer_secondary_pool(16): pool_sig 00000038, data_sig 00000000, bytes_mixed 0 26929f1a 15254dc1
[    6.272881] random 0000 0000 0000 26929f1a 15254dc1: trying to extract 128 bits from nonblocking
[    6.272883] random 0000 0000 0000 26929f1a 15254dc1: debiting 128 entropy credits from nonblocking (unlimited)
[    6.272885] random 0000 0000 0000 26929f1a 15254dc1: extract_entropy account returned: 16 
[    6.272889] random 0000 0000 0000 26929f1a 15254dc1: urand_change_num 99 extract_buf: pool_sig 00000038, data_sig 000000fd, bytes_mixed 20 26929f1a 15254dc1
[    6.272895] random 0000 0000 0000 8116fe3b 478c2d5b: urand_change_num 100 extract_buf: pool_sig 00000059, data_sig 00000310, bytes_mixed 20 8116fe3b 478c2d5b
[    6.279542] random 0000 0000 0000 a20f4a3a 32a6b2fa: rand_read_num 29 get_random_bytes(16): sig 000002c0 a20f4a3a 32a6b2fa
[    6.279545] random 0000 0000 0000 a20f4a3a 32a6b2fa: extract_entropy(.. 16 ..)
[    6.279547] random 0000 0000 0000 a20f4a3a 32a6b2fa: going to reseed nonblocking with 128 bits (128 of 0 requested)
[    6.279550] random 0000 0000 0000 a20f4a3a 32a6b2fa: extract_entropy(.. 16 ..)
[    6.279552] random 0000 0000 0000 a20f4a3a 32a6b2fa: trying to extract 128 bits from input
[    6.279554] random 0000 0000 0000 a20f4a3a 32a6b2fa: debiting 0 entropy credits from input
[    6.279556] random 0000 0000 0000 a20f4a3a 32a6b2fa: extract_entropy account returned: 0 
[    6.279559] random 0000 0000 0000 a20f4a3a 32a6b2fa: urand_change_num 101 xfer_secondary_pool(16): pool_sig 000002c0, data_sig 00000000, bytes_mixed 0 a20f4a3a 32a6b2fa
[    6.279562] random 0000 0000 0000 a20f4a3a 32a6b2fa: trying to extract 128 bits from nonblocking
[    6.279564] random 0000 0000 0000 a20f4a3a 32a6b2fa: debiting 128 entropy credits from nonblocking (unlimited)
[    6.279566] random 0000 0000 0000 a20f4a3a 32a6b2fa: extract_entropy account returned: 16 
[    6.279570] random 0000 0000 0000 a20f4a3a 32a6b2fa: urand_change_num 102 extract_buf: pool_sig 000002c0, data_sig 000000fb, bytes_mixed 20 a20f4a3a 32a6b2fa
[    6.279576] random 0000 0000 0000 a20f4a3a 32a6b2fa: urand_change_num 103 extract_buf: pool_sig ffffffdd, data_sig 000000a5, bytes_mixed 20 a20f4a3a 32a6b2fa
[    6.292082] random 0000 0000 0000 de716d2a 6c4757e1: rand_read_num 30 get_random_bytes(16): sig 000000fa de716d2a 6c4757e1
[    6.292085] random 0000 0000 0000 de716d2a 6c4757e1: extract_entropy(.. 16 ..)
[    6.292088] random 0000 0000 0000 de716d2a 6c4757e1: going to reseed nonblocking with 128 bits (128 of 0 requested)
[    6.292090] random 0000 0000 0000 de716d2a 6c4757e1: extract_entropy(.. 16 ..)
[    6.292092] random 0000 0000 0000 de716d2a 6c4757e1: trying to extract 128 bits from input
[    6.292094] random 0000 0000 0000 de716d2a 6c4757e1: debiting 0 entropy credits from input
[    6.292096] random 0000 0000 0000 de716d2a 6c4757e1: extract_entropy account returned: 0 
[    6.292099] random 0000 0000 0000 de716d2a 6c4757e1: urand_change_num 104 xfer_secondary_pool(16): pool_sig 000000fa, data_sig 00000000, bytes_mixed 0 de716d2a 6c4757e1
[    6.292102] random 0000 0000 0000 de716d2a 6c4757e1: trying to extract 128 bits from nonblocking
[    6.292105] random 0000 0000 0000 de716d2a 6c4757e1: debiting 128 entropy credits from nonblocking (unlimited)
[    6.292107] random 0000 0000 0000 de716d2a 6c4757e1: extract_entropy account returned: 16 
[    6.292111] random 0000 0000 0000 de716d2a 6c4757e1: urand_change_num 105 extract_buf: pool_sig 000000fa, data_sig ffffff34, bytes_mixed 20 de716d2a 6c4757e1
[    6.292117] random 0000 0000 0000 de716d2a 6c4757e1: urand_change_num 106 extract_buf: pool_sig 000003d3, data_sig ffffff30, bytes_mixed 20 de716d2a 6c4757e1
[    6.292706] random 0000 0000 0000 a7c511e1 f90ea457: rand_read_num 31 get_random_bytes(16): sig 0000009a a7c511e1 f90ea457
[    6.292709] random 0000 0000 0000 a7c511e1 f90ea457: extract_entropy(.. 16 ..)
[    6.292711] random 0000 0000 0000 a7c511e1 f90ea457: going to reseed nonblocking with 128 bits (128 of 0 requested)
[    6.292714] random 0000 0000 0000 a7c511e1 f90ea457: extract_entropy(.. 16 ..)
[    6.292715] random 0000 0000 0000 a7c511e1 f90ea457: trying to extract 128 bits from input
[    6.292718] random 0000 0000 0000 a7c511e1 f90ea457: debiting 0 entropy credits from input
[    6.292720] random 0000 0000 0000 a7c511e1 f90ea457: extract_entropy account returned: 0 
[    6.292723] random 0000 0000 0000 a7c511e1 f90ea457: urand_change_num 107 xfer_secondary_pool(16): pool_sig 0000009a, data_sig 00000000, bytes_mixed 0 a7c511e1 f90ea457
[    6.292725] random 0000 0000 0000 a7c511e1 f90ea457: trying to extract 128 bits from nonblocking
[    6.292728] random 0000 0000 0000 a7c511e1 f90ea457: debiting 128 entropy credits from nonblocking (unlimited)
[    6.292730] random 0000 0000 0000 a7c511e1 f90ea457: extract_entropy account returned: 16 
[    6.292734] random 0000 0000 0000 a7c511e1 f90ea457: urand_change_num 108 extract_buf: pool_sig 0000009a, data_sig 000000e0, bytes_mixed 20 a7c511e1 f90ea457
[    6.292740] random 0000 0000 0000 7c18c7e6 d65ccb06: urand_change_num 109 extract_buf: pool_sig fffffa79, data_sig 000000e0, bytes_mixed 20 7c18c7e6 d65ccb06
[    6.293327] random 0000 0000 0000 7c18c7e6 d65ccb06: rand_read_num 32 get_random_bytes(16): sig fffffe1e 7c18c7e6 d65ccb06
[    6.293329] random 0000 0000 0000 7c18c7e6 d65ccb06: extract_entropy(.. 16 ..)
[    6.293332] random 0000 0000 0000 7c18c7e6 d65ccb06: going to reseed nonblocking with 128 bits (128 of 0 requested)
[    6.293334] random 0000 0000 0000 7c18c7e6 d65ccb06: extract_entropy(.. 16 ..)
[    6.293336] random 0000 0000 0000 7c18c7e6 d65ccb06: trying to extract 128 bits from input
[    6.293339] random 0000 0000 0000 7c18c7e6 d65ccb06: debiting 0 entropy credits from input
[    6.293341] random 0000 0000 0000 7c18c7e6 d65ccb06: extract_entropy account returned: 0 
[    6.293344] random 0000 0000 0000 7c18c7e6 d65ccb06: urand_change_num 110 xfer_secondary_pool(16): pool_sig fffffe1e, data_sig 00000000, bytes_mixed 0 7c18c7e6 d65ccb06
[    6.293346] random 0000 0000 0000 7c18c7e6 d65ccb06: trying to extract 128 bits from nonblocking
[    6.293349] random 0000 0000 0000 7c18c7e6 d65ccb06: debiting 128 entropy credits from nonblocking (unlimited)
[    6.293351] random 0000 0000 0000 7c18c7e6 d65ccb06: extract_entropy account returned: 16 
