[    0.000000] random 0000 0000 0000 00000000 00000000: rand_read_num 1 get_random_bytes(8): sig 00000000 00000000 00000000
[    0.000000] random 0000 0000 0000 00000000 00000000: extract_entropy(.. 8 ..)
[    0.000000] random 0000 0000 0000 00000000 00000000: going to reseed nonblocking with 64 bits (64 of 0 requested)
[    0.000000] random 0000 0000 0000 00000000 00000000: extract_entropy(.. 8 ..)
[    0.000000] random 0000 0000 0000 00000000 00000000: trying to extract 64 bits from input
[    0.000000] random 0000 0000 0000 00000000 00000000: debiting 0 entropy credits from input
[    0.000000] random 0000 0000 0000 00000000 00000000: extract_entropy account returned: 0 
[    0.000000] random 0000 0000 0000 00000000 00000000: urand_change_num 1 xfer_secondary_pool(8): pool_sig 00000000, data_sig 00000000, bytes_mixed 0 00000000 00000000
[    0.000000] random 0000 0000 0000 00000000 00000000: trying to extract 64 bits from nonblocking
[    0.000000] random 0000 0000 0000 00000000 00000000: debiting 64 entropy credits from nonblocking (unlimited)
[    0.000000] random 0000 0000 0000 00000000 00000000: extract_entropy account returned: 8 
[    0.000000] random 0000 0000 0000 00000000 00000000: urand_change_num 2 extract_buf: pool_sig 00000000, data_sig fffffff9, bytes_mixed 20 00000000 00000000
[    0.000000] Linux version 2.6.32.57 (dcashman@dcashman-02) (gcc version 4.3.3 (GCC) ) #3 Fri May 24 04:27:34 PDT 2013
[    0.000000] KERNEL supported cpus:
[    0.000000]   Intel GenuineIntel
[    0.000000]   AMD AuthenticAMD
[    0.000000]   NSC Geode by NSC
[    0.000000]   Cyrix CyrixInstead
[    0.000000]   Centaur CentaurHauls
[    0.000000]   Transmeta GenuineTMx86
[    0.000000]   Transmeta TransmetaCPU
[    0.000000]   UMC UMC UMC UMC
[    0.000000] BIOS-provided physical RAM map:
[    0.000000]  BIOS-e820: 0000000000000000 - 000000000009d800 (usable)
[    0.000000]  BIOS-e820: 000000000009d800 - 00000000000a0000 (reserved)
[    0.000000]  BIOS-e820: 00000000000d2000 - 00000000000d4000 (reserved)
[    0.000000]  BIOS-e820: 00000000000e0000 - 0000000000100000 (reserved)
[    0.000000]  BIOS-e820: 0000000000100000 - 000000003d6b0000 (usable)
[    0.000000]  BIOS-e820: 000000003d6b0000 - 000000003d6cc000 (ACPI data)
[    0.000000]  BIOS-e820: 000000003d6cc000 - 000000003d700000 (ACPI NVS)
[    0.000000]  BIOS-e820: 000000003d700000 - 000000003e000000 (reserved)
[    0.000000]  BIOS-e820: 00000000f0000000 - 00000000f4000000 (reserved)
[    0.000000]  BIOS-e820: 00000000fec00000 - 00000000fec10000 (reserved)
[    0.000000]  BIOS-e820: 00000000fed00000 - 00000000fed00400 (reserved)
[    0.000000]  BIOS-e820: 00000000fed14000 - 00000000fed1a000 (reserved)
[    0.000000]  BIOS-e820: 00000000fed1c000 - 00000000fed90000 (reserved)
[    0.000000]  BIOS-e820: 00000000fee00000 - 00000000fee01000 (reserved)
[    0.000000]  BIOS-e820: 00000000ff000000 - 0000000100000000 (reserved)
[    0.000000] DMI present.
[    0.000000] last_pfn = 0x3d6b0 max_arch_pfn = 0x100000
[    0.000000] MTRR default type: uncachable
[    0.000000] MTRR fixed ranges enabled:
[    0.000000]   00000-9FFFF write-back
[    0.000000]   A0000-BFFFF uncachable
[    0.000000]   C0000-CFFFF write-protect
[    0.000000]   D0000-DFFFF uncachable
[    0.000000]   E0000-FFFFF write-protect
[    0.000000] MTRR variable ranges enabled:
[    0.000000]   0 base 03E000000 mask FFE000000 uncachable
[    0.000000]   1 base 000000000 mask FC0000000 write-back
[    0.000000]   2 base 03D700000 mask FFFF00000 uncachable
[    0.000000]   3 base 03D800000 mask FFF800000 uncachable
[    0.000000]   4 disabled
[    0.000000]   5 disabled
[    0.000000]   6 disabled
[    0.000000]   7 disabled
[    0.000000] initial memory mapped : 0 - 02000000
[    0.000000] init_memory_mapping: 0000000000000000-00000000377fe000
[    0.000000]  0000000000 - 0000400000 page 4k
[    0.000000]  0000400000 - 0037400000 page 2M
[    0.000000]  0037400000 - 00377fe000 page 4k
[    0.000000] kernel direct mapping tables up to 377fe000 @ 7000-c000
[    0.000000] ACPI: RSDP 000f68d0 00024 (v02 LENOVO)
[    0.000000] ACPI: XSDT 3d6bb77f 00094 (v01 LENOVO TP-7L    00002170  LTP 00000000)
[    0.000000] ACPI: FACP 3d6bb900 000F4 (v03 LENOVO TP-7L    00002170 LNVO 00000001)
[    0.000000] ACPI Warning: 32/64X length mismatch in Gpe1Block: 0/32 (20090903/tbfadt-526)
[    0.000000] ACPI Warning: Optional field Gpe1Block has zero address or length: 000000000000102C/0 (20090903/tbfadt-557)
[    0.000000] ACPI: DSDT 3d6bbd1d 0FED1 (v01 LENOVO TP-7L    00002170 MSFT 03000000)
[    0.000000] ACPI: FACS 3d6e4000 00040
[    0.000000] ACPI: SSDT 3d6bbab4 00269 (v01 LENOVO TP-7L    00002170 MSFT 03000000)
[    0.000000] ACPI: ECDT 3d6cbbee 00052 (v01 LENOVO TP-7L    00002170 LNVO 00000001)
[    0.000000] ACPI: TCPA 3d6cbc40 00032 (v02 LENOVO TP-7L    00002170 LNVO 00000001)
[    0.000000] ACPI: APIC 3d6cbc72 00068 (v01 LENOVO TP-7L    00002170 LNVO 00000001)
[    0.000000] ACPI: MCFG 3d6cbcda 0003C (v01 LENOVO TP-7L    00002170 LNVO 00000001)
[    0.000000] ACPI: HPET 3d6cbd16 00038 (v01 LENOVO TP-7L    00002170 LNVO 00000001)
[    0.000000] ACPI: SLIC 3d6cbdf0 00176 (v01 LENOVO TP-7L    00002170  LTP 00000000)
[    0.000000] ACPI: BOOT 3d6cbf66 00028 (v01 LENOVO TP-7L    00002170  LTP 00000001)
[    0.000000] ACPI: ASF! 3d6cbf8e 00072 (v16 LENOVO TP-7L    00002170 PTL  00000001)
[    0.000000] ACPI: SSDT 3d6e26d9 0025F (v01 LENOVO TP-7L    00002170 INTL 20050513)
[    0.000000] ACPI: SSDT 3d6e2938 000A6 (v01 LENOVO TP-7L    00002170 INTL 20050513)
[    0.000000] ACPI: SSDT 3d6e29de 004F7 (v01 LENOVO TP-7L    00002170 INTL 20050513)
[    0.000000] ACPI: SSDT 3d6e2ed5 001D8 (v01 LENOVO TP-7L    00002170 INTL 20050513)
[    0.000000] ACPI: DMI detected: Lenovo ThinkPad R61
[    0.000000] ACPI: Added _OSI(Linux)
[    0.000000] ACPI: Local APIC address 0xfee00000
[    0.000000] 94MB HIGHMEM available.
[    0.000000] 887MB LOWMEM available.
[    0.000000]   mapped low ram: 0 - 377fe000
[    0.000000]   low ram: 0 - 377fe000
[    0.000000]   node 0 low ram: 00000000 - 377fe000
[    0.000000]   node 0 bootmap 00008000 - 0000ef00
[    0.000000] (6 early reservations) ==> bootmem [0000000000 - 00377fe000]
[    0.000000]   #0 [0000000000 - 0000001000]   BIOS data page ==> [0000000000 - 0000001000]
[    0.000000]   #1 [0001000000 - 0001bdc180]    TEXT DATA BSS ==> [0001000000 - 0001bdc180]
[    0.000000]   #2 [000009d800 - 0000100000]    BIOS reserved ==> [000009d800 - 0000100000]
[    0.000000]   #3 [0001bdd000 - 0001be516c]              BRK ==> [0001bdd000 - 0001be516c]
[    0.000000]   #4 [0000007000 - 0000008000]          PGTABLE ==> [0000007000 - 0000008000]
[    0.000000]   #5 [0000008000 - 000000f000]          BOOTMAP ==> [0000008000 - 000000f000]
[    0.000000] found SMP MP-table at [c00f6900] f6900
[    0.000000] Zone PFN ranges:
[    0.000000]   DMA      0x00000000 -> 0x00001000
[    0.000000]   Normal   0x00001000 -> 0x000377fe
[    0.000000]   HighMem  0x000377fe -> 0x0003d6b0
[    0.000000] Movable zone start PFN for each node
[    0.000000] early_node_map[2] active PFN ranges
[    0.000000]     0: 0x00000000 -> 0x0000009d
[    0.000000]     0: 0x00000100 -> 0x0003d6b0
[    0.000000] On node 0 totalpages: 251469
[    0.000000] free_area_init_node: node 0, pgdat c1901ea0, node_mem_map c1be7000
[    0.000000]   DMA zone: 32 pages used for memmap
[    0.000000]   DMA zone: 0 pages reserved
[    0.000000]   DMA zone: 3965 pages, LIFO batch:0
[    0.000000]   Normal zone: 1744 pages used for memmap
[    0.000000]   Normal zone: 221486 pages, LIFO batch:31
[    0.000000]   HighMem zone: 190 pages used for memmap
[    0.000000]   HighMem zone: 24052 pages, LIFO batch:3
[    0.000000] Using APIC driver default
[    0.000000] ACPI: PM-Timer IO Port: 0x1008
[    0.000000] ACPI: Local APIC address 0xfee00000
[    0.000000] ACPI: LAPIC (acpi_id[0x00] lapic_id[0x00] enabled)
[    0.000000] ACPI: LAPIC (acpi_id[0x01] lapic_id[0x01] enabled)
[    0.000000] ACPI: NR_CPUS/possible_cpus limit of 1 reached.  Processor 1/0x1 ignored.
[    0.000000] ACPI: LAPIC_NMI (acpi_id[0x00] high edge lint[0x1])
[    0.000000] ACPI: LAPIC_NMI (acpi_id[0x01] high edge lint[0x1])
[    0.000000] ACPI: IOAPIC (id[0x01] address[0xfec00000] gsi_base[0])
[    0.000000] IOAPIC[0]: apic_id 1, version 32, address 0xfec00000, GSI 0-23
[    0.000000] ACPI: INT_SRC_OVR (bus 0 bus_irq 0 global_irq 2 dfl dfl)
[    0.000000] ACPI: INT_SRC_OVR (bus 0 bus_irq 9 global_irq 9 high level)
[    0.000000] ACPI: IRQ0 used by override.
[    0.000000] ACPI: IRQ2 used by override.
[    0.000000] ACPI: IRQ9 used by override.
[    0.000000] Using ACPI (MADT) for SMP configuration information
[    0.000000] ACPI: HPET id: 0x8086a201 base: 0xfed00000
[    0.000000] nr_irqs_gsi: 24
[    0.000000] PM: Registered nosave memory: 000000000009d000 - 000000000009e000
[    0.000000] PM: Registered nosave memory: 000000000009e000 - 00000000000a0000
[    0.000000] PM: Registered nosave memory: 00000000000a0000 - 00000000000d2000
[    0.000000] PM: Registered nosave memory: 00000000000d2000 - 00000000000d4000
[    0.000000] PM: Registered nosave memory: 00000000000d4000 - 00000000000e0000
[    0.000000] PM: Registered nosave memory: 00000000000e0000 - 0000000000100000
[    0.000000] Allocating PCI resources starting at 3e000000 (gap: 3e000000:b2000000)
[    0.000000] Built 1 zonelists in Zone order, mobility grouping on.  Total pages: 249503
[    0.000000] Kernel command line: auto BOOT_IMAGE=Linux ro root=802 vt.default_utf8=0 maxcpus=0
[    0.000000] PID hash table entries: 4096 (order: 2, 16384 bytes)
[    0.000000] Dentry cache hash table entries: 131072 (order: 7, 524288 bytes)
[    0.000000] Inode-cache hash table entries: 65536 (order: 6, 262144 bytes)
[    0.000000] Enabling fast FPU save and restore... done.
[    0.000000] Enabling unmasked SIMD FPU exception support... done.
[    0.000000] Initializing CPU#0
[    0.000000] Initializing HighMem for node 0 (000377fe:0003d6b0)
[    0.000000] Memory: 984800k/1006272k available (6914k kernel code, 20876k reserved, 2328k data, 448k init, 96968k highmem)
[    0.000000] virtual kernel memory layout:
[    0.000000]     fixmap  : 0xfffa3000 - 0xfffff000   ( 368 kB)
[    0.000000]     pkmap   : 0xff800000 - 0xffc00000   (4096 kB)
[    0.000000]     vmalloc : 0xf7ffe000 - 0xff7fe000   ( 120 MB)
[    0.000000]     lowmem  : 0xc0000000 - 0xf77fe000   ( 887 MB)
[    0.000000]       .init : 0xc1907000 - 0xc1977000   ( 448 kB)
[    0.000000]       .data : 0xc16c0b5f - 0xc1906c64   (2328 kB)
[    0.000000]       .text : 0xc1000000 - 0xc16c0b5f   (6914 kB)
[    0.000000] Checking if this processor honours the WP bit even in supervisor mode...Ok.
[    0.000000] SLUB: Genslabs=13, HWalign=64, Order=0-3, MinObjects=0, CPUs=1, Nodes=1
[    0.000000] Hierarchical RCU implementation.
[    0.000000] NR_IRQS:288
[    0.000000] Extended CMOS year: 2000
[    0.000000] Console: colour VGA+ 80x25
[    0.000000] console [tty0] enabled
[    0.000000] hpet clockevent registered
[    0.000000] Fast TSC calibration using PIT
[    0.000000] Detected 2094.867 MHz processor.
[    0.001002] Calibrating delay loop (skipped), value calculated using timer frequency.. 4189.73 BogoMIPS (lpj=2094867)
[    0.001172] Security Framework initialized
[    0.001256] Mount-cache hash table entries: 512
[    0.001402] CPU: L1 I cache: 32K, L1 D cache: 32K
[    0.001530] CPU: L2 cache: 3072K
[    0.001605] mce: CPU supports 6 MCE banks
[    0.001691] CPU0: Thermal monitoring enabled (TM2)
[    0.002005] using mwait in idle threads.
[    0.002087] CPU: Intel(R) Core(TM)2 Duo CPU     T8100  @ 2.10GHz stepping 06
[    0.002263] Checking 'hlt' instruction... OK.
[    0.006936] ACPI: Core revision 20090903
[    0.026015] CANARY value: a28c25a0 for PID: 1
[    0.026046] Enabling APIC mode:  Flat.  Using 1 I/O APICs
[    0.026501] ..TIMER: vector=0x30 apic1=0 pin1=2 apic2=-1 pin2=-1
[    0.036997] xor: automatically using best checksumming function: pIII_sse
[    0.040998]    pIII_sse  :  8568.000 MB/sec
[    0.041080] xor: using function: pIII_sse (8568.000 MB/sec)
[    0.041167] RANDOM - __seed init called.
[    0.041168] RANDOM - __seed init called.
[    0.041168] RANDOM - __seed init called.
[    0.041170] RANDOM - __random32 called. Change num 1.  Value: e6b75c0e	845fdb3c	4764ecc7
[    0.041172] RANDOM - __random32 called. Change num 2.  Value: 75c0e1a6	45fdb3ca	d98f8871
[    0.041174] RANDOM - __random32 called. Change num 3.  Value: e1a6d3e	5fdb3ca9	10e2be79
[    0.041175] RANDOM - __random32 called. Change num 4.  Value: a6d3e877	fdb3ca90	7cf2fee9
[    0.041177] RANDOM - __random32 called. Change num 5.  Value: 3e877b7b	db3ca905	fdd36ca1
[    0.041179] RANDOM - __random32 called. Change num 6.  Value: 77b7ba3d	b3ca905b	d9426901
[    0.041180] RANDOM - random32 init called.  Value: 77b7ba3d	b3ca905b	d9426901
[    0.041197] NET: Registered protocol family 16
[    0.041450] ACPI FADT declares the system doesn't support PCIe ASPM, so disable it
[    0.041562] ACPI: bus type pci registered
[    0.041730] PCI: MCFG configuration 0: base f0000000 segment 0 buses 0 - 63
[    0.041815] PCI: MCFG area at f0000000 reserved in E820
[    0.041907] PCI: Using MMCONFIG for extended config space
[    0.041986] PCI: Using configuration type 1 for base access
[    0.045095] bio: create slab <bio-0> at 0
[    0.045904] ACPI: EC: EC description table is found, configuring boot EC
[    0.051046] ACPI: BIOS _OSI(Linux) query honored via DMI
[    0.051762] random 0000 0000 0000 00000000 00000000: rand_read_num 2 get_random_bytes(8): sig fffffe1a 00000000 00000000
[    0.051765] random 0000 0000 0000 00000000 00000000: extract_entropy(.. 8 ..)
[    0.051768] random 0000 0000 0000 00000000 00000000: going to reseed nonblocking with 64 bits (64 of 0 requested)
[    0.051770] random 0000 0000 0000 00000000 00000000: extract_entropy(.. 8 ..)
[    0.051772] random 0000 0000 0000 00000000 00000000: trying to extract 64 bits from input
[    0.051774] random 0000 0000 0000 00000000 00000000: debiting 0 entropy credits from input
[    0.051776] random 0000 0000 0000 00000000 00000000: extract_entropy account returned: 0 
[    0.051807] random 0000 0000 0000 00000000 00000000: urand_change_num 3 xfer_secondary_pool(8): pool_sig fffffe1a, data_sig 00000000, bytes_mixed 0 00000000 00000000
[    0.051810] random 0000 0000 0000 00000000 00000000: trying to extract 64 bits from nonblocking
[    0.051813] random 0000 0000 0000 00000000 00000000: debiting 64 entropy credits from nonblocking (unlimited)
[    0.051815] random 0000 0000 0000 00000000 00000000: extract_entropy account returned: 8 
[    0.051819] random 0000 0000 0000 00000000 00000000: urand_change_num 4 extract_buf: pool_sig fffffe1a, data_sig fffffed7, bytes_mixed 20 00000000 00000000
[    0.057616] ACPI: Interpreter enabled
[    0.057694] ACPI: (supports S0 S3 S4 S5)
[    0.057978] ACPI: Using IOAPIC for interrupt routing
[    0.067679] ACPI: EC: GPE = 0x12, I/O: command/status = 0x66, data = 0x62
[    0.068015] ACPI: Power Resource [PUBS] (on)
[    0.070174] ACPI: ACPI Dock Station Driver: 3 docks/bays found
[    0.070582] ACPI: PCI Root Bridge [PCI0] (0000:00)
[    0.070744] pci 0000:00:02.0: reg 10 64bit mmio: [0xf8100000-0xf81fffff]
[    0.070750] pci 0000:00:02.0: reg 18 64bit mmio pref: [0xe0000000-0xefffffff]
[    0.070753] pci 0000:00:02.0: reg 20 io port: [0x1800-0x1807]
[    0.070788] pci 0000:00:02.1: reg 10 64bit mmio: [0xf8200000-0xf82fffff]
[    0.070887] pci 0000:00:19.0: reg 10 32bit mmio: [0xfe000000-0xfe01ffff]
[    0.070897] pci 0000:00:19.0: reg 14 32bit mmio: [0xfe025000-0xfe025fff]
[    0.070904] pci 0000:00:19.0: reg 18 io port: [0x1840-0x185f]
[    0.070971] pci 0000:00:19.0: PME# supported from D0 D3hot D3cold
[    0.071003] pci 0000:00:19.0: PME# disabled
[    0.071151] pci 0000:00:1a.0: reg 20 io port: [0x1860-0x187f]
[    0.071227] pci 0000:00:1a.1: reg 20 io port: [0x1880-0x189f]
[    0.071309] pci 0000:00:1a.7: reg 10 32bit mmio: [0xfe226c00-0xfe226fff]
[    0.071393] pci 0000:00:1a.7: PME# supported from D0 D3hot D3cold
[    0.071488] pci 0000:00:1a.7: PME# disabled
[    0.071618] pci 0000:00:1b.0: reg 10 64bit mmio: [0xfe020000-0xfe023fff]
[    0.071704] pci 0000:00:1b.0: PME# supported from D0 D3hot D3cold
[    0.071792] pci 0000:00:1b.0: PME# disabled
[    0.072067] pci 0000:00:1c.0: PME# supported from D0 D3hot D3cold
[    0.072151] pci 0000:00:1c.0: PME# disabled
[    0.072349] pci 0000:00:1c.1: PME# supported from D0 D3hot D3cold
[    0.072432] pci 0000:00:1c.1: PME# disabled
[    0.072624] pci 0000:00:1c.2: PME# supported from D0 D3hot D3cold
[    0.072720] pci 0000:00:1c.2: PME# disabled
[    0.072924] pci 0000:00:1c.3: PME# supported from D0 D3hot D3cold
[    0.072999] pci 0000:00:1c.3: PME# disabled
[    0.073844] pci 0000:00:1c.4: PME# supported from D0 D3hot D3cold
[    0.073934] pci 0000:00:1c.4: PME# disabled
[    0.074058] pci 0000:00:1d.0: reg 20 io port: [0x18a0-0x18bf]
[    0.074131] pci 0000:00:1d.1: reg 20 io port: [0x18c0-0x18df]
[    0.074208] pci 0000:00:1d.2: reg 20 io port: [0x18e0-0x18ff]
[    0.074309] pci 0000:00:1d.7: reg 10 32bit mmio: [0xfe227000-0xfe2273ff]
[    0.074414] pci 0000:00:1d.7: PME# supported from D0 D3hot D3cold
[    0.074500] pci 0000:00:1d.7: PME# disabled
[    0.074779] pci 0000:00:1f.0: quirk: region 1000-107f claimed by ICH6 ACPI/GPIO/TCO
[    0.074895] pci 0000:00:1f.0: quirk: region 1180-11bf claimed by ICH6 GPIO
[    0.074998] pci 0000:00:1f.0: ICH7 LPC Generic IO decode 1 PIO at 1600 (mask 007f)
[    0.075113] pci 0000:00:1f.0: ICH7 LPC Generic IO decode 2 PIO at 15e0 (mask 000f)
[    0.075230] pci 0000:00:1f.0: ICH7 LPC Generic IO decode 3 PIO at 1680 (mask 001f)
[    0.075443] pci 0000:00:1f.1: reg 10 io port: [0x00-0x07]
[    0.075455] pci 0000:00:1f.1: reg 14 io port: [0x00-0x03]
[    0.075464] pci 0000:00:1f.1: reg 18 io port: [0x00-0x07]
[    0.075473] pci 0000:00:1f.1: reg 1c io port: [0x00-0x03]
[    0.075480] pci 0000:00:1f.1: reg 20 io port: [0x1c00-0x1c0f]
[    0.075559] pci 0000:00:1f.2: reg 10 io port: [0x1c50-0x1c57]
[    0.075568] pci 0000:00:1f.2: reg 14 io port: [0x1c44-0x1c47]
[    0.075575] pci 0000:00:1f.2: reg 18 io port: [0x1c48-0x1c4f]
[    0.075584] pci 0000:00:1f.2: reg 1c io port: [0x1c40-0x1c43]
[    0.075593] pci 0000:00:1f.2: reg 20 io port: [0x1c20-0x1c3f]
[    0.075601] pci 0000:00:1f.2: reg 24 32bit mmio: [0xfe226000-0xfe2267ff]
[    0.075659] pci 0000:00:1f.2: PME# supported from D3hot
[    0.075753] pci 0000:00:1f.2: PME# disabled
[    0.075866] pci 0000:00:1f.3: reg 10 32bit mmio: [0xfe227400-0xfe2274ff]
[    0.075889] pci 0000:00:1f.3: reg 20 io port: [0x1c60-0x1c7f]
[    0.076008] pci 0000:00:1c.0: bridge io port: [0x2000-0x2fff]
[    0.076014] pci 0000:00:1c.0: bridge 32bit mmio: [0xfc000000-0xfdffffff]
[    0.076023] pci 0000:00:1c.0: bridge 64bit mmio pref: [0xf8000000-0xf80fffff]
[    0.076096] pci 0000:03:00.0: reg 10 64bit mmio: [0xdf3f0000-0xdf3fffff]
[    0.076291] pci 0000:00:1c.1: bridge io port: [0x3000-0x3fff]
[    0.076295] pci 0000:00:1c.1: bridge 32bit mmio: [0xdc000000-0xdf3fffff]
[    0.076304] pci 0000:00:1c.1: bridge 64bit mmio pref: [0xdfe00000-0xdfefffff]
[    0.076363] pci 0000:00:1c.2: bridge io port: [0x4000-0x4fff]
[    0.076369] pci 0000:00:1c.2: bridge 32bit mmio: [0xd8000000-0xd9ffffff]
[    0.076378] pci 0000:00:1c.2: bridge 64bit mmio pref: [0xdfb00000-0xdfbfffff]
[    0.076433] pci 0000:00:1c.3: bridge io port: [0x5000-0x5fff]
[    0.076439] pci 0000:00:1c.3: bridge 32bit mmio: [0xd4000000-0xd5ffffff]
[    0.076448] pci 0000:00:1c.3: bridge 64bit mmio pref: [0xdf800000-0xdf8fffff]
[    0.076506] pci 0000:00:1c.4: bridge io port: [0x6000-0x6fff]
[    0.076513] pci 0000:00:1c.4: bridge 32bit mmio: [0xd0000000-0xd1ffffff]
[    0.076522] pci 0000:00:1c.4: bridge 64bit mmio pref: [0xdf500000-0xdf5fffff]
[    0.076578] pci 0000:15:00.0: reg 10 32bit mmio: [0xf8300000-0xf8300fff]
[    0.076624] pci 0000:15:00.0: supports D1 D2
[    0.076626] pci 0000:15:00.0: PME# supported from D0 D1 D2 D3hot D3cold
[    0.076716] pci 0000:15:00.0: PME# disabled
[    0.076848] pci 0000:15:00.1: reg 10 32bit mmio: [0xf8301000-0xf83017ff]
[    0.076939] pci 0000:15:00.1: supports D1 D2
[    0.076941] pci 0000:15:00.1: PME# supported from D0 D1 D2 D3hot D3cold
[    0.077000] pci 0000:15:00.1: PME# disabled
[    0.077170] pci 0000:00:1e.0: transparent bridge
[    0.077259] pci 0000:00:1e.0: bridge io port: [0x7000-0xafff]
[    0.077265] pci 0000:00:1e.0: bridge 32bit mmio: [0xf8300000-0xfbffffff]
[    0.077274] pci 0000:00:1e.0: bridge 64bit mmio pref: [0xf4000000-0xf7ffffff]
[    0.077340] pci_bus 0000:00: on NUMA node 0
[    0.077344] ACPI: PCI Interrupt Routing Table [\_SB_.PCI0._PRT]
[    0.077477] ACPI: PCI Interrupt Routing Table [\_SB_.PCI0.EXP0._PRT]
[    0.077536] ACPI: PCI Interrupt Routing Table [\_SB_.PCI0.EXP1._PRT]
[    0.077594] ACPI: PCI Interrupt Routing Table [\_SB_.PCI0.EXP2._PRT]
[    0.077651] ACPI: PCI Interrupt Routing Table [\_SB_.PCI0.EXP3._PRT]
[    0.077714] ACPI: PCI Interrupt Routing Table [\_SB_.PCI0.EXP4._PRT]
[    0.077776] ACPI: PCI Interrupt Routing Table [\_SB_.PCI0.PCI1._PRT]
[    0.083268] ACPI: PCI Interrupt Link [LNKA] (IRQs 3 4 5 6 7 9 *10 11)
[    0.084009] ACPI: PCI Interrupt Link [LNKB] (IRQs 3 4 5 6 7 9 10 *11)
[    0.084741] ACPI: PCI Interrupt Link [LNKC] (IRQs 3 4 5 6 7 9 10 *11)
[    0.085418] ACPI: PCI Interrupt Link [LNKD] (IRQs 3 4 5 6 7 9 10 *11)
[    0.086158] ACPI: PCI Interrupt Link [LNKE] (IRQs 3 4 5 6 7 9 10 *11)
[    0.086880] ACPI: PCI Interrupt Link [LNKF] (IRQs 3 4 5 6 7 9 10 *11)
[    0.087621] ACPI: PCI Interrupt Link [LNKG] (IRQs 3 4 5 6 7 9 10 *11)
[    0.088321] ACPI: PCI Interrupt Link [LNKH] (IRQs 3 4 5 6 7 9 10 *11)
[    0.089059] vgaarb: device added: PCI:0000:00:02.0,decodes=io+mem,owns=io+mem,locks=none
[    0.089176] vgaarb: loaded
[    0.089352] SCSI subsystem initialized
[    0.089445] libata version 3.00 loaded.
[    0.089491] usbcore: registered new interface driver usbfs
[    0.089605] usbcore: registered new interface driver hub
[    0.089708] usbcore: registered new device driver usb
[    0.106043] raid6: int32x1    941 MB/s
[    0.123058] raid6: int32x2    890 MB/s
[    0.140068] raid6: int32x4    750 MB/s
[    0.157069] raid6: int32x8    660 MB/s
[    0.173990] raid6: mmxx1     2878 MB/s
[    0.190983] raid6: mmxx2     3269 MB/s
[    0.207998] raid6: sse1x1    1937 MB/s
[    0.224978] raid6: sse1x2    2531 MB/s
[    0.241990] raid6: sse2x1    3511 MB/s
[    0.258984] raid6: sse2x2    3835 MB/s
[    0.259074] raid6: using algorithm sse2x2 (3835 MB/s)
[    0.259157] PCI: Using ACPI for IRQ routing
[    0.259449] HPET: 3 timers in total, 0 timers will be used for per-cpu timer
[    0.259997] Switching to clocksource tsc
[    0.260100] pnp: PnP ACPI init
[    0.260189] ACPI: bus type pnp registered
[    0.263798] pnp: PnP ACPI: found 11 devices
[    0.263895] ACPI: ACPI bus type pnp unregistered
[    0.263991] system 00:00: iomem range 0x0-0x9ffff could not be reserved
[    0.264074] system 00:00: iomem range 0xc0000-0xc3fff could not be reserved
[    0.264167] system 00:00: iomem range 0xc4000-0xc7fff could not be reserved
[    0.264249] system 00:00: iomem range 0xc8000-0xcbfff has been reserved
[    0.264332] system 00:00: iomem range 0xcc000-0xcffff has been reserved
[    0.264414] system 00:00: iomem range 0xd0000-0xd3fff could not be reserved
[    0.264505] system 00:00: iomem range 0xe0000-0xe3fff could not be reserved
[    0.264588] system 00:00: iomem range 0xe4000-0xe7fff could not be reserved
[    0.264677] system 00:00: iomem range 0xe8000-0xebfff could not be reserved
[    0.264769] system 00:00: iomem range 0xec000-0xeffff could not be reserved
[    0.264855] system 00:00: iomem range 0xf0000-0xfffff could not be reserved
[    0.264938] system 00:00: iomem range 0x100000-0x3dffffff could not be reserved
[    0.265051] system 00:00: iomem range 0xfec00000-0xfed3ffff could not be reserved
[    0.265161] system 00:00: iomem range 0xfed4c000-0xffffffff could not be reserved
[    0.265276] system 00:02: ioport range 0x164e-0x164f has been reserved
[    0.265375] system 00:02: ioport range 0x1000-0x107f has been reserved
[    0.265457] system 00:02: ioport range 0x1180-0x11bf has been reserved
[    0.265539] system 00:02: ioport range 0x800-0x80f has been reserved
[    0.265635] system 00:02: ioport range 0x15e0-0x15ef has been reserved
[    0.265717] system 00:02: ioport range 0x1600-0x165f could not be reserved
[    0.265811] system 00:02: iomem range 0xf0000000-0xf3ffffff has been reserved
[    0.265909] system 00:02: iomem range 0xfed1c000-0xfed1ffff has been reserved
[    0.266000] system 00:02: iomem range 0xfed14000-0xfed17fff has been reserved
[    0.266086] system 00:02: iomem range 0xfed18000-0xfed18fff has been reserved
[    0.266181] system 00:02: iomem range 0xfed19000-0xfed19fff has been reserved
[    0.266280] system 00:02: iomem range 0xfed45000-0xfed4bfff has been reserved
[    0.301298] pci 0000:00:1c.0: PCI bridge, secondary bus 0000:02
[    0.301393] pci 0000:00:1c.0:   IO window: 0x2000-0x2fff
[    0.301479] pci 0000:00:1c.0:   MEM window: 0xfc000000-0xfdffffff
[    0.301570] pci 0000:00:1c.0:   PREFETCH window: 0x000000f8000000-0x000000f80fffff
[    0.301687] pci 0000:00:1c.1: PCI bridge, secondary bus 0000:03
[    0.301770] pci 0000:00:1c.1:   IO window: 0x3000-0x3fff
[    0.301863] pci 0000:00:1c.1:   MEM window: 0xdc000000-0xdf3fffff
[    0.301946] pci 0000:00:1c.1:   PREFETCH window: 0x000000dfe00000-0x000000dfefffff
[    0.302065] pci 0000:00:1c.2: PCI bridge, secondary bus 0000:04
[    0.302150] pci 0000:00:1c.2:   IO window: 0x4000-0x4fff
[    0.302236] pci 0000:00:1c.2:   MEM window: 0xd8000000-0xd9ffffff
[    0.302334] pci 0000:00:1c.2:   PREFETCH window: 0x000000dfb00000-0x000000dfbfffff
[    0.302463] pci 0000:00:1c.3: PCI bridge, secondary bus 0000:05
[    0.302553] pci 0000:00:1c.3:   IO window: 0x5000-0x5fff
[    0.302645] pci 0000:00:1c.3:   MEM window: 0xd4000000-0xd5ffffff
[    0.302731] pci 0000:00:1c.3:   PREFETCH window: 0x000000df800000-0x000000df8fffff
[    0.302855] pci 0000:00:1c.4: PCI bridge, secondary bus 0000:0d
[    0.302944] pci 0000:00:1c.4:   IO window: 0x6000-0x6fff
[    0.303034] pci 0000:00:1c.4:   MEM window: 0xd0000000-0xd1ffffff
[    0.303119] pci 0000:00:1c.4:   PREFETCH window: 0x000000df500000-0x000000df5fffff
[    0.303239] pci 0000:15:00.0: CardBus bridge, secondary bus 0000:16
[    0.303334] pci 0000:15:00.0:   IO window: 0x007000-0x0070ff
[    0.303424] pci 0000:15:00.0:   IO window: 0x007400-0x0074ff
[    0.303512] pci 0000:15:00.0:   PREFETCH window: 0xf4000000-0xf7ffffff
[    0.303599] pci 0000:15:00.0:   MEM window: 0x40000000-0x43ffffff
[    0.303683] pci 0000:00:1e.0: PCI bridge, secondary bus 0000:15
[    0.303772] pci 0000:00:1e.0:   IO window: 0x7000-0xafff
[    0.303865] pci 0000:00:1e.0:   MEM window: 0xf8300000-0xfbffffff
[    0.303948] pci 0000:00:1e.0:   PREFETCH window: 0x000000f4000000-0x000000f7ffffff
[    0.304080] pci 0000:00:1c.0: PCI INT A -> GSI 20 (level, low) -> IRQ 20
[    0.304170] pci 0000:00:1c.0: setting latency timer to 64
[    0.304181] pci 0000:00:1c.1: PCI INT B -> GSI 21 (level, low) -> IRQ 21
[    0.304273] pci 0000:00:1c.1: setting latency timer to 64
[    0.304287] pci 0000:00:1c.2: PCI INT C -> GSI 22 (level, low) -> IRQ 22
[    0.304379] pci 0000:00:1c.2: setting latency timer to 64
[    0.304393] pci 0000:00:1c.3: PCI INT D -> GSI 23 (level, low) -> IRQ 23
[    0.304481] pci 0000:00:1c.3: setting latency timer to 64
[    0.304493] pci 0000:00:1c.4: PCI INT A -> GSI 20 (level, low) -> IRQ 20
[    0.304577] pci 0000:00:1c.4: setting latency timer to 64
[    0.304581] pci 0000:00:1e.0: enabling device (0005 -> 0007)
[    0.304667] pci 0000:00:1e.0: setting latency timer to 64
[    0.304683] pci 0000:15:00.0: PCI INT A -> GSI 16 (level, low) -> IRQ 16
[    0.304776] pci 0000:15:00.0: setting latency timer to 64
[    0.304780] pci_bus 0000:00: resource 0 io:  [0x00-0xffff]
[    0.304782] pci_bus 0000:00: resource 1 mem: [0x000000-0xffffffff]
[    0.304784] pci_bus 0000:02: resource 0 io:  [0x2000-0x2fff]
[    0.304786] pci_bus 0000:02: resource 1 mem: [0xfc000000-0xfdffffff]
[    0.304788] pci_bus 0000:02: resource 2 pref mem [0xf8000000-0xf80fffff]
[    0.304790] pci_bus 0000:03: resource 0 io:  [0x3000-0x3fff]
[    0.304791] pci_bus 0000:03: resource 1 mem: [0xdc000000-0xdf3fffff]
[    0.304793] pci_bus 0000:03: resource 2 pref mem [0xdfe00000-0xdfefffff]
[    0.304795] pci_bus 0000:04: resource 0 io:  [0x4000-0x4fff]
[    0.304797] pci_bus 0000:04: resource 1 mem: [0xd8000000-0xd9ffffff]
[    0.304799] pci_bus 0000:04: resource 2 pref mem [0xdfb00000-0xdfbfffff]
[    0.304801] pci_bus 0000:05: resource 0 io:  [0x5000-0x5fff]
[    0.304802] pci_bus 0000:05: resource 1 mem: [0xd4000000-0xd5ffffff]
[    0.304804] pci_bus 0000:05: resource 2 pref mem [0xdf800000-0xdf8fffff]
[    0.304806] pci_bus 0000:0d: resource 0 io:  [0x6000-0x6fff]
[    0.304808] pci_bus 0000:0d: resource 1 mem: [0xd0000000-0xd1ffffff]
[    0.304809] pci_bus 0000:0d: resource 2 pref mem [0xdf500000-0xdf5fffff]
[    0.304811] pci_bus 0000:15: resource 0 io:  [0x7000-0xafff]
[    0.304813] pci_bus 0000:15: resource 1 mem: [0xf8300000-0xfbffffff]
[    0.304815] pci_bus 0000:15: resource 2 pref mem [0xf4000000-0xf7ffffff]
[    0.304817] pci_bus 0000:15: resource 3 io:  [0x00-0xffff]
[    0.304818] pci_bus 0000:15: resource 4 mem: [0x000000-0xffffffff]
[    0.304820] pci_bus 0000:16: resource 0 io:  [0x7000-0x70ff]
[    0.304822] pci_bus 0000:16: resource 1 io:  [0x7400-0x74ff]
[    0.304823] pci_bus 0000:16: resource 2 pref mem [0xf4000000-0xf7ffffff]
[    0.304825] pci_bus 0000:16: resource 3 mem: [0x40000000-0x43ffffff]
[    0.304833] NET: Registered protocol family 2
[    0.304924] RANDOM - __random32 called. Change num 7.  Value: 7ba3d01e	3ca905be	d2026a24
[    0.304925] RANDOM - random32 called.  Value: 7ba3d01e	3ca905be	d2026a24
[    0.304930] random 0000 0000 0000 5f8db4e5 4cfdf2a8: rand_read_num 3 get_random_bytes(4): sig fffffb64 5f8db4e5 4cfdf2a8
[    0.304932] random 0000 0000 0000 5f8db4e5 4cfdf2a8: extract_entropy(.. 4 ..)
[    0.304934] random 0000 0000 0000 5f8db4e5 4cfdf2a8: going to reseed nonblocking with 64 bits (32 of 0 requested)
[    0.304936] random 0000 0000 0000 5f8db4e5 4cfdf2a8: extract_entropy(.. 8 ..)
[    0.304938] random 0000 0000 0000 5f8db4e5 4cfdf2a8: trying to extract 64 bits from input
[    0.304940] random 0000 0000 0000 5f8db4e5 4cfdf2a8: debiting 0 entropy credits from input
[    0.304942] random 0000 0000 0000 5f8db4e5 4cfdf2a8: extract_entropy account returned: 0 
[    0.304945] random 0000 0000 0000 5f8db4e5 4cfdf2a8: urand_change_num 5 xfer_secondary_pool(4): pool_sig fffffb64, data_sig 00000000, bytes_mixed 0 5f8db4e5 4cfdf2a8
[    0.304948] random 0000 0000 0000 5f8db4e5 4cfdf2a8: trying to extract 32 bits from nonblocking
[    0.304950] random 0000 0000 0000 5f8db4e5 4cfdf2a8: debiting 32 entropy credits from nonblocking (unlimited)
[    0.304953] random 0000 0000 0000 5f8db4e5 4cfdf2a8: extract_entropy account returned: 4 
[    0.304957] random 0000 0000 0000 5f8db4e5 4cfdf2a8: urand_change_num 6 extract_buf: pool_sig fffffb64, data_sig 00000241, bytes_mixed 20 5f8db4e5 4cfdf2a8
[    0.304966] IP route cache hash table entries: 32768 (order: 5, 131072 bytes)
[    0.305094] RANDOM - __random32 called. Change num 8.  Value: 3d01e034	ca905be7	d4484227
[    0.305096] RANDOM - random32 called.  Value: 3d01e034	ca905be7	d4484227
[    0.305106] RANDOM - __random32 called. Change num 9.  Value: 1e034020	a905be70	844ec14a
[    0.305108] RANDOM - random32 called.  Value: 1e034020	a905be70	844ec14a
[    0.305110] RANDOM - __random32 called. Change num 10.  Value: 34020ec0	905be706	8294c719
[    0.305111] RANDOM - random32 called.  Value: 34020ec0	905be706	8294c719
[    0.305122] RANDOM - __random32 called. Change num 11.  Value: 20ec0ebb	5be7068	8e32c65f
[    0.305124] RANDOM - random32 called.  Value: 20ec0ebb	5be7068	8e32c65f
[    0.305133] TCP established hash table entries: 131072 (order: 8, 1048576 bytes)
[    0.305619] TCP bind hash table entries: 65536 (order: 6, 262144 bytes)
[    0.305797] TCP: Hash tables configured (established 131072 bind 65536)
[    0.305893] TCP reno registered
[    0.305989] NET: Registered protocol family 1
[    0.306099] RPC: Registered udp transport module.
[    0.306188] RPC: Registered tcp transport module.
[    0.306273] RPC: Registered tcp NFSv4.1 backchannel transport module.
[    0.306360] pci 0000:00:02.0: Boot video device
[    0.306575] Simple Boot Flag at 0x35 set to 0x1
[    0.307126] highmem bounce pool size: 64 pages
[    0.308611] VFS: Disk quotas dquot_6.5.2
[    0.308730] Dquot-cache hash table entries: 1024 (order 0, 4096 bytes)
[    0.309461] NTFS driver 2.1.29 [Flags: R/W].
[    0.309612] ROMFS MTD (C) 2007 Red Hat, Inc.
[    0.309811] JFS: nTxBlock = 7695, nTxLock = 61562
[    0.312245] SGI XFS with ACLs, security attributes, large block/inode numbers, no debug enabled
[    0.312717] SGI XFS Quota Management subsystem
[    0.313060] Slow work thread pool: Starting up
[    0.313154] Slow work thread pool: Ready
[    0.313246] GFS2 (built May 24 2013 02:47:17) installed
[    0.313329] msgmni has been set to 1734
[    0.313488] alg: No test for cipher_null (cipher_null-generic)
[    0.313590] alg: No test for ecb(cipher_null) (ecb-cipher_null)
[    0.313695] alg: No test for digest_null (digest_null-generic)
[    0.313783] alg: No test for compress_null (compress_null-generic)
[    0.314326] alg: No test for fcrypt (fcrypt-generic)
[    0.315737] alg: No test for stdrng (krng)
[    0.315827] async_tx: api initialized (async)
[    0.315982] Block layer SCSI generic (bsg) driver version 0.4 loaded (major 254)
[    0.316101] io scheduler noop registered
[    0.316187] io scheduler anticipatory registered
[    0.316277] io scheduler deadline registered
[    0.316400] io scheduler cfq registered (default)
[    0.316636] pcieport 0000:00:1c.0: irq 24 for MSI/MSI-X
[    0.316651] pcieport 0000:00:1c.0: setting latency timer to 64
[    0.316830] pcieport 0000:00:1c.1: irq 25 for MSI/MSI-X
[    0.316842] pcieport 0000:00:1c.1: setting latency timer to 64
[    0.317034] pcieport 0000:00:1c.2: irq 26 for MSI/MSI-X
[    0.317046] pcieport 0000:00:1c.2: setting latency timer to 64
[    0.317229] pcieport 0000:00:1c.3: irq 27 for MSI/MSI-X
[    0.317240] pcieport 0000:00:1c.3: setting latency timer to 64
[    0.317423] pcieport 0000:00:1c.4: irq 28 for MSI/MSI-X
[    0.317434] pcieport 0000:00:1c.4: setting latency timer to 64
[    0.317587] pci_hotplug: PCI Hot Plug PCI Core version: 0.5
[    0.317771] isapnp: Scanning for PnP cards...
[    0.678326] isapnp: No Plug & Play device found
[    0.678413] random 0000 0000 0000 5f8db4e5 4cfdf2a8: initializing
[    0.697914] Serial: 8250/16550 driver, 4 ports, IRQ sharing enabled
[    3.708458] floppy0: no floppy controllers found
[    3.709402] brd: module loaded
[    3.709901] loop: module loaded
[    3.709983] Compaq SMART2 Driver (v 2.6.0)
[    3.710109] HP CISS Driver (v 3.6.20)
[    3.710344] input: Macintosh mouse button emulation as /devices/virtual/input/input0
[    3.710478] Uniform Multi-Platform E-IDE driver
[    3.710697] piix 0000:00:1f.1: IDE controller (0x8086:0x2850 rev 0x03)
[    3.710790] pci 0000:00:1f.1: PCI INT C -> GSI 16 (level, low) -> IRQ 16
[    3.710892] piix 0000:00:1f.1: IDE port disabled
[    3.710981] piix 0000:00:1f.1: not 100% native mode: will probe irqs later
[    3.711068]     ide0: BM-DMA at 0x1c00-0x1c07
[    3.711158] Probing IDE interface ide0...
[    4.382597] hda: HL-DT-ST DVDRAM GSA-U10N, ATAPI CD/DVD-ROM drive
[    4.689374] hda: host max PIO4 wanted PIO255(auto-tune) selected PIO4
[    4.690147] hda: UDMA/33 mode selected
[    4.690607] ide0 at 0x1f0-0x1f7,0x3f6 on irq 14
[    4.694471] ide-gd driver 1.18
[    4.694566] ide-cd driver 5.00
[    4.695955] ide-cd: hda: ATAPI 24X DVD-ROM DVD-R/RAM CD-R/RW drive, 2048kB Cache
[    4.696363] Uniform CD-ROM driver Revision: 3.20
[    4.703533] Loading iSCSI transport class v2.0-870.
[    4.703811] rdac: device handler registered
[    4.703907] hp_sw: device handler registered
[    4.703984] emc: device handler registered
[    4.704067] alua: device handler registered
[    4.705045] Adaptec aacraid driver 1.1-5[2461]-ms
[    4.705459] scsi: <fdomain> Detection failed (no card)
[    4.705547] sym53c416.c: Version 1.0.0-ac
[    4.705650] qlogicfas: no cards were found, please specify I/O address and IRQ using iobase= and irq= options
[    4.705768] QLogic Fibre Channel HBA Driver: 8.03.01-k6
[    4.705971] iscsi: registered transport (qla4xxx)
[    4.706071] QLogic iSCSI HBA Driver
[    4.706148] Emulex LightPulse Fibre Channel SCSI driver 8.3.4
[    4.706228] Copyright(c) 2004-2009 Emulex.  All rights reserved.
[    4.728356] Failed initialization of WD-7000 SCSI card!
[    4.818420] DC390: clustering now enabled by default. If you get problems load
[    4.818542]        with "disable_clustering=1" and report to maintainers
[    4.818668] megaraid cmm: 2.20.2.7 (Release Date: Sun Jul 16 00:01:03 EST 2006)
[    4.818817] megaraid: 2.20.5.1 (Release Date: Thu Nov 16 15:32:35 EST 2006)
[    4.818929] megasas: 00.00.04.01 Thu July 24 11:41:51 PST 2008
[    4.819059] GDT-HA: Storage RAID Controller Driver. Version: 3.05
[    4.819205] 3ware Storage Controller device driver for Linux v1.26.02.002.
[    4.819314] 3ware 9000 Storage Controller device driver for Linux v2.26.02.012.
[    4.819451] nsp32: loading...
[    4.819549] ipr: IBM Power RAID SCSI Device Driver version: 2.4.3 (June 10, 2009)
[    4.819686] RocketRAID 3xxx/4xxx Controller driver v1.6 (090910)
[    4.819793] stex: Promise SuperTrak EX Driver version: 4.6.0000.3
[    4.819917] st: Version 20081215, fixed bufsize 32768, s/g segs 256
[    4.820106] ahci 0000:00:1f.2: version 3.0
[    4.820121] ahci 0000:00:1f.2: PCI INT B -> GSI 16 (level, low) -> IRQ 16
[    4.820246] ahci 0000:00:1f.2: irq 29 for MSI/MSI-X
[    4.820310] ahci 0000:00:1f.2: AHCI 0001.0100 32 slots 3 ports 1.5 Gbps 0x5 impl SATA mode
[    4.820439] ahci 0000:00:1f.2: flags: 64bit ncq sntf pm led clo pio slum part ccc 
[    4.820554] ahci 0000:00:1f.2: setting latency timer to 64
[    4.820695] scsi2 : ahci
[    4.820842] scsi3 : ahci
[    4.820975] scsi4 : ahci
[    4.821134] ata1: SATA max UDMA/133 abar m2048@0xfe226000 port 0xfe226100 irq 29
[    4.821260] ata2: DUMMY
[    4.821355] ata3: SATA max UDMA/133 abar m2048@0xfe226000 port 0xfe226200 irq 29
[    4.821948] I2O subsystem v1.325
[    4.822026] i2o: max drivers = 8
[    4.822163] I2O Configuration OSM v1.323
[    4.822261] I2O Bus Adapter OSM v1.317
[    4.822373] I2O Block Device OSM v1.325
[    4.822512] I2O SCSI Peripheral OSM v1.316
[    4.822611] I2O ProcFS OSM v1.316
[    4.822710] Fusion MPT base driver 3.04.12
[    4.822789] Copyright (c) 1999-2008 LSI Corporation
[    4.822875] Fusion MPT SPI Host driver 3.04.12
[    4.822983] Fusion MPT FC Host driver 3.04.12
[    4.823092] Fusion MPT SAS Host driver 3.04.12
[    4.823239] ohci1394 0000:15:00.1: PCI INT B -> GSI 17 (level, low) -> IRQ 17
[    4.823351] ohci1394 0000:15:00.1: setting latency timer to 64
[    4.877363] ohci1394: fw-host0: OHCI-1394 1.1 (PCI): IRQ=[17]  MMIO=[f8301000-f83017ff]  Max Packet=[2048]  IR/IT contexts=[4/4]
[    4.881640] ehci_hcd: USB 2.0 'Enhanced' Host Controller (EHCI) Driver
[    4.881915] ehci_hcd 0000:00:1a.7: power state changed by ACPI to D0
[    4.882166] ehci_hcd 0000:00:1a.7: power state changed by ACPI to D0
[    4.882252] ehci_hcd 0000:00:1a.7: PCI INT C -> GSI 22 (level, low) -> IRQ 22
[    4.882352] ehci_hcd 0000:00:1a.7: setting latency timer to 64
[    4.882355] ehci_hcd 0000:00:1a.7: EHCI Host Controller
[    4.882492] ehci_hcd 0000:00:1a.7: new USB bus registered, assigned bus number 1
[    4.886529] ehci_hcd 0000:00:1a.7: cache line size of 32 is not supported
[    4.886537] ehci_hcd 0000:00:1a.7: irq 22, io mem 0xfe226c00
[    4.896320] ehci_hcd 0000:00:1a.7: USB 2.0 started, EHCI 1.00
[    4.896423] usb usb1: New USB device found, idVendor=1d6b, idProduct=0002
[    4.896509] usb usb1: New USB device strings: Mfr=3, Product=2, SerialNumber=1
[    4.896625] usb usb1: Product: EHCI Host Controller
[    4.896708] usb usb1: Manufacturer: Linux 2.6.32.57 ehci_hcd
[    4.896793] usb usb1: SerialNumber: 0000:00:1a.7
[    4.896937] usb usb1: configuration #1 chosen from 1 choice
[    4.897051] hub 1-0:1.0: USB hub found
[    4.897133] hub 1-0:1.0: 4 ports detected
[    4.897416] ehci_hcd 0000:00:1d.7: power state changed by ACPI to D0
[    4.897661] ehci_hcd 0000:00:1d.7: power state changed by ACPI to D0
[    4.897756] ehci_hcd 0000:00:1d.7: PCI INT D -> GSI 19 (level, low) -> IRQ 19
[    4.897844] ehci_hcd 0000:00:1d.7: setting latency timer to 64
[    4.897849] ehci_hcd 0000:00:1d.7: EHCI Host Controller
[    4.897968] ehci_hcd 0000:00:1d.7: new USB bus registered, assigned bus number 2
[    4.898118] ehci_hcd 0000:00:1d.7: debug port 1
[    4.902087] ehci_hcd 0000:00:1d.7: cache line size of 32 is not supported
[    4.902096] ehci_hcd 0000:00:1d.7: irq 19, io mem 0xfe227000
[    4.912319] ehci_hcd 0000:00:1d.7: USB 2.0 started, EHCI 1.00
[    4.912420] usb usb2: New USB device found, idVendor=1d6b, idProduct=0002
[    4.912508] usb usb2: New USB device strings: Mfr=3, Product=2, SerialNumber=1
[    4.912622] usb usb2: Product: EHCI Host Controller
[    4.912702] usb usb2: Manufacturer: Linux 2.6.32.57 ehci_hcd
[    4.912792] usb usb2: SerialNumber: 0000:00:1d.7
[    4.912922] usb usb2: configuration #1 chosen from 1 choice
[    4.913043] hub 2-0:1.0: USB hub found
[    4.913128] hub 2-0:1.0: 6 ports detected
[    4.913299] 116x: driver isp116x-hcd, 03 Nov 2005
[    4.913403] ohci_hcd: USB 1.1 'Open' Host Controller (OHCI) Driver
[    4.913515] uhci_hcd: USB Universal Host Controller Interface driver
[    4.913626] uhci_hcd 0000:00:1a.0: PCI INT A -> GSI 20 (level, low) -> IRQ 20
[    4.913720] uhci_hcd 0000:00:1a.0: setting latency timer to 64
[    4.913725] uhci_hcd 0000:00:1a.0: UHCI Host Controller
[    4.913849] uhci_hcd 0000:00:1a.0: new USB bus registered, assigned bus number 3
[    4.913994] uhci_hcd 0000:00:1a.0: irq 20, io base 0x00001860
[    4.914115] usb usb3: New USB device found, idVendor=1d6b, idProduct=0001
[    4.914203] usb usb3: New USB device strings: Mfr=3, Product=2, SerialNumber=1
[    4.914330] usb usb3: Product: UHCI Host Controller
[    4.914415] usb usb3: Manufacturer: Linux 2.6.32.57 uhci_hcd
[    4.914495] usb usb3: SerialNumber: 0000:00:1a.0
[    4.914634] usb usb3: configuration #1 chosen from 1 choice
[    4.914752] hub 3-0:1.0: USB hub found
[    4.914833] hub 3-0:1.0: 2 ports detected
[    4.915113] uhci_hcd 0000:00:1a.1: power state changed by ACPI to D0
[    4.915356] uhci_hcd 0000:00:1a.1: power state changed by ACPI to D0
[    4.915450] uhci_hcd 0000:00:1a.1: PCI INT B -> GSI 21 (level, low) -> IRQ 21
[    4.915536] uhci_hcd 0000:00:1a.1: setting latency timer to 64
[    4.915539] uhci_hcd 0000:00:1a.1: UHCI Host Controller
[    4.915657] uhci_hcd 0000:00:1a.1: new USB bus registered, assigned bus number 4
[    4.915799] uhci_hcd 0000:00:1a.1: irq 21, io base 0x00001880
[    4.915902] usb usb4: New USB device found, idVendor=1d6b, idProduct=0001
[    4.915990] usb usb4: New USB device strings: Mfr=3, Product=2, SerialNumber=1
[    4.916110] usb usb4: Product: UHCI Host Controller
[    4.916187] usb usb4: Manufacturer: Linux 2.6.32.57 uhci_hcd
[    4.916271] usb usb4: SerialNumber: 0000:00:1a.1
[    4.916405] usb usb4: configuration #1 chosen from 1 choice
[    4.916513] hub 4-0:1.0: USB hub found
[    4.916605] hub 4-0:1.0: 2 ports detected
[    4.916886] uhci_hcd 0000:00:1d.0: power state changed by ACPI to D0
[    4.917122] uhci_hcd 0000:00:1d.0: power state changed by ACPI to D0
[    4.917212] uhci_hcd 0000:00:1d.0: PCI INT A -> GSI 16 (level, low) -> IRQ 16
[    4.917310] uhci_hcd 0000:00:1d.0: setting latency timer to 64
[    4.917320] uhci_hcd 0000:00:1d.0: UHCI Host Controller
[    4.917441] uhci_hcd 0000:00:1d.0: new USB bus registered, assigned bus number 5
[    4.917586] uhci_hcd 0000:00:1d.0: irq 16, io base 0x000018a0
[    4.917692] usb usb5: New USB device found, idVendor=1d6b, idProduct=0001
[    4.917779] usb usb5: New USB device strings: Mfr=3, Product=2, SerialNumber=1
[    4.917897] usb usb5: Product: UHCI Host Controller
[    4.917992] usb usb5: Manufacturer: Linux 2.6.32.57 uhci_hcd
[    4.918075] usb usb5: SerialNumber: 0000:00:1d.0
[    4.918207] usb usb5: configuration #1 chosen from 1 choice
[    4.918325] hub 5-0:1.0: USB hub found
[    4.918417] hub 5-0:1.0: 2 ports detected
[    4.918562] uhci_hcd 0000:00:1d.1: PCI INT B -> GSI 17 (level, low) -> IRQ 17
[    4.918655] uhci_hcd 0000:00:1d.1: setting latency timer to 64
[    4.918658] uhci_hcd 0000:00:1d.1: UHCI Host Controller
[    4.918782] uhci_hcd 0000:00:1d.1: new USB bus registered, assigned bus number 6
[    4.918919] uhci_hcd 0000:00:1d.1: irq 17, io base 0x000018c0
[    4.919025] usb usb6: New USB device found, idVendor=1d6b, idProduct=0001
[    4.919107] usb usb6: New USB device strings: Mfr=3, Product=2, SerialNumber=1
[    4.919223] usb usb6: Product: UHCI Host Controller
[    4.919302] usb usb6: Manufacturer: Linux 2.6.32.57 uhci_hcd
[    4.919396] usb usb6: SerialNumber: 0000:00:1d.1
[    4.919522] usb usb6: configuration #1 chosen from 1 choice
[    4.919629] hub 6-0:1.0: USB hub found
[    4.919712] hub 6-0:1.0: 2 ports detected
[    4.919997] uhci_hcd 0000:00:1d.2: power state changed by ACPI to D0
[    4.920239] uhci_hcd 0000:00:1d.2: power state changed by ACPI to D0
[    4.920336] uhci_hcd 0000:00:1d.2: PCI INT C -> GSI 18 (level, low) -> IRQ 18
[    4.920430] uhci_hcd 0000:00:1d.2: setting latency timer to 64
[    4.920435] uhci_hcd 0000:00:1d.2: UHCI Host Controller
[    4.920560] uhci_hcd 0000:00:1d.2: new USB bus registered, assigned bus number 7
[    4.920711] uhci_hcd 0000:00:1d.2: irq 18, io base 0x000018e0
[    4.920815] usb usb7: New USB device found, idVendor=1d6b, idProduct=0001
[    4.920902] usb usb7: New USB device strings: Mfr=3, Product=2, SerialNumber=1
[    4.921013] usb usb7: Product: UHCI Host Controller
[    4.921094] usb usb7: Manufacturer: Linux 2.6.32.57 uhci_hcd
[    4.921179] usb usb7: SerialNumber: 0000:00:1d.2
[    4.921974] usb usb7: configuration #1 chosen from 1 choice
[    4.922087] hub 7-0:1.0: USB hub found
[    4.922167] hub 7-0:1.0: 2 ports detected
[    4.922321] sl811: driver sl811-hcd, 19 May 2005
[    4.922417] r8a66597_hcd: driver r8a66597_hcd, 2009-05-26
[    4.922576] Initializing USB Mass Storage driver...
[    4.922692] usbcore: registered new interface driver usb-storage
[    4.922780] USB Mass Storage support registered.
[    4.922876] usbcore: registered new interface driver ums-alauda
[    4.922975] usbcore: registered new interface driver ums-cypress
[    4.923074] usbcore: registered new interface driver ums-datafab
[    4.923179] usbcore: registered new interface driver ums-freecom
[    4.923278] usbcore: registered new interface driver ums-isd200
[    4.923388] usbcore: registered new interface driver ums-jumpshot
[    4.923492] usbcore: registered new interface driver ums-karma
[    4.923597] usbcore: registered new interface driver ums-onetouch
[    4.923698] usbcore: registered new interface driver ums-sddr09
[    4.923798] usbcore: registered new interface driver ums-sddr55
[    4.923902] usbcore: registered new interface driver ums-usbat
[    4.924038] PNP: PS/2 Controller [PNP0303:KBD,PNP0f13:MOU] at 0x60,0x64 irq 1,12
[    4.933005] serio: i8042 KBD port at 0x60,0x64 irq 1
[    4.933090] serio: i8042 AUX port at 0x60,0x64 irq 12
[    4.933344] mice: PS/2 mouse device common for all mice
[    4.933450] i2c /dev entries driver
[    4.933584] md: linear personality registered for level -1
[    4.933669] md: raid0 personality registered for level 0
[    4.933749] md: raid1 personality registered for level 1
[    4.933828] md: raid10 personality registered for level 10
[    4.933907] md: raid6 personality registered for level 6
[    4.933988] md: raid5 personality registered for level 5
[    4.934078] md: raid4 personality registered for level 4
[    4.934168] md: multipath personality registered for level -4
[    4.934378] device-mapper: ioctl: 4.15.0-ioctl (2009-04-01) initialised: dm-devel@redhat.com
[    4.934570] cpuidle: using governor ladder
[    4.935155] usbcore: registered new interface driver usbhid
[    4.935251] usbhid: v2.6:USB HID core driver
[    4.935408] random 0000 0000 0000 00000000 00000000: rand_read_num 4 get_random_bytes(136): sig 00000000 00000000 00000000
[    4.935410] random 0000 0000 0000 00000000 00000000: extract_entropy(.. 136 ..)
[    4.935413] random 0000 0000 0000 00000000 00000000: going to reseed nonblocking with 1024 bits (1088 of 0 requested)
[    4.935415] random 0000 0000 0000 00000000 00000000: extract_entropy(.. 128 ..)
[    4.935418] random 0000 0000 0000 00000000 00000000: trying to extract 1024 bits from input
[    4.935420] random 0000 0000 0000 00000000 00000000: debiting 0 entropy credits from input
[    4.935421] random 0000 0000 0000 00000000 00000000: extract_entropy account returned: 0 
[    4.935424] random 0000 0000 0000 00000000 00000000: urand_change_num 7 xfer_secondary_pool(136): pool_sig 00000000, data_sig 00000000, bytes_mixed 0 00000000 00000000
[    4.935427] random 0000 0000 0000 00000000 00000000: trying to extract 1088 bits from nonblocking
[    4.935430] random 0000 0000 0000 00000000 00000000: debiting 1088 entropy credits from nonblocking (unlimited)
[    4.935432] random 0000 0000 0000 00000000 00000000: extract_entropy account returned: 136 
[    4.935436] random 0000 0000 0000 00000000 00000000: urand_change_num 8 extract_buf: pool_sig 00000000, data_sig fffffff9, bytes_mixed 20 00000000 00000000
[    4.935442] random 0000 0000 0000 b7c35b56 be4dc95d: urand_change_num 9 extract_buf: pool_sig fffffd1e, data_sig 000000c5, bytes_mixed 20 b7c35b56 be4dc95d
[    4.935447] random 0000 0000 0000 ed9f5c47 c48487fb: urand_change_num 10 extract_buf: pool_sig fffff8ec, data_sig ffffff68, bytes_mixed 20 ed9f5c47 c48487fb
[    4.935452] random 0000 0000 0000 ed9f5c47 c48487fb: urand_change_num 11 extract_buf: pool_sig fffffaed, data_sig 000001aa, bytes_mixed 20 ed9f5c47 c48487fb
[    4.935457] random 0000 0000 0000 1b4f7c0a 91bd6a48: urand_change_num 12 extract_buf: pool_sig fffffdd8, data_sig 00000064, bytes_mixed 20 1b4f7c0a 91bd6a48
[    4.935463] random 0000 0000 0000 a254b9bc 20e9a24f: urand_change_num 13 extract_buf: pool_sig fffffbe6, data_sig 000001dd, bytes_mixed 20 a254b9bc 20e9a24f
[    4.935468] random 0000 0000 0000 a254b9bc 20e9a24f: urand_change_num 14 extract_buf: pool_sig fffff940, data_sig fffffe20, bytes_mixed 20 a254b9bc 20e9a24f
[    4.935473] random 0000 0000 0000 2831a66b 5fa2a3ad: urand_change_num 15 extract_buf: pool_sig fffffbce, data_sig 0000007e, bytes_mixed 20 2831a66b 5fa2a3ad
[    4.935478] random 0000 0000 0000 2831a66b 5fa2a3ad: urand_change_num 16 extract_buf: pool_sig 000004df, data_sig fffffe8f, bytes_mixed 20 2831a66b 5fa2a3ad
[    4.935483] random 0000 0000 0000 d4512bfd c9a54e0b: urand_change_num 17 extract_buf: pool_sig 00000485, data_sig fffffe68, bytes_mixed 20 d4512bfd c9a54e0b
[    4.935488] random 0000 0000 0000 c7371be6 f9ffea11: urand_change_num 18 extract_buf: pool_sig 00000095, data_sig ffffffed, bytes_mixed 20 c7371be6 f9ffea11
[    4.935493] random 0000 0000 0000 c7371be6 f9ffea11: urand_change_num 19 extract_buf: pool_sig 000003a7, data_sig fffffefa, bytes_mixed 20 c7371be6 f9ffea11
[    4.935498] random 0000 0000 0000 8fb4b62c d1ddba54: urand_change_num 20 extract_buf: pool_sig 00000179, data_sig ffffff78, bytes_mixed 20 8fb4b62c d1ddba54
[    4.935504] random 0000 0000 0000 9ff19f9c c07a1d2a: urand_change_num 21 extract_buf: pool_sig fffffe88, data_sig 00000126, bytes_mixed 20 9ff19f9c c07a1d2a
[    4.935508] TCP cubic registered
[    4.935585] Initializing XFRM netlink socket
[    4.935677] NET: Registered protocol family 17
[    4.935771] Using IPI Shortcut mode
[    4.935850] random 0000 0000 0000 9ff19f9c c07a1d2a: rand_read_num 5 get_random_bytes(8): sig 0000031b 9ff19f9c c07a1d2a
[    4.935852] random 0000 0000 0000 9ff19f9c c07a1d2a: extract_entropy(.. 8 ..)
[    4.935854] random 0000 0000 0000 9ff19f9c c07a1d2a: going to reseed nonblocking with 64 bits (64 of 0 requested)
[    4.935856] random 0000 0000 0000 9ff19f9c c07a1d2a: extract_entropy(.. 8 ..)
[    4.935858] random 0000 0000 0000 9ff19f9c c07a1d2a: trying to extract 64 bits from input
[    4.935860] random 0000 0000 0000 9ff19f9c c07a1d2a: debiting 0 entropy credits from input
[    4.935862] random 0000 0000 0000 9ff19f9c c07a1d2a: extract_entropy account returned: 0 
[    4.935865] random 0000 0000 0000 9ff19f9c c07a1d2a: urand_change_num 22 xfer_secondary_pool(8): pool_sig 0000031b, data_sig 00000000, bytes_mixed 0 9ff19f9c c07a1d2a
[    4.935868] random 0000 0000 0000 9ff19f9c c07a1d2a: trying to extract 64 bits from nonblocking
[    4.935870] random 0000 0000 0000 9ff19f9c c07a1d2a: debiting 64 entropy credits from nonblocking (unlimited)
[    4.935872] random 0000 0000 0000 9ff19f9c c07a1d2a: extract_entropy account returned: 8 
[    4.935876] random 0000 0000 0000 9ff19f9c c07a1d2a: urand_change_num 23 extract_buf: pool_sig 0000031b, data_sig ffffffb3, bytes_mixed 20 9ff19f9c c07a1d2a
[    4.938187] input: AT Translated Set 2 keyboard as /devices/platform/i8042/serio0/input/input1
[    5.128309] ata3: SATA link down (SStatus 0 SControl 300)
[    5.128418] ata1: SATA link up 1.5 Gbps (SStatus 113 SControl 300)
[    5.130072] ata1.00: ACPI cmd ef/02:00:00:00:00:a0 (SET FEATURES) succeeded
[    5.130075] ata1.00: ACPI cmd f5/00:00:00:00:00:a0 (SECURITY FREEZE LOCK) filtered out
[    5.131470] ata1.00: ACPI cmd ef/5f:00:00:00:00:a0 (SET FEATURES) succeeded
[    5.131472] ata1.00: ACPI cmd ef/10:03:00:00:00:a0 (SET FEATURES) filtered out
[    5.133380] ata1.00: ATA-7: ST910021AS, 4.06, max UDMA/100
[    5.133471] ata1.00: 195371568 sectors, multi 16: LBA48 
[    5.135618] ata1.00: ACPI cmd ef/02:00:00:00:00:a0 (SET FEATURES) succeeded
[    5.135621] ata1.00: ACPI cmd f5/00:00:00:00:00:a0 (SECURITY FREEZE LOCK) filtered out
[    5.137011] ata1.00: ACPI cmd ef/5f:00:00:00:00:a0 (SET FEATURES) succeeded
[    5.137013] ata1.00: ACPI cmd ef/10:03:00:00:00:a0 (SET FEATURES) filtered out
[    5.138937] ata1.00: configured for UDMA/100
[    5.149356] scsi 2:0:0:0: Direct-Access     ATA      ST910021AS       4.06 PQ: 0 ANSI: 5
[    5.149632] sd 2:0:0:0: [sda] 195371568 512-byte logical blocks: (100 GB/93.1 GiB)
[    5.149772] sd 2:0:0:0: [sda] Write Protect is off
[    5.149857] sd 2:0:0:0: [sda] Mode Sense: 00 3a 00 00
[    5.149869] sd 2:0:0:0: [sda] Write cache: enabled, read cache: enabled, doesn't support DPO or FUA
[    5.150051]  sda:
[    5.216285] usb 2-1: new high speed USB device using ehci_hcd and address 2
[    5.365562] usb 2-1: New USB device found, idVendor=0e8d, idProduct=1806
[    5.365648] usb 2-1: New USB device strings: Mfr=1, Product=2, SerialNumber=3
[    5.365731] usb 2-1: Product: MT1806 
[    5.365820] usb 2-1: Manufacturer: MediaTek Inc
[    5.365906] usb 2-1: SerialNumber: R8KN6GAC800AEB 
[    5.366037] usb 2-1: configuration #1 chosen from 1 choice
[    5.372353] scsi5 : SCSI emulation for USB Mass Storage devices
[    5.372521] usb-storage: device found at 2
[    5.372522] usb-storage: waiting for device to settle before scanning
[    5.564048]  sda1 sda2
[    5.564773] sd 2:0:0:0: [sda] Attached SCSI disk
[    5.564864] random 0000 0000 0000 277f73c3 42024bb9: rand_read_num 6 get_random_bytes(12): sig 000007e9 277f73c3 42024bb9
[    5.564866] random 0000 0000 0000 277f73c3 42024bb9: extract_entropy(.. 12 ..)
[    5.564869] random 0000 0000 0000 277f73c3 42024bb9: going to reseed nonblocking with 96 bits (96 of 0 requested)
[    5.564871] random 0000 0000 0000 277f73c3 42024bb9: extract_entropy(.. 12 ..)
[    5.564873] random 0000 0000 0000 277f73c3 42024bb9: trying to extract 96 bits from input
[    5.564875] random 0000 0000 0000 277f73c3 42024bb9: debiting 0 entropy credits from input
[    5.564877] random 0000 0000 0000 277f73c3 42024bb9: extract_entropy account returned: 0 
[    5.564880] random 0000 0000 0000 277f73c3 42024bb9: urand_change_num 24 xfer_secondary_pool(12): pool_sig 000007e9, data_sig 00000000, bytes_mixed 0 277f73c3 42024bb9
[    5.564883] random 0000 0000 0000 277f73c3 42024bb9: trying to extract 96 bits from nonblocking
[    5.564885] random 0000 0000 0000 277f73c3 42024bb9: debiting 96 entropy credits from nonblocking (unlimited)
[    5.564887] random 0000 0000 0000 277f73c3 42024bb9: extract_entropy account returned: 12 
[    5.564892] random 0000 0000 0000 277f73c3 42024bb9: urand_change_num 25 extract_buf: pool_sig 000007e9, data_sig 00000088, bytes_mixed 20 277f73c3 42024bb9
[    5.564897] random 0000 0000 0000 277f73c3 42024bb9: urand_change_num 26 extract_buf: pool_sig 00000498, data_sig fffffefb, bytes_mixed 20 277f73c3 42024bb9
[    5.564900] RANDOM - __seed init called.
[    5.564901] RANDOM - __seed init called.
[    5.564902] RANDOM - __seed init called.
[    5.564904] RANDOM - __random32 called. Change num 12.  Value: 87f14767	f0d7351	b1e48bd3
[    5.564905] RANDOM - random32_reseed called.  Value: 87f14767	f0d7351	b1e48bd3
[    5.564908] Pid: 1, comm: swapper Not tainted 2.6.32.57 #3
[    5.564990] Call Trace:
[    5.565072]  [<c1923ca4>] ? random32_reseed+0xa0/0xb1
[    5.565157]  [<c1923c04>] ? random32_reseed+0x0/0xb1
[    5.565253]  [<c100111e>] ? do_one_initcall+0x2e/0x180
[    5.565342]  [<c1907265>] ? kernel_init+0xad/0x103
[    5.565421]  [<c19071b8>] ? kernel_init+0x0/0x103
[    5.565507]  [<c1003787>] ? kernel_thread_helper+0x7/0x10
[    5.566034] random 0000 0000 0000 386b4e60 ee4d4880: rand_read_num 7 get_random_bytes(64): sig fffffea5 386b4e60 ee4d4880
[    5.566037] random 0000 0000 0000 386b4e60 ee4d4880: extract_entropy(.. 64 ..)
[    5.566039] random 0000 0000 0000 386b4e60 ee4d4880: going to reseed nonblocking with 512 bits (512 of 0 requested)
[    5.566041] random 0000 0000 0000 386b4e60 ee4d4880: extract_entropy(.. 64 ..)
[    5.566043] random 0000 0000 0000 386b4e60 ee4d4880: trying to extract 512 bits from input
[    5.566045] random 0000 0000 0000 386b4e60 ee4d4880: debiting 0 entropy credits from input
[    5.566047] random 0000 0000 0000 386b4e60 ee4d4880: extract_entropy account returned: 0 
[    5.566050] random 0000 0000 0000 386b4e60 ee4d4880: urand_change_num 27 xfer_secondary_pool(64): pool_sig fffffea5, data_sig 00000000, bytes_mixed 0 386b4e60 ee4d4880
[    5.566053] random 0000 0000 0000 386b4e60 ee4d4880: trying to extract 512 bits from nonblocking
[    5.566055] random 0000 0000 0000 386b4e60 ee4d4880: debiting 512 entropy credits from nonblocking (unlimited)
[    5.566058] random 0000 0000 0000 386b4e60 ee4d4880: extract_entropy account returned: 64 
[    5.566062] random 0000 0000 0000 386b4e60 ee4d4880: urand_change_num 28 extract_buf: pool_sig fffffea5, data_sig 00000173, bytes_mixed 20 386b4e60 ee4d4880
[    5.566067] random 0000 0000 0000 412698f6 0cc8689a: urand_change_num 29 extract_buf: pool_sig 00000122, data_sig ffffff63, bytes_mixed 20 412698f6 0cc8689a
[    5.566072] random 0000 0000 0000 412698f6 0cc8689a: urand_change_num 30 extract_buf: pool_sig 000001f7, data_sig 00000012, bytes_mixed 20 412698f6 0cc8689a
[    5.566078] random 0000 0000 0000 9669941e 06f768b1: urand_change_num 31 extract_buf: pool_sig fffffb5b, data_sig 0000003f, bytes_mixed 20 9669941e 06f768b1
[    5.566083] random 0000 0000 0000 98486520 995551f0: urand_change_num 32 extract_buf: pool_sig fffffb39, data_sig 0000000e, bytes_mixed 20 98486520 995551f0
[    5.566088] random 0000 0000 0000 98486520 995551f0: urand_change_num 33 extract_buf: pool_sig fffffd8d, data_sig 000001a6, bytes_mixed 20 98486520 995551f0
[    5.566093] random 0000 0000 0000 61fc8914 d5882ed2: urand_change_num 34 extract_buf: pool_sig fffffa58, data_sig 0000023e, bytes_mixed 20 61fc8914 d5882ed2
[    5.566122] random 0000 0000 0000 61fc8914 d5882ed2: rand_read_num 8 get_random_bytes(64): sig fffff9ee 61fc8914 d5882ed2
[    5.566124] random 0000 0000 0000 61fc8914 d5882ed2: extract_entropy(.. 64 ..)
[    5.566127] random 0000 0000 0000 61fc8914 d5882ed2: going to reseed nonblocking with 512 bits (512 of 0 requested)
[    5.566129] random 0000 0000 0000 61fc8914 d5882ed2: extract_entropy(.. 64 ..)
[    5.566131] random 0000 0000 0000 61fc8914 d5882ed2: trying to extract 512 bits from input
[    5.566133] random 0000 0000 0000 61fc8914 d5882ed2: debiting 0 entropy credits from input
[    5.566135] random 0000 0000 0000 61fc8914 d5882ed2: extract_entropy account returned: 0 
[    5.566138] random 0000 0000 0000 61fc8914 d5882ed2: urand_change_num 35 xfer_secondary_pool(64): pool_sig fffff9ee, data_sig 00000000, bytes_mixed 0 61fc8914 d5882ed2
[    5.566141] random 0000 0000 0000 61fc8914 d5882ed2: trying to extract 512 bits from nonblocking
[    5.566143] random 0000 0000 0000 61fc8914 d5882ed2: debiting 512 entropy credits from nonblocking (unlimited)
[    5.566145] random 0000 0000 0000 61fc8914 d5882ed2: extract_entropy account returned: 64 
[    5.566149] random 0000 0000 0000 61fc8914 d5882ed2: urand_change_num 36 extract_buf: pool_sig fffff9ee, data_sig ffffff85, bytes_mixed 20 61fc8914 d5882ed2
[    5.566154] random 0000 0000 0000 70cfd302 e5edec11: urand_change_num 37 extract_buf: pool_sig fffffdc1, data_sig ffffffde, bytes_mixed 20 70cfd302 e5edec11
[    5.566160] random 0000 0000 0000 00dab838 eafd2b30: urand_change_num 38 extract_buf: pool_sig 000003da, data_sig ffffff61, bytes_mixed 20 00dab838 eafd2b30
[    5.566165] random 0000 0000 0000 00dab838 eafd2b30: urand_change_num 39 extract_buf: pool_sig 00000314, data_sig 00000121, bytes_mixed 20 00dab838 eafd2b30
[    5.566170] random 0000 0000 0000 5fcdf66a 6442b608: urand_change_num 40 extract_buf: pool_sig 0000028b, data_sig fffffefd, bytes_mixed 20 5fcdf66a 6442b608
[    5.566175] random 0000 0000 0000 61333f6b 8fae0f9b: urand_change_num 41 extract_buf: pool_sig 000000cb, data_sig 000000b3, bytes_mixed 20 61333f6b 8fae0f9b
[    5.566180] random 0000 0000 0000 61333f6b 8fae0f9b: urand_change_num 42 extract_buf: pool_sig fffffef8, data_sig 00000051, bytes_mixed 20 61333f6b 8fae0f9b
[    5.566183] BEGIN NET_SECRET:
[    5.566184] \xffffffe0
[    5.566185] \xffffffb6
[    5.566186] \x36
[    5.566187] \xffffffb5
[    5.566187] \xffffff94
[    5.566188] \xffffffb2
[    5.566189] \xffffffa8
[    5.566190] \xffffffda
[    5.566191] \x5b
[    5.566191] \x19
[    5.566192] \x18
[    5.566193] \x5c
[    5.566194] \x2b
[    5.566194] \x1
[    5.566195] \xffffff90
[    5.566196] \x19
[    5.566197] \x3c
[    5.566197] \xfffffff2
[    5.566198] \xffffff82
[    5.566199] \x2a
[    5.566200] \xffffffb3
[    5.566200] \xffffffa2
[    5.566201] \x3f
[    5.566202] \x5
[    5.566203] \x52
[    5.566203] \x77
[    5.566204] \x57
[    5.566205] \x79
[    5.566205] \x16
[    5.566206] \x43
[    5.566207] \xffffff84
[    5.566208] \xffffffc3
[    5.566208] \xffffffe9
[    5.566209] \x79
[    5.566210] \x50
[    5.566211] \xffffff8e
[    5.566212] \x3f
[    5.566212] \xfffffff3
[    5.566213] \x19
[    5.566214] \x2a
[    5.566215] \xfffffffd
[    5.566215] \xfffffffb
[    5.566216] \x62
[    5.566217] \x3c
[    5.566218] \xffffffac
[    5.566218] \x1c
[    5.566219] \x3b
[    5.566220] \x3b
[    5.566220] \x15
[    5.566221] \x27
[    5.566222] \xffffffa8
[    5.566222] \x22
[    5.566223] \xffffffc5
[    5.566224] \xffffff9a
[    5.566225] \x5
[    5.566225] \x6c
[    5.566226] \xffffffa8
[    5.566227] \x3a
[    5.566228] \x44
[    5.566228] \xffffffaf
[    5.566229] \x13
[    5.566230] \xffffffe0
[    5.566231] \xffffff9d
[    5.566232] \x22
[    5.566232] 
[    5.566233] END NET_SECRET
[    5.566236] random 0000 0000 0000 e7f555d9 e8ce5c3c: rand_read_num 9 get_random_bytes(4): sig 0000068c e7f555d9 e8ce5c3c
[    5.566241] random 0000 0000 0000 e7f555d9 e8ce5c3c: extract_entropy(.. 4 ..)
[    5.566243] random 0000 0000 0000 e7f555d9 e8ce5c3c: going to reseed nonblocking with 64 bits (32 of 0 requested)
[    5.566245] random 0000 0000 0000 e7f555d9 e8ce5c3c: extract_entropy(.. 8 ..)
[    5.566247] random 0000 0000 0000 e7f555d9 e8ce5c3c: trying to extract 64 bits from input
[    5.566249] random 0000 0000 0000 e7f555d9 e8ce5c3c: debiting 0 entropy credits from input
[    5.566251] random 0000 0000 0000 e7f555d9 e8ce5c3c: extract_entropy account returned: 0 
[    5.566254] random 0000 0000 0000 e7f555d9 e8ce5c3c: urand_change_num 43 xfer_secondary_pool(4): pool_sig 0000068c, data_sig 00000000, bytes_mixed 0 e7f555d9 e8ce5c3c
[    5.566257] random 0000 0000 0000 e7f555d9 e8ce5c3c: trying to extract 32 bits from nonblocking
[    5.566259] random 0000 0000 0000 e7f555d9 e8ce5c3c: debiting 32 entropy credits from nonblocking (unlimited)
[    5.566261] random 0000 0000 0000 e7f555d9 e8ce5c3c: extract_entropy account returned: 4 
[    5.566265] random 0000 0000 0000 e7f555d9 e8ce5c3c: urand_change_num 44 extract_buf: pool_sig 0000068c, data_sig fffffdcb, bytes_mixed 20 e7f555d9 e8ce5c3c
[    5.566277] md: Waiting for all devices to be available before autodetect
[    5.566359] md: If you don't use raid, use raid=noautodetect
[    5.566520] md: Autodetecting RAID arrays.
[    5.566611] md: Scanned 0 and added 0 devices.
[    5.566700] md: autorun ...
[    5.566780] md: ... autorun DONE.
[    5.581499] EXT3-fs: sda2: couldn't mount because of unsupported optional features (240).
[    5.581726] EXT2-fs: sda2: couldn't mount because of unsupported optional features (240).
[    5.582952] random 0000 0000 0000 e7f555d9 e8ce5c3c: rand_read_num 10 get_random_bytes(4): sig ffffff72 e7f555d9 e8ce5c3c
[    5.582954] random 0000 0000 0000 e7f555d9 e8ce5c3c: extract_entropy(.. 4 ..)
[    5.582957] random 0000 0000 0000 e7f555d9 e8ce5c3c: going to reseed nonblocking with 64 bits (32 of 0 requested)
[    5.582959] random 0000 0000 0000 e7f555d9 e8ce5c3c: extract_entropy(.. 8 ..)
[    5.582961] random 0000 0000 0000 e7f555d9 e8ce5c3c: trying to extract 64 bits from input
[    5.582963] random 0000 0000 0000 e7f555d9 e8ce5c3c: debiting 0 entropy credits from input
[    5.582965] random 0000 0000 0000 e7f555d9 e8ce5c3c: extract_entropy account returned: 0 
[    5.582968] random 0000 0000 0000 e7f555d9 e8ce5c3c: urand_change_num 45 xfer_secondary_pool(4): pool_sig ffffff72, data_sig 00000000, bytes_mixed 0 e7f555d9 e8ce5c3c
[    5.582971] random 0000 0000 0000 e7f555d9 e8ce5c3c: trying to extract 32 bits from nonblocking
[    5.582973] random 0000 0000 0000 e7f555d9 e8ce5c3c: debiting 32 entropy credits from nonblocking (unlimited)
[    5.582975] random 0000 0000 0000 e7f555d9 e8ce5c3c: extract_entropy account returned: 4 
[    5.582979] random 0000 0000 0000 e7f555d9 e8ce5c3c: urand_change_num 46 extract_buf: pool_sig ffffff72, data_sig ffffff72, bytes_mixed 20 e7f555d9 e8ce5c3c
[    5.618180] EXT4-fs (sda2): mounted filesystem with ordered data mode
[    5.618365] VFS: Mounted root (ext4 filesystem) readonly on device 8:2.
[    5.618465] Freeing unused kernel memory: 448k freed
[    5.688795] random 0000 0000 0000 91716c54 eeb6a1e7: rand_read_num 11 get_random_bytes(16): sig fffffcad 91716c54 eeb6a1e7
[    5.688798] random 0000 0000 0000 91716c54 eeb6a1e7: extract_entropy(.. 16 ..)
[    5.688800] random 0000 0000 0000 91716c54 eeb6a1e7: going to reseed nonblocking with 128 bits (128 of 0 requested)
[    5.688802] random 0000 0000 0000 91716c54 eeb6a1e7: extract_entropy(.. 16 ..)
[    5.688804] random 0000 0000 0000 91716c54 eeb6a1e7: trying to extract 128 bits from input
[    5.688807] random 0000 0000 0000 91716c54 eeb6a1e7: debiting 0 entropy credits from input
[    5.688808] random 0000 0000 0000 91716c54 eeb6a1e7: extract_entropy account returned: 0 
[    5.688812] random 0000 0000 0000 91716c54 eeb6a1e7: urand_change_num 47 xfer_secondary_pool(16): pool_sig fffffcad, data_sig 00000000, bytes_mixed 0 91716c54 eeb6a1e7
[    5.688814] random 0000 0000 0000 91716c54 eeb6a1e7: trying to extract 128 bits from nonblocking
[    5.688817] random 0000 0000 0000 91716c54 eeb6a1e7: debiting 128 entropy credits from nonblocking (unlimited)
[    5.688819] random 0000 0000 0000 91716c54 eeb6a1e7: extract_entropy account returned: 16 
[    5.688823] random 0000 0000 0000 91716c54 eeb6a1e7: urand_change_num 48 extract_buf: pool_sig fffffcad, data_sig ffffff19, bytes_mixed 20 91716c54 eeb6a1e7
[    5.688828] random 0000 0000 0000 fd637b06 6cf47bc1: urand_change_num 49 extract_buf: pool_sig fffffede, data_sig ffffffc1, bytes_mixed 20 fd637b06 6cf47bc1
[    5.767220] random 0000 0000 0000 fd637b06 6cf47bc1: rand_read_num 12 get_random_bytes(16): sig 0000033b fd637b06 6cf47bc1
[    5.767223] random 0000 0000 0000 fd637b06 6cf47bc1: extract_entropy(.. 16 ..)
[    5.767226] random 0000 0000 0000 fd637b06 6cf47bc1: going to reseed nonblocking with 128 bits (128 of 0 requested)
[    5.767228] random 0000 0000 0000 fd637b06 6cf47bc1: extract_entropy(.. 16 ..)
[    5.767230] random 0000 0000 0000 fd637b06 6cf47bc1: trying to extract 128 bits from input
[    5.767232] random 0000 0000 0000 fd637b06 6cf47bc1: debiting 0 entropy credits from input
[    5.767234] random 0000 0000 0000 fd637b06 6cf47bc1: extract_entropy account returned: 0 
[    5.767237] random 0000 0000 0000 fd637b06 6cf47bc1: urand_change_num 50 xfer_secondary_pool(16): pool_sig 0000033b, data_sig 00000000, bytes_mixed 0 fd637b06 6cf47bc1
[    5.767240] random 0000 0000 0000 fd637b06 6cf47bc1: trying to extract 128 bits from nonblocking
[    5.767242] random 0000 0000 0000 fd637b06 6cf47bc1: debiting 128 entropy credits from nonblocking (unlimited)
[    5.767245] random 0000 0000 0000 fd637b06 6cf47bc1: extract_entropy account returned: 16 
[    5.767249] random 0000 0000 0000 fd637b06 6cf47bc1: urand_change_num 51 extract_buf: pool_sig 0000033b, data_sig 000000d8, bytes_mixed 20 fd637b06 6cf47bc1
[    5.767254] random 0000 0000 0000 0ec1f012 d4727ca8: urand_change_num 52 extract_buf: pool_sig fffffcf5, data_sig 00000016, bytes_mixed 20 0ec1f012 d4727ca8
[    6.141116] random 0000 0000 0000 45b1d0b1 845a73f7: rand_read_num 13 get_random_bytes(16): sig 00000116 45b1d0b1 845a73f7
[    6.141118] random 0000 0000 0000 45b1d0b1 845a73f7: extract_entropy(.. 16 ..)
[    6.141121] random 0000 0000 0000 45b1d0b1 845a73f7: going to reseed nonblocking with 128 bits (128 of 0 requested)
[    6.141123] random 0000 0000 0000 45b1d0b1 845a73f7: extract_entropy(.. 16 ..)
[    6.141126] random 0000 0000 0000 45b1d0b1 845a73f7: trying to extract 128 bits from input
[    6.141128] random 0000 0000 0000 45b1d0b1 845a73f7: debiting 0 entropy credits from input
[    6.141130] random 0000 0000 0000 45b1d0b1 845a73f7: extract_entropy account returned: 0 
[    6.141133] random 0000 0000 0000 45b1d0b1 845a73f7: urand_change_num 53 xfer_secondary_pool(16): pool_sig 00000116, data_sig 00000000, bytes_mixed 0 45b1d0b1 845a73f7
[    6.141136] random 0000 0000 0000 45b1d0b1 845a73f7: trying to extract 128 bits from nonblocking
[    6.141138] random 0000 0000 0000 45b1d0b1 845a73f7: debiting 128 entropy credits from nonblocking (unlimited)
[    6.141140] random 0000 0000 0000 45b1d0b1 845a73f7: extract_entropy account returned: 16 
[    6.141145] random 0000 0000 0000 45b1d0b1 845a73f7: urand_change_num 54 extract_buf: pool_sig 00000116, data_sig fffffd8b, bytes_mixed 20 45b1d0b1 845a73f7
[    6.141150] random 0000 0000 0000 45b1d0b1 845a73f7: urand_change_num 55 extract_buf: pool_sig fffffc05, data_sig 00000109, bytes_mixed 20 45b1d0b1 845a73f7
[    6.141355] ieee1394: Host added: ID:BUS[0-00:1023]  GUID[00061b032a25f51c]
[    6.193610] random 0000 0000 0000 5012cce3 b8a30621: rand_read_num 14 get_random_bytes(16): sig fffffb93 5012cce3 b8a30621
[    6.193613] random 0000 0000 0000 5012cce3 b8a30621: extract_entropy(.. 16 ..)
[    6.193616] random 0000 0000 0000 5012cce3 b8a30621: going to reseed nonblocking with 128 bits (128 of 0 requested)
[    6.193618] random 0000 0000 0000 5012cce3 b8a30621: extract_entropy(.. 16 ..)
[    6.193620] random 0000 0000 0000 5012cce3 b8a30621: trying to extract 128 bits from input
[    6.193622] random 0000 0000 0000 5012cce3 b8a30621: debiting 0 entropy credits from input
[    6.193624] random 0000 0000 0000 5012cce3 b8a30621: extract_entropy account returned: 0 
[    6.193627] random 0000 0000 0000 5012cce3 b8a30621: urand_change_num 56 xfer_secondary_pool(16): pool_sig fffffb93, data_sig 00000000, bytes_mixed 0 5012cce3 b8a30621
[    6.193630] random 0000 0000 0000 5012cce3 b8a30621: trying to extract 128 bits from nonblocking
[    6.193632] random 0000 0000 0000 5012cce3 b8a30621: debiting 128 entropy credits from nonblocking (unlimited)
[    6.193634] random 0000 0000 0000 5012cce3 b8a30621: extract_entropy account returned: 16 
[    6.193639] random 0000 0000 0000 5012cce3 b8a30621: urand_change_num 57 extract_buf: pool_sig fffffb93, data_sig ffffff35, bytes_mixed 20 5012cce3 b8a30621
[    6.193644] random 0000 0000 0000 5012cce3 b8a30621: urand_change_num 58 extract_buf: pool_sig fffffb9d, data_sig ffffff92, bytes_mixed 20 5012cce3 b8a30621
[    6.195008] random 0000 0000 0000 30a5721d 4b648ff6: rand_read_num 15 get_random_bytes(16): sig fffffeb5 30a5721d 4b648ff6
[    6.195011] random 0000 0000 0000 30a5721d 4b648ff6: extract_entropy(.. 16 ..)
[    6.195014] random 0000 0000 0000 30a5721d 4b648ff6: going to reseed nonblocking with 128 bits (128 of 0 requested)
[    6.195016] random 0000 0000 0000 30a5721d 4b648ff6: extract_entropy(.. 16 ..)
[    6.195018] random 0000 0000 0000 30a5721d 4b648ff6: trying to extract 128 bits from input
[    6.195020] random 0000 0000 0000 30a5721d 4b648ff6: debiting 0 entropy credits from input
[    6.195022] random 0000 0000 0000 30a5721d 4b648ff6: extract_entropy account returned: 0 
[    6.195026] random 0000 0000 0000 30a5721d 4b648ff6: urand_change_num 59 xfer_secondary_pool(16): pool_sig fffffeb5, data_sig 00000000, bytes_mixed 0 30a5721d 4b648ff6
[    6.195028] random 0000 0000 0000 30a5721d 4b648ff6: trying to extract 128 bits from nonblocking
[    6.195031] random 0000 0000 0000 30a5721d 4b648ff6: debiting 128 entropy credits from nonblocking (unlimited)
[    6.195033] random 0000 0000 0000 30a5721d 4b648ff6: extract_entropy account returned: 16 
[    6.195037] random 0000 0000 0000 30a5721d 4b648ff6: urand_change_num 60 extract_buf: pool_sig fffffeb5, data_sig 000000c2, bytes_mixed 20 30a5721d 4b648ff6
[    6.195042] random 0000 0000 0000 89bae1ab 704c432f: urand_change_num 61 extract_buf: pool_sig 0000006e, data_sig fffffefc, bytes_mixed 20 89bae1ab 704c432f
[    6.195590] random 0000 0000 0000 89bae1ab 704c432f: rand_read_num 16 get_random_bytes(16): sig fffffd99 89bae1ab 704c432f
[    6.195593] random 0000 0000 0000 89bae1ab 704c432f: extract_entropy(.. 16 ..)
[    6.195596] random 0000 0000 0000 89bae1ab 704c432f: going to reseed nonblocking with 128 bits (128 of 0 requested)
[    6.195598] random 0000 0000 0000 89bae1ab 704c432f: extract_entropy(.. 16 ..)
[    6.195600] random 0000 0000 0000 89bae1ab 704c432f: trying to extract 128 bits from input
[    6.195602] random 0000 0000 0000 89bae1ab 704c432f: debiting 0 entropy credits from input
[    6.195604] random 0000 0000 0000 89bae1ab 704c432f: extract_entropy account returned: 0 
[    6.195607] random 0000 0000 0000 89bae1ab 704c432f: urand_change_num 62 xfer_secondary_pool(16): pool_sig fffffd99, data_sig 00000000, bytes_mixed 0 89bae1ab 704c432f
[    6.195610] random 0000 0000 0000 89bae1ab 704c432f: trying to extract 128 bits from nonblocking
[    6.195613] random 0000 0000 0000 89bae1ab 704c432f: debiting 128 entropy credits from nonblocking (unlimited)
[    6.195615] random 0000 0000 0000 89bae1ab 704c432f: extract_entropy account returned: 16 
[    6.195619] random 0000 0000 0000 89bae1ab 704c432f: urand_change_num 63 extract_buf: pool_sig fffffd99, data_sig 00000204, bytes_mixed 20 89bae1ab 704c432f
[    6.195624] random 0000 0000 0000 6c298a02 2b1539f8: urand_change_num 64 extract_buf: pool_sig 00000124, data_sig fffffff5, bytes_mixed 20 6c298a02 2b1539f8
[    6.196519] random 0000 0000 0000 c77b8b35 70f6cab5: rand_read_num 17 get_random_bytes(16): sig 0000036b c77b8b35 70f6cab5
[    6.196521] random 0000 0000 0000 c77b8b35 70f6cab5: extract_entropy(.. 16 ..)
[    6.196524] random 0000 0000 0000 c77b8b35 70f6cab5: going to reseed nonblocking with 128 bits (128 of 0 requested)
[    6.196526] random 0000 0000 0000 c77b8b35 70f6cab5: extract_entropy(.. 16 ..)
[    6.196528] random 0000 0000 0000 c77b8b35 70f6cab5: trying to extract 128 bits from input
[    6.196531] random 0000 0000 0000 c77b8b35 70f6cab5: debiting 0 entropy credits from input
[    6.196532] random 0000 0000 0000 c77b8b35 70f6cab5: extract_entropy account returned: 0 
[    6.196536] random 0000 0000 0000 c77b8b35 70f6cab5: urand_change_num 65 xfer_secondary_pool(16): pool_sig 0000036b, data_sig 00000000, bytes_mixed 0 c77b8b35 70f6cab5
[    6.196539] random 0000 0000 0000 c77b8b35 70f6cab5: trying to extract 128 bits from nonblocking
[    6.196541] random 0000 0000 0000 c77b8b35 70f6cab5: debiting 128 entropy credits from nonblocking (unlimited)
[    6.196543] random 0000 0000 0000 c77b8b35 70f6cab5: extract_entropy account returned: 16 
[    6.196547] random 0000 0000 0000 c77b8b35 70f6cab5: urand_change_num 66 extract_buf: pool_sig 0000036b, data_sig 0000005f, bytes_mixed 20 c77b8b35 70f6cab5
[    6.196553] random 0000 0000 0000 c77b8b35 70f6cab5: urand_change_num 67 extract_buf: pool_sig ffffff1c, data_sig 0000005a, bytes_mixed 20 c77b8b35 70f6cab5
[    6.197137] random 0000 0000 0000 af21d212 57d20ca3: rand_read_num 18 get_random_bytes(16): sig fffffb7f af21d212 57d20ca3
[    6.197140] random 0000 0000 0000 af21d212 57d20ca3: extract_entropy(.. 16 ..)
[    6.197142] random 0000 0000 0000 af21d212 57d20ca3: going to reseed nonblocking with 128 bits (128 of 0 requested)
[    6.197145] random 0000 0000 0000 af21d212 57d20ca3: extract_entropy(.. 16 ..)
[    6.197147] random 0000 0000 0000 af21d212 57d20ca3: trying to extract 128 bits from input
[    6.197149] random 0000 0000 0000 af21d212 57d20ca3: debiting 0 entropy credits from input
[    6.197151] random 0000 0000 0000 af21d212 57d20ca3: extract_entropy account returned: 0 
[    6.197154] random 0000 0000 0000 af21d212 57d20ca3: urand_change_num 68 xfer_secondary_pool(16): pool_sig fffffb7f, data_sig 00000000, bytes_mixed 0 af21d212 57d20ca3
[    6.197157] random 0000 0000 0000 af21d212 57d20ca3: trying to extract 128 bits from nonblocking
[    6.197159] random 0000 0000 0000 af21d212 57d20ca3: debiting 128 entropy credits from nonblocking (unlimited)
[    6.197161] random 0000 0000 0000 af21d212 57d20ca3: extract_entropy account returned: 16 
[    6.197173] random 0000 0000 0000 af21d212 57d20ca3: urand_change_num 69 extract_buf: pool_sig fffffb7f, data_sig ffffff88, bytes_mixed 20 af21d212 57d20ca3
[    6.197178] random 0000 0000 0000 af21d212 57d20ca3: urand_change_num 70 extract_buf: pool_sig fffffe1d, data_sig ffffff17, bytes_mixed 20 af21d212 57d20ca3
[    6.197764] random 0000 0000 0000 ffbd26fd 21933274: rand_read_num 19 get_random_bytes(16): sig ffffffc7 ffbd26fd 21933274
[    6.197767] random 0000 0000 0000 ffbd26fd 21933274: extract_entropy(.. 16 ..)
[    6.197770] random 0000 0000 0000 ffbd26fd 21933274: going to reseed nonblocking with 128 bits (128 of 0 requested)
[    6.197772] random 0000 0000 0000 ffbd26fd 21933274: extract_entropy(.. 16 ..)
[    6.197774] random 0000 0000 0000 ffbd26fd 21933274: trying to extract 128 bits from input
[    6.197776] random 0000 0000 0000 ffbd26fd 21933274: debiting 0 entropy credits from input
[    6.197778] random 0000 0000 0000 ffbd26fd 21933274: extract_entropy account returned: 0 
[    6.197781] random 0000 0000 0000 ffbd26fd 21933274: urand_change_num 71 xfer_secondary_pool(16): pool_sig ffffffc7, data_sig 00000000, bytes_mixed 0 ffbd26fd 21933274
[    6.197784] random 0000 0000 0000 ffbd26fd 21933274: trying to extract 128 bits from nonblocking
[    6.197786] random 0000 0000 0000 ffbd26fd 21933274: debiting 128 entropy credits from nonblocking (unlimited)
[    6.197788] random 0000 0000 0000 ffbd26fd 21933274: extract_entropy account returned: 16 
[    6.197793] random 0000 0000 0000 ffbd26fd 21933274: urand_change_num 72 extract_buf: pool_sig ffffffc7, data_sig 0000013b, bytes_mixed 20 ffbd26fd 21933274
[    6.197798] random 0000 0000 0000 151530a2 56c65dd3: urand_change_num 73 extract_buf: pool_sig ffffffbf, data_sig 00000036, bytes_mixed 20 151530a2 56c65dd3
[    6.198353] random 0000 0000 0000 151530a2 56c65dd3: rand_read_num 20 get_random_bytes(16): sig 000001a7 151530a2 56c65dd3
[    6.198356] random 0000 0000 0000 151530a2 56c65dd3: extract_entropy(.. 16 ..)
[    6.198358] random 0000 0000 0000 151530a2 56c65dd3: going to reseed nonblocking with 128 bits (128 of 0 requested)
[    6.198361] random 0000 0000 0000 151530a2 56c65dd3: extract_entropy(.. 16 ..)
[    6.198363] random 0000 0000 0000 151530a2 56c65dd3: trying to extract 128 bits from input
[    6.198365] random 0000 0000 0000 151530a2 56c65dd3: debiting 0 entropy credits from input
[    6.198367] random 0000 0000 0000 151530a2 56c65dd3: extract_entropy account returned: 0 
[    6.198370] random 0000 0000 0000 151530a2 56c65dd3: urand_change_num 74 xfer_secondary_pool(16): pool_sig 000001a7, data_sig 00000000, bytes_mixed 0 151530a2 56c65dd3
[    6.198373] random 0000 0000 0000 151530a2 56c65dd3: trying to extract 128 bits from nonblocking
[    6.198375] random 0000 0000 0000 151530a2 56c65dd3: debiting 128 entropy credits from nonblocking (unlimited)
[    6.198377] random 0000 0000 0000 151530a2 56c65dd3: extract_entropy account returned: 16 
[    6.198381] random 0000 0000 0000 151530a2 56c65dd3: urand_change_num 75 extract_buf: pool_sig 000001a7, data_sig ffffffa1, bytes_mixed 20 151530a2 56c65dd3
[    6.198387] random 0000 0000 0000 5d3e132e d9a77eb3: urand_change_num 76 extract_buf: pool_sig fffffcc9, data_sig 00000013, bytes_mixed 20 5d3e132e d9a77eb3
[    6.249417] random 0000 0000 0000 264837ad 0a28fef5: rand_read_num 21 get_random_bytes(16): sig ffffffd0 264837ad 0a28fef5
[    6.249420] random 0000 0000 0000 264837ad 0a28fef5: extract_entropy(.. 16 ..)
[    6.249423] random 0000 0000 0000 264837ad 0a28fef5: going to reseed nonblocking with 128 bits (128 of 0 requested)
[    6.249426] random 0000 0000 0000 264837ad 0a28fef5: extract_entropy(.. 16 ..)
[    6.249428] random 0000 0000 0000 264837ad 0a28fef5: trying to extract 128 bits from input
[    6.249430] random 0000 0000 0000 264837ad 0a28fef5: debiting 0 entropy credits from input
[    6.249432] random 0000 0000 0000 264837ad 0a28fef5: extract_entropy account returned: 0 
[    6.249435] random 0000 0000 0000 264837ad 0a28fef5: urand_change_num 77 xfer_secondary_pool(16): pool_sig ffffffd0, data_sig 00000000, bytes_mixed 0 264837ad 0a28fef5
[    6.249438] random 0000 0000 0000 264837ad 0a28fef5: trying to extract 128 bits from nonblocking
[    6.249440] random 0000 0000 0000 264837ad 0a28fef5: debiting 128 entropy credits from nonblocking (unlimited)
[    6.249443] random 0000 0000 0000 264837ad 0a28fef5: extract_entropy account returned: 16 
[    6.249447] random 0000 0000 0000 264837ad 0a28fef5: urand_change_num 78 extract_buf: pool_sig ffffffd0, data_sig 0000017b, bytes_mixed 20 264837ad 0a28fef5
[    6.249452] random 0000 0000 0000 264837ad 0a28fef5: urand_change_num 79 extract_buf: pool_sig 0000045c, data_sig 000001df, bytes_mixed 20 264837ad 0a28fef5
[    6.250905] random 0000 0000 0000 f37f7344 164aede0: rand_read_num 22 get_random_bytes(16): sig 000003c2 f37f7344 164aede0
[    6.250908] random 0000 0000 0000 f37f7344 164aede0: extract_entropy(.. 16 ..)
[    6.250911] random 0000 0000 0000 f37f7344 164aede0: going to reseed nonblocking with 128 bits (128 of 0 requested)
[    6.250913] random 0000 0000 0000 f37f7344 164aede0: extract_entropy(.. 16 ..)
[    6.250915] random 0000 0000 0000 f37f7344 164aede0: trying to extract 128 bits from input
[    6.250917] random 0000 0000 0000 f37f7344 164aede0: debiting 0 entropy credits from input
[    6.250919] random 0000 0000 0000 f37f7344 164aede0: extract_entropy account returned: 0 
[    6.250922] random 0000 0000 0000 f37f7344 164aede0: urand_change_num 80 xfer_secondary_pool(16): pool_sig 000003c2, data_sig 00000000, bytes_mixed 0 f37f7344 164aede0
[    6.250925] random 0000 0000 0000 f37f7344 164aede0: trying to extract 128 bits from nonblocking
[    6.250928] random 0000 0000 0000 f37f7344 164aede0: debiting 128 entropy credits from nonblocking (unlimited)
[    6.250930] random 0000 0000 0000 f37f7344 164aede0: extract_entropy account returned: 16 
[    6.250934] random 0000 0000 0000 f37f7344 164aede0: urand_change_num 81 extract_buf: pool_sig 000003c2, data_sig ffffff6c, bytes_mixed 20 f37f7344 164aede0
[    6.250939] random 0000 0000 0000 f37f7344 164aede0: urand_change_num 82 extract_buf: pool_sig fffffdfc, data_sig 00000091, bytes_mixed 20 f37f7344 164aede0
[    6.273712] random 0000 0000 0000 a4794863 878070c1: rand_read_num 23 get_random_bytes(16): sig 0000011b a4794863 878070c1
[    6.273715] random 0000 0000 0000 a4794863 878070c1: extract_entropy(.. 16 ..)
[    6.273718] random 0000 0000 0000 a4794863 878070c1: going to reseed nonblocking with 128 bits (128 of 0 requested)
[    6.273720] random 0000 0000 0000 a4794863 878070c1: extract_entropy(.. 16 ..)
[    6.273722] random 0000 0000 0000 a4794863 878070c1: trying to extract 128 bits from input
[    6.273724] random 0000 0000 0000 a4794863 878070c1: debiting 0 entropy credits from input
[    6.273726] random 0000 0000 0000 a4794863 878070c1: extract_entropy account returned: 0 
[    6.273729] random 0000 0000 0000 a4794863 878070c1: urand_change_num 83 xfer_secondary_pool(16): pool_sig 0000011b, data_sig 00000000, bytes_mixed 0 a4794863 878070c1
[    6.273732] random 0000 0000 0000 a4794863 878070c1: trying to extract 128 bits from nonblocking
[    6.273734] random 0000 0000 0000 a4794863 878070c1: debiting 128 entropy credits from nonblocking (unlimited)
[    6.273737] random 0000 0000 0000 a4794863 878070c1: extract_entropy account returned: 16 
[    6.273741] random 0000 0000 0000 a4794863 878070c1: urand_change_num 84 extract_buf: pool_sig 0000011b, data_sig ffffff51, bytes_mixed 20 a4794863 878070c1
[    6.273746] random 0000 0000 0000 737f19b4 9417d8ab: urand_change_num 85 extract_buf: pool_sig 000001a3, data_sig 0000006c, bytes_mixed 20 737f19b4 9417d8ab
[    6.277812] random 0000 0000 0000 737f19b4 9417d8ab: rand_read_num 24 get_random_bytes(16): sig fffffe22 737f19b4 9417d8ab
[    6.277815] random 0000 0000 0000 737f19b4 9417d8ab: extract_entropy(.. 16 ..)
[    6.277817] random 0000 0000 0000 737f19b4 9417d8ab: going to reseed nonblocking with 128 bits (128 of 0 requested)
[    6.277820] random 0000 0000 0000 737f19b4 9417d8ab: extract_entropy(.. 16 ..)
[    6.277822] random 0000 0000 0000 737f19b4 9417d8ab: trying to extract 128 bits from input
[    6.277824] random 0000 0000 0000 737f19b4 9417d8ab: debiting 0 entropy credits from input
[    6.277826] random 0000 0000 0000 737f19b4 9417d8ab: extract_entropy account returned: 0 
[    6.277829] random 0000 0000 0000 737f19b4 9417d8ab: urand_change_num 86 xfer_secondary_pool(16): pool_sig fffffe22, data_sig 00000000, bytes_mixed 0 737f19b4 9417d8ab
[    6.277832] random 0000 0000 0000 737f19b4 9417d8ab: trying to extract 128 bits from nonblocking
[    6.277834] random 0000 0000 0000 737f19b4 9417d8ab: debiting 128 entropy credits from nonblocking (unlimited)
[    6.277836] random 0000 0000 0000 737f19b4 9417d8ab: extract_entropy account returned: 16 
[    6.277841] random 0000 0000 0000 737f19b4 9417d8ab: urand_change_num 87 extract_buf: pool_sig fffffe22, data_sig 00000230, bytes_mixed 20 737f19b4 9417d8ab
[    6.277846] random 0000 0000 0000 4deb0d06 1236af4c: urand_change_num 88 extract_buf: pool_sig 000000b6, data_sig ffffff44, bytes_mixed 20 4deb0d06 1236af4c
[    6.278839] random 0000 0000 0000 b538fadc 4a7613df: rand_read_num 25 get_random_bytes(16): sig 0000013c b538fadc 4a7613df
[    6.278842] random 0000 0000 0000 b538fadc 4a7613df: extract_entropy(.. 16 ..)
[    6.278845] random 0000 0000 0000 b538fadc 4a7613df: going to reseed nonblocking with 128 bits (128 of 0 requested)
[    6.278847] random 0000 0000 0000 b538fadc 4a7613df: extract_entropy(.. 16 ..)
[    6.278849] random 0000 0000 0000 b538fadc 4a7613df: trying to extract 128 bits from input
[    6.278851] random 0000 0000 0000 b538fadc 4a7613df: debiting 0 entropy credits from input
[    6.278853] random 0000 0000 0000 b538fadc 4a7613df: extract_entropy account returned: 0 
[    6.278856] random 0000 0000 0000 b538fadc 4a7613df: urand_change_num 89 xfer_secondary_pool(16): pool_sig 0000013c, data_sig 00000000, bytes_mixed 0 b538fadc 4a7613df
[    6.278859] random 0000 0000 0000 b538fadc 4a7613df: trying to extract 128 bits from nonblocking
[    6.278861] random 0000 0000 0000 b538fadc 4a7613df: debiting 128 entropy credits from nonblocking (unlimited)
[    6.278864] random 0000 0000 0000 b538fadc 4a7613df: extract_entropy account returned: 16 
[    6.278868] random 0000 0000 0000 b538fadc 4a7613df: urand_change_num 90 extract_buf: pool_sig 0000013c, data_sig 00000015, bytes_mixed 20 b538fadc 4a7613df
[    6.278873] random 0000 0000 0000 b538fadc 4a7613df: urand_change_num 91 extract_buf: pool_sig 00000452, data_sig 0000002b, bytes_mixed 20 b538fadc 4a7613df
[    6.279333] random 0000 0000 0000 73b17df4 93bb370e: rand_read_num 26 get_random_bytes(16): sig fffffbf1 73b17df4 93bb370e
[    6.279335] random 0000 0000 0000 73b17df4 93bb370e: extract_entropy(.. 16 ..)
[    6.279338] random 0000 0000 0000 73b17df4 93bb370e: going to reseed nonblocking with 128 bits (128 of 0 requested)
[    6.279340] random 0000 0000 0000 73b17df4 93bb370e: extract_entropy(.. 16 ..)
[    6.279342] random 0000 0000 0000 73b17df4 93bb370e: trying to extract 128 bits from input
[    6.279344] random 0000 0000 0000 73b17df4 93bb370e: debiting 0 entropy credits from input
[    6.279346] random 0000 0000 0000 73b17df4 93bb370e: extract_entropy account returned: 0 
[    6.279349] random 0000 0000 0000 73b17df4 93bb370e: urand_change_num 92 xfer_secondary_pool(16): pool_sig fffffbf1, data_sig 00000000, bytes_mixed 0 73b17df4 93bb370e
[    6.279352] random 0000 0000 0000 73b17df4 93bb370e: trying to extract 128 bits from nonblocking
[    6.279355] random 0000 0000 0000 73b17df4 93bb370e: debiting 128 entropy credits from nonblocking (unlimited)
[    6.279357] random 0000 0000 0000 73b17df4 93bb370e: extract_entropy account returned: 16 
[    6.279361] random 0000 0000 0000 73b17df4 93bb370e: urand_change_num 93 extract_buf: pool_sig fffffbf1, data_sig ffffff99, bytes_mixed 20 73b17df4 93bb370e
[    6.279366] random 0000 0000 0000 73b17df4 93bb370e: urand_change_num 94 extract_buf: pool_sig fffffe1d, data_sig 000000b0, bytes_mixed 20 73b17df4 93bb370e
[    6.279772] random 0000 0000 0000 0cd682bb ba04da9f: rand_read_num 27 get_random_bytes(16): sig fffffccb 0cd682bb ba04da9f
[    6.279775] random 0000 0000 0000 0cd682bb ba04da9f: extract_entropy(.. 16 ..)
[    6.279778] random 0000 0000 0000 0cd682bb ba04da9f: going to reseed nonblocking with 128 bits (128 of 0 requested)
[    6.279780] random 0000 0000 0000 0cd682bb ba04da9f: extract_entropy(.. 16 ..)
[    6.279782] random 0000 0000 0000 0cd682bb ba04da9f: trying to extract 128 bits from input
[    6.279784] random 0000 0000 0000 0cd682bb ba04da9f: debiting 0 entropy credits from input
[    6.279786] random 0000 0000 0000 0cd682bb ba04da9f: extract_entropy account returned: 0 
[    6.279789] random 0000 0000 0000 0cd682bb ba04da9f: urand_change_num 95 xfer_secondary_pool(16): pool_sig fffffccb, data_sig 00000000, bytes_mixed 0 0cd682bb ba04da9f
[    6.279792] random 0000 0000 0000 0cd682bb ba04da9f: trying to extract 128 bits from nonblocking
[    6.279795] random 0000 0000 0000 0cd682bb ba04da9f: debiting 128 entropy credits from nonblocking (unlimited)
[    6.279797] random 0000 0000 0000 0cd682bb ba04da9f: extract_entropy account returned: 16 
[    6.279801] random 0000 0000 0000 0cd682bb ba04da9f: urand_change_num 96 extract_buf: pool_sig fffffccb, data_sig fffffec5, bytes_mixed 20 0cd682bb ba04da9f
[    6.279806] random 0000 0000 0000 26929f1a 15254dc1: urand_change_num 97 extract_buf: pool_sig fffffed2, data_sig ffffffb1, bytes_mixed 20 26929f1a 15254dc1
[    6.280682] random 0000 0000 0000 26929f1a 15254dc1: rand_read_num 28 get_random_bytes(16): sig 00000038 26929f1a 15254dc1
[    6.280685] random 0000 0000 0000 26929f1a 15254dc1: extract_entropy(.. 16 ..)
[    6.280687] random 0000 0000 0000 26929f1a 15254dc1: going to reseed nonblocking with 128 bits (128 of 0 requested)
[    6.280690] random 0000 0000 0000 26929f1a 15254dc1: extract_entropy(.. 16 ..)
[    6.280692] random 0000 0000 0000 26929f1a 15254dc1: trying to extract 128 bits from input
[    6.280694] random 0000 0000 0000 26929f1a 15254dc1: debiting 0 entropy credits from input
[    6.280696] random 0000 0000 0000 26929f1a 15254dc1: extract_entropy account returned: 0 
[    6.280699] random 0000 0000 0000 26929f1a 15254dc1: urand_change_num 98 xfer_secondary_pool(16): pool_sig 00000038, data_sig 00000000, bytes_mixed 0 26929f1a 15254dc1
[    6.280702] random 0000 0000 0000 26929f1a 15254dc1: trying to extract 128 bits from nonblocking
[    6.280704] random 0000 0000 0000 26929f1a 15254dc1: debiting 128 entropy credits from nonblocking (unlimited)
[    6.280706] random 0000 0000 0000 26929f1a 15254dc1: extract_entropy account returned: 16 
[    6.280711] random 0000 0000 0000 26929f1a 15254dc1: urand_change_num 99 extract_buf: pool_sig 00000038, data_sig 000000fd, bytes_mixed 20 26929f1a 15254dc1
[    6.280716] random 0000 0000 0000 8116fe3b 478c2d5b: urand_change_num 100 extract_buf: pool_sig 00000059, data_sig 00000310, bytes_mixed 20 8116fe3b 478c2d5b
[    6.287351] random 0000 0000 0000 a20f4a3a 32a6b2fa: rand_read_num 29 get_random_bytes(16): sig 000002c0 a20f4a3a 32a6b2fa
[    6.287354] random 0000 0000 0000 a20f4a3a 32a6b2fa: extract_entropy(.. 16 ..)
[    6.287357] random 0000 0000 0000 a20f4a3a 32a6b2fa: going to reseed nonblocking with 128 bits (128 of 0 requested)
[    6.287359] random 0000 0000 0000 a20f4a3a 32a6b2fa: extract_entropy(.. 16 ..)
[    6.287361] random 0000 0000 0000 a20f4a3a 32a6b2fa: trying to extract 128 bits from input
[    6.287363] random 0000 0000 0000 a20f4a3a 32a6b2fa: debiting 0 entropy credits from input
[    6.287365] random 0000 0000 0000 a20f4a3a 32a6b2fa: extract_entropy account returned: 0 
[    6.287368] random 0000 0000 0000 a20f4a3a 32a6b2fa: urand_change_num 101 xfer_secondary_pool(16): pool_sig 000002c0, data_sig 00000000, bytes_mixed 0 a20f4a3a 32a6b2fa
[    6.287371] random 0000 0000 0000 a20f4a3a 32a6b2fa: trying to extract 128 bits from nonblocking
[    6.287374] random 0000 0000 0000 a20f4a3a 32a6b2fa: debiting 128 entropy credits from nonblocking (unlimited)
[    6.287376] random 0000 0000 0000 a20f4a3a 32a6b2fa: extract_entropy account returned: 16 
[    6.287380] random 0000 0000 0000 a20f4a3a 32a6b2fa: urand_change_num 102 extract_buf: pool_sig 000002c0, data_sig 000000fb, bytes_mixed 20 a20f4a3a 32a6b2fa
[    6.287385] random 0000 0000 0000 a20f4a3a 32a6b2fa: urand_change_num 103 extract_buf: pool_sig ffffffdd, data_sig 000000a5, bytes_mixed 20 a20f4a3a 32a6b2fa
[    6.299864] random 0000 0000 0000 de716d2a 6c4757e1: rand_read_num 30 get_random_bytes(16): sig 000000fa de716d2a 6c4757e1
[    6.299867] random 0000 0000 0000 de716d2a 6c4757e1: extract_entropy(.. 16 ..)
[    6.299870] random 0000 0000 0000 de716d2a 6c4757e1: going to reseed nonblocking with 128 bits (128 of 0 requested)
[    6.299872] random 0000 0000 0000 de716d2a 6c4757e1: extract_entropy(.. 16 ..)
[    6.299874] random 0000 0000 0000 de716d2a 6c4757e1: trying to extract 128 bits from input
[    6.299876] random 0000 0000 0000 de716d2a 6c4757e1: debiting 0 entropy credits from input
[    6.299878] random 0000 0000 0000 de716d2a 6c4757e1: extract_entropy account returned: 0 
[    6.299882] random 0000 0000 0000 de716d2a 6c4757e1: urand_change_num 104 xfer_secondary_pool(16): pool_sig 000000fa, data_sig 00000000, bytes_mixed 0 de716d2a 6c4757e1
[    6.299884] random 0000 0000 0000 de716d2a 6c4757e1: trying to extract 128 bits from nonblocking
[    6.299887] random 0000 0000 0000 de716d2a 6c4757e1: debiting 128 entropy credits from nonblocking (unlimited)
[    6.299889] random 0000 0000 0000 de716d2a 6c4757e1: extract_entropy account returned: 16 
[    6.299893] random 0000 0000 0000 de716d2a 6c4757e1: urand_change_num 105 extract_buf: pool_sig 000000fa, data_sig ffffff34, bytes_mixed 20 de716d2a 6c4757e1
[    6.299898] random 0000 0000 0000 de716d2a 6c4757e1: urand_change_num 106 extract_buf: pool_sig 000003d3, data_sig ffffff30, bytes_mixed 20 de716d2a 6c4757e1
[    6.300499] random 0000 0000 0000 a7c511e1 f90ea457: rand_read_num 31 get_random_bytes(16): sig 0000009a a7c511e1 f90ea457
[    6.300501] random 0000 0000 0000 a7c511e1 f90ea457: extract_entropy(.. 16 ..)
[    6.300504] random 0000 0000 0000 a7c511e1 f90ea457: going to reseed nonblocking with 128 bits (128 of 0 requested)
[    6.300506] random 0000 0000 0000 a7c511e1 f90ea457: extract_entropy(.. 16 ..)
[    6.300508] random 0000 0000 0000 a7c511e1 f90ea457: trying to extract 128 bits from input
[    6.300511] random 0000 0000 0000 a7c511e1 f90ea457: debiting 0 entropy credits from input
[    6.300513] random 0000 0000 0000 a7c511e1 f90ea457: extract_entropy account returned: 0 
[    6.300516] random 0000 0000 0000 a7c511e1 f90ea457: urand_change_num 107 xfer_secondary_pool(16): pool_sig 0000009a, data_sig 00000000, bytes_mixed 0 a7c511e1 f90ea457
[    6.300519] random 0000 0000 0000 a7c511e1 f90ea457: trying to extract 128 bits from nonblocking
[    6.300521] random 0000 0000 0000 a7c511e1 f90ea457: debiting 128 entropy credits from nonblocking (unlimited)
[    6.300523] random 0000 0000 0000 a7c511e1 f90ea457: extract_entropy account returned: 16 
[    6.300527] random 0000 0000 0000 a7c511e1 f90ea457: urand_change_num 108 extract_buf: pool_sig 0000009a, data_sig 000000e0, bytes_mixed 20 a7c511e1 f90ea457
[    6.300533] random 0000 0000 0000 7c18c7e6 d65ccb06: urand_change_num 109 extract_buf: pool_sig fffffa79, data_sig 000000e0, bytes_mixed 20 7c18c7e6 d65ccb06
[    6.301111] random 0000 0000 0000 7c18c7e6 d65ccb06: rand_read_num 32 get_random_bytes(16): sig fffffe1e 7c18c7e6 d65ccb06
[    6.301114] random 0000 0000 0000 7c18c7e6 d65ccb06: extract_entropy(.. 16 ..)
[    6.301117] random 0000 0000 0000 7c18c7e6 d65ccb06: going to reseed nonblocking with 128 bits (128 of 0 requested)
[    6.301119] random 0000 0000 0000 7c18c7e6 d65ccb06: extract_entropy(.. 16 ..)
[    6.301121] random 0000 0000 0000 7c18c7e6 d65ccb06: trying to extract 128 bits from input
[    6.301123] random 0000 0000 0000 7c18c7e6 d65ccb06: debiting 0 entropy credits from input
[    6.301125] random 0000 0000 0000 7c18c7e6 d65ccb06: extract_entropy account returned: 0 
[    6.301128] random 0000 0000 0000 7c18c7e6 d65ccb06: urand_change_num 110 xfer_secondary_pool(16): pool_sig fffffe1e, data_sig 00000000, bytes_mixed 0 7c18c7e6 d65ccb06
[    6.301131] random 0000 0000 0000 7c18c7e6 d65ccb06: trying to extract 128 bits from nonblocking
[    6.301133] random 0000 0000 0000 7c18c7e6 d65ccb06: debiting 128 entropy credits from nonblocking (unlimited)
[    6.301136] random 0000 0000 0000 7c18c7e6 d65ccb06: extract_entropy account returned: 16 
