[    0.000000] random 0000 0000 0000 00000000 00000000: rand_read_num 1 get_random_bytes(8): sig 00000000 00000000 00000000
[    0.000000] random 0000 0000 0000 00000000 00000000: extract_entropy(.. 8 ..)
[    0.000000] random 0000 0000 0000 00000000 00000000: going to reseed nonblocking with 64 bits (64 of 0 requested)
[    0.000000] random 0000 0000 0000 00000000 00000000: extract_entropy(.. 8 ..)
[    0.000000] random 0000 0000 0000 00000000 00000000: trying to extract 64 bits from input
[    0.000000] random 0000 0000 0000 00000000 00000000: debiting 0 entropy credits from input
[    0.000000] random 0000 0000 0000 00000000 00000000: extract_entropy account returned: 0 
[    0.000000] random 0000 0000 0000 00000000 00000000: urand_change_num 1 xfer_secondary_pool(8): pool_sig 00000000, data_sig 00000000, bytes_mixed 0 00000000 00000000
[    0.000000] random 0000 0000 0000 00000000 00000000: trying to extract 64 bits from nonblocking
[    0.000000] random 0000 0000 0000 00000000 00000000: debiting 64 entropy credits from nonblocking (unlimited)
[    0.000000] random 0000 0000 0000 00000000 00000000: extract_entropy account returned: 8 
[    0.000000] random 0000 0000 0000 00000000 00000000: urand_change_num 2 extract_buf: pool_sig 00000000, data_sig fffffff9, bytes_mixed 20 00000000 00000000
[    0.000000] Linux version 2.6.32.57 (dcashman@dcashman-02) (gcc version 4.3.3 (GCC) ) #3 Fri May 24 04:27:34 PDT 2013
[    0.000000] KERNEL supported cpus:
[    0.000000]   Intel GenuineIntel
[    0.000000]   AMD AuthenticAMD
[    0.000000]   NSC Geode by NSC
[    0.000000]   Cyrix CyrixInstead
[    0.000000]   Centaur CentaurHauls
[    0.000000]   Transmeta GenuineTMx86
[    0.000000]   Transmeta TransmetaCPU
[    0.000000]   UMC UMC UMC UMC
[    0.000000] BIOS-provided physical RAM map:
[    0.000000]  BIOS-e820: 0000000000000000 - 000000000009d800 (usable)
[    0.000000]  BIOS-e820: 000000000009d800 - 00000000000a0000 (reserved)
[    0.000000]  BIOS-e820: 00000000000d2000 - 00000000000d4000 (reserved)
[    0.000000]  BIOS-e820: 00000000000e0000 - 0000000000100000 (reserved)
[    0.000000]  BIOS-e820: 0000000000100000 - 000000003d6b0000 (usable)
[    0.000000]  BIOS-e820: 000000003d6b0000 - 000000003d6cc000 (ACPI data)
[    0.000000]  BIOS-e820: 000000003d6cc000 - 000000003d700000 (ACPI NVS)
[    0.000000]  BIOS-e820: 000000003d700000 - 000000003e000000 (reserved)
[    0.000000]  BIOS-e820: 00000000f0000000 - 00000000f4000000 (reserved)
[    0.000000]  BIOS-e820: 00000000fec00000 - 00000000fec10000 (reserved)
[    0.000000]  BIOS-e820: 00000000fed00000 - 00000000fed00400 (reserved)
[    0.000000]  BIOS-e820: 00000000fed14000 - 00000000fed1a000 (reserved)
[    0.000000]  BIOS-e820: 00000000fed1c000 - 00000000fed90000 (reserved)
[    0.000000]  BIOS-e820: 00000000fee00000 - 00000000fee01000 (reserved)
[    0.000000]  BIOS-e820: 00000000ff000000 - 0000000100000000 (reserved)
[    0.000000] DMI present.
[    0.000000] last_pfn = 0x3d6b0 max_arch_pfn = 0x100000
[    0.000000] MTRR default type: uncachable
[    0.000000] MTRR fixed ranges enabled:
[    0.000000]   00000-9FFFF write-back
[    0.000000]   A0000-BFFFF uncachable
[    0.000000]   C0000-CFFFF write-protect
[    0.000000]   D0000-DFFFF uncachable
[    0.000000]   E0000-FFFFF write-protect
[    0.000000] MTRR variable ranges enabled:
[    0.000000]   0 base 03E000000 mask FFE000000 uncachable
[    0.000000]   1 base 000000000 mask FC0000000 write-back
[    0.000000]   2 base 03D700000 mask FFFF00000 uncachable
[    0.000000]   3 base 03D800000 mask FFF800000 uncachable
[    0.000000]   4 disabled
[    0.000000]   5 disabled
[    0.000000]   6 disabled
[    0.000000]   7 disabled
[    0.000000] initial memory mapped : 0 - 02000000
[    0.000000] init_memory_mapping: 0000000000000000-00000000377fe000
[    0.000000]  0000000000 - 0000400000 page 4k
[    0.000000]  0000400000 - 0037400000 page 2M
[    0.000000]  0037400000 - 00377fe000 page 4k
[    0.000000] kernel direct mapping tables up to 377fe000 @ 7000-c000
[    0.000000] ACPI: RSDP 000f68d0 00024 (v02 LENOVO)
[    0.000000] ACPI: XSDT 3d6bb77f 00094 (v01 LENOVO TP-7L    00002170  LTP 00000000)
[    0.000000] ACPI: FACP 3d6bb900 000F4 (v03 LENOVO TP-7L    00002170 LNVO 00000001)
[    0.000000] ACPI Warning: 32/64X length mismatch in Gpe1Block: 0/32 (20090903/tbfadt-526)
[    0.000000] ACPI Warning: Optional field Gpe1Block has zero address or length: 000000000000102C/0 (20090903/tbfadt-557)
[    0.000000] ACPI: DSDT 3d6bbd1d 0FED1 (v01 LENOVO TP-7L    00002170 MSFT 03000000)
[    0.000000] ACPI: FACS 3d6e4000 00040
[    0.000000] ACPI: SSDT 3d6bbab4 00269 (v01 LENOVO TP-7L    00002170 MSFT 03000000)
[    0.000000] ACPI: ECDT 3d6cbbee 00052 (v01 LENOVO TP-7L    00002170 LNVO 00000001)
[    0.000000] ACPI: TCPA 3d6cbc40 00032 (v02 LENOVO TP-7L    00002170 LNVO 00000001)
[    0.000000] ACPI: APIC 3d6cbc72 00068 (v01 LENOVO TP-7L    00002170 LNVO 00000001)
[    0.000000] ACPI: MCFG 3d6cbcda 0003C (v01 LENOVO TP-7L    00002170 LNVO 00000001)
[    0.000000] ACPI: HPET 3d6cbd16 00038 (v01 LENOVO TP-7L    00002170 LNVO 00000001)
[    0.000000] ACPI: SLIC 3d6cbdf0 00176 (v01 LENOVO TP-7L    00002170  LTP 00000000)
[    0.000000] ACPI: BOOT 3d6cbf66 00028 (v01 LENOVO TP-7L    00002170  LTP 00000001)
[    0.000000] ACPI: ASF! 3d6cbf8e 00072 (v16 LENOVO TP-7L    00002170 PTL  00000001)
[    0.000000] ACPI: SSDT 3d6e26d9 0025F (v01 LENOVO TP-7L    00002170 INTL 20050513)
[    0.000000] ACPI: SSDT 3d6e2938 000A6 (v01 LENOVO TP-7L    00002170 INTL 20050513)
[    0.000000] ACPI: SSDT 3d6e29de 004F7 (v01 LENOVO TP-7L    00002170 INTL 20050513)
[    0.000000] ACPI: SSDT 3d6e2ed5 001D8 (v01 LENOVO TP-7L    00002170 INTL 20050513)
[    0.000000] ACPI: DMI detected: Lenovo ThinkPad R61
[    0.000000] ACPI: Added _OSI(Linux)
[    0.000000] ACPI: Local APIC address 0xfee00000
[    0.000000] 94MB HIGHMEM available.
[    0.000000] 887MB LOWMEM available.
[    0.000000]   mapped low ram: 0 - 377fe000
[    0.000000]   low ram: 0 - 377fe000
[    0.000000]   node 0 low ram: 00000000 - 377fe000
[    0.000000]   node 0 bootmap 00008000 - 0000ef00
[    0.000000] (6 early reservations) ==> bootmem [0000000000 - 00377fe000]
[    0.000000]   #0 [0000000000 - 0000001000]   BIOS data page ==> [0000000000 - 0000001000]
[    0.000000]   #1 [0001000000 - 0001bdc180]    TEXT DATA BSS ==> [0001000000 - 0001bdc180]
[    0.000000]   #2 [000009d800 - 0000100000]    BIOS reserved ==> [000009d800 - 0000100000]
[    0.000000]   #3 [0001bdd000 - 0001be516c]              BRK ==> [0001bdd000 - 0001be516c]
[    0.000000]   #4 [0000007000 - 0000008000]          PGTABLE ==> [0000007000 - 0000008000]
[    0.000000]   #5 [0000008000 - 000000f000]          BOOTMAP ==> [0000008000 - 000000f000]
[    0.000000] found SMP MP-table at [c00f6900] f6900
[    0.000000] Zone PFN ranges:
[    0.000000]   DMA      0x00000000 -> 0x00001000
[    0.000000]   Normal   0x00001000 -> 0x000377fe
[    0.000000]   HighMem  0x000377fe -> 0x0003d6b0
[    0.000000] Movable zone start PFN for each node
[    0.000000] early_node_map[2] active PFN ranges
[    0.000000]     0: 0x00000000 -> 0x0000009d
[    0.000000]     0: 0x00000100 -> 0x0003d6b0
[    0.000000] On node 0 totalpages: 251469
[    0.000000] free_area_init_node: node 0, pgdat c1901ea0, node_mem_map c1be7000
[    0.000000]   DMA zone: 32 pages used for memmap
[    0.000000]   DMA zone: 0 pages reserved
[    0.000000]   DMA zone: 3965 pages, LIFO batch:0
[    0.000000]   Normal zone: 1744 pages used for memmap
[    0.000000]   Normal zone: 221486 pages, LIFO batch:31
[    0.000000]   HighMem zone: 190 pages used for memmap
[    0.000000]   HighMem zone: 24052 pages, LIFO batch:3
[    0.000000] Using APIC driver default
[    0.000000] ACPI: PM-Timer IO Port: 0x1008
[    0.000000] ACPI: Local APIC address 0xfee00000
[    0.000000] ACPI: LAPIC (acpi_id[0x00] lapic_id[0x00] enabled)
[    0.000000] ACPI: LAPIC (acpi_id[0x01] lapic_id[0x01] enabled)
[    0.000000] ACPI: NR_CPUS/possible_cpus limit of 1 reached.  Processor 1/0x1 ignored.
[    0.000000] ACPI: LAPIC_NMI (acpi_id[0x00] high edge lint[0x1])
[    0.000000] ACPI: LAPIC_NMI (acpi_id[0x01] high edge lint[0x1])
[    0.000000] ACPI: IOAPIC (id[0x01] address[0xfec00000] gsi_base[0])
[    0.000000] IOAPIC[0]: apic_id 1, version 32, address 0xfec00000, GSI 0-23
[    0.000000] ACPI: INT_SRC_OVR (bus 0 bus_irq 0 global_irq 2 dfl dfl)
[    0.000000] ACPI: INT_SRC_OVR (bus 0 bus_irq 9 global_irq 9 high level)
[    0.000000] ACPI: IRQ0 used by override.
[    0.000000] ACPI: IRQ2 used by override.
[    0.000000] ACPI: IRQ9 used by override.
[    0.000000] Using ACPI (MADT) for SMP configuration information
[    0.000000] ACPI: HPET id: 0x8086a201 base: 0xfed00000
[    0.000000] nr_irqs_gsi: 24
[    0.000000] PM: Registered nosave memory: 000000000009d000 - 000000000009e000
[    0.000000] PM: Registered nosave memory: 000000000009e000 - 00000000000a0000
[    0.000000] PM: Registered nosave memory: 00000000000a0000 - 00000000000d2000
[    0.000000] PM: Registered nosave memory: 00000000000d2000 - 00000000000d4000
[    0.000000] PM: Registered nosave memory: 00000000000d4000 - 00000000000e0000
[    0.000000] PM: Registered nosave memory: 00000000000e0000 - 0000000000100000
[    0.000000] Allocating PCI resources starting at 3e000000 (gap: 3e000000:b2000000)
[    0.000000] Built 1 zonelists in Zone order, mobility grouping on.  Total pages: 249503
[    0.000000] Kernel command line: auto BOOT_IMAGE=Linux ro root=802 vt.default_utf8=0 maxcpus=0
[    0.000000] PID hash table entries: 4096 (order: 2, 16384 bytes)
[    0.000000] Dentry cache hash table entries: 131072 (order: 7, 524288 bytes)
[    0.000000] Inode-cache hash table entries: 65536 (order: 6, 262144 bytes)
[    0.000000] Enabling fast FPU save and restore... done.
[    0.000000] Enabling unmasked SIMD FPU exception support... done.
[    0.000000] Initializing CPU#0
[    0.000000] Initializing HighMem for node 0 (000377fe:0003d6b0)
[    0.000000] Memory: 984800k/1006272k available (6914k kernel code, 20876k reserved, 2328k data, 448k init, 96968k highmem)
[    0.000000] virtual kernel memory layout:
[    0.000000]     fixmap  : 0xfffa3000 - 0xfffff000   ( 368 kB)
[    0.000000]     pkmap   : 0xff800000 - 0xffc00000   (4096 kB)
[    0.000000]     vmalloc : 0xf7ffe000 - 0xff7fe000   ( 120 MB)
[    0.000000]     lowmem  : 0xc0000000 - 0xf77fe000   ( 887 MB)
[    0.000000]       .init : 0xc1907000 - 0xc1977000   ( 448 kB)
[    0.000000]       .data : 0xc16c0b5f - 0xc1906c64   (2328 kB)
[    0.000000]       .text : 0xc1000000 - 0xc16c0b5f   (6914 kB)
[    0.000000] Checking if this processor honours the WP bit even in supervisor mode...Ok.
[    0.000000] SLUB: Genslabs=13, HWalign=64, Order=0-3, MinObjects=0, CPUs=1, Nodes=1
[    0.000000] Hierarchical RCU implementation.
[    0.000000] NR_IRQS:288
[    0.000000] Extended CMOS year: 2000
[    0.000000] Console: colour VGA+ 80x25
[    0.000000] console [tty0] enabled
[    0.000000] hpet clockevent registered
[    0.000000] Fast TSC calibration using PIT
[    0.000000] Detected 2094.593 MHz processor.
[    0.001002] Calibrating delay loop (skipped), value calculated using timer frequency.. 4189.18 BogoMIPS (lpj=2094593)
[    0.001170] Security Framework initialized
[    0.001254] Mount-cache hash table entries: 512
[    0.001403] CPU: L1 I cache: 32K, L1 D cache: 32K
[    0.001524] CPU: L2 cache: 3072K
[    0.001603] mce: CPU supports 6 MCE banks
[    0.001689] CPU0: Thermal monitoring enabled (TM2)
[    0.002003] using mwait in idle threads.
[    0.002085] CPU: Intel(R) Core(TM)2 Duo CPU     T8100  @ 2.10GHz stepping 06
[    0.002263] Checking 'hlt' instruction... OK.
[    0.006934] ACPI: Core revision 20090903
[    0.026018] CANARY value: c6c6041b for PID: 1
[    0.027014] Enabling APIC mode:  Flat.  Using 1 I/O APICs
[    0.027464] ..TIMER: vector=0x30 apic1=0 pin1=2 apic2=-1 pin2=-1
[    0.037997] xor: automatically using best checksumming function: pIII_sse
[    0.041998]    pIII_sse  :  8568.000 MB/sec
[    0.042076] xor: using function: pIII_sse (8568.000 MB/sec)
[    0.042160] RANDOM - __seed init called.
[    0.042161] RANDOM - __seed init called.
[    0.042162] RANDOM - __seed init called.
[    0.042164] RANDOM - __random32 called. Change num 1.  Value: f7943846	49e73df3	af36cd0d
[    0.042166] RANDOM - __random32 called. Change num 2.  Value: 43846e13	9e73df37	9a1ad014
[    0.042167] RANDOM - __random32 called. Change num 3.  Value: 46e139c8	e73df373	a029598a
[    0.042169] RANDOM - __random32 called. Change num 4.  Value: 139c8c3b	73df373d	b3142c72
[    0.042171] RANDOM - __random32 called. Change num 5.  Value: c8c3b043	3df373de	58e576a9
[    0.042172] RANDOM - __random32 called. Change num 6.  Value: 3b0437d9	df373de5	ed53f9d8
[    0.042174] RANDOM - random32 init called.  Value: 3b0437d9	df373de5	ed53f9d8
[    0.042192] NET: Registered protocol family 16
[    0.042443] ACPI FADT declares the system doesn't support PCIe ASPM, so disable it
[    0.042567] ACPI: bus type pci registered
[    0.042736] PCI: MCFG configuration 0: base f0000000 segment 0 buses 0 - 63
[    0.042830] PCI: MCFG area at f0000000 reserved in E820
[    0.042912] PCI: Using MMCONFIG for extended config space
[    0.043002] PCI: Using configuration type 1 for base access
[    0.046108] bio: create slab <bio-0> at 0
[    0.046925] ACPI: EC: EC description table is found, configuring boot EC
[    0.052066] ACPI: BIOS _OSI(Linux) query honored via DMI
[    0.052785] random 0000 0000 0000 00000000 00000000: rand_read_num 2 get_random_bytes(8): sig fffffe1a 00000000 00000000
[    0.052787] random 0000 0000 0000 00000000 00000000: extract_entropy(.. 8 ..)
[    0.052790] random 0000 0000 0000 00000000 00000000: going to reseed nonblocking with 64 bits (64 of 0 requested)
[    0.052792] random 0000 0000 0000 00000000 00000000: extract_entropy(.. 8 ..)
[    0.052794] random 0000 0000 0000 00000000 00000000: trying to extract 64 bits from input
[    0.052796] random 0000 0000 0000 00000000 00000000: debiting 0 entropy credits from input
[    0.052798] random 0000 0000 0000 00000000 00000000: extract_entropy account returned: 0 
[    0.052827] random 0000 0000 0000 00000000 00000000: urand_change_num 3 xfer_secondary_pool(8): pool_sig fffffe1a, data_sig 00000000, bytes_mixed 0 00000000 00000000
[    0.052830] random 0000 0000 0000 00000000 00000000: trying to extract 64 bits from nonblocking
[    0.052833] random 0000 0000 0000 00000000 00000000: debiting 64 entropy credits from nonblocking (unlimited)
[    0.052835] random 0000 0000 0000 00000000 00000000: extract_entropy account returned: 8 
[    0.052839] random 0000 0000 0000 00000000 00000000: urand_change_num 4 extract_buf: pool_sig fffffe1a, data_sig fffffed7, bytes_mixed 20 00000000 00000000
[    0.057562] ACPI: Interpreter enabled
[    0.057646] ACPI: (supports S0 S3 S4 S5)
[    0.057943] ACPI: Using IOAPIC for interrupt routing
[    0.067718] ACPI: EC: GPE = 0x12, I/O: command/status = 0x66, data = 0x62
[    0.067985] ACPI: Power Resource [PUBS] (on)
[    0.070074] ACPI: ACPI Dock Station Driver: 3 docks/bays found
[    0.070478] ACPI: PCI Root Bridge [PCI0] (0000:00)
[    0.070652] pci 0000:00:02.0: reg 10 64bit mmio: [0xf8100000-0xf81fffff]
[    0.070658] pci 0000:00:02.0: reg 18 64bit mmio pref: [0xe0000000-0xefffffff]
[    0.070662] pci 0000:00:02.0: reg 20 io port: [0x1800-0x1807]
[    0.070696] pci 0000:00:02.1: reg 10 64bit mmio: [0xf8200000-0xf82fffff]
[    0.070798] pci 0000:00:19.0: reg 10 32bit mmio: [0xfe000000-0xfe01ffff]
[    0.070807] pci 0000:00:19.0: reg 14 32bit mmio: [0xfe025000-0xfe025fff]
[    0.070814] pci 0000:00:19.0: reg 18 io port: [0x1840-0x185f]
[    0.070882] pci 0000:00:19.0: PME# supported from D0 D3hot D3cold
[    0.070968] pci 0000:00:19.0: PME# disabled
[    0.071064] pci 0000:00:1a.0: reg 20 io port: [0x1860-0x187f]
[    0.071155] pci 0000:00:1a.1: reg 20 io port: [0x1880-0x189f]
[    0.071242] pci 0000:00:1a.7: reg 10 32bit mmio: [0xfe226c00-0xfe226fff]
[    0.071327] pci 0000:00:1a.7: PME# supported from D0 D3hot D3cold
[    0.071418] pci 0000:00:1a.7: PME# disabled
[    0.071569] pci 0000:00:1b.0: reg 10 64bit mmio: [0xfe020000-0xfe023fff]
[    0.071655] pci 0000:00:1b.0: PME# supported from D0 D3hot D3cold
[    0.071748] pci 0000:00:1b.0: PME# disabled
[    0.072030] pci 0000:00:1c.0: PME# supported from D0 D3hot D3cold
[    0.072119] pci 0000:00:1c.0: PME# disabled
[    0.072320] pci 0000:00:1c.1: PME# supported from D0 D3hot D3cold
[    0.072415] pci 0000:00:1c.1: PME# disabled
[    0.072616] pci 0000:00:1c.2: PME# supported from D0 D3hot D3cold
[    0.072704] pci 0000:00:1c.2: PME# disabled
[    0.072897] pci 0000:00:1c.3: PME# supported from D0 D3hot D3cold
[    0.072982] pci 0000:00:1c.3: PME# disabled
[    0.073111] pci 0000:00:1c.4: PME# supported from D0 D3hot D3cold
[    0.073193] pci 0000:00:1c.4: PME# disabled
[    0.074070] pci 0000:00:1d.0: reg 20 io port: [0x18a0-0x18bf]
[    0.074149] pci 0000:00:1d.1: reg 20 io port: [0x18c0-0x18df]
[    0.074245] pci 0000:00:1d.2: reg 20 io port: [0x18e0-0x18ff]
[    0.074340] pci 0000:00:1d.7: reg 10 32bit mmio: [0xfe227000-0xfe2273ff]
[    0.074438] pci 0000:00:1d.7: PME# supported from D0 D3hot D3cold
[    0.074525] pci 0000:00:1d.7: PME# disabled
[    0.074803] pci 0000:00:1f.0: quirk: region 1000-107f claimed by ICH6 ACPI/GPIO/TCO
[    0.074925] pci 0000:00:1f.0: quirk: region 1180-11bf claimed by ICH6 GPIO
[    0.074998] pci 0000:00:1f.0: ICH7 LPC Generic IO decode 1 PIO at 1600 (mask 007f)
[    0.075113] pci 0000:00:1f.0: ICH7 LPC Generic IO decode 2 PIO at 15e0 (mask 000f)
[    0.075230] pci 0000:00:1f.0: ICH7 LPC Generic IO decode 3 PIO at 1680 (mask 001f)
[    0.075425] pci 0000:00:1f.1: reg 10 io port: [0x00-0x07]
[    0.075434] pci 0000:00:1f.1: reg 14 io port: [0x00-0x03]
[    0.075441] pci 0000:00:1f.1: reg 18 io port: [0x00-0x07]
[    0.075453] pci 0000:00:1f.1: reg 1c io port: [0x00-0x03]
[    0.075465] pci 0000:00:1f.1: reg 20 io port: [0x1c00-0x1c0f]
[    0.075547] pci 0000:00:1f.2: reg 10 io port: [0x1c50-0x1c57]
[    0.075556] pci 0000:00:1f.2: reg 14 io port: [0x1c44-0x1c47]
[    0.075565] pci 0000:00:1f.2: reg 18 io port: [0x1c48-0x1c4f]
[    0.075572] pci 0000:00:1f.2: reg 1c io port: [0x1c40-0x1c43]
[    0.075580] pci 0000:00:1f.2: reg 20 io port: [0x1c20-0x1c3f]
[    0.075589] pci 0000:00:1f.2: reg 24 32bit mmio: [0xfe226000-0xfe2267ff]
[    0.075647] pci 0000:00:1f.2: PME# supported from D3hot
[    0.075729] pci 0000:00:1f.2: PME# disabled
[    0.075848] pci 0000:00:1f.3: reg 10 32bit mmio: [0xfe227400-0xfe2274ff]
[    0.075872] pci 0000:00:1f.3: reg 20 io port: [0x1c60-0x1c7f]
[    0.076020] pci 0000:00:1c.0: bridge io port: [0x2000-0x2fff]
[    0.076026] pci 0000:00:1c.0: bridge 32bit mmio: [0xfc000000-0xfdffffff]
[    0.076035] pci 0000:00:1c.0: bridge 64bit mmio pref: [0xf8000000-0xf80fffff]
[    0.076107] pci 0000:03:00.0: reg 10 64bit mmio: [0xdf3f0000-0xdf3fffff]
[    0.076301] pci 0000:00:1c.1: bridge io port: [0x3000-0x3fff]
[    0.076305] pci 0000:00:1c.1: bridge 32bit mmio: [0xdc000000-0xdf3fffff]
[    0.076314] pci 0000:00:1c.1: bridge 64bit mmio pref: [0xdfe00000-0xdfefffff]
[    0.076373] pci 0000:00:1c.2: bridge io port: [0x4000-0x4fff]
[    0.076380] pci 0000:00:1c.2: bridge 32bit mmio: [0xd8000000-0xd9ffffff]
[    0.076389] pci 0000:00:1c.2: bridge 64bit mmio pref: [0xdfb00000-0xdfbfffff]
[    0.076446] pci 0000:00:1c.3: bridge io port: [0x5000-0x5fff]
[    0.076452] pci 0000:00:1c.3: bridge 32bit mmio: [0xd4000000-0xd5ffffff]
[    0.076460] pci 0000:00:1c.3: bridge 64bit mmio pref: [0xdf800000-0xdf8fffff]
[    0.076517] pci 0000:00:1c.4: bridge io port: [0x6000-0x6fff]
[    0.076524] pci 0000:00:1c.4: bridge 32bit mmio: [0xd0000000-0xd1ffffff]
[    0.076533] pci 0000:00:1c.4: bridge 64bit mmio pref: [0xdf500000-0xdf5fffff]
[    0.076592] pci 0000:15:00.0: reg 10 32bit mmio: [0xf8300000-0xf8300fff]
[    0.076642] pci 0000:15:00.0: supports D1 D2
[    0.076644] pci 0000:15:00.0: PME# supported from D0 D1 D2 D3hot D3cold
[    0.076729] pci 0000:15:00.0: PME# disabled
[    0.076864] pci 0000:15:00.1: reg 10 32bit mmio: [0xf8301000-0xf83017ff]
[    0.076961] pci 0000:15:00.1: supports D1 D2
[    0.076963] pci 0000:15:00.1: PME# supported from D0 D1 D2 D3hot D3cold
[    0.077000] pci 0000:15:00.1: PME# disabled
[    0.077174] pci 0000:00:1e.0: transparent bridge
[    0.077259] pci 0000:00:1e.0: bridge io port: [0x7000-0xafff]
[    0.077263] pci 0000:00:1e.0: bridge 32bit mmio: [0xf8300000-0xfbffffff]
[    0.077270] pci 0000:00:1e.0: bridge 64bit mmio pref: [0xf4000000-0xf7ffffff]
[    0.077337] pci_bus 0000:00: on NUMA node 0
[    0.077341] ACPI: PCI Interrupt Routing Table [\_SB_.PCI0._PRT]
[    0.077475] ACPI: PCI Interrupt Routing Table [\_SB_.PCI0.EXP0._PRT]
[    0.077534] ACPI: PCI Interrupt Routing Table [\_SB_.PCI0.EXP1._PRT]
[    0.077592] ACPI: PCI Interrupt Routing Table [\_SB_.PCI0.EXP2._PRT]
[    0.077649] ACPI: PCI Interrupt Routing Table [\_SB_.PCI0.EXP3._PRT]
[    0.077712] ACPI: PCI Interrupt Routing Table [\_SB_.PCI0.EXP4._PRT]
[    0.077774] ACPI: PCI Interrupt Routing Table [\_SB_.PCI0.PCI1._PRT]
[    0.083291] ACPI: PCI Interrupt Link [LNKA] (IRQs 3 4 5 6 7 9 *10 11)
[    0.084016] ACPI: PCI Interrupt Link [LNKB] (IRQs 3 4 5 6 7 9 10 *11)
[    0.084727] ACPI: PCI Interrupt Link [LNKC] (IRQs 3 4 5 6 7 9 10 *11)
[    0.085423] ACPI: PCI Interrupt Link [LNKD] (IRQs 3 4 5 6 7 9 10 *11)
[    0.086158] ACPI: PCI Interrupt Link [LNKE] (IRQs 3 4 5 6 7 9 10 *11)
[    0.086898] ACPI: PCI Interrupt Link [LNKF] (IRQs 3 4 5 6 7 9 10 *11)
[    0.087628] ACPI: PCI Interrupt Link [LNKG] (IRQs 3 4 5 6 7 9 10 *11)
[    0.088382] ACPI: PCI Interrupt Link [LNKH] (IRQs 3 4 5 6 7 9 10 *11)
[    0.089109] vgaarb: device added: PCI:0000:00:02.0,decodes=io+mem,owns=io+mem,locks=none
[    0.089226] vgaarb: loaded
[    0.089396] SCSI subsystem initialized
[    0.089485] libata version 3.00 loaded.
[    0.089532] usbcore: registered new interface driver usbfs
[    0.089659] usbcore: registered new interface driver hub
[    0.089761] usbcore: registered new device driver usb
[    0.106033] raid6: int32x1    941 MB/s
[    0.123059] raid6: int32x2    890 MB/s
[    0.140065] raid6: int32x4    750 MB/s
[    0.157077] raid6: int32x8    660 MB/s
[    0.173985] raid6: mmxx1     2878 MB/s
[    0.190981] raid6: mmxx2     3269 MB/s
[    0.208002] raid6: sse1x1    1937 MB/s
[    0.224979] raid6: sse1x2    2531 MB/s
[    0.241978] raid6: sse2x1    3503 MB/s
[    0.258980] raid6: sse2x2    3828 MB/s
[    0.259059] raid6: using algorithm sse2x2 (3828 MB/s)
[    0.259149] PCI: Using ACPI for IRQ routing
[    0.259456] HPET: 3 timers in total, 0 timers will be used for per-cpu timer
[    0.259997] Switching to clocksource tsc
[    0.260090] pnp: PnP ACPI init
[    0.260170] ACPI: bus type pnp registered
[    0.263796] pnp: PnP ACPI: found 11 devices
[    0.263888] ACPI: ACPI bus type pnp unregistered
[    0.263976] system 00:00: iomem range 0x0-0x9ffff could not be reserved
[    0.264064] system 00:00: iomem range 0xc0000-0xc3fff could not be reserved
[    0.264147] system 00:00: iomem range 0xc4000-0xc7fff could not be reserved
[    0.264232] system 00:00: iomem range 0xc8000-0xcbfff has been reserved
[    0.264314] system 00:00: iomem range 0xcc000-0xcffff has been reserved
[    0.264394] system 00:00: iomem range 0xd0000-0xd3fff could not be reserved
[    0.264477] system 00:00: iomem range 0xe0000-0xe3fff could not be reserved
[    0.264568] system 00:00: iomem range 0xe4000-0xe7fff could not be reserved
[    0.264654] system 00:00: iomem range 0xe8000-0xebfff could not be reserved
[    0.264737] system 00:00: iomem range 0xec000-0xeffff could not be reserved
[    0.264824] system 00:00: iomem range 0xf0000-0xfffff could not be reserved
[    0.264916] system 00:00: iomem range 0x100000-0x3dffffff could not be reserved
[    0.265028] system 00:00: iomem range 0xfec00000-0xfed3ffff could not be reserved
[    0.265145] system 00:00: iomem range 0xfed4c000-0xffffffff could not be reserved
[    0.265265] system 00:02: ioport range 0x164e-0x164f has been reserved
[    0.265351] system 00:02: ioport range 0x1000-0x107f has been reserved
[    0.265440] system 00:02: ioport range 0x1180-0x11bf has been reserved
[    0.265533] system 00:02: ioport range 0x800-0x80f has been reserved
[    0.265616] system 00:02: ioport range 0x15e0-0x15ef has been reserved
[    0.265698] system 00:02: ioport range 0x1600-0x165f could not be reserved
[    0.265784] system 00:02: iomem range 0xf0000000-0xf3ffffff has been reserved
[    0.265877] system 00:02: iomem range 0xfed1c000-0xfed1ffff has been reserved
[    0.265978] system 00:02: iomem range 0xfed14000-0xfed17fff has been reserved
[    0.266062] system 00:02: iomem range 0xfed18000-0xfed18fff has been reserved
[    0.266144] system 00:02: iomem range 0xfed19000-0xfed19fff has been reserved
[    0.266229] system 00:02: iomem range 0xfed45000-0xfed4bfff has been reserved
[    0.301271] pci 0000:00:1c.0: PCI bridge, secondary bus 0000:02
[    0.301360] pci 0000:00:1c.0:   IO window: 0x2000-0x2fff
[    0.301458] pci 0000:00:1c.0:   MEM window: 0xfc000000-0xfdffffff
[    0.301542] pci 0000:00:1c.0:   PREFETCH window: 0x000000f8000000-0x000000f80fffff
[    0.301664] pci 0000:00:1c.1: PCI bridge, secondary bus 0000:03
[    0.301754] pci 0000:00:1c.1:   IO window: 0x3000-0x3fff
[    0.301838] pci 0000:00:1c.1:   MEM window: 0xdc000000-0xdf3fffff
[    0.301944] pci 0000:00:1c.1:   PREFETCH window: 0x000000dfe00000-0x000000dfefffff
[    0.302059] pci 0000:00:1c.2: PCI bridge, secondary bus 0000:04
[    0.302156] pci 0000:00:1c.2:   IO window: 0x4000-0x4fff
[    0.302250] pci 0000:00:1c.2:   MEM window: 0xd8000000-0xd9ffffff
[    0.302334] pci 0000:00:1c.2:   PREFETCH window: 0x000000dfb00000-0x000000dfbfffff
[    0.302463] pci 0000:00:1c.3: PCI bridge, secondary bus 0000:05
[    0.302552] pci 0000:00:1c.3:   IO window: 0x5000-0x5fff
[    0.302636] pci 0000:00:1c.3:   MEM window: 0xd4000000-0xd5ffffff
[    0.302719] pci 0000:00:1c.3:   PREFETCH window: 0x000000df800000-0x000000df8fffff
[    0.302850] pci 0000:00:1c.4: PCI bridge, secondary bus 0000:0d
[    0.302947] pci 0000:00:1c.4:   IO window: 0x6000-0x6fff
[    0.303033] pci 0000:00:1c.4:   MEM window: 0xd0000000-0xd1ffffff
[    0.303120] pci 0000:00:1c.4:   PREFETCH window: 0x000000df500000-0x000000df5fffff
[    0.303251] pci 0000:15:00.0: CardBus bridge, secondary bus 0000:16
[    0.303335] pci 0000:15:00.0:   IO window: 0x007000-0x0070ff
[    0.303418] pci 0000:15:00.0:   IO window: 0x007400-0x0074ff
[    0.303517] pci 0000:15:00.0:   PREFETCH window: 0xf4000000-0xf7ffffff
[    0.303611] pci 0000:15:00.0:   MEM window: 0x40000000-0x43ffffff
[    0.303696] pci 0000:00:1e.0: PCI bridge, secondary bus 0000:15
[    0.303778] pci 0000:00:1e.0:   IO window: 0x7000-0xafff
[    0.303871] pci 0000:00:1e.0:   MEM window: 0xf8300000-0xfbffffff
[    0.303974] pci 0000:00:1e.0:   PREFETCH window: 0x000000f4000000-0x000000f7ffffff
[    0.304115] pci 0000:00:1c.0: PCI INT A -> GSI 20 (level, low) -> IRQ 20
[    0.304204] pci 0000:00:1c.0: setting latency timer to 64
[    0.304216] pci 0000:00:1c.1: PCI INT B -> GSI 21 (level, low) -> IRQ 21
[    0.304308] pci 0000:00:1c.1: setting latency timer to 64
[    0.304317] pci 0000:00:1c.2: PCI INT C -> GSI 22 (level, low) -> IRQ 22
[    0.304401] pci 0000:00:1c.2: setting latency timer to 64
[    0.304413] pci 0000:00:1c.3: PCI INT D -> GSI 23 (level, low) -> IRQ 23
[    0.304522] pci 0000:00:1c.3: setting latency timer to 64
[    0.304534] pci 0000:00:1c.4: PCI INT A -> GSI 20 (level, low) -> IRQ 20
[    0.304625] pci 0000:00:1c.4: setting latency timer to 64
[    0.304634] pci 0000:00:1e.0: enabling device (0005 -> 0007)
[    0.304719] pci 0000:00:1e.0: setting latency timer to 64
[    0.304736] pci 0000:15:00.0: PCI INT A -> GSI 16 (level, low) -> IRQ 16
[    0.304826] pci 0000:15:00.0: setting latency timer to 64
[    0.304832] pci_bus 0000:00: resource 0 io:  [0x00-0xffff]
[    0.304834] pci_bus 0000:00: resource 1 mem: [0x000000-0xffffffff]
[    0.304836] pci_bus 0000:02: resource 0 io:  [0x2000-0x2fff]
[    0.304838] pci_bus 0000:02: resource 1 mem: [0xfc000000-0xfdffffff]
[    0.304839] pci_bus 0000:02: resource 2 pref mem [0xf8000000-0xf80fffff]
[    0.304841] pci_bus 0000:03: resource 0 io:  [0x3000-0x3fff]
[    0.304843] pci_bus 0000:03: resource 1 mem: [0xdc000000-0xdf3fffff]
[    0.304845] pci_bus 0000:03: resource 2 pref mem [0xdfe00000-0xdfefffff]
[    0.304847] pci_bus 0000:04: resource 0 io:  [0x4000-0x4fff]
[    0.304849] pci_bus 0000:04: resource 1 mem: [0xd8000000-0xd9ffffff]
[    0.304850] pci_bus 0000:04: resource 2 pref mem [0xdfb00000-0xdfbfffff]
[    0.304852] pci_bus 0000:05: resource 0 io:  [0x5000-0x5fff]
[    0.304854] pci_bus 0000:05: resource 1 mem: [0xd4000000-0xd5ffffff]
[    0.304856] pci_bus 0000:05: resource 2 pref mem [0xdf800000-0xdf8fffff]
[    0.304857] pci_bus 0000:0d: resource 0 io:  [0x6000-0x6fff]
[    0.304859] pci_bus 0000:0d: resource 1 mem: [0xd0000000-0xd1ffffff]
[    0.304864] pci_bus 0000:0d: resource 2 pref mem [0xdf500000-0xdf5fffff]
[    0.304866] pci_bus 0000:15: resource 0 io:  [0x7000-0xafff]
[    0.304868] pci_bus 0000:15: resource 1 mem: [0xf8300000-0xfbffffff]
[    0.304869] pci_bus 0000:15: resource 2 pref mem [0xf4000000-0xf7ffffff]
[    0.304871] pci_bus 0000:15: resource 3 io:  [0x00-0xffff]
[    0.304873] pci_bus 0000:15: resource 4 mem: [0x000000-0xffffffff]
[    0.304875] pci_bus 0000:16: resource 0 io:  [0x7000-0x70ff]
[    0.304876] pci_bus 0000:16: resource 1 io:  [0x7400-0x74ff]
[    0.304878] pci_bus 0000:16: resource 2 pref mem [0xf4000000-0xf7ffffff]
[    0.304880] pci_bus 0000:16: resource 3 mem: [0x40000000-0x43ffffff]
[    0.304887] NET: Registered protocol family 2
[    0.304971] RANDOM - __random32 called. Change num 7.  Value: 437d97bf	f373de51	f3b0f986
[    0.304973] RANDOM - random32 called.  Value: 437d97bf	f373de51	f3b0f986
[    0.304977] random 0000 0000 0000 5f8db4e5 4cfdf2a8: rand_read_num 3 get_random_bytes(4): sig fffffb64 5f8db4e5 4cfdf2a8
[    0.304979] random 0000 0000 0000 5f8db4e5 4cfdf2a8: extract_entropy(.. 4 ..)
[    0.304982] random 0000 0000 0000 5f8db4e5 4cfdf2a8: going to reseed nonblocking with 64 bits (32 of 0 requested)
[    0.304984] random 0000 0000 0000 5f8db4e5 4cfdf2a8: extract_entropy(.. 8 ..)
[    0.304986] random 0000 0000 0000 5f8db4e5 4cfdf2a8: trying to extract 64 bits from input
[    0.304988] random 0000 0000 0000 5f8db4e5 4cfdf2a8: debiting 0 entropy credits from input
[    0.304990] random 0000 0000 0000 5f8db4e5 4cfdf2a8: extract_entropy account returned: 0 
[    0.304993] random 0000 0000 0000 5f8db4e5 4cfdf2a8: urand_change_num 5 xfer_secondary_pool(4): pool_sig fffffb64, data_sig 00000000, bytes_mixed 0 5f8db4e5 4cfdf2a8
[    0.304996] random 0000 0000 0000 5f8db4e5 4cfdf2a8: trying to extract 32 bits from nonblocking
[    0.304998] random 0000 0000 0000 5f8db4e5 4cfdf2a8: debiting 32 entropy credits from nonblocking (unlimited)
[    0.305000] random 0000 0000 0000 5f8db4e5 4cfdf2a8: extract_entropy account returned: 4 
[    0.305004] random 0000 0000 0000 5f8db4e5 4cfdf2a8: urand_change_num 6 extract_buf: pool_sig fffffb64, data_sig 00000241, bytes_mixed 20 5f8db4e5 4cfdf2a8
[    0.305014] IP route cache hash table entries: 32768 (order: 5, 131072 bytes)
[    0.305136] RANDOM - __random32 called. Change num 8.  Value: d97bfe31	373de51f	f30dc6e6
[    0.305137] RANDOM - random32 called.  Value: d97bfe31	373de51f	f30dc6e6
[    0.305149] RANDOM - __random32 called. Change num 9.  Value: bfe314d7	73de51f5	8dcd6c7e
[    0.305150] RANDOM - random32 called.  Value: bfe314d7	73de51f5	8dcd6c7e
[    0.305152] RANDOM - __random32 called. Change num 10.  Value: 314d7baf	3de51f5e	d8fc74c1
[    0.305154] RANDOM - random32 called.  Value: 314d7baf	3de51f5e	d8fc74c1
[    0.305164] RANDOM - __random32 called. Change num 11.  Value: d7baf3c7	de51f5e5	e983e3fa
[    0.305166] RANDOM - random32 called.  Value: d7baf3c7	de51f5e5	e983e3fa
[    0.305175] TCP established hash table entries: 131072 (order: 8, 1048576 bytes)
[    0.305657] TCP bind hash table entries: 65536 (order: 6, 262144 bytes)
[    0.305834] TCP: Hash tables configured (established 131072 bind 65536)
[    0.305924] TCP reno registered
[    0.306025] NET: Registered protocol family 1
[    0.306129] RPC: Registered udp transport module.
[    0.306208] RPC: Registered tcp transport module.
[    0.306298] RPC: Registered tcp NFSv4.1 backchannel transport module.
[    0.306391] pci 0000:00:02.0: Boot video device
[    0.306601] Simple Boot Flag at 0x35 set to 0x1
[    0.307160] highmem bounce pool size: 64 pages
[    0.308658] VFS: Disk quotas dquot_6.5.2
[    0.308771] Dquot-cache hash table entries: 1024 (order 0, 4096 bytes)
[    0.309516] NTFS driver 2.1.29 [Flags: R/W].
[    0.309667] ROMFS MTD (C) 2007 Red Hat, Inc.
[    0.309880] JFS: nTxBlock = 7695, nTxLock = 61562
[    0.312341] SGI XFS with ACLs, security attributes, large block/inode numbers, no debug enabled
[    0.312810] SGI XFS Quota Management subsystem
[    0.313099] Slow work thread pool: Starting up
[    0.313192] Slow work thread pool: Ready
[    0.313283] GFS2 (built May 24 2013 02:47:17) installed
[    0.313372] msgmni has been set to 1734
[    0.313531] alg: No test for cipher_null (cipher_null-generic)
[    0.313623] alg: No test for ecb(cipher_null) (ecb-cipher_null)
[    0.313713] alg: No test for digest_null (digest_null-generic)
[    0.313806] alg: No test for compress_null (compress_null-generic)
[    0.314364] alg: No test for fcrypt (fcrypt-generic)
[    0.315778] alg: No test for stdrng (krng)
[    0.315879] async_tx: api initialized (async)
[    0.316029] Block layer SCSI generic (bsg) driver version 0.4 loaded (major 254)
[    0.316146] io scheduler noop registered
[    0.316228] io scheduler anticipatory registered
[    0.316320] io scheduler deadline registered
[    0.316441] io scheduler cfq registered (default)
[    0.316697] pcieport 0000:00:1c.0: irq 24 for MSI/MSI-X
[    0.316712] pcieport 0000:00:1c.0: setting latency timer to 64
[    0.316913] pcieport 0000:00:1c.1: irq 25 for MSI/MSI-X
[    0.316924] pcieport 0000:00:1c.1: setting latency timer to 64
[    0.317105] pcieport 0000:00:1c.2: irq 26 for MSI/MSI-X
[    0.317115] pcieport 0000:00:1c.2: setting latency timer to 64
[    0.317293] pcieport 0000:00:1c.3: irq 27 for MSI/MSI-X
[    0.317304] pcieport 0000:00:1c.3: setting latency timer to 64
[    0.317491] pcieport 0000:00:1c.4: irq 28 for MSI/MSI-X
[    0.317503] pcieport 0000:00:1c.4: setting latency timer to 64
[    0.317647] pci_hotplug: PCI Hot Plug PCI Core version: 0.5
[    0.317833] isapnp: Scanning for PnP cards...
[    0.678358] isapnp: No Plug & Play device found
[    0.678439] random 0000 0000 0000 5f8db4e5 4cfdf2a8: initializing
[    0.697945] Serial: 8250/16550 driver, 4 ports, IRQ sharing enabled
[    3.708918] floppy0: no floppy controllers found
[    3.709847] brd: module loaded
[    3.710339] loop: module loaded
[    3.710417] Compaq SMART2 Driver (v 2.6.0)
[    3.710531] HP CISS Driver (v 3.6.20)
[    3.710767] input: Macintosh mouse button emulation as /devices/virtual/input/input0
[    3.710900] Uniform Multi-Platform E-IDE driver
[    3.711135] piix 0000:00:1f.1: IDE controller (0x8086:0x2850 rev 0x03)
[    3.711231] pci 0000:00:1f.1: PCI INT C -> GSI 16 (level, low) -> IRQ 16
[    3.711330] piix 0000:00:1f.1: IDE port disabled
[    3.711423] piix 0000:00:1f.1: not 100% native mode: will probe irqs later
[    3.711513]     ide0: BM-DMA at 0x1c00-0x1c07
[    3.711609] Probing IDE interface ide0...
[    4.383143] hda: HL-DT-ST DVDRAM GSA-U10N, ATAPI CD/DVD-ROM drive
[    4.689961] hda: host max PIO4 wanted PIO255(auto-tune) selected PIO4
[    4.690737] hda: UDMA/33 mode selected
[    4.691194] ide0 at 0x1f0-0x1f7,0x3f6 on irq 14
[    4.695067] ide-gd driver 1.18
[    4.695175] ide-cd driver 5.00
[    4.696558] ide-cd: hda: ATAPI 24X DVD-ROM DVD-R/RAM CD-R/RW drive, 2048kB Cache
[    4.696986] Uniform CD-ROM driver Revision: 3.20
[    4.704119] Loading iSCSI transport class v2.0-870.
[    4.704397] rdac: device handler registered
[    4.704479] hp_sw: device handler registered
[    4.704566] emc: device handler registered
[    4.704644] alua: device handler registered
[    4.705625] Adaptec aacraid driver 1.1-5[2461]-ms
[    4.706036] scsi: <fdomain> Detection failed (no card)
[    4.706133] sym53c416.c: Version 1.0.0-ac
[    4.706231] qlogicfas: no cards were found, please specify I/O address and IRQ using iobase= and irq= options
[    4.706349] QLogic Fibre Channel HBA Driver: 8.03.01-k6
[    4.706565] iscsi: registered transport (qla4xxx)
[    4.706669] QLogic iSCSI HBA Driver
[    4.706750] Emulex LightPulse Fibre Channel SCSI driver 8.3.4
[    4.706830] Copyright(c) 2004-2009 Emulex.  All rights reserved.
[    4.728946] Failed initialization of WD-7000 SCSI card!
[    4.818599] DC390: clustering now enabled by default. If you get problems load
[    4.818715]        with "disable_clustering=1" and report to maintainers
[    4.818849] megaraid cmm: 2.20.2.7 (Release Date: Sun Jul 16 00:01:03 EST 2006)
[    4.819000] megaraid: 2.20.5.1 (Release Date: Thu Nov 16 15:32:35 EST 2006)
[    4.819103] megasas: 00.00.04.01 Thu July 24 11:41:51 PST 2008
[    4.819225] GDT-HA: Storage RAID Controller Driver. Version: 3.05
[    4.819374] 3ware Storage Controller device driver for Linux v1.26.02.002.
[    4.819477] 3ware 9000 Storage Controller device driver for Linux v2.26.02.012.
[    4.819614] nsp32: loading...
[    4.819711] ipr: IBM Power RAID SCSI Device Driver version: 2.4.3 (June 10, 2009)
[    4.819849] RocketRAID 3xxx/4xxx Controller driver v1.6 (090910)
[    4.819958] stex: Promise SuperTrak EX Driver version: 4.6.0000.3
[    4.820081] st: Version 20081215, fixed bufsize 32768, s/g segs 256
[    4.820260] ahci 0000:00:1f.2: version 3.0
[    4.820279] ahci 0000:00:1f.2: PCI INT B -> GSI 16 (level, low) -> IRQ 16
[    4.820403] ahci 0000:00:1f.2: irq 29 for MSI/MSI-X
[    4.820463] ahci 0000:00:1f.2: AHCI 0001.0100 32 slots 3 ports 1.5 Gbps 0x5 impl SATA mode
[    4.820579] ahci 0000:00:1f.2: flags: 64bit ncq sntf pm led clo pio slum part ccc 
[    4.820704] ahci 0000:00:1f.2: setting latency timer to 64
[    4.820850] scsi2 : ahci
[    4.821023] scsi3 : ahci
[    4.821168] scsi4 : ahci
[    4.821329] ata1: SATA max UDMA/133 abar m2048@0xfe226000 port 0xfe226100 irq 29
[    4.821450] ata2: DUMMY
[    4.821529] ata3: SATA max UDMA/133 abar m2048@0xfe226000 port 0xfe226200 irq 29
[    4.822131] I2O subsystem v1.325
[    4.822208] i2o: max drivers = 8
[    4.822349] I2O Configuration OSM v1.323
[    4.822450] I2O Bus Adapter OSM v1.317
[    4.822557] I2O Block Device OSM v1.325
[    4.822697] I2O SCSI Peripheral OSM v1.316
[    4.822796] I2O ProcFS OSM v1.316
[    4.822894] Fusion MPT base driver 3.04.12
[    4.822995] Copyright (c) 1999-2008 LSI Corporation
[    4.823082] Fusion MPT SPI Host driver 3.04.12
[    4.823222] Fusion MPT FC Host driver 3.04.12
[    4.823323] Fusion MPT SAS Host driver 3.04.12
[    4.823470] ohci1394 0000:15:00.1: PCI INT B -> GSI 17 (level, low) -> IRQ 17
[    4.823557] ohci1394 0000:15:00.1: setting latency timer to 64
[    4.876970] ohci1394: fw-host0: OHCI-1394 1.1 (PCI): IRQ=[17]  MMIO=[f8301000-f83017ff]  Max Packet=[2048]  IR/IT contexts=[4/4]
[    4.880227] ehci_hcd: USB 2.0 'Enhanced' Host Controller (EHCI) Driver
[    4.880501] ehci_hcd 0000:00:1a.7: power state changed by ACPI to D0
[    4.880735] ehci_hcd 0000:00:1a.7: power state changed by ACPI to D0
[    4.880825] ehci_hcd 0000:00:1a.7: PCI INT C -> GSI 22 (level, low) -> IRQ 22
[    4.880922] ehci_hcd 0000:00:1a.7: setting latency timer to 64
[    4.880931] ehci_hcd 0000:00:1a.7: EHCI Host Controller
[    4.881061] ehci_hcd 0000:00:1a.7: new USB bus registered, assigned bus number 1
[    4.885112] ehci_hcd 0000:00:1a.7: cache line size of 32 is not supported
[    4.885119] ehci_hcd 0000:00:1a.7: irq 22, io mem 0xfe226c00
[    4.894935] ehci_hcd 0000:00:1a.7: USB 2.0 started, EHCI 1.00
[    4.895033] usb usb1: New USB device found, idVendor=1d6b, idProduct=0002
[    4.895119] usb usb1: New USB device strings: Mfr=3, Product=2, SerialNumber=1
[    4.895230] usb usb1: Product: EHCI Host Controller
[    4.895310] usb usb1: Manufacturer: Linux 2.6.32.57 ehci_hcd
[    4.895390] usb usb1: SerialNumber: 0000:00:1a.7
[    4.895526] usb usb1: configuration #1 chosen from 1 choice
[    4.895636] hub 1-0:1.0: USB hub found
[    4.895721] hub 1-0:1.0: 4 ports detected
[    4.896007] ehci_hcd 0000:00:1d.7: power state changed by ACPI to D0
[    4.896241] ehci_hcd 0000:00:1d.7: power state changed by ACPI to D0
[    4.896328] ehci_hcd 0000:00:1d.7: PCI INT D -> GSI 19 (level, low) -> IRQ 19
[    4.896428] ehci_hcd 0000:00:1d.7: setting latency timer to 64
[    4.896434] ehci_hcd 0000:00:1d.7: EHCI Host Controller
[    4.896552] ehci_hcd 0000:00:1d.7: new USB bus registered, assigned bus number 2
[    4.896701] ehci_hcd 0000:00:1d.7: debug port 1
[    4.900677] ehci_hcd 0000:00:1d.7: cache line size of 32 is not supported
[    4.900686] ehci_hcd 0000:00:1d.7: irq 19, io mem 0xfe227000
[    4.910935] ehci_hcd 0000:00:1d.7: USB 2.0 started, EHCI 1.00
[    4.911042] usb usb2: New USB device found, idVendor=1d6b, idProduct=0002
[    4.911132] usb usb2: New USB device strings: Mfr=3, Product=2, SerialNumber=1
[    4.911252] usb usb2: Product: EHCI Host Controller
[    4.911333] usb usb2: Manufacturer: Linux 2.6.32.57 ehci_hcd
[    4.911432] usb usb2: SerialNumber: 0000:00:1d.7
[    4.911573] usb usb2: configuration #1 chosen from 1 choice
[    4.911683] hub 2-0:1.0: USB hub found
[    4.911770] hub 2-0:1.0: 6 ports detected
[    4.911940] 116x: driver isp116x-hcd, 03 Nov 2005
[    4.912037] ohci_hcd: USB 1.1 'Open' Host Controller (OHCI) Driver
[    4.912152] uhci_hcd: USB Universal Host Controller Interface driver
[    4.912251] uhci_hcd 0000:00:1a.0: PCI INT A -> GSI 20 (level, low) -> IRQ 20
[    4.912339] uhci_hcd 0000:00:1a.0: setting latency timer to 64
[    4.912344] uhci_hcd 0000:00:1a.0: UHCI Host Controller
[    4.912464] uhci_hcd 0000:00:1a.0: new USB bus registered, assigned bus number 3
[    4.912611] uhci_hcd 0000:00:1a.0: irq 20, io base 0x00001860
[    4.912723] usb usb3: New USB device found, idVendor=1d6b, idProduct=0001
[    4.912823] usb usb3: New USB device strings: Mfr=3, Product=2, SerialNumber=1
[    4.912947] usb usb3: Product: UHCI Host Controller
[    4.913032] usb usb3: Manufacturer: Linux 2.6.32.57 uhci_hcd
[    4.913121] usb usb3: SerialNumber: 0000:00:1a.0
[    4.913251] usb usb3: configuration #1 chosen from 1 choice
[    4.913360] hub 3-0:1.0: USB hub found
[    4.913449] hub 3-0:1.0: 2 ports detected
[    4.913737] uhci_hcd 0000:00:1a.1: power state changed by ACPI to D0
[    4.913971] uhci_hcd 0000:00:1a.1: power state changed by ACPI to D0
[    4.914055] uhci_hcd 0000:00:1a.1: PCI INT B -> GSI 21 (level, low) -> IRQ 21
[    4.914146] uhci_hcd 0000:00:1a.1: setting latency timer to 64
[    4.914150] uhci_hcd 0000:00:1a.1: UHCI Host Controller
[    4.914285] uhci_hcd 0000:00:1a.1: new USB bus registered, assigned bus number 4
[    4.914437] uhci_hcd 0000:00:1a.1: irq 21, io base 0x00001880
[    4.914547] usb usb4: New USB device found, idVendor=1d6b, idProduct=0001
[    4.914630] usb usb4: New USB device strings: Mfr=3, Product=2, SerialNumber=1
[    4.914740] usb usb4: Product: UHCI Host Controller
[    4.914832] usb usb4: Manufacturer: Linux 2.6.32.57 uhci_hcd
[    4.914918] usb usb4: SerialNumber: 0000:00:1a.1
[    4.915052] usb usb4: configuration #1 chosen from 1 choice
[    4.915174] hub 4-0:1.0: USB hub found
[    4.915256] hub 4-0:1.0: 2 ports detected
[    4.915543] uhci_hcd 0000:00:1d.0: power state changed by ACPI to D0
[    4.915769] uhci_hcd 0000:00:1d.0: power state changed by ACPI to D0
[    4.915861] uhci_hcd 0000:00:1d.0: PCI INT A -> GSI 16 (level, low) -> IRQ 16
[    4.915959] uhci_hcd 0000:00:1d.0: setting latency timer to 64
[    4.915964] uhci_hcd 0000:00:1d.0: UHCI Host Controller
[    4.916086] uhci_hcd 0000:00:1d.0: new USB bus registered, assigned bus number 5
[    4.916240] uhci_hcd 0000:00:1d.0: irq 16, io base 0x000018a0
[    4.916347] usb usb5: New USB device found, idVendor=1d6b, idProduct=0001
[    4.916430] usb usb5: New USB device strings: Mfr=3, Product=2, SerialNumber=1
[    4.916554] usb usb5: Product: UHCI Host Controller
[    4.916631] usb usb5: Manufacturer: Linux 2.6.32.57 uhci_hcd
[    4.916711] usb usb5: SerialNumber: 0000:00:1d.0
[    4.916840] usb usb5: configuration #1 chosen from 1 choice
[    4.916957] hub 5-0:1.0: USB hub found
[    4.917044] hub 5-0:1.0: 2 ports detected
[    4.917179] uhci_hcd 0000:00:1d.1: PCI INT B -> GSI 17 (level, low) -> IRQ 17
[    4.917274] uhci_hcd 0000:00:1d.1: setting latency timer to 64
[    4.917278] uhci_hcd 0000:00:1d.1: UHCI Host Controller
[    4.917396] uhci_hcd 0000:00:1d.1: new USB bus registered, assigned bus number 6
[    4.917537] uhci_hcd 0000:00:1d.1: irq 17, io base 0x000018c0
[    4.917654] usb usb6: New USB device found, idVendor=1d6b, idProduct=0001
[    4.917736] usb usb6: New USB device strings: Mfr=3, Product=2, SerialNumber=1
[    4.917852] usb usb6: Product: UHCI Host Controller
[    4.917938] usb usb6: Manufacturer: Linux 2.6.32.57 uhci_hcd
[    4.918031] usb usb6: SerialNumber: 0000:00:1d.1
[    4.918156] usb usb6: configuration #1 chosen from 1 choice
[    4.918265] hub 6-0:1.0: USB hub found
[    4.918356] hub 6-0:1.0: 2 ports detected
[    4.918642] uhci_hcd 0000:00:1d.2: power state changed by ACPI to D0
[    4.918926] uhci_hcd 0000:00:1d.2: power state changed by ACPI to D0
[    4.919022] uhci_hcd 0000:00:1d.2: PCI INT C -> GSI 18 (level, low) -> IRQ 18
[    4.919111] uhci_hcd 0000:00:1d.2: setting latency timer to 64
[    4.919115] uhci_hcd 0000:00:1d.2: UHCI Host Controller
[    4.919234] uhci_hcd 0000:00:1d.2: new USB bus registered, assigned bus number 7
[    4.919383] uhci_hcd 0000:00:1d.2: irq 18, io base 0x000018e0
[    4.919491] usb usb7: New USB device found, idVendor=1d6b, idProduct=0001
[    4.919585] usb usb7: New USB device strings: Mfr=3, Product=2, SerialNumber=1
[    4.919703] usb usb7: Product: UHCI Host Controller
[    4.919783] usb usb7: Manufacturer: Linux 2.6.32.57 uhci_hcd
[    4.919863] usb usb7: SerialNumber: 0000:00:1d.2
[    4.920657] usb usb7: configuration #1 chosen from 1 choice
[    4.920780] hub 7-0:1.0: USB hub found
[    4.920861] hub 7-0:1.0: 2 ports detected
[    4.921016] sl811: driver sl811-hcd, 19 May 2005
[    4.921113] r8a66597_hcd: driver r8a66597_hcd, 2009-05-26
[    4.921272] Initializing USB Mass Storage driver...
[    4.921389] usbcore: registered new interface driver usb-storage
[    4.921471] USB Mass Storage support registered.
[    4.921573] usbcore: registered new interface driver ums-alauda
[    4.921674] usbcore: registered new interface driver ums-cypress
[    4.921783] usbcore: registered new interface driver ums-datafab
[    4.921883] usbcore: registered new interface driver ums-freecom
[    4.921990] usbcore: registered new interface driver ums-isd200
[    4.922091] usbcore: registered new interface driver ums-jumpshot
[    4.922189] usbcore: registered new interface driver ums-karma
[    4.922288] usbcore: registered new interface driver ums-onetouch
[    4.922388] usbcore: registered new interface driver ums-sddr09
[    4.922499] usbcore: registered new interface driver ums-sddr55
[    4.922606] usbcore: registered new interface driver ums-usbat
[    4.922746] PNP: PS/2 Controller [PNP0303:KBD,PNP0f13:MOU] at 0x60,0x64 irq 1,12
[    4.931124] serio: i8042 KBD port at 0x60,0x64 irq 1
[    4.931212] serio: i8042 AUX port at 0x60,0x64 irq 12
[    4.931453] mice: PS/2 mouse device common for all mice
[    4.931557] i2c /dev entries driver
[    4.931690] md: linear personality registered for level -1
[    4.931772] md: raid0 personality registered for level 0
[    4.931852] md: raid1 personality registered for level 1
[    4.931952] md: raid10 personality registered for level 10
[    4.932032] md: raid6 personality registered for level 6
[    4.932115] md: raid5 personality registered for level 5
[    4.932193] md: raid4 personality registered for level 4
[    4.932273] md: multipath personality registered for level -4
[    4.932470] device-mapper: ioctl: 4.15.0-ioctl (2009-04-01) initialised: dm-devel@redhat.com
[    4.932659] cpuidle: using governor ladder
[    4.933256] usbcore: registered new interface driver usbhid
[    4.933340] usbhid: v2.6:USB HID core driver
[    4.933492] random 0000 0000 0000 00000000 00000000: rand_read_num 4 get_random_bytes(136): sig 00000000 00000000 00000000
[    4.933495] random 0000 0000 0000 00000000 00000000: extract_entropy(.. 136 ..)
[    4.933497] random 0000 0000 0000 00000000 00000000: going to reseed nonblocking with 1024 bits (1088 of 0 requested)
[    4.933499] random 0000 0000 0000 00000000 00000000: extract_entropy(.. 128 ..)
[    4.933502] random 0000 0000 0000 00000000 00000000: trying to extract 1024 bits from input
[    4.933504] random 0000 0000 0000 00000000 00000000: debiting 0 entropy credits from input
[    4.933506] random 0000 0000 0000 00000000 00000000: extract_entropy account returned: 0 
[    4.933508] random 0000 0000 0000 00000000 00000000: urand_change_num 7 xfer_secondary_pool(136): pool_sig 00000000, data_sig 00000000, bytes_mixed 0 00000000 00000000
[    4.933512] random 0000 0000 0000 00000000 00000000: trying to extract 1088 bits from nonblocking
[    4.933514] random 0000 0000 0000 00000000 00000000: debiting 1088 entropy credits from nonblocking (unlimited)
[    4.933516] random 0000 0000 0000 00000000 00000000: extract_entropy account returned: 136 
[    4.933520] random 0000 0000 0000 00000000 00000000: urand_change_num 8 extract_buf: pool_sig 00000000, data_sig fffffff9, bytes_mixed 20 00000000 00000000
[    4.933526] random 0000 0000 0000 b7c35b56 be4dc95d: urand_change_num 9 extract_buf: pool_sig fffffd1e, data_sig 000000c5, bytes_mixed 20 b7c35b56 be4dc95d
[    4.933531] random 0000 0000 0000 ed9f5c47 c48487fb: urand_change_num 10 extract_buf: pool_sig fffff8ec, data_sig ffffff68, bytes_mixed 20 ed9f5c47 c48487fb
[    4.933537] random 0000 0000 0000 ed9f5c47 c48487fb: urand_change_num 11 extract_buf: pool_sig fffffaed, data_sig 000001aa, bytes_mixed 20 ed9f5c47 c48487fb
[    4.933542] random 0000 0000 0000 1b4f7c0a 91bd6a48: urand_change_num 12 extract_buf: pool_sig fffffdd8, data_sig 00000064, bytes_mixed 20 1b4f7c0a 91bd6a48
[    4.933547] random 0000 0000 0000 a254b9bc 20e9a24f: urand_change_num 13 extract_buf: pool_sig fffffbe6, data_sig 000001dd, bytes_mixed 20 a254b9bc 20e9a24f
[    4.933552] random 0000 0000 0000 a254b9bc 20e9a24f: urand_change_num 14 extract_buf: pool_sig fffff940, data_sig fffffe20, bytes_mixed 20 a254b9bc 20e9a24f
[    4.933557] random 0000 0000 0000 2831a66b 5fa2a3ad: urand_change_num 15 extract_buf: pool_sig fffffbce, data_sig 0000007e, bytes_mixed 20 2831a66b 5fa2a3ad
[    4.933563] random 0000 0000 0000 2831a66b 5fa2a3ad: urand_change_num 16 extract_buf: pool_sig 000004df, data_sig fffffe8f, bytes_mixed 20 2831a66b 5fa2a3ad
[    4.933568] random 0000 0000 0000 d4512bfd c9a54e0b: urand_change_num 17 extract_buf: pool_sig 00000485, data_sig fffffe68, bytes_mixed 20 d4512bfd c9a54e0b
[    4.933573] random 0000 0000 0000 c7371be6 f9ffea11: urand_change_num 18 extract_buf: pool_sig 00000095, data_sig ffffffed, bytes_mixed 20 c7371be6 f9ffea11
[    4.933578] random 0000 0000 0000 c7371be6 f9ffea11: urand_change_num 19 extract_buf: pool_sig 000003a7, data_sig fffffefa, bytes_mixed 20 c7371be6 f9ffea11
[    4.933583] random 0000 0000 0000 8fb4b62c d1ddba54: urand_change_num 20 extract_buf: pool_sig 00000179, data_sig ffffff78, bytes_mixed 20 8fb4b62c d1ddba54
[    4.933588] random 0000 0000 0000 9ff19f9c c07a1d2a: urand_change_num 21 extract_buf: pool_sig fffffe88, data_sig 00000126, bytes_mixed 20 9ff19f9c c07a1d2a
[    4.933592] TCP cubic registered
[    4.933676] Initializing XFRM netlink socket
[    4.933762] NET: Registered protocol family 17
[    4.933850] Using IPI Shortcut mode
[    4.933948] random 0000 0000 0000 9ff19f9c c07a1d2a: rand_read_num 5 get_random_bytes(8): sig 0000031b 9ff19f9c c07a1d2a
[    4.933950] random 0000 0000 0000 9ff19f9c c07a1d2a: extract_entropy(.. 8 ..)
[    4.933952] random 0000 0000 0000 9ff19f9c c07a1d2a: going to reseed nonblocking with 64 bits (64 of 0 requested)
[    4.933955] random 0000 0000 0000 9ff19f9c c07a1d2a: extract_entropy(.. 8 ..)
[    4.933957] random 0000 0000 0000 9ff19f9c c07a1d2a: trying to extract 64 bits from input
[    4.933959] random 0000 0000 0000 9ff19f9c c07a1d2a: debiting 0 entropy credits from input
[    4.933961] random 0000 0000 0000 9ff19f9c c07a1d2a: extract_entropy account returned: 0 
[    4.933964] random 0000 0000 0000 9ff19f9c c07a1d2a: urand_change_num 22 xfer_secondary_pool(8): pool_sig 0000031b, data_sig 00000000, bytes_mixed 0 9ff19f9c c07a1d2a
[    4.933966] random 0000 0000 0000 9ff19f9c c07a1d2a: trying to extract 64 bits from nonblocking
[    4.933969] random 0000 0000 0000 9ff19f9c c07a1d2a: debiting 64 entropy credits from nonblocking (unlimited)
[    4.933971] random 0000 0000 0000 9ff19f9c c07a1d2a: extract_entropy account returned: 8 
[    4.933975] random 0000 0000 0000 9ff19f9c c07a1d2a: urand_change_num 23 extract_buf: pool_sig 0000031b, data_sig ffffffb3, bytes_mixed 20 9ff19f9c c07a1d2a
[    4.936164] input: AT Translated Set 2 keyboard as /devices/platform/i8042/serio0/input/input1
[    5.126949] ata3: SATA link down (SStatus 0 SControl 300)
[    5.127052] ata1: SATA link up 1.5 Gbps (SStatus 113 SControl 300)
[    5.129318] ata1.00: ACPI cmd ef/02:00:00:00:00:a0 (SET FEATURES) succeeded
[    5.129321] ata1.00: ACPI cmd f5/00:00:00:00:00:a0 (SECURITY FREEZE LOCK) filtered out
[    5.130707] ata1.00: ACPI cmd ef/5f:00:00:00:00:a0 (SET FEATURES) succeeded
[    5.130710] ata1.00: ACPI cmd ef/10:03:00:00:00:a0 (SET FEATURES) filtered out
[    5.132623] ata1.00: ATA-7: ST910021AS, 4.06, max UDMA/100
[    5.132710] ata1.00: 195371568 sectors, multi 16: LBA48 
[    5.134861] ata1.00: ACPI cmd ef/02:00:00:00:00:a0 (SET FEATURES) succeeded
[    5.134864] ata1.00: ACPI cmd f5/00:00:00:00:00:a0 (SECURITY FREEZE LOCK) filtered out
[    5.136253] ata1.00: ACPI cmd ef/5f:00:00:00:00:a0 (SET FEATURES) succeeded
[    5.136256] ata1.00: ACPI cmd ef/10:03:00:00:00:a0 (SET FEATURES) filtered out
[    5.138182] ata1.00: configured for UDMA/100
[    5.149005] scsi 2:0:0:0: Direct-Access     ATA      ST910021AS       4.06 PQ: 0 ANSI: 5
[    5.149282] sd 2:0:0:0: [sda] 195371568 512-byte logical blocks: (100 GB/93.1 GiB)
[    5.149416] sd 2:0:0:0: [sda] Write Protect is off
[    5.149515] sd 2:0:0:0: [sda] Mode Sense: 00 3a 00 00
[    5.149527] sd 2:0:0:0: [sda] Write cache: enabled, read cache: enabled, doesn't support DPO or FUA
[    5.149713]  sda:
[    5.213942] usb 2-1: new high speed USB device using ehci_hcd and address 2
[    5.363457] usb 2-1: New USB device found, idVendor=0e8d, idProduct=1806
[    5.363550] usb 2-1: New USB device strings: Mfr=1, Product=2, SerialNumber=3
[    5.363640] usb 2-1: Product: MT1806 
[    5.363724] usb 2-1: Manufacturer: MediaTek Inc
[    5.363813] usb 2-1: SerialNumber: R8KN6GAC800AEB 
[    5.363948] usb 2-1: configuration #1 chosen from 1 choice
[    5.370251] scsi5 : SCSI emulation for USB Mass Storage devices
[    5.370412] usb-storage: device found at 2
[    5.370413] usb-storage: waiting for device to settle before scanning
[    5.573054]  sda1 sda2
[    5.573774] sd 2:0:0:0: [sda] Attached SCSI disk
[    5.573870] random 0000 0000 0000 277f73c3 42024bb9: rand_read_num 6 get_random_bytes(12): sig 000007e9 277f73c3 42024bb9
[    5.573872] random 0000 0000 0000 277f73c3 42024bb9: extract_entropy(.. 12 ..)
[    5.573875] random 0000 0000 0000 277f73c3 42024bb9: going to reseed nonblocking with 96 bits (96 of 0 requested)
[    5.573877] random 0000 0000 0000 277f73c3 42024bb9: extract_entropy(.. 12 ..)
[    5.573879] random 0000 0000 0000 277f73c3 42024bb9: trying to extract 96 bits from input
[    5.573881] random 0000 0000 0000 277f73c3 42024bb9: debiting 0 entropy credits from input
[    5.573883] random 0000 0000 0000 277f73c3 42024bb9: extract_entropy account returned: 0 
[    5.573886] random 0000 0000 0000 277f73c3 42024bb9: urand_change_num 24 xfer_secondary_pool(12): pool_sig 000007e9, data_sig 00000000, bytes_mixed 0 277f73c3 42024bb9
[    5.573889] random 0000 0000 0000 277f73c3 42024bb9: trying to extract 96 bits from nonblocking
[    5.573891] random 0000 0000 0000 277f73c3 42024bb9: debiting 96 entropy credits from nonblocking (unlimited)
[    5.573893] random 0000 0000 0000 277f73c3 42024bb9: extract_entropy account returned: 12 
[    5.573898] random 0000 0000 0000 277f73c3 42024bb9: urand_change_num 25 extract_buf: pool_sig 000007e9, data_sig 00000088, bytes_mixed 20 277f73c3 42024bb9
[    5.573903] random 0000 0000 0000 277f73c3 42024bb9: urand_change_num 26 extract_buf: pool_sig 00000498, data_sig fffffefb, bytes_mixed 20 277f73c3 42024bb9
[    5.573906] RANDOM - __seed init called.
[    5.573907] RANDOM - __seed init called.
[    5.573908] RANDOM - __seed init called.
[    5.573909] RANDOM - __random32 called. Change num 12.  Value: 87f14767	f0d7351	b1e48bd3
[    5.573911] RANDOM - random32_reseed called.  Value: 87f14767	f0d7351	b1e48bd3
[    5.573914] Pid: 1, comm: swapper Not tainted 2.6.32.57 #3
[    5.574001] Call Trace:
[    5.574087]  [<c1923ca4>] ? random32_reseed+0xa0/0xb1
[    5.574173]  [<c1923c04>] ? random32_reseed+0x0/0xb1
[    5.574256]  [<c100111e>] ? do_one_initcall+0x2e/0x180
[    5.574338]  [<c1907265>] ? kernel_init+0xad/0x103
[    5.574418]  [<c19071b8>] ? kernel_init+0x0/0x103
[    5.574498]  [<c1003787>] ? kernel_thread_helper+0x7/0x10
[    5.575033] random 0000 0000 0000 386b4e60 ee4d4880: rand_read_num 7 get_random_bytes(64): sig fffffea5 386b4e60 ee4d4880
[    5.575035] random 0000 0000 0000 386b4e60 ee4d4880: extract_entropy(.. 64 ..)
[    5.575037] random 0000 0000 0000 386b4e60 ee4d4880: going to reseed nonblocking with 512 bits (512 of 0 requested)
[    5.575039] random 0000 0000 0000 386b4e60 ee4d4880: extract_entropy(.. 64 ..)
[    5.575042] random 0000 0000 0000 386b4e60 ee4d4880: trying to extract 512 bits from input
[    5.575044] random 0000 0000 0000 386b4e60 ee4d4880: debiting 0 entropy credits from input
[    5.575046] random 0000 0000 0000 386b4e60 ee4d4880: extract_entropy account returned: 0 
[    5.575049] random 0000 0000 0000 386b4e60 ee4d4880: urand_change_num 27 xfer_secondary_pool(64): pool_sig fffffea5, data_sig 00000000, bytes_mixed 0 386b4e60 ee4d4880
[    5.575051] random 0000 0000 0000 386b4e60 ee4d4880: trying to extract 512 bits from nonblocking
[    5.575054] random 0000 0000 0000 386b4e60 ee4d4880: debiting 512 entropy credits from nonblocking (unlimited)
[    5.575056] random 0000 0000 0000 386b4e60 ee4d4880: extract_entropy account returned: 64 
[    5.575060] random 0000 0000 0000 386b4e60 ee4d4880: urand_change_num 28 extract_buf: pool_sig fffffea5, data_sig 00000173, bytes_mixed 20 386b4e60 ee4d4880
[    5.575065] random 0000 0000 0000 412698f6 0cc8689a: urand_change_num 29 extract_buf: pool_sig 00000122, data_sig ffffff63, bytes_mixed 20 412698f6 0cc8689a
[    5.575071] random 0000 0000 0000 412698f6 0cc8689a: urand_change_num 30 extract_buf: pool_sig 000001f7, data_sig 00000012, bytes_mixed 20 412698f6 0cc8689a
[    5.575076] random 0000 0000 0000 9669941e 06f768b1: urand_change_num 31 extract_buf: pool_sig fffffb5b, data_sig 0000003f, bytes_mixed 20 9669941e 06f768b1
[    5.575081] random 0000 0000 0000 98486520 995551f0: urand_change_num 32 extract_buf: pool_sig fffffb39, data_sig 0000000e, bytes_mixed 20 98486520 995551f0
[    5.575086] random 0000 0000 0000 98486520 995551f0: urand_change_num 33 extract_buf: pool_sig fffffd8d, data_sig 000001a6, bytes_mixed 20 98486520 995551f0
[    5.575092] random 0000 0000 0000 61fc8914 d5882ed2: urand_change_num 34 extract_buf: pool_sig fffffa58, data_sig 0000023e, bytes_mixed 20 61fc8914 d5882ed2
[    5.575120] random 0000 0000 0000 61fc8914 d5882ed2: rand_read_num 8 get_random_bytes(64): sig fffff9ee 61fc8914 d5882ed2
[    5.575123] random 0000 0000 0000 61fc8914 d5882ed2: extract_entropy(.. 64 ..)
[    5.575125] random 0000 0000 0000 61fc8914 d5882ed2: going to reseed nonblocking with 512 bits (512 of 0 requested)
[    5.575127] random 0000 0000 0000 61fc8914 d5882ed2: extract_entropy(.. 64 ..)
[    5.575129] random 0000 0000 0000 61fc8914 d5882ed2: trying to extract 512 bits from input
[    5.575131] random 0000 0000 0000 61fc8914 d5882ed2: debiting 0 entropy credits from input
[    5.575133] random 0000 0000 0000 61fc8914 d5882ed2: extract_entropy account returned: 0 
[    5.575136] random 0000 0000 0000 61fc8914 d5882ed2: urand_change_num 35 xfer_secondary_pool(64): pool_sig fffff9ee, data_sig 00000000, bytes_mixed 0 61fc8914 d5882ed2
[    5.575139] random 0000 0000 0000 61fc8914 d5882ed2: trying to extract 512 bits from nonblocking
[    5.575141] random 0000 0000 0000 61fc8914 d5882ed2: debiting 512 entropy credits from nonblocking (unlimited)
[    5.575144] random 0000 0000 0000 61fc8914 d5882ed2: extract_entropy account returned: 64 
[    5.575148] random 0000 0000 0000 61fc8914 d5882ed2: urand_change_num 36 extract_buf: pool_sig fffff9ee, data_sig ffffff85, bytes_mixed 20 61fc8914 d5882ed2
[    5.575153] random 0000 0000 0000 70cfd302 e5edec11: urand_change_num 37 extract_buf: pool_sig fffffdc1, data_sig ffffffde, bytes_mixed 20 70cfd302 e5edec11
[    5.575158] random 0000 0000 0000 00dab838 eafd2b30: urand_change_num 38 extract_buf: pool_sig 000003da, data_sig ffffff61, bytes_mixed 20 00dab838 eafd2b30
[    5.575163] random 0000 0000 0000 00dab838 eafd2b30: urand_change_num 39 extract_buf: pool_sig 00000314, data_sig 00000121, bytes_mixed 20 00dab838 eafd2b30
[    5.575168] random 0000 0000 0000 5fcdf66a 6442b608: urand_change_num 40 extract_buf: pool_sig 0000028b, data_sig fffffefd, bytes_mixed 20 5fcdf66a 6442b608
[    5.575174] random 0000 0000 0000 61333f6b 8fae0f9b: urand_change_num 41 extract_buf: pool_sig 000000cb, data_sig 000000b3, bytes_mixed 20 61333f6b 8fae0f9b
[    5.575179] random 0000 0000 0000 61333f6b 8fae0f9b: urand_change_num 42 extract_buf: pool_sig fffffef8, data_sig 00000051, bytes_mixed 20 61333f6b 8fae0f9b
[    5.575182] BEGIN NET_SECRET:
[    5.575183] \xffffffe0
[    5.575184] \xffffffb6
[    5.575184] \x36
[    5.575185] \xffffffb5
[    5.575186] \xffffff94
[    5.575187] \xffffffb2
[    5.575188] \xffffffa8
[    5.575189] \xffffffda
[    5.575189] \x5b
[    5.575190] \x19
[    5.575191] \x18
[    5.575191] \x5c
[    5.575192] \x2b
[    5.575193] \x1
[    5.575194] \xffffff90
[    5.575194] \x19
[    5.575195] \x3c
[    5.575196] \xfffffff2
[    5.575197] \xffffff82
[    5.575197] \x2a
[    5.575198] \xffffffb3
[    5.575199] \xffffffa2
[    5.575200] \x3f
[    5.575200] \x5
[    5.575201] \x52
[    5.575202] \x77
[    5.575203] \x57
[    5.575203] \x79
[    5.575204] \x16
[    5.575205] \x43
[    5.575205] \xffffff84
[    5.575206] \xffffffc3
[    5.575207] \xffffffe9
[    5.575208] \x79
[    5.575208] \x50
[    5.575209] \xffffff8e
[    5.575210] \x3f
[    5.575211] \xfffffff3
[    5.575211] \x19
[    5.575212] \x2a
[    5.575213] \xfffffffd
[    5.575214] \xfffffffb
[    5.575214] \x62
[    5.575215] \x3c
[    5.575216] \xffffffac
[    5.575217] \x1c
[    5.575217] \x3b
[    5.575218] \x3b
[    5.575219] \x15
[    5.575219] \x27
[    5.575220] \xffffffa8
[    5.575221] \x22
[    5.575222] \xffffffc5
[    5.575222] \xffffff9a
[    5.575223] \x5
[    5.575224] \x6c
[    5.575225] \xffffffa8
[    5.575225] \x3a
[    5.575226] \x44
[    5.575227] \xffffffaf
[    5.575228] \x13
[    5.575228] \xffffffe0
[    5.575229] \xffffff9d
[    5.575230] \x22
[    5.575231] 
[    5.575231] END NET_SECRET
[    5.575234] random 0000 0000 0000 e7f555d9 e8ce5c3c: rand_read_num 9 get_random_bytes(4): sig 0000068c e7f555d9 e8ce5c3c
[    5.575236] random 0000 0000 0000 e7f555d9 e8ce5c3c: extract_entropy(.. 4 ..)
[    5.575238] random 0000 0000 0000 e7f555d9 e8ce5c3c: going to reseed nonblocking with 64 bits (32 of 0 requested)
[    5.575241] random 0000 0000 0000 e7f555d9 e8ce5c3c: extract_entropy(.. 8 ..)
[    5.575243] random 0000 0000 0000 e7f555d9 e8ce5c3c: trying to extract 64 bits from input
[    5.575245] random 0000 0000 0000 e7f555d9 e8ce5c3c: debiting 0 entropy credits from input
[    5.575246] random 0000 0000 0000 e7f555d9 e8ce5c3c: extract_entropy account returned: 0 
[    5.575250] random 0000 0000 0000 e7f555d9 e8ce5c3c: urand_change_num 43 xfer_secondary_pool(4): pool_sig 0000068c, data_sig 00000000, bytes_mixed 0 e7f555d9 e8ce5c3c
[    5.575252] random 0000 0000 0000 e7f555d9 e8ce5c3c: trying to extract 32 bits from nonblocking
[    5.575255] random 0000 0000 0000 e7f555d9 e8ce5c3c: debiting 32 entropy credits from nonblocking (unlimited)
[    5.575257] random 0000 0000 0000 e7f555d9 e8ce5c3c: extract_entropy account returned: 4 
[    5.575261] random 0000 0000 0000 e7f555d9 e8ce5c3c: urand_change_num 44 extract_buf: pool_sig 0000068c, data_sig fffffdcb, bytes_mixed 20 e7f555d9 e8ce5c3c
[    5.575272] md: Waiting for all devices to be available before autodetect
[    5.575365] md: If you don't use raid, use raid=noautodetect
[    5.575528] md: Autodetecting RAID arrays.
[    5.575613] md: Scanned 0 and added 0 devices.
[    5.575699] md: autorun ...
[    5.575778] md: ... autorun DONE.
[    5.590501] EXT3-fs: sda2: couldn't mount because of unsupported optional features (240).
[    5.590724] EXT2-fs: sda2: couldn't mount because of unsupported optional features (240).
[    5.592018] random 0000 0000 0000 e7f555d9 e8ce5c3c: rand_read_num 10 get_random_bytes(4): sig ffffff72 e7f555d9 e8ce5c3c
[    5.592020] random 0000 0000 0000 e7f555d9 e8ce5c3c: extract_entropy(.. 4 ..)
[    5.592023] random 0000 0000 0000 e7f555d9 e8ce5c3c: going to reseed nonblocking with 64 bits (32 of 0 requested)
[    5.592025] random 0000 0000 0000 e7f555d9 e8ce5c3c: extract_entropy(.. 8 ..)
[    5.592027] random 0000 0000 0000 e7f555d9 e8ce5c3c: trying to extract 64 bits from input
[    5.592029] random 0000 0000 0000 e7f555d9 e8ce5c3c: debiting 0 entropy credits from input
[    5.592031] random 0000 0000 0000 e7f555d9 e8ce5c3c: extract_entropy account returned: 0 
[    5.592034] random 0000 0000 0000 e7f555d9 e8ce5c3c: urand_change_num 45 xfer_secondary_pool(4): pool_sig ffffff72, data_sig 00000000, bytes_mixed 0 e7f555d9 e8ce5c3c
[    5.592037] random 0000 0000 0000 e7f555d9 e8ce5c3c: trying to extract 32 bits from nonblocking
[    5.592039] random 0000 0000 0000 e7f555d9 e8ce5c3c: debiting 32 entropy credits from nonblocking (unlimited)
[    5.592041] random 0000 0000 0000 e7f555d9 e8ce5c3c: extract_entropy account returned: 4 
[    5.592045] random 0000 0000 0000 e7f555d9 e8ce5c3c: urand_change_num 46 extract_buf: pool_sig ffffff72, data_sig ffffff72, bytes_mixed 20 e7f555d9 e8ce5c3c
[    5.627148] EXT4-fs (sda2): mounted filesystem with ordered data mode
[    5.627337] VFS: Mounted root (ext4 filesystem) readonly on device 8:2.
[    5.627428] Freeing unused kernel memory: 448k freed
[    5.697815] random 0000 0000 0000 91716c54 eeb6a1e7: rand_read_num 11 get_random_bytes(16): sig fffffcad 91716c54 eeb6a1e7
[    5.697817] random 0000 0000 0000 91716c54 eeb6a1e7: extract_entropy(.. 16 ..)
[    5.697820] random 0000 0000 0000 91716c54 eeb6a1e7: going to reseed nonblocking with 128 bits (128 of 0 requested)
[    5.697822] random 0000 0000 0000 91716c54 eeb6a1e7: extract_entropy(.. 16 ..)
[    5.697824] random 0000 0000 0000 91716c54 eeb6a1e7: trying to extract 128 bits from input
[    5.697826] random 0000 0000 0000 91716c54 eeb6a1e7: debiting 0 entropy credits from input
[    5.697828] random 0000 0000 0000 91716c54 eeb6a1e7: extract_entropy account returned: 0 
[    5.697831] random 0000 0000 0000 91716c54 eeb6a1e7: urand_change_num 47 xfer_secondary_pool(16): pool_sig fffffcad, data_sig 00000000, bytes_mixed 0 91716c54 eeb6a1e7
[    5.697834] random 0000 0000 0000 91716c54 eeb6a1e7: trying to extract 128 bits from nonblocking
[    5.697836] random 0000 0000 0000 91716c54 eeb6a1e7: debiting 128 entropy credits from nonblocking (unlimited)
[    5.697838] random 0000 0000 0000 91716c54 eeb6a1e7: extract_entropy account returned: 16 
[    5.697843] random 0000 0000 0000 91716c54 eeb6a1e7: urand_change_num 48 extract_buf: pool_sig fffffcad, data_sig ffffff19, bytes_mixed 20 91716c54 eeb6a1e7
[    5.697848] random 0000 0000 0000 fd637b06 6cf47bc1: urand_change_num 49 extract_buf: pool_sig fffffede, data_sig ffffffc1, bytes_mixed 20 fd637b06 6cf47bc1
[    5.776247] random 0000 0000 0000 fd637b06 6cf47bc1: rand_read_num 12 get_random_bytes(16): sig 0000033b fd637b06 6cf47bc1
[    5.776250] random 0000 0000 0000 fd637b06 6cf47bc1: extract_entropy(.. 16 ..)
[    5.776252] random 0000 0000 0000 fd637b06 6cf47bc1: going to reseed nonblocking with 128 bits (128 of 0 requested)
[    5.776255] random 0000 0000 0000 fd637b06 6cf47bc1: extract_entropy(.. 16 ..)
[    5.776257] random 0000 0000 0000 fd637b06 6cf47bc1: trying to extract 128 bits from input
[    5.776259] random 0000 0000 0000 fd637b06 6cf47bc1: debiting 0 entropy credits from input
[    5.776261] random 0000 0000 0000 fd637b06 6cf47bc1: extract_entropy account returned: 0 
[    5.776264] random 0000 0000 0000 fd637b06 6cf47bc1: urand_change_num 50 xfer_secondary_pool(16): pool_sig 0000033b, data_sig 00000000, bytes_mixed 0 fd637b06 6cf47bc1
[    5.776267] random 0000 0000 0000 fd637b06 6cf47bc1: trying to extract 128 bits from nonblocking
[    5.776269] random 0000 0000 0000 fd637b06 6cf47bc1: debiting 128 entropy credits from nonblocking (unlimited)
[    5.776271] random 0000 0000 0000 fd637b06 6cf47bc1: extract_entropy account returned: 16 
[    5.776276] random 0000 0000 0000 fd637b06 6cf47bc1: urand_change_num 51 extract_buf: pool_sig 0000033b, data_sig 000000d8, bytes_mixed 20 fd637b06 6cf47bc1
[    5.776281] random 0000 0000 0000 0ec1f012 d4727ca8: urand_change_num 52 extract_buf: pool_sig fffffcf5, data_sig 00000016, bytes_mixed 20 0ec1f012 d4727ca8
[    6.139056] ieee1394: Host added: ID:BUS[0-00:1023]  GUID[00061b032a25f51c]
[    6.141866] random 0000 0000 0000 45b1d0b1 845a73f7: rand_read_num 13 get_random_bytes(16): sig 00000116 45b1d0b1 845a73f7
[    6.141869] random 0000 0000 0000 45b1d0b1 845a73f7: extract_entropy(.. 16 ..)
[    6.141872] random 0000 0000 0000 45b1d0b1 845a73f7: going to reseed nonblocking with 128 bits (128 of 0 requested)
[    6.141874] random 0000 0000 0000 45b1d0b1 845a73f7: extract_entropy(.. 16 ..)
[    6.141876] random 0000 0000 0000 45b1d0b1 845a73f7: trying to extract 128 bits from input
[    6.141878] random 0000 0000 0000 45b1d0b1 845a73f7: debiting 0 entropy credits from input
[    6.141880] random 0000 0000 0000 45b1d0b1 845a73f7: extract_entropy account returned: 0 
[    6.141883] random 0000 0000 0000 45b1d0b1 845a73f7: urand_change_num 53 xfer_secondary_pool(16): pool_sig 00000116, data_sig 00000000, bytes_mixed 0 45b1d0b1 845a73f7
[    6.141886] random 0000 0000 0000 45b1d0b1 845a73f7: trying to extract 128 bits from nonblocking
[    6.141888] random 0000 0000 0000 45b1d0b1 845a73f7: debiting 128 entropy credits from nonblocking (unlimited)
[    6.141891] random 0000 0000 0000 45b1d0b1 845a73f7: extract_entropy account returned: 16 
[    6.141895] random 0000 0000 0000 45b1d0b1 845a73f7: urand_change_num 54 extract_buf: pool_sig 00000116, data_sig fffffd8b, bytes_mixed 20 45b1d0b1 845a73f7
[    6.141900] random 0000 0000 0000 45b1d0b1 845a73f7: urand_change_num 55 extract_buf: pool_sig fffffc05, data_sig 00000109, bytes_mixed 20 45b1d0b1 845a73f7
[    6.194374] random 0000 0000 0000 5012cce3 b8a30621: rand_read_num 14 get_random_bytes(16): sig fffffb93 5012cce3 b8a30621
[    6.194377] random 0000 0000 0000 5012cce3 b8a30621: extract_entropy(.. 16 ..)
[    6.194379] random 0000 0000 0000 5012cce3 b8a30621: going to reseed nonblocking with 128 bits (128 of 0 requested)
[    6.194382] random 0000 0000 0000 5012cce3 b8a30621: extract_entropy(.. 16 ..)
[    6.194384] random 0000 0000 0000 5012cce3 b8a30621: trying to extract 128 bits from input
[    6.194386] random 0000 0000 0000 5012cce3 b8a30621: debiting 0 entropy credits from input
[    6.194388] random 0000 0000 0000 5012cce3 b8a30621: extract_entropy account returned: 0 
[    6.194391] random 0000 0000 0000 5012cce3 b8a30621: urand_change_num 56 xfer_secondary_pool(16): pool_sig fffffb93, data_sig 00000000, bytes_mixed 0 5012cce3 b8a30621
[    6.194394] random 0000 0000 0000 5012cce3 b8a30621: trying to extract 128 bits from nonblocking
[    6.194396] random 0000 0000 0000 5012cce3 b8a30621: debiting 128 entropy credits from nonblocking (unlimited)
[    6.194398] random 0000 0000 0000 5012cce3 b8a30621: extract_entropy account returned: 16 
[    6.194402] random 0000 0000 0000 5012cce3 b8a30621: urand_change_num 57 extract_buf: pool_sig fffffb93, data_sig ffffff35, bytes_mixed 20 5012cce3 b8a30621
[    6.194408] random 0000 0000 0000 5012cce3 b8a30621: urand_change_num 58 extract_buf: pool_sig fffffb9d, data_sig ffffff92, bytes_mixed 20 5012cce3 b8a30621
[    6.195778] random 0000 0000 0000 30a5721d 4b648ff6: rand_read_num 15 get_random_bytes(16): sig fffffeb5 30a5721d 4b648ff6
[    6.195781] random 0000 0000 0000 30a5721d 4b648ff6: extract_entropy(.. 16 ..)
[    6.195784] random 0000 0000 0000 30a5721d 4b648ff6: going to reseed nonblocking with 128 bits (128 of 0 requested)
[    6.195786] random 0000 0000 0000 30a5721d 4b648ff6: extract_entropy(.. 16 ..)
[    6.195788] random 0000 0000 0000 30a5721d 4b648ff6: trying to extract 128 bits from input
[    6.195790] random 0000 0000 0000 30a5721d 4b648ff6: debiting 0 entropy credits from input
[    6.195792] random 0000 0000 0000 30a5721d 4b648ff6: extract_entropy account returned: 0 
[    6.195795] random 0000 0000 0000 30a5721d 4b648ff6: urand_change_num 59 xfer_secondary_pool(16): pool_sig fffffeb5, data_sig 00000000, bytes_mixed 0 30a5721d 4b648ff6
[    6.195798] random 0000 0000 0000 30a5721d 4b648ff6: trying to extract 128 bits from nonblocking
[    6.195800] random 0000 0000 0000 30a5721d 4b648ff6: debiting 128 entropy credits from nonblocking (unlimited)
[    6.195803] random 0000 0000 0000 30a5721d 4b648ff6: extract_entropy account returned: 16 
[    6.195807] random 0000 0000 0000 30a5721d 4b648ff6: urand_change_num 60 extract_buf: pool_sig fffffeb5, data_sig 000000c2, bytes_mixed 20 30a5721d 4b648ff6
[    6.195812] random 0000 0000 0000 89bae1ab 704c432f: urand_change_num 61 extract_buf: pool_sig 0000006e, data_sig fffffefc, bytes_mixed 20 89bae1ab 704c432f
[    6.196361] random 0000 0000 0000 89bae1ab 704c432f: rand_read_num 16 get_random_bytes(16): sig fffffd99 89bae1ab 704c432f
[    6.196364] random 0000 0000 0000 89bae1ab 704c432f: extract_entropy(.. 16 ..)
[    6.196366] random 0000 0000 0000 89bae1ab 704c432f: going to reseed nonblocking with 128 bits (128 of 0 requested)
[    6.196369] random 0000 0000 0000 89bae1ab 704c432f: extract_entropy(.. 16 ..)
[    6.196371] random 0000 0000 0000 89bae1ab 704c432f: trying to extract 128 bits from input
[    6.196373] random 0000 0000 0000 89bae1ab 704c432f: debiting 0 entropy credits from input
[    6.196375] random 0000 0000 0000 89bae1ab 704c432f: extract_entropy account returned: 0 
[    6.196378] random 0000 0000 0000 89bae1ab 704c432f: urand_change_num 62 xfer_secondary_pool(16): pool_sig fffffd99, data_sig 00000000, bytes_mixed 0 89bae1ab 704c432f
[    6.196381] random 0000 0000 0000 89bae1ab 704c432f: trying to extract 128 bits from nonblocking
[    6.196383] random 0000 0000 0000 89bae1ab 704c432f: debiting 128 entropy credits from nonblocking (unlimited)
[    6.196385] random 0000 0000 0000 89bae1ab 704c432f: extract_entropy account returned: 16 
[    6.196390] random 0000 0000 0000 89bae1ab 704c432f: urand_change_num 63 extract_buf: pool_sig fffffd99, data_sig 00000204, bytes_mixed 20 89bae1ab 704c432f
[    6.196395] random 0000 0000 0000 6c298a02 2b1539f8: urand_change_num 64 extract_buf: pool_sig 00000124, data_sig fffffff5, bytes_mixed 20 6c298a02 2b1539f8
[    6.197296] random 0000 0000 0000 c77b8b35 70f6cab5: rand_read_num 17 get_random_bytes(16): sig 0000036b c77b8b35 70f6cab5
[    6.197299] random 0000 0000 0000 c77b8b35 70f6cab5: extract_entropy(.. 16 ..)
[    6.197302] random 0000 0000 0000 c77b8b35 70f6cab5: going to reseed nonblocking with 128 bits (128 of 0 requested)
[    6.197304] random 0000 0000 0000 c77b8b35 70f6cab5: extract_entropy(.. 16 ..)
[    6.197306] random 0000 0000 0000 c77b8b35 70f6cab5: trying to extract 128 bits from input
[    6.197308] random 0000 0000 0000 c77b8b35 70f6cab5: debiting 0 entropy credits from input
[    6.197310] random 0000 0000 0000 c77b8b35 70f6cab5: extract_entropy account returned: 0 
[    6.197313] random 0000 0000 0000 c77b8b35 70f6cab5: urand_change_num 65 xfer_secondary_pool(16): pool_sig 0000036b, data_sig 00000000, bytes_mixed 0 c77b8b35 70f6cab5
[    6.197316] random 0000 0000 0000 c77b8b35 70f6cab5: trying to extract 128 bits from nonblocking
[    6.197319] random 0000 0000 0000 c77b8b35 70f6cab5: debiting 128 entropy credits from nonblocking (unlimited)
[    6.197321] random 0000 0000 0000 c77b8b35 70f6cab5: extract_entropy account returned: 16 
[    6.197325] random 0000 0000 0000 c77b8b35 70f6cab5: urand_change_num 66 extract_buf: pool_sig 0000036b, data_sig 0000005f, bytes_mixed 20 c77b8b35 70f6cab5
[    6.197330] random 0000 0000 0000 c77b8b35 70f6cab5: urand_change_num 67 extract_buf: pool_sig ffffff1c, data_sig 0000005a, bytes_mixed 20 c77b8b35 70f6cab5
[    6.197920] random 0000 0000 0000 af21d212 57d20ca3: rand_read_num 18 get_random_bytes(16): sig fffffb7f af21d212 57d20ca3
[    6.197923] random 0000 0000 0000 af21d212 57d20ca3: extract_entropy(.. 16 ..)
[    6.197926] random 0000 0000 0000 af21d212 57d20ca3: going to reseed nonblocking with 128 bits (128 of 0 requested)
[    6.197928] random 0000 0000 0000 af21d212 57d20ca3: extract_entropy(.. 16 ..)
[    6.197930] random 0000 0000 0000 af21d212 57d20ca3: trying to extract 128 bits from input
[    6.197932] random 0000 0000 0000 af21d212 57d20ca3: debiting 0 entropy credits from input
[    6.197934] random 0000 0000 0000 af21d212 57d20ca3: extract_entropy account returned: 0 
[    6.197937] random 0000 0000 0000 af21d212 57d20ca3: urand_change_num 68 xfer_secondary_pool(16): pool_sig fffffb7f, data_sig 00000000, bytes_mixed 0 af21d212 57d20ca3
[    6.197940] random 0000 0000 0000 af21d212 57d20ca3: trying to extract 128 bits from nonblocking
[    6.197942] random 0000 0000 0000 af21d212 57d20ca3: debiting 128 entropy credits from nonblocking (unlimited)
[    6.197945] random 0000 0000 0000 af21d212 57d20ca3: extract_entropy account returned: 16 
[    6.197956] random 0000 0000 0000 af21d212 57d20ca3: urand_change_num 69 extract_buf: pool_sig fffffb7f, data_sig ffffff88, bytes_mixed 20 af21d212 57d20ca3
[    6.197961] random 0000 0000 0000 af21d212 57d20ca3: urand_change_num 70 extract_buf: pool_sig fffffe1d, data_sig ffffff17, bytes_mixed 20 af21d212 57d20ca3
[    6.198547] random 0000 0000 0000 ffbd26fd 21933274: rand_read_num 19 get_random_bytes(16): sig ffffffc7 ffbd26fd 21933274
[    6.198550] random 0000 0000 0000 ffbd26fd 21933274: extract_entropy(.. 16 ..)
[    6.198552] random 0000 0000 0000 ffbd26fd 21933274: going to reseed nonblocking with 128 bits (128 of 0 requested)
[    6.198555] random 0000 0000 0000 ffbd26fd 21933274: extract_entropy(.. 16 ..)
[    6.198557] random 0000 0000 0000 ffbd26fd 21933274: trying to extract 128 bits from input
[    6.198559] random 0000 0000 0000 ffbd26fd 21933274: debiting 0 entropy credits from input
[    6.198561] random 0000 0000 0000 ffbd26fd 21933274: extract_entropy account returned: 0 
[    6.198564] random 0000 0000 0000 ffbd26fd 21933274: urand_change_num 71 xfer_secondary_pool(16): pool_sig ffffffc7, data_sig 00000000, bytes_mixed 0 ffbd26fd 21933274
[    6.198567] random 0000 0000 0000 ffbd26fd 21933274: trying to extract 128 bits from nonblocking
[    6.198569] random 0000 0000 0000 ffbd26fd 21933274: debiting 128 entropy credits from nonblocking (unlimited)
[    6.198571] random 0000 0000 0000 ffbd26fd 21933274: extract_entropy account returned: 16 
[    6.198575] random 0000 0000 0000 ffbd26fd 21933274: urand_change_num 72 extract_buf: pool_sig ffffffc7, data_sig 0000013b, bytes_mixed 20 ffbd26fd 21933274
[    6.198581] random 0000 0000 0000 151530a2 56c65dd3: urand_change_num 73 extract_buf: pool_sig ffffffbf, data_sig 00000036, bytes_mixed 20 151530a2 56c65dd3
[    6.199136] random 0000 0000 0000 151530a2 56c65dd3: rand_read_num 20 get_random_bytes(16): sig 000001a7 151530a2 56c65dd3
[    6.199139] random 0000 0000 0000 151530a2 56c65dd3: extract_entropy(.. 16 ..)
[    6.199142] random 0000 0000 0000 151530a2 56c65dd3: going to reseed nonblocking with 128 bits (128 of 0 requested)
[    6.199144] random 0000 0000 0000 151530a2 56c65dd3: extract_entropy(.. 16 ..)
[    6.199146] random 0000 0000 0000 151530a2 56c65dd3: trying to extract 128 bits from input
[    6.199148] random 0000 0000 0000 151530a2 56c65dd3: debiting 0 entropy credits from input
[    6.199150] random 0000 0000 0000 151530a2 56c65dd3: extract_entropy account returned: 0 
[    6.199154] random 0000 0000 0000 151530a2 56c65dd3: urand_change_num 74 xfer_secondary_pool(16): pool_sig 000001a7, data_sig 00000000, bytes_mixed 0 151530a2 56c65dd3
[    6.199156] random 0000 0000 0000 151530a2 56c65dd3: trying to extract 128 bits from nonblocking
[    6.199159] random 0000 0000 0000 151530a2 56c65dd3: debiting 128 entropy credits from nonblocking (unlimited)
[    6.199161] random 0000 0000 0000 151530a2 56c65dd3: extract_entropy account returned: 16 
[    6.199165] random 0000 0000 0000 151530a2 56c65dd3: urand_change_num 75 extract_buf: pool_sig 000001a7, data_sig ffffffa1, bytes_mixed 20 151530a2 56c65dd3
[    6.199170] random 0000 0000 0000 5d3e132e d9a77eb3: urand_change_num 76 extract_buf: pool_sig fffffcc9, data_sig 00000013, bytes_mixed 20 5d3e132e d9a77eb3
[    6.250188] random 0000 0000 0000 264837ad 0a28fef5: rand_read_num 21 get_random_bytes(16): sig ffffffd0 264837ad 0a28fef5
[    6.250191] random 0000 0000 0000 264837ad 0a28fef5: extract_entropy(.. 16 ..)
[    6.250193] random 0000 0000 0000 264837ad 0a28fef5: going to reseed nonblocking with 128 bits (128 of 0 requested)
[    6.250196] random 0000 0000 0000 264837ad 0a28fef5: extract_entropy(.. 16 ..)
[    6.250198] random 0000 0000 0000 264837ad 0a28fef5: trying to extract 128 bits from input
[    6.250200] random 0000 0000 0000 264837ad 0a28fef5: debiting 0 entropy credits from input
[    6.250202] random 0000 0000 0000 264837ad 0a28fef5: extract_entropy account returned: 0 
[    6.250205] random 0000 0000 0000 264837ad 0a28fef5: urand_change_num 77 xfer_secondary_pool(16): pool_sig ffffffd0, data_sig 00000000, bytes_mixed 0 264837ad 0a28fef5
[    6.250208] random 0000 0000 0000 264837ad 0a28fef5: trying to extract 128 bits from nonblocking
[    6.250211] random 0000 0000 0000 264837ad 0a28fef5: debiting 128 entropy credits from nonblocking (unlimited)
[    6.250213] random 0000 0000 0000 264837ad 0a28fef5: extract_entropy account returned: 16 
[    6.250217] random 0000 0000 0000 264837ad 0a28fef5: urand_change_num 78 extract_buf: pool_sig ffffffd0, data_sig 0000017b, bytes_mixed 20 264837ad 0a28fef5
[    6.250223] random 0000 0000 0000 264837ad 0a28fef5: urand_change_num 79 extract_buf: pool_sig 0000045c, data_sig 000001df, bytes_mixed 20 264837ad 0a28fef5
[    6.251690] random 0000 0000 0000 f37f7344 164aede0: rand_read_num 22 get_random_bytes(16): sig 000003c2 f37f7344 164aede0
[    6.251693] random 0000 0000 0000 f37f7344 164aede0: extract_entropy(.. 16 ..)
[    6.251695] random 0000 0000 0000 f37f7344 164aede0: going to reseed nonblocking with 128 bits (128 of 0 requested)
[    6.251698] random 0000 0000 0000 f37f7344 164aede0: extract_entropy(.. 16 ..)
[    6.251700] random 0000 0000 0000 f37f7344 164aede0: trying to extract 128 bits from input
[    6.251702] random 0000 0000 0000 f37f7344 164aede0: debiting 0 entropy credits from input
[    6.251704] random 0000 0000 0000 f37f7344 164aede0: extract_entropy account returned: 0 
[    6.251707] random 0000 0000 0000 f37f7344 164aede0: urand_change_num 80 xfer_secondary_pool(16): pool_sig 000003c2, data_sig 00000000, bytes_mixed 0 f37f7344 164aede0
[    6.251710] random 0000 0000 0000 f37f7344 164aede0: trying to extract 128 bits from nonblocking
[    6.251712] random 0000 0000 0000 f37f7344 164aede0: debiting 128 entropy credits from nonblocking (unlimited)
[    6.251714] random 0000 0000 0000 f37f7344 164aede0: extract_entropy account returned: 16 
[    6.251719] random 0000 0000 0000 f37f7344 164aede0: urand_change_num 81 extract_buf: pool_sig 000003c2, data_sig ffffff6c, bytes_mixed 20 f37f7344 164aede0
[    6.251724] random 0000 0000 0000 f37f7344 164aede0: urand_change_num 82 extract_buf: pool_sig fffffdfc, data_sig 00000091, bytes_mixed 20 f37f7344 164aede0
[    6.274492] random 0000 0000 0000 a4794863 878070c1: rand_read_num 23 get_random_bytes(16): sig 0000011b a4794863 878070c1
[    6.274495] random 0000 0000 0000 a4794863 878070c1: extract_entropy(.. 16 ..)
[    6.274498] random 0000 0000 0000 a4794863 878070c1: going to reseed nonblocking with 128 bits (128 of 0 requested)
[    6.274500] random 0000 0000 0000 a4794863 878070c1: extract_entropy(.. 16 ..)
[    6.274502] random 0000 0000 0000 a4794863 878070c1: trying to extract 128 bits from input
[    6.274504] random 0000 0000 0000 a4794863 878070c1: debiting 0 entropy credits from input
[    6.274506] random 0000 0000 0000 a4794863 878070c1: extract_entropy account returned: 0 
[    6.274509] random 0000 0000 0000 a4794863 878070c1: urand_change_num 83 xfer_secondary_pool(16): pool_sig 0000011b, data_sig 00000000, bytes_mixed 0 a4794863 878070c1
[    6.274512] random 0000 0000 0000 a4794863 878070c1: trying to extract 128 bits from nonblocking
[    6.274515] random 0000 0000 0000 a4794863 878070c1: debiting 128 entropy credits from nonblocking (unlimited)
[    6.274517] random 0000 0000 0000 a4794863 878070c1: extract_entropy account returned: 16 
[    6.274521] random 0000 0000 0000 a4794863 878070c1: urand_change_num 84 extract_buf: pool_sig 0000011b, data_sig ffffff51, bytes_mixed 20 a4794863 878070c1
[    6.274527] random 0000 0000 0000 737f19b4 9417d8ab: urand_change_num 85 extract_buf: pool_sig 000001a3, data_sig 0000006c, bytes_mixed 20 737f19b4 9417d8ab
[    6.278584] random 0000 0000 0000 737f19b4 9417d8ab: rand_read_num 24 get_random_bytes(16): sig fffffe22 737f19b4 9417d8ab
[    6.278587] random 0000 0000 0000 737f19b4 9417d8ab: extract_entropy(.. 16 ..)
[    6.278589] random 0000 0000 0000 737f19b4 9417d8ab: going to reseed nonblocking with 128 bits (128 of 0 requested)
[    6.278592] random 0000 0000 0000 737f19b4 9417d8ab: extract_entropy(.. 16 ..)
[    6.278594] random 0000 0000 0000 737f19b4 9417d8ab: trying to extract 128 bits from input
[    6.278596] random 0000 0000 0000 737f19b4 9417d8ab: debiting 0 entropy credits from input
[    6.278598] random 0000 0000 0000 737f19b4 9417d8ab: extract_entropy account returned: 0 
[    6.278601] random 0000 0000 0000 737f19b4 9417d8ab: urand_change_num 86 xfer_secondary_pool(16): pool_sig fffffe22, data_sig 00000000, bytes_mixed 0 737f19b4 9417d8ab
[    6.278604] random 0000 0000 0000 737f19b4 9417d8ab: trying to extract 128 bits from nonblocking
[    6.278606] random 0000 0000 0000 737f19b4 9417d8ab: debiting 128 entropy credits from nonblocking (unlimited)
[    6.278608] random 0000 0000 0000 737f19b4 9417d8ab: extract_entropy account returned: 16 
[    6.278612] random 0000 0000 0000 737f19b4 9417d8ab: urand_change_num 87 extract_buf: pool_sig fffffe22, data_sig 00000230, bytes_mixed 20 737f19b4 9417d8ab
[    6.278618] random 0000 0000 0000 4deb0d06 1236af4c: urand_change_num 88 extract_buf: pool_sig 000000b6, data_sig ffffff44, bytes_mixed 20 4deb0d06 1236af4c
[    6.279609] random 0000 0000 0000 b538fadc 4a7613df: rand_read_num 25 get_random_bytes(16): sig 0000013c b538fadc 4a7613df
[    6.279612] random 0000 0000 0000 b538fadc 4a7613df: extract_entropy(.. 16 ..)
[    6.279615] random 0000 0000 0000 b538fadc 4a7613df: going to reseed nonblocking with 128 bits (128 of 0 requested)
[    6.279617] random 0000 0000 0000 b538fadc 4a7613df: extract_entropy(.. 16 ..)
[    6.279619] random 0000 0000 0000 b538fadc 4a7613df: trying to extract 128 bits from input
[    6.279621] random 0000 0000 0000 b538fadc 4a7613df: debiting 0 entropy credits from input
[    6.279623] random 0000 0000 0000 b538fadc 4a7613df: extract_entropy account returned: 0 
[    6.279627] random 0000 0000 0000 b538fadc 4a7613df: urand_change_num 89 xfer_secondary_pool(16): pool_sig 0000013c, data_sig 00000000, bytes_mixed 0 b538fadc 4a7613df
[    6.279629] random 0000 0000 0000 b538fadc 4a7613df: trying to extract 128 bits from nonblocking
[    6.279632] random 0000 0000 0000 b538fadc 4a7613df: debiting 128 entropy credits from nonblocking (unlimited)
[    6.279634] random 0000 0000 0000 b538fadc 4a7613df: extract_entropy account returned: 16 
[    6.279638] random 0000 0000 0000 b538fadc 4a7613df: urand_change_num 90 extract_buf: pool_sig 0000013c, data_sig 00000015, bytes_mixed 20 b538fadc 4a7613df
[    6.279644] random 0000 0000 0000 b538fadc 4a7613df: urand_change_num 91 extract_buf: pool_sig 00000452, data_sig 0000002b, bytes_mixed 20 b538fadc 4a7613df
[    6.280101] random 0000 0000 0000 73b17df4 93bb370e: rand_read_num 26 get_random_bytes(16): sig fffffbf1 73b17df4 93bb370e
[    6.280103] random 0000 0000 0000 73b17df4 93bb370e: extract_entropy(.. 16 ..)
[    6.280106] random 0000 0000 0000 73b17df4 93bb370e: going to reseed nonblocking with 128 bits (128 of 0 requested)
[    6.280108] random 0000 0000 0000 73b17df4 93bb370e: extract_entropy(.. 16 ..)
[    6.280110] random 0000 0000 0000 73b17df4 93bb370e: trying to extract 128 bits from input
[    6.280112] random 0000 0000 0000 73b17df4 93bb370e: debiting 0 entropy credits from input
[    6.280114] random 0000 0000 0000 73b17df4 93bb370e: extract_entropy account returned: 0 
[    6.280118] random 0000 0000 0000 73b17df4 93bb370e: urand_change_num 92 xfer_secondary_pool(16): pool_sig fffffbf1, data_sig 00000000, bytes_mixed 0 73b17df4 93bb370e
[    6.280120] random 0000 0000 0000 73b17df4 93bb370e: trying to extract 128 bits from nonblocking
[    6.280123] random 0000 0000 0000 73b17df4 93bb370e: debiting 128 entropy credits from nonblocking (unlimited)
[    6.280125] random 0000 0000 0000 73b17df4 93bb370e: extract_entropy account returned: 16 
[    6.280129] random 0000 0000 0000 73b17df4 93bb370e: urand_change_num 93 extract_buf: pool_sig fffffbf1, data_sig ffffff99, bytes_mixed 20 73b17df4 93bb370e
[    6.280134] random 0000 0000 0000 73b17df4 93bb370e: urand_change_num 94 extract_buf: pool_sig fffffe1d, data_sig 000000b0, bytes_mixed 20 73b17df4 93bb370e
[    6.280540] random 0000 0000 0000 0cd682bb ba04da9f: rand_read_num 27 get_random_bytes(16): sig fffffccb 0cd682bb ba04da9f
[    6.280543] random 0000 0000 0000 0cd682bb ba04da9f: extract_entropy(.. 16 ..)
[    6.280545] random 0000 0000 0000 0cd682bb ba04da9f: going to reseed nonblocking with 128 bits (128 of 0 requested)
[    6.280548] random 0000 0000 0000 0cd682bb ba04da9f: extract_entropy(.. 16 ..)
[    6.280550] random 0000 0000 0000 0cd682bb ba04da9f: trying to extract 128 bits from input
[    6.280552] random 0000 0000 0000 0cd682bb ba04da9f: debiting 0 entropy credits from input
[    6.280554] random 0000 0000 0000 0cd682bb ba04da9f: extract_entropy account returned: 0 
[    6.280557] random 0000 0000 0000 0cd682bb ba04da9f: urand_change_num 95 xfer_secondary_pool(16): pool_sig fffffccb, data_sig 00000000, bytes_mixed 0 0cd682bb ba04da9f
[    6.280560] random 0000 0000 0000 0cd682bb ba04da9f: trying to extract 128 bits from nonblocking
[    6.280562] random 0000 0000 0000 0cd682bb ba04da9f: debiting 128 entropy credits from nonblocking (unlimited)
[    6.280565] random 0000 0000 0000 0cd682bb ba04da9f: extract_entropy account returned: 16 
[    6.280569] random 0000 0000 0000 0cd682bb ba04da9f: urand_change_num 96 extract_buf: pool_sig fffffccb, data_sig fffffec5, bytes_mixed 20 0cd682bb ba04da9f
[    6.280574] random 0000 0000 0000 26929f1a 15254dc1: urand_change_num 97 extract_buf: pool_sig fffffed2, data_sig ffffffb1, bytes_mixed 20 26929f1a 15254dc1
[    6.281447] random 0000 0000 0000 26929f1a 15254dc1: rand_read_num 28 get_random_bytes(16): sig 00000038 26929f1a 15254dc1
[    6.281450] random 0000 0000 0000 26929f1a 15254dc1: extract_entropy(.. 16 ..)
[    6.281452] random 0000 0000 0000 26929f1a 15254dc1: going to reseed nonblocking with 128 bits (128 of 0 requested)
[    6.281455] random 0000 0000 0000 26929f1a 15254dc1: extract_entropy(.. 16 ..)
[    6.281457] random 0000 0000 0000 26929f1a 15254dc1: trying to extract 128 bits from input
[    6.281459] random 0000 0000 0000 26929f1a 15254dc1: debiting 0 entropy credits from input
[    6.281461] random 0000 0000 0000 26929f1a 15254dc1: extract_entropy account returned: 0 
[    6.281464] random 0000 0000 0000 26929f1a 15254dc1: urand_change_num 98 xfer_secondary_pool(16): pool_sig 00000038, data_sig 00000000, bytes_mixed 0 26929f1a 15254dc1
[    6.281467] random 0000 0000 0000 26929f1a 15254dc1: trying to extract 128 bits from nonblocking
[    6.281469] random 0000 0000 0000 26929f1a 15254dc1: debiting 128 entropy credits from nonblocking (unlimited)
[    6.281471] random 0000 0000 0000 26929f1a 15254dc1: extract_entropy account returned: 16 
[    6.281475] random 0000 0000 0000 26929f1a 15254dc1: urand_change_num 99 extract_buf: pool_sig 00000038, data_sig 000000fd, bytes_mixed 20 26929f1a 15254dc1
[    6.281481] random 0000 0000 0000 8116fe3b 478c2d5b: urand_change_num 100 extract_buf: pool_sig 00000059, data_sig 00000310, bytes_mixed 20 8116fe3b 478c2d5b
[    6.288129] random 0000 0000 0000 a20f4a3a 32a6b2fa: rand_read_num 29 get_random_bytes(16): sig 000002c0 a20f4a3a 32a6b2fa
[    6.288132] random 0000 0000 0000 a20f4a3a 32a6b2fa: extract_entropy(.. 16 ..)
[    6.288135] random 0000 0000 0000 a20f4a3a 32a6b2fa: going to reseed nonblocking with 128 bits (128 of 0 requested)
[    6.288137] random 0000 0000 0000 a20f4a3a 32a6b2fa: extract_entropy(.. 16 ..)
[    6.288139] random 0000 0000 0000 a20f4a3a 32a6b2fa: trying to extract 128 bits from input
[    6.288141] random 0000 0000 0000 a20f4a3a 32a6b2fa: debiting 0 entropy credits from input
[    6.288143] random 0000 0000 0000 a20f4a3a 32a6b2fa: extract_entropy account returned: 0 
[    6.288146] random 0000 0000 0000 a20f4a3a 32a6b2fa: urand_change_num 101 xfer_secondary_pool(16): pool_sig 000002c0, data_sig 00000000, bytes_mixed 0 a20f4a3a 32a6b2fa
[    6.288149] random 0000 0000 0000 a20f4a3a 32a6b2fa: trying to extract 128 bits from nonblocking
[    6.288151] random 0000 0000 0000 a20f4a3a 32a6b2fa: debiting 128 entropy credits from nonblocking (unlimited)
[    6.288153] random 0000 0000 0000 a20f4a3a 32a6b2fa: extract_entropy account returned: 16 
[    6.288158] random 0000 0000 0000 a20f4a3a 32a6b2fa: urand_change_num 102 extract_buf: pool_sig 000002c0, data_sig 000000fb, bytes_mixed 20 a20f4a3a 32a6b2fa
[    6.288163] random 0000 0000 0000 a20f4a3a 32a6b2fa: urand_change_num 103 extract_buf: pool_sig ffffffdd, data_sig 000000a5, bytes_mixed 20 a20f4a3a 32a6b2fa
[    6.300651] random 0000 0000 0000 de716d2a 6c4757e1: rand_read_num 30 get_random_bytes(16): sig 000000fa de716d2a 6c4757e1
[    6.300654] random 0000 0000 0000 de716d2a 6c4757e1: extract_entropy(.. 16 ..)
[    6.300656] random 0000 0000 0000 de716d2a 6c4757e1: going to reseed nonblocking with 128 bits (128 of 0 requested)
[    6.300659] random 0000 0000 0000 de716d2a 6c4757e1: extract_entropy(.. 16 ..)
[    6.300661] random 0000 0000 0000 de716d2a 6c4757e1: trying to extract 128 bits from input
[    6.300663] random 0000 0000 0000 de716d2a 6c4757e1: debiting 0 entropy credits from input
[    6.300665] random 0000 0000 0000 de716d2a 6c4757e1: extract_entropy account returned: 0 
[    6.300668] random 0000 0000 0000 de716d2a 6c4757e1: urand_change_num 104 xfer_secondary_pool(16): pool_sig 000000fa, data_sig 00000000, bytes_mixed 0 de716d2a 6c4757e1
[    6.300671] random 0000 0000 0000 de716d2a 6c4757e1: trying to extract 128 bits from nonblocking
[    6.300673] random 0000 0000 0000 de716d2a 6c4757e1: debiting 128 entropy credits from nonblocking (unlimited)
[    6.300675] random 0000 0000 0000 de716d2a 6c4757e1: extract_entropy account returned: 16 
[    6.300679] random 0000 0000 0000 de716d2a 6c4757e1: urand_change_num 105 extract_buf: pool_sig 000000fa, data_sig ffffff34, bytes_mixed 20 de716d2a 6c4757e1
[    6.300685] random 0000 0000 0000 de716d2a 6c4757e1: urand_change_num 106 extract_buf: pool_sig 000003d3, data_sig ffffff30, bytes_mixed 20 de716d2a 6c4757e1
[    6.301271] random 0000 0000 0000 a7c511e1 f90ea457: rand_read_num 31 get_random_bytes(16): sig 0000009a a7c511e1 f90ea457
[    6.301274] random 0000 0000 0000 a7c511e1 f90ea457: extract_entropy(.. 16 ..)
[    6.301276] random 0000 0000 0000 a7c511e1 f90ea457: going to reseed nonblocking with 128 bits (128 of 0 requested)
[    6.301279] random 0000 0000 0000 a7c511e1 f90ea457: extract_entropy(.. 16 ..)
[    6.301281] random 0000 0000 0000 a7c511e1 f90ea457: trying to extract 128 bits from input
[    6.301283] random 0000 0000 0000 a7c511e1 f90ea457: debiting 0 entropy credits from input
[    6.301285] random 0000 0000 0000 a7c511e1 f90ea457: extract_entropy account returned: 0 
[    6.301288] random 0000 0000 0000 a7c511e1 f90ea457: urand_change_num 107 xfer_secondary_pool(16): pool_sig 0000009a, data_sig 00000000, bytes_mixed 0 a7c511e1 f90ea457
[    6.301291] random 0000 0000 0000 a7c511e1 f90ea457: trying to extract 128 bits from nonblocking
[    6.301293] random 0000 0000 0000 a7c511e1 f90ea457: debiting 128 entropy credits from nonblocking (unlimited)
[    6.301295] random 0000 0000 0000 a7c511e1 f90ea457: extract_entropy account returned: 16 
[    6.301300] random 0000 0000 0000 a7c511e1 f90ea457: urand_change_num 108 extract_buf: pool_sig 0000009a, data_sig 000000e0, bytes_mixed 20 a7c511e1 f90ea457
[    6.301305] random 0000 0000 0000 7c18c7e6 d65ccb06: urand_change_num 109 extract_buf: pool_sig fffffa79, data_sig 000000e0, bytes_mixed 20 7c18c7e6 d65ccb06
[    6.301881] random 0000 0000 0000 7c18c7e6 d65ccb06: rand_read_num 32 get_random_bytes(16): sig fffffe1e 7c18c7e6 d65ccb06
[    6.301884] random 0000 0000 0000 7c18c7e6 d65ccb06: extract_entropy(.. 16 ..)
[    6.301887] random 0000 0000 0000 7c18c7e6 d65ccb06: going to reseed nonblocking with 128 bits (128 of 0 requested)
[    6.301889] random 0000 0000 0000 7c18c7e6 d65ccb06: extract_entropy(.. 16 ..)
[    6.301891] random 0000 0000 0000 7c18c7e6 d65ccb06: trying to extract 128 bits from input
[    6.301893] random 0000 0000 0000 7c18c7e6 d65ccb06: debiting 0 entropy credits from input
[    6.301895] random 0000 0000 0000 7c18c7e6 d65ccb06: extract_entropy account returned: 0 
[    6.301898] random 0000 0000 0000 7c18c7e6 d65ccb06: urand_change_num 110 xfer_secondary_pool(16): pool_sig fffffe1e, data_sig 00000000, bytes_mixed 0 7c18c7e6 d65ccb06
[    6.301901] random 0000 0000 0000 7c18c7e6 d65ccb06: trying to extract 128 bits from nonblocking
[    6.301903] random 0000 0000 0000 7c18c7e6 d65ccb06: debiting 128 entropy credits from nonblocking (unlimited)
[    6.301906] random 0000 0000 0000 7c18c7e6 d65ccb06: extract_entropy account returned: 16 
