[    0.000000] random 0000 0000 0000 00000000 00000000: rand_read_num 1 get_random_bytes(8): sig 00000000 00000000 00000000
[    0.000000] random 0000 0000 0000 00000000 00000000: extract_entropy(.. 8 ..)
[    0.000000] random 0000 0000 0000 00000000 00000000: going to reseed nonblocking with 64 bits (64 of 0 requested)
[    0.000000] random 0000 0000 0000 00000000 00000000: extract_entropy(.. 8 ..)
[    0.000000] random 0000 0000 0000 00000000 00000000: trying to extract 64 bits from input
[    0.000000] random 0000 0000 0000 00000000 00000000: debiting 0 entropy credits from input
[    0.000000] random 0000 0000 0000 00000000 00000000: extract_entropy account returned: 0 
[    0.000000] random 0000 0000 0000 00000000 00000000: urand_change_num 1 xfer_secondary_pool(8): pool_sig 00000000, data_sig 00000000, bytes_mixed 0 00000000 00000000
[    0.000000] random 0000 0000 0000 00000000 00000000: trying to extract 64 bits from nonblocking
[    0.000000] random 0000 0000 0000 00000000 00000000: debiting 64 entropy credits from nonblocking (unlimited)
[    0.000000] random 0000 0000 0000 00000000 00000000: extract_entropy account returned: 8 
[    0.000000] random 0000 0000 0000 00000000 00000000: urand_change_num 2 extract_buf: pool_sig 00000000, data_sig fffffff9, bytes_mixed 20 00000000 00000000
[    0.000000] Linux version 2.6.32.57 (dcashman@dcashman-02) (gcc version 4.3.3 (GCC) ) #3 Fri May 24 04:27:34 PDT 2013
[    0.000000] KERNEL supported cpus:
[    0.000000]   Intel GenuineIntel
[    0.000000]   AMD AuthenticAMD
[    0.000000]   NSC Geode by NSC
[    0.000000]   Cyrix CyrixInstead
[    0.000000]   Centaur CentaurHauls
[    0.000000]   Transmeta GenuineTMx86
[    0.000000]   Transmeta TransmetaCPU
[    0.000000]   UMC UMC UMC UMC
[    0.000000] BIOS-provided physical RAM map:
[    0.000000]  BIOS-e820: 0000000000000000 - 000000000009d800 (usable)
[    0.000000]  BIOS-e820: 000000000009d800 - 00000000000a0000 (reserved)
[    0.000000]  BIOS-e820: 00000000000d2000 - 00000000000d4000 (reserved)
[    0.000000]  BIOS-e820: 00000000000e0000 - 0000000000100000 (reserved)
[    0.000000]  BIOS-e820: 0000000000100000 - 000000003d6b0000 (usable)
[    0.000000]  BIOS-e820: 000000003d6b0000 - 000000003d6cc000 (ACPI data)
[    0.000000]  BIOS-e820: 000000003d6cc000 - 000000003d700000 (ACPI NVS)
[    0.000000]  BIOS-e820: 000000003d700000 - 000000003e000000 (reserved)
[    0.000000]  BIOS-e820: 00000000f0000000 - 00000000f4000000 (reserved)
[    0.000000]  BIOS-e820: 00000000fec00000 - 00000000fec10000 (reserved)
[    0.000000]  BIOS-e820: 00000000fed00000 - 00000000fed00400 (reserved)
[    0.000000]  BIOS-e820: 00000000fed14000 - 00000000fed1a000 (reserved)
[    0.000000]  BIOS-e820: 00000000fed1c000 - 00000000fed90000 (reserved)
[    0.000000]  BIOS-e820: 00000000fee00000 - 00000000fee01000 (reserved)
[    0.000000]  BIOS-e820: 00000000ff000000 - 0000000100000000 (reserved)
[    0.000000] DMI present.
[    0.000000] last_pfn = 0x3d6b0 max_arch_pfn = 0x100000
[    0.000000] MTRR default type: uncachable
[    0.000000] MTRR fixed ranges enabled:
[    0.000000]   00000-9FFFF write-back
[    0.000000]   A0000-BFFFF uncachable
[    0.000000]   C0000-CFFFF write-protect
[    0.000000]   D0000-DFFFF uncachable
[    0.000000]   E0000-FFFFF write-protect
[    0.000000] MTRR variable ranges enabled:
[    0.000000]   0 base 03E000000 mask FFE000000 uncachable
[    0.000000]   1 base 000000000 mask FC0000000 write-back
[    0.000000]   2 base 03D700000 mask FFFF00000 uncachable
[    0.000000]   3 base 03D800000 mask FFF800000 uncachable
[    0.000000]   4 disabled
[    0.000000]   5 disabled
[    0.000000]   6 disabled
[    0.000000]   7 disabled
[    0.000000] initial memory mapped : 0 - 02000000
[    0.000000] init_memory_mapping: 0000000000000000-00000000377fe000
[    0.000000]  0000000000 - 0000400000 page 4k
[    0.000000]  0000400000 - 0037400000 page 2M
[    0.000000]  0037400000 - 00377fe000 page 4k
[    0.000000] kernel direct mapping tables up to 377fe000 @ 7000-c000
[    0.000000] ACPI: RSDP 000f68d0 00024 (v02 LENOVO)
[    0.000000] ACPI: XSDT 3d6bb77f 00094 (v01 LENOVO TP-7L    00002170  LTP 00000000)
[    0.000000] ACPI: FACP 3d6bb900 000F4 (v03 LENOVO TP-7L    00002170 LNVO 00000001)
[    0.000000] ACPI Warning: 32/64X length mismatch in Gpe1Block: 0/32 (20090903/tbfadt-526)
[    0.000000] ACPI Warning: Optional field Gpe1Block has zero address or length: 000000000000102C/0 (20090903/tbfadt-557)
[    0.000000] ACPI: DSDT 3d6bbd1d 0FED1 (v01 LENOVO TP-7L    00002170 MSFT 03000000)
[    0.000000] ACPI: FACS 3d6e4000 00040
[    0.000000] ACPI: SSDT 3d6bbab4 00269 (v01 LENOVO TP-7L    00002170 MSFT 03000000)
[    0.000000] ACPI: ECDT 3d6cbbee 00052 (v01 LENOVO TP-7L    00002170 LNVO 00000001)
[    0.000000] ACPI: TCPA 3d6cbc40 00032 (v02 LENOVO TP-7L    00002170 LNVO 00000001)
[    0.000000] ACPI: APIC 3d6cbc72 00068 (v01 LENOVO TP-7L    00002170 LNVO 00000001)
[    0.000000] ACPI: MCFG 3d6cbcda 0003C (v01 LENOVO TP-7L    00002170 LNVO 00000001)
[    0.000000] ACPI: HPET 3d6cbd16 00038 (v01 LENOVO TP-7L    00002170 LNVO 00000001)
[    0.000000] ACPI: SLIC 3d6cbdf0 00176 (v01 LENOVO TP-7L    00002170  LTP 00000000)
[    0.000000] ACPI: BOOT 3d6cbf66 00028 (v01 LENOVO TP-7L    00002170  LTP 00000001)
[    0.000000] ACPI: ASF! 3d6cbf8e 00072 (v16 LENOVO TP-7L    00002170 PTL  00000001)
[    0.000000] ACPI: SSDT 3d6e26d9 0025F (v01 LENOVO TP-7L    00002170 INTL 20050513)
[    0.000000] ACPI: SSDT 3d6e2938 000A6 (v01 LENOVO TP-7L    00002170 INTL 20050513)
[    0.000000] ACPI: SSDT 3d6e29de 004F7 (v01 LENOVO TP-7L    00002170 INTL 20050513)
[    0.000000] ACPI: SSDT 3d6e2ed5 001D8 (v01 LENOVO TP-7L    00002170 INTL 20050513)
[    0.000000] ACPI: DMI detected: Lenovo ThinkPad R61
[    0.000000] ACPI: Added _OSI(Linux)
[    0.000000] ACPI: Local APIC address 0xfee00000
[    0.000000] 94MB HIGHMEM available.
[    0.000000] 887MB LOWMEM available.
[    0.000000]   mapped low ram: 0 - 377fe000
[    0.000000]   low ram: 0 - 377fe000
[    0.000000]   node 0 low ram: 00000000 - 377fe000
[    0.000000]   node 0 bootmap 00008000 - 0000ef00
[    0.000000] (6 early reservations) ==> bootmem [0000000000 - 00377fe000]
[    0.000000]   #0 [0000000000 - 0000001000]   BIOS data page ==> [0000000000 - 0000001000]
[    0.000000]   #1 [0001000000 - 0001bdc180]    TEXT DATA BSS ==> [0001000000 - 0001bdc180]
[    0.000000]   #2 [000009d800 - 0000100000]    BIOS reserved ==> [000009d800 - 0000100000]
[    0.000000]   #3 [0001bdd000 - 0001be516c]              BRK ==> [0001bdd000 - 0001be516c]
[    0.000000]   #4 [0000007000 - 0000008000]          PGTABLE ==> [0000007000 - 0000008000]
[    0.000000]   #5 [0000008000 - 000000f000]          BOOTMAP ==> [0000008000 - 000000f000]
[    0.000000] found SMP MP-table at [c00f6900] f6900
[    0.000000] Zone PFN ranges:
[    0.000000]   DMA      0x00000000 -> 0x00001000
[    0.000000]   Normal   0x00001000 -> 0x000377fe
[    0.000000]   HighMem  0x000377fe -> 0x0003d6b0
[    0.000000] Movable zone start PFN for each node
[    0.000000] early_node_map[2] active PFN ranges
[    0.000000]     0: 0x00000000 -> 0x0000009d
[    0.000000]     0: 0x00000100 -> 0x0003d6b0
[    0.000000] On node 0 totalpages: 251469
[    0.000000] free_area_init_node: node 0, pgdat c1901ea0, node_mem_map c1be7000
[    0.000000]   DMA zone: 32 pages used for memmap
[    0.000000]   DMA zone: 0 pages reserved
[    0.000000]   DMA zone: 3965 pages, LIFO batch:0
[    0.000000]   Normal zone: 1744 pages used for memmap
[    0.000000]   Normal zone: 221486 pages, LIFO batch:31
[    0.000000]   HighMem zone: 190 pages used for memmap
[    0.000000]   HighMem zone: 24052 pages, LIFO batch:3
[    0.000000] Using APIC driver default
[    0.000000] ACPI: PM-Timer IO Port: 0x1008
[    0.000000] ACPI: Local APIC address 0xfee00000
[    0.000000] ACPI: LAPIC (acpi_id[0x00] lapic_id[0x00] enabled)
[    0.000000] ACPI: LAPIC (acpi_id[0x01] lapic_id[0x01] enabled)
[    0.000000] ACPI: NR_CPUS/possible_cpus limit of 1 reached.  Processor 1/0x1 ignored.
[    0.000000] ACPI: LAPIC_NMI (acpi_id[0x00] high edge lint[0x1])
[    0.000000] ACPI: LAPIC_NMI (acpi_id[0x01] high edge lint[0x1])
[    0.000000] ACPI: IOAPIC (id[0x01] address[0xfec00000] gsi_base[0])
[    0.000000] IOAPIC[0]: apic_id 1, version 32, address 0xfec00000, GSI 0-23
[    0.000000] ACPI: INT_SRC_OVR (bus 0 bus_irq 0 global_irq 2 dfl dfl)
[    0.000000] ACPI: INT_SRC_OVR (bus 0 bus_irq 9 global_irq 9 high level)
[    0.000000] ACPI: IRQ0 used by override.
[    0.000000] ACPI: IRQ2 used by override.
[    0.000000] ACPI: IRQ9 used by override.
[    0.000000] Using ACPI (MADT) for SMP configuration information
[    0.000000] ACPI: HPET id: 0x8086a201 base: 0xfed00000
[    0.000000] nr_irqs_gsi: 24
[    0.000000] PM: Registered nosave memory: 000000000009d000 - 000000000009e000
[    0.000000] PM: Registered nosave memory: 000000000009e000 - 00000000000a0000
[    0.000000] PM: Registered nosave memory: 00000000000a0000 - 00000000000d2000
[    0.000000] PM: Registered nosave memory: 00000000000d2000 - 00000000000d4000
[    0.000000] PM: Registered nosave memory: 00000000000d4000 - 00000000000e0000
[    0.000000] PM: Registered nosave memory: 00000000000e0000 - 0000000000100000
[    0.000000] Allocating PCI resources starting at 3e000000 (gap: 3e000000:b2000000)
[    0.000000] Built 1 zonelists in Zone order, mobility grouping on.  Total pages: 249503
[    0.000000] Kernel command line: auto BOOT_IMAGE=Linux ro root=802 vt.default_utf8=0 maxcpus=0
[    0.000000] PID hash table entries: 4096 (order: 2, 16384 bytes)
[    0.000000] Dentry cache hash table entries: 131072 (order: 7, 524288 bytes)
[    0.000000] Inode-cache hash table entries: 65536 (order: 6, 262144 bytes)
[    0.000000] Enabling fast FPU save and restore... done.
[    0.000000] Enabling unmasked SIMD FPU exception support... done.
[    0.000000] Initializing CPU#0
[    0.000000] Initializing HighMem for node 0 (000377fe:0003d6b0)
[    0.000000] Memory: 984800k/1006272k available (6914k kernel code, 20876k reserved, 2328k data, 448k init, 96968k highmem)
[    0.000000] virtual kernel memory layout:
[    0.000000]     fixmap  : 0xfffa3000 - 0xfffff000   ( 368 kB)
[    0.000000]     pkmap   : 0xff800000 - 0xffc00000   (4096 kB)
[    0.000000]     vmalloc : 0xf7ffe000 - 0xff7fe000   ( 120 MB)
[    0.000000]     lowmem  : 0xc0000000 - 0xf77fe000   ( 887 MB)
[    0.000000]       .init : 0xc1907000 - 0xc1977000   ( 448 kB)
[    0.000000]       .data : 0xc16c0b5f - 0xc1906c64   (2328 kB)
[    0.000000]       .text : 0xc1000000 - 0xc16c0b5f   (6914 kB)
[    0.000000] Checking if this processor honours the WP bit even in supervisor mode...Ok.
[    0.000000] SLUB: Genslabs=13, HWalign=64, Order=0-3, MinObjects=0, CPUs=1, Nodes=1
[    0.000000] Hierarchical RCU implementation.
[    0.000000] NR_IRQS:288
[    0.000000] Extended CMOS year: 2000
[    0.000000] Console: colour VGA+ 80x25
[    0.000000] console [tty0] enabled
[    0.000000] hpet clockevent registered
[    0.000000] Fast TSC calibration using PIT
[    0.000000] Detected 2094.645 MHz processor.
[    0.001002] Calibrating delay loop (skipped), value calculated using timer frequency.. 4189.29 BogoMIPS (lpj=2094645)
[    0.001169] Security Framework initialized
[    0.001254] Mount-cache hash table entries: 512
[    0.002069] CPU: L1 I cache: 32K, L1 D cache: 32K
[    0.002192] CPU: L2 cache: 3072K
[    0.002280] mce: CPU supports 6 MCE banks
[    0.002367] CPU0: Thermal monitoring enabled (TM2)
[    0.002454] using mwait in idle threads.
[    0.002539] CPU: Intel(R) Core(TM)2 Duo CPU     T8100  @ 2.10GHz stepping 06
[    0.002712] Checking 'hlt' instruction... OK.
[    0.006938] ACPI: Core revision 20090903
[    0.026016] CANARY value: 34129a4 for PID: 1
[    0.026046] Enabling APIC mode:  Flat.  Using 1 I/O APICs
[    0.026507] ..TIMER: vector=0x30 apic1=0 pin1=2 apic2=-1 pin2=-1
[    0.037997] xor: automatically using best checksumming function: pIII_sse
[    0.041998]    pIII_sse  :  8568.000 MB/sec
[    0.042081] xor: using function: pIII_sse (8568.000 MB/sec)
[    0.042170] RANDOM - __seed init called.
[    0.042171] RANDOM - __seed init called.
[    0.042172] RANDOM - __seed init called.
[    0.042173] RANDOM - __random32 called. Change num 1.  Value: f7943846	49e73df3	af36cd0d
[    0.042175] RANDOM - __random32 called. Change num 2.  Value: 43846e13	9e73df37	9a1ad014
[    0.042177] RANDOM - __random32 called. Change num 3.  Value: 46e139c8	e73df373	a029598a
[    0.042178] RANDOM - __random32 called. Change num 4.  Value: 139c8c3b	73df373d	b3142c72
[    0.042180] RANDOM - __random32 called. Change num 5.  Value: c8c3b043	3df373de	58e576a9
[    0.042182] RANDOM - __random32 called. Change num 6.  Value: 3b0437d9	df373de5	ed53f9d8
[    0.042183] RANDOM - random32 init called.  Value: 3b0437d9	df373de5	ed53f9d8
[    0.042201] NET: Registered protocol family 16
[    0.042464] ACPI FADT declares the system doesn't support PCIe ASPM, so disable it
[    0.042587] ACPI: bus type pci registered
[    0.042756] PCI: MCFG configuration 0: base f0000000 segment 0 buses 0 - 63
[    0.042849] PCI: MCFG area at f0000000 reserved in E820
[    0.042938] PCI: Using MMCONFIG for extended config space
[    0.043002] PCI: Using configuration type 1 for base access
[    0.046137] bio: create slab <bio-0> at 0
[    0.046938] ACPI: EC: EC description table is found, configuring boot EC
[    0.052071] ACPI: BIOS _OSI(Linux) query honored via DMI
[    0.052789] random 0000 0000 0000 00000000 00000000: rand_read_num 2 get_random_bytes(8): sig fffffe1a 00000000 00000000
[    0.052792] random 0000 0000 0000 00000000 00000000: extract_entropy(.. 8 ..)
[    0.052795] random 0000 0000 0000 00000000 00000000: going to reseed nonblocking with 64 bits (64 of 0 requested)
[    0.052797] random 0000 0000 0000 00000000 00000000: extract_entropy(.. 8 ..)
[    0.052799] random 0000 0000 0000 00000000 00000000: trying to extract 64 bits from input
[    0.052801] random 0000 0000 0000 00000000 00000000: debiting 0 entropy credits from input
[    0.052803] random 0000 0000 0000 00000000 00000000: extract_entropy account returned: 0 
[    0.052834] random 0000 0000 0000 00000000 00000000: urand_change_num 3 xfer_secondary_pool(8): pool_sig fffffe1a, data_sig 00000000, bytes_mixed 0 00000000 00000000
[    0.052837] random 0000 0000 0000 00000000 00000000: trying to extract 64 bits from nonblocking
[    0.052840] random 0000 0000 0000 00000000 00000000: debiting 64 entropy credits from nonblocking (unlimited)
[    0.052842] random 0000 0000 0000 00000000 00000000: extract_entropy account returned: 8 
[    0.052846] random 0000 0000 0000 00000000 00000000: urand_change_num 4 extract_buf: pool_sig fffffe1a, data_sig fffffed7, bytes_mixed 20 00000000 00000000
[    0.057522] ACPI: Interpreter enabled
[    0.057610] ACPI: (supports S0 S3 S4 S5)
[    0.057925] ACPI: Using IOAPIC for interrupt routing
[    0.067661] ACPI: EC: GPE = 0x12, I/O: command/status = 0x66, data = 0x62
[    0.067946] ACPI: Power Resource [PUBS] (on)
[    0.070055] ACPI: ACPI Dock Station Driver: 3 docks/bays found
[    0.070458] ACPI: PCI Root Bridge [PCI0] (0000:00)
[    0.070626] pci 0000:00:02.0: reg 10 64bit mmio: [0xf8100000-0xf81fffff]
[    0.070632] pci 0000:00:02.0: reg 18 64bit mmio pref: [0xe0000000-0xefffffff]
[    0.070636] pci 0000:00:02.0: reg 20 io port: [0x1800-0x1807]
[    0.070671] pci 0000:00:02.1: reg 10 64bit mmio: [0xf8200000-0xf82fffff]
[    0.070772] pci 0000:00:19.0: reg 10 32bit mmio: [0xfe000000-0xfe01ffff]
[    0.070780] pci 0000:00:19.0: reg 14 32bit mmio: [0xfe025000-0xfe025fff]
[    0.070790] pci 0000:00:19.0: reg 18 io port: [0x1840-0x185f]
[    0.070861] pci 0000:00:19.0: PME# supported from D0 D3hot D3cold
[    0.070957] pci 0000:00:19.0: PME# disabled
[    0.071056] pci 0000:00:1a.0: reg 20 io port: [0x1860-0x187f]
[    0.071149] pci 0000:00:1a.1: reg 20 io port: [0x1880-0x189f]
[    0.071235] pci 0000:00:1a.7: reg 10 32bit mmio: [0xfe226c00-0xfe226fff]
[    0.071318] pci 0000:00:1a.7: PME# supported from D0 D3hot D3cold
[    0.071412] pci 0000:00:1a.7: PME# disabled
[    0.071550] pci 0000:00:1b.0: reg 10 64bit mmio: [0xfe020000-0xfe023fff]
[    0.071631] pci 0000:00:1b.0: PME# supported from D0 D3hot D3cold
[    0.071726] pci 0000:00:1b.0: PME# disabled
[    0.071928] pci 0000:00:1c.0: PME# supported from D0 D3hot D3cold
[    0.071999] pci 0000:00:1c.0: PME# disabled
[    0.072206] pci 0000:00:1c.1: PME# supported from D0 D3hot D3cold
[    0.072300] pci 0000:00:1c.1: PME# disabled
[    0.072507] pci 0000:00:1c.2: PME# supported from D0 D3hot D3cold
[    0.072594] pci 0000:00:1c.2: PME# disabled
[    0.072785] pci 0000:00:1c.3: PME# supported from D0 D3hot D3cold
[    0.072879] pci 0000:00:1c.3: PME# disabled
[    0.073109] pci 0000:00:1c.4: PME# supported from D0 D3hot D3cold
[    0.073201] pci 0000:00:1c.4: PME# disabled
[    0.074079] pci 0000:00:1d.0: reg 20 io port: [0x18a0-0x18bf]
[    0.074167] pci 0000:00:1d.1: reg 20 io port: [0x18c0-0x18df]
[    0.074245] pci 0000:00:1d.2: reg 20 io port: [0x18e0-0x18ff]
[    0.074338] pci 0000:00:1d.7: reg 10 32bit mmio: [0xfe227000-0xfe2273ff]
[    0.074440] pci 0000:00:1d.7: PME# supported from D0 D3hot D3cold
[    0.074536] pci 0000:00:1d.7: PME# disabled
[    0.074822] pci 0000:00:1f.0: quirk: region 1000-107f claimed by ICH6 ACPI/GPIO/TCO
[    0.074944] pci 0000:00:1f.0: quirk: region 1180-11bf claimed by ICH6 GPIO
[    0.074998] pci 0000:00:1f.0: ICH7 LPC Generic IO decode 1 PIO at 1600 (mask 007f)
[    0.075116] pci 0000:00:1f.0: ICH7 LPC Generic IO decode 2 PIO at 15e0 (mask 000f)
[    0.075236] pci 0000:00:1f.0: ICH7 LPC Generic IO decode 3 PIO at 1680 (mask 001f)
[    0.075440] pci 0000:00:1f.1: reg 10 io port: [0x00-0x07]
[    0.075448] pci 0000:00:1f.1: reg 14 io port: [0x00-0x03]
[    0.075457] pci 0000:00:1f.1: reg 18 io port: [0x00-0x07]
[    0.075466] pci 0000:00:1f.1: reg 1c io port: [0x00-0x03]
[    0.075473] pci 0000:00:1f.1: reg 20 io port: [0x1c00-0x1c0f]
[    0.075555] pci 0000:00:1f.2: reg 10 io port: [0x1c50-0x1c57]
[    0.075564] pci 0000:00:1f.2: reg 14 io port: [0x1c44-0x1c47]
[    0.075571] pci 0000:00:1f.2: reg 18 io port: [0x1c48-0x1c4f]
[    0.075580] pci 0000:00:1f.2: reg 1c io port: [0x1c40-0x1c43]
[    0.075588] pci 0000:00:1f.2: reg 20 io port: [0x1c20-0x1c3f]
[    0.075597] pci 0000:00:1f.2: reg 24 32bit mmio: [0xfe226000-0xfe2267ff]
[    0.075655] pci 0000:00:1f.2: PME# supported from D3hot
[    0.075754] pci 0000:00:1f.2: PME# disabled
[    0.075877] pci 0000:00:1f.3: reg 10 32bit mmio: [0xfe227400-0xfe2274ff]
[    0.075901] pci 0000:00:1f.3: reg 20 io port: [0x1c60-0x1c7f]
[    0.076033] pci 0000:00:1c.0: bridge io port: [0x2000-0x2fff]
[    0.076037] pci 0000:00:1c.0: bridge 32bit mmio: [0xfc000000-0xfdffffff]
[    0.076049] pci 0000:00:1c.0: bridge 64bit mmio pref: [0xf8000000-0xf80fffff]
[    0.076121] pci 0000:03:00.0: reg 10 64bit mmio: [0xdf3f0000-0xdf3fffff]
[    0.076321] pci 0000:00:1c.1: bridge io port: [0x3000-0x3fff]
[    0.076327] pci 0000:00:1c.1: bridge 32bit mmio: [0xdc000000-0xdf3fffff]
[    0.076334] pci 0000:00:1c.1: bridge 64bit mmio pref: [0xdfe00000-0xdfefffff]
[    0.076390] pci 0000:00:1c.2: bridge io port: [0x4000-0x4fff]
[    0.076395] pci 0000:00:1c.2: bridge 32bit mmio: [0xd8000000-0xd9ffffff]
[    0.076405] pci 0000:00:1c.2: bridge 64bit mmio pref: [0xdfb00000-0xdfbfffff]
[    0.076462] pci 0000:00:1c.3: bridge io port: [0x5000-0x5fff]
[    0.076468] pci 0000:00:1c.3: bridge 32bit mmio: [0xd4000000-0xd5ffffff]
[    0.076476] pci 0000:00:1c.3: bridge 64bit mmio pref: [0xdf800000-0xdf8fffff]
[    0.076534] pci 0000:00:1c.4: bridge io port: [0x6000-0x6fff]
[    0.076540] pci 0000:00:1c.4: bridge 32bit mmio: [0xd0000000-0xd1ffffff]
[    0.076549] pci 0000:00:1c.4: bridge 64bit mmio pref: [0xdf500000-0xdf5fffff]
[    0.076609] pci 0000:15:00.0: reg 10 32bit mmio: [0xf8300000-0xf8300fff]
[    0.076659] pci 0000:15:00.0: supports D1 D2
[    0.076660] pci 0000:15:00.0: PME# supported from D0 D1 D2 D3hot D3cold
[    0.076750] pci 0000:15:00.0: PME# disabled
[    0.076887] pci 0000:15:00.1: reg 10 32bit mmio: [0xf8301000-0xf83017ff]
[    0.076981] pci 0000:15:00.1: supports D1 D2
[    0.076982] pci 0000:15:00.1: PME# supported from D0 D1 D2 D3hot D3cold
[    0.077000] pci 0000:15:00.1: PME# disabled
[    0.077180] pci 0000:00:1e.0: transparent bridge
[    0.077274] pci 0000:00:1e.0: bridge io port: [0x7000-0xafff]
[    0.077280] pci 0000:00:1e.0: bridge 32bit mmio: [0xf8300000-0xfbffffff]
[    0.077289] pci 0000:00:1e.0: bridge 64bit mmio pref: [0xf4000000-0xf7ffffff]
[    0.077360] pci_bus 0000:00: on NUMA node 0
[    0.077364] ACPI: PCI Interrupt Routing Table [\_SB_.PCI0._PRT]
[    0.077497] ACPI: PCI Interrupt Routing Table [\_SB_.PCI0.EXP0._PRT]
[    0.077556] ACPI: PCI Interrupt Routing Table [\_SB_.PCI0.EXP1._PRT]
[    0.077614] ACPI: PCI Interrupt Routing Table [\_SB_.PCI0.EXP2._PRT]
[    0.077671] ACPI: PCI Interrupt Routing Table [\_SB_.PCI0.EXP3._PRT]
[    0.077734] ACPI: PCI Interrupt Routing Table [\_SB_.PCI0.EXP4._PRT]
[    0.077796] ACPI: PCI Interrupt Routing Table [\_SB_.PCI0.PCI1._PRT]
[    0.083338] ACPI: PCI Interrupt Link [LNKA] (IRQs 3 4 5 6 7 9 *10 11)
[    0.084083] ACPI: PCI Interrupt Link [LNKB] (IRQs 3 4 5 6 7 9 10 *11)
[    0.084860] ACPI: PCI Interrupt Link [LNKC] (IRQs 3 4 5 6 7 9 10 *11)
[    0.085596] ACPI: PCI Interrupt Link [LNKD] (IRQs 3 4 5 6 7 9 10 *11)
[    0.086370] ACPI: PCI Interrupt Link [LNKE] (IRQs 3 4 5 6 7 9 10 *11)
[    0.087130] ACPI: PCI Interrupt Link [LNKF] (IRQs 3 4 5 6 7 9 10 *11)
[    0.087857] ACPI: PCI Interrupt Link [LNKG] (IRQs 3 4 5 6 7 9 10 *11)
[    0.088578] ACPI: PCI Interrupt Link [LNKH] (IRQs 3 4 5 6 7 9 10 *11)
[    0.089316] vgaarb: device added: PCI:0000:00:02.0,decodes=io+mem,owns=io+mem,locks=none
[    0.089433] vgaarb: loaded
[    0.089614] SCSI subsystem initialized
[    0.089707] libata version 3.00 loaded.
[    0.089754] usbcore: registered new interface driver usbfs
[    0.089875] usbcore: registered new interface driver hub
[    0.090003] usbcore: registered new device driver usb
[    0.107047] raid6: int32x1    941 MB/s
[    0.124057] raid6: int32x2    890 MB/s
[    0.141069] raid6: int32x4    750 MB/s
[    0.157988] raid6: int32x8    656 MB/s
[    0.175004] raid6: mmxx1     2882 MB/s
[    0.191982] raid6: mmxx2     3269 MB/s
[    0.208988] raid6: sse1x1    1937 MB/s
[    0.225999] raid6: sse1x2    2535 MB/s
[    0.242985] raid6: sse2x1    3503 MB/s
[    0.259970] raid6: sse2x2    3824 MB/s
[    0.260057] raid6: using algorithm sse2x2 (3824 MB/s)
[    0.260146] PCI: Using ACPI for IRQ routing
[    0.260457] HPET: 3 timers in total, 0 timers will be used for per-cpu timer
[    0.260984] Switching to clocksource tsc
[    0.261087] pnp: PnP ACPI init
[    0.261177] ACPI: bus type pnp registered
[    0.264810] pnp: PnP ACPI: found 11 devices
[    0.264910] ACPI: ACPI bus type pnp unregistered
[    0.265002] system 00:00: iomem range 0x0-0x9ffff could not be reserved
[    0.265090] system 00:00: iomem range 0xc0000-0xc3fff could not be reserved
[    0.265179] system 00:00: iomem range 0xc4000-0xc7fff could not be reserved
[    0.265270] system 00:00: iomem range 0xc8000-0xcbfff has been reserved
[    0.265362] system 00:00: iomem range 0xcc000-0xcffff has been reserved
[    0.265453] system 00:00: iomem range 0xd0000-0xd3fff could not be reserved
[    0.265536] system 00:00: iomem range 0xe0000-0xe3fff could not be reserved
[    0.265618] system 00:00: iomem range 0xe4000-0xe7fff could not be reserved
[    0.265707] system 00:00: iomem range 0xe8000-0xebfff could not be reserved
[    0.265796] system 00:00: iomem range 0xec000-0xeffff could not be reserved
[    0.265881] system 00:00: iomem range 0xf0000-0xfffff could not be reserved
[    0.265973] system 00:00: iomem range 0x100000-0x3dffffff could not be reserved
[    0.266095] system 00:00: iomem range 0xfec00000-0xfed3ffff could not be reserved
[    0.266216] system 00:00: iomem range 0xfed4c000-0xffffffff could not be reserved
[    0.266339] system 00:02: ioport range 0x164e-0x164f has been reserved
[    0.266432] system 00:02: ioport range 0x1000-0x107f has been reserved
[    0.266520] system 00:02: ioport range 0x1180-0x11bf has been reserved
[    0.266606] system 00:02: ioport range 0x800-0x80f has been reserved
[    0.266696] system 00:02: ioport range 0x15e0-0x15ef has been reserved
[    0.266786] system 00:02: ioport range 0x1600-0x165f could not be reserved
[    0.266874] system 00:02: iomem range 0xf0000000-0xf3ffffff has been reserved
[    0.266958] system 00:02: iomem range 0xfed1c000-0xfed1ffff has been reserved
[    0.267045] system 00:02: iomem range 0xfed14000-0xfed17fff has been reserved
[    0.267132] system 00:02: iomem range 0xfed18000-0xfed18fff has been reserved
[    0.267230] system 00:02: iomem range 0xfed19000-0xfed19fff has been reserved
[    0.267320] system 00:02: iomem range 0xfed45000-0xfed4bfff has been reserved
[    0.302365] pci 0000:00:1c.0: PCI bridge, secondary bus 0000:02
[    0.302450] pci 0000:00:1c.0:   IO window: 0x2000-0x2fff
[    0.302547] pci 0000:00:1c.0:   MEM window: 0xfc000000-0xfdffffff
[    0.302640] pci 0000:00:1c.0:   PREFETCH window: 0x000000f8000000-0x000000f80fffff
[    0.302766] pci 0000:00:1c.1: PCI bridge, secondary bus 0000:03
[    0.302855] pci 0000:00:1c.1:   IO window: 0x3000-0x3fff
[    0.302950] pci 0000:00:1c.1:   MEM window: 0xdc000000-0xdf3fffff
[    0.303042] pci 0000:00:1c.1:   PREFETCH window: 0x000000dfe00000-0x000000dfefffff
[    0.303172] pci 0000:00:1c.2: PCI bridge, secondary bus 0000:04
[    0.303263] pci 0000:00:1c.2:   IO window: 0x4000-0x4fff
[    0.303350] pci 0000:00:1c.2:   MEM window: 0xd8000000-0xd9ffffff
[    0.303437] pci 0000:00:1c.2:   PREFETCH window: 0x000000dfb00000-0x000000dfbfffff
[    0.303558] pci 0000:00:1c.3: PCI bridge, secondary bus 0000:05
[    0.303646] pci 0000:00:1c.3:   IO window: 0x5000-0x5fff
[    0.303739] pci 0000:00:1c.3:   MEM window: 0xd4000000-0xd5ffffff
[    0.303836] pci 0000:00:1c.3:   PREFETCH window: 0x000000df800000-0x000000df8fffff
[    0.303967] pci 0000:00:1c.4: PCI bridge, secondary bus 0000:0d
[    0.304062] pci 0000:00:1c.4:   IO window: 0x6000-0x6fff
[    0.304155] pci 0000:00:1c.4:   MEM window: 0xd0000000-0xd1ffffff
[    0.304250] pci 0000:00:1c.4:   PREFETCH window: 0x000000df500000-0x000000df5fffff
[    0.304368] pci 0000:15:00.0: CardBus bridge, secondary bus 0000:16
[    0.304455] pci 0000:15:00.0:   IO window: 0x007000-0x0070ff
[    0.304548] pci 0000:15:00.0:   IO window: 0x007400-0x0074ff
[    0.304637] pci 0000:15:00.0:   PREFETCH window: 0xf4000000-0xf7ffffff
[    0.304727] pci 0000:15:00.0:   MEM window: 0x40000000-0x43ffffff
[    0.304818] pci 0000:00:1e.0: PCI bridge, secondary bus 0000:15
[    0.304917] pci 0000:00:1e.0:   IO window: 0x7000-0xafff
[    0.305010] pci 0000:00:1e.0:   MEM window: 0xf8300000-0xfbffffff
[    0.305099] pci 0000:00:1e.0:   PREFETCH window: 0x000000f4000000-0x000000f7ffffff
[    0.305238] pci 0000:00:1c.0: PCI INT A -> GSI 20 (level, low) -> IRQ 20
[    0.305325] pci 0000:00:1c.0: setting latency timer to 64
[    0.305341] pci 0000:00:1c.1: PCI INT B -> GSI 21 (level, low) -> IRQ 21
[    0.305434] pci 0000:00:1c.1: setting latency timer to 64
[    0.305445] pci 0000:00:1c.2: PCI INT C -> GSI 22 (level, low) -> IRQ 22
[    0.305537] pci 0000:00:1c.2: setting latency timer to 64
[    0.305550] pci 0000:00:1c.3: PCI INT D -> GSI 23 (level, low) -> IRQ 23
[    0.305637] pci 0000:00:1c.3: setting latency timer to 64
[    0.305652] pci 0000:00:1c.4: PCI INT A -> GSI 20 (level, low) -> IRQ 20
[    0.305747] pci 0000:00:1c.4: setting latency timer to 64
[    0.305754] pci 0000:00:1e.0: enabling device (0005 -> 0007)
[    0.305847] pci 0000:00:1e.0: setting latency timer to 64
[    0.305860] pci 0000:15:00.0: PCI INT A -> GSI 16 (level, low) -> IRQ 16
[    0.305957] pci 0000:15:00.0: setting latency timer to 64
[    0.305963] pci_bus 0000:00: resource 0 io:  [0x00-0xffff]
[    0.305965] pci_bus 0000:00: resource 1 mem: [0x000000-0xffffffff]
[    0.305967] pci_bus 0000:02: resource 0 io:  [0x2000-0x2fff]
[    0.305969] pci_bus 0000:02: resource 1 mem: [0xfc000000-0xfdffffff]
[    0.305971] pci_bus 0000:02: resource 2 pref mem [0xf8000000-0xf80fffff]
[    0.305973] pci_bus 0000:03: resource 0 io:  [0x3000-0x3fff]
[    0.305974] pci_bus 0000:03: resource 1 mem: [0xdc000000-0xdf3fffff]
[    0.305976] pci_bus 0000:03: resource 2 pref mem [0xdfe00000-0xdfefffff]
[    0.305978] pci_bus 0000:04: resource 0 io:  [0x4000-0x4fff]
[    0.305980] pci_bus 0000:04: resource 1 mem: [0xd8000000-0xd9ffffff]
[    0.305981] pci_bus 0000:04: resource 2 pref mem [0xdfb00000-0xdfbfffff]
[    0.305983] pci_bus 0000:05: resource 0 io:  [0x5000-0x5fff]
[    0.305985] pci_bus 0000:05: resource 1 mem: [0xd4000000-0xd5ffffff]
[    0.305987] pci_bus 0000:05: resource 2 pref mem [0xdf800000-0xdf8fffff]
[    0.305989] pci_bus 0000:0d: resource 0 io:  [0x6000-0x6fff]
[    0.305990] pci_bus 0000:0d: resource 1 mem: [0xd0000000-0xd1ffffff]
[    0.305992] pci_bus 0000:0d: resource 2 pref mem [0xdf500000-0xdf5fffff]
[    0.305994] pci_bus 0000:15: resource 0 io:  [0x7000-0xafff]
[    0.305996] pci_bus 0000:15: resource 1 mem: [0xf8300000-0xfbffffff]
[    0.305998] pci_bus 0000:15: resource 2 pref mem [0xf4000000-0xf7ffffff]
[    0.305999] pci_bus 0000:15: resource 3 io:  [0x00-0xffff]
[    0.306001] pci_bus 0000:15: resource 4 mem: [0x000000-0xffffffff]
[    0.306003] pci_bus 0000:16: resource 0 io:  [0x7000-0x70ff]
[    0.306004] pci_bus 0000:16: resource 1 io:  [0x7400-0x74ff]
[    0.306006] pci_bus 0000:16: resource 2 pref mem [0xf4000000-0xf7ffffff]
[    0.306008] pci_bus 0000:16: resource 3 mem: [0x40000000-0x43ffffff]
[    0.306016] NET: Registered protocol family 2
[    0.306100] RANDOM - __random32 called. Change num 7.  Value: 437d97bf	f373de51	f3b0f986
[    0.306102] RANDOM - random32 called.  Value: 437d97bf	f373de51	f3b0f986
[    0.306106] random 0000 0000 0000 5f8db4e5 4cfdf2a8: rand_read_num 3 get_random_bytes(4): sig fffffb64 5f8db4e5 4cfdf2a8
[    0.306109] random 0000 0000 0000 5f8db4e5 4cfdf2a8: extract_entropy(.. 4 ..)
[    0.306111] random 0000 0000 0000 5f8db4e5 4cfdf2a8: going to reseed nonblocking with 64 bits (32 of 0 requested)
[    0.306113] random 0000 0000 0000 5f8db4e5 4cfdf2a8: extract_entropy(.. 8 ..)
[    0.306115] random 0000 0000 0000 5f8db4e5 4cfdf2a8: trying to extract 64 bits from input
[    0.306117] random 0000 0000 0000 5f8db4e5 4cfdf2a8: debiting 0 entropy credits from input
[    0.306119] random 0000 0000 0000 5f8db4e5 4cfdf2a8: extract_entropy account returned: 0 
[    0.306122] random 0000 0000 0000 5f8db4e5 4cfdf2a8: urand_change_num 5 xfer_secondary_pool(4): pool_sig fffffb64, data_sig 00000000, bytes_mixed 0 5f8db4e5 4cfdf2a8
[    0.306125] random 0000 0000 0000 5f8db4e5 4cfdf2a8: trying to extract 32 bits from nonblocking
[    0.306127] random 0000 0000 0000 5f8db4e5 4cfdf2a8: debiting 32 entropy credits from nonblocking (unlimited)
[    0.306129] random 0000 0000 0000 5f8db4e5 4cfdf2a8: extract_entropy account returned: 4 
[    0.306134] random 0000 0000 0000 5f8db4e5 4cfdf2a8: urand_change_num 6 extract_buf: pool_sig fffffb64, data_sig 00000241, bytes_mixed 20 5f8db4e5 4cfdf2a8
[    0.306143] IP route cache hash table entries: 32768 (order: 5, 131072 bytes)
[    0.306267] RANDOM - __random32 called. Change num 8.  Value: d97bfe31	373de51f	f30dc6e6
[    0.306269] RANDOM - random32 called.  Value: d97bfe31	373de51f	f30dc6e6
[    0.306280] RANDOM - __random32 called. Change num 9.  Value: bfe314d7	73de51f5	8dcd6c7e
[    0.306281] RANDOM - random32 called.  Value: bfe314d7	73de51f5	8dcd6c7e
[    0.306283] RANDOM - __random32 called. Change num 10.  Value: 314d7baf	3de51f5e	d8fc74c1
[    0.306285] RANDOM - random32 called.  Value: 314d7baf	3de51f5e	d8fc74c1
[    0.306295] RANDOM - __random32 called. Change num 11.  Value: d7baf3c7	de51f5e5	e983e3fa
[    0.306297] RANDOM - random32 called.  Value: d7baf3c7	de51f5e5	e983e3fa
[    0.306307] TCP established hash table entries: 131072 (order: 8, 1048576 bytes)
[    0.306794] TCP bind hash table entries: 65536 (order: 6, 262144 bytes)
[    0.306982] TCP: Hash tables configured (established 131072 bind 65536)
[    0.307077] TCP reno registered
[    0.307180] NET: Registered protocol family 1
[    0.307296] RPC: Registered udp transport module.
[    0.307381] RPC: Registered tcp transport module.
[    0.307466] RPC: Registered tcp NFSv4.1 backchannel transport module.
[    0.307562] pci 0000:00:02.0: Boot video device
[    0.307780] Simple Boot Flag at 0x35 set to 0x1
[    0.308324] highmem bounce pool size: 64 pages
[    0.309823] VFS: Disk quotas dquot_6.5.2
[    0.310030] Dquot-cache hash table entries: 1024 (order 0, 4096 bytes)
[    0.310693] NTFS driver 2.1.29 [Flags: R/W].
[    0.310851] ROMFS MTD (C) 2007 Red Hat, Inc.
[    0.311059] JFS: nTxBlock = 7695, nTxLock = 61562
[    0.313511] SGI XFS with ACLs, security attributes, large block/inode numbers, no debug enabled
[    0.314000] SGI XFS Quota Management subsystem
[    0.314287] Slow work thread pool: Starting up
[    0.314385] Slow work thread pool: Ready
[    0.314478] GFS2 (built May 24 2013 02:47:17) installed
[    0.314565] msgmni has been set to 1734
[    0.314724] alg: No test for cipher_null (cipher_null-generic)
[    0.314827] alg: No test for ecb(cipher_null) (ecb-cipher_null)
[    0.314937] alg: No test for digest_null (digest_null-generic)
[    0.315030] alg: No test for compress_null (compress_null-generic)
[    0.315576] alg: No test for fcrypt (fcrypt-generic)
[    0.316998] alg: No test for stdrng (krng)
[    0.317085] async_tx: api initialized (async)
[    0.317239] Block layer SCSI generic (bsg) driver version 0.4 loaded (major 254)
[    0.317361] io scheduler noop registered
[    0.317452] io scheduler anticipatory registered
[    0.317537] io scheduler deadline registered
[    0.317663] io scheduler cfq registered (default)
[    0.317915] pcieport 0000:00:1c.0: irq 24 for MSI/MSI-X
[    0.317928] pcieport 0000:00:1c.0: setting latency timer to 64
[    0.318128] pcieport 0000:00:1c.1: irq 25 for MSI/MSI-X
[    0.318140] pcieport 0000:00:1c.1: setting latency timer to 64
[    0.318319] pcieport 0000:00:1c.2: irq 26 for MSI/MSI-X
[    0.318328] pcieport 0000:00:1c.2: setting latency timer to 64
[    0.318504] pcieport 0000:00:1c.3: irq 27 for MSI/MSI-X
[    0.318516] pcieport 0000:00:1c.3: setting latency timer to 64
[    0.318693] pcieport 0000:00:1c.4: irq 28 for MSI/MSI-X
[    0.318705] pcieport 0000:00:1c.4: setting latency timer to 64
[    0.318849] pci_hotplug: PCI Hot Plug PCI Core version: 0.5
[    0.319057] isapnp: Scanning for PnP cards...
[    0.679588] isapnp: No Plug & Play device found
[    0.679678] random 0000 0000 0000 5f8db4e5 4cfdf2a8: initializing
[    0.699190] Serial: 8250/16550 driver, 4 ports, IRQ sharing enabled
[    3.710836] floppy0: no floppy controllers found
[    3.711782] brd: module loaded
[    3.712280] loop: module loaded
[    3.712362] Compaq SMART2 Driver (v 2.6.0)
[    3.712490] HP CISS Driver (v 3.6.20)
[    3.712738] input: Macintosh mouse button emulation as /devices/virtual/input/input0
[    3.712877] Uniform Multi-Platform E-IDE driver
[    3.713103] piix 0000:00:1f.1: IDE controller (0x8086:0x2850 rev 0x03)
[    3.713200] pci 0000:00:1f.1: PCI INT C -> GSI 16 (level, low) -> IRQ 16
[    3.713302] piix 0000:00:1f.1: IDE port disabled
[    3.713403] piix 0000:00:1f.1: not 100% native mode: will probe irqs later
[    3.713503]     ide0: BM-DMA at 0x1c00-0x1c07
[    3.713594] Probing IDE interface ide0...
[    4.385048] hda: HL-DT-ST DVDRAM GSA-U10N, ATAPI CD/DVD-ROM drive
[    4.691855] hda: host max PIO4 wanted PIO255(auto-tune) selected PIO4
[    4.692632] hda: UDMA/33 mode selected
[    4.693098] ide0 at 0x1f0-0x1f7,0x3f6 on irq 14
[    4.696981] ide-gd driver 1.18
[    4.697088] ide-cd driver 5.00
[    4.698472] ide-cd: hda: ATAPI 24X DVD-ROM DVD-R/RAM CD-R/RW drive, 2048kB Cache
[    4.698892] Uniform CD-ROM driver Revision: 3.20
[    4.705997] Loading iSCSI transport class v2.0-870.
[    4.706277] rdac: device handler registered
[    4.706359] hp_sw: device handler registered
[    4.706443] emc: device handler registered
[    4.706526] alua: device handler registered
[    4.707513] Adaptec aacraid driver 1.1-5[2461]-ms
[    4.707939] scsi: <fdomain> Detection failed (no card)
[    4.708036] sym53c416.c: Version 1.0.0-ac
[    4.708143] qlogicfas: no cards were found, please specify I/O address and IRQ using iobase= and irq= options
[    4.708268] QLogic Fibre Channel HBA Driver: 8.03.01-k6
[    4.708491] iscsi: registered transport (qla4xxx)
[    4.708594] QLogic iSCSI HBA Driver
[    4.708677] Emulex LightPulse Fibre Channel SCSI driver 8.3.4
[    4.708765] Copyright(c) 2004-2009 Emulex.  All rights reserved.
[    4.730839] Failed initialization of WD-7000 SCSI card!
[    4.820619] DC390: clustering now enabled by default. If you get problems load
[    4.820742]        with "disable_clustering=1" and report to maintainers
[    4.820874] megaraid cmm: 2.20.2.7 (Release Date: Sun Jul 16 00:01:03 EST 2006)
[    4.821019] megaraid: 2.20.5.1 (Release Date: Thu Nov 16 15:32:35 EST 2006)
[    4.821128] megasas: 00.00.04.01 Thu July 24 11:41:51 PST 2008
[    4.821265] GDT-HA: Storage RAID Controller Driver. Version: 3.05
[    4.821412] 3ware Storage Controller device driver for Linux v1.26.02.002.
[    4.821519] 3ware 9000 Storage Controller device driver for Linux v2.26.02.012.
[    4.821655] nsp32: loading...
[    4.821754] ipr: IBM Power RAID SCSI Device Driver version: 2.4.3 (June 10, 2009)
[    4.821902] RocketRAID 3xxx/4xxx Controller driver v1.6 (090910)
[    4.822013] stex: Promise SuperTrak EX Driver version: 4.6.0000.3
[    4.822143] st: Version 20081215, fixed bufsize 32768, s/g segs 256
[    4.822333] ahci 0000:00:1f.2: version 3.0
[    4.822353] ahci 0000:00:1f.2: PCI INT B -> GSI 16 (level, low) -> IRQ 16
[    4.822484] ahci 0000:00:1f.2: irq 29 for MSI/MSI-X
[    4.822549] ahci 0000:00:1f.2: AHCI 0001.0100 32 slots 3 ports 1.5 Gbps 0x5 impl SATA mode
[    4.822664] ahci 0000:00:1f.2: flags: 64bit ncq sntf pm led clo pio slum part ccc 
[    4.822792] ahci 0000:00:1f.2: setting latency timer to 64
[    4.822952] scsi2 : ahci
[    4.823105] scsi3 : ahci
[    4.823239] scsi4 : ahci
[    4.823409] ata1: SATA max UDMA/133 abar m2048@0xfe226000 port 0xfe226100 irq 29
[    4.823522] ata2: DUMMY
[    4.823604] ata3: SATA max UDMA/133 abar m2048@0xfe226000 port 0xfe226200 irq 29
[    4.824225] I2O subsystem v1.325
[    4.824308] i2o: max drivers = 8
[    4.824453] I2O Configuration OSM v1.323
[    4.824557] I2O Bus Adapter OSM v1.317
[    4.824663] I2O Block Device OSM v1.325
[    4.824811] I2O SCSI Peripheral OSM v1.316
[    4.824924] I2O ProcFS OSM v1.316
[    4.825023] Fusion MPT base driver 3.04.12
[    4.825111] Copyright (c) 1999-2008 LSI Corporation
[    4.825198] Fusion MPT SPI Host driver 3.04.12
[    4.825303] Fusion MPT FC Host driver 3.04.12
[    4.825410] Fusion MPT SAS Host driver 3.04.12
[    4.825557] ohci1394 0000:15:00.1: PCI INT B -> GSI 17 (level, low) -> IRQ 17
[    4.825653] ohci1394 0000:15:00.1: setting latency timer to 64
[    4.878863] ohci1394: fw-host0: OHCI-1394 1.1 (PCI): IRQ=[17]  MMIO=[f8301000-f83017ff]  Max Packet=[2048]  IR/IT contexts=[4/4]
[    4.883135] ehci_hcd: USB 2.0 'Enhanced' Host Controller (EHCI) Driver
[    4.883396] ehci_hcd 0000:00:1a.7: power state changed by ACPI to D0
[    4.883649] ehci_hcd 0000:00:1a.7: power state changed by ACPI to D0
[    4.883747] ehci_hcd 0000:00:1a.7: PCI INT C -> GSI 22 (level, low) -> IRQ 22
[    4.883846] ehci_hcd 0000:00:1a.7: setting latency timer to 64
[    4.883851] ehci_hcd 0000:00:1a.7: EHCI Host Controller
[    4.883983] ehci_hcd 0000:00:1a.7: new USB bus registered, assigned bus number 1
[    4.888037] ehci_hcd 0000:00:1a.7: cache line size of 32 is not supported
[    4.888046] ehci_hcd 0000:00:1a.7: irq 22, io mem 0xfe226c00
[    4.897824] ehci_hcd 0000:00:1a.7: USB 2.0 started, EHCI 1.00
[    4.897923] usb usb1: New USB device found, idVendor=1d6b, idProduct=0002
[    4.898016] usb usb1: New USB device strings: Mfr=3, Product=2, SerialNumber=1
[    4.898135] usb usb1: Product: EHCI Host Controller
[    4.898228] usb usb1: Manufacturer: Linux 2.6.32.57 ehci_hcd
[    4.898319] usb usb1: SerialNumber: 0000:00:1a.7
[    4.898455] usb usb1: configuration #1 chosen from 1 choice
[    4.898564] hub 1-0:1.0: USB hub found
[    4.898655] hub 1-0:1.0: 4 ports detected
[    4.898978] ehci_hcd 0000:00:1d.7: power state changed by ACPI to D0
[    4.899227] ehci_hcd 0000:00:1d.7: power state changed by ACPI to D0
[    4.899324] ehci_hcd 0000:00:1d.7: PCI INT D -> GSI 19 (level, low) -> IRQ 19
[    4.899426] ehci_hcd 0000:00:1d.7: setting latency timer to 64
[    4.899431] ehci_hcd 0000:00:1d.7: EHCI Host Controller
[    4.899565] ehci_hcd 0000:00:1d.7: new USB bus registered, assigned bus number 2
[    4.899722] ehci_hcd 0000:00:1d.7: debug port 1
[    4.903689] ehci_hcd 0000:00:1d.7: cache line size of 32 is not supported
[    4.903698] ehci_hcd 0000:00:1d.7: irq 19, io mem 0xfe227000
[    4.913824] ehci_hcd 0000:00:1d.7: USB 2.0 started, EHCI 1.00
[    4.913930] usb usb2: New USB device found, idVendor=1d6b, idProduct=0002
[    4.914014] usb usb2: New USB device strings: Mfr=3, Product=2, SerialNumber=1
[    4.914126] usb usb2: Product: EHCI Host Controller
[    4.914215] usb usb2: Manufacturer: Linux 2.6.32.57 ehci_hcd
[    4.914300] usb usb2: SerialNumber: 0000:00:1d.7
[    4.914430] usb usb2: configuration #1 chosen from 1 choice
[    4.914541] hub 2-0:1.0: USB hub found
[    4.914628] hub 2-0:1.0: 6 ports detected
[    4.914802] 116x: driver isp116x-hcd, 03 Nov 2005
[    4.914910] ohci_hcd: USB 1.1 'Open' Host Controller (OHCI) Driver
[    4.915024] uhci_hcd: USB Universal Host Controller Interface driver
[    4.915137] uhci_hcd 0000:00:1a.0: PCI INT A -> GSI 20 (level, low) -> IRQ 20
[    4.915235] uhci_hcd 0000:00:1a.0: setting latency timer to 64
[    4.915240] uhci_hcd 0000:00:1a.0: UHCI Host Controller
[    4.915366] uhci_hcd 0000:00:1a.0: new USB bus registered, assigned bus number 3
[    4.915518] uhci_hcd 0000:00:1a.0: irq 20, io base 0x00001860
[    4.915631] usb usb3: New USB device found, idVendor=1d6b, idProduct=0001
[    4.915718] usb usb3: New USB device strings: Mfr=3, Product=2, SerialNumber=1
[    4.915848] usb usb3: Product: UHCI Host Controller
[    4.915929] usb usb3: Manufacturer: Linux 2.6.32.57 uhci_hcd
[    4.916018] usb usb3: SerialNumber: 0000:00:1a.0
[    4.916161] usb usb3: configuration #1 chosen from 1 choice
[    4.916281] hub 3-0:1.0: USB hub found
[    4.916372] hub 3-0:1.0: 2 ports detected
[    4.916675] uhci_hcd 0000:00:1a.1: power state changed by ACPI to D0
[    4.916904] uhci_hcd 0000:00:1a.1: power state changed by ACPI to D0
[    4.916999] uhci_hcd 0000:00:1a.1: PCI INT B -> GSI 21 (level, low) -> IRQ 21
[    4.917093] uhci_hcd 0000:00:1a.1: setting latency timer to 64
[    4.917096] uhci_hcd 0000:00:1a.1: UHCI Host Controller
[    4.917223] uhci_hcd 0000:00:1a.1: new USB bus registered, assigned bus number 4
[    4.917375] uhci_hcd 0000:00:1a.1: irq 21, io base 0x00001880
[    4.917485] usb usb4: New USB device found, idVendor=1d6b, idProduct=0001
[    4.917578] usb usb4: New USB device strings: Mfr=3, Product=2, SerialNumber=1
[    4.917702] usb usb4: Product: UHCI Host Controller
[    4.917786] usb usb4: Manufacturer: Linux 2.6.32.57 uhci_hcd
[    4.917887] usb usb4: SerialNumber: 0000:00:1a.1
[    4.918025] usb usb4: configuration #1 chosen from 1 choice
[    4.918146] hub 4-0:1.0: USB hub found
[    4.918239] hub 4-0:1.0: 2 ports detected
[    4.918538] uhci_hcd 0000:00:1d.0: power state changed by ACPI to D0
[    4.918844] uhci_hcd 0000:00:1d.0: power state changed by ACPI to D0
[    4.918934] uhci_hcd 0000:00:1d.0: PCI INT A -> GSI 16 (level, low) -> IRQ 16
[    4.919026] uhci_hcd 0000:00:1d.0: setting latency timer to 64
[    4.919031] uhci_hcd 0000:00:1d.0: UHCI Host Controller
[    4.919158] uhci_hcd 0000:00:1d.0: new USB bus registered, assigned bus number 5
[    4.919302] uhci_hcd 0000:00:1d.0: irq 16, io base 0x000018a0
[    4.919413] usb usb5: New USB device found, idVendor=1d6b, idProduct=0001
[    4.919501] usb usb5: New USB device strings: Mfr=3, Product=2, SerialNumber=1
[    4.919619] usb usb5: Product: UHCI Host Controller
[    4.919704] usb usb5: Manufacturer: Linux 2.6.32.57 uhci_hcd
[    4.919788] usb usb5: SerialNumber: 0000:00:1d.0
[    4.919932] usb usb5: configuration #1 chosen from 1 choice
[    4.920046] hub 5-0:1.0: USB hub found
[    4.920132] hub 5-0:1.0: 2 ports detected
[    4.920280] uhci_hcd 0000:00:1d.1: PCI INT B -> GSI 17 (level, low) -> IRQ 17
[    4.920376] uhci_hcd 0000:00:1d.1: setting latency timer to 64
[    4.920381] uhci_hcd 0000:00:1d.1: UHCI Host Controller
[    4.920508] uhci_hcd 0000:00:1d.1: new USB bus registered, assigned bus number 6
[    4.920646] uhci_hcd 0000:00:1d.1: irq 17, io base 0x000018c0
[    4.920755] usb usb6: New USB device found, idVendor=1d6b, idProduct=0001
[    4.920847] usb usb6: New USB device strings: Mfr=3, Product=2, SerialNumber=1
[    4.920971] usb usb6: Product: UHCI Host Controller
[    4.921055] usb usb6: Manufacturer: Linux 2.6.32.57 uhci_hcd
[    4.921145] usb usb6: SerialNumber: 0000:00:1d.1
[    4.921284] usb usb6: configuration #1 chosen from 1 choice
[    4.921402] hub 6-0:1.0: USB hub found
[    4.921491] hub 6-0:1.0: 2 ports detected
[    4.921844] uhci_hcd 0000:00:1d.2: power state changed by ACPI to D0
[    4.922085] uhci_hcd 0000:00:1d.2: power state changed by ACPI to D0
[    4.922177] uhci_hcd 0000:00:1d.2: PCI INT C -> GSI 18 (level, low) -> IRQ 18
[    4.922273] uhci_hcd 0000:00:1d.2: setting latency timer to 64
[    4.922278] uhci_hcd 0000:00:1d.2: UHCI Host Controller
[    4.922411] uhci_hcd 0000:00:1d.2: new USB bus registered, assigned bus number 7
[    4.922556] uhci_hcd 0000:00:1d.2: irq 18, io base 0x000018e0
[    4.922668] usb usb7: New USB device found, idVendor=1d6b, idProduct=0001
[    4.922762] usb usb7: New USB device strings: Mfr=3, Product=2, SerialNumber=1
[    4.922890] usb usb7: Product: UHCI Host Controller
[    4.922976] usb usb7: Manufacturer: Linux 2.6.32.57 uhci_hcd
[    4.923067] usb usb7: SerialNumber: 0000:00:1d.2
[    4.923861] usb usb7: configuration #1 chosen from 1 choice
[    4.923978] hub 7-0:1.0: USB hub found
[    4.924070] hub 7-0:1.0: 2 ports detected
[    4.924232] sl811: driver sl811-hcd, 19 May 2005
[    4.924331] r8a66597_hcd: driver r8a66597_hcd, 2009-05-26
[    4.924500] Initializing USB Mass Storage driver...
[    4.924631] usbcore: registered new interface driver usb-storage
[    4.924718] USB Mass Storage support registered.
[    4.924825] usbcore: registered new interface driver ums-alauda
[    4.924929] usbcore: registered new interface driver ums-cypress
[    4.925032] usbcore: registered new interface driver ums-datafab
[    4.925131] usbcore: registered new interface driver ums-freecom
[    4.925233] usbcore: registered new interface driver ums-isd200
[    4.925338] usbcore: registered new interface driver ums-jumpshot
[    4.925444] usbcore: registered new interface driver ums-karma
[    4.925553] usbcore: registered new interface driver ums-onetouch
[    4.925662] usbcore: registered new interface driver ums-sddr09
[    4.925767] usbcore: registered new interface driver ums-sddr55
[    4.925887] usbcore: registered new interface driver ums-usbat
[    4.926029] PNP: PS/2 Controller [PNP0303:KBD,PNP0f13:MOU] at 0x60,0x64 irq 1,12
[    4.934067] serio: i8042 KBD port at 0x60,0x64 irq 1
[    4.934152] serio: i8042 AUX port at 0x60,0x64 irq 12
[    4.934388] mice: PS/2 mouse device common for all mice
[    4.934501] i2c /dev entries driver
[    4.934633] md: linear personality registered for level -1
[    4.934717] md: raid0 personality registered for level 0
[    4.934809] md: raid1 personality registered for level 1
[    4.934907] md: raid10 personality registered for level 10
[    4.934992] md: raid6 personality registered for level 6
[    4.935078] md: raid5 personality registered for level 5
[    4.935167] md: raid4 personality registered for level 4
[    4.935252] md: multipath personality registered for level -4
[    4.935454] device-mapper: ioctl: 4.15.0-ioctl (2009-04-01) initialised: dm-devel@redhat.com
[    4.935644] cpuidle: using governor ladder
[    4.936242] usbcore: registered new interface driver usbhid
[    4.936339] usbhid: v2.6:USB HID core driver
[    4.936492] random 0000 0000 0000 00000000 00000000: rand_read_num 4 get_random_bytes(136): sig 00000000 00000000 00000000
[    4.936494] random 0000 0000 0000 00000000 00000000: extract_entropy(.. 136 ..)
[    4.936497] random 0000 0000 0000 00000000 00000000: going to reseed nonblocking with 1024 bits (1088 of 0 requested)
[    4.936499] random 0000 0000 0000 00000000 00000000: extract_entropy(.. 128 ..)
[    4.936501] random 0000 0000 0000 00000000 00000000: trying to extract 1024 bits from input
[    4.936504] random 0000 0000 0000 00000000 00000000: debiting 0 entropy credits from input
[    4.936505] random 0000 0000 0000 00000000 00000000: extract_entropy account returned: 0 
[    4.936508] random 0000 0000 0000 00000000 00000000: urand_change_num 7 xfer_secondary_pool(136): pool_sig 00000000, data_sig 00000000, bytes_mixed 0 00000000 00000000
[    4.936511] random 0000 0000 0000 00000000 00000000: trying to extract 1088 bits from nonblocking
[    4.936514] random 0000 0000 0000 00000000 00000000: debiting 1088 entropy credits from nonblocking (unlimited)
[    4.936516] random 0000 0000 0000 00000000 00000000: extract_entropy account returned: 136 
[    4.936520] random 0000 0000 0000 00000000 00000000: urand_change_num 8 extract_buf: pool_sig 00000000, data_sig fffffff9, bytes_mixed 20 00000000 00000000
[    4.936526] random 0000 0000 0000 b7c35b56 be4dc95d: urand_change_num 9 extract_buf: pool_sig fffffd1e, data_sig 000000c5, bytes_mixed 20 b7c35b56 be4dc95d
[    4.936531] random 0000 0000 0000 ed9f5c47 c48487fb: urand_change_num 10 extract_buf: pool_sig fffff8ec, data_sig ffffff68, bytes_mixed 20 ed9f5c47 c48487fb
[    4.936536] random 0000 0000 0000 ed9f5c47 c48487fb: urand_change_num 11 extract_buf: pool_sig fffffaed, data_sig 000001aa, bytes_mixed 20 ed9f5c47 c48487fb
[    4.936541] random 0000 0000 0000 1b4f7c0a 91bd6a48: urand_change_num 12 extract_buf: pool_sig fffffdd8, data_sig 00000064, bytes_mixed 20 1b4f7c0a 91bd6a48
[    4.936547] random 0000 0000 0000 a254b9bc 20e9a24f: urand_change_num 13 extract_buf: pool_sig fffffbe6, data_sig 000001dd, bytes_mixed 20 a254b9bc 20e9a24f
[    4.936552] random 0000 0000 0000 a254b9bc 20e9a24f: urand_change_num 14 extract_buf: pool_sig fffff940, data_sig fffffe20, bytes_mixed 20 a254b9bc 20e9a24f
[    4.936557] random 0000 0000 0000 2831a66b 5fa2a3ad: urand_change_num 15 extract_buf: pool_sig fffffbce, data_sig 0000007e, bytes_mixed 20 2831a66b 5fa2a3ad
[    4.936562] random 0000 0000 0000 2831a66b 5fa2a3ad: urand_change_num 16 extract_buf: pool_sig 000004df, data_sig fffffe8f, bytes_mixed 20 2831a66b 5fa2a3ad
[    4.936568] random 0000 0000 0000 d4512bfd c9a54e0b: urand_change_num 17 extract_buf: pool_sig 00000485, data_sig fffffe68, bytes_mixed 20 d4512bfd c9a54e0b
[    4.936573] random 0000 0000 0000 c7371be6 f9ffea11: urand_change_num 18 extract_buf: pool_sig 00000095, data_sig ffffffed, bytes_mixed 20 c7371be6 f9ffea11
[    4.936578] random 0000 0000 0000 c7371be6 f9ffea11: urand_change_num 19 extract_buf: pool_sig 000003a7, data_sig fffffefa, bytes_mixed 20 c7371be6 f9ffea11
[    4.936583] random 0000 0000 0000 8fb4b62c d1ddba54: urand_change_num 20 extract_buf: pool_sig 00000179, data_sig ffffff78, bytes_mixed 20 8fb4b62c d1ddba54
[    4.936588] random 0000 0000 0000 9ff19f9c c07a1d2a: urand_change_num 21 extract_buf: pool_sig fffffe88, data_sig 00000126, bytes_mixed 20 9ff19f9c c07a1d2a
[    4.936592] TCP cubic registered
[    4.936677] Initializing XFRM netlink socket
[    4.936768] NET: Registered protocol family 17
[    4.936877] Using IPI Shortcut mode
[    4.936965] random 0000 0000 0000 9ff19f9c c07a1d2a: rand_read_num 5 get_random_bytes(8): sig 0000031b 9ff19f9c c07a1d2a
[    4.936968] random 0000 0000 0000 9ff19f9c c07a1d2a: extract_entropy(.. 8 ..)
[    4.936970] random 0000 0000 0000 9ff19f9c c07a1d2a: going to reseed nonblocking with 64 bits (64 of 0 requested)
[    4.936972] random 0000 0000 0000 9ff19f9c c07a1d2a: extract_entropy(.. 8 ..)
[    4.936974] random 0000 0000 0000 9ff19f9c c07a1d2a: trying to extract 64 bits from input
[    4.936976] random 0000 0000 0000 9ff19f9c c07a1d2a: debiting 0 entropy credits from input
[    4.936978] random 0000 0000 0000 9ff19f9c c07a1d2a: extract_entropy account returned: 0 
[    4.936981] random 0000 0000 0000 9ff19f9c c07a1d2a: urand_change_num 22 xfer_secondary_pool(8): pool_sig 0000031b, data_sig 00000000, bytes_mixed 0 9ff19f9c c07a1d2a
[    4.936984] random 0000 0000 0000 9ff19f9c c07a1d2a: trying to extract 64 bits from nonblocking
[    4.936986] random 0000 0000 0000 9ff19f9c c07a1d2a: debiting 64 entropy credits from nonblocking (unlimited)
[    4.936988] random 0000 0000 0000 9ff19f9c c07a1d2a: extract_entropy account returned: 8 
[    4.936992] random 0000 0000 0000 9ff19f9c c07a1d2a: urand_change_num 23 extract_buf: pool_sig 0000031b, data_sig ffffffb3, bytes_mixed 20 9ff19f9c c07a1d2a
[    4.939458] input: AT Translated Set 2 keyboard as /devices/platform/i8042/serio0/input/input1
[    5.129837] ata1: SATA link up 1.5 Gbps (SStatus 113 SControl 300)
[    5.130830] ata3: SATA link down (SStatus 0 SControl 300)
[    5.132793] ata1.00: ACPI cmd ef/02:00:00:00:00:a0 (SET FEATURES) succeeded
[    5.132796] ata1.00: ACPI cmd f5/00:00:00:00:00:a0 (SECURITY FREEZE LOCK) filtered out
[    5.134187] ata1.00: ACPI cmd ef/5f:00:00:00:00:a0 (SET FEATURES) succeeded
[    5.134190] ata1.00: ACPI cmd ef/10:03:00:00:00:a0 (SET FEATURES) filtered out
[    5.136097] ata1.00: ATA-7: ST910021AS, 4.06, max UDMA/100
[    5.136187] ata1.00: 195371568 sectors, multi 16: LBA48 
[    5.138335] ata1.00: ACPI cmd ef/02:00:00:00:00:a0 (SET FEATURES) succeeded
[    5.138338] ata1.00: ACPI cmd f5/00:00:00:00:00:a0 (SECURITY FREEZE LOCK) filtered out
[    5.139733] ata1.00: ACPI cmd ef/5f:00:00:00:00:a0 (SET FEATURES) succeeded
[    5.139735] ata1.00: ACPI cmd ef/10:03:00:00:00:a0 (SET FEATURES) filtered out
[    5.141656] ata1.00: configured for UDMA/100
[    5.151887] scsi 2:0:0:0: Direct-Access     ATA      ST910021AS       4.06 PQ: 0 ANSI: 5
[    5.152164] sd 2:0:0:0: [sda] 195371568 512-byte logical blocks: (100 GB/93.1 GiB)
[    5.152307] sd 2:0:0:0: [sda] Write Protect is off
[    5.152398] sd 2:0:0:0: [sda] Mode Sense: 00 3a 00 00
[    5.152410] sd 2:0:0:0: [sda] Write cache: enabled, read cache: enabled, doesn't support DPO or FUA
[    5.152597]  sda:
[    5.217822] usb 2-1: new high speed USB device using ehci_hcd and address 2
[    5.367110] usb 2-1: New USB device found, idVendor=0e8d, idProduct=1806
[    5.367203] usb 2-1: New USB device strings: Mfr=1, Product=2, SerialNumber=3
[    5.367286] usb 2-1: Product: MT1806 
[    5.367370] usb 2-1: Manufacturer: MediaTek Inc
[    5.367454] usb 2-1: SerialNumber: R8KN6GAC800AEB 
[    5.367592] usb 2-1: configuration #1 chosen from 1 choice
[    5.373904] scsi5 : SCSI emulation for USB Mass Storage devices
[    5.374069] usb-storage: device found at 2
[    5.374071] usb-storage: waiting for device to settle before scanning
[    5.572368]  sda1 sda2
[    5.573091] sd 2:0:0:0: [sda] Attached SCSI disk
[    5.573179] random 0000 0000 0000 277f73c3 42024bb9: rand_read_num 6 get_random_bytes(12): sig 000007e9 277f73c3 42024bb9
[    5.573182] random 0000 0000 0000 277f73c3 42024bb9: extract_entropy(.. 12 ..)
[    5.573184] random 0000 0000 0000 277f73c3 42024bb9: going to reseed nonblocking with 96 bits (96 of 0 requested)
[    5.573186] random 0000 0000 0000 277f73c3 42024bb9: extract_entropy(.. 12 ..)
[    5.573188] random 0000 0000 0000 277f73c3 42024bb9: trying to extract 96 bits from input
[    5.573190] random 0000 0000 0000 277f73c3 42024bb9: debiting 0 entropy credits from input
[    5.573192] random 0000 0000 0000 277f73c3 42024bb9: extract_entropy account returned: 0 
[    5.573195] random 0000 0000 0000 277f73c3 42024bb9: urand_change_num 24 xfer_secondary_pool(12): pool_sig 000007e9, data_sig 00000000, bytes_mixed 0 277f73c3 42024bb9
[    5.573198] random 0000 0000 0000 277f73c3 42024bb9: trying to extract 96 bits from nonblocking
[    5.573200] random 0000 0000 0000 277f73c3 42024bb9: debiting 96 entropy credits from nonblocking (unlimited)
[    5.573202] random 0000 0000 0000 277f73c3 42024bb9: extract_entropy account returned: 12 
[    5.573206] random 0000 0000 0000 277f73c3 42024bb9: urand_change_num 25 extract_buf: pool_sig 000007e9, data_sig 00000088, bytes_mixed 20 277f73c3 42024bb9
[    5.573212] random 0000 0000 0000 277f73c3 42024bb9: urand_change_num 26 extract_buf: pool_sig 00000498, data_sig fffffefb, bytes_mixed 20 277f73c3 42024bb9
[    5.573215] RANDOM - __seed init called.
[    5.573216] RANDOM - __seed init called.
[    5.573217] RANDOM - __seed init called.
[    5.573218] RANDOM - __random32 called. Change num 12.  Value: 87f14767	f0d7351	b1e48bd3
[    5.573220] RANDOM - random32_reseed called.  Value: 87f14767	f0d7351	b1e48bd3
[    5.573223] Pid: 1, comm: swapper Not tainted 2.6.32.57 #3
[    5.573313] Call Trace:
[    5.573404]  [<c1923ca4>] ? random32_reseed+0xa0/0xb1
[    5.573492]  [<c1923c04>] ? random32_reseed+0x0/0xb1
[    5.573578]  [<c100111e>] ? do_one_initcall+0x2e/0x180
[    5.573666]  [<c1907265>] ? kernel_init+0xad/0x103
[    5.573751]  [<c19071b8>] ? kernel_init+0x0/0x103
[    5.573835]  [<c1003787>] ? kernel_thread_helper+0x7/0x10
[    5.574362] random 0000 0000 0000 386b4e60 ee4d4880: rand_read_num 7 get_random_bytes(64): sig fffffea5 386b4e60 ee4d4880
[    5.574364] random 0000 0000 0000 386b4e60 ee4d4880: extract_entropy(.. 64 ..)
[    5.574366] random 0000 0000 0000 386b4e60 ee4d4880: going to reseed nonblocking with 512 bits (512 of 0 requested)
[    5.574369] random 0000 0000 0000 386b4e60 ee4d4880: extract_entropy(.. 64 ..)
[    5.574371] random 0000 0000 0000 386b4e60 ee4d4880: trying to extract 512 bits from input
[    5.574373] random 0000 0000 0000 386b4e60 ee4d4880: debiting 0 entropy credits from input
[    5.574375] random 0000 0000 0000 386b4e60 ee4d4880: extract_entropy account returned: 0 
[    5.574378] random 0000 0000 0000 386b4e60 ee4d4880: urand_change_num 27 xfer_secondary_pool(64): pool_sig fffffea5, data_sig 00000000, bytes_mixed 0 386b4e60 ee4d4880
[    5.574381] random 0000 0000 0000 386b4e60 ee4d4880: trying to extract 512 bits from nonblocking
[    5.574383] random 0000 0000 0000 386b4e60 ee4d4880: debiting 512 entropy credits from nonblocking (unlimited)
[    5.574385] random 0000 0000 0000 386b4e60 ee4d4880: extract_entropy account returned: 64 
[    5.574389] random 0000 0000 0000 386b4e60 ee4d4880: urand_change_num 28 extract_buf: pool_sig fffffea5, data_sig 00000173, bytes_mixed 20 386b4e60 ee4d4880
[    5.574394] random 0000 0000 0000 412698f6 0cc8689a: urand_change_num 29 extract_buf: pool_sig 00000122, data_sig ffffff63, bytes_mixed 20 412698f6 0cc8689a
[    5.574400] random 0000 0000 0000 412698f6 0cc8689a: urand_change_num 30 extract_buf: pool_sig 000001f7, data_sig 00000012, bytes_mixed 20 412698f6 0cc8689a
[    5.574405] random 0000 0000 0000 9669941e 06f768b1: urand_change_num 31 extract_buf: pool_sig fffffb5b, data_sig 0000003f, bytes_mixed 20 9669941e 06f768b1
[    5.574410] random 0000 0000 0000 98486520 995551f0: urand_change_num 32 extract_buf: pool_sig fffffb39, data_sig 0000000e, bytes_mixed 20 98486520 995551f0
[    5.574415] random 0000 0000 0000 98486520 995551f0: urand_change_num 33 extract_buf: pool_sig fffffd8d, data_sig 000001a6, bytes_mixed 20 98486520 995551f0
[    5.574421] random 0000 0000 0000 61fc8914 d5882ed2: urand_change_num 34 extract_buf: pool_sig fffffa58, data_sig 0000023e, bytes_mixed 20 61fc8914 d5882ed2
[    5.574450] random 0000 0000 0000 61fc8914 d5882ed2: rand_read_num 8 get_random_bytes(64): sig fffff9ee 61fc8914 d5882ed2
[    5.574452] random 0000 0000 0000 61fc8914 d5882ed2: extract_entropy(.. 64 ..)
[    5.574454] random 0000 0000 0000 61fc8914 d5882ed2: going to reseed nonblocking with 512 bits (512 of 0 requested)
[    5.574456] random 0000 0000 0000 61fc8914 d5882ed2: extract_entropy(.. 64 ..)
[    5.574458] random 0000 0000 0000 61fc8914 d5882ed2: trying to extract 512 bits from input
[    5.574460] random 0000 0000 0000 61fc8914 d5882ed2: debiting 0 entropy credits from input
[    5.574462] random 0000 0000 0000 61fc8914 d5882ed2: extract_entropy account returned: 0 
[    5.574465] random 0000 0000 0000 61fc8914 d5882ed2: urand_change_num 35 xfer_secondary_pool(64): pool_sig fffff9ee, data_sig 00000000, bytes_mixed 0 61fc8914 d5882ed2
[    5.574468] random 0000 0000 0000 61fc8914 d5882ed2: trying to extract 512 bits from nonblocking
[    5.574470] random 0000 0000 0000 61fc8914 d5882ed2: debiting 512 entropy credits from nonblocking (unlimited)
[    5.574473] random 0000 0000 0000 61fc8914 d5882ed2: extract_entropy account returned: 64 
[    5.574477] random 0000 0000 0000 61fc8914 d5882ed2: urand_change_num 36 extract_buf: pool_sig fffff9ee, data_sig ffffff85, bytes_mixed 20 61fc8914 d5882ed2
[    5.574482] random 0000 0000 0000 70cfd302 e5edec11: urand_change_num 37 extract_buf: pool_sig fffffdc1, data_sig ffffffde, bytes_mixed 20 70cfd302 e5edec11
[    5.574487] random 0000 0000 0000 00dab838 eafd2b30: urand_change_num 38 extract_buf: pool_sig 000003da, data_sig ffffff61, bytes_mixed 20 00dab838 eafd2b30
[    5.574492] random 0000 0000 0000 00dab838 eafd2b30: urand_change_num 39 extract_buf: pool_sig 00000314, data_sig 00000121, bytes_mixed 20 00dab838 eafd2b30
[    5.574497] random 0000 0000 0000 5fcdf66a 6442b608: urand_change_num 40 extract_buf: pool_sig 0000028b, data_sig fffffefd, bytes_mixed 20 5fcdf66a 6442b608
[    5.574502] random 0000 0000 0000 61333f6b 8fae0f9b: urand_change_num 41 extract_buf: pool_sig 000000cb, data_sig 000000b3, bytes_mixed 20 61333f6b 8fae0f9b
[    5.574508] random 0000 0000 0000 61333f6b 8fae0f9b: urand_change_num 42 extract_buf: pool_sig fffffef8, data_sig 00000051, bytes_mixed 20 61333f6b 8fae0f9b
[    5.574510] BEGIN NET_SECRET:
[    5.574511] \xffffffe0
[    5.574512] \xffffffb6
[    5.574513] \x36
[    5.574514] \xffffffb5
[    5.574515] \xffffff94
[    5.574516] \xffffffb2
[    5.574516] \xffffffa8
[    5.574517] \xffffffda
[    5.574518] \x5b
[    5.574519] \x19
[    5.574519] \x18
[    5.574520] \x5c
[    5.574521] \x2b
[    5.574522] \x1
[    5.574522] \xffffff90
[    5.574523] \x19
[    5.574524] \x3c
[    5.574524] \xfffffff2
[    5.574525] \xffffff82
[    5.574526] \x2a
[    5.574527] \xffffffb3
[    5.574528] \xffffffa2
[    5.574528] \x3f
[    5.574529] \x5
[    5.574530] \x52
[    5.574531] \x77
[    5.574531] \x57
[    5.574532] \x79
[    5.574533] \x16
[    5.574533] \x43
[    5.574534] \xffffff84
[    5.574535] \xffffffc3
[    5.574536] \xffffffe9
[    5.574537] \x79
[    5.574537] \x50
[    5.574538] \xffffff8e
[    5.574539] \x3f
[    5.574539] \xfffffff3
[    5.574540] \x19
[    5.574541] \x2a
[    5.574542] \xfffffffd
[    5.574542] \xfffffffb
[    5.574543] \x62
[    5.574544] \x3c
[    5.574545] \xffffffac
[    5.574546] \x1c
[    5.574546] \x3b
[    5.574547] \x3b
[    5.574548] \x15
[    5.574548] \x27
[    5.574549] \xffffffa8
[    5.574550] \x22
[    5.574551] \xffffffc5
[    5.574551] \xffffff9a
[    5.574552] \x5
[    5.574553] \x6c
[    5.574554] \xffffffa8
[    5.574554] \x3a
[    5.574555] \x44
[    5.574556] \xffffffaf
[    5.574556] \x13
[    5.574557] \xffffffe0
[    5.574558] \xffffff9d
[    5.574559] \x22
[    5.574559] 
[    5.574560] END NET_SECRET
[    5.574563] random 0000 0000 0000 e7f555d9 e8ce5c3c: rand_read_num 9 get_random_bytes(4): sig 0000068c e7f555d9 e8ce5c3c
[    5.574565] random 0000 0000 0000 e7f555d9 e8ce5c3c: extract_entropy(.. 4 ..)
[    5.574567] random 0000 0000 0000 e7f555d9 e8ce5c3c: going to reseed nonblocking with 64 bits (32 of 0 requested)
[    5.574569] random 0000 0000 0000 e7f555d9 e8ce5c3c: extract_entropy(.. 8 ..)
[    5.574571] random 0000 0000 0000 e7f555d9 e8ce5c3c: trying to extract 64 bits from input
[    5.574573] random 0000 0000 0000 e7f555d9 e8ce5c3c: debiting 0 entropy credits from input
[    5.574575] random 0000 0000 0000 e7f555d9 e8ce5c3c: extract_entropy account returned: 0 
[    5.574578] random 0000 0000 0000 e7f555d9 e8ce5c3c: urand_change_num 43 xfer_secondary_pool(4): pool_sig 0000068c, data_sig 00000000, bytes_mixed 0 e7f555d9 e8ce5c3c
[    5.574581] random 0000 0000 0000 e7f555d9 e8ce5c3c: trying to extract 32 bits from nonblocking
[    5.574583] random 0000 0000 0000 e7f555d9 e8ce5c3c: debiting 32 entropy credits from nonblocking (unlimited)
[    5.574585] random 0000 0000 0000 e7f555d9 e8ce5c3c: extract_entropy account returned: 4 
[    5.574589] random 0000 0000 0000 e7f555d9 e8ce5c3c: urand_change_num 44 extract_buf: pool_sig 0000068c, data_sig fffffdcb, bytes_mixed 20 e7f555d9 e8ce5c3c
[    5.574600] md: Waiting for all devices to be available before autodetect
[    5.574692] md: If you don't use raid, use raid=noautodetect
[    5.574861] md: Autodetecting RAID arrays.
[    5.574950] md: Scanned 0 and added 0 devices.
[    5.575033] md: autorun ...
[    5.575114] md: ... autorun DONE.
[    5.589825] EXT3-fs: sda2: couldn't mount because of unsupported optional features (240).
[    5.590056] EXT2-fs: sda2: couldn't mount because of unsupported optional features (240).
[    5.591325] random 0000 0000 0000 e7f555d9 e8ce5c3c: rand_read_num 10 get_random_bytes(4): sig ffffff72 e7f555d9 e8ce5c3c
[    5.591328] random 0000 0000 0000 e7f555d9 e8ce5c3c: extract_entropy(.. 4 ..)
[    5.591330] random 0000 0000 0000 e7f555d9 e8ce5c3c: going to reseed nonblocking with 64 bits (32 of 0 requested)
[    5.591333] random 0000 0000 0000 e7f555d9 e8ce5c3c: extract_entropy(.. 8 ..)
[    5.591335] random 0000 0000 0000 e7f555d9 e8ce5c3c: trying to extract 64 bits from input
[    5.591337] random 0000 0000 0000 e7f555d9 e8ce5c3c: debiting 0 entropy credits from input
[    5.591339] random 0000 0000 0000 e7f555d9 e8ce5c3c: extract_entropy account returned: 0 
[    5.591342] random 0000 0000 0000 e7f555d9 e8ce5c3c: urand_change_num 45 xfer_secondary_pool(4): pool_sig ffffff72, data_sig 00000000, bytes_mixed 0 e7f555d9 e8ce5c3c
[    5.591345] random 0000 0000 0000 e7f555d9 e8ce5c3c: trying to extract 32 bits from nonblocking
[    5.591347] random 0000 0000 0000 e7f555d9 e8ce5c3c: debiting 32 entropy credits from nonblocking (unlimited)
[    5.591349] random 0000 0000 0000 e7f555d9 e8ce5c3c: extract_entropy account returned: 4 
[    5.591353] random 0000 0000 0000 e7f555d9 e8ce5c3c: urand_change_num 46 extract_buf: pool_sig ffffff72, data_sig ffffff72, bytes_mixed 20 e7f555d9 e8ce5c3c
[    5.626482] EXT4-fs (sda2): mounted filesystem with ordered data mode
[    5.626691] VFS: Mounted root (ext4 filesystem) readonly on device 8:2.
[    5.626800] Freeing unused kernel memory: 448k freed
[    5.697127] random 0000 0000 0000 91716c54 eeb6a1e7: rand_read_num 11 get_random_bytes(16): sig fffffcad 91716c54 eeb6a1e7
[    5.697129] random 0000 0000 0000 91716c54 eeb6a1e7: extract_entropy(.. 16 ..)
[    5.697132] random 0000 0000 0000 91716c54 eeb6a1e7: going to reseed nonblocking with 128 bits (128 of 0 requested)
[    5.697134] random 0000 0000 0000 91716c54 eeb6a1e7: extract_entropy(.. 16 ..)
[    5.697136] random 0000 0000 0000 91716c54 eeb6a1e7: trying to extract 128 bits from input
[    5.697138] random 0000 0000 0000 91716c54 eeb6a1e7: debiting 0 entropy credits from input
[    5.697140] random 0000 0000 0000 91716c54 eeb6a1e7: extract_entropy account returned: 0 
[    5.697143] random 0000 0000 0000 91716c54 eeb6a1e7: urand_change_num 47 xfer_secondary_pool(16): pool_sig fffffcad, data_sig 00000000, bytes_mixed 0 91716c54 eeb6a1e7
[    5.697146] random 0000 0000 0000 91716c54 eeb6a1e7: trying to extract 128 bits from nonblocking
[    5.697148] random 0000 0000 0000 91716c54 eeb6a1e7: debiting 128 entropy credits from nonblocking (unlimited)
[    5.697150] random 0000 0000 0000 91716c54 eeb6a1e7: extract_entropy account returned: 16 
[    5.697154] random 0000 0000 0000 91716c54 eeb6a1e7: urand_change_num 48 extract_buf: pool_sig fffffcad, data_sig ffffff19, bytes_mixed 20 91716c54 eeb6a1e7
[    5.697160] random 0000 0000 0000 fd637b06 6cf47bc1: urand_change_num 49 extract_buf: pool_sig fffffede, data_sig ffffffc1, bytes_mixed 20 fd637b06 6cf47bc1
[    5.775552] random 0000 0000 0000 fd637b06 6cf47bc1: rand_read_num 12 get_random_bytes(16): sig 0000033b fd637b06 6cf47bc1
[    5.775555] random 0000 0000 0000 fd637b06 6cf47bc1: extract_entropy(.. 16 ..)
[    5.775558] random 0000 0000 0000 fd637b06 6cf47bc1: going to reseed nonblocking with 128 bits (128 of 0 requested)
[    5.775560] random 0000 0000 0000 fd637b06 6cf47bc1: extract_entropy(.. 16 ..)
[    5.775562] random 0000 0000 0000 fd637b06 6cf47bc1: trying to extract 128 bits from input
[    5.775564] random 0000 0000 0000 fd637b06 6cf47bc1: debiting 0 entropy credits from input
[    5.775566] random 0000 0000 0000 fd637b06 6cf47bc1: extract_entropy account returned: 0 
[    5.775569] random 0000 0000 0000 fd637b06 6cf47bc1: urand_change_num 50 xfer_secondary_pool(16): pool_sig 0000033b, data_sig 00000000, bytes_mixed 0 fd637b06 6cf47bc1
[    5.775572] random 0000 0000 0000 fd637b06 6cf47bc1: trying to extract 128 bits from nonblocking
[    5.775575] random 0000 0000 0000 fd637b06 6cf47bc1: debiting 128 entropy credits from nonblocking (unlimited)
[    5.775577] random 0000 0000 0000 fd637b06 6cf47bc1: extract_entropy account returned: 16 
[    5.775581] random 0000 0000 0000 fd637b06 6cf47bc1: urand_change_num 51 extract_buf: pool_sig 0000033b, data_sig 000000d8, bytes_mixed 20 fd637b06 6cf47bc1
[    5.775586] random 0000 0000 0000 0ec1f012 d4727ca8: urand_change_num 52 extract_buf: pool_sig fffffcf5, data_sig 00000016, bytes_mixed 20 0ec1f012 d4727ca8
[    6.141911] ieee1394: Host added: ID:BUS[0-00:1023]  GUID[00061b032a25f51c]
[    6.149487] random 0000 0000 0000 45b1d0b1 845a73f7: rand_read_num 13 get_random_bytes(16): sig 00000116 45b1d0b1 845a73f7
[    6.149490] random 0000 0000 0000 45b1d0b1 845a73f7: extract_entropy(.. 16 ..)
[    6.149492] random 0000 0000 0000 45b1d0b1 845a73f7: going to reseed nonblocking with 128 bits (128 of 0 requested)
[    6.149495] random 0000 0000 0000 45b1d0b1 845a73f7: extract_entropy(.. 16 ..)
[    6.149497] random 0000 0000 0000 45b1d0b1 845a73f7: trying to extract 128 bits from input
[    6.149499] random 0000 0000 0000 45b1d0b1 845a73f7: debiting 0 entropy credits from input
[    6.149501] random 0000 0000 0000 45b1d0b1 845a73f7: extract_entropy account returned: 0 
[    6.149504] random 0000 0000 0000 45b1d0b1 845a73f7: urand_change_num 53 xfer_secondary_pool(16): pool_sig 00000116, data_sig 00000000, bytes_mixed 0 45b1d0b1 845a73f7
[    6.149507] random 0000 0000 0000 45b1d0b1 845a73f7: trying to extract 128 bits from nonblocking
[    6.149509] random 0000 0000 0000 45b1d0b1 845a73f7: debiting 128 entropy credits from nonblocking (unlimited)
[    6.149512] random 0000 0000 0000 45b1d0b1 845a73f7: extract_entropy account returned: 16 
[    6.149516] random 0000 0000 0000 45b1d0b1 845a73f7: urand_change_num 54 extract_buf: pool_sig 00000116, data_sig fffffd8b, bytes_mixed 20 45b1d0b1 845a73f7
[    6.149521] random 0000 0000 0000 45b1d0b1 845a73f7: urand_change_num 55 extract_buf: pool_sig fffffc05, data_sig 00000109, bytes_mixed 20 45b1d0b1 845a73f7
[    6.193668] random 0000 0000 0000 5012cce3 b8a30621: rand_read_num 14 get_random_bytes(16): sig fffffb93 5012cce3 b8a30621
[    6.193671] random 0000 0000 0000 5012cce3 b8a30621: extract_entropy(.. 16 ..)
[    6.193673] random 0000 0000 0000 5012cce3 b8a30621: going to reseed nonblocking with 128 bits (128 of 0 requested)
[    6.193676] random 0000 0000 0000 5012cce3 b8a30621: extract_entropy(.. 16 ..)
[    6.193678] random 0000 0000 0000 5012cce3 b8a30621: trying to extract 128 bits from input
[    6.193680] random 0000 0000 0000 5012cce3 b8a30621: debiting 0 entropy credits from input
[    6.193682] random 0000 0000 0000 5012cce3 b8a30621: extract_entropy account returned: 0 
[    6.193685] random 0000 0000 0000 5012cce3 b8a30621: urand_change_num 56 xfer_secondary_pool(16): pool_sig fffffb93, data_sig 00000000, bytes_mixed 0 5012cce3 b8a30621
[    6.193688] random 0000 0000 0000 5012cce3 b8a30621: trying to extract 128 bits from nonblocking
[    6.193690] random 0000 0000 0000 5012cce3 b8a30621: debiting 128 entropy credits from nonblocking (unlimited)
[    6.193692] random 0000 0000 0000 5012cce3 b8a30621: extract_entropy account returned: 16 
[    6.193696] random 0000 0000 0000 5012cce3 b8a30621: urand_change_num 57 extract_buf: pool_sig fffffb93, data_sig ffffff35, bytes_mixed 20 5012cce3 b8a30621
[    6.193702] random 0000 0000 0000 5012cce3 b8a30621: urand_change_num 58 extract_buf: pool_sig fffffb9d, data_sig ffffff92, bytes_mixed 20 5012cce3 b8a30621
[    6.195066] random 0000 0000 0000 30a5721d 4b648ff6: rand_read_num 15 get_random_bytes(16): sig fffffeb5 30a5721d 4b648ff6
[    6.195069] random 0000 0000 0000 30a5721d 4b648ff6: extract_entropy(.. 16 ..)
[    6.195071] random 0000 0000 0000 30a5721d 4b648ff6: going to reseed nonblocking with 128 bits (128 of 0 requested)
[    6.195074] random 0000 0000 0000 30a5721d 4b648ff6: extract_entropy(.. 16 ..)
[    6.195076] random 0000 0000 0000 30a5721d 4b648ff6: trying to extract 128 bits from input
[    6.195078] random 0000 0000 0000 30a5721d 4b648ff6: debiting 0 entropy credits from input
[    6.195080] random 0000 0000 0000 30a5721d 4b648ff6: extract_entropy account returned: 0 
[    6.195083] random 0000 0000 0000 30a5721d 4b648ff6: urand_change_num 59 xfer_secondary_pool(16): pool_sig fffffeb5, data_sig 00000000, bytes_mixed 0 30a5721d 4b648ff6
[    6.195086] random 0000 0000 0000 30a5721d 4b648ff6: trying to extract 128 bits from nonblocking
[    6.195088] random 0000 0000 0000 30a5721d 4b648ff6: debiting 128 entropy credits from nonblocking (unlimited)
[    6.195091] random 0000 0000 0000 30a5721d 4b648ff6: extract_entropy account returned: 16 
[    6.195095] random 0000 0000 0000 30a5721d 4b648ff6: urand_change_num 60 extract_buf: pool_sig fffffeb5, data_sig 000000c2, bytes_mixed 20 30a5721d 4b648ff6
[    6.195100] random 0000 0000 0000 89bae1ab 704c432f: urand_change_num 61 extract_buf: pool_sig 0000006e, data_sig fffffefc, bytes_mixed 20 89bae1ab 704c432f
[    6.195648] random 0000 0000 0000 89bae1ab 704c432f: rand_read_num 16 get_random_bytes(16): sig fffffd99 89bae1ab 704c432f
[    6.195651] random 0000 0000 0000 89bae1ab 704c432f: extract_entropy(.. 16 ..)
[    6.195654] random 0000 0000 0000 89bae1ab 704c432f: going to reseed nonblocking with 128 bits (128 of 0 requested)
[    6.195656] random 0000 0000 0000 89bae1ab 704c432f: extract_entropy(.. 16 ..)
[    6.195658] random 0000 0000 0000 89bae1ab 704c432f: trying to extract 128 bits from input
[    6.195660] random 0000 0000 0000 89bae1ab 704c432f: debiting 0 entropy credits from input
[    6.195662] random 0000 0000 0000 89bae1ab 704c432f: extract_entropy account returned: 0 
[    6.195665] random 0000 0000 0000 89bae1ab 704c432f: urand_change_num 62 xfer_secondary_pool(16): pool_sig fffffd99, data_sig 00000000, bytes_mixed 0 89bae1ab 704c432f
[    6.195668] random 0000 0000 0000 89bae1ab 704c432f: trying to extract 128 bits from nonblocking
[    6.195670] random 0000 0000 0000 89bae1ab 704c432f: debiting 128 entropy credits from nonblocking (unlimited)
[    6.195673] random 0000 0000 0000 89bae1ab 704c432f: extract_entropy account returned: 16 
[    6.195677] random 0000 0000 0000 89bae1ab 704c432f: urand_change_num 63 extract_buf: pool_sig fffffd99, data_sig 00000204, bytes_mixed 20 89bae1ab 704c432f
[    6.195682] random 0000 0000 0000 6c298a02 2b1539f8: urand_change_num 64 extract_buf: pool_sig 00000124, data_sig fffffff5, bytes_mixed 20 6c298a02 2b1539f8
[    6.196581] random 0000 0000 0000 c77b8b35 70f6cab5: rand_read_num 17 get_random_bytes(16): sig 0000036b c77b8b35 70f6cab5
[    6.196584] random 0000 0000 0000 c77b8b35 70f6cab5: extract_entropy(.. 16 ..)
[    6.196586] random 0000 0000 0000 c77b8b35 70f6cab5: going to reseed nonblocking with 128 bits (128 of 0 requested)
[    6.196589] random 0000 0000 0000 c77b8b35 70f6cab5: extract_entropy(.. 16 ..)
[    6.196591] random 0000 0000 0000 c77b8b35 70f6cab5: trying to extract 128 bits from input
[    6.196593] random 0000 0000 0000 c77b8b35 70f6cab5: debiting 0 entropy credits from input
[    6.196595] random 0000 0000 0000 c77b8b35 70f6cab5: extract_entropy account returned: 0 
[    6.196598] random 0000 0000 0000 c77b8b35 70f6cab5: urand_change_num 65 xfer_secondary_pool(16): pool_sig 0000036b, data_sig 00000000, bytes_mixed 0 c77b8b35 70f6cab5
[    6.196601] random 0000 0000 0000 c77b8b35 70f6cab5: trying to extract 128 bits from nonblocking
[    6.196603] random 0000 0000 0000 c77b8b35 70f6cab5: debiting 128 entropy credits from nonblocking (unlimited)
[    6.196605] random 0000 0000 0000 c77b8b35 70f6cab5: extract_entropy account returned: 16 
[    6.196610] random 0000 0000 0000 c77b8b35 70f6cab5: urand_change_num 66 extract_buf: pool_sig 0000036b, data_sig 0000005f, bytes_mixed 20 c77b8b35 70f6cab5
[    6.196615] random 0000 0000 0000 c77b8b35 70f6cab5: urand_change_num 67 extract_buf: pool_sig ffffff1c, data_sig 0000005a, bytes_mixed 20 c77b8b35 70f6cab5
[    6.197206] random 0000 0000 0000 af21d212 57d20ca3: rand_read_num 18 get_random_bytes(16): sig fffffb7f af21d212 57d20ca3
[    6.197208] random 0000 0000 0000 af21d212 57d20ca3: extract_entropy(.. 16 ..)
[    6.197211] random 0000 0000 0000 af21d212 57d20ca3: going to reseed nonblocking with 128 bits (128 of 0 requested)
[    6.197213] random 0000 0000 0000 af21d212 57d20ca3: extract_entropy(.. 16 ..)
[    6.197215] random 0000 0000 0000 af21d212 57d20ca3: trying to extract 128 bits from input
[    6.197217] random 0000 0000 0000 af21d212 57d20ca3: debiting 0 entropy credits from input
[    6.197219] random 0000 0000 0000 af21d212 57d20ca3: extract_entropy account returned: 0 
[    6.197223] random 0000 0000 0000 af21d212 57d20ca3: urand_change_num 68 xfer_secondary_pool(16): pool_sig fffffb7f, data_sig 00000000, bytes_mixed 0 af21d212 57d20ca3
[    6.197226] random 0000 0000 0000 af21d212 57d20ca3: trying to extract 128 bits from nonblocking
[    6.197228] random 0000 0000 0000 af21d212 57d20ca3: debiting 128 entropy credits from nonblocking (unlimited)
[    6.197230] random 0000 0000 0000 af21d212 57d20ca3: extract_entropy account returned: 16 
[    6.197234] random 0000 0000 0000 af21d212 57d20ca3: urand_change_num 69 extract_buf: pool_sig fffffb7f, data_sig ffffff88, bytes_mixed 20 af21d212 57d20ca3
[    6.197239] random 0000 0000 0000 af21d212 57d20ca3: urand_change_num 70 extract_buf: pool_sig fffffe1d, data_sig ffffff17, bytes_mixed 20 af21d212 57d20ca3
[    6.197832] random 0000 0000 0000 ffbd26fd 21933274: rand_read_num 19 get_random_bytes(16): sig ffffffc7 ffbd26fd 21933274
[    6.197835] random 0000 0000 0000 ffbd26fd 21933274: extract_entropy(.. 16 ..)
[    6.197837] random 0000 0000 0000 ffbd26fd 21933274: going to reseed nonblocking with 128 bits (128 of 0 requested)
[    6.197840] random 0000 0000 0000 ffbd26fd 21933274: extract_entropy(.. 16 ..)
[    6.197842] random 0000 0000 0000 ffbd26fd 21933274: trying to extract 128 bits from input
[    6.197844] random 0000 0000 0000 ffbd26fd 21933274: debiting 0 entropy credits from input
[    6.197846] random 0000 0000 0000 ffbd26fd 21933274: extract_entropy account returned: 0 
[    6.197849] random 0000 0000 0000 ffbd26fd 21933274: urand_change_num 71 xfer_secondary_pool(16): pool_sig ffffffc7, data_sig 00000000, bytes_mixed 0 ffbd26fd 21933274
[    6.197852] random 0000 0000 0000 ffbd26fd 21933274: trying to extract 128 bits from nonblocking
[    6.197854] random 0000 0000 0000 ffbd26fd 21933274: debiting 128 entropy credits from nonblocking (unlimited)
[    6.197856] random 0000 0000 0000 ffbd26fd 21933274: extract_entropy account returned: 16 
[    6.197860] random 0000 0000 0000 ffbd26fd 21933274: urand_change_num 72 extract_buf: pool_sig ffffffc7, data_sig 0000013b, bytes_mixed 20 ffbd26fd 21933274
[    6.197866] random 0000 0000 0000 151530a2 56c65dd3: urand_change_num 73 extract_buf: pool_sig ffffffbf, data_sig 00000036, bytes_mixed 20 151530a2 56c65dd3
[    6.198417] random 0000 0000 0000 151530a2 56c65dd3: rand_read_num 20 get_random_bytes(16): sig 000001a7 151530a2 56c65dd3
[    6.198419] random 0000 0000 0000 151530a2 56c65dd3: extract_entropy(.. 16 ..)
[    6.198422] random 0000 0000 0000 151530a2 56c65dd3: going to reseed nonblocking with 128 bits (128 of 0 requested)
[    6.198424] random 0000 0000 0000 151530a2 56c65dd3: extract_entropy(.. 16 ..)
[    6.198426] random 0000 0000 0000 151530a2 56c65dd3: trying to extract 128 bits from input
[    6.198428] random 0000 0000 0000 151530a2 56c65dd3: debiting 0 entropy credits from input
[    6.198430] random 0000 0000 0000 151530a2 56c65dd3: extract_entropy account returned: 0 
[    6.198434] random 0000 0000 0000 151530a2 56c65dd3: urand_change_num 74 xfer_secondary_pool(16): pool_sig 000001a7, data_sig 00000000, bytes_mixed 0 151530a2 56c65dd3
[    6.198436] random 0000 0000 0000 151530a2 56c65dd3: trying to extract 128 bits from nonblocking
[    6.198439] random 0000 0000 0000 151530a2 56c65dd3: debiting 128 entropy credits from nonblocking (unlimited)
[    6.198441] random 0000 0000 0000 151530a2 56c65dd3: extract_entropy account returned: 16 
[    6.198445] random 0000 0000 0000 151530a2 56c65dd3: urand_change_num 75 extract_buf: pool_sig 000001a7, data_sig ffffffa1, bytes_mixed 20 151530a2 56c65dd3
[    6.198450] random 0000 0000 0000 5d3e132e d9a77eb3: urand_change_num 76 extract_buf: pool_sig fffffcc9, data_sig 00000013, bytes_mixed 20 5d3e132e d9a77eb3
[    6.249483] random 0000 0000 0000 264837ad 0a28fef5: rand_read_num 21 get_random_bytes(16): sig ffffffd0 264837ad 0a28fef5
[    6.249486] random 0000 0000 0000 264837ad 0a28fef5: extract_entropy(.. 16 ..)
[    6.249488] random 0000 0000 0000 264837ad 0a28fef5: going to reseed nonblocking with 128 bits (128 of 0 requested)
[    6.249491] random 0000 0000 0000 264837ad 0a28fef5: extract_entropy(.. 16 ..)
[    6.249493] random 0000 0000 0000 264837ad 0a28fef5: trying to extract 128 bits from input
[    6.249495] random 0000 0000 0000 264837ad 0a28fef5: debiting 0 entropy credits from input
[    6.249497] random 0000 0000 0000 264837ad 0a28fef5: extract_entropy account returned: 0 
[    6.249500] random 0000 0000 0000 264837ad 0a28fef5: urand_change_num 77 xfer_secondary_pool(16): pool_sig ffffffd0, data_sig 00000000, bytes_mixed 0 264837ad 0a28fef5
[    6.249503] random 0000 0000 0000 264837ad 0a28fef5: trying to extract 128 bits from nonblocking
[    6.249506] random 0000 0000 0000 264837ad 0a28fef5: debiting 128 entropy credits from nonblocking (unlimited)
[    6.249508] random 0000 0000 0000 264837ad 0a28fef5: extract_entropy account returned: 16 
[    6.249512] random 0000 0000 0000 264837ad 0a28fef5: urand_change_num 78 extract_buf: pool_sig ffffffd0, data_sig 0000017b, bytes_mixed 20 264837ad 0a28fef5
[    6.249517] random 0000 0000 0000 264837ad 0a28fef5: urand_change_num 79 extract_buf: pool_sig 0000045c, data_sig 000001df, bytes_mixed 20 264837ad 0a28fef5
[    6.250972] random 0000 0000 0000 f37f7344 164aede0: rand_read_num 22 get_random_bytes(16): sig 000003c2 f37f7344 164aede0
[    6.250975] random 0000 0000 0000 f37f7344 164aede0: extract_entropy(.. 16 ..)
[    6.250977] random 0000 0000 0000 f37f7344 164aede0: going to reseed nonblocking with 128 bits (128 of 0 requested)
[    6.250980] random 0000 0000 0000 f37f7344 164aede0: extract_entropy(.. 16 ..)
[    6.250982] random 0000 0000 0000 f37f7344 164aede0: trying to extract 128 bits from input
[    6.250984] random 0000 0000 0000 f37f7344 164aede0: debiting 0 entropy credits from input
[    6.250986] random 0000 0000 0000 f37f7344 164aede0: extract_entropy account returned: 0 
[    6.250989] random 0000 0000 0000 f37f7344 164aede0: urand_change_num 80 xfer_secondary_pool(16): pool_sig 000003c2, data_sig 00000000, bytes_mixed 0 f37f7344 164aede0
[    6.250992] random 0000 0000 0000 f37f7344 164aede0: trying to extract 128 bits from nonblocking
[    6.250994] random 0000 0000 0000 f37f7344 164aede0: debiting 128 entropy credits from nonblocking (unlimited)
[    6.250996] random 0000 0000 0000 f37f7344 164aede0: extract_entropy account returned: 16 
[    6.251000] random 0000 0000 0000 f37f7344 164aede0: urand_change_num 81 extract_buf: pool_sig 000003c2, data_sig ffffff6c, bytes_mixed 20 f37f7344 164aede0
[    6.251006] random 0000 0000 0000 f37f7344 164aede0: urand_change_num 82 extract_buf: pool_sig fffffdfc, data_sig 00000091, bytes_mixed 20 f37f7344 164aede0
[    6.273781] random 0000 0000 0000 a4794863 878070c1: rand_read_num 23 get_random_bytes(16): sig 0000011b a4794863 878070c1
[    6.273784] random 0000 0000 0000 a4794863 878070c1: extract_entropy(.. 16 ..)
[    6.273787] random 0000 0000 0000 a4794863 878070c1: going to reseed nonblocking with 128 bits (128 of 0 requested)
[    6.273789] random 0000 0000 0000 a4794863 878070c1: extract_entropy(.. 16 ..)
[    6.273791] random 0000 0000 0000 a4794863 878070c1: trying to extract 128 bits from input
[    6.273793] random 0000 0000 0000 a4794863 878070c1: debiting 0 entropy credits from input
[    6.273795] random 0000 0000 0000 a4794863 878070c1: extract_entropy account returned: 0 
[    6.273798] random 0000 0000 0000 a4794863 878070c1: urand_change_num 83 xfer_secondary_pool(16): pool_sig 0000011b, data_sig 00000000, bytes_mixed 0 a4794863 878070c1
[    6.273801] random 0000 0000 0000 a4794863 878070c1: trying to extract 128 bits from nonblocking
[    6.273803] random 0000 0000 0000 a4794863 878070c1: debiting 128 entropy credits from nonblocking (unlimited)
[    6.273809] random 0000 0000 0000 a4794863 878070c1: extract_entropy account returned: 16 
[    6.273813] random 0000 0000 0000 a4794863 878070c1: urand_change_num 84 extract_buf: pool_sig 0000011b, data_sig ffffff51, bytes_mixed 20 a4794863 878070c1
[    6.273819] random 0000 0000 0000 737f19b4 9417d8ab: urand_change_num 85 extract_buf: pool_sig 000001a3, data_sig 0000006c, bytes_mixed 20 737f19b4 9417d8ab
[    6.277882] random 0000 0000 0000 737f19b4 9417d8ab: rand_read_num 24 get_random_bytes(16): sig fffffe22 737f19b4 9417d8ab
[    6.277884] random 0000 0000 0000 737f19b4 9417d8ab: extract_entropy(.. 16 ..)
[    6.277887] random 0000 0000 0000 737f19b4 9417d8ab: going to reseed nonblocking with 128 bits (128 of 0 requested)
[    6.277889] random 0000 0000 0000 737f19b4 9417d8ab: extract_entropy(.. 16 ..)
[    6.277891] random 0000 0000 0000 737f19b4 9417d8ab: trying to extract 128 bits from input
[    6.277893] random 0000 0000 0000 737f19b4 9417d8ab: debiting 0 entropy credits from input
[    6.277895] random 0000 0000 0000 737f19b4 9417d8ab: extract_entropy account returned: 0 
[    6.277898] random 0000 0000 0000 737f19b4 9417d8ab: urand_change_num 86 xfer_secondary_pool(16): pool_sig fffffe22, data_sig 00000000, bytes_mixed 0 737f19b4 9417d8ab
[    6.277901] random 0000 0000 0000 737f19b4 9417d8ab: trying to extract 128 bits from nonblocking
[    6.277904] random 0000 0000 0000 737f19b4 9417d8ab: debiting 128 entropy credits from nonblocking (unlimited)
[    6.277906] random 0000 0000 0000 737f19b4 9417d8ab: extract_entropy account returned: 16 
[    6.277910] random 0000 0000 0000 737f19b4 9417d8ab: urand_change_num 87 extract_buf: pool_sig fffffe22, data_sig 00000230, bytes_mixed 20 737f19b4 9417d8ab
[    6.277915] random 0000 0000 0000 4deb0d06 1236af4c: urand_change_num 88 extract_buf: pool_sig 000000b6, data_sig ffffff44, bytes_mixed 20 4deb0d06 1236af4c
[    6.278907] random 0000 0000 0000 b538fadc 4a7613df: rand_read_num 25 get_random_bytes(16): sig 0000013c b538fadc 4a7613df
[    6.278910] random 0000 0000 0000 b538fadc 4a7613df: extract_entropy(.. 16 ..)
[    6.278912] random 0000 0000 0000 b538fadc 4a7613df: going to reseed nonblocking with 128 bits (128 of 0 requested)
[    6.278915] random 0000 0000 0000 b538fadc 4a7613df: extract_entropy(.. 16 ..)
[    6.278917] random 0000 0000 0000 b538fadc 4a7613df: trying to extract 128 bits from input
[    6.278919] random 0000 0000 0000 b538fadc 4a7613df: debiting 0 entropy credits from input
[    6.278921] random 0000 0000 0000 b538fadc 4a7613df: extract_entropy account returned: 0 
[    6.278924] random 0000 0000 0000 b538fadc 4a7613df: urand_change_num 89 xfer_secondary_pool(16): pool_sig 0000013c, data_sig 00000000, bytes_mixed 0 b538fadc 4a7613df
[    6.278927] random 0000 0000 0000 b538fadc 4a7613df: trying to extract 128 bits from nonblocking
[    6.278929] random 0000 0000 0000 b538fadc 4a7613df: debiting 128 entropy credits from nonblocking (unlimited)
[    6.278931] random 0000 0000 0000 b538fadc 4a7613df: extract_entropy account returned: 16 
[    6.278936] random 0000 0000 0000 b538fadc 4a7613df: urand_change_num 90 extract_buf: pool_sig 0000013c, data_sig 00000015, bytes_mixed 20 b538fadc 4a7613df
[    6.278941] random 0000 0000 0000 b538fadc 4a7613df: urand_change_num 91 extract_buf: pool_sig 00000452, data_sig 0000002b, bytes_mixed 20 b538fadc 4a7613df
[    6.279389] random 0000 0000 0000 73b17df4 93bb370e: rand_read_num 26 get_random_bytes(16): sig fffffbf1 73b17df4 93bb370e
[    6.279392] random 0000 0000 0000 73b17df4 93bb370e: extract_entropy(.. 16 ..)
[    6.279395] random 0000 0000 0000 73b17df4 93bb370e: going to reseed nonblocking with 128 bits (128 of 0 requested)
[    6.279397] random 0000 0000 0000 73b17df4 93bb370e: extract_entropy(.. 16 ..)
[    6.279399] random 0000 0000 0000 73b17df4 93bb370e: trying to extract 128 bits from input
[    6.279401] random 0000 0000 0000 73b17df4 93bb370e: debiting 0 entropy credits from input
[    6.279403] random 0000 0000 0000 73b17df4 93bb370e: extract_entropy account returned: 0 
[    6.279406] random 0000 0000 0000 73b17df4 93bb370e: urand_change_num 92 xfer_secondary_pool(16): pool_sig fffffbf1, data_sig 00000000, bytes_mixed 0 73b17df4 93bb370e
[    6.279409] random 0000 0000 0000 73b17df4 93bb370e: trying to extract 128 bits from nonblocking
[    6.279411] random 0000 0000 0000 73b17df4 93bb370e: debiting 128 entropy credits from nonblocking (unlimited)
[    6.279414] random 0000 0000 0000 73b17df4 93bb370e: extract_entropy account returned: 16 
[    6.279418] random 0000 0000 0000 73b17df4 93bb370e: urand_change_num 93 extract_buf: pool_sig fffffbf1, data_sig ffffff99, bytes_mixed 20 73b17df4 93bb370e
[    6.279423] random 0000 0000 0000 73b17df4 93bb370e: urand_change_num 94 extract_buf: pool_sig fffffe1d, data_sig 000000b0, bytes_mixed 20 73b17df4 93bb370e
[    6.279837] random 0000 0000 0000 0cd682bb ba04da9f: rand_read_num 27 get_random_bytes(16): sig fffffccb 0cd682bb ba04da9f
[    6.279840] random 0000 0000 0000 0cd682bb ba04da9f: extract_entropy(.. 16 ..)
[    6.279842] random 0000 0000 0000 0cd682bb ba04da9f: going to reseed nonblocking with 128 bits (128 of 0 requested)
[    6.279845] random 0000 0000 0000 0cd682bb ba04da9f: extract_entropy(.. 16 ..)
[    6.279847] random 0000 0000 0000 0cd682bb ba04da9f: trying to extract 128 bits from input
[    6.279849] random 0000 0000 0000 0cd682bb ba04da9f: debiting 0 entropy credits from input
[    6.279851] random 0000 0000 0000 0cd682bb ba04da9f: extract_entropy account returned: 0 
[    6.279854] random 0000 0000 0000 0cd682bb ba04da9f: urand_change_num 95 xfer_secondary_pool(16): pool_sig fffffccb, data_sig 00000000, bytes_mixed 0 0cd682bb ba04da9f
[    6.279857] random 0000 0000 0000 0cd682bb ba04da9f: trying to extract 128 bits from nonblocking
[    6.279860] random 0000 0000 0000 0cd682bb ba04da9f: debiting 128 entropy credits from nonblocking (unlimited)
[    6.279862] random 0000 0000 0000 0cd682bb ba04da9f: extract_entropy account returned: 16 
[    6.279866] random 0000 0000 0000 0cd682bb ba04da9f: urand_change_num 96 extract_buf: pool_sig fffffccb, data_sig fffffec5, bytes_mixed 20 0cd682bb ba04da9f
[    6.279871] random 0000 0000 0000 26929f1a 15254dc1: urand_change_num 97 extract_buf: pool_sig fffffed2, data_sig ffffffb1, bytes_mixed 20 26929f1a 15254dc1
[    6.280742] random 0000 0000 0000 26929f1a 15254dc1: rand_read_num 28 get_random_bytes(16): sig 00000038 26929f1a 15254dc1
[    6.280745] random 0000 0000 0000 26929f1a 15254dc1: extract_entropy(.. 16 ..)
[    6.280747] random 0000 0000 0000 26929f1a 15254dc1: going to reseed nonblocking with 128 bits (128 of 0 requested)
[    6.280750] random 0000 0000 0000 26929f1a 15254dc1: extract_entropy(.. 16 ..)
[    6.280752] random 0000 0000 0000 26929f1a 15254dc1: trying to extract 128 bits from input
[    6.280754] random 0000 0000 0000 26929f1a 15254dc1: debiting 0 entropy credits from input
[    6.280756] random 0000 0000 0000 26929f1a 15254dc1: extract_entropy account returned: 0 
[    6.280759] random 0000 0000 0000 26929f1a 15254dc1: urand_change_num 98 xfer_secondary_pool(16): pool_sig 00000038, data_sig 00000000, bytes_mixed 0 26929f1a 15254dc1
[    6.280762] random 0000 0000 0000 26929f1a 15254dc1: trying to extract 128 bits from nonblocking
[    6.280764] random 0000 0000 0000 26929f1a 15254dc1: debiting 128 entropy credits from nonblocking (unlimited)
[    6.280766] random 0000 0000 0000 26929f1a 15254dc1: extract_entropy account returned: 16 
[    6.280770] random 0000 0000 0000 26929f1a 15254dc1: urand_change_num 99 extract_buf: pool_sig 00000038, data_sig 000000fd, bytes_mixed 20 26929f1a 15254dc1
[    6.280776] random 0000 0000 0000 8116fe3b 478c2d5b: urand_change_num 100 extract_buf: pool_sig 00000059, data_sig 00000310, bytes_mixed 20 8116fe3b 478c2d5b
[    6.287421] random 0000 0000 0000 a20f4a3a 32a6b2fa: rand_read_num 29 get_random_bytes(16): sig 000002c0 a20f4a3a 32a6b2fa
[    6.287424] random 0000 0000 0000 a20f4a3a 32a6b2fa: extract_entropy(.. 16 ..)
[    6.287426] random 0000 0000 0000 a20f4a3a 32a6b2fa: going to reseed nonblocking with 128 bits (128 of 0 requested)
[    6.287429] random 0000 0000 0000 a20f4a3a 32a6b2fa: extract_entropy(.. 16 ..)
[    6.287431] random 0000 0000 0000 a20f4a3a 32a6b2fa: trying to extract 128 bits from input
[    6.287433] random 0000 0000 0000 a20f4a3a 32a6b2fa: debiting 0 entropy credits from input
[    6.287435] random 0000 0000 0000 a20f4a3a 32a6b2fa: extract_entropy account returned: 0 
[    6.287438] random 0000 0000 0000 a20f4a3a 32a6b2fa: urand_change_num 101 xfer_secondary_pool(16): pool_sig 000002c0, data_sig 00000000, bytes_mixed 0 a20f4a3a 32a6b2fa
[    6.287441] random 0000 0000 0000 a20f4a3a 32a6b2fa: trying to extract 128 bits from nonblocking
[    6.287443] random 0000 0000 0000 a20f4a3a 32a6b2fa: debiting 128 entropy credits from nonblocking (unlimited)
[    6.287445] random 0000 0000 0000 a20f4a3a 32a6b2fa: extract_entropy account returned: 16 
[    6.287449] random 0000 0000 0000 a20f4a3a 32a6b2fa: urand_change_num 102 extract_buf: pool_sig 000002c0, data_sig 000000fb, bytes_mixed 20 a20f4a3a 32a6b2fa
[    6.287455] random 0000 0000 0000 a20f4a3a 32a6b2fa: urand_change_num 103 extract_buf: pool_sig ffffffdd, data_sig 000000a5, bytes_mixed 20 a20f4a3a 32a6b2fa
[    6.299943] random 0000 0000 0000 de716d2a 6c4757e1: rand_read_num 30 get_random_bytes(16): sig 000000fa de716d2a 6c4757e1
[    6.299946] random 0000 0000 0000 de716d2a 6c4757e1: extract_entropy(.. 16 ..)
[    6.299949] random 0000 0000 0000 de716d2a 6c4757e1: going to reseed nonblocking with 128 bits (128 of 0 requested)
[    6.299951] random 0000 0000 0000 de716d2a 6c4757e1: extract_entropy(.. 16 ..)
[    6.299953] random 0000 0000 0000 de716d2a 6c4757e1: trying to extract 128 bits from input
[    6.299955] random 0000 0000 0000 de716d2a 6c4757e1: debiting 0 entropy credits from input
[    6.299957] random 0000 0000 0000 de716d2a 6c4757e1: extract_entropy account returned: 0 
[    6.299960] random 0000 0000 0000 de716d2a 6c4757e1: urand_change_num 104 xfer_secondary_pool(16): pool_sig 000000fa, data_sig 00000000, bytes_mixed 0 de716d2a 6c4757e1
[    6.299963] random 0000 0000 0000 de716d2a 6c4757e1: trying to extract 128 bits from nonblocking
[    6.299966] random 0000 0000 0000 de716d2a 6c4757e1: debiting 128 entropy credits from nonblocking (unlimited)
[    6.299968] random 0000 0000 0000 de716d2a 6c4757e1: extract_entropy account returned: 16 
[    6.299972] random 0000 0000 0000 de716d2a 6c4757e1: urand_change_num 105 extract_buf: pool_sig 000000fa, data_sig ffffff34, bytes_mixed 20 de716d2a 6c4757e1
[    6.299977] random 0000 0000 0000 de716d2a 6c4757e1: urand_change_num 106 extract_buf: pool_sig 000003d3, data_sig ffffff30, bytes_mixed 20 de716d2a 6c4757e1
[    6.300562] random 0000 0000 0000 a7c511e1 f90ea457: rand_read_num 31 get_random_bytes(16): sig 0000009a a7c511e1 f90ea457
[    6.300565] random 0000 0000 0000 a7c511e1 f90ea457: extract_entropy(.. 16 ..)
[    6.300568] random 0000 0000 0000 a7c511e1 f90ea457: going to reseed nonblocking with 128 bits (128 of 0 requested)
[    6.300570] random 0000 0000 0000 a7c511e1 f90ea457: extract_entropy(.. 16 ..)
[    6.300572] random 0000 0000 0000 a7c511e1 f90ea457: trying to extract 128 bits from input
[    6.300574] random 0000 0000 0000 a7c511e1 f90ea457: debiting 0 entropy credits from input
[    6.300576] random 0000 0000 0000 a7c511e1 f90ea457: extract_entropy account returned: 0 
[    6.300579] random 0000 0000 0000 a7c511e1 f90ea457: urand_change_num 107 xfer_secondary_pool(16): pool_sig 0000009a, data_sig 00000000, bytes_mixed 0 a7c511e1 f90ea457
[    6.300582] random 0000 0000 0000 a7c511e1 f90ea457: trying to extract 128 bits from nonblocking
[    6.300584] random 0000 0000 0000 a7c511e1 f90ea457: debiting 128 entropy credits from nonblocking (unlimited)
[    6.300586] random 0000 0000 0000 a7c511e1 f90ea457: extract_entropy account returned: 16 
[    6.300591] random 0000 0000 0000 a7c511e1 f90ea457: urand_change_num 108 extract_buf: pool_sig 0000009a, data_sig 000000e0, bytes_mixed 20 a7c511e1 f90ea457
[    6.300596] random 0000 0000 0000 7c18c7e6 d65ccb06: urand_change_num 109 extract_buf: pool_sig fffffa79, data_sig 000000e0, bytes_mixed 20 7c18c7e6 d65ccb06
[    6.301193] random 0000 0000 0000 7c18c7e6 d65ccb06: rand_read_num 32 get_random_bytes(16): sig fffffe1e 7c18c7e6 d65ccb06
[    6.301196] random 0000 0000 0000 7c18c7e6 d65ccb06: extract_entropy(.. 16 ..)
[    6.301199] random 0000 0000 0000 7c18c7e6 d65ccb06: going to reseed nonblocking with 128 bits (128 of 0 requested)
[    6.301201] random 0000 0000 0000 7c18c7e6 d65ccb06: extract_entropy(.. 16 ..)
[    6.301203] random 0000 0000 0000 7c18c7e6 d65ccb06: trying to extract 128 bits from input
[    6.301205] random 0000 0000 0000 7c18c7e6 d65ccb06: debiting 0 entropy credits from input
[    6.301207] random 0000 0000 0000 7c18c7e6 d65ccb06: extract_entropy account returned: 0 
[    6.301210] random 0000 0000 0000 7c18c7e6 d65ccb06: urand_change_num 110 xfer_secondary_pool(16): pool_sig fffffe1e, data_sig 00000000, bytes_mixed 0 7c18c7e6 d65ccb06
[    6.301213] random 0000 0000 0000 7c18c7e6 d65ccb06: trying to extract 128 bits from nonblocking
[    6.301215] random 0000 0000 0000 7c18c7e6 d65ccb06: debiting 128 entropy credits from nonblocking (unlimited)
[    6.301218] random 0000 0000 0000 7c18c7e6 d65ccb06: extract_entropy account returned: 16 
