[    0.000000] random 0000 0000 0000 00000000 00000000: rand_read_num 1 get_random_bytes(8): sig 00000000 00000000 00000000
[    0.000000] random 0000 0000 0000 00000000 00000000: extract_entropy(.. 8 ..)
[    0.000000] random 0000 0000 0000 00000000 00000000: going to reseed nonblocking with 64 bits (64 of 0 requested)
[    0.000000] random 0000 0000 0000 00000000 00000000: extract_entropy(.. 8 ..)
[    0.000000] random 0000 0000 0000 00000000 00000000: trying to extract 64 bits from input
[    0.000000] random 0000 0000 0000 00000000 00000000: debiting 0 entropy credits from input
[    0.000000] random 0000 0000 0000 00000000 00000000: extract_entropy account returned: 0 
[    0.000000] random 0000 0000 0000 00000000 00000000: urand_change_num 1 xfer_secondary_pool(8): pool_sig 00000000, data_sig 00000000, bytes_mixed 0 00000000 00000000
[    0.000000] random 0000 0000 0000 00000000 00000000: trying to extract 64 bits from nonblocking
[    0.000000] random 0000 0000 0000 00000000 00000000: debiting 64 entropy credits from nonblocking (unlimited)
[    0.000000] random 0000 0000 0000 00000000 00000000: extract_entropy account returned: 8 
[    0.000000] random 0000 0000 0000 00000000 00000000: urand_change_num 2 extract_buf: pool_sig 00000000, data_sig fffffff9, bytes_mixed 20 00000000 00000000
[    0.000000] Linux version 2.6.32.57 (dcashman@dcashman-02) (gcc version 4.3.3 (GCC) ) #3 Fri May 24 04:27:34 PDT 2013
[    0.000000] KERNEL supported cpus:
[    0.000000]   Intel GenuineIntel
[    0.000000]   AMD AuthenticAMD
[    0.000000]   NSC Geode by NSC
[    0.000000]   Cyrix CyrixInstead
[    0.000000]   Centaur CentaurHauls
[    0.000000]   Transmeta GenuineTMx86
[    0.000000]   Transmeta TransmetaCPU
[    0.000000]   UMC UMC UMC UMC
[    0.000000] BIOS-provided physical RAM map:
[    0.000000]  BIOS-e820: 0000000000000000 - 000000000009d800 (usable)
[    0.000000]  BIOS-e820: 000000000009d800 - 00000000000a0000 (reserved)
[    0.000000]  BIOS-e820: 00000000000d2000 - 00000000000d4000 (reserved)
[    0.000000]  BIOS-e820: 00000000000e0000 - 0000000000100000 (reserved)
[    0.000000]  BIOS-e820: 0000000000100000 - 000000003d6b0000 (usable)
[    0.000000]  BIOS-e820: 000000003d6b0000 - 000000003d6cc000 (ACPI data)
[    0.000000]  BIOS-e820: 000000003d6cc000 - 000000003d700000 (ACPI NVS)
[    0.000000]  BIOS-e820: 000000003d700000 - 000000003e000000 (reserved)
[    0.000000]  BIOS-e820: 00000000f0000000 - 00000000f4000000 (reserved)
[    0.000000]  BIOS-e820: 00000000fec00000 - 00000000fec10000 (reserved)
[    0.000000]  BIOS-e820: 00000000fed00000 - 00000000fed00400 (reserved)
[    0.000000]  BIOS-e820: 00000000fed14000 - 00000000fed1a000 (reserved)
[    0.000000]  BIOS-e820: 00000000fed1c000 - 00000000fed90000 (reserved)
[    0.000000]  BIOS-e820: 00000000fee00000 - 00000000fee01000 (reserved)
[    0.000000]  BIOS-e820: 00000000ff000000 - 0000000100000000 (reserved)
[    0.000000] DMI present.
[    0.000000] last_pfn = 0x3d6b0 max_arch_pfn = 0x100000
[    0.000000] MTRR default type: uncachable
[    0.000000] MTRR fixed ranges enabled:
[    0.000000]   00000-9FFFF write-back
[    0.000000]   A0000-BFFFF uncachable
[    0.000000]   C0000-CFFFF write-protect
[    0.000000]   D0000-DFFFF uncachable
[    0.000000]   E0000-FFFFF write-protect
[    0.000000] MTRR variable ranges enabled:
[    0.000000]   0 base 03E000000 mask FFE000000 uncachable
[    0.000000]   1 base 000000000 mask FC0000000 write-back
[    0.000000]   2 base 03D700000 mask FFFF00000 uncachable
[    0.000000]   3 base 03D800000 mask FFF800000 uncachable
[    0.000000]   4 disabled
[    0.000000]   5 disabled
[    0.000000]   6 disabled
[    0.000000]   7 disabled
[    0.000000] initial memory mapped : 0 - 02000000
[    0.000000] init_memory_mapping: 0000000000000000-00000000377fe000
[    0.000000]  0000000000 - 0000400000 page 4k
[    0.000000]  0000400000 - 0037400000 page 2M
[    0.000000]  0037400000 - 00377fe000 page 4k
[    0.000000] kernel direct mapping tables up to 377fe000 @ 7000-c000
[    0.000000] ACPI: RSDP 000f68d0 00024 (v02 LENOVO)
[    0.000000] ACPI: XSDT 3d6bb77f 00094 (v01 LENOVO TP-7L    00002170  LTP 00000000)
[    0.000000] ACPI: FACP 3d6bb900 000F4 (v03 LENOVO TP-7L    00002170 LNVO 00000001)
[    0.000000] ACPI Warning: 32/64X length mismatch in Gpe1Block: 0/32 (20090903/tbfadt-526)
[    0.000000] ACPI Warning: Optional field Gpe1Block has zero address or length: 000000000000102C/0 (20090903/tbfadt-557)
[    0.000000] ACPI: DSDT 3d6bbd1d 0FED1 (v01 LENOVO TP-7L    00002170 MSFT 03000000)
[    0.000000] ACPI: FACS 3d6e4000 00040
[    0.000000] ACPI: SSDT 3d6bbab4 00269 (v01 LENOVO TP-7L    00002170 MSFT 03000000)
[    0.000000] ACPI: ECDT 3d6cbbee 00052 (v01 LENOVO TP-7L    00002170 LNVO 00000001)
[    0.000000] ACPI: TCPA 3d6cbc40 00032 (v02 LENOVO TP-7L    00002170 LNVO 00000001)
[    0.000000] ACPI: APIC 3d6cbc72 00068 (v01 LENOVO TP-7L    00002170 LNVO 00000001)
[    0.000000] ACPI: MCFG 3d6cbcda 0003C (v01 LENOVO TP-7L    00002170 LNVO 00000001)
[    0.000000] ACPI: HPET 3d6cbd16 00038 (v01 LENOVO TP-7L    00002170 LNVO 00000001)
[    0.000000] ACPI: SLIC 3d6cbdf0 00176 (v01 LENOVO TP-7L    00002170  LTP 00000000)
[    0.000000] ACPI: BOOT 3d6cbf66 00028 (v01 LENOVO TP-7L    00002170  LTP 00000001)
[    0.000000] ACPI: ASF! 3d6cbf8e 00072 (v16 LENOVO TP-7L    00002170 PTL  00000001)
[    0.000000] ACPI: SSDT 3d6e26d9 0025F (v01 LENOVO TP-7L    00002170 INTL 20050513)
[    0.000000] ACPI: SSDT 3d6e2938 000A6 (v01 LENOVO TP-7L    00002170 INTL 20050513)
[    0.000000] ACPI: SSDT 3d6e29de 004F7 (v01 LENOVO TP-7L    00002170 INTL 20050513)
[    0.000000] ACPI: SSDT 3d6e2ed5 001D8 (v01 LENOVO TP-7L    00002170 INTL 20050513)
[    0.000000] ACPI: DMI detected: Lenovo ThinkPad R61
[    0.000000] ACPI: Added _OSI(Linux)
[    0.000000] ACPI: Local APIC address 0xfee00000
[    0.000000] 94MB HIGHMEM available.
[    0.000000] 887MB LOWMEM available.
[    0.000000]   mapped low ram: 0 - 377fe000
[    0.000000]   low ram: 0 - 377fe000
[    0.000000]   node 0 low ram: 00000000 - 377fe000
[    0.000000]   node 0 bootmap 00008000 - 0000ef00
[    0.000000] (6 early reservations) ==> bootmem [0000000000 - 00377fe000]
[    0.000000]   #0 [0000000000 - 0000001000]   BIOS data page ==> [0000000000 - 0000001000]
[    0.000000]   #1 [0001000000 - 0001bdc180]    TEXT DATA BSS ==> [0001000000 - 0001bdc180]
[    0.000000]   #2 [000009d800 - 0000100000]    BIOS reserved ==> [000009d800 - 0000100000]
[    0.000000]   #3 [0001bdd000 - 0001be516c]              BRK ==> [0001bdd000 - 0001be516c]
[    0.000000]   #4 [0000007000 - 0000008000]          PGTABLE ==> [0000007000 - 0000008000]
[    0.000000]   #5 [0000008000 - 000000f000]          BOOTMAP ==> [0000008000 - 000000f000]
[    0.000000] found SMP MP-table at [c00f6900] f6900
[    0.000000] Zone PFN ranges:
[    0.000000]   DMA      0x00000000 -> 0x00001000
[    0.000000]   Normal   0x00001000 -> 0x000377fe
[    0.000000]   HighMem  0x000377fe -> 0x0003d6b0
[    0.000000] Movable zone start PFN for each node
[    0.000000] early_node_map[2] active PFN ranges
[    0.000000]     0: 0x00000000 -> 0x0000009d
[    0.000000]     0: 0x00000100 -> 0x0003d6b0
[    0.000000] On node 0 totalpages: 251469
[    0.000000] free_area_init_node: node 0, pgdat c1901ea0, node_mem_map c1be7000
[    0.000000]   DMA zone: 32 pages used for memmap
[    0.000000]   DMA zone: 0 pages reserved
[    0.000000]   DMA zone: 3965 pages, LIFO batch:0
[    0.000000]   Normal zone: 1744 pages used for memmap
[    0.000000]   Normal zone: 221486 pages, LIFO batch:31
[    0.000000]   HighMem zone: 190 pages used for memmap
[    0.000000]   HighMem zone: 24052 pages, LIFO batch:3
[    0.000000] Using APIC driver default
[    0.000000] ACPI: PM-Timer IO Port: 0x1008
[    0.000000] ACPI: Local APIC address 0xfee00000
[    0.000000] ACPI: LAPIC (acpi_id[0x00] lapic_id[0x00] enabled)
[    0.000000] ACPI: LAPIC (acpi_id[0x01] lapic_id[0x01] enabled)
[    0.000000] ACPI: NR_CPUS/possible_cpus limit of 1 reached.  Processor 1/0x1 ignored.
[    0.000000] ACPI: LAPIC_NMI (acpi_id[0x00] high edge lint[0x1])
[    0.000000] ACPI: LAPIC_NMI (acpi_id[0x01] high edge lint[0x1])
[    0.000000] ACPI: IOAPIC (id[0x01] address[0xfec00000] gsi_base[0])
[    0.000000] IOAPIC[0]: apic_id 1, version 32, address 0xfec00000, GSI 0-23
[    0.000000] ACPI: INT_SRC_OVR (bus 0 bus_irq 0 global_irq 2 dfl dfl)
[    0.000000] ACPI: INT_SRC_OVR (bus 0 bus_irq 9 global_irq 9 high level)
[    0.000000] ACPI: IRQ0 used by override.
[    0.000000] ACPI: IRQ2 used by override.
[    0.000000] ACPI: IRQ9 used by override.
[    0.000000] Using ACPI (MADT) for SMP configuration information
[    0.000000] ACPI: HPET id: 0x8086a201 base: 0xfed00000
[    0.000000] nr_irqs_gsi: 24
[    0.000000] PM: Registered nosave memory: 000000000009d000 - 000000000009e000
[    0.000000] PM: Registered nosave memory: 000000000009e000 - 00000000000a0000
[    0.000000] PM: Registered nosave memory: 00000000000a0000 - 00000000000d2000
[    0.000000] PM: Registered nosave memory: 00000000000d2000 - 00000000000d4000
[    0.000000] PM: Registered nosave memory: 00000000000d4000 - 00000000000e0000
[    0.000000] PM: Registered nosave memory: 00000000000e0000 - 0000000000100000
[    0.000000] Allocating PCI resources starting at 3e000000 (gap: 3e000000:b2000000)
[    0.000000] Built 1 zonelists in Zone order, mobility grouping on.  Total pages: 249503
[    0.000000] Kernel command line: auto BOOT_IMAGE=Linux ro root=802 vt.default_utf8=0 maxcpus=0
[    0.000000] PID hash table entries: 4096 (order: 2, 16384 bytes)
[    0.000000] Dentry cache hash table entries: 131072 (order: 7, 524288 bytes)
[    0.000000] Inode-cache hash table entries: 65536 (order: 6, 262144 bytes)
[    0.000000] Enabling fast FPU save and restore... done.
[    0.000000] Enabling unmasked SIMD FPU exception support... done.
[    0.000000] Initializing CPU#0
[    0.000000] Initializing HighMem for node 0 (000377fe:0003d6b0)
[    0.000000] Memory: 984800k/1006272k available (6914k kernel code, 20876k reserved, 2328k data, 448k init, 96968k highmem)
[    0.000000] virtual kernel memory layout:
[    0.000000]     fixmap  : 0xfffa3000 - 0xfffff000   ( 368 kB)
[    0.000000]     pkmap   : 0xff800000 - 0xffc00000   (4096 kB)
[    0.000000]     vmalloc : 0xf7ffe000 - 0xff7fe000   ( 120 MB)
[    0.000000]     lowmem  : 0xc0000000 - 0xf77fe000   ( 887 MB)
[    0.000000]       .init : 0xc1907000 - 0xc1977000   ( 448 kB)
[    0.000000]       .data : 0xc16c0b5f - 0xc1906c64   (2328 kB)
[    0.000000]       .text : 0xc1000000 - 0xc16c0b5f   (6914 kB)
[    0.000000] Checking if this processor honours the WP bit even in supervisor mode...Ok.
[    0.000000] SLUB: Genslabs=13, HWalign=64, Order=0-3, MinObjects=0, CPUs=1, Nodes=1
[    0.000000] Hierarchical RCU implementation.
[    0.000000] NR_IRQS:288
[    0.000000] Extended CMOS year: 2000
[    0.000000] Console: colour VGA+ 80x25
[    0.000000] console [tty0] enabled
[    0.000000] hpet clockevent registered
[    0.000000] Fast TSC calibration using PIT
[    0.000000] Detected 2094.382 MHz processor.
[    0.001002] Calibrating delay loop (skipped), value calculated using timer frequency.. 4188.76 BogoMIPS (lpj=2094382)
[    0.001174] Security Framework initialized
[    0.001254] Mount-cache hash table entries: 512
[    0.001403] CPU: L1 I cache: 32K, L1 D cache: 32K
[    0.001530] CPU: L2 cache: 3072K
[    0.001606] mce: CPU supports 6 MCE banks
[    0.001686] CPU0: Thermal monitoring enabled (TM2)
[    0.002005] using mwait in idle threads.
[    0.002085] CPU: Intel(R) Core(TM)2 Duo CPU     T8100  @ 2.10GHz stepping 06
[    0.002259] Checking 'hlt' instruction... OK.
[    0.006936] ACPI: Core revision 20090903
[    0.026017] CANARY value: 499a14c2 for PID: 1
[    0.026048] Enabling APIC mode:  Flat.  Using 1 I/O APICs
[    0.026494] ..TIMER: vector=0x30 apic1=0 pin1=2 apic2=-1 pin2=-1
[    0.037997] xor: automatically using best checksumming function: pIII_sse
[    0.041998]    pIII_sse  :  8568.000 MB/sec
[    0.042082] xor: using function: pIII_sse (8568.000 MB/sec)
[    0.042176] RANDOM - __seed init called.
[    0.042177] RANDOM - __seed init called.
[    0.042178] RANDOM - __seed init called.
[    0.042179] RANDOM - __random32 called. Change num 1.  Value: f7943846	49e73df3	af36cd0d
[    0.042181] RANDOM - __random32 called. Change num 2.  Value: 43846e13	9e73df37	9a1ad014
[    0.042183] RANDOM - __random32 called. Change num 3.  Value: 46e139c8	e73df373	a029598a
[    0.042184] RANDOM - __random32 called. Change num 4.  Value: 139c8c3b	73df373d	b3142c72
[    0.042186] RANDOM - __random32 called. Change num 5.  Value: c8c3b043	3df373de	58e576a9
[    0.042188] RANDOM - __random32 called. Change num 6.  Value: 3b0437d9	df373de5	ed53f9d8
[    0.042189] RANDOM - random32 init called.  Value: 3b0437d9	df373de5	ed53f9d8
[    0.042207] NET: Registered protocol family 16
[    0.042466] ACPI FADT declares the system doesn't support PCIe ASPM, so disable it
[    0.042587] ACPI: bus type pci registered
[    0.042749] PCI: MCFG configuration 0: base f0000000 segment 0 buses 0 - 63
[    0.042836] PCI: MCFG area at f0000000 reserved in E820
[    0.042916] PCI: Using MMCONFIG for extended config space
[    0.043002] PCI: Using configuration type 1 for base access
[    0.046119] bio: create slab <bio-0> at 0
[    0.046930] ACPI: EC: EC description table is found, configuring boot EC
[    0.052079] ACPI: BIOS _OSI(Linux) query honored via DMI
[    0.052796] random 0000 0000 0000 00000000 00000000: rand_read_num 2 get_random_bytes(8): sig fffffe1a 00000000 00000000
[    0.052799] random 0000 0000 0000 00000000 00000000: extract_entropy(.. 8 ..)
[    0.052801] random 0000 0000 0000 00000000 00000000: going to reseed nonblocking with 64 bits (64 of 0 requested)
[    0.052803] random 0000 0000 0000 00000000 00000000: extract_entropy(.. 8 ..)
[    0.052806] random 0000 0000 0000 00000000 00000000: trying to extract 64 bits from input
[    0.052808] random 0000 0000 0000 00000000 00000000: debiting 0 entropy credits from input
[    0.052809] random 0000 0000 0000 00000000 00000000: extract_entropy account returned: 0 
[    0.052838] random 0000 0000 0000 00000000 00000000: urand_change_num 3 xfer_secondary_pool(8): pool_sig fffffe1a, data_sig 00000000, bytes_mixed 0 00000000 00000000
[    0.052841] random 0000 0000 0000 00000000 00000000: trying to extract 64 bits from nonblocking
[    0.052844] random 0000 0000 0000 00000000 00000000: debiting 64 entropy credits from nonblocking (unlimited)
[    0.052846] random 0000 0000 0000 00000000 00000000: extract_entropy account returned: 8 
[    0.052850] random 0000 0000 0000 00000000 00000000: urand_change_num 4 extract_buf: pool_sig fffffe1a, data_sig fffffed7, bytes_mixed 20 00000000 00000000
[    0.057518] ACPI: Interpreter enabled
[    0.057606] ACPI: (supports S0 S3 S4 S5)
[    0.057890] ACPI: Using IOAPIC for interrupt routing
[    0.067664] ACPI: EC: GPE = 0x12, I/O: command/status = 0x66, data = 0x62
[    0.067939] ACPI: Power Resource [PUBS] (on)
[    0.070073] ACPI: ACPI Dock Station Driver: 3 docks/bays found
[    0.070473] ACPI: PCI Root Bridge [PCI0] (0000:00)
[    0.070643] pci 0000:00:02.0: reg 10 64bit mmio: [0xf8100000-0xf81fffff]
[    0.070649] pci 0000:00:02.0: reg 18 64bit mmio pref: [0xe0000000-0xefffffff]
[    0.070653] pci 0000:00:02.0: reg 20 io port: [0x1800-0x1807]
[    0.070687] pci 0000:00:02.1: reg 10 64bit mmio: [0xf8200000-0xf82fffff]
[    0.070791] pci 0000:00:19.0: reg 10 32bit mmio: [0xfe000000-0xfe01ffff]
[    0.070803] pci 0000:00:19.0: reg 14 32bit mmio: [0xfe025000-0xfe025fff]
[    0.070812] pci 0000:00:19.0: reg 18 io port: [0x1840-0x185f]
[    0.070880] pci 0000:00:19.0: PME# supported from D0 D3hot D3cold
[    0.070967] pci 0000:00:19.0: PME# disabled
[    0.071052] pci 0000:00:1a.0: reg 20 io port: [0x1860-0x187f]
[    0.071123] pci 0000:00:1a.1: reg 20 io port: [0x1880-0x189f]
[    0.071207] pci 0000:00:1a.7: reg 10 32bit mmio: [0xfe226c00-0xfe226fff]
[    0.071290] pci 0000:00:1a.7: PME# supported from D0 D3hot D3cold
[    0.071376] pci 0000:00:1a.7: PME# disabled
[    0.071517] pci 0000:00:1b.0: reg 10 64bit mmio: [0xfe020000-0xfe023fff]
[    0.071595] pci 0000:00:1b.0: PME# supported from D0 D3hot D3cold
[    0.071678] pci 0000:00:1b.0: PME# disabled
[    0.071874] pci 0000:00:1c.0: PME# supported from D0 D3hot D3cold
[    0.071999] pci 0000:00:1c.0: PME# disabled
[    0.072192] pci 0000:00:1c.1: PME# supported from D0 D3hot D3cold
[    0.072276] pci 0000:00:1c.1: PME# disabled
[    0.072476] pci 0000:00:1c.2: PME# supported from D0 D3hot D3cold
[    0.072567] pci 0000:00:1c.2: PME# disabled
[    0.072750] pci 0000:00:1c.3: PME# supported from D0 D3hot D3cold
[    0.072834] pci 0000:00:1c.3: PME# disabled
[    0.073114] pci 0000:00:1c.4: PME# supported from D0 D3hot D3cold
[    0.073216] pci 0000:00:1c.4: PME# disabled
[    0.073379] pci 0000:00:1d.0: reg 20 io port: [0x18a0-0x18bf]
[    0.074061] pci 0000:00:1d.1: reg 20 io port: [0x18c0-0x18df]
[    0.074151] pci 0000:00:1d.2: reg 20 io port: [0x18e0-0x18ff]
[    0.074244] pci 0000:00:1d.7: reg 10 32bit mmio: [0xfe227000-0xfe2273ff]
[    0.074343] pci 0000:00:1d.7: PME# supported from D0 D3hot D3cold
[    0.074432] pci 0000:00:1d.7: PME# disabled
[    0.074707] pci 0000:00:1f.0: quirk: region 1000-107f claimed by ICH6 ACPI/GPIO/TCO
[    0.074828] pci 0000:00:1f.0: quirk: region 1180-11bf claimed by ICH6 GPIO
[    0.074924] pci 0000:00:1f.0: ICH7 LPC Generic IO decode 1 PIO at 1600 (mask 007f)
[    0.074998] pci 0000:00:1f.0: ICH7 LPC Generic IO decode 2 PIO at 15e0 (mask 000f)
[    0.075118] pci 0000:00:1f.0: ICH7 LPC Generic IO decode 3 PIO at 1680 (mask 001f)
[    0.075309] pci 0000:00:1f.1: reg 10 io port: [0x00-0x07]
[    0.075318] pci 0000:00:1f.1: reg 14 io port: [0x00-0x03]
[    0.075327] pci 0000:00:1f.1: reg 18 io port: [0x00-0x07]
[    0.075335] pci 0000:00:1f.1: reg 1c io port: [0x00-0x03]
[    0.075342] pci 0000:00:1f.1: reg 20 io port: [0x1c00-0x1c0f]
[    0.075426] pci 0000:00:1f.2: reg 10 io port: [0x1c50-0x1c57]
[    0.075435] pci 0000:00:1f.2: reg 14 io port: [0x1c44-0x1c47]
[    0.075441] pci 0000:00:1f.2: reg 18 io port: [0x1c48-0x1c4f]
[    0.075450] pci 0000:00:1f.2: reg 1c io port: [0x1c40-0x1c43]
[    0.075459] pci 0000:00:1f.2: reg 20 io port: [0x1c20-0x1c3f]
[    0.075468] pci 0000:00:1f.2: reg 24 32bit mmio: [0xfe226000-0xfe2267ff]
[    0.075535] pci 0000:00:1f.2: PME# supported from D3hot
[    0.075617] pci 0000:00:1f.2: PME# disabled
[    0.075732] pci 0000:00:1f.3: reg 10 32bit mmio: [0xfe227400-0xfe2274ff]
[    0.075756] pci 0000:00:1f.3: reg 20 io port: [0x1c60-0x1c7f]
[    0.075841] pci 0000:00:1c.0: bridge io port: [0x2000-0x2fff]
[    0.075848] pci 0000:00:1c.0: bridge 32bit mmio: [0xfc000000-0xfdffffff]
[    0.075859] pci 0000:00:1c.0: bridge 64bit mmio pref: [0xf8000000-0xf80fffff]
[    0.075930] pci 0000:03:00.0: reg 10 64bit mmio: [0xdf3f0000-0xdf3fffff]
[    0.076183] pci 0000:00:1c.1: bridge io port: [0x3000-0x3fff]
[    0.076190] pci 0000:00:1c.1: bridge 32bit mmio: [0xdc000000-0xdf3fffff]
[    0.076198] pci 0000:00:1c.1: bridge 64bit mmio pref: [0xdfe00000-0xdfefffff]
[    0.076255] pci 0000:00:1c.2: bridge io port: [0x4000-0x4fff]
[    0.076261] pci 0000:00:1c.2: bridge 32bit mmio: [0xd8000000-0xd9ffffff]
[    0.076270] pci 0000:00:1c.2: bridge 64bit mmio pref: [0xdfb00000-0xdfbfffff]
[    0.076331] pci 0000:00:1c.3: bridge io port: [0x5000-0x5fff]
[    0.076338] pci 0000:00:1c.3: bridge 32bit mmio: [0xd4000000-0xd5ffffff]
[    0.076347] pci 0000:00:1c.3: bridge 64bit mmio pref: [0xdf800000-0xdf8fffff]
[    0.076403] pci 0000:00:1c.4: bridge io port: [0x6000-0x6fff]
[    0.076409] pci 0000:00:1c.4: bridge 32bit mmio: [0xd0000000-0xd1ffffff]
[    0.076416] pci 0000:00:1c.4: bridge 64bit mmio pref: [0xdf500000-0xdf5fffff]
[    0.076476] pci 0000:15:00.0: reg 10 32bit mmio: [0xf8300000-0xf8300fff]
[    0.076526] pci 0000:15:00.0: supports D1 D2
[    0.076528] pci 0000:15:00.0: PME# supported from D0 D1 D2 D3hot D3cold
[    0.076620] pci 0000:15:00.0: PME# disabled
[    0.076755] pci 0000:15:00.1: reg 10 32bit mmio: [0xf8301000-0xf83017ff]
[    0.076855] pci 0000:15:00.1: supports D1 D2
[    0.076856] pci 0000:15:00.1: PME# supported from D0 D1 D2 D3hot D3cold
[    0.076946] pci 0000:15:00.1: PME# disabled
[    0.077086] pci 0000:00:1e.0: transparent bridge
[    0.077174] pci 0000:00:1e.0: bridge io port: [0x7000-0xafff]
[    0.077181] pci 0000:00:1e.0: bridge 32bit mmio: [0xf8300000-0xfbffffff]
[    0.077190] pci 0000:00:1e.0: bridge 64bit mmio pref: [0xf4000000-0xf7ffffff]
[    0.077259] pci_bus 0000:00: on NUMA node 0
[    0.077263] ACPI: PCI Interrupt Routing Table [\_SB_.PCI0._PRT]
[    0.077396] ACPI: PCI Interrupt Routing Table [\_SB_.PCI0.EXP0._PRT]
[    0.077455] ACPI: PCI Interrupt Routing Table [\_SB_.PCI0.EXP1._PRT]
[    0.077513] ACPI: PCI Interrupt Routing Table [\_SB_.PCI0.EXP2._PRT]
[    0.077571] ACPI: PCI Interrupt Routing Table [\_SB_.PCI0.EXP3._PRT]
[    0.077633] ACPI: PCI Interrupt Routing Table [\_SB_.PCI0.EXP4._PRT]
[    0.077695] ACPI: PCI Interrupt Routing Table [\_SB_.PCI0.PCI1._PRT]
[    0.083188] ACPI: PCI Interrupt Link [LNKA] (IRQs 3 4 5 6 7 9 *10 11)
[    0.083919] ACPI: PCI Interrupt Link [LNKB] (IRQs 3 4 5 6 7 9 10 *11)
[    0.084620] ACPI: PCI Interrupt Link [LNKC] (IRQs 3 4 5 6 7 9 10 *11)
[    0.085317] ACPI: PCI Interrupt Link [LNKD] (IRQs 3 4 5 6 7 9 10 *11)
[    0.086053] ACPI: PCI Interrupt Link [LNKE] (IRQs 3 4 5 6 7 9 10 *11)
[    0.086744] ACPI: PCI Interrupt Link [LNKF] (IRQs 3 4 5 6 7 9 10 *11)
[    0.087423] ACPI: PCI Interrupt Link [LNKG] (IRQs 3 4 5 6 7 9 10 *11)
[    0.088159] ACPI: PCI Interrupt Link [LNKH] (IRQs 3 4 5 6 7 9 10 *11)
[    0.088833] vgaarb: device added: PCI:0000:00:02.0,decodes=io+mem,owns=io+mem,locks=none
[    0.088950] vgaarb: loaded
[    0.089093] SCSI subsystem initialized
[    0.089196] libata version 3.00 loaded.
[    0.089243] usbcore: registered new interface driver usbfs
[    0.089362] usbcore: registered new interface driver hub
[    0.089469] usbcore: registered new device driver usb
[    0.106041] raid6: int32x1    941 MB/s
[    0.123056] raid6: int32x2    890 MB/s
[    0.140068] raid6: int32x4    750 MB/s
[    0.156988] raid6: int32x8    656 MB/s
[    0.173989] raid6: mmxx1     2878 MB/s
[    0.190982] raid6: mmxx2     3269 MB/s
[    0.207995] raid6: sse1x1    1937 MB/s
[    0.224997] raid6: sse1x2    2535 MB/s
[    0.241980] raid6: sse2x1    3507 MB/s
[    0.258974] raid6: sse2x2    3828 MB/s
[    0.259052] raid6: using algorithm sse2x2 (3828 MB/s)
[    0.259135] PCI: Using ACPI for IRQ routing
[    0.259426] HPET: 3 timers in total, 0 timers will be used for per-cpu timer
[    0.259990] Switching to clocksource tsc
[    0.260088] pnp: PnP ACPI init
[    0.260175] ACPI: bus type pnp registered
[    0.263817] pnp: PnP ACPI: found 11 devices
[    0.263914] ACPI: ACPI bus type pnp unregistered
[    0.263999] system 00:00: iomem range 0x0-0x9ffff could not be reserved
[    0.264079] system 00:00: iomem range 0xc0000-0xc3fff could not be reserved
[    0.264164] system 00:00: iomem range 0xc4000-0xc7fff could not be reserved
[    0.264254] system 00:00: iomem range 0xc8000-0xcbfff has been reserved
[    0.264336] system 00:00: iomem range 0xcc000-0xcffff has been reserved
[    0.264425] system 00:00: iomem range 0xd0000-0xd3fff could not be reserved
[    0.264507] system 00:00: iomem range 0xe0000-0xe3fff could not be reserved
[    0.264591] system 00:00: iomem range 0xe4000-0xe7fff could not be reserved
[    0.264676] system 00:00: iomem range 0xe8000-0xebfff could not be reserved
[    0.264764] system 00:00: iomem range 0xec000-0xeffff could not be reserved
[    0.264852] system 00:00: iomem range 0xf0000-0xfffff could not be reserved
[    0.264939] system 00:00: iomem range 0x100000-0x3dffffff could not be reserved
[    0.265060] system 00:00: iomem range 0xfec00000-0xfed3ffff could not be reserved
[    0.265181] system 00:00: iomem range 0xfed4c000-0xffffffff could not be reserved
[    0.265302] system 00:02: ioport range 0x164e-0x164f has been reserved
[    0.265396] system 00:02: ioport range 0x1000-0x107f has been reserved
[    0.265478] system 00:02: ioport range 0x1180-0x11bf has been reserved
[    0.265567] system 00:02: ioport range 0x800-0x80f has been reserved
[    0.265661] system 00:02: ioport range 0x15e0-0x15ef has been reserved
[    0.265758] system 00:02: ioport range 0x1600-0x165f could not be reserved
[    0.265855] system 00:02: iomem range 0xf0000000-0xf3ffffff has been reserved
[    0.265942] system 00:02: iomem range 0xfed1c000-0xfed1ffff has been reserved
[    0.266029] system 00:02: iomem range 0xfed14000-0xfed17fff has been reserved
[    0.266114] system 00:02: iomem range 0xfed18000-0xfed18fff has been reserved
[    0.266203] system 00:02: iomem range 0xfed19000-0xfed19fff has been reserved
[    0.266292] system 00:02: iomem range 0xfed45000-0xfed4bfff has been reserved
[    0.301344] pci 0000:00:1c.0: PCI bridge, secondary bus 0000:02
[    0.301434] pci 0000:00:1c.0:   IO window: 0x2000-0x2fff
[    0.301521] pci 0000:00:1c.0:   MEM window: 0xfc000000-0xfdffffff
[    0.301609] pci 0000:00:1c.0:   PREFETCH window: 0x000000f8000000-0x000000f80fffff
[    0.301726] pci 0000:00:1c.1: PCI bridge, secondary bus 0000:03
[    0.301812] pci 0000:00:1c.1:   IO window: 0x3000-0x3fff
[    0.301914] pci 0000:00:1c.1:   MEM window: 0xdc000000-0xdf3fffff
[    0.301998] pci 0000:00:1c.1:   PREFETCH window: 0x000000dfe00000-0x000000dfefffff
[    0.302115] pci 0000:00:1c.2: PCI bridge, secondary bus 0000:04
[    0.302213] pci 0000:00:1c.2:   IO window: 0x4000-0x4fff
[    0.302303] pci 0000:00:1c.2:   MEM window: 0xd8000000-0xd9ffffff
[    0.302387] pci 0000:00:1c.2:   PREFETCH window: 0x000000dfb00000-0x000000dfbfffff
[    0.302502] pci 0000:00:1c.3: PCI bridge, secondary bus 0000:05
[    0.302592] pci 0000:00:1c.3:   IO window: 0x5000-0x5fff
[    0.302685] pci 0000:00:1c.3:   MEM window: 0xd4000000-0xd5ffffff
[    0.302769] pci 0000:00:1c.3:   PREFETCH window: 0x000000df800000-0x000000df8fffff
[    0.302897] pci 0000:00:1c.4: PCI bridge, secondary bus 0000:0d
[    0.302981] pci 0000:00:1c.4:   IO window: 0x6000-0x6fff
[    0.303065] pci 0000:00:1c.4:   MEM window: 0xd0000000-0xd1ffffff
[    0.303169] pci 0000:00:1c.4:   PREFETCH window: 0x000000df500000-0x000000df5fffff
[    0.303290] pci 0000:15:00.0: CardBus bridge, secondary bus 0000:16
[    0.303371] pci 0000:15:00.0:   IO window: 0x007000-0x0070ff
[    0.303457] pci 0000:15:00.0:   IO window: 0x007400-0x0074ff
[    0.303547] pci 0000:15:00.0:   PREFETCH window: 0xf4000000-0xf7ffffff
[    0.303631] pci 0000:15:00.0:   MEM window: 0x40000000-0x43ffffff
[    0.303720] pci 0000:00:1e.0: PCI bridge, secondary bus 0000:15
[    0.303814] pci 0000:00:1e.0:   IO window: 0x7000-0xafff
[    0.303903] pci 0000:00:1e.0:   MEM window: 0xf8300000-0xfbffffff
[    0.303993] pci 0000:00:1e.0:   PREFETCH window: 0x000000f4000000-0x000000f7ffffff
[    0.304125] pci 0000:00:1c.0: PCI INT A -> GSI 20 (level, low) -> IRQ 20
[    0.304223] pci 0000:00:1c.0: setting latency timer to 64
[    0.304235] pci 0000:00:1c.1: PCI INT B -> GSI 21 (level, low) -> IRQ 21
[    0.304323] pci 0000:00:1c.1: setting latency timer to 64
[    0.304337] pci 0000:00:1c.2: PCI INT C -> GSI 22 (level, low) -> IRQ 22
[    0.304429] pci 0000:00:1c.2: setting latency timer to 64
[    0.304443] pci 0000:00:1c.3: PCI INT D -> GSI 23 (level, low) -> IRQ 23
[    0.304535] pci 0000:00:1c.3: setting latency timer to 64
[    0.304548] pci 0000:00:1c.4: PCI INT A -> GSI 20 (level, low) -> IRQ 20
[    0.304640] pci 0000:00:1c.4: setting latency timer to 64
[    0.304649] pci 0000:00:1e.0: enabling device (0005 -> 0007)
[    0.304733] pci 0000:00:1e.0: setting latency timer to 64
[    0.304750] pci 0000:15:00.0: PCI INT A -> GSI 16 (level, low) -> IRQ 16
[    0.304843] pci 0000:15:00.0: setting latency timer to 64
[    0.304849] pci_bus 0000:00: resource 0 io:  [0x00-0xffff]
[    0.304851] pci_bus 0000:00: resource 1 mem: [0x000000-0xffffffff]
[    0.304853] pci_bus 0000:02: resource 0 io:  [0x2000-0x2fff]
[    0.304855] pci_bus 0000:02: resource 1 mem: [0xfc000000-0xfdffffff]
[    0.304857] pci_bus 0000:02: resource 2 pref mem [0xf8000000-0xf80fffff]
[    0.304859] pci_bus 0000:03: resource 0 io:  [0x3000-0x3fff]
[    0.304860] pci_bus 0000:03: resource 1 mem: [0xdc000000-0xdf3fffff]
[    0.304862] pci_bus 0000:03: resource 2 pref mem [0xdfe00000-0xdfefffff]
[    0.304864] pci_bus 0000:04: resource 0 io:  [0x4000-0x4fff]
[    0.304866] pci_bus 0000:04: resource 1 mem: [0xd8000000-0xd9ffffff]
[    0.304871] pci_bus 0000:04: resource 2 pref mem [0xdfb00000-0xdfbfffff]
[    0.304872] pci_bus 0000:05: resource 0 io:  [0x5000-0x5fff]
[    0.304874] pci_bus 0000:05: resource 1 mem: [0xd4000000-0xd5ffffff]
[    0.304876] pci_bus 0000:05: resource 2 pref mem [0xdf800000-0xdf8fffff]
[    0.304878] pci_bus 0000:0d: resource 0 io:  [0x6000-0x6fff]
[    0.304879] pci_bus 0000:0d: resource 1 mem: [0xd0000000-0xd1ffffff]
[    0.304881] pci_bus 0000:0d: resource 2 pref mem [0xdf500000-0xdf5fffff]
[    0.304883] pci_bus 0000:15: resource 0 io:  [0x7000-0xafff]
[    0.304885] pci_bus 0000:15: resource 1 mem: [0xf8300000-0xfbffffff]
[    0.304887] pci_bus 0000:15: resource 2 pref mem [0xf4000000-0xf7ffffff]
[    0.304888] pci_bus 0000:15: resource 3 io:  [0x00-0xffff]
[    0.304890] pci_bus 0000:15: resource 4 mem: [0x000000-0xffffffff]
[    0.304892] pci_bus 0000:16: resource 0 io:  [0x7000-0x70ff]
[    0.304894] pci_bus 0000:16: resource 1 io:  [0x7400-0x74ff]
[    0.304895] pci_bus 0000:16: resource 2 pref mem [0xf4000000-0xf7ffffff]
[    0.304897] pci_bus 0000:16: resource 3 mem: [0x40000000-0x43ffffff]
[    0.304905] NET: Registered protocol family 2
[    0.304987] RANDOM - __random32 called. Change num 7.  Value: 437d97bf	f373de51	f3b0f986
[    0.304988] RANDOM - random32 called.  Value: 437d97bf	f373de51	f3b0f986
[    0.304993] random 0000 0000 0000 5f8db4e5 4cfdf2a8: rand_read_num 3 get_random_bytes(4): sig fffffb64 5f8db4e5 4cfdf2a8
[    0.304995] random 0000 0000 0000 5f8db4e5 4cfdf2a8: extract_entropy(.. 4 ..)
[    0.304997] random 0000 0000 0000 5f8db4e5 4cfdf2a8: going to reseed nonblocking with 64 bits (32 of 0 requested)
[    0.304999] random 0000 0000 0000 5f8db4e5 4cfdf2a8: extract_entropy(.. 8 ..)
[    0.305001] random 0000 0000 0000 5f8db4e5 4cfdf2a8: trying to extract 64 bits from input
[    0.305003] random 0000 0000 0000 5f8db4e5 4cfdf2a8: debiting 0 entropy credits from input
[    0.305005] random 0000 0000 0000 5f8db4e5 4cfdf2a8: extract_entropy account returned: 0 
[    0.305008] random 0000 0000 0000 5f8db4e5 4cfdf2a8: urand_change_num 5 xfer_secondary_pool(4): pool_sig fffffb64, data_sig 00000000, bytes_mixed 0 5f8db4e5 4cfdf2a8
[    0.305011] random 0000 0000 0000 5f8db4e5 4cfdf2a8: trying to extract 32 bits from nonblocking
[    0.305013] random 0000 0000 0000 5f8db4e5 4cfdf2a8: debiting 32 entropy credits from nonblocking (unlimited)
[    0.305015] random 0000 0000 0000 5f8db4e5 4cfdf2a8: extract_entropy account returned: 4 
[    0.305020] random 0000 0000 0000 5f8db4e5 4cfdf2a8: urand_change_num 6 extract_buf: pool_sig fffffb64, data_sig 00000241, bytes_mixed 20 5f8db4e5 4cfdf2a8
[    0.305029] IP route cache hash table entries: 32768 (order: 5, 131072 bytes)
[    0.305151] RANDOM - __random32 called. Change num 8.  Value: d97bfe31	373de51f	f30dc6e6
[    0.305153] RANDOM - random32 called.  Value: d97bfe31	373de51f	f30dc6e6
[    0.305164] RANDOM - __random32 called. Change num 9.  Value: bfe314d7	73de51f5	8dcd6c7e
[    0.305165] RANDOM - random32 called.  Value: bfe314d7	73de51f5	8dcd6c7e
[    0.305167] RANDOM - __random32 called. Change num 10.  Value: 314d7baf	3de51f5e	d8fc74c1
[    0.305169] RANDOM - random32 called.  Value: 314d7baf	3de51f5e	d8fc74c1
[    0.305179] RANDOM - __random32 called. Change num 11.  Value: d7baf3c7	de51f5e5	e983e3fa
[    0.305181] RANDOM - random32 called.  Value: d7baf3c7	de51f5e5	e983e3fa
[    0.305191] TCP established hash table entries: 131072 (order: 8, 1048576 bytes)
[    0.305678] TCP bind hash table entries: 65536 (order: 6, 262144 bytes)
[    0.305862] TCP: Hash tables configured (established 131072 bind 65536)
[    0.305957] TCP reno registered
[    0.306052] NET: Registered protocol family 1
[    0.306158] RPC: Registered udp transport module.
[    0.306253] RPC: Registered tcp transport module.
[    0.306337] RPC: Registered tcp NFSv4.1 backchannel transport module.
[    0.306434] pci 0000:00:02.0: Boot video device
[    0.306658] Simple Boot Flag at 0x35 set to 0x1
[    0.307208] highmem bounce pool size: 64 pages
[    0.308697] VFS: Disk quotas dquot_6.5.2
[    0.308815] Dquot-cache hash table entries: 1024 (order 0, 4096 bytes)
[    0.309553] NTFS driver 2.1.29 [Flags: R/W].
[    0.309707] ROMFS MTD (C) 2007 Red Hat, Inc.
[    0.309930] JFS: nTxBlock = 7695, nTxLock = 61562
[    0.312389] SGI XFS with ACLs, security attributes, large block/inode numbers, no debug enabled
[    0.312867] SGI XFS Quota Management subsystem
[    0.313166] Slow work thread pool: Starting up
[    0.313259] Slow work thread pool: Ready
[    0.313346] GFS2 (built May 24 2013 02:47:17) installed
[    0.313428] msgmni has been set to 1734
[    0.313585] alg: No test for cipher_null (cipher_null-generic)
[    0.313683] alg: No test for ecb(cipher_null) (ecb-cipher_null)
[    0.313780] alg: No test for digest_null (digest_null-generic)
[    0.313892] alg: No test for compress_null (compress_null-generic)
[    0.314431] alg: No test for fcrypt (fcrypt-generic)
[    0.315836] alg: No test for stdrng (krng)
[    0.315933] async_tx: api initialized (async)
[    0.316086] Block layer SCSI generic (bsg) driver version 0.4 loaded (major 254)
[    0.316198] io scheduler noop registered
[    0.316282] io scheduler anticipatory registered
[    0.316363] io scheduler deadline registered
[    0.316486] io scheduler cfq registered (default)
[    0.316724] pcieport 0000:00:1c.0: irq 24 for MSI/MSI-X
[    0.316742] pcieport 0000:00:1c.0: setting latency timer to 64
[    0.316954] pcieport 0000:00:1c.1: irq 25 for MSI/MSI-X
[    0.316966] pcieport 0000:00:1c.1: setting latency timer to 64
[    0.317149] pcieport 0000:00:1c.2: irq 26 for MSI/MSI-X
[    0.317160] pcieport 0000:00:1c.2: setting latency timer to 64
[    0.317335] pcieport 0000:00:1c.3: irq 27 for MSI/MSI-X
[    0.317347] pcieport 0000:00:1c.3: setting latency timer to 64
[    0.317523] pcieport 0000:00:1c.4: irq 28 for MSI/MSI-X
[    0.317535] pcieport 0000:00:1c.4: setting latency timer to 64
[    0.317679] pci_hotplug: PCI Hot Plug PCI Core version: 0.5
[    0.317883] isapnp: Scanning for PnP cards...
[    0.678404] isapnp: No Plug & Play device found
[    0.678486] random 0000 0000 0000 5f8db4e5 4cfdf2a8: initializing
[    0.698007] Serial: 8250/16550 driver, 4 ports, IRQ sharing enabled
[    3.709268] floppy0: no floppy controllers found
[    3.710210] brd: module loaded
[    3.710716] loop: module loaded
[    3.710805] Compaq SMART2 Driver (v 2.6.0)
[    3.710921] HP CISS Driver (v 3.6.20)
[    3.711157] input: Macintosh mouse button emulation as /devices/virtual/input/input0
[    3.711296] Uniform Multi-Platform E-IDE driver
[    3.711519] piix 0000:00:1f.1: IDE controller (0x8086:0x2850 rev 0x03)
[    3.711619] pci 0000:00:1f.1: PCI INT C -> GSI 16 (level, low) -> IRQ 16
[    3.711719] piix 0000:00:1f.1: IDE port disabled
[    3.711809] piix 0000:00:1f.1: not 100% native mode: will probe irqs later
[    3.711895]     ide0: BM-DMA at 0x1c00-0x1c07
[    3.711984] Probing IDE interface ide0...
[    4.383564] hda: HL-DT-ST DVDRAM GSA-U10N, ATAPI CD/DVD-ROM drive
[    4.690411] hda: host max PIO4 wanted PIO255(auto-tune) selected PIO4
[    4.691179] hda: UDMA/33 mode selected
[    4.691640] ide0 at 0x1f0-0x1f7,0x3f6 on irq 14
[    4.695501] ide-gd driver 1.18
[    4.695606] ide-cd driver 5.00
[    4.696992] ide-cd: hda: ATAPI 24X DVD-ROM DVD-R/RAM CD-R/RW drive, 2048kB Cache
[    4.697405] Uniform CD-ROM driver Revision: 3.20
[    4.704563] Loading iSCSI transport class v2.0-870.
[    4.704838] rdac: device handler registered
[    4.704917] hp_sw: device handler registered
[    4.704998] emc: device handler registered
[    4.705076] alua: device handler registered
[    4.706066] Adaptec aacraid driver 1.1-5[2461]-ms
[    4.706429] scsi: <fdomain> Detection failed (no card)
[    4.706522] sym53c416.c: Version 1.0.0-ac
[    4.706632] qlogicfas: no cards were found, please specify I/O address and IRQ using iobase= and irq= options
[    4.706804] QLogic Fibre Channel HBA Driver: 8.03.01-k6
[    4.707013] iscsi: registered transport (qla4xxx)
[    4.707113] QLogic iSCSI HBA Driver
[    4.707195] Emulex LightPulse Fibre Channel SCSI driver 8.3.4
[    4.707278] Copyright(c) 2004-2009 Emulex.  All rights reserved.
[    4.729403] Failed initialization of WD-7000 SCSI card!
[    4.818796] DC390: clustering now enabled by default. If you get problems load
[    4.818919]        with "disable_clustering=1" and report to maintainers
[    4.819044] megaraid cmm: 2.20.2.7 (Release Date: Sun Jul 16 00:01:03 EST 2006)
[    4.819194] megaraid: 2.20.5.1 (Release Date: Thu Nov 16 15:32:35 EST 2006)
[    4.819302] megasas: 00.00.04.01 Thu July 24 11:41:51 PST 2008
[    4.819432] GDT-HA: Storage RAID Controller Driver. Version: 3.05
[    4.819580] 3ware Storage Controller device driver for Linux v1.26.02.002.
[    4.819682] 3ware 9000 Storage Controller device driver for Linux v2.26.02.012.
[    4.819814] nsp32: loading...
[    4.819925] ipr: IBM Power RAID SCSI Device Driver version: 2.4.3 (June 10, 2009)
[    4.820058] RocketRAID 3xxx/4xxx Controller driver v1.6 (090910)
[    4.820169] stex: Promise SuperTrak EX Driver version: 4.6.0000.3
[    4.820300] st: Version 20081215, fixed bufsize 32768, s/g segs 256
[    4.820504] ahci 0000:00:1f.2: version 3.0
[    4.820521] ahci 0000:00:1f.2: PCI INT B -> GSI 16 (level, low) -> IRQ 16
[    4.820644] ahci 0000:00:1f.2: irq 29 for MSI/MSI-X
[    4.820702] ahci 0000:00:1f.2: AHCI 0001.0100 32 slots 3 ports 1.5 Gbps 0x5 impl SATA mode
[    4.820824] ahci 0000:00:1f.2: flags: 64bit ncq sntf pm led clo pio slum part ccc 
[    4.820949] ahci 0000:00:1f.2: setting latency timer to 64
[    4.821091] scsi2 : ahci
[    4.821245] scsi3 : ahci
[    4.821376] scsi4 : ahci
[    4.821549] ata1: SATA max UDMA/133 abar m2048@0xfe226000 port 0xfe226100 irq 29
[    4.821672] ata2: DUMMY
[    4.821768] ata3: SATA max UDMA/133 abar m2048@0xfe226000 port 0xfe226200 irq 29
[    4.822370] I2O subsystem v1.325
[    4.822467] i2o: max drivers = 8
[    4.822603] I2O Configuration OSM v1.323
[    4.822706] I2O Bus Adapter OSM v1.317
[    4.822799] I2O Block Device OSM v1.325
[    4.822944] I2O SCSI Peripheral OSM v1.316
[    4.823041] I2O ProcFS OSM v1.316
[    4.823136] Fusion MPT base driver 3.04.12
[    4.823219] Copyright (c) 1999-2008 LSI Corporation
[    4.823300] Fusion MPT SPI Host driver 3.04.12
[    4.823455] Fusion MPT FC Host driver 3.04.12
[    4.823557] Fusion MPT SAS Host driver 3.04.12
[    4.823711] ohci1394 0000:15:00.1: PCI INT B -> GSI 17 (level, low) -> IRQ 17
[    4.823809] ohci1394 0000:15:00.1: setting latency timer to 64
[    4.877443] ohci1394: fw-host0: OHCI-1394 1.1 (PCI): IRQ=[17]  MMIO=[f8301000-f83017ff]  Max Packet=[2048]  IR/IT contexts=[4/4]
[    4.881713] ehci_hcd: USB 2.0 'Enhanced' Host Controller (EHCI) Driver
[    4.881971] ehci_hcd 0000:00:1a.7: power state changed by ACPI to D0
[    4.882213] ehci_hcd 0000:00:1a.7: power state changed by ACPI to D0
[    4.882300] ehci_hcd 0000:00:1a.7: PCI INT C -> GSI 22 (level, low) -> IRQ 22
[    4.882389] ehci_hcd 0000:00:1a.7: setting latency timer to 64
[    4.882394] ehci_hcd 0000:00:1a.7: EHCI Host Controller
[    4.882528] ehci_hcd 0000:00:1a.7: new USB bus registered, assigned bus number 1
[    4.886573] ehci_hcd 0000:00:1a.7: cache line size of 32 is not supported
[    4.886582] ehci_hcd 0000:00:1a.7: irq 22, io mem 0xfe226c00
[    4.896405] ehci_hcd 0000:00:1a.7: USB 2.0 started, EHCI 1.00
[    4.896501] usb usb1: New USB device found, idVendor=1d6b, idProduct=0002
[    4.896594] usb usb1: New USB device strings: Mfr=3, Product=2, SerialNumber=1
[    4.896706] usb usb1: Product: EHCI Host Controller
[    4.896784] usb usb1: Manufacturer: Linux 2.6.32.57 ehci_hcd
[    4.896864] usb usb1: SerialNumber: 0000:00:1a.7
[    4.897004] usb usb1: configuration #1 chosen from 1 choice
[    4.897119] hub 1-0:1.0: USB hub found
[    4.897212] hub 1-0:1.0: 4 ports detected
[    4.897552] ehci_hcd 0000:00:1d.7: power state changed by ACPI to D0
[    4.897807] ehci_hcd 0000:00:1d.7: power state changed by ACPI to D0
[    4.897894] ehci_hcd 0000:00:1d.7: PCI INT D -> GSI 19 (level, low) -> IRQ 19
[    4.897985] ehci_hcd 0000:00:1d.7: setting latency timer to 64
[    4.897989] ehci_hcd 0000:00:1d.7: EHCI Host Controller
[    4.898110] ehci_hcd 0000:00:1d.7: new USB bus registered, assigned bus number 2
[    4.898253] ehci_hcd 0000:00:1d.7: debug port 1
[    4.902229] ehci_hcd 0000:00:1d.7: cache line size of 32 is not supported
[    4.902238] ehci_hcd 0000:00:1d.7: irq 19, io mem 0xfe227000
[    4.912407] ehci_hcd 0000:00:1d.7: USB 2.0 started, EHCI 1.00
[    4.912505] usb usb2: New USB device found, idVendor=1d6b, idProduct=0002
[    4.912589] usb usb2: New USB device strings: Mfr=3, Product=2, SerialNumber=1
[    4.912701] usb usb2: Product: EHCI Host Controller
[    4.912780] usb usb2: Manufacturer: Linux 2.6.32.57 ehci_hcd
[    4.912865] usb usb2: SerialNumber: 0000:00:1d.7
[    4.913006] usb usb2: configuration #1 chosen from 1 choice
[    4.913114] hub 2-0:1.0: USB hub found
[    4.913202] hub 2-0:1.0: 6 ports detected
[    4.913369] 116x: driver isp116x-hcd, 03 Nov 2005
[    4.913470] ohci_hcd: USB 1.1 'Open' Host Controller (OHCI) Driver
[    4.913579] uhci_hcd: USB Universal Host Controller Interface driver
[    4.913685] uhci_hcd 0000:00:1a.0: PCI INT A -> GSI 20 (level, low) -> IRQ 20
[    4.913775] uhci_hcd 0000:00:1a.0: setting latency timer to 64
[    4.913780] uhci_hcd 0000:00:1a.0: UHCI Host Controller
[    4.913904] uhci_hcd 0000:00:1a.0: new USB bus registered, assigned bus number 3
[    4.914046] uhci_hcd 0000:00:1a.0: irq 20, io base 0x00001860
[    4.914167] usb usb3: New USB device found, idVendor=1d6b, idProduct=0001
[    4.914251] usb usb3: New USB device strings: Mfr=3, Product=2, SerialNumber=1
[    4.914363] usb usb3: Product: UHCI Host Controller
[    4.914456] usb usb3: Manufacturer: Linux 2.6.32.57 uhci_hcd
[    4.914537] usb usb3: SerialNumber: 0000:00:1a.0
[    4.914668] usb usb3: configuration #1 chosen from 1 choice
[    4.914780] hub 3-0:1.0: USB hub found
[    4.914862] hub 3-0:1.0: 2 ports detected
[    4.915153] uhci_hcd 0000:00:1a.1: power state changed by ACPI to D0
[    4.915389] uhci_hcd 0000:00:1a.1: power state changed by ACPI to D0
[    4.915491] uhci_hcd 0000:00:1a.1: PCI INT B -> GSI 21 (level, low) -> IRQ 21
[    4.915580] uhci_hcd 0000:00:1a.1: setting latency timer to 64
[    4.915585] uhci_hcd 0000:00:1a.1: UHCI Host Controller
[    4.915710] uhci_hcd 0000:00:1a.1: new USB bus registered, assigned bus number 4
[    4.915858] uhci_hcd 0000:00:1a.1: irq 21, io base 0x00001880
[    4.915962] usb usb4: New USB device found, idVendor=1d6b, idProduct=0001
[    4.916052] usb usb4: New USB device strings: Mfr=3, Product=2, SerialNumber=1
[    4.916179] usb usb4: Product: UHCI Host Controller
[    4.916268] usb usb4: Manufacturer: Linux 2.6.32.57 uhci_hcd
[    4.916349] usb usb4: SerialNumber: 0000:00:1a.1
[    4.916486] usb usb4: configuration #1 chosen from 1 choice
[    4.916593] hub 4-0:1.0: USB hub found
[    4.916675] hub 4-0:1.0: 2 ports detected
[    4.916961] uhci_hcd 0000:00:1d.0: power state changed by ACPI to D0
[    4.917200] uhci_hcd 0000:00:1d.0: power state changed by ACPI to D0
[    4.917287] uhci_hcd 0000:00:1d.0: PCI INT A -> GSI 16 (level, low) -> IRQ 16
[    4.917380] uhci_hcd 0000:00:1d.0: setting latency timer to 64
[    4.917385] uhci_hcd 0000:00:1d.0: UHCI Host Controller
[    4.917516] uhci_hcd 0000:00:1d.0: new USB bus registered, assigned bus number 5
[    4.917662] uhci_hcd 0000:00:1d.0: irq 16, io base 0x000018a0
[    4.917770] usb usb5: New USB device found, idVendor=1d6b, idProduct=0001
[    4.917852] usb usb5: New USB device strings: Mfr=3, Product=2, SerialNumber=1
[    4.917964] usb usb5: Product: UHCI Host Controller
[    4.918043] usb usb5: Manufacturer: Linux 2.6.32.57 uhci_hcd
[    4.918128] usb usb5: SerialNumber: 0000:00:1d.0
[    4.918266] usb usb5: configuration #1 chosen from 1 choice
[    4.918380] hub 5-0:1.0: USB hub found
[    4.918472] hub 5-0:1.0: 2 ports detected
[    4.918611] uhci_hcd 0000:00:1d.1: PCI INT B -> GSI 17 (level, low) -> IRQ 17
[    4.918707] uhci_hcd 0000:00:1d.1: setting latency timer to 64
[    4.918712] uhci_hcd 0000:00:1d.1: UHCI Host Controller
[    4.918827] uhci_hcd 0000:00:1d.1: new USB bus registered, assigned bus number 6
[    4.918964] uhci_hcd 0000:00:1d.1: irq 17, io base 0x000018c0
[    4.919072] usb usb6: New USB device found, idVendor=1d6b, idProduct=0001
[    4.919167] usb usb6: New USB device strings: Mfr=3, Product=2, SerialNumber=1
[    4.919280] usb usb6: Product: UHCI Host Controller
[    4.919359] usb usb6: Manufacturer: Linux 2.6.32.57 uhci_hcd
[    4.919455] usb usb6: SerialNumber: 0000:00:1d.1
[    4.919580] usb usb6: configuration #1 chosen from 1 choice
[    4.919693] hub 6-0:1.0: USB hub found
[    4.919786] hub 6-0:1.0: 2 ports detected
[    4.920071] uhci_hcd 0000:00:1d.2: power state changed by ACPI to D0
[    4.920311] uhci_hcd 0000:00:1d.2: power state changed by ACPI to D0
[    4.920413] uhci_hcd 0000:00:1d.2: PCI INT C -> GSI 18 (level, low) -> IRQ 18
[    4.920500] uhci_hcd 0000:00:1d.2: setting latency timer to 64
[    4.920505] uhci_hcd 0000:00:1d.2: UHCI Host Controller
[    4.920638] uhci_hcd 0000:00:1d.2: new USB bus registered, assigned bus number 7
[    4.920782] uhci_hcd 0000:00:1d.2: irq 18, io base 0x000018e0
[    4.920889] usb usb7: New USB device found, idVendor=1d6b, idProduct=0001
[    4.920971] usb usb7: New USB device strings: Mfr=3, Product=2, SerialNumber=1
[    4.921086] usb usb7: Product: UHCI Host Controller
[    4.921167] usb usb7: Manufacturer: Linux 2.6.32.57 uhci_hcd
[    4.921250] usb usb7: SerialNumber: 0000:00:1d.2
[    4.922041] usb usb7: configuration #1 chosen from 1 choice
[    4.922156] hub 7-0:1.0: USB hub found
[    4.922237] hub 7-0:1.0: 2 ports detected
[    4.922396] sl811: driver sl811-hcd, 19 May 2005
[    4.922504] r8a66597_hcd: driver r8a66597_hcd, 2009-05-26
[    4.922664] Initializing USB Mass Storage driver...
[    4.922780] usbcore: registered new interface driver usb-storage
[    4.922875] USB Mass Storage support registered.
[    4.922984] usbcore: registered new interface driver ums-alauda
[    4.923090] usbcore: registered new interface driver ums-cypress
[    4.923190] usbcore: registered new interface driver ums-datafab
[    4.923289] usbcore: registered new interface driver ums-freecom
[    4.923387] usbcore: registered new interface driver ums-isd200
[    4.923496] usbcore: registered new interface driver ums-jumpshot
[    4.923595] usbcore: registered new interface driver ums-karma
[    4.923695] usbcore: registered new interface driver ums-onetouch
[    4.923801] usbcore: registered new interface driver ums-sddr09
[    4.923901] usbcore: registered new interface driver ums-sddr55
[    4.924010] usbcore: registered new interface driver ums-usbat
[    4.924150] PNP: PS/2 Controller [PNP0303:KBD,PNP0f13:MOU] at 0x60,0x64 irq 1,12
[    4.932365] serio: i8042 KBD port at 0x60,0x64 irq 1
[    4.932449] serio: i8042 AUX port at 0x60,0x64 irq 12
[    4.932682] mice: PS/2 mouse device common for all mice
[    4.932790] i2c /dev entries driver
[    4.932914] md: linear personality registered for level -1
[    4.933008] md: raid0 personality registered for level 0
[    4.933090] md: raid1 personality registered for level 1
[    4.933177] md: raid10 personality registered for level 10
[    4.933264] md: raid6 personality registered for level 6
[    4.933355] md: raid5 personality registered for level 5
[    4.933447] md: raid4 personality registered for level 4
[    4.933529] md: multipath personality registered for level -4
[    4.933726] device-mapper: ioctl: 4.15.0-ioctl (2009-04-01) initialised: dm-devel@redhat.com
[    4.933914] cpuidle: using governor ladder
[    4.934519] usbcore: registered new interface driver usbhid
[    4.934600] usbhid: v2.6:USB HID core driver
[    4.934754] random 0000 0000 0000 00000000 00000000: rand_read_num 4 get_random_bytes(136): sig 00000000 00000000 00000000
[    4.934757] random 0000 0000 0000 00000000 00000000: extract_entropy(.. 136 ..)
[    4.934760] random 0000 0000 0000 00000000 00000000: going to reseed nonblocking with 1024 bits (1088 of 0 requested)
[    4.934762] random 0000 0000 0000 00000000 00000000: extract_entropy(.. 128 ..)
[    4.934764] random 0000 0000 0000 00000000 00000000: trying to extract 1024 bits from input
[    4.934766] random 0000 0000 0000 00000000 00000000: debiting 0 entropy credits from input
[    4.934768] random 0000 0000 0000 00000000 00000000: extract_entropy account returned: 0 
[    4.934771] random 0000 0000 0000 00000000 00000000: urand_change_num 7 xfer_secondary_pool(136): pool_sig 00000000, data_sig 00000000, bytes_mixed 0 00000000 00000000
[    4.934774] random 0000 0000 0000 00000000 00000000: trying to extract 1088 bits from nonblocking
[    4.934777] random 0000 0000 0000 00000000 00000000: debiting 1088 entropy credits from nonblocking (unlimited)
[    4.934779] random 0000 0000 0000 00000000 00000000: extract_entropy account returned: 136 
[    4.934783] random 0000 0000 0000 00000000 00000000: urand_change_num 8 extract_buf: pool_sig 00000000, data_sig fffffff9, bytes_mixed 20 00000000 00000000
[    4.934788] random 0000 0000 0000 b7c35b56 be4dc95d: urand_change_num 9 extract_buf: pool_sig fffffd1e, data_sig 000000c5, bytes_mixed 20 b7c35b56 be4dc95d
[    4.934794] random 0000 0000 0000 ed9f5c47 c48487fb: urand_change_num 10 extract_buf: pool_sig fffff8ec, data_sig ffffff68, bytes_mixed 20 ed9f5c47 c48487fb
[    4.934799] random 0000 0000 0000 ed9f5c47 c48487fb: urand_change_num 11 extract_buf: pool_sig fffffaed, data_sig 000001aa, bytes_mixed 20 ed9f5c47 c48487fb
[    4.934804] random 0000 0000 0000 1b4f7c0a 91bd6a48: urand_change_num 12 extract_buf: pool_sig fffffdd8, data_sig 00000064, bytes_mixed 20 1b4f7c0a 91bd6a48
[    4.934809] random 0000 0000 0000 a254b9bc 20e9a24f: urand_change_num 13 extract_buf: pool_sig fffffbe6, data_sig 000001dd, bytes_mixed 20 a254b9bc 20e9a24f
[    4.934814] random 0000 0000 0000 a254b9bc 20e9a24f: urand_change_num 14 extract_buf: pool_sig fffff940, data_sig fffffe20, bytes_mixed 20 a254b9bc 20e9a24f
[    4.934819] random 0000 0000 0000 2831a66b 5fa2a3ad: urand_change_num 15 extract_buf: pool_sig fffffbce, data_sig 0000007e, bytes_mixed 20 2831a66b 5fa2a3ad
[    4.934825] random 0000 0000 0000 2831a66b 5fa2a3ad: urand_change_num 16 extract_buf: pool_sig 000004df, data_sig fffffe8f, bytes_mixed 20 2831a66b 5fa2a3ad
[    4.934830] random 0000 0000 0000 d4512bfd c9a54e0b: urand_change_num 17 extract_buf: pool_sig 00000485, data_sig fffffe68, bytes_mixed 20 d4512bfd c9a54e0b
[    4.934835] random 0000 0000 0000 c7371be6 f9ffea11: urand_change_num 18 extract_buf: pool_sig 00000095, data_sig ffffffed, bytes_mixed 20 c7371be6 f9ffea11
[    4.934840] random 0000 0000 0000 c7371be6 f9ffea11: urand_change_num 19 extract_buf: pool_sig 000003a7, data_sig fffffefa, bytes_mixed 20 c7371be6 f9ffea11
[    4.934845] random 0000 0000 0000 8fb4b62c d1ddba54: urand_change_num 20 extract_buf: pool_sig 00000179, data_sig ffffff78, bytes_mixed 20 8fb4b62c d1ddba54
[    4.934850] random 0000 0000 0000 9ff19f9c c07a1d2a: urand_change_num 21 extract_buf: pool_sig fffffe88, data_sig 00000126, bytes_mixed 20 9ff19f9c c07a1d2a
[    4.934855] TCP cubic registered
[    4.934932] Initializing XFRM netlink socket
[    4.935022] NET: Registered protocol family 17
[    4.935112] Using IPI Shortcut mode
[    4.935202] random 0000 0000 0000 9ff19f9c c07a1d2a: rand_read_num 5 get_random_bytes(8): sig 0000031b 9ff19f9c c07a1d2a
[    4.935204] random 0000 0000 0000 9ff19f9c c07a1d2a: extract_entropy(.. 8 ..)
[    4.935206] random 0000 0000 0000 9ff19f9c c07a1d2a: going to reseed nonblocking with 64 bits (64 of 0 requested)
[    4.935208] random 0000 0000 0000 9ff19f9c c07a1d2a: extract_entropy(.. 8 ..)
[    4.935210] random 0000 0000 0000 9ff19f9c c07a1d2a: trying to extract 64 bits from input
[    4.935212] random 0000 0000 0000 9ff19f9c c07a1d2a: debiting 0 entropy credits from input
[    4.935214] random 0000 0000 0000 9ff19f9c c07a1d2a: extract_entropy account returned: 0 
[    4.935217] random 0000 0000 0000 9ff19f9c c07a1d2a: urand_change_num 22 xfer_secondary_pool(8): pool_sig 0000031b, data_sig 00000000, bytes_mixed 0 9ff19f9c c07a1d2a
[    4.935220] random 0000 0000 0000 9ff19f9c c07a1d2a: trying to extract 64 bits from nonblocking
[    4.935222] random 0000 0000 0000 9ff19f9c c07a1d2a: debiting 64 entropy credits from nonblocking (unlimited)
[    4.935224] random 0000 0000 0000 9ff19f9c c07a1d2a: extract_entropy account returned: 8 
[    4.935228] random 0000 0000 0000 9ff19f9c c07a1d2a: urand_change_num 23 extract_buf: pool_sig 0000031b, data_sig ffffffb3, bytes_mixed 20 9ff19f9c c07a1d2a
[    4.937585] input: AT Translated Set 2 keyboard as /devices/platform/i8042/serio0/input/input1
[    5.126444] ata1: SATA link up 1.5 Gbps (SStatus 113 SControl 300)
[    5.126560] ata3: SATA link down (SStatus 0 SControl 300)
[    5.129337] ata1.00: ACPI cmd ef/02:00:00:00:00:a0 (SET FEATURES) succeeded
[    5.129340] ata1.00: ACPI cmd f5/00:00:00:00:00:a0 (SECURITY FREEZE LOCK) filtered out
[    5.130730] ata1.00: ACPI cmd ef/5f:00:00:00:00:a0 (SET FEATURES) succeeded
[    5.130733] ata1.00: ACPI cmd ef/10:03:00:00:00:a0 (SET FEATURES) filtered out
[    5.132641] ata1.00: ATA-7: ST910021AS, 4.06, max UDMA/100
[    5.132728] ata1.00: 195371568 sectors, multi 16: LBA48 
[    5.134879] ata1.00: ACPI cmd ef/02:00:00:00:00:a0 (SET FEATURES) succeeded
[    5.134882] ata1.00: ACPI cmd f5/00:00:00:00:00:a0 (SECURITY FREEZE LOCK) filtered out
[    5.136275] ata1.00: ACPI cmd ef/5f:00:00:00:00:a0 (SET FEATURES) succeeded
[    5.136277] ata1.00: ACPI cmd ef/10:03:00:00:00:a0 (SET FEATURES) filtered out
[    5.138203] ata1.00: configured for UDMA/100
[    5.148498] scsi 2:0:0:0: Direct-Access     ATA      ST910021AS       4.06 PQ: 0 ANSI: 5
[    5.148780] sd 2:0:0:0: [sda] 195371568 512-byte logical blocks: (100 GB/93.1 GiB)
[    5.148925] sd 2:0:0:0: [sda] Write Protect is off
[    5.149014] sd 2:0:0:0: [sda] Mode Sense: 00 3a 00 00
[    5.149026] sd 2:0:0:0: [sda] Write cache: enabled, read cache: enabled, doesn't support DPO or FUA
[    5.149205]  sda:
[    5.214444] usb 2-1: new high speed USB device using ehci_hcd and address 2
[    5.363705] usb 2-1: New USB device found, idVendor=0e8d, idProduct=1806
[    5.363798] usb 2-1: New USB device strings: Mfr=1, Product=2, SerialNumber=3
[    5.363888] usb 2-1: Product: MT1806 
[    5.363965] usb 2-1: Manufacturer: MediaTek Inc
[    5.364043] usb 2-1: SerialNumber: R8KN6GAC800AEB 
[    5.364178] usb 2-1: configuration #1 chosen from 1 choice
[    5.370502] scsi5 : SCSI emulation for USB Mass Storage devices
[    5.370666] usb-storage: device found at 2
[    5.370667] usb-storage: waiting for device to settle before scanning
[    5.564799]  sda1 sda2
[    5.565567] sd 2:0:0:0: [sda] Attached SCSI disk
[    5.565657] random 0000 0000 0000 277f73c3 42024bb9: rand_read_num 6 get_random_bytes(12): sig 000007e9 277f73c3 42024bb9
[    5.565660] random 0000 0000 0000 277f73c3 42024bb9: extract_entropy(.. 12 ..)
[    5.565662] random 0000 0000 0000 277f73c3 42024bb9: going to reseed nonblocking with 96 bits (96 of 0 requested)
[    5.565664] random 0000 0000 0000 277f73c3 42024bb9: extract_entropy(.. 12 ..)
[    5.565666] random 0000 0000 0000 277f73c3 42024bb9: trying to extract 96 bits from input
[    5.565668] random 0000 0000 0000 277f73c3 42024bb9: debiting 0 entropy credits from input
[    5.565670] random 0000 0000 0000 277f73c3 42024bb9: extract_entropy account returned: 0 
[    5.565674] random 0000 0000 0000 277f73c3 42024bb9: urand_change_num 24 xfer_secondary_pool(12): pool_sig 000007e9, data_sig 00000000, bytes_mixed 0 277f73c3 42024bb9
[    5.565676] random 0000 0000 0000 277f73c3 42024bb9: trying to extract 96 bits from nonblocking
[    5.565679] random 0000 0000 0000 277f73c3 42024bb9: debiting 96 entropy credits from nonblocking (unlimited)
[    5.565681] random 0000 0000 0000 277f73c3 42024bb9: extract_entropy account returned: 12 
[    5.565685] random 0000 0000 0000 277f73c3 42024bb9: urand_change_num 25 extract_buf: pool_sig 000007e9, data_sig 00000088, bytes_mixed 20 277f73c3 42024bb9
[    5.565690] random 0000 0000 0000 277f73c3 42024bb9: urand_change_num 26 extract_buf: pool_sig 00000498, data_sig fffffefb, bytes_mixed 20 277f73c3 42024bb9
[    5.565693] RANDOM - __seed init called.
[    5.565694] RANDOM - __seed init called.
[    5.565696] RANDOM - __seed init called.
[    5.565697] RANDOM - __random32 called. Change num 12.  Value: 87f14767	f0d7351	b1e48bd3
[    5.565699] RANDOM - random32_reseed called.  Value: 87f14767	f0d7351	b1e48bd3
[    5.565701] Pid: 1, comm: swapper Not tainted 2.6.32.57 #3
[    5.565793] Call Trace:
[    5.565874]  [<c1923ca4>] ? random32_reseed+0xa0/0xb1
[    5.565956]  [<c1923c04>] ? random32_reseed+0x0/0xb1
[    5.566044]  [<c100111e>] ? do_one_initcall+0x2e/0x180
[    5.566130]  [<c1907265>] ? kernel_init+0xad/0x103
[    5.566213]  [<c19071b8>] ? kernel_init+0x0/0x103
[    5.566298]  [<c1003787>] ? kernel_thread_helper+0x7/0x10
[    5.566836] random 0000 0000 0000 386b4e60 ee4d4880: rand_read_num 7 get_random_bytes(64): sig fffffea5 386b4e60 ee4d4880
[    5.566838] random 0000 0000 0000 386b4e60 ee4d4880: extract_entropy(.. 64 ..)
[    5.566841] random 0000 0000 0000 386b4e60 ee4d4880: going to reseed nonblocking with 512 bits (512 of 0 requested)
[    5.566843] random 0000 0000 0000 386b4e60 ee4d4880: extract_entropy(.. 64 ..)
[    5.566845] random 0000 0000 0000 386b4e60 ee4d4880: trying to extract 512 bits from input
[    5.566847] random 0000 0000 0000 386b4e60 ee4d4880: debiting 0 entropy credits from input
[    5.566849] random 0000 0000 0000 386b4e60 ee4d4880: extract_entropy account returned: 0 
[    5.566852] random 0000 0000 0000 386b4e60 ee4d4880: urand_change_num 27 xfer_secondary_pool(64): pool_sig fffffea5, data_sig 00000000, bytes_mixed 0 386b4e60 ee4d4880
[    5.566855] random 0000 0000 0000 386b4e60 ee4d4880: trying to extract 512 bits from nonblocking
[    5.566857] random 0000 0000 0000 386b4e60 ee4d4880: debiting 512 entropy credits from nonblocking (unlimited)
[    5.566859] random 0000 0000 0000 386b4e60 ee4d4880: extract_entropy account returned: 64 
[    5.566863] random 0000 0000 0000 386b4e60 ee4d4880: urand_change_num 28 extract_buf: pool_sig fffffea5, data_sig 00000173, bytes_mixed 20 386b4e60 ee4d4880
[    5.566869] random 0000 0000 0000 412698f6 0cc8689a: urand_change_num 29 extract_buf: pool_sig 00000122, data_sig ffffff63, bytes_mixed 20 412698f6 0cc8689a
[    5.566874] random 0000 0000 0000 412698f6 0cc8689a: urand_change_num 30 extract_buf: pool_sig 000001f7, data_sig 00000012, bytes_mixed 20 412698f6 0cc8689a
[    5.566879] random 0000 0000 0000 9669941e 06f768b1: urand_change_num 31 extract_buf: pool_sig fffffb5b, data_sig 0000003f, bytes_mixed 20 9669941e 06f768b1
[    5.566885] random 0000 0000 0000 98486520 995551f0: urand_change_num 32 extract_buf: pool_sig fffffb39, data_sig 0000000e, bytes_mixed 20 98486520 995551f0
[    5.566890] random 0000 0000 0000 98486520 995551f0: urand_change_num 33 extract_buf: pool_sig fffffd8d, data_sig 000001a6, bytes_mixed 20 98486520 995551f0
[    5.566895] random 0000 0000 0000 61fc8914 d5882ed2: urand_change_num 34 extract_buf: pool_sig fffffa58, data_sig 0000023e, bytes_mixed 20 61fc8914 d5882ed2
[    5.566925] random 0000 0000 0000 61fc8914 d5882ed2: rand_read_num 8 get_random_bytes(64): sig fffff9ee 61fc8914 d5882ed2
[    5.566927] random 0000 0000 0000 61fc8914 d5882ed2: extract_entropy(.. 64 ..)
[    5.566929] random 0000 0000 0000 61fc8914 d5882ed2: going to reseed nonblocking with 512 bits (512 of 0 requested)
[    5.566931] random 0000 0000 0000 61fc8914 d5882ed2: extract_entropy(.. 64 ..)
[    5.566933] random 0000 0000 0000 61fc8914 d5882ed2: trying to extract 512 bits from input
[    5.566935] random 0000 0000 0000 61fc8914 d5882ed2: debiting 0 entropy credits from input
[    5.566937] random 0000 0000 0000 61fc8914 d5882ed2: extract_entropy account returned: 0 
[    5.566940] random 0000 0000 0000 61fc8914 d5882ed2: urand_change_num 35 xfer_secondary_pool(64): pool_sig fffff9ee, data_sig 00000000, bytes_mixed 0 61fc8914 d5882ed2
[    5.566943] random 0000 0000 0000 61fc8914 d5882ed2: trying to extract 512 bits from nonblocking
[    5.566946] random 0000 0000 0000 61fc8914 d5882ed2: debiting 512 entropy credits from nonblocking (unlimited)
[    5.566948] random 0000 0000 0000 61fc8914 d5882ed2: extract_entropy account returned: 64 
[    5.566952] random 0000 0000 0000 61fc8914 d5882ed2: urand_change_num 36 extract_buf: pool_sig fffff9ee, data_sig ffffff85, bytes_mixed 20 61fc8914 d5882ed2
[    5.566957] random 0000 0000 0000 70cfd302 e5edec11: urand_change_num 37 extract_buf: pool_sig fffffdc1, data_sig ffffffde, bytes_mixed 20 70cfd302 e5edec11
[    5.566962] random 0000 0000 0000 00dab838 eafd2b30: urand_change_num 38 extract_buf: pool_sig 000003da, data_sig ffffff61, bytes_mixed 20 00dab838 eafd2b30
[    5.566967] random 0000 0000 0000 00dab838 eafd2b30: urand_change_num 39 extract_buf: pool_sig 00000314, data_sig 00000121, bytes_mixed 20 00dab838 eafd2b30
[    5.566972] random 0000 0000 0000 5fcdf66a 6442b608: urand_change_num 40 extract_buf: pool_sig 0000028b, data_sig fffffefd, bytes_mixed 20 5fcdf66a 6442b608
[    5.566978] random 0000 0000 0000 61333f6b 8fae0f9b: urand_change_num 41 extract_buf: pool_sig 000000cb, data_sig 000000b3, bytes_mixed 20 61333f6b 8fae0f9b
[    5.566983] random 0000 0000 0000 61333f6b 8fae0f9b: urand_change_num 42 extract_buf: pool_sig fffffef8, data_sig 00000051, bytes_mixed 20 61333f6b 8fae0f9b
[    5.566986] BEGIN NET_SECRET:
[    5.566987] \xffffffe0
[    5.566988] \xffffffb6
[    5.566988] \x36
[    5.566989] \xffffffb5
[    5.566990] \xffffff94
[    5.566991] \xffffffb2
[    5.566992] \xffffffa8
[    5.566993] \xffffffda
[    5.566993] \x5b
[    5.566994] \x19
[    5.566995] \x18
[    5.566995] \x5c
[    5.566996] \x2b
[    5.566997] \x1
[    5.566998] \xffffff90
[    5.566998] \x19
[    5.566999] \x3c
[    5.567000] \xfffffff2
[    5.567001] \xffffff82
[    5.567002] \x2a
[    5.567002] \xffffffb3
[    5.567003] \xffffffa2
[    5.567004] \x3f
[    5.567005] \x5
[    5.567005] \x52
[    5.567006] \x77
[    5.567007] \x57
[    5.567007] \x79
[    5.567008] \x16
[    5.567009] \x43
[    5.567009] \xffffff84
[    5.567010] \xffffffc3
[    5.567011] \xffffffe9
[    5.567012] \x79
[    5.567013] \x50
[    5.567013] \xffffff8e
[    5.567014] \x3f
[    5.567015] \xfffffff3
[    5.567016] \x19
[    5.567016] \x2a
[    5.567017] \xfffffffd
[    5.567018] \xfffffffb
[    5.567019] \x62
[    5.567019] \x3c
[    5.567020] \xffffffac
[    5.567021] \x1c
[    5.567022] \x3b
[    5.567022] \x3b
[    5.567023] \x15
[    5.567024] \x27
[    5.567024] \xffffffa8
[    5.567025] \x22
[    5.567026] \xffffffc5
[    5.567027] \xffffff9a
[    5.567027] \x5
[    5.567028] \x6c
[    5.567029] \xffffffa8
[    5.567030] \x3a
[    5.567030] \x44
[    5.567031] \xffffffaf
[    5.567032] \x13
[    5.567033] \xffffffe0
[    5.567033] \xffffff9d
[    5.567034] \x22
[    5.567035] 
[    5.567035] END NET_SECRET
[    5.567038] random 0000 0000 0000 e7f555d9 e8ce5c3c: rand_read_num 9 get_random_bytes(4): sig 0000068c e7f555d9 e8ce5c3c
[    5.567040] random 0000 0000 0000 e7f555d9 e8ce5c3c: extract_entropy(.. 4 ..)
[    5.567043] random 0000 0000 0000 e7f555d9 e8ce5c3c: going to reseed nonblocking with 64 bits (32 of 0 requested)
[    5.567045] random 0000 0000 0000 e7f555d9 e8ce5c3c: extract_entropy(.. 8 ..)
[    5.567047] random 0000 0000 0000 e7f555d9 e8ce5c3c: trying to extract 64 bits from input
[    5.567049] random 0000 0000 0000 e7f555d9 e8ce5c3c: debiting 0 entropy credits from input
[    5.567051] random 0000 0000 0000 e7f555d9 e8ce5c3c: extract_entropy account returned: 0 
[    5.567054] random 0000 0000 0000 e7f555d9 e8ce5c3c: urand_change_num 43 xfer_secondary_pool(4): pool_sig 0000068c, data_sig 00000000, bytes_mixed 0 e7f555d9 e8ce5c3c
[    5.567056] random 0000 0000 0000 e7f555d9 e8ce5c3c: trying to extract 32 bits from nonblocking
[    5.567059] random 0000 0000 0000 e7f555d9 e8ce5c3c: debiting 32 entropy credits from nonblocking (unlimited)
[    5.567061] random 0000 0000 0000 e7f555d9 e8ce5c3c: extract_entropy account returned: 4 
[    5.567065] random 0000 0000 0000 e7f555d9 e8ce5c3c: urand_change_num 44 extract_buf: pool_sig 0000068c, data_sig fffffdcb, bytes_mixed 20 e7f555d9 e8ce5c3c
[    5.567076] md: Waiting for all devices to be available before autodetect
[    5.567165] md: If you don't use raid, use raid=noautodetect
[    5.567326] md: Autodetecting RAID arrays.
[    5.567408] md: Scanned 0 and added 0 devices.
[    5.567493] md: autorun ...
[    5.567584] md: ... autorun DONE.
[    5.597553] EXT3-fs: sda2: couldn't mount because of unsupported optional features (240).
[    5.597784] EXT2-fs: sda2: couldn't mount because of unsupported optional features (240).
[    5.599062] random 0000 0000 0000 e7f555d9 e8ce5c3c: rand_read_num 10 get_random_bytes(4): sig ffffff72 e7f555d9 e8ce5c3c
[    5.599065] random 0000 0000 0000 e7f555d9 e8ce5c3c: extract_entropy(.. 4 ..)
[    5.599067] random 0000 0000 0000 e7f555d9 e8ce5c3c: going to reseed nonblocking with 64 bits (32 of 0 requested)
[    5.599069] random 0000 0000 0000 e7f555d9 e8ce5c3c: extract_entropy(.. 8 ..)
[    5.599071] random 0000 0000 0000 e7f555d9 e8ce5c3c: trying to extract 64 bits from input
[    5.599073] random 0000 0000 0000 e7f555d9 e8ce5c3c: debiting 0 entropy credits from input
[    5.599075] random 0000 0000 0000 e7f555d9 e8ce5c3c: extract_entropy account returned: 0 
[    5.599078] random 0000 0000 0000 e7f555d9 e8ce5c3c: urand_change_num 45 xfer_secondary_pool(4): pool_sig ffffff72, data_sig 00000000, bytes_mixed 0 e7f555d9 e8ce5c3c
[    5.599081] random 0000 0000 0000 e7f555d9 e8ce5c3c: trying to extract 32 bits from nonblocking
[    5.599084] random 0000 0000 0000 e7f555d9 e8ce5c3c: debiting 32 entropy credits from nonblocking (unlimited)
[    5.599086] random 0000 0000 0000 e7f555d9 e8ce5c3c: extract_entropy account returned: 4 
[    5.599090] random 0000 0000 0000 e7f555d9 e8ce5c3c: urand_change_num 46 extract_buf: pool_sig ffffff72, data_sig ffffff72, bytes_mixed 20 e7f555d9 e8ce5c3c
[    5.627263] EXT4-fs (sda2): mounted filesystem with ordered data mode
[    5.627448] VFS: Mounted root (ext4 filesystem) readonly on device 8:2.
[    5.627546] Freeing unused kernel memory: 448k freed
[    5.697903] random 0000 0000 0000 91716c54 eeb6a1e7: rand_read_num 11 get_random_bytes(16): sig fffffcad 91716c54 eeb6a1e7
[    5.697905] random 0000 0000 0000 91716c54 eeb6a1e7: extract_entropy(.. 16 ..)
[    5.697908] random 0000 0000 0000 91716c54 eeb6a1e7: going to reseed nonblocking with 128 bits (128 of 0 requested)
[    5.697910] random 0000 0000 0000 91716c54 eeb6a1e7: extract_entropy(.. 16 ..)
[    5.697912] random 0000 0000 0000 91716c54 eeb6a1e7: trying to extract 128 bits from input
[    5.697914] random 0000 0000 0000 91716c54 eeb6a1e7: debiting 0 entropy credits from input
[    5.697916] random 0000 0000 0000 91716c54 eeb6a1e7: extract_entropy account returned: 0 
[    5.697919] random 0000 0000 0000 91716c54 eeb6a1e7: urand_change_num 47 xfer_secondary_pool(16): pool_sig fffffcad, data_sig 00000000, bytes_mixed 0 91716c54 eeb6a1e7
[    5.697922] random 0000 0000 0000 91716c54 eeb6a1e7: trying to extract 128 bits from nonblocking
[    5.697924] random 0000 0000 0000 91716c54 eeb6a1e7: debiting 128 entropy credits from nonblocking (unlimited)
[    5.697926] random 0000 0000 0000 91716c54 eeb6a1e7: extract_entropy account returned: 16 
[    5.697930] random 0000 0000 0000 91716c54 eeb6a1e7: urand_change_num 48 extract_buf: pool_sig fffffcad, data_sig ffffff19, bytes_mixed 20 91716c54 eeb6a1e7
[    5.697936] random 0000 0000 0000 fd637b06 6cf47bc1: urand_change_num 49 extract_buf: pool_sig fffffede, data_sig ffffffc1, bytes_mixed 20 fd637b06 6cf47bc1
[    5.776340] random 0000 0000 0000 fd637b06 6cf47bc1: rand_read_num 12 get_random_bytes(16): sig 0000033b fd637b06 6cf47bc1
[    5.776343] random 0000 0000 0000 fd637b06 6cf47bc1: extract_entropy(.. 16 ..)
[    5.776345] random 0000 0000 0000 fd637b06 6cf47bc1: going to reseed nonblocking with 128 bits (128 of 0 requested)
[    5.776348] random 0000 0000 0000 fd637b06 6cf47bc1: extract_entropy(.. 16 ..)
[    5.776350] random 0000 0000 0000 fd637b06 6cf47bc1: trying to extract 128 bits from input
[    5.776352] random 0000 0000 0000 fd637b06 6cf47bc1: debiting 0 entropy credits from input
[    5.776354] random 0000 0000 0000 fd637b06 6cf47bc1: extract_entropy account returned: 0 
[    5.776357] random 0000 0000 0000 fd637b06 6cf47bc1: urand_change_num 50 xfer_secondary_pool(16): pool_sig 0000033b, data_sig 00000000, bytes_mixed 0 fd637b06 6cf47bc1
[    5.776360] random 0000 0000 0000 fd637b06 6cf47bc1: trying to extract 128 bits from nonblocking
[    5.776362] random 0000 0000 0000 fd637b06 6cf47bc1: debiting 128 entropy credits from nonblocking (unlimited)
[    5.776364] random 0000 0000 0000 fd637b06 6cf47bc1: extract_entropy account returned: 16 
[    5.776369] random 0000 0000 0000 fd637b06 6cf47bc1: urand_change_num 51 extract_buf: pool_sig 0000033b, data_sig 000000d8, bytes_mixed 20 fd637b06 6cf47bc1
[    5.776374] random 0000 0000 0000 0ec1f012 d4727ca8: urand_change_num 52 extract_buf: pool_sig fffffcf5, data_sig 00000016, bytes_mixed 20 0ec1f012 d4727ca8
[    6.147949] ieee1394: Host added: ID:BUS[0-00:1023]  GUID[00061b032a25f51c]
[    6.158637] random 0000 0000 0000 45b1d0b1 845a73f7: rand_read_num 13 get_random_bytes(16): sig 00000116 45b1d0b1 845a73f7
[    6.158639] random 0000 0000 0000 45b1d0b1 845a73f7: extract_entropy(.. 16 ..)
[    6.158642] random 0000 0000 0000 45b1d0b1 845a73f7: going to reseed nonblocking with 128 bits (128 of 0 requested)
[    6.158644] random 0000 0000 0000 45b1d0b1 845a73f7: extract_entropy(.. 16 ..)
[    6.158647] random 0000 0000 0000 45b1d0b1 845a73f7: trying to extract 128 bits from input
[    6.158649] random 0000 0000 0000 45b1d0b1 845a73f7: debiting 0 entropy credits from input
[    6.158651] random 0000 0000 0000 45b1d0b1 845a73f7: extract_entropy account returned: 0 
[    6.158654] random 0000 0000 0000 45b1d0b1 845a73f7: urand_change_num 53 xfer_secondary_pool(16): pool_sig 00000116, data_sig 00000000, bytes_mixed 0 45b1d0b1 845a73f7
[    6.158657] random 0000 0000 0000 45b1d0b1 845a73f7: trying to extract 128 bits from nonblocking
[    6.158659] random 0000 0000 0000 45b1d0b1 845a73f7: debiting 128 entropy credits from nonblocking (unlimited)
[    6.158661] random 0000 0000 0000 45b1d0b1 845a73f7: extract_entropy account returned: 16 
[    6.158665] random 0000 0000 0000 45b1d0b1 845a73f7: urand_change_num 54 extract_buf: pool_sig 00000116, data_sig fffffd8b, bytes_mixed 20 45b1d0b1 845a73f7
[    6.158670] random 0000 0000 0000 45b1d0b1 845a73f7: urand_change_num 55 extract_buf: pool_sig fffffc05, data_sig 00000109, bytes_mixed 20 45b1d0b1 845a73f7
[    6.211148] random 0000 0000 0000 5012cce3 b8a30621: rand_read_num 14 get_random_bytes(16): sig fffffb93 5012cce3 b8a30621
[    6.211151] random 0000 0000 0000 5012cce3 b8a30621: extract_entropy(.. 16 ..)
[    6.211154] random 0000 0000 0000 5012cce3 b8a30621: going to reseed nonblocking with 128 bits (128 of 0 requested)
[    6.211156] random 0000 0000 0000 5012cce3 b8a30621: extract_entropy(.. 16 ..)
[    6.211158] random 0000 0000 0000 5012cce3 b8a30621: trying to extract 128 bits from input
[    6.211160] random 0000 0000 0000 5012cce3 b8a30621: debiting 0 entropy credits from input
[    6.211162] random 0000 0000 0000 5012cce3 b8a30621: extract_entropy account returned: 0 
[    6.211166] random 0000 0000 0000 5012cce3 b8a30621: urand_change_num 56 xfer_secondary_pool(16): pool_sig fffffb93, data_sig 00000000, bytes_mixed 0 5012cce3 b8a30621
[    6.211168] random 0000 0000 0000 5012cce3 b8a30621: trying to extract 128 bits from nonblocking
[    6.211171] random 0000 0000 0000 5012cce3 b8a30621: debiting 128 entropy credits from nonblocking (unlimited)
[    6.211173] random 0000 0000 0000 5012cce3 b8a30621: extract_entropy account returned: 16 
[    6.211177] random 0000 0000 0000 5012cce3 b8a30621: urand_change_num 57 extract_buf: pool_sig fffffb93, data_sig ffffff35, bytes_mixed 20 5012cce3 b8a30621
[    6.211182] random 0000 0000 0000 5012cce3 b8a30621: urand_change_num 58 extract_buf: pool_sig fffffb9d, data_sig ffffff92, bytes_mixed 20 5012cce3 b8a30621
[    6.212546] random 0000 0000 0000 30a5721d 4b648ff6: rand_read_num 15 get_random_bytes(16): sig fffffeb5 30a5721d 4b648ff6
[    6.212548] random 0000 0000 0000 30a5721d 4b648ff6: extract_entropy(.. 16 ..)
[    6.212555] random 0000 0000 0000 30a5721d 4b648ff6: going to reseed nonblocking with 128 bits (128 of 0 requested)
[    6.212557] random 0000 0000 0000 30a5721d 4b648ff6: extract_entropy(.. 16 ..)
[    6.212560] random 0000 0000 0000 30a5721d 4b648ff6: trying to extract 128 bits from input
[    6.212562] random 0000 0000 0000 30a5721d 4b648ff6: debiting 0 entropy credits from input
[    6.212564] random 0000 0000 0000 30a5721d 4b648ff6: extract_entropy account returned: 0 
[    6.212567] random 0000 0000 0000 30a5721d 4b648ff6: urand_change_num 59 xfer_secondary_pool(16): pool_sig fffffeb5, data_sig 00000000, bytes_mixed 0 30a5721d 4b648ff6
[    6.212570] random 0000 0000 0000 30a5721d 4b648ff6: trying to extract 128 bits from nonblocking
[    6.212572] random 0000 0000 0000 30a5721d 4b648ff6: debiting 128 entropy credits from nonblocking (unlimited)
[    6.212574] random 0000 0000 0000 30a5721d 4b648ff6: extract_entropy account returned: 16 
[    6.212578] random 0000 0000 0000 30a5721d 4b648ff6: urand_change_num 60 extract_buf: pool_sig fffffeb5, data_sig 000000c2, bytes_mixed 20 30a5721d 4b648ff6
[    6.212584] random 0000 0000 0000 89bae1ab 704c432f: urand_change_num 61 extract_buf: pool_sig 0000006e, data_sig fffffefc, bytes_mixed 20 89bae1ab 704c432f
[    6.213129] random 0000 0000 0000 89bae1ab 704c432f: rand_read_num 16 get_random_bytes(16): sig fffffd99 89bae1ab 704c432f
[    6.213132] random 0000 0000 0000 89bae1ab 704c432f: extract_entropy(.. 16 ..)
[    6.213135] random 0000 0000 0000 89bae1ab 704c432f: going to reseed nonblocking with 128 bits (128 of 0 requested)
[    6.213137] random 0000 0000 0000 89bae1ab 704c432f: extract_entropy(.. 16 ..)
[    6.213139] random 0000 0000 0000 89bae1ab 704c432f: trying to extract 128 bits from input
[    6.213141] random 0000 0000 0000 89bae1ab 704c432f: debiting 0 entropy credits from input
[    6.213143] random 0000 0000 0000 89bae1ab 704c432f: extract_entropy account returned: 0 
[    6.213146] random 0000 0000 0000 89bae1ab 704c432f: urand_change_num 62 xfer_secondary_pool(16): pool_sig fffffd99, data_sig 00000000, bytes_mixed 0 89bae1ab 704c432f
[    6.213149] random 0000 0000 0000 89bae1ab 704c432f: trying to extract 128 bits from nonblocking
[    6.213152] random 0000 0000 0000 89bae1ab 704c432f: debiting 128 entropy credits from nonblocking (unlimited)
[    6.213154] random 0000 0000 0000 89bae1ab 704c432f: extract_entropy account returned: 16 
[    6.213158] random 0000 0000 0000 89bae1ab 704c432f: urand_change_num 63 extract_buf: pool_sig fffffd99, data_sig 00000204, bytes_mixed 20 89bae1ab 704c432f
[    6.213163] random 0000 0000 0000 6c298a02 2b1539f8: urand_change_num 64 extract_buf: pool_sig 00000124, data_sig fffffff5, bytes_mixed 20 6c298a02 2b1539f8
[    6.214048] random 0000 0000 0000 c77b8b35 70f6cab5: rand_read_num 17 get_random_bytes(16): sig 0000036b c77b8b35 70f6cab5
[    6.214051] random 0000 0000 0000 c77b8b35 70f6cab5: extract_entropy(.. 16 ..)
[    6.214054] random 0000 0000 0000 c77b8b35 70f6cab5: going to reseed nonblocking with 128 bits (128 of 0 requested)
[    6.214056] random 0000 0000 0000 c77b8b35 70f6cab5: extract_entropy(.. 16 ..)
[    6.214058] random 0000 0000 0000 c77b8b35 70f6cab5: trying to extract 128 bits from input
[    6.214060] random 0000 0000 0000 c77b8b35 70f6cab5: debiting 0 entropy credits from input
[    6.214062] random 0000 0000 0000 c77b8b35 70f6cab5: extract_entropy account returned: 0 
[    6.214065] random 0000 0000 0000 c77b8b35 70f6cab5: urand_change_num 65 xfer_secondary_pool(16): pool_sig 0000036b, data_sig 00000000, bytes_mixed 0 c77b8b35 70f6cab5
[    6.214068] random 0000 0000 0000 c77b8b35 70f6cab5: trying to extract 128 bits from nonblocking
[    6.214071] random 0000 0000 0000 c77b8b35 70f6cab5: debiting 128 entropy credits from nonblocking (unlimited)
[    6.214073] random 0000 0000 0000 c77b8b35 70f6cab5: extract_entropy account returned: 16 
[    6.214077] random 0000 0000 0000 c77b8b35 70f6cab5: urand_change_num 66 extract_buf: pool_sig 0000036b, data_sig 0000005f, bytes_mixed 20 c77b8b35 70f6cab5
[    6.214082] random 0000 0000 0000 c77b8b35 70f6cab5: urand_change_num 67 extract_buf: pool_sig ffffff1c, data_sig 0000005a, bytes_mixed 20 c77b8b35 70f6cab5
[    6.214674] random 0000 0000 0000 af21d212 57d20ca3: rand_read_num 18 get_random_bytes(16): sig fffffb7f af21d212 57d20ca3
[    6.214677] random 0000 0000 0000 af21d212 57d20ca3: extract_entropy(.. 16 ..)
[    6.214679] random 0000 0000 0000 af21d212 57d20ca3: going to reseed nonblocking with 128 bits (128 of 0 requested)
[    6.214682] random 0000 0000 0000 af21d212 57d20ca3: extract_entropy(.. 16 ..)
[    6.214684] random 0000 0000 0000 af21d212 57d20ca3: trying to extract 128 bits from input
[    6.214686] random 0000 0000 0000 af21d212 57d20ca3: debiting 0 entropy credits from input
[    6.214688] random 0000 0000 0000 af21d212 57d20ca3: extract_entropy account returned: 0 
[    6.214691] random 0000 0000 0000 af21d212 57d20ca3: urand_change_num 68 xfer_secondary_pool(16): pool_sig fffffb7f, data_sig 00000000, bytes_mixed 0 af21d212 57d20ca3
[    6.214694] random 0000 0000 0000 af21d212 57d20ca3: trying to extract 128 bits from nonblocking
[    6.214696] random 0000 0000 0000 af21d212 57d20ca3: debiting 128 entropy credits from nonblocking (unlimited)
[    6.214698] random 0000 0000 0000 af21d212 57d20ca3: extract_entropy account returned: 16 
[    6.214703] random 0000 0000 0000 af21d212 57d20ca3: urand_change_num 69 extract_buf: pool_sig fffffb7f, data_sig ffffff88, bytes_mixed 20 af21d212 57d20ca3
[    6.214708] random 0000 0000 0000 af21d212 57d20ca3: urand_change_num 70 extract_buf: pool_sig fffffe1d, data_sig ffffff17, bytes_mixed 20 af21d212 57d20ca3
[    6.215299] random 0000 0000 0000 ffbd26fd 21933274: rand_read_num 19 get_random_bytes(16): sig ffffffc7 ffbd26fd 21933274
[    6.215302] random 0000 0000 0000 ffbd26fd 21933274: extract_entropy(.. 16 ..)
[    6.215304] random 0000 0000 0000 ffbd26fd 21933274: going to reseed nonblocking with 128 bits (128 of 0 requested)
[    6.215307] random 0000 0000 0000 ffbd26fd 21933274: extract_entropy(.. 16 ..)
[    6.215309] random 0000 0000 0000 ffbd26fd 21933274: trying to extract 128 bits from input
[    6.215311] random 0000 0000 0000 ffbd26fd 21933274: debiting 0 entropy credits from input
[    6.215313] random 0000 0000 0000 ffbd26fd 21933274: extract_entropy account returned: 0 
[    6.215316] random 0000 0000 0000 ffbd26fd 21933274: urand_change_num 71 xfer_secondary_pool(16): pool_sig ffffffc7, data_sig 00000000, bytes_mixed 0 ffbd26fd 21933274
[    6.215319] random 0000 0000 0000 ffbd26fd 21933274: trying to extract 128 bits from nonblocking
[    6.215321] random 0000 0000 0000 ffbd26fd 21933274: debiting 128 entropy credits from nonblocking (unlimited)
[    6.215323] random 0000 0000 0000 ffbd26fd 21933274: extract_entropy account returned: 16 
[    6.215327] random 0000 0000 0000 ffbd26fd 21933274: urand_change_num 72 extract_buf: pool_sig ffffffc7, data_sig 0000013b, bytes_mixed 20 ffbd26fd 21933274
[    6.215333] random 0000 0000 0000 151530a2 56c65dd3: urand_change_num 73 extract_buf: pool_sig ffffffbf, data_sig 00000036, bytes_mixed 20 151530a2 56c65dd3
[    6.215890] random 0000 0000 0000 151530a2 56c65dd3: rand_read_num 20 get_random_bytes(16): sig 000001a7 151530a2 56c65dd3
[    6.215893] random 0000 0000 0000 151530a2 56c65dd3: extract_entropy(.. 16 ..)
[    6.215896] random 0000 0000 0000 151530a2 56c65dd3: going to reseed nonblocking with 128 bits (128 of 0 requested)
[    6.215898] random 0000 0000 0000 151530a2 56c65dd3: extract_entropy(.. 16 ..)
[    6.215900] random 0000 0000 0000 151530a2 56c65dd3: trying to extract 128 bits from input
[    6.215902] random 0000 0000 0000 151530a2 56c65dd3: debiting 0 entropy credits from input
[    6.215904] random 0000 0000 0000 151530a2 56c65dd3: extract_entropy account returned: 0 
[    6.215907] random 0000 0000 0000 151530a2 56c65dd3: urand_change_num 74 xfer_secondary_pool(16): pool_sig 000001a7, data_sig 00000000, bytes_mixed 0 151530a2 56c65dd3
[    6.215910] random 0000 0000 0000 151530a2 56c65dd3: trying to extract 128 bits from nonblocking
[    6.215913] random 0000 0000 0000 151530a2 56c65dd3: debiting 128 entropy credits from nonblocking (unlimited)
[    6.215915] random 0000 0000 0000 151530a2 56c65dd3: extract_entropy account returned: 16 
[    6.215919] random 0000 0000 0000 151530a2 56c65dd3: urand_change_num 75 extract_buf: pool_sig 000001a7, data_sig ffffffa1, bytes_mixed 20 151530a2 56c65dd3
[    6.215924] random 0000 0000 0000 5d3e132e d9a77eb3: urand_change_num 76 extract_buf: pool_sig fffffcc9, data_sig 00000013, bytes_mixed 20 5d3e132e d9a77eb3
[    6.266968] random 0000 0000 0000 264837ad 0a28fef5: rand_read_num 21 get_random_bytes(16): sig ffffffd0 264837ad 0a28fef5
[    6.266971] random 0000 0000 0000 264837ad 0a28fef5: extract_entropy(.. 16 ..)
[    6.266974] random 0000 0000 0000 264837ad 0a28fef5: going to reseed nonblocking with 128 bits (128 of 0 requested)
[    6.266976] random 0000 0000 0000 264837ad 0a28fef5: extract_entropy(.. 16 ..)
[    6.266978] random 0000 0000 0000 264837ad 0a28fef5: trying to extract 128 bits from input
[    6.266980] random 0000 0000 0000 264837ad 0a28fef5: debiting 0 entropy credits from input
[    6.266982] random 0000 0000 0000 264837ad 0a28fef5: extract_entropy account returned: 0 
[    6.266986] random 0000 0000 0000 264837ad 0a28fef5: urand_change_num 77 xfer_secondary_pool(16): pool_sig ffffffd0, data_sig 00000000, bytes_mixed 0 264837ad 0a28fef5
[    6.266988] random 0000 0000 0000 264837ad 0a28fef5: trying to extract 128 bits from nonblocking
[    6.266991] random 0000 0000 0000 264837ad 0a28fef5: debiting 128 entropy credits from nonblocking (unlimited)
[    6.266993] random 0000 0000 0000 264837ad 0a28fef5: extract_entropy account returned: 16 
[    6.266997] random 0000 0000 0000 264837ad 0a28fef5: urand_change_num 78 extract_buf: pool_sig ffffffd0, data_sig 0000017b, bytes_mixed 20 264837ad 0a28fef5
[    6.267003] random 0000 0000 0000 264837ad 0a28fef5: urand_change_num 79 extract_buf: pool_sig 0000045c, data_sig 000001df, bytes_mixed 20 264837ad 0a28fef5
[    6.268451] random 0000 0000 0000 f37f7344 164aede0: rand_read_num 22 get_random_bytes(16): sig 000003c2 f37f7344 164aede0
[    6.268454] random 0000 0000 0000 f37f7344 164aede0: extract_entropy(.. 16 ..)
[    6.268456] random 0000 0000 0000 f37f7344 164aede0: going to reseed nonblocking with 128 bits (128 of 0 requested)
[    6.268459] random 0000 0000 0000 f37f7344 164aede0: extract_entropy(.. 16 ..)
[    6.268461] random 0000 0000 0000 f37f7344 164aede0: trying to extract 128 bits from input
[    6.268463] random 0000 0000 0000 f37f7344 164aede0: debiting 0 entropy credits from input
[    6.268465] random 0000 0000 0000 f37f7344 164aede0: extract_entropy account returned: 0 
[    6.268468] random 0000 0000 0000 f37f7344 164aede0: urand_change_num 80 xfer_secondary_pool(16): pool_sig 000003c2, data_sig 00000000, bytes_mixed 0 f37f7344 164aede0
[    6.268471] random 0000 0000 0000 f37f7344 164aede0: trying to extract 128 bits from nonblocking
[    6.268473] random 0000 0000 0000 f37f7344 164aede0: debiting 128 entropy credits from nonblocking (unlimited)
[    6.268475] random 0000 0000 0000 f37f7344 164aede0: extract_entropy account returned: 16 
[    6.268479] random 0000 0000 0000 f37f7344 164aede0: urand_change_num 81 extract_buf: pool_sig 000003c2, data_sig ffffff6c, bytes_mixed 20 f37f7344 164aede0
[    6.268485] random 0000 0000 0000 f37f7344 164aede0: urand_change_num 82 extract_buf: pool_sig fffffdfc, data_sig 00000091, bytes_mixed 20 f37f7344 164aede0
[    6.291269] random 0000 0000 0000 a4794863 878070c1: rand_read_num 23 get_random_bytes(16): sig 0000011b a4794863 878070c1
[    6.291271] random 0000 0000 0000 a4794863 878070c1: extract_entropy(.. 16 ..)
[    6.291274] random 0000 0000 0000 a4794863 878070c1: going to reseed nonblocking with 128 bits (128 of 0 requested)
[    6.291277] random 0000 0000 0000 a4794863 878070c1: extract_entropy(.. 16 ..)
[    6.291279] random 0000 0000 0000 a4794863 878070c1: trying to extract 128 bits from input
[    6.291281] random 0000 0000 0000 a4794863 878070c1: debiting 0 entropy credits from input
[    6.291283] random 0000 0000 0000 a4794863 878070c1: extract_entropy account returned: 0 
[    6.291286] random 0000 0000 0000 a4794863 878070c1: urand_change_num 83 xfer_secondary_pool(16): pool_sig 0000011b, data_sig 00000000, bytes_mixed 0 a4794863 878070c1
[    6.291289] random 0000 0000 0000 a4794863 878070c1: trying to extract 128 bits from nonblocking
[    6.291291] random 0000 0000 0000 a4794863 878070c1: debiting 128 entropy credits from nonblocking (unlimited)
[    6.291293] random 0000 0000 0000 a4794863 878070c1: extract_entropy account returned: 16 
[    6.291298] random 0000 0000 0000 a4794863 878070c1: urand_change_num 84 extract_buf: pool_sig 0000011b, data_sig ffffff51, bytes_mixed 20 a4794863 878070c1
[    6.291303] random 0000 0000 0000 737f19b4 9417d8ab: urand_change_num 85 extract_buf: pool_sig 000001a3, data_sig 0000006c, bytes_mixed 20 737f19b4 9417d8ab
[    6.295366] random 0000 0000 0000 737f19b4 9417d8ab: rand_read_num 24 get_random_bytes(16): sig fffffe22 737f19b4 9417d8ab
[    6.295369] random 0000 0000 0000 737f19b4 9417d8ab: extract_entropy(.. 16 ..)
[    6.295371] random 0000 0000 0000 737f19b4 9417d8ab: going to reseed nonblocking with 128 bits (128 of 0 requested)
[    6.295374] random 0000 0000 0000 737f19b4 9417d8ab: extract_entropy(.. 16 ..)
[    6.295376] random 0000 0000 0000 737f19b4 9417d8ab: trying to extract 128 bits from input
[    6.295378] random 0000 0000 0000 737f19b4 9417d8ab: debiting 0 entropy credits from input
[    6.295380] random 0000 0000 0000 737f19b4 9417d8ab: extract_entropy account returned: 0 
[    6.295383] random 0000 0000 0000 737f19b4 9417d8ab: urand_change_num 86 xfer_secondary_pool(16): pool_sig fffffe22, data_sig 00000000, bytes_mixed 0 737f19b4 9417d8ab
[    6.295386] random 0000 0000 0000 737f19b4 9417d8ab: trying to extract 128 bits from nonblocking
[    6.295388] random 0000 0000 0000 737f19b4 9417d8ab: debiting 128 entropy credits from nonblocking (unlimited)
[    6.295390] random 0000 0000 0000 737f19b4 9417d8ab: extract_entropy account returned: 16 
[    6.295395] random 0000 0000 0000 737f19b4 9417d8ab: urand_change_num 87 extract_buf: pool_sig fffffe22, data_sig 00000230, bytes_mixed 20 737f19b4 9417d8ab
[    6.295400] random 0000 0000 0000 4deb0d06 1236af4c: urand_change_num 88 extract_buf: pool_sig 000000b6, data_sig ffffff44, bytes_mixed 20 4deb0d06 1236af4c
[    6.296397] random 0000 0000 0000 b538fadc 4a7613df: rand_read_num 25 get_random_bytes(16): sig 0000013c b538fadc 4a7613df
[    6.296399] random 0000 0000 0000 b538fadc 4a7613df: extract_entropy(.. 16 ..)
[    6.296402] random 0000 0000 0000 b538fadc 4a7613df: going to reseed nonblocking with 128 bits (128 of 0 requested)
[    6.296404] random 0000 0000 0000 b538fadc 4a7613df: extract_entropy(.. 16 ..)
[    6.296407] random 0000 0000 0000 b538fadc 4a7613df: trying to extract 128 bits from input
[    6.296409] random 0000 0000 0000 b538fadc 4a7613df: debiting 0 entropy credits from input
[    6.296411] random 0000 0000 0000 b538fadc 4a7613df: extract_entropy account returned: 0 
[    6.296414] random 0000 0000 0000 b538fadc 4a7613df: urand_change_num 89 xfer_secondary_pool(16): pool_sig 0000013c, data_sig 00000000, bytes_mixed 0 b538fadc 4a7613df
[    6.296417] random 0000 0000 0000 b538fadc 4a7613df: trying to extract 128 bits from nonblocking
[    6.296419] random 0000 0000 0000 b538fadc 4a7613df: debiting 128 entropy credits from nonblocking (unlimited)
[    6.296421] random 0000 0000 0000 b538fadc 4a7613df: extract_entropy account returned: 16 
[    6.296425] random 0000 0000 0000 b538fadc 4a7613df: urand_change_num 90 extract_buf: pool_sig 0000013c, data_sig 00000015, bytes_mixed 20 b538fadc 4a7613df
[    6.296431] random 0000 0000 0000 b538fadc 4a7613df: urand_change_num 91 extract_buf: pool_sig 00000452, data_sig 0000002b, bytes_mixed 20 b538fadc 4a7613df
[    6.296885] random 0000 0000 0000 73b17df4 93bb370e: rand_read_num 26 get_random_bytes(16): sig fffffbf1 73b17df4 93bb370e
[    6.296888] random 0000 0000 0000 73b17df4 93bb370e: extract_entropy(.. 16 ..)
[    6.296890] random 0000 0000 0000 73b17df4 93bb370e: going to reseed nonblocking with 128 bits (128 of 0 requested)
[    6.296893] random 0000 0000 0000 73b17df4 93bb370e: extract_entropy(.. 16 ..)
[    6.296895] random 0000 0000 0000 73b17df4 93bb370e: trying to extract 128 bits from input
[    6.296897] random 0000 0000 0000 73b17df4 93bb370e: debiting 0 entropy credits from input
[    6.296899] random 0000 0000 0000 73b17df4 93bb370e: extract_entropy account returned: 0 
[    6.296902] random 0000 0000 0000 73b17df4 93bb370e: urand_change_num 92 xfer_secondary_pool(16): pool_sig fffffbf1, data_sig 00000000, bytes_mixed 0 73b17df4 93bb370e
[    6.296905] random 0000 0000 0000 73b17df4 93bb370e: trying to extract 128 bits from nonblocking
[    6.296907] random 0000 0000 0000 73b17df4 93bb370e: debiting 128 entropy credits from nonblocking (unlimited)
[    6.296909] random 0000 0000 0000 73b17df4 93bb370e: extract_entropy account returned: 16 
[    6.296913] random 0000 0000 0000 73b17df4 93bb370e: urand_change_num 93 extract_buf: pool_sig fffffbf1, data_sig ffffff99, bytes_mixed 20 73b17df4 93bb370e
[    6.296919] random 0000 0000 0000 73b17df4 93bb370e: urand_change_num 94 extract_buf: pool_sig fffffe1d, data_sig 000000b0, bytes_mixed 20 73b17df4 93bb370e
[    6.297323] random 0000 0000 0000 0cd682bb ba04da9f: rand_read_num 27 get_random_bytes(16): sig fffffccb 0cd682bb ba04da9f
[    6.297326] random 0000 0000 0000 0cd682bb ba04da9f: extract_entropy(.. 16 ..)
[    6.297328] random 0000 0000 0000 0cd682bb ba04da9f: going to reseed nonblocking with 128 bits (128 of 0 requested)
[    6.297331] random 0000 0000 0000 0cd682bb ba04da9f: extract_entropy(.. 16 ..)
[    6.297333] random 0000 0000 0000 0cd682bb ba04da9f: trying to extract 128 bits from input
[    6.297335] random 0000 0000 0000 0cd682bb ba04da9f: debiting 0 entropy credits from input
[    6.297337] random 0000 0000 0000 0cd682bb ba04da9f: extract_entropy account returned: 0 
[    6.297340] random 0000 0000 0000 0cd682bb ba04da9f: urand_change_num 95 xfer_secondary_pool(16): pool_sig fffffccb, data_sig 00000000, bytes_mixed 0 0cd682bb ba04da9f
[    6.297343] random 0000 0000 0000 0cd682bb ba04da9f: trying to extract 128 bits from nonblocking
[    6.297345] random 0000 0000 0000 0cd682bb ba04da9f: debiting 128 entropy credits from nonblocking (unlimited)
[    6.297348] random 0000 0000 0000 0cd682bb ba04da9f: extract_entropy account returned: 16 
[    6.297352] random 0000 0000 0000 0cd682bb ba04da9f: urand_change_num 96 extract_buf: pool_sig fffffccb, data_sig fffffec5, bytes_mixed 20 0cd682bb ba04da9f
[    6.297357] random 0000 0000 0000 26929f1a 15254dc1: urand_change_num 97 extract_buf: pool_sig fffffed2, data_sig ffffffb1, bytes_mixed 20 26929f1a 15254dc1
[    6.298234] random 0000 0000 0000 26929f1a 15254dc1: rand_read_num 28 get_random_bytes(16): sig 00000038 26929f1a 15254dc1
[    6.298236] random 0000 0000 0000 26929f1a 15254dc1: extract_entropy(.. 16 ..)
[    6.298239] random 0000 0000 0000 26929f1a 15254dc1: going to reseed nonblocking with 128 bits (128 of 0 requested)
[    6.298241] random 0000 0000 0000 26929f1a 15254dc1: extract_entropy(.. 16 ..)
[    6.298243] random 0000 0000 0000 26929f1a 15254dc1: trying to extract 128 bits from input
[    6.298246] random 0000 0000 0000 26929f1a 15254dc1: debiting 0 entropy credits from input
[    6.298248] random 0000 0000 0000 26929f1a 15254dc1: extract_entropy account returned: 0 
[    6.298251] random 0000 0000 0000 26929f1a 15254dc1: urand_change_num 98 xfer_secondary_pool(16): pool_sig 00000038, data_sig 00000000, bytes_mixed 0 26929f1a 15254dc1
[    6.298254] random 0000 0000 0000 26929f1a 15254dc1: trying to extract 128 bits from nonblocking
[    6.298256] random 0000 0000 0000 26929f1a 15254dc1: debiting 128 entropy credits from nonblocking (unlimited)
[    6.298258] random 0000 0000 0000 26929f1a 15254dc1: extract_entropy account returned: 16 
[    6.298262] random 0000 0000 0000 26929f1a 15254dc1: urand_change_num 99 extract_buf: pool_sig 00000038, data_sig 000000fd, bytes_mixed 20 26929f1a 15254dc1
[    6.298268] random 0000 0000 0000 8116fe3b 478c2d5b: urand_change_num 100 extract_buf: pool_sig 00000059, data_sig 00000310, bytes_mixed 20 8116fe3b 478c2d5b
[    6.304907] random 0000 0000 0000 a20f4a3a 32a6b2fa: rand_read_num 29 get_random_bytes(16): sig 000002c0 a20f4a3a 32a6b2fa
[    6.304910] random 0000 0000 0000 a20f4a3a 32a6b2fa: extract_entropy(.. 16 ..)
[    6.304913] random 0000 0000 0000 a20f4a3a 32a6b2fa: going to reseed nonblocking with 128 bits (128 of 0 requested)
[    6.304915] random 0000 0000 0000 a20f4a3a 32a6b2fa: extract_entropy(.. 16 ..)
[    6.304917] random 0000 0000 0000 a20f4a3a 32a6b2fa: trying to extract 128 bits from input
[    6.304919] random 0000 0000 0000 a20f4a3a 32a6b2fa: debiting 0 entropy credits from input
[    6.304921] random 0000 0000 0000 a20f4a3a 32a6b2fa: extract_entropy account returned: 0 
[    6.304924] random 0000 0000 0000 a20f4a3a 32a6b2fa: urand_change_num 101 xfer_secondary_pool(16): pool_sig 000002c0, data_sig 00000000, bytes_mixed 0 a20f4a3a 32a6b2fa
[    6.304927] random 0000 0000 0000 a20f4a3a 32a6b2fa: trying to extract 128 bits from nonblocking
[    6.304929] random 0000 0000 0000 a20f4a3a 32a6b2fa: debiting 128 entropy credits from nonblocking (unlimited)
[    6.304931] random 0000 0000 0000 a20f4a3a 32a6b2fa: extract_entropy account returned: 16 
[    6.304936] random 0000 0000 0000 a20f4a3a 32a6b2fa: urand_change_num 102 extract_buf: pool_sig 000002c0, data_sig 000000fb, bytes_mixed 20 a20f4a3a 32a6b2fa
[    6.304941] random 0000 0000 0000 a20f4a3a 32a6b2fa: urand_change_num 103 extract_buf: pool_sig ffffffdd, data_sig 000000a5, bytes_mixed 20 a20f4a3a 32a6b2fa
[    6.317433] random 0000 0000 0000 de716d2a 6c4757e1: rand_read_num 30 get_random_bytes(16): sig 000000fa de716d2a 6c4757e1
[    6.317435] random 0000 0000 0000 de716d2a 6c4757e1: extract_entropy(.. 16 ..)
[    6.317438] random 0000 0000 0000 de716d2a 6c4757e1: going to reseed nonblocking with 128 bits (128 of 0 requested)
[    6.317440] random 0000 0000 0000 de716d2a 6c4757e1: extract_entropy(.. 16 ..)
[    6.317442] random 0000 0000 0000 de716d2a 6c4757e1: trying to extract 128 bits from input
[    6.317444] random 0000 0000 0000 de716d2a 6c4757e1: debiting 0 entropy credits from input
[    6.317446] random 0000 0000 0000 de716d2a 6c4757e1: extract_entropy account returned: 0 
[    6.317450] random 0000 0000 0000 de716d2a 6c4757e1: urand_change_num 104 xfer_secondary_pool(16): pool_sig 000000fa, data_sig 00000000, bytes_mixed 0 de716d2a 6c4757e1
[    6.317452] random 0000 0000 0000 de716d2a 6c4757e1: trying to extract 128 bits from nonblocking
[    6.317455] random 0000 0000 0000 de716d2a 6c4757e1: debiting 128 entropy credits from nonblocking (unlimited)
[    6.317457] random 0000 0000 0000 de716d2a 6c4757e1: extract_entropy account returned: 16 
[    6.317461] random 0000 0000 0000 de716d2a 6c4757e1: urand_change_num 105 extract_buf: pool_sig 000000fa, data_sig ffffff34, bytes_mixed 20 de716d2a 6c4757e1
[    6.317467] random 0000 0000 0000 de716d2a 6c4757e1: urand_change_num 106 extract_buf: pool_sig 000003d3, data_sig ffffff30, bytes_mixed 20 de716d2a 6c4757e1
[    6.318054] random 0000 0000 0000 a7c511e1 f90ea457: rand_read_num 31 get_random_bytes(16): sig 0000009a a7c511e1 f90ea457
[    6.318056] random 0000 0000 0000 a7c511e1 f90ea457: extract_entropy(.. 16 ..)
[    6.318059] random 0000 0000 0000 a7c511e1 f90ea457: going to reseed nonblocking with 128 bits (128 of 0 requested)
[    6.318061] random 0000 0000 0000 a7c511e1 f90ea457: extract_entropy(.. 16 ..)
[    6.318063] random 0000 0000 0000 a7c511e1 f90ea457: trying to extract 128 bits from input
[    6.318065] random 0000 0000 0000 a7c511e1 f90ea457: debiting 0 entropy credits from input
[    6.318067] random 0000 0000 0000 a7c511e1 f90ea457: extract_entropy account returned: 0 
[    6.318071] random 0000 0000 0000 a7c511e1 f90ea457: urand_change_num 107 xfer_secondary_pool(16): pool_sig 0000009a, data_sig 00000000, bytes_mixed 0 a7c511e1 f90ea457
[    6.318073] random 0000 0000 0000 a7c511e1 f90ea457: trying to extract 128 bits from nonblocking
[    6.318076] random 0000 0000 0000 a7c511e1 f90ea457: debiting 128 entropy credits from nonblocking (unlimited)
[    6.318078] random 0000 0000 0000 a7c511e1 f90ea457: extract_entropy account returned: 16 
[    6.318082] random 0000 0000 0000 a7c511e1 f90ea457: urand_change_num 108 extract_buf: pool_sig 0000009a, data_sig 000000e0, bytes_mixed 20 a7c511e1 f90ea457
[    6.318087] random 0000 0000 0000 7c18c7e6 d65ccb06: urand_change_num 109 extract_buf: pool_sig fffffa79, data_sig 000000e0, bytes_mixed 20 7c18c7e6 d65ccb06
[    6.318685] random 0000 0000 0000 7c18c7e6 d65ccb06: rand_read_num 32 get_random_bytes(16): sig fffffe1e 7c18c7e6 d65ccb06
[    6.318688] random 0000 0000 0000 7c18c7e6 d65ccb06: extract_entropy(.. 16 ..)
[    6.318690] random 0000 0000 0000 7c18c7e6 d65ccb06: going to reseed nonblocking with 128 bits (128 of 0 requested)
[    6.318693] random 0000 0000 0000 7c18c7e6 d65ccb06: extract_entropy(.. 16 ..)
[    6.318695] random 0000 0000 0000 7c18c7e6 d65ccb06: trying to extract 128 bits from input
[    6.318697] random 0000 0000 0000 7c18c7e6 d65ccb06: debiting 0 entropy credits from input
[    6.318699] random 0000 0000 0000 7c18c7e6 d65ccb06: extract_entropy account returned: 0 
[    6.318702] random 0000 0000 0000 7c18c7e6 d65ccb06: urand_change_num 110 xfer_secondary_pool(16): pool_sig fffffe1e, data_sig 00000000, bytes_mixed 0 7c18c7e6 d65ccb06
[    6.318705] random 0000 0000 0000 7c18c7e6 d65ccb06: trying to extract 128 bits from nonblocking
[    6.318707] random 0000 0000 0000 7c18c7e6 d65ccb06: debiting 128 entropy credits from nonblocking (unlimited)
[    6.318709] random 0000 0000 0000 7c18c7e6 d65ccb06: extract_entropy account returned: 16 
