[    0.000000] random 0000 0000 0000 00000000 00000000: rand_read_num 1 get_random_bytes(8): sig 00000000 00000000 00000000
[    0.000000] random 0000 0000 0000 00000000 00000000: extract_entropy(.. 8 ..)
[    0.000000] random 0000 0000 0000 00000000 00000000: going to reseed nonblocking with 64 bits (64 of 0 requested)
[    0.000000] random 0000 0000 0000 00000000 00000000: extract_entropy(.. 8 ..)
[    0.000000] random 0000 0000 0000 00000000 00000000: trying to extract 64 bits from input
[    0.000000] random 0000 0000 0000 00000000 00000000: debiting 0 entropy credits from input
[    0.000000] random 0000 0000 0000 00000000 00000000: extract_entropy account returned: 0 
[    0.000000] random 0000 0000 0000 00000000 00000000: urand_change_num 1 xfer_secondary_pool(8): pool_sig 00000000, data_sig 00000000, bytes_mixed 0 00000000 00000000
[    0.000000] random 0000 0000 0000 00000000 00000000: trying to extract 64 bits from nonblocking
[    0.000000] random 0000 0000 0000 00000000 00000000: debiting 64 entropy credits from nonblocking (unlimited)
[    0.000000] random 0000 0000 0000 00000000 00000000: extract_entropy account returned: 8 
[    0.000000] random 0000 0000 0000 00000000 00000000: urand_change_num 2 extract_buf: pool_sig 00000000, data_sig fffffff9, bytes_mixed 20 00000000 00000000
[    0.000000] Linux version 2.6.32.57 (dcashman@dcashman-02) (gcc version 4.3.3 (GCC) ) #3 Fri May 24 04:27:34 PDT 2013
[    0.000000] KERNEL supported cpus:
[    0.000000]   Intel GenuineIntel
[    0.000000]   AMD AuthenticAMD
[    0.000000]   NSC Geode by NSC
[    0.000000]   Cyrix CyrixInstead
[    0.000000]   Centaur CentaurHauls
[    0.000000]   Transmeta GenuineTMx86
[    0.000000]   Transmeta TransmetaCPU
[    0.000000]   UMC UMC UMC UMC
[    0.000000] BIOS-provided physical RAM map:
[    0.000000]  BIOS-e820: 0000000000000000 - 000000000009d800 (usable)
[    0.000000]  BIOS-e820: 000000000009d800 - 00000000000a0000 (reserved)
[    0.000000]  BIOS-e820: 00000000000d2000 - 00000000000d4000 (reserved)
[    0.000000]  BIOS-e820: 00000000000e0000 - 0000000000100000 (reserved)
[    0.000000]  BIOS-e820: 0000000000100000 - 000000003d6b0000 (usable)
[    0.000000]  BIOS-e820: 000000003d6b0000 - 000000003d6cc000 (ACPI data)
[    0.000000]  BIOS-e820: 000000003d6cc000 - 000000003d700000 (ACPI NVS)
[    0.000000]  BIOS-e820: 000000003d700000 - 000000003e000000 (reserved)
[    0.000000]  BIOS-e820: 00000000f0000000 - 00000000f4000000 (reserved)
[    0.000000]  BIOS-e820: 00000000fec00000 - 00000000fec10000 (reserved)
[    0.000000]  BIOS-e820: 00000000fed00000 - 00000000fed00400 (reserved)
[    0.000000]  BIOS-e820: 00000000fed14000 - 00000000fed1a000 (reserved)
[    0.000000]  BIOS-e820: 00000000fed1c000 - 00000000fed90000 (reserved)
[    0.000000]  BIOS-e820: 00000000fee00000 - 00000000fee01000 (reserved)
[    0.000000]  BIOS-e820: 00000000ff000000 - 0000000100000000 (reserved)
[    0.000000] DMI present.
[    0.000000] last_pfn = 0x3d6b0 max_arch_pfn = 0x100000
[    0.000000] MTRR default type: uncachable
[    0.000000] MTRR fixed ranges enabled:
[    0.000000]   00000-9FFFF write-back
[    0.000000]   A0000-BFFFF uncachable
[    0.000000]   C0000-CFFFF write-protect
[    0.000000]   D0000-DFFFF uncachable
[    0.000000]   E0000-FFFFF write-protect
[    0.000000] MTRR variable ranges enabled:
[    0.000000]   0 base 03E000000 mask FFE000000 uncachable
[    0.000000]   1 base 000000000 mask FC0000000 write-back
[    0.000000]   2 base 03D700000 mask FFFF00000 uncachable
[    0.000000]   3 base 03D800000 mask FFF800000 uncachable
[    0.000000]   4 disabled
[    0.000000]   5 disabled
[    0.000000]   6 disabled
[    0.000000]   7 disabled
[    0.000000] initial memory mapped : 0 - 02000000
[    0.000000] init_memory_mapping: 0000000000000000-00000000377fe000
[    0.000000]  0000000000 - 0000400000 page 4k
[    0.000000]  0000400000 - 0037400000 page 2M
[    0.000000]  0037400000 - 00377fe000 page 4k
[    0.000000] kernel direct mapping tables up to 377fe000 @ 7000-c000
[    0.000000] ACPI: RSDP 000f68d0 00024 (v02 LENOVO)
[    0.000000] ACPI: XSDT 3d6bb77f 00094 (v01 LENOVO TP-7L    00002170  LTP 00000000)
[    0.000000] ACPI: FACP 3d6bb900 000F4 (v03 LENOVO TP-7L    00002170 LNVO 00000001)
[    0.000000] ACPI Warning: 32/64X length mismatch in Gpe1Block: 0/32 (20090903/tbfadt-526)
[    0.000000] ACPI Warning: Optional field Gpe1Block has zero address or length: 000000000000102C/0 (20090903/tbfadt-557)
[    0.000000] ACPI: DSDT 3d6bbd1d 0FED1 (v01 LENOVO TP-7L    00002170 MSFT 03000000)
[    0.000000] ACPI: FACS 3d6e4000 00040
[    0.000000] ACPI: SSDT 3d6bbab4 00269 (v01 LENOVO TP-7L    00002170 MSFT 03000000)
[    0.000000] ACPI: ECDT 3d6cbbee 00052 (v01 LENOVO TP-7L    00002170 LNVO 00000001)
[    0.000000] ACPI: TCPA 3d6cbc40 00032 (v02 LENOVO TP-7L    00002170 LNVO 00000001)
[    0.000000] ACPI: APIC 3d6cbc72 00068 (v01 LENOVO TP-7L    00002170 LNVO 00000001)
[    0.000000] ACPI: MCFG 3d6cbcda 0003C (v01 LENOVO TP-7L    00002170 LNVO 00000001)
[    0.000000] ACPI: HPET 3d6cbd16 00038 (v01 LENOVO TP-7L    00002170 LNVO 00000001)
[    0.000000] ACPI: SLIC 3d6cbdf0 00176 (v01 LENOVO TP-7L    00002170  LTP 00000000)
[    0.000000] ACPI: BOOT 3d6cbf66 00028 (v01 LENOVO TP-7L    00002170  LTP 00000001)
[    0.000000] ACPI: ASF! 3d6cbf8e 00072 (v16 LENOVO TP-7L    00002170 PTL  00000001)
[    0.000000] ACPI: SSDT 3d6e26d9 0025F (v01 LENOVO TP-7L    00002170 INTL 20050513)
[    0.000000] ACPI: SSDT 3d6e2938 000A6 (v01 LENOVO TP-7L    00002170 INTL 20050513)
[    0.000000] ACPI: SSDT 3d6e29de 004F7 (v01 LENOVO TP-7L    00002170 INTL 20050513)
[    0.000000] ACPI: SSDT 3d6e2ed5 001D8 (v01 LENOVO TP-7L    00002170 INTL 20050513)
[    0.000000] ACPI: DMI detected: Lenovo ThinkPad R61
[    0.000000] ACPI: Added _OSI(Linux)
[    0.000000] ACPI: Local APIC address 0xfee00000
[    0.000000] 94MB HIGHMEM available.
[    0.000000] 887MB LOWMEM available.
[    0.000000]   mapped low ram: 0 - 377fe000
[    0.000000]   low ram: 0 - 377fe000
[    0.000000]   node 0 low ram: 00000000 - 377fe000
[    0.000000]   node 0 bootmap 00008000 - 0000ef00
[    0.000000] (6 early reservations) ==> bootmem [0000000000 - 00377fe000]
[    0.000000]   #0 [0000000000 - 0000001000]   BIOS data page ==> [0000000000 - 0000001000]
[    0.000000]   #1 [0001000000 - 0001bdc180]    TEXT DATA BSS ==> [0001000000 - 0001bdc180]
[    0.000000]   #2 [000009d800 - 0000100000]    BIOS reserved ==> [000009d800 - 0000100000]
[    0.000000]   #3 [0001bdd000 - 0001be516c]              BRK ==> [0001bdd000 - 0001be516c]
[    0.000000]   #4 [0000007000 - 0000008000]          PGTABLE ==> [0000007000 - 0000008000]
[    0.000000]   #5 [0000008000 - 000000f000]          BOOTMAP ==> [0000008000 - 000000f000]
[    0.000000] found SMP MP-table at [c00f6900] f6900
[    0.000000] Zone PFN ranges:
[    0.000000]   DMA      0x00000000 -> 0x00001000
[    0.000000]   Normal   0x00001000 -> 0x000377fe
[    0.000000]   HighMem  0x000377fe -> 0x0003d6b0
[    0.000000] Movable zone start PFN for each node
[    0.000000] early_node_map[2] active PFN ranges
[    0.000000]     0: 0x00000000 -> 0x0000009d
[    0.000000]     0: 0x00000100 -> 0x0003d6b0
[    0.000000] On node 0 totalpages: 251469
[    0.000000] free_area_init_node: node 0, pgdat c1901ea0, node_mem_map c1be7000
[    0.000000]   DMA zone: 32 pages used for memmap
[    0.000000]   DMA zone: 0 pages reserved
[    0.000000]   DMA zone: 3965 pages, LIFO batch:0
[    0.000000]   Normal zone: 1744 pages used for memmap
[    0.000000]   Normal zone: 221486 pages, LIFO batch:31
[    0.000000]   HighMem zone: 190 pages used for memmap
[    0.000000]   HighMem zone: 24052 pages, LIFO batch:3
[    0.000000] Using APIC driver default
[    0.000000] ACPI: PM-Timer IO Port: 0x1008
[    0.000000] ACPI: Local APIC address 0xfee00000
[    0.000000] ACPI: LAPIC (acpi_id[0x00] lapic_id[0x00] enabled)
[    0.000000] ACPI: LAPIC (acpi_id[0x01] lapic_id[0x01] enabled)
[    0.000000] ACPI: NR_CPUS/possible_cpus limit of 1 reached.  Processor 1/0x1 ignored.
[    0.000000] ACPI: LAPIC_NMI (acpi_id[0x00] high edge lint[0x1])
[    0.000000] ACPI: LAPIC_NMI (acpi_id[0x01] high edge lint[0x1])
[    0.000000] ACPI: IOAPIC (id[0x01] address[0xfec00000] gsi_base[0])
[    0.000000] IOAPIC[0]: apic_id 1, version 32, address 0xfec00000, GSI 0-23
[    0.000000] ACPI: INT_SRC_OVR (bus 0 bus_irq 0 global_irq 2 dfl dfl)
[    0.000000] ACPI: INT_SRC_OVR (bus 0 bus_irq 9 global_irq 9 high level)
[    0.000000] ACPI: IRQ0 used by override.
[    0.000000] ACPI: IRQ2 used by override.
[    0.000000] ACPI: IRQ9 used by override.
[    0.000000] Using ACPI (MADT) for SMP configuration information
[    0.000000] ACPI: HPET id: 0x8086a201 base: 0xfed00000
[    0.000000] nr_irqs_gsi: 24
[    0.000000] PM: Registered nosave memory: 000000000009d000 - 000000000009e000
[    0.000000] PM: Registered nosave memory: 000000000009e000 - 00000000000a0000
[    0.000000] PM: Registered nosave memory: 00000000000a0000 - 00000000000d2000
[    0.000000] PM: Registered nosave memory: 00000000000d2000 - 00000000000d4000
[    0.000000] PM: Registered nosave memory: 00000000000d4000 - 00000000000e0000
[    0.000000] PM: Registered nosave memory: 00000000000e0000 - 0000000000100000
[    0.000000] Allocating PCI resources starting at 3e000000 (gap: 3e000000:b2000000)
[    0.000000] Built 1 zonelists in Zone order, mobility grouping on.  Total pages: 249503
[    0.000000] Kernel command line: auto BOOT_IMAGE=Linux ro root=802 vt.default_utf8=0 maxcpus=0
[    0.000000] PID hash table entries: 4096 (order: 2, 16384 bytes)
[    0.000000] Dentry cache hash table entries: 131072 (order: 7, 524288 bytes)
[    0.000000] Inode-cache hash table entries: 65536 (order: 6, 262144 bytes)
[    0.000000] Enabling fast FPU save and restore... done.
[    0.000000] Enabling unmasked SIMD FPU exception support... done.
[    0.000000] Initializing CPU#0
[    0.000000] Initializing HighMem for node 0 (000377fe:0003d6b0)
[    0.000000] Memory: 984800k/1006272k available (6914k kernel code, 20876k reserved, 2328k data, 448k init, 96968k highmem)
[    0.000000] virtual kernel memory layout:
[    0.000000]     fixmap  : 0xfffa3000 - 0xfffff000   ( 368 kB)
[    0.000000]     pkmap   : 0xff800000 - 0xffc00000   (4096 kB)
[    0.000000]     vmalloc : 0xf7ffe000 - 0xff7fe000   ( 120 MB)
[    0.000000]     lowmem  : 0xc0000000 - 0xf77fe000   ( 887 MB)
[    0.000000]       .init : 0xc1907000 - 0xc1977000   ( 448 kB)
[    0.000000]       .data : 0xc16c0b5f - 0xc1906c64   (2328 kB)
[    0.000000]       .text : 0xc1000000 - 0xc16c0b5f   (6914 kB)
[    0.000000] Checking if this processor honours the WP bit even in supervisor mode...Ok.
[    0.000000] SLUB: Genslabs=13, HWalign=64, Order=0-3, MinObjects=0, CPUs=1, Nodes=1
[    0.000000] Hierarchical RCU implementation.
[    0.000000] NR_IRQS:288
[    0.000000] Extended CMOS year: 2000
[    0.000000] Console: colour VGA+ 80x25
[    0.000000] console [tty0] enabled
[    0.000000] hpet clockevent registered
[    0.000000] Fast TSC calibration using PIT
[    0.000000] Detected 2094.893 MHz processor.
[    0.001002] Calibrating delay loop (skipped), value calculated using timer frequency.. 4189.78 BogoMIPS (lpj=2094893)
[    0.001173] Security Framework initialized
[    0.001259] Mount-cache hash table entries: 512
[    0.002055] CPU: L1 I cache: 32K, L1 D cache: 32K
[    0.002180] CPU: L2 cache: 3072K
[    0.002265] mce: CPU supports 6 MCE banks
[    0.002349] CPU0: Thermal monitoring enabled (TM2)
[    0.002434] using mwait in idle threads.
[    0.002518] CPU: Intel(R) Core(TM)2 Duo CPU     T8100  @ 2.10GHz stepping 06
[    0.002704] Checking 'hlt' instruction... OK.
[    0.006941] ACPI: Core revision 20090903
[    0.026019] CANARY value: 7818f8d5 for PID: 1
[    0.026048] Enabling APIC mode:  Flat.  Using 1 I/O APICs
[    0.026505] ..TIMER: vector=0x30 apic1=0 pin1=2 apic2=-1 pin2=-1
[    0.036997] xor: automatically using best checksumming function: pIII_sse
[    0.040998]    pIII_sse  :  8568.000 MB/sec
[    0.041085] xor: using function: pIII_sse (8568.000 MB/sec)
[    0.041172] RANDOM - __seed init called.
[    0.041173] RANDOM - __seed init called.
[    0.041174] RANDOM - __seed init called.
[    0.041175] RANDOM - __random32 called. Change num 1.  Value: e6b75c0e	845fdb3c	4764ecc7
[    0.041177] RANDOM - __random32 called. Change num 2.  Value: 75c0e1a6	45fdb3ca	d98f8871
[    0.041179] RANDOM - __random32 called. Change num 3.  Value: e1a6d3e	5fdb3ca9	10e2be79
[    0.041181] RANDOM - __random32 called. Change num 4.  Value: a6d3e877	fdb3ca90	7cf2fee9
[    0.041182] RANDOM - __random32 called. Change num 5.  Value: 3e877b7b	db3ca905	fdd36ca1
[    0.041184] RANDOM - __random32 called. Change num 6.  Value: 77b7ba3d	b3ca905b	d9426901
[    0.041185] RANDOM - random32 init called.  Value: 77b7ba3d	b3ca905b	d9426901
[    0.041202] NET: Registered protocol family 16
[    0.041465] ACPI FADT declares the system doesn't support PCIe ASPM, so disable it
[    0.041586] ACPI: bus type pci registered
[    0.041757] PCI: MCFG configuration 0: base f0000000 segment 0 buses 0 - 63
[    0.041856] PCI: MCFG area at f0000000 reserved in E820
[    0.041945] PCI: Using MMCONFIG for extended config space
[    0.042002] PCI: Using configuration type 1 for base access
[    0.045154] bio: create slab <bio-0> at 0
[    0.045959] ACPI: EC: EC description table is found, configuring boot EC
[    0.051107] ACPI: BIOS _OSI(Linux) query honored via DMI
[    0.051832] random 0000 0000 0000 00000000 00000000: rand_read_num 2 get_random_bytes(8): sig fffffe1a 00000000 00000000
[    0.051835] random 0000 0000 0000 00000000 00000000: extract_entropy(.. 8 ..)
[    0.051838] random 0000 0000 0000 00000000 00000000: going to reseed nonblocking with 64 bits (64 of 0 requested)
[    0.051840] random 0000 0000 0000 00000000 00000000: extract_entropy(.. 8 ..)
[    0.051842] random 0000 0000 0000 00000000 00000000: trying to extract 64 bits from input
[    0.051844] random 0000 0000 0000 00000000 00000000: debiting 0 entropy credits from input
[    0.051846] random 0000 0000 0000 00000000 00000000: extract_entropy account returned: 0 
[    0.051875] random 0000 0000 0000 00000000 00000000: urand_change_num 3 xfer_secondary_pool(8): pool_sig fffffe1a, data_sig 00000000, bytes_mixed 0 00000000 00000000
[    0.051878] random 0000 0000 0000 00000000 00000000: trying to extract 64 bits from nonblocking
[    0.051880] random 0000 0000 0000 00000000 00000000: debiting 64 entropy credits from nonblocking (unlimited)
[    0.051882] random 0000 0000 0000 00000000 00000000: extract_entropy account returned: 8 
[    0.051886] random 0000 0000 0000 00000000 00000000: urand_change_num 4 extract_buf: pool_sig fffffe1a, data_sig fffffed7, bytes_mixed 20 00000000 00000000
[    0.056454] ACPI: Interpreter enabled
[    0.056539] ACPI: (supports S0 S3 S4 S5)
[    0.056871] ACPI: Using IOAPIC for interrupt routing
[    0.066673] ACPI: EC: GPE = 0x12, I/O: command/status = 0x66, data = 0x62
[    0.067020] ACPI: Power Resource [PUBS] (on)
[    0.069110] ACPI: ACPI Dock Station Driver: 3 docks/bays found
[    0.069522] ACPI: PCI Root Bridge [PCI0] (0000:00)
[    0.069694] pci 0000:00:02.0: reg 10 64bit mmio: [0xf8100000-0xf81fffff]
[    0.069700] pci 0000:00:02.0: reg 18 64bit mmio pref: [0xe0000000-0xefffffff]
[    0.069704] pci 0000:00:02.0: reg 20 io port: [0x1800-0x1807]
[    0.069739] pci 0000:00:02.1: reg 10 64bit mmio: [0xf8200000-0xf82fffff]
[    0.069839] pci 0000:00:19.0: reg 10 32bit mmio: [0xfe000000-0xfe01ffff]
[    0.069851] pci 0000:00:19.0: reg 14 32bit mmio: [0xfe025000-0xfe025fff]
[    0.069860] pci 0000:00:19.0: reg 18 io port: [0x1840-0x185f]
[    0.069926] pci 0000:00:19.0: PME# supported from D0 D3hot D3cold
[    0.070002] pci 0000:00:19.0: PME# disabled
[    0.070152] pci 0000:00:1a.0: reg 20 io port: [0x1860-0x187f]
[    0.070230] pci 0000:00:1a.1: reg 20 io port: [0x1880-0x189f]
[    0.070310] pci 0000:00:1a.7: reg 10 32bit mmio: [0xfe226c00-0xfe226fff]
[    0.070389] pci 0000:00:1a.7: PME# supported from D0 D3hot D3cold
[    0.070487] pci 0000:00:1a.7: PME# disabled
[    0.070631] pci 0000:00:1b.0: reg 10 64bit mmio: [0xfe020000-0xfe023fff]
[    0.070715] pci 0000:00:1b.0: PME# supported from D0 D3hot D3cold
[    0.070814] pci 0000:00:1b.0: PME# disabled
[    0.071049] pci 0000:00:1c.0: PME# supported from D0 D3hot D3cold
[    0.071142] pci 0000:00:1c.0: PME# disabled
[    0.071346] pci 0000:00:1c.1: PME# supported from D0 D3hot D3cold
[    0.071440] pci 0000:00:1c.1: PME# disabled
[    0.071653] pci 0000:00:1c.2: PME# supported from D0 D3hot D3cold
[    0.071747] pci 0000:00:1c.2: PME# disabled
[    0.071950] pci 0000:00:1c.3: PME# supported from D0 D3hot D3cold
[    0.071999] pci 0000:00:1c.3: PME# disabled
[    0.072854] pci 0000:00:1c.4: PME# supported from D0 D3hot D3cold
[    0.072999] pci 0000:00:1c.4: PME# disabled
[    0.073147] pci 0000:00:1d.0: reg 20 io port: [0x18a0-0x18bf]
[    0.073222] pci 0000:00:1d.1: reg 20 io port: [0x18c0-0x18df]
[    0.073306] pci 0000:00:1d.2: reg 20 io port: [0x18e0-0x18ff]
[    0.073395] pci 0000:00:1d.7: reg 10 32bit mmio: [0xfe227000-0xfe2273ff]
[    0.073486] pci 0000:00:1d.7: PME# supported from D0 D3hot D3cold
[    0.073592] pci 0000:00:1d.7: PME# disabled
[    0.073895] pci 0000:00:1f.0: quirk: region 1000-107f claimed by ICH6 ACPI/GPIO/TCO
[    0.074000] pci 0000:00:1f.0: quirk: region 1180-11bf claimed by ICH6 GPIO
[    0.074101] pci 0000:00:1f.0: ICH7 LPC Generic IO decode 1 PIO at 1600 (mask 007f)
[    0.074232] pci 0000:00:1f.0: ICH7 LPC Generic IO decode 2 PIO at 15e0 (mask 000f)
[    0.074362] pci 0000:00:1f.0: ICH7 LPC Generic IO decode 3 PIO at 1680 (mask 001f)
[    0.074590] pci 0000:00:1f.1: reg 10 io port: [0x00-0x07]
[    0.074597] pci 0000:00:1f.1: reg 14 io port: [0x00-0x03]
[    0.074608] pci 0000:00:1f.1: reg 18 io port: [0x00-0x07]
[    0.074620] pci 0000:00:1f.1: reg 1c io port: [0x00-0x03]
[    0.074629] pci 0000:00:1f.1: reg 20 io port: [0x1c00-0x1c0f]
[    0.074711] pci 0000:00:1f.2: reg 10 io port: [0x1c50-0x1c57]
[    0.074720] pci 0000:00:1f.2: reg 14 io port: [0x1c44-0x1c47]
[    0.074727] pci 0000:00:1f.2: reg 18 io port: [0x1c48-0x1c4f]
[    0.074736] pci 0000:00:1f.2: reg 1c io port: [0x1c40-0x1c43]
[    0.074744] pci 0000:00:1f.2: reg 20 io port: [0x1c20-0x1c3f]
[    0.074753] pci 0000:00:1f.2: reg 24 32bit mmio: [0xfe226000-0xfe2267ff]
[    0.074818] pci 0000:00:1f.2: PME# supported from D3hot
[    0.074914] pci 0000:00:1f.2: PME# disabled
[    0.075029] pci 0000:00:1f.3: reg 10 32bit mmio: [0xfe227400-0xfe2274ff]
[    0.075054] pci 0000:00:1f.3: reg 20 io port: [0x1c60-0x1c7f]
[    0.075143] pci 0000:00:1c.0: bridge io port: [0x2000-0x2fff]
[    0.075150] pci 0000:00:1c.0: bridge 32bit mmio: [0xfc000000-0xfdffffff]
[    0.075159] pci 0000:00:1c.0: bridge 64bit mmio pref: [0xf8000000-0xf80fffff]
[    0.075230] pci 0000:03:00.0: reg 10 64bit mmio: [0xdf3f0000-0xdf3fffff]
[    0.075426] pci 0000:00:1c.1: bridge io port: [0x3000-0x3fff]
[    0.075432] pci 0000:00:1c.1: bridge 32bit mmio: [0xdc000000-0xdf3fffff]
[    0.075440] pci 0000:00:1c.1: bridge 64bit mmio pref: [0xdfe00000-0xdfefffff]
[    0.075496] pci 0000:00:1c.2: bridge io port: [0x4000-0x4fff]
[    0.075502] pci 0000:00:1c.2: bridge 32bit mmio: [0xd8000000-0xd9ffffff]
[    0.075509] pci 0000:00:1c.2: bridge 64bit mmio pref: [0xdfb00000-0xdfbfffff]
[    0.075565] pci 0000:00:1c.3: bridge io port: [0x5000-0x5fff]
[    0.075570] pci 0000:00:1c.3: bridge 32bit mmio: [0xd4000000-0xd5ffffff]
[    0.075576] pci 0000:00:1c.3: bridge 64bit mmio pref: [0xdf800000-0xdf8fffff]
[    0.075632] pci 0000:00:1c.4: bridge io port: [0x6000-0x6fff]
[    0.075637] pci 0000:00:1c.4: bridge 32bit mmio: [0xd0000000-0xd1ffffff]
[    0.075646] pci 0000:00:1c.4: bridge 64bit mmio pref: [0xdf500000-0xdf5fffff]
[    0.075706] pci 0000:15:00.0: reg 10 32bit mmio: [0xf8300000-0xf8300fff]
[    0.075763] pci 0000:15:00.0: supports D1 D2
[    0.075764] pci 0000:15:00.0: PME# supported from D0 D1 D2 D3hot D3cold
[    0.075863] pci 0000:15:00.0: PME# disabled
[    0.076048] pci 0000:15:00.1: reg 10 32bit mmio: [0xf8301000-0xf83017ff]
[    0.076151] pci 0000:15:00.1: supports D1 D2
[    0.076153] pci 0000:15:00.1: PME# supported from D0 D1 D2 D3hot D3cold
[    0.076259] pci 0000:15:00.1: PME# disabled
[    0.076455] pci 0000:00:1e.0: transparent bridge
[    0.076557] pci 0000:00:1e.0: bridge io port: [0x7000-0xafff]
[    0.076563] pci 0000:00:1e.0: bridge 32bit mmio: [0xf8300000-0xfbffffff]
[    0.076570] pci 0000:00:1e.0: bridge 64bit mmio pref: [0xf4000000-0xf7ffffff]
[    0.076633] pci_bus 0000:00: on NUMA node 0
[    0.076637] ACPI: PCI Interrupt Routing Table [\_SB_.PCI0._PRT]
[    0.076770] ACPI: PCI Interrupt Routing Table [\_SB_.PCI0.EXP0._PRT]
[    0.076829] ACPI: PCI Interrupt Routing Table [\_SB_.PCI0.EXP1._PRT]
[    0.076887] ACPI: PCI Interrupt Routing Table [\_SB_.PCI0.EXP2._PRT]
[    0.076944] ACPI: PCI Interrupt Routing Table [\_SB_.PCI0.EXP3._PRT]
[    0.077027] ACPI: PCI Interrupt Routing Table [\_SB_.PCI0.EXP4._PRT]
[    0.077091] ACPI: PCI Interrupt Routing Table [\_SB_.PCI0.PCI1._PRT]
[    0.082536] ACPI: PCI Interrupt Link [LNKA] (IRQs 3 4 5 6 7 9 *10 11)
[    0.083359] ACPI: PCI Interrupt Link [LNKB] (IRQs 3 4 5 6 7 9 10 *11)
[    0.084159] ACPI: PCI Interrupt Link [LNKC] (IRQs 3 4 5 6 7 9 10 *11)
[    0.084959] ACPI: PCI Interrupt Link [LNKD] (IRQs 3 4 5 6 7 9 10 *11)
[    0.085746] ACPI: PCI Interrupt Link [LNKE] (IRQs 3 4 5 6 7 9 10 *11)
[    0.086576] ACPI: PCI Interrupt Link [LNKF] (IRQs 3 4 5 6 7 9 10 *11)
[    0.087407] ACPI: PCI Interrupt Link [LNKG] (IRQs 3 4 5 6 7 9 10 *11)
[    0.088256] ACPI: PCI Interrupt Link [LNKH] (IRQs 3 4 5 6 7 9 10 *11)
[    0.089048] vgaarb: device added: PCI:0000:00:02.0,decodes=io+mem,owns=io+mem,locks=none
[    0.089181] vgaarb: loaded
[    0.089363] SCSI subsystem initialized
[    0.089474] libata version 3.00 loaded.
[    0.089521] usbcore: registered new interface driver usbfs
[    0.089647] usbcore: registered new interface driver hub
[    0.089760] usbcore: registered new device driver usb
[    0.106035] raid6: int32x1    941 MB/s
[    0.123055] raid6: int32x2    890 MB/s
[    0.139990] raid6: int32x4    746 MB/s
[    0.156985] raid6: int32x8    656 MB/s
[    0.173987] raid6: mmxx1     2878 MB/s
[    0.190987] raid6: mmxx2     3269 MB/s
[    0.207991] raid6: sse1x1    1937 MB/s
[    0.224998] raid6: sse1x2    2535 MB/s
[    0.241977] raid6: sse2x1    3507 MB/s
[    0.258973] raid6: sse2x2    3828 MB/s
[    0.259067] raid6: using algorithm sse2x2 (3828 MB/s)
[    0.259168] PCI: Using ACPI for IRQ routing
[    0.259484] HPET: 3 timers in total, 0 timers will be used for per-cpu timer
[    0.259995] Switching to clocksource tsc
[    0.260107] pnp: PnP ACPI init
[    0.260197] ACPI: bus type pnp registered
[    0.263828] pnp: PnP ACPI: found 11 devices
[    0.263931] ACPI: ACPI bus type pnp unregistered
[    0.264029] system 00:00: iomem range 0x0-0x9ffff could not be reserved
[    0.264124] system 00:00: iomem range 0xc0000-0xc3fff could not be reserved
[    0.264215] system 00:00: iomem range 0xc4000-0xc7fff could not be reserved
[    0.264313] system 00:00: iomem range 0xc8000-0xcbfff has been reserved
[    0.264411] system 00:00: iomem range 0xcc000-0xcffff has been reserved
[    0.264510] system 00:00: iomem range 0xd0000-0xd3fff could not be reserved
[    0.264599] system 00:00: iomem range 0xe0000-0xe3fff could not be reserved
[    0.264695] system 00:00: iomem range 0xe4000-0xe7fff could not be reserved
[    0.264799] system 00:00: iomem range 0xe8000-0xebfff could not be reserved
[    0.264911] system 00:00: iomem range 0xec000-0xeffff could not be reserved
[    0.265011] system 00:00: iomem range 0xf0000-0xfffff could not be reserved
[    0.265103] system 00:00: iomem range 0x100000-0x3dffffff could not be reserved
[    0.265233] system 00:00: iomem range 0xfec00000-0xfed3ffff could not be reserved
[    0.265352] system 00:00: iomem range 0xfed4c000-0xffffffff could not be reserved
[    0.265489] system 00:02: ioport range 0x164e-0x164f has been reserved
[    0.265579] system 00:02: ioport range 0x1000-0x107f has been reserved
[    0.265675] system 00:02: ioport range 0x1180-0x11bf has been reserved
[    0.265770] system 00:02: ioport range 0x800-0x80f has been reserved
[    0.265864] system 00:02: ioport range 0x15e0-0x15ef has been reserved
[    0.265956] system 00:02: ioport range 0x1600-0x165f could not be reserved
[    0.266055] system 00:02: iomem range 0xf0000000-0xf3ffffff has been reserved
[    0.266155] system 00:02: iomem range 0xfed1c000-0xfed1ffff has been reserved
[    0.266246] system 00:02: iomem range 0xfed14000-0xfed17fff has been reserved
[    0.266336] system 00:02: iomem range 0xfed18000-0xfed18fff has been reserved
[    0.266439] system 00:02: iomem range 0xfed19000-0xfed19fff has been reserved
[    0.266530] system 00:02: iomem range 0xfed45000-0xfed4bfff has been reserved
[    0.301577] pci 0000:00:1c.0: PCI bridge, secondary bus 0000:02
[    0.301670] pci 0000:00:1c.0:   IO window: 0x2000-0x2fff
[    0.301761] pci 0000:00:1c.0:   MEM window: 0xfc000000-0xfdffffff
[    0.301858] pci 0000:00:1c.0:   PREFETCH window: 0x000000f8000000-0x000000f80fffff
[    0.301989] pci 0000:00:1c.1: PCI bridge, secondary bus 0000:03
[    0.302082] pci 0000:00:1c.1:   IO window: 0x3000-0x3fff
[    0.302177] pci 0000:00:1c.1:   MEM window: 0xdc000000-0xdf3fffff
[    0.302268] pci 0000:00:1c.1:   PREFETCH window: 0x000000dfe00000-0x000000dfefffff
[    0.302398] pci 0000:00:1c.2: PCI bridge, secondary bus 0000:04
[    0.302492] pci 0000:00:1c.2:   IO window: 0x4000-0x4fff
[    0.302583] pci 0000:00:1c.2:   MEM window: 0xd8000000-0xd9ffffff
[    0.302682] pci 0000:00:1c.2:   PREFETCH window: 0x000000dfb00000-0x000000dfbfffff
[    0.302808] pci 0000:00:1c.3: PCI bridge, secondary bus 0000:05
[    0.302912] pci 0000:00:1c.3:   IO window: 0x5000-0x5fff
[    0.303012] pci 0000:00:1c.3:   MEM window: 0xd4000000-0xd5ffffff
[    0.303110] pci 0000:00:1c.3:   PREFETCH window: 0x000000df800000-0x000000df8fffff
[    0.303250] pci 0000:00:1c.4: PCI bridge, secondary bus 0000:0d
[    0.303345] pci 0000:00:1c.4:   IO window: 0x6000-0x6fff
[    0.303443] pci 0000:00:1c.4:   MEM window: 0xd0000000-0xd1ffffff
[    0.303546] pci 0000:00:1c.4:   PREFETCH window: 0x000000df500000-0x000000df5fffff
[    0.303687] pci 0000:15:00.0: CardBus bridge, secondary bus 0000:16
[    0.303782] pci 0000:15:00.0:   IO window: 0x007000-0x0070ff
[    0.303887] pci 0000:15:00.0:   IO window: 0x007400-0x0074ff
[    0.303980] pci 0000:15:00.0:   PREFETCH window: 0xf4000000-0xf7ffffff
[    0.304076] pci 0000:15:00.0:   MEM window: 0x40000000-0x43ffffff
[    0.304180] pci 0000:00:1e.0: PCI bridge, secondary bus 0000:15
[    0.304271] pci 0000:00:1e.0:   IO window: 0x7000-0xafff
[    0.304372] pci 0000:00:1e.0:   MEM window: 0xf8300000-0xfbffffff
[    0.304468] pci 0000:00:1e.0:   PREFETCH window: 0x000000f4000000-0x000000f7ffffff
[    0.304616] pci 0000:00:1c.0: PCI INT A -> GSI 20 (level, low) -> IRQ 20
[    0.304717] pci 0000:00:1c.0: setting latency timer to 64
[    0.304731] pci 0000:00:1c.1: PCI INT B -> GSI 21 (level, low) -> IRQ 21
[    0.304833] pci 0000:00:1c.1: setting latency timer to 64
[    0.304849] pci 0000:00:1c.2: PCI INT C -> GSI 22 (level, low) -> IRQ 22
[    0.304948] pci 0000:00:1c.2: setting latency timer to 64
[    0.304962] pci 0000:00:1c.3: PCI INT D -> GSI 23 (level, low) -> IRQ 23
[    0.305055] pci 0000:00:1c.3: setting latency timer to 64
[    0.305066] pci 0000:00:1c.4: PCI INT A -> GSI 20 (level, low) -> IRQ 20
[    0.305160] pci 0000:00:1c.4: setting latency timer to 64
[    0.305167] pci 0000:00:1e.0: enabling device (0005 -> 0007)
[    0.305270] pci 0000:00:1e.0: setting latency timer to 64
[    0.305287] pci 0000:15:00.0: PCI INT A -> GSI 16 (level, low) -> IRQ 16
[    0.305382] pci 0000:15:00.0: setting latency timer to 64
[    0.305388] pci_bus 0000:00: resource 0 io:  [0x00-0xffff]
[    0.305390] pci_bus 0000:00: resource 1 mem: [0x000000-0xffffffff]
[    0.305392] pci_bus 0000:02: resource 0 io:  [0x2000-0x2fff]
[    0.305394] pci_bus 0000:02: resource 1 mem: [0xfc000000-0xfdffffff]
[    0.305396] pci_bus 0000:02: resource 2 pref mem [0xf8000000-0xf80fffff]
[    0.305397] pci_bus 0000:03: resource 0 io:  [0x3000-0x3fff]
[    0.305399] pci_bus 0000:03: resource 1 mem: [0xdc000000-0xdf3fffff]
[    0.305401] pci_bus 0000:03: resource 2 pref mem [0xdfe00000-0xdfefffff]
[    0.305403] pci_bus 0000:04: resource 0 io:  [0x4000-0x4fff]
[    0.305405] pci_bus 0000:04: resource 1 mem: [0xd8000000-0xd9ffffff]
[    0.305406] pci_bus 0000:04: resource 2 pref mem [0xdfb00000-0xdfbfffff]
[    0.305408] pci_bus 0000:05: resource 0 io:  [0x5000-0x5fff]
[    0.305410] pci_bus 0000:05: resource 1 mem: [0xd4000000-0xd5ffffff]
[    0.305412] pci_bus 0000:05: resource 2 pref mem [0xdf800000-0xdf8fffff]
[    0.305414] pci_bus 0000:0d: resource 0 io:  [0x6000-0x6fff]
[    0.305415] pci_bus 0000:0d: resource 1 mem: [0xd0000000-0xd1ffffff]
[    0.305417] pci_bus 0000:0d: resource 2 pref mem [0xdf500000-0xdf5fffff]
[    0.305419] pci_bus 0000:15: resource 0 io:  [0x7000-0xafff]
[    0.305421] pci_bus 0000:15: resource 1 mem: [0xf8300000-0xfbffffff]
[    0.305423] pci_bus 0000:15: resource 2 pref mem [0xf4000000-0xf7ffffff]
[    0.305424] pci_bus 0000:15: resource 3 io:  [0x00-0xffff]
[    0.305426] pci_bus 0000:15: resource 4 mem: [0x000000-0xffffffff]
[    0.305428] pci_bus 0000:16: resource 0 io:  [0x7000-0x70ff]
[    0.305429] pci_bus 0000:16: resource 1 io:  [0x7400-0x74ff]
[    0.305431] pci_bus 0000:16: resource 2 pref mem [0xf4000000-0xf7ffffff]
[    0.305433] pci_bus 0000:16: resource 3 mem: [0x40000000-0x43ffffff]
[    0.305441] NET: Registered protocol family 2
[    0.305545] RANDOM - __random32 called. Change num 7.  Value: 7ba3d01e	3ca905be	d2026a24
[    0.305547] RANDOM - random32 called.  Value: 7ba3d01e	3ca905be	d2026a24
[    0.305551] random 0000 0000 0000 5f8db4e5 4cfdf2a8: rand_read_num 3 get_random_bytes(4): sig fffffb64 5f8db4e5 4cfdf2a8
[    0.305553] random 0000 0000 0000 5f8db4e5 4cfdf2a8: extract_entropy(.. 4 ..)
[    0.305556] random 0000 0000 0000 5f8db4e5 4cfdf2a8: going to reseed nonblocking with 64 bits (32 of 0 requested)
[    0.305558] random 0000 0000 0000 5f8db4e5 4cfdf2a8: extract_entropy(.. 8 ..)
[    0.305560] random 0000 0000 0000 5f8db4e5 4cfdf2a8: trying to extract 64 bits from input
[    0.305562] random 0000 0000 0000 5f8db4e5 4cfdf2a8: debiting 0 entropy credits from input
[    0.305564] random 0000 0000 0000 5f8db4e5 4cfdf2a8: extract_entropy account returned: 0 
[    0.305567] random 0000 0000 0000 5f8db4e5 4cfdf2a8: urand_change_num 5 xfer_secondary_pool(4): pool_sig fffffb64, data_sig 00000000, bytes_mixed 0 5f8db4e5 4cfdf2a8
[    0.305570] random 0000 0000 0000 5f8db4e5 4cfdf2a8: trying to extract 32 bits from nonblocking
[    0.305572] random 0000 0000 0000 5f8db4e5 4cfdf2a8: debiting 32 entropy credits from nonblocking (unlimited)
[    0.305574] random 0000 0000 0000 5f8db4e5 4cfdf2a8: extract_entropy account returned: 4 
[    0.305578] random 0000 0000 0000 5f8db4e5 4cfdf2a8: urand_change_num 6 extract_buf: pool_sig fffffb64, data_sig 00000241, bytes_mixed 20 5f8db4e5 4cfdf2a8
[    0.305588] IP route cache hash table entries: 32768 (order: 5, 131072 bytes)
[    0.305724] RANDOM - __random32 called. Change num 8.  Value: 3d01e034	ca905be7	d4484227
[    0.305726] RANDOM - random32 called.  Value: 3d01e034	ca905be7	d4484227
[    0.305736] RANDOM - __random32 called. Change num 9.  Value: 1e034020	a905be70	844ec14a
[    0.305738] RANDOM - random32 called.  Value: 1e034020	a905be70	844ec14a
[    0.305740] RANDOM - __random32 called. Change num 10.  Value: 34020ec0	905be706	8294c719
[    0.305741] RANDOM - random32 called.  Value: 34020ec0	905be706	8294c719
[    0.305751] RANDOM - __random32 called. Change num 11.  Value: 20ec0ebb	5be7068	8e32c65f
[    0.305753] RANDOM - random32 called.  Value: 20ec0ebb	5be7068	8e32c65f
[    0.305763] TCP established hash table entries: 131072 (order: 8, 1048576 bytes)
[    0.306258] TCP bind hash table entries: 65536 (order: 6, 262144 bytes)
[    0.306444] TCP: Hash tables configured (established 131072 bind 65536)
[    0.306546] TCP reno registered
[    0.306651] NET: Registered protocol family 1
[    0.306771] RPC: Registered udp transport module.
[    0.306878] RPC: Registered tcp transport module.
[    0.306971] RPC: Registered tcp NFSv4.1 backchannel transport module.
[    0.307068] pci 0000:00:02.0: Boot video device
[    0.307280] Simple Boot Flag at 0x35 set to 0x1
[    0.307797] highmem bounce pool size: 64 pages
[    0.309360] VFS: Disk quotas dquot_6.5.2
[    0.309485] Dquot-cache hash table entries: 1024 (order 0, 4096 bytes)
[    0.310168] NTFS driver 2.1.29 [Flags: R/W].
[    0.310328] ROMFS MTD (C) 2007 Red Hat, Inc.
[    0.310538] JFS: nTxBlock = 7695, nTxLock = 61562
[    0.313011] SGI XFS with ACLs, security attributes, large block/inode numbers, no debug enabled
[    0.313501] SGI XFS Quota Management subsystem
[    0.313797] Slow work thread pool: Starting up
[    0.313956] Slow work thread pool: Ready
[    0.314053] GFS2 (built May 24 2013 02:47:17) installed
[    0.314145] msgmni has been set to 1734
[    0.314313] alg: No test for cipher_null (cipher_null-generic)
[    0.314418] alg: No test for ecb(cipher_null) (ecb-cipher_null)
[    0.314520] alg: No test for digest_null (digest_null-generic)
[    0.314622] alg: No test for compress_null (compress_null-generic)
[    0.315191] alg: No test for fcrypt (fcrypt-generic)
[    0.316607] alg: No test for stdrng (krng)
[    0.316698] async_tx: api initialized (async)
[    0.316858] Block layer SCSI generic (bsg) driver version 0.4 loaded (major 254)
[    0.316977] io scheduler noop registered
[    0.317065] io scheduler anticipatory registered
[    0.317151] io scheduler deadline registered
[    0.317285] io scheduler cfq registered (default)
[    0.317530] pcieport 0000:00:1c.0: irq 24 for MSI/MSI-X
[    0.317547] pcieport 0000:00:1c.0: setting latency timer to 64
[    0.317729] pcieport 0000:00:1c.1: irq 25 for MSI/MSI-X
[    0.317740] pcieport 0000:00:1c.1: setting latency timer to 64
[    0.317939] pcieport 0000:00:1c.2: irq 26 for MSI/MSI-X
[    0.317951] pcieport 0000:00:1c.2: setting latency timer to 64
[    0.318129] pcieport 0000:00:1c.3: irq 27 for MSI/MSI-X
[    0.318140] pcieport 0000:00:1c.3: setting latency timer to 64
[    0.318316] pcieport 0000:00:1c.4: irq 28 for MSI/MSI-X
[    0.318328] pcieport 0000:00:1c.4: setting latency timer to 64
[    0.318470] pci_hotplug: PCI Hot Plug PCI Core version: 0.5
[    0.318659] isapnp: Scanning for PnP cards...
[    0.679197] isapnp: No Plug & Play device found
[    0.679289] random 0000 0000 0000 5f8db4e5 4cfdf2a8: initializing
[    0.698767] Serial: 8250/16550 driver, 4 ports, IRQ sharing enabled
[    3.709408] floppy0: no floppy controllers found
[    3.710347] brd: module loaded
[    3.710851] loop: module loaded
[    3.710941] Compaq SMART2 Driver (v 2.6.0)
[    3.711072] HP CISS Driver (v 3.6.20)
[    3.711320] input: Macintosh mouse button emulation as /devices/virtual/input/input0
[    3.711464] Uniform Multi-Platform E-IDE driver
[    3.711690] piix 0000:00:1f.1: IDE controller (0x8086:0x2850 rev 0x03)
[    3.711797] pci 0000:00:1f.1: PCI INT C -> GSI 16 (level, low) -> IRQ 16
[    3.711900] piix 0000:00:1f.1: IDE port disabled
[    3.711996] piix 0000:00:1f.1: not 100% native mode: will probe irqs later
[    3.712092]     ide0: BM-DMA at 0x1c00-0x1c07
[    3.712199] Probing IDE interface ide0...
[    4.383539] hda: HL-DT-ST DVDRAM GSA-U10N, ATAPI CD/DVD-ROM drive
[    4.690311] hda: host max PIO4 wanted PIO255(auto-tune) selected PIO4
[    4.691086] hda: UDMA/33 mode selected
[    4.691545] ide0 at 0x1f0-0x1f7,0x3f6 on irq 14
[    4.695457] ide-gd driver 1.18
[    4.695566] ide-cd driver 5.00
[    4.696963] ide-cd: hda: ATAPI 24X DVD-ROM DVD-R/RAM CD-R/RW drive, 2048kB Cache
[    4.697411] Uniform CD-ROM driver Revision: 3.20
[    4.704465] Loading iSCSI transport class v2.0-870.
[    4.704753] rdac: device handler registered
[    4.704842] hp_sw: device handler registered
[    4.704928] emc: device handler registered
[    4.705019] alua: device handler registered
[    4.706010] Adaptec aacraid driver 1.1-5[2461]-ms
[    4.706421] scsi: <fdomain> Detection failed (no card)
[    4.706519] sym53c416.c: Version 1.0.0-ac
[    4.706643] qlogicfas: no cards were found, please specify I/O address and IRQ using iobase= and irq= options
[    4.706767] QLogic Fibre Channel HBA Driver: 8.03.01-k6
[    4.706990] iscsi: registered transport (qla4xxx)
[    4.707099] QLogic iSCSI HBA Driver
[    4.707189] Emulex LightPulse Fibre Channel SCSI driver 8.3.4
[    4.707286] Copyright(c) 2004-2009 Emulex.  All rights reserved.
[    4.729291] Failed initialization of WD-7000 SCSI card!
[    4.818517] DC390: clustering now enabled by default. If you get problems load
[    4.818644]        with "disable_clustering=1" and report to maintainers
[    4.818786] megaraid cmm: 2.20.2.7 (Release Date: Sun Jul 16 00:01:03 EST 2006)
[    4.818939] megaraid: 2.20.5.1 (Release Date: Thu Nov 16 15:32:35 EST 2006)
[    4.819052] megasas: 00.00.04.01 Thu July 24 11:41:51 PST 2008
[    4.819189] GDT-HA: Storage RAID Controller Driver. Version: 3.05
[    4.819341] 3ware Storage Controller device driver for Linux v1.26.02.002.
[    4.819458] 3ware 9000 Storage Controller device driver for Linux v2.26.02.012.
[    4.819600] nsp32: loading...
[    4.819717] ipr: IBM Power RAID SCSI Device Driver version: 2.4.3 (June 10, 2009)
[    4.819867] RocketRAID 3xxx/4xxx Controller driver v1.6 (090910)
[    4.819977] stex: Promise SuperTrak EX Driver version: 4.6.0000.3
[    4.820111] st: Version 20081215, fixed bufsize 32768, s/g segs 256
[    4.820316] ahci 0000:00:1f.2: version 3.0
[    4.820336] ahci 0000:00:1f.2: PCI INT B -> GSI 16 (level, low) -> IRQ 16
[    4.820472] ahci 0000:00:1f.2: irq 29 for MSI/MSI-X
[    4.820535] ahci 0000:00:1f.2: AHCI 0001.0100 32 slots 3 ports 1.5 Gbps 0x5 impl SATA mode
[    4.820661] ahci 0000:00:1f.2: flags: 64bit ncq sntf pm led clo pio slum part ccc 
[    4.820791] ahci 0000:00:1f.2: setting latency timer to 64
[    4.820936] scsi2 : ahci
[    4.821098] scsi3 : ahci
[    4.821236] scsi4 : ahci
[    4.821423] ata1: SATA max UDMA/133 abar m2048@0xfe226000 port 0xfe226100 irq 29
[    4.821545] ata2: DUMMY
[    4.821638] ata3: SATA max UDMA/133 abar m2048@0xfe226000 port 0xfe226200 irq 29
[    4.822248] I2O subsystem v1.325
[    4.822345] i2o: max drivers = 8
[    4.822489] I2O Configuration OSM v1.323
[    4.822592] I2O Bus Adapter OSM v1.317
[    4.822696] I2O Block Device OSM v1.325
[    4.822845] I2O SCSI Peripheral OSM v1.316
[    4.822956] I2O ProcFS OSM v1.316
[    4.823060] Fusion MPT base driver 3.04.12
[    4.823146] Copyright (c) 1999-2008 LSI Corporation
[    4.823245] Fusion MPT SPI Host driver 3.04.12
[    4.823404] Fusion MPT FC Host driver 3.04.12
[    4.823522] Fusion MPT SAS Host driver 3.04.12
[    4.823676] ohci1394 0000:15:00.1: PCI INT B -> GSI 17 (level, low) -> IRQ 17
[    4.823781] ohci1394 0000:15:00.1: setting latency timer to 64
[    4.877295] ohci1394: fw-host0: OHCI-1394 1.1 (PCI): IRQ=[17]  MMIO=[f8301000-f83017ff]  Max Packet=[2048]  IR/IT contexts=[4/4]
[    4.881566] ehci_hcd: USB 2.0 'Enhanced' Host Controller (EHCI) Driver
[    4.881846] ehci_hcd 0000:00:1a.7: power state changed by ACPI to D0
[    4.882087] ehci_hcd 0000:00:1a.7: power state changed by ACPI to D0
[    4.882185] ehci_hcd 0000:00:1a.7: PCI INT C -> GSI 22 (level, low) -> IRQ 22
[    4.882290] ehci_hcd 0000:00:1a.7: setting latency timer to 64
[    4.882295] ehci_hcd 0000:00:1a.7: EHCI Host Controller
[    4.882433] ehci_hcd 0000:00:1a.7: new USB bus registered, assigned bus number 1
[    4.886466] ehci_hcd 0000:00:1a.7: cache line size of 32 is not supported
[    4.886475] ehci_hcd 0000:00:1a.7: irq 22, io mem 0xfe226c00
[    4.896255] ehci_hcd 0000:00:1a.7: USB 2.0 started, EHCI 1.00
[    4.896356] usb usb1: New USB device found, idVendor=1d6b, idProduct=0002
[    4.896448] usb usb1: New USB device strings: Mfr=3, Product=2, SerialNumber=1
[    4.896574] usb usb1: Product: EHCI Host Controller
[    4.896667] usb usb1: Manufacturer: Linux 2.6.32.57 ehci_hcd
[    4.896760] usb usb1: SerialNumber: 0000:00:1a.7
[    4.896907] usb usb1: configuration #1 chosen from 1 choice
[    4.897024] hub 1-0:1.0: USB hub found
[    4.897115] hub 1-0:1.0: 4 ports detected
[    4.897415] ehci_hcd 0000:00:1d.7: power state changed by ACPI to D0
[    4.897655] ehci_hcd 0000:00:1d.7: power state changed by ACPI to D0
[    4.897762] ehci_hcd 0000:00:1d.7: PCI INT D -> GSI 19 (level, low) -> IRQ 19
[    4.897868] ehci_hcd 0000:00:1d.7: setting latency timer to 64
[    4.897871] ehci_hcd 0000:00:1d.7: EHCI Host Controller
[    4.898006] ehci_hcd 0000:00:1d.7: new USB bus registered, assigned bus number 2
[    4.898156] ehci_hcd 0000:00:1d.7: debug port 1
[    4.902120] ehci_hcd 0000:00:1d.7: cache line size of 32 is not supported
[    4.902129] ehci_hcd 0000:00:1d.7: irq 19, io mem 0xfe227000
[    4.912254] ehci_hcd 0000:00:1d.7: USB 2.0 started, EHCI 1.00
[    4.912362] usb usb2: New USB device found, idVendor=1d6b, idProduct=0002
[    4.912455] usb usb2: New USB device strings: Mfr=3, Product=2, SerialNumber=1
[    4.912585] usb usb2: Product: EHCI Host Controller
[    4.912675] usb usb2: Manufacturer: Linux 2.6.32.57 ehci_hcd
[    4.912771] usb usb2: SerialNumber: 0000:00:1d.7
[    4.912911] usb usb2: configuration #1 chosen from 1 choice
[    4.913028] hub 2-0:1.0: USB hub found
[    4.913124] hub 2-0:1.0: 6 ports detected
[    4.913314] 116x: driver isp116x-hcd, 03 Nov 2005
[    4.913426] ohci_hcd: USB 1.1 'Open' Host Controller (OHCI) Driver
[    4.913543] uhci_hcd: USB Universal Host Controller Interface driver
[    4.913653] uhci_hcd 0000:00:1a.0: PCI INT A -> GSI 20 (level, low) -> IRQ 20
[    4.913754] uhci_hcd 0000:00:1a.0: setting latency timer to 64
[    4.913760] uhci_hcd 0000:00:1a.0: UHCI Host Controller
[    4.913887] uhci_hcd 0000:00:1a.0: new USB bus registered, assigned bus number 3
[    4.914039] uhci_hcd 0000:00:1a.0: irq 20, io base 0x00001860
[    4.914160] usb usb3: New USB device found, idVendor=1d6b, idProduct=0001
[    4.914258] usb usb3: New USB device strings: Mfr=3, Product=2, SerialNumber=1
[    4.914380] usb usb3: Product: UHCI Host Controller
[    4.914476] usb usb3: Manufacturer: Linux 2.6.32.57 uhci_hcd
[    4.914563] usb usb3: SerialNumber: 0000:00:1a.0
[    4.914701] usb usb3: configuration #1 chosen from 1 choice
[    4.914825] hub 3-0:1.0: USB hub found
[    4.914919] hub 3-0:1.0: 2 ports detected
[    4.915269] uhci_hcd 0000:00:1a.1: power state changed by ACPI to D0
[    4.915510] uhci_hcd 0000:00:1a.1: power state changed by ACPI to D0
[    4.915612] uhci_hcd 0000:00:1a.1: PCI INT B -> GSI 21 (level, low) -> IRQ 21
[    4.915720] uhci_hcd 0000:00:1a.1: setting latency timer to 64
[    4.915725] uhci_hcd 0000:00:1a.1: UHCI Host Controller
[    4.915858] uhci_hcd 0000:00:1a.1: new USB bus registered, assigned bus number 4
[    4.916016] uhci_hcd 0000:00:1a.1: irq 21, io base 0x00001880
[    4.916136] usb usb4: New USB device found, idVendor=1d6b, idProduct=0001
[    4.916226] usb usb4: New USB device strings: Mfr=3, Product=2, SerialNumber=1
[    4.916353] usb usb4: Product: UHCI Host Controller
[    4.916450] usb usb4: Manufacturer: Linux 2.6.32.57 uhci_hcd
[    4.916546] usb usb4: SerialNumber: 0000:00:1a.1
[    4.916686] usb usb4: configuration #1 chosen from 1 choice
[    4.916804] hub 4-0:1.0: USB hub found
[    4.916897] hub 4-0:1.0: 2 ports detected
[    4.917256] uhci_hcd 0000:00:1d.0: power state changed by ACPI to D0
[    4.917504] uhci_hcd 0000:00:1d.0: power state changed by ACPI to D0
[    4.917600] uhci_hcd 0000:00:1d.0: PCI INT A -> GSI 16 (level, low) -> IRQ 16
[    4.917695] uhci_hcd 0000:00:1d.0: setting latency timer to 64
[    4.917698] uhci_hcd 0000:00:1d.0: UHCI Host Controller
[    4.917832] uhci_hcd 0000:00:1d.0: new USB bus registered, assigned bus number 5
[    4.917983] uhci_hcd 0000:00:1d.0: irq 16, io base 0x000018a0
[    4.918103] usb usb5: New USB device found, idVendor=1d6b, idProduct=0001
[    4.918197] usb usb5: New USB device strings: Mfr=3, Product=2, SerialNumber=1
[    4.918331] usb usb5: Product: UHCI Host Controller
[    4.918419] usb usb5: Manufacturer: Linux 2.6.32.57 uhci_hcd
[    4.918516] usb usb5: SerialNumber: 0000:00:1d.0
[    4.918651] usb usb5: configuration #1 chosen from 1 choice
[    4.918769] hub 5-0:1.0: USB hub found
[    4.918861] hub 5-0:1.0: 2 ports detected
[    4.919007] uhci_hcd 0000:00:1d.1: PCI INT B -> GSI 17 (level, low) -> IRQ 17
[    4.919100] uhci_hcd 0000:00:1d.1: setting latency timer to 64
[    4.919105] uhci_hcd 0000:00:1d.1: UHCI Host Controller
[    4.919236] uhci_hcd 0000:00:1d.1: new USB bus registered, assigned bus number 6
[    4.919387] uhci_hcd 0000:00:1d.1: irq 17, io base 0x000018c0
[    4.919508] usb usb6: New USB device found, idVendor=1d6b, idProduct=0001
[    4.919600] usb usb6: New USB device strings: Mfr=3, Product=2, SerialNumber=1
[    4.919727] usb usb6: Product: UHCI Host Controller
[    4.919820] usb usb6: Manufacturer: Linux 2.6.32.57 uhci_hcd
[    4.919910] usb usb6: SerialNumber: 0000:00:1d.1
[    4.920059] usb usb6: configuration #1 chosen from 1 choice
[    4.920176] hub 6-0:1.0: USB hub found
[    4.920275] hub 6-0:1.0: 2 ports detected
[    4.920572] uhci_hcd 0000:00:1d.2: power state changed by ACPI to D0
[    4.920814] uhci_hcd 0000:00:1d.2: power state changed by ACPI to D0
[    4.920916] uhci_hcd 0000:00:1d.2: PCI INT C -> GSI 18 (level, low) -> IRQ 18
[    4.921009] uhci_hcd 0000:00:1d.2: setting latency timer to 64
[    4.921014] uhci_hcd 0000:00:1d.2: UHCI Host Controller
[    4.921153] uhci_hcd 0000:00:1d.2: new USB bus registered, assigned bus number 7
[    4.921315] uhci_hcd 0000:00:1d.2: irq 18, io base 0x000018e0
[    4.921428] usb usb7: New USB device found, idVendor=1d6b, idProduct=0001
[    4.921518] usb usb7: New USB device strings: Mfr=3, Product=2, SerialNumber=1
[    4.921646] usb usb7: Product: UHCI Host Controller
[    4.921733] usb usb7: Manufacturer: Linux 2.6.32.57 uhci_hcd
[    4.921826] usb usb7: SerialNumber: 0000:00:1d.2
[    4.922618] usb usb7: configuration #1 chosen from 1 choice
[    4.922739] hub 7-0:1.0: USB hub found
[    4.922829] hub 7-0:1.0: 2 ports detected
[    4.922991] sl811: driver sl811-hcd, 19 May 2005
[    4.923103] r8a66597_hcd: driver r8a66597_hcd, 2009-05-26
[    4.923280] Initializing USB Mass Storage driver...
[    4.923412] usbcore: registered new interface driver usb-storage
[    4.923502] USB Mass Storage support registered.
[    4.923607] usbcore: registered new interface driver ums-alauda
[    4.923720] usbcore: registered new interface driver ums-cypress
[    4.923829] usbcore: registered new interface driver ums-datafab
[    4.923936] usbcore: registered new interface driver ums-freecom
[    4.924041] usbcore: registered new interface driver ums-isd200
[    4.924153] usbcore: registered new interface driver ums-jumpshot
[    4.924271] usbcore: registered new interface driver ums-karma
[    4.924383] usbcore: registered new interface driver ums-onetouch
[    4.924495] usbcore: registered new interface driver ums-sddr09
[    4.924604] usbcore: registered new interface driver ums-sddr55
[    4.924719] usbcore: registered new interface driver ums-usbat
[    4.924870] PNP: PS/2 Controller [PNP0303:KBD,PNP0f13:MOU] at 0x60,0x64 irq 1,12
[    4.933525] serio: i8042 KBD port at 0x60,0x64 irq 1
[    4.933617] serio: i8042 AUX port at 0x60,0x64 irq 12
[    4.933872] mice: PS/2 mouse device common for all mice
[    4.933991] i2c /dev entries driver
[    4.934122] md: linear personality registered for level -1
[    4.934216] md: raid0 personality registered for level 0
[    4.934318] md: raid1 personality registered for level 1
[    4.934412] md: raid10 personality registered for level 10
[    4.934501] md: raid6 personality registered for level 6
[    4.934598] md: raid5 personality registered for level 5
[    4.934697] md: raid4 personality registered for level 4
[    4.934803] md: multipath personality registered for level -4
[    4.935019] device-mapper: ioctl: 4.15.0-ioctl (2009-04-01) initialised: dm-devel@redhat.com
[    4.935229] cpuidle: using governor ladder
[    4.935842] usbcore: registered new interface driver usbhid
[    4.935940] usbhid: v2.6:USB HID core driver
[    4.936096] random 0000 0000 0000 00000000 00000000: rand_read_num 4 get_random_bytes(136): sig 00000000 00000000 00000000
[    4.936099] random 0000 0000 0000 00000000 00000000: extract_entropy(.. 136 ..)
[    4.936102] random 0000 0000 0000 00000000 00000000: going to reseed nonblocking with 1024 bits (1088 of 0 requested)
[    4.936104] random 0000 0000 0000 00000000 00000000: extract_entropy(.. 128 ..)
[    4.936106] random 0000 0000 0000 00000000 00000000: trying to extract 1024 bits from input
[    4.936108] random 0000 0000 0000 00000000 00000000: debiting 0 entropy credits from input
[    4.936110] random 0000 0000 0000 00000000 00000000: extract_entropy account returned: 0 
[    4.936113] random 0000 0000 0000 00000000 00000000: urand_change_num 7 xfer_secondary_pool(136): pool_sig 00000000, data_sig 00000000, bytes_mixed 0 00000000 00000000
[    4.936116] random 0000 0000 0000 00000000 00000000: trying to extract 1088 bits from nonblocking
[    4.936119] random 0000 0000 0000 00000000 00000000: debiting 1088 entropy credits from nonblocking (unlimited)
[    4.936121] random 0000 0000 0000 00000000 00000000: extract_entropy account returned: 136 
[    4.936125] random 0000 0000 0000 00000000 00000000: urand_change_num 8 extract_buf: pool_sig 00000000, data_sig fffffff9, bytes_mixed 20 00000000 00000000
[    4.936131] random 0000 0000 0000 b7c35b56 be4dc95d: urand_change_num 9 extract_buf: pool_sig fffffd1e, data_sig 000000c5, bytes_mixed 20 b7c35b56 be4dc95d
[    4.936136] random 0000 0000 0000 ed9f5c47 c48487fb: urand_change_num 10 extract_buf: pool_sig fffff8ec, data_sig ffffff68, bytes_mixed 20 ed9f5c47 c48487fb
[    4.936141] random 0000 0000 0000 ed9f5c47 c48487fb: urand_change_num 11 extract_buf: pool_sig fffffaed, data_sig 000001aa, bytes_mixed 20 ed9f5c47 c48487fb
[    4.936146] random 0000 0000 0000 1b4f7c0a 91bd6a48: urand_change_num 12 extract_buf: pool_sig fffffdd8, data_sig 00000064, bytes_mixed 20 1b4f7c0a 91bd6a48
[    4.936152] random 0000 0000 0000 a254b9bc 20e9a24f: urand_change_num 13 extract_buf: pool_sig fffffbe6, data_sig 000001dd, bytes_mixed 20 a254b9bc 20e9a24f
[    4.936157] random 0000 0000 0000 a254b9bc 20e9a24f: urand_change_num 14 extract_buf: pool_sig fffff940, data_sig fffffe20, bytes_mixed 20 a254b9bc 20e9a24f
[    4.936162] random 0000 0000 0000 2831a66b 5fa2a3ad: urand_change_num 15 extract_buf: pool_sig fffffbce, data_sig 0000007e, bytes_mixed 20 2831a66b 5fa2a3ad
[    4.936167] random 0000 0000 0000 2831a66b 5fa2a3ad: urand_change_num 16 extract_buf: pool_sig 000004df, data_sig fffffe8f, bytes_mixed 20 2831a66b 5fa2a3ad
[    4.936172] random 0000 0000 0000 d4512bfd c9a54e0b: urand_change_num 17 extract_buf: pool_sig 00000485, data_sig fffffe68, bytes_mixed 20 d4512bfd c9a54e0b
[    4.936177] random 0000 0000 0000 c7371be6 f9ffea11: urand_change_num 18 extract_buf: pool_sig 00000095, data_sig ffffffed, bytes_mixed 20 c7371be6 f9ffea11
[    4.936182] random 0000 0000 0000 c7371be6 f9ffea11: urand_change_num 19 extract_buf: pool_sig 000003a7, data_sig fffffefa, bytes_mixed 20 c7371be6 f9ffea11
[    4.936188] random 0000 0000 0000 8fb4b62c d1ddba54: urand_change_num 20 extract_buf: pool_sig 00000179, data_sig ffffff78, bytes_mixed 20 8fb4b62c d1ddba54
[    4.936193] random 0000 0000 0000 9ff19f9c c07a1d2a: urand_change_num 21 extract_buf: pool_sig fffffe88, data_sig 00000126, bytes_mixed 20 9ff19f9c c07a1d2a
[    4.936197] TCP cubic registered
[    4.936302] Initializing XFRM netlink socket
[    4.936406] NET: Registered protocol family 17
[    4.936500] Using IPI Shortcut mode
[    4.936587] random 0000 0000 0000 9ff19f9c c07a1d2a: rand_read_num 5 get_random_bytes(8): sig 0000031b 9ff19f9c c07a1d2a
[    4.936589] random 0000 0000 0000 9ff19f9c c07a1d2a: extract_entropy(.. 8 ..)
[    4.936591] random 0000 0000 0000 9ff19f9c c07a1d2a: going to reseed nonblocking with 64 bits (64 of 0 requested)
[    4.936594] random 0000 0000 0000 9ff19f9c c07a1d2a: extract_entropy(.. 8 ..)
[    4.936596] random 0000 0000 0000 9ff19f9c c07a1d2a: trying to extract 64 bits from input
[    4.936598] random 0000 0000 0000 9ff19f9c c07a1d2a: debiting 0 entropy credits from input
[    4.936600] random 0000 0000 0000 9ff19f9c c07a1d2a: extract_entropy account returned: 0 
[    4.936603] random 0000 0000 0000 9ff19f9c c07a1d2a: urand_change_num 22 xfer_secondary_pool(8): pool_sig 0000031b, data_sig 00000000, bytes_mixed 0 9ff19f9c c07a1d2a
[    4.936605] random 0000 0000 0000 9ff19f9c c07a1d2a: trying to extract 64 bits from nonblocking
[    4.936608] random 0000 0000 0000 9ff19f9c c07a1d2a: debiting 64 entropy credits from nonblocking (unlimited)
[    4.936610] random 0000 0000 0000 9ff19f9c c07a1d2a: extract_entropy account returned: 8 
[    4.936614] random 0000 0000 0000 9ff19f9c c07a1d2a: urand_change_num 23 extract_buf: pool_sig 0000031b, data_sig ffffffb3, bytes_mixed 20 9ff19f9c c07a1d2a
[    4.939439] input: AT Translated Set 2 keyboard as /devices/platform/i8042/serio0/input/input1
[    5.128240] ata3: SATA link down (SStatus 0 SControl 300)
[    5.128359] ata1: SATA link up 1.5 Gbps (SStatus 113 SControl 300)
[    5.130839] ata1.00: ACPI cmd ef/02:00:00:00:00:a0 (SET FEATURES) succeeded
[    5.130842] ata1.00: ACPI cmd f5/00:00:00:00:00:a0 (SECURITY FREEZE LOCK) filtered out
[    5.132230] ata1.00: ACPI cmd ef/5f:00:00:00:00:a0 (SET FEATURES) succeeded
[    5.132232] ata1.00: ACPI cmd ef/10:03:00:00:00:a0 (SET FEATURES) filtered out
[    5.134141] ata1.00: ATA-7: ST910021AS, 4.06, max UDMA/100
[    5.134234] ata1.00: 195371568 sectors, multi 16: LBA48 
[    5.136383] ata1.00: ACPI cmd ef/02:00:00:00:00:a0 (SET FEATURES) succeeded
[    5.136386] ata1.00: ACPI cmd f5/00:00:00:00:00:a0 (SECURITY FREEZE LOCK) filtered out
[    5.137775] ata1.00: ACPI cmd ef/5f:00:00:00:00:a0 (SET FEATURES) succeeded
[    5.137777] ata1.00: ACPI cmd ef/10:03:00:00:00:a0 (SET FEATURES) filtered out
[    5.139704] ata1.00: configured for UDMA/100
[    5.150288] scsi 2:0:0:0: Direct-Access     ATA      ST910021AS       4.06 PQ: 0 ANSI: 5
[    5.150570] sd 2:0:0:0: [sda] 195371568 512-byte logical blocks: (100 GB/93.1 GiB)
[    5.150726] sd 2:0:0:0: [sda] Write Protect is off
[    5.150817] sd 2:0:0:0: [sda] Mode Sense: 00 3a 00 00
[    5.150830] sd 2:0:0:0: [sda] Write cache: enabled, read cache: enabled, doesn't support DPO or FUA
[    5.151025]  sda:
[    5.216216] usb 2-1: new high speed USB device using ehci_hcd and address 2
[    5.354490] usb 2-1: New USB device found, idVendor=0e8d, idProduct=1806
[    5.354583] usb 2-1: New USB device strings: Mfr=1, Product=2, SerialNumber=3
[    5.354670] usb 2-1: Product: MT1806 
[    5.354756] usb 2-1: Manufacturer: MediaTek Inc
[    5.354843] usb 2-1: SerialNumber: R8KN6GAC800AEB 
[    5.354977] usb 2-1: configuration #1 chosen from 1 choice
[    5.358656] scsi5 : SCSI emulation for USB Mass Storage devices
[    5.358826] usb-storage: device found at 2
[    5.358827] usb-storage: waiting for device to settle before scanning
[    5.571739]  sda1 sda2
[    5.572465] sd 2:0:0:0: [sda] Attached SCSI disk
[    5.572555] random 0000 0000 0000 277f73c3 42024bb9: rand_read_num 6 get_random_bytes(12): sig 000007e9 277f73c3 42024bb9
[    5.572558] random 0000 0000 0000 277f73c3 42024bb9: extract_entropy(.. 12 ..)
[    5.572560] random 0000 0000 0000 277f73c3 42024bb9: going to reseed nonblocking with 96 bits (96 of 0 requested)
[    5.572562] random 0000 0000 0000 277f73c3 42024bb9: extract_entropy(.. 12 ..)
[    5.572564] random 0000 0000 0000 277f73c3 42024bb9: trying to extract 96 bits from input
[    5.572566] random 0000 0000 0000 277f73c3 42024bb9: debiting 0 entropy credits from input
[    5.572568] random 0000 0000 0000 277f73c3 42024bb9: extract_entropy account returned: 0 
[    5.572572] random 0000 0000 0000 277f73c3 42024bb9: urand_change_num 24 xfer_secondary_pool(12): pool_sig 000007e9, data_sig 00000000, bytes_mixed 0 277f73c3 42024bb9
[    5.572574] random 0000 0000 0000 277f73c3 42024bb9: trying to extract 96 bits from nonblocking
[    5.572577] random 0000 0000 0000 277f73c3 42024bb9: debiting 96 entropy credits from nonblocking (unlimited)
[    5.572579] random 0000 0000 0000 277f73c3 42024bb9: extract_entropy account returned: 12 
[    5.572583] random 0000 0000 0000 277f73c3 42024bb9: urand_change_num 25 extract_buf: pool_sig 000007e9, data_sig 00000088, bytes_mixed 20 277f73c3 42024bb9
[    5.572588] random 0000 0000 0000 277f73c3 42024bb9: urand_change_num 26 extract_buf: pool_sig 00000498, data_sig fffffefb, bytes_mixed 20 277f73c3 42024bb9
[    5.572591] RANDOM - __seed init called.
[    5.572592] RANDOM - __seed init called.
[    5.572593] RANDOM - __seed init called.
[    5.572595] RANDOM - __random32 called. Change num 12.  Value: 87f14767	f0d7351	b1e48bd3
[    5.572597] RANDOM - random32_reseed called.  Value: 87f14767	f0d7351	b1e48bd3
[    5.572599] Pid: 1, comm: swapper Not tainted 2.6.32.57 #3
[    5.572696] Call Trace:
[    5.572784]  [<c1923ca4>] ? random32_reseed+0xa0/0xb1
[    5.572884]  [<c1923c04>] ? random32_reseed+0x0/0xb1
[    5.572977]  [<c100111e>] ? do_one_initcall+0x2e/0x180
[    5.573070]  [<c1907265>] ? kernel_init+0xad/0x103
[    5.573158]  [<c19071b8>] ? kernel_init+0x0/0x103
[    5.573261]  [<c1003787>] ? kernel_thread_helper+0x7/0x10
[    5.573787] random 0000 0000 0000 386b4e60 ee4d4880: rand_read_num 7 get_random_bytes(64): sig fffffea5 386b4e60 ee4d4880
[    5.573790] random 0000 0000 0000 386b4e60 ee4d4880: extract_entropy(.. 64 ..)
[    5.573792] random 0000 0000 0000 386b4e60 ee4d4880: going to reseed nonblocking with 512 bits (512 of 0 requested)
[    5.573794] random 0000 0000 0000 386b4e60 ee4d4880: extract_entropy(.. 64 ..)
[    5.573796] random 0000 0000 0000 386b4e60 ee4d4880: trying to extract 512 bits from input
[    5.573798] random 0000 0000 0000 386b4e60 ee4d4880: debiting 0 entropy credits from input
[    5.573800] random 0000 0000 0000 386b4e60 ee4d4880: extract_entropy account returned: 0 
[    5.573803] random 0000 0000 0000 386b4e60 ee4d4880: urand_change_num 27 xfer_secondary_pool(64): pool_sig fffffea5, data_sig 00000000, bytes_mixed 0 386b4e60 ee4d4880
[    5.573806] random 0000 0000 0000 386b4e60 ee4d4880: trying to extract 512 bits from nonblocking
[    5.573808] random 0000 0000 0000 386b4e60 ee4d4880: debiting 512 entropy credits from nonblocking (unlimited)
[    5.573811] random 0000 0000 0000 386b4e60 ee4d4880: extract_entropy account returned: 64 
[    5.573815] random 0000 0000 0000 386b4e60 ee4d4880: urand_change_num 28 extract_buf: pool_sig fffffea5, data_sig 00000173, bytes_mixed 20 386b4e60 ee4d4880
[    5.573820] random 0000 0000 0000 412698f6 0cc8689a: urand_change_num 29 extract_buf: pool_sig 00000122, data_sig ffffff63, bytes_mixed 20 412698f6 0cc8689a
[    5.573825] random 0000 0000 0000 412698f6 0cc8689a: urand_change_num 30 extract_buf: pool_sig 000001f7, data_sig 00000012, bytes_mixed 20 412698f6 0cc8689a
[    5.573831] random 0000 0000 0000 9669941e 06f768b1: urand_change_num 31 extract_buf: pool_sig fffffb5b, data_sig 0000003f, bytes_mixed 20 9669941e 06f768b1
[    5.573836] random 0000 0000 0000 98486520 995551f0: urand_change_num 32 extract_buf: pool_sig fffffb39, data_sig 0000000e, bytes_mixed 20 98486520 995551f0
[    5.573841] random 0000 0000 0000 98486520 995551f0: urand_change_num 33 extract_buf: pool_sig fffffd8d, data_sig 000001a6, bytes_mixed 20 98486520 995551f0
[    5.573846] random 0000 0000 0000 61fc8914 d5882ed2: urand_change_num 34 extract_buf: pool_sig fffffa58, data_sig 0000023e, bytes_mixed 20 61fc8914 d5882ed2
[    5.573875] random 0000 0000 0000 61fc8914 d5882ed2: rand_read_num 8 get_random_bytes(64): sig fffff9ee 61fc8914 d5882ed2
[    5.573877] random 0000 0000 0000 61fc8914 d5882ed2: extract_entropy(.. 64 ..)
[    5.573879] random 0000 0000 0000 61fc8914 d5882ed2: going to reseed nonblocking with 512 bits (512 of 0 requested)
[    5.573882] random 0000 0000 0000 61fc8914 d5882ed2: extract_entropy(.. 64 ..)
[    5.573884] random 0000 0000 0000 61fc8914 d5882ed2: trying to extract 512 bits from input
[    5.573886] random 0000 0000 0000 61fc8914 d5882ed2: debiting 0 entropy credits from input
[    5.573888] random 0000 0000 0000 61fc8914 d5882ed2: extract_entropy account returned: 0 
[    5.573891] random 0000 0000 0000 61fc8914 d5882ed2: urand_change_num 35 xfer_secondary_pool(64): pool_sig fffff9ee, data_sig 00000000, bytes_mixed 0 61fc8914 d5882ed2
[    5.573893] random 0000 0000 0000 61fc8914 d5882ed2: trying to extract 512 bits from nonblocking
[    5.573896] random 0000 0000 0000 61fc8914 d5882ed2: debiting 512 entropy credits from nonblocking (unlimited)
[    5.573898] random 0000 0000 0000 61fc8914 d5882ed2: extract_entropy account returned: 64 
[    5.573902] random 0000 0000 0000 61fc8914 d5882ed2: urand_change_num 36 extract_buf: pool_sig fffff9ee, data_sig ffffff85, bytes_mixed 20 61fc8914 d5882ed2
[    5.573907] random 0000 0000 0000 70cfd302 e5edec11: urand_change_num 37 extract_buf: pool_sig fffffdc1, data_sig ffffffde, bytes_mixed 20 70cfd302 e5edec11
[    5.573912] random 0000 0000 0000 00dab838 eafd2b30: urand_change_num 38 extract_buf: pool_sig 000003da, data_sig ffffff61, bytes_mixed 20 00dab838 eafd2b30
[    5.573918] random 0000 0000 0000 00dab838 eafd2b30: urand_change_num 39 extract_buf: pool_sig 00000314, data_sig 00000121, bytes_mixed 20 00dab838 eafd2b30
[    5.573923] random 0000 0000 0000 5fcdf66a 6442b608: urand_change_num 40 extract_buf: pool_sig 0000028b, data_sig fffffefd, bytes_mixed 20 5fcdf66a 6442b608
[    5.573928] random 0000 0000 0000 61333f6b 8fae0f9b: urand_change_num 41 extract_buf: pool_sig 000000cb, data_sig 000000b3, bytes_mixed 20 61333f6b 8fae0f9b
[    5.573933] random 0000 0000 0000 61333f6b 8fae0f9b: urand_change_num 42 extract_buf: pool_sig fffffef8, data_sig 00000051, bytes_mixed 20 61333f6b 8fae0f9b
[    5.573936] BEGIN NET_SECRET:
[    5.573937] \xffffffe0
[    5.573938] \xffffffb6
[    5.573939] \x36
[    5.573939] \xffffffb5
[    5.573940] \xffffff94
[    5.573941] \xffffffb2
[    5.573942] \xffffffa8
[    5.573943] \xffffffda
[    5.573943] \x5b
[    5.573944] \x19
[    5.573945] \x18
[    5.573946] \x5c
[    5.573946] \x2b
[    5.573947] \x1
[    5.573948] \xffffff90
[    5.573949] \x19
[    5.573949] \x3c
[    5.573950] \xfffffff2
[    5.573951] \xffffff82
[    5.573952] \x2a
[    5.573953] \xffffffb3
[    5.573953] \xffffffa2
[    5.573954] \x3f
[    5.573955] \x5
[    5.573955] \x52
[    5.573956] \x77
[    5.573957] \x57
[    5.573958] \x79
[    5.573958] \x16
[    5.573959] \x43
[    5.573960] \xffffff84
[    5.573961] \xffffffc3
[    5.573961] \xffffffe9
[    5.573962] \x79
[    5.573963] \x50
[    5.573964] \xffffff8e
[    5.573964] \x3f
[    5.573965] \xfffffff3
[    5.573966] \x19
[    5.573966] \x2a
[    5.573967] \xfffffffd
[    5.573968] \xfffffffb
[    5.573969] \x62
[    5.573969] \x3c
[    5.573970] \xffffffac
[    5.573971] \x1c
[    5.573972] \x3b
[    5.573972] \x3b
[    5.573973] \x15
[    5.573974] \x27
[    5.573975] \xffffffa8
[    5.573975] \x22
[    5.573976] \xffffffc5
[    5.573977] \xffffff9a
[    5.573978] \x5
[    5.573978] \x6c
[    5.573979] \xffffffa8
[    5.573980] \x3a
[    5.573981] \x44
[    5.573981] \xffffffaf
[    5.573982] \x13
[    5.573983] \xffffffe0
[    5.573984] \xffffff9d
[    5.573984] \x22
[    5.573985] 
[    5.573985] END NET_SECRET
[    5.573988] random 0000 0000 0000 e7f555d9 e8ce5c3c: rand_read_num 9 get_random_bytes(4): sig 0000068c e7f555d9 e8ce5c3c
[    5.573991] random 0000 0000 0000 e7f555d9 e8ce5c3c: extract_entropy(.. 4 ..)
[    5.573993] random 0000 0000 0000 e7f555d9 e8ce5c3c: going to reseed nonblocking with 64 bits (32 of 0 requested)
[    5.573995] random 0000 0000 0000 e7f555d9 e8ce5c3c: extract_entropy(.. 8 ..)
[    5.573997] random 0000 0000 0000 e7f555d9 e8ce5c3c: trying to extract 64 bits from input
[    5.573999] random 0000 0000 0000 e7f555d9 e8ce5c3c: debiting 0 entropy credits from input
[    5.574001] random 0000 0000 0000 e7f555d9 e8ce5c3c: extract_entropy account returned: 0 
[    5.574004] random 0000 0000 0000 e7f555d9 e8ce5c3c: urand_change_num 43 xfer_secondary_pool(4): pool_sig 0000068c, data_sig 00000000, bytes_mixed 0 e7f555d9 e8ce5c3c
[    5.574007] random 0000 0000 0000 e7f555d9 e8ce5c3c: trying to extract 32 bits from nonblocking
[    5.574009] random 0000 0000 0000 e7f555d9 e8ce5c3c: debiting 32 entropy credits from nonblocking (unlimited)
[    5.574011] random 0000 0000 0000 e7f555d9 e8ce5c3c: extract_entropy account returned: 4 
[    5.574015] random 0000 0000 0000 e7f555d9 e8ce5c3c: urand_change_num 44 extract_buf: pool_sig 0000068c, data_sig fffffdcb, bytes_mixed 20 e7f555d9 e8ce5c3c
[    5.574026] md: Waiting for all devices to be available before autodetect
[    5.574118] md: If you don't use raid, use raid=noautodetect
[    5.574295] md: Autodetecting RAID arrays.
[    5.574384] md: Scanned 0 and added 0 devices.
[    5.574475] md: autorun ...
[    5.574563] md: ... autorun DONE.
[    5.589148] EXT3-fs: sda2: couldn't mount because of unsupported optional features (240).
[    5.589375] EXT2-fs: sda2: couldn't mount because of unsupported optional features (240).
[    5.590638] random 0000 0000 0000 e7f555d9 e8ce5c3c: rand_read_num 10 get_random_bytes(4): sig ffffff72 e7f555d9 e8ce5c3c
[    5.590640] random 0000 0000 0000 e7f555d9 e8ce5c3c: extract_entropy(.. 4 ..)
[    5.590643] random 0000 0000 0000 e7f555d9 e8ce5c3c: going to reseed nonblocking with 64 bits (32 of 0 requested)
[    5.590645] random 0000 0000 0000 e7f555d9 e8ce5c3c: extract_entropy(.. 8 ..)
[    5.590647] random 0000 0000 0000 e7f555d9 e8ce5c3c: trying to extract 64 bits from input
[    5.590649] random 0000 0000 0000 e7f555d9 e8ce5c3c: debiting 0 entropy credits from input
[    5.590651] random 0000 0000 0000 e7f555d9 e8ce5c3c: extract_entropy account returned: 0 
[    5.590654] random 0000 0000 0000 e7f555d9 e8ce5c3c: urand_change_num 45 xfer_secondary_pool(4): pool_sig ffffff72, data_sig 00000000, bytes_mixed 0 e7f555d9 e8ce5c3c
[    5.590657] random 0000 0000 0000 e7f555d9 e8ce5c3c: trying to extract 32 bits from nonblocking
[    5.590659] random 0000 0000 0000 e7f555d9 e8ce5c3c: debiting 32 entropy credits from nonblocking (unlimited)
[    5.590661] random 0000 0000 0000 e7f555d9 e8ce5c3c: extract_entropy account returned: 4 
[    5.590665] random 0000 0000 0000 e7f555d9 e8ce5c3c: urand_change_num 46 extract_buf: pool_sig ffffff72, data_sig ffffff72, bytes_mixed 20 e7f555d9 e8ce5c3c
[    5.625752] EXT4-fs (sda2): mounted filesystem with ordered data mode
[    5.625958] VFS: Mounted root (ext4 filesystem) readonly on device 8:2.
[    5.626064] Freeing unused kernel memory: 448k freed
[    5.696487] random 0000 0000 0000 91716c54 eeb6a1e7: rand_read_num 11 get_random_bytes(16): sig fffffcad 91716c54 eeb6a1e7
[    5.696490] random 0000 0000 0000 91716c54 eeb6a1e7: extract_entropy(.. 16 ..)
[    5.696492] random 0000 0000 0000 91716c54 eeb6a1e7: going to reseed nonblocking with 128 bits (128 of 0 requested)
[    5.696494] random 0000 0000 0000 91716c54 eeb6a1e7: extract_entropy(.. 16 ..)
[    5.696496] random 0000 0000 0000 91716c54 eeb6a1e7: trying to extract 128 bits from input
[    5.696499] random 0000 0000 0000 91716c54 eeb6a1e7: debiting 0 entropy credits from input
[    5.696500] random 0000 0000 0000 91716c54 eeb6a1e7: extract_entropy account returned: 0 
[    5.696504] random 0000 0000 0000 91716c54 eeb6a1e7: urand_change_num 47 xfer_secondary_pool(16): pool_sig fffffcad, data_sig 00000000, bytes_mixed 0 91716c54 eeb6a1e7
[    5.696506] random 0000 0000 0000 91716c54 eeb6a1e7: trying to extract 128 bits from nonblocking
[    5.696509] random 0000 0000 0000 91716c54 eeb6a1e7: debiting 128 entropy credits from nonblocking (unlimited)
[    5.696511] random 0000 0000 0000 91716c54 eeb6a1e7: extract_entropy account returned: 16 
[    5.696515] random 0000 0000 0000 91716c54 eeb6a1e7: urand_change_num 48 extract_buf: pool_sig fffffcad, data_sig ffffff19, bytes_mixed 20 91716c54 eeb6a1e7
[    5.696520] random 0000 0000 0000 fd637b06 6cf47bc1: urand_change_num 49 extract_buf: pool_sig fffffede, data_sig ffffffc1, bytes_mixed 20 fd637b06 6cf47bc1
[    5.774901] random 0000 0000 0000 fd637b06 6cf47bc1: rand_read_num 12 get_random_bytes(16): sig 0000033b fd637b06 6cf47bc1
[    5.774903] random 0000 0000 0000 fd637b06 6cf47bc1: extract_entropy(.. 16 ..)
[    5.774906] random 0000 0000 0000 fd637b06 6cf47bc1: going to reseed nonblocking with 128 bits (128 of 0 requested)
[    5.774908] random 0000 0000 0000 fd637b06 6cf47bc1: extract_entropy(.. 16 ..)
[    5.774911] random 0000 0000 0000 fd637b06 6cf47bc1: trying to extract 128 bits from input
[    5.774913] random 0000 0000 0000 fd637b06 6cf47bc1: debiting 0 entropy credits from input
[    5.774915] random 0000 0000 0000 fd637b06 6cf47bc1: extract_entropy account returned: 0 
[    5.774918] random 0000 0000 0000 fd637b06 6cf47bc1: urand_change_num 50 xfer_secondary_pool(16): pool_sig 0000033b, data_sig 00000000, bytes_mixed 0 fd637b06 6cf47bc1
[    5.774921] random 0000 0000 0000 fd637b06 6cf47bc1: trying to extract 128 bits from nonblocking
[    5.774923] random 0000 0000 0000 fd637b06 6cf47bc1: debiting 128 entropy credits from nonblocking (unlimited)
[    5.774925] random 0000 0000 0000 fd637b06 6cf47bc1: extract_entropy account returned: 16 
[    5.774929] random 0000 0000 0000 fd637b06 6cf47bc1: urand_change_num 51 extract_buf: pool_sig 0000033b, data_sig 000000d8, bytes_mixed 20 fd637b06 6cf47bc1
[    5.774935] random 0000 0000 0000 0ec1f012 d4727ca8: urand_change_num 52 extract_buf: pool_sig fffffcf5, data_sig 00000016, bytes_mixed 20 0ec1f012 d4727ca8
[    6.141196] ieee1394: Host added: ID:BUS[0-00:1023]  GUID[00061b032a25f51c]
[    6.148796] random 0000 0000 0000 45b1d0b1 845a73f7: rand_read_num 13 get_random_bytes(16): sig 00000116 45b1d0b1 845a73f7
[    6.148799] random 0000 0000 0000 45b1d0b1 845a73f7: extract_entropy(.. 16 ..)
[    6.148801] random 0000 0000 0000 45b1d0b1 845a73f7: going to reseed nonblocking with 128 bits (128 of 0 requested)
[    6.148804] random 0000 0000 0000 45b1d0b1 845a73f7: extract_entropy(.. 16 ..)
[    6.148806] random 0000 0000 0000 45b1d0b1 845a73f7: trying to extract 128 bits from input
[    6.148808] random 0000 0000 0000 45b1d0b1 845a73f7: debiting 0 entropy credits from input
[    6.148810] random 0000 0000 0000 45b1d0b1 845a73f7: extract_entropy account returned: 0 
[    6.148813] random 0000 0000 0000 45b1d0b1 845a73f7: urand_change_num 53 xfer_secondary_pool(16): pool_sig 00000116, data_sig 00000000, bytes_mixed 0 45b1d0b1 845a73f7
[    6.148816] random 0000 0000 0000 45b1d0b1 845a73f7: trying to extract 128 bits from nonblocking
[    6.148818] random 0000 0000 0000 45b1d0b1 845a73f7: debiting 128 entropy credits from nonblocking (unlimited)
[    6.148821] random 0000 0000 0000 45b1d0b1 845a73f7: extract_entropy account returned: 16 
[    6.148825] random 0000 0000 0000 45b1d0b1 845a73f7: urand_change_num 54 extract_buf: pool_sig 00000116, data_sig fffffd8b, bytes_mixed 20 45b1d0b1 845a73f7
[    6.148830] random 0000 0000 0000 45b1d0b1 845a73f7: urand_change_num 55 extract_buf: pool_sig fffffc05, data_sig 00000109, bytes_mixed 20 45b1d0b1 845a73f7
[    6.201291] random 0000 0000 0000 5012cce3 b8a30621: rand_read_num 14 get_random_bytes(16): sig fffffb93 5012cce3 b8a30621
[    6.201294] random 0000 0000 0000 5012cce3 b8a30621: extract_entropy(.. 16 ..)
[    6.201297] random 0000 0000 0000 5012cce3 b8a30621: going to reseed nonblocking with 128 bits (128 of 0 requested)
[    6.201299] random 0000 0000 0000 5012cce3 b8a30621: extract_entropy(.. 16 ..)
[    6.201301] random 0000 0000 0000 5012cce3 b8a30621: trying to extract 128 bits from input
[    6.201303] random 0000 0000 0000 5012cce3 b8a30621: debiting 0 entropy credits from input
[    6.201305] random 0000 0000 0000 5012cce3 b8a30621: extract_entropy account returned: 0 
[    6.201308] random 0000 0000 0000 5012cce3 b8a30621: urand_change_num 56 xfer_secondary_pool(16): pool_sig fffffb93, data_sig 00000000, bytes_mixed 0 5012cce3 b8a30621
[    6.201311] random 0000 0000 0000 5012cce3 b8a30621: trying to extract 128 bits from nonblocking
[    6.201313] random 0000 0000 0000 5012cce3 b8a30621: debiting 128 entropy credits from nonblocking (unlimited)
[    6.201315] random 0000 0000 0000 5012cce3 b8a30621: extract_entropy account returned: 16 
[    6.201320] random 0000 0000 0000 5012cce3 b8a30621: urand_change_num 57 extract_buf: pool_sig fffffb93, data_sig ffffff35, bytes_mixed 20 5012cce3 b8a30621
[    6.201325] random 0000 0000 0000 5012cce3 b8a30621: urand_change_num 58 extract_buf: pool_sig fffffb9d, data_sig ffffff92, bytes_mixed 20 5012cce3 b8a30621
[    6.202690] random 0000 0000 0000 30a5721d 4b648ff6: rand_read_num 15 get_random_bytes(16): sig fffffeb5 30a5721d 4b648ff6
[    6.202693] random 0000 0000 0000 30a5721d 4b648ff6: extract_entropy(.. 16 ..)
[    6.202695] random 0000 0000 0000 30a5721d 4b648ff6: going to reseed nonblocking with 128 bits (128 of 0 requested)
[    6.202697] random 0000 0000 0000 30a5721d 4b648ff6: extract_entropy(.. 16 ..)
[    6.202699] random 0000 0000 0000 30a5721d 4b648ff6: trying to extract 128 bits from input
[    6.202702] random 0000 0000 0000 30a5721d 4b648ff6: debiting 0 entropy credits from input
[    6.202704] random 0000 0000 0000 30a5721d 4b648ff6: extract_entropy account returned: 0 
[    6.202707] random 0000 0000 0000 30a5721d 4b648ff6: urand_change_num 59 xfer_secondary_pool(16): pool_sig fffffeb5, data_sig 00000000, bytes_mixed 0 30a5721d 4b648ff6
[    6.202710] random 0000 0000 0000 30a5721d 4b648ff6: trying to extract 128 bits from nonblocking
[    6.202712] random 0000 0000 0000 30a5721d 4b648ff6: debiting 128 entropy credits from nonblocking (unlimited)
[    6.202714] random 0000 0000 0000 30a5721d 4b648ff6: extract_entropy account returned: 16 
[    6.202718] random 0000 0000 0000 30a5721d 4b648ff6: urand_change_num 60 extract_buf: pool_sig fffffeb5, data_sig 000000c2, bytes_mixed 20 30a5721d 4b648ff6
[    6.202724] random 0000 0000 0000 89bae1ab 704c432f: urand_change_num 61 extract_buf: pool_sig 0000006e, data_sig fffffefc, bytes_mixed 20 89bae1ab 704c432f
[    6.203272] random 0000 0000 0000 89bae1ab 704c432f: rand_read_num 16 get_random_bytes(16): sig fffffd99 89bae1ab 704c432f
[    6.203275] random 0000 0000 0000 89bae1ab 704c432f: extract_entropy(.. 16 ..)
[    6.203278] random 0000 0000 0000 89bae1ab 704c432f: going to reseed nonblocking with 128 bits (128 of 0 requested)
[    6.203280] random 0000 0000 0000 89bae1ab 704c432f: extract_entropy(.. 16 ..)
[    6.203282] random 0000 0000 0000 89bae1ab 704c432f: trying to extract 128 bits from input
[    6.203284] random 0000 0000 0000 89bae1ab 704c432f: debiting 0 entropy credits from input
[    6.203286] random 0000 0000 0000 89bae1ab 704c432f: extract_entropy account returned: 0 
[    6.203289] random 0000 0000 0000 89bae1ab 704c432f: urand_change_num 62 xfer_secondary_pool(16): pool_sig fffffd99, data_sig 00000000, bytes_mixed 0 89bae1ab 704c432f
[    6.203292] random 0000 0000 0000 89bae1ab 704c432f: trying to extract 128 bits from nonblocking
[    6.203294] random 0000 0000 0000 89bae1ab 704c432f: debiting 128 entropy credits from nonblocking (unlimited)
[    6.203296] random 0000 0000 0000 89bae1ab 704c432f: extract_entropy account returned: 16 
[    6.203301] random 0000 0000 0000 89bae1ab 704c432f: urand_change_num 63 extract_buf: pool_sig fffffd99, data_sig 00000204, bytes_mixed 20 89bae1ab 704c432f
[    6.203306] random 0000 0000 0000 6c298a02 2b1539f8: urand_change_num 64 extract_buf: pool_sig 00000124, data_sig fffffff5, bytes_mixed 20 6c298a02 2b1539f8
[    6.204214] random 0000 0000 0000 c77b8b35 70f6cab5: rand_read_num 17 get_random_bytes(16): sig 0000036b c77b8b35 70f6cab5
[    6.204216] random 0000 0000 0000 c77b8b35 70f6cab5: extract_entropy(.. 16 ..)
[    6.204219] random 0000 0000 0000 c77b8b35 70f6cab5: going to reseed nonblocking with 128 bits (128 of 0 requested)
[    6.204221] random 0000 0000 0000 c77b8b35 70f6cab5: extract_entropy(.. 16 ..)
[    6.204223] random 0000 0000 0000 c77b8b35 70f6cab5: trying to extract 128 bits from input
[    6.204225] random 0000 0000 0000 c77b8b35 70f6cab5: debiting 0 entropy credits from input
[    6.204227] random 0000 0000 0000 c77b8b35 70f6cab5: extract_entropy account returned: 0 
[    6.204231] random 0000 0000 0000 c77b8b35 70f6cab5: urand_change_num 65 xfer_secondary_pool(16): pool_sig 0000036b, data_sig 00000000, bytes_mixed 0 c77b8b35 70f6cab5
[    6.204233] random 0000 0000 0000 c77b8b35 70f6cab5: trying to extract 128 bits from nonblocking
[    6.204236] random 0000 0000 0000 c77b8b35 70f6cab5: debiting 128 entropy credits from nonblocking (unlimited)
[    6.204238] random 0000 0000 0000 c77b8b35 70f6cab5: extract_entropy account returned: 16 
[    6.204242] random 0000 0000 0000 c77b8b35 70f6cab5: urand_change_num 66 extract_buf: pool_sig 0000036b, data_sig 0000005f, bytes_mixed 20 c77b8b35 70f6cab5
[    6.204248] random 0000 0000 0000 c77b8b35 70f6cab5: urand_change_num 67 extract_buf: pool_sig ffffff1c, data_sig 0000005a, bytes_mixed 20 c77b8b35 70f6cab5
[    6.204834] random 0000 0000 0000 af21d212 57d20ca3: rand_read_num 18 get_random_bytes(16): sig fffffb7f af21d212 57d20ca3
[    6.204836] random 0000 0000 0000 af21d212 57d20ca3: extract_entropy(.. 16 ..)
[    6.204839] random 0000 0000 0000 af21d212 57d20ca3: going to reseed nonblocking with 128 bits (128 of 0 requested)
[    6.204841] random 0000 0000 0000 af21d212 57d20ca3: extract_entropy(.. 16 ..)
[    6.204843] random 0000 0000 0000 af21d212 57d20ca3: trying to extract 128 bits from input
[    6.204845] random 0000 0000 0000 af21d212 57d20ca3: debiting 0 entropy credits from input
[    6.204847] random 0000 0000 0000 af21d212 57d20ca3: extract_entropy account returned: 0 
[    6.204851] random 0000 0000 0000 af21d212 57d20ca3: urand_change_num 68 xfer_secondary_pool(16): pool_sig fffffb7f, data_sig 00000000, bytes_mixed 0 af21d212 57d20ca3
[    6.204854] random 0000 0000 0000 af21d212 57d20ca3: trying to extract 128 bits from nonblocking
[    6.204856] random 0000 0000 0000 af21d212 57d20ca3: debiting 128 entropy credits from nonblocking (unlimited)
[    6.204858] random 0000 0000 0000 af21d212 57d20ca3: extract_entropy account returned: 16 
[    6.204862] random 0000 0000 0000 af21d212 57d20ca3: urand_change_num 69 extract_buf: pool_sig fffffb7f, data_sig ffffff88, bytes_mixed 20 af21d212 57d20ca3
[    6.204867] random 0000 0000 0000 af21d212 57d20ca3: urand_change_num 70 extract_buf: pool_sig fffffe1d, data_sig ffffff17, bytes_mixed 20 af21d212 57d20ca3
[    6.205457] random 0000 0000 0000 ffbd26fd 21933274: rand_read_num 19 get_random_bytes(16): sig ffffffc7 ffbd26fd 21933274
[    6.205460] random 0000 0000 0000 ffbd26fd 21933274: extract_entropy(.. 16 ..)
[    6.205463] random 0000 0000 0000 ffbd26fd 21933274: going to reseed nonblocking with 128 bits (128 of 0 requested)
[    6.205465] random 0000 0000 0000 ffbd26fd 21933274: extract_entropy(.. 16 ..)
[    6.205467] random 0000 0000 0000 ffbd26fd 21933274: trying to extract 128 bits from input
[    6.205469] random 0000 0000 0000 ffbd26fd 21933274: debiting 0 entropy credits from input
[    6.205471] random 0000 0000 0000 ffbd26fd 21933274: extract_entropy account returned: 0 
[    6.205474] random 0000 0000 0000 ffbd26fd 21933274: urand_change_num 71 xfer_secondary_pool(16): pool_sig ffffffc7, data_sig 00000000, bytes_mixed 0 ffbd26fd 21933274
[    6.205477] random 0000 0000 0000 ffbd26fd 21933274: trying to extract 128 bits from nonblocking
[    6.205479] random 0000 0000 0000 ffbd26fd 21933274: debiting 128 entropy credits from nonblocking (unlimited)
[    6.205481] random 0000 0000 0000 ffbd26fd 21933274: extract_entropy account returned: 16 
[    6.205486] random 0000 0000 0000 ffbd26fd 21933274: urand_change_num 72 extract_buf: pool_sig ffffffc7, data_sig 0000013b, bytes_mixed 20 ffbd26fd 21933274
[    6.205491] random 0000 0000 0000 151530a2 56c65dd3: urand_change_num 73 extract_buf: pool_sig ffffffbf, data_sig 00000036, bytes_mixed 20 151530a2 56c65dd3
[    6.206040] random 0000 0000 0000 151530a2 56c65dd3: rand_read_num 20 get_random_bytes(16): sig 000001a7 151530a2 56c65dd3
[    6.206043] random 0000 0000 0000 151530a2 56c65dd3: extract_entropy(.. 16 ..)
[    6.206046] random 0000 0000 0000 151530a2 56c65dd3: going to reseed nonblocking with 128 bits (128 of 0 requested)
[    6.206048] random 0000 0000 0000 151530a2 56c65dd3: extract_entropy(.. 16 ..)
[    6.206050] random 0000 0000 0000 151530a2 56c65dd3: trying to extract 128 bits from input
[    6.206052] random 0000 0000 0000 151530a2 56c65dd3: debiting 0 entropy credits from input
[    6.206054] random 0000 0000 0000 151530a2 56c65dd3: extract_entropy account returned: 0 
[    6.206058] random 0000 0000 0000 151530a2 56c65dd3: urand_change_num 74 xfer_secondary_pool(16): pool_sig 000001a7, data_sig 00000000, bytes_mixed 0 151530a2 56c65dd3
[    6.206060] random 0000 0000 0000 151530a2 56c65dd3: trying to extract 128 bits from nonblocking
[    6.206063] random 0000 0000 0000 151530a2 56c65dd3: debiting 128 entropy credits from nonblocking (unlimited)
[    6.206065] random 0000 0000 0000 151530a2 56c65dd3: extract_entropy account returned: 16 
[    6.206069] random 0000 0000 0000 151530a2 56c65dd3: urand_change_num 75 extract_buf: pool_sig 000001a7, data_sig ffffffa1, bytes_mixed 20 151530a2 56c65dd3
[    6.206074] random 0000 0000 0000 5d3e132e d9a77eb3: urand_change_num 76 extract_buf: pool_sig fffffcc9, data_sig 00000013, bytes_mixed 20 5d3e132e d9a77eb3
[    6.248780] random 0000 0000 0000 264837ad 0a28fef5: rand_read_num 21 get_random_bytes(16): sig ffffffd0 264837ad 0a28fef5
[    6.248783] random 0000 0000 0000 264837ad 0a28fef5: extract_entropy(.. 16 ..)
[    6.248786] random 0000 0000 0000 264837ad 0a28fef5: going to reseed nonblocking with 128 bits (128 of 0 requested)
[    6.248788] random 0000 0000 0000 264837ad 0a28fef5: extract_entropy(.. 16 ..)
[    6.248790] random 0000 0000 0000 264837ad 0a28fef5: trying to extract 128 bits from input
[    6.248792] random 0000 0000 0000 264837ad 0a28fef5: debiting 0 entropy credits from input
[    6.248794] random 0000 0000 0000 264837ad 0a28fef5: extract_entropy account returned: 0 
[    6.248798] random 0000 0000 0000 264837ad 0a28fef5: urand_change_num 77 xfer_secondary_pool(16): pool_sig ffffffd0, data_sig 00000000, bytes_mixed 0 264837ad 0a28fef5
[    6.248800] random 0000 0000 0000 264837ad 0a28fef5: trying to extract 128 bits from nonblocking
[    6.248803] random 0000 0000 0000 264837ad 0a28fef5: debiting 128 entropy credits from nonblocking (unlimited)
[    6.248805] random 0000 0000 0000 264837ad 0a28fef5: extract_entropy account returned: 16 
[    6.248809] random 0000 0000 0000 264837ad 0a28fef5: urand_change_num 78 extract_buf: pool_sig ffffffd0, data_sig 0000017b, bytes_mixed 20 264837ad 0a28fef5
[    6.248815] random 0000 0000 0000 264837ad 0a28fef5: urand_change_num 79 extract_buf: pool_sig 0000045c, data_sig 000001df, bytes_mixed 20 264837ad 0a28fef5
[    6.250267] random 0000 0000 0000 f37f7344 164aede0: rand_read_num 22 get_random_bytes(16): sig 000003c2 f37f7344 164aede0
[    6.250270] random 0000 0000 0000 f37f7344 164aede0: extract_entropy(.. 16 ..)
[    6.250272] random 0000 0000 0000 f37f7344 164aede0: going to reseed nonblocking with 128 bits (128 of 0 requested)
[    6.250275] random 0000 0000 0000 f37f7344 164aede0: extract_entropy(.. 16 ..)
[    6.250277] random 0000 0000 0000 f37f7344 164aede0: trying to extract 128 bits from input
[    6.250279] random 0000 0000 0000 f37f7344 164aede0: debiting 0 entropy credits from input
[    6.250281] random 0000 0000 0000 f37f7344 164aede0: extract_entropy account returned: 0 
[    6.250284] random 0000 0000 0000 f37f7344 164aede0: urand_change_num 80 xfer_secondary_pool(16): pool_sig 000003c2, data_sig 00000000, bytes_mixed 0 f37f7344 164aede0
[    6.250287] random 0000 0000 0000 f37f7344 164aede0: trying to extract 128 bits from nonblocking
[    6.250289] random 0000 0000 0000 f37f7344 164aede0: debiting 128 entropy credits from nonblocking (unlimited)
[    6.250291] random 0000 0000 0000 f37f7344 164aede0: extract_entropy account returned: 16 
[    6.250296] random 0000 0000 0000 f37f7344 164aede0: urand_change_num 81 extract_buf: pool_sig 000003c2, data_sig ffffff6c, bytes_mixed 20 f37f7344 164aede0
[    6.250301] random 0000 0000 0000 f37f7344 164aede0: urand_change_num 82 extract_buf: pool_sig fffffdfc, data_sig 00000091, bytes_mixed 20 f37f7344 164aede0
[    6.273084] random 0000 0000 0000 a4794863 878070c1: rand_read_num 23 get_random_bytes(16): sig 0000011b a4794863 878070c1
[    6.273087] random 0000 0000 0000 a4794863 878070c1: extract_entropy(.. 16 ..)
[    6.273090] random 0000 0000 0000 a4794863 878070c1: going to reseed nonblocking with 128 bits (128 of 0 requested)
[    6.273092] random 0000 0000 0000 a4794863 878070c1: extract_entropy(.. 16 ..)
[    6.273094] random 0000 0000 0000 a4794863 878070c1: trying to extract 128 bits from input
[    6.273096] random 0000 0000 0000 a4794863 878070c1: debiting 0 entropy credits from input
[    6.273098] random 0000 0000 0000 a4794863 878070c1: extract_entropy account returned: 0 
[    6.273101] random 0000 0000 0000 a4794863 878070c1: urand_change_num 83 xfer_secondary_pool(16): pool_sig 0000011b, data_sig 00000000, bytes_mixed 0 a4794863 878070c1
[    6.273104] random 0000 0000 0000 a4794863 878070c1: trying to extract 128 bits from nonblocking
[    6.273107] random 0000 0000 0000 a4794863 878070c1: debiting 128 entropy credits from nonblocking (unlimited)
[    6.273109] random 0000 0000 0000 a4794863 878070c1: extract_entropy account returned: 16 
[    6.273113] random 0000 0000 0000 a4794863 878070c1: urand_change_num 84 extract_buf: pool_sig 0000011b, data_sig ffffff51, bytes_mixed 20 a4794863 878070c1
[    6.273118] random 0000 0000 0000 737f19b4 9417d8ab: urand_change_num 85 extract_buf: pool_sig 000001a3, data_sig 0000006c, bytes_mixed 20 737f19b4 9417d8ab
[    6.277175] random 0000 0000 0000 737f19b4 9417d8ab: rand_read_num 24 get_random_bytes(16): sig fffffe22 737f19b4 9417d8ab
[    6.277177] random 0000 0000 0000 737f19b4 9417d8ab: extract_entropy(.. 16 ..)
[    6.277180] random 0000 0000 0000 737f19b4 9417d8ab: going to reseed nonblocking with 128 bits (128 of 0 requested)
[    6.277182] random 0000 0000 0000 737f19b4 9417d8ab: extract_entropy(.. 16 ..)
[    6.277184] random 0000 0000 0000 737f19b4 9417d8ab: trying to extract 128 bits from input
[    6.277186] random 0000 0000 0000 737f19b4 9417d8ab: debiting 0 entropy credits from input
[    6.277188] random 0000 0000 0000 737f19b4 9417d8ab: extract_entropy account returned: 0 
[    6.277191] random 0000 0000 0000 737f19b4 9417d8ab: urand_change_num 86 xfer_secondary_pool(16): pool_sig fffffe22, data_sig 00000000, bytes_mixed 0 737f19b4 9417d8ab
[    6.277194] random 0000 0000 0000 737f19b4 9417d8ab: trying to extract 128 bits from nonblocking
[    6.277197] random 0000 0000 0000 737f19b4 9417d8ab: debiting 128 entropy credits from nonblocking (unlimited)
[    6.277199] random 0000 0000 0000 737f19b4 9417d8ab: extract_entropy account returned: 16 
[    6.277203] random 0000 0000 0000 737f19b4 9417d8ab: urand_change_num 87 extract_buf: pool_sig fffffe22, data_sig 00000230, bytes_mixed 20 737f19b4 9417d8ab
[    6.277208] random 0000 0000 0000 4deb0d06 1236af4c: urand_change_num 88 extract_buf: pool_sig 000000b6, data_sig ffffff44, bytes_mixed 20 4deb0d06 1236af4c
[    6.278207] random 0000 0000 0000 b538fadc 4a7613df: rand_read_num 25 get_random_bytes(16): sig 0000013c b538fadc 4a7613df
[    6.278210] random 0000 0000 0000 b538fadc 4a7613df: extract_entropy(.. 16 ..)
[    6.278213] random 0000 0000 0000 b538fadc 4a7613df: going to reseed nonblocking with 128 bits (128 of 0 requested)
[    6.278215] random 0000 0000 0000 b538fadc 4a7613df: extract_entropy(.. 16 ..)
[    6.278217] random 0000 0000 0000 b538fadc 4a7613df: trying to extract 128 bits from input
[    6.278219] random 0000 0000 0000 b538fadc 4a7613df: debiting 0 entropy credits from input
[    6.278221] random 0000 0000 0000 b538fadc 4a7613df: extract_entropy account returned: 0 
[    6.278224] random 0000 0000 0000 b538fadc 4a7613df: urand_change_num 89 xfer_secondary_pool(16): pool_sig 0000013c, data_sig 00000000, bytes_mixed 0 b538fadc 4a7613df
[    6.278227] random 0000 0000 0000 b538fadc 4a7613df: trying to extract 128 bits from nonblocking
[    6.278230] random 0000 0000 0000 b538fadc 4a7613df: debiting 128 entropy credits from nonblocking (unlimited)
[    6.278232] random 0000 0000 0000 b538fadc 4a7613df: extract_entropy account returned: 16 
[    6.278236] random 0000 0000 0000 b538fadc 4a7613df: urand_change_num 90 extract_buf: pool_sig 0000013c, data_sig 00000015, bytes_mixed 20 b538fadc 4a7613df
[    6.278241] random 0000 0000 0000 b538fadc 4a7613df: urand_change_num 91 extract_buf: pool_sig 00000452, data_sig 0000002b, bytes_mixed 20 b538fadc 4a7613df
[    6.278692] random 0000 0000 0000 73b17df4 93bb370e: rand_read_num 26 get_random_bytes(16): sig fffffbf1 73b17df4 93bb370e
[    6.278694] random 0000 0000 0000 73b17df4 93bb370e: extract_entropy(.. 16 ..)
[    6.278697] random 0000 0000 0000 73b17df4 93bb370e: going to reseed nonblocking with 128 bits (128 of 0 requested)
[    6.278699] random 0000 0000 0000 73b17df4 93bb370e: extract_entropy(.. 16 ..)
[    6.278701] random 0000 0000 0000 73b17df4 93bb370e: trying to extract 128 bits from input
[    6.278703] random 0000 0000 0000 73b17df4 93bb370e: debiting 0 entropy credits from input
[    6.278705] random 0000 0000 0000 73b17df4 93bb370e: extract_entropy account returned: 0 
[    6.278708] random 0000 0000 0000 73b17df4 93bb370e: urand_change_num 92 xfer_secondary_pool(16): pool_sig fffffbf1, data_sig 00000000, bytes_mixed 0 73b17df4 93bb370e
[    6.278711] random 0000 0000 0000 73b17df4 93bb370e: trying to extract 128 bits from nonblocking
[    6.278714] random 0000 0000 0000 73b17df4 93bb370e: debiting 128 entropy credits from nonblocking (unlimited)
[    6.278716] random 0000 0000 0000 73b17df4 93bb370e: extract_entropy account returned: 16 
[    6.278720] random 0000 0000 0000 73b17df4 93bb370e: urand_change_num 93 extract_buf: pool_sig fffffbf1, data_sig ffffff99, bytes_mixed 20 73b17df4 93bb370e
[    6.278725] random 0000 0000 0000 73b17df4 93bb370e: urand_change_num 94 extract_buf: pool_sig fffffe1d, data_sig 000000b0, bytes_mixed 20 73b17df4 93bb370e
[    6.279135] random 0000 0000 0000 0cd682bb ba04da9f: rand_read_num 27 get_random_bytes(16): sig fffffccb 0cd682bb ba04da9f
[    6.279138] random 0000 0000 0000 0cd682bb ba04da9f: extract_entropy(.. 16 ..)
[    6.279141] random 0000 0000 0000 0cd682bb ba04da9f: going to reseed nonblocking with 128 bits (128 of 0 requested)
[    6.279143] random 0000 0000 0000 0cd682bb ba04da9f: extract_entropy(.. 16 ..)
[    6.279145] random 0000 0000 0000 0cd682bb ba04da9f: trying to extract 128 bits from input
[    6.279147] random 0000 0000 0000 0cd682bb ba04da9f: debiting 0 entropy credits from input
[    6.279149] random 0000 0000 0000 0cd682bb ba04da9f: extract_entropy account returned: 0 
[    6.279152] random 0000 0000 0000 0cd682bb ba04da9f: urand_change_num 95 xfer_secondary_pool(16): pool_sig fffffccb, data_sig 00000000, bytes_mixed 0 0cd682bb ba04da9f
[    6.279155] random 0000 0000 0000 0cd682bb ba04da9f: trying to extract 128 bits from nonblocking
[    6.279158] random 0000 0000 0000 0cd682bb ba04da9f: debiting 128 entropy credits from nonblocking (unlimited)
[    6.279160] random 0000 0000 0000 0cd682bb ba04da9f: extract_entropy account returned: 16 
[    6.279164] random 0000 0000 0000 0cd682bb ba04da9f: urand_change_num 96 extract_buf: pool_sig fffffccb, data_sig fffffec5, bytes_mixed 20 0cd682bb ba04da9f
[    6.279169] random 0000 0000 0000 26929f1a 15254dc1: urand_change_num 97 extract_buf: pool_sig fffffed2, data_sig ffffffb1, bytes_mixed 20 26929f1a 15254dc1
[    6.280037] random 0000 0000 0000 26929f1a 15254dc1: rand_read_num 28 get_random_bytes(16): sig 00000038 26929f1a 15254dc1
[    6.280039] random 0000 0000 0000 26929f1a 15254dc1: extract_entropy(.. 16 ..)
[    6.280042] random 0000 0000 0000 26929f1a 15254dc1: going to reseed nonblocking with 128 bits (128 of 0 requested)
[    6.280044] random 0000 0000 0000 26929f1a 15254dc1: extract_entropy(.. 16 ..)
[    6.280046] random 0000 0000 0000 26929f1a 15254dc1: trying to extract 128 bits from input
[    6.280049] random 0000 0000 0000 26929f1a 15254dc1: debiting 0 entropy credits from input
[    6.280051] random 0000 0000 0000 26929f1a 15254dc1: extract_entropy account returned: 0 
[    6.280054] random 0000 0000 0000 26929f1a 15254dc1: urand_change_num 98 xfer_secondary_pool(16): pool_sig 00000038, data_sig 00000000, bytes_mixed 0 26929f1a 15254dc1
[    6.280057] random 0000 0000 0000 26929f1a 15254dc1: trying to extract 128 bits from nonblocking
[    6.280059] random 0000 0000 0000 26929f1a 15254dc1: debiting 128 entropy credits from nonblocking (unlimited)
[    6.280061] random 0000 0000 0000 26929f1a 15254dc1: extract_entropy account returned: 16 
[    6.280065] random 0000 0000 0000 26929f1a 15254dc1: urand_change_num 99 extract_buf: pool_sig 00000038, data_sig 000000fd, bytes_mixed 20 26929f1a 15254dc1
[    6.280071] random 0000 0000 0000 8116fe3b 478c2d5b: urand_change_num 100 extract_buf: pool_sig 00000059, data_sig 00000310, bytes_mixed 20 8116fe3b 478c2d5b
[    6.286711] random 0000 0000 0000 a20f4a3a 32a6b2fa: rand_read_num 29 get_random_bytes(16): sig 000002c0 a20f4a3a 32a6b2fa
[    6.286713] random 0000 0000 0000 a20f4a3a 32a6b2fa: extract_entropy(.. 16 ..)
[    6.286716] random 0000 0000 0000 a20f4a3a 32a6b2fa: going to reseed nonblocking with 128 bits (128 of 0 requested)
[    6.286719] random 0000 0000 0000 a20f4a3a 32a6b2fa: extract_entropy(.. 16 ..)
[    6.286721] random 0000 0000 0000 a20f4a3a 32a6b2fa: trying to extract 128 bits from input
[    6.286723] random 0000 0000 0000 a20f4a3a 32a6b2fa: debiting 0 entropy credits from input
[    6.286725] random 0000 0000 0000 a20f4a3a 32a6b2fa: extract_entropy account returned: 0 
[    6.286728] random 0000 0000 0000 a20f4a3a 32a6b2fa: urand_change_num 101 xfer_secondary_pool(16): pool_sig 000002c0, data_sig 00000000, bytes_mixed 0 a20f4a3a 32a6b2fa
[    6.286731] random 0000 0000 0000 a20f4a3a 32a6b2fa: trying to extract 128 bits from nonblocking
[    6.286733] random 0000 0000 0000 a20f4a3a 32a6b2fa: debiting 128 entropy credits from nonblocking (unlimited)
[    6.286735] random 0000 0000 0000 a20f4a3a 32a6b2fa: extract_entropy account returned: 16 
[    6.286739] random 0000 0000 0000 a20f4a3a 32a6b2fa: urand_change_num 102 extract_buf: pool_sig 000002c0, data_sig 000000fb, bytes_mixed 20 a20f4a3a 32a6b2fa
[    6.286745] random 0000 0000 0000 a20f4a3a 32a6b2fa: urand_change_num 103 extract_buf: pool_sig ffffffdd, data_sig 000000a5, bytes_mixed 20 a20f4a3a 32a6b2fa
[    6.299239] random 0000 0000 0000 de716d2a 6c4757e1: rand_read_num 30 get_random_bytes(16): sig 000000fa de716d2a 6c4757e1
[    6.299242] random 0000 0000 0000 de716d2a 6c4757e1: extract_entropy(.. 16 ..)
[    6.299245] random 0000 0000 0000 de716d2a 6c4757e1: going to reseed nonblocking with 128 bits (128 of 0 requested)
[    6.299247] random 0000 0000 0000 de716d2a 6c4757e1: extract_entropy(.. 16 ..)
[    6.299249] random 0000 0000 0000 de716d2a 6c4757e1: trying to extract 128 bits from input
[    6.299251] random 0000 0000 0000 de716d2a 6c4757e1: debiting 0 entropy credits from input
[    6.299253] random 0000 0000 0000 de716d2a 6c4757e1: extract_entropy account returned: 0 
[    6.299256] random 0000 0000 0000 de716d2a 6c4757e1: urand_change_num 104 xfer_secondary_pool(16): pool_sig 000000fa, data_sig 00000000, bytes_mixed 0 de716d2a 6c4757e1
[    6.299259] random 0000 0000 0000 de716d2a 6c4757e1: trying to extract 128 bits from nonblocking
[    6.299262] random 0000 0000 0000 de716d2a 6c4757e1: debiting 128 entropy credits from nonblocking (unlimited)
[    6.299264] random 0000 0000 0000 de716d2a 6c4757e1: extract_entropy account returned: 16 
[    6.299268] random 0000 0000 0000 de716d2a 6c4757e1: urand_change_num 105 extract_buf: pool_sig 000000fa, data_sig ffffff34, bytes_mixed 20 de716d2a 6c4757e1
[    6.299273] random 0000 0000 0000 de716d2a 6c4757e1: urand_change_num 106 extract_buf: pool_sig 000003d3, data_sig ffffff30, bytes_mixed 20 de716d2a 6c4757e1
[    6.299853] random 0000 0000 0000 a7c511e1 f90ea457: rand_read_num 31 get_random_bytes(16): sig 0000009a a7c511e1 f90ea457
[    6.299856] random 0000 0000 0000 a7c511e1 f90ea457: extract_entropy(.. 16 ..)
[    6.299858] random 0000 0000 0000 a7c511e1 f90ea457: going to reseed nonblocking with 128 bits (128 of 0 requested)
[    6.299861] random 0000 0000 0000 a7c511e1 f90ea457: extract_entropy(.. 16 ..)
[    6.299863] random 0000 0000 0000 a7c511e1 f90ea457: trying to extract 128 bits from input
[    6.299865] random 0000 0000 0000 a7c511e1 f90ea457: debiting 0 entropy credits from input
[    6.299867] random 0000 0000 0000 a7c511e1 f90ea457: extract_entropy account returned: 0 
[    6.299870] random 0000 0000 0000 a7c511e1 f90ea457: urand_change_num 107 xfer_secondary_pool(16): pool_sig 0000009a, data_sig 00000000, bytes_mixed 0 a7c511e1 f90ea457
[    6.299873] random 0000 0000 0000 a7c511e1 f90ea457: trying to extract 128 bits from nonblocking
[    6.299875] random 0000 0000 0000 a7c511e1 f90ea457: debiting 128 entropy credits from nonblocking (unlimited)
[    6.299877] random 0000 0000 0000 a7c511e1 f90ea457: extract_entropy account returned: 16 
[    6.299881] random 0000 0000 0000 a7c511e1 f90ea457: urand_change_num 108 extract_buf: pool_sig 0000009a, data_sig 000000e0, bytes_mixed 20 a7c511e1 f90ea457
[    6.299887] random 0000 0000 0000 7c18c7e6 d65ccb06: urand_change_num 109 extract_buf: pool_sig fffffa79, data_sig 000000e0, bytes_mixed 20 7c18c7e6 d65ccb06
[    6.300478] random 0000 0000 0000 7c18c7e6 d65ccb06: rand_read_num 32 get_random_bytes(16): sig fffffe1e 7c18c7e6 d65ccb06
[    6.300481] random 0000 0000 0000 7c18c7e6 d65ccb06: extract_entropy(.. 16 ..)
[    6.300483] random 0000 0000 0000 7c18c7e6 d65ccb06: going to reseed nonblocking with 128 bits (128 of 0 requested)
[    6.300486] random 0000 0000 0000 7c18c7e6 d65ccb06: extract_entropy(.. 16 ..)
[    6.300488] random 0000 0000 0000 7c18c7e6 d65ccb06: trying to extract 128 bits from input
[    6.300490] random 0000 0000 0000 7c18c7e6 d65ccb06: debiting 0 entropy credits from input
[    6.300492] random 0000 0000 0000 7c18c7e6 d65ccb06: extract_entropy account returned: 0 
[    6.300495] random 0000 0000 0000 7c18c7e6 d65ccb06: urand_change_num 110 xfer_secondary_pool(16): pool_sig fffffe1e, data_sig 00000000, bytes_mixed 0 7c18c7e6 d65ccb06
[    6.300498] random 0000 0000 0000 7c18c7e6 d65ccb06: trying to extract 128 bits from nonblocking
[    6.300500] random 0000 0000 0000 7c18c7e6 d65ccb06: debiting 128 entropy credits from nonblocking (unlimited)
[    6.300502] random 0000 0000 0000 7c18c7e6 d65ccb06: extract_entropy account returned: 16 
