[    0.000000] random 0000 0000 0000 00000000 00000000: rand_read_num 1 get_random_bytes(8): sig 00000000 00000000 00000000
[    0.000000] random 0000 0000 0000 00000000 00000000: extract_entropy(.. 8 ..)
[    0.000000] random 0000 0000 0000 00000000 00000000: going to reseed nonblocking with 64 bits (64 of 0 requested)
[    0.000000] random 0000 0000 0000 00000000 00000000: extract_entropy(.. 8 ..)
[    0.000000] random 0000 0000 0000 00000000 00000000: trying to extract 64 bits from input
[    0.000000] random 0000 0000 0000 00000000 00000000: debiting 0 entropy credits from input
[    0.000000] random 0000 0000 0000 00000000 00000000: extract_entropy account returned: 0 
[    0.000000] random 0000 0000 0000 00000000 00000000: urand_change_num 1 xfer_secondary_pool(8): pool_sig 00000000, data_sig 00000000, bytes_mixed 0 00000000 00000000
[    0.000000] random 0000 0000 0000 00000000 00000000: trying to extract 64 bits from nonblocking
[    0.000000] random 0000 0000 0000 00000000 00000000: debiting 64 entropy credits from nonblocking (unlimited)
[    0.000000] random 0000 0000 0000 00000000 00000000: extract_entropy account returned: 8 
[    0.000000] random 0000 0000 0000 00000000 00000000: urand_change_num 2 extract_buf: pool_sig 00000000, data_sig fffffff9, bytes_mixed 20 00000000 00000000
[    0.000000] Linux version 2.6.32.57 (dcashman@dcashman-02) (gcc version 4.3.3 (GCC) ) #3 Fri May 24 04:27:34 PDT 2013
[    0.000000] KERNEL supported cpus:
[    0.000000]   Intel GenuineIntel
[    0.000000]   AMD AuthenticAMD
[    0.000000]   NSC Geode by NSC
[    0.000000]   Cyrix CyrixInstead
[    0.000000]   Centaur CentaurHauls
[    0.000000]   Transmeta GenuineTMx86
[    0.000000]   Transmeta TransmetaCPU
[    0.000000]   UMC UMC UMC UMC
[    0.000000] BIOS-provided physical RAM map:
[    0.000000]  BIOS-e820: 0000000000000000 - 000000000009d800 (usable)
[    0.000000]  BIOS-e820: 000000000009d800 - 00000000000a0000 (reserved)
[    0.000000]  BIOS-e820: 00000000000d2000 - 00000000000d4000 (reserved)
[    0.000000]  BIOS-e820: 00000000000e0000 - 0000000000100000 (reserved)
[    0.000000]  BIOS-e820: 0000000000100000 - 000000003d6b0000 (usable)
[    0.000000]  BIOS-e820: 000000003d6b0000 - 000000003d6cc000 (ACPI data)
[    0.000000]  BIOS-e820: 000000003d6cc000 - 000000003d700000 (ACPI NVS)
[    0.000000]  BIOS-e820: 000000003d700000 - 000000003e000000 (reserved)
[    0.000000]  BIOS-e820: 00000000f0000000 - 00000000f4000000 (reserved)
[    0.000000]  BIOS-e820: 00000000fec00000 - 00000000fec10000 (reserved)
[    0.000000]  BIOS-e820: 00000000fed00000 - 00000000fed00400 (reserved)
[    0.000000]  BIOS-e820: 00000000fed14000 - 00000000fed1a000 (reserved)
[    0.000000]  BIOS-e820: 00000000fed1c000 - 00000000fed90000 (reserved)
[    0.000000]  BIOS-e820: 00000000fee00000 - 00000000fee01000 (reserved)
[    0.000000]  BIOS-e820: 00000000ff000000 - 0000000100000000 (reserved)
[    0.000000] DMI present.
[    0.000000] last_pfn = 0x3d6b0 max_arch_pfn = 0x100000
[    0.000000] MTRR default type: uncachable
[    0.000000] MTRR fixed ranges enabled:
[    0.000000]   00000-9FFFF write-back
[    0.000000]   A0000-BFFFF uncachable
[    0.000000]   C0000-CFFFF write-protect
[    0.000000]   D0000-DFFFF uncachable
[    0.000000]   E0000-FFFFF write-protect
[    0.000000] MTRR variable ranges enabled:
[    0.000000]   0 base 03E000000 mask FFE000000 uncachable
[    0.000000]   1 base 000000000 mask FC0000000 write-back
[    0.000000]   2 base 03D700000 mask FFFF00000 uncachable
[    0.000000]   3 base 03D800000 mask FFF800000 uncachable
[    0.000000]   4 disabled
[    0.000000]   5 disabled
[    0.000000]   6 disabled
[    0.000000]   7 disabled
[    0.000000] initial memory mapped : 0 - 02000000
[    0.000000] init_memory_mapping: 0000000000000000-00000000377fe000
[    0.000000]  0000000000 - 0000400000 page 4k
[    0.000000]  0000400000 - 0037400000 page 2M
[    0.000000]  0037400000 - 00377fe000 page 4k
[    0.000000] kernel direct mapping tables up to 377fe000 @ 7000-c000
[    0.000000] ACPI: RSDP 000f68d0 00024 (v02 LENOVO)
[    0.000000] ACPI: XSDT 3d6bb77f 00094 (v01 LENOVO TP-7L    00002170  LTP 00000000)
[    0.000000] ACPI: FACP 3d6bb900 000F4 (v03 LENOVO TP-7L    00002170 LNVO 00000001)
[    0.000000] ACPI Warning: 32/64X length mismatch in Gpe1Block: 0/32 (20090903/tbfadt-526)
[    0.000000] ACPI Warning: Optional field Gpe1Block has zero address or length: 000000000000102C/0 (20090903/tbfadt-557)
[    0.000000] ACPI: DSDT 3d6bbd1d 0FED1 (v01 LENOVO TP-7L    00002170 MSFT 03000000)
[    0.000000] ACPI: FACS 3d6e4000 00040
[    0.000000] ACPI: SSDT 3d6bbab4 00269 (v01 LENOVO TP-7L    00002170 MSFT 03000000)
[    0.000000] ACPI: ECDT 3d6cbbee 00052 (v01 LENOVO TP-7L    00002170 LNVO 00000001)
[    0.000000] ACPI: TCPA 3d6cbc40 00032 (v02 LENOVO TP-7L    00002170 LNVO 00000001)
[    0.000000] ACPI: APIC 3d6cbc72 00068 (v01 LENOVO TP-7L    00002170 LNVO 00000001)
[    0.000000] ACPI: MCFG 3d6cbcda 0003C (v01 LENOVO TP-7L    00002170 LNVO 00000001)
[    0.000000] ACPI: HPET 3d6cbd16 00038 (v01 LENOVO TP-7L    00002170 LNVO 00000001)
[    0.000000] ACPI: SLIC 3d6cbdf0 00176 (v01 LENOVO TP-7L    00002170  LTP 00000000)
[    0.000000] ACPI: BOOT 3d6cbf66 00028 (v01 LENOVO TP-7L    00002170  LTP 00000001)
[    0.000000] ACPI: ASF! 3d6cbf8e 00072 (v16 LENOVO TP-7L    00002170 PTL  00000001)
[    0.000000] ACPI: SSDT 3d6e26d9 0025F (v01 LENOVO TP-7L    00002170 INTL 20050513)
[    0.000000] ACPI: SSDT 3d6e2938 000A6 (v01 LENOVO TP-7L    00002170 INTL 20050513)
[    0.000000] ACPI: SSDT 3d6e29de 004F7 (v01 LENOVO TP-7L    00002170 INTL 20050513)
[    0.000000] ACPI: SSDT 3d6e2ed5 001D8 (v01 LENOVO TP-7L    00002170 INTL 20050513)
[    0.000000] ACPI: DMI detected: Lenovo ThinkPad R61
[    0.000000] ACPI: Added _OSI(Linux)
[    0.000000] ACPI: Local APIC address 0xfee00000
[    0.000000] 94MB HIGHMEM available.
[    0.000000] 887MB LOWMEM available.
[    0.000000]   mapped low ram: 0 - 377fe000
[    0.000000]   low ram: 0 - 377fe000
[    0.000000]   node 0 low ram: 00000000 - 377fe000
[    0.000000]   node 0 bootmap 00008000 - 0000ef00
[    0.000000] (6 early reservations) ==> bootmem [0000000000 - 00377fe000]
[    0.000000]   #0 [0000000000 - 0000001000]   BIOS data page ==> [0000000000 - 0000001000]
[    0.000000]   #1 [0001000000 - 0001bdc180]    TEXT DATA BSS ==> [0001000000 - 0001bdc180]
[    0.000000]   #2 [000009d800 - 0000100000]    BIOS reserved ==> [000009d800 - 0000100000]
[    0.000000]   #3 [0001bdd000 - 0001be516c]              BRK ==> [0001bdd000 - 0001be516c]
[    0.000000]   #4 [0000007000 - 0000008000]          PGTABLE ==> [0000007000 - 0000008000]
[    0.000000]   #5 [0000008000 - 000000f000]          BOOTMAP ==> [0000008000 - 000000f000]
[    0.000000] found SMP MP-table at [c00f6900] f6900
[    0.000000] Zone PFN ranges:
[    0.000000]   DMA      0x00000000 -> 0x00001000
[    0.000000]   Normal   0x00001000 -> 0x000377fe
[    0.000000]   HighMem  0x000377fe -> 0x0003d6b0
[    0.000000] Movable zone start PFN for each node
[    0.000000] early_node_map[2] active PFN ranges
[    0.000000]     0: 0x00000000 -> 0x0000009d
[    0.000000]     0: 0x00000100 -> 0x0003d6b0
[    0.000000] On node 0 totalpages: 251469
[    0.000000] free_area_init_node: node 0, pgdat c1901ea0, node_mem_map c1be7000
[    0.000000]   DMA zone: 32 pages used for memmap
[    0.000000]   DMA zone: 0 pages reserved
[    0.000000]   DMA zone: 3965 pages, LIFO batch:0
[    0.000000]   Normal zone: 1744 pages used for memmap
[    0.000000]   Normal zone: 221486 pages, LIFO batch:31
[    0.000000]   HighMem zone: 190 pages used for memmap
[    0.000000]   HighMem zone: 24052 pages, LIFO batch:3
[    0.000000] Using APIC driver default
[    0.000000] ACPI: PM-Timer IO Port: 0x1008
[    0.000000] ACPI: Local APIC address 0xfee00000
[    0.000000] ACPI: LAPIC (acpi_id[0x00] lapic_id[0x00] enabled)
[    0.000000] ACPI: LAPIC (acpi_id[0x01] lapic_id[0x01] enabled)
[    0.000000] ACPI: NR_CPUS/possible_cpus limit of 1 reached.  Processor 1/0x1 ignored.
[    0.000000] ACPI: LAPIC_NMI (acpi_id[0x00] high edge lint[0x1])
[    0.000000] ACPI: LAPIC_NMI (acpi_id[0x01] high edge lint[0x1])
[    0.000000] ACPI: IOAPIC (id[0x01] address[0xfec00000] gsi_base[0])
[    0.000000] IOAPIC[0]: apic_id 1, version 32, address 0xfec00000, GSI 0-23
[    0.000000] ACPI: INT_SRC_OVR (bus 0 bus_irq 0 global_irq 2 dfl dfl)
[    0.000000] ACPI: INT_SRC_OVR (bus 0 bus_irq 9 global_irq 9 high level)
[    0.000000] ACPI: IRQ0 used by override.
[    0.000000] ACPI: IRQ2 used by override.
[    0.000000] ACPI: IRQ9 used by override.
[    0.000000] Using ACPI (MADT) for SMP configuration information
[    0.000000] ACPI: HPET id: 0x8086a201 base: 0xfed00000
[    0.000000] nr_irqs_gsi: 24
[    0.000000] PM: Registered nosave memory: 000000000009d000 - 000000000009e000
[    0.000000] PM: Registered nosave memory: 000000000009e000 - 00000000000a0000
[    0.000000] PM: Registered nosave memory: 00000000000a0000 - 00000000000d2000
[    0.000000] PM: Registered nosave memory: 00000000000d2000 - 00000000000d4000
[    0.000000] PM: Registered nosave memory: 00000000000d4000 - 00000000000e0000
[    0.000000] PM: Registered nosave memory: 00000000000e0000 - 0000000000100000
[    0.000000] Allocating PCI resources starting at 3e000000 (gap: 3e000000:b2000000)
[    0.000000] Built 1 zonelists in Zone order, mobility grouping on.  Total pages: 249503
[    0.000000] Kernel command line: auto BOOT_IMAGE=Linux ro root=802 vt.default_utf8=0 maxcpus=0
[    0.000000] PID hash table entries: 4096 (order: 2, 16384 bytes)
[    0.000000] Dentry cache hash table entries: 131072 (order: 7, 524288 bytes)
[    0.000000] Inode-cache hash table entries: 65536 (order: 6, 262144 bytes)
[    0.000000] Enabling fast FPU save and restore... done.
[    0.000000] Enabling unmasked SIMD FPU exception support... done.
[    0.000000] Initializing CPU#0
[    0.000000] Initializing HighMem for node 0 (000377fe:0003d6b0)
[    0.000000] Memory: 984800k/1006272k available (6914k kernel code, 20876k reserved, 2328k data, 448k init, 96968k highmem)
[    0.000000] virtual kernel memory layout:
[    0.000000]     fixmap  : 0xfffa3000 - 0xfffff000   ( 368 kB)
[    0.000000]     pkmap   : 0xff800000 - 0xffc00000   (4096 kB)
[    0.000000]     vmalloc : 0xf7ffe000 - 0xff7fe000   ( 120 MB)
[    0.000000]     lowmem  : 0xc0000000 - 0xf77fe000   ( 887 MB)
[    0.000000]       .init : 0xc1907000 - 0xc1977000   ( 448 kB)
[    0.000000]       .data : 0xc16c0b5f - 0xc1906c64   (2328 kB)
[    0.000000]       .text : 0xc1000000 - 0xc16c0b5f   (6914 kB)
[    0.000000] Checking if this processor honours the WP bit even in supervisor mode...Ok.
[    0.000000] SLUB: Genslabs=13, HWalign=64, Order=0-3, MinObjects=0, CPUs=1, Nodes=1
[    0.000000] Hierarchical RCU implementation.
[    0.000000] NR_IRQS:288
[    0.000000] Extended CMOS year: 2000
[    0.000000] Console: colour VGA+ 80x25
[    0.000000] console [tty0] enabled
[    0.000000] hpet clockevent registered
[    0.000000] Fast TSC calibration using PIT
[    0.000000] Detected 2094.704 MHz processor.
[    0.001002] Calibrating delay loop (skipped), value calculated using timer frequency.. 4189.40 BogoMIPS (lpj=2094704)
[    0.001174] Security Framework initialized
[    0.001262] Mount-cache hash table entries: 512
[    0.001409] CPU: L1 I cache: 32K, L1 D cache: 32K
[    0.001538] CPU: L2 cache: 3072K
[    0.002004] mce: CPU supports 6 MCE banks
[    0.002088] CPU0: Thermal monitoring enabled (TM2)
[    0.002174] using mwait in idle threads.
[    0.002254] CPU: Intel(R) Core(TM)2 Duo CPU     T8100  @ 2.10GHz stepping 06
[    0.002435] Checking 'hlt' instruction... OK.
[    0.006944] ACPI: Core revision 20090903
[    0.026013] CANARY value: a7cedf85 for PID: 1
[    0.026043] Enabling APIC mode:  Flat.  Using 1 I/O APICs
[    0.026500] ..TIMER: vector=0x30 apic1=0 pin1=2 apic2=-1 pin2=-1
[    0.037997] xor: automatically using best checksumming function: pIII_sse
[    0.041998]    pIII_sse  :  8568.000 MB/sec
[    0.042091] xor: using function: pIII_sse (8568.000 MB/sec)
[    0.042190] RANDOM - __seed init called.
[    0.042191] RANDOM - __seed init called.
[    0.042192] RANDOM - __seed init called.
[    0.042193] RANDOM - __random32 called. Change num 1.  Value: f7943846	49e73df3	af36cd0d
[    0.042195] RANDOM - __random32 called. Change num 2.  Value: 43846e13	9e73df37	9a1ad014
[    0.042197] RANDOM - __random32 called. Change num 3.  Value: 46e139c8	e73df373	a029598a
[    0.042198] RANDOM - __random32 called. Change num 4.  Value: 139c8c3b	73df373d	b3142c72
[    0.042200] RANDOM - __random32 called. Change num 5.  Value: c8c3b043	3df373de	58e576a9
[    0.042202] RANDOM - __random32 called. Change num 6.  Value: 3b0437d9	df373de5	ed53f9d8
[    0.042203] RANDOM - random32 init called.  Value: 3b0437d9	df373de5	ed53f9d8
[    0.042220] NET: Registered protocol family 16
[    0.042485] ACPI FADT declares the system doesn't support PCIe ASPM, so disable it
[    0.042609] ACPI: bus type pci registered
[    0.042786] PCI: MCFG configuration 0: base f0000000 segment 0 buses 0 - 63
[    0.042884] PCI: MCFG area at f0000000 reserved in E820
[    0.042972] PCI: Using MMCONFIG for extended config space
[    0.043002] PCI: Using configuration type 1 for base access
[    0.046182] bio: create slab <bio-0> at 0
[    0.046989] ACPI: EC: EC description table is found, configuring boot EC
[    0.052143] ACPI: BIOS _OSI(Linux) query honored via DMI
[    0.052867] random 0000 0000 0000 00000000 00000000: rand_read_num 2 get_random_bytes(8): sig fffffe1a 00000000 00000000
[    0.052870] random 0000 0000 0000 00000000 00000000: extract_entropy(.. 8 ..)
[    0.052873] random 0000 0000 0000 00000000 00000000: going to reseed nonblocking with 64 bits (64 of 0 requested)
[    0.052875] random 0000 0000 0000 00000000 00000000: extract_entropy(.. 8 ..)
[    0.052877] random 0000 0000 0000 00000000 00000000: trying to extract 64 bits from input
[    0.052879] random 0000 0000 0000 00000000 00000000: debiting 0 entropy credits from input
[    0.052881] random 0000 0000 0000 00000000 00000000: extract_entropy account returned: 0 
[    0.052884] random 0000 0000 0000 00000000 00000000: urand_change_num 3 xfer_secondary_pool(8): pool_sig fffffe1a, data_sig 00000000, bytes_mixed 0 00000000 00000000
[    0.052913] random 0000 0000 0000 00000000 00000000: trying to extract 64 bits from nonblocking
[    0.052916] random 0000 0000 0000 00000000 00000000: debiting 64 entropy credits from nonblocking (unlimited)
[    0.052917] random 0000 0000 0000 00000000 00000000: extract_entropy account returned: 8 
[    0.052922] random 0000 0000 0000 00000000 00000000: urand_change_num 4 extract_buf: pool_sig fffffe1a, data_sig fffffed7, bytes_mixed 20 00000000 00000000
[    0.058566] ACPI: Interpreter enabled
[    0.058659] ACPI: (supports S0 S3 S4 S5)
[    0.058998] ACPI: Using IOAPIC for interrupt routing
[    0.068817] ACPI: EC: GPE = 0x12, I/O: command/status = 0x66, data = 0x62
[    0.069082] ACPI: Power Resource [PUBS] (on)
[    0.071181] ACPI: ACPI Dock Station Driver: 3 docks/bays found
[    0.071587] ACPI: PCI Root Bridge [PCI0] (0000:00)
[    0.071769] pci 0000:00:02.0: reg 10 64bit mmio: [0xf8100000-0xf81fffff]
[    0.071774] pci 0000:00:02.0: reg 18 64bit mmio pref: [0xe0000000-0xefffffff]
[    0.071778] pci 0000:00:02.0: reg 20 io port: [0x1800-0x1807]
[    0.071813] pci 0000:00:02.1: reg 10 64bit mmio: [0xf8200000-0xf82fffff]
[    0.071928] pci 0000:00:19.0: reg 10 32bit mmio: [0xfe000000-0xfe01ffff]
[    0.071938] pci 0000:00:19.0: reg 14 32bit mmio: [0xfe025000-0xfe025fff]
[    0.071947] pci 0000:00:19.0: reg 18 io port: [0x1840-0x185f]
[    0.072028] pci 0000:00:19.0: PME# supported from D0 D3hot D3cold
[    0.072128] pci 0000:00:19.0: PME# disabled
[    0.072276] pci 0000:00:1a.0: reg 20 io port: [0x1860-0x187f]
[    0.072366] pci 0000:00:1a.1: reg 20 io port: [0x1880-0x189f]
[    0.072445] pci 0000:00:1a.7: reg 10 32bit mmio: [0xfe226c00-0xfe226fff]
[    0.072530] pci 0000:00:1a.7: PME# supported from D0 D3hot D3cold
[    0.072627] pci 0000:00:1a.7: PME# disabled
[    0.072769] pci 0000:00:1b.0: reg 10 64bit mmio: [0xfe020000-0xfe023fff]
[    0.072852] pci 0000:00:1b.0: PME# supported from D0 D3hot D3cold
[    0.072946] pci 0000:00:1b.0: PME# disabled
[    0.073105] pci 0000:00:1c.0: PME# supported from D0 D3hot D3cold
[    0.073198] pci 0000:00:1c.0: PME# disabled
[    0.073402] pci 0000:00:1c.1: PME# supported from D0 D3hot D3cold
[    0.073496] pci 0000:00:1c.1: PME# disabled
[    0.073698] pci 0000:00:1c.2: PME# supported from D0 D3hot D3cold
[    0.073792] pci 0000:00:1c.2: PME# disabled
[    0.074044] pci 0000:00:1c.3: PME# supported from D0 D3hot D3cold
[    0.074144] pci 0000:00:1c.3: PME# disabled
[    0.075007] pci 0000:00:1c.4: PME# supported from D0 D3hot D3cold
[    0.075102] pci 0000:00:1c.4: PME# disabled
[    0.075249] pci 0000:00:1d.0: reg 20 io port: [0x18a0-0x18bf]
[    0.075331] pci 0000:00:1d.1: reg 20 io port: [0x18c0-0x18df]
[    0.075407] pci 0000:00:1d.2: reg 20 io port: [0x18e0-0x18ff]
[    0.075498] pci 0000:00:1d.7: reg 10 32bit mmio: [0xfe227000-0xfe2273ff]
[    0.075589] pci 0000:00:1d.7: PME# supported from D0 D3hot D3cold
[    0.075682] pci 0000:00:1d.7: PME# disabled
[    0.075976] pci 0000:00:1f.0: quirk: region 1000-107f claimed by ICH6 ACPI/GPIO/TCO
[    0.076000] pci 0000:00:1f.0: quirk: region 1180-11bf claimed by ICH6 GPIO
[    0.076100] pci 0000:00:1f.0: ICH7 LPC Generic IO decode 1 PIO at 1600 (mask 007f)
[    0.076226] pci 0000:00:1f.0: ICH7 LPC Generic IO decode 2 PIO at 15e0 (mask 000f)
[    0.076353] pci 0000:00:1f.0: ICH7 LPC Generic IO decode 3 PIO at 1680 (mask 001f)
[    0.076559] pci 0000:00:1f.1: reg 10 io port: [0x00-0x07]
[    0.076568] pci 0000:00:1f.1: reg 14 io port: [0x00-0x03]
[    0.076578] pci 0000:00:1f.1: reg 18 io port: [0x00-0x07]
[    0.076586] pci 0000:00:1f.1: reg 1c io port: [0x00-0x03]
[    0.076593] pci 0000:00:1f.1: reg 20 io port: [0x1c00-0x1c0f]
[    0.076683] pci 0000:00:1f.2: reg 10 io port: [0x1c50-0x1c57]
[    0.076692] pci 0000:00:1f.2: reg 14 io port: [0x1c44-0x1c47]
[    0.076700] pci 0000:00:1f.2: reg 18 io port: [0x1c48-0x1c4f]
[    0.076709] pci 0000:00:1f.2: reg 1c io port: [0x1c40-0x1c43]
[    0.076718] pci 0000:00:1f.2: reg 20 io port: [0x1c20-0x1c3f]
[    0.076725] pci 0000:00:1f.2: reg 24 32bit mmio: [0xfe226000-0xfe2267ff]
[    0.076792] pci 0000:00:1f.2: PME# supported from D3hot
[    0.076998] pci 0000:00:1f.2: PME# disabled
[    0.077131] pci 0000:00:1f.3: reg 10 32bit mmio: [0xfe227400-0xfe2274ff]
[    0.077155] pci 0000:00:1f.3: reg 20 io port: [0x1c60-0x1c7f]
[    0.077246] pci 0000:00:1c.0: bridge io port: [0x2000-0x2fff]
[    0.077253] pci 0000:00:1c.0: bridge 32bit mmio: [0xfc000000-0xfdffffff]
[    0.077260] pci 0000:00:1c.0: bridge 64bit mmio pref: [0xf8000000-0xf80fffff]
[    0.077332] pci 0000:03:00.0: reg 10 64bit mmio: [0xdf3f0000-0xdf3fffff]
[    0.077526] pci 0000:00:1c.1: bridge io port: [0x3000-0x3fff]
[    0.077532] pci 0000:00:1c.1: bridge 32bit mmio: [0xdc000000-0xdf3fffff]
[    0.077541] pci 0000:00:1c.1: bridge 64bit mmio pref: [0xdfe00000-0xdfefffff]
[    0.077597] pci 0000:00:1c.2: bridge io port: [0x4000-0x4fff]
[    0.077603] pci 0000:00:1c.2: bridge 32bit mmio: [0xd8000000-0xd9ffffff]
[    0.077612] pci 0000:00:1c.2: bridge 64bit mmio pref: [0xdfb00000-0xdfbfffff]
[    0.077667] pci 0000:00:1c.3: bridge io port: [0x5000-0x5fff]
[    0.077673] pci 0000:00:1c.3: bridge 32bit mmio: [0xd4000000-0xd5ffffff]
[    0.077683] pci 0000:00:1c.3: bridge 64bit mmio pref: [0xdf800000-0xdf8fffff]
[    0.077738] pci 0000:00:1c.4: bridge io port: [0x6000-0x6fff]
[    0.077744] pci 0000:00:1c.4: bridge 32bit mmio: [0xd0000000-0xd1ffffff]
[    0.077751] pci 0000:00:1c.4: bridge 64bit mmio pref: [0xdf500000-0xdf5fffff]
[    0.077811] pci 0000:15:00.0: reg 10 32bit mmio: [0xf8300000-0xf8300fff]
[    0.077864] pci 0000:15:00.0: supports D1 D2
[    0.077866] pci 0000:15:00.0: PME# supported from D0 D1 D2 D3hot D3cold
[    0.077974] pci 0000:15:00.0: PME# disabled
[    0.078049] pci 0000:15:00.1: reg 10 32bit mmio: [0xf8301000-0xf83017ff]
[    0.078141] pci 0000:15:00.1: supports D1 D2
[    0.078142] pci 0000:15:00.1: PME# supported from D0 D1 D2 D3hot D3cold
[    0.078248] pci 0000:15:00.1: PME# disabled
[    0.078434] pci 0000:00:1e.0: transparent bridge
[    0.078528] pci 0000:00:1e.0: bridge io port: [0x7000-0xafff]
[    0.078533] pci 0000:00:1e.0: bridge 32bit mmio: [0xf8300000-0xfbffffff]
[    0.078542] pci 0000:00:1e.0: bridge 64bit mmio pref: [0xf4000000-0xf7ffffff]
[    0.078616] pci_bus 0000:00: on NUMA node 0
[    0.078619] ACPI: PCI Interrupt Routing Table [\_SB_.PCI0._PRT]
[    0.078752] ACPI: PCI Interrupt Routing Table [\_SB_.PCI0.EXP0._PRT]
[    0.078811] ACPI: PCI Interrupt Routing Table [\_SB_.PCI0.EXP1._PRT]
[    0.078869] ACPI: PCI Interrupt Routing Table [\_SB_.PCI0.EXP2._PRT]
[    0.079006] ACPI: PCI Interrupt Routing Table [\_SB_.PCI0.EXP3._PRT]
[    0.079070] ACPI: PCI Interrupt Routing Table [\_SB_.PCI0.EXP4._PRT]
[    0.079132] ACPI: PCI Interrupt Routing Table [\_SB_.PCI0.PCI1._PRT]
[    0.084581] ACPI: PCI Interrupt Link [LNKA] (IRQs 3 4 5 6 7 9 *10 11)
[    0.085357] ACPI: PCI Interrupt Link [LNKB] (IRQs 3 4 5 6 7 9 10 *11)
[    0.086237] ACPI: PCI Interrupt Link [LNKC] (IRQs 3 4 5 6 7 9 10 *11)
[    0.087057] ACPI: PCI Interrupt Link [LNKD] (IRQs 3 4 5 6 7 9 10 *11)
[    0.087850] ACPI: PCI Interrupt Link [LNKE] (IRQs 3 4 5 6 7 9 10 *11)
[    0.088643] ACPI: PCI Interrupt Link [LNKF] (IRQs 3 4 5 6 7 9 10 *11)
[    0.089477] ACPI: PCI Interrupt Link [LNKG] (IRQs 3 4 5 6 7 9 10 *11)
[    0.090313] ACPI: PCI Interrupt Link [LNKH] (IRQs 3 4 5 6 7 9 10 *11)
[    0.091097] vgaarb: device added: PCI:0000:00:02.0,decodes=io+mem,owns=io+mem,locks=none
[    0.091228] vgaarb: loaded
[    0.091416] SCSI subsystem initialized
[    0.091519] libata version 3.00 loaded.
[    0.091567] usbcore: registered new interface driver usbfs
[    0.091692] usbcore: registered new interface driver hub
[    0.091803] usbcore: registered new device driver usb
[    0.108034] raid6: int32x1    941 MB/s
[    0.125056] raid6: int32x2    890 MB/s
[    0.142069] raid6: int32x4    750 MB/s
[    0.159054] raid6: int32x8    660 MB/s
[    0.175988] raid6: mmxx1     2878 MB/s
[    0.192982] raid6: mmxx2     3269 MB/s
[    0.210000] raid6: sse1x1    1937 MB/s
[    0.226976] raid6: sse1x2    2531 MB/s
[    0.243982] raid6: sse2x1    3507 MB/s
[    0.260971] raid6: sse2x2    3820 MB/s
[    0.261065] raid6: using algorithm sse2x2 (3820 MB/s)
[    0.261158] PCI: Using ACPI for IRQ routing
[    0.261462] HPET: 3 timers in total, 0 timers will be used for per-cpu timer
[    0.261996] Switching to clocksource tsc
[    0.262101] pnp: PnP ACPI init
[    0.262196] ACPI: bus type pnp registered
[    0.265864] pnp: PnP ACPI: found 11 devices
[    0.265951] ACPI: ACPI bus type pnp unregistered
[    0.266045] system 00:00: iomem range 0x0-0x9ffff could not be reserved
[    0.266137] system 00:00: iomem range 0xc0000-0xc3fff could not be reserved
[    0.266233] system 00:00: iomem range 0xc4000-0xc7fff could not be reserved
[    0.266323] system 00:00: iomem range 0xc8000-0xcbfff has been reserved
[    0.266415] system 00:00: iomem range 0xcc000-0xcffff has been reserved
[    0.266509] system 00:00: iomem range 0xd0000-0xd3fff could not be reserved
[    0.266605] system 00:00: iomem range 0xe0000-0xe3fff could not be reserved
[    0.266697] system 00:00: iomem range 0xe4000-0xe7fff could not be reserved
[    0.266785] system 00:00: iomem range 0xe8000-0xebfff could not be reserved
[    0.266884] system 00:00: iomem range 0xec000-0xeffff could not be reserved
[    0.266974] system 00:00: iomem range 0xf0000-0xfffff could not be reserved
[    0.267071] system 00:00: iomem range 0x100000-0x3dffffff could not be reserved
[    0.267192] system 00:00: iomem range 0xfec00000-0xfed3ffff could not be reserved
[    0.267322] system 00:00: iomem range 0xfed4c000-0xffffffff could not be reserved
[    0.267451] system 00:02: ioport range 0x164e-0x164f has been reserved
[    0.267547] system 00:02: ioport range 0x1000-0x107f has been reserved
[    0.267641] system 00:02: ioport range 0x1180-0x11bf has been reserved
[    0.267736] system 00:02: ioport range 0x800-0x80f has been reserved
[    0.267828] system 00:02: ioport range 0x15e0-0x15ef has been reserved
[    0.267926] system 00:02: ioport range 0x1600-0x165f could not be reserved
[    0.268019] system 00:02: iomem range 0xf0000000-0xf3ffffff has been reserved
[    0.268111] system 00:02: iomem range 0xfed1c000-0xfed1ffff has been reserved
[    0.268200] system 00:02: iomem range 0xfed14000-0xfed17fff has been reserved
[    0.268296] system 00:02: iomem range 0xfed18000-0xfed18fff has been reserved
[    0.268395] system 00:02: iomem range 0xfed19000-0xfed19fff has been reserved
[    0.268489] system 00:02: iomem range 0xfed45000-0xfed4bfff has been reserved
[    0.303545] pci 0000:00:1c.0: PCI bridge, secondary bus 0000:02
[    0.303639] pci 0000:00:1c.0:   IO window: 0x2000-0x2fff
[    0.303740] pci 0000:00:1c.0:   MEM window: 0xfc000000-0xfdffffff
[    0.303834] pci 0000:00:1c.0:   PREFETCH window: 0x000000f8000000-0x000000f80fffff
[    0.303971] pci 0000:00:1c.1: PCI bridge, secondary bus 0000:03
[    0.304065] pci 0000:00:1c.1:   IO window: 0x3000-0x3fff
[    0.304165] pci 0000:00:1c.1:   MEM window: 0xdc000000-0xdf3fffff
[    0.304267] pci 0000:00:1c.1:   PREFETCH window: 0x000000dfe00000-0x000000dfefffff
[    0.304397] pci 0000:00:1c.2: PCI bridge, secondary bus 0000:04
[    0.304487] pci 0000:00:1c.2:   IO window: 0x4000-0x4fff
[    0.304588] pci 0000:00:1c.2:   MEM window: 0xd8000000-0xd9ffffff
[    0.304691] pci 0000:00:1c.2:   PREFETCH window: 0x000000dfb00000-0x000000dfbfffff
[    0.304825] pci 0000:00:1c.3: PCI bridge, secondary bus 0000:05
[    0.304921] pci 0000:00:1c.3:   IO window: 0x5000-0x5fff
[    0.305014] pci 0000:00:1c.3:   MEM window: 0xd4000000-0xd5ffffff
[    0.305114] pci 0000:00:1c.3:   PREFETCH window: 0x000000df800000-0x000000df8fffff
[    0.305241] pci 0000:00:1c.4: PCI bridge, secondary bus 0000:0d
[    0.305351] pci 0000:00:1c.4:   IO window: 0x6000-0x6fff
[    0.305447] pci 0000:00:1c.4:   MEM window: 0xd0000000-0xd1ffffff
[    0.305541] pci 0000:00:1c.4:   PREFETCH window: 0x000000df500000-0x000000df5fffff
[    0.305684] pci 0000:15:00.0: CardBus bridge, secondary bus 0000:16
[    0.305775] pci 0000:15:00.0:   IO window: 0x007000-0x0070ff
[    0.305871] pci 0000:15:00.0:   IO window: 0x007400-0x0074ff
[    0.305973] pci 0000:15:00.0:   PREFETCH window: 0xf4000000-0xf7ffffff
[    0.306066] pci 0000:15:00.0:   MEM window: 0x40000000-0x43ffffff
[    0.306166] pci 0000:00:1e.0: PCI bridge, secondary bus 0000:15
[    0.306268] pci 0000:00:1e.0:   IO window: 0x7000-0xafff
[    0.306358] pci 0000:00:1e.0:   MEM window: 0xf8300000-0xfbffffff
[    0.306453] pci 0000:00:1e.0:   PREFETCH window: 0x000000f4000000-0x000000f7ffffff
[    0.306598] pci 0000:00:1c.0: PCI INT A -> GSI 20 (level, low) -> IRQ 20
[    0.306695] pci 0000:00:1c.0: setting latency timer to 64
[    0.306704] pci 0000:00:1c.1: PCI INT B -> GSI 21 (level, low) -> IRQ 21
[    0.306803] pci 0000:00:1c.1: setting latency timer to 64
[    0.306816] pci 0000:00:1c.2: PCI INT C -> GSI 22 (level, low) -> IRQ 22
[    0.306915] pci 0000:00:1c.2: setting latency timer to 64
[    0.306929] pci 0000:00:1c.3: PCI INT D -> GSI 23 (level, low) -> IRQ 23
[    0.307024] pci 0000:00:1c.3: setting latency timer to 64
[    0.307033] pci 0000:00:1c.4: PCI INT A -> GSI 20 (level, low) -> IRQ 20
[    0.307128] pci 0000:00:1c.4: setting latency timer to 64
[    0.307137] pci 0000:00:1e.0: enabling device (0005 -> 0007)
[    0.307229] pci 0000:00:1e.0: setting latency timer to 64
[    0.307248] pci 0000:15:00.0: PCI INT A -> GSI 16 (level, low) -> IRQ 16
[    0.307351] pci 0000:15:00.0: setting latency timer to 64
[    0.307355] pci_bus 0000:00: resource 0 io:  [0x00-0xffff]
[    0.307357] pci_bus 0000:00: resource 1 mem: [0x000000-0xffffffff]
[    0.307359] pci_bus 0000:02: resource 0 io:  [0x2000-0x2fff]
[    0.307360] pci_bus 0000:02: resource 1 mem: [0xfc000000-0xfdffffff]
[    0.307362] pci_bus 0000:02: resource 2 pref mem [0xf8000000-0xf80fffff]
[    0.307364] pci_bus 0000:03: resource 0 io:  [0x3000-0x3fff]
[    0.307366] pci_bus 0000:03: resource 1 mem: [0xdc000000-0xdf3fffff]
[    0.307368] pci_bus 0000:03: resource 2 pref mem [0xdfe00000-0xdfefffff]
[    0.307370] pci_bus 0000:04: resource 0 io:  [0x4000-0x4fff]
[    0.307372] pci_bus 0000:04: resource 1 mem: [0xd8000000-0xd9ffffff]
[    0.307373] pci_bus 0000:04: resource 2 pref mem [0xdfb00000-0xdfbfffff]
[    0.307375] pci_bus 0000:05: resource 0 io:  [0x5000-0x5fff]
[    0.307377] pci_bus 0000:05: resource 1 mem: [0xd4000000-0xd5ffffff]
[    0.307379] pci_bus 0000:05: resource 2 pref mem [0xdf800000-0xdf8fffff]
[    0.307380] pci_bus 0000:0d: resource 0 io:  [0x6000-0x6fff]
[    0.307382] pci_bus 0000:0d: resource 1 mem: [0xd0000000-0xd1ffffff]
[    0.307384] pci_bus 0000:0d: resource 2 pref mem [0xdf500000-0xdf5fffff]
[    0.307386] pci_bus 0000:15: resource 0 io:  [0x7000-0xafff]
[    0.307387] pci_bus 0000:15: resource 1 mem: [0xf8300000-0xfbffffff]
[    0.307389] pci_bus 0000:15: resource 2 pref mem [0xf4000000-0xf7ffffff]
[    0.307391] pci_bus 0000:15: resource 3 io:  [0x00-0xffff]
[    0.307393] pci_bus 0000:15: resource 4 mem: [0x000000-0xffffffff]
[    0.307394] pci_bus 0000:16: resource 0 io:  [0x7000-0x70ff]
[    0.307396] pci_bus 0000:16: resource 1 io:  [0x7400-0x74ff]
[    0.307398] pci_bus 0000:16: resource 2 pref mem [0xf4000000-0xf7ffffff]
[    0.307400] pci_bus 0000:16: resource 3 mem: [0x40000000-0x43ffffff]
[    0.307407] NET: Registered protocol family 2
[    0.307497] RANDOM - __random32 called. Change num 7.  Value: 437d97bf	f373de51	f3b0f986
[    0.307499] RANDOM - random32 called.  Value: 437d97bf	f373de51	f3b0f986
[    0.307503] random 0000 0000 0000 5f8db4e5 4cfdf2a8: rand_read_num 3 get_random_bytes(4): sig fffffb64 5f8db4e5 4cfdf2a8
[    0.307506] random 0000 0000 0000 5f8db4e5 4cfdf2a8: extract_entropy(.. 4 ..)
[    0.307508] random 0000 0000 0000 5f8db4e5 4cfdf2a8: going to reseed nonblocking with 64 bits (32 of 0 requested)
[    0.307510] random 0000 0000 0000 5f8db4e5 4cfdf2a8: extract_entropy(.. 8 ..)
[    0.307512] random 0000 0000 0000 5f8db4e5 4cfdf2a8: trying to extract 64 bits from input
[    0.307514] random 0000 0000 0000 5f8db4e5 4cfdf2a8: debiting 0 entropy credits from input
[    0.307516] random 0000 0000 0000 5f8db4e5 4cfdf2a8: extract_entropy account returned: 0 
[    0.307519] random 0000 0000 0000 5f8db4e5 4cfdf2a8: urand_change_num 5 xfer_secondary_pool(4): pool_sig fffffb64, data_sig 00000000, bytes_mixed 0 5f8db4e5 4cfdf2a8
[    0.307522] random 0000 0000 0000 5f8db4e5 4cfdf2a8: trying to extract 32 bits from nonblocking
[    0.307524] random 0000 0000 0000 5f8db4e5 4cfdf2a8: debiting 32 entropy credits from nonblocking (unlimited)
[    0.307526] random 0000 0000 0000 5f8db4e5 4cfdf2a8: extract_entropy account returned: 4 
[    0.307531] random 0000 0000 0000 5f8db4e5 4cfdf2a8: urand_change_num 6 extract_buf: pool_sig fffffb64, data_sig 00000241, bytes_mixed 20 5f8db4e5 4cfdf2a8
[    0.307540] IP route cache hash table entries: 32768 (order: 5, 131072 bytes)
[    0.307677] RANDOM - __random32 called. Change num 8.  Value: d97bfe31	373de51f	f30dc6e6
[    0.307678] RANDOM - random32 called.  Value: d97bfe31	373de51f	f30dc6e6
[    0.307689] RANDOM - __random32 called. Change num 9.  Value: bfe314d7	73de51f5	8dcd6c7e
[    0.307691] RANDOM - random32 called.  Value: bfe314d7	73de51f5	8dcd6c7e
[    0.307692] RANDOM - __random32 called. Change num 10.  Value: 314d7baf	3de51f5e	d8fc74c1
[    0.307694] RANDOM - random32 called.  Value: 314d7baf	3de51f5e	d8fc74c1
[    0.307704] RANDOM - __random32 called. Change num 11.  Value: d7baf3c7	de51f5e5	e983e3fa
[    0.307706] RANDOM - random32 called.  Value: d7baf3c7	de51f5e5	e983e3fa
[    0.307715] TCP established hash table entries: 131072 (order: 8, 1048576 bytes)
[    0.308214] TCP bind hash table entries: 65536 (order: 6, 262144 bytes)
[    0.308402] TCP: Hash tables configured (established 131072 bind 65536)
[    0.308493] TCP reno registered
[    0.308607] NET: Registered protocol family 1
[    0.308728] RPC: Registered udp transport module.
[    0.308824] RPC: Registered tcp transport module.
[    0.308926] RPC: Registered tcp NFSv4.1 backchannel transport module.
[    0.309023] pci 0000:00:02.0: Boot video device
[    0.309233] Simple Boot Flag at 0x35 set to 0x1
[    0.309752] highmem bounce pool size: 64 pages
[    0.311316] VFS: Disk quotas dquot_6.5.2
[    0.311438] Dquot-cache hash table entries: 1024 (order 0, 4096 bytes)
[    0.312118] NTFS driver 2.1.29 [Flags: R/W].
[    0.312285] ROMFS MTD (C) 2007 Red Hat, Inc.
[    0.312499] JFS: nTxBlock = 7695, nTxLock = 61562
[    0.314974] SGI XFS with ACLs, security attributes, large block/inode numbers, no debug enabled
[    0.315452] SGI XFS Quota Management subsystem
[    0.315743] Slow work thread pool: Starting up
[    0.315878] Slow work thread pool: Ready
[    0.315975] GFS2 (built May 24 2013 02:47:17) installed
[    0.316077] msgmni has been set to 1734
[    0.316242] alg: No test for cipher_null (cipher_null-generic)
[    0.316348] alg: No test for ecb(cipher_null) (ecb-cipher_null)
[    0.316447] alg: No test for digest_null (digest_null-generic)
[    0.316552] alg: No test for compress_null (compress_null-generic)
[    0.317131] alg: No test for fcrypt (fcrypt-generic)
[    0.318536] alg: No test for stdrng (krng)
[    0.318632] async_tx: api initialized (async)
[    0.318789] Block layer SCSI generic (bsg) driver version 0.4 loaded (major 254)
[    0.318922] io scheduler noop registered
[    0.319012] io scheduler anticipatory registered
[    0.319099] io scheduler deadline registered
[    0.319234] io scheduler cfq registered (default)
[    0.319480] pcieport 0000:00:1c.0: irq 24 for MSI/MSI-X
[    0.319493] pcieport 0000:00:1c.0: setting latency timer to 64
[    0.319675] pcieport 0000:00:1c.1: irq 25 for MSI/MSI-X
[    0.319686] pcieport 0000:00:1c.1: setting latency timer to 64
[    0.319878] pcieport 0000:00:1c.2: irq 26 for MSI/MSI-X
[    0.319889] pcieport 0000:00:1c.2: setting latency timer to 64
[    0.320068] pcieport 0000:00:1c.3: irq 27 for MSI/MSI-X
[    0.320079] pcieport 0000:00:1c.3: setting latency timer to 64
[    0.320259] pcieport 0000:00:1c.4: irq 28 for MSI/MSI-X
[    0.320270] pcieport 0000:00:1c.4: setting latency timer to 64
[    0.320414] pci_hotplug: PCI Hot Plug PCI Core version: 0.5
[    0.320604] isapnp: Scanning for PnP cards...
[    0.681130] isapnp: No Plug & Play device found
[    0.681221] random 0000 0000 0000 5f8db4e5 4cfdf2a8: initializing
[    0.700715] Serial: 8250/16550 driver, 4 ports, IRQ sharing enabled
[    3.711723] floppy0: no floppy controllers found
[    3.712664] brd: module loaded
[    3.713168] loop: module loaded
[    3.713260] Compaq SMART2 Driver (v 2.6.0)
[    3.713390] HP CISS Driver (v 3.6.20)
[    3.713645] input: Macintosh mouse button emulation as /devices/virtual/input/input0
[    3.713786] Uniform Multi-Platform E-IDE driver
[    3.714011] piix 0000:00:1f.1: IDE controller (0x8086:0x2850 rev 0x03)
[    3.714117] pci 0000:00:1f.1: PCI INT C -> GSI 16 (level, low) -> IRQ 16
[    3.714222] piix 0000:00:1f.1: IDE port disabled
[    3.714324] piix 0000:00:1f.1: not 100% native mode: will probe irqs later
[    3.714423]     ide0: BM-DMA at 0x1c00-0x1c07
[    3.714516] Probing IDE interface ide0...
[    4.385917] hda: HL-DT-ST DVDRAM GSA-U10N, ATAPI CD/DVD-ROM drive
[    4.692715] hda: host max PIO4 wanted PIO255(auto-tune) selected PIO4
[    4.693491] hda: UDMA/33 mode selected
[    4.693957] ide0 at 0x1f0-0x1f7,0x3f6 on irq 14
[    4.697868] ide-gd driver 1.18
[    4.697981] ide-cd driver 5.00
[    4.699372] ide-cd: hda: ATAPI 24X DVD-ROM DVD-R/RAM CD-R/RW drive, 2048kB Cache
[    4.699850] Uniform CD-ROM driver Revision: 3.20
[    4.706867] Loading iSCSI transport class v2.0-870.
[    4.707153] rdac: device handler registered
[    4.707242] hp_sw: device handler registered
[    4.707338] emc: device handler registered
[    4.707430] alua: device handler registered
[    4.708414] Adaptec aacraid driver 1.1-5[2461]-ms
[    4.708845] scsi: <fdomain> Detection failed (no card)
[    4.708945] sym53c416.c: Version 1.0.0-ac
[    4.709049] qlogicfas: no cards were found, please specify I/O address and IRQ using iobase= and irq= options
[    4.709171] QLogic Fibre Channel HBA Driver: 8.03.01-k6
[    4.709397] iscsi: registered transport (qla4xxx)
[    4.709509] QLogic iSCSI HBA Driver
[    4.709599] Emulex LightPulse Fibre Channel SCSI driver 8.3.4
[    4.709699] Copyright(c) 2004-2009 Emulex.  All rights reserved.
[    4.731702] Failed initialization of WD-7000 SCSI card!
[    4.821093] DC390: clustering now enabled by default. If you get problems load
[    4.821213]        with "disable_clustering=1" and report to maintainers
[    4.821347] megaraid cmm: 2.20.2.7 (Release Date: Sun Jul 16 00:01:03 EST 2006)
[    4.821499] megaraid: 2.20.5.1 (Release Date: Thu Nov 16 15:32:35 EST 2006)
[    4.821621] megasas: 00.00.04.01 Thu July 24 11:41:51 PST 2008
[    4.821759] GDT-HA: Storage RAID Controller Driver. Version: 3.05
[    4.821910] 3ware Storage Controller device driver for Linux v1.26.02.002.
[    4.822027] 3ware 9000 Storage Controller device driver for Linux v2.26.02.012.
[    4.822167] nsp32: loading...
[    4.822276] ipr: IBM Power RAID SCSI Device Driver version: 2.4.3 (June 10, 2009)
[    4.822417] RocketRAID 3xxx/4xxx Controller driver v1.6 (090910)
[    4.822529] stex: Promise SuperTrak EX Driver version: 4.6.0000.3
[    4.822670] st: Version 20081215, fixed bufsize 32768, s/g segs 256
[    4.822873] ahci 0000:00:1f.2: version 3.0
[    4.822889] ahci 0000:00:1f.2: PCI INT B -> GSI 16 (level, low) -> IRQ 16
[    4.823025] ahci 0000:00:1f.2: irq 29 for MSI/MSI-X
[    4.823082] ahci 0000:00:1f.2: AHCI 0001.0100 32 slots 3 ports 1.5 Gbps 0x5 impl SATA mode
[    4.823214] ahci 0000:00:1f.2: flags: 64bit ncq sntf pm led clo pio slum part ccc 
[    4.823343] ahci 0000:00:1f.2: setting latency timer to 64
[    4.823486] scsi2 : ahci
[    4.823644] scsi3 : ahci
[    4.823806] scsi4 : ahci
[    4.823983] ata1: SATA max UDMA/133 abar m2048@0xfe226000 port 0xfe226100 irq 29
[    4.824104] ata2: DUMMY
[    4.824205] ata3: SATA max UDMA/133 abar m2048@0xfe226000 port 0xfe226200 irq 29
[    4.824822] I2O subsystem v1.325
[    4.824928] i2o: max drivers = 8
[    4.825070] I2O Configuration OSM v1.323
[    4.825173] I2O Bus Adapter OSM v1.317
[    4.825278] I2O Block Device OSM v1.325
[    4.825437] I2O SCSI Peripheral OSM v1.316
[    4.825544] I2O ProcFS OSM v1.316
[    4.825657] Fusion MPT base driver 3.04.12
[    4.825761] Copyright (c) 1999-2008 LSI Corporation
[    4.825853] Fusion MPT SPI Host driver 3.04.12
[    4.826006] Fusion MPT FC Host driver 3.04.12
[    4.826117] Fusion MPT SAS Host driver 3.04.12
[    4.826269] ohci1394 0000:15:00.1: PCI INT B -> GSI 17 (level, low) -> IRQ 17
[    4.826365] ohci1394 0000:15:00.1: setting latency timer to 64
[    4.879717] ohci1394: fw-host0: OHCI-1394 1.1 (PCI): IRQ=[17]  MMIO=[f8301000-f83017ff]  Max Packet=[2048]  IR/IT contexts=[4/4]
[    4.882989] ehci_hcd: USB 2.0 'Enhanced' Host Controller (EHCI) Driver
[    4.883261] ehci_hcd 0000:00:1a.7: power state changed by ACPI to D0
[    4.883530] ehci_hcd 0000:00:1a.7: power state changed by ACPI to D0
[    4.883642] ehci_hcd 0000:00:1a.7: PCI INT C -> GSI 22 (level, low) -> IRQ 22
[    4.883756] ehci_hcd 0000:00:1a.7: setting latency timer to 64
[    4.883761] ehci_hcd 0000:00:1a.7: EHCI Host Controller
[    4.883898] ehci_hcd 0000:00:1a.7: new USB bus registered, assigned bus number 1
[    4.887946] ehci_hcd 0000:00:1a.7: cache line size of 32 is not supported
[    4.887953] ehci_hcd 0000:00:1a.7: irq 22, io mem 0xfe226c00
[    4.897677] ehci_hcd 0000:00:1a.7: USB 2.0 started, EHCI 1.00
[    4.897781] usb usb1: New USB device found, idVendor=1d6b, idProduct=0002
[    4.897873] usb usb1: New USB device strings: Mfr=3, Product=2, SerialNumber=1
[    4.898003] usb usb1: Product: EHCI Host Controller
[    4.898091] usb usb1: Manufacturer: Linux 2.6.32.57 ehci_hcd
[    4.898185] usb usb1: SerialNumber: 0000:00:1a.7
[    4.898325] usb usb1: configuration #1 chosen from 1 choice
[    4.898447] hub 1-0:1.0: USB hub found
[    4.898542] hub 1-0:1.0: 4 ports detected
[    4.898846] ehci_hcd 0000:00:1d.7: power state changed by ACPI to D0
[    4.899088] ehci_hcd 0000:00:1d.7: power state changed by ACPI to D0
[    4.899188] ehci_hcd 0000:00:1d.7: PCI INT D -> GSI 19 (level, low) -> IRQ 19
[    4.899294] ehci_hcd 0000:00:1d.7: setting latency timer to 64
[    4.899299] ehci_hcd 0000:00:1d.7: EHCI Host Controller
[    4.899426] ehci_hcd 0000:00:1d.7: new USB bus registered, assigned bus number 2
[    4.899581] ehci_hcd 0000:00:1d.7: debug port 1
[    4.903539] ehci_hcd 0000:00:1d.7: cache line size of 32 is not supported
[    4.903547] ehci_hcd 0000:00:1d.7: irq 19, io mem 0xfe227000
[    4.913677] ehci_hcd 0000:00:1d.7: USB 2.0 started, EHCI 1.00
[    4.913793] usb usb2: New USB device found, idVendor=1d6b, idProduct=0002
[    4.913881] usb usb2: New USB device strings: Mfr=3, Product=2, SerialNumber=1
[    4.914000] usb usb2: Product: EHCI Host Controller
[    4.914089] usb usb2: Manufacturer: Linux 2.6.32.57 ehci_hcd
[    4.914186] usb usb2: SerialNumber: 0000:00:1d.7
[    4.914344] usb usb2: configuration #1 chosen from 1 choice
[    4.914460] hub 2-0:1.0: USB hub found
[    4.914553] hub 2-0:1.0: 6 ports detected
[    4.914735] 116x: driver isp116x-hcd, 03 Nov 2005
[    4.914843] ohci_hcd: USB 1.1 'Open' Host Controller (OHCI) Driver
[    4.914954] uhci_hcd: USB Universal Host Controller Interface driver
[    4.915063] uhci_hcd 0000:00:1a.0: PCI INT A -> GSI 20 (level, low) -> IRQ 20
[    4.915169] uhci_hcd 0000:00:1a.0: setting latency timer to 64
[    4.915174] uhci_hcd 0000:00:1a.0: UHCI Host Controller
[    4.915305] uhci_hcd 0000:00:1a.0: new USB bus registered, assigned bus number 3
[    4.915469] uhci_hcd 0000:00:1a.0: irq 20, io base 0x00001860
[    4.915582] usb usb3: New USB device found, idVendor=1d6b, idProduct=0001
[    4.915679] usb usb3: New USB device strings: Mfr=3, Product=2, SerialNumber=1
[    4.915804] usb usb3: Product: UHCI Host Controller
[    4.915893] usb usb3: Manufacturer: Linux 2.6.32.57 uhci_hcd
[    4.915986] usb usb3: SerialNumber: 0000:00:1a.0
[    4.916123] usb usb3: configuration #1 chosen from 1 choice
[    4.916245] hub 3-0:1.0: USB hub found
[    4.916337] hub 3-0:1.0: 2 ports detected
[    4.916649] uhci_hcd 0000:00:1a.1: power state changed by ACPI to D0
[    4.916958] uhci_hcd 0000:00:1a.1: power state changed by ACPI to D0
[    4.917053] uhci_hcd 0000:00:1a.1: PCI INT B -> GSI 21 (level, low) -> IRQ 21
[    4.917163] uhci_hcd 0000:00:1a.1: setting latency timer to 64
[    4.917168] uhci_hcd 0000:00:1a.1: UHCI Host Controller
[    4.917298] uhci_hcd 0000:00:1a.1: new USB bus registered, assigned bus number 4
[    4.917452] uhci_hcd 0000:00:1a.1: irq 21, io base 0x00001880
[    4.917575] usb usb4: New USB device found, idVendor=1d6b, idProduct=0001
[    4.917681] usb usb4: New USB device strings: Mfr=3, Product=2, SerialNumber=1
[    4.917810] usb usb4: Product: UHCI Host Controller
[    4.917896] usb usb4: Manufacturer: Linux 2.6.32.57 uhci_hcd
[    4.917989] usb usb4: SerialNumber: 0000:00:1a.1
[    4.918129] usb usb4: configuration #1 chosen from 1 choice
[    4.918250] hub 4-0:1.0: USB hub found
[    4.918340] hub 4-0:1.0: 2 ports detected
[    4.918653] uhci_hcd 0000:00:1d.0: power state changed by ACPI to D0
[    4.918966] uhci_hcd 0000:00:1d.0: power state changed by ACPI to D0
[    4.919065] uhci_hcd 0000:00:1d.0: PCI INT A -> GSI 16 (level, low) -> IRQ 16
[    4.919161] uhci_hcd 0000:00:1d.0: setting latency timer to 64
[    4.919166] uhci_hcd 0000:00:1d.0: UHCI Host Controller
[    4.919296] uhci_hcd 0000:00:1d.0: new USB bus registered, assigned bus number 5
[    4.919454] uhci_hcd 0000:00:1d.0: irq 16, io base 0x000018a0
[    4.919575] usb usb5: New USB device found, idVendor=1d6b, idProduct=0001
[    4.919666] usb usb5: New USB device strings: Mfr=3, Product=2, SerialNumber=1
[    4.919795] usb usb5: Product: UHCI Host Controller
[    4.919884] usb usb5: Manufacturer: Linux 2.6.32.57 uhci_hcd
[    4.919982] usb usb5: SerialNumber: 0000:00:1d.0
[    4.920115] usb usb5: configuration #1 chosen from 1 choice
[    4.920235] hub 5-0:1.0: USB hub found
[    4.920325] hub 5-0:1.0: 2 ports detected
[    4.920467] uhci_hcd 0000:00:1d.1: PCI INT B -> GSI 17 (level, low) -> IRQ 17
[    4.920572] uhci_hcd 0000:00:1d.1: setting latency timer to 64
[    4.920575] uhci_hcd 0000:00:1d.1: UHCI Host Controller
[    4.920715] uhci_hcd 0000:00:1d.1: new USB bus registered, assigned bus number 6
[    4.920861] uhci_hcd 0000:00:1d.1: irq 17, io base 0x000018c0
[    4.920984] usb usb6: New USB device found, idVendor=1d6b, idProduct=0001
[    4.921075] usb usb6: New USB device strings: Mfr=3, Product=2, SerialNumber=1
[    4.921206] usb usb6: Product: UHCI Host Controller
[    4.921292] usb usb6: Manufacturer: Linux 2.6.32.57 uhci_hcd
[    4.921399] usb usb6: SerialNumber: 0000:00:1d.1
[    4.921535] usb usb6: configuration #1 chosen from 1 choice
[    4.921657] hub 6-0:1.0: USB hub found
[    4.921761] hub 6-0:1.0: 2 ports detected
[    4.922050] uhci_hcd 0000:00:1d.2: power state changed by ACPI to D0
[    4.922309] uhci_hcd 0000:00:1d.2: power state changed by ACPI to D0
[    4.922416] uhci_hcd 0000:00:1d.2: PCI INT C -> GSI 18 (level, low) -> IRQ 18
[    4.922520] uhci_hcd 0000:00:1d.2: setting latency timer to 64
[    4.922525] uhci_hcd 0000:00:1d.2: UHCI Host Controller
[    4.922654] uhci_hcd 0000:00:1d.2: new USB bus registered, assigned bus number 7
[    4.922812] uhci_hcd 0000:00:1d.2: irq 18, io base 0x000018e0
[    4.922931] usb usb7: New USB device found, idVendor=1d6b, idProduct=0001
[    4.923026] usb usb7: New USB device strings: Mfr=3, Product=2, SerialNumber=1
[    4.923158] usb usb7: Product: UHCI Host Controller
[    4.923254] usb usb7: Manufacturer: Linux 2.6.32.57 uhci_hcd
[    4.923344] usb usb7: SerialNumber: 0000:00:1d.2
[    4.924137] usb usb7: configuration #1 chosen from 1 choice
[    4.924253] hub 7-0:1.0: USB hub found
[    4.924342] hub 7-0:1.0: 2 ports detected
[    4.924505] sl811: driver sl811-hcd, 19 May 2005
[    4.924607] r8a66597_hcd: driver r8a66597_hcd, 2009-05-26
[    4.924786] Initializing USB Mass Storage driver...
[    4.924919] usbcore: registered new interface driver usb-storage
[    4.925011] USB Mass Storage support registered.
[    4.925123] usbcore: registered new interface driver ums-alauda
[    4.925230] usbcore: registered new interface driver ums-cypress
[    4.925341] usbcore: registered new interface driver ums-datafab
[    4.925448] usbcore: registered new interface driver ums-freecom
[    4.925556] usbcore: registered new interface driver ums-isd200
[    4.925680] usbcore: registered new interface driver ums-jumpshot
[    4.925788] usbcore: registered new interface driver ums-karma
[    4.925900] usbcore: registered new interface driver ums-onetouch
[    4.926014] usbcore: registered new interface driver ums-sddr09
[    4.926122] usbcore: registered new interface driver ums-sddr55
[    4.926232] usbcore: registered new interface driver ums-usbat
[    4.926381] PNP: PS/2 Controller [PNP0303:KBD,PNP0f13:MOU] at 0x60,0x64 irq 1,12
[    4.934326] serio: i8042 KBD port at 0x60,0x64 irq 1
[    4.934417] serio: i8042 AUX port at 0x60,0x64 irq 12
[    4.934657] mice: PS/2 mouse device common for all mice
[    4.934781] i2c /dev entries driver
[    4.934913] md: linear personality registered for level -1
[    4.935006] md: raid0 personality registered for level 0
[    4.935104] md: raid1 personality registered for level 1
[    4.935203] md: raid10 personality registered for level 10
[    4.935293] md: raid6 personality registered for level 6
[    4.935386] md: raid5 personality registered for level 5
[    4.935476] md: raid4 personality registered for level 4
[    4.935575] md: multipath personality registered for level -4
[    4.935782] device-mapper: ioctl: 4.15.0-ioctl (2009-04-01) initialised: dm-devel@redhat.com
[    4.935979] cpuidle: using governor ladder
[    4.936571] usbcore: registered new interface driver usbhid
[    4.936683] usbhid: v2.6:USB HID core driver
[    4.936833] random 0000 0000 0000 00000000 00000000: rand_read_num 4 get_random_bytes(136): sig 00000000 00000000 00000000
[    4.936835] random 0000 0000 0000 00000000 00000000: extract_entropy(.. 136 ..)
[    4.936838] random 0000 0000 0000 00000000 00000000: going to reseed nonblocking with 1024 bits (1088 of 0 requested)
[    4.936840] random 0000 0000 0000 00000000 00000000: extract_entropy(.. 128 ..)
[    4.936842] random 0000 0000 0000 00000000 00000000: trying to extract 1024 bits from input
[    4.936845] random 0000 0000 0000 00000000 00000000: debiting 0 entropy credits from input
[    4.936846] random 0000 0000 0000 00000000 00000000: extract_entropy account returned: 0 
[    4.936849] random 0000 0000 0000 00000000 00000000: urand_change_num 7 xfer_secondary_pool(136): pool_sig 00000000, data_sig 00000000, bytes_mixed 0 00000000 00000000
[    4.936852] random 0000 0000 0000 00000000 00000000: trying to extract 1088 bits from nonblocking
[    4.936855] random 0000 0000 0000 00000000 00000000: debiting 1088 entropy credits from nonblocking (unlimited)
[    4.936857] random 0000 0000 0000 00000000 00000000: extract_entropy account returned: 136 
[    4.936861] random 0000 0000 0000 00000000 00000000: urand_change_num 8 extract_buf: pool_sig 00000000, data_sig fffffff9, bytes_mixed 20 00000000 00000000
[    4.936867] random 0000 0000 0000 b7c35b56 be4dc95d: urand_change_num 9 extract_buf: pool_sig fffffd1e, data_sig 000000c5, bytes_mixed 20 b7c35b56 be4dc95d
[    4.936872] random 0000 0000 0000 ed9f5c47 c48487fb: urand_change_num 10 extract_buf: pool_sig fffff8ec, data_sig ffffff68, bytes_mixed 20 ed9f5c47 c48487fb
[    4.936877] random 0000 0000 0000 ed9f5c47 c48487fb: urand_change_num 11 extract_buf: pool_sig fffffaed, data_sig 000001aa, bytes_mixed 20 ed9f5c47 c48487fb
[    4.936883] random 0000 0000 0000 1b4f7c0a 91bd6a48: urand_change_num 12 extract_buf: pool_sig fffffdd8, data_sig 00000064, bytes_mixed 20 1b4f7c0a 91bd6a48
[    4.936888] random 0000 0000 0000 a254b9bc 20e9a24f: urand_change_num 13 extract_buf: pool_sig fffffbe6, data_sig 000001dd, bytes_mixed 20 a254b9bc 20e9a24f
[    4.936893] random 0000 0000 0000 a254b9bc 20e9a24f: urand_change_num 14 extract_buf: pool_sig fffff940, data_sig fffffe20, bytes_mixed 20 a254b9bc 20e9a24f
[    4.936898] random 0000 0000 0000 2831a66b 5fa2a3ad: urand_change_num 15 extract_buf: pool_sig fffffbce, data_sig 0000007e, bytes_mixed 20 2831a66b 5fa2a3ad
[    4.936904] random 0000 0000 0000 2831a66b 5fa2a3ad: urand_change_num 16 extract_buf: pool_sig 000004df, data_sig fffffe8f, bytes_mixed 20 2831a66b 5fa2a3ad
[    4.936909] random 0000 0000 0000 d4512bfd c9a54e0b: urand_change_num 17 extract_buf: pool_sig 00000485, data_sig fffffe68, bytes_mixed 20 d4512bfd c9a54e0b
[    4.936914] random 0000 0000 0000 c7371be6 f9ffea11: urand_change_num 18 extract_buf: pool_sig 00000095, data_sig ffffffed, bytes_mixed 20 c7371be6 f9ffea11
[    4.936919] random 0000 0000 0000 c7371be6 f9ffea11: urand_change_num 19 extract_buf: pool_sig 000003a7, data_sig fffffefa, bytes_mixed 20 c7371be6 f9ffea11
[    4.936924] random 0000 0000 0000 8fb4b62c d1ddba54: urand_change_num 20 extract_buf: pool_sig 00000179, data_sig ffffff78, bytes_mixed 20 8fb4b62c d1ddba54
[    4.936929] random 0000 0000 0000 9ff19f9c c07a1d2a: urand_change_num 21 extract_buf: pool_sig fffffe88, data_sig 00000126, bytes_mixed 20 9ff19f9c c07a1d2a
[    4.936933] TCP cubic registered
[    4.937020] Initializing XFRM netlink socket
[    4.937110] NET: Registered protocol family 17
[    4.937205] Using IPI Shortcut mode
[    4.937309] random 0000 0000 0000 9ff19f9c c07a1d2a: rand_read_num 5 get_random_bytes(8): sig 0000031b 9ff19f9c c07a1d2a
[    4.937311] random 0000 0000 0000 9ff19f9c c07a1d2a: extract_entropy(.. 8 ..)
[    4.937313] random 0000 0000 0000 9ff19f9c c07a1d2a: going to reseed nonblocking with 64 bits (64 of 0 requested)
[    4.937315] random 0000 0000 0000 9ff19f9c c07a1d2a: extract_entropy(.. 8 ..)
[    4.937317] random 0000 0000 0000 9ff19f9c c07a1d2a: trying to extract 64 bits from input
[    4.937320] random 0000 0000 0000 9ff19f9c c07a1d2a: debiting 0 entropy credits from input
[    4.937321] random 0000 0000 0000 9ff19f9c c07a1d2a: extract_entropy account returned: 0 
[    4.937325] random 0000 0000 0000 9ff19f9c c07a1d2a: urand_change_num 22 xfer_secondary_pool(8): pool_sig 0000031b, data_sig 00000000, bytes_mixed 0 9ff19f9c c07a1d2a
[    4.937327] random 0000 0000 0000 9ff19f9c c07a1d2a: trying to extract 64 bits from nonblocking
[    4.937330] random 0000 0000 0000 9ff19f9c c07a1d2a: debiting 64 entropy credits from nonblocking (unlimited)
[    4.937332] random 0000 0000 0000 9ff19f9c c07a1d2a: extract_entropy account returned: 8 
[    4.937335] random 0000 0000 0000 9ff19f9c c07a1d2a: urand_change_num 23 extract_buf: pool_sig 0000031b, data_sig ffffffb3, bytes_mixed 20 9ff19f9c c07a1d2a
[    4.940537] input: AT Translated Set 2 keyboard as /devices/platform/i8042/serio0/input/input1
[    5.130684] ata3: SATA link down (SStatus 0 SControl 300)
[    5.130795] ata1: SATA link up 1.5 Gbps (SStatus 113 SControl 300)
[    5.133564] ata1.00: ACPI cmd ef/02:00:00:00:00:a0 (SET FEATURES) succeeded
[    5.133567] ata1.00: ACPI cmd f5/00:00:00:00:00:a0 (SECURITY FREEZE LOCK) filtered out
[    5.134959] ata1.00: ACPI cmd ef/5f:00:00:00:00:a0 (SET FEATURES) succeeded
[    5.134961] ata1.00: ACPI cmd ef/10:03:00:00:00:a0 (SET FEATURES) filtered out
[    5.136869] ata1.00: ATA-7: ST910021AS, 4.06, max UDMA/100
[    5.136966] ata1.00: 195371568 sectors, multi 16: LBA48 
[    5.139107] ata1.00: ACPI cmd ef/02:00:00:00:00:a0 (SET FEATURES) succeeded
[    5.139110] ata1.00: ACPI cmd f5/00:00:00:00:00:a0 (SECURITY FREEZE LOCK) filtered out
[    5.140504] ata1.00: ACPI cmd ef/5f:00:00:00:00:a0 (SET FEATURES) succeeded
[    5.140507] ata1.00: ACPI cmd ef/10:03:00:00:00:a0 (SET FEATURES) filtered out
[    5.142430] ata1.00: configured for UDMA/100
[    5.152733] scsi 2:0:0:0: Direct-Access     ATA      ST910021AS       4.06 PQ: 0 ANSI: 5
[    5.153017] sd 2:0:0:0: [sda] 195371568 512-byte logical blocks: (100 GB/93.1 GiB)
[    5.153169] sd 2:0:0:0: [sda] Write Protect is off
[    5.153275] sd 2:0:0:0: [sda] Mode Sense: 00 3a 00 00
[    5.153288] sd 2:0:0:0: [sda] Write cache: enabled, read cache: enabled, doesn't support DPO or FUA
[    5.153477]  sda:
[    5.217668] usb 2-1: new high speed USB device using ehci_hcd and address 2
[    5.366924] usb 2-1: New USB device found, idVendor=0e8d, idProduct=1806
[    5.367009] usb 2-1: New USB device strings: Mfr=1, Product=2, SerialNumber=3
[    5.367103] usb 2-1: Product: MT1806 
[    5.367191] usb 2-1: Manufacturer: MediaTek Inc
[    5.367276] usb 2-1: SerialNumber: R8KN6GAC800AEB 
[    5.367411] usb 2-1: configuration #1 chosen from 1 choice
[    5.373717] scsi5 : SCSI emulation for USB Mass Storage devices
[    5.373884] usb-storage: device found at 2
[    5.373885] usb-storage: waiting for device to settle before scanning
[    5.581453]  sda1 sda2
[    5.582176] sd 2:0:0:0: [sda] Attached SCSI disk
[    5.582276] random 0000 0000 0000 277f73c3 42024bb9: rand_read_num 6 get_random_bytes(12): sig 000007e9 277f73c3 42024bb9
[    5.582278] random 0000 0000 0000 277f73c3 42024bb9: extract_entropy(.. 12 ..)
[    5.582281] random 0000 0000 0000 277f73c3 42024bb9: going to reseed nonblocking with 96 bits (96 of 0 requested)
[    5.582283] random 0000 0000 0000 277f73c3 42024bb9: extract_entropy(.. 12 ..)
[    5.582285] random 0000 0000 0000 277f73c3 42024bb9: trying to extract 96 bits from input
[    5.582287] random 0000 0000 0000 277f73c3 42024bb9: debiting 0 entropy credits from input
[    5.582289] random 0000 0000 0000 277f73c3 42024bb9: extract_entropy account returned: 0 
[    5.582293] random 0000 0000 0000 277f73c3 42024bb9: urand_change_num 24 xfer_secondary_pool(12): pool_sig 000007e9, data_sig 00000000, bytes_mixed 0 277f73c3 42024bb9
[    5.582295] random 0000 0000 0000 277f73c3 42024bb9: trying to extract 96 bits from nonblocking
[    5.582298] random 0000 0000 0000 277f73c3 42024bb9: debiting 96 entropy credits from nonblocking (unlimited)
[    5.582300] random 0000 0000 0000 277f73c3 42024bb9: extract_entropy account returned: 12 
[    5.582304] random 0000 0000 0000 277f73c3 42024bb9: urand_change_num 25 extract_buf: pool_sig 000007e9, data_sig 00000088, bytes_mixed 20 277f73c3 42024bb9
[    5.582309] random 0000 0000 0000 277f73c3 42024bb9: urand_change_num 26 extract_buf: pool_sig 00000498, data_sig fffffefb, bytes_mixed 20 277f73c3 42024bb9
[    5.582312] RANDOM - __seed init called.
[    5.582313] RANDOM - __seed init called.
[    5.582314] RANDOM - __seed init called.
[    5.582316] RANDOM - __random32 called. Change num 12.  Value: 87f14767	f0d7351	b1e48bd3
[    5.582318] RANDOM - random32_reseed called.  Value: 87f14767	f0d7351	b1e48bd3
[    5.582320] Pid: 1, comm: swapper Not tainted 2.6.32.57 #3
[    5.582409] Call Trace:
[    5.582502]  [<c1923ca4>] ? random32_reseed+0xa0/0xb1
[    5.582592]  [<c1923c04>] ? random32_reseed+0x0/0xb1
[    5.582687]  [<c100111e>] ? do_one_initcall+0x2e/0x180
[    5.582782]  [<c1907265>] ? kernel_init+0xad/0x103
[    5.582874]  [<c19071b8>] ? kernel_init+0x0/0x103
[    5.582963]  [<c1003787>] ? kernel_thread_helper+0x7/0x10
[    5.583494] random 0000 0000 0000 386b4e60 ee4d4880: rand_read_num 7 get_random_bytes(64): sig fffffea5 386b4e60 ee4d4880
[    5.583496] random 0000 0000 0000 386b4e60 ee4d4880: extract_entropy(.. 64 ..)
[    5.583498] random 0000 0000 0000 386b4e60 ee4d4880: going to reseed nonblocking with 512 bits (512 of 0 requested)
[    5.583500] random 0000 0000 0000 386b4e60 ee4d4880: extract_entropy(.. 64 ..)
[    5.583502] random 0000 0000 0000 386b4e60 ee4d4880: trying to extract 512 bits from input
[    5.583505] random 0000 0000 0000 386b4e60 ee4d4880: debiting 0 entropy credits from input
[    5.583506] random 0000 0000 0000 386b4e60 ee4d4880: extract_entropy account returned: 0 
[    5.583510] random 0000 0000 0000 386b4e60 ee4d4880: urand_change_num 27 xfer_secondary_pool(64): pool_sig fffffea5, data_sig 00000000, bytes_mixed 0 386b4e60 ee4d4880
[    5.583513] random 0000 0000 0000 386b4e60 ee4d4880: trying to extract 512 bits from nonblocking
[    5.583515] random 0000 0000 0000 386b4e60 ee4d4880: debiting 512 entropy credits from nonblocking (unlimited)
[    5.583517] random 0000 0000 0000 386b4e60 ee4d4880: extract_entropy account returned: 64 
[    5.583521] random 0000 0000 0000 386b4e60 ee4d4880: urand_change_num 28 extract_buf: pool_sig fffffea5, data_sig 00000173, bytes_mixed 20 386b4e60 ee4d4880
[    5.583526] random 0000 0000 0000 412698f6 0cc8689a: urand_change_num 29 extract_buf: pool_sig 00000122, data_sig ffffff63, bytes_mixed 20 412698f6 0cc8689a
[    5.583532] random 0000 0000 0000 412698f6 0cc8689a: urand_change_num 30 extract_buf: pool_sig 000001f7, data_sig 00000012, bytes_mixed 20 412698f6 0cc8689a
[    5.583537] random 0000 0000 0000 9669941e 06f768b1: urand_change_num 31 extract_buf: pool_sig fffffb5b, data_sig 0000003f, bytes_mixed 20 9669941e 06f768b1
[    5.583542] random 0000 0000 0000 98486520 995551f0: urand_change_num 32 extract_buf: pool_sig fffffb39, data_sig 0000000e, bytes_mixed 20 98486520 995551f0
[    5.583547] random 0000 0000 0000 98486520 995551f0: urand_change_num 33 extract_buf: pool_sig fffffd8d, data_sig 000001a6, bytes_mixed 20 98486520 995551f0
[    5.583552] random 0000 0000 0000 61fc8914 d5882ed2: urand_change_num 34 extract_buf: pool_sig fffffa58, data_sig 0000023e, bytes_mixed 20 61fc8914 d5882ed2
[    5.583581] random 0000 0000 0000 61fc8914 d5882ed2: rand_read_num 8 get_random_bytes(64): sig fffff9ee 61fc8914 d5882ed2
[    5.583584] random 0000 0000 0000 61fc8914 d5882ed2: extract_entropy(.. 64 ..)
[    5.583586] random 0000 0000 0000 61fc8914 d5882ed2: going to reseed nonblocking with 512 bits (512 of 0 requested)
[    5.583588] random 0000 0000 0000 61fc8914 d5882ed2: extract_entropy(.. 64 ..)
[    5.583590] random 0000 0000 0000 61fc8914 d5882ed2: trying to extract 512 bits from input
[    5.583592] random 0000 0000 0000 61fc8914 d5882ed2: debiting 0 entropy credits from input
[    5.583594] random 0000 0000 0000 61fc8914 d5882ed2: extract_entropy account returned: 0 
[    5.583597] random 0000 0000 0000 61fc8914 d5882ed2: urand_change_num 35 xfer_secondary_pool(64): pool_sig fffff9ee, data_sig 00000000, bytes_mixed 0 61fc8914 d5882ed2
[    5.583600] random 0000 0000 0000 61fc8914 d5882ed2: trying to extract 512 bits from nonblocking
[    5.583602] random 0000 0000 0000 61fc8914 d5882ed2: debiting 512 entropy credits from nonblocking (unlimited)
[    5.583605] random 0000 0000 0000 61fc8914 d5882ed2: extract_entropy account returned: 64 
[    5.583608] random 0000 0000 0000 61fc8914 d5882ed2: urand_change_num 36 extract_buf: pool_sig fffff9ee, data_sig ffffff85, bytes_mixed 20 61fc8914 d5882ed2
[    5.583614] random 0000 0000 0000 70cfd302 e5edec11: urand_change_num 37 extract_buf: pool_sig fffffdc1, data_sig ffffffde, bytes_mixed 20 70cfd302 e5edec11
[    5.583619] random 0000 0000 0000 00dab838 eafd2b30: urand_change_num 38 extract_buf: pool_sig 000003da, data_sig ffffff61, bytes_mixed 20 00dab838 eafd2b30
[    5.583624] random 0000 0000 0000 00dab838 eafd2b30: urand_change_num 39 extract_buf: pool_sig 00000314, data_sig 00000121, bytes_mixed 20 00dab838 eafd2b30
[    5.583629] random 0000 0000 0000 5fcdf66a 6442b608: urand_change_num 40 extract_buf: pool_sig 0000028b, data_sig fffffefd, bytes_mixed 20 5fcdf66a 6442b608
[    5.583635] random 0000 0000 0000 61333f6b 8fae0f9b: urand_change_num 41 extract_buf: pool_sig 000000cb, data_sig 000000b3, bytes_mixed 20 61333f6b 8fae0f9b
[    5.583640] random 0000 0000 0000 61333f6b 8fae0f9b: urand_change_num 42 extract_buf: pool_sig fffffef8, data_sig 00000051, bytes_mixed 20 61333f6b 8fae0f9b
[    5.583643] BEGIN NET_SECRET:
[    5.583644] \xffffffe0
[    5.583648] \xffffffb6
[    5.583648] \x36
[    5.583649] \xffffffb5
[    5.583650] \xffffff94
[    5.583651] \xffffffb2
[    5.583652] \xffffffa8
[    5.583652] \xffffffda
[    5.583653] \x5b
[    5.583654] \x19
[    5.583655] \x18
[    5.583655] \x5c
[    5.583656] \x2b
[    5.583657] \x1
[    5.583658] \xffffff90
[    5.583658] \x19
[    5.583659] \x3c
[    5.583660] \xfffffff2
[    5.583661] \xffffff82
[    5.583662] \x2a
[    5.583662] \xffffffb3
[    5.583663] \xffffffa2
[    5.583664] \x3f
[    5.583665] \x5
[    5.583665] \x52
[    5.583666] \x77
[    5.583667] \x57
[    5.583667] \x79
[    5.583668] \x16
[    5.583669] \x43
[    5.583669] \xffffff84
[    5.583670] \xffffffc3
[    5.583671] \xffffffe9
[    5.583672] \x79
[    5.583673] \x50
[    5.583673] \xffffff8e
[    5.583674] \x3f
[    5.583675] \xfffffff3
[    5.583676] \x19
[    5.583676] \x2a
[    5.583677] \xfffffffd
[    5.583678] \xfffffffb
[    5.583679] \x62
[    5.583679] \x3c
[    5.583680] \xffffffac
[    5.583681] \x1c
[    5.583681] \x3b
[    5.583682] \x3b
[    5.583683] \x15
[    5.583684] \x27
[    5.583684] \xffffffa8
[    5.583685] \x22
[    5.583686] \xffffffc5
[    5.583687] \xffffff9a
[    5.583687] \x5
[    5.583688] \x6c
[    5.583689] \xffffffa8
[    5.583690] \x3a
[    5.583690] \x44
[    5.583691] \xffffffaf
[    5.583692] \x13
[    5.583693] \xffffffe0
[    5.583693] \xffffff9d
[    5.583694] \x22
[    5.583695] 
[    5.583695] END NET_SECRET
[    5.583698] random 0000 0000 0000 e7f555d9 e8ce5c3c: rand_read_num 9 get_random_bytes(4): sig 0000068c e7f555d9 e8ce5c3c
[    5.583700] random 0000 0000 0000 e7f555d9 e8ce5c3c: extract_entropy(.. 4 ..)
[    5.583703] random 0000 0000 0000 e7f555d9 e8ce5c3c: going to reseed nonblocking with 64 bits (32 of 0 requested)
[    5.583705] random 0000 0000 0000 e7f555d9 e8ce5c3c: extract_entropy(.. 8 ..)
[    5.583707] random 0000 0000 0000 e7f555d9 e8ce5c3c: trying to extract 64 bits from input
[    5.583709] random 0000 0000 0000 e7f555d9 e8ce5c3c: debiting 0 entropy credits from input
[    5.583711] random 0000 0000 0000 e7f555d9 e8ce5c3c: extract_entropy account returned: 0 
[    5.583714] random 0000 0000 0000 e7f555d9 e8ce5c3c: urand_change_num 43 xfer_secondary_pool(4): pool_sig 0000068c, data_sig 00000000, bytes_mixed 0 e7f555d9 e8ce5c3c
[    5.583716] random 0000 0000 0000 e7f555d9 e8ce5c3c: trying to extract 32 bits from nonblocking
[    5.583719] random 0000 0000 0000 e7f555d9 e8ce5c3c: debiting 32 entropy credits from nonblocking (unlimited)
[    5.583721] random 0000 0000 0000 e7f555d9 e8ce5c3c: extract_entropy account returned: 4 
[    5.583725] random 0000 0000 0000 e7f555d9 e8ce5c3c: urand_change_num 44 extract_buf: pool_sig 0000068c, data_sig fffffdcb, bytes_mixed 20 e7f555d9 e8ce5c3c
[    5.583736] md: Waiting for all devices to be available before autodetect
[    5.583830] md: If you don't use raid, use raid=noautodetect
[    5.583993] md: Autodetecting RAID arrays.
[    5.584082] md: Scanned 0 and added 0 devices.
[    5.584178] md: autorun ...
[    5.584268] md: ... autorun DONE.
[    5.598905] EXT3-fs: sda2: couldn't mount because of unsupported optional features (240).
[    5.599136] EXT2-fs: sda2: couldn't mount because of unsupported optional features (240).
[    5.600405] random 0000 0000 0000 e7f555d9 e8ce5c3c: rand_read_num 10 get_random_bytes(4): sig ffffff72 e7f555d9 e8ce5c3c
[    5.600407] random 0000 0000 0000 e7f555d9 e8ce5c3c: extract_entropy(.. 4 ..)
[    5.600410] random 0000 0000 0000 e7f555d9 e8ce5c3c: going to reseed nonblocking with 64 bits (32 of 0 requested)
[    5.600412] random 0000 0000 0000 e7f555d9 e8ce5c3c: extract_entropy(.. 8 ..)
[    5.600414] random 0000 0000 0000 e7f555d9 e8ce5c3c: trying to extract 64 bits from input
[    5.600416] random 0000 0000 0000 e7f555d9 e8ce5c3c: debiting 0 entropy credits from input
[    5.600418] random 0000 0000 0000 e7f555d9 e8ce5c3c: extract_entropy account returned: 0 
[    5.600421] random 0000 0000 0000 e7f555d9 e8ce5c3c: urand_change_num 45 xfer_secondary_pool(4): pool_sig ffffff72, data_sig 00000000, bytes_mixed 0 e7f555d9 e8ce5c3c
[    5.600424] random 0000 0000 0000 e7f555d9 e8ce5c3c: trying to extract 32 bits from nonblocking
[    5.600426] random 0000 0000 0000 e7f555d9 e8ce5c3c: debiting 32 entropy credits from nonblocking (unlimited)
[    5.600428] random 0000 0000 0000 e7f555d9 e8ce5c3c: extract_entropy account returned: 4 
[    5.600433] random 0000 0000 0000 e7f555d9 e8ce5c3c: urand_change_num 46 extract_buf: pool_sig ffffff72, data_sig ffffff72, bytes_mixed 20 e7f555d9 e8ce5c3c
[    5.635614] EXT4-fs (sda2): mounted filesystem with ordered data mode
[    5.635823] VFS: Mounted root (ext4 filesystem) readonly on device 8:2.
[    5.635926] Freeing unused kernel memory: 448k freed
[    5.706209] random 0000 0000 0000 91716c54 eeb6a1e7: rand_read_num 11 get_random_bytes(16): sig fffffcad 91716c54 eeb6a1e7
[    5.706211] random 0000 0000 0000 91716c54 eeb6a1e7: extract_entropy(.. 16 ..)
[    5.706214] random 0000 0000 0000 91716c54 eeb6a1e7: going to reseed nonblocking with 128 bits (128 of 0 requested)
[    5.706216] random 0000 0000 0000 91716c54 eeb6a1e7: extract_entropy(.. 16 ..)
[    5.706218] random 0000 0000 0000 91716c54 eeb6a1e7: trying to extract 128 bits from input
[    5.706220] random 0000 0000 0000 91716c54 eeb6a1e7: debiting 0 entropy credits from input
[    5.706222] random 0000 0000 0000 91716c54 eeb6a1e7: extract_entropy account returned: 0 
[    5.706225] random 0000 0000 0000 91716c54 eeb6a1e7: urand_change_num 47 xfer_secondary_pool(16): pool_sig fffffcad, data_sig 00000000, bytes_mixed 0 91716c54 eeb6a1e7
[    5.706228] random 0000 0000 0000 91716c54 eeb6a1e7: trying to extract 128 bits from nonblocking
[    5.706230] random 0000 0000 0000 91716c54 eeb6a1e7: debiting 128 entropy credits from nonblocking (unlimited)
[    5.706232] random 0000 0000 0000 91716c54 eeb6a1e7: extract_entropy account returned: 16 
[    5.706237] random 0000 0000 0000 91716c54 eeb6a1e7: urand_change_num 48 extract_buf: pool_sig fffffcad, data_sig ffffff19, bytes_mixed 20 91716c54 eeb6a1e7
[    5.706242] random 0000 0000 0000 fd637b06 6cf47bc1: urand_change_num 49 extract_buf: pool_sig fffffede, data_sig ffffffc1, bytes_mixed 20 fd637b06 6cf47bc1
[    5.784632] random 0000 0000 0000 fd637b06 6cf47bc1: rand_read_num 12 get_random_bytes(16): sig 0000033b fd637b06 6cf47bc1
[    5.784635] random 0000 0000 0000 fd637b06 6cf47bc1: extract_entropy(.. 16 ..)
[    5.784641] random 0000 0000 0000 fd637b06 6cf47bc1: going to reseed nonblocking with 128 bits (128 of 0 requested)
[    5.784643] random 0000 0000 0000 fd637b06 6cf47bc1: extract_entropy(.. 16 ..)
[    5.784645] random 0000 0000 0000 fd637b06 6cf47bc1: trying to extract 128 bits from input
[    5.784647] random 0000 0000 0000 fd637b06 6cf47bc1: debiting 0 entropy credits from input
[    5.784649] random 0000 0000 0000 fd637b06 6cf47bc1: extract_entropy account returned: 0 
[    5.784652] random 0000 0000 0000 fd637b06 6cf47bc1: urand_change_num 50 xfer_secondary_pool(16): pool_sig 0000033b, data_sig 00000000, bytes_mixed 0 fd637b06 6cf47bc1
[    5.784655] random 0000 0000 0000 fd637b06 6cf47bc1: trying to extract 128 bits from nonblocking
[    5.784658] random 0000 0000 0000 fd637b06 6cf47bc1: debiting 128 entropy credits from nonblocking (unlimited)
[    5.784660] random 0000 0000 0000 fd637b06 6cf47bc1: extract_entropy account returned: 16 
[    5.784664] random 0000 0000 0000 fd637b06 6cf47bc1: urand_change_num 51 extract_buf: pool_sig 0000033b, data_sig 000000d8, bytes_mixed 20 fd637b06 6cf47bc1
[    5.784669] random 0000 0000 0000 0ec1f012 d4727ca8: urand_change_num 52 extract_buf: pool_sig fffffcf5, data_sig 00000016, bytes_mixed 20 0ec1f012 d4727ca8
[    6.142730] ieee1394: Host added: ID:BUS[0-00:1023]  GUID[00061b032a25f51c]
[    6.150239] random 0000 0000 0000 45b1d0b1 845a73f7: rand_read_num 13 get_random_bytes(16): sig 00000116 45b1d0b1 845a73f7
[    6.150242] random 0000 0000 0000 45b1d0b1 845a73f7: extract_entropy(.. 16 ..)
[    6.150245] random 0000 0000 0000 45b1d0b1 845a73f7: going to reseed nonblocking with 128 bits (128 of 0 requested)
[    6.150247] random 0000 0000 0000 45b1d0b1 845a73f7: extract_entropy(.. 16 ..)
[    6.150249] random 0000 0000 0000 45b1d0b1 845a73f7: trying to extract 128 bits from input
[    6.150251] random 0000 0000 0000 45b1d0b1 845a73f7: debiting 0 entropy credits from input
[    6.150253] random 0000 0000 0000 45b1d0b1 845a73f7: extract_entropy account returned: 0 
[    6.150256] random 0000 0000 0000 45b1d0b1 845a73f7: urand_change_num 53 xfer_secondary_pool(16): pool_sig 00000116, data_sig 00000000, bytes_mixed 0 45b1d0b1 845a73f7
[    6.150259] random 0000 0000 0000 45b1d0b1 845a73f7: trying to extract 128 bits from nonblocking
[    6.150262] random 0000 0000 0000 45b1d0b1 845a73f7: debiting 128 entropy credits from nonblocking (unlimited)
[    6.150264] random 0000 0000 0000 45b1d0b1 845a73f7: extract_entropy account returned: 16 
[    6.150268] random 0000 0000 0000 45b1d0b1 845a73f7: urand_change_num 54 extract_buf: pool_sig 00000116, data_sig fffffd8b, bytes_mixed 20 45b1d0b1 845a73f7
[    6.150273] random 0000 0000 0000 45b1d0b1 845a73f7: urand_change_num 55 extract_buf: pool_sig fffffc05, data_sig 00000109, bytes_mixed 20 45b1d0b1 845a73f7
[    6.202736] random 0000 0000 0000 5012cce3 b8a30621: rand_read_num 14 get_random_bytes(16): sig fffffb93 5012cce3 b8a30621
[    6.202739] random 0000 0000 0000 5012cce3 b8a30621: extract_entropy(.. 16 ..)
[    6.202741] random 0000 0000 0000 5012cce3 b8a30621: going to reseed nonblocking with 128 bits (128 of 0 requested)
[    6.202744] random 0000 0000 0000 5012cce3 b8a30621: extract_entropy(.. 16 ..)
[    6.202746] random 0000 0000 0000 5012cce3 b8a30621: trying to extract 128 bits from input
[    6.202748] random 0000 0000 0000 5012cce3 b8a30621: debiting 0 entropy credits from input
[    6.202750] random 0000 0000 0000 5012cce3 b8a30621: extract_entropy account returned: 0 
[    6.202753] random 0000 0000 0000 5012cce3 b8a30621: urand_change_num 56 xfer_secondary_pool(16): pool_sig fffffb93, data_sig 00000000, bytes_mixed 0 5012cce3 b8a30621
[    6.202756] random 0000 0000 0000 5012cce3 b8a30621: trying to extract 128 bits from nonblocking
[    6.202758] random 0000 0000 0000 5012cce3 b8a30621: debiting 128 entropy credits from nonblocking (unlimited)
[    6.202760] random 0000 0000 0000 5012cce3 b8a30621: extract_entropy account returned: 16 
[    6.202764] random 0000 0000 0000 5012cce3 b8a30621: urand_change_num 57 extract_buf: pool_sig fffffb93, data_sig ffffff35, bytes_mixed 20 5012cce3 b8a30621
[    6.202770] random 0000 0000 0000 5012cce3 b8a30621: urand_change_num 58 extract_buf: pool_sig fffffb9d, data_sig ffffff92, bytes_mixed 20 5012cce3 b8a30621
[    6.204138] random 0000 0000 0000 30a5721d 4b648ff6: rand_read_num 15 get_random_bytes(16): sig fffffeb5 30a5721d 4b648ff6
[    6.204141] random 0000 0000 0000 30a5721d 4b648ff6: extract_entropy(.. 16 ..)
[    6.204144] random 0000 0000 0000 30a5721d 4b648ff6: going to reseed nonblocking with 128 bits (128 of 0 requested)
[    6.204146] random 0000 0000 0000 30a5721d 4b648ff6: extract_entropy(.. 16 ..)
[    6.204148] random 0000 0000 0000 30a5721d 4b648ff6: trying to extract 128 bits from input
[    6.204150] random 0000 0000 0000 30a5721d 4b648ff6: debiting 0 entropy credits from input
[    6.204152] random 0000 0000 0000 30a5721d 4b648ff6: extract_entropy account returned: 0 
[    6.204155] random 0000 0000 0000 30a5721d 4b648ff6: urand_change_num 59 xfer_secondary_pool(16): pool_sig fffffeb5, data_sig 00000000, bytes_mixed 0 30a5721d 4b648ff6
[    6.204158] random 0000 0000 0000 30a5721d 4b648ff6: trying to extract 128 bits from nonblocking
[    6.204161] random 0000 0000 0000 30a5721d 4b648ff6: debiting 128 entropy credits from nonblocking (unlimited)
[    6.204163] random 0000 0000 0000 30a5721d 4b648ff6: extract_entropy account returned: 16 
[    6.204167] random 0000 0000 0000 30a5721d 4b648ff6: urand_change_num 60 extract_buf: pool_sig fffffeb5, data_sig 000000c2, bytes_mixed 20 30a5721d 4b648ff6
[    6.204172] random 0000 0000 0000 89bae1ab 704c432f: urand_change_num 61 extract_buf: pool_sig 0000006e, data_sig fffffefc, bytes_mixed 20 89bae1ab 704c432f
[    6.204720] random 0000 0000 0000 89bae1ab 704c432f: rand_read_num 16 get_random_bytes(16): sig fffffd99 89bae1ab 704c432f
[    6.204723] random 0000 0000 0000 89bae1ab 704c432f: extract_entropy(.. 16 ..)
[    6.204726] random 0000 0000 0000 89bae1ab 704c432f: going to reseed nonblocking with 128 bits (128 of 0 requested)
[    6.204728] random 0000 0000 0000 89bae1ab 704c432f: extract_entropy(.. 16 ..)
[    6.204730] random 0000 0000 0000 89bae1ab 704c432f: trying to extract 128 bits from input
[    6.204732] random 0000 0000 0000 89bae1ab 704c432f: debiting 0 entropy credits from input
[    6.204734] random 0000 0000 0000 89bae1ab 704c432f: extract_entropy account returned: 0 
[    6.204737] random 0000 0000 0000 89bae1ab 704c432f: urand_change_num 62 xfer_secondary_pool(16): pool_sig fffffd99, data_sig 00000000, bytes_mixed 0 89bae1ab 704c432f
[    6.204740] random 0000 0000 0000 89bae1ab 704c432f: trying to extract 128 bits from nonblocking
[    6.204743] random 0000 0000 0000 89bae1ab 704c432f: debiting 128 entropy credits from nonblocking (unlimited)
[    6.204745] random 0000 0000 0000 89bae1ab 704c432f: extract_entropy account returned: 16 
[    6.204749] random 0000 0000 0000 89bae1ab 704c432f: urand_change_num 63 extract_buf: pool_sig fffffd99, data_sig 00000204, bytes_mixed 20 89bae1ab 704c432f
[    6.204754] random 0000 0000 0000 6c298a02 2b1539f8: urand_change_num 64 extract_buf: pool_sig 00000124, data_sig fffffff5, bytes_mixed 20 6c298a02 2b1539f8
[    6.205662] random 0000 0000 0000 c77b8b35 70f6cab5: rand_read_num 17 get_random_bytes(16): sig 0000036b c77b8b35 70f6cab5
[    6.205664] random 0000 0000 0000 c77b8b35 70f6cab5: extract_entropy(.. 16 ..)
[    6.205667] random 0000 0000 0000 c77b8b35 70f6cab5: going to reseed nonblocking with 128 bits (128 of 0 requested)
[    6.205669] random 0000 0000 0000 c77b8b35 70f6cab5: extract_entropy(.. 16 ..)
[    6.205671] random 0000 0000 0000 c77b8b35 70f6cab5: trying to extract 128 bits from input
[    6.205673] random 0000 0000 0000 c77b8b35 70f6cab5: debiting 0 entropy credits from input
[    6.205676] random 0000 0000 0000 c77b8b35 70f6cab5: extract_entropy account returned: 0 
[    6.205679] random 0000 0000 0000 c77b8b35 70f6cab5: urand_change_num 65 xfer_secondary_pool(16): pool_sig 0000036b, data_sig 00000000, bytes_mixed 0 c77b8b35 70f6cab5
[    6.205682] random 0000 0000 0000 c77b8b35 70f6cab5: trying to extract 128 bits from nonblocking
[    6.205684] random 0000 0000 0000 c77b8b35 70f6cab5: debiting 128 entropy credits from nonblocking (unlimited)
[    6.205686] random 0000 0000 0000 c77b8b35 70f6cab5: extract_entropy account returned: 16 
[    6.205690] random 0000 0000 0000 c77b8b35 70f6cab5: urand_change_num 66 extract_buf: pool_sig 0000036b, data_sig 0000005f, bytes_mixed 20 c77b8b35 70f6cab5
[    6.205696] random 0000 0000 0000 c77b8b35 70f6cab5: urand_change_num 67 extract_buf: pool_sig ffffff1c, data_sig 0000005a, bytes_mixed 20 c77b8b35 70f6cab5
[    6.206280] random 0000 0000 0000 af21d212 57d20ca3: rand_read_num 18 get_random_bytes(16): sig fffffb7f af21d212 57d20ca3
[    6.206283] random 0000 0000 0000 af21d212 57d20ca3: extract_entropy(.. 16 ..)
[    6.206286] random 0000 0000 0000 af21d212 57d20ca3: going to reseed nonblocking with 128 bits (128 of 0 requested)
[    6.206288] random 0000 0000 0000 af21d212 57d20ca3: extract_entropy(.. 16 ..)
[    6.206290] random 0000 0000 0000 af21d212 57d20ca3: trying to extract 128 bits from input
[    6.206292] random 0000 0000 0000 af21d212 57d20ca3: debiting 0 entropy credits from input
[    6.206294] random 0000 0000 0000 af21d212 57d20ca3: extract_entropy account returned: 0 
[    6.206297] random 0000 0000 0000 af21d212 57d20ca3: urand_change_num 68 xfer_secondary_pool(16): pool_sig fffffb7f, data_sig 00000000, bytes_mixed 0 af21d212 57d20ca3
[    6.206300] random 0000 0000 0000 af21d212 57d20ca3: trying to extract 128 bits from nonblocking
[    6.206302] random 0000 0000 0000 af21d212 57d20ca3: debiting 128 entropy credits from nonblocking (unlimited)
[    6.206305] random 0000 0000 0000 af21d212 57d20ca3: extract_entropy account returned: 16 
[    6.206309] random 0000 0000 0000 af21d212 57d20ca3: urand_change_num 69 extract_buf: pool_sig fffffb7f, data_sig ffffff88, bytes_mixed 20 af21d212 57d20ca3
[    6.206314] random 0000 0000 0000 af21d212 57d20ca3: urand_change_num 70 extract_buf: pool_sig fffffe1d, data_sig ffffff17, bytes_mixed 20 af21d212 57d20ca3
[    6.206906] random 0000 0000 0000 ffbd26fd 21933274: rand_read_num 19 get_random_bytes(16): sig ffffffc7 ffbd26fd 21933274
[    6.206909] random 0000 0000 0000 ffbd26fd 21933274: extract_entropy(.. 16 ..)
[    6.206912] random 0000 0000 0000 ffbd26fd 21933274: going to reseed nonblocking with 128 bits (128 of 0 requested)
[    6.206914] random 0000 0000 0000 ffbd26fd 21933274: extract_entropy(.. 16 ..)
[    6.206916] random 0000 0000 0000 ffbd26fd 21933274: trying to extract 128 bits from input
[    6.206918] random 0000 0000 0000 ffbd26fd 21933274: debiting 0 entropy credits from input
[    6.206920] random 0000 0000 0000 ffbd26fd 21933274: extract_entropy account returned: 0 
[    6.206923] random 0000 0000 0000 ffbd26fd 21933274: urand_change_num 71 xfer_secondary_pool(16): pool_sig ffffffc7, data_sig 00000000, bytes_mixed 0 ffbd26fd 21933274
[    6.206926] random 0000 0000 0000 ffbd26fd 21933274: trying to extract 128 bits from nonblocking
[    6.206928] random 0000 0000 0000 ffbd26fd 21933274: debiting 128 entropy credits from nonblocking (unlimited)
[    6.206931] random 0000 0000 0000 ffbd26fd 21933274: extract_entropy account returned: 16 
[    6.206935] random 0000 0000 0000 ffbd26fd 21933274: urand_change_num 72 extract_buf: pool_sig ffffffc7, data_sig 0000013b, bytes_mixed 20 ffbd26fd 21933274
[    6.206940] random 0000 0000 0000 151530a2 56c65dd3: urand_change_num 73 extract_buf: pool_sig ffffffbf, data_sig 00000036, bytes_mixed 20 151530a2 56c65dd3
[    6.207489] random 0000 0000 0000 151530a2 56c65dd3: rand_read_num 20 get_random_bytes(16): sig 000001a7 151530a2 56c65dd3
[    6.207492] random 0000 0000 0000 151530a2 56c65dd3: extract_entropy(.. 16 ..)
[    6.207495] random 0000 0000 0000 151530a2 56c65dd3: going to reseed nonblocking with 128 bits (128 of 0 requested)
[    6.207497] random 0000 0000 0000 151530a2 56c65dd3: extract_entropy(.. 16 ..)
[    6.207499] random 0000 0000 0000 151530a2 56c65dd3: trying to extract 128 bits from input
[    6.207501] random 0000 0000 0000 151530a2 56c65dd3: debiting 0 entropy credits from input
[    6.207503] random 0000 0000 0000 151530a2 56c65dd3: extract_entropy account returned: 0 
[    6.207506] random 0000 0000 0000 151530a2 56c65dd3: urand_change_num 74 xfer_secondary_pool(16): pool_sig 000001a7, data_sig 00000000, bytes_mixed 0 151530a2 56c65dd3
[    6.207509] random 0000 0000 0000 151530a2 56c65dd3: trying to extract 128 bits from nonblocking
[    6.207511] random 0000 0000 0000 151530a2 56c65dd3: debiting 128 entropy credits from nonblocking (unlimited)
[    6.207513] random 0000 0000 0000 151530a2 56c65dd3: extract_entropy account returned: 16 
[    6.207518] random 0000 0000 0000 151530a2 56c65dd3: urand_change_num 75 extract_buf: pool_sig 000001a7, data_sig ffffffa1, bytes_mixed 20 151530a2 56c65dd3
[    6.207523] random 0000 0000 0000 5d3e132e d9a77eb3: urand_change_num 76 extract_buf: pool_sig fffffcc9, data_sig 00000013, bytes_mixed 20 5d3e132e d9a77eb3
[    6.258550] random 0000 0000 0000 264837ad 0a28fef5: rand_read_num 21 get_random_bytes(16): sig ffffffd0 264837ad 0a28fef5
[    6.258553] random 0000 0000 0000 264837ad 0a28fef5: extract_entropy(.. 16 ..)
[    6.258555] random 0000 0000 0000 264837ad 0a28fef5: going to reseed nonblocking with 128 bits (128 of 0 requested)
[    6.258558] random 0000 0000 0000 264837ad 0a28fef5: extract_entropy(.. 16 ..)
[    6.258560] random 0000 0000 0000 264837ad 0a28fef5: trying to extract 128 bits from input
[    6.258562] random 0000 0000 0000 264837ad 0a28fef5: debiting 0 entropy credits from input
[    6.258564] random 0000 0000 0000 264837ad 0a28fef5: extract_entropy account returned: 0 
[    6.258567] random 0000 0000 0000 264837ad 0a28fef5: urand_change_num 77 xfer_secondary_pool(16): pool_sig ffffffd0, data_sig 00000000, bytes_mixed 0 264837ad 0a28fef5
[    6.258570] random 0000 0000 0000 264837ad 0a28fef5: trying to extract 128 bits from nonblocking
[    6.258573] random 0000 0000 0000 264837ad 0a28fef5: debiting 128 entropy credits from nonblocking (unlimited)
[    6.258575] random 0000 0000 0000 264837ad 0a28fef5: extract_entropy account returned: 16 
[    6.258579] random 0000 0000 0000 264837ad 0a28fef5: urand_change_num 78 extract_buf: pool_sig ffffffd0, data_sig 0000017b, bytes_mixed 20 264837ad 0a28fef5
[    6.258584] random 0000 0000 0000 264837ad 0a28fef5: urand_change_num 79 extract_buf: pool_sig 0000045c, data_sig 000001df, bytes_mixed 20 264837ad 0a28fef5
[    6.260034] random 0000 0000 0000 f37f7344 164aede0: rand_read_num 22 get_random_bytes(16): sig 000003c2 f37f7344 164aede0
[    6.260037] random 0000 0000 0000 f37f7344 164aede0: extract_entropy(.. 16 ..)
[    6.260039] random 0000 0000 0000 f37f7344 164aede0: going to reseed nonblocking with 128 bits (128 of 0 requested)
[    6.260041] random 0000 0000 0000 f37f7344 164aede0: extract_entropy(.. 16 ..)
[    6.260043] random 0000 0000 0000 f37f7344 164aede0: trying to extract 128 bits from input
[    6.260046] random 0000 0000 0000 f37f7344 164aede0: debiting 0 entropy credits from input
[    6.260048] random 0000 0000 0000 f37f7344 164aede0: extract_entropy account returned: 0 
[    6.260051] random 0000 0000 0000 f37f7344 164aede0: urand_change_num 80 xfer_secondary_pool(16): pool_sig 000003c2, data_sig 00000000, bytes_mixed 0 f37f7344 164aede0
[    6.260054] random 0000 0000 0000 f37f7344 164aede0: trying to extract 128 bits from nonblocking
[    6.260056] random 0000 0000 0000 f37f7344 164aede0: debiting 128 entropy credits from nonblocking (unlimited)
[    6.260058] random 0000 0000 0000 f37f7344 164aede0: extract_entropy account returned: 16 
[    6.260062] random 0000 0000 0000 f37f7344 164aede0: urand_change_num 81 extract_buf: pool_sig 000003c2, data_sig ffffff6c, bytes_mixed 20 f37f7344 164aede0
[    6.260068] random 0000 0000 0000 f37f7344 164aede0: urand_change_num 82 extract_buf: pool_sig fffffdfc, data_sig 00000091, bytes_mixed 20 f37f7344 164aede0
[    6.282854] random 0000 0000 0000 a4794863 878070c1: rand_read_num 23 get_random_bytes(16): sig 0000011b a4794863 878070c1
[    6.282856] random 0000 0000 0000 a4794863 878070c1: extract_entropy(.. 16 ..)
[    6.282859] random 0000 0000 0000 a4794863 878070c1: going to reseed nonblocking with 128 bits (128 of 0 requested)
[    6.282861] random 0000 0000 0000 a4794863 878070c1: extract_entropy(.. 16 ..)
[    6.282863] random 0000 0000 0000 a4794863 878070c1: trying to extract 128 bits from input
[    6.282865] random 0000 0000 0000 a4794863 878070c1: debiting 0 entropy credits from input
[    6.282867] random 0000 0000 0000 a4794863 878070c1: extract_entropy account returned: 0 
[    6.282871] random 0000 0000 0000 a4794863 878070c1: urand_change_num 83 xfer_secondary_pool(16): pool_sig 0000011b, data_sig 00000000, bytes_mixed 0 a4794863 878070c1
[    6.282874] random 0000 0000 0000 a4794863 878070c1: trying to extract 128 bits from nonblocking
[    6.282876] random 0000 0000 0000 a4794863 878070c1: debiting 128 entropy credits from nonblocking (unlimited)
[    6.282878] random 0000 0000 0000 a4794863 878070c1: extract_entropy account returned: 16 
[    6.282882] random 0000 0000 0000 a4794863 878070c1: urand_change_num 84 extract_buf: pool_sig 0000011b, data_sig ffffff51, bytes_mixed 20 a4794863 878070c1
[    6.282888] random 0000 0000 0000 737f19b4 9417d8ab: urand_change_num 85 extract_buf: pool_sig 000001a3, data_sig 0000006c, bytes_mixed 20 737f19b4 9417d8ab
[    6.286945] random 0000 0000 0000 737f19b4 9417d8ab: rand_read_num 24 get_random_bytes(16): sig fffffe22 737f19b4 9417d8ab
[    6.286947] random 0000 0000 0000 737f19b4 9417d8ab: extract_entropy(.. 16 ..)
[    6.286950] random 0000 0000 0000 737f19b4 9417d8ab: going to reseed nonblocking with 128 bits (128 of 0 requested)
[    6.286952] random 0000 0000 0000 737f19b4 9417d8ab: extract_entropy(.. 16 ..)
[    6.286954] random 0000 0000 0000 737f19b4 9417d8ab: trying to extract 128 bits from input
[    6.286956] random 0000 0000 0000 737f19b4 9417d8ab: debiting 0 entropy credits from input
[    6.286958] random 0000 0000 0000 737f19b4 9417d8ab: extract_entropy account returned: 0 
[    6.286961] random 0000 0000 0000 737f19b4 9417d8ab: urand_change_num 86 xfer_secondary_pool(16): pool_sig fffffe22, data_sig 00000000, bytes_mixed 0 737f19b4 9417d8ab
[    6.286964] random 0000 0000 0000 737f19b4 9417d8ab: trying to extract 128 bits from nonblocking
[    6.286967] random 0000 0000 0000 737f19b4 9417d8ab: debiting 128 entropy credits from nonblocking (unlimited)
[    6.286969] random 0000 0000 0000 737f19b4 9417d8ab: extract_entropy account returned: 16 
[    6.286973] random 0000 0000 0000 737f19b4 9417d8ab: urand_change_num 87 extract_buf: pool_sig fffffe22, data_sig 00000230, bytes_mixed 20 737f19b4 9417d8ab
[    6.286978] random 0000 0000 0000 4deb0d06 1236af4c: urand_change_num 88 extract_buf: pool_sig 000000b6, data_sig ffffff44, bytes_mixed 20 4deb0d06 1236af4c
[    6.287977] random 0000 0000 0000 b538fadc 4a7613df: rand_read_num 25 get_random_bytes(16): sig 0000013c b538fadc 4a7613df
[    6.287979] random 0000 0000 0000 b538fadc 4a7613df: extract_entropy(.. 16 ..)
[    6.287982] random 0000 0000 0000 b538fadc 4a7613df: going to reseed nonblocking with 128 bits (128 of 0 requested)
[    6.287984] random 0000 0000 0000 b538fadc 4a7613df: extract_entropy(.. 16 ..)
[    6.287986] random 0000 0000 0000 b538fadc 4a7613df: trying to extract 128 bits from input
[    6.287989] random 0000 0000 0000 b538fadc 4a7613df: debiting 0 entropy credits from input
[    6.287991] random 0000 0000 0000 b538fadc 4a7613df: extract_entropy account returned: 0 
[    6.287994] random 0000 0000 0000 b538fadc 4a7613df: urand_change_num 89 xfer_secondary_pool(16): pool_sig 0000013c, data_sig 00000000, bytes_mixed 0 b538fadc 4a7613df
[    6.287997] random 0000 0000 0000 b538fadc 4a7613df: trying to extract 128 bits from nonblocking
[    6.287999] random 0000 0000 0000 b538fadc 4a7613df: debiting 128 entropy credits from nonblocking (unlimited)
[    6.288001] random 0000 0000 0000 b538fadc 4a7613df: extract_entropy account returned: 16 
[    6.288005] random 0000 0000 0000 b538fadc 4a7613df: urand_change_num 90 extract_buf: pool_sig 0000013c, data_sig 00000015, bytes_mixed 20 b538fadc 4a7613df
[    6.288011] random 0000 0000 0000 b538fadc 4a7613df: urand_change_num 91 extract_buf: pool_sig 00000452, data_sig 0000002b, bytes_mixed 20 b538fadc 4a7613df
[    6.288457] random 0000 0000 0000 73b17df4 93bb370e: rand_read_num 26 get_random_bytes(16): sig fffffbf1 73b17df4 93bb370e
[    6.288460] random 0000 0000 0000 73b17df4 93bb370e: extract_entropy(.. 16 ..)
[    6.288463] random 0000 0000 0000 73b17df4 93bb370e: going to reseed nonblocking with 128 bits (128 of 0 requested)
[    6.288465] random 0000 0000 0000 73b17df4 93bb370e: extract_entropy(.. 16 ..)
[    6.288467] random 0000 0000 0000 73b17df4 93bb370e: trying to extract 128 bits from input
[    6.288469] random 0000 0000 0000 73b17df4 93bb370e: debiting 0 entropy credits from input
[    6.288471] random 0000 0000 0000 73b17df4 93bb370e: extract_entropy account returned: 0 
[    6.288475] random 0000 0000 0000 73b17df4 93bb370e: urand_change_num 92 xfer_secondary_pool(16): pool_sig fffffbf1, data_sig 00000000, bytes_mixed 0 73b17df4 93bb370e
[    6.288477] random 0000 0000 0000 73b17df4 93bb370e: trying to extract 128 bits from nonblocking
[    6.288480] random 0000 0000 0000 73b17df4 93bb370e: debiting 128 entropy credits from nonblocking (unlimited)
[    6.288482] random 0000 0000 0000 73b17df4 93bb370e: extract_entropy account returned: 16 
[    6.288486] random 0000 0000 0000 73b17df4 93bb370e: urand_change_num 93 extract_buf: pool_sig fffffbf1, data_sig ffffff99, bytes_mixed 20 73b17df4 93bb370e
[    6.288492] random 0000 0000 0000 73b17df4 93bb370e: urand_change_num 94 extract_buf: pool_sig fffffe1d, data_sig 000000b0, bytes_mixed 20 73b17df4 93bb370e
[    6.288904] random 0000 0000 0000 0cd682bb ba04da9f: rand_read_num 27 get_random_bytes(16): sig fffffccb 0cd682bb ba04da9f
[    6.288907] random 0000 0000 0000 0cd682bb ba04da9f: extract_entropy(.. 16 ..)
[    6.288909] random 0000 0000 0000 0cd682bb ba04da9f: going to reseed nonblocking with 128 bits (128 of 0 requested)
[    6.288912] random 0000 0000 0000 0cd682bb ba04da9f: extract_entropy(.. 16 ..)
[    6.288914] random 0000 0000 0000 0cd682bb ba04da9f: trying to extract 128 bits from input
[    6.288916] random 0000 0000 0000 0cd682bb ba04da9f: debiting 0 entropy credits from input
[    6.288918] random 0000 0000 0000 0cd682bb ba04da9f: extract_entropy account returned: 0 
[    6.288921] random 0000 0000 0000 0cd682bb ba04da9f: urand_change_num 95 xfer_secondary_pool(16): pool_sig fffffccb, data_sig 00000000, bytes_mixed 0 0cd682bb ba04da9f
[    6.288924] random 0000 0000 0000 0cd682bb ba04da9f: trying to extract 128 bits from nonblocking
[    6.288926] random 0000 0000 0000 0cd682bb ba04da9f: debiting 128 entropy credits from nonblocking (unlimited)
[    6.288929] random 0000 0000 0000 0cd682bb ba04da9f: extract_entropy account returned: 16 
[    6.288933] random 0000 0000 0000 0cd682bb ba04da9f: urand_change_num 96 extract_buf: pool_sig fffffccb, data_sig fffffec5, bytes_mixed 20 0cd682bb ba04da9f
[    6.288938] random 0000 0000 0000 26929f1a 15254dc1: urand_change_num 97 extract_buf: pool_sig fffffed2, data_sig ffffffb1, bytes_mixed 20 26929f1a 15254dc1
[    6.289811] random 0000 0000 0000 26929f1a 15254dc1: rand_read_num 28 get_random_bytes(16): sig 00000038 26929f1a 15254dc1
[    6.289813] random 0000 0000 0000 26929f1a 15254dc1: extract_entropy(.. 16 ..)
[    6.289816] random 0000 0000 0000 26929f1a 15254dc1: going to reseed nonblocking with 128 bits (128 of 0 requested)
[    6.289818] random 0000 0000 0000 26929f1a 15254dc1: extract_entropy(.. 16 ..)
[    6.289820] random 0000 0000 0000 26929f1a 15254dc1: trying to extract 128 bits from input
[    6.289822] random 0000 0000 0000 26929f1a 15254dc1: debiting 0 entropy credits from input
[    6.289824] random 0000 0000 0000 26929f1a 15254dc1: extract_entropy account returned: 0 
[    6.289828] random 0000 0000 0000 26929f1a 15254dc1: urand_change_num 98 xfer_secondary_pool(16): pool_sig 00000038, data_sig 00000000, bytes_mixed 0 26929f1a 15254dc1
[    6.289830] random 0000 0000 0000 26929f1a 15254dc1: trying to extract 128 bits from nonblocking
[    6.289833] random 0000 0000 0000 26929f1a 15254dc1: debiting 128 entropy credits from nonblocking (unlimited)
[    6.289835] random 0000 0000 0000 26929f1a 15254dc1: extract_entropy account returned: 16 
[    6.289839] random 0000 0000 0000 26929f1a 15254dc1: urand_change_num 99 extract_buf: pool_sig 00000038, data_sig 000000fd, bytes_mixed 20 26929f1a 15254dc1
[    6.289844] random 0000 0000 0000 8116fe3b 478c2d5b: urand_change_num 100 extract_buf: pool_sig 00000059, data_sig 00000310, bytes_mixed 20 8116fe3b 478c2d5b
[    6.296484] random 0000 0000 0000 a20f4a3a 32a6b2fa: rand_read_num 29 get_random_bytes(16): sig 000002c0 a20f4a3a 32a6b2fa
[    6.296487] random 0000 0000 0000 a20f4a3a 32a6b2fa: extract_entropy(.. 16 ..)
[    6.296489] random 0000 0000 0000 a20f4a3a 32a6b2fa: going to reseed nonblocking with 128 bits (128 of 0 requested)
[    6.296492] random 0000 0000 0000 a20f4a3a 32a6b2fa: extract_entropy(.. 16 ..)
[    6.296494] random 0000 0000 0000 a20f4a3a 32a6b2fa: trying to extract 128 bits from input
[    6.296496] random 0000 0000 0000 a20f4a3a 32a6b2fa: debiting 0 entropy credits from input
[    6.296498] random 0000 0000 0000 a20f4a3a 32a6b2fa: extract_entropy account returned: 0 
[    6.296501] random 0000 0000 0000 a20f4a3a 32a6b2fa: urand_change_num 101 xfer_secondary_pool(16): pool_sig 000002c0, data_sig 00000000, bytes_mixed 0 a20f4a3a 32a6b2fa
[    6.296504] random 0000 0000 0000 a20f4a3a 32a6b2fa: trying to extract 128 bits from nonblocking
[    6.296506] random 0000 0000 0000 a20f4a3a 32a6b2fa: debiting 128 entropy credits from nonblocking (unlimited)
[    6.296508] random 0000 0000 0000 a20f4a3a 32a6b2fa: extract_entropy account returned: 16 
[    6.296513] random 0000 0000 0000 a20f4a3a 32a6b2fa: urand_change_num 102 extract_buf: pool_sig 000002c0, data_sig 000000fb, bytes_mixed 20 a20f4a3a 32a6b2fa
[    6.296518] random 0000 0000 0000 a20f4a3a 32a6b2fa: urand_change_num 103 extract_buf: pool_sig ffffffdd, data_sig 000000a5, bytes_mixed 20 a20f4a3a 32a6b2fa
[    6.309015] random 0000 0000 0000 de716d2a 6c4757e1: rand_read_num 30 get_random_bytes(16): sig 000000fa de716d2a 6c4757e1
[    6.309018] random 0000 0000 0000 de716d2a 6c4757e1: extract_entropy(.. 16 ..)
[    6.309020] random 0000 0000 0000 de716d2a 6c4757e1: going to reseed nonblocking with 128 bits (128 of 0 requested)
[    6.309023] random 0000 0000 0000 de716d2a 6c4757e1: extract_entropy(.. 16 ..)
[    6.309025] random 0000 0000 0000 de716d2a 6c4757e1: trying to extract 128 bits from input
[    6.309027] random 0000 0000 0000 de716d2a 6c4757e1: debiting 0 entropy credits from input
[    6.309029] random 0000 0000 0000 de716d2a 6c4757e1: extract_entropy account returned: 0 
[    6.309032] random 0000 0000 0000 de716d2a 6c4757e1: urand_change_num 104 xfer_secondary_pool(16): pool_sig 000000fa, data_sig 00000000, bytes_mixed 0 de716d2a 6c4757e1
[    6.309035] random 0000 0000 0000 de716d2a 6c4757e1: trying to extract 128 bits from nonblocking
[    6.309037] random 0000 0000 0000 de716d2a 6c4757e1: debiting 128 entropy credits from nonblocking (unlimited)
[    6.309039] random 0000 0000 0000 de716d2a 6c4757e1: extract_entropy account returned: 16 
[    6.309043] random 0000 0000 0000 de716d2a 6c4757e1: urand_change_num 105 extract_buf: pool_sig 000000fa, data_sig ffffff34, bytes_mixed 20 de716d2a 6c4757e1
[    6.309049] random 0000 0000 0000 de716d2a 6c4757e1: urand_change_num 106 extract_buf: pool_sig 000003d3, data_sig ffffff30, bytes_mixed 20 de716d2a 6c4757e1
[    6.309635] random 0000 0000 0000 a7c511e1 f90ea457: rand_read_num 31 get_random_bytes(16): sig 0000009a a7c511e1 f90ea457
[    6.309638] random 0000 0000 0000 a7c511e1 f90ea457: extract_entropy(.. 16 ..)
[    6.309640] random 0000 0000 0000 a7c511e1 f90ea457: going to reseed nonblocking with 128 bits (128 of 0 requested)
[    6.309643] random 0000 0000 0000 a7c511e1 f90ea457: extract_entropy(.. 16 ..)
[    6.309645] random 0000 0000 0000 a7c511e1 f90ea457: trying to extract 128 bits from input
[    6.309647] random 0000 0000 0000 a7c511e1 f90ea457: debiting 0 entropy credits from input
[    6.309649] random 0000 0000 0000 a7c511e1 f90ea457: extract_entropy account returned: 0 
[    6.309652] random 0000 0000 0000 a7c511e1 f90ea457: urand_change_num 107 xfer_secondary_pool(16): pool_sig 0000009a, data_sig 00000000, bytes_mixed 0 a7c511e1 f90ea457
[    6.309655] random 0000 0000 0000 a7c511e1 f90ea457: trying to extract 128 bits from nonblocking
[    6.309657] random 0000 0000 0000 a7c511e1 f90ea457: debiting 128 entropy credits from nonblocking (unlimited)
[    6.309659] random 0000 0000 0000 a7c511e1 f90ea457: extract_entropy account returned: 16 
[    6.309664] random 0000 0000 0000 a7c511e1 f90ea457: urand_change_num 108 extract_buf: pool_sig 0000009a, data_sig 000000e0, bytes_mixed 20 a7c511e1 f90ea457
[    6.309669] random 0000 0000 0000 7c18c7e6 d65ccb06: urand_change_num 109 extract_buf: pool_sig fffffa79, data_sig 000000e0, bytes_mixed 20 7c18c7e6 d65ccb06
[    6.310245] random 0000 0000 0000 7c18c7e6 d65ccb06: rand_read_num 32 get_random_bytes(16): sig fffffe1e 7c18c7e6 d65ccb06
[    6.310248] random 0000 0000 0000 7c18c7e6 d65ccb06: extract_entropy(.. 16 ..)
[    6.310250] random 0000 0000 0000 7c18c7e6 d65ccb06: going to reseed nonblocking with 128 bits (128 of 0 requested)
[    6.310253] random 0000 0000 0000 7c18c7e6 d65ccb06: extract_entropy(.. 16 ..)
[    6.310255] random 0000 0000 0000 7c18c7e6 d65ccb06: trying to extract 128 bits from input
[    6.310257] random 0000 0000 0000 7c18c7e6 d65ccb06: debiting 0 entropy credits from input
[    6.310259] random 0000 0000 0000 7c18c7e6 d65ccb06: extract_entropy account returned: 0 
[    6.310262] random 0000 0000 0000 7c18c7e6 d65ccb06: urand_change_num 110 xfer_secondary_pool(16): pool_sig fffffe1e, data_sig 00000000, bytes_mixed 0 7c18c7e6 d65ccb06
[    6.310265] random 0000 0000 0000 7c18c7e6 d65ccb06: trying to extract 128 bits from nonblocking
[    6.310267] random 0000 0000 0000 7c18c7e6 d65ccb06: debiting 128 entropy credits from nonblocking (unlimited)
[    6.310269] random 0000 0000 0000 7c18c7e6 d65ccb06: extract_entropy account returned: 16 
