[    0.000000] random 0000 0000 0000 00000000 00000000: rand_read_num 1 get_random_bytes(8): sig 00000000 00000000 00000000
[    0.000000] random 0000 0000 0000 00000000 00000000: extract_entropy(.. 8 ..)
[    0.000000] random 0000 0000 0000 00000000 00000000: going to reseed nonblocking with 64 bits (64 of 0 requested)
[    0.000000] random 0000 0000 0000 00000000 00000000: extract_entropy(.. 8 ..)
[    0.000000] random 0000 0000 0000 00000000 00000000: trying to extract 64 bits from input
[    0.000000] random 0000 0000 0000 00000000 00000000: debiting 0 entropy credits from input
[    0.000000] random 0000 0000 0000 00000000 00000000: extract_entropy account returned: 0 
[    0.000000] random 0000 0000 0000 00000000 00000000: urand_change_num 1 xfer_secondary_pool(8): pool_sig 00000000, data_sig 00000000, bytes_mixed 0 00000000 00000000
[    0.000000] random 0000 0000 0000 00000000 00000000: trying to extract 64 bits from nonblocking
[    0.000000] random 0000 0000 0000 00000000 00000000: debiting 64 entropy credits from nonblocking (unlimited)
[    0.000000] random 0000 0000 0000 00000000 00000000: extract_entropy account returned: 8 
[    0.000000] random 0000 0000 0000 00000000 00000000: urand_change_num 2 extract_buf: pool_sig 00000000, data_sig fffffff9, bytes_mixed 20 00000000 00000000
[    0.000000] Linux version 2.6.32.57 (dcashman@dcashman-02) (gcc version 4.3.3 (GCC) ) #3 Fri May 24 04:27:34 PDT 2013
[    0.000000] KERNEL supported cpus:
[    0.000000]   Intel GenuineIntel
[    0.000000]   AMD AuthenticAMD
[    0.000000]   NSC Geode by NSC
[    0.000000]   Cyrix CyrixInstead
[    0.000000]   Centaur CentaurHauls
[    0.000000]   Transmeta GenuineTMx86
[    0.000000]   Transmeta TransmetaCPU
[    0.000000]   UMC UMC UMC UMC
[    0.000000] BIOS-provided physical RAM map:
[    0.000000]  BIOS-e820: 0000000000000000 - 000000000009d800 (usable)
[    0.000000]  BIOS-e820: 000000000009d800 - 00000000000a0000 (reserved)
[    0.000000]  BIOS-e820: 00000000000d2000 - 00000000000d4000 (reserved)
[    0.000000]  BIOS-e820: 00000000000e0000 - 0000000000100000 (reserved)
[    0.000000]  BIOS-e820: 0000000000100000 - 000000003d6b0000 (usable)
[    0.000000]  BIOS-e820: 000000003d6b0000 - 000000003d6cc000 (ACPI data)
[    0.000000]  BIOS-e820: 000000003d6cc000 - 000000003d700000 (ACPI NVS)
[    0.000000]  BIOS-e820: 000000003d700000 - 000000003e000000 (reserved)
[    0.000000]  BIOS-e820: 00000000f0000000 - 00000000f4000000 (reserved)
[    0.000000]  BIOS-e820: 00000000fec00000 - 00000000fec10000 (reserved)
[    0.000000]  BIOS-e820: 00000000fed00000 - 00000000fed00400 (reserved)
[    0.000000]  BIOS-e820: 00000000fed14000 - 00000000fed1a000 (reserved)
[    0.000000]  BIOS-e820: 00000000fed1c000 - 00000000fed90000 (reserved)
[    0.000000]  BIOS-e820: 00000000fee00000 - 00000000fee01000 (reserved)
[    0.000000]  BIOS-e820: 00000000ff000000 - 0000000100000000 (reserved)
[    0.000000] DMI present.
[    0.000000] last_pfn = 0x3d6b0 max_arch_pfn = 0x100000
[    0.000000] MTRR default type: uncachable
[    0.000000] MTRR fixed ranges enabled:
[    0.000000]   00000-9FFFF write-back
[    0.000000]   A0000-BFFFF uncachable
[    0.000000]   C0000-CFFFF write-protect
[    0.000000]   D0000-DFFFF uncachable
[    0.000000]   E0000-FFFFF write-protect
[    0.000000] MTRR variable ranges enabled:
[    0.000000]   0 base 03E000000 mask FFE000000 uncachable
[    0.000000]   1 base 000000000 mask FC0000000 write-back
[    0.000000]   2 base 03D700000 mask FFFF00000 uncachable
[    0.000000]   3 base 03D800000 mask FFF800000 uncachable
[    0.000000]   4 disabled
[    0.000000]   5 disabled
[    0.000000]   6 disabled
[    0.000000]   7 disabled
[    0.000000] initial memory mapped : 0 - 02000000
[    0.000000] init_memory_mapping: 0000000000000000-00000000377fe000
[    0.000000]  0000000000 - 0000400000 page 4k
[    0.000000]  0000400000 - 0037400000 page 2M
[    0.000000]  0037400000 - 00377fe000 page 4k
[    0.000000] kernel direct mapping tables up to 377fe000 @ 7000-c000
[    0.000000] ACPI: RSDP 000f68d0 00024 (v02 LENOVO)
[    0.000000] ACPI: XSDT 3d6bb77f 00094 (v01 LENOVO TP-7L    00002170  LTP 00000000)
[    0.000000] ACPI: FACP 3d6bb900 000F4 (v03 LENOVO TP-7L    00002170 LNVO 00000001)
[    0.000000] ACPI Warning: 32/64X length mismatch in Gpe1Block: 0/32 (20090903/tbfadt-526)
[    0.000000] ACPI Warning: Optional field Gpe1Block has zero address or length: 000000000000102C/0 (20090903/tbfadt-557)
[    0.000000] ACPI: DSDT 3d6bbd1d 0FED1 (v01 LENOVO TP-7L    00002170 MSFT 03000000)
[    0.000000] ACPI: FACS 3d6e4000 00040
[    0.000000] ACPI: SSDT 3d6bbab4 00269 (v01 LENOVO TP-7L    00002170 MSFT 03000000)
[    0.000000] ACPI: ECDT 3d6cbbee 00052 (v01 LENOVO TP-7L    00002170 LNVO 00000001)
[    0.000000] ACPI: TCPA 3d6cbc40 00032 (v02 LENOVO TP-7L    00002170 LNVO 00000001)
[    0.000000] ACPI: APIC 3d6cbc72 00068 (v01 LENOVO TP-7L    00002170 LNVO 00000001)
[    0.000000] ACPI: MCFG 3d6cbcda 0003C (v01 LENOVO TP-7L    00002170 LNVO 00000001)
[    0.000000] ACPI: HPET 3d6cbd16 00038 (v01 LENOVO TP-7L    00002170 LNVO 00000001)
[    0.000000] ACPI: SLIC 3d6cbdf0 00176 (v01 LENOVO TP-7L    00002170  LTP 00000000)
[    0.000000] ACPI: BOOT 3d6cbf66 00028 (v01 LENOVO TP-7L    00002170  LTP 00000001)
[    0.000000] ACPI: ASF! 3d6cbf8e 00072 (v16 LENOVO TP-7L    00002170 PTL  00000001)
[    0.000000] ACPI: SSDT 3d6e26d9 0025F (v01 LENOVO TP-7L    00002170 INTL 20050513)
[    0.000000] ACPI: SSDT 3d6e2938 000A6 (v01 LENOVO TP-7L    00002170 INTL 20050513)
[    0.000000] ACPI: SSDT 3d6e29de 004F7 (v01 LENOVO TP-7L    00002170 INTL 20050513)
[    0.000000] ACPI: SSDT 3d6e2ed5 001D8 (v01 LENOVO TP-7L    00002170 INTL 20050513)
[    0.000000] ACPI: DMI detected: Lenovo ThinkPad R61
[    0.000000] ACPI: Added _OSI(Linux)
[    0.000000] ACPI: Local APIC address 0xfee00000
[    0.000000] 94MB HIGHMEM available.
[    0.000000] 887MB LOWMEM available.
[    0.000000]   mapped low ram: 0 - 377fe000
[    0.000000]   low ram: 0 - 377fe000
[    0.000000]   node 0 low ram: 00000000 - 377fe000
[    0.000000]   node 0 bootmap 00008000 - 0000ef00
[    0.000000] (6 early reservations) ==> bootmem [0000000000 - 00377fe000]
[    0.000000]   #0 [0000000000 - 0000001000]   BIOS data page ==> [0000000000 - 0000001000]
[    0.000000]   #1 [0001000000 - 0001bdc180]    TEXT DATA BSS ==> [0001000000 - 0001bdc180]
[    0.000000]   #2 [000009d800 - 0000100000]    BIOS reserved ==> [000009d800 - 0000100000]
[    0.000000]   #3 [0001bdd000 - 0001be516c]              BRK ==> [0001bdd000 - 0001be516c]
[    0.000000]   #4 [0000007000 - 0000008000]          PGTABLE ==> [0000007000 - 0000008000]
[    0.000000]   #5 [0000008000 - 000000f000]          BOOTMAP ==> [0000008000 - 000000f000]
[    0.000000] found SMP MP-table at [c00f6900] f6900
[    0.000000] Zone PFN ranges:
[    0.000000]   DMA      0x00000000 -> 0x00001000
[    0.000000]   Normal   0x00001000 -> 0x000377fe
[    0.000000]   HighMem  0x000377fe -> 0x0003d6b0
[    0.000000] Movable zone start PFN for each node
[    0.000000] early_node_map[2] active PFN ranges
[    0.000000]     0: 0x00000000 -> 0x0000009d
[    0.000000]     0: 0x00000100 -> 0x0003d6b0
[    0.000000] On node 0 totalpages: 251469
[    0.000000] free_area_init_node: node 0, pgdat c1901ea0, node_mem_map c1be7000
[    0.000000]   DMA zone: 32 pages used for memmap
[    0.000000]   DMA zone: 0 pages reserved
[    0.000000]   DMA zone: 3965 pages, LIFO batch:0
[    0.000000]   Normal zone: 1744 pages used for memmap
[    0.000000]   Normal zone: 221486 pages, LIFO batch:31
[    0.000000]   HighMem zone: 190 pages used for memmap
[    0.000000]   HighMem zone: 24052 pages, LIFO batch:3
[    0.000000] Using APIC driver default
[    0.000000] ACPI: PM-Timer IO Port: 0x1008
[    0.000000] ACPI: Local APIC address 0xfee00000
[    0.000000] ACPI: LAPIC (acpi_id[0x00] lapic_id[0x00] enabled)
[    0.000000] ACPI: LAPIC (acpi_id[0x01] lapic_id[0x01] enabled)
[    0.000000] ACPI: NR_CPUS/possible_cpus limit of 1 reached.  Processor 1/0x1 ignored.
[    0.000000] ACPI: LAPIC_NMI (acpi_id[0x00] high edge lint[0x1])
[    0.000000] ACPI: LAPIC_NMI (acpi_id[0x01] high edge lint[0x1])
[    0.000000] ACPI: IOAPIC (id[0x01] address[0xfec00000] gsi_base[0])
[    0.000000] IOAPIC[0]: apic_id 1, version 32, address 0xfec00000, GSI 0-23
[    0.000000] ACPI: INT_SRC_OVR (bus 0 bus_irq 0 global_irq 2 dfl dfl)
[    0.000000] ACPI: INT_SRC_OVR (bus 0 bus_irq 9 global_irq 9 high level)
[    0.000000] ACPI: IRQ0 used by override.
[    0.000000] ACPI: IRQ2 used by override.
[    0.000000] ACPI: IRQ9 used by override.
[    0.000000] Using ACPI (MADT) for SMP configuration information
[    0.000000] ACPI: HPET id: 0x8086a201 base: 0xfed00000
[    0.000000] nr_irqs_gsi: 24
[    0.000000] PM: Registered nosave memory: 000000000009d000 - 000000000009e000
[    0.000000] PM: Registered nosave memory: 000000000009e000 - 00000000000a0000
[    0.000000] PM: Registered nosave memory: 00000000000a0000 - 00000000000d2000
[    0.000000] PM: Registered nosave memory: 00000000000d2000 - 00000000000d4000
[    0.000000] PM: Registered nosave memory: 00000000000d4000 - 00000000000e0000
[    0.000000] PM: Registered nosave memory: 00000000000e0000 - 0000000000100000
[    0.000000] Allocating PCI resources starting at 3e000000 (gap: 3e000000:b2000000)
[    0.000000] Built 1 zonelists in Zone order, mobility grouping on.  Total pages: 249503
[    0.000000] Kernel command line: auto BOOT_IMAGE=Linux ro root=802 vt.default_utf8=0 maxcpus=0
[    0.000000] PID hash table entries: 4096 (order: 2, 16384 bytes)
[    0.000000] Dentry cache hash table entries: 131072 (order: 7, 524288 bytes)
[    0.000000] Inode-cache hash table entries: 65536 (order: 6, 262144 bytes)
[    0.000000] Enabling fast FPU save and restore... done.
[    0.000000] Enabling unmasked SIMD FPU exception support... done.
[    0.000000] Initializing CPU#0
[    0.000000] Initializing HighMem for node 0 (000377fe:0003d6b0)
[    0.000000] Memory: 984800k/1006272k available (6914k kernel code, 20876k reserved, 2328k data, 448k init, 96968k highmem)
[    0.000000] virtual kernel memory layout:
[    0.000000]     fixmap  : 0xfffa3000 - 0xfffff000   ( 368 kB)
[    0.000000]     pkmap   : 0xff800000 - 0xffc00000   (4096 kB)
[    0.000000]     vmalloc : 0xf7ffe000 - 0xff7fe000   ( 120 MB)
[    0.000000]     lowmem  : 0xc0000000 - 0xf77fe000   ( 887 MB)
[    0.000000]       .init : 0xc1907000 - 0xc1977000   ( 448 kB)
[    0.000000]       .data : 0xc16c0b5f - 0xc1906c64   (2328 kB)
[    0.000000]       .text : 0xc1000000 - 0xc16c0b5f   (6914 kB)
[    0.000000] Checking if this processor honours the WP bit even in supervisor mode...Ok.
[    0.000000] SLUB: Genslabs=13, HWalign=64, Order=0-3, MinObjects=0, CPUs=1, Nodes=1
[    0.000000] Hierarchical RCU implementation.
[    0.000000] NR_IRQS:288
[    0.000000] Extended CMOS year: 2000
[    0.000000] Console: colour VGA+ 80x25
[    0.000000] console [tty0] enabled
[    0.000000] hpet clockevent registered
[    0.000000] Fast TSC calibration using PIT
[    0.000000] Detected 2094.892 MHz processor.
[    0.001002] Calibrating delay loop (skipped), value calculated using timer frequency.. 4189.78 BogoMIPS (lpj=2094892)
[    0.001174] Security Framework initialized
[    0.001258] Mount-cache hash table entries: 512
[    0.001402] CPU: L1 I cache: 32K, L1 D cache: 32K
[    0.001531] CPU: L2 cache: 3072K
[    0.001610] mce: CPU supports 6 MCE banks
[    0.001695] CPU0: Thermal monitoring enabled (TM2)
[    0.001776] using mwait in idle threads.
[    0.002004] CPU: Intel(R) Core(TM)2 Duo CPU     T8100  @ 2.10GHz stepping 06
[    0.002173] Checking 'hlt' instruction... OK.
[    0.006942] ACPI: Core revision 20090903
[    0.026018] CANARY value: a029fa8 for PID: 1
[    0.026046] Enabling APIC mode:  Flat.  Using 1 I/O APICs
[    0.026505] ..TIMER: vector=0x30 apic1=0 pin1=2 apic2=-1 pin2=-1
[    0.036997] xor: automatically using best checksumming function: pIII_sse
[    0.040998]    pIII_sse  :  8568.000 MB/sec
[    0.041077] xor: using function: pIII_sse (8568.000 MB/sec)
[    0.041169] RANDOM - __seed init called.
[    0.041170] RANDOM - __seed init called.
[    0.041171] RANDOM - __seed init called.
[    0.041172] RANDOM - __random32 called. Change num 1.  Value: e6b75c0e	845fdb3c	4764ecc7
[    0.041174] RANDOM - __random32 called. Change num 2.  Value: 75c0e1a6	45fdb3ca	d98f8871
[    0.041176] RANDOM - __random32 called. Change num 3.  Value: e1a6d3e	5fdb3ca9	10e2be79
[    0.041178] RANDOM - __random32 called. Change num 4.  Value: a6d3e877	fdb3ca90	7cf2fee9
[    0.041179] RANDOM - __random32 called. Change num 5.  Value: 3e877b7b	db3ca905	fdd36ca1
[    0.041181] RANDOM - __random32 called. Change num 6.  Value: 77b7ba3d	b3ca905b	d9426901
[    0.041182] RANDOM - random32 init called.  Value: 77b7ba3d	b3ca905b	d9426901
[    0.041200] NET: Registered protocol family 16
[    0.041452] ACPI FADT declares the system doesn't support PCIe ASPM, so disable it
[    0.041566] ACPI: bus type pci registered
[    0.041730] PCI: MCFG configuration 0: base f0000000 segment 0 buses 0 - 63
[    0.041824] PCI: MCFG area at f0000000 reserved in E820
[    0.041909] PCI: Using MMCONFIG for extended config space
[    0.041989] PCI: Using configuration type 1 for base access
[    0.045104] bio: create slab <bio-0> at 0
[    0.045912] ACPI: EC: EC description table is found, configuring boot EC
[    0.051051] ACPI: BIOS _OSI(Linux) query honored via DMI
[    0.051775] random 0000 0000 0000 00000000 00000000: rand_read_num 2 get_random_bytes(8): sig fffffe1a 00000000 00000000
[    0.051778] random 0000 0000 0000 00000000 00000000: extract_entropy(.. 8 ..)
[    0.051780] random 0000 0000 0000 00000000 00000000: going to reseed nonblocking with 64 bits (64 of 0 requested)
[    0.051782] random 0000 0000 0000 00000000 00000000: extract_entropy(.. 8 ..)
[    0.051785] random 0000 0000 0000 00000000 00000000: trying to extract 64 bits from input
[    0.051787] random 0000 0000 0000 00000000 00000000: debiting 0 entropy credits from input
[    0.051789] random 0000 0000 0000 00000000 00000000: extract_entropy account returned: 0 
[    0.051818] random 0000 0000 0000 00000000 00000000: urand_change_num 3 xfer_secondary_pool(8): pool_sig fffffe1a, data_sig 00000000, bytes_mixed 0 00000000 00000000
[    0.051820] random 0000 0000 0000 00000000 00000000: trying to extract 64 bits from nonblocking
[    0.051823] random 0000 0000 0000 00000000 00000000: debiting 64 entropy credits from nonblocking (unlimited)
[    0.051825] random 0000 0000 0000 00000000 00000000: extract_entropy account returned: 8 
[    0.051829] random 0000 0000 0000 00000000 00000000: urand_change_num 4 extract_buf: pool_sig fffffe1a, data_sig fffffed7, bytes_mixed 20 00000000 00000000
[    0.056646] ACPI: Interpreter enabled
[    0.056728] ACPI: (supports S0 S3 S4 S5)
[    0.056998] ACPI: Using IOAPIC for interrupt routing
[    0.066791] ACPI: EC: GPE = 0x12, I/O: command/status = 0x66, data = 0x62
[    0.067067] ACPI: Power Resource [PUBS] (on)
[    0.069147] ACPI: ACPI Dock Station Driver: 3 docks/bays found
[    0.069548] ACPI: PCI Root Bridge [PCI0] (0000:00)
[    0.069710] pci 0000:00:02.0: reg 10 64bit mmio: [0xf8100000-0xf81fffff]
[    0.069716] pci 0000:00:02.0: reg 18 64bit mmio pref: [0xe0000000-0xefffffff]
[    0.069720] pci 0000:00:02.0: reg 20 io port: [0x1800-0x1807]
[    0.069754] pci 0000:00:02.1: reg 10 64bit mmio: [0xf8200000-0xf82fffff]
[    0.069853] pci 0000:00:19.0: reg 10 32bit mmio: [0xfe000000-0xfe01ffff]
[    0.069862] pci 0000:00:19.0: reg 14 32bit mmio: [0xfe025000-0xfe025fff]
[    0.069869] pci 0000:00:19.0: reg 18 io port: [0x1840-0x185f]
[    0.069935] pci 0000:00:19.0: PME# supported from D0 D3hot D3cold
[    0.070003] pci 0000:00:19.0: PME# disabled
[    0.070144] pci 0000:00:1a.0: reg 20 io port: [0x1860-0x187f]
[    0.070234] pci 0000:00:1a.1: reg 20 io port: [0x1880-0x189f]
[    0.070315] pci 0000:00:1a.7: reg 10 32bit mmio: [0xfe226c00-0xfe226fff]
[    0.070399] pci 0000:00:1a.7: PME# supported from D0 D3hot D3cold
[    0.070484] pci 0000:00:1a.7: PME# disabled
[    0.070620] pci 0000:00:1b.0: reg 10 64bit mmio: [0xfe020000-0xfe023fff]
[    0.070704] pci 0000:00:1b.0: PME# supported from D0 D3hot D3cold
[    0.070798] pci 0000:00:1b.0: PME# disabled
[    0.071027] pci 0000:00:1c.0: PME# supported from D0 D3hot D3cold
[    0.071120] pci 0000:00:1c.0: PME# disabled
[    0.071323] pci 0000:00:1c.1: PME# supported from D0 D3hot D3cold
[    0.071413] pci 0000:00:1c.1: PME# disabled
[    0.071619] pci 0000:00:1c.2: PME# supported from D0 D3hot D3cold
[    0.071703] pci 0000:00:1c.2: PME# disabled
[    0.071909] pci 0000:00:1c.3: PME# supported from D0 D3hot D3cold
[    0.071998] pci 0000:00:1c.3: PME# disabled
[    0.072858] pci 0000:00:1c.4: PME# supported from D0 D3hot D3cold
[    0.072942] pci 0000:00:1c.4: PME# disabled
[    0.073063] pci 0000:00:1d.0: reg 20 io port: [0x18a0-0x18bf]
[    0.073139] pci 0000:00:1d.1: reg 20 io port: [0x18c0-0x18df]
[    0.073227] pci 0000:00:1d.2: reg 20 io port: [0x18e0-0x18ff]
[    0.073318] pci 0000:00:1d.7: reg 10 32bit mmio: [0xfe227000-0xfe2273ff]
[    0.073421] pci 0000:00:1d.7: PME# supported from D0 D3hot D3cold
[    0.073505] pci 0000:00:1d.7: PME# disabled
[    0.073792] pci 0000:00:1f.0: quirk: region 1000-107f claimed by ICH6 ACPI/GPIO/TCO
[    0.073916] pci 0000:00:1f.0: quirk: region 1180-11bf claimed by ICH6 GPIO
[    0.073999] pci 0000:00:1f.0: ICH7 LPC Generic IO decode 1 PIO at 1600 (mask 007f)
[    0.074118] pci 0000:00:1f.0: ICH7 LPC Generic IO decode 2 PIO at 15e0 (mask 000f)
[    0.074235] pci 0000:00:1f.0: ICH7 LPC Generic IO decode 3 PIO at 1680 (mask 001f)
[    0.074431] pci 0000:00:1f.1: reg 10 io port: [0x00-0x07]
[    0.074441] pci 0000:00:1f.1: reg 14 io port: [0x00-0x03]
[    0.074449] pci 0000:00:1f.1: reg 18 io port: [0x00-0x07]
[    0.074458] pci 0000:00:1f.1: reg 1c io port: [0x00-0x03]
[    0.074466] pci 0000:00:1f.1: reg 20 io port: [0x1c00-0x1c0f]
[    0.074545] pci 0000:00:1f.2: reg 10 io port: [0x1c50-0x1c57]
[    0.074553] pci 0000:00:1f.2: reg 14 io port: [0x1c44-0x1c47]
[    0.074561] pci 0000:00:1f.2: reg 18 io port: [0x1c48-0x1c4f]
[    0.074569] pci 0000:00:1f.2: reg 1c io port: [0x1c40-0x1c43]
[    0.074578] pci 0000:00:1f.2: reg 20 io port: [0x1c20-0x1c3f]
[    0.074587] pci 0000:00:1f.2: reg 24 32bit mmio: [0xfe226000-0xfe2267ff]
[    0.074652] pci 0000:00:1f.2: PME# supported from D3hot
[    0.074742] pci 0000:00:1f.2: PME# disabled
[    0.074863] pci 0000:00:1f.3: reg 10 32bit mmio: [0xfe227400-0xfe2274ff]
[    0.074888] pci 0000:00:1f.3: reg 20 io port: [0x1c60-0x1c7f]
[    0.075027] pci 0000:00:1c.0: bridge io port: [0x2000-0x2fff]
[    0.075032] pci 0000:00:1c.0: bridge 32bit mmio: [0xfc000000-0xfdffffff]
[    0.075040] pci 0000:00:1c.0: bridge 64bit mmio pref: [0xf8000000-0xf80fffff]
[    0.075114] pci 0000:03:00.0: reg 10 64bit mmio: [0xdf3f0000-0xdf3fffff]
[    0.075308] pci 0000:00:1c.1: bridge io port: [0x3000-0x3fff]
[    0.075315] pci 0000:00:1c.1: bridge 32bit mmio: [0xdc000000-0xdf3fffff]
[    0.075324] pci 0000:00:1c.1: bridge 64bit mmio pref: [0xdfe00000-0xdfefffff]
[    0.075385] pci 0000:00:1c.2: bridge io port: [0x4000-0x4fff]
[    0.075389] pci 0000:00:1c.2: bridge 32bit mmio: [0xd8000000-0xd9ffffff]
[    0.075397] pci 0000:00:1c.2: bridge 64bit mmio pref: [0xdfb00000-0xdfbfffff]
[    0.075453] pci 0000:00:1c.3: bridge io port: [0x5000-0x5fff]
[    0.075457] pci 0000:00:1c.3: bridge 32bit mmio: [0xd4000000-0xd5ffffff]
[    0.075466] pci 0000:00:1c.3: bridge 64bit mmio pref: [0xdf800000-0xdf8fffff]
[    0.075523] pci 0000:00:1c.4: bridge io port: [0x6000-0x6fff]
[    0.075529] pci 0000:00:1c.4: bridge 32bit mmio: [0xd0000000-0xd1ffffff]
[    0.075537] pci 0000:00:1c.4: bridge 64bit mmio pref: [0xdf500000-0xdf5fffff]
[    0.075593] pci 0000:15:00.0: reg 10 32bit mmio: [0xf8300000-0xf8300fff]
[    0.075643] pci 0000:15:00.0: supports D1 D2
[    0.075645] pci 0000:15:00.0: PME# supported from D0 D1 D2 D3hot D3cold
[    0.075738] pci 0000:15:00.0: PME# disabled
[    0.075873] pci 0000:15:00.1: reg 10 32bit mmio: [0xf8301000-0xf83017ff]
[    0.075970] pci 0000:15:00.1: supports D1 D2
[    0.075972] pci 0000:15:00.1: PME# supported from D0 D1 D2 D3hot D3cold
[    0.076000] pci 0000:15:00.1: PME# disabled
[    0.076163] pci 0000:00:1e.0: transparent bridge
[    0.076243] pci 0000:00:1e.0: bridge io port: [0x7000-0xafff]
[    0.076249] pci 0000:00:1e.0: bridge 32bit mmio: [0xf8300000-0xfbffffff]
[    0.076258] pci 0000:00:1e.0: bridge 64bit mmio pref: [0xf4000000-0xf7ffffff]
[    0.076324] pci_bus 0000:00: on NUMA node 0
[    0.076328] ACPI: PCI Interrupt Routing Table [\_SB_.PCI0._PRT]
[    0.076461] ACPI: PCI Interrupt Routing Table [\_SB_.PCI0.EXP0._PRT]
[    0.076520] ACPI: PCI Interrupt Routing Table [\_SB_.PCI0.EXP1._PRT]
[    0.076577] ACPI: PCI Interrupt Routing Table [\_SB_.PCI0.EXP2._PRT]
[    0.076635] ACPI: PCI Interrupt Routing Table [\_SB_.PCI0.EXP3._PRT]
[    0.076698] ACPI: PCI Interrupt Routing Table [\_SB_.PCI0.EXP4._PRT]
[    0.076760] ACPI: PCI Interrupt Routing Table [\_SB_.PCI0.PCI1._PRT]
[    0.082300] ACPI: PCI Interrupt Link [LNKA] (IRQs 3 4 5 6 7 9 *10 11)
[    0.083021] ACPI: PCI Interrupt Link [LNKB] (IRQs 3 4 5 6 7 9 10 *11)
[    0.083754] ACPI: PCI Interrupt Link [LNKC] (IRQs 3 4 5 6 7 9 10 *11)
[    0.084473] ACPI: PCI Interrupt Link [LNKD] (IRQs 3 4 5 6 7 9 10 *11)
[    0.085158] ACPI: PCI Interrupt Link [LNKE] (IRQs 3 4 5 6 7 9 10 *11)
[    0.085917] ACPI: PCI Interrupt Link [LNKF] (IRQs 3 4 5 6 7 9 10 *11)
[    0.086692] ACPI: PCI Interrupt Link [LNKG] (IRQs 3 4 5 6 7 9 10 *11)
[    0.087428] ACPI: PCI Interrupt Link [LNKH] (IRQs 3 4 5 6 7 9 10 *11)
[    0.088131] vgaarb: device added: PCI:0000:00:02.0,decodes=io+mem,owns=io+mem,locks=none
[    0.088249] vgaarb: loaded
[    0.088419] SCSI subsystem initialized
[    0.088519] libata version 3.00 loaded.
[    0.088566] usbcore: registered new interface driver usbfs
[    0.088682] usbcore: registered new interface driver hub
[    0.088785] usbcore: registered new device driver usb
[    0.105032] raid6: int32x1    941 MB/s
[    0.122058] raid6: int32x2    890 MB/s
[    0.138989] raid6: int32x4    746 MB/s
[    0.155996] raid6: int32x8    656 MB/s
[    0.172983] raid6: mmxx1     2878 MB/s
[    0.189982] raid6: mmxx2     3269 MB/s
[    0.206996] raid6: sse1x1    1937 MB/s
[    0.223996] raid6: sse1x2    2535 MB/s
[    0.240989] raid6: sse2x1    3507 MB/s
[    0.257973] raid6: sse2x2    3832 MB/s
[    0.258051] raid6: using algorithm sse2x2 (3832 MB/s)
[    0.258137] PCI: Using ACPI for IRQ routing
[    0.258433] HPET: 3 timers in total, 0 timers will be used for per-cpu timer
[    0.258997] Switching to clocksource tsc
[    0.259101] pnp: PnP ACPI init
[    0.259186] ACPI: bus type pnp registered
[    0.262800] pnp: PnP ACPI: found 11 devices
[    0.262892] ACPI: ACPI bus type pnp unregistered
[    0.262985] system 00:00: iomem range 0x0-0x9ffff could not be reserved
[    0.263074] system 00:00: iomem range 0xc0000-0xc3fff could not be reserved
[    0.263169] system 00:00: iomem range 0xc4000-0xc7fff could not be reserved
[    0.263259] system 00:00: iomem range 0xc8000-0xcbfff has been reserved
[    0.263342] system 00:00: iomem range 0xcc000-0xcffff has been reserved
[    0.263429] system 00:00: iomem range 0xd0000-0xd3fff could not be reserved
[    0.263512] system 00:00: iomem range 0xe0000-0xe3fff could not be reserved
[    0.263605] system 00:00: iomem range 0xe4000-0xe7fff could not be reserved
[    0.263695] system 00:00: iomem range 0xe8000-0xebfff could not be reserved
[    0.263777] system 00:00: iomem range 0xec000-0xeffff could not be reserved
[    0.263865] system 00:00: iomem range 0xf0000-0xfffff could not be reserved
[    0.263954] system 00:00: iomem range 0x100000-0x3dffffff could not be reserved
[    0.264075] system 00:00: iomem range 0xfec00000-0xfed3ffff could not be reserved
[    0.264193] system 00:00: iomem range 0xfed4c000-0xffffffff could not be reserved
[    0.264315] system 00:02: ioport range 0x164e-0x164f has been reserved
[    0.264400] system 00:02: ioport range 0x1000-0x107f has been reserved
[    0.264487] system 00:02: ioport range 0x1180-0x11bf has been reserved
[    0.264569] system 00:02: ioport range 0x800-0x80f has been reserved
[    0.264657] system 00:02: ioport range 0x15e0-0x15ef has been reserved
[    0.264740] system 00:02: ioport range 0x1600-0x165f could not be reserved
[    0.264823] system 00:02: iomem range 0xf0000000-0xf3ffffff has been reserved
[    0.264912] system 00:02: iomem range 0xfed1c000-0xfed1ffff has been reserved
[    0.264997] system 00:02: iomem range 0xfed14000-0xfed17fff has been reserved
[    0.265094] system 00:02: iomem range 0xfed18000-0xfed18fff has been reserved
[    0.265178] system 00:02: iomem range 0xfed19000-0xfed19fff has been reserved
[    0.265261] system 00:02: iomem range 0xfed45000-0xfed4bfff has been reserved
[    0.300293] pci 0000:00:1c.0: PCI bridge, secondary bus 0000:02
[    0.300380] pci 0000:00:1c.0:   IO window: 0x2000-0x2fff
[    0.300474] pci 0000:00:1c.0:   MEM window: 0xfc000000-0xfdffffff
[    0.300562] pci 0000:00:1c.0:   PREFETCH window: 0x000000f8000000-0x000000f80fffff
[    0.300689] pci 0000:00:1c.1: PCI bridge, secondary bus 0000:03
[    0.300781] pci 0000:00:1c.1:   IO window: 0x3000-0x3fff
[    0.300872] pci 0000:00:1c.1:   MEM window: 0xdc000000-0xdf3fffff
[    0.300960] pci 0000:00:1c.1:   PREFETCH window: 0x000000dfe00000-0x000000dfefffff
[    0.301079] pci 0000:00:1c.2: PCI bridge, secondary bus 0000:04
[    0.301165] pci 0000:00:1c.2:   IO window: 0x4000-0x4fff
[    0.301256] pci 0000:00:1c.2:   MEM window: 0xd8000000-0xd9ffffff
[    0.301340] pci 0000:00:1c.2:   PREFETCH window: 0x000000dfb00000-0x000000dfbfffff
[    0.301455] pci 0000:00:1c.3: PCI bridge, secondary bus 0000:05
[    0.301537] pci 0000:00:1c.3:   IO window: 0x5000-0x5fff
[    0.301623] pci 0000:00:1c.3:   MEM window: 0xd4000000-0xd5ffffff
[    0.301711] pci 0000:00:1c.3:   PREFETCH window: 0x000000df800000-0x000000df8fffff
[    0.301827] pci 0000:00:1c.4: PCI bridge, secondary bus 0000:0d
[    0.301924] pci 0000:00:1c.4:   IO window: 0x6000-0x6fff
[    0.302012] pci 0000:00:1c.4:   MEM window: 0xd0000000-0xd1ffffff
[    0.302095] pci 0000:00:1c.4:   PREFETCH window: 0x000000df500000-0x000000df5fffff
[    0.302212] pci 0000:15:00.0: CardBus bridge, secondary bus 0000:16
[    0.302304] pci 0000:15:00.0:   IO window: 0x007000-0x0070ff
[    0.302387] pci 0000:15:00.0:   IO window: 0x007400-0x0074ff
[    0.302477] pci 0000:15:00.0:   PREFETCH window: 0xf4000000-0xf7ffffff
[    0.302567] pci 0000:15:00.0:   MEM window: 0x40000000-0x43ffffff
[    0.302651] pci 0000:00:1e.0: PCI bridge, secondary bus 0000:15
[    0.302734] pci 0000:00:1e.0:   IO window: 0x7000-0xafff
[    0.302817] pci 0000:00:1e.0:   MEM window: 0xf8300000-0xfbffffff
[    0.302909] pci 0000:00:1e.0:   PREFETCH window: 0x000000f4000000-0x000000f7ffffff
[    0.303047] pci 0000:00:1c.0: PCI INT A -> GSI 20 (level, low) -> IRQ 20
[    0.303140] pci 0000:00:1c.0: setting latency timer to 64
[    0.303154] pci 0000:00:1c.1: PCI INT B -> GSI 21 (level, low) -> IRQ 21
[    0.303247] pci 0000:00:1c.1: setting latency timer to 64
[    0.303257] pci 0000:00:1c.2: PCI INT C -> GSI 22 (level, low) -> IRQ 22
[    0.303347] pci 0000:00:1c.2: setting latency timer to 64
[    0.303357] pci 0000:00:1c.3: PCI INT D -> GSI 23 (level, low) -> IRQ 23
[    0.303440] pci 0000:00:1c.3: setting latency timer to 64
[    0.303451] pci 0000:00:1c.4: PCI INT A -> GSI 20 (level, low) -> IRQ 20
[    0.303535] pci 0000:00:1c.4: setting latency timer to 64
[    0.303544] pci 0000:00:1e.0: enabling device (0005 -> 0007)
[    0.303631] pci 0000:00:1e.0: setting latency timer to 64
[    0.303646] pci 0000:15:00.0: PCI INT A -> GSI 16 (level, low) -> IRQ 16
[    0.303731] pci 0000:15:00.0: setting latency timer to 64
[    0.303737] pci_bus 0000:00: resource 0 io:  [0x00-0xffff]
[    0.303739] pci_bus 0000:00: resource 1 mem: [0x000000-0xffffffff]
[    0.303741] pci_bus 0000:02: resource 0 io:  [0x2000-0x2fff]
[    0.303743] pci_bus 0000:02: resource 1 mem: [0xfc000000-0xfdffffff]
[    0.303744] pci_bus 0000:02: resource 2 pref mem [0xf8000000-0xf80fffff]
[    0.303746] pci_bus 0000:03: resource 0 io:  [0x3000-0x3fff]
[    0.303748] pci_bus 0000:03: resource 1 mem: [0xdc000000-0xdf3fffff]
[    0.303750] pci_bus 0000:03: resource 2 pref mem [0xdfe00000-0xdfefffff]
[    0.303752] pci_bus 0000:04: resource 0 io:  [0x4000-0x4fff]
[    0.303754] pci_bus 0000:04: resource 1 mem: [0xd8000000-0xd9ffffff]
[    0.303755] pci_bus 0000:04: resource 2 pref mem [0xdfb00000-0xdfbfffff]
[    0.303757] pci_bus 0000:05: resource 0 io:  [0x5000-0x5fff]
[    0.303759] pci_bus 0000:05: resource 1 mem: [0xd4000000-0xd5ffffff]
[    0.303761] pci_bus 0000:05: resource 2 pref mem [0xdf800000-0xdf8fffff]
[    0.303763] pci_bus 0000:0d: resource 0 io:  [0x6000-0x6fff]
[    0.303764] pci_bus 0000:0d: resource 1 mem: [0xd0000000-0xd1ffffff]
[    0.303766] pci_bus 0000:0d: resource 2 pref mem [0xdf500000-0xdf5fffff]
[    0.303768] pci_bus 0000:15: resource 0 io:  [0x7000-0xafff]
[    0.303770] pci_bus 0000:15: resource 1 mem: [0xf8300000-0xfbffffff]
[    0.303771] pci_bus 0000:15: resource 2 pref mem [0xf4000000-0xf7ffffff]
[    0.303773] pci_bus 0000:15: resource 3 io:  [0x00-0xffff]
[    0.303775] pci_bus 0000:15: resource 4 mem: [0x000000-0xffffffff]
[    0.303777] pci_bus 0000:16: resource 0 io:  [0x7000-0x70ff]
[    0.303778] pci_bus 0000:16: resource 1 io:  [0x7400-0x74ff]
[    0.303780] pci_bus 0000:16: resource 2 pref mem [0xf4000000-0xf7ffffff]
[    0.303782] pci_bus 0000:16: resource 3 mem: [0x40000000-0x43ffffff]
[    0.303790] NET: Registered protocol family 2
[    0.303874] RANDOM - __random32 called. Change num 7.  Value: 7ba3d01e	3ca905be	d2026a24
[    0.303876] RANDOM - random32 called.  Value: 7ba3d01e	3ca905be	d2026a24
[    0.303880] random 0000 0000 0000 5f8db4e5 4cfdf2a8: rand_read_num 3 get_random_bytes(4): sig fffffb64 5f8db4e5 4cfdf2a8
[    0.303883] random 0000 0000 0000 5f8db4e5 4cfdf2a8: extract_entropy(.. 4 ..)
[    0.303885] random 0000 0000 0000 5f8db4e5 4cfdf2a8: going to reseed nonblocking with 64 bits (32 of 0 requested)
[    0.303887] random 0000 0000 0000 5f8db4e5 4cfdf2a8: extract_entropy(.. 8 ..)
[    0.303889] random 0000 0000 0000 5f8db4e5 4cfdf2a8: trying to extract 64 bits from input
[    0.303891] random 0000 0000 0000 5f8db4e5 4cfdf2a8: debiting 0 entropy credits from input
[    0.303893] random 0000 0000 0000 5f8db4e5 4cfdf2a8: extract_entropy account returned: 0 
[    0.303896] random 0000 0000 0000 5f8db4e5 4cfdf2a8: urand_change_num 5 xfer_secondary_pool(4): pool_sig fffffb64, data_sig 00000000, bytes_mixed 0 5f8db4e5 4cfdf2a8
[    0.303899] random 0000 0000 0000 5f8db4e5 4cfdf2a8: trying to extract 32 bits from nonblocking
[    0.303901] random 0000 0000 0000 5f8db4e5 4cfdf2a8: debiting 32 entropy credits from nonblocking (unlimited)
[    0.303903] random 0000 0000 0000 5f8db4e5 4cfdf2a8: extract_entropy account returned: 4 
[    0.303908] random 0000 0000 0000 5f8db4e5 4cfdf2a8: urand_change_num 6 extract_buf: pool_sig fffffb64, data_sig 00000241, bytes_mixed 20 5f8db4e5 4cfdf2a8
[    0.303917] IP route cache hash table entries: 32768 (order: 5, 131072 bytes)
[    0.304048] RANDOM - __random32 called. Change num 8.  Value: 3d01e034	ca905be7	d4484227
[    0.304050] RANDOM - random32 called.  Value: 3d01e034	ca905be7	d4484227
[    0.304060] RANDOM - __random32 called. Change num 9.  Value: 1e034020	a905be70	844ec14a
[    0.304062] RANDOM - random32 called.  Value: 1e034020	a905be70	844ec14a
[    0.304064] RANDOM - __random32 called. Change num 10.  Value: 34020ec0	905be706	8294c719
[    0.304066] RANDOM - random32 called.  Value: 34020ec0	905be706	8294c719
[    0.304076] RANDOM - __random32 called. Change num 11.  Value: 20ec0ebb	5be7068	8e32c65f
[    0.304078] RANDOM - random32 called.  Value: 20ec0ebb	5be7068	8e32c65f
[    0.304087] TCP established hash table entries: 131072 (order: 8, 1048576 bytes)
[    0.304574] TCP bind hash table entries: 65536 (order: 6, 262144 bytes)
[    0.304750] TCP: Hash tables configured (established 131072 bind 65536)
[    0.304834] TCP reno registered
[    0.304943] NET: Registered protocol family 1
[    0.305047] RPC: Registered udp transport module.
[    0.305132] RPC: Registered tcp transport module.
[    0.305217] RPC: Registered tcp NFSv4.1 backchannel transport module.
[    0.305310] pci 0000:00:02.0: Boot video device
[    0.305527] Simple Boot Flag at 0x35 set to 0x1
[    0.306094] highmem bounce pool size: 64 pages
[    0.307587] VFS: Disk quotas dquot_6.5.2
[    0.307708] Dquot-cache hash table entries: 1024 (order 0, 4096 bytes)
[    0.308445] NTFS driver 2.1.29 [Flags: R/W].
[    0.308600] ROMFS MTD (C) 2007 Red Hat, Inc.
[    0.308809] JFS: nTxBlock = 7695, nTxLock = 61562
[    0.311247] SGI XFS with ACLs, security attributes, large block/inode numbers, no debug enabled
[    0.311722] SGI XFS Quota Management subsystem
[    0.312058] Slow work thread pool: Starting up
[    0.312153] Slow work thread pool: Ready
[    0.312238] GFS2 (built May 24 2013 02:47:17) installed
[    0.312321] msgmni has been set to 1734
[    0.312480] alg: No test for cipher_null (cipher_null-generic)
[    0.312578] alg: No test for ecb(cipher_null) (ecb-cipher_null)
[    0.312676] alg: No test for digest_null (digest_null-generic)
[    0.312777] alg: No test for compress_null (compress_null-generic)
[    0.313331] alg: No test for fcrypt (fcrypt-generic)
[    0.314749] alg: No test for stdrng (krng)
[    0.314835] async_tx: api initialized (async)
[    0.314990] Block layer SCSI generic (bsg) driver version 0.4 loaded (major 254)
[    0.315107] io scheduler noop registered
[    0.315185] io scheduler anticipatory registered
[    0.315266] io scheduler deadline registered
[    0.315387] io scheduler cfq registered (default)
[    0.315620] pcieport 0000:00:1c.0: irq 24 for MSI/MSI-X
[    0.315635] pcieport 0000:00:1c.0: setting latency timer to 64
[    0.315815] pcieport 0000:00:1c.1: irq 25 for MSI/MSI-X
[    0.315826] pcieport 0000:00:1c.1: setting latency timer to 64
[    0.316018] pcieport 0000:00:1c.2: irq 26 for MSI/MSI-X
[    0.316029] pcieport 0000:00:1c.2: setting latency timer to 64
[    0.316210] pcieport 0000:00:1c.3: irq 27 for MSI/MSI-X
[    0.316222] pcieport 0000:00:1c.3: setting latency timer to 64
[    0.316402] pcieport 0000:00:1c.4: irq 28 for MSI/MSI-X
[    0.316412] pcieport 0000:00:1c.4: setting latency timer to 64
[    0.316558] pci_hotplug: PCI Hot Plug PCI Core version: 0.5
[    0.316741] isapnp: Scanning for PnP cards...
[    0.677285] isapnp: No Plug & Play device found
[    0.677374] random 0000 0000 0000 5f8db4e5 4cfdf2a8: initializing
[    0.696861] Serial: 8250/16550 driver, 4 ports, IRQ sharing enabled
[    3.707417] floppy0: no floppy controllers found
[    3.708363] brd: module loaded
[    3.708871] loop: module loaded
[    3.708971] Compaq SMART2 Driver (v 2.6.0)
[    3.709085] HP CISS Driver (v 3.6.20)
[    3.709330] input: Macintosh mouse button emulation as /devices/virtual/input/input0
[    3.709480] Uniform Multi-Platform E-IDE driver
[    3.709709] piix 0000:00:1f.1: IDE controller (0x8086:0x2850 rev 0x03)
[    3.709817] pci 0000:00:1f.1: PCI INT C -> GSI 16 (level, low) -> IRQ 16
[    3.709918] piix 0000:00:1f.1: IDE port disabled
[    3.710005] piix 0000:00:1f.1: not 100% native mode: will probe irqs later
[    3.710094]     ide0: BM-DMA at 0x1c00-0x1c07
[    3.710178] Probing IDE interface ide0...
[    4.381549] hda: HL-DT-ST DVDRAM GSA-U10N, ATAPI CD/DVD-ROM drive
[    4.688320] hda: host max PIO4 wanted PIO255(auto-tune) selected PIO4
[    4.689094] hda: UDMA/33 mode selected
[    4.689555] ide0 at 0x1f0-0x1f7,0x3f6 on irq 14
[    4.693416] ide-gd driver 1.18
[    4.693520] ide-cd driver 5.00
[    4.694904] ide-cd: hda: ATAPI 24X DVD-ROM DVD-R/RAM CD-R/RW drive, 2048kB Cache
[    4.695289] Uniform CD-ROM driver Revision: 3.20
[    4.702478] Loading iSCSI transport class v2.0-870.
[    4.702759] rdac: device handler registered
[    4.702851] hp_sw: device handler registered
[    4.702929] emc: device handler registered
[    4.703024] alua: device handler registered
[    4.704003] Adaptec aacraid driver 1.1-5[2461]-ms
[    4.704407] scsi: <fdomain> Detection failed (no card)
[    4.704495] sym53c416.c: Version 1.0.0-ac
[    4.704599] qlogicfas: no cards were found, please specify I/O address and IRQ using iobase= and irq= options
[    4.704720] QLogic Fibre Channel HBA Driver: 8.03.01-k6
[    4.704923] iscsi: registered transport (qla4xxx)
[    4.705030] QLogic iSCSI HBA Driver
[    4.705122] Emulex LightPulse Fibre Channel SCSI driver 8.3.4
[    4.705208] Copyright(c) 2004-2009 Emulex.  All rights reserved.
[    4.727304] Failed initialization of WD-7000 SCSI card!
[    4.816410] DC390: clustering now enabled by default. If you get problems load
[    4.816527]        with "disable_clustering=1" and report to maintainers
[    4.816659] megaraid cmm: 2.20.2.7 (Release Date: Sun Jul 16 00:01:03 EST 2006)
[    4.816809] megaraid: 2.20.5.1 (Release Date: Thu Nov 16 15:32:35 EST 2006)
[    4.816912] megasas: 00.00.04.01 Thu July 24 11:41:51 PST 2008
[    4.817035] GDT-HA: Storage RAID Controller Driver. Version: 3.05
[    4.817173] 3ware Storage Controller device driver for Linux v1.26.02.002.
[    4.817287] 3ware 9000 Storage Controller device driver for Linux v2.26.02.012.
[    4.817431] nsp32: loading...
[    4.817535] ipr: IBM Power RAID SCSI Device Driver version: 2.4.3 (June 10, 2009)
[    4.817669] RocketRAID 3xxx/4xxx Controller driver v1.6 (090910)
[    4.817778] stex: Promise SuperTrak EX Driver version: 4.6.0000.3
[    4.817907] st: Version 20081215, fixed bufsize 32768, s/g segs 256
[    4.818087] ahci 0000:00:1f.2: version 3.0
[    4.818107] ahci 0000:00:1f.2: PCI INT B -> GSI 16 (level, low) -> IRQ 16
[    4.818239] ahci 0000:00:1f.2: irq 29 for MSI/MSI-X
[    4.818316] ahci 0000:00:1f.2: AHCI 0001.0100 32 slots 3 ports 1.5 Gbps 0x5 impl SATA mode
[    4.818430] ahci 0000:00:1f.2: flags: 64bit ncq sntf pm led clo pio slum part ccc 
[    4.818550] ahci 0000:00:1f.2: setting latency timer to 64
[    4.818692] scsi2 : ahci
[    4.818847] scsi3 : ahci
[    4.818980] scsi4 : ahci
[    4.819143] ata1: SATA max UDMA/133 abar m2048@0xfe226000 port 0xfe226100 irq 29
[    4.819255] ata2: DUMMY
[    4.819354] ata3: SATA max UDMA/133 abar m2048@0xfe226000 port 0xfe226200 irq 29
[    4.819956] I2O subsystem v1.325
[    4.820034] i2o: max drivers = 8
[    4.820171] I2O Configuration OSM v1.323
[    4.820286] I2O Bus Adapter OSM v1.317
[    4.820383] I2O Block Device OSM v1.325
[    4.820524] I2O SCSI Peripheral OSM v1.316
[    4.820617] I2O ProcFS OSM v1.316
[    4.820720] Fusion MPT base driver 3.04.12
[    4.820798] Copyright (c) 1999-2008 LSI Corporation
[    4.820894] Fusion MPT SPI Host driver 3.04.12
[    4.820994] Fusion MPT FC Host driver 3.04.12
[    4.821103] Fusion MPT SAS Host driver 3.04.12
[    4.821245] ohci1394 0000:15:00.1: PCI INT B -> GSI 17 (level, low) -> IRQ 17
[    4.821348] ohci1394 0000:15:00.1: setting latency timer to 64
[    4.875304] ohci1394: fw-host0: OHCI-1394 1.1 (PCI): IRQ=[17]  MMIO=[f8301000-f83017ff]  Max Packet=[2048]  IR/IT contexts=[4/4]
[    4.878567] ehci_hcd: USB 2.0 'Enhanced' Host Controller (EHCI) Driver
[    4.878847] ehci_hcd 0000:00:1a.7: power state changed by ACPI to D0
[    4.879088] ehci_hcd 0000:00:1a.7: power state changed by ACPI to D0
[    4.879179] ehci_hcd 0000:00:1a.7: PCI INT C -> GSI 22 (level, low) -> IRQ 22
[    4.879277] ehci_hcd 0000:00:1a.7: setting latency timer to 64
[    4.879282] ehci_hcd 0000:00:1a.7: EHCI Host Controller
[    4.879416] ehci_hcd 0000:00:1a.7: new USB bus registered, assigned bus number 1
[    4.883437] ehci_hcd 0000:00:1a.7: cache line size of 32 is not supported
[    4.883446] ehci_hcd 0000:00:1a.7: irq 22, io mem 0xfe226c00
[    4.893264] ehci_hcd 0000:00:1a.7: USB 2.0 started, EHCI 1.00
[    4.893365] usb usb1: New USB device found, idVendor=1d6b, idProduct=0002
[    4.893453] usb usb1: New USB device strings: Mfr=3, Product=2, SerialNumber=1
[    4.893574] usb usb1: Product: EHCI Host Controller
[    4.893660] usb usb1: Manufacturer: Linux 2.6.32.57 ehci_hcd
[    4.893744] usb usb1: SerialNumber: 0000:00:1a.7
[    4.893886] usb usb1: configuration #1 chosen from 1 choice
[    4.893999] hub 1-0:1.0: USB hub found
[    4.894081] hub 1-0:1.0: 4 ports detected
[    4.894411] ehci_hcd 0000:00:1d.7: power state changed by ACPI to D0
[    4.894649] ehci_hcd 0000:00:1d.7: power state changed by ACPI to D0
[    4.894750] ehci_hcd 0000:00:1d.7: PCI INT D -> GSI 19 (level, low) -> IRQ 19
[    4.894844] ehci_hcd 0000:00:1d.7: setting latency timer to 64
[    4.894849] ehci_hcd 0000:00:1d.7: EHCI Host Controller
[    4.894966] ehci_hcd 0000:00:1d.7: new USB bus registered, assigned bus number 2
[    4.895122] ehci_hcd 0000:00:1d.7: debug port 1
[    4.899090] ehci_hcd 0000:00:1d.7: cache line size of 32 is not supported
[    4.899099] ehci_hcd 0000:00:1d.7: irq 19, io mem 0xfe227000
[    4.909263] ehci_hcd 0000:00:1d.7: USB 2.0 started, EHCI 1.00
[    4.909373] usb usb2: New USB device found, idVendor=1d6b, idProduct=0002
[    4.909455] usb usb2: New USB device strings: Mfr=3, Product=2, SerialNumber=1
[    4.909566] usb usb2: Product: EHCI Host Controller
[    4.909658] usb usb2: Manufacturer: Linux 2.6.32.57 ehci_hcd
[    4.909740] usb usb2: SerialNumber: 0000:00:1d.7
[    4.909869] usb usb2: configuration #1 chosen from 1 choice
[    4.909985] hub 2-0:1.0: USB hub found
[    4.910066] hub 2-0:1.0: 6 ports detected
[    4.910241] 116x: driver isp116x-hcd, 03 Nov 2005
[    4.910345] ohci_hcd: USB 1.1 'Open' Host Controller (OHCI) Driver
[    4.910462] uhci_hcd: USB Universal Host Controller Interface driver
[    4.910570] uhci_hcd 0000:00:1a.0: PCI INT A -> GSI 20 (level, low) -> IRQ 20
[    4.910662] uhci_hcd 0000:00:1a.0: setting latency timer to 64
[    4.910664] uhci_hcd 0000:00:1a.0: UHCI Host Controller
[    4.910783] uhci_hcd 0000:00:1a.0: new USB bus registered, assigned bus number 3
[    4.910936] uhci_hcd 0000:00:1a.0: irq 20, io base 0x00001860
[    4.911042] usb usb3: New USB device found, idVendor=1d6b, idProduct=0001
[    4.911125] usb usb3: New USB device strings: Mfr=3, Product=2, SerialNumber=1
[    4.911243] usb usb3: Product: UHCI Host Controller
[    4.911343] usb usb3: Manufacturer: Linux 2.6.32.57 uhci_hcd
[    4.911426] usb usb3: SerialNumber: 0000:00:1a.0
[    4.911553] usb usb3: configuration #1 chosen from 1 choice
[    4.911669] hub 3-0:1.0: USB hub found
[    4.911755] hub 3-0:1.0: 2 ports detected
[    4.912052] uhci_hcd 0000:00:1a.1: power state changed by ACPI to D0
[    4.912312] uhci_hcd 0000:00:1a.1: power state changed by ACPI to D0
[    4.912404] uhci_hcd 0000:00:1a.1: PCI INT B -> GSI 21 (level, low) -> IRQ 21
[    4.912491] uhci_hcd 0000:00:1a.1: setting latency timer to 64
[    4.912496] uhci_hcd 0000:00:1a.1: UHCI Host Controller
[    4.912623] uhci_hcd 0000:00:1a.1: new USB bus registered, assigned bus number 4
[    4.912767] uhci_hcd 0000:00:1a.1: irq 21, io base 0x00001880
[    4.912873] usb usb4: New USB device found, idVendor=1d6b, idProduct=0001
[    4.912955] usb usb4: New USB device strings: Mfr=3, Product=2, SerialNumber=1
[    4.913069] usb usb4: Product: UHCI Host Controller
[    4.913148] usb usb4: Manufacturer: Linux 2.6.32.57 uhci_hcd
[    4.913232] usb usb4: SerialNumber: 0000:00:1a.1
[    4.913375] usb usb4: configuration #1 chosen from 1 choice
[    4.913483] hub 4-0:1.0: USB hub found
[    4.913567] hub 4-0:1.0: 2 ports detected
[    4.913918] uhci_hcd 0000:00:1d.0: power state changed by ACPI to D0
[    4.914156] uhci_hcd 0000:00:1d.0: power state changed by ACPI to D0
[    4.914254] uhci_hcd 0000:00:1d.0: PCI INT A -> GSI 16 (level, low) -> IRQ 16
[    4.914347] uhci_hcd 0000:00:1d.0: setting latency timer to 64
[    4.914353] uhci_hcd 0000:00:1d.0: UHCI Host Controller
[    4.914477] uhci_hcd 0000:00:1d.0: new USB bus registered, assigned bus number 5
[    4.914621] uhci_hcd 0000:00:1d.0: irq 16, io base 0x000018a0
[    4.914727] usb usb5: New USB device found, idVendor=1d6b, idProduct=0001
[    4.914821] usb usb5: New USB device strings: Mfr=3, Product=2, SerialNumber=1
[    4.914936] usb usb5: Product: UHCI Host Controller
[    4.915015] usb usb5: Manufacturer: Linux 2.6.32.57 uhci_hcd
[    4.915095] usb usb5: SerialNumber: 0000:00:1d.0
[    4.915224] usb usb5: configuration #1 chosen from 1 choice
[    4.915345] hub 5-0:1.0: USB hub found
[    4.915433] hub 5-0:1.0: 2 ports detected
[    4.915565] uhci_hcd 0000:00:1d.1: PCI INT B -> GSI 17 (level, low) -> IRQ 17
[    4.915658] uhci_hcd 0000:00:1d.1: setting latency timer to 64
[    4.915661] uhci_hcd 0000:00:1d.1: UHCI Host Controller
[    4.915780] uhci_hcd 0000:00:1d.1: new USB bus registered, assigned bus number 6
[    4.915916] uhci_hcd 0000:00:1d.1: irq 17, io base 0x000018c0
[    4.916025] usb usb6: New USB device found, idVendor=1d6b, idProduct=0001
[    4.916116] usb usb6: New USB device strings: Mfr=3, Product=2, SerialNumber=1
[    4.916239] usb usb6: Product: UHCI Host Controller
[    4.916329] usb usb6: Manufacturer: Linux 2.6.32.57 uhci_hcd
[    4.916409] usb usb6: SerialNumber: 0000:00:1d.1
[    4.916534] usb usb6: configuration #1 chosen from 1 choice
[    4.916643] hub 6-0:1.0: USB hub found
[    4.916725] hub 6-0:1.0: 2 ports detected
[    4.917002] uhci_hcd 0000:00:1d.2: power state changed by ACPI to D0
[    4.917240] uhci_hcd 0000:00:1d.2: power state changed by ACPI to D0
[    4.917337] uhci_hcd 0000:00:1d.2: PCI INT C -> GSI 18 (level, low) -> IRQ 18
[    4.917426] uhci_hcd 0000:00:1d.2: setting latency timer to 64
[    4.917430] uhci_hcd 0000:00:1d.2: UHCI Host Controller
[    4.917553] uhci_hcd 0000:00:1d.2: new USB bus registered, assigned bus number 7
[    4.917699] uhci_hcd 0000:00:1d.2: irq 18, io base 0x000018e0
[    4.917806] usb usb7: New USB device found, idVendor=1d6b, idProduct=0001
[    4.917886] usb usb7: New USB device strings: Mfr=3, Product=2, SerialNumber=1
[    4.918003] usb usb7: Product: UHCI Host Controller
[    4.918085] usb usb7: Manufacturer: Linux 2.6.32.57 uhci_hcd
[    4.918175] usb usb7: SerialNumber: 0000:00:1d.2
[    4.918965] usb usb7: configuration #1 chosen from 1 choice
[    4.919079] hub 7-0:1.0: USB hub found
[    4.919162] hub 7-0:1.0: 2 ports detected
[    4.919320] sl811: driver sl811-hcd, 19 May 2005
[    4.919416] r8a66597_hcd: driver r8a66597_hcd, 2009-05-26
[    4.919582] Initializing USB Mass Storage driver...
[    4.919699] usbcore: registered new interface driver usb-storage
[    4.919781] USB Mass Storage support registered.
[    4.919878] usbcore: registered new interface driver ums-alauda
[    4.919977] usbcore: registered new interface driver ums-cypress
[    4.920075] usbcore: registered new interface driver ums-datafab
[    4.920173] usbcore: registered new interface driver ums-freecom
[    4.920291] usbcore: registered new interface driver ums-isd200
[    4.920401] usbcore: registered new interface driver ums-jumpshot
[    4.920503] usbcore: registered new interface driver ums-karma
[    4.920607] usbcore: registered new interface driver ums-onetouch
[    4.920711] usbcore: registered new interface driver ums-sddr09
[    4.920810] usbcore: registered new interface driver ums-sddr55
[    4.920924] usbcore: registered new interface driver ums-usbat
[    4.921064] PNP: PS/2 Controller [PNP0303:KBD,PNP0f13:MOU] at 0x60,0x64 irq 1,12
[    4.929155] serio: i8042 KBD port at 0x60,0x64 irq 1
[    4.929237] serio: i8042 AUX port at 0x60,0x64 irq 12
[    4.929478] mice: PS/2 mouse device common for all mice
[    4.929589] i2c /dev entries driver
[    4.929723] md: linear personality registered for level -1
[    4.929804] md: raid0 personality registered for level 0
[    4.929884] md: raid1 personality registered for level 1
[    4.929967] md: raid10 personality registered for level 10
[    4.930053] md: raid6 personality registered for level 6
[    4.930139] md: raid5 personality registered for level 5
[    4.930219] md: raid4 personality registered for level 4
[    4.930321] md: multipath personality registered for level -4
[    4.930515] device-mapper: ioctl: 4.15.0-ioctl (2009-04-01) initialised: dm-devel@redhat.com
[    4.930710] cpuidle: using governor ladder
[    4.931310] usbcore: registered new interface driver usbhid
[    4.931391] usbhid: v2.6:USB HID core driver
[    4.931553] random 0000 0000 0000 00000000 00000000: rand_read_num 4 get_random_bytes(136): sig 00000000 00000000 00000000
[    4.931556] random 0000 0000 0000 00000000 00000000: extract_entropy(.. 136 ..)
[    4.931558] random 0000 0000 0000 00000000 00000000: going to reseed nonblocking with 1024 bits (1088 of 0 requested)
[    4.931560] random 0000 0000 0000 00000000 00000000: extract_entropy(.. 128 ..)
[    4.931563] random 0000 0000 0000 00000000 00000000: trying to extract 1024 bits from input
[    4.931565] random 0000 0000 0000 00000000 00000000: debiting 0 entropy credits from input
[    4.931566] random 0000 0000 0000 00000000 00000000: extract_entropy account returned: 0 
[    4.931569] random 0000 0000 0000 00000000 00000000: urand_change_num 7 xfer_secondary_pool(136): pool_sig 00000000, data_sig 00000000, bytes_mixed 0 00000000 00000000
[    4.931573] random 0000 0000 0000 00000000 00000000: trying to extract 1088 bits from nonblocking
[    4.931575] random 0000 0000 0000 00000000 00000000: debiting 1088 entropy credits from nonblocking (unlimited)
[    4.931577] random 0000 0000 0000 00000000 00000000: extract_entropy account returned: 136 
[    4.931581] random 0000 0000 0000 00000000 00000000: urand_change_num 8 extract_buf: pool_sig 00000000, data_sig fffffff9, bytes_mixed 20 00000000 00000000
[    4.931587] random 0000 0000 0000 b7c35b56 be4dc95d: urand_change_num 9 extract_buf: pool_sig fffffd1e, data_sig 000000c5, bytes_mixed 20 b7c35b56 be4dc95d
[    4.931592] random 0000 0000 0000 ed9f5c47 c48487fb: urand_change_num 10 extract_buf: pool_sig fffff8ec, data_sig ffffff68, bytes_mixed 20 ed9f5c47 c48487fb
[    4.931597] random 0000 0000 0000 ed9f5c47 c48487fb: urand_change_num 11 extract_buf: pool_sig fffffaed, data_sig 000001aa, bytes_mixed 20 ed9f5c47 c48487fb
[    4.931602] random 0000 0000 0000 1b4f7c0a 91bd6a48: urand_change_num 12 extract_buf: pool_sig fffffdd8, data_sig 00000064, bytes_mixed 20 1b4f7c0a 91bd6a48
[    4.931608] random 0000 0000 0000 a254b9bc 20e9a24f: urand_change_num 13 extract_buf: pool_sig fffffbe6, data_sig 000001dd, bytes_mixed 20 a254b9bc 20e9a24f
[    4.931613] random 0000 0000 0000 a254b9bc 20e9a24f: urand_change_num 14 extract_buf: pool_sig fffff940, data_sig fffffe20, bytes_mixed 20 a254b9bc 20e9a24f
[    4.931618] random 0000 0000 0000 2831a66b 5fa2a3ad: urand_change_num 15 extract_buf: pool_sig fffffbce, data_sig 0000007e, bytes_mixed 20 2831a66b 5fa2a3ad
[    4.931623] random 0000 0000 0000 2831a66b 5fa2a3ad: urand_change_num 16 extract_buf: pool_sig 000004df, data_sig fffffe8f, bytes_mixed 20 2831a66b 5fa2a3ad
[    4.931628] random 0000 0000 0000 d4512bfd c9a54e0b: urand_change_num 17 extract_buf: pool_sig 00000485, data_sig fffffe68, bytes_mixed 20 d4512bfd c9a54e0b
[    4.931634] random 0000 0000 0000 c7371be6 f9ffea11: urand_change_num 18 extract_buf: pool_sig 00000095, data_sig ffffffed, bytes_mixed 20 c7371be6 f9ffea11
[    4.931639] random 0000 0000 0000 c7371be6 f9ffea11: urand_change_num 19 extract_buf: pool_sig 000003a7, data_sig fffffefa, bytes_mixed 20 c7371be6 f9ffea11
[    4.931644] random 0000 0000 0000 8fb4b62c d1ddba54: urand_change_num 20 extract_buf: pool_sig 00000179, data_sig ffffff78, bytes_mixed 20 8fb4b62c d1ddba54
[    4.931649] random 0000 0000 0000 9ff19f9c c07a1d2a: urand_change_num 21 extract_buf: pool_sig fffffe88, data_sig 00000126, bytes_mixed 20 9ff19f9c c07a1d2a
[    4.931653] TCP cubic registered
[    4.931734] Initializing XFRM netlink socket
[    4.931824] NET: Registered protocol family 17
[    4.931928] Using IPI Shortcut mode
[    4.932008] random 0000 0000 0000 9ff19f9c c07a1d2a: rand_read_num 5 get_random_bytes(8): sig 0000031b 9ff19f9c c07a1d2a
[    4.932011] random 0000 0000 0000 9ff19f9c c07a1d2a: extract_entropy(.. 8 ..)
[    4.932013] random 0000 0000 0000 9ff19f9c c07a1d2a: going to reseed nonblocking with 64 bits (64 of 0 requested)
[    4.932015] random 0000 0000 0000 9ff19f9c c07a1d2a: extract_entropy(.. 8 ..)
[    4.932017] random 0000 0000 0000 9ff19f9c c07a1d2a: trying to extract 64 bits from input
[    4.932019] random 0000 0000 0000 9ff19f9c c07a1d2a: debiting 0 entropy credits from input
[    4.932021] random 0000 0000 0000 9ff19f9c c07a1d2a: extract_entropy account returned: 0 
[    4.932024] random 0000 0000 0000 9ff19f9c c07a1d2a: urand_change_num 22 xfer_secondary_pool(8): pool_sig 0000031b, data_sig 00000000, bytes_mixed 0 9ff19f9c c07a1d2a
[    4.932027] random 0000 0000 0000 9ff19f9c c07a1d2a: trying to extract 64 bits from nonblocking
[    4.932029] random 0000 0000 0000 9ff19f9c c07a1d2a: debiting 64 entropy credits from nonblocking (unlimited)
[    4.932031] random 0000 0000 0000 9ff19f9c c07a1d2a: extract_entropy account returned: 8 
[    4.932035] random 0000 0000 0000 9ff19f9c c07a1d2a: urand_change_num 23 extract_buf: pool_sig 0000031b, data_sig ffffffb3, bytes_mixed 20 9ff19f9c c07a1d2a
[    4.934473] input: AT Translated Set 2 keyboard as /devices/platform/i8042/serio0/input/input1
[    5.126249] ata3: SATA link down (SStatus 0 SControl 300)
[    5.126356] ata1: SATA link up 1.5 Gbps (SStatus 113 SControl 300)
[    5.129304] ata1.00: ACPI cmd ef/02:00:00:00:00:a0 (SET FEATURES) succeeded
[    5.129307] ata1.00: ACPI cmd f5/00:00:00:00:00:a0 (SECURITY FREEZE LOCK) filtered out
[    5.130700] ata1.00: ACPI cmd ef/5f:00:00:00:00:a0 (SET FEATURES) succeeded
[    5.130702] ata1.00: ACPI cmd ef/10:03:00:00:00:a0 (SET FEATURES) filtered out
[    5.132609] ata1.00: ATA-7: ST910021AS, 4.06, max UDMA/100
[    5.132690] ata1.00: 195371568 sectors, multi 16: LBA48 
[    5.134847] ata1.00: ACPI cmd ef/02:00:00:00:00:a0 (SET FEATURES) succeeded
[    5.134849] ata1.00: ACPI cmd f5/00:00:00:00:00:a0 (SECURITY FREEZE LOCK) filtered out
[    5.136241] ata1.00: ACPI cmd ef/5f:00:00:00:00:a0 (SET FEATURES) succeeded
[    5.136244] ata1.00: ACPI cmd ef/10:03:00:00:00:a0 (SET FEATURES) filtered out
[    5.138165] ata1.00: configured for UDMA/100
[    5.149297] scsi 2:0:0:0: Direct-Access     ATA      ST910021AS       4.06 PQ: 0 ANSI: 5
[    5.149570] sd 2:0:0:0: [sda] 195371568 512-byte logical blocks: (100 GB/93.1 GiB)
[    5.149704] sd 2:0:0:0: [sda] Write Protect is off
[    5.149783] sd 2:0:0:0: [sda] Mode Sense: 00 3a 00 00
[    5.149795] sd 2:0:0:0: [sda] Write cache: enabled, read cache: enabled, doesn't support DPO or FUA
[    5.149975]  sda:
[    5.213226] usb 2-1: new high speed USB device using ehci_hcd and address 2
[    5.362461] usb 2-1: New USB device found, idVendor=0e8d, idProduct=1806
[    5.362543] usb 2-1: New USB device strings: Mfr=1, Product=2, SerialNumber=3
[    5.362628] usb 2-1: Product: MT1806 
[    5.362711] usb 2-1: Manufacturer: MediaTek Inc
[    5.362803] usb 2-1: SerialNumber: R8KN6GAC800AEB 
[    5.362936] usb 2-1: configuration #1 chosen from 1 choice
[    5.369255] scsi5 : SCSI emulation for USB Mass Storage devices
[    5.369422] usb-storage: device found at 2
[    5.369424] usb-storage: waiting for device to settle before scanning
[    5.563281]  sda1 sda2
[    5.564001] sd 2:0:0:0: [sda] Attached SCSI disk
[    5.564100] random 0000 0000 0000 277f73c3 42024bb9: rand_read_num 6 get_random_bytes(12): sig 000007e9 277f73c3 42024bb9
[    5.564102] random 0000 0000 0000 277f73c3 42024bb9: extract_entropy(.. 12 ..)
[    5.564105] random 0000 0000 0000 277f73c3 42024bb9: going to reseed nonblocking with 96 bits (96 of 0 requested)
[    5.564107] random 0000 0000 0000 277f73c3 42024bb9: extract_entropy(.. 12 ..)
[    5.564109] random 0000 0000 0000 277f73c3 42024bb9: trying to extract 96 bits from input
[    5.564111] random 0000 0000 0000 277f73c3 42024bb9: debiting 0 entropy credits from input
[    5.564113] random 0000 0000 0000 277f73c3 42024bb9: extract_entropy account returned: 0 
[    5.564116] random 0000 0000 0000 277f73c3 42024bb9: urand_change_num 24 xfer_secondary_pool(12): pool_sig 000007e9, data_sig 00000000, bytes_mixed 0 277f73c3 42024bb9
[    5.564119] random 0000 0000 0000 277f73c3 42024bb9: trying to extract 96 bits from nonblocking
[    5.564121] random 0000 0000 0000 277f73c3 42024bb9: debiting 96 entropy credits from nonblocking (unlimited)
[    5.564123] random 0000 0000 0000 277f73c3 42024bb9: extract_entropy account returned: 12 
[    5.564127] random 0000 0000 0000 277f73c3 42024bb9: urand_change_num 25 extract_buf: pool_sig 000007e9, data_sig 00000088, bytes_mixed 20 277f73c3 42024bb9
[    5.564133] random 0000 0000 0000 277f73c3 42024bb9: urand_change_num 26 extract_buf: pool_sig 00000498, data_sig fffffefb, bytes_mixed 20 277f73c3 42024bb9
[    5.564136] RANDOM - __seed init called.
[    5.564137] RANDOM - __seed init called.
[    5.564138] RANDOM - __seed init called.
[    5.564139] RANDOM - __random32 called. Change num 12.  Value: 87f14767	f0d7351	b1e48bd3
[    5.564141] RANDOM - random32_reseed called.  Value: 87f14767	f0d7351	b1e48bd3
[    5.564144] Pid: 1, comm: swapper Not tainted 2.6.32.57 #3
[    5.564237] Call Trace:
[    5.564321]  [<c1923ca4>] ? random32_reseed+0xa0/0xb1
[    5.564402]  [<c1923c04>] ? random32_reseed+0x0/0xb1
[    5.564484]  [<c100111e>] ? do_one_initcall+0x2e/0x180
[    5.564572]  [<c1907265>] ? kernel_init+0xad/0x103
[    5.564654]  [<c19071b8>] ? kernel_init+0x0/0x103
[    5.564753]  [<c1003787>] ? kernel_thread_helper+0x7/0x10
[    5.565301] random 0000 0000 0000 386b4e60 ee4d4880: rand_read_num 7 get_random_bytes(64): sig fffffea5 386b4e60 ee4d4880
[    5.565303] random 0000 0000 0000 386b4e60 ee4d4880: extract_entropy(.. 64 ..)
[    5.565305] random 0000 0000 0000 386b4e60 ee4d4880: going to reseed nonblocking with 512 bits (512 of 0 requested)
[    5.565307] random 0000 0000 0000 386b4e60 ee4d4880: extract_entropy(.. 64 ..)
[    5.565309] random 0000 0000 0000 386b4e60 ee4d4880: trying to extract 512 bits from input
[    5.565311] random 0000 0000 0000 386b4e60 ee4d4880: debiting 0 entropy credits from input
[    5.565313] random 0000 0000 0000 386b4e60 ee4d4880: extract_entropy account returned: 0 
[    5.565317] random 0000 0000 0000 386b4e60 ee4d4880: urand_change_num 27 xfer_secondary_pool(64): pool_sig fffffea5, data_sig 00000000, bytes_mixed 0 386b4e60 ee4d4880
[    5.565319] random 0000 0000 0000 386b4e60 ee4d4880: trying to extract 512 bits from nonblocking
[    5.565322] random 0000 0000 0000 386b4e60 ee4d4880: debiting 512 entropy credits from nonblocking (unlimited)
[    5.565324] random 0000 0000 0000 386b4e60 ee4d4880: extract_entropy account returned: 64 
[    5.565328] random 0000 0000 0000 386b4e60 ee4d4880: urand_change_num 28 extract_buf: pool_sig fffffea5, data_sig 00000173, bytes_mixed 20 386b4e60 ee4d4880
[    5.565333] random 0000 0000 0000 412698f6 0cc8689a: urand_change_num 29 extract_buf: pool_sig 00000122, data_sig ffffff63, bytes_mixed 20 412698f6 0cc8689a
[    5.565338] random 0000 0000 0000 412698f6 0cc8689a: urand_change_num 30 extract_buf: pool_sig 000001f7, data_sig 00000012, bytes_mixed 20 412698f6 0cc8689a
[    5.565344] random 0000 0000 0000 9669941e 06f768b1: urand_change_num 31 extract_buf: pool_sig fffffb5b, data_sig 0000003f, bytes_mixed 20 9669941e 06f768b1
[    5.565349] random 0000 0000 0000 98486520 995551f0: urand_change_num 32 extract_buf: pool_sig fffffb39, data_sig 0000000e, bytes_mixed 20 98486520 995551f0
[    5.565354] random 0000 0000 0000 98486520 995551f0: urand_change_num 33 extract_buf: pool_sig fffffd8d, data_sig 000001a6, bytes_mixed 20 98486520 995551f0
[    5.565359] random 0000 0000 0000 61fc8914 d5882ed2: urand_change_num 34 extract_buf: pool_sig fffffa58, data_sig 0000023e, bytes_mixed 20 61fc8914 d5882ed2
[    5.565388] random 0000 0000 0000 61fc8914 d5882ed2: rand_read_num 8 get_random_bytes(64): sig fffff9ee 61fc8914 d5882ed2
[    5.565391] random 0000 0000 0000 61fc8914 d5882ed2: extract_entropy(.. 64 ..)
[    5.565393] random 0000 0000 0000 61fc8914 d5882ed2: going to reseed nonblocking with 512 bits (512 of 0 requested)
[    5.565395] random 0000 0000 0000 61fc8914 d5882ed2: extract_entropy(.. 64 ..)
[    5.565397] random 0000 0000 0000 61fc8914 d5882ed2: trying to extract 512 bits from input
[    5.565399] random 0000 0000 0000 61fc8914 d5882ed2: debiting 0 entropy credits from input
[    5.565401] random 0000 0000 0000 61fc8914 d5882ed2: extract_entropy account returned: 0 
[    5.565404] random 0000 0000 0000 61fc8914 d5882ed2: urand_change_num 35 xfer_secondary_pool(64): pool_sig fffff9ee, data_sig 00000000, bytes_mixed 0 61fc8914 d5882ed2
[    5.565407] random 0000 0000 0000 61fc8914 d5882ed2: trying to extract 512 bits from nonblocking
[    5.565409] random 0000 0000 0000 61fc8914 d5882ed2: debiting 512 entropy credits from nonblocking (unlimited)
[    5.565411] random 0000 0000 0000 61fc8914 d5882ed2: extract_entropy account returned: 64 
[    5.565416] random 0000 0000 0000 61fc8914 d5882ed2: urand_change_num 36 extract_buf: pool_sig fffff9ee, data_sig ffffff85, bytes_mixed 20 61fc8914 d5882ed2
[    5.565421] random 0000 0000 0000 70cfd302 e5edec11: urand_change_num 37 extract_buf: pool_sig fffffdc1, data_sig ffffffde, bytes_mixed 20 70cfd302 e5edec11
[    5.565426] random 0000 0000 0000 00dab838 eafd2b30: urand_change_num 38 extract_buf: pool_sig 000003da, data_sig ffffff61, bytes_mixed 20 00dab838 eafd2b30
[    5.565431] random 0000 0000 0000 00dab838 eafd2b30: urand_change_num 39 extract_buf: pool_sig 00000314, data_sig 00000121, bytes_mixed 20 00dab838 eafd2b30
[    5.565436] random 0000 0000 0000 5fcdf66a 6442b608: urand_change_num 40 extract_buf: pool_sig 0000028b, data_sig fffffefd, bytes_mixed 20 5fcdf66a 6442b608
[    5.565442] random 0000 0000 0000 61333f6b 8fae0f9b: urand_change_num 41 extract_buf: pool_sig 000000cb, data_sig 000000b3, bytes_mixed 20 61333f6b 8fae0f9b
[    5.565447] random 0000 0000 0000 61333f6b 8fae0f9b: urand_change_num 42 extract_buf: pool_sig fffffef8, data_sig 00000051, bytes_mixed 20 61333f6b 8fae0f9b
[    5.565450] BEGIN NET_SECRET:
[    5.565451] \xffffffe0
[    5.565452] \xffffffb6
[    5.565452] \x36
[    5.565453] \xffffffb5
[    5.565454] \xffffff94
[    5.565455] \xffffffb2
[    5.565456] \xffffffa8
[    5.565457] \xffffffda
[    5.565457] \x5b
[    5.565458] \x19
[    5.565459] \x18
[    5.565459] \x5c
[    5.565460] \x2b
[    5.565461] \x1
[    5.565462] \xffffff90
[    5.565463] \x19
[    5.565463] \x3c
[    5.565464] \xfffffff2
[    5.565465] \xffffff82
[    5.565466] \x2a
[    5.565466] \xffffffb3
[    5.565467] \xffffffa2
[    5.565468] \x3f
[    5.565469] \x5
[    5.565470] \x52
[    5.565470] \x77
[    5.565471] \x57
[    5.565472] \x79
[    5.565472] \x16
[    5.565473] \x43
[    5.565474] \xffffff84
[    5.565475] \xffffffc3
[    5.565475] \xffffffe9
[    5.565476] \x79
[    5.565477] \x50
[    5.565478] \xffffff8e
[    5.565478] \x3f
[    5.565479] \xfffffff3
[    5.565480] \x19
[    5.565481] \x2a
[    5.565481] \xfffffffd
[    5.565482] \xfffffffb
[    5.565483] \x62
[    5.565484] \x3c
[    5.565484] \xffffffac
[    5.565485] \x1c
[    5.565486] \x3b
[    5.565486] \x3b
[    5.565487] \x15
[    5.565488] \x27
[    5.565489] \xffffffa8
[    5.565489] \x22
[    5.565490] \xffffffc5
[    5.565491] \xffffff9a
[    5.565492] \x5
[    5.565492] \x6c
[    5.565493] \xffffffa8
[    5.565494] \x3a
[    5.565495] \x44
[    5.565495] \xffffffaf
[    5.565496] \x13
[    5.565497] \xffffffe0
[    5.565498] \xffffff9d
[    5.565498] \x22
[    5.565499] 
[    5.565500] END NET_SECRET
[    5.565502] random 0000 0000 0000 e7f555d9 e8ce5c3c: rand_read_num 9 get_random_bytes(4): sig 0000068c e7f555d9 e8ce5c3c
[    5.565505] random 0000 0000 0000 e7f555d9 e8ce5c3c: extract_entropy(.. 4 ..)
[    5.565507] random 0000 0000 0000 e7f555d9 e8ce5c3c: going to reseed nonblocking with 64 bits (32 of 0 requested)
[    5.565509] random 0000 0000 0000 e7f555d9 e8ce5c3c: extract_entropy(.. 8 ..)
[    5.565511] random 0000 0000 0000 e7f555d9 e8ce5c3c: trying to extract 64 bits from input
[    5.565513] random 0000 0000 0000 e7f555d9 e8ce5c3c: debiting 0 entropy credits from input
[    5.565515] random 0000 0000 0000 e7f555d9 e8ce5c3c: extract_entropy account returned: 0 
[    5.565518] random 0000 0000 0000 e7f555d9 e8ce5c3c: urand_change_num 43 xfer_secondary_pool(4): pool_sig 0000068c, data_sig 00000000, bytes_mixed 0 e7f555d9 e8ce5c3c
[    5.565521] random 0000 0000 0000 e7f555d9 e8ce5c3c: trying to extract 32 bits from nonblocking
[    5.565523] random 0000 0000 0000 e7f555d9 e8ce5c3c: debiting 32 entropy credits from nonblocking (unlimited)
[    5.565525] random 0000 0000 0000 e7f555d9 e8ce5c3c: extract_entropy account returned: 4 
[    5.565529] random 0000 0000 0000 e7f555d9 e8ce5c3c: urand_change_num 44 extract_buf: pool_sig 0000068c, data_sig fffffdcb, bytes_mixed 20 e7f555d9 e8ce5c3c
[    5.565541] md: Waiting for all devices to be available before autodetect
[    5.565623] md: If you don't use raid, use raid=noautodetect
[    5.565777] md: Autodetecting RAID arrays.
[    5.565868] md: Scanned 0 and added 0 devices.
[    5.565946] md: autorun ...
[    5.566028] md: ... autorun DONE.
[    5.580727] EXT3-fs: sda2: couldn't mount because of unsupported optional features (240).
[    5.580954] EXT2-fs: sda2: couldn't mount because of unsupported optional features (240).
[    5.582241] random 0000 0000 0000 e7f555d9 e8ce5c3c: rand_read_num 10 get_random_bytes(4): sig ffffff72 e7f555d9 e8ce5c3c
[    5.582243] random 0000 0000 0000 e7f555d9 e8ce5c3c: extract_entropy(.. 4 ..)
[    5.582246] random 0000 0000 0000 e7f555d9 e8ce5c3c: going to reseed nonblocking with 64 bits (32 of 0 requested)
[    5.582248] random 0000 0000 0000 e7f555d9 e8ce5c3c: extract_entropy(.. 8 ..)
[    5.582250] random 0000 0000 0000 e7f555d9 e8ce5c3c: trying to extract 64 bits from input
[    5.582252] random 0000 0000 0000 e7f555d9 e8ce5c3c: debiting 0 entropy credits from input
[    5.582254] random 0000 0000 0000 e7f555d9 e8ce5c3c: extract_entropy account returned: 0 
[    5.582257] random 0000 0000 0000 e7f555d9 e8ce5c3c: urand_change_num 45 xfer_secondary_pool(4): pool_sig ffffff72, data_sig 00000000, bytes_mixed 0 e7f555d9 e8ce5c3c
[    5.582260] random 0000 0000 0000 e7f555d9 e8ce5c3c: trying to extract 32 bits from nonblocking
[    5.582262] random 0000 0000 0000 e7f555d9 e8ce5c3c: debiting 32 entropy credits from nonblocking (unlimited)
[    5.582265] random 0000 0000 0000 e7f555d9 e8ce5c3c: extract_entropy account returned: 4 
[    5.582269] random 0000 0000 0000 e7f555d9 e8ce5c3c: urand_change_num 46 extract_buf: pool_sig ffffff72, data_sig ffffff72, bytes_mixed 20 e7f555d9 e8ce5c3c
[    5.617432] EXT4-fs (sda2): mounted filesystem with ordered data mode
[    5.617607] VFS: Mounted root (ext4 filesystem) readonly on device 8:2.
[    5.617702] Freeing unused kernel memory: 448k freed
[    5.688026] random 0000 0000 0000 91716c54 eeb6a1e7: rand_read_num 11 get_random_bytes(16): sig fffffcad 91716c54 eeb6a1e7
[    5.688029] random 0000 0000 0000 91716c54 eeb6a1e7: extract_entropy(.. 16 ..)
[    5.688031] random 0000 0000 0000 91716c54 eeb6a1e7: going to reseed nonblocking with 128 bits (128 of 0 requested)
[    5.688033] random 0000 0000 0000 91716c54 eeb6a1e7: extract_entropy(.. 16 ..)
[    5.688035] random 0000 0000 0000 91716c54 eeb6a1e7: trying to extract 128 bits from input
[    5.688038] random 0000 0000 0000 91716c54 eeb6a1e7: debiting 0 entropy credits from input
[    5.688039] random 0000 0000 0000 91716c54 eeb6a1e7: extract_entropy account returned: 0 
[    5.688043] random 0000 0000 0000 91716c54 eeb6a1e7: urand_change_num 47 xfer_secondary_pool(16): pool_sig fffffcad, data_sig 00000000, bytes_mixed 0 91716c54 eeb6a1e7
[    5.688046] random 0000 0000 0000 91716c54 eeb6a1e7: trying to extract 128 bits from nonblocking
[    5.688048] random 0000 0000 0000 91716c54 eeb6a1e7: debiting 128 entropy credits from nonblocking (unlimited)
[    5.688050] random 0000 0000 0000 91716c54 eeb6a1e7: extract_entropy account returned: 16 
[    5.688054] random 0000 0000 0000 91716c54 eeb6a1e7: urand_change_num 48 extract_buf: pool_sig fffffcad, data_sig ffffff19, bytes_mixed 20 91716c54 eeb6a1e7
[    5.688059] random 0000 0000 0000 fd637b06 6cf47bc1: urand_change_num 49 extract_buf: pool_sig fffffede, data_sig ffffffc1, bytes_mixed 20 fd637b06 6cf47bc1
[    5.766442] random 0000 0000 0000 fd637b06 6cf47bc1: rand_read_num 12 get_random_bytes(16): sig 0000033b fd637b06 6cf47bc1
[    5.766445] random 0000 0000 0000 fd637b06 6cf47bc1: extract_entropy(.. 16 ..)
[    5.766447] random 0000 0000 0000 fd637b06 6cf47bc1: going to reseed nonblocking with 128 bits (128 of 0 requested)
[    5.766450] random 0000 0000 0000 fd637b06 6cf47bc1: extract_entropy(.. 16 ..)
[    5.766452] random 0000 0000 0000 fd637b06 6cf47bc1: trying to extract 128 bits from input
[    5.766454] random 0000 0000 0000 fd637b06 6cf47bc1: debiting 0 entropy credits from input
[    5.766456] random 0000 0000 0000 fd637b06 6cf47bc1: extract_entropy account returned: 0 
[    5.766459] random 0000 0000 0000 fd637b06 6cf47bc1: urand_change_num 50 xfer_secondary_pool(16): pool_sig 0000033b, data_sig 00000000, bytes_mixed 0 fd637b06 6cf47bc1
[    5.766462] random 0000 0000 0000 fd637b06 6cf47bc1: trying to extract 128 bits from nonblocking
[    5.766464] random 0000 0000 0000 fd637b06 6cf47bc1: debiting 128 entropy credits from nonblocking (unlimited)
[    5.766466] random 0000 0000 0000 fd637b06 6cf47bc1: extract_entropy account returned: 16 
[    5.766470] random 0000 0000 0000 fd637b06 6cf47bc1: urand_change_num 51 extract_buf: pool_sig 0000033b, data_sig 000000d8, bytes_mixed 20 fd637b06 6cf47bc1
[    5.766476] random 0000 0000 0000 0ec1f012 d4727ca8: urand_change_num 52 extract_buf: pool_sig fffffcf5, data_sig 00000016, bytes_mixed 20 0ec1f012 d4727ca8
[    6.138209] ieee1394: Host added: ID:BUS[0-00:1023]  GUID[00061b032a25f51c]
[    6.148650] random 0000 0000 0000 45b1d0b1 845a73f7: rand_read_num 13 get_random_bytes(16): sig 00000116 45b1d0b1 845a73f7
[    6.148653] random 0000 0000 0000 45b1d0b1 845a73f7: extract_entropy(.. 16 ..)
[    6.148656] random 0000 0000 0000 45b1d0b1 845a73f7: going to reseed nonblocking with 128 bits (128 of 0 requested)
[    6.148658] random 0000 0000 0000 45b1d0b1 845a73f7: extract_entropy(.. 16 ..)
[    6.148660] random 0000 0000 0000 45b1d0b1 845a73f7: trying to extract 128 bits from input
[    6.148662] random 0000 0000 0000 45b1d0b1 845a73f7: debiting 0 entropy credits from input
[    6.148664] random 0000 0000 0000 45b1d0b1 845a73f7: extract_entropy account returned: 0 
[    6.148667] random 0000 0000 0000 45b1d0b1 845a73f7: urand_change_num 53 xfer_secondary_pool(16): pool_sig 00000116, data_sig 00000000, bytes_mixed 0 45b1d0b1 845a73f7
[    6.148670] random 0000 0000 0000 45b1d0b1 845a73f7: trying to extract 128 bits from nonblocking
[    6.148673] random 0000 0000 0000 45b1d0b1 845a73f7: debiting 128 entropy credits from nonblocking (unlimited)
[    6.148675] random 0000 0000 0000 45b1d0b1 845a73f7: extract_entropy account returned: 16 
[    6.148679] random 0000 0000 0000 45b1d0b1 845a73f7: urand_change_num 54 extract_buf: pool_sig 00000116, data_sig fffffd8b, bytes_mixed 20 45b1d0b1 845a73f7
[    6.148684] random 0000 0000 0000 45b1d0b1 845a73f7: urand_change_num 55 extract_buf: pool_sig fffffc05, data_sig 00000109, bytes_mixed 20 45b1d0b1 845a73f7
[    6.201145] random 0000 0000 0000 5012cce3 b8a30621: rand_read_num 14 get_random_bytes(16): sig fffffb93 5012cce3 b8a30621
[    6.201147] random 0000 0000 0000 5012cce3 b8a30621: extract_entropy(.. 16 ..)
[    6.201150] random 0000 0000 0000 5012cce3 b8a30621: going to reseed nonblocking with 128 bits (128 of 0 requested)
[    6.201152] random 0000 0000 0000 5012cce3 b8a30621: extract_entropy(.. 16 ..)
[    6.201154] random 0000 0000 0000 5012cce3 b8a30621: trying to extract 128 bits from input
[    6.201157] random 0000 0000 0000 5012cce3 b8a30621: debiting 0 entropy credits from input
[    6.201158] random 0000 0000 0000 5012cce3 b8a30621: extract_entropy account returned: 0 
[    6.201162] random 0000 0000 0000 5012cce3 b8a30621: urand_change_num 56 xfer_secondary_pool(16): pool_sig fffffb93, data_sig 00000000, bytes_mixed 0 5012cce3 b8a30621
[    6.201165] random 0000 0000 0000 5012cce3 b8a30621: trying to extract 128 bits from nonblocking
[    6.201167] random 0000 0000 0000 5012cce3 b8a30621: debiting 128 entropy credits from nonblocking (unlimited)
[    6.201169] random 0000 0000 0000 5012cce3 b8a30621: extract_entropy account returned: 16 
[    6.201173] random 0000 0000 0000 5012cce3 b8a30621: urand_change_num 57 extract_buf: pool_sig fffffb93, data_sig ffffff35, bytes_mixed 20 5012cce3 b8a30621
[    6.201178] random 0000 0000 0000 5012cce3 b8a30621: urand_change_num 58 extract_buf: pool_sig fffffb9d, data_sig ffffff92, bytes_mixed 20 5012cce3 b8a30621
[    6.202551] random 0000 0000 0000 30a5721d 4b648ff6: rand_read_num 15 get_random_bytes(16): sig fffffeb5 30a5721d 4b648ff6
[    6.202554] random 0000 0000 0000 30a5721d 4b648ff6: extract_entropy(.. 16 ..)
[    6.202557] random 0000 0000 0000 30a5721d 4b648ff6: going to reseed nonblocking with 128 bits (128 of 0 requested)
[    6.202559] random 0000 0000 0000 30a5721d 4b648ff6: extract_entropy(.. 16 ..)
[    6.202561] random 0000 0000 0000 30a5721d 4b648ff6: trying to extract 128 bits from input
[    6.202563] random 0000 0000 0000 30a5721d 4b648ff6: debiting 0 entropy credits from input
[    6.202565] random 0000 0000 0000 30a5721d 4b648ff6: extract_entropy account returned: 0 
[    6.202568] random 0000 0000 0000 30a5721d 4b648ff6: urand_change_num 59 xfer_secondary_pool(16): pool_sig fffffeb5, data_sig 00000000, bytes_mixed 0 30a5721d 4b648ff6
[    6.202571] random 0000 0000 0000 30a5721d 4b648ff6: trying to extract 128 bits from nonblocking
[    6.202573] random 0000 0000 0000 30a5721d 4b648ff6: debiting 128 entropy credits from nonblocking (unlimited)
[    6.202576] random 0000 0000 0000 30a5721d 4b648ff6: extract_entropy account returned: 16 
[    6.202580] random 0000 0000 0000 30a5721d 4b648ff6: urand_change_num 60 extract_buf: pool_sig fffffeb5, data_sig 000000c2, bytes_mixed 20 30a5721d 4b648ff6
[    6.202585] random 0000 0000 0000 89bae1ab 704c432f: urand_change_num 61 extract_buf: pool_sig 0000006e, data_sig fffffefc, bytes_mixed 20 89bae1ab 704c432f
[    6.203138] random 0000 0000 0000 89bae1ab 704c432f: rand_read_num 16 get_random_bytes(16): sig fffffd99 89bae1ab 704c432f
[    6.203140] random 0000 0000 0000 89bae1ab 704c432f: extract_entropy(.. 16 ..)
[    6.203143] random 0000 0000 0000 89bae1ab 704c432f: going to reseed nonblocking with 128 bits (128 of 0 requested)
[    6.203145] random 0000 0000 0000 89bae1ab 704c432f: extract_entropy(.. 16 ..)
[    6.203147] random 0000 0000 0000 89bae1ab 704c432f: trying to extract 128 bits from input
[    6.203149] random 0000 0000 0000 89bae1ab 704c432f: debiting 0 entropy credits from input
[    6.203151] random 0000 0000 0000 89bae1ab 704c432f: extract_entropy account returned: 0 
[    6.203155] random 0000 0000 0000 89bae1ab 704c432f: urand_change_num 62 xfer_secondary_pool(16): pool_sig fffffd99, data_sig 00000000, bytes_mixed 0 89bae1ab 704c432f
[    6.203157] random 0000 0000 0000 89bae1ab 704c432f: trying to extract 128 bits from nonblocking
[    6.203160] random 0000 0000 0000 89bae1ab 704c432f: debiting 128 entropy credits from nonblocking (unlimited)
[    6.203162] random 0000 0000 0000 89bae1ab 704c432f: extract_entropy account returned: 16 
[    6.203166] random 0000 0000 0000 89bae1ab 704c432f: urand_change_num 63 extract_buf: pool_sig fffffd99, data_sig 00000204, bytes_mixed 20 89bae1ab 704c432f
[    6.203171] random 0000 0000 0000 6c298a02 2b1539f8: urand_change_num 64 extract_buf: pool_sig 00000124, data_sig fffffff5, bytes_mixed 20 6c298a02 2b1539f8
[    6.204055] random 0000 0000 0000 c77b8b35 70f6cab5: rand_read_num 17 get_random_bytes(16): sig 0000036b c77b8b35 70f6cab5
[    6.204058] random 0000 0000 0000 c77b8b35 70f6cab5: extract_entropy(.. 16 ..)
[    6.204061] random 0000 0000 0000 c77b8b35 70f6cab5: going to reseed nonblocking with 128 bits (128 of 0 requested)
[    6.204063] random 0000 0000 0000 c77b8b35 70f6cab5: extract_entropy(.. 16 ..)
[    6.204065] random 0000 0000 0000 c77b8b35 70f6cab5: trying to extract 128 bits from input
[    6.204067] random 0000 0000 0000 c77b8b35 70f6cab5: debiting 0 entropy credits from input
[    6.204069] random 0000 0000 0000 c77b8b35 70f6cab5: extract_entropy account returned: 0 
[    6.204072] random 0000 0000 0000 c77b8b35 70f6cab5: urand_change_num 65 xfer_secondary_pool(16): pool_sig 0000036b, data_sig 00000000, bytes_mixed 0 c77b8b35 70f6cab5
[    6.204075] random 0000 0000 0000 c77b8b35 70f6cab5: trying to extract 128 bits from nonblocking
[    6.204078] random 0000 0000 0000 c77b8b35 70f6cab5: debiting 128 entropy credits from nonblocking (unlimited)
[    6.204080] random 0000 0000 0000 c77b8b35 70f6cab5: extract_entropy account returned: 16 
[    6.204084] random 0000 0000 0000 c77b8b35 70f6cab5: urand_change_num 66 extract_buf: pool_sig 0000036b, data_sig 0000005f, bytes_mixed 20 c77b8b35 70f6cab5
[    6.204089] random 0000 0000 0000 c77b8b35 70f6cab5: urand_change_num 67 extract_buf: pool_sig ffffff1c, data_sig 0000005a, bytes_mixed 20 c77b8b35 70f6cab5
[    6.204684] random 0000 0000 0000 af21d212 57d20ca3: rand_read_num 18 get_random_bytes(16): sig fffffb7f af21d212 57d20ca3
[    6.204686] random 0000 0000 0000 af21d212 57d20ca3: extract_entropy(.. 16 ..)
[    6.204689] random 0000 0000 0000 af21d212 57d20ca3: going to reseed nonblocking with 128 bits (128 of 0 requested)
[    6.204691] random 0000 0000 0000 af21d212 57d20ca3: extract_entropy(.. 16 ..)
[    6.204693] random 0000 0000 0000 af21d212 57d20ca3: trying to extract 128 bits from input
[    6.204695] random 0000 0000 0000 af21d212 57d20ca3: debiting 0 entropy credits from input
[    6.204698] random 0000 0000 0000 af21d212 57d20ca3: extract_entropy account returned: 0 
[    6.204701] random 0000 0000 0000 af21d212 57d20ca3: urand_change_num 68 xfer_secondary_pool(16): pool_sig fffffb7f, data_sig 00000000, bytes_mixed 0 af21d212 57d20ca3
[    6.204704] random 0000 0000 0000 af21d212 57d20ca3: trying to extract 128 bits from nonblocking
[    6.204706] random 0000 0000 0000 af21d212 57d20ca3: debiting 128 entropy credits from nonblocking (unlimited)
[    6.204708] random 0000 0000 0000 af21d212 57d20ca3: extract_entropy account returned: 16 
[    6.204712] random 0000 0000 0000 af21d212 57d20ca3: urand_change_num 69 extract_buf: pool_sig fffffb7f, data_sig ffffff88, bytes_mixed 20 af21d212 57d20ca3
[    6.204717] random 0000 0000 0000 af21d212 57d20ca3: urand_change_num 70 extract_buf: pool_sig fffffe1d, data_sig ffffff17, bytes_mixed 20 af21d212 57d20ca3
[    6.205309] random 0000 0000 0000 ffbd26fd 21933274: rand_read_num 19 get_random_bytes(16): sig ffffffc7 ffbd26fd 21933274
[    6.205311] random 0000 0000 0000 ffbd26fd 21933274: extract_entropy(.. 16 ..)
[    6.205314] random 0000 0000 0000 ffbd26fd 21933274: going to reseed nonblocking with 128 bits (128 of 0 requested)
[    6.205316] random 0000 0000 0000 ffbd26fd 21933274: extract_entropy(.. 16 ..)
[    6.205318] random 0000 0000 0000 ffbd26fd 21933274: trying to extract 128 bits from input
[    6.205320] random 0000 0000 0000 ffbd26fd 21933274: debiting 0 entropy credits from input
[    6.205322] random 0000 0000 0000 ffbd26fd 21933274: extract_entropy account returned: 0 
[    6.205326] random 0000 0000 0000 ffbd26fd 21933274: urand_change_num 71 xfer_secondary_pool(16): pool_sig ffffffc7, data_sig 00000000, bytes_mixed 0 ffbd26fd 21933274
[    6.205328] random 0000 0000 0000 ffbd26fd 21933274: trying to extract 128 bits from nonblocking
[    6.205331] random 0000 0000 0000 ffbd26fd 21933274: debiting 128 entropy credits from nonblocking (unlimited)
[    6.205333] random 0000 0000 0000 ffbd26fd 21933274: extract_entropy account returned: 16 
[    6.205337] random 0000 0000 0000 ffbd26fd 21933274: urand_change_num 72 extract_buf: pool_sig ffffffc7, data_sig 0000013b, bytes_mixed 20 ffbd26fd 21933274
[    6.205343] random 0000 0000 0000 151530a2 56c65dd3: urand_change_num 73 extract_buf: pool_sig ffffffbf, data_sig 00000036, bytes_mixed 20 151530a2 56c65dd3
[    6.205896] random 0000 0000 0000 151530a2 56c65dd3: rand_read_num 20 get_random_bytes(16): sig 000001a7 151530a2 56c65dd3
[    6.205899] random 0000 0000 0000 151530a2 56c65dd3: extract_entropy(.. 16 ..)
[    6.205902] random 0000 0000 0000 151530a2 56c65dd3: going to reseed nonblocking with 128 bits (128 of 0 requested)
[    6.205904] random 0000 0000 0000 151530a2 56c65dd3: extract_entropy(.. 16 ..)
[    6.205906] random 0000 0000 0000 151530a2 56c65dd3: trying to extract 128 bits from input
[    6.205908] random 0000 0000 0000 151530a2 56c65dd3: debiting 0 entropy credits from input
[    6.205910] random 0000 0000 0000 151530a2 56c65dd3: extract_entropy account returned: 0 
[    6.205914] random 0000 0000 0000 151530a2 56c65dd3: urand_change_num 74 xfer_secondary_pool(16): pool_sig 000001a7, data_sig 00000000, bytes_mixed 0 151530a2 56c65dd3
[    6.205916] random 0000 0000 0000 151530a2 56c65dd3: trying to extract 128 bits from nonblocking
[    6.205919] random 0000 0000 0000 151530a2 56c65dd3: debiting 128 entropy credits from nonblocking (unlimited)
[    6.205921] random 0000 0000 0000 151530a2 56c65dd3: extract_entropy account returned: 16 
[    6.205925] random 0000 0000 0000 151530a2 56c65dd3: urand_change_num 75 extract_buf: pool_sig 000001a7, data_sig ffffffa1, bytes_mixed 20 151530a2 56c65dd3
[    6.205930] random 0000 0000 0000 5d3e132e d9a77eb3: urand_change_num 76 extract_buf: pool_sig fffffcc9, data_sig 00000013, bytes_mixed 20 5d3e132e d9a77eb3
[    6.256949] random 0000 0000 0000 264837ad 0a28fef5: rand_read_num 21 get_random_bytes(16): sig ffffffd0 264837ad 0a28fef5
[    6.256952] random 0000 0000 0000 264837ad 0a28fef5: extract_entropy(.. 16 ..)
[    6.256955] random 0000 0000 0000 264837ad 0a28fef5: going to reseed nonblocking with 128 bits (128 of 0 requested)
[    6.256958] random 0000 0000 0000 264837ad 0a28fef5: extract_entropy(.. 16 ..)
[    6.256960] random 0000 0000 0000 264837ad 0a28fef5: trying to extract 128 bits from input
[    6.256962] random 0000 0000 0000 264837ad 0a28fef5: debiting 0 entropy credits from input
[    6.256964] random 0000 0000 0000 264837ad 0a28fef5: extract_entropy account returned: 0 
[    6.256967] random 0000 0000 0000 264837ad 0a28fef5: urand_change_num 77 xfer_secondary_pool(16): pool_sig ffffffd0, data_sig 00000000, bytes_mixed 0 264837ad 0a28fef5
[    6.256970] random 0000 0000 0000 264837ad 0a28fef5: trying to extract 128 bits from nonblocking
[    6.256973] random 0000 0000 0000 264837ad 0a28fef5: debiting 128 entropy credits from nonblocking (unlimited)
[    6.256975] random 0000 0000 0000 264837ad 0a28fef5: extract_entropy account returned: 16 
[    6.256979] random 0000 0000 0000 264837ad 0a28fef5: urand_change_num 78 extract_buf: pool_sig ffffffd0, data_sig 0000017b, bytes_mixed 20 264837ad 0a28fef5
[    6.256984] random 0000 0000 0000 264837ad 0a28fef5: urand_change_num 79 extract_buf: pool_sig 0000045c, data_sig 000001df, bytes_mixed 20 264837ad 0a28fef5
[    6.258459] random 0000 0000 0000 f37f7344 164aede0: rand_read_num 22 get_random_bytes(16): sig 000003c2 f37f7344 164aede0
[    6.258462] random 0000 0000 0000 f37f7344 164aede0: extract_entropy(.. 16 ..)
[    6.258465] random 0000 0000 0000 f37f7344 164aede0: going to reseed nonblocking with 128 bits (128 of 0 requested)
[    6.258467] random 0000 0000 0000 f37f7344 164aede0: extract_entropy(.. 16 ..)
[    6.258469] random 0000 0000 0000 f37f7344 164aede0: trying to extract 128 bits from input
[    6.258472] random 0000 0000 0000 f37f7344 164aede0: debiting 0 entropy credits from input
[    6.258474] random 0000 0000 0000 f37f7344 164aede0: extract_entropy account returned: 0 
[    6.258477] random 0000 0000 0000 f37f7344 164aede0: urand_change_num 80 xfer_secondary_pool(16): pool_sig 000003c2, data_sig 00000000, bytes_mixed 0 f37f7344 164aede0
[    6.258480] random 0000 0000 0000 f37f7344 164aede0: trying to extract 128 bits from nonblocking
[    6.258482] random 0000 0000 0000 f37f7344 164aede0: debiting 128 entropy credits from nonblocking (unlimited)
[    6.258484] random 0000 0000 0000 f37f7344 164aede0: extract_entropy account returned: 16 
[    6.258488] random 0000 0000 0000 f37f7344 164aede0: urand_change_num 81 extract_buf: pool_sig 000003c2, data_sig ffffff6c, bytes_mixed 20 f37f7344 164aede0
[    6.258494] random 0000 0000 0000 f37f7344 164aede0: urand_change_num 82 extract_buf: pool_sig fffffdfc, data_sig 00000091, bytes_mixed 20 f37f7344 164aede0
[    6.281249] random 0000 0000 0000 a4794863 878070c1: rand_read_num 23 get_random_bytes(16): sig 0000011b a4794863 878070c1
[    6.281251] random 0000 0000 0000 a4794863 878070c1: extract_entropy(.. 16 ..)
[    6.281254] random 0000 0000 0000 a4794863 878070c1: going to reseed nonblocking with 128 bits (128 of 0 requested)
[    6.281256] random 0000 0000 0000 a4794863 878070c1: extract_entropy(.. 16 ..)
[    6.281258] random 0000 0000 0000 a4794863 878070c1: trying to extract 128 bits from input
[    6.281261] random 0000 0000 0000 a4794863 878070c1: debiting 0 entropy credits from input
[    6.281263] random 0000 0000 0000 a4794863 878070c1: extract_entropy account returned: 0 
[    6.281266] random 0000 0000 0000 a4794863 878070c1: urand_change_num 83 xfer_secondary_pool(16): pool_sig 0000011b, data_sig 00000000, bytes_mixed 0 a4794863 878070c1
[    6.281269] random 0000 0000 0000 a4794863 878070c1: trying to extract 128 bits from nonblocking
[    6.281271] random 0000 0000 0000 a4794863 878070c1: debiting 128 entropy credits from nonblocking (unlimited)
[    6.281273] random 0000 0000 0000 a4794863 878070c1: extract_entropy account returned: 16 
[    6.281277] random 0000 0000 0000 a4794863 878070c1: urand_change_num 84 extract_buf: pool_sig 0000011b, data_sig ffffff51, bytes_mixed 20 a4794863 878070c1
[    6.281283] random 0000 0000 0000 737f19b4 9417d8ab: urand_change_num 85 extract_buf: pool_sig 000001a3, data_sig 0000006c, bytes_mixed 20 737f19b4 9417d8ab
[    6.285349] random 0000 0000 0000 737f19b4 9417d8ab: rand_read_num 24 get_random_bytes(16): sig fffffe22 737f19b4 9417d8ab
[    6.285352] random 0000 0000 0000 737f19b4 9417d8ab: extract_entropy(.. 16 ..)
[    6.285354] random 0000 0000 0000 737f19b4 9417d8ab: going to reseed nonblocking with 128 bits (128 of 0 requested)
[    6.285357] random 0000 0000 0000 737f19b4 9417d8ab: extract_entropy(.. 16 ..)
[    6.285359] random 0000 0000 0000 737f19b4 9417d8ab: trying to extract 128 bits from input
[    6.285361] random 0000 0000 0000 737f19b4 9417d8ab: debiting 0 entropy credits from input
[    6.285363] random 0000 0000 0000 737f19b4 9417d8ab: extract_entropy account returned: 0 
[    6.285366] random 0000 0000 0000 737f19b4 9417d8ab: urand_change_num 86 xfer_secondary_pool(16): pool_sig fffffe22, data_sig 00000000, bytes_mixed 0 737f19b4 9417d8ab
[    6.285369] random 0000 0000 0000 737f19b4 9417d8ab: trying to extract 128 bits from nonblocking
[    6.285371] random 0000 0000 0000 737f19b4 9417d8ab: debiting 128 entropy credits from nonblocking (unlimited)
[    6.285373] random 0000 0000 0000 737f19b4 9417d8ab: extract_entropy account returned: 16 
[    6.285377] random 0000 0000 0000 737f19b4 9417d8ab: urand_change_num 87 extract_buf: pool_sig fffffe22, data_sig 00000230, bytes_mixed 20 737f19b4 9417d8ab
[    6.285383] random 0000 0000 0000 4deb0d06 1236af4c: urand_change_num 88 extract_buf: pool_sig 000000b6, data_sig ffffff44, bytes_mixed 20 4deb0d06 1236af4c
[    6.286380] random 0000 0000 0000 b538fadc 4a7613df: rand_read_num 25 get_random_bytes(16): sig 0000013c b538fadc 4a7613df
[    6.286383] random 0000 0000 0000 b538fadc 4a7613df: extract_entropy(.. 16 ..)
[    6.286386] random 0000 0000 0000 b538fadc 4a7613df: going to reseed nonblocking with 128 bits (128 of 0 requested)
[    6.286388] random 0000 0000 0000 b538fadc 4a7613df: extract_entropy(.. 16 ..)
[    6.286390] random 0000 0000 0000 b538fadc 4a7613df: trying to extract 128 bits from input
[    6.286392] random 0000 0000 0000 b538fadc 4a7613df: debiting 0 entropy credits from input
[    6.286394] random 0000 0000 0000 b538fadc 4a7613df: extract_entropy account returned: 0 
[    6.286397] random 0000 0000 0000 b538fadc 4a7613df: urand_change_num 89 xfer_secondary_pool(16): pool_sig 0000013c, data_sig 00000000, bytes_mixed 0 b538fadc 4a7613df
[    6.286400] random 0000 0000 0000 b538fadc 4a7613df: trying to extract 128 bits from nonblocking
[    6.286402] random 0000 0000 0000 b538fadc 4a7613df: debiting 128 entropy credits from nonblocking (unlimited)
[    6.286405] random 0000 0000 0000 b538fadc 4a7613df: extract_entropy account returned: 16 
[    6.286409] random 0000 0000 0000 b538fadc 4a7613df: urand_change_num 90 extract_buf: pool_sig 0000013c, data_sig 00000015, bytes_mixed 20 b538fadc 4a7613df
[    6.286414] random 0000 0000 0000 b538fadc 4a7613df: urand_change_num 91 extract_buf: pool_sig 00000452, data_sig 0000002b, bytes_mixed 20 b538fadc 4a7613df
[    6.286865] random 0000 0000 0000 73b17df4 93bb370e: rand_read_num 26 get_random_bytes(16): sig fffffbf1 73b17df4 93bb370e
[    6.286867] random 0000 0000 0000 73b17df4 93bb370e: extract_entropy(.. 16 ..)
[    6.286870] random 0000 0000 0000 73b17df4 93bb370e: going to reseed nonblocking with 128 bits (128 of 0 requested)
[    6.286872] random 0000 0000 0000 73b17df4 93bb370e: extract_entropy(.. 16 ..)
[    6.286874] random 0000 0000 0000 73b17df4 93bb370e: trying to extract 128 bits from input
[    6.286876] random 0000 0000 0000 73b17df4 93bb370e: debiting 0 entropy credits from input
[    6.286878] random 0000 0000 0000 73b17df4 93bb370e: extract_entropy account returned: 0 
[    6.286881] random 0000 0000 0000 73b17df4 93bb370e: urand_change_num 92 xfer_secondary_pool(16): pool_sig fffffbf1, data_sig 00000000, bytes_mixed 0 73b17df4 93bb370e
[    6.286884] random 0000 0000 0000 73b17df4 93bb370e: trying to extract 128 bits from nonblocking
[    6.286887] random 0000 0000 0000 73b17df4 93bb370e: debiting 128 entropy credits from nonblocking (unlimited)
[    6.286889] random 0000 0000 0000 73b17df4 93bb370e: extract_entropy account returned: 16 
[    6.286893] random 0000 0000 0000 73b17df4 93bb370e: urand_change_num 93 extract_buf: pool_sig fffffbf1, data_sig ffffff99, bytes_mixed 20 73b17df4 93bb370e
[    6.286898] random 0000 0000 0000 73b17df4 93bb370e: urand_change_num 94 extract_buf: pool_sig fffffe1d, data_sig 000000b0, bytes_mixed 20 73b17df4 93bb370e
[    6.287310] random 0000 0000 0000 0cd682bb ba04da9f: rand_read_num 27 get_random_bytes(16): sig fffffccb 0cd682bb ba04da9f
[    6.287312] random 0000 0000 0000 0cd682bb ba04da9f: extract_entropy(.. 16 ..)
[    6.287315] random 0000 0000 0000 0cd682bb ba04da9f: going to reseed nonblocking with 128 bits (128 of 0 requested)
[    6.287317] random 0000 0000 0000 0cd682bb ba04da9f: extract_entropy(.. 16 ..)
[    6.287319] random 0000 0000 0000 0cd682bb ba04da9f: trying to extract 128 bits from input
[    6.287321] random 0000 0000 0000 0cd682bb ba04da9f: debiting 0 entropy credits from input
[    6.287323] random 0000 0000 0000 0cd682bb ba04da9f: extract_entropy account returned: 0 
[    6.287327] random 0000 0000 0000 0cd682bb ba04da9f: urand_change_num 95 xfer_secondary_pool(16): pool_sig fffffccb, data_sig 00000000, bytes_mixed 0 0cd682bb ba04da9f
[    6.287329] random 0000 0000 0000 0cd682bb ba04da9f: trying to extract 128 bits from nonblocking
[    6.287332] random 0000 0000 0000 0cd682bb ba04da9f: debiting 128 entropy credits from nonblocking (unlimited)
[    6.287334] random 0000 0000 0000 0cd682bb ba04da9f: extract_entropy account returned: 16 
[    6.287338] random 0000 0000 0000 0cd682bb ba04da9f: urand_change_num 96 extract_buf: pool_sig fffffccb, data_sig fffffec5, bytes_mixed 20 0cd682bb ba04da9f
[    6.287344] random 0000 0000 0000 26929f1a 15254dc1: urand_change_num 97 extract_buf: pool_sig fffffed2, data_sig ffffffb1, bytes_mixed 20 26929f1a 15254dc1
[    6.288221] random 0000 0000 0000 26929f1a 15254dc1: rand_read_num 28 get_random_bytes(16): sig 00000038 26929f1a 15254dc1
[    6.288224] random 0000 0000 0000 26929f1a 15254dc1: extract_entropy(.. 16 ..)
[    6.288226] random 0000 0000 0000 26929f1a 15254dc1: going to reseed nonblocking with 128 bits (128 of 0 requested)
[    6.288229] random 0000 0000 0000 26929f1a 15254dc1: extract_entropy(.. 16 ..)
[    6.288231] random 0000 0000 0000 26929f1a 15254dc1: trying to extract 128 bits from input
[    6.288233] random 0000 0000 0000 26929f1a 15254dc1: debiting 0 entropy credits from input
[    6.288235] random 0000 0000 0000 26929f1a 15254dc1: extract_entropy account returned: 0 
[    6.288238] random 0000 0000 0000 26929f1a 15254dc1: urand_change_num 98 xfer_secondary_pool(16): pool_sig 00000038, data_sig 00000000, bytes_mixed 0 26929f1a 15254dc1
[    6.288241] random 0000 0000 0000 26929f1a 15254dc1: trying to extract 128 bits from nonblocking
[    6.288243] random 0000 0000 0000 26929f1a 15254dc1: debiting 128 entropy credits from nonblocking (unlimited)
[    6.288245] random 0000 0000 0000 26929f1a 15254dc1: extract_entropy account returned: 16 
[    6.288249] random 0000 0000 0000 26929f1a 15254dc1: urand_change_num 99 extract_buf: pool_sig 00000038, data_sig 000000fd, bytes_mixed 20 26929f1a 15254dc1
[    6.288255] random 0000 0000 0000 8116fe3b 478c2d5b: urand_change_num 100 extract_buf: pool_sig 00000059, data_sig 00000310, bytes_mixed 20 8116fe3b 478c2d5b
[    6.294886] random 0000 0000 0000 a20f4a3a 32a6b2fa: rand_read_num 29 get_random_bytes(16): sig 000002c0 a20f4a3a 32a6b2fa
[    6.294889] random 0000 0000 0000 a20f4a3a 32a6b2fa: extract_entropy(.. 16 ..)
[    6.294892] random 0000 0000 0000 a20f4a3a 32a6b2fa: going to reseed nonblocking with 128 bits (128 of 0 requested)
[    6.294894] random 0000 0000 0000 a20f4a3a 32a6b2fa: extract_entropy(.. 16 ..)
[    6.294896] random 0000 0000 0000 a20f4a3a 32a6b2fa: trying to extract 128 bits from input
[    6.294898] random 0000 0000 0000 a20f4a3a 32a6b2fa: debiting 0 entropy credits from input
[    6.294900] random 0000 0000 0000 a20f4a3a 32a6b2fa: extract_entropy account returned: 0 
[    6.294903] random 0000 0000 0000 a20f4a3a 32a6b2fa: urand_change_num 101 xfer_secondary_pool(16): pool_sig 000002c0, data_sig 00000000, bytes_mixed 0 a20f4a3a 32a6b2fa
[    6.294906] random 0000 0000 0000 a20f4a3a 32a6b2fa: trying to extract 128 bits from nonblocking
[    6.294908] random 0000 0000 0000 a20f4a3a 32a6b2fa: debiting 128 entropy credits from nonblocking (unlimited)
[    6.294911] random 0000 0000 0000 a20f4a3a 32a6b2fa: extract_entropy account returned: 16 
[    6.294915] random 0000 0000 0000 a20f4a3a 32a6b2fa: urand_change_num 102 extract_buf: pool_sig 000002c0, data_sig 000000fb, bytes_mixed 20 a20f4a3a 32a6b2fa
[    6.294920] random 0000 0000 0000 a20f4a3a 32a6b2fa: urand_change_num 103 extract_buf: pool_sig ffffffdd, data_sig 000000a5, bytes_mixed 20 a20f4a3a 32a6b2fa
[    6.307436] random 0000 0000 0000 de716d2a 6c4757e1: rand_read_num 30 get_random_bytes(16): sig 000000fa de716d2a 6c4757e1
[    6.307439] random 0000 0000 0000 de716d2a 6c4757e1: extract_entropy(.. 16 ..)
[    6.307442] random 0000 0000 0000 de716d2a 6c4757e1: going to reseed nonblocking with 128 bits (128 of 0 requested)
[    6.307444] random 0000 0000 0000 de716d2a 6c4757e1: extract_entropy(.. 16 ..)
[    6.307446] random 0000 0000 0000 de716d2a 6c4757e1: trying to extract 128 bits from input
[    6.307448] random 0000 0000 0000 de716d2a 6c4757e1: debiting 0 entropy credits from input
[    6.307450] random 0000 0000 0000 de716d2a 6c4757e1: extract_entropy account returned: 0 
[    6.307453] random 0000 0000 0000 de716d2a 6c4757e1: urand_change_num 104 xfer_secondary_pool(16): pool_sig 000000fa, data_sig 00000000, bytes_mixed 0 de716d2a 6c4757e1
[    6.307456] random 0000 0000 0000 de716d2a 6c4757e1: trying to extract 128 bits from nonblocking
[    6.307459] random 0000 0000 0000 de716d2a 6c4757e1: debiting 128 entropy credits from nonblocking (unlimited)
[    6.307461] random 0000 0000 0000 de716d2a 6c4757e1: extract_entropy account returned: 16 
[    6.307465] random 0000 0000 0000 de716d2a 6c4757e1: urand_change_num 105 extract_buf: pool_sig 000000fa, data_sig ffffff34, bytes_mixed 20 de716d2a 6c4757e1
[    6.307470] random 0000 0000 0000 de716d2a 6c4757e1: urand_change_num 106 extract_buf: pool_sig 000003d3, data_sig ffffff30, bytes_mixed 20 de716d2a 6c4757e1
[    6.308049] random 0000 0000 0000 a7c511e1 f90ea457: rand_read_num 31 get_random_bytes(16): sig 0000009a a7c511e1 f90ea457
[    6.308051] random 0000 0000 0000 a7c511e1 f90ea457: extract_entropy(.. 16 ..)
[    6.308054] random 0000 0000 0000 a7c511e1 f90ea457: going to reseed nonblocking with 128 bits (128 of 0 requested)
[    6.308056] random 0000 0000 0000 a7c511e1 f90ea457: extract_entropy(.. 16 ..)
[    6.308058] random 0000 0000 0000 a7c511e1 f90ea457: trying to extract 128 bits from input
[    6.308060] random 0000 0000 0000 a7c511e1 f90ea457: debiting 0 entropy credits from input
[    6.308062] random 0000 0000 0000 a7c511e1 f90ea457: extract_entropy account returned: 0 
[    6.308065] random 0000 0000 0000 a7c511e1 f90ea457: urand_change_num 107 xfer_secondary_pool(16): pool_sig 0000009a, data_sig 00000000, bytes_mixed 0 a7c511e1 f90ea457
[    6.308068] random 0000 0000 0000 a7c511e1 f90ea457: trying to extract 128 bits from nonblocking
[    6.308071] random 0000 0000 0000 a7c511e1 f90ea457: debiting 128 entropy credits from nonblocking (unlimited)
[    6.308073] random 0000 0000 0000 a7c511e1 f90ea457: extract_entropy account returned: 16 
[    6.308077] random 0000 0000 0000 a7c511e1 f90ea457: urand_change_num 108 extract_buf: pool_sig 0000009a, data_sig 000000e0, bytes_mixed 20 a7c511e1 f90ea457
[    6.308086] random 0000 0000 0000 7c18c7e6 d65ccb06: urand_change_num 109 extract_buf: pool_sig fffffa79, data_sig 000000e0, bytes_mixed 20 7c18c7e6 d65ccb06
[    6.308665] random 0000 0000 0000 7c18c7e6 d65ccb06: rand_read_num 32 get_random_bytes(16): sig fffffe1e 7c18c7e6 d65ccb06
[    6.308667] random 0000 0000 0000 7c18c7e6 d65ccb06: extract_entropy(.. 16 ..)
[    6.308670] random 0000 0000 0000 7c18c7e6 d65ccb06: going to reseed nonblocking with 128 bits (128 of 0 requested)
[    6.308672] random 0000 0000 0000 7c18c7e6 d65ccb06: extract_entropy(.. 16 ..)
[    6.308674] random 0000 0000 0000 7c18c7e6 d65ccb06: trying to extract 128 bits from input
[    6.308676] random 0000 0000 0000 7c18c7e6 d65ccb06: debiting 0 entropy credits from input
[    6.308678] random 0000 0000 0000 7c18c7e6 d65ccb06: extract_entropy account returned: 0 
[    6.308681] random 0000 0000 0000 7c18c7e6 d65ccb06: urand_change_num 110 xfer_secondary_pool(16): pool_sig fffffe1e, data_sig 00000000, bytes_mixed 0 7c18c7e6 d65ccb06
[    6.308684] random 0000 0000 0000 7c18c7e6 d65ccb06: trying to extract 128 bits from nonblocking
[    6.308687] random 0000 0000 0000 7c18c7e6 d65ccb06: debiting 128 entropy credits from nonblocking (unlimited)
[    6.308689] random 0000 0000 0000 7c18c7e6 d65ccb06: extract_entropy account returned: 16 
