[    0.000000] random 0000 0000 0000 00000000 00000000: rand_read_num 1 get_random_bytes(8): sig 00000000 00000000 00000000
[    0.000000] random 0000 0000 0000 00000000 00000000: extract_entropy(.. 8 ..)
[    0.000000] random 0000 0000 0000 00000000 00000000: going to reseed nonblocking with 64 bits (64 of 0 requested)
[    0.000000] random 0000 0000 0000 00000000 00000000: extract_entropy(.. 8 ..)
[    0.000000] random 0000 0000 0000 00000000 00000000: trying to extract 64 bits from input
[    0.000000] random 0000 0000 0000 00000000 00000000: debiting 0 entropy credits from input
[    0.000000] random 0000 0000 0000 00000000 00000000: extract_entropy account returned: 0 
[    0.000000] random 0000 0000 0000 00000000 00000000: urand_change_num 1 xfer_secondary_pool(8): pool_sig 00000000, data_sig 00000000, bytes_mixed 0 00000000 00000000
[    0.000000] random 0000 0000 0000 00000000 00000000: trying to extract 64 bits from nonblocking
[    0.000000] random 0000 0000 0000 00000000 00000000: debiting 64 entropy credits from nonblocking (unlimited)
[    0.000000] random 0000 0000 0000 00000000 00000000: extract_entropy account returned: 8 
[    0.000000] random 0000 0000 0000 00000000 00000000: urand_change_num 2 extract_buf: pool_sig 00000000, data_sig fffffff9, bytes_mixed 20 00000000 00000000
[    0.000000] Linux version 2.6.32.57 (dcashman@dcashman-02) (gcc version 4.3.3 (GCC) ) #3 Fri May 24 04:27:34 PDT 2013
[    0.000000] KERNEL supported cpus:
[    0.000000]   Intel GenuineIntel
[    0.000000]   AMD AuthenticAMD
[    0.000000]   NSC Geode by NSC
[    0.000000]   Cyrix CyrixInstead
[    0.000000]   Centaur CentaurHauls
[    0.000000]   Transmeta GenuineTMx86
[    0.000000]   Transmeta TransmetaCPU
[    0.000000]   UMC UMC UMC UMC
[    0.000000] BIOS-provided physical RAM map:
[    0.000000]  BIOS-e820: 0000000000000000 - 000000000009d800 (usable)
[    0.000000]  BIOS-e820: 000000000009d800 - 00000000000a0000 (reserved)
[    0.000000]  BIOS-e820: 00000000000d2000 - 00000000000d4000 (reserved)
[    0.000000]  BIOS-e820: 00000000000e0000 - 0000000000100000 (reserved)
[    0.000000]  BIOS-e820: 0000000000100000 - 000000003d6b0000 (usable)
[    0.000000]  BIOS-e820: 000000003d6b0000 - 000000003d6cc000 (ACPI data)
[    0.000000]  BIOS-e820: 000000003d6cc000 - 000000003d700000 (ACPI NVS)
[    0.000000]  BIOS-e820: 000000003d700000 - 000000003e000000 (reserved)
[    0.000000]  BIOS-e820: 00000000f0000000 - 00000000f4000000 (reserved)
[    0.000000]  BIOS-e820: 00000000fec00000 - 00000000fec10000 (reserved)
[    0.000000]  BIOS-e820: 00000000fed00000 - 00000000fed00400 (reserved)
[    0.000000]  BIOS-e820: 00000000fed14000 - 00000000fed1a000 (reserved)
[    0.000000]  BIOS-e820: 00000000fed1c000 - 00000000fed90000 (reserved)
[    0.000000]  BIOS-e820: 00000000fee00000 - 00000000fee01000 (reserved)
[    0.000000]  BIOS-e820: 00000000ff000000 - 0000000100000000 (reserved)
[    0.000000] DMI present.
[    0.000000] last_pfn = 0x3d6b0 max_arch_pfn = 0x100000
[    0.000000] MTRR default type: uncachable
[    0.000000] MTRR fixed ranges enabled:
[    0.000000]   00000-9FFFF write-back
[    0.000000]   A0000-BFFFF uncachable
[    0.000000]   C0000-CFFFF write-protect
[    0.000000]   D0000-DFFFF uncachable
[    0.000000]   E0000-FFFFF write-protect
[    0.000000] MTRR variable ranges enabled:
[    0.000000]   0 base 03E000000 mask FFE000000 uncachable
[    0.000000]   1 base 000000000 mask FC0000000 write-back
[    0.000000]   2 base 03D700000 mask FFFF00000 uncachable
[    0.000000]   3 base 03D800000 mask FFF800000 uncachable
[    0.000000]   4 disabled
[    0.000000]   5 disabled
[    0.000000]   6 disabled
[    0.000000]   7 disabled
[    0.000000] initial memory mapped : 0 - 02000000
[    0.000000] init_memory_mapping: 0000000000000000-00000000377fe000
[    0.000000]  0000000000 - 0000400000 page 4k
[    0.000000]  0000400000 - 0037400000 page 2M
[    0.000000]  0037400000 - 00377fe000 page 4k
[    0.000000] kernel direct mapping tables up to 377fe000 @ 7000-c000
[    0.000000] ACPI: RSDP 000f68d0 00024 (v02 LENOVO)
[    0.000000] ACPI: XSDT 3d6bb77f 00094 (v01 LENOVO TP-7L    00002170  LTP 00000000)
[    0.000000] ACPI: FACP 3d6bb900 000F4 (v03 LENOVO TP-7L    00002170 LNVO 00000001)
[    0.000000] ACPI Warning: 32/64X length mismatch in Gpe1Block: 0/32 (20090903/tbfadt-526)
[    0.000000] ACPI Warning: Optional field Gpe1Block has zero address or length: 000000000000102C/0 (20090903/tbfadt-557)
[    0.000000] ACPI: DSDT 3d6bbd1d 0FED1 (v01 LENOVO TP-7L    00002170 MSFT 03000000)
[    0.000000] ACPI: FACS 3d6e4000 00040
[    0.000000] ACPI: SSDT 3d6bbab4 00269 (v01 LENOVO TP-7L    00002170 MSFT 03000000)
[    0.000000] ACPI: ECDT 3d6cbbee 00052 (v01 LENOVO TP-7L    00002170 LNVO 00000001)
[    0.000000] ACPI: TCPA 3d6cbc40 00032 (v02 LENOVO TP-7L    00002170 LNVO 00000001)
[    0.000000] ACPI: APIC 3d6cbc72 00068 (v01 LENOVO TP-7L    00002170 LNVO 00000001)
[    0.000000] ACPI: MCFG 3d6cbcda 0003C (v01 LENOVO TP-7L    00002170 LNVO 00000001)
[    0.000000] ACPI: HPET 3d6cbd16 00038 (v01 LENOVO TP-7L    00002170 LNVO 00000001)
[    0.000000] ACPI: SLIC 3d6cbdf0 00176 (v01 LENOVO TP-7L    00002170  LTP 00000000)
[    0.000000] ACPI: BOOT 3d6cbf66 00028 (v01 LENOVO TP-7L    00002170  LTP 00000001)
[    0.000000] ACPI: ASF! 3d6cbf8e 00072 (v16 LENOVO TP-7L    00002170 PTL  00000001)
[    0.000000] ACPI: SSDT 3d6e26d9 0025F (v01 LENOVO TP-7L    00002170 INTL 20050513)
[    0.000000] ACPI: SSDT 3d6e2938 000A6 (v01 LENOVO TP-7L    00002170 INTL 20050513)
[    0.000000] ACPI: SSDT 3d6e29de 004F7 (v01 LENOVO TP-7L    00002170 INTL 20050513)
[    0.000000] ACPI: SSDT 3d6e2ed5 001D8 (v01 LENOVO TP-7L    00002170 INTL 20050513)
[    0.000000] ACPI: DMI detected: Lenovo ThinkPad R61
[    0.000000] ACPI: Added _OSI(Linux)
[    0.000000] ACPI: Local APIC address 0xfee00000
[    0.000000] 94MB HIGHMEM available.
[    0.000000] 887MB LOWMEM available.
[    0.000000]   mapped low ram: 0 - 377fe000
[    0.000000]   low ram: 0 - 377fe000
[    0.000000]   node 0 low ram: 00000000 - 377fe000
[    0.000000]   node 0 bootmap 00008000 - 0000ef00
[    0.000000] (6 early reservations) ==> bootmem [0000000000 - 00377fe000]
[    0.000000]   #0 [0000000000 - 0000001000]   BIOS data page ==> [0000000000 - 0000001000]
[    0.000000]   #1 [0001000000 - 0001bdc180]    TEXT DATA BSS ==> [0001000000 - 0001bdc180]
[    0.000000]   #2 [000009d800 - 0000100000]    BIOS reserved ==> [000009d800 - 0000100000]
[    0.000000]   #3 [0001bdd000 - 0001be516c]              BRK ==> [0001bdd000 - 0001be516c]
[    0.000000]   #4 [0000007000 - 0000008000]          PGTABLE ==> [0000007000 - 0000008000]
[    0.000000]   #5 [0000008000 - 000000f000]          BOOTMAP ==> [0000008000 - 000000f000]
[    0.000000] found SMP MP-table at [c00f6900] f6900
[    0.000000] Zone PFN ranges:
[    0.000000]   DMA      0x00000000 -> 0x00001000
[    0.000000]   Normal   0x00001000 -> 0x000377fe
[    0.000000]   HighMem  0x000377fe -> 0x0003d6b0
[    0.000000] Movable zone start PFN for each node
[    0.000000] early_node_map[2] active PFN ranges
[    0.000000]     0: 0x00000000 -> 0x0000009d
[    0.000000]     0: 0x00000100 -> 0x0003d6b0
[    0.000000] On node 0 totalpages: 251469
[    0.000000] free_area_init_node: node 0, pgdat c1901ea0, node_mem_map c1be7000
[    0.000000]   DMA zone: 32 pages used for memmap
[    0.000000]   DMA zone: 0 pages reserved
[    0.000000]   DMA zone: 3965 pages, LIFO batch:0
[    0.000000]   Normal zone: 1744 pages used for memmap
[    0.000000]   Normal zone: 221486 pages, LIFO batch:31
[    0.000000]   HighMem zone: 190 pages used for memmap
[    0.000000]   HighMem zone: 24052 pages, LIFO batch:3
[    0.000000] Using APIC driver default
[    0.000000] ACPI: PM-Timer IO Port: 0x1008
[    0.000000] ACPI: Local APIC address 0xfee00000
[    0.000000] ACPI: LAPIC (acpi_id[0x00] lapic_id[0x00] enabled)
[    0.000000] ACPI: LAPIC (acpi_id[0x01] lapic_id[0x01] enabled)
[    0.000000] ACPI: NR_CPUS/possible_cpus limit of 1 reached.  Processor 1/0x1 ignored.
[    0.000000] ACPI: LAPIC_NMI (acpi_id[0x00] high edge lint[0x1])
[    0.000000] ACPI: LAPIC_NMI (acpi_id[0x01] high edge lint[0x1])
[    0.000000] ACPI: IOAPIC (id[0x01] address[0xfec00000] gsi_base[0])
[    0.000000] IOAPIC[0]: apic_id 1, version 32, address 0xfec00000, GSI 0-23
[    0.000000] ACPI: INT_SRC_OVR (bus 0 bus_irq 0 global_irq 2 dfl dfl)
[    0.000000] ACPI: INT_SRC_OVR (bus 0 bus_irq 9 global_irq 9 high level)
[    0.000000] ACPI: IRQ0 used by override.
[    0.000000] ACPI: IRQ2 used by override.
[    0.000000] ACPI: IRQ9 used by override.
[    0.000000] Using ACPI (MADT) for SMP configuration information
[    0.000000] ACPI: HPET id: 0x8086a201 base: 0xfed00000
[    0.000000] nr_irqs_gsi: 24
[    0.000000] PM: Registered nosave memory: 000000000009d000 - 000000000009e000
[    0.000000] PM: Registered nosave memory: 000000000009e000 - 00000000000a0000
[    0.000000] PM: Registered nosave memory: 00000000000a0000 - 00000000000d2000
[    0.000000] PM: Registered nosave memory: 00000000000d2000 - 00000000000d4000
[    0.000000] PM: Registered nosave memory: 00000000000d4000 - 00000000000e0000
[    0.000000] PM: Registered nosave memory: 00000000000e0000 - 0000000000100000
[    0.000000] Allocating PCI resources starting at 3e000000 (gap: 3e000000:b2000000)
[    0.000000] Built 1 zonelists in Zone order, mobility grouping on.  Total pages: 249503
[    0.000000] Kernel command line: auto BOOT_IMAGE=Linux ro root=802 vt.default_utf8=0 maxcpus=0
[    0.000000] PID hash table entries: 4096 (order: 2, 16384 bytes)
[    0.000000] Dentry cache hash table entries: 131072 (order: 7, 524288 bytes)
[    0.000000] Inode-cache hash table entries: 65536 (order: 6, 262144 bytes)
[    0.000000] Enabling fast FPU save and restore... done.
[    0.000000] Enabling unmasked SIMD FPU exception support... done.
[    0.000000] Initializing CPU#0
[    0.000000] Initializing HighMem for node 0 (000377fe:0003d6b0)
[    0.000000] Memory: 984800k/1006272k available (6914k kernel code, 20876k reserved, 2328k data, 448k init, 96968k highmem)
[    0.000000] virtual kernel memory layout:
[    0.000000]     fixmap  : 0xfffa3000 - 0xfffff000   ( 368 kB)
[    0.000000]     pkmap   : 0xff800000 - 0xffc00000   (4096 kB)
[    0.000000]     vmalloc : 0xf7ffe000 - 0xff7fe000   ( 120 MB)
[    0.000000]     lowmem  : 0xc0000000 - 0xf77fe000   ( 887 MB)
[    0.000000]       .init : 0xc1907000 - 0xc1977000   ( 448 kB)
[    0.000000]       .data : 0xc16c0b5f - 0xc1906c64   (2328 kB)
[    0.000000]       .text : 0xc1000000 - 0xc16c0b5f   (6914 kB)
[    0.000000] Checking if this processor honours the WP bit even in supervisor mode...Ok.
[    0.000000] SLUB: Genslabs=13, HWalign=64, Order=0-3, MinObjects=0, CPUs=1, Nodes=1
[    0.000000] Hierarchical RCU implementation.
[    0.000000] NR_IRQS:288
[    0.000000] Extended CMOS year: 2000
[    0.000000] Console: colour VGA+ 80x25
[    0.000000] console [tty0] enabled
[    0.000000] hpet clockevent registered
[    0.000000] Fast TSC calibration using PIT
[    0.000000] Detected 2095.031 MHz processor.
[    0.002001] Calibrating delay loop (skipped), value calculated using timer frequency.. 4190.06 BogoMIPS (lpj=2095031)
[    0.002172] Security Framework initialized
[    0.002253] Mount-cache hash table entries: 512
[    0.002400] CPU: L1 I cache: 32K, L1 D cache: 32K
[    0.002528] CPU: L2 cache: 3072K
[    0.002610] mce: CPU supports 6 MCE banks
[    0.002692] CPU0: Thermal monitoring enabled (TM2)
[    0.002774] using mwait in idle threads.
[    0.002858] CPU: Intel(R) Core(TM)2 Duo CPU     T8100  @ 2.10GHz stepping 06
[    0.003077] Checking 'hlt' instruction... OK.
[    0.007935] ACPI: Core revision 20090903
[    0.027018] CANARY value: 2274d694 for PID: 1
[    0.027047] Enabling APIC mode:  Flat.  Using 1 I/O APICs
[    0.027503] ..TIMER: vector=0x30 apic1=0 pin1=2 apic2=-1 pin2=-1
[    0.037997] xor: automatically using best checksumming function: pIII_sse
[    0.041998]    pIII_sse  :  8568.000 MB/sec
[    0.042078] xor: using function: pIII_sse (8568.000 MB/sec)
[    0.042164] RANDOM - __seed init called.
[    0.042165] RANDOM - __seed init called.
[    0.042166] RANDOM - __seed init called.
[    0.042168] RANDOM - __random32 called. Change num 1.  Value: f7943846	49e73df3	af36cd0d
[    0.042169] RANDOM - __random32 called. Change num 2.  Value: 43846e13	9e73df37	9a1ad014
[    0.042171] RANDOM - __random32 called. Change num 3.  Value: 46e139c8	e73df373	a029598a
[    0.042173] RANDOM - __random32 called. Change num 4.  Value: 139c8c3b	73df373d	b3142c72
[    0.042175] RANDOM - __random32 called. Change num 5.  Value: c8c3b043	3df373de	58e576a9
[    0.042176] RANDOM - __random32 called. Change num 6.  Value: 3b0437d9	df373de5	ed53f9d8
[    0.042178] RANDOM - random32 init called.  Value: 3b0437d9	df373de5	ed53f9d8
[    0.042195] NET: Registered protocol family 16
[    0.042448] ACPI FADT declares the system doesn't support PCIe ASPM, so disable it
[    0.042567] ACPI: bus type pci registered
[    0.042741] PCI: MCFG configuration 0: base f0000000 segment 0 buses 0 - 63
[    0.042823] PCI: MCFG area at f0000000 reserved in E820
[    0.042903] PCI: Using MMCONFIG for extended config space
[    0.042983] PCI: Using configuration type 1 for base access
[    0.046080] bio: create slab <bio-0> at 0
[    0.046883] ACPI: EC: EC description table is found, configuring boot EC
[    0.052024] ACPI: BIOS _OSI(Linux) query honored via DMI
[    0.052735] random 0000 0000 0000 00000000 00000000: rand_read_num 2 get_random_bytes(8): sig fffffe1a 00000000 00000000
[    0.052738] random 0000 0000 0000 00000000 00000000: extract_entropy(.. 8 ..)
[    0.052741] random 0000 0000 0000 00000000 00000000: going to reseed nonblocking with 64 bits (64 of 0 requested)
[    0.052743] random 0000 0000 0000 00000000 00000000: extract_entropy(.. 8 ..)
[    0.052745] random 0000 0000 0000 00000000 00000000: trying to extract 64 bits from input
[    0.052747] random 0000 0000 0000 00000000 00000000: debiting 0 entropy credits from input
[    0.052749] random 0000 0000 0000 00000000 00000000: extract_entropy account returned: 0 
[    0.052778] random 0000 0000 0000 00000000 00000000: urand_change_num 3 xfer_secondary_pool(8): pool_sig fffffe1a, data_sig 00000000, bytes_mixed 0 00000000 00000000
[    0.052781] random 0000 0000 0000 00000000 00000000: trying to extract 64 bits from nonblocking
[    0.052784] random 0000 0000 0000 00000000 00000000: debiting 64 entropy credits from nonblocking (unlimited)
[    0.052786] random 0000 0000 0000 00000000 00000000: extract_entropy account returned: 8 
[    0.052790] random 0000 0000 0000 00000000 00000000: urand_change_num 4 extract_buf: pool_sig fffffe1a, data_sig fffffed7, bytes_mixed 20 00000000 00000000
[    0.057500] ACPI: Interpreter enabled
[    0.057579] ACPI: (supports S0 S3 S4 S5)
[    0.057873] ACPI: Using IOAPIC for interrupt routing
[    0.067608] ACPI: EC: GPE = 0x12, I/O: command/status = 0x66, data = 0x62
[    0.067883] ACPI: Power Resource [PUBS] (on)
[    0.070058] ACPI: ACPI Dock Station Driver: 3 docks/bays found
[    0.070459] ACPI: PCI Root Bridge [PCI0] (0000:00)
[    0.070626] pci 0000:00:02.0: reg 10 64bit mmio: [0xf8100000-0xf81fffff]
[    0.070631] pci 0000:00:02.0: reg 18 64bit mmio pref: [0xe0000000-0xefffffff]
[    0.070635] pci 0000:00:02.0: reg 20 io port: [0x1800-0x1807]
[    0.070670] pci 0000:00:02.1: reg 10 64bit mmio: [0xf8200000-0xf82fffff]
[    0.070771] pci 0000:00:19.0: reg 10 32bit mmio: [0xfe000000-0xfe01ffff]
[    0.070778] pci 0000:00:19.0: reg 14 32bit mmio: [0xfe025000-0xfe025fff]
[    0.070787] pci 0000:00:19.0: reg 18 io port: [0x1840-0x185f]
[    0.070868] pci 0000:00:19.0: PME# supported from D0 D3hot D3cold
[    0.070954] pci 0000:00:19.0: PME# disabled
[    0.071059] pci 0000:00:1a.0: reg 20 io port: [0x1860-0x187f]
[    0.071128] pci 0000:00:1a.1: reg 20 io port: [0x1880-0x189f]
[    0.071220] pci 0000:00:1a.7: reg 10 32bit mmio: [0xfe226c00-0xfe226fff]
[    0.071309] pci 0000:00:1a.7: PME# supported from D0 D3hot D3cold
[    0.071396] pci 0000:00:1a.7: PME# disabled
[    0.071524] pci 0000:00:1b.0: reg 10 64bit mmio: [0xfe020000-0xfe023fff]
[    0.071608] pci 0000:00:1b.0: PME# supported from D0 D3hot D3cold
[    0.071699] pci 0000:00:1b.0: PME# disabled
[    0.071893] pci 0000:00:1c.0: PME# supported from D0 D3hot D3cold
[    0.071997] pci 0000:00:1c.0: PME# disabled
[    0.072185] pci 0000:00:1c.1: PME# supported from D0 D3hot D3cold
[    0.072272] pci 0000:00:1c.1: PME# disabled
[    0.072475] pci 0000:00:1c.2: PME# supported from D0 D3hot D3cold
[    0.072569] pci 0000:00:1c.2: PME# disabled
[    0.072768] pci 0000:00:1c.3: PME# supported from D0 D3hot D3cold
[    0.072858] pci 0000:00:1c.3: PME# disabled
[    0.073119] pci 0000:00:1c.4: PME# supported from D0 D3hot D3cold
[    0.073212] pci 0000:00:1c.4: PME# disabled
[    0.073360] pci 0000:00:1d.0: reg 20 io port: [0x18a0-0x18bf]
[    0.074065] pci 0000:00:1d.1: reg 20 io port: [0x18c0-0x18df]
[    0.074146] pci 0000:00:1d.2: reg 20 io port: [0x18e0-0x18ff]
[    0.074241] pci 0000:00:1d.7: reg 10 32bit mmio: [0xfe227000-0xfe2273ff]
[    0.074339] pci 0000:00:1d.7: PME# supported from D0 D3hot D3cold
[    0.074424] pci 0000:00:1d.7: PME# disabled
[    0.074703] pci 0000:00:1f.0: quirk: region 1000-107f claimed by ICH6 ACPI/GPIO/TCO
[    0.074822] pci 0000:00:1f.0: quirk: region 1180-11bf claimed by ICH6 GPIO
[    0.074907] pci 0000:00:1f.0: ICH7 LPC Generic IO decode 1 PIO at 1600 (mask 007f)
[    0.074998] pci 0000:00:1f.0: ICH7 LPC Generic IO decode 2 PIO at 15e0 (mask 000f)
[    0.075113] pci 0000:00:1f.0: ICH7 LPC Generic IO decode 3 PIO at 1680 (mask 001f)
[    0.075301] pci 0000:00:1f.1: reg 10 io port: [0x00-0x07]
[    0.075310] pci 0000:00:1f.1: reg 14 io port: [0x00-0x03]
[    0.075317] pci 0000:00:1f.1: reg 18 io port: [0x00-0x07]
[    0.075326] pci 0000:00:1f.1: reg 1c io port: [0x00-0x03]
[    0.075337] pci 0000:00:1f.1: reg 20 io port: [0x1c00-0x1c0f]
[    0.075422] pci 0000:00:1f.2: reg 10 io port: [0x1c50-0x1c57]
[    0.075431] pci 0000:00:1f.2: reg 14 io port: [0x1c44-0x1c47]
[    0.075440] pci 0000:00:1f.2: reg 18 io port: [0x1c48-0x1c4f]
[    0.075447] pci 0000:00:1f.2: reg 1c io port: [0x1c40-0x1c43]
[    0.075455] pci 0000:00:1f.2: reg 20 io port: [0x1c20-0x1c3f]
[    0.075464] pci 0000:00:1f.2: reg 24 32bit mmio: [0xfe226000-0xfe2267ff]
[    0.075522] pci 0000:00:1f.2: PME# supported from D3hot
[    0.075606] pci 0000:00:1f.2: PME# disabled
[    0.075715] pci 0000:00:1f.3: reg 10 32bit mmio: [0xfe227400-0xfe2274ff]
[    0.075740] pci 0000:00:1f.3: reg 20 io port: [0x1c60-0x1c7f]
[    0.075831] pci 0000:00:1c.0: bridge io port: [0x2000-0x2fff]
[    0.075835] pci 0000:00:1c.0: bridge 32bit mmio: [0xfc000000-0xfdffffff]
[    0.075842] pci 0000:00:1c.0: bridge 64bit mmio pref: [0xf8000000-0xf80fffff]
[    0.075914] pci 0000:03:00.0: reg 10 64bit mmio: [0xdf3f0000-0xdf3fffff]
[    0.076153] pci 0000:00:1c.1: bridge io port: [0x3000-0x3fff]
[    0.076159] pci 0000:00:1c.1: bridge 32bit mmio: [0xdc000000-0xdf3fffff]
[    0.076166] pci 0000:00:1c.1: bridge 64bit mmio pref: [0xdfe00000-0xdfefffff]
[    0.076222] pci 0000:00:1c.2: bridge io port: [0x4000-0x4fff]
[    0.076229] pci 0000:00:1c.2: bridge 32bit mmio: [0xd8000000-0xd9ffffff]
[    0.076238] pci 0000:00:1c.2: bridge 64bit mmio pref: [0xdfb00000-0xdfbfffff]
[    0.076303] pci 0000:00:1c.3: bridge io port: [0x5000-0x5fff]
[    0.076308] pci 0000:00:1c.3: bridge 32bit mmio: [0xd4000000-0xd5ffffff]
[    0.076317] pci 0000:00:1c.3: bridge 64bit mmio pref: [0xdf800000-0xdf8fffff]
[    0.076376] pci 0000:00:1c.4: bridge io port: [0x6000-0x6fff]
[    0.076382] pci 0000:00:1c.4: bridge 32bit mmio: [0xd0000000-0xd1ffffff]
[    0.076392] pci 0000:00:1c.4: bridge 64bit mmio pref: [0xdf500000-0xdf5fffff]
[    0.076450] pci 0000:15:00.0: reg 10 32bit mmio: [0xf8300000-0xf8300fff]
[    0.076500] pci 0000:15:00.0: supports D1 D2
[    0.076502] pci 0000:15:00.0: PME# supported from D0 D1 D2 D3hot D3cold
[    0.076598] pci 0000:15:00.0: PME# disabled
[    0.076727] pci 0000:15:00.1: reg 10 32bit mmio: [0xf8301000-0xf83017ff]
[    0.076822] pci 0000:15:00.1: supports D1 D2
[    0.076824] pci 0000:15:00.1: PME# supported from D0 D1 D2 D3hot D3cold
[    0.076912] pci 0000:15:00.1: PME# disabled
[    0.077084] pci 0000:00:1e.0: transparent bridge
[    0.077166] pci 0000:00:1e.0: bridge io port: [0x7000-0xafff]
[    0.077172] pci 0000:00:1e.0: bridge 32bit mmio: [0xf8300000-0xfbffffff]
[    0.077182] pci 0000:00:1e.0: bridge 64bit mmio pref: [0xf4000000-0xf7ffffff]
[    0.077246] pci_bus 0000:00: on NUMA node 0
[    0.077250] ACPI: PCI Interrupt Routing Table [\_SB_.PCI0._PRT]
[    0.077383] ACPI: PCI Interrupt Routing Table [\_SB_.PCI0.EXP0._PRT]
[    0.077442] ACPI: PCI Interrupt Routing Table [\_SB_.PCI0.EXP1._PRT]
[    0.077499] ACPI: PCI Interrupt Routing Table [\_SB_.PCI0.EXP2._PRT]
[    0.077557] ACPI: PCI Interrupt Routing Table [\_SB_.PCI0.EXP3._PRT]
[    0.077619] ACPI: PCI Interrupt Routing Table [\_SB_.PCI0.EXP4._PRT]
[    0.077681] ACPI: PCI Interrupt Routing Table [\_SB_.PCI0.PCI1._PRT]
[    0.083130] ACPI: PCI Interrupt Link [LNKA] (IRQs 3 4 5 6 7 9 *10 11)
[    0.083868] ACPI: PCI Interrupt Link [LNKB] (IRQs 3 4 5 6 7 9 10 *11)
[    0.084594] ACPI: PCI Interrupt Link [LNKC] (IRQs 3 4 5 6 7 9 10 *11)
[    0.085328] ACPI: PCI Interrupt Link [LNKD] (IRQs 3 4 5 6 7 9 10 *11)
[    0.086090] ACPI: PCI Interrupt Link [LNKE] (IRQs 3 4 5 6 7 9 10 *11)
[    0.086807] ACPI: PCI Interrupt Link [LNKF] (IRQs 3 4 5 6 7 9 10 *11)
[    0.087505] ACPI: PCI Interrupt Link [LNKG] (IRQs 3 4 5 6 7 9 10 *11)
[    0.088242] ACPI: PCI Interrupt Link [LNKH] (IRQs 3 4 5 6 7 9 10 *11)
[    0.088925] vgaarb: device added: PCI:0000:00:02.0,decodes=io+mem,owns=io+mem,locks=none
[    0.089002] vgaarb: loaded
[    0.089173] SCSI subsystem initialized
[    0.089268] libata version 3.00 loaded.
[    0.089316] usbcore: registered new interface driver usbfs
[    0.089439] usbcore: registered new interface driver hub
[    0.089542] usbcore: registered new device driver usb
[    0.106040] raid6: int32x1    941 MB/s
[    0.123059] raid6: int32x2    890 MB/s
[    0.139987] raid6: int32x4    746 MB/s
[    0.156991] raid6: int32x8    656 MB/s
[    0.173989] raid6: mmxx1     2878 MB/s
[    0.190982] raid6: mmxx2     3269 MB/s
[    0.207990] raid6: sse1x1    1937 MB/s
[    0.224998] raid6: sse1x2    2535 MB/s
[    0.241987] raid6: sse2x1    3511 MB/s
[    0.258985] raid6: sse2x2    3828 MB/s
[    0.259066] raid6: using algorithm sse2x2 (3828 MB/s)
[    0.259149] PCI: Using ACPI for IRQ routing
[    0.259442] HPET: 3 timers in total, 0 timers will be used for per-cpu timer
[    0.259990] Switching to clocksource tsc
[    0.260081] pnp: PnP ACPI init
[    0.260167] ACPI: bus type pnp registered
[    0.263840] pnp: PnP ACPI: found 11 devices
[    0.263944] ACPI: ACPI bus type pnp unregistered
[    0.264030] system 00:00: iomem range 0x0-0x9ffff could not be reserved
[    0.264122] system 00:00: iomem range 0xc0000-0xc3fff could not be reserved
[    0.264208] system 00:00: iomem range 0xc4000-0xc7fff could not be reserved
[    0.264296] system 00:00: iomem range 0xc8000-0xcbfff has been reserved
[    0.264385] system 00:00: iomem range 0xcc000-0xcffff has been reserved
[    0.264470] system 00:00: iomem range 0xd0000-0xd3fff could not be reserved
[    0.264558] system 00:00: iomem range 0xe0000-0xe3fff could not be reserved
[    0.264640] system 00:00: iomem range 0xe4000-0xe7fff could not be reserved
[    0.264728] system 00:00: iomem range 0xe8000-0xebfff could not be reserved
[    0.264811] system 00:00: iomem range 0xec000-0xeffff could not be reserved
[    0.264907] system 00:00: iomem range 0xf0000-0xfffff could not be reserved
[    0.264993] system 00:00: iomem range 0x100000-0x3dffffff could not be reserved
[    0.265115] system 00:00: iomem range 0xfec00000-0xfed3ffff could not be reserved
[    0.265236] system 00:00: iomem range 0xfed4c000-0xffffffff could not be reserved
[    0.265350] system 00:02: ioport range 0x164e-0x164f has been reserved
[    0.265434] system 00:02: ioport range 0x1000-0x107f has been reserved
[    0.265523] system 00:02: ioport range 0x1180-0x11bf has been reserved
[    0.265614] system 00:02: ioport range 0x800-0x80f has been reserved
[    0.265708] system 00:02: ioport range 0x15e0-0x15ef has been reserved
[    0.265790] system 00:02: ioport range 0x1600-0x165f could not be reserved
[    0.265885] system 00:02: iomem range 0xf0000000-0xf3ffffff has been reserved
[    0.265972] system 00:02: iomem range 0xfed1c000-0xfed1ffff has been reserved
[    0.266055] system 00:02: iomem range 0xfed14000-0xfed17fff has been reserved
[    0.266137] system 00:02: iomem range 0xfed18000-0xfed18fff has been reserved
[    0.266226] system 00:02: iomem range 0xfed19000-0xfed19fff has been reserved
[    0.266326] system 00:02: iomem range 0xfed45000-0xfed4bfff has been reserved
[    0.301353] pci 0000:00:1c.0: PCI bridge, secondary bus 0000:02
[    0.301435] pci 0000:00:1c.0:   IO window: 0x2000-0x2fff
[    0.301527] pci 0000:00:1c.0:   MEM window: 0xfc000000-0xfdffffff
[    0.301621] pci 0000:00:1c.0:   PREFETCH window: 0x000000f8000000-0x000000f80fffff
[    0.301739] pci 0000:00:1c.1: PCI bridge, secondary bus 0000:03
[    0.301819] pci 0000:00:1c.1:   IO window: 0x3000-0x3fff
[    0.301909] pci 0000:00:1c.1:   MEM window: 0xdc000000-0xdf3fffff
[    0.301992] pci 0000:00:1c.1:   PREFETCH window: 0x000000dfe00000-0x000000dfefffff
[    0.302113] pci 0000:00:1c.2: PCI bridge, secondary bus 0000:04
[    0.302195] pci 0000:00:1c.2:   IO window: 0x4000-0x4fff
[    0.302286] pci 0000:00:1c.2:   MEM window: 0xd8000000-0xd9ffffff
[    0.302374] pci 0000:00:1c.2:   PREFETCH window: 0x000000dfb00000-0x000000dfbfffff
[    0.302497] pci 0000:00:1c.3: PCI bridge, secondary bus 0000:05
[    0.302579] pci 0000:00:1c.3:   IO window: 0x5000-0x5fff
[    0.302668] pci 0000:00:1c.3:   MEM window: 0xd4000000-0xd5ffffff
[    0.302751] pci 0000:00:1c.3:   PREFETCH window: 0x000000df800000-0x000000df8fffff
[    0.302881] pci 0000:00:1c.4: PCI bridge, secondary bus 0000:0d
[    0.302968] pci 0000:00:1c.4:   IO window: 0x6000-0x6fff
[    0.303058] pci 0000:00:1c.4:   MEM window: 0xd0000000-0xd1ffffff
[    0.303147] pci 0000:00:1c.4:   PREFETCH window: 0x000000df500000-0x000000df5fffff
[    0.303275] pci 0000:15:00.0: CardBus bridge, secondary bus 0000:16
[    0.303367] pci 0000:15:00.0:   IO window: 0x007000-0x0070ff
[    0.303460] pci 0000:15:00.0:   IO window: 0x007400-0x0074ff
[    0.303544] pci 0000:15:00.0:   PREFETCH window: 0xf4000000-0xf7ffffff
[    0.303634] pci 0000:15:00.0:   MEM window: 0x40000000-0x43ffffff
[    0.303727] pci 0000:00:1e.0: PCI bridge, secondary bus 0000:15
[    0.303812] pci 0000:00:1e.0:   IO window: 0x7000-0xafff
[    0.303901] pci 0000:00:1e.0:   MEM window: 0xf8300000-0xfbffffff
[    0.303990] pci 0000:00:1e.0:   PREFETCH window: 0x000000f4000000-0x000000f7ffffff
[    0.304136] pci 0000:00:1c.0: PCI INT A -> GSI 20 (level, low) -> IRQ 20
[    0.304236] pci 0000:00:1c.0: setting latency timer to 64
[    0.304245] pci 0000:00:1c.1: PCI INT B -> GSI 21 (level, low) -> IRQ 21
[    0.304340] pci 0000:00:1c.1: setting latency timer to 64
[    0.304353] pci 0000:00:1c.2: PCI INT C -> GSI 22 (level, low) -> IRQ 22
[    0.304439] pci 0000:00:1c.2: setting latency timer to 64
[    0.304452] pci 0000:00:1c.3: PCI INT D -> GSI 23 (level, low) -> IRQ 23
[    0.304537] pci 0000:00:1c.3: setting latency timer to 64
[    0.304550] pci 0000:00:1c.4: PCI INT A -> GSI 20 (level, low) -> IRQ 20
[    0.304643] pci 0000:00:1c.4: setting latency timer to 64
[    0.304652] pci 0000:00:1e.0: enabling device (0005 -> 0007)
[    0.304739] pci 0000:00:1e.0: setting latency timer to 64
[    0.304756] pci 0000:15:00.0: PCI INT A -> GSI 16 (level, low) -> IRQ 16
[    0.304856] pci 0000:15:00.0: setting latency timer to 64
[    0.304865] pci_bus 0000:00: resource 0 io:  [0x00-0xffff]
[    0.304867] pci_bus 0000:00: resource 1 mem: [0x000000-0xffffffff]
[    0.304869] pci_bus 0000:02: resource 0 io:  [0x2000-0x2fff]
[    0.304871] pci_bus 0000:02: resource 1 mem: [0xfc000000-0xfdffffff]
[    0.304873] pci_bus 0000:02: resource 2 pref mem [0xf8000000-0xf80fffff]
[    0.304875] pci_bus 0000:03: resource 0 io:  [0x3000-0x3fff]
[    0.304876] pci_bus 0000:03: resource 1 mem: [0xdc000000-0xdf3fffff]
[    0.304878] pci_bus 0000:03: resource 2 pref mem [0xdfe00000-0xdfefffff]
[    0.304880] pci_bus 0000:04: resource 0 io:  [0x4000-0x4fff]
[    0.304882] pci_bus 0000:04: resource 1 mem: [0xd8000000-0xd9ffffff]
[    0.304884] pci_bus 0000:04: resource 2 pref mem [0xdfb00000-0xdfbfffff]
[    0.304886] pci_bus 0000:05: resource 0 io:  [0x5000-0x5fff]
[    0.304887] pci_bus 0000:05: resource 1 mem: [0xd4000000-0xd5ffffff]
[    0.304889] pci_bus 0000:05: resource 2 pref mem [0xdf800000-0xdf8fffff]
[    0.304891] pci_bus 0000:0d: resource 0 io:  [0x6000-0x6fff]
[    0.304893] pci_bus 0000:0d: resource 1 mem: [0xd0000000-0xd1ffffff]
[    0.304894] pci_bus 0000:0d: resource 2 pref mem [0xdf500000-0xdf5fffff]
[    0.304896] pci_bus 0000:15: resource 0 io:  [0x7000-0xafff]
[    0.304898] pci_bus 0000:15: resource 1 mem: [0xf8300000-0xfbffffff]
[    0.304900] pci_bus 0000:15: resource 2 pref mem [0xf4000000-0xf7ffffff]
[    0.304901] pci_bus 0000:15: resource 3 io:  [0x00-0xffff]
[    0.304903] pci_bus 0000:15: resource 4 mem: [0x000000-0xffffffff]
[    0.304905] pci_bus 0000:16: resource 0 io:  [0x7000-0x70ff]
[    0.304907] pci_bus 0000:16: resource 1 io:  [0x7400-0x74ff]
[    0.304908] pci_bus 0000:16: resource 2 pref mem [0xf4000000-0xf7ffffff]
[    0.304910] pci_bus 0000:16: resource 3 mem: [0x40000000-0x43ffffff]
[    0.304918] NET: Registered protocol family 2
[    0.305000] RANDOM - __random32 called. Change num 7.  Value: 437d97bf	f373de51	f3b0f986
[    0.305002] RANDOM - random32 called.  Value: 437d97bf	f373de51	f3b0f986
[    0.305006] random 0000 0000 0000 5f8db4e5 4cfdf2a8: rand_read_num 3 get_random_bytes(4): sig fffffb64 5f8db4e5 4cfdf2a8
[    0.305008] random 0000 0000 0000 5f8db4e5 4cfdf2a8: extract_entropy(.. 4 ..)
[    0.305011] random 0000 0000 0000 5f8db4e5 4cfdf2a8: going to reseed nonblocking with 64 bits (32 of 0 requested)
[    0.305013] random 0000 0000 0000 5f8db4e5 4cfdf2a8: extract_entropy(.. 8 ..)
[    0.305015] random 0000 0000 0000 5f8db4e5 4cfdf2a8: trying to extract 64 bits from input
[    0.305017] random 0000 0000 0000 5f8db4e5 4cfdf2a8: debiting 0 entropy credits from input
[    0.305019] random 0000 0000 0000 5f8db4e5 4cfdf2a8: extract_entropy account returned: 0 
[    0.305022] random 0000 0000 0000 5f8db4e5 4cfdf2a8: urand_change_num 5 xfer_secondary_pool(4): pool_sig fffffb64, data_sig 00000000, bytes_mixed 0 5f8db4e5 4cfdf2a8
[    0.305025] random 0000 0000 0000 5f8db4e5 4cfdf2a8: trying to extract 32 bits from nonblocking
[    0.305027] random 0000 0000 0000 5f8db4e5 4cfdf2a8: debiting 32 entropy credits from nonblocking (unlimited)
[    0.305029] random 0000 0000 0000 5f8db4e5 4cfdf2a8: extract_entropy account returned: 4 
[    0.305033] random 0000 0000 0000 5f8db4e5 4cfdf2a8: urand_change_num 6 extract_buf: pool_sig fffffb64, data_sig 00000241, bytes_mixed 20 5f8db4e5 4cfdf2a8
[    0.305043] IP route cache hash table entries: 32768 (order: 5, 131072 bytes)
[    0.305169] RANDOM - __random32 called. Change num 8.  Value: d97bfe31	373de51f	f30dc6e6
[    0.305170] RANDOM - random32 called.  Value: d97bfe31	373de51f	f30dc6e6
[    0.305181] RANDOM - __random32 called. Change num 9.  Value: bfe314d7	73de51f5	8dcd6c7e
[    0.305182] RANDOM - random32 called.  Value: bfe314d7	73de51f5	8dcd6c7e
[    0.305184] RANDOM - __random32 called. Change num 10.  Value: 314d7baf	3de51f5e	d8fc74c1
[    0.305186] RANDOM - random32 called.  Value: 314d7baf	3de51f5e	d8fc74c1
[    0.305196] RANDOM - __random32 called. Change num 11.  Value: d7baf3c7	de51f5e5	e983e3fa
[    0.305198] RANDOM - random32 called.  Value: d7baf3c7	de51f5e5	e983e3fa
[    0.305207] TCP established hash table entries: 131072 (order: 8, 1048576 bytes)
[    0.305693] TCP bind hash table entries: 65536 (order: 6, 262144 bytes)
[    0.305875] TCP: Hash tables configured (established 131072 bind 65536)
[    0.305961] TCP reno registered
[    0.306057] NET: Registered protocol family 1
[    0.306161] RPC: Registered udp transport module.
[    0.306240] RPC: Registered tcp transport module.
[    0.306327] RPC: Registered tcp NFSv4.1 backchannel transport module.
[    0.306414] pci 0000:00:02.0: Boot video device
[    0.306629] Simple Boot Flag at 0x35 set to 0x1
[    0.307176] highmem bounce pool size: 64 pages
[    0.308670] VFS: Disk quotas dquot_6.5.2
[    0.308787] Dquot-cache hash table entries: 1024 (order 0, 4096 bytes)
[    0.309525] NTFS driver 2.1.29 [Flags: R/W].
[    0.309682] ROMFS MTD (C) 2007 Red Hat, Inc.
[    0.309890] JFS: nTxBlock = 7695, nTxLock = 61562
[    0.312353] SGI XFS with ACLs, security attributes, large block/inode numbers, no debug enabled
[    0.312833] SGI XFS Quota Management subsystem
[    0.313127] Slow work thread pool: Starting up
[    0.313220] Slow work thread pool: Ready
[    0.313305] GFS2 (built May 24 2013 02:47:17) installed
[    0.313391] msgmni has been set to 1734
[    0.313546] alg: No test for cipher_null (cipher_null-generic)
[    0.313638] alg: No test for ecb(cipher_null) (ecb-cipher_null)
[    0.313729] alg: No test for digest_null (digest_null-generic)
[    0.313826] alg: No test for compress_null (compress_null-generic)
[    0.314379] alg: No test for fcrypt (fcrypt-generic)
[    0.315797] alg: No test for stdrng (krng)
[    0.315893] async_tx: api initialized (async)
[    0.316036] Block layer SCSI generic (bsg) driver version 0.4 loaded (major 254)
[    0.316151] io scheduler noop registered
[    0.316235] io scheduler anticipatory registered
[    0.316317] io scheduler deadline registered
[    0.316443] io scheduler cfq registered (default)
[    0.316687] pcieport 0000:00:1c.0: irq 24 for MSI/MSI-X
[    0.316702] pcieport 0000:00:1c.0: setting latency timer to 64
[    0.316904] pcieport 0000:00:1c.1: irq 25 for MSI/MSI-X
[    0.316915] pcieport 0000:00:1c.1: setting latency timer to 64
[    0.317094] pcieport 0000:00:1c.2: irq 26 for MSI/MSI-X
[    0.317106] pcieport 0000:00:1c.2: setting latency timer to 64
[    0.317282] pcieport 0000:00:1c.3: irq 27 for MSI/MSI-X
[    0.317293] pcieport 0000:00:1c.3: setting latency timer to 64
[    0.317470] pcieport 0000:00:1c.4: irq 28 for MSI/MSI-X
[    0.317481] pcieport 0000:00:1c.4: setting latency timer to 64
[    0.317624] pci_hotplug: PCI Hot Plug PCI Core version: 0.5
[    0.317809] isapnp: Scanning for PnP cards...
[    0.678354] isapnp: No Plug & Play device found
[    0.678438] random 0000 0000 0000 5f8db4e5 4cfdf2a8: initializing
[    0.697930] Serial: 8250/16550 driver, 4 ports, IRQ sharing enabled
[    3.708207] floppy0: no floppy controllers found
[    3.709150] brd: module loaded
[    3.709641] loop: module loaded
[    3.709721] Compaq SMART2 Driver (v 2.6.0)
[    3.709852] HP CISS Driver (v 3.6.20)
[    3.710086] input: Macintosh mouse button emulation as /devices/virtual/input/input0
[    3.710220] Uniform Multi-Platform E-IDE driver
[    3.710439] piix 0000:00:1f.1: IDE controller (0x8086:0x2850 rev 0x03)
[    3.710532] pci 0000:00:1f.1: PCI INT C -> GSI 16 (level, low) -> IRQ 16
[    3.710622] piix 0000:00:1f.1: IDE port disabled
[    3.710716] piix 0000:00:1f.1: not 100% native mode: will probe irqs later
[    3.710809]     ide0: BM-DMA at 0x1c00-0x1c07
[    3.710897] Probing IDE interface ide0...
[    4.382294] hda: HL-DT-ST DVDRAM GSA-U10N, ATAPI CD/DVD-ROM drive
[    4.689045] hda: host max PIO4 wanted PIO255(auto-tune) selected PIO4
[    4.689820] hda: UDMA/33 mode selected
[    4.690274] ide0 at 0x1f0-0x1f7,0x3f6 on irq 14
[    4.694136] ide-gd driver 1.18
[    4.694248] ide-cd driver 5.00
[    4.695632] ide-cd: hda: ATAPI 24X DVD-ROM DVD-R/RAM CD-R/RW drive, 2048kB Cache
[    4.696038] Uniform CD-ROM driver Revision: 3.20
[    4.703194] Loading iSCSI transport class v2.0-870.
[    4.703470] rdac: device handler registered
[    4.703552] hp_sw: device handler registered
[    4.703641] emc: device handler registered
[    4.703726] alua: device handler registered
[    4.704703] Adaptec aacraid driver 1.1-5[2461]-ms
[    4.705118] scsi: <fdomain> Detection failed (no card)
[    4.705207] sym53c416.c: Version 1.0.0-ac
[    4.705306] qlogicfas: no cards were found, please specify I/O address and IRQ using iobase= and irq= options
[    4.705422] QLogic Fibre Channel HBA Driver: 8.03.01-k6
[    4.705643] iscsi: registered transport (qla4xxx)
[    4.705743] QLogic iSCSI HBA Driver
[    4.705822] Emulex LightPulse Fibre Channel SCSI driver 8.3.4
[    4.705903] Copyright(c) 2004-2009 Emulex.  All rights reserved.
[    4.728024] Failed initialization of WD-7000 SCSI card!
[    4.817688] DC390: clustering now enabled by default. If you get problems load
[    4.817809]        with "disable_clustering=1" and report to maintainers
[    4.817935] megaraid cmm: 2.20.2.7 (Release Date: Sun Jul 16 00:01:03 EST 2006)
[    4.818081] megaraid: 2.20.5.1 (Release Date: Thu Nov 16 15:32:35 EST 2006)
[    4.818183] megasas: 00.00.04.01 Thu July 24 11:41:51 PST 2008
[    4.818305] GDT-HA: Storage RAID Controller Driver. Version: 3.05
[    4.818450] 3ware Storage Controller device driver for Linux v1.26.02.002.
[    4.818550] 3ware 9000 Storage Controller device driver for Linux v2.26.02.012.
[    4.818683] nsp32: loading...
[    4.818782] ipr: IBM Power RAID SCSI Device Driver version: 2.4.3 (June 10, 2009)
[    4.818916] RocketRAID 3xxx/4xxx Controller driver v1.6 (090910)
[    4.819032] stex: Promise SuperTrak EX Driver version: 4.6.0000.3
[    4.819156] st: Version 20081215, fixed bufsize 32768, s/g segs 256
[    4.819337] ahci 0000:00:1f.2: version 3.0
[    4.819351] ahci 0000:00:1f.2: PCI INT B -> GSI 16 (level, low) -> IRQ 16
[    4.819478] ahci 0000:00:1f.2: irq 29 for MSI/MSI-X
[    4.819537] ahci 0000:00:1f.2: AHCI 0001.0100 32 slots 3 ports 1.5 Gbps 0x5 impl SATA mode
[    4.819660] ahci 0000:00:1f.2: flags: 64bit ncq sntf pm led clo pio slum part ccc 
[    4.819783] ahci 0000:00:1f.2: setting latency timer to 64
[    4.819926] scsi2 : ahci
[    4.820092] scsi3 : ahci
[    4.820222] scsi4 : ahci
[    4.820382] ata1: SATA max UDMA/133 abar m2048@0xfe226000 port 0xfe226100 irq 29
[    4.820504] ata2: DUMMY
[    4.820592] ata3: SATA max UDMA/133 abar m2048@0xfe226000 port 0xfe226200 irq 29
[    4.821195] I2O subsystem v1.325
[    4.821285] i2o: max drivers = 8
[    4.821422] I2O Configuration OSM v1.323
[    4.821518] I2O Bus Adapter OSM v1.317
[    4.821616] I2O Block Device OSM v1.325
[    4.821758] I2O SCSI Peripheral OSM v1.316
[    4.821857] I2O ProcFS OSM v1.316
[    4.821956] Fusion MPT base driver 3.04.12
[    4.822058] Copyright (c) 1999-2008 LSI Corporation
[    4.822146] Fusion MPT SPI Host driver 3.04.12
[    4.822286] Fusion MPT FC Host driver 3.04.12
[    4.822388] Fusion MPT SAS Host driver 3.04.12
[    4.822534] ohci1394 0000:15:00.1: PCI INT B -> GSI 17 (level, low) -> IRQ 17
[    4.822619] ohci1394 0000:15:00.1: setting latency timer to 64
[    4.876017] ohci1394: fw-host0: OHCI-1394 1.1 (PCI): IRQ=[17]  MMIO=[f8301000-f83017ff]  Max Packet=[2048]  IR/IT contexts=[4/4]
[    4.879285] ehci_hcd: USB 2.0 'Enhanced' Host Controller (EHCI) Driver
[    4.879552] ehci_hcd 0000:00:1a.7: power state changed by ACPI to D0
[    4.879779] ehci_hcd 0000:00:1a.7: power state changed by ACPI to D0
[    4.879869] ehci_hcd 0000:00:1a.7: PCI INT C -> GSI 22 (level, low) -> IRQ 22
[    4.879969] ehci_hcd 0000:00:1a.7: setting latency timer to 64
[    4.879976] ehci_hcd 0000:00:1a.7: EHCI Host Controller
[    4.880118] ehci_hcd 0000:00:1a.7: new USB bus registered, assigned bus number 1
[    4.884150] ehci_hcd 0000:00:1a.7: cache line size of 32 is not supported
[    4.884159] ehci_hcd 0000:00:1a.7: irq 22, io mem 0xfe226c00
[    4.893976] ehci_hcd 0000:00:1a.7: USB 2.0 started, EHCI 1.00
[    4.894073] usb usb1: New USB device found, idVendor=1d6b, idProduct=0002
[    4.894162] usb usb1: New USB device strings: Mfr=3, Product=2, SerialNumber=1
[    4.894281] usb usb1: Product: EHCI Host Controller
[    4.894366] usb usb1: Manufacturer: Linux 2.6.32.57 ehci_hcd
[    4.894458] usb usb1: SerialNumber: 0000:00:1a.7
[    4.894595] usb usb1: configuration #1 chosen from 1 choice
[    4.894706] hub 1-0:1.0: USB hub found
[    4.894789] hub 1-0:1.0: 4 ports detected
[    4.895100] ehci_hcd 0000:00:1d.7: power state changed by ACPI to D0
[    4.895387] ehci_hcd 0000:00:1d.7: power state changed by ACPI to D0
[    4.895481] ehci_hcd 0000:00:1d.7: PCI INT D -> GSI 19 (level, low) -> IRQ 19
[    4.895581] ehci_hcd 0000:00:1d.7: setting latency timer to 64
[    4.895586] ehci_hcd 0000:00:1d.7: EHCI Host Controller
[    4.895712] ehci_hcd 0000:00:1d.7: new USB bus registered, assigned bus number 2
[    4.895874] ehci_hcd 0000:00:1d.7: debug port 1
[    4.899835] ehci_hcd 0000:00:1d.7: cache line size of 32 is not supported
[    4.899843] ehci_hcd 0000:00:1d.7: irq 19, io mem 0xfe227000
[    4.909973] ehci_hcd 0000:00:1d.7: USB 2.0 started, EHCI 1.00
[    4.910074] usb usb2: New USB device found, idVendor=1d6b, idProduct=0002
[    4.910165] usb usb2: New USB device strings: Mfr=3, Product=2, SerialNumber=1
[    4.910283] usb usb2: Product: EHCI Host Controller
[    4.910370] usb usb2: Manufacturer: Linux 2.6.32.57 ehci_hcd
[    4.910452] usb usb2: SerialNumber: 0000:00:1d.7
[    4.910582] usb usb2: configuration #1 chosen from 1 choice
[    4.910695] hub 2-0:1.0: USB hub found
[    4.910777] hub 2-0:1.0: 6 ports detected
[    4.910953] 116x: driver isp116x-hcd, 03 Nov 2005
[    4.911054] ohci_hcd: USB 1.1 'Open' Host Controller (OHCI) Driver
[    4.911163] uhci_hcd: USB Universal Host Controller Interface driver
[    4.911266] uhci_hcd 0000:00:1a.0: PCI INT A -> GSI 20 (level, low) -> IRQ 20
[    4.911365] uhci_hcd 0000:00:1a.0: setting latency timer to 64
[    4.911370] uhci_hcd 0000:00:1a.0: UHCI Host Controller
[    4.911500] uhci_hcd 0000:00:1a.0: new USB bus registered, assigned bus number 3
[    4.911651] uhci_hcd 0000:00:1a.0: irq 20, io base 0x00001860
[    4.911758] usb usb3: New USB device found, idVendor=1d6b, idProduct=0001
[    4.911844] usb usb3: New USB device strings: Mfr=3, Product=2, SerialNumber=1
[    4.911964] usb usb3: Product: UHCI Host Controller
[    4.912057] usb usb3: Manufacturer: Linux 2.6.32.57 uhci_hcd
[    4.912138] usb usb3: SerialNumber: 0000:00:1a.0
[    4.912271] usb usb3: configuration #1 chosen from 1 choice
[    4.912385] hub 3-0:1.0: USB hub found
[    4.912467] hub 3-0:1.0: 2 ports detected
[    4.912767] uhci_hcd 0000:00:1a.1: power state changed by ACPI to D0
[    4.913007] uhci_hcd 0000:00:1a.1: power state changed by ACPI to D0
[    4.913100] uhci_hcd 0000:00:1a.1: PCI INT B -> GSI 21 (level, low) -> IRQ 21
[    4.913187] uhci_hcd 0000:00:1a.1: setting latency timer to 64
[    4.913190] uhci_hcd 0000:00:1a.1: UHCI Host Controller
[    4.913318] uhci_hcd 0000:00:1a.1: new USB bus registered, assigned bus number 4
[    4.913463] uhci_hcd 0000:00:1a.1: irq 21, io base 0x00001880
[    4.913568] usb usb4: New USB device found, idVendor=1d6b, idProduct=0001
[    4.913651] usb usb4: New USB device strings: Mfr=3, Product=2, SerialNumber=1
[    4.913763] usb usb4: Product: UHCI Host Controller
[    4.913852] usb usb4: Manufacturer: Linux 2.6.32.57 uhci_hcd
[    4.913932] usb usb4: SerialNumber: 0000:00:1a.1
[    4.914067] usb usb4: configuration #1 chosen from 1 choice
[    4.914183] hub 4-0:1.0: USB hub found
[    4.914270] hub 4-0:1.0: 2 ports detected
[    4.914565] uhci_hcd 0000:00:1d.0: power state changed by ACPI to D0
[    4.914802] uhci_hcd 0000:00:1d.0: power state changed by ACPI to D0
[    4.914894] uhci_hcd 0000:00:1d.0: PCI INT A -> GSI 16 (level, low) -> IRQ 16
[    4.914991] uhci_hcd 0000:00:1d.0: setting latency timer to 64
[    4.914994] uhci_hcd 0000:00:1d.0: UHCI Host Controller
[    4.915116] uhci_hcd 0000:00:1d.0: new USB bus registered, assigned bus number 5
[    4.915258] uhci_hcd 0000:00:1d.0: irq 16, io base 0x000018a0
[    4.915361] usb usb5: New USB device found, idVendor=1d6b, idProduct=0001
[    4.915443] usb usb5: New USB device strings: Mfr=3, Product=2, SerialNumber=1
[    4.915556] usb usb5: Product: UHCI Host Controller
[    4.915642] usb usb5: Manufacturer: Linux 2.6.32.57 uhci_hcd
[    4.915725] usb usb5: SerialNumber: 0000:00:1d.0
[    4.915860] usb usb5: configuration #1 chosen from 1 choice
[    4.915984] hub 5-0:1.0: USB hub found
[    4.916071] hub 5-0:1.0: 2 ports detected
[    4.916205] uhci_hcd 0000:00:1d.1: PCI INT B -> GSI 17 (level, low) -> IRQ 17
[    4.916300] uhci_hcd 0000:00:1d.1: setting latency timer to 64
[    4.916305] uhci_hcd 0000:00:1d.1: UHCI Host Controller
[    4.916428] uhci_hcd 0000:00:1d.1: new USB bus registered, assigned bus number 6
[    4.916566] uhci_hcd 0000:00:1d.1: irq 17, io base 0x000018c0
[    4.916676] usb usb6: New USB device found, idVendor=1d6b, idProduct=0001
[    4.916762] usb usb6: New USB device strings: Mfr=3, Product=2, SerialNumber=1
[    4.916880] usb usb6: Product: UHCI Host Controller
[    4.916960] usb usb6: Manufacturer: Linux 2.6.32.57 uhci_hcd
[    4.917048] usb usb6: SerialNumber: 0000:00:1d.1
[    4.917174] usb usb6: configuration #1 chosen from 1 choice
[    4.917281] hub 6-0:1.0: USB hub found
[    4.917363] hub 6-0:1.0: 2 ports detected
[    4.917664] uhci_hcd 0000:00:1d.2: power state changed by ACPI to D0
[    4.917912] uhci_hcd 0000:00:1d.2: power state changed by ACPI to D0
[    4.918012] uhci_hcd 0000:00:1d.2: PCI INT C -> GSI 18 (level, low) -> IRQ 18
[    4.918112] uhci_hcd 0000:00:1d.2: setting latency timer to 64
[    4.918116] uhci_hcd 0000:00:1d.2: UHCI Host Controller
[    4.918233] uhci_hcd 0000:00:1d.2: new USB bus registered, assigned bus number 7
[    4.918370] uhci_hcd 0000:00:1d.2: irq 18, io base 0x000018e0
[    4.918483] usb usb7: New USB device found, idVendor=1d6b, idProduct=0001
[    4.918572] usb usb7: New USB device strings: Mfr=3, Product=2, SerialNumber=1
[    4.918689] usb usb7: Product: UHCI Host Controller
[    4.918778] usb usb7: Manufacturer: Linux 2.6.32.57 uhci_hcd
[    4.918858] usb usb7: SerialNumber: 0000:00:1d.2
[    4.919659] usb usb7: configuration #1 chosen from 1 choice
[    4.919768] hub 7-0:1.0: USB hub found
[    4.919851] hub 7-0:1.0: 2 ports detected
[    4.920010] sl811: driver sl811-hcd, 19 May 2005
[    4.920110] r8a66597_hcd: driver r8a66597_hcd, 2009-05-26
[    4.920272] Initializing USB Mass Storage driver...
[    4.920391] usbcore: registered new interface driver usb-storage
[    4.920472] USB Mass Storage support registered.
[    4.920570] usbcore: registered new interface driver ums-alauda
[    4.920673] usbcore: registered new interface driver ums-cypress
[    4.920778] usbcore: registered new interface driver ums-datafab
[    4.920879] usbcore: registered new interface driver ums-freecom
[    4.920990] usbcore: registered new interface driver ums-isd200
[    4.921090] usbcore: registered new interface driver ums-jumpshot
[    4.921196] usbcore: registered new interface driver ums-karma
[    4.921295] usbcore: registered new interface driver ums-onetouch
[    4.921401] usbcore: registered new interface driver ums-sddr09
[    4.921510] usbcore: registered new interface driver ums-sddr55
[    4.921615] usbcore: registered new interface driver ums-usbat
[    4.921750] PNP: PS/2 Controller [PNP0303:KBD,PNP0f13:MOU] at 0x60,0x64 irq 1,12
[    4.931045] serio: i8042 KBD port at 0x60,0x64 irq 1
[    4.931127] serio: i8042 AUX port at 0x60,0x64 irq 12
[    4.931362] mice: PS/2 mouse device common for all mice
[    4.931469] i2c /dev entries driver
[    4.931593] md: linear personality registered for level -1
[    4.931675] md: raid0 personality registered for level 0
[    4.931755] md: raid1 personality registered for level 1
[    4.931848] md: raid10 personality registered for level 10
[    4.931929] md: raid6 personality registered for level 6
[    4.932026] md: raid5 personality registered for level 5
[    4.932110] md: raid4 personality registered for level 4
[    4.932207] md: multipath personality registered for level -4
[    4.932385] device-mapper: ioctl: 4.15.0-ioctl (2009-04-01) initialised: dm-devel@redhat.com
[    4.932588] cpuidle: using governor ladder
[    4.933186] usbcore: registered new interface driver usbhid
[    4.933270] usbhid: v2.6:USB HID core driver
[    4.933405] random 0000 0000 0000 00000000 00000000: rand_read_num 4 get_random_bytes(136): sig 00000000 00000000 00000000
[    4.933408] random 0000 0000 0000 00000000 00000000: extract_entropy(.. 136 ..)
[    4.933410] random 0000 0000 0000 00000000 00000000: going to reseed nonblocking with 1024 bits (1088 of 0 requested)
[    4.933412] random 0000 0000 0000 00000000 00000000: extract_entropy(.. 128 ..)
[    4.933415] random 0000 0000 0000 00000000 00000000: trying to extract 1024 bits from input
[    4.933417] random 0000 0000 0000 00000000 00000000: debiting 0 entropy credits from input
[    4.933426] random 0000 0000 0000 00000000 00000000: extract_entropy account returned: 0 
[    4.933429] random 0000 0000 0000 00000000 00000000: urand_change_num 7 xfer_secondary_pool(136): pool_sig 00000000, data_sig 00000000, bytes_mixed 0 00000000 00000000
[    4.933432] random 0000 0000 0000 00000000 00000000: trying to extract 1088 bits from nonblocking
[    4.933434] random 0000 0000 0000 00000000 00000000: debiting 1088 entropy credits from nonblocking (unlimited)
[    4.933437] random 0000 0000 0000 00000000 00000000: extract_entropy account returned: 136 
[    4.933441] random 0000 0000 0000 00000000 00000000: urand_change_num 8 extract_buf: pool_sig 00000000, data_sig fffffff9, bytes_mixed 20 00000000 00000000
[    4.933446] random 0000 0000 0000 b7c35b56 be4dc95d: urand_change_num 9 extract_buf: pool_sig fffffd1e, data_sig 000000c5, bytes_mixed 20 b7c35b56 be4dc95d
[    4.933452] random 0000 0000 0000 ed9f5c47 c48487fb: urand_change_num 10 extract_buf: pool_sig fffff8ec, data_sig ffffff68, bytes_mixed 20 ed9f5c47 c48487fb
[    4.933457] random 0000 0000 0000 ed9f5c47 c48487fb: urand_change_num 11 extract_buf: pool_sig fffffaed, data_sig 000001aa, bytes_mixed 20 ed9f5c47 c48487fb
[    4.933462] random 0000 0000 0000 1b4f7c0a 91bd6a48: urand_change_num 12 extract_buf: pool_sig fffffdd8, data_sig 00000064, bytes_mixed 20 1b4f7c0a 91bd6a48
[    4.933467] random 0000 0000 0000 a254b9bc 20e9a24f: urand_change_num 13 extract_buf: pool_sig fffffbe6, data_sig 000001dd, bytes_mixed 20 a254b9bc 20e9a24f
[    4.933472] random 0000 0000 0000 a254b9bc 20e9a24f: urand_change_num 14 extract_buf: pool_sig fffff940, data_sig fffffe20, bytes_mixed 20 a254b9bc 20e9a24f
[    4.933477] random 0000 0000 0000 2831a66b 5fa2a3ad: urand_change_num 15 extract_buf: pool_sig fffffbce, data_sig 0000007e, bytes_mixed 20 2831a66b 5fa2a3ad
[    4.933483] random 0000 0000 0000 2831a66b 5fa2a3ad: urand_change_num 16 extract_buf: pool_sig 000004df, data_sig fffffe8f, bytes_mixed 20 2831a66b 5fa2a3ad
[    4.933488] random 0000 0000 0000 d4512bfd c9a54e0b: urand_change_num 17 extract_buf: pool_sig 00000485, data_sig fffffe68, bytes_mixed 20 d4512bfd c9a54e0b
[    4.933493] random 0000 0000 0000 c7371be6 f9ffea11: urand_change_num 18 extract_buf: pool_sig 00000095, data_sig ffffffed, bytes_mixed 20 c7371be6 f9ffea11
[    4.933498] random 0000 0000 0000 c7371be6 f9ffea11: urand_change_num 19 extract_buf: pool_sig 000003a7, data_sig fffffefa, bytes_mixed 20 c7371be6 f9ffea11
[    4.933503] random 0000 0000 0000 8fb4b62c d1ddba54: urand_change_num 20 extract_buf: pool_sig 00000179, data_sig ffffff78, bytes_mixed 20 8fb4b62c d1ddba54
[    4.933509] random 0000 0000 0000 9ff19f9c c07a1d2a: urand_change_num 21 extract_buf: pool_sig fffffe88, data_sig 00000126, bytes_mixed 20 9ff19f9c c07a1d2a
[    4.933513] TCP cubic registered
[    4.933590] Initializing XFRM netlink socket
[    4.933675] NET: Registered protocol family 17
[    4.933774] Using IPI Shortcut mode
[    4.933858] random 0000 0000 0000 9ff19f9c c07a1d2a: rand_read_num 5 get_random_bytes(8): sig 0000031b 9ff19f9c c07a1d2a
[    4.933860] random 0000 0000 0000 9ff19f9c c07a1d2a: extract_entropy(.. 8 ..)
[    4.933862] random 0000 0000 0000 9ff19f9c c07a1d2a: going to reseed nonblocking with 64 bits (64 of 0 requested)
[    4.933864] random 0000 0000 0000 9ff19f9c c07a1d2a: extract_entropy(.. 8 ..)
[    4.933866] random 0000 0000 0000 9ff19f9c c07a1d2a: trying to extract 64 bits from input
[    4.933869] random 0000 0000 0000 9ff19f9c c07a1d2a: debiting 0 entropy credits from input
[    4.933870] random 0000 0000 0000 9ff19f9c c07a1d2a: extract_entropy account returned: 0 
[    4.933874] random 0000 0000 0000 9ff19f9c c07a1d2a: urand_change_num 22 xfer_secondary_pool(8): pool_sig 0000031b, data_sig 00000000, bytes_mixed 0 9ff19f9c c07a1d2a
[    4.933876] random 0000 0000 0000 9ff19f9c c07a1d2a: trying to extract 64 bits from nonblocking
[    4.933879] random 0000 0000 0000 9ff19f9c c07a1d2a: debiting 64 entropy credits from nonblocking (unlimited)
[    4.933881] random 0000 0000 0000 9ff19f9c c07a1d2a: extract_entropy account returned: 8 
[    4.933885] random 0000 0000 0000 9ff19f9c c07a1d2a: urand_change_num 23 extract_buf: pool_sig 0000031b, data_sig ffffffb3, bytes_mixed 20 9ff19f9c c07a1d2a
[    4.936707] input: AT Translated Set 2 keyboard as /devices/platform/i8042/serio0/input/input1
[    5.126947] ata1: SATA link up 1.5 Gbps (SStatus 113 SControl 300)
[    5.127054] ata3: SATA link down (SStatus 0 SControl 300)
[    5.129763] ata1.00: ACPI cmd ef/02:00:00:00:00:a0 (SET FEATURES) succeeded
[    5.129766] ata1.00: ACPI cmd f5/00:00:00:00:00:a0 (SECURITY FREEZE LOCK) filtered out
[    5.131156] ata1.00: ACPI cmd ef/5f:00:00:00:00:a0 (SET FEATURES) succeeded
[    5.131159] ata1.00: ACPI cmd ef/10:03:00:00:00:a0 (SET FEATURES) filtered out
[    5.133066] ata1.00: ATA-7: ST910021AS, 4.06, max UDMA/100
[    5.133151] ata1.00: 195371568 sectors, multi 16: LBA48 
[    5.135304] ata1.00: ACPI cmd ef/02:00:00:00:00:a0 (SET FEATURES) succeeded
[    5.135307] ata1.00: ACPI cmd f5/00:00:00:00:00:a0 (SECURITY FREEZE LOCK) filtered out
[    5.136701] ata1.00: ACPI cmd ef/5f:00:00:00:00:a0 (SET FEATURES) succeeded
[    5.136704] ata1.00: ACPI cmd ef/10:03:00:00:00:a0 (SET FEATURES) filtered out
[    5.138627] ata1.00: configured for UDMA/100
[    5.148991] scsi 2:0:0:0: Direct-Access     ATA      ST910021AS       4.06 PQ: 0 ANSI: 5
[    5.149263] sd 2:0:0:0: [sda] 195371568 512-byte logical blocks: (100 GB/93.1 GiB)
[    5.149404] sd 2:0:0:0: [sda] Write Protect is off
[    5.149485] sd 2:0:0:0: [sda] Mode Sense: 00 3a 00 00
[    5.149497] sd 2:0:0:0: [sda] Write cache: enabled, read cache: enabled, doesn't support DPO or FUA
[    5.149690]  sda:
[    5.213916] usb 2-1: new high speed USB device using ehci_hcd and address 2
[    5.363424] usb 2-1: New USB device found, idVendor=0e8d, idProduct=1806
[    5.363508] usb 2-1: New USB device strings: Mfr=1, Product=2, SerialNumber=3
[    5.363603] usb 2-1: Product: MT1806 
[    5.363684] usb 2-1: Manufacturer: MediaTek Inc
[    5.363766] usb 2-1: SerialNumber: R8KN6GAC800AEB 
[    5.363906] usb 2-1: configuration #1 chosen from 1 choice
[    5.370216] scsi5 : SCSI emulation for USB Mass Storage devices
[    5.370380] usb-storage: device found at 2
[    5.370381] usb-storage: waiting for device to settle before scanning
[    5.563703]  sda1 sda2
[    5.564467] sd 2:0:0:0: [sda] Attached SCSI disk
[    5.564565] random 0000 0000 0000 277f73c3 42024bb9: rand_read_num 6 get_random_bytes(12): sig 000007e9 277f73c3 42024bb9
[    5.564568] random 0000 0000 0000 277f73c3 42024bb9: extract_entropy(.. 12 ..)
[    5.564570] random 0000 0000 0000 277f73c3 42024bb9: going to reseed nonblocking with 96 bits (96 of 0 requested)
[    5.564573] random 0000 0000 0000 277f73c3 42024bb9: extract_entropy(.. 12 ..)
[    5.564575] random 0000 0000 0000 277f73c3 42024bb9: trying to extract 96 bits from input
[    5.564577] random 0000 0000 0000 277f73c3 42024bb9: debiting 0 entropy credits from input
[    5.564579] random 0000 0000 0000 277f73c3 42024bb9: extract_entropy account returned: 0 
[    5.564582] random 0000 0000 0000 277f73c3 42024bb9: urand_change_num 24 xfer_secondary_pool(12): pool_sig 000007e9, data_sig 00000000, bytes_mixed 0 277f73c3 42024bb9
[    5.564585] random 0000 0000 0000 277f73c3 42024bb9: trying to extract 96 bits from nonblocking
[    5.564587] random 0000 0000 0000 277f73c3 42024bb9: debiting 96 entropy credits from nonblocking (unlimited)
[    5.564589] random 0000 0000 0000 277f73c3 42024bb9: extract_entropy account returned: 12 
[    5.564593] random 0000 0000 0000 277f73c3 42024bb9: urand_change_num 25 extract_buf: pool_sig 000007e9, data_sig 00000088, bytes_mixed 20 277f73c3 42024bb9
[    5.564598] random 0000 0000 0000 277f73c3 42024bb9: urand_change_num 26 extract_buf: pool_sig 00000498, data_sig fffffefb, bytes_mixed 20 277f73c3 42024bb9
[    5.564601] RANDOM - __seed init called.
[    5.564602] RANDOM - __seed init called.
[    5.564603] RANDOM - __seed init called.
[    5.564605] RANDOM - __random32 called. Change num 12.  Value: 87f14767	f0d7351	b1e48bd3
[    5.564607] RANDOM - random32_reseed called.  Value: 87f14767	f0d7351	b1e48bd3
[    5.564609] Pid: 1, comm: swapper Not tainted 2.6.32.57 #3
[    5.564691] Call Trace:
[    5.564773]  [<c1923ca4>] ? random32_reseed+0xa0/0xb1
[    5.564858]  [<c1923c04>] ? random32_reseed+0x0/0xb1
[    5.564945]  [<c100111e>] ? do_one_initcall+0x2e/0x180
[    5.565037]  [<c1907265>] ? kernel_init+0xad/0x103
[    5.565127]  [<c19071b8>] ? kernel_init+0x0/0x103
[    5.565207]  [<c1003787>] ? kernel_thread_helper+0x7/0x10
[    5.565731] random 0000 0000 0000 386b4e60 ee4d4880: rand_read_num 7 get_random_bytes(64): sig fffffea5 386b4e60 ee4d4880
[    5.565733] random 0000 0000 0000 386b4e60 ee4d4880: extract_entropy(.. 64 ..)
[    5.565735] random 0000 0000 0000 386b4e60 ee4d4880: going to reseed nonblocking with 512 bits (512 of 0 requested)
[    5.565737] random 0000 0000 0000 386b4e60 ee4d4880: extract_entropy(.. 64 ..)
[    5.565739] random 0000 0000 0000 386b4e60 ee4d4880: trying to extract 512 bits from input
[    5.565741] random 0000 0000 0000 386b4e60 ee4d4880: debiting 0 entropy credits from input
[    5.565743] random 0000 0000 0000 386b4e60 ee4d4880: extract_entropy account returned: 0 
[    5.565747] random 0000 0000 0000 386b4e60 ee4d4880: urand_change_num 27 xfer_secondary_pool(64): pool_sig fffffea5, data_sig 00000000, bytes_mixed 0 386b4e60 ee4d4880
[    5.565749] random 0000 0000 0000 386b4e60 ee4d4880: trying to extract 512 bits from nonblocking
[    5.565752] random 0000 0000 0000 386b4e60 ee4d4880: debiting 512 entropy credits from nonblocking (unlimited)
[    5.565754] random 0000 0000 0000 386b4e60 ee4d4880: extract_entropy account returned: 64 
[    5.565758] random 0000 0000 0000 386b4e60 ee4d4880: urand_change_num 28 extract_buf: pool_sig fffffea5, data_sig 00000173, bytes_mixed 20 386b4e60 ee4d4880
[    5.565763] random 0000 0000 0000 412698f6 0cc8689a: urand_change_num 29 extract_buf: pool_sig 00000122, data_sig ffffff63, bytes_mixed 20 412698f6 0cc8689a
[    5.565769] random 0000 0000 0000 412698f6 0cc8689a: urand_change_num 30 extract_buf: pool_sig 000001f7, data_sig 00000012, bytes_mixed 20 412698f6 0cc8689a
[    5.565774] random 0000 0000 0000 9669941e 06f768b1: urand_change_num 31 extract_buf: pool_sig fffffb5b, data_sig 0000003f, bytes_mixed 20 9669941e 06f768b1
[    5.565779] random 0000 0000 0000 98486520 995551f0: urand_change_num 32 extract_buf: pool_sig fffffb39, data_sig 0000000e, bytes_mixed 20 98486520 995551f0
[    5.565784] random 0000 0000 0000 98486520 995551f0: urand_change_num 33 extract_buf: pool_sig fffffd8d, data_sig 000001a6, bytes_mixed 20 98486520 995551f0
[    5.565789] random 0000 0000 0000 61fc8914 d5882ed2: urand_change_num 34 extract_buf: pool_sig fffffa58, data_sig 0000023e, bytes_mixed 20 61fc8914 d5882ed2
[    5.565818] random 0000 0000 0000 61fc8914 d5882ed2: rand_read_num 8 get_random_bytes(64): sig fffff9ee 61fc8914 d5882ed2
[    5.565821] random 0000 0000 0000 61fc8914 d5882ed2: extract_entropy(.. 64 ..)
[    5.565823] random 0000 0000 0000 61fc8914 d5882ed2: going to reseed nonblocking with 512 bits (512 of 0 requested)
[    5.565825] random 0000 0000 0000 61fc8914 d5882ed2: extract_entropy(.. 64 ..)
[    5.565827] random 0000 0000 0000 61fc8914 d5882ed2: trying to extract 512 bits from input
[    5.565829] random 0000 0000 0000 61fc8914 d5882ed2: debiting 0 entropy credits from input
[    5.565831] random 0000 0000 0000 61fc8914 d5882ed2: extract_entropy account returned: 0 
[    5.565834] random 0000 0000 0000 61fc8914 d5882ed2: urand_change_num 35 xfer_secondary_pool(64): pool_sig fffff9ee, data_sig 00000000, bytes_mixed 0 61fc8914 d5882ed2
[    5.565837] random 0000 0000 0000 61fc8914 d5882ed2: trying to extract 512 bits from nonblocking
[    5.565839] random 0000 0000 0000 61fc8914 d5882ed2: debiting 512 entropy credits from nonblocking (unlimited)
[    5.565844] random 0000 0000 0000 61fc8914 d5882ed2: extract_entropy account returned: 64 
[    5.565848] random 0000 0000 0000 61fc8914 d5882ed2: urand_change_num 36 extract_buf: pool_sig fffff9ee, data_sig ffffff85, bytes_mixed 20 61fc8914 d5882ed2
[    5.565854] random 0000 0000 0000 70cfd302 e5edec11: urand_change_num 37 extract_buf: pool_sig fffffdc1, data_sig ffffffde, bytes_mixed 20 70cfd302 e5edec11
[    5.565859] random 0000 0000 0000 00dab838 eafd2b30: urand_change_num 38 extract_buf: pool_sig 000003da, data_sig ffffff61, bytes_mixed 20 00dab838 eafd2b30
[    5.565864] random 0000 0000 0000 00dab838 eafd2b30: urand_change_num 39 extract_buf: pool_sig 00000314, data_sig 00000121, bytes_mixed 20 00dab838 eafd2b30
[    5.565869] random 0000 0000 0000 5fcdf66a 6442b608: urand_change_num 40 extract_buf: pool_sig 0000028b, data_sig fffffefd, bytes_mixed 20 5fcdf66a 6442b608
[    5.565874] random 0000 0000 0000 61333f6b 8fae0f9b: urand_change_num 41 extract_buf: pool_sig 000000cb, data_sig 000000b3, bytes_mixed 20 61333f6b 8fae0f9b
[    5.565879] random 0000 0000 0000 61333f6b 8fae0f9b: urand_change_num 42 extract_buf: pool_sig fffffef8, data_sig 00000051, bytes_mixed 20 61333f6b 8fae0f9b
[    5.565882] BEGIN NET_SECRET:
[    5.565883] \xffffffe0
[    5.565884] \xffffffb6
[    5.565885] \x36
[    5.565886] \xffffffb5
[    5.565886] \xffffff94
[    5.565887] \xffffffb2
[    5.565888] \xffffffa8
[    5.565889] \xffffffda
[    5.565890] \x5b
[    5.565890] \x19
[    5.565891] \x18
[    5.565892] \x5c
[    5.565893] \x2b
[    5.565893] \x1
[    5.565894] \xffffff90
[    5.565895] \x19
[    5.565896] \x3c
[    5.565896] \xfffffff2
[    5.565897] \xffffff82
[    5.565898] \x2a
[    5.565899] \xffffffb3
[    5.565899] \xffffffa2
[    5.565900] \x3f
[    5.565901] \x5
[    5.565902] \x52
[    5.565902] \x77
[    5.565903] \x57
[    5.565904] \x79
[    5.565904] \x16
[    5.565905] \x43
[    5.565906] \xffffff84
[    5.565907] \xffffffc3
[    5.565908] \xffffffe9
[    5.565908] \x79
[    5.565909] \x50
[    5.565910] \xffffff8e
[    5.565911] \x3f
[    5.565911] \xfffffff3
[    5.565912] \x19
[    5.565913] \x2a
[    5.565914] \xfffffffd
[    5.565914] \xfffffffb
[    5.565915] \x62
[    5.565916] \x3c
[    5.565917] \xffffffac
[    5.565917] \x1c
[    5.565918] \x3b
[    5.565919] \x3b
[    5.565919] \x15
[    5.565920] \x27
[    5.565921] \xffffffa8
[    5.565922] \x22
[    5.565922] \xffffffc5
[    5.565923] \xffffff9a
[    5.565924] \x5
[    5.565925] \x6c
[    5.565925] \xffffffa8
[    5.565926] \x3a
[    5.565927] \x44
[    5.565928] \xffffffaf
[    5.565928] \x13
[    5.565929] \xffffffe0
[    5.565930] \xffffff9d
[    5.565931] \x22
[    5.565931] 
[    5.565932] END NET_SECRET
[    5.565935] random 0000 0000 0000 e7f555d9 e8ce5c3c: rand_read_num 9 get_random_bytes(4): sig 0000068c e7f555d9 e8ce5c3c
[    5.565937] random 0000 0000 0000 e7f555d9 e8ce5c3c: extract_entropy(.. 4 ..)
[    5.565939] random 0000 0000 0000 e7f555d9 e8ce5c3c: going to reseed nonblocking with 64 bits (32 of 0 requested)
[    5.565941] random 0000 0000 0000 e7f555d9 e8ce5c3c: extract_entropy(.. 8 ..)
[    5.565943] random 0000 0000 0000 e7f555d9 e8ce5c3c: trying to extract 64 bits from input
[    5.565945] random 0000 0000 0000 e7f555d9 e8ce5c3c: debiting 0 entropy credits from input
[    5.565947] random 0000 0000 0000 e7f555d9 e8ce5c3c: extract_entropy account returned: 0 
[    5.565950] random 0000 0000 0000 e7f555d9 e8ce5c3c: urand_change_num 43 xfer_secondary_pool(4): pool_sig 0000068c, data_sig 00000000, bytes_mixed 0 e7f555d9 e8ce5c3c
[    5.565953] random 0000 0000 0000 e7f555d9 e8ce5c3c: trying to extract 32 bits from nonblocking
[    5.565955] random 0000 0000 0000 e7f555d9 e8ce5c3c: debiting 32 entropy credits from nonblocking (unlimited)
[    5.565957] random 0000 0000 0000 e7f555d9 e8ce5c3c: extract_entropy account returned: 4 
[    5.565961] random 0000 0000 0000 e7f555d9 e8ce5c3c: urand_change_num 44 extract_buf: pool_sig 0000068c, data_sig fffffdcb, bytes_mixed 20 e7f555d9 e8ce5c3c
[    5.565973] md: Waiting for all devices to be available before autodetect
[    5.566071] md: If you don't use raid, use raid=noautodetect
[    5.566232] md: Autodetecting RAID arrays.
[    5.566320] md: Scanned 0 and added 0 devices.
[    5.566402] md: autorun ...
[    5.566483] md: ... autorun DONE.
[    5.581153] EXT3-fs: sda2: couldn't mount because of unsupported optional features (240).
[    5.581381] EXT2-fs: sda2: couldn't mount because of unsupported optional features (240).
[    5.582661] random 0000 0000 0000 e7f555d9 e8ce5c3c: rand_read_num 10 get_random_bytes(4): sig ffffff72 e7f555d9 e8ce5c3c
[    5.582663] random 0000 0000 0000 e7f555d9 e8ce5c3c: extract_entropy(.. 4 ..)
[    5.582666] random 0000 0000 0000 e7f555d9 e8ce5c3c: going to reseed nonblocking with 64 bits (32 of 0 requested)
[    5.582668] random 0000 0000 0000 e7f555d9 e8ce5c3c: extract_entropy(.. 8 ..)
[    5.582670] random 0000 0000 0000 e7f555d9 e8ce5c3c: trying to extract 64 bits from input
[    5.582672] random 0000 0000 0000 e7f555d9 e8ce5c3c: debiting 0 entropy credits from input
[    5.582674] random 0000 0000 0000 e7f555d9 e8ce5c3c: extract_entropy account returned: 0 
[    5.582677] random 0000 0000 0000 e7f555d9 e8ce5c3c: urand_change_num 45 xfer_secondary_pool(4): pool_sig ffffff72, data_sig 00000000, bytes_mixed 0 e7f555d9 e8ce5c3c
[    5.582680] random 0000 0000 0000 e7f555d9 e8ce5c3c: trying to extract 32 bits from nonblocking
[    5.582682] random 0000 0000 0000 e7f555d9 e8ce5c3c: debiting 32 entropy credits from nonblocking (unlimited)
[    5.582684] random 0000 0000 0000 e7f555d9 e8ce5c3c: extract_entropy account returned: 4 
[    5.582688] random 0000 0000 0000 e7f555d9 e8ce5c3c: urand_change_num 46 extract_buf: pool_sig ffffff72, data_sig ffffff72, bytes_mixed 20 e7f555d9 e8ce5c3c
[    5.617788] EXT4-fs (sda2): mounted filesystem with ordered data mode
[    5.617983] VFS: Mounted root (ext4 filesystem) readonly on device 8:2.
[    5.618079] Freeing unused kernel memory: 448k freed
[    5.696761] random 0000 0000 0000 91716c54 eeb6a1e7: rand_read_num 11 get_random_bytes(16): sig fffffcad 91716c54 eeb6a1e7
[    5.696764] random 0000 0000 0000 91716c54 eeb6a1e7: extract_entropy(.. 16 ..)
[    5.696766] random 0000 0000 0000 91716c54 eeb6a1e7: going to reseed nonblocking with 128 bits (128 of 0 requested)
[    5.696768] random 0000 0000 0000 91716c54 eeb6a1e7: extract_entropy(.. 16 ..)
[    5.696770] random 0000 0000 0000 91716c54 eeb6a1e7: trying to extract 128 bits from input
[    5.696772] random 0000 0000 0000 91716c54 eeb6a1e7: debiting 0 entropy credits from input
[    5.696774] random 0000 0000 0000 91716c54 eeb6a1e7: extract_entropy account returned: 0 
[    5.696778] random 0000 0000 0000 91716c54 eeb6a1e7: urand_change_num 47 xfer_secondary_pool(16): pool_sig fffffcad, data_sig 00000000, bytes_mixed 0 91716c54 eeb6a1e7
[    5.696780] random 0000 0000 0000 91716c54 eeb6a1e7: trying to extract 128 bits from nonblocking
[    5.696783] random 0000 0000 0000 91716c54 eeb6a1e7: debiting 128 entropy credits from nonblocking (unlimited)
[    5.696785] random 0000 0000 0000 91716c54 eeb6a1e7: extract_entropy account returned: 16 
[    5.696789] random 0000 0000 0000 91716c54 eeb6a1e7: urand_change_num 48 extract_buf: pool_sig fffffcad, data_sig ffffff19, bytes_mixed 20 91716c54 eeb6a1e7
[    5.696794] random 0000 0000 0000 fd637b06 6cf47bc1: urand_change_num 49 extract_buf: pool_sig fffffede, data_sig ffffffc1, bytes_mixed 20 fd637b06 6cf47bc1
[    5.783498] random 0000 0000 0000 fd637b06 6cf47bc1: rand_read_num 12 get_random_bytes(16): sig 0000033b fd637b06 6cf47bc1
[    5.783501] random 0000 0000 0000 fd637b06 6cf47bc1: extract_entropy(.. 16 ..)
[    5.783504] random 0000 0000 0000 fd637b06 6cf47bc1: going to reseed nonblocking with 128 bits (128 of 0 requested)
[    5.783506] random 0000 0000 0000 fd637b06 6cf47bc1: extract_entropy(.. 16 ..)
[    5.783508] random 0000 0000 0000 fd637b06 6cf47bc1: trying to extract 128 bits from input
[    5.783510] random 0000 0000 0000 fd637b06 6cf47bc1: debiting 0 entropy credits from input
[    5.783512] random 0000 0000 0000 fd637b06 6cf47bc1: extract_entropy account returned: 0 
[    5.783515] random 0000 0000 0000 fd637b06 6cf47bc1: urand_change_num 50 xfer_secondary_pool(16): pool_sig 0000033b, data_sig 00000000, bytes_mixed 0 fd637b06 6cf47bc1
[    5.783518] random 0000 0000 0000 fd637b06 6cf47bc1: trying to extract 128 bits from nonblocking
[    5.783520] random 0000 0000 0000 fd637b06 6cf47bc1: debiting 128 entropy credits from nonblocking (unlimited)
[    5.783522] random 0000 0000 0000 fd637b06 6cf47bc1: extract_entropy account returned: 16 
[    5.783527] random 0000 0000 0000 fd637b06 6cf47bc1: urand_change_num 51 extract_buf: pool_sig 0000033b, data_sig 000000d8, bytes_mixed 20 fd637b06 6cf47bc1
[    5.783532] random 0000 0000 0000 0ec1f012 d4727ca8: urand_change_num 52 extract_buf: pool_sig fffffcf5, data_sig 00000016, bytes_mixed 20 0ec1f012 d4727ca8
[    6.146668] ieee1394: Host added: ID:BUS[0-00:1023]  GUID[00061b032a25f51c]
[    6.157356] random 0000 0000 0000 45b1d0b1 845a73f7: rand_read_num 13 get_random_bytes(16): sig 00000116 45b1d0b1 845a73f7
[    6.157359] random 0000 0000 0000 45b1d0b1 845a73f7: extract_entropy(.. 16 ..)
[    6.157361] random 0000 0000 0000 45b1d0b1 845a73f7: going to reseed nonblocking with 128 bits (128 of 0 requested)
[    6.157364] random 0000 0000 0000 45b1d0b1 845a73f7: extract_entropy(.. 16 ..)
[    6.157366] random 0000 0000 0000 45b1d0b1 845a73f7: trying to extract 128 bits from input
[    6.157368] random 0000 0000 0000 45b1d0b1 845a73f7: debiting 0 entropy credits from input
[    6.157370] random 0000 0000 0000 45b1d0b1 845a73f7: extract_entropy account returned: 0 
[    6.157373] random 0000 0000 0000 45b1d0b1 845a73f7: urand_change_num 53 xfer_secondary_pool(16): pool_sig 00000116, data_sig 00000000, bytes_mixed 0 45b1d0b1 845a73f7
[    6.157376] random 0000 0000 0000 45b1d0b1 845a73f7: trying to extract 128 bits from nonblocking
[    6.157378] random 0000 0000 0000 45b1d0b1 845a73f7: debiting 128 entropy credits from nonblocking (unlimited)
[    6.157381] random 0000 0000 0000 45b1d0b1 845a73f7: extract_entropy account returned: 16 
[    6.157385] random 0000 0000 0000 45b1d0b1 845a73f7: urand_change_num 54 extract_buf: pool_sig 00000116, data_sig fffffd8b, bytes_mixed 20 45b1d0b1 845a73f7
[    6.157390] random 0000 0000 0000 45b1d0b1 845a73f7: urand_change_num 55 extract_buf: pool_sig fffffc05, data_sig 00000109, bytes_mixed 20 45b1d0b1 845a73f7
[    6.209853] random 0000 0000 0000 5012cce3 b8a30621: rand_read_num 14 get_random_bytes(16): sig fffffb93 5012cce3 b8a30621
[    6.209856] random 0000 0000 0000 5012cce3 b8a30621: extract_entropy(.. 16 ..)
[    6.209859] random 0000 0000 0000 5012cce3 b8a30621: going to reseed nonblocking with 128 bits (128 of 0 requested)
[    6.209861] random 0000 0000 0000 5012cce3 b8a30621: extract_entropy(.. 16 ..)
[    6.209863] random 0000 0000 0000 5012cce3 b8a30621: trying to extract 128 bits from input
[    6.209865] random 0000 0000 0000 5012cce3 b8a30621: debiting 0 entropy credits from input
[    6.209867] random 0000 0000 0000 5012cce3 b8a30621: extract_entropy account returned: 0 
[    6.209870] random 0000 0000 0000 5012cce3 b8a30621: urand_change_num 56 xfer_secondary_pool(16): pool_sig fffffb93, data_sig 00000000, bytes_mixed 0 5012cce3 b8a30621
[    6.209873] random 0000 0000 0000 5012cce3 b8a30621: trying to extract 128 bits from nonblocking
[    6.209875] random 0000 0000 0000 5012cce3 b8a30621: debiting 128 entropy credits from nonblocking (unlimited)
[    6.209877] random 0000 0000 0000 5012cce3 b8a30621: extract_entropy account returned: 16 
[    6.209882] random 0000 0000 0000 5012cce3 b8a30621: urand_change_num 57 extract_buf: pool_sig fffffb93, data_sig ffffff35, bytes_mixed 20 5012cce3 b8a30621
[    6.209887] random 0000 0000 0000 5012cce3 b8a30621: urand_change_num 58 extract_buf: pool_sig fffffb9d, data_sig ffffff92, bytes_mixed 20 5012cce3 b8a30621
[    6.211243] random 0000 0000 0000 30a5721d 4b648ff6: rand_read_num 15 get_random_bytes(16): sig fffffeb5 30a5721d 4b648ff6
[    6.211246] random 0000 0000 0000 30a5721d 4b648ff6: extract_entropy(.. 16 ..)
[    6.211248] random 0000 0000 0000 30a5721d 4b648ff6: going to reseed nonblocking with 128 bits (128 of 0 requested)
[    6.211251] random 0000 0000 0000 30a5721d 4b648ff6: extract_entropy(.. 16 ..)
[    6.211253] random 0000 0000 0000 30a5721d 4b648ff6: trying to extract 128 bits from input
[    6.211255] random 0000 0000 0000 30a5721d 4b648ff6: debiting 0 entropy credits from input
[    6.211257] random 0000 0000 0000 30a5721d 4b648ff6: extract_entropy account returned: 0 
[    6.211260] random 0000 0000 0000 30a5721d 4b648ff6: urand_change_num 59 xfer_secondary_pool(16): pool_sig fffffeb5, data_sig 00000000, bytes_mixed 0 30a5721d 4b648ff6
[    6.211263] random 0000 0000 0000 30a5721d 4b648ff6: trying to extract 128 bits from nonblocking
[    6.211265] random 0000 0000 0000 30a5721d 4b648ff6: debiting 128 entropy credits from nonblocking (unlimited)
[    6.211267] random 0000 0000 0000 30a5721d 4b648ff6: extract_entropy account returned: 16 
[    6.211272] random 0000 0000 0000 30a5721d 4b648ff6: urand_change_num 60 extract_buf: pool_sig fffffeb5, data_sig 000000c2, bytes_mixed 20 30a5721d 4b648ff6
[    6.211277] random 0000 0000 0000 89bae1ab 704c432f: urand_change_num 61 extract_buf: pool_sig 0000006e, data_sig fffffefc, bytes_mixed 20 89bae1ab 704c432f
[    6.211826] random 0000 0000 0000 89bae1ab 704c432f: rand_read_num 16 get_random_bytes(16): sig fffffd99 89bae1ab 704c432f
[    6.211828] random 0000 0000 0000 89bae1ab 704c432f: extract_entropy(.. 16 ..)
[    6.211831] random 0000 0000 0000 89bae1ab 704c432f: going to reseed nonblocking with 128 bits (128 of 0 requested)
[    6.211833] random 0000 0000 0000 89bae1ab 704c432f: extract_entropy(.. 16 ..)
[    6.211836] random 0000 0000 0000 89bae1ab 704c432f: trying to extract 128 bits from input
[    6.211838] random 0000 0000 0000 89bae1ab 704c432f: debiting 0 entropy credits from input
[    6.211840] random 0000 0000 0000 89bae1ab 704c432f: extract_entropy account returned: 0 
[    6.211843] random 0000 0000 0000 89bae1ab 704c432f: urand_change_num 62 xfer_secondary_pool(16): pool_sig fffffd99, data_sig 00000000, bytes_mixed 0 89bae1ab 704c432f
[    6.211846] random 0000 0000 0000 89bae1ab 704c432f: trying to extract 128 bits from nonblocking
[    6.211848] random 0000 0000 0000 89bae1ab 704c432f: debiting 128 entropy credits from nonblocking (unlimited)
[    6.211850] random 0000 0000 0000 89bae1ab 704c432f: extract_entropy account returned: 16 
[    6.211854] random 0000 0000 0000 89bae1ab 704c432f: urand_change_num 63 extract_buf: pool_sig fffffd99, data_sig 00000204, bytes_mixed 20 89bae1ab 704c432f
[    6.211860] random 0000 0000 0000 6c298a02 2b1539f8: urand_change_num 64 extract_buf: pool_sig 00000124, data_sig fffffff5, bytes_mixed 20 6c298a02 2b1539f8
[    6.212736] random 0000 0000 0000 c77b8b35 70f6cab5: rand_read_num 17 get_random_bytes(16): sig 0000036b c77b8b35 70f6cab5
[    6.212739] random 0000 0000 0000 c77b8b35 70f6cab5: extract_entropy(.. 16 ..)
[    6.212741] random 0000 0000 0000 c77b8b35 70f6cab5: going to reseed nonblocking with 128 bits (128 of 0 requested)
[    6.212744] random 0000 0000 0000 c77b8b35 70f6cab5: extract_entropy(.. 16 ..)
[    6.212746] random 0000 0000 0000 c77b8b35 70f6cab5: trying to extract 128 bits from input
[    6.212748] random 0000 0000 0000 c77b8b35 70f6cab5: debiting 0 entropy credits from input
[    6.212750] random 0000 0000 0000 c77b8b35 70f6cab5: extract_entropy account returned: 0 
[    6.212753] random 0000 0000 0000 c77b8b35 70f6cab5: urand_change_num 65 xfer_secondary_pool(16): pool_sig 0000036b, data_sig 00000000, bytes_mixed 0 c77b8b35 70f6cab5
[    6.212756] random 0000 0000 0000 c77b8b35 70f6cab5: trying to extract 128 bits from nonblocking
[    6.212758] random 0000 0000 0000 c77b8b35 70f6cab5: debiting 128 entropy credits from nonblocking (unlimited)
[    6.212761] random 0000 0000 0000 c77b8b35 70f6cab5: extract_entropy account returned: 16 
[    6.212765] random 0000 0000 0000 c77b8b35 70f6cab5: urand_change_num 66 extract_buf: pool_sig 0000036b, data_sig 0000005f, bytes_mixed 20 c77b8b35 70f6cab5
[    6.212770] random 0000 0000 0000 c77b8b35 70f6cab5: urand_change_num 67 extract_buf: pool_sig ffffff1c, data_sig 0000005a, bytes_mixed 20 c77b8b35 70f6cab5
[    6.213354] random 0000 0000 0000 af21d212 57d20ca3: rand_read_num 18 get_random_bytes(16): sig fffffb7f af21d212 57d20ca3
[    6.213356] random 0000 0000 0000 af21d212 57d20ca3: extract_entropy(.. 16 ..)
[    6.213359] random 0000 0000 0000 af21d212 57d20ca3: going to reseed nonblocking with 128 bits (128 of 0 requested)
[    6.213361] random 0000 0000 0000 af21d212 57d20ca3: extract_entropy(.. 16 ..)
[    6.213363] random 0000 0000 0000 af21d212 57d20ca3: trying to extract 128 bits from input
[    6.213365] random 0000 0000 0000 af21d212 57d20ca3: debiting 0 entropy credits from input
[    6.213367] random 0000 0000 0000 af21d212 57d20ca3: extract_entropy account returned: 0 
[    6.213371] random 0000 0000 0000 af21d212 57d20ca3: urand_change_num 68 xfer_secondary_pool(16): pool_sig fffffb7f, data_sig 00000000, bytes_mixed 0 af21d212 57d20ca3
[    6.213373] random 0000 0000 0000 af21d212 57d20ca3: trying to extract 128 bits from nonblocking
[    6.213376] random 0000 0000 0000 af21d212 57d20ca3: debiting 128 entropy credits from nonblocking (unlimited)
[    6.213378] random 0000 0000 0000 af21d212 57d20ca3: extract_entropy account returned: 16 
[    6.213382] random 0000 0000 0000 af21d212 57d20ca3: urand_change_num 69 extract_buf: pool_sig fffffb7f, data_sig ffffff88, bytes_mixed 20 af21d212 57d20ca3
[    6.213387] random 0000 0000 0000 af21d212 57d20ca3: urand_change_num 70 extract_buf: pool_sig fffffe1d, data_sig ffffff17, bytes_mixed 20 af21d212 57d20ca3
[    6.213980] random 0000 0000 0000 ffbd26fd 21933274: rand_read_num 19 get_random_bytes(16): sig ffffffc7 ffbd26fd 21933274
[    6.213983] random 0000 0000 0000 ffbd26fd 21933274: extract_entropy(.. 16 ..)
[    6.213985] random 0000 0000 0000 ffbd26fd 21933274: going to reseed nonblocking with 128 bits (128 of 0 requested)
[    6.213988] random 0000 0000 0000 ffbd26fd 21933274: extract_entropy(.. 16 ..)
[    6.213990] random 0000 0000 0000 ffbd26fd 21933274: trying to extract 128 bits from input
[    6.213992] random 0000 0000 0000 ffbd26fd 21933274: debiting 0 entropy credits from input
[    6.213994] random 0000 0000 0000 ffbd26fd 21933274: extract_entropy account returned: 0 
[    6.213997] random 0000 0000 0000 ffbd26fd 21933274: urand_change_num 71 xfer_secondary_pool(16): pool_sig ffffffc7, data_sig 00000000, bytes_mixed 0 ffbd26fd 21933274
[    6.214000] random 0000 0000 0000 ffbd26fd 21933274: trying to extract 128 bits from nonblocking
[    6.214002] random 0000 0000 0000 ffbd26fd 21933274: debiting 128 entropy credits from nonblocking (unlimited)
[    6.214004] random 0000 0000 0000 ffbd26fd 21933274: extract_entropy account returned: 16 
[    6.214009] random 0000 0000 0000 ffbd26fd 21933274: urand_change_num 72 extract_buf: pool_sig ffffffc7, data_sig 0000013b, bytes_mixed 20 ffbd26fd 21933274
[    6.214014] random 0000 0000 0000 151530a2 56c65dd3: urand_change_num 73 extract_buf: pool_sig ffffffbf, data_sig 00000036, bytes_mixed 20 151530a2 56c65dd3
[    6.214563] random 0000 0000 0000 151530a2 56c65dd3: rand_read_num 20 get_random_bytes(16): sig 000001a7 151530a2 56c65dd3
[    6.214566] random 0000 0000 0000 151530a2 56c65dd3: extract_entropy(.. 16 ..)
[    6.214569] random 0000 0000 0000 151530a2 56c65dd3: going to reseed nonblocking with 128 bits (128 of 0 requested)
[    6.214571] random 0000 0000 0000 151530a2 56c65dd3: extract_entropy(.. 16 ..)
[    6.214573] random 0000 0000 0000 151530a2 56c65dd3: trying to extract 128 bits from input
[    6.214575] random 0000 0000 0000 151530a2 56c65dd3: debiting 0 entropy credits from input
[    6.214577] random 0000 0000 0000 151530a2 56c65dd3: extract_entropy account returned: 0 
[    6.214580] random 0000 0000 0000 151530a2 56c65dd3: urand_change_num 74 xfer_secondary_pool(16): pool_sig 000001a7, data_sig 00000000, bytes_mixed 0 151530a2 56c65dd3
[    6.214583] random 0000 0000 0000 151530a2 56c65dd3: trying to extract 128 bits from nonblocking
[    6.214586] random 0000 0000 0000 151530a2 56c65dd3: debiting 128 entropy credits from nonblocking (unlimited)
[    6.214588] random 0000 0000 0000 151530a2 56c65dd3: extract_entropy account returned: 16 
[    6.214592] random 0000 0000 0000 151530a2 56c65dd3: urand_change_num 75 extract_buf: pool_sig 000001a7, data_sig ffffffa1, bytes_mixed 20 151530a2 56c65dd3
[    6.214597] random 0000 0000 0000 5d3e132e d9a77eb3: urand_change_num 76 extract_buf: pool_sig fffffcc9, data_sig 00000013, bytes_mixed 20 5d3e132e d9a77eb3
[    6.257334] random 0000 0000 0000 264837ad 0a28fef5: rand_read_num 21 get_random_bytes(16): sig ffffffd0 264837ad 0a28fef5
[    6.257337] random 0000 0000 0000 264837ad 0a28fef5: extract_entropy(.. 16 ..)
[    6.257340] random 0000 0000 0000 264837ad 0a28fef5: going to reseed nonblocking with 128 bits (128 of 0 requested)
[    6.257343] random 0000 0000 0000 264837ad 0a28fef5: extract_entropy(.. 16 ..)
[    6.257345] random 0000 0000 0000 264837ad 0a28fef5: trying to extract 128 bits from input
[    6.257347] random 0000 0000 0000 264837ad 0a28fef5: debiting 0 entropy credits from input
[    6.257349] random 0000 0000 0000 264837ad 0a28fef5: extract_entropy account returned: 0 
[    6.257352] random 0000 0000 0000 264837ad 0a28fef5: urand_change_num 77 xfer_secondary_pool(16): pool_sig ffffffd0, data_sig 00000000, bytes_mixed 0 264837ad 0a28fef5
[    6.257355] random 0000 0000 0000 264837ad 0a28fef5: trying to extract 128 bits from nonblocking
[    6.257358] random 0000 0000 0000 264837ad 0a28fef5: debiting 128 entropy credits from nonblocking (unlimited)
[    6.257360] random 0000 0000 0000 264837ad 0a28fef5: extract_entropy account returned: 16 
[    6.257364] random 0000 0000 0000 264837ad 0a28fef5: urand_change_num 78 extract_buf: pool_sig ffffffd0, data_sig 0000017b, bytes_mixed 20 264837ad 0a28fef5
[    6.257370] random 0000 0000 0000 264837ad 0a28fef5: urand_change_num 79 extract_buf: pool_sig 0000045c, data_sig 000001df, bytes_mixed 20 264837ad 0a28fef5
[    6.258830] random 0000 0000 0000 f37f7344 164aede0: rand_read_num 22 get_random_bytes(16): sig 000003c2 f37f7344 164aede0
[    6.258832] random 0000 0000 0000 f37f7344 164aede0: extract_entropy(.. 16 ..)
[    6.258835] random 0000 0000 0000 f37f7344 164aede0: going to reseed nonblocking with 128 bits (128 of 0 requested)
[    6.258837] random 0000 0000 0000 f37f7344 164aede0: extract_entropy(.. 16 ..)
[    6.258839] random 0000 0000 0000 f37f7344 164aede0: trying to extract 128 bits from input
[    6.258841] random 0000 0000 0000 f37f7344 164aede0: debiting 0 entropy credits from input
[    6.258843] random 0000 0000 0000 f37f7344 164aede0: extract_entropy account returned: 0 
[    6.258847] random 0000 0000 0000 f37f7344 164aede0: urand_change_num 80 xfer_secondary_pool(16): pool_sig 000003c2, data_sig 00000000, bytes_mixed 0 f37f7344 164aede0
[    6.258850] random 0000 0000 0000 f37f7344 164aede0: trying to extract 128 bits from nonblocking
[    6.258852] random 0000 0000 0000 f37f7344 164aede0: debiting 128 entropy credits from nonblocking (unlimited)
[    6.258854] random 0000 0000 0000 f37f7344 164aede0: extract_entropy account returned: 16 
[    6.258858] random 0000 0000 0000 f37f7344 164aede0: urand_change_num 81 extract_buf: pool_sig 000003c2, data_sig ffffff6c, bytes_mixed 20 f37f7344 164aede0
[    6.258864] random 0000 0000 0000 f37f7344 164aede0: urand_change_num 82 extract_buf: pool_sig fffffdfc, data_sig 00000091, bytes_mixed 20 f37f7344 164aede0
[    6.281635] random 0000 0000 0000 a4794863 878070c1: rand_read_num 23 get_random_bytes(16): sig 0000011b a4794863 878070c1
[    6.281637] random 0000 0000 0000 a4794863 878070c1: extract_entropy(.. 16 ..)
[    6.281640] random 0000 0000 0000 a4794863 878070c1: going to reseed nonblocking with 128 bits (128 of 0 requested)
[    6.281642] random 0000 0000 0000 a4794863 878070c1: extract_entropy(.. 16 ..)
[    6.281644] random 0000 0000 0000 a4794863 878070c1: trying to extract 128 bits from input
[    6.281647] random 0000 0000 0000 a4794863 878070c1: debiting 0 entropy credits from input
[    6.281648] random 0000 0000 0000 a4794863 878070c1: extract_entropy account returned: 0 
[    6.281652] random 0000 0000 0000 a4794863 878070c1: urand_change_num 83 xfer_secondary_pool(16): pool_sig 0000011b, data_sig 00000000, bytes_mixed 0 a4794863 878070c1
[    6.281655] random 0000 0000 0000 a4794863 878070c1: trying to extract 128 bits from nonblocking
[    6.281657] random 0000 0000 0000 a4794863 878070c1: debiting 128 entropy credits from nonblocking (unlimited)
[    6.281659] random 0000 0000 0000 a4794863 878070c1: extract_entropy account returned: 16 
[    6.281663] random 0000 0000 0000 a4794863 878070c1: urand_change_num 84 extract_buf: pool_sig 0000011b, data_sig ffffff51, bytes_mixed 20 a4794863 878070c1
[    6.281669] random 0000 0000 0000 737f19b4 9417d8ab: urand_change_num 85 extract_buf: pool_sig 000001a3, data_sig 0000006c, bytes_mixed 20 737f19b4 9417d8ab
[    6.285725] random 0000 0000 0000 737f19b4 9417d8ab: rand_read_num 24 get_random_bytes(16): sig fffffe22 737f19b4 9417d8ab
[    6.285728] random 0000 0000 0000 737f19b4 9417d8ab: extract_entropy(.. 16 ..)
[    6.285731] random 0000 0000 0000 737f19b4 9417d8ab: going to reseed nonblocking with 128 bits (128 of 0 requested)
[    6.285733] random 0000 0000 0000 737f19b4 9417d8ab: extract_entropy(.. 16 ..)
[    6.285735] random 0000 0000 0000 737f19b4 9417d8ab: trying to extract 128 bits from input
[    6.285737] random 0000 0000 0000 737f19b4 9417d8ab: debiting 0 entropy credits from input
[    6.285739] random 0000 0000 0000 737f19b4 9417d8ab: extract_entropy account returned: 0 
[    6.285742] random 0000 0000 0000 737f19b4 9417d8ab: urand_change_num 86 xfer_secondary_pool(16): pool_sig fffffe22, data_sig 00000000, bytes_mixed 0 737f19b4 9417d8ab
[    6.285745] random 0000 0000 0000 737f19b4 9417d8ab: trying to extract 128 bits from nonblocking
[    6.285747] random 0000 0000 0000 737f19b4 9417d8ab: debiting 128 entropy credits from nonblocking (unlimited)
[    6.285750] random 0000 0000 0000 737f19b4 9417d8ab: extract_entropy account returned: 16 
[    6.285754] random 0000 0000 0000 737f19b4 9417d8ab: urand_change_num 87 extract_buf: pool_sig fffffe22, data_sig 00000230, bytes_mixed 20 737f19b4 9417d8ab
[    6.285759] random 0000 0000 0000 4deb0d06 1236af4c: urand_change_num 88 extract_buf: pool_sig 000000b6, data_sig ffffff44, bytes_mixed 20 4deb0d06 1236af4c
[    6.286766] random 0000 0000 0000 b538fadc 4a7613df: rand_read_num 25 get_random_bytes(16): sig 0000013c b538fadc 4a7613df
[    6.286769] random 0000 0000 0000 b538fadc 4a7613df: extract_entropy(.. 16 ..)
[    6.286771] random 0000 0000 0000 b538fadc 4a7613df: going to reseed nonblocking with 128 bits (128 of 0 requested)
[    6.286773] random 0000 0000 0000 b538fadc 4a7613df: extract_entropy(.. 16 ..)
[    6.286776] random 0000 0000 0000 b538fadc 4a7613df: trying to extract 128 bits from input
[    6.286778] random 0000 0000 0000 b538fadc 4a7613df: debiting 0 entropy credits from input
[    6.286780] random 0000 0000 0000 b538fadc 4a7613df: extract_entropy account returned: 0 
[    6.286783] random 0000 0000 0000 b538fadc 4a7613df: urand_change_num 89 xfer_secondary_pool(16): pool_sig 0000013c, data_sig 00000000, bytes_mixed 0 b538fadc 4a7613df
[    6.286786] random 0000 0000 0000 b538fadc 4a7613df: trying to extract 128 bits from nonblocking
[    6.286788] random 0000 0000 0000 b538fadc 4a7613df: debiting 128 entropy credits from nonblocking (unlimited)
[    6.286790] random 0000 0000 0000 b538fadc 4a7613df: extract_entropy account returned: 16 
[    6.286795] random 0000 0000 0000 b538fadc 4a7613df: urand_change_num 90 extract_buf: pool_sig 0000013c, data_sig 00000015, bytes_mixed 20 b538fadc 4a7613df
[    6.286800] random 0000 0000 0000 b538fadc 4a7613df: urand_change_num 91 extract_buf: pool_sig 00000452, data_sig 0000002b, bytes_mixed 20 b538fadc 4a7613df
[    6.287249] random 0000 0000 0000 73b17df4 93bb370e: rand_read_num 26 get_random_bytes(16): sig fffffbf1 73b17df4 93bb370e
[    6.287252] random 0000 0000 0000 73b17df4 93bb370e: extract_entropy(.. 16 ..)
[    6.287255] random 0000 0000 0000 73b17df4 93bb370e: going to reseed nonblocking with 128 bits (128 of 0 requested)
[    6.287257] random 0000 0000 0000 73b17df4 93bb370e: extract_entropy(.. 16 ..)
[    6.287259] random 0000 0000 0000 73b17df4 93bb370e: trying to extract 128 bits from input
[    6.287261] random 0000 0000 0000 73b17df4 93bb370e: debiting 0 entropy credits from input
[    6.287263] random 0000 0000 0000 73b17df4 93bb370e: extract_entropy account returned: 0 
[    6.287266] random 0000 0000 0000 73b17df4 93bb370e: urand_change_num 92 xfer_secondary_pool(16): pool_sig fffffbf1, data_sig 00000000, bytes_mixed 0 73b17df4 93bb370e
[    6.287269] random 0000 0000 0000 73b17df4 93bb370e: trying to extract 128 bits from nonblocking
[    6.287272] random 0000 0000 0000 73b17df4 93bb370e: debiting 128 entropy credits from nonblocking (unlimited)
[    6.287274] random 0000 0000 0000 73b17df4 93bb370e: extract_entropy account returned: 16 
[    6.287278] random 0000 0000 0000 73b17df4 93bb370e: urand_change_num 93 extract_buf: pool_sig fffffbf1, data_sig ffffff99, bytes_mixed 20 73b17df4 93bb370e
[    6.287283] random 0000 0000 0000 73b17df4 93bb370e: urand_change_num 94 extract_buf: pool_sig fffffe1d, data_sig 000000b0, bytes_mixed 20 73b17df4 93bb370e
[    6.287689] random 0000 0000 0000 0cd682bb ba04da9f: rand_read_num 27 get_random_bytes(16): sig fffffccb 0cd682bb ba04da9f
[    6.287692] random 0000 0000 0000 0cd682bb ba04da9f: extract_entropy(.. 16 ..)
[    6.287695] random 0000 0000 0000 0cd682bb ba04da9f: going to reseed nonblocking with 128 bits (128 of 0 requested)
[    6.287697] random 0000 0000 0000 0cd682bb ba04da9f: extract_entropy(.. 16 ..)
[    6.287706] random 0000 0000 0000 0cd682bb ba04da9f: trying to extract 128 bits from input
[    6.287708] random 0000 0000 0000 0cd682bb ba04da9f: debiting 0 entropy credits from input
[    6.287710] random 0000 0000 0000 0cd682bb ba04da9f: extract_entropy account returned: 0 
[    6.287713] random 0000 0000 0000 0cd682bb ba04da9f: urand_change_num 95 xfer_secondary_pool(16): pool_sig fffffccb, data_sig 00000000, bytes_mixed 0 0cd682bb ba04da9f
[    6.287716] random 0000 0000 0000 0cd682bb ba04da9f: trying to extract 128 bits from nonblocking
[    6.287718] random 0000 0000 0000 0cd682bb ba04da9f: debiting 128 entropy credits from nonblocking (unlimited)
[    6.287720] random 0000 0000 0000 0cd682bb ba04da9f: extract_entropy account returned: 16 
[    6.287725] random 0000 0000 0000 0cd682bb ba04da9f: urand_change_num 96 extract_buf: pool_sig fffffccb, data_sig fffffec5, bytes_mixed 20 0cd682bb ba04da9f
[    6.287730] random 0000 0000 0000 26929f1a 15254dc1: urand_change_num 97 extract_buf: pool_sig fffffed2, data_sig ffffffb1, bytes_mixed 20 26929f1a 15254dc1
[    6.288596] random 0000 0000 0000 26929f1a 15254dc1: rand_read_num 28 get_random_bytes(16): sig 00000038 26929f1a 15254dc1
[    6.288599] random 0000 0000 0000 26929f1a 15254dc1: extract_entropy(.. 16 ..)
[    6.288602] random 0000 0000 0000 26929f1a 15254dc1: going to reseed nonblocking with 128 bits (128 of 0 requested)
[    6.288604] random 0000 0000 0000 26929f1a 15254dc1: extract_entropy(.. 16 ..)
[    6.288606] random 0000 0000 0000 26929f1a 15254dc1: trying to extract 128 bits from input
[    6.288608] random 0000 0000 0000 26929f1a 15254dc1: debiting 0 entropy credits from input
[    6.288610] random 0000 0000 0000 26929f1a 15254dc1: extract_entropy account returned: 0 
[    6.288613] random 0000 0000 0000 26929f1a 15254dc1: urand_change_num 98 xfer_secondary_pool(16): pool_sig 00000038, data_sig 00000000, bytes_mixed 0 26929f1a 15254dc1
[    6.288616] random 0000 0000 0000 26929f1a 15254dc1: trying to extract 128 bits from nonblocking
[    6.288618] random 0000 0000 0000 26929f1a 15254dc1: debiting 128 entropy credits from nonblocking (unlimited)
[    6.288620] random 0000 0000 0000 26929f1a 15254dc1: extract_entropy account returned: 16 
[    6.288625] random 0000 0000 0000 26929f1a 15254dc1: urand_change_num 99 extract_buf: pool_sig 00000038, data_sig 000000fd, bytes_mixed 20 26929f1a 15254dc1
[    6.288630] random 0000 0000 0000 8116fe3b 478c2d5b: urand_change_num 100 extract_buf: pool_sig 00000059, data_sig 00000310, bytes_mixed 20 8116fe3b 478c2d5b
[    6.295265] random 0000 0000 0000 a20f4a3a 32a6b2fa: rand_read_num 29 get_random_bytes(16): sig 000002c0 a20f4a3a 32a6b2fa
[    6.295268] random 0000 0000 0000 a20f4a3a 32a6b2fa: extract_entropy(.. 16 ..)
[    6.295270] random 0000 0000 0000 a20f4a3a 32a6b2fa: going to reseed nonblocking with 128 bits (128 of 0 requested)
[    6.295273] random 0000 0000 0000 a20f4a3a 32a6b2fa: extract_entropy(.. 16 ..)
[    6.295275] random 0000 0000 0000 a20f4a3a 32a6b2fa: trying to extract 128 bits from input
[    6.295277] random 0000 0000 0000 a20f4a3a 32a6b2fa: debiting 0 entropy credits from input
[    6.295279] random 0000 0000 0000 a20f4a3a 32a6b2fa: extract_entropy account returned: 0 
[    6.295282] random 0000 0000 0000 a20f4a3a 32a6b2fa: urand_change_num 101 xfer_secondary_pool(16): pool_sig 000002c0, data_sig 00000000, bytes_mixed 0 a20f4a3a 32a6b2fa
[    6.295285] random 0000 0000 0000 a20f4a3a 32a6b2fa: trying to extract 128 bits from nonblocking
[    6.295287] random 0000 0000 0000 a20f4a3a 32a6b2fa: debiting 128 entropy credits from nonblocking (unlimited)
[    6.295289] random 0000 0000 0000 a20f4a3a 32a6b2fa: extract_entropy account returned: 16 
[    6.295293] random 0000 0000 0000 a20f4a3a 32a6b2fa: urand_change_num 102 extract_buf: pool_sig 000002c0, data_sig 000000fb, bytes_mixed 20 a20f4a3a 32a6b2fa
[    6.295299] random 0000 0000 0000 a20f4a3a 32a6b2fa: urand_change_num 103 extract_buf: pool_sig ffffffdd, data_sig 000000a5, bytes_mixed 20 a20f4a3a 32a6b2fa
[    6.307802] random 0000 0000 0000 de716d2a 6c4757e1: rand_read_num 30 get_random_bytes(16): sig 000000fa de716d2a 6c4757e1
[    6.307805] random 0000 0000 0000 de716d2a 6c4757e1: extract_entropy(.. 16 ..)
[    6.307808] random 0000 0000 0000 de716d2a 6c4757e1: going to reseed nonblocking with 128 bits (128 of 0 requested)
[    6.307810] random 0000 0000 0000 de716d2a 6c4757e1: extract_entropy(.. 16 ..)
[    6.307812] random 0000 0000 0000 de716d2a 6c4757e1: trying to extract 128 bits from input
[    6.307814] random 0000 0000 0000 de716d2a 6c4757e1: debiting 0 entropy credits from input
[    6.307816] random 0000 0000 0000 de716d2a 6c4757e1: extract_entropy account returned: 0 
[    6.307819] random 0000 0000 0000 de716d2a 6c4757e1: urand_change_num 104 xfer_secondary_pool(16): pool_sig 000000fa, data_sig 00000000, bytes_mixed 0 de716d2a 6c4757e1
[    6.307822] random 0000 0000 0000 de716d2a 6c4757e1: trying to extract 128 bits from nonblocking
[    6.307825] random 0000 0000 0000 de716d2a 6c4757e1: debiting 128 entropy credits from nonblocking (unlimited)
[    6.307827] random 0000 0000 0000 de716d2a 6c4757e1: extract_entropy account returned: 16 
[    6.307831] random 0000 0000 0000 de716d2a 6c4757e1: urand_change_num 105 extract_buf: pool_sig 000000fa, data_sig ffffff34, bytes_mixed 20 de716d2a 6c4757e1
[    6.307836] random 0000 0000 0000 de716d2a 6c4757e1: urand_change_num 106 extract_buf: pool_sig 000003d3, data_sig ffffff30, bytes_mixed 20 de716d2a 6c4757e1
[    6.308420] random 0000 0000 0000 a7c511e1 f90ea457: rand_read_num 31 get_random_bytes(16): sig 0000009a a7c511e1 f90ea457
[    6.308423] random 0000 0000 0000 a7c511e1 f90ea457: extract_entropy(.. 16 ..)
[    6.308426] random 0000 0000 0000 a7c511e1 f90ea457: going to reseed nonblocking with 128 bits (128 of 0 requested)
[    6.308428] random 0000 0000 0000 a7c511e1 f90ea457: extract_entropy(.. 16 ..)
[    6.308430] random 0000 0000 0000 a7c511e1 f90ea457: trying to extract 128 bits from input
[    6.308432] random 0000 0000 0000 a7c511e1 f90ea457: debiting 0 entropy credits from input
[    6.308434] random 0000 0000 0000 a7c511e1 f90ea457: extract_entropy account returned: 0 
[    6.308437] random 0000 0000 0000 a7c511e1 f90ea457: urand_change_num 107 xfer_secondary_pool(16): pool_sig 0000009a, data_sig 00000000, bytes_mixed 0 a7c511e1 f90ea457
[    6.308440] random 0000 0000 0000 a7c511e1 f90ea457: trying to extract 128 bits from nonblocking
[    6.308442] random 0000 0000 0000 a7c511e1 f90ea457: debiting 128 entropy credits from nonblocking (unlimited)
[    6.308444] random 0000 0000 0000 a7c511e1 f90ea457: extract_entropy account returned: 16 
[    6.308449] random 0000 0000 0000 a7c511e1 f90ea457: urand_change_num 108 extract_buf: pool_sig 0000009a, data_sig 000000e0, bytes_mixed 20 a7c511e1 f90ea457
[    6.308454] random 0000 0000 0000 7c18c7e6 d65ccb06: urand_change_num 109 extract_buf: pool_sig fffffa79, data_sig 000000e0, bytes_mixed 20 7c18c7e6 d65ccb06
[    6.309043] random 0000 0000 0000 7c18c7e6 d65ccb06: rand_read_num 32 get_random_bytes(16): sig fffffe1e 7c18c7e6 d65ccb06
[    6.309046] random 0000 0000 0000 7c18c7e6 d65ccb06: extract_entropy(.. 16 ..)
[    6.309049] random 0000 0000 0000 7c18c7e6 d65ccb06: going to reseed nonblocking with 128 bits (128 of 0 requested)
[    6.309051] random 0000 0000 0000 7c18c7e6 d65ccb06: extract_entropy(.. 16 ..)
[    6.309053] random 0000 0000 0000 7c18c7e6 d65ccb06: trying to extract 128 bits from input
[    6.309055] random 0000 0000 0000 7c18c7e6 d65ccb06: debiting 0 entropy credits from input
[    6.309057] random 0000 0000 0000 7c18c7e6 d65ccb06: extract_entropy account returned: 0 
[    6.309060] random 0000 0000 0000 7c18c7e6 d65ccb06: urand_change_num 110 xfer_secondary_pool(16): pool_sig fffffe1e, data_sig 00000000, bytes_mixed 0 7c18c7e6 d65ccb06
[    6.309063] random 0000 0000 0000 7c18c7e6 d65ccb06: trying to extract 128 bits from nonblocking
[    6.309066] random 0000 0000 0000 7c18c7e6 d65ccb06: debiting 128 entropy credits from nonblocking (unlimited)
[    6.309068] random 0000 0000 0000 7c18c7e6 d65ccb06: extract_entropy account returned: 16 
