[    0.000000] random 0000 0000 0000 00000000 00000000: rand_read_num 1 get_random_bytes(8): sig 00000000 00000000 00000000
[    0.000000] random 0000 0000 0000 00000000 00000000: extract_entropy(.. 8 ..)
[    0.000000] random 0000 0000 0000 00000000 00000000: going to reseed nonblocking with 64 bits (64 of 0 requested)
[    0.000000] random 0000 0000 0000 00000000 00000000: extract_entropy(.. 8 ..)
[    0.000000] random 0000 0000 0000 00000000 00000000: trying to extract 64 bits from input
[    0.000000] random 0000 0000 0000 00000000 00000000: debiting 0 entropy credits from input
[    0.000000] random 0000 0000 0000 00000000 00000000: extract_entropy account returned: 0 
[    0.000000] random 0000 0000 0000 00000000 00000000: urand_change_num 1 xfer_secondary_pool(8): pool_sig 00000000, data_sig 00000000, bytes_mixed 0 00000000 00000000
[    0.000000] random 0000 0000 0000 00000000 00000000: trying to extract 64 bits from nonblocking
[    0.000000] random 0000 0000 0000 00000000 00000000: debiting 64 entropy credits from nonblocking (unlimited)
[    0.000000] random 0000 0000 0000 00000000 00000000: extract_entropy account returned: 8 
[    0.000000] random 0000 0000 0000 00000000 00000000: urand_change_num 2 extract_buf: pool_sig 00000000, data_sig fffffff9, bytes_mixed 20 00000000 00000000
[    0.000000] Linux version 2.6.32.57 (dcashman@dcashman-02) (gcc version 4.3.3 (GCC) ) #3 Fri May 24 04:27:34 PDT 2013
[    0.000000] KERNEL supported cpus:
[    0.000000]   Intel GenuineIntel
[    0.000000]   AMD AuthenticAMD
[    0.000000]   NSC Geode by NSC
[    0.000000]   Cyrix CyrixInstead
[    0.000000]   Centaur CentaurHauls
[    0.000000]   Transmeta GenuineTMx86
[    0.000000]   Transmeta TransmetaCPU
[    0.000000]   UMC UMC UMC UMC
[    0.000000] BIOS-provided physical RAM map:
[    0.000000]  BIOS-e820: 0000000000000000 - 000000000009d800 (usable)
[    0.000000]  BIOS-e820: 000000000009d800 - 00000000000a0000 (reserved)
[    0.000000]  BIOS-e820: 00000000000d2000 - 00000000000d4000 (reserved)
[    0.000000]  BIOS-e820: 00000000000e0000 - 0000000000100000 (reserved)
[    0.000000]  BIOS-e820: 0000000000100000 - 000000003d6b0000 (usable)
[    0.000000]  BIOS-e820: 000000003d6b0000 - 000000003d6cc000 (ACPI data)
[    0.000000]  BIOS-e820: 000000003d6cc000 - 000000003d700000 (ACPI NVS)
[    0.000000]  BIOS-e820: 000000003d700000 - 000000003e000000 (reserved)
[    0.000000]  BIOS-e820: 00000000f0000000 - 00000000f4000000 (reserved)
[    0.000000]  BIOS-e820: 00000000fec00000 - 00000000fec10000 (reserved)
[    0.000000]  BIOS-e820: 00000000fed00000 - 00000000fed00400 (reserved)
[    0.000000]  BIOS-e820: 00000000fed14000 - 00000000fed1a000 (reserved)
[    0.000000]  BIOS-e820: 00000000fed1c000 - 00000000fed90000 (reserved)
[    0.000000]  BIOS-e820: 00000000fee00000 - 00000000fee01000 (reserved)
[    0.000000]  BIOS-e820: 00000000ff000000 - 0000000100000000 (reserved)
[    0.000000] DMI present.
[    0.000000] last_pfn = 0x3d6b0 max_arch_pfn = 0x100000
[    0.000000] MTRR default type: uncachable
[    0.000000] MTRR fixed ranges enabled:
[    0.000000]   00000-9FFFF write-back
[    0.000000]   A0000-BFFFF uncachable
[    0.000000]   C0000-CFFFF write-protect
[    0.000000]   D0000-DFFFF uncachable
[    0.000000]   E0000-FFFFF write-protect
[    0.000000] MTRR variable ranges enabled:
[    0.000000]   0 base 03E000000 mask FFE000000 uncachable
[    0.000000]   1 base 000000000 mask FC0000000 write-back
[    0.000000]   2 base 03D700000 mask FFFF00000 uncachable
[    0.000000]   3 base 03D800000 mask FFF800000 uncachable
[    0.000000]   4 disabled
[    0.000000]   5 disabled
[    0.000000]   6 disabled
[    0.000000]   7 disabled
[    0.000000] initial memory mapped : 0 - 02000000
[    0.000000] init_memory_mapping: 0000000000000000-00000000377fe000
[    0.000000]  0000000000 - 0000400000 page 4k
[    0.000000]  0000400000 - 0037400000 page 2M
[    0.000000]  0037400000 - 00377fe000 page 4k
[    0.000000] kernel direct mapping tables up to 377fe000 @ 7000-c000
[    0.000000] ACPI: RSDP 000f68d0 00024 (v02 LENOVO)
[    0.000000] ACPI: XSDT 3d6bb77f 00094 (v01 LENOVO TP-7L    00002170  LTP 00000000)
[    0.000000] ACPI: FACP 3d6bb900 000F4 (v03 LENOVO TP-7L    00002170 LNVO 00000001)
[    0.000000] ACPI Warning: 32/64X length mismatch in Gpe1Block: 0/32 (20090903/tbfadt-526)
[    0.000000] ACPI Warning: Optional field Gpe1Block has zero address or length: 000000000000102C/0 (20090903/tbfadt-557)
[    0.000000] ACPI: DSDT 3d6bbd1d 0FED1 (v01 LENOVO TP-7L    00002170 MSFT 03000000)
[    0.000000] ACPI: FACS 3d6e4000 00040
[    0.000000] ACPI: SSDT 3d6bbab4 00269 (v01 LENOVO TP-7L    00002170 MSFT 03000000)
[    0.000000] ACPI: ECDT 3d6cbbee 00052 (v01 LENOVO TP-7L    00002170 LNVO 00000001)
[    0.000000] ACPI: TCPA 3d6cbc40 00032 (v02 LENOVO TP-7L    00002170 LNVO 00000001)
[    0.000000] ACPI: APIC 3d6cbc72 00068 (v01 LENOVO TP-7L    00002170 LNVO 00000001)
[    0.000000] ACPI: MCFG 3d6cbcda 0003C (v01 LENOVO TP-7L    00002170 LNVO 00000001)
[    0.000000] ACPI: HPET 3d6cbd16 00038 (v01 LENOVO TP-7L    00002170 LNVO 00000001)
[    0.000000] ACPI: SLIC 3d6cbdf0 00176 (v01 LENOVO TP-7L    00002170  LTP 00000000)
[    0.000000] ACPI: BOOT 3d6cbf66 00028 (v01 LENOVO TP-7L    00002170  LTP 00000001)
[    0.000000] ACPI: ASF! 3d6cbf8e 00072 (v16 LENOVO TP-7L    00002170 PTL  00000001)
[    0.000000] ACPI: SSDT 3d6e26d9 0025F (v01 LENOVO TP-7L    00002170 INTL 20050513)
[    0.000000] ACPI: SSDT 3d6e2938 000A6 (v01 LENOVO TP-7L    00002170 INTL 20050513)
[    0.000000] ACPI: SSDT 3d6e29de 004F7 (v01 LENOVO TP-7L    00002170 INTL 20050513)
[    0.000000] ACPI: SSDT 3d6e2ed5 001D8 (v01 LENOVO TP-7L    00002170 INTL 20050513)
[    0.000000] ACPI: DMI detected: Lenovo ThinkPad R61
[    0.000000] ACPI: Added _OSI(Linux)
[    0.000000] ACPI: Local APIC address 0xfee00000
[    0.000000] 94MB HIGHMEM available.
[    0.000000] 887MB LOWMEM available.
[    0.000000]   mapped low ram: 0 - 377fe000
[    0.000000]   low ram: 0 - 377fe000
[    0.000000]   node 0 low ram: 00000000 - 377fe000
[    0.000000]   node 0 bootmap 00008000 - 0000ef00
[    0.000000] (6 early reservations) ==> bootmem [0000000000 - 00377fe000]
[    0.000000]   #0 [0000000000 - 0000001000]   BIOS data page ==> [0000000000 - 0000001000]
[    0.000000]   #1 [0001000000 - 0001bdc180]    TEXT DATA BSS ==> [0001000000 - 0001bdc180]
[    0.000000]   #2 [000009d800 - 0000100000]    BIOS reserved ==> [000009d800 - 0000100000]
[    0.000000]   #3 [0001bdd000 - 0001be516c]              BRK ==> [0001bdd000 - 0001be516c]
[    0.000000]   #4 [0000007000 - 0000008000]          PGTABLE ==> [0000007000 - 0000008000]
[    0.000000]   #5 [0000008000 - 000000f000]          BOOTMAP ==> [0000008000 - 000000f000]
[    0.000000] found SMP MP-table at [c00f6900] f6900
[    0.000000] Zone PFN ranges:
[    0.000000]   DMA      0x00000000 -> 0x00001000
[    0.000000]   Normal   0x00001000 -> 0x000377fe
[    0.000000]   HighMem  0x000377fe -> 0x0003d6b0
[    0.000000] Movable zone start PFN for each node
[    0.000000] early_node_map[2] active PFN ranges
[    0.000000]     0: 0x00000000 -> 0x0000009d
[    0.000000]     0: 0x00000100 -> 0x0003d6b0
[    0.000000] On node 0 totalpages: 251469
[    0.000000] free_area_init_node: node 0, pgdat c1901ea0, node_mem_map c1be7000
[    0.000000]   DMA zone: 32 pages used for memmap
[    0.000000]   DMA zone: 0 pages reserved
[    0.000000]   DMA zone: 3965 pages, LIFO batch:0
[    0.000000]   Normal zone: 1744 pages used for memmap
[    0.000000]   Normal zone: 221486 pages, LIFO batch:31
[    0.000000]   HighMem zone: 190 pages used for memmap
[    0.000000]   HighMem zone: 24052 pages, LIFO batch:3
[    0.000000] Using APIC driver default
[    0.000000] ACPI: PM-Timer IO Port: 0x1008
[    0.000000] ACPI: Local APIC address 0xfee00000
[    0.000000] ACPI: LAPIC (acpi_id[0x00] lapic_id[0x00] enabled)
[    0.000000] ACPI: LAPIC (acpi_id[0x01] lapic_id[0x01] enabled)
[    0.000000] ACPI: NR_CPUS/possible_cpus limit of 1 reached.  Processor 1/0x1 ignored.
[    0.000000] ACPI: LAPIC_NMI (acpi_id[0x00] high edge lint[0x1])
[    0.000000] ACPI: LAPIC_NMI (acpi_id[0x01] high edge lint[0x1])
[    0.000000] ACPI: IOAPIC (id[0x01] address[0xfec00000] gsi_base[0])
[    0.000000] IOAPIC[0]: apic_id 1, version 32, address 0xfec00000, GSI 0-23
[    0.000000] ACPI: INT_SRC_OVR (bus 0 bus_irq 0 global_irq 2 dfl dfl)
[    0.000000] ACPI: INT_SRC_OVR (bus 0 bus_irq 9 global_irq 9 high level)
[    0.000000] ACPI: IRQ0 used by override.
[    0.000000] ACPI: IRQ2 used by override.
[    0.000000] ACPI: IRQ9 used by override.
[    0.000000] Using ACPI (MADT) for SMP configuration information
[    0.000000] ACPI: HPET id: 0x8086a201 base: 0xfed00000
[    0.000000] nr_irqs_gsi: 24
[    0.000000] PM: Registered nosave memory: 000000000009d000 - 000000000009e000
[    0.000000] PM: Registered nosave memory: 000000000009e000 - 00000000000a0000
[    0.000000] PM: Registered nosave memory: 00000000000a0000 - 00000000000d2000
[    0.000000] PM: Registered nosave memory: 00000000000d2000 - 00000000000d4000
[    0.000000] PM: Registered nosave memory: 00000000000d4000 - 00000000000e0000
[    0.000000] PM: Registered nosave memory: 00000000000e0000 - 0000000000100000
[    0.000000] Allocating PCI resources starting at 3e000000 (gap: 3e000000:b2000000)
[    0.000000] Built 1 zonelists in Zone order, mobility grouping on.  Total pages: 249503
[    0.000000] Kernel command line: auto BOOT_IMAGE=Linux ro root=802 vt.default_utf8=0 maxcpus=0
[    0.000000] PID hash table entries: 4096 (order: 2, 16384 bytes)
[    0.000000] Dentry cache hash table entries: 131072 (order: 7, 524288 bytes)
[    0.000000] Inode-cache hash table entries: 65536 (order: 6, 262144 bytes)
[    0.000000] Enabling fast FPU save and restore... done.
[    0.000000] Enabling unmasked SIMD FPU exception support... done.
[    0.000000] Initializing CPU#0
[    0.000000] Initializing HighMem for node 0 (000377fe:0003d6b0)
[    0.000000] Memory: 984800k/1006272k available (6914k kernel code, 20876k reserved, 2328k data, 448k init, 96968k highmem)
[    0.000000] virtual kernel memory layout:
[    0.000000]     fixmap  : 0xfffa3000 - 0xfffff000   ( 368 kB)
[    0.000000]     pkmap   : 0xff800000 - 0xffc00000   (4096 kB)
[    0.000000]     vmalloc : 0xf7ffe000 - 0xff7fe000   ( 120 MB)
[    0.000000]     lowmem  : 0xc0000000 - 0xf77fe000   ( 887 MB)
[    0.000000]       .init : 0xc1907000 - 0xc1977000   ( 448 kB)
[    0.000000]       .data : 0xc16c0b5f - 0xc1906c64   (2328 kB)
[    0.000000]       .text : 0xc1000000 - 0xc16c0b5f   (6914 kB)
[    0.000000] Checking if this processor honours the WP bit even in supervisor mode...Ok.
[    0.000000] SLUB: Genslabs=13, HWalign=64, Order=0-3, MinObjects=0, CPUs=1, Nodes=1
[    0.000000] Hierarchical RCU implementation.
[    0.000000] NR_IRQS:288
[    0.000000] Extended CMOS year: 2000
[    0.000000] Console: colour VGA+ 80x25
[    0.000000] console [tty0] enabled
[    0.000000] hpet clockevent registered
[    0.000000] Fast TSC calibration using PIT
[    0.000000] Detected 2094.784 MHz processor.
[    0.001001] Calibrating delay loop (skipped), value calculated using timer frequency.. 4189.56 BogoMIPS (lpj=2094784)
[    0.001168] Security Framework initialized
[    0.001253] Mount-cache hash table entries: 512
[    0.001398] CPU: L1 I cache: 32K, L1 D cache: 32K
[    0.001519] CPU: L2 cache: 3072K
[    0.002004] mce: CPU supports 6 MCE banks
[    0.002084] CPU0: Thermal monitoring enabled (TM2)
[    0.002166] using mwait in idle threads.
[    0.002248] CPU: Intel(R) Core(TM)2 Duo CPU     T8100  @ 2.10GHz stepping 06
[    0.002424] Checking 'hlt' instruction... OK.
[    0.006938] ACPI: Core revision 20090903
[    0.026013] CANARY value: c03c6bff for PID: 1
[    0.026041] Enabling APIC mode:  Flat.  Using 1 I/O APICs
[    0.027264] ..TIMER: vector=0x30 apic1=0 pin1=2 apic2=-1 pin2=-1
[    0.037997] xor: automatically using best checksumming function: pIII_sse
[    0.041998]    pIII_sse  :  8568.000 MB/sec
[    0.042081] xor: using function: pIII_sse (8568.000 MB/sec)
[    0.042168] RANDOM - __seed init called.
[    0.042169] RANDOM - __seed init called.
[    0.042169] RANDOM - __seed init called.
[    0.042171] RANDOM - __random32 called. Change num 1.  Value: f7943846	49e73df3	af36cd0d
[    0.042173] RANDOM - __random32 called. Change num 2.  Value: 43846e13	9e73df37	9a1ad014
[    0.042175] RANDOM - __random32 called. Change num 3.  Value: 46e139c8	e73df373	a029598a
[    0.042176] RANDOM - __random32 called. Change num 4.  Value: 139c8c3b	73df373d	b3142c72
[    0.042178] RANDOM - __random32 called. Change num 5.  Value: c8c3b043	3df373de	58e576a9
[    0.042180] RANDOM - __random32 called. Change num 6.  Value: 3b0437d9	df373de5	ed53f9d8
[    0.042181] RANDOM - random32 init called.  Value: 3b0437d9	df373de5	ed53f9d8
[    0.042198] NET: Registered protocol family 16
[    0.042452] ACPI FADT declares the system doesn't support PCIe ASPM, so disable it
[    0.042569] ACPI: bus type pci registered
[    0.042734] PCI: MCFG configuration 0: base f0000000 segment 0 buses 0 - 63
[    0.042818] PCI: MCFG area at f0000000 reserved in E820
[    0.042906] PCI: Using MMCONFIG for extended config space
[    0.042986] PCI: Using configuration type 1 for base access
[    0.046092] bio: create slab <bio-0> at 0
[    0.046891] ACPI: EC: EC description table is found, configuring boot EC
[    0.052030] ACPI: BIOS _OSI(Linux) query honored via DMI
[    0.052740] random 0000 0000 0000 00000000 00000000: rand_read_num 2 get_random_bytes(8): sig fffffe1a 00000000 00000000
[    0.052742] random 0000 0000 0000 00000000 00000000: extract_entropy(.. 8 ..)
[    0.052745] random 0000 0000 0000 00000000 00000000: going to reseed nonblocking with 64 bits (64 of 0 requested)
[    0.052747] random 0000 0000 0000 00000000 00000000: extract_entropy(.. 8 ..)
[    0.052750] random 0000 0000 0000 00000000 00000000: trying to extract 64 bits from input
[    0.052752] random 0000 0000 0000 00000000 00000000: debiting 0 entropy credits from input
[    0.052753] random 0000 0000 0000 00000000 00000000: extract_entropy account returned: 0 
[    0.052756] random 0000 0000 0000 00000000 00000000: urand_change_num 3 xfer_secondary_pool(8): pool_sig fffffe1a, data_sig 00000000, bytes_mixed 0 00000000 00000000
[    0.052759] random 0000 0000 0000 00000000 00000000: trying to extract 64 bits from nonblocking
[    0.052762] random 0000 0000 0000 00000000 00000000: debiting 64 entropy credits from nonblocking (unlimited)
[    0.052790] random 0000 0000 0000 00000000 00000000: extract_entropy account returned: 8 
[    0.052794] random 0000 0000 0000 00000000 00000000: urand_change_num 4 extract_buf: pool_sig fffffe1a, data_sig fffffed7, bytes_mixed 20 00000000 00000000
[    0.057530] ACPI: Interpreter enabled
[    0.057617] ACPI: (supports S0 S3 S4 S5)
[    0.057912] ACPI: Using IOAPIC for interrupt routing
[    0.067655] ACPI: EC: GPE = 0x12, I/O: command/status = 0x66, data = 0x62
[    0.067927] ACPI: Power Resource [PUBS] (on)
[    0.070042] ACPI: ACPI Dock Station Driver: 3 docks/bays found
[    0.070447] ACPI: PCI Root Bridge [PCI0] (0000:00)
[    0.070609] pci 0000:00:02.0: reg 10 64bit mmio: [0xf8100000-0xf81fffff]
[    0.070615] pci 0000:00:02.0: reg 18 64bit mmio pref: [0xe0000000-0xefffffff]
[    0.070619] pci 0000:00:02.0: reg 20 io port: [0x1800-0x1807]
[    0.070654] pci 0000:00:02.1: reg 10 64bit mmio: [0xf8200000-0xf82fffff]
[    0.070756] pci 0000:00:19.0: reg 10 32bit mmio: [0xfe000000-0xfe01ffff]
[    0.070766] pci 0000:00:19.0: reg 14 32bit mmio: [0xfe025000-0xfe025fff]
[    0.070775] pci 0000:00:19.0: reg 18 io port: [0x1840-0x185f]
[    0.070849] pci 0000:00:19.0: PME# supported from D0 D3hot D3cold
[    0.070939] pci 0000:00:19.0: PME# disabled
[    0.071057] pci 0000:00:1a.0: reg 20 io port: [0x1860-0x187f]
[    0.071143] pci 0000:00:1a.1: reg 20 io port: [0x1880-0x189f]
[    0.071222] pci 0000:00:1a.7: reg 10 32bit mmio: [0xfe226c00-0xfe226fff]
[    0.071304] pci 0000:00:1a.7: PME# supported from D0 D3hot D3cold
[    0.071390] pci 0000:00:1a.7: PME# disabled
[    0.071523] pci 0000:00:1b.0: reg 10 64bit mmio: [0xfe020000-0xfe023fff]
[    0.071609] pci 0000:00:1b.0: PME# supported from D0 D3hot D3cold
[    0.071708] pci 0000:00:1b.0: PME# disabled
[    0.071919] pci 0000:00:1c.0: PME# supported from D0 D3hot D3cold
[    0.071999] pci 0000:00:1c.0: PME# disabled
[    0.072197] pci 0000:00:1c.1: PME# supported from D0 D3hot D3cold
[    0.072287] pci 0000:00:1c.1: PME# disabled
[    0.072477] pci 0000:00:1c.2: PME# supported from D0 D3hot D3cold
[    0.072565] pci 0000:00:1c.2: PME# disabled
[    0.072757] pci 0000:00:1c.3: PME# supported from D0 D3hot D3cold
[    0.072839] pci 0000:00:1c.3: PME# disabled
[    0.073111] pci 0000:00:1c.4: PME# supported from D0 D3hot D3cold
[    0.073194] pci 0000:00:1c.4: PME# disabled
[    0.073344] pci 0000:00:1d.0: reg 20 io port: [0x18a0-0x18bf]
[    0.074047] pci 0000:00:1d.1: reg 20 io port: [0x18c0-0x18df]
[    0.074127] pci 0000:00:1d.2: reg 20 io port: [0x18e0-0x18ff]
[    0.074229] pci 0000:00:1d.7: reg 10 32bit mmio: [0xfe227000-0xfe2273ff]
[    0.074332] pci 0000:00:1d.7: PME# supported from D0 D3hot D3cold
[    0.074416] pci 0000:00:1d.7: PME# disabled
[    0.074703] pci 0000:00:1f.0: quirk: region 1000-107f claimed by ICH6 ACPI/GPIO/TCO
[    0.074819] pci 0000:00:1f.0: quirk: region 1180-11bf claimed by ICH6 GPIO
[    0.074910] pci 0000:00:1f.0: ICH7 LPC Generic IO decode 1 PIO at 1600 (mask 007f)
[    0.074998] pci 0000:00:1f.0: ICH7 LPC Generic IO decode 2 PIO at 15e0 (mask 000f)
[    0.075111] pci 0000:00:1f.0: ICH7 LPC Generic IO decode 3 PIO at 1680 (mask 001f)
[    0.075300] pci 0000:00:1f.1: reg 10 io port: [0x00-0x07]
[    0.075310] pci 0000:00:1f.1: reg 14 io port: [0x00-0x03]
[    0.075318] pci 0000:00:1f.1: reg 18 io port: [0x00-0x07]
[    0.075327] pci 0000:00:1f.1: reg 1c io port: [0x00-0x03]
[    0.075335] pci 0000:00:1f.1: reg 20 io port: [0x1c00-0x1c0f]
[    0.075415] pci 0000:00:1f.2: reg 10 io port: [0x1c50-0x1c57]
[    0.075423] pci 0000:00:1f.2: reg 14 io port: [0x1c44-0x1c47]
[    0.075431] pci 0000:00:1f.2: reg 18 io port: [0x1c48-0x1c4f]
[    0.075439] pci 0000:00:1f.2: reg 1c io port: [0x1c40-0x1c43]
[    0.075448] pci 0000:00:1f.2: reg 20 io port: [0x1c20-0x1c3f]
[    0.075457] pci 0000:00:1f.2: reg 24 32bit mmio: [0xfe226000-0xfe2267ff]
[    0.075517] pci 0000:00:1f.2: PME# supported from D3hot
[    0.075601] pci 0000:00:1f.2: PME# disabled
[    0.075724] pci 0000:00:1f.3: reg 10 32bit mmio: [0xfe227400-0xfe2274ff]
[    0.075747] pci 0000:00:1f.3: reg 20 io port: [0x1c60-0x1c7f]
[    0.075834] pci 0000:00:1c.0: bridge io port: [0x2000-0x2fff]
[    0.075840] pci 0000:00:1c.0: bridge 32bit mmio: [0xfc000000-0xfdffffff]
[    0.075852] pci 0000:00:1c.0: bridge 64bit mmio pref: [0xf8000000-0xf80fffff]
[    0.075922] pci 0000:03:00.0: reg 10 64bit mmio: [0xdf3f0000-0xdf3fffff]
[    0.076162] pci 0000:00:1c.1: bridge io port: [0x3000-0x3fff]
[    0.076168] pci 0000:00:1c.1: bridge 32bit mmio: [0xdc000000-0xdf3fffff]
[    0.076177] pci 0000:00:1c.1: bridge 64bit mmio pref: [0xdfe00000-0xdfefffff]
[    0.076231] pci 0000:00:1c.2: bridge io port: [0x4000-0x4fff]
[    0.076237] pci 0000:00:1c.2: bridge 32bit mmio: [0xd8000000-0xd9ffffff]
[    0.076246] pci 0000:00:1c.2: bridge 64bit mmio pref: [0xdfb00000-0xdfbfffff]
[    0.076301] pci 0000:00:1c.3: bridge io port: [0x5000-0x5fff]
[    0.076307] pci 0000:00:1c.3: bridge 32bit mmio: [0xd4000000-0xd5ffffff]
[    0.076315] pci 0000:00:1c.3: bridge 64bit mmio pref: [0xdf800000-0xdf8fffff]
[    0.076383] pci 0000:00:1c.4: bridge io port: [0x6000-0x6fff]
[    0.076388] pci 0000:00:1c.4: bridge 32bit mmio: [0xd0000000-0xd1ffffff]
[    0.076395] pci 0000:00:1c.4: bridge 64bit mmio pref: [0xdf500000-0xdf5fffff]
[    0.076454] pci 0000:15:00.0: reg 10 32bit mmio: [0xf8300000-0xf8300fff]
[    0.076499] pci 0000:15:00.0: supports D1 D2
[    0.076500] pci 0000:15:00.0: PME# supported from D0 D1 D2 D3hot D3cold
[    0.076585] pci 0000:15:00.0: PME# disabled
[    0.076722] pci 0000:15:00.1: reg 10 32bit mmio: [0xf8301000-0xf83017ff]
[    0.076815] pci 0000:15:00.1: supports D1 D2
[    0.076817] pci 0000:15:00.1: PME# supported from D0 D1 D2 D3hot D3cold
[    0.076913] pci 0000:15:00.1: PME# disabled
[    0.077083] pci 0000:00:1e.0: transparent bridge
[    0.077173] pci 0000:00:1e.0: bridge io port: [0x7000-0xafff]
[    0.077178] pci 0000:00:1e.0: bridge 32bit mmio: [0xf8300000-0xfbffffff]
[    0.077185] pci 0000:00:1e.0: bridge 64bit mmio pref: [0xf4000000-0xf7ffffff]
[    0.077250] pci_bus 0000:00: on NUMA node 0
[    0.077254] ACPI: PCI Interrupt Routing Table [\_SB_.PCI0._PRT]
[    0.077387] ACPI: PCI Interrupt Routing Table [\_SB_.PCI0.EXP0._PRT]
[    0.077446] ACPI: PCI Interrupt Routing Table [\_SB_.PCI0.EXP1._PRT]
[    0.077503] ACPI: PCI Interrupt Routing Table [\_SB_.PCI0.EXP2._PRT]
[    0.077561] ACPI: PCI Interrupt Routing Table [\_SB_.PCI0.EXP3._PRT]
[    0.077623] ACPI: PCI Interrupt Routing Table [\_SB_.PCI0.EXP4._PRT]
[    0.077685] ACPI: PCI Interrupt Routing Table [\_SB_.PCI0.PCI1._PRT]
[    0.083136] ACPI: PCI Interrupt Link [LNKA] (IRQs 3 4 5 6 7 9 *10 11)
[    0.083870] ACPI: PCI Interrupt Link [LNKB] (IRQs 3 4 5 6 7 9 10 *11)
[    0.084595] ACPI: PCI Interrupt Link [LNKC] (IRQs 3 4 5 6 7 9 10 *11)
[    0.085336] ACPI: PCI Interrupt Link [LNKD] (IRQs 3 4 5 6 7 9 10 *11)
[    0.086096] ACPI: PCI Interrupt Link [LNKE] (IRQs 3 4 5 6 7 9 10 *11)
[    0.086825] ACPI: PCI Interrupt Link [LNKF] (IRQs 3 4 5 6 7 9 10 *11)
[    0.087513] ACPI: PCI Interrupt Link [LNKG] (IRQs 3 4 5 6 7 9 10 *11)
[    0.088276] ACPI: PCI Interrupt Link [LNKH] (IRQs 3 4 5 6 7 9 10 *11)
[    0.088963] vgaarb: device added: PCI:0000:00:02.0,decodes=io+mem,owns=io+mem,locks=none
[    0.089002] vgaarb: loaded
[    0.089173] SCSI subsystem initialized
[    0.089264] libata version 3.00 loaded.
[    0.089313] usbcore: registered new interface driver usbfs
[    0.089437] usbcore: registered new interface driver hub
[    0.089548] usbcore: registered new device driver usb
[    0.106038] raid6: int32x1    941 MB/s
[    0.122990] raid6: int32x2    886 MB/s
[    0.140068] raid6: int32x4    750 MB/s
[    0.157062] raid6: int32x8    660 MB/s
[    0.173987] raid6: mmxx1     2878 MB/s
[    0.190999] raid6: mmxx2     3273 MB/s
[    0.207999] raid6: sse1x1    1937 MB/s
[    0.224998] raid6: sse1x2    2535 MB/s
[    0.241974] raid6: sse2x1    3503 MB/s
[    0.258979] raid6: sse2x2    3828 MB/s
[    0.259058] raid6: using algorithm sse2x2 (3828 MB/s)
[    0.259140] PCI: Using ACPI for IRQ routing
[    0.259440] HPET: 3 timers in total, 0 timers will be used for per-cpu timer
[    0.259990] Switching to clocksource tsc
[    0.260094] pnp: PnP ACPI init
[    0.260176] ACPI: bus type pnp registered
[    0.263819] pnp: PnP ACPI: found 11 devices
[    0.263916] ACPI: ACPI bus type pnp unregistered
[    0.264000] system 00:00: iomem range 0x0-0x9ffff could not be reserved
[    0.264083] system 00:00: iomem range 0xc0000-0xc3fff could not be reserved
[    0.264165] system 00:00: iomem range 0xc4000-0xc7fff could not be reserved
[    0.264247] system 00:00: iomem range 0xc8000-0xcbfff has been reserved
[    0.264336] system 00:00: iomem range 0xcc000-0xcffff has been reserved
[    0.264418] system 00:00: iomem range 0xd0000-0xd3fff could not be reserved
[    0.264506] system 00:00: iomem range 0xe0000-0xe3fff could not be reserved
[    0.264589] system 00:00: iomem range 0xe4000-0xe7fff could not be reserved
[    0.264674] system 00:00: iomem range 0xe8000-0xebfff could not be reserved
[    0.264757] system 00:00: iomem range 0xec000-0xeffff could not be reserved
[    0.264838] system 00:00: iomem range 0xf0000-0xfffff could not be reserved
[    0.264929] system 00:00: iomem range 0x100000-0x3dffffff could not be reserved
[    0.265049] system 00:00: iomem range 0xfec00000-0xfed3ffff could not be reserved
[    0.265170] system 00:00: iomem range 0xfed4c000-0xffffffff could not be reserved
[    0.265290] system 00:02: ioport range 0x164e-0x164f has been reserved
[    0.265371] system 00:02: ioport range 0x1000-0x107f has been reserved
[    0.265459] system 00:02: ioport range 0x1180-0x11bf has been reserved
[    0.265541] system 00:02: ioport range 0x800-0x80f has been reserved
[    0.265632] system 00:02: ioport range 0x15e0-0x15ef has been reserved
[    0.265715] system 00:02: ioport range 0x1600-0x165f could not be reserved
[    0.265807] system 00:02: iomem range 0xf0000000-0xf3ffffff has been reserved
[    0.265899] system 00:02: iomem range 0xfed1c000-0xfed1ffff has been reserved
[    0.265986] system 00:02: iomem range 0xfed14000-0xfed17fff has been reserved
[    0.266069] system 00:02: iomem range 0xfed18000-0xfed18fff has been reserved
[    0.266164] system 00:02: iomem range 0xfed19000-0xfed19fff has been reserved
[    0.266251] system 00:02: iomem range 0xfed45000-0xfed4bfff has been reserved
[    0.301272] pci 0000:00:1c.0: PCI bridge, secondary bus 0000:02
[    0.301358] pci 0000:00:1c.0:   IO window: 0x2000-0x2fff
[    0.301445] pci 0000:00:1c.0:   MEM window: 0xfc000000-0xfdffffff
[    0.301540] pci 0000:00:1c.0:   PREFETCH window: 0x000000f8000000-0x000000f80fffff
[    0.301658] pci 0000:00:1c.1: PCI bridge, secondary bus 0000:03
[    0.301739] pci 0000:00:1c.1:   IO window: 0x3000-0x3fff
[    0.301829] pci 0000:00:1c.1:   MEM window: 0xdc000000-0xdf3fffff
[    0.301917] pci 0000:00:1c.1:   PREFETCH window: 0x000000dfe00000-0x000000dfefffff
[    0.302040] pci 0000:00:1c.2: PCI bridge, secondary bus 0000:04
[    0.302123] pci 0000:00:1c.2:   IO window: 0x4000-0x4fff
[    0.302208] pci 0000:00:1c.2:   MEM window: 0xd8000000-0xd9ffffff
[    0.302302] pci 0000:00:1c.2:   PREFETCH window: 0x000000dfb00000-0x000000dfbfffff
[    0.302420] pci 0000:00:1c.3: PCI bridge, secondary bus 0000:05
[    0.302505] pci 0000:00:1c.3:   IO window: 0x5000-0x5fff
[    0.302591] pci 0000:00:1c.3:   MEM window: 0xd4000000-0xd5ffffff
[    0.302674] pci 0000:00:1c.3:   PREFETCH window: 0x000000df800000-0x000000df8fffff
[    0.302791] pci 0000:00:1c.4: PCI bridge, secondary bus 0000:0d
[    0.302879] pci 0000:00:1c.4:   IO window: 0x6000-0x6fff
[    0.302968] pci 0000:00:1c.4:   MEM window: 0xd0000000-0xd1ffffff
[    0.303052] pci 0000:00:1c.4:   PREFETCH window: 0x000000df500000-0x000000df5fffff
[    0.303182] pci 0000:15:00.0: CardBus bridge, secondary bus 0000:16
[    0.303263] pci 0000:15:00.0:   IO window: 0x007000-0x0070ff
[    0.303351] pci 0000:15:00.0:   IO window: 0x007400-0x0074ff
[    0.303437] pci 0000:15:00.0:   PREFETCH window: 0xf4000000-0xf7ffffff
[    0.303524] pci 0000:15:00.0:   MEM window: 0x40000000-0x43ffffff
[    0.303613] pci 0000:00:1e.0: PCI bridge, secondary bus 0000:15
[    0.303696] pci 0000:00:1e.0:   IO window: 0x7000-0xafff
[    0.303795] pci 0000:00:1e.0:   MEM window: 0xf8300000-0xfbffffff
[    0.303886] pci 0000:00:1e.0:   PREFETCH window: 0x000000f4000000-0x000000f7ffffff
[    0.304019] pci 0000:00:1c.0: PCI INT A -> GSI 20 (level, low) -> IRQ 20
[    0.304108] pci 0000:00:1c.0: setting latency timer to 64
[    0.304124] pci 0000:00:1c.1: PCI INT B -> GSI 21 (level, low) -> IRQ 21
[    0.304209] pci 0000:00:1c.1: setting latency timer to 64
[    0.304222] pci 0000:00:1c.2: PCI INT C -> GSI 22 (level, low) -> IRQ 22
[    0.304309] pci 0000:00:1c.2: setting latency timer to 64
[    0.304320] pci 0000:00:1c.3: PCI INT D -> GSI 23 (level, low) -> IRQ 23
[    0.304405] pci 0000:00:1c.3: setting latency timer to 64
[    0.304420] pci 0000:00:1c.4: PCI INT A -> GSI 20 (level, low) -> IRQ 20
[    0.304507] pci 0000:00:1c.4: setting latency timer to 64
[    0.304515] pci 0000:00:1e.0: enabling device (0005 -> 0007)
[    0.304608] pci 0000:00:1e.0: setting latency timer to 64
[    0.304623] pci 0000:15:00.0: PCI INT A -> GSI 16 (level, low) -> IRQ 16
[    0.304708] pci 0000:15:00.0: setting latency timer to 64
[    0.304714] pci_bus 0000:00: resource 0 io:  [0x00-0xffff]
[    0.304716] pci_bus 0000:00: resource 1 mem: [0x000000-0xffffffff]
[    0.304718] pci_bus 0000:02: resource 0 io:  [0x2000-0x2fff]
[    0.304720] pci_bus 0000:02: resource 1 mem: [0xfc000000-0xfdffffff]
[    0.304722] pci_bus 0000:02: resource 2 pref mem [0xf8000000-0xf80fffff]
[    0.304724] pci_bus 0000:03: resource 0 io:  [0x3000-0x3fff]
[    0.304725] pci_bus 0000:03: resource 1 mem: [0xdc000000-0xdf3fffff]
[    0.304727] pci_bus 0000:03: resource 2 pref mem [0xdfe00000-0xdfefffff]
[    0.304729] pci_bus 0000:04: resource 0 io:  [0x4000-0x4fff]
[    0.304731] pci_bus 0000:04: resource 1 mem: [0xd8000000-0xd9ffffff]
[    0.304733] pci_bus 0000:04: resource 2 pref mem [0xdfb00000-0xdfbfffff]
[    0.304734] pci_bus 0000:05: resource 0 io:  [0x5000-0x5fff]
[    0.304736] pci_bus 0000:05: resource 1 mem: [0xd4000000-0xd5ffffff]
[    0.304738] pci_bus 0000:05: resource 2 pref mem [0xdf800000-0xdf8fffff]
[    0.304740] pci_bus 0000:0d: resource 0 io:  [0x6000-0x6fff]
[    0.304742] pci_bus 0000:0d: resource 1 mem: [0xd0000000-0xd1ffffff]
[    0.304743] pci_bus 0000:0d: resource 2 pref mem [0xdf500000-0xdf5fffff]
[    0.304745] pci_bus 0000:15: resource 0 io:  [0x7000-0xafff]
[    0.304747] pci_bus 0000:15: resource 1 mem: [0xf8300000-0xfbffffff]
[    0.304749] pci_bus 0000:15: resource 2 pref mem [0xf4000000-0xf7ffffff]
[    0.304750] pci_bus 0000:15: resource 3 io:  [0x00-0xffff]
[    0.304752] pci_bus 0000:15: resource 4 mem: [0x000000-0xffffffff]
[    0.304754] pci_bus 0000:16: resource 0 io:  [0x7000-0x70ff]
[    0.304756] pci_bus 0000:16: resource 1 io:  [0x7400-0x74ff]
[    0.304757] pci_bus 0000:16: resource 2 pref mem [0xf4000000-0xf7ffffff]
[    0.304759] pci_bus 0000:16: resource 3 mem: [0x40000000-0x43ffffff]
[    0.304767] NET: Registered protocol family 2
[    0.304849] RANDOM - __random32 called. Change num 7.  Value: 437d97bf	f373de51	f3b0f986
[    0.304850] RANDOM - random32 called.  Value: 437d97bf	f373de51	f3b0f986
[    0.304858] random 0000 0000 0000 5f8db4e5 4cfdf2a8: rand_read_num 3 get_random_bytes(4): sig fffffb64 5f8db4e5 4cfdf2a8
[    0.304860] random 0000 0000 0000 5f8db4e5 4cfdf2a8: extract_entropy(.. 4 ..)
[    0.304863] random 0000 0000 0000 5f8db4e5 4cfdf2a8: going to reseed nonblocking with 64 bits (32 of 0 requested)
[    0.304865] random 0000 0000 0000 5f8db4e5 4cfdf2a8: extract_entropy(.. 8 ..)
[    0.304867] random 0000 0000 0000 5f8db4e5 4cfdf2a8: trying to extract 64 bits from input
[    0.304869] random 0000 0000 0000 5f8db4e5 4cfdf2a8: debiting 0 entropy credits from input
[    0.304870] random 0000 0000 0000 5f8db4e5 4cfdf2a8: extract_entropy account returned: 0 
[    0.304874] random 0000 0000 0000 5f8db4e5 4cfdf2a8: urand_change_num 5 xfer_secondary_pool(4): pool_sig fffffb64, data_sig 00000000, bytes_mixed 0 5f8db4e5 4cfdf2a8
[    0.304876] random 0000 0000 0000 5f8db4e5 4cfdf2a8: trying to extract 32 bits from nonblocking
[    0.304879] random 0000 0000 0000 5f8db4e5 4cfdf2a8: debiting 32 entropy credits from nonblocking (unlimited)
[    0.304881] random 0000 0000 0000 5f8db4e5 4cfdf2a8: extract_entropy account returned: 4 
[    0.304885] random 0000 0000 0000 5f8db4e5 4cfdf2a8: urand_change_num 6 extract_buf: pool_sig fffffb64, data_sig 00000241, bytes_mixed 20 5f8db4e5 4cfdf2a8
[    0.304894] IP route cache hash table entries: 32768 (order: 5, 131072 bytes)
[    0.305017] RANDOM - __random32 called. Change num 8.  Value: d97bfe31	373de51f	f30dc6e6
[    0.305019] RANDOM - random32 called.  Value: d97bfe31	373de51f	f30dc6e6
[    0.305030] RANDOM - __random32 called. Change num 9.  Value: bfe314d7	73de51f5	8dcd6c7e
[    0.305031] RANDOM - random32 called.  Value: bfe314d7	73de51f5	8dcd6c7e
[    0.305033] RANDOM - __random32 called. Change num 10.  Value: 314d7baf	3de51f5e	d8fc74c1
[    0.305035] RANDOM - random32 called.  Value: 314d7baf	3de51f5e	d8fc74c1
[    0.305045] RANDOM - __random32 called. Change num 11.  Value: d7baf3c7	de51f5e5	e983e3fa
[    0.305047] RANDOM - random32 called.  Value: d7baf3c7	de51f5e5	e983e3fa
[    0.305057] TCP established hash table entries: 131072 (order: 8, 1048576 bytes)
[    0.305536] TCP bind hash table entries: 65536 (order: 6, 262144 bytes)
[    0.305729] TCP: Hash tables configured (established 131072 bind 65536)
[    0.305821] TCP reno registered
[    0.305921] NET: Registered protocol family 1
[    0.306036] RPC: Registered udp transport module.
[    0.306124] RPC: Registered tcp transport module.
[    0.306206] RPC: Registered tcp NFSv4.1 backchannel transport module.
[    0.306298] pci 0000:00:02.0: Boot video device
[    0.306514] Simple Boot Flag at 0x35 set to 0x1
[    0.307084] highmem bounce pool size: 64 pages
[    0.308568] VFS: Disk quotas dquot_6.5.2
[    0.308682] Dquot-cache hash table entries: 1024 (order 0, 4096 bytes)
[    0.309416] NTFS driver 2.1.29 [Flags: R/W].
[    0.309576] ROMFS MTD (C) 2007 Red Hat, Inc.
[    0.309780] JFS: nTxBlock = 7695, nTxLock = 61562
[    0.312228] SGI XFS with ACLs, security attributes, large block/inode numbers, no debug enabled
[    0.312710] SGI XFS Quota Management subsystem
[    0.313046] Slow work thread pool: Starting up
[    0.313150] Slow work thread pool: Ready
[    0.313234] GFS2 (built May 24 2013 02:47:17) installed
[    0.313321] msgmni has been set to 1734
[    0.313476] alg: No test for cipher_null (cipher_null-generic)
[    0.313573] alg: No test for ecb(cipher_null) (ecb-cipher_null)
[    0.313663] alg: No test for digest_null (digest_null-generic)
[    0.313752] alg: No test for compress_null (compress_null-generic)
[    0.314295] alg: No test for fcrypt (fcrypt-generic)
[    0.315700] alg: No test for stdrng (krng)
[    0.315782] async_tx: api initialized (async)
[    0.315939] Block layer SCSI generic (bsg) driver version 0.4 loaded (major 254)
[    0.316058] io scheduler noop registered
[    0.316138] io scheduler anticipatory registered
[    0.316220] io scheduler deadline registered
[    0.316349] io scheduler cfq registered (default)
[    0.316594] pcieport 0000:00:1c.0: irq 24 for MSI/MSI-X
[    0.316613] pcieport 0000:00:1c.0: setting latency timer to 64
[    0.316806] pcieport 0000:00:1c.1: irq 25 for MSI/MSI-X
[    0.316818] pcieport 0000:00:1c.1: setting latency timer to 64
[    0.317011] pcieport 0000:00:1c.2: irq 26 for MSI/MSI-X
[    0.317026] pcieport 0000:00:1c.2: setting latency timer to 64
[    0.317202] pcieport 0000:00:1c.3: irq 27 for MSI/MSI-X
[    0.317213] pcieport 0000:00:1c.3: setting latency timer to 64
[    0.317386] pcieport 0000:00:1c.4: irq 28 for MSI/MSI-X
[    0.317397] pcieport 0000:00:1c.4: setting latency timer to 64
[    0.317542] pci_hotplug: PCI Hot Plug PCI Core version: 0.5
[    0.317731] isapnp: Scanning for PnP cards...
[    0.678276] isapnp: No Plug & Play device found
[    0.678356] random 0000 0000 0000 5f8db4e5 4cfdf2a8: initializing
[    0.697837] Serial: 8250/16550 driver, 4 ports, IRQ sharing enabled
[    3.708601] floppy0: no floppy controllers found
[    3.709542] brd: module loaded
[    3.710035] loop: module loaded
[    3.710117] Compaq SMART2 Driver (v 2.6.0)
[    3.710234] HP CISS Driver (v 3.6.20)
[    3.710477] input: Macintosh mouse button emulation as /devices/virtual/input/input0
[    3.710609] Uniform Multi-Platform E-IDE driver
[    3.710830] piix 0000:00:1f.1: IDE controller (0x8086:0x2850 rev 0x03)
[    3.710925] pci 0000:00:1f.1: PCI INT C -> GSI 16 (level, low) -> IRQ 16
[    3.711023] piix 0000:00:1f.1: IDE port disabled
[    3.711108] piix 0000:00:1f.1: not 100% native mode: will probe irqs later
[    3.711196]     ide0: BM-DMA at 0x1c00-0x1c07
[    3.711298] Probing IDE interface ide0...
[    4.382767] hda: HL-DT-ST DVDRAM GSA-U10N, ATAPI CD/DVD-ROM drive
[    4.689554] hda: host max PIO4 wanted PIO255(auto-tune) selected PIO4
[    4.690328] hda: UDMA/33 mode selected
[    4.690788] ide0 at 0x1f0-0x1f7,0x3f6 on irq 14
[    4.694660] ide-gd driver 1.18
[    4.694767] ide-cd driver 5.00
[    4.696157] ide-cd: hda: ATAPI 24X DVD-ROM DVD-R/RAM CD-R/RW drive, 2048kB Cache
[    4.696562] Uniform CD-ROM driver Revision: 3.20
[    4.703712] Loading iSCSI transport class v2.0-870.
[    4.703988] rdac: device handler registered
[    4.704078] hp_sw: device handler registered
[    4.704158] emc: device handler registered
[    4.704237] alua: device handler registered
[    4.705217] Adaptec aacraid driver 1.1-5[2461]-ms
[    4.705636] scsi: <fdomain> Detection failed (no card)
[    4.705722] sym53c416.c: Version 1.0.0-ac
[    4.705827] qlogicfas: no cards were found, please specify I/O address and IRQ using iobase= and irq= options
[    4.705942] QLogic Fibre Channel HBA Driver: 8.03.01-k6
[    4.706154] iscsi: registered transport (qla4xxx)
[    4.706253] QLogic iSCSI HBA Driver
[    4.706339] Emulex LightPulse Fibre Channel SCSI driver 8.3.4
[    4.706427] Copyright(c) 2004-2009 Emulex.  All rights reserved.
[    4.728541] Failed initialization of WD-7000 SCSI card!
[    4.817913] DC390: clustering now enabled by default. If you get problems load
[    4.818024]        with "disable_clustering=1" and report to maintainers
[    4.818155] megaraid cmm: 2.20.2.7 (Release Date: Sun Jul 16 00:01:03 EST 2006)
[    4.818314] megaraid: 2.20.5.1 (Release Date: Thu Nov 16 15:32:35 EST 2006)
[    4.818428] megasas: 00.00.04.01 Thu July 24 11:41:51 PST 2008
[    4.818563] GDT-HA: Storage RAID Controller Driver. Version: 3.05
[    4.818707] 3ware Storage Controller device driver for Linux v1.26.02.002.
[    4.818807] 3ware 9000 Storage Controller device driver for Linux v2.26.02.012.
[    4.818940] nsp32: loading...
[    4.819036] ipr: IBM Power RAID SCSI Device Driver version: 2.4.3 (June 10, 2009)
[    4.819170] RocketRAID 3xxx/4xxx Controller driver v1.6 (090910)
[    4.819271] stex: Promise SuperTrak EX Driver version: 4.6.0000.3
[    4.819397] st: Version 20081215, fixed bufsize 32768, s/g segs 256
[    4.819585] ahci 0000:00:1f.2: version 3.0
[    4.819605] ahci 0000:00:1f.2: PCI INT B -> GSI 16 (level, low) -> IRQ 16
[    4.819739] ahci 0000:00:1f.2: irq 29 for MSI/MSI-X
[    4.819803] ahci 0000:00:1f.2: AHCI 0001.0100 32 slots 3 ports 1.5 Gbps 0x5 impl SATA mode
[    4.819918] ahci 0000:00:1f.2: flags: 64bit ncq sntf pm led clo pio slum part ccc 
[    4.820043] ahci 0000:00:1f.2: setting latency timer to 64
[    4.820183] scsi2 : ahci
[    4.820340] scsi3 : ahci
[    4.820473] scsi4 : ahci
[    4.820650] ata1: SATA max UDMA/133 abar m2048@0xfe226000 port 0xfe226100 irq 29
[    4.820762] ata2: DUMMY
[    4.820840] ata3: SATA max UDMA/133 abar m2048@0xfe226000 port 0xfe226200 irq 29
[    4.821438] I2O subsystem v1.325
[    4.821527] i2o: max drivers = 8
[    4.821666] I2O Configuration OSM v1.323
[    4.821759] I2O Bus Adapter OSM v1.317
[    4.821852] I2O Block Device OSM v1.325
[    4.821995] I2O SCSI Peripheral OSM v1.316
[    4.822089] I2O ProcFS OSM v1.316
[    4.822184] Fusion MPT base driver 3.04.12
[    4.822268] Copyright (c) 1999-2008 LSI Corporation
[    4.822354] Fusion MPT SPI Host driver 3.04.12
[    4.822453] Fusion MPT FC Host driver 3.04.12
[    4.822608] Fusion MPT SAS Host driver 3.04.12
[    4.822752] ohci1394 0000:15:00.1: PCI INT B -> GSI 17 (level, low) -> IRQ 17
[    4.822854] ohci1394 0000:15:00.1: setting latency timer to 64
[    4.876550] ohci1394: fw-host0: OHCI-1394 1.1 (PCI): IRQ=[17]  MMIO=[f8301000-f83017ff]  Max Packet=[2048]  IR/IT contexts=[4/4]
[    4.879805] ehci_hcd: USB 2.0 'Enhanced' Host Controller (EHCI) Driver
[    4.880111] ehci_hcd 0000:00:1a.7: power state changed by ACPI to D0
[    4.880337] ehci_hcd 0000:00:1a.7: power state changed by ACPI to D0
[    4.880424] ehci_hcd 0000:00:1a.7: PCI INT C -> GSI 22 (level, low) -> IRQ 22
[    4.880522] ehci_hcd 0000:00:1a.7: setting latency timer to 64
[    4.880527] ehci_hcd 0000:00:1a.7: EHCI Host Controller
[    4.880652] ehci_hcd 0000:00:1a.7: new USB bus registered, assigned bus number 1
[    4.884698] ehci_hcd 0000:00:1a.7: cache line size of 32 is not supported
[    4.884707] ehci_hcd 0000:00:1a.7: irq 22, io mem 0xfe226c00
[    4.894509] ehci_hcd 0000:00:1a.7: USB 2.0 started, EHCI 1.00
[    4.894614] usb usb1: New USB device found, idVendor=1d6b, idProduct=0002
[    4.894696] usb usb1: New USB device strings: Mfr=3, Product=2, SerialNumber=1
[    4.894815] usb usb1: Product: EHCI Host Controller
[    4.894894] usb usb1: Manufacturer: Linux 2.6.32.57 ehci_hcd
[    4.894979] usb usb1: SerialNumber: 0000:00:1a.7
[    4.895110] usb usb1: configuration #1 chosen from 1 choice
[    4.895221] hub 1-0:1.0: USB hub found
[    4.895304] hub 1-0:1.0: 4 ports detected
[    4.895597] ehci_hcd 0000:00:1d.7: power state changed by ACPI to D0
[    4.895853] ehci_hcd 0000:00:1d.7: power state changed by ACPI to D0
[    4.895944] ehci_hcd 0000:00:1d.7: PCI INT D -> GSI 19 (level, low) -> IRQ 19
[    4.896049] ehci_hcd 0000:00:1d.7: setting latency timer to 64
[    4.896052] ehci_hcd 0000:00:1d.7: EHCI Host Controller
[    4.896172] ehci_hcd 0000:00:1d.7: new USB bus registered, assigned bus number 2
[    4.896318] ehci_hcd 0000:00:1d.7: debug port 1
[    4.900291] ehci_hcd 0000:00:1d.7: cache line size of 32 is not supported
[    4.900298] ehci_hcd 0000:00:1d.7: irq 19, io mem 0xfe227000
[    4.910508] ehci_hcd 0000:00:1d.7: USB 2.0 started, EHCI 1.00
[    4.910607] usb usb2: New USB device found, idVendor=1d6b, idProduct=0002
[    4.910692] usb usb2: New USB device strings: Mfr=3, Product=2, SerialNumber=1
[    4.910809] usb usb2: Product: EHCI Host Controller
[    4.910889] usb usb2: Manufacturer: Linux 2.6.32.57 ehci_hcd
[    4.910969] usb usb2: SerialNumber: 0000:00:1d.7
[    4.911109] usb usb2: configuration #1 chosen from 1 choice
[    4.911226] hub 2-0:1.0: USB hub found
[    4.911318] hub 2-0:1.0: 6 ports detected
[    4.911494] 116x: driver isp116x-hcd, 03 Nov 2005
[    4.911599] ohci_hcd: USB 1.1 'Open' Host Controller (OHCI) Driver
[    4.911703] uhci_hcd: USB Universal Host Controller Interface driver
[    4.911815] uhci_hcd 0000:00:1a.0: PCI INT A -> GSI 20 (level, low) -> IRQ 20
[    4.911911] uhci_hcd 0000:00:1a.0: setting latency timer to 64
[    4.911916] uhci_hcd 0000:00:1a.0: UHCI Host Controller
[    4.912038] uhci_hcd 0000:00:1a.0: new USB bus registered, assigned bus number 3
[    4.912192] uhci_hcd 0000:00:1a.0: irq 20, io base 0x00001860
[    4.912298] usb usb3: New USB device found, idVendor=1d6b, idProduct=0001
[    4.912386] usb usb3: New USB device strings: Mfr=3, Product=2, SerialNumber=1
[    4.912513] usb usb3: Product: UHCI Host Controller
[    4.912593] usb usb3: Manufacturer: Linux 2.6.32.57 uhci_hcd
[    4.912685] usb usb3: SerialNumber: 0000:00:1a.0
[    4.912824] usb usb3: configuration #1 chosen from 1 choice
[    4.912936] hub 3-0:1.0: USB hub found
[    4.913027] hub 3-0:1.0: 2 ports detected
[    4.913314] uhci_hcd 0000:00:1a.1: power state changed by ACPI to D0
[    4.913560] uhci_hcd 0000:00:1a.1: power state changed by ACPI to D0
[    4.913646] uhci_hcd 0000:00:1a.1: PCI INT B -> GSI 21 (level, low) -> IRQ 21
[    4.913737] uhci_hcd 0000:00:1a.1: setting latency timer to 64
[    4.913742] uhci_hcd 0000:00:1a.1: UHCI Host Controller
[    4.913867] uhci_hcd 0000:00:1a.1: new USB bus registered, assigned bus number 4
[    4.914010] uhci_hcd 0000:00:1a.1: irq 21, io base 0x00001880
[    4.914116] usb usb4: New USB device found, idVendor=1d6b, idProduct=0001
[    4.914198] usb usb4: New USB device strings: Mfr=3, Product=2, SerialNumber=1
[    4.914311] usb usb4: Product: UHCI Host Controller
[    4.914393] usb usb4: Manufacturer: Linux 2.6.32.57 uhci_hcd
[    4.914479] usb usb4: SerialNumber: 0000:00:1a.1
[    4.914613] usb usb4: configuration #1 chosen from 1 choice
[    4.914720] hub 4-0:1.0: USB hub found
[    4.914811] hub 4-0:1.0: 2 ports detected
[    4.915133] uhci_hcd 0000:00:1d.0: power state changed by ACPI to D0
[    4.915359] uhci_hcd 0000:00:1d.0: power state changed by ACPI to D0
[    4.915451] uhci_hcd 0000:00:1d.0: PCI INT A -> GSI 16 (level, low) -> IRQ 16
[    4.915549] uhci_hcd 0000:00:1d.0: setting latency timer to 64
[    4.915554] uhci_hcd 0000:00:1d.0: UHCI Host Controller
[    4.915680] uhci_hcd 0000:00:1d.0: new USB bus registered, assigned bus number 5
[    4.915825] uhci_hcd 0000:00:1d.0: irq 16, io base 0x000018a0
[    4.915929] usb usb5: New USB device found, idVendor=1d6b, idProduct=0001
[    4.916011] usb usb5: New USB device strings: Mfr=3, Product=2, SerialNumber=1
[    4.916127] usb usb5: Product: UHCI Host Controller
[    4.916213] usb usb5: Manufacturer: Linux 2.6.32.57 uhci_hcd
[    4.916300] usb usb5: SerialNumber: 0000:00:1d.0
[    4.916440] usb usb5: configuration #1 chosen from 1 choice
[    4.916562] hub 5-0:1.0: USB hub found
[    4.916655] hub 5-0:1.0: 2 ports detected
[    4.916787] uhci_hcd 0000:00:1d.1: PCI INT B -> GSI 17 (level, low) -> IRQ 17
[    4.916876] uhci_hcd 0000:00:1d.1: setting latency timer to 64
[    4.916881] uhci_hcd 0000:00:1d.1: UHCI Host Controller
[    4.917001] uhci_hcd 0000:00:1d.1: new USB bus registered, assigned bus number 6
[    4.917150] uhci_hcd 0000:00:1d.1: irq 17, io base 0x000018c0
[    4.917256] usb usb6: New USB device found, idVendor=1d6b, idProduct=0001
[    4.917339] usb usb6: New USB device strings: Mfr=3, Product=2, SerialNumber=1
[    4.917459] usb usb6: Product: UHCI Host Controller
[    4.917547] usb usb6: Manufacturer: Linux 2.6.32.57 uhci_hcd
[    4.917627] usb usb6: SerialNumber: 0000:00:1d.1
[    4.917755] usb usb6: configuration #1 chosen from 1 choice
[    4.917869] hub 6-0:1.0: USB hub found
[    4.917952] hub 6-0:1.0: 2 ports detected
[    4.918266] uhci_hcd 0000:00:1d.2: power state changed by ACPI to D0
[    4.918525] uhci_hcd 0000:00:1d.2: power state changed by ACPI to D0
[    4.918620] uhci_hcd 0000:00:1d.2: PCI INT C -> GSI 18 (level, low) -> IRQ 18
[    4.918714] uhci_hcd 0000:00:1d.2: setting latency timer to 64
[    4.918716] uhci_hcd 0000:00:1d.2: UHCI Host Controller
[    4.918841] uhci_hcd 0000:00:1d.2: new USB bus registered, assigned bus number 7
[    4.918989] uhci_hcd 0000:00:1d.2: irq 18, io base 0x000018e0
[    4.919095] usb usb7: New USB device found, idVendor=1d6b, idProduct=0001
[    4.919181] usb usb7: New USB device strings: Mfr=3, Product=2, SerialNumber=1
[    4.919296] usb usb7: Product: UHCI Host Controller
[    4.919388] usb usb7: Manufacturer: Linux 2.6.32.57 uhci_hcd
[    4.919469] usb usb7: SerialNumber: 0000:00:1d.2
[    4.920265] usb usb7: configuration #1 chosen from 1 choice
[    4.920375] hub 7-0:1.0: USB hub found
[    4.920459] hub 7-0:1.0: 2 ports detected
[    4.920612] sl811: driver sl811-hcd, 19 May 2005
[    4.920713] r8a66597_hcd: driver r8a66597_hcd, 2009-05-26
[    4.920880] Initializing USB Mass Storage driver...
[    4.921012] usbcore: registered new interface driver usb-storage
[    4.921101] USB Mass Storage support registered.
[    4.921206] usbcore: registered new interface driver ums-alauda
[    4.921306] usbcore: registered new interface driver ums-cypress
[    4.921410] usbcore: registered new interface driver ums-datafab
[    4.921529] usbcore: registered new interface driver ums-freecom
[    4.921643] usbcore: registered new interface driver ums-isd200
[    4.921749] usbcore: registered new interface driver ums-jumpshot
[    4.921857] usbcore: registered new interface driver ums-karma
[    4.921959] usbcore: registered new interface driver ums-onetouch
[    4.922071] usbcore: registered new interface driver ums-sddr09
[    4.922184] usbcore: registered new interface driver ums-sddr55
[    4.922287] usbcore: registered new interface driver ums-usbat
[    4.922426] PNP: PS/2 Controller [PNP0303:KBD,PNP0f13:MOU] at 0x60,0x64 irq 1,12
[    4.930973] serio: i8042 KBD port at 0x60,0x64 irq 1
[    4.931058] serio: i8042 AUX port at 0x60,0x64 irq 12
[    4.931290] mice: PS/2 mouse device common for all mice
[    4.931394] i2c /dev entries driver
[    4.931528] md: linear personality registered for level -1
[    4.931619] md: raid0 personality registered for level 0
[    4.931700] md: raid1 personality registered for level 1
[    4.931786] md: raid10 personality registered for level 10
[    4.931866] md: raid6 personality registered for level 6
[    4.931952] md: raid5 personality registered for level 5
[    4.932032] md: raid4 personality registered for level 4
[    4.932116] md: multipath personality registered for level -4
[    4.932297] device-mapper: ioctl: 4.15.0-ioctl (2009-04-01) initialised: dm-devel@redhat.com
[    4.932490] cpuidle: using governor ladder
[    4.933088] usbcore: registered new interface driver usbhid
[    4.933179] usbhid: v2.6:USB HID core driver
[    4.933323] random 0000 0000 0000 00000000 00000000: rand_read_num 4 get_random_bytes(136): sig 00000000 00000000 00000000
[    4.933326] random 0000 0000 0000 00000000 00000000: extract_entropy(.. 136 ..)
[    4.933329] random 0000 0000 0000 00000000 00000000: going to reseed nonblocking with 1024 bits (1088 of 0 requested)
[    4.933331] random 0000 0000 0000 00000000 00000000: extract_entropy(.. 128 ..)
[    4.933333] random 0000 0000 0000 00000000 00000000: trying to extract 1024 bits from input
[    4.933335] random 0000 0000 0000 00000000 00000000: debiting 0 entropy credits from input
[    4.933337] random 0000 0000 0000 00000000 00000000: extract_entropy account returned: 0 
[    4.933340] random 0000 0000 0000 00000000 00000000: urand_change_num 7 xfer_secondary_pool(136): pool_sig 00000000, data_sig 00000000, bytes_mixed 0 00000000 00000000
[    4.933343] random 0000 0000 0000 00000000 00000000: trying to extract 1088 bits from nonblocking
[    4.933345] random 0000 0000 0000 00000000 00000000: debiting 1088 entropy credits from nonblocking (unlimited)
[    4.933348] random 0000 0000 0000 00000000 00000000: extract_entropy account returned: 136 
[    4.933352] random 0000 0000 0000 00000000 00000000: urand_change_num 8 extract_buf: pool_sig 00000000, data_sig fffffff9, bytes_mixed 20 00000000 00000000
[    4.933357] random 0000 0000 0000 b7c35b56 be4dc95d: urand_change_num 9 extract_buf: pool_sig fffffd1e, data_sig 000000c5, bytes_mixed 20 b7c35b56 be4dc95d
[    4.933363] random 0000 0000 0000 ed9f5c47 c48487fb: urand_change_num 10 extract_buf: pool_sig fffff8ec, data_sig ffffff68, bytes_mixed 20 ed9f5c47 c48487fb
[    4.933368] random 0000 0000 0000 ed9f5c47 c48487fb: urand_change_num 11 extract_buf: pool_sig fffffaed, data_sig 000001aa, bytes_mixed 20 ed9f5c47 c48487fb
[    4.933373] random 0000 0000 0000 1b4f7c0a 91bd6a48: urand_change_num 12 extract_buf: pool_sig fffffdd8, data_sig 00000064, bytes_mixed 20 1b4f7c0a 91bd6a48
[    4.933378] random 0000 0000 0000 a254b9bc 20e9a24f: urand_change_num 13 extract_buf: pool_sig fffffbe6, data_sig 000001dd, bytes_mixed 20 a254b9bc 20e9a24f
[    4.933383] random 0000 0000 0000 a254b9bc 20e9a24f: urand_change_num 14 extract_buf: pool_sig fffff940, data_sig fffffe20, bytes_mixed 20 a254b9bc 20e9a24f
[    4.933388] random 0000 0000 0000 2831a66b 5fa2a3ad: urand_change_num 15 extract_buf: pool_sig fffffbce, data_sig 0000007e, bytes_mixed 20 2831a66b 5fa2a3ad
[    4.933394] random 0000 0000 0000 2831a66b 5fa2a3ad: urand_change_num 16 extract_buf: pool_sig 000004df, data_sig fffffe8f, bytes_mixed 20 2831a66b 5fa2a3ad
[    4.933399] random 0000 0000 0000 d4512bfd c9a54e0b: urand_change_num 17 extract_buf: pool_sig 00000485, data_sig fffffe68, bytes_mixed 20 d4512bfd c9a54e0b
[    4.933404] random 0000 0000 0000 c7371be6 f9ffea11: urand_change_num 18 extract_buf: pool_sig 00000095, data_sig ffffffed, bytes_mixed 20 c7371be6 f9ffea11
[    4.933409] random 0000 0000 0000 c7371be6 f9ffea11: urand_change_num 19 extract_buf: pool_sig 000003a7, data_sig fffffefa, bytes_mixed 20 c7371be6 f9ffea11
[    4.933414] random 0000 0000 0000 8fb4b62c d1ddba54: urand_change_num 20 extract_buf: pool_sig 00000179, data_sig ffffff78, bytes_mixed 20 8fb4b62c d1ddba54
[    4.933419] random 0000 0000 0000 9ff19f9c c07a1d2a: urand_change_num 21 extract_buf: pool_sig fffffe88, data_sig 00000126, bytes_mixed 20 9ff19f9c c07a1d2a
[    4.933424] TCP cubic registered
[    4.933511] Initializing XFRM netlink socket
[    4.933594] NET: Registered protocol family 17
[    4.933691] Using IPI Shortcut mode
[    4.933773] random 0000 0000 0000 9ff19f9c c07a1d2a: rand_read_num 5 get_random_bytes(8): sig 0000031b 9ff19f9c c07a1d2a
[    4.933776] random 0000 0000 0000 9ff19f9c c07a1d2a: extract_entropy(.. 8 ..)
[    4.933778] random 0000 0000 0000 9ff19f9c c07a1d2a: going to reseed nonblocking with 64 bits (64 of 0 requested)
[    4.933780] random 0000 0000 0000 9ff19f9c c07a1d2a: extract_entropy(.. 8 ..)
[    4.933782] random 0000 0000 0000 9ff19f9c c07a1d2a: trying to extract 64 bits from input
[    4.933784] random 0000 0000 0000 9ff19f9c c07a1d2a: debiting 0 entropy credits from input
[    4.933786] random 0000 0000 0000 9ff19f9c c07a1d2a: extract_entropy account returned: 0 
[    4.933789] random 0000 0000 0000 9ff19f9c c07a1d2a: urand_change_num 22 xfer_secondary_pool(8): pool_sig 0000031b, data_sig 00000000, bytes_mixed 0 9ff19f9c c07a1d2a
[    4.933792] random 0000 0000 0000 9ff19f9c c07a1d2a: trying to extract 64 bits from nonblocking
[    4.933794] random 0000 0000 0000 9ff19f9c c07a1d2a: debiting 64 entropy credits from nonblocking (unlimited)
[    4.933796] random 0000 0000 0000 9ff19f9c c07a1d2a: extract_entropy account returned: 8 
[    4.933800] random 0000 0000 0000 9ff19f9c c07a1d2a: urand_change_num 23 extract_buf: pool_sig 0000031b, data_sig ffffffb3, bytes_mixed 20 9ff19f9c c07a1d2a
[    4.936483] input: AT Translated Set 2 keyboard as /devices/platform/i8042/serio0/input/input1
[    5.126507] ata1: SATA link up 1.5 Gbps (SStatus 113 SControl 300)
[    5.126611] ata3: SATA link down (SStatus 0 SControl 300)
[    5.128760] ata1.00: ACPI cmd ef/02:00:00:00:00:a0 (SET FEATURES) succeeded
[    5.128763] ata1.00: ACPI cmd f5/00:00:00:00:00:a0 (SECURITY FREEZE LOCK) filtered out
[    5.130150] ata1.00: ACPI cmd ef/5f:00:00:00:00:a0 (SET FEATURES) succeeded
[    5.130153] ata1.00: ACPI cmd ef/10:03:00:00:00:a0 (SET FEATURES) filtered out
[    5.132064] ata1.00: ATA-7: ST910021AS, 4.06, max UDMA/100
[    5.132152] ata1.00: 195371568 sectors, multi 16: LBA48 
[    5.134298] ata1.00: ACPI cmd ef/02:00:00:00:00:a0 (SET FEATURES) succeeded
[    5.134300] ata1.00: ACPI cmd f5/00:00:00:00:00:a0 (SECURITY FREEZE LOCK) filtered out
[    5.135693] ata1.00: ACPI cmd ef/5f:00:00:00:00:a0 (SET FEATURES) succeeded
[    5.135696] ata1.00: ACPI cmd ef/10:03:00:00:00:a0 (SET FEATURES) filtered out
[    5.137625] ata1.00: configured for UDMA/100
[    5.148556] scsi 2:0:0:0: Direct-Access     ATA      ST910021AS       4.06 PQ: 0 ANSI: 5
[    5.148828] sd 2:0:0:0: [sda] 195371568 512-byte logical blocks: (100 GB/93.1 GiB)
[    5.148965] sd 2:0:0:0: [sda] Write Protect is off
[    5.149045] sd 2:0:0:0: [sda] Mode Sense: 00 3a 00 00
[    5.149058] sd 2:0:0:0: [sda] Write cache: enabled, read cache: enabled, doesn't support DPO or FUA
[    5.149245]  sda:
[    5.213487] usb 2-1: new high speed USB device using ehci_hcd and address 2
[    5.361054] usb 2-1: New USB device found, idVendor=0e8d, idProduct=1806
[    5.361146] usb 2-1: New USB device strings: Mfr=1, Product=2, SerialNumber=3
[    5.361227] usb 2-1: Product: MT1806 
[    5.361312] usb 2-1: Manufacturer: MediaTek Inc
[    5.361398] usb 2-1: SerialNumber: R8KN6GAC800AEB 
[    5.361535] usb 2-1: configuration #1 chosen from 1 choice
[    5.367971] scsi5 : SCSI emulation for USB Mass Storage devices
[    5.368134] usb-storage: device found at 2
[    5.368135] usb-storage: waiting for device to settle before scanning
[    5.564137]  sda1 sda2
[    5.564864] sd 2:0:0:0: [sda] Attached SCSI disk
[    5.564953] random 0000 0000 0000 277f73c3 42024bb9: rand_read_num 6 get_random_bytes(12): sig 000007e9 277f73c3 42024bb9
[    5.564955] random 0000 0000 0000 277f73c3 42024bb9: extract_entropy(.. 12 ..)
[    5.564958] random 0000 0000 0000 277f73c3 42024bb9: going to reseed nonblocking with 96 bits (96 of 0 requested)
[    5.564960] random 0000 0000 0000 277f73c3 42024bb9: extract_entropy(.. 12 ..)
[    5.564962] random 0000 0000 0000 277f73c3 42024bb9: trying to extract 96 bits from input
[    5.564964] random 0000 0000 0000 277f73c3 42024bb9: debiting 0 entropy credits from input
[    5.564966] random 0000 0000 0000 277f73c3 42024bb9: extract_entropy account returned: 0 
[    5.564969] random 0000 0000 0000 277f73c3 42024bb9: urand_change_num 24 xfer_secondary_pool(12): pool_sig 000007e9, data_sig 00000000, bytes_mixed 0 277f73c3 42024bb9
[    5.564972] random 0000 0000 0000 277f73c3 42024bb9: trying to extract 96 bits from nonblocking
[    5.564974] random 0000 0000 0000 277f73c3 42024bb9: debiting 96 entropy credits from nonblocking (unlimited)
[    5.564976] random 0000 0000 0000 277f73c3 42024bb9: extract_entropy account returned: 12 
[    5.564981] random 0000 0000 0000 277f73c3 42024bb9: urand_change_num 25 extract_buf: pool_sig 000007e9, data_sig 00000088, bytes_mixed 20 277f73c3 42024bb9
[    5.564986] random 0000 0000 0000 277f73c3 42024bb9: urand_change_num 26 extract_buf: pool_sig 00000498, data_sig fffffefb, bytes_mixed 20 277f73c3 42024bb9
[    5.564989] RANDOM - __seed init called.
[    5.564990] RANDOM - __seed init called.
[    5.564991] RANDOM - __seed init called.
[    5.564992] RANDOM - __random32 called. Change num 12.  Value: 87f14767	f0d7351	b1e48bd3
[    5.564994] RANDOM - random32_reseed called.  Value: 87f14767	f0d7351	b1e48bd3
[    5.564997] Pid: 1, comm: swapper Not tainted 2.6.32.57 #3
[    5.565077] Call Trace:
[    5.565157]  [<c1923ca4>] ? random32_reseed+0xa0/0xb1
[    5.565248]  [<c1923c04>] ? random32_reseed+0x0/0xb1
[    5.565338]  [<c100111e>] ? do_one_initcall+0x2e/0x180
[    5.565426]  [<c1907265>] ? kernel_init+0xad/0x103
[    5.565510]  [<c19071b8>] ? kernel_init+0x0/0x103
[    5.565591]  [<c1003787>] ? kernel_thread_helper+0x7/0x10
[    5.566108] random 0000 0000 0000 386b4e60 ee4d4880: rand_read_num 7 get_random_bytes(64): sig fffffea5 386b4e60 ee4d4880
[    5.566110] random 0000 0000 0000 386b4e60 ee4d4880: extract_entropy(.. 64 ..)
[    5.566112] random 0000 0000 0000 386b4e60 ee4d4880: going to reseed nonblocking with 512 bits (512 of 0 requested)
[    5.566114] random 0000 0000 0000 386b4e60 ee4d4880: extract_entropy(.. 64 ..)
[    5.566116] random 0000 0000 0000 386b4e60 ee4d4880: trying to extract 512 bits from input
[    5.566119] random 0000 0000 0000 386b4e60 ee4d4880: debiting 0 entropy credits from input
[    5.566121] random 0000 0000 0000 386b4e60 ee4d4880: extract_entropy account returned: 0 
[    5.566124] random 0000 0000 0000 386b4e60 ee4d4880: urand_change_num 27 xfer_secondary_pool(64): pool_sig fffffea5, data_sig 00000000, bytes_mixed 0 386b4e60 ee4d4880
[    5.566127] random 0000 0000 0000 386b4e60 ee4d4880: trying to extract 512 bits from nonblocking
[    5.566129] random 0000 0000 0000 386b4e60 ee4d4880: debiting 512 entropy credits from nonblocking (unlimited)
[    5.566131] random 0000 0000 0000 386b4e60 ee4d4880: extract_entropy account returned: 64 
[    5.566135] random 0000 0000 0000 386b4e60 ee4d4880: urand_change_num 28 extract_buf: pool_sig fffffea5, data_sig 00000173, bytes_mixed 20 386b4e60 ee4d4880
[    5.566140] random 0000 0000 0000 412698f6 0cc8689a: urand_change_num 29 extract_buf: pool_sig 00000122, data_sig ffffff63, bytes_mixed 20 412698f6 0cc8689a
[    5.566146] random 0000 0000 0000 412698f6 0cc8689a: urand_change_num 30 extract_buf: pool_sig 000001f7, data_sig 00000012, bytes_mixed 20 412698f6 0cc8689a
[    5.566151] random 0000 0000 0000 9669941e 06f768b1: urand_change_num 31 extract_buf: pool_sig fffffb5b, data_sig 0000003f, bytes_mixed 20 9669941e 06f768b1
[    5.566156] random 0000 0000 0000 98486520 995551f0: urand_change_num 32 extract_buf: pool_sig fffffb39, data_sig 0000000e, bytes_mixed 20 98486520 995551f0
[    5.566161] random 0000 0000 0000 98486520 995551f0: urand_change_num 33 extract_buf: pool_sig fffffd8d, data_sig 000001a6, bytes_mixed 20 98486520 995551f0
[    5.566166] random 0000 0000 0000 61fc8914 d5882ed2: urand_change_num 34 extract_buf: pool_sig fffffa58, data_sig 0000023e, bytes_mixed 20 61fc8914 d5882ed2
[    5.566196] random 0000 0000 0000 61fc8914 d5882ed2: rand_read_num 8 get_random_bytes(64): sig fffff9ee 61fc8914 d5882ed2
[    5.566198] random 0000 0000 0000 61fc8914 d5882ed2: extract_entropy(.. 64 ..)
[    5.566200] random 0000 0000 0000 61fc8914 d5882ed2: going to reseed nonblocking with 512 bits (512 of 0 requested)
[    5.566203] random 0000 0000 0000 61fc8914 d5882ed2: extract_entropy(.. 64 ..)
[    5.566205] random 0000 0000 0000 61fc8914 d5882ed2: trying to extract 512 bits from input
[    5.566207] random 0000 0000 0000 61fc8914 d5882ed2: debiting 0 entropy credits from input
[    5.566209] random 0000 0000 0000 61fc8914 d5882ed2: extract_entropy account returned: 0 
[    5.566212] random 0000 0000 0000 61fc8914 d5882ed2: urand_change_num 35 xfer_secondary_pool(64): pool_sig fffff9ee, data_sig 00000000, bytes_mixed 0 61fc8914 d5882ed2
[    5.566214] random 0000 0000 0000 61fc8914 d5882ed2: trying to extract 512 bits from nonblocking
[    5.566217] random 0000 0000 0000 61fc8914 d5882ed2: debiting 512 entropy credits from nonblocking (unlimited)
[    5.566219] random 0000 0000 0000 61fc8914 d5882ed2: extract_entropy account returned: 64 
[    5.566223] random 0000 0000 0000 61fc8914 d5882ed2: urand_change_num 36 extract_buf: pool_sig fffff9ee, data_sig ffffff85, bytes_mixed 20 61fc8914 d5882ed2
[    5.566228] random 0000 0000 0000 70cfd302 e5edec11: urand_change_num 37 extract_buf: pool_sig fffffdc1, data_sig ffffffde, bytes_mixed 20 70cfd302 e5edec11
[    5.566233] random 0000 0000 0000 00dab838 eafd2b30: urand_change_num 38 extract_buf: pool_sig 000003da, data_sig ffffff61, bytes_mixed 20 00dab838 eafd2b30
[    5.566239] random 0000 0000 0000 00dab838 eafd2b30: urand_change_num 39 extract_buf: pool_sig 00000314, data_sig 00000121, bytes_mixed 20 00dab838 eafd2b30
[    5.566244] random 0000 0000 0000 5fcdf66a 6442b608: urand_change_num 40 extract_buf: pool_sig 0000028b, data_sig fffffefd, bytes_mixed 20 5fcdf66a 6442b608
[    5.566249] random 0000 0000 0000 61333f6b 8fae0f9b: urand_change_num 41 extract_buf: pool_sig 000000cb, data_sig 000000b3, bytes_mixed 20 61333f6b 8fae0f9b
[    5.566254] random 0000 0000 0000 61333f6b 8fae0f9b: urand_change_num 42 extract_buf: pool_sig fffffef8, data_sig 00000051, bytes_mixed 20 61333f6b 8fae0f9b
[    5.566257] BEGIN NET_SECRET:
[    5.566258] \xffffffe0
[    5.566259] \xffffffb6
[    5.566260] \x36
[    5.566261] \xffffffb5
[    5.566262] \xffffff94
[    5.566262] \xffffffb2
[    5.566263] \xffffffa8
[    5.566264] \xffffffda
[    5.566265] \x5b
[    5.566265] \x19
[    5.566266] \x18
[    5.566267] \x5c
[    5.566268] \x2b
[    5.566268] \x1
[    5.566269] \xffffff90
[    5.566270] \x19
[    5.566271] \x3c
[    5.566271] \xfffffff2
[    5.566272] \xffffff82
[    5.566273] \x2a
[    5.566274] \xffffffb3
[    5.566275] \xffffffa2
[    5.566275] \x3f
[    5.566276] \x5
[    5.566277] \x52
[    5.566277] \x77
[    5.566278] \x57
[    5.566279] \x79
[    5.566279] \x16
[    5.566280] \x43
[    5.566281] \xffffff84
[    5.566282] \xffffffc3
[    5.566282] \xffffffe9
[    5.566283] \x79
[    5.566284] \x50
[    5.566285] \xffffff8e
[    5.566285] \x3f
[    5.566286] \xfffffff3
[    5.566287] \x19
[    5.566288] \x2a
[    5.566288] \xfffffffd
[    5.566289] \xfffffffb
[    5.566290] \x62
[    5.566291] \x3c
[    5.566291] \xffffffac
[    5.566292] \x1c
[    5.566293] \x3b
[    5.566294] \x3b
[    5.566294] \x15
[    5.566295] \x27
[    5.566296] \xffffffa8
[    5.566296] \x22
[    5.566297] \xffffffc5
[    5.566298] \xffffff9a
[    5.566299] \x5
[    5.566299] \x6c
[    5.566300] \xffffffa8
[    5.566301] \x3a
[    5.566302] \x44
[    5.566302] \xffffffaf
[    5.566303] \x13
[    5.566304] \xffffffe0
[    5.566305] \xffffff9d
[    5.566305] \x22
[    5.566306] 
[    5.566307] END NET_SECRET
[    5.566309] random 0000 0000 0000 e7f555d9 e8ce5c3c: rand_read_num 9 get_random_bytes(4): sig 0000068c e7f555d9 e8ce5c3c
[    5.566312] random 0000 0000 0000 e7f555d9 e8ce5c3c: extract_entropy(.. 4 ..)
[    5.566314] random 0000 0000 0000 e7f555d9 e8ce5c3c: going to reseed nonblocking with 64 bits (32 of 0 requested)
[    5.566316] random 0000 0000 0000 e7f555d9 e8ce5c3c: extract_entropy(.. 8 ..)
[    5.566318] random 0000 0000 0000 e7f555d9 e8ce5c3c: trying to extract 64 bits from input
[    5.566320] random 0000 0000 0000 e7f555d9 e8ce5c3c: debiting 0 entropy credits from input
[    5.566322] random 0000 0000 0000 e7f555d9 e8ce5c3c: extract_entropy account returned: 0 
[    5.566325] random 0000 0000 0000 e7f555d9 e8ce5c3c: urand_change_num 43 xfer_secondary_pool(4): pool_sig 0000068c, data_sig 00000000, bytes_mixed 0 e7f555d9 e8ce5c3c
[    5.566328] random 0000 0000 0000 e7f555d9 e8ce5c3c: trying to extract 32 bits from nonblocking
[    5.566330] random 0000 0000 0000 e7f555d9 e8ce5c3c: debiting 32 entropy credits from nonblocking (unlimited)
[    5.566332] random 0000 0000 0000 e7f555d9 e8ce5c3c: extract_entropy account returned: 4 
[    5.566336] random 0000 0000 0000 e7f555d9 e8ce5c3c: urand_change_num 44 extract_buf: pool_sig 0000068c, data_sig fffffdcb, bytes_mixed 20 e7f555d9 e8ce5c3c
[    5.566347] md: Waiting for all devices to be available before autodetect
[    5.566433] md: If you don't use raid, use raid=noautodetect
[    5.566596] md: Autodetecting RAID arrays.
[    5.566676] md: Scanned 0 and added 0 devices.
[    5.566763] md: autorun ...
[    5.566840] md: ... autorun DONE.
[    5.581592] EXT3-fs: sda2: couldn't mount because of unsupported optional features (240).
[    5.581815] EXT2-fs: sda2: couldn't mount because of unsupported optional features (240).
[    5.583033] random 0000 0000 0000 e7f555d9 e8ce5c3c: rand_read_num 10 get_random_bytes(4): sig ffffff72 e7f555d9 e8ce5c3c
[    5.583035] random 0000 0000 0000 e7f555d9 e8ce5c3c: extract_entropy(.. 4 ..)
[    5.583037] random 0000 0000 0000 e7f555d9 e8ce5c3c: going to reseed nonblocking with 64 bits (32 of 0 requested)
[    5.583040] random 0000 0000 0000 e7f555d9 e8ce5c3c: extract_entropy(.. 8 ..)
[    5.583042] random 0000 0000 0000 e7f555d9 e8ce5c3c: trying to extract 64 bits from input
[    5.583044] random 0000 0000 0000 e7f555d9 e8ce5c3c: debiting 0 entropy credits from input
[    5.583046] random 0000 0000 0000 e7f555d9 e8ce5c3c: extract_entropy account returned: 0 
[    5.583049] random 0000 0000 0000 e7f555d9 e8ce5c3c: urand_change_num 45 xfer_secondary_pool(4): pool_sig ffffff72, data_sig 00000000, bytes_mixed 0 e7f555d9 e8ce5c3c
[    5.583052] random 0000 0000 0000 e7f555d9 e8ce5c3c: trying to extract 32 bits from nonblocking
[    5.583054] random 0000 0000 0000 e7f555d9 e8ce5c3c: debiting 32 entropy credits from nonblocking (unlimited)
[    5.583056] random 0000 0000 0000 e7f555d9 e8ce5c3c: extract_entropy account returned: 4 
[    5.583060] random 0000 0000 0000 e7f555d9 e8ce5c3c: urand_change_num 46 extract_buf: pool_sig ffffff72, data_sig ffffff72, bytes_mixed 20 e7f555d9 e8ce5c3c
[    5.618184] EXT4-fs (sda2): mounted filesystem with ordered data mode
[    5.618359] VFS: Mounted root (ext4 filesystem) readonly on device 8:2.
[    5.618456] Freeing unused kernel memory: 448k freed
[    5.697214] random 0000 0000 0000 91716c54 eeb6a1e7: rand_read_num 11 get_random_bytes(16): sig fffffcad 91716c54 eeb6a1e7
[    5.697217] random 0000 0000 0000 91716c54 eeb6a1e7: extract_entropy(.. 16 ..)
[    5.697219] random 0000 0000 0000 91716c54 eeb6a1e7: going to reseed nonblocking with 128 bits (128 of 0 requested)
[    5.697221] random 0000 0000 0000 91716c54 eeb6a1e7: extract_entropy(.. 16 ..)
[    5.697223] random 0000 0000 0000 91716c54 eeb6a1e7: trying to extract 128 bits from input
[    5.697225] random 0000 0000 0000 91716c54 eeb6a1e7: debiting 0 entropy credits from input
[    5.697227] random 0000 0000 0000 91716c54 eeb6a1e7: extract_entropy account returned: 0 
[    5.697230] random 0000 0000 0000 91716c54 eeb6a1e7: urand_change_num 47 xfer_secondary_pool(16): pool_sig fffffcad, data_sig 00000000, bytes_mixed 0 91716c54 eeb6a1e7
[    5.697233] random 0000 0000 0000 91716c54 eeb6a1e7: trying to extract 128 bits from nonblocking
[    5.697236] random 0000 0000 0000 91716c54 eeb6a1e7: debiting 128 entropy credits from nonblocking (unlimited)
[    5.697238] random 0000 0000 0000 91716c54 eeb6a1e7: extract_entropy account returned: 16 
[    5.697242] random 0000 0000 0000 91716c54 eeb6a1e7: urand_change_num 48 extract_buf: pool_sig fffffcad, data_sig ffffff19, bytes_mixed 20 91716c54 eeb6a1e7
[    5.697247] random 0000 0000 0000 fd637b06 6cf47bc1: urand_change_num 49 extract_buf: pool_sig fffffede, data_sig ffffffc1, bytes_mixed 20 fd637b06 6cf47bc1
[    5.792275] random 0000 0000 0000 fd637b06 6cf47bc1: rand_read_num 12 get_random_bytes(16): sig 0000033b fd637b06 6cf47bc1
[    5.792278] random 0000 0000 0000 fd637b06 6cf47bc1: extract_entropy(.. 16 ..)
[    5.792280] random 0000 0000 0000 fd637b06 6cf47bc1: going to reseed nonblocking with 128 bits (128 of 0 requested)
[    5.792283] random 0000 0000 0000 fd637b06 6cf47bc1: extract_entropy(.. 16 ..)
[    5.792285] random 0000 0000 0000 fd637b06 6cf47bc1: trying to extract 128 bits from input
[    5.792287] random 0000 0000 0000 fd637b06 6cf47bc1: debiting 0 entropy credits from input
[    5.792289] random 0000 0000 0000 fd637b06 6cf47bc1: extract_entropy account returned: 0 
[    5.792292] random 0000 0000 0000 fd637b06 6cf47bc1: urand_change_num 50 xfer_secondary_pool(16): pool_sig 0000033b, data_sig 00000000, bytes_mixed 0 fd637b06 6cf47bc1
[    5.792295] random 0000 0000 0000 fd637b06 6cf47bc1: trying to extract 128 bits from nonblocking
[    5.792297] random 0000 0000 0000 fd637b06 6cf47bc1: debiting 128 entropy credits from nonblocking (unlimited)
[    5.792299] random 0000 0000 0000 fd637b06 6cf47bc1: extract_entropy account returned: 16 
[    5.792304] random 0000 0000 0000 fd637b06 6cf47bc1: urand_change_num 51 extract_buf: pool_sig 0000033b, data_sig 000000d8, bytes_mixed 20 fd637b06 6cf47bc1
[    5.792309] random 0000 0000 0000 0ec1f012 d4727ca8: urand_change_num 52 extract_buf: pool_sig fffffcf5, data_sig 00000016, bytes_mixed 20 0ec1f012 d4727ca8
[    6.155492] ieee1394: Host added: ID:BUS[0-00:1023]  GUID[00061b032a25f51c]
[    6.166181] random 0000 0000 0000 45b1d0b1 845a73f7: rand_read_num 13 get_random_bytes(16): sig 00000116 45b1d0b1 845a73f7
[    6.166183] random 0000 0000 0000 45b1d0b1 845a73f7: extract_entropy(.. 16 ..)
[    6.166186] random 0000 0000 0000 45b1d0b1 845a73f7: going to reseed nonblocking with 128 bits (128 of 0 requested)
[    6.166188] random 0000 0000 0000 45b1d0b1 845a73f7: extract_entropy(.. 16 ..)
[    6.166190] random 0000 0000 0000 45b1d0b1 845a73f7: trying to extract 128 bits from input
[    6.166192] random 0000 0000 0000 45b1d0b1 845a73f7: debiting 0 entropy credits from input
[    6.166194] random 0000 0000 0000 45b1d0b1 845a73f7: extract_entropy account returned: 0 
[    6.166197] random 0000 0000 0000 45b1d0b1 845a73f7: urand_change_num 53 xfer_secondary_pool(16): pool_sig 00000116, data_sig 00000000, bytes_mixed 0 45b1d0b1 845a73f7
[    6.166200] random 0000 0000 0000 45b1d0b1 845a73f7: trying to extract 128 bits from nonblocking
[    6.166203] random 0000 0000 0000 45b1d0b1 845a73f7: debiting 128 entropy credits from nonblocking (unlimited)
[    6.166205] random 0000 0000 0000 45b1d0b1 845a73f7: extract_entropy account returned: 16 
[    6.166209] random 0000 0000 0000 45b1d0b1 845a73f7: urand_change_num 54 extract_buf: pool_sig 00000116, data_sig fffffd8b, bytes_mixed 20 45b1d0b1 845a73f7
[    6.166214] random 0000 0000 0000 45b1d0b1 845a73f7: urand_change_num 55 extract_buf: pool_sig fffffc05, data_sig 00000109, bytes_mixed 20 45b1d0b1 845a73f7
[    6.218681] random 0000 0000 0000 5012cce3 b8a30621: rand_read_num 14 get_random_bytes(16): sig fffffb93 5012cce3 b8a30621
[    6.218684] random 0000 0000 0000 5012cce3 b8a30621: extract_entropy(.. 16 ..)
[    6.218686] random 0000 0000 0000 5012cce3 b8a30621: going to reseed nonblocking with 128 bits (128 of 0 requested)
[    6.218689] random 0000 0000 0000 5012cce3 b8a30621: extract_entropy(.. 16 ..)
[    6.218691] random 0000 0000 0000 5012cce3 b8a30621: trying to extract 128 bits from input
[    6.218693] random 0000 0000 0000 5012cce3 b8a30621: debiting 0 entropy credits from input
[    6.218695] random 0000 0000 0000 5012cce3 b8a30621: extract_entropy account returned: 0 
[    6.218698] random 0000 0000 0000 5012cce3 b8a30621: urand_change_num 56 xfer_secondary_pool(16): pool_sig fffffb93, data_sig 00000000, bytes_mixed 0 5012cce3 b8a30621
[    6.218701] random 0000 0000 0000 5012cce3 b8a30621: trying to extract 128 bits from nonblocking
[    6.218703] random 0000 0000 0000 5012cce3 b8a30621: debiting 128 entropy credits from nonblocking (unlimited)
[    6.218705] random 0000 0000 0000 5012cce3 b8a30621: extract_entropy account returned: 16 
[    6.218709] random 0000 0000 0000 5012cce3 b8a30621: urand_change_num 57 extract_buf: pool_sig fffffb93, data_sig ffffff35, bytes_mixed 20 5012cce3 b8a30621
[    6.218715] random 0000 0000 0000 5012cce3 b8a30621: urand_change_num 58 extract_buf: pool_sig fffffb9d, data_sig ffffff92, bytes_mixed 20 5012cce3 b8a30621
[    6.220087] random 0000 0000 0000 30a5721d 4b648ff6: rand_read_num 15 get_random_bytes(16): sig fffffeb5 30a5721d 4b648ff6
[    6.220090] random 0000 0000 0000 30a5721d 4b648ff6: extract_entropy(.. 16 ..)
[    6.220093] random 0000 0000 0000 30a5721d 4b648ff6: going to reseed nonblocking with 128 bits (128 of 0 requested)
[    6.220095] random 0000 0000 0000 30a5721d 4b648ff6: extract_entropy(.. 16 ..)
[    6.220097] random 0000 0000 0000 30a5721d 4b648ff6: trying to extract 128 bits from input
[    6.220099] random 0000 0000 0000 30a5721d 4b648ff6: debiting 0 entropy credits from input
[    6.220101] random 0000 0000 0000 30a5721d 4b648ff6: extract_entropy account returned: 0 
[    6.220104] random 0000 0000 0000 30a5721d 4b648ff6: urand_change_num 59 xfer_secondary_pool(16): pool_sig fffffeb5, data_sig 00000000, bytes_mixed 0 30a5721d 4b648ff6
[    6.220107] random 0000 0000 0000 30a5721d 4b648ff6: trying to extract 128 bits from nonblocking
[    6.220110] random 0000 0000 0000 30a5721d 4b648ff6: debiting 128 entropy credits from nonblocking (unlimited)
[    6.220112] random 0000 0000 0000 30a5721d 4b648ff6: extract_entropy account returned: 16 
[    6.220116] random 0000 0000 0000 30a5721d 4b648ff6: urand_change_num 60 extract_buf: pool_sig fffffeb5, data_sig 000000c2, bytes_mixed 20 30a5721d 4b648ff6
[    6.220121] random 0000 0000 0000 89bae1ab 704c432f: urand_change_num 61 extract_buf: pool_sig 0000006e, data_sig fffffefc, bytes_mixed 20 89bae1ab 704c432f
[    6.220671] random 0000 0000 0000 89bae1ab 704c432f: rand_read_num 16 get_random_bytes(16): sig fffffd99 89bae1ab 704c432f
[    6.220674] random 0000 0000 0000 89bae1ab 704c432f: extract_entropy(.. 16 ..)
[    6.220677] random 0000 0000 0000 89bae1ab 704c432f: going to reseed nonblocking with 128 bits (128 of 0 requested)
[    6.220679] random 0000 0000 0000 89bae1ab 704c432f: extract_entropy(.. 16 ..)
[    6.220681] random 0000 0000 0000 89bae1ab 704c432f: trying to extract 128 bits from input
[    6.220683] random 0000 0000 0000 89bae1ab 704c432f: debiting 0 entropy credits from input
[    6.220685] random 0000 0000 0000 89bae1ab 704c432f: extract_entropy account returned: 0 
[    6.220688] random 0000 0000 0000 89bae1ab 704c432f: urand_change_num 62 xfer_secondary_pool(16): pool_sig fffffd99, data_sig 00000000, bytes_mixed 0 89bae1ab 704c432f
[    6.220691] random 0000 0000 0000 89bae1ab 704c432f: trying to extract 128 bits from nonblocking
[    6.220693] random 0000 0000 0000 89bae1ab 704c432f: debiting 128 entropy credits from nonblocking (unlimited)
[    6.220696] random 0000 0000 0000 89bae1ab 704c432f: extract_entropy account returned: 16 
[    6.220700] random 0000 0000 0000 89bae1ab 704c432f: urand_change_num 63 extract_buf: pool_sig fffffd99, data_sig 00000204, bytes_mixed 20 89bae1ab 704c432f
[    6.220705] random 0000 0000 0000 6c298a02 2b1539f8: urand_change_num 64 extract_buf: pool_sig 00000124, data_sig fffffff5, bytes_mixed 20 6c298a02 2b1539f8
[    6.221584] random 0000 0000 0000 c77b8b35 70f6cab5: rand_read_num 17 get_random_bytes(16): sig 0000036b c77b8b35 70f6cab5
[    6.221586] random 0000 0000 0000 c77b8b35 70f6cab5: extract_entropy(.. 16 ..)
[    6.221589] random 0000 0000 0000 c77b8b35 70f6cab5: going to reseed nonblocking with 128 bits (128 of 0 requested)
[    6.221591] random 0000 0000 0000 c77b8b35 70f6cab5: extract_entropy(.. 16 ..)
[    6.221593] random 0000 0000 0000 c77b8b35 70f6cab5: trying to extract 128 bits from input
[    6.221595] random 0000 0000 0000 c77b8b35 70f6cab5: debiting 0 entropy credits from input
[    6.221597] random 0000 0000 0000 c77b8b35 70f6cab5: extract_entropy account returned: 0 
[    6.221601] random 0000 0000 0000 c77b8b35 70f6cab5: urand_change_num 65 xfer_secondary_pool(16): pool_sig 0000036b, data_sig 00000000, bytes_mixed 0 c77b8b35 70f6cab5
[    6.221603] random 0000 0000 0000 c77b8b35 70f6cab5: trying to extract 128 bits from nonblocking
[    6.221606] random 0000 0000 0000 c77b8b35 70f6cab5: debiting 128 entropy credits from nonblocking (unlimited)
[    6.221608] random 0000 0000 0000 c77b8b35 70f6cab5: extract_entropy account returned: 16 
[    6.221612] random 0000 0000 0000 c77b8b35 70f6cab5: urand_change_num 66 extract_buf: pool_sig 0000036b, data_sig 0000005f, bytes_mixed 20 c77b8b35 70f6cab5
[    6.221618] random 0000 0000 0000 c77b8b35 70f6cab5: urand_change_num 67 extract_buf: pool_sig ffffff1c, data_sig 0000005a, bytes_mixed 20 c77b8b35 70f6cab5
[    6.222207] random 0000 0000 0000 af21d212 57d20ca3: rand_read_num 18 get_random_bytes(16): sig fffffb7f af21d212 57d20ca3
[    6.222210] random 0000 0000 0000 af21d212 57d20ca3: extract_entropy(.. 16 ..)
[    6.222213] random 0000 0000 0000 af21d212 57d20ca3: going to reseed nonblocking with 128 bits (128 of 0 requested)
[    6.222215] random 0000 0000 0000 af21d212 57d20ca3: extract_entropy(.. 16 ..)
[    6.222217] random 0000 0000 0000 af21d212 57d20ca3: trying to extract 128 bits from input
[    6.222219] random 0000 0000 0000 af21d212 57d20ca3: debiting 0 entropy credits from input
[    6.222221] random 0000 0000 0000 af21d212 57d20ca3: extract_entropy account returned: 0 
[    6.222224] random 0000 0000 0000 af21d212 57d20ca3: urand_change_num 68 xfer_secondary_pool(16): pool_sig fffffb7f, data_sig 00000000, bytes_mixed 0 af21d212 57d20ca3
[    6.222227] random 0000 0000 0000 af21d212 57d20ca3: trying to extract 128 bits from nonblocking
[    6.222229] random 0000 0000 0000 af21d212 57d20ca3: debiting 128 entropy credits from nonblocking (unlimited)
[    6.222231] random 0000 0000 0000 af21d212 57d20ca3: extract_entropy account returned: 16 
[    6.222236] random 0000 0000 0000 af21d212 57d20ca3: urand_change_num 69 extract_buf: pool_sig fffffb7f, data_sig ffffff88, bytes_mixed 20 af21d212 57d20ca3
[    6.222241] random 0000 0000 0000 af21d212 57d20ca3: urand_change_num 70 extract_buf: pool_sig fffffe1d, data_sig ffffff17, bytes_mixed 20 af21d212 57d20ca3
[    6.222836] random 0000 0000 0000 ffbd26fd 21933274: rand_read_num 19 get_random_bytes(16): sig ffffffc7 ffbd26fd 21933274
[    6.222838] random 0000 0000 0000 ffbd26fd 21933274: extract_entropy(.. 16 ..)
[    6.222841] random 0000 0000 0000 ffbd26fd 21933274: going to reseed nonblocking with 128 bits (128 of 0 requested)
[    6.222843] random 0000 0000 0000 ffbd26fd 21933274: extract_entropy(.. 16 ..)
[    6.222845] random 0000 0000 0000 ffbd26fd 21933274: trying to extract 128 bits from input
[    6.222847] random 0000 0000 0000 ffbd26fd 21933274: debiting 0 entropy credits from input
[    6.222849] random 0000 0000 0000 ffbd26fd 21933274: extract_entropy account returned: 0 
[    6.222852] random 0000 0000 0000 ffbd26fd 21933274: urand_change_num 71 xfer_secondary_pool(16): pool_sig ffffffc7, data_sig 00000000, bytes_mixed 0 ffbd26fd 21933274
[    6.222855] random 0000 0000 0000 ffbd26fd 21933274: trying to extract 128 bits from nonblocking
[    6.222858] random 0000 0000 0000 ffbd26fd 21933274: debiting 128 entropy credits from nonblocking (unlimited)
[    6.222860] random 0000 0000 0000 ffbd26fd 21933274: extract_entropy account returned: 16 
[    6.222864] random 0000 0000 0000 ffbd26fd 21933274: urand_change_num 72 extract_buf: pool_sig ffffffc7, data_sig 0000013b, bytes_mixed 20 ffbd26fd 21933274
[    6.222869] random 0000 0000 0000 151530a2 56c65dd3: urand_change_num 73 extract_buf: pool_sig ffffffbf, data_sig 00000036, bytes_mixed 20 151530a2 56c65dd3
[    6.223430] random 0000 0000 0000 151530a2 56c65dd3: rand_read_num 20 get_random_bytes(16): sig 000001a7 151530a2 56c65dd3
[    6.223433] random 0000 0000 0000 151530a2 56c65dd3: extract_entropy(.. 16 ..)
[    6.223436] random 0000 0000 0000 151530a2 56c65dd3: going to reseed nonblocking with 128 bits (128 of 0 requested)
[    6.223438] random 0000 0000 0000 151530a2 56c65dd3: extract_entropy(.. 16 ..)
[    6.223440] random 0000 0000 0000 151530a2 56c65dd3: trying to extract 128 bits from input
[    6.223442] random 0000 0000 0000 151530a2 56c65dd3: debiting 0 entropy credits from input
[    6.223444] random 0000 0000 0000 151530a2 56c65dd3: extract_entropy account returned: 0 
[    6.223447] random 0000 0000 0000 151530a2 56c65dd3: urand_change_num 74 xfer_secondary_pool(16): pool_sig 000001a7, data_sig 00000000, bytes_mixed 0 151530a2 56c65dd3
[    6.223450] random 0000 0000 0000 151530a2 56c65dd3: trying to extract 128 bits from nonblocking
[    6.223453] random 0000 0000 0000 151530a2 56c65dd3: debiting 128 entropy credits from nonblocking (unlimited)
[    6.223455] random 0000 0000 0000 151530a2 56c65dd3: extract_entropy account returned: 16 
[    6.223459] random 0000 0000 0000 151530a2 56c65dd3: urand_change_num 75 extract_buf: pool_sig 000001a7, data_sig ffffffa1, bytes_mixed 20 151530a2 56c65dd3
[    6.223464] random 0000 0000 0000 5d3e132e d9a77eb3: urand_change_num 76 extract_buf: pool_sig fffffcc9, data_sig 00000013, bytes_mixed 20 5d3e132e d9a77eb3
[    6.266169] random 0000 0000 0000 264837ad 0a28fef5: rand_read_num 21 get_random_bytes(16): sig ffffffd0 264837ad 0a28fef5
[    6.266172] random 0000 0000 0000 264837ad 0a28fef5: extract_entropy(.. 16 ..)
[    6.266175] random 0000 0000 0000 264837ad 0a28fef5: going to reseed nonblocking with 128 bits (128 of 0 requested)
[    6.266177] random 0000 0000 0000 264837ad 0a28fef5: extract_entropy(.. 16 ..)
[    6.266179] random 0000 0000 0000 264837ad 0a28fef5: trying to extract 128 bits from input
[    6.266181] random 0000 0000 0000 264837ad 0a28fef5: debiting 0 entropy credits from input
[    6.266183] random 0000 0000 0000 264837ad 0a28fef5: extract_entropy account returned: 0 
[    6.266187] random 0000 0000 0000 264837ad 0a28fef5: urand_change_num 77 xfer_secondary_pool(16): pool_sig ffffffd0, data_sig 00000000, bytes_mixed 0 264837ad 0a28fef5
[    6.266189] random 0000 0000 0000 264837ad 0a28fef5: trying to extract 128 bits from nonblocking
[    6.266192] random 0000 0000 0000 264837ad 0a28fef5: debiting 128 entropy credits from nonblocking (unlimited)
[    6.266194] random 0000 0000 0000 264837ad 0a28fef5: extract_entropy account returned: 16 
[    6.266198] random 0000 0000 0000 264837ad 0a28fef5: urand_change_num 78 extract_buf: pool_sig ffffffd0, data_sig 0000017b, bytes_mixed 20 264837ad 0a28fef5
[    6.266204] random 0000 0000 0000 264837ad 0a28fef5: urand_change_num 79 extract_buf: pool_sig 0000045c, data_sig 000001df, bytes_mixed 20 264837ad 0a28fef5
[    6.267660] random 0000 0000 0000 f37f7344 164aede0: rand_read_num 22 get_random_bytes(16): sig 000003c2 f37f7344 164aede0
[    6.267663] random 0000 0000 0000 f37f7344 164aede0: extract_entropy(.. 16 ..)
[    6.267665] random 0000 0000 0000 f37f7344 164aede0: going to reseed nonblocking with 128 bits (128 of 0 requested)
[    6.267668] random 0000 0000 0000 f37f7344 164aede0: extract_entropy(.. 16 ..)
[    6.267670] random 0000 0000 0000 f37f7344 164aede0: trying to extract 128 bits from input
[    6.267672] random 0000 0000 0000 f37f7344 164aede0: debiting 0 entropy credits from input
[    6.267674] random 0000 0000 0000 f37f7344 164aede0: extract_entropy account returned: 0 
[    6.267677] random 0000 0000 0000 f37f7344 164aede0: urand_change_num 80 xfer_secondary_pool(16): pool_sig 000003c2, data_sig 00000000, bytes_mixed 0 f37f7344 164aede0
[    6.267680] random 0000 0000 0000 f37f7344 164aede0: trying to extract 128 bits from nonblocking
[    6.267682] random 0000 0000 0000 f37f7344 164aede0: debiting 128 entropy credits from nonblocking (unlimited)
[    6.267684] random 0000 0000 0000 f37f7344 164aede0: extract_entropy account returned: 16 
[    6.267689] random 0000 0000 0000 f37f7344 164aede0: urand_change_num 81 extract_buf: pool_sig 000003c2, data_sig ffffff6c, bytes_mixed 20 f37f7344 164aede0
[    6.267694] random 0000 0000 0000 f37f7344 164aede0: urand_change_num 82 extract_buf: pool_sig fffffdfc, data_sig 00000091, bytes_mixed 20 f37f7344 164aede0
[    6.290469] random 0000 0000 0000 a4794863 878070c1: rand_read_num 23 get_random_bytes(16): sig 0000011b a4794863 878070c1
[    6.290472] random 0000 0000 0000 a4794863 878070c1: extract_entropy(.. 16 ..)
[    6.290475] random 0000 0000 0000 a4794863 878070c1: going to reseed nonblocking with 128 bits (128 of 0 requested)
[    6.290477] random 0000 0000 0000 a4794863 878070c1: extract_entropy(.. 16 ..)
[    6.290479] random 0000 0000 0000 a4794863 878070c1: trying to extract 128 bits from input
[    6.290481] random 0000 0000 0000 a4794863 878070c1: debiting 0 entropy credits from input
[    6.290483] random 0000 0000 0000 a4794863 878070c1: extract_entropy account returned: 0 
[    6.290486] random 0000 0000 0000 a4794863 878070c1: urand_change_num 83 xfer_secondary_pool(16): pool_sig 0000011b, data_sig 00000000, bytes_mixed 0 a4794863 878070c1
[    6.290489] random 0000 0000 0000 a4794863 878070c1: trying to extract 128 bits from nonblocking
[    6.290491] random 0000 0000 0000 a4794863 878070c1: debiting 128 entropy credits from nonblocking (unlimited)
[    6.290494] random 0000 0000 0000 a4794863 878070c1: extract_entropy account returned: 16 
[    6.290498] random 0000 0000 0000 a4794863 878070c1: urand_change_num 84 extract_buf: pool_sig 0000011b, data_sig ffffff51, bytes_mixed 20 a4794863 878070c1
[    6.290503] random 0000 0000 0000 737f19b4 9417d8ab: urand_change_num 85 extract_buf: pool_sig 000001a3, data_sig 0000006c, bytes_mixed 20 737f19b4 9417d8ab
[    6.294567] random 0000 0000 0000 737f19b4 9417d8ab: rand_read_num 24 get_random_bytes(16): sig fffffe22 737f19b4 9417d8ab
[    6.294570] random 0000 0000 0000 737f19b4 9417d8ab: extract_entropy(.. 16 ..)
[    6.294572] random 0000 0000 0000 737f19b4 9417d8ab: going to reseed nonblocking with 128 bits (128 of 0 requested)
[    6.294575] random 0000 0000 0000 737f19b4 9417d8ab: extract_entropy(.. 16 ..)
[    6.294577] random 0000 0000 0000 737f19b4 9417d8ab: trying to extract 128 bits from input
[    6.294579] random 0000 0000 0000 737f19b4 9417d8ab: debiting 0 entropy credits from input
[    6.294581] random 0000 0000 0000 737f19b4 9417d8ab: extract_entropy account returned: 0 
[    6.294584] random 0000 0000 0000 737f19b4 9417d8ab: urand_change_num 86 xfer_secondary_pool(16): pool_sig fffffe22, data_sig 00000000, bytes_mixed 0 737f19b4 9417d8ab
[    6.294587] random 0000 0000 0000 737f19b4 9417d8ab: trying to extract 128 bits from nonblocking
[    6.294589] random 0000 0000 0000 737f19b4 9417d8ab: debiting 128 entropy credits from nonblocking (unlimited)
[    6.294591] random 0000 0000 0000 737f19b4 9417d8ab: extract_entropy account returned: 16 
[    6.294595] random 0000 0000 0000 737f19b4 9417d8ab: urand_change_num 87 extract_buf: pool_sig fffffe22, data_sig 00000230, bytes_mixed 20 737f19b4 9417d8ab
[    6.294601] random 0000 0000 0000 4deb0d06 1236af4c: urand_change_num 88 extract_buf: pool_sig 000000b6, data_sig ffffff44, bytes_mixed 20 4deb0d06 1236af4c
[    6.295594] random 0000 0000 0000 b538fadc 4a7613df: rand_read_num 25 get_random_bytes(16): sig 0000013c b538fadc 4a7613df
[    6.295597] random 0000 0000 0000 b538fadc 4a7613df: extract_entropy(.. 16 ..)
[    6.295600] random 0000 0000 0000 b538fadc 4a7613df: going to reseed nonblocking with 128 bits (128 of 0 requested)
[    6.295602] random 0000 0000 0000 b538fadc 4a7613df: extract_entropy(.. 16 ..)
[    6.295604] random 0000 0000 0000 b538fadc 4a7613df: trying to extract 128 bits from input
[    6.295606] random 0000 0000 0000 b538fadc 4a7613df: debiting 0 entropy credits from input
[    6.295608] random 0000 0000 0000 b538fadc 4a7613df: extract_entropy account returned: 0 
[    6.295611] random 0000 0000 0000 b538fadc 4a7613df: urand_change_num 89 xfer_secondary_pool(16): pool_sig 0000013c, data_sig 00000000, bytes_mixed 0 b538fadc 4a7613df
[    6.295614] random 0000 0000 0000 b538fadc 4a7613df: trying to extract 128 bits from nonblocking
[    6.295616] random 0000 0000 0000 b538fadc 4a7613df: debiting 128 entropy credits from nonblocking (unlimited)
[    6.295618] random 0000 0000 0000 b538fadc 4a7613df: extract_entropy account returned: 16 
[    6.295623] random 0000 0000 0000 b538fadc 4a7613df: urand_change_num 90 extract_buf: pool_sig 0000013c, data_sig 00000015, bytes_mixed 20 b538fadc 4a7613df
[    6.295628] random 0000 0000 0000 b538fadc 4a7613df: urand_change_num 91 extract_buf: pool_sig 00000452, data_sig 0000002b, bytes_mixed 20 b538fadc 4a7613df
[    6.296081] random 0000 0000 0000 73b17df4 93bb370e: rand_read_num 26 get_random_bytes(16): sig fffffbf1 73b17df4 93bb370e
[    6.296084] random 0000 0000 0000 73b17df4 93bb370e: extract_entropy(.. 16 ..)
[    6.296086] random 0000 0000 0000 73b17df4 93bb370e: going to reseed nonblocking with 128 bits (128 of 0 requested)
[    6.296089] random 0000 0000 0000 73b17df4 93bb370e: extract_entropy(.. 16 ..)
[    6.296091] random 0000 0000 0000 73b17df4 93bb370e: trying to extract 128 bits from input
[    6.296093] random 0000 0000 0000 73b17df4 93bb370e: debiting 0 entropy credits from input
[    6.296095] random 0000 0000 0000 73b17df4 93bb370e: extract_entropy account returned: 0 
[    6.296098] random 0000 0000 0000 73b17df4 93bb370e: urand_change_num 92 xfer_secondary_pool(16): pool_sig fffffbf1, data_sig 00000000, bytes_mixed 0 73b17df4 93bb370e
[    6.296101] random 0000 0000 0000 73b17df4 93bb370e: trying to extract 128 bits from nonblocking
[    6.296103] random 0000 0000 0000 73b17df4 93bb370e: debiting 128 entropy credits from nonblocking (unlimited)
[    6.296105] random 0000 0000 0000 73b17df4 93bb370e: extract_entropy account returned: 16 
[    6.296110] random 0000 0000 0000 73b17df4 93bb370e: urand_change_num 93 extract_buf: pool_sig fffffbf1, data_sig ffffff99, bytes_mixed 20 73b17df4 93bb370e
[    6.296115] random 0000 0000 0000 73b17df4 93bb370e: urand_change_num 94 extract_buf: pool_sig fffffe1d, data_sig 000000b0, bytes_mixed 20 73b17df4 93bb370e
[    6.296526] random 0000 0000 0000 0cd682bb ba04da9f: rand_read_num 27 get_random_bytes(16): sig fffffccb 0cd682bb ba04da9f
[    6.296529] random 0000 0000 0000 0cd682bb ba04da9f: extract_entropy(.. 16 ..)
[    6.296532] random 0000 0000 0000 0cd682bb ba04da9f: going to reseed nonblocking with 128 bits (128 of 0 requested)
[    6.296534] random 0000 0000 0000 0cd682bb ba04da9f: extract_entropy(.. 16 ..)
[    6.296536] random 0000 0000 0000 0cd682bb ba04da9f: trying to extract 128 bits from input
[    6.296538] random 0000 0000 0000 0cd682bb ba04da9f: debiting 0 entropy credits from input
[    6.296540] random 0000 0000 0000 0cd682bb ba04da9f: extract_entropy account returned: 0 
[    6.296543] random 0000 0000 0000 0cd682bb ba04da9f: urand_change_num 95 xfer_secondary_pool(16): pool_sig fffffccb, data_sig 00000000, bytes_mixed 0 0cd682bb ba04da9f
[    6.296546] random 0000 0000 0000 0cd682bb ba04da9f: trying to extract 128 bits from nonblocking
[    6.296549] random 0000 0000 0000 0cd682bb ba04da9f: debiting 128 entropy credits from nonblocking (unlimited)
[    6.296551] random 0000 0000 0000 0cd682bb ba04da9f: extract_entropy account returned: 16 
[    6.296555] random 0000 0000 0000 0cd682bb ba04da9f: urand_change_num 96 extract_buf: pool_sig fffffccb, data_sig fffffec5, bytes_mixed 20 0cd682bb ba04da9f
[    6.296560] random 0000 0000 0000 26929f1a 15254dc1: urand_change_num 97 extract_buf: pool_sig fffffed2, data_sig ffffffb1, bytes_mixed 20 26929f1a 15254dc1
[    6.297439] random 0000 0000 0000 26929f1a 15254dc1: rand_read_num 28 get_random_bytes(16): sig 00000038 26929f1a 15254dc1
[    6.297442] random 0000 0000 0000 26929f1a 15254dc1: extract_entropy(.. 16 ..)
[    6.297445] random 0000 0000 0000 26929f1a 15254dc1: going to reseed nonblocking with 128 bits (128 of 0 requested)
[    6.297447] random 0000 0000 0000 26929f1a 15254dc1: extract_entropy(.. 16 ..)
[    6.297449] random 0000 0000 0000 26929f1a 15254dc1: trying to extract 128 bits from input
[    6.297451] random 0000 0000 0000 26929f1a 15254dc1: debiting 0 entropy credits from input
[    6.297453] random 0000 0000 0000 26929f1a 15254dc1: extract_entropy account returned: 0 
[    6.297456] random 0000 0000 0000 26929f1a 15254dc1: urand_change_num 98 xfer_secondary_pool(16): pool_sig 00000038, data_sig 00000000, bytes_mixed 0 26929f1a 15254dc1
[    6.297459] random 0000 0000 0000 26929f1a 15254dc1: trying to extract 128 bits from nonblocking
[    6.297462] random 0000 0000 0000 26929f1a 15254dc1: debiting 128 entropy credits from nonblocking (unlimited)
[    6.297464] random 0000 0000 0000 26929f1a 15254dc1: extract_entropy account returned: 16 
[    6.297468] random 0000 0000 0000 26929f1a 15254dc1: urand_change_num 99 extract_buf: pool_sig 00000038, data_sig 000000fd, bytes_mixed 20 26929f1a 15254dc1
[    6.297473] random 0000 0000 0000 8116fe3b 478c2d5b: urand_change_num 100 extract_buf: pool_sig 00000059, data_sig 00000310, bytes_mixed 20 8116fe3b 478c2d5b
[    6.304104] random 0000 0000 0000 a20f4a3a 32a6b2fa: rand_read_num 29 get_random_bytes(16): sig 000002c0 a20f4a3a 32a6b2fa
[    6.304107] random 0000 0000 0000 a20f4a3a 32a6b2fa: extract_entropy(.. 16 ..)
[    6.304109] random 0000 0000 0000 a20f4a3a 32a6b2fa: going to reseed nonblocking with 128 bits (128 of 0 requested)
[    6.304112] random 0000 0000 0000 a20f4a3a 32a6b2fa: extract_entropy(.. 16 ..)
[    6.304114] random 0000 0000 0000 a20f4a3a 32a6b2fa: trying to extract 128 bits from input
[    6.304116] random 0000 0000 0000 a20f4a3a 32a6b2fa: debiting 0 entropy credits from input
[    6.304118] random 0000 0000 0000 a20f4a3a 32a6b2fa: extract_entropy account returned: 0 
[    6.304121] random 0000 0000 0000 a20f4a3a 32a6b2fa: urand_change_num 101 xfer_secondary_pool(16): pool_sig 000002c0, data_sig 00000000, bytes_mixed 0 a20f4a3a 32a6b2fa
[    6.304124] random 0000 0000 0000 a20f4a3a 32a6b2fa: trying to extract 128 bits from nonblocking
[    6.304126] random 0000 0000 0000 a20f4a3a 32a6b2fa: debiting 128 entropy credits from nonblocking (unlimited)
[    6.304128] random 0000 0000 0000 a20f4a3a 32a6b2fa: extract_entropy account returned: 16 
[    6.304132] random 0000 0000 0000 a20f4a3a 32a6b2fa: urand_change_num 102 extract_buf: pool_sig 000002c0, data_sig 000000fb, bytes_mixed 20 a20f4a3a 32a6b2fa
[    6.304138] random 0000 0000 0000 a20f4a3a 32a6b2fa: urand_change_num 103 extract_buf: pool_sig ffffffdd, data_sig 000000a5, bytes_mixed 20 a20f4a3a 32a6b2fa
[    6.316625] random 0000 0000 0000 de716d2a 6c4757e1: rand_read_num 30 get_random_bytes(16): sig 000000fa de716d2a 6c4757e1
[    6.316628] random 0000 0000 0000 de716d2a 6c4757e1: extract_entropy(.. 16 ..)
[    6.316630] random 0000 0000 0000 de716d2a 6c4757e1: going to reseed nonblocking with 128 bits (128 of 0 requested)
[    6.316633] random 0000 0000 0000 de716d2a 6c4757e1: extract_entropy(.. 16 ..)
[    6.316635] random 0000 0000 0000 de716d2a 6c4757e1: trying to extract 128 bits from input
[    6.316637] random 0000 0000 0000 de716d2a 6c4757e1: debiting 0 entropy credits from input
[    6.316639] random 0000 0000 0000 de716d2a 6c4757e1: extract_entropy account returned: 0 
[    6.316642] random 0000 0000 0000 de716d2a 6c4757e1: urand_change_num 104 xfer_secondary_pool(16): pool_sig 000000fa, data_sig 00000000, bytes_mixed 0 de716d2a 6c4757e1
[    6.316645] random 0000 0000 0000 de716d2a 6c4757e1: trying to extract 128 bits from nonblocking
[    6.316647] random 0000 0000 0000 de716d2a 6c4757e1: debiting 128 entropy credits from nonblocking (unlimited)
[    6.316649] random 0000 0000 0000 de716d2a 6c4757e1: extract_entropy account returned: 16 
[    6.316653] random 0000 0000 0000 de716d2a 6c4757e1: urand_change_num 105 extract_buf: pool_sig 000000fa, data_sig ffffff34, bytes_mixed 20 de716d2a 6c4757e1
[    6.316659] random 0000 0000 0000 de716d2a 6c4757e1: urand_change_num 106 extract_buf: pool_sig 000003d3, data_sig ffffff30, bytes_mixed 20 de716d2a 6c4757e1
[    6.317242] random 0000 0000 0000 a7c511e1 f90ea457: rand_read_num 31 get_random_bytes(16): sig 0000009a a7c511e1 f90ea457
[    6.317245] random 0000 0000 0000 a7c511e1 f90ea457: extract_entropy(.. 16 ..)
[    6.317247] random 0000 0000 0000 a7c511e1 f90ea457: going to reseed nonblocking with 128 bits (128 of 0 requested)
[    6.317250] random 0000 0000 0000 a7c511e1 f90ea457: extract_entropy(.. 16 ..)
[    6.317252] random 0000 0000 0000 a7c511e1 f90ea457: trying to extract 128 bits from input
[    6.317254] random 0000 0000 0000 a7c511e1 f90ea457: debiting 0 entropy credits from input
[    6.317256] random 0000 0000 0000 a7c511e1 f90ea457: extract_entropy account returned: 0 
[    6.317259] random 0000 0000 0000 a7c511e1 f90ea457: urand_change_num 107 xfer_secondary_pool(16): pool_sig 0000009a, data_sig 00000000, bytes_mixed 0 a7c511e1 f90ea457
[    6.317262] random 0000 0000 0000 a7c511e1 f90ea457: trying to extract 128 bits from nonblocking
[    6.317264] random 0000 0000 0000 a7c511e1 f90ea457: debiting 128 entropy credits from nonblocking (unlimited)
[    6.317266] random 0000 0000 0000 a7c511e1 f90ea457: extract_entropy account returned: 16 
[    6.317270] random 0000 0000 0000 a7c511e1 f90ea457: urand_change_num 108 extract_buf: pool_sig 0000009a, data_sig 000000e0, bytes_mixed 20 a7c511e1 f90ea457
[    6.317276] random 0000 0000 0000 7c18c7e6 d65ccb06: urand_change_num 109 extract_buf: pool_sig fffffa79, data_sig 000000e0, bytes_mixed 20 7c18c7e6 d65ccb06
[    6.317862] random 0000 0000 0000 7c18c7e6 d65ccb06: rand_read_num 32 get_random_bytes(16): sig fffffe1e 7c18c7e6 d65ccb06
[    6.317865] random 0000 0000 0000 7c18c7e6 d65ccb06: extract_entropy(.. 16 ..)
[    6.317867] random 0000 0000 0000 7c18c7e6 d65ccb06: going to reseed nonblocking with 128 bits (128 of 0 requested)
[    6.317870] random 0000 0000 0000 7c18c7e6 d65ccb06: extract_entropy(.. 16 ..)
[    6.317872] random 0000 0000 0000 7c18c7e6 d65ccb06: trying to extract 128 bits from input
[    6.317874] random 0000 0000 0000 7c18c7e6 d65ccb06: debiting 0 entropy credits from input
[    6.317876] random 0000 0000 0000 7c18c7e6 d65ccb06: extract_entropy account returned: 0 
[    6.317879] random 0000 0000 0000 7c18c7e6 d65ccb06: urand_change_num 110 xfer_secondary_pool(16): pool_sig fffffe1e, data_sig 00000000, bytes_mixed 0 7c18c7e6 d65ccb06
[    6.317882] random 0000 0000 0000 7c18c7e6 d65ccb06: trying to extract 128 bits from nonblocking
[    6.317884] random 0000 0000 0000 7c18c7e6 d65ccb06: debiting 128 entropy credits from nonblocking (unlimited)
[    6.317886] random 0000 0000 0000 7c18c7e6 d65ccb06: extract_entropy account returned: 16 
