[    0.000000] random 0000 0000 0000 00000000 00000000: rand_read_num 1 get_random_bytes(8): sig 00000000 00000000 00000000
[    0.000000] random 0000 0000 0000 00000000 00000000: extract_entropy(.. 8 ..)
[    0.000000] random 0000 0000 0000 00000000 00000000: going to reseed nonblocking with 64 bits (64 of 0 requested)
[    0.000000] random 0000 0000 0000 00000000 00000000: extract_entropy(.. 8 ..)
[    0.000000] random 0000 0000 0000 00000000 00000000: trying to extract 64 bits from input
[    0.000000] random 0000 0000 0000 00000000 00000000: debiting 0 entropy credits from input
[    0.000000] random 0000 0000 0000 00000000 00000000: extract_entropy account returned: 0 
[    0.000000] random 0000 0000 0000 00000000 00000000: urand_change_num 1 xfer_secondary_pool(8): pool_sig 00000000, data_sig 00000000, bytes_mixed 0 00000000 00000000
[    0.000000] random 0000 0000 0000 00000000 00000000: trying to extract 64 bits from nonblocking
[    0.000000] random 0000 0000 0000 00000000 00000000: debiting 64 entropy credits from nonblocking (unlimited)
[    0.000000] random 0000 0000 0000 00000000 00000000: extract_entropy account returned: 8 
[    0.000000] random 0000 0000 0000 00000000 00000000: urand_change_num 2 extract_buf: pool_sig 00000000, data_sig fffffff9, bytes_mixed 20 00000000 00000000
[    0.000000] Linux version 2.6.32.57 (dcashman@dcashman-02) (gcc version 4.3.3 (GCC) ) #3 Fri May 24 04:27:34 PDT 2013
[    0.000000] KERNEL supported cpus:
[    0.000000]   Intel GenuineIntel
[    0.000000]   AMD AuthenticAMD
[    0.000000]   NSC Geode by NSC
[    0.000000]   Cyrix CyrixInstead
[    0.000000]   Centaur CentaurHauls
[    0.000000]   Transmeta GenuineTMx86
[    0.000000]   Transmeta TransmetaCPU
[    0.000000]   UMC UMC UMC UMC
[    0.000000] BIOS-provided physical RAM map:
[    0.000000]  BIOS-e820: 0000000000000000 - 000000000009d800 (usable)
[    0.000000]  BIOS-e820: 000000000009d800 - 00000000000a0000 (reserved)
[    0.000000]  BIOS-e820: 00000000000d2000 - 00000000000d4000 (reserved)
[    0.000000]  BIOS-e820: 00000000000e0000 - 0000000000100000 (reserved)
[    0.000000]  BIOS-e820: 0000000000100000 - 000000003d6b0000 (usable)
[    0.000000]  BIOS-e820: 000000003d6b0000 - 000000003d6cc000 (ACPI data)
[    0.000000]  BIOS-e820: 000000003d6cc000 - 000000003d700000 (ACPI NVS)
[    0.000000]  BIOS-e820: 000000003d700000 - 000000003e000000 (reserved)
[    0.000000]  BIOS-e820: 00000000f0000000 - 00000000f4000000 (reserved)
[    0.000000]  BIOS-e820: 00000000fec00000 - 00000000fec10000 (reserved)
[    0.000000]  BIOS-e820: 00000000fed00000 - 00000000fed00400 (reserved)
[    0.000000]  BIOS-e820: 00000000fed14000 - 00000000fed1a000 (reserved)
[    0.000000]  BIOS-e820: 00000000fed1c000 - 00000000fed90000 (reserved)
[    0.000000]  BIOS-e820: 00000000fee00000 - 00000000fee01000 (reserved)
[    0.000000]  BIOS-e820: 00000000ff000000 - 0000000100000000 (reserved)
[    0.000000] DMI present.
[    0.000000] last_pfn = 0x3d6b0 max_arch_pfn = 0x100000
[    0.000000] MTRR default type: uncachable
[    0.000000] MTRR fixed ranges enabled:
[    0.000000]   00000-9FFFF write-back
[    0.000000]   A0000-BFFFF uncachable
[    0.000000]   C0000-CFFFF write-protect
[    0.000000]   D0000-DFFFF uncachable
[    0.000000]   E0000-FFFFF write-protect
[    0.000000] MTRR variable ranges enabled:
[    0.000000]   0 base 03E000000 mask FFE000000 uncachable
[    0.000000]   1 base 000000000 mask FC0000000 write-back
[    0.000000]   2 base 03D700000 mask FFFF00000 uncachable
[    0.000000]   3 base 03D800000 mask FFF800000 uncachable
[    0.000000]   4 disabled
[    0.000000]   5 disabled
[    0.000000]   6 disabled
[    0.000000]   7 disabled
[    0.000000] initial memory mapped : 0 - 02000000
[    0.000000] init_memory_mapping: 0000000000000000-00000000377fe000
[    0.000000]  0000000000 - 0000400000 page 4k
[    0.000000]  0000400000 - 0037400000 page 2M
[    0.000000]  0037400000 - 00377fe000 page 4k
[    0.000000] kernel direct mapping tables up to 377fe000 @ 7000-c000
[    0.000000] ACPI: RSDP 000f68d0 00024 (v02 LENOVO)
[    0.000000] ACPI: XSDT 3d6bb77f 00094 (v01 LENOVO TP-7L    00002170  LTP 00000000)
[    0.000000] ACPI: FACP 3d6bb900 000F4 (v03 LENOVO TP-7L    00002170 LNVO 00000001)
[    0.000000] ACPI Warning: 32/64X length mismatch in Gpe1Block: 0/32 (20090903/tbfadt-526)
[    0.000000] ACPI Warning: Optional field Gpe1Block has zero address or length: 000000000000102C/0 (20090903/tbfadt-557)
[    0.000000] ACPI: DSDT 3d6bbd1d 0FED1 (v01 LENOVO TP-7L    00002170 MSFT 03000000)
[    0.000000] ACPI: FACS 3d6e4000 00040
[    0.000000] ACPI: SSDT 3d6bbab4 00269 (v01 LENOVO TP-7L    00002170 MSFT 03000000)
[    0.000000] ACPI: ECDT 3d6cbbee 00052 (v01 LENOVO TP-7L    00002170 LNVO 00000001)
[    0.000000] ACPI: TCPA 3d6cbc40 00032 (v02 LENOVO TP-7L    00002170 LNVO 00000001)
[    0.000000] ACPI: APIC 3d6cbc72 00068 (v01 LENOVO TP-7L    00002170 LNVO 00000001)
[    0.000000] ACPI: MCFG 3d6cbcda 0003C (v01 LENOVO TP-7L    00002170 LNVO 00000001)
[    0.000000] ACPI: HPET 3d6cbd16 00038 (v01 LENOVO TP-7L    00002170 LNVO 00000001)
[    0.000000] ACPI: SLIC 3d6cbdf0 00176 (v01 LENOVO TP-7L    00002170  LTP 00000000)
[    0.000000] ACPI: BOOT 3d6cbf66 00028 (v01 LENOVO TP-7L    00002170  LTP 00000001)
[    0.000000] ACPI: ASF! 3d6cbf8e 00072 (v16 LENOVO TP-7L    00002170 PTL  00000001)
[    0.000000] ACPI: SSDT 3d6e26d9 0025F (v01 LENOVO TP-7L    00002170 INTL 20050513)
[    0.000000] ACPI: SSDT 3d6e2938 000A6 (v01 LENOVO TP-7L    00002170 INTL 20050513)
[    0.000000] ACPI: SSDT 3d6e29de 004F7 (v01 LENOVO TP-7L    00002170 INTL 20050513)
[    0.000000] ACPI: SSDT 3d6e2ed5 001D8 (v01 LENOVO TP-7L    00002170 INTL 20050513)
[    0.000000] ACPI: DMI detected: Lenovo ThinkPad R61
[    0.000000] ACPI: Added _OSI(Linux)
[    0.000000] ACPI: Local APIC address 0xfee00000
[    0.000000] 94MB HIGHMEM available.
[    0.000000] 887MB LOWMEM available.
[    0.000000]   mapped low ram: 0 - 377fe000
[    0.000000]   low ram: 0 - 377fe000
[    0.000000]   node 0 low ram: 00000000 - 377fe000
[    0.000000]   node 0 bootmap 00008000 - 0000ef00
[    0.000000] (6 early reservations) ==> bootmem [0000000000 - 00377fe000]
[    0.000000]   #0 [0000000000 - 0000001000]   BIOS data page ==> [0000000000 - 0000001000]
[    0.000000]   #1 [0001000000 - 0001bdc180]    TEXT DATA BSS ==> [0001000000 - 0001bdc180]
[    0.000000]   #2 [000009d800 - 0000100000]    BIOS reserved ==> [000009d800 - 0000100000]
[    0.000000]   #3 [0001bdd000 - 0001be516c]              BRK ==> [0001bdd000 - 0001be516c]
[    0.000000]   #4 [0000007000 - 0000008000]          PGTABLE ==> [0000007000 - 0000008000]
[    0.000000]   #5 [0000008000 - 000000f000]          BOOTMAP ==> [0000008000 - 000000f000]
[    0.000000] found SMP MP-table at [c00f6900] f6900
[    0.000000] Zone PFN ranges:
[    0.000000]   DMA      0x00000000 -> 0x00001000
[    0.000000]   Normal   0x00001000 -> 0x000377fe
[    0.000000]   HighMem  0x000377fe -> 0x0003d6b0
[    0.000000] Movable zone start PFN for each node
[    0.000000] early_node_map[2] active PFN ranges
[    0.000000]     0: 0x00000000 -> 0x0000009d
[    0.000000]     0: 0x00000100 -> 0x0003d6b0
[    0.000000] On node 0 totalpages: 251469
[    0.000000] free_area_init_node: node 0, pgdat c1901ea0, node_mem_map c1be7000
[    0.000000]   DMA zone: 32 pages used for memmap
[    0.000000]   DMA zone: 0 pages reserved
[    0.000000]   DMA zone: 3965 pages, LIFO batch:0
[    0.000000]   Normal zone: 1744 pages used for memmap
[    0.000000]   Normal zone: 221486 pages, LIFO batch:31
[    0.000000]   HighMem zone: 190 pages used for memmap
[    0.000000]   HighMem zone: 24052 pages, LIFO batch:3
[    0.000000] Using APIC driver default
[    0.000000] ACPI: PM-Timer IO Port: 0x1008
[    0.000000] ACPI: Local APIC address 0xfee00000
[    0.000000] ACPI: LAPIC (acpi_id[0x00] lapic_id[0x00] enabled)
[    0.000000] ACPI: LAPIC (acpi_id[0x01] lapic_id[0x01] enabled)
[    0.000000] ACPI: NR_CPUS/possible_cpus limit of 1 reached.  Processor 1/0x1 ignored.
[    0.000000] ACPI: LAPIC_NMI (acpi_id[0x00] high edge lint[0x1])
[    0.000000] ACPI: LAPIC_NMI (acpi_id[0x01] high edge lint[0x1])
[    0.000000] ACPI: IOAPIC (id[0x01] address[0xfec00000] gsi_base[0])
[    0.000000] IOAPIC[0]: apic_id 1, version 32, address 0xfec00000, GSI 0-23
[    0.000000] ACPI: INT_SRC_OVR (bus 0 bus_irq 0 global_irq 2 dfl dfl)
[    0.000000] ACPI: INT_SRC_OVR (bus 0 bus_irq 9 global_irq 9 high level)
[    0.000000] ACPI: IRQ0 used by override.
[    0.000000] ACPI: IRQ2 used by override.
[    0.000000] ACPI: IRQ9 used by override.
[    0.000000] Using ACPI (MADT) for SMP configuration information
[    0.000000] ACPI: HPET id: 0x8086a201 base: 0xfed00000
[    0.000000] nr_irqs_gsi: 24
[    0.000000] PM: Registered nosave memory: 000000000009d000 - 000000000009e000
[    0.000000] PM: Registered nosave memory: 000000000009e000 - 00000000000a0000
[    0.000000] PM: Registered nosave memory: 00000000000a0000 - 00000000000d2000
[    0.000000] PM: Registered nosave memory: 00000000000d2000 - 00000000000d4000
[    0.000000] PM: Registered nosave memory: 00000000000d4000 - 00000000000e0000
[    0.000000] PM: Registered nosave memory: 00000000000e0000 - 0000000000100000
[    0.000000] Allocating PCI resources starting at 3e000000 (gap: 3e000000:b2000000)
[    0.000000] Built 1 zonelists in Zone order, mobility grouping on.  Total pages: 249503
[    0.000000] Kernel command line: auto BOOT_IMAGE=Linux ro root=802 vt.default_utf8=0 maxcpus=0
[    0.000000] PID hash table entries: 4096 (order: 2, 16384 bytes)
[    0.000000] Dentry cache hash table entries: 131072 (order: 7, 524288 bytes)
[    0.000000] Inode-cache hash table entries: 65536 (order: 6, 262144 bytes)
[    0.000000] Enabling fast FPU save and restore... done.
[    0.000000] Enabling unmasked SIMD FPU exception support... done.
[    0.000000] Initializing CPU#0
[    0.000000] Initializing HighMem for node 0 (000377fe:0003d6b0)
[    0.000000] Memory: 984800k/1006272k available (6914k kernel code, 20876k reserved, 2328k data, 448k init, 96968k highmem)
[    0.000000] virtual kernel memory layout:
[    0.000000]     fixmap  : 0xfffa3000 - 0xfffff000   ( 368 kB)
[    0.000000]     pkmap   : 0xff800000 - 0xffc00000   (4096 kB)
[    0.000000]     vmalloc : 0xf7ffe000 - 0xff7fe000   ( 120 MB)
[    0.000000]     lowmem  : 0xc0000000 - 0xf77fe000   ( 887 MB)
[    0.000000]       .init : 0xc1907000 - 0xc1977000   ( 448 kB)
[    0.000000]       .data : 0xc16c0b5f - 0xc1906c64   (2328 kB)
[    0.000000]       .text : 0xc1000000 - 0xc16c0b5f   (6914 kB)
[    0.000000] Checking if this processor honours the WP bit even in supervisor mode...Ok.
[    0.000000] SLUB: Genslabs=13, HWalign=64, Order=0-3, MinObjects=0, CPUs=1, Nodes=1
[    0.000000] Hierarchical RCU implementation.
[    0.000000] NR_IRQS:288
[    0.000000] Extended CMOS year: 2000
[    0.000000] Console: colour VGA+ 80x25
[    0.000000] console [tty0] enabled
[    0.000000] hpet clockevent registered
[    0.000000] Fast TSC calibration using PIT
[    0.000000] Detected 2094.842 MHz processor.
[    0.002001] Calibrating delay loop (skipped), value calculated using timer frequency.. 4189.68 BogoMIPS (lpj=2094842)
[    0.002169] Security Framework initialized
[    0.002254] Mount-cache hash table entries: 512
[    0.002403] CPU: L1 I cache: 32K, L1 D cache: 32K
[    0.002534] CPU: L2 cache: 3072K
[    0.002615] mce: CPU supports 6 MCE banks
[    0.002703] CPU0: Thermal monitoring enabled (TM2)
[    0.002786] using mwait in idle threads.
[    0.002874] CPU: Intel(R) Core(TM)2 Duo CPU     T8100  @ 2.10GHz stepping 06
[    0.003139] Checking 'hlt' instruction... OK.
[    0.007943] ACPI: Core revision 20090903
[    0.027017] CANARY value: 8d64f9aa for PID: 1
[    0.028004] Enabling APIC mode:  Flat.  Using 1 I/O APICs
[    0.028467] ..TIMER: vector=0x30 apic1=0 pin1=2 apic2=-1 pin2=-1
[    0.038997] xor: automatically using best checksumming function: pIII_sse
[    0.042998]    pIII_sse  :  8568.000 MB/sec
[    0.043095] xor: using function: pIII_sse (8568.000 MB/sec)
[    0.043186] RANDOM - __seed init called.
[    0.043187] RANDOM - __seed init called.
[    0.043188] RANDOM - __seed init called.
[    0.043190] RANDOM - __random32 called. Change num 1.  Value: 870e7b8	f6ea009	16c0ad5a
[    0.043192] RANDOM - __random32 called. Change num 2.  Value: e7b8290	f6ea0099	5ab418b8
[    0.043193] RANDOM - __random32 called. Change num 3.  Value: b8290fc5	6ea00996	3171e29b
[    0.043195] RANDOM - __random32 called. Change num 4.  Value: 90fc533a	ea00996a	c5375fde
[    0.043197] RANDOM - __random32 called. Change num 5.  Value: c533a353	a00996a1	bfbd91b4
[    0.043198] RANDOM - __random32 called. Change num 6.  Value: 3a35362b	996a10	23684a23
[    0.043200] RANDOM - random32 init called.  Value: 3a35362b	996a10	23684a23
[    0.043217] NET: Registered protocol family 16
[    0.043478] ACPI FADT declares the system doesn't support PCIe ASPM, so disable it
[    0.043602] ACPI: bus type pci registered
[    0.043771] PCI: MCFG configuration 0: base f0000000 segment 0 buses 0 - 63
[    0.043868] PCI: MCFG area at f0000000 reserved in E820
[    0.043954] PCI: Using MMCONFIG for extended config space
[    0.044002] PCI: Using configuration type 1 for base access
[    0.047155] bio: create slab <bio-0> at 0
[    0.047966] ACPI: EC: EC description table is found, configuring boot EC
[    0.053136] ACPI: BIOS _OSI(Linux) query honored via DMI
[    0.053857] random 0000 0000 0000 00000000 00000000: rand_read_num 2 get_random_bytes(8): sig fffffe1a 00000000 00000000
[    0.053860] random 0000 0000 0000 00000000 00000000: extract_entropy(.. 8 ..)
[    0.053863] random 0000 0000 0000 00000000 00000000: going to reseed nonblocking with 64 bits (64 of 0 requested)
[    0.053865] random 0000 0000 0000 00000000 00000000: extract_entropy(.. 8 ..)
[    0.053867] random 0000 0000 0000 00000000 00000000: trying to extract 64 bits from input
[    0.053869] random 0000 0000 0000 00000000 00000000: debiting 0 entropy credits from input
[    0.053871] random 0000 0000 0000 00000000 00000000: extract_entropy account returned: 0 
[    0.053874] random 0000 0000 0000 00000000 00000000: urand_change_num 3 xfer_secondary_pool(8): pool_sig fffffe1a, data_sig 00000000, bytes_mixed 0 00000000 00000000
[    0.053902] random 0000 0000 0000 00000000 00000000: trying to extract 64 bits from nonblocking
[    0.053904] random 0000 0000 0000 00000000 00000000: debiting 64 entropy credits from nonblocking (unlimited)
[    0.053906] random 0000 0000 0000 00000000 00000000: extract_entropy account returned: 8 
[    0.053910] random 0000 0000 0000 00000000 00000000: urand_change_num 4 extract_buf: pool_sig fffffe1a, data_sig fffffed7, bytes_mixed 20 00000000 00000000
[    0.059736] ACPI: Interpreter enabled
[    0.059824] ACPI: (supports S0 S3 S4 S5)
[    0.060203] ACPI: Using IOAPIC for interrupt routing
[    0.069933] ACPI: EC: GPE = 0x12, I/O: command/status = 0x66, data = 0x62
[    0.070184] ACPI: Power Resource [PUBS] (on)
[    0.072379] ACPI: ACPI Dock Station Driver: 3 docks/bays found
[    0.072796] ACPI: PCI Root Bridge [PCI0] (0000:00)
[    0.072974] pci 0000:00:02.0: reg 10 64bit mmio: [0xf8100000-0xf81fffff]
[    0.072979] pci 0000:00:02.0: reg 18 64bit mmio pref: [0xe0000000-0xefffffff]
[    0.072983] pci 0000:00:02.0: reg 20 io port: [0x1800-0x1807]
[    0.073028] pci 0000:00:02.1: reg 10 64bit mmio: [0xf8200000-0xf82fffff]
[    0.073138] pci 0000:00:19.0: reg 10 32bit mmio: [0xfe000000-0xfe01ffff]
[    0.073147] pci 0000:00:19.0: reg 14 32bit mmio: [0xfe025000-0xfe025fff]
[    0.073156] pci 0000:00:19.0: reg 18 io port: [0x1840-0x185f]
[    0.073227] pci 0000:00:19.0: PME# supported from D0 D3hot D3cold
[    0.073325] pci 0000:00:19.0: PME# disabled
[    0.073468] pci 0000:00:1a.0: reg 20 io port: [0x1860-0x187f]
[    0.073539] pci 0000:00:1a.1: reg 20 io port: [0x1880-0x189f]
[    0.073613] pci 0000:00:1a.7: reg 10 32bit mmio: [0xfe226c00-0xfe226fff]
[    0.073700] pci 0000:00:1a.7: PME# supported from D0 D3hot D3cold
[    0.073796] pci 0000:00:1a.7: PME# disabled
[    0.073936] pci 0000:00:1b.0: reg 10 64bit mmio: [0xfe020000-0xfe023fff]
[    0.074021] pci 0000:00:1b.0: PME# supported from D0 D3hot D3cold
[    0.074118] pci 0000:00:1b.0: PME# disabled
[    0.074326] pci 0000:00:1c.0: PME# supported from D0 D3hot D3cold
[    0.074418] pci 0000:00:1c.0: PME# disabled
[    0.074622] pci 0000:00:1c.1: PME# supported from D0 D3hot D3cold
[    0.074717] pci 0000:00:1c.1: PME# disabled
[    0.074918] pci 0000:00:1c.2: PME# supported from D0 D3hot D3cold
[    0.074998] pci 0000:00:1c.2: PME# disabled
[    0.075211] pci 0000:00:1c.3: PME# supported from D0 D3hot D3cold
[    0.075307] pci 0000:00:1c.3: PME# disabled
[    0.076113] pci 0000:00:1c.4: PME# supported from D0 D3hot D3cold
[    0.076207] pci 0000:00:1c.4: PME# disabled
[    0.076358] pci 0000:00:1d.0: reg 20 io port: [0x18a0-0x18bf]
[    0.076437] pci 0000:00:1d.1: reg 20 io port: [0x18c0-0x18df]
[    0.076520] pci 0000:00:1d.2: reg 20 io port: [0x18e0-0x18ff]
[    0.076611] pci 0000:00:1d.7: reg 10 32bit mmio: [0xfe227000-0xfe2273ff]
[    0.076716] pci 0000:00:1d.7: PME# supported from D0 D3hot D3cold
[    0.076816] pci 0000:00:1d.7: PME# disabled
[    0.077191] pci 0000:00:1f.0: quirk: region 1000-107f claimed by ICH6 ACPI/GPIO/TCO
[    0.077320] pci 0000:00:1f.0: quirk: region 1180-11bf claimed by ICH6 GPIO
[    0.077415] pci 0000:00:1f.0: ICH7 LPC Generic IO decode 1 PIO at 1600 (mask 007f)
[    0.077548] pci 0000:00:1f.0: ICH7 LPC Generic IO decode 2 PIO at 15e0 (mask 000f)
[    0.077669] pci 0000:00:1f.0: ICH7 LPC Generic IO decode 3 PIO at 1680 (mask 001f)
[    0.077867] pci 0000:00:1f.1: reg 10 io port: [0x00-0x07]
[    0.077875] pci 0000:00:1f.1: reg 14 io port: [0x00-0x03]
[    0.077882] pci 0000:00:1f.1: reg 18 io port: [0x00-0x07]
[    0.077894] pci 0000:00:1f.1: reg 1c io port: [0x00-0x03]
[    0.077903] pci 0000:00:1f.1: reg 20 io port: [0x1c00-0x1c0f]
[    0.077989] pci 0000:00:1f.2: reg 10 io port: [0x1c50-0x1c57]
[    0.078001] pci 0000:00:1f.2: reg 14 io port: [0x1c44-0x1c47]
[    0.078010] pci 0000:00:1f.2: reg 18 io port: [0x1c48-0x1c4f]
[    0.078017] pci 0000:00:1f.2: reg 1c io port: [0x1c40-0x1c43]
[    0.078025] pci 0000:00:1f.2: reg 20 io port: [0x1c20-0x1c3f]
[    0.078034] pci 0000:00:1f.2: reg 24 32bit mmio: [0xfe226000-0xfe2267ff]
[    0.078092] pci 0000:00:1f.2: PME# supported from D3hot
[    0.078185] pci 0000:00:1f.2: PME# disabled
[    0.078314] pci 0000:00:1f.3: reg 10 32bit mmio: [0xfe227400-0xfe2274ff]
[    0.078339] pci 0000:00:1f.3: reg 20 io port: [0x1c60-0x1c7f]
[    0.078428] pci 0000:00:1c.0: bridge io port: [0x2000-0x2fff]
[    0.078434] pci 0000:00:1c.0: bridge 32bit mmio: [0xfc000000-0xfdffffff]
[    0.078443] pci 0000:00:1c.0: bridge 64bit mmio pref: [0xf8000000-0xf80fffff]
[    0.078517] pci 0000:03:00.0: reg 10 64bit mmio: [0xdf3f0000-0xdf3fffff]
[    0.078711] pci 0000:00:1c.1: bridge io port: [0x3000-0x3fff]
[    0.078717] pci 0000:00:1c.1: bridge 32bit mmio: [0xdc000000-0xdf3fffff]
[    0.078726] pci 0000:00:1c.1: bridge 64bit mmio pref: [0xdfe00000-0xdfefffff]
[    0.078780] pci 0000:00:1c.2: bridge io port: [0x4000-0x4fff]
[    0.078786] pci 0000:00:1c.2: bridge 32bit mmio: [0xd8000000-0xd9ffffff]
[    0.078798] pci 0000:00:1c.2: bridge 64bit mmio pref: [0xdfb00000-0xdfbfffff]
[    0.078854] pci 0000:00:1c.3: bridge io port: [0x5000-0x5fff]
[    0.078860] pci 0000:00:1c.3: bridge 32bit mmio: [0xd4000000-0xd5ffffff]
[    0.078869] pci 0000:00:1c.3: bridge 64bit mmio pref: [0xdf800000-0xdf8fffff]
[    0.078925] pci 0000:00:1c.4: bridge io port: [0x6000-0x6fff]
[    0.078932] pci 0000:00:1c.4: bridge 32bit mmio: [0xd0000000-0xd1ffffff]
[    0.078939] pci 0000:00:1c.4: bridge 64bit mmio pref: [0xdf500000-0xdf5fffff]
[    0.078998] pci 0000:15:00.0: reg 10 32bit mmio: [0xf8300000-0xf8300fff]
[    0.079051] pci 0000:15:00.0: supports D1 D2
[    0.079053] pci 0000:15:00.0: PME# supported from D0 D1 D2 D3hot D3cold
[    0.079149] pci 0000:15:00.0: PME# disabled
[    0.079298] pci 0000:15:00.1: reg 10 32bit mmio: [0xf8301000-0xf83017ff]
[    0.079393] pci 0000:15:00.1: supports D1 D2
[    0.079395] pci 0000:15:00.1: PME# supported from D0 D1 D2 D3hot D3cold
[    0.079492] pci 0000:15:00.1: PME# disabled
[    0.079678] pci 0000:00:1e.0: transparent bridge
[    0.079778] pci 0000:00:1e.0: bridge io port: [0x7000-0xafff]
[    0.079784] pci 0000:00:1e.0: bridge 32bit mmio: [0xf8300000-0xfbffffff]
[    0.079791] pci 0000:00:1e.0: bridge 64bit mmio pref: [0xf4000000-0xf7ffffff]
[    0.079857] pci_bus 0000:00: on NUMA node 0
[    0.079861] ACPI: PCI Interrupt Routing Table [\_SB_.PCI0._PRT]
[    0.080001] ACPI: PCI Interrupt Routing Table [\_SB_.PCI0.EXP0._PRT]
[    0.080061] ACPI: PCI Interrupt Routing Table [\_SB_.PCI0.EXP1._PRT]
[    0.080119] ACPI: PCI Interrupt Routing Table [\_SB_.PCI0.EXP2._PRT]
[    0.080176] ACPI: PCI Interrupt Routing Table [\_SB_.PCI0.EXP3._PRT]
[    0.080239] ACPI: PCI Interrupt Routing Table [\_SB_.PCI0.EXP4._PRT]
[    0.080301] ACPI: PCI Interrupt Routing Table [\_SB_.PCI0.PCI1._PRT]
[    0.085747] ACPI: PCI Interrupt Link [LNKA] (IRQs 3 4 5 6 7 9 *10 11)
[    0.086531] ACPI: PCI Interrupt Link [LNKB] (IRQs 3 4 5 6 7 9 10 *11)
[    0.087346] ACPI: PCI Interrupt Link [LNKC] (IRQs 3 4 5 6 7 9 10 *11)
[    0.088158] ACPI: PCI Interrupt Link [LNKD] (IRQs 3 4 5 6 7 9 10 *11)
[    0.088996] ACPI: PCI Interrupt Link [LNKE] (IRQs 3 4 5 6 7 9 10 *11)
[    0.089783] ACPI: PCI Interrupt Link [LNKF] (IRQs 3 4 5 6 7 9 10 *11)
[    0.090573] ACPI: PCI Interrupt Link [LNKG] (IRQs 3 4 5 6 7 9 10 *11)
[    0.091370] ACPI: PCI Interrupt Link [LNKH] (IRQs 3 4 5 6 7 9 10 *11)
[    0.092128] vgaarb: device added: PCI:0000:00:02.0,decodes=io+mem,owns=io+mem,locks=none
[    0.092254] vgaarb: loaded
[    0.092436] SCSI subsystem initialized
[    0.092535] libata version 3.00 loaded.
[    0.092583] usbcore: registered new interface driver usbfs
[    0.092707] usbcore: registered new interface driver hub
[    0.092816] usbcore: registered new device driver usb
[    0.110050] raid6: int32x1    941 MB/s
[    0.126989] raid6: int32x2    886 MB/s
[    0.143987] raid6: int32x4    746 MB/s
[    0.161056] raid6: int32x8    660 MB/s
[    0.177985] raid6: mmxx1     2878 MB/s
[    0.194984] raid6: mmxx2     3269 MB/s
[    0.211978] raid6: sse1x1    1937 MB/s
[    0.228998] raid6: sse1x2    2535 MB/s
[    0.245984] raid6: sse2x1    3503 MB/s
[    0.262974] raid6: sse2x2    3832 MB/s
[    0.263067] raid6: using algorithm sse2x2 (3832 MB/s)
[    0.263159] PCI: Using ACPI for IRQ routing
[    0.263472] HPET: 3 timers in total, 0 timers will be used for per-cpu timer
[    0.263980] Switching to clocksource tsc
[    0.264079] pnp: PnP ACPI init
[    0.264168] ACPI: bus type pnp registered
[    0.267833] pnp: PnP ACPI: found 11 devices
[    0.267941] ACPI: ACPI bus type pnp unregistered
[    0.268038] system 00:00: iomem range 0x0-0x9ffff could not be reserved
[    0.268131] system 00:00: iomem range 0xc0000-0xc3fff could not be reserved
[    0.268225] system 00:00: iomem range 0xc4000-0xc7fff could not be reserved
[    0.268318] system 00:00: iomem range 0xc8000-0xcbfff has been reserved
[    0.268410] system 00:00: iomem range 0xcc000-0xcffff has been reserved
[    0.268515] system 00:00: iomem range 0xd0000-0xd3fff could not be reserved
[    0.268607] system 00:00: iomem range 0xe0000-0xe3fff could not be reserved
[    0.268709] system 00:00: iomem range 0xe4000-0xe7fff could not be reserved
[    0.268806] system 00:00: iomem range 0xe8000-0xebfff could not be reserved
[    0.268901] system 00:00: iomem range 0xec000-0xeffff could not be reserved
[    0.268994] system 00:00: iomem range 0xf0000-0xfffff could not be reserved
[    0.269094] system 00:00: iomem range 0x100000-0x3dffffff could not be reserved
[    0.269216] system 00:00: iomem range 0xfec00000-0xfed3ffff could not be reserved
[    0.269339] system 00:00: iomem range 0xfed4c000-0xffffffff could not be reserved
[    0.269464] system 00:02: ioport range 0x164e-0x164f has been reserved
[    0.269556] system 00:02: ioport range 0x1000-0x107f has been reserved
[    0.269648] system 00:02: ioport range 0x1180-0x11bf has been reserved
[    0.269748] system 00:02: ioport range 0x800-0x80f has been reserved
[    0.269836] system 00:02: ioport range 0x15e0-0x15ef has been reserved
[    0.269934] system 00:02: ioport range 0x1600-0x165f could not be reserved
[    0.270026] system 00:02: iomem range 0xf0000000-0xf3ffffff has been reserved
[    0.270118] system 00:02: iomem range 0xfed1c000-0xfed1ffff has been reserved
[    0.270210] system 00:02: iomem range 0xfed14000-0xfed17fff has been reserved
[    0.270306] system 00:02: iomem range 0xfed18000-0xfed18fff has been reserved
[    0.270395] system 00:02: iomem range 0xfed19000-0xfed19fff has been reserved
[    0.270492] system 00:02: iomem range 0xfed45000-0xfed4bfff has been reserved
[    0.305539] pci 0000:00:1c.0: PCI bridge, secondary bus 0000:02
[    0.305631] pci 0000:00:1c.0:   IO window: 0x2000-0x2fff
[    0.305727] pci 0000:00:1c.0:   MEM window: 0xfc000000-0xfdffffff
[    0.305823] pci 0000:00:1c.0:   PREFETCH window: 0x000000f8000000-0x000000f80fffff
[    0.305952] pci 0000:00:1c.1: PCI bridge, secondary bus 0000:03
[    0.306040] pci 0000:00:1c.1:   IO window: 0x3000-0x3fff
[    0.306137] pci 0000:00:1c.1:   MEM window: 0xdc000000-0xdf3fffff
[    0.306232] pci 0000:00:1c.1:   PREFETCH window: 0x000000dfe00000-0x000000dfefffff
[    0.306358] pci 0000:00:1c.2: PCI bridge, secondary bus 0000:04
[    0.306450] pci 0000:00:1c.2:   IO window: 0x4000-0x4fff
[    0.306543] pci 0000:00:1c.2:   MEM window: 0xd8000000-0xd9ffffff
[    0.306636] pci 0000:00:1c.2:   PREFETCH window: 0x000000dfb00000-0x000000dfbfffff
[    0.306764] pci 0000:00:1c.3: PCI bridge, secondary bus 0000:05
[    0.306857] pci 0000:00:1c.3:   IO window: 0x5000-0x5fff
[    0.306962] pci 0000:00:1c.3:   MEM window: 0xd4000000-0xd5ffffff
[    0.307055] pci 0000:00:1c.3:   PREFETCH window: 0x000000df800000-0x000000df8fffff
[    0.307180] pci 0000:00:1c.4: PCI bridge, secondary bus 0000:0d
[    0.307273] pci 0000:00:1c.4:   IO window: 0x6000-0x6fff
[    0.307364] pci 0000:00:1c.4:   MEM window: 0xd0000000-0xd1ffffff
[    0.307457] pci 0000:00:1c.4:   PREFETCH window: 0x000000df500000-0x000000df5fffff
[    0.307585] pci 0000:15:00.0: CardBus bridge, secondary bus 0000:16
[    0.307681] pci 0000:15:00.0:   IO window: 0x007000-0x0070ff
[    0.307784] pci 0000:15:00.0:   IO window: 0x007400-0x0074ff
[    0.307879] pci 0000:15:00.0:   PREFETCH window: 0xf4000000-0xf7ffffff
[    0.307976] pci 0000:15:00.0:   MEM window: 0x40000000-0x43ffffff
[    0.308075] pci 0000:00:1e.0: PCI bridge, secondary bus 0000:15
[    0.308174] pci 0000:00:1e.0:   IO window: 0x7000-0xafff
[    0.308266] pci 0000:00:1e.0:   MEM window: 0xf8300000-0xfbffffff
[    0.308360] pci 0000:00:1e.0:   PREFETCH window: 0x000000f4000000-0x000000f7ffffff
[    0.308508] pci 0000:00:1c.0: PCI INT A -> GSI 20 (level, low) -> IRQ 20
[    0.308603] pci 0000:00:1c.0: setting latency timer to 64
[    0.308614] pci 0000:00:1c.1: PCI INT B -> GSI 21 (level, low) -> IRQ 21
[    0.308710] pci 0000:00:1c.1: setting latency timer to 64
[    0.308723] pci 0000:00:1c.2: PCI INT C -> GSI 22 (level, low) -> IRQ 22
[    0.308818] pci 0000:00:1c.2: setting latency timer to 64
[    0.308827] pci 0000:00:1c.3: PCI INT D -> GSI 23 (level, low) -> IRQ 23
[    0.308924] pci 0000:00:1c.3: setting latency timer to 64
[    0.308937] pci 0000:00:1c.4: PCI INT A -> GSI 20 (level, low) -> IRQ 20
[    0.309031] pci 0000:00:1c.4: setting latency timer to 64
[    0.309040] pci 0000:00:1e.0: enabling device (0005 -> 0007)
[    0.309136] pci 0000:00:1e.0: setting latency timer to 64
[    0.309152] pci 0000:15:00.0: PCI INT A -> GSI 16 (level, low) -> IRQ 16
[    0.309256] pci 0000:15:00.0: setting latency timer to 64
[    0.309262] pci_bus 0000:00: resource 0 io:  [0x00-0xffff]
[    0.309264] pci_bus 0000:00: resource 1 mem: [0x000000-0xffffffff]
[    0.309266] pci_bus 0000:02: resource 0 io:  [0x2000-0x2fff]
[    0.309268] pci_bus 0000:02: resource 1 mem: [0xfc000000-0xfdffffff]
[    0.309270] pci_bus 0000:02: resource 2 pref mem [0xf8000000-0xf80fffff]
[    0.309272] pci_bus 0000:03: resource 0 io:  [0x3000-0x3fff]
[    0.309273] pci_bus 0000:03: resource 1 mem: [0xdc000000-0xdf3fffff]
[    0.309275] pci_bus 0000:03: resource 2 pref mem [0xdfe00000-0xdfefffff]
[    0.309277] pci_bus 0000:04: resource 0 io:  [0x4000-0x4fff]
[    0.309279] pci_bus 0000:04: resource 1 mem: [0xd8000000-0xd9ffffff]
[    0.309281] pci_bus 0000:04: resource 2 pref mem [0xdfb00000-0xdfbfffff]
[    0.309283] pci_bus 0000:05: resource 0 io:  [0x5000-0x5fff]
[    0.309284] pci_bus 0000:05: resource 1 mem: [0xd4000000-0xd5ffffff]
[    0.309286] pci_bus 0000:05: resource 2 pref mem [0xdf800000-0xdf8fffff]
[    0.309288] pci_bus 0000:0d: resource 0 io:  [0x6000-0x6fff]
[    0.309290] pci_bus 0000:0d: resource 1 mem: [0xd0000000-0xd1ffffff]
[    0.309291] pci_bus 0000:0d: resource 2 pref mem [0xdf500000-0xdf5fffff]
[    0.309293] pci_bus 0000:15: resource 0 io:  [0x7000-0xafff]
[    0.309295] pci_bus 0000:15: resource 1 mem: [0xf8300000-0xfbffffff]
[    0.309297] pci_bus 0000:15: resource 2 pref mem [0xf4000000-0xf7ffffff]
[    0.309298] pci_bus 0000:15: resource 3 io:  [0x00-0xffff]
[    0.309300] pci_bus 0000:15: resource 4 mem: [0x000000-0xffffffff]
[    0.309302] pci_bus 0000:16: resource 0 io:  [0x7000-0x70ff]
[    0.309304] pci_bus 0000:16: resource 1 io:  [0x7400-0x74ff]
[    0.309305] pci_bus 0000:16: resource 2 pref mem [0xf4000000-0xf7ffffff]
[    0.309307] pci_bus 0000:16: resource 3 mem: [0x40000000-0x43ffffff]
[    0.309315] NET: Registered protocol family 2
[    0.309407] RANDOM - __random32 called. Change num 7.  Value: 5362b39e	996a101	94470543
[    0.309409] RANDOM - random32 called.  Value: 5362b39e	996a101	94470543
[    0.309413] random 0000 0000 0000 5f8db4e5 4cfdf2a8: rand_read_num 3 get_random_bytes(4): sig fffffb64 5f8db4e5 4cfdf2a8
[    0.309415] random 0000 0000 0000 5f8db4e5 4cfdf2a8: extract_entropy(.. 4 ..)
[    0.309418] random 0000 0000 0000 5f8db4e5 4cfdf2a8: going to reseed nonblocking with 64 bits (32 of 0 requested)
[    0.309420] random 0000 0000 0000 5f8db4e5 4cfdf2a8: extract_entropy(.. 8 ..)
[    0.309422] random 0000 0000 0000 5f8db4e5 4cfdf2a8: trying to extract 64 bits from input
[    0.309424] random 0000 0000 0000 5f8db4e5 4cfdf2a8: debiting 0 entropy credits from input
[    0.309426] random 0000 0000 0000 5f8db4e5 4cfdf2a8: extract_entropy account returned: 0 
[    0.309429] random 0000 0000 0000 5f8db4e5 4cfdf2a8: urand_change_num 5 xfer_secondary_pool(4): pool_sig fffffb64, data_sig 00000000, bytes_mixed 0 5f8db4e5 4cfdf2a8
[    0.309432] random 0000 0000 0000 5f8db4e5 4cfdf2a8: trying to extract 32 bits from nonblocking
[    0.309434] random 0000 0000 0000 5f8db4e5 4cfdf2a8: debiting 32 entropy credits from nonblocking (unlimited)
[    0.309436] random 0000 0000 0000 5f8db4e5 4cfdf2a8: extract_entropy account returned: 4 
[    0.309441] random 0000 0000 0000 5f8db4e5 4cfdf2a8: urand_change_num 6 extract_buf: pool_sig fffffb64, data_sig 00000241, bytes_mixed 20 5f8db4e5 4cfdf2a8
[    0.309450] IP route cache hash table entries: 32768 (order: 5, 131072 bytes)
[    0.309581] RANDOM - __random32 called. Change num 8.  Value: 2b39e0a2	996a1017	a86cfe5
[    0.309583] RANDOM - random32 called.  Value: 2b39e0a2	996a1017	a86cfe5
[    0.309594] RANDOM - __random32 called. Change num 9.  Value: 9e0a22e5	96a1017e	9fcbd616
[    0.309595] RANDOM - random32 called.  Value: 9e0a22e5	96a1017e	9fcbd616
[    0.309597] RANDOM - __random32 called. Change num 10.  Value: a22e5b4a	6a1017e6	ac2c32ac
[    0.309599] RANDOM - random32 called.  Value: a22e5b4a	6a1017e6	ac2c32ac
[    0.309609] RANDOM - __random32 called. Change num 11.  Value: e5b4ad28	a1017e61	6559a9b4
[    0.309611] RANDOM - random32 called.  Value: e5b4ad28	a1017e61	6559a9b4
[    0.309620] TCP established hash table entries: 131072 (order: 8, 1048576 bytes)
[    0.310118] TCP bind hash table entries: 65536 (order: 6, 262144 bytes)
[    0.310308] TCP: Hash tables configured (established 131072 bind 65536)
[    0.310401] TCP reno registered
[    0.310508] NET: Registered protocol family 1
[    0.310621] RPC: Registered udp transport module.
[    0.310711] RPC: Registered tcp transport module.
[    0.310800] RPC: Registered tcp NFSv4.1 backchannel transport module.
[    0.310901] pci 0000:00:02.0: Boot video device
[    0.311120] Simple Boot Flag at 0x35 set to 0x1
[    0.311637] highmem bounce pool size: 64 pages
[    0.313225] VFS: Disk quotas dquot_6.5.2
[    0.313349] Dquot-cache hash table entries: 1024 (order 0, 4096 bytes)
[    0.314031] NTFS driver 2.1.29 [Flags: R/W].
[    0.314193] ROMFS MTD (C) 2007 Red Hat, Inc.
[    0.314401] JFS: nTxBlock = 7695, nTxLock = 61562
[    0.316862] SGI XFS with ACLs, security attributes, large block/inode numbers, no debug enabled
[    0.317376] SGI XFS Quota Management subsystem
[    0.317669] Slow work thread pool: Starting up
[    0.317769] Slow work thread pool: Ready
[    0.317874] GFS2 (built May 24 2013 02:47:17) installed
[    0.317972] msgmni has been set to 1734
[    0.318139] alg: No test for cipher_null (cipher_null-generic)
[    0.318242] alg: No test for ecb(cipher_null) (ecb-cipher_null)
[    0.318347] alg: No test for digest_null (digest_null-generic)
[    0.318450] alg: No test for compress_null (compress_null-generic)
[    0.319008] alg: No test for fcrypt (fcrypt-generic)
[    0.320426] alg: No test for stdrng (krng)
[    0.320527] async_tx: api initialized (async)
[    0.320680] Block layer SCSI generic (bsg) driver version 0.4 loaded (major 254)
[    0.320799] io scheduler noop registered
[    0.320909] io scheduler anticipatory registered
[    0.320998] io scheduler deadline registered
[    0.321131] io scheduler cfq registered (default)
[    0.321370] pcieport 0000:00:1c.0: irq 24 for MSI/MSI-X
[    0.321383] pcieport 0000:00:1c.0: setting latency timer to 64
[    0.321562] pcieport 0000:00:1c.1: irq 25 for MSI/MSI-X
[    0.321573] pcieport 0000:00:1c.1: setting latency timer to 64
[    0.321749] pcieport 0000:00:1c.2: irq 26 for MSI/MSI-X
[    0.321761] pcieport 0000:00:1c.2: setting latency timer to 64
[    0.321955] pcieport 0000:00:1c.3: irq 27 for MSI/MSI-X
[    0.321967] pcieport 0000:00:1c.3: setting latency timer to 64
[    0.322143] pcieport 0000:00:1c.4: irq 28 for MSI/MSI-X
[    0.322154] pcieport 0000:00:1c.4: setting latency timer to 64
[    0.322299] pci_hotplug: PCI Hot Plug PCI Core version: 0.5
[    0.322489] isapnp: Scanning for PnP cards...
[    0.683035] isapnp: No Plug & Play device found
[    0.683129] random 0000 0000 0000 5f8db4e5 4cfdf2a8: initializing
[    0.702621] Serial: 8250/16550 driver, 4 ports, IRQ sharing enabled
[    3.713517] floppy0: no floppy controllers found
[    3.714458] brd: module loaded
[    3.714964] loop: module loaded
[    3.715051] Compaq SMART2 Driver (v 2.6.0)
[    3.715180] HP CISS Driver (v 3.6.20)
[    3.715424] input: Macintosh mouse button emulation as /devices/virtual/input/input0
[    3.715564] Uniform Multi-Platform E-IDE driver
[    3.715791] piix 0000:00:1f.1: IDE controller (0x8086:0x2850 rev 0x03)
[    3.715894] pci 0000:00:1f.1: PCI INT C -> GSI 16 (level, low) -> IRQ 16
[    3.715997] piix 0000:00:1f.1: IDE port disabled
[    3.716088] piix 0000:00:1f.1: not 100% native mode: will probe irqs later
[    3.716186]     ide0: BM-DMA at 0x1c00-0x1c07
[    3.716277] Probing IDE interface ide0...
[    4.387665] hda: HL-DT-ST DVDRAM GSA-U10N, ATAPI CD/DVD-ROM drive
[    4.694443] hda: host max PIO4 wanted PIO255(auto-tune) selected PIO4
[    4.695218] hda: UDMA/33 mode selected
[    4.695685] ide0 at 0x1f0-0x1f7,0x3f6 on irq 14
[    4.699598] ide-gd driver 1.18
[    4.699704] ide-cd driver 5.00
[    4.701093] ide-cd: hda: ATAPI 24X DVD-ROM DVD-R/RAM CD-R/RW drive, 2048kB Cache
[    4.701547] Uniform CD-ROM driver Revision: 3.20
[    4.708602] Loading iSCSI transport class v2.0-870.
[    4.708889] rdac: device handler registered
[    4.708977] hp_sw: device handler registered
[    4.709063] emc: device handler registered
[    4.709158] alua: device handler registered
[    4.710145] Adaptec aacraid driver 1.1-5[2461]-ms
[    4.710572] scsi: <fdomain> Detection failed (no card)
[    4.710674] sym53c416.c: Version 1.0.0-ac
[    4.710783] qlogicfas: no cards were found, please specify I/O address and IRQ using iobase= and irq= options
[    4.710907] QLogic Fibre Channel HBA Driver: 8.03.01-k6
[    4.711130] iscsi: registered transport (qla4xxx)
[    4.711243] QLogic iSCSI HBA Driver
[    4.711330] Emulex LightPulse Fibre Channel SCSI driver 8.3.4
[    4.711426] Copyright(c) 2004-2009 Emulex.  All rights reserved.
[    4.733426] Failed initialization of WD-7000 SCSI card!
[    4.821876] DC390: clustering now enabled by default. If you get problems load
[    4.822002]        with "disable_clustering=1" and report to maintainers
[    4.822136] megaraid cmm: 2.20.2.7 (Release Date: Sun Jul 16 00:01:03 EST 2006)
[    4.822290] megaraid: 2.20.5.1 (Release Date: Thu Nov 16 15:32:35 EST 2006)
[    4.822405] megasas: 00.00.04.01 Thu July 24 11:41:51 PST 2008
[    4.822549] GDT-HA: Storage RAID Controller Driver. Version: 3.05
[    4.822697] 3ware Storage Controller device driver for Linux v1.26.02.002.
[    4.822816] 3ware 9000 Storage Controller device driver for Linux v2.26.02.012.
[    4.822959] nsp32: loading...
[    4.823064] ipr: IBM Power RAID SCSI Device Driver version: 2.4.3 (June 10, 2009)
[    4.823208] RocketRAID 3xxx/4xxx Controller driver v1.6 (090910)
[    4.823321] stex: Promise SuperTrak EX Driver version: 4.6.0000.3
[    4.823467] st: Version 20081215, fixed bufsize 32768, s/g segs 256
[    4.823662] ahci 0000:00:1f.2: version 3.0
[    4.823675] ahci 0000:00:1f.2: PCI INT B -> GSI 16 (level, low) -> IRQ 16
[    4.823810] ahci 0000:00:1f.2: irq 29 for MSI/MSI-X
[    4.823867] ahci 0000:00:1f.2: AHCI 0001.0100 32 slots 3 ports 1.5 Gbps 0x5 impl SATA mode
[    4.823990] ahci 0000:00:1f.2: flags: 64bit ncq sntf pm led clo pio slum part ccc 
[    4.824116] ahci 0000:00:1f.2: setting latency timer to 64
[    4.824257] scsi2 : ahci
[    4.824436] scsi3 : ahci
[    4.824576] scsi4 : ahci
[    4.824743] ata1: SATA max UDMA/133 abar m2048@0xfe226000 port 0xfe226100 irq 29
[    4.824875] ata2: DUMMY
[    4.824965] ata3: SATA max UDMA/133 abar m2048@0xfe226000 port 0xfe226200 irq 29
[    4.825587] I2O subsystem v1.325
[    4.825675] i2o: max drivers = 8
[    4.825821] I2O Configuration OSM v1.323
[    4.825928] I2O Bus Adapter OSM v1.317
[    4.826033] I2O Block Device OSM v1.325
[    4.826192] I2O SCSI Peripheral OSM v1.316
[    4.826296] I2O ProcFS OSM v1.316
[    4.826454] Fusion MPT base driver 3.04.12
[    4.826541] Copyright (c) 1999-2008 LSI Corporation
[    4.826633] Fusion MPT SPI Host driver 3.04.12
[    4.826744] Fusion MPT FC Host driver 3.04.12
[    4.826858] Fusion MPT SAS Host driver 3.04.12
[    4.827012] ohci1394 0000:15:00.1: PCI INT B -> GSI 17 (level, low) -> IRQ 17
[    4.827107] ohci1394 0000:15:00.1: setting latency timer to 64
[    4.880433] ohci1394: fw-host0: OHCI-1394 1.1 (PCI): IRQ=[17]  MMIO=[f8301000-f83017ff]  Max Packet=[2048]  IR/IT contexts=[4/4]
[    4.883696] ehci_hcd: USB 2.0 'Enhanced' Host Controller (EHCI) Driver
[    4.883986] ehci_hcd 0000:00:1a.7: power state changed by ACPI to D0
[    4.884241] ehci_hcd 0000:00:1a.7: power state changed by ACPI to D0
[    4.884338] ehci_hcd 0000:00:1a.7: PCI INT C -> GSI 22 (level, low) -> IRQ 22
[    4.884443] ehci_hcd 0000:00:1a.7: setting latency timer to 64
[    4.884448] ehci_hcd 0000:00:1a.7: EHCI Host Controller
[    4.884583] ehci_hcd 0000:00:1a.7: new USB bus registered, assigned bus number 1
[    4.888636] ehci_hcd 0000:00:1a.7: cache line size of 32 is not supported
[    4.888645] ehci_hcd 0000:00:1a.7: irq 22, io mem 0xfe226c00
[    4.898393] ehci_hcd 0000:00:1a.7: USB 2.0 started, EHCI 1.00
[    4.898497] usb usb1: New USB device found, idVendor=1d6b, idProduct=0002
[    4.898589] usb usb1: New USB device strings: Mfr=3, Product=2, SerialNumber=1
[    4.898710] usb usb1: Product: EHCI Host Controller
[    4.898803] usb usb1: Manufacturer: Linux 2.6.32.57 ehci_hcd
[    4.898890] usb usb1: SerialNumber: 0000:00:1a.7
[    4.899035] usb usb1: configuration #1 chosen from 1 choice
[    4.899151] hub 1-0:1.0: USB hub found
[    4.899254] hub 1-0:1.0: 4 ports detected
[    4.899556] ehci_hcd 0000:00:1d.7: power state changed by ACPI to D0
[    4.899819] ehci_hcd 0000:00:1d.7: power state changed by ACPI to D0
[    4.899919] ehci_hcd 0000:00:1d.7: PCI INT D -> GSI 19 (level, low) -> IRQ 19
[    4.900036] ehci_hcd 0000:00:1d.7: setting latency timer to 64
[    4.900041] ehci_hcd 0000:00:1d.7: EHCI Host Controller
[    4.900167] ehci_hcd 0000:00:1d.7: new USB bus registered, assigned bus number 2
[    4.900321] ehci_hcd 0000:00:1d.7: debug port 1
[    4.904324] ehci_hcd 0000:00:1d.7: cache line size of 32 is not supported
[    4.904333] ehci_hcd 0000:00:1d.7: irq 19, io mem 0xfe227000
[    4.914392] ehci_hcd 0000:00:1d.7: USB 2.0 started, EHCI 1.00
[    4.914500] usb usb2: New USB device found, idVendor=1d6b, idProduct=0002
[    4.914589] usb usb2: New USB device strings: Mfr=3, Product=2, SerialNumber=1
[    4.914713] usb usb2: Product: EHCI Host Controller
[    4.914802] usb usb2: Manufacturer: Linux 2.6.32.57 ehci_hcd
[    4.914891] usb usb2: SerialNumber: 0000:00:1d.7
[    4.915028] usb usb2: configuration #1 chosen from 1 choice
[    4.915146] hub 2-0:1.0: USB hub found
[    4.915240] hub 2-0:1.0: 6 ports detected
[    4.915428] 116x: driver isp116x-hcd, 03 Nov 2005
[    4.915532] ohci_hcd: USB 1.1 'Open' Host Controller (OHCI) Driver
[    4.915647] uhci_hcd: USB Universal Host Controller Interface driver
[    4.915756] uhci_hcd 0000:00:1a.0: PCI INT A -> GSI 20 (level, low) -> IRQ 20
[    4.915851] uhci_hcd 0000:00:1a.0: setting latency timer to 64
[    4.915855] uhci_hcd 0000:00:1a.0: UHCI Host Controller
[    4.915983] uhci_hcd 0000:00:1a.0: new USB bus registered, assigned bus number 3
[    4.916134] uhci_hcd 0000:00:1a.0: irq 20, io base 0x00001860
[    4.916256] usb usb3: New USB device found, idVendor=1d6b, idProduct=0001
[    4.916350] usb usb3: New USB device strings: Mfr=3, Product=2, SerialNumber=1
[    4.916478] usb usb3: Product: UHCI Host Controller
[    4.916567] usb usb3: Manufacturer: Linux 2.6.32.57 uhci_hcd
[    4.916666] usb usb3: SerialNumber: 0000:00:1a.0
[    4.916800] usb usb3: configuration #1 chosen from 1 choice
[    4.916920] hub 3-0:1.0: USB hub found
[    4.917012] hub 3-0:1.0: 2 ports detected
[    4.917308] uhci_hcd 0000:00:1a.1: power state changed by ACPI to D0
[    4.917570] uhci_hcd 0000:00:1a.1: power state changed by ACPI to D0
[    4.917666] uhci_hcd 0000:00:1a.1: PCI INT B -> GSI 21 (level, low) -> IRQ 21
[    4.917765] uhci_hcd 0000:00:1a.1: setting latency timer to 64
[    4.917770] uhci_hcd 0000:00:1a.1: UHCI Host Controller
[    4.917899] uhci_hcd 0000:00:1a.1: new USB bus registered, assigned bus number 4
[    4.918052] uhci_hcd 0000:00:1a.1: irq 21, io base 0x00001880
[    4.918167] usb usb4: New USB device found, idVendor=1d6b, idProduct=0001
[    4.918260] usb usb4: New USB device strings: Mfr=3, Product=2, SerialNumber=1
[    4.918381] usb usb4: Product: UHCI Host Controller
[    4.918478] usb usb4: Manufacturer: Linux 2.6.32.57 uhci_hcd
[    4.918567] usb usb4: SerialNumber: 0000:00:1a.1
[    4.918702] usb usb4: configuration #1 chosen from 1 choice
[    4.918823] hub 4-0:1.0: USB hub found
[    4.918913] hub 4-0:1.0: 2 ports detected
[    4.919201] uhci_hcd 0000:00:1d.0: power state changed by ACPI to D0
[    4.919457] uhci_hcd 0000:00:1d.0: power state changed by ACPI to D0
[    4.919555] uhci_hcd 0000:00:1d.0: PCI INT A -> GSI 16 (level, low) -> IRQ 16
[    4.919661] uhci_hcd 0000:00:1d.0: setting latency timer to 64
[    4.919664] uhci_hcd 0000:00:1d.0: UHCI Host Controller
[    4.919795] uhci_hcd 0000:00:1d.0: new USB bus registered, assigned bus number 5
[    4.919948] uhci_hcd 0000:00:1d.0: irq 16, io base 0x000018a0
[    4.920059] usb usb5: New USB device found, idVendor=1d6b, idProduct=0001
[    4.920153] usb usb5: New USB device strings: Mfr=3, Product=2, SerialNumber=1
[    4.920272] usb usb5: Product: UHCI Host Controller
[    4.920359] usb usb5: Manufacturer: Linux 2.6.32.57 uhci_hcd
[    4.920456] usb usb5: SerialNumber: 0000:00:1d.0
[    4.920593] usb usb5: configuration #1 chosen from 1 choice
[    4.920714] hub 5-0:1.0: USB hub found
[    4.920814] hub 5-0:1.0: 2 ports detected
[    4.920968] uhci_hcd 0000:00:1d.1: PCI INT B -> GSI 17 (level, low) -> IRQ 17
[    4.921065] uhci_hcd 0000:00:1d.1: setting latency timer to 64
[    4.921070] uhci_hcd 0000:00:1d.1: UHCI Host Controller
[    4.921197] uhci_hcd 0000:00:1d.1: new USB bus registered, assigned bus number 6
[    4.921343] uhci_hcd 0000:00:1d.1: irq 17, io base 0x000018c0
[    4.921461] usb usb6: New USB device found, idVendor=1d6b, idProduct=0001
[    4.921555] usb usb6: New USB device strings: Mfr=3, Product=2, SerialNumber=1
[    4.921679] usb usb6: Product: UHCI Host Controller
[    4.921768] usb usb6: Manufacturer: Linux 2.6.32.57 uhci_hcd
[    4.921856] usb usb6: SerialNumber: 0000:00:1d.1
[    4.921994] usb usb6: configuration #1 chosen from 1 choice
[    4.922112] hub 6-0:1.0: USB hub found
[    4.922201] hub 6-0:1.0: 2 ports detected
[    4.922497] uhci_hcd 0000:00:1d.2: power state changed by ACPI to D0
[    4.922732] uhci_hcd 0000:00:1d.2: power state changed by ACPI to D0
[    4.922829] uhci_hcd 0000:00:1d.2: PCI INT C -> GSI 18 (level, low) -> IRQ 18
[    4.922934] uhci_hcd 0000:00:1d.2: setting latency timer to 64
[    4.922939] uhci_hcd 0000:00:1d.2: UHCI Host Controller
[    4.923069] uhci_hcd 0000:00:1d.2: new USB bus registered, assigned bus number 7
[    4.923219] uhci_hcd 0000:00:1d.2: irq 18, io base 0x000018e0
[    4.923336] usb usb7: New USB device found, idVendor=1d6b, idProduct=0001
[    4.923444] usb usb7: New USB device strings: Mfr=3, Product=2, SerialNumber=1
[    4.923569] usb usb7: Product: UHCI Host Controller
[    4.923663] usb usb7: Manufacturer: Linux 2.6.32.57 uhci_hcd
[    4.923757] usb usb7: SerialNumber: 0000:00:1d.2
[    4.924554] usb usb7: configuration #1 chosen from 1 choice
[    4.924672] hub 7-0:1.0: USB hub found
[    4.924761] hub 7-0:1.0: 2 ports detected
[    4.924926] sl811: driver sl811-hcd, 19 May 2005
[    4.925035] r8a66597_hcd: driver r8a66597_hcd, 2009-05-26
[    4.925209] Initializing USB Mass Storage driver...
[    4.925340] usbcore: registered new interface driver usb-storage
[    4.925444] USB Mass Storage support registered.
[    4.925554] usbcore: registered new interface driver ums-alauda
[    4.925664] usbcore: registered new interface driver ums-cypress
[    4.925773] usbcore: registered new interface driver ums-datafab
[    4.925881] usbcore: registered new interface driver ums-freecom
[    4.925992] usbcore: registered new interface driver ums-isd200
[    4.926105] usbcore: registered new interface driver ums-jumpshot
[    4.926222] usbcore: registered new interface driver ums-karma
[    4.926331] usbcore: registered new interface driver ums-onetouch
[    4.926454] usbcore: registered new interface driver ums-sddr09
[    4.926561] usbcore: registered new interface driver ums-sddr55
[    4.926673] usbcore: registered new interface driver ums-usbat
[    4.926819] PNP: PS/2 Controller [PNP0303:KBD,PNP0f13:MOU] at 0x60,0x64 irq 1,12
[    4.935672] serio: i8042 KBD port at 0x60,0x64 irq 1
[    4.935759] serio: i8042 AUX port at 0x60,0x64 irq 12
[    4.935997] mice: PS/2 mouse device common for all mice
[    4.936111] i2c /dev entries driver
[    4.936243] md: linear personality registered for level -1
[    4.936332] md: raid0 personality registered for level 0
[    4.936433] md: raid1 personality registered for level 1
[    4.936518] md: raid10 personality registered for level 10
[    4.936608] md: raid6 personality registered for level 6
[    4.936700] md: raid5 personality registered for level 5
[    4.936793] md: raid4 personality registered for level 4
[    4.936882] md: multipath personality registered for level -4
[    4.937083] device-mapper: ioctl: 4.15.0-ioctl (2009-04-01) initialised: dm-devel@redhat.com
[    4.937281] cpuidle: using governor ladder
[    4.937886] usbcore: registered new interface driver usbhid
[    4.937982] usbhid: v2.6:USB HID core driver
[    4.938135] random 0000 0000 0000 00000000 00000000: rand_read_num 4 get_random_bytes(136): sig 00000000 00000000 00000000
[    4.938137] random 0000 0000 0000 00000000 00000000: extract_entropy(.. 136 ..)
[    4.938140] random 0000 0000 0000 00000000 00000000: going to reseed nonblocking with 1024 bits (1088 of 0 requested)
[    4.938142] random 0000 0000 0000 00000000 00000000: extract_entropy(.. 128 ..)
[    4.938144] random 0000 0000 0000 00000000 00000000: trying to extract 1024 bits from input
[    4.938146] random 0000 0000 0000 00000000 00000000: debiting 0 entropy credits from input
[    4.938148] random 0000 0000 0000 00000000 00000000: extract_entropy account returned: 0 
[    4.938151] random 0000 0000 0000 00000000 00000000: urand_change_num 7 xfer_secondary_pool(136): pool_sig 00000000, data_sig 00000000, bytes_mixed 0 00000000 00000000
[    4.938154] random 0000 0000 0000 00000000 00000000: trying to extract 1088 bits from nonblocking
[    4.938157] random 0000 0000 0000 00000000 00000000: debiting 1088 entropy credits from nonblocking (unlimited)
[    4.938159] random 0000 0000 0000 00000000 00000000: extract_entropy account returned: 136 
[    4.938163] random 0000 0000 0000 00000000 00000000: urand_change_num 8 extract_buf: pool_sig 00000000, data_sig fffffff9, bytes_mixed 20 00000000 00000000
[    4.938169] random 0000 0000 0000 b7c35b56 be4dc95d: urand_change_num 9 extract_buf: pool_sig fffffd1e, data_sig 000000c5, bytes_mixed 20 b7c35b56 be4dc95d
[    4.938174] random 0000 0000 0000 ed9f5c47 c48487fb: urand_change_num 10 extract_buf: pool_sig fffff8ec, data_sig ffffff68, bytes_mixed 20 ed9f5c47 c48487fb
[    4.938179] random 0000 0000 0000 ed9f5c47 c48487fb: urand_change_num 11 extract_buf: pool_sig fffffaed, data_sig 000001aa, bytes_mixed 20 ed9f5c47 c48487fb
[    4.938184] random 0000 0000 0000 1b4f7c0a 91bd6a48: urand_change_num 12 extract_buf: pool_sig fffffdd8, data_sig 00000064, bytes_mixed 20 1b4f7c0a 91bd6a48
[    4.938190] random 0000 0000 0000 a254b9bc 20e9a24f: urand_change_num 13 extract_buf: pool_sig fffffbe6, data_sig 000001dd, bytes_mixed 20 a254b9bc 20e9a24f
[    4.938195] random 0000 0000 0000 a254b9bc 20e9a24f: urand_change_num 14 extract_buf: pool_sig fffff940, data_sig fffffe20, bytes_mixed 20 a254b9bc 20e9a24f
[    4.938200] random 0000 0000 0000 2831a66b 5fa2a3ad: urand_change_num 15 extract_buf: pool_sig fffffbce, data_sig 0000007e, bytes_mixed 20 2831a66b 5fa2a3ad
[    4.938205] random 0000 0000 0000 2831a66b 5fa2a3ad: urand_change_num 16 extract_buf: pool_sig 000004df, data_sig fffffe8f, bytes_mixed 20 2831a66b 5fa2a3ad
[    4.938210] random 0000 0000 0000 d4512bfd c9a54e0b: urand_change_num 17 extract_buf: pool_sig 00000485, data_sig fffffe68, bytes_mixed 20 d4512bfd c9a54e0b
[    4.938215] random 0000 0000 0000 c7371be6 f9ffea11: urand_change_num 18 extract_buf: pool_sig 00000095, data_sig ffffffed, bytes_mixed 20 c7371be6 f9ffea11
[    4.938221] random 0000 0000 0000 c7371be6 f9ffea11: urand_change_num 19 extract_buf: pool_sig 000003a7, data_sig fffffefa, bytes_mixed 20 c7371be6 f9ffea11
[    4.938226] random 0000 0000 0000 8fb4b62c d1ddba54: urand_change_num 20 extract_buf: pool_sig 00000179, data_sig ffffff78, bytes_mixed 20 8fb4b62c d1ddba54
[    4.938231] random 0000 0000 0000 9ff19f9c c07a1d2a: urand_change_num 21 extract_buf: pool_sig fffffe88, data_sig 00000126, bytes_mixed 20 9ff19f9c c07a1d2a
[    4.938235] TCP cubic registered
[    4.938323] Initializing XFRM netlink socket
[    4.938429] NET: Registered protocol family 17
[    4.938526] Using IPI Shortcut mode
[    4.938616] random 0000 0000 0000 9ff19f9c c07a1d2a: rand_read_num 5 get_random_bytes(8): sig 0000031b 9ff19f9c c07a1d2a
[    4.938618] random 0000 0000 0000 9ff19f9c c07a1d2a: extract_entropy(.. 8 ..)
[    4.938621] random 0000 0000 0000 9ff19f9c c07a1d2a: going to reseed nonblocking with 64 bits (64 of 0 requested)
[    4.938623] random 0000 0000 0000 9ff19f9c c07a1d2a: extract_entropy(.. 8 ..)
[    4.938625] random 0000 0000 0000 9ff19f9c c07a1d2a: trying to extract 64 bits from input
[    4.938627] random 0000 0000 0000 9ff19f9c c07a1d2a: debiting 0 entropy credits from input
[    4.938629] random 0000 0000 0000 9ff19f9c c07a1d2a: extract_entropy account returned: 0 
[    4.938632] random 0000 0000 0000 9ff19f9c c07a1d2a: urand_change_num 22 xfer_secondary_pool(8): pool_sig 0000031b, data_sig 00000000, bytes_mixed 0 9ff19f9c c07a1d2a
[    4.938635] random 0000 0000 0000 9ff19f9c c07a1d2a: trying to extract 64 bits from nonblocking
[    4.938637] random 0000 0000 0000 9ff19f9c c07a1d2a: debiting 64 entropy credits from nonblocking (unlimited)
[    4.938639] random 0000 0000 0000 9ff19f9c c07a1d2a: extract_entropy account returned: 8 
[    4.938643] random 0000 0000 0000 9ff19f9c c07a1d2a: urand_change_num 23 extract_buf: pool_sig 0000031b, data_sig ffffffb3, bytes_mixed 20 9ff19f9c c07a1d2a
[    4.941213] input: AT Translated Set 2 keyboard as /devices/platform/i8042/serio0/input/input1
[    5.130382] ata3: SATA link down (SStatus 0 SControl 300)
[    5.130503] ata1: SATA link up 1.5 Gbps (SStatus 113 SControl 300)
[    5.132190] ata1.00: ACPI cmd ef/02:00:00:00:00:a0 (SET FEATURES) succeeded
[    5.132193] ata1.00: ACPI cmd f5/00:00:00:00:00:a0 (SECURITY FREEZE LOCK) filtered out
[    5.133586] ata1.00: ACPI cmd ef/5f:00:00:00:00:a0 (SET FEATURES) succeeded
[    5.133589] ata1.00: ACPI cmd ef/10:03:00:00:00:a0 (SET FEATURES) filtered out
[    5.135497] ata1.00: ATA-7: ST910021AS, 4.06, max UDMA/100
[    5.135584] ata1.00: 195371568 sectors, multi 16: LBA48 
[    5.137735] ata1.00: ACPI cmd ef/02:00:00:00:00:a0 (SET FEATURES) succeeded
[    5.137737] ata1.00: ACPI cmd f5/00:00:00:00:00:a0 (SECURITY FREEZE LOCK) filtered out
[    5.139130] ata1.00: ACPI cmd ef/5f:00:00:00:00:a0 (SET FEATURES) succeeded
[    5.139132] ata1.00: ACPI cmd ef/10:03:00:00:00:a0 (SET FEATURES) filtered out
[    5.141053] ata1.00: configured for UDMA/100
[    5.151432] scsi 2:0:0:0: Direct-Access     ATA      ST910021AS       4.06 PQ: 0 ANSI: 5
[    5.151717] sd 2:0:0:0: [sda] 195371568 512-byte logical blocks: (100 GB/93.1 GiB)
[    5.151860] sd 2:0:0:0: [sda] Write Protect is off
[    5.151949] sd 2:0:0:0: [sda] Mode Sense: 00 3a 00 00
[    5.151962] sd 2:0:0:0: [sda] Write cache: enabled, read cache: enabled, doesn't support DPO or FUA
[    5.152161]  sda:
[    5.217361] usb 2-1: new high speed USB device using ehci_hcd and address 2
[    5.366953] usb 2-1: New USB device found, idVendor=0e8d, idProduct=1806
[    5.367042] usb 2-1: New USB device strings: Mfr=1, Product=2, SerialNumber=3
[    5.367130] usb 2-1: Product: MT1806 
[    5.367213] usb 2-1: Manufacturer: MediaTek Inc
[    5.367301] usb 2-1: SerialNumber: R8KN6GAC800AEB 
[    5.367436] usb 2-1: configuration #1 chosen from 1 choice
[    5.373744] scsi5 : SCSI emulation for USB Mass Storage devices
[    5.373910] usb-storage: device found at 2
[    5.373911] usb-storage: waiting for device to settle before scanning
[    5.574494]  sda1 sda2
[    5.575213] sd 2:0:0:0: [sda] Attached SCSI disk
[    5.575306] random 0000 0000 0000 277f73c3 42024bb9: rand_read_num 6 get_random_bytes(12): sig 000007e9 277f73c3 42024bb9
[    5.575309] random 0000 0000 0000 277f73c3 42024bb9: extract_entropy(.. 12 ..)
[    5.575311] random 0000 0000 0000 277f73c3 42024bb9: going to reseed nonblocking with 96 bits (96 of 0 requested)
[    5.575313] random 0000 0000 0000 277f73c3 42024bb9: extract_entropy(.. 12 ..)
[    5.575319] random 0000 0000 0000 277f73c3 42024bb9: trying to extract 96 bits from input
[    5.575321] random 0000 0000 0000 277f73c3 42024bb9: debiting 0 entropy credits from input
[    5.575323] random 0000 0000 0000 277f73c3 42024bb9: extract_entropy account returned: 0 
[    5.575326] random 0000 0000 0000 277f73c3 42024bb9: urand_change_num 24 xfer_secondary_pool(12): pool_sig 000007e9, data_sig 00000000, bytes_mixed 0 277f73c3 42024bb9
[    5.575329] random 0000 0000 0000 277f73c3 42024bb9: trying to extract 96 bits from nonblocking
[    5.575331] random 0000 0000 0000 277f73c3 42024bb9: debiting 96 entropy credits from nonblocking (unlimited)
[    5.575333] random 0000 0000 0000 277f73c3 42024bb9: extract_entropy account returned: 12 
[    5.575338] random 0000 0000 0000 277f73c3 42024bb9: urand_change_num 25 extract_buf: pool_sig 000007e9, data_sig 00000088, bytes_mixed 20 277f73c3 42024bb9
[    5.575343] random 0000 0000 0000 277f73c3 42024bb9: urand_change_num 26 extract_buf: pool_sig 00000498, data_sig fffffefb, bytes_mixed 20 277f73c3 42024bb9
[    5.575346] RANDOM - __seed init called.
[    5.575347] RANDOM - __seed init called.
[    5.575348] RANDOM - __seed init called.
[    5.575349] RANDOM - __random32 called. Change num 12.  Value: 87f14767	f0d7351	b1e48bd3
[    5.575351] RANDOM - random32_reseed called.  Value: 87f14767	f0d7351	b1e48bd3
[    5.575354] Pid: 1, comm: swapper Not tainted 2.6.32.57 #3
[    5.575440] Call Trace:
[    5.575532]  [<c1923ca4>] ? random32_reseed+0xa0/0xb1
[    5.575623]  [<c1923c04>] ? random32_reseed+0x0/0xb1
[    5.575719]  [<c100111e>] ? do_one_initcall+0x2e/0x180
[    5.575815]  [<c1907265>] ? kernel_init+0xad/0x103
[    5.575903]  [<c19071b8>] ? kernel_init+0x0/0x103
[    5.575994]  [<c1003787>] ? kernel_thread_helper+0x7/0x10
[    5.576520] random 0000 0000 0000 386b4e60 ee4d4880: rand_read_num 7 get_random_bytes(64): sig fffffea5 386b4e60 ee4d4880
[    5.576522] random 0000 0000 0000 386b4e60 ee4d4880: extract_entropy(.. 64 ..)
[    5.576524] random 0000 0000 0000 386b4e60 ee4d4880: going to reseed nonblocking with 512 bits (512 of 0 requested)
[    5.576526] random 0000 0000 0000 386b4e60 ee4d4880: extract_entropy(.. 64 ..)
[    5.576529] random 0000 0000 0000 386b4e60 ee4d4880: trying to extract 512 bits from input
[    5.576531] random 0000 0000 0000 386b4e60 ee4d4880: debiting 0 entropy credits from input
[    5.576533] random 0000 0000 0000 386b4e60 ee4d4880: extract_entropy account returned: 0 
[    5.576536] random 0000 0000 0000 386b4e60 ee4d4880: urand_change_num 27 xfer_secondary_pool(64): pool_sig fffffea5, data_sig 00000000, bytes_mixed 0 386b4e60 ee4d4880
[    5.576539] random 0000 0000 0000 386b4e60 ee4d4880: trying to extract 512 bits from nonblocking
[    5.576541] random 0000 0000 0000 386b4e60 ee4d4880: debiting 512 entropy credits from nonblocking (unlimited)
[    5.576543] random 0000 0000 0000 386b4e60 ee4d4880: extract_entropy account returned: 64 
[    5.576547] random 0000 0000 0000 386b4e60 ee4d4880: urand_change_num 28 extract_buf: pool_sig fffffea5, data_sig 00000173, bytes_mixed 20 386b4e60 ee4d4880
[    5.576552] random 0000 0000 0000 412698f6 0cc8689a: urand_change_num 29 extract_buf: pool_sig 00000122, data_sig ffffff63, bytes_mixed 20 412698f6 0cc8689a
[    5.576558] random 0000 0000 0000 412698f6 0cc8689a: urand_change_num 30 extract_buf: pool_sig 000001f7, data_sig 00000012, bytes_mixed 20 412698f6 0cc8689a
[    5.576563] random 0000 0000 0000 9669941e 06f768b1: urand_change_num 31 extract_buf: pool_sig fffffb5b, data_sig 0000003f, bytes_mixed 20 9669941e 06f768b1
[    5.576568] random 0000 0000 0000 98486520 995551f0: urand_change_num 32 extract_buf: pool_sig fffffb39, data_sig 0000000e, bytes_mixed 20 98486520 995551f0
[    5.576573] random 0000 0000 0000 98486520 995551f0: urand_change_num 33 extract_buf: pool_sig fffffd8d, data_sig 000001a6, bytes_mixed 20 98486520 995551f0
[    5.576578] random 0000 0000 0000 61fc8914 d5882ed2: urand_change_num 34 extract_buf: pool_sig fffffa58, data_sig 0000023e, bytes_mixed 20 61fc8914 d5882ed2
[    5.576608] random 0000 0000 0000 61fc8914 d5882ed2: rand_read_num 8 get_random_bytes(64): sig fffff9ee 61fc8914 d5882ed2
[    5.576610] random 0000 0000 0000 61fc8914 d5882ed2: extract_entropy(.. 64 ..)
[    5.576612] random 0000 0000 0000 61fc8914 d5882ed2: going to reseed nonblocking with 512 bits (512 of 0 requested)
[    5.576615] random 0000 0000 0000 61fc8914 d5882ed2: extract_entropy(.. 64 ..)
[    5.576617] random 0000 0000 0000 61fc8914 d5882ed2: trying to extract 512 bits from input
[    5.576619] random 0000 0000 0000 61fc8914 d5882ed2: debiting 0 entropy credits from input
[    5.576621] random 0000 0000 0000 61fc8914 d5882ed2: extract_entropy account returned: 0 
[    5.576624] random 0000 0000 0000 61fc8914 d5882ed2: urand_change_num 35 xfer_secondary_pool(64): pool_sig fffff9ee, data_sig 00000000, bytes_mixed 0 61fc8914 d5882ed2
[    5.576626] random 0000 0000 0000 61fc8914 d5882ed2: trying to extract 512 bits from nonblocking
[    5.576629] random 0000 0000 0000 61fc8914 d5882ed2: debiting 512 entropy credits from nonblocking (unlimited)
[    5.576631] random 0000 0000 0000 61fc8914 d5882ed2: extract_entropy account returned: 64 
[    5.576635] random 0000 0000 0000 61fc8914 d5882ed2: urand_change_num 36 extract_buf: pool_sig fffff9ee, data_sig ffffff85, bytes_mixed 20 61fc8914 d5882ed2
[    5.576640] random 0000 0000 0000 70cfd302 e5edec11: urand_change_num 37 extract_buf: pool_sig fffffdc1, data_sig ffffffde, bytes_mixed 20 70cfd302 e5edec11
[    5.576645] random 0000 0000 0000 00dab838 eafd2b30: urand_change_num 38 extract_buf: pool_sig 000003da, data_sig ffffff61, bytes_mixed 20 00dab838 eafd2b30
[    5.576651] random 0000 0000 0000 00dab838 eafd2b30: urand_change_num 39 extract_buf: pool_sig 00000314, data_sig 00000121, bytes_mixed 20 00dab838 eafd2b30
[    5.576656] random 0000 0000 0000 5fcdf66a 6442b608: urand_change_num 40 extract_buf: pool_sig 0000028b, data_sig fffffefd, bytes_mixed 20 5fcdf66a 6442b608
[    5.576661] random 0000 0000 0000 61333f6b 8fae0f9b: urand_change_num 41 extract_buf: pool_sig 000000cb, data_sig 000000b3, bytes_mixed 20 61333f6b 8fae0f9b
[    5.576666] random 0000 0000 0000 61333f6b 8fae0f9b: urand_change_num 42 extract_buf: pool_sig fffffef8, data_sig 00000051, bytes_mixed 20 61333f6b 8fae0f9b
[    5.576669] BEGIN NET_SECRET:
[    5.576670] \xffffffe0
[    5.576671] \xffffffb6
[    5.576672] \x36
[    5.576673] \xffffffb5
[    5.576674] \xffffff94
[    5.576674] \xffffffb2
[    5.576675] \xffffffa8
[    5.576676] \xffffffda
[    5.576677] \x5b
[    5.576677] \x19
[    5.576678] \x18
[    5.576679] \x5c
[    5.576679] \x2b
[    5.576680] \x1
[    5.576681] \xffffff90
[    5.576682] \x19
[    5.576682] \x3c
[    5.576683] \xfffffff2
[    5.576684] \xffffff82
[    5.576685] \x2a
[    5.576685] \xffffffb3
[    5.576686] \xffffffa2
[    5.576687] \x3f
[    5.576688] \x5
[    5.576688] \x52
[    5.576689] \x77
[    5.576690] \x57
[    5.576691] \x79
[    5.576691] \x16
[    5.576692] \x43
[    5.576693] \xffffff84
[    5.576694] \xffffffc3
[    5.576694] \xffffffe9
[    5.576695] \x79
[    5.576696] \x50
[    5.576696] \xffffff8e
[    5.576697] \x3f
[    5.576698] \xfffffff3
[    5.576699] \x19
[    5.576699] \x2a
[    5.576700] \xfffffffd
[    5.576701] \xfffffffb
[    5.576702] \x62
[    5.576702] \x3c
[    5.576703] \xffffffac
[    5.576704] \x1c
[    5.576705] \x3b
[    5.576705] \x3b
[    5.576706] \x15
[    5.576707] \x27
[    5.576707] \xffffffa8
[    5.576708] \x22
[    5.576709] \xffffffc5
[    5.576710] \xffffff9a
[    5.576711] \x5
[    5.576711] \x6c
[    5.576712] \xffffffa8
[    5.576713] \x3a
[    5.576713] \x44
[    5.576714] \xffffffaf
[    5.576715] \x13
[    5.576716] \xffffffe0
[    5.576716] \xffffff9d
[    5.576717] \x22
[    5.576718] 
[    5.576718] END NET_SECRET
[    5.576721] random 0000 0000 0000 e7f555d9 e8ce5c3c: rand_read_num 9 get_random_bytes(4): sig 0000068c e7f555d9 e8ce5c3c
[    5.576723] random 0000 0000 0000 e7f555d9 e8ce5c3c: extract_entropy(.. 4 ..)
[    5.576726] random 0000 0000 0000 e7f555d9 e8ce5c3c: going to reseed nonblocking with 64 bits (32 of 0 requested)
[    5.576728] random 0000 0000 0000 e7f555d9 e8ce5c3c: extract_entropy(.. 8 ..)
[    5.576730] random 0000 0000 0000 e7f555d9 e8ce5c3c: trying to extract 64 bits from input
[    5.576732] random 0000 0000 0000 e7f555d9 e8ce5c3c: debiting 0 entropy credits from input
[    5.576734] random 0000 0000 0000 e7f555d9 e8ce5c3c: extract_entropy account returned: 0 
[    5.576737] random 0000 0000 0000 e7f555d9 e8ce5c3c: urand_change_num 43 xfer_secondary_pool(4): pool_sig 0000068c, data_sig 00000000, bytes_mixed 0 e7f555d9 e8ce5c3c
[    5.576739] random 0000 0000 0000 e7f555d9 e8ce5c3c: trying to extract 32 bits from nonblocking
[    5.576742] random 0000 0000 0000 e7f555d9 e8ce5c3c: debiting 32 entropy credits from nonblocking (unlimited)
[    5.576744] random 0000 0000 0000 e7f555d9 e8ce5c3c: extract_entropy account returned: 4 
[    5.576748] random 0000 0000 0000 e7f555d9 e8ce5c3c: urand_change_num 44 extract_buf: pool_sig 0000068c, data_sig fffffdcb, bytes_mixed 20 e7f555d9 e8ce5c3c
[    5.576759] md: Waiting for all devices to be available before autodetect
[    5.576852] md: If you don't use raid, use raid=noautodetect
[    5.577016] md: Autodetecting RAID arrays.
[    5.577108] md: Scanned 0 and added 0 devices.
[    5.577197] md: autorun ...
[    5.577294] md: ... autorun DONE.
[    5.598912] EXT3-fs: sda2: couldn't mount because of unsupported optional features (240).
[    5.599137] EXT2-fs: sda2: couldn't mount because of unsupported optional features (240).
[    5.600427] random 0000 0000 0000 e7f555d9 e8ce5c3c: rand_read_num 10 get_random_bytes(4): sig ffffff72 e7f555d9 e8ce5c3c
[    5.600429] random 0000 0000 0000 e7f555d9 e8ce5c3c: extract_entropy(.. 4 ..)
[    5.600432] random 0000 0000 0000 e7f555d9 e8ce5c3c: going to reseed nonblocking with 64 bits (32 of 0 requested)
[    5.600434] random 0000 0000 0000 e7f555d9 e8ce5c3c: extract_entropy(.. 8 ..)
[    5.600436] random 0000 0000 0000 e7f555d9 e8ce5c3c: trying to extract 64 bits from input
[    5.600438] random 0000 0000 0000 e7f555d9 e8ce5c3c: debiting 0 entropy credits from input
[    5.600440] random 0000 0000 0000 e7f555d9 e8ce5c3c: extract_entropy account returned: 0 
[    5.600443] random 0000 0000 0000 e7f555d9 e8ce5c3c: urand_change_num 45 xfer_secondary_pool(4): pool_sig ffffff72, data_sig 00000000, bytes_mixed 0 e7f555d9 e8ce5c3c
[    5.600446] random 0000 0000 0000 e7f555d9 e8ce5c3c: trying to extract 32 bits from nonblocking
[    5.600448] random 0000 0000 0000 e7f555d9 e8ce5c3c: debiting 32 entropy credits from nonblocking (unlimited)
[    5.600451] random 0000 0000 0000 e7f555d9 e8ce5c3c: extract_entropy account returned: 4 
[    5.600455] random 0000 0000 0000 e7f555d9 e8ce5c3c: urand_change_num 46 extract_buf: pool_sig ffffff72, data_sig ffffff72, bytes_mixed 20 e7f555d9 e8ce5c3c
[    5.628606] EXT4-fs (sda2): mounted filesystem with ordered data mode
[    5.628805] VFS: Mounted root (ext4 filesystem) readonly on device 8:2.
[    5.628906] Freeing unused kernel memory: 448k freed
[    5.707558] random 0000 0000 0000 91716c54 eeb6a1e7: rand_read_num 11 get_random_bytes(16): sig fffffcad 91716c54 eeb6a1e7
[    5.707561] random 0000 0000 0000 91716c54 eeb6a1e7: extract_entropy(.. 16 ..)
[    5.707563] random 0000 0000 0000 91716c54 eeb6a1e7: going to reseed nonblocking with 128 bits (128 of 0 requested)
[    5.707565] random 0000 0000 0000 91716c54 eeb6a1e7: extract_entropy(.. 16 ..)
[    5.707567] random 0000 0000 0000 91716c54 eeb6a1e7: trying to extract 128 bits from input
[    5.707569] random 0000 0000 0000 91716c54 eeb6a1e7: debiting 0 entropy credits from input
[    5.707571] random 0000 0000 0000 91716c54 eeb6a1e7: extract_entropy account returned: 0 
[    5.707574] random 0000 0000 0000 91716c54 eeb6a1e7: urand_change_num 47 xfer_secondary_pool(16): pool_sig fffffcad, data_sig 00000000, bytes_mixed 0 91716c54 eeb6a1e7
[    5.707577] random 0000 0000 0000 91716c54 eeb6a1e7: trying to extract 128 bits from nonblocking
[    5.707580] random 0000 0000 0000 91716c54 eeb6a1e7: debiting 128 entropy credits from nonblocking (unlimited)
[    5.707582] random 0000 0000 0000 91716c54 eeb6a1e7: extract_entropy account returned: 16 
[    5.707586] random 0000 0000 0000 91716c54 eeb6a1e7: urand_change_num 48 extract_buf: pool_sig fffffcad, data_sig ffffff19, bytes_mixed 20 91716c54 eeb6a1e7
[    5.707591] random 0000 0000 0000 fd637b06 6cf47bc1: urand_change_num 49 extract_buf: pool_sig fffffede, data_sig ffffffc1, bytes_mixed 20 fd637b06 6cf47bc1
[    5.794310] random 0000 0000 0000 fd637b06 6cf47bc1: rand_read_num 12 get_random_bytes(16): sig 0000033b fd637b06 6cf47bc1
[    5.794312] random 0000 0000 0000 fd637b06 6cf47bc1: extract_entropy(.. 16 ..)
[    5.794315] random 0000 0000 0000 fd637b06 6cf47bc1: going to reseed nonblocking with 128 bits (128 of 0 requested)
[    5.794317] random 0000 0000 0000 fd637b06 6cf47bc1: extract_entropy(.. 16 ..)
[    5.794319] random 0000 0000 0000 fd637b06 6cf47bc1: trying to extract 128 bits from input
[    5.794322] random 0000 0000 0000 fd637b06 6cf47bc1: debiting 0 entropy credits from input
[    5.794323] random 0000 0000 0000 fd637b06 6cf47bc1: extract_entropy account returned: 0 
[    5.794327] random 0000 0000 0000 fd637b06 6cf47bc1: urand_change_num 50 xfer_secondary_pool(16): pool_sig 0000033b, data_sig 00000000, bytes_mixed 0 fd637b06 6cf47bc1
[    5.794329] random 0000 0000 0000 fd637b06 6cf47bc1: trying to extract 128 bits from nonblocking
[    5.794332] random 0000 0000 0000 fd637b06 6cf47bc1: debiting 128 entropy credits from nonblocking (unlimited)
[    5.794334] random 0000 0000 0000 fd637b06 6cf47bc1: extract_entropy account returned: 16 
[    5.794338] random 0000 0000 0000 fd637b06 6cf47bc1: urand_change_num 51 extract_buf: pool_sig 0000033b, data_sig 000000d8, bytes_mixed 20 fd637b06 6cf47bc1
[    5.794344] random 0000 0000 0000 0ec1f012 d4727ca8: urand_change_num 52 extract_buf: pool_sig fffffcf5, data_sig 00000016, bytes_mixed 20 0ec1f012 d4727ca8
[    6.157508] ieee1394: Host added: ID:BUS[0-00:1023]  GUID[00061b032a25f51c]
[    6.168196] random 0000 0000 0000 45b1d0b1 845a73f7: rand_read_num 13 get_random_bytes(16): sig 00000116 45b1d0b1 845a73f7
[    6.168199] random 0000 0000 0000 45b1d0b1 845a73f7: extract_entropy(.. 16 ..)
[    6.168202] random 0000 0000 0000 45b1d0b1 845a73f7: going to reseed nonblocking with 128 bits (128 of 0 requested)
[    6.168204] random 0000 0000 0000 45b1d0b1 845a73f7: extract_entropy(.. 16 ..)
[    6.168206] random 0000 0000 0000 45b1d0b1 845a73f7: trying to extract 128 bits from input
[    6.168208] random 0000 0000 0000 45b1d0b1 845a73f7: debiting 0 entropy credits from input
[    6.168210] random 0000 0000 0000 45b1d0b1 845a73f7: extract_entropy account returned: 0 
[    6.168213] random 0000 0000 0000 45b1d0b1 845a73f7: urand_change_num 53 xfer_secondary_pool(16): pool_sig 00000116, data_sig 00000000, bytes_mixed 0 45b1d0b1 845a73f7
[    6.168216] random 0000 0000 0000 45b1d0b1 845a73f7: trying to extract 128 bits from nonblocking
[    6.168219] random 0000 0000 0000 45b1d0b1 845a73f7: debiting 128 entropy credits from nonblocking (unlimited)
[    6.168221] random 0000 0000 0000 45b1d0b1 845a73f7: extract_entropy account returned: 16 
[    6.168225] random 0000 0000 0000 45b1d0b1 845a73f7: urand_change_num 54 extract_buf: pool_sig 00000116, data_sig fffffd8b, bytes_mixed 20 45b1d0b1 845a73f7
[    6.168230] random 0000 0000 0000 45b1d0b1 845a73f7: urand_change_num 55 extract_buf: pool_sig fffffc05, data_sig 00000109, bytes_mixed 20 45b1d0b1 845a73f7
[    6.220693] random 0000 0000 0000 5012cce3 b8a30621: rand_read_num 14 get_random_bytes(16): sig fffffb93 5012cce3 b8a30621
[    6.220695] random 0000 0000 0000 5012cce3 b8a30621: extract_entropy(.. 16 ..)
[    6.220698] random 0000 0000 0000 5012cce3 b8a30621: going to reseed nonblocking with 128 bits (128 of 0 requested)
[    6.220700] random 0000 0000 0000 5012cce3 b8a30621: extract_entropy(.. 16 ..)
[    6.220702] random 0000 0000 0000 5012cce3 b8a30621: trying to extract 128 bits from input
[    6.220705] random 0000 0000 0000 5012cce3 b8a30621: debiting 0 entropy credits from input
[    6.220707] random 0000 0000 0000 5012cce3 b8a30621: extract_entropy account returned: 0 
[    6.220710] random 0000 0000 0000 5012cce3 b8a30621: urand_change_num 56 xfer_secondary_pool(16): pool_sig fffffb93, data_sig 00000000, bytes_mixed 0 5012cce3 b8a30621
[    6.220713] random 0000 0000 0000 5012cce3 b8a30621: trying to extract 128 bits from nonblocking
[    6.220715] random 0000 0000 0000 5012cce3 b8a30621: debiting 128 entropy credits from nonblocking (unlimited)
[    6.220717] random 0000 0000 0000 5012cce3 b8a30621: extract_entropy account returned: 16 
[    6.220721] random 0000 0000 0000 5012cce3 b8a30621: urand_change_num 57 extract_buf: pool_sig fffffb93, data_sig ffffff35, bytes_mixed 20 5012cce3 b8a30621
[    6.220727] random 0000 0000 0000 5012cce3 b8a30621: urand_change_num 58 extract_buf: pool_sig fffffb9d, data_sig ffffff92, bytes_mixed 20 5012cce3 b8a30621
[    6.222085] random 0000 0000 0000 30a5721d 4b648ff6: rand_read_num 15 get_random_bytes(16): sig fffffeb5 30a5721d 4b648ff6
[    6.222088] random 0000 0000 0000 30a5721d 4b648ff6: extract_entropy(.. 16 ..)
[    6.222090] random 0000 0000 0000 30a5721d 4b648ff6: going to reseed nonblocking with 128 bits (128 of 0 requested)
[    6.222093] random 0000 0000 0000 30a5721d 4b648ff6: extract_entropy(.. 16 ..)
[    6.222095] random 0000 0000 0000 30a5721d 4b648ff6: trying to extract 128 bits from input
[    6.222097] random 0000 0000 0000 30a5721d 4b648ff6: debiting 0 entropy credits from input
[    6.222099] random 0000 0000 0000 30a5721d 4b648ff6: extract_entropy account returned: 0 
[    6.222102] random 0000 0000 0000 30a5721d 4b648ff6: urand_change_num 59 xfer_secondary_pool(16): pool_sig fffffeb5, data_sig 00000000, bytes_mixed 0 30a5721d 4b648ff6
[    6.222105] random 0000 0000 0000 30a5721d 4b648ff6: trying to extract 128 bits from nonblocking
[    6.222107] random 0000 0000 0000 30a5721d 4b648ff6: debiting 128 entropy credits from nonblocking (unlimited)
[    6.222109] random 0000 0000 0000 30a5721d 4b648ff6: extract_entropy account returned: 16 
[    6.222113] random 0000 0000 0000 30a5721d 4b648ff6: urand_change_num 60 extract_buf: pool_sig fffffeb5, data_sig 000000c2, bytes_mixed 20 30a5721d 4b648ff6
[    6.222119] random 0000 0000 0000 89bae1ab 704c432f: urand_change_num 61 extract_buf: pool_sig 0000006e, data_sig fffffefc, bytes_mixed 20 89bae1ab 704c432f
[    6.222666] random 0000 0000 0000 89bae1ab 704c432f: rand_read_num 16 get_random_bytes(16): sig fffffd99 89bae1ab 704c432f
[    6.222669] random 0000 0000 0000 89bae1ab 704c432f: extract_entropy(.. 16 ..)
[    6.222671] random 0000 0000 0000 89bae1ab 704c432f: going to reseed nonblocking with 128 bits (128 of 0 requested)
[    6.222674] random 0000 0000 0000 89bae1ab 704c432f: extract_entropy(.. 16 ..)
[    6.222676] random 0000 0000 0000 89bae1ab 704c432f: trying to extract 128 bits from input
[    6.222678] random 0000 0000 0000 89bae1ab 704c432f: debiting 0 entropy credits from input
[    6.222680] random 0000 0000 0000 89bae1ab 704c432f: extract_entropy account returned: 0 
[    6.222683] random 0000 0000 0000 89bae1ab 704c432f: urand_change_num 62 xfer_secondary_pool(16): pool_sig fffffd99, data_sig 00000000, bytes_mixed 0 89bae1ab 704c432f
[    6.222686] random 0000 0000 0000 89bae1ab 704c432f: trying to extract 128 bits from nonblocking
[    6.222688] random 0000 0000 0000 89bae1ab 704c432f: debiting 128 entropy credits from nonblocking (unlimited)
[    6.222690] random 0000 0000 0000 89bae1ab 704c432f: extract_entropy account returned: 16 
[    6.222694] random 0000 0000 0000 89bae1ab 704c432f: urand_change_num 63 extract_buf: pool_sig fffffd99, data_sig 00000204, bytes_mixed 20 89bae1ab 704c432f
[    6.222700] random 0000 0000 0000 6c298a02 2b1539f8: urand_change_num 64 extract_buf: pool_sig 00000124, data_sig fffffff5, bytes_mixed 20 6c298a02 2b1539f8
[    6.223604] random 0000 0000 0000 c77b8b35 70f6cab5: rand_read_num 17 get_random_bytes(16): sig 0000036b c77b8b35 70f6cab5
[    6.223607] random 0000 0000 0000 c77b8b35 70f6cab5: extract_entropy(.. 16 ..)
[    6.223609] random 0000 0000 0000 c77b8b35 70f6cab5: going to reseed nonblocking with 128 bits (128 of 0 requested)
[    6.223612] random 0000 0000 0000 c77b8b35 70f6cab5: extract_entropy(.. 16 ..)
[    6.223614] random 0000 0000 0000 c77b8b35 70f6cab5: trying to extract 128 bits from input
[    6.223616] random 0000 0000 0000 c77b8b35 70f6cab5: debiting 0 entropy credits from input
[    6.223618] random 0000 0000 0000 c77b8b35 70f6cab5: extract_entropy account returned: 0 
[    6.223621] random 0000 0000 0000 c77b8b35 70f6cab5: urand_change_num 65 xfer_secondary_pool(16): pool_sig 0000036b, data_sig 00000000, bytes_mixed 0 c77b8b35 70f6cab5
[    6.223624] random 0000 0000 0000 c77b8b35 70f6cab5: trying to extract 128 bits from nonblocking
[    6.223626] random 0000 0000 0000 c77b8b35 70f6cab5: debiting 128 entropy credits from nonblocking (unlimited)
[    6.223628] random 0000 0000 0000 c77b8b35 70f6cab5: extract_entropy account returned: 16 
[    6.223632] random 0000 0000 0000 c77b8b35 70f6cab5: urand_change_num 66 extract_buf: pool_sig 0000036b, data_sig 0000005f, bytes_mixed 20 c77b8b35 70f6cab5
[    6.223638] random 0000 0000 0000 c77b8b35 70f6cab5: urand_change_num 67 extract_buf: pool_sig ffffff1c, data_sig 0000005a, bytes_mixed 20 c77b8b35 70f6cab5
[    6.224222] random 0000 0000 0000 af21d212 57d20ca3: rand_read_num 18 get_random_bytes(16): sig fffffb7f af21d212 57d20ca3
[    6.224225] random 0000 0000 0000 af21d212 57d20ca3: extract_entropy(.. 16 ..)
[    6.224228] random 0000 0000 0000 af21d212 57d20ca3: going to reseed nonblocking with 128 bits (128 of 0 requested)
[    6.224230] random 0000 0000 0000 af21d212 57d20ca3: extract_entropy(.. 16 ..)
[    6.224232] random 0000 0000 0000 af21d212 57d20ca3: trying to extract 128 bits from input
[    6.224234] random 0000 0000 0000 af21d212 57d20ca3: debiting 0 entropy credits from input
[    6.224236] random 0000 0000 0000 af21d212 57d20ca3: extract_entropy account returned: 0 
[    6.224240] random 0000 0000 0000 af21d212 57d20ca3: urand_change_num 68 xfer_secondary_pool(16): pool_sig fffffb7f, data_sig 00000000, bytes_mixed 0 af21d212 57d20ca3
[    6.224242] random 0000 0000 0000 af21d212 57d20ca3: trying to extract 128 bits from nonblocking
[    6.224245] random 0000 0000 0000 af21d212 57d20ca3: debiting 128 entropy credits from nonblocking (unlimited)
[    6.224247] random 0000 0000 0000 af21d212 57d20ca3: extract_entropy account returned: 16 
[    6.224258] random 0000 0000 0000 af21d212 57d20ca3: urand_change_num 69 extract_buf: pool_sig fffffb7f, data_sig ffffff88, bytes_mixed 20 af21d212 57d20ca3
[    6.224263] random 0000 0000 0000 af21d212 57d20ca3: urand_change_num 70 extract_buf: pool_sig fffffe1d, data_sig ffffff17, bytes_mixed 20 af21d212 57d20ca3
[    6.224849] random 0000 0000 0000 ffbd26fd 21933274: rand_read_num 19 get_random_bytes(16): sig ffffffc7 ffbd26fd 21933274
[    6.224852] random 0000 0000 0000 ffbd26fd 21933274: extract_entropy(.. 16 ..)
[    6.224854] random 0000 0000 0000 ffbd26fd 21933274: going to reseed nonblocking with 128 bits (128 of 0 requested)
[    6.224857] random 0000 0000 0000 ffbd26fd 21933274: extract_entropy(.. 16 ..)
[    6.224859] random 0000 0000 0000 ffbd26fd 21933274: trying to extract 128 bits from input
[    6.224861] random 0000 0000 0000 ffbd26fd 21933274: debiting 0 entropy credits from input
[    6.224863] random 0000 0000 0000 ffbd26fd 21933274: extract_entropy account returned: 0 
[    6.224866] random 0000 0000 0000 ffbd26fd 21933274: urand_change_num 71 xfer_secondary_pool(16): pool_sig ffffffc7, data_sig 00000000, bytes_mixed 0 ffbd26fd 21933274
[    6.224869] random 0000 0000 0000 ffbd26fd 21933274: trying to extract 128 bits from nonblocking
[    6.224871] random 0000 0000 0000 ffbd26fd 21933274: debiting 128 entropy credits from nonblocking (unlimited)
[    6.224873] random 0000 0000 0000 ffbd26fd 21933274: extract_entropy account returned: 16 
[    6.224877] random 0000 0000 0000 ffbd26fd 21933274: urand_change_num 72 extract_buf: pool_sig ffffffc7, data_sig 0000013b, bytes_mixed 20 ffbd26fd 21933274
[    6.224883] random 0000 0000 0000 151530a2 56c65dd3: urand_change_num 73 extract_buf: pool_sig ffffffbf, data_sig 00000036, bytes_mixed 20 151530a2 56c65dd3
[    6.225441] random 0000 0000 0000 151530a2 56c65dd3: rand_read_num 20 get_random_bytes(16): sig 000001a7 151530a2 56c65dd3
[    6.225444] random 0000 0000 0000 151530a2 56c65dd3: extract_entropy(.. 16 ..)
[    6.225446] random 0000 0000 0000 151530a2 56c65dd3: going to reseed nonblocking with 128 bits (128 of 0 requested)
[    6.225449] random 0000 0000 0000 151530a2 56c65dd3: extract_entropy(.. 16 ..)
[    6.225451] random 0000 0000 0000 151530a2 56c65dd3: trying to extract 128 bits from input
[    6.225453] random 0000 0000 0000 151530a2 56c65dd3: debiting 0 entropy credits from input
[    6.225455] random 0000 0000 0000 151530a2 56c65dd3: extract_entropy account returned: 0 
[    6.225458] random 0000 0000 0000 151530a2 56c65dd3: urand_change_num 74 xfer_secondary_pool(16): pool_sig 000001a7, data_sig 00000000, bytes_mixed 0 151530a2 56c65dd3
[    6.225461] random 0000 0000 0000 151530a2 56c65dd3: trying to extract 128 bits from nonblocking
[    6.225463] random 0000 0000 0000 151530a2 56c65dd3: debiting 128 entropy credits from nonblocking (unlimited)
[    6.225465] random 0000 0000 0000 151530a2 56c65dd3: extract_entropy account returned: 16 
[    6.225470] random 0000 0000 0000 151530a2 56c65dd3: urand_change_num 75 extract_buf: pool_sig 000001a7, data_sig ffffffa1, bytes_mixed 20 151530a2 56c65dd3
[    6.225475] random 0000 0000 0000 5d3e132e d9a77eb3: urand_change_num 76 extract_buf: pool_sig fffffcc9, data_sig 00000013, bytes_mixed 20 5d3e132e d9a77eb3
[    6.276500] random 0000 0000 0000 264837ad 0a28fef5: rand_read_num 21 get_random_bytes(16): sig ffffffd0 264837ad 0a28fef5
[    6.276503] random 0000 0000 0000 264837ad 0a28fef5: extract_entropy(.. 16 ..)
[    6.276506] random 0000 0000 0000 264837ad 0a28fef5: going to reseed nonblocking with 128 bits (128 of 0 requested)
[    6.276508] random 0000 0000 0000 264837ad 0a28fef5: extract_entropy(.. 16 ..)
[    6.276510] random 0000 0000 0000 264837ad 0a28fef5: trying to extract 128 bits from input
[    6.276512] random 0000 0000 0000 264837ad 0a28fef5: debiting 0 entropy credits from input
[    6.276514] random 0000 0000 0000 264837ad 0a28fef5: extract_entropy account returned: 0 
[    6.276518] random 0000 0000 0000 264837ad 0a28fef5: urand_change_num 77 xfer_secondary_pool(16): pool_sig ffffffd0, data_sig 00000000, bytes_mixed 0 264837ad 0a28fef5
[    6.276521] random 0000 0000 0000 264837ad 0a28fef5: trying to extract 128 bits from nonblocking
[    6.276523] random 0000 0000 0000 264837ad 0a28fef5: debiting 128 entropy credits from nonblocking (unlimited)
[    6.276525] random 0000 0000 0000 264837ad 0a28fef5: extract_entropy account returned: 16 
[    6.276530] random 0000 0000 0000 264837ad 0a28fef5: urand_change_num 78 extract_buf: pool_sig ffffffd0, data_sig 0000017b, bytes_mixed 20 264837ad 0a28fef5
[    6.276535] random 0000 0000 0000 264837ad 0a28fef5: urand_change_num 79 extract_buf: pool_sig 0000045c, data_sig 000001df, bytes_mixed 20 264837ad 0a28fef5
[    6.278002] random 0000 0000 0000 f37f7344 164aede0: rand_read_num 22 get_random_bytes(16): sig 000003c2 f37f7344 164aede0
[    6.278005] random 0000 0000 0000 f37f7344 164aede0: extract_entropy(.. 16 ..)
[    6.278008] random 0000 0000 0000 f37f7344 164aede0: going to reseed nonblocking with 128 bits (128 of 0 requested)
[    6.278010] random 0000 0000 0000 f37f7344 164aede0: extract_entropy(.. 16 ..)
[    6.278012] random 0000 0000 0000 f37f7344 164aede0: trying to extract 128 bits from input
[    6.278014] random 0000 0000 0000 f37f7344 164aede0: debiting 0 entropy credits from input
[    6.278016] random 0000 0000 0000 f37f7344 164aede0: extract_entropy account returned: 0 
[    6.278019] random 0000 0000 0000 f37f7344 164aede0: urand_change_num 80 xfer_secondary_pool(16): pool_sig 000003c2, data_sig 00000000, bytes_mixed 0 f37f7344 164aede0
[    6.278022] random 0000 0000 0000 f37f7344 164aede0: trying to extract 128 bits from nonblocking
[    6.278024] random 0000 0000 0000 f37f7344 164aede0: debiting 128 entropy credits from nonblocking (unlimited)
[    6.278027] random 0000 0000 0000 f37f7344 164aede0: extract_entropy account returned: 16 
[    6.278031] random 0000 0000 0000 f37f7344 164aede0: urand_change_num 81 extract_buf: pool_sig 000003c2, data_sig ffffff6c, bytes_mixed 20 f37f7344 164aede0
[    6.278036] random 0000 0000 0000 f37f7344 164aede0: urand_change_num 82 extract_buf: pool_sig fffffdfc, data_sig 00000091, bytes_mixed 20 f37f7344 164aede0
[    6.300803] random 0000 0000 0000 a4794863 878070c1: rand_read_num 23 get_random_bytes(16): sig 0000011b a4794863 878070c1
[    6.300806] random 0000 0000 0000 a4794863 878070c1: extract_entropy(.. 16 ..)
[    6.300809] random 0000 0000 0000 a4794863 878070c1: going to reseed nonblocking with 128 bits (128 of 0 requested)
[    6.300811] random 0000 0000 0000 a4794863 878070c1: extract_entropy(.. 16 ..)
[    6.300813] random 0000 0000 0000 a4794863 878070c1: trying to extract 128 bits from input
[    6.300815] random 0000 0000 0000 a4794863 878070c1: debiting 0 entropy credits from input
[    6.300817] random 0000 0000 0000 a4794863 878070c1: extract_entropy account returned: 0 
[    6.300820] random 0000 0000 0000 a4794863 878070c1: urand_change_num 83 xfer_secondary_pool(16): pool_sig 0000011b, data_sig 00000000, bytes_mixed 0 a4794863 878070c1
[    6.300823] random 0000 0000 0000 a4794863 878070c1: trying to extract 128 bits from nonblocking
[    6.300825] random 0000 0000 0000 a4794863 878070c1: debiting 128 entropy credits from nonblocking (unlimited)
[    6.300827] random 0000 0000 0000 a4794863 878070c1: extract_entropy account returned: 16 
[    6.300832] random 0000 0000 0000 a4794863 878070c1: urand_change_num 84 extract_buf: pool_sig 0000011b, data_sig ffffff51, bytes_mixed 20 a4794863 878070c1
[    6.300837] random 0000 0000 0000 737f19b4 9417d8ab: urand_change_num 85 extract_buf: pool_sig 000001a3, data_sig 0000006c, bytes_mixed 20 737f19b4 9417d8ab
[    6.304892] random 0000 0000 0000 737f19b4 9417d8ab: rand_read_num 24 get_random_bytes(16): sig fffffe22 737f19b4 9417d8ab
[    6.304894] random 0000 0000 0000 737f19b4 9417d8ab: extract_entropy(.. 16 ..)
[    6.304897] random 0000 0000 0000 737f19b4 9417d8ab: going to reseed nonblocking with 128 bits (128 of 0 requested)
[    6.304899] random 0000 0000 0000 737f19b4 9417d8ab: extract_entropy(.. 16 ..)
[    6.304901] random 0000 0000 0000 737f19b4 9417d8ab: trying to extract 128 bits from input
[    6.304903] random 0000 0000 0000 737f19b4 9417d8ab: debiting 0 entropy credits from input
[    6.304905] random 0000 0000 0000 737f19b4 9417d8ab: extract_entropy account returned: 0 
[    6.304908] random 0000 0000 0000 737f19b4 9417d8ab: urand_change_num 86 xfer_secondary_pool(16): pool_sig fffffe22, data_sig 00000000, bytes_mixed 0 737f19b4 9417d8ab
[    6.304911] random 0000 0000 0000 737f19b4 9417d8ab: trying to extract 128 bits from nonblocking
[    6.304913] random 0000 0000 0000 737f19b4 9417d8ab: debiting 128 entropy credits from nonblocking (unlimited)
[    6.304916] random 0000 0000 0000 737f19b4 9417d8ab: extract_entropy account returned: 16 
[    6.304920] random 0000 0000 0000 737f19b4 9417d8ab: urand_change_num 87 extract_buf: pool_sig fffffe22, data_sig 00000230, bytes_mixed 20 737f19b4 9417d8ab
[    6.304925] random 0000 0000 0000 4deb0d06 1236af4c: urand_change_num 88 extract_buf: pool_sig 000000b6, data_sig ffffff44, bytes_mixed 20 4deb0d06 1236af4c
[    6.305920] random 0000 0000 0000 b538fadc 4a7613df: rand_read_num 25 get_random_bytes(16): sig 0000013c b538fadc 4a7613df
[    6.305923] random 0000 0000 0000 b538fadc 4a7613df: extract_entropy(.. 16 ..)
[    6.305926] random 0000 0000 0000 b538fadc 4a7613df: going to reseed nonblocking with 128 bits (128 of 0 requested)
[    6.305928] random 0000 0000 0000 b538fadc 4a7613df: extract_entropy(.. 16 ..)
[    6.305930] random 0000 0000 0000 b538fadc 4a7613df: trying to extract 128 bits from input
[    6.305932] random 0000 0000 0000 b538fadc 4a7613df: debiting 0 entropy credits from input
[    6.305934] random 0000 0000 0000 b538fadc 4a7613df: extract_entropy account returned: 0 
[    6.305938] random 0000 0000 0000 b538fadc 4a7613df: urand_change_num 89 xfer_secondary_pool(16): pool_sig 0000013c, data_sig 00000000, bytes_mixed 0 b538fadc 4a7613df
[    6.305940] random 0000 0000 0000 b538fadc 4a7613df: trying to extract 128 bits from nonblocking
[    6.305943] random 0000 0000 0000 b538fadc 4a7613df: debiting 128 entropy credits from nonblocking (unlimited)
[    6.305945] random 0000 0000 0000 b538fadc 4a7613df: extract_entropy account returned: 16 
[    6.305949] random 0000 0000 0000 b538fadc 4a7613df: urand_change_num 90 extract_buf: pool_sig 0000013c, data_sig 00000015, bytes_mixed 20 b538fadc 4a7613df
[    6.305954] random 0000 0000 0000 b538fadc 4a7613df: urand_change_num 91 extract_buf: pool_sig 00000452, data_sig 0000002b, bytes_mixed 20 b538fadc 4a7613df
[    6.306413] random 0000 0000 0000 73b17df4 93bb370e: rand_read_num 26 get_random_bytes(16): sig fffffbf1 73b17df4 93bb370e
[    6.306415] random 0000 0000 0000 73b17df4 93bb370e: extract_entropy(.. 16 ..)
[    6.306418] random 0000 0000 0000 73b17df4 93bb370e: going to reseed nonblocking with 128 bits (128 of 0 requested)
[    6.306420] random 0000 0000 0000 73b17df4 93bb370e: extract_entropy(.. 16 ..)
[    6.306422] random 0000 0000 0000 73b17df4 93bb370e: trying to extract 128 bits from input
[    6.306424] random 0000 0000 0000 73b17df4 93bb370e: debiting 0 entropy credits from input
[    6.306426] random 0000 0000 0000 73b17df4 93bb370e: extract_entropy account returned: 0 
[    6.306430] random 0000 0000 0000 73b17df4 93bb370e: urand_change_num 92 xfer_secondary_pool(16): pool_sig fffffbf1, data_sig 00000000, bytes_mixed 0 73b17df4 93bb370e
[    6.306432] random 0000 0000 0000 73b17df4 93bb370e: trying to extract 128 bits from nonblocking
[    6.306435] random 0000 0000 0000 73b17df4 93bb370e: debiting 128 entropy credits from nonblocking (unlimited)
[    6.306437] random 0000 0000 0000 73b17df4 93bb370e: extract_entropy account returned: 16 
[    6.306441] random 0000 0000 0000 73b17df4 93bb370e: urand_change_num 93 extract_buf: pool_sig fffffbf1, data_sig ffffff99, bytes_mixed 20 73b17df4 93bb370e
[    6.306446] random 0000 0000 0000 73b17df4 93bb370e: urand_change_num 94 extract_buf: pool_sig fffffe1d, data_sig 000000b0, bytes_mixed 20 73b17df4 93bb370e
[    6.306850] random 0000 0000 0000 0cd682bb ba04da9f: rand_read_num 27 get_random_bytes(16): sig fffffccb 0cd682bb ba04da9f
[    6.306853] random 0000 0000 0000 0cd682bb ba04da9f: extract_entropy(.. 16 ..)
[    6.306856] random 0000 0000 0000 0cd682bb ba04da9f: going to reseed nonblocking with 128 bits (128 of 0 requested)
[    6.306858] random 0000 0000 0000 0cd682bb ba04da9f: extract_entropy(.. 16 ..)
[    6.306860] random 0000 0000 0000 0cd682bb ba04da9f: trying to extract 128 bits from input
[    6.306862] random 0000 0000 0000 0cd682bb ba04da9f: debiting 0 entropy credits from input
[    6.306864] random 0000 0000 0000 0cd682bb ba04da9f: extract_entropy account returned: 0 
[    6.306867] random 0000 0000 0000 0cd682bb ba04da9f: urand_change_num 95 xfer_secondary_pool(16): pool_sig fffffccb, data_sig 00000000, bytes_mixed 0 0cd682bb ba04da9f
[    6.306870] random 0000 0000 0000 0cd682bb ba04da9f: trying to extract 128 bits from nonblocking
[    6.306873] random 0000 0000 0000 0cd682bb ba04da9f: debiting 128 entropy credits from nonblocking (unlimited)
[    6.306875] random 0000 0000 0000 0cd682bb ba04da9f: extract_entropy account returned: 16 
[    6.306879] random 0000 0000 0000 0cd682bb ba04da9f: urand_change_num 96 extract_buf: pool_sig fffffccb, data_sig fffffec5, bytes_mixed 20 0cd682bb ba04da9f
[    6.306884] random 0000 0000 0000 26929f1a 15254dc1: urand_change_num 97 extract_buf: pool_sig fffffed2, data_sig ffffffb1, bytes_mixed 20 26929f1a 15254dc1
[    6.307761] random 0000 0000 0000 26929f1a 15254dc1: rand_read_num 28 get_random_bytes(16): sig 00000038 26929f1a 15254dc1
[    6.307764] random 0000 0000 0000 26929f1a 15254dc1: extract_entropy(.. 16 ..)
[    6.307767] random 0000 0000 0000 26929f1a 15254dc1: going to reseed nonblocking with 128 bits (128 of 0 requested)
[    6.307769] random 0000 0000 0000 26929f1a 15254dc1: extract_entropy(.. 16 ..)
[    6.307771] random 0000 0000 0000 26929f1a 15254dc1: trying to extract 128 bits from input
[    6.307773] random 0000 0000 0000 26929f1a 15254dc1: debiting 0 entropy credits from input
[    6.307775] random 0000 0000 0000 26929f1a 15254dc1: extract_entropy account returned: 0 
[    6.307778] random 0000 0000 0000 26929f1a 15254dc1: urand_change_num 98 xfer_secondary_pool(16): pool_sig 00000038, data_sig 00000000, bytes_mixed 0 26929f1a 15254dc1
[    6.307781] random 0000 0000 0000 26929f1a 15254dc1: trying to extract 128 bits from nonblocking
[    6.307784] random 0000 0000 0000 26929f1a 15254dc1: debiting 128 entropy credits from nonblocking (unlimited)
[    6.307786] random 0000 0000 0000 26929f1a 15254dc1: extract_entropy account returned: 16 
[    6.307790] random 0000 0000 0000 26929f1a 15254dc1: urand_change_num 99 extract_buf: pool_sig 00000038, data_sig 000000fd, bytes_mixed 20 26929f1a 15254dc1
[    6.307795] random 0000 0000 0000 8116fe3b 478c2d5b: urand_change_num 100 extract_buf: pool_sig 00000059, data_sig 00000310, bytes_mixed 20 8116fe3b 478c2d5b
[    6.314431] random 0000 0000 0000 a20f4a3a 32a6b2fa: rand_read_num 29 get_random_bytes(16): sig 000002c0 a20f4a3a 32a6b2fa
[    6.314434] random 0000 0000 0000 a20f4a3a 32a6b2fa: extract_entropy(.. 16 ..)
[    6.314437] random 0000 0000 0000 a20f4a3a 32a6b2fa: going to reseed nonblocking with 128 bits (128 of 0 requested)
[    6.314439] random 0000 0000 0000 a20f4a3a 32a6b2fa: extract_entropy(.. 16 ..)
[    6.314441] random 0000 0000 0000 a20f4a3a 32a6b2fa: trying to extract 128 bits from input
[    6.314443] random 0000 0000 0000 a20f4a3a 32a6b2fa: debiting 0 entropy credits from input
[    6.314445] random 0000 0000 0000 a20f4a3a 32a6b2fa: extract_entropy account returned: 0 
[    6.314448] random 0000 0000 0000 a20f4a3a 32a6b2fa: urand_change_num 101 xfer_secondary_pool(16): pool_sig 000002c0, data_sig 00000000, bytes_mixed 0 a20f4a3a 32a6b2fa
[    6.314451] random 0000 0000 0000 a20f4a3a 32a6b2fa: trying to extract 128 bits from nonblocking
[    6.314453] random 0000 0000 0000 a20f4a3a 32a6b2fa: debiting 128 entropy credits from nonblocking (unlimited)
[    6.314455] random 0000 0000 0000 a20f4a3a 32a6b2fa: extract_entropy account returned: 16 
[    6.314459] random 0000 0000 0000 a20f4a3a 32a6b2fa: urand_change_num 102 extract_buf: pool_sig 000002c0, data_sig 000000fb, bytes_mixed 20 a20f4a3a 32a6b2fa
[    6.314465] random 0000 0000 0000 a20f4a3a 32a6b2fa: urand_change_num 103 extract_buf: pool_sig ffffffdd, data_sig 000000a5, bytes_mixed 20 a20f4a3a 32a6b2fa
[    6.326967] random 0000 0000 0000 de716d2a 6c4757e1: rand_read_num 30 get_random_bytes(16): sig 000000fa de716d2a 6c4757e1
[    6.326970] random 0000 0000 0000 de716d2a 6c4757e1: extract_entropy(.. 16 ..)
[    6.326972] random 0000 0000 0000 de716d2a 6c4757e1: going to reseed nonblocking with 128 bits (128 of 0 requested)
[    6.326975] random 0000 0000 0000 de716d2a 6c4757e1: extract_entropy(.. 16 ..)
[    6.326977] random 0000 0000 0000 de716d2a 6c4757e1: trying to extract 128 bits from input
[    6.326979] random 0000 0000 0000 de716d2a 6c4757e1: debiting 0 entropy credits from input
[    6.326981] random 0000 0000 0000 de716d2a 6c4757e1: extract_entropy account returned: 0 
[    6.326984] random 0000 0000 0000 de716d2a 6c4757e1: urand_change_num 104 xfer_secondary_pool(16): pool_sig 000000fa, data_sig 00000000, bytes_mixed 0 de716d2a 6c4757e1
[    6.326987] random 0000 0000 0000 de716d2a 6c4757e1: trying to extract 128 bits from nonblocking
[    6.326989] random 0000 0000 0000 de716d2a 6c4757e1: debiting 128 entropy credits from nonblocking (unlimited)
[    6.326991] random 0000 0000 0000 de716d2a 6c4757e1: extract_entropy account returned: 16 
[    6.326995] random 0000 0000 0000 de716d2a 6c4757e1: urand_change_num 105 extract_buf: pool_sig 000000fa, data_sig ffffff34, bytes_mixed 20 de716d2a 6c4757e1
[    6.327001] random 0000 0000 0000 de716d2a 6c4757e1: urand_change_num 106 extract_buf: pool_sig 000003d3, data_sig ffffff30, bytes_mixed 20 de716d2a 6c4757e1
[    6.327591] random 0000 0000 0000 a7c511e1 f90ea457: rand_read_num 31 get_random_bytes(16): sig 0000009a a7c511e1 f90ea457
[    6.327594] random 0000 0000 0000 a7c511e1 f90ea457: extract_entropy(.. 16 ..)
[    6.327597] random 0000 0000 0000 a7c511e1 f90ea457: going to reseed nonblocking with 128 bits (128 of 0 requested)
[    6.327599] random 0000 0000 0000 a7c511e1 f90ea457: extract_entropy(.. 16 ..)
[    6.327601] random 0000 0000 0000 a7c511e1 f90ea457: trying to extract 128 bits from input
[    6.327603] random 0000 0000 0000 a7c511e1 f90ea457: debiting 0 entropy credits from input
[    6.327605] random 0000 0000 0000 a7c511e1 f90ea457: extract_entropy account returned: 0 
[    6.327608] random 0000 0000 0000 a7c511e1 f90ea457: urand_change_num 107 xfer_secondary_pool(16): pool_sig 0000009a, data_sig 00000000, bytes_mixed 0 a7c511e1 f90ea457
[    6.327611] random 0000 0000 0000 a7c511e1 f90ea457: trying to extract 128 bits from nonblocking
[    6.327614] random 0000 0000 0000 a7c511e1 f90ea457: debiting 128 entropy credits from nonblocking (unlimited)
[    6.327616] random 0000 0000 0000 a7c511e1 f90ea457: extract_entropy account returned: 16 
[    6.327620] random 0000 0000 0000 a7c511e1 f90ea457: urand_change_num 108 extract_buf: pool_sig 0000009a, data_sig 000000e0, bytes_mixed 20 a7c511e1 f90ea457
[    6.327625] random 0000 0000 0000 7c18c7e6 d65ccb06: urand_change_num 109 extract_buf: pool_sig fffffa79, data_sig 000000e0, bytes_mixed 20 7c18c7e6 d65ccb06
[    6.328205] random 0000 0000 0000 7c18c7e6 d65ccb06: rand_read_num 32 get_random_bytes(16): sig fffffe1e 7c18c7e6 d65ccb06
[    6.328208] random 0000 0000 0000 7c18c7e6 d65ccb06: extract_entropy(.. 16 ..)
[    6.328210] random 0000 0000 0000 7c18c7e6 d65ccb06: going to reseed nonblocking with 128 bits (128 of 0 requested)
[    6.328213] random 0000 0000 0000 7c18c7e6 d65ccb06: extract_entropy(.. 16 ..)
[    6.328215] random 0000 0000 0000 7c18c7e6 d65ccb06: trying to extract 128 bits from input
[    6.328217] random 0000 0000 0000 7c18c7e6 d65ccb06: debiting 0 entropy credits from input
[    6.328219] random 0000 0000 0000 7c18c7e6 d65ccb06: extract_entropy account returned: 0 
[    6.328222] random 0000 0000 0000 7c18c7e6 d65ccb06: urand_change_num 110 xfer_secondary_pool(16): pool_sig fffffe1e, data_sig 00000000, bytes_mixed 0 7c18c7e6 d65ccb06
[    6.328225] random 0000 0000 0000 7c18c7e6 d65ccb06: trying to extract 128 bits from nonblocking
[    6.328227] random 0000 0000 0000 7c18c7e6 d65ccb06: debiting 128 entropy credits from nonblocking (unlimited)
[    6.328229] random 0000 0000 0000 7c18c7e6 d65ccb06: extract_entropy account returned: 16 
