[    0.000000] random 0000 0000 0000 00000000 00000000: rand_read_num 1 get_random_bytes(8): sig 00000000 00000000 00000000
[    0.000000] random 0000 0000 0000 00000000 00000000: extract_entropy(.. 8 ..)
[    0.000000] random 0000 0000 0000 00000000 00000000: going to reseed nonblocking with 64 bits (64 of 0 requested)
[    0.000000] random 0000 0000 0000 00000000 00000000: extract_entropy(.. 8 ..)
[    0.000000] random 0000 0000 0000 00000000 00000000: trying to extract 64 bits from input
[    0.000000] random 0000 0000 0000 00000000 00000000: debiting 0 entropy credits from input
[    0.000000] random 0000 0000 0000 00000000 00000000: extract_entropy account returned: 0 
[    0.000000] random 0000 0000 0000 00000000 00000000: urand_change_num 1 xfer_secondary_pool(8): pool_sig 00000000, data_sig 00000000, bytes_mixed 0 00000000 00000000
[    0.000000] random 0000 0000 0000 00000000 00000000: trying to extract 64 bits from nonblocking
[    0.000000] random 0000 0000 0000 00000000 00000000: debiting 64 entropy credits from nonblocking (unlimited)
[    0.000000] random 0000 0000 0000 00000000 00000000: extract_entropy account returned: 8 
[    0.000000] random 0000 0000 0000 00000000 00000000: urand_change_num 2 extract_buf: pool_sig 00000000, data_sig fffffff9, bytes_mixed 20 00000000 00000000
[    0.000000] Linux version 2.6.32.57 (dcashman@dcashman-02) (gcc version 4.3.3 (GCC) ) #3 Fri May 24 04:27:34 PDT 2013
[    0.000000] KERNEL supported cpus:
[    0.000000]   Intel GenuineIntel
[    0.000000]   AMD AuthenticAMD
[    0.000000]   NSC Geode by NSC
[    0.000000]   Cyrix CyrixInstead
[    0.000000]   Centaur CentaurHauls
[    0.000000]   Transmeta GenuineTMx86
[    0.000000]   Transmeta TransmetaCPU
[    0.000000]   UMC UMC UMC UMC
[    0.000000] BIOS-provided physical RAM map:
[    0.000000]  BIOS-e820: 0000000000000000 - 000000000009d800 (usable)
[    0.000000]  BIOS-e820: 000000000009d800 - 00000000000a0000 (reserved)
[    0.000000]  BIOS-e820: 00000000000d2000 - 00000000000d4000 (reserved)
[    0.000000]  BIOS-e820: 00000000000e0000 - 0000000000100000 (reserved)
[    0.000000]  BIOS-e820: 0000000000100000 - 000000003d6b0000 (usable)
[    0.000000]  BIOS-e820: 000000003d6b0000 - 000000003d6cc000 (ACPI data)
[    0.000000]  BIOS-e820: 000000003d6cc000 - 000000003d700000 (ACPI NVS)
[    0.000000]  BIOS-e820: 000000003d700000 - 000000003e000000 (reserved)
[    0.000000]  BIOS-e820: 00000000f0000000 - 00000000f4000000 (reserved)
[    0.000000]  BIOS-e820: 00000000fec00000 - 00000000fec10000 (reserved)
[    0.000000]  BIOS-e820: 00000000fed00000 - 00000000fed00400 (reserved)
[    0.000000]  BIOS-e820: 00000000fed14000 - 00000000fed1a000 (reserved)
[    0.000000]  BIOS-e820: 00000000fed1c000 - 00000000fed90000 (reserved)
[    0.000000]  BIOS-e820: 00000000fee00000 - 00000000fee01000 (reserved)
[    0.000000]  BIOS-e820: 00000000ff000000 - 0000000100000000 (reserved)
[    0.000000] DMI present.
[    0.000000] last_pfn = 0x3d6b0 max_arch_pfn = 0x100000
[    0.000000] MTRR default type: uncachable
[    0.000000] MTRR fixed ranges enabled:
[    0.000000]   00000-9FFFF write-back
[    0.000000]   A0000-BFFFF uncachable
[    0.000000]   C0000-CFFFF write-protect
[    0.000000]   D0000-DFFFF uncachable
[    0.000000]   E0000-FFFFF write-protect
[    0.000000] MTRR variable ranges enabled:
[    0.000000]   0 base 03E000000 mask FFE000000 uncachable
[    0.000000]   1 base 000000000 mask FC0000000 write-back
[    0.000000]   2 base 03D700000 mask FFFF00000 uncachable
[    0.000000]   3 base 03D800000 mask FFF800000 uncachable
[    0.000000]   4 disabled
[    0.000000]   5 disabled
[    0.000000]   6 disabled
[    0.000000]   7 disabled
[    0.000000] initial memory mapped : 0 - 02000000
[    0.000000] init_memory_mapping: 0000000000000000-00000000377fe000
[    0.000000]  0000000000 - 0000400000 page 4k
[    0.000000]  0000400000 - 0037400000 page 2M
[    0.000000]  0037400000 - 00377fe000 page 4k
[    0.000000] kernel direct mapping tables up to 377fe000 @ 7000-c000
[    0.000000] ACPI: RSDP 000f68d0 00024 (v02 LENOVO)
[    0.000000] ACPI: XSDT 3d6bb77f 00094 (v01 LENOVO TP-7L    00002170  LTP 00000000)
[    0.000000] ACPI: FACP 3d6bb900 000F4 (v03 LENOVO TP-7L    00002170 LNVO 00000001)
[    0.000000] ACPI Warning: 32/64X length mismatch in Gpe1Block: 0/32 (20090903/tbfadt-526)
[    0.000000] ACPI Warning: Optional field Gpe1Block has zero address or length: 000000000000102C/0 (20090903/tbfadt-557)
[    0.000000] ACPI: DSDT 3d6bbd1d 0FED1 (v01 LENOVO TP-7L    00002170 MSFT 03000000)
[    0.000000] ACPI: FACS 3d6e4000 00040
[    0.000000] ACPI: SSDT 3d6bbab4 00269 (v01 LENOVO TP-7L    00002170 MSFT 03000000)
[    0.000000] ACPI: ECDT 3d6cbbee 00052 (v01 LENOVO TP-7L    00002170 LNVO 00000001)
[    0.000000] ACPI: TCPA 3d6cbc40 00032 (v02 LENOVO TP-7L    00002170 LNVO 00000001)
[    0.000000] ACPI: APIC 3d6cbc72 00068 (v01 LENOVO TP-7L    00002170 LNVO 00000001)
[    0.000000] ACPI: MCFG 3d6cbcda 0003C (v01 LENOVO TP-7L    00002170 LNVO 00000001)
[    0.000000] ACPI: HPET 3d6cbd16 00038 (v01 LENOVO TP-7L    00002170 LNVO 00000001)
[    0.000000] ACPI: SLIC 3d6cbdf0 00176 (v01 LENOVO TP-7L    00002170  LTP 00000000)
[    0.000000] ACPI: BOOT 3d6cbf66 00028 (v01 LENOVO TP-7L    00002170  LTP 00000001)
[    0.000000] ACPI: ASF! 3d6cbf8e 00072 (v16 LENOVO TP-7L    00002170 PTL  00000001)
[    0.000000] ACPI: SSDT 3d6e26d9 0025F (v01 LENOVO TP-7L    00002170 INTL 20050513)
[    0.000000] ACPI: SSDT 3d6e2938 000A6 (v01 LENOVO TP-7L    00002170 INTL 20050513)
[    0.000000] ACPI: SSDT 3d6e29de 004F7 (v01 LENOVO TP-7L    00002170 INTL 20050513)
[    0.000000] ACPI: SSDT 3d6e2ed5 001D8 (v01 LENOVO TP-7L    00002170 INTL 20050513)
[    0.000000] ACPI: DMI detected: Lenovo ThinkPad R61
[    0.000000] ACPI: Added _OSI(Linux)
[    0.000000] ACPI: Local APIC address 0xfee00000
[    0.000000] 94MB HIGHMEM available.
[    0.000000] 887MB LOWMEM available.
[    0.000000]   mapped low ram: 0 - 377fe000
[    0.000000]   low ram: 0 - 377fe000
[    0.000000]   node 0 low ram: 00000000 - 377fe000
[    0.000000]   node 0 bootmap 00008000 - 0000ef00
[    0.000000] (6 early reservations) ==> bootmem [0000000000 - 00377fe000]
[    0.000000]   #0 [0000000000 - 0000001000]   BIOS data page ==> [0000000000 - 0000001000]
[    0.000000]   #1 [0001000000 - 0001bdc180]    TEXT DATA BSS ==> [0001000000 - 0001bdc180]
[    0.000000]   #2 [000009d800 - 0000100000]    BIOS reserved ==> [000009d800 - 0000100000]
[    0.000000]   #3 [0001bdd000 - 0001be516c]              BRK ==> [0001bdd000 - 0001be516c]
[    0.000000]   #4 [0000007000 - 0000008000]          PGTABLE ==> [0000007000 - 0000008000]
[    0.000000]   #5 [0000008000 - 000000f000]          BOOTMAP ==> [0000008000 - 000000f000]
[    0.000000] found SMP MP-table at [c00f6900] f6900
[    0.000000] Zone PFN ranges:
[    0.000000]   DMA      0x00000000 -> 0x00001000
[    0.000000]   Normal   0x00001000 -> 0x000377fe
[    0.000000]   HighMem  0x000377fe -> 0x0003d6b0
[    0.000000] Movable zone start PFN for each node
[    0.000000] early_node_map[2] active PFN ranges
[    0.000000]     0: 0x00000000 -> 0x0000009d
[    0.000000]     0: 0x00000100 -> 0x0003d6b0
[    0.000000] On node 0 totalpages: 251469
[    0.000000] free_area_init_node: node 0, pgdat c1901ea0, node_mem_map c1be7000
[    0.000000]   DMA zone: 32 pages used for memmap
[    0.000000]   DMA zone: 0 pages reserved
[    0.000000]   DMA zone: 3965 pages, LIFO batch:0
[    0.000000]   Normal zone: 1744 pages used for memmap
[    0.000000]   Normal zone: 221486 pages, LIFO batch:31
[    0.000000]   HighMem zone: 190 pages used for memmap
[    0.000000]   HighMem zone: 24052 pages, LIFO batch:3
[    0.000000] Using APIC driver default
[    0.000000] ACPI: PM-Timer IO Port: 0x1008
[    0.000000] ACPI: Local APIC address 0xfee00000
[    0.000000] ACPI: LAPIC (acpi_id[0x00] lapic_id[0x00] enabled)
[    0.000000] ACPI: LAPIC (acpi_id[0x01] lapic_id[0x01] enabled)
[    0.000000] ACPI: NR_CPUS/possible_cpus limit of 1 reached.  Processor 1/0x1 ignored.
[    0.000000] ACPI: LAPIC_NMI (acpi_id[0x00] high edge lint[0x1])
[    0.000000] ACPI: LAPIC_NMI (acpi_id[0x01] high edge lint[0x1])
[    0.000000] ACPI: IOAPIC (id[0x01] address[0xfec00000] gsi_base[0])
[    0.000000] IOAPIC[0]: apic_id 1, version 32, address 0xfec00000, GSI 0-23
[    0.000000] ACPI: INT_SRC_OVR (bus 0 bus_irq 0 global_irq 2 dfl dfl)
[    0.000000] ACPI: INT_SRC_OVR (bus 0 bus_irq 9 global_irq 9 high level)
[    0.000000] ACPI: IRQ0 used by override.
[    0.000000] ACPI: IRQ2 used by override.
[    0.000000] ACPI: IRQ9 used by override.
[    0.000000] Using ACPI (MADT) for SMP configuration information
[    0.000000] ACPI: HPET id: 0x8086a201 base: 0xfed00000
[    0.000000] nr_irqs_gsi: 24
[    0.000000] PM: Registered nosave memory: 000000000009d000 - 000000000009e000
[    0.000000] PM: Registered nosave memory: 000000000009e000 - 00000000000a0000
[    0.000000] PM: Registered nosave memory: 00000000000a0000 - 00000000000d2000
[    0.000000] PM: Registered nosave memory: 00000000000d2000 - 00000000000d4000
[    0.000000] PM: Registered nosave memory: 00000000000d4000 - 00000000000e0000
[    0.000000] PM: Registered nosave memory: 00000000000e0000 - 0000000000100000
[    0.000000] Allocating PCI resources starting at 3e000000 (gap: 3e000000:b2000000)
[    0.000000] Built 1 zonelists in Zone order, mobility grouping on.  Total pages: 249503
[    0.000000] Kernel command line: auto BOOT_IMAGE=Linux ro root=802 vt.default_utf8=0 maxcpus=0
[    0.000000] PID hash table entries: 4096 (order: 2, 16384 bytes)
[    0.000000] Dentry cache hash table entries: 131072 (order: 7, 524288 bytes)
[    0.000000] Inode-cache hash table entries: 65536 (order: 6, 262144 bytes)
[    0.000000] Enabling fast FPU save and restore... done.
[    0.000000] Enabling unmasked SIMD FPU exception support... done.
[    0.000000] Initializing CPU#0
[    0.000000] Initializing HighMem for node 0 (000377fe:0003d6b0)
[    0.000000] Memory: 984800k/1006272k available (6914k kernel code, 20876k reserved, 2328k data, 448k init, 96968k highmem)
[    0.000000] virtual kernel memory layout:
[    0.000000]     fixmap  : 0xfffa3000 - 0xfffff000   ( 368 kB)
[    0.000000]     pkmap   : 0xff800000 - 0xffc00000   (4096 kB)
[    0.000000]     vmalloc : 0xf7ffe000 - 0xff7fe000   ( 120 MB)
[    0.000000]     lowmem  : 0xc0000000 - 0xf77fe000   ( 887 MB)
[    0.000000]       .init : 0xc1907000 - 0xc1977000   ( 448 kB)
[    0.000000]       .data : 0xc16c0b5f - 0xc1906c64   (2328 kB)
[    0.000000]       .text : 0xc1000000 - 0xc16c0b5f   (6914 kB)
[    0.000000] Checking if this processor honours the WP bit even in supervisor mode...Ok.
[    0.000000] SLUB: Genslabs=13, HWalign=64, Order=0-3, MinObjects=0, CPUs=1, Nodes=1
[    0.000000] Hierarchical RCU implementation.
[    0.000000] NR_IRQS:288
[    0.000000] Extended CMOS year: 2000
[    0.000000] Console: colour VGA+ 80x25
[    0.000000] console [tty0] enabled
[    0.000000] hpet clockevent registered
[    0.000000] Fast TSC calibration using PIT
[    0.000000] Detected 2094.565 MHz processor.
[    0.001001] Calibrating delay loop (skipped), value calculated using timer frequency.. 4189.13 BogoMIPS (lpj=2094565)
[    0.001172] Security Framework initialized
[    0.001259] Mount-cache hash table entries: 512
[    0.001405] CPU: L1 I cache: 32K, L1 D cache: 32K
[    0.001534] CPU: L2 cache: 3072K
[    0.001611] mce: CPU supports 6 MCE banks
[    0.001697] CPU0: Thermal monitoring enabled (TM2)
[    0.002003] using mwait in idle threads.
[    0.002087] CPU: Intel(R) Core(TM)2 Duo CPU     T8100  @ 2.10GHz stepping 06
[    0.002271] Checking 'hlt' instruction... OK.
[    0.006939] ACPI: Core revision 20090903
[    0.026014] CANARY value: 85d53127 for PID: 1
[    0.026045] Enabling APIC mode:  Flat.  Using 1 I/O APICs
[    0.026503] ..TIMER: vector=0x30 apic1=0 pin1=2 apic2=-1 pin2=-1
[    0.037997] xor: automatically using best checksumming function: pIII_sse
[    0.041998]    pIII_sse  :  8568.000 MB/sec
[    0.042089] xor: using function: pIII_sse (8568.000 MB/sec)
[    0.042178] RANDOM - __seed init called.
[    0.042179] RANDOM - __seed init called.
[    0.042180] RANDOM - __seed init called.
[    0.042182] RANDOM - __random32 called. Change num 1.  Value: f7943846	49e73df3	af36cd0d
[    0.042184] RANDOM - __random32 called. Change num 2.  Value: 43846e13	9e73df37	9a1ad014
[    0.042185] RANDOM - __random32 called. Change num 3.  Value: 46e139c8	e73df373	a029598a
[    0.042187] RANDOM - __random32 called. Change num 4.  Value: 139c8c3b	73df373d	b3142c72
[    0.042189] RANDOM - __random32 called. Change num 5.  Value: c8c3b043	3df373de	58e576a9
[    0.042190] RANDOM - __random32 called. Change num 6.  Value: 3b0437d9	df373de5	ed53f9d8
[    0.042192] RANDOM - random32 init called.  Value: 3b0437d9	df373de5	ed53f9d8
[    0.042209] NET: Registered protocol family 16
[    0.042480] ACPI FADT declares the system doesn't support PCIe ASPM, so disable it
[    0.042601] ACPI: bus type pci registered
[    0.042776] PCI: MCFG configuration 0: base f0000000 segment 0 buses 0 - 63
[    0.042873] PCI: MCFG area at f0000000 reserved in E820
[    0.042962] PCI: Using MMCONFIG for extended config space
[    0.043002] PCI: Using configuration type 1 for base access
[    0.046180] bio: create slab <bio-0> at 0
[    0.046993] ACPI: EC: EC description table is found, configuring boot EC
[    0.052145] ACPI: BIOS _OSI(Linux) query honored via DMI
[    0.052870] random 0000 0000 0000 00000000 00000000: rand_read_num 2 get_random_bytes(8): sig fffffe1a 00000000 00000000
[    0.052873] random 0000 0000 0000 00000000 00000000: extract_entropy(.. 8 ..)
[    0.052876] random 0000 0000 0000 00000000 00000000: going to reseed nonblocking with 64 bits (64 of 0 requested)
[    0.052878] random 0000 0000 0000 00000000 00000000: extract_entropy(.. 8 ..)
[    0.052880] random 0000 0000 0000 00000000 00000000: trying to extract 64 bits from input
[    0.052882] random 0000 0000 0000 00000000 00000000: debiting 0 entropy credits from input
[    0.052884] random 0000 0000 0000 00000000 00000000: extract_entropy account returned: 0 
[    0.052915] random 0000 0000 0000 00000000 00000000: urand_change_num 3 xfer_secondary_pool(8): pool_sig fffffe1a, data_sig 00000000, bytes_mixed 0 00000000 00000000
[    0.052918] random 0000 0000 0000 00000000 00000000: trying to extract 64 bits from nonblocking
[    0.052921] random 0000 0000 0000 00000000 00000000: debiting 64 entropy credits from nonblocking (unlimited)
[    0.052923] random 0000 0000 0000 00000000 00000000: extract_entropy account returned: 8 
[    0.052927] random 0000 0000 0000 00000000 00000000: urand_change_num 4 extract_buf: pool_sig fffffe1a, data_sig fffffed7, bytes_mixed 20 00000000 00000000
[    0.058729] ACPI: Interpreter enabled
[    0.058819] ACPI: (supports S0 S3 S4 S5)
[    0.059245] ACPI: Using IOAPIC for interrupt routing
[    0.069033] ACPI: EC: GPE = 0x12, I/O: command/status = 0x66, data = 0x62
[    0.069326] ACPI: Power Resource [PUBS] (on)
[    0.071436] ACPI: ACPI Dock Station Driver: 3 docks/bays found
[    0.071847] ACPI: PCI Root Bridge [PCI0] (0000:00)
[    0.072032] pci 0000:00:02.0: reg 10 64bit mmio: [0xf8100000-0xf81fffff]
[    0.072037] pci 0000:00:02.0: reg 18 64bit mmio pref: [0xe0000000-0xefffffff]
[    0.072041] pci 0000:00:02.0: reg 20 io port: [0x1800-0x1807]
[    0.072076] pci 0000:00:02.1: reg 10 64bit mmio: [0xf8200000-0xf82fffff]
[    0.072178] pci 0000:00:19.0: reg 10 32bit mmio: [0xfe000000-0xfe01ffff]
[    0.072187] pci 0000:00:19.0: reg 14 32bit mmio: [0xfe025000-0xfe025fff]
[    0.072196] pci 0000:00:19.0: reg 18 io port: [0x1840-0x185f]
[    0.072262] pci 0000:00:19.0: PME# supported from D0 D3hot D3cold
[    0.072357] pci 0000:00:19.0: PME# disabled
[    0.072502] pci 0000:00:1a.0: reg 20 io port: [0x1860-0x187f]
[    0.072576] pci 0000:00:1a.1: reg 20 io port: [0x1880-0x189f]
[    0.072654] pci 0000:00:1a.7: reg 10 32bit mmio: [0xfe226c00-0xfe226fff]
[    0.072741] pci 0000:00:1a.7: PME# supported from D0 D3hot D3cold
[    0.072840] pci 0000:00:1a.7: PME# disabled
[    0.072986] pci 0000:00:1b.0: reg 10 64bit mmio: [0xfe020000-0xfe023fff]
[    0.073070] pci 0000:00:1b.0: PME# supported from D0 D3hot D3cold
[    0.073168] pci 0000:00:1b.0: PME# disabled
[    0.073374] pci 0000:00:1c.0: PME# supported from D0 D3hot D3cold
[    0.073483] pci 0000:00:1c.0: PME# disabled
[    0.073689] pci 0000:00:1c.1: PME# supported from D0 D3hot D3cold
[    0.073783] pci 0000:00:1c.1: PME# disabled
[    0.073982] pci 0000:00:1c.2: PME# supported from D0 D3hot D3cold
[    0.073999] pci 0000:00:1c.2: PME# disabled
[    0.074197] pci 0000:00:1c.3: PME# supported from D0 D3hot D3cold
[    0.074298] pci 0000:00:1c.3: PME# disabled
[    0.075111] pci 0000:00:1c.4: PME# supported from D0 D3hot D3cold
[    0.075205] pci 0000:00:1c.4: PME# disabled
[    0.075371] pci 0000:00:1d.0: reg 20 io port: [0x18a0-0x18bf]
[    0.075448] pci 0000:00:1d.1: reg 20 io port: [0x18c0-0x18df]
[    0.075529] pci 0000:00:1d.2: reg 20 io port: [0x18e0-0x18ff]
[    0.075622] pci 0000:00:1d.7: reg 10 32bit mmio: [0xfe227000-0xfe2273ff]
[    0.075715] pci 0000:00:1d.7: PME# supported from D0 D3hot D3cold
[    0.075813] pci 0000:00:1d.7: PME# disabled
[    0.076210] pci 0000:00:1f.0: quirk: region 1000-107f claimed by ICH6 ACPI/GPIO/TCO
[    0.076348] pci 0000:00:1f.0: quirk: region 1180-11bf claimed by ICH6 GPIO
[    0.076452] pci 0000:00:1f.0: ICH7 LPC Generic IO decode 1 PIO at 1600 (mask 007f)
[    0.076574] pci 0000:00:1f.0: ICH7 LPC Generic IO decode 2 PIO at 15e0 (mask 000f)
[    0.076706] pci 0000:00:1f.0: ICH7 LPC Generic IO decode 3 PIO at 1680 (mask 001f)
[    0.076914] pci 0000:00:1f.1: reg 10 io port: [0x00-0x07]
[    0.076924] pci 0000:00:1f.1: reg 14 io port: [0x00-0x03]
[    0.076994] pci 0000:00:1f.1: reg 18 io port: [0x00-0x07]
[    0.077002] pci 0000:00:1f.1: reg 1c io port: [0x00-0x03]
[    0.077010] pci 0000:00:1f.1: reg 20 io port: [0x1c00-0x1c0f]
[    0.077087] pci 0000:00:1f.2: reg 10 io port: [0x1c50-0x1c57]
[    0.077096] pci 0000:00:1f.2: reg 14 io port: [0x1c44-0x1c47]
[    0.077105] pci 0000:00:1f.2: reg 18 io port: [0x1c48-0x1c4f]
[    0.077114] pci 0000:00:1f.2: reg 1c io port: [0x1c40-0x1c43]
[    0.077122] pci 0000:00:1f.2: reg 20 io port: [0x1c20-0x1c3f]
[    0.077130] pci 0000:00:1f.2: reg 24 32bit mmio: [0xfe226000-0xfe2267ff]
[    0.077191] pci 0000:00:1f.2: PME# supported from D3hot
[    0.077291] pci 0000:00:1f.2: PME# disabled
[    0.077431] pci 0000:00:1f.3: reg 10 32bit mmio: [0xfe227400-0xfe2274ff]
[    0.077455] pci 0000:00:1f.3: reg 20 io port: [0x1c60-0x1c7f]
[    0.077544] pci 0000:00:1c.0: bridge io port: [0x2000-0x2fff]
[    0.077550] pci 0000:00:1c.0: bridge 32bit mmio: [0xfc000000-0xfdffffff]
[    0.077557] pci 0000:00:1c.0: bridge 64bit mmio pref: [0xf8000000-0xf80fffff]
[    0.077631] pci 0000:03:00.0: reg 10 64bit mmio: [0xdf3f0000-0xdf3fffff]
[    0.077826] pci 0000:00:1c.1: bridge io port: [0x3000-0x3fff]
[    0.077832] pci 0000:00:1c.1: bridge 32bit mmio: [0xdc000000-0xdf3fffff]
[    0.077841] pci 0000:00:1c.1: bridge 64bit mmio pref: [0xdfe00000-0xdfefffff]
[    0.077895] pci 0000:00:1c.2: bridge io port: [0x4000-0x4fff]
[    0.077902] pci 0000:00:1c.2: bridge 32bit mmio: [0xd8000000-0xd9ffffff]
[    0.077910] pci 0000:00:1c.2: bridge 64bit mmio pref: [0xdfb00000-0xdfbfffff]
[    0.077967] pci 0000:00:1c.3: bridge io port: [0x5000-0x5fff]
[    0.077974] pci 0000:00:1c.3: bridge 32bit mmio: [0xd4000000-0xd5ffffff]
[    0.077983] pci 0000:00:1c.3: bridge 64bit mmio pref: [0xdf800000-0xdf8fffff]
[    0.078044] pci 0000:00:1c.4: bridge io port: [0x6000-0x6fff]
[    0.078049] pci 0000:00:1c.4: bridge 32bit mmio: [0xd0000000-0xd1ffffff]
[    0.078059] pci 0000:00:1c.4: bridge 64bit mmio pref: [0xdf500000-0xdf5fffff]
[    0.078117] pci 0000:15:00.0: reg 10 32bit mmio: [0xf8300000-0xf8300fff]
[    0.078163] pci 0000:15:00.0: supports D1 D2
[    0.078165] pci 0000:15:00.0: PME# supported from D0 D1 D2 D3hot D3cold
[    0.078263] pci 0000:15:00.0: PME# disabled
[    0.078415] pci 0000:15:00.1: reg 10 32bit mmio: [0xf8301000-0xf83017ff]
[    0.078514] pci 0000:15:00.1: supports D1 D2
[    0.078515] pci 0000:15:00.1: PME# supported from D0 D1 D2 D3hot D3cold
[    0.078611] pci 0000:15:00.1: PME# disabled
[    0.078796] pci 0000:00:1e.0: transparent bridge
[    0.078885] pci 0000:00:1e.0: bridge io port: [0x7000-0xafff]
[    0.078892] pci 0000:00:1e.0: bridge 32bit mmio: [0xf8300000-0xfbffffff]
[    0.078901] pci 0000:00:1e.0: bridge 64bit mmio pref: [0xf4000000-0xf7ffffff]
[    0.078965] pci_bus 0000:00: on NUMA node 0
[    0.078969] ACPI: PCI Interrupt Routing Table [\_SB_.PCI0._PRT]
[    0.079108] ACPI: PCI Interrupt Routing Table [\_SB_.PCI0.EXP0._PRT]
[    0.079167] ACPI: PCI Interrupt Routing Table [\_SB_.PCI0.EXP1._PRT]
[    0.079224] ACPI: PCI Interrupt Routing Table [\_SB_.PCI0.EXP2._PRT]
[    0.079282] ACPI: PCI Interrupt Routing Table [\_SB_.PCI0.EXP3._PRT]
[    0.079344] ACPI: PCI Interrupt Routing Table [\_SB_.PCI0.EXP4._PRT]
[    0.079406] ACPI: PCI Interrupt Routing Table [\_SB_.PCI0.PCI1._PRT]
[    0.084842] ACPI: PCI Interrupt Link [LNKA] (IRQs 3 4 5 6 7 9 *10 11)
[    0.085685] ACPI: PCI Interrupt Link [LNKB] (IRQs 3 4 5 6 7 9 10 *11)
[    0.086540] ACPI: PCI Interrupt Link [LNKC] (IRQs 3 4 5 6 7 9 10 *11)
[    0.087311] ACPI: PCI Interrupt Link [LNKD] (IRQs 3 4 5 6 7 9 10 *11)
[    0.088158] ACPI: PCI Interrupt Link [LNKE] (IRQs 3 4 5 6 7 9 10 *11)
[    0.088963] ACPI: PCI Interrupt Link [LNKF] (IRQs 3 4 5 6 7 9 10 *11)
[    0.089724] ACPI: PCI Interrupt Link [LNKG] (IRQs 3 4 5 6 7 9 10 *11)
[    0.090603] ACPI: PCI Interrupt Link [LNKH] (IRQs 3 4 5 6 7 9 10 *11)
[    0.091384] vgaarb: device added: PCI:0000:00:02.0,decodes=io+mem,owns=io+mem,locks=none
[    0.091516] vgaarb: loaded
[    0.091701] SCSI subsystem initialized
[    0.091797] libata version 3.00 loaded.
[    0.091846] usbcore: registered new interface driver usbfs
[    0.091970] usbcore: registered new interface driver hub
[    0.092015] usbcore: registered new device driver usb
[    0.109041] raid6: int32x1    941 MB/s
[    0.125989] raid6: int32x2    886 MB/s
[    0.143067] raid6: int32x4    750 MB/s
[    0.160076] raid6: int32x8    660 MB/s
[    0.176986] raid6: mmxx1     2878 MB/s
[    0.193982] raid6: mmxx2     3269 MB/s
[    0.210988] raid6: sse1x1    1937 MB/s
[    0.227978] raid6: sse1x2    2531 MB/s
[    0.244988] raid6: sse2x1    3515 MB/s
[    0.261985] raid6: sse2x2    3835 MB/s
[    0.262071] raid6: using algorithm sse2x2 (3835 MB/s)
[    0.262165] PCI: Using ACPI for IRQ routing
[    0.262471] HPET: 3 timers in total, 0 timers will be used for per-cpu timer
[    0.262982] Switching to clocksource tsc
[    0.263082] pnp: PnP ACPI init
[    0.263171] ACPI: bus type pnp registered
[    0.266823] pnp: PnP ACPI: found 11 devices
[    0.266926] ACPI: ACPI bus type pnp unregistered
[    0.267029] system 00:00: iomem range 0x0-0x9ffff could not be reserved
[    0.267120] system 00:00: iomem range 0xc0000-0xc3fff could not be reserved
[    0.267212] system 00:00: iomem range 0xc4000-0xc7fff could not be reserved
[    0.267302] system 00:00: iomem range 0xc8000-0xcbfff has been reserved
[    0.267392] system 00:00: iomem range 0xcc000-0xcffff has been reserved
[    0.267487] system 00:00: iomem range 0xd0000-0xd3fff could not be reserved
[    0.267579] system 00:00: iomem range 0xe0000-0xe3fff could not be reserved
[    0.267679] system 00:00: iomem range 0xe4000-0xe7fff could not be reserved
[    0.267771] system 00:00: iomem range 0xe8000-0xebfff could not be reserved
[    0.267871] system 00:00: iomem range 0xec000-0xeffff could not be reserved
[    0.267961] system 00:00: iomem range 0xf0000-0xfffff could not be reserved
[    0.268059] system 00:00: iomem range 0x100000-0x3dffffff could not be reserved
[    0.268183] system 00:00: iomem range 0xfec00000-0xfed3ffff could not be reserved
[    0.268310] system 00:00: iomem range 0xfed4c000-0xffffffff could not be reserved
[    0.268434] system 00:02: ioport range 0x164e-0x164f has been reserved
[    0.268533] system 00:02: ioport range 0x1000-0x107f has been reserved
[    0.268621] system 00:02: ioport range 0x1180-0x11bf has been reserved
[    0.268710] system 00:02: ioport range 0x800-0x80f has been reserved
[    0.268800] system 00:02: ioport range 0x15e0-0x15ef has been reserved
[    0.268904] system 00:02: ioport range 0x1600-0x165f could not be reserved
[    0.268995] system 00:02: iomem range 0xf0000000-0xf3ffffff has been reserved
[    0.269093] system 00:02: iomem range 0xfed1c000-0xfed1ffff has been reserved
[    0.269185] system 00:02: iomem range 0xfed14000-0xfed17fff has been reserved
[    0.269277] system 00:02: iomem range 0xfed18000-0xfed18fff has been reserved
[    0.269373] system 00:02: iomem range 0xfed19000-0xfed19fff has been reserved
[    0.269471] system 00:02: iomem range 0xfed45000-0xfed4bfff has been reserved
[    0.304522] pci 0000:00:1c.0: PCI bridge, secondary bus 0000:02
[    0.304622] pci 0000:00:1c.0:   IO window: 0x2000-0x2fff
[    0.304716] pci 0000:00:1c.0:   MEM window: 0xfc000000-0xfdffffff
[    0.304812] pci 0000:00:1c.0:   PREFETCH window: 0x000000f8000000-0x000000f80fffff
[    0.304941] pci 0000:00:1c.1: PCI bridge, secondary bus 0000:03
[    0.305042] pci 0000:00:1c.1:   IO window: 0x3000-0x3fff
[    0.305142] pci 0000:00:1c.1:   MEM window: 0xdc000000-0xdf3fffff
[    0.305241] pci 0000:00:1c.1:   PREFETCH window: 0x000000dfe00000-0x000000dfefffff
[    0.305367] pci 0000:00:1c.2: PCI bridge, secondary bus 0000:04
[    0.305468] pci 0000:00:1c.2:   IO window: 0x4000-0x4fff
[    0.305559] pci 0000:00:1c.2:   MEM window: 0xd8000000-0xd9ffffff
[    0.305657] pci 0000:00:1c.2:   PREFETCH window: 0x000000dfb00000-0x000000dfbfffff
[    0.305790] pci 0000:00:1c.3: PCI bridge, secondary bus 0000:05
[    0.305893] pci 0000:00:1c.3:   IO window: 0x5000-0x5fff
[    0.305996] pci 0000:00:1c.3:   MEM window: 0xd4000000-0xd5ffffff
[    0.306097] pci 0000:00:1c.3:   PREFETCH window: 0x000000df800000-0x000000df8fffff
[    0.306232] pci 0000:00:1c.4: PCI bridge, secondary bus 0000:0d
[    0.306324] pci 0000:00:1c.4:   IO window: 0x6000-0x6fff
[    0.306415] pci 0000:00:1c.4:   MEM window: 0xd0000000-0xd1ffffff
[    0.306522] pci 0000:00:1c.4:   PREFETCH window: 0x000000df500000-0x000000df5fffff
[    0.306648] pci 0000:15:00.0: CardBus bridge, secondary bus 0000:16
[    0.306736] pci 0000:15:00.0:   IO window: 0x007000-0x0070ff
[    0.306830] pci 0000:15:00.0:   IO window: 0x007400-0x0074ff
[    0.306925] pci 0000:15:00.0:   PREFETCH window: 0xf4000000-0xf7ffffff
[    0.307020] pci 0000:15:00.0:   MEM window: 0x40000000-0x43ffffff
[    0.307118] pci 0000:00:1e.0: PCI bridge, secondary bus 0000:15
[    0.307216] pci 0000:00:1e.0:   IO window: 0x7000-0xafff
[    0.307314] pci 0000:00:1e.0:   MEM window: 0xf8300000-0xfbffffff
[    0.307414] pci 0000:00:1e.0:   PREFETCH window: 0x000000f4000000-0x000000f7ffffff
[    0.307561] pci 0000:00:1c.0: PCI INT A -> GSI 20 (level, low) -> IRQ 20
[    0.307660] pci 0000:00:1c.0: setting latency timer to 64
[    0.307677] pci 0000:00:1c.1: PCI INT B -> GSI 21 (level, low) -> IRQ 21
[    0.307771] pci 0000:00:1c.1: setting latency timer to 64
[    0.307780] pci 0000:00:1c.2: PCI INT C -> GSI 22 (level, low) -> IRQ 22
[    0.307883] pci 0000:00:1c.2: setting latency timer to 64
[    0.307897] pci 0000:00:1c.3: PCI INT D -> GSI 23 (level, low) -> IRQ 23
[    0.307994] pci 0000:00:1c.3: setting latency timer to 64
[    0.308008] pci 0000:00:1c.4: PCI INT A -> GSI 20 (level, low) -> IRQ 20
[    0.308102] pci 0000:00:1c.4: setting latency timer to 64
[    0.308107] pci 0000:00:1e.0: enabling device (0005 -> 0007)
[    0.308201] pci 0000:00:1e.0: setting latency timer to 64
[    0.308213] pci 0000:15:00.0: PCI INT A -> GSI 16 (level, low) -> IRQ 16
[    0.308313] pci 0000:15:00.0: setting latency timer to 64
[    0.308319] pci_bus 0000:00: resource 0 io:  [0x00-0xffff]
[    0.308321] pci_bus 0000:00: resource 1 mem: [0x000000-0xffffffff]
[    0.308323] pci_bus 0000:02: resource 0 io:  [0x2000-0x2fff]
[    0.308324] pci_bus 0000:02: resource 1 mem: [0xfc000000-0xfdffffff]
[    0.308326] pci_bus 0000:02: resource 2 pref mem [0xf8000000-0xf80fffff]
[    0.308328] pci_bus 0000:03: resource 0 io:  [0x3000-0x3fff]
[    0.308330] pci_bus 0000:03: resource 1 mem: [0xdc000000-0xdf3fffff]
[    0.308332] pci_bus 0000:03: resource 2 pref mem [0xdfe00000-0xdfefffff]
[    0.308334] pci_bus 0000:04: resource 0 io:  [0x4000-0x4fff]
[    0.308335] pci_bus 0000:04: resource 1 mem: [0xd8000000-0xd9ffffff]
[    0.308337] pci_bus 0000:04: resource 2 pref mem [0xdfb00000-0xdfbfffff]
[    0.308339] pci_bus 0000:05: resource 0 io:  [0x5000-0x5fff]
[    0.308341] pci_bus 0000:05: resource 1 mem: [0xd4000000-0xd5ffffff]
[    0.308342] pci_bus 0000:05: resource 2 pref mem [0xdf800000-0xdf8fffff]
[    0.308344] pci_bus 0000:0d: resource 0 io:  [0x6000-0x6fff]
[    0.308346] pci_bus 0000:0d: resource 1 mem: [0xd0000000-0xd1ffffff]
[    0.308348] pci_bus 0000:0d: resource 2 pref mem [0xdf500000-0xdf5fffff]
[    0.308350] pci_bus 0000:15: resource 0 io:  [0x7000-0xafff]
[    0.308351] pci_bus 0000:15: resource 1 mem: [0xf8300000-0xfbffffff]
[    0.308353] pci_bus 0000:15: resource 2 pref mem [0xf4000000-0xf7ffffff]
[    0.308355] pci_bus 0000:15: resource 3 io:  [0x00-0xffff]
[    0.308357] pci_bus 0000:15: resource 4 mem: [0x000000-0xffffffff]
[    0.308358] pci_bus 0000:16: resource 0 io:  [0x7000-0x70ff]
[    0.308360] pci_bus 0000:16: resource 1 io:  [0x7400-0x74ff]
[    0.308362] pci_bus 0000:16: resource 2 pref mem [0xf4000000-0xf7ffffff]
[    0.308364] pci_bus 0000:16: resource 3 mem: [0x40000000-0x43ffffff]
[    0.308371] NET: Registered protocol family 2
[    0.308465] RANDOM - __random32 called. Change num 7.  Value: 437d97bf	f373de51	f3b0f986
[    0.308467] RANDOM - random32 called.  Value: 437d97bf	f373de51	f3b0f986
[    0.308471] random 0000 0000 0000 5f8db4e5 4cfdf2a8: rand_read_num 3 get_random_bytes(4): sig fffffb64 5f8db4e5 4cfdf2a8
[    0.308473] random 0000 0000 0000 5f8db4e5 4cfdf2a8: extract_entropy(.. 4 ..)
[    0.308476] random 0000 0000 0000 5f8db4e5 4cfdf2a8: going to reseed nonblocking with 64 bits (32 of 0 requested)
[    0.308478] random 0000 0000 0000 5f8db4e5 4cfdf2a8: extract_entropy(.. 8 ..)
[    0.308480] random 0000 0000 0000 5f8db4e5 4cfdf2a8: trying to extract 64 bits from input
[    0.308482] random 0000 0000 0000 5f8db4e5 4cfdf2a8: debiting 0 entropy credits from input
[    0.308484] random 0000 0000 0000 5f8db4e5 4cfdf2a8: extract_entropy account returned: 0 
[    0.308487] random 0000 0000 0000 5f8db4e5 4cfdf2a8: urand_change_num 5 xfer_secondary_pool(4): pool_sig fffffb64, data_sig 00000000, bytes_mixed 0 5f8db4e5 4cfdf2a8
[    0.308490] random 0000 0000 0000 5f8db4e5 4cfdf2a8: trying to extract 32 bits from nonblocking
[    0.308492] random 0000 0000 0000 5f8db4e5 4cfdf2a8: debiting 32 entropy credits from nonblocking (unlimited)
[    0.308494] random 0000 0000 0000 5f8db4e5 4cfdf2a8: extract_entropy account returned: 4 
[    0.308498] random 0000 0000 0000 5f8db4e5 4cfdf2a8: urand_change_num 6 extract_buf: pool_sig fffffb64, data_sig 00000241, bytes_mixed 20 5f8db4e5 4cfdf2a8
[    0.308508] IP route cache hash table entries: 32768 (order: 5, 131072 bytes)
[    0.308643] RANDOM - __random32 called. Change num 8.  Value: d97bfe31	373de51f	f30dc6e6
[    0.308644] RANDOM - random32 called.  Value: d97bfe31	373de51f	f30dc6e6
[    0.308655] RANDOM - __random32 called. Change num 9.  Value: bfe314d7	73de51f5	8dcd6c7e
[    0.308657] RANDOM - random32 called.  Value: bfe314d7	73de51f5	8dcd6c7e
[    0.308659] RANDOM - __random32 called. Change num 10.  Value: 314d7baf	3de51f5e	d8fc74c1
[    0.308660] RANDOM - random32 called.  Value: 314d7baf	3de51f5e	d8fc74c1
[    0.308671] RANDOM - __random32 called. Change num 11.  Value: d7baf3c7	de51f5e5	e983e3fa
[    0.308672] RANDOM - random32 called.  Value: d7baf3c7	de51f5e5	e983e3fa
[    0.308682] TCP established hash table entries: 131072 (order: 8, 1048576 bytes)
[    0.309184] TCP bind hash table entries: 65536 (order: 6, 262144 bytes)
[    0.309381] TCP: Hash tables configured (established 131072 bind 65536)
[    0.309469] TCP reno registered
[    0.309580] NET: Registered protocol family 1
[    0.309693] RPC: Registered udp transport module.
[    0.309781] RPC: Registered tcp transport module.
[    0.309886] RPC: Registered tcp NFSv4.1 backchannel transport module.
[    0.309988] pci 0000:00:02.0: Boot video device
[    0.310204] Simple Boot Flag at 0x35 set to 0x1
[    0.310719] highmem bounce pool size: 64 pages
[    0.312290] VFS: Disk quotas dquot_6.5.2
[    0.312412] Dquot-cache hash table entries: 1024 (order 0, 4096 bytes)
[    0.313099] NTFS driver 2.1.29 [Flags: R/W].
[    0.313269] ROMFS MTD (C) 2007 Red Hat, Inc.
[    0.313485] JFS: nTxBlock = 7695, nTxLock = 61562
[    0.315952] SGI XFS with ACLs, security attributes, large block/inode numbers, no debug enabled
[    0.316430] SGI XFS Quota Management subsystem
[    0.316717] Slow work thread pool: Starting up
[    0.316824] Slow work thread pool: Ready
[    0.316950] GFS2 (built May 24 2013 02:47:17) installed
[    0.317042] msgmni has been set to 1734
[    0.317205] alg: No test for cipher_null (cipher_null-generic)
[    0.317315] alg: No test for ecb(cipher_null) (ecb-cipher_null)
[    0.317416] alg: No test for digest_null (digest_null-generic)
[    0.317515] alg: No test for compress_null (compress_null-generic)
[    0.318098] alg: No test for fcrypt (fcrypt-generic)
[    0.319510] alg: No test for stdrng (krng)
[    0.319606] async_tx: api initialized (async)
[    0.319767] Block layer SCSI generic (bsg) driver version 0.4 loaded (major 254)
[    0.319908] io scheduler noop registered
[    0.319999] io scheduler anticipatory registered
[    0.320090] io scheduler deadline registered
[    0.320221] io scheduler cfq registered (default)
[    0.320455] pcieport 0000:00:1c.0: irq 24 for MSI/MSI-X
[    0.320470] pcieport 0000:00:1c.0: setting latency timer to 64
[    0.320652] pcieport 0000:00:1c.1: irq 25 for MSI/MSI-X
[    0.320664] pcieport 0000:00:1c.1: setting latency timer to 64
[    0.320839] pcieport 0000:00:1c.2: irq 26 for MSI/MSI-X
[    0.320851] pcieport 0000:00:1c.2: setting latency timer to 64
[    0.321042] pcieport 0000:00:1c.3: irq 27 for MSI/MSI-X
[    0.321053] pcieport 0000:00:1c.3: setting latency timer to 64
[    0.321230] pcieport 0000:00:1c.4: irq 28 for MSI/MSI-X
[    0.321241] pcieport 0000:00:1c.4: setting latency timer to 64
[    0.321385] pci_hotplug: PCI Hot Plug PCI Core version: 0.5
[    0.321581] isapnp: Scanning for PnP cards...
[    0.682108] isapnp: No Plug & Play device found
[    0.682201] random 0000 0000 0000 5f8db4e5 4cfdf2a8: initializing
[    0.701725] Serial: 8250/16550 driver, 4 ports, IRQ sharing enabled
[    3.712971] floppy0: no floppy controllers found
[    3.713918] brd: module loaded
[    3.714437] loop: module loaded
[    3.714527] Compaq SMART2 Driver (v 2.6.0)
[    3.714651] HP CISS Driver (v 3.6.20)
[    3.714894] input: Macintosh mouse button emulation as /devices/virtual/input/input0
[    3.715040] Uniform Multi-Platform E-IDE driver
[    3.715265] piix 0000:00:1f.1: IDE controller (0x8086:0x2850 rev 0x03)
[    3.715369] pci 0000:00:1f.1: PCI INT C -> GSI 16 (level, low) -> IRQ 16
[    3.715472] piix 0000:00:1f.1: IDE port disabled
[    3.715568] piix 0000:00:1f.1: not 100% native mode: will probe irqs later
[    3.715666]     ide0: BM-DMA at 0x1c00-0x1c07
[    3.715759] Probing IDE interface ide0...
[    4.387209] hda: HL-DT-ST DVDRAM GSA-U10N, ATAPI CD/DVD-ROM drive
[    4.694028] hda: host max PIO4 wanted PIO255(auto-tune) selected PIO4
[    4.694798] hda: UDMA/33 mode selected
[    4.695264] ide0 at 0x1f0-0x1f7,0x3f6 on irq 14
[    4.699179] ide-gd driver 1.18
[    4.699284] ide-cd driver 5.00
[    4.700674] ide-cd: hda: ATAPI 24X DVD-ROM DVD-R/RAM CD-R/RW drive, 2048kB Cache
[    4.701167] Uniform CD-ROM driver Revision: 3.20
[    4.708182] Loading iSCSI transport class v2.0-870.
[    4.708478] rdac: device handler registered
[    4.708565] hp_sw: device handler registered
[    4.708651] emc: device handler registered
[    4.708746] alua: device handler registered
[    4.709744] Adaptec aacraid driver 1.1-5[2461]-ms
[    4.710164] scsi: <fdomain> Detection failed (no card)
[    4.710259] sym53c416.c: Version 1.0.0-ac
[    4.710365] qlogicfas: no cards were found, please specify I/O address and IRQ using iobase= and irq= options
[    4.710492] QLogic Fibre Channel HBA Driver: 8.03.01-k6
[    4.710718] iscsi: registered transport (qla4xxx)
[    4.710828] QLogic iSCSI HBA Driver
[    4.710914] Emulex LightPulse Fibre Channel SCSI driver 8.3.4
[    4.711009] Copyright(c) 2004-2009 Emulex.  All rights reserved.
[    4.733017] Failed initialization of WD-7000 SCSI card!
[    4.822622] DC390: clustering now enabled by default. If you get problems load
[    4.822743]        with "disable_clustering=1" and report to maintainers
[    4.822879] megaraid cmm: 2.20.2.7 (Release Date: Sun Jul 16 00:01:03 EST 2006)
[    4.823035] megaraid: 2.20.5.1 (Release Date: Thu Nov 16 15:32:35 EST 2006)
[    4.823151] megasas: 00.00.04.01 Thu July 24 11:41:51 PST 2008
[    4.823283] GDT-HA: Storage RAID Controller Driver. Version: 3.05
[    4.823432] 3ware Storage Controller device driver for Linux v1.26.02.002.
[    4.823548] 3ware 9000 Storage Controller device driver for Linux v2.26.02.012.
[    4.823690] nsp32: loading...
[    4.823801] ipr: IBM Power RAID SCSI Device Driver version: 2.4.3 (June 10, 2009)
[    4.823944] RocketRAID 3xxx/4xxx Controller driver v1.6 (090910)
[    4.824059] stex: Promise SuperTrak EX Driver version: 4.6.0000.3
[    4.824196] st: Version 20081215, fixed bufsize 32768, s/g segs 256
[    4.824396] ahci 0000:00:1f.2: version 3.0
[    4.824416] ahci 0000:00:1f.2: PCI INT B -> GSI 16 (level, low) -> IRQ 16
[    4.824572] ahci 0000:00:1f.2: irq 29 for MSI/MSI-X
[    4.824630] ahci 0000:00:1f.2: AHCI 0001.0100 32 slots 3 ports 1.5 Gbps 0x5 impl SATA mode
[    4.824755] ahci 0000:00:1f.2: flags: 64bit ncq sntf pm led clo pio slum part ccc 
[    4.824887] ahci 0000:00:1f.2: setting latency timer to 64
[    4.825044] scsi2 : ahci
[    4.825200] scsi3 : ahci
[    4.825342] scsi4 : ahci
[    4.825512] ata1: SATA max UDMA/133 abar m2048@0xfe226000 port 0xfe226100 irq 29
[    4.825638] ata2: DUMMY
[    4.825724] ata3: SATA max UDMA/133 abar m2048@0xfe226000 port 0xfe226200 irq 29
[    4.826334] I2O subsystem v1.325
[    4.826421] i2o: max drivers = 8
[    4.826567] I2O Configuration OSM v1.323
[    4.826669] I2O Bus Adapter OSM v1.317
[    4.826777] I2O Block Device OSM v1.325
[    4.826930] I2O SCSI Peripheral OSM v1.316
[    4.827096] I2O ProcFS OSM v1.316
[    4.827208] Fusion MPT base driver 3.04.12
[    4.827294] Copyright (c) 1999-2008 LSI Corporation
[    4.827385] Fusion MPT SPI Host driver 3.04.12
[    4.827496] Fusion MPT FC Host driver 3.04.12
[    4.827608] Fusion MPT SAS Host driver 3.04.12
[    4.827757] ohci1394 0000:15:00.1: PCI INT B -> GSI 17 (level, low) -> IRQ 17
[    4.827864] ohci1394 0000:15:00.1: setting latency timer to 64
[    4.881040] ohci1394: fw-host0: OHCI-1394 1.1 (PCI): IRQ=[17]  MMIO=[f8301000-f83017ff]  Max Packet=[2048]  IR/IT contexts=[4/4]
[    4.884306] ehci_hcd: USB 2.0 'Enhanced' Host Controller (EHCI) Driver
[    4.884572] ehci_hcd 0000:00:1a.7: power state changed by ACPI to D0
[    4.884820] ehci_hcd 0000:00:1a.7: power state changed by ACPI to D0
[    4.884919] ehci_hcd 0000:00:1a.7: PCI INT C -> GSI 22 (level, low) -> IRQ 22
[    4.885027] ehci_hcd 0000:00:1a.7: setting latency timer to 64
[    4.885032] ehci_hcd 0000:00:1a.7: EHCI Host Controller
[    4.885171] ehci_hcd 0000:00:1a.7: new USB bus registered, assigned bus number 1
[    4.889222] ehci_hcd 0000:00:1a.7: cache line size of 32 is not supported
[    4.889231] ehci_hcd 0000:00:1a.7: irq 22, io mem 0xfe226c00
[    4.899004] ehci_hcd 0000:00:1a.7: USB 2.0 started, EHCI 1.00
[    4.899108] usb usb1: New USB device found, idVendor=1d6b, idProduct=0002
[    4.899202] usb usb1: New USB device strings: Mfr=3, Product=2, SerialNumber=1
[    4.899328] usb usb1: Product: EHCI Host Controller
[    4.899426] usb usb1: Manufacturer: Linux 2.6.32.57 ehci_hcd
[    4.899516] usb usb1: SerialNumber: 0000:00:1a.7
[    4.899670] usb usb1: configuration #1 chosen from 1 choice
[    4.899788] hub 1-0:1.0: USB hub found
[    4.899880] hub 1-0:1.0: 4 ports detected
[    4.900211] ehci_hcd 0000:00:1d.7: power state changed by ACPI to D0
[    4.900459] ehci_hcd 0000:00:1d.7: power state changed by ACPI to D0
[    4.900562] ehci_hcd 0000:00:1d.7: PCI INT D -> GSI 19 (level, low) -> IRQ 19
[    4.900666] ehci_hcd 0000:00:1d.7: setting latency timer to 64
[    4.900670] ehci_hcd 0000:00:1d.7: EHCI Host Controller
[    4.900803] ehci_hcd 0000:00:1d.7: new USB bus registered, assigned bus number 2
[    4.900957] ehci_hcd 0000:00:1d.7: debug port 1
[    4.904934] ehci_hcd 0000:00:1d.7: cache line size of 32 is not supported
[    4.904943] ehci_hcd 0000:00:1d.7: irq 19, io mem 0xfe227000
[    4.915005] ehci_hcd 0000:00:1d.7: USB 2.0 started, EHCI 1.00
[    4.915119] usb usb2: New USB device found, idVendor=1d6b, idProduct=0002
[    4.915214] usb usb2: New USB device strings: Mfr=3, Product=2, SerialNumber=1
[    4.915339] usb usb2: Product: EHCI Host Controller
[    4.915429] usb usb2: Manufacturer: Linux 2.6.32.57 ehci_hcd
[    4.915518] usb usb2: SerialNumber: 0000:00:1d.7
[    4.915661] usb usb2: configuration #1 chosen from 1 choice
[    4.915783] hub 2-0:1.0: USB hub found
[    4.915873] hub 2-0:1.0: 6 ports detected
[    4.916054] 116x: driver isp116x-hcd, 03 Nov 2005
[    4.916161] ohci_hcd: USB 1.1 'Open' Host Controller (OHCI) Driver
[    4.916274] uhci_hcd: USB Universal Host Controller Interface driver
[    4.916382] uhci_hcd 0000:00:1a.0: PCI INT A -> GSI 20 (level, low) -> IRQ 20
[    4.916486] uhci_hcd 0000:00:1a.0: setting latency timer to 64
[    4.916491] uhci_hcd 0000:00:1a.0: UHCI Host Controller
[    4.916621] uhci_hcd 0000:00:1a.0: new USB bus registered, assigned bus number 3
[    4.916776] uhci_hcd 0000:00:1a.0: irq 20, io base 0x00001860
[    4.916899] usb usb3: New USB device found, idVendor=1d6b, idProduct=0001
[    4.916993] usb usb3: New USB device strings: Mfr=3, Product=2, SerialNumber=1
[    4.917121] usb usb3: Product: UHCI Host Controller
[    4.917207] usb usb3: Manufacturer: Linux 2.6.32.57 uhci_hcd
[    4.917302] usb usb3: SerialNumber: 0000:00:1a.0
[    4.917451] usb usb3: configuration #1 chosen from 1 choice
[    4.917569] hub 3-0:1.0: USB hub found
[    4.917671] hub 3-0:1.0: 2 ports detected
[    4.917964] uhci_hcd 0000:00:1a.1: power state changed by ACPI to D0
[    4.918224] uhci_hcd 0000:00:1a.1: power state changed by ACPI to D0
[    4.918324] uhci_hcd 0000:00:1a.1: PCI INT B -> GSI 21 (level, low) -> IRQ 21
[    4.918423] uhci_hcd 0000:00:1a.1: setting latency timer to 64
[    4.918428] uhci_hcd 0000:00:1a.1: UHCI Host Controller
[    4.918572] uhci_hcd 0000:00:1a.1: new USB bus registered, assigned bus number 4
[    4.918721] uhci_hcd 0000:00:1a.1: irq 21, io base 0x00001880
[    4.918834] usb usb4: New USB device found, idVendor=1d6b, idProduct=0001
[    4.918929] usb usb4: New USB device strings: Mfr=3, Product=2, SerialNumber=1
[    4.919055] usb usb4: Product: UHCI Host Controller
[    4.919142] usb usb4: Manufacturer: Linux 2.6.32.57 uhci_hcd
[    4.919234] usb usb4: SerialNumber: 0000:00:1a.1
[    4.919370] usb usb4: configuration #1 chosen from 1 choice
[    4.919492] hub 4-0:1.0: USB hub found
[    4.919581] hub 4-0:1.0: 2 ports detected
[    4.919889] uhci_hcd 0000:00:1d.0: power state changed by ACPI to D0
[    4.920179] uhci_hcd 0000:00:1d.0: power state changed by ACPI to D0
[    4.920277] uhci_hcd 0000:00:1d.0: PCI INT A -> GSI 16 (level, low) -> IRQ 16
[    4.920389] uhci_hcd 0000:00:1d.0: setting latency timer to 64
[    4.920394] uhci_hcd 0000:00:1d.0: UHCI Host Controller
[    4.920525] uhci_hcd 0000:00:1d.0: new USB bus registered, assigned bus number 5
[    4.920686] uhci_hcd 0000:00:1d.0: irq 16, io base 0x000018a0
[    4.920800] usb usb5: New USB device found, idVendor=1d6b, idProduct=0001
[    4.920897] usb usb5: New USB device strings: Mfr=3, Product=2, SerialNumber=1
[    4.921034] usb usb5: Product: UHCI Host Controller
[    4.921124] usb usb5: Manufacturer: Linux 2.6.32.57 uhci_hcd
[    4.921222] usb usb5: SerialNumber: 0000:00:1d.0
[    4.921367] usb usb5: configuration #1 chosen from 1 choice
[    4.921494] hub 5-0:1.0: USB hub found
[    4.921584] hub 5-0:1.0: 2 ports detected
[    4.921725] uhci_hcd 0000:00:1d.1: PCI INT B -> GSI 17 (level, low) -> IRQ 17
[    4.921820] uhci_hcd 0000:00:1d.1: setting latency timer to 64
[    4.921823] uhci_hcd 0000:00:1d.1: UHCI Host Controller
[    4.921953] uhci_hcd 0000:00:1d.1: new USB bus registered, assigned bus number 6
[    4.922103] uhci_hcd 0000:00:1d.1: irq 17, io base 0x000018c0
[    4.922219] usb usb6: New USB device found, idVendor=1d6b, idProduct=0001
[    4.922317] usb usb6: New USB device strings: Mfr=3, Product=2, SerialNumber=1
[    4.922433] usb usb6: Product: UHCI Host Controller
[    4.922523] usb usb6: Manufacturer: Linux 2.6.32.57 uhci_hcd
[    4.922613] usb usb6: SerialNumber: 0000:00:1d.1
[    4.922744] usb usb6: configuration #1 chosen from 1 choice
[    4.922863] hub 6-0:1.0: USB hub found
[    4.922954] hub 6-0:1.0: 2 ports detected
[    4.923264] uhci_hcd 0000:00:1d.2: power state changed by ACPI to D0
[    4.923513] uhci_hcd 0000:00:1d.2: power state changed by ACPI to D0
[    4.923607] uhci_hcd 0000:00:1d.2: PCI INT C -> GSI 18 (level, low) -> IRQ 18
[    4.923701] uhci_hcd 0000:00:1d.2: setting latency timer to 64
[    4.923706] uhci_hcd 0000:00:1d.2: UHCI Host Controller
[    4.923833] uhci_hcd 0000:00:1d.2: new USB bus registered, assigned bus number 7
[    4.923987] uhci_hcd 0000:00:1d.2: irq 18, io base 0x000018e0
[    4.924114] usb usb7: New USB device found, idVendor=1d6b, idProduct=0001
[    4.924206] usb usb7: New USB device strings: Mfr=3, Product=2, SerialNumber=1
[    4.924327] usb usb7: Product: UHCI Host Controller
[    4.924419] usb usb7: Manufacturer: Linux 2.6.32.57 uhci_hcd
[    4.924516] usb usb7: SerialNumber: 0000:00:1d.2
[    4.925312] usb usb7: configuration #1 chosen from 1 choice
[    4.925428] hub 7-0:1.0: USB hub found
[    4.925522] hub 7-0:1.0: 2 ports detected
[    4.925678] sl811: driver sl811-hcd, 19 May 2005
[    4.925784] r8a66597_hcd: driver r8a66597_hcd, 2009-05-26
[    4.925958] Initializing USB Mass Storage driver...
[    4.926096] usbcore: registered new interface driver usb-storage
[    4.926193] USB Mass Storage support registered.
[    4.926301] usbcore: registered new interface driver ums-alauda
[    4.926409] usbcore: registered new interface driver ums-cypress
[    4.926518] usbcore: registered new interface driver ums-datafab
[    4.926642] usbcore: registered new interface driver ums-freecom
[    4.926751] usbcore: registered new interface driver ums-isd200
[    4.926857] usbcore: registered new interface driver ums-jumpshot
[    4.926975] usbcore: registered new interface driver ums-karma
[    4.927097] usbcore: registered new interface driver ums-onetouch
[    4.927214] usbcore: registered new interface driver ums-sddr09
[    4.927324] usbcore: registered new interface driver ums-sddr55
[    4.927432] usbcore: registered new interface driver ums-usbat
[    4.927577] PNP: PS/2 Controller [PNP0303:KBD,PNP0f13:MOU] at 0x60,0x64 irq 1,12
[    4.936228] serio: i8042 KBD port at 0x60,0x64 irq 1
[    4.936316] serio: i8042 AUX port at 0x60,0x64 irq 12
[    4.936565] mice: PS/2 mouse device common for all mice
[    4.936682] i2c /dev entries driver
[    4.936814] md: linear personality registered for level -1
[    4.936907] md: raid0 personality registered for level 0
[    4.937017] md: raid1 personality registered for level 1
[    4.937111] md: raid10 personality registered for level 10
[    4.937203] md: raid6 personality registered for level 6
[    4.937308] md: raid5 personality registered for level 5
[    4.937396] md: raid4 personality registered for level 4
[    4.937485] md: multipath personality registered for level -4
[    4.937677] device-mapper: ioctl: 4.15.0-ioctl (2009-04-01) initialised: dm-devel@redhat.com
[    4.937881] cpuidle: using governor ladder
[    4.938493] usbcore: registered new interface driver usbhid
[    4.938581] usbhid: v2.6:USB HID core driver
[    4.938728] random 0000 0000 0000 00000000 00000000: rand_read_num 4 get_random_bytes(136): sig 00000000 00000000 00000000
[    4.938731] random 0000 0000 0000 00000000 00000000: extract_entropy(.. 136 ..)
[    4.938733] random 0000 0000 0000 00000000 00000000: going to reseed nonblocking with 1024 bits (1088 of 0 requested)
[    4.938735] random 0000 0000 0000 00000000 00000000: extract_entropy(.. 128 ..)
[    4.938738] random 0000 0000 0000 00000000 00000000: trying to extract 1024 bits from input
[    4.938740] random 0000 0000 0000 00000000 00000000: debiting 0 entropy credits from input
[    4.938741] random 0000 0000 0000 00000000 00000000: extract_entropy account returned: 0 
[    4.938744] random 0000 0000 0000 00000000 00000000: urand_change_num 7 xfer_secondary_pool(136): pool_sig 00000000, data_sig 00000000, bytes_mixed 0 00000000 00000000
[    4.938747] random 0000 0000 0000 00000000 00000000: trying to extract 1088 bits from nonblocking
[    4.938750] random 0000 0000 0000 00000000 00000000: debiting 1088 entropy credits from nonblocking (unlimited)
[    4.938752] random 0000 0000 0000 00000000 00000000: extract_entropy account returned: 136 
[    4.938756] random 0000 0000 0000 00000000 00000000: urand_change_num 8 extract_buf: pool_sig 00000000, data_sig fffffff9, bytes_mixed 20 00000000 00000000
[    4.938762] random 0000 0000 0000 b7c35b56 be4dc95d: urand_change_num 9 extract_buf: pool_sig fffffd1e, data_sig 000000c5, bytes_mixed 20 b7c35b56 be4dc95d
[    4.938767] random 0000 0000 0000 ed9f5c47 c48487fb: urand_change_num 10 extract_buf: pool_sig fffff8ec, data_sig ffffff68, bytes_mixed 20 ed9f5c47 c48487fb
[    4.938772] random 0000 0000 0000 ed9f5c47 c48487fb: urand_change_num 11 extract_buf: pool_sig fffffaed, data_sig 000001aa, bytes_mixed 20 ed9f5c47 c48487fb
[    4.938778] random 0000 0000 0000 1b4f7c0a 91bd6a48: urand_change_num 12 extract_buf: pool_sig fffffdd8, data_sig 00000064, bytes_mixed 20 1b4f7c0a 91bd6a48
[    4.938783] random 0000 0000 0000 a254b9bc 20e9a24f: urand_change_num 13 extract_buf: pool_sig fffffbe6, data_sig 000001dd, bytes_mixed 20 a254b9bc 20e9a24f
[    4.938788] random 0000 0000 0000 a254b9bc 20e9a24f: urand_change_num 14 extract_buf: pool_sig fffff940, data_sig fffffe20, bytes_mixed 20 a254b9bc 20e9a24f
[    4.938793] random 0000 0000 0000 2831a66b 5fa2a3ad: urand_change_num 15 extract_buf: pool_sig fffffbce, data_sig 0000007e, bytes_mixed 20 2831a66b 5fa2a3ad
[    4.938803] random 0000 0000 0000 2831a66b 5fa2a3ad: urand_change_num 16 extract_buf: pool_sig 000004df, data_sig fffffe8f, bytes_mixed 20 2831a66b 5fa2a3ad
[    4.938808] random 0000 0000 0000 d4512bfd c9a54e0b: urand_change_num 17 extract_buf: pool_sig 00000485, data_sig fffffe68, bytes_mixed 20 d4512bfd c9a54e0b
[    4.938813] random 0000 0000 0000 c7371be6 f9ffea11: urand_change_num 18 extract_buf: pool_sig 00000095, data_sig ffffffed, bytes_mixed 20 c7371be6 f9ffea11
[    4.938818] random 0000 0000 0000 c7371be6 f9ffea11: urand_change_num 19 extract_buf: pool_sig 000003a7, data_sig fffffefa, bytes_mixed 20 c7371be6 f9ffea11
[    4.938824] random 0000 0000 0000 8fb4b62c d1ddba54: urand_change_num 20 extract_buf: pool_sig 00000179, data_sig ffffff78, bytes_mixed 20 8fb4b62c d1ddba54
[    4.938829] random 0000 0000 0000 9ff19f9c c07a1d2a: urand_change_num 21 extract_buf: pool_sig fffffe88, data_sig 00000126, bytes_mixed 20 9ff19f9c c07a1d2a
[    4.938833] TCP cubic registered
[    4.938921] Initializing XFRM netlink socket
[    4.939021] NET: Registered protocol family 17
[    4.939116] Using IPI Shortcut mode
[    4.939210] random 0000 0000 0000 9ff19f9c c07a1d2a: rand_read_num 5 get_random_bytes(8): sig 0000031b 9ff19f9c c07a1d2a
[    4.939213] random 0000 0000 0000 9ff19f9c c07a1d2a: extract_entropy(.. 8 ..)
[    4.939215] random 0000 0000 0000 9ff19f9c c07a1d2a: going to reseed nonblocking with 64 bits (64 of 0 requested)
[    4.939217] random 0000 0000 0000 9ff19f9c c07a1d2a: extract_entropy(.. 8 ..)
[    4.939219] random 0000 0000 0000 9ff19f9c c07a1d2a: trying to extract 64 bits from input
[    4.939221] random 0000 0000 0000 9ff19f9c c07a1d2a: debiting 0 entropy credits from input
[    4.939223] random 0000 0000 0000 9ff19f9c c07a1d2a: extract_entropy account returned: 0 
[    4.939226] random 0000 0000 0000 9ff19f9c c07a1d2a: urand_change_num 22 xfer_secondary_pool(8): pool_sig 0000031b, data_sig 00000000, bytes_mixed 0 9ff19f9c c07a1d2a
[    4.939229] random 0000 0000 0000 9ff19f9c c07a1d2a: trying to extract 64 bits from nonblocking
[    4.939231] random 0000 0000 0000 9ff19f9c c07a1d2a: debiting 64 entropy credits from nonblocking (unlimited)
[    4.939233] random 0000 0000 0000 9ff19f9c c07a1d2a: extract_entropy account returned: 8 
[    4.939237] random 0000 0000 0000 9ff19f9c c07a1d2a: urand_change_num 23 extract_buf: pool_sig 0000031b, data_sig ffffffb3, bytes_mixed 20 9ff19f9c c07a1d2a
[    4.941214] input: AT Translated Set 2 keyboard as /devices/platform/i8042/serio0/input/input1
[    5.130025] ata1: SATA link up 1.5 Gbps (SStatus 113 SControl 300)
[    5.130136] ata3: SATA link down (SStatus 0 SControl 300)
[    5.132636] ata1.00: ACPI cmd ef/02:00:00:00:00:a0 (SET FEATURES) succeeded
[    5.132639] ata1.00: ACPI cmd f5/00:00:00:00:00:a0 (SECURITY FREEZE LOCK) filtered out
[    5.134029] ata1.00: ACPI cmd ef/5f:00:00:00:00:a0 (SET FEATURES) succeeded
[    5.134031] ata1.00: ACPI cmd ef/10:03:00:00:00:a0 (SET FEATURES) filtered out
[    5.135940] ata1.00: ATA-7: ST910021AS, 4.06, max UDMA/100
[    5.136035] ata1.00: 195371568 sectors, multi 16: LBA48 
[    5.138181] ata1.00: ACPI cmd ef/02:00:00:00:00:a0 (SET FEATURES) succeeded
[    5.138183] ata1.00: ACPI cmd f5/00:00:00:00:00:a0 (SECURITY FREEZE LOCK) filtered out
[    5.139573] ata1.00: ACPI cmd ef/5f:00:00:00:00:a0 (SET FEATURES) succeeded
[    5.139575] ata1.00: ACPI cmd ef/10:03:00:00:00:a0 (SET FEATURES) filtered out
[    5.141502] ata1.00: configured for UDMA/100
[    5.152077] scsi 2:0:0:0: Direct-Access     ATA      ST910021AS       4.06 PQ: 0 ANSI: 5
[    5.152369] sd 2:0:0:0: [sda] 195371568 512-byte logical blocks: (100 GB/93.1 GiB)
[    5.152519] sd 2:0:0:0: [sda] Write Protect is off
[    5.152610] sd 2:0:0:0: [sda] Mode Sense: 00 3a 00 00
[    5.152623] sd 2:0:0:0: [sda] Write cache: enabled, read cache: enabled, doesn't support DPO or FUA
[    5.152818]  sda:
[    5.217015] usb 2-1: new high speed USB device using ehci_hcd and address 2
[    5.366624] usb 2-1: New USB device found, idVendor=0e8d, idProduct=1806
[    5.366714] usb 2-1: New USB device strings: Mfr=1, Product=2, SerialNumber=3
[    5.366804] usb 2-1: Product: MT1806 
[    5.366890] usb 2-1: Manufacturer: MediaTek Inc
[    5.366975] usb 2-1: SerialNumber: R8KN6GAC800AEB 
[    5.367114] usb 2-1: configuration #1 chosen from 1 choice
[    5.373417] scsi5 : SCSI emulation for USB Mass Storage devices
[    5.373583] usb-storage: device found at 2
[    5.373585] usb-storage: waiting for device to settle before scanning
[    5.565296]  sda1 sda2
[    5.566019] sd 2:0:0:0: [sda] Attached SCSI disk
[    5.566111] random 0000 0000 0000 277f73c3 42024bb9: rand_read_num 6 get_random_bytes(12): sig 000007e9 277f73c3 42024bb9
[    5.566114] random 0000 0000 0000 277f73c3 42024bb9: extract_entropy(.. 12 ..)
[    5.566116] random 0000 0000 0000 277f73c3 42024bb9: going to reseed nonblocking with 96 bits (96 of 0 requested)
[    5.566118] random 0000 0000 0000 277f73c3 42024bb9: extract_entropy(.. 12 ..)
[    5.566120] random 0000 0000 0000 277f73c3 42024bb9: trying to extract 96 bits from input
[    5.566122] random 0000 0000 0000 277f73c3 42024bb9: debiting 0 entropy credits from input
[    5.566124] random 0000 0000 0000 277f73c3 42024bb9: extract_entropy account returned: 0 
[    5.566127] random 0000 0000 0000 277f73c3 42024bb9: urand_change_num 24 xfer_secondary_pool(12): pool_sig 000007e9, data_sig 00000000, bytes_mixed 0 277f73c3 42024bb9
[    5.566130] random 0000 0000 0000 277f73c3 42024bb9: trying to extract 96 bits from nonblocking
[    5.566133] random 0000 0000 0000 277f73c3 42024bb9: debiting 96 entropy credits from nonblocking (unlimited)
[    5.566135] random 0000 0000 0000 277f73c3 42024bb9: extract_entropy account returned: 12 
[    5.566139] random 0000 0000 0000 277f73c3 42024bb9: urand_change_num 25 extract_buf: pool_sig 000007e9, data_sig 00000088, bytes_mixed 20 277f73c3 42024bb9
[    5.566144] random 0000 0000 0000 277f73c3 42024bb9: urand_change_num 26 extract_buf: pool_sig 00000498, data_sig fffffefb, bytes_mixed 20 277f73c3 42024bb9
[    5.566147] RANDOM - __seed init called.
[    5.566148] RANDOM - __seed init called.
[    5.566149] RANDOM - __seed init called.
[    5.566151] RANDOM - __random32 called. Change num 12.  Value: 87f14767	f0d7351	b1e48bd3
[    5.566152] RANDOM - random32_reseed called.  Value: 87f14767	f0d7351	b1e48bd3
[    5.566155] Pid: 1, comm: swapper Not tainted 2.6.32.57 #3
[    5.566246] Call Trace:
[    5.566339]  [<c1923ca4>] ? random32_reseed+0xa0/0xb1
[    5.566434]  [<c1923c04>] ? random32_reseed+0x0/0xb1
[    5.566525]  [<c100111e>] ? do_one_initcall+0x2e/0x180
[    5.566614]  [<c1907265>] ? kernel_init+0xad/0x103
[    5.566707]  [<c19071b8>] ? kernel_init+0x0/0x103
[    5.566797]  [<c1003787>] ? kernel_thread_helper+0x7/0x10
[    5.567335] random 0000 0000 0000 386b4e60 ee4d4880: rand_read_num 7 get_random_bytes(64): sig fffffea5 386b4e60 ee4d4880
[    5.567338] random 0000 0000 0000 386b4e60 ee4d4880: extract_entropy(.. 64 ..)
[    5.567340] random 0000 0000 0000 386b4e60 ee4d4880: going to reseed nonblocking with 512 bits (512 of 0 requested)
[    5.567342] random 0000 0000 0000 386b4e60 ee4d4880: extract_entropy(.. 64 ..)
[    5.567344] random 0000 0000 0000 386b4e60 ee4d4880: trying to extract 512 bits from input
[    5.567346] random 0000 0000 0000 386b4e60 ee4d4880: debiting 0 entropy credits from input
[    5.567348] random 0000 0000 0000 386b4e60 ee4d4880: extract_entropy account returned: 0 
[    5.567351] random 0000 0000 0000 386b4e60 ee4d4880: urand_change_num 27 xfer_secondary_pool(64): pool_sig fffffea5, data_sig 00000000, bytes_mixed 0 386b4e60 ee4d4880
[    5.567354] random 0000 0000 0000 386b4e60 ee4d4880: trying to extract 512 bits from nonblocking
[    5.567357] random 0000 0000 0000 386b4e60 ee4d4880: debiting 512 entropy credits from nonblocking (unlimited)
[    5.567359] random 0000 0000 0000 386b4e60 ee4d4880: extract_entropy account returned: 64 
[    5.567363] random 0000 0000 0000 386b4e60 ee4d4880: urand_change_num 28 extract_buf: pool_sig fffffea5, data_sig 00000173, bytes_mixed 20 386b4e60 ee4d4880
[    5.567368] random 0000 0000 0000 412698f6 0cc8689a: urand_change_num 29 extract_buf: pool_sig 00000122, data_sig ffffff63, bytes_mixed 20 412698f6 0cc8689a
[    5.567373] random 0000 0000 0000 412698f6 0cc8689a: urand_change_num 30 extract_buf: pool_sig 000001f7, data_sig 00000012, bytes_mixed 20 412698f6 0cc8689a
[    5.567379] random 0000 0000 0000 9669941e 06f768b1: urand_change_num 31 extract_buf: pool_sig fffffb5b, data_sig 0000003f, bytes_mixed 20 9669941e 06f768b1
[    5.567384] random 0000 0000 0000 98486520 995551f0: urand_change_num 32 extract_buf: pool_sig fffffb39, data_sig 0000000e, bytes_mixed 20 98486520 995551f0
[    5.567389] random 0000 0000 0000 98486520 995551f0: urand_change_num 33 extract_buf: pool_sig fffffd8d, data_sig 000001a6, bytes_mixed 20 98486520 995551f0
[    5.567394] random 0000 0000 0000 61fc8914 d5882ed2: urand_change_num 34 extract_buf: pool_sig fffffa58, data_sig 0000023e, bytes_mixed 20 61fc8914 d5882ed2
[    5.567423] random 0000 0000 0000 61fc8914 d5882ed2: rand_read_num 8 get_random_bytes(64): sig fffff9ee 61fc8914 d5882ed2
[    5.567426] random 0000 0000 0000 61fc8914 d5882ed2: extract_entropy(.. 64 ..)
[    5.567428] random 0000 0000 0000 61fc8914 d5882ed2: going to reseed nonblocking with 512 bits (512 of 0 requested)
[    5.567430] random 0000 0000 0000 61fc8914 d5882ed2: extract_entropy(.. 64 ..)
[    5.567432] random 0000 0000 0000 61fc8914 d5882ed2: trying to extract 512 bits from input
[    5.567434] random 0000 0000 0000 61fc8914 d5882ed2: debiting 0 entropy credits from input
[    5.567436] random 0000 0000 0000 61fc8914 d5882ed2: extract_entropy account returned: 0 
[    5.567439] random 0000 0000 0000 61fc8914 d5882ed2: urand_change_num 35 xfer_secondary_pool(64): pool_sig fffff9ee, data_sig 00000000, bytes_mixed 0 61fc8914 d5882ed2
[    5.567442] random 0000 0000 0000 61fc8914 d5882ed2: trying to extract 512 bits from nonblocking
[    5.567444] random 0000 0000 0000 61fc8914 d5882ed2: debiting 512 entropy credits from nonblocking (unlimited)
[    5.567447] random 0000 0000 0000 61fc8914 d5882ed2: extract_entropy account returned: 64 
[    5.567451] random 0000 0000 0000 61fc8914 d5882ed2: urand_change_num 36 extract_buf: pool_sig fffff9ee, data_sig ffffff85, bytes_mixed 20 61fc8914 d5882ed2
[    5.567456] random 0000 0000 0000 70cfd302 e5edec11: urand_change_num 37 extract_buf: pool_sig fffffdc1, data_sig ffffffde, bytes_mixed 20 70cfd302 e5edec11
[    5.567461] random 0000 0000 0000 00dab838 eafd2b30: urand_change_num 38 extract_buf: pool_sig 000003da, data_sig ffffff61, bytes_mixed 20 00dab838 eafd2b30
[    5.567466] random 0000 0000 0000 00dab838 eafd2b30: urand_change_num 39 extract_buf: pool_sig 00000314, data_sig 00000121, bytes_mixed 20 00dab838 eafd2b30
[    5.567471] random 0000 0000 0000 5fcdf66a 6442b608: urand_change_num 40 extract_buf: pool_sig 0000028b, data_sig fffffefd, bytes_mixed 20 5fcdf66a 6442b608
[    5.567476] random 0000 0000 0000 61333f6b 8fae0f9b: urand_change_num 41 extract_buf: pool_sig 000000cb, data_sig 000000b3, bytes_mixed 20 61333f6b 8fae0f9b
[    5.567482] random 0000 0000 0000 61333f6b 8fae0f9b: urand_change_num 42 extract_buf: pool_sig fffffef8, data_sig 00000051, bytes_mixed 20 61333f6b 8fae0f9b
[    5.567484] BEGIN NET_SECRET:
[    5.567485] \xffffffe0
[    5.567486] \xffffffb6
[    5.567487] \x36
[    5.567488] \xffffffb5
[    5.567489] \xffffff94
[    5.567490] \xffffffb2
[    5.567490] \xffffffa8
[    5.567491] \xffffffda
[    5.567492] \x5b
[    5.567493] \x19
[    5.567493] \x18
[    5.567494] \x5c
[    5.567495] \x2b
[    5.567496] \x1
[    5.567496] \xffffff90
[    5.567497] \x19
[    5.567498] \x3c
[    5.567499] \xfffffff2
[    5.567499] \xffffff82
[    5.567500] \x2a
[    5.567501] \xffffffb3
[    5.567502] \xffffffa2
[    5.567502] \x3f
[    5.567503] \x5
[    5.567504] \x52
[    5.567505] \x77
[    5.567505] \x57
[    5.567506] \x79
[    5.567507] \x16
[    5.567507] \x43
[    5.567508] \xffffff84
[    5.567509] \xffffffc3
[    5.567510] \xffffffe9
[    5.567510] \x79
[    5.567511] \x50
[    5.567512] \xffffff8e
[    5.567513] \x3f
[    5.567513] \xfffffff3
[    5.567514] \x19
[    5.567515] \x2a
[    5.567516] \xfffffffd
[    5.567516] \xfffffffb
[    5.567517] \x62
[    5.567518] \x3c
[    5.567519] \xffffffac
[    5.567519] \x1c
[    5.567520] \x3b
[    5.567521] \x3b
[    5.567521] \x15
[    5.567522] \x27
[    5.567523] \xffffffa8
[    5.567524] \x22
[    5.567524] \xffffffc5
[    5.567525] \xffffff9a
[    5.567526] \x5
[    5.567527] \x6c
[    5.567527] \xffffffa8
[    5.567528] \x3a
[    5.567529] \x44
[    5.567530] \xffffffaf
[    5.567530] \x13
[    5.567531] \xffffffe0
[    5.567532] \xffffff9d
[    5.567533] \x22
[    5.567533] 
[    5.567534] END NET_SECRET
[    5.567537] random 0000 0000 0000 e7f555d9 e8ce5c3c: rand_read_num 9 get_random_bytes(4): sig 0000068c e7f555d9 e8ce5c3c
[    5.567539] random 0000 0000 0000 e7f555d9 e8ce5c3c: extract_entropy(.. 4 ..)
[    5.567541] random 0000 0000 0000 e7f555d9 e8ce5c3c: going to reseed nonblocking with 64 bits (32 of 0 requested)
[    5.567543] random 0000 0000 0000 e7f555d9 e8ce5c3c: extract_entropy(.. 8 ..)
[    5.567545] random 0000 0000 0000 e7f555d9 e8ce5c3c: trying to extract 64 bits from input
[    5.567547] random 0000 0000 0000 e7f555d9 e8ce5c3c: debiting 0 entropy credits from input
[    5.567549] random 0000 0000 0000 e7f555d9 e8ce5c3c: extract_entropy account returned: 0 
[    5.567552] random 0000 0000 0000 e7f555d9 e8ce5c3c: urand_change_num 43 xfer_secondary_pool(4): pool_sig 0000068c, data_sig 00000000, bytes_mixed 0 e7f555d9 e8ce5c3c
[    5.567555] random 0000 0000 0000 e7f555d9 e8ce5c3c: trying to extract 32 bits from nonblocking
[    5.567557] random 0000 0000 0000 e7f555d9 e8ce5c3c: debiting 32 entropy credits from nonblocking (unlimited)
[    5.567559] random 0000 0000 0000 e7f555d9 e8ce5c3c: extract_entropy account returned: 4 
[    5.567563] random 0000 0000 0000 e7f555d9 e8ce5c3c: urand_change_num 44 extract_buf: pool_sig 0000068c, data_sig fffffdcb, bytes_mixed 20 e7f555d9 e8ce5c3c
[    5.567574] md: Waiting for all devices to be available before autodetect
[    5.567666] md: If you don't use raid, use raid=noautodetect
[    5.567836] md: Autodetecting RAID arrays.
[    5.567925] md: Scanned 0 and added 0 devices.
[    5.568019] md: autorun ...
[    5.568111] md: ... autorun DONE.
[    5.589716] EXT3-fs: sda2: couldn't mount because of unsupported optional features (240).
[    5.589951] EXT2-fs: sda2: couldn't mount because of unsupported optional features (240).
[    5.591231] random 0000 0000 0000 e7f555d9 e8ce5c3c: rand_read_num 10 get_random_bytes(4): sig ffffff72 e7f555d9 e8ce5c3c
[    5.591233] random 0000 0000 0000 e7f555d9 e8ce5c3c: extract_entropy(.. 4 ..)
[    5.591236] random 0000 0000 0000 e7f555d9 e8ce5c3c: going to reseed nonblocking with 64 bits (32 of 0 requested)
[    5.591238] random 0000 0000 0000 e7f555d9 e8ce5c3c: extract_entropy(.. 8 ..)
[    5.591240] random 0000 0000 0000 e7f555d9 e8ce5c3c: trying to extract 64 bits from input
[    5.591242] random 0000 0000 0000 e7f555d9 e8ce5c3c: debiting 0 entropy credits from input
[    5.591244] random 0000 0000 0000 e7f555d9 e8ce5c3c: extract_entropy account returned: 0 
[    5.591247] random 0000 0000 0000 e7f555d9 e8ce5c3c: urand_change_num 45 xfer_secondary_pool(4): pool_sig ffffff72, data_sig 00000000, bytes_mixed 0 e7f555d9 e8ce5c3c
[    5.591250] random 0000 0000 0000 e7f555d9 e8ce5c3c: trying to extract 32 bits from nonblocking
[    5.591252] random 0000 0000 0000 e7f555d9 e8ce5c3c: debiting 32 entropy credits from nonblocking (unlimited)
[    5.591254] random 0000 0000 0000 e7f555d9 e8ce5c3c: extract_entropy account returned: 4 
[    5.591258] random 0000 0000 0000 e7f555d9 e8ce5c3c: urand_change_num 46 extract_buf: pool_sig ffffff72, data_sig ffffff72, bytes_mixed 20 e7f555d9 e8ce5c3c
[    5.619351] EXT4-fs (sda2): mounted filesystem with ordered data mode
[    5.619568] VFS: Mounted root (ext4 filesystem) readonly on device 8:2.
[    5.619671] Freeing unused kernel memory: 448k freed
[    5.690056] random 0000 0000 0000 91716c54 eeb6a1e7: rand_read_num 11 get_random_bytes(16): sig fffffcad 91716c54 eeb6a1e7
[    5.690059] random 0000 0000 0000 91716c54 eeb6a1e7: extract_entropy(.. 16 ..)
[    5.690061] random 0000 0000 0000 91716c54 eeb6a1e7: going to reseed nonblocking with 128 bits (128 of 0 requested)
[    5.690063] random 0000 0000 0000 91716c54 eeb6a1e7: extract_entropy(.. 16 ..)
[    5.690065] random 0000 0000 0000 91716c54 eeb6a1e7: trying to extract 128 bits from input
[    5.690067] random 0000 0000 0000 91716c54 eeb6a1e7: debiting 0 entropy credits from input
[    5.690069] random 0000 0000 0000 91716c54 eeb6a1e7: extract_entropy account returned: 0 
[    5.690073] random 0000 0000 0000 91716c54 eeb6a1e7: urand_change_num 47 xfer_secondary_pool(16): pool_sig fffffcad, data_sig 00000000, bytes_mixed 0 91716c54 eeb6a1e7
[    5.690075] random 0000 0000 0000 91716c54 eeb6a1e7: trying to extract 128 bits from nonblocking
[    5.690078] random 0000 0000 0000 91716c54 eeb6a1e7: debiting 128 entropy credits from nonblocking (unlimited)
[    5.690080] random 0000 0000 0000 91716c54 eeb6a1e7: extract_entropy account returned: 16 
[    5.690084] random 0000 0000 0000 91716c54 eeb6a1e7: urand_change_num 48 extract_buf: pool_sig fffffcad, data_sig ffffff19, bytes_mixed 20 91716c54 eeb6a1e7
[    5.690089] random 0000 0000 0000 fd637b06 6cf47bc1: urand_change_num 49 extract_buf: pool_sig fffffede, data_sig ffffffc1, bytes_mixed 20 fd637b06 6cf47bc1
[    5.768487] random 0000 0000 0000 fd637b06 6cf47bc1: rand_read_num 12 get_random_bytes(16): sig 0000033b fd637b06 6cf47bc1
[    5.768490] random 0000 0000 0000 fd637b06 6cf47bc1: extract_entropy(.. 16 ..)
[    5.768493] random 0000 0000 0000 fd637b06 6cf47bc1: going to reseed nonblocking with 128 bits (128 of 0 requested)
[    5.768495] random 0000 0000 0000 fd637b06 6cf47bc1: extract_entropy(.. 16 ..)
[    5.768497] random 0000 0000 0000 fd637b06 6cf47bc1: trying to extract 128 bits from input
[    5.768499] random 0000 0000 0000 fd637b06 6cf47bc1: debiting 0 entropy credits from input
[    5.768501] random 0000 0000 0000 fd637b06 6cf47bc1: extract_entropy account returned: 0 
[    5.768504] random 0000 0000 0000 fd637b06 6cf47bc1: urand_change_num 50 xfer_secondary_pool(16): pool_sig 0000033b, data_sig 00000000, bytes_mixed 0 fd637b06 6cf47bc1
[    5.768507] random 0000 0000 0000 fd637b06 6cf47bc1: trying to extract 128 bits from nonblocking
[    5.768509] random 0000 0000 0000 fd637b06 6cf47bc1: debiting 128 entropy credits from nonblocking (unlimited)
[    5.768511] random 0000 0000 0000 fd637b06 6cf47bc1: extract_entropy account returned: 16 
[    5.768516] random 0000 0000 0000 fd637b06 6cf47bc1: urand_change_num 51 extract_buf: pool_sig 0000033b, data_sig 000000d8, bytes_mixed 20 fd637b06 6cf47bc1
[    5.768521] random 0000 0000 0000 0ec1f012 d4727ca8: urand_change_num 52 extract_buf: pool_sig fffffcf5, data_sig 00000016, bytes_mixed 20 0ec1f012 d4727ca8
[    6.134116] random 0000 0000 0000 45b1d0b1 845a73f7: rand_read_num 13 get_random_bytes(16): sig 00000116 45b1d0b1 845a73f7
[    6.134119] random 0000 0000 0000 45b1d0b1 845a73f7: extract_entropy(.. 16 ..)
[    6.134122] random 0000 0000 0000 45b1d0b1 845a73f7: going to reseed nonblocking with 128 bits (128 of 0 requested)
[    6.134125] random 0000 0000 0000 45b1d0b1 845a73f7: extract_entropy(.. 16 ..)
[    6.134127] random 0000 0000 0000 45b1d0b1 845a73f7: trying to extract 128 bits from input
[    6.134129] random 0000 0000 0000 45b1d0b1 845a73f7: debiting 0 entropy credits from input
[    6.134131] random 0000 0000 0000 45b1d0b1 845a73f7: extract_entropy account returned: 0 
[    6.134134] random 0000 0000 0000 45b1d0b1 845a73f7: urand_change_num 53 xfer_secondary_pool(16): pool_sig 00000116, data_sig 00000000, bytes_mixed 0 45b1d0b1 845a73f7
[    6.134137] random 0000 0000 0000 45b1d0b1 845a73f7: trying to extract 128 bits from nonblocking
[    6.134139] random 0000 0000 0000 45b1d0b1 845a73f7: debiting 128 entropy credits from nonblocking (unlimited)
[    6.134141] random 0000 0000 0000 45b1d0b1 845a73f7: extract_entropy account returned: 16 
[    6.134146] random 0000 0000 0000 45b1d0b1 845a73f7: urand_change_num 54 extract_buf: pool_sig 00000116, data_sig fffffd8b, bytes_mixed 20 45b1d0b1 845a73f7
[    6.134151] random 0000 0000 0000 45b1d0b1 845a73f7: urand_change_num 55 extract_buf: pool_sig fffffc05, data_sig 00000109, bytes_mixed 20 45b1d0b1 845a73f7
[    6.142142] ieee1394: Host added: ID:BUS[0-00:1023]  GUID[00061b032a25f51c]
[    6.186620] random 0000 0000 0000 5012cce3 b8a30621: rand_read_num 14 get_random_bytes(16): sig fffffb93 5012cce3 b8a30621
[    6.186623] random 0000 0000 0000 5012cce3 b8a30621: extract_entropy(.. 16 ..)
[    6.186626] random 0000 0000 0000 5012cce3 b8a30621: going to reseed nonblocking with 128 bits (128 of 0 requested)
[    6.186628] random 0000 0000 0000 5012cce3 b8a30621: extract_entropy(.. 16 ..)
[    6.186630] random 0000 0000 0000 5012cce3 b8a30621: trying to extract 128 bits from input
[    6.186632] random 0000 0000 0000 5012cce3 b8a30621: debiting 0 entropy credits from input
[    6.186634] random 0000 0000 0000 5012cce3 b8a30621: extract_entropy account returned: 0 
[    6.186637] random 0000 0000 0000 5012cce3 b8a30621: urand_change_num 56 xfer_secondary_pool(16): pool_sig fffffb93, data_sig 00000000, bytes_mixed 0 5012cce3 b8a30621
[    6.186640] random 0000 0000 0000 5012cce3 b8a30621: trying to extract 128 bits from nonblocking
[    6.186642] random 0000 0000 0000 5012cce3 b8a30621: debiting 128 entropy credits from nonblocking (unlimited)
[    6.186645] random 0000 0000 0000 5012cce3 b8a30621: extract_entropy account returned: 16 
[    6.186649] random 0000 0000 0000 5012cce3 b8a30621: urand_change_num 57 extract_buf: pool_sig fffffb93, data_sig ffffff35, bytes_mixed 20 5012cce3 b8a30621
[    6.186654] random 0000 0000 0000 5012cce3 b8a30621: urand_change_num 58 extract_buf: pool_sig fffffb9d, data_sig ffffff92, bytes_mixed 20 5012cce3 b8a30621
[    6.188022] random 0000 0000 0000 30a5721d 4b648ff6: rand_read_num 15 get_random_bytes(16): sig fffffeb5 30a5721d 4b648ff6
[    6.188025] random 0000 0000 0000 30a5721d 4b648ff6: extract_entropy(.. 16 ..)
[    6.188027] random 0000 0000 0000 30a5721d 4b648ff6: going to reseed nonblocking with 128 bits (128 of 0 requested)
[    6.188030] random 0000 0000 0000 30a5721d 4b648ff6: extract_entropy(.. 16 ..)
[    6.188032] random 0000 0000 0000 30a5721d 4b648ff6: trying to extract 128 bits from input
[    6.188034] random 0000 0000 0000 30a5721d 4b648ff6: debiting 0 entropy credits from input
[    6.188040] random 0000 0000 0000 30a5721d 4b648ff6: extract_entropy account returned: 0 
[    6.188043] random 0000 0000 0000 30a5721d 4b648ff6: urand_change_num 59 xfer_secondary_pool(16): pool_sig fffffeb5, data_sig 00000000, bytes_mixed 0 30a5721d 4b648ff6
[    6.188046] random 0000 0000 0000 30a5721d 4b648ff6: trying to extract 128 bits from nonblocking
[    6.188048] random 0000 0000 0000 30a5721d 4b648ff6: debiting 128 entropy credits from nonblocking (unlimited)
[    6.188050] random 0000 0000 0000 30a5721d 4b648ff6: extract_entropy account returned: 16 
[    6.188054] random 0000 0000 0000 30a5721d 4b648ff6: urand_change_num 60 extract_buf: pool_sig fffffeb5, data_sig 000000c2, bytes_mixed 20 30a5721d 4b648ff6
[    6.188060] random 0000 0000 0000 89bae1ab 704c432f: urand_change_num 61 extract_buf: pool_sig 0000006e, data_sig fffffefc, bytes_mixed 20 89bae1ab 704c432f
[    6.188604] random 0000 0000 0000 89bae1ab 704c432f: rand_read_num 16 get_random_bytes(16): sig fffffd99 89bae1ab 704c432f
[    6.188607] random 0000 0000 0000 89bae1ab 704c432f: extract_entropy(.. 16 ..)
[    6.188610] random 0000 0000 0000 89bae1ab 704c432f: going to reseed nonblocking with 128 bits (128 of 0 requested)
[    6.188612] random 0000 0000 0000 89bae1ab 704c432f: extract_entropy(.. 16 ..)
[    6.188614] random 0000 0000 0000 89bae1ab 704c432f: trying to extract 128 bits from input
[    6.188616] random 0000 0000 0000 89bae1ab 704c432f: debiting 0 entropy credits from input
[    6.188618] random 0000 0000 0000 89bae1ab 704c432f: extract_entropy account returned: 0 
[    6.188621] random 0000 0000 0000 89bae1ab 704c432f: urand_change_num 62 xfer_secondary_pool(16): pool_sig fffffd99, data_sig 00000000, bytes_mixed 0 89bae1ab 704c432f
[    6.188624] random 0000 0000 0000 89bae1ab 704c432f: trying to extract 128 bits from nonblocking
[    6.188627] random 0000 0000 0000 89bae1ab 704c432f: debiting 128 entropy credits from nonblocking (unlimited)
[    6.188629] random 0000 0000 0000 89bae1ab 704c432f: extract_entropy account returned: 16 
[    6.188633] random 0000 0000 0000 89bae1ab 704c432f: urand_change_num 63 extract_buf: pool_sig fffffd99, data_sig 00000204, bytes_mixed 20 89bae1ab 704c432f
[    6.188639] random 0000 0000 0000 6c298a02 2b1539f8: urand_change_num 64 extract_buf: pool_sig 00000124, data_sig fffffff5, bytes_mixed 20 6c298a02 2b1539f8
[    6.189542] random 0000 0000 0000 c77b8b35 70f6cab5: rand_read_num 17 get_random_bytes(16): sig 0000036b c77b8b35 70f6cab5
[    6.189545] random 0000 0000 0000 c77b8b35 70f6cab5: extract_entropy(.. 16 ..)
[    6.189548] random 0000 0000 0000 c77b8b35 70f6cab5: going to reseed nonblocking with 128 bits (128 of 0 requested)
[    6.189550] random 0000 0000 0000 c77b8b35 70f6cab5: extract_entropy(.. 16 ..)
[    6.189552] random 0000 0000 0000 c77b8b35 70f6cab5: trying to extract 128 bits from input
[    6.189554] random 0000 0000 0000 c77b8b35 70f6cab5: debiting 0 entropy credits from input
[    6.189556] random 0000 0000 0000 c77b8b35 70f6cab5: extract_entropy account returned: 0 
[    6.189559] random 0000 0000 0000 c77b8b35 70f6cab5: urand_change_num 65 xfer_secondary_pool(16): pool_sig 0000036b, data_sig 00000000, bytes_mixed 0 c77b8b35 70f6cab5
[    6.189562] random 0000 0000 0000 c77b8b35 70f6cab5: trying to extract 128 bits from nonblocking
[    6.189565] random 0000 0000 0000 c77b8b35 70f6cab5: debiting 128 entropy credits from nonblocking (unlimited)
[    6.189567] random 0000 0000 0000 c77b8b35 70f6cab5: extract_entropy account returned: 16 
[    6.189571] random 0000 0000 0000 c77b8b35 70f6cab5: urand_change_num 66 extract_buf: pool_sig 0000036b, data_sig 0000005f, bytes_mixed 20 c77b8b35 70f6cab5
[    6.189576] random 0000 0000 0000 c77b8b35 70f6cab5: urand_change_num 67 extract_buf: pool_sig ffffff1c, data_sig 0000005a, bytes_mixed 20 c77b8b35 70f6cab5
[    6.190166] random 0000 0000 0000 af21d212 57d20ca3: rand_read_num 18 get_random_bytes(16): sig fffffb7f af21d212 57d20ca3
[    6.190169] random 0000 0000 0000 af21d212 57d20ca3: extract_entropy(.. 16 ..)
[    6.190171] random 0000 0000 0000 af21d212 57d20ca3: going to reseed nonblocking with 128 bits (128 of 0 requested)
[    6.190174] random 0000 0000 0000 af21d212 57d20ca3: extract_entropy(.. 16 ..)
[    6.190176] random 0000 0000 0000 af21d212 57d20ca3: trying to extract 128 bits from input
[    6.190178] random 0000 0000 0000 af21d212 57d20ca3: debiting 0 entropy credits from input
[    6.190180] random 0000 0000 0000 af21d212 57d20ca3: extract_entropy account returned: 0 
[    6.190183] random 0000 0000 0000 af21d212 57d20ca3: urand_change_num 68 xfer_secondary_pool(16): pool_sig fffffb7f, data_sig 00000000, bytes_mixed 0 af21d212 57d20ca3
[    6.190186] random 0000 0000 0000 af21d212 57d20ca3: trying to extract 128 bits from nonblocking
[    6.190188] random 0000 0000 0000 af21d212 57d20ca3: debiting 128 entropy credits from nonblocking (unlimited)
[    6.190190] random 0000 0000 0000 af21d212 57d20ca3: extract_entropy account returned: 16 
[    6.190195] random 0000 0000 0000 af21d212 57d20ca3: urand_change_num 69 extract_buf: pool_sig fffffb7f, data_sig ffffff88, bytes_mixed 20 af21d212 57d20ca3
[    6.190200] random 0000 0000 0000 af21d212 57d20ca3: urand_change_num 70 extract_buf: pool_sig fffffe1d, data_sig ffffff17, bytes_mixed 20 af21d212 57d20ca3
[    6.190783] random 0000 0000 0000 ffbd26fd 21933274: rand_read_num 19 get_random_bytes(16): sig ffffffc7 ffbd26fd 21933274
[    6.190786] random 0000 0000 0000 ffbd26fd 21933274: extract_entropy(.. 16 ..)
[    6.190789] random 0000 0000 0000 ffbd26fd 21933274: going to reseed nonblocking with 128 bits (128 of 0 requested)
[    6.190791] random 0000 0000 0000 ffbd26fd 21933274: extract_entropy(.. 16 ..)
[    6.190793] random 0000 0000 0000 ffbd26fd 21933274: trying to extract 128 bits from input
[    6.190795] random 0000 0000 0000 ffbd26fd 21933274: debiting 0 entropy credits from input
[    6.190797] random 0000 0000 0000 ffbd26fd 21933274: extract_entropy account returned: 0 
[    6.190800] random 0000 0000 0000 ffbd26fd 21933274: urand_change_num 71 xfer_secondary_pool(16): pool_sig ffffffc7, data_sig 00000000, bytes_mixed 0 ffbd26fd 21933274
[    6.190803] random 0000 0000 0000 ffbd26fd 21933274: trying to extract 128 bits from nonblocking
[    6.190805] random 0000 0000 0000 ffbd26fd 21933274: debiting 128 entropy credits from nonblocking (unlimited)
[    6.190807] random 0000 0000 0000 ffbd26fd 21933274: extract_entropy account returned: 16 
[    6.190812] random 0000 0000 0000 ffbd26fd 21933274: urand_change_num 72 extract_buf: pool_sig ffffffc7, data_sig 0000013b, bytes_mixed 20 ffbd26fd 21933274
[    6.190817] random 0000 0000 0000 151530a2 56c65dd3: urand_change_num 73 extract_buf: pool_sig ffffffbf, data_sig 00000036, bytes_mixed 20 151530a2 56c65dd3
[    6.191374] random 0000 0000 0000 151530a2 56c65dd3: rand_read_num 20 get_random_bytes(16): sig 000001a7 151530a2 56c65dd3
[    6.191377] random 0000 0000 0000 151530a2 56c65dd3: extract_entropy(.. 16 ..)
[    6.191380] random 0000 0000 0000 151530a2 56c65dd3: going to reseed nonblocking with 128 bits (128 of 0 requested)
[    6.191382] random 0000 0000 0000 151530a2 56c65dd3: extract_entropy(.. 16 ..)
[    6.191384] random 0000 0000 0000 151530a2 56c65dd3: trying to extract 128 bits from input
[    6.191386] random 0000 0000 0000 151530a2 56c65dd3: debiting 0 entropy credits from input
[    6.191388] random 0000 0000 0000 151530a2 56c65dd3: extract_entropy account returned: 0 
[    6.191391] random 0000 0000 0000 151530a2 56c65dd3: urand_change_num 74 xfer_secondary_pool(16): pool_sig 000001a7, data_sig 00000000, bytes_mixed 0 151530a2 56c65dd3
[    6.191394] random 0000 0000 0000 151530a2 56c65dd3: trying to extract 128 bits from nonblocking
[    6.191396] random 0000 0000 0000 151530a2 56c65dd3: debiting 128 entropy credits from nonblocking (unlimited)
[    6.191399] random 0000 0000 0000 151530a2 56c65dd3: extract_entropy account returned: 16 
[    6.191403] random 0000 0000 0000 151530a2 56c65dd3: urand_change_num 75 extract_buf: pool_sig 000001a7, data_sig ffffffa1, bytes_mixed 20 151530a2 56c65dd3
[    6.191408] random 0000 0000 0000 5d3e132e d9a77eb3: urand_change_num 76 extract_buf: pool_sig fffffcc9, data_sig 00000013, bytes_mixed 20 5d3e132e d9a77eb3
[    6.242433] random 0000 0000 0000 264837ad 0a28fef5: rand_read_num 21 get_random_bytes(16): sig ffffffd0 264837ad 0a28fef5
[    6.242436] random 0000 0000 0000 264837ad 0a28fef5: extract_entropy(.. 16 ..)
[    6.242438] random 0000 0000 0000 264837ad 0a28fef5: going to reseed nonblocking with 128 bits (128 of 0 requested)
[    6.242441] random 0000 0000 0000 264837ad 0a28fef5: extract_entropy(.. 16 ..)
[    6.242443] random 0000 0000 0000 264837ad 0a28fef5: trying to extract 128 bits from input
[    6.242445] random 0000 0000 0000 264837ad 0a28fef5: debiting 0 entropy credits from input
[    6.242447] random 0000 0000 0000 264837ad 0a28fef5: extract_entropy account returned: 0 
[    6.242450] random 0000 0000 0000 264837ad 0a28fef5: urand_change_num 77 xfer_secondary_pool(16): pool_sig ffffffd0, data_sig 00000000, bytes_mixed 0 264837ad 0a28fef5
[    6.242453] random 0000 0000 0000 264837ad 0a28fef5: trying to extract 128 bits from nonblocking
[    6.242456] random 0000 0000 0000 264837ad 0a28fef5: debiting 128 entropy credits from nonblocking (unlimited)
[    6.242458] random 0000 0000 0000 264837ad 0a28fef5: extract_entropy account returned: 16 
[    6.242462] random 0000 0000 0000 264837ad 0a28fef5: urand_change_num 78 extract_buf: pool_sig ffffffd0, data_sig 0000017b, bytes_mixed 20 264837ad 0a28fef5
[    6.242467] random 0000 0000 0000 264837ad 0a28fef5: urand_change_num 79 extract_buf: pool_sig 0000045c, data_sig 000001df, bytes_mixed 20 264837ad 0a28fef5
[    6.243927] random 0000 0000 0000 f37f7344 164aede0: rand_read_num 22 get_random_bytes(16): sig 000003c2 f37f7344 164aede0
[    6.243930] random 0000 0000 0000 f37f7344 164aede0: extract_entropy(.. 16 ..)
[    6.243933] random 0000 0000 0000 f37f7344 164aede0: going to reseed nonblocking with 128 bits (128 of 0 requested)
[    6.243935] random 0000 0000 0000 f37f7344 164aede0: extract_entropy(.. 16 ..)
[    6.243937] random 0000 0000 0000 f37f7344 164aede0: trying to extract 128 bits from input
[    6.243939] random 0000 0000 0000 f37f7344 164aede0: debiting 0 entropy credits from input
[    6.243941] random 0000 0000 0000 f37f7344 164aede0: extract_entropy account returned: 0 
[    6.243944] random 0000 0000 0000 f37f7344 164aede0: urand_change_num 80 xfer_secondary_pool(16): pool_sig 000003c2, data_sig 00000000, bytes_mixed 0 f37f7344 164aede0
[    6.243947] random 0000 0000 0000 f37f7344 164aede0: trying to extract 128 bits from nonblocking
[    6.243949] random 0000 0000 0000 f37f7344 164aede0: debiting 128 entropy credits from nonblocking (unlimited)
[    6.243951] random 0000 0000 0000 f37f7344 164aede0: extract_entropy account returned: 16 
[    6.243956] random 0000 0000 0000 f37f7344 164aede0: urand_change_num 81 extract_buf: pool_sig 000003c2, data_sig ffffff6c, bytes_mixed 20 f37f7344 164aede0
[    6.243961] random 0000 0000 0000 f37f7344 164aede0: urand_change_num 82 extract_buf: pool_sig fffffdfc, data_sig 00000091, bytes_mixed 20 f37f7344 164aede0
[    6.266737] random 0000 0000 0000 a4794863 878070c1: rand_read_num 23 get_random_bytes(16): sig 0000011b a4794863 878070c1
[    6.266740] random 0000 0000 0000 a4794863 878070c1: extract_entropy(.. 16 ..)
[    6.266742] random 0000 0000 0000 a4794863 878070c1: going to reseed nonblocking with 128 bits (128 of 0 requested)
[    6.266745] random 0000 0000 0000 a4794863 878070c1: extract_entropy(.. 16 ..)
[    6.266747] random 0000 0000 0000 a4794863 878070c1: trying to extract 128 bits from input
[    6.266749] random 0000 0000 0000 a4794863 878070c1: debiting 0 entropy credits from input
[    6.266751] random 0000 0000 0000 a4794863 878070c1: extract_entropy account returned: 0 
[    6.266754] random 0000 0000 0000 a4794863 878070c1: urand_change_num 83 xfer_secondary_pool(16): pool_sig 0000011b, data_sig 00000000, bytes_mixed 0 a4794863 878070c1
[    6.266757] random 0000 0000 0000 a4794863 878070c1: trying to extract 128 bits from nonblocking
[    6.266759] random 0000 0000 0000 a4794863 878070c1: debiting 128 entropy credits from nonblocking (unlimited)
[    6.266761] random 0000 0000 0000 a4794863 878070c1: extract_entropy account returned: 16 
[    6.266766] random 0000 0000 0000 a4794863 878070c1: urand_change_num 84 extract_buf: pool_sig 0000011b, data_sig ffffff51, bytes_mixed 20 a4794863 878070c1
[    6.266771] random 0000 0000 0000 737f19b4 9417d8ab: urand_change_num 85 extract_buf: pool_sig 000001a3, data_sig 0000006c, bytes_mixed 20 737f19b4 9417d8ab
[    6.270835] random 0000 0000 0000 737f19b4 9417d8ab: rand_read_num 24 get_random_bytes(16): sig fffffe22 737f19b4 9417d8ab
[    6.270838] random 0000 0000 0000 737f19b4 9417d8ab: extract_entropy(.. 16 ..)
[    6.270841] random 0000 0000 0000 737f19b4 9417d8ab: going to reseed nonblocking with 128 bits (128 of 0 requested)
[    6.270843] random 0000 0000 0000 737f19b4 9417d8ab: extract_entropy(.. 16 ..)
[    6.270845] random 0000 0000 0000 737f19b4 9417d8ab: trying to extract 128 bits from input
[    6.270847] random 0000 0000 0000 737f19b4 9417d8ab: debiting 0 entropy credits from input
[    6.270849] random 0000 0000 0000 737f19b4 9417d8ab: extract_entropy account returned: 0 
[    6.270852] random 0000 0000 0000 737f19b4 9417d8ab: urand_change_num 86 xfer_secondary_pool(16): pool_sig fffffe22, data_sig 00000000, bytes_mixed 0 737f19b4 9417d8ab
[    6.270855] random 0000 0000 0000 737f19b4 9417d8ab: trying to extract 128 bits from nonblocking
[    6.270857] random 0000 0000 0000 737f19b4 9417d8ab: debiting 128 entropy credits from nonblocking (unlimited)
[    6.270860] random 0000 0000 0000 737f19b4 9417d8ab: extract_entropy account returned: 16 
[    6.270864] random 0000 0000 0000 737f19b4 9417d8ab: urand_change_num 87 extract_buf: pool_sig fffffe22, data_sig 00000230, bytes_mixed 20 737f19b4 9417d8ab
[    6.270869] random 0000 0000 0000 4deb0d06 1236af4c: urand_change_num 88 extract_buf: pool_sig 000000b6, data_sig ffffff44, bytes_mixed 20 4deb0d06 1236af4c
[    6.271861] random 0000 0000 0000 b538fadc 4a7613df: rand_read_num 25 get_random_bytes(16): sig 0000013c b538fadc 4a7613df
[    6.271864] random 0000 0000 0000 b538fadc 4a7613df: extract_entropy(.. 16 ..)
[    6.271867] random 0000 0000 0000 b538fadc 4a7613df: going to reseed nonblocking with 128 bits (128 of 0 requested)
[    6.271869] random 0000 0000 0000 b538fadc 4a7613df: extract_entropy(.. 16 ..)
[    6.271871] random 0000 0000 0000 b538fadc 4a7613df: trying to extract 128 bits from input
[    6.271873] random 0000 0000 0000 b538fadc 4a7613df: debiting 0 entropy credits from input
[    6.271875] random 0000 0000 0000 b538fadc 4a7613df: extract_entropy account returned: 0 
[    6.271878] random 0000 0000 0000 b538fadc 4a7613df: urand_change_num 89 xfer_secondary_pool(16): pool_sig 0000013c, data_sig 00000000, bytes_mixed 0 b538fadc 4a7613df
[    6.271881] random 0000 0000 0000 b538fadc 4a7613df: trying to extract 128 bits from nonblocking
[    6.271884] random 0000 0000 0000 b538fadc 4a7613df: debiting 128 entropy credits from nonblocking (unlimited)
[    6.271886] random 0000 0000 0000 b538fadc 4a7613df: extract_entropy account returned: 16 
[    6.271890] random 0000 0000 0000 b538fadc 4a7613df: urand_change_num 90 extract_buf: pool_sig 0000013c, data_sig 00000015, bytes_mixed 20 b538fadc 4a7613df
[    6.271895] random 0000 0000 0000 b538fadc 4a7613df: urand_change_num 91 extract_buf: pool_sig 00000452, data_sig 0000002b, bytes_mixed 20 b538fadc 4a7613df
[    6.272351] random 0000 0000 0000 73b17df4 93bb370e: rand_read_num 26 get_random_bytes(16): sig fffffbf1 73b17df4 93bb370e
[    6.272354] random 0000 0000 0000 73b17df4 93bb370e: extract_entropy(.. 16 ..)
[    6.272357] random 0000 0000 0000 73b17df4 93bb370e: going to reseed nonblocking with 128 bits (128 of 0 requested)
[    6.272359] random 0000 0000 0000 73b17df4 93bb370e: extract_entropy(.. 16 ..)
[    6.272361] random 0000 0000 0000 73b17df4 93bb370e: trying to extract 128 bits from input
[    6.272363] random 0000 0000 0000 73b17df4 93bb370e: debiting 0 entropy credits from input
[    6.272365] random 0000 0000 0000 73b17df4 93bb370e: extract_entropy account returned: 0 
[    6.272368] random 0000 0000 0000 73b17df4 93bb370e: urand_change_num 92 xfer_secondary_pool(16): pool_sig fffffbf1, data_sig 00000000, bytes_mixed 0 73b17df4 93bb370e
[    6.272371] random 0000 0000 0000 73b17df4 93bb370e: trying to extract 128 bits from nonblocking
[    6.272374] random 0000 0000 0000 73b17df4 93bb370e: debiting 128 entropy credits from nonblocking (unlimited)
[    6.272376] random 0000 0000 0000 73b17df4 93bb370e: extract_entropy account returned: 16 
[    6.272380] random 0000 0000 0000 73b17df4 93bb370e: urand_change_num 93 extract_buf: pool_sig fffffbf1, data_sig ffffff99, bytes_mixed 20 73b17df4 93bb370e
[    6.272385] random 0000 0000 0000 73b17df4 93bb370e: urand_change_num 94 extract_buf: pool_sig fffffe1d, data_sig 000000b0, bytes_mixed 20 73b17df4 93bb370e
[    6.272789] random 0000 0000 0000 0cd682bb ba04da9f: rand_read_num 27 get_random_bytes(16): sig fffffccb 0cd682bb ba04da9f
[    6.272792] random 0000 0000 0000 0cd682bb ba04da9f: extract_entropy(.. 16 ..)
[    6.272794] random 0000 0000 0000 0cd682bb ba04da9f: going to reseed nonblocking with 128 bits (128 of 0 requested)
[    6.272797] random 0000 0000 0000 0cd682bb ba04da9f: extract_entropy(.. 16 ..)
[    6.272799] random 0000 0000 0000 0cd682bb ba04da9f: trying to extract 128 bits from input
[    6.272801] random 0000 0000 0000 0cd682bb ba04da9f: debiting 0 entropy credits from input
[    6.272803] random 0000 0000 0000 0cd682bb ba04da9f: extract_entropy account returned: 0 
[    6.272806] random 0000 0000 0000 0cd682bb ba04da9f: urand_change_num 95 xfer_secondary_pool(16): pool_sig fffffccb, data_sig 00000000, bytes_mixed 0 0cd682bb ba04da9f
[    6.272809] random 0000 0000 0000 0cd682bb ba04da9f: trying to extract 128 bits from nonblocking
[    6.272811] random 0000 0000 0000 0cd682bb ba04da9f: debiting 128 entropy credits from nonblocking (unlimited)
[    6.272813] random 0000 0000 0000 0cd682bb ba04da9f: extract_entropy account returned: 16 
[    6.272817] random 0000 0000 0000 0cd682bb ba04da9f: urand_change_num 96 extract_buf: pool_sig fffffccb, data_sig fffffec5, bytes_mixed 20 0cd682bb ba04da9f
[    6.272823] random 0000 0000 0000 26929f1a 15254dc1: urand_change_num 97 extract_buf: pool_sig fffffed2, data_sig ffffffb1, bytes_mixed 20 26929f1a 15254dc1
[    6.273704] random 0000 0000 0000 26929f1a 15254dc1: rand_read_num 28 get_random_bytes(16): sig 00000038 26929f1a 15254dc1
[    6.273707] random 0000 0000 0000 26929f1a 15254dc1: extract_entropy(.. 16 ..)
[    6.273710] random 0000 0000 0000 26929f1a 15254dc1: going to reseed nonblocking with 128 bits (128 of 0 requested)
[    6.273712] random 0000 0000 0000 26929f1a 15254dc1: extract_entropy(.. 16 ..)
[    6.273714] random 0000 0000 0000 26929f1a 15254dc1: trying to extract 128 bits from input
[    6.273716] random 0000 0000 0000 26929f1a 15254dc1: debiting 0 entropy credits from input
[    6.273718] random 0000 0000 0000 26929f1a 15254dc1: extract_entropy account returned: 0 
[    6.273721] random 0000 0000 0000 26929f1a 15254dc1: urand_change_num 98 xfer_secondary_pool(16): pool_sig 00000038, data_sig 00000000, bytes_mixed 0 26929f1a 15254dc1
[    6.273724] random 0000 0000 0000 26929f1a 15254dc1: trying to extract 128 bits from nonblocking
[    6.273727] random 0000 0000 0000 26929f1a 15254dc1: debiting 128 entropy credits from nonblocking (unlimited)
[    6.273729] random 0000 0000 0000 26929f1a 15254dc1: extract_entropy account returned: 16 
[    6.273733] random 0000 0000 0000 26929f1a 15254dc1: urand_change_num 99 extract_buf: pool_sig 00000038, data_sig 000000fd, bytes_mixed 20 26929f1a 15254dc1
[    6.273738] random 0000 0000 0000 8116fe3b 478c2d5b: urand_change_num 100 extract_buf: pool_sig 00000059, data_sig 00000310, bytes_mixed 20 8116fe3b 478c2d5b
[    6.280377] random 0000 0000 0000 a20f4a3a 32a6b2fa: rand_read_num 29 get_random_bytes(16): sig 000002c0 a20f4a3a 32a6b2fa
[    6.280379] random 0000 0000 0000 a20f4a3a 32a6b2fa: extract_entropy(.. 16 ..)
[    6.280382] random 0000 0000 0000 a20f4a3a 32a6b2fa: going to reseed nonblocking with 128 bits (128 of 0 requested)
[    6.280384] random 0000 0000 0000 a20f4a3a 32a6b2fa: extract_entropy(.. 16 ..)
[    6.280386] random 0000 0000 0000 a20f4a3a 32a6b2fa: trying to extract 128 bits from input
[    6.280388] random 0000 0000 0000 a20f4a3a 32a6b2fa: debiting 0 entropy credits from input
[    6.280390] random 0000 0000 0000 a20f4a3a 32a6b2fa: extract_entropy account returned: 0 
[    6.280394] random 0000 0000 0000 a20f4a3a 32a6b2fa: urand_change_num 101 xfer_secondary_pool(16): pool_sig 000002c0, data_sig 00000000, bytes_mixed 0 a20f4a3a 32a6b2fa
[    6.280396] random 0000 0000 0000 a20f4a3a 32a6b2fa: trying to extract 128 bits from nonblocking
[    6.280399] random 0000 0000 0000 a20f4a3a 32a6b2fa: debiting 128 entropy credits from nonblocking (unlimited)
[    6.280401] random 0000 0000 0000 a20f4a3a 32a6b2fa: extract_entropy account returned: 16 
[    6.280405] random 0000 0000 0000 a20f4a3a 32a6b2fa: urand_change_num 102 extract_buf: pool_sig 000002c0, data_sig 000000fb, bytes_mixed 20 a20f4a3a 32a6b2fa
[    6.280410] random 0000 0000 0000 a20f4a3a 32a6b2fa: urand_change_num 103 extract_buf: pool_sig ffffffdd, data_sig 000000a5, bytes_mixed 20 a20f4a3a 32a6b2fa
[    6.292907] random 0000 0000 0000 de716d2a 6c4757e1: rand_read_num 30 get_random_bytes(16): sig 000000fa de716d2a 6c4757e1
[    6.292910] random 0000 0000 0000 de716d2a 6c4757e1: extract_entropy(.. 16 ..)
[    6.292913] random 0000 0000 0000 de716d2a 6c4757e1: going to reseed nonblocking with 128 bits (128 of 0 requested)
[    6.292915] random 0000 0000 0000 de716d2a 6c4757e1: extract_entropy(.. 16 ..)
[    6.292917] random 0000 0000 0000 de716d2a 6c4757e1: trying to extract 128 bits from input
[    6.292919] random 0000 0000 0000 de716d2a 6c4757e1: debiting 0 entropy credits from input
[    6.292921] random 0000 0000 0000 de716d2a 6c4757e1: extract_entropy account returned: 0 
[    6.292924] random 0000 0000 0000 de716d2a 6c4757e1: urand_change_num 104 xfer_secondary_pool(16): pool_sig 000000fa, data_sig 00000000, bytes_mixed 0 de716d2a 6c4757e1
[    6.292927] random 0000 0000 0000 de716d2a 6c4757e1: trying to extract 128 bits from nonblocking
[    6.292929] random 0000 0000 0000 de716d2a 6c4757e1: debiting 128 entropy credits from nonblocking (unlimited)
[    6.292931] random 0000 0000 0000 de716d2a 6c4757e1: extract_entropy account returned: 16 
[    6.292936] random 0000 0000 0000 de716d2a 6c4757e1: urand_change_num 105 extract_buf: pool_sig 000000fa, data_sig ffffff34, bytes_mixed 20 de716d2a 6c4757e1
[    6.292941] random 0000 0000 0000 de716d2a 6c4757e1: urand_change_num 106 extract_buf: pool_sig 000003d3, data_sig ffffff30, bytes_mixed 20 de716d2a 6c4757e1
[    6.293531] random 0000 0000 0000 a7c511e1 f90ea457: rand_read_num 31 get_random_bytes(16): sig 0000009a a7c511e1 f90ea457
[    6.293534] random 0000 0000 0000 a7c511e1 f90ea457: extract_entropy(.. 16 ..)
[    6.293537] random 0000 0000 0000 a7c511e1 f90ea457: going to reseed nonblocking with 128 bits (128 of 0 requested)
[    6.293539] random 0000 0000 0000 a7c511e1 f90ea457: extract_entropy(.. 16 ..)
[    6.293541] random 0000 0000 0000 a7c511e1 f90ea457: trying to extract 128 bits from input
[    6.293543] random 0000 0000 0000 a7c511e1 f90ea457: debiting 0 entropy credits from input
[    6.293545] random 0000 0000 0000 a7c511e1 f90ea457: extract_entropy account returned: 0 
[    6.293548] random 0000 0000 0000 a7c511e1 f90ea457: urand_change_num 107 xfer_secondary_pool(16): pool_sig 0000009a, data_sig 00000000, bytes_mixed 0 a7c511e1 f90ea457
[    6.293551] random 0000 0000 0000 a7c511e1 f90ea457: trying to extract 128 bits from nonblocking
[    6.293553] random 0000 0000 0000 a7c511e1 f90ea457: debiting 128 entropy credits from nonblocking (unlimited)
[    6.293556] random 0000 0000 0000 a7c511e1 f90ea457: extract_entropy account returned: 16 
[    6.293560] random 0000 0000 0000 a7c511e1 f90ea457: urand_change_num 108 extract_buf: pool_sig 0000009a, data_sig 000000e0, bytes_mixed 20 a7c511e1 f90ea457
[    6.293565] random 0000 0000 0000 7c18c7e6 d65ccb06: urand_change_num 109 extract_buf: pool_sig fffffa79, data_sig 000000e0, bytes_mixed 20 7c18c7e6 d65ccb06
[    6.294162] random 0000 0000 0000 7c18c7e6 d65ccb06: rand_read_num 32 get_random_bytes(16): sig fffffe1e 7c18c7e6 d65ccb06
[    6.294165] random 0000 0000 0000 7c18c7e6 d65ccb06: extract_entropy(.. 16 ..)
[    6.294167] random 0000 0000 0000 7c18c7e6 d65ccb06: going to reseed nonblocking with 128 bits (128 of 0 requested)
[    6.294170] random 0000 0000 0000 7c18c7e6 d65ccb06: extract_entropy(.. 16 ..)
[    6.294172] random 0000 0000 0000 7c18c7e6 d65ccb06: trying to extract 128 bits from input
[    6.294174] random 0000 0000 0000 7c18c7e6 d65ccb06: debiting 0 entropy credits from input
[    6.294176] random 0000 0000 0000 7c18c7e6 d65ccb06: extract_entropy account returned: 0 
[    6.294179] random 0000 0000 0000 7c18c7e6 d65ccb06: urand_change_num 110 xfer_secondary_pool(16): pool_sig fffffe1e, data_sig 00000000, bytes_mixed 0 7c18c7e6 d65ccb06
[    6.294182] random 0000 0000 0000 7c18c7e6 d65ccb06: trying to extract 128 bits from nonblocking
[    6.294184] random 0000 0000 0000 7c18c7e6 d65ccb06: debiting 128 entropy credits from nonblocking (unlimited)
[    6.294186] random 0000 0000 0000 7c18c7e6 d65ccb06: extract_entropy account returned: 16 
