[    0.000000] random 0000 0000 0000 00000000 00000000: rand_read_num 1 get_random_bytes(8): sig 00000000 00000000 00000000
[    0.000000] random 0000 0000 0000 00000000 00000000: extract_entropy(.. 8 ..)
[    0.000000] random 0000 0000 0000 00000000 00000000: going to reseed nonblocking with 64 bits (64 of 0 requested)
[    0.000000] random 0000 0000 0000 00000000 00000000: extract_entropy(.. 8 ..)
[    0.000000] random 0000 0000 0000 00000000 00000000: trying to extract 64 bits from input
[    0.000000] random 0000 0000 0000 00000000 00000000: debiting 0 entropy credits from input
[    0.000000] random 0000 0000 0000 00000000 00000000: extract_entropy account returned: 0 
[    0.000000] random 0000 0000 0000 00000000 00000000: urand_change_num 1 xfer_secondary_pool(8): pool_sig 00000000, data_sig 00000000, bytes_mixed 0 00000000 00000000
[    0.000000] random 0000 0000 0000 00000000 00000000: trying to extract 64 bits from nonblocking
[    0.000000] random 0000 0000 0000 00000000 00000000: debiting 64 entropy credits from nonblocking (unlimited)
[    0.000000] random 0000 0000 0000 00000000 00000000: extract_entropy account returned: 8 
[    0.000000] random 0000 0000 0000 00000000 00000000: urand_change_num 2 extract_buf: pool_sig 00000000, data_sig fffffff9, bytes_mixed 20 00000000 00000000
[    0.000000] Linux version 2.6.32.57 (dcashman@dcashman-02) (gcc version 4.3.3 (GCC) ) #3 Fri May 24 04:27:34 PDT 2013
[    0.000000] KERNEL supported cpus:
[    0.000000]   Intel GenuineIntel
[    0.000000]   AMD AuthenticAMD
[    0.000000]   NSC Geode by NSC
[    0.000000]   Cyrix CyrixInstead
[    0.000000]   Centaur CentaurHauls
[    0.000000]   Transmeta GenuineTMx86
[    0.000000]   Transmeta TransmetaCPU
[    0.000000]   UMC UMC UMC UMC
[    0.000000] BIOS-provided physical RAM map:
[    0.000000]  BIOS-e820: 0000000000000000 - 000000000009d800 (usable)
[    0.000000]  BIOS-e820: 000000000009d800 - 00000000000a0000 (reserved)
[    0.000000]  BIOS-e820: 00000000000d2000 - 00000000000d4000 (reserved)
[    0.000000]  BIOS-e820: 00000000000e0000 - 0000000000100000 (reserved)
[    0.000000]  BIOS-e820: 0000000000100000 - 000000003d6b0000 (usable)
[    0.000000]  BIOS-e820: 000000003d6b0000 - 000000003d6cc000 (ACPI data)
[    0.000000]  BIOS-e820: 000000003d6cc000 - 000000003d700000 (ACPI NVS)
[    0.000000]  BIOS-e820: 000000003d700000 - 000000003e000000 (reserved)
[    0.000000]  BIOS-e820: 00000000f0000000 - 00000000f4000000 (reserved)
[    0.000000]  BIOS-e820: 00000000fec00000 - 00000000fec10000 (reserved)
[    0.000000]  BIOS-e820: 00000000fed00000 - 00000000fed00400 (reserved)
[    0.000000]  BIOS-e820: 00000000fed14000 - 00000000fed1a000 (reserved)
[    0.000000]  BIOS-e820: 00000000fed1c000 - 00000000fed90000 (reserved)
[    0.000000]  BIOS-e820: 00000000fee00000 - 00000000fee01000 (reserved)
[    0.000000]  BIOS-e820: 00000000ff000000 - 0000000100000000 (reserved)
[    0.000000] DMI present.
[    0.000000] last_pfn = 0x3d6b0 max_arch_pfn = 0x100000
[    0.000000] MTRR default type: uncachable
[    0.000000] MTRR fixed ranges enabled:
[    0.000000]   00000-9FFFF write-back
[    0.000000]   A0000-BFFFF uncachable
[    0.000000]   C0000-CFFFF write-protect
[    0.000000]   D0000-DFFFF uncachable
[    0.000000]   E0000-FFFFF write-protect
[    0.000000] MTRR variable ranges enabled:
[    0.000000]   0 base 03E000000 mask FFE000000 uncachable
[    0.000000]   1 base 000000000 mask FC0000000 write-back
[    0.000000]   2 base 03D700000 mask FFFF00000 uncachable
[    0.000000]   3 base 03D800000 mask FFF800000 uncachable
[    0.000000]   4 disabled
[    0.000000]   5 disabled
[    0.000000]   6 disabled
[    0.000000]   7 disabled
[    0.000000] initial memory mapped : 0 - 02000000
[    0.000000] init_memory_mapping: 0000000000000000-00000000377fe000
[    0.000000]  0000000000 - 0000400000 page 4k
[    0.000000]  0000400000 - 0037400000 page 2M
[    0.000000]  0037400000 - 00377fe000 page 4k
[    0.000000] kernel direct mapping tables up to 377fe000 @ 7000-c000
[    0.000000] ACPI: RSDP 000f68d0 00024 (v02 LENOVO)
[    0.000000] ACPI: XSDT 3d6bb77f 00094 (v01 LENOVO TP-7L    00002170  LTP 00000000)
[    0.000000] ACPI: FACP 3d6bb900 000F4 (v03 LENOVO TP-7L    00002170 LNVO 00000001)
[    0.000000] ACPI Warning: 32/64X length mismatch in Gpe1Block: 0/32 (20090903/tbfadt-526)
[    0.000000] ACPI Warning: Optional field Gpe1Block has zero address or length: 000000000000102C/0 (20090903/tbfadt-557)
[    0.000000] ACPI: DSDT 3d6bbd1d 0FED1 (v01 LENOVO TP-7L    00002170 MSFT 03000000)
[    0.000000] ACPI: FACS 3d6e4000 00040
[    0.000000] ACPI: SSDT 3d6bbab4 00269 (v01 LENOVO TP-7L    00002170 MSFT 03000000)
[    0.000000] ACPI: ECDT 3d6cbbee 00052 (v01 LENOVO TP-7L    00002170 LNVO 00000001)
[    0.000000] ACPI: TCPA 3d6cbc40 00032 (v02 LENOVO TP-7L    00002170 LNVO 00000001)
[    0.000000] ACPI: APIC 3d6cbc72 00068 (v01 LENOVO TP-7L    00002170 LNVO 00000001)
[    0.000000] ACPI: MCFG 3d6cbcda 0003C (v01 LENOVO TP-7L    00002170 LNVO 00000001)
[    0.000000] ACPI: HPET 3d6cbd16 00038 (v01 LENOVO TP-7L    00002170 LNVO 00000001)
[    0.000000] ACPI: SLIC 3d6cbdf0 00176 (v01 LENOVO TP-7L    00002170  LTP 00000000)
[    0.000000] ACPI: BOOT 3d6cbf66 00028 (v01 LENOVO TP-7L    00002170  LTP 00000001)
[    0.000000] ACPI: ASF! 3d6cbf8e 00072 (v16 LENOVO TP-7L    00002170 PTL  00000001)
[    0.000000] ACPI: SSDT 3d6e26d9 0025F (v01 LENOVO TP-7L    00002170 INTL 20050513)
[    0.000000] ACPI: SSDT 3d6e2938 000A6 (v01 LENOVO TP-7L    00002170 INTL 20050513)
[    0.000000] ACPI: SSDT 3d6e29de 004F7 (v01 LENOVO TP-7L    00002170 INTL 20050513)
[    0.000000] ACPI: SSDT 3d6e2ed5 001D8 (v01 LENOVO TP-7L    00002170 INTL 20050513)
[    0.000000] ACPI: DMI detected: Lenovo ThinkPad R61
[    0.000000] ACPI: Added _OSI(Linux)
[    0.000000] ACPI: Local APIC address 0xfee00000
[    0.000000] 94MB HIGHMEM available.
[    0.000000] 887MB LOWMEM available.
[    0.000000]   mapped low ram: 0 - 377fe000
[    0.000000]   low ram: 0 - 377fe000
[    0.000000]   node 0 low ram: 00000000 - 377fe000
[    0.000000]   node 0 bootmap 00008000 - 0000ef00
[    0.000000] (6 early reservations) ==> bootmem [0000000000 - 00377fe000]
[    0.000000]   #0 [0000000000 - 0000001000]   BIOS data page ==> [0000000000 - 0000001000]
[    0.000000]   #1 [0001000000 - 0001bdc180]    TEXT DATA BSS ==> [0001000000 - 0001bdc180]
[    0.000000]   #2 [000009d800 - 0000100000]    BIOS reserved ==> [000009d800 - 0000100000]
[    0.000000]   #3 [0001bdd000 - 0001be516c]              BRK ==> [0001bdd000 - 0001be516c]
[    0.000000]   #4 [0000007000 - 0000008000]          PGTABLE ==> [0000007000 - 0000008000]
[    0.000000]   #5 [0000008000 - 000000f000]          BOOTMAP ==> [0000008000 - 000000f000]
[    0.000000] found SMP MP-table at [c00f6900] f6900
[    0.000000] Zone PFN ranges:
[    0.000000]   DMA      0x00000000 -> 0x00001000
[    0.000000]   Normal   0x00001000 -> 0x000377fe
[    0.000000]   HighMem  0x000377fe -> 0x0003d6b0
[    0.000000] Movable zone start PFN for each node
[    0.000000] early_node_map[2] active PFN ranges
[    0.000000]     0: 0x00000000 -> 0x0000009d
[    0.000000]     0: 0x00000100 -> 0x0003d6b0
[    0.000000] On node 0 totalpages: 251469
[    0.000000] free_area_init_node: node 0, pgdat c1901ea0, node_mem_map c1be7000
[    0.000000]   DMA zone: 32 pages used for memmap
[    0.000000]   DMA zone: 0 pages reserved
[    0.000000]   DMA zone: 3965 pages, LIFO batch:0
[    0.000000]   Normal zone: 1744 pages used for memmap
[    0.000000]   Normal zone: 221486 pages, LIFO batch:31
[    0.000000]   HighMem zone: 190 pages used for memmap
[    0.000000]   HighMem zone: 24052 pages, LIFO batch:3
[    0.000000] Using APIC driver default
[    0.000000] ACPI: PM-Timer IO Port: 0x1008
[    0.000000] ACPI: Local APIC address 0xfee00000
[    0.000000] ACPI: LAPIC (acpi_id[0x00] lapic_id[0x00] enabled)
[    0.000000] ACPI: LAPIC (acpi_id[0x01] lapic_id[0x01] enabled)
[    0.000000] ACPI: NR_CPUS/possible_cpus limit of 1 reached.  Processor 1/0x1 ignored.
[    0.000000] ACPI: LAPIC_NMI (acpi_id[0x00] high edge lint[0x1])
[    0.000000] ACPI: LAPIC_NMI (acpi_id[0x01] high edge lint[0x1])
[    0.000000] ACPI: IOAPIC (id[0x01] address[0xfec00000] gsi_base[0])
[    0.000000] IOAPIC[0]: apic_id 1, version 32, address 0xfec00000, GSI 0-23
[    0.000000] ACPI: INT_SRC_OVR (bus 0 bus_irq 0 global_irq 2 dfl dfl)
[    0.000000] ACPI: INT_SRC_OVR (bus 0 bus_irq 9 global_irq 9 high level)
[    0.000000] ACPI: IRQ0 used by override.
[    0.000000] ACPI: IRQ2 used by override.
[    0.000000] ACPI: IRQ9 used by override.
[    0.000000] Using ACPI (MADT) for SMP configuration information
[    0.000000] ACPI: HPET id: 0x8086a201 base: 0xfed00000
[    0.000000] nr_irqs_gsi: 24
[    0.000000] PM: Registered nosave memory: 000000000009d000 - 000000000009e000
[    0.000000] PM: Registered nosave memory: 000000000009e000 - 00000000000a0000
[    0.000000] PM: Registered nosave memory: 00000000000a0000 - 00000000000d2000
[    0.000000] PM: Registered nosave memory: 00000000000d2000 - 00000000000d4000
[    0.000000] PM: Registered nosave memory: 00000000000d4000 - 00000000000e0000
[    0.000000] PM: Registered nosave memory: 00000000000e0000 - 0000000000100000
[    0.000000] Allocating PCI resources starting at 3e000000 (gap: 3e000000:b2000000)
[    0.000000] Built 1 zonelists in Zone order, mobility grouping on.  Total pages: 249503
[    0.000000] Kernel command line: auto BOOT_IMAGE=Linux ro root=802 vt.default_utf8=0 maxcpus=0
[    0.000000] PID hash table entries: 4096 (order: 2, 16384 bytes)
[    0.000000] Dentry cache hash table entries: 131072 (order: 7, 524288 bytes)
[    0.000000] Inode-cache hash table entries: 65536 (order: 6, 262144 bytes)
[    0.000000] Enabling fast FPU save and restore... done.
[    0.000000] Enabling unmasked SIMD FPU exception support... done.
[    0.000000] Initializing CPU#0
[    0.000000] Initializing HighMem for node 0 (000377fe:0003d6b0)
[    0.000000] Memory: 984800k/1006272k available (6914k kernel code, 20876k reserved, 2328k data, 448k init, 96968k highmem)
[    0.000000] virtual kernel memory layout:
[    0.000000]     fixmap  : 0xfffa3000 - 0xfffff000   ( 368 kB)
[    0.000000]     pkmap   : 0xff800000 - 0xffc00000   (4096 kB)
[    0.000000]     vmalloc : 0xf7ffe000 - 0xff7fe000   ( 120 MB)
[    0.000000]     lowmem  : 0xc0000000 - 0xf77fe000   ( 887 MB)
[    0.000000]       .init : 0xc1907000 - 0xc1977000   ( 448 kB)
[    0.000000]       .data : 0xc16c0b5f - 0xc1906c64   (2328 kB)
[    0.000000]       .text : 0xc1000000 - 0xc16c0b5f   (6914 kB)
[    0.000000] Checking if this processor honours the WP bit even in supervisor mode...Ok.
[    0.000000] SLUB: Genslabs=13, HWalign=64, Order=0-3, MinObjects=0, CPUs=1, Nodes=1
[    0.000000] Hierarchical RCU implementation.
[    0.000000] NR_IRQS:288
[    0.000000] Extended CMOS year: 2000
[    0.000000] Console: colour VGA+ 80x25
[    0.000000] console [tty0] enabled
[    0.000000] hpet clockevent registered
[    0.000000] Fast TSC calibration using PIT
[    0.000000] Detected 2094.710 MHz processor.
[    0.002001] Calibrating delay loop (skipped), value calculated using timer frequency.. 4189.42 BogoMIPS (lpj=2094710)
[    0.002169] Security Framework initialized
[    0.002256] Mount-cache hash table entries: 512
[    0.002403] CPU: L1 I cache: 32K, L1 D cache: 32K
[    0.002532] CPU: L2 cache: 3072K
[    0.002613] mce: CPU supports 6 MCE banks
[    0.002697] CPU0: Thermal monitoring enabled (TM2)
[    0.002782] using mwait in idle threads.
[    0.002866] CPU: Intel(R) Core(TM)2 Duo CPU     T8100  @ 2.10GHz stepping 06
[    0.003078] Checking 'hlt' instruction... OK.
[    0.007941] ACPI: Core revision 20090903
[    0.027014] CANARY value: ff2c13bf for PID: 1
[    0.027044] Enabling APIC mode:  Flat.  Using 1 I/O APICs
[    0.028365] ..TIMER: vector=0x30 apic1=0 pin1=2 apic2=-1 pin2=-1
[    0.038997] xor: automatically using best checksumming function: pIII_sse
[    0.042998]    pIII_sse  :  8568.000 MB/sec
[    0.043084] xor: using function: pIII_sse (8568.000 MB/sec)
[    0.043181] RANDOM - __seed init called.
[    0.043182] RANDOM - __seed init called.
[    0.043182] RANDOM - __seed init called.
[    0.043184] RANDOM - __random32 called. Change num 1.  Value: 870e7b8	f6ea009	16c0ad5a
[    0.043186] RANDOM - __random32 called. Change num 2.  Value: e7b8290	f6ea0099	5ab418b8
[    0.043188] RANDOM - __random32 called. Change num 3.  Value: b8290fc5	6ea00996	3171e29b
[    0.043189] RANDOM - __random32 called. Change num 4.  Value: 90fc533a	ea00996a	c5375fde
[    0.043191] RANDOM - __random32 called. Change num 5.  Value: c533a353	a00996a1	bfbd91b4
[    0.043193] RANDOM - __random32 called. Change num 6.  Value: 3a35362b	996a10	23684a23
[    0.043194] RANDOM - random32 init called.  Value: 3a35362b	996a10	23684a23
[    0.043212] NET: Registered protocol family 16
[    0.043468] ACPI FADT declares the system doesn't support PCIe ASPM, so disable it
[    0.043588] ACPI: bus type pci registered
[    0.043746] PCI: MCFG configuration 0: base f0000000 segment 0 buses 0 - 63
[    0.043828] PCI: MCFG area at f0000000 reserved in E820
[    0.043911] PCI: Using MMCONFIG for extended config space
[    0.043991] PCI: Using configuration type 1 for base access
[    0.047105] bio: create slab <bio-0> at 0
[    0.047911] ACPI: EC: EC description table is found, configuring boot EC
[    0.053056] ACPI: BIOS _OSI(Linux) query honored via DMI
[    0.053775] random 0000 0000 0000 00000000 00000000: rand_read_num 2 get_random_bytes(8): sig fffffe1a 00000000 00000000
[    0.053777] random 0000 0000 0000 00000000 00000000: extract_entropy(.. 8 ..)
[    0.053780] random 0000 0000 0000 00000000 00000000: going to reseed nonblocking with 64 bits (64 of 0 requested)
[    0.053782] random 0000 0000 0000 00000000 00000000: extract_entropy(.. 8 ..)
[    0.053784] random 0000 0000 0000 00000000 00000000: trying to extract 64 bits from input
[    0.053787] random 0000 0000 0000 00000000 00000000: debiting 0 entropy credits from input
[    0.053788] random 0000 0000 0000 00000000 00000000: extract_entropy account returned: 0 
[    0.053791] random 0000 0000 0000 00000000 00000000: urand_change_num 3 xfer_secondary_pool(8): pool_sig fffffe1a, data_sig 00000000, bytes_mixed 0 00000000 00000000
[    0.053794] random 0000 0000 0000 00000000 00000000: trying to extract 64 bits from nonblocking
[    0.053797] random 0000 0000 0000 00000000 00000000: debiting 64 entropy credits from nonblocking (unlimited)
[    0.053799] random 0000 0000 0000 00000000 00000000: extract_entropy account returned: 8 
[    0.053803] random 0000 0000 0000 00000000 00000000: urand_change_num 4 extract_buf: pool_sig fffffe1a, data_sig fffffed7, bytes_mixed 20 00000000 00000000
[    0.058556] ACPI: Interpreter enabled
[    0.058650] ACPI: (supports S0 S3 S4 S5)
[    0.058946] ACPI: Using IOAPIC for interrupt routing
[    0.068662] ACPI: EC: GPE = 0x12, I/O: command/status = 0x66, data = 0x62
[    0.068934] ACPI: Power Resource [PUBS] (on)
[    0.071090] ACPI: ACPI Dock Station Driver: 3 docks/bays found
[    0.071492] ACPI: PCI Root Bridge [PCI0] (0000:00)
[    0.071663] pci 0000:00:02.0: reg 10 64bit mmio: [0xf8100000-0xf81fffff]
[    0.071669] pci 0000:00:02.0: reg 18 64bit mmio pref: [0xe0000000-0xefffffff]
[    0.071673] pci 0000:00:02.0: reg 20 io port: [0x1800-0x1807]
[    0.071707] pci 0000:00:02.1: reg 10 64bit mmio: [0xf8200000-0xf82fffff]
[    0.071814] pci 0000:00:19.0: reg 10 32bit mmio: [0xfe000000-0xfe01ffff]
[    0.071823] pci 0000:00:19.0: reg 14 32bit mmio: [0xfe025000-0xfe025fff]
[    0.071833] pci 0000:00:19.0: reg 18 io port: [0x1840-0x185f]
[    0.071898] pci 0000:00:19.0: PME# supported from D0 D3hot D3cold
[    0.071986] pci 0000:00:19.0: PME# disabled
[    0.072048] pci 0000:00:1a.0: reg 20 io port: [0x1860-0x187f]
[    0.072137] pci 0000:00:1a.1: reg 20 io port: [0x1880-0x189f]
[    0.072219] pci 0000:00:1a.7: reg 10 32bit mmio: [0xfe226c00-0xfe226fff]
[    0.072309] pci 0000:00:1a.7: PME# supported from D0 D3hot D3cold
[    0.072397] pci 0000:00:1a.7: PME# disabled
[    0.072536] pci 0000:00:1b.0: reg 10 64bit mmio: [0xfe020000-0xfe023fff]
[    0.072616] pci 0000:00:1b.0: PME# supported from D0 D3hot D3cold
[    0.072702] pci 0000:00:1b.0: PME# disabled
[    0.072904] pci 0000:00:1c.0: PME# supported from D0 D3hot D3cold
[    0.072999] pci 0000:00:1c.0: PME# disabled
[    0.073191] pci 0000:00:1c.1: PME# supported from D0 D3hot D3cold
[    0.073279] pci 0000:00:1c.1: PME# disabled
[    0.073476] pci 0000:00:1c.2: PME# supported from D0 D3hot D3cold
[    0.073572] pci 0000:00:1c.2: PME# disabled
[    0.073775] pci 0000:00:1c.3: PME# supported from D0 D3hot D3cold
[    0.073859] pci 0000:00:1c.3: PME# disabled
[    0.074106] pci 0000:00:1c.4: PME# supported from D0 D3hot D3cold
[    0.074192] pci 0000:00:1c.4: PME# disabled
[    0.075026] pci 0000:00:1d.0: reg 20 io port: [0x18a0-0x18bf]
[    0.075107] pci 0000:00:1d.1: reg 20 io port: [0x18c0-0x18df]
[    0.075183] pci 0000:00:1d.2: reg 20 io port: [0x18e0-0x18ff]
[    0.075282] pci 0000:00:1d.7: reg 10 32bit mmio: [0xfe227000-0xfe2273ff]
[    0.075381] pci 0000:00:1d.7: PME# supported from D0 D3hot D3cold
[    0.075467] pci 0000:00:1d.7: PME# disabled
[    0.075758] pci 0000:00:1f.0: quirk: region 1000-107f claimed by ICH6 ACPI/GPIO/TCO
[    0.075874] pci 0000:00:1f.0: quirk: region 1180-11bf claimed by ICH6 GPIO
[    0.075958] pci 0000:00:1f.0: ICH7 LPC Generic IO decode 1 PIO at 1600 (mask 007f)
[    0.075996] pci 0000:00:1f.0: ICH7 LPC Generic IO decode 2 PIO at 15e0 (mask 000f)
[    0.076108] pci 0000:00:1f.0: ICH7 LPC Generic IO decode 3 PIO at 1680 (mask 001f)
[    0.076297] pci 0000:00:1f.1: reg 10 io port: [0x00-0x07]
[    0.076309] pci 0000:00:1f.1: reg 14 io port: [0x00-0x03]
[    0.076318] pci 0000:00:1f.1: reg 18 io port: [0x00-0x07]
[    0.076327] pci 0000:00:1f.1: reg 1c io port: [0x00-0x03]
[    0.076341] pci 0000:00:1f.1: reg 20 io port: [0x1c00-0x1c0f]
[    0.076419] pci 0000:00:1f.2: reg 10 io port: [0x1c50-0x1c57]
[    0.076426] pci 0000:00:1f.2: reg 14 io port: [0x1c44-0x1c47]
[    0.076435] pci 0000:00:1f.2: reg 18 io port: [0x1c48-0x1c4f]
[    0.076443] pci 0000:00:1f.2: reg 1c io port: [0x1c40-0x1c43]
[    0.076452] pci 0000:00:1f.2: reg 20 io port: [0x1c20-0x1c3f]
[    0.076459] pci 0000:00:1f.2: reg 24 32bit mmio: [0xfe226000-0xfe2267ff]
[    0.076522] pci 0000:00:1f.2: PME# supported from D3hot
[    0.076607] pci 0000:00:1f.2: PME# disabled
[    0.076730] pci 0000:00:1f.3: reg 10 32bit mmio: [0xfe227400-0xfe2274ff]
[    0.076755] pci 0000:00:1f.3: reg 20 io port: [0x1c60-0x1c7f]
[    0.076848] pci 0000:00:1c.0: bridge io port: [0x2000-0x2fff]
[    0.076852] pci 0000:00:1c.0: bridge 32bit mmio: [0xfc000000-0xfdffffff]
[    0.076862] pci 0000:00:1c.0: bridge 64bit mmio pref: [0xf8000000-0xf80fffff]
[    0.077015] pci 0000:03:00.0: reg 10 64bit mmio: [0xdf3f0000-0xdf3fffff]
[    0.077212] pci 0000:00:1c.1: bridge io port: [0x3000-0x3fff]
[    0.077218] pci 0000:00:1c.1: bridge 32bit mmio: [0xdc000000-0xdf3fffff]
[    0.077227] pci 0000:00:1c.1: bridge 64bit mmio pref: [0xdfe00000-0xdfefffff]
[    0.077284] pci 0000:00:1c.2: bridge io port: [0x4000-0x4fff]
[    0.077290] pci 0000:00:1c.2: bridge 32bit mmio: [0xd8000000-0xd9ffffff]
[    0.077299] pci 0000:00:1c.2: bridge 64bit mmio pref: [0xdfb00000-0xdfbfffff]
[    0.077356] pci 0000:00:1c.3: bridge io port: [0x5000-0x5fff]
[    0.077360] pci 0000:00:1c.3: bridge 32bit mmio: [0xd4000000-0xd5ffffff]
[    0.077370] pci 0000:00:1c.3: bridge 64bit mmio pref: [0xdf800000-0xdf8fffff]
[    0.077427] pci 0000:00:1c.4: bridge io port: [0x6000-0x6fff]
[    0.077433] pci 0000:00:1c.4: bridge 32bit mmio: [0xd0000000-0xd1ffffff]
[    0.077441] pci 0000:00:1c.4: bridge 64bit mmio pref: [0xdf500000-0xdf5fffff]
[    0.077496] pci 0000:15:00.0: reg 10 32bit mmio: [0xf8300000-0xf8300fff]
[    0.077544] pci 0000:15:00.0: supports D1 D2
[    0.077545] pci 0000:15:00.0: PME# supported from D0 D1 D2 D3hot D3cold
[    0.077639] pci 0000:15:00.0: PME# disabled
[    0.077781] pci 0000:15:00.1: reg 10 32bit mmio: [0xf8301000-0xf83017ff]
[    0.077876] pci 0000:15:00.1: supports D1 D2
[    0.077878] pci 0000:15:00.1: PME# supported from D0 D1 D2 D3hot D3cold
[    0.077971] pci 0000:15:00.1: PME# disabled
[    0.078084] pci 0000:00:1e.0: transparent bridge
[    0.078169] pci 0000:00:1e.0: bridge io port: [0x7000-0xafff]
[    0.078175] pci 0000:00:1e.0: bridge 32bit mmio: [0xf8300000-0xfbffffff]
[    0.078182] pci 0000:00:1e.0: bridge 64bit mmio pref: [0xf4000000-0xf7ffffff]
[    0.078247] pci_bus 0000:00: on NUMA node 0
[    0.078251] ACPI: PCI Interrupt Routing Table [\_SB_.PCI0._PRT]
[    0.078384] ACPI: PCI Interrupt Routing Table [\_SB_.PCI0.EXP0._PRT]
[    0.078443] ACPI: PCI Interrupt Routing Table [\_SB_.PCI0.EXP1._PRT]
[    0.078501] ACPI: PCI Interrupt Routing Table [\_SB_.PCI0.EXP2._PRT]
[    0.078559] ACPI: PCI Interrupt Routing Table [\_SB_.PCI0.EXP3._PRT]
[    0.078621] ACPI: PCI Interrupt Routing Table [\_SB_.PCI0.EXP4._PRT]
[    0.078683] ACPI: PCI Interrupt Routing Table [\_SB_.PCI0.PCI1._PRT]
[    0.084215] ACPI: PCI Interrupt Link [LNKA] (IRQs 3 4 5 6 7 9 *10 11)
[    0.084970] ACPI: PCI Interrupt Link [LNKB] (IRQs 3 4 5 6 7 9 10 *11)
[    0.085667] ACPI: PCI Interrupt Link [LNKC] (IRQs 3 4 5 6 7 9 10 *11)
[    0.086373] ACPI: PCI Interrupt Link [LNKD] (IRQs 3 4 5 6 7 9 10 *11)
[    0.087154] ACPI: PCI Interrupt Link [LNKE] (IRQs 3 4 5 6 7 9 10 *11)
[    0.087883] ACPI: PCI Interrupt Link [LNKF] (IRQs 3 4 5 6 7 9 10 *11)
[    0.088558] ACPI: PCI Interrupt Link [LNKG] (IRQs 3 4 5 6 7 9 10 *11)
[    0.089283] ACPI: PCI Interrupt Link [LNKH] (IRQs 3 4 5 6 7 9 10 *11)
[    0.090003] vgaarb: device added: PCI:0000:00:02.0,decodes=io+mem,owns=io+mem,locks=none
[    0.090135] vgaarb: loaded
[    0.090311] SCSI subsystem initialized
[    0.090405] libata version 3.00 loaded.
[    0.090452] usbcore: registered new interface driver usbfs
[    0.090566] usbcore: registered new interface driver hub
[    0.090672] usbcore: registered new device driver usb
[    0.107041] raid6: int32x1    941 MB/s
[    0.124055] raid6: int32x2    890 MB/s
[    0.140989] raid6: int32x4    746 MB/s
[    0.157989] raid6: int32x8    656 MB/s
[    0.174990] raid6: mmxx1     2878 MB/s
[    0.191985] raid6: mmxx2     3269 MB/s
[    0.208989] raid6: sse1x1    1937 MB/s
[    0.225995] raid6: sse1x2    2535 MB/s
[    0.242984] raid6: sse2x1    3511 MB/s
[    0.259983] raid6: sse2x2    3832 MB/s
[    0.260061] raid6: using algorithm sse2x2 (3832 MB/s)
[    0.260143] PCI: Using ACPI for IRQ routing
[    0.260435] HPET: 3 timers in total, 0 timers will be used for per-cpu timer
[    0.260991] Switching to clocksource tsc
[    0.261083] pnp: PnP ACPI init
[    0.261163] ACPI: bus type pnp registered
[    0.264822] pnp: PnP ACPI: found 11 devices
[    0.264925] ACPI: ACPI bus type pnp unregistered
[    0.265010] system 00:00: iomem range 0x0-0x9ffff could not be reserved
[    0.265092] system 00:00: iomem range 0xc0000-0xc3fff could not be reserved
[    0.265181] system 00:00: iomem range 0xc4000-0xc7fff could not be reserved
[    0.265263] system 00:00: iomem range 0xc8000-0xcbfff has been reserved
[    0.265346] system 00:00: iomem range 0xcc000-0xcffff has been reserved
[    0.265439] system 00:00: iomem range 0xd0000-0xd3fff could not be reserved
[    0.265535] system 00:00: iomem range 0xe0000-0xe3fff could not be reserved
[    0.265637] system 00:00: iomem range 0xe4000-0xe7fff could not be reserved
[    0.265732] system 00:00: iomem range 0xe8000-0xebfff could not be reserved
[    0.265815] system 00:00: iomem range 0xec000-0xeffff could not be reserved
[    0.265901] system 00:00: iomem range 0xf0000-0xfffff could not be reserved
[    0.265985] system 00:00: iomem range 0x100000-0x3dffffff could not be reserved
[    0.266103] system 00:00: iomem range 0xfec00000-0xfed3ffff could not be reserved
[    0.266217] system 00:00: iomem range 0xfed4c000-0xffffffff could not be reserved
[    0.266333] system 00:02: ioport range 0x164e-0x164f has been reserved
[    0.266415] system 00:02: ioport range 0x1000-0x107f has been reserved
[    0.266502] system 00:02: ioport range 0x1180-0x11bf has been reserved
[    0.266583] system 00:02: ioport range 0x800-0x80f has been reserved
[    0.266674] system 00:02: ioport range 0x15e0-0x15ef has been reserved
[    0.266758] system 00:02: ioport range 0x1600-0x165f could not be reserved
[    0.266844] system 00:02: iomem range 0xf0000000-0xf3ffffff has been reserved
[    0.266943] system 00:02: iomem range 0xfed1c000-0xfed1ffff has been reserved
[    0.267034] system 00:02: iomem range 0xfed14000-0xfed17fff has been reserved
[    0.267117] system 00:02: iomem range 0xfed18000-0xfed18fff has been reserved
[    0.267202] system 00:02: iomem range 0xfed19000-0xfed19fff has been reserved
[    0.267285] system 00:02: iomem range 0xfed45000-0xfed4bfff has been reserved
[    0.302327] pci 0000:00:1c.0: PCI bridge, secondary bus 0000:02
[    0.302413] pci 0000:00:1c.0:   IO window: 0x2000-0x2fff
[    0.302497] pci 0000:00:1c.0:   MEM window: 0xfc000000-0xfdffffff
[    0.302588] pci 0000:00:1c.0:   PREFETCH window: 0x000000f8000000-0x000000f80fffff
[    0.302705] pci 0000:00:1c.1: PCI bridge, secondary bus 0000:03
[    0.302792] pci 0000:00:1c.1:   IO window: 0x3000-0x3fff
[    0.302883] pci 0000:00:1c.1:   MEM window: 0xdc000000-0xdf3fffff
[    0.302973] pci 0000:00:1c.1:   PREFETCH window: 0x000000dfe00000-0x000000dfefffff
[    0.303095] pci 0000:00:1c.2: PCI bridge, secondary bus 0000:04
[    0.303184] pci 0000:00:1c.2:   IO window: 0x4000-0x4fff
[    0.303285] pci 0000:00:1c.2:   MEM window: 0xd8000000-0xd9ffffff
[    0.303370] pci 0000:00:1c.2:   PREFETCH window: 0x000000dfb00000-0x000000dfbfffff
[    0.303486] pci 0000:00:1c.3: PCI bridge, secondary bus 0000:05
[    0.303573] pci 0000:00:1c.3:   IO window: 0x5000-0x5fff
[    0.303670] pci 0000:00:1c.3:   MEM window: 0xd4000000-0xd5ffffff
[    0.303753] pci 0000:00:1c.3:   PREFETCH window: 0x000000df800000-0x000000df8fffff
[    0.303884] pci 0000:00:1c.4: PCI bridge, secondary bus 0000:0d
[    0.303974] pci 0000:00:1c.4:   IO window: 0x6000-0x6fff
[    0.304070] pci 0000:00:1c.4:   MEM window: 0xd0000000-0xd1ffffff
[    0.304169] pci 0000:00:1c.4:   PREFETCH window: 0x000000df500000-0x000000df5fffff
[    0.304299] pci 0000:15:00.0: CardBus bridge, secondary bus 0000:16
[    0.304380] pci 0000:15:00.0:   IO window: 0x007000-0x0070ff
[    0.304471] pci 0000:15:00.0:   IO window: 0x007400-0x0074ff
[    0.304562] pci 0000:15:00.0:   PREFETCH window: 0xf4000000-0xf7ffffff
[    0.304658] pci 0000:15:00.0:   MEM window: 0x40000000-0x43ffffff
[    0.304742] pci 0000:00:1e.0: PCI bridge, secondary bus 0000:15
[    0.304828] pci 0000:00:1e.0:   IO window: 0x7000-0xafff
[    0.304922] pci 0000:00:1e.0:   MEM window: 0xf8300000-0xfbffffff
[    0.305005] pci 0000:00:1e.0:   PREFETCH window: 0x000000f4000000-0x000000f7ffffff
[    0.305139] pci 0000:00:1c.0: PCI INT A -> GSI 20 (level, low) -> IRQ 20
[    0.305227] pci 0000:00:1c.0: setting latency timer to 64
[    0.305241] pci 0000:00:1c.1: PCI INT B -> GSI 21 (level, low) -> IRQ 21
[    0.305328] pci 0000:00:1c.1: setting latency timer to 64
[    0.305342] pci 0000:00:1c.2: PCI INT C -> GSI 22 (level, low) -> IRQ 22
[    0.305430] pci 0000:00:1c.2: setting latency timer to 64
[    0.305441] pci 0000:00:1c.3: PCI INT D -> GSI 23 (level, low) -> IRQ 23
[    0.305525] pci 0000:00:1c.3: setting latency timer to 64
[    0.305539] pci 0000:00:1c.4: PCI INT A -> GSI 20 (level, low) -> IRQ 20
[    0.305626] pci 0000:00:1c.4: setting latency timer to 64
[    0.305633] pci 0000:00:1e.0: enabling device (0005 -> 0007)
[    0.305719] pci 0000:00:1e.0: setting latency timer to 64
[    0.305735] pci 0000:15:00.0: PCI INT A -> GSI 16 (level, low) -> IRQ 16
[    0.305826] pci 0000:15:00.0: setting latency timer to 64
[    0.305832] pci_bus 0000:00: resource 0 io:  [0x00-0xffff]
[    0.305834] pci_bus 0000:00: resource 1 mem: [0x000000-0xffffffff]
[    0.305836] pci_bus 0000:02: resource 0 io:  [0x2000-0x2fff]
[    0.305837] pci_bus 0000:02: resource 1 mem: [0xfc000000-0xfdffffff]
[    0.305839] pci_bus 0000:02: resource 2 pref mem [0xf8000000-0xf80fffff]
[    0.305841] pci_bus 0000:03: resource 0 io:  [0x3000-0x3fff]
[    0.305843] pci_bus 0000:03: resource 1 mem: [0xdc000000-0xdf3fffff]
[    0.305845] pci_bus 0000:03: resource 2 pref mem [0xdfe00000-0xdfefffff]
[    0.305847] pci_bus 0000:04: resource 0 io:  [0x4000-0x4fff]
[    0.305848] pci_bus 0000:04: resource 1 mem: [0xd8000000-0xd9ffffff]
[    0.305850] pci_bus 0000:04: resource 2 pref mem [0xdfb00000-0xdfbfffff]
[    0.305852] pci_bus 0000:05: resource 0 io:  [0x5000-0x5fff]
[    0.305854] pci_bus 0000:05: resource 1 mem: [0xd4000000-0xd5ffffff]
[    0.305855] pci_bus 0000:05: resource 2 pref mem [0xdf800000-0xdf8fffff]
[    0.305857] pci_bus 0000:0d: resource 0 io:  [0x6000-0x6fff]
[    0.305859] pci_bus 0000:0d: resource 1 mem: [0xd0000000-0xd1ffffff]
[    0.305861] pci_bus 0000:0d: resource 2 pref mem [0xdf500000-0xdf5fffff]
[    0.305863] pci_bus 0000:15: resource 0 io:  [0x7000-0xafff]
[    0.305867] pci_bus 0000:15: resource 1 mem: [0xf8300000-0xfbffffff]
[    0.305869] pci_bus 0000:15: resource 2 pref mem [0xf4000000-0xf7ffffff]
[    0.305871] pci_bus 0000:15: resource 3 io:  [0x00-0xffff]
[    0.305873] pci_bus 0000:15: resource 4 mem: [0x000000-0xffffffff]
[    0.305874] pci_bus 0000:16: resource 0 io:  [0x7000-0x70ff]
[    0.305876] pci_bus 0000:16: resource 1 io:  [0x7400-0x74ff]
[    0.305878] pci_bus 0000:16: resource 2 pref mem [0xf4000000-0xf7ffffff]
[    0.305880] pci_bus 0000:16: resource 3 mem: [0x40000000-0x43ffffff]
[    0.305887] NET: Registered protocol family 2
[    0.305979] RANDOM - __random32 called. Change num 7.  Value: 5362b39e	996a101	94470543
[    0.305981] RANDOM - random32 called.  Value: 5362b39e	996a101	94470543
[    0.305985] random 0000 0000 0000 5f8db4e5 4cfdf2a8: rand_read_num 3 get_random_bytes(4): sig fffffb64 5f8db4e5 4cfdf2a8
[    0.305987] random 0000 0000 0000 5f8db4e5 4cfdf2a8: extract_entropy(.. 4 ..)
[    0.305990] random 0000 0000 0000 5f8db4e5 4cfdf2a8: going to reseed nonblocking with 64 bits (32 of 0 requested)
[    0.305992] random 0000 0000 0000 5f8db4e5 4cfdf2a8: extract_entropy(.. 8 ..)
[    0.305994] random 0000 0000 0000 5f8db4e5 4cfdf2a8: trying to extract 64 bits from input
[    0.305996] random 0000 0000 0000 5f8db4e5 4cfdf2a8: debiting 0 entropy credits from input
[    0.305998] random 0000 0000 0000 5f8db4e5 4cfdf2a8: extract_entropy account returned: 0 
[    0.306001] random 0000 0000 0000 5f8db4e5 4cfdf2a8: urand_change_num 5 xfer_secondary_pool(4): pool_sig fffffb64, data_sig 00000000, bytes_mixed 0 5f8db4e5 4cfdf2a8
[    0.306004] random 0000 0000 0000 5f8db4e5 4cfdf2a8: trying to extract 32 bits from nonblocking
[    0.306006] random 0000 0000 0000 5f8db4e5 4cfdf2a8: debiting 32 entropy credits from nonblocking (unlimited)
[    0.306008] random 0000 0000 0000 5f8db4e5 4cfdf2a8: extract_entropy account returned: 4 
[    0.306012] random 0000 0000 0000 5f8db4e5 4cfdf2a8: urand_change_num 6 extract_buf: pool_sig fffffb64, data_sig 00000241, bytes_mixed 20 5f8db4e5 4cfdf2a8
[    0.306021] IP route cache hash table entries: 32768 (order: 5, 131072 bytes)
[    0.306144] RANDOM - __random32 called. Change num 8.  Value: 2b39e0a2	996a1017	a86cfe5
[    0.306145] RANDOM - random32 called.  Value: 2b39e0a2	996a1017	a86cfe5
[    0.306156] RANDOM - __random32 called. Change num 9.  Value: 9e0a22e5	96a1017e	9fcbd616
[    0.306158] RANDOM - random32 called.  Value: 9e0a22e5	96a1017e	9fcbd616
[    0.306160] RANDOM - __random32 called. Change num 10.  Value: a22e5b4a	6a1017e6	ac2c32ac
[    0.306162] RANDOM - random32 called.  Value: a22e5b4a	6a1017e6	ac2c32ac
[    0.306172] RANDOM - __random32 called. Change num 11.  Value: e5b4ad28	a1017e61	6559a9b4
[    0.306174] RANDOM - random32 called.  Value: e5b4ad28	a1017e61	6559a9b4
[    0.306184] TCP established hash table entries: 131072 (order: 8, 1048576 bytes)
[    0.306666] TCP bind hash table entries: 65536 (order: 6, 262144 bytes)
[    0.306855] TCP: Hash tables configured (established 131072 bind 65536)
[    0.306948] TCP reno registered
[    0.307048] NET: Registered protocol family 1
[    0.307153] RPC: Registered udp transport module.
[    0.307232] RPC: Registered tcp transport module.
[    0.307311] RPC: Registered tcp NFSv4.1 backchannel transport module.
[    0.307403] pci 0000:00:02.0: Boot video device
[    0.307614] Simple Boot Flag at 0x35 set to 0x1
[    0.308161] highmem bounce pool size: 64 pages
[    0.309660] VFS: Disk quotas dquot_6.5.2
[    0.309773] Dquot-cache hash table entries: 1024 (order 0, 4096 bytes)
[    0.310514] NTFS driver 2.1.29 [Flags: R/W].
[    0.310664] ROMFS MTD (C) 2007 Red Hat, Inc.
[    0.310863] JFS: nTxBlock = 7695, nTxLock = 61562
[    0.313296] SGI XFS with ACLs, security attributes, large block/inode numbers, no debug enabled
[    0.313773] SGI XFS Quota Management subsystem
[    0.314110] Slow work thread pool: Starting up
[    0.314218] Slow work thread pool: Ready
[    0.314310] GFS2 (built May 24 2013 02:47:17) installed
[    0.314397] msgmni has been set to 1734
[    0.314552] alg: No test for cipher_null (cipher_null-generic)
[    0.314650] alg: No test for ecb(cipher_null) (ecb-cipher_null)
[    0.314748] alg: No test for digest_null (digest_null-generic)
[    0.314845] alg: No test for compress_null (compress_null-generic)
[    0.315389] alg: No test for fcrypt (fcrypt-generic)
[    0.316802] alg: No test for stdrng (krng)
[    0.316895] async_tx: api initialized (async)
[    0.317039] Block layer SCSI generic (bsg) driver version 0.4 loaded (major 254)
[    0.317161] io scheduler noop registered
[    0.317253] io scheduler anticipatory registered
[    0.317331] io scheduler deadline registered
[    0.317454] io scheduler cfq registered (default)
[    0.317685] pcieport 0000:00:1c.0: irq 24 for MSI/MSI-X
[    0.317702] pcieport 0000:00:1c.0: setting latency timer to 64
[    0.317907] pcieport 0000:00:1c.1: irq 25 for MSI/MSI-X
[    0.317919] pcieport 0000:00:1c.1: setting latency timer to 64
[    0.318098] pcieport 0000:00:1c.2: irq 26 for MSI/MSI-X
[    0.318114] pcieport 0000:00:1c.2: setting latency timer to 64
[    0.318291] pcieport 0000:00:1c.3: irq 27 for MSI/MSI-X
[    0.318305] pcieport 0000:00:1c.3: setting latency timer to 64
[    0.318489] pcieport 0000:00:1c.4: irq 28 for MSI/MSI-X
[    0.318505] pcieport 0000:00:1c.4: setting latency timer to 64
[    0.318652] pci_hotplug: PCI Hot Plug PCI Core version: 0.5
[    0.318840] isapnp: Scanning for PnP cards...
[    0.679376] isapnp: No Plug & Play device found
[    0.679456] random 0000 0000 0000 5f8db4e5 4cfdf2a8: initializing
[    0.698943] Serial: 8250/16550 driver, 4 ports, IRQ sharing enabled
[    3.709733] floppy0: no floppy controllers found
[    3.710670] brd: module loaded
[    3.711181] loop: module loaded
[    3.711267] Compaq SMART2 Driver (v 2.6.0)
[    3.711386] HP CISS Driver (v 3.6.20)
[    3.711626] input: Macintosh mouse button emulation as /devices/virtual/input/input0
[    3.711765] Uniform Multi-Platform E-IDE driver
[    3.711984] piix 0000:00:1f.1: IDE controller (0x8086:0x2850 rev 0x03)
[    3.712077] pci 0000:00:1f.1: PCI INT C -> GSI 16 (level, low) -> IRQ 16
[    3.712172] piix 0000:00:1f.1: IDE port disabled
[    3.712262] piix 0000:00:1f.1: not 100% native mode: will probe irqs later
[    3.712365]     ide0: BM-DMA at 0x1c00-0x1c07
[    3.712454] Probing IDE interface ide0...
[    4.383925] hda: HL-DT-ST DVDRAM GSA-U10N, ATAPI CD/DVD-ROM drive
[    4.690722] hda: host max PIO4 wanted PIO255(auto-tune) selected PIO4
[    4.691497] hda: UDMA/33 mode selected
[    4.691957] ide0 at 0x1f0-0x1f7,0x3f6 on irq 14
[    4.695828] ide-gd driver 1.18
[    4.695929] ide-cd driver 5.00
[    4.697317] ide-cd: hda: ATAPI 24X DVD-ROM DVD-R/RAM CD-R/RW drive, 2048kB Cache
[    4.697726] Uniform CD-ROM driver Revision: 3.20
[    4.704881] Loading iSCSI transport class v2.0-870.
[    4.705173] rdac: device handler registered
[    4.705256] hp_sw: device handler registered
[    4.705349] emc: device handler registered
[    4.705427] alua: device handler registered
[    4.706411] Adaptec aacraid driver 1.1-5[2461]-ms
[    4.706815] scsi: <fdomain> Detection failed (no card)
[    4.706903] sym53c416.c: Version 1.0.0-ac
[    4.707000] qlogicfas: no cards were found, please specify I/O address and IRQ using iobase= and irq= options
[    4.707115] QLogic Fibre Channel HBA Driver: 8.03.01-k6
[    4.707329] iscsi: registered transport (qla4xxx)
[    4.707434] QLogic iSCSI HBA Driver
[    4.707514] Emulex LightPulse Fibre Channel SCSI driver 8.3.4
[    4.707598] Copyright(c) 2004-2009 Emulex.  All rights reserved.
[    4.729709] Failed initialization of WD-7000 SCSI card!
[    4.819480] DC390: clustering now enabled by default. If you get problems load
[    4.819595]        with "disable_clustering=1" and report to maintainers
[    4.819729] megaraid cmm: 2.20.2.7 (Release Date: Sun Jul 16 00:01:03 EST 2006)
[    4.819883] megaraid: 2.20.5.1 (Release Date: Thu Nov 16 15:32:35 EST 2006)
[    4.819996] megasas: 00.00.04.01 Thu July 24 11:41:51 PST 2008
[    4.820125] GDT-HA: Storage RAID Controller Driver. Version: 3.05
[    4.820270] 3ware Storage Controller device driver for Linux v1.26.02.002.
[    4.820379] 3ware 9000 Storage Controller device driver for Linux v2.26.02.012.
[    4.820517] nsp32: loading...
[    4.820614] ipr: IBM Power RAID SCSI Device Driver version: 2.4.3 (June 10, 2009)
[    4.820756] RocketRAID 3xxx/4xxx Controller driver v1.6 (090910)
[    4.820864] stex: Promise SuperTrak EX Driver version: 4.6.0000.3
[    4.820990] st: Version 20081215, fixed bufsize 32768, s/g segs 256
[    4.821171] ahci 0000:00:1f.2: version 3.0
[    4.821183] ahci 0000:00:1f.2: PCI INT B -> GSI 16 (level, low) -> IRQ 16
[    4.821307] ahci 0000:00:1f.2: irq 29 for MSI/MSI-X
[    4.821372] ahci 0000:00:1f.2: AHCI 0001.0100 32 slots 3 ports 1.5 Gbps 0x5 impl SATA mode
[    4.821498] ahci 0000:00:1f.2: flags: 64bit ncq sntf pm led clo pio slum part ccc 
[    4.821616] ahci 0000:00:1f.2: setting latency timer to 64
[    4.821771] scsi2 : ahci
[    4.821927] scsi3 : ahci
[    4.822061] scsi4 : ahci
[    4.822228] ata1: SATA max UDMA/133 abar m2048@0xfe226000 port 0xfe226100 irq 29
[    4.822341] ata2: DUMMY
[    4.822422] ata3: SATA max UDMA/133 abar m2048@0xfe226000 port 0xfe226200 irq 29
[    4.823035] I2O subsystem v1.325
[    4.823118] i2o: max drivers = 8
[    4.823262] I2O Configuration OSM v1.323
[    4.823361] I2O Bus Adapter OSM v1.317
[    4.823454] I2O Block Device OSM v1.325
[    4.823599] I2O SCSI Peripheral OSM v1.316
[    4.823751] I2O ProcFS OSM v1.316
[    4.823855] Fusion MPT base driver 3.04.12
[    4.823937] Copyright (c) 1999-2008 LSI Corporation
[    4.824019] Fusion MPT SPI Host driver 3.04.12
[    4.824118] Fusion MPT FC Host driver 3.04.12
[    4.824220] Fusion MPT SAS Host driver 3.04.12
[    4.824361] ohci1394 0000:15:00.1: PCI INT B -> GSI 17 (level, low) -> IRQ 17
[    4.824448] ohci1394 0000:15:00.1: setting latency timer to 64
[    4.877723] ohci1394: fw-host0: OHCI-1394 1.1 (PCI): IRQ=[17]  MMIO=[f8301000-f83017ff]  Max Packet=[2048]  IR/IT contexts=[4/4]
[    4.880978] ehci_hcd: USB 2.0 'Enhanced' Host Controller (EHCI) Driver
[    4.881244] ehci_hcd 0000:00:1a.7: power state changed by ACPI to D0
[    4.881482] ehci_hcd 0000:00:1a.7: power state changed by ACPI to D0
[    4.881571] ehci_hcd 0000:00:1a.7: PCI INT C -> GSI 22 (level, low) -> IRQ 22
[    4.881672] ehci_hcd 0000:00:1a.7: setting latency timer to 64
[    4.881676] ehci_hcd 0000:00:1a.7: EHCI Host Controller
[    4.881806] ehci_hcd 0000:00:1a.7: new USB bus registered, assigned bus number 1
[    4.885851] ehci_hcd 0000:00:1a.7: cache line size of 32 is not supported
[    4.885859] ehci_hcd 0000:00:1a.7: irq 22, io mem 0xfe226c00
[    4.895684] ehci_hcd 0000:00:1a.7: USB 2.0 started, EHCI 1.00
[    4.895777] usb usb1: New USB device found, idVendor=1d6b, idProduct=0002
[    4.895860] usb usb1: New USB device strings: Mfr=3, Product=2, SerialNumber=1
[    4.895972] usb usb1: Product: EHCI Host Controller
[    4.896062] usb usb1: Manufacturer: Linux 2.6.32.57 ehci_hcd
[    4.896142] usb usb1: SerialNumber: 0000:00:1a.7
[    4.896273] usb usb1: configuration #1 chosen from 1 choice
[    4.896383] hub 1-0:1.0: USB hub found
[    4.896469] hub 1-0:1.0: 4 ports detected
[    4.896777] ehci_hcd 0000:00:1d.7: power state changed by ACPI to D0
[    4.897024] ehci_hcd 0000:00:1d.7: power state changed by ACPI to D0
[    4.897114] ehci_hcd 0000:00:1d.7: PCI INT D -> GSI 19 (level, low) -> IRQ 19
[    4.897203] ehci_hcd 0000:00:1d.7: setting latency timer to 64
[    4.897208] ehci_hcd 0000:00:1d.7: EHCI Host Controller
[    4.897326] ehci_hcd 0000:00:1d.7: new USB bus registered, assigned bus number 2
[    4.897475] ehci_hcd 0000:00:1d.7: debug port 1
[    4.901441] ehci_hcd 0000:00:1d.7: cache line size of 32 is not supported
[    4.901448] ehci_hcd 0000:00:1d.7: irq 19, io mem 0xfe227000
[    4.911684] ehci_hcd 0000:00:1d.7: USB 2.0 started, EHCI 1.00
[    4.911783] usb usb2: New USB device found, idVendor=1d6b, idProduct=0002
[    4.911866] usb usb2: New USB device strings: Mfr=3, Product=2, SerialNumber=1
[    4.911979] usb usb2: Product: EHCI Host Controller
[    4.912059] usb usb2: Manufacturer: Linux 2.6.32.57 ehci_hcd
[    4.912143] usb usb2: SerialNumber: 0000:00:1d.7
[    4.912284] usb usb2: configuration #1 chosen from 1 choice
[    4.912400] hub 2-0:1.0: USB hub found
[    4.912488] hub 2-0:1.0: 6 ports detected
[    4.912657] 116x: driver isp116x-hcd, 03 Nov 2005
[    4.912761] ohci_hcd: USB 1.1 'Open' Host Controller (OHCI) Driver
[    4.912877] uhci_hcd: USB Universal Host Controller Interface driver
[    4.912984] uhci_hcd 0000:00:1a.0: PCI INT A -> GSI 20 (level, low) -> IRQ 20
[    4.913075] uhci_hcd 0000:00:1a.0: setting latency timer to 64
[    4.913079] uhci_hcd 0000:00:1a.0: UHCI Host Controller
[    4.913210] uhci_hcd 0000:00:1a.0: new USB bus registered, assigned bus number 3
[    4.913376] uhci_hcd 0000:00:1a.0: irq 20, io base 0x00001860
[    4.913488] usb usb3: New USB device found, idVendor=1d6b, idProduct=0001
[    4.913570] usb usb3: New USB device strings: Mfr=3, Product=2, SerialNumber=1
[    4.913691] usb usb3: Product: UHCI Host Controller
[    4.913771] usb usb3: Manufacturer: Linux 2.6.32.57 uhci_hcd
[    4.913865] usb usb3: SerialNumber: 0000:00:1a.0
[    4.913992] usb usb3: configuration #1 chosen from 1 choice
[    4.914111] hub 3-0:1.0: USB hub found
[    4.914192] hub 3-0:1.0: 2 ports detected
[    4.914472] uhci_hcd 0000:00:1a.1: power state changed by ACPI to D0
[    4.914715] uhci_hcd 0000:00:1a.1: power state changed by ACPI to D0
[    4.914801] uhci_hcd 0000:00:1a.1: PCI INT B -> GSI 21 (level, low) -> IRQ 21
[    4.914895] uhci_hcd 0000:00:1a.1: setting latency timer to 64
[    4.914898] uhci_hcd 0000:00:1a.1: UHCI Host Controller
[    4.915018] uhci_hcd 0000:00:1a.1: new USB bus registered, assigned bus number 4
[    4.915160] uhci_hcd 0000:00:1a.1: irq 21, io base 0x00001880
[    4.915265] usb usb4: New USB device found, idVendor=1d6b, idProduct=0001
[    4.915353] usb usb4: New USB device strings: Mfr=3, Product=2, SerialNumber=1
[    4.915471] usb usb4: Product: UHCI Host Controller
[    4.915554] usb usb4: Manufacturer: Linux 2.6.32.57 uhci_hcd
[    4.915640] usb usb4: SerialNumber: 0000:00:1a.1
[    4.915778] usb usb4: configuration #1 chosen from 1 choice
[    4.915893] hub 4-0:1.0: USB hub found
[    4.915985] hub 4-0:1.0: 2 ports detected
[    4.916274] uhci_hcd 0000:00:1d.0: power state changed by ACPI to D0
[    4.916511] uhci_hcd 0000:00:1d.0: power state changed by ACPI to D0
[    4.916606] uhci_hcd 0000:00:1d.0: PCI INT A -> GSI 16 (level, low) -> IRQ 16
[    4.916700] uhci_hcd 0000:00:1d.0: setting latency timer to 64
[    4.916703] uhci_hcd 0000:00:1d.0: UHCI Host Controller
[    4.916822] uhci_hcd 0000:00:1d.0: new USB bus registered, assigned bus number 5
[    4.916970] uhci_hcd 0000:00:1d.0: irq 16, io base 0x000018a0
[    4.917082] usb usb5: New USB device found, idVendor=1d6b, idProduct=0001
[    4.917171] usb usb5: New USB device strings: Mfr=3, Product=2, SerialNumber=1
[    4.917280] usb usb5: Product: UHCI Host Controller
[    4.917360] usb usb5: Manufacturer: Linux 2.6.32.57 uhci_hcd
[    4.917447] usb usb5: SerialNumber: 0000:00:1d.0
[    4.917575] usb usb5: configuration #1 chosen from 1 choice
[    4.917698] hub 5-0:1.0: USB hub found
[    4.917783] hub 5-0:1.0: 2 ports detected
[    4.917922] uhci_hcd 0000:00:1d.1: PCI INT B -> GSI 17 (level, low) -> IRQ 17
[    4.918016] uhci_hcd 0000:00:1d.1: setting latency timer to 64
[    4.918019] uhci_hcd 0000:00:1d.1: UHCI Host Controller
[    4.918149] uhci_hcd 0000:00:1d.1: new USB bus registered, assigned bus number 6
[    4.918296] uhci_hcd 0000:00:1d.1: irq 17, io base 0x000018c0
[    4.918401] usb usb6: New USB device found, idVendor=1d6b, idProduct=0001
[    4.918484] usb usb6: New USB device strings: Mfr=3, Product=2, SerialNumber=1
[    4.918602] usb usb6: Product: UHCI Host Controller
[    4.918693] usb usb6: Manufacturer: Linux 2.6.32.57 uhci_hcd
[    4.918776] usb usb6: SerialNumber: 0000:00:1d.1
[    4.918905] usb usb6: configuration #1 chosen from 1 choice
[    4.919019] hub 6-0:1.0: USB hub found
[    4.919108] hub 6-0:1.0: 2 ports detected
[    4.919403] uhci_hcd 0000:00:1d.2: power state changed by ACPI to D0
[    4.919659] uhci_hcd 0000:00:1d.2: power state changed by ACPI to D0
[    4.919755] uhci_hcd 0000:00:1d.2: PCI INT C -> GSI 18 (level, low) -> IRQ 18
[    4.919847] uhci_hcd 0000:00:1d.2: setting latency timer to 64
[    4.919851] uhci_hcd 0000:00:1d.2: UHCI Host Controller
[    4.919972] uhci_hcd 0000:00:1d.2: new USB bus registered, assigned bus number 7
[    4.920126] uhci_hcd 0000:00:1d.2: irq 18, io base 0x000018e0
[    4.920236] usb usb7: New USB device found, idVendor=1d6b, idProduct=0001
[    4.920323] usb usb7: New USB device strings: Mfr=3, Product=2, SerialNumber=1
[    4.920444] usb usb7: Product: UHCI Host Controller
[    4.920530] usb usb7: Manufacturer: Linux 2.6.32.57 uhci_hcd
[    4.920617] usb usb7: SerialNumber: 0000:00:1d.2
[    4.921403] usb usb7: configuration #1 chosen from 1 choice
[    4.921524] hub 7-0:1.0: USB hub found
[    4.921615] hub 7-0:1.0: 2 ports detected
[    4.921779] sl811: driver sl811-hcd, 19 May 2005
[    4.921876] r8a66597_hcd: driver r8a66597_hcd, 2009-05-26
[    4.922036] Initializing USB Mass Storage driver...
[    4.922152] usbcore: registered new interface driver usb-storage
[    4.922247] USB Mass Storage support registered.
[    4.922352] usbcore: registered new interface driver ums-alauda
[    4.922463] usbcore: registered new interface driver ums-cypress
[    4.922564] usbcore: registered new interface driver ums-datafab
[    4.922668] usbcore: registered new interface driver ums-freecom
[    4.922779] usbcore: registered new interface driver ums-isd200
[    4.922882] usbcore: registered new interface driver ums-jumpshot
[    4.922988] usbcore: registered new interface driver ums-karma
[    4.923087] usbcore: registered new interface driver ums-onetouch
[    4.923191] usbcore: registered new interface driver ums-sddr09
[    4.923296] usbcore: registered new interface driver ums-sddr55
[    4.923395] usbcore: registered new interface driver ums-usbat
[    4.923531] PNP: PS/2 Controller [PNP0303:KBD,PNP0f13:MOU] at 0x60,0x64 irq 1,12
[    4.932564] serio: i8042 KBD port at 0x60,0x64 irq 1
[    4.932656] serio: i8042 AUX port at 0x60,0x64 irq 12
[    4.932891] mice: PS/2 mouse device common for all mice
[    4.932997] i2c /dev entries driver
[    4.933119] md: linear personality registered for level -1
[    4.933199] md: raid0 personality registered for level 0
[    4.933289] md: raid1 personality registered for level 1
[    4.933374] md: raid10 personality registered for level 10
[    4.933465] md: raid6 personality registered for level 6
[    4.933552] md: raid5 personality registered for level 5
[    4.933632] md: raid4 personality registered for level 4
[    4.933726] md: multipath personality registered for level -4
[    4.933920] device-mapper: ioctl: 4.15.0-ioctl (2009-04-01) initialised: dm-devel@redhat.com
[    4.934113] cpuidle: using governor ladder
[    4.934722] usbcore: registered new interface driver usbhid
[    4.934803] usbhid: v2.6:USB HID core driver
[    4.934940] random 0000 0000 0000 00000000 00000000: rand_read_num 4 get_random_bytes(136): sig 00000000 00000000 00000000
[    4.934943] random 0000 0000 0000 00000000 00000000: extract_entropy(.. 136 ..)
[    4.934945] random 0000 0000 0000 00000000 00000000: going to reseed nonblocking with 1024 bits (1088 of 0 requested)
[    4.934947] random 0000 0000 0000 00000000 00000000: extract_entropy(.. 128 ..)
[    4.934949] random 0000 0000 0000 00000000 00000000: trying to extract 1024 bits from input
[    4.934952] random 0000 0000 0000 00000000 00000000: debiting 0 entropy credits from input
[    4.934953] random 0000 0000 0000 00000000 00000000: extract_entropy account returned: 0 
[    4.934956] random 0000 0000 0000 00000000 00000000: urand_change_num 7 xfer_secondary_pool(136): pool_sig 00000000, data_sig 00000000, bytes_mixed 0 00000000 00000000
[    4.934959] random 0000 0000 0000 00000000 00000000: trying to extract 1088 bits from nonblocking
[    4.934962] random 0000 0000 0000 00000000 00000000: debiting 1088 entropy credits from nonblocking (unlimited)
[    4.934964] random 0000 0000 0000 00000000 00000000: extract_entropy account returned: 136 
[    4.934968] random 0000 0000 0000 00000000 00000000: urand_change_num 8 extract_buf: pool_sig 00000000, data_sig fffffff9, bytes_mixed 20 00000000 00000000
[    4.934974] random 0000 0000 0000 b7c35b56 be4dc95d: urand_change_num 9 extract_buf: pool_sig fffffd1e, data_sig 000000c5, bytes_mixed 20 b7c35b56 be4dc95d
[    4.934979] random 0000 0000 0000 ed9f5c47 c48487fb: urand_change_num 10 extract_buf: pool_sig fffff8ec, data_sig ffffff68, bytes_mixed 20 ed9f5c47 c48487fb
[    4.934984] random 0000 0000 0000 ed9f5c47 c48487fb: urand_change_num 11 extract_buf: pool_sig fffffaed, data_sig 000001aa, bytes_mixed 20 ed9f5c47 c48487fb
[    4.934990] random 0000 0000 0000 1b4f7c0a 91bd6a48: urand_change_num 12 extract_buf: pool_sig fffffdd8, data_sig 00000064, bytes_mixed 20 1b4f7c0a 91bd6a48
[    4.934995] random 0000 0000 0000 a254b9bc 20e9a24f: urand_change_num 13 extract_buf: pool_sig fffffbe6, data_sig 000001dd, bytes_mixed 20 a254b9bc 20e9a24f
[    4.935000] random 0000 0000 0000 a254b9bc 20e9a24f: urand_change_num 14 extract_buf: pool_sig fffff940, data_sig fffffe20, bytes_mixed 20 a254b9bc 20e9a24f
[    4.935005] random 0000 0000 0000 2831a66b 5fa2a3ad: urand_change_num 15 extract_buf: pool_sig fffffbce, data_sig 0000007e, bytes_mixed 20 2831a66b 5fa2a3ad
[    4.935010] random 0000 0000 0000 2831a66b 5fa2a3ad: urand_change_num 16 extract_buf: pool_sig 000004df, data_sig fffffe8f, bytes_mixed 20 2831a66b 5fa2a3ad
[    4.935015] random 0000 0000 0000 d4512bfd c9a54e0b: urand_change_num 17 extract_buf: pool_sig 00000485, data_sig fffffe68, bytes_mixed 20 d4512bfd c9a54e0b
[    4.935020] random 0000 0000 0000 c7371be6 f9ffea11: urand_change_num 18 extract_buf: pool_sig 00000095, data_sig ffffffed, bytes_mixed 20 c7371be6 f9ffea11
[    4.935026] random 0000 0000 0000 c7371be6 f9ffea11: urand_change_num 19 extract_buf: pool_sig 000003a7, data_sig fffffefa, bytes_mixed 20 c7371be6 f9ffea11
[    4.935031] random 0000 0000 0000 8fb4b62c d1ddba54: urand_change_num 20 extract_buf: pool_sig 00000179, data_sig ffffff78, bytes_mixed 20 8fb4b62c d1ddba54
[    4.935036] random 0000 0000 0000 9ff19f9c c07a1d2a: urand_change_num 21 extract_buf: pool_sig fffffe88, data_sig 00000126, bytes_mixed 20 9ff19f9c c07a1d2a
[    4.935040] TCP cubic registered
[    4.935117] Initializing XFRM netlink socket
[    4.935218] NET: Registered protocol family 17
[    4.935318] Using IPI Shortcut mode
[    4.935409] random 0000 0000 0000 9ff19f9c c07a1d2a: rand_read_num 5 get_random_bytes(8): sig 0000031b 9ff19f9c c07a1d2a
[    4.935411] random 0000 0000 0000 9ff19f9c c07a1d2a: extract_entropy(.. 8 ..)
[    4.935413] random 0000 0000 0000 9ff19f9c c07a1d2a: going to reseed nonblocking with 64 bits (64 of 0 requested)
[    4.935416] random 0000 0000 0000 9ff19f9c c07a1d2a: extract_entropy(.. 8 ..)
[    4.935418] random 0000 0000 0000 9ff19f9c c07a1d2a: trying to extract 64 bits from input
[    4.935420] random 0000 0000 0000 9ff19f9c c07a1d2a: debiting 0 entropy credits from input
[    4.935422] random 0000 0000 0000 9ff19f9c c07a1d2a: extract_entropy account returned: 0 
[    4.935425] random 0000 0000 0000 9ff19f9c c07a1d2a: urand_change_num 22 xfer_secondary_pool(8): pool_sig 0000031b, data_sig 00000000, bytes_mixed 0 9ff19f9c c07a1d2a
[    4.935427] random 0000 0000 0000 9ff19f9c c07a1d2a: trying to extract 64 bits from nonblocking
[    4.935430] random 0000 0000 0000 9ff19f9c c07a1d2a: debiting 64 entropy credits from nonblocking (unlimited)
[    4.935432] random 0000 0000 0000 9ff19f9c c07a1d2a: extract_entropy account returned: 8 
[    4.935436] random 0000 0000 0000 9ff19f9c c07a1d2a: urand_change_num 23 extract_buf: pool_sig 0000031b, data_sig ffffffb3, bytes_mixed 20 9ff19f9c c07a1d2a
[    4.937407] input: AT Translated Set 2 keyboard as /devices/platform/i8042/serio0/input/input1
[    5.128691] ata1: SATA link up 1.5 Gbps (SStatus 113 SControl 300)
[    5.128796] ata3: SATA link down (SStatus 0 SControl 300)
[    5.131219] ata1.00: ACPI cmd ef/02:00:00:00:00:a0 (SET FEATURES) succeeded
[    5.131222] ata1.00: ACPI cmd f5/00:00:00:00:00:a0 (SECURITY FREEZE LOCK) filtered out
[    5.132613] ata1.00: ACPI cmd ef/5f:00:00:00:00:a0 (SET FEATURES) succeeded
[    5.132615] ata1.00: ACPI cmd ef/10:03:00:00:00:a0 (SET FEATURES) filtered out
[    5.134523] ata1.00: ATA-7: ST910021AS, 4.06, max UDMA/100
[    5.134609] ata1.00: 195371568 sectors, multi 16: LBA48 
[    5.136763] ata1.00: ACPI cmd ef/02:00:00:00:00:a0 (SET FEATURES) succeeded
[    5.136766] ata1.00: ACPI cmd f5/00:00:00:00:00:a0 (SECURITY FREEZE LOCK) filtered out
[    5.138158] ata1.00: ACPI cmd ef/5f:00:00:00:00:a0 (SET FEATURES) succeeded
[    5.138161] ata1.00: ACPI cmd ef/10:03:00:00:00:a0 (SET FEATURES) filtered out
[    5.140082] ata1.00: configured for UDMA/100
[    5.150739] scsi 2:0:0:0: Direct-Access     ATA      ST910021AS       4.06 PQ: 0 ANSI: 5
[    5.151020] sd 2:0:0:0: [sda] 195371568 512-byte logical blocks: (100 GB/93.1 GiB)
[    5.151153] sd 2:0:0:0: [sda] Write Protect is off
[    5.151248] sd 2:0:0:0: [sda] Mode Sense: 00 3a 00 00
[    5.151260] sd 2:0:0:0: [sda] Write cache: enabled, read cache: enabled, doesn't support DPO or FUA
[    5.151444]  sda:
[    5.215673] usb 2-1: new high speed USB device using ehci_hcd and address 2
[    5.364848] usb 2-1: New USB device found, idVendor=0e8d, idProduct=1806
[    5.364938] usb 2-1: New USB device strings: Mfr=1, Product=2, SerialNumber=3
[    5.365022] usb 2-1: Product: MT1806 
[    5.365110] usb 2-1: Manufacturer: MediaTek Inc
[    5.365194] usb 2-1: SerialNumber: R8KN6GAC800AEB 
[    5.365326] usb 2-1: configuration #1 chosen from 1 choice
[    5.371892] scsi5 : SCSI emulation for USB Mass Storage devices
[    5.372059] usb-storage: device found at 2
[    5.372060] usb-storage: waiting for device to settle before scanning
[    5.565237]  sda1 sda2
[    5.565957] sd 2:0:0:0: [sda] Attached SCSI disk
[    5.566053] random 0000 0000 0000 277f73c3 42024bb9: rand_read_num 6 get_random_bytes(12): sig 000007e9 277f73c3 42024bb9
[    5.566056] random 0000 0000 0000 277f73c3 42024bb9: extract_entropy(.. 12 ..)
[    5.566058] random 0000 0000 0000 277f73c3 42024bb9: going to reseed nonblocking with 96 bits (96 of 0 requested)
[    5.566060] random 0000 0000 0000 277f73c3 42024bb9: extract_entropy(.. 12 ..)
[    5.566062] random 0000 0000 0000 277f73c3 42024bb9: trying to extract 96 bits from input
[    5.566065] random 0000 0000 0000 277f73c3 42024bb9: debiting 0 entropy credits from input
[    5.566066] random 0000 0000 0000 277f73c3 42024bb9: extract_entropy account returned: 0 
[    5.566070] random 0000 0000 0000 277f73c3 42024bb9: urand_change_num 24 xfer_secondary_pool(12): pool_sig 000007e9, data_sig 00000000, bytes_mixed 0 277f73c3 42024bb9
[    5.566072] random 0000 0000 0000 277f73c3 42024bb9: trying to extract 96 bits from nonblocking
[    5.566075] random 0000 0000 0000 277f73c3 42024bb9: debiting 96 entropy credits from nonblocking (unlimited)
[    5.566077] random 0000 0000 0000 277f73c3 42024bb9: extract_entropy account returned: 12 
[    5.566081] random 0000 0000 0000 277f73c3 42024bb9: urand_change_num 25 extract_buf: pool_sig 000007e9, data_sig 00000088, bytes_mixed 20 277f73c3 42024bb9
[    5.566086] random 0000 0000 0000 277f73c3 42024bb9: urand_change_num 26 extract_buf: pool_sig 00000498, data_sig fffffefb, bytes_mixed 20 277f73c3 42024bb9
[    5.566089] RANDOM - __seed init called.
[    5.566090] RANDOM - __seed init called.
[    5.566091] RANDOM - __seed init called.
[    5.566093] RANDOM - __random32 called. Change num 12.  Value: 87f14767	f0d7351	b1e48bd3
[    5.566095] RANDOM - random32_reseed called.  Value: 87f14767	f0d7351	b1e48bd3
[    5.566097] Pid: 1, comm: swapper Not tainted 2.6.32.57 #3
[    5.566184] Call Trace:
[    5.566268]  [<c1923ca4>] ? random32_reseed+0xa0/0xb1
[    5.566358]  [<c1923c04>] ? random32_reseed+0x0/0xb1
[    5.566441]  [<c100111e>] ? do_one_initcall+0x2e/0x180
[    5.566523]  [<c1907265>] ? kernel_init+0xad/0x103
[    5.566607]  [<c19071b8>] ? kernel_init+0x0/0x103
[    5.566691]  [<c1003787>] ? kernel_thread_helper+0x7/0x10
[    5.567219] random 0000 0000 0000 386b4e60 ee4d4880: rand_read_num 7 get_random_bytes(64): sig fffffea5 386b4e60 ee4d4880
[    5.567221] random 0000 0000 0000 386b4e60 ee4d4880: extract_entropy(.. 64 ..)
[    5.567223] random 0000 0000 0000 386b4e60 ee4d4880: going to reseed nonblocking with 512 bits (512 of 0 requested)
[    5.567225] random 0000 0000 0000 386b4e60 ee4d4880: extract_entropy(.. 64 ..)
[    5.567227] random 0000 0000 0000 386b4e60 ee4d4880: trying to extract 512 bits from input
[    5.567229] random 0000 0000 0000 386b4e60 ee4d4880: debiting 0 entropy credits from input
[    5.567231] random 0000 0000 0000 386b4e60 ee4d4880: extract_entropy account returned: 0 
[    5.567235] random 0000 0000 0000 386b4e60 ee4d4880: urand_change_num 27 xfer_secondary_pool(64): pool_sig fffffea5, data_sig 00000000, bytes_mixed 0 386b4e60 ee4d4880
[    5.567238] random 0000 0000 0000 386b4e60 ee4d4880: trying to extract 512 bits from nonblocking
[    5.567240] random 0000 0000 0000 386b4e60 ee4d4880: debiting 512 entropy credits from nonblocking (unlimited)
[    5.567242] random 0000 0000 0000 386b4e60 ee4d4880: extract_entropy account returned: 64 
[    5.567246] random 0000 0000 0000 386b4e60 ee4d4880: urand_change_num 28 extract_buf: pool_sig fffffea5, data_sig 00000173, bytes_mixed 20 386b4e60 ee4d4880
[    5.567251] random 0000 0000 0000 412698f6 0cc8689a: urand_change_num 29 extract_buf: pool_sig 00000122, data_sig ffffff63, bytes_mixed 20 412698f6 0cc8689a
[    5.567257] random 0000 0000 0000 412698f6 0cc8689a: urand_change_num 30 extract_buf: pool_sig 000001f7, data_sig 00000012, bytes_mixed 20 412698f6 0cc8689a
[    5.567262] random 0000 0000 0000 9669941e 06f768b1: urand_change_num 31 extract_buf: pool_sig fffffb5b, data_sig 0000003f, bytes_mixed 20 9669941e 06f768b1
[    5.567267] random 0000 0000 0000 98486520 995551f0: urand_change_num 32 extract_buf: pool_sig fffffb39, data_sig 0000000e, bytes_mixed 20 98486520 995551f0
[    5.567272] random 0000 0000 0000 98486520 995551f0: urand_change_num 33 extract_buf: pool_sig fffffd8d, data_sig 000001a6, bytes_mixed 20 98486520 995551f0
[    5.567278] random 0000 0000 0000 61fc8914 d5882ed2: urand_change_num 34 extract_buf: pool_sig fffffa58, data_sig 0000023e, bytes_mixed 20 61fc8914 d5882ed2
[    5.567307] random 0000 0000 0000 61fc8914 d5882ed2: rand_read_num 8 get_random_bytes(64): sig fffff9ee 61fc8914 d5882ed2
[    5.567309] random 0000 0000 0000 61fc8914 d5882ed2: extract_entropy(.. 64 ..)
[    5.567311] random 0000 0000 0000 61fc8914 d5882ed2: going to reseed nonblocking with 512 bits (512 of 0 requested)
[    5.567313] random 0000 0000 0000 61fc8914 d5882ed2: extract_entropy(.. 64 ..)
[    5.567315] random 0000 0000 0000 61fc8914 d5882ed2: trying to extract 512 bits from input
[    5.567317] random 0000 0000 0000 61fc8914 d5882ed2: debiting 0 entropy credits from input
[    5.567319] random 0000 0000 0000 61fc8914 d5882ed2: extract_entropy account returned: 0 
[    5.567322] random 0000 0000 0000 61fc8914 d5882ed2: urand_change_num 35 xfer_secondary_pool(64): pool_sig fffff9ee, data_sig 00000000, bytes_mixed 0 61fc8914 d5882ed2
[    5.567325] random 0000 0000 0000 61fc8914 d5882ed2: trying to extract 512 bits from nonblocking
[    5.567328] random 0000 0000 0000 61fc8914 d5882ed2: debiting 512 entropy credits from nonblocking (unlimited)
[    5.567330] random 0000 0000 0000 61fc8914 d5882ed2: extract_entropy account returned: 64 
[    5.567334] random 0000 0000 0000 61fc8914 d5882ed2: urand_change_num 36 extract_buf: pool_sig fffff9ee, data_sig ffffff85, bytes_mixed 20 61fc8914 d5882ed2
[    5.567339] random 0000 0000 0000 70cfd302 e5edec11: urand_change_num 37 extract_buf: pool_sig fffffdc1, data_sig ffffffde, bytes_mixed 20 70cfd302 e5edec11
[    5.567344] random 0000 0000 0000 00dab838 eafd2b30: urand_change_num 38 extract_buf: pool_sig 000003da, data_sig ffffff61, bytes_mixed 20 00dab838 eafd2b30
[    5.567349] random 0000 0000 0000 00dab838 eafd2b30: urand_change_num 39 extract_buf: pool_sig 00000314, data_sig 00000121, bytes_mixed 20 00dab838 eafd2b30
[    5.567355] random 0000 0000 0000 5fcdf66a 6442b608: urand_change_num 40 extract_buf: pool_sig 0000028b, data_sig fffffefd, bytes_mixed 20 5fcdf66a 6442b608
[    5.567360] random 0000 0000 0000 61333f6b 8fae0f9b: urand_change_num 41 extract_buf: pool_sig 000000cb, data_sig 000000b3, bytes_mixed 20 61333f6b 8fae0f9b
[    5.567365] random 0000 0000 0000 61333f6b 8fae0f9b: urand_change_num 42 extract_buf: pool_sig fffffef8, data_sig 00000051, bytes_mixed 20 61333f6b 8fae0f9b
[    5.567368] BEGIN NET_SECRET:
[    5.567369] \xffffffe0
[    5.567370] \xffffffb6
[    5.567371] \x36
[    5.567371] \xffffffb5
[    5.567372] \xffffff94
[    5.567373] \xffffffb2
[    5.567374] \xffffffa8
[    5.567375] \xffffffda
[    5.567375] \x5b
[    5.567376] \x19
[    5.567377] \x18
[    5.567378] \x5c
[    5.567378] \x2b
[    5.567379] \x1
[    5.567380] \xffffff90
[    5.567381] \x19
[    5.567381] \x3c
[    5.567382] \xfffffff2
[    5.567383] \xffffff82
[    5.567384] \x2a
[    5.567384] \xffffffb3
[    5.567385] \xffffffa2
[    5.567386] \x3f
[    5.567387] \x5
[    5.567387] \x52
[    5.567388] \x77
[    5.567389] \x57
[    5.567389] \x79
[    5.567390] \x16
[    5.567391] \x43
[    5.567392] \xffffff84
[    5.567392] \xffffffc3
[    5.567393] \xffffffe9
[    5.567394] \x79
[    5.567395] \x50
[    5.567395] \xffffff8e
[    5.567396] \x3f
[    5.567397] \xfffffff3
[    5.567398] \x19
[    5.567398] \x2a
[    5.567399] \xfffffffd
[    5.567400] \xfffffffb
[    5.567401] \x62
[    5.567401] \x3c
[    5.567402] \xffffffac
[    5.567403] \x1c
[    5.567403] \x3b
[    5.567404] \x3b
[    5.567405] \x15
[    5.567406] \x27
[    5.567406] \xffffffa8
[    5.567407] \x22
[    5.567408] \xffffffc5
[    5.567409] \xffffff9a
[    5.567409] \x5
[    5.567410] \x6c
[    5.567411] \xffffffa8
[    5.567412] \x3a
[    5.567412] \x44
[    5.567413] \xffffffaf
[    5.567414] \x13
[    5.567415] \xffffffe0
[    5.567415] \xffffff9d
[    5.567416] \x22
[    5.567417] 
[    5.567417] END NET_SECRET
[    5.567420] random 0000 0000 0000 e7f555d9 e8ce5c3c: rand_read_num 9 get_random_bytes(4): sig 0000068c e7f555d9 e8ce5c3c
[    5.567423] random 0000 0000 0000 e7f555d9 e8ce5c3c: extract_entropy(.. 4 ..)
[    5.567425] random 0000 0000 0000 e7f555d9 e8ce5c3c: going to reseed nonblocking with 64 bits (32 of 0 requested)
[    5.567427] random 0000 0000 0000 e7f555d9 e8ce5c3c: extract_entropy(.. 8 ..)
[    5.567429] random 0000 0000 0000 e7f555d9 e8ce5c3c: trying to extract 64 bits from input
[    5.567431] random 0000 0000 0000 e7f555d9 e8ce5c3c: debiting 0 entropy credits from input
[    5.567433] random 0000 0000 0000 e7f555d9 e8ce5c3c: extract_entropy account returned: 0 
[    5.567436] random 0000 0000 0000 e7f555d9 e8ce5c3c: urand_change_num 43 xfer_secondary_pool(4): pool_sig 0000068c, data_sig 00000000, bytes_mixed 0 e7f555d9 e8ce5c3c
[    5.567439] random 0000 0000 0000 e7f555d9 e8ce5c3c: trying to extract 32 bits from nonblocking
[    5.567441] random 0000 0000 0000 e7f555d9 e8ce5c3c: debiting 32 entropy credits from nonblocking (unlimited)
[    5.567443] random 0000 0000 0000 e7f555d9 e8ce5c3c: extract_entropy account returned: 4 
[    5.567447] random 0000 0000 0000 e7f555d9 e8ce5c3c: urand_change_num 44 extract_buf: pool_sig 0000068c, data_sig fffffdcb, bytes_mixed 20 e7f555d9 e8ce5c3c
[    5.567458] md: Waiting for all devices to be available before autodetect
[    5.567540] md: If you don't use raid, use raid=noautodetect
[    5.567704] md: Autodetecting RAID arrays.
[    5.567799] md: Scanned 0 and added 0 devices.
[    5.567888] md: autorun ...
[    5.567975] md: ... autorun DONE.
[    5.582683] EXT3-fs: sda2: couldn't mount because of unsupported optional features (240).
[    5.582909] EXT2-fs: sda2: couldn't mount because of unsupported optional features (240).
[    5.584137] random 0000 0000 0000 e7f555d9 e8ce5c3c: rand_read_num 10 get_random_bytes(4): sig ffffff72 e7f555d9 e8ce5c3c
[    5.584139] random 0000 0000 0000 e7f555d9 e8ce5c3c: extract_entropy(.. 4 ..)
[    5.584142] random 0000 0000 0000 e7f555d9 e8ce5c3c: going to reseed nonblocking with 64 bits (32 of 0 requested)
[    5.584144] random 0000 0000 0000 e7f555d9 e8ce5c3c: extract_entropy(.. 8 ..)
[    5.584146] random 0000 0000 0000 e7f555d9 e8ce5c3c: trying to extract 64 bits from input
[    5.584148] random 0000 0000 0000 e7f555d9 e8ce5c3c: debiting 0 entropy credits from input
[    5.584150] random 0000 0000 0000 e7f555d9 e8ce5c3c: extract_entropy account returned: 0 
[    5.584153] random 0000 0000 0000 e7f555d9 e8ce5c3c: urand_change_num 45 xfer_secondary_pool(4): pool_sig ffffff72, data_sig 00000000, bytes_mixed 0 e7f555d9 e8ce5c3c
[    5.584156] random 0000 0000 0000 e7f555d9 e8ce5c3c: trying to extract 32 bits from nonblocking
[    5.584158] random 0000 0000 0000 e7f555d9 e8ce5c3c: debiting 32 entropy credits from nonblocking (unlimited)
[    5.584160] random 0000 0000 0000 e7f555d9 e8ce5c3c: extract_entropy account returned: 4 
[    5.584164] random 0000 0000 0000 e7f555d9 e8ce5c3c: urand_change_num 46 extract_buf: pool_sig ffffff72, data_sig ffffff72, bytes_mixed 20 e7f555d9 e8ce5c3c
[    5.619359] EXT4-fs (sda2): mounted filesystem with ordered data mode
[    5.619544] VFS: Mounted root (ext4 filesystem) readonly on device 8:2.
[    5.619646] Freeing unused kernel memory: 448k freed
[    5.698312] random 0000 0000 0000 91716c54 eeb6a1e7: rand_read_num 11 get_random_bytes(16): sig fffffcad 91716c54 eeb6a1e7
[    5.698314] random 0000 0000 0000 91716c54 eeb6a1e7: extract_entropy(.. 16 ..)
[    5.698317] random 0000 0000 0000 91716c54 eeb6a1e7: going to reseed nonblocking with 128 bits (128 of 0 requested)
[    5.698319] random 0000 0000 0000 91716c54 eeb6a1e7: extract_entropy(.. 16 ..)
[    5.698321] random 0000 0000 0000 91716c54 eeb6a1e7: trying to extract 128 bits from input
[    5.698323] random 0000 0000 0000 91716c54 eeb6a1e7: debiting 0 entropy credits from input
[    5.698325] random 0000 0000 0000 91716c54 eeb6a1e7: extract_entropy account returned: 0 
[    5.698328] random 0000 0000 0000 91716c54 eeb6a1e7: urand_change_num 47 xfer_secondary_pool(16): pool_sig fffffcad, data_sig 00000000, bytes_mixed 0 91716c54 eeb6a1e7
[    5.698331] random 0000 0000 0000 91716c54 eeb6a1e7: trying to extract 128 bits from nonblocking
[    5.698333] random 0000 0000 0000 91716c54 eeb6a1e7: debiting 128 entropy credits from nonblocking (unlimited)
[    5.698335] random 0000 0000 0000 91716c54 eeb6a1e7: extract_entropy account returned: 16 
[    5.698340] random 0000 0000 0000 91716c54 eeb6a1e7: urand_change_num 48 extract_buf: pool_sig fffffcad, data_sig ffffff19, bytes_mixed 20 91716c54 eeb6a1e7
[    5.698345] random 0000 0000 0000 fd637b06 6cf47bc1: urand_change_num 49 extract_buf: pool_sig fffffede, data_sig ffffffc1, bytes_mixed 20 fd637b06 6cf47bc1
[    5.785060] random 0000 0000 0000 fd637b06 6cf47bc1: rand_read_num 12 get_random_bytes(16): sig 0000033b fd637b06 6cf47bc1
[    5.785063] random 0000 0000 0000 fd637b06 6cf47bc1: extract_entropy(.. 16 ..)
[    5.785066] random 0000 0000 0000 fd637b06 6cf47bc1: going to reseed nonblocking with 128 bits (128 of 0 requested)
[    5.785068] random 0000 0000 0000 fd637b06 6cf47bc1: extract_entropy(.. 16 ..)
[    5.785070] random 0000 0000 0000 fd637b06 6cf47bc1: trying to extract 128 bits from input
[    5.785072] random 0000 0000 0000 fd637b06 6cf47bc1: debiting 0 entropy credits from input
[    5.785074] random 0000 0000 0000 fd637b06 6cf47bc1: extract_entropy account returned: 0 
[    5.785077] random 0000 0000 0000 fd637b06 6cf47bc1: urand_change_num 50 xfer_secondary_pool(16): pool_sig 0000033b, data_sig 00000000, bytes_mixed 0 fd637b06 6cf47bc1
[    5.785080] random 0000 0000 0000 fd637b06 6cf47bc1: trying to extract 128 bits from nonblocking
[    5.785083] random 0000 0000 0000 fd637b06 6cf47bc1: debiting 128 entropy credits from nonblocking (unlimited)
[    5.785085] random 0000 0000 0000 fd637b06 6cf47bc1: extract_entropy account returned: 16 
[    5.785089] random 0000 0000 0000 fd637b06 6cf47bc1: urand_change_num 51 extract_buf: pool_sig 0000033b, data_sig 000000d8, bytes_mixed 20 fd637b06 6cf47bc1
[    5.785094] random 0000 0000 0000 0ec1f012 d4727ca8: urand_change_num 52 extract_buf: pool_sig fffffcf5, data_sig 00000016, bytes_mixed 20 0ec1f012 d4727ca8
[    6.148284] ieee1394: Host added: ID:BUS[0-00:1023]  GUID[00061b032a25f51c]
[    6.158977] random 0000 0000 0000 45b1d0b1 845a73f7: rand_read_num 13 get_random_bytes(16): sig 00000116 45b1d0b1 845a73f7
[    6.158979] random 0000 0000 0000 45b1d0b1 845a73f7: extract_entropy(.. 16 ..)
[    6.158982] random 0000 0000 0000 45b1d0b1 845a73f7: going to reseed nonblocking with 128 bits (128 of 0 requested)
[    6.158984] random 0000 0000 0000 45b1d0b1 845a73f7: extract_entropy(.. 16 ..)
[    6.158986] random 0000 0000 0000 45b1d0b1 845a73f7: trying to extract 128 bits from input
[    6.158988] random 0000 0000 0000 45b1d0b1 845a73f7: debiting 0 entropy credits from input
[    6.158990] random 0000 0000 0000 45b1d0b1 845a73f7: extract_entropy account returned: 0 
[    6.158994] random 0000 0000 0000 45b1d0b1 845a73f7: urand_change_num 53 xfer_secondary_pool(16): pool_sig 00000116, data_sig 00000000, bytes_mixed 0 45b1d0b1 845a73f7
[    6.158996] random 0000 0000 0000 45b1d0b1 845a73f7: trying to extract 128 bits from nonblocking
[    6.158999] random 0000 0000 0000 45b1d0b1 845a73f7: debiting 128 entropy credits from nonblocking (unlimited)
[    6.159001] random 0000 0000 0000 45b1d0b1 845a73f7: extract_entropy account returned: 16 
[    6.159005] random 0000 0000 0000 45b1d0b1 845a73f7: urand_change_num 54 extract_buf: pool_sig 00000116, data_sig fffffd8b, bytes_mixed 20 45b1d0b1 845a73f7
[    6.159011] random 0000 0000 0000 45b1d0b1 845a73f7: urand_change_num 55 extract_buf: pool_sig fffffc05, data_sig 00000109, bytes_mixed 20 45b1d0b1 845a73f7
[    6.211474] random 0000 0000 0000 5012cce3 b8a30621: rand_read_num 14 get_random_bytes(16): sig fffffb93 5012cce3 b8a30621
[    6.211477] random 0000 0000 0000 5012cce3 b8a30621: extract_entropy(.. 16 ..)
[    6.211480] random 0000 0000 0000 5012cce3 b8a30621: going to reseed nonblocking with 128 bits (128 of 0 requested)
[    6.211482] random 0000 0000 0000 5012cce3 b8a30621: extract_entropy(.. 16 ..)
[    6.211484] random 0000 0000 0000 5012cce3 b8a30621: trying to extract 128 bits from input
[    6.211486] random 0000 0000 0000 5012cce3 b8a30621: debiting 0 entropy credits from input
[    6.211488] random 0000 0000 0000 5012cce3 b8a30621: extract_entropy account returned: 0 
[    6.211491] random 0000 0000 0000 5012cce3 b8a30621: urand_change_num 56 xfer_secondary_pool(16): pool_sig fffffb93, data_sig 00000000, bytes_mixed 0 5012cce3 b8a30621
[    6.211494] random 0000 0000 0000 5012cce3 b8a30621: trying to extract 128 bits from nonblocking
[    6.211496] random 0000 0000 0000 5012cce3 b8a30621: debiting 128 entropy credits from nonblocking (unlimited)
[    6.211498] random 0000 0000 0000 5012cce3 b8a30621: extract_entropy account returned: 16 
[    6.211503] random 0000 0000 0000 5012cce3 b8a30621: urand_change_num 57 extract_buf: pool_sig fffffb93, data_sig ffffff35, bytes_mixed 20 5012cce3 b8a30621
[    6.211508] random 0000 0000 0000 5012cce3 b8a30621: urand_change_num 58 extract_buf: pool_sig fffffb9d, data_sig ffffff92, bytes_mixed 20 5012cce3 b8a30621
[    6.212876] random 0000 0000 0000 30a5721d 4b648ff6: rand_read_num 15 get_random_bytes(16): sig fffffeb5 30a5721d 4b648ff6
[    6.212878] random 0000 0000 0000 30a5721d 4b648ff6: extract_entropy(.. 16 ..)
[    6.212881] random 0000 0000 0000 30a5721d 4b648ff6: going to reseed nonblocking with 128 bits (128 of 0 requested)
[    6.212883] random 0000 0000 0000 30a5721d 4b648ff6: extract_entropy(.. 16 ..)
[    6.212885] random 0000 0000 0000 30a5721d 4b648ff6: trying to extract 128 bits from input
[    6.212888] random 0000 0000 0000 30a5721d 4b648ff6: debiting 0 entropy credits from input
[    6.212890] random 0000 0000 0000 30a5721d 4b648ff6: extract_entropy account returned: 0 
[    6.212893] random 0000 0000 0000 30a5721d 4b648ff6: urand_change_num 59 xfer_secondary_pool(16): pool_sig fffffeb5, data_sig 00000000, bytes_mixed 0 30a5721d 4b648ff6
[    6.212895] random 0000 0000 0000 30a5721d 4b648ff6: trying to extract 128 bits from nonblocking
[    6.212898] random 0000 0000 0000 30a5721d 4b648ff6: debiting 128 entropy credits from nonblocking (unlimited)
[    6.212900] random 0000 0000 0000 30a5721d 4b648ff6: extract_entropy account returned: 16 
[    6.212904] random 0000 0000 0000 30a5721d 4b648ff6: urand_change_num 60 extract_buf: pool_sig fffffeb5, data_sig 000000c2, bytes_mixed 20 30a5721d 4b648ff6
[    6.212909] random 0000 0000 0000 89bae1ab 704c432f: urand_change_num 61 extract_buf: pool_sig 0000006e, data_sig fffffefc, bytes_mixed 20 89bae1ab 704c432f
[    6.213454] random 0000 0000 0000 89bae1ab 704c432f: rand_read_num 16 get_random_bytes(16): sig fffffd99 89bae1ab 704c432f
[    6.213456] random 0000 0000 0000 89bae1ab 704c432f: extract_entropy(.. 16 ..)
[    6.213459] random 0000 0000 0000 89bae1ab 704c432f: going to reseed nonblocking with 128 bits (128 of 0 requested)
[    6.213461] random 0000 0000 0000 89bae1ab 704c432f: extract_entropy(.. 16 ..)
[    6.213463] random 0000 0000 0000 89bae1ab 704c432f: trying to extract 128 bits from input
[    6.213466] random 0000 0000 0000 89bae1ab 704c432f: debiting 0 entropy credits from input
[    6.213468] random 0000 0000 0000 89bae1ab 704c432f: extract_entropy account returned: 0 
[    6.213471] random 0000 0000 0000 89bae1ab 704c432f: urand_change_num 62 xfer_secondary_pool(16): pool_sig fffffd99, data_sig 00000000, bytes_mixed 0 89bae1ab 704c432f
[    6.213473] random 0000 0000 0000 89bae1ab 704c432f: trying to extract 128 bits from nonblocking
[    6.213476] random 0000 0000 0000 89bae1ab 704c432f: debiting 128 entropy credits from nonblocking (unlimited)
[    6.213478] random 0000 0000 0000 89bae1ab 704c432f: extract_entropy account returned: 16 
[    6.213482] random 0000 0000 0000 89bae1ab 704c432f: urand_change_num 63 extract_buf: pool_sig fffffd99, data_sig 00000204, bytes_mixed 20 89bae1ab 704c432f
[    6.213487] random 0000 0000 0000 6c298a02 2b1539f8: urand_change_num 64 extract_buf: pool_sig 00000124, data_sig fffffff5, bytes_mixed 20 6c298a02 2b1539f8
[    6.214384] random 0000 0000 0000 c77b8b35 70f6cab5: rand_read_num 17 get_random_bytes(16): sig 0000036b c77b8b35 70f6cab5
[    6.214387] random 0000 0000 0000 c77b8b35 70f6cab5: extract_entropy(.. 16 ..)
[    6.214390] random 0000 0000 0000 c77b8b35 70f6cab5: going to reseed nonblocking with 128 bits (128 of 0 requested)
[    6.214392] random 0000 0000 0000 c77b8b35 70f6cab5: extract_entropy(.. 16 ..)
[    6.214394] random 0000 0000 0000 c77b8b35 70f6cab5: trying to extract 128 bits from input
[    6.214396] random 0000 0000 0000 c77b8b35 70f6cab5: debiting 0 entropy credits from input
[    6.214398] random 0000 0000 0000 c77b8b35 70f6cab5: extract_entropy account returned: 0 
[    6.214401] random 0000 0000 0000 c77b8b35 70f6cab5: urand_change_num 65 xfer_secondary_pool(16): pool_sig 0000036b, data_sig 00000000, bytes_mixed 0 c77b8b35 70f6cab5
[    6.214404] random 0000 0000 0000 c77b8b35 70f6cab5: trying to extract 128 bits from nonblocking
[    6.214407] random 0000 0000 0000 c77b8b35 70f6cab5: debiting 128 entropy credits from nonblocking (unlimited)
[    6.214409] random 0000 0000 0000 c77b8b35 70f6cab5: extract_entropy account returned: 16 
[    6.214413] random 0000 0000 0000 c77b8b35 70f6cab5: urand_change_num 66 extract_buf: pool_sig 0000036b, data_sig 0000005f, bytes_mixed 20 c77b8b35 70f6cab5
[    6.214418] random 0000 0000 0000 c77b8b35 70f6cab5: urand_change_num 67 extract_buf: pool_sig ffffff1c, data_sig 0000005a, bytes_mixed 20 c77b8b35 70f6cab5
[    6.215011] random 0000 0000 0000 af21d212 57d20ca3: rand_read_num 18 get_random_bytes(16): sig fffffb7f af21d212 57d20ca3
[    6.215014] random 0000 0000 0000 af21d212 57d20ca3: extract_entropy(.. 16 ..)
[    6.215017] random 0000 0000 0000 af21d212 57d20ca3: going to reseed nonblocking with 128 bits (128 of 0 requested)
[    6.215019] random 0000 0000 0000 af21d212 57d20ca3: extract_entropy(.. 16 ..)
[    6.215021] random 0000 0000 0000 af21d212 57d20ca3: trying to extract 128 bits from input
[    6.215023] random 0000 0000 0000 af21d212 57d20ca3: debiting 0 entropy credits from input
[    6.215025] random 0000 0000 0000 af21d212 57d20ca3: extract_entropy account returned: 0 
[    6.215028] random 0000 0000 0000 af21d212 57d20ca3: urand_change_num 68 xfer_secondary_pool(16): pool_sig fffffb7f, data_sig 00000000, bytes_mixed 0 af21d212 57d20ca3
[    6.215031] random 0000 0000 0000 af21d212 57d20ca3: trying to extract 128 bits from nonblocking
[    6.215034] random 0000 0000 0000 af21d212 57d20ca3: debiting 128 entropy credits from nonblocking (unlimited)
[    6.215036] random 0000 0000 0000 af21d212 57d20ca3: extract_entropy account returned: 16 
[    6.215040] random 0000 0000 0000 af21d212 57d20ca3: urand_change_num 69 extract_buf: pool_sig fffffb7f, data_sig ffffff88, bytes_mixed 20 af21d212 57d20ca3
[    6.215045] random 0000 0000 0000 af21d212 57d20ca3: urand_change_num 70 extract_buf: pool_sig fffffe1d, data_sig ffffff17, bytes_mixed 20 af21d212 57d20ca3
[    6.215636] random 0000 0000 0000 ffbd26fd 21933274: rand_read_num 19 get_random_bytes(16): sig ffffffc7 ffbd26fd 21933274
[    6.215639] random 0000 0000 0000 ffbd26fd 21933274: extract_entropy(.. 16 ..)
[    6.215642] random 0000 0000 0000 ffbd26fd 21933274: going to reseed nonblocking with 128 bits (128 of 0 requested)
[    6.215644] random 0000 0000 0000 ffbd26fd 21933274: extract_entropy(.. 16 ..)
[    6.215646] random 0000 0000 0000 ffbd26fd 21933274: trying to extract 128 bits from input
[    6.215648] random 0000 0000 0000 ffbd26fd 21933274: debiting 0 entropy credits from input
[    6.215650] random 0000 0000 0000 ffbd26fd 21933274: extract_entropy account returned: 0 
[    6.215653] random 0000 0000 0000 ffbd26fd 21933274: urand_change_num 71 xfer_secondary_pool(16): pool_sig ffffffc7, data_sig 00000000, bytes_mixed 0 ffbd26fd 21933274
[    6.215656] random 0000 0000 0000 ffbd26fd 21933274: trying to extract 128 bits from nonblocking
[    6.215658] random 0000 0000 0000 ffbd26fd 21933274: debiting 128 entropy credits from nonblocking (unlimited)
[    6.215661] random 0000 0000 0000 ffbd26fd 21933274: extract_entropy account returned: 16 
[    6.215665] random 0000 0000 0000 ffbd26fd 21933274: urand_change_num 72 extract_buf: pool_sig ffffffc7, data_sig 0000013b, bytes_mixed 20 ffbd26fd 21933274
[    6.215670] random 0000 0000 0000 151530a2 56c65dd3: urand_change_num 73 extract_buf: pool_sig ffffffbf, data_sig 00000036, bytes_mixed 20 151530a2 56c65dd3
[    6.216219] random 0000 0000 0000 151530a2 56c65dd3: rand_read_num 20 get_random_bytes(16): sig 000001a7 151530a2 56c65dd3
[    6.216222] random 0000 0000 0000 151530a2 56c65dd3: extract_entropy(.. 16 ..)
[    6.216225] random 0000 0000 0000 151530a2 56c65dd3: going to reseed nonblocking with 128 bits (128 of 0 requested)
[    6.216227] random 0000 0000 0000 151530a2 56c65dd3: extract_entropy(.. 16 ..)
[    6.216229] random 0000 0000 0000 151530a2 56c65dd3: trying to extract 128 bits from input
[    6.216232] random 0000 0000 0000 151530a2 56c65dd3: debiting 0 entropy credits from input
[    6.216234] random 0000 0000 0000 151530a2 56c65dd3: extract_entropy account returned: 0 
[    6.216237] random 0000 0000 0000 151530a2 56c65dd3: urand_change_num 74 xfer_secondary_pool(16): pool_sig 000001a7, data_sig 00000000, bytes_mixed 0 151530a2 56c65dd3
[    6.216240] random 0000 0000 0000 151530a2 56c65dd3: trying to extract 128 bits from nonblocking
[    6.216242] random 0000 0000 0000 151530a2 56c65dd3: debiting 128 entropy credits from nonblocking (unlimited)
[    6.216244] random 0000 0000 0000 151530a2 56c65dd3: extract_entropy account returned: 16 
[    6.216248] random 0000 0000 0000 151530a2 56c65dd3: urand_change_num 75 extract_buf: pool_sig 000001a7, data_sig ffffffa1, bytes_mixed 20 151530a2 56c65dd3
[    6.216253] random 0000 0000 0000 5d3e132e d9a77eb3: urand_change_num 76 extract_buf: pool_sig fffffcc9, data_sig 00000013, bytes_mixed 20 5d3e132e d9a77eb3
[    6.267284] random 0000 0000 0000 264837ad 0a28fef5: rand_read_num 21 get_random_bytes(16): sig ffffffd0 264837ad 0a28fef5
[    6.267287] random 0000 0000 0000 264837ad 0a28fef5: extract_entropy(.. 16 ..)
[    6.267289] random 0000 0000 0000 264837ad 0a28fef5: going to reseed nonblocking with 128 bits (128 of 0 requested)
[    6.267292] random 0000 0000 0000 264837ad 0a28fef5: extract_entropy(.. 16 ..)
[    6.267294] random 0000 0000 0000 264837ad 0a28fef5: trying to extract 128 bits from input
[    6.267296] random 0000 0000 0000 264837ad 0a28fef5: debiting 0 entropy credits from input
[    6.267298] random 0000 0000 0000 264837ad 0a28fef5: extract_entropy account returned: 0 
[    6.267301] random 0000 0000 0000 264837ad 0a28fef5: urand_change_num 77 xfer_secondary_pool(16): pool_sig ffffffd0, data_sig 00000000, bytes_mixed 0 264837ad 0a28fef5
[    6.267304] random 0000 0000 0000 264837ad 0a28fef5: trying to extract 128 bits from nonblocking
[    6.267307] random 0000 0000 0000 264837ad 0a28fef5: debiting 128 entropy credits from nonblocking (unlimited)
[    6.267309] random 0000 0000 0000 264837ad 0a28fef5: extract_entropy account returned: 16 
[    6.267313] random 0000 0000 0000 264837ad 0a28fef5: urand_change_num 78 extract_buf: pool_sig ffffffd0, data_sig 0000017b, bytes_mixed 20 264837ad 0a28fef5
[    6.267319] random 0000 0000 0000 264837ad 0a28fef5: urand_change_num 79 extract_buf: pool_sig 0000045c, data_sig 000001df, bytes_mixed 20 264837ad 0a28fef5
[    6.268779] random 0000 0000 0000 f37f7344 164aede0: rand_read_num 22 get_random_bytes(16): sig 000003c2 f37f7344 164aede0
[    6.268782] random 0000 0000 0000 f37f7344 164aede0: extract_entropy(.. 16 ..)
[    6.268785] random 0000 0000 0000 f37f7344 164aede0: going to reseed nonblocking with 128 bits (128 of 0 requested)
[    6.268787] random 0000 0000 0000 f37f7344 164aede0: extract_entropy(.. 16 ..)
[    6.268789] random 0000 0000 0000 f37f7344 164aede0: trying to extract 128 bits from input
[    6.268791] random 0000 0000 0000 f37f7344 164aede0: debiting 0 entropy credits from input
[    6.268793] random 0000 0000 0000 f37f7344 164aede0: extract_entropy account returned: 0 
[    6.268796] random 0000 0000 0000 f37f7344 164aede0: urand_change_num 80 xfer_secondary_pool(16): pool_sig 000003c2, data_sig 00000000, bytes_mixed 0 f37f7344 164aede0
[    6.268799] random 0000 0000 0000 f37f7344 164aede0: trying to extract 128 bits from nonblocking
[    6.268802] random 0000 0000 0000 f37f7344 164aede0: debiting 128 entropy credits from nonblocking (unlimited)
[    6.268804] random 0000 0000 0000 f37f7344 164aede0: extract_entropy account returned: 16 
[    6.268808] random 0000 0000 0000 f37f7344 164aede0: urand_change_num 81 extract_buf: pool_sig 000003c2, data_sig ffffff6c, bytes_mixed 20 f37f7344 164aede0
[    6.268813] random 0000 0000 0000 f37f7344 164aede0: urand_change_num 82 extract_buf: pool_sig fffffdfc, data_sig 00000091, bytes_mixed 20 f37f7344 164aede0
[    6.291588] random 0000 0000 0000 a4794863 878070c1: rand_read_num 23 get_random_bytes(16): sig 0000011b a4794863 878070c1
[    6.291591] random 0000 0000 0000 a4794863 878070c1: extract_entropy(.. 16 ..)
[    6.291593] random 0000 0000 0000 a4794863 878070c1: going to reseed nonblocking with 128 bits (128 of 0 requested)
[    6.291596] random 0000 0000 0000 a4794863 878070c1: extract_entropy(.. 16 ..)
[    6.291598] random 0000 0000 0000 a4794863 878070c1: trying to extract 128 bits from input
[    6.291600] random 0000 0000 0000 a4794863 878070c1: debiting 0 entropy credits from input
[    6.291602] random 0000 0000 0000 a4794863 878070c1: extract_entropy account returned: 0 
[    6.291605] random 0000 0000 0000 a4794863 878070c1: urand_change_num 83 xfer_secondary_pool(16): pool_sig 0000011b, data_sig 00000000, bytes_mixed 0 a4794863 878070c1
[    6.291608] random 0000 0000 0000 a4794863 878070c1: trying to extract 128 bits from nonblocking
[    6.291610] random 0000 0000 0000 a4794863 878070c1: debiting 128 entropy credits from nonblocking (unlimited)
[    6.291612] random 0000 0000 0000 a4794863 878070c1: extract_entropy account returned: 16 
[    6.291616] random 0000 0000 0000 a4794863 878070c1: urand_change_num 84 extract_buf: pool_sig 0000011b, data_sig ffffff51, bytes_mixed 20 a4794863 878070c1
[    6.291625] random 0000 0000 0000 737f19b4 9417d8ab: urand_change_num 85 extract_buf: pool_sig 000001a3, data_sig 0000006c, bytes_mixed 20 737f19b4 9417d8ab
[    6.295685] random 0000 0000 0000 737f19b4 9417d8ab: rand_read_num 24 get_random_bytes(16): sig fffffe22 737f19b4 9417d8ab
[    6.295687] random 0000 0000 0000 737f19b4 9417d8ab: extract_entropy(.. 16 ..)
[    6.295690] random 0000 0000 0000 737f19b4 9417d8ab: going to reseed nonblocking with 128 bits (128 of 0 requested)
[    6.295692] random 0000 0000 0000 737f19b4 9417d8ab: extract_entropy(.. 16 ..)
[    6.295694] random 0000 0000 0000 737f19b4 9417d8ab: trying to extract 128 bits from input
[    6.295696] random 0000 0000 0000 737f19b4 9417d8ab: debiting 0 entropy credits from input
[    6.295698] random 0000 0000 0000 737f19b4 9417d8ab: extract_entropy account returned: 0 
[    6.295702] random 0000 0000 0000 737f19b4 9417d8ab: urand_change_num 86 xfer_secondary_pool(16): pool_sig fffffe22, data_sig 00000000, bytes_mixed 0 737f19b4 9417d8ab
[    6.295704] random 0000 0000 0000 737f19b4 9417d8ab: trying to extract 128 bits from nonblocking
[    6.295707] random 0000 0000 0000 737f19b4 9417d8ab: debiting 128 entropy credits from nonblocking (unlimited)
[    6.295709] random 0000 0000 0000 737f19b4 9417d8ab: extract_entropy account returned: 16 
[    6.295713] random 0000 0000 0000 737f19b4 9417d8ab: urand_change_num 87 extract_buf: pool_sig fffffe22, data_sig 00000230, bytes_mixed 20 737f19b4 9417d8ab
[    6.295718] random 0000 0000 0000 4deb0d06 1236af4c: urand_change_num 88 extract_buf: pool_sig 000000b6, data_sig ffffff44, bytes_mixed 20 4deb0d06 1236af4c
[    6.296721] random 0000 0000 0000 b538fadc 4a7613df: rand_read_num 25 get_random_bytes(16): sig 0000013c b538fadc 4a7613df
[    6.296724] random 0000 0000 0000 b538fadc 4a7613df: extract_entropy(.. 16 ..)
[    6.296727] random 0000 0000 0000 b538fadc 4a7613df: going to reseed nonblocking with 128 bits (128 of 0 requested)
[    6.296729] random 0000 0000 0000 b538fadc 4a7613df: extract_entropy(.. 16 ..)
[    6.296731] random 0000 0000 0000 b538fadc 4a7613df: trying to extract 128 bits from input
[    6.296733] random 0000 0000 0000 b538fadc 4a7613df: debiting 0 entropy credits from input
[    6.296735] random 0000 0000 0000 b538fadc 4a7613df: extract_entropy account returned: 0 
[    6.296739] random 0000 0000 0000 b538fadc 4a7613df: urand_change_num 89 xfer_secondary_pool(16): pool_sig 0000013c, data_sig 00000000, bytes_mixed 0 b538fadc 4a7613df
[    6.296741] random 0000 0000 0000 b538fadc 4a7613df: trying to extract 128 bits from nonblocking
[    6.296744] random 0000 0000 0000 b538fadc 4a7613df: debiting 128 entropy credits from nonblocking (unlimited)
[    6.296746] random 0000 0000 0000 b538fadc 4a7613df: extract_entropy account returned: 16 
[    6.296750] random 0000 0000 0000 b538fadc 4a7613df: urand_change_num 90 extract_buf: pool_sig 0000013c, data_sig 00000015, bytes_mixed 20 b538fadc 4a7613df
[    6.296755] random 0000 0000 0000 b538fadc 4a7613df: urand_change_num 91 extract_buf: pool_sig 00000452, data_sig 0000002b, bytes_mixed 20 b538fadc 4a7613df
[    6.297205] random 0000 0000 0000 73b17df4 93bb370e: rand_read_num 26 get_random_bytes(16): sig fffffbf1 73b17df4 93bb370e
[    6.297208] random 0000 0000 0000 73b17df4 93bb370e: extract_entropy(.. 16 ..)
[    6.297211] random 0000 0000 0000 73b17df4 93bb370e: going to reseed nonblocking with 128 bits (128 of 0 requested)
[    6.297213] random 0000 0000 0000 73b17df4 93bb370e: extract_entropy(.. 16 ..)
[    6.297215] random 0000 0000 0000 73b17df4 93bb370e: trying to extract 128 bits from input
[    6.297217] random 0000 0000 0000 73b17df4 93bb370e: debiting 0 entropy credits from input
[    6.297219] random 0000 0000 0000 73b17df4 93bb370e: extract_entropy account returned: 0 
[    6.297222] random 0000 0000 0000 73b17df4 93bb370e: urand_change_num 92 xfer_secondary_pool(16): pool_sig fffffbf1, data_sig 00000000, bytes_mixed 0 73b17df4 93bb370e
[    6.297225] random 0000 0000 0000 73b17df4 93bb370e: trying to extract 128 bits from nonblocking
[    6.297227] random 0000 0000 0000 73b17df4 93bb370e: debiting 128 entropy credits from nonblocking (unlimited)
[    6.297230] random 0000 0000 0000 73b17df4 93bb370e: extract_entropy account returned: 16 
[    6.297234] random 0000 0000 0000 73b17df4 93bb370e: urand_change_num 93 extract_buf: pool_sig fffffbf1, data_sig ffffff99, bytes_mixed 20 73b17df4 93bb370e
[    6.297239] random 0000 0000 0000 73b17df4 93bb370e: urand_change_num 94 extract_buf: pool_sig fffffe1d, data_sig 000000b0, bytes_mixed 20 73b17df4 93bb370e
[    6.297650] random 0000 0000 0000 0cd682bb ba04da9f: rand_read_num 27 get_random_bytes(16): sig fffffccb 0cd682bb ba04da9f
[    6.297653] random 0000 0000 0000 0cd682bb ba04da9f: extract_entropy(.. 16 ..)
[    6.297656] random 0000 0000 0000 0cd682bb ba04da9f: going to reseed nonblocking with 128 bits (128 of 0 requested)
[    6.297658] random 0000 0000 0000 0cd682bb ba04da9f: extract_entropy(.. 16 ..)
[    6.297660] random 0000 0000 0000 0cd682bb ba04da9f: trying to extract 128 bits from input
[    6.297662] random 0000 0000 0000 0cd682bb ba04da9f: debiting 0 entropy credits from input
[    6.297664] random 0000 0000 0000 0cd682bb ba04da9f: extract_entropy account returned: 0 
[    6.297667] random 0000 0000 0000 0cd682bb ba04da9f: urand_change_num 95 xfer_secondary_pool(16): pool_sig fffffccb, data_sig 00000000, bytes_mixed 0 0cd682bb ba04da9f
[    6.297670] random 0000 0000 0000 0cd682bb ba04da9f: trying to extract 128 bits from nonblocking
[    6.297673] random 0000 0000 0000 0cd682bb ba04da9f: debiting 128 entropy credits from nonblocking (unlimited)
[    6.297675] random 0000 0000 0000 0cd682bb ba04da9f: extract_entropy account returned: 16 
[    6.297679] random 0000 0000 0000 0cd682bb ba04da9f: urand_change_num 96 extract_buf: pool_sig fffffccb, data_sig fffffec5, bytes_mixed 20 0cd682bb ba04da9f
[    6.297684] random 0000 0000 0000 26929f1a 15254dc1: urand_change_num 97 extract_buf: pool_sig fffffed2, data_sig ffffffb1, bytes_mixed 20 26929f1a 15254dc1
[    6.298557] random 0000 0000 0000 26929f1a 15254dc1: rand_read_num 28 get_random_bytes(16): sig 00000038 26929f1a 15254dc1
[    6.298560] random 0000 0000 0000 26929f1a 15254dc1: extract_entropy(.. 16 ..)
[    6.298563] random 0000 0000 0000 26929f1a 15254dc1: going to reseed nonblocking with 128 bits (128 of 0 requested)
[    6.298565] random 0000 0000 0000 26929f1a 15254dc1: extract_entropy(.. 16 ..)
[    6.298567] random 0000 0000 0000 26929f1a 15254dc1: trying to extract 128 bits from input
[    6.298570] random 0000 0000 0000 26929f1a 15254dc1: debiting 0 entropy credits from input
[    6.298572] random 0000 0000 0000 26929f1a 15254dc1: extract_entropy account returned: 0 
[    6.298575] random 0000 0000 0000 26929f1a 15254dc1: urand_change_num 98 xfer_secondary_pool(16): pool_sig 00000038, data_sig 00000000, bytes_mixed 0 26929f1a 15254dc1
[    6.298578] random 0000 0000 0000 26929f1a 15254dc1: trying to extract 128 bits from nonblocking
[    6.298580] random 0000 0000 0000 26929f1a 15254dc1: debiting 128 entropy credits from nonblocking (unlimited)
[    6.298582] random 0000 0000 0000 26929f1a 15254dc1: extract_entropy account returned: 16 
[    6.298586] random 0000 0000 0000 26929f1a 15254dc1: urand_change_num 99 extract_buf: pool_sig 00000038, data_sig 000000fd, bytes_mixed 20 26929f1a 15254dc1
[    6.298591] random 0000 0000 0000 8116fe3b 478c2d5b: urand_change_num 100 extract_buf: pool_sig 00000059, data_sig 00000310, bytes_mixed 20 8116fe3b 478c2d5b
[    6.305221] random 0000 0000 0000 a20f4a3a 32a6b2fa: rand_read_num 29 get_random_bytes(16): sig 000002c0 a20f4a3a 32a6b2fa
[    6.305223] random 0000 0000 0000 a20f4a3a 32a6b2fa: extract_entropy(.. 16 ..)
[    6.305226] random 0000 0000 0000 a20f4a3a 32a6b2fa: going to reseed nonblocking with 128 bits (128 of 0 requested)
[    6.305228] random 0000 0000 0000 a20f4a3a 32a6b2fa: extract_entropy(.. 16 ..)
[    6.305230] random 0000 0000 0000 a20f4a3a 32a6b2fa: trying to extract 128 bits from input
[    6.305232] random 0000 0000 0000 a20f4a3a 32a6b2fa: debiting 0 entropy credits from input
[    6.305234] random 0000 0000 0000 a20f4a3a 32a6b2fa: extract_entropy account returned: 0 
[    6.305238] random 0000 0000 0000 a20f4a3a 32a6b2fa: urand_change_num 101 xfer_secondary_pool(16): pool_sig 000002c0, data_sig 00000000, bytes_mixed 0 a20f4a3a 32a6b2fa
[    6.305240] random 0000 0000 0000 a20f4a3a 32a6b2fa: trying to extract 128 bits from nonblocking
[    6.305243] random 0000 0000 0000 a20f4a3a 32a6b2fa: debiting 128 entropy credits from nonblocking (unlimited)
[    6.305245] random 0000 0000 0000 a20f4a3a 32a6b2fa: extract_entropy account returned: 16 
[    6.305249] random 0000 0000 0000 a20f4a3a 32a6b2fa: urand_change_num 102 extract_buf: pool_sig 000002c0, data_sig 000000fb, bytes_mixed 20 a20f4a3a 32a6b2fa
[    6.305254] random 0000 0000 0000 a20f4a3a 32a6b2fa: urand_change_num 103 extract_buf: pool_sig ffffffdd, data_sig 000000a5, bytes_mixed 20 a20f4a3a 32a6b2fa
[    6.317758] random 0000 0000 0000 de716d2a 6c4757e1: rand_read_num 30 get_random_bytes(16): sig 000000fa de716d2a 6c4757e1
[    6.317761] random 0000 0000 0000 de716d2a 6c4757e1: extract_entropy(.. 16 ..)
[    6.317764] random 0000 0000 0000 de716d2a 6c4757e1: going to reseed nonblocking with 128 bits (128 of 0 requested)
[    6.317766] random 0000 0000 0000 de716d2a 6c4757e1: extract_entropy(.. 16 ..)
[    6.317768] random 0000 0000 0000 de716d2a 6c4757e1: trying to extract 128 bits from input
[    6.317770] random 0000 0000 0000 de716d2a 6c4757e1: debiting 0 entropy credits from input
[    6.317772] random 0000 0000 0000 de716d2a 6c4757e1: extract_entropy account returned: 0 
[    6.317775] random 0000 0000 0000 de716d2a 6c4757e1: urand_change_num 104 xfer_secondary_pool(16): pool_sig 000000fa, data_sig 00000000, bytes_mixed 0 de716d2a 6c4757e1
[    6.317778] random 0000 0000 0000 de716d2a 6c4757e1: trying to extract 128 bits from nonblocking
[    6.317781] random 0000 0000 0000 de716d2a 6c4757e1: debiting 128 entropy credits from nonblocking (unlimited)
[    6.317783] random 0000 0000 0000 de716d2a 6c4757e1: extract_entropy account returned: 16 
[    6.317787] random 0000 0000 0000 de716d2a 6c4757e1: urand_change_num 105 extract_buf: pool_sig 000000fa, data_sig ffffff34, bytes_mixed 20 de716d2a 6c4757e1
[    6.317792] random 0000 0000 0000 de716d2a 6c4757e1: urand_change_num 106 extract_buf: pool_sig 000003d3, data_sig ffffff30, bytes_mixed 20 de716d2a 6c4757e1
[    6.318372] random 0000 0000 0000 a7c511e1 f90ea457: rand_read_num 31 get_random_bytes(16): sig 0000009a a7c511e1 f90ea457
[    6.318375] random 0000 0000 0000 a7c511e1 f90ea457: extract_entropy(.. 16 ..)
[    6.318378] random 0000 0000 0000 a7c511e1 f90ea457: going to reseed nonblocking with 128 bits (128 of 0 requested)
[    6.318380] random 0000 0000 0000 a7c511e1 f90ea457: extract_entropy(.. 16 ..)
[    6.318382] random 0000 0000 0000 a7c511e1 f90ea457: trying to extract 128 bits from input
[    6.318384] random 0000 0000 0000 a7c511e1 f90ea457: debiting 0 entropy credits from input
[    6.318386] random 0000 0000 0000 a7c511e1 f90ea457: extract_entropy account returned: 0 
[    6.318389] random 0000 0000 0000 a7c511e1 f90ea457: urand_change_num 107 xfer_secondary_pool(16): pool_sig 0000009a, data_sig 00000000, bytes_mixed 0 a7c511e1 f90ea457
[    6.318392] random 0000 0000 0000 a7c511e1 f90ea457: trying to extract 128 bits from nonblocking
[    6.318395] random 0000 0000 0000 a7c511e1 f90ea457: debiting 128 entropy credits from nonblocking (unlimited)
[    6.318397] random 0000 0000 0000 a7c511e1 f90ea457: extract_entropy account returned: 16 
[    6.318401] random 0000 0000 0000 a7c511e1 f90ea457: urand_change_num 108 extract_buf: pool_sig 0000009a, data_sig 000000e0, bytes_mixed 20 a7c511e1 f90ea457
[    6.318406] random 0000 0000 0000 7c18c7e6 d65ccb06: urand_change_num 109 extract_buf: pool_sig fffffa79, data_sig 000000e0, bytes_mixed 20 7c18c7e6 d65ccb06
[    6.319000] random 0000 0000 0000 7c18c7e6 d65ccb06: rand_read_num 32 get_random_bytes(16): sig fffffe1e 7c18c7e6 d65ccb06
[    6.319003] random 0000 0000 0000 7c18c7e6 d65ccb06: extract_entropy(.. 16 ..)
[    6.319006] random 0000 0000 0000 7c18c7e6 d65ccb06: going to reseed nonblocking with 128 bits (128 of 0 requested)
[    6.319008] random 0000 0000 0000 7c18c7e6 d65ccb06: extract_entropy(.. 16 ..)
[    6.319010] random 0000 0000 0000 7c18c7e6 d65ccb06: trying to extract 128 bits from input
[    6.319012] random 0000 0000 0000 7c18c7e6 d65ccb06: debiting 0 entropy credits from input
[    6.319014] random 0000 0000 0000 7c18c7e6 d65ccb06: extract_entropy account returned: 0 
[    6.319017] random 0000 0000 0000 7c18c7e6 d65ccb06: urand_change_num 110 xfer_secondary_pool(16): pool_sig fffffe1e, data_sig 00000000, bytes_mixed 0 7c18c7e6 d65ccb06
[    6.319020] random 0000 0000 0000 7c18c7e6 d65ccb06: trying to extract 128 bits from nonblocking
[    6.319022] random 0000 0000 0000 7c18c7e6 d65ccb06: debiting 128 entropy credits from nonblocking (unlimited)
[    6.319025] random 0000 0000 0000 7c18c7e6 d65ccb06: extract_entropy account returned: 16 
