[    0.000000] random 0000 0000 0000 00000000 00000000: rand_read_num 1 get_random_bytes(8): sig 00000000 00000000 00000000
[    0.000000] random 0000 0000 0000 00000000 00000000: extract_entropy(.. 8 ..)
[    0.000000] random 0000 0000 0000 00000000 00000000: going to reseed nonblocking with 64 bits (64 of 0 requested)
[    0.000000] random 0000 0000 0000 00000000 00000000: extract_entropy(.. 8 ..)
[    0.000000] random 0000 0000 0000 00000000 00000000: trying to extract 64 bits from input
[    0.000000] random 0000 0000 0000 00000000 00000000: debiting 0 entropy credits from input
[    0.000000] random 0000 0000 0000 00000000 00000000: extract_entropy account returned: 0 
[    0.000000] random 0000 0000 0000 00000000 00000000: urand_change_num 1 xfer_secondary_pool(8): pool_sig 00000000, data_sig 00000000, bytes_mixed 0 00000000 00000000
[    0.000000] random 0000 0000 0000 00000000 00000000: trying to extract 64 bits from nonblocking
[    0.000000] random 0000 0000 0000 00000000 00000000: debiting 64 entropy credits from nonblocking (unlimited)
[    0.000000] random 0000 0000 0000 00000000 00000000: extract_entropy account returned: 8 
[    0.000000] random 0000 0000 0000 00000000 00000000: urand_change_num 2 extract_buf: pool_sig 00000000, data_sig fffffff9, bytes_mixed 20 00000000 00000000
[    0.000000] Linux version 2.6.32.57 (dcashman@dcashman-02) (gcc version 4.3.3 (GCC) ) #3 Fri May 24 04:27:34 PDT 2013
[    0.000000] KERNEL supported cpus:
[    0.000000]   Intel GenuineIntel
[    0.000000]   AMD AuthenticAMD
[    0.000000]   NSC Geode by NSC
[    0.000000]   Cyrix CyrixInstead
[    0.000000]   Centaur CentaurHauls
[    0.000000]   Transmeta GenuineTMx86
[    0.000000]   Transmeta TransmetaCPU
[    0.000000]   UMC UMC UMC UMC
[    0.000000] BIOS-provided physical RAM map:
[    0.000000]  BIOS-e820: 0000000000000000 - 000000000009d800 (usable)
[    0.000000]  BIOS-e820: 000000000009d800 - 00000000000a0000 (reserved)
[    0.000000]  BIOS-e820: 00000000000d2000 - 00000000000d4000 (reserved)
[    0.000000]  BIOS-e820: 00000000000e0000 - 0000000000100000 (reserved)
[    0.000000]  BIOS-e820: 0000000000100000 - 000000003d6b0000 (usable)
[    0.000000]  BIOS-e820: 000000003d6b0000 - 000000003d6cc000 (ACPI data)
[    0.000000]  BIOS-e820: 000000003d6cc000 - 000000003d700000 (ACPI NVS)
[    0.000000]  BIOS-e820: 000000003d700000 - 000000003e000000 (reserved)
[    0.000000]  BIOS-e820: 00000000f0000000 - 00000000f4000000 (reserved)
[    0.000000]  BIOS-e820: 00000000fec00000 - 00000000fec10000 (reserved)
[    0.000000]  BIOS-e820: 00000000fed00000 - 00000000fed00400 (reserved)
[    0.000000]  BIOS-e820: 00000000fed14000 - 00000000fed1a000 (reserved)
[    0.000000]  BIOS-e820: 00000000fed1c000 - 00000000fed90000 (reserved)
[    0.000000]  BIOS-e820: 00000000fee00000 - 00000000fee01000 (reserved)
[    0.000000]  BIOS-e820: 00000000ff000000 - 0000000100000000 (reserved)
[    0.000000] DMI present.
[    0.000000] last_pfn = 0x3d6b0 max_arch_pfn = 0x100000
[    0.000000] MTRR default type: uncachable
[    0.000000] MTRR fixed ranges enabled:
[    0.000000]   00000-9FFFF write-back
[    0.000000]   A0000-BFFFF uncachable
[    0.000000]   C0000-CFFFF write-protect
[    0.000000]   D0000-DFFFF uncachable
[    0.000000]   E0000-FFFFF write-protect
[    0.000000] MTRR variable ranges enabled:
[    0.000000]   0 base 03E000000 mask FFE000000 uncachable
[    0.000000]   1 base 000000000 mask FC0000000 write-back
[    0.000000]   2 base 03D700000 mask FFFF00000 uncachable
[    0.000000]   3 base 03D800000 mask FFF800000 uncachable
[    0.000000]   4 disabled
[    0.000000]   5 disabled
[    0.000000]   6 disabled
[    0.000000]   7 disabled
[    0.000000] initial memory mapped : 0 - 02000000
[    0.000000] init_memory_mapping: 0000000000000000-00000000377fe000
[    0.000000]  0000000000 - 0000400000 page 4k
[    0.000000]  0000400000 - 0037400000 page 2M
[    0.000000]  0037400000 - 00377fe000 page 4k
[    0.000000] kernel direct mapping tables up to 377fe000 @ 7000-c000
[    0.000000] ACPI: RSDP 000f68d0 00024 (v02 LENOVO)
[    0.000000] ACPI: XSDT 3d6bb77f 00094 (v01 LENOVO TP-7L    00002170  LTP 00000000)
[    0.000000] ACPI: FACP 3d6bb900 000F4 (v03 LENOVO TP-7L    00002170 LNVO 00000001)
[    0.000000] ACPI Warning: 32/64X length mismatch in Gpe1Block: 0/32 (20090903/tbfadt-526)
[    0.000000] ACPI Warning: Optional field Gpe1Block has zero address or length: 000000000000102C/0 (20090903/tbfadt-557)
[    0.000000] ACPI: DSDT 3d6bbd1d 0FED1 (v01 LENOVO TP-7L    00002170 MSFT 03000000)
[    0.000000] ACPI: FACS 3d6e4000 00040
[    0.000000] ACPI: SSDT 3d6bbab4 00269 (v01 LENOVO TP-7L    00002170 MSFT 03000000)
[    0.000000] ACPI: ECDT 3d6cbbee 00052 (v01 LENOVO TP-7L    00002170 LNVO 00000001)
[    0.000000] ACPI: TCPA 3d6cbc40 00032 (v02 LENOVO TP-7L    00002170 LNVO 00000001)
[    0.000000] ACPI: APIC 3d6cbc72 00068 (v01 LENOVO TP-7L    00002170 LNVO 00000001)
[    0.000000] ACPI: MCFG 3d6cbcda 0003C (v01 LENOVO TP-7L    00002170 LNVO 00000001)
[    0.000000] ACPI: HPET 3d6cbd16 00038 (v01 LENOVO TP-7L    00002170 LNVO 00000001)
[    0.000000] ACPI: SLIC 3d6cbdf0 00176 (v01 LENOVO TP-7L    00002170  LTP 00000000)
[    0.000000] ACPI: BOOT 3d6cbf66 00028 (v01 LENOVO TP-7L    00002170  LTP 00000001)
[    0.000000] ACPI: ASF! 3d6cbf8e 00072 (v16 LENOVO TP-7L    00002170 PTL  00000001)
[    0.000000] ACPI: SSDT 3d6e26d9 0025F (v01 LENOVO TP-7L    00002170 INTL 20050513)
[    0.000000] ACPI: SSDT 3d6e2938 000A6 (v01 LENOVO TP-7L    00002170 INTL 20050513)
[    0.000000] ACPI: SSDT 3d6e29de 004F7 (v01 LENOVO TP-7L    00002170 INTL 20050513)
[    0.000000] ACPI: SSDT 3d6e2ed5 001D8 (v01 LENOVO TP-7L    00002170 INTL 20050513)
[    0.000000] ACPI: DMI detected: Lenovo ThinkPad R61
[    0.000000] ACPI: Added _OSI(Linux)
[    0.000000] ACPI: Local APIC address 0xfee00000
[    0.000000] 94MB HIGHMEM available.
[    0.000000] 887MB LOWMEM available.
[    0.000000]   mapped low ram: 0 - 377fe000
[    0.000000]   low ram: 0 - 377fe000
[    0.000000]   node 0 low ram: 00000000 - 377fe000
[    0.000000]   node 0 bootmap 00008000 - 0000ef00
[    0.000000] (6 early reservations) ==> bootmem [0000000000 - 00377fe000]
[    0.000000]   #0 [0000000000 - 0000001000]   BIOS data page ==> [0000000000 - 0000001000]
[    0.000000]   #1 [0001000000 - 0001bdc180]    TEXT DATA BSS ==> [0001000000 - 0001bdc180]
[    0.000000]   #2 [000009d800 - 0000100000]    BIOS reserved ==> [000009d800 - 0000100000]
[    0.000000]   #3 [0001bdd000 - 0001be516c]              BRK ==> [0001bdd000 - 0001be516c]
[    0.000000]   #4 [0000007000 - 0000008000]          PGTABLE ==> [0000007000 - 0000008000]
[    0.000000]   #5 [0000008000 - 000000f000]          BOOTMAP ==> [0000008000 - 000000f000]
[    0.000000] found SMP MP-table at [c00f6900] f6900
[    0.000000] Zone PFN ranges:
[    0.000000]   DMA      0x00000000 -> 0x00001000
[    0.000000]   Normal   0x00001000 -> 0x000377fe
[    0.000000]   HighMem  0x000377fe -> 0x0003d6b0
[    0.000000] Movable zone start PFN for each node
[    0.000000] early_node_map[2] active PFN ranges
[    0.000000]     0: 0x00000000 -> 0x0000009d
[    0.000000]     0: 0x00000100 -> 0x0003d6b0
[    0.000000] On node 0 totalpages: 251469
[    0.000000] free_area_init_node: node 0, pgdat c1901ea0, node_mem_map c1be7000
[    0.000000]   DMA zone: 32 pages used for memmap
[    0.000000]   DMA zone: 0 pages reserved
[    0.000000]   DMA zone: 3965 pages, LIFO batch:0
[    0.000000]   Normal zone: 1744 pages used for memmap
[    0.000000]   Normal zone: 221486 pages, LIFO batch:31
[    0.000000]   HighMem zone: 190 pages used for memmap
[    0.000000]   HighMem zone: 24052 pages, LIFO batch:3
[    0.000000] Using APIC driver default
[    0.000000] ACPI: PM-Timer IO Port: 0x1008
[    0.000000] ACPI: Local APIC address 0xfee00000
[    0.000000] ACPI: LAPIC (acpi_id[0x00] lapic_id[0x00] enabled)
[    0.000000] ACPI: LAPIC (acpi_id[0x01] lapic_id[0x01] enabled)
[    0.000000] ACPI: NR_CPUS/possible_cpus limit of 1 reached.  Processor 1/0x1 ignored.
[    0.000000] ACPI: LAPIC_NMI (acpi_id[0x00] high edge lint[0x1])
[    0.000000] ACPI: LAPIC_NMI (acpi_id[0x01] high edge lint[0x1])
[    0.000000] ACPI: IOAPIC (id[0x01] address[0xfec00000] gsi_base[0])
[    0.000000] IOAPIC[0]: apic_id 1, version 32, address 0xfec00000, GSI 0-23
[    0.000000] ACPI: INT_SRC_OVR (bus 0 bus_irq 0 global_irq 2 dfl dfl)
[    0.000000] ACPI: INT_SRC_OVR (bus 0 bus_irq 9 global_irq 9 high level)
[    0.000000] ACPI: IRQ0 used by override.
[    0.000000] ACPI: IRQ2 used by override.
[    0.000000] ACPI: IRQ9 used by override.
[    0.000000] Using ACPI (MADT) for SMP configuration information
[    0.000000] ACPI: HPET id: 0x8086a201 base: 0xfed00000
[    0.000000] nr_irqs_gsi: 24
[    0.000000] PM: Registered nosave memory: 000000000009d000 - 000000000009e000
[    0.000000] PM: Registered nosave memory: 000000000009e000 - 00000000000a0000
[    0.000000] PM: Registered nosave memory: 00000000000a0000 - 00000000000d2000
[    0.000000] PM: Registered nosave memory: 00000000000d2000 - 00000000000d4000
[    0.000000] PM: Registered nosave memory: 00000000000d4000 - 00000000000e0000
[    0.000000] PM: Registered nosave memory: 00000000000e0000 - 0000000000100000
[    0.000000] Allocating PCI resources starting at 3e000000 (gap: 3e000000:b2000000)
[    0.000000] Built 1 zonelists in Zone order, mobility grouping on.  Total pages: 249503
[    0.000000] Kernel command line: auto BOOT_IMAGE=Linux ro root=802 vt.default_utf8=0 maxcpus=0
[    0.000000] PID hash table entries: 4096 (order: 2, 16384 bytes)
[    0.000000] Dentry cache hash table entries: 131072 (order: 7, 524288 bytes)
[    0.000000] Inode-cache hash table entries: 65536 (order: 6, 262144 bytes)
[    0.000000] Enabling fast FPU save and restore... done.
[    0.000000] Enabling unmasked SIMD FPU exception support... done.
[    0.000000] Initializing CPU#0
[    0.000000] Initializing HighMem for node 0 (000377fe:0003d6b0)
[    0.000000] Memory: 984800k/1006272k available (6914k kernel code, 20876k reserved, 2328k data, 448k init, 96968k highmem)
[    0.000000] virtual kernel memory layout:
[    0.000000]     fixmap  : 0xfffa3000 - 0xfffff000   ( 368 kB)
[    0.000000]     pkmap   : 0xff800000 - 0xffc00000   (4096 kB)
[    0.000000]     vmalloc : 0xf7ffe000 - 0xff7fe000   ( 120 MB)
[    0.000000]     lowmem  : 0xc0000000 - 0xf77fe000   ( 887 MB)
[    0.000000]       .init : 0xc1907000 - 0xc1977000   ( 448 kB)
[    0.000000]       .data : 0xc16c0b5f - 0xc1906c64   (2328 kB)
[    0.000000]       .text : 0xc1000000 - 0xc16c0b5f   (6914 kB)
[    0.000000] Checking if this processor honours the WP bit even in supervisor mode...Ok.
[    0.000000] SLUB: Genslabs=13, HWalign=64, Order=0-3, MinObjects=0, CPUs=1, Nodes=1
[    0.000000] Hierarchical RCU implementation.
[    0.000000] NR_IRQS:288
[    0.000000] Extended CMOS year: 2000
[    0.000000] Console: colour VGA+ 80x25
[    0.000000] console [tty0] enabled
[    0.000000] hpet clockevent registered
[    0.000000] Fast TSC calibration using PIT
[    0.000000] Detected 2094.474 MHz processor.
[    0.001002] Calibrating delay loop (skipped), value calculated using timer frequency.. 4188.94 BogoMIPS (lpj=2094474)
[    0.002007] Security Framework initialized
[    0.002095] Mount-cache hash table entries: 512
[    0.002244] CPU: L1 I cache: 32K, L1 D cache: 32K
[    0.002371] CPU: L2 cache: 3072K
[    0.002456] mce: CPU supports 6 MCE banks
[    0.002540] CPU0: Thermal monitoring enabled (TM2)
[    0.002625] using mwait in idle threads.
[    0.002705] CPU: Intel(R) Core(TM)2 Duo CPU     T8100  @ 2.10GHz stepping 06
[    0.002879] Checking 'hlt' instruction... OK.
[    0.006941] ACPI: Core revision 20090903
[    0.026013] CANARY value: fd34a316 for PID: 1
[    0.026043] Enabling APIC mode:  Flat.  Using 1 I/O APICs
[    0.027364] ..TIMER: vector=0x30 apic1=0 pin1=2 apic2=-1 pin2=-1
[    0.037997] xor: automatically using best checksumming function: pIII_sse
[    0.041998]    pIII_sse  :  8568.000 MB/sec
[    0.042088] xor: using function: pIII_sse (8568.000 MB/sec)
[    0.042177] RANDOM - __seed init called.
[    0.042178] RANDOM - __seed init called.
[    0.042179] RANDOM - __seed init called.
[    0.042181] RANDOM - __random32 called. Change num 1.  Value: f7943846	49e73df3	af36cd0d
[    0.042183] RANDOM - __random32 called. Change num 2.  Value: 43846e13	9e73df37	9a1ad014
[    0.042184] RANDOM - __random32 called. Change num 3.  Value: 46e139c8	e73df373	a029598a
[    0.042186] RANDOM - __random32 called. Change num 4.  Value: 139c8c3b	73df373d	b3142c72
[    0.042188] RANDOM - __random32 called. Change num 5.  Value: c8c3b043	3df373de	58e576a9
[    0.042189] RANDOM - __random32 called. Change num 6.  Value: 3b0437d9	df373de5	ed53f9d8
[    0.042191] RANDOM - random32 init called.  Value: 3b0437d9	df373de5	ed53f9d8
[    0.042208] NET: Registered protocol family 16
[    0.042470] ACPI FADT declares the system doesn't support PCIe ASPM, so disable it
[    0.042592] ACPI: bus type pci registered
[    0.042763] PCI: MCFG configuration 0: base f0000000 segment 0 buses 0 - 63
[    0.042855] PCI: MCFG area at f0000000 reserved in E820
[    0.042944] PCI: Using MMCONFIG for extended config space
[    0.043002] PCI: Using configuration type 1 for base access
[    0.046143] bio: create slab <bio-0> at 0
[    0.046952] ACPI: EC: EC description table is found, configuring boot EC
[    0.052104] ACPI: BIOS _OSI(Linux) query honored via DMI
[    0.052828] random 0000 0000 0000 00000000 00000000: rand_read_num 2 get_random_bytes(8): sig fffffe1a 00000000 00000000
[    0.052831] random 0000 0000 0000 00000000 00000000: extract_entropy(.. 8 ..)
[    0.052833] random 0000 0000 0000 00000000 00000000: going to reseed nonblocking with 64 bits (64 of 0 requested)
[    0.052835] random 0000 0000 0000 00000000 00000000: extract_entropy(.. 8 ..)
[    0.052838] random 0000 0000 0000 00000000 00000000: trying to extract 64 bits from input
[    0.052840] random 0000 0000 0000 00000000 00000000: debiting 0 entropy credits from input
[    0.052842] random 0000 0000 0000 00000000 00000000: extract_entropy account returned: 0 
[    0.052873] random 0000 0000 0000 00000000 00000000: urand_change_num 3 xfer_secondary_pool(8): pool_sig fffffe1a, data_sig 00000000, bytes_mixed 0 00000000 00000000
[    0.052876] random 0000 0000 0000 00000000 00000000: trying to extract 64 bits from nonblocking
[    0.052878] random 0000 0000 0000 00000000 00000000: debiting 64 entropy credits from nonblocking (unlimited)
[    0.052880] random 0000 0000 0000 00000000 00000000: extract_entropy account returned: 8 
[    0.052884] random 0000 0000 0000 00000000 00000000: urand_change_num 4 extract_buf: pool_sig fffffe1a, data_sig fffffed7, bytes_mixed 20 00000000 00000000
[    0.058420] ACPI: Interpreter enabled
[    0.058508] ACPI: (supports S0 S3 S4 S5)
[    0.058822] ACPI: Using IOAPIC for interrupt routing
[    0.068658] ACPI: EC: GPE = 0x12, I/O: command/status = 0x66, data = 0x62
[    0.068942] ACPI: Power Resource [PUBS] (on)
[    0.071073] ACPI: ACPI Dock Station Driver: 3 docks/bays found
[    0.071481] ACPI: PCI Root Bridge [PCI0] (0000:00)
[    0.071653] pci 0000:00:02.0: reg 10 64bit mmio: [0xf8100000-0xf81fffff]
[    0.071659] pci 0000:00:02.0: reg 18 64bit mmio pref: [0xe0000000-0xefffffff]
[    0.071662] pci 0000:00:02.0: reg 20 io port: [0x1800-0x1807]
[    0.071697] pci 0000:00:02.1: reg 10 64bit mmio: [0xf8200000-0xf82fffff]
[    0.071802] pci 0000:00:19.0: reg 10 32bit mmio: [0xfe000000-0xfe01ffff]
[    0.071812] pci 0000:00:19.0: reg 14 32bit mmio: [0xfe025000-0xfe025fff]
[    0.071821] pci 0000:00:19.0: reg 18 io port: [0x1840-0x185f]
[    0.071886] pci 0000:00:19.0: PME# supported from D0 D3hot D3cold
[    0.071983] pci 0000:00:19.0: PME# disabled
[    0.072062] pci 0000:00:1a.0: reg 20 io port: [0x1860-0x187f]
[    0.072147] pci 0000:00:1a.1: reg 20 io port: [0x1880-0x189f]
[    0.072228] pci 0000:00:1a.7: reg 10 32bit mmio: [0xfe226c00-0xfe226fff]
[    0.072313] pci 0000:00:1a.7: PME# supported from D0 D3hot D3cold
[    0.072410] pci 0000:00:1a.7: PME# disabled
[    0.072562] pci 0000:00:1b.0: reg 10 64bit mmio: [0xfe020000-0xfe023fff]
[    0.072643] pci 0000:00:1b.0: PME# supported from D0 D3hot D3cold
[    0.072736] pci 0000:00:1b.0: PME# disabled
[    0.073032] pci 0000:00:1c.0: PME# supported from D0 D3hot D3cold
[    0.073122] pci 0000:00:1c.0: PME# disabled
[    0.073329] pci 0000:00:1c.1: PME# supported from D0 D3hot D3cold
[    0.073432] pci 0000:00:1c.1: PME# disabled
[    0.073638] pci 0000:00:1c.2: PME# supported from D0 D3hot D3cold
[    0.073729] pci 0000:00:1c.2: PME# disabled
[    0.073933] pci 0000:00:1c.3: PME# supported from D0 D3hot D3cold
[    0.073997] pci 0000:00:1c.3: PME# disabled
[    0.074874] pci 0000:00:1c.4: PME# supported from D0 D3hot D3cold
[    0.074998] pci 0000:00:1c.4: PME# disabled
[    0.075159] pci 0000:00:1d.0: reg 20 io port: [0x18a0-0x18bf]
[    0.075242] pci 0000:00:1d.1: reg 20 io port: [0x18c0-0x18df]
[    0.075310] pci 0000:00:1d.2: reg 20 io port: [0x18e0-0x18ff]
[    0.075410] pci 0000:00:1d.7: reg 10 32bit mmio: [0xfe227000-0xfe2273ff]
[    0.075517] pci 0000:00:1d.7: PME# supported from D0 D3hot D3cold
[    0.075615] pci 0000:00:1d.7: PME# disabled
[    0.075913] pci 0000:00:1f.0: quirk: region 1000-107f claimed by ICH6 ACPI/GPIO/TCO
[    0.076000] pci 0000:00:1f.0: quirk: region 1180-11bf claimed by ICH6 GPIO
[    0.076092] pci 0000:00:1f.0: ICH7 LPC Generic IO decode 1 PIO at 1600 (mask 007f)
[    0.076217] pci 0000:00:1f.0: ICH7 LPC Generic IO decode 2 PIO at 15e0 (mask 000f)
[    0.076342] pci 0000:00:1f.0: ICH7 LPC Generic IO decode 3 PIO at 1680 (mask 001f)
[    0.076542] pci 0000:00:1f.1: reg 10 io port: [0x00-0x07]
[    0.076551] pci 0000:00:1f.1: reg 14 io port: [0x00-0x03]
[    0.076560] pci 0000:00:1f.1: reg 18 io port: [0x00-0x07]
[    0.076569] pci 0000:00:1f.1: reg 1c io port: [0x00-0x03]
[    0.076579] pci 0000:00:1f.1: reg 20 io port: [0x1c00-0x1c0f]
[    0.076671] pci 0000:00:1f.2: reg 10 io port: [0x1c50-0x1c57]
[    0.076680] pci 0000:00:1f.2: reg 14 io port: [0x1c44-0x1c47]
[    0.076689] pci 0000:00:1f.2: reg 18 io port: [0x1c48-0x1c4f]
[    0.076698] pci 0000:00:1f.2: reg 1c io port: [0x1c40-0x1c43]
[    0.076707] pci 0000:00:1f.2: reg 20 io port: [0x1c20-0x1c3f]
[    0.076714] pci 0000:00:1f.2: reg 24 32bit mmio: [0xfe226000-0xfe2267ff]
[    0.076776] pci 0000:00:1f.2: PME# supported from D3hot
[    0.076870] pci 0000:00:1f.2: PME# disabled
[    0.077026] pci 0000:00:1f.3: reg 10 32bit mmio: [0xfe227400-0xfe2274ff]
[    0.077051] pci 0000:00:1f.3: reg 20 io port: [0x1c60-0x1c7f]
[    0.077141] pci 0000:00:1c.0: bridge io port: [0x2000-0x2fff]
[    0.077145] pci 0000:00:1c.0: bridge 32bit mmio: [0xfc000000-0xfdffffff]
[    0.077159] pci 0000:00:1c.0: bridge 64bit mmio pref: [0xf8000000-0xf80fffff]
[    0.077232] pci 0000:03:00.0: reg 10 64bit mmio: [0xdf3f0000-0xdf3fffff]
[    0.077425] pci 0000:00:1c.1: bridge io port: [0x3000-0x3fff]
[    0.077431] pci 0000:00:1c.1: bridge 32bit mmio: [0xdc000000-0xdf3fffff]
[    0.077441] pci 0000:00:1c.1: bridge 64bit mmio pref: [0xdfe00000-0xdfefffff]
[    0.077503] pci 0000:00:1c.2: bridge io port: [0x4000-0x4fff]
[    0.077507] pci 0000:00:1c.2: bridge 32bit mmio: [0xd8000000-0xd9ffffff]
[    0.077516] pci 0000:00:1c.2: bridge 64bit mmio pref: [0xdfb00000-0xdfbfffff]
[    0.077579] pci 0000:00:1c.3: bridge io port: [0x5000-0x5fff]
[    0.077585] pci 0000:00:1c.3: bridge 32bit mmio: [0xd4000000-0xd5ffffff]
[    0.077594] pci 0000:00:1c.3: bridge 64bit mmio pref: [0xdf800000-0xdf8fffff]
[    0.077649] pci 0000:00:1c.4: bridge io port: [0x6000-0x6fff]
[    0.077655] pci 0000:00:1c.4: bridge 32bit mmio: [0xd0000000-0xd1ffffff]
[    0.077664] pci 0000:00:1c.4: bridge 64bit mmio pref: [0xdf500000-0xdf5fffff]
[    0.077722] pci 0000:15:00.0: reg 10 32bit mmio: [0xf8300000-0xf8300fff]
[    0.077774] pci 0000:15:00.0: supports D1 D2
[    0.077776] pci 0000:15:00.0: PME# supported from D0 D1 D2 D3hot D3cold
[    0.077878] pci 0000:15:00.0: PME# disabled
[    0.078030] pci 0000:15:00.1: reg 10 32bit mmio: [0xf8301000-0xf83017ff]
[    0.078134] pci 0000:15:00.1: supports D1 D2
[    0.078136] pci 0000:15:00.1: PME# supported from D0 D1 D2 D3hot D3cold
[    0.078233] pci 0000:15:00.1: PME# disabled
[    0.078415] pci 0000:00:1e.0: transparent bridge
[    0.078506] pci 0000:00:1e.0: bridge io port: [0x7000-0xafff]
[    0.078512] pci 0000:00:1e.0: bridge 32bit mmio: [0xf8300000-0xfbffffff]
[    0.078521] pci 0000:00:1e.0: bridge 64bit mmio pref: [0xf4000000-0xf7ffffff]
[    0.078590] pci_bus 0000:00: on NUMA node 0
[    0.078594] ACPI: PCI Interrupt Routing Table [\_SB_.PCI0._PRT]
[    0.078727] ACPI: PCI Interrupt Routing Table [\_SB_.PCI0.EXP0._PRT]
[    0.078786] ACPI: PCI Interrupt Routing Table [\_SB_.PCI0.EXP1._PRT]
[    0.078843] ACPI: PCI Interrupt Routing Table [\_SB_.PCI0.EXP2._PRT]
[    0.078901] ACPI: PCI Interrupt Routing Table [\_SB_.PCI0.EXP3._PRT]
[    0.078963] ACPI: PCI Interrupt Routing Table [\_SB_.PCI0.EXP4._PRT]
[    0.079033] ACPI: PCI Interrupt Routing Table [\_SB_.PCI0.PCI1._PRT]
[    0.084487] ACPI: PCI Interrupt Link [LNKA] (IRQs 3 4 5 6 7 9 *10 11)
[    0.085250] ACPI: PCI Interrupt Link [LNKB] (IRQs 3 4 5 6 7 9 10 *11)
[    0.086078] ACPI: PCI Interrupt Link [LNKC] (IRQs 3 4 5 6 7 9 10 *11)
[    0.086872] ACPI: PCI Interrupt Link [LNKD] (IRQs 3 4 5 6 7 9 10 *11)
[    0.087604] ACPI: PCI Interrupt Link [LNKE] (IRQs 3 4 5 6 7 9 10 *11)
[    0.088396] ACPI: PCI Interrupt Link [LNKF] (IRQs 3 4 5 6 7 9 10 *11)
[    0.089159] ACPI: PCI Interrupt Link [LNKG] (IRQs 3 4 5 6 7 9 10 *11)
[    0.090024] ACPI: PCI Interrupt Link [LNKH] (IRQs 3 4 5 6 7 9 10 *11)
[    0.090795] vgaarb: device added: PCI:0000:00:02.0,decodes=io+mem,owns=io+mem,locks=none
[    0.090923] vgaarb: loaded
[    0.091090] SCSI subsystem initialized
[    0.091189] libata version 3.00 loaded.
[    0.091235] usbcore: registered new interface driver usbfs
[    0.091366] usbcore: registered new interface driver hub
[    0.091484] usbcore: registered new device driver usb
[    0.108039] raid6: int32x1    941 MB/s
[    0.125059] raid6: int32x2    890 MB/s
[    0.142067] raid6: int32x4    750 MB/s
[    0.159078] raid6: int32x8    660 MB/s
[    0.175983] raid6: mmxx1     2878 MB/s
[    0.192982] raid6: mmxx2     3269 MB/s
[    0.209993] raid6: sse1x1    1937 MB/s
[    0.226976] raid6: sse1x2    2531 MB/s
[    0.243977] raid6: sse2x1    3507 MB/s
[    0.260971] raid6: sse2x2    3832 MB/s
[    0.261058] raid6: using algorithm sse2x2 (3832 MB/s)
[    0.261154] PCI: Using ACPI for IRQ routing
[    0.261473] HPET: 3 timers in total, 0 timers will be used for per-cpu timer
[    0.261989] Switching to clocksource tsc
[    0.262090] pnp: PnP ACPI init
[    0.262179] ACPI: bus type pnp registered
[    0.265830] pnp: PnP ACPI: found 11 devices
[    0.265935] ACPI: ACPI bus type pnp unregistered
[    0.266030] system 00:00: iomem range 0x0-0x9ffff could not be reserved
[    0.266121] system 00:00: iomem range 0xc0000-0xc3fff could not be reserved
[    0.266212] system 00:00: iomem range 0xc4000-0xc7fff could not be reserved
[    0.266308] system 00:00: iomem range 0xc8000-0xcbfff has been reserved
[    0.266400] system 00:00: iomem range 0xcc000-0xcffff has been reserved
[    0.266488] system 00:00: iomem range 0xd0000-0xd3fff could not be reserved
[    0.266582] system 00:00: iomem range 0xe0000-0xe3fff could not be reserved
[    0.266674] system 00:00: iomem range 0xe4000-0xe7fff could not be reserved
[    0.266766] system 00:00: iomem range 0xe8000-0xebfff could not be reserved
[    0.266862] system 00:00: iomem range 0xec000-0xeffff could not be reserved
[    0.266951] system 00:00: iomem range 0xf0000-0xfffff could not be reserved
[    0.267045] system 00:00: iomem range 0x100000-0x3dffffff could not be reserved
[    0.267166] system 00:00: iomem range 0xfec00000-0xfed3ffff could not be reserved
[    0.267290] system 00:00: iomem range 0xfed4c000-0xffffffff could not be reserved
[    0.267417] system 00:02: ioport range 0x164e-0x164f has been reserved
[    0.267508] system 00:02: ioport range 0x1000-0x107f has been reserved
[    0.267600] system 00:02: ioport range 0x1180-0x11bf has been reserved
[    0.267693] system 00:02: ioport range 0x800-0x80f has been reserved
[    0.267785] system 00:02: ioport range 0x15e0-0x15ef has been reserved
[    0.267878] system 00:02: ioport range 0x1600-0x165f could not be reserved
[    0.267973] system 00:02: iomem range 0xf0000000-0xf3ffffff has been reserved
[    0.268068] system 00:02: iomem range 0xfed1c000-0xfed1ffff has been reserved
[    0.268165] system 00:02: iomem range 0xfed14000-0xfed17fff has been reserved
[    0.268258] system 00:02: iomem range 0xfed18000-0xfed18fff has been reserved
[    0.268350] system 00:02: iomem range 0xfed19000-0xfed19fff has been reserved
[    0.268443] system 00:02: iomem range 0xfed45000-0xfed4bfff has been reserved
[    0.303482] pci 0000:00:1c.0: PCI bridge, secondary bus 0000:02
[    0.303575] pci 0000:00:1c.0:   IO window: 0x2000-0x2fff
[    0.303670] pci 0000:00:1c.0:   MEM window: 0xfc000000-0xfdffffff
[    0.303763] pci 0000:00:1c.0:   PREFETCH window: 0x000000f8000000-0x000000f80fffff
[    0.303894] pci 0000:00:1c.1: PCI bridge, secondary bus 0000:03
[    0.303986] pci 0000:00:1c.1:   IO window: 0x3000-0x3fff
[    0.304082] pci 0000:00:1c.1:   MEM window: 0xdc000000-0xdf3fffff
[    0.304175] pci 0000:00:1c.1:   PREFETCH window: 0x000000dfe00000-0x000000dfefffff
[    0.304304] pci 0000:00:1c.2: PCI bridge, secondary bus 0000:04
[    0.304399] pci 0000:00:1c.2:   IO window: 0x4000-0x4fff
[    0.304493] pci 0000:00:1c.2:   MEM window: 0xd8000000-0xd9ffffff
[    0.304590] pci 0000:00:1c.2:   PREFETCH window: 0x000000dfb00000-0x000000dfbfffff
[    0.304718] pci 0000:00:1c.3: PCI bridge, secondary bus 0000:05
[    0.304810] pci 0000:00:1c.3:   IO window: 0x5000-0x5fff
[    0.304912] pci 0000:00:1c.3:   MEM window: 0xd4000000-0xd5ffffff
[    0.305011] pci 0000:00:1c.3:   PREFETCH window: 0x000000df800000-0x000000df8fffff
[    0.305141] pci 0000:00:1c.4: PCI bridge, secondary bus 0000:0d
[    0.305235] pci 0000:00:1c.4:   IO window: 0x6000-0x6fff
[    0.305332] pci 0000:00:1c.4:   MEM window: 0xd0000000-0xd1ffffff
[    0.305424] pci 0000:00:1c.4:   PREFETCH window: 0x000000df500000-0x000000df5fffff
[    0.305556] pci 0000:15:00.0: CardBus bridge, secondary bus 0000:16
[    0.305646] pci 0000:15:00.0:   IO window: 0x007000-0x0070ff
[    0.305743] pci 0000:15:00.0:   IO window: 0x007400-0x0074ff
[    0.305840] pci 0000:15:00.0:   PREFETCH window: 0xf4000000-0xf7ffffff
[    0.305940] pci 0000:15:00.0:   MEM window: 0x40000000-0x43ffffff
[    0.306035] pci 0000:00:1e.0: PCI bridge, secondary bus 0000:15
[    0.306130] pci 0000:00:1e.0:   IO window: 0x7000-0xafff
[    0.306223] pci 0000:00:1e.0:   MEM window: 0xf8300000-0xfbffffff
[    0.306317] pci 0000:00:1e.0:   PREFETCH window: 0x000000f4000000-0x000000f7ffffff
[    0.306458] pci 0000:00:1c.0: PCI INT A -> GSI 20 (level, low) -> IRQ 20
[    0.306555] pci 0000:00:1c.0: setting latency timer to 64
[    0.306568] pci 0000:00:1c.1: PCI INT B -> GSI 21 (level, low) -> IRQ 21
[    0.306663] pci 0000:00:1c.1: setting latency timer to 64
[    0.306675] pci 0000:00:1c.2: PCI INT C -> GSI 22 (level, low) -> IRQ 22
[    0.306769] pci 0000:00:1c.2: setting latency timer to 64
[    0.306781] pci 0000:00:1c.3: PCI INT D -> GSI 23 (level, low) -> IRQ 23
[    0.306878] pci 0000:00:1c.3: setting latency timer to 64
[    0.306891] pci 0000:00:1c.4: PCI INT A -> GSI 20 (level, low) -> IRQ 20
[    0.306988] pci 0000:00:1c.4: setting latency timer to 64
[    0.306997] pci 0000:00:1e.0: enabling device (0005 -> 0007)
[    0.307094] pci 0000:00:1e.0: setting latency timer to 64
[    0.307106] pci 0000:15:00.0: PCI INT A -> GSI 16 (level, low) -> IRQ 16
[    0.307200] pci 0000:15:00.0: setting latency timer to 64
[    0.307207] pci_bus 0000:00: resource 0 io:  [0x00-0xffff]
[    0.307209] pci_bus 0000:00: resource 1 mem: [0x000000-0xffffffff]
[    0.307210] pci_bus 0000:02: resource 0 io:  [0x2000-0x2fff]
[    0.307212] pci_bus 0000:02: resource 1 mem: [0xfc000000-0xfdffffff]
[    0.307214] pci_bus 0000:02: resource 2 pref mem [0xf8000000-0xf80fffff]
[    0.307216] pci_bus 0000:03: resource 0 io:  [0x3000-0x3fff]
[    0.307218] pci_bus 0000:03: resource 1 mem: [0xdc000000-0xdf3fffff]
[    0.307220] pci_bus 0000:03: resource 2 pref mem [0xdfe00000-0xdfefffff]
[    0.307221] pci_bus 0000:04: resource 0 io:  [0x4000-0x4fff]
[    0.307223] pci_bus 0000:04: resource 1 mem: [0xd8000000-0xd9ffffff]
[    0.307225] pci_bus 0000:04: resource 2 pref mem [0xdfb00000-0xdfbfffff]
[    0.307227] pci_bus 0000:05: resource 0 io:  [0x5000-0x5fff]
[    0.307229] pci_bus 0000:05: resource 1 mem: [0xd4000000-0xd5ffffff]
[    0.307231] pci_bus 0000:05: resource 2 pref mem [0xdf800000-0xdf8fffff]
[    0.307232] pci_bus 0000:0d: resource 0 io:  [0x6000-0x6fff]
[    0.307234] pci_bus 0000:0d: resource 1 mem: [0xd0000000-0xd1ffffff]
[    0.307236] pci_bus 0000:0d: resource 2 pref mem [0xdf500000-0xdf5fffff]
[    0.307238] pci_bus 0000:15: resource 0 io:  [0x7000-0xafff]
[    0.307239] pci_bus 0000:15: resource 1 mem: [0xf8300000-0xfbffffff]
[    0.307241] pci_bus 0000:15: resource 2 pref mem [0xf4000000-0xf7ffffff]
[    0.307243] pci_bus 0000:15: resource 3 io:  [0x00-0xffff]
[    0.307245] pci_bus 0000:15: resource 4 mem: [0x000000-0xffffffff]
[    0.307246] pci_bus 0000:16: resource 0 io:  [0x7000-0x70ff]
[    0.307248] pci_bus 0000:16: resource 1 io:  [0x7400-0x74ff]
[    0.307250] pci_bus 0000:16: resource 2 pref mem [0xf4000000-0xf7ffffff]
[    0.307252] pci_bus 0000:16: resource 3 mem: [0x40000000-0x43ffffff]
[    0.307259] NET: Registered protocol family 2
[    0.307349] RANDOM - __random32 called. Change num 7.  Value: 437d97bf	f373de51	f3b0f986
[    0.307351] RANDOM - random32 called.  Value: 437d97bf	f373de51	f3b0f986
[    0.307355] random 0000 0000 0000 5f8db4e5 4cfdf2a8: rand_read_num 3 get_random_bytes(4): sig fffffb64 5f8db4e5 4cfdf2a8
[    0.307357] random 0000 0000 0000 5f8db4e5 4cfdf2a8: extract_entropy(.. 4 ..)
[    0.307360] random 0000 0000 0000 5f8db4e5 4cfdf2a8: going to reseed nonblocking with 64 bits (32 of 0 requested)
[    0.307362] random 0000 0000 0000 5f8db4e5 4cfdf2a8: extract_entropy(.. 8 ..)
[    0.307364] random 0000 0000 0000 5f8db4e5 4cfdf2a8: trying to extract 64 bits from input
[    0.307366] random 0000 0000 0000 5f8db4e5 4cfdf2a8: debiting 0 entropy credits from input
[    0.307368] random 0000 0000 0000 5f8db4e5 4cfdf2a8: extract_entropy account returned: 0 
[    0.307371] random 0000 0000 0000 5f8db4e5 4cfdf2a8: urand_change_num 5 xfer_secondary_pool(4): pool_sig fffffb64, data_sig 00000000, bytes_mixed 0 5f8db4e5 4cfdf2a8
[    0.307374] random 0000 0000 0000 5f8db4e5 4cfdf2a8: trying to extract 32 bits from nonblocking
[    0.307376] random 0000 0000 0000 5f8db4e5 4cfdf2a8: debiting 32 entropy credits from nonblocking (unlimited)
[    0.307378] random 0000 0000 0000 5f8db4e5 4cfdf2a8: extract_entropy account returned: 4 
[    0.307382] random 0000 0000 0000 5f8db4e5 4cfdf2a8: urand_change_num 6 extract_buf: pool_sig fffffb64, data_sig 00000241, bytes_mixed 20 5f8db4e5 4cfdf2a8
[    0.307392] IP route cache hash table entries: 32768 (order: 5, 131072 bytes)
[    0.307523] RANDOM - __random32 called. Change num 8.  Value: d97bfe31	373de51f	f30dc6e6
[    0.307525] RANDOM - random32 called.  Value: d97bfe31	373de51f	f30dc6e6
[    0.307536] RANDOM - __random32 called. Change num 9.  Value: bfe314d7	73de51f5	8dcd6c7e
[    0.307537] RANDOM - random32 called.  Value: bfe314d7	73de51f5	8dcd6c7e
[    0.307539] RANDOM - __random32 called. Change num 10.  Value: 314d7baf	3de51f5e	d8fc74c1
[    0.307541] RANDOM - random32 called.  Value: 314d7baf	3de51f5e	d8fc74c1
[    0.307551] RANDOM - __random32 called. Change num 11.  Value: d7baf3c7	de51f5e5	e983e3fa
[    0.307553] RANDOM - random32 called.  Value: d7baf3c7	de51f5e5	e983e3fa
[    0.307563] TCP established hash table entries: 131072 (order: 8, 1048576 bytes)
[    0.308063] TCP bind hash table entries: 65536 (order: 6, 262144 bytes)
[    0.308250] TCP: Hash tables configured (established 131072 bind 65536)
[    0.308344] TCP reno registered
[    0.308447] NET: Registered protocol family 1
[    0.308560] RPC: Registered udp transport module.
[    0.308651] RPC: Registered tcp transport module.
[    0.308739] RPC: Registered tcp NFSv4.1 backchannel transport module.
[    0.308834] pci 0000:00:02.0: Boot video device
[    0.309086] Simple Boot Flag at 0x35 set to 0x1
[    0.309600] highmem bounce pool size: 64 pages
[    0.311186] VFS: Disk quotas dquot_6.5.2
[    0.311311] Dquot-cache hash table entries: 1024 (order 0, 4096 bytes)
[    0.311993] NTFS driver 2.1.29 [Flags: R/W].
[    0.312153] ROMFS MTD (C) 2007 Red Hat, Inc.
[    0.312365] JFS: nTxBlock = 7695, nTxLock = 61562
[    0.314830] SGI XFS with ACLs, security attributes, large block/inode numbers, no debug enabled
[    0.315339] SGI XFS Quota Management subsystem
[    0.315629] Slow work thread pool: Starting up
[    0.315732] Slow work thread pool: Ready
[    0.315824] GFS2 (built May 24 2013 02:47:17) installed
[    0.315935] msgmni has been set to 1734
[    0.316099] alg: No test for cipher_null (cipher_null-generic)
[    0.316201] alg: No test for ecb(cipher_null) (ecb-cipher_null)
[    0.316299] alg: No test for digest_null (digest_null-generic)
[    0.316398] alg: No test for compress_null (compress_null-generic)
[    0.316959] alg: No test for fcrypt (fcrypt-generic)
[    0.318377] alg: No test for stdrng (krng)
[    0.318466] async_tx: api initialized (async)
[    0.318626] Block layer SCSI generic (bsg) driver version 0.4 loaded (major 254)
[    0.318748] io scheduler noop registered
[    0.318838] io scheduler anticipatory registered
[    0.318937] io scheduler deadline registered
[    0.319076] io scheduler cfq registered (default)
[    0.319311] pcieport 0000:00:1c.0: irq 24 for MSI/MSI-X
[    0.319328] pcieport 0000:00:1c.0: setting latency timer to 64
[    0.319517] pcieport 0000:00:1c.1: irq 25 for MSI/MSI-X
[    0.319528] pcieport 0000:00:1c.1: setting latency timer to 64
[    0.319702] pcieport 0000:00:1c.2: irq 26 for MSI/MSI-X
[    0.319713] pcieport 0000:00:1c.2: setting latency timer to 64
[    0.319906] pcieport 0000:00:1c.3: irq 27 for MSI/MSI-X
[    0.319918] pcieport 0000:00:1c.3: setting latency timer to 64
[    0.320094] pcieport 0000:00:1c.4: irq 28 for MSI/MSI-X
[    0.320106] pcieport 0000:00:1c.4: setting latency timer to 64
[    0.320251] pci_hotplug: PCI Hot Plug PCI Core version: 0.5
[    0.320442] isapnp: Scanning for PnP cards...
[    0.680973] isapnp: No Plug & Play device found
[    0.681062] random 0000 0000 0000 5f8db4e5 4cfdf2a8: initializing
[    0.700585] Serial: 8250/16550 driver, 4 ports, IRQ sharing enabled
[    3.712113] floppy0: no floppy controllers found
[    3.713054] brd: module loaded
[    3.713556] loop: module loaded
[    3.713642] Compaq SMART2 Driver (v 2.6.0)
[    3.713764] HP CISS Driver (v 3.6.20)
[    3.714005] input: Macintosh mouse button emulation as /devices/virtual/input/input0
[    3.714151] Uniform Multi-Platform E-IDE driver
[    3.714376] piix 0000:00:1f.1: IDE controller (0x8086:0x2850 rev 0x03)
[    3.714485] pci 0000:00:1f.1: PCI INT C -> GSI 16 (level, low) -> IRQ 16
[    3.714591] piix 0000:00:1f.1: IDE port disabled
[    3.714690] piix 0000:00:1f.1: not 100% native mode: will probe irqs later
[    3.714787]     ide0: BM-DMA at 0x1c00-0x1c07
[    3.714878] Probing IDE interface ide0...
[    4.386381] hda: HL-DT-ST DVDRAM GSA-U10N, ATAPI CD/DVD-ROM drive
[    4.693212] hda: host max PIO4 wanted PIO255(auto-tune) selected PIO4
[    4.693983] hda: UDMA/33 mode selected
[    4.694447] ide0 at 0x1f0-0x1f7,0x3f6 on irq 14
[    4.698354] ide-gd driver 1.18
[    4.698458] ide-cd driver 5.00
[    4.699847] ide-cd: hda: ATAPI 24X DVD-ROM DVD-R/RAM CD-R/RW drive, 2048kB Cache
[    4.700295] Uniform CD-ROM driver Revision: 3.20
[    4.707366] Loading iSCSI transport class v2.0-870.
[    4.707650] rdac: device handler registered
[    4.707742] hp_sw: device handler registered
[    4.707831] emc: device handler registered
[    4.707919] alua: device handler registered
[    4.708907] Adaptec aacraid driver 1.1-5[2461]-ms
[    4.709329] scsi: <fdomain> Detection failed (no card)
[    4.709426] sym53c416.c: Version 1.0.0-ac
[    4.709535] qlogicfas: no cards were found, please specify I/O address and IRQ using iobase= and irq= options
[    4.709668] QLogic Fibre Channel HBA Driver: 8.03.01-k6
[    4.709892] iscsi: registered transport (qla4xxx)
[    4.710003] QLogic iSCSI HBA Driver
[    4.710097] Emulex LightPulse Fibre Channel SCSI driver 8.3.4
[    4.710192] Copyright(c) 2004-2009 Emulex.  All rights reserved.
[    4.732201] Failed initialization of WD-7000 SCSI card!
[    4.820583] DC390: clustering now enabled by default. If you get problems load
[    4.820709]        with "disable_clustering=1" and report to maintainers
[    4.820844] megaraid cmm: 2.20.2.7 (Release Date: Sun Jul 16 00:01:03 EST 2006)
[    4.820995] megaraid: 2.20.5.1 (Release Date: Thu Nov 16 15:32:35 EST 2006)
[    4.821108] megasas: 00.00.04.01 Thu July 24 11:41:51 PST 2008
[    4.821241] GDT-HA: Storage RAID Controller Driver. Version: 3.05
[    4.821389] 3ware Storage Controller device driver for Linux v1.26.02.002.
[    4.821500] 3ware 9000 Storage Controller device driver for Linux v2.26.02.012.
[    4.821641] nsp32: loading...
[    4.821748] ipr: IBM Power RAID SCSI Device Driver version: 2.4.3 (June 10, 2009)
[    4.821897] RocketRAID 3xxx/4xxx Controller driver v1.6 (090910)
[    4.822008] stex: Promise SuperTrak EX Driver version: 4.6.0000.3
[    4.822142] st: Version 20081215, fixed bufsize 32768, s/g segs 256
[    4.822340] ahci 0000:00:1f.2: version 3.0
[    4.822355] ahci 0000:00:1f.2: PCI INT B -> GSI 16 (level, low) -> IRQ 16
[    4.822490] ahci 0000:00:1f.2: irq 29 for MSI/MSI-X
[    4.822555] ahci 0000:00:1f.2: AHCI 0001.0100 32 slots 3 ports 1.5 Gbps 0x5 impl SATA mode
[    4.822678] ahci 0000:00:1f.2: flags: 64bit ncq sntf pm led clo pio slum part ccc 
[    4.822803] ahci 0000:00:1f.2: setting latency timer to 64
[    4.822946] scsi2 : ahci
[    4.823104] scsi3 : ahci
[    4.823258] scsi4 : ahci
[    4.823424] ata1: SATA max UDMA/133 abar m2048@0xfe226000 port 0xfe226100 irq 29
[    4.823547] ata2: DUMMY
[    4.823632] ata3: SATA max UDMA/133 abar m2048@0xfe226000 port 0xfe226200 irq 29
[    4.824255] I2O subsystem v1.325
[    4.824346] i2o: max drivers = 8
[    4.824490] I2O Configuration OSM v1.323
[    4.824597] I2O Bus Adapter OSM v1.317
[    4.824705] I2O Block Device OSM v1.325
[    4.824855] I2O SCSI Peripheral OSM v1.316
[    4.824961] I2O ProcFS OSM v1.316
[    4.825065] Fusion MPT base driver 3.04.12
[    4.825157] Copyright (c) 1999-2008 LSI Corporation
[    4.825265] Fusion MPT SPI Host driver 3.04.12
[    4.825412] Fusion MPT FC Host driver 3.04.12
[    4.825525] Fusion MPT SAS Host driver 3.04.12
[    4.825679] ohci1394 0000:15:00.1: PCI INT B -> GSI 17 (level, low) -> IRQ 17
[    4.825777] ohci1394 0000:15:00.1: setting latency timer to 64
[    4.879235] ohci1394: fw-host0: OHCI-1394 1.1 (PCI): IRQ=[17]  MMIO=[f8301000-f83017ff]  Max Packet=[2048]  IR/IT contexts=[4/4]
[    4.883504] ehci_hcd: USB 2.0 'Enhanced' Host Controller (EHCI) Driver
[    4.883771] ehci_hcd 0000:00:1a.7: power state changed by ACPI to D0
[    4.884020] ehci_hcd 0000:00:1a.7: power state changed by ACPI to D0
[    4.884117] ehci_hcd 0000:00:1a.7: PCI INT C -> GSI 22 (level, low) -> IRQ 22
[    4.884223] ehci_hcd 0000:00:1a.7: setting latency timer to 64
[    4.884229] ehci_hcd 0000:00:1a.7: EHCI Host Controller
[    4.884361] ehci_hcd 0000:00:1a.7: new USB bus registered, assigned bus number 1
[    4.888392] ehci_hcd 0000:00:1a.7: cache line size of 32 is not supported
[    4.888401] ehci_hcd 0000:00:1a.7: irq 22, io mem 0xfe226c00
[    4.898197] ehci_hcd 0000:00:1a.7: USB 2.0 started, EHCI 1.00
[    4.898302] usb usb1: New USB device found, idVendor=1d6b, idProduct=0002
[    4.898392] usb usb1: New USB device strings: Mfr=3, Product=2, SerialNumber=1
[    4.898514] usb usb1: Product: EHCI Host Controller
[    4.898605] usb usb1: Manufacturer: Linux 2.6.32.57 ehci_hcd
[    4.898695] usb usb1: SerialNumber: 0000:00:1a.7
[    4.898835] usb usb1: configuration #1 chosen from 1 choice
[    4.898957] hub 1-0:1.0: USB hub found
[    4.899049] hub 1-0:1.0: 4 ports detected
[    4.899386] ehci_hcd 0000:00:1d.7: power state changed by ACPI to D0
[    4.899636] ehci_hcd 0000:00:1d.7: power state changed by ACPI to D0
[    4.899737] ehci_hcd 0000:00:1d.7: PCI INT D -> GSI 19 (level, low) -> IRQ 19
[    4.899836] ehci_hcd 0000:00:1d.7: setting latency timer to 64
[    4.899839] ehci_hcd 0000:00:1d.7: EHCI Host Controller
[    4.899967] ehci_hcd 0000:00:1d.7: new USB bus registered, assigned bus number 2
[    4.900120] ehci_hcd 0000:00:1d.7: debug port 1
[    4.904111] ehci_hcd 0000:00:1d.7: cache line size of 32 is not supported
[    4.904118] ehci_hcd 0000:00:1d.7: irq 19, io mem 0xfe227000
[    4.914199] ehci_hcd 0000:00:1d.7: USB 2.0 started, EHCI 1.00
[    4.914308] usb usb2: New USB device found, idVendor=1d6b, idProduct=0002
[    4.914395] usb usb2: New USB device strings: Mfr=3, Product=2, SerialNumber=1
[    4.914516] usb usb2: Product: EHCI Host Controller
[    4.914604] usb usb2: Manufacturer: Linux 2.6.32.57 ehci_hcd
[    4.914690] usb usb2: SerialNumber: 0000:00:1d.7
[    4.914836] usb usb2: configuration #1 chosen from 1 choice
[    4.914958] hub 2-0:1.0: USB hub found
[    4.915052] hub 2-0:1.0: 6 ports detected
[    4.915234] 116x: driver isp116x-hcd, 03 Nov 2005
[    4.915347] ohci_hcd: USB 1.1 'Open' Host Controller (OHCI) Driver
[    4.915463] uhci_hcd: USB Universal Host Controller Interface driver
[    4.915577] uhci_hcd 0000:00:1a.0: PCI INT A -> GSI 20 (level, low) -> IRQ 20
[    4.915675] uhci_hcd 0000:00:1a.0: setting latency timer to 64
[    4.915680] uhci_hcd 0000:00:1a.0: UHCI Host Controller
[    4.915810] uhci_hcd 0000:00:1a.0: new USB bus registered, assigned bus number 3
[    4.915966] uhci_hcd 0000:00:1a.0: irq 20, io base 0x00001860
[    4.916079] usb usb3: New USB device found, idVendor=1d6b, idProduct=0001
[    4.916172] usb usb3: New USB device strings: Mfr=3, Product=2, SerialNumber=1
[    4.916300] usb usb3: Product: UHCI Host Controller
[    4.916388] usb usb3: Manufacturer: Linux 2.6.32.57 uhci_hcd
[    4.916479] usb usb3: SerialNumber: 0000:00:1a.0
[    4.916610] usb usb3: configuration #1 chosen from 1 choice
[    4.916730] hub 3-0:1.0: USB hub found
[    4.916824] hub 3-0:1.0: 2 ports detected
[    4.917121] uhci_hcd 0000:00:1a.1: power state changed by ACPI to D0
[    4.917409] uhci_hcd 0000:00:1a.1: power state changed by ACPI to D0
[    4.917503] uhci_hcd 0000:00:1a.1: PCI INT B -> GSI 21 (level, low) -> IRQ 21
[    4.917599] uhci_hcd 0000:00:1a.1: setting latency timer to 64
[    4.917602] uhci_hcd 0000:00:1a.1: UHCI Host Controller
[    4.917730] uhci_hcd 0000:00:1a.1: new USB bus registered, assigned bus number 4
[    4.917883] uhci_hcd 0000:00:1a.1: irq 21, io base 0x00001880
[    4.917998] usb usb4: New USB device found, idVendor=1d6b, idProduct=0001
[    4.918092] usb usb4: New USB device strings: Mfr=3, Product=2, SerialNumber=1
[    4.918225] usb usb4: Product: UHCI Host Controller
[    4.918313] usb usb4: Manufacturer: Linux 2.6.32.57 uhci_hcd
[    4.918407] usb usb4: SerialNumber: 0000:00:1a.1
[    4.918544] usb usb4: configuration #1 chosen from 1 choice
[    4.918662] hub 4-0:1.0: USB hub found
[    4.918753] hub 4-0:1.0: 2 ports detected
[    4.919047] uhci_hcd 0000:00:1d.0: power state changed by ACPI to D0
[    4.919275] uhci_hcd 0000:00:1d.0: power state changed by ACPI to D0
[    4.919371] uhci_hcd 0000:00:1d.0: PCI INT A -> GSI 16 (level, low) -> IRQ 16
[    4.919475] uhci_hcd 0000:00:1d.0: setting latency timer to 64
[    4.919478] uhci_hcd 0000:00:1d.0: UHCI Host Controller
[    4.919609] uhci_hcd 0000:00:1d.0: new USB bus registered, assigned bus number 5
[    4.919760] uhci_hcd 0000:00:1d.0: irq 16, io base 0x000018a0
[    4.919876] usb usb5: New USB device found, idVendor=1d6b, idProduct=0001
[    4.919971] usb usb5: New USB device strings: Mfr=3, Product=2, SerialNumber=1
[    4.920093] usb usb5: Product: UHCI Host Controller
[    4.920186] usb usb5: Manufacturer: Linux 2.6.32.57 uhci_hcd
[    4.920282] usb usb5: SerialNumber: 0000:00:1d.0
[    4.920420] usb usb5: configuration #1 chosen from 1 choice
[    4.920539] hub 5-0:1.0: USB hub found
[    4.920629] hub 5-0:1.0: 2 ports detected
[    4.920780] uhci_hcd 0000:00:1d.1: PCI INT B -> GSI 17 (level, low) -> IRQ 17
[    4.920878] uhci_hcd 0000:00:1d.1: setting latency timer to 64
[    4.920883] uhci_hcd 0000:00:1d.1: UHCI Host Controller
[    4.921010] uhci_hcd 0000:00:1d.1: new USB bus registered, assigned bus number 6
[    4.921156] uhci_hcd 0000:00:1d.1: irq 17, io base 0x000018c0
[    4.921278] usb usb6: New USB device found, idVendor=1d6b, idProduct=0001
[    4.921370] usb usb6: New USB device strings: Mfr=3, Product=2, SerialNumber=1
[    4.921493] usb usb6: Product: UHCI Host Controller
[    4.921582] usb usb6: Manufacturer: Linux 2.6.32.57 uhci_hcd
[    4.921675] usb usb6: SerialNumber: 0000:00:1d.1
[    4.921808] usb usb6: configuration #1 chosen from 1 choice
[    4.921923] hub 6-0:1.0: USB hub found
[    4.922013] hub 6-0:1.0: 2 ports detected
[    4.922310] uhci_hcd 0000:00:1d.2: power state changed by ACPI to D0
[    4.922561] uhci_hcd 0000:00:1d.2: power state changed by ACPI to D0
[    4.922662] uhci_hcd 0000:00:1d.2: PCI INT C -> GSI 18 (level, low) -> IRQ 18
[    4.922760] uhci_hcd 0000:00:1d.2: setting latency timer to 64
[    4.922763] uhci_hcd 0000:00:1d.2: UHCI Host Controller
[    4.922888] uhci_hcd 0000:00:1d.2: new USB bus registered, assigned bus number 7
[    4.923038] uhci_hcd 0000:00:1d.2: irq 18, io base 0x000018e0
[    4.923153] usb usb7: New USB device found, idVendor=1d6b, idProduct=0001
[    4.923252] usb usb7: New USB device strings: Mfr=3, Product=2, SerialNumber=1
[    4.923376] usb usb7: Product: UHCI Host Controller
[    4.923466] usb usb7: Manufacturer: Linux 2.6.32.57 uhci_hcd
[    4.923557] usb usb7: SerialNumber: 0000:00:1d.2
[    4.924351] usb usb7: configuration #1 chosen from 1 choice
[    4.924469] hub 7-0:1.0: USB hub found
[    4.924559] hub 7-0:1.0: 2 ports detected
[    4.924719] sl811: driver sl811-hcd, 19 May 2005
[    4.924831] r8a66597_hcd: driver r8a66597_hcd, 2009-05-26
[    4.925003] Initializing USB Mass Storage driver...
[    4.925130] usbcore: registered new interface driver usb-storage
[    4.925230] USB Mass Storage support registered.
[    4.925336] usbcore: registered new interface driver ums-alauda
[    4.925445] usbcore: registered new interface driver ums-cypress
[    4.925553] usbcore: registered new interface driver ums-datafab
[    4.925661] usbcore: registered new interface driver ums-freecom
[    4.925770] usbcore: registered new interface driver ums-isd200
[    4.925882] usbcore: registered new interface driver ums-jumpshot
[    4.925995] usbcore: registered new interface driver ums-karma
[    4.926103] usbcore: registered new interface driver ums-onetouch
[    4.926232] usbcore: registered new interface driver ums-sddr09
[    4.926340] usbcore: registered new interface driver ums-sddr55
[    4.926449] usbcore: registered new interface driver ums-usbat
[    4.926594] PNP: PS/2 Controller [PNP0303:KBD,PNP0f13:MOU] at 0x60,0x64 irq 1,12
[    4.934869] serio: i8042 KBD port at 0x60,0x64 irq 1
[    4.934958] serio: i8042 AUX port at 0x60,0x64 irq 12
[    4.935212] mice: PS/2 mouse device common for all mice
[    4.935322] i2c /dev entries driver
[    4.935453] md: linear personality registered for level -1
[    4.935545] md: raid0 personality registered for level 0
[    4.935637] md: raid1 personality registered for level 1
[    4.935731] md: raid10 personality registered for level 10
[    4.935820] md: raid6 personality registered for level 6
[    4.935908] md: raid5 personality registered for level 5
[    4.935994] md: raid4 personality registered for level 4
[    4.936082] md: multipath personality registered for level -4
[    4.936300] device-mapper: ioctl: 4.15.0-ioctl (2009-04-01) initialised: dm-devel@redhat.com
[    4.936500] cpuidle: using governor ladder
[    4.937098] usbcore: registered new interface driver usbhid
[    4.937186] usbhid: v2.6:USB HID core driver
[    4.937341] random 0000 0000 0000 00000000 00000000: rand_read_num 4 get_random_bytes(136): sig 00000000 00000000 00000000
[    4.937343] random 0000 0000 0000 00000000 00000000: extract_entropy(.. 136 ..)
[    4.937346] random 0000 0000 0000 00000000 00000000: going to reseed nonblocking with 1024 bits (1088 of 0 requested)
[    4.937348] random 0000 0000 0000 00000000 00000000: extract_entropy(.. 128 ..)
[    4.937350] random 0000 0000 0000 00000000 00000000: trying to extract 1024 bits from input
[    4.937352] random 0000 0000 0000 00000000 00000000: debiting 0 entropy credits from input
[    4.937354] random 0000 0000 0000 00000000 00000000: extract_entropy account returned: 0 
[    4.937357] random 0000 0000 0000 00000000 00000000: urand_change_num 7 xfer_secondary_pool(136): pool_sig 00000000, data_sig 00000000, bytes_mixed 0 00000000 00000000
[    4.937360] random 0000 0000 0000 00000000 00000000: trying to extract 1088 bits from nonblocking
[    4.937363] random 0000 0000 0000 00000000 00000000: debiting 1088 entropy credits from nonblocking (unlimited)
[    4.937365] random 0000 0000 0000 00000000 00000000: extract_entropy account returned: 136 
[    4.937369] random 0000 0000 0000 00000000 00000000: urand_change_num 8 extract_buf: pool_sig 00000000, data_sig fffffff9, bytes_mixed 20 00000000 00000000
[    4.937375] random 0000 0000 0000 b7c35b56 be4dc95d: urand_change_num 9 extract_buf: pool_sig fffffd1e, data_sig 000000c5, bytes_mixed 20 b7c35b56 be4dc95d
[    4.937380] random 0000 0000 0000 ed9f5c47 c48487fb: urand_change_num 10 extract_buf: pool_sig fffff8ec, data_sig ffffff68, bytes_mixed 20 ed9f5c47 c48487fb
[    4.937385] random 0000 0000 0000 ed9f5c47 c48487fb: urand_change_num 11 extract_buf: pool_sig fffffaed, data_sig 000001aa, bytes_mixed 20 ed9f5c47 c48487fb
[    4.937390] random 0000 0000 0000 1b4f7c0a 91bd6a48: urand_change_num 12 extract_buf: pool_sig fffffdd8, data_sig 00000064, bytes_mixed 20 1b4f7c0a 91bd6a48
[    4.937395] random 0000 0000 0000 a254b9bc 20e9a24f: urand_change_num 13 extract_buf: pool_sig fffffbe6, data_sig 000001dd, bytes_mixed 20 a254b9bc 20e9a24f
[    4.937400] random 0000 0000 0000 a254b9bc 20e9a24f: urand_change_num 14 extract_buf: pool_sig fffff940, data_sig fffffe20, bytes_mixed 20 a254b9bc 20e9a24f
[    4.937406] random 0000 0000 0000 2831a66b 5fa2a3ad: urand_change_num 15 extract_buf: pool_sig fffffbce, data_sig 0000007e, bytes_mixed 20 2831a66b 5fa2a3ad
[    4.937411] random 0000 0000 0000 2831a66b 5fa2a3ad: urand_change_num 16 extract_buf: pool_sig 000004df, data_sig fffffe8f, bytes_mixed 20 2831a66b 5fa2a3ad
[    4.937416] random 0000 0000 0000 d4512bfd c9a54e0b: urand_change_num 17 extract_buf: pool_sig 00000485, data_sig fffffe68, bytes_mixed 20 d4512bfd c9a54e0b
[    4.937421] random 0000 0000 0000 c7371be6 f9ffea11: urand_change_num 18 extract_buf: pool_sig 00000095, data_sig ffffffed, bytes_mixed 20 c7371be6 f9ffea11
[    4.937426] random 0000 0000 0000 c7371be6 f9ffea11: urand_change_num 19 extract_buf: pool_sig 000003a7, data_sig fffffefa, bytes_mixed 20 c7371be6 f9ffea11
[    4.937431] random 0000 0000 0000 8fb4b62c d1ddba54: urand_change_num 20 extract_buf: pool_sig 00000179, data_sig ffffff78, bytes_mixed 20 8fb4b62c d1ddba54
[    4.937437] random 0000 0000 0000 9ff19f9c c07a1d2a: urand_change_num 21 extract_buf: pool_sig fffffe88, data_sig 00000126, bytes_mixed 20 9ff19f9c c07a1d2a
[    4.937441] TCP cubic registered
[    4.937535] Initializing XFRM netlink socket
[    4.937630] NET: Registered protocol family 17
[    4.937728] Using IPI Shortcut mode
[    4.937816] random 0000 0000 0000 9ff19f9c c07a1d2a: rand_read_num 5 get_random_bytes(8): sig 0000031b 9ff19f9c c07a1d2a
[    4.937818] random 0000 0000 0000 9ff19f9c c07a1d2a: extract_entropy(.. 8 ..)
[    4.937820] random 0000 0000 0000 9ff19f9c c07a1d2a: going to reseed nonblocking with 64 bits (64 of 0 requested)
[    4.937822] random 0000 0000 0000 9ff19f9c c07a1d2a: extract_entropy(.. 8 ..)
[    4.937824] random 0000 0000 0000 9ff19f9c c07a1d2a: trying to extract 64 bits from input
[    4.937826] random 0000 0000 0000 9ff19f9c c07a1d2a: debiting 0 entropy credits from input
[    4.937828] random 0000 0000 0000 9ff19f9c c07a1d2a: extract_entropy account returned: 0 
[    4.937831] random 0000 0000 0000 9ff19f9c c07a1d2a: urand_change_num 22 xfer_secondary_pool(8): pool_sig 0000031b, data_sig 00000000, bytes_mixed 0 9ff19f9c c07a1d2a
[    4.937834] random 0000 0000 0000 9ff19f9c c07a1d2a: trying to extract 64 bits from nonblocking
[    4.937836] random 0000 0000 0000 9ff19f9c c07a1d2a: debiting 64 entropy credits from nonblocking (unlimited)
[    4.937838] random 0000 0000 0000 9ff19f9c c07a1d2a: extract_entropy account returned: 8 
[    4.937842] random 0000 0000 0000 9ff19f9c c07a1d2a: urand_change_num 23 extract_buf: pool_sig 0000031b, data_sig ffffffb3, bytes_mixed 20 9ff19f9c c07a1d2a
[    4.940319] input: AT Translated Set 2 keyboard as /devices/platform/i8042/serio0/input/input1
[    5.128224] ata3: SATA link down (SStatus 0 SControl 300)
[    5.128335] ata1: SATA link up 1.5 Gbps (SStatus 113 SControl 300)
[    5.130215] ata1.00: ACPI cmd ef/02:00:00:00:00:a0 (SET FEATURES) succeeded
[    5.130218] ata1.00: ACPI cmd f5/00:00:00:00:00:a0 (SECURITY FREEZE LOCK) filtered out
[    5.131605] ata1.00: ACPI cmd ef/5f:00:00:00:00:a0 (SET FEATURES) succeeded
[    5.131607] ata1.00: ACPI cmd ef/10:03:00:00:00:a0 (SET FEATURES) filtered out
[    5.133516] ata1.00: ATA-7: ST910021AS, 4.06, max UDMA/100
[    5.133604] ata1.00: 195371568 sectors, multi 16: LBA48 
[    5.135757] ata1.00: ACPI cmd ef/02:00:00:00:00:a0 (SET FEATURES) succeeded
[    5.135759] ata1.00: ACPI cmd f5/00:00:00:00:00:a0 (SECURITY FREEZE LOCK) filtered out
[    5.137149] ata1.00: ACPI cmd ef/5f:00:00:00:00:a0 (SET FEATURES) succeeded
[    5.137151] ata1.00: ACPI cmd ef/10:03:00:00:00:a0 (SET FEATURES) filtered out
[    5.139078] ata1.00: configured for UDMA/100
[    5.149281] scsi 2:0:0:0: Direct-Access     ATA      ST910021AS       4.06 PQ: 0 ANSI: 5
[    5.149562] sd 2:0:0:0: [sda] 195371568 512-byte logical blocks: (100 GB/93.1 GiB)
[    5.149704] sd 2:0:0:0: [sda] Write Protect is off
[    5.149795] sd 2:0:0:0: [sda] Mode Sense: 00 3a 00 00
[    5.149808] sd 2:0:0:0: [sda] Write cache: enabled, read cache: enabled, doesn't support DPO or FUA
[    5.149998]  sda:
[    5.216222] usb 2-1: new high speed USB device using ehci_hcd and address 2
[    5.365453] usb 2-1: New USB device found, idVendor=0e8d, idProduct=1806
[    5.365549] usb 2-1: New USB device strings: Mfr=1, Product=2, SerialNumber=3
[    5.365639] usb 2-1: Product: MT1806 
[    5.365727] usb 2-1: Manufacturer: MediaTek Inc
[    5.365816] usb 2-1: SerialNumber: R8KN6GAC800AEB 
[    5.365947] usb 2-1: configuration #1 chosen from 1 choice
[    5.372247] scsi5 : SCSI emulation for USB Mass Storage devices
[    5.372417] usb-storage: device found at 2
[    5.372418] usb-storage: waiting for device to settle before scanning
[    5.573986]  sda1 sda2
[    5.574710] sd 2:0:0:0: [sda] Attached SCSI disk
[    5.574806] random 0000 0000 0000 277f73c3 42024bb9: rand_read_num 6 get_random_bytes(12): sig 000007e9 277f73c3 42024bb9
[    5.574808] random 0000 0000 0000 277f73c3 42024bb9: extract_entropy(.. 12 ..)
[    5.574811] random 0000 0000 0000 277f73c3 42024bb9: going to reseed nonblocking with 96 bits (96 of 0 requested)
[    5.574813] random 0000 0000 0000 277f73c3 42024bb9: extract_entropy(.. 12 ..)
[    5.574815] random 0000 0000 0000 277f73c3 42024bb9: trying to extract 96 bits from input
[    5.574817] random 0000 0000 0000 277f73c3 42024bb9: debiting 0 entropy credits from input
[    5.574819] random 0000 0000 0000 277f73c3 42024bb9: extract_entropy account returned: 0 
[    5.574822] random 0000 0000 0000 277f73c3 42024bb9: urand_change_num 24 xfer_secondary_pool(12): pool_sig 000007e9, data_sig 00000000, bytes_mixed 0 277f73c3 42024bb9
[    5.574825] random 0000 0000 0000 277f73c3 42024bb9: trying to extract 96 bits from nonblocking
[    5.574827] random 0000 0000 0000 277f73c3 42024bb9: debiting 96 entropy credits from nonblocking (unlimited)
[    5.574829] random 0000 0000 0000 277f73c3 42024bb9: extract_entropy account returned: 12 
[    5.574834] random 0000 0000 0000 277f73c3 42024bb9: urand_change_num 25 extract_buf: pool_sig 000007e9, data_sig 00000088, bytes_mixed 20 277f73c3 42024bb9
[    5.574839] random 0000 0000 0000 277f73c3 42024bb9: urand_change_num 26 extract_buf: pool_sig 00000498, data_sig fffffefb, bytes_mixed 20 277f73c3 42024bb9
[    5.574842] RANDOM - __seed init called.
[    5.574843] RANDOM - __seed init called.
[    5.574844] RANDOM - __seed init called.
[    5.574845] RANDOM - __random32 called. Change num 12.  Value: 87f14767	f0d7351	b1e48bd3
[    5.574847] RANDOM - random32_reseed called.  Value: 87f14767	f0d7351	b1e48bd3
[    5.574850] Pid: 1, comm: swapper Not tainted 2.6.32.57 #3
[    5.574942] Call Trace:
[    5.575035]  [<c1923ca4>] ? random32_reseed+0xa0/0xb1
[    5.575126]  [<c1923c04>] ? random32_reseed+0x0/0xb1
[    5.575216]  [<c100111e>] ? do_one_initcall+0x2e/0x180
[    5.575311]  [<c1907265>] ? kernel_init+0xad/0x103
[    5.575400]  [<c19071b8>] ? kernel_init+0x0/0x103
[    5.575490]  [<c1003787>] ? kernel_thread_helper+0x7/0x10
[    5.576016] random 0000 0000 0000 386b4e60 ee4d4880: rand_read_num 7 get_random_bytes(64): sig fffffea5 386b4e60 ee4d4880
[    5.576018] random 0000 0000 0000 386b4e60 ee4d4880: extract_entropy(.. 64 ..)
[    5.576020] random 0000 0000 0000 386b4e60 ee4d4880: going to reseed nonblocking with 512 bits (512 of 0 requested)
[    5.576022] random 0000 0000 0000 386b4e60 ee4d4880: extract_entropy(.. 64 ..)
[    5.576024] random 0000 0000 0000 386b4e60 ee4d4880: trying to extract 512 bits from input
[    5.576026] random 0000 0000 0000 386b4e60 ee4d4880: debiting 0 entropy credits from input
[    5.576028] random 0000 0000 0000 386b4e60 ee4d4880: extract_entropy account returned: 0 
[    5.576031] random 0000 0000 0000 386b4e60 ee4d4880: urand_change_num 27 xfer_secondary_pool(64): pool_sig fffffea5, data_sig 00000000, bytes_mixed 0 386b4e60 ee4d4880
[    5.576034] random 0000 0000 0000 386b4e60 ee4d4880: trying to extract 512 bits from nonblocking
[    5.576037] random 0000 0000 0000 386b4e60 ee4d4880: debiting 512 entropy credits from nonblocking (unlimited)
[    5.576039] random 0000 0000 0000 386b4e60 ee4d4880: extract_entropy account returned: 64 
[    5.576043] random 0000 0000 0000 386b4e60 ee4d4880: urand_change_num 28 extract_buf: pool_sig fffffea5, data_sig 00000173, bytes_mixed 20 386b4e60 ee4d4880
[    5.576048] random 0000 0000 0000 412698f6 0cc8689a: urand_change_num 29 extract_buf: pool_sig 00000122, data_sig ffffff63, bytes_mixed 20 412698f6 0cc8689a
[    5.576053] random 0000 0000 0000 412698f6 0cc8689a: urand_change_num 30 extract_buf: pool_sig 000001f7, data_sig 00000012, bytes_mixed 20 412698f6 0cc8689a
[    5.576059] random 0000 0000 0000 9669941e 06f768b1: urand_change_num 31 extract_buf: pool_sig fffffb5b, data_sig 0000003f, bytes_mixed 20 9669941e 06f768b1
[    5.576064] random 0000 0000 0000 98486520 995551f0: urand_change_num 32 extract_buf: pool_sig fffffb39, data_sig 0000000e, bytes_mixed 20 98486520 995551f0
[    5.576069] random 0000 0000 0000 98486520 995551f0: urand_change_num 33 extract_buf: pool_sig fffffd8d, data_sig 000001a6, bytes_mixed 20 98486520 995551f0
[    5.576074] random 0000 0000 0000 61fc8914 d5882ed2: urand_change_num 34 extract_buf: pool_sig fffffa58, data_sig 0000023e, bytes_mixed 20 61fc8914 d5882ed2
[    5.576103] random 0000 0000 0000 61fc8914 d5882ed2: rand_read_num 8 get_random_bytes(64): sig fffff9ee 61fc8914 d5882ed2
[    5.576105] random 0000 0000 0000 61fc8914 d5882ed2: extract_entropy(.. 64 ..)
[    5.576108] random 0000 0000 0000 61fc8914 d5882ed2: going to reseed nonblocking with 512 bits (512 of 0 requested)
[    5.576110] random 0000 0000 0000 61fc8914 d5882ed2: extract_entropy(.. 64 ..)
[    5.576112] random 0000 0000 0000 61fc8914 d5882ed2: trying to extract 512 bits from input
[    5.576114] random 0000 0000 0000 61fc8914 d5882ed2: debiting 0 entropy credits from input
[    5.576116] random 0000 0000 0000 61fc8914 d5882ed2: extract_entropy account returned: 0 
[    5.576119] random 0000 0000 0000 61fc8914 d5882ed2: urand_change_num 35 xfer_secondary_pool(64): pool_sig fffff9ee, data_sig 00000000, bytes_mixed 0 61fc8914 d5882ed2
[    5.576122] random 0000 0000 0000 61fc8914 d5882ed2: trying to extract 512 bits from nonblocking
[    5.576124] random 0000 0000 0000 61fc8914 d5882ed2: debiting 512 entropy credits from nonblocking (unlimited)
[    5.576126] random 0000 0000 0000 61fc8914 d5882ed2: extract_entropy account returned: 64 
[    5.576130] random 0000 0000 0000 61fc8914 d5882ed2: urand_change_num 36 extract_buf: pool_sig fffff9ee, data_sig ffffff85, bytes_mixed 20 61fc8914 d5882ed2
[    5.576135] random 0000 0000 0000 70cfd302 e5edec11: urand_change_num 37 extract_buf: pool_sig fffffdc1, data_sig ffffffde, bytes_mixed 20 70cfd302 e5edec11
[    5.576141] random 0000 0000 0000 00dab838 eafd2b30: urand_change_num 38 extract_buf: pool_sig 000003da, data_sig ffffff61, bytes_mixed 20 00dab838 eafd2b30
[    5.576146] random 0000 0000 0000 00dab838 eafd2b30: urand_change_num 39 extract_buf: pool_sig 00000314, data_sig 00000121, bytes_mixed 20 00dab838 eafd2b30
[    5.576151] random 0000 0000 0000 5fcdf66a 6442b608: urand_change_num 40 extract_buf: pool_sig 0000028b, data_sig fffffefd, bytes_mixed 20 5fcdf66a 6442b608
[    5.576156] random 0000 0000 0000 61333f6b 8fae0f9b: urand_change_num 41 extract_buf: pool_sig 000000cb, data_sig 000000b3, bytes_mixed 20 61333f6b 8fae0f9b
[    5.576161] random 0000 0000 0000 61333f6b 8fae0f9b: urand_change_num 42 extract_buf: pool_sig fffffef8, data_sig 00000051, bytes_mixed 20 61333f6b 8fae0f9b
[    5.576164] BEGIN NET_SECRET:
[    5.576165] \xffffffe0
[    5.576166] \xffffffb6
[    5.576166] \x36
[    5.576167] \xffffffb5
[    5.576168] \xffffff94
[    5.576169] \xffffffb2
[    5.576170] \xffffffa8
[    5.576171] \xffffffda
[    5.576171] \x5b
[    5.576172] \x19
[    5.576173] \x18
[    5.576173] \x5c
[    5.576174] \x2b
[    5.576175] \x1
[    5.576176] \xffffff90
[    5.576177] \x19
[    5.576177] \x3c
[    5.576178] \xfffffff2
[    5.576179] \xffffff82
[    5.576180] \x2a
[    5.576180] \xffffffb3
[    5.576181] \xffffffa2
[    5.576182] \x3f
[    5.576183] \x5
[    5.576183] \x52
[    5.576184] \x77
[    5.576185] \x57
[    5.576186] \x79
[    5.576186] \x16
[    5.576187] \x43
[    5.576188] \xffffff84
[    5.576188] \xffffffc3
[    5.576189] \xffffffe9
[    5.576190] \x79
[    5.576191] \x50
[    5.576192] \xffffff8e
[    5.576192] \x3f
[    5.576193] \xfffffff3
[    5.576194] \x19
[    5.576195] \x2a
[    5.576195] \xfffffffd
[    5.576196] \xfffffffb
[    5.576197] \x62
[    5.576198] \x3c
[    5.576198] \xffffffac
[    5.576199] \x1c
[    5.576200] \x3b
[    5.576200] \x3b
[    5.576201] \x15
[    5.576202] \x27
[    5.576203] \xffffffa8
[    5.576203] \x22
[    5.576204] \xffffffc5
[    5.576205] \xffffff9a
[    5.576206] \x5
[    5.576206] \x6c
[    5.576207] \xffffffa8
[    5.576208] \x3a
[    5.576209] \x44
[    5.576210] \xffffffaf
[    5.576210] \x13
[    5.576211] \xffffffe0
[    5.576212] \xffffff9d
[    5.576213] \x22
[    5.576213] 
[    5.576214] END NET_SECRET
[    5.576217] random 0000 0000 0000 e7f555d9 e8ce5c3c: rand_read_num 9 get_random_bytes(4): sig 0000068c e7f555d9 e8ce5c3c
[    5.576219] random 0000 0000 0000 e7f555d9 e8ce5c3c: extract_entropy(.. 4 ..)
[    5.576221] random 0000 0000 0000 e7f555d9 e8ce5c3c: going to reseed nonblocking with 64 bits (32 of 0 requested)
[    5.576223] random 0000 0000 0000 e7f555d9 e8ce5c3c: extract_entropy(.. 8 ..)
[    5.576225] random 0000 0000 0000 e7f555d9 e8ce5c3c: trying to extract 64 bits from input
[    5.576227] random 0000 0000 0000 e7f555d9 e8ce5c3c: debiting 0 entropy credits from input
[    5.576229] random 0000 0000 0000 e7f555d9 e8ce5c3c: extract_entropy account returned: 0 
[    5.576232] random 0000 0000 0000 e7f555d9 e8ce5c3c: urand_change_num 43 xfer_secondary_pool(4): pool_sig 0000068c, data_sig 00000000, bytes_mixed 0 e7f555d9 e8ce5c3c
[    5.576235] random 0000 0000 0000 e7f555d9 e8ce5c3c: trying to extract 32 bits from nonblocking
[    5.576237] random 0000 0000 0000 e7f555d9 e8ce5c3c: debiting 32 entropy credits from nonblocking (unlimited)
[    5.576243] random 0000 0000 0000 e7f555d9 e8ce5c3c: extract_entropy account returned: 4 
[    5.576247] random 0000 0000 0000 e7f555d9 e8ce5c3c: urand_change_num 44 extract_buf: pool_sig 0000068c, data_sig fffffdcb, bytes_mixed 20 e7f555d9 e8ce5c3c
[    5.576258] md: Waiting for all devices to be available before autodetect
[    5.576347] md: If you don't use raid, use raid=noautodetect
[    5.576514] md: Autodetecting RAID arrays.
[    5.576603] md: Scanned 0 and added 0 devices.
[    5.576692] md: autorun ...
[    5.576776] md: ... autorun DONE.
[    5.606736] EXT3-fs: sda2: couldn't mount because of unsupported optional features (240).
[    5.606965] EXT2-fs: sda2: couldn't mount because of unsupported optional features (240).
[    5.608247] random 0000 0000 0000 e7f555d9 e8ce5c3c: rand_read_num 10 get_random_bytes(4): sig ffffff72 e7f555d9 e8ce5c3c
[    5.608250] random 0000 0000 0000 e7f555d9 e8ce5c3c: extract_entropy(.. 4 ..)
[    5.608252] random 0000 0000 0000 e7f555d9 e8ce5c3c: going to reseed nonblocking with 64 bits (32 of 0 requested)
[    5.608254] random 0000 0000 0000 e7f555d9 e8ce5c3c: extract_entropy(.. 8 ..)
[    5.608256] random 0000 0000 0000 e7f555d9 e8ce5c3c: trying to extract 64 bits from input
[    5.608259] random 0000 0000 0000 e7f555d9 e8ce5c3c: debiting 0 entropy credits from input
[    5.608261] random 0000 0000 0000 e7f555d9 e8ce5c3c: extract_entropy account returned: 0 
[    5.608264] random 0000 0000 0000 e7f555d9 e8ce5c3c: urand_change_num 45 xfer_secondary_pool(4): pool_sig ffffff72, data_sig 00000000, bytes_mixed 0 e7f555d9 e8ce5c3c
[    5.608267] random 0000 0000 0000 e7f555d9 e8ce5c3c: trying to extract 32 bits from nonblocking
[    5.608269] random 0000 0000 0000 e7f555d9 e8ce5c3c: debiting 32 entropy credits from nonblocking (unlimited)
[    5.608271] random 0000 0000 0000 e7f555d9 e8ce5c3c: extract_entropy account returned: 4 
[    5.608275] random 0000 0000 0000 e7f555d9 e8ce5c3c: urand_change_num 46 extract_buf: pool_sig ffffff72, data_sig ffffff72, bytes_mixed 20 e7f555d9 e8ce5c3c
[    5.636442] EXT4-fs (sda2): mounted filesystem with ordered data mode
[    5.636647] VFS: Mounted root (ext4 filesystem) readonly on device 8:2.
[    5.636750] Freeing unused kernel memory: 448k freed
[    5.707080] random 0000 0000 0000 91716c54 eeb6a1e7: rand_read_num 11 get_random_bytes(16): sig fffffcad 91716c54 eeb6a1e7
[    5.707083] random 0000 0000 0000 91716c54 eeb6a1e7: extract_entropy(.. 16 ..)
[    5.707085] random 0000 0000 0000 91716c54 eeb6a1e7: going to reseed nonblocking with 128 bits (128 of 0 requested)
[    5.707087] random 0000 0000 0000 91716c54 eeb6a1e7: extract_entropy(.. 16 ..)
[    5.707089] random 0000 0000 0000 91716c54 eeb6a1e7: trying to extract 128 bits from input
[    5.707091] random 0000 0000 0000 91716c54 eeb6a1e7: debiting 0 entropy credits from input
[    5.707093] random 0000 0000 0000 91716c54 eeb6a1e7: extract_entropy account returned: 0 
[    5.707096] random 0000 0000 0000 91716c54 eeb6a1e7: urand_change_num 47 xfer_secondary_pool(16): pool_sig fffffcad, data_sig 00000000, bytes_mixed 0 91716c54 eeb6a1e7
[    5.707099] random 0000 0000 0000 91716c54 eeb6a1e7: trying to extract 128 bits from nonblocking
[    5.707101] random 0000 0000 0000 91716c54 eeb6a1e7: debiting 128 entropy credits from nonblocking (unlimited)
[    5.707104] random 0000 0000 0000 91716c54 eeb6a1e7: extract_entropy account returned: 16 
[    5.707108] random 0000 0000 0000 91716c54 eeb6a1e7: urand_change_num 48 extract_buf: pool_sig fffffcad, data_sig ffffff19, bytes_mixed 20 91716c54 eeb6a1e7
[    5.707113] random 0000 0000 0000 fd637b06 6cf47bc1: urand_change_num 49 extract_buf: pool_sig fffffede, data_sig ffffffc1, bytes_mixed 20 fd637b06 6cf47bc1
[    5.785513] random 0000 0000 0000 fd637b06 6cf47bc1: rand_read_num 12 get_random_bytes(16): sig 0000033b fd637b06 6cf47bc1
[    5.785515] random 0000 0000 0000 fd637b06 6cf47bc1: extract_entropy(.. 16 ..)
[    5.785518] random 0000 0000 0000 fd637b06 6cf47bc1: going to reseed nonblocking with 128 bits (128 of 0 requested)
[    5.785520] random 0000 0000 0000 fd637b06 6cf47bc1: extract_entropy(.. 16 ..)
[    5.785522] random 0000 0000 0000 fd637b06 6cf47bc1: trying to extract 128 bits from input
[    5.785525] random 0000 0000 0000 fd637b06 6cf47bc1: debiting 0 entropy credits from input
[    5.785526] random 0000 0000 0000 fd637b06 6cf47bc1: extract_entropy account returned: 0 
[    5.785530] random 0000 0000 0000 fd637b06 6cf47bc1: urand_change_num 50 xfer_secondary_pool(16): pool_sig 0000033b, data_sig 00000000, bytes_mixed 0 fd637b06 6cf47bc1
[    5.785532] random 0000 0000 0000 fd637b06 6cf47bc1: trying to extract 128 bits from nonblocking
[    5.785535] random 0000 0000 0000 fd637b06 6cf47bc1: debiting 128 entropy credits from nonblocking (unlimited)
[    5.785537] random 0000 0000 0000 fd637b06 6cf47bc1: extract_entropy account returned: 16 
[    5.785541] random 0000 0000 0000 fd637b06 6cf47bc1: urand_change_num 51 extract_buf: pool_sig 0000033b, data_sig 000000d8, bytes_mixed 20 fd637b06 6cf47bc1
[    5.785547] random 0000 0000 0000 0ec1f012 d4727ca8: urand_change_num 52 extract_buf: pool_sig fffffcf5, data_sig 00000016, bytes_mixed 20 0ec1f012 d4727ca8
[    6.148779] ieee1394: Host added: ID:BUS[0-00:1023]  GUID[00061b032a25f51c]
[    6.159474] random 0000 0000 0000 45b1d0b1 845a73f7: rand_read_num 13 get_random_bytes(16): sig 00000116 45b1d0b1 845a73f7
[    6.159477] random 0000 0000 0000 45b1d0b1 845a73f7: extract_entropy(.. 16 ..)
[    6.159479] random 0000 0000 0000 45b1d0b1 845a73f7: going to reseed nonblocking with 128 bits (128 of 0 requested)
[    6.159482] random 0000 0000 0000 45b1d0b1 845a73f7: extract_entropy(.. 16 ..)
[    6.159484] random 0000 0000 0000 45b1d0b1 845a73f7: trying to extract 128 bits from input
[    6.159486] random 0000 0000 0000 45b1d0b1 845a73f7: debiting 0 entropy credits from input
[    6.159488] random 0000 0000 0000 45b1d0b1 845a73f7: extract_entropy account returned: 0 
[    6.159491] random 0000 0000 0000 45b1d0b1 845a73f7: urand_change_num 53 xfer_secondary_pool(16): pool_sig 00000116, data_sig 00000000, bytes_mixed 0 45b1d0b1 845a73f7
[    6.159494] random 0000 0000 0000 45b1d0b1 845a73f7: trying to extract 128 bits from nonblocking
[    6.159496] random 0000 0000 0000 45b1d0b1 845a73f7: debiting 128 entropy credits from nonblocking (unlimited)
[    6.159498] random 0000 0000 0000 45b1d0b1 845a73f7: extract_entropy account returned: 16 
[    6.159503] random 0000 0000 0000 45b1d0b1 845a73f7: urand_change_num 54 extract_buf: pool_sig 00000116, data_sig fffffd8b, bytes_mixed 20 45b1d0b1 845a73f7
[    6.159508] random 0000 0000 0000 45b1d0b1 845a73f7: urand_change_num 55 extract_buf: pool_sig fffffc05, data_sig 00000109, bytes_mixed 20 45b1d0b1 845a73f7
[    6.211977] random 0000 0000 0000 5012cce3 b8a30621: rand_read_num 14 get_random_bytes(16): sig fffffb93 5012cce3 b8a30621
[    6.211980] random 0000 0000 0000 5012cce3 b8a30621: extract_entropy(.. 16 ..)
[    6.211983] random 0000 0000 0000 5012cce3 b8a30621: going to reseed nonblocking with 128 bits (128 of 0 requested)
[    6.211985] random 0000 0000 0000 5012cce3 b8a30621: extract_entropy(.. 16 ..)
[    6.211987] random 0000 0000 0000 5012cce3 b8a30621: trying to extract 128 bits from input
[    6.211989] random 0000 0000 0000 5012cce3 b8a30621: debiting 0 entropy credits from input
[    6.211991] random 0000 0000 0000 5012cce3 b8a30621: extract_entropy account returned: 0 
[    6.211994] random 0000 0000 0000 5012cce3 b8a30621: urand_change_num 56 xfer_secondary_pool(16): pool_sig fffffb93, data_sig 00000000, bytes_mixed 0 5012cce3 b8a30621
[    6.211997] random 0000 0000 0000 5012cce3 b8a30621: trying to extract 128 bits from nonblocking
[    6.212000] random 0000 0000 0000 5012cce3 b8a30621: debiting 128 entropy credits from nonblocking (unlimited)
[    6.212002] random 0000 0000 0000 5012cce3 b8a30621: extract_entropy account returned: 16 
[    6.212006] random 0000 0000 0000 5012cce3 b8a30621: urand_change_num 57 extract_buf: pool_sig fffffb93, data_sig ffffff35, bytes_mixed 20 5012cce3 b8a30621
[    6.212011] random 0000 0000 0000 5012cce3 b8a30621: urand_change_num 58 extract_buf: pool_sig fffffb9d, data_sig ffffff92, bytes_mixed 20 5012cce3 b8a30621
[    6.213383] random 0000 0000 0000 30a5721d 4b648ff6: rand_read_num 15 get_random_bytes(16): sig fffffeb5 30a5721d 4b648ff6
[    6.213385] random 0000 0000 0000 30a5721d 4b648ff6: extract_entropy(.. 16 ..)
[    6.213388] random 0000 0000 0000 30a5721d 4b648ff6: going to reseed nonblocking with 128 bits (128 of 0 requested)
[    6.213390] random 0000 0000 0000 30a5721d 4b648ff6: extract_entropy(.. 16 ..)
[    6.213392] random 0000 0000 0000 30a5721d 4b648ff6: trying to extract 128 bits from input
[    6.213395] random 0000 0000 0000 30a5721d 4b648ff6: debiting 0 entropy credits from input
[    6.213397] random 0000 0000 0000 30a5721d 4b648ff6: extract_entropy account returned: 0 
[    6.213400] random 0000 0000 0000 30a5721d 4b648ff6: urand_change_num 59 xfer_secondary_pool(16): pool_sig fffffeb5, data_sig 00000000, bytes_mixed 0 30a5721d 4b648ff6
[    6.213403] random 0000 0000 0000 30a5721d 4b648ff6: trying to extract 128 bits from nonblocking
[    6.213405] random 0000 0000 0000 30a5721d 4b648ff6: debiting 128 entropy credits from nonblocking (unlimited)
[    6.213407] random 0000 0000 0000 30a5721d 4b648ff6: extract_entropy account returned: 16 
[    6.213411] random 0000 0000 0000 30a5721d 4b648ff6: urand_change_num 60 extract_buf: pool_sig fffffeb5, data_sig 000000c2, bytes_mixed 20 30a5721d 4b648ff6
[    6.213417] random 0000 0000 0000 89bae1ab 704c432f: urand_change_num 61 extract_buf: pool_sig 0000006e, data_sig fffffefc, bytes_mixed 20 89bae1ab 704c432f
[    6.213962] random 0000 0000 0000 89bae1ab 704c432f: rand_read_num 16 get_random_bytes(16): sig fffffd99 89bae1ab 704c432f
[    6.213965] random 0000 0000 0000 89bae1ab 704c432f: extract_entropy(.. 16 ..)
[    6.213968] random 0000 0000 0000 89bae1ab 704c432f: going to reseed nonblocking with 128 bits (128 of 0 requested)
[    6.213970] random 0000 0000 0000 89bae1ab 704c432f: extract_entropy(.. 16 ..)
[    6.213972] random 0000 0000 0000 89bae1ab 704c432f: trying to extract 128 bits from input
[    6.213974] random 0000 0000 0000 89bae1ab 704c432f: debiting 0 entropy credits from input
[    6.213976] random 0000 0000 0000 89bae1ab 704c432f: extract_entropy account returned: 0 
[    6.213979] random 0000 0000 0000 89bae1ab 704c432f: urand_change_num 62 xfer_secondary_pool(16): pool_sig fffffd99, data_sig 00000000, bytes_mixed 0 89bae1ab 704c432f
[    6.213982] random 0000 0000 0000 89bae1ab 704c432f: trying to extract 128 bits from nonblocking
[    6.213985] random 0000 0000 0000 89bae1ab 704c432f: debiting 128 entropy credits from nonblocking (unlimited)
[    6.213987] random 0000 0000 0000 89bae1ab 704c432f: extract_entropy account returned: 16 
[    6.213991] random 0000 0000 0000 89bae1ab 704c432f: urand_change_num 63 extract_buf: pool_sig fffffd99, data_sig 00000204, bytes_mixed 20 89bae1ab 704c432f
[    6.213996] random 0000 0000 0000 6c298a02 2b1539f8: urand_change_num 64 extract_buf: pool_sig 00000124, data_sig fffffff5, bytes_mixed 20 6c298a02 2b1539f8
[    6.214894] random 0000 0000 0000 c77b8b35 70f6cab5: rand_read_num 17 get_random_bytes(16): sig 0000036b c77b8b35 70f6cab5
[    6.214897] random 0000 0000 0000 c77b8b35 70f6cab5: extract_entropy(.. 16 ..)
[    6.214900] random 0000 0000 0000 c77b8b35 70f6cab5: going to reseed nonblocking with 128 bits (128 of 0 requested)
[    6.214902] random 0000 0000 0000 c77b8b35 70f6cab5: extract_entropy(.. 16 ..)
[    6.214904] random 0000 0000 0000 c77b8b35 70f6cab5: trying to extract 128 bits from input
[    6.214906] random 0000 0000 0000 c77b8b35 70f6cab5: debiting 0 entropy credits from input
[    6.214908] random 0000 0000 0000 c77b8b35 70f6cab5: extract_entropy account returned: 0 
[    6.214911] random 0000 0000 0000 c77b8b35 70f6cab5: urand_change_num 65 xfer_secondary_pool(16): pool_sig 0000036b, data_sig 00000000, bytes_mixed 0 c77b8b35 70f6cab5
[    6.214914] random 0000 0000 0000 c77b8b35 70f6cab5: trying to extract 128 bits from nonblocking
[    6.214917] random 0000 0000 0000 c77b8b35 70f6cab5: debiting 128 entropy credits from nonblocking (unlimited)
[    6.214919] random 0000 0000 0000 c77b8b35 70f6cab5: extract_entropy account returned: 16 
[    6.214923] random 0000 0000 0000 c77b8b35 70f6cab5: urand_change_num 66 extract_buf: pool_sig 0000036b, data_sig 0000005f, bytes_mixed 20 c77b8b35 70f6cab5
[    6.214928] random 0000 0000 0000 c77b8b35 70f6cab5: urand_change_num 67 extract_buf: pool_sig ffffff1c, data_sig 0000005a, bytes_mixed 20 c77b8b35 70f6cab5
[    6.215518] random 0000 0000 0000 af21d212 57d20ca3: rand_read_num 18 get_random_bytes(16): sig fffffb7f af21d212 57d20ca3
[    6.215521] random 0000 0000 0000 af21d212 57d20ca3: extract_entropy(.. 16 ..)
[    6.215523] random 0000 0000 0000 af21d212 57d20ca3: going to reseed nonblocking with 128 bits (128 of 0 requested)
[    6.215526] random 0000 0000 0000 af21d212 57d20ca3: extract_entropy(.. 16 ..)
[    6.215528] random 0000 0000 0000 af21d212 57d20ca3: trying to extract 128 bits from input
[    6.215530] random 0000 0000 0000 af21d212 57d20ca3: debiting 0 entropy credits from input
[    6.215532] random 0000 0000 0000 af21d212 57d20ca3: extract_entropy account returned: 0 
[    6.215535] random 0000 0000 0000 af21d212 57d20ca3: urand_change_num 68 xfer_secondary_pool(16): pool_sig fffffb7f, data_sig 00000000, bytes_mixed 0 af21d212 57d20ca3
[    6.215538] random 0000 0000 0000 af21d212 57d20ca3: trying to extract 128 bits from nonblocking
[    6.215540] random 0000 0000 0000 af21d212 57d20ca3: debiting 128 entropy credits from nonblocking (unlimited)
[    6.215542] random 0000 0000 0000 af21d212 57d20ca3: extract_entropy account returned: 16 
[    6.215546] random 0000 0000 0000 af21d212 57d20ca3: urand_change_num 69 extract_buf: pool_sig fffffb7f, data_sig ffffff88, bytes_mixed 20 af21d212 57d20ca3
[    6.215552] random 0000 0000 0000 af21d212 57d20ca3: urand_change_num 70 extract_buf: pool_sig fffffe1d, data_sig ffffff17, bytes_mixed 20 af21d212 57d20ca3
[    6.216140] random 0000 0000 0000 ffbd26fd 21933274: rand_read_num 19 get_random_bytes(16): sig ffffffc7 ffbd26fd 21933274
[    6.216143] random 0000 0000 0000 ffbd26fd 21933274: extract_entropy(.. 16 ..)
[    6.216145] random 0000 0000 0000 ffbd26fd 21933274: going to reseed nonblocking with 128 bits (128 of 0 requested)
[    6.216148] random 0000 0000 0000 ffbd26fd 21933274: extract_entropy(.. 16 ..)
[    6.216150] random 0000 0000 0000 ffbd26fd 21933274: trying to extract 128 bits from input
[    6.216152] random 0000 0000 0000 ffbd26fd 21933274: debiting 0 entropy credits from input
[    6.216154] random 0000 0000 0000 ffbd26fd 21933274: extract_entropy account returned: 0 
[    6.216157] random 0000 0000 0000 ffbd26fd 21933274: urand_change_num 71 xfer_secondary_pool(16): pool_sig ffffffc7, data_sig 00000000, bytes_mixed 0 ffbd26fd 21933274
[    6.216160] random 0000 0000 0000 ffbd26fd 21933274: trying to extract 128 bits from nonblocking
[    6.216162] random 0000 0000 0000 ffbd26fd 21933274: debiting 128 entropy credits from nonblocking (unlimited)
[    6.216164] random 0000 0000 0000 ffbd26fd 21933274: extract_entropy account returned: 16 
[    6.216168] random 0000 0000 0000 ffbd26fd 21933274: urand_change_num 72 extract_buf: pool_sig ffffffc7, data_sig 0000013b, bytes_mixed 20 ffbd26fd 21933274
[    6.216174] random 0000 0000 0000 151530a2 56c65dd3: urand_change_num 73 extract_buf: pool_sig ffffffbf, data_sig 00000036, bytes_mixed 20 151530a2 56c65dd3
[    6.216736] random 0000 0000 0000 151530a2 56c65dd3: rand_read_num 20 get_random_bytes(16): sig 000001a7 151530a2 56c65dd3
[    6.216739] random 0000 0000 0000 151530a2 56c65dd3: extract_entropy(.. 16 ..)
[    6.216741] random 0000 0000 0000 151530a2 56c65dd3: going to reseed nonblocking with 128 bits (128 of 0 requested)
[    6.216744] random 0000 0000 0000 151530a2 56c65dd3: extract_entropy(.. 16 ..)
[    6.216746] random 0000 0000 0000 151530a2 56c65dd3: trying to extract 128 bits from input
[    6.216748] random 0000 0000 0000 151530a2 56c65dd3: debiting 0 entropy credits from input
[    6.216750] random 0000 0000 0000 151530a2 56c65dd3: extract_entropy account returned: 0 
[    6.216753] random 0000 0000 0000 151530a2 56c65dd3: urand_change_num 74 xfer_secondary_pool(16): pool_sig 000001a7, data_sig 00000000, bytes_mixed 0 151530a2 56c65dd3
[    6.216756] random 0000 0000 0000 151530a2 56c65dd3: trying to extract 128 bits from nonblocking
[    6.216758] random 0000 0000 0000 151530a2 56c65dd3: debiting 128 entropy credits from nonblocking (unlimited)
[    6.216760] random 0000 0000 0000 151530a2 56c65dd3: extract_entropy account returned: 16 
[    6.216764] random 0000 0000 0000 151530a2 56c65dd3: urand_change_num 75 extract_buf: pool_sig 000001a7, data_sig ffffffa1, bytes_mixed 20 151530a2 56c65dd3
[    6.216770] random 0000 0000 0000 5d3e132e d9a77eb3: urand_change_num 76 extract_buf: pool_sig fffffcc9, data_sig 00000013, bytes_mixed 20 5d3e132e d9a77eb3
[    6.267796] random 0000 0000 0000 264837ad 0a28fef5: rand_read_num 21 get_random_bytes(16): sig ffffffd0 264837ad 0a28fef5
[    6.267799] random 0000 0000 0000 264837ad 0a28fef5: extract_entropy(.. 16 ..)
[    6.267802] random 0000 0000 0000 264837ad 0a28fef5: going to reseed nonblocking with 128 bits (128 of 0 requested)
[    6.267805] random 0000 0000 0000 264837ad 0a28fef5: extract_entropy(.. 16 ..)
[    6.267807] random 0000 0000 0000 264837ad 0a28fef5: trying to extract 128 bits from input
[    6.267809] random 0000 0000 0000 264837ad 0a28fef5: debiting 0 entropy credits from input
[    6.267811] random 0000 0000 0000 264837ad 0a28fef5: extract_entropy account returned: 0 
[    6.267814] random 0000 0000 0000 264837ad 0a28fef5: urand_change_num 77 xfer_secondary_pool(16): pool_sig ffffffd0, data_sig 00000000, bytes_mixed 0 264837ad 0a28fef5
[    6.267817] random 0000 0000 0000 264837ad 0a28fef5: trying to extract 128 bits from nonblocking
[    6.267819] random 0000 0000 0000 264837ad 0a28fef5: debiting 128 entropy credits from nonblocking (unlimited)
[    6.267822] random 0000 0000 0000 264837ad 0a28fef5: extract_entropy account returned: 16 
[    6.267826] random 0000 0000 0000 264837ad 0a28fef5: urand_change_num 78 extract_buf: pool_sig ffffffd0, data_sig 0000017b, bytes_mixed 20 264837ad 0a28fef5
[    6.267831] random 0000 0000 0000 264837ad 0a28fef5: urand_change_num 79 extract_buf: pool_sig 0000045c, data_sig 000001df, bytes_mixed 20 264837ad 0a28fef5
[    6.269279] random 0000 0000 0000 f37f7344 164aede0: rand_read_num 22 get_random_bytes(16): sig 000003c2 f37f7344 164aede0
[    6.269282] random 0000 0000 0000 f37f7344 164aede0: extract_entropy(.. 16 ..)
[    6.269284] random 0000 0000 0000 f37f7344 164aede0: going to reseed nonblocking with 128 bits (128 of 0 requested)
[    6.269287] random 0000 0000 0000 f37f7344 164aede0: extract_entropy(.. 16 ..)
[    6.269295] random 0000 0000 0000 f37f7344 164aede0: trying to extract 128 bits from input
[    6.269297] random 0000 0000 0000 f37f7344 164aede0: debiting 0 entropy credits from input
[    6.269299] random 0000 0000 0000 f37f7344 164aede0: extract_entropy account returned: 0 
[    6.269302] random 0000 0000 0000 f37f7344 164aede0: urand_change_num 80 xfer_secondary_pool(16): pool_sig 000003c2, data_sig 00000000, bytes_mixed 0 f37f7344 164aede0
[    6.269305] random 0000 0000 0000 f37f7344 164aede0: trying to extract 128 bits from nonblocking
[    6.269307] random 0000 0000 0000 f37f7344 164aede0: debiting 128 entropy credits from nonblocking (unlimited)
[    6.269309] random 0000 0000 0000 f37f7344 164aede0: extract_entropy account returned: 16 
[    6.269313] random 0000 0000 0000 f37f7344 164aede0: urand_change_num 81 extract_buf: pool_sig 000003c2, data_sig ffffff6c, bytes_mixed 20 f37f7344 164aede0
[    6.269319] random 0000 0000 0000 f37f7344 164aede0: urand_change_num 82 extract_buf: pool_sig fffffdfc, data_sig 00000091, bytes_mixed 20 f37f7344 164aede0
[    6.292101] random 0000 0000 0000 a4794863 878070c1: rand_read_num 23 get_random_bytes(16): sig 0000011b a4794863 878070c1
[    6.292104] random 0000 0000 0000 a4794863 878070c1: extract_entropy(.. 16 ..)
[    6.292106] random 0000 0000 0000 a4794863 878070c1: going to reseed nonblocking with 128 bits (128 of 0 requested)
[    6.292109] random 0000 0000 0000 a4794863 878070c1: extract_entropy(.. 16 ..)
[    6.292111] random 0000 0000 0000 a4794863 878070c1: trying to extract 128 bits from input
[    6.292113] random 0000 0000 0000 a4794863 878070c1: debiting 0 entropy credits from input
[    6.292115] random 0000 0000 0000 a4794863 878070c1: extract_entropy account returned: 0 
[    6.292118] random 0000 0000 0000 a4794863 878070c1: urand_change_num 83 xfer_secondary_pool(16): pool_sig 0000011b, data_sig 00000000, bytes_mixed 0 a4794863 878070c1
[    6.292121] random 0000 0000 0000 a4794863 878070c1: trying to extract 128 bits from nonblocking
[    6.292123] random 0000 0000 0000 a4794863 878070c1: debiting 128 entropy credits from nonblocking (unlimited)
[    6.292125] random 0000 0000 0000 a4794863 878070c1: extract_entropy account returned: 16 
[    6.292129] random 0000 0000 0000 a4794863 878070c1: urand_change_num 84 extract_buf: pool_sig 0000011b, data_sig ffffff51, bytes_mixed 20 a4794863 878070c1
[    6.292135] random 0000 0000 0000 737f19b4 9417d8ab: urand_change_num 85 extract_buf: pool_sig 000001a3, data_sig 0000006c, bytes_mixed 20 737f19b4 9417d8ab
[    6.296194] random 0000 0000 0000 737f19b4 9417d8ab: rand_read_num 24 get_random_bytes(16): sig fffffe22 737f19b4 9417d8ab
[    6.296196] random 0000 0000 0000 737f19b4 9417d8ab: extract_entropy(.. 16 ..)
[    6.296199] random 0000 0000 0000 737f19b4 9417d8ab: going to reseed nonblocking with 128 bits (128 of 0 requested)
[    6.296201] random 0000 0000 0000 737f19b4 9417d8ab: extract_entropy(.. 16 ..)
[    6.296203] random 0000 0000 0000 737f19b4 9417d8ab: trying to extract 128 bits from input
[    6.296205] random 0000 0000 0000 737f19b4 9417d8ab: debiting 0 entropy credits from input
[    6.296207] random 0000 0000 0000 737f19b4 9417d8ab: extract_entropy account returned: 0 
[    6.296210] random 0000 0000 0000 737f19b4 9417d8ab: urand_change_num 86 xfer_secondary_pool(16): pool_sig fffffe22, data_sig 00000000, bytes_mixed 0 737f19b4 9417d8ab
[    6.296213] random 0000 0000 0000 737f19b4 9417d8ab: trying to extract 128 bits from nonblocking
[    6.296216] random 0000 0000 0000 737f19b4 9417d8ab: debiting 128 entropy credits from nonblocking (unlimited)
[    6.296218] random 0000 0000 0000 737f19b4 9417d8ab: extract_entropy account returned: 16 
[    6.296222] random 0000 0000 0000 737f19b4 9417d8ab: urand_change_num 87 extract_buf: pool_sig fffffe22, data_sig 00000230, bytes_mixed 20 737f19b4 9417d8ab
[    6.296227] random 0000 0000 0000 4deb0d06 1236af4c: urand_change_num 88 extract_buf: pool_sig 000000b6, data_sig ffffff44, bytes_mixed 20 4deb0d06 1236af4c
[    6.297233] random 0000 0000 0000 b538fadc 4a7613df: rand_read_num 25 get_random_bytes(16): sig 0000013c b538fadc 4a7613df
[    6.297236] random 0000 0000 0000 b538fadc 4a7613df: extract_entropy(.. 16 ..)
[    6.297238] random 0000 0000 0000 b538fadc 4a7613df: going to reseed nonblocking with 128 bits (128 of 0 requested)
[    6.297241] random 0000 0000 0000 b538fadc 4a7613df: extract_entropy(.. 16 ..)
[    6.297243] random 0000 0000 0000 b538fadc 4a7613df: trying to extract 128 bits from input
[    6.297245] random 0000 0000 0000 b538fadc 4a7613df: debiting 0 entropy credits from input
[    6.297247] random 0000 0000 0000 b538fadc 4a7613df: extract_entropy account returned: 0 
[    6.297250] random 0000 0000 0000 b538fadc 4a7613df: urand_change_num 89 xfer_secondary_pool(16): pool_sig 0000013c, data_sig 00000000, bytes_mixed 0 b538fadc 4a7613df
[    6.297253] random 0000 0000 0000 b538fadc 4a7613df: trying to extract 128 bits from nonblocking
[    6.297255] random 0000 0000 0000 b538fadc 4a7613df: debiting 128 entropy credits from nonblocking (unlimited)
[    6.297257] random 0000 0000 0000 b538fadc 4a7613df: extract_entropy account returned: 16 
[    6.297262] random 0000 0000 0000 b538fadc 4a7613df: urand_change_num 90 extract_buf: pool_sig 0000013c, data_sig 00000015, bytes_mixed 20 b538fadc 4a7613df
[    6.297267] random 0000 0000 0000 b538fadc 4a7613df: urand_change_num 91 extract_buf: pool_sig 00000452, data_sig 0000002b, bytes_mixed 20 b538fadc 4a7613df
[    6.297724] random 0000 0000 0000 73b17df4 93bb370e: rand_read_num 26 get_random_bytes(16): sig fffffbf1 73b17df4 93bb370e
[    6.297727] random 0000 0000 0000 73b17df4 93bb370e: extract_entropy(.. 16 ..)
[    6.297730] random 0000 0000 0000 73b17df4 93bb370e: going to reseed nonblocking with 128 bits (128 of 0 requested)
[    6.297732] random 0000 0000 0000 73b17df4 93bb370e: extract_entropy(.. 16 ..)
[    6.297734] random 0000 0000 0000 73b17df4 93bb370e: trying to extract 128 bits from input
[    6.297736] random 0000 0000 0000 73b17df4 93bb370e: debiting 0 entropy credits from input
[    6.297738] random 0000 0000 0000 73b17df4 93bb370e: extract_entropy account returned: 0 
[    6.297741] random 0000 0000 0000 73b17df4 93bb370e: urand_change_num 92 xfer_secondary_pool(16): pool_sig fffffbf1, data_sig 00000000, bytes_mixed 0 73b17df4 93bb370e
[    6.297744] random 0000 0000 0000 73b17df4 93bb370e: trying to extract 128 bits from nonblocking
[    6.297746] random 0000 0000 0000 73b17df4 93bb370e: debiting 128 entropy credits from nonblocking (unlimited)
[    6.297749] random 0000 0000 0000 73b17df4 93bb370e: extract_entropy account returned: 16 
[    6.297753] random 0000 0000 0000 73b17df4 93bb370e: urand_change_num 93 extract_buf: pool_sig fffffbf1, data_sig ffffff99, bytes_mixed 20 73b17df4 93bb370e
[    6.297758] random 0000 0000 0000 73b17df4 93bb370e: urand_change_num 94 extract_buf: pool_sig fffffe1d, data_sig 000000b0, bytes_mixed 20 73b17df4 93bb370e
[    6.298164] random 0000 0000 0000 0cd682bb ba04da9f: rand_read_num 27 get_random_bytes(16): sig fffffccb 0cd682bb ba04da9f
[    6.298166] random 0000 0000 0000 0cd682bb ba04da9f: extract_entropy(.. 16 ..)
[    6.298169] random 0000 0000 0000 0cd682bb ba04da9f: going to reseed nonblocking with 128 bits (128 of 0 requested)
[    6.298171] random 0000 0000 0000 0cd682bb ba04da9f: extract_entropy(.. 16 ..)
[    6.298173] random 0000 0000 0000 0cd682bb ba04da9f: trying to extract 128 bits from input
[    6.298175] random 0000 0000 0000 0cd682bb ba04da9f: debiting 0 entropy credits from input
[    6.298177] random 0000 0000 0000 0cd682bb ba04da9f: extract_entropy account returned: 0 
[    6.298181] random 0000 0000 0000 0cd682bb ba04da9f: urand_change_num 95 xfer_secondary_pool(16): pool_sig fffffccb, data_sig 00000000, bytes_mixed 0 0cd682bb ba04da9f
[    6.298184] random 0000 0000 0000 0cd682bb ba04da9f: trying to extract 128 bits from nonblocking
[    6.298186] random 0000 0000 0000 0cd682bb ba04da9f: debiting 128 entropy credits from nonblocking (unlimited)
[    6.298188] random 0000 0000 0000 0cd682bb ba04da9f: extract_entropy account returned: 16 
[    6.298192] random 0000 0000 0000 0cd682bb ba04da9f: urand_change_num 96 extract_buf: pool_sig fffffccb, data_sig fffffec5, bytes_mixed 20 0cd682bb ba04da9f
[    6.298198] random 0000 0000 0000 26929f1a 15254dc1: urand_change_num 97 extract_buf: pool_sig fffffed2, data_sig ffffffb1, bytes_mixed 20 26929f1a 15254dc1
[    6.299077] random 0000 0000 0000 26929f1a 15254dc1: rand_read_num 28 get_random_bytes(16): sig 00000038 26929f1a 15254dc1
[    6.299079] random 0000 0000 0000 26929f1a 15254dc1: extract_entropy(.. 16 ..)
[    6.299082] random 0000 0000 0000 26929f1a 15254dc1: going to reseed nonblocking with 128 bits (128 of 0 requested)
[    6.299084] random 0000 0000 0000 26929f1a 15254dc1: extract_entropy(.. 16 ..)
[    6.299086] random 0000 0000 0000 26929f1a 15254dc1: trying to extract 128 bits from input
[    6.299089] random 0000 0000 0000 26929f1a 15254dc1: debiting 0 entropy credits from input
[    6.299091] random 0000 0000 0000 26929f1a 15254dc1: extract_entropy account returned: 0 
[    6.299094] random 0000 0000 0000 26929f1a 15254dc1: urand_change_num 98 xfer_secondary_pool(16): pool_sig 00000038, data_sig 00000000, bytes_mixed 0 26929f1a 15254dc1
[    6.299097] random 0000 0000 0000 26929f1a 15254dc1: trying to extract 128 bits from nonblocking
[    6.299099] random 0000 0000 0000 26929f1a 15254dc1: debiting 128 entropy credits from nonblocking (unlimited)
[    6.299101] random 0000 0000 0000 26929f1a 15254dc1: extract_entropy account returned: 16 
[    6.299105] random 0000 0000 0000 26929f1a 15254dc1: urand_change_num 99 extract_buf: pool_sig 00000038, data_sig 000000fd, bytes_mixed 20 26929f1a 15254dc1
[    6.299111] random 0000 0000 0000 8116fe3b 478c2d5b: urand_change_num 100 extract_buf: pool_sig 00000059, data_sig 00000310, bytes_mixed 20 8116fe3b 478c2d5b
[    6.305736] random 0000 0000 0000 a20f4a3a 32a6b2fa: rand_read_num 29 get_random_bytes(16): sig 000002c0 a20f4a3a 32a6b2fa
[    6.305738] random 0000 0000 0000 a20f4a3a 32a6b2fa: extract_entropy(.. 16 ..)
[    6.305741] random 0000 0000 0000 a20f4a3a 32a6b2fa: going to reseed nonblocking with 128 bits (128 of 0 requested)
[    6.305743] random 0000 0000 0000 a20f4a3a 32a6b2fa: extract_entropy(.. 16 ..)
[    6.305745] random 0000 0000 0000 a20f4a3a 32a6b2fa: trying to extract 128 bits from input
[    6.305748] random 0000 0000 0000 a20f4a3a 32a6b2fa: debiting 0 entropy credits from input
[    6.305749] random 0000 0000 0000 a20f4a3a 32a6b2fa: extract_entropy account returned: 0 
[    6.305753] random 0000 0000 0000 a20f4a3a 32a6b2fa: urand_change_num 101 xfer_secondary_pool(16): pool_sig 000002c0, data_sig 00000000, bytes_mixed 0 a20f4a3a 32a6b2fa
[    6.305755] random 0000 0000 0000 a20f4a3a 32a6b2fa: trying to extract 128 bits from nonblocking
[    6.305758] random 0000 0000 0000 a20f4a3a 32a6b2fa: debiting 128 entropy credits from nonblocking (unlimited)
[    6.305760] random 0000 0000 0000 a20f4a3a 32a6b2fa: extract_entropy account returned: 16 
[    6.305764] random 0000 0000 0000 a20f4a3a 32a6b2fa: urand_change_num 102 extract_buf: pool_sig 000002c0, data_sig 000000fb, bytes_mixed 20 a20f4a3a 32a6b2fa
[    6.305770] random 0000 0000 0000 a20f4a3a 32a6b2fa: urand_change_num 103 extract_buf: pool_sig ffffffdd, data_sig 000000a5, bytes_mixed 20 a20f4a3a 32a6b2fa
[    6.318258] random 0000 0000 0000 de716d2a 6c4757e1: rand_read_num 30 get_random_bytes(16): sig 000000fa de716d2a 6c4757e1
[    6.318261] random 0000 0000 0000 de716d2a 6c4757e1: extract_entropy(.. 16 ..)
[    6.318264] random 0000 0000 0000 de716d2a 6c4757e1: going to reseed nonblocking with 128 bits (128 of 0 requested)
[    6.318266] random 0000 0000 0000 de716d2a 6c4757e1: extract_entropy(.. 16 ..)
[    6.318268] random 0000 0000 0000 de716d2a 6c4757e1: trying to extract 128 bits from input
[    6.318270] random 0000 0000 0000 de716d2a 6c4757e1: debiting 0 entropy credits from input
[    6.318272] random 0000 0000 0000 de716d2a 6c4757e1: extract_entropy account returned: 0 
[    6.318275] random 0000 0000 0000 de716d2a 6c4757e1: urand_change_num 104 xfer_secondary_pool(16): pool_sig 000000fa, data_sig 00000000, bytes_mixed 0 de716d2a 6c4757e1
[    6.318278] random 0000 0000 0000 de716d2a 6c4757e1: trying to extract 128 bits from nonblocking
[    6.318280] random 0000 0000 0000 de716d2a 6c4757e1: debiting 128 entropy credits from nonblocking (unlimited)
[    6.318282] random 0000 0000 0000 de716d2a 6c4757e1: extract_entropy account returned: 16 
[    6.318287] random 0000 0000 0000 de716d2a 6c4757e1: urand_change_num 105 extract_buf: pool_sig 000000fa, data_sig ffffff34, bytes_mixed 20 de716d2a 6c4757e1
[    6.318292] random 0000 0000 0000 de716d2a 6c4757e1: urand_change_num 106 extract_buf: pool_sig 000003d3, data_sig ffffff30, bytes_mixed 20 de716d2a 6c4757e1
[    6.318882] random 0000 0000 0000 a7c511e1 f90ea457: rand_read_num 31 get_random_bytes(16): sig 0000009a a7c511e1 f90ea457
[    6.318884] random 0000 0000 0000 a7c511e1 f90ea457: extract_entropy(.. 16 ..)
[    6.318887] random 0000 0000 0000 a7c511e1 f90ea457: going to reseed nonblocking with 128 bits (128 of 0 requested)
[    6.318889] random 0000 0000 0000 a7c511e1 f90ea457: extract_entropy(.. 16 ..)
[    6.318891] random 0000 0000 0000 a7c511e1 f90ea457: trying to extract 128 bits from input
[    6.318893] random 0000 0000 0000 a7c511e1 f90ea457: debiting 0 entropy credits from input
[    6.318895] random 0000 0000 0000 a7c511e1 f90ea457: extract_entropy account returned: 0 
[    6.318898] random 0000 0000 0000 a7c511e1 f90ea457: urand_change_num 107 xfer_secondary_pool(16): pool_sig 0000009a, data_sig 00000000, bytes_mixed 0 a7c511e1 f90ea457
[    6.318901] random 0000 0000 0000 a7c511e1 f90ea457: trying to extract 128 bits from nonblocking
[    6.318904] random 0000 0000 0000 a7c511e1 f90ea457: debiting 128 entropy credits from nonblocking (unlimited)
[    6.318906] random 0000 0000 0000 a7c511e1 f90ea457: extract_entropy account returned: 16 
[    6.318910] random 0000 0000 0000 a7c511e1 f90ea457: urand_change_num 108 extract_buf: pool_sig 0000009a, data_sig 000000e0, bytes_mixed 20 a7c511e1 f90ea457
[    6.318916] random 0000 0000 0000 7c18c7e6 d65ccb06: urand_change_num 109 extract_buf: pool_sig fffffa79, data_sig 000000e0, bytes_mixed 20 7c18c7e6 d65ccb06
[    6.319502] random 0000 0000 0000 7c18c7e6 d65ccb06: rand_read_num 32 get_random_bytes(16): sig fffffe1e 7c18c7e6 d65ccb06
[    6.319505] random 0000 0000 0000 7c18c7e6 d65ccb06: extract_entropy(.. 16 ..)
[    6.319507] random 0000 0000 0000 7c18c7e6 d65ccb06: going to reseed nonblocking with 128 bits (128 of 0 requested)
[    6.319510] random 0000 0000 0000 7c18c7e6 d65ccb06: extract_entropy(.. 16 ..)
[    6.319512] random 0000 0000 0000 7c18c7e6 d65ccb06: trying to extract 128 bits from input
[    6.319514] random 0000 0000 0000 7c18c7e6 d65ccb06: debiting 0 entropy credits from input
[    6.319516] random 0000 0000 0000 7c18c7e6 d65ccb06: extract_entropy account returned: 0 
[    6.319519] random 0000 0000 0000 7c18c7e6 d65ccb06: urand_change_num 110 xfer_secondary_pool(16): pool_sig fffffe1e, data_sig 00000000, bytes_mixed 0 7c18c7e6 d65ccb06
[    6.319522] random 0000 0000 0000 7c18c7e6 d65ccb06: trying to extract 128 bits from nonblocking
[    6.319524] random 0000 0000 0000 7c18c7e6 d65ccb06: debiting 128 entropy credits from nonblocking (unlimited)
[    6.319526] random 0000 0000 0000 7c18c7e6 d65ccb06: extract_entropy account returned: 16 
