[    0.000000] Initializing cgroup subsys cpuset
[    0.000000] Initializing cgroup subsys cpu
[    0.000000] Linux version 3.2.0-29-generic-pae (buildd@roseapple) (gcc version 4.6.3 (Ubuntu/Linaro 4.6.3-1ubuntu5) ) #46-Ubuntu SMP Fri Jul 27 17:25:43 UTC 2012 (Ubuntu 3.2.0-29.46-generic-pae 3.2.24)
[    0.000000] KERNEL supported cpus:
[    0.000000]   Intel GenuineIntel
[    0.000000]   AMD AuthenticAMD
[    0.000000]   NSC Geode by NSC
[    0.000000]   Cyrix CyrixInstead
[    0.000000]   Centaur CentaurHauls
[    0.000000]   Transmeta GenuineTMx86
[    0.000000]   Transmeta TransmetaCPU
[    0.000000]   UMC UMC UMC UMC
[    0.000000] Disabled fast string operations
[    0.000000] BIOS-provided physical RAM map:
[    0.000000]  BIOS-e820: 0000000000000000 - 000000000009f000 (usable)
[    0.000000]  BIOS-e820: 000000000009f000 - 00000000000a0000 (reserved)
[    0.000000]  BIOS-e820: 00000000000ca000 - 00000000000cc000 (reserved)
[    0.000000]  BIOS-e820: 00000000000dc000 - 0000000000100000 (reserved)
[    0.000000]  BIOS-e820: 0000000000100000 - 000000003fee0000 (usable)
[    0.000000]  BIOS-e820: 000000003fee0000 - 000000003feff000 (ACPI data)
[    0.000000]  BIOS-e820: 000000003feff000 - 000000003ff00000 (ACPI NVS)
[    0.000000]  BIOS-e820: 000000003ff00000 - 0000000040000000 (usable)
[    0.000000]  BIOS-e820: 00000000e0000000 - 00000000f0000000 (reserved)
[    0.000000]  BIOS-e820: 00000000fec00000 - 00000000fec10000 (reserved)
[    0.000000]  BIOS-e820: 00000000fee00000 - 00000000fee01000 (reserved)
[    0.000000]  BIOS-e820: 00000000fffe0000 - 0000000100000000 (reserved)
[    0.000000] NX (Execute Disable) protection: active
[    0.000000] DMI present.
[    0.000000] DMI: VMware, Inc. VMware Virtual Platform/440BX Desktop Reference Platform, BIOS 6.00 07/02/2012
[    0.000000] Hypervisor detected: VMware
[    0.000000] e820 update range: 0000000000000000 - 0000000000010000 (usable) ==> (reserved)
[    0.000000] e820 remove range: 00000000000a0000 - 0000000000100000 (usable)
[    0.000000] last_pfn = 0x40000 max_arch_pfn = 0x1000000
[    0.000000] MTRR default type: uncachable
[    0.000000] MTRR fixed ranges enabled:
[    0.000000]   00000-9FFFF write-back
[    0.000000]   A0000-BFFFF uncachable
[    0.000000]   C0000-CBFFF write-protect
[    0.000000]   CC000-EFFFF uncachable
[    0.000000]   F0000-FFFFF write-protect
[    0.000000] MTRR variable ranges enabled:
[    0.000000]   0 base 0000000000 mask FFC0000000 write-back
[    0.000000]   1 disabled
[    0.000000]   2 disabled
[    0.000000]   3 disabled
[    0.000000]   4 disabled
[    0.000000]   5 disabled
[    0.000000]   6 disabled
[    0.000000]   7 disabled
[    0.000000] x86 PAT enabled: cpu 0, old 0x0, new 0x7010600070106
[    0.000000] found SMP MP-table at [c00f6bf0] f6bf0
[    0.000000] initial memory mapped : 0 - 02000000
[    0.000000] Base memory trampoline at [c009b000] 9b000 size 16384
[    0.000000] init_memory_mapping: 0000000000000000-0000000037bfe000
[    0.000000]  0000000000 - 0000200000 page 4k
[    0.000000]  0000200000 - 0037a00000 page 2M
[    0.000000]  0037a00000 - 0037bfe000 page 4k
[    0.000000] kernel direct mapping tables up to 37bfe000 @ 1ffb000-2000000
[    0.000000] RAMDISK: 364ea000 - 3726d000
[    0.000000] ACPI: RSDP 000f6b80 00024 (v02 PTLTD )
[    0.000000] ACPI: XSDT 3feed636 0005C (v01 INTEL  440BX    06040000 VMW  01324272)
[    0.000000] ACPI: FACP 3fefee98 000F4 (v04 INTEL  440BX    06040000 PTL  000F4240)
[    0.000000] ACPI: DSDT 3feee366 10B32 (v01 PTLTD  Custom   06040000 MSFT 03000001)
[    0.000000] ACPI: FACS 3fefffc0 00040
[    0.000000] ACPI: BOOT 3feee33e 00028 (v01 PTLTD  $SBFTBL$ 06040000  LTP 00000001)
[    0.000000] ACPI: APIC 3feedc3e 003C2 (v01 PTLTD  ? APIC   06040000  LTP 00000000)
[    0.000000] ACPI: MCFG 3feedc02 0003C (v01 PTLTD  $PCITBL$ 06040000  LTP 00000001)
[    0.000000] ACPI: SRAT 3feed732 004D0 (v02 VMWARE MEMPLUG  06040000 VMW  00000001)
[    0.000000] ACPI: HPET 3feed6fa 00038 (v01 VMWARE VMW HPET 06040000 VMW  00000001)
[    0.000000] ACPI: WAET 3feed6d2 00028 (v01 VMWARE VMW WAET 06040000 VMW  00000001)
[    0.000000] ACPI: Local APIC address 0xfee00000
[    0.000000] 132MB HIGHMEM available.
[    0.000000] 891MB LOWMEM available.
[    0.000000]   mapped low ram: 0 - 37bfe000
[    0.000000]   low ram: 0 - 37bfe000
[    0.000000] Zone PFN ranges:
[    0.000000]   DMA      0x00000010 -> 0x00001000
[    0.000000]   Normal   0x00001000 -> 0x00037bfe
[    0.000000]   HighMem  0x00037bfe -> 0x00040000
[    0.000000] Movable zone start PFN for each node
[    0.000000] early_node_map[3] active PFN ranges
[    0.000000]     0: 0x00000010 -> 0x0000009f
[    0.000000]     0: 0x00000100 -> 0x0003fee0
[    0.000000]     0: 0x0003ff00 -> 0x00040000
[    0.000000] On node 0 totalpages: 261999
[    0.000000] free_area_init_node: node 0, pgdat c1866a40, node_mem_map f73fd200
[    0.000000]   DMA zone: 32 pages used for memmap
[    0.000000]   DMA zone: 0 pages reserved
[    0.000000]   DMA zone: 3951 pages, LIFO batch:0
[    0.000000]   Normal zone: 1752 pages used for memmap
[    0.000000]   Normal zone: 222502 pages, LIFO batch:31
[    0.000000]   HighMem zone: 265 pages used for memmap
[    0.000000]   HighMem zone: 33497 pages, LIFO batch:7
[    0.000000] Using APIC driver default
[    0.000000] ACPI: PM-Timer IO Port: 0x1008
[    0.000000] ACPI: Local APIC address 0xfee00000
[    0.000000] ACPI: LAPIC (acpi_id[0x00] lapic_id[0x00] enabled)
[    0.000000] ACPI: LAPIC (acpi_id[0x01] lapic_id[0x02] disabled)
[    0.000000] ACPI: LAPIC (acpi_id[0x02] lapic_id[0x04] disabled)
[    0.000000] ACPI: LAPIC (acpi_id[0x03] lapic_id[0x06] disabled)
[    0.000000] ACPI: LAPIC (acpi_id[0x04] lapic_id[0x08] disabled)
[    0.000000] ACPI: LAPIC (acpi_id[0x05] lapic_id[0x0a] disabled)
[    0.000000] ACPI: LAPIC (acpi_id[0x06] lapic_id[0x0c] disabled)
[    0.000000] ACPI: LAPIC (acpi_id[0x07] lapic_id[0x0e] disabled)
[    0.000000] ACPI: LAPIC (acpi_id[0x08] lapic_id[0x10] disabled)
[    0.000000] ACPI: LAPIC (acpi_id[0x09] lapic_id[0x12] disabled)
[    0.000000] ACPI: LAPIC (acpi_id[0x0a] lapic_id[0x14] disabled)
[    0.000000] ACPI: LAPIC (acpi_id[0x0b] lapic_id[0x16] disabled)
[    0.000000] ACPI: LAPIC (acpi_id[0x0c] lapic_id[0x18] disabled)
[    0.000000] ACPI: LAPIC (acpi_id[0x0d] lapic_id[0x1a] disabled)
[    0.000000] ACPI: LAPIC (acpi_id[0x0e] lapic_id[0x1c] disabled)
[    0.000000] ACPI: LAPIC (acpi_id[0x0f] lapic_id[0x1e] disabled)
[    0.000000] ACPI: LAPIC (acpi_id[0x10] lapic_id[0x20] disabled)
[    0.000000] ACPI: LAPIC (acpi_id[0x11] lapic_id[0x22] disabled)
[    0.000000] ACPI: LAPIC (acpi_id[0x12] lapic_id[0x24] disabled)
[    0.000000] ACPI: LAPIC (acpi_id[0x13] lapic_id[0x26] disabled)
[    0.000000] ACPI: LAPIC (acpi_id[0x14] lapic_id[0x28] disabled)
[    0.000000] ACPI: LAPIC (acpi_id[0x15] lapic_id[0x2a] disabled)
[    0.000000] ACPI: LAPIC (acpi_id[0x16] lapic_id[0x2c] disabled)
[    0.000000] ACPI: LAPIC (acpi_id[0x17] lapic_id[0x2e] disabled)
[    0.000000] ACPI: LAPIC (acpi_id[0x18] lapic_id[0x30] disabled)
[    0.000000] ACPI: LAPIC (acpi_id[0x19] lapic_id[0x32] disabled)
[    0.000000] ACPI: LAPIC (acpi_id[0x1a] lapic_id[0x34] disabled)
[    0.000000] ACPI: LAPIC (acpi_id[0x1b] lapic_id[0x36] disabled)
[    0.000000] ACPI: LAPIC (acpi_id[0x1c] lapic_id[0x38] disabled)
[    0.000000] ACPI: LAPIC (acpi_id[0x1d] lapic_id[0x3a] disabled)
[    0.000000] ACPI: LAPIC (acpi_id[0x1e] lapic_id[0x3c] disabled)
[    0.000000] ACPI: LAPIC (acpi_id[0x1f] lapic_id[0x3e] disabled)
[    0.000000] ACPI: LAPIC (acpi_id[0x20] lapic_id[0x40] disabled)
[    0.000000] ACPI: LAPIC (acpi_id[0x21] lapic_id[0x42] disabled)
[    0.000000] ACPI: LAPIC (acpi_id[0x22] lapic_id[0x44] disabled)
[    0.000000] ACPI: LAPIC (acpi_id[0x23] lapic_id[0x46] disabled)
[    0.000000] ACPI: LAPIC (acpi_id[0x24] lapic_id[0x48] disabled)
[    0.000000] ACPI: LAPIC (acpi_id[0x25] lapic_id[0x4a] disabled)
[    0.000000] ACPI: LAPIC (acpi_id[0x26] lapic_id[0x4c] disabled)
[    0.000000] ACPI: LAPIC (acpi_id[0x27] lapic_id[0x4e] disabled)
[    0.000000] ACPI: LAPIC (acpi_id[0x28] lapic_id[0x50] disabled)
[    0.000000] ACPI: LAPIC (acpi_id[0x29] lapic_id[0x52] disabled)
[    0.000000] ACPI: LAPIC (acpi_id[0x2a] lapic_id[0x54] disabled)
[    0.000000] ACPI: LAPIC (acpi_id[0x2b] lapic_id[0x56] disabled)
[    0.000000] ACPI: LAPIC (acpi_id[0x2c] lapic_id[0x58] disabled)
[    0.000000] ACPI: LAPIC (acpi_id[0x2d] lapic_id[0x5a] disabled)
[    0.000000] ACPI: LAPIC (acpi_id[0x2e] lapic_id[0x5c] disabled)
[    0.000000] ACPI: LAPIC (acpi_id[0x2f] lapic_id[0x5e] disabled)
[    0.000000] ACPI: LAPIC (acpi_id[0x30] lapic_id[0x60] disabled)
[    0.000000] ACPI: LAPIC (acpi_id[0x31] lapic_id[0x62] disabled)
[    0.000000] ACPI: LAPIC (acpi_id[0x32] lapic_id[0x64] disabled)
[    0.000000] ACPI: LAPIC (acpi_id[0x33] lapic_id[0x66] disabled)
[    0.000000] ACPI: LAPIC (acpi_id[0x34] lapic_id[0x68] disabled)
[    0.000000] ACPI: LAPIC (acpi_id[0x35] lapic_id[0x6a] disabled)
[    0.000000] ACPI: LAPIC (acpi_id[0x36] lapic_id[0x6c] disabled)
[    0.000000] ACPI: LAPIC (acpi_id[0x37] lapic_id[0x6e] disabled)
[    0.000000] ACPI: LAPIC (acpi_id[0x38] lapic_id[0x70] disabled)
[    0.000000] ACPI: LAPIC (acpi_id[0x39] lapic_id[0x72] disabled)
[    0.000000] ACPI: LAPIC (acpi_id[0x3a] lapic_id[0x74] disabled)
[    0.000000] ACPI: LAPIC (acpi_id[0x3b] lapic_id[0x76] disabled)
[    0.000000] ACPI: LAPIC (acpi_id[0x3c] lapic_id[0x78] disabled)
[    0.000000] ACPI: LAPIC (acpi_id[0x3d] lapic_id[0x7a] disabled)
[    0.000000] ACPI: LAPIC (acpi_id[0x3e] lapic_id[0x7c] disabled)
[    0.000000] ACPI: LAPIC (acpi_id[0x3f] lapic_id[0x7e] disabled)
[    0.000000] ACPI: LAPIC_NMI (acpi_id[0x00] high edge lint[0x1])
[    0.000000] ACPI: LAPIC_NMI (acpi_id[0x01] high edge lint[0x1])
[    0.000000] ACPI: LAPIC_NMI (acpi_id[0x02] high edge lint[0x1])
[    0.000000] ACPI: LAPIC_NMI (acpi_id[0x03] high edge lint[0x1])
[    0.000000] ACPI: LAPIC_NMI (acpi_id[0x04] high edge lint[0x1])
[    0.000000] ACPI: LAPIC_NMI (acpi_id[0x05] high edge lint[0x1])
[    0.000000] ACPI: LAPIC_NMI (acpi_id[0x06] high edge lint[0x1])
[    0.000000] ACPI: LAPIC_NMI (acpi_id[0x07] high edge lint[0x1])
[    0.000000] ACPI: LAPIC_NMI (acpi_id[0x08] high edge lint[0x1])
[    0.000000] ACPI: LAPIC_NMI (acpi_id[0x09] high edge lint[0x1])
[    0.000000] ACPI: LAPIC_NMI (acpi_id[0x0a] high edge lint[0x1])
[    0.000000] ACPI: LAPIC_NMI (acpi_id[0x0b] high edge lint[0x1])
[    0.000000] ACPI: LAPIC_NMI (acpi_id[0x0c] high edge lint[0x1])
[    0.000000] ACPI: LAPIC_NMI (acpi_id[0x0d] high edge lint[0x1])
[    0.000000] ACPI: LAPIC_NMI (acpi_id[0x0e] high edge lint[0x1])
[    0.000000] ACPI: LAPIC_NMI (acpi_id[0x0f] high edge lint[0x1])
[    0.000000] ACPI: LAPIC_NMI (acpi_id[0x10] high edge lint[0x1])
[    0.000000] ACPI: LAPIC_NMI (acpi_id[0x11] high edge lint[0x1])
[    0.000000] ACPI: LAPIC_NMI (acpi_id[0x12] high edge lint[0x1])
[    0.000000] ACPI: LAPIC_NMI (acpi_id[0x13] high edge lint[0x1])
[    0.000000] ACPI: LAPIC_NMI (acpi_id[0x14] high edge lint[0x1])
[    0.000000] ACPI: LAPIC_NMI (acpi_id[0x15] high edge lint[0x1])
[    0.000000] ACPI: LAPIC_NMI (acpi_id[0x16] high edge lint[0x1])
[    0.000000] ACPI: LAPIC_NMI (acpi_id[0x17] high edge lint[0x1])
[    0.000000] ACPI: LAPIC_NMI (acpi_id[0x18] high edge lint[0x1])
[    0.000000] ACPI: LAPIC_NMI (acpi_id[0x19] high edge lint[0x1])
[    0.000000] ACPI: LAPIC_NMI (acpi_id[0x1a] high edge lint[0x1])
[    0.000000] ACPI: LAPIC_NMI (acpi_id[0x1b] high edge lint[0x1])
[    0.000000] ACPI: LAPIC_NMI (acpi_id[0x1c] high edge lint[0x1])
[    0.000000] ACPI: LAPIC_NMI (acpi_id[0x1d] high edge lint[0x1])
[    0.000000] ACPI: LAPIC_NMI (acpi_id[0x1e] high edge lint[0x1])
[    0.000000] ACPI: LAPIC_NMI (acpi_id[0x1f] high edge lint[0x1])
[    0.000000] ACPI: LAPIC_NMI (acpi_id[0x20] high edge lint[0x1])
[    0.000000] ACPI: LAPIC_NMI (acpi_id[0x21] high edge lint[0x1])
[    0.000000] ACPI: LAPIC_NMI (acpi_id[0x22] high edge lint[0x1])
[    0.000000] ACPI: LAPIC_NMI (acpi_id[0x23] high edge lint[0x1])
[    0.000000] ACPI: LAPIC_NMI (acpi_id[0x24] high edge lint[0x1])
[    0.000000] ACPI: LAPIC_NMI (acpi_id[0x25] high edge lint[0x1])
[    0.000000] ACPI: LAPIC_NMI (acpi_id[0x26] high edge lint[0x1])
[    0.000000] ACPI: LAPIC_NMI (acpi_id[0x27] high edge lint[0x1])
[    0.000000] ACPI: LAPIC_NMI (acpi_id[0x28] high edge lint[0x1])
[    0.000000] ACPI: LAPIC_NMI (acpi_id[0x29] high edge lint[0x1])
[    0.000000] ACPI: LAPIC_NMI (acpi_id[0x2a] high edge lint[0x1])
[    0.000000] ACPI: LAPIC_NMI (acpi_id[0x2b] high edge lint[0x1])
[    0.000000] ACPI: LAPIC_NMI (acpi_id[0x2c] high edge lint[0x1])
[    0.000000] ACPI: LAPIC_NMI (acpi_id[0x2d] high edge lint[0x1])
[    0.000000] ACPI: LAPIC_NMI (acpi_id[0x2e] high edge lint[0x1])
[    0.000000] ACPI: LAPIC_NMI (acpi_id[0x2f] high edge lint[0x1])
[    0.000000] ACPI: LAPIC_NMI (acpi_id[0x30] high edge lint[0x1])
[    0.000000] ACPI: LAPIC_NMI (acpi_id[0x31] high edge lint[0x1])
[    0.000000] ACPI: LAPIC_NMI (acpi_id[0x32] high edge lint[0x1])
[    0.000000] ACPI: LAPIC_NMI (acpi_id[0x33] high edge lint[0x1])
[    0.000000] ACPI: LAPIC_NMI (acpi_id[0x34] high edge lint[0x1])
[    0.000000] ACPI: LAPIC_NMI (acpi_id[0x35] high edge lint[0x1])
[    0.000000] ACPI: LAPIC_NMI (acpi_id[0x36] high edge lint[0x1])
[    0.000000] ACPI: LAPIC_NMI (acpi_id[0x37] high edge lint[0x1])
[    0.000000] ACPI: LAPIC_NMI (acpi_id[0x38] high edge lint[0x1])
[    0.000000] ACPI: LAPIC_NMI (acpi_id[0x39] high edge lint[0x1])
[    0.000000] ACPI: LAPIC_NMI (acpi_id[0x3a] high edge lint[0x1])
[    0.000000] ACPI: LAPIC_NMI (acpi_id[0x3b] high edge lint[0x1])
[    0.000000] ACPI: LAPIC_NMI (acpi_id[0x3c] high edge lint[0x1])
[    0.000000] ACPI: LAPIC_NMI (acpi_id[0x3d] high edge lint[0x1])
[    0.000000] ACPI: LAPIC_NMI (acpi_id[0x3e] high edge lint[0x1])
[    0.000000] ACPI: LAPIC_NMI (acpi_id[0x3f] high edge lint[0x1])
[    0.000000] ACPI: Skipping IOAPIC probe due to 'noapic' option.
[    0.000000] Using ACPI for processor (LAPIC) configuration information
[    0.000000] ACPI: HPET id: 0x8086af01 base: 0xfed00000
[    0.000000] Intel MultiProcessor Specification v1.4
[    0.000000]     Virtual Wire compatibility mode.
[    0.000000] MPTABLE: OEM ID: INTEL   
[    0.000000] MPTABLE: Product ID: 440BX       
[    0.000000] MPTABLE: APIC at: 0xFEE00000
[    0.000000] IOAPIC[0]: apic_id 1, version 17, address 0xfec00000, GSI 0-23
[    0.000000] Processors: 1
[    0.000000] SMP: Allowing 1 CPUs, 0 hotplug CPUs
[    0.000000] nr_irqs_gsi: 40
[    0.000000] PM: Registered nosave memory: 000000000009f000 - 00000000000a0000
[    0.000000] PM: Registered nosave memory: 00000000000a0000 - 00000000000ca000
[    0.000000] PM: Registered nosave memory: 00000000000ca000 - 00000000000cc000
[    0.000000] PM: Registered nosave memory: 00000000000cc000 - 00000000000dc000
[    0.000000] PM: Registered nosave memory: 00000000000dc000 - 0000000000100000
[    0.000000] Allocating PCI resources starting at 40000000 (gap: 40000000:a0000000)
[    0.000000] Booting paravirtualized kernel on bare hardware
[    0.000000] setup_percpu: NR_CPUS:8 nr_cpumask_bits:8 nr_cpu_ids:1 nr_node_ids:1
[    0.000000] PERCPU: Embedded 14 pages/cpu @f73e8000 s34240 r0 d23104 u57344
[    0.000000] pcpu-alloc: s34240 r0 d23104 u57344 alloc=14*4096
[    0.000000] pcpu-alloc: [0] 0 
[    0.000000] Built 1 zonelists in Zone order, mobility grouping on.  Total pages: 259950
[    0.000000] Kernel command line: BOOT_IMAGE=/boot/vmlinuz-3.2.0-29-generic-pae root=UUID=007b598c-390d-4c65-84a1-4ff752d48633 ro quiet splash maxcpus=0
[    0.000000] PID hash table entries: 4096 (order: 2, 16384 bytes)
[    0.000000] Dentry cache hash table entries: 131072 (order: 7, 524288 bytes)
[    0.000000] Inode-cache hash table entries: 65536 (order: 6, 262144 bytes)
[    0.000000] Initializing CPU#0
[    0.000000] xsave/xrstor: enabled xstate_bv 0x7, cntxt size 0x340
[    0.000000] allocated 4194048 bytes of page_cgroup
[    0.000000] please try 'cgroup_disable=memory' option if you don't want memory cgroups
[    0.000000] Initializing HighMem for node 0 (00037bfe:00040000)
[    0.000000] Memory: 1010624k/1048576k available (5814k kernel code, 37372k reserved, 2841k data, 740k init, 135048k highmem)
[    0.000000] virtual kernel memory layout:
[    0.000000]     fixmap  : 0xfff16000 - 0xfffff000   ( 932 kB)
[    0.000000]     pkmap   : 0xffc00000 - 0xffe00000   (2048 kB)
[    0.000000]     vmalloc : 0xf83fe000 - 0xffbfe000   ( 120 MB)
[    0.000000]     lowmem  : 0xc0000000 - 0xf7bfe000   ( 891 MB)
[    0.000000]       .init : 0xc1875000 - 0xc192e000   ( 740 kB)
[    0.000000]       .data : 0xc15adb64 - 0xc1874240   (2841 kB)
[    0.000000]       .text : 0xc1000000 - 0xc15adb64   (5814 kB)
[    0.000000] Checking if this processor honours the WP bit even in supervisor mode...Ok.
[    0.000000] SLUB: Genslabs=15, HWalign=64, Order=0-3, MinObjects=0, CPUs=1, Nodes=1
[    0.000000] Hierarchical RCU implementation.
[    0.000000] 	RCU dyntick-idle grace-period acceleration is enabled.
[    0.000000] NR_IRQS:2304 nr_irqs:256 16
[    0.000000] CPU 0 irqstacks, hard=f5c08000 soft=f5c0a000
[    0.000000] Extended CMOS year: 2000
[    0.000000] Console: colour VGA+ 80x25
[    0.000000] console [tty0] enabled
[    0.000000] hpet clockevent registered
[    0.000000] TSC freq read from hypervisor : 2394.620 MHz
[    0.000000] Detected 2394.620 MHz processor.
[    0.000001] Calibrating delay loop (skipped) preset value.. 4789.24 BogoMIPS (lpj=9578480)
[    0.000005] pid_max: default: 32768 minimum: 301
[    0.000026] Security Framework initialized
[    0.000048] AppArmor: AppArmor initialized
[    0.000050] Yama: becoming mindful.
[    0.000120] Mount-cache hash table entries: 512
[    0.000229] Initializing cgroup subsys cpuacct
[    0.000233] Initializing cgroup subsys memory
[    0.000237] Initializing cgroup subsys devices
[    0.000238] Initializing cgroup subsys freezer
[    0.000240] Initializing cgroup subsys blkio
[    0.000245] Initializing cgroup subsys perf_event
[    0.000288] Disabled fast string operations
[    0.000291] CPU: Physical Processor ID: 0
[    0.000301] ENERGY_PERF_BIAS: Set to 'normal', was 'performance'
[    0.000301] ENERGY_PERF_BIAS: View and update with x86_energy_perf_policy(8)
[    0.000933] mce: CPU supports 0 MCE banks
[    0.001674] SMP alternatives: switching to UP code
[    0.018807] Freeing SMP alternatives: 24k freed
[    0.018813] ACPI: Core revision 20110623
[    0.025020] ACPI: setting ELCR to 0200 (from 0e20)
[    0.026137] ftrace: allocating 26545 entries in 52 pages
[    0.052102] SMP mode deactivated.
[    0.052131] SMP disabled
[    0.052133] Performance Events: generic architected perfmon v1, core PMU driver.
[    0.052145] ... version:                1
[    0.052146] ... bit width:              48
[    0.052146] ... generic registers:      4
[    0.052148] ... value mask:             0000ffffffffffff
[    0.052149] ... max period:             000000007fffffff
[    0.052150] ... fixed-purpose events:   0
[    0.052150] ... event mask:             000000000000000f
[    0.052239] NMI watchdog enabled, takes one hw-pmu counter.
[    0.052258] Brought up 1 CPUs
[    0.052260] Total of 1 processors activated (4789.24 BogoMIPS).
[    0.052366] devtmpfs: initialized
[    0.052436] EVM: security.selinux
[    0.052437] EVM: security.SMACK64
[    0.052438] EVM: security.capability
[    0.052463] PM: Registering ACPI NVS region at 3feff000 (4096 bytes)
[    0.053180] print_constraints: dummy: 
[    0.053249] RTC time:  7:58:51, date: 05/27/13
[    0.053276] NET: Registered protocol family 16
[    0.053347] EISA bus registered
[    0.053357] ACPI: bus type pci registered
[    0.053461] PCI: MMCONFIG for domain 0000 [bus 00-ff] at [mem 0xe0000000-0xefffffff] (base 0xe0000000)
[    0.053464] PCI: MMCONFIG at [mem 0xe0000000-0xefffffff] reserved in E820
[    0.053465] PCI: Using MMCONFIG for extended config space
[    0.053466] PCI: Using configuration type 1 for base access
[    0.054142] bio: create slab <bio-0> at 0
[    0.054203] ACPI: Added _OSI(Module Device)
[    0.054204] ACPI: Added _OSI(Processor Device)
[    0.054206] ACPI: Added _OSI(3.0 _SCP Extensions)
[    0.054207] ACPI: Added _OSI(Processor Aggregator Device)
[    0.056325] ACPI: EC: Look up EC in DSDT
[    0.061828] [Firmware Bug]: ACPI: BIOS _OSI(Linux) query ignored
[    0.069484] ACPI: Interpreter enabled
[    0.069492] ACPI: (supports S0 S1 S4 S5)
[    0.069502] ACPI: Using PIC for interrupt routing
[    0.115619] ACPI: No dock devices found.
[    0.115623] HEST: Table not found.
[    0.115629] PCI: Using host bridge windows from ACPI; if necessary, use "pci=nocrs" and report a bug
[    0.116507] ACPI: PCI Root Bridge [PCI0] (domain 0000 [bus 00-ff])
[    0.118073] pci_root PNP0A03:00: host bridge window [mem 0x000a0000-0x000bffff]
[    0.118076] pci_root PNP0A03:00: host bridge window [mem 0x000cc000-0x000cffff]
[    0.118077] pci_root PNP0A03:00: host bridge window [mem 0x000d0000-0x000d3fff]
[    0.118079] pci_root PNP0A03:00: host bridge window [mem 0x000d4000-0x000d7fff]
[    0.118080] pci_root PNP0A03:00: host bridge window [mem 0x000d8000-0x000dbfff]
[    0.118082] pci_root PNP0A03:00: host bridge window [mem 0xc0000000-0xfebfffff]
[    0.118084] pci_root PNP0A03:00: host bridge window [io  0x0000-0x0cf7]
[    0.118085] pci_root PNP0A03:00: host bridge window [io  0x0d00-0xfeff]
[    0.118135] pci 0000:00:00.0: [8086:7190] type 0 class 0x000600
[    0.118585] pci 0000:00:01.0: [8086:7191] type 1 class 0x000604
[    0.118967] pci 0000:00:07.0: [8086:7110] type 0 class 0x000601
[    0.119563] pci 0000:00:07.1: [8086:7111] type 0 class 0x000101
[    0.121077] pci 0000:00:07.1: reg 20: [io  0x10c0-0x10cf]
[    0.122095] pci 0000:00:07.3: [8086:7113] type 0 class 0x000680
[    0.124597] pci 0000:00:07.3: quirk: [io  0x1000-0x103f] claimed by PIIX4 ACPI
[    0.124619] pci 0000:00:07.3: quirk: [io  0x1040-0x104f] claimed by PIIX4 SMB
[    0.124991] pci 0000:00:07.7: [15ad:0740] type 0 class 0x000880
[    0.125705] pci 0000:00:07.7: reg 10: [io  0x1080-0x10bf]
[    0.126555] pci 0000:00:07.7: reg 14: [mem 0xc8000000-0xc8001fff 64bit]
[    0.129637] pci 0000:00:0f.0: [15ad:0405] type 0 class 0x000300
[    0.132547] pci 0000:00:0f.0: reg 10: [io  0x10d0-0x10df]
[    0.135613] pci 0000:00:0f.0: reg 14: [mem 0xd0000000-0xd7ffffff pref]
[    0.138213] pci 0000:00:0f.0: reg 18: [mem 0xc8800000-0xc8ffffff]
[    0.146306] pci 0000:00:0f.0: reg 30: [mem 0x00000000-0x00007fff pref]
[    0.146593] pci 0000:00:10.0: [1000:0030] type 0 class 0x000100
[    0.147157] pci 0000:00:10.0: reg 10: [io  0x1400-0x14ff]
[    0.147874] pci 0000:00:10.0: reg 14: [mem 0xc8040000-0xc805ffff 64bit]
[    0.148585] pci 0000:00:10.0: reg 1c: [mem 0xc8020000-0xc803ffff 64bit]
[    0.149609] pci 0000:00:10.0: reg 30: [mem 0x00000000-0x00003fff pref]
[    0.149758] pci 0000:00:11.0: [15ad:0790] type 1 class 0x000604
[    0.150424] pci 0000:00:15.0: [15ad:07a0] type 1 class 0x000604
[    0.151116] pci 0000:00:15.0: PME# supported from D0 D3hot D3cold
[    0.151138] pci 0000:00:15.0: PME# disabled
[    0.151352] pci 0000:00:15.1: [15ad:07a0] type 1 class 0x000604
[    0.152100] pci 0000:00:15.1: PME# supported from D0 D3hot D3cold
[    0.152122] pci 0000:00:15.1: PME# disabled
[    0.152335] pci 0000:00:15.2: [15ad:07a0] type 1 class 0x000604
[    0.153026] pci 0000:00:15.2: PME# supported from D0 D3hot D3cold
[    0.153047] pci 0000:00:15.2: PME# disabled
[    0.153260] pci 0000:00:15.3: [15ad:07a0] type 1 class 0x000604
[    0.153949] pci 0000:00:15.3: PME# supported from D0 D3hot D3cold
[    0.153970] pci 0000:00:15.3: PME# disabled
[    0.154182] pci 0000:00:15.4: [15ad:07a0] type 1 class 0x000604
[    0.154860] pci 0000:00:15.4: PME# supported from D0 D3hot D3cold
[    0.154889] pci 0000:00:15.4: PME# disabled
[    0.155111] pci 0000:00:15.5: [15ad:07a0] type 1 class 0x000604
[    0.155804] pci 0000:00:15.5: PME# supported from D0 D3hot D3cold
[    0.155826] pci 0000:00:15.5: PME# disabled
[    0.156040] pci 0000:00:15.6: [15ad:07a0] type 1 class 0x000604
[    0.156718] pci 0000:00:15.6: PME# supported from D0 D3hot D3cold
[    0.156739] pci 0000:00:15.6: PME# disabled
[    0.156953] pci 0000:00:15.7: [15ad:07a0] type 1 class 0x000604
[    0.157632] pci 0000:00:15.7: PME# supported from D0 D3hot D3cold
[    0.157653] pci 0000:00:15.7: PME# disabled
[    0.157865] pci 0000:00:16.0: [15ad:07a0] type 1 class 0x000604
[    0.158549] pci 0000:00:16.0: PME# supported from D0 D3hot D3cold
[    0.158570] pci 0000:00:16.0: PME# disabled
[    0.158783] pci 0000:00:16.1: [15ad:07a0] type 1 class 0x000604
[    0.159469] pci 0000:00:16.1: PME# supported from D0 D3hot D3cold
[    0.159490] pci 0000:00:16.1: PME# disabled
[    0.159702] pci 0000:00:16.2: [15ad:07a0] type 1 class 0x000604
[    0.160403] pci 0000:00:16.2: PME# supported from D0 D3hot D3cold
[    0.160424] pci 0000:00:16.2: PME# disabled
[    0.160637] pci 0000:00:16.3: [15ad:07a0] type 1 class 0x000604
[    0.161314] pci 0000:00:16.3: PME# supported from D0 D3hot D3cold
[    0.161336] pci 0000:00:16.3: PME# disabled
[    0.161547] pci 0000:00:16.4: [15ad:07a0] type 1 class 0x000604
[    0.162267] pci 0000:00:16.4: PME# supported from D0 D3hot D3cold
[    0.162288] pci 0000:00:16.4: PME# disabled
[    0.162506] pci 0000:00:16.5: [15ad:07a0] type 1 class 0x000604
[    0.163185] pci 0000:00:16.5: PME# supported from D0 D3hot D3cold
[    0.163206] pci 0000:00:16.5: PME# disabled
[    0.163418] pci 0000:00:16.6: [15ad:07a0] type 1 class 0x000604
[    0.164115] pci 0000:00:16.6: PME# supported from D0 D3hot D3cold
[    0.164137] pci 0000:00:16.6: PME# disabled
[    0.164349] pci 0000:00:16.7: [15ad:07a0] type 1 class 0x000604
[    0.165035] pci 0000:00:16.7: PME# supported from D0 D3hot D3cold
[    0.165057] pci 0000:00:16.7: PME# disabled
[    0.165269] pci 0000:00:17.0: [15ad:07a0] type 1 class 0x000604
[    0.165965] pci 0000:00:17.0: PME# supported from D0 D3hot D3cold
[    0.165986] pci 0000:00:17.0: PME# disabled
[    0.166198] pci 0000:00:17.1: [15ad:07a0] type 1 class 0x000604
[    0.166886] pci 0000:00:17.1: PME# supported from D0 D3hot D3cold
[    0.166907] pci 0000:00:17.1: PME# disabled
[    0.167119] pci 0000:00:17.2: [15ad:07a0] type 1 class 0x000604
[    0.167811] pci 0000:00:17.2: PME# supported from D0 D3hot D3cold
[    0.167833] pci 0000:00:17.2: PME# disabled
[    0.168052] pci 0000:00:17.3: [15ad:07a0] type 1 class 0x000604
[    0.168730] pci 0000:00:17.3: PME# supported from D0 D3hot D3cold
[    0.168751] pci 0000:00:17.3: PME# disabled
[    0.168966] pci 0000:00:17.4: [15ad:07a0] type 1 class 0x000604
[    0.169644] pci 0000:00:17.4: PME# supported from D0 D3hot D3cold
[    0.169665] pci 0000:00:17.4: PME# disabled
[    0.169892] pci 0000:00:17.5: [15ad:07a0] type 1 class 0x000604
[    0.170570] pci 0000:00:17.5: PME# supported from D0 D3hot D3cold
[    0.170591] pci 0000:00:17.5: PME# disabled
[    0.170803] pci 0000:00:17.6: [15ad:07a0] type 1 class 0x000604
[    0.171497] pci 0000:00:17.6: PME# supported from D0 D3hot D3cold
[    0.171519] pci 0000:00:17.6: PME# disabled
[    0.171744] pci 0000:00:17.7: [15ad:07a0] type 1 class 0x000604
[    0.172425] pci 0000:00:17.7: PME# supported from D0 D3hot D3cold
[    0.172446] pci 0000:00:17.7: PME# disabled
[    0.172658] pci 0000:00:18.0: [15ad:07a0] type 1 class 0x000604
[    0.173371] pci 0000:00:18.0: PME# supported from D0 D3hot D3cold
[    0.173392] pci 0000:00:18.0: PME# disabled
[    0.173605] pci 0000:00:18.1: [15ad:07a0] type 1 class 0x000604
[    0.174293] pci 0000:00:18.1: PME# supported from D0 D3hot D3cold
[    0.174314] pci 0000:00:18.1: PME# disabled
[    0.174526] pci 0000:00:18.2: [15ad:07a0] type 1 class 0x000604
[    0.175207] pci 0000:00:18.2: PME# supported from D0 D3hot D3cold
[    0.175229] pci 0000:00:18.2: PME# disabled
[    0.175441] pci 0000:00:18.3: [15ad:07a0] type 1 class 0x000604
[    0.176143] pci 0000:00:18.3: PME# supported from D0 D3hot D3cold
[    0.176165] pci 0000:00:18.3: PME# disabled
[    0.176377] pci 0000:00:18.4: [15ad:07a0] type 1 class 0x000604
[    0.177063] pci 0000:00:18.4: PME# supported from D0 D3hot D3cold
[    0.177084] pci 0000:00:18.4: PME# disabled
[    0.177302] pci 0000:00:18.5: [15ad:07a0] type 1 class 0x000604
[    0.177983] pci 0000:00:18.5: PME# supported from D0 D3hot D3cold
[    0.178004] pci 0000:00:18.5: PME# disabled
[    0.178217] pci 0000:00:18.6: [15ad:07a0] type 1 class 0x000604
[    0.178905] pci 0000:00:18.6: PME# supported from D0 D3hot D3cold
[    0.178926] pci 0000:00:18.6: PME# disabled
[    0.179138] pci 0000:00:18.7: [15ad:07a0] type 1 class 0x000604
[    0.179831] pci 0000:00:18.7: PME# supported from D0 D3hot D3cold
[    0.179862] pci 0000:00:18.7: PME# disabled
[    0.180400] pci 0000:00:01.0: PCI bridge to [bus 01-01]
[    0.180680] pci 0000:02:00.0: [15ad:0774] type 0 class 0x000c03
[    0.182034] pci 0000:02:00.0: reg 20: [io  0x20c0-0x20df]
[    0.182882] pci 0000:02:01.0: [1022:2000] type 0 class 0x000200
[    0.183235] pci 0000:02:01.0: reg 10: [io  0x2000-0x207f]
[    0.184702] pci 0000:02:01.0: reg 30: [mem 0x00000000-0x0000ffff pref]
[    0.184820] pci 0000:02:02.0: [1274:1371] type 0 class 0x000401
[    0.185151] pci 0000:02:02.0: reg 10: [io  0x2080-0x20bf]
[    0.186984] pci 0000:02:03.0: [15ad:0770] type 0 class 0x000c03
[    0.187243] pci 0000:02:03.0: reg 10: [mem 0xc9000000-0xc9000fff]
[    0.188892] pci 0000:00:11.0: PCI bridge to [bus 02-02] (subtractive decode)
[    0.188913] pci 0000:00:11.0:   bridge window [io  0x2000-0x3fff]
[    0.188934] pci 0000:00:11.0:   bridge window [mem 0xc9000000-0xca3fffff]
[    0.188973] pci 0000:00:11.0:   bridge window [mem 0xd8400000-0xd89fffff 64bit pref]
[    0.188975] pci 0000:00:11.0:   bridge window [mem 0x000a0000-0x000bffff] (subtractive decode)
[    0.188977] pci 0000:00:11.0:   bridge window [mem 0x000cc000-0x000cffff] (subtractive decode)
[    0.188978] pci 0000:00:11.0:   bridge window [mem 0x000d0000-0x000d3fff] (subtractive decode)
[    0.188980] pci 0000:00:11.0:   bridge window [mem 0x000d4000-0x000d7fff] (subtractive decode)
[    0.188981] pci 0000:00:11.0:   bridge window [mem 0x000d8000-0x000dbfff] (subtractive decode)
[    0.188983] pci 0000:00:11.0:   bridge window [mem 0xc0000000-0xfebfffff] (subtractive decode)
[    0.188985] pci 0000:00:11.0:   bridge window [io  0x0000-0x0cf7] (subtractive decode)
[    0.188986] pci 0000:00:11.0:   bridge window [io  0x0d00-0xfeff] (subtractive decode)
[    0.189402] pci 0000:00:15.0: PCI bridge to [bus 03-03]
[    0.189422] pci 0000:00:15.0:   bridge window [io  0x4000-0x4fff]
[    0.189443] pci 0000:00:15.0:   bridge window [mem 0xca400000-0xca4fffff]
[    0.189482] pci 0000:00:15.0:   bridge window [mem 0xd8a00000-0xd8afffff 64bit pref]
[    0.189902] pci 0000:00:15.1: PCI bridge to [bus 04-04]
[    0.189922] pci 0000:00:15.1:   bridge window [io  0x8000-0x8fff]
[    0.189943] pci 0000:00:15.1:   bridge window [mem 0xca800000-0xca8fffff]
[    0.189982] pci 0000:00:15.1:   bridge window [mem 0xd8e00000-0xd8efffff 64bit pref]
[    0.190395] pci 0000:00:15.2: PCI bridge to [bus 05-05]
[    0.190415] pci 0000:00:15.2:   bridge window [io  0xc000-0xcfff]
[    0.190436] pci 0000:00:15.2:   bridge window [mem 0xcac00000-0xcacfffff]
[    0.190475] pci 0000:00:15.2:   bridge window [mem 0xd9200000-0xd92fffff 64bit pref]
[    0.190899] pci 0000:00:15.3: PCI bridge to [bus 06-06]
[    0.190938] pci 0000:00:15.3:   bridge window [mem 0xcb000000-0xcb0fffff]
[    0.190976] pci 0000:00:15.3:   bridge window [mem 0xd9600000-0xd96fffff 64bit pref]
[    0.191388] pci 0000:00:15.4: PCI bridge to [bus 07-07]
[    0.191427] pci 0000:00:15.4:   bridge window [mem 0xcb400000-0xcb4fffff]
[    0.191465] pci 0000:00:15.4:   bridge window [mem 0xd9a00000-0xd9afffff 64bit pref]
[    0.191918] pci 0000:00:15.5: PCI bridge to [bus 08-08]
[    0.191957] pci 0000:00:15.5:   bridge window [mem 0xcb800000-0xcb8fffff]
[    0.191996] pci 0000:00:15.5:   bridge window [mem 0xd9e00000-0xd9efffff 64bit pref]
[    0.192408] pci 0000:00:15.6: PCI bridge to [bus 09-09]
[    0.192447] pci 0000:00:15.6:   bridge window [mem 0xcbc00000-0xcbcfffff]
[    0.192486] pci 0000:00:15.6:   bridge window [mem 0xda200000-0xda2fffff 64bit pref]
[    0.192923] pci 0000:00:15.7: PCI bridge to [bus 0a-0a]
[    0.192985] pci 0000:00:15.7:   bridge window [mem 0xcc000000-0xcc0fffff]
[    0.193038] pci 0000:00:15.7:   bridge window [mem 0xda600000-0xda6fffff 64bit pref]
[    0.193624] pci 0000:00:16.0: PCI bridge to [bus 0b-0b]
[    0.193654] pci 0000:00:16.0:   bridge window [io  0x5000-0x5fff]
[    0.193684] pci 0000:00:16.0:   bridge window [mem 0xca500000-0xca5fffff]
[    0.193739] pci 0000:00:16.0:   bridge window [mem 0xd8b00000-0xd8bfffff 64bit pref]
[    0.194313] pci 0000:00:16.1: PCI bridge to [bus 0c-0c]
[    0.194343] pci 0000:00:16.1:   bridge window [io  0x9000-0x9fff]
[    0.194372] pci 0000:00:16.1:   bridge window [mem 0xca900000-0xca9fffff]
[    0.194427] pci 0000:00:16.1:   bridge window [mem 0xd8f00000-0xd8ffffff 64bit pref]
[    0.195006] pci 0000:00:16.2: PCI bridge to [bus 0d-0d]
[    0.195034] pci 0000:00:16.2:   bridge window [io  0xd000-0xdfff]
[    0.195062] pci 0000:00:16.2:   bridge window [mem 0xcad00000-0xcadfffff]
[    0.195117] pci 0000:00:16.2:   bridge window [mem 0xd9300000-0xd93fffff 64bit pref]
[    0.195713] pci 0000:00:16.3: PCI bridge to [bus 0e-0e]
[    0.195769] pci 0000:00:16.3:   bridge window [mem 0xcb100000-0xcb1fffff]
[    0.195826] pci 0000:00:16.3:   bridge window [mem 0xd9700000-0xd97fffff 64bit pref]
[    0.196409] pci 0000:00:16.4: PCI bridge to [bus 0f-0f]
[    0.196465] pci 0000:00:16.4:   bridge window [mem 0xcb500000-0xcb5fffff]
[    0.196520] pci 0000:00:16.4:   bridge window [mem 0xd9b00000-0xd9bfffff 64bit pref]
[    0.197102] pci 0000:00:16.5: PCI bridge to [bus 10-10]
[    0.197159] pci 0000:00:16.5:   bridge window [mem 0xcb900000-0xcb9fffff]
[    0.197214] pci 0000:00:16.5:   bridge window [mem 0xd9f00000-0xd9ffffff 64bit pref]
[    0.197787] pci 0000:00:16.6: PCI bridge to [bus 11-11]
[    0.197865] pci 0000:00:16.6:   bridge window [mem 0xcbd00000-0xcbdfffff]
[    0.197905] pci 0000:00:16.6:   bridge window [mem 0xda300000-0xda3fffff 64bit pref]
[    0.198319] pci 0000:00:16.7: PCI bridge to [bus 12-12]
[    0.198357] pci 0000:00:16.7:   bridge window [mem 0xcc100000-0xcc1fffff]
[    0.198396] pci 0000:00:16.7:   bridge window [mem 0xda700000-0xda7fffff 64bit pref]
[    0.198807] pci 0000:00:17.0: PCI bridge to [bus 13-13]
[    0.198832] pci 0000:00:17.0:   bridge window [io  0x6000-0x6fff]
[    0.198853] pci 0000:00:17.0:   bridge window [mem 0xca600000-0xca6fffff]
[    0.198892] pci 0000:00:17.0:   bridge window [mem 0xd8c00000-0xd8cfffff 64bit pref]
[    0.199303] pci 0000:00:17.1: PCI bridge to [bus 14-14]
[    0.199324] pci 0000:00:17.1:   bridge window [io  0xa000-0xafff]
[    0.199344] pci 0000:00:17.1:   bridge window [mem 0xcaa00000-0xcaafffff]
[    0.199383] pci 0000:00:17.1:   bridge window [mem 0xd9000000-0xd90fffff 64bit pref]
[    0.199820] pci 0000:00:17.2: PCI bridge to [bus 15-15]
[    0.199852] pci 0000:00:17.2:   bridge window [io  0xe000-0xefff]
[    0.199887] pci 0000:00:17.2:   bridge window [mem 0xcae00000-0xcaefffff]
[    0.199943] pci 0000:00:17.2:   bridge window [mem 0xd9400000-0xd94fffff 64bit pref]
[    0.200372] pci 0000:00:17.3: PCI bridge to [bus 16-16]
[    0.200411] pci 0000:00:17.3:   bridge window [mem 0xcb200000-0xcb2fffff]
[    0.200450] pci 0000:00:17.3:   bridge window [mem 0xd9800000-0xd98fffff 64bit pref]
[    0.200863] pci 0000:00:17.4: PCI bridge to [bus 17-17]
[    0.200902] pci 0000:00:17.4:   bridge window [mem 0xcb600000-0xcb6fffff]
[    0.200941] pci 0000:00:17.4:   bridge window [mem 0xd9c00000-0xd9cfffff 64bit pref]
[    0.201350] pci 0000:00:17.5: PCI bridge to [bus 18-18]
[    0.201389] pci 0000:00:17.5:   bridge window [mem 0xcba00000-0xcbafffff]
[    0.201429] pci 0000:00:17.5:   bridge window [mem 0xda000000-0xda0fffff 64bit pref]
[    0.201845] pci 0000:00:17.6: PCI bridge to [bus 19-19]
[    0.201884] pci 0000:00:17.6:   bridge window [mem 0xcbe00000-0xcbefffff]
[    0.201923] pci 0000:00:17.6:   bridge window [mem 0xda400000-0xda4fffff 64bit pref]
[    0.202332] pci 0000:00:17.7: PCI bridge to [bus 1a-1a]
[    0.202371] pci 0000:00:17.7:   bridge window [mem 0xcc200000-0xcc2fffff]
[    0.202410] pci 0000:00:17.7:   bridge window [mem 0xda800000-0xda8fffff 64bit pref]
[    0.202829] pci 0000:00:18.0: PCI bridge to [bus 1b-1b]
[    0.202849] pci 0000:00:18.0:   bridge window [io  0x7000-0x7fff]
[    0.202870] pci 0000:00:18.0:   bridge window [mem 0xca700000-0xca7fffff]
[    0.202909] pci 0000:00:18.0:   bridge window [mem 0xd8d00000-0xd8dfffff 64bit pref]
[    0.203319] pci 0000:00:18.1: PCI bridge to [bus 1c-1c]
[    0.203340] pci 0000:00:18.1:   bridge window [io  0xb000-0xbfff]
[    0.203360] pci 0000:00:18.1:   bridge window [mem 0xcab00000-0xcabfffff]
[    0.203399] pci 0000:00:18.1:   bridge window [mem 0xd9100000-0xd91fffff 64bit pref]
[    0.203835] pci 0000:00:18.2: PCI bridge to [bus 1d-1d]
[    0.203855] pci 0000:00:18.2:   bridge window [io  0xf000-0xffff]
[    0.203876] pci 0000:00:18.2:   bridge window [mem 0xcaf00000-0xcaffffff]
[    0.203915] pci 0000:00:18.2:   bridge window [mem 0xd9500000-0xd95fffff 64bit pref]
[    0.204329] pci 0000:00:18.3: PCI bridge to [bus 1e-1e]
[    0.204368] pci 0000:00:18.3:   bridge window [mem 0xcb300000-0xcb3fffff]
[    0.204407] pci 0000:00:18.3:   bridge window [mem 0xd9900000-0xd99fffff 64bit pref]
[    0.204823] pci 0000:00:18.4: PCI bridge to [bus 1f-1f]
[    0.204862] pci 0000:00:18.4:   bridge window [mem 0xcb700000-0xcb7fffff]
[    0.204901] pci 0000:00:18.4:   bridge window [mem 0xd9d00000-0xd9dfffff 64bit pref]
[    0.205311] pci 0000:00:18.5: PCI bridge to [bus 20-20]
[    0.205350] pci 0000:00:18.5:   bridge window [mem 0xcbb00000-0xcbbfffff]
[    0.205389] pci 0000:00:18.5:   bridge window [mem 0xda100000-0xda1fffff 64bit pref]
[    0.205798] pci 0000:00:18.6: PCI bridge to [bus 21-21]
[    0.205838] pci 0000:00:18.6:   bridge window [mem 0xcbf00000-0xcbffffff]
[    0.205878] pci 0000:00:18.6:   bridge window [mem 0xda500000-0xda5fffff 64bit pref]
[    0.206287] pci 0000:00:18.7: PCI bridge to [bus 22-22]
[    0.206325] pci 0000:00:18.7:   bridge window [mem 0xcc300000-0xcc3fffff]
[    0.206364] pci 0000:00:18.7:   bridge window [mem 0xda900000-0xda9fffff 64bit pref]
[    0.207926] pci_bus 0000:00: on NUMA node 0
[    0.207933] ACPI: PCI Interrupt Routing Table [\_SB_.PCI0._PRT]
[    0.208523]  pci0000:00: Requesting ACPI _OSC control (0x1d)
[    0.208718]  pci0000:00: ACPI _OSC control (0x15) granted
[    0.283536] ACPI: PCI Interrupt Link [LNKA] (IRQs 3 4 5 6 7 *9 10 11 14 15)
[    0.283620] ACPI: PCI Interrupt Link [LNKB] (IRQs 3 4 5 6 7 9 10 *11 14 15)
[    0.283682] ACPI: PCI Interrupt Link [LNKC] (IRQs 3 4 5 6 7 9 *10 11 14 15)
[    0.283746] ACPI: PCI Interrupt Link [LNKD] (IRQs 3 4 *5 6 7 9 10 11 14 15)
[    0.283876] vgaarb: device added: PCI:0000:00:0f.0,decodes=io+mem,owns=io+mem,locks=none
[    0.283885] vgaarb: loaded
[    0.283886] vgaarb: bridge control possible 0000:00:0f.0
[    0.283963] i2c-core: driver [aat2870] using legacy suspend method
[    0.283965] i2c-core: driver [aat2870] using legacy resume method
[    0.284026] SCSI subsystem initialized
[    0.284063] libata version 3.00 loaded.
[    0.284092] usbcore: registered new interface driver usbfs
[    0.284101] usbcore: registered new interface driver hub
[    0.284122] usbcore: registered new device driver usb
[    0.284184] PCI: Using ACPI for IRQ routing
[    0.358648] PCI: pci_cache_line_size set to 64 bytes
[    0.358681] pci 0000:00:18.2: no compatible bridge window for [io  0xf000-0xffff]
[    0.359820] reserve RAM buffer: 000000000009f000 - 000000000009ffff 
[    0.359824] reserve RAM buffer: 000000003fee0000 - 000000003fffffff 
[    0.359969] NetLabel: Initializing
[    0.359971] NetLabel:  domain hash size = 128
[    0.359972] NetLabel:  protocols = UNLABELED CIPSOv4
[    0.359984] NetLabel:  unlabeled traffic allowed by default
[    0.360144] hpet0: at MMIO 0xfed00000, IRQs 2, 8, 0, 0, 0, 0, 0, 0, 0, 0, 0, 0, 0, 0, 0, 0
[    0.360153] hpet0: 16 comparators, 64-bit 14.318180 MHz counter
[    0.364193] Switching to clocksource hpet
[    0.369499] AppArmor: AppArmor Filesystem Enabled
[    0.369518] pnp: PnP ACPI init
[    0.369534] ACPI: bus type pnp registered
[    0.370143] pnp 00:00: [bus 00-ff]
[    0.370145] pnp 00:00: [mem 0x000a0000-0x000bffff window]
[    0.370147] pnp 00:00: [mem 0x000c0000-0x000c3fff window]
[    0.370149] pnp 00:00: [mem 0x000c4000-0x000c7fff window]
[    0.370150] pnp 00:00: [mem 0x000c8000-0x000cbfff window]
[    0.370152] pnp 00:00: [mem 0x000cc000-0x000cffff window]
[    0.370153] pnp 00:00: [mem 0x000d0000-0x000d3fff window]
[    0.370154] pnp 00:00: [mem 0x000d4000-0x000d7fff window]
[    0.370156] pnp 00:00: [mem 0x000d8000-0x000dbfff window]
[    0.370157] pnp 00:00: [mem 0x000dc000-0x000dffff window]
[    0.370159] pnp 00:00: [mem 0x000e0000-0x000e3fff window]
[    0.370160] pnp 00:00: [mem 0x000e4000-0x000e7fff window]
[    0.370161] pnp 00:00: [mem 0x000e8000-0x000ebfff window]
[    0.370163] pnp 00:00: [mem 0x000ec000-0x000effff window]
[    0.370164] pnp 00:00: [mem 0xc0000000-0xfebfffff window]
[    0.370166] pnp 00:00: [io  0x0cf8-0x0cff]
[    0.370168] pnp 00:00: [io  0x0000-0x0cf7 window]
[    0.370169] pnp 00:00: [io  0x0d00-0xfeff window]
[    0.370207] pnp 00:00: Plug and Play ACPI device, IDs PNP0a03 PNP0a08 (active)
[    0.370267] pnp 00:01: [io  0x0010-0x001f]
[    0.370268] pnp 00:01: [io  0x0024-0x0025]
[    0.370269] pnp 00:01: [io  0x0028-0x0029]
[    0.370270] pnp 00:01: [io  0x002c-0x002d]
[    0.370272] pnp 00:01: [io  0x002e-0x002f]
[    0.370273] pnp 00:01: [io  0x0030-0x0031]
[    0.370274] pnp 00:01: [io  0x0034-0x0035]
[    0.370275] pnp 00:01: [io  0x0038-0x0039]
[    0.370276] pnp 00:01: [io  0x003c-0x003d]
[    0.370277] pnp 00:01: [io  0x0050-0x0053]
[    0.370279] pnp 00:01: [io  0x0072-0x0077]
[    0.370280] pnp 00:01: [io  0x0080]
[    0.370281] pnp 00:01: [io  0x0090-0x009f]
[    0.370282] pnp 00:01: [io  0x00a4-0x00a5]
[    0.370283] pnp 00:01: [io  0x00a8-0x00a9]
[    0.370284] pnp 00:01: [io  0x00ac-0x00ad]
[    0.370285] pnp 00:01: [io  0x00b0-0x00b5]
[    0.370287] pnp 00:01: [io  0x00b8-0x00b9]
[    0.370288] pnp 00:01: [io  0x00bc-0x00bd]
[    0.370289] pnp 00:01: [io  0x1000-0x103f]
[    0.370290] pnp 00:01: [io  0x1040-0x104f]
[    0.370292] pnp 00:01: [io  0x0cf0-0x0cf1]
[    0.370349] system 00:01: [io  0x1000-0x103f] has been reserved
[    0.370353] system 00:01: [io  0x1040-0x104f] has been reserved
[    0.370355] system 00:01: [io  0x0cf0-0x0cf1] has been reserved
[    0.370357] system 00:01: Plug and Play ACPI device, IDs PNP0c02 (active)
[    0.370364] pnp 00:02: [io  0x0000-0x000f]
[    0.370365] pnp 00:02: [io  0x0081-0x008f]
[    0.370366] pnp 00:02: [io  0x00c0-0x00df]
[    0.370368] pnp 00:02: [dma 4]
[    0.370383] pnp 00:02: Plug and Play ACPI device, IDs PNP0200 (active)
[    0.370389] pnp 00:03: [io  0x0020-0x0021]
[    0.370390] pnp 00:03: [io  0x00a0-0x00a1]
[    0.370391] pnp 00:03: [io  0x04d0-0x04d1]
[    0.370393] pnp 00:03: [irq 2 disabled]
[    0.370408] pnp 00:03: Plug and Play ACPI device, IDs PNP0001 (active)
[    0.370414] pnp 00:04: [io  0x0070-0x0071]
[    0.370416] pnp 00:04: [irq 8]
[    0.370429] pnp 00:04: Plug and Play ACPI device, IDs PNP0b00 (active)
[    0.370433] pnp 00:05: [io  0x0061]
[    0.370446] pnp 00:05: Plug and Play ACPI device, IDs PNP0800 (active)
[    0.370450] pnp 00:06: [io  0x0060]
[    0.370451] pnp 00:06: [io  0x0064]
[    0.370453] pnp 00:06: [irq 1]
[    0.370468] pnp 00:06: Plug and Play ACPI device, IDs PNP0303 (active)
[    0.370473] pnp 00:07: [irq 12]
[    0.370486] pnp 00:07: Plug and Play ACPI device, IDs PNP0f13 (active)
[    0.370667] pnp 00:08: [mem 0xfed00000-0xfed003ff]
[    0.370710] system 00:08: [mem 0xfed00000-0xfed003ff] has been reserved
[    0.370712] system 00:08: Plug and Play ACPI device, IDs PNP0103 PNP0c01 (active)
[    0.374944] pnp 00:09: [io  0x0378-0x037f]
[    0.374947] pnp 00:09: [irq 7]
[    0.376059] pnp 00:09: Plug and Play ACPI device, IDs PNP0400 (active)
[    0.379911] pnp 00:0a: [io  0x03f8-0x03ff]
[    0.379914] pnp 00:0a: [irq 4]
[    0.381151] pnp 00:0a: Plug and Play ACPI device, IDs PNP0501 (active)
[    0.384355] pnp 00:0b: [io  0x02f8-0x02ff]
[    0.384358] pnp 00:0b: [irq 3]
[    0.385443] pnp 00:0b: Plug and Play ACPI device, IDs PNP0501 (active)
[    0.390321] pnp 00:0c: [io  0x03f0-0x03f5]
[    0.390323] pnp 00:0c: [io  0x03f7]
[    0.390325] pnp 00:0c: [irq 6]
[    0.390326] pnp 00:0c: [dma 2]
[    0.391729] pnp 00:0c: Plug and Play ACPI device, IDs PNP0700 (active)
[    0.391943] pnp 00:0d: [mem 0xe0000000-0xefffffff]
[    0.391946] pnp 00:0d: [io  0x1060-0x107f]
[    0.391948] pnp 00:0d: [mem 0xc8200000-0xc83fffff]
[    0.392005] system 00:0d: [io  0x1060-0x107f] has been reserved
[    0.392008] system 00:0d: [mem 0xe0000000-0xefffffff] has been reserved
[    0.392011] system 00:0d: [mem 0xc8200000-0xc83fffff] has been reserved
[    0.392014] system 00:0d: Plug and Play ACPI device, IDs PNP0c02 (active)
[    0.397207] pnp: PnP ACPI: found 14 devices
[    0.397209] ACPI: ACPI bus type pnp unregistered
[    0.397212] PnPBIOS: Disabled by ACPI PNP
[    0.432926] PCI: max bus depth: 1 pci_try_num: 2
[    0.432951] pci 0000:00:0f.0: BAR 6: assigned [mem 0xc0000000-0xc0007fff pref]
[    0.432957] pci 0000:00:10.0: BAR 6: assigned [mem 0xc0008000-0xc000bfff pref]
[    0.432962] pci 0000:00:18.7: BAR 13: can't assign io (size 0x1000)
[    0.432966] pci 0000:00:18.6: BAR 13: can't assign io (size 0x1000)
[    0.432969] pci 0000:00:18.5: BAR 13: can't assign io (size 0x1000)
[    0.432972] pci 0000:00:18.4: BAR 13: can't assign io (size 0x1000)
[    0.432975] pci 0000:00:18.3: BAR 13: can't assign io (size 0x1000)
[    0.432978] pci 0000:00:18.2: BAR 13: can't assign io (size 0x1000)
[    0.432981] pci 0000:00:17.7: BAR 13: can't assign io (size 0x1000)
[    0.432984] pci 0000:00:17.6: BAR 13: can't assign io (size 0x1000)
[    0.432987] pci 0000:00:17.5: BAR 13: can't assign io (size 0x1000)
[    0.432989] pci 0000:00:17.4: BAR 13: can't assign io (size 0x1000)
[    0.432992] pci 0000:00:17.3: BAR 13: can't assign io (size 0x1000)
[    0.432996] pci 0000:00:16.7: BAR 13: can't assign io (size 0x1000)
[    0.432998] pci 0000:00:16.6: BAR 13: can't assign io (size 0x1000)
[    0.433001] pci 0000:00:16.5: BAR 13: can't assign io (size 0x1000)
[    0.433005] pci 0000:00:16.4: BAR 13: can't assign io (size 0x1000)
[    0.433008] pci 0000:00:16.3: BAR 13: can't assign io (size 0x1000)
[    0.433011] pci 0000:00:15.7: BAR 13: can't assign io (size 0x1000)
[    0.433014] pci 0000:00:15.6: BAR 13: can't assign io (size 0x1000)
[    0.433017] pci 0000:00:15.5: BAR 13: can't assign io (size 0x1000)
[    0.433020] pci 0000:00:15.4: BAR 13: can't assign io (size 0x1000)
[    0.433022] pci 0000:00:15.3: BAR 13: can't assign io (size 0x1000)
[    0.433025] pci 0000:00:01.0: PCI bridge to [bus 01-01]
[    0.433050] pci 0000:02:01.0: BAR 6: assigned [mem 0xd8400000-0xd840ffff pref]
[    0.433053] pci 0000:00:11.0: PCI bridge to [bus 02-02]
[    0.433068] pci 0000:00:11.0:   bridge window [io  0x2000-0x3fff]
[    0.433093] pci 0000:00:11.0:   bridge window [mem 0xc9000000-0xca3fffff]
[    0.433117] pci 0000:00:11.0:   bridge window [mem 0xd8400000-0xd89fffff 64bit pref]
[    0.433142] pci 0000:00:15.0: PCI bridge to [bus 03-03]
[    0.433156] pci 0000:00:15.0:   bridge window [io  0x4000-0x4fff]
[    0.433182] pci 0000:00:15.0:   bridge window [mem 0xca400000-0xca4fffff]
[    0.433206] pci 0000:00:15.0:   bridge window [mem 0xd8a00000-0xd8afffff 64bit pref]
[    0.433231] pci 0000:00:15.1: PCI bridge to [bus 04-04]
[    0.433245] pci 0000:00:15.1:   bridge window [io  0x8000-0x8fff]
[    0.433270] pci 0000:00:15.1:   bridge window [mem 0xca800000-0xca8fffff]
[    0.433294] pci 0000:00:15.1:   bridge window [mem 0xd8e00000-0xd8efffff 64bit pref]
[    0.433320] pci 0000:00:15.2: PCI bridge to [bus 05-05]
[    0.433334] pci 0000:00:15.2:   bridge window [io  0xc000-0xcfff]
[    0.433359] pci 0000:00:15.2:   bridge window [mem 0xcac00000-0xcacfffff]
[    0.433383] pci 0000:00:15.2:   bridge window [mem 0xd9200000-0xd92fffff 64bit pref]
[    0.433408] pci 0000:00:15.3: PCI bridge to [bus 06-06]
[    0.433433] pci 0000:00:15.3:   bridge window [mem 0xcb000000-0xcb0fffff]
[    0.433457] pci 0000:00:15.3:   bridge window [mem 0xd9600000-0xd96fffff 64bit pref]
[    0.433482] pci 0000:00:15.4: PCI bridge to [bus 07-07]
[    0.433508] pci 0000:00:15.4:   bridge window [mem 0xcb400000-0xcb4fffff]
[    0.433532] pci 0000:00:15.4:   bridge window [mem 0xd9a00000-0xd9afffff 64bit pref]
[    0.433557] pci 0000:00:15.5: PCI bridge to [bus 08-08]
[    0.433582] pci 0000:00:15.5:   bridge window [mem 0xcb800000-0xcb8fffff]
[    0.433606] pci 0000:00:15.5:   bridge window [mem 0xd9e00000-0xd9efffff 64bit pref]
[    0.433632] pci 0000:00:15.6: PCI bridge to [bus 09-09]
[    0.433657] pci 0000:00:15.6:   bridge window [mem 0xcbc00000-0xcbcfffff]
[    0.433681] pci 0000:00:15.6:   bridge window [mem 0xda200000-0xda2fffff 64bit pref]
[    0.433706] pci 0000:00:15.7: PCI bridge to [bus 0a-0a]
[    0.433731] pci 0000:00:15.7:   bridge window [mem 0xcc000000-0xcc0fffff]
[    0.433755] pci 0000:00:15.7:   bridge window [mem 0xda600000-0xda6fffff 64bit pref]
[    0.433781] pci 0000:00:16.0: PCI bridge to [bus 0b-0b]
[    0.433795] pci 0000:00:16.0:   bridge window [io  0x5000-0x5fff]
[    0.433820] pci 0000:00:16.0:   bridge window [mem 0xca500000-0xca5fffff]
[    0.433844] pci 0000:00:16.0:   bridge window [mem 0xd8b00000-0xd8bfffff 64bit pref]
[    0.433869] pci 0000:00:16.1: PCI bridge to [bus 0c-0c]
[    0.433883] pci 0000:00:16.1:   bridge window [io  0x9000-0x9fff]
[    0.433908] pci 0000:00:16.1:   bridge window [mem 0xca900000-0xca9fffff]
[    0.433932] pci 0000:00:16.1:   bridge window [mem 0xd8f00000-0xd8ffffff 64bit pref]
[    0.433957] pci 0000:00:16.2: PCI bridge to [bus 0d-0d]
[    0.433971] pci 0000:00:16.2:   bridge window [io  0xd000-0xdfff]
[    0.433996] pci 0000:00:16.2:   bridge window [mem 0xcad00000-0xcadfffff]
[    0.434020] pci 0000:00:16.2:   bridge window [mem 0xd9300000-0xd93fffff 64bit pref]
[    0.434046] pci 0000:00:16.3: PCI bridge to [bus 0e-0e]
[    0.434071] pci 0000:00:16.3:   bridge window [mem 0xcb100000-0xcb1fffff]
[    0.434095] pci 0000:00:16.3:   bridge window [mem 0xd9700000-0xd97fffff 64bit pref]
[    0.434120] pci 0000:00:16.4: PCI bridge to [bus 0f-0f]
[    0.434145] pci 0000:00:16.4:   bridge window [mem 0xcb500000-0xcb5fffff]
[    0.434169] pci 0000:00:16.4:   bridge window [mem 0xd9b00000-0xd9bfffff 64bit pref]
[    0.434195] pci 0000:00:16.5: PCI bridge to [bus 10-10]
[    0.434220] pci 0000:00:16.5:   bridge window [mem 0xcb900000-0xcb9fffff]
[    0.434244] pci 0000:00:16.5:   bridge window [mem 0xd9f00000-0xd9ffffff 64bit pref]
[    0.434269] pci 0000:00:16.6: PCI bridge to [bus 11-11]
[    0.434294] pci 0000:00:16.6:   bridge window [mem 0xcbd00000-0xcbdfffff]
[    0.434320] pci 0000:00:16.6:   bridge window [mem 0xda300000-0xda3fffff 64bit pref]
[    0.434345] pci 0000:00:16.7: PCI bridge to [bus 12-12]
[    0.434370] pci 0000:00:16.7:   bridge window [mem 0xcc100000-0xcc1fffff]
[    0.434395] pci 0000:00:16.7:   bridge window [mem 0xda700000-0xda7fffff 64bit pref]
[    0.434421] pci 0000:00:17.0: PCI bridge to [bus 13-13]
[    0.434437] pci 0000:00:17.0:   bridge window [io  0x6000-0x6fff]
[    0.434462] pci 0000:00:17.0:   bridge window [mem 0xca600000-0xca6fffff]
[    0.434487] pci 0000:00:17.0:   bridge window [mem 0xd8c00000-0xd8cfffff 64bit pref]
[    0.434513] pci 0000:00:17.1: PCI bridge to [bus 14-14]
[    0.434528] pci 0000:00:17.1:   bridge window [io  0xa000-0xafff]
[    0.434553] pci 0000:00:17.1:   bridge window [mem 0xcaa00000-0xcaafffff]
[    0.434579] pci 0000:00:17.1:   bridge window [mem 0xd9000000-0xd90fffff 64bit pref]
[    0.434604] pci 0000:00:17.2: PCI bridge to [bus 15-15]
[    0.434620] pci 0000:00:17.2:   bridge window [io  0xe000-0xefff]
[    0.434645] pci 0000:00:17.2:   bridge window [mem 0xcae00000-0xcaefffff]
[    0.434670] pci 0000:00:17.2:   bridge window [mem 0xd9400000-0xd94fffff 64bit pref]
[    0.434695] pci 0000:00:17.3: PCI bridge to [bus 16-16]
[    0.434721] pci 0000:00:17.3:   bridge window [mem 0xcb200000-0xcb2fffff]
[    0.434746] pci 0000:00:17.3:   bridge window [mem 0xd9800000-0xd98fffff 64bit pref]
[    0.434771] pci 0000:00:17.4: PCI bridge to [bus 17-17]
[    0.434796] pci 0000:00:17.4:   bridge window [mem 0xcb600000-0xcb6fffff]
[    0.434822] pci 0000:00:17.4:   bridge window [mem 0xd9c00000-0xd9cfffff 64bit pref]
[    0.434847] pci 0000:00:17.5: PCI bridge to [bus 18-18]
[    0.434872] pci 0000:00:17.5:   bridge window [mem 0xcba00000-0xcbafffff]
[    0.434897] pci 0000:00:17.5:   bridge window [mem 0xda000000-0xda0fffff 64bit pref]
[    0.434923] pci 0000:00:17.6: PCI bridge to [bus 19-19]
[    0.434948] pci 0000:00:17.6:   bridge window [mem 0xcbe00000-0xcbefffff]
[    0.434973] pci 0000:00:17.6:   bridge window [mem 0xda400000-0xda4fffff 64bit pref]
[    0.434998] pci 0000:00:17.7: PCI bridge to [bus 1a-1a]
[    0.435024] pci 0000:00:17.7:   bridge window [mem 0xcc200000-0xcc2fffff]
[    0.435049] pci 0000:00:17.7:   bridge window [mem 0xda800000-0xda8fffff 64bit pref]
[    0.435074] pci 0000:00:18.0: PCI bridge to [bus 1b-1b]
[    0.435090] pci 0000:00:18.0:   bridge window [io  0x7000-0x7fff]
[    0.435115] pci 0000:00:18.0:   bridge window [mem 0xca700000-0xca7fffff]
[    0.435140] pci 0000:00:18.0:   bridge window [mem 0xd8d00000-0xd8dfffff 64bit pref]
[    0.435165] pci 0000:00:18.1: PCI bridge to [bus 1c-1c]
[    0.435181] pci 0000:00:18.1:   bridge window [io  0xb000-0xbfff]
[    0.435206] pci 0000:00:18.1:   bridge window [mem 0xcab00000-0xcabfffff]
[    0.435232] pci 0000:00:18.1:   bridge window [mem 0xd9100000-0xd91fffff 64bit pref]
[    0.435257] pci 0000:00:18.2: PCI bridge to [bus 1d-1d]
[    0.435282] pci 0000:00:18.2:   bridge window [mem 0xcaf00000-0xcaffffff]
[    0.435307] pci 0000:00:18.2:   bridge window [mem 0xd9500000-0xd95fffff 64bit pref]
[    0.435333] pci 0000:00:18.3: PCI bridge to [bus 1e-1e]
[    0.435358] pci 0000:00:18.3:   bridge window [mem 0xcb300000-0xcb3fffff]
[    0.435383] pci 0000:00:18.3:   bridge window [mem 0xd9900000-0xd99fffff 64bit pref]
[    0.435408] pci 0000:00:18.4: PCI bridge to [bus 1f-1f]
[    0.435434] pci 0000:00:18.4:   bridge window [mem 0xcb700000-0xcb7fffff]
[    0.435459] pci 0000:00:18.4:   bridge window [mem 0xd9d00000-0xd9dfffff 64bit pref]
[    0.435484] pci 0000:00:18.5: PCI bridge to [bus 20-20]
[    0.435509] pci 0000:00:18.5:   bridge window [mem 0xcbb00000-0xcbbfffff]
[    0.435531] pci 0000:00:18.5:   bridge window [mem 0xda100000-0xda1fffff 64bit pref]
[    0.435556] pci 0000:00:18.6: PCI bridge to [bus 21-21]
[    0.435581] pci 0000:00:18.6:   bridge window [mem 0xcbf00000-0xcbffffff]
[    0.435606] pci 0000:00:18.6:   bridge window [mem 0xda500000-0xda5fffff 64bit pref]
[    0.435632] pci 0000:00:18.7: PCI bridge to [bus 22-22]
[    0.435657] pci 0000:00:18.7:   bridge window [mem 0xcc300000-0xcc3fffff]
[    0.435679] pci 0000:00:18.7:   bridge window [mem 0xda900000-0xda9fffff 64bit pref]
[    0.435704] pci 0000:00:01.0: setting latency timer to 64
[    0.435729] pci 0000:00:15.0: setting latency timer to 64
[    0.435755] pci 0000:00:15.1: setting latency timer to 64
[    0.435780] pci 0000:00:15.2: setting latency timer to 64
[    0.435805] pci 0000:00:15.3: setting latency timer to 64
[    0.435830] pci 0000:00:15.4: setting latency timer to 64
[    0.435855] pci 0000:00:15.5: setting latency timer to 64
[    0.435881] pci 0000:00:15.6: setting latency timer to 64
[    0.435906] pci 0000:00:15.7: setting latency timer to 64
[    0.435931] pci 0000:00:16.0: setting latency timer to 64
[    0.435956] pci 0000:00:16.1: setting latency timer to 64
[    0.435982] pci 0000:00:16.2: setting latency timer to 64
[    0.436007] pci 0000:00:16.3: setting latency timer to 64
[    0.436032] pci 0000:00:16.4: setting latency timer to 64
[    0.436140] pci 0000:00:16.5: setting latency timer to 64
[    0.436165] pci 0000:00:16.6: setting latency timer to 64
[    0.436191] pci 0000:00:16.7: setting latency timer to 64
[    0.436216] pci 0000:00:17.0: setting latency timer to 64
[    0.436241] pci 0000:00:17.1: setting latency timer to 64
[    0.436266] pci 0000:00:17.2: setting latency timer to 64
[    0.436292] pci 0000:00:17.3: setting latency timer to 64
[    0.436317] pci 0000:00:17.4: setting latency timer to 64
[    0.436342] pci 0000:00:17.5: setting latency timer to 64
[    0.436367] pci 0000:00:17.6: setting latency timer to 64
[    0.436393] pci 0000:00:17.7: setting latency timer to 64
[    0.436418] pci 0000:00:18.0: setting latency timer to 64
[    0.436443] pci 0000:00:18.1: setting latency timer to 64
[    0.436468] pci 0000:00:18.2: setting latency timer to 64
[    0.436494] pci 0000:00:18.3: setting latency timer to 64
[    0.436519] pci 0000:00:18.4: setting latency timer to 64
[    0.436544] pci 0000:00:18.5: setting latency timer to 64
[    0.436569] pci 0000:00:18.6: setting latency timer to 64
[    0.436595] pci 0000:00:18.7: setting latency timer to 64
[    0.436608] pci_bus 0000:00: resource 4 [mem 0x000a0000-0x000bffff]
[    0.436610] pci_bus 0000:00: resource 5 [mem 0x000cc000-0x000cffff]
[    0.436612] pci_bus 0000:00: resource 6 [mem 0x000d0000-0x000d3fff]
[    0.436614] pci_bus 0000:00: resource 7 [mem 0x000d4000-0x000d7fff]
[    0.436616] pci_bus 0000:00: resource 8 [mem 0x000d8000-0x000dbfff]
[    0.436618] pci_bus 0000:00: resource 9 [mem 0xc0000000-0xfebfffff]
[    0.436621] pci_bus 0000:00: resource 10 [io  0x0000-0x0cf7]
[    0.436623] pci_bus 0000:00: resource 11 [io  0x0d00-0xfeff]
[    0.436625] pci_bus 0000:02: resource 0 [io  0x2000-0x3fff]
[    0.436627] pci_bus 0000:02: resource 1 [mem 0xc9000000-0xca3fffff]
[    0.436630] pci_bus 0000:02: resource 2 [mem 0xd8400000-0xd89fffff 64bit pref]
[    0.436632] pci_bus 0000:02: resource 4 [mem 0x000a0000-0x000bffff]
[    0.436634] pci_bus 0000:02: resource 5 [mem 0x000cc000-0x000cffff]
[    0.436636] pci_bus 0000:02: resource 6 [mem 0x000d0000-0x000d3fff]
[    0.436638] pci_bus 0000:02: resource 7 [mem 0x000d4000-0x000d7fff]
[    0.436640] pci_bus 0000:02: resource 8 [mem 0x000d8000-0x000dbfff]
[    0.436642] pci_bus 0000:02: resource 9 [mem 0xc0000000-0xfebfffff]
[    0.436644] pci_bus 0000:02: resource 10 [io  0x0000-0x0cf7]
[    0.436646] pci_bus 0000:02: resource 11 [io  0x0d00-0xfeff]
[    0.436648] pci_bus 0000:03: resource 0 [io  0x4000-0x4fff]
[    0.436650] pci_bus 0000:03: resource 1 [mem 0xca400000-0xca4fffff]
[    0.436652] pci_bus 0000:03: resource 2 [mem 0xd8a00000-0xd8afffff 64bit pref]
[    0.436654] pci_bus 0000:04: resource 0 [io  0x8000-0x8fff]
[    0.436657] pci_bus 0000:04: resource 1 [mem 0xca800000-0xca8fffff]
[    0.436659] pci_bus 0000:04: resource 2 [mem 0xd8e00000-0xd8efffff 64bit pref]
[    0.436661] pci_bus 0000:05: resource 0 [io  0xc000-0xcfff]
[    0.436663] pci_bus 0000:05: resource 1 [mem 0xcac00000-0xcacfffff]
[    0.436665] pci_bus 0000:05: resource 2 [mem 0xd9200000-0xd92fffff 64bit pref]
[    0.436667] pci_bus 0000:06: resource 1 [mem 0xcb000000-0xcb0fffff]
[    0.436670] pci_bus 0000:06: resource 2 [mem 0xd9600000-0xd96fffff 64bit pref]
[    0.436672] pci_bus 0000:07: resource 1 [mem 0xcb400000-0xcb4fffff]
[    0.436674] pci_bus 0000:07: resource 2 [mem 0xd9a00000-0xd9afffff 64bit pref]
[    0.436676] pci_bus 0000:08: resource 1 [mem 0xcb800000-0xcb8fffff]
[    0.436678] pci_bus 0000:08: resource 2 [mem 0xd9e00000-0xd9efffff 64bit pref]
[    0.436681] pci_bus 0000:09: resource 1 [mem 0xcbc00000-0xcbcfffff]
[    0.436683] pci_bus 0000:09: resource 2 [mem 0xda200000-0xda2fffff 64bit pref]
[    0.436685] pci_bus 0000:0a: resource 1 [mem 0xcc000000-0xcc0fffff]
[    0.436687] pci_bus 0000:0a: resource 2 [mem 0xda600000-0xda6fffff 64bit pref]
[    0.436689] pci_bus 0000:0b: resource 0 [io  0x5000-0x5fff]
[    0.436691] pci_bus 0000:0b: resource 1 [mem 0xca500000-0xca5fffff]
[    0.436694] pci_bus 0000:0b: resource 2 [mem 0xd8b00000-0xd8bfffff 64bit pref]
[    0.436696] pci_bus 0000:0c: resource 0 [io  0x9000-0x9fff]
[    0.436698] pci_bus 0000:0c: resource 1 [mem 0xca900000-0xca9fffff]
[    0.436700] pci_bus 0000:0c: resource 2 [mem 0xd8f00000-0xd8ffffff 64bit pref]
[    0.436702] pci_bus 0000:0d: resource 0 [io  0xd000-0xdfff]
[    0.436704] pci_bus 0000:0d: resource 1 [mem 0xcad00000-0xcadfffff]
[    0.436706] pci_bus 0000:0d: resource 2 [mem 0xd9300000-0xd93fffff 64bit pref]
[    0.436709] pci_bus 0000:0e: resource 1 [mem 0xcb100000-0xcb1fffff]
[    0.436711] pci_bus 0000:0e: resource 2 [mem 0xd9700000-0xd97fffff 64bit pref]
[    0.436713] pci_bus 0000:0f: resource 1 [mem 0xcb500000-0xcb5fffff]
[    0.436715] pci_bus 0000:0f: resource 2 [mem 0xd9b00000-0xd9bfffff 64bit pref]
[    0.436717] pci_bus 0000:10: resource 1 [mem 0xcb900000-0xcb9fffff]
[    0.436720] pci_bus 0000:10: resource 2 [mem 0xd9f00000-0xd9ffffff 64bit pref]
[    0.436722] pci_bus 0000:11: resource 1 [mem 0xcbd00000-0xcbdfffff]
[    0.436724] pci_bus 0000:11: resource 2 [mem 0xda300000-0xda3fffff 64bit pref]
[    0.436726] pci_bus 0000:12: resource 1 [mem 0xcc100000-0xcc1fffff]
[    0.436728] pci_bus 0000:12: resource 2 [mem 0xda700000-0xda7fffff 64bit pref]
[    0.436731] pci_bus 0000:13: resource 0 [io  0x6000-0x6fff]
[    0.436733] pci_bus 0000:13: resource 1 [mem 0xca600000-0xca6fffff]
[    0.436735] pci_bus 0000:13: resource 2 [mem 0xd8c00000-0xd8cfffff 64bit pref]
[    0.436737] pci_bus 0000:14: resource 0 [io  0xa000-0xafff]
[    0.436739] pci_bus 0000:14: resource 1 [mem 0xcaa00000-0xcaafffff]
[    0.436741] pci_bus 0000:14: resource 2 [mem 0xd9000000-0xd90fffff 64bit pref]
[    0.436743] pci_bus 0000:15: resource 0 [io  0xe000-0xefff]
[    0.436745] pci_bus 0000:15: resource 1 [mem 0xcae00000-0xcaefffff]
[    0.436747] pci_bus 0000:15: resource 2 [mem 0xd9400000-0xd94fffff 64bit pref]
[    0.436750] pci_bus 0000:16: resource 1 [mem 0xcb200000-0xcb2fffff]
[    0.436752] pci_bus 0000:16: resource 2 [mem 0xd9800000-0xd98fffff 64bit pref]
[    0.436754] pci_bus 0000:17: resource 1 [mem 0xcb600000-0xcb6fffff]
[    0.436756] pci_bus 0000:17: resource 2 [mem 0xd9c00000-0xd9cfffff 64bit pref]
[    0.436759] pci_bus 0000:18: resource 1 [mem 0xcba00000-0xcbafffff]
[    0.436761] pci_bus 0000:18: resource 2 [mem 0xda000000-0xda0fffff 64bit pref]
[    0.436763] pci_bus 0000:19: resource 1 [mem 0xcbe00000-0xcbefffff]
[    0.436765] pci_bus 0000:19: resource 2 [mem 0xda400000-0xda4fffff 64bit pref]
[    0.436767] pci_bus 0000:1a: resource 1 [mem 0xcc200000-0xcc2fffff]
[    0.436769] pci_bus 0000:1a: resource 2 [mem 0xda800000-0xda8fffff 64bit pref]
[    0.436772] pci_bus 0000:1b: resource 0 [io  0x7000-0x7fff]
[    0.436774] pci_bus 0000:1b: resource 1 [mem 0xca700000-0xca7fffff]
[    0.436776] pci_bus 0000:1b: resource 2 [mem 0xd8d00000-0xd8dfffff 64bit pref]
[    0.436778] pci_bus 0000:1c: resource 0 [io  0xb000-0xbfff]
[    0.436780] pci_bus 0000:1c: resource 1 [mem 0xcab00000-0xcabfffff]
[    0.436782] pci_bus 0000:1c: resource 2 [mem 0xd9100000-0xd91fffff 64bit pref]
[    0.436784] pci_bus 0000:1d: resource 1 [mem 0xcaf00000-0xcaffffff]
[    0.436787] pci_bus 0000:1d: resource 2 [mem 0xd9500000-0xd95fffff 64bit pref]
[    0.436789] pci_bus 0000:1e: resource 1 [mem 0xcb300000-0xcb3fffff]
[    0.436791] pci_bus 0000:1e: resource 2 [mem 0xd9900000-0xd99fffff 64bit pref]
[    0.436793] pci_bus 0000:1f: resource 1 [mem 0xcb700000-0xcb7fffff]
[    0.436795] pci_bus 0000:1f: resource 2 [mem 0xd9d00000-0xd9dfffff 64bit pref]
[    0.436797] pci_bus 0000:20: resource 1 [mem 0xcbb00000-0xcbbfffff]
[    0.436800] pci_bus 0000:20: resource 2 [mem 0xda100000-0xda1fffff 64bit pref]
[    0.436802] pci_bus 0000:21: resource 1 [mem 0xcbf00000-0xcbffffff]
[    0.436804] pci_bus 0000:21: resource 2 [mem 0xda500000-0xda5fffff 64bit pref]
[    0.436806] pci_bus 0000:22: resource 1 [mem 0xcc300000-0xcc3fffff]
[    0.436808] pci_bus 0000:22: resource 2 [mem 0xda900000-0xda9fffff 64bit pref]
[    0.436834] NET: Registered protocol family 2
[    0.436859] IP route cache hash table entries: 32768 (order: 5, 131072 bytes)
[    0.436884] TCP established hash table entries: 131072 (order: 8, 1048576 bytes)
[    0.436909] TCP bind hash table entries: 65536 (order: 7, 524288 bytes)
[    0.436934] TCP: Hash tables configured (established 131072 bind 65536)
[    0.436937] TCP reno registered
[    0.436940] UDP hash table entries: 512 (order: 2, 16384 bytes)
[    0.436947] UDP-Lite hash table entries: 512 (order: 2, 16384 bytes)
[    0.436972] NET: Registered protocol family 1
[    0.436981] pci 0000:00:00.0: Limiting direct PCI/PCI transfers
[    0.437007] pci 0000:00:0f.0: Boot video device
[    0.437032] ACPI: PCI Interrupt Link [LNKC] enabled at IRQ 10
[    0.437035] PCI: setting IRQ 10 as level-triggered
[    0.437041] pci 0000:02:00.0: PCI INT A -> Link[LNKC] -> GSI 10 (level, low) -> IRQ 10
[    0.437097] pci 0000:02:00.0: PCI INT A disabled
[    0.437122] ACPI: PCI Interrupt Link [LNKB] enabled at IRQ 11
[    0.437124] PCI: setting IRQ 11 as level-triggered
[    0.437128] pci 0000:02:03.0: PCI INT A -> Link[LNKB] -> GSI 11 (level, low) -> IRQ 11
[    0.437153] pci 0000:02:03.0: PCI INT A disabled
[    0.437167] PCI: CLS 32 bytes, default 64
[    0.437217] Simple Boot Flag at 0x36 set to 0x1
[    0.437224] Switching to clocksource tsc
[    0.437374] audit: initializing netlink socket (disabled)
[    0.437381] type=2000 audit(1369641531.417:1): initialized
[    0.448173] Trying to unpack rootfs image as initramfs...
[    0.464169] highmem bounce pool size: 64 pages
[    0.464175] HugeTLB registered 2 MB page size, pre-allocated 0 pages
[    0.468266] VFS: Disk quotas dquot_6.5.2
[    0.468291] Dquot-cache hash table entries: 1024 (order 0, 4096 bytes)
[    0.472129] fuse init (API version 7.17)
[    0.472176] msgmni has been set to 1710
[    0.484086] Block layer SCSI generic (bsg) driver version 0.4 loaded (major 253)
[    0.484115] io scheduler noop registered
[    0.484117] io scheduler deadline registered
[    0.484123] io scheduler cfq registered (default)
[    0.484148] pcieport 0000:00:15.0: setting latency timer to 64
[    0.484174] pcieport 0000:00:15.0: irq 40 for MSI/MSI-X
[    0.484199] pcieport 0000:00:15.1: setting latency timer to 64
[    0.484224] pcieport 0000:00:15.1: irq 41 for MSI/MSI-X
[    0.484249] pcieport 0000:00:15.2: setting latency timer to 64
[    0.484275] pcieport 0000:00:15.2: irq 42 for MSI/MSI-X
[    0.484300] pcieport 0000:00:15.3: setting latency timer to 64
[    0.484325] pcieport 0000:00:15.3: irq 43 for MSI/MSI-X
[    0.484350] pcieport 0000:00:15.4: setting latency timer to 64
[    0.484376] pcieport 0000:00:15.4: irq 44 for MSI/MSI-X
[    0.484401] pcieport 0000:00:15.5: setting latency timer to 64
[    0.484426] pcieport 0000:00:15.5: irq 45 for MSI/MSI-X
[    0.484451] pcieport 0000:00:15.6: setting latency timer to 64
[    0.484477] pcieport 0000:00:15.6: irq 46 for MSI/MSI-X
[    0.484502] pcieport 0000:00:15.7: setting latency timer to 64
[    0.484527] pcieport 0000:00:15.7: irq 47 for MSI/MSI-X
[    0.484552] pcieport 0000:00:16.0: setting latency timer to 64
[    0.484578] pcieport 0000:00:16.0: irq 48 for MSI/MSI-X
[    0.484603] pcieport 0000:00:16.1: setting latency timer to 64
[    0.484628] pcieport 0000:00:16.1: irq 49 for MSI/MSI-X
[    0.484653] pcieport 0000:00:16.2: setting latency timer to 64
[    0.484679] pcieport 0000:00:16.2: irq 50 for MSI/MSI-X
[    0.484704] pcieport 0000:00:16.3: setting latency timer to 64
[    0.484729] pcieport 0000:00:16.3: irq 51 for MSI/MSI-X
[    0.484754] pcieport 0000:00:16.4: setting latency timer to 64
[    0.484780] pcieport 0000:00:16.4: irq 52 for MSI/MSI-X
[    0.484805] pcieport 0000:00:16.5: setting latency timer to 64
[    0.484830] pcieport 0000:00:16.5: irq 53 for MSI/MSI-X
[    0.484855] pcieport 0000:00:16.6: setting latency timer to 64
[    0.484881] pcieport 0000:00:16.6: irq 54 for MSI/MSI-X
[    0.484906] pcieport 0000:00:16.7: setting latency timer to 64
[    0.484931] pcieport 0000:00:16.7: irq 55 for MSI/MSI-X
[    0.484956] pcieport 0000:00:17.0: setting latency timer to 64
[    0.484982] pcieport 0000:00:17.0: irq 56 for MSI/MSI-X
[    0.485007] pcieport 0000:00:17.1: setting latency timer to 64
[    0.485032] pcieport 0000:00:17.1: irq 57 for MSI/MSI-X
[    0.485057] pcieport 0000:00:17.2: setting latency timer to 64
[    0.485083] pcieport 0000:00:17.2: irq 58 for MSI/MSI-X
[    0.485108] pcieport 0000:00:17.3: setting latency timer to 64
[    0.485133] pcieport 0000:00:17.3: irq 59 for MSI/MSI-X
[    0.485158] pcieport 0000:00:17.4: setting latency timer to 64
[    0.485184] pcieport 0000:00:17.4: irq 60 for MSI/MSI-X
[    0.485209] pcieport 0000:00:17.5: setting latency timer to 64
[    0.485234] pcieport 0000:00:17.5: irq 61 for MSI/MSI-X
[    0.485259] pcieport 0000:00:17.6: setting latency timer to 64
[    0.485285] pcieport 0000:00:17.6: irq 62 for MSI/MSI-X
[    0.485310] pcieport 0000:00:17.7: setting latency timer to 64
[    0.485335] pcieport 0000:00:17.7: irq 63 for MSI/MSI-X
[    0.485360] pcieport 0000:00:18.0: setting latency timer to 64
[    0.485385] pcieport 0000:00:18.0: irq 64 for MSI/MSI-X
[    0.485411] pcieport 0000:00:18.1: setting latency timer to 64
[    0.485436] pcieport 0000:00:18.1: irq 65 for MSI/MSI-X
[    0.485461] pcieport 0000:00:18.2: setting latency timer to 64
[    0.485486] pcieport 0000:00:18.2: irq 66 for MSI/MSI-X
[    0.485512] pcieport 0000:00:18.3: setting latency timer to 64
[    0.485537] pcieport 0000:00:18.3: irq 67 for MSI/MSI-X
[    0.485562] pcieport 0000:00:18.4: setting latency timer to 64
[    0.485587] pcieport 0000:00:18.4: irq 68 for MSI/MSI-X
[    0.485613] pcieport 0000:00:18.5: setting latency timer to 64
[    0.485638] pcieport 0000:00:18.5: irq 69 for MSI/MSI-X
[    0.485663] pcieport 0000:00:18.6: setting latency timer to 64
[    0.485688] pcieport 0000:00:18.6: irq 70 for MSI/MSI-X
[    0.485714] pcieport 0000:00:18.7: setting latency timer to 64
[    0.485739] pcieport 0000:00:18.7: irq 71 for MSI/MSI-X
[    0.485764] pcieport 0000:00:15.0: Signaling PME through PCIe PME interrupt
[    0.485789] pcie_pme 0000:00:15.0:pcie01: service driver pcie_pme loaded
[    0.485815] pcieport 0000:00:15.1: Signaling PME through PCIe PME interrupt
[    0.485840] pcie_pme 0000:00:15.1:pcie01: service driver pcie_pme loaded
[    0.485865] pcieport 0000:00:15.2: Signaling PME through PCIe PME interrupt
[    0.485890] pcie_pme 0000:00:15.2:pcie01: service driver pcie_pme loaded
[    0.485916] pcieport 0000:00:15.3: Signaling PME through PCIe PME interrupt
[    0.485941] pcie_pme 0000:00:15.3:pcie01: service driver pcie_pme loaded
[    0.485966] pcieport 0000:00:15.4: Signaling PME through PCIe PME interrupt
[    0.485991] pcie_pme 0000:00:15.4:pcie01: service driver pcie_pme loaded
[    0.486016] pcieport 0000:00:15.5: Signaling PME through PCIe PME interrupt
[    0.486042] pcie_pme 0000:00:15.5:pcie01: service driver pcie_pme loaded
[    0.486067] pcieport 0000:00:15.6: Signaling PME through PCIe PME interrupt
[    0.486092] pcie_pme 0000:00:15.6:pcie01: service driver pcie_pme loaded
[    0.486117] pcieport 0000:00:15.7: Signaling PME through PCIe PME interrupt
[    0.486143] pcie_pme 0000:00:15.7:pcie01: service driver pcie_pme loaded
[    0.486168] pcieport 0000:00:16.0: Signaling PME through PCIe PME interrupt
[    0.486193] pcie_pme 0000:00:16.0:pcie01: service driver pcie_pme loaded
[    0.486218] pcieport 0000:00:16.1: Signaling PME through PCIe PME interrupt
[    0.486243] pcie_pme 0000:00:16.1:pcie01: service driver pcie_pme loaded
[    0.486269] pcieport 0000:00:16.2: Signaling PME through PCIe PME interrupt
[    0.486294] pcie_pme 0000:00:16.2:pcie01: service driver pcie_pme loaded
[    0.486319] pcieport 0000:00:16.3: Signaling PME through PCIe PME interrupt
[    0.486344] pcie_pme 0000:00:16.3:pcie01: service driver pcie_pme loaded
[    0.486370] pcieport 0000:00:16.4: Signaling PME through PCIe PME interrupt
[    0.486394] pcie_pme 0000:00:16.4:pcie01: service driver pcie_pme loaded
[    0.486420] pcieport 0000:00:16.5: Signaling PME through PCIe PME interrupt
[    0.486445] pcie_pme 0000:00:16.5:pcie01: service driver pcie_pme loaded
[    0.486470] pcieport 0000:00:16.6: Signaling PME through PCIe PME interrupt
[    0.486495] pcie_pme 0000:00:16.6:pcie01: service driver pcie_pme loaded
[    0.486520] pcieport 0000:00:16.7: Signaling PME through PCIe PME interrupt
[    0.486545] pcie_pme 0000:00:16.7:pcie01: service driver pcie_pme loaded
[    0.486570] pcieport 0000:00:17.0: Signaling PME through PCIe PME interrupt
[    0.486596] pcie_pme 0000:00:17.0:pcie01: service driver pcie_pme loaded
[    0.486621] pcieport 0000:00:17.1: Signaling PME through PCIe PME interrupt
[    0.486646] pcie_pme 0000:00:17.1:pcie01: service driver pcie_pme loaded
[    0.486671] pcieport 0000:00:17.2: Signaling PME through PCIe PME interrupt
[    0.486696] pcie_pme 0000:00:17.2:pcie01: service driver pcie_pme loaded
[    0.486722] pcieport 0000:00:17.3: Signaling PME through PCIe PME interrupt
[    0.486747] pcie_pme 0000:00:17.3:pcie01: service driver pcie_pme loaded
[    0.486772] pcieport 0000:00:17.4: Signaling PME through PCIe PME interrupt
[    0.486797] pcie_pme 0000:00:17.4:pcie01: service driver pcie_pme loaded
[    0.486822] pcieport 0000:00:17.5: Signaling PME through PCIe PME interrupt
[    0.486847] pcie_pme 0000:00:17.5:pcie01: service driver pcie_pme loaded
[    0.486873] pcieport 0000:00:17.6: Signaling PME through PCIe PME interrupt
[    0.486898] pcie_pme 0000:00:17.6:pcie01: service driver pcie_pme loaded
[    0.486923] pcieport 0000:00:17.7: Signaling PME through PCIe PME interrupt
[    0.486948] pcie_pme 0000:00:17.7:pcie01: service driver pcie_pme loaded
[    0.486974] pcieport 0000:00:18.0: Signaling PME through PCIe PME interrupt
[    0.486999] pcie_pme 0000:00:18.0:pcie01: service driver pcie_pme loaded
[    0.487024] pcieport 0000:00:18.1: Signaling PME through PCIe PME interrupt
[    0.487049] pcie_pme 0000:00:18.1:pcie01: service driver pcie_pme loaded
[    0.487074] pcieport 0000:00:18.2: Signaling PME through PCIe PME interrupt
[    0.487100] pcie_pme 0000:00:18.2:pcie01: service driver pcie_pme loaded
[    0.487125] pcieport 0000:00:18.3: Signaling PME through PCIe PME interrupt
[    0.487150] pcie_pme 0000:00:18.3:pcie01: service driver pcie_pme loaded
[    0.487175] pcieport 0000:00:18.4: Signaling PME through PCIe PME interrupt
[    0.487200] pcie_pme 0000:00:18.4:pcie01: service driver pcie_pme loaded
[    0.487226] pcieport 0000:00:18.5: Signaling PME through PCIe PME interrupt
[    0.487251] pcie_pme 0000:00:18.5:pcie01: service driver pcie_pme loaded
[    0.487276] pcieport 0000:00:18.6: Signaling PME through PCIe PME interrupt
[    0.487301] pcie_pme 0000:00:18.6:pcie01: service driver pcie_pme loaded
[    0.487326] pcieport 0000:00:18.7: Signaling PME through PCIe PME interrupt
[    0.487352] pcie_pme 0000:00:18.7:pcie01: service driver pcie_pme loaded
[    0.487371] pci_hotplug: PCI Hot Plug PCI Core version: 0.5
[    0.487397] pciehp 0000:00:15.0:pcie04: HPC vendor_id 15ad device_id 7a0 ss_vid 15ad ss_did 7a0
[    0.487422] pciehp 0000:00:15.0:pcie04: service driver pciehp loaded
[    0.487447] pciehp 0000:00:15.1:pcie04: HPC vendor_id 15ad device_id 7a0 ss_vid 15ad ss_did 7a0
[    0.487472] pciehp 0000:00:15.1:pcie04: service driver pciehp loaded
[    0.487498] pciehp 0000:00:15.2:pcie04: HPC vendor_id 15ad device_id 7a0 ss_vid 15ad ss_did 7a0
[    0.487523] pciehp 0000:00:15.2:pcie04: service driver pciehp loaded
[    0.487548] pciehp 0000:00:15.3:pcie04: HPC vendor_id 15ad device_id 7a0 ss_vid 15ad ss_did 7a0
[    0.487573] pciehp 0000:00:15.3:pcie04: service driver pciehp loaded
[    0.487599] pciehp 0000:00:15.4:pcie04: HPC vendor_id 15ad device_id 7a0 ss_vid 15ad ss_did 7a0
[    0.487624] pciehp 0000:00:15.4:pcie04: service driver pciehp loaded
[    0.487649] pciehp 0000:00:15.5:pcie04: HPC vendor_id 15ad device_id 7a0 ss_vid 15ad ss_did 7a0
[    0.487674] pciehp 0000:00:15.5:pcie04: service driver pciehp loaded
[    0.487700] pciehp 0000:00:15.6:pcie04: HPC vendor_id 15ad device_id 7a0 ss_vid 15ad ss_did 7a0
[    0.487725] pciehp 0000:00:15.6:pcie04: service driver pciehp loaded
[    0.487750] pciehp 0000:00:15.7:pcie04: HPC vendor_id 15ad device_id 7a0 ss_vid 15ad ss_did 7a0
[    0.487775] pciehp 0000:00:15.7:pcie04: service driver pciehp loaded
[    0.487801] pciehp 0000:00:16.0:pcie04: HPC vendor_id 15ad device_id 7a0 ss_vid 15ad ss_did 7a0
[    0.487826] pciehp 0000:00:16.0:pcie04: service driver pciehp loaded
[    0.487851] pciehp 0000:00:16.1:pcie04: HPC vendor_id 15ad device_id 7a0 ss_vid 15ad ss_did 7a0
[    0.487876] pciehp 0000:00:16.1:pcie04: service driver pciehp loaded
[    0.487902] pciehp 0000:00:16.2:pcie04: HPC vendor_id 15ad device_id 7a0 ss_vid 15ad ss_did 7a0
[    0.487927] pciehp 0000:00:16.2:pcie04: service driver pciehp loaded
[    0.487952] pciehp 0000:00:16.3:pcie04: HPC vendor_id 15ad device_id 7a0 ss_vid 15ad ss_did 7a0
[    0.488049] pciehp 0000:00:16.3:pcie04: service driver pciehp loaded
[    0.488083] pciehp 0000:00:16.4:pcie04: HPC vendor_id 15ad device_id 7a0 ss_vid 15ad ss_did 7a0
[    0.488108] pciehp 0000:00:16.4:pcie04: service driver pciehp loaded
[    0.488133] pciehp 0000:00:16.5:pcie04: HPC vendor_id 15ad device_id 7a0 ss_vid 15ad ss_did 7a0
[    0.488158] pciehp 0000:00:16.5:pcie04: service driver pciehp loaded
[    0.488184] pciehp 0000:00:16.6:pcie04: HPC vendor_id 15ad device_id 7a0 ss_vid 15ad ss_did 7a0
[    0.488209] pciehp 0000:00:16.6:pcie04: service driver pciehp loaded
[    0.488234] pciehp 0000:00:16.7:pcie04: HPC vendor_id 15ad device_id 7a0 ss_vid 15ad ss_did 7a0
[    0.488259] pciehp 0000:00:16.7:pcie04: service driver pciehp loaded
[    0.488285] pciehp 0000:00:17.0:pcie04: HPC vendor_id 15ad device_id 7a0 ss_vid 15ad ss_did 7a0
[    0.488310] pciehp 0000:00:17.0:pcie04: service driver pciehp loaded
[    0.488335] pciehp 0000:00:17.1:pcie04: HPC vendor_id 15ad device_id 7a0 ss_vid 15ad ss_did 7a0
[    0.488360] pciehp 0000:00:17.1:pcie04: service driver pciehp loaded
[    0.488386] pciehp 0000:00:17.2:pcie04: HPC vendor_id 15ad device_id 7a0 ss_vid 15ad ss_did 7a0
[    0.488411] pciehp 0000:00:17.2:pcie04: service driver pciehp loaded
[    0.488436] pciehp 0000:00:17.3:pcie04: HPC vendor_id 15ad device_id 7a0 ss_vid 15ad ss_did 7a0
[    0.488461] pciehp 0000:00:17.3:pcie04: service driver pciehp loaded
[    0.488487] pciehp 0000:00:17.4:pcie04: HPC vendor_id 15ad device_id 7a0 ss_vid 15ad ss_did 7a0
[    0.488512] pciehp 0000:00:17.4:pcie04: service driver pciehp loaded
[    0.488537] pciehp 0000:00:17.5:pcie04: HPC vendor_id 15ad device_id 7a0 ss_vid 15ad ss_did 7a0
[    0.488562] pciehp 0000:00:17.5:pcie04: service driver pciehp loaded
[    0.488588] pciehp 0000:00:17.6:pcie04: HPC vendor_id 15ad device_id 7a0 ss_vid 15ad ss_did 7a0
[    0.488613] pciehp 0000:00:17.6:pcie04: service driver pciehp loaded
[    0.488638] pciehp 0000:00:17.7:pcie04: HPC vendor_id 15ad device_id 7a0 ss_vid 15ad ss_did 7a0
[    0.488663] pciehp 0000:00:17.7:pcie04: service driver pciehp loaded
[    0.488689] pciehp 0000:00:18.0:pcie04: HPC vendor_id 15ad device_id 7a0 ss_vid 15ad ss_did 7a0
[    0.488714] pciehp 0000:00:18.0:pcie04: service driver pciehp loaded
[    0.488739] pciehp 0000:00:18.1:pcie04: HPC vendor_id 15ad device_id 7a0 ss_vid 15ad ss_did 7a0
[    0.488764] pciehp 0000:00:18.1:pcie04: service driver pciehp loaded
[    0.488790] pciehp 0000:00:18.2:pcie04: HPC vendor_id 15ad device_id 7a0 ss_vid 15ad ss_did 7a0
[    0.488815] pciehp 0000:00:18.2:pcie04: service driver pciehp loaded
[    0.488840] pciehp 0000:00:18.3:pcie04: HPC vendor_id 15ad device_id 7a0 ss_vid 15ad ss_did 7a0
[    0.488865] pciehp 0000:00:18.3:pcie04: service driver pciehp loaded
[    0.488891] pciehp 0000:00:18.4:pcie04: HPC vendor_id 15ad device_id 7a0 ss_vid 15ad ss_did 7a0
[    0.488916] pciehp 0000:00:18.4:pcie04: service driver pciehp loaded
[    0.488941] pciehp 0000:00:18.5:pcie04: HPC vendor_id 15ad device_id 7a0 ss_vid 15ad ss_did 7a0
[    0.488966] pciehp 0000:00:18.5:pcie04: service driver pciehp loaded
[    0.488992] pciehp 0000:00:18.6:pcie04: HPC vendor_id 15ad device_id 7a0 ss_vid 15ad ss_did 7a0
[    0.489017] pciehp 0000:00:18.6:pcie04: service driver pciehp loaded
[    0.489042] pciehp 0000:00:18.7:pcie04: HPC vendor_id 15ad device_id 7a0 ss_vid 15ad ss_did 7a0
[    0.489067] pciehp 0000:00:18.7:pcie04: service driver pciehp loaded
[    0.489075] pciehp: PCI Express Hot Plug Controller Driver version: 0.4
[    0.489100] ACPI: Deprecated procfs I/F for AC is loaded, please retry with CONFIG_ACPI_PROCFS_POWER cleared
[    0.489129] ACPI: AC Adapter [ACAD] (on-line)
[    0.492068] input: Power Button as /devices/LNXSYSTM:00/LNXPWRBN:00/input/input0
[    0.492075] ACPI: Power Button [PWRF]
[    0.516035] ERST: Table is not found!
[    0.516039] GHES: HEST is not enabled!
[    0.516127] Serial: 8250/16550 driver, 32 ports, IRQ sharing enabled
[    0.539865] serial8250: ttyS0 at I/O 0x3f8 (irq = 4) is a 16550A
[    0.539900] isapnp: Scanning for PnP cards...
[    0.679689] serial8250: ttyS1 at I/O 0x2f8 (irq = 3) is a 16550A
[    0.727580] 00:0a: ttyS0 at I/O 0x3f8 (irq = 4) is a 16550A
[    0.815608] 00:0b: ttyS1 at I/O 0x2f8 (irq = 3) is a 16550A
[    0.835664] Linux agpgart interface v0.103
[    0.835689] agpgart-intel 0000:00:00.0: Intel 440BX Chipset
[    0.835747] agpgart-intel 0000:00:00.0: AGP aperture is 256M @ 0x0
[    0.836240] brd: module loaded
[    0.836511] loop: module loaded
[    0.836537] ata_piix 0000:00:07.1: version 2.13
[    0.839547] scsi0 : ata_piix
[    0.839592] scsi1 : ata_piix
[    0.839617] ata1: PATA max UDMA/33 cmd 0x1f0 ctl 0x3f6 bmdma 0x10c0 irq 14
[    0.839620] ata2: PATA max UDMA/33 cmd 0x170 ctl 0x376 bmdma 0x10c8 irq 15
[    0.839648] Fixed MDIO Bus: probed
[    0.839661] tun: Universal TUN/TAP device driver, 1.6
[    0.839663] tun: (C) 1999-2004 Max Krasnyansky <maxk@qualcomm.com>
[    0.839713] PPP generic driver version 2.4.2
[    0.839772] ehci_hcd: USB 2.0 'Enhanced' Host Controller (EHCI) Driver
[    0.839797] ehci_hcd 0000:02:03.0: PCI INT A -> Link[LNKB] -> GSI 11 (level, low) -> IRQ 11
[    0.839822] ehci_hcd 0000:02:03.0: EHCI Host Controller
[    0.839864] ehci_hcd 0000:02:03.0: new USB bus registered, assigned bus number 1
[    0.839890] ehci_hcd 0000:02:03.0: cache line size of 32 is not supported
[    0.839897] ehci_hcd 0000:02:03.0: irq 11, io mem 0xc9000000
[    0.851529] ehci_hcd 0000:02:03.0: USB 2.0 started, EHCI 1.00
[    0.851604] hub 1-0:1.0: USB hub found
[    0.851610] hub 1-0:1.0: 6 ports detected
[    0.851635] ohci_hcd: USB 1.1 'Open' Host Controller (OHCI) Driver
[    0.851655] uhci_hcd: USB Universal Host Controller Interface driver
[    0.851680] uhci_hcd 0000:02:00.0: PCI INT A -> Link[LNKC] -> GSI 10 (level, low) -> IRQ 10
[    0.851705] uhci_hcd 0000:02:00.0: UHCI Host Controller
[    0.851751] uhci_hcd 0000:02:00.0: new USB bus registered, assigned bus number 2
[    0.851807] uhci_hcd 0000:02:00.0: irq 10, io base 0x000020c0
[    0.851872] hub 2-0:1.0: USB hub found
[    0.851877] hub 2-0:1.0: 2 ports detected
[    0.851903] usbcore: registered new interface driver libusual
[    0.851928] i8042: PNP: PS/2 Controller [PNP0303:KBC,PNP0f13:MOUS] at 0x60,0x64 irq 1,12
[    0.852179] serio: i8042 KBD port at 0x60,0x64 irq 1
[    0.852187] serio: i8042 AUX port at 0x60,0x64 irq 12
[    0.852292] mousedev: PS/2 mouse device common for all mice
[    0.852519] rtc_cmos 00:04: rtc core: registered rtc_cmos as rtc0
[    0.852564] rtc0: alarms up to one month, y3k, 114 bytes nvram, hpet irqs
[    0.852590] device-mapper: uevent: version 1.0.3
[    0.852642] device-mapper: ioctl: 4.22.0-ioctl (2011-10-19) initialised: dm-devel@redhat.com
[    0.852667] EISA: Probing bus 0 at eisa.0
[    0.852670] EISA: Cannot allocate resource for mainboard
[    0.852673] Cannot allocate resource for EISA slot 1
[    0.852675] Cannot allocate resource for EISA slot 2
[    0.852678] Cannot allocate resource for EISA slot 3
[    0.852680] Cannot allocate resource for EISA slot 4
[    0.852682] Cannot allocate resource for EISA slot 5
[    0.852685] Cannot allocate resource for EISA slot 6
[    0.852687] Cannot allocate resource for EISA slot 7
[    0.852689] Cannot allocate resource for EISA slot 8
[    0.852692] EISA: Detected 0 cards.
[    0.852701] cpufreq-nforce2: No nForce2 chipset.
[    0.852704] cpuidle: using governor ladder
[    0.852706] cpuidle: using governor menu
[    0.852709] EFI Variables Facility v0.08 2004-May-17
[    0.852734] TCP cubic registered
[    0.852760] NET: Registered protocol family 10
[    0.852835] NET: Registered protocol family 17
[    0.852841] Registering the dns_resolver key type
[    0.852856] Using IPI No-Shortcut mode
[    0.852942] PM: Hibernation image not present or could not be loaded.
[    0.852960] registered taskstats version 1
[    0.983405] input: AT Translated Set 2 keyboard as /devices/platform/i8042/serio0/input/input1
[    1.166736] isapnp: No Plug & Play device found
[    1.171174] Freeing initrd memory: 13836k freed
[    1.171634] ata2.00: ATAPI: VMware Virtual IDE CDROM Drive, 00000001, max UDMA/33
[    1.173791] ata2.00: configured for UDMA/33
[    1.175076]   Magic number: 13:206:977
[    1.195061] rtc_cmos 00:04: setting system clock to 2013-05-27 07:58:52 UTC (1369641532)
[    1.195306] scsi 1:0:0:0: CD-ROM            NECVMWar VMware IDE CDR10 1.00 PQ: 0 ANSI: 5
[    1.195492] BIOS EDD facility v0.16 2004-Jun-25, 0 devices found
[    1.195495] EDD information not available.
[    1.196030] sr0: scsi3-mmc drive: 306x/306x cd/rw xa/form2 cdda tray
[    1.196033] cdrom: Uniform CD-ROM driver Revision: 3.20
[    1.196119] sr 1:0:0:0: Attached scsi CD-ROM sr0
[    1.196239] sr 1:0:0:0: Attached scsi generic sg0 type 5
[    1.196300] Freeing unused kernel memory: 740k freed
[    1.196353] Write protecting the kernel text: 5816k
[    1.196363] Write protecting the kernel read-only data: 2376k
[    1.196364] NX-protecting the kernel data: 4424k
[    1.206886] udevd[85]: starting version 175
[    1.227002] usb 2-1: new full-speed USB device number 2 using uhci_hcd
[    1.227495] VMware vmxnet3 virtual NIC driver - version 1.1.29.0-k-NAPI
[    1.229926] VMware PVSCSI driver - version 1.0.1.0-k
[    1.234330] VMware vmxnet virtual NIC driver
[    1.234382] ACPI: PCI Interrupt Link [LNKD] enabled at IRQ 5
[    1.234387] PCI: setting IRQ 5 as level-triggered
[    1.234396] vmxnet 0000:02:01.0: PCI INT A -> Link[LNKD] -> GSI 5 (level, low) -> IRQ 5
[    1.235052] Found vmxnet/PCI at 0x2024, irq 5.
[    1.236501] features:
[    1.236519] numRxBuffers = 100, numRxBuffers2 = 1
[    1.236571] vmxnet 0000:02:01.0: eth0: set_features() failed (-1); wanted 0x00004000, left 0x00004800
[    1.262324] Fusion MPT base driver 3.04.20
[    1.262327] Copyright (c) 1999-2008 LSI Corporation
[    1.262536] Fusion MPT SPI Host driver 3.04.20
[    1.262588] mptspi 0000:00:10.0: PCI INT A -> Link[LNKB] -> GSI 11 (level, low) -> IRQ 11
[    1.270323] mptbase: ioc0: Initiating bringup
[    1.281900] Floppy drive(s): fd0 is 1.44M
[    1.295100] FDC 0 is a post-1991 82077
[    1.338904] ioc0: LSI53C1030 B0: Capabilities={Initiator}
[    1.359214] input: VMware VMware Virtual USB Mouse as /devices/pci0000:00/0000:00:11.0/0000:02:00.0/usb2/2-1/2-1:1.0/input/input2
[    1.359381] generic-usb 0003:0E0F:0003.0001: input,hidraw0: USB HID v1.10 Mouse [VMware VMware Virtual USB Mouse] on usb-0000:02:00.0-1/input0
[    1.359840] input: VMware VMware Virtual USB Mouse as /devices/pci0000:00/0000:00:11.0/0000:02:00.0/usb2/2-1/2-1:1.1/input/input3
[    1.359994] generic-usb 0003:0E0F:0003.0002: input,hidraw1: USB HID v1.10 Mouse [VMware VMware Virtual USB Mouse] on usb-0000:02:00.0-1/input1
[    1.360007] usbcore: registered new interface driver usbhid
[    1.360008] usbhid: USB HID core driver
[    1.466613] usb 2-2: new full-speed USB device number 3 using uhci_hcd
[    1.498675] scsi2 : ioc0: LSI53C1030 B0, FwRev=01032920h, Ports=1, MaxQ=128, IRQ=11
[    1.596498] hub 2-2:1.0: USB hub found
[    1.598465] hub 2-2:1.0: 7 ports detected
[    1.611525] scsi 2:0:0:0: Direct-Access     VMware,  VMware Virtual S 1.0  PQ: 0 ANSI: 2
[    1.611536] scsi target2:0:0: Beginning Domain Validation
[    1.612315] scsi target2:0:0: Domain Validation skipping write tests
[    1.612319] scsi target2:0:0: Ending Domain Validation
[    1.612390] scsi target2:0:0: FAST-40 WIDE SCSI 80.0 MB/s ST (25 ns, offset 127)
[    1.615025] sd 2:0:0:0: [sda] 41943040 512-byte logical blocks: (21.4 GB/20.0 GiB)
[    1.615102] sd 2:0:0:0: [sda] Write Protect is off
[    1.615106] sd 2:0:0:0: [sda] Mode Sense: 61 00 00 00
[    1.615180] sd 2:0:0:0: [sda] Cache data unavailable
[    1.615184] sd 2:0:0:0: [sda] Assuming drive cache: write through
[    1.615562] sd 2:0:0:0: [sda] Cache data unavailable
[    1.615566] sd 2:0:0:0: [sda] Assuming drive cache: write through
[    1.616379] sd 2:0:0:0: Attached scsi generic sg1 type 0
[    1.617077]  sda: sda1 sda2 < sda5 >
[    1.617538] sd 2:0:0:0: [sda] Cache data unavailable
[    1.617541] sd 2:0:0:0: [sda] Assuming drive cache: write through
[    1.617544] sd 2:0:0:0: [sda] Attached SCSI disk
[    1.662827] EXT4-fs (sda1): mounted filesystem with ordered data mode. Opts: (null)
[    3.061970] ADDRCONF(NETDEV_UP): eth0: link is not ready
[    3.064226] udevd[329]: starting version 175
[    3.100548] Adding 1046524k swap on /dev/sda5.  Priority:-1 extents:1 across:1046524k 
[    3.102148] lp: driver loaded but no devices found
[    3.189327] shpchp: Standard Hot Plug PCI Controller Driver version: 0.4
[    3.197970] piix4_smbus 0000:00:07.3: Host SMBus controller not enabled!
[    3.202937] [375]: VMCI: shared components initialized.
[    3.202956] Probing for vmci/PCI.
[    3.203112] ACPI: PCI Interrupt Link [LNKA] enabled at IRQ 9
[    3.203114] PCI: setting IRQ 9 as level-triggered
[    3.203119] vmci 0000:00:07.7: PCI INT A -> Link[LNKA] -> GSI 9 (level, low) -> IRQ 9
[    3.203176] Found vmci/PCI at 0x1080, irq 9.
[    3.203214] VMCI: using capabilities 0xc.
[    3.203305] [375]: VMCI: Host capability check passed.
[    3.203536] vmci 0000:00:07.7: irq 72 for MSI/MSI-X
[    3.203563] vmci 0000:00:07.7: irq 73 for MSI/MSI-X
[    3.203778] Registered vmci device.
[    3.210363] EXT4-fs (sda1): re-mounted. Opts: errors=remount-ro
[    3.235977] [375]: VMCI: Using guest personality
[    3.235977] [375]: VMCI: host components initialized.
[    3.235978] [375]: VMCI: Module registered (name=vmci,major=10,minor=57).
[    3.235978] [375]: VMCI: Using host personality
[    3.235978] [375]: VMCI: Module (name=vmci) is initialized
[    3.358678] ppdev: user-space parallel port driver
[    3.359419] parport_pc 00:09: reported by Plug and Play ACPI
[    3.360081] parport0: PC-style at 0x378, irq 7 [PCSPP,TRISTATE]
[    3.370925] Bluetooth: Core ver 2.16
[    3.371876] NET: Registered protocol family 31
[    3.371880] Bluetooth: HCI device and connection manager initialized
[    3.371884] Bluetooth: HCI socket layer initialized
[    3.371886] Bluetooth: L2CAP socket layer initialized
[    3.371895] Bluetooth: SCO socket layer initialized
[    3.388356] Bluetooth: BNEP (Ethernet Emulation) ver 1.3
[    3.388359] Bluetooth: BNEP filters: protocol multicast
[    3.403868] Bluetooth: RFCOMM TTY layer initialized
[    3.403874] Bluetooth: RFCOMM socket layer initialized
[    3.403877] Bluetooth: RFCOMM ver 1.11
[    3.455943] lp0: using parport0 (interrupt-driven).
[    3.464330] type=1400 audit(1369641534.771:2): apparmor="STATUS" operation="profile_load" name="/usr/lib/cups/backend/cups-pdf" pid=583 comm="apparmor_parser"
[    3.464438] type=1400 audit(1369641534.771:3): apparmor="STATUS" operation="profile_load" name="/usr/sbin/cupsd" pid=583 comm="apparmor_parser"
[    3.531663] type=1400 audit(1369641534.839:4): apparmor="STATUS" operation="profile_load" name="/sbin/dhclient" pid=604 comm="apparmor_parser"
[    3.531768] type=1400 audit(1369641534.839:5): apparmor="STATUS" operation="profile_load" name="/usr/lib/NetworkManager/nm-dhcp-client.action" pid=604 comm="apparmor_parser"
[    3.531860] type=1400 audit(1369641534.839:6): apparmor="STATUS" operation="profile_load" name="/usr/lib/connman/scripts/dhclient-script" pid=604 comm="apparmor_parser"
[    3.635540] input: ImPS/2 Generic Wheel Mouse as /devices/platform/i8042/serio1/input/input4
[    3.794775] snd_ens1371 0000:02:02.0: PCI INT A -> Link[LNKA] -> GSI 9 (level, low) -> IRQ 9
[    3.822439] init: failsafe main process (672) killed by TERM signal
[    3.931935] type=1400 audit(1369641535.239:7): apparmor="STATUS" operation="profile_load" name="/usr/lib/lightdm/lightdm/lightdm-guest-session-wrapper" pid=799 comm="apparmor_parser"
[    3.933234] type=1400 audit(1369641535.239:8): apparmor="STATUS" operation="profile_replace" name="/sbin/dhclient" pid=801 comm="apparmor_parser"
[    3.933326] type=1400 audit(1369641535.239:9): apparmor="STATUS" operation="profile_replace" name="/usr/lib/NetworkManager/nm-dhcp-client.action" pid=801 comm="apparmor_parser"
[    3.933417] type=1400 audit(1369641535.239:10): apparmor="STATUS" operation="profile_replace" name="/usr/lib/connman/scripts/dhclient-script" pid=801 comm="apparmor_parser"
[    4.126821] init: alsa-restore main process (874) terminated with status 19
