[    0.000000] Initializing cgroup subsys cpuset
[    0.000000] Initializing cgroup subsys cpu
[    0.000000] Linux version 3.2.0-29-generic-pae (buildd@roseapple) (gcc version 4.6.3 (Ubuntu/Linaro 4.6.3-1ubuntu5) ) #46-Ubuntu SMP Fri Jul 27 17:25:43 UTC 2012 (Ubuntu 3.2.0-29.46-generic-pae 3.2.24)
[    0.000000] KERNEL supported cpus:
[    0.000000]   Intel GenuineIntel
[    0.000000]   AMD AuthenticAMD
[    0.000000]   NSC Geode by NSC
[    0.000000]   Cyrix CyrixInstead
[    0.000000]   Centaur CentaurHauls
[    0.000000]   Transmeta GenuineTMx86
[    0.000000]   Transmeta TransmetaCPU
[    0.000000]   UMC UMC UMC UMC
[    0.000000] Disabled fast string operations
[    0.000000] BIOS-provided physical RAM map:
[    0.000000]  BIOS-e820: 0000000000000000 - 000000000009f000 (usable)
[    0.000000]  BIOS-e820: 000000000009f000 - 00000000000a0000 (reserved)
[    0.000000]  BIOS-e820: 00000000000ca000 - 00000000000cc000 (reserved)
[    0.000000]  BIOS-e820: 00000000000dc000 - 0000000000100000 (reserved)
[    0.000000]  BIOS-e820: 0000000000100000 - 000000003fee0000 (usable)
[    0.000000]  BIOS-e820: 000000003fee0000 - 000000003feff000 (ACPI data)
[    0.000000]  BIOS-e820: 000000003feff000 - 000000003ff00000 (ACPI NVS)
[    0.000000]  BIOS-e820: 000000003ff00000 - 0000000040000000 (usable)
[    0.000000]  BIOS-e820: 00000000e0000000 - 00000000f0000000 (reserved)
[    0.000000]  BIOS-e820: 00000000fec00000 - 00000000fec10000 (reserved)
[    0.000000]  BIOS-e820: 00000000fee00000 - 00000000fee01000 (reserved)
[    0.000000]  BIOS-e820: 00000000fffe0000 - 0000000100000000 (reserved)
[    0.000000] NX (Execute Disable) protection: active
[    0.000000] DMI present.
[    0.000000] DMI: VMware, Inc. VMware Virtual Platform/440BX Desktop Reference Platform, BIOS 6.00 07/02/2012
[    0.000000] Hypervisor detected: VMware
[    0.000000] e820 update range: 0000000000000000 - 0000000000010000 (usable) ==> (reserved)
[    0.000000] e820 remove range: 00000000000a0000 - 0000000000100000 (usable)
[    0.000000] last_pfn = 0x40000 max_arch_pfn = 0x1000000
[    0.000000] MTRR default type: uncachable
[    0.000000] MTRR fixed ranges enabled:
[    0.000000]   00000-9FFFF write-back
[    0.000000]   A0000-BFFFF uncachable
[    0.000000]   C0000-CBFFF write-protect
[    0.000000]   CC000-EFFFF uncachable
[    0.000000]   F0000-FFFFF write-protect
[    0.000000] MTRR variable ranges enabled:
[    0.000000]   0 base 0000000000 mask FFC0000000 write-back
[    0.000000]   1 disabled
[    0.000000]   2 disabled
[    0.000000]   3 disabled
[    0.000000]   4 disabled
[    0.000000]   5 disabled
[    0.000000]   6 disabled
[    0.000000]   7 disabled
[    0.000000] x86 PAT enabled: cpu 0, old 0x0, new 0x7010600070106
[    0.000000] found SMP MP-table at [c00f6bf0] f6bf0
[    0.000000] initial memory mapped : 0 - 02000000
[    0.000000] Base memory trampoline at [c009b000] 9b000 size 16384
[    0.000000] init_memory_mapping: 0000000000000000-0000000037bfe000
[    0.000000]  0000000000 - 0000200000 page 4k
[    0.000000]  0000200000 - 0037a00000 page 2M
[    0.000000]  0037a00000 - 0037bfe000 page 4k
[    0.000000] kernel direct mapping tables up to 37bfe000 @ 1ffb000-2000000
[    0.000000] RAMDISK: 364ea000 - 3726d000
[    0.000000] ACPI: RSDP 000f6b80 00024 (v02 PTLTD )
[    0.000000] ACPI: XSDT 3feed636 0005C (v01 INTEL  440BX    06040000 VMW  01324272)
[    0.000000] ACPI: FACP 3fefee98 000F4 (v04 INTEL  440BX    06040000 PTL  000F4240)
[    0.000000] ACPI: DSDT 3feee366 10B32 (v01 PTLTD  Custom   06040000 MSFT 03000001)
[    0.000000] ACPI: FACS 3fefffc0 00040
[    0.000000] ACPI: BOOT 3feee33e 00028 (v01 PTLTD  $SBFTBL$ 06040000  LTP 00000001)
[    0.000000] ACPI: APIC 3feedc3e 003C2 (v01 PTLTD  ? APIC   06040000  LTP 00000000)
[    0.000000] ACPI: MCFG 3feedc02 0003C (v01 PTLTD  $PCITBL$ 06040000  LTP 00000001)
[    0.000000] ACPI: SRAT 3feed732 004D0 (v02 VMWARE MEMPLUG  06040000 VMW  00000001)
[    0.000000] ACPI: HPET 3feed6fa 00038 (v01 VMWARE VMW HPET 06040000 VMW  00000001)
[    0.000000] ACPI: WAET 3feed6d2 00028 (v01 VMWARE VMW WAET 06040000 VMW  00000001)
[    0.000000] ACPI: Local APIC address 0xfee00000
[    0.000000] 132MB HIGHMEM available.
[    0.000000] 891MB LOWMEM available.
[    0.000000]   mapped low ram: 0 - 37bfe000
[    0.000000]   low ram: 0 - 37bfe000
[    0.000000] Zone PFN ranges:
[    0.000000]   DMA      0x00000010 -> 0x00001000
[    0.000000]   Normal   0x00001000 -> 0x00037bfe
[    0.000000]   HighMem  0x00037bfe -> 0x00040000
[    0.000000] Movable zone start PFN for each node
[    0.000000] early_node_map[3] active PFN ranges
[    0.000000]     0: 0x00000010 -> 0x0000009f
[    0.000000]     0: 0x00000100 -> 0x0003fee0
[    0.000000]     0: 0x0003ff00 -> 0x00040000
[    0.000000] On node 0 totalpages: 261999
[    0.000000] free_area_init_node: node 0, pgdat c1866a40, node_mem_map f73fd200
[    0.000000]   DMA zone: 32 pages used for memmap
[    0.000000]   DMA zone: 0 pages reserved
[    0.000000]   DMA zone: 3951 pages, LIFO batch:0
[    0.000000]   Normal zone: 1752 pages used for memmap
[    0.000000]   Normal zone: 222502 pages, LIFO batch:31
[    0.000000]   HighMem zone: 265 pages used for memmap
[    0.000000]   HighMem zone: 33497 pages, LIFO batch:7
[    0.000000] Using APIC driver default
[    0.000000] ACPI: PM-Timer IO Port: 0x1008
[    0.000000] ACPI: Local APIC address 0xfee00000
[    0.000000] ACPI: LAPIC (acpi_id[0x00] lapic_id[0x00] enabled)
[    0.000000] ACPI: LAPIC (acpi_id[0x01] lapic_id[0x02] disabled)
[    0.000000] ACPI: LAPIC (acpi_id[0x02] lapic_id[0x04] disabled)
[    0.000000] ACPI: LAPIC (acpi_id[0x03] lapic_id[0x06] disabled)
[    0.000000] ACPI: LAPIC (acpi_id[0x04] lapic_id[0x08] disabled)
[    0.000000] ACPI: LAPIC (acpi_id[0x05] lapic_id[0x0a] disabled)
[    0.000000] ACPI: LAPIC (acpi_id[0x06] lapic_id[0x0c] disabled)
[    0.000000] ACPI: LAPIC (acpi_id[0x07] lapic_id[0x0e] disabled)
[    0.000000] ACPI: LAPIC (acpi_id[0x08] lapic_id[0x10] disabled)
[    0.000000] ACPI: LAPIC (acpi_id[0x09] lapic_id[0x12] disabled)
[    0.000000] ACPI: LAPIC (acpi_id[0x0a] lapic_id[0x14] disabled)
[    0.000000] ACPI: LAPIC (acpi_id[0x0b] lapic_id[0x16] disabled)
[    0.000000] ACPI: LAPIC (acpi_id[0x0c] lapic_id[0x18] disabled)
[    0.000000] ACPI: LAPIC (acpi_id[0x0d] lapic_id[0x1a] disabled)
[    0.000000] ACPI: LAPIC (acpi_id[0x0e] lapic_id[0x1c] disabled)
[    0.000000] ACPI: LAPIC (acpi_id[0x0f] lapic_id[0x1e] disabled)
[    0.000000] ACPI: LAPIC (acpi_id[0x10] lapic_id[0x20] disabled)
[    0.000000] ACPI: LAPIC (acpi_id[0x11] lapic_id[0x22] disabled)
[    0.000000] ACPI: LAPIC (acpi_id[0x12] lapic_id[0x24] disabled)
[    0.000000] ACPI: LAPIC (acpi_id[0x13] lapic_id[0x26] disabled)
[    0.000000] ACPI: LAPIC (acpi_id[0x14] lapic_id[0x28] disabled)
[    0.000000] ACPI: LAPIC (acpi_id[0x15] lapic_id[0x2a] disabled)
[    0.000000] ACPI: LAPIC (acpi_id[0x16] lapic_id[0x2c] disabled)
[    0.000000] ACPI: LAPIC (acpi_id[0x17] lapic_id[0x2e] disabled)
[    0.000000] ACPI: LAPIC (acpi_id[0x18] lapic_id[0x30] disabled)
[    0.000000] ACPI: LAPIC (acpi_id[0x19] lapic_id[0x32] disabled)
[    0.000000] ACPI: LAPIC (acpi_id[0x1a] lapic_id[0x34] disabled)
[    0.000000] ACPI: LAPIC (acpi_id[0x1b] lapic_id[0x36] disabled)
[    0.000000] ACPI: LAPIC (acpi_id[0x1c] lapic_id[0x38] disabled)
[    0.000000] ACPI: LAPIC (acpi_id[0x1d] lapic_id[0x3a] disabled)
[    0.000000] ACPI: LAPIC (acpi_id[0x1e] lapic_id[0x3c] disabled)
[    0.000000] ACPI: LAPIC (acpi_id[0x1f] lapic_id[0x3e] disabled)
[    0.000000] ACPI: LAPIC (acpi_id[0x20] lapic_id[0x40] disabled)
[    0.000000] ACPI: LAPIC (acpi_id[0x21] lapic_id[0x42] disabled)
[    0.000000] ACPI: LAPIC (acpi_id[0x22] lapic_id[0x44] disabled)
[    0.000000] ACPI: LAPIC (acpi_id[0x23] lapic_id[0x46] disabled)
[    0.000000] ACPI: LAPIC (acpi_id[0x24] lapic_id[0x48] disabled)
[    0.000000] ACPI: LAPIC (acpi_id[0x25] lapic_id[0x4a] disabled)
[    0.000000] ACPI: LAPIC (acpi_id[0x26] lapic_id[0x4c] disabled)
[    0.000000] ACPI: LAPIC (acpi_id[0x27] lapic_id[0x4e] disabled)
[    0.000000] ACPI: LAPIC (acpi_id[0x28] lapic_id[0x50] disabled)
[    0.000000] ACPI: LAPIC (acpi_id[0x29] lapic_id[0x52] disabled)
[    0.000000] ACPI: LAPIC (acpi_id[0x2a] lapic_id[0x54] disabled)
[    0.000000] ACPI: LAPIC (acpi_id[0x2b] lapic_id[0x56] disabled)
[    0.000000] ACPI: LAPIC (acpi_id[0x2c] lapic_id[0x58] disabled)
[    0.000000] ACPI: LAPIC (acpi_id[0x2d] lapic_id[0x5a] disabled)
[    0.000000] ACPI: LAPIC (acpi_id[0x2e] lapic_id[0x5c] disabled)
[    0.000000] ACPI: LAPIC (acpi_id[0x2f] lapic_id[0x5e] disabled)
[    0.000000] ACPI: LAPIC (acpi_id[0x30] lapic_id[0x60] disabled)
[    0.000000] ACPI: LAPIC (acpi_id[0x31] lapic_id[0x62] disabled)
[    0.000000] ACPI: LAPIC (acpi_id[0x32] lapic_id[0x64] disabled)
[    0.000000] ACPI: LAPIC (acpi_id[0x33] lapic_id[0x66] disabled)
[    0.000000] ACPI: LAPIC (acpi_id[0x34] lapic_id[0x68] disabled)
[    0.000000] ACPI: LAPIC (acpi_id[0x35] lapic_id[0x6a] disabled)
[    0.000000] ACPI: LAPIC (acpi_id[0x36] lapic_id[0x6c] disabled)
[    0.000000] ACPI: LAPIC (acpi_id[0x37] lapic_id[0x6e] disabled)
[    0.000000] ACPI: LAPIC (acpi_id[0x38] lapic_id[0x70] disabled)
[    0.000000] ACPI: LAPIC (acpi_id[0x39] lapic_id[0x72] disabled)
[    0.000000] ACPI: LAPIC (acpi_id[0x3a] lapic_id[0x74] disabled)
[    0.000000] ACPI: LAPIC (acpi_id[0x3b] lapic_id[0x76] disabled)
[    0.000000] ACPI: LAPIC (acpi_id[0x3c] lapic_id[0x78] disabled)
[    0.000000] ACPI: LAPIC (acpi_id[0x3d] lapic_id[0x7a] disabled)
[    0.000000] ACPI: LAPIC (acpi_id[0x3e] lapic_id[0x7c] disabled)
[    0.000000] ACPI: LAPIC (acpi_id[0x3f] lapic_id[0x7e] disabled)
[    0.000000] ACPI: LAPIC_NMI (acpi_id[0x00] high edge lint[0x1])
[    0.000000] ACPI: LAPIC_NMI (acpi_id[0x01] high edge lint[0x1])
[    0.000000] ACPI: LAPIC_NMI (acpi_id[0x02] high edge lint[0x1])
[    0.000000] ACPI: LAPIC_NMI (acpi_id[0x03] high edge lint[0x1])
[    0.000000] ACPI: LAPIC_NMI (acpi_id[0x04] high edge lint[0x1])
[    0.000000] ACPI: LAPIC_NMI (acpi_id[0x05] high edge lint[0x1])
[    0.000000] ACPI: LAPIC_NMI (acpi_id[0x06] high edge lint[0x1])
[    0.000000] ACPI: LAPIC_NMI (acpi_id[0x07] high edge lint[0x1])
[    0.000000] ACPI: LAPIC_NMI (acpi_id[0x08] high edge lint[0x1])
[    0.000000] ACPI: LAPIC_NMI (acpi_id[0x09] high edge lint[0x1])
[    0.000000] ACPI: LAPIC_NMI (acpi_id[0x0a] high edge lint[0x1])
[    0.000000] ACPI: LAPIC_NMI (acpi_id[0x0b] high edge lint[0x1])
[    0.000000] ACPI: LAPIC_NMI (acpi_id[0x0c] high edge lint[0x1])
[    0.000000] ACPI: LAPIC_NMI (acpi_id[0x0d] high edge lint[0x1])
[    0.000000] ACPI: LAPIC_NMI (acpi_id[0x0e] high edge lint[0x1])
[    0.000000] ACPI: LAPIC_NMI (acpi_id[0x0f] high edge lint[0x1])
[    0.000000] ACPI: LAPIC_NMI (acpi_id[0x10] high edge lint[0x1])
[    0.000000] ACPI: LAPIC_NMI (acpi_id[0x11] high edge lint[0x1])
[    0.000000] ACPI: LAPIC_NMI (acpi_id[0x12] high edge lint[0x1])
[    0.000000] ACPI: LAPIC_NMI (acpi_id[0x13] high edge lint[0x1])
[    0.000000] ACPI: LAPIC_NMI (acpi_id[0x14] high edge lint[0x1])
[    0.000000] ACPI: LAPIC_NMI (acpi_id[0x15] high edge lint[0x1])
[    0.000000] ACPI: LAPIC_NMI (acpi_id[0x16] high edge lint[0x1])
[    0.000000] ACPI: LAPIC_NMI (acpi_id[0x17] high edge lint[0x1])
[    0.000000] ACPI: LAPIC_NMI (acpi_id[0x18] high edge lint[0x1])
[    0.000000] ACPI: LAPIC_NMI (acpi_id[0x19] high edge lint[0x1])
[    0.000000] ACPI: LAPIC_NMI (acpi_id[0x1a] high edge lint[0x1])
[    0.000000] ACPI: LAPIC_NMI (acpi_id[0x1b] high edge lint[0x1])
[    0.000000] ACPI: LAPIC_NMI (acpi_id[0x1c] high edge lint[0x1])
[    0.000000] ACPI: LAPIC_NMI (acpi_id[0x1d] high edge lint[0x1])
[    0.000000] ACPI: LAPIC_NMI (acpi_id[0x1e] high edge lint[0x1])
[    0.000000] ACPI: LAPIC_NMI (acpi_id[0x1f] high edge lint[0x1])
[    0.000000] ACPI: LAPIC_NMI (acpi_id[0x20] high edge lint[0x1])
[    0.000000] ACPI: LAPIC_NMI (acpi_id[0x21] high edge lint[0x1])
[    0.000000] ACPI: LAPIC_NMI (acpi_id[0x22] high edge lint[0x1])
[    0.000000] ACPI: LAPIC_NMI (acpi_id[0x23] high edge lint[0x1])
[    0.000000] ACPI: LAPIC_NMI (acpi_id[0x24] high edge lint[0x1])
[    0.000000] ACPI: LAPIC_NMI (acpi_id[0x25] high edge lint[0x1])
[    0.000000] ACPI: LAPIC_NMI (acpi_id[0x26] high edge lint[0x1])
[    0.000000] ACPI: LAPIC_NMI (acpi_id[0x27] high edge lint[0x1])
[    0.000000] ACPI: LAPIC_NMI (acpi_id[0x28] high edge lint[0x1])
[    0.000000] ACPI: LAPIC_NMI (acpi_id[0x29] high edge lint[0x1])
[    0.000000] ACPI: LAPIC_NMI (acpi_id[0x2a] high edge lint[0x1])
[    0.000000] ACPI: LAPIC_NMI (acpi_id[0x2b] high edge lint[0x1])
[    0.000000] ACPI: LAPIC_NMI (acpi_id[0x2c] high edge lint[0x1])
[    0.000000] ACPI: LAPIC_NMI (acpi_id[0x2d] high edge lint[0x1])
[    0.000000] ACPI: LAPIC_NMI (acpi_id[0x2e] high edge lint[0x1])
[    0.000000] ACPI: LAPIC_NMI (acpi_id[0x2f] high edge lint[0x1])
[    0.000000] ACPI: LAPIC_NMI (acpi_id[0x30] high edge lint[0x1])
[    0.000000] ACPI: LAPIC_NMI (acpi_id[0x31] high edge lint[0x1])
[    0.000000] ACPI: LAPIC_NMI (acpi_id[0x32] high edge lint[0x1])
[    0.000000] ACPI: LAPIC_NMI (acpi_id[0x33] high edge lint[0x1])
[    0.000000] ACPI: LAPIC_NMI (acpi_id[0x34] high edge lint[0x1])
[    0.000000] ACPI: LAPIC_NMI (acpi_id[0x35] high edge lint[0x1])
[    0.000000] ACPI: LAPIC_NMI (acpi_id[0x36] high edge lint[0x1])
[    0.000000] ACPI: LAPIC_NMI (acpi_id[0x37] high edge lint[0x1])
[    0.000000] ACPI: LAPIC_NMI (acpi_id[0x38] high edge lint[0x1])
[    0.000000] ACPI: LAPIC_NMI (acpi_id[0x39] high edge lint[0x1])
[    0.000000] ACPI: LAPIC_NMI (acpi_id[0x3a] high edge lint[0x1])
[    0.000000] ACPI: LAPIC_NMI (acpi_id[0x3b] high edge lint[0x1])
[    0.000000] ACPI: LAPIC_NMI (acpi_id[0x3c] high edge lint[0x1])
[    0.000000] ACPI: LAPIC_NMI (acpi_id[0x3d] high edge lint[0x1])
[    0.000000] ACPI: LAPIC_NMI (acpi_id[0x3e] high edge lint[0x1])
[    0.000000] ACPI: LAPIC_NMI (acpi_id[0x3f] high edge lint[0x1])
[    0.000000] ACPI: Skipping IOAPIC probe due to 'noapic' option.
[    0.000000] Using ACPI for processor (LAPIC) configuration information
[    0.000000] ACPI: HPET id: 0x8086af01 base: 0xfed00000
[    0.000000] Intel MultiProcessor Specification v1.4
[    0.000000]     Virtual Wire compatibility mode.
[    0.000000] MPTABLE: OEM ID: INTEL   
[    0.000000] MPTABLE: Product ID: 440BX       
[    0.000000] MPTABLE: APIC at: 0xFEE00000
[    0.000000] IOAPIC[0]: apic_id 1, version 17, address 0xfec00000, GSI 0-23
[    0.000000] Processors: 1
[    0.000000] SMP: Allowing 1 CPUs, 0 hotplug CPUs
[    0.000000] nr_irqs_gsi: 40
[    0.000000] PM: Registered nosave memory: 000000000009f000 - 00000000000a0000
[    0.000000] PM: Registered nosave memory: 00000000000a0000 - 00000000000ca000
[    0.000000] PM: Registered nosave memory: 00000000000ca000 - 00000000000cc000
[    0.000000] PM: Registered nosave memory: 00000000000cc000 - 00000000000dc000
[    0.000000] PM: Registered nosave memory: 00000000000dc000 - 0000000000100000
[    0.000000] Allocating PCI resources starting at 40000000 (gap: 40000000:a0000000)
[    0.000000] Booting paravirtualized kernel on bare hardware
[    0.000000] setup_percpu: NR_CPUS:8 nr_cpumask_bits:8 nr_cpu_ids:1 nr_node_ids:1
[    0.000000] PERCPU: Embedded 14 pages/cpu @f73e8000 s34240 r0 d23104 u57344
[    0.000000] pcpu-alloc: s34240 r0 d23104 u57344 alloc=14*4096
[    0.000000] pcpu-alloc: [0] 0 
[    0.000000] Built 1 zonelists in Zone order, mobility grouping on.  Total pages: 259950
[    0.000000] Kernel command line: BOOT_IMAGE=/boot/vmlinuz-3.2.0-29-generic-pae root=UUID=007b598c-390d-4c65-84a1-4ff752d48633 ro quiet splash maxcpus=0
[    0.000000] PID hash table entries: 4096 (order: 2, 16384 bytes)
[    0.000000] Dentry cache hash table entries: 131072 (order: 7, 524288 bytes)
[    0.000000] Inode-cache hash table entries: 65536 (order: 6, 262144 bytes)
[    0.000000] Initializing CPU#0
[    0.000000] xsave/xrstor: enabled xstate_bv 0x7, cntxt size 0x340
[    0.000000] allocated 4194048 bytes of page_cgroup
[    0.000000] please try 'cgroup_disable=memory' option if you don't want memory cgroups
[    0.000000] Initializing HighMem for node 0 (00037bfe:00040000)
[    0.000000] Memory: 1010624k/1048576k available (5814k kernel code, 37372k reserved, 2841k data, 740k init, 135048k highmem)
[    0.000000] virtual kernel memory layout:
[    0.000000]     fixmap  : 0xfff16000 - 0xfffff000   ( 932 kB)
[    0.000000]     pkmap   : 0xffc00000 - 0xffe00000   (2048 kB)
[    0.000000]     vmalloc : 0xf83fe000 - 0xffbfe000   ( 120 MB)
[    0.000000]     lowmem  : 0xc0000000 - 0xf7bfe000   ( 891 MB)
[    0.000000]       .init : 0xc1875000 - 0xc192e000   ( 740 kB)
[    0.000000]       .data : 0xc15adb64 - 0xc1874240   (2841 kB)
[    0.000000]       .text : 0xc1000000 - 0xc15adb64   (5814 kB)
[    0.000000] Checking if this processor honours the WP bit even in supervisor mode...Ok.
[    0.000000] SLUB: Genslabs=15, HWalign=64, Order=0-3, MinObjects=0, CPUs=1, Nodes=1
[    0.000000] Hierarchical RCU implementation.
[    0.000000] 	RCU dyntick-idle grace-period acceleration is enabled.
[    0.000000] NR_IRQS:2304 nr_irqs:256 16
[    0.000000] CPU 0 irqstacks, hard=f5c08000 soft=f5c0a000
[    0.000000] Extended CMOS year: 2000
[    0.000000] Console: colour VGA+ 80x25
[    0.000000] console [tty0] enabled
[    0.000000] hpet clockevent registered
[    0.000000] TSC freq read from hypervisor : 2394.620 MHz
[    0.000000] Detected 2394.620 MHz processor.
[    0.000001] Calibrating delay loop (skipped) preset value.. 4789.24 BogoMIPS (lpj=9578480)
[    0.000004] pid_max: default: 32768 minimum: 301
[    0.000019] Security Framework initialized
[    0.000033] AppArmor: AppArmor initialized
[    0.000035] Yama: becoming mindful.
[    0.000070] Mount-cache hash table entries: 512
[    0.000149] Initializing cgroup subsys cpuacct
[    0.000153] Initializing cgroup subsys memory
[    0.000157] Initializing cgroup subsys devices
[    0.000158] Initializing cgroup subsys freezer
[    0.000160] Initializing cgroup subsys blkio
[    0.000164] Initializing cgroup subsys perf_event
[    0.000208] Disabled fast string operations
[    0.000211] CPU: Physical Processor ID: 0
[    0.000220] ENERGY_PERF_BIAS: Set to 'normal', was 'performance'
[    0.000221] ENERGY_PERF_BIAS: View and update with x86_energy_perf_policy(8)
[    0.000871] mce: CPU supports 0 MCE banks
[    0.001607] SMP alternatives: switching to UP code
[    0.020367] Freeing SMP alternatives: 24k freed
[    0.020372] ACPI: Core revision 20110623
[    0.026674] ACPI: setting ELCR to 0200 (from 0e20)
[    0.028430] ftrace: allocating 26545 entries in 52 pages
[    0.048731] SMP mode deactivated.
[    0.048760] SMP disabled
[    0.048762] Performance Events: generic architected perfmon v1, core PMU driver.
[    0.048773] ... version:                1
[    0.048774] ... bit width:              48
[    0.048775] ... generic registers:      4
[    0.048776] ... value mask:             0000ffffffffffff
[    0.048777] ... max period:             000000007fffffff
[    0.048778] ... fixed-purpose events:   0
[    0.048779] ... event mask:             000000000000000f
[    0.048869] NMI watchdog enabled, takes one hw-pmu counter.
[    0.048888] Brought up 1 CPUs
[    0.048890] Total of 1 processors activated (4789.24 BogoMIPS).
[    0.048996] devtmpfs: initialized
[    0.049065] EVM: security.selinux
[    0.049066] EVM: security.SMACK64
[    0.049067] EVM: security.capability
[    0.049092] PM: Registering ACPI NVS region at 3feff000 (4096 bytes)
[    0.049812] print_constraints: dummy: 
[    0.049887] RTC time: 11:43:02, date: 05/27/13
[    0.049915] NET: Registered protocol family 16
[    0.049987] EISA bus registered
[    0.049998] ACPI: bus type pci registered
[    0.050140] PCI: MMCONFIG for domain 0000 [bus 00-ff] at [mem 0xe0000000-0xefffffff] (base 0xe0000000)
[    0.050143] PCI: MMCONFIG at [mem 0xe0000000-0xefffffff] reserved in E820
[    0.050144] PCI: Using MMCONFIG for extended config space
[    0.050145] PCI: Using configuration type 1 for base access
[    0.050822] bio: create slab <bio-0> at 0
[    0.050886] ACPI: Added _OSI(Module Device)
[    0.050887] ACPI: Added _OSI(Processor Device)
[    0.050888] ACPI: Added _OSI(3.0 _SCP Extensions)
[    0.050889] ACPI: Added _OSI(Processor Aggregator Device)
[    0.052813] ACPI: EC: Look up EC in DSDT
[    0.057299] [Firmware Bug]: ACPI: BIOS _OSI(Linux) query ignored
[    0.065236] ACPI: Interpreter enabled
[    0.065245] ACPI: (supports S0 S1 S4 S5)
[    0.065255] ACPI: Using PIC for interrupt routing
[    0.110264] ACPI: No dock devices found.
[    0.110266] HEST: Table not found.
[    0.110271] PCI: Using host bridge windows from ACPI; if necessary, use "pci=nocrs" and report a bug
[    0.110981] ACPI: PCI Root Bridge [PCI0] (domain 0000 [bus 00-ff])
[    0.112207] pci_root PNP0A03:00: host bridge window [mem 0x000a0000-0x000bffff]
[    0.112209] pci_root PNP0A03:00: host bridge window [mem 0x000cc000-0x000cffff]
[    0.112211] pci_root PNP0A03:00: host bridge window [mem 0x000d0000-0x000d3fff]
[    0.112212] pci_root PNP0A03:00: host bridge window [mem 0x000d4000-0x000d7fff]
[    0.112214] pci_root PNP0A03:00: host bridge window [mem 0x000d8000-0x000dbfff]
[    0.112216] pci_root PNP0A03:00: host bridge window [mem 0xc0000000-0xfebfffff]
[    0.112218] pci_root PNP0A03:00: host bridge window [io  0x0000-0x0cf7]
[    0.112219] pci_root PNP0A03:00: host bridge window [io  0x0d00-0xfeff]
[    0.112272] pci 0000:00:00.0: [8086:7190] type 0 class 0x000600
[    0.112725] pci 0000:00:01.0: [8086:7191] type 1 class 0x000604
[    0.113155] pci 0000:00:07.0: [8086:7110] type 0 class 0x000601
[    0.113824] pci 0000:00:07.1: [8086:7111] type 0 class 0x000101
[    0.115370] pci 0000:00:07.1: reg 20: [io  0x10c0-0x10cf]
[    0.116133] pci 0000:00:07.3: [8086:7113] type 0 class 0x000680
[    0.117806] pci 0000:00:07.3: quirk: [io  0x1000-0x103f] claimed by PIIX4 ACPI
[    0.117820] pci 0000:00:07.3: quirk: [io  0x1040-0x104f] claimed by PIIX4 SMB
[    0.118065] pci 0000:00:07.7: [15ad:0740] type 0 class 0x000880
[    0.118562] pci 0000:00:07.7: reg 10: [io  0x1080-0x10bf]
[    0.119183] pci 0000:00:07.7: reg 14: [mem 0xc8000000-0xc8001fff 64bit]
[    0.121585] pci 0000:00:0f.0: [15ad:0405] type 0 class 0x000300
[    0.124543] pci 0000:00:0f.0: reg 10: [io  0x10d0-0x10df]
[    0.127163] pci 0000:00:0f.0: reg 14: [mem 0xd0000000-0xd7ffffff pref]
[    0.129679] pci 0000:00:0f.0: reg 18: [mem 0xc8800000-0xc8ffffff]
[    0.140240] pci 0000:00:0f.0: reg 30: [mem 0x00000000-0x00007fff pref]
[    0.140678] pci 0000:00:10.0: [1000:0030] type 0 class 0x000100
[    0.141498] pci 0000:00:10.0: reg 10: [io  0x1400-0x14ff]
[    0.142529] pci 0000:00:10.0: reg 14: [mem 0xc8040000-0xc805ffff 64bit]
[    0.143453] pci 0000:00:10.0: reg 1c: [mem 0xc8020000-0xc803ffff 64bit]
[    0.144664] pci 0000:00:10.0: reg 30: [mem 0x00000000-0x00003fff pref]
[    0.144832] pci 0000:00:11.0: [15ad:0790] type 1 class 0x000604
[    0.145741] pci 0000:00:15.0: [15ad:07a0] type 1 class 0x000604
[    0.146682] pci 0000:00:15.0: PME# supported from D0 D3hot D3cold
[    0.146712] pci 0000:00:15.0: PME# disabled
[    0.147004] pci 0000:00:15.1: [15ad:07a0] type 1 class 0x000604
[    0.147908] pci 0000:00:15.1: PME# supported from D0 D3hot D3cold
[    0.147937] pci 0000:00:15.1: PME# disabled
[    0.148207] pci 0000:00:15.2: [15ad:07a0] type 1 class 0x000604
[    0.149065] pci 0000:00:15.2: PME# supported from D0 D3hot D3cold
[    0.149093] pci 0000:00:15.2: PME# disabled
[    0.149358] pci 0000:00:15.3: [15ad:07a0] type 1 class 0x000604
[    0.150212] pci 0000:00:15.3: PME# supported from D0 D3hot D3cold
[    0.150239] pci 0000:00:15.3: PME# disabled
[    0.150512] pci 0000:00:15.4: [15ad:07a0] type 1 class 0x000604
[    0.151432] pci 0000:00:15.4: PME# supported from D0 D3hot D3cold
[    0.151459] pci 0000:00:15.4: PME# disabled
[    0.151733] pci 0000:00:15.5: [15ad:07a0] type 1 class 0x000604
[    0.152604] pci 0000:00:15.5: PME# supported from D0 D3hot D3cold
[    0.152631] pci 0000:00:15.5: PME# disabled
[    0.152913] pci 0000:00:15.6: [15ad:07a0] type 1 class 0x000604
[    0.153887] pci 0000:00:15.6: PME# supported from D0 D3hot D3cold
[    0.153917] pci 0000:00:15.6: PME# disabled
[    0.154225] pci 0000:00:15.7: [15ad:07a0] type 1 class 0x000604
[    0.155236] pci 0000:00:15.7: PME# supported from D0 D3hot D3cold
[    0.155269] pci 0000:00:15.7: PME# disabled
[    0.155597] pci 0000:00:16.0: [15ad:07a0] type 1 class 0x000604
[    0.156676] pci 0000:00:16.0: PME# supported from D0 D3hot D3cold
[    0.156710] pci 0000:00:16.0: PME# disabled
[    0.157056] pci 0000:00:16.1: [15ad:07a0] type 1 class 0x000604
[    0.158039] pci 0000:00:16.1: PME# supported from D0 D3hot D3cold
[    0.158068] pci 0000:00:16.1: PME# disabled
[    0.158355] pci 0000:00:16.2: [15ad:07a0] type 1 class 0x000604
[    0.159263] pci 0000:00:16.2: PME# supported from D0 D3hot D3cold
[    0.159292] pci 0000:00:16.2: PME# disabled
[    0.159577] pci 0000:00:16.3: [15ad:07a0] type 1 class 0x000604
[    0.160678] pci 0000:00:16.3: PME# supported from D0 D3hot D3cold
[    0.160710] pci 0000:00:16.3: PME# disabled
[    0.161033] pci 0000:00:16.4: [15ad:07a0] type 1 class 0x000604
[    0.162029] pci 0000:00:16.4: PME# supported from D0 D3hot D3cold
[    0.162061] pci 0000:00:16.4: PME# disabled
[    0.162387] pci 0000:00:16.5: [15ad:07a0] type 1 class 0x000604
[    0.163376] pci 0000:00:16.5: PME# supported from D0 D3hot D3cold
[    0.163407] pci 0000:00:16.5: PME# disabled
[    0.163716] pci 0000:00:16.6: [15ad:07a0] type 1 class 0x000604
[    0.164596] pci 0000:00:16.6: PME# supported from D0 D3hot D3cold
[    0.164620] pci 0000:00:16.6: PME# disabled
[    0.164882] pci 0000:00:16.7: [15ad:07a0] type 1 class 0x000604
[    0.165762] pci 0000:00:16.7: PME# supported from D0 D3hot D3cold
[    0.165790] pci 0000:00:16.7: PME# disabled
[    0.166069] pci 0000:00:17.0: [15ad:07a0] type 1 class 0x000604
[    0.166917] pci 0000:00:17.0: PME# supported from D0 D3hot D3cold
[    0.166946] pci 0000:00:17.0: PME# disabled
[    0.167215] pci 0000:00:17.1: [15ad:07a0] type 1 class 0x000604
[    0.168088] pci 0000:00:17.1: PME# supported from D0 D3hot D3cold
[    0.168113] pci 0000:00:17.1: PME# disabled
[    0.168381] pci 0000:00:17.2: [15ad:07a0] type 1 class 0x000604
[    0.169216] pci 0000:00:17.2: PME# supported from D0 D3hot D3cold
[    0.169243] pci 0000:00:17.2: PME# disabled
[    0.169510] pci 0000:00:17.3: [15ad:07a0] type 1 class 0x000604
[    0.170381] pci 0000:00:17.3: PME# supported from D0 D3hot D3cold
[    0.170406] pci 0000:00:17.3: PME# disabled
[    0.170672] pci 0000:00:17.4: [15ad:07a0] type 1 class 0x000604
[    0.171524] pci 0000:00:17.4: PME# supported from D0 D3hot D3cold
[    0.171553] pci 0000:00:17.4: PME# disabled
[    0.171851] pci 0000:00:17.5: [15ad:07a0] type 1 class 0x000604
[    0.172718] pci 0000:00:17.5: PME# supported from D0 D3hot D3cold
[    0.172742] pci 0000:00:17.5: PME# disabled
[    0.173016] pci 0000:00:17.6: [15ad:07a0] type 1 class 0x000604
[    0.173950] pci 0000:00:17.6: PME# supported from D0 D3hot D3cold
[    0.173979] pci 0000:00:17.6: PME# disabled
[    0.174270] pci 0000:00:17.7: [15ad:07a0] type 1 class 0x000604
[    0.175200] pci 0000:00:17.7: PME# supported from D0 D3hot D3cold
[    0.175229] pci 0000:00:17.7: PME# disabled
[    0.175503] pci 0000:00:18.0: [15ad:07a0] type 1 class 0x000604
[    0.176392] pci 0000:00:18.0: PME# supported from D0 D3hot D3cold
[    0.176416] pci 0000:00:18.0: PME# disabled
[    0.176678] pci 0000:00:18.1: [15ad:07a0] type 1 class 0x000604
[    0.177547] pci 0000:00:18.1: PME# supported from D0 D3hot D3cold
[    0.177574] pci 0000:00:18.1: PME# disabled
[    0.177845] pci 0000:00:18.2: [15ad:07a0] type 1 class 0x000604
[    0.178708] pci 0000:00:18.2: PME# supported from D0 D3hot D3cold
[    0.178737] pci 0000:00:18.2: PME# disabled
[    0.179086] pci 0000:00:18.3: [15ad:07a0] type 1 class 0x000604
[    0.180006] pci 0000:00:18.3: PME# supported from D0 D3hot D3cold
[    0.180042] pci 0000:00:18.3: PME# disabled
[    0.180390] pci 0000:00:18.4: [15ad:07a0] type 1 class 0x000604
[    0.181253] pci 0000:00:18.4: PME# supported from D0 D3hot D3cold
[    0.181284] pci 0000:00:18.4: PME# disabled
[    0.181558] pci 0000:00:18.5: [15ad:07a0] type 1 class 0x000604
[    0.182415] pci 0000:00:18.5: PME# supported from D0 D3hot D3cold
[    0.182439] pci 0000:00:18.5: PME# disabled
[    0.182709] pci 0000:00:18.6: [15ad:07a0] type 1 class 0x000604
[    0.183579] pci 0000:00:18.6: PME# supported from D0 D3hot D3cold
[    0.183609] pci 0000:00:18.6: PME# disabled
[    0.183895] pci 0000:00:18.7: [15ad:07a0] type 1 class 0x000604
[    0.184834] pci 0000:00:18.7: PME# supported from D0 D3hot D3cold
[    0.184863] pci 0000:00:18.7: PME# disabled
[    0.185617] pci 0000:00:01.0: PCI bridge to [bus 01-01]
[    0.186012] pci 0000:02:00.0: [15ad:0774] type 0 class 0x000c03
[    0.188057] pci 0000:02:00.0: reg 20: [io  0x20c0-0x20df]
[    0.188978] pci 0000:02:01.0: [1022:2000] type 0 class 0x000200
[    0.189387] pci 0000:02:01.0: reg 10: [io  0x2000-0x207f]
[    0.191612] pci 0000:02:01.0: reg 30: [mem 0x00000000-0x0000ffff pref]
[    0.191790] pci 0000:02:02.0: [1274:1371] type 0 class 0x000401
[    0.192283] pci 0000:02:02.0: reg 10: [io  0x2080-0x20bf]
[    0.194638] pci 0000:02:03.0: [15ad:0770] type 0 class 0x000c03
[    0.194970] pci 0000:02:03.0: reg 10: [mem 0xc9000000-0xc9000fff]
[    0.197423] pci 0000:00:11.0: PCI bridge to [bus 02-02] (subtractive decode)
[    0.197453] pci 0000:00:11.0:   bridge window [io  0x2000-0x3fff]
[    0.197481] pci 0000:00:11.0:   bridge window [mem 0xc9000000-0xca3fffff]
[    0.197534] pci 0000:00:11.0:   bridge window [mem 0xd8400000-0xd89fffff 64bit pref]
[    0.197537] pci 0000:00:11.0:   bridge window [mem 0x000a0000-0x000bffff] (subtractive decode)
[    0.197539] pci 0000:00:11.0:   bridge window [mem 0x000cc000-0x000cffff] (subtractive decode)
[    0.197542] pci 0000:00:11.0:   bridge window [mem 0x000d0000-0x000d3fff] (subtractive decode)
[    0.197544] pci 0000:00:11.0:   bridge window [mem 0x000d4000-0x000d7fff] (subtractive decode)
[    0.197546] pci 0000:00:11.0:   bridge window [mem 0x000d8000-0x000dbfff] (subtractive decode)
[    0.197548] pci 0000:00:11.0:   bridge window [mem 0xc0000000-0xfebfffff] (subtractive decode)
[    0.197551] pci 0000:00:11.0:   bridge window [io  0x0000-0x0cf7] (subtractive decode)
[    0.197553] pci 0000:00:11.0:   bridge window [io  0x0d00-0xfeff] (subtractive decode)
[    0.198140] pci 0000:00:15.0: PCI bridge to [bus 03-03]
[    0.198168] pci 0000:00:15.0:   bridge window [io  0x4000-0x4fff]
[    0.198197] pci 0000:00:15.0:   bridge window [mem 0xca400000-0xca4fffff]
[    0.198251] pci 0000:00:15.0:   bridge window [mem 0xd8a00000-0xd8afffff 64bit pref]
[    0.198815] pci 0000:00:15.1: PCI bridge to [bus 04-04]
[    0.198843] pci 0000:00:15.1:   bridge window [io  0x8000-0x8fff]
[    0.198872] pci 0000:00:15.1:   bridge window [mem 0xca800000-0xca8fffff]
[    0.198925] pci 0000:00:15.1:   bridge window [mem 0xd8e00000-0xd8efffff 64bit pref]
[    0.199491] pci 0000:00:15.2: PCI bridge to [bus 05-05]
[    0.199518] pci 0000:00:15.2:   bridge window [io  0xc000-0xcfff]
[    0.199547] pci 0000:00:15.2:   bridge window [mem 0xcac00000-0xcacfffff]
[    0.199600] pci 0000:00:15.2:   bridge window [mem 0xd9200000-0xd92fffff 64bit pref]
[    0.200197] pci 0000:00:15.3: PCI bridge to [bus 06-06]
[    0.200249] pci 0000:00:15.3:   bridge window [mem 0xcb000000-0xcb0fffff]
[    0.200303] pci 0000:00:15.3:   bridge window [mem 0xd9600000-0xd96fffff 64bit pref]
[    0.200865] pci 0000:00:15.4: PCI bridge to [bus 07-07]
[    0.200918] pci 0000:00:15.4:   bridge window [mem 0xcb400000-0xcb4fffff]
[    0.200981] pci 0000:00:15.4:   bridge window [mem 0xd9a00000-0xd9afffff 64bit pref]
[    0.201544] pci 0000:00:15.5: PCI bridge to [bus 08-08]
[    0.201597] pci 0000:00:15.5:   bridge window [mem 0xcb800000-0xcb8fffff]
[    0.201651] pci 0000:00:15.5:   bridge window [mem 0xd9e00000-0xd9efffff 64bit pref]
[    0.202214] pci 0000:00:15.6: PCI bridge to [bus 09-09]
[    0.202266] pci 0000:00:15.6:   bridge window [mem 0xcbc00000-0xcbcfffff]
[    0.202320] pci 0000:00:15.6:   bridge window [mem 0xda200000-0xda2fffff 64bit pref]
[    0.202885] pci 0000:00:15.7: PCI bridge to [bus 0a-0a]
[    0.202938] pci 0000:00:15.7:   bridge window [mem 0xcc000000-0xcc0fffff]
[    0.202998] pci 0000:00:15.7:   bridge window [mem 0xda600000-0xda6fffff 64bit pref]
[    0.203514] pci 0000:00:16.0: PCI bridge to [bus 0b-0b]
[    0.203537] pci 0000:00:16.0:   bridge window [io  0x5000-0x5fff]
[    0.203562] pci 0000:00:16.0:   bridge window [mem 0xca500000-0xca5fffff]
[    0.203612] pci 0000:00:16.0:   bridge window [mem 0xd8b00000-0xd8bfffff 64bit pref]
[    0.204161] pci 0000:00:16.1: PCI bridge to [bus 0c-0c]
[    0.204184] pci 0000:00:16.1:   bridge window [io  0x9000-0x9fff]
[    0.204210] pci 0000:00:16.1:   bridge window [mem 0xca900000-0xca9fffff]
[    0.204260] pci 0000:00:16.1:   bridge window [mem 0xd8f00000-0xd8ffffff 64bit pref]
[    0.204781] pci 0000:00:16.2: PCI bridge to [bus 0d-0d]
[    0.204804] pci 0000:00:16.2:   bridge window [io  0xd000-0xdfff]
[    0.204827] pci 0000:00:16.2:   bridge window [mem 0xcad00000-0xcadfffff]
[    0.204874] pci 0000:00:16.2:   bridge window [mem 0xd9300000-0xd93fffff 64bit pref]
[    0.205456] pci 0000:00:16.3: PCI bridge to [bus 0e-0e]
[    0.205510] pci 0000:00:16.3:   bridge window [mem 0xcb100000-0xcb1fffff]
[    0.205564] pci 0000:00:16.3:   bridge window [mem 0xd9700000-0xd97fffff 64bit pref]
[    0.206139] pci 0000:00:16.4: PCI bridge to [bus 0f-0f]
[    0.206192] pci 0000:00:16.4:   bridge window [mem 0xcb500000-0xcb5fffff]
[    0.206246] pci 0000:00:16.4:   bridge window [mem 0xd9b00000-0xd9bfffff 64bit pref]
[    0.206809] pci 0000:00:16.5: PCI bridge to [bus 10-10]
[    0.206862] pci 0000:00:16.5:   bridge window [mem 0xcb900000-0xcb9fffff]
[    0.206916] pci 0000:00:16.5:   bridge window [mem 0xd9f00000-0xd9ffffff 64bit pref]
[    0.207479] pci 0000:00:16.6: PCI bridge to [bus 11-11]
[    0.207532] pci 0000:00:16.6:   bridge window [mem 0xcbd00000-0xcbdfffff]
[    0.207586] pci 0000:00:16.6:   bridge window [mem 0xda300000-0xda3fffff 64bit pref]
[    0.208175] pci 0000:00:16.7: PCI bridge to [bus 12-12]
[    0.208229] pci 0000:00:16.7:   bridge window [mem 0xcc100000-0xcc1fffff]
[    0.208282] pci 0000:00:16.7:   bridge window [mem 0xda700000-0xda7fffff 64bit pref]
[    0.208846] pci 0000:00:17.0: PCI bridge to [bus 13-13]
[    0.208873] pci 0000:00:17.0:   bridge window [io  0x6000-0x6fff]
[    0.208902] pci 0000:00:17.0:   bridge window [mem 0xca600000-0xca6fffff]
[    0.208966] pci 0000:00:17.0:   bridge window [mem 0xd8c00000-0xd8cfffff 64bit pref]
[    0.209533] pci 0000:00:17.1: PCI bridge to [bus 14-14]
[    0.209560] pci 0000:00:17.1:   bridge window [io  0xa000-0xafff]
[    0.209589] pci 0000:00:17.1:   bridge window [mem 0xcaa00000-0xcaafffff]
[    0.209642] pci 0000:00:17.1:   bridge window [mem 0xd9000000-0xd90fffff 64bit pref]
[    0.210206] pci 0000:00:17.2: PCI bridge to [bus 15-15]
[    0.210233] pci 0000:00:17.2:   bridge window [io  0xe000-0xefff]
[    0.210261] pci 0000:00:17.2:   bridge window [mem 0xcae00000-0xcaefffff]
[    0.210314] pci 0000:00:17.2:   bridge window [mem 0xd9400000-0xd94fffff 64bit pref]
[    0.210882] pci 0000:00:17.3: PCI bridge to [bus 16-16]
[    0.210945] pci 0000:00:17.3:   bridge window [mem 0xcb200000-0xcb2fffff]
[    0.210998] pci 0000:00:17.3:   bridge window [mem 0xd9800000-0xd98fffff 64bit pref]
[    0.211561] pci 0000:00:17.4: PCI bridge to [bus 17-17]
[    0.211614] pci 0000:00:17.4:   bridge window [mem 0xcb600000-0xcb6fffff]
[    0.211686] pci 0000:00:17.4:   bridge window [mem 0xd9c00000-0xd9cfffff 64bit pref]
[    0.212251] pci 0000:00:17.5: PCI bridge to [bus 18-18]
[    0.212305] pci 0000:00:17.5:   bridge window [mem 0xcba00000-0xcbafffff]
[    0.212359] pci 0000:00:17.5:   bridge window [mem 0xda000000-0xda0fffff 64bit pref]
[    0.212924] pci 0000:00:17.6: PCI bridge to [bus 19-19]
[    0.212985] pci 0000:00:17.6:   bridge window [mem 0xcbe00000-0xcbefffff]
[    0.213035] pci 0000:00:17.6:   bridge window [mem 0xda400000-0xda4fffff 64bit pref]
[    0.213543] pci 0000:00:17.7: PCI bridge to [bus 1a-1a]
[    0.213594] pci 0000:00:17.7:   bridge window [mem 0xcc200000-0xcc2fffff]
[    0.213646] pci 0000:00:17.7:   bridge window [mem 0xda800000-0xda8fffff 64bit pref]
[    0.214168] pci 0000:00:18.0: PCI bridge to [bus 1b-1b]
[    0.214190] pci 0000:00:18.0:   bridge window [io  0x7000-0x7fff]
[    0.214217] pci 0000:00:18.0:   bridge window [mem 0xca700000-0xca7fffff]
[    0.214269] pci 0000:00:18.0:   bridge window [mem 0xd8d00000-0xd8dfffff 64bit pref]
[    0.214786] pci 0000:00:18.1: PCI bridge to [bus 1c-1c]
[    0.214809] pci 0000:00:18.1:   bridge window [io  0xb000-0xbfff]
[    0.214832] pci 0000:00:18.1:   bridge window [mem 0xcab00000-0xcabfffff]
[    0.214883] pci 0000:00:18.1:   bridge window [mem 0xd9100000-0xd91fffff 64bit pref]
[    0.215403] pci 0000:00:18.2: PCI bridge to [bus 1d-1d]
[    0.215430] pci 0000:00:18.2:   bridge window [io  0xf000-0xffff]
[    0.215458] pci 0000:00:18.2:   bridge window [mem 0xcaf00000-0xcaffffff]
[    0.215504] pci 0000:00:18.2:   bridge window [mem 0xd9500000-0xd95fffff 64bit pref]
[    0.216037] pci 0000:00:18.3: PCI bridge to [bus 1e-1e]
[    0.216084] pci 0000:00:18.3:   bridge window [mem 0xcb300000-0xcb3fffff]
[    0.216134] pci 0000:00:18.3:   bridge window [mem 0xd9900000-0xd99fffff 64bit pref]
[    0.216647] pci 0000:00:18.4: PCI bridge to [bus 1f-1f]
[    0.216692] pci 0000:00:18.4:   bridge window [mem 0xcb700000-0xcb7fffff]
[    0.216735] pci 0000:00:18.4:   bridge window [mem 0xd9d00000-0xd9dfffff 64bit pref]
[    0.217264] pci 0000:00:18.5: PCI bridge to [bus 20-20]
[    0.217314] pci 0000:00:18.5:   bridge window [mem 0xcbb00000-0xcbbfffff]
[    0.217358] pci 0000:00:18.5:   bridge window [mem 0xda100000-0xda1fffff 64bit pref]
[    0.217873] pci 0000:00:18.6: PCI bridge to [bus 21-21]
[    0.217935] pci 0000:00:18.6:   bridge window [mem 0xcbf00000-0xcbffffff]
[    0.218506] pci 0000:00:18.6:   bridge window [mem 0xda500000-0xda5fffff 64bit pref]
[    0.219038] pci 0000:00:18.7: PCI bridge to [bus 22-22]
[    0.219091] pci 0000:00:18.7:   bridge window [mem 0xcc300000-0xcc3fffff]
[    0.219145] pci 0000:00:18.7:   bridge window [mem 0xda900000-0xda9fffff 64bit pref]
[    0.221269] pci_bus 0000:00: on NUMA node 0
[    0.221277] ACPI: PCI Interrupt Routing Table [\_SB_.PCI0._PRT]
[    0.222179]  pci0000:00: Requesting ACPI _OSC control (0x1d)
[    0.222464]  pci0000:00: ACPI _OSC control (0x15) granted
[    0.321864] ACPI: PCI Interrupt Link [LNKA] (IRQs 3 4 5 6 7 *9 10 11 14 15)
[    0.321950] ACPI: PCI Interrupt Link [LNKB] (IRQs 3 4 5 6 7 9 10 *11 14 15)
[    0.322033] ACPI: PCI Interrupt Link [LNKC] (IRQs 3 4 5 6 7 9 *10 11 14 15)
[    0.322115] ACPI: PCI Interrupt Link [LNKD] (IRQs 3 4 *5 6 7 9 10 11 14 15)
[    0.322288] vgaarb: device added: PCI:0000:00:0f.0,decodes=io+mem,owns=io+mem,locks=none
[    0.322302] vgaarb: loaded
[    0.322304] vgaarb: bridge control possible 0000:00:0f.0
[    0.322422] i2c-core: driver [aat2870] using legacy suspend method
[    0.322424] i2c-core: driver [aat2870] using legacy resume method
[    0.322509] SCSI subsystem initialized
[    0.322557] libata version 3.00 loaded.
[    0.322599] usbcore: registered new interface driver usbfs
[    0.322613] usbcore: registered new interface driver hub
[    0.322644] usbcore: registered new device driver usb
[    0.322734] PCI: Using ACPI for IRQ routing
[    0.398837] PCI: pci_cache_line_size set to 64 bytes
[    0.398860] pci 0000:00:18.2: no compatible bridge window for [io  0xf000-0xffff]
[    0.399935] reserve RAM buffer: 000000000009f000 - 000000000009ffff 
[    0.399938] reserve RAM buffer: 000000003fee0000 - 000000003fffffff 
[    0.400042] NetLabel: Initializing
[    0.400044] NetLabel:  domain hash size = 128
[    0.400045] NetLabel:  protocols = UNLABELED CIPSOv4
[    0.400052] NetLabel:  unlabeled traffic allowed by default
[    0.400192] hpet0: at MMIO 0xfed00000, IRQs 2, 8, 0, 0, 0, 0, 0, 0, 0, 0, 0, 0, 0, 0, 0, 0
[    0.400198] hpet0: 16 comparators, 64-bit 14.318180 MHz counter
[    0.402282] Switching to clocksource hpet
[    0.408922] AppArmor: AppArmor Filesystem Enabled
[    0.408947] pnp: PnP ACPI init
[    0.408968] ACPI: bus type pnp registered
[    0.409725] pnp 00:00: [bus 00-ff]
[    0.409727] pnp 00:00: [mem 0x000a0000-0x000bffff window]
[    0.409729] pnp 00:00: [mem 0x000c0000-0x000c3fff window]
[    0.409730] pnp 00:00: [mem 0x000c4000-0x000c7fff window]
[    0.409732] pnp 00:00: [mem 0x000c8000-0x000cbfff window]
[    0.409733] pnp 00:00: [mem 0x000cc000-0x000cffff window]
[    0.409734] pnp 00:00: [mem 0x000d0000-0x000d3fff window]
[    0.409736] pnp 00:00: [mem 0x000d4000-0x000d7fff window]
[    0.409737] pnp 00:00: [mem 0x000d8000-0x000dbfff window]
[    0.409739] pnp 00:00: [mem 0x000dc000-0x000dffff window]
[    0.409740] pnp 00:00: [mem 0x000e0000-0x000e3fff window]
[    0.409742] pnp 00:00: [mem 0x000e4000-0x000e7fff window]
[    0.409743] pnp 00:00: [mem 0x000e8000-0x000ebfff window]
[    0.409744] pnp 00:00: [mem 0x000ec000-0x000effff window]
[    0.409746] pnp 00:00: [mem 0xc0000000-0xfebfffff window]
[    0.409748] pnp 00:00: [io  0x0cf8-0x0cff]
[    0.409749] pnp 00:00: [io  0x0000-0x0cf7 window]
[    0.409750] pnp 00:00: [io  0x0d00-0xfeff window]
[    0.409799] pnp 00:00: Plug and Play ACPI device, IDs PNP0a03 PNP0a08 (active)
[    0.409881] pnp 00:01: [io  0x0010-0x001f]
[    0.409882] pnp 00:01: [io  0x0024-0x0025]
[    0.409883] pnp 00:01: [io  0x0028-0x0029]
[    0.409884] pnp 00:01: [io  0x002c-0x002d]
[    0.409886] pnp 00:01: [io  0x002e-0x002f]
[    0.409887] pnp 00:01: [io  0x0030-0x0031]
[    0.409888] pnp 00:01: [io  0x0034-0x0035]
[    0.409889] pnp 00:01: [io  0x0038-0x0039]
[    0.409890] pnp 00:01: [io  0x003c-0x003d]
[    0.409891] pnp 00:01: [io  0x0050-0x0053]
[    0.409892] pnp 00:01: [io  0x0072-0x0077]
[    0.409894] pnp 00:01: [io  0x0080]
[    0.409895] pnp 00:01: [io  0x0090-0x009f]
[    0.409896] pnp 00:01: [io  0x00a4-0x00a5]
[    0.409897] pnp 00:01: [io  0x00a8-0x00a9]
[    0.409898] pnp 00:01: [io  0x00ac-0x00ad]
[    0.409899] pnp 00:01: [io  0x00b0-0x00b5]
[    0.409900] pnp 00:01: [io  0x00b8-0x00b9]
[    0.409901] pnp 00:01: [io  0x00bc-0x00bd]
[    0.409903] pnp 00:01: [io  0x1000-0x103f]
[    0.409904] pnp 00:01: [io  0x1040-0x104f]
[    0.409905] pnp 00:01: [io  0x0cf0-0x0cf1]
[    0.409964] system 00:01: [io  0x1000-0x103f] has been reserved
[    0.409969] system 00:01: [io  0x1040-0x104f] has been reserved
[    0.409972] system 00:01: [io  0x0cf0-0x0cf1] has been reserved
[    0.409976] system 00:01: Plug and Play ACPI device, IDs PNP0c02 (active)
[    0.409985] pnp 00:02: [io  0x0000-0x000f]
[    0.409986] pnp 00:02: [io  0x0081-0x008f]
[    0.409987] pnp 00:02: [io  0x00c0-0x00df]
[    0.409989] pnp 00:02: [dma 4]
[    0.410014] pnp 00:02: Plug and Play ACPI device, IDs PNP0200 (active)
[    0.410020] pnp 00:03: [io  0x0020-0x0021]
[    0.410022] pnp 00:03: [io  0x00a0-0x00a1]
[    0.410023] pnp 00:03: [io  0x04d0-0x04d1]
[    0.410024] pnp 00:03: [irq 2 disabled]
[    0.410050] pnp 00:03: Plug and Play ACPI device, IDs PNP0001 (active)
[    0.410058] pnp 00:04: [io  0x0070-0x0071]
[    0.410060] pnp 00:04: [irq 8]
[    0.410078] pnp 00:04: Plug and Play ACPI device, IDs PNP0b00 (active)
[    0.410087] pnp 00:05: [io  0x0061]
[    0.410104] pnp 00:05: Plug and Play ACPI device, IDs PNP0800 (active)
[    0.410110] pnp 00:06: [io  0x0060]
[    0.410111] pnp 00:06: [io  0x0064]
[    0.410112] pnp 00:06: [irq 1]
[    0.410129] pnp 00:06: Plug and Play ACPI device, IDs PNP0303 (active)
[    0.410134] pnp 00:07: [irq 12]
[    0.410146] pnp 00:07: Plug and Play ACPI device, IDs PNP0f13 (active)
[    0.410365] pnp 00:08: [mem 0xfed00000-0xfed003ff]
[    0.410403] system 00:08: [mem 0xfed00000-0xfed003ff] has been reserved
[    0.410407] system 00:08: Plug and Play ACPI device, IDs PNP0103 PNP0c01 (active)
[    0.415619] pnp 00:09: [io  0x0378-0x037f]
[    0.415623] pnp 00:09: [irq 7]
[    0.416986] pnp 00:09: Plug and Play ACPI device, IDs PNP0400 (active)
[    0.421696] pnp 00:0a: [io  0x03f8-0x03ff]
[    0.421699] pnp 00:0a: [irq 4]
[    0.423064] pnp 00:0a: Plug and Play ACPI device, IDs PNP0501 (active)
[    0.427015] pnp 00:0b: [io  0x02f8-0x02ff]
[    0.427020] pnp 00:0b: [irq 3]
[    0.428362] pnp 00:0b: Plug and Play ACPI device, IDs PNP0501 (active)
[    0.435660] pnp 00:0c: [io  0x03f0-0x03f5]
[    0.435664] pnp 00:0c: [io  0x03f7]
[    0.435666] pnp 00:0c: [irq 6]
[    0.435668] pnp 00:0c: [dma 2]
[    0.437141] pnp 00:0c: Plug and Play ACPI device, IDs PNP0700 (active)
[    0.437385] pnp 00:0d: [mem 0xe0000000-0xefffffff]
[    0.437388] pnp 00:0d: [io  0x1060-0x107f]
[    0.437390] pnp 00:0d: [mem 0xc8200000-0xc83fffff]
[    0.437457] system 00:0d: [io  0x1060-0x107f] has been reserved
[    0.437462] system 00:0d: [mem 0xe0000000-0xefffffff] has been reserved
[    0.437465] system 00:0d: [mem 0xc8200000-0xc83fffff] has been reserved
[    0.437468] system 00:0d: Plug and Play ACPI device, IDs PNP0c02 (active)
[    0.444548] pnp: PnP ACPI: found 14 devices
[    0.444551] ACPI: ACPI bus type pnp unregistered
[    0.444555] PnPBIOS: Disabled by ACPI PNP
[    0.481231] PCI: max bus depth: 1 pci_try_num: 2
[    0.482234] pci 0000:00:0f.0: BAR 6: assigned [mem 0xc0000000-0xc0007fff pref]
[    0.482240] pci 0000:00:10.0: BAR 6: assigned [mem 0xc0008000-0xc000bfff pref]
[    0.482244] pci 0000:00:18.7: BAR 13: can't assign io (size 0x1000)
[    0.482248] pci 0000:00:18.6: BAR 13: can't assign io (size 0x1000)
[    0.482251] pci 0000:00:18.5: BAR 13: can't assign io (size 0x1000)
[    0.482254] pci 0000:00:18.4: BAR 13: can't assign io (size 0x1000)
[    0.482257] pci 0000:00:18.3: BAR 13: can't assign io (size 0x1000)
[    0.482260] pci 0000:00:18.2: BAR 13: can't assign io (size 0x1000)
[    0.482263] pci 0000:00:17.7: BAR 13: can't assign io (size 0x1000)
[    0.482266] pci 0000:00:17.6: BAR 13: can't assign io (size 0x1000)
[    0.482269] pci 0000:00:17.5: BAR 13: can't assign io (size 0x1000)
[    0.482272] pci 0000:00:17.4: BAR 13: can't assign io (size 0x1000)
[    0.482274] pci 0000:00:17.3: BAR 13: can't assign io (size 0x1000)
[    0.482277] pci 0000:00:16.7: BAR 13: can't assign io (size 0x1000)
[    0.482280] pci 0000:00:16.6: BAR 13: can't assign io (size 0x1000)
[    0.482283] pci 0000:00:16.5: BAR 13: can't assign io (size 0x1000)
[    0.482286] pci 0000:00:16.4: BAR 13: can't assign io (size 0x1000)
[    0.482289] pci 0000:00:16.3: BAR 13: can't assign io (size 0x1000)
[    0.482292] pci 0000:00:15.7: BAR 13: can't assign io (size 0x1000)
[    0.482295] pci 0000:00:15.6: BAR 13: can't assign io (size 0x1000)
[    0.482298] pci 0000:00:15.5: BAR 13: can't assign io (size 0x1000)
[    0.482301] pci 0000:00:15.4: BAR 13: can't assign io (size 0x1000)
[    0.482306] pci 0000:00:15.3: BAR 13: can't assign io (size 0x1000)
[    0.482311] pci 0000:00:01.0: PCI bridge to [bus 01-01]
[    0.482345] pci 0000:02:01.0: BAR 6: assigned [mem 0xd8400000-0xd840ffff pref]
[    0.482348] pci 0000:00:11.0: PCI bridge to [bus 02-02]
[    0.482363] pci 0000:00:11.0:   bridge window [io  0x2000-0x3fff]
[    0.482397] pci 0000:00:11.0:   bridge window [mem 0xc9000000-0xca3fffff]
[    0.482422] pci 0000:00:11.0:   bridge window [mem 0xd8400000-0xd89fffff 64bit pref]
[    0.482456] pci 0000:00:15.0: PCI bridge to [bus 03-03]
[    0.482481] pci 0000:00:15.0:   bridge window [io  0x4000-0x4fff]
[    0.482515] pci 0000:00:15.0:   bridge window [mem 0xca400000-0xca4fffff]
[    0.482545] pci 0000:00:15.0:   bridge window [mem 0xd8a00000-0xd8afffff 64bit pref]
[    0.482579] pci 0000:00:15.1: PCI bridge to [bus 04-04]
[    0.482593] pci 0000:00:15.1:   bridge window [io  0x8000-0x8fff]
[    0.482628] pci 0000:00:15.1:   bridge window [mem 0xca800000-0xca8fffff]
[    0.482655] pci 0000:00:15.1:   bridge window [mem 0xd8e00000-0xd8efffff 64bit pref]
[    0.482689] pci 0000:00:15.2: PCI bridge to [bus 05-05]
[    0.482705] pci 0000:00:15.2:   bridge window [io  0xc000-0xcfff]
[    0.482739] pci 0000:00:15.2:   bridge window [mem 0xcac00000-0xcacfffff]
[    0.482763] pci 0000:00:15.2:   bridge window [mem 0xd9200000-0xd92fffff 64bit pref]
[    0.482798] pci 0000:00:15.3: PCI bridge to [bus 06-06]
[    0.482832] pci 0000:00:15.3:   bridge window [mem 0xcb000000-0xcb0fffff]
[    0.482860] pci 0000:00:15.3:   bridge window [mem 0xd9600000-0xd96fffff 64bit pref]
[    0.482894] pci 0000:00:15.4: PCI bridge to [bus 07-07]
[    0.482929] pci 0000:00:15.4:   bridge window [mem 0xcb400000-0xcb4fffff]
[    0.482953] pci 0000:00:15.4:   bridge window [mem 0xd9a00000-0xd9afffff 64bit pref]
[    0.482988] pci 0000:00:15.5: PCI bridge to [bus 08-08]
[    0.483022] pci 0000:00:15.5:   bridge window [mem 0xcb800000-0xcb8fffff]
[    0.483053] pci 0000:00:15.5:   bridge window [mem 0xd9e00000-0xd9efffff 64bit pref]
[    0.483087] pci 0000:00:15.6: PCI bridge to [bus 09-09]
[    0.483121] pci 0000:00:15.6:   bridge window [mem 0xcbc00000-0xcbcfffff]
[    0.483149] pci 0000:00:15.6:   bridge window [mem 0xda200000-0xda2fffff 64bit pref]
[    0.483183] pci 0000:00:15.7: PCI bridge to [bus 0a-0a]
[    0.483217] pci 0000:00:15.7:   bridge window [mem 0xcc000000-0xcc0fffff]
[    0.483242] pci 0000:00:15.7:   bridge window [mem 0xda600000-0xda6fffff 64bit pref]
[    0.483276] pci 0000:00:16.0: PCI bridge to [bus 0b-0b]
[    0.483297] pci 0000:00:16.0:   bridge window [io  0x5000-0x5fff]
[    0.483331] pci 0000:00:16.0:   bridge window [mem 0xca500000-0xca5fffff]
[    0.483363] pci 0000:00:16.0:   bridge window [mem 0xd8b00000-0xd8bfffff 64bit pref]
[    0.483397] pci 0000:00:16.1: PCI bridge to [bus 0c-0c]
[    0.483417] pci 0000:00:16.1:   bridge window [io  0x9000-0x9fff]
[    0.483451] pci 0000:00:16.1:   bridge window [mem 0xca900000-0xca9fffff]
[    0.483483] pci 0000:00:16.1:   bridge window [mem 0xd8f00000-0xd8ffffff 64bit pref]
[    0.483517] pci 0000:00:16.2: PCI bridge to [bus 0d-0d]
[    0.483536] pci 0000:00:16.2:   bridge window [io  0xd000-0xdfff]
[    0.483570] pci 0000:00:16.2:   bridge window [mem 0xcad00000-0xcadfffff]
[    0.483602] pci 0000:00:16.2:   bridge window [mem 0xd9300000-0xd93fffff 64bit pref]
[    0.483636] pci 0000:00:16.3: PCI bridge to [bus 0e-0e]
[    0.483670] pci 0000:00:16.3:   bridge window [mem 0xcb100000-0xcb1fffff]
[    0.483694] pci 0000:00:16.3:   bridge window [mem 0xd9700000-0xd97fffff 64bit pref]
[    0.483729] pci 0000:00:16.4: PCI bridge to [bus 0f-0f]
[    0.483763] pci 0000:00:16.4:   bridge window [mem 0xcb500000-0xcb5fffff]
[    0.483791] pci 0000:00:16.4:   bridge window [mem 0xd9b00000-0xd9bfffff 64bit pref]
[    0.483825] pci 0000:00:16.5: PCI bridge to [bus 10-10]
[    0.483859] pci 0000:00:16.5:   bridge window [mem 0xcb900000-0xcb9fffff]
[    0.483883] pci 0000:00:16.5:   bridge window [mem 0xd9f00000-0xd9ffffff 64bit pref]
[    0.483918] pci 0000:00:16.6: PCI bridge to [bus 11-11]
[    0.483952] pci 0000:00:16.6:   bridge window [mem 0xcbd00000-0xcbdfffff]
[    0.483980] pci 0000:00:16.6:   bridge window [mem 0xda300000-0xda3fffff 64bit pref]
[    0.484014] pci 0000:00:16.7: PCI bridge to [bus 12-12]
[    0.484049] pci 0000:00:16.7:   bridge window [mem 0xcc100000-0xcc1fffff]
[    0.484075] pci 0000:00:16.7:   bridge window [mem 0xda700000-0xda7fffff 64bit pref]
[    0.484109] pci 0000:00:17.0: PCI bridge to [bus 13-13]
[    0.484128] pci 0000:00:17.0:   bridge window [io  0x6000-0x6fff]
[    0.484163] pci 0000:00:17.0:   bridge window [mem 0xca600000-0xca6fffff]
[    0.484187] pci 0000:00:17.0:   bridge window [mem 0xd8c00000-0xd8cfffff 64bit pref]
[    0.484221] pci 0000:00:17.1: PCI bridge to [bus 14-14]
[    0.484236] pci 0000:00:17.1:   bridge window [io  0xa000-0xafff]
[    0.484271] pci 0000:00:17.1:   bridge window [mem 0xcaa00000-0xcaafffff]
[    0.484299] pci 0000:00:17.1:   bridge window [mem 0xd9000000-0xd90fffff 64bit pref]
[    0.484333] pci 0000:00:17.2: PCI bridge to [bus 15-15]
[    0.484347] pci 0000:00:17.2:   bridge window [io  0xe000-0xefff]
[    0.484382] pci 0000:00:17.2:   bridge window [mem 0xcae00000-0xcaefffff]
[    0.484406] pci 0000:00:17.2:   bridge window [mem 0xd9400000-0xd94fffff 64bit pref]
[    0.484440] pci 0000:00:17.3: PCI bridge to [bus 16-16]
[    0.484474] pci 0000:00:17.3:   bridge window [mem 0xcb200000-0xcb2fffff]
[    0.484503] pci 0000:00:17.3:   bridge window [mem 0xd9800000-0xd98fffff 64bit pref]
[    0.484538] pci 0000:00:17.4: PCI bridge to [bus 17-17]
[    0.484572] pci 0000:00:17.4:   bridge window [mem 0xcb600000-0xcb6fffff]
[    0.484599] pci 0000:00:17.4:   bridge window [mem 0xd9c00000-0xd9cfffff 64bit pref]
[    0.484633] pci 0000:00:17.5: PCI bridge to [bus 18-18]
[    0.484668] pci 0000:00:17.5:   bridge window [mem 0xcba00000-0xcbafffff]
[    0.484694] pci 0000:00:17.5:   bridge window [mem 0xda000000-0xda0fffff 64bit pref]
[    0.484728] pci 0000:00:17.6: PCI bridge to [bus 19-19]
[    0.484763] pci 0000:00:17.6:   bridge window [mem 0xcbe00000-0xcbefffff]
[    0.484790] pci 0000:00:17.6:   bridge window [mem 0xda400000-0xda4fffff 64bit pref]
[    0.484825] pci 0000:00:17.7: PCI bridge to [bus 1a-1a]
[    0.484859] pci 0000:00:17.7:   bridge window [mem 0xcc200000-0xcc2fffff]
[    0.484891] pci 0000:00:17.7:   bridge window [mem 0xda800000-0xda8fffff 64bit pref]
[    0.484925] pci 0000:00:18.0: PCI bridge to [bus 1b-1b]
[    0.484943] pci 0000:00:18.0:   bridge window [io  0x7000-0x7fff]
[    0.484977] pci 0000:00:18.0:   bridge window [mem 0xca700000-0xca7fffff]
[    0.485008] pci 0000:00:18.0:   bridge window [mem 0xd8d00000-0xd8dfffff 64bit pref]
[    0.485042] pci 0000:00:18.1: PCI bridge to [bus 1c-1c]
[    0.485056] pci 0000:00:18.1:   bridge window [io  0xb000-0xbfff]
[    0.485090] pci 0000:00:18.1:   bridge window [mem 0xcab00000-0xcabfffff]
[    0.485115] pci 0000:00:18.1:   bridge window [mem 0xd9100000-0xd91fffff 64bit pref]
[    0.485149] pci 0000:00:18.2: PCI bridge to [bus 1d-1d]
[    0.485183] pci 0000:00:18.2:   bridge window [mem 0xcaf00000-0xcaffffff]
[    0.485213] pci 0000:00:18.2:   bridge window [mem 0xd9500000-0xd95fffff 64bit pref]
[    0.485247] pci 0000:00:18.3: PCI bridge to [bus 1e-1e]
[    0.485282] pci 0000:00:18.3:   bridge window [mem 0xcb300000-0xcb3fffff]
[    0.485309] pci 0000:00:18.3:   bridge window [mem 0xd9900000-0xd99fffff 64bit pref]
[    0.485343] pci 0000:00:18.4: PCI bridge to [bus 1f-1f]
[    0.485377] pci 0000:00:18.4:   bridge window [mem 0xcb700000-0xcb7fffff]
[    0.485402] pci 0000:00:18.4:   bridge window [mem 0xd9d00000-0xd9dfffff 64bit pref]
[    0.485437] pci 0000:00:18.5: PCI bridge to [bus 20-20]
[    0.485471] pci 0000:00:18.5:   bridge window [mem 0xcbb00000-0xcbbfffff]
[    0.485499] pci 0000:00:18.5:   bridge window [mem 0xda100000-0xda1fffff 64bit pref]
[    0.485533] pci 0000:00:18.6: PCI bridge to [bus 21-21]
[    0.485567] pci 0000:00:18.6:   bridge window [mem 0xcbf00000-0xcbffffff]
[    0.485592] pci 0000:00:18.6:   bridge window [mem 0xda500000-0xda5fffff 64bit pref]
[    0.485626] pci 0000:00:18.7: PCI bridge to [bus 22-22]
[    0.485660] pci 0000:00:18.7:   bridge window [mem 0xcc300000-0xcc3fffff]
[    0.485690] pci 0000:00:18.7:   bridge window [mem 0xda900000-0xda9fffff 64bit pref]
[    0.485725] pci 0000:00:01.0: setting latency timer to 64
[    0.485759] pci 0000:00:15.0: setting latency timer to 64
[    0.485793] pci 0000:00:15.1: setting latency timer to 64
[    0.485828] pci 0000:00:15.2: setting latency timer to 64
[    0.485862] pci 0000:00:15.3: setting latency timer to 64
[    0.485896] pci 0000:00:15.4: setting latency timer to 64
[    0.485931] pci 0000:00:15.5: setting latency timer to 64
[    0.485965] pci 0000:00:15.6: setting latency timer to 64
[    0.485999] pci 0000:00:15.7: setting latency timer to 64
[    0.486034] pci 0000:00:16.0: setting latency timer to 64
[    0.486068] pci 0000:00:16.1: setting latency timer to 64
[    0.486102] pci 0000:00:16.2: setting latency timer to 64
[    0.486200] pci 0000:00:16.3: setting latency timer to 64
[    0.486234] pci 0000:00:16.4: setting latency timer to 64
[    0.486268] pci 0000:00:16.5: setting latency timer to 64
[    0.486303] pci 0000:00:16.6: setting latency timer to 64
[    0.486337] pci 0000:00:16.7: setting latency timer to 64
[    0.486371] pci 0000:00:17.0: setting latency timer to 64
[    0.486406] pci 0000:00:17.1: setting latency timer to 64
[    0.486440] pci 0000:00:17.2: setting latency timer to 64
[    0.486474] pci 0000:00:17.3: setting latency timer to 64
[    0.486509] pci 0000:00:17.4: setting latency timer to 64
[    0.486543] pci 0000:00:17.5: setting latency timer to 64
[    0.486577] pci 0000:00:17.6: setting latency timer to 64
[    0.486612] pci 0000:00:17.7: setting latency timer to 64
[    0.486646] pci 0000:00:18.0: setting latency timer to 64
[    0.486680] pci 0000:00:18.1: setting latency timer to 64
[    0.486715] pci 0000:00:18.2: setting latency timer to 64
[    0.486749] pci 0000:00:18.3: setting latency timer to 64
[    0.486783] pci 0000:00:18.4: setting latency timer to 64
[    0.486818] pci 0000:00:18.5: setting latency timer to 64
[    0.486852] pci 0000:00:18.6: setting latency timer to 64
[    0.486886] pci 0000:00:18.7: setting latency timer to 64
[    0.486901] pci_bus 0000:00: resource 4 [mem 0x000a0000-0x000bffff]
[    0.486903] pci_bus 0000:00: resource 5 [mem 0x000cc000-0x000cffff]
[    0.486905] pci_bus 0000:00: resource 6 [mem 0x000d0000-0x000d3fff]
[    0.486907] pci_bus 0000:00: resource 7 [mem 0x000d4000-0x000d7fff]
[    0.486909] pci_bus 0000:00: resource 8 [mem 0x000d8000-0x000dbfff]
[    0.486911] pci_bus 0000:00: resource 9 [mem 0xc0000000-0xfebfffff]
[    0.486914] pci_bus 0000:00: resource 10 [io  0x0000-0x0cf7]
[    0.486916] pci_bus 0000:00: resource 11 [io  0x0d00-0xfeff]
[    0.486918] pci_bus 0000:02: resource 0 [io  0x2000-0x3fff]
[    0.486920] pci_bus 0000:02: resource 1 [mem 0xc9000000-0xca3fffff]
[    0.486922] pci_bus 0000:02: resource 2 [mem 0xd8400000-0xd89fffff 64bit pref]
[    0.486925] pci_bus 0000:02: resource 4 [mem 0x000a0000-0x000bffff]
[    0.486927] pci_bus 0000:02: resource 5 [mem 0x000cc000-0x000cffff]
[    0.486929] pci_bus 0000:02: resource 6 [mem 0x000d0000-0x000d3fff]
[    0.486931] pci_bus 0000:02: resource 7 [mem 0x000d4000-0x000d7fff]
[    0.486933] pci_bus 0000:02: resource 8 [mem 0x000d8000-0x000dbfff]
[    0.486935] pci_bus 0000:02: resource 9 [mem 0xc0000000-0xfebfffff]
[    0.486937] pci_bus 0000:02: resource 10 [io  0x0000-0x0cf7]
[    0.486939] pci_bus 0000:02: resource 11 [io  0x0d00-0xfeff]
[    0.486941] pci_bus 0000:03: resource 0 [io  0x4000-0x4fff]
[    0.486943] pci_bus 0000:03: resource 1 [mem 0xca400000-0xca4fffff]
[    0.486945] pci_bus 0000:03: resource 2 [mem 0xd8a00000-0xd8afffff 64bit pref]
[    0.486947] pci_bus 0000:04: resource 0 [io  0x8000-0x8fff]
[    0.486949] pci_bus 0000:04: resource 1 [mem 0xca800000-0xca8fffff]
[    0.486951] pci_bus 0000:04: resource 2 [mem 0xd8e00000-0xd8efffff 64bit pref]
[    0.486953] pci_bus 0000:05: resource 0 [io  0xc000-0xcfff]
[    0.486955] pci_bus 0000:05: resource 1 [mem 0xcac00000-0xcacfffff]
[    0.486957] pci_bus 0000:05: resource 2 [mem 0xd9200000-0xd92fffff 64bit pref]
[    0.486960] pci_bus 0000:06: resource 1 [mem 0xcb000000-0xcb0fffff]
[    0.486962] pci_bus 0000:06: resource 2 [mem 0xd9600000-0xd96fffff 64bit pref]
[    0.486965] pci_bus 0000:07: resource 1 [mem 0xcb400000-0xcb4fffff]
[    0.486968] pci_bus 0000:07: resource 2 [mem 0xd9a00000-0xd9afffff 64bit pref]
[    0.486972] pci_bus 0000:08: resource 1 [mem 0xcb800000-0xcb8fffff]
[    0.486975] pci_bus 0000:08: resource 2 [mem 0xd9e00000-0xd9efffff 64bit pref]
[    0.486977] pci_bus 0000:09: resource 1 [mem 0xcbc00000-0xcbcfffff]
[    0.486980] pci_bus 0000:09: resource 2 [mem 0xda200000-0xda2fffff 64bit pref]
[    0.486982] pci_bus 0000:0a: resource 1 [mem 0xcc000000-0xcc0fffff]
[    0.486984] pci_bus 0000:0a: resource 2 [mem 0xda600000-0xda6fffff 64bit pref]
[    0.486986] pci_bus 0000:0b: resource 0 [io  0x5000-0x5fff]
[    0.486988] pci_bus 0000:0b: resource 1 [mem 0xca500000-0xca5fffff]
[    0.486990] pci_bus 0000:0b: resource 2 [mem 0xd8b00000-0xd8bfffff 64bit pref]
[    0.486993] pci_bus 0000:0c: resource 0 [io  0x9000-0x9fff]
[    0.486996] pci_bus 0000:0c: resource 1 [mem 0xca900000-0xca9fffff]
[    0.486999] pci_bus 0000:0c: resource 2 [mem 0xd8f00000-0xd8ffffff 64bit pref]
[    0.487002] pci_bus 0000:0d: resource 0 [io  0xd000-0xdfff]
[    0.487006] pci_bus 0000:0d: resource 1 [mem 0xcad00000-0xcadfffff]
[    0.487008] pci_bus 0000:0d: resource 2 [mem 0xd9300000-0xd93fffff 64bit pref]
[    0.487011] pci_bus 0000:0e: resource 1 [mem 0xcb100000-0xcb1fffff]
[    0.487013] pci_bus 0000:0e: resource 2 [mem 0xd9700000-0xd97fffff 64bit pref]
[    0.487015] pci_bus 0000:0f: resource 1 [mem 0xcb500000-0xcb5fffff]
[    0.487017] pci_bus 0000:0f: resource 2 [mem 0xd9b00000-0xd9bfffff 64bit pref]
[    0.487019] pci_bus 0000:10: resource 1 [mem 0xcb900000-0xcb9fffff]
[    0.487021] pci_bus 0000:10: resource 2 [mem 0xd9f00000-0xd9ffffff 64bit pref]
[    0.487024] pci_bus 0000:11: resource 1 [mem 0xcbd00000-0xcbdfffff]
[    0.487027] pci_bus 0000:11: resource 2 [mem 0xda300000-0xda3fffff 64bit pref]
[    0.487030] pci_bus 0000:12: resource 1 [mem 0xcc100000-0xcc1fffff]
[    0.487034] pci_bus 0000:12: resource 2 [mem 0xda700000-0xda7fffff 64bit pref]
[    0.487037] pci_bus 0000:13: resource 0 [io  0x6000-0x6fff]
[    0.487040] pci_bus 0000:13: resource 1 [mem 0xca600000-0xca6fffff]
[    0.487044] pci_bus 0000:13: resource 2 [mem 0xd8c00000-0xd8cfffff 64bit pref]
[    0.487047] pci_bus 0000:14: resource 0 [io  0xa000-0xafff]
[    0.487050] pci_bus 0000:14: resource 1 [mem 0xcaa00000-0xcaafffff]
[    0.487052] pci_bus 0000:14: resource 2 [mem 0xd9000000-0xd90fffff 64bit pref]
[    0.487054] pci_bus 0000:15: resource 0 [io  0xe000-0xefff]
[    0.487056] pci_bus 0000:15: resource 1 [mem 0xcae00000-0xcaefffff]
[    0.487059] pci_bus 0000:15: resource 2 [mem 0xd9400000-0xd94fffff 64bit pref]
[    0.487061] pci_bus 0000:16: resource 1 [mem 0xcb200000-0xcb2fffff]
[    0.487063] pci_bus 0000:16: resource 2 [mem 0xd9800000-0xd98fffff 64bit pref]
[    0.487065] pci_bus 0000:17: resource 1 [mem 0xcb600000-0xcb6fffff]
[    0.487068] pci_bus 0000:17: resource 2 [mem 0xd9c00000-0xd9cfffff 64bit pref]
[    0.487071] pci_bus 0000:18: resource 1 [mem 0xcba00000-0xcbafffff]
[    0.487074] pci_bus 0000:18: resource 2 [mem 0xda000000-0xda0fffff 64bit pref]
[    0.487078] pci_bus 0000:19: resource 1 [mem 0xcbe00000-0xcbefffff]
[    0.487081] pci_bus 0000:19: resource 2 [mem 0xda400000-0xda4fffff 64bit pref]
[    0.487084] pci_bus 0000:1a: resource 1 [mem 0xcc200000-0xcc2fffff]
[    0.487087] pci_bus 0000:1a: resource 2 [mem 0xda800000-0xda8fffff 64bit pref]
[    0.487090] pci_bus 0000:1b: resource 0 [io  0x7000-0x7fff]
[    0.487093] pci_bus 0000:1b: resource 1 [mem 0xca700000-0xca7fffff]
[    0.487095] pci_bus 0000:1b: resource 2 [mem 0xd8d00000-0xd8dfffff 64bit pref]
[    0.487097] pci_bus 0000:1c: resource 0 [io  0xb000-0xbfff]
[    0.487099] pci_bus 0000:1c: resource 1 [mem 0xcab00000-0xcabfffff]
[    0.487101] pci_bus 0000:1c: resource 2 [mem 0xd9100000-0xd91fffff 64bit pref]
[    0.487103] pci_bus 0000:1d: resource 1 [mem 0xcaf00000-0xcaffffff]
[    0.487105] pci_bus 0000:1d: resource 2 [mem 0xd9500000-0xd95fffff 64bit pref]
[    0.487108] pci_bus 0000:1e: resource 1 [mem 0xcb300000-0xcb3fffff]
[    0.487110] pci_bus 0000:1e: resource 2 [mem 0xd9900000-0xd99fffff 64bit pref]
[    0.487112] pci_bus 0000:1f: resource 1 [mem 0xcb700000-0xcb7fffff]
[    0.487114] pci_bus 0000:1f: resource 2 [mem 0xd9d00000-0xd9dfffff 64bit pref]
[    0.487116] pci_bus 0000:20: resource 1 [mem 0xcbb00000-0xcbbfffff]
[    0.487118] pci_bus 0000:20: resource 2 [mem 0xda100000-0xda1fffff 64bit pref]
[    0.487121] pci_bus 0000:21: resource 1 [mem 0xcbf00000-0xcbffffff]
[    0.487123] pci_bus 0000:21: resource 2 [mem 0xda500000-0xda5fffff 64bit pref]
[    0.487125] pci_bus 0000:22: resource 1 [mem 0xcc300000-0xcc3fffff]
[    0.487127] pci_bus 0000:22: resource 2 [mem 0xda900000-0xda9fffff 64bit pref]
[    0.487161] NET: Registered protocol family 2
[    0.487196] IP route cache hash table entries: 32768 (order: 5, 131072 bytes)
[    0.487230] TCP established hash table entries: 131072 (order: 8, 1048576 bytes)
[    0.487264] TCP bind hash table entries: 65536 (order: 7, 524288 bytes)
[    0.487299] TCP: Hash tables configured (established 131072 bind 65536)
[    0.487302] TCP reno registered
[    0.487304] UDP hash table entries: 512 (order: 2, 16384 bytes)
[    0.487312] UDP-Lite hash table entries: 512 (order: 2, 16384 bytes)
[    0.487346] NET: Registered protocol family 1
[    0.487355] pci 0000:00:00.0: Limiting direct PCI/PCI transfers
[    0.487390] pci 0000:00:0f.0: Boot video device
[    0.487424] ACPI: PCI Interrupt Link [LNKC] enabled at IRQ 10
[    0.487428] PCI: setting IRQ 10 as level-triggered
[    0.487439] pci 0000:02:00.0: PCI INT A -> Link[LNKC] -> GSI 10 (level, low) -> IRQ 10
[    0.487512] pci 0000:02:00.0: PCI INT A disabled
[    0.487547] ACPI: PCI Interrupt Link [LNKB] enabled at IRQ 11
[    0.487550] PCI: setting IRQ 11 as level-triggered
[    0.487556] pci 0000:02:03.0: PCI INT A -> Link[LNKB] -> GSI 11 (level, low) -> IRQ 11
[    0.487590] pci 0000:02:03.0: PCI INT A disabled
[    0.487609] PCI: CLS 32 bytes, default 64
[    0.487665] Simple Boot Flag at 0x36 set to 0x1
[    0.487671] Switching to clocksource tsc
[    0.487876] audit: initializing netlink socket (disabled)
[    0.487886] type=2000 audit(1369654981.469:1): initialized
[    0.502248] Trying to unpack rootfs image as initramfs...
[    0.522273] highmem bounce pool size: 64 pages
[    0.522280] HugeTLB registered 2 MB page size, pre-allocated 0 pages
[    0.526305] VFS: Disk quotas dquot_6.5.2
[    0.526339] Dquot-cache hash table entries: 1024 (order 0, 4096 bytes)
[    0.530224] fuse init (API version 7.17)
[    0.530283] msgmni has been set to 1710
[    0.542162] Block layer SCSI generic (bsg) driver version 0.4 loaded (major 253)
[    0.542193] io scheduler noop registered
[    0.542195] io scheduler deadline registered
[    0.542202] io scheduler cfq registered (default)
[    0.542236] pcieport 0000:00:15.0: setting latency timer to 64
[    0.542270] pcieport 0000:00:15.0: irq 40 for MSI/MSI-X
[    0.542305] pcieport 0000:00:15.1: setting latency timer to 64
[    0.542339] pcieport 0000:00:15.1: irq 41 for MSI/MSI-X
[    0.542373] pcieport 0000:00:15.2: setting latency timer to 64
[    0.542408] pcieport 0000:00:15.2: irq 42 for MSI/MSI-X
[    0.542442] pcieport 0000:00:15.3: setting latency timer to 64
[    0.542476] pcieport 0000:00:15.3: irq 43 for MSI/MSI-X
[    0.542511] pcieport 0000:00:15.4: setting latency timer to 64
[    0.542545] pcieport 0000:00:15.4: irq 44 for MSI/MSI-X
[    0.542579] pcieport 0000:00:15.5: setting latency timer to 64
[    0.542614] pcieport 0000:00:15.5: irq 45 for MSI/MSI-X
[    0.542648] pcieport 0000:00:15.6: setting latency timer to 64
[    0.542682] pcieport 0000:00:15.6: irq 46 for MSI/MSI-X
[    0.542717] pcieport 0000:00:15.7: setting latency timer to 64
[    0.542751] pcieport 0000:00:15.7: irq 47 for MSI/MSI-X
[    0.542785] pcieport 0000:00:16.0: setting latency timer to 64
[    0.542820] pcieport 0000:00:16.0: irq 48 for MSI/MSI-X
[    0.542854] pcieport 0000:00:16.1: setting latency timer to 64
[    0.542888] pcieport 0000:00:16.1: irq 49 for MSI/MSI-X
[    0.542923] pcieport 0000:00:16.2: setting latency timer to 64
[    0.542957] pcieport 0000:00:16.2: irq 50 for MSI/MSI-X
[    0.542991] pcieport 0000:00:16.3: setting latency timer to 64
[    0.543026] pcieport 0000:00:16.3: irq 51 for MSI/MSI-X
[    0.543060] pcieport 0000:00:16.4: setting latency timer to 64
[    0.543094] pcieport 0000:00:16.4: irq 52 for MSI/MSI-X
[    0.543129] pcieport 0000:00:16.5: setting latency timer to 64
[    0.543163] pcieport 0000:00:16.5: irq 53 for MSI/MSI-X
[    0.543197] pcieport 0000:00:16.6: setting latency timer to 64
[    0.543232] pcieport 0000:00:16.6: irq 54 for MSI/MSI-X
[    0.543266] pcieport 0000:00:16.7: setting latency timer to 64
[    0.543300] pcieport 0000:00:16.7: irq 55 for MSI/MSI-X
[    0.543335] pcieport 0000:00:17.0: setting latency timer to 64
[    0.543369] pcieport 0000:00:17.0: irq 56 for MSI/MSI-X
[    0.543403] pcieport 0000:00:17.1: setting latency timer to 64
[    0.543437] pcieport 0000:00:17.1: irq 57 for MSI/MSI-X
[    0.543472] pcieport 0000:00:17.2: setting latency timer to 64
[    0.543506] pcieport 0000:00:17.2: irq 58 for MSI/MSI-X
[    0.543540] pcieport 0000:00:17.3: setting latency timer to 64
[    0.543575] pcieport 0000:00:17.3: irq 59 for MSI/MSI-X
[    0.543609] pcieport 0000:00:17.4: setting latency timer to 64
[    0.543643] pcieport 0000:00:17.4: irq 60 for MSI/MSI-X
[    0.543678] pcieport 0000:00:17.5: setting latency timer to 64
[    0.543712] pcieport 0000:00:17.5: irq 61 for MSI/MSI-X
[    0.543746] pcieport 0000:00:17.6: setting latency timer to 64
[    0.543781] pcieport 0000:00:17.6: irq 62 for MSI/MSI-X
[    0.543815] pcieport 0000:00:17.7: setting latency timer to 64
[    0.543849] pcieport 0000:00:17.7: irq 63 for MSI/MSI-X
[    0.543884] pcieport 0000:00:18.0: setting latency timer to 64
[    0.543918] pcieport 0000:00:18.0: irq 64 for MSI/MSI-X
[    0.543952] pcieport 0000:00:18.1: setting latency timer to 64
[    0.543987] pcieport 0000:00:18.1: irq 65 for MSI/MSI-X
[    0.544021] pcieport 0000:00:18.2: setting latency timer to 64
[    0.544055] pcieport 0000:00:18.2: irq 66 for MSI/MSI-X
[    0.544090] pcieport 0000:00:18.3: setting latency timer to 64
[    0.544124] pcieport 0000:00:18.3: irq 67 for MSI/MSI-X
[    0.544158] pcieport 0000:00:18.4: setting latency timer to 64
[    0.544193] pcieport 0000:00:18.4: irq 68 for MSI/MSI-X
[    0.544227] pcieport 0000:00:18.5: setting latency timer to 64
[    0.544261] pcieport 0000:00:18.5: irq 69 for MSI/MSI-X
[    0.544296] pcieport 0000:00:18.6: setting latency timer to 64
[    0.544330] pcieport 0000:00:18.6: irq 70 for MSI/MSI-X
[    0.544364] pcieport 0000:00:18.7: setting latency timer to 64
[    0.544399] pcieport 0000:00:18.7: irq 71 for MSI/MSI-X
[    0.544433] pcieport 0000:00:15.0: Signaling PME through PCIe PME interrupt
[    0.544459] pcie_pme 0000:00:15.0:pcie01: service driver pcie_pme loaded
[    0.544493] pcieport 0000:00:15.1: Signaling PME through PCIe PME interrupt
[    0.544519] pcie_pme 0000:00:15.1:pcie01: service driver pcie_pme loaded
[    0.544553] pcieport 0000:00:15.2: Signaling PME through PCIe PME interrupt
[    0.544579] pcie_pme 0000:00:15.2:pcie01: service driver pcie_pme loaded
[    0.544613] pcieport 0000:00:15.3: Signaling PME through PCIe PME interrupt
[    0.544638] pcie_pme 0000:00:15.3:pcie01: service driver pcie_pme loaded
[    0.544673] pcieport 0000:00:15.4: Signaling PME through PCIe PME interrupt
[    0.544698] pcie_pme 0000:00:15.4:pcie01: service driver pcie_pme loaded
[    0.544732] pcieport 0000:00:15.5: Signaling PME through PCIe PME interrupt
[    0.544757] pcie_pme 0000:00:15.5:pcie01: service driver pcie_pme loaded
[    0.544792] pcieport 0000:00:15.6: Signaling PME through PCIe PME interrupt
[    0.544818] pcie_pme 0000:00:15.6:pcie01: service driver pcie_pme loaded
[    0.544852] pcieport 0000:00:15.7: Signaling PME through PCIe PME interrupt
[    0.544877] pcie_pme 0000:00:15.7:pcie01: service driver pcie_pme loaded
[    0.544911] pcieport 0000:00:16.0: Signaling PME through PCIe PME interrupt
[    0.544937] pcie_pme 0000:00:16.0:pcie01: service driver pcie_pme loaded
[    0.544971] pcieport 0000:00:16.1: Signaling PME through PCIe PME interrupt
[    0.544996] pcie_pme 0000:00:16.1:pcie01: service driver pcie_pme loaded
[    0.545031] pcieport 0000:00:16.2: Signaling PME through PCIe PME interrupt
[    0.545056] pcie_pme 0000:00:16.2:pcie01: service driver pcie_pme loaded
[    0.545091] pcieport 0000:00:16.3: Signaling PME through PCIe PME interrupt
[    0.545116] pcie_pme 0000:00:16.3:pcie01: service driver pcie_pme loaded
[    0.545150] pcieport 0000:00:16.4: Signaling PME through PCIe PME interrupt
[    0.545175] pcie_pme 0000:00:16.4:pcie01: service driver pcie_pme loaded
[    0.545209] pcieport 0000:00:16.5: Signaling PME through PCIe PME interrupt
[    0.545234] pcie_pme 0000:00:16.5:pcie01: service driver pcie_pme loaded
[    0.545269] pcieport 0000:00:16.6: Signaling PME through PCIe PME interrupt
[    0.545294] pcie_pme 0000:00:16.6:pcie01: service driver pcie_pme loaded
[    0.545328] pcieport 0000:00:16.7: Signaling PME through PCIe PME interrupt
[    0.545353] pcie_pme 0000:00:16.7:pcie01: service driver pcie_pme loaded
[    0.545388] pcieport 0000:00:17.0: Signaling PME through PCIe PME interrupt
[    0.545413] pcie_pme 0000:00:17.0:pcie01: service driver pcie_pme loaded
[    0.545447] pcieport 0000:00:17.1: Signaling PME through PCIe PME interrupt
[    0.545472] pcie_pme 0000:00:17.1:pcie01: service driver pcie_pme loaded
[    0.545507] pcieport 0000:00:17.2: Signaling PME through PCIe PME interrupt
[    0.545532] pcie_pme 0000:00:17.2:pcie01: service driver pcie_pme loaded
[    0.545566] pcieport 0000:00:17.3: Signaling PME through PCIe PME interrupt
[    0.545592] pcie_pme 0000:00:17.3:pcie01: service driver pcie_pme loaded
[    0.545626] pcieport 0000:00:17.4: Signaling PME through PCIe PME interrupt
[    0.545651] pcie_pme 0000:00:17.4:pcie01: service driver pcie_pme loaded
[    0.545685] pcieport 0000:00:17.5: Signaling PME through PCIe PME interrupt
[    0.545711] pcie_pme 0000:00:17.5:pcie01: service driver pcie_pme loaded
[    0.545745] pcieport 0000:00:17.6: Signaling PME through PCIe PME interrupt
[    0.545770] pcie_pme 0000:00:17.6:pcie01: service driver pcie_pme loaded
[    0.545805] pcieport 0000:00:17.7: Signaling PME through PCIe PME interrupt
[    0.545830] pcie_pme 0000:00:17.7:pcie01: service driver pcie_pme loaded
[    0.545864] pcieport 0000:00:18.0: Signaling PME through PCIe PME interrupt
[    0.545889] pcie_pme 0000:00:18.0:pcie01: service driver pcie_pme loaded
[    0.545924] pcieport 0000:00:18.1: Signaling PME through PCIe PME interrupt
[    0.545949] pcie_pme 0000:00:18.1:pcie01: service driver pcie_pme loaded
[    0.545963] pcieport 0000:00:18.2: Signaling PME through PCIe PME interrupt
[    0.546116] pcie_pme 0000:00:18.2:pcie01: service driver pcie_pme loaded
[    0.546159] pcieport 0000:00:18.3: Signaling PME through PCIe PME interrupt
[    0.546184] pcie_pme 0000:00:18.3:pcie01: service driver pcie_pme loaded
[    0.546218] pcieport 0000:00:18.4: Signaling PME through PCIe PME interrupt
[    0.546244] pcie_pme 0000:00:18.4:pcie01: service driver pcie_pme loaded
[    0.546278] pcieport 0000:00:18.5: Signaling PME through PCIe PME interrupt
[    0.546304] pcie_pme 0000:00:18.5:pcie01: service driver pcie_pme loaded
[    0.546338] pcieport 0000:00:18.6: Signaling PME through PCIe PME interrupt
[    0.546363] pcie_pme 0000:00:18.6:pcie01: service driver pcie_pme loaded
[    0.546397] pcieport 0000:00:18.7: Signaling PME through PCIe PME interrupt
[    0.546423] pcie_pme 0000:00:18.7:pcie01: service driver pcie_pme loaded
[    0.546442] pci_hotplug: PCI Hot Plug PCI Core version: 0.5
[    0.546477] pciehp 0000:00:15.0:pcie04: HPC vendor_id 15ad device_id 7a0 ss_vid 15ad ss_did 7a0
[    0.546511] pciehp 0000:00:15.0:pcie04: service driver pciehp loaded
[    0.546545] pciehp 0000:00:15.1:pcie04: HPC vendor_id 15ad device_id 7a0 ss_vid 15ad ss_did 7a0
[    0.546580] pciehp 0000:00:15.1:pcie04: service driver pciehp loaded
[    0.546614] pciehp 0000:00:15.2:pcie04: HPC vendor_id 15ad device_id 7a0 ss_vid 15ad ss_did 7a0
[    0.546648] pciehp 0000:00:15.2:pcie04: service driver pciehp loaded
[    0.546683] pciehp 0000:00:15.3:pcie04: HPC vendor_id 15ad device_id 7a0 ss_vid 15ad ss_did 7a0
[    0.546717] pciehp 0000:00:15.3:pcie04: service driver pciehp loaded
[    0.546751] pciehp 0000:00:15.4:pcie04: HPC vendor_id 15ad device_id 7a0 ss_vid 15ad ss_did 7a0
[    0.546786] pciehp 0000:00:15.4:pcie04: service driver pciehp loaded
[    0.546820] pciehp 0000:00:15.5:pcie04: HPC vendor_id 15ad device_id 7a0 ss_vid 15ad ss_did 7a0
[    0.546854] pciehp 0000:00:15.5:pcie04: service driver pciehp loaded
[    0.546889] pciehp 0000:00:15.6:pcie04: HPC vendor_id 15ad device_id 7a0 ss_vid 15ad ss_did 7a0
[    0.546923] pciehp 0000:00:15.6:pcie04: service driver pciehp loaded
[    0.546957] pciehp 0000:00:15.7:pcie04: HPC vendor_id 15ad device_id 7a0 ss_vid 15ad ss_did 7a0
[    0.546992] pciehp 0000:00:15.7:pcie04: service driver pciehp loaded
[    0.547026] pciehp 0000:00:16.0:pcie04: HPC vendor_id 15ad device_id 7a0 ss_vid 15ad ss_did 7a0
[    0.547060] pciehp 0000:00:16.0:pcie04: service driver pciehp loaded
[    0.547095] pciehp 0000:00:16.1:pcie04: HPC vendor_id 15ad device_id 7a0 ss_vid 15ad ss_did 7a0
[    0.547129] pciehp 0000:00:16.1:pcie04: service driver pciehp loaded
[    0.547163] pciehp 0000:00:16.2:pcie04: HPC vendor_id 15ad device_id 7a0 ss_vid 15ad ss_did 7a0
[    0.547198] pciehp 0000:00:16.2:pcie04: service driver pciehp loaded
[    0.547232] pciehp 0000:00:16.3:pcie04: HPC vendor_id 15ad device_id 7a0 ss_vid 15ad ss_did 7a0
[    0.547266] pciehp 0000:00:16.3:pcie04: service driver pciehp loaded
[    0.547301] pciehp 0000:00:16.4:pcie04: HPC vendor_id 15ad device_id 7a0 ss_vid 15ad ss_did 7a0
[    0.547335] pciehp 0000:00:16.4:pcie04: service driver pciehp loaded
[    0.547369] pciehp 0000:00:16.5:pcie04: HPC vendor_id 15ad device_id 7a0 ss_vid 15ad ss_did 7a0
[    0.547404] pciehp 0000:00:16.5:pcie04: service driver pciehp loaded
[    0.547438] pciehp 0000:00:16.6:pcie04: HPC vendor_id 15ad device_id 7a0 ss_vid 15ad ss_did 7a0
[    0.547472] pciehp 0000:00:16.6:pcie04: service driver pciehp loaded
[    0.547507] pciehp 0000:00:16.7:pcie04: HPC vendor_id 15ad device_id 7a0 ss_vid 15ad ss_did 7a0
[    0.547541] pciehp 0000:00:16.7:pcie04: service driver pciehp loaded
[    0.547575] pciehp 0000:00:17.0:pcie04: HPC vendor_id 15ad device_id 7a0 ss_vid 15ad ss_did 7a0
[    0.547610] pciehp 0000:00:17.0:pcie04: service driver pciehp loaded
[    0.547644] pciehp 0000:00:17.1:pcie04: HPC vendor_id 15ad device_id 7a0 ss_vid 15ad ss_did 7a0
[    0.547678] pciehp 0000:00:17.1:pcie04: service driver pciehp loaded
[    0.547713] pciehp 0000:00:17.2:pcie04: HPC vendor_id 15ad device_id 7a0 ss_vid 15ad ss_did 7a0
[    0.547747] pciehp 0000:00:17.2:pcie04: service driver pciehp loaded
[    0.547781] pciehp 0000:00:17.3:pcie04: HPC vendor_id 15ad device_id 7a0 ss_vid 15ad ss_did 7a0
[    0.547816] pciehp 0000:00:17.3:pcie04: service driver pciehp loaded
[    0.547850] pciehp 0000:00:17.4:pcie04: HPC vendor_id 15ad device_id 7a0 ss_vid 15ad ss_did 7a0
[    0.547884] pciehp 0000:00:17.4:pcie04: service driver pciehp loaded
[    0.547919] pciehp 0000:00:17.5:pcie04: HPC vendor_id 15ad device_id 7a0 ss_vid 15ad ss_did 7a0
[    0.547953] pciehp 0000:00:17.5:pcie04: service driver pciehp loaded
[    0.547987] pciehp 0000:00:17.6:pcie04: HPC vendor_id 15ad device_id 7a0 ss_vid 15ad ss_did 7a0
[    0.548022] pciehp 0000:00:17.6:pcie04: service driver pciehp loaded
[    0.548056] pciehp 0000:00:17.7:pcie04: HPC vendor_id 15ad device_id 7a0 ss_vid 15ad ss_did 7a0
[    0.548090] pciehp 0000:00:17.7:pcie04: service driver pciehp loaded
[    0.548125] pciehp 0000:00:18.0:pcie04: HPC vendor_id 15ad device_id 7a0 ss_vid 15ad ss_did 7a0
[    0.548159] pciehp 0000:00:18.0:pcie04: service driver pciehp loaded
[    0.548193] pciehp 0000:00:18.1:pcie04: HPC vendor_id 15ad device_id 7a0 ss_vid 15ad ss_did 7a0
[    0.548227] pciehp 0000:00:18.1:pcie04: service driver pciehp loaded
[    0.548262] pciehp 0000:00:18.2:pcie04: HPC vendor_id 15ad device_id 7a0 ss_vid 15ad ss_did 7a0
[    0.548296] pciehp 0000:00:18.2:pcie04: service driver pciehp loaded
[    0.548330] pciehp 0000:00:18.3:pcie04: HPC vendor_id 15ad device_id 7a0 ss_vid 15ad ss_did 7a0
[    0.548365] pciehp 0000:00:18.3:pcie04: service driver pciehp loaded
[    0.548399] pciehp 0000:00:18.4:pcie04: HPC vendor_id 15ad device_id 7a0 ss_vid 15ad ss_did 7a0
[    0.548433] pciehp 0000:00:18.4:pcie04: service driver pciehp loaded
[    0.548468] pciehp 0000:00:18.5:pcie04: HPC vendor_id 15ad device_id 7a0 ss_vid 15ad ss_did 7a0
[    0.548502] pciehp 0000:00:18.5:pcie04: service driver pciehp loaded
[    0.548536] pciehp 0000:00:18.6:pcie04: HPC vendor_id 15ad device_id 7a0 ss_vid 15ad ss_did 7a0
[    0.548571] pciehp 0000:00:18.6:pcie04: service driver pciehp loaded
[    0.548605] pciehp 0000:00:18.7:pcie04: HPC vendor_id 15ad device_id 7a0 ss_vid 15ad ss_did 7a0
[    0.548639] pciehp 0000:00:18.7:pcie04: service driver pciehp loaded
[    0.548647] pciehp: PCI Express Hot Plug Controller Driver version: 0.4
[    0.548681] ACPI: Deprecated procfs I/F for AC is loaded, please retry with CONFIG_ACPI_PROCFS_POWER cleared
[    0.548719] ACPI: AC Adapter [ACAD] (on-line)
[    0.554198] input: Power Button as /devices/LNXSYSTM:00/LNXPWRBN:00/input/input0
[    0.554205] ACPI: Power Button [PWRF]
[    0.578105] ERST: Table is not found!
[    0.578109] GHES: HEST is not enabled!
[    0.578224] Serial: 8250/16550 driver, 32 ports, IRQ sharing enabled
[    0.601934] serial8250: ttyS0 at I/O 0x3f8 (irq = 4) is a 16550A
[    0.601965] isapnp: Scanning for PnP cards...
[    0.737833] serial8250: ttyS1 at I/O 0x2f8 (irq = 3) is a 16550A
[    0.781674] 00:0a: ttyS0 at I/O 0x3f8 (irq = 4) is a 16550A
[    0.869706] 00:0b: ttyS1 at I/O 0x2f8 (irq = 3) is a 16550A
[    0.889839] Linux agpgart interface v0.103
[    0.889890] agpgart-intel 0000:00:00.0: Intel 440BX Chipset
[    0.889983] agpgart-intel 0000:00:00.0: AGP aperture is 256M @ 0x0
[    0.890874] brd: module loaded
[    0.891377] loop: module loaded
[    0.891428] ata_piix 0000:00:07.1: version 2.13
[    0.891508] scsi0 : ata_piix
[    0.893646] scsi1 : ata_piix
[    0.893697] ata1: PATA max UDMA/33 cmd 0x1f0 ctl 0x3f6 bmdma 0x10c0 irq 14
[    0.893700] ata2: PATA max UDMA/33 cmd 0x170 ctl 0x376 bmdma 0x10c8 irq 15
[    0.893755] Fixed MDIO Bus: probed
[    0.893768] tun: Universal TUN/TAP device driver, 1.6
[    0.893770] tun: (C) 1999-2004 Max Krasnyansky <maxk@qualcomm.com>
[    0.893838] PPP generic driver version 2.4.2
[    0.893922] ehci_hcd: USB 2.0 'Enhanced' Host Controller (EHCI) Driver
[    0.893954] ehci_hcd 0000:02:03.0: PCI INT A -> Link[LNKB] -> GSI 11 (level, low) -> IRQ 11
[    0.894002] ehci_hcd 0000:02:03.0: EHCI Host Controller
[    0.894058] ehci_hcd 0000:02:03.0: new USB bus registered, assigned bus number 1
[    0.894110] ehci_hcd 0000:02:03.0: cache line size of 32 is not supported
[    0.894118] ehci_hcd 0000:02:03.0: irq 11, io mem 0xc9000000
[    0.905621] ehci_hcd 0000:02:03.0: USB 2.0 started, EHCI 1.00
[    0.905743] hub 1-0:1.0: USB hub found
[    0.905748] hub 1-0:1.0: 6 ports detected
[    0.905800] ohci_hcd: USB 1.1 'Open' Host Controller (OHCI) Driver
[    0.905813] uhci_hcd: USB Universal Host Controller Interface driver
[    0.905853] uhci_hcd 0000:02:00.0: PCI INT A -> Link[LNKC] -> GSI 10 (level, low) -> IRQ 10
[    0.905900] uhci_hcd 0000:02:00.0: UHCI Host Controller
[    0.905946] uhci_hcd 0000:02:00.0: new USB bus registered, assigned bus number 2
[    0.906054] uhci_hcd 0000:02:00.0: irq 10, io base 0x000020c0
[    0.906170] hub 2-0:1.0: USB hub found
[    0.906176] hub 2-0:1.0: 2 ports detected
[    0.906228] usbcore: registered new interface driver libusual
[    0.906272] i8042: PNP: PS/2 Controller [PNP0303:KBC,PNP0f13:MOUS] at 0x60,0x64 irq 1,12
[    0.906611] serio: i8042 KBD port at 0x60,0x64 irq 1
[    0.906620] serio: i8042 AUX port at 0x60,0x64 irq 12
[    0.906755] mousedev: PS/2 mouse device common for all mice
[    0.907064] rtc_cmos 00:04: rtc core: registered rtc_cmos as rtc0
[    0.907083] rtc0: alarms up to one month, y3k, 114 bytes nvram, hpet irqs
[    0.907134] device-mapper: uevent: version 1.0.3
[    0.907198] device-mapper: ioctl: 4.22.0-ioctl (2011-10-19) initialised: dm-devel@redhat.com
[    0.907231] EISA: Probing bus 0 at eisa.0
[    0.907233] EISA: Cannot allocate resource for mainboard
[    0.907235] Cannot allocate resource for EISA slot 1
[    0.907237] Cannot allocate resource for EISA slot 2
[    0.907238] Cannot allocate resource for EISA slot 3
[    0.907240] Cannot allocate resource for EISA slot 4
[    0.907241] Cannot allocate resource for EISA slot 5
[    0.907243] Cannot allocate resource for EISA slot 6
[    0.907245] Cannot allocate resource for EISA slot 7
[    0.907246] Cannot allocate resource for EISA slot 8
[    0.907248] EISA: Detected 0 cards.
[    0.907255] cpufreq-nforce2: No nForce2 chipset.
[    0.907257] cpuidle: using governor ladder
[    0.907259] cpuidle: using governor menu
[    0.907261] EFI Variables Facility v0.08 2004-May-17
[    0.907312] TCP cubic registered
[    0.907364] NET: Registered protocol family 10
[    0.907499] NET: Registered protocol family 17
[    0.907506] Registering the dns_resolver key type
[    0.907519] Using IPI No-Shortcut mode
[    0.907596] PM: Hibernation image not present or could not be loaded.
[    0.907613] registered taskstats version 1
[    1.037462] input: AT Translated Set 2 keyboard as /devices/platform/i8042/serio0/input/input1
[    1.224724] isapnp: No Plug & Play device found
[    1.225256] Freeing initrd memory: 13836k freed
[    1.225737] ata2.00: ATAPI: VMware Virtual IDE CDROM Drive, 00000001, max UDMA/33
[    1.227879] ata2.00: configured for UDMA/33
[    1.229139]   Magic number: 13:871:732
[    1.249101] rtc_cmos 00:04: setting system clock to 2013-05-27 11:43:03 UTC (1369654983)
[    1.249308] scsi 1:0:0:0: CD-ROM            NECVMWar VMware IDE CDR10 1.00 PQ: 0 ANSI: 5
[    1.249482] BIOS EDD facility v0.16 2004-Jun-25, 0 devices found
[    1.249506] EDD information not available.
[    1.250044] sr0: scsi3-mmc drive: 306x/306x cd/rw xa/form2 cdda tray
[    1.250047] cdrom: Uniform CD-ROM driver Revision: 3.20
[    1.250130] sr 1:0:0:0: Attached scsi CD-ROM sr0
[    1.250247] sr 1:0:0:0: Attached scsi generic sg0 type 5
[    1.250308] Freeing unused kernel memory: 740k freed
[    1.250359] Write protecting the kernel text: 5816k
[    1.250369] Write protecting the kernel read-only data: 2376k
[    1.250371] NX-protecting the kernel data: 4424k
[    1.260989] udevd[85]: starting version 175
[    1.281031] usb 2-1: new full-speed USB device number 2 using uhci_hcd
[    1.281451] VMware vmxnet3 virtual NIC driver - version 1.1.29.0-k-NAPI
[    1.282604] VMware PVSCSI driver - version 1.0.1.0-k
[    1.288499] VMware vmxnet virtual NIC driver
[    1.288550] ACPI: PCI Interrupt Link [LNKD] enabled at IRQ 5
[    1.288554] PCI: setting IRQ 5 as level-triggered
[    1.288561] vmxnet 0000:02:01.0: PCI INT A -> Link[LNKD] -> GSI 5 (level, low) -> IRQ 5
[    1.289093] Found vmxnet/PCI at 0x2024, irq 5.
[    1.289173] features:
[    1.289184] numRxBuffers = 100, numRxBuffers2 = 1
[    1.289236] vmxnet 0000:02:01.0: eth0: set_features() failed (-1); wanted 0x00004000, left 0x00004800
[    1.309878] Fusion MPT base driver 3.04.20
[    1.309881] Copyright (c) 1999-2008 LSI Corporation
[    1.310089] Fusion MPT SPI Host driver 3.04.20
[    1.310141] mptspi 0000:00:10.0: PCI INT A -> Link[LNKB] -> GSI 11 (level, low) -> IRQ 11
[    1.315879] mptbase: ioc0: Initiating bringup
[    1.333140] Floppy drive(s): fd0 is 1.44M
[    1.349123] FDC 0 is a post-1991 82077
[    1.384954] ioc0: LSI53C1030 B0: Capabilities={Initiator}
[    1.413939] input: VMware VMware Virtual USB Mouse as /devices/pci0000:00/0000:00:11.0/0000:02:00.0/usb2/2-1/2-1:1.0/input/input2
[    1.414109] generic-usb 0003:0E0F:0003.0001: input,hidraw0: USB HID v1.10 Mouse [VMware VMware Virtual USB Mouse] on usb-0000:02:00.0-1/input0
[    1.414579] input: VMware VMware Virtual USB Mouse as /devices/pci0000:00/0000:00:11.0/0000:02:00.0/usb2/2-1/2-1:1.1/input/input3
[    1.414737] generic-usb 0003:0E0F:0003.0002: input,hidraw1: USB HID v1.10 Mouse [VMware VMware Virtual USB Mouse] on usb-0000:02:00.0-1/input1
[    1.414748] usbcore: registered new interface driver usbhid
[    1.414750] usbhid: USB HID core driver
[    1.524660] usb 2-2: new full-speed USB device number 3 using uhci_hcd
[    1.544705] scsi2 : ioc0: LSI53C1030 B0, FwRev=01032920h, Ports=1, MaxQ=128, IRQ=11
[    1.654470] hub 2-2:1.0: USB hub found
[    1.656588] hub 2-2:1.0: 7 ports detected
[    1.657807] scsi 2:0:0:0: Direct-Access     VMware,  VMware Virtual S 1.0  PQ: 0 ANSI: 2
[    1.657818] scsi target2:0:0: Beginning Domain Validation
[    1.658644] scsi target2:0:0: Domain Validation skipping write tests
[    1.658648] scsi target2:0:0: Ending Domain Validation
[    1.658717] scsi target2:0:0: FAST-40 WIDE SCSI 80.0 MB/s ST (25 ns, offset 127)
[    1.661236] sd 2:0:0:0: [sda] 41943040 512-byte logical blocks: (21.4 GB/20.0 GiB)
[    1.661311] sd 2:0:0:0: [sda] Write Protect is off
[    1.661316] sd 2:0:0:0: [sda] Mode Sense: 61 00 00 00
[    1.661388] sd 2:0:0:0: [sda] Cache data unavailable
[    1.661392] sd 2:0:0:0: [sda] Assuming drive cache: write through
[    1.661797] sd 2:0:0:0: [sda] Cache data unavailable
[    1.661801] sd 2:0:0:0: [sda] Assuming drive cache: write through
[    1.662887] sd 2:0:0:0: Attached scsi generic sg1 type 0
[    1.663787]  sda: sda1 sda2 < sda5 >
[    1.664293] sd 2:0:0:0: [sda] Cache data unavailable
[    1.664297] sd 2:0:0:0: [sda] Assuming drive cache: write through
[    1.664300] sd 2:0:0:0: [sda] Attached SCSI disk
[    1.704755] EXT4-fs (sda1): INFO: recovery required on readonly filesystem
[    1.704759] EXT4-fs (sda1): write access will be enabled during recovery
[    1.871494] EXT4-fs (sda1): recovery complete
[    1.872115] EXT4-fs (sda1): mounted filesystem with ordered data mode. Opts: (null)
[    3.509707] ADDRCONF(NETDEV_UP): eth0: link is not ready
[    3.516375] udevd[328]: starting version 175
[    3.557202] lp: driver loaded but no devices found
[    3.567436] Adding 1046524k swap on /dev/sda5.  Priority:-1 extents:1 across:1046524k 
[    3.655425] EXT4-fs (sda1): re-mounted. Opts: errors=remount-ro
[    3.670295] shpchp: Standard Hot Plug PCI Controller Driver version: 0.4
[    3.700383] [374]: VMCI: shared components initialized.
[    3.700408] Probing for vmci/PCI.
[    3.700567] ACPI: PCI Interrupt Link [LNKA] enabled at IRQ 9
[    3.700570] PCI: setting IRQ 9 as level-triggered
[    3.700575] vmci 0000:00:07.7: PCI INT A -> Link[LNKA] -> GSI 9 (level, low) -> IRQ 9
[    3.700618] Found vmci/PCI at 0x1080, irq 9.
[    3.700650] VMCI: using capabilities 0xc.
[    3.700719] [374]: VMCI: Host capability check passed.
[    3.700973] vmci 0000:00:07.7: irq 72 for MSI/MSI-X
[    3.701005] vmci 0000:00:07.7: irq 73 for MSI/MSI-X
[    3.701216] Registered vmci device.
[    3.743344] piix4_smbus 0000:00:07.3: Host SMBus controller not enabled!
[    3.743675] [374]: VMCI: Using guest personality
[    3.743679] [374]: VMCI: host components initialized.
[    3.744594] [374]: VMCI: Module registered (name=vmci,major=10,minor=57).
[    3.744598] [374]: VMCI: Using host personality
[    3.744601] [374]: VMCI: Module (name=vmci) is initialized
[    3.779953] ppdev: user-space parallel port driver
[    3.781222] parport_pc 00:09: reported by Plug and Play ACPI
[    3.781461] parport0: PC-style at 0x378, irq 7 [PCSPP,TRISTATE]
[    3.789469] Bluetooth: Core ver 2.16
[    3.791264] NET: Registered protocol family 31
[    3.791267] Bluetooth: HCI device and connection manager initialized
[    3.791270] Bluetooth: HCI socket layer initialized
[    3.791271] Bluetooth: L2CAP socket layer initialized
[    3.791277] Bluetooth: SCO socket layer initialized
[    3.816188] Bluetooth: BNEP (Ethernet Emulation) ver 1.3
[    3.816191] Bluetooth: BNEP filters: protocol multicast
[    3.826891] Bluetooth: RFCOMM TTY layer initialized
[    3.826896] Bluetooth: RFCOMM socket layer initialized
[    3.826897] Bluetooth: RFCOMM ver 1.11
[    3.877384] lp0: using parport0 (interrupt-driven).
[    3.887934] type=1400 audit(1369654986.136:2): apparmor="STATUS" operation="profile_load" name="/usr/lib/cups/backend/cups-pdf" pid=579 comm="apparmor_parser"
[    3.889742] type=1400 audit(1369654986.140:3): apparmor="STATUS" operation="profile_load" name="/usr/sbin/cupsd" pid=579 comm="apparmor_parser"
[    3.983525] type=1400 audit(1369654986.232:4): apparmor="STATUS" operation="profile_load" name="/sbin/dhclient" pid=608 comm="apparmor_parser"
[    3.984478] type=1400 audit(1369654986.232:5): apparmor="STATUS" operation="profile_load" name="/usr/lib/NetworkManager/nm-dhcp-client.action" pid=608 comm="apparmor_parser"
[    3.984675] type=1400 audit(1369654986.232:6): apparmor="STATUS" operation="profile_load" name="/usr/lib/connman/scripts/dhclient-script" pid=608 comm="apparmor_parser"
[    4.101720] input: ImPS/2 Generic Wheel Mouse as /devices/platform/i8042/serio1/input/input4
[    4.274904] snd_ens1371 0000:02:02.0: PCI INT A -> Link[LNKA] -> GSI 9 (level, low) -> IRQ 9
[    4.287367] init: failsafe main process (675) killed by TERM signal
[    4.330371] type=1400 audit(1369654986.580:7): apparmor="STATUS" operation="profile_load" name="/usr/lib/lightdm/lightdm/lightdm-guest-session-wrapper" pid=792 comm="apparmor_parser"
[    4.330739] type=1400 audit(1369654986.580:8): apparmor="STATUS" operation="profile_replace" name="/sbin/dhclient" pid=793 comm="apparmor_parser"
[    4.330804] type=1400 audit(1369654986.580:9): apparmor="STATUS" operation="profile_replace" name="/usr/lib/NetworkManager/nm-dhcp-client.action" pid=793 comm="apparmor_parser"
[    4.330854] type=1400 audit(1369654986.580:10): apparmor="STATUS" operation="profile_replace" name="/usr/lib/connman/scripts/dhclient-script" pid=793 comm="apparmor_parser"
[    4.533631] init: alsa-restore main process (885) terminated with status 19
