[    0.000000] Initializing cgroup subsys cpuset
[    0.000000] Initializing cgroup subsys cpu
[    0.000000] Linux version 3.2.0-29-generic-pae (buildd@roseapple) (gcc version 4.6.3 (Ubuntu/Linaro 4.6.3-1ubuntu5) ) #46-Ubuntu SMP Fri Jul 27 17:25:43 UTC 2012 (Ubuntu 3.2.0-29.46-generic-pae 3.2.24)
[    0.000000] KERNEL supported cpus:
[    0.000000]   Intel GenuineIntel
[    0.000000]   AMD AuthenticAMD
[    0.000000]   NSC Geode by NSC
[    0.000000]   Cyrix CyrixInstead
[    0.000000]   Centaur CentaurHauls
[    0.000000]   Transmeta GenuineTMx86
[    0.000000]   Transmeta TransmetaCPU
[    0.000000]   UMC UMC UMC UMC
[    0.000000] Disabled fast string operations
[    0.000000] BIOS-provided physical RAM map:
[    0.000000]  BIOS-e820: 0000000000000000 - 000000000009f000 (usable)
[    0.000000]  BIOS-e820: 000000000009f000 - 00000000000a0000 (reserved)
[    0.000000]  BIOS-e820: 00000000000ca000 - 00000000000cc000 (reserved)
[    0.000000]  BIOS-e820: 00000000000dc000 - 0000000000100000 (reserved)
[    0.000000]  BIOS-e820: 0000000000100000 - 000000003fee0000 (usable)
[    0.000000]  BIOS-e820: 000000003fee0000 - 000000003feff000 (ACPI data)
[    0.000000]  BIOS-e820: 000000003feff000 - 000000003ff00000 (ACPI NVS)
[    0.000000]  BIOS-e820: 000000003ff00000 - 0000000040000000 (usable)
[    0.000000]  BIOS-e820: 00000000e0000000 - 00000000f0000000 (reserved)
[    0.000000]  BIOS-e820: 00000000fec00000 - 00000000fec10000 (reserved)
[    0.000000]  BIOS-e820: 00000000fee00000 - 00000000fee01000 (reserved)
[    0.000000]  BIOS-e820: 00000000fffe0000 - 0000000100000000 (reserved)
[    0.000000] NX (Execute Disable) protection: active
[    0.000000] DMI present.
[    0.000000] DMI: VMware, Inc. VMware Virtual Platform/440BX Desktop Reference Platform, BIOS 6.00 07/02/2012
[    0.000000] Hypervisor detected: VMware
[    0.000000] e820 update range: 0000000000000000 - 0000000000010000 (usable) ==> (reserved)
[    0.000000] e820 remove range: 00000000000a0000 - 0000000000100000 (usable)
[    0.000000] last_pfn = 0x40000 max_arch_pfn = 0x1000000
[    0.000000] MTRR default type: uncachable
[    0.000000] MTRR fixed ranges enabled:
[    0.000000]   00000-9FFFF write-back
[    0.000000]   A0000-BFFFF uncachable
[    0.000000]   C0000-CBFFF write-protect
[    0.000000]   CC000-EFFFF uncachable
[    0.000000]   F0000-FFFFF write-protect
[    0.000000] MTRR variable ranges enabled:
[    0.000000]   0 base 0000000000 mask FFC0000000 write-back
[    0.000000]   1 disabled
[    0.000000]   2 disabled
[    0.000000]   3 disabled
[    0.000000]   4 disabled
[    0.000000]   5 disabled
[    0.000000]   6 disabled
[    0.000000]   7 disabled
[    0.000000] x86 PAT enabled: cpu 0, old 0x0, new 0x7010600070106
[    0.000000] found SMP MP-table at [c00f6bf0] f6bf0
[    0.000000] initial memory mapped : 0 - 02000000
[    0.000000] Base memory trampoline at [c009b000] 9b000 size 16384
[    0.000000] init_memory_mapping: 0000000000000000-0000000037bfe000
[    0.000000]  0000000000 - 0000200000 page 4k
[    0.000000]  0000200000 - 0037a00000 page 2M
[    0.000000]  0037a00000 - 0037bfe000 page 4k
[    0.000000] kernel direct mapping tables up to 37bfe000 @ 1ffb000-2000000
[    0.000000] RAMDISK: 364ea000 - 3726d000
[    0.000000] ACPI: RSDP 000f6b80 00024 (v02 PTLTD )
[    0.000000] ACPI: XSDT 3feed636 0005C (v01 INTEL  440BX    06040000 VMW  01324272)
[    0.000000] ACPI: FACP 3fefee98 000F4 (v04 INTEL  440BX    06040000 PTL  000F4240)
[    0.000000] ACPI: DSDT 3feee366 10B32 (v01 PTLTD  Custom   06040000 MSFT 03000001)
[    0.000000] ACPI: FACS 3fefffc0 00040
[    0.000000] ACPI: BOOT 3feee33e 00028 (v01 PTLTD  $SBFTBL$ 06040000  LTP 00000001)
[    0.000000] ACPI: APIC 3feedc3e 003C2 (v01 PTLTD  ? APIC   06040000  LTP 00000000)
[    0.000000] ACPI: MCFG 3feedc02 0003C (v01 PTLTD  $PCITBL$ 06040000  LTP 00000001)
[    0.000000] ACPI: SRAT 3feed732 004D0 (v02 VMWARE MEMPLUG  06040000 VMW  00000001)
[    0.000000] ACPI: HPET 3feed6fa 00038 (v01 VMWARE VMW HPET 06040000 VMW  00000001)
[    0.000000] ACPI: WAET 3feed6d2 00028 (v01 VMWARE VMW WAET 06040000 VMW  00000001)
[    0.000000] ACPI: Local APIC address 0xfee00000
[    0.000000] 132MB HIGHMEM available.
[    0.000000] 891MB LOWMEM available.
[    0.000000]   mapped low ram: 0 - 37bfe000
[    0.000000]   low ram: 0 - 37bfe000
[    0.000000] Zone PFN ranges:
[    0.000000]   DMA      0x00000010 -> 0x00001000
[    0.000000]   Normal   0x00001000 -> 0x00037bfe
[    0.000000]   HighMem  0x00037bfe -> 0x00040000
[    0.000000] Movable zone start PFN for each node
[    0.000000] early_node_map[3] active PFN ranges
[    0.000000]     0: 0x00000010 -> 0x0000009f
[    0.000000]     0: 0x00000100 -> 0x0003fee0
[    0.000000]     0: 0x0003ff00 -> 0x00040000
[    0.000000] On node 0 totalpages: 261999
[    0.000000] free_area_init_node: node 0, pgdat c1866a40, node_mem_map f73fd200
[    0.000000]   DMA zone: 32 pages used for memmap
[    0.000000]   DMA zone: 0 pages reserved
[    0.000000]   DMA zone: 3951 pages, LIFO batch:0
[    0.000000]   Normal zone: 1752 pages used for memmap
[    0.000000]   Normal zone: 222502 pages, LIFO batch:31
[    0.000000]   HighMem zone: 265 pages used for memmap
[    0.000000]   HighMem zone: 33497 pages, LIFO batch:7
[    0.000000] Using APIC driver default
[    0.000000] ACPI: PM-Timer IO Port: 0x1008
[    0.000000] ACPI: Local APIC address 0xfee00000
[    0.000000] ACPI: LAPIC (acpi_id[0x00] lapic_id[0x00] enabled)
[    0.000000] ACPI: LAPIC (acpi_id[0x01] lapic_id[0x02] disabled)
[    0.000000] ACPI: LAPIC (acpi_id[0x02] lapic_id[0x04] disabled)
[    0.000000] ACPI: LAPIC (acpi_id[0x03] lapic_id[0x06] disabled)
[    0.000000] ACPI: LAPIC (acpi_id[0x04] lapic_id[0x08] disabled)
[    0.000000] ACPI: LAPIC (acpi_id[0x05] lapic_id[0x0a] disabled)
[    0.000000] ACPI: LAPIC (acpi_id[0x06] lapic_id[0x0c] disabled)
[    0.000000] ACPI: LAPIC (acpi_id[0x07] lapic_id[0x0e] disabled)
[    0.000000] ACPI: LAPIC (acpi_id[0x08] lapic_id[0x10] disabled)
[    0.000000] ACPI: LAPIC (acpi_id[0x09] lapic_id[0x12] disabled)
[    0.000000] ACPI: LAPIC (acpi_id[0x0a] lapic_id[0x14] disabled)
[    0.000000] ACPI: LAPIC (acpi_id[0x0b] lapic_id[0x16] disabled)
[    0.000000] ACPI: LAPIC (acpi_id[0x0c] lapic_id[0x18] disabled)
[    0.000000] ACPI: LAPIC (acpi_id[0x0d] lapic_id[0x1a] disabled)
[    0.000000] ACPI: LAPIC (acpi_id[0x0e] lapic_id[0x1c] disabled)
[    0.000000] ACPI: LAPIC (acpi_id[0x0f] lapic_id[0x1e] disabled)
[    0.000000] ACPI: LAPIC (acpi_id[0x10] lapic_id[0x20] disabled)
[    0.000000] ACPI: LAPIC (acpi_id[0x11] lapic_id[0x22] disabled)
[    0.000000] ACPI: LAPIC (acpi_id[0x12] lapic_id[0x24] disabled)
[    0.000000] ACPI: LAPIC (acpi_id[0x13] lapic_id[0x26] disabled)
[    0.000000] ACPI: LAPIC (acpi_id[0x14] lapic_id[0x28] disabled)
[    0.000000] ACPI: LAPIC (acpi_id[0x15] lapic_id[0x2a] disabled)
[    0.000000] ACPI: LAPIC (acpi_id[0x16] lapic_id[0x2c] disabled)
[    0.000000] ACPI: LAPIC (acpi_id[0x17] lapic_id[0x2e] disabled)
[    0.000000] ACPI: LAPIC (acpi_id[0x18] lapic_id[0x30] disabled)
[    0.000000] ACPI: LAPIC (acpi_id[0x19] lapic_id[0x32] disabled)
[    0.000000] ACPI: LAPIC (acpi_id[0x1a] lapic_id[0x34] disabled)
[    0.000000] ACPI: LAPIC (acpi_id[0x1b] lapic_id[0x36] disabled)
[    0.000000] ACPI: LAPIC (acpi_id[0x1c] lapic_id[0x38] disabled)
[    0.000000] ACPI: LAPIC (acpi_id[0x1d] lapic_id[0x3a] disabled)
[    0.000000] ACPI: LAPIC (acpi_id[0x1e] lapic_id[0x3c] disabled)
[    0.000000] ACPI: LAPIC (acpi_id[0x1f] lapic_id[0x3e] disabled)
[    0.000000] ACPI: LAPIC (acpi_id[0x20] lapic_id[0x40] disabled)
[    0.000000] ACPI: LAPIC (acpi_id[0x21] lapic_id[0x42] disabled)
[    0.000000] ACPI: LAPIC (acpi_id[0x22] lapic_id[0x44] disabled)
[    0.000000] ACPI: LAPIC (acpi_id[0x23] lapic_id[0x46] disabled)
[    0.000000] ACPI: LAPIC (acpi_id[0x24] lapic_id[0x48] disabled)
[    0.000000] ACPI: LAPIC (acpi_id[0x25] lapic_id[0x4a] disabled)
[    0.000000] ACPI: LAPIC (acpi_id[0x26] lapic_id[0x4c] disabled)
[    0.000000] ACPI: LAPIC (acpi_id[0x27] lapic_id[0x4e] disabled)
[    0.000000] ACPI: LAPIC (acpi_id[0x28] lapic_id[0x50] disabled)
[    0.000000] ACPI: LAPIC (acpi_id[0x29] lapic_id[0x52] disabled)
[    0.000000] ACPI: LAPIC (acpi_id[0x2a] lapic_id[0x54] disabled)
[    0.000000] ACPI: LAPIC (acpi_id[0x2b] lapic_id[0x56] disabled)
[    0.000000] ACPI: LAPIC (acpi_id[0x2c] lapic_id[0x58] disabled)
[    0.000000] ACPI: LAPIC (acpi_id[0x2d] lapic_id[0x5a] disabled)
[    0.000000] ACPI: LAPIC (acpi_id[0x2e] lapic_id[0x5c] disabled)
[    0.000000] ACPI: LAPIC (acpi_id[0x2f] lapic_id[0x5e] disabled)
[    0.000000] ACPI: LAPIC (acpi_id[0x30] lapic_id[0x60] disabled)
[    0.000000] ACPI: LAPIC (acpi_id[0x31] lapic_id[0x62] disabled)
[    0.000000] ACPI: LAPIC (acpi_id[0x32] lapic_id[0x64] disabled)
[    0.000000] ACPI: LAPIC (acpi_id[0x33] lapic_id[0x66] disabled)
[    0.000000] ACPI: LAPIC (acpi_id[0x34] lapic_id[0x68] disabled)
[    0.000000] ACPI: LAPIC (acpi_id[0x35] lapic_id[0x6a] disabled)
[    0.000000] ACPI: LAPIC (acpi_id[0x36] lapic_id[0x6c] disabled)
[    0.000000] ACPI: LAPIC (acpi_id[0x37] lapic_id[0x6e] disabled)
[    0.000000] ACPI: LAPIC (acpi_id[0x38] lapic_id[0x70] disabled)
[    0.000000] ACPI: LAPIC (acpi_id[0x39] lapic_id[0x72] disabled)
[    0.000000] ACPI: LAPIC (acpi_id[0x3a] lapic_id[0x74] disabled)
[    0.000000] ACPI: LAPIC (acpi_id[0x3b] lapic_id[0x76] disabled)
[    0.000000] ACPI: LAPIC (acpi_id[0x3c] lapic_id[0x78] disabled)
[    0.000000] ACPI: LAPIC (acpi_id[0x3d] lapic_id[0x7a] disabled)
[    0.000000] ACPI: LAPIC (acpi_id[0x3e] lapic_id[0x7c] disabled)
[    0.000000] ACPI: LAPIC (acpi_id[0x3f] lapic_id[0x7e] disabled)
[    0.000000] ACPI: LAPIC_NMI (acpi_id[0x00] high edge lint[0x1])
[    0.000000] ACPI: LAPIC_NMI (acpi_id[0x01] high edge lint[0x1])
[    0.000000] ACPI: LAPIC_NMI (acpi_id[0x02] high edge lint[0x1])
[    0.000000] ACPI: LAPIC_NMI (acpi_id[0x03] high edge lint[0x1])
[    0.000000] ACPI: LAPIC_NMI (acpi_id[0x04] high edge lint[0x1])
[    0.000000] ACPI: LAPIC_NMI (acpi_id[0x05] high edge lint[0x1])
[    0.000000] ACPI: LAPIC_NMI (acpi_id[0x06] high edge lint[0x1])
[    0.000000] ACPI: LAPIC_NMI (acpi_id[0x07] high edge lint[0x1])
[    0.000000] ACPI: LAPIC_NMI (acpi_id[0x08] high edge lint[0x1])
[    0.000000] ACPI: LAPIC_NMI (acpi_id[0x09] high edge lint[0x1])
[    0.000000] ACPI: LAPIC_NMI (acpi_id[0x0a] high edge lint[0x1])
[    0.000000] ACPI: LAPIC_NMI (acpi_id[0x0b] high edge lint[0x1])
[    0.000000] ACPI: LAPIC_NMI (acpi_id[0x0c] high edge lint[0x1])
[    0.000000] ACPI: LAPIC_NMI (acpi_id[0x0d] high edge lint[0x1])
[    0.000000] ACPI: LAPIC_NMI (acpi_id[0x0e] high edge lint[0x1])
[    0.000000] ACPI: LAPIC_NMI (acpi_id[0x0f] high edge lint[0x1])
[    0.000000] ACPI: LAPIC_NMI (acpi_id[0x10] high edge lint[0x1])
[    0.000000] ACPI: LAPIC_NMI (acpi_id[0x11] high edge lint[0x1])
[    0.000000] ACPI: LAPIC_NMI (acpi_id[0x12] high edge lint[0x1])
[    0.000000] ACPI: LAPIC_NMI (acpi_id[0x13] high edge lint[0x1])
[    0.000000] ACPI: LAPIC_NMI (acpi_id[0x14] high edge lint[0x1])
[    0.000000] ACPI: LAPIC_NMI (acpi_id[0x15] high edge lint[0x1])
[    0.000000] ACPI: LAPIC_NMI (acpi_id[0x16] high edge lint[0x1])
[    0.000000] ACPI: LAPIC_NMI (acpi_id[0x17] high edge lint[0x1])
[    0.000000] ACPI: LAPIC_NMI (acpi_id[0x18] high edge lint[0x1])
[    0.000000] ACPI: LAPIC_NMI (acpi_id[0x19] high edge lint[0x1])
[    0.000000] ACPI: LAPIC_NMI (acpi_id[0x1a] high edge lint[0x1])
[    0.000000] ACPI: LAPIC_NMI (acpi_id[0x1b] high edge lint[0x1])
[    0.000000] ACPI: LAPIC_NMI (acpi_id[0x1c] high edge lint[0x1])
[    0.000000] ACPI: LAPIC_NMI (acpi_id[0x1d] high edge lint[0x1])
[    0.000000] ACPI: LAPIC_NMI (acpi_id[0x1e] high edge lint[0x1])
[    0.000000] ACPI: LAPIC_NMI (acpi_id[0x1f] high edge lint[0x1])
[    0.000000] ACPI: LAPIC_NMI (acpi_id[0x20] high edge lint[0x1])
[    0.000000] ACPI: LAPIC_NMI (acpi_id[0x21] high edge lint[0x1])
[    0.000000] ACPI: LAPIC_NMI (acpi_id[0x22] high edge lint[0x1])
[    0.000000] ACPI: LAPIC_NMI (acpi_id[0x23] high edge lint[0x1])
[    0.000000] ACPI: LAPIC_NMI (acpi_id[0x24] high edge lint[0x1])
[    0.000000] ACPI: LAPIC_NMI (acpi_id[0x25] high edge lint[0x1])
[    0.000000] ACPI: LAPIC_NMI (acpi_id[0x26] high edge lint[0x1])
[    0.000000] ACPI: LAPIC_NMI (acpi_id[0x27] high edge lint[0x1])
[    0.000000] ACPI: LAPIC_NMI (acpi_id[0x28] high edge lint[0x1])
[    0.000000] ACPI: LAPIC_NMI (acpi_id[0x29] high edge lint[0x1])
[    0.000000] ACPI: LAPIC_NMI (acpi_id[0x2a] high edge lint[0x1])
[    0.000000] ACPI: LAPIC_NMI (acpi_id[0x2b] high edge lint[0x1])
[    0.000000] ACPI: LAPIC_NMI (acpi_id[0x2c] high edge lint[0x1])
[    0.000000] ACPI: LAPIC_NMI (acpi_id[0x2d] high edge lint[0x1])
[    0.000000] ACPI: LAPIC_NMI (acpi_id[0x2e] high edge lint[0x1])
[    0.000000] ACPI: LAPIC_NMI (acpi_id[0x2f] high edge lint[0x1])
[    0.000000] ACPI: LAPIC_NMI (acpi_id[0x30] high edge lint[0x1])
[    0.000000] ACPI: LAPIC_NMI (acpi_id[0x31] high edge lint[0x1])
[    0.000000] ACPI: LAPIC_NMI (acpi_id[0x32] high edge lint[0x1])
[    0.000000] ACPI: LAPIC_NMI (acpi_id[0x33] high edge lint[0x1])
[    0.000000] ACPI: LAPIC_NMI (acpi_id[0x34] high edge lint[0x1])
[    0.000000] ACPI: LAPIC_NMI (acpi_id[0x35] high edge lint[0x1])
[    0.000000] ACPI: LAPIC_NMI (acpi_id[0x36] high edge lint[0x1])
[    0.000000] ACPI: LAPIC_NMI (acpi_id[0x37] high edge lint[0x1])
[    0.000000] ACPI: LAPIC_NMI (acpi_id[0x38] high edge lint[0x1])
[    0.000000] ACPI: LAPIC_NMI (acpi_id[0x39] high edge lint[0x1])
[    0.000000] ACPI: LAPIC_NMI (acpi_id[0x3a] high edge lint[0x1])
[    0.000000] ACPI: LAPIC_NMI (acpi_id[0x3b] high edge lint[0x1])
[    0.000000] ACPI: LAPIC_NMI (acpi_id[0x3c] high edge lint[0x1])
[    0.000000] ACPI: LAPIC_NMI (acpi_id[0x3d] high edge lint[0x1])
[    0.000000] ACPI: LAPIC_NMI (acpi_id[0x3e] high edge lint[0x1])
[    0.000000] ACPI: LAPIC_NMI (acpi_id[0x3f] high edge lint[0x1])
[    0.000000] ACPI: Skipping IOAPIC probe due to 'noapic' option.
[    0.000000] Using ACPI for processor (LAPIC) configuration information
[    0.000000] ACPI: HPET id: 0x8086af01 base: 0xfed00000
[    0.000000] Intel MultiProcessor Specification v1.4
[    0.000000]     Virtual Wire compatibility mode.
[    0.000000] MPTABLE: OEM ID: INTEL   
[    0.000000] MPTABLE: Product ID: 440BX       
[    0.000000] MPTABLE: APIC at: 0xFEE00000
[    0.000000] IOAPIC[0]: apic_id 1, version 17, address 0xfec00000, GSI 0-23
[    0.000000] Processors: 1
[    0.000000] SMP: Allowing 1 CPUs, 0 hotplug CPUs
[    0.000000] nr_irqs_gsi: 40
[    0.000000] PM: Registered nosave memory: 000000000009f000 - 00000000000a0000
[    0.000000] PM: Registered nosave memory: 00000000000a0000 - 00000000000ca000
[    0.000000] PM: Registered nosave memory: 00000000000ca000 - 00000000000cc000
[    0.000000] PM: Registered nosave memory: 00000000000cc000 - 00000000000dc000
[    0.000000] PM: Registered nosave memory: 00000000000dc000 - 0000000000100000
[    0.000000] Allocating PCI resources starting at 40000000 (gap: 40000000:a0000000)
[    0.000000] Booting paravirtualized kernel on bare hardware
[    0.000000] setup_percpu: NR_CPUS:8 nr_cpumask_bits:8 nr_cpu_ids:1 nr_node_ids:1
[    0.000000] PERCPU: Embedded 14 pages/cpu @f73e8000 s34240 r0 d23104 u57344
[    0.000000] pcpu-alloc: s34240 r0 d23104 u57344 alloc=14*4096
[    0.000000] pcpu-alloc: [0] 0 
[    0.000000] Built 1 zonelists in Zone order, mobility grouping on.  Total pages: 259950
[    0.000000] Kernel command line: BOOT_IMAGE=/boot/vmlinuz-3.2.0-29-generic-pae root=UUID=007b598c-390d-4c65-84a1-4ff752d48633 ro quiet splash maxcpus=0
[    0.000000] PID hash table entries: 4096 (order: 2, 16384 bytes)
[    0.000000] Dentry cache hash table entries: 131072 (order: 7, 524288 bytes)
[    0.000000] Inode-cache hash table entries: 65536 (order: 6, 262144 bytes)
[    0.000000] Initializing CPU#0
[    0.000000] xsave/xrstor: enabled xstate_bv 0x7, cntxt size 0x340
[    0.000000] allocated 4194048 bytes of page_cgroup
[    0.000000] please try 'cgroup_disable=memory' option if you don't want memory cgroups
[    0.000000] Initializing HighMem for node 0 (00037bfe:00040000)
[    0.000000] Memory: 1010624k/1048576k available (5814k kernel code, 37372k reserved, 2841k data, 740k init, 135048k highmem)
[    0.000000] virtual kernel memory layout:
[    0.000000]     fixmap  : 0xfff16000 - 0xfffff000   ( 932 kB)
[    0.000000]     pkmap   : 0xffc00000 - 0xffe00000   (2048 kB)
[    0.000000]     vmalloc : 0xf83fe000 - 0xffbfe000   ( 120 MB)
[    0.000000]     lowmem  : 0xc0000000 - 0xf7bfe000   ( 891 MB)
[    0.000000]       .init : 0xc1875000 - 0xc192e000   ( 740 kB)
[    0.000000]       .data : 0xc15adb64 - 0xc1874240   (2841 kB)
[    0.000000]       .text : 0xc1000000 - 0xc15adb64   (5814 kB)
[    0.000000] Checking if this processor honours the WP bit even in supervisor mode...Ok.
[    0.000000] SLUB: Genslabs=15, HWalign=64, Order=0-3, MinObjects=0, CPUs=1, Nodes=1
[    0.000000] Hierarchical RCU implementation.
[    0.000000] 	RCU dyntick-idle grace-period acceleration is enabled.
[    0.000000] NR_IRQS:2304 nr_irqs:256 16
[    0.000000] CPU 0 irqstacks, hard=f5c08000 soft=f5c0a000
[    0.000000] Extended CMOS year: 2000
[    0.000000] Console: colour VGA+ 80x25
[    0.000000] console [tty0] enabled
[    0.000000] hpet clockevent registered
[    0.000000] TSC freq read from hypervisor : 2394.620 MHz
[    0.000000] Detected 2394.620 MHz processor.
[    0.000001] Calibrating delay loop (skipped) preset value.. 4789.24 BogoMIPS (lpj=9578480)
[    0.000005] pid_max: default: 32768 minimum: 301
[    0.000027] Security Framework initialized
[    0.000048] AppArmor: AppArmor initialized
[    0.000050] Yama: becoming mindful.
[    0.000104] Mount-cache hash table entries: 512
[    0.000223] Initializing cgroup subsys cpuacct
[    0.000229] Initializing cgroup subsys memory
[    0.000236] Initializing cgroup subsys devices
[    0.000238] Initializing cgroup subsys freezer
[    0.000240] Initializing cgroup subsys blkio
[    0.000248] Initializing cgroup subsys perf_event
[    0.000305] Disabled fast string operations
[    0.000309] CPU: Physical Processor ID: 0
[    0.000322] ENERGY_PERF_BIAS: Set to 'normal', was 'performance'
[    0.000323] ENERGY_PERF_BIAS: View and update with x86_energy_perf_policy(8)
[    0.001010] mce: CPU supports 0 MCE banks
[    0.001926] SMP alternatives: switching to UP code
[    0.023206] Freeing SMP alternatives: 24k freed
[    0.023212] ACPI: Core revision 20110623
[    0.030852] ACPI: setting ELCR to 0200 (from 0e20)
[    0.032184] ftrace: allocating 26545 entries in 52 pages
[    0.057650] SMP mode deactivated.
[    0.057688] SMP disabled
[    0.057690] Performance Events: generic architected perfmon v1, core PMU driver.
[    0.057705] ... version:                1
[    0.057706] ... bit width:              48
[    0.057708] ... generic registers:      4
[    0.057709] ... value mask:             0000ffffffffffff
[    0.057711] ... max period:             000000007fffffff
[    0.057713] ... fixed-purpose events:   0
[    0.057714] ... event mask:             000000000000000f
[    0.057886] NMI watchdog enabled, takes one hw-pmu counter.
[    0.057918] Brought up 1 CPUs
[    0.057920] Total of 1 processors activated (4789.24 BogoMIPS).
[    0.058086] devtmpfs: initialized
[    0.058192] EVM: security.selinux
[    0.058194] EVM: security.SMACK64
[    0.058195] EVM: security.capability
[    0.058234] PM: Registering ACPI NVS region at 3feff000 (4096 bytes)
[    0.059290] print_constraints: dummy: 
[    0.059381] RTC time: 11:31:48, date: 05/27/13
[    0.059433] NET: Registered protocol family 16
[    0.059536] EISA bus registered
[    0.059550] ACPI: bus type pci registered
[    0.059690] PCI: MMCONFIG for domain 0000 [bus 00-ff] at [mem 0xe0000000-0xefffffff] (base 0xe0000000)
[    0.059693] PCI: MMCONFIG at [mem 0xe0000000-0xefffffff] reserved in E820
[    0.059694] PCI: Using MMCONFIG for extended config space
[    0.059696] PCI: Using configuration type 1 for base access
[    0.060750] bio: create slab <bio-0> at 0
[    0.060841] ACPI: Added _OSI(Module Device)
[    0.060844] ACPI: Added _OSI(Processor Device)
[    0.060846] ACPI: Added _OSI(3.0 _SCP Extensions)
[    0.060848] ACPI: Added _OSI(Processor Aggregator Device)
[    0.063925] ACPI: EC: Look up EC in DSDT
[    0.071375] [Firmware Bug]: ACPI: BIOS _OSI(Linux) query ignored
[    0.082814] ACPI: Interpreter enabled
[    0.082822] ACPI: (supports S0 S1 S4 S5)
[    0.082832] ACPI: Using PIC for interrupt routing
[    0.133349] ACPI: No dock devices found.
[    0.133353] HEST: Table not found.
[    0.133359] PCI: Using host bridge windows from ACPI; if necessary, use "pci=nocrs" and report a bug
[    0.134259] ACPI: PCI Root Bridge [PCI0] (domain 0000 [bus 00-ff])
[    0.136165] pci_root PNP0A03:00: host bridge window [mem 0x000a0000-0x000bffff]
[    0.136169] pci_root PNP0A03:00: host bridge window [mem 0x000cc000-0x000cffff]
[    0.136171] pci_root PNP0A03:00: host bridge window [mem 0x000d0000-0x000d3fff]
[    0.136174] pci_root PNP0A03:00: host bridge window [mem 0x000d4000-0x000d7fff]
[    0.136176] pci_root PNP0A03:00: host bridge window [mem 0x000d8000-0x000dbfff]
[    0.136179] pci_root PNP0A03:00: host bridge window [mem 0xc0000000-0xfebfffff]
[    0.136182] pci_root PNP0A03:00: host bridge window [io  0x0000-0x0cf7]
[    0.136184] pci_root PNP0A03:00: host bridge window [io  0x0d00-0xfeff]
[    0.136254] pci 0000:00:00.0: [8086:7190] type 0 class 0x000600
[    0.136846] pci 0000:00:01.0: [8086:7191] type 1 class 0x000604
[    0.137391] pci 0000:00:07.0: [8086:7110] type 0 class 0x000601
[    0.138250] pci 0000:00:07.1: [8086:7111] type 0 class 0x000101
[    0.140009] pci 0000:00:07.1: reg 20: [io  0x10c0-0x10cf]
[    0.140872] pci 0000:00:07.3: [8086:7113] type 0 class 0x000680
[    0.142773] pci 0000:00:07.3: quirk: [io  0x1000-0x103f] claimed by PIIX4 ACPI
[    0.142789] pci 0000:00:07.3: quirk: [io  0x1040-0x104f] claimed by PIIX4 SMB
[    0.143065] pci 0000:00:07.7: [15ad:0740] type 0 class 0x000880
[    0.143627] pci 0000:00:07.7: reg 10: [io  0x1080-0x10bf]
[    0.144324] pci 0000:00:07.7: reg 14: [mem 0xc8000000-0xc8001fff 64bit]
[    0.146683] pci 0000:00:0f.0: [15ad:0405] type 0 class 0x000300
[    0.148965] pci 0000:00:0f.0: reg 10: [io  0x10d0-0x10df]
[    0.151830] pci 0000:00:0f.0: reg 14: [mem 0xd0000000-0xd7ffffff pref]
[    0.154393] pci 0000:00:0f.0: reg 18: [mem 0xc8800000-0xc8ffffff]
[    0.163448] pci 0000:00:0f.0: reg 30: [mem 0x00000000-0x00007fff pref]
[    0.163781] pci 0000:00:10.0: [1000:0030] type 0 class 0x000100
[    0.164358] pci 0000:00:10.0: reg 10: [io  0x1400-0x14ff]
[    0.165080] pci 0000:00:10.0: reg 14: [mem 0xc8040000-0xc805ffff 64bit]
[    0.165807] pci 0000:00:10.0: reg 1c: [mem 0xc8020000-0xc803ffff 64bit]
[    0.166872] pci 0000:00:10.0: reg 30: [mem 0x00000000-0x00003fff pref]
[    0.167037] pci 0000:00:11.0: [15ad:0790] type 1 class 0x000604
[    0.167793] pci 0000:00:15.0: [15ad:07a0] type 1 class 0x000604
[    0.168569] pci 0000:00:15.0: PME# supported from D0 D3hot D3cold
[    0.168594] pci 0000:00:15.0: PME# disabled
[    0.168834] pci 0000:00:15.1: [15ad:07a0] type 1 class 0x000604
[    0.169613] pci 0000:00:15.1: PME# supported from D0 D3hot D3cold
[    0.169637] pci 0000:00:15.1: PME# disabled
[    0.169877] pci 0000:00:15.2: [15ad:07a0] type 1 class 0x000604
[    0.170656] pci 0000:00:15.2: PME# supported from D0 D3hot D3cold
[    0.170680] pci 0000:00:15.2: PME# disabled
[    0.170919] pci 0000:00:15.3: [15ad:07a0] type 1 class 0x000604
[    0.171693] pci 0000:00:15.3: PME# supported from D0 D3hot D3cold
[    0.171731] pci 0000:00:15.3: PME# disabled
[    0.171972] pci 0000:00:15.4: [15ad:07a0] type 1 class 0x000604
[    0.172738] pci 0000:00:15.4: PME# supported from D0 D3hot D3cold
[    0.172762] pci 0000:00:15.4: PME# disabled
[    0.173009] pci 0000:00:15.5: [15ad:07a0] type 1 class 0x000604
[    0.173786] pci 0000:00:15.5: PME# supported from D0 D3hot D3cold
[    0.173810] pci 0000:00:15.5: PME# disabled
[    0.174049] pci 0000:00:15.6: [15ad:07a0] type 1 class 0x000604
[    0.174822] pci 0000:00:15.6: PME# supported from D0 D3hot D3cold
[    0.174846] pci 0000:00:15.6: PME# disabled
[    0.175085] pci 0000:00:15.7: [15ad:07a0] type 1 class 0x000604
[    0.175864] pci 0000:00:15.7: PME# supported from D0 D3hot D3cold
[    0.175888] pci 0000:00:15.7: PME# disabled
[    0.176128] pci 0000:00:16.0: [15ad:07a0] type 1 class 0x000604
[    0.176892] pci 0000:00:16.0: PME# supported from D0 D3hot D3cold
[    0.176916] pci 0000:00:16.0: PME# disabled
[    0.177154] pci 0000:00:16.1: [15ad:07a0] type 1 class 0x000604
[    0.177924] pci 0000:00:16.1: PME# supported from D0 D3hot D3cold
[    0.177948] pci 0000:00:16.1: PME# disabled
[    0.178186] pci 0000:00:16.2: [15ad:07a0] type 1 class 0x000604
[    0.178956] pci 0000:00:16.2: PME# supported from D0 D3hot D3cold
[    0.178980] pci 0000:00:16.2: PME# disabled
[    0.179219] pci 0000:00:16.3: [15ad:07a0] type 1 class 0x000604
[    0.180006] pci 0000:00:16.3: PME# supported from D0 D3hot D3cold
[    0.180030] pci 0000:00:16.3: PME# disabled
[    0.180271] pci 0000:00:16.4: [15ad:07a0] type 1 class 0x000604
[    0.181035] pci 0000:00:16.4: PME# supported from D0 D3hot D3cold
[    0.181059] pci 0000:00:16.4: PME# disabled
[    0.181313] pci 0000:00:16.5: [15ad:07a0] type 1 class 0x000604
[    0.182077] pci 0000:00:16.5: PME# supported from D0 D3hot D3cold
[    0.182101] pci 0000:00:16.5: PME# disabled
[    0.182340] pci 0000:00:16.6: [15ad:07a0] type 1 class 0x000604
[    0.183103] pci 0000:00:16.6: PME# supported from D0 D3hot D3cold
[    0.183127] pci 0000:00:16.6: PME# disabled
[    0.183382] pci 0000:00:16.7: [15ad:07a0] type 1 class 0x000604
[    0.184162] pci 0000:00:16.7: PME# supported from D0 D3hot D3cold
[    0.184187] pci 0000:00:16.7: PME# disabled
[    0.184435] pci 0000:00:17.0: [15ad:07a0] type 1 class 0x000604
[    0.185197] pci 0000:00:17.0: PME# supported from D0 D3hot D3cold
[    0.185221] pci 0000:00:17.0: PME# disabled
[    0.185481] pci 0000:00:17.1: [15ad:07a0] type 1 class 0x000604
[    0.186253] pci 0000:00:17.1: PME# supported from D0 D3hot D3cold
[    0.186277] pci 0000:00:17.1: PME# disabled
[    0.186515] pci 0000:00:17.2: [15ad:07a0] type 1 class 0x000604
[    0.187279] pci 0000:00:17.2: PME# supported from D0 D3hot D3cold
[    0.187303] pci 0000:00:17.2: PME# disabled
[    0.187541] pci 0000:00:17.3: [15ad:07a0] type 1 class 0x000604
[    0.188324] pci 0000:00:17.3: PME# supported from D0 D3hot D3cold
[    0.188347] pci 0000:00:17.3: PME# disabled
[    0.188587] pci 0000:00:17.4: [15ad:07a0] type 1 class 0x000604
[    0.189362] pci 0000:00:17.4: PME# supported from D0 D3hot D3cold
[    0.189386] pci 0000:00:17.4: PME# disabled
[    0.189631] pci 0000:00:17.5: [15ad:07a0] type 1 class 0x000604
[    0.190397] pci 0000:00:17.5: PME# supported from D0 D3hot D3cold
[    0.190420] pci 0000:00:17.5: PME# disabled
[    0.190659] pci 0000:00:17.6: [15ad:07a0] type 1 class 0x000604
[    0.191430] pci 0000:00:17.6: PME# supported from D0 D3hot D3cold
[    0.191454] pci 0000:00:17.6: PME# disabled
[    0.191705] pci 0000:00:17.7: [15ad:07a0] type 1 class 0x000604
[    0.192497] pci 0000:00:17.7: PME# supported from D0 D3hot D3cold
[    0.192521] pci 0000:00:17.7: PME# disabled
[    0.192760] pci 0000:00:18.0: [15ad:07a0] type 1 class 0x000604
[    0.193538] pci 0000:00:18.0: PME# supported from D0 D3hot D3cold
[    0.193561] pci 0000:00:18.0: PME# disabled
[    0.193801] pci 0000:00:18.1: [15ad:07a0] type 1 class 0x000604
[    0.194570] pci 0000:00:18.1: PME# supported from D0 D3hot D3cold
[    0.194593] pci 0000:00:18.1: PME# disabled
[    0.194833] pci 0000:00:18.2: [15ad:07a0] type 1 class 0x000604
[    0.195701] pci 0000:00:18.2: PME# supported from D0 D3hot D3cold
[    0.195727] pci 0000:00:18.2: PME# disabled
[    0.195969] pci 0000:00:18.3: [15ad:07a0] type 1 class 0x000604
[    0.196737] pci 0000:00:18.3: PME# supported from D0 D3hot D3cold
[    0.196762] pci 0000:00:18.3: PME# disabled
[    0.197001] pci 0000:00:18.4: [15ad:07a0] type 1 class 0x000604
[    0.197776] pci 0000:00:18.4: PME# supported from D0 D3hot D3cold
[    0.197800] pci 0000:00:18.4: PME# disabled
[    0.198045] pci 0000:00:18.5: [15ad:07a0] type 1 class 0x000604
[    0.198829] pci 0000:00:18.5: PME# supported from D0 D3hot D3cold
[    0.198852] pci 0000:00:18.5: PME# disabled
[    0.199092] pci 0000:00:18.6: [15ad:07a0] type 1 class 0x000604
[    0.199874] pci 0000:00:18.6: PME# supported from D0 D3hot D3cold
[    0.199899] pci 0000:00:18.6: PME# disabled
[    0.200139] pci 0000:00:18.7: [15ad:07a0] type 1 class 0x000604
[    0.200916] pci 0000:00:18.7: PME# supported from D0 D3hot D3cold
[    0.200940] pci 0000:00:18.7: PME# disabled
[    0.201554] pci 0000:00:01.0: PCI bridge to [bus 01-01]
[    0.201869] pci 0000:02:00.0: [15ad:0774] type 0 class 0x000c03
[    0.203188] pci 0000:02:00.0: reg 20: [io  0x20c0-0x20df]
[    0.203858] pci 0000:02:01.0: [1022:2000] type 0 class 0x000200
[    0.204143] pci 0000:02:01.0: reg 10: [io  0x2000-0x207f]
[    0.205649] pci 0000:02:01.0: reg 30: [mem 0x00000000-0x0000ffff pref]
[    0.205781] pci 0000:02:02.0: [1274:1371] type 0 class 0x000401
[    0.206111] pci 0000:02:02.0: reg 10: [io  0x2080-0x20bf]
[    0.208034] pci 0000:02:03.0: [15ad:0770] type 0 class 0x000c03
[    0.208321] pci 0000:02:03.0: reg 10: [mem 0xc9000000-0xc9000fff]
[    0.210042] pci 0000:00:11.0: PCI bridge to [bus 02-02] (subtractive decode)
[    0.210066] pci 0000:00:11.0:   bridge window [io  0x2000-0x3fff]
[    0.210089] pci 0000:00:11.0:   bridge window [mem 0xc9000000-0xca3fffff]
[    0.210132] pci 0000:00:11.0:   bridge window [mem 0xd8400000-0xd89fffff 64bit pref]
[    0.210135] pci 0000:00:11.0:   bridge window [mem 0x000a0000-0x000bffff] (subtractive decode)
[    0.210136] pci 0000:00:11.0:   bridge window [mem 0x000cc000-0x000cffff] (subtractive decode)
[    0.210138] pci 0000:00:11.0:   bridge window [mem 0x000d0000-0x000d3fff] (subtractive decode)
[    0.210139] pci 0000:00:11.0:   bridge window [mem 0x000d4000-0x000d7fff] (subtractive decode)
[    0.210141] pci 0000:00:11.0:   bridge window [mem 0x000d8000-0x000dbfff] (subtractive decode)
[    0.210143] pci 0000:00:11.0:   bridge window [mem 0xc0000000-0xfebfffff] (subtractive decode)
[    0.210144] pci 0000:00:11.0:   bridge window [io  0x0000-0x0cf7] (subtractive decode)
[    0.210146] pci 0000:00:11.0:   bridge window [io  0x0d00-0xfeff] (subtractive decode)
[    0.210612] pci 0000:00:15.0: PCI bridge to [bus 03-03]
[    0.210635] pci 0000:00:15.0:   bridge window [io  0x4000-0x4fff]
[    0.210658] pci 0000:00:15.0:   bridge window [mem 0xca400000-0xca4fffff]
[    0.210702] pci 0000:00:15.0:   bridge window [mem 0xd8a00000-0xd8afffff 64bit pref]
[    0.211164] pci 0000:00:15.1: PCI bridge to [bus 04-04]
[    0.211198] pci 0000:00:15.1:   bridge window [io  0x8000-0x8fff]
[    0.211227] pci 0000:00:15.1:   bridge window [mem 0xca800000-0xca8fffff]
[    0.211272] pci 0000:00:15.1:   bridge window [mem 0xd8e00000-0xd8efffff 64bit pref]
[    0.211749] pci 0000:00:15.2: PCI bridge to [bus 05-05]
[    0.211772] pci 0000:00:15.2:   bridge window [io  0xc000-0xcfff]
[    0.211795] pci 0000:00:15.2:   bridge window [mem 0xcac00000-0xcacfffff]
[    0.211838] pci 0000:00:15.2:   bridge window [mem 0xd9200000-0xd92fffff 64bit pref]
[    0.212306] pci 0000:00:15.3: PCI bridge to [bus 06-06]
[    0.212349] pci 0000:00:15.3:   bridge window [mem 0xcb000000-0xcb0fffff]
[    0.212393] pci 0000:00:15.3:   bridge window [mem 0xd9600000-0xd96fffff 64bit pref]
[    0.212854] pci 0000:00:15.4: PCI bridge to [bus 07-07]
[    0.212898] pci 0000:00:15.4:   bridge window [mem 0xcb400000-0xcb4fffff]
[    0.212941] pci 0000:00:15.4:   bridge window [mem 0xd9a00000-0xd9afffff 64bit pref]
[    0.213418] pci 0000:00:15.5: PCI bridge to [bus 08-08]
[    0.213461] pci 0000:00:15.5:   bridge window [mem 0xcb800000-0xcb8fffff]
[    0.213505] pci 0000:00:15.5:   bridge window [mem 0xd9e00000-0xd9efffff 64bit pref]
[    0.213968] pci 0000:00:15.6: PCI bridge to [bus 09-09]
[    0.214011] pci 0000:00:15.6:   bridge window [mem 0xcbc00000-0xcbcfffff]
[    0.214054] pci 0000:00:15.6:   bridge window [mem 0xda200000-0xda2fffff 64bit pref]
[    0.214517] pci 0000:00:15.7: PCI bridge to [bus 0a-0a]
[    0.214560] pci 0000:00:15.7:   bridge window [mem 0xcc000000-0xcc0fffff]
[    0.214604] pci 0000:00:15.7:   bridge window [mem 0xda600000-0xda6fffff 64bit pref]
[    0.215064] pci 0000:00:16.0: PCI bridge to [bus 0b-0b]
[    0.215087] pci 0000:00:16.0:   bridge window [io  0x5000-0x5fff]
[    0.215110] pci 0000:00:16.0:   bridge window [mem 0xca500000-0xca5fffff]
[    0.215154] pci 0000:00:16.0:   bridge window [mem 0xd8b00000-0xd8bfffff 64bit pref]
[    0.215624] pci 0000:00:16.1: PCI bridge to [bus 0c-0c]
[    0.215647] pci 0000:00:16.1:   bridge window [io  0x9000-0x9fff]
[    0.215683] pci 0000:00:16.1:   bridge window [mem 0xca900000-0xca9fffff]
[    0.215727] pci 0000:00:16.1:   bridge window [mem 0xd8f00000-0xd8ffffff 64bit pref]
[    0.216191] pci 0000:00:16.2: PCI bridge to [bus 0d-0d]
[    0.216213] pci 0000:00:16.2:   bridge window [io  0xd000-0xdfff]
[    0.216236] pci 0000:00:16.2:   bridge window [mem 0xcad00000-0xcadfffff]
[    0.216280] pci 0000:00:16.2:   bridge window [mem 0xd9300000-0xd93fffff 64bit pref]
[    0.216744] pci 0000:00:16.3: PCI bridge to [bus 0e-0e]
[    0.216787] pci 0000:00:16.3:   bridge window [mem 0xcb100000-0xcb1fffff]
[    0.216831] pci 0000:00:16.3:   bridge window [mem 0xd9700000-0xd97fffff 64bit pref]
[    0.217301] pci 0000:00:16.4: PCI bridge to [bus 0f-0f]
[    0.217344] pci 0000:00:16.4:   bridge window [mem 0xcb500000-0xcb5fffff]
[    0.217388] pci 0000:00:16.4:   bridge window [mem 0xd9b00000-0xd9bfffff 64bit pref]
[    0.217849] pci 0000:00:16.5: PCI bridge to [bus 10-10]
[    0.217892] pci 0000:00:16.5:   bridge window [mem 0xcb900000-0xcb9fffff]
[    0.217935] pci 0000:00:16.5:   bridge window [mem 0xd9f00000-0xd9ffffff 64bit pref]
[    0.218400] pci 0000:00:16.6: PCI bridge to [bus 11-11]
[    0.218444] pci 0000:00:16.6:   bridge window [mem 0xcbd00000-0xcbdfffff]
[    0.218487] pci 0000:00:16.6:   bridge window [mem 0xda300000-0xda3fffff 64bit pref]
[    0.218949] pci 0000:00:16.7: PCI bridge to [bus 12-12]
[    0.218992] pci 0000:00:16.7:   bridge window [mem 0xcc100000-0xcc1fffff]
[    0.219036] pci 0000:00:16.7:   bridge window [mem 0xda700000-0xda7fffff 64bit pref]
[    0.219531] pci 0000:00:17.0: PCI bridge to [bus 13-13]
[    0.219554] pci 0000:00:17.0:   bridge window [io  0x6000-0x6fff]
[    0.219577] pci 0000:00:17.0:   bridge window [mem 0xca600000-0xca6fffff]
[    0.219620] pci 0000:00:17.0:   bridge window [mem 0xd8c00000-0xd8cfffff 64bit pref]
[    0.220099] pci 0000:00:17.1: PCI bridge to [bus 14-14]
[    0.220122] pci 0000:00:17.1:   bridge window [io  0xa000-0xafff]
[    0.220145] pci 0000:00:17.1:   bridge window [mem 0xcaa00000-0xcaafffff]
[    0.220190] pci 0000:00:17.1:   bridge window [mem 0xd9000000-0xd90fffff 64bit pref]
[    0.220653] pci 0000:00:17.2: PCI bridge to [bus 15-15]
[    0.220676] pci 0000:00:17.2:   bridge window [io  0xe000-0xefff]
[    0.220698] pci 0000:00:17.2:   bridge window [mem 0xcae00000-0xcaefffff]
[    0.220742] pci 0000:00:17.2:   bridge window [mem 0xd9400000-0xd94fffff 64bit pref]
[    0.221216] pci 0000:00:17.3: PCI bridge to [bus 16-16]
[    0.221260] pci 0000:00:17.3:   bridge window [mem 0xcb200000-0xcb2fffff]
[    0.221303] pci 0000:00:17.3:   bridge window [mem 0xd9800000-0xd98fffff 64bit pref]
[    0.221766] pci 0000:00:17.4: PCI bridge to [bus 17-17]
[    0.221810] pci 0000:00:17.4:   bridge window [mem 0xcb600000-0xcb6fffff]
[    0.221853] pci 0000:00:17.4:   bridge window [mem 0xd9c00000-0xd9cfffff 64bit pref]
[    0.222324] pci 0000:00:17.5: PCI bridge to [bus 18-18]
[    0.222367] pci 0000:00:17.5:   bridge window [mem 0xcba00000-0xcbafffff]
[    0.222411] pci 0000:00:17.5:   bridge window [mem 0xda000000-0xda0fffff 64bit pref]
[    0.222872] pci 0000:00:17.6: PCI bridge to [bus 19-19]
[    0.222915] pci 0000:00:17.6:   bridge window [mem 0xcbe00000-0xcbefffff]
[    0.222959] pci 0000:00:17.6:   bridge window [mem 0xda400000-0xda4fffff 64bit pref]
[    0.223775] pci 0000:00:17.7: PCI bridge to [bus 1a-1a]
[    0.223819] pci 0000:00:17.7:   bridge window [mem 0xcc200000-0xcc2fffff]
[    0.223863] pci 0000:00:17.7:   bridge window [mem 0xda800000-0xda8fffff 64bit pref]
[    0.224332] pci 0000:00:18.0: PCI bridge to [bus 1b-1b]
[    0.224354] pci 0000:00:18.0:   bridge window [io  0x7000-0x7fff]
[    0.224377] pci 0000:00:18.0:   bridge window [mem 0xca700000-0xca7fffff]
[    0.224421] pci 0000:00:18.0:   bridge window [mem 0xd8d00000-0xd8dfffff 64bit pref]
[    0.224883] pci 0000:00:18.1: PCI bridge to [bus 1c-1c]
[    0.224905] pci 0000:00:18.1:   bridge window [io  0xb000-0xbfff]
[    0.224928] pci 0000:00:18.1:   bridge window [mem 0xcab00000-0xcabfffff]
[    0.224972] pci 0000:00:18.1:   bridge window [mem 0xd9100000-0xd91fffff 64bit pref]
[    0.225441] pci 0000:00:18.2: PCI bridge to [bus 1d-1d]
[    0.225464] pci 0000:00:18.2:   bridge window [io  0xf000-0xffff]
[    0.225487] pci 0000:00:18.2:   bridge window [mem 0xcaf00000-0xcaffffff]
[    0.225531] pci 0000:00:18.2:   bridge window [mem 0xd9500000-0xd95fffff 64bit pref]
[    0.225996] pci 0000:00:18.3: PCI bridge to [bus 1e-1e]
[    0.226040] pci 0000:00:18.3:   bridge window [mem 0xcb300000-0xcb3fffff]
[    0.226083] pci 0000:00:18.3:   bridge window [mem 0xd9900000-0xd99fffff 64bit pref]
[    0.226552] pci 0000:00:18.4: PCI bridge to [bus 1f-1f]
[    0.226595] pci 0000:00:18.4:   bridge window [mem 0xcb700000-0xcb7fffff]
[    0.226639] pci 0000:00:18.4:   bridge window [mem 0xd9d00000-0xd9dfffff 64bit pref]
[    0.227100] pci 0000:00:18.5: PCI bridge to [bus 20-20]
[    0.227144] pci 0000:00:18.5:   bridge window [mem 0xcbb00000-0xcbbfffff]
[    0.227195] pci 0000:00:18.5:   bridge window [mem 0xda100000-0xda1fffff 64bit pref]
[    0.227672] pci 0000:00:18.6: PCI bridge to [bus 21-21]
[    0.227717] pci 0000:00:18.6:   bridge window [mem 0xcbf00000-0xcbffffff]
[    0.227761] pci 0000:00:18.6:   bridge window [mem 0xda500000-0xda5fffff 64bit pref]
[    0.228229] pci 0000:00:18.7: PCI bridge to [bus 22-22]
[    0.228273] pci 0000:00:18.7:   bridge window [mem 0xcc300000-0xcc3fffff]
[    0.228317] pci 0000:00:18.7:   bridge window [mem 0xda900000-0xda9fffff 64bit pref]
[    0.230023] pci_bus 0000:00: on NUMA node 0
[    0.230028] ACPI: PCI Interrupt Routing Table [\_SB_.PCI0._PRT]
[    0.230633]  pci0000:00: Requesting ACPI _OSC control (0x1d)
[    0.230835]  pci0000:00: ACPI _OSC control (0x15) granted
[    0.311340] ACPI: PCI Interrupt Link [LNKA] (IRQs 3 4 5 6 7 *9 10 11 14 15)
[    0.311428] ACPI: PCI Interrupt Link [LNKB] (IRQs 3 4 5 6 7 9 10 *11 14 15)
[    0.311509] ACPI: PCI Interrupt Link [LNKC] (IRQs 3 4 5 6 7 9 *10 11 14 15)
[    0.311613] ACPI: PCI Interrupt Link [LNKD] (IRQs 3 4 *5 6 7 9 10 11 14 15)
[    0.311787] vgaarb: device added: PCI:0000:00:0f.0,decodes=io+mem,owns=io+mem,locks=none
[    0.311800] vgaarb: loaded
[    0.311801] vgaarb: bridge control possible 0000:00:0f.0
[    0.311915] i2c-core: driver [aat2870] using legacy suspend method
[    0.311916] i2c-core: driver [aat2870] using legacy resume method
[    0.312001] SCSI subsystem initialized
[    0.312063] libata version 3.00 loaded.
[    0.312106] usbcore: registered new interface driver usbfs
[    0.312120] usbcore: registered new interface driver hub
[    0.312153] usbcore: registered new device driver usb
[    0.312244] PCI: Using ACPI for IRQ routing
[    0.388100] PCI: pci_cache_line_size set to 64 bytes
[    0.388123] pci 0000:00:18.2: no compatible bridge window for [io  0xf000-0xffff]
[    0.389177] reserve RAM buffer: 000000000009f000 - 000000000009ffff 
[    0.389180] reserve RAM buffer: 000000003fee0000 - 000000003fffffff 
[    0.389281] NetLabel: Initializing
[    0.389282] NetLabel:  domain hash size = 128
[    0.389283] NetLabel:  protocols = UNLABELED CIPSOv4
[    0.389290] NetLabel:  unlabeled traffic allowed by default
[    0.389350] hpet0: at MMIO 0xfed00000, IRQs 2, 8, 0, 0, 0, 0, 0, 0, 0, 0, 0, 0, 0, 0, 0, 0
[    0.389356] hpet0: 16 comparators, 64-bit 14.318180 MHz counter
[    0.391375] Switching to clocksource hpet
[    0.396644] AppArmor: AppArmor Filesystem Enabled
[    0.396663] pnp: PnP ACPI init
[    0.396678] ACPI: bus type pnp registered
[    0.397319] pnp 00:00: [bus 00-ff]
[    0.397321] pnp 00:00: [mem 0x000a0000-0x000bffff window]
[    0.397323] pnp 00:00: [mem 0x000c0000-0x000c3fff window]
[    0.397324] pnp 00:00: [mem 0x000c4000-0x000c7fff window]
[    0.397326] pnp 00:00: [mem 0x000c8000-0x000cbfff window]
[    0.397327] pnp 00:00: [mem 0x000cc000-0x000cffff window]
[    0.397329] pnp 00:00: [mem 0x000d0000-0x000d3fff window]
[    0.397330] pnp 00:00: [mem 0x000d4000-0x000d7fff window]
[    0.397331] pnp 00:00: [mem 0x000d8000-0x000dbfff window]
[    0.397333] pnp 00:00: [mem 0x000dc000-0x000dffff window]
[    0.397334] pnp 00:00: [mem 0x000e0000-0x000e3fff window]
[    0.397336] pnp 00:00: [mem 0x000e4000-0x000e7fff window]
[    0.397337] pnp 00:00: [mem 0x000e8000-0x000ebfff window]
[    0.397338] pnp 00:00: [mem 0x000ec000-0x000effff window]
[    0.397340] pnp 00:00: [mem 0xc0000000-0xfebfffff window]
[    0.397342] pnp 00:00: [io  0x0cf8-0x0cff]
[    0.397343] pnp 00:00: [io  0x0000-0x0cf7 window]
[    0.397344] pnp 00:00: [io  0x0d00-0xfeff window]
[    0.397381] pnp 00:00: Plug and Play ACPI device, IDs PNP0a03 PNP0a08 (active)
[    0.397445] pnp 00:01: [io  0x0010-0x001f]
[    0.397446] pnp 00:01: [io  0x0024-0x0025]
[    0.397447] pnp 00:01: [io  0x0028-0x0029]
[    0.397448] pnp 00:01: [io  0x002c-0x002d]
[    0.397449] pnp 00:01: [io  0x002e-0x002f]
[    0.397450] pnp 00:01: [io  0x0030-0x0031]
[    0.397452] pnp 00:01: [io  0x0034-0x0035]
[    0.397453] pnp 00:01: [io  0x0038-0x0039]
[    0.397454] pnp 00:01: [io  0x003c-0x003d]
[    0.397455] pnp 00:01: [io  0x0050-0x0053]
[    0.397456] pnp 00:01: [io  0x0072-0x0077]
[    0.397457] pnp 00:01: [io  0x0080]
[    0.397458] pnp 00:01: [io  0x0090-0x009f]
[    0.397460] pnp 00:01: [io  0x00a4-0x00a5]
[    0.397461] pnp 00:01: [io  0x00a8-0x00a9]
[    0.397462] pnp 00:01: [io  0x00ac-0x00ad]
[    0.397463] pnp 00:01: [io  0x00b0-0x00b5]
[    0.397464] pnp 00:01: [io  0x00b8-0x00b9]
[    0.397465] pnp 00:01: [io  0x00bc-0x00bd]
[    0.397466] pnp 00:01: [io  0x1000-0x103f]
[    0.397468] pnp 00:01: [io  0x1040-0x104f]
[    0.397469] pnp 00:01: [io  0x0cf0-0x0cf1]
[    0.397524] system 00:01: [io  0x1000-0x103f] has been reserved
[    0.397528] system 00:01: [io  0x1040-0x104f] has been reserved
[    0.397530] system 00:01: [io  0x0cf0-0x0cf1] has been reserved
[    0.397532] system 00:01: Plug and Play ACPI device, IDs PNP0c02 (active)
[    0.397539] pnp 00:02: [io  0x0000-0x000f]
[    0.397540] pnp 00:02: [io  0x0081-0x008f]
[    0.397541] pnp 00:02: [io  0x00c0-0x00df]
[    0.397543] pnp 00:02: [dma 4]
[    0.397558] pnp 00:02: Plug and Play ACPI device, IDs PNP0200 (active)
[    0.397564] pnp 00:03: [io  0x0020-0x0021]
[    0.397565] pnp 00:03: [io  0x00a0-0x00a1]
[    0.397566] pnp 00:03: [io  0x04d0-0x04d1]
[    0.397568] pnp 00:03: [irq 2 disabled]
[    0.397583] pnp 00:03: Plug and Play ACPI device, IDs PNP0001 (active)
[    0.397589] pnp 00:04: [io  0x0070-0x0071]
[    0.397591] pnp 00:04: [irq 8]
[    0.397603] pnp 00:04: Plug and Play ACPI device, IDs PNP0b00 (active)
[    0.397608] pnp 00:05: [io  0x0061]
[    0.397620] pnp 00:05: Plug and Play ACPI device, IDs PNP0800 (active)
[    0.397625] pnp 00:06: [io  0x0060]
[    0.397626] pnp 00:06: [io  0x0064]
[    0.397627] pnp 00:06: [irq 1]
[    0.397642] pnp 00:06: Plug and Play ACPI device, IDs PNP0303 (active)
[    0.397647] pnp 00:07: [irq 12]
[    0.397660] pnp 00:07: Plug and Play ACPI device, IDs PNP0f13 (active)
[    0.397822] pnp 00:08: [mem 0xfed00000-0xfed003ff]
[    0.397856] system 00:08: [mem 0xfed00000-0xfed003ff] has been reserved
[    0.397858] system 00:08: Plug and Play ACPI device, IDs PNP0103 PNP0c01 (active)
[    0.402359] pnp 00:09: [io  0x0378-0x037f]
[    0.402362] pnp 00:09: [irq 7]
[    0.403577] pnp 00:09: Plug and Play ACPI device, IDs PNP0400 (active)
[    0.407622] pnp 00:0a: [io  0x03f8-0x03ff]
[    0.407625] pnp 00:0a: [irq 4]
[    0.408779] pnp 00:0a: Plug and Play ACPI device, IDs PNP0501 (active)
[    0.412252] pnp 00:0b: [io  0x02f8-0x02ff]
[    0.412255] pnp 00:0b: [irq 3]
[    0.413420] pnp 00:0b: Plug and Play ACPI device, IDs PNP0501 (active)
[    0.418684] pnp 00:0c: [io  0x03f0-0x03f5]
[    0.418686] pnp 00:0c: [io  0x03f7]
[    0.418688] pnp 00:0c: [irq 6]
[    0.418689] pnp 00:0c: [dma 2]
[    0.419776] pnp 00:0c: Plug and Play ACPI device, IDs PNP0700 (active)
[    0.419950] pnp 00:0d: [mem 0xe0000000-0xefffffff]
[    0.419952] pnp 00:0d: [io  0x1060-0x107f]
[    0.419953] pnp 00:0d: [mem 0xc8200000-0xc83fffff]
[    0.419993] system 00:0d: [io  0x1060-0x107f] has been reserved
[    0.419996] system 00:0d: [mem 0xe0000000-0xefffffff] has been reserved
[    0.419998] system 00:0d: [mem 0xc8200000-0xc83fffff] has been reserved
[    0.420000] system 00:0d: Plug and Play ACPI device, IDs PNP0c02 (active)
[    0.424860] pnp: PnP ACPI: found 14 devices
[    0.424863] ACPI: ACPI bus type pnp unregistered
[    0.424866] PnPBIOS: Disabled by ACPI PNP
[    0.460531] PCI: max bus depth: 1 pci_try_num: 2
[    0.460588] pci 0000:00:0f.0: BAR 6: assigned [mem 0xc0000000-0xc0007fff pref]
[    0.460592] pci 0000:00:10.0: BAR 6: assigned [mem 0xc0008000-0xc000bfff pref]
[    0.460597] pci 0000:00:18.7: BAR 13: can't assign io (size 0x1000)
[    0.460600] pci 0000:00:18.6: BAR 13: can't assign io (size 0x1000)
[    0.460603] pci 0000:00:18.5: BAR 13: can't assign io (size 0x1000)
[    0.460606] pci 0000:00:18.4: BAR 13: can't assign io (size 0x1000)
[    0.460609] pci 0000:00:18.3: BAR 13: can't assign io (size 0x1000)
[    0.460612] pci 0000:00:18.2: BAR 13: can't assign io (size 0x1000)
[    0.460615] pci 0000:00:17.7: BAR 13: can't assign io (size 0x1000)
[    0.460618] pci 0000:00:17.6: BAR 13: can't assign io (size 0x1000)
[    0.460621] pci 0000:00:17.5: BAR 13: can't assign io (size 0x1000)
[    0.460624] pci 0000:00:17.4: BAR 13: can't assign io (size 0x1000)
[    0.460627] pci 0000:00:17.3: BAR 13: can't assign io (size 0x1000)
[    0.460630] pci 0000:00:16.7: BAR 13: can't assign io (size 0x1000)
[    0.460633] pci 0000:00:16.6: BAR 13: can't assign io (size 0x1000)
[    0.460636] pci 0000:00:16.5: BAR 13: can't assign io (size 0x1000)
[    0.460639] pci 0000:00:16.4: BAR 13: can't assign io (size 0x1000)
[    0.460642] pci 0000:00:16.3: BAR 13: can't assign io (size 0x1000)
[    0.460645] pci 0000:00:15.7: BAR 13: can't assign io (size 0x1000)
[    0.460648] pci 0000:00:15.6: BAR 13: can't assign io (size 0x1000)
[    0.460651] pci 0000:00:15.5: BAR 13: can't assign io (size 0x1000)
[    0.460654] pci 0000:00:15.4: BAR 13: can't assign io (size 0x1000)
[    0.460657] pci 0000:00:15.3: BAR 13: can't assign io (size 0x1000)
[    0.460659] pci 0000:00:01.0: PCI bridge to [bus 01-01]
[    0.460716] pci 0000:02:01.0: BAR 6: assigned [mem 0xd8400000-0xd840ffff pref]
[    0.460719] pci 0000:00:11.0: PCI bridge to [bus 02-02]
[    0.460733] pci 0000:00:11.0:   bridge window [io  0x2000-0x3fff]
[    0.460767] pci 0000:00:11.0:   bridge window [mem 0xc9000000-0xca3fffff]
[    0.460791] pci 0000:00:11.0:   bridge window [mem 0xd8400000-0xd89fffff 64bit pref]
[    0.460835] pci 0000:00:15.0: PCI bridge to [bus 03-03]
[    0.460849] pci 0000:00:15.0:   bridge window [io  0x4000-0x4fff]
[    0.460883] pci 0000:00:15.0:   bridge window [mem 0xca400000-0xca4fffff]
[    0.460907] pci 0000:00:15.0:   bridge window [mem 0xd8a00000-0xd8afffff 64bit pref]
[    0.460964] pci 0000:00:15.1: PCI bridge to [bus 04-04]
[    0.460978] pci 0000:00:15.1:   bridge window [io  0x8000-0x8fff]
[    0.461013] pci 0000:00:15.1:   bridge window [mem 0xca800000-0xca8fffff]
[    0.461036] pci 0000:00:15.1:   bridge window [mem 0xd8e00000-0xd8efffff 64bit pref]
[    0.461086] pci 0000:00:15.2: PCI bridge to [bus 05-05]
[    0.461100] pci 0000:00:15.2:   bridge window [io  0xc000-0xcfff]
[    0.461134] pci 0000:00:15.2:   bridge window [mem 0xcac00000-0xcacfffff]
[    0.461158] pci 0000:00:15.2:   bridge window [mem 0xd9200000-0xd92fffff 64bit pref]
[    0.461207] pci 0000:00:15.3: PCI bridge to [bus 06-06]
[    0.461241] pci 0000:00:15.3:   bridge window [mem 0xcb000000-0xcb0fffff]
[    0.461265] pci 0000:00:15.3:   bridge window [mem 0xd9600000-0xd96fffff 64bit pref]
[    0.461314] pci 0000:00:15.4: PCI bridge to [bus 07-07]
[    0.461348] pci 0000:00:15.4:   bridge window [mem 0xcb400000-0xcb4fffff]
[    0.461371] pci 0000:00:15.4:   bridge window [mem 0xd9a00000-0xd9afffff 64bit pref]
[    0.461420] pci 0000:00:15.5: PCI bridge to [bus 08-08]
[    0.461454] pci 0000:00:15.5:   bridge window [mem 0xcb800000-0xcb8fffff]
[    0.461478] pci 0000:00:15.5:   bridge window [mem 0xd9e00000-0xd9efffff 64bit pref]
[    0.461526] pci 0000:00:15.6: PCI bridge to [bus 09-09]
[    0.461560] pci 0000:00:15.6:   bridge window [mem 0xcbc00000-0xcbcfffff]
[    0.461584] pci 0000:00:15.6:   bridge window [mem 0xda200000-0xda2fffff 64bit pref]
[    0.461633] pci 0000:00:15.7: PCI bridge to [bus 0a-0a]
[    0.461666] pci 0000:00:15.7:   bridge window [mem 0xcc000000-0xcc0fffff]
[    0.461690] pci 0000:00:15.7:   bridge window [mem 0xda600000-0xda6fffff 64bit pref]
[    0.461739] pci 0000:00:16.0: PCI bridge to [bus 0b-0b]
[    0.461753] pci 0000:00:16.0:   bridge window [io  0x5000-0x5fff]
[    0.461787] pci 0000:00:16.0:   bridge window [mem 0xca500000-0xca5fffff]
[    0.461811] pci 0000:00:16.0:   bridge window [mem 0xd8b00000-0xd8bfffff 64bit pref]
[    0.461859] pci 0000:00:16.1: PCI bridge to [bus 0c-0c]
[    0.461873] pci 0000:00:16.1:   bridge window [io  0x9000-0x9fff]
[    0.461907] pci 0000:00:16.1:   bridge window [mem 0xca900000-0xca9fffff]
[    0.461931] pci 0000:00:16.1:   bridge window [mem 0xd8f00000-0xd8ffffff 64bit pref]
[    0.461979] pci 0000:00:16.2: PCI bridge to [bus 0d-0d]
[    0.461993] pci 0000:00:16.2:   bridge window [io  0xd000-0xdfff]
[    0.462027] pci 0000:00:16.2:   bridge window [mem 0xcad00000-0xcadfffff]
[    0.462051] pci 0000:00:16.2:   bridge window [mem 0xd9300000-0xd93fffff 64bit pref]
[    0.462100] pci 0000:00:16.3: PCI bridge to [bus 0e-0e]
[    0.462134] pci 0000:00:16.3:   bridge window [mem 0xcb100000-0xcb1fffff]
[    0.462158] pci 0000:00:16.3:   bridge window [mem 0xd9700000-0xd97fffff 64bit pref]
[    0.462206] pci 0000:00:16.4: PCI bridge to [bus 0f-0f]
[    0.462240] pci 0000:00:16.4:   bridge window [mem 0xcb500000-0xcb5fffff]
[    0.462264] pci 0000:00:16.4:   bridge window [mem 0xd9b00000-0xd9bfffff 64bit pref]
[    0.462312] pci 0000:00:16.5: PCI bridge to [bus 10-10]
[    0.462346] pci 0000:00:16.5:   bridge window [mem 0xcb900000-0xcb9fffff]
[    0.462370] pci 0000:00:16.5:   bridge window [mem 0xd9f00000-0xd9ffffff 64bit pref]
[    0.462419] pci 0000:00:16.6: PCI bridge to [bus 11-11]
[    0.462452] pci 0000:00:16.6:   bridge window [mem 0xcbd00000-0xcbdfffff]
[    0.462476] pci 0000:00:16.6:   bridge window [mem 0xda300000-0xda3fffff 64bit pref]
[    0.462525] pci 0000:00:16.7: PCI bridge to [bus 12-12]
[    0.462559] pci 0000:00:16.7:   bridge window [mem 0xcc100000-0xcc1fffff]
[    0.462582] pci 0000:00:16.7:   bridge window [mem 0xda700000-0xda7fffff 64bit pref]
[    0.462631] pci 0000:00:17.0: PCI bridge to [bus 13-13]
[    0.462645] pci 0000:00:17.0:   bridge window [io  0x6000-0x6fff]
[    0.462679] pci 0000:00:17.0:   bridge window [mem 0xca600000-0xca6fffff]
[    0.462703] pci 0000:00:17.0:   bridge window [mem 0xd8c00000-0xd8cfffff 64bit pref]
[    0.462751] pci 0000:00:17.1: PCI bridge to [bus 14-14]
[    0.462765] pci 0000:00:17.1:   bridge window [io  0xa000-0xafff]
[    0.462799] pci 0000:00:17.1:   bridge window [mem 0xcaa00000-0xcaafffff]
[    0.462823] pci 0000:00:17.1:   bridge window [mem 0xd9000000-0xd90fffff 64bit pref]
[    0.462872] pci 0000:00:17.2: PCI bridge to [bus 15-15]
[    0.462885] pci 0000:00:17.2:   bridge window [io  0xe000-0xefff]
[    0.462920] pci 0000:00:17.2:   bridge window [mem 0xcae00000-0xcaefffff]
[    0.462943] pci 0000:00:17.2:   bridge window [mem 0xd9400000-0xd94fffff 64bit pref]
[    0.462992] pci 0000:00:17.3: PCI bridge to [bus 16-16]
[    0.463026] pci 0000:00:17.3:   bridge window [mem 0xcb200000-0xcb2fffff]
[    0.463050] pci 0000:00:17.3:   bridge window [mem 0xd9800000-0xd98fffff 64bit pref]
[    0.463101] pci 0000:00:17.4: PCI bridge to [bus 17-17]
[    0.463134] pci 0000:00:17.4:   bridge window [mem 0xcb600000-0xcb6fffff]
[    0.463158] pci 0000:00:17.4:   bridge window [mem 0xd9c00000-0xd9cfffff 64bit pref]
[    0.463207] pci 0000:00:17.5: PCI bridge to [bus 18-18]
[    0.463241] pci 0000:00:17.5:   bridge window [mem 0xcba00000-0xcbafffff]
[    0.463279] pci 0000:00:17.5:   bridge window [mem 0xda000000-0xda0fffff 64bit pref]
[    0.463330] pci 0000:00:17.6: PCI bridge to [bus 19-19]
[    0.463364] pci 0000:00:17.6:   bridge window [mem 0xcbe00000-0xcbefffff]
[    0.463388] pci 0000:00:17.6:   bridge window [mem 0xda400000-0xda4fffff 64bit pref]
[    0.463436] pci 0000:00:17.7: PCI bridge to [bus 1a-1a]
[    0.463470] pci 0000:00:17.7:   bridge window [mem 0xcc200000-0xcc2fffff]
[    0.463494] pci 0000:00:17.7:   bridge window [mem 0xda800000-0xda8fffff 64bit pref]
[    0.463542] pci 0000:00:18.0: PCI bridge to [bus 1b-1b]
[    0.463556] pci 0000:00:18.0:   bridge window [io  0x7000-0x7fff]
[    0.463590] pci 0000:00:18.0:   bridge window [mem 0xca700000-0xca7fffff]
[    0.463614] pci 0000:00:18.0:   bridge window [mem 0xd8d00000-0xd8dfffff 64bit pref]
[    0.463663] pci 0000:00:18.1: PCI bridge to [bus 1c-1c]
[    0.463677] pci 0000:00:18.1:   bridge window [io  0xb000-0xbfff]
[    0.463711] pci 0000:00:18.1:   bridge window [mem 0xcab00000-0xcabfffff]
[    0.463735] pci 0000:00:18.1:   bridge window [mem 0xd9100000-0xd91fffff 64bit pref]
[    0.463783] pci 0000:00:18.2: PCI bridge to [bus 1d-1d]
[    0.463817] pci 0000:00:18.2:   bridge window [mem 0xcaf00000-0xcaffffff]
[    0.463841] pci 0000:00:18.2:   bridge window [mem 0xd9500000-0xd95fffff 64bit pref]
[    0.463890] pci 0000:00:18.3: PCI bridge to [bus 1e-1e]
[    0.463924] pci 0000:00:18.3:   bridge window [mem 0xcb300000-0xcb3fffff]
[    0.463948] pci 0000:00:18.3:   bridge window [mem 0xd9900000-0xd99fffff 64bit pref]
[    0.463996] pci 0000:00:18.4: PCI bridge to [bus 1f-1f]
[    0.464030] pci 0000:00:18.4:   bridge window [mem 0xcb700000-0xcb7fffff]
[    0.464054] pci 0000:00:18.4:   bridge window [mem 0xd9d00000-0xd9dfffff 64bit pref]
[    0.464111] pci 0000:00:18.5: PCI bridge to [bus 20-20]
[    0.464145] pci 0000:00:18.5:   bridge window [mem 0xcbb00000-0xcbbfffff]
[    0.464169] pci 0000:00:18.5:   bridge window [mem 0xda100000-0xda1fffff 64bit pref]
[    0.464218] pci 0000:00:18.6: PCI bridge to [bus 21-21]
[    0.464251] pci 0000:00:18.6:   bridge window [mem 0xcbf00000-0xcbffffff]
[    0.464275] pci 0000:00:18.6:   bridge window [mem 0xda500000-0xda5fffff 64bit pref]
[    0.464323] pci 0000:00:18.7: PCI bridge to [bus 22-22]
[    0.464357] pci 0000:00:18.7:   bridge window [mem 0xcc300000-0xcc3fffff]
[    0.464381] pci 0000:00:18.7:   bridge window [mem 0xda900000-0xda9fffff 64bit pref]
[    0.464438] pci 0000:00:01.0: setting latency timer to 64
[    0.464494] pci 0000:00:15.0: setting latency timer to 64
[    0.464551] pci 0000:00:15.1: setting latency timer to 64
[    0.464607] pci 0000:00:15.2: setting latency timer to 64
[    0.464663] pci 0000:00:15.3: setting latency timer to 64
[    0.464719] pci 0000:00:15.4: setting latency timer to 64
[    0.464775] pci 0000:00:15.5: setting latency timer to 64
[    0.464831] pci 0000:00:15.6: setting latency timer to 64
[    0.464887] pci 0000:00:15.7: setting latency timer to 64
[    0.464943] pci 0000:00:16.0: setting latency timer to 64
[    0.465000] pci 0000:00:16.1: setting latency timer to 64
[    0.465056] pci 0000:00:16.2: setting latency timer to 64
[    0.465112] pci 0000:00:16.3: setting latency timer to 64
[    0.465168] pci 0000:00:16.4: setting latency timer to 64
[    0.465224] pci 0000:00:16.5: setting latency timer to 64
[    0.465279] pci 0000:00:16.6: setting latency timer to 64
[    0.465335] pci 0000:00:16.7: setting latency timer to 64
[    0.465391] pci 0000:00:17.0: setting latency timer to 64
[    0.465447] pci 0000:00:17.1: setting latency timer to 64
[    0.465503] pci 0000:00:17.2: setting latency timer to 64
[    0.465559] pci 0000:00:17.3: setting latency timer to 64
[    0.465614] pci 0000:00:17.4: setting latency timer to 64
[    0.465670] pci 0000:00:17.5: setting latency timer to 64
[    0.465727] pci 0000:00:17.6: setting latency timer to 64
[    0.465782] pci 0000:00:17.7: setting latency timer to 64
[    0.465838] pci 0000:00:18.0: setting latency timer to 64
[    0.465894] pci 0000:00:18.1: setting latency timer to 64
[    0.465950] pci 0000:00:18.2: setting latency timer to 64
[    0.466007] pci 0000:00:18.3: setting latency timer to 64
[    0.466063] pci 0000:00:18.4: setting latency timer to 64
[    0.466119] pci 0000:00:18.5: setting latency timer to 64
[    0.466175] pci 0000:00:18.6: setting latency timer to 64
[    0.466231] pci 0000:00:18.7: setting latency timer to 64
[    0.466245] pci_bus 0000:00: resource 4 [mem 0x000a0000-0x000bffff]
[    0.466247] pci_bus 0000:00: resource 5 [mem 0x000cc000-0x000cffff]
[    0.466249] pci_bus 0000:00: resource 6 [mem 0x000d0000-0x000d3fff]
[    0.466251] pci_bus 0000:00: resource 7 [mem 0x000d4000-0x000d7fff]
[    0.466253] pci_bus 0000:00: resource 8 [mem 0x000d8000-0x000dbfff]
[    0.466255] pci_bus 0000:00: resource 9 [mem 0xc0000000-0xfebfffff]
[    0.466257] pci_bus 0000:00: resource 10 [io  0x0000-0x0cf7]
[    0.466259] pci_bus 0000:00: resource 11 [io  0x0d00-0xfeff]
[    0.466262] pci_bus 0000:02: resource 0 [io  0x2000-0x3fff]
[    0.466264] pci_bus 0000:02: resource 1 [mem 0xc9000000-0xca3fffff]
[    0.466266] pci_bus 0000:02: resource 2 [mem 0xd8400000-0xd89fffff 64bit pref]
[    0.466268] pci_bus 0000:02: resource 4 [mem 0x000a0000-0x000bffff]
[    0.466270] pci_bus 0000:02: resource 5 [mem 0x000cc000-0x000cffff]
[    0.466272] pci_bus 0000:02: resource 6 [mem 0x000d0000-0x000d3fff]
[    0.466274] pci_bus 0000:02: resource 7 [mem 0x000d4000-0x000d7fff]
[    0.466276] pci_bus 0000:02: resource 8 [mem 0x000d8000-0x000dbfff]
[    0.466278] pci_bus 0000:02: resource 9 [mem 0xc0000000-0xfebfffff]
[    0.466280] pci_bus 0000:02: resource 10 [io  0x0000-0x0cf7]
[    0.466282] pci_bus 0000:02: resource 11 [io  0x0d00-0xfeff]
[    0.466284] pci_bus 0000:03: resource 0 [io  0x4000-0x4fff]
[    0.466286] pci_bus 0000:03: resource 1 [mem 0xca400000-0xca4fffff]
[    0.466288] pci_bus 0000:03: resource 2 [mem 0xd8a00000-0xd8afffff 64bit pref]
[    0.466291] pci_bus 0000:04: resource 0 [io  0x8000-0x8fff]
[    0.466293] pci_bus 0000:04: resource 1 [mem 0xca800000-0xca8fffff]
[    0.466295] pci_bus 0000:04: resource 2 [mem 0xd8e00000-0xd8efffff 64bit pref]
[    0.466297] pci_bus 0000:05: resource 0 [io  0xc000-0xcfff]
[    0.466299] pci_bus 0000:05: resource 1 [mem 0xcac00000-0xcacfffff]
[    0.466301] pci_bus 0000:05: resource 2 [mem 0xd9200000-0xd92fffff 64bit pref]
[    0.466303] pci_bus 0000:06: resource 1 [mem 0xcb000000-0xcb0fffff]
[    0.466305] pci_bus 0000:06: resource 2 [mem 0xd9600000-0xd96fffff 64bit pref]
[    0.466308] pci_bus 0000:07: resource 1 [mem 0xcb400000-0xcb4fffff]
[    0.466310] pci_bus 0000:07: resource 2 [mem 0xd9a00000-0xd9afffff 64bit pref]
[    0.466312] pci_bus 0000:08: resource 1 [mem 0xcb800000-0xcb8fffff]
[    0.466314] pci_bus 0000:08: resource 2 [mem 0xd9e00000-0xd9efffff 64bit pref]
[    0.466316] pci_bus 0000:09: resource 1 [mem 0xcbc00000-0xcbcfffff]
[    0.466318] pci_bus 0000:09: resource 2 [mem 0xda200000-0xda2fffff 64bit pref]
[    0.466321] pci_bus 0000:0a: resource 1 [mem 0xcc000000-0xcc0fffff]
[    0.466323] pci_bus 0000:0a: resource 2 [mem 0xda600000-0xda6fffff 64bit pref]
[    0.466325] pci_bus 0000:0b: resource 0 [io  0x5000-0x5fff]
[    0.466327] pci_bus 0000:0b: resource 1 [mem 0xca500000-0xca5fffff]
[    0.466329] pci_bus 0000:0b: resource 2 [mem 0xd8b00000-0xd8bfffff 64bit pref]
[    0.466331] pci_bus 0000:0c: resource 0 [io  0x9000-0x9fff]
[    0.466333] pci_bus 0000:0c: resource 1 [mem 0xca900000-0xca9fffff]
[    0.466335] pci_bus 0000:0c: resource 2 [mem 0xd8f00000-0xd8ffffff 64bit pref]
[    0.466338] pci_bus 0000:0d: resource 0 [io  0xd000-0xdfff]
[    0.466340] pci_bus 0000:0d: resource 1 [mem 0xcad00000-0xcadfffff]
[    0.466342] pci_bus 0000:0d: resource 2 [mem 0xd9300000-0xd93fffff 64bit pref]
[    0.466344] pci_bus 0000:0e: resource 1 [mem 0xcb100000-0xcb1fffff]
[    0.466346] pci_bus 0000:0e: resource 2 [mem 0xd9700000-0xd97fffff 64bit pref]
[    0.466348] pci_bus 0000:0f: resource 1 [mem 0xcb500000-0xcb5fffff]
[    0.466351] pci_bus 0000:0f: resource 2 [mem 0xd9b00000-0xd9bfffff 64bit pref]
[    0.466353] pci_bus 0000:10: resource 1 [mem 0xcb900000-0xcb9fffff]
[    0.466355] pci_bus 0000:10: resource 2 [mem 0xd9f00000-0xd9ffffff 64bit pref]
[    0.466357] pci_bus 0000:11: resource 1 [mem 0xcbd00000-0xcbdfffff]
[    0.466359] pci_bus 0000:11: resource 2 [mem 0xda300000-0xda3fffff 64bit pref]
[    0.466361] pci_bus 0000:12: resource 1 [mem 0xcc100000-0xcc1fffff]
[    0.466364] pci_bus 0000:12: resource 2 [mem 0xda700000-0xda7fffff 64bit pref]
[    0.466366] pci_bus 0000:13: resource 0 [io  0x6000-0x6fff]
[    0.466368] pci_bus 0000:13: resource 1 [mem 0xca600000-0xca6fffff]
[    0.466370] pci_bus 0000:13: resource 2 [mem 0xd8c00000-0xd8cfffff 64bit pref]
[    0.466372] pci_bus 0000:14: resource 0 [io  0xa000-0xafff]
[    0.466374] pci_bus 0000:14: resource 1 [mem 0xcaa00000-0xcaafffff]
[    0.466376] pci_bus 0000:14: resource 2 [mem 0xd9000000-0xd90fffff 64bit pref]
[    0.466378] pci_bus 0000:15: resource 0 [io  0xe000-0xefff]
[    0.466380] pci_bus 0000:15: resource 1 [mem 0xcae00000-0xcaefffff]
[    0.466383] pci_bus 0000:15: resource 2 [mem 0xd9400000-0xd94fffff 64bit pref]
[    0.466385] pci_bus 0000:16: resource 1 [mem 0xcb200000-0xcb2fffff]
[    0.466387] pci_bus 0000:16: resource 2 [mem 0xd9800000-0xd98fffff 64bit pref]
[    0.466389] pci_bus 0000:17: resource 1 [mem 0xcb600000-0xcb6fffff]
[    0.466391] pci_bus 0000:17: resource 2 [mem 0xd9c00000-0xd9cfffff 64bit pref]
[    0.466394] pci_bus 0000:18: resource 1 [mem 0xcba00000-0xcbafffff]
[    0.466396] pci_bus 0000:18: resource 2 [mem 0xda000000-0xda0fffff 64bit pref]
[    0.466398] pci_bus 0000:19: resource 1 [mem 0xcbe00000-0xcbefffff]
[    0.466400] pci_bus 0000:19: resource 2 [mem 0xda400000-0xda4fffff 64bit pref]
[    0.466402] pci_bus 0000:1a: resource 1 [mem 0xcc200000-0xcc2fffff]
[    0.466404] pci_bus 0000:1a: resource 2 [mem 0xda800000-0xda8fffff 64bit pref]
[    0.466406] pci_bus 0000:1b: resource 0 [io  0x7000-0x7fff]
[    0.466408] pci_bus 0000:1b: resource 1 [mem 0xca700000-0xca7fffff]
[    0.466411] pci_bus 0000:1b: resource 2 [mem 0xd8d00000-0xd8dfffff 64bit pref]
[    0.466413] pci_bus 0000:1c: resource 0 [io  0xb000-0xbfff]
[    0.466415] pci_bus 0000:1c: resource 1 [mem 0xcab00000-0xcabfffff]
[    0.466417] pci_bus 0000:1c: resource 2 [mem 0xd9100000-0xd91fffff 64bit pref]
[    0.466419] pci_bus 0000:1d: resource 1 [mem 0xcaf00000-0xcaffffff]
[    0.466421] pci_bus 0000:1d: resource 2 [mem 0xd9500000-0xd95fffff 64bit pref]
[    0.466423] pci_bus 0000:1e: resource 1 [mem 0xcb300000-0xcb3fffff]
[    0.466425] pci_bus 0000:1e: resource 2 [mem 0xd9900000-0xd99fffff 64bit pref]
[    0.466428] pci_bus 0000:1f: resource 1 [mem 0xcb700000-0xcb7fffff]
[    0.466430] pci_bus 0000:1f: resource 2 [mem 0xd9d00000-0xd9dfffff 64bit pref]
[    0.466432] pci_bus 0000:20: resource 1 [mem 0xcbb00000-0xcbbfffff]
[    0.466434] pci_bus 0000:20: resource 2 [mem 0xda100000-0xda1fffff 64bit pref]
[    0.466436] pci_bus 0000:21: resource 1 [mem 0xcbf00000-0xcbffffff]
[    0.466438] pci_bus 0000:21: resource 2 [mem 0xda500000-0xda5fffff 64bit pref]
[    0.466441] pci_bus 0000:22: resource 1 [mem 0xcc300000-0xcc3fffff]
[    0.466443] pci_bus 0000:22: resource 2 [mem 0xda900000-0xda9fffff 64bit pref]
[    0.466477] NET: Registered protocol family 2
[    0.466516] IP route cache hash table entries: 32768 (order: 5, 131072 bytes)
[    0.466573] TCP established hash table entries: 131072 (order: 8, 1048576 bytes)
[    0.466630] TCP bind hash table entries: 65536 (order: 7, 524288 bytes)
[    0.466687] TCP: Hash tables configured (established 131072 bind 65536)
[    0.466690] TCP reno registered
[    0.466693] UDP hash table entries: 512 (order: 2, 16384 bytes)
[    0.466700] UDP-Lite hash table entries: 512 (order: 2, 16384 bytes)
[    0.466737] NET: Registered protocol family 1
[    0.466745] pci 0000:00:00.0: Limiting direct PCI/PCI transfers
[    0.466802] pci 0000:00:0f.0: Boot video device
[    0.467328] ACPI: PCI Interrupt Link [LNKC] enabled at IRQ 10
[    0.467330] PCI: setting IRQ 10 as level-triggered
[    0.467338] pci 0000:02:00.0: PCI INT A -> Link[LNKC] -> GSI 10 (level, low) -> IRQ 10
[    0.467445] pci 0000:02:00.0: PCI INT A disabled
[    0.467502] ACPI: PCI Interrupt Link [LNKB] enabled at IRQ 11
[    0.467504] PCI: setting IRQ 11 as level-triggered
[    0.467508] pci 0000:02:03.0: PCI INT A -> Link[LNKB] -> GSI 11 (level, low) -> IRQ 11
[    0.467565] pci 0000:02:03.0: PCI INT A disabled
[    0.467580] PCI: CLS 32 bytes, default 64
[    0.467622] Simple Boot Flag at 0x36 set to 0x1
[    0.467626] Switching to clocksource tsc
[    0.467837] audit: initializing netlink socket (disabled)
[    0.467843] type=2000 audit(1369654308.444:1): initialized
[    0.479380] Trying to unpack rootfs image as initramfs...
[    0.495470] highmem bounce pool size: 64 pages
[    0.495477] HugeTLB registered 2 MB page size, pre-allocated 0 pages
[    0.503333] VFS: Disk quotas dquot_6.5.2
[    0.503389] Dquot-cache hash table entries: 1024 (order 0, 4096 bytes)
[    0.503536] fuse init (API version 7.17)
[    0.503612] msgmni has been set to 1710
[    0.515316] Block layer SCSI generic (bsg) driver version 0.4 loaded (major 253)
[    0.519265] io scheduler noop registered
[    0.519268] io scheduler deadline registered
[    0.519278] io scheduler cfq registered (default)
[    0.519335] pcieport 0000:00:15.0: setting latency timer to 64
[    0.519392] pcieport 0000:00:15.0: irq 40 for MSI/MSI-X
[    0.519448] pcieport 0000:00:15.1: setting latency timer to 64
[    0.519505] pcieport 0000:00:15.1: irq 41 for MSI/MSI-X
[    0.519562] pcieport 0000:00:15.2: setting latency timer to 64
[    0.519619] pcieport 0000:00:15.2: irq 42 for MSI/MSI-X
[    0.519676] pcieport 0000:00:15.3: setting latency timer to 64
[    0.519733] pcieport 0000:00:15.3: irq 43 for MSI/MSI-X
[    0.519790] pcieport 0000:00:15.4: setting latency timer to 64
[    0.519846] pcieport 0000:00:15.4: irq 44 for MSI/MSI-X
[    0.519903] pcieport 0000:00:15.5: setting latency timer to 64
[    0.519960] pcieport 0000:00:15.5: irq 45 for MSI/MSI-X
[    0.520017] pcieport 0000:00:15.6: setting latency timer to 64
[    0.520074] pcieport 0000:00:15.6: irq 46 for MSI/MSI-X
[    0.520131] pcieport 0000:00:15.7: setting latency timer to 64
[    0.520187] pcieport 0000:00:15.7: irq 47 for MSI/MSI-X
[    0.520244] pcieport 0000:00:16.0: setting latency timer to 64
[    0.520301] pcieport 0000:00:16.0: irq 48 for MSI/MSI-X
[    0.520358] pcieport 0000:00:16.1: setting latency timer to 64
[    0.520415] pcieport 0000:00:16.1: irq 49 for MSI/MSI-X
[    0.520472] pcieport 0000:00:16.2: setting latency timer to 64
[    0.520528] pcieport 0000:00:16.2: irq 50 for MSI/MSI-X
[    0.520585] pcieport 0000:00:16.3: setting latency timer to 64
[    0.520642] pcieport 0000:00:16.3: irq 51 for MSI/MSI-X
[    0.520699] pcieport 0000:00:16.4: setting latency timer to 64
[    0.520756] pcieport 0000:00:16.4: irq 52 for MSI/MSI-X
[    0.520813] pcieport 0000:00:16.5: setting latency timer to 64
[    0.520869] pcieport 0000:00:16.5: irq 53 for MSI/MSI-X
[    0.520926] pcieport 0000:00:16.6: setting latency timer to 64
[    0.520983] pcieport 0000:00:16.6: irq 54 for MSI/MSI-X
[    0.521040] pcieport 0000:00:16.7: setting latency timer to 64
[    0.521097] pcieport 0000:00:16.7: irq 55 for MSI/MSI-X
[    0.521154] pcieport 0000:00:17.0: setting latency timer to 64
[    0.521210] pcieport 0000:00:17.0: irq 56 for MSI/MSI-X
[    0.521267] pcieport 0000:00:17.1: setting latency timer to 64
[    0.521324] pcieport 0000:00:17.1: irq 57 for MSI/MSI-X
[    0.521381] pcieport 0000:00:17.2: setting latency timer to 64
[    0.521438] pcieport 0000:00:17.2: irq 58 for MSI/MSI-X
[    0.521495] pcieport 0000:00:17.3: setting latency timer to 64
[    0.521552] pcieport 0000:00:17.3: irq 59 for MSI/MSI-X
[    0.521608] pcieport 0000:00:17.4: setting latency timer to 64
[    0.521665] pcieport 0000:00:17.4: irq 60 for MSI/MSI-X
[    0.521722] pcieport 0000:00:17.5: setting latency timer to 64
[    0.521779] pcieport 0000:00:17.5: irq 61 for MSI/MSI-X
[    0.521836] pcieport 0000:00:17.6: setting latency timer to 64
[    0.521893] pcieport 0000:00:17.6: irq 62 for MSI/MSI-X
[    0.521949] pcieport 0000:00:17.7: setting latency timer to 64
[    0.522006] pcieport 0000:00:17.7: irq 63 for MSI/MSI-X
[    0.522063] pcieport 0000:00:18.0: setting latency timer to 64
[    0.522120] pcieport 0000:00:18.0: irq 64 for MSI/MSI-X
[    0.522177] pcieport 0000:00:18.1: setting latency timer to 64
[    0.522234] pcieport 0000:00:18.1: irq 65 for MSI/MSI-X
[    0.522290] pcieport 0000:00:18.2: setting latency timer to 64
[    0.522347] pcieport 0000:00:18.2: irq 66 for MSI/MSI-X
[    0.522404] pcieport 0000:00:18.3: setting latency timer to 64
[    0.522461] pcieport 0000:00:18.3: irq 67 for MSI/MSI-X
[    0.522518] pcieport 0000:00:18.4: setting latency timer to 64
[    0.522575] pcieport 0000:00:18.4: irq 68 for MSI/MSI-X
[    0.523246] pcieport 0000:00:18.5: setting latency timer to 64
[    0.523367] pcieport 0000:00:18.5: irq 69 for MSI/MSI-X
[    0.523424] pcieport 0000:00:18.6: setting latency timer to 64
[    0.523481] pcieport 0000:00:18.6: irq 70 for MSI/MSI-X
[    0.523537] pcieport 0000:00:18.7: setting latency timer to 64
[    0.523594] pcieport 0000:00:18.7: irq 71 for MSI/MSI-X
[    0.523651] pcieport 0000:00:15.0: Signaling PME through PCIe PME interrupt
[    0.523682] pcie_pme 0000:00:15.0:pcie01: service driver pcie_pme loaded
[    0.523739] pcieport 0000:00:15.1: Signaling PME through PCIe PME interrupt
[    0.523770] pcie_pme 0000:00:15.1:pcie01: service driver pcie_pme loaded
[    0.523827] pcieport 0000:00:15.2: Signaling PME through PCIe PME interrupt
[    0.523858] pcie_pme 0000:00:15.2:pcie01: service driver pcie_pme loaded
[    0.523914] pcieport 0000:00:15.3: Signaling PME through PCIe PME interrupt
[    0.523945] pcie_pme 0000:00:15.3:pcie01: service driver pcie_pme loaded
[    0.524001] pcieport 0000:00:15.4: Signaling PME through PCIe PME interrupt
[    0.524032] pcie_pme 0000:00:15.4:pcie01: service driver pcie_pme loaded
[    0.524089] pcieport 0000:00:15.5: Signaling PME through PCIe PME interrupt
[    0.524120] pcie_pme 0000:00:15.5:pcie01: service driver pcie_pme loaded
[    0.524177] pcieport 0000:00:15.6: Signaling PME through PCIe PME interrupt
[    0.524207] pcie_pme 0000:00:15.6:pcie01: service driver pcie_pme loaded
[    0.524264] pcieport 0000:00:15.7: Signaling PME through PCIe PME interrupt
[    0.524294] pcie_pme 0000:00:15.7:pcie01: service driver pcie_pme loaded
[    0.524351] pcieport 0000:00:16.0: Signaling PME through PCIe PME interrupt
[    0.524382] pcie_pme 0000:00:16.0:pcie01: service driver pcie_pme loaded
[    0.524439] pcieport 0000:00:16.1: Signaling PME through PCIe PME interrupt
[    0.524469] pcie_pme 0000:00:16.1:pcie01: service driver pcie_pme loaded
[    0.524526] pcieport 0000:00:16.2: Signaling PME through PCIe PME interrupt
[    0.524557] pcie_pme 0000:00:16.2:pcie01: service driver pcie_pme loaded
[    0.524613] pcieport 0000:00:16.3: Signaling PME through PCIe PME interrupt
[    0.524644] pcie_pme 0000:00:16.3:pcie01: service driver pcie_pme loaded
[    0.524700] pcieport 0000:00:16.4: Signaling PME through PCIe PME interrupt
[    0.524730] pcie_pme 0000:00:16.4:pcie01: service driver pcie_pme loaded
[    0.524787] pcieport 0000:00:16.5: Signaling PME through PCIe PME interrupt
[    0.524817] pcie_pme 0000:00:16.5:pcie01: service driver pcie_pme loaded
[    0.524874] pcieport 0000:00:16.6: Signaling PME through PCIe PME interrupt
[    0.524903] pcie_pme 0000:00:16.6:pcie01: service driver pcie_pme loaded
[    0.524960] pcieport 0000:00:16.7: Signaling PME through PCIe PME interrupt
[    0.524991] pcie_pme 0000:00:16.7:pcie01: service driver pcie_pme loaded
[    0.525048] pcieport 0000:00:17.0: Signaling PME through PCIe PME interrupt
[    0.525078] pcie_pme 0000:00:17.0:pcie01: service driver pcie_pme loaded
[    0.525135] pcieport 0000:00:17.1: Signaling PME through PCIe PME interrupt
[    0.525165] pcie_pme 0000:00:17.1:pcie01: service driver pcie_pme loaded
[    0.525222] pcieport 0000:00:17.2: Signaling PME through PCIe PME interrupt
[    0.525252] pcie_pme 0000:00:17.2:pcie01: service driver pcie_pme loaded
[    0.525309] pcieport 0000:00:17.3: Signaling PME through PCIe PME interrupt
[    0.525348] pcie_pme 0000:00:17.3:pcie01: service driver pcie_pme loaded
[    0.525405] pcieport 0000:00:17.4: Signaling PME through PCIe PME interrupt
[    0.525440] pcie_pme 0000:00:17.4:pcie01: service driver pcie_pme loaded
[    0.525497] pcieport 0000:00:17.5: Signaling PME through PCIe PME interrupt
[    0.525531] pcie_pme 0000:00:17.5:pcie01: service driver pcie_pme loaded
[    0.525587] pcieport 0000:00:17.6: Signaling PME through PCIe PME interrupt
[    0.525621] pcie_pme 0000:00:17.6:pcie01: service driver pcie_pme loaded
[    0.525678] pcieport 0000:00:17.7: Signaling PME through PCIe PME interrupt
[    0.525711] pcie_pme 0000:00:17.7:pcie01: service driver pcie_pme loaded
[    0.525768] pcieport 0000:00:18.0: Signaling PME through PCIe PME interrupt
[    0.525818] pcie_pme 0000:00:18.0:pcie01: service driver pcie_pme loaded
[    0.525875] pcieport 0000:00:18.1: Signaling PME through PCIe PME interrupt
[    0.525906] pcie_pme 0000:00:18.1:pcie01: service driver pcie_pme loaded
[    0.525963] pcieport 0000:00:18.2: Signaling PME through PCIe PME interrupt
[    0.525994] pcie_pme 0000:00:18.2:pcie01: service driver pcie_pme loaded
[    0.526051] pcieport 0000:00:18.3: Signaling PME through PCIe PME interrupt
[    0.526081] pcie_pme 0000:00:18.3:pcie01: service driver pcie_pme loaded
[    0.526138] pcieport 0000:00:18.4: Signaling PME through PCIe PME interrupt
[    0.526168] pcie_pme 0000:00:18.4:pcie01: service driver pcie_pme loaded
[    0.526225] pcieport 0000:00:18.5: Signaling PME through PCIe PME interrupt
[    0.526255] pcie_pme 0000:00:18.5:pcie01: service driver pcie_pme loaded
[    0.526312] pcieport 0000:00:18.6: Signaling PME through PCIe PME interrupt
[    0.526342] pcie_pme 0000:00:18.6:pcie01: service driver pcie_pme loaded
[    0.526399] pcieport 0000:00:18.7: Signaling PME through PCIe PME interrupt
[    0.526430] pcie_pme 0000:00:18.7:pcie01: service driver pcie_pme loaded
[    0.526455] pci_hotplug: PCI Hot Plug PCI Core version: 0.5
[    0.526512] pciehp 0000:00:15.0:pcie04: HPC vendor_id 15ad device_id 7a0 ss_vid 15ad ss_did 7a0
[    0.526569] pciehp 0000:00:15.0:pcie04: service driver pciehp loaded
[    0.526625] pciehp 0000:00:15.1:pcie04: HPC vendor_id 15ad device_id 7a0 ss_vid 15ad ss_did 7a0
[    0.526682] pciehp 0000:00:15.1:pcie04: service driver pciehp loaded
[    0.526739] pciehp 0000:00:15.2:pcie04: HPC vendor_id 15ad device_id 7a0 ss_vid 15ad ss_did 7a0
[    0.526796] pciehp 0000:00:15.2:pcie04: service driver pciehp loaded
[    0.526853] pciehp 0000:00:15.3:pcie04: HPC vendor_id 15ad device_id 7a0 ss_vid 15ad ss_did 7a0
[    0.526910] pciehp 0000:00:15.3:pcie04: service driver pciehp loaded
[    0.526966] pciehp 0000:00:15.4:pcie04: HPC vendor_id 15ad device_id 7a0 ss_vid 15ad ss_did 7a0
[    0.527023] pciehp 0000:00:15.4:pcie04: service driver pciehp loaded
[    0.527080] pciehp 0000:00:15.5:pcie04: HPC vendor_id 15ad device_id 7a0 ss_vid 15ad ss_did 7a0
[    0.527090] pciehp 0000:00:15.5:pcie04: service driver pciehp loaded
[    0.531280] pciehp 0000:00:15.6:pcie04: HPC vendor_id 15ad device_id 7a0 ss_vid 15ad ss_did 7a0
[    0.531336] pciehp 0000:00:15.6:pcie04: service driver pciehp loaded
[    0.531393] pciehp 0000:00:15.7:pcie04: HPC vendor_id 15ad device_id 7a0 ss_vid 15ad ss_did 7a0
[    0.531450] pciehp 0000:00:15.7:pcie04: service driver pciehp loaded
[    0.531507] pciehp 0000:00:16.0:pcie04: HPC vendor_id 15ad device_id 7a0 ss_vid 15ad ss_did 7a0
[    0.531564] pciehp 0000:00:16.0:pcie04: service driver pciehp loaded
[    0.531621] pciehp 0000:00:16.1:pcie04: HPC vendor_id 15ad device_id 7a0 ss_vid 15ad ss_did 7a0
[    0.531677] pciehp 0000:00:16.1:pcie04: service driver pciehp loaded
[    0.531734] pciehp 0000:00:16.2:pcie04: HPC vendor_id 15ad device_id 7a0 ss_vid 15ad ss_did 7a0
[    0.531791] pciehp 0000:00:16.2:pcie04: service driver pciehp loaded
[    0.531848] pciehp 0000:00:16.3:pcie04: HPC vendor_id 15ad device_id 7a0 ss_vid 15ad ss_did 7a0
[    0.531905] pciehp 0000:00:16.3:pcie04: service driver pciehp loaded
[    0.531962] pciehp 0000:00:16.4:pcie04: HPC vendor_id 15ad device_id 7a0 ss_vid 15ad ss_did 7a0
[    0.532018] pciehp 0000:00:16.4:pcie04: service driver pciehp loaded
[    0.532075] pciehp 0000:00:16.5:pcie04: HPC vendor_id 15ad device_id 7a0 ss_vid 15ad ss_did 7a0
[    0.532132] pciehp 0000:00:16.5:pcie04: service driver pciehp loaded
[    0.532189] pciehp 0000:00:16.6:pcie04: HPC vendor_id 15ad device_id 7a0 ss_vid 15ad ss_did 7a0
[    0.532246] pciehp 0000:00:16.6:pcie04: service driver pciehp loaded
[    0.532303] pciehp 0000:00:16.7:pcie04: HPC vendor_id 15ad device_id 7a0 ss_vid 15ad ss_did 7a0
[    0.532360] pciehp 0000:00:16.7:pcie04: service driver pciehp loaded
[    0.532416] pciehp 0000:00:17.0:pcie04: HPC vendor_id 15ad device_id 7a0 ss_vid 15ad ss_did 7a0
[    0.532473] pciehp 0000:00:17.0:pcie04: service driver pciehp loaded
[    0.532530] pciehp 0000:00:17.1:pcie04: HPC vendor_id 15ad device_id 7a0 ss_vid 15ad ss_did 7a0
[    0.532587] pciehp 0000:00:17.1:pcie04: service driver pciehp loaded
[    0.532644] pciehp 0000:00:17.2:pcie04: HPC vendor_id 15ad device_id 7a0 ss_vid 15ad ss_did 7a0
[    0.532701] pciehp 0000:00:17.2:pcie04: service driver pciehp loaded
[    0.532757] pciehp 0000:00:17.3:pcie04: HPC vendor_id 15ad device_id 7a0 ss_vid 15ad ss_did 7a0
[    0.532814] pciehp 0000:00:17.3:pcie04: service driver pciehp loaded
[    0.532871] pciehp 0000:00:17.4:pcie04: HPC vendor_id 15ad device_id 7a0 ss_vid 15ad ss_did 7a0
[    0.532928] pciehp 0000:00:17.4:pcie04: service driver pciehp loaded
[    0.532985] pciehp 0000:00:17.5:pcie04: HPC vendor_id 15ad device_id 7a0 ss_vid 15ad ss_did 7a0
[    0.533042] pciehp 0000:00:17.5:pcie04: service driver pciehp loaded
[    0.533098] pciehp 0000:00:17.6:pcie04: HPC vendor_id 15ad device_id 7a0 ss_vid 15ad ss_did 7a0
[    0.533155] pciehp 0000:00:17.6:pcie04: service driver pciehp loaded
[    0.533212] pciehp 0000:00:17.7:pcie04: HPC vendor_id 15ad device_id 7a0 ss_vid 15ad ss_did 7a0
[    0.533269] pciehp 0000:00:17.7:pcie04: service driver pciehp loaded
[    0.533326] pciehp 0000:00:18.0:pcie04: HPC vendor_id 15ad device_id 7a0 ss_vid 15ad ss_did 7a0
[    0.533383] pciehp 0000:00:18.0:pcie04: service driver pciehp loaded
[    0.533439] pciehp 0000:00:18.1:pcie04: HPC vendor_id 15ad device_id 7a0 ss_vid 15ad ss_did 7a0
[    0.533496] pciehp 0000:00:18.1:pcie04: service driver pciehp loaded
[    0.533553] pciehp 0000:00:18.2:pcie04: HPC vendor_id 15ad device_id 7a0 ss_vid 15ad ss_did 7a0
[    0.533610] pciehp 0000:00:18.2:pcie04: service driver pciehp loaded
[    0.533667] pciehp 0000:00:18.3:pcie04: HPC vendor_id 15ad device_id 7a0 ss_vid 15ad ss_did 7a0
[    0.533724] pciehp 0000:00:18.3:pcie04: service driver pciehp loaded
[    0.533780] pciehp 0000:00:18.4:pcie04: HPC vendor_id 15ad device_id 7a0 ss_vid 15ad ss_did 7a0
[    0.533837] pciehp 0000:00:18.4:pcie04: service driver pciehp loaded
[    0.533894] pciehp 0000:00:18.5:pcie04: HPC vendor_id 15ad device_id 7a0 ss_vid 15ad ss_did 7a0
[    0.533951] pciehp 0000:00:18.5:pcie04: service driver pciehp loaded
[    0.534008] pciehp 0000:00:18.6:pcie04: HPC vendor_id 15ad device_id 7a0 ss_vid 15ad ss_did 7a0
[    0.534065] pciehp 0000:00:18.6:pcie04: service driver pciehp loaded
[    0.534122] pciehp 0000:00:18.7:pcie04: HPC vendor_id 15ad device_id 7a0 ss_vid 15ad ss_did 7a0
[    0.534178] pciehp 0000:00:18.7:pcie04: service driver pciehp loaded
[    0.534191] pciehp: PCI Express Hot Plug Controller Driver version: 0.4
[    0.534247] ACPI: Deprecated procfs I/F for AC is loaded, please retry with CONFIG_ACPI_PROCFS_POWER cleared
[    0.534310] ACPI: AC Adapter [ACAD] (on-line)
[    0.539281] input: Power Button as /devices/LNXSYSTM:00/LNXPWRBN:00/input/input0
[    0.539287] ACPI: Power Button [PWRF]
[    0.559207] ERST: Table is not found!
[    0.559212] GHES: HEST is not enabled!
[    0.559350] Serial: 8250/16550 driver, 32 ports, IRQ sharing enabled
[    0.583083] serial8250: ttyS0 at I/O 0x3f8 (irq = 4) is a 16550A
[    0.587180] isapnp: Scanning for PnP cards...
[    0.722875] serial8250: ttyS1 at I/O 0x2f8 (irq = 3) is a 16550A
[    0.774872] 00:0a: ttyS0 at I/O 0x3f8 (irq = 4) is a 16550A
[    0.858844] 00:0b: ttyS1 at I/O 0x2f8 (irq = 3) is a 16550A
[    0.882759] Linux agpgart interface v0.103
[    0.882811] agpgart-intel 0000:00:00.0: Intel 440BX Chipset
[    0.882897] agpgart-intel 0000:00:00.0: AGP aperture is 256M @ 0x0
[    0.883630] brd: module loaded
[    0.884106] loop: module loaded
[    0.884159] ata_piix 0000:00:07.1: version 2.13
[    0.927722] scsi0 : ata_piix
[    0.927796] scsi1 : ata_piix
[    0.927826] ata1: PATA max UDMA/33 cmd 0x1f0 ctl 0x3f6 bmdma 0x10c0 irq 14
[    0.927829] ata2: PATA max UDMA/33 cmd 0x170 ctl 0x376 bmdma 0x10c8 irq 15
[    0.927885] Fixed MDIO Bus: probed
[    0.927897] tun: Universal TUN/TAP device driver, 1.6
[    0.927899] tun: (C) 1999-2004 Max Krasnyansky <maxk@qualcomm.com>
[    0.927954] PPP generic driver version 2.4.2
[    0.928015] ehci_hcd: USB 2.0 'Enhanced' Host Controller (EHCI) Driver
[    0.928048] ehci_hcd 0000:02:03.0: PCI INT A -> Link[LNKB] -> GSI 11 (level, low) -> IRQ 11
[    0.928096] ehci_hcd 0000:02:03.0: EHCI Host Controller
[    0.928137] ehci_hcd 0000:02:03.0: new USB bus registered, assigned bus number 1
[    0.928190] ehci_hcd 0000:02:03.0: cache line size of 32 is not supported
[    0.928199] ehci_hcd 0000:02:03.0: irq 11, io mem 0xc9000000
[    0.938642] ehci_hcd 0000:02:03.0: USB 2.0 started, EHCI 1.00
[    0.938752] hub 1-0:1.0: USB hub found
[    0.938757] hub 1-0:1.0: 6 ports detected
[    0.938810] ohci_hcd: USB 1.1 'Open' Host Controller (OHCI) Driver
[    0.938823] uhci_hcd: USB Universal Host Controller Interface driver
[    0.938860] uhci_hcd 0000:02:00.0: PCI INT A -> Link[LNKC] -> GSI 10 (level, low) -> IRQ 10
[    0.938900] uhci_hcd 0000:02:00.0: UHCI Host Controller
[    0.938935] uhci_hcd 0000:02:00.0: new USB bus registered, assigned bus number 2
[    0.939045] uhci_hcd 0000:02:00.0: irq 10, io base 0x000020c0
[    0.939162] hub 2-0:1.0: USB hub found
[    0.939166] hub 2-0:1.0: 2 ports detected
[    0.939219] usbcore: registered new interface driver libusual
[    0.939260] i8042: PNP: PS/2 Controller [PNP0303:KBC,PNP0f13:MOUS] at 0x60,0x64 irq 1,12
[    0.939597] serio: i8042 KBD port at 0x60,0x64 irq 1
[    0.939605] serio: i8042 AUX port at 0x60,0x64 irq 12
[    0.939691] mousedev: PS/2 mouse device common for all mice
[    0.939975] rtc_cmos 00:04: rtc core: registered rtc_cmos as rtc0
[    0.940087] rtc0: alarms up to one month, y3k, 114 bytes nvram, hpet irqs
[    0.940136] device-mapper: uevent: version 1.0.3
[    0.940187] device-mapper: ioctl: 4.22.0-ioctl (2011-10-19) initialised: dm-devel@redhat.com
[    0.940210] EISA: Probing bus 0 at eisa.0
[    0.940212] EISA: Cannot allocate resource for mainboard
[    0.940214] Cannot allocate resource for EISA slot 1
[    0.940215] Cannot allocate resource for EISA slot 2
[    0.940217] Cannot allocate resource for EISA slot 3
[    0.940218] Cannot allocate resource for EISA slot 4
[    0.940220] Cannot allocate resource for EISA slot 5
[    0.940222] Cannot allocate resource for EISA slot 6
[    0.940223] Cannot allocate resource for EISA slot 7
[    0.940225] Cannot allocate resource for EISA slot 8
[    0.940226] EISA: Detected 0 cards.
[    0.940234] cpufreq-nforce2: No nForce2 chipset.
[    0.940236] cpuidle: using governor ladder
[    0.940237] cpuidle: using governor menu
[    0.940239] EFI Variables Facility v0.08 2004-May-17
[    0.940292] TCP cubic registered
[    0.940344] NET: Registered protocol family 10
[    0.940397] NET: Registered protocol family 17
[    0.940401] Registering the dns_resolver key type
[    0.940416] Using IPI No-Shortcut mode
[    0.940480] PM: Hibernation image not present or could not be loaded.
[    0.940488] registered taskstats version 1
[    0.940955] input: AT Translated Set 2 keyboard as /devices/platform/i8042/serio0/input/input1
[    1.042538] Freeing initrd memory: 13836k freed
[    1.126428]   Magic number: 13:665:530
[    1.126446] tty ttyS10: hash matches
[    1.146371] rtc_cmos 00:04: setting system clock to 2013-05-27 11:31:50 UTC (1369654310)
[    1.146460] BIOS EDD facility v0.16 2004-Jun-25, 0 devices found
[    1.146462] EDD information not available.
[    1.146544] ata2.00: ATAPI: VMware Virtual IDE CDROM Drive, 00000001, max UDMA/33
[    1.146824] ata2.00: configured for UDMA/33
[    1.234270] isapnp: No Plug & Play device found
[    1.234616] scsi 1:0:0:0: CD-ROM            NECVMWar VMware IDE CDR10 1.00 PQ: 0 ANSI: 5
[    1.235271] sr0: scsi3-mmc drive: 306x/306x cd/rw xa/form2 cdda tray
[    1.235275] cdrom: Uniform CD-ROM driver Revision: 3.20
[    1.235397] sr 1:0:0:0: Attached scsi CD-ROM sr0
[    1.235559] sr 1:0:0:0: Attached scsi generic sg0 type 5
[    1.235653] Freeing unused kernel memory: 740k freed
[    1.235705] Write protecting the kernel text: 5816k
[    1.235721] Write protecting the kernel read-only data: 2376k
[    1.235723] NX-protecting the kernel data: 4424k
[    1.247736] udevd[85]: starting version 175
[    1.266533] VMware vmxnet3 virtual NIC driver - version 1.1.29.0-k-NAPI
[    1.270255] VMware PVSCSI driver - version 1.0.1.0-k
[    1.275195] VMware vmxnet virtual NIC driver
[    1.275247] ACPI: PCI Interrupt Link [LNKD] enabled at IRQ 5
[    1.275251] PCI: setting IRQ 5 as level-triggered
[    1.275257] vmxnet 0000:02:01.0: PCI INT A -> Link[LNKD] -> GSI 5 (level, low) -> IRQ 5
[    1.275310] Found vmxnet/PCI at 0x2024, irq 5.
[    1.275362] features:
[    1.275374] numRxBuffers = 100, numRxBuffers2 = 1
[    1.275426] vmxnet 0000:02:01.0: eth0: set_features() failed (-1); wanted 0x00004000, left 0x00004800
[    1.290101] usb 2-1: new full-speed USB device number 2 using uhci_hcd
[    1.312089] Floppy drive(s): fd0 is 1.44M
[    1.321494] Fusion MPT base driver 3.04.20
[    1.321498] Copyright (c) 1999-2008 LSI Corporation
[    1.321709] Fusion MPT SPI Host driver 3.04.20
[    1.321762] mptspi 0000:00:10.0: PCI INT A -> Link[LNKB] -> GSI 11 (level, low) -> IRQ 11
[    1.326283] FDC 0 is a post-1991 82077
[    1.327799] mptbase: ioc0: Initiating bringup
[    1.397979] ioc0: LSI53C1030 B0: Capabilities={Initiator}
[    1.422472] input: VMware VMware Virtual USB Mouse as /devices/pci0000:00/0000:00:11.0/0000:02:00.0/usb2/2-1/2-1:1.0/input/input2
[    1.422657] generic-usb 0003:0E0F:0003.0001: input,hidraw0: USB HID v1.10 Mouse [VMware VMware Virtual USB Mouse] on usb-0000:02:00.0-1/input0
[    1.423192] input: VMware VMware Virtual USB Mouse as /devices/pci0000:00/0000:00:11.0/0000:02:00.0/usb2/2-1/2-1:1.1/input/input3
[    1.423349] generic-usb 0003:0E0F:0003.0002: input,hidraw1: USB HID v1.10 Mouse [VMware VMware Virtual USB Mouse] on usb-0000:02:00.0-1/input1
[    1.423361] usbcore: registered new interface driver usbhid
[    1.423363] usbhid: USB HID core driver
[    1.529739] usb 2-2: new full-speed USB device number 3 using uhci_hcd
[    1.557785] scsi2 : ioc0: LSI53C1030 B0, FwRev=01032920h, Ports=1, MaxQ=128, IRQ=11
[    1.663668] hub 2-2:1.0: USB hub found
[    1.665703] hub 2-2:1.0: 7 ports detected
[    1.670536] scsi 2:0:0:0: Direct-Access     VMware,  VMware Virtual S 1.0  PQ: 0 ANSI: 2
[    1.670546] scsi target2:0:0: Beginning Domain Validation
[    1.671289] scsi target2:0:0: Domain Validation skipping write tests
[    1.671293] scsi target2:0:0: Ending Domain Validation
[    1.671360] scsi target2:0:0: FAST-40 WIDE SCSI 80.0 MB/s ST (25 ns, offset 127)
[    1.674128] sd 2:0:0:0: [sda] 41943040 512-byte logical blocks: (21.4 GB/20.0 GiB)
[    1.674202] sd 2:0:0:0: [sda] Write Protect is off
[    1.674206] sd 2:0:0:0: [sda] Mode Sense: 61 00 00 00
[    1.674277] sd 2:0:0:0: [sda] Cache data unavailable
[    1.674281] sd 2:0:0:0: [sda] Assuming drive cache: write through
[    1.674646] sd 2:0:0:0: [sda] Cache data unavailable
[    1.674650] sd 2:0:0:0: [sda] Assuming drive cache: write through
[    1.675487] sd 2:0:0:0: Attached scsi generic sg1 type 0
[    1.676190]  sda: sda1 sda2 < sda5 >
[    1.676618] sd 2:0:0:0: [sda] Cache data unavailable
[    1.676622] sd 2:0:0:0: [sda] Assuming drive cache: write through
[    1.676625] sd 2:0:0:0: [sda] Attached SCSI disk
[    1.714856] EXT4-fs (sda1): INFO: recovery required on readonly filesystem
[    1.714860] EXT4-fs (sda1): write access will be enabled during recovery
[    1.866848] EXT4-fs (sda1): recovery complete
[    1.867415] EXT4-fs (sda1): mounted filesystem with ordered data mode. Opts: (null)
[    3.334606] ADDRCONF(NETDEV_UP): eth0: link is not ready
[    3.339044] udevd[322]: starting version 175
[    3.384083] Adding 1046524k swap on /dev/sda5.  Priority:-1 extents:1 across:1046524k 
[    3.393491] lp: driver loaded but no devices found
[    3.479015] shpchp: Standard Hot Plug PCI Controller Driver version: 0.4
[    3.489252] [371]: VMCI: shared components initialized.
[    3.489271] Probing for vmci/PCI.
[    3.489426] ACPI: PCI Interrupt Link [LNKA] enabled at IRQ 9
[    3.489429] PCI: setting IRQ 9 as level-triggered
[    3.489434] vmci 0000:00:07.7: PCI INT A -> Link[LNKA] -> GSI 9 (level, low) -> IRQ 9
[    3.489475] Found vmci/PCI at 0x1080, irq 9.
[    3.489511] VMCI: using capabilities 0xc.
[    3.489580] [371]: VMCI: Host capability check passed.
[    3.489751] vmci 0000:00:07.7: irq 72 for MSI/MSI-X
[    3.489782] vmci 0000:00:07.7: irq 73 for MSI/MSI-X
[    3.489953] Registered vmci device.
[    3.492848] EXT4-fs (sda1): re-mounted. Opts: errors=remount-ro
[    3.497980] [371]: VMCI: Using guest personality
[    3.497985] [371]: VMCI: host components initialized.
[    3.498205] piix4_smbus 0000:00:07.3: Host SMBus controller not enabled!
[    3.509913] [371]: VMCI: Module registered (name=vmci,major=10,minor=57).
[    3.509916] [371]: VMCI: Using host personality
[    3.509918] [371]: VMCI: Module (name=vmci) is initialized
[    3.605463] Bluetooth: Core ver 2.16
[    3.605504] NET: Registered protocol family 31
[    3.605506] Bluetooth: HCI device and connection manager initialized
[    3.605508] Bluetooth: HCI socket layer initialized
[    3.605510] Bluetooth: L2CAP socket layer initialized
[    3.605514] Bluetooth: SCO socket layer initialized
[    3.619236] ppdev: user-space parallel port driver
[    3.619905] parport_pc 00:09: reported by Plug and Play ACPI
[    3.620076] parport0: PC-style at 0x378, irq 7 [PCSPP,TRISTATE]
[    3.621826] Bluetooth: BNEP (Ethernet Emulation) ver 1.3
[    3.621828] Bluetooth: BNEP filters: protocol multicast
[    3.630190] Bluetooth: RFCOMM TTY layer initialized
[    3.630195] Bluetooth: RFCOMM socket layer initialized
[    3.630197] Bluetooth: RFCOMM ver 1.11
[    3.714684] lp0: using parport0 (interrupt-driven).
[    3.720839] type=1400 audit(1369654313.074:2): apparmor="STATUS" operation="profile_load" name="/usr/lib/cups/backend/cups-pdf" pid=581 comm="apparmor_parser"
[    3.721506] type=1400 audit(1369654313.074:3): apparmor="STATUS" operation="profile_load" name="/usr/sbin/cupsd" pid=581 comm="apparmor_parser"
[    3.746647] type=1400 audit(1369654313.102:4): apparmor="STATUS" operation="profile_load" name="/sbin/dhclient" pid=593 comm="apparmor_parser"
[    3.746822] type=1400 audit(1369654313.102:5): apparmor="STATUS" operation="profile_load" name="/usr/lib/NetworkManager/nm-dhcp-client.action" pid=593 comm="apparmor_parser"
[    3.746992] type=1400 audit(1369654313.102:6): apparmor="STATUS" operation="profile_load" name="/usr/lib/connman/scripts/dhclient-script" pid=593 comm="apparmor_parser"
[    3.882451] input: ImPS/2 Generic Wheel Mouse as /devices/platform/i8042/serio1/input/input4
[    4.036922] snd_ens1371 0000:02:02.0: PCI INT A -> Link[LNKA] -> GSI 9 (level, low) -> IRQ 9
[    4.071515] init: failsafe main process (667) killed by TERM signal
[    4.172315] type=1400 audit(1369654313.526:7): apparmor="STATUS" operation="profile_load" name="/usr/lib/lightdm/lightdm/lightdm-guest-session-wrapper" pid=787 comm="apparmor_parser"
[    4.176614] type=1400 audit(1369654313.530:8): apparmor="STATUS" operation="profile_replace" name="/sbin/dhclient" pid=789 comm="apparmor_parser"
[    4.176798] type=1400 audit(1369654313.530:9): apparmor="STATUS" operation="profile_replace" name="/usr/lib/NetworkManager/nm-dhcp-client.action" pid=789 comm="apparmor_parser"
[    4.176969] type=1400 audit(1369654313.530:10): apparmor="STATUS" operation="profile_replace" name="/usr/lib/connman/scripts/dhclient-script" pid=789 comm="apparmor_parser"
[    4.334150] init: alsa-restore main process (856) terminated with status 19
