[    0.000000] Initializing cgroup subsys cpuset
[    0.000000] Initializing cgroup subsys cpu
[    0.000000] Linux version 3.2.0-29-generic-pae (buildd@roseapple) (gcc version 4.6.3 (Ubuntu/Linaro 4.6.3-1ubuntu5) ) #46-Ubuntu SMP Fri Jul 27 17:25:43 UTC 2012 (Ubuntu 3.2.0-29.46-generic-pae 3.2.24)
[    0.000000] KERNEL supported cpus:
[    0.000000]   Intel GenuineIntel
[    0.000000]   AMD AuthenticAMD
[    0.000000]   NSC Geode by NSC
[    0.000000]   Cyrix CyrixInstead
[    0.000000]   Centaur CentaurHauls
[    0.000000]   Transmeta GenuineTMx86
[    0.000000]   Transmeta TransmetaCPU
[    0.000000]   UMC UMC UMC UMC
[    0.000000] Disabled fast string operations
[    0.000000] BIOS-provided physical RAM map:
[    0.000000]  BIOS-e820: 0000000000000000 - 000000000009f000 (usable)
[    0.000000]  BIOS-e820: 000000000009f000 - 00000000000a0000 (reserved)
[    0.000000]  BIOS-e820: 00000000000ca000 - 00000000000cc000 (reserved)
[    0.000000]  BIOS-e820: 00000000000dc000 - 0000000000100000 (reserved)
[    0.000000]  BIOS-e820: 0000000000100000 - 000000003fee0000 (usable)
[    0.000000]  BIOS-e820: 000000003fee0000 - 000000003feff000 (ACPI data)
[    0.000000]  BIOS-e820: 000000003feff000 - 000000003ff00000 (ACPI NVS)
[    0.000000]  BIOS-e820: 000000003ff00000 - 0000000040000000 (usable)
[    0.000000]  BIOS-e820: 00000000e0000000 - 00000000f0000000 (reserved)
[    0.000000]  BIOS-e820: 00000000fec00000 - 00000000fec10000 (reserved)
[    0.000000]  BIOS-e820: 00000000fee00000 - 00000000fee01000 (reserved)
[    0.000000]  BIOS-e820: 00000000fffe0000 - 0000000100000000 (reserved)
[    0.000000] NX (Execute Disable) protection: active
[    0.000000] DMI present.
[    0.000000] DMI: VMware, Inc. VMware Virtual Platform/440BX Desktop Reference Platform, BIOS 6.00 07/02/2012
[    0.000000] Hypervisor detected: VMware
[    0.000000] e820 update range: 0000000000000000 - 0000000000010000 (usable) ==> (reserved)
[    0.000000] e820 remove range: 00000000000a0000 - 0000000000100000 (usable)
[    0.000000] last_pfn = 0x40000 max_arch_pfn = 0x1000000
[    0.000000] MTRR default type: uncachable
[    0.000000] MTRR fixed ranges enabled:
[    0.000000]   00000-9FFFF write-back
[    0.000000]   A0000-BFFFF uncachable
[    0.000000]   C0000-CBFFF write-protect
[    0.000000]   CC000-EFFFF uncachable
[    0.000000]   F0000-FFFFF write-protect
[    0.000000] MTRR variable ranges enabled:
[    0.000000]   0 base 0000000000 mask FFC0000000 write-back
[    0.000000]   1 disabled
[    0.000000]   2 disabled
[    0.000000]   3 disabled
[    0.000000]   4 disabled
[    0.000000]   5 disabled
[    0.000000]   6 disabled
[    0.000000]   7 disabled
[    0.000000] x86 PAT enabled: cpu 0, old 0x0, new 0x7010600070106
[    0.000000] found SMP MP-table at [c00f6bf0] f6bf0
[    0.000000] initial memory mapped : 0 - 02000000
[    0.000000] Base memory trampoline at [c009b000] 9b000 size 16384
[    0.000000] init_memory_mapping: 0000000000000000-0000000037bfe000
[    0.000000]  0000000000 - 0000200000 page 4k
[    0.000000]  0000200000 - 0037a00000 page 2M
[    0.000000]  0037a00000 - 0037bfe000 page 4k
[    0.000000] kernel direct mapping tables up to 37bfe000 @ 1ffb000-2000000
[    0.000000] RAMDISK: 364ea000 - 3726d000
[    0.000000] ACPI: RSDP 000f6b80 00024 (v02 PTLTD )
[    0.000000] ACPI: XSDT 3feed636 0005C (v01 INTEL  440BX    06040000 VMW  01324272)
[    0.000000] ACPI: FACP 3fefee98 000F4 (v04 INTEL  440BX    06040000 PTL  000F4240)
[    0.000000] ACPI: DSDT 3feee366 10B32 (v01 PTLTD  Custom   06040000 MSFT 03000001)
[    0.000000] ACPI: FACS 3fefffc0 00040
[    0.000000] ACPI: BOOT 3feee33e 00028 (v01 PTLTD  $SBFTBL$ 06040000  LTP 00000001)
[    0.000000] ACPI: APIC 3feedc3e 003C2 (v01 PTLTD  ? APIC   06040000  LTP 00000000)
[    0.000000] ACPI: MCFG 3feedc02 0003C (v01 PTLTD  $PCITBL$ 06040000  LTP 00000001)
[    0.000000] ACPI: SRAT 3feed732 004D0 (v02 VMWARE MEMPLUG  06040000 VMW  00000001)
[    0.000000] ACPI: HPET 3feed6fa 00038 (v01 VMWARE VMW HPET 06040000 VMW  00000001)
[    0.000000] ACPI: WAET 3feed6d2 00028 (v01 VMWARE VMW WAET 06040000 VMW  00000001)
[    0.000000] ACPI: Local APIC address 0xfee00000
[    0.000000] 132MB HIGHMEM available.
[    0.000000] 891MB LOWMEM available.
[    0.000000]   mapped low ram: 0 - 37bfe000
[    0.000000]   low ram: 0 - 37bfe000
[    0.000000] Zone PFN ranges:
[    0.000000]   DMA      0x00000010 -> 0x00001000
[    0.000000]   Normal   0x00001000 -> 0x00037bfe
[    0.000000]   HighMem  0x00037bfe -> 0x00040000
[    0.000000] Movable zone start PFN for each node
[    0.000000] early_node_map[3] active PFN ranges
[    0.000000]     0: 0x00000010 -> 0x0000009f
[    0.000000]     0: 0x00000100 -> 0x0003fee0
[    0.000000]     0: 0x0003ff00 -> 0x00040000
[    0.000000] On node 0 totalpages: 261999
[    0.000000] free_area_init_node: node 0, pgdat c1866a40, node_mem_map f73fd200
[    0.000000]   DMA zone: 32 pages used for memmap
[    0.000000]   DMA zone: 0 pages reserved
[    0.000000]   DMA zone: 3951 pages, LIFO batch:0
[    0.000000]   Normal zone: 1752 pages used for memmap
[    0.000000]   Normal zone: 222502 pages, LIFO batch:31
[    0.000000]   HighMem zone: 265 pages used for memmap
[    0.000000]   HighMem zone: 33497 pages, LIFO batch:7
[    0.000000] Using APIC driver default
[    0.000000] ACPI: PM-Timer IO Port: 0x1008
[    0.000000] ACPI: Local APIC address 0xfee00000
[    0.000000] ACPI: LAPIC (acpi_id[0x00] lapic_id[0x00] enabled)
[    0.000000] ACPI: LAPIC (acpi_id[0x01] lapic_id[0x02] disabled)
[    0.000000] ACPI: LAPIC (acpi_id[0x02] lapic_id[0x04] disabled)
[    0.000000] ACPI: LAPIC (acpi_id[0x03] lapic_id[0x06] disabled)
[    0.000000] ACPI: LAPIC (acpi_id[0x04] lapic_id[0x08] disabled)
[    0.000000] ACPI: LAPIC (acpi_id[0x05] lapic_id[0x0a] disabled)
[    0.000000] ACPI: LAPIC (acpi_id[0x06] lapic_id[0x0c] disabled)
[    0.000000] ACPI: LAPIC (acpi_id[0x07] lapic_id[0x0e] disabled)
[    0.000000] ACPI: LAPIC (acpi_id[0x08] lapic_id[0x10] disabled)
[    0.000000] ACPI: LAPIC (acpi_id[0x09] lapic_id[0x12] disabled)
[    0.000000] ACPI: LAPIC (acpi_id[0x0a] lapic_id[0x14] disabled)
[    0.000000] ACPI: LAPIC (acpi_id[0x0b] lapic_id[0x16] disabled)
[    0.000000] ACPI: LAPIC (acpi_id[0x0c] lapic_id[0x18] disabled)
[    0.000000] ACPI: LAPIC (acpi_id[0x0d] lapic_id[0x1a] disabled)
[    0.000000] ACPI: LAPIC (acpi_id[0x0e] lapic_id[0x1c] disabled)
[    0.000000] ACPI: LAPIC (acpi_id[0x0f] lapic_id[0x1e] disabled)
[    0.000000] ACPI: LAPIC (acpi_id[0x10] lapic_id[0x20] disabled)
[    0.000000] ACPI: LAPIC (acpi_id[0x11] lapic_id[0x22] disabled)
[    0.000000] ACPI: LAPIC (acpi_id[0x12] lapic_id[0x24] disabled)
[    0.000000] ACPI: LAPIC (acpi_id[0x13] lapic_id[0x26] disabled)
[    0.000000] ACPI: LAPIC (acpi_id[0x14] lapic_id[0x28] disabled)
[    0.000000] ACPI: LAPIC (acpi_id[0x15] lapic_id[0x2a] disabled)
[    0.000000] ACPI: LAPIC (acpi_id[0x16] lapic_id[0x2c] disabled)
[    0.000000] ACPI: LAPIC (acpi_id[0x17] lapic_id[0x2e] disabled)
[    0.000000] ACPI: LAPIC (acpi_id[0x18] lapic_id[0x30] disabled)
[    0.000000] ACPI: LAPIC (acpi_id[0x19] lapic_id[0x32] disabled)
[    0.000000] ACPI: LAPIC (acpi_id[0x1a] lapic_id[0x34] disabled)
[    0.000000] ACPI: LAPIC (acpi_id[0x1b] lapic_id[0x36] disabled)
[    0.000000] ACPI: LAPIC (acpi_id[0x1c] lapic_id[0x38] disabled)
[    0.000000] ACPI: LAPIC (acpi_id[0x1d] lapic_id[0x3a] disabled)
[    0.000000] ACPI: LAPIC (acpi_id[0x1e] lapic_id[0x3c] disabled)
[    0.000000] ACPI: LAPIC (acpi_id[0x1f] lapic_id[0x3e] disabled)
[    0.000000] ACPI: LAPIC (acpi_id[0x20] lapic_id[0x40] disabled)
[    0.000000] ACPI: LAPIC (acpi_id[0x21] lapic_id[0x42] disabled)
[    0.000000] ACPI: LAPIC (acpi_id[0x22] lapic_id[0x44] disabled)
[    0.000000] ACPI: LAPIC (acpi_id[0x23] lapic_id[0x46] disabled)
[    0.000000] ACPI: LAPIC (acpi_id[0x24] lapic_id[0x48] disabled)
[    0.000000] ACPI: LAPIC (acpi_id[0x25] lapic_id[0x4a] disabled)
[    0.000000] ACPI: LAPIC (acpi_id[0x26] lapic_id[0x4c] disabled)
[    0.000000] ACPI: LAPIC (acpi_id[0x27] lapic_id[0x4e] disabled)
[    0.000000] ACPI: LAPIC (acpi_id[0x28] lapic_id[0x50] disabled)
[    0.000000] ACPI: LAPIC (acpi_id[0x29] lapic_id[0x52] disabled)
[    0.000000] ACPI: LAPIC (acpi_id[0x2a] lapic_id[0x54] disabled)
[    0.000000] ACPI: LAPIC (acpi_id[0x2b] lapic_id[0x56] disabled)
[    0.000000] ACPI: LAPIC (acpi_id[0x2c] lapic_id[0x58] disabled)
[    0.000000] ACPI: LAPIC (acpi_id[0x2d] lapic_id[0x5a] disabled)
[    0.000000] ACPI: LAPIC (acpi_id[0x2e] lapic_id[0x5c] disabled)
[    0.000000] ACPI: LAPIC (acpi_id[0x2f] lapic_id[0x5e] disabled)
[    0.000000] ACPI: LAPIC (acpi_id[0x30] lapic_id[0x60] disabled)
[    0.000000] ACPI: LAPIC (acpi_id[0x31] lapic_id[0x62] disabled)
[    0.000000] ACPI: LAPIC (acpi_id[0x32] lapic_id[0x64] disabled)
[    0.000000] ACPI: LAPIC (acpi_id[0x33] lapic_id[0x66] disabled)
[    0.000000] ACPI: LAPIC (acpi_id[0x34] lapic_id[0x68] disabled)
[    0.000000] ACPI: LAPIC (acpi_id[0x35] lapic_id[0x6a] disabled)
[    0.000000] ACPI: LAPIC (acpi_id[0x36] lapic_id[0x6c] disabled)
[    0.000000] ACPI: LAPIC (acpi_id[0x37] lapic_id[0x6e] disabled)
[    0.000000] ACPI: LAPIC (acpi_id[0x38] lapic_id[0x70] disabled)
[    0.000000] ACPI: LAPIC (acpi_id[0x39] lapic_id[0x72] disabled)
[    0.000000] ACPI: LAPIC (acpi_id[0x3a] lapic_id[0x74] disabled)
[    0.000000] ACPI: LAPIC (acpi_id[0x3b] lapic_id[0x76] disabled)
[    0.000000] ACPI: LAPIC (acpi_id[0x3c] lapic_id[0x78] disabled)
[    0.000000] ACPI: LAPIC (acpi_id[0x3d] lapic_id[0x7a] disabled)
[    0.000000] ACPI: LAPIC (acpi_id[0x3e] lapic_id[0x7c] disabled)
[    0.000000] ACPI: LAPIC (acpi_id[0x3f] lapic_id[0x7e] disabled)
[    0.000000] ACPI: LAPIC_NMI (acpi_id[0x00] high edge lint[0x1])
[    0.000000] ACPI: LAPIC_NMI (acpi_id[0x01] high edge lint[0x1])
[    0.000000] ACPI: LAPIC_NMI (acpi_id[0x02] high edge lint[0x1])
[    0.000000] ACPI: LAPIC_NMI (acpi_id[0x03] high edge lint[0x1])
[    0.000000] ACPI: LAPIC_NMI (acpi_id[0x04] high edge lint[0x1])
[    0.000000] ACPI: LAPIC_NMI (acpi_id[0x05] high edge lint[0x1])
[    0.000000] ACPI: LAPIC_NMI (acpi_id[0x06] high edge lint[0x1])
[    0.000000] ACPI: LAPIC_NMI (acpi_id[0x07] high edge lint[0x1])
[    0.000000] ACPI: LAPIC_NMI (acpi_id[0x08] high edge lint[0x1])
[    0.000000] ACPI: LAPIC_NMI (acpi_id[0x09] high edge lint[0x1])
[    0.000000] ACPI: LAPIC_NMI (acpi_id[0x0a] high edge lint[0x1])
[    0.000000] ACPI: LAPIC_NMI (acpi_id[0x0b] high edge lint[0x1])
[    0.000000] ACPI: LAPIC_NMI (acpi_id[0x0c] high edge lint[0x1])
[    0.000000] ACPI: LAPIC_NMI (acpi_id[0x0d] high edge lint[0x1])
[    0.000000] ACPI: LAPIC_NMI (acpi_id[0x0e] high edge lint[0x1])
[    0.000000] ACPI: LAPIC_NMI (acpi_id[0x0f] high edge lint[0x1])
[    0.000000] ACPI: LAPIC_NMI (acpi_id[0x10] high edge lint[0x1])
[    0.000000] ACPI: LAPIC_NMI (acpi_id[0x11] high edge lint[0x1])
[    0.000000] ACPI: LAPIC_NMI (acpi_id[0x12] high edge lint[0x1])
[    0.000000] ACPI: LAPIC_NMI (acpi_id[0x13] high edge lint[0x1])
[    0.000000] ACPI: LAPIC_NMI (acpi_id[0x14] high edge lint[0x1])
[    0.000000] ACPI: LAPIC_NMI (acpi_id[0x15] high edge lint[0x1])
[    0.000000] ACPI: LAPIC_NMI (acpi_id[0x16] high edge lint[0x1])
[    0.000000] ACPI: LAPIC_NMI (acpi_id[0x17] high edge lint[0x1])
[    0.000000] ACPI: LAPIC_NMI (acpi_id[0x18] high edge lint[0x1])
[    0.000000] ACPI: LAPIC_NMI (acpi_id[0x19] high edge lint[0x1])
[    0.000000] ACPI: LAPIC_NMI (acpi_id[0x1a] high edge lint[0x1])
[    0.000000] ACPI: LAPIC_NMI (acpi_id[0x1b] high edge lint[0x1])
[    0.000000] ACPI: LAPIC_NMI (acpi_id[0x1c] high edge lint[0x1])
[    0.000000] ACPI: LAPIC_NMI (acpi_id[0x1d] high edge lint[0x1])
[    0.000000] ACPI: LAPIC_NMI (acpi_id[0x1e] high edge lint[0x1])
[    0.000000] ACPI: LAPIC_NMI (acpi_id[0x1f] high edge lint[0x1])
[    0.000000] ACPI: LAPIC_NMI (acpi_id[0x20] high edge lint[0x1])
[    0.000000] ACPI: LAPIC_NMI (acpi_id[0x21] high edge lint[0x1])
[    0.000000] ACPI: LAPIC_NMI (acpi_id[0x22] high edge lint[0x1])
[    0.000000] ACPI: LAPIC_NMI (acpi_id[0x23] high edge lint[0x1])
[    0.000000] ACPI: LAPIC_NMI (acpi_id[0x24] high edge lint[0x1])
[    0.000000] ACPI: LAPIC_NMI (acpi_id[0x25] high edge lint[0x1])
[    0.000000] ACPI: LAPIC_NMI (acpi_id[0x26] high edge lint[0x1])
[    0.000000] ACPI: LAPIC_NMI (acpi_id[0x27] high edge lint[0x1])
[    0.000000] ACPI: LAPIC_NMI (acpi_id[0x28] high edge lint[0x1])
[    0.000000] ACPI: LAPIC_NMI (acpi_id[0x29] high edge lint[0x1])
[    0.000000] ACPI: LAPIC_NMI (acpi_id[0x2a] high edge lint[0x1])
[    0.000000] ACPI: LAPIC_NMI (acpi_id[0x2b] high edge lint[0x1])
[    0.000000] ACPI: LAPIC_NMI (acpi_id[0x2c] high edge lint[0x1])
[    0.000000] ACPI: LAPIC_NMI (acpi_id[0x2d] high edge lint[0x1])
[    0.000000] ACPI: LAPIC_NMI (acpi_id[0x2e] high edge lint[0x1])
[    0.000000] ACPI: LAPIC_NMI (acpi_id[0x2f] high edge lint[0x1])
[    0.000000] ACPI: LAPIC_NMI (acpi_id[0x30] high edge lint[0x1])
[    0.000000] ACPI: LAPIC_NMI (acpi_id[0x31] high edge lint[0x1])
[    0.000000] ACPI: LAPIC_NMI (acpi_id[0x32] high edge lint[0x1])
[    0.000000] ACPI: LAPIC_NMI (acpi_id[0x33] high edge lint[0x1])
[    0.000000] ACPI: LAPIC_NMI (acpi_id[0x34] high edge lint[0x1])
[    0.000000] ACPI: LAPIC_NMI (acpi_id[0x35] high edge lint[0x1])
[    0.000000] ACPI: LAPIC_NMI (acpi_id[0x36] high edge lint[0x1])
[    0.000000] ACPI: LAPIC_NMI (acpi_id[0x37] high edge lint[0x1])
[    0.000000] ACPI: LAPIC_NMI (acpi_id[0x38] high edge lint[0x1])
[    0.000000] ACPI: LAPIC_NMI (acpi_id[0x39] high edge lint[0x1])
[    0.000000] ACPI: LAPIC_NMI (acpi_id[0x3a] high edge lint[0x1])
[    0.000000] ACPI: LAPIC_NMI (acpi_id[0x3b] high edge lint[0x1])
[    0.000000] ACPI: LAPIC_NMI (acpi_id[0x3c] high edge lint[0x1])
[    0.000000] ACPI: LAPIC_NMI (acpi_id[0x3d] high edge lint[0x1])
[    0.000000] ACPI: LAPIC_NMI (acpi_id[0x3e] high edge lint[0x1])
[    0.000000] ACPI: LAPIC_NMI (acpi_id[0x3f] high edge lint[0x1])
[    0.000000] ACPI: Skipping IOAPIC probe due to 'noapic' option.
[    0.000000] Using ACPI for processor (LAPIC) configuration information
[    0.000000] ACPI: HPET id: 0x8086af01 base: 0xfed00000
[    0.000000] Intel MultiProcessor Specification v1.4
[    0.000000]     Virtual Wire compatibility mode.
[    0.000000] MPTABLE: OEM ID: INTEL   
[    0.000000] MPTABLE: Product ID: 440BX       
[    0.000000] MPTABLE: APIC at: 0xFEE00000
[    0.000000] IOAPIC[0]: apic_id 1, version 17, address 0xfec00000, GSI 0-23
[    0.000000] Processors: 1
[    0.000000] SMP: Allowing 1 CPUs, 0 hotplug CPUs
[    0.000000] nr_irqs_gsi: 40
[    0.000000] PM: Registered nosave memory: 000000000009f000 - 00000000000a0000
[    0.000000] PM: Registered nosave memory: 00000000000a0000 - 00000000000ca000
[    0.000000] PM: Registered nosave memory: 00000000000ca000 - 00000000000cc000
[    0.000000] PM: Registered nosave memory: 00000000000cc000 - 00000000000dc000
[    0.000000] PM: Registered nosave memory: 00000000000dc000 - 0000000000100000
[    0.000000] Allocating PCI resources starting at 40000000 (gap: 40000000:a0000000)
[    0.000000] Booting paravirtualized kernel on bare hardware
[    0.000000] setup_percpu: NR_CPUS:8 nr_cpumask_bits:8 nr_cpu_ids:1 nr_node_ids:1
[    0.000000] PERCPU: Embedded 14 pages/cpu @f73e8000 s34240 r0 d23104 u57344
[    0.000000] pcpu-alloc: s34240 r0 d23104 u57344 alloc=14*4096
[    0.000000] pcpu-alloc: [0] 0 
[    0.000000] Built 1 zonelists in Zone order, mobility grouping on.  Total pages: 259950
[    0.000000] Kernel command line: BOOT_IMAGE=/boot/vmlinuz-3.2.0-29-generic-pae root=UUID=007b598c-390d-4c65-84a1-4ff752d48633 ro quiet splash maxcpus=0
[    0.000000] PID hash table entries: 4096 (order: 2, 16384 bytes)
[    0.000000] Dentry cache hash table entries: 131072 (order: 7, 524288 bytes)
[    0.000000] Inode-cache hash table entries: 65536 (order: 6, 262144 bytes)
[    0.000000] Initializing CPU#0
[    0.000000] xsave/xrstor: enabled xstate_bv 0x7, cntxt size 0x340
[    0.000000] allocated 4194048 bytes of page_cgroup
[    0.000000] please try 'cgroup_disable=memory' option if you don't want memory cgroups
[    0.000000] Initializing HighMem for node 0 (00037bfe:00040000)
[    0.000000] Memory: 1010624k/1048576k available (5814k kernel code, 37372k reserved, 2841k data, 740k init, 135048k highmem)
[    0.000000] virtual kernel memory layout:
[    0.000000]     fixmap  : 0xfff16000 - 0xfffff000   ( 932 kB)
[    0.000000]     pkmap   : 0xffc00000 - 0xffe00000   (2048 kB)
[    0.000000]     vmalloc : 0xf83fe000 - 0xffbfe000   ( 120 MB)
[    0.000000]     lowmem  : 0xc0000000 - 0xf7bfe000   ( 891 MB)
[    0.000000]       .init : 0xc1875000 - 0xc192e000   ( 740 kB)
[    0.000000]       .data : 0xc15adb64 - 0xc1874240   (2841 kB)
[    0.000000]       .text : 0xc1000000 - 0xc15adb64   (5814 kB)
[    0.000000] Checking if this processor honours the WP bit even in supervisor mode...Ok.
[    0.000000] SLUB: Genslabs=15, HWalign=64, Order=0-3, MinObjects=0, CPUs=1, Nodes=1
[    0.000000] Hierarchical RCU implementation.
[    0.000000] 	RCU dyntick-idle grace-period acceleration is enabled.
[    0.000000] NR_IRQS:2304 nr_irqs:256 16
[    0.000000] CPU 0 irqstacks, hard=f5c08000 soft=f5c0a000
[    0.000000] Extended CMOS year: 2000
[    0.000000] Console: colour VGA+ 80x25
[    0.000000] console [tty0] enabled
[    0.000000] hpet clockevent registered
[    0.000000] TSC freq read from hypervisor : 2394.620 MHz
[    0.000000] Detected 2394.620 MHz processor.
[    0.000001] Calibrating delay loop (skipped) preset value.. 4789.24 BogoMIPS (lpj=9578480)
[    0.000005] pid_max: default: 32768 minimum: 301
[    0.000026] Security Framework initialized
[    0.000044] AppArmor: AppArmor initialized
[    0.000046] Yama: becoming mindful.
[    0.000099] Mount-cache hash table entries: 512
[    0.000209] Initializing cgroup subsys cpuacct
[    0.000214] Initializing cgroup subsys memory
[    0.000220] Initializing cgroup subsys devices
[    0.000222] Initializing cgroup subsys freezer
[    0.000224] Initializing cgroup subsys blkio
[    0.000230] Initializing cgroup subsys perf_event
[    0.000285] Disabled fast string operations
[    0.000289] CPU: Physical Processor ID: 0
[    0.000301] ENERGY_PERF_BIAS: Set to 'normal', was 'performance'
[    0.000302] ENERGY_PERF_BIAS: View and update with x86_energy_perf_policy(8)
[    0.001044] mce: CPU supports 0 MCE banks
[    0.001785] SMP alternatives: switching to UP code
[    0.020443] Freeing SMP alternatives: 24k freed
[    0.020448] ACPI: Core revision 20110623
[    0.026604] ACPI: setting ELCR to 0200 (from 0e20)
[    0.027732] ftrace: allocating 26545 entries in 52 pages
[    0.048092] SMP mode deactivated.
[    0.048130] SMP disabled
[    0.048132] Performance Events: generic architected perfmon v1, core PMU driver.
[    0.048144] ... version:                1
[    0.048146] ... bit width:              48
[    0.048147] ... generic registers:      4
[    0.048148] ... value mask:             0000ffffffffffff
[    0.048149] ... max period:             000000007fffffff
[    0.048150] ... fixed-purpose events:   0
[    0.048151] ... event mask:             000000000000000f
[    0.048242] NMI watchdog enabled, takes one hw-pmu counter.
[    0.048261] Brought up 1 CPUs
[    0.048262] Total of 1 processors activated (4789.24 BogoMIPS).
[    0.048367] devtmpfs: initialized
[    0.048436] EVM: security.selinux
[    0.048437] EVM: security.SMACK64
[    0.048438] EVM: security.capability
[    0.048463] PM: Registering ACPI NVS region at 3feff000 (4096 bytes)
[    0.049194] print_constraints: dummy: 
[    0.049271] RTC time:  8:34:10, date: 05/27/13
[    0.049299] NET: Registered protocol family 16
[    0.049369] EISA bus registered
[    0.049380] ACPI: bus type pci registered
[    0.049489] PCI: MMCONFIG for domain 0000 [bus 00-ff] at [mem 0xe0000000-0xefffffff] (base 0xe0000000)
[    0.049491] PCI: MMCONFIG at [mem 0xe0000000-0xefffffff] reserved in E820
[    0.049492] PCI: Using MMCONFIG for extended config space
[    0.049494] PCI: Using configuration type 1 for base access
[    0.050170] bio: create slab <bio-0> at 0
[    0.050232] ACPI: Added _OSI(Module Device)
[    0.050234] ACPI: Added _OSI(Processor Device)
[    0.050235] ACPI: Added _OSI(3.0 _SCP Extensions)
[    0.050236] ACPI: Added _OSI(Processor Aggregator Device)
[    0.052924] ACPI: EC: Look up EC in DSDT
[    0.059973] [Firmware Bug]: ACPI: BIOS _OSI(Linux) query ignored
[    0.069670] ACPI: Interpreter enabled
[    0.069678] ACPI: (supports S0 S1 S4 S5)
[    0.069688] ACPI: Using PIC for interrupt routing
[    0.108715] ACPI: No dock devices found.
[    0.108718] HEST: Table not found.
[    0.108723] PCI: Using host bridge windows from ACPI; if necessary, use "pci=nocrs" and report a bug
[    0.109369] ACPI: PCI Root Bridge [PCI0] (domain 0000 [bus 00-ff])
[    0.110527] pci_root PNP0A03:00: host bridge window [mem 0x000a0000-0x000bffff]
[    0.110530] pci_root PNP0A03:00: host bridge window [mem 0x000cc000-0x000cffff]
[    0.110531] pci_root PNP0A03:00: host bridge window [mem 0x000d0000-0x000d3fff]
[    0.110533] pci_root PNP0A03:00: host bridge window [mem 0x000d4000-0x000d7fff]
[    0.110534] pci_root PNP0A03:00: host bridge window [mem 0x000d8000-0x000dbfff]
[    0.110536] pci_root PNP0A03:00: host bridge window [mem 0xc0000000-0xfebfffff]
[    0.110538] pci_root PNP0A03:00: host bridge window [io  0x0000-0x0cf7]
[    0.110539] pci_root PNP0A03:00: host bridge window [io  0x0d00-0xfeff]
[    0.110588] pci 0000:00:00.0: [8086:7190] type 0 class 0x000600
[    0.110994] pci 0000:00:01.0: [8086:7191] type 1 class 0x000604
[    0.111366] pci 0000:00:07.0: [8086:7110] type 0 class 0x000601
[    0.111986] pci 0000:00:07.1: [8086:7111] type 0 class 0x000101
[    0.113460] pci 0000:00:07.1: reg 20: [io  0x10c0-0x10cf]
[    0.114170] pci 0000:00:07.3: [8086:7113] type 0 class 0x000680
[    0.115774] pci 0000:00:07.3: quirk: [io  0x1000-0x103f] claimed by PIIX4 ACPI
[    0.115787] pci 0000:00:07.3: quirk: [io  0x1040-0x104f] claimed by PIIX4 SMB
[    0.116020] pci 0000:00:07.7: [15ad:0740] type 0 class 0x000880
[    0.116488] pci 0000:00:07.7: reg 10: [io  0x1080-0x10bf]
[    0.117051] pci 0000:00:07.7: reg 14: [mem 0xc8000000-0xc8001fff 64bit]
[    0.119039] pci 0000:00:0f.0: [15ad:0405] type 0 class 0x000300
[    0.121243] pci 0000:00:0f.0: reg 10: [io  0x10d0-0x10df]
[    0.123223] pci 0000:00:0f.0: reg 14: [mem 0xd0000000-0xd7ffffff pref]
[    0.125171] pci 0000:00:0f.0: reg 18: [mem 0xc8800000-0xc8ffffff]
[    0.132964] pci 0000:00:0f.0: reg 30: [mem 0x00000000-0x00007fff pref]
[    0.133247] pci 0000:00:10.0: [1000:0030] type 0 class 0x000100
[    0.133796] pci 0000:00:10.0: reg 10: [io  0x1400-0x14ff]
[    0.134497] pci 0000:00:10.0: reg 14: [mem 0xc8040000-0xc805ffff 64bit]
[    0.135194] pci 0000:00:10.0: reg 1c: [mem 0xc8020000-0xc803ffff 64bit]
[    0.136256] pci 0000:00:10.0: reg 30: [mem 0x00000000-0x00003fff pref]
[    0.136413] pci 0000:00:11.0: [15ad:0790] type 1 class 0x000604
[    0.137064] pci 0000:00:15.0: [15ad:07a0] type 1 class 0x000604
[    0.137756] pci 0000:00:15.0: PME# supported from D0 D3hot D3cold
[    0.137778] pci 0000:00:15.0: PME# disabled
[    0.137991] pci 0000:00:15.1: [15ad:07a0] type 1 class 0x000604
[    0.138680] pci 0000:00:15.1: PME# supported from D0 D3hot D3cold
[    0.138701] pci 0000:00:15.1: PME# disabled
[    0.138914] pci 0000:00:15.2: [15ad:07a0] type 1 class 0x000604
[    0.139596] pci 0000:00:15.2: PME# supported from D0 D3hot D3cold
[    0.139618] pci 0000:00:15.2: PME# disabled
[    0.139844] pci 0000:00:15.3: [15ad:07a0] type 1 class 0x000604
[    0.140551] pci 0000:00:15.3: PME# supported from D0 D3hot D3cold
[    0.140573] pci 0000:00:15.3: PME# disabled
[    0.140786] pci 0000:00:15.4: [15ad:07a0] type 1 class 0x000604
[    0.141471] pci 0000:00:15.4: PME# supported from D0 D3hot D3cold
[    0.141492] pci 0000:00:15.4: PME# disabled
[    0.141712] pci 0000:00:15.5: [15ad:07a0] type 1 class 0x000604
[    0.142391] pci 0000:00:15.5: PME# supported from D0 D3hot D3cold
[    0.142422] pci 0000:00:15.5: PME# disabled
[    0.142635] pci 0000:00:15.6: [15ad:07a0] type 1 class 0x000604
[    0.143318] pci 0000:00:15.6: PME# supported from D0 D3hot D3cold
[    0.143339] pci 0000:00:15.6: PME# disabled
[    0.143572] pci 0000:00:15.7: [15ad:07a0] type 1 class 0x000604
[    0.144269] pci 0000:00:15.7: PME# supported from D0 D3hot D3cold
[    0.144291] pci 0000:00:15.7: PME# disabled
[    0.144512] pci 0000:00:16.0: [15ad:07a0] type 1 class 0x000604
[    0.145193] pci 0000:00:16.0: PME# supported from D0 D3hot D3cold
[    0.145215] pci 0000:00:16.0: PME# disabled
[    0.145440] pci 0000:00:16.1: [15ad:07a0] type 1 class 0x000604
[    0.146121] pci 0000:00:16.1: PME# supported from D0 D3hot D3cold
[    0.146142] pci 0000:00:16.1: PME# disabled
[    0.146355] pci 0000:00:16.2: [15ad:07a0] type 1 class 0x000604
[    0.147045] pci 0000:00:16.2: PME# supported from D0 D3hot D3cold
[    0.147066] pci 0000:00:16.2: PME# disabled
[    0.147279] pci 0000:00:16.3: [15ad:07a0] type 1 class 0x000604
[    0.147990] pci 0000:00:16.3: PME# supported from D0 D3hot D3cold
[    0.148011] pci 0000:00:16.3: PME# disabled
[    0.148224] pci 0000:00:16.4: [15ad:07a0] type 1 class 0x000604
[    0.148907] pci 0000:00:16.4: PME# supported from D0 D3hot D3cold
[    0.148929] pci 0000:00:16.4: PME# disabled
[    0.149147] pci 0000:00:16.5: [15ad:07a0] type 1 class 0x000604
[    0.149829] pci 0000:00:16.5: PME# supported from D0 D3hot D3cold
[    0.149850] pci 0000:00:16.5: PME# disabled
[    0.150063] pci 0000:00:16.6: [15ad:07a0] type 1 class 0x000604
[    0.150746] pci 0000:00:16.6: PME# supported from D0 D3hot D3cold
[    0.150767] pci 0000:00:16.6: PME# disabled
[    0.150980] pci 0000:00:16.7: [15ad:07a0] type 1 class 0x000604
[    0.151662] pci 0000:00:16.7: PME# supported from D0 D3hot D3cold
[    0.151684] pci 0000:00:16.7: PME# disabled
[    0.151909] pci 0000:00:17.0: [15ad:07a0] type 1 class 0x000604
[    0.152598] pci 0000:00:17.0: PME# supported from D0 D3hot D3cold
[    0.152620] pci 0000:00:17.0: PME# disabled
[    0.152832] pci 0000:00:17.1: [15ad:07a0] type 1 class 0x000604
[    0.153515] pci 0000:00:17.1: PME# supported from D0 D3hot D3cold
[    0.153536] pci 0000:00:17.1: PME# disabled
[    0.153748] pci 0000:00:17.2: [15ad:07a0] type 1 class 0x000604
[    0.154435] pci 0000:00:17.2: PME# supported from D0 D3hot D3cold
[    0.154457] pci 0000:00:17.2: PME# disabled
[    0.154670] pci 0000:00:17.3: [15ad:07a0] type 1 class 0x000604
[    0.155353] pci 0000:00:17.3: PME# supported from D0 D3hot D3cold
[    0.155374] pci 0000:00:17.3: PME# disabled
[    0.155588] pci 0000:00:17.4: [15ad:07a0] type 1 class 0x000604
[    0.156283] pci 0000:00:17.4: PME# supported from D0 D3hot D3cold
[    0.156305] pci 0000:00:17.4: PME# disabled
[    0.156534] pci 0000:00:17.5: [15ad:07a0] type 1 class 0x000604
[    0.157214] pci 0000:00:17.5: PME# supported from D0 D3hot D3cold
[    0.157235] pci 0000:00:17.5: PME# disabled
[    0.157455] pci 0000:00:17.6: [15ad:07a0] type 1 class 0x000604
[    0.158135] pci 0000:00:17.6: PME# supported from D0 D3hot D3cold
[    0.158157] pci 0000:00:17.6: PME# disabled
[    0.158369] pci 0000:00:17.7: [15ad:07a0] type 1 class 0x000604
[    0.159050] pci 0000:00:17.7: PME# supported from D0 D3hot D3cold
[    0.159071] pci 0000:00:17.7: PME# disabled
[    0.159283] pci 0000:00:18.0: [15ad:07a0] type 1 class 0x000604
[    0.159979] pci 0000:00:18.0: PME# supported from D0 D3hot D3cold
[    0.160001] pci 0000:00:18.0: PME# disabled
[    0.160214] pci 0000:00:18.1: [15ad:07a0] type 1 class 0x000604
[    0.160900] pci 0000:00:18.1: PME# supported from D0 D3hot D3cold
[    0.160922] pci 0000:00:18.1: PME# disabled
[    0.161135] pci 0000:00:18.2: [15ad:07a0] type 1 class 0x000604
[    0.161817] pci 0000:00:18.2: PME# supported from D0 D3hot D3cold
[    0.161839] pci 0000:00:18.2: PME# disabled
[    0.162052] pci 0000:00:18.3: [15ad:07a0] type 1 class 0x000604
[    0.162736] pci 0000:00:18.3: PME# supported from D0 D3hot D3cold
[    0.162757] pci 0000:00:18.3: PME# disabled
[    0.162970] pci 0000:00:18.4: [15ad:07a0] type 1 class 0x000604
[    0.163654] pci 0000:00:18.4: PME# supported from D0 D3hot D3cold
[    0.163675] pci 0000:00:18.4: PME# disabled
[    0.163907] pci 0000:00:18.5: [15ad:07a0] type 1 class 0x000604
[    0.164597] pci 0000:00:18.5: PME# supported from D0 D3hot D3cold
[    0.164619] pci 0000:00:18.5: PME# disabled
[    0.164832] pci 0000:00:18.6: [15ad:07a0] type 1 class 0x000604
[    0.165523] pci 0000:00:18.6: PME# supported from D0 D3hot D3cold
[    0.165545] pci 0000:00:18.6: PME# disabled
[    0.165757] pci 0000:00:18.7: [15ad:07a0] type 1 class 0x000604
[    0.166441] pci 0000:00:18.7: PME# supported from D0 D3hot D3cold
[    0.166462] pci 0000:00:18.7: PME# disabled
[    0.167000] pci 0000:00:01.0: PCI bridge to [bus 01-01]
[    0.167282] pci 0000:02:00.0: [15ad:0774] type 0 class 0x000c03
[    0.168563] pci 0000:02:00.0: reg 20: [io  0x20c0-0x20df]
[    0.169172] pci 0000:02:01.0: [1022:2000] type 0 class 0x000200
[    0.169445] pci 0000:02:01.0: reg 10: [io  0x2000-0x207f]
[    0.171232] pci 0000:02:01.0: reg 30: [mem 0x00000000-0x0000ffff pref]
[    0.171416] pci 0000:02:02.0: [1274:1371] type 0 class 0x000401
[    0.171887] pci 0000:02:02.0: reg 10: [io  0x2080-0x20bf]
[    0.174567] pci 0000:02:03.0: [15ad:0770] type 0 class 0x000c03
[    0.174924] pci 0000:02:03.0: reg 10: [mem 0xc9000000-0xc9000fff]
[    0.177266] pci 0000:00:11.0: PCI bridge to [bus 02-02] (subtractive decode)
[    0.177294] pci 0000:00:11.0:   bridge window [io  0x2000-0x3fff]
[    0.177321] pci 0000:00:11.0:   bridge window [mem 0xc9000000-0xca3fffff]
[    0.177392] pci 0000:00:11.0:   bridge window [mem 0xd8400000-0xd89fffff 64bit pref]
[    0.177395] pci 0000:00:11.0:   bridge window [mem 0x000a0000-0x000bffff] (subtractive decode)
[    0.177398] pci 0000:00:11.0:   bridge window [mem 0x000cc000-0x000cffff] (subtractive decode)
[    0.177408] pci 0000:00:11.0:   bridge window [mem 0x000d0000-0x000d3fff] (subtractive decode)
[    0.177410] pci 0000:00:11.0:   bridge window [mem 0x000d4000-0x000d7fff] (subtractive decode)
[    0.177412] pci 0000:00:11.0:   bridge window [mem 0x000d8000-0x000dbfff] (subtractive decode)
[    0.177414] pci 0000:00:11.0:   bridge window [mem 0xc0000000-0xfebfffff] (subtractive decode)
[    0.177417] pci 0000:00:11.0:   bridge window [io  0x0000-0x0cf7] (subtractive decode)
[    0.177419] pci 0000:00:11.0:   bridge window [io  0x0d00-0xfeff] (subtractive decode)
[    0.177945] pci 0000:00:15.0: PCI bridge to [bus 03-03]
[    0.177970] pci 0000:00:15.0:   bridge window [io  0x4000-0x4fff]
[    0.177997] pci 0000:00:15.0:   bridge window [mem 0xca400000-0xca4fffff]
[    0.178047] pci 0000:00:15.0:   bridge window [mem 0xd8a00000-0xd8afffff 64bit pref]
[    0.178599] pci 0000:00:15.1: PCI bridge to [bus 04-04]
[    0.178624] pci 0000:00:15.1:   bridge window [io  0x8000-0x8fff]
[    0.178650] pci 0000:00:15.1:   bridge window [mem 0xca800000-0xca8fffff]
[    0.178701] pci 0000:00:15.1:   bridge window [mem 0xd8e00000-0xd8efffff 64bit pref]
[    0.179225] pci 0000:00:15.2: PCI bridge to [bus 05-05]
[    0.179251] pci 0000:00:15.2:   bridge window [io  0xc000-0xcfff]
[    0.179277] pci 0000:00:15.2:   bridge window [mem 0xcac00000-0xcacfffff]
[    0.179328] pci 0000:00:15.2:   bridge window [mem 0xd9200000-0xd92fffff 64bit pref]
[    0.179903] pci 0000:00:15.3: PCI bridge to [bus 06-06]
[    0.179952] pci 0000:00:15.3:   bridge window [mem 0xcb000000-0xcb0fffff]
[    0.180002] pci 0000:00:15.3:   bridge window [mem 0xd9600000-0xd96fffff 64bit pref]
[    0.180547] pci 0000:00:15.4: PCI bridge to [bus 07-07]
[    0.180596] pci 0000:00:15.4:   bridge window [mem 0xcb400000-0xcb4fffff]
[    0.180646] pci 0000:00:15.4:   bridge window [mem 0xd9a00000-0xd9afffff 64bit pref]
[    0.181170] pci 0000:00:15.5: PCI bridge to [bus 08-08]
[    0.181220] pci 0000:00:15.5:   bridge window [mem 0xcb800000-0xcb8fffff]
[    0.181270] pci 0000:00:15.5:   bridge window [mem 0xd9e00000-0xd9efffff 64bit pref]
[    0.181821] pci 0000:00:15.6: PCI bridge to [bus 09-09]
[    0.181871] pci 0000:00:15.6:   bridge window [mem 0xcbc00000-0xcbcfffff]
[    0.181921] pci 0000:00:15.6:   bridge window [mem 0xda200000-0xda2fffff 64bit pref]
[    0.182474] pci 0000:00:15.7: PCI bridge to [bus 0a-0a]
[    0.182524] pci 0000:00:15.7:   bridge window [mem 0xcc000000-0xcc0fffff]
[    0.182573] pci 0000:00:15.7:   bridge window [mem 0xda600000-0xda6fffff 64bit pref]
[    0.183096] pci 0000:00:16.0: PCI bridge to [bus 0b-0b]
[    0.183122] pci 0000:00:16.0:   bridge window [io  0x5000-0x5fff]
[    0.183149] pci 0000:00:16.0:   bridge window [mem 0xca500000-0xca5fffff]
[    0.183199] pci 0000:00:16.0:   bridge window [mem 0xd8b00000-0xd8bfffff 64bit pref]
[    0.183769] pci 0000:00:16.1: PCI bridge to [bus 0c-0c]
[    0.183796] pci 0000:00:16.1:   bridge window [io  0x9000-0x9fff]
[    0.183824] pci 0000:00:16.1:   bridge window [mem 0xca900000-0xca9fffff]
[    0.183875] pci 0000:00:16.1:   bridge window [mem 0xd8f00000-0xd8ffffff 64bit pref]
[    0.184427] pci 0000:00:16.2: PCI bridge to [bus 0d-0d]
[    0.184452] pci 0000:00:16.2:   bridge window [io  0xd000-0xdfff]
[    0.184478] pci 0000:00:16.2:   bridge window [mem 0xcad00000-0xcadfffff]
[    0.184528] pci 0000:00:16.2:   bridge window [mem 0xd9300000-0xd93fffff 64bit pref]
[    0.185053] pci 0000:00:16.3: PCI bridge to [bus 0e-0e]
[    0.185103] pci 0000:00:16.3:   bridge window [mem 0xcb100000-0xcb1fffff]
[    0.185152] pci 0000:00:16.3:   bridge window [mem 0xd9700000-0xd97fffff 64bit pref]
[    0.185703] pci 0000:00:16.4: PCI bridge to [bus 0f-0f]
[    0.185753] pci 0000:00:16.4:   bridge window [mem 0xcb500000-0xcb5fffff]
[    0.185803] pci 0000:00:16.4:   bridge window [mem 0xd9b00000-0xd9bfffff 64bit pref]
[    0.186326] pci 0000:00:16.5: PCI bridge to [bus 10-10]
[    0.186399] pci 0000:00:16.5:   bridge window [mem 0xcb900000-0xcb9fffff]
[    0.186460] pci 0000:00:16.5:   bridge window [mem 0xd9f00000-0xd9ffffff 64bit pref]
[    0.186985] pci 0000:00:16.6: PCI bridge to [bus 11-11]
[    0.187035] pci 0000:00:16.6:   bridge window [mem 0xcbd00000-0xcbdfffff]
[    0.187085] pci 0000:00:16.6:   bridge window [mem 0xda300000-0xda3fffff 64bit pref]
[    0.187649] pci 0000:00:16.7: PCI bridge to [bus 12-12]
[    0.187717] pci 0000:00:16.7:   bridge window [mem 0xcc100000-0xcc1fffff]
[    0.187779] pci 0000:00:16.7:   bridge window [mem 0xda700000-0xda7fffff 64bit pref]
[    0.188308] pci 0000:00:17.0: PCI bridge to [bus 13-13]
[    0.188333] pci 0000:00:17.0:   bridge window [io  0x6000-0x6fff]
[    0.188370] pci 0000:00:17.0:   bridge window [mem 0xca600000-0xca6fffff]
[    0.188429] pci 0000:00:17.0:   bridge window [mem 0xd8c00000-0xd8cfffff 64bit pref]
[    0.188952] pci 0000:00:17.1: PCI bridge to [bus 14-14]
[    0.188978] pci 0000:00:17.1:   bridge window [io  0xa000-0xafff]
[    0.189004] pci 0000:00:17.1:   bridge window [mem 0xcaa00000-0xcaafffff]
[    0.189054] pci 0000:00:17.1:   bridge window [mem 0xd9000000-0xd90fffff 64bit pref]
[    0.189606] pci 0000:00:17.2: PCI bridge to [bus 15-15]
[    0.189631] pci 0000:00:17.2:   bridge window [io  0xe000-0xefff]
[    0.189658] pci 0000:00:17.2:   bridge window [mem 0xcae00000-0xcaefffff]
[    0.189707] pci 0000:00:17.2:   bridge window [mem 0xd9400000-0xd94fffff 64bit pref]
[    0.190237] pci 0000:00:17.3: PCI bridge to [bus 16-16]
[    0.190286] pci 0000:00:17.3:   bridge window [mem 0xcb200000-0xcb2fffff]
[    0.190335] pci 0000:00:17.3:   bridge window [mem 0xd9800000-0xd98fffff 64bit pref]
[    0.190877] pci 0000:00:17.4: PCI bridge to [bus 17-17]
[    0.190925] pci 0000:00:17.4:   bridge window [mem 0xcb600000-0xcb6fffff]
[    0.190976] pci 0000:00:17.4:   bridge window [mem 0xd9c00000-0xd9cfffff 64bit pref]
[    0.191518] pci 0000:00:17.5: PCI bridge to [bus 18-18]
[    0.191568] pci 0000:00:17.5:   bridge window [mem 0xcba00000-0xcbafffff]
[    0.191618] pci 0000:00:17.5:   bridge window [mem 0xda000000-0xda0fffff 64bit pref]
[    0.192157] pci 0000:00:17.6: PCI bridge to [bus 19-19]
[    0.192207] pci 0000:00:17.6:   bridge window [mem 0xcbe00000-0xcbefffff]
[    0.192258] pci 0000:00:17.6:   bridge window [mem 0xda400000-0xda4fffff 64bit pref]
[    0.192802] pci 0000:00:17.7: PCI bridge to [bus 1a-1a]
[    0.192852] pci 0000:00:17.7:   bridge window [mem 0xcc200000-0xcc2fffff]
[    0.192903] pci 0000:00:17.7:   bridge window [mem 0xda800000-0xda8fffff 64bit pref]
[    0.193445] pci 0000:00:18.0: PCI bridge to [bus 1b-1b]
[    0.193472] pci 0000:00:18.0:   bridge window [io  0x7000-0x7fff]
[    0.193501] pci 0000:00:18.0:   bridge window [mem 0xca700000-0xca7fffff]
[    0.193555] pci 0000:00:18.0:   bridge window [mem 0xd8d00000-0xd8dfffff 64bit pref]
[    0.194088] pci 0000:00:18.1: PCI bridge to [bus 1c-1c]
[    0.194113] pci 0000:00:18.1:   bridge window [io  0xb000-0xbfff]
[    0.194140] pci 0000:00:18.1:   bridge window [mem 0xcab00000-0xcabfffff]
[    0.194190] pci 0000:00:18.1:   bridge window [mem 0xd9100000-0xd91fffff 64bit pref]
[    0.194734] pci 0000:00:18.2: PCI bridge to [bus 1d-1d]
[    0.194760] pci 0000:00:18.2:   bridge window [io  0xf000-0xffff]
[    0.194786] pci 0000:00:18.2:   bridge window [mem 0xcaf00000-0xcaffffff]
[    0.194836] pci 0000:00:18.2:   bridge window [mem 0xd9500000-0xd95fffff 64bit pref]
[    0.195376] pci 0000:00:18.3: PCI bridge to [bus 1e-1e]
[    0.195420] pci 0000:00:18.3:   bridge window [mem 0xcb300000-0xcb3fffff]
[    0.195464] pci 0000:00:18.3:   bridge window [mem 0xd9900000-0xd99fffff 64bit pref]
[    0.195941] pci 0000:00:18.4: PCI bridge to [bus 1f-1f]
[    0.195985] pci 0000:00:18.4:   bridge window [mem 0xcb700000-0xcb7fffff]
[    0.196029] pci 0000:00:18.4:   bridge window [mem 0xd9d00000-0xd9dfffff 64bit pref]
[    0.196494] pci 0000:00:18.5: PCI bridge to [bus 20-20]
[    0.196538] pci 0000:00:18.5:   bridge window [mem 0xcbb00000-0xcbbfffff]
[    0.196581] pci 0000:00:18.5:   bridge window [mem 0xda100000-0xda1fffff 64bit pref]
[    0.197045] pci 0000:00:18.6: PCI bridge to [bus 21-21]
[    0.197088] pci 0000:00:18.6:   bridge window [mem 0xcbf00000-0xcbffffff]
[    0.197132] pci 0000:00:18.6:   bridge window [mem 0xda500000-0xda5fffff 64bit pref]
[    0.197605] pci 0000:00:18.7: PCI bridge to [bus 22-22]
[    0.197648] pci 0000:00:18.7:   bridge window [mem 0xcc300000-0xcc3fffff]
[    0.197692] pci 0000:00:18.7:   bridge window [mem 0xda900000-0xda9fffff 64bit pref]
[    0.199417] pci_bus 0000:00: on NUMA node 0
[    0.199423] ACPI: PCI Interrupt Routing Table [\_SB_.PCI0._PRT]
[    0.200029]  pci0000:00: Requesting ACPI _OSC control (0x1d)
[    0.200232]  pci0000:00: ACPI _OSC control (0x15) granted
[    0.276883] ACPI: PCI Interrupt Link [LNKA] (IRQs 3 4 5 6 7 *9 10 11 14 15)
[    0.276949] ACPI: PCI Interrupt Link [LNKB] (IRQs 3 4 5 6 7 9 10 *11 14 15)
[    0.277011] ACPI: PCI Interrupt Link [LNKC] (IRQs 3 4 5 6 7 9 *10 11 14 15)
[    0.277072] ACPI: PCI Interrupt Link [LNKD] (IRQs 3 4 *5 6 7 9 10 11 14 15)
[    0.277202] vgaarb: device added: PCI:0000:00:0f.0,decodes=io+mem,owns=io+mem,locks=none
[    0.277220] vgaarb: loaded
[    0.277221] vgaarb: bridge control possible 0000:00:0f.0
[    0.277298] i2c-core: driver [aat2870] using legacy suspend method
[    0.277299] i2c-core: driver [aat2870] using legacy resume method
[    0.277361] SCSI subsystem initialized
[    0.277398] libata version 3.00 loaded.
[    0.277426] usbcore: registered new interface driver usbfs
[    0.277435] usbcore: registered new interface driver hub
[    0.277456] usbcore: registered new device driver usb
[    0.277517] PCI: Using ACPI for IRQ routing
[    0.345868] PCI: pci_cache_line_size set to 64 bytes
[    0.345890] pci 0000:00:18.2: no compatible bridge window for [io  0xf000-0xffff]
[    0.346834] reserve RAM buffer: 000000000009f000 - 000000000009ffff 
[    0.346836] reserve RAM buffer: 000000003fee0000 - 000000003fffffff 
[    0.346938] NetLabel: Initializing
[    0.346939] NetLabel:  domain hash size = 128
[    0.346940] NetLabel:  protocols = UNLABELED CIPSOv4
[    0.346948] NetLabel:  unlabeled traffic allowed by default
[    0.347008] hpet0: at MMIO 0xfed00000, IRQs 2, 8, 0, 0, 0, 0, 0, 0, 0, 0, 0, 0, 0, 0, 0, 0
[    0.347014] hpet0: 16 comparators, 64-bit 14.318180 MHz counter
[    0.349046] Switching to clocksource hpet
[    0.354415] AppArmor: AppArmor Filesystem Enabled
[    0.354435] pnp: PnP ACPI init
[    0.354451] ACPI: bus type pnp registered
[    0.355051] pnp 00:00: [bus 00-ff]
[    0.355054] pnp 00:00: [mem 0x000a0000-0x000bffff window]
[    0.355055] pnp 00:00: [mem 0x000c0000-0x000c3fff window]
[    0.355057] pnp 00:00: [mem 0x000c4000-0x000c7fff window]
[    0.355058] pnp 00:00: [mem 0x000c8000-0x000cbfff window]
[    0.355059] pnp 00:00: [mem 0x000cc000-0x000cffff window]
[    0.355061] pnp 00:00: [mem 0x000d0000-0x000d3fff window]
[    0.355062] pnp 00:00: [mem 0x000d4000-0x000d7fff window]
[    0.355064] pnp 00:00: [mem 0x000d8000-0x000dbfff window]
[    0.355065] pnp 00:00: [mem 0x000dc000-0x000dffff window]
[    0.355067] pnp 00:00: [mem 0x000e0000-0x000e3fff window]
[    0.355068] pnp 00:00: [mem 0x000e4000-0x000e7fff window]
[    0.355069] pnp 00:00: [mem 0x000e8000-0x000ebfff window]
[    0.355071] pnp 00:00: [mem 0x000ec000-0x000effff window]
[    0.355072] pnp 00:00: [mem 0xc0000000-0xfebfffff window]
[    0.355074] pnp 00:00: [io  0x0cf8-0x0cff]
[    0.355075] pnp 00:00: [io  0x0000-0x0cf7 window]
[    0.355077] pnp 00:00: [io  0x0d00-0xfeff window]
[    0.355136] pnp 00:00: Plug and Play ACPI device, IDs PNP0a03 PNP0a08 (active)
[    0.355199] pnp 00:01: [io  0x0010-0x001f]
[    0.355200] pnp 00:01: [io  0x0024-0x0025]
[    0.355201] pnp 00:01: [io  0x0028-0x0029]
[    0.355202] pnp 00:01: [io  0x002c-0x002d]
[    0.355203] pnp 00:01: [io  0x002e-0x002f]
[    0.355205] pnp 00:01: [io  0x0030-0x0031]
[    0.355206] pnp 00:01: [io  0x0034-0x0035]
[    0.355207] pnp 00:01: [io  0x0038-0x0039]
[    0.355208] pnp 00:01: [io  0x003c-0x003d]
[    0.355209] pnp 00:01: [io  0x0050-0x0053]
[    0.355210] pnp 00:01: [io  0x0072-0x0077]
[    0.355211] pnp 00:01: [io  0x0080]
[    0.355213] pnp 00:01: [io  0x0090-0x009f]
[    0.355214] pnp 00:01: [io  0x00a4-0x00a5]
[    0.355215] pnp 00:01: [io  0x00a8-0x00a9]
[    0.355216] pnp 00:01: [io  0x00ac-0x00ad]
[    0.355217] pnp 00:01: [io  0x00b0-0x00b5]
[    0.355218] pnp 00:01: [io  0x00b8-0x00b9]
[    0.355219] pnp 00:01: [io  0x00bc-0x00bd]
[    0.355221] pnp 00:01: [io  0x1000-0x103f]
[    0.355222] pnp 00:01: [io  0x1040-0x104f]
[    0.355223] pnp 00:01: [io  0x0cf0-0x0cf1]
[    0.355282] system 00:01: [io  0x1000-0x103f] has been reserved
[    0.355286] system 00:01: [io  0x1040-0x104f] has been reserved
[    0.355288] system 00:01: [io  0x0cf0-0x0cf1] has been reserved
[    0.355291] system 00:01: Plug and Play ACPI device, IDs PNP0c02 (active)
[    0.355297] pnp 00:02: [io  0x0000-0x000f]
[    0.355298] pnp 00:02: [io  0x0081-0x008f]
[    0.355299] pnp 00:02: [io  0x00c0-0x00df]
[    0.355301] pnp 00:02: [dma 4]
[    0.355316] pnp 00:02: Plug and Play ACPI device, IDs PNP0200 (active)
[    0.355322] pnp 00:03: [io  0x0020-0x0021]
[    0.355323] pnp 00:03: [io  0x00a0-0x00a1]
[    0.355324] pnp 00:03: [io  0x04d0-0x04d1]
[    0.355326] pnp 00:03: [irq 2 disabled]
[    0.355341] pnp 00:03: Plug and Play ACPI device, IDs PNP0001 (active)
[    0.355347] pnp 00:04: [io  0x0070-0x0071]
[    0.355349] pnp 00:04: [irq 8]
[    0.355362] pnp 00:04: Plug and Play ACPI device, IDs PNP0b00 (active)
[    0.355366] pnp 00:05: [io  0x0061]
[    0.355379] pnp 00:05: Plug and Play ACPI device, IDs PNP0800 (active)
[    0.355383] pnp 00:06: [io  0x0060]
[    0.355385] pnp 00:06: [io  0x0064]
[    0.355386] pnp 00:06: [irq 1]
[    0.355401] pnp 00:06: Plug and Play ACPI device, IDs PNP0303 (active)
[    0.355406] pnp 00:07: [irq 12]
[    0.355418] pnp 00:07: Plug and Play ACPI device, IDs PNP0f13 (active)
[    0.355569] pnp 00:08: [mem 0xfed00000-0xfed003ff]
[    0.355603] system 00:08: [mem 0xfed00000-0xfed003ff] has been reserved
[    0.355605] system 00:08: Plug and Play ACPI device, IDs PNP0103 PNP0c01 (active)
[    0.364538] pnp 00:09: [io  0x0378-0x037f]
[    0.364541] pnp 00:09: [irq 7]
[    0.365683] pnp 00:09: Plug and Play ACPI device, IDs PNP0400 (active)
[    0.369412] pnp 00:0a: [io  0x03f8-0x03ff]
[    0.369415] pnp 00:0a: [irq 4]
[    0.370461] pnp 00:0a: Plug and Play ACPI device, IDs PNP0501 (active)
[    0.373698] pnp 00:0b: [io  0x02f8-0x02ff]
[    0.373700] pnp 00:0b: [irq 3]
[    0.374769] pnp 00:0b: Plug and Play ACPI device, IDs PNP0501 (active)
[    0.379601] pnp 00:0c: [io  0x03f0-0x03f5]
[    0.379604] pnp 00:0c: [io  0x03f7]
[    0.379605] pnp 00:0c: [irq 6]
[    0.379607] pnp 00:0c: [dma 2]
[    0.380789] pnp 00:0c: Plug and Play ACPI device, IDs PNP0700 (active)
[    0.381101] pnp 00:0d: [mem 0xe0000000-0xefffffff]
[    0.381113] pnp 00:0d: [io  0x1060-0x107f]
[    0.381115] pnp 00:0d: [mem 0xc8200000-0xc83fffff]
[    0.381170] system 00:0d: [io  0x1060-0x107f] has been reserved
[    0.381174] system 00:0d: [mem 0xe0000000-0xefffffff] has been reserved
[    0.381176] system 00:0d: [mem 0xc8200000-0xc83fffff] has been reserved
[    0.381179] system 00:0d: Plug and Play ACPI device, IDs PNP0c02 (active)
[    0.387144] pnp: PnP ACPI: found 14 devices
[    0.387146] ACPI: ACPI bus type pnp unregistered
[    0.387149] PnPBIOS: Disabled by ACPI PNP
[    0.422846] PCI: max bus depth: 1 pci_try_num: 2
[    0.425821] pci 0000:00:0f.0: BAR 6: assigned [mem 0xc0000000-0xc0007fff pref]
[    0.425828] pci 0000:00:10.0: BAR 6: assigned [mem 0xc0008000-0xc000bfff pref]
[    0.425836] pci 0000:00:18.7: BAR 13: can't assign io (size 0x1000)
[    0.425842] pci 0000:00:18.6: BAR 13: can't assign io (size 0x1000)
[    0.425847] pci 0000:00:18.5: BAR 13: can't assign io (size 0x1000)
[    0.425852] pci 0000:00:18.4: BAR 13: can't assign io (size 0x1000)
[    0.425856] pci 0000:00:18.3: BAR 13: can't assign io (size 0x1000)
[    0.425861] pci 0000:00:18.2: BAR 13: can't assign io (size 0x1000)
[    0.425866] pci 0000:00:17.7: BAR 13: can't assign io (size 0x1000)
[    0.425870] pci 0000:00:17.6: BAR 13: can't assign io (size 0x1000)
[    0.425875] pci 0000:00:17.5: BAR 13: can't assign io (size 0x1000)
[    0.425880] pci 0000:00:17.4: BAR 13: can't assign io (size 0x1000)
[    0.425884] pci 0000:00:17.3: BAR 13: can't assign io (size 0x1000)
[    0.425889] pci 0000:00:16.7: BAR 13: can't assign io (size 0x1000)
[    0.425893] pci 0000:00:16.6: BAR 13: can't assign io (size 0x1000)
[    0.425898] pci 0000:00:16.5: BAR 13: can't assign io (size 0x1000)
[    0.425915] pci 0000:00:16.4: BAR 13: can't assign io (size 0x1000)
[    0.425920] pci 0000:00:16.3: BAR 13: can't assign io (size 0x1000)
[    0.425925] pci 0000:00:15.7: BAR 13: can't assign io (size 0x1000)
[    0.425929] pci 0000:00:15.6: BAR 13: can't assign io (size 0x1000)
[    0.425934] pci 0000:00:15.5: BAR 13: can't assign io (size 0x1000)
[    0.425939] pci 0000:00:15.4: BAR 13: can't assign io (size 0x1000)
[    0.425943] pci 0000:00:15.3: BAR 13: can't assign io (size 0x1000)
[    0.425947] pci 0000:00:01.0: PCI bridge to [bus 01-01]
[    0.426107] pci 0000:02:01.0: BAR 6: assigned [mem 0xd8400000-0xd840ffff pref]
[    0.426111] pci 0000:00:11.0: PCI bridge to [bus 02-02]
[    0.426130] pci 0000:00:11.0:   bridge window [io  0x2000-0x3fff]
[    0.426177] pci 0000:00:11.0:   bridge window [mem 0xc9000000-0xca3fffff]
[    0.426210] pci 0000:00:11.0:   bridge window [mem 0xd8400000-0xd89fffff 64bit pref]
[    0.426272] pci 0000:00:15.0: PCI bridge to [bus 03-03]
[    0.426291] pci 0000:00:15.0:   bridge window [io  0x4000-0x4fff]
[    0.426338] pci 0000:00:15.0:   bridge window [mem 0xca400000-0xca4fffff]
[    0.426370] pci 0000:00:15.0:   bridge window [mem 0xd8a00000-0xd8afffff 64bit pref]
[    0.426446] pci 0000:00:15.1: PCI bridge to [bus 04-04]
[    0.426465] pci 0000:00:15.1:   bridge window [io  0x8000-0x8fff]
[    0.426513] pci 0000:00:15.1:   bridge window [mem 0xca800000-0xca8fffff]
[    0.426545] pci 0000:00:15.1:   bridge window [mem 0xd8e00000-0xd8efffff 64bit pref]
[    0.426614] pci 0000:00:15.2: PCI bridge to [bus 05-05]
[    0.426633] pci 0000:00:15.2:   bridge window [io  0xc000-0xcfff]
[    0.426680] pci 0000:00:15.2:   bridge window [mem 0xcac00000-0xcacfffff]
[    0.426713] pci 0000:00:15.2:   bridge window [mem 0xd9200000-0xd92fffff 64bit pref]
[    0.426783] pci 0000:00:15.3: PCI bridge to [bus 06-06]
[    0.426830] pci 0000:00:15.3:   bridge window [mem 0xcb000000-0xcb0fffff]
[    0.426863] pci 0000:00:15.3:   bridge window [mem 0xd9600000-0xd96fffff 64bit pref]
[    0.426933] pci 0000:00:15.4: PCI bridge to [bus 07-07]
[    0.426980] pci 0000:00:15.4:   bridge window [mem 0xcb400000-0xcb4fffff]
[    0.427013] pci 0000:00:15.4:   bridge window [mem 0xd9a00000-0xd9afffff 64bit pref]
[    0.427073] pci 0000:00:15.5: PCI bridge to [bus 08-08]
[    0.427107] pci 0000:00:15.5:   bridge window [mem 0xcb800000-0xcb8fffff]
[    0.427131] pci 0000:00:15.5:   bridge window [mem 0xd9e00000-0xd9efffff 64bit pref]
[    0.427179] pci 0000:00:15.6: PCI bridge to [bus 09-09]
[    0.427214] pci 0000:00:15.6:   bridge window [mem 0xcbc00000-0xcbcfffff]
[    0.427238] pci 0000:00:15.6:   bridge window [mem 0xda200000-0xda2fffff 64bit pref]
[    0.427286] pci 0000:00:15.7: PCI bridge to [bus 0a-0a]
[    0.427320] pci 0000:00:15.7:   bridge window [mem 0xcc000000-0xcc0fffff]
[    0.427344] pci 0000:00:15.7:   bridge window [mem 0xda600000-0xda6fffff 64bit pref]
[    0.427393] pci 0000:00:16.0: PCI bridge to [bus 0b-0b]
[    0.427407] pci 0000:00:16.0:   bridge window [io  0x5000-0x5fff]
[    0.427441] pci 0000:00:16.0:   bridge window [mem 0xca500000-0xca5fffff]
[    0.427465] pci 0000:00:16.0:   bridge window [mem 0xd8b00000-0xd8bfffff 64bit pref]
[    0.427514] pci 0000:00:16.1: PCI bridge to [bus 0c-0c]
[    0.427528] pci 0000:00:16.1:   bridge window [io  0x9000-0x9fff]
[    0.427562] pci 0000:00:16.1:   bridge window [mem 0xca900000-0xca9fffff]
[    0.427586] pci 0000:00:16.1:   bridge window [mem 0xd8f00000-0xd8ffffff 64bit pref]
[    0.427634] pci 0000:00:16.2: PCI bridge to [bus 0d-0d]
[    0.427648] pci 0000:00:16.2:   bridge window [io  0xd000-0xdfff]
[    0.427682] pci 0000:00:16.2:   bridge window [mem 0xcad00000-0xcadfffff]
[    0.427706] pci 0000:00:16.2:   bridge window [mem 0xd9300000-0xd93fffff 64bit pref]
[    0.427755] pci 0000:00:16.3: PCI bridge to [bus 0e-0e]
[    0.427789] pci 0000:00:16.3:   bridge window [mem 0xcb100000-0xcb1fffff]
[    0.427812] pci 0000:00:16.3:   bridge window [mem 0xd9700000-0xd97fffff 64bit pref]
[    0.427861] pci 0000:00:16.4: PCI bridge to [bus 0f-0f]
[    0.427895] pci 0000:00:16.4:   bridge window [mem 0xcb500000-0xcb5fffff]
[    0.427928] pci 0000:00:16.4:   bridge window [mem 0xd9b00000-0xd9bfffff 64bit pref]
[    0.427977] pci 0000:00:16.5: PCI bridge to [bus 10-10]
[    0.428010] pci 0000:00:16.5:   bridge window [mem 0xcb900000-0xcb9fffff]
[    0.428034] pci 0000:00:16.5:   bridge window [mem 0xd9f00000-0xd9ffffff 64bit pref]
[    0.428083] pci 0000:00:16.6: PCI bridge to [bus 11-11]
[    0.428117] pci 0000:00:16.6:   bridge window [mem 0xcbd00000-0xcbdfffff]
[    0.428141] pci 0000:00:16.6:   bridge window [mem 0xda300000-0xda3fffff 64bit pref]
[    0.428189] pci 0000:00:16.7: PCI bridge to [bus 12-12]
[    0.428223] pci 0000:00:16.7:   bridge window [mem 0xcc100000-0xcc1fffff]
[    0.428247] pci 0000:00:16.7:   bridge window [mem 0xda700000-0xda7fffff 64bit pref]
[    0.428296] pci 0000:00:17.0: PCI bridge to [bus 13-13]
[    0.428309] pci 0000:00:17.0:   bridge window [io  0x6000-0x6fff]
[    0.428344] pci 0000:00:17.0:   bridge window [mem 0xca600000-0xca6fffff]
[    0.428367] pci 0000:00:17.0:   bridge window [mem 0xd8c00000-0xd8cfffff 64bit pref]
[    0.428416] pci 0000:00:17.1: PCI bridge to [bus 14-14]
[    0.428430] pci 0000:00:17.1:   bridge window [io  0xa000-0xafff]
[    0.428464] pci 0000:00:17.1:   bridge window [mem 0xcaa00000-0xcaafffff]
[    0.428488] pci 0000:00:17.1:   bridge window [mem 0xd9000000-0xd90fffff 64bit pref]
[    0.428536] pci 0000:00:17.2: PCI bridge to [bus 15-15]
[    0.428550] pci 0000:00:17.2:   bridge window [io  0xe000-0xefff]
[    0.428584] pci 0000:00:17.2:   bridge window [mem 0xcae00000-0xcaefffff]
[    0.428608] pci 0000:00:17.2:   bridge window [mem 0xd9400000-0xd94fffff 64bit pref]
[    0.428657] pci 0000:00:17.3: PCI bridge to [bus 16-16]
[    0.428691] pci 0000:00:17.3:   bridge window [mem 0xcb200000-0xcb2fffff]
[    0.428715] pci 0000:00:17.3:   bridge window [mem 0xd9800000-0xd98fffff 64bit pref]
[    0.428764] pci 0000:00:17.4: PCI bridge to [bus 17-17]
[    0.428798] pci 0000:00:17.4:   bridge window [mem 0xcb600000-0xcb6fffff]
[    0.428821] pci 0000:00:17.4:   bridge window [mem 0xd9c00000-0xd9cfffff 64bit pref]
[    0.428870] pci 0000:00:17.5: PCI bridge to [bus 18-18]
[    0.428913] pci 0000:00:17.5:   bridge window [mem 0xcba00000-0xcbafffff]
[    0.428953] pci 0000:00:17.5:   bridge window [mem 0xda000000-0xda0fffff 64bit pref]
[    0.429003] pci 0000:00:17.6: PCI bridge to [bus 19-19]
[    0.429037] pci 0000:00:17.6:   bridge window [mem 0xcbe00000-0xcbefffff]
[    0.429061] pci 0000:00:17.6:   bridge window [mem 0xda400000-0xda4fffff 64bit pref]
[    0.429109] pci 0000:00:17.7: PCI bridge to [bus 1a-1a]
[    0.429143] pci 0000:00:17.7:   bridge window [mem 0xcc200000-0xcc2fffff]
[    0.429167] pci 0000:00:17.7:   bridge window [mem 0xda800000-0xda8fffff 64bit pref]
[    0.429216] pci 0000:00:18.0: PCI bridge to [bus 1b-1b]
[    0.429230] pci 0000:00:18.0:   bridge window [io  0x7000-0x7fff]
[    0.429264] pci 0000:00:18.0:   bridge window [mem 0xca700000-0xca7fffff]
[    0.429287] pci 0000:00:18.0:   bridge window [mem 0xd8d00000-0xd8dfffff 64bit pref]
[    0.429336] pci 0000:00:18.1: PCI bridge to [bus 1c-1c]
[    0.429350] pci 0000:00:18.1:   bridge window [io  0xb000-0xbfff]
[    0.429384] pci 0000:00:18.1:   bridge window [mem 0xcab00000-0xcabfffff]
[    0.429408] pci 0000:00:18.1:   bridge window [mem 0xd9100000-0xd91fffff 64bit pref]
[    0.429456] pci 0000:00:18.2: PCI bridge to [bus 1d-1d]
[    0.429491] pci 0000:00:18.2:   bridge window [mem 0xcaf00000-0xcaffffff]
[    0.429514] pci 0000:00:18.2:   bridge window [mem 0xd9500000-0xd95fffff 64bit pref]
[    0.429563] pci 0000:00:18.3: PCI bridge to [bus 1e-1e]
[    0.429597] pci 0000:00:18.3:   bridge window [mem 0xcb300000-0xcb3fffff]
[    0.429621] pci 0000:00:18.3:   bridge window [mem 0xd9900000-0xd99fffff 64bit pref]
[    0.429670] pci 0000:00:18.4: PCI bridge to [bus 1f-1f]
[    0.429704] pci 0000:00:18.4:   bridge window [mem 0xcb700000-0xcb7fffff]
[    0.429728] pci 0000:00:18.4:   bridge window [mem 0xd9d00000-0xd9dfffff 64bit pref]
[    0.429777] pci 0000:00:18.5: PCI bridge to [bus 20-20]
[    0.429811] pci 0000:00:18.5:   bridge window [mem 0xcbb00000-0xcbbfffff]
[    0.429834] pci 0000:00:18.5:   bridge window [mem 0xda100000-0xda1fffff 64bit pref]
[    0.429883] pci 0000:00:18.6: PCI bridge to [bus 21-21]
[    0.429919] pci 0000:00:18.6:   bridge window [mem 0xcbf00000-0xcbffffff]
[    0.429942] pci 0000:00:18.6:   bridge window [mem 0xda500000-0xda5fffff 64bit pref]
[    0.429991] pci 0000:00:18.7: PCI bridge to [bus 22-22]
[    0.430025] pci 0000:00:18.7:   bridge window [mem 0xcc300000-0xcc3fffff]
[    0.430049] pci 0000:00:18.7:   bridge window [mem 0xda900000-0xda9fffff 64bit pref]
[    0.430134] pci 0000:00:01.0: setting latency timer to 64
[    0.430224] pci 0000:00:15.0: setting latency timer to 64
[    0.430281] pci 0000:00:15.1: setting latency timer to 64
[    0.430337] pci 0000:00:15.2: setting latency timer to 64
[    0.430394] pci 0000:00:15.3: setting latency timer to 64
[    0.430450] pci 0000:00:15.4: setting latency timer to 64
[    0.430506] pci 0000:00:15.5: setting latency timer to 64
[    0.430562] pci 0000:00:15.6: setting latency timer to 64
[    0.430618] pci 0000:00:15.7: setting latency timer to 64
[    0.430674] pci 0000:00:16.0: setting latency timer to 64
[    0.430731] pci 0000:00:16.1: setting latency timer to 64
[    0.430787] pci 0000:00:16.2: setting latency timer to 64
[    0.430842] pci 0000:00:16.3: setting latency timer to 64
[    0.430914] pci 0000:00:16.4: setting latency timer to 64
[    0.430977] pci 0000:00:16.5: setting latency timer to 64
[    0.431034] pci 0000:00:16.6: setting latency timer to 64
[    0.431090] pci 0000:00:16.7: setting latency timer to 64
[    0.431146] pci 0000:00:17.0: setting latency timer to 64
[    0.431203] pci 0000:00:17.1: setting latency timer to 64
[    0.431258] pci 0000:00:17.2: setting latency timer to 64
[    0.431315] pci 0000:00:17.3: setting latency timer to 64
[    0.431371] pci 0000:00:17.4: setting latency timer to 64
[    0.431428] pci 0000:00:17.5: setting latency timer to 64
[    0.431484] pci 0000:00:17.6: setting latency timer to 64
[    0.431540] pci 0000:00:17.7: setting latency timer to 64
[    0.431596] pci 0000:00:18.0: setting latency timer to 64
[    0.431652] pci 0000:00:18.1: setting latency timer to 64
[    0.431709] pci 0000:00:18.2: setting latency timer to 64
[    0.431764] pci 0000:00:18.3: setting latency timer to 64
[    0.431820] pci 0000:00:18.4: setting latency timer to 64
[    0.431877] pci 0000:00:18.5: setting latency timer to 64
[    0.431957] pci 0000:00:18.6: setting latency timer to 64
[    0.432028] pci 0000:00:18.7: setting latency timer to 64
[    0.432046] pci_bus 0000:00: resource 4 [mem 0x000a0000-0x000bffff]
[    0.432049] pci_bus 0000:00: resource 5 [mem 0x000cc000-0x000cffff]
[    0.432052] pci_bus 0000:00: resource 6 [mem 0x000d0000-0x000d3fff]
[    0.432056] pci_bus 0000:00: resource 7 [mem 0x000d4000-0x000d7fff]
[    0.432059] pci_bus 0000:00: resource 8 [mem 0x000d8000-0x000dbfff]
[    0.432062] pci_bus 0000:00: resource 9 [mem 0xc0000000-0xfebfffff]
[    0.432065] pci_bus 0000:00: resource 10 [io  0x0000-0x0cf7]
[    0.432069] pci_bus 0000:00: resource 11 [io  0x0d00-0xfeff]
[    0.432072] pci_bus 0000:02: resource 0 [io  0x2000-0x3fff]
[    0.432076] pci_bus 0000:02: resource 1 [mem 0xc9000000-0xca3fffff]
[    0.432079] pci_bus 0000:02: resource 2 [mem 0xd8400000-0xd89fffff 64bit pref]
[    0.432083] pci_bus 0000:02: resource 4 [mem 0x000a0000-0x000bffff]
[    0.432086] pci_bus 0000:02: resource 5 [mem 0x000cc000-0x000cffff]
[    0.432089] pci_bus 0000:02: resource 6 [mem 0x000d0000-0x000d3fff]
[    0.432092] pci_bus 0000:02: resource 7 [mem 0x000d4000-0x000d7fff]
[    0.432095] pci_bus 0000:02: resource 8 [mem 0x000d8000-0x000dbfff]
[    0.432099] pci_bus 0000:02: resource 9 [mem 0xc0000000-0xfebfffff]
[    0.432102] pci_bus 0000:02: resource 10 [io  0x0000-0x0cf7]
[    0.432105] pci_bus 0000:02: resource 11 [io  0x0d00-0xfeff]
[    0.432108] pci_bus 0000:03: resource 0 [io  0x4000-0x4fff]
[    0.432112] pci_bus 0000:03: resource 1 [mem 0xca400000-0xca4fffff]
[    0.432115] pci_bus 0000:03: resource 2 [mem 0xd8a00000-0xd8afffff 64bit pref]
[    0.432118] pci_bus 0000:04: resource 0 [io  0x8000-0x8fff]
[    0.432122] pci_bus 0000:04: resource 1 [mem 0xca800000-0xca8fffff]
[    0.432125] pci_bus 0000:04: resource 2 [mem 0xd8e00000-0xd8efffff 64bit pref]
[    0.432128] pci_bus 0000:05: resource 0 [io  0xc000-0xcfff]
[    0.432132] pci_bus 0000:05: resource 1 [mem 0xcac00000-0xcacfffff]
[    0.432135] pci_bus 0000:05: resource 2 [mem 0xd9200000-0xd92fffff 64bit pref]
[    0.432138] pci_bus 0000:06: resource 1 [mem 0xcb000000-0xcb0fffff]
[    0.432142] pci_bus 0000:06: resource 2 [mem 0xd9600000-0xd96fffff 64bit pref]
[    0.432145] pci_bus 0000:07: resource 1 [mem 0xcb400000-0xcb4fffff]
[    0.432149] pci_bus 0000:07: resource 2 [mem 0xd9a00000-0xd9afffff 64bit pref]
[    0.432152] pci_bus 0000:08: resource 1 [mem 0xcb800000-0xcb8fffff]
[    0.432156] pci_bus 0000:08: resource 2 [mem 0xd9e00000-0xd9efffff 64bit pref]
[    0.432159] pci_bus 0000:09: resource 1 [mem 0xcbc00000-0xcbcfffff]
[    0.432162] pci_bus 0000:09: resource 2 [mem 0xda200000-0xda2fffff 64bit pref]
[    0.432166] pci_bus 0000:0a: resource 1 [mem 0xcc000000-0xcc0fffff]
[    0.432169] pci_bus 0000:0a: resource 2 [mem 0xda600000-0xda6fffff 64bit pref]
[    0.432172] pci_bus 0000:0b: resource 0 [io  0x5000-0x5fff]
[    0.432175] pci_bus 0000:0b: resource 1 [mem 0xca500000-0xca5fffff]
[    0.432179] pci_bus 0000:0b: resource 2 [mem 0xd8b00000-0xd8bfffff 64bit pref]
[    0.432182] pci_bus 0000:0c: resource 0 [io  0x9000-0x9fff]
[    0.432185] pci_bus 0000:0c: resource 1 [mem 0xca900000-0xca9fffff]
[    0.432189] pci_bus 0000:0c: resource 2 [mem 0xd8f00000-0xd8ffffff 64bit pref]
[    0.432192] pci_bus 0000:0d: resource 0 [io  0xd000-0xdfff]
[    0.432195] pci_bus 0000:0d: resource 1 [mem 0xcad00000-0xcadfffff]
[    0.432198] pci_bus 0000:0d: resource 2 [mem 0xd9300000-0xd93fffff 64bit pref]
[    0.432202] pci_bus 0000:0e: resource 1 [mem 0xcb100000-0xcb1fffff]
[    0.432205] pci_bus 0000:0e: resource 2 [mem 0xd9700000-0xd97fffff 64bit pref]
[    0.432209] pci_bus 0000:0f: resource 1 [mem 0xcb500000-0xcb5fffff]
[    0.432212] pci_bus 0000:0f: resource 2 [mem 0xd9b00000-0xd9bfffff 64bit pref]
[    0.432215] pci_bus 0000:10: resource 1 [mem 0xcb900000-0xcb9fffff]
[    0.432219] pci_bus 0000:10: resource 2 [mem 0xd9f00000-0xd9ffffff 64bit pref]
[    0.432222] pci_bus 0000:11: resource 1 [mem 0xcbd00000-0xcbdfffff]
[    0.432224] pci_bus 0000:11: resource 2 [mem 0xda300000-0xda3fffff 64bit pref]
[    0.432226] pci_bus 0000:12: resource 1 [mem 0xcc100000-0xcc1fffff]
[    0.432247] pci_bus 0000:12: resource 2 [mem 0xda700000-0xda7fffff 64bit pref]
[    0.432251] pci_bus 0000:13: resource 0 [io  0x6000-0x6fff]
[    0.432254] pci_bus 0000:13: resource 1 [mem 0xca600000-0xca6fffff]
[    0.432257] pci_bus 0000:13: resource 2 [mem 0xd8c00000-0xd8cfffff 64bit pref]
[    0.432261] pci_bus 0000:14: resource 0 [io  0xa000-0xafff]
[    0.432264] pci_bus 0000:14: resource 1 [mem 0xcaa00000-0xcaafffff]
[    0.432267] pci_bus 0000:14: resource 2 [mem 0xd9000000-0xd90fffff 64bit pref]
[    0.432270] pci_bus 0000:15: resource 0 [io  0xe000-0xefff]
[    0.432272] pci_bus 0000:15: resource 1 [mem 0xcae00000-0xcaefffff]
[    0.432274] pci_bus 0000:15: resource 2 [mem 0xd9400000-0xd94fffff 64bit pref]
[    0.432276] pci_bus 0000:16: resource 1 [mem 0xcb200000-0xcb2fffff]
[    0.432278] pci_bus 0000:16: resource 2 [mem 0xd9800000-0xd98fffff 64bit pref]
[    0.432281] pci_bus 0000:17: resource 1 [mem 0xcb600000-0xcb6fffff]
[    0.432283] pci_bus 0000:17: resource 2 [mem 0xd9c00000-0xd9cfffff 64bit pref]
[    0.432285] pci_bus 0000:18: resource 1 [mem 0xcba00000-0xcbafffff]
[    0.432287] pci_bus 0000:18: resource 2 [mem 0xda000000-0xda0fffff 64bit pref]
[    0.432289] pci_bus 0000:19: resource 1 [mem 0xcbe00000-0xcbefffff]
[    0.432292] pci_bus 0000:19: resource 2 [mem 0xda400000-0xda4fffff 64bit pref]
[    0.432294] pci_bus 0000:1a: resource 1 [mem 0xcc200000-0xcc2fffff]
[    0.432296] pci_bus 0000:1a: resource 2 [mem 0xda800000-0xda8fffff 64bit pref]
[    0.432298] pci_bus 0000:1b: resource 0 [io  0x7000-0x7fff]
[    0.432300] pci_bus 0000:1b: resource 1 [mem 0xca700000-0xca7fffff]
[    0.432302] pci_bus 0000:1b: resource 2 [mem 0xd8d00000-0xd8dfffff 64bit pref]
[    0.432304] pci_bus 0000:1c: resource 0 [io  0xb000-0xbfff]
[    0.432306] pci_bus 0000:1c: resource 1 [mem 0xcab00000-0xcabfffff]
[    0.432309] pci_bus 0000:1c: resource 2 [mem 0xd9100000-0xd91fffff 64bit pref]
[    0.432311] pci_bus 0000:1d: resource 1 [mem 0xcaf00000-0xcaffffff]
[    0.432313] pci_bus 0000:1d: resource 2 [mem 0xd9500000-0xd95fffff 64bit pref]
[    0.432315] pci_bus 0000:1e: resource 1 [mem 0xcb300000-0xcb3fffff]
[    0.432317] pci_bus 0000:1e: resource 2 [mem 0xd9900000-0xd99fffff 64bit pref]
[    0.432319] pci_bus 0000:1f: resource 1 [mem 0xcb700000-0xcb7fffff]
[    0.432322] pci_bus 0000:1f: resource 2 [mem 0xd9d00000-0xd9dfffff 64bit pref]
[    0.432324] pci_bus 0000:20: resource 1 [mem 0xcbb00000-0xcbbfffff]
[    0.432326] pci_bus 0000:20: resource 2 [mem 0xda100000-0xda1fffff 64bit pref]
[    0.432328] pci_bus 0000:21: resource 1 [mem 0xcbf00000-0xcbffffff]
[    0.432330] pci_bus 0000:21: resource 2 [mem 0xda500000-0xda5fffff 64bit pref]
[    0.432333] pci_bus 0000:22: resource 1 [mem 0xcc300000-0xcc3fffff]
[    0.432335] pci_bus 0000:22: resource 2 [mem 0xda900000-0xda9fffff 64bit pref]
[    0.432370] NET: Registered protocol family 2
[    0.432410] IP route cache hash table entries: 32768 (order: 5, 131072 bytes)
[    0.432571] TCP established hash table entries: 131072 (order: 8, 1048576 bytes)
[    0.432911] TCP bind hash table entries: 65536 (order: 7, 524288 bytes)
[    0.433083] TCP: Hash tables configured (established 131072 bind 65536)
[    0.433085] TCP reno registered
[    0.433088] UDP hash table entries: 512 (order: 2, 16384 bytes)
[    0.433095] UDP-Lite hash table entries: 512 (order: 2, 16384 bytes)
[    0.433133] NET: Registered protocol family 1
[    0.433142] pci 0000:00:00.0: Limiting direct PCI/PCI transfers
[    0.433233] pci 0000:00:0f.0: Boot video device
[    0.433762] ACPI: PCI Interrupt Link [LNKC] enabled at IRQ 10
[    0.433765] PCI: setting IRQ 10 as level-triggered
[    0.433792] pci 0000:02:00.0: PCI INT A -> Link[LNKC] -> GSI 10 (level, low) -> IRQ 10
[    0.433978] pci 0000:02:00.0: PCI INT A disabled
[    0.434123] ACPI: PCI Interrupt Link [LNKB] enabled at IRQ 11
[    0.434125] PCI: setting IRQ 11 as level-triggered
[    0.434129] pci 0000:02:03.0: PCI INT A -> Link[LNKB] -> GSI 11 (level, low) -> IRQ 11
[    0.434253] pci 0000:02:03.0: PCI INT A disabled
[    0.434268] PCI: CLS 32 bytes, default 64
[    0.434322] Simple Boot Flag at 0x36 set to 0x1
[    0.434335] Switching to clocksource tsc
[    0.434555] audit: initializing netlink socket (disabled)
[    0.434562] type=2000 audit(1369643650.417:1): initialized
[    0.446019] Trying to unpack rootfs image as initramfs...
[    0.465038] highmem bounce pool size: 64 pages
[    0.465043] HugeTLB registered 2 MB page size, pre-allocated 0 pages
[    0.473083] VFS: Disk quotas dquot_6.5.2
[    0.473134] Dquot-cache hash table entries: 1024 (order 0, 4096 bytes)
[    0.473496] fuse init (API version 7.17)
[    0.473559] msgmni has been set to 1710
[    0.485098] Block layer SCSI generic (bsg) driver version 0.4 loaded (major 253)
[    0.485124] io scheduler noop registered
[    0.485126] io scheduler deadline registered
[    0.485133] io scheduler cfq registered (default)
[    0.485386] pcieport 0000:00:15.0: setting latency timer to 64
[    0.485936] pcieport 0000:00:15.0: irq 40 for MSI/MSI-X
[    0.486481] pcieport 0000:00:15.1: setting latency timer to 64
[    0.486998] pcieport 0000:00:15.1: irq 41 for MSI/MSI-X
[    0.487525] pcieport 0000:00:15.2: setting latency timer to 64
[    0.488043] pcieport 0000:00:15.2: irq 42 for MSI/MSI-X
[    0.488572] pcieport 0000:00:15.3: setting latency timer to 64
[    0.489112] pcieport 0000:00:15.3: irq 43 for MSI/MSI-X
[    0.489645] pcieport 0000:00:15.4: setting latency timer to 64
[    0.490158] pcieport 0000:00:15.4: irq 44 for MSI/MSI-X
[    0.490683] pcieport 0000:00:15.5: setting latency timer to 64
[    0.491251] pcieport 0000:00:15.5: irq 45 for MSI/MSI-X
[    0.491784] pcieport 0000:00:15.6: setting latency timer to 64
[    0.492304] pcieport 0000:00:15.6: irq 46 for MSI/MSI-X
[    0.492852] pcieport 0000:00:15.7: setting latency timer to 64
[    0.501172] pcieport 0000:00:15.7: irq 47 for MSI/MSI-X
[    0.501716] pcieport 0000:00:16.0: setting latency timer to 64
[    0.502226] pcieport 0000:00:16.0: irq 48 for MSI/MSI-X
[    0.502752] pcieport 0000:00:16.1: setting latency timer to 64
[    0.503273] pcieport 0000:00:16.1: irq 49 for MSI/MSI-X
[    0.503813] pcieport 0000:00:16.2: setting latency timer to 64
[    0.504319] pcieport 0000:00:16.2: irq 50 for MSI/MSI-X
[    0.504866] pcieport 0000:00:16.3: setting latency timer to 64
[    0.509152] pcieport 0000:00:16.3: irq 51 for MSI/MSI-X
[    0.509691] pcieport 0000:00:16.4: setting latency timer to 64
[    0.510201] pcieport 0000:00:16.4: irq 52 for MSI/MSI-X
[    0.510732] pcieport 0000:00:16.5: setting latency timer to 64
[    0.511240] pcieport 0000:00:16.5: irq 53 for MSI/MSI-X
[    0.511764] pcieport 0000:00:16.6: setting latency timer to 64
[    0.512283] pcieport 0000:00:16.6: irq 54 for MSI/MSI-X
[    0.512830] pcieport 0000:00:16.7: setting latency timer to 64
[    0.517083] pcieport 0000:00:16.7: irq 55 for MSI/MSI-X
[    0.517628] pcieport 0000:00:17.0: setting latency timer to 64
[    0.518151] pcieport 0000:00:17.0: irq 56 for MSI/MSI-X
[    0.518679] pcieport 0000:00:17.1: setting latency timer to 64
[    0.519188] pcieport 0000:00:17.1: irq 57 for MSI/MSI-X
[    0.519718] pcieport 0000:00:17.2: setting latency timer to 64
[    0.520228] pcieport 0000:00:17.2: irq 58 for MSI/MSI-X
[    0.520753] pcieport 0000:00:17.3: setting latency timer to 64
[    0.525090] pcieport 0000:00:17.3: irq 59 for MSI/MSI-X
[    0.525636] pcieport 0000:00:17.4: setting latency timer to 64
[    0.526161] pcieport 0000:00:17.4: irq 60 for MSI/MSI-X
[    0.526689] pcieport 0000:00:17.5: setting latency timer to 64
[    0.527202] pcieport 0000:00:17.5: irq 61 for MSI/MSI-X
[    0.527733] pcieport 0000:00:17.6: setting latency timer to 64
[    0.528248] pcieport 0000:00:17.6: irq 62 for MSI/MSI-X
[    0.528798] pcieport 0000:00:17.7: setting latency timer to 64
[    0.533020] pcieport 0000:00:17.7: irq 63 for MSI/MSI-X
[    0.533635] pcieport 0000:00:18.0: setting latency timer to 64
[    0.534248] pcieport 0000:00:18.0: irq 64 for MSI/MSI-X
[    0.534884] pcieport 0000:00:18.1: setting latency timer to 64
[    0.535459] pcieport 0000:00:18.1: irq 65 for MSI/MSI-X
[    0.536091] pcieport 0000:00:18.2: setting latency timer to 64
[    0.536667] pcieport 0000:00:18.2: irq 66 for MSI/MSI-X
[    0.540965] pcieport 0000:00:18.3: setting latency timer to 64
[    0.541549] pcieport 0000:00:18.3: irq 67 for MSI/MSI-X
[    0.542182] pcieport 0000:00:18.4: setting latency timer to 64
[    0.542787] pcieport 0000:00:18.4: irq 68 for MSI/MSI-X
[    0.543391] pcieport 0000:00:18.5: setting latency timer to 64
[    0.543986] pcieport 0000:00:18.5: irq 69 for MSI/MSI-X
[    0.544588] pcieport 0000:00:18.6: setting latency timer to 64
[    0.549065] pcieport 0000:00:18.6: irq 70 for MSI/MSI-X
[    0.549673] pcieport 0000:00:18.7: setting latency timer to 64
[    0.550278] pcieport 0000:00:18.7: irq 71 for MSI/MSI-X
[    0.550951] pcieport 0000:00:15.0: Signaling PME through PCIe PME interrupt
[    0.550980] pcie_pme 0000:00:15.0:pcie01: service driver pcie_pme loaded
[    0.551119] pcieport 0000:00:15.1: Signaling PME through PCIe PME interrupt
[    0.551149] pcie_pme 0000:00:15.1:pcie01: service driver pcie_pme loaded
[    0.551284] pcieport 0000:00:15.2: Signaling PME through PCIe PME interrupt
[    0.551312] pcie_pme 0000:00:15.2:pcie01: service driver pcie_pme loaded
[    0.551446] pcieport 0000:00:15.3: Signaling PME through PCIe PME interrupt
[    0.551474] pcie_pme 0000:00:15.3:pcie01: service driver pcie_pme loaded
[    0.551609] pcieport 0000:00:15.4: Signaling PME through PCIe PME interrupt
[    0.551638] pcie_pme 0000:00:15.4:pcie01: service driver pcie_pme loaded
[    0.551784] pcieport 0000:00:15.5: Signaling PME through PCIe PME interrupt
[    0.551809] pcie_pme 0000:00:15.5:pcie01: service driver pcie_pme loaded
[    0.551929] pcieport 0000:00:15.6: Signaling PME through PCIe PME interrupt
[    0.551954] pcie_pme 0000:00:15.6:pcie01: service driver pcie_pme loaded
[    0.552072] pcieport 0000:00:15.7: Signaling PME through PCIe PME interrupt
[    0.552098] pcie_pme 0000:00:15.7:pcie01: service driver pcie_pme loaded
[    0.552221] pcieport 0000:00:16.0: Signaling PME through PCIe PME interrupt
[    0.552246] pcie_pme 0000:00:16.0:pcie01: service driver pcie_pme loaded
[    0.552366] pcieport 0000:00:16.1: Signaling PME through PCIe PME interrupt
[    0.552391] pcie_pme 0000:00:16.1:pcie01: service driver pcie_pme loaded
[    0.552511] pcieport 0000:00:16.2: Signaling PME through PCIe PME interrupt
[    0.552536] pcie_pme 0000:00:16.2:pcie01: service driver pcie_pme loaded
[    0.552656] pcieport 0000:00:16.3: Signaling PME through PCIe PME interrupt
[    0.552681] pcie_pme 0000:00:16.3:pcie01: service driver pcie_pme loaded
[    0.556901] pcieport 0000:00:16.4: Signaling PME through PCIe PME interrupt
[    0.556931] pcie_pme 0000:00:16.4:pcie01: service driver pcie_pme loaded
[    0.557054] pcieport 0000:00:16.5: Signaling PME through PCIe PME interrupt
[    0.557079] pcie_pme 0000:00:16.5:pcie01: service driver pcie_pme loaded
[    0.557199] pcieport 0000:00:16.6: Signaling PME through PCIe PME interrupt
[    0.557224] pcie_pme 0000:00:16.6:pcie01: service driver pcie_pme loaded
[    0.557345] pcieport 0000:00:16.7: Signaling PME through PCIe PME interrupt
[    0.557371] pcie_pme 0000:00:16.7:pcie01: service driver pcie_pme loaded
[    0.557490] pcieport 0000:00:17.0: Signaling PME through PCIe PME interrupt
[    0.557514] pcie_pme 0000:00:17.0:pcie01: service driver pcie_pme loaded
[    0.557634] pcieport 0000:00:17.1: Signaling PME through PCIe PME interrupt
[    0.557659] pcie_pme 0000:00:17.1:pcie01: service driver pcie_pme loaded
[    0.557787] pcieport 0000:00:17.2: Signaling PME through PCIe PME interrupt
[    0.557812] pcie_pme 0000:00:17.2:pcie01: service driver pcie_pme loaded
[    0.557931] pcieport 0000:00:17.3: Signaling PME through PCIe PME interrupt
[    0.557956] pcie_pme 0000:00:17.3:pcie01: service driver pcie_pme loaded
[    0.558075] pcieport 0000:00:17.4: Signaling PME through PCIe PME interrupt
[    0.558100] pcie_pme 0000:00:17.4:pcie01: service driver pcie_pme loaded
[    0.558219] pcieport 0000:00:17.5: Signaling PME through PCIe PME interrupt
[    0.558244] pcie_pme 0000:00:17.5:pcie01: service driver pcie_pme loaded
[    0.558364] pcieport 0000:00:17.6: Signaling PME through PCIe PME interrupt
[    0.558389] pcie_pme 0000:00:17.6:pcie01: service driver pcie_pme loaded
[    0.558508] pcieport 0000:00:17.7: Signaling PME through PCIe PME interrupt
[    0.558533] pcie_pme 0000:00:17.7:pcie01: service driver pcie_pme loaded
[    0.558652] pcieport 0000:00:18.0: Signaling PME through PCIe PME interrupt
[    0.558678] pcie_pme 0000:00:18.0:pcie01: service driver pcie_pme loaded
[    0.558802] pcieport 0000:00:18.1: Signaling PME through PCIe PME interrupt
[    0.558827] pcie_pme 0000:00:18.1:pcie01: service driver pcie_pme loaded
[    0.558946] pcieport 0000:00:18.2: Signaling PME through PCIe PME interrupt
[    0.558971] pcie_pme 0000:00:18.2:pcie01: service driver pcie_pme loaded
[    0.559092] pcieport 0000:00:18.3: Signaling PME through PCIe PME interrupt
[    0.559117] pcie_pme 0000:00:18.3:pcie01: service driver pcie_pme loaded
[    0.559235] pcieport 0000:00:18.4: Signaling PME through PCIe PME interrupt
[    0.559260] pcie_pme 0000:00:18.4:pcie01: service driver pcie_pme loaded
[    0.559380] pcieport 0000:00:18.5: Signaling PME through PCIe PME interrupt
[    0.559405] pcie_pme 0000:00:18.5:pcie01: service driver pcie_pme loaded
[    0.559524] pcieport 0000:00:18.6: Signaling PME through PCIe PME interrupt
[    0.559549] pcie_pme 0000:00:18.6:pcie01: service driver pcie_pme loaded
[    0.559667] pcieport 0000:00:18.7: Signaling PME through PCIe PME interrupt
[    0.559692] pcie_pme 0000:00:18.7:pcie01: service driver pcie_pme loaded
[    0.559711] pci_hotplug: PCI Hot Plug PCI Core version: 0.5
[    0.560250] pciehp 0000:00:15.0:pcie04: HPC vendor_id 15ad device_id 7a0 ss_vid 15ad ss_did 7a0
[    0.560318] pciehp 0000:00:15.0:pcie04: service driver pciehp loaded
[    0.560389] pciehp 0000:00:15.1:pcie04: HPC vendor_id 15ad device_id 7a0 ss_vid 15ad ss_did 7a0
[    0.560454] pciehp 0000:00:15.1:pcie04: service driver pciehp loaded
[    0.560527] pciehp 0000:00:15.2:pcie04: HPC vendor_id 15ad device_id 7a0 ss_vid 15ad ss_did 7a0
[    0.560592] pciehp 0000:00:15.2:pcie04: service driver pciehp loaded
[    0.560662] pciehp 0000:00:15.3:pcie04: HPC vendor_id 15ad device_id 7a0 ss_vid 15ad ss_did 7a0
[    0.560749] pciehp 0000:00:15.3:pcie04: service driver pciehp loaded
[    0.564853] pciehp 0000:00:15.4:pcie04: HPC vendor_id 15ad device_id 7a0 ss_vid 15ad ss_did 7a0
[    0.564923] pciehp 0000:00:15.4:pcie04: service driver pciehp loaded
[    0.564995] pciehp 0000:00:15.5:pcie04: HPC vendor_id 15ad device_id 7a0 ss_vid 15ad ss_did 7a0
[    0.565065] pciehp 0000:00:15.5:pcie04: service driver pciehp loaded
[    0.565135] pciehp 0000:00:15.6:pcie04: HPC vendor_id 15ad device_id 7a0 ss_vid 15ad ss_did 7a0
[    0.565201] pciehp 0000:00:15.6:pcie04: service driver pciehp loaded
[    0.565271] pciehp 0000:00:15.7:pcie04: HPC vendor_id 15ad device_id 7a0 ss_vid 15ad ss_did 7a0
[    0.565337] pciehp 0000:00:15.7:pcie04: service driver pciehp loaded
[    0.565407] pciehp 0000:00:16.0:pcie04: HPC vendor_id 15ad device_id 7a0 ss_vid 15ad ss_did 7a0
[    0.565472] pciehp 0000:00:16.0:pcie04: service driver pciehp loaded
[    0.565542] pciehp 0000:00:16.1:pcie04: HPC vendor_id 15ad device_id 7a0 ss_vid 15ad ss_did 7a0
[    0.565608] pciehp 0000:00:16.1:pcie04: service driver pciehp loaded
[    0.565678] pciehp 0000:00:16.2:pcie04: HPC vendor_id 15ad device_id 7a0 ss_vid 15ad ss_did 7a0
[    0.565768] pciehp 0000:00:16.2:pcie04: service driver pciehp loaded
[    0.565860] pciehp 0000:00:16.3:pcie04: HPC vendor_id 15ad device_id 7a0 ss_vid 15ad ss_did 7a0
[    0.565937] pciehp 0000:00:16.3:pcie04: service driver pciehp loaded
[    0.566028] pciehp 0000:00:16.4:pcie04: HPC vendor_id 15ad device_id 7a0 ss_vid 15ad ss_did 7a0
[    0.566118] pciehp 0000:00:16.4:pcie04: service driver pciehp loaded
[    0.566209] pciehp 0000:00:16.5:pcie04: HPC vendor_id 15ad device_id 7a0 ss_vid 15ad ss_did 7a0
[    0.566277] pciehp 0000:00:16.5:pcie04: service driver pciehp loaded
[    0.566348] pciehp 0000:00:16.6:pcie04: HPC vendor_id 15ad device_id 7a0 ss_vid 15ad ss_did 7a0
[    0.566413] pciehp 0000:00:16.6:pcie04: service driver pciehp loaded
[    0.566484] pciehp 0000:00:16.7:pcie04: HPC vendor_id 15ad device_id 7a0 ss_vid 15ad ss_did 7a0
[    0.566549] pciehp 0000:00:16.7:pcie04: service driver pciehp loaded
[    0.566619] pciehp 0000:00:17.0:pcie04: HPC vendor_id 15ad device_id 7a0 ss_vid 15ad ss_did 7a0
[    0.566689] pciehp 0000:00:17.0:pcie04: service driver pciehp loaded
[    0.566766] pciehp 0000:00:17.1:pcie04: HPC vendor_id 15ad device_id 7a0 ss_vid 15ad ss_did 7a0
[    0.566831] pciehp 0000:00:17.1:pcie04: service driver pciehp loaded
[    0.566904] pciehp 0000:00:17.2:pcie04: HPC vendor_id 15ad device_id 7a0 ss_vid 15ad ss_did 7a0
[    0.566973] pciehp 0000:00:17.2:pcie04: service driver pciehp loaded
[    0.567043] pciehp 0000:00:17.3:pcie04: HPC vendor_id 15ad device_id 7a0 ss_vid 15ad ss_did 7a0
[    0.567111] pciehp 0000:00:17.3:pcie04: service driver pciehp loaded
[    0.567181] pciehp 0000:00:17.4:pcie04: HPC vendor_id 15ad device_id 7a0 ss_vid 15ad ss_did 7a0
[    0.567246] pciehp 0000:00:17.4:pcie04: service driver pciehp loaded
[    0.567317] pciehp 0000:00:17.5:pcie04: HPC vendor_id 15ad device_id 7a0 ss_vid 15ad ss_did 7a0
[    0.567382] pciehp 0000:00:17.5:pcie04: service driver pciehp loaded
[    0.567452] pciehp 0000:00:17.6:pcie04: HPC vendor_id 15ad device_id 7a0 ss_vid 15ad ss_did 7a0
[    0.567521] pciehp 0000:00:17.6:pcie04: service driver pciehp loaded
[    0.567590] pciehp 0000:00:17.7:pcie04: HPC vendor_id 15ad device_id 7a0 ss_vid 15ad ss_did 7a0
[    0.567655] pciehp 0000:00:17.7:pcie04: service driver pciehp loaded
[    0.567731] pciehp 0000:00:18.0:pcie04: HPC vendor_id 15ad device_id 7a0 ss_vid 15ad ss_did 7a0
[    0.567797] pciehp 0000:00:18.0:pcie04: service driver pciehp loaded
[    0.567868] pciehp 0000:00:18.1:pcie04: HPC vendor_id 15ad device_id 7a0 ss_vid 15ad ss_did 7a0
[    0.567933] pciehp 0000:00:18.1:pcie04: service driver pciehp loaded
[    0.568004] pciehp 0000:00:18.2:pcie04: HPC vendor_id 15ad device_id 7a0 ss_vid 15ad ss_did 7a0
[    0.568068] pciehp 0000:00:18.2:pcie04: service driver pciehp loaded
[    0.568139] pciehp 0000:00:18.3:pcie04: HPC vendor_id 15ad device_id 7a0 ss_vid 15ad ss_did 7a0
[    0.568204] pciehp 0000:00:18.3:pcie04: service driver pciehp loaded
[    0.568278] pciehp 0000:00:18.4:pcie04: HPC vendor_id 15ad device_id 7a0 ss_vid 15ad ss_did 7a0
[    0.568343] pciehp 0000:00:18.4:pcie04: service driver pciehp loaded
[    0.568414] pciehp 0000:00:18.5:pcie04: HPC vendor_id 15ad device_id 7a0 ss_vid 15ad ss_did 7a0
[    0.568479] pciehp 0000:00:18.5:pcie04: service driver pciehp loaded
[    0.568549] pciehp 0000:00:18.6:pcie04: HPC vendor_id 15ad device_id 7a0 ss_vid 15ad ss_did 7a0
[    0.568614] pciehp 0000:00:18.6:pcie04: service driver pciehp loaded
[    0.568684] pciehp 0000:00:18.7:pcie04: HPC vendor_id 15ad device_id 7a0 ss_vid 15ad ss_did 7a0
[    0.568774] pciehp 0000:00:18.7:pcie04: service driver pciehp loaded
[    0.572897] pciehp: PCI Express Hot Plug Controller Driver version: 0.4
[    0.573076] ACPI: Deprecated procfs I/F for AC is loaded, please retry with CONFIG_ACPI_PROCFS_POWER cleared
[    0.573173] ACPI: AC Adapter [ACAD] (on-line)
[    0.573245] input: Power Button as /devices/LNXSYSTM:00/LNXPWRBN:00/input/input0
[    0.573249] ACPI: Power Button [PWRF]
[    0.609771] ERST: Table is not found!
[    0.609775] GHES: HEST is not enabled!
[    0.609877] Serial: 8250/16550 driver, 32 ports, IRQ sharing enabled
[    0.633729] serial8250: ttyS0 at I/O 0x3f8 (irq = 4) is a 16550A
[    0.633771] isapnp: Scanning for PnP cards...
[    0.725917] serial8250: ttyS1 at I/O 0x2f8 (irq = 3) is a 16550A
[    0.773488] 00:0a: ttyS0 at I/O 0x3f8 (irq = 4) is a 16550A
[    0.861691] 00:0b: ttyS1 at I/O 0x2f8 (irq = 3) is a 16550A
[    0.928028] Linux agpgart interface v0.103
[    0.928078] agpgart-intel 0000:00:00.0: Intel 440BX Chipset
[    0.928302] agpgart-intel 0000:00:00.0: AGP aperture is 256M @ 0x0
[    0.929228] brd: module loaded
[    0.932731] loop: module loaded
[    0.932780] ata_piix 0000:00:07.1: version 2.13
[    0.932862] scsi0 : ata_piix
[    0.932945] scsi1 : ata_piix
[    0.932994] ata1: PATA max UDMA/33 cmd 0x1f0 ctl 0x3f6 bmdma 0x10c0 irq 14
[    0.932999] ata2: PATA max UDMA/33 cmd 0x170 ctl 0x376 bmdma 0x10c8 irq 15
[    0.933052] Fixed MDIO Bus: probed
[    0.933081] tun: Universal TUN/TAP device driver, 1.6
[    0.933083] tun: (C) 1999-2004 Max Krasnyansky <maxk@qualcomm.com>
[    0.933169] PPP generic driver version 2.4.2
[    0.933273] ehci_hcd: USB 2.0 'Enhanced' Host Controller (EHCI) Driver
[    0.933316] ehci_hcd 0000:02:03.0: PCI INT A -> Link[LNKB] -> GSI 11 (level, low) -> IRQ 11
[    0.933366] ehci_hcd 0000:02:03.0: EHCI Host Controller
[    0.933426] ehci_hcd 0000:02:03.0: new USB bus registered, assigned bus number 1
[    0.933476] ehci_hcd 0000:02:03.0: cache line size of 32 is not supported
[    0.933488] ehci_hcd 0000:02:03.0: irq 11, io mem 0xc9000000
[    0.940295] Freeing initrd memory: 13836k freed
[    0.983912] ehci_hcd 0000:02:03.0: USB 2.0 started, EHCI 1.00
[    1.027618] hub 1-0:1.0: USB hub found
[    1.027623] hub 1-0:1.0: 6 ports detected
[    1.027672] ohci_hcd: USB 1.1 'Open' Host Controller (OHCI) Driver
[    1.027687] uhci_hcd: USB Universal Host Controller Interface driver
[    1.027730] uhci_hcd 0000:02:00.0: PCI INT A -> Link[LNKC] -> GSI 10 (level, low) -> IRQ 10
[    1.027771] uhci_hcd 0000:02:00.0: UHCI Host Controller
[    1.027813] uhci_hcd 0000:02:00.0: new USB bus registered, assigned bus number 2
[    1.027923] uhci_hcd 0000:02:00.0: irq 10, io base 0x000020c0
[    1.027962] hub 2-0:1.0: USB hub found
[    1.027972] hub 2-0:1.0: 2 ports detected
[    1.028150] usbcore: registered new interface driver libusual
[    1.028189] i8042: PNP: PS/2 Controller [PNP0303:KBC,PNP0f13:MOUS] at 0x60,0x64 irq 1,12
[    1.028517] serio: i8042 KBD port at 0x60,0x64 irq 1
[    1.028525] serio: i8042 AUX port at 0x60,0x64 irq 12
[    1.028618] mousedev: PS/2 mouse device common for all mice
[    1.048733] rtc_cmos 00:04: rtc core: registered rtc_cmos as rtc0
[    1.048826] rtc0: alarms up to one month, y3k, 114 bytes nvram, hpet irqs
[    1.048897] device-mapper: uevent: version 1.0.3
[    1.048953] device-mapper: ioctl: 4.22.0-ioctl (2011-10-19) initialised: dm-devel@redhat.com
[    1.048980] EISA: Probing bus 0 at eisa.0
[    1.048982] EISA: Cannot allocate resource for mainboard
[    1.048984] Cannot allocate resource for EISA slot 1
[    1.048985] Cannot allocate resource for EISA slot 2
[    1.048987] Cannot allocate resource for EISA slot 3
[    1.048988] Cannot allocate resource for EISA slot 4
[    1.048990] Cannot allocate resource for EISA slot 5
[    1.048991] Cannot allocate resource for EISA slot 6
[    1.048993] Cannot allocate resource for EISA slot 7
[    1.048995] Cannot allocate resource for EISA slot 8
[    1.048996] EISA: Detected 0 cards.
[    1.049003] cpufreq-nforce2: No nForce2 chipset.
[    1.049006] cpuidle: using governor ladder
[    1.049007] cpuidle: using governor menu
[    1.049009] EFI Variables Facility v0.08 2004-May-17
[    1.049059] TCP cubic registered
[    1.049108] NET: Registered protocol family 10
[    1.049158] NET: Registered protocol family 17
[    1.049162] Registering the dns_resolver key type
[    1.049176] Using IPI No-Shortcut mode
[    1.049235] PM: Hibernation image not present or could not be loaded.
[    1.049250] registered taskstats version 1
[    1.130349] input: AT Translated Set 2 keyboard as /devices/platform/i8042/serio0/input/input1
[    1.132010]   Magic number: 13:897:574
[    1.132118] rtc_cmos 00:04: setting system clock to 2013-05-27 08:34:12 UTC (1369643652)
[    1.132131] BIOS EDD facility v0.16 2004-Jun-25, 0 devices found
[    1.132133] EDD information not available.
[    1.132245] ata2.00: ATAPI: VMware Virtual IDE CDROM Drive, 00000001, max UDMA/33
[    1.132519] ata2.00: configured for UDMA/33
[    1.220020] isapnp: No Plug & Play device found
[    1.220250] scsi 1:0:0:0: CD-ROM            NECVMWar VMware IDE CDR10 1.00 PQ: 0 ANSI: 5
[    1.220907] sr0: scsi3-mmc drive: 306x/306x cd/rw xa/form2 cdda tray
[    1.220910] cdrom: Uniform CD-ROM driver Revision: 3.20
[    1.221009] sr 1:0:0:0: Attached scsi CD-ROM sr0
[    1.221157] sr 1:0:0:0: Attached scsi generic sg0 type 5
[    1.221265] Freeing unused kernel memory: 740k freed
[    1.221315] Write protecting the kernel text: 5816k
[    1.221324] Write protecting the kernel read-only data: 2376k
[    1.221326] NX-protecting the kernel data: 4424k
[    1.231924] udevd[85]: starting version 175
[    1.248163] VMware vmxnet3 virtual NIC driver - version 1.1.29.0-k-NAPI
[    1.251348] VMware PVSCSI driver - version 1.0.1.0-k
[    1.256039] VMware vmxnet virtual NIC driver
[    1.256089] ACPI: PCI Interrupt Link [LNKD] enabled at IRQ 5
[    1.256092] PCI: setting IRQ 5 as level-triggered
[    1.256098] vmxnet 0000:02:01.0: PCI INT A -> Link[LNKD] -> GSI 5 (level, low) -> IRQ 5
[    1.256148] Found vmxnet/PCI at 0x2024, irq 5.
[    1.256197] features:
[    1.256209] numRxBuffers = 100, numRxBuffers2 = 1
[    1.256258] vmxnet 0000:02:01.0: eth0: set_features() failed (-1); wanted 0x00004000, left 0x00004800
[    1.281569] Fusion MPT base driver 3.04.20
[    1.281573] Copyright (c) 1999-2008 LSI Corporation
[    1.281782] Fusion MPT SPI Host driver 3.04.20
[    1.281826] mptspi 0000:00:10.0: PCI INT A -> Link[LNKB] -> GSI 11 (level, low) -> IRQ 11
[    1.287729] mptbase: ioc0: Initiating bringup
[    1.304108] Floppy drive(s): fd0 is 1.44M
[    1.320009] FDC 0 is a post-1991 82077
[    1.339628] usb 2-1: new full-speed USB device number 2 using uhci_hcd
[    1.359636] ioc0: LSI53C1030 B0: Capabilities={Initiator}
[    1.472645] input: VMware VMware Virtual USB Mouse as /devices/pci0000:00/0000:00:11.0/0000:02:00.0/usb2/2-1/2-1:1.0/input/input2
[    1.472814] generic-usb 0003:0E0F:0003.0001: input,hidraw0: USB HID v1.10 Mouse [VMware VMware Virtual USB Mouse] on usb-0000:02:00.0-1/input0
[    1.473379] input: VMware VMware Virtual USB Mouse as /devices/pci0000:00/0000:00:11.0/0000:02:00.0/usb2/2-1/2-1:1.1/input/input3
[    1.473528] generic-usb 0003:0E0F:0003.0002: input,hidraw1: USB HID v1.10 Mouse [VMware VMware Virtual USB Mouse] on usb-0000:02:00.0-1/input1
[    1.473657] usbcore: registered new interface driver usbhid
[    1.473659] usbhid: USB HID core driver
[    1.519436] scsi2 : ioc0: LSI53C1030 B0, FwRev=01032920h, Ports=1, MaxQ=128, IRQ=11
[    1.583275] usb 2-2: new full-speed USB device number 3 using uhci_hcd
[    1.632132] scsi 2:0:0:0: Direct-Access     VMware,  VMware Virtual S 1.0  PQ: 0 ANSI: 2
[    1.632141] scsi target2:0:0: Beginning Domain Validation
[    1.632846] scsi target2:0:0: Domain Validation skipping write tests
[    1.632848] scsi target2:0:0: Ending Domain Validation
[    1.632905] scsi target2:0:0: FAST-40 WIDE SCSI 80.0 MB/s ST (25 ns, offset 127)
[    1.635491] sd 2:0:0:0: [sda] 41943040 512-byte logical blocks: (21.4 GB/20.0 GiB)
[    1.635556] sd 2:0:0:0: [sda] Write Protect is off
[    1.635559] sd 2:0:0:0: [sda] Mode Sense: 61 00 00 00
[    1.635634] sd 2:0:0:0: [sda] Cache data unavailable
[    1.635638] sd 2:0:0:0: [sda] Assuming drive cache: write through
[    1.635973] sd 2:0:0:0: [sda] Cache data unavailable
[    1.635976] sd 2:0:0:0: [sda] Assuming drive cache: write through
[    1.636714] sd 2:0:0:0: Attached scsi generic sg1 type 0
[    1.637348]  sda: sda1 sda2 < sda5 >
[    1.637743] sd 2:0:0:0: [sda] Cache data unavailable
[    1.637746] sd 2:0:0:0: [sda] Assuming drive cache: write through
[    1.637748] sd 2:0:0:0: [sda] Attached SCSI disk
[    1.674746] EXT4-fs (sda1): INFO: recovery required on readonly filesystem
[    1.674750] EXT4-fs (sda1): write access will be enabled during recovery
[    1.723019] hub 2-2:1.0: USB hub found
[    1.724964] hub 2-2:1.0: 7 ports detected
[    1.820090] EXT4-fs (sda1): recovery complete
[    1.820655] EXT4-fs (sda1): mounted filesystem with ordered data mode. Opts: (null)
[    3.150163] ADDRCONF(NETDEV_UP): eth0: link is not ready
[    3.161084] udevd[331]: starting version 175
[    3.194671] Adding 1046524k swap on /dev/sda5.  Priority:-1 extents:1 across:1046524k 
[    3.196044] lp: driver loaded but no devices found
[    3.255492] shpchp: Standard Hot Plug PCI Controller Driver version: 0.4
[    3.275612] piix4_smbus 0000:00:07.3: Host SMBus controller not enabled!
[    3.276746] [374]: VMCI: shared components initialized.
[    3.276747] Probing for vmci/PCI.
[    3.277102] ACPI: PCI Interrupt Link [LNKA] enabled at IRQ 9
[    3.277106] PCI: setting IRQ 9 as level-triggered
[    3.277112] vmci 0000:00:07.7: PCI INT A -> Link[LNKA] -> GSI 9 (level, low) -> IRQ 9
[    3.277157] Found vmci/PCI at 0x1080, irq 9.
[    3.283386] VMCI: using capabilities 0xc.
[    3.283475] [374]: VMCI: Host capability check passed.
[    3.283664] vmci 0000:00:07.7: irq 72 for MSI/MSI-X
[    3.283702] vmci 0000:00:07.7: irq 73 for MSI/MSI-X
[    3.283891] Registered vmci device.
[    3.283992] EXT4-fs (sda1): re-mounted. Opts: errors=remount-ro
[    3.296685] [374]: VMCI: Using guest personality
[    3.296689] [374]: VMCI: host components initialized.
[    3.311378] [374]: VMCI: Module registered (name=vmci,major=10,minor=57).
[    3.311382] [374]: VMCI: Using host personality
[    3.311384] [374]: VMCI: Module (name=vmci) is initialized
[    3.395218] Bluetooth: Core ver 2.16
[    3.397139] NET: Registered protocol family 31
[    3.397142] Bluetooth: HCI device and connection manager initialized
[    3.397144] Bluetooth: HCI socket layer initialized
[    3.397146] Bluetooth: L2CAP socket layer initialized
[    3.397151] Bluetooth: SCO socket layer initialized
[    3.411995] Bluetooth: BNEP (Ethernet Emulation) ver 1.3
[    3.411998] Bluetooth: BNEP filters: protocol multicast
[    3.415706] ppdev: user-space parallel port driver
[    3.416260] parport_pc 00:09: reported by Plug and Play ACPI
[    3.416759] parport0: PC-style at 0x378, irq 7 [PCSPP,TRISTATE]
[    3.425874] Bluetooth: RFCOMM TTY layer initialized
[    3.425878] Bluetooth: RFCOMM socket layer initialized
[    3.425880] Bluetooth: RFCOMM ver 1.11
[    3.512606] lp0: using parport0 (interrupt-driven).
[    3.520606] type=1400 audit(1369643654.890:2): apparmor="STATUS" operation="profile_load" name="/usr/lib/cups/backend/cups-pdf" pid=585 comm="apparmor_parser"
[    3.522553] type=1400 audit(1369643654.890:3): apparmor="STATUS" operation="profile_load" name="/usr/sbin/cupsd" pid=585 comm="apparmor_parser"
[    3.583367] type=1400 audit(1369643654.950:4): apparmor="STATUS" operation="profile_load" name="/sbin/dhclient" pid=602 comm="apparmor_parser"
[    3.584628] type=1400 audit(1369643654.954:5): apparmor="STATUS" operation="profile_load" name="/usr/lib/NetworkManager/nm-dhcp-client.action" pid=602 comm="apparmor_parser"
[    3.584817] type=1400 audit(1369643654.954:6): apparmor="STATUS" operation="profile_load" name="/usr/lib/connman/scripts/dhclient-script" pid=602 comm="apparmor_parser"
[    3.791716] input: ImPS/2 Generic Wheel Mouse as /devices/platform/i8042/serio1/input/input4
[    3.839019] snd_ens1371 0000:02:02.0: PCI INT A -> Link[LNKA] -> GSI 9 (level, low) -> IRQ 9
[    3.888775] init: failsafe main process (669) killed by TERM signal
[    3.995784] type=1400 audit(1369643655.366:7): apparmor="STATUS" operation="profile_load" name="/usr/lib/lightdm/lightdm/lightdm-guest-session-wrapper" pid=798 comm="apparmor_parser"
[    3.996557] type=1400 audit(1369643655.366:8): apparmor="STATUS" operation="profile_replace" name="/sbin/dhclient" pid=800 comm="apparmor_parser"
[    3.997039] type=1400 audit(1369643655.366:9): apparmor="STATUS" operation="profile_replace" name="/usr/lib/NetworkManager/nm-dhcp-client.action" pid=800 comm="apparmor_parser"
[    3.997957] type=1400 audit(1369643655.366:10): apparmor="STATUS" operation="profile_replace" name="/usr/lib/connman/scripts/dhclient-script" pid=800 comm="apparmor_parser"
[    4.137046] init: alsa-restore main process (864) terminated with status 19
