[    0.000000] Initializing cgroup subsys cpuset
[    0.000000] Initializing cgroup subsys cpu
[    0.000000] Linux version 3.2.0-29-generic-pae (buildd@roseapple) (gcc version 4.6.3 (Ubuntu/Linaro 4.6.3-1ubuntu5) ) #46-Ubuntu SMP Fri Jul 27 17:25:43 UTC 2012 (Ubuntu 3.2.0-29.46-generic-pae 3.2.24)
[    0.000000] KERNEL supported cpus:
[    0.000000]   Intel GenuineIntel
[    0.000000]   AMD AuthenticAMD
[    0.000000]   NSC Geode by NSC
[    0.000000]   Cyrix CyrixInstead
[    0.000000]   Centaur CentaurHauls
[    0.000000]   Transmeta GenuineTMx86
[    0.000000]   Transmeta TransmetaCPU
[    0.000000]   UMC UMC UMC UMC
[    0.000000] Disabled fast string operations
[    0.000000] BIOS-provided physical RAM map:
[    0.000000]  BIOS-e820: 0000000000000000 - 000000000009f000 (usable)
[    0.000000]  BIOS-e820: 000000000009f000 - 00000000000a0000 (reserved)
[    0.000000]  BIOS-e820: 00000000000ca000 - 00000000000cc000 (reserved)
[    0.000000]  BIOS-e820: 00000000000dc000 - 0000000000100000 (reserved)
[    0.000000]  BIOS-e820: 0000000000100000 - 000000003fee0000 (usable)
[    0.000000]  BIOS-e820: 000000003fee0000 - 000000003feff000 (ACPI data)
[    0.000000]  BIOS-e820: 000000003feff000 - 000000003ff00000 (ACPI NVS)
[    0.000000]  BIOS-e820: 000000003ff00000 - 0000000040000000 (usable)
[    0.000000]  BIOS-e820: 00000000e0000000 - 00000000f0000000 (reserved)
[    0.000000]  BIOS-e820: 00000000fec00000 - 00000000fec10000 (reserved)
[    0.000000]  BIOS-e820: 00000000fee00000 - 00000000fee01000 (reserved)
[    0.000000]  BIOS-e820: 00000000fffe0000 - 0000000100000000 (reserved)
[    0.000000] NX (Execute Disable) protection: active
[    0.000000] DMI present.
[    0.000000] DMI: VMware, Inc. VMware Virtual Platform/440BX Desktop Reference Platform, BIOS 6.00 07/02/2012
[    0.000000] Hypervisor detected: VMware
[    0.000000] e820 update range: 0000000000000000 - 0000000000010000 (usable) ==> (reserved)
[    0.000000] e820 remove range: 00000000000a0000 - 0000000000100000 (usable)
[    0.000000] last_pfn = 0x40000 max_arch_pfn = 0x1000000
[    0.000000] MTRR default type: uncachable
[    0.000000] MTRR fixed ranges enabled:
[    0.000000]   00000-9FFFF write-back
[    0.000000]   A0000-BFFFF uncachable
[    0.000000]   C0000-CBFFF write-protect
[    0.000000]   CC000-EFFFF uncachable
[    0.000000]   F0000-FFFFF write-protect
[    0.000000] MTRR variable ranges enabled:
[    0.000000]   0 base 0000000000 mask FFC0000000 write-back
[    0.000000]   1 disabled
[    0.000000]   2 disabled
[    0.000000]   3 disabled
[    0.000000]   4 disabled
[    0.000000]   5 disabled
[    0.000000]   6 disabled
[    0.000000]   7 disabled
[    0.000000] x86 PAT enabled: cpu 0, old 0x0, new 0x7010600070106
[    0.000000] found SMP MP-table at [c00f6bf0] f6bf0
[    0.000000] initial memory mapped : 0 - 02000000
[    0.000000] Base memory trampoline at [c009b000] 9b000 size 16384
[    0.000000] init_memory_mapping: 0000000000000000-0000000037bfe000
[    0.000000]  0000000000 - 0000200000 page 4k
[    0.000000]  0000200000 - 0037a00000 page 2M
[    0.000000]  0037a00000 - 0037bfe000 page 4k
[    0.000000] kernel direct mapping tables up to 37bfe000 @ 1ffb000-2000000
[    0.000000] RAMDISK: 364ea000 - 3726d000
[    0.000000] ACPI: RSDP 000f6b80 00024 (v02 PTLTD )
[    0.000000] ACPI: XSDT 3feed636 0005C (v01 INTEL  440BX    06040000 VMW  01324272)
[    0.000000] ACPI: FACP 3fefee98 000F4 (v04 INTEL  440BX    06040000 PTL  000F4240)
[    0.000000] ACPI: DSDT 3feee366 10B32 (v01 PTLTD  Custom   06040000 MSFT 03000001)
[    0.000000] ACPI: FACS 3fefffc0 00040
[    0.000000] ACPI: BOOT 3feee33e 00028 (v01 PTLTD  $SBFTBL$ 06040000  LTP 00000001)
[    0.000000] ACPI: APIC 3feedc3e 003C2 (v01 PTLTD  ? APIC   06040000  LTP 00000000)
[    0.000000] ACPI: MCFG 3feedc02 0003C (v01 PTLTD  $PCITBL$ 06040000  LTP 00000001)
[    0.000000] ACPI: SRAT 3feed732 004D0 (v02 VMWARE MEMPLUG  06040000 VMW  00000001)
[    0.000000] ACPI: HPET 3feed6fa 00038 (v01 VMWARE VMW HPET 06040000 VMW  00000001)
[    0.000000] ACPI: WAET 3feed6d2 00028 (v01 VMWARE VMW WAET 06040000 VMW  00000001)
[    0.000000] ACPI: Local APIC address 0xfee00000
[    0.000000] 132MB HIGHMEM available.
[    0.000000] 891MB LOWMEM available.
[    0.000000]   mapped low ram: 0 - 37bfe000
[    0.000000]   low ram: 0 - 37bfe000
[    0.000000] Zone PFN ranges:
[    0.000000]   DMA      0x00000010 -> 0x00001000
[    0.000000]   Normal   0x00001000 -> 0x00037bfe
[    0.000000]   HighMem  0x00037bfe -> 0x00040000
[    0.000000] Movable zone start PFN for each node
[    0.000000] early_node_map[3] active PFN ranges
[    0.000000]     0: 0x00000010 -> 0x0000009f
[    0.000000]     0: 0x00000100 -> 0x0003fee0
[    0.000000]     0: 0x0003ff00 -> 0x00040000
[    0.000000] On node 0 totalpages: 261999
[    0.000000] free_area_init_node: node 0, pgdat c1866a40, node_mem_map f73fd200
[    0.000000]   DMA zone: 32 pages used for memmap
[    0.000000]   DMA zone: 0 pages reserved
[    0.000000]   DMA zone: 3951 pages, LIFO batch:0
[    0.000000]   Normal zone: 1752 pages used for memmap
[    0.000000]   Normal zone: 222502 pages, LIFO batch:31
[    0.000000]   HighMem zone: 265 pages used for memmap
[    0.000000]   HighMem zone: 33497 pages, LIFO batch:7
[    0.000000] Using APIC driver default
[    0.000000] ACPI: PM-Timer IO Port: 0x1008
[    0.000000] ACPI: Local APIC address 0xfee00000
[    0.000000] ACPI: LAPIC (acpi_id[0x00] lapic_id[0x00] enabled)
[    0.000000] ACPI: LAPIC (acpi_id[0x01] lapic_id[0x02] disabled)
[    0.000000] ACPI: LAPIC (acpi_id[0x02] lapic_id[0x04] disabled)
[    0.000000] ACPI: LAPIC (acpi_id[0x03] lapic_id[0x06] disabled)
[    0.000000] ACPI: LAPIC (acpi_id[0x04] lapic_id[0x08] disabled)
[    0.000000] ACPI: LAPIC (acpi_id[0x05] lapic_id[0x0a] disabled)
[    0.000000] ACPI: LAPIC (acpi_id[0x06] lapic_id[0x0c] disabled)
[    0.000000] ACPI: LAPIC (acpi_id[0x07] lapic_id[0x0e] disabled)
[    0.000000] ACPI: LAPIC (acpi_id[0x08] lapic_id[0x10] disabled)
[    0.000000] ACPI: LAPIC (acpi_id[0x09] lapic_id[0x12] disabled)
[    0.000000] ACPI: LAPIC (acpi_id[0x0a] lapic_id[0x14] disabled)
[    0.000000] ACPI: LAPIC (acpi_id[0x0b] lapic_id[0x16] disabled)
[    0.000000] ACPI: LAPIC (acpi_id[0x0c] lapic_id[0x18] disabled)
[    0.000000] ACPI: LAPIC (acpi_id[0x0d] lapic_id[0x1a] disabled)
[    0.000000] ACPI: LAPIC (acpi_id[0x0e] lapic_id[0x1c] disabled)
[    0.000000] ACPI: LAPIC (acpi_id[0x0f] lapic_id[0x1e] disabled)
[    0.000000] ACPI: LAPIC (acpi_id[0x10] lapic_id[0x20] disabled)
[    0.000000] ACPI: LAPIC (acpi_id[0x11] lapic_id[0x22] disabled)
[    0.000000] ACPI: LAPIC (acpi_id[0x12] lapic_id[0x24] disabled)
[    0.000000] ACPI: LAPIC (acpi_id[0x13] lapic_id[0x26] disabled)
[    0.000000] ACPI: LAPIC (acpi_id[0x14] lapic_id[0x28] disabled)
[    0.000000] ACPI: LAPIC (acpi_id[0x15] lapic_id[0x2a] disabled)
[    0.000000] ACPI: LAPIC (acpi_id[0x16] lapic_id[0x2c] disabled)
[    0.000000] ACPI: LAPIC (acpi_id[0x17] lapic_id[0x2e] disabled)
[    0.000000] ACPI: LAPIC (acpi_id[0x18] lapic_id[0x30] disabled)
[    0.000000] ACPI: LAPIC (acpi_id[0x19] lapic_id[0x32] disabled)
[    0.000000] ACPI: LAPIC (acpi_id[0x1a] lapic_id[0x34] disabled)
[    0.000000] ACPI: LAPIC (acpi_id[0x1b] lapic_id[0x36] disabled)
[    0.000000] ACPI: LAPIC (acpi_id[0x1c] lapic_id[0x38] disabled)
[    0.000000] ACPI: LAPIC (acpi_id[0x1d] lapic_id[0x3a] disabled)
[    0.000000] ACPI: LAPIC (acpi_id[0x1e] lapic_id[0x3c] disabled)
[    0.000000] ACPI: LAPIC (acpi_id[0x1f] lapic_id[0x3e] disabled)
[    0.000000] ACPI: LAPIC (acpi_id[0x20] lapic_id[0x40] disabled)
[    0.000000] ACPI: LAPIC (acpi_id[0x21] lapic_id[0x42] disabled)
[    0.000000] ACPI: LAPIC (acpi_id[0x22] lapic_id[0x44] disabled)
[    0.000000] ACPI: LAPIC (acpi_id[0x23] lapic_id[0x46] disabled)
[    0.000000] ACPI: LAPIC (acpi_id[0x24] lapic_id[0x48] disabled)
[    0.000000] ACPI: LAPIC (acpi_id[0x25] lapic_id[0x4a] disabled)
[    0.000000] ACPI: LAPIC (acpi_id[0x26] lapic_id[0x4c] disabled)
[    0.000000] ACPI: LAPIC (acpi_id[0x27] lapic_id[0x4e] disabled)
[    0.000000] ACPI: LAPIC (acpi_id[0x28] lapic_id[0x50] disabled)
[    0.000000] ACPI: LAPIC (acpi_id[0x29] lapic_id[0x52] disabled)
[    0.000000] ACPI: LAPIC (acpi_id[0x2a] lapic_id[0x54] disabled)
[    0.000000] ACPI: LAPIC (acpi_id[0x2b] lapic_id[0x56] disabled)
[    0.000000] ACPI: LAPIC (acpi_id[0x2c] lapic_id[0x58] disabled)
[    0.000000] ACPI: LAPIC (acpi_id[0x2d] lapic_id[0x5a] disabled)
[    0.000000] ACPI: LAPIC (acpi_id[0x2e] lapic_id[0x5c] disabled)
[    0.000000] ACPI: LAPIC (acpi_id[0x2f] lapic_id[0x5e] disabled)
[    0.000000] ACPI: LAPIC (acpi_id[0x30] lapic_id[0x60] disabled)
[    0.000000] ACPI: LAPIC (acpi_id[0x31] lapic_id[0x62] disabled)
[    0.000000] ACPI: LAPIC (acpi_id[0x32] lapic_id[0x64] disabled)
[    0.000000] ACPI: LAPIC (acpi_id[0x33] lapic_id[0x66] disabled)
[    0.000000] ACPI: LAPIC (acpi_id[0x34] lapic_id[0x68] disabled)
[    0.000000] ACPI: LAPIC (acpi_id[0x35] lapic_id[0x6a] disabled)
[    0.000000] ACPI: LAPIC (acpi_id[0x36] lapic_id[0x6c] disabled)
[    0.000000] ACPI: LAPIC (acpi_id[0x37] lapic_id[0x6e] disabled)
[    0.000000] ACPI: LAPIC (acpi_id[0x38] lapic_id[0x70] disabled)
[    0.000000] ACPI: LAPIC (acpi_id[0x39] lapic_id[0x72] disabled)
[    0.000000] ACPI: LAPIC (acpi_id[0x3a] lapic_id[0x74] disabled)
[    0.000000] ACPI: LAPIC (acpi_id[0x3b] lapic_id[0x76] disabled)
[    0.000000] ACPI: LAPIC (acpi_id[0x3c] lapic_id[0x78] disabled)
[    0.000000] ACPI: LAPIC (acpi_id[0x3d] lapic_id[0x7a] disabled)
[    0.000000] ACPI: LAPIC (acpi_id[0x3e] lapic_id[0x7c] disabled)
[    0.000000] ACPI: LAPIC (acpi_id[0x3f] lapic_id[0x7e] disabled)
[    0.000000] ACPI: LAPIC_NMI (acpi_id[0x00] high edge lint[0x1])
[    0.000000] ACPI: LAPIC_NMI (acpi_id[0x01] high edge lint[0x1])
[    0.000000] ACPI: LAPIC_NMI (acpi_id[0x02] high edge lint[0x1])
[    0.000000] ACPI: LAPIC_NMI (acpi_id[0x03] high edge lint[0x1])
[    0.000000] ACPI: LAPIC_NMI (acpi_id[0x04] high edge lint[0x1])
[    0.000000] ACPI: LAPIC_NMI (acpi_id[0x05] high edge lint[0x1])
[    0.000000] ACPI: LAPIC_NMI (acpi_id[0x06] high edge lint[0x1])
[    0.000000] ACPI: LAPIC_NMI (acpi_id[0x07] high edge lint[0x1])
[    0.000000] ACPI: LAPIC_NMI (acpi_id[0x08] high edge lint[0x1])
[    0.000000] ACPI: LAPIC_NMI (acpi_id[0x09] high edge lint[0x1])
[    0.000000] ACPI: LAPIC_NMI (acpi_id[0x0a] high edge lint[0x1])
[    0.000000] ACPI: LAPIC_NMI (acpi_id[0x0b] high edge lint[0x1])
[    0.000000] ACPI: LAPIC_NMI (acpi_id[0x0c] high edge lint[0x1])
[    0.000000] ACPI: LAPIC_NMI (acpi_id[0x0d] high edge lint[0x1])
[    0.000000] ACPI: LAPIC_NMI (acpi_id[0x0e] high edge lint[0x1])
[    0.000000] ACPI: LAPIC_NMI (acpi_id[0x0f] high edge lint[0x1])
[    0.000000] ACPI: LAPIC_NMI (acpi_id[0x10] high edge lint[0x1])
[    0.000000] ACPI: LAPIC_NMI (acpi_id[0x11] high edge lint[0x1])
[    0.000000] ACPI: LAPIC_NMI (acpi_id[0x12] high edge lint[0x1])
[    0.000000] ACPI: LAPIC_NMI (acpi_id[0x13] high edge lint[0x1])
[    0.000000] ACPI: LAPIC_NMI (acpi_id[0x14] high edge lint[0x1])
[    0.000000] ACPI: LAPIC_NMI (acpi_id[0x15] high edge lint[0x1])
[    0.000000] ACPI: LAPIC_NMI (acpi_id[0x16] high edge lint[0x1])
[    0.000000] ACPI: LAPIC_NMI (acpi_id[0x17] high edge lint[0x1])
[    0.000000] ACPI: LAPIC_NMI (acpi_id[0x18] high edge lint[0x1])
[    0.000000] ACPI: LAPIC_NMI (acpi_id[0x19] high edge lint[0x1])
[    0.000000] ACPI: LAPIC_NMI (acpi_id[0x1a] high edge lint[0x1])
[    0.000000] ACPI: LAPIC_NMI (acpi_id[0x1b] high edge lint[0x1])
[    0.000000] ACPI: LAPIC_NMI (acpi_id[0x1c] high edge lint[0x1])
[    0.000000] ACPI: LAPIC_NMI (acpi_id[0x1d] high edge lint[0x1])
[    0.000000] ACPI: LAPIC_NMI (acpi_id[0x1e] high edge lint[0x1])
[    0.000000] ACPI: LAPIC_NMI (acpi_id[0x1f] high edge lint[0x1])
[    0.000000] ACPI: LAPIC_NMI (acpi_id[0x20] high edge lint[0x1])
[    0.000000] ACPI: LAPIC_NMI (acpi_id[0x21] high edge lint[0x1])
[    0.000000] ACPI: LAPIC_NMI (acpi_id[0x22] high edge lint[0x1])
[    0.000000] ACPI: LAPIC_NMI (acpi_id[0x23] high edge lint[0x1])
[    0.000000] ACPI: LAPIC_NMI (acpi_id[0x24] high edge lint[0x1])
[    0.000000] ACPI: LAPIC_NMI (acpi_id[0x25] high edge lint[0x1])
[    0.000000] ACPI: LAPIC_NMI (acpi_id[0x26] high edge lint[0x1])
[    0.000000] ACPI: LAPIC_NMI (acpi_id[0x27] high edge lint[0x1])
[    0.000000] ACPI: LAPIC_NMI (acpi_id[0x28] high edge lint[0x1])
[    0.000000] ACPI: LAPIC_NMI (acpi_id[0x29] high edge lint[0x1])
[    0.000000] ACPI: LAPIC_NMI (acpi_id[0x2a] high edge lint[0x1])
[    0.000000] ACPI: LAPIC_NMI (acpi_id[0x2b] high edge lint[0x1])
[    0.000000] ACPI: LAPIC_NMI (acpi_id[0x2c] high edge lint[0x1])
[    0.000000] ACPI: LAPIC_NMI (acpi_id[0x2d] high edge lint[0x1])
[    0.000000] ACPI: LAPIC_NMI (acpi_id[0x2e] high edge lint[0x1])
[    0.000000] ACPI: LAPIC_NMI (acpi_id[0x2f] high edge lint[0x1])
[    0.000000] ACPI: LAPIC_NMI (acpi_id[0x30] high edge lint[0x1])
[    0.000000] ACPI: LAPIC_NMI (acpi_id[0x31] high edge lint[0x1])
[    0.000000] ACPI: LAPIC_NMI (acpi_id[0x32] high edge lint[0x1])
[    0.000000] ACPI: LAPIC_NMI (acpi_id[0x33] high edge lint[0x1])
[    0.000000] ACPI: LAPIC_NMI (acpi_id[0x34] high edge lint[0x1])
[    0.000000] ACPI: LAPIC_NMI (acpi_id[0x35] high edge lint[0x1])
[    0.000000] ACPI: LAPIC_NMI (acpi_id[0x36] high edge lint[0x1])
[    0.000000] ACPI: LAPIC_NMI (acpi_id[0x37] high edge lint[0x1])
[    0.000000] ACPI: LAPIC_NMI (acpi_id[0x38] high edge lint[0x1])
[    0.000000] ACPI: LAPIC_NMI (acpi_id[0x39] high edge lint[0x1])
[    0.000000] ACPI: LAPIC_NMI (acpi_id[0x3a] high edge lint[0x1])
[    0.000000] ACPI: LAPIC_NMI (acpi_id[0x3b] high edge lint[0x1])
[    0.000000] ACPI: LAPIC_NMI (acpi_id[0x3c] high edge lint[0x1])
[    0.000000] ACPI: LAPIC_NMI (acpi_id[0x3d] high edge lint[0x1])
[    0.000000] ACPI: LAPIC_NMI (acpi_id[0x3e] high edge lint[0x1])
[    0.000000] ACPI: LAPIC_NMI (acpi_id[0x3f] high edge lint[0x1])
[    0.000000] ACPI: Skipping IOAPIC probe due to 'noapic' option.
[    0.000000] Using ACPI for processor (LAPIC) configuration information
[    0.000000] ACPI: HPET id: 0x8086af01 base: 0xfed00000
[    0.000000] Intel MultiProcessor Specification v1.4
[    0.000000]     Virtual Wire compatibility mode.
[    0.000000] MPTABLE: OEM ID: INTEL   
[    0.000000] MPTABLE: Product ID: 440BX       
[    0.000000] MPTABLE: APIC at: 0xFEE00000
[    0.000000] IOAPIC[0]: apic_id 1, version 17, address 0xfec00000, GSI 0-23
[    0.000000] Processors: 1
[    0.000000] SMP: Allowing 1 CPUs, 0 hotplug CPUs
[    0.000000] nr_irqs_gsi: 40
[    0.000000] PM: Registered nosave memory: 000000000009f000 - 00000000000a0000
[    0.000000] PM: Registered nosave memory: 00000000000a0000 - 00000000000ca000
[    0.000000] PM: Registered nosave memory: 00000000000ca000 - 00000000000cc000
[    0.000000] PM: Registered nosave memory: 00000000000cc000 - 00000000000dc000
[    0.000000] PM: Registered nosave memory: 00000000000dc000 - 0000000000100000
[    0.000000] Allocating PCI resources starting at 40000000 (gap: 40000000:a0000000)
[    0.000000] Booting paravirtualized kernel on bare hardware
[    0.000000] setup_percpu: NR_CPUS:8 nr_cpumask_bits:8 nr_cpu_ids:1 nr_node_ids:1
[    0.000000] PERCPU: Embedded 14 pages/cpu @f73e8000 s34240 r0 d23104 u57344
[    0.000000] pcpu-alloc: s34240 r0 d23104 u57344 alloc=14*4096
[    0.000000] pcpu-alloc: [0] 0 
[    0.000000] Built 1 zonelists in Zone order, mobility grouping on.  Total pages: 259950
[    0.000000] Kernel command line: BOOT_IMAGE=/boot/vmlinuz-3.2.0-29-generic-pae root=UUID=007b598c-390d-4c65-84a1-4ff752d48633 ro quiet splash maxcpus=0
[    0.000000] PID hash table entries: 4096 (order: 2, 16384 bytes)
[    0.000000] Dentry cache hash table entries: 131072 (order: 7, 524288 bytes)
[    0.000000] Inode-cache hash table entries: 65536 (order: 6, 262144 bytes)
[    0.000000] Initializing CPU#0
[    0.000000] xsave/xrstor: enabled xstate_bv 0x7, cntxt size 0x340
[    0.000000] allocated 4194048 bytes of page_cgroup
[    0.000000] please try 'cgroup_disable=memory' option if you don't want memory cgroups
[    0.000000] Initializing HighMem for node 0 (00037bfe:00040000)
[    0.000000] Memory: 1010624k/1048576k available (5814k kernel code, 37372k reserved, 2841k data, 740k init, 135048k highmem)
[    0.000000] virtual kernel memory layout:
[    0.000000]     fixmap  : 0xfff16000 - 0xfffff000   ( 932 kB)
[    0.000000]     pkmap   : 0xffc00000 - 0xffe00000   (2048 kB)
[    0.000000]     vmalloc : 0xf83fe000 - 0xffbfe000   ( 120 MB)
[    0.000000]     lowmem  : 0xc0000000 - 0xf7bfe000   ( 891 MB)
[    0.000000]       .init : 0xc1875000 - 0xc192e000   ( 740 kB)
[    0.000000]       .data : 0xc15adb64 - 0xc1874240   (2841 kB)
[    0.000000]       .text : 0xc1000000 - 0xc15adb64   (5814 kB)
[    0.000000] Checking if this processor honours the WP bit even in supervisor mode...Ok.
[    0.000000] SLUB: Genslabs=15, HWalign=64, Order=0-3, MinObjects=0, CPUs=1, Nodes=1
[    0.000000] Hierarchical RCU implementation.
[    0.000000] 	RCU dyntick-idle grace-period acceleration is enabled.
[    0.000000] NR_IRQS:2304 nr_irqs:256 16
[    0.000000] CPU 0 irqstacks, hard=f5c08000 soft=f5c0a000
[    0.000000] Extended CMOS year: 2000
[    0.000000] Console: colour VGA+ 80x25
[    0.000000] console [tty0] enabled
[    0.000000] hpet clockevent registered
[    0.000000] TSC freq read from hypervisor : 2394.620 MHz
[    0.000000] Detected 2394.620 MHz processor.
[    0.000001] Calibrating delay loop (skipped) preset value.. 4789.24 BogoMIPS (lpj=9578480)
[    0.000004] pid_max: default: 32768 minimum: 301
[    0.000018] Security Framework initialized
[    0.000032] AppArmor: AppArmor initialized
[    0.000033] Yama: becoming mindful.
[    0.000068] Mount-cache hash table entries: 512
[    0.000146] Initializing cgroup subsys cpuacct
[    0.000150] Initializing cgroup subsys memory
[    0.000154] Initializing cgroup subsys devices
[    0.000156] Initializing cgroup subsys freezer
[    0.000157] Initializing cgroup subsys blkio
[    0.000162] Initializing cgroup subsys perf_event
[    0.000205] Disabled fast string operations
[    0.000208] CPU: Physical Processor ID: 0
[    0.000217] ENERGY_PERF_BIAS: Set to 'normal', was 'performance'
[    0.000218] ENERGY_PERF_BIAS: View and update with x86_energy_perf_policy(8)
[    0.000879] mce: CPU supports 0 MCE banks
[    0.001616] SMP alternatives: switching to UP code
[    0.018556] Freeing SMP alternatives: 24k freed
[    0.018562] ACPI: Core revision 20110623
[    0.024997] ACPI: setting ELCR to 0200 (from 0e20)
[    0.026174] ftrace: allocating 26545 entries in 52 pages
[    0.046571] SMP mode deactivated.
[    0.046600] SMP disabled
[    0.046602] Performance Events: generic architected perfmon v1, core PMU driver.
[    0.046613] ... version:                1
[    0.046614] ... bit width:              48
[    0.046615] ... generic registers:      4
[    0.046616] ... value mask:             0000ffffffffffff
[    0.046618] ... max period:             000000007fffffff
[    0.046619] ... fixed-purpose events:   0
[    0.046619] ... event mask:             000000000000000f
[    0.046708] NMI watchdog enabled, takes one hw-pmu counter.
[    0.046752] Brought up 1 CPUs
[    0.046753] Total of 1 processors activated (4789.24 BogoMIPS).
[    0.046857] devtmpfs: initialized
[    0.046926] EVM: security.selinux
[    0.046927] EVM: security.SMACK64
[    0.046928] EVM: security.capability
[    0.046952] PM: Registering ACPI NVS region at 3feff000 (4096 bytes)
[    0.047663] print_constraints: dummy: 
[    0.047730] RTC time:  9:49:47, date: 05/27/13
[    0.047757] NET: Registered protocol family 16
[    0.047827] EISA bus registered
[    0.047837] ACPI: bus type pci registered
[    0.047957] PCI: MMCONFIG for domain 0000 [bus 00-ff] at [mem 0xe0000000-0xefffffff] (base 0xe0000000)
[    0.047960] PCI: MMCONFIG at [mem 0xe0000000-0xefffffff] reserved in E820
[    0.047961] PCI: Using MMCONFIG for extended config space
[    0.047962] PCI: Using configuration type 1 for base access
[    0.048655] bio: create slab <bio-0> at 0
[    0.048717] ACPI: Added _OSI(Module Device)
[    0.048718] ACPI: Added _OSI(Processor Device)
[    0.048719] ACPI: Added _OSI(3.0 _SCP Extensions)
[    0.048721] ACPI: Added _OSI(Processor Aggregator Device)
[    0.050612] ACPI: EC: Look up EC in DSDT
[    0.055063] [Firmware Bug]: ACPI: BIOS _OSI(Linux) query ignored
[    0.062585] ACPI: Interpreter enabled
[    0.062593] ACPI: (supports S0 S1 S4 S5)
[    0.062603] ACPI: Using PIC for interrupt routing
[    0.100698] ACPI: No dock devices found.
[    0.100701] HEST: Table not found.
[    0.100706] PCI: Using host bridge windows from ACPI; if necessary, use "pci=nocrs" and report a bug
[    0.101363] ACPI: PCI Root Bridge [PCI0] (domain 0000 [bus 00-ff])
[    0.102546] pci_root PNP0A03:00: host bridge window [mem 0x000a0000-0x000bffff]
[    0.102548] pci_root PNP0A03:00: host bridge window [mem 0x000cc000-0x000cffff]
[    0.102549] pci_root PNP0A03:00: host bridge window [mem 0x000d0000-0x000d3fff]
[    0.102551] pci_root PNP0A03:00: host bridge window [mem 0x000d4000-0x000d7fff]
[    0.102552] pci_root PNP0A03:00: host bridge window [mem 0x000d8000-0x000dbfff]
[    0.102554] pci_root PNP0A03:00: host bridge window [mem 0xc0000000-0xfebfffff]
[    0.102556] pci_root PNP0A03:00: host bridge window [io  0x0000-0x0cf7]
[    0.102558] pci_root PNP0A03:00: host bridge window [io  0x0d00-0xfeff]
[    0.102606] pci 0000:00:00.0: [8086:7190] type 0 class 0x000600
[    0.103012] pci 0000:00:01.0: [8086:7191] type 1 class 0x000604
[    0.103393] pci 0000:00:07.0: [8086:7110] type 0 class 0x000601
[    0.104006] pci 0000:00:07.1: [8086:7111] type 0 class 0x000101
[    0.105485] pci 0000:00:07.1: reg 20: [io  0x10c0-0x10cf]
[    0.106197] pci 0000:00:07.3: [8086:7113] type 0 class 0x000680
[    0.107795] pci 0000:00:07.3: quirk: [io  0x1000-0x103f] claimed by PIIX4 ACPI
[    0.107819] pci 0000:00:07.3: quirk: [io  0x1040-0x104f] claimed by PIIX4 SMB
[    0.108040] pci 0000:00:07.7: [15ad:0740] type 0 class 0x000880
[    0.108557] pci 0000:00:07.7: reg 10: [io  0x1080-0x10bf]
[    0.109122] pci 0000:00:07.7: reg 14: [mem 0xc8000000-0xc8001fff 64bit]
[    0.111114] pci 0000:00:0f.0: [15ad:0405] type 0 class 0x000300
[    0.113143] pci 0000:00:0f.0: reg 10: [io  0x10d0-0x10df]
[    0.115081] pci 0000:00:0f.0: reg 14: [mem 0xd0000000-0xd7ffffff pref]
[    0.117048] pci 0000:00:0f.0: reg 18: [mem 0xc8800000-0xc8ffffff]
[    0.127093] pci 0000:00:0f.0: reg 30: [mem 0x00000000-0x00007fff pref]
[    0.127487] pci 0000:00:10.0: [1000:0030] type 0 class 0x000100
[    0.128370] pci 0000:00:10.0: reg 10: [io  0x1400-0x14ff]
[    0.129482] pci 0000:00:10.0: reg 14: [mem 0xc8040000-0xc805ffff 64bit]
[    0.130455] pci 0000:00:10.0: reg 1c: [mem 0xc8020000-0xc803ffff 64bit]
[    0.131499] pci 0000:00:10.0: reg 30: [mem 0x00000000-0x00003fff pref]
[    0.131647] pci 0000:00:11.0: [15ad:0790] type 1 class 0x000604
[    0.132327] pci 0000:00:15.0: [15ad:07a0] type 1 class 0x000604
[    0.133008] pci 0000:00:15.0: PME# supported from D0 D3hot D3cold
[    0.133030] pci 0000:00:15.0: PME# disabled
[    0.133251] pci 0000:00:15.1: [15ad:07a0] type 1 class 0x000604
[    0.133931] pci 0000:00:15.1: PME# supported from D0 D3hot D3cold
[    0.133952] pci 0000:00:15.1: PME# disabled
[    0.134166] pci 0000:00:15.2: [15ad:07a0] type 1 class 0x000604
[    0.134846] pci 0000:00:15.2: PME# supported from D0 D3hot D3cold
[    0.134867] pci 0000:00:15.2: PME# disabled
[    0.135079] pci 0000:00:15.3: [15ad:07a0] type 1 class 0x000604
[    0.135793] pci 0000:00:15.3: PME# supported from D0 D3hot D3cold
[    0.135816] pci 0000:00:15.3: PME# disabled
[    0.136029] pci 0000:00:15.4: [15ad:07a0] type 1 class 0x000604
[    0.136718] pci 0000:00:15.4: PME# supported from D0 D3hot D3cold
[    0.136740] pci 0000:00:15.4: PME# disabled
[    0.136959] pci 0000:00:15.5: [15ad:07a0] type 1 class 0x000604
[    0.137642] pci 0000:00:15.5: PME# supported from D0 D3hot D3cold
[    0.137663] pci 0000:00:15.5: PME# disabled
[    0.137875] pci 0000:00:15.6: [15ad:07a0] type 1 class 0x000604
[    0.138555] pci 0000:00:15.6: PME# supported from D0 D3hot D3cold
[    0.138576] pci 0000:00:15.6: PME# disabled
[    0.138788] pci 0000:00:15.7: [15ad:07a0] type 1 class 0x000604
[    0.139475] pci 0000:00:15.7: PME# supported from D0 D3hot D3cold
[    0.139496] pci 0000:00:15.7: PME# disabled
[    0.139708] pci 0000:00:16.0: [15ad:07a0] type 1 class 0x000604
[    0.140410] pci 0000:00:16.0: PME# supported from D0 D3hot D3cold
[    0.140431] pci 0000:00:16.0: PME# disabled
[    0.140643] pci 0000:00:16.1: [15ad:07a0] type 1 class 0x000604
[    0.141323] pci 0000:00:16.1: PME# supported from D0 D3hot D3cold
[    0.141344] pci 0000:00:16.1: PME# disabled
[    0.141555] pci 0000:00:16.2: [15ad:07a0] type 1 class 0x000604
[    0.142241] pci 0000:00:16.2: PME# supported from D0 D3hot D3cold
[    0.142262] pci 0000:00:16.2: PME# disabled
[    0.142473] pci 0000:00:16.3: [15ad:07a0] type 1 class 0x000604
[    0.143159] pci 0000:00:16.3: PME# supported from D0 D3hot D3cold
[    0.143180] pci 0000:00:16.3: PME# disabled
[    0.143391] pci 0000:00:16.4: [15ad:07a0] type 1 class 0x000604
[    0.144084] pci 0000:00:16.4: PME# supported from D0 D3hot D3cold
[    0.144106] pci 0000:00:16.4: PME# disabled
[    0.144334] pci 0000:00:16.5: [15ad:07a0] type 1 class 0x000604
[    0.145011] pci 0000:00:16.5: PME# supported from D0 D3hot D3cold
[    0.145033] pci 0000:00:16.5: PME# disabled
[    0.145256] pci 0000:00:16.6: [15ad:07a0] type 1 class 0x000604
[    0.145934] pci 0000:00:16.6: PME# supported from D0 D3hot D3cold
[    0.145955] pci 0000:00:16.6: PME# disabled
[    0.146175] pci 0000:00:16.7: [15ad:07a0] type 1 class 0x000604
[    0.146853] pci 0000:00:16.7: PME# supported from D0 D3hot D3cold
[    0.146874] pci 0000:00:16.7: PME# disabled
[    0.147086] pci 0000:00:17.0: [15ad:07a0] type 1 class 0x000604
[    0.147777] pci 0000:00:17.0: PME# supported from D0 D3hot D3cold
[    0.147799] pci 0000:00:17.0: PME# disabled
[    0.148011] pci 0000:00:17.1: [15ad:07a0] type 1 class 0x000604
[    0.148698] pci 0000:00:17.1: PME# supported from D0 D3hot D3cold
[    0.148719] pci 0000:00:17.1: PME# disabled
[    0.148931] pci 0000:00:17.2: [15ad:07a0] type 1 class 0x000604
[    0.149617] pci 0000:00:17.2: PME# supported from D0 D3hot D3cold
[    0.149638] pci 0000:00:17.2: PME# disabled
[    0.149850] pci 0000:00:17.3: [15ad:07a0] type 1 class 0x000604
[    0.150549] pci 0000:00:17.3: PME# supported from D0 D3hot D3cold
[    0.150571] pci 0000:00:17.3: PME# disabled
[    0.150783] pci 0000:00:17.4: [15ad:07a0] type 1 class 0x000604
[    0.151467] pci 0000:00:17.4: PME# supported from D0 D3hot D3cold
[    0.151488] pci 0000:00:17.4: PME# disabled
[    0.151707] pci 0000:00:17.5: [15ad:07a0] type 1 class 0x000604
[    0.152407] pci 0000:00:17.5: PME# supported from D0 D3hot D3cold
[    0.152428] pci 0000:00:17.5: PME# disabled
[    0.152640] pci 0000:00:17.6: [15ad:07a0] type 1 class 0x000604
[    0.153325] pci 0000:00:17.6: PME# supported from D0 D3hot D3cold
[    0.153346] pci 0000:00:17.6: PME# disabled
[    0.153557] pci 0000:00:17.7: [15ad:07a0] type 1 class 0x000604
[    0.154242] pci 0000:00:17.7: PME# supported from D0 D3hot D3cold
[    0.154263] pci 0000:00:17.7: PME# disabled
[    0.154476] pci 0000:00:18.0: [15ad:07a0] type 1 class 0x000604
[    0.155165] pci 0000:00:18.0: PME# supported from D0 D3hot D3cold
[    0.155186] pci 0000:00:18.0: PME# disabled
[    0.155398] pci 0000:00:18.1: [15ad:07a0] type 1 class 0x000604
[    0.156090] pci 0000:00:18.1: PME# supported from D0 D3hot D3cold
[    0.156113] pci 0000:00:18.1: PME# disabled
[    0.156325] pci 0000:00:18.2: [15ad:07a0] type 1 class 0x000604
[    0.157003] pci 0000:00:18.2: PME# supported from D0 D3hot D3cold
[    0.157024] pci 0000:00:18.2: PME# disabled
[    0.157244] pci 0000:00:18.3: [15ad:07a0] type 1 class 0x000604
[    0.157922] pci 0000:00:18.3: PME# supported from D0 D3hot D3cold
[    0.157943] pci 0000:00:18.3: PME# disabled
[    0.158182] pci 0000:00:18.4: [15ad:07a0] type 1 class 0x000604
[    0.158894] pci 0000:00:18.4: PME# supported from D0 D3hot D3cold
[    0.158915] pci 0000:00:18.4: PME# disabled
[    0.159144] pci 0000:00:18.5: [15ad:07a0] type 1 class 0x000604
[    0.159839] pci 0000:00:18.5: PME# supported from D0 D3hot D3cold
[    0.159861] pci 0000:00:18.5: PME# disabled
[    0.160075] pci 0000:00:18.6: [15ad:07a0] type 1 class 0x000604
[    0.160761] pci 0000:00:18.6: PME# supported from D0 D3hot D3cold
[    0.160783] pci 0000:00:18.6: PME# disabled
[    0.160996] pci 0000:00:18.7: [15ad:07a0] type 1 class 0x000604
[    0.161682] pci 0000:00:18.7: PME# supported from D0 D3hot D3cold
[    0.161704] pci 0000:00:18.7: PME# disabled
[    0.162249] pci 0000:00:01.0: PCI bridge to [bus 01-01]
[    0.162530] pci 0000:02:00.0: [15ad:0774] type 0 class 0x000c03
[    0.163810] pci 0000:02:00.0: reg 20: [io  0x20c0-0x20df]
[    0.164422] pci 0000:02:01.0: [1022:2000] type 0 class 0x000200
[    0.164693] pci 0000:02:01.0: reg 10: [io  0x2000-0x207f]
[    0.166159] pci 0000:02:01.0: reg 30: [mem 0x00000000-0x0000ffff pref]
[    0.166277] pci 0000:02:02.0: [1274:1371] type 0 class 0x000401
[    0.166593] pci 0000:02:02.0: reg 10: [io  0x2080-0x20bf]
[    0.168429] pci 0000:02:03.0: [15ad:0770] type 0 class 0x000c03
[    0.168683] pci 0000:02:03.0: reg 10: [mem 0xc9000000-0xc9000fff]
[    0.170308] pci 0000:00:11.0: PCI bridge to [bus 02-02] (subtractive decode)
[    0.170329] pci 0000:00:11.0:   bridge window [io  0x2000-0x3fff]
[    0.170350] pci 0000:00:11.0:   bridge window [mem 0xc9000000-0xca3fffff]
[    0.170389] pci 0000:00:11.0:   bridge window [mem 0xd8400000-0xd89fffff 64bit pref]
[    0.170391] pci 0000:00:11.0:   bridge window [mem 0x000a0000-0x000bffff] (subtractive decode)
[    0.170392] pci 0000:00:11.0:   bridge window [mem 0x000cc000-0x000cffff] (subtractive decode)
[    0.170394] pci 0000:00:11.0:   bridge window [mem 0x000d0000-0x000d3fff] (subtractive decode)
[    0.170396] pci 0000:00:11.0:   bridge window [mem 0x000d4000-0x000d7fff] (subtractive decode)
[    0.170397] pci 0000:00:11.0:   bridge window [mem 0x000d8000-0x000dbfff] (subtractive decode)
[    0.170399] pci 0000:00:11.0:   bridge window [mem 0xc0000000-0xfebfffff] (subtractive decode)
[    0.170401] pci 0000:00:11.0:   bridge window [io  0x0000-0x0cf7] (subtractive decode)
[    0.170402] pci 0000:00:11.0:   bridge window [io  0x0d00-0xfeff] (subtractive decode)
[    0.170816] pci 0000:00:15.0: PCI bridge to [bus 03-03]
[    0.170836] pci 0000:00:15.0:   bridge window [io  0x4000-0x4fff]
[    0.170857] pci 0000:00:15.0:   bridge window [mem 0xca400000-0xca4fffff]
[    0.170896] pci 0000:00:15.0:   bridge window [mem 0xd8a00000-0xd8afffff 64bit pref]
[    0.171309] pci 0000:00:15.1: PCI bridge to [bus 04-04]
[    0.171330] pci 0000:00:15.1:   bridge window [io  0x8000-0x8fff]
[    0.171350] pci 0000:00:15.1:   bridge window [mem 0xca800000-0xca8fffff]
[    0.171389] pci 0000:00:15.1:   bridge window [mem 0xd8e00000-0xd8efffff 64bit pref]
[    0.171815] pci 0000:00:15.2: PCI bridge to [bus 05-05]
[    0.171836] pci 0000:00:15.2:   bridge window [io  0xc000-0xcfff]
[    0.171856] pci 0000:00:15.2:   bridge window [mem 0xcac00000-0xcacfffff]
[    0.171895] pci 0000:00:15.2:   bridge window [mem 0xd9200000-0xd92fffff 64bit pref]
[    0.172318] pci 0000:00:15.3: PCI bridge to [bus 06-06]
[    0.172357] pci 0000:00:15.3:   bridge window [mem 0xcb000000-0xcb0fffff]
[    0.172396] pci 0000:00:15.3:   bridge window [mem 0xd9600000-0xd96fffff 64bit pref]
[    0.172809] pci 0000:00:15.4: PCI bridge to [bus 07-07]
[    0.172848] pci 0000:00:15.4:   bridge window [mem 0xcb400000-0xcb4fffff]
[    0.172886] pci 0000:00:15.4:   bridge window [mem 0xd9a00000-0xd9afffff 64bit pref]
[    0.173305] pci 0000:00:15.5: PCI bridge to [bus 08-08]
[    0.173344] pci 0000:00:15.5:   bridge window [mem 0xcb800000-0xcb8fffff]
[    0.173384] pci 0000:00:15.5:   bridge window [mem 0xd9e00000-0xd9efffff 64bit pref]
[    0.173795] pci 0000:00:15.6: PCI bridge to [bus 09-09]
[    0.173834] pci 0000:00:15.6:   bridge window [mem 0xcbc00000-0xcbcfffff]
[    0.173872] pci 0000:00:15.6:   bridge window [mem 0xda200000-0xda2fffff 64bit pref]
[    0.174284] pci 0000:00:15.7: PCI bridge to [bus 0a-0a]
[    0.174323] pci 0000:00:15.7:   bridge window [mem 0xcc000000-0xcc0fffff]
[    0.174362] pci 0000:00:15.7:   bridge window [mem 0xda600000-0xda6fffff 64bit pref]
[    0.174771] pci 0000:00:16.0: PCI bridge to [bus 0b-0b]
[    0.174791] pci 0000:00:16.0:   bridge window [io  0x5000-0x5fff]
[    0.174812] pci 0000:00:16.0:   bridge window [mem 0xca500000-0xca5fffff]
[    0.174852] pci 0000:00:16.0:   bridge window [mem 0xd8b00000-0xd8bfffff 64bit pref]
[    0.175272] pci 0000:00:16.1: PCI bridge to [bus 0c-0c]
[    0.175292] pci 0000:00:16.1:   bridge window [io  0x9000-0x9fff]
[    0.175313] pci 0000:00:16.1:   bridge window [mem 0xca900000-0xca9fffff]
[    0.175352] pci 0000:00:16.1:   bridge window [mem 0xd8f00000-0xd8ffffff 64bit pref]
[    0.175778] pci 0000:00:16.2: PCI bridge to [bus 0d-0d]
[    0.175799] pci 0000:00:16.2:   bridge window [io  0xd000-0xdfff]
[    0.175820] pci 0000:00:16.2:   bridge window [mem 0xcad00000-0xcadfffff]
[    0.175860] pci 0000:00:16.2:   bridge window [mem 0xd9300000-0xd93fffff 64bit pref]
[    0.176283] pci 0000:00:16.3: PCI bridge to [bus 0e-0e]
[    0.176322] pci 0000:00:16.3:   bridge window [mem 0xcb100000-0xcb1fffff]
[    0.176361] pci 0000:00:16.3:   bridge window [mem 0xd9700000-0xd97fffff 64bit pref]
[    0.176772] pci 0000:00:16.4: PCI bridge to [bus 0f-0f]
[    0.176811] pci 0000:00:16.4:   bridge window [mem 0xcb500000-0xcb5fffff]
[    0.176849] pci 0000:00:16.4:   bridge window [mem 0xd9b00000-0xd9bfffff 64bit pref]
[    0.177262] pci 0000:00:16.5: PCI bridge to [bus 10-10]
[    0.177300] pci 0000:00:16.5:   bridge window [mem 0xcb900000-0xcb9fffff]
[    0.177339] pci 0000:00:16.5:   bridge window [mem 0xd9f00000-0xd9ffffff 64bit pref]
[    0.177749] pci 0000:00:16.6: PCI bridge to [bus 11-11]
[    0.177788] pci 0000:00:16.6:   bridge window [mem 0xcbd00000-0xcbdfffff]
[    0.177827] pci 0000:00:16.6:   bridge window [mem 0xda300000-0xda3fffff 64bit pref]
[    0.178245] pci 0000:00:16.7: PCI bridge to [bus 12-12]
[    0.178284] pci 0000:00:16.7:   bridge window [mem 0xcc100000-0xcc1fffff]
[    0.178323] pci 0000:00:16.7:   bridge window [mem 0xda700000-0xda7fffff 64bit pref]
[    0.178733] pci 0000:00:17.0: PCI bridge to [bus 13-13]
[    0.178754] pci 0000:00:17.0:   bridge window [io  0x6000-0x6fff]
[    0.178774] pci 0000:00:17.0:   bridge window [mem 0xca600000-0xca6fffff]
[    0.178813] pci 0000:00:17.0:   bridge window [mem 0xd8c00000-0xd8cfffff 64bit pref]
[    0.179223] pci 0000:00:17.1: PCI bridge to [bus 14-14]
[    0.179243] pci 0000:00:17.1:   bridge window [io  0xa000-0xafff]
[    0.179264] pci 0000:00:17.1:   bridge window [mem 0xcaa00000-0xcaafffff]
[    0.179303] pci 0000:00:17.1:   bridge window [mem 0xd9000000-0xd90fffff 64bit pref]
[    0.179727] pci 0000:00:17.2: PCI bridge to [bus 15-15]
[    0.179749] pci 0000:00:17.2:   bridge window [io  0xe000-0xefff]
[    0.179770] pci 0000:00:17.2:   bridge window [mem 0xcae00000-0xcaefffff]
[    0.179810] pci 0000:00:17.2:   bridge window [mem 0xd9400000-0xd94fffff 64bit pref]
[    0.180251] pci 0000:00:17.3: PCI bridge to [bus 16-16]
[    0.180290] pci 0000:00:17.3:   bridge window [mem 0xcb200000-0xcb2fffff]
[    0.180330] pci 0000:00:17.3:   bridge window [mem 0xd9800000-0xd98fffff 64bit pref]
[    0.180743] pci 0000:00:17.4: PCI bridge to [bus 17-17]
[    0.180782] pci 0000:00:17.4:   bridge window [mem 0xcb600000-0xcb6fffff]
[    0.180821] pci 0000:00:17.4:   bridge window [mem 0xd9c00000-0xd9cfffff 64bit pref]
[    0.181239] pci 0000:00:17.5: PCI bridge to [bus 18-18]
[    0.181278] pci 0000:00:17.5:   bridge window [mem 0xcba00000-0xcbafffff]
[    0.181317] pci 0000:00:17.5:   bridge window [mem 0xda000000-0xda0fffff 64bit pref]
[    0.181727] pci 0000:00:17.6: PCI bridge to [bus 19-19]
[    0.181766] pci 0000:00:17.6:   bridge window [mem 0xcbe00000-0xcbefffff]
[    0.181805] pci 0000:00:17.6:   bridge window [mem 0xda400000-0xda4fffff 64bit pref]
[    0.182232] pci 0000:00:17.7: PCI bridge to [bus 1a-1a]
[    0.182271] pci 0000:00:17.7:   bridge window [mem 0xcc200000-0xcc2fffff]
[    0.182310] pci 0000:00:17.7:   bridge window [mem 0xda800000-0xda8fffff 64bit pref]
[    0.182722] pci 0000:00:18.0: PCI bridge to [bus 1b-1b]
[    0.182742] pci 0000:00:18.0:   bridge window [io  0x7000-0x7fff]
[    0.182763] pci 0000:00:18.0:   bridge window [mem 0xca700000-0xca7fffff]
[    0.182801] pci 0000:00:18.0:   bridge window [mem 0xd8d00000-0xd8dfffff 64bit pref]
[    0.183219] pci 0000:00:18.1: PCI bridge to [bus 1c-1c]
[    0.183239] pci 0000:00:18.1:   bridge window [io  0xb000-0xbfff]
[    0.183260] pci 0000:00:18.1:   bridge window [mem 0xcab00000-0xcabfffff]
[    0.183299] pci 0000:00:18.1:   bridge window [mem 0xd9100000-0xd91fffff 64bit pref]
[    0.183724] pci 0000:00:18.2: PCI bridge to [bus 1d-1d]
[    0.183744] pci 0000:00:18.2:   bridge window [io  0xf000-0xffff]
[    0.183765] pci 0000:00:18.2:   bridge window [mem 0xcaf00000-0xcaffffff]
[    0.183804] pci 0000:00:18.2:   bridge window [mem 0xd9500000-0xd95fffff 64bit pref]
[    0.184227] pci 0000:00:18.3: PCI bridge to [bus 1e-1e]
[    0.184266] pci 0000:00:18.3:   bridge window [mem 0xcb300000-0xcb3fffff]
[    0.184304] pci 0000:00:18.3:   bridge window [mem 0xd9900000-0xd99fffff 64bit pref]
[    0.184716] pci 0000:00:18.4: PCI bridge to [bus 1f-1f]
[    0.184755] pci 0000:00:18.4:   bridge window [mem 0xcb700000-0xcb7fffff]
[    0.184794] pci 0000:00:18.4:   bridge window [mem 0xd9d00000-0xd9dfffff 64bit pref]
[    0.185212] pci 0000:00:18.5: PCI bridge to [bus 20-20]
[    0.185250] pci 0000:00:18.5:   bridge window [mem 0xcbb00000-0xcbbfffff]
[    0.185290] pci 0000:00:18.5:   bridge window [mem 0xda100000-0xda1fffff 64bit pref]
[    0.185701] pci 0000:00:18.6: PCI bridge to [bus 21-21]
[    0.185740] pci 0000:00:18.6:   bridge window [mem 0xcbf00000-0xcbffffff]
[    0.185779] pci 0000:00:18.6:   bridge window [mem 0xda500000-0xda5fffff 64bit pref]
[    0.186198] pci 0000:00:18.7: PCI bridge to [bus 22-22]
[    0.186237] pci 0000:00:18.7:   bridge window [mem 0xcc300000-0xcc3fffff]
[    0.186276] pci 0000:00:18.7:   bridge window [mem 0xda900000-0xda9fffff 64bit pref]
[    0.187848] pci_bus 0000:00: on NUMA node 0
[    0.187854] ACPI: PCI Interrupt Routing Table [\_SB_.PCI0._PRT]
[    0.188448]  pci0000:00: Requesting ACPI _OSC control (0x1d)
[    0.188643]  pci0000:00: ACPI _OSC control (0x15) granted
[    0.261935] ACPI: PCI Interrupt Link [LNKA] (IRQs 3 4 5 6 7 *9 10 11 14 15)
[    0.262011] ACPI: PCI Interrupt Link [LNKB] (IRQs 3 4 5 6 7 9 10 *11 14 15)
[    0.262072] ACPI: PCI Interrupt Link [LNKC] (IRQs 3 4 5 6 7 9 *10 11 14 15)
[    0.262132] ACPI: PCI Interrupt Link [LNKD] (IRQs 3 4 *5 6 7 9 10 11 14 15)
[    0.262260] vgaarb: device added: PCI:0000:00:0f.0,decodes=io+mem,owns=io+mem,locks=none
[    0.262269] vgaarb: loaded
[    0.262270] vgaarb: bridge control possible 0000:00:0f.0
[    0.262346] i2c-core: driver [aat2870] using legacy suspend method
[    0.262348] i2c-core: driver [aat2870] using legacy resume method
[    0.262409] SCSI subsystem initialized
[    0.262445] libata version 3.00 loaded.
[    0.262474] usbcore: registered new interface driver usbfs
[    0.262483] usbcore: registered new interface driver hub
[    0.262504] usbcore: registered new device driver usb
[    0.262565] PCI: Using ACPI for IRQ routing
[    0.332865] PCI: pci_cache_line_size set to 64 bytes
[    0.332887] pci 0000:00:18.2: no compatible bridge window for [io  0xf000-0xffff]
[    0.333809] reserve RAM buffer: 000000000009f000 - 000000000009ffff 
[    0.333811] reserve RAM buffer: 000000003fee0000 - 000000003fffffff 
[    0.333912] NetLabel: Initializing
[    0.333913] NetLabel:  domain hash size = 128
[    0.333914] NetLabel:  protocols = UNLABELED CIPSOv4
[    0.333922] NetLabel:  unlabeled traffic allowed by default
[    0.333975] hpet0: at MMIO 0xfed00000, IRQs 2, 8, 0, 0, 0, 0, 0, 0, 0, 0, 0, 0, 0, 0, 0, 0
[    0.333981] hpet0: 16 comparators, 64-bit 14.318180 MHz counter
[    0.336011] Switching to clocksource hpet
[    0.341284] AppArmor: AppArmor Filesystem Enabled
[    0.341301] pnp: PnP ACPI init
[    0.341316] ACPI: bus type pnp registered
[    0.341920] pnp 00:00: [bus 00-ff]
[    0.341922] pnp 00:00: [mem 0x000a0000-0x000bffff window]
[    0.341924] pnp 00:00: [mem 0x000c0000-0x000c3fff window]
[    0.341925] pnp 00:00: [mem 0x000c4000-0x000c7fff window]
[    0.341927] pnp 00:00: [mem 0x000c8000-0x000cbfff window]
[    0.341928] pnp 00:00: [mem 0x000cc000-0x000cffff window]
[    0.341929] pnp 00:00: [mem 0x000d0000-0x000d3fff window]
[    0.341931] pnp 00:00: [mem 0x000d4000-0x000d7fff window]
[    0.341932] pnp 00:00: [mem 0x000d8000-0x000dbfff window]
[    0.341934] pnp 00:00: [mem 0x000dc000-0x000dffff window]
[    0.341935] pnp 00:00: [mem 0x000e0000-0x000e3fff window]
[    0.341937] pnp 00:00: [mem 0x000e4000-0x000e7fff window]
[    0.341938] pnp 00:00: [mem 0x000e8000-0x000ebfff window]
[    0.341939] pnp 00:00: [mem 0x000ec000-0x000effff window]
[    0.341941] pnp 00:00: [mem 0xc0000000-0xfebfffff window]
[    0.341943] pnp 00:00: [io  0x0cf8-0x0cff]
[    0.341944] pnp 00:00: [io  0x0000-0x0cf7 window]
[    0.341945] pnp 00:00: [io  0x0d00-0xfeff window]
[    0.341981] pnp 00:00: Plug and Play ACPI device, IDs PNP0a03 PNP0a08 (active)
[    0.342041] pnp 00:01: [io  0x0010-0x001f]
[    0.342043] pnp 00:01: [io  0x0024-0x0025]
[    0.342044] pnp 00:01: [io  0x0028-0x0029]
[    0.342045] pnp 00:01: [io  0x002c-0x002d]
[    0.342046] pnp 00:01: [io  0x002e-0x002f]
[    0.342047] pnp 00:01: [io  0x0030-0x0031]
[    0.342048] pnp 00:01: [io  0x0034-0x0035]
[    0.342050] pnp 00:01: [io  0x0038-0x0039]
[    0.342051] pnp 00:01: [io  0x003c-0x003d]
[    0.342052] pnp 00:01: [io  0x0050-0x0053]
[    0.342053] pnp 00:01: [io  0x0072-0x0077]
[    0.342054] pnp 00:01: [io  0x0080]
[    0.342055] pnp 00:01: [io  0x0090-0x009f]
[    0.342056] pnp 00:01: [io  0x00a4-0x00a5]
[    0.342058] pnp 00:01: [io  0x00a8-0x00a9]
[    0.342059] pnp 00:01: [io  0x00ac-0x00ad]
[    0.342060] pnp 00:01: [io  0x00b0-0x00b5]
[    0.342061] pnp 00:01: [io  0x00b8-0x00b9]
[    0.342062] pnp 00:01: [io  0x00bc-0x00bd]
[    0.342064] pnp 00:01: [io  0x1000-0x103f]
[    0.342065] pnp 00:01: [io  0x1040-0x104f]
[    0.342066] pnp 00:01: [io  0x0cf0-0x0cf1]
[    0.342121] system 00:01: [io  0x1000-0x103f] has been reserved
[    0.342125] system 00:01: [io  0x1040-0x104f] has been reserved
[    0.342127] system 00:01: [io  0x0cf0-0x0cf1] has been reserved
[    0.342130] system 00:01: Plug and Play ACPI device, IDs PNP0c02 (active)
[    0.342136] pnp 00:02: [io  0x0000-0x000f]
[    0.342137] pnp 00:02: [io  0x0081-0x008f]
[    0.342138] pnp 00:02: [io  0x00c0-0x00df]
[    0.342140] pnp 00:02: [dma 4]
[    0.342155] pnp 00:02: Plug and Play ACPI device, IDs PNP0200 (active)
[    0.342161] pnp 00:03: [io  0x0020-0x0021]
[    0.342162] pnp 00:03: [io  0x00a0-0x00a1]
[    0.342163] pnp 00:03: [io  0x04d0-0x04d1]
[    0.342165] pnp 00:03: [irq 2 disabled]
[    0.342180] pnp 00:03: Plug and Play ACPI device, IDs PNP0001 (active)
[    0.342186] pnp 00:04: [io  0x0070-0x0071]
[    0.342188] pnp 00:04: [irq 8]
[    0.342201] pnp 00:04: Plug and Play ACPI device, IDs PNP0b00 (active)
[    0.342205] pnp 00:05: [io  0x0061]
[    0.342217] pnp 00:05: Plug and Play ACPI device, IDs PNP0800 (active)
[    0.342222] pnp 00:06: [io  0x0060]
[    0.342223] pnp 00:06: [io  0x0064]
[    0.342225] pnp 00:06: [irq 1]
[    0.342239] pnp 00:06: Plug and Play ACPI device, IDs PNP0303 (active)
[    0.342245] pnp 00:07: [irq 12]
[    0.342257] pnp 00:07: Plug and Play ACPI device, IDs PNP0f13 (active)
[    0.342408] pnp 00:08: [mem 0xfed00000-0xfed003ff]
[    0.342442] system 00:08: [mem 0xfed00000-0xfed003ff] has been reserved
[    0.342444] system 00:08: Plug and Play ACPI device, IDs PNP0103 PNP0c01 (active)
[    0.346612] pnp 00:09: [io  0x0378-0x037f]
[    0.346615] pnp 00:09: [irq 7]
[    0.347714] pnp 00:09: Plug and Play ACPI device, IDs PNP0400 (active)
[    0.351483] pnp 00:0a: [io  0x03f8-0x03ff]
[    0.351485] pnp 00:0a: [irq 4]
[    0.352566] pnp 00:0a: Plug and Play ACPI device, IDs PNP0501 (active)
[    0.355719] pnp 00:0b: [io  0x02f8-0x02ff]
[    0.355722] pnp 00:0b: [irq 3]
[    0.356837] pnp 00:0b: Plug and Play ACPI device, IDs PNP0501 (active)
[    0.361612] pnp 00:0c: [io  0x03f0-0x03f5]
[    0.361614] pnp 00:0c: [io  0x03f7]
[    0.361616] pnp 00:0c: [irq 6]
[    0.361618] pnp 00:0c: [dma 2]
[    0.362594] pnp 00:0c: Plug and Play ACPI device, IDs PNP0700 (active)
[    0.362748] pnp 00:0d: [mem 0xe0000000-0xefffffff]
[    0.362749] pnp 00:0d: [io  0x1060-0x107f]
[    0.362751] pnp 00:0d: [mem 0xc8200000-0xc83fffff]
[    0.362791] system 00:0d: [io  0x1060-0x107f] has been reserved
[    0.362794] system 00:0d: [mem 0xe0000000-0xefffffff] has been reserved
[    0.362796] system 00:0d: [mem 0xc8200000-0xc83fffff] has been reserved
[    0.362798] system 00:0d: Plug and Play ACPI device, IDs PNP0c02 (active)
[    0.367325] pnp: PnP ACPI: found 14 devices
[    0.367326] ACPI: ACPI bus type pnp unregistered
[    0.367329] PnPBIOS: Disabled by ACPI PNP
[    0.402978] PCI: max bus depth: 1 pci_try_num: 2
[    0.403951] pci 0000:00:0f.0: BAR 6: assigned [mem 0xc0000000-0xc0007fff pref]
[    0.403956] pci 0000:00:10.0: BAR 6: assigned [mem 0xc0008000-0xc000bfff pref]
[    0.403960] pci 0000:00:18.7: BAR 13: can't assign io (size 0x1000)
[    0.403964] pci 0000:00:18.6: BAR 13: can't assign io (size 0x1000)
[    0.403967] pci 0000:00:18.5: BAR 13: can't assign io (size 0x1000)
[    0.403970] pci 0000:00:18.4: BAR 13: can't assign io (size 0x1000)
[    0.403973] pci 0000:00:18.3: BAR 13: can't assign io (size 0x1000)
[    0.403976] pci 0000:00:18.2: BAR 13: can't assign io (size 0x1000)
[    0.403979] pci 0000:00:17.7: BAR 13: can't assign io (size 0x1000)
[    0.403982] pci 0000:00:17.6: BAR 13: can't assign io (size 0x1000)
[    0.403985] pci 0000:00:17.5: BAR 13: can't assign io (size 0x1000)
[    0.403988] pci 0000:00:17.4: BAR 13: can't assign io (size 0x1000)
[    0.403991] pci 0000:00:17.3: BAR 13: can't assign io (size 0x1000)
[    0.403994] pci 0000:00:16.7: BAR 13: can't assign io (size 0x1000)
[    0.403997] pci 0000:00:16.6: BAR 13: can't assign io (size 0x1000)
[    0.404000] pci 0000:00:16.5: BAR 13: can't assign io (size 0x1000)
[    0.404003] pci 0000:00:16.4: BAR 13: can't assign io (size 0x1000)
[    0.404006] pci 0000:00:16.3: BAR 13: can't assign io (size 0x1000)
[    0.404009] pci 0000:00:15.7: BAR 13: can't assign io (size 0x1000)
[    0.404012] pci 0000:00:15.6: BAR 13: can't assign io (size 0x1000)
[    0.404015] pci 0000:00:15.5: BAR 13: can't assign io (size 0x1000)
[    0.404018] pci 0000:00:15.4: BAR 13: can't assign io (size 0x1000)
[    0.404020] pci 0000:00:15.3: BAR 13: can't assign io (size 0x1000)
[    0.404023] pci 0000:00:01.0: PCI bridge to [bus 01-01]
[    0.404050] pci 0000:02:01.0: BAR 6: assigned [mem 0xd8400000-0xd840ffff pref]
[    0.404053] pci 0000:00:11.0: PCI bridge to [bus 02-02]
[    0.404066] pci 0000:00:11.0:   bridge window [io  0x2000-0x3fff]
[    0.404093] pci 0000:00:11.0:   bridge window [mem 0xc9000000-0xca3fffff]
[    0.404115] pci 0000:00:11.0:   bridge window [mem 0xd8400000-0xd89fffff 64bit pref]
[    0.404142] pci 0000:00:15.0: PCI bridge to [bus 03-03]
[    0.404154] pci 0000:00:15.0:   bridge window [io  0x4000-0x4fff]
[    0.404181] pci 0000:00:15.0:   bridge window [mem 0xca400000-0xca4fffff]
[    0.404203] pci 0000:00:15.0:   bridge window [mem 0xd8a00000-0xd8afffff 64bit pref]
[    0.404230] pci 0000:00:15.1: PCI bridge to [bus 04-04]
[    0.404243] pci 0000:00:15.1:   bridge window [io  0x8000-0x8fff]
[    0.404270] pci 0000:00:15.1:   bridge window [mem 0xca800000-0xca8fffff]
[    0.404292] pci 0000:00:15.1:   bridge window [mem 0xd8e00000-0xd8efffff 64bit pref]
[    0.404319] pci 0000:00:15.2: PCI bridge to [bus 05-05]
[    0.404331] pci 0000:00:15.2:   bridge window [io  0xc000-0xcfff]
[    0.404358] pci 0000:00:15.2:   bridge window [mem 0xcac00000-0xcacfffff]
[    0.404380] pci 0000:00:15.2:   bridge window [mem 0xd9200000-0xd92fffff 64bit pref]
[    0.404407] pci 0000:00:15.3: PCI bridge to [bus 06-06]
[    0.404434] pci 0000:00:15.3:   bridge window [mem 0xcb000000-0xcb0fffff]
[    0.404456] pci 0000:00:15.3:   bridge window [mem 0xd9600000-0xd96fffff 64bit pref]
[    0.404483] pci 0000:00:15.4: PCI bridge to [bus 07-07]
[    0.404510] pci 0000:00:15.4:   bridge window [mem 0xcb400000-0xcb4fffff]
[    0.404532] pci 0000:00:15.4:   bridge window [mem 0xd9a00000-0xd9afffff 64bit pref]
[    0.404559] pci 0000:00:15.5: PCI bridge to [bus 08-08]
[    0.404586] pci 0000:00:15.5:   bridge window [mem 0xcb800000-0xcb8fffff]
[    0.404607] pci 0000:00:15.5:   bridge window [mem 0xd9e00000-0xd9efffff 64bit pref]
[    0.404635] pci 0000:00:15.6: PCI bridge to [bus 09-09]
[    0.404662] pci 0000:00:15.6:   bridge window [mem 0xcbc00000-0xcbcfffff]
[    0.404683] pci 0000:00:15.6:   bridge window [mem 0xda200000-0xda2fffff 64bit pref]
[    0.404711] pci 0000:00:15.7: PCI bridge to [bus 0a-0a]
[    0.404738] pci 0000:00:15.7:   bridge window [mem 0xcc000000-0xcc0fffff]
[    0.404759] pci 0000:00:15.7:   bridge window [mem 0xda600000-0xda6fffff 64bit pref]
[    0.404786] pci 0000:00:16.0: PCI bridge to [bus 0b-0b]
[    0.404799] pci 0000:00:16.0:   bridge window [io  0x5000-0x5fff]
[    0.404826] pci 0000:00:16.0:   bridge window [mem 0xca500000-0xca5fffff]
[    0.404848] pci 0000:00:16.0:   bridge window [mem 0xd8b00000-0xd8bfffff 64bit pref]
[    0.404875] pci 0000:00:16.1: PCI bridge to [bus 0c-0c]
[    0.404888] pci 0000:00:16.1:   bridge window [io  0x9000-0x9fff]
[    0.404915] pci 0000:00:16.1:   bridge window [mem 0xca900000-0xca9fffff]
[    0.404936] pci 0000:00:16.1:   bridge window [mem 0xd8f00000-0xd8ffffff 64bit pref]
[    0.404963] pci 0000:00:16.2: PCI bridge to [bus 0d-0d]
[    0.404976] pci 0000:00:16.2:   bridge window [io  0xd000-0xdfff]
[    0.405003] pci 0000:00:16.2:   bridge window [mem 0xcad00000-0xcadfffff]
[    0.405025] pci 0000:00:16.2:   bridge window [mem 0xd9300000-0xd93fffff 64bit pref]
[    0.405052] pci 0000:00:16.3: PCI bridge to [bus 0e-0e]
[    0.405079] pci 0000:00:16.3:   bridge window [mem 0xcb100000-0xcb1fffff]
[    0.405101] pci 0000:00:16.3:   bridge window [mem 0xd9700000-0xd97fffff 64bit pref]
[    0.405128] pci 0000:00:16.4: PCI bridge to [bus 0f-0f]
[    0.405155] pci 0000:00:16.4:   bridge window [mem 0xcb500000-0xcb5fffff]
[    0.405177] pci 0000:00:16.4:   bridge window [mem 0xd9b00000-0xd9bfffff 64bit pref]
[    0.405204] pci 0000:00:16.5: PCI bridge to [bus 10-10]
[    0.405231] pci 0000:00:16.5:   bridge window [mem 0xcb900000-0xcb9fffff]
[    0.405253] pci 0000:00:16.5:   bridge window [mem 0xd9f00000-0xd9ffffff 64bit pref]
[    0.405280] pci 0000:00:16.6: PCI bridge to [bus 11-11]
[    0.405307] pci 0000:00:16.6:   bridge window [mem 0xcbd00000-0xcbdfffff]
[    0.405329] pci 0000:00:16.6:   bridge window [mem 0xda300000-0xda3fffff 64bit pref]
[    0.405356] pci 0000:00:16.7: PCI bridge to [bus 12-12]
[    0.405383] pci 0000:00:16.7:   bridge window [mem 0xcc100000-0xcc1fffff]
[    0.405405] pci 0000:00:16.7:   bridge window [mem 0xda700000-0xda7fffff 64bit pref]
[    0.405432] pci 0000:00:17.0: PCI bridge to [bus 13-13]
[    0.405459] pci 0000:00:17.0:   bridge window [io  0x6000-0x6fff]
[    0.405486] pci 0000:00:17.0:   bridge window [mem 0xca600000-0xca6fffff]
[    0.405508] pci 0000:00:17.0:   bridge window [mem 0xd8c00000-0xd8cfffff 64bit pref]
[    0.405535] pci 0000:00:17.1: PCI bridge to [bus 14-14]
[    0.405548] pci 0000:00:17.1:   bridge window [io  0xa000-0xafff]
[    0.405575] pci 0000:00:17.1:   bridge window [mem 0xcaa00000-0xcaafffff]
[    0.405596] pci 0000:00:17.1:   bridge window [mem 0xd9000000-0xd90fffff 64bit pref]
[    0.405624] pci 0000:00:17.2: PCI bridge to [bus 15-15]
[    0.405636] pci 0000:00:17.2:   bridge window [io  0xe000-0xefff]
[    0.405663] pci 0000:00:17.2:   bridge window [mem 0xcae00000-0xcaefffff]
[    0.405685] pci 0000:00:17.2:   bridge window [mem 0xd9400000-0xd94fffff 64bit pref]
[    0.405712] pci 0000:00:17.3: PCI bridge to [bus 16-16]
[    0.405739] pci 0000:00:17.3:   bridge window [mem 0xcb200000-0xcb2fffff]
[    0.405760] pci 0000:00:17.3:   bridge window [mem 0xd9800000-0xd98fffff 64bit pref]
[    0.405787] pci 0000:00:17.4: PCI bridge to [bus 17-17]
[    0.405815] pci 0000:00:17.4:   bridge window [mem 0xcb600000-0xcb6fffff]
[    0.405836] pci 0000:00:17.4:   bridge window [mem 0xd9c00000-0xd9cfffff 64bit pref]
[    0.405864] pci 0000:00:17.5: PCI bridge to [bus 18-18]
[    0.405891] pci 0000:00:17.5:   bridge window [mem 0xcba00000-0xcbafffff]
[    0.405913] pci 0000:00:17.5:   bridge window [mem 0xda000000-0xda0fffff 64bit pref]
[    0.405940] pci 0000:00:17.6: PCI bridge to [bus 19-19]
[    0.405967] pci 0000:00:17.6:   bridge window [mem 0xcbe00000-0xcbefffff]
[    0.405988] pci 0000:00:17.6:   bridge window [mem 0xda400000-0xda4fffff 64bit pref]
[    0.406015] pci 0000:00:17.7: PCI bridge to [bus 1a-1a]
[    0.406043] pci 0000:00:17.7:   bridge window [mem 0xcc200000-0xcc2fffff]
[    0.406064] pci 0000:00:17.7:   bridge window [mem 0xda800000-0xda8fffff 64bit pref]
[    0.406092] pci 0000:00:18.0: PCI bridge to [bus 1b-1b]
[    0.406104] pci 0000:00:18.0:   bridge window [io  0x7000-0x7fff]
[    0.406132] pci 0000:00:18.0:   bridge window [mem 0xca700000-0xca7fffff]
[    0.406153] pci 0000:00:18.0:   bridge window [mem 0xd8d00000-0xd8dfffff 64bit pref]
[    0.406181] pci 0000:00:18.1: PCI bridge to [bus 1c-1c]
[    0.406194] pci 0000:00:18.1:   bridge window [io  0xb000-0xbfff]
[    0.406221] pci 0000:00:18.1:   bridge window [mem 0xcab00000-0xcabfffff]
[    0.406247] pci 0000:00:18.1:   bridge window [mem 0xd9100000-0xd91fffff 64bit pref]
[    0.406274] pci 0000:00:18.2: PCI bridge to [bus 1d-1d]
[    0.406301] pci 0000:00:18.2:   bridge window [mem 0xcaf00000-0xcaffffff]
[    0.406323] pci 0000:00:18.2:   bridge window [mem 0xd9500000-0xd95fffff 64bit pref]
[    0.406350] pci 0000:00:18.3: PCI bridge to [bus 1e-1e]
[    0.406377] pci 0000:00:18.3:   bridge window [mem 0xcb300000-0xcb3fffff]
[    0.406399] pci 0000:00:18.3:   bridge window [mem 0xd9900000-0xd99fffff 64bit pref]
[    0.406426] pci 0000:00:18.4: PCI bridge to [bus 1f-1f]
[    0.406453] pci 0000:00:18.4:   bridge window [mem 0xcb700000-0xcb7fffff]
[    0.406475] pci 0000:00:18.4:   bridge window [mem 0xd9d00000-0xd9dfffff 64bit pref]
[    0.406502] pci 0000:00:18.5: PCI bridge to [bus 20-20]
[    0.406529] pci 0000:00:18.5:   bridge window [mem 0xcbb00000-0xcbbfffff]
[    0.406550] pci 0000:00:18.5:   bridge window [mem 0xda100000-0xda1fffff 64bit pref]
[    0.406578] pci 0000:00:18.6: PCI bridge to [bus 21-21]
[    0.406605] pci 0000:00:18.6:   bridge window [mem 0xcbf00000-0xcbffffff]
[    0.406627] pci 0000:00:18.6:   bridge window [mem 0xda500000-0xda5fffff 64bit pref]
[    0.406654] pci 0000:00:18.7: PCI bridge to [bus 22-22]
[    0.406681] pci 0000:00:18.7:   bridge window [mem 0xcc300000-0xcc3fffff]
[    0.406702] pci 0000:00:18.7:   bridge window [mem 0xda900000-0xda9fffff 64bit pref]
[    0.406729] pci 0000:00:01.0: setting latency timer to 64
[    0.406757] pci 0000:00:15.0: setting latency timer to 64
[    0.406784] pci 0000:00:15.1: setting latency timer to 64
[    0.406811] pci 0000:00:15.2: setting latency timer to 64
[    0.406838] pci 0000:00:15.3: setting latency timer to 64
[    0.406865] pci 0000:00:15.4: setting latency timer to 64
[    0.406892] pci 0000:00:15.5: setting latency timer to 64
[    0.406920] pci 0000:00:15.6: setting latency timer to 64
[    0.406947] pci 0000:00:15.7: setting latency timer to 64
[    0.406974] pci 0000:00:16.0: setting latency timer to 64
[    0.407001] pci 0000:00:16.1: setting latency timer to 64
[    0.407028] pci 0000:00:16.2: setting latency timer to 64
[    0.407055] pci 0000:00:16.3: setting latency timer to 64
[    0.407083] pci 0000:00:16.4: setting latency timer to 64
[    0.407110] pci 0000:00:16.5: setting latency timer to 64
[    0.407137] pci 0000:00:16.6: setting latency timer to 64
[    0.407164] pci 0000:00:16.7: setting latency timer to 64
[    0.407191] pci 0000:00:17.0: setting latency timer to 64
[    0.407218] pci 0000:00:17.1: setting latency timer to 64
[    0.407245] pci 0000:00:17.2: setting latency timer to 64
[    0.407273] pci 0000:00:17.3: setting latency timer to 64
[    0.407300] pci 0000:00:17.4: setting latency timer to 64
[    0.407327] pci 0000:00:17.5: setting latency timer to 64
[    0.407354] pci 0000:00:17.6: setting latency timer to 64
[    0.407381] pci 0000:00:17.7: setting latency timer to 64
[    0.407408] pci 0000:00:18.0: setting latency timer to 64
[    0.407436] pci 0000:00:18.1: setting latency timer to 64
[    0.407463] pci 0000:00:18.2: setting latency timer to 64
[    0.407490] pci 0000:00:18.3: setting latency timer to 64
[    0.407517] pci 0000:00:18.4: setting latency timer to 64
[    0.407544] pci 0000:00:18.5: setting latency timer to 64
[    0.407571] pci 0000:00:18.6: setting latency timer to 64
[    0.407599] pci 0000:00:18.7: setting latency timer to 64
[    0.407611] pci_bus 0000:00: resource 4 [mem 0x000a0000-0x000bffff]
[    0.407614] pci_bus 0000:00: resource 5 [mem 0x000cc000-0x000cffff]
[    0.407616] pci_bus 0000:00: resource 6 [mem 0x000d0000-0x000d3fff]
[    0.407618] pci_bus 0000:00: resource 7 [mem 0x000d4000-0x000d7fff]
[    0.407620] pci_bus 0000:00: resource 8 [mem 0x000d8000-0x000dbfff]
[    0.407622] pci_bus 0000:00: resource 9 [mem 0xc0000000-0xfebfffff]
[    0.407624] pci_bus 0000:00: resource 10 [io  0x0000-0x0cf7]
[    0.407626] pci_bus 0000:00: resource 11 [io  0x0d00-0xfeff]
[    0.407629] pci_bus 0000:02: resource 0 [io  0x2000-0x3fff]
[    0.407631] pci_bus 0000:02: resource 1 [mem 0xc9000000-0xca3fffff]
[    0.407633] pci_bus 0000:02: resource 2 [mem 0xd8400000-0xd89fffff 64bit pref]
[    0.407635] pci_bus 0000:02: resource 4 [mem 0x000a0000-0x000bffff]
[    0.407637] pci_bus 0000:02: resource 5 [mem 0x000cc000-0x000cffff]
[    0.407639] pci_bus 0000:02: resource 6 [mem 0x000d0000-0x000d3fff]
[    0.407641] pci_bus 0000:02: resource 7 [mem 0x000d4000-0x000d7fff]
[    0.407643] pci_bus 0000:02: resource 8 [mem 0x000d8000-0x000dbfff]
[    0.407645] pci_bus 0000:02: resource 9 [mem 0xc0000000-0xfebfffff]
[    0.407647] pci_bus 0000:02: resource 10 [io  0x0000-0x0cf7]
[    0.407649] pci_bus 0000:02: resource 11 [io  0x0d00-0xfeff]
[    0.407651] pci_bus 0000:03: resource 0 [io  0x4000-0x4fff]
[    0.407653] pci_bus 0000:03: resource 1 [mem 0xca400000-0xca4fffff]
[    0.407655] pci_bus 0000:03: resource 2 [mem 0xd8a00000-0xd8afffff 64bit pref]
[    0.407657] pci_bus 0000:04: resource 0 [io  0x8000-0x8fff]
[    0.407659] pci_bus 0000:04: resource 1 [mem 0xca800000-0xca8fffff]
[    0.407662] pci_bus 0000:04: resource 2 [mem 0xd8e00000-0xd8efffff 64bit pref]
[    0.407664] pci_bus 0000:05: resource 0 [io  0xc000-0xcfff]
[    0.407666] pci_bus 0000:05: resource 1 [mem 0xcac00000-0xcacfffff]
[    0.407668] pci_bus 0000:05: resource 2 [mem 0xd9200000-0xd92fffff 64bit pref]
[    0.407670] pci_bus 0000:06: resource 1 [mem 0xcb000000-0xcb0fffff]
[    0.407672] pci_bus 0000:06: resource 2 [mem 0xd9600000-0xd96fffff 64bit pref]
[    0.407674] pci_bus 0000:07: resource 1 [mem 0xcb400000-0xcb4fffff]
[    0.407677] pci_bus 0000:07: resource 2 [mem 0xd9a00000-0xd9afffff 64bit pref]
[    0.407679] pci_bus 0000:08: resource 1 [mem 0xcb800000-0xcb8fffff]
[    0.407681] pci_bus 0000:08: resource 2 [mem 0xd9e00000-0xd9efffff 64bit pref]
[    0.407683] pci_bus 0000:09: resource 1 [mem 0xcbc00000-0xcbcfffff]
[    0.407685] pci_bus 0000:09: resource 2 [mem 0xda200000-0xda2fffff 64bit pref]
[    0.407687] pci_bus 0000:0a: resource 1 [mem 0xcc000000-0xcc0fffff]
[    0.407690] pci_bus 0000:0a: resource 2 [mem 0xda600000-0xda6fffff 64bit pref]
[    0.407692] pci_bus 0000:0b: resource 0 [io  0x5000-0x5fff]
[    0.407694] pci_bus 0000:0b: resource 1 [mem 0xca500000-0xca5fffff]
[    0.407696] pci_bus 0000:0b: resource 2 [mem 0xd8b00000-0xd8bfffff 64bit pref]
[    0.407698] pci_bus 0000:0c: resource 0 [io  0x9000-0x9fff]
[    0.407700] pci_bus 0000:0c: resource 1 [mem 0xca900000-0xca9fffff]
[    0.407702] pci_bus 0000:0c: resource 2 [mem 0xd8f00000-0xd8ffffff 64bit pref]
[    0.407704] pci_bus 0000:0d: resource 0 [io  0xd000-0xdfff]
[    0.407706] pci_bus 0000:0d: resource 1 [mem 0xcad00000-0xcadfffff]
[    0.407709] pci_bus 0000:0d: resource 2 [mem 0xd9300000-0xd93fffff 64bit pref]
[    0.407711] pci_bus 0000:0e: resource 1 [mem 0xcb100000-0xcb1fffff]
[    0.407713] pci_bus 0000:0e: resource 2 [mem 0xd9700000-0xd97fffff 64bit pref]
[    0.407715] pci_bus 0000:0f: resource 1 [mem 0xcb500000-0xcb5fffff]
[    0.407717] pci_bus 0000:0f: resource 2 [mem 0xd9b00000-0xd9bfffff 64bit pref]
[    0.407719] pci_bus 0000:10: resource 1 [mem 0xcb900000-0xcb9fffff]
[    0.407721] pci_bus 0000:10: resource 2 [mem 0xd9f00000-0xd9ffffff 64bit pref]
[    0.407724] pci_bus 0000:11: resource 1 [mem 0xcbd00000-0xcbdfffff]
[    0.407726] pci_bus 0000:11: resource 2 [mem 0xda300000-0xda3fffff 64bit pref]
[    0.407728] pci_bus 0000:12: resource 1 [mem 0xcc100000-0xcc1fffff]
[    0.407730] pci_bus 0000:12: resource 2 [mem 0xda700000-0xda7fffff 64bit pref]
[    0.407732] pci_bus 0000:13: resource 0 [io  0x6000-0x6fff]
[    0.407734] pci_bus 0000:13: resource 1 [mem 0xca600000-0xca6fffff]
[    0.407736] pci_bus 0000:13: resource 2 [mem 0xd8c00000-0xd8cfffff 64bit pref]
[    0.407739] pci_bus 0000:14: resource 0 [io  0xa000-0xafff]
[    0.407741] pci_bus 0000:14: resource 1 [mem 0xcaa00000-0xcaafffff]
[    0.407743] pci_bus 0000:14: resource 2 [mem 0xd9000000-0xd90fffff 64bit pref]
[    0.407745] pci_bus 0000:15: resource 0 [io  0xe000-0xefff]
[    0.407747] pci_bus 0000:15: resource 1 [mem 0xcae00000-0xcaefffff]
[    0.407749] pci_bus 0000:15: resource 2 [mem 0xd9400000-0xd94fffff 64bit pref]
[    0.407751] pci_bus 0000:16: resource 1 [mem 0xcb200000-0xcb2fffff]
[    0.407753] pci_bus 0000:16: resource 2 [mem 0xd9800000-0xd98fffff 64bit pref]
[    0.407756] pci_bus 0000:17: resource 1 [mem 0xcb600000-0xcb6fffff]
[    0.407758] pci_bus 0000:17: resource 2 [mem 0xd9c00000-0xd9cfffff 64bit pref]
[    0.407760] pci_bus 0000:18: resource 1 [mem 0xcba00000-0xcbafffff]
[    0.407762] pci_bus 0000:18: resource 2 [mem 0xda000000-0xda0fffff 64bit pref]
[    0.407764] pci_bus 0000:19: resource 1 [mem 0xcbe00000-0xcbefffff]
[    0.407766] pci_bus 0000:19: resource 2 [mem 0xda400000-0xda4fffff 64bit pref]
[    0.407769] pci_bus 0000:1a: resource 1 [mem 0xcc200000-0xcc2fffff]
[    0.407771] pci_bus 0000:1a: resource 2 [mem 0xda800000-0xda8fffff 64bit pref]
[    0.407773] pci_bus 0000:1b: resource 0 [io  0x7000-0x7fff]
[    0.407775] pci_bus 0000:1b: resource 1 [mem 0xca700000-0xca7fffff]
[    0.407777] pci_bus 0000:1b: resource 2 [mem 0xd8d00000-0xd8dfffff 64bit pref]
[    0.407779] pci_bus 0000:1c: resource 0 [io  0xb000-0xbfff]
[    0.407781] pci_bus 0000:1c: resource 1 [mem 0xcab00000-0xcabfffff]
[    0.407783] pci_bus 0000:1c: resource 2 [mem 0xd9100000-0xd91fffff 64bit pref]
[    0.407786] pci_bus 0000:1d: resource 1 [mem 0xcaf00000-0xcaffffff]
[    0.407788] pci_bus 0000:1d: resource 2 [mem 0xd9500000-0xd95fffff 64bit pref]
[    0.407790] pci_bus 0000:1e: resource 1 [mem 0xcb300000-0xcb3fffff]
[    0.407792] pci_bus 0000:1e: resource 2 [mem 0xd9900000-0xd99fffff 64bit pref]
[    0.407794] pci_bus 0000:1f: resource 1 [mem 0xcb700000-0xcb7fffff]
[    0.407797] pci_bus 0000:1f: resource 2 [mem 0xd9d00000-0xd9dfffff 64bit pref]
[    0.407799] pci_bus 0000:20: resource 1 [mem 0xcbb00000-0xcbbfffff]
[    0.407801] pci_bus 0000:20: resource 2 [mem 0xda100000-0xda1fffff 64bit pref]
[    0.407803] pci_bus 0000:21: resource 1 [mem 0xcbf00000-0xcbffffff]
[    0.407805] pci_bus 0000:21: resource 2 [mem 0xda500000-0xda5fffff 64bit pref]
[    0.407807] pci_bus 0000:22: resource 1 [mem 0xcc300000-0xcc3fffff]
[    0.407810] pci_bus 0000:22: resource 2 [mem 0xda900000-0xda9fffff 64bit pref]
[    0.407837] NET: Registered protocol family 2
[    0.407864] IP route cache hash table entries: 32768 (order: 5, 131072 bytes)
[    0.407941] TCP established hash table entries: 131072 (order: 8, 1048576 bytes)
[    0.407968] TCP bind hash table entries: 65536 (order: 7, 524288 bytes)
[    0.407995] TCP: Hash tables configured (established 131072 bind 65536)
[    0.407997] TCP reno registered
[    0.408000] UDP hash table entries: 512 (order: 2, 16384 bytes)
[    0.408007] UDP-Lite hash table entries: 512 (order: 2, 16384 bytes)
[    0.408034] NET: Registered protocol family 1
[    0.408042] pci 0000:00:00.0: Limiting direct PCI/PCI transfers
[    0.408069] pci 0000:00:0f.0: Boot video device
[    0.408096] ACPI: PCI Interrupt Link [LNKC] enabled at IRQ 10
[    0.408099] PCI: setting IRQ 10 as level-triggered
[    0.408106] pci 0000:02:00.0: PCI INT A -> Link[LNKC] -> GSI 10 (level, low) -> IRQ 10
[    0.408165] pci 0000:02:00.0: PCI INT A disabled
[    0.408193] ACPI: PCI Interrupt Link [LNKB] enabled at IRQ 11
[    0.408195] PCI: setting IRQ 11 as level-triggered
[    0.408199] pci 0000:02:03.0: PCI INT A -> Link[LNKB] -> GSI 11 (level, low) -> IRQ 11
[    0.408226] pci 0000:02:03.0: PCI INT A disabled
[    0.408239] PCI: CLS 32 bytes, default 64
[    0.408279] Simple Boot Flag at 0x36 set to 0x1
[    0.408284] Switching to clocksource tsc
[    0.408437] audit: initializing netlink socket (disabled)
[    0.408443] type=2000 audit(1369648187.392:1): initialized
[    0.419976] Trying to unpack rootfs image as initramfs...
[    0.436008] highmem bounce pool size: 64 pages
[    0.436014] HugeTLB registered 2 MB page size, pre-allocated 0 pages
[    0.443941] VFS: Disk quotas dquot_6.5.2
[    0.443968] Dquot-cache hash table entries: 1024 (order 0, 4096 bytes)
[    0.444057] fuse init (API version 7.17)
[    0.444105] msgmni has been set to 1710
[    0.455933] Block layer SCSI generic (bsg) driver version 0.4 loaded (major 253)
[    0.455960] io scheduler noop registered
[    0.455962] io scheduler deadline registered
[    0.455968] io scheduler cfq registered (default)
[    0.455995] pcieport 0000:00:15.0: setting latency timer to 64
[    0.456022] pcieport 0000:00:15.0: irq 40 for MSI/MSI-X
[    0.456049] pcieport 0000:00:15.1: setting latency timer to 64
[    0.456076] pcieport 0000:00:15.1: irq 41 for MSI/MSI-X
[    0.456103] pcieport 0000:00:15.2: setting latency timer to 64
[    0.456131] pcieport 0000:00:15.2: irq 42 for MSI/MSI-X
[    0.456158] pcieport 0000:00:15.3: setting latency timer to 64
[    0.456185] pcieport 0000:00:15.3: irq 43 for MSI/MSI-X
[    0.456212] pcieport 0000:00:15.4: setting latency timer to 64
[    0.456239] pcieport 0000:00:15.4: irq 44 for MSI/MSI-X
[    0.456266] pcieport 0000:00:15.5: setting latency timer to 64
[    0.456294] pcieport 0000:00:15.5: irq 45 for MSI/MSI-X
[    0.456321] pcieport 0000:00:15.6: setting latency timer to 64
[    0.456348] pcieport 0000:00:15.6: irq 46 for MSI/MSI-X
[    0.456375] pcieport 0000:00:15.7: setting latency timer to 64
[    0.456402] pcieport 0000:00:15.7: irq 47 for MSI/MSI-X
[    0.456429] pcieport 0000:00:16.0: setting latency timer to 64
[    0.456457] pcieport 0000:00:16.0: irq 48 for MSI/MSI-X
[    0.456484] pcieport 0000:00:16.1: setting latency timer to 64
[    0.456511] pcieport 0000:00:16.1: irq 49 for MSI/MSI-X
[    0.456538] pcieport 0000:00:16.2: setting latency timer to 64
[    0.456565] pcieport 0000:00:16.2: irq 50 for MSI/MSI-X
[    0.456592] pcieport 0000:00:16.3: setting latency timer to 64
[    0.456619] pcieport 0000:00:16.3: irq 51 for MSI/MSI-X
[    0.456647] pcieport 0000:00:16.4: setting latency timer to 64
[    0.456674] pcieport 0000:00:16.4: irq 52 for MSI/MSI-X
[    0.456701] pcieport 0000:00:16.5: setting latency timer to 64
[    0.456728] pcieport 0000:00:16.5: irq 53 for MSI/MSI-X
[    0.456755] pcieport 0000:00:16.6: setting latency timer to 64
[    0.456782] pcieport 0000:00:16.6: irq 54 for MSI/MSI-X
[    0.456810] pcieport 0000:00:16.7: setting latency timer to 64
[    0.456837] pcieport 0000:00:16.7: irq 55 for MSI/MSI-X
[    0.456864] pcieport 0000:00:17.0: setting latency timer to 64
[    0.456891] pcieport 0000:00:17.0: irq 56 for MSI/MSI-X
[    0.456918] pcieport 0000:00:17.1: setting latency timer to 64
[    0.456945] pcieport 0000:00:17.1: irq 57 for MSI/MSI-X
[    0.456973] pcieport 0000:00:17.2: setting latency timer to 64
[    0.457000] pcieport 0000:00:17.2: irq 58 for MSI/MSI-X
[    0.457027] pcieport 0000:00:17.3: setting latency timer to 64
[    0.457054] pcieport 0000:00:17.3: irq 59 for MSI/MSI-X
[    0.457081] pcieport 0000:00:17.4: setting latency timer to 64
[    0.457108] pcieport 0000:00:17.4: irq 60 for MSI/MSI-X
[    0.457135] pcieport 0000:00:17.5: setting latency timer to 64
[    0.457163] pcieport 0000:00:17.5: irq 61 for MSI/MSI-X
[    0.457190] pcieport 0000:00:17.6: setting latency timer to 64
[    0.457217] pcieport 0000:00:17.6: irq 62 for MSI/MSI-X
[    0.457244] pcieport 0000:00:17.7: setting latency timer to 64
[    0.457271] pcieport 0000:00:17.7: irq 63 for MSI/MSI-X
[    0.457298] pcieport 0000:00:18.0: setting latency timer to 64
[    0.457326] pcieport 0000:00:18.0: irq 64 for MSI/MSI-X
[    0.457353] pcieport 0000:00:18.1: setting latency timer to 64
[    0.457380] pcieport 0000:00:18.1: irq 65 for MSI/MSI-X
[    0.457407] pcieport 0000:00:18.2: setting latency timer to 64
[    0.457434] pcieport 0000:00:18.2: irq 66 for MSI/MSI-X
[    0.457461] pcieport 0000:00:18.3: setting latency timer to 64
[    0.457489] pcieport 0000:00:18.3: irq 67 for MSI/MSI-X
[    0.457516] pcieport 0000:00:18.4: setting latency timer to 64
[    0.457543] pcieport 0000:00:18.4: irq 68 for MSI/MSI-X
[    0.457570] pcieport 0000:00:18.5: setting latency timer to 64
[    0.457597] pcieport 0000:00:18.5: irq 69 for MSI/MSI-X
[    0.457624] pcieport 0000:00:18.6: setting latency timer to 64
[    0.457651] pcieport 0000:00:18.6: irq 70 for MSI/MSI-X
[    0.457679] pcieport 0000:00:18.7: setting latency timer to 64
[    0.457706] pcieport 0000:00:18.7: irq 71 for MSI/MSI-X
[    0.457733] pcieport 0000:00:15.0: Signaling PME through PCIe PME interrupt
[    0.457756] pcie_pme 0000:00:15.0:pcie01: service driver pcie_pme loaded
[    0.457784] pcieport 0000:00:15.1: Signaling PME through PCIe PME interrupt
[    0.457807] pcie_pme 0000:00:15.1:pcie01: service driver pcie_pme loaded
[    0.457834] pcieport 0000:00:15.2: Signaling PME through PCIe PME interrupt
[    0.457856] pcie_pme 0000:00:15.2:pcie01: service driver pcie_pme loaded
[    0.457884] pcieport 0000:00:15.3: Signaling PME through PCIe PME interrupt
[    0.457906] pcie_pme 0000:00:15.3:pcie01: service driver pcie_pme loaded
[    0.457934] pcieport 0000:00:15.4: Signaling PME through PCIe PME interrupt
[    0.457957] pcie_pme 0000:00:15.4:pcie01: service driver pcie_pme loaded
[    0.457984] pcieport 0000:00:15.5: Signaling PME through PCIe PME interrupt
[    0.458007] pcie_pme 0000:00:15.5:pcie01: service driver pcie_pme loaded
[    0.458034] pcieport 0000:00:15.6: Signaling PME through PCIe PME interrupt
[    0.458056] pcie_pme 0000:00:15.6:pcie01: service driver pcie_pme loaded
[    0.458083] pcieport 0000:00:15.7: Signaling PME through PCIe PME interrupt
[    0.458106] pcie_pme 0000:00:15.7:pcie01: service driver pcie_pme loaded
[    0.458133] pcieport 0000:00:16.0: Signaling PME through PCIe PME interrupt
[    0.458156] pcie_pme 0000:00:16.0:pcie01: service driver pcie_pme loaded
[    0.458183] pcieport 0000:00:16.1: Signaling PME through PCIe PME interrupt
[    0.458206] pcie_pme 0000:00:16.1:pcie01: service driver pcie_pme loaded
[    0.458233] pcieport 0000:00:16.2: Signaling PME through PCIe PME interrupt
[    0.458255] pcie_pme 0000:00:16.2:pcie01: service driver pcie_pme loaded
[    0.458282] pcieport 0000:00:16.3: Signaling PME through PCIe PME interrupt
[    0.458305] pcie_pme 0000:00:16.3:pcie01: service driver pcie_pme loaded
[    0.458332] pcieport 0000:00:16.4: Signaling PME through PCIe PME interrupt
[    0.458354] pcie_pme 0000:00:16.4:pcie01: service driver pcie_pme loaded
[    0.458382] pcieport 0000:00:16.5: Signaling PME through PCIe PME interrupt
[    0.458404] pcie_pme 0000:00:16.5:pcie01: service driver pcie_pme loaded
[    0.458432] pcieport 0000:00:16.6: Signaling PME through PCIe PME interrupt
[    0.458454] pcie_pme 0000:00:16.6:pcie01: service driver pcie_pme loaded
[    0.458481] pcieport 0000:00:16.7: Signaling PME through PCIe PME interrupt
[    0.458504] pcie_pme 0000:00:16.7:pcie01: service driver pcie_pme loaded
[    0.458531] pcieport 0000:00:17.0: Signaling PME through PCIe PME interrupt
[    0.458554] pcie_pme 0000:00:17.0:pcie01: service driver pcie_pme loaded
[    0.458581] pcieport 0000:00:17.1: Signaling PME through PCIe PME interrupt
[    0.458604] pcie_pme 0000:00:17.1:pcie01: service driver pcie_pme loaded
[    0.458631] pcieport 0000:00:17.2: Signaling PME through PCIe PME interrupt
[    0.458654] pcie_pme 0000:00:17.2:pcie01: service driver pcie_pme loaded
[    0.458681] pcieport 0000:00:17.3: Signaling PME through PCIe PME interrupt
[    0.458704] pcie_pme 0000:00:17.3:pcie01: service driver pcie_pme loaded
[    0.458731] pcieport 0000:00:17.4: Signaling PME through PCIe PME interrupt
[    0.458754] pcie_pme 0000:00:17.4:pcie01: service driver pcie_pme loaded
[    0.458781] pcieport 0000:00:17.5: Signaling PME through PCIe PME interrupt
[    0.458803] pcie_pme 0000:00:17.5:pcie01: service driver pcie_pme loaded
[    0.458830] pcieport 0000:00:17.6: Signaling PME through PCIe PME interrupt
[    0.458853] pcie_pme 0000:00:17.6:pcie01: service driver pcie_pme loaded
[    0.458880] pcieport 0000:00:17.7: Signaling PME through PCIe PME interrupt
[    0.458903] pcie_pme 0000:00:17.7:pcie01: service driver pcie_pme loaded
[    0.458930] pcieport 0000:00:18.0: Signaling PME through PCIe PME interrupt
[    0.458953] pcie_pme 0000:00:18.0:pcie01: service driver pcie_pme loaded
[    0.458980] pcieport 0000:00:18.1: Signaling PME through PCIe PME interrupt
[    0.459003] pcie_pme 0000:00:18.1:pcie01: service driver pcie_pme loaded
[    0.459030] pcieport 0000:00:18.2: Signaling PME through PCIe PME interrupt
[    0.459052] pcie_pme 0000:00:18.2:pcie01: service driver pcie_pme loaded
[    0.459080] pcieport 0000:00:18.3: Signaling PME through PCIe PME interrupt
[    0.459102] pcie_pme 0000:00:18.3:pcie01: service driver pcie_pme loaded
[    0.459129] pcieport 0000:00:18.4: Signaling PME through PCIe PME interrupt
[    0.459152] pcie_pme 0000:00:18.4:pcie01: service driver pcie_pme loaded
[    0.459179] pcieport 0000:00:18.5: Signaling PME through PCIe PME interrupt
[    0.459202] pcie_pme 0000:00:18.5:pcie01: service driver pcie_pme loaded
[    0.459229] pcieport 0000:00:18.6: Signaling PME through PCIe PME interrupt
[    0.459252] pcie_pme 0000:00:18.6:pcie01: service driver pcie_pme loaded
[    0.459279] pcieport 0000:00:18.7: Signaling PME through PCIe PME interrupt
[    0.459302] pcie_pme 0000:00:18.7:pcie01: service driver pcie_pme loaded
[    0.459320] pci_hotplug: PCI Hot Plug PCI Core version: 0.5
[    0.459347] pciehp 0000:00:15.0:pcie04: HPC vendor_id 15ad device_id 7a0 ss_vid 15ad ss_did 7a0
[    0.459374] pciehp 0000:00:15.0:pcie04: service driver pciehp loaded
[    0.459402] pciehp 0000:00:15.1:pcie04: HPC vendor_id 15ad device_id 7a0 ss_vid 15ad ss_did 7a0
[    0.459429] pciehp 0000:00:15.1:pcie04: service driver pciehp loaded
[    0.459456] pciehp 0000:00:15.2:pcie04: HPC vendor_id 15ad device_id 7a0 ss_vid 15ad ss_did 7a0
[    0.459483] pciehp 0000:00:15.2:pcie04: service driver pciehp loaded
[    0.459510] pciehp 0000:00:15.3:pcie04: HPC vendor_id 15ad device_id 7a0 ss_vid 15ad ss_did 7a0
[    0.459537] pciehp 0000:00:15.3:pcie04: service driver pciehp loaded
[    0.459565] pciehp 0000:00:15.4:pcie04: HPC vendor_id 15ad device_id 7a0 ss_vid 15ad ss_did 7a0
[    0.459592] pciehp 0000:00:15.4:pcie04: service driver pciehp loaded
[    0.459619] pciehp 0000:00:15.5:pcie04: HPC vendor_id 15ad device_id 7a0 ss_vid 15ad ss_did 7a0
[    0.459646] pciehp 0000:00:15.5:pcie04: service driver pciehp loaded
[    0.459673] pciehp 0000:00:15.6:pcie04: HPC vendor_id 15ad device_id 7a0 ss_vid 15ad ss_did 7a0
[    0.459700] pciehp 0000:00:15.6:pcie04: service driver pciehp loaded
[    0.459727] pciehp 0000:00:15.7:pcie04: HPC vendor_id 15ad device_id 7a0 ss_vid 15ad ss_did 7a0
[    0.459755] pciehp 0000:00:15.7:pcie04: service driver pciehp loaded
[    0.459782] pciehp 0000:00:16.0:pcie04: HPC vendor_id 15ad device_id 7a0 ss_vid 15ad ss_did 7a0
[    0.459861] pciehp 0000:00:16.0:pcie04: service driver pciehp loaded
[    0.463889] pciehp 0000:00:16.1:pcie04: HPC vendor_id 15ad device_id 7a0 ss_vid 15ad ss_did 7a0
[    0.463916] pciehp 0000:00:16.1:pcie04: service driver pciehp loaded
[    0.463943] pciehp 0000:00:16.2:pcie04: HPC vendor_id 15ad device_id 7a0 ss_vid 15ad ss_did 7a0
[    0.463970] pciehp 0000:00:16.2:pcie04: service driver pciehp loaded
[    0.463997] pciehp 0000:00:16.3:pcie04: HPC vendor_id 15ad device_id 7a0 ss_vid 15ad ss_did 7a0
[    0.464024] pciehp 0000:00:16.3:pcie04: service driver pciehp loaded
[    0.464051] pciehp 0000:00:16.4:pcie04: HPC vendor_id 15ad device_id 7a0 ss_vid 15ad ss_did 7a0
[    0.464079] pciehp 0000:00:16.4:pcie04: service driver pciehp loaded
[    0.464106] pciehp 0000:00:16.5:pcie04: HPC vendor_id 15ad device_id 7a0 ss_vid 15ad ss_did 7a0
[    0.464133] pciehp 0000:00:16.5:pcie04: service driver pciehp loaded
[    0.464160] pciehp 0000:00:16.6:pcie04: HPC vendor_id 15ad device_id 7a0 ss_vid 15ad ss_did 7a0
[    0.464187] pciehp 0000:00:16.6:pcie04: service driver pciehp loaded
[    0.464242] pciehp 0000:00:16.7:pcie04: HPC vendor_id 15ad device_id 7a0 ss_vid 15ad ss_did 7a0
[    0.464269] pciehp 0000:00:16.7:pcie04: service driver pciehp loaded
[    0.464296] pciehp 0000:00:17.0:pcie04: HPC vendor_id 15ad device_id 7a0 ss_vid 15ad ss_did 7a0
[    0.464323] pciehp 0000:00:17.0:pcie04: service driver pciehp loaded
[    0.464350] pciehp 0000:00:17.1:pcie04: HPC vendor_id 15ad device_id 7a0 ss_vid 15ad ss_did 7a0
[    0.464377] pciehp 0000:00:17.1:pcie04: service driver pciehp loaded
[    0.464405] pciehp 0000:00:17.2:pcie04: HPC vendor_id 15ad device_id 7a0 ss_vid 15ad ss_did 7a0
[    0.464432] pciehp 0000:00:17.2:pcie04: service driver pciehp loaded
[    0.464459] pciehp 0000:00:17.3:pcie04: HPC vendor_id 15ad device_id 7a0 ss_vid 15ad ss_did 7a0
[    0.464486] pciehp 0000:00:17.3:pcie04: service driver pciehp loaded
[    0.464513] pciehp 0000:00:17.4:pcie04: HPC vendor_id 15ad device_id 7a0 ss_vid 15ad ss_did 7a0
[    0.464540] pciehp 0000:00:17.4:pcie04: service driver pciehp loaded
[    0.464567] pciehp 0000:00:17.5:pcie04: HPC vendor_id 15ad device_id 7a0 ss_vid 15ad ss_did 7a0
[    0.464595] pciehp 0000:00:17.5:pcie04: service driver pciehp loaded
[    0.464622] pciehp 0000:00:17.6:pcie04: HPC vendor_id 15ad device_id 7a0 ss_vid 15ad ss_did 7a0
[    0.464649] pciehp 0000:00:17.6:pcie04: service driver pciehp loaded
[    0.464676] pciehp 0000:00:17.7:pcie04: HPC vendor_id 15ad device_id 7a0 ss_vid 15ad ss_did 7a0
[    0.464703] pciehp 0000:00:17.7:pcie04: service driver pciehp loaded
[    0.464730] pciehp 0000:00:18.0:pcie04: HPC vendor_id 15ad device_id 7a0 ss_vid 15ad ss_did 7a0
[    0.464758] pciehp 0000:00:18.0:pcie04: service driver pciehp loaded
[    0.464785] pciehp 0000:00:18.1:pcie04: HPC vendor_id 15ad device_id 7a0 ss_vid 15ad ss_did 7a0
[    0.464812] pciehp 0000:00:18.1:pcie04: service driver pciehp loaded
[    0.464839] pciehp 0000:00:18.2:pcie04: HPC vendor_id 15ad device_id 7a0 ss_vid 15ad ss_did 7a0
[    0.464866] pciehp 0000:00:18.2:pcie04: service driver pciehp loaded
[    0.464893] pciehp 0000:00:18.3:pcie04: HPC vendor_id 15ad device_id 7a0 ss_vid 15ad ss_did 7a0
[    0.464921] pciehp 0000:00:18.3:pcie04: service driver pciehp loaded
[    0.464948] pciehp 0000:00:18.4:pcie04: HPC vendor_id 15ad device_id 7a0 ss_vid 15ad ss_did 7a0
[    0.464975] pciehp 0000:00:18.4:pcie04: service driver pciehp loaded
[    0.465002] pciehp 0000:00:18.5:pcie04: HPC vendor_id 15ad device_id 7a0 ss_vid 15ad ss_did 7a0
[    0.465029] pciehp 0000:00:18.5:pcie04: service driver pciehp loaded
[    0.465056] pciehp 0000:00:18.6:pcie04: HPC vendor_id 15ad device_id 7a0 ss_vid 15ad ss_did 7a0
[    0.465083] pciehp 0000:00:18.6:pcie04: service driver pciehp loaded
[    0.465111] pciehp 0000:00:18.7:pcie04: HPC vendor_id 15ad device_id 7a0 ss_vid 15ad ss_did 7a0
[    0.465138] pciehp 0000:00:18.7:pcie04: service driver pciehp loaded
[    0.465146] pciehp: PCI Express Hot Plug Controller Driver version: 0.4
[    0.465173] ACPI: Deprecated procfs I/F for AC is loaded, please retry with CONFIG_ACPI_PROCFS_POWER cleared
[    0.465204] ACPI: AC Adapter [ACAD] (on-line)
[    0.465250] input: Power Button as /devices/LNXSYSTM:00/LNXPWRBN:00/input/input0
[    0.465255] ACPI: Power Button [PWRF]
[    0.479863] ERST: Table is not found!
[    0.479867] GHES: HEST is not enabled!
[    0.479953] Serial: 8250/16550 driver, 32 ports, IRQ sharing enabled
[    0.503698] serial8250: ttyS0 at I/O 0x3f8 (irq = 4) is a 16550A
[    0.503739] isapnp: Scanning for PnP cards...
[    0.599560] serial8250: ttyS1 at I/O 0x2f8 (irq = 3) is a 16550A
[    0.691413] 00:0a: ttyS0 at I/O 0x3f8 (irq = 4) is a 16550A
[    0.739347] 00:0b: ttyS1 at I/O 0x2f8 (irq = 3) is a 16550A
[    0.803480] Linux agpgart interface v0.103
[    0.803507] agpgart-intel 0000:00:00.0: Intel 440BX Chipset
[    0.803567] agpgart-intel 0000:00:00.0: AGP aperture is 256M @ 0x0
[    0.807756] brd: module loaded
[    0.808069] loop: module loaded
[    0.808097] ata_piix 0000:00:07.1: version 2.13
[    0.808151] scsi0 : ata_piix
[    0.808196] scsi1 : ata_piix
[    0.808223] ata1: PATA max UDMA/33 cmd 0x1f0 ctl 0x3f6 bmdma 0x10c0 irq 14
[    0.808225] ata2: PATA max UDMA/33 cmd 0x170 ctl 0x376 bmdma 0x10c8 irq 15
[    0.808255] Fixed MDIO Bus: probed
[    0.808268] tun: Universal TUN/TAP device driver, 1.6
[    0.808270] tun: (C) 1999-2004 Max Krasnyansky <maxk@qualcomm.com>
[    0.808343] PPP generic driver version 2.4.2
[    0.808406] ehci_hcd: USB 2.0 'Enhanced' Host Controller (EHCI) Driver
[    0.808433] ehci_hcd 0000:02:03.0: PCI INT A -> Link[LNKB] -> GSI 11 (level, low) -> IRQ 11
[    0.808460] ehci_hcd 0000:02:03.0: EHCI Host Controller
[    0.808496] ehci_hcd 0000:02:03.0: new USB bus registered, assigned bus number 1
[    0.808523] ehci_hcd 0000:02:03.0: cache line size of 32 is not supported
[    0.808531] ehci_hcd 0000:02:03.0: irq 11, io mem 0xc9000000
[    0.819343] ehci_hcd 0000:02:03.0: USB 2.0 started, EHCI 1.00
[    0.819416] hub 1-0:1.0: USB hub found
[    0.819421] hub 1-0:1.0: 6 ports detected
[    0.819448] ohci_hcd: USB 1.1 'Open' Host Controller (OHCI) Driver
[    0.819461] uhci_hcd: USB Universal Host Controller Interface driver
[    0.819488] uhci_hcd 0000:02:00.0: PCI INT A -> Link[LNKC] -> GSI 10 (level, low) -> IRQ 10
[    0.819515] uhci_hcd 0000:02:00.0: UHCI Host Controller
[    0.819551] uhci_hcd 0000:02:00.0: new USB bus registered, assigned bus number 2
[    0.819610] uhci_hcd 0000:02:00.0: irq 10, io base 0x000020c0
[    0.819676] hub 2-0:1.0: USB hub found
[    0.819680] hub 2-0:1.0: 2 ports detected
[    0.819707] usbcore: registered new interface driver libusual
[    0.819734] i8042: PNP: PS/2 Controller [PNP0303:KBC,PNP0f13:MOUS] at 0x60,0x64 irq 1,12
[    0.819992] serio: i8042 KBD port at 0x60,0x64 irq 1
[    0.820000] serio: i8042 AUX port at 0x60,0x64 irq 12
[    0.820086] mousedev: PS/2 mouse device common for all mice
[    0.820274] rtc_cmos 00:04: rtc core: registered rtc_cmos as rtc0
[    0.820316] rtc0: alarms up to one month, y3k, 114 bytes nvram, hpet irqs
[    0.820364] device-mapper: uevent: version 1.0.3
[    0.820415] device-mapper: ioctl: 4.22.0-ioctl (2011-10-19) initialised: dm-devel@redhat.com
[    0.820438] EISA: Probing bus 0 at eisa.0
[    0.820440] EISA: Cannot allocate resource for mainboard
[    0.820442] Cannot allocate resource for EISA slot 1
[    0.820444] Cannot allocate resource for EISA slot 2
[    0.820446] Cannot allocate resource for EISA slot 3
[    0.820447] Cannot allocate resource for EISA slot 4
[    0.820449] Cannot allocate resource for EISA slot 5
[    0.820450] Cannot allocate resource for EISA slot 6
[    0.820452] Cannot allocate resource for EISA slot 7
[    0.820453] Cannot allocate resource for EISA slot 8
[    0.820455] EISA: Detected 0 cards.
[    0.820462] cpufreq-nforce2: No nForce2 chipset.
[    0.820464] cpuidle: using governor ladder
[    0.820466] cpuidle: using governor menu
[    0.820468] EFI Variables Facility v0.08 2004-May-17
[    0.820495] TCP cubic registered
[    0.820522] NET: Registered protocol family 10
[    0.820549] NET: Registered protocol family 17
[    0.820553] Registering the dns_resolver key type
[    0.820565] Using IPI No-Shortcut mode
[    0.820628] PM: Hibernation image not present or could not be loaded.
[    0.820641] registered taskstats version 1
[    0.820994] input: AT Translated Set 2 keyboard as /devices/platform/i8042/serio0/input/input1
[    0.907288] Freeing initrd memory: 13836k freed
[    1.079031]   Magic number: 13:762:829
[    1.098973] rtc_cmos 00:04: setting system clock to 2013-05-27 09:49:48 UTC (1369648188)
[    1.099102] ata2.00: ATAPI: VMware Virtual IDE CDROM Drive, 00000001, max UDMA/33
[    1.099376] ata2.00: configured for UDMA/33
[    1.099495] BIOS EDD facility v0.16 2004-Jun-25, 0 devices found
[    1.099498] EDD information not available.
[    1.143113] isapnp: No Plug & Play device found
[    1.143314] scsi 1:0:0:0: CD-ROM            NECVMWar VMware IDE CDR10 1.00 PQ: 0 ANSI: 5
[    1.143885] sr0: scsi3-mmc drive: 306x/306x cd/rw xa/form2 cdda tray
[    1.143888] cdrom: Uniform CD-ROM driver Revision: 3.20
[    1.143976] sr 1:0:0:0: Attached scsi CD-ROM sr0
[    1.144092] sr 1:0:0:0: Attached scsi generic sg0 type 5
[    1.144153] Freeing unused kernel memory: 740k freed
[    1.144205] Write protecting the kernel text: 5816k
[    1.144215] Write protecting the kernel read-only data: 2376k
[    1.144217] NX-protecting the kernel data: 4424k
[    1.155817] udevd[85]: starting version 175
[    1.171196] VMware vmxnet3 virtual NIC driver - version 1.1.29.0-k-NAPI
[    1.175255] VMware PVSCSI driver - version 1.0.1.0-k
[    1.179776] VMware vmxnet virtual NIC driver
[    1.179829] ACPI: PCI Interrupt Link [LNKD] enabled at IRQ 5
[    1.179832] PCI: setting IRQ 5 as level-triggered
[    1.179838] vmxnet 0000:02:01.0: PCI INT A -> Link[LNKD] -> GSI 5 (level, low) -> IRQ 5
[    1.179891] Found vmxnet/PCI at 0x2024, irq 5.
[    1.179943] features:
[    1.179955] numRxBuffers = 100, numRxBuffers2 = 1
[    1.180007] vmxnet 0000:02:01.0: eth0: set_features() failed (-1); wanted 0x00004000, left 0x00004800
[    1.201497] Fusion MPT base driver 3.04.20
[    1.201500] Copyright (c) 1999-2008 LSI Corporation
[    1.201684] Fusion MPT SPI Host driver 3.04.20
[    1.201723] mptspi 0000:00:10.0: PCI INT A -> Link[LNKB] -> GSI 11 (level, low) -> IRQ 11
[    1.206969] mptbase: ioc0: Initiating bringup
[    1.221078] Floppy drive(s): fd0 is 1.44M
[    1.234933] FDC 0 is a post-1991 82077
[    1.278732] ioc0: LSI53C1030 B0: Capabilities={Initiator}
[    1.310623] usb 2-1: new full-speed USB device number 2 using uhci_hcd
[    1.438514] scsi2 : ioc0: LSI53C1030 B0, FwRev=01032920h, Ports=1, MaxQ=128, IRQ=11
[    1.446553] input: VMware VMware Virtual USB Mouse as /devices/pci0000:00/0000:00:11.0/0000:02:00.0/usb2/2-1/2-1:1.0/input/input2
[    1.446728] generic-usb 0003:0E0F:0003.0001: input,hidraw0: USB HID v1.10 Mouse [VMware VMware Virtual USB Mouse] on usb-0000:02:00.0-1/input0
[    1.447298] input: VMware VMware Virtual USB Mouse as /devices/pci0000:00/0000:00:11.0/0000:02:00.0/usb2/2-1/2-1:1.1/input/input3
[    1.447482] generic-usb 0003:0E0F:0003.0002: input,hidraw1: USB HID v1.10 Mouse [VMware VMware Virtual USB Mouse] on usb-0000:02:00.0-1/input1
[    1.447496] usbcore: registered new interface driver usbhid
[    1.447499] usbhid: USB HID core driver
[    1.551004] scsi 2:0:0:0: Direct-Access     VMware,  VMware Virtual S 1.0  PQ: 0 ANSI: 2
[    1.551013] scsi target2:0:0: Beginning Domain Validation
[    1.551591] scsi target2:0:0: Domain Validation skipping write tests
[    1.551594] scsi target2:0:0: Ending Domain Validation
[    1.551646] scsi target2:0:0: FAST-40 WIDE SCSI 80.0 MB/s ST (25 ns, offset 127)
[    1.553752] sd 2:0:0:0: [sda] 41943040 512-byte logical blocks: (21.4 GB/20.0 GiB)
[    1.553808] sd 2:0:0:0: [sda] Write Protect is off
[    1.553812] sd 2:0:0:0: [sda] Mode Sense: 61 00 00 00
[    1.553866] sd 2:0:0:0: [sda] Cache data unavailable
[    1.553869] sd 2:0:0:0: [sda] Assuming drive cache: write through
[    1.554146] sd 2:0:0:0: [sda] Cache data unavailable
[    1.554149] sd 2:0:0:0: [sda] Assuming drive cache: write through
[    1.554257] usb 2-2: new full-speed USB device number 3 using uhci_hcd
[    1.554848] sd 2:0:0:0: Attached scsi generic sg1 type 0
[    1.555386]  sda: sda1 sda2 < sda5 >
[    1.555729] sd 2:0:0:0: [sda] Cache data unavailable
[    1.555732] sd 2:0:0:0: [sda] Assuming drive cache: write through
[    1.555735] sd 2:0:0:0: [sda] Attached SCSI disk
[    1.594376] EXT4-fs (sda1): INFO: recovery required on readonly filesystem
[    1.594380] EXT4-fs (sda1): write access will be enabled during recovery
[    1.695233] hub 2-2:1.0: USB hub found
[    1.697169] hub 2-2:1.0: 7 ports detected
[    1.749002] EXT4-fs (sda1): recovery complete
[    1.749554] EXT4-fs (sda1): mounted filesystem with ordered data mode. Opts: (null)
[    3.092503] ADDRCONF(NETDEV_UP): eth0: link is not ready
[    3.104051] udevd[326]: starting version 175
[    3.145406] lp: driver loaded but no devices found
[    3.168441] Adding 1046524k swap on /dev/sda5.  Priority:-1 extents:1 across:1046524k 
[    3.244238] EXT4-fs (sda1): re-mounted. Opts: errors=remount-ro
[    3.253955] shpchp: Standard Hot Plug PCI Controller Driver version: 0.4
[    3.290328] piix4_smbus 0000:00:07.3: Host SMBus controller not enabled!
[    3.303641] [373]: VMCI: shared components initialized.
[    3.303643] Probing for vmci/PCI.
[    3.303825] ACPI: PCI Interrupt Link [LNKA] enabled at IRQ 9
[    3.303828] PCI: setting IRQ 9 as level-triggered
[    3.303833] vmci 0000:00:07.7: PCI INT A -> Link[LNKA] -> GSI 9 (level, low) -> IRQ 9
[    3.303874] Found vmci/PCI at 0x1080, irq 9.
[    3.303905] VMCI: using capabilities 0xc.
[    3.303973] [373]: VMCI: Host capability check passed.
[    3.304228] vmci 0000:00:07.7: irq 72 for MSI/MSI-X
[    3.304259] vmci 0000:00:07.7: irq 73 for MSI/MSI-X
[    3.304452] Registered vmci device.
[    3.307841] [373]: VMCI: Using guest personality
[    3.307845] [373]: VMCI: host components initialized.
[    3.313254] [373]: VMCI: Module registered (name=vmci,major=10,minor=57).
[    3.313258] [373]: VMCI: Using host personality
[    3.313260] [373]: VMCI: Module (name=vmci) is initialized
[    3.366458] ppdev: user-space parallel port driver
[    3.367178] parport_pc 00:09: reported by Plug and Play ACPI
[    3.367710] parport0: PC-style at 0x378, irq 7 [PCSPP,TRISTATE]
[    3.375140] Bluetooth: Core ver 2.16
[    3.375930] NET: Registered protocol family 31
[    3.375933] Bluetooth: HCI device and connection manager initialized
[    3.375935] Bluetooth: HCI socket layer initialized
[    3.375937] Bluetooth: L2CAP socket layer initialized
[    3.375942] Bluetooth: SCO socket layer initialized
[    3.388535] Bluetooth: BNEP (Ethernet Emulation) ver 1.3
[    3.388538] Bluetooth: BNEP filters: protocol multicast
[    3.411016] Bluetooth: RFCOMM TTY layer initialized
[    3.411022] Bluetooth: RFCOMM socket layer initialized
[    3.411025] Bluetooth: RFCOMM ver 1.11
[    3.463631] lp0: using parport0 (interrupt-driven).
[    3.470240] type=1400 audit(1369648190.870:2): apparmor="STATUS" operation="profile_load" name="/usr/lib/cups/backend/cups-pdf" pid=584 comm="apparmor_parser"
[    3.470365] type=1400 audit(1369648190.870:3): apparmor="STATUS" operation="profile_load" name="/usr/sbin/cupsd" pid=584 comm="apparmor_parser"
[    3.513169] type=1400 audit(1369648190.914:4): apparmor="STATUS" operation="profile_load" name="/sbin/dhclient" pid=603 comm="apparmor_parser"
[    3.513287] type=1400 audit(1369648190.914:5): apparmor="STATUS" operation="profile_load" name="/usr/lib/NetworkManager/nm-dhcp-client.action" pid=603 comm="apparmor_parser"
[    3.513399] type=1400 audit(1369648190.914:6): apparmor="STATUS" operation="profile_load" name="/usr/lib/connman/scripts/dhclient-script" pid=603 comm="apparmor_parser"
[    3.735264] input: ImPS/2 Generic Wheel Mouse as /devices/platform/i8042/serio1/input/input4
[    3.800464] snd_ens1371 0000:02:02.0: PCI INT A -> Link[LNKA] -> GSI 9 (level, low) -> IRQ 9
[    3.819329] init: failsafe main process (669) killed by TERM signal
[    3.925764] type=1400 audit(1369648191.326:7): apparmor="STATUS" operation="profile_load" name="/usr/lib/lightdm/lightdm/lightdm-guest-session-wrapper" pid=801 comm="apparmor_parser"
[    3.927357] type=1400 audit(1369648191.330:8): apparmor="STATUS" operation="profile_replace" name="/sbin/dhclient" pid=802 comm="apparmor_parser"
[    3.935009] type=1400 audit(1369648191.338:9): apparmor="STATUS" operation="profile_replace" name="/usr/lib/NetworkManager/nm-dhcp-client.action" pid=802 comm="apparmor_parser"
[    3.935120] type=1400 audit(1369648191.338:10): apparmor="STATUS" operation="profile_replace" name="/usr/lib/connman/scripts/dhclient-script" pid=802 comm="apparmor_parser"
[    4.090714] init: alsa-restore main process (865) terminated with status 19
