[    0.000000] Initializing cgroup subsys cpuset
[    0.000000] Initializing cgroup subsys cpu
[    0.000000] Linux version 3.2.0-29-generic-pae (buildd@roseapple) (gcc version 4.6.3 (Ubuntu/Linaro 4.6.3-1ubuntu5) ) #46-Ubuntu SMP Fri Jul 27 17:25:43 UTC 2012 (Ubuntu 3.2.0-29.46-generic-pae 3.2.24)
[    0.000000] KERNEL supported cpus:
[    0.000000]   Intel GenuineIntel
[    0.000000]   AMD AuthenticAMD
[    0.000000]   NSC Geode by NSC
[    0.000000]   Cyrix CyrixInstead
[    0.000000]   Centaur CentaurHauls
[    0.000000]   Transmeta GenuineTMx86
[    0.000000]   Transmeta TransmetaCPU
[    0.000000]   UMC UMC UMC UMC
[    0.000000] Disabled fast string operations
[    0.000000] BIOS-provided physical RAM map:
[    0.000000]  BIOS-e820: 0000000000000000 - 000000000009f000 (usable)
[    0.000000]  BIOS-e820: 000000000009f000 - 00000000000a0000 (reserved)
[    0.000000]  BIOS-e820: 00000000000ca000 - 00000000000cc000 (reserved)
[    0.000000]  BIOS-e820: 00000000000dc000 - 0000000000100000 (reserved)
[    0.000000]  BIOS-e820: 0000000000100000 - 000000003fee0000 (usable)
[    0.000000]  BIOS-e820: 000000003fee0000 - 000000003feff000 (ACPI data)
[    0.000000]  BIOS-e820: 000000003feff000 - 000000003ff00000 (ACPI NVS)
[    0.000000]  BIOS-e820: 000000003ff00000 - 0000000040000000 (usable)
[    0.000000]  BIOS-e820: 00000000e0000000 - 00000000f0000000 (reserved)
[    0.000000]  BIOS-e820: 00000000fec00000 - 00000000fec10000 (reserved)
[    0.000000]  BIOS-e820: 00000000fee00000 - 00000000fee01000 (reserved)
[    0.000000]  BIOS-e820: 00000000fffe0000 - 0000000100000000 (reserved)
[    0.000000] NX (Execute Disable) protection: active
[    0.000000] DMI present.
[    0.000000] DMI: VMware, Inc. VMware Virtual Platform/440BX Desktop Reference Platform, BIOS 6.00 07/02/2012
[    0.000000] Hypervisor detected: VMware
[    0.000000] e820 update range: 0000000000000000 - 0000000000010000 (usable) ==> (reserved)
[    0.000000] e820 remove range: 00000000000a0000 - 0000000000100000 (usable)
[    0.000000] last_pfn = 0x40000 max_arch_pfn = 0x1000000
[    0.000000] MTRR default type: uncachable
[    0.000000] MTRR fixed ranges enabled:
[    0.000000]   00000-9FFFF write-back
[    0.000000]   A0000-BFFFF uncachable
[    0.000000]   C0000-CBFFF write-protect
[    0.000000]   CC000-EFFFF uncachable
[    0.000000]   F0000-FFFFF write-protect
[    0.000000] MTRR variable ranges enabled:
[    0.000000]   0 base 0000000000 mask FFC0000000 write-back
[    0.000000]   1 disabled
[    0.000000]   2 disabled
[    0.000000]   3 disabled
[    0.000000]   4 disabled
[    0.000000]   5 disabled
[    0.000000]   6 disabled
[    0.000000]   7 disabled
[    0.000000] x86 PAT enabled: cpu 0, old 0x0, new 0x7010600070106
[    0.000000] found SMP MP-table at [c00f6bf0] f6bf0
[    0.000000] initial memory mapped : 0 - 02000000
[    0.000000] Base memory trampoline at [c009b000] 9b000 size 16384
[    0.000000] init_memory_mapping: 0000000000000000-0000000037bfe000
[    0.000000]  0000000000 - 0000200000 page 4k
[    0.000000]  0000200000 - 0037a00000 page 2M
[    0.000000]  0037a00000 - 0037bfe000 page 4k
[    0.000000] kernel direct mapping tables up to 37bfe000 @ 1ffb000-2000000
[    0.000000] RAMDISK: 364ea000 - 3726d000
[    0.000000] ACPI: RSDP 000f6b80 00024 (v02 PTLTD )
[    0.000000] ACPI: XSDT 3feed636 0005C (v01 INTEL  440BX    06040000 VMW  01324272)
[    0.000000] ACPI: FACP 3fefee98 000F4 (v04 INTEL  440BX    06040000 PTL  000F4240)
[    0.000000] ACPI: DSDT 3feee366 10B32 (v01 PTLTD  Custom   06040000 MSFT 03000001)
[    0.000000] ACPI: FACS 3fefffc0 00040
[    0.000000] ACPI: BOOT 3feee33e 00028 (v01 PTLTD  $SBFTBL$ 06040000  LTP 00000001)
[    0.000000] ACPI: APIC 3feedc3e 003C2 (v01 PTLTD  ? APIC   06040000  LTP 00000000)
[    0.000000] ACPI: MCFG 3feedc02 0003C (v01 PTLTD  $PCITBL$ 06040000  LTP 00000001)
[    0.000000] ACPI: SRAT 3feed732 004D0 (v02 VMWARE MEMPLUG  06040000 VMW  00000001)
[    0.000000] ACPI: HPET 3feed6fa 00038 (v01 VMWARE VMW HPET 06040000 VMW  00000001)
[    0.000000] ACPI: WAET 3feed6d2 00028 (v01 VMWARE VMW WAET 06040000 VMW  00000001)
[    0.000000] ACPI: Local APIC address 0xfee00000
[    0.000000] 132MB HIGHMEM available.
[    0.000000] 891MB LOWMEM available.
[    0.000000]   mapped low ram: 0 - 37bfe000
[    0.000000]   low ram: 0 - 37bfe000
[    0.000000] Zone PFN ranges:
[    0.000000]   DMA      0x00000010 -> 0x00001000
[    0.000000]   Normal   0x00001000 -> 0x00037bfe
[    0.000000]   HighMem  0x00037bfe -> 0x00040000
[    0.000000] Movable zone start PFN for each node
[    0.000000] early_node_map[3] active PFN ranges
[    0.000000]     0: 0x00000010 -> 0x0000009f
[    0.000000]     0: 0x00000100 -> 0x0003fee0
[    0.000000]     0: 0x0003ff00 -> 0x00040000
[    0.000000] On node 0 totalpages: 261999
[    0.000000] free_area_init_node: node 0, pgdat c1866a40, node_mem_map f73fd200
[    0.000000]   DMA zone: 32 pages used for memmap
[    0.000000]   DMA zone: 0 pages reserved
[    0.000000]   DMA zone: 3951 pages, LIFO batch:0
[    0.000000]   Normal zone: 1752 pages used for memmap
[    0.000000]   Normal zone: 222502 pages, LIFO batch:31
[    0.000000]   HighMem zone: 265 pages used for memmap
[    0.000000]   HighMem zone: 33497 pages, LIFO batch:7
[    0.000000] Using APIC driver default
[    0.000000] ACPI: PM-Timer IO Port: 0x1008
[    0.000000] ACPI: Local APIC address 0xfee00000
[    0.000000] ACPI: LAPIC (acpi_id[0x00] lapic_id[0x00] enabled)
[    0.000000] ACPI: LAPIC (acpi_id[0x01] lapic_id[0x02] disabled)
[    0.000000] ACPI: LAPIC (acpi_id[0x02] lapic_id[0x04] disabled)
[    0.000000] ACPI: LAPIC (acpi_id[0x03] lapic_id[0x06] disabled)
[    0.000000] ACPI: LAPIC (acpi_id[0x04] lapic_id[0x08] disabled)
[    0.000000] ACPI: LAPIC (acpi_id[0x05] lapic_id[0x0a] disabled)
[    0.000000] ACPI: LAPIC (acpi_id[0x06] lapic_id[0x0c] disabled)
[    0.000000] ACPI: LAPIC (acpi_id[0x07] lapic_id[0x0e] disabled)
[    0.000000] ACPI: LAPIC (acpi_id[0x08] lapic_id[0x10] disabled)
[    0.000000] ACPI: LAPIC (acpi_id[0x09] lapic_id[0x12] disabled)
[    0.000000] ACPI: LAPIC (acpi_id[0x0a] lapic_id[0x14] disabled)
[    0.000000] ACPI: LAPIC (acpi_id[0x0b] lapic_id[0x16] disabled)
[    0.000000] ACPI: LAPIC (acpi_id[0x0c] lapic_id[0x18] disabled)
[    0.000000] ACPI: LAPIC (acpi_id[0x0d] lapic_id[0x1a] disabled)
[    0.000000] ACPI: LAPIC (acpi_id[0x0e] lapic_id[0x1c] disabled)
[    0.000000] ACPI: LAPIC (acpi_id[0x0f] lapic_id[0x1e] disabled)
[    0.000000] ACPI: LAPIC (acpi_id[0x10] lapic_id[0x20] disabled)
[    0.000000] ACPI: LAPIC (acpi_id[0x11] lapic_id[0x22] disabled)
[    0.000000] ACPI: LAPIC (acpi_id[0x12] lapic_id[0x24] disabled)
[    0.000000] ACPI: LAPIC (acpi_id[0x13] lapic_id[0x26] disabled)
[    0.000000] ACPI: LAPIC (acpi_id[0x14] lapic_id[0x28] disabled)
[    0.000000] ACPI: LAPIC (acpi_id[0x15] lapic_id[0x2a] disabled)
[    0.000000] ACPI: LAPIC (acpi_id[0x16] lapic_id[0x2c] disabled)
[    0.000000] ACPI: LAPIC (acpi_id[0x17] lapic_id[0x2e] disabled)
[    0.000000] ACPI: LAPIC (acpi_id[0x18] lapic_id[0x30] disabled)
[    0.000000] ACPI: LAPIC (acpi_id[0x19] lapic_id[0x32] disabled)
[    0.000000] ACPI: LAPIC (acpi_id[0x1a] lapic_id[0x34] disabled)
[    0.000000] ACPI: LAPIC (acpi_id[0x1b] lapic_id[0x36] disabled)
[    0.000000] ACPI: LAPIC (acpi_id[0x1c] lapic_id[0x38] disabled)
[    0.000000] ACPI: LAPIC (acpi_id[0x1d] lapic_id[0x3a] disabled)
[    0.000000] ACPI: LAPIC (acpi_id[0x1e] lapic_id[0x3c] disabled)
[    0.000000] ACPI: LAPIC (acpi_id[0x1f] lapic_id[0x3e] disabled)
[    0.000000] ACPI: LAPIC (acpi_id[0x20] lapic_id[0x40] disabled)
[    0.000000] ACPI: LAPIC (acpi_id[0x21] lapic_id[0x42] disabled)
[    0.000000] ACPI: LAPIC (acpi_id[0x22] lapic_id[0x44] disabled)
[    0.000000] ACPI: LAPIC (acpi_id[0x23] lapic_id[0x46] disabled)
[    0.000000] ACPI: LAPIC (acpi_id[0x24] lapic_id[0x48] disabled)
[    0.000000] ACPI: LAPIC (acpi_id[0x25] lapic_id[0x4a] disabled)
[    0.000000] ACPI: LAPIC (acpi_id[0x26] lapic_id[0x4c] disabled)
[    0.000000] ACPI: LAPIC (acpi_id[0x27] lapic_id[0x4e] disabled)
[    0.000000] ACPI: LAPIC (acpi_id[0x28] lapic_id[0x50] disabled)
[    0.000000] ACPI: LAPIC (acpi_id[0x29] lapic_id[0x52] disabled)
[    0.000000] ACPI: LAPIC (acpi_id[0x2a] lapic_id[0x54] disabled)
[    0.000000] ACPI: LAPIC (acpi_id[0x2b] lapic_id[0x56] disabled)
[    0.000000] ACPI: LAPIC (acpi_id[0x2c] lapic_id[0x58] disabled)
[    0.000000] ACPI: LAPIC (acpi_id[0x2d] lapic_id[0x5a] disabled)
[    0.000000] ACPI: LAPIC (acpi_id[0x2e] lapic_id[0x5c] disabled)
[    0.000000] ACPI: LAPIC (acpi_id[0x2f] lapic_id[0x5e] disabled)
[    0.000000] ACPI: LAPIC (acpi_id[0x30] lapic_id[0x60] disabled)
[    0.000000] ACPI: LAPIC (acpi_id[0x31] lapic_id[0x62] disabled)
[    0.000000] ACPI: LAPIC (acpi_id[0x32] lapic_id[0x64] disabled)
[    0.000000] ACPI: LAPIC (acpi_id[0x33] lapic_id[0x66] disabled)
[    0.000000] ACPI: LAPIC (acpi_id[0x34] lapic_id[0x68] disabled)
[    0.000000] ACPI: LAPIC (acpi_id[0x35] lapic_id[0x6a] disabled)
[    0.000000] ACPI: LAPIC (acpi_id[0x36] lapic_id[0x6c] disabled)
[    0.000000] ACPI: LAPIC (acpi_id[0x37] lapic_id[0x6e] disabled)
[    0.000000] ACPI: LAPIC (acpi_id[0x38] lapic_id[0x70] disabled)
[    0.000000] ACPI: LAPIC (acpi_id[0x39] lapic_id[0x72] disabled)
[    0.000000] ACPI: LAPIC (acpi_id[0x3a] lapic_id[0x74] disabled)
[    0.000000] ACPI: LAPIC (acpi_id[0x3b] lapic_id[0x76] disabled)
[    0.000000] ACPI: LAPIC (acpi_id[0x3c] lapic_id[0x78] disabled)
[    0.000000] ACPI: LAPIC (acpi_id[0x3d] lapic_id[0x7a] disabled)
[    0.000000] ACPI: LAPIC (acpi_id[0x3e] lapic_id[0x7c] disabled)
[    0.000000] ACPI: LAPIC (acpi_id[0x3f] lapic_id[0x7e] disabled)
[    0.000000] ACPI: LAPIC_NMI (acpi_id[0x00] high edge lint[0x1])
[    0.000000] ACPI: LAPIC_NMI (acpi_id[0x01] high edge lint[0x1])
[    0.000000] ACPI: LAPIC_NMI (acpi_id[0x02] high edge lint[0x1])
[    0.000000] ACPI: LAPIC_NMI (acpi_id[0x03] high edge lint[0x1])
[    0.000000] ACPI: LAPIC_NMI (acpi_id[0x04] high edge lint[0x1])
[    0.000000] ACPI: LAPIC_NMI (acpi_id[0x05] high edge lint[0x1])
[    0.000000] ACPI: LAPIC_NMI (acpi_id[0x06] high edge lint[0x1])
[    0.000000] ACPI: LAPIC_NMI (acpi_id[0x07] high edge lint[0x1])
[    0.000000] ACPI: LAPIC_NMI (acpi_id[0x08] high edge lint[0x1])
[    0.000000] ACPI: LAPIC_NMI (acpi_id[0x09] high edge lint[0x1])
[    0.000000] ACPI: LAPIC_NMI (acpi_id[0x0a] high edge lint[0x1])
[    0.000000] ACPI: LAPIC_NMI (acpi_id[0x0b] high edge lint[0x1])
[    0.000000] ACPI: LAPIC_NMI (acpi_id[0x0c] high edge lint[0x1])
[    0.000000] ACPI: LAPIC_NMI (acpi_id[0x0d] high edge lint[0x1])
[    0.000000] ACPI: LAPIC_NMI (acpi_id[0x0e] high edge lint[0x1])
[    0.000000] ACPI: LAPIC_NMI (acpi_id[0x0f] high edge lint[0x1])
[    0.000000] ACPI: LAPIC_NMI (acpi_id[0x10] high edge lint[0x1])
[    0.000000] ACPI: LAPIC_NMI (acpi_id[0x11] high edge lint[0x1])
[    0.000000] ACPI: LAPIC_NMI (acpi_id[0x12] high edge lint[0x1])
[    0.000000] ACPI: LAPIC_NMI (acpi_id[0x13] high edge lint[0x1])
[    0.000000] ACPI: LAPIC_NMI (acpi_id[0x14] high edge lint[0x1])
[    0.000000] ACPI: LAPIC_NMI (acpi_id[0x15] high edge lint[0x1])
[    0.000000] ACPI: LAPIC_NMI (acpi_id[0x16] high edge lint[0x1])
[    0.000000] ACPI: LAPIC_NMI (acpi_id[0x17] high edge lint[0x1])
[    0.000000] ACPI: LAPIC_NMI (acpi_id[0x18] high edge lint[0x1])
[    0.000000] ACPI: LAPIC_NMI (acpi_id[0x19] high edge lint[0x1])
[    0.000000] ACPI: LAPIC_NMI (acpi_id[0x1a] high edge lint[0x1])
[    0.000000] ACPI: LAPIC_NMI (acpi_id[0x1b] high edge lint[0x1])
[    0.000000] ACPI: LAPIC_NMI (acpi_id[0x1c] high edge lint[0x1])
[    0.000000] ACPI: LAPIC_NMI (acpi_id[0x1d] high edge lint[0x1])
[    0.000000] ACPI: LAPIC_NMI (acpi_id[0x1e] high edge lint[0x1])
[    0.000000] ACPI: LAPIC_NMI (acpi_id[0x1f] high edge lint[0x1])
[    0.000000] ACPI: LAPIC_NMI (acpi_id[0x20] high edge lint[0x1])
[    0.000000] ACPI: LAPIC_NMI (acpi_id[0x21] high edge lint[0x1])
[    0.000000] ACPI: LAPIC_NMI (acpi_id[0x22] high edge lint[0x1])
[    0.000000] ACPI: LAPIC_NMI (acpi_id[0x23] high edge lint[0x1])
[    0.000000] ACPI: LAPIC_NMI (acpi_id[0x24] high edge lint[0x1])
[    0.000000] ACPI: LAPIC_NMI (acpi_id[0x25] high edge lint[0x1])
[    0.000000] ACPI: LAPIC_NMI (acpi_id[0x26] high edge lint[0x1])
[    0.000000] ACPI: LAPIC_NMI (acpi_id[0x27] high edge lint[0x1])
[    0.000000] ACPI: LAPIC_NMI (acpi_id[0x28] high edge lint[0x1])
[    0.000000] ACPI: LAPIC_NMI (acpi_id[0x29] high edge lint[0x1])
[    0.000000] ACPI: LAPIC_NMI (acpi_id[0x2a] high edge lint[0x1])
[    0.000000] ACPI: LAPIC_NMI (acpi_id[0x2b] high edge lint[0x1])
[    0.000000] ACPI: LAPIC_NMI (acpi_id[0x2c] high edge lint[0x1])
[    0.000000] ACPI: LAPIC_NMI (acpi_id[0x2d] high edge lint[0x1])
[    0.000000] ACPI: LAPIC_NMI (acpi_id[0x2e] high edge lint[0x1])
[    0.000000] ACPI: LAPIC_NMI (acpi_id[0x2f] high edge lint[0x1])
[    0.000000] ACPI: LAPIC_NMI (acpi_id[0x30] high edge lint[0x1])
[    0.000000] ACPI: LAPIC_NMI (acpi_id[0x31] high edge lint[0x1])
[    0.000000] ACPI: LAPIC_NMI (acpi_id[0x32] high edge lint[0x1])
[    0.000000] ACPI: LAPIC_NMI (acpi_id[0x33] high edge lint[0x1])
[    0.000000] ACPI: LAPIC_NMI (acpi_id[0x34] high edge lint[0x1])
[    0.000000] ACPI: LAPIC_NMI (acpi_id[0x35] high edge lint[0x1])
[    0.000000] ACPI: LAPIC_NMI (acpi_id[0x36] high edge lint[0x1])
[    0.000000] ACPI: LAPIC_NMI (acpi_id[0x37] high edge lint[0x1])
[    0.000000] ACPI: LAPIC_NMI (acpi_id[0x38] high edge lint[0x1])
[    0.000000] ACPI: LAPIC_NMI (acpi_id[0x39] high edge lint[0x1])
[    0.000000] ACPI: LAPIC_NMI (acpi_id[0x3a] high edge lint[0x1])
[    0.000000] ACPI: LAPIC_NMI (acpi_id[0x3b] high edge lint[0x1])
[    0.000000] ACPI: LAPIC_NMI (acpi_id[0x3c] high edge lint[0x1])
[    0.000000] ACPI: LAPIC_NMI (acpi_id[0x3d] high edge lint[0x1])
[    0.000000] ACPI: LAPIC_NMI (acpi_id[0x3e] high edge lint[0x1])
[    0.000000] ACPI: LAPIC_NMI (acpi_id[0x3f] high edge lint[0x1])
[    0.000000] ACPI: Skipping IOAPIC probe due to 'noapic' option.
[    0.000000] Using ACPI for processor (LAPIC) configuration information
[    0.000000] ACPI: HPET id: 0x8086af01 base: 0xfed00000
[    0.000000] Intel MultiProcessor Specification v1.4
[    0.000000]     Virtual Wire compatibility mode.
[    0.000000] MPTABLE: OEM ID: INTEL   
[    0.000000] MPTABLE: Product ID: 440BX       
[    0.000000] MPTABLE: APIC at: 0xFEE00000
[    0.000000] IOAPIC[0]: apic_id 1, version 17, address 0xfec00000, GSI 0-23
[    0.000000] Processors: 1
[    0.000000] SMP: Allowing 1 CPUs, 0 hotplug CPUs
[    0.000000] nr_irqs_gsi: 40
[    0.000000] PM: Registered nosave memory: 000000000009f000 - 00000000000a0000
[    0.000000] PM: Registered nosave memory: 00000000000a0000 - 00000000000ca000
[    0.000000] PM: Registered nosave memory: 00000000000ca000 - 00000000000cc000
[    0.000000] PM: Registered nosave memory: 00000000000cc000 - 00000000000dc000
[    0.000000] PM: Registered nosave memory: 00000000000dc000 - 0000000000100000
[    0.000000] Allocating PCI resources starting at 40000000 (gap: 40000000:a0000000)
[    0.000000] Booting paravirtualized kernel on bare hardware
[    0.000000] setup_percpu: NR_CPUS:8 nr_cpumask_bits:8 nr_cpu_ids:1 nr_node_ids:1
[    0.000000] PERCPU: Embedded 14 pages/cpu @f73e8000 s34240 r0 d23104 u57344
[    0.000000] pcpu-alloc: s34240 r0 d23104 u57344 alloc=14*4096
[    0.000000] pcpu-alloc: [0] 0 
[    0.000000] Built 1 zonelists in Zone order, mobility grouping on.  Total pages: 259950
[    0.000000] Kernel command line: BOOT_IMAGE=/boot/vmlinuz-3.2.0-29-generic-pae root=UUID=007b598c-390d-4c65-84a1-4ff752d48633 ro quiet splash maxcpus=0
[    0.000000] PID hash table entries: 4096 (order: 2, 16384 bytes)
[    0.000000] Dentry cache hash table entries: 131072 (order: 7, 524288 bytes)
[    0.000000] Inode-cache hash table entries: 65536 (order: 6, 262144 bytes)
[    0.000000] Initializing CPU#0
[    0.000000] xsave/xrstor: enabled xstate_bv 0x7, cntxt size 0x340
[    0.000000] allocated 4194048 bytes of page_cgroup
[    0.000000] please try 'cgroup_disable=memory' option if you don't want memory cgroups
[    0.000000] Initializing HighMem for node 0 (00037bfe:00040000)
[    0.000000] Memory: 1010624k/1048576k available (5814k kernel code, 37372k reserved, 2841k data, 740k init, 135048k highmem)
[    0.000000] virtual kernel memory layout:
[    0.000000]     fixmap  : 0xfff16000 - 0xfffff000   ( 932 kB)
[    0.000000]     pkmap   : 0xffc00000 - 0xffe00000   (2048 kB)
[    0.000000]     vmalloc : 0xf83fe000 - 0xffbfe000   ( 120 MB)
[    0.000000]     lowmem  : 0xc0000000 - 0xf7bfe000   ( 891 MB)
[    0.000000]       .init : 0xc1875000 - 0xc192e000   ( 740 kB)
[    0.000000]       .data : 0xc15adb64 - 0xc1874240   (2841 kB)
[    0.000000]       .text : 0xc1000000 - 0xc15adb64   (5814 kB)
[    0.000000] Checking if this processor honours the WP bit even in supervisor mode...Ok.
[    0.000000] SLUB: Genslabs=15, HWalign=64, Order=0-3, MinObjects=0, CPUs=1, Nodes=1
[    0.000000] Hierarchical RCU implementation.
[    0.000000] 	RCU dyntick-idle grace-period acceleration is enabled.
[    0.000000] NR_IRQS:2304 nr_irqs:256 16
[    0.000000] CPU 0 irqstacks, hard=f5c08000 soft=f5c0a000
[    0.000000] Extended CMOS year: 2000
[    0.000000] Console: colour VGA+ 80x25
[    0.000000] console [tty0] enabled
[    0.000000] hpet clockevent registered
[    0.000000] TSC freq read from hypervisor : 2394.620 MHz
[    0.000000] Detected 2394.620 MHz processor.
[    0.000001] Calibrating delay loop (skipped) preset value.. 4789.24 BogoMIPS (lpj=9578480)
[    0.000004] pid_max: default: 32768 minimum: 301
[    0.000023] Security Framework initialized
[    0.000041] AppArmor: AppArmor initialized
[    0.000043] Yama: becoming mindful.
[    0.000090] Mount-cache hash table entries: 512
[    0.000201] Initializing cgroup subsys cpuacct
[    0.000207] Initializing cgroup subsys memory
[    0.000214] Initializing cgroup subsys devices
[    0.000216] Initializing cgroup subsys freezer
[    0.000218] Initializing cgroup subsys blkio
[    0.000225] Initializing cgroup subsys perf_event
[    0.000280] Disabled fast string operations
[    0.000285] CPU: Physical Processor ID: 0
[    0.000296] ENERGY_PERF_BIAS: Set to 'normal', was 'performance'
[    0.000297] ENERGY_PERF_BIAS: View and update with x86_energy_perf_policy(8)
[    0.000980] mce: CPU supports 0 MCE banks
[    0.001931] SMP alternatives: switching to UP code
[    0.022438] Freeing SMP alternatives: 24k freed
[    0.022443] ACPI: Core revision 20110623
[    0.028715] ACPI: setting ELCR to 0200 (from 0e20)
[    0.029903] ftrace: allocating 26545 entries in 52 pages
[    0.050540] SMP mode deactivated.
[    0.050570] SMP disabled
[    0.050572] Performance Events: generic architected perfmon v1, core PMU driver.
[    0.050584] ... version:                1
[    0.050585] ... bit width:              48
[    0.050586] ... generic registers:      4
[    0.050587] ... value mask:             0000ffffffffffff
[    0.050588] ... max period:             000000007fffffff
[    0.050589] ... fixed-purpose events:   0
[    0.050590] ... event mask:             000000000000000f
[    0.050681] NMI watchdog enabled, takes one hw-pmu counter.
[    0.050700] Brought up 1 CPUs
[    0.050702] Total of 1 processors activated (4789.24 BogoMIPS).
[    0.050812] devtmpfs: initialized
[    0.050882] EVM: security.selinux
[    0.050883] EVM: security.SMACK64
[    0.050884] EVM: security.capability
[    0.050921] PM: Registering ACPI NVS region at 3feff000 (4096 bytes)
[    0.051632] print_constraints: dummy: 
[    0.051709] RTC time:  7:22:10, date: 05/27/13
[    0.051738] NET: Registered protocol family 16
[    0.051809] EISA bus registered
[    0.051820] ACPI: bus type pci registered
[    0.051981] PCI: MMCONFIG for domain 0000 [bus 00-ff] at [mem 0xe0000000-0xefffffff] (base 0xe0000000)
[    0.051984] PCI: MMCONFIG at [mem 0xe0000000-0xefffffff] reserved in E820
[    0.051987] PCI: Using MMCONFIG for extended config space
[    0.051989] PCI: Using configuration type 1 for base access
[    0.052966] bio: create slab <bio-0> at 0
[    0.053053] ACPI: Added _OSI(Module Device)
[    0.053055] ACPI: Added _OSI(Processor Device)
[    0.053057] ACPI: Added _OSI(3.0 _SCP Extensions)
[    0.053059] ACPI: Added _OSI(Processor Aggregator Device)
[    0.056003] ACPI: EC: Look up EC in DSDT
[    0.062561] [Firmware Bug]: ACPI: BIOS _OSI(Linux) query ignored
[    0.070558] ACPI: Interpreter enabled
[    0.070566] ACPI: (supports S0 S1 S4 S5)
[    0.070575] ACPI: Using PIC for interrupt routing
[    0.116256] ACPI: No dock devices found.
[    0.116259] HEST: Table not found.
[    0.116264] PCI: Using host bridge windows from ACPI; if necessary, use "pci=nocrs" and report a bug
[    0.116967] ACPI: PCI Root Bridge [PCI0] (domain 0000 [bus 00-ff])
[    0.118185] pci_root PNP0A03:00: host bridge window [mem 0x000a0000-0x000bffff]
[    0.118187] pci_root PNP0A03:00: host bridge window [mem 0x000cc000-0x000cffff]
[    0.118189] pci_root PNP0A03:00: host bridge window [mem 0x000d0000-0x000d3fff]
[    0.118190] pci_root PNP0A03:00: host bridge window [mem 0x000d4000-0x000d7fff]
[    0.118192] pci_root PNP0A03:00: host bridge window [mem 0x000d8000-0x000dbfff]
[    0.118193] pci_root PNP0A03:00: host bridge window [mem 0xc0000000-0xfebfffff]
[    0.118195] pci_root PNP0A03:00: host bridge window [io  0x0000-0x0cf7]
[    0.118197] pci_root PNP0A03:00: host bridge window [io  0x0d00-0xfeff]
[    0.118250] pci 0000:00:00.0: [8086:7190] type 0 class 0x000600
[    0.118708] pci 0000:00:01.0: [8086:7191] type 1 class 0x000604
[    0.119128] pci 0000:00:07.0: [8086:7110] type 0 class 0x000601
[    0.119827] pci 0000:00:07.1: [8086:7111] type 0 class 0x000101
[    0.121387] pci 0000:00:07.1: reg 20: [io  0x10c0-0x10cf]
[    0.122148] pci 0000:00:07.3: [8086:7113] type 0 class 0x000680
[    0.123863] pci 0000:00:07.3: quirk: [io  0x1000-0x103f] claimed by PIIX4 ACPI
[    0.123877] pci 0000:00:07.3: quirk: [io  0x1040-0x104f] claimed by PIIX4 SMB
[    0.124123] pci 0000:00:07.7: [15ad:0740] type 0 class 0x000880
[    0.124614] pci 0000:00:07.7: reg 10: [io  0x1080-0x10bf]
[    0.125200] pci 0000:00:07.7: reg 14: [mem 0xc8000000-0xc8001fff 64bit]
[    0.127352] pci 0000:00:0f.0: [15ad:0405] type 0 class 0x000300
[    0.129445] pci 0000:00:0f.0: reg 10: [io  0x10d0-0x10df]
[    0.131427] pci 0000:00:0f.0: reg 14: [mem 0xd0000000-0xd7ffffff pref]
[    0.133419] pci 0000:00:0f.0: reg 18: [mem 0xc8800000-0xc8ffffff]
[    0.141474] pci 0000:00:0f.0: reg 30: [mem 0x00000000-0x00007fff pref]
[    0.141805] pci 0000:00:10.0: [1000:0030] type 0 class 0x000100
[    0.142372] pci 0000:00:10.0: reg 10: [io  0x1400-0x14ff]
[    0.143098] pci 0000:00:10.0: reg 14: [mem 0xc8040000-0xc805ffff 64bit]
[    0.143841] pci 0000:00:10.0: reg 1c: [mem 0xc8020000-0xc803ffff 64bit]
[    0.144898] pci 0000:00:10.0: reg 30: [mem 0x00000000-0x00003fff pref]
[    0.145063] pci 0000:00:11.0: [15ad:0790] type 1 class 0x000604
[    0.145805] pci 0000:00:15.0: [15ad:07a0] type 1 class 0x000604
[    0.146575] pci 0000:00:15.0: PME# supported from D0 D3hot D3cold
[    0.146599] pci 0000:00:15.0: PME# disabled
[    0.146851] pci 0000:00:15.1: [15ad:07a0] type 1 class 0x000604
[    0.147617] pci 0000:00:15.1: PME# supported from D0 D3hot D3cold
[    0.147641] pci 0000:00:15.1: PME# disabled
[    0.147913] pci 0000:00:15.2: [15ad:07a0] type 1 class 0x000604
[    0.148679] pci 0000:00:15.2: PME# supported from D0 D3hot D3cold
[    0.148703] pci 0000:00:15.2: PME# disabled
[    0.148945] pci 0000:00:15.3: [15ad:07a0] type 1 class 0x000604
[    0.149711] pci 0000:00:15.3: PME# supported from D0 D3hot D3cold
[    0.149735] pci 0000:00:15.3: PME# disabled
[    0.149987] pci 0000:00:15.4: [15ad:07a0] type 1 class 0x000604
[    0.150753] pci 0000:00:15.4: PME# supported from D0 D3hot D3cold
[    0.150786] pci 0000:00:15.4: PME# disabled
[    0.151033] pci 0000:00:15.5: [15ad:07a0] type 1 class 0x000604
[    0.151837] pci 0000:00:15.5: PME# supported from D0 D3hot D3cold
[    0.151866] pci 0000:00:15.5: PME# disabled
[    0.152158] pci 0000:00:15.6: [15ad:07a0] type 1 class 0x000604
[    0.153097] pci 0000:00:15.6: PME# supported from D0 D3hot D3cold
[    0.153125] pci 0000:00:15.6: PME# disabled
[    0.153417] pci 0000:00:15.7: [15ad:07a0] type 1 class 0x000604
[    0.154355] pci 0000:00:15.7: PME# supported from D0 D3hot D3cold
[    0.154384] pci 0000:00:15.7: PME# disabled
[    0.154673] pci 0000:00:16.0: [15ad:07a0] type 1 class 0x000604
[    0.155618] pci 0000:00:16.0: PME# supported from D0 D3hot D3cold
[    0.155647] pci 0000:00:16.0: PME# disabled
[    0.155959] pci 0000:00:16.1: [15ad:07a0] type 1 class 0x000604
[    0.156906] pci 0000:00:16.1: PME# supported from D0 D3hot D3cold
[    0.156935] pci 0000:00:16.1: PME# disabled
[    0.157225] pci 0000:00:16.2: [15ad:07a0] type 1 class 0x000604
[    0.158160] pci 0000:00:16.2: PME# supported from D0 D3hot D3cold
[    0.158189] pci 0000:00:16.2: PME# disabled
[    0.158479] pci 0000:00:16.3: [15ad:07a0] type 1 class 0x000604
[    0.159413] pci 0000:00:16.3: PME# supported from D0 D3hot D3cold
[    0.159442] pci 0000:00:16.3: PME# disabled
[    0.159748] pci 0000:00:16.4: [15ad:07a0] type 1 class 0x000604
[    0.160686] pci 0000:00:16.4: PME# supported from D0 D3hot D3cold
[    0.160715] pci 0000:00:16.4: PME# disabled
[    0.161023] pci 0000:00:16.5: [15ad:07a0] type 1 class 0x000604
[    0.161971] pci 0000:00:16.5: PME# supported from D0 D3hot D3cold
[    0.161999] pci 0000:00:16.5: PME# disabled
[    0.162290] pci 0000:00:16.6: [15ad:07a0] type 1 class 0x000604
[    0.163237] pci 0000:00:16.6: PME# supported from D0 D3hot D3cold
[    0.163266] pci 0000:00:16.6: PME# disabled
[    0.163558] pci 0000:00:16.7: [15ad:07a0] type 1 class 0x000604
[    0.164507] pci 0000:00:16.7: PME# supported from D0 D3hot D3cold
[    0.164536] pci 0000:00:16.7: PME# disabled
[    0.164838] pci 0000:00:17.0: [15ad:07a0] type 1 class 0x000604
[    0.165784] pci 0000:00:17.0: PME# supported from D0 D3hot D3cold
[    0.165813] pci 0000:00:17.0: PME# disabled
[    0.166105] pci 0000:00:17.1: [15ad:07a0] type 1 class 0x000604
[    0.167039] pci 0000:00:17.1: PME# supported from D0 D3hot D3cold
[    0.167068] pci 0000:00:17.1: PME# disabled
[    0.167360] pci 0000:00:17.2: [15ad:07a0] type 1 class 0x000604
[    0.168311] pci 0000:00:17.2: PME# supported from D0 D3hot D3cold
[    0.168339] pci 0000:00:17.2: PME# disabled
[    0.168631] pci 0000:00:17.3: [15ad:07a0] type 1 class 0x000604
[    0.169571] pci 0000:00:17.3: PME# supported from D0 D3hot D3cold
[    0.169600] pci 0000:00:17.3: PME# disabled
[    0.169902] pci 0000:00:17.4: [15ad:07a0] type 1 class 0x000604
[    0.170842] pci 0000:00:17.4: PME# supported from D0 D3hot D3cold
[    0.170868] pci 0000:00:17.4: PME# disabled
[    0.171120] pci 0000:00:17.5: [15ad:07a0] type 1 class 0x000604
[    0.171921] pci 0000:00:17.5: PME# supported from D0 D3hot D3cold
[    0.171945] pci 0000:00:17.5: PME# disabled
[    0.172186] pci 0000:00:17.6: [15ad:07a0] type 1 class 0x000604
[    0.172960] pci 0000:00:17.6: PME# supported from D0 D3hot D3cold
[    0.172984] pci 0000:00:17.6: PME# disabled
[    0.173223] pci 0000:00:17.7: [15ad:07a0] type 1 class 0x000604
[    0.173997] pci 0000:00:17.7: PME# supported from D0 D3hot D3cold
[    0.174021] pci 0000:00:17.7: PME# disabled
[    0.174261] pci 0000:00:18.0: [15ad:07a0] type 1 class 0x000604
[    0.175035] pci 0000:00:18.0: PME# supported from D0 D3hot D3cold
[    0.175059] pci 0000:00:18.0: PME# disabled
[    0.175299] pci 0000:00:18.1: [15ad:07a0] type 1 class 0x000604
[    0.176179] pci 0000:00:18.1: PME# supported from D0 D3hot D3cold
[    0.176208] pci 0000:00:18.1: PME# disabled
[    0.176502] pci 0000:00:18.2: [15ad:07a0] type 1 class 0x000604
[    0.177441] pci 0000:00:18.2: PME# supported from D0 D3hot D3cold
[    0.177469] pci 0000:00:18.2: PME# disabled
[    0.177768] pci 0000:00:18.3: [15ad:07a0] type 1 class 0x000604
[    0.178701] pci 0000:00:18.3: PME# supported from D0 D3hot D3cold
[    0.178731] pci 0000:00:18.3: PME# disabled
[    0.179022] pci 0000:00:18.4: [15ad:07a0] type 1 class 0x000604
[    0.179987] pci 0000:00:18.4: PME# supported from D0 D3hot D3cold
[    0.180016] pci 0000:00:18.4: PME# disabled
[    0.180315] pci 0000:00:18.5: [15ad:07a0] type 1 class 0x000604
[    0.181258] pci 0000:00:18.5: PME# supported from D0 D3hot D3cold
[    0.181286] pci 0000:00:18.5: PME# disabled
[    0.181577] pci 0000:00:18.6: [15ad:07a0] type 1 class 0x000604
[    0.182522] pci 0000:00:18.6: PME# supported from D0 D3hot D3cold
[    0.182551] pci 0000:00:18.6: PME# disabled
[    0.182855] pci 0000:00:18.7: [15ad:07a0] type 1 class 0x000604
[    0.183817] pci 0000:00:18.7: PME# supported from D0 D3hot D3cold
[    0.183846] pci 0000:00:18.7: PME# disabled
[    0.184588] pci 0000:00:01.0: PCI bridge to [bus 01-01]
[    0.184984] pci 0000:02:00.0: [15ad:0774] type 0 class 0x000c03
[    0.186963] pci 0000:02:00.0: reg 20: [io  0x20c0-0x20df]
[    0.187903] pci 0000:02:01.0: [1022:2000] type 0 class 0x000200
[    0.188317] pci 0000:02:01.0: reg 10: [io  0x2000-0x207f]
[    0.190529] pci 0000:02:01.0: reg 30: [mem 0x00000000-0x0000ffff pref]
[    0.190690] pci 0000:02:02.0: [1274:1371] type 0 class 0x000401
[    0.191170] pci 0000:02:02.0: reg 10: [io  0x2080-0x20bf]
[    0.193319] pci 0000:02:03.0: [15ad:0770] type 0 class 0x000c03
[    0.193594] pci 0000:02:03.0: reg 10: [mem 0xc9000000-0xc9000fff]
[    0.195340] pci 0000:00:11.0: PCI bridge to [bus 02-02] (subtractive decode)
[    0.195364] pci 0000:00:11.0:   bridge window [io  0x2000-0x3fff]
[    0.195387] pci 0000:00:11.0:   bridge window [mem 0xc9000000-0xca3fffff]
[    0.195431] pci 0000:00:11.0:   bridge window [mem 0xd8400000-0xd89fffff 64bit pref]
[    0.195433] pci 0000:00:11.0:   bridge window [mem 0x000a0000-0x000bffff] (subtractive decode)
[    0.195435] pci 0000:00:11.0:   bridge window [mem 0x000cc000-0x000cffff] (subtractive decode)
[    0.195437] pci 0000:00:11.0:   bridge window [mem 0x000d0000-0x000d3fff] (subtractive decode)
[    0.195438] pci 0000:00:11.0:   bridge window [mem 0x000d4000-0x000d7fff] (subtractive decode)
[    0.195440] pci 0000:00:11.0:   bridge window [mem 0x000d8000-0x000dbfff] (subtractive decode)
[    0.195442] pci 0000:00:11.0:   bridge window [mem 0xc0000000-0xfebfffff] (subtractive decode)
[    0.195443] pci 0000:00:11.0:   bridge window [io  0x0000-0x0cf7] (subtractive decode)
[    0.195445] pci 0000:00:11.0:   bridge window [io  0x0d00-0xfeff] (subtractive decode)
[    0.195946] pci 0000:00:15.0: PCI bridge to [bus 03-03]
[    0.195970] pci 0000:00:15.0:   bridge window [io  0x4000-0x4fff]
[    0.195994] pci 0000:00:15.0:   bridge window [mem 0xca400000-0xca4fffff]
[    0.196039] pci 0000:00:15.0:   bridge window [mem 0xd8a00000-0xd8afffff 64bit pref]
[    0.196506] pci 0000:00:15.1: PCI bridge to [bus 04-04]
[    0.196529] pci 0000:00:15.1:   bridge window [io  0x8000-0x8fff]
[    0.196552] pci 0000:00:15.1:   bridge window [mem 0xca800000-0xca8fffff]
[    0.196596] pci 0000:00:15.1:   bridge window [mem 0xd8e00000-0xd8efffff 64bit pref]
[    0.197073] pci 0000:00:15.2: PCI bridge to [bus 05-05]
[    0.197096] pci 0000:00:15.2:   bridge window [io  0xc000-0xcfff]
[    0.197119] pci 0000:00:15.2:   bridge window [mem 0xcac00000-0xcacfffff]
[    0.197163] pci 0000:00:15.2:   bridge window [mem 0xd9200000-0xd92fffff 64bit pref]
[    0.197630] pci 0000:00:15.3: PCI bridge to [bus 06-06]
[    0.197674] pci 0000:00:15.3:   bridge window [mem 0xcb000000-0xcb0fffff]
[    0.197719] pci 0000:00:15.3:   bridge window [mem 0xd9600000-0xd96fffff 64bit pref]
[    0.198181] pci 0000:00:15.4: PCI bridge to [bus 07-07]
[    0.198224] pci 0000:00:15.4:   bridge window [mem 0xcb400000-0xcb4fffff]
[    0.198268] pci 0000:00:15.4:   bridge window [mem 0xd9a00000-0xd9afffff 64bit pref]
[    0.198740] pci 0000:00:15.5: PCI bridge to [bus 08-08]
[    0.198783] pci 0000:00:15.5:   bridge window [mem 0xcb800000-0xcb8fffff]
[    0.198827] pci 0000:00:15.5:   bridge window [mem 0xd9e00000-0xd9efffff 64bit pref]
[    0.199288] pci 0000:00:15.6: PCI bridge to [bus 09-09]
[    0.199332] pci 0000:00:15.6:   bridge window [mem 0xcbc00000-0xcbcfffff]
[    0.199375] pci 0000:00:15.6:   bridge window [mem 0xda200000-0xda2fffff 64bit pref]
[    0.199878] pci 0000:00:15.7: PCI bridge to [bus 0a-0a]
[    0.199922] pci 0000:00:15.7:   bridge window [mem 0xcc000000-0xcc0fffff]
[    0.199966] pci 0000:00:15.7:   bridge window [mem 0xda600000-0xda6fffff 64bit pref]
[    0.200431] pci 0000:00:16.0: PCI bridge to [bus 0b-0b]
[    0.200453] pci 0000:00:16.0:   bridge window [io  0x5000-0x5fff]
[    0.200476] pci 0000:00:16.0:   bridge window [mem 0xca500000-0xca5fffff]
[    0.200520] pci 0000:00:16.0:   bridge window [mem 0xd8b00000-0xd8bfffff 64bit pref]
[    0.201060] pci 0000:00:16.1: PCI bridge to [bus 0c-0c]
[    0.201087] pci 0000:00:16.1:   bridge window [io  0x9000-0x9fff]
[    0.201116] pci 0000:00:16.1:   bridge window [mem 0xca900000-0xca9fffff]
[    0.201169] pci 0000:00:16.1:   bridge window [mem 0xd8f00000-0xd8ffffff 64bit pref]
[    0.201751] pci 0000:00:16.2: PCI bridge to [bus 0d-0d]
[    0.201775] pci 0000:00:16.2:   bridge window [io  0xd000-0xdfff]
[    0.201799] pci 0000:00:16.2:   bridge window [mem 0xcad00000-0xcadfffff]
[    0.201843] pci 0000:00:16.2:   bridge window [mem 0xd9300000-0xd93fffff 64bit pref]
[    0.202316] pci 0000:00:16.3: PCI bridge to [bus 0e-0e]
[    0.202360] pci 0000:00:16.3:   bridge window [mem 0xcb100000-0xcb1fffff]
[    0.202404] pci 0000:00:16.3:   bridge window [mem 0xd9700000-0xd97fffff 64bit pref]
[    0.202932] pci 0000:00:16.4: PCI bridge to [bus 0f-0f]
[    0.202976] pci 0000:00:16.4:   bridge window [mem 0xcb500000-0xcb5fffff]
[    0.203020] pci 0000:00:16.4:   bridge window [mem 0xd9b00000-0xd9bfffff 64bit pref]
[    0.203482] pci 0000:00:16.5: PCI bridge to [bus 10-10]
[    0.203525] pci 0000:00:16.5:   bridge window [mem 0xcb900000-0xcb9fffff]
[    0.203568] pci 0000:00:16.5:   bridge window [mem 0xd9f00000-0xd9ffffff 64bit pref]
[    0.204080] pci 0000:00:16.6: PCI bridge to [bus 11-11]
[    0.204125] pci 0000:00:16.6:   bridge window [mem 0xcbd00000-0xcbdfffff]
[    0.204169] pci 0000:00:16.6:   bridge window [mem 0xda300000-0xda3fffff 64bit pref]
[    0.204634] pci 0000:00:16.7: PCI bridge to [bus 12-12]
[    0.204677] pci 0000:00:16.7:   bridge window [mem 0xcc100000-0xcc1fffff]
[    0.204730] pci 0000:00:16.7:   bridge window [mem 0xda700000-0xda7fffff 64bit pref]
[    0.205191] pci 0000:00:17.0: PCI bridge to [bus 13-13]
[    0.205214] pci 0000:00:17.0:   bridge window [io  0x6000-0x6fff]
[    0.205237] pci 0000:00:17.0:   bridge window [mem 0xca600000-0xca6fffff]
[    0.205280] pci 0000:00:17.0:   bridge window [mem 0xd8c00000-0xd8cfffff 64bit pref]
[    0.205744] pci 0000:00:17.1: PCI bridge to [bus 14-14]
[    0.205766] pci 0000:00:17.1:   bridge window [io  0xa000-0xafff]
[    0.205790] pci 0000:00:17.1:   bridge window [mem 0xcaa00000-0xcaafffff]
[    0.205833] pci 0000:00:17.1:   bridge window [mem 0xd9000000-0xd90fffff 64bit pref]
[    0.206294] pci 0000:00:17.2: PCI bridge to [bus 15-15]
[    0.206317] pci 0000:00:17.2:   bridge window [io  0xe000-0xefff]
[    0.206340] pci 0000:00:17.2:   bridge window [mem 0xcae00000-0xcaefffff]
[    0.206383] pci 0000:00:17.2:   bridge window [mem 0xd9400000-0xd94fffff 64bit pref]
[    0.206863] pci 0000:00:17.3: PCI bridge to [bus 16-16]
[    0.206906] pci 0000:00:17.3:   bridge window [mem 0xcb200000-0xcb2fffff]
[    0.206950] pci 0000:00:17.3:   bridge window [mem 0xd9800000-0xd98fffff 64bit pref]
[    0.207412] pci 0000:00:17.4: PCI bridge to [bus 17-17]
[    0.207455] pci 0000:00:17.4:   bridge window [mem 0xcb600000-0xcb6fffff]
[    0.207498] pci 0000:00:17.4:   bridge window [mem 0xd9c00000-0xd9cfffff 64bit pref]
[    0.208036] pci 0000:00:17.5: PCI bridge to [bus 18-18]
[    0.208084] pci 0000:00:17.5:   bridge window [mem 0xcba00000-0xcbafffff]
[    0.208134] pci 0000:00:17.5:   bridge window [mem 0xda000000-0xda0fffff 64bit pref]
[    0.208661] pci 0000:00:17.6: PCI bridge to [bus 19-19]
[    0.208731] pci 0000:00:17.6:   bridge window [mem 0xcbe00000-0xcbefffff]
[    0.208790] pci 0000:00:17.6:   bridge window [mem 0xda400000-0xda4fffff 64bit pref]
[    0.209316] pci 0000:00:17.7: PCI bridge to [bus 1a-1a]
[    0.209366] pci 0000:00:17.7:   bridge window [mem 0xcc200000-0xcc2fffff]
[    0.209416] pci 0000:00:17.7:   bridge window [mem 0xda800000-0xda8fffff 64bit pref]
[    0.209962] pci 0000:00:18.0: PCI bridge to [bus 1b-1b]
[    0.209988] pci 0000:00:18.0:   bridge window [io  0x7000-0x7fff]
[    0.210014] pci 0000:00:18.0:   bridge window [mem 0xca700000-0xca7fffff]
[    0.210064] pci 0000:00:18.0:   bridge window [mem 0xd8d00000-0xd8dfffff 64bit pref]
[    0.210590] pci 0000:00:18.1: PCI bridge to [bus 1c-1c]
[    0.210616] pci 0000:00:18.1:   bridge window [io  0xb000-0xbfff]
[    0.210642] pci 0000:00:18.1:   bridge window [mem 0xcab00000-0xcabfffff]
[    0.210723] pci 0000:00:18.1:   bridge window [mem 0xd9100000-0xd91fffff 64bit pref]
[    0.211283] pci 0000:00:18.2: PCI bridge to [bus 1d-1d]
[    0.211308] pci 0000:00:18.2:   bridge window [io  0xf000-0xffff]
[    0.211335] pci 0000:00:18.2:   bridge window [mem 0xcaf00000-0xcaffffff]
[    0.211385] pci 0000:00:18.2:   bridge window [mem 0xd9500000-0xd95fffff 64bit pref]
[    0.211955] pci 0000:00:18.3: PCI bridge to [bus 1e-1e]
[    0.212005] pci 0000:00:18.3:   bridge window [mem 0xcb300000-0xcb3fffff]
[    0.212055] pci 0000:00:18.3:   bridge window [mem 0xd9900000-0xd99fffff 64bit pref]
[    0.212584] pci 0000:00:18.4: PCI bridge to [bus 1f-1f]
[    0.212633] pci 0000:00:18.4:   bridge window [mem 0xcb700000-0xcb7fffff]
[    0.212684] pci 0000:00:18.4:   bridge window [mem 0xd9d00000-0xd9dfffff 64bit pref]
[    0.213228] pci 0000:00:18.5: PCI bridge to [bus 20-20]
[    0.213278] pci 0000:00:18.5:   bridge window [mem 0xcbb00000-0xcbbfffff]
[    0.213327] pci 0000:00:18.5:   bridge window [mem 0xda100000-0xda1fffff 64bit pref]
[    0.213874] pci 0000:00:18.6: PCI bridge to [bus 21-21]
[    0.213923] pci 0000:00:18.6:   bridge window [mem 0xcbf00000-0xcbffffff]
[    0.213973] pci 0000:00:18.6:   bridge window [mem 0xda500000-0xda5fffff 64bit pref]
[    0.214498] pci 0000:00:18.7: PCI bridge to [bus 22-22]
[    0.214547] pci 0000:00:18.7:   bridge window [mem 0xcc300000-0xcc3fffff]
[    0.214597] pci 0000:00:18.7:   bridge window [mem 0xda900000-0xda9fffff 64bit pref]
[    0.216601] pci_bus 0000:00: on NUMA node 0
[    0.216607] ACPI: PCI Interrupt Routing Table [\_SB_.PCI0._PRT]
[    0.217444]  pci0000:00: Requesting ACPI _OSC control (0x1d)
[    0.217750]  pci0000:00: ACPI _OSC control (0x15) granted
[    0.303797] ACPI: PCI Interrupt Link [LNKA] (IRQs 3 4 5 6 7 *9 10 11 14 15)
[    0.303868] ACPI: PCI Interrupt Link [LNKB] (IRQs 3 4 5 6 7 9 10 *11 14 15)
[    0.303934] ACPI: PCI Interrupt Link [LNKC] (IRQs 3 4 5 6 7 9 *10 11 14 15)
[    0.304000] ACPI: PCI Interrupt Link [LNKD] (IRQs 3 4 *5 6 7 9 10 11 14 15)
[    0.304134] vgaarb: device added: PCI:0000:00:0f.0,decodes=io+mem,owns=io+mem,locks=none
[    0.304143] vgaarb: loaded
[    0.304144] vgaarb: bridge control possible 0000:00:0f.0
[    0.304223] i2c-core: driver [aat2870] using legacy suspend method
[    0.304224] i2c-core: driver [aat2870] using legacy resume method
[    0.304285] SCSI subsystem initialized
[    0.304323] libata version 3.00 loaded.
[    0.304352] usbcore: registered new interface driver usbfs
[    0.304362] usbcore: registered new interface driver hub
[    0.304384] usbcore: registered new device driver usb
[    0.304447] PCI: Using ACPI for IRQ routing
[    0.384196] PCI: pci_cache_line_size set to 64 bytes
[    0.384220] pci 0000:00:18.2: no compatible bridge window for [io  0xf000-0xffff]
[    0.385439] reserve RAM buffer: 000000000009f000 - 000000000009ffff 
[    0.385442] reserve RAM buffer: 000000003fee0000 - 000000003fffffff 
[    0.385573] NetLabel: Initializing
[    0.385575] NetLabel:  domain hash size = 128
[    0.385576] NetLabel:  protocols = UNLABELED CIPSOv4
[    0.385586] NetLabel:  unlabeled traffic allowed by default
[    0.385657] hpet0: at MMIO 0xfed00000, IRQs 2, 8, 0, 0, 0, 0, 0, 0, 0, 0, 0, 0, 0, 0, 0, 0
[    0.385666] hpet0: 16 comparators, 64-bit 14.318180 MHz counter
[    0.388704] Switching to clocksource hpet
[    0.395845] AppArmor: AppArmor Filesystem Enabled
[    0.395865] pnp: PnP ACPI init
[    0.395880] ACPI: bus type pnp registered
[    0.396498] pnp 00:00: [bus 00-ff]
[    0.396501] pnp 00:00: [mem 0x000a0000-0x000bffff window]
[    0.396502] pnp 00:00: [mem 0x000c0000-0x000c3fff window]
[    0.396504] pnp 00:00: [mem 0x000c4000-0x000c7fff window]
[    0.396505] pnp 00:00: [mem 0x000c8000-0x000cbfff window]
[    0.396507] pnp 00:00: [mem 0x000cc000-0x000cffff window]
[    0.396508] pnp 00:00: [mem 0x000d0000-0x000d3fff window]
[    0.396510] pnp 00:00: [mem 0x000d4000-0x000d7fff window]
[    0.396511] pnp 00:00: [mem 0x000d8000-0x000dbfff window]
[    0.396512] pnp 00:00: [mem 0x000dc000-0x000dffff window]
[    0.396514] pnp 00:00: [mem 0x000e0000-0x000e3fff window]
[    0.396515] pnp 00:00: [mem 0x000e4000-0x000e7fff window]
[    0.396517] pnp 00:00: [mem 0x000e8000-0x000ebfff window]
[    0.396518] pnp 00:00: [mem 0x000ec000-0x000effff window]
[    0.396520] pnp 00:00: [mem 0xc0000000-0xfebfffff window]
[    0.396521] pnp 00:00: [io  0x0cf8-0x0cff]
[    0.396523] pnp 00:00: [io  0x0000-0x0cf7 window]
[    0.396524] pnp 00:00: [io  0x0d00-0xfeff window]
[    0.396561] pnp 00:00: Plug and Play ACPI device, IDs PNP0a03 PNP0a08 (active)
[    0.396622] pnp 00:01: [io  0x0010-0x001f]
[    0.396623] pnp 00:01: [io  0x0024-0x0025]
[    0.396624] pnp 00:01: [io  0x0028-0x0029]
[    0.396625] pnp 00:01: [io  0x002c-0x002d]
[    0.396626] pnp 00:01: [io  0x002e-0x002f]
[    0.396627] pnp 00:01: [io  0x0030-0x0031]
[    0.396629] pnp 00:01: [io  0x0034-0x0035]
[    0.396630] pnp 00:01: [io  0x0038-0x0039]
[    0.396631] pnp 00:01: [io  0x003c-0x003d]
[    0.396632] pnp 00:01: [io  0x0050-0x0053]
[    0.396633] pnp 00:01: [io  0x0072-0x0077]
[    0.396634] pnp 00:01: [io  0x0080]
[    0.396635] pnp 00:01: [io  0x0090-0x009f]
[    0.396637] pnp 00:01: [io  0x00a4-0x00a5]
[    0.396638] pnp 00:01: [io  0x00a8-0x00a9]
[    0.396639] pnp 00:01: [io  0x00ac-0x00ad]
[    0.396640] pnp 00:01: [io  0x00b0-0x00b5]
[    0.396641] pnp 00:01: [io  0x00b8-0x00b9]
[    0.396642] pnp 00:01: [io  0x00bc-0x00bd]
[    0.396644] pnp 00:01: [io  0x1000-0x103f]
[    0.396645] pnp 00:01: [io  0x1040-0x104f]
[    0.396646] pnp 00:01: [io  0x0cf0-0x0cf1]
[    0.396703] system 00:01: [io  0x1000-0x103f] has been reserved
[    0.396707] system 00:01: [io  0x1040-0x104f] has been reserved
[    0.396709] system 00:01: [io  0x0cf0-0x0cf1] has been reserved
[    0.396711] system 00:01: Plug and Play ACPI device, IDs PNP0c02 (active)
[    0.396718] pnp 00:02: [io  0x0000-0x000f]
[    0.396719] pnp 00:02: [io  0x0081-0x008f]
[    0.396720] pnp 00:02: [io  0x00c0-0x00df]
[    0.396722] pnp 00:02: [dma 4]
[    0.396737] pnp 00:02: Plug and Play ACPI device, IDs PNP0200 (active)
[    0.396742] pnp 00:03: [io  0x0020-0x0021]
[    0.396744] pnp 00:03: [io  0x00a0-0x00a1]
[    0.396745] pnp 00:03: [io  0x04d0-0x04d1]
[    0.396746] pnp 00:03: [irq 2 disabled]
[    0.396762] pnp 00:03: Plug and Play ACPI device, IDs PNP0001 (active)
[    0.396768] pnp 00:04: [io  0x0070-0x0071]
[    0.396770] pnp 00:04: [irq 8]
[    0.396783] pnp 00:04: Plug and Play ACPI device, IDs PNP0b00 (active)
[    0.396787] pnp 00:05: [io  0x0061]
[    0.396800] pnp 00:05: Plug and Play ACPI device, IDs PNP0800 (active)
[    0.396804] pnp 00:06: [io  0x0060]
[    0.396805] pnp 00:06: [io  0x0064]
[    0.396807] pnp 00:06: [irq 1]
[    0.396822] pnp 00:06: Plug and Play ACPI device, IDs PNP0303 (active)
[    0.396827] pnp 00:07: [irq 12]
[    0.396839] pnp 00:07: Plug and Play ACPI device, IDs PNP0f13 (active)
[    0.397020] pnp 00:08: [mem 0xfed00000-0xfed003ff]
[    0.397055] system 00:08: [mem 0xfed00000-0xfed003ff] has been reserved
[    0.397057] system 00:08: Plug and Play ACPI device, IDs PNP0103 PNP0c01 (active)
[    0.401371] pnp 00:09: [io  0x0378-0x037f]
[    0.401374] pnp 00:09: [irq 7]
[    0.402547] pnp 00:09: Plug and Play ACPI device, IDs PNP0400 (active)
[    0.406705] pnp 00:0a: [io  0x03f8-0x03ff]
[    0.406708] pnp 00:0a: [irq 4]
[    0.407813] pnp 00:0a: Plug and Play ACPI device, IDs PNP0501 (active)
[    0.411091] pnp 00:0b: [io  0x02f8-0x02ff]
[    0.411094] pnp 00:0b: [irq 3]
[    0.412240] pnp 00:0b: Plug and Play ACPI device, IDs PNP0501 (active)
[    0.417162] pnp 00:0c: [io  0x03f0-0x03f5]
[    0.417164] pnp 00:0c: [io  0x03f7]
[    0.417166] pnp 00:0c: [irq 6]
[    0.417167] pnp 00:0c: [dma 2]
[    0.418166] pnp 00:0c: Plug and Play ACPI device, IDs PNP0700 (active)
[    0.418321] pnp 00:0d: [mem 0xe0000000-0xefffffff]
[    0.418323] pnp 00:0d: [io  0x1060-0x107f]
[    0.418324] pnp 00:0d: [mem 0xc8200000-0xc83fffff]
[    0.418366] system 00:0d: [io  0x1060-0x107f] has been reserved
[    0.418369] system 00:0d: [mem 0xe0000000-0xefffffff] has been reserved
[    0.418371] system 00:0d: [mem 0xc8200000-0xc83fffff] has been reserved
[    0.418373] system 00:0d: Plug and Play ACPI device, IDs PNP0c02 (active)
[    0.423323] pnp: PnP ACPI: found 14 devices
[    0.423325] ACPI: ACPI bus type pnp unregistered
[    0.423329] PnPBIOS: Disabled by ACPI PNP
[    0.459094] PCI: max bus depth: 1 pci_try_num: 2
[    0.460660] pci 0000:00:0f.0: BAR 6: assigned [mem 0xc0000000-0xc0007fff pref]
[    0.460665] pci 0000:00:10.0: BAR 6: assigned [mem 0xc0008000-0xc000bfff pref]
[    0.460670] pci 0000:00:18.7: BAR 13: can't assign io (size 0x1000)
[    0.460673] pci 0000:00:18.6: BAR 13: can't assign io (size 0x1000)
[    0.460676] pci 0000:00:18.5: BAR 13: can't assign io (size 0x1000)
[    0.460679] pci 0000:00:18.4: BAR 13: can't assign io (size 0x1000)
[    0.460682] pci 0000:00:18.3: BAR 13: can't assign io (size 0x1000)
[    0.460685] pci 0000:00:18.2: BAR 13: can't assign io (size 0x1000)
[    0.460688] pci 0000:00:17.7: BAR 13: can't assign io (size 0x1000)
[    0.460691] pci 0000:00:17.6: BAR 13: can't assign io (size 0x1000)
[    0.460694] pci 0000:00:17.5: BAR 13: can't assign io (size 0x1000)
[    0.460697] pci 0000:00:17.4: BAR 13: can't assign io (size 0x1000)
[    0.460700] pci 0000:00:17.3: BAR 13: can't assign io (size 0x1000)
[    0.460703] pci 0000:00:16.7: BAR 13: can't assign io (size 0x1000)
[    0.460706] pci 0000:00:16.6: BAR 13: can't assign io (size 0x1000)
[    0.460709] pci 0000:00:16.5: BAR 13: can't assign io (size 0x1000)
[    0.460712] pci 0000:00:16.4: BAR 13: can't assign io (size 0x1000)
[    0.460715] pci 0000:00:16.3: BAR 13: can't assign io (size 0x1000)
[    0.460718] pci 0000:00:15.7: BAR 13: can't assign io (size 0x1000)
[    0.460721] pci 0000:00:15.6: BAR 13: can't assign io (size 0x1000)
[    0.460724] pci 0000:00:15.5: BAR 13: can't assign io (size 0x1000)
[    0.460727] pci 0000:00:15.4: BAR 13: can't assign io (size 0x1000)
[    0.460729] pci 0000:00:15.3: BAR 13: can't assign io (size 0x1000)
[    0.460732] pci 0000:00:01.0: PCI bridge to [bus 01-01]
[    0.460788] pci 0000:02:01.0: BAR 6: assigned [mem 0xd8400000-0xd840ffff pref]
[    0.460790] pci 0000:00:11.0: PCI bridge to [bus 02-02]
[    0.460804] pci 0000:00:11.0:   bridge window [io  0x2000-0x3fff]
[    0.460839] pci 0000:00:11.0:   bridge window [mem 0xc9000000-0xca3fffff]
[    0.460863] pci 0000:00:11.0:   bridge window [mem 0xd8400000-0xd89fffff 64bit pref]
[    0.460907] pci 0000:00:15.0: PCI bridge to [bus 03-03]
[    0.460935] pci 0000:00:15.0:   bridge window [io  0x4000-0x4fff]
[    0.460972] pci 0000:00:15.0:   bridge window [mem 0xca400000-0xca4fffff]
[    0.460995] pci 0000:00:15.0:   bridge window [mem 0xd8a00000-0xd8afffff 64bit pref]
[    0.461051] pci 0000:00:15.1: PCI bridge to [bus 04-04]
[    0.461065] pci 0000:00:15.1:   bridge window [io  0x8000-0x8fff]
[    0.461100] pci 0000:00:15.1:   bridge window [mem 0xca800000-0xca8fffff]
[    0.461124] pci 0000:00:15.1:   bridge window [mem 0xd8e00000-0xd8efffff 64bit pref]
[    0.461173] pci 0000:00:15.2: PCI bridge to [bus 05-05]
[    0.461187] pci 0000:00:15.2:   bridge window [io  0xc000-0xcfff]
[    0.461221] pci 0000:00:15.2:   bridge window [mem 0xcac00000-0xcacfffff]
[    0.461245] pci 0000:00:15.2:   bridge window [mem 0xd9200000-0xd92fffff 64bit pref]
[    0.461294] pci 0000:00:15.3: PCI bridge to [bus 06-06]
[    0.461328] pci 0000:00:15.3:   bridge window [mem 0xcb000000-0xcb0fffff]
[    0.461352] pci 0000:00:15.3:   bridge window [mem 0xd9600000-0xd96fffff 64bit pref]
[    0.461400] pci 0000:00:15.4: PCI bridge to [bus 07-07]
[    0.461435] pci 0000:00:15.4:   bridge window [mem 0xcb400000-0xcb4fffff]
[    0.461459] pci 0000:00:15.4:   bridge window [mem 0xd9a00000-0xd9afffff 64bit pref]
[    0.461507] pci 0000:00:15.5: PCI bridge to [bus 08-08]
[    0.461542] pci 0000:00:15.5:   bridge window [mem 0xcb800000-0xcb8fffff]
[    0.461565] pci 0000:00:15.5:   bridge window [mem 0xd9e00000-0xd9efffff 64bit pref]
[    0.461614] pci 0000:00:15.6: PCI bridge to [bus 09-09]
[    0.461648] pci 0000:00:15.6:   bridge window [mem 0xcbc00000-0xcbcfffff]
[    0.461671] pci 0000:00:15.6:   bridge window [mem 0xda200000-0xda2fffff 64bit pref]
[    0.461720] pci 0000:00:15.7: PCI bridge to [bus 0a-0a]
[    0.461754] pci 0000:00:15.7:   bridge window [mem 0xcc000000-0xcc0fffff]
[    0.461778] pci 0000:00:15.7:   bridge window [mem 0xda600000-0xda6fffff 64bit pref]
[    0.461827] pci 0000:00:16.0: PCI bridge to [bus 0b-0b]
[    0.461841] pci 0000:00:16.0:   bridge window [io  0x5000-0x5fff]
[    0.461875] pci 0000:00:16.0:   bridge window [mem 0xca500000-0xca5fffff]
[    0.461899] pci 0000:00:16.0:   bridge window [mem 0xd8b00000-0xd8bfffff 64bit pref]
[    0.461950] pci 0000:00:16.1: PCI bridge to [bus 0c-0c]
[    0.461964] pci 0000:00:16.1:   bridge window [io  0x9000-0x9fff]
[    0.461998] pci 0000:00:16.1:   bridge window [mem 0xca900000-0xca9fffff]
[    0.462022] pci 0000:00:16.1:   bridge window [mem 0xd8f00000-0xd8ffffff 64bit pref]
[    0.462071] pci 0000:00:16.2: PCI bridge to [bus 0d-0d]
[    0.462085] pci 0000:00:16.2:   bridge window [io  0xd000-0xdfff]
[    0.462119] pci 0000:00:16.2:   bridge window [mem 0xcad00000-0xcadfffff]
[    0.462142] pci 0000:00:16.2:   bridge window [mem 0xd9300000-0xd93fffff 64bit pref]
[    0.462191] pci 0000:00:16.3: PCI bridge to [bus 0e-0e]
[    0.462225] pci 0000:00:16.3:   bridge window [mem 0xcb100000-0xcb1fffff]
[    0.462249] pci 0000:00:16.3:   bridge window [mem 0xd9700000-0xd97fffff 64bit pref]
[    0.462298] pci 0000:00:16.4: PCI bridge to [bus 0f-0f]
[    0.462331] pci 0000:00:16.4:   bridge window [mem 0xcb500000-0xcb5fffff]
[    0.462355] pci 0000:00:16.4:   bridge window [mem 0xd9b00000-0xd9bfffff 64bit pref]
[    0.462403] pci 0000:00:16.5: PCI bridge to [bus 10-10]
[    0.462437] pci 0000:00:16.5:   bridge window [mem 0xcb900000-0xcb9fffff]
[    0.462461] pci 0000:00:16.5:   bridge window [mem 0xd9f00000-0xd9ffffff 64bit pref]
[    0.462509] pci 0000:00:16.6: PCI bridge to [bus 11-11]
[    0.462544] pci 0000:00:16.6:   bridge window [mem 0xcbd00000-0xcbdfffff]
[    0.462567] pci 0000:00:16.6:   bridge window [mem 0xda300000-0xda3fffff 64bit pref]
[    0.462616] pci 0000:00:16.7: PCI bridge to [bus 12-12]
[    0.462650] pci 0000:00:16.7:   bridge window [mem 0xcc100000-0xcc1fffff]
[    0.462674] pci 0000:00:16.7:   bridge window [mem 0xda700000-0xda7fffff 64bit pref]
[    0.462722] pci 0000:00:17.0: PCI bridge to [bus 13-13]
[    0.462736] pci 0000:00:17.0:   bridge window [io  0x6000-0x6fff]
[    0.462770] pci 0000:00:17.0:   bridge window [mem 0xca600000-0xca6fffff]
[    0.462794] pci 0000:00:17.0:   bridge window [mem 0xd8c00000-0xd8cfffff 64bit pref]
[    0.462843] pci 0000:00:17.1: PCI bridge to [bus 14-14]
[    0.462856] pci 0000:00:17.1:   bridge window [io  0xa000-0xafff]
[    0.462890] pci 0000:00:17.1:   bridge window [mem 0xcaa00000-0xcaafffff]
[    0.462923] pci 0000:00:17.1:   bridge window [mem 0xd9000000-0xd90fffff 64bit pref]
[    0.462972] pci 0000:00:17.2: PCI bridge to [bus 15-15]
[    0.462986] pci 0000:00:17.2:   bridge window [io  0xe000-0xefff]
[    0.463020] pci 0000:00:17.2:   bridge window [mem 0xcae00000-0xcaefffff]
[    0.463044] pci 0000:00:17.2:   bridge window [mem 0xd9400000-0xd94fffff 64bit pref]
[    0.463092] pci 0000:00:17.3: PCI bridge to [bus 16-16]
[    0.463127] pci 0000:00:17.3:   bridge window [mem 0xcb200000-0xcb2fffff]
[    0.463150] pci 0000:00:17.3:   bridge window [mem 0xd9800000-0xd98fffff 64bit pref]
[    0.463199] pci 0000:00:17.4: PCI bridge to [bus 17-17]
[    0.463233] pci 0000:00:17.4:   bridge window [mem 0xcb600000-0xcb6fffff]
[    0.463256] pci 0000:00:17.4:   bridge window [mem 0xd9c00000-0xd9cfffff 64bit pref]
[    0.463305] pci 0000:00:17.5: PCI bridge to [bus 18-18]
[    0.463339] pci 0000:00:17.5:   bridge window [mem 0xcba00000-0xcbafffff]
[    0.463363] pci 0000:00:17.5:   bridge window [mem 0xda000000-0xda0fffff 64bit pref]
[    0.463412] pci 0000:00:17.6: PCI bridge to [bus 19-19]
[    0.463446] pci 0000:00:17.6:   bridge window [mem 0xcbe00000-0xcbefffff]
[    0.463469] pci 0000:00:17.6:   bridge window [mem 0xda400000-0xda4fffff 64bit pref]
[    0.463518] pci 0000:00:17.7: PCI bridge to [bus 1a-1a]
[    0.463552] pci 0000:00:17.7:   bridge window [mem 0xcc200000-0xcc2fffff]
[    0.463576] pci 0000:00:17.7:   bridge window [mem 0xda800000-0xda8fffff 64bit pref]
[    0.463625] pci 0000:00:18.0: PCI bridge to [bus 1b-1b]
[    0.463639] pci 0000:00:18.0:   bridge window [io  0x7000-0x7fff]
[    0.463673] pci 0000:00:18.0:   bridge window [mem 0xca700000-0xca7fffff]
[    0.463696] pci 0000:00:18.0:   bridge window [mem 0xd8d00000-0xd8dfffff 64bit pref]
[    0.463745] pci 0000:00:18.1: PCI bridge to [bus 1c-1c]
[    0.463758] pci 0000:00:18.1:   bridge window [io  0xb000-0xbfff]
[    0.463793] pci 0000:00:18.1:   bridge window [mem 0xcab00000-0xcabfffff]
[    0.463817] pci 0000:00:18.1:   bridge window [mem 0xd9100000-0xd91fffff 64bit pref]
[    0.463865] pci 0000:00:18.2: PCI bridge to [bus 1d-1d]
[    0.463899] pci 0000:00:18.2:   bridge window [mem 0xcaf00000-0xcaffffff]
[    0.463932] pci 0000:00:18.2:   bridge window [mem 0xd9500000-0xd95fffff 64bit pref]
[    0.463980] pci 0000:00:18.3: PCI bridge to [bus 1e-1e]
[    0.464015] pci 0000:00:18.3:   bridge window [mem 0xcb300000-0xcb3fffff]
[    0.464038] pci 0000:00:18.3:   bridge window [mem 0xd9900000-0xd99fffff 64bit pref]
[    0.464087] pci 0000:00:18.4: PCI bridge to [bus 1f-1f]
[    0.464121] pci 0000:00:18.4:   bridge window [mem 0xcb700000-0xcb7fffff]
[    0.464145] pci 0000:00:18.4:   bridge window [mem 0xd9d00000-0xd9dfffff 64bit pref]
[    0.464194] pci 0000:00:18.5: PCI bridge to [bus 20-20]
[    0.464228] pci 0000:00:18.5:   bridge window [mem 0xcbb00000-0xcbbfffff]
[    0.464252] pci 0000:00:18.5:   bridge window [mem 0xda100000-0xda1fffff 64bit pref]
[    0.464300] pci 0000:00:18.6: PCI bridge to [bus 21-21]
[    0.464335] pci 0000:00:18.6:   bridge window [mem 0xcbf00000-0xcbffffff]
[    0.464359] pci 0000:00:18.6:   bridge window [mem 0xda500000-0xda5fffff 64bit pref]
[    0.464407] pci 0000:00:18.7: PCI bridge to [bus 22-22]
[    0.464441] pci 0000:00:18.7:   bridge window [mem 0xcc300000-0xcc3fffff]
[    0.464465] pci 0000:00:18.7:   bridge window [mem 0xda900000-0xda9fffff 64bit pref]
[    0.464520] pci 0000:00:01.0: setting latency timer to 64
[    0.464624] pci 0000:00:15.0: setting latency timer to 64
[    0.464679] pci 0000:00:15.1: setting latency timer to 64
[    0.464735] pci 0000:00:15.2: setting latency timer to 64
[    0.464790] pci 0000:00:15.3: setting latency timer to 64
[    0.464846] pci 0000:00:15.4: setting latency timer to 64
[    0.464902] pci 0000:00:15.5: setting latency timer to 64
[    0.464957] pci 0000:00:15.6: setting latency timer to 64
[    0.465013] pci 0000:00:15.7: setting latency timer to 64
[    0.465069] pci 0000:00:16.0: setting latency timer to 64
[    0.465124] pci 0000:00:16.1: setting latency timer to 64
[    0.465180] pci 0000:00:16.2: setting latency timer to 64
[    0.465235] pci 0000:00:16.3: setting latency timer to 64
[    0.465291] pci 0000:00:16.4: setting latency timer to 64
[    0.465347] pci 0000:00:16.5: setting latency timer to 64
[    0.465402] pci 0000:00:16.6: setting latency timer to 64
[    0.465458] pci 0000:00:16.7: setting latency timer to 64
[    0.465514] pci 0000:00:17.0: setting latency timer to 64
[    0.465569] pci 0000:00:17.1: setting latency timer to 64
[    0.465625] pci 0000:00:17.2: setting latency timer to 64
[    0.465680] pci 0000:00:17.3: setting latency timer to 64
[    0.465736] pci 0000:00:17.4: setting latency timer to 64
[    0.465792] pci 0000:00:17.5: setting latency timer to 64
[    0.465847] pci 0000:00:17.6: setting latency timer to 64
[    0.465903] pci 0000:00:17.7: setting latency timer to 64
[    0.465959] pci 0000:00:18.0: setting latency timer to 64
[    0.466014] pci 0000:00:18.1: setting latency timer to 64
[    0.466070] pci 0000:00:18.2: setting latency timer to 64
[    0.466125] pci 0000:00:18.3: setting latency timer to 64
[    0.466181] pci 0000:00:18.4: setting latency timer to 64
[    0.466237] pci 0000:00:18.5: setting latency timer to 64
[    0.466292] pci 0000:00:18.6: setting latency timer to 64
[    0.466348] pci 0000:00:18.7: setting latency timer to 64
[    0.466362] pci_bus 0000:00: resource 4 [mem 0x000a0000-0x000bffff]
[    0.466364] pci_bus 0000:00: resource 5 [mem 0x000cc000-0x000cffff]
[    0.466366] pci_bus 0000:00: resource 6 [mem 0x000d0000-0x000d3fff]
[    0.466368] pci_bus 0000:00: resource 7 [mem 0x000d4000-0x000d7fff]
[    0.466370] pci_bus 0000:00: resource 8 [mem 0x000d8000-0x000dbfff]
[    0.466372] pci_bus 0000:00: resource 9 [mem 0xc0000000-0xfebfffff]
[    0.466375] pci_bus 0000:00: resource 10 [io  0x0000-0x0cf7]
[    0.466377] pci_bus 0000:00: resource 11 [io  0x0d00-0xfeff]
[    0.466379] pci_bus 0000:02: resource 0 [io  0x2000-0x3fff]
[    0.466381] pci_bus 0000:02: resource 1 [mem 0xc9000000-0xca3fffff]
[    0.466383] pci_bus 0000:02: resource 2 [mem 0xd8400000-0xd89fffff 64bit pref]
[    0.466386] pci_bus 0000:02: resource 4 [mem 0x000a0000-0x000bffff]
[    0.466388] pci_bus 0000:02: resource 5 [mem 0x000cc000-0x000cffff]
[    0.466390] pci_bus 0000:02: resource 6 [mem 0x000d0000-0x000d3fff]
[    0.466392] pci_bus 0000:02: resource 7 [mem 0x000d4000-0x000d7fff]
[    0.466394] pci_bus 0000:02: resource 8 [mem 0x000d8000-0x000dbfff]
[    0.466396] pci_bus 0000:02: resource 9 [mem 0xc0000000-0xfebfffff]
[    0.466398] pci_bus 0000:02: resource 10 [io  0x0000-0x0cf7]
[    0.466400] pci_bus 0000:02: resource 11 [io  0x0d00-0xfeff]
[    0.466402] pci_bus 0000:03: resource 0 [io  0x4000-0x4fff]
[    0.466404] pci_bus 0000:03: resource 1 [mem 0xca400000-0xca4fffff]
[    0.466406] pci_bus 0000:03: resource 2 [mem 0xd8a00000-0xd8afffff 64bit pref]
[    0.466408] pci_bus 0000:04: resource 0 [io  0x8000-0x8fff]
[    0.466410] pci_bus 0000:04: resource 1 [mem 0xca800000-0xca8fffff]
[    0.466412] pci_bus 0000:04: resource 2 [mem 0xd8e00000-0xd8efffff 64bit pref]
[    0.466415] pci_bus 0000:05: resource 0 [io  0xc000-0xcfff]
[    0.466417] pci_bus 0000:05: resource 1 [mem 0xcac00000-0xcacfffff]
[    0.466419] pci_bus 0000:05: resource 2 [mem 0xd9200000-0xd92fffff 64bit pref]
[    0.466421] pci_bus 0000:06: resource 1 [mem 0xcb000000-0xcb0fffff]
[    0.466423] pci_bus 0000:06: resource 2 [mem 0xd9600000-0xd96fffff 64bit pref]
[    0.466425] pci_bus 0000:07: resource 1 [mem 0xcb400000-0xcb4fffff]
[    0.466427] pci_bus 0000:07: resource 2 [mem 0xd9a00000-0xd9afffff 64bit pref]
[    0.466430] pci_bus 0000:08: resource 1 [mem 0xcb800000-0xcb8fffff]
[    0.466432] pci_bus 0000:08: resource 2 [mem 0xd9e00000-0xd9efffff 64bit pref]
[    0.466434] pci_bus 0000:09: resource 1 [mem 0xcbc00000-0xcbcfffff]
[    0.466436] pci_bus 0000:09: resource 2 [mem 0xda200000-0xda2fffff 64bit pref]
[    0.466438] pci_bus 0000:0a: resource 1 [mem 0xcc000000-0xcc0fffff]
[    0.466441] pci_bus 0000:0a: resource 2 [mem 0xda600000-0xda6fffff 64bit pref]
[    0.466443] pci_bus 0000:0b: resource 0 [io  0x5000-0x5fff]
[    0.466445] pci_bus 0000:0b: resource 1 [mem 0xca500000-0xca5fffff]
[    0.466447] pci_bus 0000:0b: resource 2 [mem 0xd8b00000-0xd8bfffff 64bit pref]
[    0.466449] pci_bus 0000:0c: resource 0 [io  0x9000-0x9fff]
[    0.466451] pci_bus 0000:0c: resource 1 [mem 0xca900000-0xca9fffff]
[    0.466453] pci_bus 0000:0c: resource 2 [mem 0xd8f00000-0xd8ffffff 64bit pref]
[    0.466455] pci_bus 0000:0d: resource 0 [io  0xd000-0xdfff]
[    0.466457] pci_bus 0000:0d: resource 1 [mem 0xcad00000-0xcadfffff]
[    0.466459] pci_bus 0000:0d: resource 2 [mem 0xd9300000-0xd93fffff 64bit pref]
[    0.466462] pci_bus 0000:0e: resource 1 [mem 0xcb100000-0xcb1fffff]
[    0.466464] pci_bus 0000:0e: resource 2 [mem 0xd9700000-0xd97fffff 64bit pref]
[    0.466466] pci_bus 0000:0f: resource 1 [mem 0xcb500000-0xcb5fffff]
[    0.466468] pci_bus 0000:0f: resource 2 [mem 0xd9b00000-0xd9bfffff 64bit pref]
[    0.466470] pci_bus 0000:10: resource 1 [mem 0xcb900000-0xcb9fffff]
[    0.466472] pci_bus 0000:10: resource 2 [mem 0xd9f00000-0xd9ffffff 64bit pref]
[    0.466475] pci_bus 0000:11: resource 1 [mem 0xcbd00000-0xcbdfffff]
[    0.466477] pci_bus 0000:11: resource 2 [mem 0xda300000-0xda3fffff 64bit pref]
[    0.466479] pci_bus 0000:12: resource 1 [mem 0xcc100000-0xcc1fffff]
[    0.466481] pci_bus 0000:12: resource 2 [mem 0xda700000-0xda7fffff 64bit pref]
[    0.466483] pci_bus 0000:13: resource 0 [io  0x6000-0x6fff]
[    0.466485] pci_bus 0000:13: resource 1 [mem 0xca600000-0xca6fffff]
[    0.466487] pci_bus 0000:13: resource 2 [mem 0xd8c00000-0xd8cfffff 64bit pref]
[    0.466490] pci_bus 0000:14: resource 0 [io  0xa000-0xafff]
[    0.466492] pci_bus 0000:14: resource 1 [mem 0xcaa00000-0xcaafffff]
[    0.466494] pci_bus 0000:14: resource 2 [mem 0xd9000000-0xd90fffff 64bit pref]
[    0.466496] pci_bus 0000:15: resource 0 [io  0xe000-0xefff]
[    0.466498] pci_bus 0000:15: resource 1 [mem 0xcae00000-0xcaefffff]
[    0.466500] pci_bus 0000:15: resource 2 [mem 0xd9400000-0xd94fffff 64bit pref]
[    0.466502] pci_bus 0000:16: resource 1 [mem 0xcb200000-0xcb2fffff]
[    0.466504] pci_bus 0000:16: resource 2 [mem 0xd9800000-0xd98fffff 64bit pref]
[    0.466507] pci_bus 0000:17: resource 1 [mem 0xcb600000-0xcb6fffff]
[    0.466509] pci_bus 0000:17: resource 2 [mem 0xd9c00000-0xd9cfffff 64bit pref]
[    0.466511] pci_bus 0000:18: resource 1 [mem 0xcba00000-0xcbafffff]
[    0.466513] pci_bus 0000:18: resource 2 [mem 0xda000000-0xda0fffff 64bit pref]
[    0.466515] pci_bus 0000:19: resource 1 [mem 0xcbe00000-0xcbefffff]
[    0.466518] pci_bus 0000:19: resource 2 [mem 0xda400000-0xda4fffff 64bit pref]
[    0.466520] pci_bus 0000:1a: resource 1 [mem 0xcc200000-0xcc2fffff]
[    0.466522] pci_bus 0000:1a: resource 2 [mem 0xda800000-0xda8fffff 64bit pref]
[    0.466524] pci_bus 0000:1b: resource 0 [io  0x7000-0x7fff]
[    0.466526] pci_bus 0000:1b: resource 1 [mem 0xca700000-0xca7fffff]
[    0.466528] pci_bus 0000:1b: resource 2 [mem 0xd8d00000-0xd8dfffff 64bit pref]
[    0.466530] pci_bus 0000:1c: resource 0 [io  0xb000-0xbfff]
[    0.466532] pci_bus 0000:1c: resource 1 [mem 0xcab00000-0xcabfffff]
[    0.466534] pci_bus 0000:1c: resource 2 [mem 0xd9100000-0xd91fffff 64bit pref]
[    0.466537] pci_bus 0000:1d: resource 1 [mem 0xcaf00000-0xcaffffff]
[    0.466539] pci_bus 0000:1d: resource 2 [mem 0xd9500000-0xd95fffff 64bit pref]
[    0.466541] pci_bus 0000:1e: resource 1 [mem 0xcb300000-0xcb3fffff]
[    0.466543] pci_bus 0000:1e: resource 2 [mem 0xd9900000-0xd99fffff 64bit pref]
[    0.466545] pci_bus 0000:1f: resource 1 [mem 0xcb700000-0xcb7fffff]
[    0.466548] pci_bus 0000:1f: resource 2 [mem 0xd9d00000-0xd9dfffff 64bit pref]
[    0.466550] pci_bus 0000:20: resource 1 [mem 0xcbb00000-0xcbbfffff]
[    0.466552] pci_bus 0000:20: resource 2 [mem 0xda100000-0xda1fffff 64bit pref]
[    0.466554] pci_bus 0000:21: resource 1 [mem 0xcbf00000-0xcbffffff]
[    0.466556] pci_bus 0000:21: resource 2 [mem 0xda500000-0xda5fffff 64bit pref]
[    0.466558] pci_bus 0000:22: resource 1 [mem 0xcc300000-0xcc3fffff]
[    0.466561] pci_bus 0000:22: resource 2 [mem 0xda900000-0xda9fffff 64bit pref]
[    0.466595] NET: Registered protocol family 2
[    0.466635] IP route cache hash table entries: 32768 (order: 5, 131072 bytes)
[    0.466690] TCP established hash table entries: 131072 (order: 8, 1048576 bytes)
[    0.466746] TCP bind hash table entries: 65536 (order: 7, 524288 bytes)
[    0.466801] TCP: Hash tables configured (established 131072 bind 65536)
[    0.466804] TCP reno registered
[    0.466807] UDP hash table entries: 512 (order: 2, 16384 bytes)
[    0.466814] UDP-Lite hash table entries: 512 (order: 2, 16384 bytes)
[    0.466852] NET: Registered protocol family 1
[    0.466860] pci 0000:00:00.0: Limiting direct PCI/PCI transfers
[    0.466915] pci 0000:00:0f.0: Boot video device
[    0.466971] ACPI: PCI Interrupt Link [LNKC] enabled at IRQ 10
[    0.466974] PCI: setting IRQ 10 as level-triggered
[    0.466981] pci 0000:02:00.0: PCI INT A -> Link[LNKC] -> GSI 10 (level, low) -> IRQ 10
[    0.467085] pci 0000:02:00.0: PCI INT A disabled
[    0.467140] ACPI: PCI Interrupt Link [LNKB] enabled at IRQ 11
[    0.467143] PCI: setting IRQ 11 as level-triggered
[    0.467146] pci 0000:02:03.0: PCI INT A -> Link[LNKB] -> GSI 11 (level, low) -> IRQ 11
[    0.467202] pci 0000:02:03.0: PCI INT A disabled
[    0.467217] PCI: CLS 32 bytes, default 64
[    0.467259] Simple Boot Flag at 0x36 set to 0x1
[    0.467263] Switching to clocksource tsc
[    0.467476] audit: initializing netlink socket (disabled)
[    0.467483] type=2000 audit(1369639330.450:1): initialized
[    0.480730] Trying to unpack rootfs image as initramfs...
[    0.500678] highmem bounce pool size: 64 pages
[    0.500686] HugeTLB registered 2 MB page size, pre-allocated 0 pages
[    0.504809] VFS: Disk quotas dquot_6.5.2
[    0.504864] Dquot-cache hash table entries: 1024 (order 0, 4096 bytes)
[    0.505004] fuse init (API version 7.17)
[    0.505084] msgmni has been set to 1710
[    0.520625] Block layer SCSI generic (bsg) driver version 0.4 loaded (major 253)
[    0.520655] io scheduler noop registered
[    0.520657] io scheduler deadline registered
[    0.520664] io scheduler cfq registered (default)
[    0.520719] pcieport 0000:00:15.0: setting latency timer to 64
[    0.520775] pcieport 0000:00:15.0: irq 40 for MSI/MSI-X
[    0.520831] pcieport 0000:00:15.1: setting latency timer to 64
[    0.520886] pcieport 0000:00:15.1: irq 41 for MSI/MSI-X
[    0.520942] pcieport 0000:00:15.2: setting latency timer to 64
[    0.520997] pcieport 0000:00:15.2: irq 42 for MSI/MSI-X
[    0.521053] pcieport 0000:00:15.3: setting latency timer to 64
[    0.521109] pcieport 0000:00:15.3: irq 43 for MSI/MSI-X
[    0.521164] pcieport 0000:00:15.4: setting latency timer to 64
[    0.521220] pcieport 0000:00:15.4: irq 44 for MSI/MSI-X
[    0.521276] pcieport 0000:00:15.5: setting latency timer to 64
[    0.521331] pcieport 0000:00:15.5: irq 45 for MSI/MSI-X
[    0.521387] pcieport 0000:00:15.6: setting latency timer to 64
[    0.521442] pcieport 0000:00:15.6: irq 46 for MSI/MSI-X
[    0.521498] pcieport 0000:00:15.7: setting latency timer to 64
[    0.521554] pcieport 0000:00:15.7: irq 47 for MSI/MSI-X
[    0.521609] pcieport 0000:00:16.0: setting latency timer to 64
[    0.521665] pcieport 0000:00:16.0: irq 48 for MSI/MSI-X
[    0.521721] pcieport 0000:00:16.1: setting latency timer to 64
[    0.521776] pcieport 0000:00:16.1: irq 49 for MSI/MSI-X
[    0.521832] pcieport 0000:00:16.2: setting latency timer to 64
[    0.521887] pcieport 0000:00:16.2: irq 50 for MSI/MSI-X
[    0.521943] pcieport 0000:00:16.3: setting latency timer to 64
[    0.521999] pcieport 0000:00:16.3: irq 51 for MSI/MSI-X
[    0.522054] pcieport 0000:00:16.4: setting latency timer to 64
[    0.522110] pcieport 0000:00:16.4: irq 52 for MSI/MSI-X
[    0.522166] pcieport 0000:00:16.5: setting latency timer to 64
[    0.522221] pcieport 0000:00:16.5: irq 53 for MSI/MSI-X
[    0.522277] pcieport 0000:00:16.6: setting latency timer to 64
[    0.522332] pcieport 0000:00:16.6: irq 54 for MSI/MSI-X
[    0.522388] pcieport 0000:00:16.7: setting latency timer to 64
[    0.522444] pcieport 0000:00:16.7: irq 55 for MSI/MSI-X
[    0.522499] pcieport 0000:00:17.0: setting latency timer to 64
[    0.522555] pcieport 0000:00:17.0: irq 56 for MSI/MSI-X
[    0.522611] pcieport 0000:00:17.1: setting latency timer to 64
[    0.522666] pcieport 0000:00:17.1: irq 57 for MSI/MSI-X
[    0.522722] pcieport 0000:00:17.2: setting latency timer to 64
[    0.522777] pcieport 0000:00:17.2: irq 58 for MSI/MSI-X
[    0.522833] pcieport 0000:00:17.3: setting latency timer to 64
[    0.522889] pcieport 0000:00:17.3: irq 59 for MSI/MSI-X
[    0.522944] pcieport 0000:00:17.4: setting latency timer to 64
[    0.523000] pcieport 0000:00:17.4: irq 60 for MSI/MSI-X
[    0.523056] pcieport 0000:00:17.5: setting latency timer to 64
[    0.523111] pcieport 0000:00:17.5: irq 61 for MSI/MSI-X
[    0.523167] pcieport 0000:00:17.6: setting latency timer to 64
[    0.523222] pcieport 0000:00:17.6: irq 62 for MSI/MSI-X
[    0.523278] pcieport 0000:00:17.7: setting latency timer to 64
[    0.523334] pcieport 0000:00:17.7: irq 63 for MSI/MSI-X
[    0.523389] pcieport 0000:00:18.0: setting latency timer to 64
[    0.523445] pcieport 0000:00:18.0: irq 64 for MSI/MSI-X
[    0.523500] pcieport 0000:00:18.1: setting latency timer to 64
[    0.523556] pcieport 0000:00:18.1: irq 65 for MSI/MSI-X
[    0.523612] pcieport 0000:00:18.2: setting latency timer to 64
[    0.523667] pcieport 0000:00:18.2: irq 66 for MSI/MSI-X
[    0.523723] pcieport 0000:00:18.3: setting latency timer to 64
[    0.523779] pcieport 0000:00:18.3: irq 67 for MSI/MSI-X
[    0.523834] pcieport 0000:00:18.4: setting latency timer to 64
[    0.523890] pcieport 0000:00:18.4: irq 68 for MSI/MSI-X
[    0.523945] pcieport 0000:00:18.5: setting latency timer to 64
[    0.524001] pcieport 0000:00:18.5: irq 69 for MSI/MSI-X
[    0.524057] pcieport 0000:00:18.6: setting latency timer to 64
[    0.524612] pcieport 0000:00:18.6: irq 70 for MSI/MSI-X
[    0.524667] pcieport 0000:00:18.7: setting latency timer to 64
[    0.524723] pcieport 0000:00:18.7: irq 71 for MSI/MSI-X
[    0.524778] pcieport 0000:00:15.0: Signaling PME through PCIe PME interrupt
[    0.524805] pcie_pme 0000:00:15.0:pcie01: service driver pcie_pme loaded
[    0.524860] pcieport 0000:00:15.1: Signaling PME through PCIe PME interrupt
[    0.524886] pcie_pme 0000:00:15.1:pcie01: service driver pcie_pme loaded
[    0.524941] pcieport 0000:00:15.2: Signaling PME through PCIe PME interrupt
[    0.524966] pcie_pme 0000:00:15.2:pcie01: service driver pcie_pme loaded
[    0.525022] pcieport 0000:00:15.3: Signaling PME through PCIe PME interrupt
[    0.525047] pcie_pme 0000:00:15.3:pcie01: service driver pcie_pme loaded
[    0.525103] pcieport 0000:00:15.4: Signaling PME through PCIe PME interrupt
[    0.525128] pcie_pme 0000:00:15.4:pcie01: service driver pcie_pme loaded
[    0.525184] pcieport 0000:00:15.5: Signaling PME through PCIe PME interrupt
[    0.525209] pcie_pme 0000:00:15.5:pcie01: service driver pcie_pme loaded
[    0.525264] pcieport 0000:00:15.6: Signaling PME through PCIe PME interrupt
[    0.525291] pcie_pme 0000:00:15.6:pcie01: service driver pcie_pme loaded
[    0.525347] pcieport 0000:00:15.7: Signaling PME through PCIe PME interrupt
[    0.525380] pcie_pme 0000:00:15.7:pcie01: service driver pcie_pme loaded
[    0.525436] pcieport 0000:00:16.0: Signaling PME through PCIe PME interrupt
[    0.525472] pcie_pme 0000:00:16.0:pcie01: service driver pcie_pme loaded
[    0.525528] pcieport 0000:00:16.1: Signaling PME through PCIe PME interrupt
[    0.525563] pcie_pme 0000:00:16.1:pcie01: service driver pcie_pme loaded
[    0.525618] pcieport 0000:00:16.2: Signaling PME through PCIe PME interrupt
[    0.525655] pcie_pme 0000:00:16.2:pcie01: service driver pcie_pme loaded
[    0.525711] pcieport 0000:00:16.3: Signaling PME through PCIe PME interrupt
[    0.525757] pcie_pme 0000:00:16.3:pcie01: service driver pcie_pme loaded
[    0.525813] pcieport 0000:00:16.4: Signaling PME through PCIe PME interrupt
[    0.525842] pcie_pme 0000:00:16.4:pcie01: service driver pcie_pme loaded
[    0.525898] pcieport 0000:00:16.5: Signaling PME through PCIe PME interrupt
[    0.525929] pcie_pme 0000:00:16.5:pcie01: service driver pcie_pme loaded
[    0.525984] pcieport 0000:00:16.6: Signaling PME through PCIe PME interrupt
[    0.526015] pcie_pme 0000:00:16.6:pcie01: service driver pcie_pme loaded
[    0.526071] pcieport 0000:00:16.7: Signaling PME through PCIe PME interrupt
[    0.526102] pcie_pme 0000:00:16.7:pcie01: service driver pcie_pme loaded
[    0.526158] pcieport 0000:00:17.0: Signaling PME through PCIe PME interrupt
[    0.526188] pcie_pme 0000:00:17.0:pcie01: service driver pcie_pme loaded
[    0.526244] pcieport 0000:00:17.1: Signaling PME through PCIe PME interrupt
[    0.526277] pcie_pme 0000:00:17.1:pcie01: service driver pcie_pme loaded
[    0.526333] pcieport 0000:00:17.2: Signaling PME through PCIe PME interrupt
[    0.526364] pcie_pme 0000:00:17.2:pcie01: service driver pcie_pme loaded
[    0.526420] pcieport 0000:00:17.3: Signaling PME through PCIe PME interrupt
[    0.526450] pcie_pme 0000:00:17.3:pcie01: service driver pcie_pme loaded
[    0.526506] pcieport 0000:00:17.4: Signaling PME through PCIe PME interrupt
[    0.526537] pcie_pme 0000:00:17.4:pcie01: service driver pcie_pme loaded
[    0.526592] pcieport 0000:00:17.5: Signaling PME through PCIe PME interrupt
[    0.526623] pcie_pme 0000:00:17.5:pcie01: service driver pcie_pme loaded
[    0.526679] pcieport 0000:00:17.6: Signaling PME through PCIe PME interrupt
[    0.526709] pcie_pme 0000:00:17.6:pcie01: service driver pcie_pme loaded
[    0.526765] pcieport 0000:00:17.7: Signaling PME through PCIe PME interrupt
[    0.526795] pcie_pme 0000:00:17.7:pcie01: service driver pcie_pme loaded
[    0.526850] pcieport 0000:00:18.0: Signaling PME through PCIe PME interrupt
[    0.526881] pcie_pme 0000:00:18.0:pcie01: service driver pcie_pme loaded
[    0.526936] pcieport 0000:00:18.1: Signaling PME through PCIe PME interrupt
[    0.526967] pcie_pme 0000:00:18.1:pcie01: service driver pcie_pme loaded
[    0.527023] pcieport 0000:00:18.2: Signaling PME through PCIe PME interrupt
[    0.527053] pcie_pme 0000:00:18.2:pcie01: service driver pcie_pme loaded
[    0.527109] pcieport 0000:00:18.3: Signaling PME through PCIe PME interrupt
[    0.527140] pcie_pme 0000:00:18.3:pcie01: service driver pcie_pme loaded
[    0.527195] pcieport 0000:00:18.4: Signaling PME through PCIe PME interrupt
[    0.527226] pcie_pme 0000:00:18.4:pcie01: service driver pcie_pme loaded
[    0.527282] pcieport 0000:00:18.5: Signaling PME through PCIe PME interrupt
[    0.527313] pcie_pme 0000:00:18.5:pcie01: service driver pcie_pme loaded
[    0.527369] pcieport 0000:00:18.6: Signaling PME through PCIe PME interrupt
[    0.527399] pcie_pme 0000:00:18.6:pcie01: service driver pcie_pme loaded
[    0.527455] pcieport 0000:00:18.7: Signaling PME through PCIe PME interrupt
[    0.527486] pcie_pme 0000:00:18.7:pcie01: service driver pcie_pme loaded
[    0.527518] pci_hotplug: PCI Hot Plug PCI Core version: 0.5
[    0.527574] pciehp 0000:00:15.0:pcie04: HPC vendor_id 15ad device_id 7a0 ss_vid 15ad ss_did 7a0
[    0.527629] pciehp 0000:00:15.0:pcie04: service driver pciehp loaded
[    0.527685] pciehp 0000:00:15.1:pcie04: HPC vendor_id 15ad device_id 7a0 ss_vid 15ad ss_did 7a0
[    0.527740] pciehp 0000:00:15.1:pcie04: service driver pciehp loaded
[    0.527796] pciehp 0000:00:15.2:pcie04: HPC vendor_id 15ad device_id 7a0 ss_vid 15ad ss_did 7a0
[    0.527852] pciehp 0000:00:15.2:pcie04: service driver pciehp loaded
[    0.527907] pciehp 0000:00:15.3:pcie04: HPC vendor_id 15ad device_id 7a0 ss_vid 15ad ss_did 7a0
[    0.527963] pciehp 0000:00:15.3:pcie04: service driver pciehp loaded
[    0.528019] pciehp 0000:00:15.4:pcie04: HPC vendor_id 15ad device_id 7a0 ss_vid 15ad ss_did 7a0
[    0.528074] pciehp 0000:00:15.4:pcie04: service driver pciehp loaded
[    0.528130] pciehp 0000:00:15.5:pcie04: HPC vendor_id 15ad device_id 7a0 ss_vid 15ad ss_did 7a0
[    0.528185] pciehp 0000:00:15.5:pcie04: service driver pciehp loaded
[    0.528241] pciehp 0000:00:15.6:pcie04: HPC vendor_id 15ad device_id 7a0 ss_vid 15ad ss_did 7a0
[    0.528297] pciehp 0000:00:15.6:pcie04: service driver pciehp loaded
[    0.528352] pciehp 0000:00:15.7:pcie04: HPC vendor_id 15ad device_id 7a0 ss_vid 15ad ss_did 7a0
[    0.528408] pciehp 0000:00:15.7:pcie04: service driver pciehp loaded
[    0.528418] pciehp 0000:00:16.0:pcie04: HPC vendor_id 15ad device_id 7a0 ss_vid 15ad ss_did 7a0
[    0.528575] pciehp 0000:00:16.0:pcie04: service driver pciehp loaded
[    0.532618] pciehp 0000:00:16.1:pcie04: HPC vendor_id 15ad device_id 7a0 ss_vid 15ad ss_did 7a0
[    0.532673] pciehp 0000:00:16.1:pcie04: service driver pciehp loaded
[    0.532729] pciehp 0000:00:16.2:pcie04: HPC vendor_id 15ad device_id 7a0 ss_vid 15ad ss_did 7a0
[    0.532785] pciehp 0000:00:16.2:pcie04: service driver pciehp loaded
[    0.532840] pciehp 0000:00:16.3:pcie04: HPC vendor_id 15ad device_id 7a0 ss_vid 15ad ss_did 7a0
[    0.532896] pciehp 0000:00:16.3:pcie04: service driver pciehp loaded
[    0.532951] pciehp 0000:00:16.4:pcie04: HPC vendor_id 15ad device_id 7a0 ss_vid 15ad ss_did 7a0
[    0.533007] pciehp 0000:00:16.4:pcie04: service driver pciehp loaded
[    0.533063] pciehp 0000:00:16.5:pcie04: HPC vendor_id 15ad device_id 7a0 ss_vid 15ad ss_did 7a0
[    0.533118] pciehp 0000:00:16.5:pcie04: service driver pciehp loaded
[    0.533174] pciehp 0000:00:16.6:pcie04: HPC vendor_id 15ad device_id 7a0 ss_vid 15ad ss_did 7a0
[    0.533230] pciehp 0000:00:16.6:pcie04: service driver pciehp loaded
[    0.533285] pciehp 0000:00:16.7:pcie04: HPC vendor_id 15ad device_id 7a0 ss_vid 15ad ss_did 7a0
[    0.533341] pciehp 0000:00:16.7:pcie04: service driver pciehp loaded
[    0.533396] pciehp 0000:00:17.0:pcie04: HPC vendor_id 15ad device_id 7a0 ss_vid 15ad ss_did 7a0
[    0.533452] pciehp 0000:00:17.0:pcie04: service driver pciehp loaded
[    0.533508] pciehp 0000:00:17.1:pcie04: HPC vendor_id 15ad device_id 7a0 ss_vid 15ad ss_did 7a0
[    0.533563] pciehp 0000:00:17.1:pcie04: service driver pciehp loaded
[    0.533619] pciehp 0000:00:17.2:pcie04: HPC vendor_id 15ad device_id 7a0 ss_vid 15ad ss_did 7a0
[    0.533675] pciehp 0000:00:17.2:pcie04: service driver pciehp loaded
[    0.533730] pciehp 0000:00:17.3:pcie04: HPC vendor_id 15ad device_id 7a0 ss_vid 15ad ss_did 7a0
[    0.533786] pciehp 0000:00:17.3:pcie04: service driver pciehp loaded
[    0.533841] pciehp 0000:00:17.4:pcie04: HPC vendor_id 15ad device_id 7a0 ss_vid 15ad ss_did 7a0
[    0.533897] pciehp 0000:00:17.4:pcie04: service driver pciehp loaded
[    0.533953] pciehp 0000:00:17.5:pcie04: HPC vendor_id 15ad device_id 7a0 ss_vid 15ad ss_did 7a0
[    0.534008] pciehp 0000:00:17.5:pcie04: service driver pciehp loaded
[    0.534064] pciehp 0000:00:17.6:pcie04: HPC vendor_id 15ad device_id 7a0 ss_vid 15ad ss_did 7a0
[    0.534119] pciehp 0000:00:17.6:pcie04: service driver pciehp loaded
[    0.534175] pciehp 0000:00:17.7:pcie04: HPC vendor_id 15ad device_id 7a0 ss_vid 15ad ss_did 7a0
[    0.534231] pciehp 0000:00:17.7:pcie04: service driver pciehp loaded
[    0.534286] pciehp 0000:00:18.0:pcie04: HPC vendor_id 15ad device_id 7a0 ss_vid 15ad ss_did 7a0
[    0.534342] pciehp 0000:00:18.0:pcie04: service driver pciehp loaded
[    0.534398] pciehp 0000:00:18.1:pcie04: HPC vendor_id 15ad device_id 7a0 ss_vid 15ad ss_did 7a0
[    0.534453] pciehp 0000:00:18.1:pcie04: service driver pciehp loaded
[    0.534509] pciehp 0000:00:18.2:pcie04: HPC vendor_id 15ad device_id 7a0 ss_vid 15ad ss_did 7a0
[    0.534564] pciehp 0000:00:18.2:pcie04: service driver pciehp loaded
[    0.534620] pciehp 0000:00:18.3:pcie04: HPC vendor_id 15ad device_id 7a0 ss_vid 15ad ss_did 7a0
[    0.534676] pciehp 0000:00:18.3:pcie04: service driver pciehp loaded
[    0.534731] pciehp 0000:00:18.4:pcie04: HPC vendor_id 15ad device_id 7a0 ss_vid 15ad ss_did 7a0
[    0.534787] pciehp 0000:00:18.4:pcie04: service driver pciehp loaded
[    0.534843] pciehp 0000:00:18.5:pcie04: HPC vendor_id 15ad device_id 7a0 ss_vid 15ad ss_did 7a0
[    0.534898] pciehp 0000:00:18.5:pcie04: service driver pciehp loaded
[    0.534954] pciehp 0000:00:18.6:pcie04: HPC vendor_id 15ad device_id 7a0 ss_vid 15ad ss_did 7a0
[    0.535009] pciehp 0000:00:18.6:pcie04: service driver pciehp loaded
[    0.535065] pciehp 0000:00:18.7:pcie04: HPC vendor_id 15ad device_id 7a0 ss_vid 15ad ss_did 7a0
[    0.535121] pciehp 0000:00:18.7:pcie04: service driver pciehp loaded
[    0.535131] pciehp: PCI Express Hot Plug Controller Driver version: 0.4
[    0.535186] ACPI: Deprecated procfs I/F for AC is loaded, please retry with CONFIG_ACPI_PROCFS_POWER cleared
[    0.535247] ACPI: AC Adapter [ACAD] (on-line)
[    0.540611] input: Power Button as /devices/LNXSYSTM:00/LNXPWRBN:00/input/input0
[    0.540618] ACPI: Power Button [PWRF]
[    0.552590] ERST: Table is not found!
[    0.552593] GHES: HEST is not enabled!
[    0.556607] Serial: 8250/16550 driver, 32 ports, IRQ sharing enabled
[    0.580407] serial8250: ttyS0 at I/O 0x3f8 (irq = 4) is a 16550A
[    0.580473] isapnp: Scanning for PnP cards...
[    0.720206] serial8250: ttyS1 at I/O 0x2f8 (irq = 3) is a 16550A
[    0.768133] 00:0a: ttyS0 at I/O 0x3f8 (irq = 4) is a 16550A
[    0.856168] 00:0b: ttyS1 at I/O 0x2f8 (irq = 3) is a 16550A
[    0.876265] Linux agpgart interface v0.103
[    0.876316] agpgart-intel 0000:00:00.0: Intel 440BX Chipset
[    0.876409] agpgart-intel 0000:00:00.0: AGP aperture is 256M @ 0x0
[    0.877364] brd: module loaded
[    0.877877] loop: module loaded
[    0.877929] ata_piix 0000:00:07.1: version 2.13
[    0.878015] scsi0 : ata_piix
[    0.884012] scsi1 : ata_piix
[    0.884061] ata1: PATA max UDMA/33 cmd 0x1f0 ctl 0x3f6 bmdma 0x10c0 irq 14
[    0.884064] ata2: PATA max UDMA/33 cmd 0x170 ctl 0x376 bmdma 0x10c8 irq 15
[    0.884119] Fixed MDIO Bus: probed
[    0.884132] tun: Universal TUN/TAP device driver, 1.6
[    0.884134] tun: (C) 1999-2004 Max Krasnyansky <maxk@qualcomm.com>
[    0.884188] PPP generic driver version 2.4.2
[    0.884248] ehci_hcd: USB 2.0 'Enhanced' Host Controller (EHCI) Driver
[    0.884280] ehci_hcd 0000:02:03.0: PCI INT A -> Link[LNKB] -> GSI 11 (level, low) -> IRQ 11
[    0.884328] ehci_hcd 0000:02:03.0: EHCI Host Controller
[    0.884367] ehci_hcd 0000:02:03.0: new USB bus registered, assigned bus number 1
[    0.884419] ehci_hcd 0000:02:03.0: cache line size of 32 is not supported
[    0.884427] ehci_hcd 0000:02:03.0: irq 11, io mem 0xc9000000
[    0.931765] ehci_hcd 0000:02:03.0: USB 2.0 started, EHCI 1.00
[    1.011903] hub 1-0:1.0: USB hub found
[    1.011908] hub 1-0:1.0: 6 ports detected
[    1.011960] ohci_hcd: USB 1.1 'Open' Host Controller (OHCI) Driver
[    1.011975] uhci_hcd: USB Universal Host Controller Interface driver
[    1.012019] uhci_hcd 0000:02:00.0: PCI INT A -> Link[LNKC] -> GSI 10 (level, low) -> IRQ 10
[    1.012058] uhci_hcd 0000:02:00.0: UHCI Host Controller
[    1.012099] uhci_hcd 0000:02:00.0: new USB bus registered, assigned bus number 2
[    1.012205] uhci_hcd 0000:02:00.0: irq 10, io base 0x000020c0
[    1.012320] hub 2-0:1.0: USB hub found
[    1.012323] hub 2-0:1.0: 2 ports detected
[    1.012375] usbcore: registered new interface driver libusual
[    1.012413] i8042: PNP: PS/2 Controller [PNP0303:KBC,PNP0f13:MOUS] at 0x60,0x64 irq 1,12
[    1.012747] serio: i8042 KBD port at 0x60,0x64 irq 1
[    1.012754] serio: i8042 AUX port at 0x60,0x64 irq 12
[    1.012843] mousedev: PS/2 mouse device common for all mice
[    1.032955] rtc_cmos 00:04: rtc core: registered rtc_cmos as rtc0
[    1.032973] rtc0: alarms up to one month, y3k, 114 bytes nvram, hpet irqs
[    1.033020] device-mapper: uevent: version 1.0.3
[    1.033069] device-mapper: ioctl: 4.22.0-ioctl (2011-10-19) initialised: dm-devel@redhat.com
[    1.033094] EISA: Probing bus 0 at eisa.0
[    1.033096] EISA: Cannot allocate resource for mainboard
[    1.033098] Cannot allocate resource for EISA slot 1
[    1.033100] Cannot allocate resource for EISA slot 2
[    1.033102] Cannot allocate resource for EISA slot 3
[    1.033103] Cannot allocate resource for EISA slot 4
[    1.033105] Cannot allocate resource for EISA slot 5
[    1.033106] Cannot allocate resource for EISA slot 6
[    1.033108] Cannot allocate resource for EISA slot 7
[    1.033109] Cannot allocate resource for EISA slot 8
[    1.033111] EISA: Detected 0 cards.
[    1.033118] cpufreq-nforce2: No nForce2 chipset.
[    1.033120] cpuidle: using governor ladder
[    1.033122] cpuidle: using governor menu
[    1.033124] EFI Variables Facility v0.08 2004-May-17
[    1.033175] TCP cubic registered
[    1.033227] NET: Registered protocol family 10
[    1.033278] NET: Registered protocol family 17
[    1.033283] Registering the dns_resolver key type
[    1.033296] Using IPI No-Shortcut mode
[    1.033359] PM: Hibernation image not present or could not be loaded.
[    1.033368] registered taskstats version 1
[    1.127825] input: AT Translated Set 2 keyboard as /devices/platform/i8042/serio0/input/input1
[    1.128043] Freeing initrd memory: 13836k freed
[    1.128971] ata2.00: ATAPI: VMware Virtual IDE CDROM Drive, 00000001, max UDMA/33
[    1.129298] ata2.00: configured for UDMA/33
[    1.131687]   Magic number: 13:585:370
[    1.131797] rtc_cmos 00:04: setting system clock to 2013-05-27 07:22:12 UTC (1369639332)
[    1.131810] BIOS EDD facility v0.16 2004-Jun-25, 0 devices found
[    1.131812] EDD information not available.
[    1.219022] isapnp: No Plug & Play device found
[    1.219245] scsi 1:0:0:0: CD-ROM            NECVMWar VMware IDE CDR10 1.00 PQ: 0 ANSI: 5
[    1.219923] sr0: scsi3-mmc drive: 306x/306x cd/rw xa/form2 cdda tray
[    1.219927] cdrom: Uniform CD-ROM driver Revision: 3.20
[    1.220044] sr 1:0:0:0: Attached scsi CD-ROM sr0
[    1.220251] sr 1:0:0:0: Attached scsi generic sg0 type 5
[    1.220365] Freeing unused kernel memory: 740k freed
[    1.220417] Write protecting the kernel text: 5816k
[    1.220426] Write protecting the kernel read-only data: 2376k
[    1.220428] NX-protecting the kernel data: 4424k
[    1.231423] udevd[85]: starting version 175
[    1.247879] VMware vmxnet3 virtual NIC driver - version 1.1.29.0-k-NAPI
[    1.250209] VMware PVSCSI driver - version 1.0.1.0-k
[    1.255812] VMware vmxnet virtual NIC driver
[    1.255863] ACPI: PCI Interrupt Link [LNKD] enabled at IRQ 5
[    1.255868] PCI: setting IRQ 5 as level-triggered
[    1.255876] vmxnet 0000:02:01.0: PCI INT A -> Link[LNKD] -> GSI 5 (level, low) -> IRQ 5
[    1.255928] Found vmxnet/PCI at 0x2024, irq 5.
[    1.255979] features:
[    1.255994] numRxBuffers = 100, numRxBuffers2 = 1
[    1.256046] vmxnet 0000:02:01.0: eth0: set_features() failed (-1); wanted 0x00004000, left 0x00004800
[    1.276510] Fusion MPT base driver 3.04.20
[    1.276514] Copyright (c) 1999-2008 LSI Corporation
[    1.276710] Fusion MPT SPI Host driver 3.04.20
[    1.276759] mptspi 0000:00:10.0: PCI INT A -> Link[LNKB] -> GSI 11 (level, low) -> IRQ 11
[    1.282951] mptbase: ioc0: Initiating bringup
[    1.299880] Floppy drive(s): fd0 is 1.44M
[    1.315614] FDC 0 is a post-1991 82077
[    1.339348] usb 2-1: new full-speed USB device number 2 using uhci_hcd
[    1.351357] ioc0: LSI53C1030 B0: Capabilities={Initiator}
[    1.471818] input: VMware VMware Virtual USB Mouse as /devices/pci0000:00/0000:00:11.0/0000:02:00.0/usb2/2-1/2-1:1.0/input/input2
[    1.472025] generic-usb 0003:0E0F:0003.0001: input,hidraw0: USB HID v1.10 Mouse [VMware VMware Virtual USB Mouse] on usb-0000:02:00.0-1/input0
[    1.472656] input: VMware VMware Virtual USB Mouse as /devices/pci0000:00/0000:00:11.0/0000:02:00.0/usb2/2-1/2-1:1.1/input/input3
[    1.472803] generic-usb 0003:0E0F:0003.0002: input,hidraw1: USB HID v1.10 Mouse [VMware VMware Virtual USB Mouse] on usb-0000:02:00.0-1/input1
[    1.472939] usbcore: registered new interface driver usbhid
[    1.472941] usbhid: USB HID core driver
[    1.511207] scsi2 : ioc0: LSI53C1030 B0, FwRev=01032920h, Ports=1, MaxQ=128, IRQ=11
[    1.578999] usb 2-2: new full-speed USB device number 3 using uhci_hcd
[    1.623793] scsi 2:0:0:0: Direct-Access     VMware,  VMware Virtual S 1.0  PQ: 0 ANSI: 2
[    1.623803] scsi target2:0:0: Beginning Domain Validation
[    1.624510] scsi target2:0:0: Domain Validation skipping write tests
[    1.624513] scsi target2:0:0: Ending Domain Validation
[    1.624569] scsi target2:0:0: FAST-40 WIDE SCSI 80.0 MB/s ST (25 ns, offset 127)
[    1.627192] sd 2:0:0:0: [sda] 41943040 512-byte logical blocks: (21.4 GB/20.0 GiB)
[    1.627253] sd 2:0:0:0: [sda] Write Protect is off
[    1.627256] sd 2:0:0:0: [sda] Mode Sense: 61 00 00 00
[    1.627328] sd 2:0:0:0: [sda] Cache data unavailable
[    1.627331] sd 2:0:0:0: [sda] Assuming drive cache: write through
[    1.627640] sd 2:0:0:0: [sda] Cache data unavailable
[    1.627642] sd 2:0:0:0: [sda] Assuming drive cache: write through
[    1.628409] sd 2:0:0:0: Attached scsi generic sg1 type 0
[    1.629078]  sda: sda1 sda2 < sda5 >
[    1.629462] sd 2:0:0:0: [sda] Cache data unavailable
[    1.629465] sd 2:0:0:0: [sda] Assuming drive cache: write through
[    1.629467] sd 2:0:0:0: [sda] Attached SCSI disk
[    1.668977] EXT4-fs (sda1): mounted filesystem with ordered data mode. Opts: (null)
[    1.716187] hub 2-2:1.0: USB hub found
[    1.716999] hub 2-2:1.0: 7 ports detected
[    3.045880] ADDRCONF(NETDEV_UP): eth0: link is not ready
[    3.055805] udevd[330]: starting version 175
[    3.103938] lp: driver loaded but no devices found
[    3.141949] Adding 1046524k swap on /dev/sda5.  Priority:-1 extents:1 across:1046524k 
[    3.172016] EXT4-fs (sda1): re-mounted. Opts: errors=remount-ro
[    3.192660] piix4_smbus 0000:00:07.3: Host SMBus controller not enabled!
[    3.208670] shpchp: Standard Hot Plug PCI Controller Driver version: 0.4
[    3.210019] [383]: VMCI: shared components initialized.
[    3.210041] Probing for vmci/PCI.
[    3.210198] ACPI: PCI Interrupt Link [LNKA] enabled at IRQ 9
[    3.210201] PCI: setting IRQ 9 as level-triggered
[    3.210206] vmci 0000:00:07.7: PCI INT A -> Link[LNKA] -> GSI 9 (level, low) -> IRQ 9
[    3.210248] Found vmci/PCI at 0x1080, irq 9.
[    3.210284] VMCI: using capabilities 0xc.
[    3.210354] [383]: VMCI: Host capability check passed.
[    3.210612] vmci 0000:00:07.7: irq 72 for MSI/MSI-X
[    3.210643] vmci 0000:00:07.7: irq 73 for MSI/MSI-X
[    3.210837] Registered vmci device.
[    3.216052] [383]: VMCI: Using guest personality
[    3.216056] [383]: VMCI: host components initialized.
[    3.238909] [383]: VMCI: Module registered (name=vmci,major=10,minor=57).
[    3.238913] [383]: VMCI: Using host personality
[    3.238915] [383]: VMCI: Module (name=vmci) is initialized
[    3.300832] ppdev: user-space parallel port driver
[    3.302335] parport_pc 00:09: reported by Plug and Play ACPI
[    3.302567] parport0: PC-style at 0x378, irq 7 [PCSPP,TRISTATE]
[    3.316937] Bluetooth: Core ver 2.16
[    3.319191] NET: Registered protocol family 31
[    3.319195] Bluetooth: HCI device and connection manager initialized
[    3.319198] Bluetooth: HCI socket layer initialized
[    3.319201] Bluetooth: L2CAP socket layer initialized
[    3.319208] Bluetooth: SCO socket layer initialized
[    3.344465] Bluetooth: BNEP (Ethernet Emulation) ver 1.3
[    3.344468] Bluetooth: BNEP filters: protocol multicast
[    3.355995] Bluetooth: RFCOMM TTY layer initialized
[    3.356039] Bluetooth: RFCOMM socket layer initialized
[    3.356077] Bluetooth: RFCOMM ver 1.11
[    3.400591] lp0: using parport0 (interrupt-driven).
[    3.411256] type=1400 audit(1369639334.779:2): apparmor="STATUS" operation="profile_load" name="/usr/lib/cups/backend/cups-pdf" pid=573 comm="apparmor_parser"
[    3.411589] type=1400 audit(1369639334.779:3): apparmor="STATUS" operation="profile_load" name="/usr/sbin/cupsd" pid=573 comm="apparmor_parser"
[    3.510493] type=1400 audit(1369639334.879:4): apparmor="STATUS" operation="profile_load" name="/sbin/dhclient" pid=601 comm="apparmor_parser"
[    3.511029] type=1400 audit(1369639334.879:5): apparmor="STATUS" operation="profile_load" name="/usr/lib/NetworkManager/nm-dhcp-client.action" pid=601 comm="apparmor_parser"
[    3.511242] type=1400 audit(1369639334.879:6): apparmor="STATUS" operation="profile_load" name="/usr/lib/connman/scripts/dhclient-script" pid=601 comm="apparmor_parser"
[    3.631581] input: ImPS/2 Generic Wheel Mouse as /devices/platform/i8042/serio1/input/input4
[    3.766603] snd_ens1371 0000:02:02.0: PCI INT A -> Link[LNKA] -> GSI 9 (level, low) -> IRQ 9
[    3.789850] init: failsafe main process (674) killed by TERM signal
[    3.884770] type=1400 audit(1369639335.255:7): apparmor="STATUS" operation="profile_load" name="/usr/lib/lightdm/lightdm/lightdm-guest-session-wrapper" pid=799 comm="apparmor_parser"
[    3.885198] type=1400 audit(1369639335.255:8): apparmor="STATUS" operation="profile_replace" name="/sbin/dhclient" pid=800 comm="apparmor_parser"
[    3.885276] type=1400 audit(1369639335.255:9): apparmor="STATUS" operation="profile_replace" name="/usr/lib/NetworkManager/nm-dhcp-client.action" pid=800 comm="apparmor_parser"
[    3.885338] type=1400 audit(1369639335.255:10): apparmor="STATUS" operation="profile_replace" name="/usr/lib/connman/scripts/dhclient-script" pid=800 comm="apparmor_parser"
[    4.063571] init: alsa-restore main process (883) terminated with status 19
