[    0.000000] Initializing cgroup subsys cpuset
[    0.000000] Initializing cgroup subsys cpu
[    0.000000] Linux version 3.2.0-29-generic-pae (buildd@roseapple) (gcc version 4.6.3 (Ubuntu/Linaro 4.6.3-1ubuntu5) ) #46-Ubuntu SMP Fri Jul 27 17:25:43 UTC 2012 (Ubuntu 3.2.0-29.46-generic-pae 3.2.24)
[    0.000000] KERNEL supported cpus:
[    0.000000]   Intel GenuineIntel
[    0.000000]   AMD AuthenticAMD
[    0.000000]   NSC Geode by NSC
[    0.000000]   Cyrix CyrixInstead
[    0.000000]   Centaur CentaurHauls
[    0.000000]   Transmeta GenuineTMx86
[    0.000000]   Transmeta TransmetaCPU
[    0.000000]   UMC UMC UMC UMC
[    0.000000] Disabled fast string operations
[    0.000000] BIOS-provided physical RAM map:
[    0.000000]  BIOS-e820: 0000000000000000 - 000000000009f000 (usable)
[    0.000000]  BIOS-e820: 000000000009f000 - 00000000000a0000 (reserved)
[    0.000000]  BIOS-e820: 00000000000ca000 - 00000000000cc000 (reserved)
[    0.000000]  BIOS-e820: 00000000000dc000 - 0000000000100000 (reserved)
[    0.000000]  BIOS-e820: 0000000000100000 - 000000003fee0000 (usable)
[    0.000000]  BIOS-e820: 000000003fee0000 - 000000003feff000 (ACPI data)
[    0.000000]  BIOS-e820: 000000003feff000 - 000000003ff00000 (ACPI NVS)
[    0.000000]  BIOS-e820: 000000003ff00000 - 0000000040000000 (usable)
[    0.000000]  BIOS-e820: 00000000e0000000 - 00000000f0000000 (reserved)
[    0.000000]  BIOS-e820: 00000000fec00000 - 00000000fec10000 (reserved)
[    0.000000]  BIOS-e820: 00000000fee00000 - 00000000fee01000 (reserved)
[    0.000000]  BIOS-e820: 00000000fffe0000 - 0000000100000000 (reserved)
[    0.000000] NX (Execute Disable) protection: active
[    0.000000] DMI present.
[    0.000000] DMI: VMware, Inc. VMware Virtual Platform/440BX Desktop Reference Platform, BIOS 6.00 07/02/2012
[    0.000000] Hypervisor detected: VMware
[    0.000000] e820 update range: 0000000000000000 - 0000000000010000 (usable) ==> (reserved)
[    0.000000] e820 remove range: 00000000000a0000 - 0000000000100000 (usable)
[    0.000000] last_pfn = 0x40000 max_arch_pfn = 0x1000000
[    0.000000] MTRR default type: uncachable
[    0.000000] MTRR fixed ranges enabled:
[    0.000000]   00000-9FFFF write-back
[    0.000000]   A0000-BFFFF uncachable
[    0.000000]   C0000-CBFFF write-protect
[    0.000000]   CC000-EFFFF uncachable
[    0.000000]   F0000-FFFFF write-protect
[    0.000000] MTRR variable ranges enabled:
[    0.000000]   0 base 0000000000 mask FFC0000000 write-back
[    0.000000]   1 disabled
[    0.000000]   2 disabled
[    0.000000]   3 disabled
[    0.000000]   4 disabled
[    0.000000]   5 disabled
[    0.000000]   6 disabled
[    0.000000]   7 disabled
[    0.000000] x86 PAT enabled: cpu 0, old 0x0, new 0x7010600070106
[    0.000000] found SMP MP-table at [c00f6bf0] f6bf0
[    0.000000] initial memory mapped : 0 - 02000000
[    0.000000] Base memory trampoline at [c009b000] 9b000 size 16384
[    0.000000] init_memory_mapping: 0000000000000000-0000000037bfe000
[    0.000000]  0000000000 - 0000200000 page 4k
[    0.000000]  0000200000 - 0037a00000 page 2M
[    0.000000]  0037a00000 - 0037bfe000 page 4k
[    0.000000] kernel direct mapping tables up to 37bfe000 @ 1ffb000-2000000
[    0.000000] RAMDISK: 364ea000 - 3726d000
[    0.000000] ACPI: RSDP 000f6b80 00024 (v02 PTLTD )
[    0.000000] ACPI: XSDT 3feed636 0005C (v01 INTEL  440BX    06040000 VMW  01324272)
[    0.000000] ACPI: FACP 3fefee98 000F4 (v04 INTEL  440BX    06040000 PTL  000F4240)
[    0.000000] ACPI: DSDT 3feee366 10B32 (v01 PTLTD  Custom   06040000 MSFT 03000001)
[    0.000000] ACPI: FACS 3fefffc0 00040
[    0.000000] ACPI: BOOT 3feee33e 00028 (v01 PTLTD  $SBFTBL$ 06040000  LTP 00000001)
[    0.000000] ACPI: APIC 3feedc3e 003C2 (v01 PTLTD  ? APIC   06040000  LTP 00000000)
[    0.000000] ACPI: MCFG 3feedc02 0003C (v01 PTLTD  $PCITBL$ 06040000  LTP 00000001)
[    0.000000] ACPI: SRAT 3feed732 004D0 (v02 VMWARE MEMPLUG  06040000 VMW  00000001)
[    0.000000] ACPI: HPET 3feed6fa 00038 (v01 VMWARE VMW HPET 06040000 VMW  00000001)
[    0.000000] ACPI: WAET 3feed6d2 00028 (v01 VMWARE VMW WAET 06040000 VMW  00000001)
[    0.000000] ACPI: Local APIC address 0xfee00000
[    0.000000] 132MB HIGHMEM available.
[    0.000000] 891MB LOWMEM available.
[    0.000000]   mapped low ram: 0 - 37bfe000
[    0.000000]   low ram: 0 - 37bfe000
[    0.000000] Zone PFN ranges:
[    0.000000]   DMA      0x00000010 -> 0x00001000
[    0.000000]   Normal   0x00001000 -> 0x00037bfe
[    0.000000]   HighMem  0x00037bfe -> 0x00040000
[    0.000000] Movable zone start PFN for each node
[    0.000000] early_node_map[3] active PFN ranges
[    0.000000]     0: 0x00000010 -> 0x0000009f
[    0.000000]     0: 0x00000100 -> 0x0003fee0
[    0.000000]     0: 0x0003ff00 -> 0x00040000
[    0.000000] On node 0 totalpages: 261999
[    0.000000] free_area_init_node: node 0, pgdat c1866a40, node_mem_map f73fd200
[    0.000000]   DMA zone: 32 pages used for memmap
[    0.000000]   DMA zone: 0 pages reserved
[    0.000000]   DMA zone: 3951 pages, LIFO batch:0
[    0.000000]   Normal zone: 1752 pages used for memmap
[    0.000000]   Normal zone: 222502 pages, LIFO batch:31
[    0.000000]   HighMem zone: 265 pages used for memmap
[    0.000000]   HighMem zone: 33497 pages, LIFO batch:7
[    0.000000] Using APIC driver default
[    0.000000] ACPI: PM-Timer IO Port: 0x1008
[    0.000000] ACPI: Local APIC address 0xfee00000
[    0.000000] ACPI: LAPIC (acpi_id[0x00] lapic_id[0x00] enabled)
[    0.000000] ACPI: LAPIC (acpi_id[0x01] lapic_id[0x02] disabled)
[    0.000000] ACPI: LAPIC (acpi_id[0x02] lapic_id[0x04] disabled)
[    0.000000] ACPI: LAPIC (acpi_id[0x03] lapic_id[0x06] disabled)
[    0.000000] ACPI: LAPIC (acpi_id[0x04] lapic_id[0x08] disabled)
[    0.000000] ACPI: LAPIC (acpi_id[0x05] lapic_id[0x0a] disabled)
[    0.000000] ACPI: LAPIC (acpi_id[0x06] lapic_id[0x0c] disabled)
[    0.000000] ACPI: LAPIC (acpi_id[0x07] lapic_id[0x0e] disabled)
[    0.000000] ACPI: LAPIC (acpi_id[0x08] lapic_id[0x10] disabled)
[    0.000000] ACPI: LAPIC (acpi_id[0x09] lapic_id[0x12] disabled)
[    0.000000] ACPI: LAPIC (acpi_id[0x0a] lapic_id[0x14] disabled)
[    0.000000] ACPI: LAPIC (acpi_id[0x0b] lapic_id[0x16] disabled)
[    0.000000] ACPI: LAPIC (acpi_id[0x0c] lapic_id[0x18] disabled)
[    0.000000] ACPI: LAPIC (acpi_id[0x0d] lapic_id[0x1a] disabled)
[    0.000000] ACPI: LAPIC (acpi_id[0x0e] lapic_id[0x1c] disabled)
[    0.000000] ACPI: LAPIC (acpi_id[0x0f] lapic_id[0x1e] disabled)
[    0.000000] ACPI: LAPIC (acpi_id[0x10] lapic_id[0x20] disabled)
[    0.000000] ACPI: LAPIC (acpi_id[0x11] lapic_id[0x22] disabled)
[    0.000000] ACPI: LAPIC (acpi_id[0x12] lapic_id[0x24] disabled)
[    0.000000] ACPI: LAPIC (acpi_id[0x13] lapic_id[0x26] disabled)
[    0.000000] ACPI: LAPIC (acpi_id[0x14] lapic_id[0x28] disabled)
[    0.000000] ACPI: LAPIC (acpi_id[0x15] lapic_id[0x2a] disabled)
[    0.000000] ACPI: LAPIC (acpi_id[0x16] lapic_id[0x2c] disabled)
[    0.000000] ACPI: LAPIC (acpi_id[0x17] lapic_id[0x2e] disabled)
[    0.000000] ACPI: LAPIC (acpi_id[0x18] lapic_id[0x30] disabled)
[    0.000000] ACPI: LAPIC (acpi_id[0x19] lapic_id[0x32] disabled)
[    0.000000] ACPI: LAPIC (acpi_id[0x1a] lapic_id[0x34] disabled)
[    0.000000] ACPI: LAPIC (acpi_id[0x1b] lapic_id[0x36] disabled)
[    0.000000] ACPI: LAPIC (acpi_id[0x1c] lapic_id[0x38] disabled)
[    0.000000] ACPI: LAPIC (acpi_id[0x1d] lapic_id[0x3a] disabled)
[    0.000000] ACPI: LAPIC (acpi_id[0x1e] lapic_id[0x3c] disabled)
[    0.000000] ACPI: LAPIC (acpi_id[0x1f] lapic_id[0x3e] disabled)
[    0.000000] ACPI: LAPIC (acpi_id[0x20] lapic_id[0x40] disabled)
[    0.000000] ACPI: LAPIC (acpi_id[0x21] lapic_id[0x42] disabled)
[    0.000000] ACPI: LAPIC (acpi_id[0x22] lapic_id[0x44] disabled)
[    0.000000] ACPI: LAPIC (acpi_id[0x23] lapic_id[0x46] disabled)
[    0.000000] ACPI: LAPIC (acpi_id[0x24] lapic_id[0x48] disabled)
[    0.000000] ACPI: LAPIC (acpi_id[0x25] lapic_id[0x4a] disabled)
[    0.000000] ACPI: LAPIC (acpi_id[0x26] lapic_id[0x4c] disabled)
[    0.000000] ACPI: LAPIC (acpi_id[0x27] lapic_id[0x4e] disabled)
[    0.000000] ACPI: LAPIC (acpi_id[0x28] lapic_id[0x50] disabled)
[    0.000000] ACPI: LAPIC (acpi_id[0x29] lapic_id[0x52] disabled)
[    0.000000] ACPI: LAPIC (acpi_id[0x2a] lapic_id[0x54] disabled)
[    0.000000] ACPI: LAPIC (acpi_id[0x2b] lapic_id[0x56] disabled)
[    0.000000] ACPI: LAPIC (acpi_id[0x2c] lapic_id[0x58] disabled)
[    0.000000] ACPI: LAPIC (acpi_id[0x2d] lapic_id[0x5a] disabled)
[    0.000000] ACPI: LAPIC (acpi_id[0x2e] lapic_id[0x5c] disabled)
[    0.000000] ACPI: LAPIC (acpi_id[0x2f] lapic_id[0x5e] disabled)
[    0.000000] ACPI: LAPIC (acpi_id[0x30] lapic_id[0x60] disabled)
[    0.000000] ACPI: LAPIC (acpi_id[0x31] lapic_id[0x62] disabled)
[    0.000000] ACPI: LAPIC (acpi_id[0x32] lapic_id[0x64] disabled)
[    0.000000] ACPI: LAPIC (acpi_id[0x33] lapic_id[0x66] disabled)
[    0.000000] ACPI: LAPIC (acpi_id[0x34] lapic_id[0x68] disabled)
[    0.000000] ACPI: LAPIC (acpi_id[0x35] lapic_id[0x6a] disabled)
[    0.000000] ACPI: LAPIC (acpi_id[0x36] lapic_id[0x6c] disabled)
[    0.000000] ACPI: LAPIC (acpi_id[0x37] lapic_id[0x6e] disabled)
[    0.000000] ACPI: LAPIC (acpi_id[0x38] lapic_id[0x70] disabled)
[    0.000000] ACPI: LAPIC (acpi_id[0x39] lapic_id[0x72] disabled)
[    0.000000] ACPI: LAPIC (acpi_id[0x3a] lapic_id[0x74] disabled)
[    0.000000] ACPI: LAPIC (acpi_id[0x3b] lapic_id[0x76] disabled)
[    0.000000] ACPI: LAPIC (acpi_id[0x3c] lapic_id[0x78] disabled)
[    0.000000] ACPI: LAPIC (acpi_id[0x3d] lapic_id[0x7a] disabled)
[    0.000000] ACPI: LAPIC (acpi_id[0x3e] lapic_id[0x7c] disabled)
[    0.000000] ACPI: LAPIC (acpi_id[0x3f] lapic_id[0x7e] disabled)
[    0.000000] ACPI: LAPIC_NMI (acpi_id[0x00] high edge lint[0x1])
[    0.000000] ACPI: LAPIC_NMI (acpi_id[0x01] high edge lint[0x1])
[    0.000000] ACPI: LAPIC_NMI (acpi_id[0x02] high edge lint[0x1])
[    0.000000] ACPI: LAPIC_NMI (acpi_id[0x03] high edge lint[0x1])
[    0.000000] ACPI: LAPIC_NMI (acpi_id[0x04] high edge lint[0x1])
[    0.000000] ACPI: LAPIC_NMI (acpi_id[0x05] high edge lint[0x1])
[    0.000000] ACPI: LAPIC_NMI (acpi_id[0x06] high edge lint[0x1])
[    0.000000] ACPI: LAPIC_NMI (acpi_id[0x07] high edge lint[0x1])
[    0.000000] ACPI: LAPIC_NMI (acpi_id[0x08] high edge lint[0x1])
[    0.000000] ACPI: LAPIC_NMI (acpi_id[0x09] high edge lint[0x1])
[    0.000000] ACPI: LAPIC_NMI (acpi_id[0x0a] high edge lint[0x1])
[    0.000000] ACPI: LAPIC_NMI (acpi_id[0x0b] high edge lint[0x1])
[    0.000000] ACPI: LAPIC_NMI (acpi_id[0x0c] high edge lint[0x1])
[    0.000000] ACPI: LAPIC_NMI (acpi_id[0x0d] high edge lint[0x1])
[    0.000000] ACPI: LAPIC_NMI (acpi_id[0x0e] high edge lint[0x1])
[    0.000000] ACPI: LAPIC_NMI (acpi_id[0x0f] high edge lint[0x1])
[    0.000000] ACPI: LAPIC_NMI (acpi_id[0x10] high edge lint[0x1])
[    0.000000] ACPI: LAPIC_NMI (acpi_id[0x11] high edge lint[0x1])
[    0.000000] ACPI: LAPIC_NMI (acpi_id[0x12] high edge lint[0x1])
[    0.000000] ACPI: LAPIC_NMI (acpi_id[0x13] high edge lint[0x1])
[    0.000000] ACPI: LAPIC_NMI (acpi_id[0x14] high edge lint[0x1])
[    0.000000] ACPI: LAPIC_NMI (acpi_id[0x15] high edge lint[0x1])
[    0.000000] ACPI: LAPIC_NMI (acpi_id[0x16] high edge lint[0x1])
[    0.000000] ACPI: LAPIC_NMI (acpi_id[0x17] high edge lint[0x1])
[    0.000000] ACPI: LAPIC_NMI (acpi_id[0x18] high edge lint[0x1])
[    0.000000] ACPI: LAPIC_NMI (acpi_id[0x19] high edge lint[0x1])
[    0.000000] ACPI: LAPIC_NMI (acpi_id[0x1a] high edge lint[0x1])
[    0.000000] ACPI: LAPIC_NMI (acpi_id[0x1b] high edge lint[0x1])
[    0.000000] ACPI: LAPIC_NMI (acpi_id[0x1c] high edge lint[0x1])
[    0.000000] ACPI: LAPIC_NMI (acpi_id[0x1d] high edge lint[0x1])
[    0.000000] ACPI: LAPIC_NMI (acpi_id[0x1e] high edge lint[0x1])
[    0.000000] ACPI: LAPIC_NMI (acpi_id[0x1f] high edge lint[0x1])
[    0.000000] ACPI: LAPIC_NMI (acpi_id[0x20] high edge lint[0x1])
[    0.000000] ACPI: LAPIC_NMI (acpi_id[0x21] high edge lint[0x1])
[    0.000000] ACPI: LAPIC_NMI (acpi_id[0x22] high edge lint[0x1])
[    0.000000] ACPI: LAPIC_NMI (acpi_id[0x23] high edge lint[0x1])
[    0.000000] ACPI: LAPIC_NMI (acpi_id[0x24] high edge lint[0x1])
[    0.000000] ACPI: LAPIC_NMI (acpi_id[0x25] high edge lint[0x1])
[    0.000000] ACPI: LAPIC_NMI (acpi_id[0x26] high edge lint[0x1])
[    0.000000] ACPI: LAPIC_NMI (acpi_id[0x27] high edge lint[0x1])
[    0.000000] ACPI: LAPIC_NMI (acpi_id[0x28] high edge lint[0x1])
[    0.000000] ACPI: LAPIC_NMI (acpi_id[0x29] high edge lint[0x1])
[    0.000000] ACPI: LAPIC_NMI (acpi_id[0x2a] high edge lint[0x1])
[    0.000000] ACPI: LAPIC_NMI (acpi_id[0x2b] high edge lint[0x1])
[    0.000000] ACPI: LAPIC_NMI (acpi_id[0x2c] high edge lint[0x1])
[    0.000000] ACPI: LAPIC_NMI (acpi_id[0x2d] high edge lint[0x1])
[    0.000000] ACPI: LAPIC_NMI (acpi_id[0x2e] high edge lint[0x1])
[    0.000000] ACPI: LAPIC_NMI (acpi_id[0x2f] high edge lint[0x1])
[    0.000000] ACPI: LAPIC_NMI (acpi_id[0x30] high edge lint[0x1])
[    0.000000] ACPI: LAPIC_NMI (acpi_id[0x31] high edge lint[0x1])
[    0.000000] ACPI: LAPIC_NMI (acpi_id[0x32] high edge lint[0x1])
[    0.000000] ACPI: LAPIC_NMI (acpi_id[0x33] high edge lint[0x1])
[    0.000000] ACPI: LAPIC_NMI (acpi_id[0x34] high edge lint[0x1])
[    0.000000] ACPI: LAPIC_NMI (acpi_id[0x35] high edge lint[0x1])
[    0.000000] ACPI: LAPIC_NMI (acpi_id[0x36] high edge lint[0x1])
[    0.000000] ACPI: LAPIC_NMI (acpi_id[0x37] high edge lint[0x1])
[    0.000000] ACPI: LAPIC_NMI (acpi_id[0x38] high edge lint[0x1])
[    0.000000] ACPI: LAPIC_NMI (acpi_id[0x39] high edge lint[0x1])
[    0.000000] ACPI: LAPIC_NMI (acpi_id[0x3a] high edge lint[0x1])
[    0.000000] ACPI: LAPIC_NMI (acpi_id[0x3b] high edge lint[0x1])
[    0.000000] ACPI: LAPIC_NMI (acpi_id[0x3c] high edge lint[0x1])
[    0.000000] ACPI: LAPIC_NMI (acpi_id[0x3d] high edge lint[0x1])
[    0.000000] ACPI: LAPIC_NMI (acpi_id[0x3e] high edge lint[0x1])
[    0.000000] ACPI: LAPIC_NMI (acpi_id[0x3f] high edge lint[0x1])
[    0.000000] ACPI: Skipping IOAPIC probe due to 'noapic' option.
[    0.000000] Using ACPI for processor (LAPIC) configuration information
[    0.000000] ACPI: HPET id: 0x8086af01 base: 0xfed00000
[    0.000000] Intel MultiProcessor Specification v1.4
[    0.000000]     Virtual Wire compatibility mode.
[    0.000000] MPTABLE: OEM ID: INTEL   
[    0.000000] MPTABLE: Product ID: 440BX       
[    0.000000] MPTABLE: APIC at: 0xFEE00000
[    0.000000] IOAPIC[0]: apic_id 1, version 17, address 0xfec00000, GSI 0-23
[    0.000000] Processors: 1
[    0.000000] SMP: Allowing 1 CPUs, 0 hotplug CPUs
[    0.000000] nr_irqs_gsi: 40
[    0.000000] PM: Registered nosave memory: 000000000009f000 - 00000000000a0000
[    0.000000] PM: Registered nosave memory: 00000000000a0000 - 00000000000ca000
[    0.000000] PM: Registered nosave memory: 00000000000ca000 - 00000000000cc000
[    0.000000] PM: Registered nosave memory: 00000000000cc000 - 00000000000dc000
[    0.000000] PM: Registered nosave memory: 00000000000dc000 - 0000000000100000
[    0.000000] Allocating PCI resources starting at 40000000 (gap: 40000000:a0000000)
[    0.000000] Booting paravirtualized kernel on bare hardware
[    0.000000] setup_percpu: NR_CPUS:8 nr_cpumask_bits:8 nr_cpu_ids:1 nr_node_ids:1
[    0.000000] PERCPU: Embedded 14 pages/cpu @f73e8000 s34240 r0 d23104 u57344
[    0.000000] pcpu-alloc: s34240 r0 d23104 u57344 alloc=14*4096
[    0.000000] pcpu-alloc: [0] 0 
[    0.000000] Built 1 zonelists in Zone order, mobility grouping on.  Total pages: 259950
[    0.000000] Kernel command line: BOOT_IMAGE=/boot/vmlinuz-3.2.0-29-generic-pae root=UUID=007b598c-390d-4c65-84a1-4ff752d48633 ro quiet splash maxcpus=0
[    0.000000] PID hash table entries: 4096 (order: 2, 16384 bytes)
[    0.000000] Dentry cache hash table entries: 131072 (order: 7, 524288 bytes)
[    0.000000] Inode-cache hash table entries: 65536 (order: 6, 262144 bytes)
[    0.000000] Initializing CPU#0
[    0.000000] xsave/xrstor: enabled xstate_bv 0x7, cntxt size 0x340
[    0.000000] allocated 4194048 bytes of page_cgroup
[    0.000000] please try 'cgroup_disable=memory' option if you don't want memory cgroups
[    0.000000] Initializing HighMem for node 0 (00037bfe:00040000)
[    0.000000] Memory: 1010624k/1048576k available (5814k kernel code, 37372k reserved, 2841k data, 740k init, 135048k highmem)
[    0.000000] virtual kernel memory layout:
[    0.000000]     fixmap  : 0xfff16000 - 0xfffff000   ( 932 kB)
[    0.000000]     pkmap   : 0xffc00000 - 0xffe00000   (2048 kB)
[    0.000000]     vmalloc : 0xf83fe000 - 0xffbfe000   ( 120 MB)
[    0.000000]     lowmem  : 0xc0000000 - 0xf7bfe000   ( 891 MB)
[    0.000000]       .init : 0xc1875000 - 0xc192e000   ( 740 kB)
[    0.000000]       .data : 0xc15adb64 - 0xc1874240   (2841 kB)
[    0.000000]       .text : 0xc1000000 - 0xc15adb64   (5814 kB)
[    0.000000] Checking if this processor honours the WP bit even in supervisor mode...Ok.
[    0.000000] SLUB: Genslabs=15, HWalign=64, Order=0-3, MinObjects=0, CPUs=1, Nodes=1
[    0.000000] Hierarchical RCU implementation.
[    0.000000] 	RCU dyntick-idle grace-period acceleration is enabled.
[    0.000000] NR_IRQS:2304 nr_irqs:256 16
[    0.000000] CPU 0 irqstacks, hard=f5c08000 soft=f5c0a000
[    0.000000] Extended CMOS year: 2000
[    0.000000] Console: colour VGA+ 80x25
[    0.000000] console [tty0] enabled
[    0.000000] hpet clockevent registered
[    0.000000] TSC freq read from hypervisor : 2394.620 MHz
[    0.000000] Detected 2394.620 MHz processor.
[    0.000001] Calibrating delay loop (skipped) preset value.. 4789.24 BogoMIPS (lpj=9578480)
[    0.000003] pid_max: default: 32768 minimum: 301
[    0.000018] Security Framework initialized
[    0.000032] AppArmor: AppArmor initialized
[    0.000034] Yama: becoming mindful.
[    0.000069] Mount-cache hash table entries: 512
[    0.000177] Initializing cgroup subsys cpuacct
[    0.000181] Initializing cgroup subsys memory
[    0.000185] Initializing cgroup subsys devices
[    0.000186] Initializing cgroup subsys freezer
[    0.000188] Initializing cgroup subsys blkio
[    0.000192] Initializing cgroup subsys perf_event
[    0.000236] Disabled fast string operations
[    0.000240] CPU: Physical Processor ID: 0
[    0.000249] ENERGY_PERF_BIAS: Set to 'normal', was 'performance'
[    0.000250] ENERGY_PERF_BIAS: View and update with x86_energy_perf_policy(8)
[    0.000893] mce: CPU supports 0 MCE banks
[    0.001648] SMP alternatives: switching to UP code
[    0.017818] Freeing SMP alternatives: 24k freed
[    0.017823] ACPI: Core revision 20110623
[    0.023748] ACPI: setting ELCR to 0200 (from 0e20)
[    0.024786] ftrace: allocating 26545 entries in 52 pages
[    0.044227] SMP mode deactivated.
[    0.044254] SMP disabled
[    0.044256] Performance Events: generic architected perfmon v1, core PMU driver.
[    0.044266] ... version:                1
[    0.044267] ... bit width:              48
[    0.044268] ... generic registers:      4
[    0.044269] ... value mask:             0000ffffffffffff
[    0.044270] ... max period:             000000007fffffff
[    0.044271] ... fixed-purpose events:   0
[    0.044271] ... event mask:             000000000000000f
[    0.044354] NMI watchdog enabled, takes one hw-pmu counter.
[    0.044372] Brought up 1 CPUs
[    0.044373] Total of 1 processors activated (4789.24 BogoMIPS).
[    0.044470] devtmpfs: initialized
[    0.044534] EVM: security.selinux
[    0.044535] EVM: security.SMACK64
[    0.044536] EVM: security.capability
[    0.044559] PM: Registering ACPI NVS region at 3feff000 (4096 bytes)
[    0.045330] print_constraints: dummy: 
[    0.045398] RTC time: 23:51:31, date: 05/26/13
[    0.045428] NET: Registered protocol family 16
[    0.045499] EISA bus registered
[    0.045509] ACPI: bus type pci registered
[    0.045615] PCI: MMCONFIG for domain 0000 [bus 00-ff] at [mem 0xe0000000-0xefffffff] (base 0xe0000000)
[    0.045617] PCI: MMCONFIG at [mem 0xe0000000-0xefffffff] reserved in E820
[    0.045619] PCI: Using MMCONFIG for extended config space
[    0.045620] PCI: Using configuration type 1 for base access
[    0.046303] bio: create slab <bio-0> at 0
[    0.046366] ACPI: Added _OSI(Module Device)
[    0.046367] ACPI: Added _OSI(Processor Device)
[    0.046368] ACPI: Added _OSI(3.0 _SCP Extensions)
[    0.046370] ACPI: Added _OSI(Processor Aggregator Device)
[    0.048268] ACPI: EC: Look up EC in DSDT
[    0.053019] [Firmware Bug]: ACPI: BIOS _OSI(Linux) query ignored
[    0.060259] ACPI: Interpreter enabled
[    0.060266] ACPI: (supports S0 S1 S4 S5)
[    0.060275] ACPI: Using PIC for interrupt routing
[    0.097460] ACPI: No dock devices found.
[    0.097463] HEST: Table not found.
[    0.097468] PCI: Using host bridge windows from ACPI; if necessary, use "pci=nocrs" and report a bug
[    0.098098] ACPI: PCI Root Bridge [PCI0] (domain 0000 [bus 00-ff])
[    0.099158] pci_root PNP0A03:00: host bridge window [mem 0x000a0000-0x000bffff]
[    0.099160] pci_root PNP0A03:00: host bridge window [mem 0x000cc000-0x000cffff]
[    0.099161] pci_root PNP0A03:00: host bridge window [mem 0x000d0000-0x000d3fff]
[    0.099162] pci_root PNP0A03:00: host bridge window [mem 0x000d4000-0x000d7fff]
[    0.099164] pci_root PNP0A03:00: host bridge window [mem 0x000d8000-0x000dbfff]
[    0.099165] pci_root PNP0A03:00: host bridge window [mem 0xc0000000-0xfebfffff]
[    0.099167] pci_root PNP0A03:00: host bridge window [io  0x0000-0x0cf7]
[    0.099168] pci_root PNP0A03:00: host bridge window [io  0x0d00-0xfeff]
[    0.099214] pci 0000:00:00.0: [8086:7190] type 0 class 0x000600
[    0.099596] pci 0000:00:01.0: [8086:7191] type 1 class 0x000604
[    0.099958] pci 0000:00:07.0: [8086:7110] type 0 class 0x000601
[    0.100546] pci 0000:00:07.1: [8086:7111] type 0 class 0x000101
[    0.101935] pci 0000:00:07.1: reg 20: [io  0x10c0-0x10cf]
[    0.102600] pci 0000:00:07.3: [8086:7113] type 0 class 0x000680
[    0.104208] pci 0000:00:07.3: quirk: [io  0x1000-0x103f] claimed by PIIX4 ACPI
[    0.104221] pci 0000:00:07.3: quirk: [io  0x1040-0x104f] claimed by PIIX4 SMB
[    0.104444] pci 0000:00:07.7: [15ad:0740] type 0 class 0x000880
[    0.104916] pci 0000:00:07.7: reg 10: [io  0x1080-0x10bf]
[    0.105518] pci 0000:00:07.7: reg 14: [mem 0xc8000000-0xc8001fff 64bit]
[    0.107515] pci 0000:00:0f.0: [15ad:0405] type 0 class 0x000300
[    0.109582] pci 0000:00:0f.0: reg 10: [io  0x10d0-0x10df]
[    0.111518] pci 0000:00:0f.0: reg 14: [mem 0xd0000000-0xd7ffffff pref]
[    0.113490] pci 0000:00:0f.0: reg 18: [mem 0xc8800000-0xc8ffffff]
[    0.121279] pci 0000:00:0f.0: reg 30: [mem 0x00000000-0x00007fff pref]
[    0.121561] pci 0000:00:10.0: [1000:0030] type 0 class 0x000100
[    0.122109] pci 0000:00:10.0: reg 10: [io  0x1400-0x14ff]
[    0.122810] pci 0000:00:10.0: reg 14: [mem 0xc8040000-0xc805ffff 64bit]
[    0.123539] pci 0000:00:10.0: reg 1c: [mem 0xc8020000-0xc803ffff 64bit]
[    0.124610] pci 0000:00:10.0: reg 30: [mem 0x00000000-0x00003fff pref]
[    0.124758] pci 0000:00:11.0: [15ad:0790] type 1 class 0x000604
[    0.125423] pci 0000:00:15.0: [15ad:07a0] type 1 class 0x000604
[    0.126109] pci 0000:00:15.0: PME# supported from D0 D3hot D3cold
[    0.126131] pci 0000:00:15.0: PME# disabled
[    0.126345] pci 0000:00:15.1: [15ad:07a0] type 1 class 0x000604
[    0.127037] pci 0000:00:15.1: PME# supported from D0 D3hot D3cold
[    0.127058] pci 0000:00:15.1: PME# disabled
[    0.127271] pci 0000:00:15.2: [15ad:07a0] type 1 class 0x000604
[    0.127993] pci 0000:00:15.2: PME# supported from D0 D3hot D3cold
[    0.128015] pci 0000:00:15.2: PME# disabled
[    0.128229] pci 0000:00:15.3: [15ad:07a0] type 1 class 0x000604
[    0.128911] pci 0000:00:15.3: PME# supported from D0 D3hot D3cold
[    0.128932] pci 0000:00:15.3: PME# disabled
[    0.129153] pci 0000:00:15.4: [15ad:07a0] type 1 class 0x000604
[    0.129835] pci 0000:00:15.4: PME# supported from D0 D3hot D3cold
[    0.129856] pci 0000:00:15.4: PME# disabled
[    0.130076] pci 0000:00:15.5: [15ad:07a0] type 1 class 0x000604
[    0.130758] pci 0000:00:15.5: PME# supported from D0 D3hot D3cold
[    0.130779] pci 0000:00:15.5: PME# disabled
[    0.130999] pci 0000:00:15.6: [15ad:07a0] type 1 class 0x000604
[    0.131680] pci 0000:00:15.6: PME# supported from D0 D3hot D3cold
[    0.131701] pci 0000:00:15.6: PME# disabled
[    0.131929] pci 0000:00:15.7: [15ad:07a0] type 1 class 0x000604
[    0.132635] pci 0000:00:15.7: PME# supported from D0 D3hot D3cold
[    0.132658] pci 0000:00:15.7: PME# disabled
[    0.132871] pci 0000:00:16.0: [15ad:07a0] type 1 class 0x000604
[    0.133559] pci 0000:00:16.0: PME# supported from D0 D3hot D3cold
[    0.133580] pci 0000:00:16.0: PME# disabled
[    0.133793] pci 0000:00:16.1: [15ad:07a0] type 1 class 0x000604
[    0.134482] pci 0000:00:16.1: PME# supported from D0 D3hot D3cold
[    0.134504] pci 0000:00:16.1: PME# disabled
[    0.134717] pci 0000:00:16.2: [15ad:07a0] type 1 class 0x000604
[    0.135408] pci 0000:00:16.2: PME# supported from D0 D3hot D3cold
[    0.135429] pci 0000:00:16.2: PME# disabled
[    0.135641] pci 0000:00:16.3: [15ad:07a0] type 1 class 0x000604
[    0.136359] pci 0000:00:16.3: PME# supported from D0 D3hot D3cold
[    0.136381] pci 0000:00:16.3: PME# disabled
[    0.136594] pci 0000:00:16.4: [15ad:07a0] type 1 class 0x000604
[    0.137284] pci 0000:00:16.4: PME# supported from D0 D3hot D3cold
[    0.137305] pci 0000:00:16.4: PME# disabled
[    0.137523] pci 0000:00:16.5: [15ad:07a0] type 1 class 0x000604
[    0.138205] pci 0000:00:16.5: PME# supported from D0 D3hot D3cold
[    0.138226] pci 0000:00:16.5: PME# disabled
[    0.138438] pci 0000:00:16.6: [15ad:07a0] type 1 class 0x000604
[    0.139131] pci 0000:00:16.6: PME# supported from D0 D3hot D3cold
[    0.139152] pci 0000:00:16.6: PME# disabled
[    0.139366] pci 0000:00:16.7: [15ad:07a0] type 1 class 0x000604
[    0.140088] pci 0000:00:16.7: PME# supported from D0 D3hot D3cold
[    0.140110] pci 0000:00:16.7: PME# disabled
[    0.140323] pci 0000:00:17.0: [15ad:07a0] type 1 class 0x000604
[    0.141012] pci 0000:00:17.0: PME# supported from D0 D3hot D3cold
[    0.141033] pci 0000:00:17.0: PME# disabled
[    0.141245] pci 0000:00:17.1: [15ad:07a0] type 1 class 0x000604
[    0.141933] pci 0000:00:17.1: PME# supported from D0 D3hot D3cold
[    0.141954] pci 0000:00:17.1: PME# disabled
[    0.142167] pci 0000:00:17.2: [15ad:07a0] type 1 class 0x000604
[    0.142847] pci 0000:00:17.2: PME# supported from D0 D3hot D3cold
[    0.142869] pci 0000:00:17.2: PME# disabled
[    0.143139] pci 0000:00:17.3: [15ad:07a0] type 1 class 0x000604
[    0.143838] pci 0000:00:17.3: PME# supported from D0 D3hot D3cold
[    0.143860] pci 0000:00:17.3: PME# disabled
[    0.144165] pci 0000:00:17.4: [15ad:07a0] type 1 class 0x000604
[    0.145033] pci 0000:00:17.4: PME# supported from D0 D3hot D3cold
[    0.145055] pci 0000:00:17.4: PME# disabled
[    0.145316] pci 0000:00:17.5: [15ad:07a0] type 1 class 0x000604
[    0.146025] pci 0000:00:17.5: PME# supported from D0 D3hot D3cold
[    0.146047] pci 0000:00:17.5: PME# disabled
[    0.146260] pci 0000:00:17.6: [15ad:07a0] type 1 class 0x000604
[    0.147111] pci 0000:00:17.6: PME# supported from D0 D3hot D3cold
[    0.147132] pci 0000:00:17.6: PME# disabled
[    0.147345] pci 0000:00:17.7: [15ad:07a0] type 1 class 0x000604
[    0.148071] pci 0000:00:17.7: PME# supported from D0 D3hot D3cold
[    0.148092] pci 0000:00:17.7: PME# disabled
[    0.148306] pci 0000:00:18.0: [15ad:07a0] type 1 class 0x000604
[    0.149033] pci 0000:00:18.0: PME# supported from D0 D3hot D3cold
[    0.149054] pci 0000:00:18.0: PME# disabled
[    0.149257] pci 0000:00:18.1: [15ad:07a0] type 1 class 0x000604
[    0.149896] pci 0000:00:18.1: PME# supported from D0 D3hot D3cold
[    0.149924] pci 0000:00:18.1: PME# disabled
[    0.150145] pci 0000:00:18.2: [15ad:07a0] type 1 class 0x000604
[    0.150781] pci 0000:00:18.2: PME# supported from D0 D3hot D3cold
[    0.150801] pci 0000:00:18.2: PME# disabled
[    0.151059] pci 0000:00:18.3: [15ad:07a0] type 1 class 0x000604
[    0.151696] pci 0000:00:18.3: PME# supported from D0 D3hot D3cold
[    0.151716] pci 0000:00:18.3: PME# disabled
[    0.151950] pci 0000:00:18.4: [15ad:07a0] type 1 class 0x000604
[    0.152597] pci 0000:00:18.4: PME# supported from D0 D3hot D3cold
[    0.152617] pci 0000:00:18.4: PME# disabled
[    0.152823] pci 0000:00:18.5: [15ad:07a0] type 1 class 0x000604
[    0.153483] pci 0000:00:18.5: PME# supported from D0 D3hot D3cold
[    0.153503] pci 0000:00:18.5: PME# disabled
[    0.153703] pci 0000:00:18.6: [15ad:07a0] type 1 class 0x000604
[    0.154371] pci 0000:00:18.6: PME# supported from D0 D3hot D3cold
[    0.154391] pci 0000:00:18.6: PME# disabled
[    0.154590] pci 0000:00:18.7: [15ad:07a0] type 1 class 0x000604
[    0.155273] pci 0000:00:18.7: PME# supported from D0 D3hot D3cold
[    0.155293] pci 0000:00:18.7: PME# disabled
[    0.155812] pci 0000:00:01.0: PCI bridge to [bus 01-01]
[    0.156109] pci 0000:02:00.0: [15ad:0774] type 0 class 0x000c03
[    0.157320] pci 0000:02:00.0: reg 20: [io  0x20c0-0x20df]
[    0.157890] pci 0000:02:01.0: [1022:2000] type 0 class 0x000200
[    0.158174] pci 0000:02:01.0: reg 10: [io  0x2000-0x207f]
[    0.159553] pci 0000:02:01.0: reg 30: [mem 0x00000000-0x0000ffff pref]
[    0.159663] pci 0000:02:02.0: [1274:1371] type 0 class 0x000401
[    0.160009] pci 0000:02:02.0: reg 10: [io  0x2080-0x20bf]
[    0.161742] pci 0000:02:03.0: [15ad:0770] type 0 class 0x000c03
[    0.162005] pci 0000:02:03.0: reg 10: [mem 0xc9000000-0xc9000fff]
[    0.163548] pci 0000:00:11.0: PCI bridge to [bus 02-02] (subtractive decode)
[    0.163567] pci 0000:00:11.0:   bridge window [io  0x2000-0x3fff]
[    0.163586] pci 0000:00:11.0:   bridge window [mem 0xc9000000-0xca3fffff]
[    0.163624] pci 0000:00:11.0:   bridge window [mem 0xd8400000-0xd89fffff 64bit pref]
[    0.163626] pci 0000:00:11.0:   bridge window [mem 0x000a0000-0x000bffff] (subtractive decode)
[    0.163627] pci 0000:00:11.0:   bridge window [mem 0x000cc000-0x000cffff] (subtractive decode)
[    0.163629] pci 0000:00:11.0:   bridge window [mem 0x000d0000-0x000d3fff] (subtractive decode)
[    0.163630] pci 0000:00:11.0:   bridge window [mem 0x000d4000-0x000d7fff] (subtractive decode)
[    0.163632] pci 0000:00:11.0:   bridge window [mem 0x000d8000-0x000dbfff] (subtractive decode)
[    0.163633] pci 0000:00:11.0:   bridge window [mem 0xc0000000-0xfebfffff] (subtractive decode)
[    0.163635] pci 0000:00:11.0:   bridge window [io  0x0000-0x0cf7] (subtractive decode)
[    0.163636] pci 0000:00:11.0:   bridge window [io  0x0d00-0xfeff] (subtractive decode)
[    0.164069] pci 0000:00:15.0: PCI bridge to [bus 03-03]
[    0.164088] pci 0000:00:15.0:   bridge window [io  0x4000-0x4fff]
[    0.164108] pci 0000:00:15.0:   bridge window [mem 0xca400000-0xca4fffff]
[    0.164146] pci 0000:00:15.0:   bridge window [mem 0xd8a00000-0xd8afffff 64bit pref]
[    0.164531] pci 0000:00:15.1: PCI bridge to [bus 04-04]
[    0.164551] pci 0000:00:15.1:   bridge window [io  0x8000-0x8fff]
[    0.164570] pci 0000:00:15.1:   bridge window [mem 0xca800000-0xca8fffff]
[    0.164606] pci 0000:00:15.1:   bridge window [mem 0xd8e00000-0xd8efffff 64bit pref]
[    0.165033] pci 0000:00:15.2: PCI bridge to [bus 05-05]
[    0.165054] pci 0000:00:15.2:   bridge window [io  0xc000-0xcfff]
[    0.165074] pci 0000:00:15.2:   bridge window [mem 0xcac00000-0xcacfffff]
[    0.165111] pci 0000:00:15.2:   bridge window [mem 0xd9200000-0xd92fffff 64bit pref]
[    0.165506] pci 0000:00:15.3: PCI bridge to [bus 06-06]
[    0.165542] pci 0000:00:15.3:   bridge window [mem 0xcb000000-0xcb0fffff]
[    0.165579] pci 0000:00:15.3:   bridge window [mem 0xd9600000-0xd96fffff 64bit pref]
[    0.165990] pci 0000:00:15.4: PCI bridge to [bus 07-07]
[    0.166026] pci 0000:00:15.4:   bridge window [mem 0xcb400000-0xcb4fffff]
[    0.166063] pci 0000:00:15.4:   bridge window [mem 0xd9a00000-0xd9afffff 64bit pref]
[    0.166446] pci 0000:00:15.5: PCI bridge to [bus 08-08]
[    0.166482] pci 0000:00:15.5:   bridge window [mem 0xcb800000-0xcb8fffff]
[    0.166519] pci 0000:00:15.5:   bridge window [mem 0xd9e00000-0xd9efffff 64bit pref]
[    0.166921] pci 0000:00:15.6: PCI bridge to [bus 09-09]
[    0.166968] pci 0000:00:15.6:   bridge window [mem 0xcbc00000-0xcbcfffff]
[    0.167005] pci 0000:00:15.6:   bridge window [mem 0xda200000-0xda2fffff 64bit pref]
[    0.167390] pci 0000:00:15.7: PCI bridge to [bus 0a-0a]
[    0.167426] pci 0000:00:15.7:   bridge window [mem 0xcc000000-0xcc0fffff]
[    0.167463] pci 0000:00:15.7:   bridge window [mem 0xda600000-0xda6fffff 64bit pref]
[    0.167865] pci 0000:00:16.0: PCI bridge to [bus 0b-0b]
[    0.167883] pci 0000:00:16.0:   bridge window [io  0x5000-0x5fff]
[    0.167914] pci 0000:00:16.0:   bridge window [mem 0xca500000-0xca5fffff]
[    0.167986] pci 0000:00:16.0:   bridge window [mem 0xd8b00000-0xd8bfffff 64bit pref]
[    0.168372] pci 0000:00:16.1: PCI bridge to [bus 0c-0c]
[    0.168391] pci 0000:00:16.1:   bridge window [io  0x9000-0x9fff]
[    0.168410] pci 0000:00:16.1:   bridge window [mem 0xca900000-0xca9fffff]
[    0.168447] pci 0000:00:16.1:   bridge window [mem 0xd8f00000-0xd8ffffff 64bit pref]
[    0.168829] pci 0000:00:16.2: PCI bridge to [bus 0d-0d]
[    0.168848] pci 0000:00:16.2:   bridge window [io  0xd000-0xdfff]
[    0.168867] pci 0000:00:16.2:   bridge window [mem 0xcad00000-0xcadfffff]
[    0.168920] pci 0000:00:16.2:   bridge window [mem 0xd9300000-0xd93fffff 64bit pref]
[    0.169320] pci 0000:00:16.3: PCI bridge to [bus 0e-0e]
[    0.169356] pci 0000:00:16.3:   bridge window [mem 0xcb100000-0xcb1fffff]
[    0.169393] pci 0000:00:16.3:   bridge window [mem 0xd9700000-0xd97fffff 64bit pref]
[    0.169776] pci 0000:00:16.4: PCI bridge to [bus 0f-0f]
[    0.169812] pci 0000:00:16.4:   bridge window [mem 0xcb500000-0xcb5fffff]
[    0.169849] pci 0000:00:16.4:   bridge window [mem 0xd9b00000-0xd9bfffff 64bit pref]
[    0.170259] pci 0000:00:16.5: PCI bridge to [bus 10-10]
[    0.170295] pci 0000:00:16.5:   bridge window [mem 0xcb900000-0xcb9fffff]
[    0.170332] pci 0000:00:16.5:   bridge window [mem 0xd9f00000-0xd9ffffff 64bit pref]
[    0.170715] pci 0000:00:16.6: PCI bridge to [bus 11-11]
[    0.170751] pci 0000:00:16.6:   bridge window [mem 0xcbd00000-0xcbdfffff]
[    0.170788] pci 0000:00:16.6:   bridge window [mem 0xda300000-0xda3fffff 64bit pref]
[    0.171191] pci 0000:00:16.7: PCI bridge to [bus 12-12]
[    0.171228] pci 0000:00:16.7:   bridge window [mem 0xcc100000-0xcc1fffff]
[    0.171264] pci 0000:00:16.7:   bridge window [mem 0xda700000-0xda7fffff 64bit pref]
[    0.171646] pci 0000:00:17.0: PCI bridge to [bus 13-13]
[    0.171665] pci 0000:00:17.0:   bridge window [io  0x6000-0x6fff]
[    0.171685] pci 0000:00:17.0:   bridge window [mem 0xca600000-0xca6fffff]
[    0.171722] pci 0000:00:17.0:   bridge window [mem 0xd8c00000-0xd8cfffff 64bit pref]
[    0.172165] pci 0000:00:17.1: PCI bridge to [bus 14-14]
[    0.172184] pci 0000:00:17.1:   bridge window [io  0xa000-0xafff]
[    0.172204] pci 0000:00:17.1:   bridge window [mem 0xcaa00000-0xcaafffff]
[    0.172240] pci 0000:00:17.1:   bridge window [mem 0xd9000000-0xd90fffff 64bit pref]
[    0.172625] pci 0000:00:17.2: PCI bridge to [bus 15-15]
[    0.172643] pci 0000:00:17.2:   bridge window [io  0xe000-0xefff]
[    0.172663] pci 0000:00:17.2:   bridge window [mem 0xcae00000-0xcaefffff]
[    0.172699] pci 0000:00:17.2:   bridge window [mem 0xd9400000-0xd94fffff 64bit pref]
[    0.173132] pci 0000:00:17.3: PCI bridge to [bus 16-16]
[    0.173169] pci 0000:00:17.3:   bridge window [mem 0xcb200000-0xcb2fffff]
[    0.173205] pci 0000:00:17.3:   bridge window [mem 0xd9800000-0xd98fffff 64bit pref]
[    0.173589] pci 0000:00:17.4: PCI bridge to [bus 17-17]
[    0.173626] pci 0000:00:17.4:   bridge window [mem 0xcb600000-0xcb6fffff]
[    0.173662] pci 0000:00:17.4:   bridge window [mem 0xd9c00000-0xd9cfffff 64bit pref]
[    0.174072] pci 0000:00:17.5: PCI bridge to [bus 18-18]
[    0.174108] pci 0000:00:17.5:   bridge window [mem 0xcba00000-0xcbafffff]
[    0.174144] pci 0000:00:17.5:   bridge window [mem 0xda000000-0xda0fffff 64bit pref]
[    0.174528] pci 0000:00:17.6: PCI bridge to [bus 19-19]
[    0.174564] pci 0000:00:17.6:   bridge window [mem 0xcbe00000-0xcbefffff]
[    0.174600] pci 0000:00:17.6:   bridge window [mem 0xda400000-0xda4fffff 64bit pref]
[    0.175012] pci 0000:00:17.7: PCI bridge to [bus 1a-1a]
[    0.175049] pci 0000:00:17.7:   bridge window [mem 0xcc200000-0xcc2fffff]
[    0.175085] pci 0000:00:17.7:   bridge window [mem 0xda800000-0xda8fffff 64bit pref]
[    0.175471] pci 0000:00:18.0: PCI bridge to [bus 1b-1b]
[    0.175490] pci 0000:00:18.0:   bridge window [io  0x7000-0x7fff]
[    0.175509] pci 0000:00:18.0:   bridge window [mem 0xca700000-0xca7fffff]
[    0.175546] pci 0000:00:18.0:   bridge window [mem 0xd8d00000-0xd8dfffff 64bit pref]
[    0.175985] pci 0000:00:18.1: PCI bridge to [bus 1c-1c]
[    0.176004] pci 0000:00:18.1:   bridge window [io  0xb000-0xbfff]
[    0.176024] pci 0000:00:18.1:   bridge window [mem 0xcab00000-0xcabfffff]
[    0.176061] pci 0000:00:18.1:   bridge window [mem 0xd9100000-0xd91fffff 64bit pref]
[    0.176448] pci 0000:00:18.2: PCI bridge to [bus 1d-1d]
[    0.176467] pci 0000:00:18.2:   bridge window [io  0xf000-0xffff]
[    0.176486] pci 0000:00:18.2:   bridge window [mem 0xcaf00000-0xcaffffff]
[    0.176523] pci 0000:00:18.2:   bridge window [mem 0xd9500000-0xd95fffff 64bit pref]
[    0.176929] pci 0000:00:18.3: PCI bridge to [bus 1e-1e]
[    0.176966] pci 0000:00:18.3:   bridge window [mem 0xcb300000-0xcb3fffff]
[    0.177002] pci 0000:00:18.3:   bridge window [mem 0xd9900000-0xd99fffff 64bit pref]
[    0.177386] pci 0000:00:18.4: PCI bridge to [bus 1f-1f]
[    0.177422] pci 0000:00:18.4:   bridge window [mem 0xcb700000-0xcb7fffff]
[    0.177459] pci 0000:00:18.4:   bridge window [mem 0xd9d00000-0xd9dfffff 64bit pref]
[    0.177842] pci 0000:00:18.5: PCI bridge to [bus 20-20]
[    0.177878] pci 0000:00:18.5:   bridge window [mem 0xcbb00000-0xcbbfffff]
[    0.177933] pci 0000:00:18.5:   bridge window [mem 0xda100000-0xda1fffff 64bit pref]
[    0.178346] pci 0000:00:18.6: PCI bridge to [bus 21-21]
[    0.178385] pci 0000:00:18.6:   bridge window [mem 0xcbf00000-0xcbffffff]
[    0.178424] pci 0000:00:18.6:   bridge window [mem 0xda500000-0xda5fffff 64bit pref]
[    0.178838] pci 0000:00:18.7: PCI bridge to [bus 22-22]
[    0.178899] pci 0000:00:18.7:   bridge window [mem 0xcc300000-0xcc3fffff]
[    0.178940] pci 0000:00:18.7:   bridge window [mem 0xda900000-0xda9fffff 64bit pref]
[    0.180528] pci_bus 0000:00: on NUMA node 0
[    0.180535] ACPI: PCI Interrupt Routing Table [\_SB_.PCI0._PRT]
[    0.181129]  pci0000:00: Requesting ACPI _OSC control (0x1d)
[    0.181311]  pci0000:00: ACPI _OSC control (0x15) granted
[    0.248482] ACPI: PCI Interrupt Link [LNKA] (IRQs 3 4 5 6 7 *9 10 11 14 15)
[    0.248544] ACPI: PCI Interrupt Link [LNKB] (IRQs 3 4 5 6 7 9 10 *11 14 15)
[    0.248602] ACPI: PCI Interrupt Link [LNKC] (IRQs 3 4 5 6 7 9 *10 11 14 15)
[    0.248658] ACPI: PCI Interrupt Link [LNKD] (IRQs 3 4 *5 6 7 9 10 11 14 15)
[    0.248800] vgaarb: device added: PCI:0000:00:0f.0,decodes=io+mem,owns=io+mem,locks=none
[    0.248823] vgaarb: loaded
[    0.248824] vgaarb: bridge control possible 0000:00:0f.0
[    0.248902] i2c-core: driver [aat2870] using legacy suspend method
[    0.248903] i2c-core: driver [aat2870] using legacy resume method
[    0.248973] SCSI subsystem initialized
[    0.249008] libata version 3.00 loaded.
[    0.249035] usbcore: registered new interface driver usbfs
[    0.249044] usbcore: registered new interface driver hub
[    0.249064] usbcore: registered new device driver usb
[    0.249121] PCI: Using ACPI for IRQ routing
[    0.310451] PCI: pci_cache_line_size set to 64 bytes
[    0.310471] pci 0000:00:18.2: no compatible bridge window for [io  0xf000-0xffff]
[    0.311370] reserve RAM buffer: 000000000009f000 - 000000000009ffff 
[    0.311373] reserve RAM buffer: 000000003fee0000 - 000000003fffffff 
[    0.311461] NetLabel: Initializing
[    0.311462] NetLabel:  domain hash size = 128
[    0.311463] NetLabel:  protocols = UNLABELED CIPSOv4
[    0.311470] NetLabel:  unlabeled traffic allowed by default
[    0.311520] hpet0: at MMIO 0xfed00000, IRQs 2, 8, 0, 0, 0, 0, 0, 0, 0, 0, 0, 0, 0, 0, 0, 0
[    0.311525] hpet0: 16 comparators, 64-bit 14.318180 MHz counter
[    0.313556] Switching to clocksource hpet
[    0.318630] AppArmor: AppArmor Filesystem Enabled
[    0.318646] pnp: PnP ACPI init
[    0.318660] ACPI: bus type pnp registered
[    0.319256] pnp 00:00: [bus 00-ff]
[    0.319258] pnp 00:00: [mem 0x000a0000-0x000bffff window]
[    0.319260] pnp 00:00: [mem 0x000c0000-0x000c3fff window]
[    0.319261] pnp 00:00: [mem 0x000c4000-0x000c7fff window]
[    0.319262] pnp 00:00: [mem 0x000c8000-0x000cbfff window]
[    0.319264] pnp 00:00: [mem 0x000cc000-0x000cffff window]
[    0.319265] pnp 00:00: [mem 0x000d0000-0x000d3fff window]
[    0.319266] pnp 00:00: [mem 0x000d4000-0x000d7fff window]
[    0.319268] pnp 00:00: [mem 0x000d8000-0x000dbfff window]
[    0.319269] pnp 00:00: [mem 0x000dc000-0x000dffff window]
[    0.319271] pnp 00:00: [mem 0x000e0000-0x000e3fff window]
[    0.319272] pnp 00:00: [mem 0x000e4000-0x000e7fff window]
[    0.319273] pnp 00:00: [mem 0x000e8000-0x000ebfff window]
[    0.319274] pnp 00:00: [mem 0x000ec000-0x000effff window]
[    0.319276] pnp 00:00: [mem 0xc0000000-0xfebfffff window]
[    0.319277] pnp 00:00: [io  0x0cf8-0x0cff]
[    0.319279] pnp 00:00: [io  0x0000-0x0cf7 window]
[    0.319280] pnp 00:00: [io  0x0d00-0xfeff window]
[    0.319315] pnp 00:00: Plug and Play ACPI device, IDs PNP0a03 PNP0a08 (active)
[    0.319372] pnp 00:01: [io  0x0010-0x001f]
[    0.319373] pnp 00:01: [io  0x0024-0x0025]
[    0.319374] pnp 00:01: [io  0x0028-0x0029]
[    0.319375] pnp 00:01: [io  0x002c-0x002d]
[    0.319376] pnp 00:01: [io  0x002e-0x002f]
[    0.319377] pnp 00:01: [io  0x0030-0x0031]
[    0.319378] pnp 00:01: [io  0x0034-0x0035]
[    0.319379] pnp 00:01: [io  0x0038-0x0039]
[    0.319381] pnp 00:01: [io  0x003c-0x003d]
[    0.319382] pnp 00:01: [io  0x0050-0x0053]
[    0.319383] pnp 00:01: [io  0x0072-0x0077]
[    0.319384] pnp 00:01: [io  0x0080]
[    0.319385] pnp 00:01: [io  0x0090-0x009f]
[    0.319386] pnp 00:01: [io  0x00a4-0x00a5]
[    0.319387] pnp 00:01: [io  0x00a8-0x00a9]
[    0.319388] pnp 00:01: [io  0x00ac-0x00ad]
[    0.319389] pnp 00:01: [io  0x00b0-0x00b5]
[    0.319390] pnp 00:01: [io  0x00b8-0x00b9]
[    0.319391] pnp 00:01: [io  0x00bc-0x00bd]
[    0.319392] pnp 00:01: [io  0x1000-0x103f]
[    0.319394] pnp 00:01: [io  0x1040-0x104f]
[    0.319395] pnp 00:01: [io  0x0cf0-0x0cf1]
[    0.319446] system 00:01: [io  0x1000-0x103f] has been reserved
[    0.319450] system 00:01: [io  0x1040-0x104f] has been reserved
[    0.319452] system 00:01: [io  0x0cf0-0x0cf1] has been reserved
[    0.319454] system 00:01: Plug and Play ACPI device, IDs PNP0c02 (active)
[    0.319460] pnp 00:02: [io  0x0000-0x000f]
[    0.319462] pnp 00:02: [io  0x0081-0x008f]
[    0.319463] pnp 00:02: [io  0x00c0-0x00df]
[    0.319464] pnp 00:02: [dma 4]
[    0.319478] pnp 00:02: Plug and Play ACPI device, IDs PNP0200 (active)
[    0.319484] pnp 00:03: [io  0x0020-0x0021]
[    0.319485] pnp 00:03: [io  0x00a0-0x00a1]
[    0.319486] pnp 00:03: [io  0x04d0-0x04d1]
[    0.319487] pnp 00:03: [irq 2 disabled]
[    0.319502] pnp 00:03: Plug and Play ACPI device, IDs PNP0001 (active)
[    0.319507] pnp 00:04: [io  0x0070-0x0071]
[    0.319509] pnp 00:04: [irq 8]
[    0.319521] pnp 00:04: Plug and Play ACPI device, IDs PNP0b00 (active)
[    0.319525] pnp 00:05: [io  0x0061]
[    0.319537] pnp 00:05: Plug and Play ACPI device, IDs PNP0800 (active)
[    0.319542] pnp 00:06: [io  0x0060]
[    0.319543] pnp 00:06: [io  0x0064]
[    0.319544] pnp 00:06: [irq 1]
[    0.319557] pnp 00:06: Plug and Play ACPI device, IDs PNP0303 (active)
[    0.319562] pnp 00:07: [irq 12]
[    0.319574] pnp 00:07: Plug and Play ACPI device, IDs PNP0f13 (active)
[    0.319763] pnp 00:08: [mem 0xfed00000-0xfed003ff]
[    0.319795] system 00:08: [mem 0xfed00000-0xfed003ff] has been reserved
[    0.319797] system 00:08: Plug and Play ACPI device, IDs PNP0103 PNP0c01 (active)
[    0.328456] pnp 00:09: [io  0x0378-0x037f]
[    0.328460] pnp 00:09: [irq 7]
[    0.329525] pnp 00:09: Plug and Play ACPI device, IDs PNP0400 (active)
[    0.333100] pnp 00:0a: [io  0x03f8-0x03ff]
[    0.333103] pnp 00:0a: [irq 4]
[    0.334129] pnp 00:0a: Plug and Play ACPI device, IDs PNP0501 (active)
[    0.337231] pnp 00:0b: [io  0x02f8-0x02ff]
[    0.337233] pnp 00:0b: [irq 3]
[    0.338280] pnp 00:0b: Plug and Play ACPI device, IDs PNP0501 (active)
[    0.343095] pnp 00:0c: [io  0x03f0-0x03f5]
[    0.343098] pnp 00:0c: [io  0x03f7]
[    0.343100] pnp 00:0c: [irq 6]
[    0.343101] pnp 00:0c: [dma 2]
[    0.344126] pnp 00:0c: Plug and Play ACPI device, IDs PNP0700 (active)
[    0.344332] pnp 00:0d: [mem 0xe0000000-0xefffffff]
[    0.344333] pnp 00:0d: [io  0x1060-0x107f]
[    0.344335] pnp 00:0d: [mem 0xc8200000-0xc83fffff]
[    0.344383] system 00:0d: [io  0x1060-0x107f] has been reserved
[    0.344386] system 00:0d: [mem 0xe0000000-0xefffffff] has been reserved
[    0.344388] system 00:0d: [mem 0xc8200000-0xc83fffff] has been reserved
[    0.344390] system 00:0d: Plug and Play ACPI device, IDs PNP0c02 (active)
[    0.349015] pnp: PnP ACPI: found 14 devices
[    0.349017] ACPI: ACPI bus type pnp unregistered
[    0.349021] PnPBIOS: Disabled by ACPI PNP
[    0.384660] PCI: max bus depth: 1 pci_try_num: 2
[    0.385508] pci 0000:00:0f.0: BAR 6: assigned [mem 0xc0000000-0xc0007fff pref]
[    0.385512] pci 0000:00:10.0: BAR 6: assigned [mem 0xc0008000-0xc000bfff pref]
[    0.385517] pci 0000:00:18.7: BAR 13: can't assign io (size 0x1000)
[    0.385520] pci 0000:00:18.6: BAR 13: can't assign io (size 0x1000)
[    0.385523] pci 0000:00:18.5: BAR 13: can't assign io (size 0x1000)
[    0.385526] pci 0000:00:18.4: BAR 13: can't assign io (size 0x1000)
[    0.385528] pci 0000:00:18.3: BAR 13: can't assign io (size 0x1000)
[    0.385531] pci 0000:00:18.2: BAR 13: can't assign io (size 0x1000)
[    0.385534] pci 0000:00:17.7: BAR 13: can't assign io (size 0x1000)
[    0.385537] pci 0000:00:17.6: BAR 13: can't assign io (size 0x1000)
[    0.385539] pci 0000:00:17.5: BAR 13: can't assign io (size 0x1000)
[    0.385542] pci 0000:00:17.4: BAR 13: can't assign io (size 0x1000)
[    0.385545] pci 0000:00:17.3: BAR 13: can't assign io (size 0x1000)
[    0.385547] pci 0000:00:16.7: BAR 13: can't assign io (size 0x1000)
[    0.385550] pci 0000:00:16.6: BAR 13: can't assign io (size 0x1000)
[    0.385553] pci 0000:00:16.5: BAR 13: can't assign io (size 0x1000)
[    0.385556] pci 0000:00:16.4: BAR 13: can't assign io (size 0x1000)
[    0.385559] pci 0000:00:16.3: BAR 13: can't assign io (size 0x1000)
[    0.385561] pci 0000:00:15.7: BAR 13: can't assign io (size 0x1000)
[    0.385564] pci 0000:00:15.6: BAR 13: can't assign io (size 0x1000)
[    0.385567] pci 0000:00:15.5: BAR 13: can't assign io (size 0x1000)
[    0.385569] pci 0000:00:15.4: BAR 13: can't assign io (size 0x1000)
[    0.385572] pci 0000:00:15.3: BAR 13: can't assign io (size 0x1000)
[    0.385575] pci 0000:00:01.0: PCI bridge to [bus 01-01]
[    0.385616] pci 0000:02:01.0: BAR 6: assigned [mem 0xd8400000-0xd840ffff pref]
[    0.385618] pci 0000:00:11.0: PCI bridge to [bus 02-02]
[    0.385630] pci 0000:00:11.0:   bridge window [io  0x2000-0x3fff]
[    0.385659] pci 0000:00:11.0:   bridge window [mem 0xc9000000-0xca3fffff]
[    0.385679] pci 0000:00:11.0:   bridge window [mem 0xd8400000-0xd89fffff 64bit pref]
[    0.385717] pci 0000:00:15.0: PCI bridge to [bus 03-03]
[    0.385728] pci 0000:00:15.0:   bridge window [io  0x4000-0x4fff]
[    0.385757] pci 0000:00:15.0:   bridge window [mem 0xca400000-0xca4fffff]
[    0.385777] pci 0000:00:15.0:   bridge window [mem 0xd8a00000-0xd8afffff 64bit pref]
[    0.385818] pci 0000:00:15.1: PCI bridge to [bus 04-04]
[    0.385830] pci 0000:00:15.1:   bridge window [io  0x8000-0x8fff]
[    0.385859] pci 0000:00:15.1:   bridge window [mem 0xca800000-0xca8fffff]
[    0.385879] pci 0000:00:15.1:   bridge window [mem 0xd8e00000-0xd8efffff 64bit pref]
[    0.385920] pci 0000:00:15.2: PCI bridge to [bus 05-05]
[    0.385932] pci 0000:00:15.2:   bridge window [io  0xc000-0xcfff]
[    0.385961] pci 0000:00:15.2:   bridge window [mem 0xcac00000-0xcacfffff]
[    0.385981] pci 0000:00:15.2:   bridge window [mem 0xd9200000-0xd92fffff 64bit pref]
[    0.386021] pci 0000:00:15.3: PCI bridge to [bus 06-06]
[    0.386050] pci 0000:00:15.3:   bridge window [mem 0xcb000000-0xcb0fffff]
[    0.386070] pci 0000:00:15.3:   bridge window [mem 0xd9600000-0xd96fffff 64bit pref]
[    0.386111] pci 0000:00:15.4: PCI bridge to [bus 07-07]
[    0.386140] pci 0000:00:15.4:   bridge window [mem 0xcb400000-0xcb4fffff]
[    0.386160] pci 0000:00:15.4:   bridge window [mem 0xd9a00000-0xd9afffff 64bit pref]
[    0.386201] pci 0000:00:15.5: PCI bridge to [bus 08-08]
[    0.386229] pci 0000:00:15.5:   bridge window [mem 0xcb800000-0xcb8fffff]
[    0.386249] pci 0000:00:15.5:   bridge window [mem 0xd9e00000-0xd9efffff 64bit pref]
[    0.386290] pci 0000:00:15.6: PCI bridge to [bus 09-09]
[    0.386331] pci 0000:00:15.6:   bridge window [mem 0xcbc00000-0xcbcfffff]
[    0.386360] pci 0000:00:15.6:   bridge window [mem 0xda200000-0xda2fffff 64bit pref]
[    0.386402] pci 0000:00:15.7: PCI bridge to [bus 0a-0a]
[    0.386430] pci 0000:00:15.7:   bridge window [mem 0xcc000000-0xcc0fffff]
[    0.386451] pci 0000:00:15.7:   bridge window [mem 0xda600000-0xda6fffff 64bit pref]
[    0.386492] pci 0000:00:16.0: PCI bridge to [bus 0b-0b]
[    0.386503] pci 0000:00:16.0:   bridge window [io  0x5000-0x5fff]
[    0.386532] pci 0000:00:16.0:   bridge window [mem 0xca500000-0xca5fffff]
[    0.386552] pci 0000:00:16.0:   bridge window [mem 0xd8b00000-0xd8bfffff 64bit pref]
[    0.386593] pci 0000:00:16.1: PCI bridge to [bus 0c-0c]
[    0.386605] pci 0000:00:16.1:   bridge window [io  0x9000-0x9fff]
[    0.386633] pci 0000:00:16.1:   bridge window [mem 0xca900000-0xca9fffff]
[    0.386654] pci 0000:00:16.1:   bridge window [mem 0xd8f00000-0xd8ffffff 64bit pref]
[    0.386694] pci 0000:00:16.2: PCI bridge to [bus 0d-0d]
[    0.386706] pci 0000:00:16.2:   bridge window [io  0xd000-0xdfff]
[    0.386735] pci 0000:00:16.2:   bridge window [mem 0xcad00000-0xcadfffff]
[    0.386755] pci 0000:00:16.2:   bridge window [mem 0xd9300000-0xd93fffff 64bit pref]
[    0.386796] pci 0000:00:16.3: PCI bridge to [bus 0e-0e]
[    0.386824] pci 0000:00:16.3:   bridge window [mem 0xcb100000-0xcb1fffff]
[    0.386844] pci 0000:00:16.3:   bridge window [mem 0xd9700000-0xd97fffff 64bit pref]
[    0.386885] pci 0000:00:16.4: PCI bridge to [bus 0f-0f]
[    0.386914] pci 0000:00:16.4:   bridge window [mem 0xcb500000-0xcb5fffff]
[    0.386933] pci 0000:00:16.4:   bridge window [mem 0xd9b00000-0xd9bfffff 64bit pref]
[    0.386974] pci 0000:00:16.5: PCI bridge to [bus 10-10]
[    0.387003] pci 0000:00:16.5:   bridge window [mem 0xcb900000-0xcb9fffff]
[    0.387023] pci 0000:00:16.5:   bridge window [mem 0xd9f00000-0xd9ffffff 64bit pref]
[    0.387064] pci 0000:00:16.6: PCI bridge to [bus 11-11]
[    0.387092] pci 0000:00:16.6:   bridge window [mem 0xcbd00000-0xcbdfffff]
[    0.387112] pci 0000:00:16.6:   bridge window [mem 0xda300000-0xda3fffff 64bit pref]
[    0.387153] pci 0000:00:16.7: PCI bridge to [bus 12-12]
[    0.387182] pci 0000:00:16.7:   bridge window [mem 0xcc100000-0xcc1fffff]
[    0.387201] pci 0000:00:16.7:   bridge window [mem 0xda700000-0xda7fffff 64bit pref]
[    0.387243] pci 0000:00:17.0: PCI bridge to [bus 13-13]
[    0.387254] pci 0000:00:17.0:   bridge window [io  0x6000-0x6fff]
[    0.387283] pci 0000:00:17.0:   bridge window [mem 0xca600000-0xca6fffff]
[    0.387319] pci 0000:00:17.0:   bridge window [mem 0xd8c00000-0xd8cfffff 64bit pref]
[    0.387360] pci 0000:00:17.1: PCI bridge to [bus 14-14]
[    0.387381] pci 0000:00:17.1:   bridge window [io  0xa000-0xafff]
[    0.387410] pci 0000:00:17.1:   bridge window [mem 0xcaa00000-0xcaafffff]
[    0.387430] pci 0000:00:17.1:   bridge window [mem 0xd9000000-0xd90fffff 64bit pref]
[    0.387471] pci 0000:00:17.2: PCI bridge to [bus 15-15]
[    0.387482] pci 0000:00:17.2:   bridge window [io  0xe000-0xefff]
[    0.387511] pci 0000:00:17.2:   bridge window [mem 0xcae00000-0xcaefffff]
[    0.387531] pci 0000:00:17.2:   bridge window [mem 0xd9400000-0xd94fffff 64bit pref]
[    0.387572] pci 0000:00:17.3: PCI bridge to [bus 16-16]
[    0.387601] pci 0000:00:17.3:   bridge window [mem 0xcb200000-0xcb2fffff]
[    0.387621] pci 0000:00:17.3:   bridge window [mem 0xd9800000-0xd98fffff 64bit pref]
[    0.387662] pci 0000:00:17.4: PCI bridge to [bus 17-17]
[    0.387690] pci 0000:00:17.4:   bridge window [mem 0xcb600000-0xcb6fffff]
[    0.387710] pci 0000:00:17.4:   bridge window [mem 0xd9c00000-0xd9cfffff 64bit pref]
[    0.387751] pci 0000:00:17.5: PCI bridge to [bus 18-18]
[    0.387780] pci 0000:00:17.5:   bridge window [mem 0xcba00000-0xcbafffff]
[    0.387800] pci 0000:00:17.5:   bridge window [mem 0xda000000-0xda0fffff 64bit pref]
[    0.387841] pci 0000:00:17.6: PCI bridge to [bus 19-19]
[    0.387870] pci 0000:00:17.6:   bridge window [mem 0xcbe00000-0xcbefffff]
[    0.387890] pci 0000:00:17.6:   bridge window [mem 0xda400000-0xda4fffff 64bit pref]
[    0.387931] pci 0000:00:17.7: PCI bridge to [bus 1a-1a]
[    0.387959] pci 0000:00:17.7:   bridge window [mem 0xcc200000-0xcc2fffff]
[    0.387979] pci 0000:00:17.7:   bridge window [mem 0xda800000-0xda8fffff 64bit pref]
[    0.388020] pci 0000:00:18.0: PCI bridge to [bus 1b-1b]
[    0.388031] pci 0000:00:18.0:   bridge window [io  0x7000-0x7fff]
[    0.388060] pci 0000:00:18.0:   bridge window [mem 0xca700000-0xca7fffff]
[    0.388080] pci 0000:00:18.0:   bridge window [mem 0xd8d00000-0xd8dfffff 64bit pref]
[    0.388121] pci 0000:00:18.1: PCI bridge to [bus 1c-1c]
[    0.388133] pci 0000:00:18.1:   bridge window [io  0xb000-0xbfff]
[    0.388162] pci 0000:00:18.1:   bridge window [mem 0xcab00000-0xcabfffff]
[    0.388181] pci 0000:00:18.1:   bridge window [mem 0xd9100000-0xd91fffff 64bit pref]
[    0.388222] pci 0000:00:18.2: PCI bridge to [bus 1d-1d]
[    0.388251] pci 0000:00:18.2:   bridge window [mem 0xcaf00000-0xcaffffff]
[    0.388271] pci 0000:00:18.2:   bridge window [mem 0xd9500000-0xd95fffff 64bit pref]
[    0.388312] pci 0000:00:18.3: PCI bridge to [bus 1e-1e]
[    0.388343] pci 0000:00:18.3:   bridge window [mem 0xcb300000-0xcb3fffff]
[    0.388373] pci 0000:00:18.3:   bridge window [mem 0xd9900000-0xd99fffff 64bit pref]
[    0.388413] pci 0000:00:18.4: PCI bridge to [bus 1f-1f]
[    0.388442] pci 0000:00:18.4:   bridge window [mem 0xcb700000-0xcb7fffff]
[    0.388462] pci 0000:00:18.4:   bridge window [mem 0xd9d00000-0xd9dfffff 64bit pref]
[    0.388503] pci 0000:00:18.5: PCI bridge to [bus 20-20]
[    0.388532] pci 0000:00:18.5:   bridge window [mem 0xcbb00000-0xcbbfffff]
[    0.388552] pci 0000:00:18.5:   bridge window [mem 0xda100000-0xda1fffff 64bit pref]
[    0.388592] pci 0000:00:18.6: PCI bridge to [bus 21-21]
[    0.388621] pci 0000:00:18.6:   bridge window [mem 0xcbf00000-0xcbffffff]
[    0.388641] pci 0000:00:18.6:   bridge window [mem 0xda500000-0xda5fffff 64bit pref]
[    0.388682] pci 0000:00:18.7: PCI bridge to [bus 22-22]
[    0.388711] pci 0000:00:18.7:   bridge window [mem 0xcc300000-0xcc3fffff]
[    0.388731] pci 0000:00:18.7:   bridge window [mem 0xda900000-0xda9fffff 64bit pref]
[    0.388772] pci 0000:00:01.0: setting latency timer to 64
[    0.388813] pci 0000:00:15.0: setting latency timer to 64
[    0.388854] pci 0000:00:15.1: setting latency timer to 64
[    0.388895] pci 0000:00:15.2: setting latency timer to 64
[    0.388936] pci 0000:00:15.3: setting latency timer to 64
[    0.388978] pci 0000:00:15.4: setting latency timer to 64
[    0.389019] pci 0000:00:15.5: setting latency timer to 64
[    0.389060] pci 0000:00:15.6: setting latency timer to 64
[    0.389101] pci 0000:00:15.7: setting latency timer to 64
[    0.389142] pci 0000:00:16.0: setting latency timer to 64
[    0.389183] pci 0000:00:16.1: setting latency timer to 64
[    0.389224] pci 0000:00:16.2: setting latency timer to 64
[    0.389265] pci 0000:00:16.3: setting latency timer to 64
[    0.389306] pci 0000:00:16.4: setting latency timer to 64
[    0.389348] pci 0000:00:16.5: setting latency timer to 64
[    0.389389] pci 0000:00:16.6: setting latency timer to 64
[    0.389394] pci 0000:00:16.7: setting latency timer to 64
[    0.389491] pci 0000:00:17.0: setting latency timer to 64
[    0.389532] pci 0000:00:17.1: setting latency timer to 64
[    0.389574] pci 0000:00:17.2: setting latency timer to 64
[    0.389615] pci 0000:00:17.3: setting latency timer to 64
[    0.389656] pci 0000:00:17.4: setting latency timer to 64
[    0.389697] pci 0000:00:17.5: setting latency timer to 64
[    0.389738] pci 0000:00:17.6: setting latency timer to 64
[    0.389779] pci 0000:00:17.7: setting latency timer to 64
[    0.389820] pci 0000:00:18.0: setting latency timer to 64
[    0.389861] pci 0000:00:18.1: setting latency timer to 64
[    0.389902] pci 0000:00:18.2: setting latency timer to 64
[    0.389944] pci 0000:00:18.3: setting latency timer to 64
[    0.389985] pci 0000:00:18.4: setting latency timer to 64
[    0.390026] pci 0000:00:18.5: setting latency timer to 64
[    0.390067] pci 0000:00:18.6: setting latency timer to 64
[    0.390108] pci 0000:00:18.7: setting latency timer to 64
[    0.390120] pci_bus 0000:00: resource 4 [mem 0x000a0000-0x000bffff]
[    0.390122] pci_bus 0000:00: resource 5 [mem 0x000cc000-0x000cffff]
[    0.390124] pci_bus 0000:00: resource 6 [mem 0x000d0000-0x000d3fff]
[    0.390126] pci_bus 0000:00: resource 7 [mem 0x000d4000-0x000d7fff]
[    0.390128] pci_bus 0000:00: resource 8 [mem 0x000d8000-0x000dbfff]
[    0.390130] pci_bus 0000:00: resource 9 [mem 0xc0000000-0xfebfffff]
[    0.390132] pci_bus 0000:00: resource 10 [io  0x0000-0x0cf7]
[    0.390134] pci_bus 0000:00: resource 11 [io  0x0d00-0xfeff]
[    0.390136] pci_bus 0000:02: resource 0 [io  0x2000-0x3fff]
[    0.390138] pci_bus 0000:02: resource 1 [mem 0xc9000000-0xca3fffff]
[    0.390140] pci_bus 0000:02: resource 2 [mem 0xd8400000-0xd89fffff 64bit pref]
[    0.390142] pci_bus 0000:02: resource 4 [mem 0x000a0000-0x000bffff]
[    0.390144] pci_bus 0000:02: resource 5 [mem 0x000cc000-0x000cffff]
[    0.390146] pci_bus 0000:02: resource 6 [mem 0x000d0000-0x000d3fff]
[    0.390147] pci_bus 0000:02: resource 7 [mem 0x000d4000-0x000d7fff]
[    0.390149] pci_bus 0000:02: resource 8 [mem 0x000d8000-0x000dbfff]
[    0.390151] pci_bus 0000:02: resource 9 [mem 0xc0000000-0xfebfffff]
[    0.390153] pci_bus 0000:02: resource 10 [io  0x0000-0x0cf7]
[    0.390155] pci_bus 0000:02: resource 11 [io  0x0d00-0xfeff]
[    0.390157] pci_bus 0000:03: resource 0 [io  0x4000-0x4fff]
[    0.390159] pci_bus 0000:03: resource 1 [mem 0xca400000-0xca4fffff]
[    0.390161] pci_bus 0000:03: resource 2 [mem 0xd8a00000-0xd8afffff 64bit pref]
[    0.390163] pci_bus 0000:04: resource 0 [io  0x8000-0x8fff]
[    0.390165] pci_bus 0000:04: resource 1 [mem 0xca800000-0xca8fffff]
[    0.390167] pci_bus 0000:04: resource 2 [mem 0xd8e00000-0xd8efffff 64bit pref]
[    0.390169] pci_bus 0000:05: resource 0 [io  0xc000-0xcfff]
[    0.390171] pci_bus 0000:05: resource 1 [mem 0xcac00000-0xcacfffff]
[    0.390173] pci_bus 0000:05: resource 2 [mem 0xd9200000-0xd92fffff 64bit pref]
[    0.390175] pci_bus 0000:06: resource 1 [mem 0xcb000000-0xcb0fffff]
[    0.390177] pci_bus 0000:06: resource 2 [mem 0xd9600000-0xd96fffff 64bit pref]
[    0.390179] pci_bus 0000:07: resource 1 [mem 0xcb400000-0xcb4fffff]
[    0.390181] pci_bus 0000:07: resource 2 [mem 0xd9a00000-0xd9afffff 64bit pref]
[    0.390183] pci_bus 0000:08: resource 1 [mem 0xcb800000-0xcb8fffff]
[    0.390185] pci_bus 0000:08: resource 2 [mem 0xd9e00000-0xd9efffff 64bit pref]
[    0.390187] pci_bus 0000:09: resource 1 [mem 0xcbc00000-0xcbcfffff]
[    0.390189] pci_bus 0000:09: resource 2 [mem 0xda200000-0xda2fffff 64bit pref]
[    0.390191] pci_bus 0000:0a: resource 1 [mem 0xcc000000-0xcc0fffff]
[    0.390193] pci_bus 0000:0a: resource 2 [mem 0xda600000-0xda6fffff 64bit pref]
[    0.390195] pci_bus 0000:0b: resource 0 [io  0x5000-0x5fff]
[    0.390197] pci_bus 0000:0b: resource 1 [mem 0xca500000-0xca5fffff]
[    0.390199] pci_bus 0000:0b: resource 2 [mem 0xd8b00000-0xd8bfffff 64bit pref]
[    0.390201] pci_bus 0000:0c: resource 0 [io  0x9000-0x9fff]
[    0.390203] pci_bus 0000:0c: resource 1 [mem 0xca900000-0xca9fffff]
[    0.390205] pci_bus 0000:0c: resource 2 [mem 0xd8f00000-0xd8ffffff 64bit pref]
[    0.390207] pci_bus 0000:0d: resource 0 [io  0xd000-0xdfff]
[    0.390209] pci_bus 0000:0d: resource 1 [mem 0xcad00000-0xcadfffff]
[    0.390211] pci_bus 0000:0d: resource 2 [mem 0xd9300000-0xd93fffff 64bit pref]
[    0.390213] pci_bus 0000:0e: resource 1 [mem 0xcb100000-0xcb1fffff]
[    0.390215] pci_bus 0000:0e: resource 2 [mem 0xd9700000-0xd97fffff 64bit pref]
[    0.390217] pci_bus 0000:0f: resource 1 [mem 0xcb500000-0xcb5fffff]
[    0.390219] pci_bus 0000:0f: resource 2 [mem 0xd9b00000-0xd9bfffff 64bit pref]
[    0.390221] pci_bus 0000:10: resource 1 [mem 0xcb900000-0xcb9fffff]
[    0.390223] pci_bus 0000:10: resource 2 [mem 0xd9f00000-0xd9ffffff 64bit pref]
[    0.390225] pci_bus 0000:11: resource 1 [mem 0xcbd00000-0xcbdfffff]
[    0.390227] pci_bus 0000:11: resource 2 [mem 0xda300000-0xda3fffff 64bit pref]
[    0.390229] pci_bus 0000:12: resource 1 [mem 0xcc100000-0xcc1fffff]
[    0.390231] pci_bus 0000:12: resource 2 [mem 0xda700000-0xda7fffff 64bit pref]
[    0.390233] pci_bus 0000:13: resource 0 [io  0x6000-0x6fff]
[    0.390235] pci_bus 0000:13: resource 1 [mem 0xca600000-0xca6fffff]
[    0.390237] pci_bus 0000:13: resource 2 [mem 0xd8c00000-0xd8cfffff 64bit pref]
[    0.390239] pci_bus 0000:14: resource 0 [io  0xa000-0xafff]
[    0.390241] pci_bus 0000:14: resource 1 [mem 0xcaa00000-0xcaafffff]
[    0.390243] pci_bus 0000:14: resource 2 [mem 0xd9000000-0xd90fffff 64bit pref]
[    0.390245] pci_bus 0000:15: resource 0 [io  0xe000-0xefff]
[    0.390247] pci_bus 0000:15: resource 1 [mem 0xcae00000-0xcaefffff]
[    0.390249] pci_bus 0000:15: resource 2 [mem 0xd9400000-0xd94fffff 64bit pref]
[    0.390251] pci_bus 0000:16: resource 1 [mem 0xcb200000-0xcb2fffff]
[    0.390253] pci_bus 0000:16: resource 2 [mem 0xd9800000-0xd98fffff 64bit pref]
[    0.390255] pci_bus 0000:17: resource 1 [mem 0xcb600000-0xcb6fffff]
[    0.390257] pci_bus 0000:17: resource 2 [mem 0xd9c00000-0xd9cfffff 64bit pref]
[    0.390259] pci_bus 0000:18: resource 1 [mem 0xcba00000-0xcbafffff]
[    0.390261] pci_bus 0000:18: resource 2 [mem 0xda000000-0xda0fffff 64bit pref]
[    0.390263] pci_bus 0000:19: resource 1 [mem 0xcbe00000-0xcbefffff]
[    0.390265] pci_bus 0000:19: resource 2 [mem 0xda400000-0xda4fffff 64bit pref]
[    0.390267] pci_bus 0000:1a: resource 1 [mem 0xcc200000-0xcc2fffff]
[    0.390269] pci_bus 0000:1a: resource 2 [mem 0xda800000-0xda8fffff 64bit pref]
[    0.390271] pci_bus 0000:1b: resource 0 [io  0x7000-0x7fff]
[    0.390273] pci_bus 0000:1b: resource 1 [mem 0xca700000-0xca7fffff]
[    0.390275] pci_bus 0000:1b: resource 2 [mem 0xd8d00000-0xd8dfffff 64bit pref]
[    0.390277] pci_bus 0000:1c: resource 0 [io  0xb000-0xbfff]
[    0.390279] pci_bus 0000:1c: resource 1 [mem 0xcab00000-0xcabfffff]
[    0.390281] pci_bus 0000:1c: resource 2 [mem 0xd9100000-0xd91fffff 64bit pref]
[    0.390283] pci_bus 0000:1d: resource 1 [mem 0xcaf00000-0xcaffffff]
[    0.390285] pci_bus 0000:1d: resource 2 [mem 0xd9500000-0xd95fffff 64bit pref]
[    0.390287] pci_bus 0000:1e: resource 1 [mem 0xcb300000-0xcb3fffff]
[    0.390289] pci_bus 0000:1e: resource 2 [mem 0xd9900000-0xd99fffff 64bit pref]
[    0.390291] pci_bus 0000:1f: resource 1 [mem 0xcb700000-0xcb7fffff]
[    0.390293] pci_bus 0000:1f: resource 2 [mem 0xd9d00000-0xd9dfffff 64bit pref]
[    0.390295] pci_bus 0000:20: resource 1 [mem 0xcbb00000-0xcbbfffff]
[    0.390297] pci_bus 0000:20: resource 2 [mem 0xda100000-0xda1fffff 64bit pref]
[    0.390299] pci_bus 0000:21: resource 1 [mem 0xcbf00000-0xcbffffff]
[    0.390301] pci_bus 0000:21: resource 2 [mem 0xda500000-0xda5fffff 64bit pref]
[    0.390303] pci_bus 0000:22: resource 1 [mem 0xcc300000-0xcc3fffff]
[    0.390305] pci_bus 0000:22: resource 2 [mem 0xda900000-0xda9fffff 64bit pref]
[    0.390346] NET: Registered protocol family 2
[    0.390383] IP route cache hash table entries: 32768 (order: 5, 131072 bytes)
[    0.390424] TCP established hash table entries: 131072 (order: 8, 1048576 bytes)
[    0.390465] TCP bind hash table entries: 65536 (order: 7, 524288 bytes)
[    0.390506] TCP: Hash tables configured (established 131072 bind 65536)
[    0.390509] TCP reno registered
[    0.390512] UDP hash table entries: 512 (order: 2, 16384 bytes)
[    0.390519] UDP-Lite hash table entries: 512 (order: 2, 16384 bytes)
[    0.390554] NET: Registered protocol family 1
[    0.390561] pci 0000:00:00.0: Limiting direct PCI/PCI transfers
[    0.390602] pci 0000:00:0f.0: Boot video device
[    0.390643] ACPI: PCI Interrupt Link [LNKC] enabled at IRQ 10
[    0.390646] PCI: setting IRQ 10 as level-triggered
[    0.390669] pci 0000:02:00.0: PCI INT A -> Link[LNKC] -> GSI 10 (level, low) -> IRQ 10
[    0.390756] pci 0000:02:00.0: PCI INT A disabled
[    0.390797] ACPI: PCI Interrupt Link [LNKB] enabled at IRQ 11
[    0.390808] PCI: setting IRQ 11 as level-triggered
[    0.390812] pci 0000:02:03.0: PCI INT A -> Link[LNKB] -> GSI 11 (level, low) -> IRQ 11
[    0.390853] pci 0000:02:03.0: PCI INT A disabled
[    0.390866] PCI: CLS 32 bytes, default 64
[    0.390916] Simple Boot Flag at 0x36 set to 0x1
[    0.390928] Switching to clocksource tsc
[    0.391110] audit: initializing netlink socket (disabled)
[    0.391116] type=2000 audit(1369612291.373:1): initialized
[    0.405522] Trying to unpack rootfs image as initramfs...
[    0.425531] highmem bounce pool size: 64 pages
[    0.425537] HugeTLB registered 2 MB page size, pre-allocated 0 pages
[    0.429574] VFS: Disk quotas dquot_6.5.2
[    0.429615] Dquot-cache hash table entries: 1024 (order 0, 4096 bytes)
[    0.433506] fuse init (API version 7.17)
[    0.433568] msgmni has been set to 1710
[    0.445473] Block layer SCSI generic (bsg) driver version 0.4 loaded (major 253)
[    0.445506] io scheduler noop registered
[    0.445508] io scheduler deadline registered
[    0.445514] io scheduler cfq registered (default)
[    0.445555] pcieport 0000:00:15.0: setting latency timer to 64
[    0.445597] pcieport 0000:00:15.0: irq 40 for MSI/MSI-X
[    0.445638] pcieport 0000:00:15.1: setting latency timer to 64
[    0.445679] pcieport 0000:00:15.1: irq 41 for MSI/MSI-X
[    0.445720] pcieport 0000:00:15.2: setting latency timer to 64
[    0.445761] pcieport 0000:00:15.2: irq 42 for MSI/MSI-X
[    0.445802] pcieport 0000:00:15.3: setting latency timer to 64
[    0.445843] pcieport 0000:00:15.3: irq 43 for MSI/MSI-X
[    0.445884] pcieport 0000:00:15.4: setting latency timer to 64
[    0.445925] pcieport 0000:00:15.4: irq 44 for MSI/MSI-X
[    0.445967] pcieport 0000:00:15.5: setting latency timer to 64
[    0.446008] pcieport 0000:00:15.5: irq 45 for MSI/MSI-X
[    0.446049] pcieport 0000:00:15.6: setting latency timer to 64
[    0.446090] pcieport 0000:00:15.6: irq 46 for MSI/MSI-X
[    0.446131] pcieport 0000:00:15.7: setting latency timer to 64
[    0.446172] pcieport 0000:00:15.7: irq 47 for MSI/MSI-X
[    0.446213] pcieport 0000:00:16.0: setting latency timer to 64
[    0.446254] pcieport 0000:00:16.0: irq 48 for MSI/MSI-X
[    0.446295] pcieport 0000:00:16.1: setting latency timer to 64
[    0.446337] pcieport 0000:00:16.1: irq 49 for MSI/MSI-X
[    0.446378] pcieport 0000:00:16.2: setting latency timer to 64
[    0.446419] pcieport 0000:00:16.2: irq 50 for MSI/MSI-X
[    0.446460] pcieport 0000:00:16.3: setting latency timer to 64
[    0.446501] pcieport 0000:00:16.3: irq 51 for MSI/MSI-X
[    0.446542] pcieport 0000:00:16.4: setting latency timer to 64
[    0.446583] pcieport 0000:00:16.4: irq 52 for MSI/MSI-X
[    0.446624] pcieport 0000:00:16.5: setting latency timer to 64
[    0.446665] pcieport 0000:00:16.5: irq 53 for MSI/MSI-X
[    0.446707] pcieport 0000:00:16.6: setting latency timer to 64
[    0.446748] pcieport 0000:00:16.6: irq 54 for MSI/MSI-X
[    0.446789] pcieport 0000:00:16.7: setting latency timer to 64
[    0.446830] pcieport 0000:00:16.7: irq 55 for MSI/MSI-X
[    0.446871] pcieport 0000:00:17.0: setting latency timer to 64
[    0.446912] pcieport 0000:00:17.0: irq 56 for MSI/MSI-X
[    0.446953] pcieport 0000:00:17.1: setting latency timer to 64
[    0.446994] pcieport 0000:00:17.1: irq 57 for MSI/MSI-X
[    0.447036] pcieport 0000:00:17.2: setting latency timer to 64
[    0.447077] pcieport 0000:00:17.2: irq 58 for MSI/MSI-X
[    0.447118] pcieport 0000:00:17.3: setting latency timer to 64
[    0.447159] pcieport 0000:00:17.3: irq 59 for MSI/MSI-X
[    0.447200] pcieport 0000:00:17.4: setting latency timer to 64
[    0.447241] pcieport 0000:00:17.4: irq 60 for MSI/MSI-X
[    0.447282] pcieport 0000:00:17.5: setting latency timer to 64
[    0.447323] pcieport 0000:00:17.5: irq 61 for MSI/MSI-X
[    0.447364] pcieport 0000:00:17.6: setting latency timer to 64
[    0.447406] pcieport 0000:00:17.6: irq 62 for MSI/MSI-X
[    0.447447] pcieport 0000:00:17.7: setting latency timer to 64
[    0.447488] pcieport 0000:00:17.7: irq 63 for MSI/MSI-X
[    0.447529] pcieport 0000:00:18.0: setting latency timer to 64
[    0.447570] pcieport 0000:00:18.0: irq 64 for MSI/MSI-X
[    0.447611] pcieport 0000:00:18.1: setting latency timer to 64
[    0.447652] pcieport 0000:00:18.1: irq 65 for MSI/MSI-X
[    0.447693] pcieport 0000:00:18.2: setting latency timer to 64
[    0.447734] pcieport 0000:00:18.2: irq 66 for MSI/MSI-X
[    0.447776] pcieport 0000:00:18.3: setting latency timer to 64
[    0.447817] pcieport 0000:00:18.3: irq 67 for MSI/MSI-X
[    0.447858] pcieport 0000:00:18.4: setting latency timer to 64
[    0.447899] pcieport 0000:00:18.4: irq 68 for MSI/MSI-X
[    0.447940] pcieport 0000:00:18.5: setting latency timer to 64
[    0.447981] pcieport 0000:00:18.5: irq 69 for MSI/MSI-X
[    0.448022] pcieport 0000:00:18.6: setting latency timer to 64
[    0.448063] pcieport 0000:00:18.6: irq 70 for MSI/MSI-X
[    0.448104] pcieport 0000:00:18.7: setting latency timer to 64
[    0.448146] pcieport 0000:00:18.7: irq 71 for MSI/MSI-X
[    0.448187] pcieport 0000:00:15.0: Signaling PME through PCIe PME interrupt
[    0.448209] pcie_pme 0000:00:15.0:pcie01: service driver pcie_pme loaded
[    0.448250] pcieport 0000:00:15.1: Signaling PME through PCIe PME interrupt
[    0.448272] pcie_pme 0000:00:15.1:pcie01: service driver pcie_pme loaded
[    0.448313] pcieport 0000:00:15.2: Signaling PME through PCIe PME interrupt
[    0.448334] pcie_pme 0000:00:15.2:pcie01: service driver pcie_pme loaded
[    0.448375] pcieport 0000:00:15.3: Signaling PME through PCIe PME interrupt
[    0.448397] pcie_pme 0000:00:15.3:pcie01: service driver pcie_pme loaded
[    0.448438] pcieport 0000:00:15.4: Signaling PME through PCIe PME interrupt
[    0.448459] pcie_pme 0000:00:15.4:pcie01: service driver pcie_pme loaded
[    0.448500] pcieport 0000:00:15.5: Signaling PME through PCIe PME interrupt
[    0.448541] pcie_pme 0000:00:15.5:pcie01: service driver pcie_pme loaded
[    0.448583] pcieport 0000:00:15.6: Signaling PME through PCIe PME interrupt
[    0.448604] pcie_pme 0000:00:15.6:pcie01: service driver pcie_pme loaded
[    0.448645] pcieport 0000:00:15.7: Signaling PME through PCIe PME interrupt
[    0.448667] pcie_pme 0000:00:15.7:pcie01: service driver pcie_pme loaded
[    0.448708] pcieport 0000:00:16.0: Signaling PME through PCIe PME interrupt
[    0.448729] pcie_pme 0000:00:16.0:pcie01: service driver pcie_pme loaded
[    0.448770] pcieport 0000:00:16.1: Signaling PME through PCIe PME interrupt
[    0.448791] pcie_pme 0000:00:16.1:pcie01: service driver pcie_pme loaded
[    0.448832] pcieport 0000:00:16.2: Signaling PME through PCIe PME interrupt
[    0.448854] pcie_pme 0000:00:16.2:pcie01: service driver pcie_pme loaded
[    0.448895] pcieport 0000:00:16.3: Signaling PME through PCIe PME interrupt
[    0.448917] pcie_pme 0000:00:16.3:pcie01: service driver pcie_pme loaded
[    0.448958] pcieport 0000:00:16.4: Signaling PME through PCIe PME interrupt
[    0.448979] pcie_pme 0000:00:16.4:pcie01: service driver pcie_pme loaded
[    0.449020] pcieport 0000:00:16.5: Signaling PME through PCIe PME interrupt
[    0.449041] pcie_pme 0000:00:16.5:pcie01: service driver pcie_pme loaded
[    0.449082] pcieport 0000:00:16.6: Signaling PME through PCIe PME interrupt
[    0.449104] pcie_pme 0000:00:16.6:pcie01: service driver pcie_pme loaded
[    0.449145] pcieport 0000:00:16.7: Signaling PME through PCIe PME interrupt
[    0.449166] pcie_pme 0000:00:16.7:pcie01: service driver pcie_pme loaded
[    0.449207] pcieport 0000:00:17.0: Signaling PME through PCIe PME interrupt
[    0.449229] pcie_pme 0000:00:17.0:pcie01: service driver pcie_pme loaded
[    0.449270] pcieport 0000:00:17.1: Signaling PME through PCIe PME interrupt
[    0.449291] pcie_pme 0000:00:17.1:pcie01: service driver pcie_pme loaded
[    0.449425] pcieport 0000:00:17.2: Signaling PME through PCIe PME interrupt
[    0.449449] pcie_pme 0000:00:17.2:pcie01: service driver pcie_pme loaded
[    0.449490] pcieport 0000:00:17.3: Signaling PME through PCIe PME interrupt
[    0.449511] pcie_pme 0000:00:17.3:pcie01: service driver pcie_pme loaded
[    0.449552] pcieport 0000:00:17.4: Signaling PME through PCIe PME interrupt
[    0.449587] pcie_pme 0000:00:17.4:pcie01: service driver pcie_pme loaded
[    0.449628] pcieport 0000:00:17.5: Signaling PME through PCIe PME interrupt
[    0.449651] pcie_pme 0000:00:17.5:pcie01: service driver pcie_pme loaded
[    0.449692] pcieport 0000:00:17.6: Signaling PME through PCIe PME interrupt
[    0.449715] pcie_pme 0000:00:17.6:pcie01: service driver pcie_pme loaded
[    0.449756] pcieport 0000:00:17.7: Signaling PME through PCIe PME interrupt
[    0.449779] pcie_pme 0000:00:17.7:pcie01: service driver pcie_pme loaded
[    0.449820] pcieport 0000:00:18.0: Signaling PME through PCIe PME interrupt
[    0.449843] pcie_pme 0000:00:18.0:pcie01: service driver pcie_pme loaded
[    0.449884] pcieport 0000:00:18.1: Signaling PME through PCIe PME interrupt
[    0.449907] pcie_pme 0000:00:18.1:pcie01: service driver pcie_pme loaded
[    0.449948] pcieport 0000:00:18.2: Signaling PME through PCIe PME interrupt
[    0.449971] pcie_pme 0000:00:18.2:pcie01: service driver pcie_pme loaded
[    0.450012] pcieport 0000:00:18.3: Signaling PME through PCIe PME interrupt
[    0.450035] pcie_pme 0000:00:18.3:pcie01: service driver pcie_pme loaded
[    0.450076] pcieport 0000:00:18.4: Signaling PME through PCIe PME interrupt
[    0.450099] pcie_pme 0000:00:18.4:pcie01: service driver pcie_pme loaded
[    0.450140] pcieport 0000:00:18.5: Signaling PME through PCIe PME interrupt
[    0.450164] pcie_pme 0000:00:18.5:pcie01: service driver pcie_pme loaded
[    0.450205] pcieport 0000:00:18.6: Signaling PME through PCIe PME interrupt
[    0.450228] pcie_pme 0000:00:18.6:pcie01: service driver pcie_pme loaded
[    0.450269] pcieport 0000:00:18.7: Signaling PME through PCIe PME interrupt
[    0.450304] pcie_pme 0000:00:18.7:pcie01: service driver pcie_pme loaded
[    0.450326] pci_hotplug: PCI Hot Plug PCI Core version: 0.5
[    0.450367] pciehp 0000:00:15.0:pcie04: HPC vendor_id 15ad device_id 7a0 ss_vid 15ad ss_did 7a0
[    0.450409] pciehp 0000:00:15.0:pcie04: service driver pciehp loaded
[    0.450450] pciehp 0000:00:15.1:pcie04: HPC vendor_id 15ad device_id 7a0 ss_vid 15ad ss_did 7a0
[    0.450491] pciehp 0000:00:15.1:pcie04: service driver pciehp loaded
[    0.450532] pciehp 0000:00:15.2:pcie04: HPC vendor_id 15ad device_id 7a0 ss_vid 15ad ss_did 7a0
[    0.450573] pciehp 0000:00:15.2:pcie04: service driver pciehp loaded
[    0.450614] pciehp 0000:00:15.3:pcie04: HPC vendor_id 15ad device_id 7a0 ss_vid 15ad ss_did 7a0
[    0.450655] pciehp 0000:00:15.3:pcie04: service driver pciehp loaded
[    0.450696] pciehp 0000:00:15.4:pcie04: HPC vendor_id 15ad device_id 7a0 ss_vid 15ad ss_did 7a0
[    0.450738] pciehp 0000:00:15.4:pcie04: service driver pciehp loaded
[    0.450779] pciehp 0000:00:15.5:pcie04: HPC vendor_id 15ad device_id 7a0 ss_vid 15ad ss_did 7a0
[    0.450820] pciehp 0000:00:15.5:pcie04: service driver pciehp loaded
[    0.450861] pciehp 0000:00:15.6:pcie04: HPC vendor_id 15ad device_id 7a0 ss_vid 15ad ss_did 7a0
[    0.450902] pciehp 0000:00:15.6:pcie04: service driver pciehp loaded
[    0.450943] pciehp 0000:00:15.7:pcie04: HPC vendor_id 15ad device_id 7a0 ss_vid 15ad ss_did 7a0
[    0.450984] pciehp 0000:00:15.7:pcie04: service driver pciehp loaded
[    0.451025] pciehp 0000:00:16.0:pcie04: HPC vendor_id 15ad device_id 7a0 ss_vid 15ad ss_did 7a0
[    0.451066] pciehp 0000:00:16.0:pcie04: service driver pciehp loaded
[    0.451108] pciehp 0000:00:16.1:pcie04: HPC vendor_id 15ad device_id 7a0 ss_vid 15ad ss_did 7a0
[    0.451149] pciehp 0000:00:16.1:pcie04: service driver pciehp loaded
[    0.451190] pciehp 0000:00:16.2:pcie04: HPC vendor_id 15ad device_id 7a0 ss_vid 15ad ss_did 7a0
[    0.451231] pciehp 0000:00:16.2:pcie04: service driver pciehp loaded
[    0.451272] pciehp 0000:00:16.3:pcie04: HPC vendor_id 15ad device_id 7a0 ss_vid 15ad ss_did 7a0
[    0.451313] pciehp 0000:00:16.3:pcie04: service driver pciehp loaded
[    0.451354] pciehp 0000:00:16.4:pcie04: HPC vendor_id 15ad device_id 7a0 ss_vid 15ad ss_did 7a0
[    0.451395] pciehp 0000:00:16.4:pcie04: service driver pciehp loaded
[    0.451436] pciehp 0000:00:16.5:pcie04: HPC vendor_id 15ad device_id 7a0 ss_vid 15ad ss_did 7a0
[    0.451478] pciehp 0000:00:16.5:pcie04: service driver pciehp loaded
[    0.451519] pciehp 0000:00:16.6:pcie04: HPC vendor_id 15ad device_id 7a0 ss_vid 15ad ss_did 7a0
[    0.451560] pciehp 0000:00:16.6:pcie04: service driver pciehp loaded
[    0.451601] pciehp 0000:00:16.7:pcie04: HPC vendor_id 15ad device_id 7a0 ss_vid 15ad ss_did 7a0
[    0.451642] pciehp 0000:00:16.7:pcie04: service driver pciehp loaded
[    0.451683] pciehp 0000:00:17.0:pcie04: HPC vendor_id 15ad device_id 7a0 ss_vid 15ad ss_did 7a0
[    0.451724] pciehp 0000:00:17.0:pcie04: service driver pciehp loaded
[    0.451765] pciehp 0000:00:17.1:pcie04: HPC vendor_id 15ad device_id 7a0 ss_vid 15ad ss_did 7a0
[    0.451806] pciehp 0000:00:17.1:pcie04: service driver pciehp loaded
[    0.451848] pciehp 0000:00:17.2:pcie04: HPC vendor_id 15ad device_id 7a0 ss_vid 15ad ss_did 7a0
[    0.451889] pciehp 0000:00:17.2:pcie04: service driver pciehp loaded
[    0.451930] pciehp 0000:00:17.3:pcie04: HPC vendor_id 15ad device_id 7a0 ss_vid 15ad ss_did 7a0
[    0.451971] pciehp 0000:00:17.3:pcie04: service driver pciehp loaded
[    0.452012] pciehp 0000:00:17.4:pcie04: HPC vendor_id 15ad device_id 7a0 ss_vid 15ad ss_did 7a0
[    0.452053] pciehp 0000:00:17.4:pcie04: service driver pciehp loaded
[    0.452094] pciehp 0000:00:17.5:pcie04: HPC vendor_id 15ad device_id 7a0 ss_vid 15ad ss_did 7a0
[    0.452135] pciehp 0000:00:17.5:pcie04: service driver pciehp loaded
[    0.452176] pciehp 0000:00:17.6:pcie04: HPC vendor_id 15ad device_id 7a0 ss_vid 15ad ss_did 7a0
[    0.452218] pciehp 0000:00:17.6:pcie04: service driver pciehp loaded
[    0.452259] pciehp 0000:00:17.7:pcie04: HPC vendor_id 15ad device_id 7a0 ss_vid 15ad ss_did 7a0
[    0.452300] pciehp 0000:00:17.7:pcie04: service driver pciehp loaded
[    0.452341] pciehp 0000:00:18.0:pcie04: HPC vendor_id 15ad device_id 7a0 ss_vid 15ad ss_did 7a0
[    0.452382] pciehp 0000:00:18.0:pcie04: service driver pciehp loaded
[    0.452423] pciehp 0000:00:18.1:pcie04: HPC vendor_id 15ad device_id 7a0 ss_vid 15ad ss_did 7a0
[    0.452464] pciehp 0000:00:18.1:pcie04: service driver pciehp loaded
[    0.452505] pciehp 0000:00:18.2:pcie04: HPC vendor_id 15ad device_id 7a0 ss_vid 15ad ss_did 7a0
[    0.452546] pciehp 0000:00:18.2:pcie04: service driver pciehp loaded
[    0.452588] pciehp 0000:00:18.3:pcie04: HPC vendor_id 15ad device_id 7a0 ss_vid 15ad ss_did 7a0
[    0.452629] pciehp 0000:00:18.3:pcie04: service driver pciehp loaded
[    0.452670] pciehp 0000:00:18.4:pcie04: HPC vendor_id 15ad device_id 7a0 ss_vid 15ad ss_did 7a0
[    0.452711] pciehp 0000:00:18.4:pcie04: service driver pciehp loaded
[    0.452752] pciehp 0000:00:18.5:pcie04: HPC vendor_id 15ad device_id 7a0 ss_vid 15ad ss_did 7a0
[    0.452793] pciehp 0000:00:18.5:pcie04: service driver pciehp loaded
[    0.452834] pciehp 0000:00:18.6:pcie04: HPC vendor_id 15ad device_id 7a0 ss_vid 15ad ss_did 7a0
[    0.452875] pciehp 0000:00:18.6:pcie04: service driver pciehp loaded
[    0.452916] pciehp 0000:00:18.7:pcie04: HPC vendor_id 15ad device_id 7a0 ss_vid 15ad ss_did 7a0
[    0.452958] pciehp 0000:00:18.7:pcie04: service driver pciehp loaded
[    0.452964] pciehp: PCI Express Hot Plug Controller Driver version: 0.4
[    0.453005] ACPI: Deprecated procfs I/F for AC is loaded, please retry with CONFIG_ACPI_PROCFS_POWER cleared
[    0.453060] ACPI: AC Adapter [ACAD] (on-line)
[    0.457504] input: Power Button as /devices/LNXSYSTM:00/LNXPWRBN:00/input/input0
[    0.457509] ACPI: Power Button [PWRF]
[    0.473387] ERST: Table is not found!
[    0.473390] GHES: HEST is not enabled!
[    0.473475] Serial: 8250/16550 driver, 32 ports, IRQ sharing enabled
[    0.493422] serial8250: ttyS0 at I/O 0x3f8 (irq = 4) is a 16550A
[    0.497377] isapnp: Scanning for PnP cards...
[    0.585227] serial8250: ttyS1 at I/O 0x2f8 (irq = 3) is a 16550A
[    0.672984] 00:0a: ttyS0 at I/O 0x3f8 (irq = 4) is a 16550A
[    0.713075] 00:0b: ttyS1 at I/O 0x2f8 (irq = 3) is a 16550A
[    0.777098] Linux agpgart interface v0.103
[    0.777139] agpgart-intel 0000:00:00.0: Intel 440BX Chipset
[    0.777241] agpgart-intel 0000:00:00.0: AGP aperture is 256M @ 0x0
[    0.781406] brd: module loaded
[    0.781827] loop: module loaded
[    0.781868] ata_piix 0000:00:07.1: version 2.13
[    0.781935] scsi0 : ata_piix
[    0.781985] scsi1 : ata_piix
[    0.782012] ata1: PATA max UDMA/33 cmd 0x1f0 ctl 0x3f6 bmdma 0x10c0 irq 14
[    0.782014] ata2: PATA max UDMA/33 cmd 0x170 ctl 0x376 bmdma 0x10c8 irq 15
[    0.782058] Fixed MDIO Bus: probed
[    0.782070] tun: Universal TUN/TAP device driver, 1.6
[    0.782072] tun: (C) 1999-2004 Max Krasnyansky <maxk@qualcomm.com>
[    0.782118] PPP generic driver version 2.4.2
[    0.782173] ehci_hcd: USB 2.0 'Enhanced' Host Controller (EHCI) Driver
[    0.782201] ehci_hcd 0000:02:03.0: PCI INT A -> Link[LNKB] -> GSI 11 (level, low) -> IRQ 11
[    0.782242] ehci_hcd 0000:02:03.0: EHCI Host Controller
[    0.782303] ehci_hcd 0000:02:03.0: new USB bus registered, assigned bus number 1
[    0.782344] ehci_hcd 0000:02:03.0: cache line size of 32 is not supported
[    0.782352] ehci_hcd 0000:02:03.0: irq 11, io mem 0xc9000000
[    0.792959] ehci_hcd 0000:02:03.0: USB 2.0 started, EHCI 1.00
[    0.793061] hub 1-0:1.0: USB hub found
[    0.793066] hub 1-0:1.0: 6 ports detected
[    0.793107] ohci_hcd: USB 1.1 'Open' Host Controller (OHCI) Driver
[    0.793119] uhci_hcd: USB Universal Host Controller Interface driver
[    0.793154] uhci_hcd 0000:02:00.0: PCI INT A -> Link[LNKC] -> GSI 10 (level, low) -> IRQ 10
[    0.793193] uhci_hcd 0000:02:00.0: UHCI Host Controller
[    0.793227] uhci_hcd 0000:02:00.0: new USB bus registered, assigned bus number 2
[    0.793315] uhci_hcd 0000:02:00.0: irq 10, io base 0x000020c0
[    0.793408] hub 2-0:1.0: USB hub found
[    0.793412] hub 2-0:1.0: 2 ports detected
[    0.793453] usbcore: registered new interface driver libusual
[    0.793494] i8042: PNP: PS/2 Controller [PNP0303:KBC,PNP0f13:MOUS] at 0x60,0x64 irq 1,12
[    0.793794] serio: i8042 KBD port at 0x60,0x64 irq 1
[    0.793801] serio: i8042 AUX port at 0x60,0x64 irq 12
[    0.793884] mousedev: PS/2 mouse device common for all mice
[    0.794127] rtc_cmos 00:04: rtc core: registered rtc_cmos as rtc0
[    0.794181] rtc0: alarms up to one month, y3k, 114 bytes nvram, hpet irqs
[    0.794222] device-mapper: uevent: version 1.0.3
[    0.794269] device-mapper: ioctl: 4.22.0-ioctl (2011-10-19) initialised: dm-devel@redhat.com
[    0.794291] EISA: Probing bus 0 at eisa.0
[    0.794293] EISA: Cannot allocate resource for mainboard
[    0.794295] Cannot allocate resource for EISA slot 1
[    0.794296] Cannot allocate resource for EISA slot 2
[    0.794298] Cannot allocate resource for EISA slot 3
[    0.794299] Cannot allocate resource for EISA slot 4
[    0.794301] Cannot allocate resource for EISA slot 5
[    0.794302] Cannot allocate resource for EISA slot 6
[    0.794304] Cannot allocate resource for EISA slot 7
[    0.794305] Cannot allocate resource for EISA slot 8
[    0.794307] EISA: Detected 0 cards.
[    0.794313] cpufreq-nforce2: No nForce2 chipset.
[    0.794316] cpuidle: using governor ladder
[    0.794317] cpuidle: using governor menu
[    0.794319] EFI Variables Facility v0.08 2004-May-17
[    0.794360] TCP cubic registered
[    0.794401] NET: Registered protocol family 10
[    0.794442] NET: Registered protocol family 17
[    0.794446] Registering the dns_resolver key type
[    0.794461] Using IPI No-Shortcut mode
[    0.794550] PM: Hibernation image not present or could not be loaded.
[    0.794560] registered taskstats version 1
[    0.795019] input: AT Translated Set 2 keyboard as /devices/platform/i8042/serio0/input/input1
[    0.872874] Freeing initrd memory: 13836k freed
[    0.920809]   Magic number: 13:727:909
[    0.920922] rtc_cmos 00:04: setting system clock to 2013-05-26 23:51:32 UTC (1369612292)
[    0.920935] BIOS EDD facility v0.16 2004-Jun-25, 0 devices found
[    0.920937] EDD information not available.
[    1.043053] ata2.00: ATAPI: VMware Virtual IDE CDROM Drive, 00000001, max UDMA/33
[    1.043327] ata2.00: configured for UDMA/33
[    1.086970] isapnp: No Plug & Play device found
[    1.087175] scsi 1:0:0:0: CD-ROM            NECVMWar VMware IDE CDR10 1.00 PQ: 0 ANSI: 5
[    1.087791] sr0: scsi3-mmc drive: 306x/306x cd/rw xa/form2 cdda tray
[    1.087793] cdrom: Uniform CD-ROM driver Revision: 3.20
[    1.087882] sr 1:0:0:0: Attached scsi CD-ROM sr0
[    1.088003] sr 1:0:0:0: Attached scsi generic sg0 type 5
[    1.088062] Freeing unused kernel memory: 740k freed
[    1.088115] Write protecting the kernel text: 5816k
[    1.088124] Write protecting the kernel read-only data: 2376k
[    1.088125] NX-protecting the kernel data: 4424k
[    1.098409] udevd[85]: starting version 175
[    1.112821] VMware vmxnet3 virtual NIC driver - version 1.1.29.0-k-NAPI
[    1.116831] VMware PVSCSI driver - version 1.0.1.0-k
[    1.121456] VMware vmxnet virtual NIC driver
[    1.121509] ACPI: PCI Interrupt Link [LNKD] enabled at IRQ 5
[    1.121512] PCI: setting IRQ 5 as level-triggered
[    1.121518] vmxnet 0000:02:01.0: PCI INT A -> Link[LNKD] -> GSI 5 (level, low) -> IRQ 5
[    1.121571] Found vmxnet/PCI at 0x2024, irq 5.
[    1.121623] features:
[    1.121634] numRxBuffers = 100, numRxBuffers2 = 1
[    1.121687] vmxnet 0000:02:01.0: eth0: set_features() failed (-1); wanted 0x00004000, left 0x00004800
[    1.138994] Fusion MPT base driver 3.04.20
[    1.138996] Copyright (c) 1999-2008 LSI Corporation
[    1.139180] Fusion MPT SPI Host driver 3.04.20
[    1.139228] mptspi 0000:00:10.0: PCI INT A -> Link[LNKB] -> GSI 11 (level, low) -> IRQ 11
[    1.145568] mptbase: ioc0: Initiating bringup
[    1.162508] Floppy drive(s): fd0 is 1.44M
[    1.176554] FDC 0 is a post-1991 82077
[    1.208288] usb 2-1: new full-speed USB device number 2 using uhci_hcd
[    1.216355] ioc0: LSI53C1030 B0: Capabilities={Initiator}
[    1.344515] input: VMware VMware Virtual USB Mouse as /devices/pci0000:00/0000:00:11.0/0000:02:00.0/usb2/2-1/2-1:1.0/input/input2
[    1.344784] generic-usb 0003:0E0F:0003.0001: input,hidraw0: USB HID v1.10 Mouse [VMware VMware Virtual USB Mouse] on usb-0000:02:00.0-1/input0
[    1.345556] input: VMware VMware Virtual USB Mouse as /devices/pci0000:00/0000:00:11.0/0000:02:00.0/usb2/2-1/2-1:1.1/input/input3
[    1.345743] generic-usb 0003:0E0F:0003.0002: input,hidraw1: USB HID v1.10 Mouse [VMware VMware Virtual USB Mouse] on usb-0000:02:00.0-1/input1
[    1.345894] usbcore: registered new interface driver usbhid
[    1.345896] usbhid: USB HID core driver
[    1.376180] scsi2 : ioc0: LSI53C1030 B0, FwRev=01032920h, Ports=1, MaxQ=128, IRQ=11
[    1.451974] usb 2-2: new full-speed USB device number 3 using uhci_hcd
[    1.488793] scsi 2:0:0:0: Direct-Access     VMware,  VMware Virtual S 1.0  PQ: 0 ANSI: 2
[    1.488802] scsi target2:0:0: Beginning Domain Validation
[    1.489372] scsi target2:0:0: Domain Validation skipping write tests
[    1.489375] scsi target2:0:0: Ending Domain Validation
[    1.489425] scsi target2:0:0: FAST-40 WIDE SCSI 80.0 MB/s ST (25 ns, offset 127)
[    1.491506] sd 2:0:0:0: [sda] 41943040 512-byte logical blocks: (21.4 GB/20.0 GiB)
[    1.491562] sd 2:0:0:0: [sda] Write Protect is off
[    1.491565] sd 2:0:0:0: [sda] Mode Sense: 61 00 00 00
[    1.491620] sd 2:0:0:0: [sda] Cache data unavailable
[    1.491623] sd 2:0:0:0: [sda] Assuming drive cache: write through
[    1.491915] sd 2:0:0:0: [sda] Cache data unavailable
[    1.491918] sd 2:0:0:0: [sda] Assuming drive cache: write through
[    1.492602] sd 2:0:0:0: Attached scsi generic sg1 type 0
[    1.493159]  sda: sda1 sda2 < sda5 >
[    1.493499] sd 2:0:0:0: [sda] Cache data unavailable
[    1.493502] sd 2:0:0:0: [sda] Assuming drive cache: write through
[    1.493504] sd 2:0:0:0: [sda] Attached SCSI disk
[    1.524561] EXT4-fs (sda1): INFO: recovery required on readonly filesystem
[    1.524565] EXT4-fs (sda1): write access will be enabled during recovery
[    1.591803] hub 2-2:1.0: USB hub found
[    1.594053] hub 2-2:1.0: 7 ports detected
[    1.645480] EXT4-fs (sda1): recovery complete
[    1.646020] EXT4-fs (sda1): mounted filesystem with ordered data mode. Opts: (null)
[    3.107208] ADDRCONF(NETDEV_UP): eth0: link is not ready
[    3.113275] udevd[329]: starting version 175
[    3.151297] Adding 1046524k swap on /dev/sda5.  Priority:-1 extents:1 across:1046524k 
[    3.158272] lp: driver loaded but no devices found
[    3.231800] EXT4-fs (sda1): re-mounted. Opts: errors=remount-ro
[    3.254600] shpchp: Standard Hot Plug PCI Controller Driver version: 0.4
[    3.261224] [384]: VMCI: shared components initialized.
[    3.261225] Probing for vmci/PCI.
[    3.261399] ACPI: PCI Interrupt Link [LNKA] enabled at IRQ 9
[    3.261402] PCI: setting IRQ 9 as level-triggered
[    3.261407] vmci 0000:00:07.7: PCI INT A -> Link[LNKA] -> GSI 9 (level, low) -> IRQ 9
[    3.261446] Found vmci/PCI at 0x1080, irq 9.
[    3.261477] VMCI: using capabilities 0xc.
[    3.261543] [384]: VMCI: Host capability check passed.
[    3.261811] vmci 0000:00:07.7: irq 72 for MSI/MSI-X
[    3.261841] vmci 0000:00:07.7: irq 73 for MSI/MSI-X
[    3.262100] Registered vmci device.
[    3.279051] [384]: VMCI: Using guest personality
[    3.279055] [384]: VMCI: host components initialized.
[    3.314340] [384]: VMCI: Module registered (name=vmci,major=10,minor=57).
[    3.314344] [384]: VMCI: Using host personality
[    3.314346] [384]: VMCI: Module (name=vmci) is initialized
[    3.316461] piix4_smbus 0000:00:07.3: Host SMBus controller not enabled!
[    3.356431] ppdev: user-space parallel port driver
[    3.357718] parport_pc 00:09: reported by Plug and Play ACPI
[    3.357900] parport0: PC-style at 0x378, irq 7 [PCSPP,TRISTATE]
[    3.371482] Bluetooth: Core ver 2.16
[    3.374494] NET: Registered protocol family 31
[    3.374498] Bluetooth: HCI device and connection manager initialized
[    3.374501] Bluetooth: HCI socket layer initialized
[    3.374502] Bluetooth: L2CAP socket layer initialized
[    3.374509] Bluetooth: SCO socket layer initialized
[    3.397482] Bluetooth: BNEP (Ethernet Emulation) ver 1.3
[    3.397485] Bluetooth: BNEP filters: protocol multicast
[    3.410202] Bluetooth: RFCOMM TTY layer initialized
[    3.410207] Bluetooth: RFCOMM socket layer initialized
[    3.410209] Bluetooth: RFCOMM ver 1.11
[    3.453142] lp0: using parport0 (interrupt-driven).
[    3.465034] type=1400 audit(1369612295.046:2): apparmor="STATUS" operation="profile_load" name="/usr/lib/cups/backend/cups-pdf" pid=576 comm="apparmor_parser"
[    3.465149] type=1400 audit(1369612295.046:3): apparmor="STATUS" operation="profile_load" name="/usr/sbin/cupsd" pid=576 comm="apparmor_parser"
[    3.534306] type=1400 audit(1369612295.114:4): apparmor="STATUS" operation="profile_load" name="/sbin/dhclient" pid=604 comm="apparmor_parser"
[    3.534410] type=1400 audit(1369612295.114:5): apparmor="STATUS" operation="profile_load" name="/usr/lib/NetworkManager/nm-dhcp-client.action" pid=604 comm="apparmor_parser"
[    3.534509] type=1400 audit(1369612295.114:6): apparmor="STATUS" operation="profile_load" name="/usr/lib/connman/scripts/dhclient-script" pid=604 comm="apparmor_parser"
[    3.628144] input: ImPS/2 Generic Wheel Mouse as /devices/platform/i8042/serio1/input/input4
[    3.784500] snd_ens1371 0000:02:02.0: PCI INT A -> Link[LNKA] -> GSI 9 (level, low) -> IRQ 9
[    3.806193] init: failsafe main process (675) killed by TERM signal
[    3.912475] type=1400 audit(1369612295.494:7): apparmor="STATUS" operation="profile_load" name="/usr/lib/lightdm/lightdm/lightdm-guest-session-wrapper" pid=805 comm="apparmor_parser"
[    3.912968] type=1400 audit(1369612295.494:8): apparmor="STATUS" operation="profile_replace" name="/sbin/dhclient" pid=806 comm="apparmor_parser"
[    3.913080] type=1400 audit(1369612295.494:9): apparmor="STATUS" operation="profile_replace" name="/usr/lib/NetworkManager/nm-dhcp-client.action" pid=806 comm="apparmor_parser"
[    3.913179] type=1400 audit(1369612295.494:10): apparmor="STATUS" operation="profile_replace" name="/usr/lib/connman/scripts/dhclient-script" pid=806 comm="apparmor_parser"
[    4.068164] init: alsa-restore main process (868) terminated with status 19
