[    0.000000] Initializing cgroup subsys cpuset
[    0.000000] Initializing cgroup subsys cpu
[    0.000000] Linux version 3.2.0-29-generic-pae (buildd@roseapple) (gcc version 4.6.3 (Ubuntu/Linaro 4.6.3-1ubuntu5) ) #46-Ubuntu SMP Fri Jul 27 17:25:43 UTC 2012 (Ubuntu 3.2.0-29.46-generic-pae 3.2.24)
[    0.000000] KERNEL supported cpus:
[    0.000000]   Intel GenuineIntel
[    0.000000]   AMD AuthenticAMD
[    0.000000]   NSC Geode by NSC
[    0.000000]   Cyrix CyrixInstead
[    0.000000]   Centaur CentaurHauls
[    0.000000]   Transmeta GenuineTMx86
[    0.000000]   Transmeta TransmetaCPU
[    0.000000]   UMC UMC UMC UMC
[    0.000000] Disabled fast string operations
[    0.000000] BIOS-provided physical RAM map:
[    0.000000]  BIOS-e820: 0000000000000000 - 000000000009f000 (usable)
[    0.000000]  BIOS-e820: 000000000009f000 - 00000000000a0000 (reserved)
[    0.000000]  BIOS-e820: 00000000000ca000 - 00000000000cc000 (reserved)
[    0.000000]  BIOS-e820: 00000000000dc000 - 0000000000100000 (reserved)
[    0.000000]  BIOS-e820: 0000000000100000 - 000000003fee0000 (usable)
[    0.000000]  BIOS-e820: 000000003fee0000 - 000000003feff000 (ACPI data)
[    0.000000]  BIOS-e820: 000000003feff000 - 000000003ff00000 (ACPI NVS)
[    0.000000]  BIOS-e820: 000000003ff00000 - 0000000040000000 (usable)
[    0.000000]  BIOS-e820: 00000000e0000000 - 00000000f0000000 (reserved)
[    0.000000]  BIOS-e820: 00000000fec00000 - 00000000fec10000 (reserved)
[    0.000000]  BIOS-e820: 00000000fee00000 - 00000000fee01000 (reserved)
[    0.000000]  BIOS-e820: 00000000fffe0000 - 0000000100000000 (reserved)
[    0.000000] NX (Execute Disable) protection: active
[    0.000000] DMI present.
[    0.000000] DMI: VMware, Inc. VMware Virtual Platform/440BX Desktop Reference Platform, BIOS 6.00 07/02/2012
[    0.000000] Hypervisor detected: VMware
[    0.000000] e820 update range: 0000000000000000 - 0000000000010000 (usable) ==> (reserved)
[    0.000000] e820 remove range: 00000000000a0000 - 0000000000100000 (usable)
[    0.000000] last_pfn = 0x40000 max_arch_pfn = 0x1000000
[    0.000000] MTRR default type: uncachable
[    0.000000] MTRR fixed ranges enabled:
[    0.000000]   00000-9FFFF write-back
[    0.000000]   A0000-BFFFF uncachable
[    0.000000]   C0000-CBFFF write-protect
[    0.000000]   CC000-EFFFF uncachable
[    0.000000]   F0000-FFFFF write-protect
[    0.000000] MTRR variable ranges enabled:
[    0.000000]   0 base 0000000000 mask FFC0000000 write-back
[    0.000000]   1 disabled
[    0.000000]   2 disabled
[    0.000000]   3 disabled
[    0.000000]   4 disabled
[    0.000000]   5 disabled
[    0.000000]   6 disabled
[    0.000000]   7 disabled
[    0.000000] x86 PAT enabled: cpu 0, old 0x0, new 0x7010600070106
[    0.000000] found SMP MP-table at [c00f6bf0] f6bf0
[    0.000000] initial memory mapped : 0 - 02000000
[    0.000000] Base memory trampoline at [c009b000] 9b000 size 16384
[    0.000000] init_memory_mapping: 0000000000000000-0000000037bfe000
[    0.000000]  0000000000 - 0000200000 page 4k
[    0.000000]  0000200000 - 0037a00000 page 2M
[    0.000000]  0037a00000 - 0037bfe000 page 4k
[    0.000000] kernel direct mapping tables up to 37bfe000 @ 1ffb000-2000000
[    0.000000] RAMDISK: 364ea000 - 3726d000
[    0.000000] ACPI: RSDP 000f6b80 00024 (v02 PTLTD )
[    0.000000] ACPI: XSDT 3feed636 0005C (v01 INTEL  440BX    06040000 VMW  01324272)
[    0.000000] ACPI: FACP 3fefee98 000F4 (v04 INTEL  440BX    06040000 PTL  000F4240)
[    0.000000] ACPI: DSDT 3feee366 10B32 (v01 PTLTD  Custom   06040000 MSFT 03000001)
[    0.000000] ACPI: FACS 3fefffc0 00040
[    0.000000] ACPI: BOOT 3feee33e 00028 (v01 PTLTD  $SBFTBL$ 06040000  LTP 00000001)
[    0.000000] ACPI: APIC 3feedc3e 003C2 (v01 PTLTD  ? APIC   06040000  LTP 00000000)
[    0.000000] ACPI: MCFG 3feedc02 0003C (v01 PTLTD  $PCITBL$ 06040000  LTP 00000001)
[    0.000000] ACPI: SRAT 3feed732 004D0 (v02 VMWARE MEMPLUG  06040000 VMW  00000001)
[    0.000000] ACPI: HPET 3feed6fa 00038 (v01 VMWARE VMW HPET 06040000 VMW  00000001)
[    0.000000] ACPI: WAET 3feed6d2 00028 (v01 VMWARE VMW WAET 06040000 VMW  00000001)
[    0.000000] ACPI: Local APIC address 0xfee00000
[    0.000000] 132MB HIGHMEM available.
[    0.000000] 891MB LOWMEM available.
[    0.000000]   mapped low ram: 0 - 37bfe000
[    0.000000]   low ram: 0 - 37bfe000
[    0.000000] Zone PFN ranges:
[    0.000000]   DMA      0x00000010 -> 0x00001000
[    0.000000]   Normal   0x00001000 -> 0x00037bfe
[    0.000000]   HighMem  0x00037bfe -> 0x00040000
[    0.000000] Movable zone start PFN for each node
[    0.000000] early_node_map[3] active PFN ranges
[    0.000000]     0: 0x00000010 -> 0x0000009f
[    0.000000]     0: 0x00000100 -> 0x0003fee0
[    0.000000]     0: 0x0003ff00 -> 0x00040000
[    0.000000] On node 0 totalpages: 261999
[    0.000000] free_area_init_node: node 0, pgdat c1866a40, node_mem_map f73fd200
[    0.000000]   DMA zone: 32 pages used for memmap
[    0.000000]   DMA zone: 0 pages reserved
[    0.000000]   DMA zone: 3951 pages, LIFO batch:0
[    0.000000]   Normal zone: 1752 pages used for memmap
[    0.000000]   Normal zone: 222502 pages, LIFO batch:31
[    0.000000]   HighMem zone: 265 pages used for memmap
[    0.000000]   HighMem zone: 33497 pages, LIFO batch:7
[    0.000000] Using APIC driver default
[    0.000000] ACPI: PM-Timer IO Port: 0x1008
[    0.000000] ACPI: Local APIC address 0xfee00000
[    0.000000] ACPI: LAPIC (acpi_id[0x00] lapic_id[0x00] enabled)
[    0.000000] ACPI: LAPIC (acpi_id[0x01] lapic_id[0x02] disabled)
[    0.000000] ACPI: LAPIC (acpi_id[0x02] lapic_id[0x04] disabled)
[    0.000000] ACPI: LAPIC (acpi_id[0x03] lapic_id[0x06] disabled)
[    0.000000] ACPI: LAPIC (acpi_id[0x04] lapic_id[0x08] disabled)
[    0.000000] ACPI: LAPIC (acpi_id[0x05] lapic_id[0x0a] disabled)
[    0.000000] ACPI: LAPIC (acpi_id[0x06] lapic_id[0x0c] disabled)
[    0.000000] ACPI: LAPIC (acpi_id[0x07] lapic_id[0x0e] disabled)
[    0.000000] ACPI: LAPIC (acpi_id[0x08] lapic_id[0x10] disabled)
[    0.000000] ACPI: LAPIC (acpi_id[0x09] lapic_id[0x12] disabled)
[    0.000000] ACPI: LAPIC (acpi_id[0x0a] lapic_id[0x14] disabled)
[    0.000000] ACPI: LAPIC (acpi_id[0x0b] lapic_id[0x16] disabled)
[    0.000000] ACPI: LAPIC (acpi_id[0x0c] lapic_id[0x18] disabled)
[    0.000000] ACPI: LAPIC (acpi_id[0x0d] lapic_id[0x1a] disabled)
[    0.000000] ACPI: LAPIC (acpi_id[0x0e] lapic_id[0x1c] disabled)
[    0.000000] ACPI: LAPIC (acpi_id[0x0f] lapic_id[0x1e] disabled)
[    0.000000] ACPI: LAPIC (acpi_id[0x10] lapic_id[0x20] disabled)
[    0.000000] ACPI: LAPIC (acpi_id[0x11] lapic_id[0x22] disabled)
[    0.000000] ACPI: LAPIC (acpi_id[0x12] lapic_id[0x24] disabled)
[    0.000000] ACPI: LAPIC (acpi_id[0x13] lapic_id[0x26] disabled)
[    0.000000] ACPI: LAPIC (acpi_id[0x14] lapic_id[0x28] disabled)
[    0.000000] ACPI: LAPIC (acpi_id[0x15] lapic_id[0x2a] disabled)
[    0.000000] ACPI: LAPIC (acpi_id[0x16] lapic_id[0x2c] disabled)
[    0.000000] ACPI: LAPIC (acpi_id[0x17] lapic_id[0x2e] disabled)
[    0.000000] ACPI: LAPIC (acpi_id[0x18] lapic_id[0x30] disabled)
[    0.000000] ACPI: LAPIC (acpi_id[0x19] lapic_id[0x32] disabled)
[    0.000000] ACPI: LAPIC (acpi_id[0x1a] lapic_id[0x34] disabled)
[    0.000000] ACPI: LAPIC (acpi_id[0x1b] lapic_id[0x36] disabled)
[    0.000000] ACPI: LAPIC (acpi_id[0x1c] lapic_id[0x38] disabled)
[    0.000000] ACPI: LAPIC (acpi_id[0x1d] lapic_id[0x3a] disabled)
[    0.000000] ACPI: LAPIC (acpi_id[0x1e] lapic_id[0x3c] disabled)
[    0.000000] ACPI: LAPIC (acpi_id[0x1f] lapic_id[0x3e] disabled)
[    0.000000] ACPI: LAPIC (acpi_id[0x20] lapic_id[0x40] disabled)
[    0.000000] ACPI: LAPIC (acpi_id[0x21] lapic_id[0x42] disabled)
[    0.000000] ACPI: LAPIC (acpi_id[0x22] lapic_id[0x44] disabled)
[    0.000000] ACPI: LAPIC (acpi_id[0x23] lapic_id[0x46] disabled)
[    0.000000] ACPI: LAPIC (acpi_id[0x24] lapic_id[0x48] disabled)
[    0.000000] ACPI: LAPIC (acpi_id[0x25] lapic_id[0x4a] disabled)
[    0.000000] ACPI: LAPIC (acpi_id[0x26] lapic_id[0x4c] disabled)
[    0.000000] ACPI: LAPIC (acpi_id[0x27] lapic_id[0x4e] disabled)
[    0.000000] ACPI: LAPIC (acpi_id[0x28] lapic_id[0x50] disabled)
[    0.000000] ACPI: LAPIC (acpi_id[0x29] lapic_id[0x52] disabled)
[    0.000000] ACPI: LAPIC (acpi_id[0x2a] lapic_id[0x54] disabled)
[    0.000000] ACPI: LAPIC (acpi_id[0x2b] lapic_id[0x56] disabled)
[    0.000000] ACPI: LAPIC (acpi_id[0x2c] lapic_id[0x58] disabled)
[    0.000000] ACPI: LAPIC (acpi_id[0x2d] lapic_id[0x5a] disabled)
[    0.000000] ACPI: LAPIC (acpi_id[0x2e] lapic_id[0x5c] disabled)
[    0.000000] ACPI: LAPIC (acpi_id[0x2f] lapic_id[0x5e] disabled)
[    0.000000] ACPI: LAPIC (acpi_id[0x30] lapic_id[0x60] disabled)
[    0.000000] ACPI: LAPIC (acpi_id[0x31] lapic_id[0x62] disabled)
[    0.000000] ACPI: LAPIC (acpi_id[0x32] lapic_id[0x64] disabled)
[    0.000000] ACPI: LAPIC (acpi_id[0x33] lapic_id[0x66] disabled)
[    0.000000] ACPI: LAPIC (acpi_id[0x34] lapic_id[0x68] disabled)
[    0.000000] ACPI: LAPIC (acpi_id[0x35] lapic_id[0x6a] disabled)
[    0.000000] ACPI: LAPIC (acpi_id[0x36] lapic_id[0x6c] disabled)
[    0.000000] ACPI: LAPIC (acpi_id[0x37] lapic_id[0x6e] disabled)
[    0.000000] ACPI: LAPIC (acpi_id[0x38] lapic_id[0x70] disabled)
[    0.000000] ACPI: LAPIC (acpi_id[0x39] lapic_id[0x72] disabled)
[    0.000000] ACPI: LAPIC (acpi_id[0x3a] lapic_id[0x74] disabled)
[    0.000000] ACPI: LAPIC (acpi_id[0x3b] lapic_id[0x76] disabled)
[    0.000000] ACPI: LAPIC (acpi_id[0x3c] lapic_id[0x78] disabled)
[    0.000000] ACPI: LAPIC (acpi_id[0x3d] lapic_id[0x7a] disabled)
[    0.000000] ACPI: LAPIC (acpi_id[0x3e] lapic_id[0x7c] disabled)
[    0.000000] ACPI: LAPIC (acpi_id[0x3f] lapic_id[0x7e] disabled)
[    0.000000] ACPI: LAPIC_NMI (acpi_id[0x00] high edge lint[0x1])
[    0.000000] ACPI: LAPIC_NMI (acpi_id[0x01] high edge lint[0x1])
[    0.000000] ACPI: LAPIC_NMI (acpi_id[0x02] high edge lint[0x1])
[    0.000000] ACPI: LAPIC_NMI (acpi_id[0x03] high edge lint[0x1])
[    0.000000] ACPI: LAPIC_NMI (acpi_id[0x04] high edge lint[0x1])
[    0.000000] ACPI: LAPIC_NMI (acpi_id[0x05] high edge lint[0x1])
[    0.000000] ACPI: LAPIC_NMI (acpi_id[0x06] high edge lint[0x1])
[    0.000000] ACPI: LAPIC_NMI (acpi_id[0x07] high edge lint[0x1])
[    0.000000] ACPI: LAPIC_NMI (acpi_id[0x08] high edge lint[0x1])
[    0.000000] ACPI: LAPIC_NMI (acpi_id[0x09] high edge lint[0x1])
[    0.000000] ACPI: LAPIC_NMI (acpi_id[0x0a] high edge lint[0x1])
[    0.000000] ACPI: LAPIC_NMI (acpi_id[0x0b] high edge lint[0x1])
[    0.000000] ACPI: LAPIC_NMI (acpi_id[0x0c] high edge lint[0x1])
[    0.000000] ACPI: LAPIC_NMI (acpi_id[0x0d] high edge lint[0x1])
[    0.000000] ACPI: LAPIC_NMI (acpi_id[0x0e] high edge lint[0x1])
[    0.000000] ACPI: LAPIC_NMI (acpi_id[0x0f] high edge lint[0x1])
[    0.000000] ACPI: LAPIC_NMI (acpi_id[0x10] high edge lint[0x1])
[    0.000000] ACPI: LAPIC_NMI (acpi_id[0x11] high edge lint[0x1])
[    0.000000] ACPI: LAPIC_NMI (acpi_id[0x12] high edge lint[0x1])
[    0.000000] ACPI: LAPIC_NMI (acpi_id[0x13] high edge lint[0x1])
[    0.000000] ACPI: LAPIC_NMI (acpi_id[0x14] high edge lint[0x1])
[    0.000000] ACPI: LAPIC_NMI (acpi_id[0x15] high edge lint[0x1])
[    0.000000] ACPI: LAPIC_NMI (acpi_id[0x16] high edge lint[0x1])
[    0.000000] ACPI: LAPIC_NMI (acpi_id[0x17] high edge lint[0x1])
[    0.000000] ACPI: LAPIC_NMI (acpi_id[0x18] high edge lint[0x1])
[    0.000000] ACPI: LAPIC_NMI (acpi_id[0x19] high edge lint[0x1])
[    0.000000] ACPI: LAPIC_NMI (acpi_id[0x1a] high edge lint[0x1])
[    0.000000] ACPI: LAPIC_NMI (acpi_id[0x1b] high edge lint[0x1])
[    0.000000] ACPI: LAPIC_NMI (acpi_id[0x1c] high edge lint[0x1])
[    0.000000] ACPI: LAPIC_NMI (acpi_id[0x1d] high edge lint[0x1])
[    0.000000] ACPI: LAPIC_NMI (acpi_id[0x1e] high edge lint[0x1])
[    0.000000] ACPI: LAPIC_NMI (acpi_id[0x1f] high edge lint[0x1])
[    0.000000] ACPI: LAPIC_NMI (acpi_id[0x20] high edge lint[0x1])
[    0.000000] ACPI: LAPIC_NMI (acpi_id[0x21] high edge lint[0x1])
[    0.000000] ACPI: LAPIC_NMI (acpi_id[0x22] high edge lint[0x1])
[    0.000000] ACPI: LAPIC_NMI (acpi_id[0x23] high edge lint[0x1])
[    0.000000] ACPI: LAPIC_NMI (acpi_id[0x24] high edge lint[0x1])
[    0.000000] ACPI: LAPIC_NMI (acpi_id[0x25] high edge lint[0x1])
[    0.000000] ACPI: LAPIC_NMI (acpi_id[0x26] high edge lint[0x1])
[    0.000000] ACPI: LAPIC_NMI (acpi_id[0x27] high edge lint[0x1])
[    0.000000] ACPI: LAPIC_NMI (acpi_id[0x28] high edge lint[0x1])
[    0.000000] ACPI: LAPIC_NMI (acpi_id[0x29] high edge lint[0x1])
[    0.000000] ACPI: LAPIC_NMI (acpi_id[0x2a] high edge lint[0x1])
[    0.000000] ACPI: LAPIC_NMI (acpi_id[0x2b] high edge lint[0x1])
[    0.000000] ACPI: LAPIC_NMI (acpi_id[0x2c] high edge lint[0x1])
[    0.000000] ACPI: LAPIC_NMI (acpi_id[0x2d] high edge lint[0x1])
[    0.000000] ACPI: LAPIC_NMI (acpi_id[0x2e] high edge lint[0x1])
[    0.000000] ACPI: LAPIC_NMI (acpi_id[0x2f] high edge lint[0x1])
[    0.000000] ACPI: LAPIC_NMI (acpi_id[0x30] high edge lint[0x1])
[    0.000000] ACPI: LAPIC_NMI (acpi_id[0x31] high edge lint[0x1])
[    0.000000] ACPI: LAPIC_NMI (acpi_id[0x32] high edge lint[0x1])
[    0.000000] ACPI: LAPIC_NMI (acpi_id[0x33] high edge lint[0x1])
[    0.000000] ACPI: LAPIC_NMI (acpi_id[0x34] high edge lint[0x1])
[    0.000000] ACPI: LAPIC_NMI (acpi_id[0x35] high edge lint[0x1])
[    0.000000] ACPI: LAPIC_NMI (acpi_id[0x36] high edge lint[0x1])
[    0.000000] ACPI: LAPIC_NMI (acpi_id[0x37] high edge lint[0x1])
[    0.000000] ACPI: LAPIC_NMI (acpi_id[0x38] high edge lint[0x1])
[    0.000000] ACPI: LAPIC_NMI (acpi_id[0x39] high edge lint[0x1])
[    0.000000] ACPI: LAPIC_NMI (acpi_id[0x3a] high edge lint[0x1])
[    0.000000] ACPI: LAPIC_NMI (acpi_id[0x3b] high edge lint[0x1])
[    0.000000] ACPI: LAPIC_NMI (acpi_id[0x3c] high edge lint[0x1])
[    0.000000] ACPI: LAPIC_NMI (acpi_id[0x3d] high edge lint[0x1])
[    0.000000] ACPI: LAPIC_NMI (acpi_id[0x3e] high edge lint[0x1])
[    0.000000] ACPI: LAPIC_NMI (acpi_id[0x3f] high edge lint[0x1])
[    0.000000] ACPI: Skipping IOAPIC probe due to 'noapic' option.
[    0.000000] Using ACPI for processor (LAPIC) configuration information
[    0.000000] ACPI: HPET id: 0x8086af01 base: 0xfed00000
[    0.000000] Intel MultiProcessor Specification v1.4
[    0.000000]     Virtual Wire compatibility mode.
[    0.000000] MPTABLE: OEM ID: INTEL   
[    0.000000] MPTABLE: Product ID: 440BX       
[    0.000000] MPTABLE: APIC at: 0xFEE00000
[    0.000000] IOAPIC[0]: apic_id 1, version 17, address 0xfec00000, GSI 0-23
[    0.000000] Processors: 1
[    0.000000] SMP: Allowing 1 CPUs, 0 hotplug CPUs
[    0.000000] nr_irqs_gsi: 40
[    0.000000] PM: Registered nosave memory: 000000000009f000 - 00000000000a0000
[    0.000000] PM: Registered nosave memory: 00000000000a0000 - 00000000000ca000
[    0.000000] PM: Registered nosave memory: 00000000000ca000 - 00000000000cc000
[    0.000000] PM: Registered nosave memory: 00000000000cc000 - 00000000000dc000
[    0.000000] PM: Registered nosave memory: 00000000000dc000 - 0000000000100000
[    0.000000] Allocating PCI resources starting at 40000000 (gap: 40000000:a0000000)
[    0.000000] Booting paravirtualized kernel on bare hardware
[    0.000000] setup_percpu: NR_CPUS:8 nr_cpumask_bits:8 nr_cpu_ids:1 nr_node_ids:1
[    0.000000] PERCPU: Embedded 14 pages/cpu @f73e8000 s34240 r0 d23104 u57344
[    0.000000] pcpu-alloc: s34240 r0 d23104 u57344 alloc=14*4096
[    0.000000] pcpu-alloc: [0] 0 
[    0.000000] Built 1 zonelists in Zone order, mobility grouping on.  Total pages: 259950
[    0.000000] Kernel command line: BOOT_IMAGE=/boot/vmlinuz-3.2.0-29-generic-pae root=UUID=007b598c-390d-4c65-84a1-4ff752d48633 ro quiet splash maxcpus=0
[    0.000000] PID hash table entries: 4096 (order: 2, 16384 bytes)
[    0.000000] Dentry cache hash table entries: 131072 (order: 7, 524288 bytes)
[    0.000000] Inode-cache hash table entries: 65536 (order: 6, 262144 bytes)
[    0.000000] Initializing CPU#0
[    0.000000] xsave/xrstor: enabled xstate_bv 0x7, cntxt size 0x340
[    0.000000] allocated 4194048 bytes of page_cgroup
[    0.000000] please try 'cgroup_disable=memory' option if you don't want memory cgroups
[    0.000000] Initializing HighMem for node 0 (00037bfe:00040000)
[    0.000000] Memory: 1010624k/1048576k available (5814k kernel code, 37372k reserved, 2841k data, 740k init, 135048k highmem)
[    0.000000] virtual kernel memory layout:
[    0.000000]     fixmap  : 0xfff16000 - 0xfffff000   ( 932 kB)
[    0.000000]     pkmap   : 0xffc00000 - 0xffe00000   (2048 kB)
[    0.000000]     vmalloc : 0xf83fe000 - 0xffbfe000   ( 120 MB)
[    0.000000]     lowmem  : 0xc0000000 - 0xf7bfe000   ( 891 MB)
[    0.000000]       .init : 0xc1875000 - 0xc192e000   ( 740 kB)
[    0.000000]       .data : 0xc15adb64 - 0xc1874240   (2841 kB)
[    0.000000]       .text : 0xc1000000 - 0xc15adb64   (5814 kB)
[    0.000000] Checking if this processor honours the WP bit even in supervisor mode...Ok.
[    0.000000] SLUB: Genslabs=15, HWalign=64, Order=0-3, MinObjects=0, CPUs=1, Nodes=1
[    0.000000] Hierarchical RCU implementation.
[    0.000000] 	RCU dyntick-idle grace-period acceleration is enabled.
[    0.000000] NR_IRQS:2304 nr_irqs:256 16
[    0.000000] CPU 0 irqstacks, hard=f5c08000 soft=f5c0a000
[    0.000000] Extended CMOS year: 2000
[    0.000000] Console: colour VGA+ 80x25
[    0.000000] console [tty0] enabled
[    0.000000] hpet clockevent registered
[    0.004000] TSC freq read from hypervisor : 2394.620 MHz
[    0.004000] Detected 2394.620 MHz processor.
[    0.000001] Calibrating delay loop (skipped) preset value.. 4789.24 BogoMIPS (lpj=9578480)
[    0.000003] pid_max: default: 32768 minimum: 301
[    0.000018] Security Framework initialized
[    0.000031] AppArmor: AppArmor initialized
[    0.000032] Yama: becoming mindful.
[    0.000066] Mount-cache hash table entries: 512
[    0.000140] Initializing cgroup subsys cpuacct
[    0.000143] Initializing cgroup subsys memory
[    0.000147] Initializing cgroup subsys devices
[    0.000149] Initializing cgroup subsys freezer
[    0.000150] Initializing cgroup subsys blkio
[    0.000154] Initializing cgroup subsys perf_event
[    0.000195] Disabled fast string operations
[    0.000199] CPU: Physical Processor ID: 0
[    0.000207] ENERGY_PERF_BIAS: Set to 'normal', was 'performance'
[    0.000208] ENERGY_PERF_BIAS: View and update with x86_energy_perf_policy(8)
[    0.000932] mce: CPU supports 0 MCE banks
[    0.001652] SMP alternatives: switching to UP code
[    0.017663] Freeing SMP alternatives: 24k freed
[    0.017668] ACPI: Core revision 20110623
[    0.023536] ACPI: setting ELCR to 0200 (from 0e20)
[    0.024597] ftrace: allocating 26545 entries in 52 pages
[    0.044128] SMP mode deactivated.
[    0.044165] SMP disabled
[    0.044167] Performance Events: generic architected perfmon v1, core PMU driver.
[    0.044178] ... version:                1
[    0.044179] ... bit width:              48
[    0.044181] ... generic registers:      4
[    0.044182] ... value mask:             0000ffffffffffff
[    0.044183] ... max period:             000000007fffffff
[    0.044184] ... fixed-purpose events:   0
[    0.044185] ... event mask:             000000000000000f
[    0.044269] NMI watchdog enabled, takes one hw-pmu counter.
[    0.044286] Brought up 1 CPUs
[    0.044288] Total of 1 processors activated (4789.24 BogoMIPS).
[    0.044522] devtmpfs: initialized
[    0.044588] EVM: security.selinux
[    0.044590] EVM: security.SMACK64
[    0.044590] EVM: security.capability
[    0.044613] PM: Registering ACPI NVS region at 3feff000 (4096 bytes)
[    0.045267] print_constraints: dummy: 
[    0.045354] RTC time: 23:46:52, date: 05/26/13
[    0.045380] NET: Registered protocol family 16
[    0.045446] EISA bus registered
[    0.045456] ACPI: bus type pci registered
[    0.045555] PCI: MMCONFIG for domain 0000 [bus 00-ff] at [mem 0xe0000000-0xefffffff] (base 0xe0000000)
[    0.045558] PCI: MMCONFIG at [mem 0xe0000000-0xefffffff] reserved in E820
[    0.045559] PCI: Using MMCONFIG for extended config space
[    0.045560] PCI: Using configuration type 1 for base access
[    0.046176] bio: create slab <bio-0> at 0
[    0.046233] ACPI: Added _OSI(Module Device)
[    0.046235] ACPI: Added _OSI(Processor Device)
[    0.046236] ACPI: Added _OSI(3.0 _SCP Extensions)
[    0.046237] ACPI: Added _OSI(Processor Aggregator Device)
[    0.048047] ACPI: EC: Look up EC in DSDT
[    0.052353] [Firmware Bug]: ACPI: BIOS _OSI(Linux) query ignored
[    0.059506] ACPI: Interpreter enabled
[    0.059513] ACPI: (supports S0 S1 S4 S5)
[    0.059522] ACPI: Using PIC for interrupt routing
[    0.096448] ACPI: No dock devices found.
[    0.096450] HEST: Table not found.
[    0.096454] PCI: Using host bridge windows from ACPI; if necessary, use "pci=nocrs" and report a bug
[    0.097057] ACPI: PCI Root Bridge [PCI0] (domain 0000 [bus 00-ff])
[    0.098128] pci_root PNP0A03:00: host bridge window [mem 0x000a0000-0x000bffff]
[    0.098130] pci_root PNP0A03:00: host bridge window [mem 0x000cc000-0x000cffff]
[    0.098131] pci_root PNP0A03:00: host bridge window [mem 0x000d0000-0x000d3fff]
[    0.098133] pci_root PNP0A03:00: host bridge window [mem 0x000d4000-0x000d7fff]
[    0.098134] pci_root PNP0A03:00: host bridge window [mem 0x000d8000-0x000dbfff]
[    0.098136] pci_root PNP0A03:00: host bridge window [mem 0xc0000000-0xfebfffff]
[    0.098137] pci_root PNP0A03:00: host bridge window [io  0x0000-0x0cf7]
[    0.098139] pci_root PNP0A03:00: host bridge window [io  0x0d00-0xfeff]
[    0.098185] pci 0000:00:00.0: [8086:7190] type 0 class 0x000600
[    0.098593] pci 0000:00:01.0: [8086:7191] type 1 class 0x000604
[    0.098942] pci 0000:00:07.0: [8086:7110] type 0 class 0x000601
[    0.099530] pci 0000:00:07.1: [8086:7111] type 0 class 0x000101
[    0.101044] pci 0000:00:07.1: reg 20: [io  0x10c0-0x10cf]
[    0.101763] pci 0000:00:07.3: [8086:7113] type 0 class 0x000680
[    0.103370] pci 0000:00:07.3: quirk: [io  0x1000-0x103f] claimed by PIIX4 ACPI
[    0.103383] pci 0000:00:07.3: quirk: [io  0x1040-0x104f] claimed by PIIX4 SMB
[    0.103603] pci 0000:00:07.7: [15ad:0740] type 0 class 0x000880
[    0.104099] pci 0000:00:07.7: reg 10: [io  0x1080-0x10bf]
[    0.104670] pci 0000:00:07.7: reg 14: [mem 0xc8000000-0xc8001fff 64bit]
[    0.106590] pci 0000:00:0f.0: [15ad:0405] type 0 class 0x000300
[    0.108621] pci 0000:00:0f.0: reg 10: [io  0x10d0-0x10df]
[    0.110508] pci 0000:00:0f.0: reg 14: [mem 0xd0000000-0xd7ffffff pref]
[    0.112394] pci 0000:00:0f.0: reg 18: [mem 0xc8800000-0xc8ffffff]
[    0.120320] pci 0000:00:0f.0: reg 30: [mem 0x00000000-0x00007fff pref]
[    0.120589] pci 0000:00:10.0: [1000:0030] type 0 class 0x000100
[    0.121103] pci 0000:00:10.0: reg 10: [io  0x1400-0x14ff]
[    0.121781] pci 0000:00:10.0: reg 14: [mem 0xc8040000-0xc805ffff 64bit]
[    0.122643] pci 0000:00:10.0: reg 1c: [mem 0xc8020000-0xc803ffff 64bit]
[    0.123683] pci 0000:00:10.0: reg 30: [mem 0x00000000-0x00003fff pref]
[    0.123853] pci 0000:00:11.0: [15ad:0790] type 1 class 0x000604
[    0.124513] pci 0000:00:15.0: [15ad:07a0] type 1 class 0x000604
[    0.125157] pci 0000:00:15.0: PME# supported from D0 D3hot D3cold
[    0.125187] pci 0000:00:15.0: PME# disabled
[    0.125408] pci 0000:00:15.1: [15ad:07a0] type 1 class 0x000604
[    0.126047] pci 0000:00:15.1: PME# supported from D0 D3hot D3cold
[    0.126067] pci 0000:00:15.1: PME# disabled
[    0.126298] pci 0000:00:15.2: [15ad:07a0] type 1 class 0x000604
[    0.126936] pci 0000:00:15.2: PME# supported from D0 D3hot D3cold
[    0.126956] pci 0000:00:15.2: PME# disabled
[    0.127155] pci 0000:00:15.3: [15ad:07a0] type 1 class 0x000604
[    0.127871] pci 0000:00:15.3: PME# supported from D0 D3hot D3cold
[    0.127893] pci 0000:00:15.3: PME# disabled
[    0.128106] pci 0000:00:15.4: [15ad:07a0] type 1 class 0x000604
[    0.128801] pci 0000:00:15.4: PME# supported from D0 D3hot D3cold
[    0.128822] pci 0000:00:15.4: PME# disabled
[    0.129044] pci 0000:00:15.5: [15ad:07a0] type 1 class 0x000604
[    0.129768] pci 0000:00:15.5: PME# supported from D0 D3hot D3cold
[    0.129790] pci 0000:00:15.5: PME# disabled
[    0.130004] pci 0000:00:15.6: [15ad:07a0] type 1 class 0x000604
[    0.130689] pci 0000:00:15.6: PME# supported from D0 D3hot D3cold
[    0.130710] pci 0000:00:15.6: PME# disabled
[    0.130923] pci 0000:00:15.7: [15ad:07a0] type 1 class 0x000604
[    0.131615] pci 0000:00:15.7: PME# supported from D0 D3hot D3cold
[    0.131636] pci 0000:00:15.7: PME# disabled
[    0.131865] pci 0000:00:16.0: [15ad:07a0] type 1 class 0x000604
[    0.132573] pci 0000:00:16.0: PME# supported from D0 D3hot D3cold
[    0.132594] pci 0000:00:16.0: PME# disabled
[    0.132809] pci 0000:00:16.1: [15ad:07a0] type 1 class 0x000604
[    0.133500] pci 0000:00:16.1: PME# supported from D0 D3hot D3cold
[    0.133521] pci 0000:00:16.1: PME# disabled
[    0.133739] pci 0000:00:16.2: [15ad:07a0] type 1 class 0x000604
[    0.134427] pci 0000:00:16.2: PME# supported from D0 D3hot D3cold
[    0.134449] pci 0000:00:16.2: PME# disabled
[    0.134661] pci 0000:00:16.3: [15ad:07a0] type 1 class 0x000604
[    0.135351] pci 0000:00:16.3: PME# supported from D0 D3hot D3cold
[    0.135372] pci 0000:00:16.3: PME# disabled
[    0.135585] pci 0000:00:16.4: [15ad:07a0] type 1 class 0x000604
[    0.136284] pci 0000:00:16.4: PME# supported from D0 D3hot D3cold
[    0.136307] pci 0000:00:16.4: PME# disabled
[    0.136526] pci 0000:00:16.5: [15ad:07a0] type 1 class 0x000604
[    0.137249] pci 0000:00:16.5: PME# supported from D0 D3hot D3cold
[    0.137277] pci 0000:00:16.5: PME# disabled
[    0.137511] pci 0000:00:16.6: [15ad:07a0] type 1 class 0x000604
[    0.138315] pci 0000:00:16.6: PME# supported from D0 D3hot D3cold
[    0.138342] pci 0000:00:16.6: PME# disabled
[    0.138606] pci 0000:00:16.7: [15ad:07a0] type 1 class 0x000604
[    0.139439] pci 0000:00:16.7: PME# supported from D0 D3hot D3cold
[    0.139465] pci 0000:00:16.7: PME# disabled
[    0.139727] pci 0000:00:17.0: [15ad:07a0] type 1 class 0x000604
[    0.140559] pci 0000:00:17.0: PME# supported from D0 D3hot D3cold
[    0.140586] pci 0000:00:17.0: PME# disabled
[    0.140850] pci 0000:00:17.1: [15ad:07a0] type 1 class 0x000604
[    0.141687] pci 0000:00:17.1: PME# supported from D0 D3hot D3cold
[    0.141713] pci 0000:00:17.1: PME# disabled
[    0.141974] pci 0000:00:17.2: [15ad:07a0] type 1 class 0x000604
[    0.142873] pci 0000:00:17.2: PME# supported from D0 D3hot D3cold
[    0.142901] pci 0000:00:17.2: PME# disabled
[    0.143188] pci 0000:00:17.3: [15ad:07a0] type 1 class 0x000604
[    0.144052] pci 0000:00:17.3: PME# supported from D0 D3hot D3cold
[    0.144074] pci 0000:00:17.3: PME# disabled
[    0.144349] pci 0000:00:17.4: [15ad:07a0] type 1 class 0x000604
[    0.145188] pci 0000:00:17.4: PME# supported from D0 D3hot D3cold
[    0.145216] pci 0000:00:17.4: PME# disabled
[    0.145483] pci 0000:00:17.5: [15ad:07a0] type 1 class 0x000604
[    0.146320] pci 0000:00:17.5: PME# supported from D0 D3hot D3cold
[    0.146347] pci 0000:00:17.5: PME# disabled
[    0.146609] pci 0000:00:17.6: [15ad:07a0] type 1 class 0x000604
[    0.147456] pci 0000:00:17.6: PME# supported from D0 D3hot D3cold
[    0.147482] pci 0000:00:17.6: PME# disabled
[    0.147744] pci 0000:00:17.7: [15ad:07a0] type 1 class 0x000604
[    0.148603] pci 0000:00:17.7: PME# supported from D0 D3hot D3cold
[    0.148626] pci 0000:00:17.7: PME# disabled
[    0.148882] pci 0000:00:18.0: [15ad:07a0] type 1 class 0x000604
[    0.149728] pci 0000:00:18.0: PME# supported from D0 D3hot D3cold
[    0.149757] pci 0000:00:18.0: PME# disabled
[    0.150028] pci 0000:00:18.1: [15ad:07a0] type 1 class 0x000604
[    0.150946] pci 0000:00:18.1: PME# supported from D0 D3hot D3cold
[    0.150978] pci 0000:00:18.1: PME# disabled
[    0.151280] pci 0000:00:18.2: [15ad:07a0] type 1 class 0x000604
[    0.152179] pci 0000:00:18.2: PME# supported from D0 D3hot D3cold
[    0.152209] pci 0000:00:18.2: PME# disabled
[    0.152489] pci 0000:00:18.3: [15ad:07a0] type 1 class 0x000604
[    0.153410] pci 0000:00:18.3: PME# supported from D0 D3hot D3cold
[    0.153437] pci 0000:00:18.3: PME# disabled
[    0.153700] pci 0000:00:18.4: [15ad:07a0] type 1 class 0x000604
[    0.154546] pci 0000:00:18.4: PME# supported from D0 D3hot D3cold
[    0.154573] pci 0000:00:18.4: PME# disabled
[    0.154858] pci 0000:00:18.5: [15ad:07a0] type 1 class 0x000604
[    0.155790] pci 0000:00:18.5: PME# supported from D0 D3hot D3cold
[    0.155819] pci 0000:00:18.5: PME# disabled
[    0.156108] pci 0000:00:18.6: [15ad:07a0] type 1 class 0x000604
[    0.156881] pci 0000:00:18.6: PME# supported from D0 D3hot D3cold
[    0.156906] pci 0000:00:18.6: PME# disabled
[    0.157157] pci 0000:00:18.7: [15ad:07a0] type 1 class 0x000604
[    0.157919] pci 0000:00:18.7: PME# supported from D0 D3hot D3cold
[    0.157943] pci 0000:00:18.7: PME# disabled
[    0.158572] pci 0000:00:01.0: PCI bridge to [bus 01-01]
[    0.158889] pci 0000:02:00.0: [15ad:0774] type 0 class 0x000c03
[    0.160526] pci 0000:02:00.0: reg 20: [io  0x20c0-0x20df]
[    0.161273] pci 0000:02:01.0: [1022:2000] type 0 class 0x000200
[    0.161686] pci 0000:02:01.0: reg 10: [io  0x2000-0x207f]
[    0.163756] pci 0000:02:01.0: reg 30: [mem 0x00000000-0x0000ffff pref]
[    0.163933] pci 0000:02:02.0: [1274:1371] type 0 class 0x000401
[    0.164419] pci 0000:02:02.0: reg 10: [io  0x2080-0x20bf]
[    0.167162] pci 0000:02:03.0: [15ad:0770] type 0 class 0x000c03
[    0.167504] pci 0000:02:03.0: reg 10: [mem 0xc9000000-0xc9000fff]
[    0.169895] pci 0000:00:11.0: PCI bridge to [bus 02-02] (subtractive decode)
[    0.169926] pci 0000:00:11.0:   bridge window [io  0x2000-0x3fff]
[    0.169956] pci 0000:00:11.0:   bridge window [mem 0xc9000000-0xca3fffff]
[    0.170011] pci 0000:00:11.0:   bridge window [mem 0xd8400000-0xd89fffff 64bit pref]
[    0.170015] pci 0000:00:11.0:   bridge window [mem 0x000a0000-0x000bffff] (subtractive decode)
[    0.170017] pci 0000:00:11.0:   bridge window [mem 0x000cc000-0x000cffff] (subtractive decode)
[    0.170020] pci 0000:00:11.0:   bridge window [mem 0x000d0000-0x000d3fff] (subtractive decode)
[    0.170022] pci 0000:00:11.0:   bridge window [mem 0x000d4000-0x000d7fff] (subtractive decode)
[    0.170024] pci 0000:00:11.0:   bridge window [mem 0x000d8000-0x000dbfff] (subtractive decode)
[    0.170027] pci 0000:00:11.0:   bridge window [mem 0xc0000000-0xfebfffff] (subtractive decode)
[    0.170030] pci 0000:00:11.0:   bridge window [io  0x0000-0x0cf7] (subtractive decode)
[    0.170032] pci 0000:00:11.0:   bridge window [io  0x0d00-0xfeff] (subtractive decode)
[    0.170645] pci 0000:00:15.0: PCI bridge to [bus 03-03]
[    0.170675] pci 0000:00:15.0:   bridge window [io  0x4000-0x4fff]
[    0.170706] pci 0000:00:15.0:   bridge window [mem 0xca400000-0xca4fffff]
[    0.170762] pci 0000:00:15.0:   bridge window [mem 0xd8a00000-0xd8afffff 64bit pref]
[    0.171362] pci 0000:00:15.1: PCI bridge to [bus 04-04]
[    0.171390] pci 0000:00:15.1:   bridge window [io  0x8000-0x8fff]
[    0.171419] pci 0000:00:15.1:   bridge window [mem 0xca800000-0xca8fffff]
[    0.171476] pci 0000:00:15.1:   bridge window [mem 0xd8e00000-0xd8efffff 64bit pref]
[    0.172097] pci 0000:00:15.2: PCI bridge to [bus 05-05]
[    0.172153] pci 0000:00:15.2:   bridge window [io  0xc000-0xcfff]
[    0.172180] pci 0000:00:15.2:   bridge window [mem 0xcac00000-0xcacfffff]
[    0.172235] pci 0000:00:15.2:   bridge window [mem 0xd9200000-0xd92fffff 64bit pref]
[    0.172693] pci 0000:00:15.3: PCI bridge to [bus 06-06]
[    0.172733] pci 0000:00:15.3:   bridge window [mem 0xcb000000-0xcb0fffff]
[    0.172772] pci 0000:00:15.3:   bridge window [mem 0xd9600000-0xd96fffff 64bit pref]
[    0.173195] pci 0000:00:15.4: PCI bridge to [bus 07-07]
[    0.173234] pci 0000:00:15.4:   bridge window [mem 0xcb400000-0xcb4fffff]
[    0.173273] pci 0000:00:15.4:   bridge window [mem 0xd9a00000-0xd9afffff 64bit pref]
[    0.173684] pci 0000:00:15.5: PCI bridge to [bus 08-08]
[    0.173723] pci 0000:00:15.5:   bridge window [mem 0xcb800000-0xcb8fffff]
[    0.173763] pci 0000:00:15.5:   bridge window [mem 0xd9e00000-0xd9efffff 64bit pref]
[    0.174183] pci 0000:00:15.6: PCI bridge to [bus 09-09]
[    0.174222] pci 0000:00:15.6:   bridge window [mem 0xcbc00000-0xcbcfffff]
[    0.174261] pci 0000:00:15.6:   bridge window [mem 0xda200000-0xda2fffff 64bit pref]
[    0.174673] pci 0000:00:15.7: PCI bridge to [bus 0a-0a]
[    0.174711] pci 0000:00:15.7:   bridge window [mem 0xcc000000-0xcc0fffff]
[    0.174751] pci 0000:00:15.7:   bridge window [mem 0xda600000-0xda6fffff 64bit pref]
[    0.175171] pci 0000:00:16.0: PCI bridge to [bus 0b-0b]
[    0.175191] pci 0000:00:16.0:   bridge window [io  0x5000-0x5fff]
[    0.175212] pci 0000:00:16.0:   bridge window [mem 0xca500000-0xca5fffff]
[    0.175251] pci 0000:00:16.0:   bridge window [mem 0xd8b00000-0xd8bfffff 64bit pref]
[    0.175663] pci 0000:00:16.1: PCI bridge to [bus 0c-0c]
[    0.175684] pci 0000:00:16.1:   bridge window [io  0x9000-0x9fff]
[    0.175704] pci 0000:00:16.1:   bridge window [mem 0xca900000-0xca9fffff]
[    0.175759] pci 0000:00:16.1:   bridge window [mem 0xd8f00000-0xd8ffffff 64bit pref]
[    0.176187] pci 0000:00:16.2: PCI bridge to [bus 0d-0d]
[    0.176207] pci 0000:00:16.2:   bridge window [io  0xd000-0xdfff]
[    0.176228] pci 0000:00:16.2:   bridge window [mem 0xcad00000-0xcadfffff]
[    0.176267] pci 0000:00:16.2:   bridge window [mem 0xd9300000-0xd93fffff 64bit pref]
[    0.176683] pci 0000:00:16.3: PCI bridge to [bus 0e-0e]
[    0.176722] pci 0000:00:16.3:   bridge window [mem 0xcb100000-0xcb1fffff]
[    0.176761] pci 0000:00:16.3:   bridge window [mem 0xd9700000-0xd97fffff 64bit pref]
[    0.177233] pci 0000:00:16.4: PCI bridge to [bus 0f-0f]
[    0.177273] pci 0000:00:16.4:   bridge window [mem 0xcb500000-0xcb5fffff]
[    0.177312] pci 0000:00:16.4:   bridge window [mem 0xd9b00000-0xd9bfffff 64bit pref]
[    0.177726] pci 0000:00:16.5: PCI bridge to [bus 10-10]
[    0.177762] pci 0000:00:16.5:   bridge window [mem 0xcb900000-0xcb9fffff]
[    0.177799] pci 0000:00:16.5:   bridge window [mem 0xd9f00000-0xd9ffffff 64bit pref]
[    0.178210] pci 0000:00:16.6: PCI bridge to [bus 11-11]
[    0.178246] pci 0000:00:16.6:   bridge window [mem 0xcbd00000-0xcbdfffff]
[    0.178282] pci 0000:00:16.6:   bridge window [mem 0xda300000-0xda3fffff 64bit pref]
[    0.178668] pci 0000:00:16.7: PCI bridge to [bus 12-12]
[    0.178704] pci 0000:00:16.7:   bridge window [mem 0xcc100000-0xcc1fffff]
[    0.178741] pci 0000:00:16.7:   bridge window [mem 0xda700000-0xda7fffff 64bit pref]
[    0.179136] pci 0000:00:17.0: PCI bridge to [bus 13-13]
[    0.179165] pci 0000:00:17.0:   bridge window [io  0x6000-0x6fff]
[    0.179184] pci 0000:00:17.0:   bridge window [mem 0xca600000-0xca6fffff]
[    0.179221] pci 0000:00:17.0:   bridge window [mem 0xd8c00000-0xd8cfffff 64bit pref]
[    0.179739] pci 0000:00:17.1: PCI bridge to [bus 14-14]
[    0.179769] pci 0000:00:17.1:   bridge window [io  0xa000-0xafff]
[    0.179799] pci 0000:00:17.1:   bridge window [mem 0xcaa00000-0xcaafffff]
[    0.179840] pci 0000:00:17.1:   bridge window [mem 0xd9000000-0xd90fffff 64bit pref]
[    0.180309] pci 0000:00:17.2: PCI bridge to [bus 15-15]
[    0.180334] pci 0000:00:17.2:   bridge window [io  0xe000-0xefff]
[    0.180359] pci 0000:00:17.2:   bridge window [mem 0xcae00000-0xcaefffff]
[    0.180406] pci 0000:00:17.2:   bridge window [mem 0xd9400000-0xd94fffff 64bit pref]
[    0.180981] pci 0000:00:17.3: PCI bridge to [bus 16-16]
[    0.181043] pci 0000:00:17.3:   bridge window [mem 0xcb200000-0xcb2fffff]
[    0.181114] pci 0000:00:17.3:   bridge window [mem 0xd9800000-0xd98fffff 64bit pref]
[    0.181626] pci 0000:00:17.4: PCI bridge to [bus 17-17]
[    0.181663] pci 0000:00:17.4:   bridge window [mem 0xcb600000-0xcb6fffff]
[    0.181699] pci 0000:00:17.4:   bridge window [mem 0xd9c00000-0xd9cfffff 64bit pref]
[    0.182088] pci 0000:00:17.5: PCI bridge to [bus 18-18]
[    0.182166] pci 0000:00:17.5:   bridge window [mem 0xcba00000-0xcbafffff]
[    0.182203] pci 0000:00:17.5:   bridge window [mem 0xda000000-0xda0fffff 64bit pref]
[    0.182589] pci 0000:00:17.6: PCI bridge to [bus 19-19]
[    0.182625] pci 0000:00:17.6:   bridge window [mem 0xcbe00000-0xcbefffff]
[    0.182662] pci 0000:00:17.6:   bridge window [mem 0xda400000-0xda4fffff 64bit pref]
[    0.183046] pci 0000:00:17.7: PCI bridge to [bus 1a-1a]
[    0.183082] pci 0000:00:17.7:   bridge window [mem 0xcc200000-0xcc2fffff]
[    0.183130] pci 0000:00:17.7:   bridge window [mem 0xda800000-0xda8fffff 64bit pref]
[    0.183526] pci 0000:00:18.0: PCI bridge to [bus 1b-1b]
[    0.183550] pci 0000:00:18.0:   bridge window [io  0x7000-0x7fff]
[    0.183580] pci 0000:00:18.0:   bridge window [mem 0xca700000-0xca7fffff]
[    0.183620] pci 0000:00:18.0:   bridge window [mem 0xd8d00000-0xd8dfffff 64bit pref]
[    0.184061] pci 0000:00:18.1: PCI bridge to [bus 1c-1c]
[    0.184082] pci 0000:00:18.1:   bridge window [io  0xb000-0xbfff]
[    0.184120] pci 0000:00:18.1:   bridge window [mem 0xcab00000-0xcabfffff]
[    0.184168] pci 0000:00:18.1:   bridge window [mem 0xd9100000-0xd91fffff 64bit pref]
[    0.184595] pci 0000:00:18.2: PCI bridge to [bus 1d-1d]
[    0.184618] pci 0000:00:18.2:   bridge window [io  0xf000-0xffff]
[    0.184647] pci 0000:00:18.2:   bridge window [mem 0xcaf00000-0xcaffffff]
[    0.184684] pci 0000:00:18.2:   bridge window [mem 0xd9500000-0xd95fffff 64bit pref]
[    0.185080] pci 0000:00:18.3: PCI bridge to [bus 1e-1e]
[    0.185133] pci 0000:00:18.3:   bridge window [mem 0xcb300000-0xcb3fffff]
[    0.185184] pci 0000:00:18.3:   bridge window [mem 0xd9900000-0xd99fffff 64bit pref]
[    0.185576] pci 0000:00:18.4: PCI bridge to [bus 1f-1f]
[    0.185614] pci 0000:00:18.4:   bridge window [mem 0xcb700000-0xcb7fffff]
[    0.185651] pci 0000:00:18.4:   bridge window [mem 0xd9d00000-0xd9dfffff 64bit pref]
[    0.186038] pci 0000:00:18.5: PCI bridge to [bus 20-20]
[    0.186074] pci 0000:00:18.5:   bridge window [mem 0xcbb00000-0xcbbfffff]
[    0.186122] pci 0000:00:18.5:   bridge window [mem 0xda100000-0xda1fffff 64bit pref]
[    0.186516] pci 0000:00:18.6: PCI bridge to [bus 21-21]
[    0.186552] pci 0000:00:18.6:   bridge window [mem 0xcbf00000-0xcbffffff]
[    0.186588] pci 0000:00:18.6:   bridge window [mem 0xda500000-0xda5fffff 64bit pref]
[    0.186973] pci 0000:00:18.7: PCI bridge to [bus 22-22]
[    0.187009] pci 0000:00:18.7:   bridge window [mem 0xcc300000-0xcc3fffff]
[    0.187046] pci 0000:00:18.7:   bridge window [mem 0xda900000-0xda9fffff 64bit pref]
[    0.188576] pci_bus 0000:00: on NUMA node 0
[    0.188583] ACPI: PCI Interrupt Routing Table [\_SB_.PCI0._PRT]
[    0.189170]  pci0000:00: Requesting ACPI _OSC control (0x1d)
[    0.189353]  pci0000:00: ACPI _OSC control (0x15) granted
[    0.260407] ACPI: PCI Interrupt Link [LNKA] (IRQs 3 4 5 6 7 *9 10 11 14 15)
[    0.260475] ACPI: PCI Interrupt Link [LNKB] (IRQs 3 4 5 6 7 9 10 *11 14 15)
[    0.260536] ACPI: PCI Interrupt Link [LNKC] (IRQs 3 4 5 6 7 9 *10 11 14 15)
[    0.260597] ACPI: PCI Interrupt Link [LNKD] (IRQs 3 4 *5 6 7 9 10 11 14 15)
[    0.260728] vgaarb: device added: PCI:0000:00:0f.0,decodes=io+mem,owns=io+mem,locks=none
[    0.260737] vgaarb: loaded
[    0.260738] vgaarb: bridge control possible 0000:00:0f.0
[    0.260816] i2c-core: driver [aat2870] using legacy suspend method
[    0.260817] i2c-core: driver [aat2870] using legacy resume method
[    0.260879] SCSI subsystem initialized
[    0.260916] libata version 3.00 loaded.
[    0.260945] usbcore: registered new interface driver usbfs
[    0.260954] usbcore: registered new interface driver hub
[    0.260975] usbcore: registered new device driver usb
[    0.261050] PCI: Using ACPI for IRQ routing
[    0.325945] PCI: pci_cache_line_size set to 64 bytes
[    0.325976] pci 0000:00:18.2: no compatible bridge window for [io  0xf000-0xffff]
[    0.326848] reserve RAM buffer: 000000000009f000 - 000000000009ffff 
[    0.326850] reserve RAM buffer: 000000003fee0000 - 000000003fffffff 
[    0.326979] NetLabel: Initializing
[    0.326981] NetLabel:  domain hash size = 128
[    0.326982] NetLabel:  protocols = UNLABELED CIPSOv4
[    0.326989] NetLabel:  unlabeled traffic allowed by default
[    0.327047] hpet0: at MMIO 0xfed00000, IRQs 2, 8, 0, 0, 0, 0, 0, 0, 0, 0, 0, 0, 0, 0, 0, 0
[    0.327053] hpet0: 16 comparators, 64-bit 14.318180 MHz counter
[    0.330083] Switching to clocksource hpet
[    0.335461] AppArmor: AppArmor Filesystem Enabled
[    0.335485] pnp: PnP ACPI init
[    0.335502] ACPI: bus type pnp registered
[    0.336166] pnp 00:00: [bus 00-ff]
[    0.336169] pnp 00:00: [mem 0x000a0000-0x000bffff window]
[    0.336170] pnp 00:00: [mem 0x000c0000-0x000c3fff window]
[    0.336172] pnp 00:00: [mem 0x000c4000-0x000c7fff window]
[    0.336173] pnp 00:00: [mem 0x000c8000-0x000cbfff window]
[    0.336175] pnp 00:00: [mem 0x000cc000-0x000cffff window]
[    0.336176] pnp 00:00: [mem 0x000d0000-0x000d3fff window]
[    0.336177] pnp 00:00: [mem 0x000d4000-0x000d7fff window]
[    0.336179] pnp 00:00: [mem 0x000d8000-0x000dbfff window]
[    0.336180] pnp 00:00: [mem 0x000dc000-0x000dffff window]
[    0.336182] pnp 00:00: [mem 0x000e0000-0x000e3fff window]
[    0.336183] pnp 00:00: [mem 0x000e4000-0x000e7fff window]
[    0.336184] pnp 00:00: [mem 0x000e8000-0x000ebfff window]
[    0.336185] pnp 00:00: [mem 0x000ec000-0x000effff window]
[    0.336187] pnp 00:00: [mem 0xc0000000-0xfebfffff window]
[    0.336189] pnp 00:00: [io  0x0cf8-0x0cff]
[    0.336190] pnp 00:00: [io  0x0000-0x0cf7 window]
[    0.336191] pnp 00:00: [io  0x0d00-0xfeff window]
[    0.336230] pnp 00:00: Plug and Play ACPI device, IDs PNP0a03 PNP0a08 (active)
[    0.336289] pnp 00:01: [io  0x0010-0x001f]
[    0.336290] pnp 00:01: [io  0x0024-0x0025]
[    0.336291] pnp 00:01: [io  0x0028-0x0029]
[    0.336292] pnp 00:01: [io  0x002c-0x002d]
[    0.336293] pnp 00:01: [io  0x002e-0x002f]
[    0.336294] pnp 00:01: [io  0x0030-0x0031]
[    0.336296] pnp 00:01: [io  0x0034-0x0035]
[    0.336297] pnp 00:01: [io  0x0038-0x0039]
[    0.336298] pnp 00:01: [io  0x003c-0x003d]
[    0.336299] pnp 00:01: [io  0x0050-0x0053]
[    0.336300] pnp 00:01: [io  0x0072-0x0077]
[    0.336301] pnp 00:01: [io  0x0080]
[    0.336302] pnp 00:01: [io  0x0090-0x009f]
[    0.336303] pnp 00:01: [io  0x00a4-0x00a5]
[    0.336304] pnp 00:01: [io  0x00a8-0x00a9]
[    0.336305] pnp 00:01: [io  0x00ac-0x00ad]
[    0.336307] pnp 00:01: [io  0x00b0-0x00b5]
[    0.336308] pnp 00:01: [io  0x00b8-0x00b9]
[    0.336309] pnp 00:01: [io  0x00bc-0x00bd]
[    0.336310] pnp 00:01: [io  0x1000-0x103f]
[    0.336311] pnp 00:01: [io  0x1040-0x104f]
[    0.336312] pnp 00:01: [io  0x0cf0-0x0cf1]
[    0.336369] system 00:01: [io  0x1000-0x103f] has been reserved
[    0.336373] system 00:01: [io  0x1040-0x104f] has been reserved
[    0.336375] system 00:01: [io  0x0cf0-0x0cf1] has been reserved
[    0.336378] system 00:01: Plug and Play ACPI device, IDs PNP0c02 (active)
[    0.336384] pnp 00:02: [io  0x0000-0x000f]
[    0.336385] pnp 00:02: [io  0x0081-0x008f]
[    0.336386] pnp 00:02: [io  0x00c0-0x00df]
[    0.336388] pnp 00:02: [dma 4]
[    0.336403] pnp 00:02: Plug and Play ACPI device, IDs PNP0200 (active)
[    0.336409] pnp 00:03: [io  0x0020-0x0021]
[    0.336410] pnp 00:03: [io  0x00a0-0x00a1]
[    0.336411] pnp 00:03: [io  0x04d0-0x04d1]
[    0.336413] pnp 00:03: [irq 2 disabled]
[    0.336427] pnp 00:03: Plug and Play ACPI device, IDs PNP0001 (active)
[    0.336433] pnp 00:04: [io  0x0070-0x0071]
[    0.336436] pnp 00:04: [irq 8]
[    0.336448] pnp 00:04: Plug and Play ACPI device, IDs PNP0b00 (active)
[    0.336452] pnp 00:05: [io  0x0061]
[    0.336465] pnp 00:05: Plug and Play ACPI device, IDs PNP0800 (active)
[    0.336469] pnp 00:06: [io  0x0060]
[    0.336470] pnp 00:06: [io  0x0064]
[    0.336471] pnp 00:06: [irq 1]
[    0.336486] pnp 00:06: Plug and Play ACPI device, IDs PNP0303 (active)
[    0.336490] pnp 00:07: [irq 12]
[    0.336503] pnp 00:07: Plug and Play ACPI device, IDs PNP0f13 (active)
[    0.336646] pnp 00:08: [mem 0xfed00000-0xfed003ff]
[    0.336678] system 00:08: [mem 0xfed00000-0xfed003ff] has been reserved
[    0.336680] system 00:08: Plug and Play ACPI device, IDs PNP0103 PNP0c01 (active)
[    0.340645] pnp 00:09: [io  0x0378-0x037f]
[    0.340648] pnp 00:09: [irq 7]
[    0.341692] pnp 00:09: Plug and Play ACPI device, IDs PNP0400 (active)
[    0.345336] pnp 00:0a: [io  0x03f8-0x03ff]
[    0.345338] pnp 00:0a: [irq 4]
[    0.346390] pnp 00:0a: Plug and Play ACPI device, IDs PNP0501 (active)
[    0.349426] pnp 00:0b: [io  0x02f8-0x02ff]
[    0.349429] pnp 00:0b: [irq 3]
[    0.350523] pnp 00:0b: Plug and Play ACPI device, IDs PNP0501 (active)
[    0.355075] pnp 00:0c: [io  0x03f0-0x03f5]
[    0.355077] pnp 00:0c: [io  0x03f7]
[    0.355079] pnp 00:0c: [irq 6]
[    0.355080] pnp 00:0c: [dma 2]
[    0.356056] pnp 00:0c: Plug and Play ACPI device, IDs PNP0700 (active)
[    0.356207] pnp 00:0d: [mem 0xe0000000-0xefffffff]
[    0.356209] pnp 00:0d: [io  0x1060-0x107f]
[    0.356210] pnp 00:0d: [mem 0xc8200000-0xc83fffff]
[    0.356249] system 00:0d: [io  0x1060-0x107f] has been reserved
[    0.356252] system 00:0d: [mem 0xe0000000-0xefffffff] has been reserved
[    0.356253] system 00:0d: [mem 0xc8200000-0xc83fffff] has been reserved
[    0.356255] system 00:0d: Plug and Play ACPI device, IDs PNP0c02 (active)
[    0.360926] pnp: PnP ACPI: found 14 devices
[    0.360927] ACPI: ACPI bus type pnp unregistered
[    0.360930] PnPBIOS: Disabled by ACPI PNP
[    0.396578] PCI: max bus depth: 1 pci_try_num: 2
[    0.398098] pci 0000:00:0f.0: BAR 6: assigned [mem 0xc0000000-0xc0007fff pref]
[    0.398106] pci 0000:00:10.0: BAR 6: assigned [mem 0xc0008000-0xc000bfff pref]
[    0.398113] pci 0000:00:18.7: BAR 13: can't assign io (size 0x1000)
[    0.398118] pci 0000:00:18.6: BAR 13: can't assign io (size 0x1000)
[    0.398123] pci 0000:00:18.5: BAR 13: can't assign io (size 0x1000)
[    0.398127] pci 0000:00:18.4: BAR 13: can't assign io (size 0x1000)
[    0.398130] pci 0000:00:18.3: BAR 13: can't assign io (size 0x1000)
[    0.398133] pci 0000:00:18.2: BAR 13: can't assign io (size 0x1000)
[    0.398136] pci 0000:00:17.7: BAR 13: can't assign io (size 0x1000)
[    0.398139] pci 0000:00:17.6: BAR 13: can't assign io (size 0x1000)
[    0.398142] pci 0000:00:17.5: BAR 13: can't assign io (size 0x1000)
[    0.398145] pci 0000:00:17.4: BAR 13: can't assign io (size 0x1000)
[    0.398148] pci 0000:00:17.3: BAR 13: can't assign io (size 0x1000)
[    0.398151] pci 0000:00:16.7: BAR 13: can't assign io (size 0x1000)
[    0.398154] pci 0000:00:16.6: BAR 13: can't assign io (size 0x1000)
[    0.398157] pci 0000:00:16.5: BAR 13: can't assign io (size 0x1000)
[    0.398161] pci 0000:00:16.4: BAR 13: can't assign io (size 0x1000)
[    0.398164] pci 0000:00:16.3: BAR 13: can't assign io (size 0x1000)
[    0.398167] pci 0000:00:15.7: BAR 13: can't assign io (size 0x1000)
[    0.398170] pci 0000:00:15.6: BAR 13: can't assign io (size 0x1000)
[    0.398173] pci 0000:00:15.5: BAR 13: can't assign io (size 0x1000)
[    0.398176] pci 0000:00:15.4: BAR 13: can't assign io (size 0x1000)
[    0.398179] pci 0000:00:15.3: BAR 13: can't assign io (size 0x1000)
[    0.398182] pci 0000:00:01.0: PCI bridge to [bus 01-01]
[    0.398250] pci 0000:02:01.0: BAR 6: assigned [mem 0xd8400000-0xd840ffff pref]
[    0.398253] pci 0000:00:11.0: PCI bridge to [bus 02-02]
[    0.398271] pci 0000:00:11.0:   bridge window [io  0x2000-0x3fff]
[    0.398307] pci 0000:00:11.0:   bridge window [mem 0xc9000000-0xca3fffff]
[    0.398334] pci 0000:00:11.0:   bridge window [mem 0xd8400000-0xd89fffff 64bit pref]
[    0.398380] pci 0000:00:15.0: PCI bridge to [bus 03-03]
[    0.398396] pci 0000:00:15.0:   bridge window [io  0x4000-0x4fff]
[    0.398437] pci 0000:00:15.0:   bridge window [mem 0xca400000-0xca4fffff]
[    0.398460] pci 0000:00:15.0:   bridge window [mem 0xd8a00000-0xd8afffff 64bit pref]
[    0.398519] pci 0000:00:15.1: PCI bridge to [bus 04-04]
[    0.398533] pci 0000:00:15.1:   bridge window [io  0x8000-0x8fff]
[    0.398567] pci 0000:00:15.1:   bridge window [mem 0xca800000-0xca8fffff]
[    0.398591] pci 0000:00:15.1:   bridge window [mem 0xd8e00000-0xd8efffff 64bit pref]
[    0.398640] pci 0000:00:15.2: PCI bridge to [bus 05-05]
[    0.398655] pci 0000:00:15.2:   bridge window [io  0xc000-0xcfff]
[    0.398689] pci 0000:00:15.2:   bridge window [mem 0xcac00000-0xcacfffff]
[    0.398713] pci 0000:00:15.2:   bridge window [mem 0xd9200000-0xd92fffff 64bit pref]
[    0.398781] pci 0000:00:15.3: PCI bridge to [bus 06-06]
[    0.398816] pci 0000:00:15.3:   bridge window [mem 0xcb000000-0xcb0fffff]
[    0.398839] pci 0000:00:15.3:   bridge window [mem 0xd9600000-0xd96fffff 64bit pref]
[    0.398889] pci 0000:00:15.4: PCI bridge to [bus 07-07]
[    0.398923] pci 0000:00:15.4:   bridge window [mem 0xcb400000-0xcb4fffff]
[    0.398947] pci 0000:00:15.4:   bridge window [mem 0xd9a00000-0xd9afffff 64bit pref]
[    0.398996] pci 0000:00:15.5: PCI bridge to [bus 08-08]
[    0.399031] pci 0000:00:15.5:   bridge window [mem 0xcb800000-0xcb8fffff]
[    0.399054] pci 0000:00:15.5:   bridge window [mem 0xd9e00000-0xd9efffff 64bit pref]
[    0.399103] pci 0000:00:15.6: PCI bridge to [bus 09-09]
[    0.399137] pci 0000:00:15.6:   bridge window [mem 0xcbc00000-0xcbcfffff]
[    0.399161] pci 0000:00:15.6:   bridge window [mem 0xda200000-0xda2fffff 64bit pref]
[    0.399210] pci 0000:00:15.7: PCI bridge to [bus 0a-0a]
[    0.399244] pci 0000:00:15.7:   bridge window [mem 0xcc000000-0xcc0fffff]
[    0.399268] pci 0000:00:15.7:   bridge window [mem 0xda600000-0xda6fffff 64bit pref]
[    0.399317] pci 0000:00:16.0: PCI bridge to [bus 0b-0b]
[    0.399331] pci 0000:00:16.0:   bridge window [io  0x5000-0x5fff]
[    0.399366] pci 0000:00:16.0:   bridge window [mem 0xca500000-0xca5fffff]
[    0.399389] pci 0000:00:16.0:   bridge window [mem 0xd8b00000-0xd8bfffff 64bit pref]
[    0.399438] pci 0000:00:16.1: PCI bridge to [bus 0c-0c]
[    0.399453] pci 0000:00:16.1:   bridge window [io  0x9000-0x9fff]
[    0.399487] pci 0000:00:16.1:   bridge window [mem 0xca900000-0xca9fffff]
[    0.399510] pci 0000:00:16.1:   bridge window [mem 0xd8f00000-0xd8ffffff 64bit pref]
[    0.399559] pci 0000:00:16.2: PCI bridge to [bus 0d-0d]
[    0.399573] pci 0000:00:16.2:   bridge window [io  0xd000-0xdfff]
[    0.399608] pci 0000:00:16.2:   bridge window [mem 0xcad00000-0xcadfffff]
[    0.399632] pci 0000:00:16.2:   bridge window [mem 0xd9300000-0xd93fffff 64bit pref]
[    0.399680] pci 0000:00:16.3: PCI bridge to [bus 0e-0e]
[    0.399714] pci 0000:00:16.3:   bridge window [mem 0xcb100000-0xcb1fffff]
[    0.399743] pci 0000:00:16.3:   bridge window [mem 0xd9700000-0xd97fffff 64bit pref]
[    0.399796] pci 0000:00:16.4: PCI bridge to [bus 0f-0f]
[    0.399830] pci 0000:00:16.4:   bridge window [mem 0xcb500000-0xcb5fffff]
[    0.399854] pci 0000:00:16.4:   bridge window [mem 0xd9b00000-0xd9bfffff 64bit pref]
[    0.399903] pci 0000:00:16.5: PCI bridge to [bus 10-10]
[    0.399937] pci 0000:00:16.5:   bridge window [mem 0xcb900000-0xcb9fffff]
[    0.399961] pci 0000:00:16.5:   bridge window [mem 0xd9f00000-0xd9ffffff 64bit pref]
[    0.400010] pci 0000:00:16.6: PCI bridge to [bus 11-11]
[    0.400044] pci 0000:00:16.6:   bridge window [mem 0xcbd00000-0xcbdfffff]
[    0.400068] pci 0000:00:16.6:   bridge window [mem 0xda300000-0xda3fffff 64bit pref]
[    0.400117] pci 0000:00:16.7: PCI bridge to [bus 12-12]
[    0.400151] pci 0000:00:16.7:   bridge window [mem 0xcc100000-0xcc1fffff]
[    0.400177] pci 0000:00:16.7:   bridge window [mem 0xda700000-0xda7fffff 64bit pref]
[    0.400245] pci 0000:00:17.0: PCI bridge to [bus 13-13]
[    0.400267] pci 0000:00:17.0:   bridge window [io  0x6000-0x6fff]
[    0.400316] pci 0000:00:17.0:   bridge window [mem 0xca600000-0xca6fffff]
[    0.400343] pci 0000:00:17.0:   bridge window [mem 0xd8c00000-0xd8cfffff 64bit pref]
[    0.400411] pci 0000:00:17.1: PCI bridge to [bus 14-14]
[    0.400427] pci 0000:00:17.1:   bridge window [io  0xa000-0xafff]
[    0.400462] pci 0000:00:17.1:   bridge window [mem 0xcaa00000-0xcaafffff]
[    0.400485] pci 0000:00:17.1:   bridge window [mem 0xd9000000-0xd90fffff 64bit pref]
[    0.400535] pci 0000:00:17.2: PCI bridge to [bus 15-15]
[    0.400550] pci 0000:00:17.2:   bridge window [io  0xe000-0xefff]
[    0.400598] pci 0000:00:17.2:   bridge window [mem 0xcae00000-0xcaefffff]
[    0.400629] pci 0000:00:17.2:   bridge window [mem 0xd9400000-0xd94fffff 64bit pref]
[    0.400697] pci 0000:00:17.3: PCI bridge to [bus 16-16]
[    0.400746] pci 0000:00:17.3:   bridge window [mem 0xcb200000-0xcb2fffff]
[    0.400779] pci 0000:00:17.3:   bridge window [mem 0xd9800000-0xd98fffff 64bit pref]
[    0.400839] pci 0000:00:17.4: PCI bridge to [bus 17-17]
[    0.400874] pci 0000:00:17.4:   bridge window [mem 0xcb600000-0xcb6fffff]
[    0.400904] pci 0000:00:17.4:   bridge window [mem 0xd9c00000-0xd9cfffff 64bit pref]
[    0.400972] pci 0000:00:17.5: PCI bridge to [bus 18-18]
[    0.401021] pci 0000:00:17.5:   bridge window [mem 0xcba00000-0xcbafffff]
[    0.401045] pci 0000:00:17.5:   bridge window [mem 0xda000000-0xda0fffff 64bit pref]
[    0.401095] pci 0000:00:17.6: PCI bridge to [bus 19-19]
[    0.401137] pci 0000:00:17.6:   bridge window [mem 0xcbe00000-0xcbefffff]
[    0.401172] pci 0000:00:17.6:   bridge window [mem 0xda400000-0xda4fffff 64bit pref]
[    0.401240] pci 0000:00:17.7: PCI bridge to [bus 1a-1a]
[    0.401288] pci 0000:00:17.7:   bridge window [mem 0xcc200000-0xcc2fffff]
[    0.401321] pci 0000:00:17.7:   bridge window [mem 0xda800000-0xda8fffff 64bit pref]
[    0.401389] pci 0000:00:18.0: PCI bridge to [bus 1b-1b]
[    0.401409] pci 0000:00:18.0:   bridge window [io  0x7000-0x7fff]
[    0.401461] pci 0000:00:18.0:   bridge window [mem 0xca700000-0xca7fffff]
[    0.401497] pci 0000:00:18.0:   bridge window [mem 0xd8d00000-0xd8dfffff 64bit pref]
[    0.401565] pci 0000:00:18.1: PCI bridge to [bus 1c-1c]
[    0.401581] pci 0000:00:18.1:   bridge window [io  0xb000-0xbfff]
[    0.401616] pci 0000:00:18.1:   bridge window [mem 0xcab00000-0xcabfffff]
[    0.401640] pci 0000:00:18.1:   bridge window [mem 0xd9100000-0xd91fffff 64bit pref]
[    0.401690] pci 0000:00:18.2: PCI bridge to [bus 1d-1d]
[    0.401744] pci 0000:00:18.2:   bridge window [mem 0xcaf00000-0xcaffffff]
[    0.401775] pci 0000:00:18.2:   bridge window [mem 0xd9500000-0xd95fffff 64bit pref]
[    0.401840] pci 0000:00:18.3: PCI bridge to [bus 1e-1e]
[    0.401885] pci 0000:00:18.3:   bridge window [mem 0xcb300000-0xcb3fffff]
[    0.401911] pci 0000:00:18.3:   bridge window [mem 0xd9900000-0xd99fffff 64bit pref]
[    0.401962] pci 0000:00:18.4: PCI bridge to [bus 1f-1f]
[    0.402035] pci 0000:00:18.4:   bridge window [mem 0xcb700000-0xcb7fffff]
[    0.402059] pci 0000:00:18.4:   bridge window [mem 0xd9d00000-0xd9dfffff 64bit pref]
[    0.402109] pci 0000:00:18.5: PCI bridge to [bus 20-20]
[    0.402144] pci 0000:00:18.5:   bridge window [mem 0xcbb00000-0xcbbfffff]
[    0.402168] pci 0000:00:18.5:   bridge window [mem 0xda100000-0xda1fffff 64bit pref]
[    0.402219] pci 0000:00:18.6: PCI bridge to [bus 21-21]
[    0.402255] pci 0000:00:18.6:   bridge window [mem 0xcbf00000-0xcbffffff]
[    0.402279] pci 0000:00:18.6:   bridge window [mem 0xda500000-0xda5fffff 64bit pref]
[    0.402330] pci 0000:00:18.7: PCI bridge to [bus 22-22]
[    0.402365] pci 0000:00:18.7:   bridge window [mem 0xcc300000-0xcc3fffff]
[    0.402390] pci 0000:00:18.7:   bridge window [mem 0xda900000-0xda9fffff 64bit pref]
[    0.402458] pci 0000:00:01.0: setting latency timer to 64
[    0.402526] pci 0000:00:15.0: setting latency timer to 64
[    0.402583] pci 0000:00:15.1: setting latency timer to 64
[    0.402640] pci 0000:00:15.2: setting latency timer to 64
[    0.402708] pci 0000:00:15.3: setting latency timer to 64
[    0.402767] pci 0000:00:15.4: setting latency timer to 64
[    0.402825] pci 0000:00:15.5: setting latency timer to 64
[    0.402883] pci 0000:00:15.6: setting latency timer to 64
[    0.402942] pci 0000:00:15.7: setting latency timer to 64
[    0.403000] pci 0000:00:16.0: setting latency timer to 64
[    0.403058] pci 0000:00:16.1: setting latency timer to 64
[    0.403116] pci 0000:00:16.2: setting latency timer to 64
[    0.403176] pci 0000:00:16.3: setting latency timer to 64
[    0.403236] pci 0000:00:16.4: setting latency timer to 64
[    0.403295] pci 0000:00:16.5: setting latency timer to 64
[    0.403354] pci 0000:00:16.6: setting latency timer to 64
[    0.403413] pci 0000:00:16.7: setting latency timer to 64
[    0.403471] pci 0000:00:17.0: setting latency timer to 64
[    0.403529] pci 0000:00:17.1: setting latency timer to 64
[    0.403586] pci 0000:00:17.2: setting latency timer to 64
[    0.403650] pci 0000:00:17.3: setting latency timer to 64
[    0.403718] pci 0000:00:17.4: setting latency timer to 64
[    0.403786] pci 0000:00:17.5: setting latency timer to 64
[    0.403845] pci 0000:00:17.6: setting latency timer to 64
[    0.403903] pci 0000:00:17.7: setting latency timer to 64
[    0.403960] pci 0000:00:18.0: setting latency timer to 64
[    0.404018] pci 0000:00:18.1: setting latency timer to 64
[    0.404075] pci 0000:00:18.2: setting latency timer to 64
[    0.404133] pci 0000:00:18.3: setting latency timer to 64
[    0.404192] pci 0000:00:18.4: setting latency timer to 64
[    0.404252] pci 0000:00:18.5: setting latency timer to 64
[    0.404312] pci 0000:00:18.6: setting latency timer to 64
[    0.404371] pci 0000:00:18.7: setting latency timer to 64
[    0.404387] pci_bus 0000:00: resource 4 [mem 0x000a0000-0x000bffff]
[    0.404389] pci_bus 0000:00: resource 5 [mem 0x000cc000-0x000cffff]
[    0.404391] pci_bus 0000:00: resource 6 [mem 0x000d0000-0x000d3fff]
[    0.404393] pci_bus 0000:00: resource 7 [mem 0x000d4000-0x000d7fff]
[    0.404396] pci_bus 0000:00: resource 8 [mem 0x000d8000-0x000dbfff]
[    0.404398] pci_bus 0000:00: resource 9 [mem 0xc0000000-0xfebfffff]
[    0.404400] pci_bus 0000:00: resource 10 [io  0x0000-0x0cf7]
[    0.404402] pci_bus 0000:00: resource 11 [io  0x0d00-0xfeff]
[    0.404406] pci_bus 0000:02: resource 0 [io  0x2000-0x3fff]
[    0.404408] pci_bus 0000:02: resource 1 [mem 0xc9000000-0xca3fffff]
[    0.404410] pci_bus 0000:02: resource 2 [mem 0xd8400000-0xd89fffff 64bit pref]
[    0.404412] pci_bus 0000:02: resource 4 [mem 0x000a0000-0x000bffff]
[    0.404414] pci_bus 0000:02: resource 5 [mem 0x000cc000-0x000cffff]
[    0.404416] pci_bus 0000:02: resource 6 [mem 0x000d0000-0x000d3fff]
[    0.404418] pci_bus 0000:02: resource 7 [mem 0x000d4000-0x000d7fff]
[    0.404420] pci_bus 0000:02: resource 8 [mem 0x000d8000-0x000dbfff]
[    0.404422] pci_bus 0000:02: resource 9 [mem 0xc0000000-0xfebfffff]
[    0.404424] pci_bus 0000:02: resource 10 [io  0x0000-0x0cf7]
[    0.404427] pci_bus 0000:02: resource 11 [io  0x0d00-0xfeff]
[    0.404429] pci_bus 0000:03: resource 0 [io  0x4000-0x4fff]
[    0.404431] pci_bus 0000:03: resource 1 [mem 0xca400000-0xca4fffff]
[    0.404433] pci_bus 0000:03: resource 2 [mem 0xd8a00000-0xd8afffff 64bit pref]
[    0.404436] pci_bus 0000:04: resource 0 [io  0x8000-0x8fff]
[    0.404438] pci_bus 0000:04: resource 1 [mem 0xca800000-0xca8fffff]
[    0.404440] pci_bus 0000:04: resource 2 [mem 0xd8e00000-0xd8efffff 64bit pref]
[    0.404442] pci_bus 0000:05: resource 0 [io  0xc000-0xcfff]
[    0.404444] pci_bus 0000:05: resource 1 [mem 0xcac00000-0xcacfffff]
[    0.404446] pci_bus 0000:05: resource 2 [mem 0xd9200000-0xd92fffff 64bit pref]
[    0.404449] pci_bus 0000:06: resource 1 [mem 0xcb000000-0xcb0fffff]
[    0.404451] pci_bus 0000:06: resource 2 [mem 0xd9600000-0xd96fffff 64bit pref]
[    0.404453] pci_bus 0000:07: resource 1 [mem 0xcb400000-0xcb4fffff]
[    0.404455] pci_bus 0000:07: resource 2 [mem 0xd9a00000-0xd9afffff 64bit pref]
[    0.404458] pci_bus 0000:08: resource 1 [mem 0xcb800000-0xcb8fffff]
[    0.404460] pci_bus 0000:08: resource 2 [mem 0xd9e00000-0xd9efffff 64bit pref]
[    0.404462] pci_bus 0000:09: resource 1 [mem 0xcbc00000-0xcbcfffff]
[    0.404464] pci_bus 0000:09: resource 2 [mem 0xda200000-0xda2fffff 64bit pref]
[    0.404467] pci_bus 0000:0a: resource 1 [mem 0xcc000000-0xcc0fffff]
[    0.404469] pci_bus 0000:0a: resource 2 [mem 0xda600000-0xda6fffff 64bit pref]
[    0.404472] pci_bus 0000:0b: resource 0 [io  0x5000-0x5fff]
[    0.404474] pci_bus 0000:0b: resource 1 [mem 0xca500000-0xca5fffff]
[    0.404476] pci_bus 0000:0b: resource 2 [mem 0xd8b00000-0xd8bfffff 64bit pref]
[    0.404478] pci_bus 0000:0c: resource 0 [io  0x9000-0x9fff]
[    0.404480] pci_bus 0000:0c: resource 1 [mem 0xca900000-0xca9fffff]
[    0.404482] pci_bus 0000:0c: resource 2 [mem 0xd8f00000-0xd8ffffff 64bit pref]
[    0.404485] pci_bus 0000:0d: resource 0 [io  0xd000-0xdfff]
[    0.404487] pci_bus 0000:0d: resource 1 [mem 0xcad00000-0xcadfffff]
[    0.404489] pci_bus 0000:0d: resource 2 [mem 0xd9300000-0xd93fffff 64bit pref]
[    0.404491] pci_bus 0000:0e: resource 1 [mem 0xcb100000-0xcb1fffff]
[    0.404493] pci_bus 0000:0e: resource 2 [mem 0xd9700000-0xd97fffff 64bit pref]
[    0.404496] pci_bus 0000:0f: resource 1 [mem 0xcb500000-0xcb5fffff]
[    0.404498] pci_bus 0000:0f: resource 2 [mem 0xd9b00000-0xd9bfffff 64bit pref]
[    0.404500] pci_bus 0000:10: resource 1 [mem 0xcb900000-0xcb9fffff]
[    0.404502] pci_bus 0000:10: resource 2 [mem 0xd9f00000-0xd9ffffff 64bit pref]
[    0.404505] pci_bus 0000:11: resource 1 [mem 0xcbd00000-0xcbdfffff]
[    0.404508] pci_bus 0000:11: resource 2 [mem 0xda300000-0xda3fffff 64bit pref]
[    0.404512] pci_bus 0000:12: resource 1 [mem 0xcc100000-0xcc1fffff]
[    0.404515] pci_bus 0000:12: resource 2 [mem 0xda700000-0xda7fffff 64bit pref]
[    0.404518] pci_bus 0000:13: resource 0 [io  0x6000-0x6fff]
[    0.404522] pci_bus 0000:13: resource 1 [mem 0xca600000-0xca6fffff]
[    0.404525] pci_bus 0000:13: resource 2 [mem 0xd8c00000-0xd8cfffff 64bit pref]
[    0.404528] pci_bus 0000:14: resource 0 [io  0xa000-0xafff]
[    0.404531] pci_bus 0000:14: resource 1 [mem 0xcaa00000-0xcaafffff]
[    0.404534] pci_bus 0000:14: resource 2 [mem 0xd9000000-0xd90fffff 64bit pref]
[    0.404537] pci_bus 0000:15: resource 0 [io  0xe000-0xefff]
[    0.404540] pci_bus 0000:15: resource 1 [mem 0xcae00000-0xcaefffff]
[    0.404544] pci_bus 0000:15: resource 2 [mem 0xd9400000-0xd94fffff 64bit pref]
[    0.404548] pci_bus 0000:16: resource 1 [mem 0xcb200000-0xcb2fffff]
[    0.404551] pci_bus 0000:16: resource 2 [mem 0xd9800000-0xd98fffff 64bit pref]
[    0.404554] pci_bus 0000:17: resource 1 [mem 0xcb600000-0xcb6fffff]
[    0.404558] pci_bus 0000:17: resource 2 [mem 0xd9c00000-0xd9cfffff 64bit pref]
[    0.404561] pci_bus 0000:18: resource 1 [mem 0xcba00000-0xcbafffff]
[    0.404564] pci_bus 0000:18: resource 2 [mem 0xda000000-0xda0fffff 64bit pref]
[    0.404567] pci_bus 0000:19: resource 1 [mem 0xcbe00000-0xcbefffff]
[    0.404571] pci_bus 0000:19: resource 2 [mem 0xda400000-0xda4fffff 64bit pref]
[    0.404574] pci_bus 0000:1a: resource 1 [mem 0xcc200000-0xcc2fffff]
[    0.404577] pci_bus 0000:1a: resource 2 [mem 0xda800000-0xda8fffff 64bit pref]
[    0.404581] pci_bus 0000:1b: resource 0 [io  0x7000-0x7fff]
[    0.404584] pci_bus 0000:1b: resource 1 [mem 0xca700000-0xca7fffff]
[    0.404587] pci_bus 0000:1b: resource 2 [mem 0xd8d00000-0xd8dfffff 64bit pref]
[    0.404590] pci_bus 0000:1c: resource 0 [io  0xb000-0xbfff]
[    0.404593] pci_bus 0000:1c: resource 1 [mem 0xcab00000-0xcabfffff]
[    0.404596] pci_bus 0000:1c: resource 2 [mem 0xd9100000-0xd91fffff 64bit pref]
[    0.404599] pci_bus 0000:1d: resource 1 [mem 0xcaf00000-0xcaffffff]
[    0.404603] pci_bus 0000:1d: resource 2 [mem 0xd9500000-0xd95fffff 64bit pref]
[    0.404607] pci_bus 0000:1e: resource 1 [mem 0xcb300000-0xcb3fffff]
[    0.404610] pci_bus 0000:1e: resource 2 [mem 0xd9900000-0xd99fffff 64bit pref]
[    0.404613] pci_bus 0000:1f: resource 1 [mem 0xcb700000-0xcb7fffff]
[    0.404616] pci_bus 0000:1f: resource 2 [mem 0xd9d00000-0xd9dfffff 64bit pref]
[    0.404619] pci_bus 0000:20: resource 1 [mem 0xcbb00000-0xcbbfffff]
[    0.404622] pci_bus 0000:20: resource 2 [mem 0xda100000-0xda1fffff 64bit pref]
[    0.404625] pci_bus 0000:21: resource 1 [mem 0xcbf00000-0xcbffffff]
[    0.404644] pci_bus 0000:21: resource 2 [mem 0xda500000-0xda5fffff 64bit pref]
[    0.404648] pci_bus 0000:22: resource 1 [mem 0xcc300000-0xcc3fffff]
[    0.404651] pci_bus 0000:22: resource 2 [mem 0xda900000-0xda9fffff 64bit pref]
[    0.404718] NET: Registered protocol family 2
[    0.404779] IP route cache hash table entries: 32768 (order: 5, 131072 bytes)
[    0.404847] TCP established hash table entries: 131072 (order: 8, 1048576 bytes)
[    0.404915] TCP bind hash table entries: 65536 (order: 7, 524288 bytes)
[    0.404983] TCP: Hash tables configured (established 131072 bind 65536)
[    0.404988] TCP reno registered
[    0.404992] UDP hash table entries: 512 (order: 2, 16384 bytes)
[    0.405003] UDP-Lite hash table entries: 512 (order: 2, 16384 bytes)
[    0.405069] NET: Registered protocol family 1
[    0.405084] pci 0000:00:00.0: Limiting direct PCI/PCI transfers
[    0.405152] pci 0000:00:0f.0: Boot video device
[    0.405220] ACPI: PCI Interrupt Link [LNKC] enabled at IRQ 10
[    0.405223] PCI: setting IRQ 10 as level-triggered
[    0.405231] pci 0000:02:00.0: PCI INT A -> Link[LNKC] -> GSI 10 (level, low) -> IRQ 10
[    0.405365] pci 0000:02:00.0: PCI INT A disabled
[    0.405433] ACPI: PCI Interrupt Link [LNKB] enabled at IRQ 11
[    0.405437] PCI: setting IRQ 11 as level-triggered
[    0.405444] pci 0000:02:03.0: PCI INT A -> Link[LNKB] -> GSI 11 (level, low) -> IRQ 11
[    0.405512] pci 0000:02:03.0: PCI INT A disabled
[    0.405527] PCI: CLS 32 bytes, default 64
[    0.405576] Simple Boot Flag at 0x36 set to 0x1
[    0.405582] Switching to clocksource tsc
[    0.405848] audit: initializing netlink socket (disabled)
[    0.405858] type=2000 audit(1369612012.395:1): initialized
[    0.422160] Trying to unpack rootfs image as initramfs...
[    0.446042] highmem bounce pool size: 64 pages
[    0.446047] HugeTLB registered 2 MB page size, pre-allocated 0 pages
[    0.450037] VFS: Disk quotas dquot_6.5.2
[    0.450086] Dquot-cache hash table entries: 1024 (order 0, 4096 bytes)
[    0.450218] fuse init (API version 7.17)
[    0.450278] msgmni has been set to 1710
[    0.462093] Block layer SCSI generic (bsg) driver version 0.4 loaded (major 253)
[    0.465976] io scheduler noop registered
[    0.465978] io scheduler deadline registered
[    0.465986] io scheduler cfq registered (default)
[    0.466054] pcieport 0000:00:15.0: setting latency timer to 64
[    0.466122] pcieport 0000:00:15.0: irq 40 for MSI/MSI-X
[    0.466190] pcieport 0000:00:15.1: setting latency timer to 64
[    0.466258] pcieport 0000:00:15.1: irq 41 for MSI/MSI-X
[    0.466326] pcieport 0000:00:15.2: setting latency timer to 64
[    0.466394] pcieport 0000:00:15.2: irq 42 for MSI/MSI-X
[    0.466462] pcieport 0000:00:15.3: setting latency timer to 64
[    0.466530] pcieport 0000:00:15.3: irq 43 for MSI/MSI-X
[    0.466598] pcieport 0000:00:15.4: setting latency timer to 64
[    0.466666] pcieport 0000:00:15.4: irq 44 for MSI/MSI-X
[    0.466734] pcieport 0000:00:15.5: setting latency timer to 64
[    0.466802] pcieport 0000:00:15.5: irq 45 for MSI/MSI-X
[    0.466870] pcieport 0000:00:15.6: setting latency timer to 64
[    0.466938] pcieport 0000:00:15.6: irq 46 for MSI/MSI-X
[    0.467006] pcieport 0000:00:15.7: setting latency timer to 64
[    0.467074] pcieport 0000:00:15.7: irq 47 for MSI/MSI-X
[    0.467142] pcieport 0000:00:16.0: setting latency timer to 64
[    0.467210] pcieport 0000:00:16.0: irq 48 for MSI/MSI-X
[    0.467278] pcieport 0000:00:16.1: setting latency timer to 64
[    0.467346] pcieport 0000:00:16.1: irq 49 for MSI/MSI-X
[    0.467414] pcieport 0000:00:16.2: setting latency timer to 64
[    0.467482] pcieport 0000:00:16.2: irq 50 for MSI/MSI-X
[    0.467550] pcieport 0000:00:16.3: setting latency timer to 64
[    0.467618] pcieport 0000:00:16.3: irq 51 for MSI/MSI-X
[    0.467686] pcieport 0000:00:16.4: setting latency timer to 64
[    0.467754] pcieport 0000:00:16.4: irq 52 for MSI/MSI-X
[    0.467822] pcieport 0000:00:16.5: setting latency timer to 64
[    0.467890] pcieport 0000:00:16.5: irq 53 for MSI/MSI-X
[    0.467958] pcieport 0000:00:16.6: setting latency timer to 64
[    0.468026] pcieport 0000:00:16.6: irq 54 for MSI/MSI-X
[    0.468094] pcieport 0000:00:16.7: setting latency timer to 64
[    0.468162] pcieport 0000:00:16.7: irq 55 for MSI/MSI-X
[    0.468230] pcieport 0000:00:17.0: setting latency timer to 64
[    0.468298] pcieport 0000:00:17.0: irq 56 for MSI/MSI-X
[    0.468366] pcieport 0000:00:17.1: setting latency timer to 64
[    0.468434] pcieport 0000:00:17.1: irq 57 for MSI/MSI-X
[    0.468502] pcieport 0000:00:17.2: setting latency timer to 64
[    0.468570] pcieport 0000:00:17.2: irq 58 for MSI/MSI-X
[    0.468638] pcieport 0000:00:17.3: setting latency timer to 64
[    0.468706] pcieport 0000:00:17.3: irq 59 for MSI/MSI-X
[    0.468774] pcieport 0000:00:17.4: setting latency timer to 64
[    0.468842] pcieport 0000:00:17.4: irq 60 for MSI/MSI-X
[    0.468910] pcieport 0000:00:17.5: setting latency timer to 64
[    0.468977] pcieport 0000:00:17.5: irq 61 for MSI/MSI-X
[    0.469045] pcieport 0000:00:17.6: setting latency timer to 64
[    0.469113] pcieport 0000:00:17.6: irq 62 for MSI/MSI-X
[    0.469181] pcieport 0000:00:17.7: setting latency timer to 64
[    0.469249] pcieport 0000:00:17.7: irq 63 for MSI/MSI-X
[    0.469317] pcieport 0000:00:18.0: setting latency timer to 64
[    0.469385] pcieport 0000:00:18.0: irq 64 for MSI/MSI-X
[    0.469974] pcieport 0000:00:18.1: setting latency timer to 64
[    0.470117] pcieport 0000:00:18.1: irq 65 for MSI/MSI-X
[    0.470185] pcieport 0000:00:18.2: setting latency timer to 64
[    0.470253] pcieport 0000:00:18.2: irq 66 for MSI/MSI-X
[    0.470321] pcieport 0000:00:18.3: setting latency timer to 64
[    0.470389] pcieport 0000:00:18.3: irq 67 for MSI/MSI-X
[    0.470457] pcieport 0000:00:18.4: setting latency timer to 64
[    0.470525] pcieport 0000:00:18.4: irq 68 for MSI/MSI-X
[    0.470593] pcieport 0000:00:18.5: setting latency timer to 64
[    0.470661] pcieport 0000:00:18.5: irq 69 for MSI/MSI-X
[    0.470729] pcieport 0000:00:18.6: setting latency timer to 64
[    0.470797] pcieport 0000:00:18.6: irq 70 for MSI/MSI-X
[    0.470865] pcieport 0000:00:18.7: setting latency timer to 64
[    0.470933] pcieport 0000:00:18.7: irq 71 for MSI/MSI-X
[    0.471001] pcieport 0000:00:15.0: Signaling PME through PCIe PME interrupt
[    0.471027] pcie_pme 0000:00:15.0:pcie01: service driver pcie_pme loaded
[    0.471095] pcieport 0000:00:15.1: Signaling PME through PCIe PME interrupt
[    0.471121] pcie_pme 0000:00:15.1:pcie01: service driver pcie_pme loaded
[    0.471189] pcieport 0000:00:15.2: Signaling PME through PCIe PME interrupt
[    0.471214] pcie_pme 0000:00:15.2:pcie01: service driver pcie_pme loaded
[    0.471282] pcieport 0000:00:15.3: Signaling PME through PCIe PME interrupt
[    0.471307] pcie_pme 0000:00:15.3:pcie01: service driver pcie_pme loaded
[    0.471375] pcieport 0000:00:15.4: Signaling PME through PCIe PME interrupt
[    0.471400] pcie_pme 0000:00:15.4:pcie01: service driver pcie_pme loaded
[    0.471468] pcieport 0000:00:15.5: Signaling PME through PCIe PME interrupt
[    0.471493] pcie_pme 0000:00:15.5:pcie01: service driver pcie_pme loaded
[    0.471561] pcieport 0000:00:15.6: Signaling PME through PCIe PME interrupt
[    0.471601] pcie_pme 0000:00:15.6:pcie01: service driver pcie_pme loaded
[    0.471669] pcieport 0000:00:15.7: Signaling PME through PCIe PME interrupt
[    0.471695] pcie_pme 0000:00:15.7:pcie01: service driver pcie_pme loaded
[    0.471763] pcieport 0000:00:16.0: Signaling PME through PCIe PME interrupt
[    0.471789] pcie_pme 0000:00:16.0:pcie01: service driver pcie_pme loaded
[    0.471857] pcieport 0000:00:16.1: Signaling PME through PCIe PME interrupt
[    0.471882] pcie_pme 0000:00:16.1:pcie01: service driver pcie_pme loaded
[    0.471950] pcieport 0000:00:16.2: Signaling PME through PCIe PME interrupt
[    0.471988] pcie_pme 0000:00:16.2:pcie01: service driver pcie_pme loaded
[    0.472056] pcieport 0000:00:16.3: Signaling PME through PCIe PME interrupt
[    0.472091] pcie_pme 0000:00:16.3:pcie01: service driver pcie_pme loaded
[    0.472159] pcieport 0000:00:16.4: Signaling PME through PCIe PME interrupt
[    0.472186] pcie_pme 0000:00:16.4:pcie01: service driver pcie_pme loaded
[    0.472254] pcieport 0000:00:16.5: Signaling PME through PCIe PME interrupt
[    0.472280] pcie_pme 0000:00:16.5:pcie01: service driver pcie_pme loaded
[    0.472348] pcieport 0000:00:16.6: Signaling PME through PCIe PME interrupt
[    0.472373] pcie_pme 0000:00:16.6:pcie01: service driver pcie_pme loaded
[    0.472441] pcieport 0000:00:16.7: Signaling PME through PCIe PME interrupt
[    0.472467] pcie_pme 0000:00:16.7:pcie01: service driver pcie_pme loaded
[    0.472535] pcieport 0000:00:17.0: Signaling PME through PCIe PME interrupt
[    0.472560] pcie_pme 0000:00:17.0:pcie01: service driver pcie_pme loaded
[    0.472628] pcieport 0000:00:17.1: Signaling PME through PCIe PME interrupt
[    0.472653] pcie_pme 0000:00:17.1:pcie01: service driver pcie_pme loaded
[    0.472721] pcieport 0000:00:17.2: Signaling PME through PCIe PME interrupt
[    0.472748] pcie_pme 0000:00:17.2:pcie01: service driver pcie_pme loaded
[    0.472816] pcieport 0000:00:17.3: Signaling PME through PCIe PME interrupt
[    0.472842] pcie_pme 0000:00:17.3:pcie01: service driver pcie_pme loaded
[    0.472910] pcieport 0000:00:17.4: Signaling PME through PCIe PME interrupt
[    0.472947] pcie_pme 0000:00:17.4:pcie01: service driver pcie_pme loaded
[    0.473015] pcieport 0000:00:17.5: Signaling PME through PCIe PME interrupt
[    0.473050] pcie_pme 0000:00:17.5:pcie01: service driver pcie_pme loaded
[    0.473118] pcieport 0000:00:17.6: Signaling PME through PCIe PME interrupt
[    0.473151] pcie_pme 0000:00:17.6:pcie01: service driver pcie_pme loaded
[    0.473219] pcieport 0000:00:17.7: Signaling PME through PCIe PME interrupt
[    0.473251] pcie_pme 0000:00:17.7:pcie01: service driver pcie_pme loaded
[    0.473319] pcieport 0000:00:18.0: Signaling PME through PCIe PME interrupt
[    0.473354] pcie_pme 0000:00:18.0:pcie01: service driver pcie_pme loaded
[    0.473422] pcieport 0000:00:18.1: Signaling PME through PCIe PME interrupt
[    0.473457] pcie_pme 0000:00:18.1:pcie01: service driver pcie_pme loaded
[    0.473525] pcieport 0000:00:18.2: Signaling PME through PCIe PME interrupt
[    0.473551] pcie_pme 0000:00:18.2:pcie01: service driver pcie_pme loaded
[    0.473619] pcieport 0000:00:18.3: Signaling PME through PCIe PME interrupt
[    0.473644] pcie_pme 0000:00:18.3:pcie01: service driver pcie_pme loaded
[    0.473712] pcieport 0000:00:18.4: Signaling PME through PCIe PME interrupt
[    0.473738] pcie_pme 0000:00:18.4:pcie01: service driver pcie_pme loaded
[    0.473806] pcieport 0000:00:18.5: Signaling PME through PCIe PME interrupt
[    0.473832] pcie_pme 0000:00:18.5:pcie01: service driver pcie_pme loaded
[    0.478044] pcieport 0000:00:18.6: Signaling PME through PCIe PME interrupt
[    0.478087] pcie_pme 0000:00:18.6:pcie01: service driver pcie_pme loaded
[    0.478155] pcieport 0000:00:18.7: Signaling PME through PCIe PME interrupt
[    0.478188] pcie_pme 0000:00:18.7:pcie01: service driver pcie_pme loaded
[    0.478233] pci_hotplug: PCI Hot Plug PCI Core version: 0.5
[    0.478301] pciehp 0000:00:15.0:pcie04: HPC vendor_id 15ad device_id 7a0 ss_vid 15ad ss_did 7a0
[    0.478369] pciehp 0000:00:15.0:pcie04: service driver pciehp loaded
[    0.478437] pciehp 0000:00:15.1:pcie04: HPC vendor_id 15ad device_id 7a0 ss_vid 15ad ss_did 7a0
[    0.478504] pciehp 0000:00:15.1:pcie04: service driver pciehp loaded
[    0.478572] pciehp 0000:00:15.2:pcie04: HPC vendor_id 15ad device_id 7a0 ss_vid 15ad ss_did 7a0
[    0.478639] pciehp 0000:00:15.2:pcie04: service driver pciehp loaded
[    0.478707] pciehp 0000:00:15.3:pcie04: HPC vendor_id 15ad device_id 7a0 ss_vid 15ad ss_did 7a0
[    0.478775] pciehp 0000:00:15.3:pcie04: service driver pciehp loaded
[    0.478843] pciehp 0000:00:15.4:pcie04: HPC vendor_id 15ad device_id 7a0 ss_vid 15ad ss_did 7a0
[    0.478910] pciehp 0000:00:15.4:pcie04: service driver pciehp loaded
[    0.478978] pciehp 0000:00:15.5:pcie04: HPC vendor_id 15ad device_id 7a0 ss_vid 15ad ss_did 7a0
[    0.479046] pciehp 0000:00:15.5:pcie04: service driver pciehp loaded
[    0.479114] pciehp 0000:00:15.6:pcie04: HPC vendor_id 15ad device_id 7a0 ss_vid 15ad ss_did 7a0
[    0.479180] pciehp 0000:00:15.6:pcie04: service driver pciehp loaded
[    0.479248] pciehp 0000:00:15.7:pcie04: HPC vendor_id 15ad device_id 7a0 ss_vid 15ad ss_did 7a0
[    0.479314] pciehp 0000:00:15.7:pcie04: service driver pciehp loaded
[    0.479382] pciehp 0000:00:16.0:pcie04: HPC vendor_id 15ad device_id 7a0 ss_vid 15ad ss_did 7a0
[    0.479448] pciehp 0000:00:16.0:pcie04: service driver pciehp loaded
[    0.479516] pciehp 0000:00:16.1:pcie04: HPC vendor_id 15ad device_id 7a0 ss_vid 15ad ss_did 7a0
[    0.479582] pciehp 0000:00:16.1:pcie04: service driver pciehp loaded
[    0.479650] pciehp 0000:00:16.2:pcie04: HPC vendor_id 15ad device_id 7a0 ss_vid 15ad ss_did 7a0
[    0.479715] pciehp 0000:00:16.2:pcie04: service driver pciehp loaded
[    0.479783] pciehp 0000:00:16.3:pcie04: HPC vendor_id 15ad device_id 7a0 ss_vid 15ad ss_did 7a0
[    0.479850] pciehp 0000:00:16.3:pcie04: service driver pciehp loaded
[    0.479918] pciehp 0000:00:16.4:pcie04: HPC vendor_id 15ad device_id 7a0 ss_vid 15ad ss_did 7a0
[    0.479985] pciehp 0000:00:16.4:pcie04: service driver pciehp loaded
[    0.480053] pciehp 0000:00:16.5:pcie04: HPC vendor_id 15ad device_id 7a0 ss_vid 15ad ss_did 7a0
[    0.480119] pciehp 0000:00:16.5:pcie04: service driver pciehp loaded
[    0.480187] pciehp 0000:00:16.6:pcie04: HPC vendor_id 15ad device_id 7a0 ss_vid 15ad ss_did 7a0
[    0.480254] pciehp 0000:00:16.6:pcie04: service driver pciehp loaded
[    0.480322] pciehp 0000:00:16.7:pcie04: HPC vendor_id 15ad device_id 7a0 ss_vid 15ad ss_did 7a0
[    0.480390] pciehp 0000:00:16.7:pcie04: service driver pciehp loaded
[    0.480458] pciehp 0000:00:17.0:pcie04: HPC vendor_id 15ad device_id 7a0 ss_vid 15ad ss_did 7a0
[    0.480526] pciehp 0000:00:17.0:pcie04: service driver pciehp loaded
[    0.480594] pciehp 0000:00:17.1:pcie04: HPC vendor_id 15ad device_id 7a0 ss_vid 15ad ss_did 7a0
[    0.480660] pciehp 0000:00:17.1:pcie04: service driver pciehp loaded
[    0.480728] pciehp 0000:00:17.2:pcie04: HPC vendor_id 15ad device_id 7a0 ss_vid 15ad ss_did 7a0
[    0.480793] pciehp 0000:00:17.2:pcie04: service driver pciehp loaded
[    0.480861] pciehp 0000:00:17.3:pcie04: HPC vendor_id 15ad device_id 7a0 ss_vid 15ad ss_did 7a0
[    0.480926] pciehp 0000:00:17.3:pcie04: service driver pciehp loaded
[    0.480994] pciehp 0000:00:17.4:pcie04: HPC vendor_id 15ad device_id 7a0 ss_vid 15ad ss_did 7a0
[    0.481060] pciehp 0000:00:17.4:pcie04: service driver pciehp loaded
[    0.481128] pciehp 0000:00:17.5:pcie04: HPC vendor_id 15ad device_id 7a0 ss_vid 15ad ss_did 7a0
[    0.481196] pciehp 0000:00:17.5:pcie04: service driver pciehp loaded
[    0.481264] pciehp 0000:00:17.6:pcie04: HPC vendor_id 15ad device_id 7a0 ss_vid 15ad ss_did 7a0
[    0.481332] pciehp 0000:00:17.6:pcie04: service driver pciehp loaded
[    0.481400] pciehp 0000:00:17.7:pcie04: HPC vendor_id 15ad device_id 7a0 ss_vid 15ad ss_did 7a0
[    0.481466] pciehp 0000:00:17.7:pcie04: service driver pciehp loaded
[    0.481534] pciehp 0000:00:18.0:pcie04: HPC vendor_id 15ad device_id 7a0 ss_vid 15ad ss_did 7a0
[    0.481602] pciehp 0000:00:18.0:pcie04: service driver pciehp loaded
[    0.481670] pciehp 0000:00:18.1:pcie04: HPC vendor_id 15ad device_id 7a0 ss_vid 15ad ss_did 7a0
[    0.481736] pciehp 0000:00:18.1:pcie04: service driver pciehp loaded
[    0.481804] pciehp 0000:00:18.2:pcie04: HPC vendor_id 15ad device_id 7a0 ss_vid 15ad ss_did 7a0
[    0.481913] pciehp 0000:00:18.2:pcie04: service driver pciehp loaded
[    0.486009] pciehp 0000:00:18.3:pcie04: HPC vendor_id 15ad device_id 7a0 ss_vid 15ad ss_did 7a0
[    0.486077] pciehp 0000:00:18.3:pcie04: service driver pciehp loaded
[    0.486145] pciehp 0000:00:18.4:pcie04: HPC vendor_id 15ad device_id 7a0 ss_vid 15ad ss_did 7a0
[    0.486213] pciehp 0000:00:18.4:pcie04: service driver pciehp loaded
[    0.486281] pciehp 0000:00:18.5:pcie04: HPC vendor_id 15ad device_id 7a0 ss_vid 15ad ss_did 7a0
[    0.486347] pciehp 0000:00:18.5:pcie04: service driver pciehp loaded
[    0.486415] pciehp 0000:00:18.6:pcie04: HPC vendor_id 15ad device_id 7a0 ss_vid 15ad ss_did 7a0
[    0.486481] pciehp 0000:00:18.6:pcie04: service driver pciehp loaded
[    0.486549] pciehp 0000:00:18.7:pcie04: HPC vendor_id 15ad device_id 7a0 ss_vid 15ad ss_did 7a0
[    0.486615] pciehp 0000:00:18.7:pcie04: service driver pciehp loaded
[    0.486624] pciehp: PCI Express Hot Plug Controller Driver version: 0.4
[    0.486692] ACPI: Deprecated procfs I/F for AC is loaded, please retry with CONFIG_ACPI_PROCFS_POWER cleared
[    0.486764] ACPI: AC Adapter [ACAD] (on-line)
[    0.486839] input: Power Button as /devices/LNXSYSTM:00/LNXPWRBN:00/input/input0
[    0.486843] ACPI: Power Button [PWRF]
[    0.509995] ERST: Table is not found!
[    0.509999] GHES: HEST is not enabled!
[    0.510102] Serial: 8250/16550 driver, 32 ports, IRQ sharing enabled
[    0.533904] serial8250: ttyS0 at I/O 0x3f8 (irq = 4) is a 16550A
[    0.533955] isapnp: Scanning for PnP cards...
[    0.669726] serial8250: ttyS1 at I/O 0x2f8 (irq = 3) is a 16550A
[    0.713542] 00:0a: ttyS0 at I/O 0x3f8 (irq = 4) is a 16550A
[    0.801595] 00:0b: ttyS1 at I/O 0x2f8 (irq = 3) is a 16550A
[    0.821644] Linux agpgart interface v0.103
[    0.821712] agpgart-intel 0000:00:00.0: Intel 440BX Chipset
[    0.821809] agpgart-intel 0000:00:00.0: AGP aperture is 256M @ 0x0
[    0.822480] brd: module loaded
[    0.822942] loop: module loaded
[    0.823010] ata_piix 0000:00:07.1: version 2.13
[    0.825425] scsi0 : ata_piix
[    0.825484] scsi1 : ata_piix
[    0.825512] ata1: PATA max UDMA/33 cmd 0x1f0 ctl 0x3f6 bmdma 0x10c0 irq 14
[    0.825515] ata2: PATA max UDMA/33 cmd 0x170 ctl 0x376 bmdma 0x10c8 irq 15
[    0.825585] Fixed MDIO Bus: probed
[    0.825598] tun: Universal TUN/TAP device driver, 1.6
[    0.825600] tun: (C) 1999-2004 Max Krasnyansky <maxk@qualcomm.com>
[    0.825645] PPP generic driver version 2.4.2
[    0.825704] ehci_hcd: USB 2.0 'Enhanced' Host Controller (EHCI) Driver
[    0.825732] ehci_hcd 0000:02:03.0: PCI INT A -> Link[LNKB] -> GSI 11 (level, low) -> IRQ 11
[    0.825771] ehci_hcd 0000:02:03.0: EHCI Host Controller
[    0.825804] ehci_hcd 0000:02:03.0: new USB bus registered, assigned bus number 1
[    0.825872] ehci_hcd 0000:02:03.0: cache line size of 32 is not supported
[    0.825878] ehci_hcd 0000:02:03.0: irq 11, io mem 0xc9000000
[    0.873361] ehci_hcd 0000:02:03.0: USB 2.0 started, EHCI 1.00
[    0.953278] hub 1-0:1.0: USB hub found
[    0.953284] hub 1-0:1.0: 6 ports detected
[    0.953336] ohci_hcd: USB 1.1 'Open' Host Controller (OHCI) Driver
[    0.953351] uhci_hcd: USB Universal Host Controller Interface driver
[    0.953394] uhci_hcd 0000:02:00.0: PCI INT A -> Link[LNKC] -> GSI 10 (level, low) -> IRQ 10
[    0.953433] uhci_hcd 0000:02:00.0: UHCI Host Controller
[    0.953474] uhci_hcd 0000:02:00.0: new USB bus registered, assigned bus number 2
[    0.953581] uhci_hcd 0000:02:00.0: irq 10, io base 0x000020c0
[    0.953697] hub 2-0:1.0: USB hub found
[    0.953701] hub 2-0:1.0: 2 ports detected
[    0.953754] usbcore: registered new interface driver libusual
[    0.953792] i8042: PNP: PS/2 Controller [PNP0303:KBC,PNP0f13:MOUS] at 0x60,0x64 irq 1,12
[    0.954125] serio: i8042 KBD port at 0x60,0x64 irq 1
[    0.954133] serio: i8042 AUX port at 0x60,0x64 irq 12
[    0.954223] mousedev: PS/2 mouse device common for all mice
[    0.954498] rtc_cmos 00:04: rtc core: registered rtc_cmos as rtc0
[    0.954515] rtc0: alarms up to one month, y3k, 114 bytes nvram, hpet irqs
[    0.954557] device-mapper: uevent: version 1.0.3
[    0.954603] device-mapper: ioctl: 4.22.0-ioctl (2011-10-19) initialised: dm-devel@redhat.com
[    0.954625] EISA: Probing bus 0 at eisa.0
[    0.954627] EISA: Cannot allocate resource for mainboard
[    0.954629] Cannot allocate resource for EISA slot 1
[    0.954630] Cannot allocate resource for EISA slot 2
[    0.954632] Cannot allocate resource for EISA slot 3
[    0.954633] Cannot allocate resource for EISA slot 4
[    0.954635] Cannot allocate resource for EISA slot 5
[    0.954636] Cannot allocate resource for EISA slot 6
[    0.954638] Cannot allocate resource for EISA slot 7
[    0.954639] Cannot allocate resource for EISA slot 8
[    0.954641] EISA: Detected 0 cards.
[    0.954648] cpufreq-nforce2: No nForce2 chipset.
[    0.954650] cpuidle: using governor ladder
[    0.954651] cpuidle: using governor menu
[    0.954653] EFI Variables Facility v0.08 2004-May-17
[    0.954706] TCP cubic registered
[    0.954784] NET: Registered protocol family 10
[    0.954837] NET: Registered protocol family 17
[    0.954841] Registering the dns_resolver key type
[    0.954853] Using IPI No-Shortcut mode
[    0.954911] PM: Hibernation image not present or could not be loaded.
[    0.954923] registered taskstats version 1
[    0.955500] input: AT Translated Set 2 keyboard as /devices/platform/i8042/serio0/input/input1
[    0.955703] Freeing initrd memory: 13836k freed
[    1.037125]   Magic number: 13:624:808
[    1.037171] container PNP0A05:00: hash matches
[    1.057099] rtc_cmos 00:04: setting system clock to 2013-05-26 23:46:53 UTC (1369612013)
[    1.057220] ata2.00: ATAPI: VMware Virtual IDE CDROM Drive, 00000001, max UDMA/33
[    1.057553] ata2.00: configured for UDMA/33
[    1.057694] BIOS EDD facility v0.16 2004-Jun-25, 0 devices found
[    1.057696] EDD information not available.
[    1.145113] isapnp: No Plug & Play device found
[    1.145331] scsi 1:0:0:0: CD-ROM            NECVMWar VMware IDE CDR10 1.00 PQ: 0 ANSI: 5
[    1.145976] sr0: scsi3-mmc drive: 306x/306x cd/rw xa/form2 cdda tray
[    1.145979] cdrom: Uniform CD-ROM driver Revision: 3.20
[    1.146076] sr 1:0:0:0: Attached scsi CD-ROM sr0
[    1.146197] sr 1:0:0:0: Attached scsi generic sg0 type 5
[    1.146256] Freeing unused kernel memory: 740k freed
[    1.146309] Write protecting the kernel text: 5816k
[    1.146318] Write protecting the kernel read-only data: 2376k
[    1.146320] NX-protecting the kernel data: 4424k
[    1.156256] udevd[85]: starting version 175
[    1.173592] VMware vmxnet3 virtual NIC driver - version 1.1.29.0-k-NAPI
[    1.177776] VMware PVSCSI driver - version 1.0.1.0-k
[    1.182392] VMware vmxnet virtual NIC driver
[    1.182444] ACPI: PCI Interrupt Link [LNKD] enabled at IRQ 5
[    1.182447] PCI: setting IRQ 5 as level-triggered
[    1.182454] vmxnet 0000:02:01.0: PCI INT A -> Link[LNKD] -> GSI 5 (level, low) -> IRQ 5
[    1.182506] Found vmxnet/PCI at 0x2024, irq 5.
[    1.182559] features:
[    1.182570] numRxBuffers = 100, numRxBuffers2 = 1
[    1.182623] vmxnet 0000:02:01.0: eth0: set_features() failed (-1); wanted 0x00004000, left 0x00004800
[    1.214762] Fusion MPT base driver 3.04.20
[    1.214764] Copyright (c) 1999-2008 LSI Corporation
[    1.214945] Fusion MPT SPI Host driver 3.04.20
[    1.214997] mptspi 0000:00:10.0: PCI INT A -> Link[LNKB] -> GSI 11 (level, low) -> IRQ 11
[    1.223971] Floppy drive(s): fd0 is 1.44M
[    1.224882] mptbase: ioc0: Initiating bringup
[    1.237028] FDC 0 is a post-1991 82077
[    1.268785] usb 2-1: new full-speed USB device number 2 using uhci_hcd
[    1.296820] ioc0: LSI53C1030 B0: Capabilities={Initiator}
[    1.404878] input: VMware VMware Virtual USB Mouse as /devices/pci0000:00/0000:00:11.0/0000:02:00.0/usb2/2-1/2-1:1.0/input/input2
[    1.405087] generic-usb 0003:0E0F:0003.0001: input,hidraw0: USB HID v1.10 Mouse [VMware VMware Virtual USB Mouse] on usb-0000:02:00.0-1/input0
[    1.405652] input: VMware VMware Virtual USB Mouse as /devices/pci0000:00/0000:00:11.0/0000:02:00.0/usb2/2-1/2-1:1.1/input/input3
[    1.405841] generic-usb 0003:0E0F:0003.0002: input,hidraw1: USB HID v1.10 Mouse [VMware VMware Virtual USB Mouse] on usb-0000:02:00.0-1/input1
[    1.405990] usbcore: registered new interface driver usbhid
[    1.405993] usbhid: USB HID core driver
[    1.456679] scsi2 : ioc0: LSI53C1030 B0, FwRev=01032920h, Ports=1, MaxQ=128, IRQ=11
[    1.512386] usb 2-2: new full-speed USB device number 3 using uhci_hcd
[    1.569332] scsi 2:0:0:0: Direct-Access     VMware,  VMware Virtual S 1.0  PQ: 0 ANSI: 2
[    1.569341] scsi target2:0:0: Beginning Domain Validation
[    1.569919] scsi target2:0:0: Domain Validation skipping write tests
[    1.569922] scsi target2:0:0: Ending Domain Validation
[    1.569975] scsi target2:0:0: FAST-40 WIDE SCSI 80.0 MB/s ST (25 ns, offset 127)
[    1.572227] sd 2:0:0:0: [sda] 41943040 512-byte logical blocks: (21.4 GB/20.0 GiB)
[    1.572311] sd 2:0:0:0: [sda] Write Protect is off
[    1.572314] sd 2:0:0:0: [sda] Mode Sense: 61 00 00 00
[    1.572368] sd 2:0:0:0: [sda] Cache data unavailable
[    1.572371] sd 2:0:0:0: [sda] Assuming drive cache: write through
[    1.572648] sd 2:0:0:0: [sda] Cache data unavailable
[    1.572652] sd 2:0:0:0: [sda] Assuming drive cache: write through
[    1.573373] sd 2:0:0:0: Attached scsi generic sg1 type 0
[    1.574037]  sda: sda1 sda2 < sda5 >
[    1.574392] sd 2:0:0:0: [sda] Cache data unavailable
[    1.574395] sd 2:0:0:0: [sda] Assuming drive cache: write through
[    1.574397] sd 2:0:0:0: [sda] Attached SCSI disk
[    1.614907] EXT4-fs (sda1): INFO: recovery required on readonly filesystem
[    1.614910] EXT4-fs (sda1): write access will be enabled during recovery
[    1.652825] hub 2-2:1.0: USB hub found
[    1.654834] hub 2-2:1.0: 7 ports detected
[    1.707602] EXT4-fs (sda1): recovery complete
[    1.708197] EXT4-fs (sda1): mounted filesystem with ordered data mode. Opts: (null)
[    2.812740] ADDRCONF(NETDEV_UP): eth0: link is not ready
[    2.821075] udevd[323]: starting version 175
[    2.864594] lp: driver loaded but no devices found
[    2.895754] Adding 1046524k swap on /dev/sda5.  Priority:-1 extents:1 across:1046524k 
[    2.934995] shpchp: Standard Hot Plug PCI Controller Driver version: 0.4
[    2.945952] EXT4-fs (sda1): re-mounted. Opts: errors=remount-ro
[    2.989821] [390]: VMCI: shared components initialized.
[    2.989844] Probing for vmci/PCI.
[    2.990022] ACPI: PCI Interrupt Link [LNKA] enabled at IRQ 9
[    2.990025] PCI: setting IRQ 9 as level-triggered
[    2.990030] vmci 0000:00:07.7: PCI INT A -> Link[LNKA] -> GSI 9 (level, low) -> IRQ 9
[    2.990069] Found vmci/PCI at 0x1080, irq 9.
[    2.990099] VMCI: using capabilities 0xc.
[    2.990166] [390]: VMCI: Host capability check passed.
[    3.018940] vmci 0000:00:07.7: irq 72 for MSI/MSI-X
[    3.018970] vmci 0000:00:07.7: irq 73 for MSI/MSI-X
[    3.019224] Registered vmci device.
[    3.019321] piix4_smbus 0000:00:07.3: Host SMBus controller not enabled!
[    3.029725] [390]: VMCI: Using guest personality
[    3.029730] [390]: VMCI: host components initialized.
[    3.029794] [390]: VMCI: Module registered (name=vmci,major=10,minor=57).
[    3.029796] [390]: VMCI: Using host personality
[    3.029798] [390]: VMCI: Module (name=vmci) is initialized
[    3.056351] ppdev: user-space parallel port driver
[    3.057133] parport_pc 00:09: reported by Plug and Play ACPI
[    3.057307] parport0: PC-style at 0x378, irq 7 [PCSPP,TRISTATE]
[    3.073338] Bluetooth: Core ver 2.16
[    3.076140] NET: Registered protocol family 31
[    3.076143] Bluetooth: HCI device and connection manager initialized
[    3.076146] Bluetooth: HCI socket layer initialized
[    3.076147] Bluetooth: L2CAP socket layer initialized
[    3.076153] Bluetooth: SCO socket layer initialized
[    3.094416] Bluetooth: BNEP (Ethernet Emulation) ver 1.3
[    3.094419] Bluetooth: BNEP filters: protocol multicast
[    3.154229] lp0: using parport0 (interrupt-driven).
[    3.164532] type=1400 audit(1369612015.606:2): apparmor="STATUS" operation="profile_load" name="/usr/lib/cups/backend/cups-pdf" pid=565 comm="apparmor_parser"
[    3.166351] type=1400 audit(1369612015.610:3): apparmor="STATUS" operation="profile_load" name="/usr/sbin/cupsd" pid=565 comm="apparmor_parser"
[    3.193987] Bluetooth: RFCOMM TTY layer initialized
[    3.193991] Bluetooth: RFCOMM socket layer initialized
[    3.193993] Bluetooth: RFCOMM ver 1.11
[    3.243941] type=1400 audit(1369612015.686:4): apparmor="STATUS" operation="profile_load" name="/sbin/dhclient" pid=594 comm="apparmor_parser"
[    3.244200] type=1400 audit(1369612015.686:5): apparmor="STATUS" operation="profile_load" name="/usr/lib/NetworkManager/nm-dhcp-client.action" pid=594 comm="apparmor_parser"
[    3.244400] type=1400 audit(1369612015.686:6): apparmor="STATUS" operation="profile_load" name="/usr/lib/connman/scripts/dhclient-script" pid=594 comm="apparmor_parser"
[    3.345962] input: ImPS/2 Generic Wheel Mouse as /devices/platform/i8042/serio1/input/input4
[    3.486237] init: failsafe main process (656) killed by TERM signal
[    3.590097] type=1400 audit(1369612016.034:7): apparmor="STATUS" operation="profile_load" name="/usr/lib/lightdm/lightdm/lightdm-guest-session-wrapper" pid=755 comm="apparmor_parser"
[    3.594685] type=1400 audit(1369612016.038:8): apparmor="STATUS" operation="profile_replace" name="/sbin/dhclient" pid=757 comm="apparmor_parser"
[    3.598061] type=1400 audit(1369612016.042:9): apparmor="STATUS" operation="profile_replace" name="/usr/lib/NetworkManager/nm-dhcp-client.action" pid=757 comm="apparmor_parser"
[    3.598288] type=1400 audit(1369612016.042:10): apparmor="STATUS" operation="profile_replace" name="/usr/lib/connman/scripts/dhclient-script" pid=757 comm="apparmor_parser"
[    3.616610] snd_ens1371 0000:02:02.0: PCI INT A -> Link[LNKA] -> GSI 9 (level, low) -> IRQ 9
[    3.876556] init: alsa-restore main process (843) terminated with status 19
