[    0.000000] Initializing cgroup subsys cpuset
[    0.000000] Initializing cgroup subsys cpu
[    0.000000] Linux version 3.2.0-29-generic-pae (buildd@roseapple) (gcc version 4.6.3 (Ubuntu/Linaro 4.6.3-1ubuntu5) ) #46-Ubuntu SMP Fri Jul 27 17:25:43 UTC 2012 (Ubuntu 3.2.0-29.46-generic-pae 3.2.24)
[    0.000000] KERNEL supported cpus:
[    0.000000]   Intel GenuineIntel
[    0.000000]   AMD AuthenticAMD
[    0.000000]   NSC Geode by NSC
[    0.000000]   Cyrix CyrixInstead
[    0.000000]   Centaur CentaurHauls
[    0.000000]   Transmeta GenuineTMx86
[    0.000000]   Transmeta TransmetaCPU
[    0.000000]   UMC UMC UMC UMC
[    0.000000] Disabled fast string operations
[    0.000000] BIOS-provided physical RAM map:
[    0.000000]  BIOS-e820: 0000000000000000 - 000000000009f000 (usable)
[    0.000000]  BIOS-e820: 000000000009f000 - 00000000000a0000 (reserved)
[    0.000000]  BIOS-e820: 00000000000ca000 - 00000000000cc000 (reserved)
[    0.000000]  BIOS-e820: 00000000000dc000 - 0000000000100000 (reserved)
[    0.000000]  BIOS-e820: 0000000000100000 - 000000003fee0000 (usable)
[    0.000000]  BIOS-e820: 000000003fee0000 - 000000003feff000 (ACPI data)
[    0.000000]  BIOS-e820: 000000003feff000 - 000000003ff00000 (ACPI NVS)
[    0.000000]  BIOS-e820: 000000003ff00000 - 0000000040000000 (usable)
[    0.000000]  BIOS-e820: 00000000e0000000 - 00000000f0000000 (reserved)
[    0.000000]  BIOS-e820: 00000000fec00000 - 00000000fec10000 (reserved)
[    0.000000]  BIOS-e820: 00000000fee00000 - 00000000fee01000 (reserved)
[    0.000000]  BIOS-e820: 00000000fffe0000 - 0000000100000000 (reserved)
[    0.000000] NX (Execute Disable) protection: active
[    0.000000] DMI present.
[    0.000000] DMI: VMware, Inc. VMware Virtual Platform/440BX Desktop Reference Platform, BIOS 6.00 07/02/2012
[    0.000000] Hypervisor detected: VMware
[    0.000000] e820 update range: 0000000000000000 - 0000000000010000 (usable) ==> (reserved)
[    0.000000] e820 remove range: 00000000000a0000 - 0000000000100000 (usable)
[    0.000000] last_pfn = 0x40000 max_arch_pfn = 0x1000000
[    0.000000] MTRR default type: uncachable
[    0.000000] MTRR fixed ranges enabled:
[    0.000000]   00000-9FFFF write-back
[    0.000000]   A0000-BFFFF uncachable
[    0.000000]   C0000-CBFFF write-protect
[    0.000000]   CC000-EFFFF uncachable
[    0.000000]   F0000-FFFFF write-protect
[    0.000000] MTRR variable ranges enabled:
[    0.000000]   0 base 0000000000 mask FFC0000000 write-back
[    0.000000]   1 disabled
[    0.000000]   2 disabled
[    0.000000]   3 disabled
[    0.000000]   4 disabled
[    0.000000]   5 disabled
[    0.000000]   6 disabled
[    0.000000]   7 disabled
[    0.000000] x86 PAT enabled: cpu 0, old 0x0, new 0x7010600070106
[    0.000000] found SMP MP-table at [c00f6bf0] f6bf0
[    0.000000] initial memory mapped : 0 - 02000000
[    0.000000] Base memory trampoline at [c009b000] 9b000 size 16384
[    0.000000] init_memory_mapping: 0000000000000000-0000000037bfe000
[    0.000000]  0000000000 - 0000200000 page 4k
[    0.000000]  0000200000 - 0037a00000 page 2M
[    0.000000]  0037a00000 - 0037bfe000 page 4k
[    0.000000] kernel direct mapping tables up to 37bfe000 @ 1ffb000-2000000
[    0.000000] RAMDISK: 364ea000 - 3726d000
[    0.000000] ACPI: RSDP 000f6b80 00024 (v02 PTLTD )
[    0.000000] ACPI: XSDT 3feed636 0005C (v01 INTEL  440BX    06040000 VMW  01324272)
[    0.000000] ACPI: FACP 3fefee98 000F4 (v04 INTEL  440BX    06040000 PTL  000F4240)
[    0.000000] ACPI: DSDT 3feee366 10B32 (v01 PTLTD  Custom   06040000 MSFT 03000001)
[    0.000000] ACPI: FACS 3fefffc0 00040
[    0.000000] ACPI: BOOT 3feee33e 00028 (v01 PTLTD  $SBFTBL$ 06040000  LTP 00000001)
[    0.000000] ACPI: APIC 3feedc3e 003C2 (v01 PTLTD  ? APIC   06040000  LTP 00000000)
[    0.000000] ACPI: MCFG 3feedc02 0003C (v01 PTLTD  $PCITBL$ 06040000  LTP 00000001)
[    0.000000] ACPI: SRAT 3feed732 004D0 (v02 VMWARE MEMPLUG  06040000 VMW  00000001)
[    0.000000] ACPI: HPET 3feed6fa 00038 (v01 VMWARE VMW HPET 06040000 VMW  00000001)
[    0.000000] ACPI: WAET 3feed6d2 00028 (v01 VMWARE VMW WAET 06040000 VMW  00000001)
[    0.000000] ACPI: Local APIC address 0xfee00000
[    0.000000] 132MB HIGHMEM available.
[    0.000000] 891MB LOWMEM available.
[    0.000000]   mapped low ram: 0 - 37bfe000
[    0.000000]   low ram: 0 - 37bfe000
[    0.000000] Zone PFN ranges:
[    0.000000]   DMA      0x00000010 -> 0x00001000
[    0.000000]   Normal   0x00001000 -> 0x00037bfe
[    0.000000]   HighMem  0x00037bfe -> 0x00040000
[    0.000000] Movable zone start PFN for each node
[    0.000000] early_node_map[3] active PFN ranges
[    0.000000]     0: 0x00000010 -> 0x0000009f
[    0.000000]     0: 0x00000100 -> 0x0003fee0
[    0.000000]     0: 0x0003ff00 -> 0x00040000
[    0.000000] On node 0 totalpages: 261999
[    0.000000] free_area_init_node: node 0, pgdat c1866a40, node_mem_map f73fd200
[    0.000000]   DMA zone: 32 pages used for memmap
[    0.000000]   DMA zone: 0 pages reserved
[    0.000000]   DMA zone: 3951 pages, LIFO batch:0
[    0.000000]   Normal zone: 1752 pages used for memmap
[    0.000000]   Normal zone: 222502 pages, LIFO batch:31
[    0.000000]   HighMem zone: 265 pages used for memmap
[    0.000000]   HighMem zone: 33497 pages, LIFO batch:7
[    0.000000] Using APIC driver default
[    0.000000] ACPI: PM-Timer IO Port: 0x1008
[    0.000000] ACPI: Local APIC address 0xfee00000
[    0.000000] ACPI: LAPIC (acpi_id[0x00] lapic_id[0x00] enabled)
[    0.000000] ACPI: LAPIC (acpi_id[0x01] lapic_id[0x02] disabled)
[    0.000000] ACPI: LAPIC (acpi_id[0x02] lapic_id[0x04] disabled)
[    0.000000] ACPI: LAPIC (acpi_id[0x03] lapic_id[0x06] disabled)
[    0.000000] ACPI: LAPIC (acpi_id[0x04] lapic_id[0x08] disabled)
[    0.000000] ACPI: LAPIC (acpi_id[0x05] lapic_id[0x0a] disabled)
[    0.000000] ACPI: LAPIC (acpi_id[0x06] lapic_id[0x0c] disabled)
[    0.000000] ACPI: LAPIC (acpi_id[0x07] lapic_id[0x0e] disabled)
[    0.000000] ACPI: LAPIC (acpi_id[0x08] lapic_id[0x10] disabled)
[    0.000000] ACPI: LAPIC (acpi_id[0x09] lapic_id[0x12] disabled)
[    0.000000] ACPI: LAPIC (acpi_id[0x0a] lapic_id[0x14] disabled)
[    0.000000] ACPI: LAPIC (acpi_id[0x0b] lapic_id[0x16] disabled)
[    0.000000] ACPI: LAPIC (acpi_id[0x0c] lapic_id[0x18] disabled)
[    0.000000] ACPI: LAPIC (acpi_id[0x0d] lapic_id[0x1a] disabled)
[    0.000000] ACPI: LAPIC (acpi_id[0x0e] lapic_id[0x1c] disabled)
[    0.000000] ACPI: LAPIC (acpi_id[0x0f] lapic_id[0x1e] disabled)
[    0.000000] ACPI: LAPIC (acpi_id[0x10] lapic_id[0x20] disabled)
[    0.000000] ACPI: LAPIC (acpi_id[0x11] lapic_id[0x22] disabled)
[    0.000000] ACPI: LAPIC (acpi_id[0x12] lapic_id[0x24] disabled)
[    0.000000] ACPI: LAPIC (acpi_id[0x13] lapic_id[0x26] disabled)
[    0.000000] ACPI: LAPIC (acpi_id[0x14] lapic_id[0x28] disabled)
[    0.000000] ACPI: LAPIC (acpi_id[0x15] lapic_id[0x2a] disabled)
[    0.000000] ACPI: LAPIC (acpi_id[0x16] lapic_id[0x2c] disabled)
[    0.000000] ACPI: LAPIC (acpi_id[0x17] lapic_id[0x2e] disabled)
[    0.000000] ACPI: LAPIC (acpi_id[0x18] lapic_id[0x30] disabled)
[    0.000000] ACPI: LAPIC (acpi_id[0x19] lapic_id[0x32] disabled)
[    0.000000] ACPI: LAPIC (acpi_id[0x1a] lapic_id[0x34] disabled)
[    0.000000] ACPI: LAPIC (acpi_id[0x1b] lapic_id[0x36] disabled)
[    0.000000] ACPI: LAPIC (acpi_id[0x1c] lapic_id[0x38] disabled)
[    0.000000] ACPI: LAPIC (acpi_id[0x1d] lapic_id[0x3a] disabled)
[    0.000000] ACPI: LAPIC (acpi_id[0x1e] lapic_id[0x3c] disabled)
[    0.000000] ACPI: LAPIC (acpi_id[0x1f] lapic_id[0x3e] disabled)
[    0.000000] ACPI: LAPIC (acpi_id[0x20] lapic_id[0x40] disabled)
[    0.000000] ACPI: LAPIC (acpi_id[0x21] lapic_id[0x42] disabled)
[    0.000000] ACPI: LAPIC (acpi_id[0x22] lapic_id[0x44] disabled)
[    0.000000] ACPI: LAPIC (acpi_id[0x23] lapic_id[0x46] disabled)
[    0.000000] ACPI: LAPIC (acpi_id[0x24] lapic_id[0x48] disabled)
[    0.000000] ACPI: LAPIC (acpi_id[0x25] lapic_id[0x4a] disabled)
[    0.000000] ACPI: LAPIC (acpi_id[0x26] lapic_id[0x4c] disabled)
[    0.000000] ACPI: LAPIC (acpi_id[0x27] lapic_id[0x4e] disabled)
[    0.000000] ACPI: LAPIC (acpi_id[0x28] lapic_id[0x50] disabled)
[    0.000000] ACPI: LAPIC (acpi_id[0x29] lapic_id[0x52] disabled)
[    0.000000] ACPI: LAPIC (acpi_id[0x2a] lapic_id[0x54] disabled)
[    0.000000] ACPI: LAPIC (acpi_id[0x2b] lapic_id[0x56] disabled)
[    0.000000] ACPI: LAPIC (acpi_id[0x2c] lapic_id[0x58] disabled)
[    0.000000] ACPI: LAPIC (acpi_id[0x2d] lapic_id[0x5a] disabled)
[    0.000000] ACPI: LAPIC (acpi_id[0x2e] lapic_id[0x5c] disabled)
[    0.000000] ACPI: LAPIC (acpi_id[0x2f] lapic_id[0x5e] disabled)
[    0.000000] ACPI: LAPIC (acpi_id[0x30] lapic_id[0x60] disabled)
[    0.000000] ACPI: LAPIC (acpi_id[0x31] lapic_id[0x62] disabled)
[    0.000000] ACPI: LAPIC (acpi_id[0x32] lapic_id[0x64] disabled)
[    0.000000] ACPI: LAPIC (acpi_id[0x33] lapic_id[0x66] disabled)
[    0.000000] ACPI: LAPIC (acpi_id[0x34] lapic_id[0x68] disabled)
[    0.000000] ACPI: LAPIC (acpi_id[0x35] lapic_id[0x6a] disabled)
[    0.000000] ACPI: LAPIC (acpi_id[0x36] lapic_id[0x6c] disabled)
[    0.000000] ACPI: LAPIC (acpi_id[0x37] lapic_id[0x6e] disabled)
[    0.000000] ACPI: LAPIC (acpi_id[0x38] lapic_id[0x70] disabled)
[    0.000000] ACPI: LAPIC (acpi_id[0x39] lapic_id[0x72] disabled)
[    0.000000] ACPI: LAPIC (acpi_id[0x3a] lapic_id[0x74] disabled)
[    0.000000] ACPI: LAPIC (acpi_id[0x3b] lapic_id[0x76] disabled)
[    0.000000] ACPI: LAPIC (acpi_id[0x3c] lapic_id[0x78] disabled)
[    0.000000] ACPI: LAPIC (acpi_id[0x3d] lapic_id[0x7a] disabled)
[    0.000000] ACPI: LAPIC (acpi_id[0x3e] lapic_id[0x7c] disabled)
[    0.000000] ACPI: LAPIC (acpi_id[0x3f] lapic_id[0x7e] disabled)
[    0.000000] ACPI: LAPIC_NMI (acpi_id[0x00] high edge lint[0x1])
[    0.000000] ACPI: LAPIC_NMI (acpi_id[0x01] high edge lint[0x1])
[    0.000000] ACPI: LAPIC_NMI (acpi_id[0x02] high edge lint[0x1])
[    0.000000] ACPI: LAPIC_NMI (acpi_id[0x03] high edge lint[0x1])
[    0.000000] ACPI: LAPIC_NMI (acpi_id[0x04] high edge lint[0x1])
[    0.000000] ACPI: LAPIC_NMI (acpi_id[0x05] high edge lint[0x1])
[    0.000000] ACPI: LAPIC_NMI (acpi_id[0x06] high edge lint[0x1])
[    0.000000] ACPI: LAPIC_NMI (acpi_id[0x07] high edge lint[0x1])
[    0.000000] ACPI: LAPIC_NMI (acpi_id[0x08] high edge lint[0x1])
[    0.000000] ACPI: LAPIC_NMI (acpi_id[0x09] high edge lint[0x1])
[    0.000000] ACPI: LAPIC_NMI (acpi_id[0x0a] high edge lint[0x1])
[    0.000000] ACPI: LAPIC_NMI (acpi_id[0x0b] high edge lint[0x1])
[    0.000000] ACPI: LAPIC_NMI (acpi_id[0x0c] high edge lint[0x1])
[    0.000000] ACPI: LAPIC_NMI (acpi_id[0x0d] high edge lint[0x1])
[    0.000000] ACPI: LAPIC_NMI (acpi_id[0x0e] high edge lint[0x1])
[    0.000000] ACPI: LAPIC_NMI (acpi_id[0x0f] high edge lint[0x1])
[    0.000000] ACPI: LAPIC_NMI (acpi_id[0x10] high edge lint[0x1])
[    0.000000] ACPI: LAPIC_NMI (acpi_id[0x11] high edge lint[0x1])
[    0.000000] ACPI: LAPIC_NMI (acpi_id[0x12] high edge lint[0x1])
[    0.000000] ACPI: LAPIC_NMI (acpi_id[0x13] high edge lint[0x1])
[    0.000000] ACPI: LAPIC_NMI (acpi_id[0x14] high edge lint[0x1])
[    0.000000] ACPI: LAPIC_NMI (acpi_id[0x15] high edge lint[0x1])
[    0.000000] ACPI: LAPIC_NMI (acpi_id[0x16] high edge lint[0x1])
[    0.000000] ACPI: LAPIC_NMI (acpi_id[0x17] high edge lint[0x1])
[    0.000000] ACPI: LAPIC_NMI (acpi_id[0x18] high edge lint[0x1])
[    0.000000] ACPI: LAPIC_NMI (acpi_id[0x19] high edge lint[0x1])
[    0.000000] ACPI: LAPIC_NMI (acpi_id[0x1a] high edge lint[0x1])
[    0.000000] ACPI: LAPIC_NMI (acpi_id[0x1b] high edge lint[0x1])
[    0.000000] ACPI: LAPIC_NMI (acpi_id[0x1c] high edge lint[0x1])
[    0.000000] ACPI: LAPIC_NMI (acpi_id[0x1d] high edge lint[0x1])
[    0.000000] ACPI: LAPIC_NMI (acpi_id[0x1e] high edge lint[0x1])
[    0.000000] ACPI: LAPIC_NMI (acpi_id[0x1f] high edge lint[0x1])
[    0.000000] ACPI: LAPIC_NMI (acpi_id[0x20] high edge lint[0x1])
[    0.000000] ACPI: LAPIC_NMI (acpi_id[0x21] high edge lint[0x1])
[    0.000000] ACPI: LAPIC_NMI (acpi_id[0x22] high edge lint[0x1])
[    0.000000] ACPI: LAPIC_NMI (acpi_id[0x23] high edge lint[0x1])
[    0.000000] ACPI: LAPIC_NMI (acpi_id[0x24] high edge lint[0x1])
[    0.000000] ACPI: LAPIC_NMI (acpi_id[0x25] high edge lint[0x1])
[    0.000000] ACPI: LAPIC_NMI (acpi_id[0x26] high edge lint[0x1])
[    0.000000] ACPI: LAPIC_NMI (acpi_id[0x27] high edge lint[0x1])
[    0.000000] ACPI: LAPIC_NMI (acpi_id[0x28] high edge lint[0x1])
[    0.000000] ACPI: LAPIC_NMI (acpi_id[0x29] high edge lint[0x1])
[    0.000000] ACPI: LAPIC_NMI (acpi_id[0x2a] high edge lint[0x1])
[    0.000000] ACPI: LAPIC_NMI (acpi_id[0x2b] high edge lint[0x1])
[    0.000000] ACPI: LAPIC_NMI (acpi_id[0x2c] high edge lint[0x1])
[    0.000000] ACPI: LAPIC_NMI (acpi_id[0x2d] high edge lint[0x1])
[    0.000000] ACPI: LAPIC_NMI (acpi_id[0x2e] high edge lint[0x1])
[    0.000000] ACPI: LAPIC_NMI (acpi_id[0x2f] high edge lint[0x1])
[    0.000000] ACPI: LAPIC_NMI (acpi_id[0x30] high edge lint[0x1])
[    0.000000] ACPI: LAPIC_NMI (acpi_id[0x31] high edge lint[0x1])
[    0.000000] ACPI: LAPIC_NMI (acpi_id[0x32] high edge lint[0x1])
[    0.000000] ACPI: LAPIC_NMI (acpi_id[0x33] high edge lint[0x1])
[    0.000000] ACPI: LAPIC_NMI (acpi_id[0x34] high edge lint[0x1])
[    0.000000] ACPI: LAPIC_NMI (acpi_id[0x35] high edge lint[0x1])
[    0.000000] ACPI: LAPIC_NMI (acpi_id[0x36] high edge lint[0x1])
[    0.000000] ACPI: LAPIC_NMI (acpi_id[0x37] high edge lint[0x1])
[    0.000000] ACPI: LAPIC_NMI (acpi_id[0x38] high edge lint[0x1])
[    0.000000] ACPI: LAPIC_NMI (acpi_id[0x39] high edge lint[0x1])
[    0.000000] ACPI: LAPIC_NMI (acpi_id[0x3a] high edge lint[0x1])
[    0.000000] ACPI: LAPIC_NMI (acpi_id[0x3b] high edge lint[0x1])
[    0.000000] ACPI: LAPIC_NMI (acpi_id[0x3c] high edge lint[0x1])
[    0.000000] ACPI: LAPIC_NMI (acpi_id[0x3d] high edge lint[0x1])
[    0.000000] ACPI: LAPIC_NMI (acpi_id[0x3e] high edge lint[0x1])
[    0.000000] ACPI: LAPIC_NMI (acpi_id[0x3f] high edge lint[0x1])
[    0.000000] ACPI: Skipping IOAPIC probe due to 'noapic' option.
[    0.000000] Using ACPI for processor (LAPIC) configuration information
[    0.000000] ACPI: HPET id: 0x8086af01 base: 0xfed00000
[    0.000000] Intel MultiProcessor Specification v1.4
[    0.000000]     Virtual Wire compatibility mode.
[    0.000000] MPTABLE: OEM ID: INTEL   
[    0.000000] MPTABLE: Product ID: 440BX       
[    0.000000] MPTABLE: APIC at: 0xFEE00000
[    0.000000] IOAPIC[0]: apic_id 1, version 17, address 0xfec00000, GSI 0-23
[    0.000000] Processors: 1
[    0.000000] SMP: Allowing 1 CPUs, 0 hotplug CPUs
[    0.000000] nr_irqs_gsi: 40
[    0.000000] PM: Registered nosave memory: 000000000009f000 - 00000000000a0000
[    0.000000] PM: Registered nosave memory: 00000000000a0000 - 00000000000ca000
[    0.000000] PM: Registered nosave memory: 00000000000ca000 - 00000000000cc000
[    0.000000] PM: Registered nosave memory: 00000000000cc000 - 00000000000dc000
[    0.000000] PM: Registered nosave memory: 00000000000dc000 - 0000000000100000
[    0.000000] Allocating PCI resources starting at 40000000 (gap: 40000000:a0000000)
[    0.000000] Booting paravirtualized kernel on bare hardware
[    0.000000] setup_percpu: NR_CPUS:8 nr_cpumask_bits:8 nr_cpu_ids:1 nr_node_ids:1
[    0.000000] PERCPU: Embedded 14 pages/cpu @f73e8000 s34240 r0 d23104 u57344
[    0.000000] pcpu-alloc: s34240 r0 d23104 u57344 alloc=14*4096
[    0.000000] pcpu-alloc: [0] 0 
[    0.000000] Built 1 zonelists in Zone order, mobility grouping on.  Total pages: 259950
[    0.000000] Kernel command line: BOOT_IMAGE=/boot/vmlinuz-3.2.0-29-generic-pae root=UUID=007b598c-390d-4c65-84a1-4ff752d48633 ro quiet splash maxcpus=0
[    0.000000] PID hash table entries: 4096 (order: 2, 16384 bytes)
[    0.000000] Dentry cache hash table entries: 131072 (order: 7, 524288 bytes)
[    0.000000] Inode-cache hash table entries: 65536 (order: 6, 262144 bytes)
[    0.000000] Initializing CPU#0
[    0.000000] xsave/xrstor: enabled xstate_bv 0x7, cntxt size 0x340
[    0.000000] allocated 4194048 bytes of page_cgroup
[    0.000000] please try 'cgroup_disable=memory' option if you don't want memory cgroups
[    0.000000] Initializing HighMem for node 0 (00037bfe:00040000)
[    0.000000] Memory: 1010624k/1048576k available (5814k kernel code, 37372k reserved, 2841k data, 740k init, 135048k highmem)
[    0.000000] virtual kernel memory layout:
[    0.000000]     fixmap  : 0xfff16000 - 0xfffff000   ( 932 kB)
[    0.000000]     pkmap   : 0xffc00000 - 0xffe00000   (2048 kB)
[    0.000000]     vmalloc : 0xf83fe000 - 0xffbfe000   ( 120 MB)
[    0.000000]     lowmem  : 0xc0000000 - 0xf7bfe000   ( 891 MB)
[    0.000000]       .init : 0xc1875000 - 0xc192e000   ( 740 kB)
[    0.000000]       .data : 0xc15adb64 - 0xc1874240   (2841 kB)
[    0.000000]       .text : 0xc1000000 - 0xc15adb64   (5814 kB)
[    0.000000] Checking if this processor honours the WP bit even in supervisor mode...Ok.
[    0.000000] SLUB: Genslabs=15, HWalign=64, Order=0-3, MinObjects=0, CPUs=1, Nodes=1
[    0.000000] Hierarchical RCU implementation.
[    0.000000] 	RCU dyntick-idle grace-period acceleration is enabled.
[    0.000000] NR_IRQS:2304 nr_irqs:256 16
[    0.000000] CPU 0 irqstacks, hard=f5c08000 soft=f5c0a000
[    0.000000] Extended CMOS year: 2000
[    0.000000] Console: colour VGA+ 80x25
[    0.000000] console [tty0] enabled
[    0.000000] hpet clockevent registered
[    0.000000] TSC freq read from hypervisor : 2394.620 MHz
[    0.000000] Detected 2394.620 MHz processor.
[    0.000001] Calibrating delay loop (skipped) preset value.. 4789.24 BogoMIPS (lpj=9578480)
[    0.000004] pid_max: default: 32768 minimum: 301
[    0.000033] Security Framework initialized
[    0.000048] AppArmor: AppArmor initialized
[    0.000049] Yama: becoming mindful.
[    0.000085] Mount-cache hash table entries: 512
[    0.000164] Initializing cgroup subsys cpuacct
[    0.000168] Initializing cgroup subsys memory
[    0.000172] Initializing cgroup subsys devices
[    0.000174] Initializing cgroup subsys freezer
[    0.000175] Initializing cgroup subsys blkio
[    0.000180] Initializing cgroup subsys perf_event
[    0.000223] Disabled fast string operations
[    0.000227] CPU: Physical Processor ID: 0
[    0.000236] ENERGY_PERF_BIAS: Set to 'normal', was 'performance'
[    0.000237] ENERGY_PERF_BIAS: View and update with x86_energy_perf_policy(8)
[    0.000901] mce: CPU supports 0 MCE banks
[    0.001653] SMP alternatives: switching to UP code
[    0.021678] Freeing SMP alternatives: 24k freed
[    0.021684] ACPI: Core revision 20110623
[    0.029224] ACPI: setting ELCR to 0200 (from 0e20)
[    0.030393] ftrace: allocating 26545 entries in 52 pages
[    0.050743] SMP mode deactivated.
[    0.050771] SMP disabled
[    0.050773] Performance Events: generic architected perfmon v1, core PMU driver.
[    0.050784] ... version:                1
[    0.050785] ... bit width:              48
[    0.050786] ... generic registers:      4
[    0.050787] ... value mask:             0000ffffffffffff
[    0.050788] ... max period:             000000007fffffff
[    0.050789] ... fixed-purpose events:   0
[    0.050790] ... event mask:             000000000000000f
[    0.050902] NMI watchdog enabled, takes one hw-pmu counter.
[    0.050924] Brought up 1 CPUs
[    0.050925] Total of 1 processors activated (4789.24 BogoMIPS).
[    0.051052] devtmpfs: initialized
[    0.051121] EVM: security.selinux
[    0.051122] EVM: security.SMACK64
[    0.051123] EVM: security.capability
[    0.051148] PM: Registering ACPI NVS region at 3feff000 (4096 bytes)
[    0.051846] print_constraints: dummy: 
[    0.051947] RTC time: 10:15:39, date: 05/27/13
[    0.051976] NET: Registered protocol family 16
[    0.052049] EISA bus registered
[    0.052059] ACPI: bus type pci registered
[    0.052170] PCI: MMCONFIG for domain 0000 [bus 00-ff] at [mem 0xe0000000-0xefffffff] (base 0xe0000000)
[    0.052172] PCI: MMCONFIG at [mem 0xe0000000-0xefffffff] reserved in E820
[    0.052174] PCI: Using MMCONFIG for extended config space
[    0.052175] PCI: Using configuration type 1 for base access
[    0.052838] bio: create slab <bio-0> at 0
[    0.052901] ACPI: Added _OSI(Module Device)
[    0.052902] ACPI: Added _OSI(Processor Device)
[    0.052904] ACPI: Added _OSI(3.0 _SCP Extensions)
[    0.052905] ACPI: Added _OSI(Processor Aggregator Device)
[    0.055017] ACPI: EC: Look up EC in DSDT
[    0.059497] [Firmware Bug]: ACPI: BIOS _OSI(Linux) query ignored
[    0.067494] ACPI: Interpreter enabled
[    0.067502] ACPI: (supports S0 S1 S4 S5)
[    0.067512] ACPI: Using PIC for interrupt routing
[    0.113201] ACPI: No dock devices found.
[    0.113204] HEST: Table not found.
[    0.113209] PCI: Using host bridge windows from ACPI; if necessary, use "pci=nocrs" and report a bug
[    0.113893] ACPI: PCI Root Bridge [PCI0] (domain 0000 [bus 00-ff])
[    0.115095] pci_root PNP0A03:00: host bridge window [mem 0x000a0000-0x000bffff]
[    0.115097] pci_root PNP0A03:00: host bridge window [mem 0x000cc000-0x000cffff]
[    0.115098] pci_root PNP0A03:00: host bridge window [mem 0x000d0000-0x000d3fff]
[    0.115100] pci_root PNP0A03:00: host bridge window [mem 0x000d4000-0x000d7fff]
[    0.115101] pci_root PNP0A03:00: host bridge window [mem 0x000d8000-0x000dbfff]
[    0.115103] pci_root PNP0A03:00: host bridge window [mem 0xc0000000-0xfebfffff]
[    0.115105] pci_root PNP0A03:00: host bridge window [io  0x0000-0x0cf7]
[    0.115106] pci_root PNP0A03:00: host bridge window [io  0x0d00-0xfeff]
[    0.115160] pci 0000:00:00.0: [8086:7190] type 0 class 0x000600
[    0.115614] pci 0000:00:01.0: [8086:7191] type 1 class 0x000604
[    0.116048] pci 0000:00:07.0: [8086:7110] type 0 class 0x000601
[    0.116718] pci 0000:00:07.1: [8086:7111] type 0 class 0x000101
[    0.118243] pci 0000:00:07.1: reg 20: [io  0x10c0-0x10cf]
[    0.118995] pci 0000:00:07.3: [8086:7113] type 0 class 0x000680
[    0.120698] pci 0000:00:07.3: quirk: [io  0x1000-0x103f] claimed by PIIX4 ACPI
[    0.120711] pci 0000:00:07.3: quirk: [io  0x1040-0x104f] claimed by PIIX4 SMB
[    0.120965] pci 0000:00:07.7: [15ad:0740] type 0 class 0x000880
[    0.121454] pci 0000:00:07.7: reg 10: [io  0x1080-0x10bf]
[    0.122052] pci 0000:00:07.7: reg 14: [mem 0xc8000000-0xc8001fff 64bit]
[    0.124335] pci 0000:00:0f.0: [15ad:0405] type 0 class 0x000300
[    0.126392] pci 0000:00:0f.0: reg 10: [io  0x10d0-0x10df]
[    0.128384] pci 0000:00:0f.0: reg 14: [mem 0xd0000000-0xd7ffffff pref]
[    0.130352] pci 0000:00:0f.0: reg 18: [mem 0xc8800000-0xc8ffffff]
[    0.138198] pci 0000:00:0f.0: reg 30: [mem 0x00000000-0x00007fff pref]
[    0.138512] pci 0000:00:10.0: [1000:0030] type 0 class 0x000100
[    0.139084] pci 0000:00:10.0: reg 10: [io  0x1400-0x14ff]
[    0.139831] pci 0000:00:10.0: reg 14: [mem 0xc8040000-0xc805ffff 64bit]
[    0.140556] pci 0000:00:10.0: reg 1c: [mem 0xc8020000-0xc803ffff 64bit]
[    0.141621] pci 0000:00:10.0: reg 30: [mem 0x00000000-0x00003fff pref]
[    0.141786] pci 0000:00:11.0: [15ad:0790] type 1 class 0x000604
[    0.142648] pci 0000:00:15.0: [15ad:07a0] type 1 class 0x000604
[    0.143496] pci 0000:00:15.0: PME# supported from D0 D3hot D3cold
[    0.143523] pci 0000:00:15.0: PME# disabled
[    0.143818] pci 0000:00:15.1: [15ad:07a0] type 1 class 0x000604
[    0.144663] pci 0000:00:15.1: PME# supported from D0 D3hot D3cold
[    0.144690] pci 0000:00:15.1: PME# disabled
[    0.144953] pci 0000:00:15.2: [15ad:07a0] type 1 class 0x000604
[    0.145796] pci 0000:00:15.2: PME# supported from D0 D3hot D3cold
[    0.145833] pci 0000:00:15.2: PME# disabled
[    0.146098] pci 0000:00:15.3: [15ad:07a0] type 1 class 0x000604
[    0.146993] pci 0000:00:15.3: PME# supported from D0 D3hot D3cold
[    0.147020] pci 0000:00:15.3: PME# disabled
[    0.147283] pci 0000:00:15.4: [15ad:07a0] type 1 class 0x000604
[    0.148154] pci 0000:00:15.4: PME# supported from D0 D3hot D3cold
[    0.148181] pci 0000:00:15.4: PME# disabled
[    0.148454] pci 0000:00:15.5: [15ad:07a0] type 1 class 0x000604
[    0.149306] pci 0000:00:15.5: PME# supported from D0 D3hot D3cold
[    0.149332] pci 0000:00:15.5: PME# disabled
[    0.149595] pci 0000:00:15.6: [15ad:07a0] type 1 class 0x000604
[    0.150552] pci 0000:00:15.6: PME# supported from D0 D3hot D3cold
[    0.150580] pci 0000:00:15.6: PME# disabled
[    0.150845] pci 0000:00:15.7: [15ad:07a0] type 1 class 0x000604
[    0.151701] pci 0000:00:15.7: PME# supported from D0 D3hot D3cold
[    0.151727] pci 0000:00:15.7: PME# disabled
[    0.152009] pci 0000:00:16.0: [15ad:07a0] type 1 class 0x000604
[    0.152860] pci 0000:00:16.0: PME# supported from D0 D3hot D3cold
[    0.152887] pci 0000:00:16.0: PME# disabled
[    0.153151] pci 0000:00:16.1: [15ad:07a0] type 1 class 0x000604
[    0.153996] pci 0000:00:16.1: PME# supported from D0 D3hot D3cold
[    0.154022] pci 0000:00:16.1: PME# disabled
[    0.154263] pci 0000:00:16.2: [15ad:07a0] type 1 class 0x000604
[    0.155041] pci 0000:00:16.2: PME# supported from D0 D3hot D3cold
[    0.155065] pci 0000:00:16.2: PME# disabled
[    0.155304] pci 0000:00:16.3: [15ad:07a0] type 1 class 0x000604
[    0.156103] pci 0000:00:16.3: PME# supported from D0 D3hot D3cold
[    0.156126] pci 0000:00:16.3: PME# disabled
[    0.156365] pci 0000:00:16.4: [15ad:07a0] type 1 class 0x000604
[    0.157137] pci 0000:00:16.4: PME# supported from D0 D3hot D3cold
[    0.157161] pci 0000:00:16.4: PME# disabled
[    0.157406] pci 0000:00:16.5: [15ad:07a0] type 1 class 0x000604
[    0.158275] pci 0000:00:16.5: PME# supported from D0 D3hot D3cold
[    0.158305] pci 0000:00:16.5: PME# disabled
[    0.158591] pci 0000:00:16.6: [15ad:07a0] type 1 class 0x000604
[    0.159436] pci 0000:00:16.6: PME# supported from D0 D3hot D3cold
[    0.159466] pci 0000:00:16.6: PME# disabled
[    0.159772] pci 0000:00:16.7: [15ad:07a0] type 1 class 0x000604
[    0.160782] pci 0000:00:16.7: PME# supported from D0 D3hot D3cold
[    0.160822] pci 0000:00:16.7: PME# disabled
[    0.161119] pci 0000:00:17.0: [15ad:07a0] type 1 class 0x000604
[    0.162039] pci 0000:00:17.0: PME# supported from D0 D3hot D3cold
[    0.162069] pci 0000:00:17.0: PME# disabled
[    0.162372] pci 0000:00:17.1: [15ad:07a0] type 1 class 0x000604
[    0.163264] pci 0000:00:17.1: PME# supported from D0 D3hot D3cold
[    0.163292] pci 0000:00:17.1: PME# disabled
[    0.163574] pci 0000:00:17.2: [15ad:07a0] type 1 class 0x000604
[    0.164497] pci 0000:00:17.2: PME# supported from D0 D3hot D3cold
[    0.164527] pci 0000:00:17.2: PME# disabled
[    0.164816] pci 0000:00:17.3: [15ad:07a0] type 1 class 0x000604
[    0.165711] pci 0000:00:17.3: PME# supported from D0 D3hot D3cold
[    0.165739] pci 0000:00:17.3: PME# disabled
[    0.166029] pci 0000:00:17.4: [15ad:07a0] type 1 class 0x000604
[    0.166945] pci 0000:00:17.4: PME# supported from D0 D3hot D3cold
[    0.166975] pci 0000:00:17.4: PME# disabled
[    0.167266] pci 0000:00:17.5: [15ad:07a0] type 1 class 0x000604
[    0.168149] pci 0000:00:17.5: PME# supported from D0 D3hot D3cold
[    0.168176] pci 0000:00:17.5: PME# disabled
[    0.168415] pci 0000:00:17.6: [15ad:07a0] type 1 class 0x000604
[    0.169174] pci 0000:00:17.6: PME# supported from D0 D3hot D3cold
[    0.169200] pci 0000:00:17.6: PME# disabled
[    0.169437] pci 0000:00:17.7: [15ad:07a0] type 1 class 0x000604
[    0.170223] pci 0000:00:17.7: PME# supported from D0 D3hot D3cold
[    0.170248] pci 0000:00:17.7: PME# disabled
[    0.170486] pci 0000:00:18.0: [15ad:07a0] type 1 class 0x000604
[    0.171242] pci 0000:00:18.0: PME# supported from D0 D3hot D3cold
[    0.171263] pci 0000:00:18.0: PME# disabled
[    0.171496] pci 0000:00:18.1: [15ad:07a0] type 1 class 0x000604
[    0.172276] pci 0000:00:18.1: PME# supported from D0 D3hot D3cold
[    0.172299] pci 0000:00:18.1: PME# disabled
[    0.172535] pci 0000:00:18.2: [15ad:07a0] type 1 class 0x000604
[    0.173301] pci 0000:00:18.2: PME# supported from D0 D3hot D3cold
[    0.173326] pci 0000:00:18.2: PME# disabled
[    0.173566] pci 0000:00:18.3: [15ad:07a0] type 1 class 0x000604
[    0.174325] pci 0000:00:18.3: PME# supported from D0 D3hot D3cold
[    0.174348] pci 0000:00:18.3: PME# disabled
[    0.174587] pci 0000:00:18.4: [15ad:07a0] type 1 class 0x000604
[    0.175357] pci 0000:00:18.4: PME# supported from D0 D3hot D3cold
[    0.175379] pci 0000:00:18.4: PME# disabled
[    0.175623] pci 0000:00:18.5: [15ad:07a0] type 1 class 0x000604
[    0.176411] pci 0000:00:18.5: PME# supported from D0 D3hot D3cold
[    0.176433] pci 0000:00:18.5: PME# disabled
[    0.176668] pci 0000:00:18.6: [15ad:07a0] type 1 class 0x000604
[    0.177480] pci 0000:00:18.6: PME# supported from D0 D3hot D3cold
[    0.177502] pci 0000:00:18.6: PME# disabled
[    0.177741] pci 0000:00:18.7: [15ad:07a0] type 1 class 0x000604
[    0.178588] pci 0000:00:18.7: PME# supported from D0 D3hot D3cold
[    0.178615] pci 0000:00:18.7: PME# disabled
[    0.179288] pci 0000:00:01.0: PCI bridge to [bus 01-01]
[    0.179639] pci 0000:02:00.0: [15ad:0774] type 0 class 0x000c03
[    0.181556] pci 0000:02:00.0: reg 20: [io  0x20c0-0x20df]
[    0.182453] pci 0000:02:01.0: [1022:2000] type 0 class 0x000200
[    0.182861] pci 0000:02:01.0: reg 10: [io  0x2000-0x207f]
[    0.185151] pci 0000:02:01.0: reg 30: [mem 0x00000000-0x0000ffff pref]
[    0.185298] pci 0000:02:02.0: [1274:1371] type 0 class 0x000401
[    0.185777] pci 0000:02:02.0: reg 10: [io  0x2080-0x20bf]
[    0.188615] pci 0000:02:03.0: [15ad:0770] type 0 class 0x000c03
[    0.188998] pci 0000:02:03.0: reg 10: [mem 0xc9000000-0xc9000fff]
[    0.191345] pci 0000:00:11.0: PCI bridge to [bus 02-02] (subtractive decode)
[    0.191372] pci 0000:00:11.0:   bridge window [io  0x2000-0x3fff]
[    0.191399] pci 0000:00:11.0:   bridge window [mem 0xc9000000-0xca3fffff]
[    0.191448] pci 0000:00:11.0:   bridge window [mem 0xd8400000-0xd89fffff 64bit pref]
[    0.191451] pci 0000:00:11.0:   bridge window [mem 0x000a0000-0x000bffff] (subtractive decode)
[    0.191454] pci 0000:00:11.0:   bridge window [mem 0x000cc000-0x000cffff] (subtractive decode)
[    0.191456] pci 0000:00:11.0:   bridge window [mem 0x000d0000-0x000d3fff] (subtractive decode)
[    0.191459] pci 0000:00:11.0:   bridge window [mem 0x000d4000-0x000d7fff] (subtractive decode)
[    0.191461] pci 0000:00:11.0:   bridge window [mem 0x000d8000-0x000dbfff] (subtractive decode)
[    0.191464] pci 0000:00:11.0:   bridge window [mem 0xc0000000-0xfebfffff] (subtractive decode)
[    0.191467] pci 0000:00:11.0:   bridge window [io  0x0000-0x0cf7] (subtractive decode)
[    0.191469] pci 0000:00:11.0:   bridge window [io  0x0d00-0xfeff] (subtractive decode)
[    0.192008] pci 0000:00:15.0: PCI bridge to [bus 03-03]
[    0.192033] pci 0000:00:15.0:   bridge window [io  0x4000-0x4fff]
[    0.192059] pci 0000:00:15.0:   bridge window [mem 0xca400000-0xca4fffff]
[    0.192108] pci 0000:00:15.0:   bridge window [mem 0xd8a00000-0xd8afffff 64bit pref]
[    0.192620] pci 0000:00:15.1: PCI bridge to [bus 04-04]
[    0.192645] pci 0000:00:15.1:   bridge window [io  0x8000-0x8fff]
[    0.192672] pci 0000:00:15.1:   bridge window [mem 0xca800000-0xca8fffff]
[    0.192721] pci 0000:00:15.1:   bridge window [mem 0xd8e00000-0xd8efffff 64bit pref]
[    0.193237] pci 0000:00:15.2: PCI bridge to [bus 05-05]
[    0.193262] pci 0000:00:15.2:   bridge window [io  0xc000-0xcfff]
[    0.193288] pci 0000:00:15.2:   bridge window [mem 0xcac00000-0xcacfffff]
[    0.193337] pci 0000:00:15.2:   bridge window [mem 0xd9200000-0xd92fffff 64bit pref]
[    0.193859] pci 0000:00:15.3: PCI bridge to [bus 06-06]
[    0.193907] pci 0000:00:15.3:   bridge window [mem 0xcb000000-0xcb0fffff]
[    0.193957] pci 0000:00:15.3:   bridge window [mem 0xd9600000-0xd96fffff 64bit pref]
[    0.194467] pci 0000:00:15.4: PCI bridge to [bus 07-07]
[    0.194515] pci 0000:00:15.4:   bridge window [mem 0xcb400000-0xcb4fffff]
[    0.194564] pci 0000:00:15.4:   bridge window [mem 0xd9a00000-0xd9afffff 64bit pref]
[    0.195082] pci 0000:00:15.5: PCI bridge to [bus 08-08]
[    0.195129] pci 0000:00:15.5:   bridge window [mem 0xcb800000-0xcb8fffff]
[    0.195179] pci 0000:00:15.5:   bridge window [mem 0xd9e00000-0xd9efffff 64bit pref]
[    0.195685] pci 0000:00:15.6: PCI bridge to [bus 09-09]
[    0.195758] pci 0000:00:15.6:   bridge window [mem 0xcbc00000-0xcbcfffff]
[    0.195808] pci 0000:00:15.6:   bridge window [mem 0xda200000-0xda2fffff 64bit pref]
[    0.196316] pci 0000:00:15.7: PCI bridge to [bus 0a-0a]
[    0.196363] pci 0000:00:15.7:   bridge window [mem 0xcc000000-0xcc0fffff]
[    0.196413] pci 0000:00:15.7:   bridge window [mem 0xda600000-0xda6fffff 64bit pref]
[    0.196944] pci 0000:00:16.0: PCI bridge to [bus 0b-0b]
[    0.196968] pci 0000:00:16.0:   bridge window [io  0x5000-0x5fff]
[    0.196994] pci 0000:00:16.0:   bridge window [mem 0xca500000-0xca5fffff]
[    0.197042] pci 0000:00:16.0:   bridge window [mem 0xd8b00000-0xd8bfffff 64bit pref]
[    0.197550] pci 0000:00:16.1: PCI bridge to [bus 0c-0c]
[    0.197576] pci 0000:00:16.1:   bridge window [io  0x9000-0x9fff]
[    0.197600] pci 0000:00:16.1:   bridge window [mem 0xca900000-0xca9fffff]
[    0.197649] pci 0000:00:16.1:   bridge window [mem 0xd8f00000-0xd8ffffff 64bit pref]
[    0.198166] pci 0000:00:16.2: PCI bridge to [bus 0d-0d]
[    0.198190] pci 0000:00:16.2:   bridge window [io  0xd000-0xdfff]
[    0.198216] pci 0000:00:16.2:   bridge window [mem 0xcad00000-0xcadfffff]
[    0.198265] pci 0000:00:16.2:   bridge window [mem 0xd9300000-0xd93fffff 64bit pref]
[    0.198785] pci 0000:00:16.3: PCI bridge to [bus 0e-0e]
[    0.198833] pci 0000:00:16.3:   bridge window [mem 0xcb100000-0xcb1fffff]
[    0.198881] pci 0000:00:16.3:   bridge window [mem 0xd9700000-0xd97fffff 64bit pref]
[    0.199389] pci 0000:00:16.4: PCI bridge to [bus 0f-0f]
[    0.199437] pci 0000:00:16.4:   bridge window [mem 0xcb500000-0xcb5fffff]
[    0.199487] pci 0000:00:16.4:   bridge window [mem 0xd9b00000-0xd9bfffff 64bit pref]
[    0.200019] pci 0000:00:16.5: PCI bridge to [bus 10-10]
[    0.200066] pci 0000:00:16.5:   bridge window [mem 0xcb900000-0xcb9fffff]
[    0.200114] pci 0000:00:16.5:   bridge window [mem 0xd9f00000-0xd9ffffff 64bit pref]
[    0.200623] pci 0000:00:16.6: PCI bridge to [bus 11-11]
[    0.200671] pci 0000:00:16.6:   bridge window [mem 0xcbd00000-0xcbdfffff]
[    0.200719] pci 0000:00:16.6:   bridge window [mem 0xda300000-0xda3fffff 64bit pref]
[    0.201233] pci 0000:00:16.7: PCI bridge to [bus 12-12]
[    0.201281] pci 0000:00:16.7:   bridge window [mem 0xcc100000-0xcc1fffff]
[    0.201330] pci 0000:00:16.7:   bridge window [mem 0xda700000-0xda7fffff 64bit pref]
[    0.201849] pci 0000:00:17.0: PCI bridge to [bus 13-13]
[    0.201874] pci 0000:00:17.0:   bridge window [io  0x6000-0x6fff]
[    0.201899] pci 0000:00:17.0:   bridge window [mem 0xca600000-0xca6fffff]
[    0.201947] pci 0000:00:17.0:   bridge window [mem 0xd8c00000-0xd8cfffff 64bit pref]
[    0.202456] pci 0000:00:17.1: PCI bridge to [bus 14-14]
[    0.202481] pci 0000:00:17.1:   bridge window [io  0xa000-0xafff]
[    0.202506] pci 0000:00:17.1:   bridge window [mem 0xcaa00000-0xcaafffff]
[    0.202555] pci 0000:00:17.1:   bridge window [mem 0xd9000000-0xd90fffff 64bit pref]
[    0.203072] pci 0000:00:17.2: PCI bridge to [bus 15-15]
[    0.203096] pci 0000:00:17.2:   bridge window [io  0xe000-0xefff]
[    0.203122] pci 0000:00:17.2:   bridge window [mem 0xcae00000-0xcaefffff]
[    0.203171] pci 0000:00:17.2:   bridge window [mem 0xd9400000-0xd94fffff 64bit pref]
[    0.203696] pci 0000:00:17.3: PCI bridge to [bus 16-16]
[    0.203756] pci 0000:00:17.3:   bridge window [mem 0xcb200000-0xcb2fffff]
[    0.203806] pci 0000:00:17.3:   bridge window [mem 0xd9800000-0xd98fffff 64bit pref]
[    0.204314] pci 0000:00:17.4: PCI bridge to [bus 17-17]
[    0.204363] pci 0000:00:17.4:   bridge window [mem 0xcb600000-0xcb6fffff]
[    0.204412] pci 0000:00:17.4:   bridge window [mem 0xd9c00000-0xd9cfffff 64bit pref]
[    0.204920] pci 0000:00:17.5: PCI bridge to [bus 18-18]
[    0.204968] pci 0000:00:17.5:   bridge window [mem 0xcba00000-0xcbafffff]
[    0.205016] pci 0000:00:17.5:   bridge window [mem 0xda000000-0xda0fffff 64bit pref]
[    0.205524] pci 0000:00:17.6: PCI bridge to [bus 19-19]
[    0.205573] pci 0000:00:17.6:   bridge window [mem 0xcbe00000-0xcbefffff]
[    0.205621] pci 0000:00:17.6:   bridge window [mem 0xda400000-0xda4fffff 64bit pref]
[    0.206139] pci 0000:00:17.7: PCI bridge to [bus 1a-1a]
[    0.206187] pci 0000:00:17.7:   bridge window [mem 0xcc200000-0xcc2fffff]
[    0.206236] pci 0000:00:17.7:   bridge window [mem 0xda800000-0xda8fffff 64bit pref]
[    0.206770] pci 0000:00:18.0: PCI bridge to [bus 1b-1b]
[    0.206795] pci 0000:00:18.0:   bridge window [io  0x7000-0x7fff]
[    0.206821] pci 0000:00:18.0:   bridge window [mem 0xca700000-0xca7fffff]
[    0.206870] pci 0000:00:18.0:   bridge window [mem 0xd8d00000-0xd8dfffff 64bit pref]
[    0.207379] pci 0000:00:18.1: PCI bridge to [bus 1c-1c]
[    0.207404] pci 0000:00:18.1:   bridge window [io  0xb000-0xbfff]
[    0.207430] pci 0000:00:18.1:   bridge window [mem 0xcab00000-0xcabfffff]
[    0.207479] pci 0000:00:18.1:   bridge window [mem 0xd9100000-0xd91fffff 64bit pref]
[    0.207985] pci 0000:00:18.2: PCI bridge to [bus 1d-1d]
[    0.208010] pci 0000:00:18.2:   bridge window [io  0xf000-0xffff]
[    0.208035] pci 0000:00:18.2:   bridge window [mem 0xcaf00000-0xcaffffff]
[    0.208080] pci 0000:00:18.2:   bridge window [mem 0xd9500000-0xd95fffff 64bit pref]
[    0.208544] pci 0000:00:18.3: PCI bridge to [bus 1e-1e]
[    0.208583] pci 0000:00:18.3:   bridge window [mem 0xcb300000-0xcb3fffff]
[    0.208629] pci 0000:00:18.3:   bridge window [mem 0xd9900000-0xd99fffff 64bit pref]
[    0.209098] pci 0000:00:18.4: PCI bridge to [bus 1f-1f]
[    0.209145] pci 0000:00:18.4:   bridge window [mem 0xcb700000-0xcb7fffff]
[    0.209185] pci 0000:00:18.4:   bridge window [mem 0xd9d00000-0xd9dfffff 64bit pref]
[    0.209642] pci 0000:00:18.5: PCI bridge to [bus 20-20]
[    0.209682] pci 0000:00:18.5:   bridge window [mem 0xcbb00000-0xcbbfffff]
[    0.210089] pci 0000:00:18.5:   bridge window [mem 0xda100000-0xda1fffff 64bit pref]
[    0.210698] pci 0000:00:18.6: PCI bridge to [bus 21-21]
[    0.210765] pci 0000:00:18.6:   bridge window [mem 0xcbf00000-0xcbffffff]
[    0.210822] pci 0000:00:18.6:   bridge window [mem 0xda500000-0xda5fffff 64bit pref]
[    0.211422] pci 0000:00:18.7: PCI bridge to [bus 22-22]
[    0.211479] pci 0000:00:18.7:   bridge window [mem 0xcc300000-0xcc3fffff]
[    0.211534] pci 0000:00:18.7:   bridge window [mem 0xda900000-0xda9fffff 64bit pref]
[    0.213435] pci_bus 0000:00: on NUMA node 0
[    0.213443] ACPI: PCI Interrupt Routing Table [\_SB_.PCI0._PRT]
[    0.214142]  pci0000:00: Requesting ACPI _OSC control (0x1d)
[    0.214373]  pci0000:00: ACPI _OSC control (0x15) granted
[    0.311816] ACPI: PCI Interrupt Link [LNKA] (IRQs 3 4 5 6 7 *9 10 11 14 15)
[    0.311904] ACPI: PCI Interrupt Link [LNKB] (IRQs 3 4 5 6 7 9 10 *11 14 15)
[    0.311986] ACPI: PCI Interrupt Link [LNKC] (IRQs 3 4 5 6 7 9 *10 11 14 15)
[    0.312067] ACPI: PCI Interrupt Link [LNKD] (IRQs 3 4 *5 6 7 9 10 11 14 15)
[    0.312238] vgaarb: device added: PCI:0000:00:0f.0,decodes=io+mem,owns=io+mem,locks=none
[    0.312251] vgaarb: loaded
[    0.312252] vgaarb: bridge control possible 0000:00:0f.0
[    0.312370] i2c-core: driver [aat2870] using legacy suspend method
[    0.312371] i2c-core: driver [aat2870] using legacy resume method
[    0.312454] SCSI subsystem initialized
[    0.312503] libata version 3.00 loaded.
[    0.312543] usbcore: registered new interface driver usbfs
[    0.312557] usbcore: registered new interface driver hub
[    0.312601] usbcore: registered new device driver usb
[    0.312693] PCI: Using ACPI for IRQ routing
[    0.392709] PCI: pci_cache_line_size set to 64 bytes
[    0.392738] pci 0000:00:18.2: no compatible bridge window for [io  0xf000-0xffff]
[    0.394012] reserve RAM buffer: 000000000009f000 - 000000000009ffff 
[    0.394014] reserve RAM buffer: 000000003fee0000 - 000000003fffffff 
[    0.394134] NetLabel: Initializing
[    0.394136] NetLabel:  domain hash size = 128
[    0.394137] NetLabel:  protocols = UNLABELED CIPSOv4
[    0.394148] NetLabel:  unlabeled traffic allowed by default
[    0.394220] hpet0: at MMIO 0xfed00000, IRQs 2, 8, 0, 0, 0, 0, 0, 0, 0, 0, 0, 0, 0, 0, 0, 0
[    0.394229] hpet0: 16 comparators, 64-bit 14.318180 MHz counter
[    0.396272] Switching to clocksource hpet
[    0.401680] AppArmor: AppArmor Filesystem Enabled
[    0.401698] pnp: PnP ACPI init
[    0.401714] ACPI: bus type pnp registered
[    0.402346] pnp 00:00: [bus 00-ff]
[    0.402348] pnp 00:00: [mem 0x000a0000-0x000bffff window]
[    0.402350] pnp 00:00: [mem 0x000c0000-0x000c3fff window]
[    0.402351] pnp 00:00: [mem 0x000c4000-0x000c7fff window]
[    0.402353] pnp 00:00: [mem 0x000c8000-0x000cbfff window]
[    0.402354] pnp 00:00: [mem 0x000cc000-0x000cffff window]
[    0.402356] pnp 00:00: [mem 0x000d0000-0x000d3fff window]
[    0.402357] pnp 00:00: [mem 0x000d4000-0x000d7fff window]
[    0.402359] pnp 00:00: [mem 0x000d8000-0x000dbfff window]
[    0.402360] pnp 00:00: [mem 0x000dc000-0x000dffff window]
[    0.402361] pnp 00:00: [mem 0x000e0000-0x000e3fff window]
[    0.402363] pnp 00:00: [mem 0x000e4000-0x000e7fff window]
[    0.402364] pnp 00:00: [mem 0x000e8000-0x000ebfff window]
[    0.402366] pnp 00:00: [mem 0x000ec000-0x000effff window]
[    0.402367] pnp 00:00: [mem 0xc0000000-0xfebfffff window]
[    0.402369] pnp 00:00: [io  0x0cf8-0x0cff]
[    0.402370] pnp 00:00: [io  0x0000-0x0cf7 window]
[    0.402372] pnp 00:00: [io  0x0d00-0xfeff window]
[    0.402408] pnp 00:00: Plug and Play ACPI device, IDs PNP0a03 PNP0a08 (active)
[    0.402485] pnp 00:01: [io  0x0010-0x001f]
[    0.402487] pnp 00:01: [io  0x0024-0x0025]
[    0.402488] pnp 00:01: [io  0x0028-0x0029]
[    0.402489] pnp 00:01: [io  0x002c-0x002d]
[    0.402490] pnp 00:01: [io  0x002e-0x002f]
[    0.402491] pnp 00:01: [io  0x0030-0x0031]
[    0.402493] pnp 00:01: [io  0x0034-0x0035]
[    0.402494] pnp 00:01: [io  0x0038-0x0039]
[    0.402495] pnp 00:01: [io  0x003c-0x003d]
[    0.402496] pnp 00:01: [io  0x0050-0x0053]
[    0.402497] pnp 00:01: [io  0x0072-0x0077]
[    0.402498] pnp 00:01: [io  0x0080]
[    0.402499] pnp 00:01: [io  0x0090-0x009f]
[    0.402500] pnp 00:01: [io  0x00a4-0x00a5]
[    0.402502] pnp 00:01: [io  0x00a8-0x00a9]
[    0.402503] pnp 00:01: [io  0x00ac-0x00ad]
[    0.402504] pnp 00:01: [io  0x00b0-0x00b5]
[    0.402505] pnp 00:01: [io  0x00b8-0x00b9]
[    0.402506] pnp 00:01: [io  0x00bc-0x00bd]
[    0.402507] pnp 00:01: [io  0x1000-0x103f]
[    0.402509] pnp 00:01: [io  0x1040-0x104f]
[    0.402510] pnp 00:01: [io  0x0cf0-0x0cf1]
[    0.402567] system 00:01: [io  0x1000-0x103f] has been reserved
[    0.402571] system 00:01: [io  0x1040-0x104f] has been reserved
[    0.402573] system 00:01: [io  0x0cf0-0x0cf1] has been reserved
[    0.402575] system 00:01: Plug and Play ACPI device, IDs PNP0c02 (active)
[    0.402582] pnp 00:02: [io  0x0000-0x000f]
[    0.402583] pnp 00:02: [io  0x0081-0x008f]
[    0.402584] pnp 00:02: [io  0x00c0-0x00df]
[    0.402586] pnp 00:02: [dma 4]
[    0.402601] pnp 00:02: Plug and Play ACPI device, IDs PNP0200 (active)
[    0.402607] pnp 00:03: [io  0x0020-0x0021]
[    0.402608] pnp 00:03: [io  0x00a0-0x00a1]
[    0.402609] pnp 00:03: [io  0x04d0-0x04d1]
[    0.402611] pnp 00:03: [irq 2 disabled]
[    0.402626] pnp 00:03: Plug and Play ACPI device, IDs PNP0001 (active)
[    0.402632] pnp 00:04: [io  0x0070-0x0071]
[    0.402634] pnp 00:04: [irq 8]
[    0.402647] pnp 00:04: Plug and Play ACPI device, IDs PNP0b00 (active)
[    0.402652] pnp 00:05: [io  0x0061]
[    0.402664] pnp 00:05: Plug and Play ACPI device, IDs PNP0800 (active)
[    0.402669] pnp 00:06: [io  0x0060]
[    0.402670] pnp 00:06: [io  0x0064]
[    0.402671] pnp 00:06: [irq 1]
[    0.402686] pnp 00:06: Plug and Play ACPI device, IDs PNP0303 (active)
[    0.402691] pnp 00:07: [irq 12]
[    0.402704] pnp 00:07: Plug and Play ACPI device, IDs PNP0f13 (active)
[    0.402865] pnp 00:08: [mem 0xfed00000-0xfed003ff]
[    0.402899] system 00:08: [mem 0xfed00000-0xfed003ff] has been reserved
[    0.402902] system 00:08: Plug and Play ACPI device, IDs PNP0103 PNP0c01 (active)
[    0.408331] pnp 00:09: [io  0x0378-0x037f]
[    0.408335] pnp 00:09: [irq 7]
[    0.409989] pnp 00:09: Plug and Play ACPI device, IDs PNP0400 (active)
[    0.415689] pnp 00:0a: [io  0x03f8-0x03ff]
[    0.415692] pnp 00:0a: [irq 4]
[    0.417321] pnp 00:0a: Plug and Play ACPI device, IDs PNP0501 (active)
[    0.421450] pnp 00:0b: [io  0x02f8-0x02ff]
[    0.421453] pnp 00:0b: [irq 3]
[    0.423045] pnp 00:0b: Plug and Play ACPI device, IDs PNP0501 (active)
[    0.429640] pnp 00:0c: [io  0x03f0-0x03f5]
[    0.429644] pnp 00:0c: [io  0x03f7]
[    0.429646] pnp 00:0c: [irq 6]
[    0.429648] pnp 00:0c: [dma 2]
[    0.431017] pnp 00:0c: Plug and Play ACPI device, IDs PNP0700 (active)
[    0.431256] pnp 00:0d: [mem 0xe0000000-0xefffffff]
[    0.431258] pnp 00:0d: [io  0x1060-0x107f]
[    0.431261] pnp 00:0d: [mem 0xc8200000-0xc83fffff]
[    0.431325] system 00:0d: [io  0x1060-0x107f] has been reserved
[    0.431330] system 00:0d: [mem 0xe0000000-0xefffffff] has been reserved
[    0.431333] system 00:0d: [mem 0xc8200000-0xc83fffff] has been reserved
[    0.431336] system 00:0d: Plug and Play ACPI device, IDs PNP0c02 (active)
[    0.437893] pnp: PnP ACPI: found 14 devices
[    0.437896] ACPI: ACPI bus type pnp unregistered
[    0.437900] PnPBIOS: Disabled by ACPI PNP
[    0.474265] PCI: max bus depth: 1 pci_try_num: 2
[    0.476186] pci 0000:00:0f.0: BAR 6: assigned [mem 0xc0000000-0xc0007fff pref]
[    0.476193] pci 0000:00:10.0: BAR 6: assigned [mem 0xc0008000-0xc000bfff pref]
[    0.476200] pci 0000:00:18.7: BAR 13: can't assign io (size 0x1000)
[    0.476205] pci 0000:00:18.6: BAR 13: can't assign io (size 0x1000)
[    0.476210] pci 0000:00:18.5: BAR 13: can't assign io (size 0x1000)
[    0.476215] pci 0000:00:18.4: BAR 13: can't assign io (size 0x1000)
[    0.476218] pci 0000:00:18.3: BAR 13: can't assign io (size 0x1000)
[    0.476221] pci 0000:00:18.2: BAR 13: can't assign io (size 0x1000)
[    0.476224] pci 0000:00:17.7: BAR 13: can't assign io (size 0x1000)
[    0.476227] pci 0000:00:17.6: BAR 13: can't assign io (size 0x1000)
[    0.476230] pci 0000:00:17.5: BAR 13: can't assign io (size 0x1000)
[    0.476233] pci 0000:00:17.4: BAR 13: can't assign io (size 0x1000)
[    0.476238] pci 0000:00:17.3: BAR 13: can't assign io (size 0x1000)
[    0.476243] pci 0000:00:16.7: BAR 13: can't assign io (size 0x1000)
[    0.476248] pci 0000:00:16.6: BAR 13: can't assign io (size 0x1000)
[    0.476252] pci 0000:00:16.5: BAR 13: can't assign io (size 0x1000)
[    0.476256] pci 0000:00:16.4: BAR 13: can't assign io (size 0x1000)
[    0.476259] pci 0000:00:16.3: BAR 13: can't assign io (size 0x1000)
[    0.476262] pci 0000:00:15.7: BAR 13: can't assign io (size 0x1000)
[    0.476265] pci 0000:00:15.6: BAR 13: can't assign io (size 0x1000)
[    0.476268] pci 0000:00:15.5: BAR 13: can't assign io (size 0x1000)
[    0.476271] pci 0000:00:15.4: BAR 13: can't assign io (size 0x1000)
[    0.476274] pci 0000:00:15.3: BAR 13: can't assign io (size 0x1000)
[    0.476277] pci 0000:00:01.0: PCI bridge to [bus 01-01]
[    0.476302] pci 0000:02:01.0: BAR 6: assigned [mem 0xd8400000-0xd840ffff pref]
[    0.476305] pci 0000:00:11.0: PCI bridge to [bus 02-02]
[    0.476322] pci 0000:00:11.0:   bridge window [io  0x2000-0x3fff]
[    0.476347] pci 0000:00:11.0:   bridge window [mem 0xc9000000-0xca3fffff]
[    0.476371] pci 0000:00:11.0:   bridge window [mem 0xd8400000-0xd89fffff 64bit pref]
[    0.476397] pci 0000:00:15.0: PCI bridge to [bus 03-03]
[    0.476409] pci 0000:00:15.0:   bridge window [io  0x4000-0x4fff]
[    0.476435] pci 0000:00:15.0:   bridge window [mem 0xca400000-0xca4fffff]
[    0.476458] pci 0000:00:15.0:   bridge window [mem 0xd8a00000-0xd8afffff 64bit pref]
[    0.476483] pci 0000:00:15.1: PCI bridge to [bus 04-04]
[    0.476497] pci 0000:00:15.1:   bridge window [io  0x8000-0x8fff]
[    0.476522] pci 0000:00:15.1:   bridge window [mem 0xca800000-0xca8fffff]
[    0.476544] pci 0000:00:15.1:   bridge window [mem 0xd8e00000-0xd8efffff 64bit pref]
[    0.476569] pci 0000:00:15.2: PCI bridge to [bus 05-05]
[    0.476585] pci 0000:00:15.2:   bridge window [io  0xc000-0xcfff]
[    0.476610] pci 0000:00:15.2:   bridge window [mem 0xcac00000-0xcacfffff]
[    0.476635] pci 0000:00:15.2:   bridge window [mem 0xd9200000-0xd92fffff 64bit pref]
[    0.476661] pci 0000:00:15.3: PCI bridge to [bus 06-06]
[    0.476686] pci 0000:00:15.3:   bridge window [mem 0xcb000000-0xcb0fffff]
[    0.476708] pci 0000:00:15.3:   bridge window [mem 0xd9600000-0xd96fffff 64bit pref]
[    0.476733] pci 0000:00:15.4: PCI bridge to [bus 07-07]
[    0.476758] pci 0000:00:15.4:   bridge window [mem 0xcb400000-0xcb4fffff]
[    0.476783] pci 0000:00:15.4:   bridge window [mem 0xd9a00000-0xd9afffff 64bit pref]
[    0.476809] pci 0000:00:15.5: PCI bridge to [bus 08-08]
[    0.476834] pci 0000:00:15.5:   bridge window [mem 0xcb800000-0xcb8fffff]
[    0.476855] pci 0000:00:15.5:   bridge window [mem 0xd9e00000-0xd9efffff 64bit pref]
[    0.476880] pci 0000:00:15.6: PCI bridge to [bus 09-09]
[    0.476906] pci 0000:00:15.6:   bridge window [mem 0xcbc00000-0xcbcfffff]
[    0.476931] pci 0000:00:15.6:   bridge window [mem 0xda200000-0xda2fffff 64bit pref]
[    0.476956] pci 0000:00:15.7: PCI bridge to [bus 0a-0a]
[    0.476981] pci 0000:00:15.7:   bridge window [mem 0xcc000000-0xcc0fffff]
[    0.477003] pci 0000:00:15.7:   bridge window [mem 0xda600000-0xda6fffff 64bit pref]
[    0.477028] pci 0000:00:16.0: PCI bridge to [bus 0b-0b]
[    0.477042] pci 0000:00:16.0:   bridge window [io  0x5000-0x5fff]
[    0.477067] pci 0000:00:16.0:   bridge window [mem 0xca500000-0xca5fffff]
[    0.477093] pci 0000:00:16.0:   bridge window [mem 0xd8b00000-0xd8bfffff 64bit pref]
[    0.477118] pci 0000:00:16.1: PCI bridge to [bus 0c-0c]
[    0.477143] pci 0000:00:16.1:   bridge window [io  0x9000-0x9fff]
[    0.477168] pci 0000:00:16.1:   bridge window [mem 0xca900000-0xca9fffff]
[    0.477193] pci 0000:00:16.1:   bridge window [mem 0xd8f00000-0xd8ffffff 64bit pref]
[    0.477218] pci 0000:00:16.2: PCI bridge to [bus 0d-0d]
[    0.477236] pci 0000:00:16.2:   bridge window [io  0xd000-0xdfff]
[    0.477261] pci 0000:00:16.2:   bridge window [mem 0xcad00000-0xcadfffff]
[    0.477286] pci 0000:00:16.2:   bridge window [mem 0xd9300000-0xd93fffff 64bit pref]
[    0.477311] pci 0000:00:16.3: PCI bridge to [bus 0e-0e]
[    0.477336] pci 0000:00:16.3:   bridge window [mem 0xcb100000-0xcb1fffff]
[    0.477362] pci 0000:00:16.3:   bridge window [mem 0xd9700000-0xd97fffff 64bit pref]
[    0.477387] pci 0000:00:16.4: PCI bridge to [bus 0f-0f]
[    0.477412] pci 0000:00:16.4:   bridge window [mem 0xcb500000-0xcb5fffff]
[    0.477436] pci 0000:00:16.4:   bridge window [mem 0xd9b00000-0xd9bfffff 64bit pref]
[    0.477461] pci 0000:00:16.5: PCI bridge to [bus 10-10]
[    0.477487] pci 0000:00:16.5:   bridge window [mem 0xcb900000-0xcb9fffff]
[    0.477512] pci 0000:00:16.5:   bridge window [mem 0xd9f00000-0xd9ffffff 64bit pref]
[    0.477537] pci 0000:00:16.6: PCI bridge to [bus 11-11]
[    0.477562] pci 0000:00:16.6:   bridge window [mem 0xcbd00000-0xcbdfffff]
[    0.477586] pci 0000:00:16.6:   bridge window [mem 0xda300000-0xda3fffff 64bit pref]
[    0.477611] pci 0000:00:16.7: PCI bridge to [bus 12-12]
[    0.477637] pci 0000:00:16.7:   bridge window [mem 0xcc100000-0xcc1fffff]
[    0.477662] pci 0000:00:16.7:   bridge window [mem 0xda700000-0xda7fffff 64bit pref]
[    0.477687] pci 0000:00:17.0: PCI bridge to [bus 13-13]
[    0.477701] pci 0000:00:17.0:   bridge window [io  0x6000-0x6fff]
[    0.477726] pci 0000:00:17.0:   bridge window [mem 0xca600000-0xca6fffff]
[    0.477748] pci 0000:00:17.0:   bridge window [mem 0xd8c00000-0xd8cfffff 64bit pref]
[    0.477773] pci 0000:00:17.1: PCI bridge to [bus 14-14]
[    0.477786] pci 0000:00:17.1:   bridge window [io  0xa000-0xafff]
[    0.477812] pci 0000:00:17.1:   bridge window [mem 0xcaa00000-0xcaafffff]
[    0.477836] pci 0000:00:17.1:   bridge window [mem 0xd9000000-0xd90fffff 64bit pref]
[    0.477861] pci 0000:00:17.2: PCI bridge to [bus 15-15]
[    0.477878] pci 0000:00:17.2:   bridge window [io  0xe000-0xefff]
[    0.477904] pci 0000:00:17.2:   bridge window [mem 0xcae00000-0xcaefffff]
[    0.477929] pci 0000:00:17.2:   bridge window [mem 0xd9400000-0xd94fffff 64bit pref]
[    0.477954] pci 0000:00:17.3: PCI bridge to [bus 16-16]
[    0.477979] pci 0000:00:17.3:   bridge window [mem 0xcb200000-0xcb2fffff]
[    0.478005] pci 0000:00:17.3:   bridge window [mem 0xd9800000-0xd98fffff 64bit pref]
[    0.478030] pci 0000:00:17.4: PCI bridge to [bus 17-17]
[    0.478055] pci 0000:00:17.4:   bridge window [mem 0xcb600000-0xcb6fffff]
[    0.478080] pci 0000:00:17.4:   bridge window [mem 0xd9c00000-0xd9cfffff 64bit pref]
[    0.478106] pci 0000:00:17.5: PCI bridge to [bus 18-18]
[    0.478131] pci 0000:00:17.5:   bridge window [mem 0xcba00000-0xcbafffff]
[    0.478156] pci 0000:00:17.5:   bridge window [mem 0xda000000-0xda0fffff 64bit pref]
[    0.478181] pci 0000:00:17.6: PCI bridge to [bus 19-19]
[    0.478207] pci 0000:00:17.6:   bridge window [mem 0xcbe00000-0xcbefffff]
[    0.478232] pci 0000:00:17.6:   bridge window [mem 0xda400000-0xda4fffff 64bit pref]
[    0.478257] pci 0000:00:17.7: PCI bridge to [bus 1a-1a]
[    0.478282] pci 0000:00:17.7:   bridge window [mem 0xcc200000-0xcc2fffff]
[    0.478308] pci 0000:00:17.7:   bridge window [mem 0xda800000-0xda8fffff 64bit pref]
[    0.478333] pci 0000:00:18.0: PCI bridge to [bus 1b-1b]
[    0.478350] pci 0000:00:18.0:   bridge window [io  0x7000-0x7fff]
[    0.478375] pci 0000:00:18.0:   bridge window [mem 0xca700000-0xca7fffff]
[    0.478400] pci 0000:00:18.0:   bridge window [mem 0xd8d00000-0xd8dfffff 64bit pref]
[    0.478425] pci 0000:00:18.1: PCI bridge to [bus 1c-1c]
[    0.478443] pci 0000:00:18.1:   bridge window [io  0xb000-0xbfff]
[    0.478468] pci 0000:00:18.1:   bridge window [mem 0xcab00000-0xcabfffff]
[    0.478493] pci 0000:00:18.1:   bridge window [mem 0xd9100000-0xd91fffff 64bit pref]
[    0.478519] pci 0000:00:18.2: PCI bridge to [bus 1d-1d]
[    0.478544] pci 0000:00:18.2:   bridge window [mem 0xcaf00000-0xcaffffff]
[    0.478569] pci 0000:00:18.2:   bridge window [mem 0xd9500000-0xd95fffff 64bit pref]
[    0.478594] pci 0000:00:18.3: PCI bridge to [bus 1e-1e]
[    0.478620] pci 0000:00:18.3:   bridge window [mem 0xcb300000-0xcb3fffff]
[    0.478645] pci 0000:00:18.3:   bridge window [mem 0xd9900000-0xd99fffff 64bit pref]
[    0.478670] pci 0000:00:18.4: PCI bridge to [bus 1f-1f]
[    0.478695] pci 0000:00:18.4:   bridge window [mem 0xcb700000-0xcb7fffff]
[    0.478721] pci 0000:00:18.4:   bridge window [mem 0xd9d00000-0xd9dfffff 64bit pref]
[    0.478746] pci 0000:00:18.5: PCI bridge to [bus 20-20]
[    0.478771] pci 0000:00:18.5:   bridge window [mem 0xcbb00000-0xcbbfffff]
[    0.478796] pci 0000:00:18.5:   bridge window [mem 0xda100000-0xda1fffff 64bit pref]
[    0.478822] pci 0000:00:18.6: PCI bridge to [bus 21-21]
[    0.478847] pci 0000:00:18.6:   bridge window [mem 0xcbf00000-0xcbffffff]
[    0.478872] pci 0000:00:18.6:   bridge window [mem 0xda500000-0xda5fffff 64bit pref]
[    0.478897] pci 0000:00:18.7: PCI bridge to [bus 22-22]
[    0.478923] pci 0000:00:18.7:   bridge window [mem 0xcc300000-0xcc3fffff]
[    0.478948] pci 0000:00:18.7:   bridge window [mem 0xda900000-0xda9fffff 64bit pref]
[    0.478973] pci 0000:00:01.0: setting latency timer to 64
[    0.478998] pci 0000:00:15.0: setting latency timer to 64
[    0.479024] pci 0000:00:15.1: setting latency timer to 64
[    0.479049] pci 0000:00:15.2: setting latency timer to 64
[    0.479074] pci 0000:00:15.3: setting latency timer to 64
[    0.479099] pci 0000:00:15.4: setting latency timer to 64
[    0.479125] pci 0000:00:15.5: setting latency timer to 64
[    0.479150] pci 0000:00:15.6: setting latency timer to 64
[    0.479175] pci 0000:00:15.7: setting latency timer to 64
[    0.479200] pci 0000:00:16.0: setting latency timer to 64
[    0.479226] pci 0000:00:16.1: setting latency timer to 64
[    0.479251] pci 0000:00:16.2: setting latency timer to 64
[    0.479276] pci 0000:00:16.3: setting latency timer to 64
[    0.479301] pci 0000:00:16.4: setting latency timer to 64
[    0.479327] pci 0000:00:16.5: setting latency timer to 64
[    0.479352] pci 0000:00:16.6: setting latency timer to 64
[    0.479377] pci 0000:00:16.7: setting latency timer to 64
[    0.479402] pci 0000:00:17.0: setting latency timer to 64
[    0.479428] pci 0000:00:17.1: setting latency timer to 64
[    0.479453] pci 0000:00:17.2: setting latency timer to 64
[    0.479478] pci 0000:00:17.3: setting latency timer to 64
[    0.479503] pci 0000:00:17.4: setting latency timer to 64
[    0.479529] pci 0000:00:17.5: setting latency timer to 64
[    0.479554] pci 0000:00:17.6: setting latency timer to 64
[    0.479579] pci 0000:00:17.7: setting latency timer to 64
[    0.479604] pci 0000:00:18.0: setting latency timer to 64
[    0.479630] pci 0000:00:18.1: setting latency timer to 64
[    0.479655] pci 0000:00:18.2: setting latency timer to 64
[    0.479680] pci 0000:00:18.3: setting latency timer to 64
[    0.479705] pci 0000:00:18.4: setting latency timer to 64
[    0.479731] pci 0000:00:18.5: setting latency timer to 64
[    0.479756] pci 0000:00:18.6: setting latency timer to 64
[    0.479781] pci 0000:00:18.7: setting latency timer to 64
[    0.479794] pci_bus 0000:00: resource 4 [mem 0x000a0000-0x000bffff]
[    0.479796] pci_bus 0000:00: resource 5 [mem 0x000cc000-0x000cffff]
[    0.479798] pci_bus 0000:00: resource 6 [mem 0x000d0000-0x000d3fff]
[    0.479801] pci_bus 0000:00: resource 7 [mem 0x000d4000-0x000d7fff]
[    0.479803] pci_bus 0000:00: resource 8 [mem 0x000d8000-0x000dbfff]
[    0.479805] pci_bus 0000:00: resource 9 [mem 0xc0000000-0xfebfffff]
[    0.479807] pci_bus 0000:00: resource 10 [io  0x0000-0x0cf7]
[    0.479809] pci_bus 0000:00: resource 11 [io  0x0d00-0xfeff]
[    0.479813] pci_bus 0000:02: resource 0 [io  0x2000-0x3fff]
[    0.479817] pci_bus 0000:02: resource 1 [mem 0xc9000000-0xca3fffff]
[    0.479820] pci_bus 0000:02: resource 2 [mem 0xd8400000-0xd89fffff 64bit pref]
[    0.479822] pci_bus 0000:02: resource 4 [mem 0x000a0000-0x000bffff]
[    0.479824] pci_bus 0000:02: resource 5 [mem 0x000cc000-0x000cffff]
[    0.479826] pci_bus 0000:02: resource 6 [mem 0x000d0000-0x000d3fff]
[    0.479828] pci_bus 0000:02: resource 7 [mem 0x000d4000-0x000d7fff]
[    0.479830] pci_bus 0000:02: resource 8 [mem 0x000d8000-0x000dbfff]
[    0.479832] pci_bus 0000:02: resource 9 [mem 0xc0000000-0xfebfffff]
[    0.479834] pci_bus 0000:02: resource 10 [io  0x0000-0x0cf7]
[    0.479837] pci_bus 0000:02: resource 11 [io  0x0d00-0xfeff]
[    0.479840] pci_bus 0000:03: resource 0 [io  0x4000-0x4fff]
[    0.479843] pci_bus 0000:03: resource 1 [mem 0xca400000-0xca4fffff]
[    0.479846] pci_bus 0000:03: resource 2 [mem 0xd8a00000-0xd8afffff 64bit pref]
[    0.479850] pci_bus 0000:04: resource 0 [io  0x8000-0x8fff]
[    0.479852] pci_bus 0000:04: resource 1 [mem 0xca800000-0xca8fffff]
[    0.479854] pci_bus 0000:04: resource 2 [mem 0xd8e00000-0xd8efffff 64bit pref]
[    0.479857] pci_bus 0000:05: resource 0 [io  0xc000-0xcfff]
[    0.479859] pci_bus 0000:05: resource 1 [mem 0xcac00000-0xcacfffff]
[    0.479861] pci_bus 0000:05: resource 2 [mem 0xd9200000-0xd92fffff 64bit pref]
[    0.479863] pci_bus 0000:06: resource 1 [mem 0xcb000000-0xcb0fffff]
[    0.479865] pci_bus 0000:06: resource 2 [mem 0xd9600000-0xd96fffff 64bit pref]
[    0.479867] pci_bus 0000:07: resource 1 [mem 0xcb400000-0xcb4fffff]
[    0.479870] pci_bus 0000:07: resource 2 [mem 0xd9a00000-0xd9afffff 64bit pref]
[    0.479873] pci_bus 0000:08: resource 1 [mem 0xcb800000-0xcb8fffff]
[    0.479876] pci_bus 0000:08: resource 2 [mem 0xd9e00000-0xd9efffff 64bit pref]
[    0.479880] pci_bus 0000:09: resource 1 [mem 0xcbc00000-0xcbcfffff]
[    0.479883] pci_bus 0000:09: resource 2 [mem 0xda200000-0xda2fffff 64bit pref]
[    0.479886] pci_bus 0000:0a: resource 1 [mem 0xcc000000-0xcc0fffff]
[    0.479889] pci_bus 0000:0a: resource 2 [mem 0xda600000-0xda6fffff 64bit pref]
[    0.479893] pci_bus 0000:0b: resource 0 [io  0x5000-0x5fff]
[    0.479896] pci_bus 0000:0b: resource 1 [mem 0xca500000-0xca5fffff]
[    0.479898] pci_bus 0000:0b: resource 2 [mem 0xd8b00000-0xd8bfffff 64bit pref]
[    0.479900] pci_bus 0000:0c: resource 0 [io  0x9000-0x9fff]
[    0.479902] pci_bus 0000:0c: resource 1 [mem 0xca900000-0xca9fffff]
[    0.479904] pci_bus 0000:0c: resource 2 [mem 0xd8f00000-0xd8ffffff 64bit pref]
[    0.479906] pci_bus 0000:0d: resource 0 [io  0xd000-0xdfff]
[    0.479908] pci_bus 0000:0d: resource 1 [mem 0xcad00000-0xcadfffff]
[    0.479910] pci_bus 0000:0d: resource 2 [mem 0xd9300000-0xd93fffff 64bit pref]
[    0.479913] pci_bus 0000:0e: resource 1 [mem 0xcb100000-0xcb1fffff]
[    0.479915] pci_bus 0000:0e: resource 2 [mem 0xd9700000-0xd97fffff 64bit pref]
[    0.479919] pci_bus 0000:0f: resource 1 [mem 0xcb500000-0xcb5fffff]
[    0.479922] pci_bus 0000:0f: resource 2 [mem 0xd9b00000-0xd9bfffff 64bit pref]
[    0.479925] pci_bus 0000:10: resource 1 [mem 0xcb900000-0xcb9fffff]
[    0.479939] pci_bus 0000:10: resource 2 [mem 0xd9f00000-0xd9ffffff 64bit pref]
[    0.479943] pci_bus 0000:11: resource 1 [mem 0xcbd00000-0xcbdfffff]
[    0.479946] pci_bus 0000:11: resource 2 [mem 0xda300000-0xda3fffff 64bit pref]
[    0.479949] pci_bus 0000:12: resource 1 [mem 0xcc100000-0xcc1fffff]
[    0.479952] pci_bus 0000:12: resource 2 [mem 0xda700000-0xda7fffff 64bit pref]
[    0.479965] pci_bus 0000:13: resource 0 [io  0x6000-0x6fff]
[    0.479970] pci_bus 0000:13: resource 1 [mem 0xca600000-0xca6fffff]
[    0.479973] pci_bus 0000:13: resource 2 [mem 0xd8c00000-0xd8cfffff 64bit pref]
[    0.479976] pci_bus 0000:14: resource 0 [io  0xa000-0xafff]
[    0.479979] pci_bus 0000:14: resource 1 [mem 0xcaa00000-0xcaafffff]
[    0.479981] pci_bus 0000:14: resource 2 [mem 0xd9000000-0xd90fffff 64bit pref]
[    0.479983] pci_bus 0000:15: resource 0 [io  0xe000-0xefff]
[    0.479985] pci_bus 0000:15: resource 1 [mem 0xcae00000-0xcaefffff]
[    0.479987] pci_bus 0000:15: resource 2 [mem 0xd9400000-0xd94fffff 64bit pref]
[    0.479990] pci_bus 0000:16: resource 1 [mem 0xcb200000-0xcb2fffff]
[    0.479992] pci_bus 0000:16: resource 2 [mem 0xd9800000-0xd98fffff 64bit pref]
[    0.479994] pci_bus 0000:17: resource 1 [mem 0xcb600000-0xcb6fffff]
[    0.479996] pci_bus 0000:17: resource 2 [mem 0xd9c00000-0xd9cfffff 64bit pref]
[    0.479999] pci_bus 0000:18: resource 1 [mem 0xcba00000-0xcbafffff]
[    0.480001] pci_bus 0000:18: resource 2 [mem 0xda000000-0xda0fffff 64bit pref]
[    0.480003] pci_bus 0000:19: resource 1 [mem 0xcbe00000-0xcbefffff]
[    0.480005] pci_bus 0000:19: resource 2 [mem 0xda400000-0xda4fffff 64bit pref]
[    0.480007] pci_bus 0000:1a: resource 1 [mem 0xcc200000-0xcc2fffff]
[    0.480010] pci_bus 0000:1a: resource 2 [mem 0xda800000-0xda8fffff 64bit pref]
[    0.480012] pci_bus 0000:1b: resource 0 [io  0x7000-0x7fff]
[    0.480014] pci_bus 0000:1b: resource 1 [mem 0xca700000-0xca7fffff]
[    0.480016] pci_bus 0000:1b: resource 2 [mem 0xd8d00000-0xd8dfffff 64bit pref]
[    0.480018] pci_bus 0000:1c: resource 0 [io  0xb000-0xbfff]
[    0.480020] pci_bus 0000:1c: resource 1 [mem 0xcab00000-0xcabfffff]
[    0.480022] pci_bus 0000:1c: resource 2 [mem 0xd9100000-0xd91fffff 64bit pref]
[    0.480024] pci_bus 0000:1d: resource 1 [mem 0xcaf00000-0xcaffffff]
[    0.480027] pci_bus 0000:1d: resource 2 [mem 0xd9500000-0xd95fffff 64bit pref]
[    0.480029] pci_bus 0000:1e: resource 1 [mem 0xcb300000-0xcb3fffff]
[    0.480031] pci_bus 0000:1e: resource 2 [mem 0xd9900000-0xd99fffff 64bit pref]
[    0.480033] pci_bus 0000:1f: resource 1 [mem 0xcb700000-0xcb7fffff]
[    0.480035] pci_bus 0000:1f: resource 2 [mem 0xd9d00000-0xd9dfffff 64bit pref]
[    0.480038] pci_bus 0000:20: resource 1 [mem 0xcbb00000-0xcbbfffff]
[    0.480040] pci_bus 0000:20: resource 2 [mem 0xda100000-0xda1fffff 64bit pref]
[    0.480042] pci_bus 0000:21: resource 1 [mem 0xcbf00000-0xcbffffff]
[    0.480044] pci_bus 0000:21: resource 2 [mem 0xda500000-0xda5fffff 64bit pref]
[    0.480046] pci_bus 0000:22: resource 1 [mem 0xcc300000-0xcc3fffff]
[    0.480048] pci_bus 0000:22: resource 2 [mem 0xda900000-0xda9fffff 64bit pref]
[    0.480074] NET: Registered protocol family 2
[    0.480099] IP route cache hash table entries: 32768 (order: 5, 131072 bytes)
[    0.480104] TCP established hash table entries: 131072 (order: 8, 1048576 bytes)
[    0.480108] TCP bind hash table entries: 65536 (order: 7, 524288 bytes)
[    0.480178] TCP: Hash tables configured (established 131072 bind 65536)
[    0.480181] TCP reno registered
[    0.480183] UDP hash table entries: 512 (order: 2, 16384 bytes)
[    0.480206] UDP-Lite hash table entries: 512 (order: 2, 16384 bytes)
[    0.480232] NET: Registered protocol family 1
[    0.480244] pci 0000:00:00.0: Limiting direct PCI/PCI transfers
[    0.480269] pci 0000:00:0f.0: Boot video device
[    0.480294] ACPI: PCI Interrupt Link [LNKC] enabled at IRQ 10
[    0.480298] PCI: setting IRQ 10 as level-triggered
[    0.480308] pci 0000:02:00.0: PCI INT A -> Link[LNKC] -> GSI 10 (level, low) -> IRQ 10
[    0.480364] pci 0000:02:00.0: PCI INT A disabled
[    0.480389] ACPI: PCI Interrupt Link [LNKB] enabled at IRQ 11
[    0.480392] PCI: setting IRQ 11 as level-triggered
[    0.480398] pci 0000:02:03.0: PCI INT A -> Link[LNKB] -> GSI 11 (level, low) -> IRQ 11
[    0.480423] pci 0000:02:03.0: PCI INT A disabled
[    0.480441] PCI: CLS 32 bytes, default 64
[    0.480494] Simple Boot Flag at 0x36 set to 0x1
[    0.480500] Switching to clocksource tsc
[    0.480665] audit: initializing netlink socket (disabled)
[    0.480674] type=2000 audit(1369649739.464:1): initialized
[    0.496216] Trying to unpack rootfs image as initramfs...
[    0.516268] highmem bounce pool size: 64 pages
[    0.516275] HugeTLB registered 2 MB page size, pre-allocated 0 pages
[    0.524162] VFS: Disk quotas dquot_6.5.2
[    0.524188] Dquot-cache hash table entries: 1024 (order 0, 4096 bytes)
[    0.524293] fuse init (API version 7.17)
[    0.524348] msgmni has been set to 1710
[    0.536182] Block layer SCSI generic (bsg) driver version 0.4 loaded (major 253)
[    0.536218] io scheduler noop registered
[    0.536221] io scheduler deadline registered
[    0.536229] io scheduler cfq registered (default)
[    0.536255] pcieport 0000:00:15.0: setting latency timer to 64
[    0.536280] pcieport 0000:00:15.0: irq 40 for MSI/MSI-X
[    0.536305] pcieport 0000:00:15.1: setting latency timer to 64
[    0.536330] pcieport 0000:00:15.1: irq 41 for MSI/MSI-X
[    0.536356] pcieport 0000:00:15.2: setting latency timer to 64
[    0.536381] pcieport 0000:00:15.2: irq 42 for MSI/MSI-X
[    0.536406] pcieport 0000:00:15.3: setting latency timer to 64
[    0.536431] pcieport 0000:00:15.3: irq 43 for MSI/MSI-X
[    0.536457] pcieport 0000:00:15.4: setting latency timer to 64
[    0.536482] pcieport 0000:00:15.4: irq 44 for MSI/MSI-X
[    0.536507] pcieport 0000:00:15.5: setting latency timer to 64
[    0.536532] pcieport 0000:00:15.5: irq 45 for MSI/MSI-X
[    0.536558] pcieport 0000:00:15.6: setting latency timer to 64
[    0.536583] pcieport 0000:00:15.6: irq 46 for MSI/MSI-X
[    0.536608] pcieport 0000:00:15.7: setting latency timer to 64
[    0.536633] pcieport 0000:00:15.7: irq 47 for MSI/MSI-X
[    0.536659] pcieport 0000:00:16.0: setting latency timer to 64
[    0.536684] pcieport 0000:00:16.0: irq 48 for MSI/MSI-X
[    0.536709] pcieport 0000:00:16.1: setting latency timer to 64
[    0.536734] pcieport 0000:00:16.1: irq 49 for MSI/MSI-X
[    0.536760] pcieport 0000:00:16.2: setting latency timer to 64
[    0.536785] pcieport 0000:00:16.2: irq 50 for MSI/MSI-X
[    0.536810] pcieport 0000:00:16.3: setting latency timer to 64
[    0.536835] pcieport 0000:00:16.3: irq 51 for MSI/MSI-X
[    0.536861] pcieport 0000:00:16.4: setting latency timer to 64
[    0.536886] pcieport 0000:00:16.4: irq 52 for MSI/MSI-X
[    0.536911] pcieport 0000:00:16.5: setting latency timer to 64
[    0.536936] pcieport 0000:00:16.5: irq 53 for MSI/MSI-X
[    0.536961] pcieport 0000:00:16.6: setting latency timer to 64
[    0.536987] pcieport 0000:00:16.6: irq 54 for MSI/MSI-X
[    0.537012] pcieport 0000:00:16.7: setting latency timer to 64
[    0.537037] pcieport 0000:00:16.7: irq 55 for MSI/MSI-X
[    0.537062] pcieport 0000:00:17.0: setting latency timer to 64
[    0.537088] pcieport 0000:00:17.0: irq 56 for MSI/MSI-X
[    0.537113] pcieport 0000:00:17.1: setting latency timer to 64
[    0.537138] pcieport 0000:00:17.1: irq 57 for MSI/MSI-X
[    0.537163] pcieport 0000:00:17.2: setting latency timer to 64
[    0.537189] pcieport 0000:00:17.2: irq 58 for MSI/MSI-X
[    0.537214] pcieport 0000:00:17.3: setting latency timer to 64
[    0.537239] pcieport 0000:00:17.3: irq 59 for MSI/MSI-X
[    0.537264] pcieport 0000:00:17.4: setting latency timer to 64
[    0.537290] pcieport 0000:00:17.4: irq 60 for MSI/MSI-X
[    0.537315] pcieport 0000:00:17.5: setting latency timer to 64
[    0.537340] pcieport 0000:00:17.5: irq 61 for MSI/MSI-X
[    0.537365] pcieport 0000:00:17.6: setting latency timer to 64
[    0.537391] pcieport 0000:00:17.6: irq 62 for MSI/MSI-X
[    0.537416] pcieport 0000:00:17.7: setting latency timer to 64
[    0.537441] pcieport 0000:00:17.7: irq 63 for MSI/MSI-X
[    0.537466] pcieport 0000:00:18.0: setting latency timer to 64
[    0.537492] pcieport 0000:00:18.0: irq 64 for MSI/MSI-X
[    0.537517] pcieport 0000:00:18.1: setting latency timer to 64
[    0.537542] pcieport 0000:00:18.1: irq 65 for MSI/MSI-X
[    0.537567] pcieport 0000:00:18.2: setting latency timer to 64
[    0.537593] pcieport 0000:00:18.2: irq 66 for MSI/MSI-X
[    0.537618] pcieport 0000:00:18.3: setting latency timer to 64
[    0.537643] pcieport 0000:00:18.3: irq 67 for MSI/MSI-X
[    0.537668] pcieport 0000:00:18.4: setting latency timer to 64
[    0.537694] pcieport 0000:00:18.4: irq 68 for MSI/MSI-X
[    0.537719] pcieport 0000:00:18.5: setting latency timer to 64
[    0.537744] pcieport 0000:00:18.5: irq 69 for MSI/MSI-X
[    0.537769] pcieport 0000:00:18.6: setting latency timer to 64
[    0.537795] pcieport 0000:00:18.6: irq 70 for MSI/MSI-X
[    0.537820] pcieport 0000:00:18.7: setting latency timer to 64
[    0.537845] pcieport 0000:00:18.7: irq 71 for MSI/MSI-X
[    0.537870] pcieport 0000:00:15.0: Signaling PME through PCIe PME interrupt
[    0.537896] pcie_pme 0000:00:15.0:pcie01: service driver pcie_pme loaded
[    0.537921] pcieport 0000:00:15.1: Signaling PME through PCIe PME interrupt
[    0.537946] pcie_pme 0000:00:15.1:pcie01: service driver pcie_pme loaded
[    0.537971] pcieport 0000:00:15.2: Signaling PME through PCIe PME interrupt
[    0.537997] pcie_pme 0000:00:15.2:pcie01: service driver pcie_pme loaded
[    0.538022] pcieport 0000:00:15.3: Signaling PME through PCIe PME interrupt
[    0.538047] pcie_pme 0000:00:15.3:pcie01: service driver pcie_pme loaded
[    0.538072] pcieport 0000:00:15.4: Signaling PME through PCIe PME interrupt
[    0.538097] pcie_pme 0000:00:15.4:pcie01: service driver pcie_pme loaded
[    0.538123] pcieport 0000:00:15.5: Signaling PME through PCIe PME interrupt
[    0.538148] pcie_pme 0000:00:15.5:pcie01: service driver pcie_pme loaded
[    0.538173] pcieport 0000:00:15.6: Signaling PME through PCIe PME interrupt
[    0.538198] pcie_pme 0000:00:15.6:pcie01: service driver pcie_pme loaded
[    0.538223] pcieport 0000:00:15.7: Signaling PME through PCIe PME interrupt
[    0.538249] pcie_pme 0000:00:15.7:pcie01: service driver pcie_pme loaded
[    0.538274] pcieport 0000:00:16.0: Signaling PME through PCIe PME interrupt
[    0.538299] pcie_pme 0000:00:16.0:pcie01: service driver pcie_pme loaded
[    0.538324] pcieport 0000:00:16.1: Signaling PME through PCIe PME interrupt
[    0.538350] pcie_pme 0000:00:16.1:pcie01: service driver pcie_pme loaded
[    0.538375] pcieport 0000:00:16.2: Signaling PME through PCIe PME interrupt
[    0.538400] pcie_pme 0000:00:16.2:pcie01: service driver pcie_pme loaded
[    0.538425] pcieport 0000:00:16.3: Signaling PME through PCIe PME interrupt
[    0.538450] pcie_pme 0000:00:16.3:pcie01: service driver pcie_pme loaded
[    0.538475] pcieport 0000:00:16.4: Signaling PME through PCIe PME interrupt
[    0.538501] pcie_pme 0000:00:16.4:pcie01: service driver pcie_pme loaded
[    0.538526] pcieport 0000:00:16.5: Signaling PME through PCIe PME interrupt
[    0.538551] pcie_pme 0000:00:16.5:pcie01: service driver pcie_pme loaded
[    0.538576] pcieport 0000:00:16.6: Signaling PME through PCIe PME interrupt
[    0.538601] pcie_pme 0000:00:16.6:pcie01: service driver pcie_pme loaded
[    0.538627] pcieport 0000:00:16.7: Signaling PME through PCIe PME interrupt
[    0.538652] pcie_pme 0000:00:16.7:pcie01: service driver pcie_pme loaded
[    0.538677] pcieport 0000:00:17.0: Signaling PME through PCIe PME interrupt
[    0.538702] pcie_pme 0000:00:17.0:pcie01: service driver pcie_pme loaded
[    0.538727] pcieport 0000:00:17.1: Signaling PME through PCIe PME interrupt
[    0.538753] pcie_pme 0000:00:17.1:pcie01: service driver pcie_pme loaded
[    0.538778] pcieport 0000:00:17.2: Signaling PME through PCIe PME interrupt
[    0.538803] pcie_pme 0000:00:17.2:pcie01: service driver pcie_pme loaded
[    0.538828] pcieport 0000:00:17.3: Signaling PME through PCIe PME interrupt
[    0.538853] pcie_pme 0000:00:17.3:pcie01: service driver pcie_pme loaded
[    0.538879] pcieport 0000:00:17.4: Signaling PME through PCIe PME interrupt
[    0.538904] pcie_pme 0000:00:17.4:pcie01: service driver pcie_pme loaded
[    0.538929] pcieport 0000:00:17.5: Signaling PME through PCIe PME interrupt
[    0.538954] pcie_pme 0000:00:17.5:pcie01: service driver pcie_pme loaded
[    0.538980] pcieport 0000:00:17.6: Signaling PME through PCIe PME interrupt
[    0.539005] pcie_pme 0000:00:17.6:pcie01: service driver pcie_pme loaded
[    0.539030] pcieport 0000:00:17.7: Signaling PME through PCIe PME interrupt
[    0.539055] pcie_pme 0000:00:17.7:pcie01: service driver pcie_pme loaded
[    0.539080] pcieport 0000:00:18.0: Signaling PME through PCIe PME interrupt
[    0.539105] pcie_pme 0000:00:18.0:pcie01: service driver pcie_pme loaded
[    0.539131] pcieport 0000:00:18.1: Signaling PME through PCIe PME interrupt
[    0.539156] pcie_pme 0000:00:18.1:pcie01: service driver pcie_pme loaded
[    0.539181] pcieport 0000:00:18.2: Signaling PME through PCIe PME interrupt
[    0.539206] pcie_pme 0000:00:18.2:pcie01: service driver pcie_pme loaded
[    0.539232] pcieport 0000:00:18.3: Signaling PME through PCIe PME interrupt
[    0.539257] pcie_pme 0000:00:18.3:pcie01: service driver pcie_pme loaded
[    0.539282] pcieport 0000:00:18.4: Signaling PME through PCIe PME interrupt
[    0.539307] pcie_pme 0000:00:18.4:pcie01: service driver pcie_pme loaded
[    0.539333] pcieport 0000:00:18.5: Signaling PME through PCIe PME interrupt
[    0.539358] pcie_pme 0000:00:18.5:pcie01: service driver pcie_pme loaded
[    0.539383] pcieport 0000:00:18.6: Signaling PME through PCIe PME interrupt
[    0.539408] pcie_pme 0000:00:18.6:pcie01: service driver pcie_pme loaded
[    0.539433] pcieport 0000:00:18.7: Signaling PME through PCIe PME interrupt
[    0.539459] pcie_pme 0000:00:18.7:pcie01: service driver pcie_pme loaded
[    0.539478] pci_hotplug: PCI Hot Plug PCI Core version: 0.5
[    0.539503] pciehp 0000:00:15.0:pcie04: HPC vendor_id 15ad device_id 7a0 ss_vid 15ad ss_did 7a0
[    0.539528] pciehp 0000:00:15.0:pcie04: service driver pciehp loaded
[    0.539553] pciehp 0000:00:15.1:pcie04: HPC vendor_id 15ad device_id 7a0 ss_vid 15ad ss_did 7a0
[    0.539579] pciehp 0000:00:15.1:pcie04: service driver pciehp loaded
[    0.539604] pciehp 0000:00:15.2:pcie04: HPC vendor_id 15ad device_id 7a0 ss_vid 15ad ss_did 7a0
[    0.539629] pciehp 0000:00:15.2:pcie04: service driver pciehp loaded
[    0.539654] pciehp 0000:00:15.3:pcie04: HPC vendor_id 15ad device_id 7a0 ss_vid 15ad ss_did 7a0
[    0.539680] pciehp 0000:00:15.3:pcie04: service driver pciehp loaded
[    0.539705] pciehp 0000:00:15.4:pcie04: HPC vendor_id 15ad device_id 7a0 ss_vid 15ad ss_did 7a0
[    0.539730] pciehp 0000:00:15.4:pcie04: service driver pciehp loaded
[    0.539755] pciehp 0000:00:15.5:pcie04: HPC vendor_id 15ad device_id 7a0 ss_vid 15ad ss_did 7a0
[    0.539781] pciehp 0000:00:15.5:pcie04: service driver pciehp loaded
[    0.539806] pciehp 0000:00:15.6:pcie04: HPC vendor_id 15ad device_id 7a0 ss_vid 15ad ss_did 7a0
[    0.539831] pciehp 0000:00:15.6:pcie04: service driver pciehp loaded
[    0.539856] pciehp 0000:00:15.7:pcie04: HPC vendor_id 15ad device_id 7a0 ss_vid 15ad ss_did 7a0
[    0.539882] pciehp 0000:00:15.7:pcie04: service driver pciehp loaded
[    0.539907] pciehp 0000:00:16.0:pcie04: HPC vendor_id 15ad device_id 7a0 ss_vid 15ad ss_did 7a0
[    0.539932] pciehp 0000:00:16.0:pcie04: service driver pciehp loaded
[    0.539957] pciehp 0000:00:16.1:pcie04: HPC vendor_id 15ad device_id 7a0 ss_vid 15ad ss_did 7a0
[    0.539982] pciehp 0000:00:16.1:pcie04: service driver pciehp loaded
[    0.539991] pciehp 0000:00:16.2:pcie04: HPC vendor_id 15ad device_id 7a0 ss_vid 15ad ss_did 7a0
[    0.540106] pciehp 0000:00:16.2:pcie04: service driver pciehp loaded
[    0.544116] pciehp 0000:00:16.3:pcie04: HPC vendor_id 15ad device_id 7a0 ss_vid 15ad ss_did 7a0
[    0.544141] pciehp 0000:00:16.3:pcie04: service driver pciehp loaded
[    0.544166] pciehp 0000:00:16.4:pcie04: HPC vendor_id 15ad device_id 7a0 ss_vid 15ad ss_did 7a0
[    0.544191] pciehp 0000:00:16.4:pcie04: service driver pciehp loaded
[    0.544217] pciehp 0000:00:16.5:pcie04: HPC vendor_id 15ad device_id 7a0 ss_vid 15ad ss_did 7a0
[    0.544242] pciehp 0000:00:16.5:pcie04: service driver pciehp loaded
[    0.544267] pciehp 0000:00:16.6:pcie04: HPC vendor_id 15ad device_id 7a0 ss_vid 15ad ss_did 7a0
[    0.544292] pciehp 0000:00:16.6:pcie04: service driver pciehp loaded
[    0.544318] pciehp 0000:00:16.7:pcie04: HPC vendor_id 15ad device_id 7a0 ss_vid 15ad ss_did 7a0
[    0.544343] pciehp 0000:00:16.7:pcie04: service driver pciehp loaded
[    0.544368] pciehp 0000:00:17.0:pcie04: HPC vendor_id 15ad device_id 7a0 ss_vid 15ad ss_did 7a0
[    0.544393] pciehp 0000:00:17.0:pcie04: service driver pciehp loaded
[    0.544419] pciehp 0000:00:17.1:pcie04: HPC vendor_id 15ad device_id 7a0 ss_vid 15ad ss_did 7a0
[    0.544444] pciehp 0000:00:17.1:pcie04: service driver pciehp loaded
[    0.544469] pciehp 0000:00:17.2:pcie04: HPC vendor_id 15ad device_id 7a0 ss_vid 15ad ss_did 7a0
[    0.544494] pciehp 0000:00:17.2:pcie04: service driver pciehp loaded
[    0.544520] pciehp 0000:00:17.3:pcie04: HPC vendor_id 15ad device_id 7a0 ss_vid 15ad ss_did 7a0
[    0.544545] pciehp 0000:00:17.3:pcie04: service driver pciehp loaded
[    0.544570] pciehp 0000:00:17.4:pcie04: HPC vendor_id 15ad device_id 7a0 ss_vid 15ad ss_did 7a0
[    0.544595] pciehp 0000:00:17.4:pcie04: service driver pciehp loaded
[    0.544621] pciehp 0000:00:17.5:pcie04: HPC vendor_id 15ad device_id 7a0 ss_vid 15ad ss_did 7a0
[    0.544646] pciehp 0000:00:17.5:pcie04: service driver pciehp loaded
[    0.544671] pciehp 0000:00:17.6:pcie04: HPC vendor_id 15ad device_id 7a0 ss_vid 15ad ss_did 7a0
[    0.544696] pciehp 0000:00:17.6:pcie04: service driver pciehp loaded
[    0.544722] pciehp 0000:00:17.7:pcie04: HPC vendor_id 15ad device_id 7a0 ss_vid 15ad ss_did 7a0
[    0.544747] pciehp 0000:00:17.7:pcie04: service driver pciehp loaded
[    0.544772] pciehp 0000:00:18.0:pcie04: HPC vendor_id 15ad device_id 7a0 ss_vid 15ad ss_did 7a0
[    0.544797] pciehp 0000:00:18.0:pcie04: service driver pciehp loaded
[    0.544823] pciehp 0000:00:18.1:pcie04: HPC vendor_id 15ad device_id 7a0 ss_vid 15ad ss_did 7a0
[    0.544848] pciehp 0000:00:18.1:pcie04: service driver pciehp loaded
[    0.544873] pciehp 0000:00:18.2:pcie04: HPC vendor_id 15ad device_id 7a0 ss_vid 15ad ss_did 7a0
[    0.544898] pciehp 0000:00:18.2:pcie04: service driver pciehp loaded
[    0.544924] pciehp 0000:00:18.3:pcie04: HPC vendor_id 15ad device_id 7a0 ss_vid 15ad ss_did 7a0
[    0.544949] pciehp 0000:00:18.3:pcie04: service driver pciehp loaded
[    0.544974] pciehp 0000:00:18.4:pcie04: HPC vendor_id 15ad device_id 7a0 ss_vid 15ad ss_did 7a0
[    0.544999] pciehp 0000:00:18.4:pcie04: service driver pciehp loaded
[    0.545025] pciehp 0000:00:18.5:pcie04: HPC vendor_id 15ad device_id 7a0 ss_vid 15ad ss_did 7a0
[    0.545050] pciehp 0000:00:18.5:pcie04: service driver pciehp loaded
[    0.545075] pciehp 0000:00:18.6:pcie04: HPC vendor_id 15ad device_id 7a0 ss_vid 15ad ss_did 7a0
[    0.545100] pciehp 0000:00:18.6:pcie04: service driver pciehp loaded
[    0.545126] pciehp 0000:00:18.7:pcie04: HPC vendor_id 15ad device_id 7a0 ss_vid 15ad ss_did 7a0
[    0.545151] pciehp 0000:00:18.7:pcie04: service driver pciehp loaded
[    0.545159] pciehp: PCI Express Hot Plug Controller Driver version: 0.4
[    0.545184] ACPI: Deprecated procfs I/F for AC is loaded, please retry with CONFIG_ACPI_PROCFS_POWER cleared
[    0.545213] ACPI: AC Adapter [ACAD] (on-line)
[    0.545261] input: Power Button as /devices/LNXSYSTM:00/LNXPWRBN:00/input/input0
[    0.545265] ACPI: Power Button [PWRF]
[    0.568081] ERST: Table is not found!
[    0.568085] GHES: HEST is not enabled!
[    0.568172] Serial: 8250/16550 driver, 32 ports, IRQ sharing enabled
[    0.591915] serial8250: ttyS0 at I/O 0x3f8 (irq = 4) is a 16550A
[    0.591956] isapnp: Scanning for PnP cards...
[    0.731700] serial8250: ttyS1 at I/O 0x2f8 (irq = 3) is a 16550A
[    0.779634] 00:0a: ttyS0 at I/O 0x3f8 (irq = 4) is a 16550A
[    0.871600] 00:0b: ttyS1 at I/O 0x2f8 (irq = 3) is a 16550A
[    0.895777] Linux agpgart interface v0.103
[    0.895828] agpgart-intel 0000:00:00.0: Intel 440BX Chipset
[    0.895914] agpgart-intel 0000:00:00.0: AGP aperture is 256M @ 0x0
[    0.896799] brd: module loaded
[    0.897301] loop: module loaded
[    0.897353] ata_piix 0000:00:07.1: version 2.13
[    0.897439] scsi0 : ata_piix
[    0.899615] scsi1 : ata_piix
[    0.899667] ata1: PATA max UDMA/33 cmd 0x1f0 ctl 0x3f6 bmdma 0x10c0 irq 14
[    0.899670] ata2: PATA max UDMA/33 cmd 0x170 ctl 0x376 bmdma 0x10c8 irq 15
[    0.899724] Fixed MDIO Bus: probed
[    0.899738] tun: Universal TUN/TAP device driver, 1.6
[    0.899740] tun: (C) 1999-2004 Max Krasnyansky <maxk@qualcomm.com>
[    0.899803] PPP generic driver version 2.4.2
[    0.899894] ehci_hcd: USB 2.0 'Enhanced' Host Controller (EHCI) Driver
[    0.899927] ehci_hcd 0000:02:03.0: PCI INT A -> Link[LNKB] -> GSI 11 (level, low) -> IRQ 11
[    0.899974] ehci_hcd 0000:02:03.0: EHCI Host Controller
[    0.900027] ehci_hcd 0000:02:03.0: new USB bus registered, assigned bus number 1
[    0.900079] ehci_hcd 0000:02:03.0: cache line size of 32 is not supported
[    0.900089] ehci_hcd 0000:02:03.0: irq 11, io mem 0xc9000000
[    0.951114] ehci_hcd 0000:02:03.0: USB 2.0 started, EHCI 1.00
[    1.031421] hub 1-0:1.0: USB hub found
[    1.031426] hub 1-0:1.0: 6 ports detected
[    1.031478] ohci_hcd: USB 1.1 'Open' Host Controller (OHCI) Driver
[    1.031493] uhci_hcd: USB Universal Host Controller Interface driver
[    1.031535] uhci_hcd 0000:02:00.0: PCI INT A -> Link[LNKC] -> GSI 10 (level, low) -> IRQ 10
[    1.031574] uhci_hcd 0000:02:00.0: UHCI Host Controller
[    1.035415] uhci_hcd 0000:02:00.0: new USB bus registered, assigned bus number 2
[    1.035520] uhci_hcd 0000:02:00.0: irq 10, io base 0x000020c0
[    1.035636] hub 2-0:1.0: USB hub found
[    1.035640] hub 2-0:1.0: 2 ports detected
[    1.035691] usbcore: registered new interface driver libusual
[    1.035730] i8042: PNP: PS/2 Controller [PNP0303:KBC,PNP0f13:MOUS] at 0x60,0x64 irq 1,12
[    1.036060] serio: i8042 KBD port at 0x60,0x64 irq 1
[    1.036068] serio: i8042 AUX port at 0x60,0x64 irq 12
[    1.036157] mousedev: PS/2 mouse device common for all mice
[    1.091757] rtc_cmos 00:04: rtc core: registered rtc_cmos as rtc0
[    1.091777] rtc0: alarms up to one month, y3k, 114 bytes nvram, hpet irqs
[    1.091828] device-mapper: uevent: version 1.0.3
[    1.091880] device-mapper: ioctl: 4.22.0-ioctl (2011-10-19) initialised: dm-devel@redhat.com
[    1.091911] EISA: Probing bus 0 at eisa.0
[    1.091914] EISA: Cannot allocate resource for mainboard
[    1.091916] Cannot allocate resource for EISA slot 1
[    1.091917] Cannot allocate resource for EISA slot 2
[    1.091919] Cannot allocate resource for EISA slot 3
[    1.091920] Cannot allocate resource for EISA slot 4
[    1.091922] Cannot allocate resource for EISA slot 5
[    1.091923] Cannot allocate resource for EISA slot 6
[    1.091925] Cannot allocate resource for EISA slot 7
[    1.091927] Cannot allocate resource for EISA slot 8
[    1.091928] EISA: Detected 0 cards.
[    1.091936] cpufreq-nforce2: No nForce2 chipset.
[    1.091938] cpuidle: using governor ladder
[    1.091940] cpuidle: using governor menu
[    1.091941] EFI Variables Facility v0.08 2004-May-17
[    1.091993] TCP cubic registered
[    1.092044] NET: Registered protocol family 10
[    1.092096] NET: Registered protocol family 17
[    1.092100] Registering the dns_resolver key type
[    1.092115] Using IPI No-Shortcut mode
[    1.092178] PM: Hibernation image not present or could not be loaded.
[    1.092191] registered taskstats version 1
[    1.151659] input: AT Translated Set 2 keyboard as /devices/platform/i8042/serio0/input/input1
[    1.155239] ata2.00: ATAPI: VMware Virtual IDE CDROM Drive, 00000001, max UDMA/33
[    1.155543] ata2.00: configured for UDMA/33
[    1.155762] Freeing initrd memory: 13836k freed
[    1.203217]   Magic number: 13:800:275
[    1.203252] tty tty12: hash matches
[    1.203340] rtc_cmos 00:04: setting system clock to 2013-05-27 10:15:41 UTC (1369649741)
[    1.203356] BIOS EDD facility v0.16 2004-Jun-25, 0 devices found
[    1.203359] EDD information not available.
[    1.247127] isapnp: No Plug & Play device found
[    1.247340] scsi 1:0:0:0: CD-ROM            NECVMWar VMware IDE CDR10 1.00 PQ: 0 ANSI: 5
[    1.247920] sr0: scsi3-mmc drive: 306x/306x cd/rw xa/form2 cdda tray
[    1.247923] cdrom: Uniform CD-ROM driver Revision: 3.20
[    1.248015] sr 1:0:0:0: Attached scsi CD-ROM sr0
[    1.248172] sr 1:0:0:0: Attached scsi generic sg0 type 5
[    1.248285] Freeing unused kernel memory: 740k freed
[    1.248336] Write protecting the kernel text: 5816k
[    1.248346] Write protecting the kernel read-only data: 2376k
[    1.248348] NX-protecting the kernel data: 4424k
[    1.258952] udevd[85]: starting version 175
[    1.275398] VMware vmxnet3 virtual NIC driver - version 1.1.29.0-k-NAPI
[    1.277363] VMware PVSCSI driver - version 1.0.1.0-k
[    1.283047] VMware vmxnet virtual NIC driver
[    1.283098] ACPI: PCI Interrupt Link [LNKD] enabled at IRQ 5
[    1.283101] PCI: setting IRQ 5 as level-triggered
[    1.283108] vmxnet 0000:02:01.0: PCI INT A -> Link[LNKD] -> GSI 5 (level, low) -> IRQ 5
[    1.283159] Found vmxnet/PCI at 0x2024, irq 5.
[    1.283211] features:
[    1.283222] numRxBuffers = 100, numRxBuffers2 = 1
[    1.283274] vmxnet 0000:02:01.0: eth0: set_features() failed (-1); wanted 0x00004000, left 0x00004800
[    1.305068] Fusion MPT base driver 3.04.20
[    1.305071] Copyright (c) 1999-2008 LSI Corporation
[    1.305253] Fusion MPT SPI Host driver 3.04.20
[    1.305297] mptspi 0000:00:10.0: PCI INT A -> Link[LNKB] -> GSI 11 (level, low) -> IRQ 11
[    1.311017] mptbase: ioc0: Initiating bringup
[    1.327372] Floppy drive(s): fd0 is 1.44M
[    1.343165] FDC 0 is a post-1991 82077
[    1.362883] usb 2-1: new full-speed USB device number 2 using uhci_hcd
[    1.382906] ioc0: LSI53C1030 B0: Capabilities={Initiator}
[    1.495277] input: VMware VMware Virtual USB Mouse as /devices/pci0000:00/0000:00:11.0/0000:02:00.0/usb2/2-1/2-1:1.0/input/input2
[    1.495487] generic-usb 0003:0E0F:0003.0001: input,hidraw0: USB HID v1.10 Mouse [VMware VMware Virtual USB Mouse] on usb-0000:02:00.0-1/input0
[    1.496081] input: VMware VMware Virtual USB Mouse as /devices/pci0000:00/0000:00:11.0/0000:02:00.0/usb2/2-1/2-1:1.1/input/input3
[    1.496266] generic-usb 0003:0E0F:0003.0002: input,hidraw1: USB HID v1.10 Mouse [VMware VMware Virtual USB Mouse] on usb-0000:02:00.0-1/input1
[    1.496431] usbcore: registered new interface driver usbhid
[    1.496434] usbhid: USB HID core driver
[    1.542710] scsi2 : ioc0: LSI53C1030 B0, FwRev=01032920h, Ports=1, MaxQ=128, IRQ=11
[    1.602533] usb 2-2: new full-speed USB device number 3 using uhci_hcd
[    1.655749] scsi 2:0:0:0: Direct-Access     VMware,  VMware Virtual S 1.0  PQ: 0 ANSI: 2
[    1.655761] scsi target2:0:0: Beginning Domain Validation
[    1.656514] scsi target2:0:0: Domain Validation skipping write tests
[    1.656518] scsi target2:0:0: Ending Domain Validation
[    1.656586] scsi target2:0:0: FAST-40 WIDE SCSI 80.0 MB/s ST (25 ns, offset 127)
[    1.659148] sd 2:0:0:0: [sda] 41943040 512-byte logical blocks: (21.4 GB/20.0 GiB)
[    1.659222] sd 2:0:0:0: [sda] Write Protect is off
[    1.659227] sd 2:0:0:0: [sda] Mode Sense: 61 00 00 00
[    1.659298] sd 2:0:0:0: [sda] Cache data unavailable
[    1.659302] sd 2:0:0:0: [sda] Assuming drive cache: write through
[    1.659670] sd 2:0:0:0: [sda] Cache data unavailable
[    1.659674] sd 2:0:0:0: [sda] Assuming drive cache: write through
[    1.660574] sd 2:0:0:0: Attached scsi generic sg1 type 0
[    1.661262]  sda: sda1 sda2 < sda5 >
[    1.661673] sd 2:0:0:0: [sda] Cache data unavailable
[    1.661676] sd 2:0:0:0: [sda] Assuming drive cache: write through
[    1.661678] sd 2:0:0:0: [sda] Attached SCSI disk
[    1.697996] EXT4-fs (sda1): INFO: recovery required on readonly filesystem
[    1.697999] EXT4-fs (sda1): write access will be enabled during recovery
[    1.742529] hub 2-2:1.0: USB hub found
[    1.744558] hub 2-2:1.0: 7 ports detected
[    1.909947] EXT4-fs (sda1): recovery complete
[    1.910449] EXT4-fs (sda1): mounted filesystem with ordered data mode. Opts: (null)
[    3.166374] ADDRCONF(NETDEV_UP): eth0: link is not ready
[    3.172984] udevd[325]: starting version 175
[    3.221949] lp: driver loaded but no devices found
[    3.249462] Adding 1046524k swap on /dev/sda5.  Priority:-1 extents:1 across:1046524k 
[    3.275982] shpchp: Standard Hot Plug PCI Controller Driver version: 0.4
[    3.282802] EXT4-fs (sda1): re-mounted. Opts: errors=remount-ro
[    3.283014] piix4_smbus 0000:00:07.3: Host SMBus controller not enabled!
[    3.297484] [370]: VMCI: shared components initialized.
[    3.297513] Probing for vmci/PCI.
[    3.297692] ACPI: PCI Interrupt Link [LNKA] enabled at IRQ 9
[    3.297696] PCI: setting IRQ 9 as level-triggered
[    3.297702] vmci 0000:00:07.7: PCI INT A -> Link[LNKA] -> GSI 9 (level, low) -> IRQ 9
[    3.297751] Found vmci/PCI at 0x1080, irq 9.
[    3.297787] VMCI: using capabilities 0xc.
[    3.297869] [370]: VMCI: Host capability check passed.
[    3.298264] vmci 0000:00:07.7: irq 72 for MSI/MSI-X
[    3.298301] vmci 0000:00:07.7: irq 73 for MSI/MSI-X
[    3.298533] Registered vmci device.
[    3.307996] [370]: VMCI: Using guest personality
[    3.307996] [370]: VMCI: host components initialized.
[    3.335313] [370]: VMCI: Module registered (name=vmci,major=10,minor=57).
[    3.335317] [370]: VMCI: Using host personality
[    3.335319] [370]: VMCI: Module (name=vmci) is initialized
[    3.390442] Bluetooth: Core ver 2.16
[    3.390663] NET: Registered protocol family 31
[    3.390666] Bluetooth: HCI device and connection manager initialized
[    3.390668] Bluetooth: HCI socket layer initialized
[    3.390670] Bluetooth: L2CAP socket layer initialized
[    3.390675] Bluetooth: SCO socket layer initialized
[    3.412981] Bluetooth: BNEP (Ethernet Emulation) ver 1.3
[    3.412985] Bluetooth: BNEP filters: protocol multicast
[    3.420343] Bluetooth: RFCOMM TTY layer initialized
[    3.420349] Bluetooth: RFCOMM socket layer initialized
[    3.420351] Bluetooth: RFCOMM ver 1.11
[    3.423623] ppdev: user-space parallel port driver
[    3.424296] parport_pc 00:09: reported by Plug and Play ACPI
[    3.424429] parport0: PC-style at 0x378, irq 7 [PCSPP,TRISTATE]
[    3.520444] lp0: using parport0 (interrupt-driven).
[    3.530110] type=1400 audit(1369649743.827:2): apparmor="STATUS" operation="profile_load" name="/usr/lib/cups/backend/cups-pdf" pid=593 comm="apparmor_parser"
[    3.530256] type=1400 audit(1369649743.827:3): apparmor="STATUS" operation="profile_load" name="/usr/sbin/cupsd" pid=593 comm="apparmor_parser"
[    3.552780] type=1400 audit(1369649743.851:4): apparmor="STATUS" operation="profile_load" name="/sbin/dhclient" pid=604 comm="apparmor_parser"
[    3.552919] type=1400 audit(1369649743.851:5): apparmor="STATUS" operation="profile_load" name="/usr/lib/NetworkManager/nm-dhcp-client.action" pid=604 comm="apparmor_parser"
[    3.553052] type=1400 audit(1369649743.851:6): apparmor="STATUS" operation="profile_load" name="/usr/lib/connman/scripts/dhclient-script" pid=604 comm="apparmor_parser"
[    3.693458] snd_ens1371 0000:02:02.0: PCI INT A -> Link[LNKA] -> GSI 9 (level, low) -> IRQ 9
[    3.703616] input: ImPS/2 Generic Wheel Mouse as /devices/platform/i8042/serio1/input/input4
[    3.885038] init: failsafe main process (673) killed by TERM signal
[    3.991976] type=1400 audit(1369649744.291:7): apparmor="STATUS" operation="profile_load" name="/usr/lib/lightdm/lightdm/lightdm-guest-session-wrapper" pid=795 comm="apparmor_parser"
[    4.000862] type=1400 audit(1369649744.299:8): apparmor="STATUS" operation="profile_replace" name="/sbin/dhclient" pid=796 comm="apparmor_parser"
[    4.002103] type=1400 audit(1369649744.299:9): apparmor="STATUS" operation="profile_replace" name="/usr/lib/NetworkManager/nm-dhcp-client.action" pid=796 comm="apparmor_parser"
[    4.002236] type=1400 audit(1369649744.299:10): apparmor="STATUS" operation="profile_replace" name="/usr/lib/connman/scripts/dhclient-script" pid=796 comm="apparmor_parser"
[    4.164705] init: alsa-restore main process (872) terminated with status 19
