[    0.000000] Initializing cgroup subsys cpuset
[    0.000000] Initializing cgroup subsys cpu
[    0.000000] Linux version 3.2.0-29-generic-pae (buildd@roseapple) (gcc version 4.6.3 (Ubuntu/Linaro 4.6.3-1ubuntu5) ) #46-Ubuntu SMP Fri Jul 27 17:25:43 UTC 2012 (Ubuntu 3.2.0-29.46-generic-pae 3.2.24)
[    0.000000] KERNEL supported cpus:
[    0.000000]   Intel GenuineIntel
[    0.000000]   AMD AuthenticAMD
[    0.000000]   NSC Geode by NSC
[    0.000000]   Cyrix CyrixInstead
[    0.000000]   Centaur CentaurHauls
[    0.000000]   Transmeta GenuineTMx86
[    0.000000]   Transmeta TransmetaCPU
[    0.000000]   UMC UMC UMC UMC
[    0.000000] Disabled fast string operations
[    0.000000] BIOS-provided physical RAM map:
[    0.000000]  BIOS-e820: 0000000000000000 - 000000000009f000 (usable)
[    0.000000]  BIOS-e820: 000000000009f000 - 00000000000a0000 (reserved)
[    0.000000]  BIOS-e820: 00000000000ca000 - 00000000000cc000 (reserved)
[    0.000000]  BIOS-e820: 00000000000dc000 - 0000000000100000 (reserved)
[    0.000000]  BIOS-e820: 0000000000100000 - 000000003fee0000 (usable)
[    0.000000]  BIOS-e820: 000000003fee0000 - 000000003feff000 (ACPI data)
[    0.000000]  BIOS-e820: 000000003feff000 - 000000003ff00000 (ACPI NVS)
[    0.000000]  BIOS-e820: 000000003ff00000 - 0000000040000000 (usable)
[    0.000000]  BIOS-e820: 00000000e0000000 - 00000000f0000000 (reserved)
[    0.000000]  BIOS-e820: 00000000fec00000 - 00000000fec10000 (reserved)
[    0.000000]  BIOS-e820: 00000000fee00000 - 00000000fee01000 (reserved)
[    0.000000]  BIOS-e820: 00000000fffe0000 - 0000000100000000 (reserved)
[    0.000000] NX (Execute Disable) protection: active
[    0.000000] DMI present.
[    0.000000] DMI: VMware, Inc. VMware Virtual Platform/440BX Desktop Reference Platform, BIOS 6.00 07/02/2012
[    0.000000] Hypervisor detected: VMware
[    0.000000] e820 update range: 0000000000000000 - 0000000000010000 (usable) ==> (reserved)
[    0.000000] e820 remove range: 00000000000a0000 - 0000000000100000 (usable)
[    0.000000] last_pfn = 0x40000 max_arch_pfn = 0x1000000
[    0.000000] MTRR default type: uncachable
[    0.000000] MTRR fixed ranges enabled:
[    0.000000]   00000-9FFFF write-back
[    0.000000]   A0000-BFFFF uncachable
[    0.000000]   C0000-CBFFF write-protect
[    0.000000]   CC000-EFFFF uncachable
[    0.000000]   F0000-FFFFF write-protect
[    0.000000] MTRR variable ranges enabled:
[    0.000000]   0 base 0000000000 mask FFC0000000 write-back
[    0.000000]   1 disabled
[    0.000000]   2 disabled
[    0.000000]   3 disabled
[    0.000000]   4 disabled
[    0.000000]   5 disabled
[    0.000000]   6 disabled
[    0.000000]   7 disabled
[    0.000000] x86 PAT enabled: cpu 0, old 0x0, new 0x7010600070106
[    0.000000] found SMP MP-table at [c00f6bf0] f6bf0
[    0.000000] initial memory mapped : 0 - 02000000
[    0.000000] Base memory trampoline at [c009b000] 9b000 size 16384
[    0.000000] init_memory_mapping: 0000000000000000-0000000037bfe000
[    0.000000]  0000000000 - 0000200000 page 4k
[    0.000000]  0000200000 - 0037a00000 page 2M
[    0.000000]  0037a00000 - 0037bfe000 page 4k
[    0.000000] kernel direct mapping tables up to 37bfe000 @ 1ffb000-2000000
[    0.000000] RAMDISK: 364ea000 - 3726d000
[    0.000000] ACPI: RSDP 000f6b80 00024 (v02 PTLTD )
[    0.000000] ACPI: XSDT 3feed636 0005C (v01 INTEL  440BX    06040000 VMW  01324272)
[    0.000000] ACPI: FACP 3fefee98 000F4 (v04 INTEL  440BX    06040000 PTL  000F4240)
[    0.000000] ACPI: DSDT 3feee366 10B32 (v01 PTLTD  Custom   06040000 MSFT 03000001)
[    0.000000] ACPI: FACS 3fefffc0 00040
[    0.000000] ACPI: BOOT 3feee33e 00028 (v01 PTLTD  $SBFTBL$ 06040000  LTP 00000001)
[    0.000000] ACPI: APIC 3feedc3e 003C2 (v01 PTLTD  ? APIC   06040000  LTP 00000000)
[    0.000000] ACPI: MCFG 3feedc02 0003C (v01 PTLTD  $PCITBL$ 06040000  LTP 00000001)
[    0.000000] ACPI: SRAT 3feed732 004D0 (v02 VMWARE MEMPLUG  06040000 VMW  00000001)
[    0.000000] ACPI: HPET 3feed6fa 00038 (v01 VMWARE VMW HPET 06040000 VMW  00000001)
[    0.000000] ACPI: WAET 3feed6d2 00028 (v01 VMWARE VMW WAET 06040000 VMW  00000001)
[    0.000000] ACPI: Local APIC address 0xfee00000
[    0.000000] 132MB HIGHMEM available.
[    0.000000] 891MB LOWMEM available.
[    0.000000]   mapped low ram: 0 - 37bfe000
[    0.000000]   low ram: 0 - 37bfe000
[    0.000000] Zone PFN ranges:
[    0.000000]   DMA      0x00000010 -> 0x00001000
[    0.000000]   Normal   0x00001000 -> 0x00037bfe
[    0.000000]   HighMem  0x00037bfe -> 0x00040000
[    0.000000] Movable zone start PFN for each node
[    0.000000] early_node_map[3] active PFN ranges
[    0.000000]     0: 0x00000010 -> 0x0000009f
[    0.000000]     0: 0x00000100 -> 0x0003fee0
[    0.000000]     0: 0x0003ff00 -> 0x00040000
[    0.000000] On node 0 totalpages: 261999
[    0.000000] free_area_init_node: node 0, pgdat c1866a40, node_mem_map f73fd200
[    0.000000]   DMA zone: 32 pages used for memmap
[    0.000000]   DMA zone: 0 pages reserved
[    0.000000]   DMA zone: 3951 pages, LIFO batch:0
[    0.000000]   Normal zone: 1752 pages used for memmap
[    0.000000]   Normal zone: 222502 pages, LIFO batch:31
[    0.000000]   HighMem zone: 265 pages used for memmap
[    0.000000]   HighMem zone: 33497 pages, LIFO batch:7
[    0.000000] Using APIC driver default
[    0.000000] ACPI: PM-Timer IO Port: 0x1008
[    0.000000] ACPI: Local APIC address 0xfee00000
[    0.000000] ACPI: LAPIC (acpi_id[0x00] lapic_id[0x00] enabled)
[    0.000000] ACPI: LAPIC (acpi_id[0x01] lapic_id[0x02] disabled)
[    0.000000] ACPI: LAPIC (acpi_id[0x02] lapic_id[0x04] disabled)
[    0.000000] ACPI: LAPIC (acpi_id[0x03] lapic_id[0x06] disabled)
[    0.000000] ACPI: LAPIC (acpi_id[0x04] lapic_id[0x08] disabled)
[    0.000000] ACPI: LAPIC (acpi_id[0x05] lapic_id[0x0a] disabled)
[    0.000000] ACPI: LAPIC (acpi_id[0x06] lapic_id[0x0c] disabled)
[    0.000000] ACPI: LAPIC (acpi_id[0x07] lapic_id[0x0e] disabled)
[    0.000000] ACPI: LAPIC (acpi_id[0x08] lapic_id[0x10] disabled)
[    0.000000] ACPI: LAPIC (acpi_id[0x09] lapic_id[0x12] disabled)
[    0.000000] ACPI: LAPIC (acpi_id[0x0a] lapic_id[0x14] disabled)
[    0.000000] ACPI: LAPIC (acpi_id[0x0b] lapic_id[0x16] disabled)
[    0.000000] ACPI: LAPIC (acpi_id[0x0c] lapic_id[0x18] disabled)
[    0.000000] ACPI: LAPIC (acpi_id[0x0d] lapic_id[0x1a] disabled)
[    0.000000] ACPI: LAPIC (acpi_id[0x0e] lapic_id[0x1c] disabled)
[    0.000000] ACPI: LAPIC (acpi_id[0x0f] lapic_id[0x1e] disabled)
[    0.000000] ACPI: LAPIC (acpi_id[0x10] lapic_id[0x20] disabled)
[    0.000000] ACPI: LAPIC (acpi_id[0x11] lapic_id[0x22] disabled)
[    0.000000] ACPI: LAPIC (acpi_id[0x12] lapic_id[0x24] disabled)
[    0.000000] ACPI: LAPIC (acpi_id[0x13] lapic_id[0x26] disabled)
[    0.000000] ACPI: LAPIC (acpi_id[0x14] lapic_id[0x28] disabled)
[    0.000000] ACPI: LAPIC (acpi_id[0x15] lapic_id[0x2a] disabled)
[    0.000000] ACPI: LAPIC (acpi_id[0x16] lapic_id[0x2c] disabled)
[    0.000000] ACPI: LAPIC (acpi_id[0x17] lapic_id[0x2e] disabled)
[    0.000000] ACPI: LAPIC (acpi_id[0x18] lapic_id[0x30] disabled)
[    0.000000] ACPI: LAPIC (acpi_id[0x19] lapic_id[0x32] disabled)
[    0.000000] ACPI: LAPIC (acpi_id[0x1a] lapic_id[0x34] disabled)
[    0.000000] ACPI: LAPIC (acpi_id[0x1b] lapic_id[0x36] disabled)
[    0.000000] ACPI: LAPIC (acpi_id[0x1c] lapic_id[0x38] disabled)
[    0.000000] ACPI: LAPIC (acpi_id[0x1d] lapic_id[0x3a] disabled)
[    0.000000] ACPI: LAPIC (acpi_id[0x1e] lapic_id[0x3c] disabled)
[    0.000000] ACPI: LAPIC (acpi_id[0x1f] lapic_id[0x3e] disabled)
[    0.000000] ACPI: LAPIC (acpi_id[0x20] lapic_id[0x40] disabled)
[    0.000000] ACPI: LAPIC (acpi_id[0x21] lapic_id[0x42] disabled)
[    0.000000] ACPI: LAPIC (acpi_id[0x22] lapic_id[0x44] disabled)
[    0.000000] ACPI: LAPIC (acpi_id[0x23] lapic_id[0x46] disabled)
[    0.000000] ACPI: LAPIC (acpi_id[0x24] lapic_id[0x48] disabled)
[    0.000000] ACPI: LAPIC (acpi_id[0x25] lapic_id[0x4a] disabled)
[    0.000000] ACPI: LAPIC (acpi_id[0x26] lapic_id[0x4c] disabled)
[    0.000000] ACPI: LAPIC (acpi_id[0x27] lapic_id[0x4e] disabled)
[    0.000000] ACPI: LAPIC (acpi_id[0x28] lapic_id[0x50] disabled)
[    0.000000] ACPI: LAPIC (acpi_id[0x29] lapic_id[0x52] disabled)
[    0.000000] ACPI: LAPIC (acpi_id[0x2a] lapic_id[0x54] disabled)
[    0.000000] ACPI: LAPIC (acpi_id[0x2b] lapic_id[0x56] disabled)
[    0.000000] ACPI: LAPIC (acpi_id[0x2c] lapic_id[0x58] disabled)
[    0.000000] ACPI: LAPIC (acpi_id[0x2d] lapic_id[0x5a] disabled)
[    0.000000] ACPI: LAPIC (acpi_id[0x2e] lapic_id[0x5c] disabled)
[    0.000000] ACPI: LAPIC (acpi_id[0x2f] lapic_id[0x5e] disabled)
[    0.000000] ACPI: LAPIC (acpi_id[0x30] lapic_id[0x60] disabled)
[    0.000000] ACPI: LAPIC (acpi_id[0x31] lapic_id[0x62] disabled)
[    0.000000] ACPI: LAPIC (acpi_id[0x32] lapic_id[0x64] disabled)
[    0.000000] ACPI: LAPIC (acpi_id[0x33] lapic_id[0x66] disabled)
[    0.000000] ACPI: LAPIC (acpi_id[0x34] lapic_id[0x68] disabled)
[    0.000000] ACPI: LAPIC (acpi_id[0x35] lapic_id[0x6a] disabled)
[    0.000000] ACPI: LAPIC (acpi_id[0x36] lapic_id[0x6c] disabled)
[    0.000000] ACPI: LAPIC (acpi_id[0x37] lapic_id[0x6e] disabled)
[    0.000000] ACPI: LAPIC (acpi_id[0x38] lapic_id[0x70] disabled)
[    0.000000] ACPI: LAPIC (acpi_id[0x39] lapic_id[0x72] disabled)
[    0.000000] ACPI: LAPIC (acpi_id[0x3a] lapic_id[0x74] disabled)
[    0.000000] ACPI: LAPIC (acpi_id[0x3b] lapic_id[0x76] disabled)
[    0.000000] ACPI: LAPIC (acpi_id[0x3c] lapic_id[0x78] disabled)
[    0.000000] ACPI: LAPIC (acpi_id[0x3d] lapic_id[0x7a] disabled)
[    0.000000] ACPI: LAPIC (acpi_id[0x3e] lapic_id[0x7c] disabled)
[    0.000000] ACPI: LAPIC (acpi_id[0x3f] lapic_id[0x7e] disabled)
[    0.000000] ACPI: LAPIC_NMI (acpi_id[0x00] high edge lint[0x1])
[    0.000000] ACPI: LAPIC_NMI (acpi_id[0x01] high edge lint[0x1])
[    0.000000] ACPI: LAPIC_NMI (acpi_id[0x02] high edge lint[0x1])
[    0.000000] ACPI: LAPIC_NMI (acpi_id[0x03] high edge lint[0x1])
[    0.000000] ACPI: LAPIC_NMI (acpi_id[0x04] high edge lint[0x1])
[    0.000000] ACPI: LAPIC_NMI (acpi_id[0x05] high edge lint[0x1])
[    0.000000] ACPI: LAPIC_NMI (acpi_id[0x06] high edge lint[0x1])
[    0.000000] ACPI: LAPIC_NMI (acpi_id[0x07] high edge lint[0x1])
[    0.000000] ACPI: LAPIC_NMI (acpi_id[0x08] high edge lint[0x1])
[    0.000000] ACPI: LAPIC_NMI (acpi_id[0x09] high edge lint[0x1])
[    0.000000] ACPI: LAPIC_NMI (acpi_id[0x0a] high edge lint[0x1])
[    0.000000] ACPI: LAPIC_NMI (acpi_id[0x0b] high edge lint[0x1])
[    0.000000] ACPI: LAPIC_NMI (acpi_id[0x0c] high edge lint[0x1])
[    0.000000] ACPI: LAPIC_NMI (acpi_id[0x0d] high edge lint[0x1])
[    0.000000] ACPI: LAPIC_NMI (acpi_id[0x0e] high edge lint[0x1])
[    0.000000] ACPI: LAPIC_NMI (acpi_id[0x0f] high edge lint[0x1])
[    0.000000] ACPI: LAPIC_NMI (acpi_id[0x10] high edge lint[0x1])
[    0.000000] ACPI: LAPIC_NMI (acpi_id[0x11] high edge lint[0x1])
[    0.000000] ACPI: LAPIC_NMI (acpi_id[0x12] high edge lint[0x1])
[    0.000000] ACPI: LAPIC_NMI (acpi_id[0x13] high edge lint[0x1])
[    0.000000] ACPI: LAPIC_NMI (acpi_id[0x14] high edge lint[0x1])
[    0.000000] ACPI: LAPIC_NMI (acpi_id[0x15] high edge lint[0x1])
[    0.000000] ACPI: LAPIC_NMI (acpi_id[0x16] high edge lint[0x1])
[    0.000000] ACPI: LAPIC_NMI (acpi_id[0x17] high edge lint[0x1])
[    0.000000] ACPI: LAPIC_NMI (acpi_id[0x18] high edge lint[0x1])
[    0.000000] ACPI: LAPIC_NMI (acpi_id[0x19] high edge lint[0x1])
[    0.000000] ACPI: LAPIC_NMI (acpi_id[0x1a] high edge lint[0x1])
[    0.000000] ACPI: LAPIC_NMI (acpi_id[0x1b] high edge lint[0x1])
[    0.000000] ACPI: LAPIC_NMI (acpi_id[0x1c] high edge lint[0x1])
[    0.000000] ACPI: LAPIC_NMI (acpi_id[0x1d] high edge lint[0x1])
[    0.000000] ACPI: LAPIC_NMI (acpi_id[0x1e] high edge lint[0x1])
[    0.000000] ACPI: LAPIC_NMI (acpi_id[0x1f] high edge lint[0x1])
[    0.000000] ACPI: LAPIC_NMI (acpi_id[0x20] high edge lint[0x1])
[    0.000000] ACPI: LAPIC_NMI (acpi_id[0x21] high edge lint[0x1])
[    0.000000] ACPI: LAPIC_NMI (acpi_id[0x22] high edge lint[0x1])
[    0.000000] ACPI: LAPIC_NMI (acpi_id[0x23] high edge lint[0x1])
[    0.000000] ACPI: LAPIC_NMI (acpi_id[0x24] high edge lint[0x1])
[    0.000000] ACPI: LAPIC_NMI (acpi_id[0x25] high edge lint[0x1])
[    0.000000] ACPI: LAPIC_NMI (acpi_id[0x26] high edge lint[0x1])
[    0.000000] ACPI: LAPIC_NMI (acpi_id[0x27] high edge lint[0x1])
[    0.000000] ACPI: LAPIC_NMI (acpi_id[0x28] high edge lint[0x1])
[    0.000000] ACPI: LAPIC_NMI (acpi_id[0x29] high edge lint[0x1])
[    0.000000] ACPI: LAPIC_NMI (acpi_id[0x2a] high edge lint[0x1])
[    0.000000] ACPI: LAPIC_NMI (acpi_id[0x2b] high edge lint[0x1])
[    0.000000] ACPI: LAPIC_NMI (acpi_id[0x2c] high edge lint[0x1])
[    0.000000] ACPI: LAPIC_NMI (acpi_id[0x2d] high edge lint[0x1])
[    0.000000] ACPI: LAPIC_NMI (acpi_id[0x2e] high edge lint[0x1])
[    0.000000] ACPI: LAPIC_NMI (acpi_id[0x2f] high edge lint[0x1])
[    0.000000] ACPI: LAPIC_NMI (acpi_id[0x30] high edge lint[0x1])
[    0.000000] ACPI: LAPIC_NMI (acpi_id[0x31] high edge lint[0x1])
[    0.000000] ACPI: LAPIC_NMI (acpi_id[0x32] high edge lint[0x1])
[    0.000000] ACPI: LAPIC_NMI (acpi_id[0x33] high edge lint[0x1])
[    0.000000] ACPI: LAPIC_NMI (acpi_id[0x34] high edge lint[0x1])
[    0.000000] ACPI: LAPIC_NMI (acpi_id[0x35] high edge lint[0x1])
[    0.000000] ACPI: LAPIC_NMI (acpi_id[0x36] high edge lint[0x1])
[    0.000000] ACPI: LAPIC_NMI (acpi_id[0x37] high edge lint[0x1])
[    0.000000] ACPI: LAPIC_NMI (acpi_id[0x38] high edge lint[0x1])
[    0.000000] ACPI: LAPIC_NMI (acpi_id[0x39] high edge lint[0x1])
[    0.000000] ACPI: LAPIC_NMI (acpi_id[0x3a] high edge lint[0x1])
[    0.000000] ACPI: LAPIC_NMI (acpi_id[0x3b] high edge lint[0x1])
[    0.000000] ACPI: LAPIC_NMI (acpi_id[0x3c] high edge lint[0x1])
[    0.000000] ACPI: LAPIC_NMI (acpi_id[0x3d] high edge lint[0x1])
[    0.000000] ACPI: LAPIC_NMI (acpi_id[0x3e] high edge lint[0x1])
[    0.000000] ACPI: LAPIC_NMI (acpi_id[0x3f] high edge lint[0x1])
[    0.000000] ACPI: Skipping IOAPIC probe due to 'noapic' option.
[    0.000000] Using ACPI for processor (LAPIC) configuration information
[    0.000000] ACPI: HPET id: 0x8086af01 base: 0xfed00000
[    0.000000] Intel MultiProcessor Specification v1.4
[    0.000000]     Virtual Wire compatibility mode.
[    0.000000] MPTABLE: OEM ID: INTEL   
[    0.000000] MPTABLE: Product ID: 440BX       
[    0.000000] MPTABLE: APIC at: 0xFEE00000
[    0.000000] IOAPIC[0]: apic_id 1, version 17, address 0xfec00000, GSI 0-23
[    0.000000] Processors: 1
[    0.000000] SMP: Allowing 1 CPUs, 0 hotplug CPUs
[    0.000000] nr_irqs_gsi: 40
[    0.000000] PM: Registered nosave memory: 000000000009f000 - 00000000000a0000
[    0.000000] PM: Registered nosave memory: 00000000000a0000 - 00000000000ca000
[    0.000000] PM: Registered nosave memory: 00000000000ca000 - 00000000000cc000
[    0.000000] PM: Registered nosave memory: 00000000000cc000 - 00000000000dc000
[    0.000000] PM: Registered nosave memory: 00000000000dc000 - 0000000000100000
[    0.000000] Allocating PCI resources starting at 40000000 (gap: 40000000:a0000000)
[    0.000000] Booting paravirtualized kernel on bare hardware
[    0.000000] setup_percpu: NR_CPUS:8 nr_cpumask_bits:8 nr_cpu_ids:1 nr_node_ids:1
[    0.000000] PERCPU: Embedded 14 pages/cpu @f73e8000 s34240 r0 d23104 u57344
[    0.000000] pcpu-alloc: s34240 r0 d23104 u57344 alloc=14*4096
[    0.000000] pcpu-alloc: [0] 0 
[    0.000000] Built 1 zonelists in Zone order, mobility grouping on.  Total pages: 259950
[    0.000000] Kernel command line: BOOT_IMAGE=/boot/vmlinuz-3.2.0-29-generic-pae root=UUID=007b598c-390d-4c65-84a1-4ff752d48633 ro quiet splash maxcpus=0
[    0.000000] PID hash table entries: 4096 (order: 2, 16384 bytes)
[    0.000000] Dentry cache hash table entries: 131072 (order: 7, 524288 bytes)
[    0.000000] Inode-cache hash table entries: 65536 (order: 6, 262144 bytes)
[    0.000000] Initializing CPU#0
[    0.000000] xsave/xrstor: enabled xstate_bv 0x7, cntxt size 0x340
[    0.000000] allocated 4194048 bytes of page_cgroup
[    0.000000] please try 'cgroup_disable=memory' option if you don't want memory cgroups
[    0.000000] Initializing HighMem for node 0 (00037bfe:00040000)
[    0.000000] Memory: 1010624k/1048576k available (5814k kernel code, 37372k reserved, 2841k data, 740k init, 135048k highmem)
[    0.000000] virtual kernel memory layout:
[    0.000000]     fixmap  : 0xfff16000 - 0xfffff000   ( 932 kB)
[    0.000000]     pkmap   : 0xffc00000 - 0xffe00000   (2048 kB)
[    0.000000]     vmalloc : 0xf83fe000 - 0xffbfe000   ( 120 MB)
[    0.000000]     lowmem  : 0xc0000000 - 0xf7bfe000   ( 891 MB)
[    0.000000]       .init : 0xc1875000 - 0xc192e000   ( 740 kB)
[    0.000000]       .data : 0xc15adb64 - 0xc1874240   (2841 kB)
[    0.000000]       .text : 0xc1000000 - 0xc15adb64   (5814 kB)
[    0.000000] Checking if this processor honours the WP bit even in supervisor mode...Ok.
[    0.000000] SLUB: Genslabs=15, HWalign=64, Order=0-3, MinObjects=0, CPUs=1, Nodes=1
[    0.000000] Hierarchical RCU implementation.
[    0.000000] 	RCU dyntick-idle grace-period acceleration is enabled.
[    0.000000] NR_IRQS:2304 nr_irqs:256 16
[    0.000000] CPU 0 irqstacks, hard=f5c08000 soft=f5c0a000
[    0.000000] Extended CMOS year: 2000
[    0.000000] Console: colour VGA+ 80x25
[    0.000000] console [tty0] enabled
[    0.000000] hpet clockevent registered
[    0.000000] TSC freq read from hypervisor : 2394.620 MHz
[    0.000000] Detected 2394.620 MHz processor.
[    0.000001] Calibrating delay loop (skipped) preset value.. 4789.24 BogoMIPS (lpj=9578480)
[    0.000004] pid_max: default: 32768 minimum: 301
[    0.000018] Security Framework initialized
[    0.000033] AppArmor: AppArmor initialized
[    0.000034] Yama: becoming mindful.
[    0.000088] Mount-cache hash table entries: 512
[    0.000167] Initializing cgroup subsys cpuacct
[    0.000171] Initializing cgroup subsys memory
[    0.000175] Initializing cgroup subsys devices
[    0.000177] Initializing cgroup subsys freezer
[    0.000178] Initializing cgroup subsys blkio
[    0.000183] Initializing cgroup subsys perf_event
[    0.000227] Disabled fast string operations
[    0.000230] CPU: Physical Processor ID: 0
[    0.000239] ENERGY_PERF_BIAS: Set to 'normal', was 'performance'
[    0.000240] ENERGY_PERF_BIAS: View and update with x86_energy_perf_policy(8)
[    0.000872] mce: CPU supports 0 MCE banks
[    0.001785] SMP alternatives: switching to UP code
[    0.020606] Freeing SMP alternatives: 24k freed
[    0.020611] ACPI: Core revision 20110623
[    0.028464] ACPI: setting ELCR to 0200 (from 0e20)
[    0.030006] ftrace: allocating 26545 entries in 52 pages
[    0.054155] SMP mode deactivated.
[    0.054185] SMP disabled
[    0.054187] Performance Events: generic architected perfmon v1, core PMU driver.
[    0.054199] ... version:                1
[    0.054200] ... bit width:              48
[    0.054201] ... generic registers:      4
[    0.054202] ... value mask:             0000ffffffffffff
[    0.054203] ... max period:             000000007fffffff
[    0.054204] ... fixed-purpose events:   0
[    0.054205] ... event mask:             000000000000000f
[    0.054295] NMI watchdog enabled, takes one hw-pmu counter.
[    0.054314] Brought up 1 CPUs
[    0.054316] Total of 1 processors activated (4789.24 BogoMIPS).
[    0.054422] devtmpfs: initialized
[    0.054492] EVM: security.selinux
[    0.054493] EVM: security.SMACK64
[    0.054494] EVM: security.capability
[    0.054519] PM: Registering ACPI NVS region at 3feff000 (4096 bytes)
[    0.055302] print_constraints: dummy: 
[    0.055379] RTC time:  6:04:16, date: 05/27/13
[    0.055408] NET: Registered protocol family 16
[    0.055482] EISA bus registered
[    0.055492] ACPI: bus type pci registered
[    0.055609] PCI: MMCONFIG for domain 0000 [bus 00-ff] at [mem 0xe0000000-0xefffffff] (base 0xe0000000)
[    0.055612] PCI: MMCONFIG at [mem 0xe0000000-0xefffffff] reserved in E820
[    0.055613] PCI: Using MMCONFIG for extended config space
[    0.055614] PCI: Using configuration type 1 for base access
[    0.056360] bio: create slab <bio-0> at 0
[    0.056425] ACPI: Added _OSI(Module Device)
[    0.056426] ACPI: Added _OSI(Processor Device)
[    0.056428] ACPI: Added _OSI(3.0 _SCP Extensions)
[    0.056429] ACPI: Added _OSI(Processor Aggregator Device)
[    0.058351] ACPI: EC: Look up EC in DSDT
[    0.063068] [Firmware Bug]: ACPI: BIOS _OSI(Linux) query ignored
[    0.071576] ACPI: Interpreter enabled
[    0.071585] ACPI: (supports S0 S1 S4 S5)
[    0.071597] ACPI: Using PIC for interrupt routing
[    0.113707] ACPI: No dock devices found.
[    0.113710] HEST: Table not found.
[    0.113714] PCI: Using host bridge windows from ACPI; if necessary, use "pci=nocrs" and report a bug
[    0.114435] ACPI: PCI Root Bridge [PCI0] (domain 0000 [bus 00-ff])
[    0.115632] pci_root PNP0A03:00: host bridge window [mem 0x000a0000-0x000bffff]
[    0.115634] pci_root PNP0A03:00: host bridge window [mem 0x000cc000-0x000cffff]
[    0.115636] pci_root PNP0A03:00: host bridge window [mem 0x000d0000-0x000d3fff]
[    0.115637] pci_root PNP0A03:00: host bridge window [mem 0x000d4000-0x000d7fff]
[    0.115639] pci_root PNP0A03:00: host bridge window [mem 0x000d8000-0x000dbfff]
[    0.115641] pci_root PNP0A03:00: host bridge window [mem 0xc0000000-0xfebfffff]
[    0.115642] pci_root PNP0A03:00: host bridge window [io  0x0000-0x0cf7]
[    0.115644] pci_root PNP0A03:00: host bridge window [io  0x0d00-0xfeff]
[    0.115698] pci 0000:00:00.0: [8086:7190] type 0 class 0x000600
[    0.116180] pci 0000:00:01.0: [8086:7191] type 1 class 0x000604
[    0.116598] pci 0000:00:07.0: [8086:7110] type 0 class 0x000601
[    0.117289] pci 0000:00:07.1: [8086:7111] type 0 class 0x000101
[    0.118826] pci 0000:00:07.1: reg 20: [io  0x10c0-0x10cf]
[    0.119576] pci 0000:00:07.3: [8086:7113] type 0 class 0x000680
[    0.121280] pci 0000:00:07.3: quirk: [io  0x1000-0x103f] claimed by PIIX4 ACPI
[    0.121293] pci 0000:00:07.3: quirk: [io  0x1040-0x104f] claimed by PIIX4 SMB
[    0.121538] pci 0000:00:07.7: [15ad:0740] type 0 class 0x000880
[    0.122061] pci 0000:00:07.7: reg 10: [io  0x1080-0x10bf]
[    0.122649] pci 0000:00:07.7: reg 14: [mem 0xc8000000-0xc8001fff 64bit]
[    0.125228] pci 0000:00:0f.0: [15ad:0405] type 0 class 0x000300
[    0.128074] pci 0000:00:0f.0: reg 10: [io  0x10d0-0x10df]
[    0.130785] pci 0000:00:0f.0: reg 14: [mem 0xd0000000-0xd7ffffff pref]
[    0.133308] pci 0000:00:0f.0: reg 18: [mem 0xc8800000-0xc8ffffff]
[    0.144672] pci 0000:00:0f.0: reg 30: [mem 0x00000000-0x00007fff pref]
[    0.145073] pci 0000:00:10.0: [1000:0030] type 0 class 0x000100
[    0.145933] pci 0000:00:10.0: reg 10: [io  0x1400-0x14ff]
[    0.147025] pci 0000:00:10.0: reg 14: [mem 0xc8040000-0xc805ffff 64bit]
[    0.148203] pci 0000:00:10.0: reg 1c: [mem 0xc8020000-0xc803ffff 64bit]
[    0.149441] pci 0000:00:10.0: reg 30: [mem 0x00000000-0x00003fff pref]
[    0.149617] pci 0000:00:11.0: [15ad:0790] type 1 class 0x000604
[    0.150407] pci 0000:00:15.0: [15ad:07a0] type 1 class 0x000604
[    0.151216] pci 0000:00:15.0: PME# supported from D0 D3hot D3cold
[    0.151241] pci 0000:00:15.0: PME# disabled
[    0.151482] pci 0000:00:15.1: [15ad:07a0] type 1 class 0x000604
[    0.152286] pci 0000:00:15.1: PME# supported from D0 D3hot D3cold
[    0.152310] pci 0000:00:15.1: PME# disabled
[    0.152550] pci 0000:00:15.2: [15ad:07a0] type 1 class 0x000604
[    0.153329] pci 0000:00:15.2: PME# supported from D0 D3hot D3cold
[    0.153354] pci 0000:00:15.2: PME# disabled
[    0.153593] pci 0000:00:15.3: [15ad:07a0] type 1 class 0x000604
[    0.154475] pci 0000:00:15.3: PME# supported from D0 D3hot D3cold
[    0.154504] pci 0000:00:15.3: PME# disabled
[    0.154795] pci 0000:00:15.4: [15ad:07a0] type 1 class 0x000604
[    0.155724] pci 0000:00:15.4: PME# supported from D0 D3hot D3cold
[    0.155768] pci 0000:00:15.4: PME# disabled
[    0.156031] pci 0000:00:15.5: [15ad:07a0] type 1 class 0x000604
[    0.156812] pci 0000:00:15.5: PME# supported from D0 D3hot D3cold
[    0.156838] pci 0000:00:15.5: PME# disabled
[    0.157080] pci 0000:00:15.6: [15ad:07a0] type 1 class 0x000604
[    0.157877] pci 0000:00:15.6: PME# supported from D0 D3hot D3cold
[    0.157907] pci 0000:00:15.6: PME# disabled
[    0.158157] pci 0000:00:15.7: [15ad:07a0] type 1 class 0x000604
[    0.158974] pci 0000:00:15.7: PME# supported from D0 D3hot D3cold
[    0.158999] pci 0000:00:15.7: PME# disabled
[    0.159239] pci 0000:00:16.0: [15ad:07a0] type 1 class 0x000604
[    0.160027] pci 0000:00:16.0: PME# supported from D0 D3hot D3cold
[    0.160052] pci 0000:00:16.0: PME# disabled
[    0.160292] pci 0000:00:16.1: [15ad:07a0] type 1 class 0x000604
[    0.161070] pci 0000:00:16.1: PME# supported from D0 D3hot D3cold
[    0.161095] pci 0000:00:16.1: PME# disabled
[    0.161334] pci 0000:00:16.2: [15ad:07a0] type 1 class 0x000604
[    0.162111] pci 0000:00:16.2: PME# supported from D0 D3hot D3cold
[    0.162135] pci 0000:00:16.2: PME# disabled
[    0.162375] pci 0000:00:16.3: [15ad:07a0] type 1 class 0x000604
[    0.163205] pci 0000:00:16.3: PME# supported from D0 D3hot D3cold
[    0.163230] pci 0000:00:16.3: PME# disabled
[    0.163469] pci 0000:00:16.4: [15ad:07a0] type 1 class 0x000604
[    0.164297] pci 0000:00:16.4: PME# supported from D0 D3hot D3cold
[    0.164321] pci 0000:00:16.4: PME# disabled
[    0.164569] pci 0000:00:16.5: [15ad:07a0] type 1 class 0x000604
[    0.165457] pci 0000:00:16.5: PME# supported from D0 D3hot D3cold
[    0.165485] pci 0000:00:16.5: PME# disabled
[    0.165805] pci 0000:00:16.6: [15ad:07a0] type 1 class 0x000604
[    0.166713] pci 0000:00:16.6: PME# supported from D0 D3hot D3cold
[    0.166737] pci 0000:00:16.6: PME# disabled
[    0.167002] pci 0000:00:16.7: [15ad:07a0] type 1 class 0x000604
[    0.167787] pci 0000:00:16.7: PME# supported from D0 D3hot D3cold
[    0.167811] pci 0000:00:16.7: PME# disabled
[    0.168068] pci 0000:00:17.0: [15ad:07a0] type 1 class 0x000604
[    0.168842] pci 0000:00:17.0: PME# supported from D0 D3hot D3cold
[    0.168866] pci 0000:00:17.0: PME# disabled
[    0.169105] pci 0000:00:17.1: [15ad:07a0] type 1 class 0x000604
[    0.169883] pci 0000:00:17.1: PME# supported from D0 D3hot D3cold
[    0.169907] pci 0000:00:17.1: PME# disabled
[    0.170146] pci 0000:00:17.2: [15ad:07a0] type 1 class 0x000604
[    0.170920] pci 0000:00:17.2: PME# supported from D0 D3hot D3cold
[    0.170944] pci 0000:00:17.2: PME# disabled
[    0.171183] pci 0000:00:17.3: [15ad:07a0] type 1 class 0x000604
[    0.171980] pci 0000:00:17.3: PME# supported from D0 D3hot D3cold
[    0.172005] pci 0000:00:17.3: PME# disabled
[    0.172245] pci 0000:00:17.4: [15ad:07a0] type 1 class 0x000604
[    0.173026] pci 0000:00:17.4: PME# supported from D0 D3hot D3cold
[    0.173050] pci 0000:00:17.4: PME# disabled
[    0.173299] pci 0000:00:17.5: [15ad:07a0] type 1 class 0x000604
[    0.174076] pci 0000:00:17.5: PME# supported from D0 D3hot D3cold
[    0.174100] pci 0000:00:17.5: PME# disabled
[    0.174339] pci 0000:00:17.6: [15ad:07a0] type 1 class 0x000604
[    0.175118] pci 0000:00:17.6: PME# supported from D0 D3hot D3cold
[    0.175142] pci 0000:00:17.6: PME# disabled
[    0.175382] pci 0000:00:17.7: [15ad:07a0] type 1 class 0x000604
[    0.176166] pci 0000:00:17.7: PME# supported from D0 D3hot D3cold
[    0.176191] pci 0000:00:17.7: PME# disabled
[    0.176431] pci 0000:00:18.0: [15ad:07a0] type 1 class 0x000604
[    0.177207] pci 0000:00:18.0: PME# supported from D0 D3hot D3cold
[    0.177231] pci 0000:00:18.0: PME# disabled
[    0.177471] pci 0000:00:18.1: [15ad:07a0] type 1 class 0x000604
[    0.178276] pci 0000:00:18.1: PME# supported from D0 D3hot D3cold
[    0.178300] pci 0000:00:18.1: PME# disabled
[    0.178540] pci 0000:00:18.2: [15ad:07a0] type 1 class 0x000604
[    0.179431] pci 0000:00:18.2: PME# supported from D0 D3hot D3cold
[    0.179455] pci 0000:00:18.2: PME# disabled
[    0.179696] pci 0000:00:18.3: [15ad:07a0] type 1 class 0x000604
[    0.180494] pci 0000:00:18.3: PME# supported from D0 D3hot D3cold
[    0.180518] pci 0000:00:18.3: PME# disabled
[    0.180758] pci 0000:00:18.4: [15ad:07a0] type 1 class 0x000604
[    0.181526] pci 0000:00:18.4: PME# supported from D0 D3hot D3cold
[    0.181550] pci 0000:00:18.4: PME# disabled
[    0.181804] pci 0000:00:18.5: [15ad:07a0] type 1 class 0x000604
[    0.182576] pci 0000:00:18.5: PME# supported from D0 D3hot D3cold
[    0.182600] pci 0000:00:18.5: PME# disabled
[    0.182900] pci 0000:00:18.6: [15ad:07a0] type 1 class 0x000604
[    0.183668] pci 0000:00:18.6: PME# supported from D0 D3hot D3cold
[    0.183691] pci 0000:00:18.6: PME# disabled
[    0.183956] pci 0000:00:18.7: [15ad:07a0] type 1 class 0x000604
[    0.184722] pci 0000:00:18.7: PME# supported from D0 D3hot D3cold
[    0.184746] pci 0000:00:18.7: PME# disabled
[    0.185361] pci 0000:00:01.0: PCI bridge to [bus 01-01]
[    0.185676] pci 0000:02:00.0: [15ad:0774] type 0 class 0x000c03
[    0.187015] pci 0000:02:00.0: reg 20: [io  0x20c0-0x20df]
[    0.187659] pci 0000:02:01.0: [1022:2000] type 0 class 0x000200
[    0.187977] pci 0000:02:01.0: reg 10: [io  0x2000-0x207f]
[    0.189563] pci 0000:02:01.0: reg 30: [mem 0x00000000-0x0000ffff pref]
[    0.189697] pci 0000:02:02.0: [1274:1371] type 0 class 0x000401
[    0.190046] pci 0000:02:02.0: reg 10: [io  0x2080-0x20bf]
[    0.191974] pci 0000:02:03.0: [15ad:0770] type 0 class 0x000c03
[    0.192250] pci 0000:02:03.0: reg 10: [mem 0xc9000000-0xc9000fff]
[    0.194107] pci 0000:00:11.0: PCI bridge to [bus 02-02] (subtractive decode)
[    0.194136] pci 0000:00:11.0:   bridge window [io  0x2000-0x3fff]
[    0.194164] pci 0000:00:11.0:   bridge window [mem 0xc9000000-0xca3fffff]
[    0.194218] pci 0000:00:11.0:   bridge window [mem 0xd8400000-0xd89fffff 64bit pref]
[    0.194222] pci 0000:00:11.0:   bridge window [mem 0x000a0000-0x000bffff] (subtractive decode)
[    0.194224] pci 0000:00:11.0:   bridge window [mem 0x000cc000-0x000cffff] (subtractive decode)
[    0.194227] pci 0000:00:11.0:   bridge window [mem 0x000d0000-0x000d3fff] (subtractive decode)
[    0.194229] pci 0000:00:11.0:   bridge window [mem 0x000d4000-0x000d7fff] (subtractive decode)
[    0.194232] pci 0000:00:11.0:   bridge window [mem 0x000d8000-0x000dbfff] (subtractive decode)
[    0.194234] pci 0000:00:11.0:   bridge window [mem 0xc0000000-0xfebfffff] (subtractive decode)
[    0.194237] pci 0000:00:11.0:   bridge window [io  0x0000-0x0cf7] (subtractive decode)
[    0.194240] pci 0000:00:11.0:   bridge window [io  0x0d00-0xfeff] (subtractive decode)
[    0.194815] pci 0000:00:15.0: PCI bridge to [bus 03-03]
[    0.194842] pci 0000:00:15.0:   bridge window [io  0x4000-0x4fff]
[    0.194870] pci 0000:00:15.0:   bridge window [mem 0xca400000-0xca4fffff]
[    0.194924] pci 0000:00:15.0:   bridge window [mem 0xd8a00000-0xd8afffff 64bit pref]
[    0.195488] pci 0000:00:15.1: PCI bridge to [bus 04-04]
[    0.195516] pci 0000:00:15.1:   bridge window [io  0x8000-0x8fff]
[    0.195543] pci 0000:00:15.1:   bridge window [mem 0xca800000-0xca8fffff]
[    0.195597] pci 0000:00:15.1:   bridge window [mem 0xd8e00000-0xd8efffff 64bit pref]
[    0.196189] pci 0000:00:15.2: PCI bridge to [bus 05-05]
[    0.196217] pci 0000:00:15.2:   bridge window [io  0xc000-0xcfff]
[    0.196246] pci 0000:00:15.2:   bridge window [mem 0xcac00000-0xcacfffff]
[    0.196300] pci 0000:00:15.2:   bridge window [mem 0xd9200000-0xd92fffff 64bit pref]
[    0.196868] pci 0000:00:15.3: PCI bridge to [bus 06-06]
[    0.196921] pci 0000:00:15.3:   bridge window [mem 0xcb000000-0xcb0fffff]
[    0.196975] pci 0000:00:15.3:   bridge window [mem 0xd9600000-0xd96fffff 64bit pref]
[    0.197535] pci 0000:00:15.4: PCI bridge to [bus 07-07]
[    0.197587] pci 0000:00:15.4:   bridge window [mem 0xcb400000-0xcb4fffff]
[    0.197641] pci 0000:00:15.4:   bridge window [mem 0xd9a00000-0xd9afffff 64bit pref]
[    0.198185] pci 0000:00:15.5: PCI bridge to [bus 08-08]
[    0.198229] pci 0000:00:15.5:   bridge window [mem 0xcb800000-0xcb8fffff]
[    0.198272] pci 0000:00:15.5:   bridge window [mem 0xd9e00000-0xd9efffff 64bit pref]
[    0.198737] pci 0000:00:15.6: PCI bridge to [bus 09-09]
[    0.198792] pci 0000:00:15.6:   bridge window [mem 0xcbc00000-0xcbcfffff]
[    0.198837] pci 0000:00:15.6:   bridge window [mem 0xda200000-0xda2fffff 64bit pref]
[    0.199299] pci 0000:00:15.7: PCI bridge to [bus 0a-0a]
[    0.199343] pci 0000:00:15.7:   bridge window [mem 0xcc000000-0xcc0fffff]
[    0.199386] pci 0000:00:15.7:   bridge window [mem 0xda600000-0xda6fffff 64bit pref]
[    0.199872] pci 0000:00:16.0: PCI bridge to [bus 0b-0b]
[    0.199896] pci 0000:00:16.0:   bridge window [io  0x5000-0x5fff]
[    0.199920] pci 0000:00:16.0:   bridge window [mem 0xca500000-0xca5fffff]
[    0.199964] pci 0000:00:16.0:   bridge window [mem 0xd8b00000-0xd8bfffff 64bit pref]
[    0.200427] pci 0000:00:16.1: PCI bridge to [bus 0c-0c]
[    0.200450] pci 0000:00:16.1:   bridge window [io  0x9000-0x9fff]
[    0.200473] pci 0000:00:16.1:   bridge window [mem 0xca900000-0xca9fffff]
[    0.200517] pci 0000:00:16.1:   bridge window [mem 0xd8f00000-0xd8ffffff 64bit pref]
[    0.200987] pci 0000:00:16.2: PCI bridge to [bus 0d-0d]
[    0.201009] pci 0000:00:16.2:   bridge window [io  0xd000-0xdfff]
[    0.201032] pci 0000:00:16.2:   bridge window [mem 0xcad00000-0xcadfffff]
[    0.201076] pci 0000:00:16.2:   bridge window [mem 0xd9300000-0xd93fffff 64bit pref]
[    0.201540] pci 0000:00:16.3: PCI bridge to [bus 0e-0e]
[    0.201583] pci 0000:00:16.3:   bridge window [mem 0xcb100000-0xcb1fffff]
[    0.201627] pci 0000:00:16.3:   bridge window [mem 0xd9700000-0xd97fffff 64bit pref]
[    0.202104] pci 0000:00:16.4: PCI bridge to [bus 0f-0f]
[    0.202148] pci 0000:00:16.4:   bridge window [mem 0xcb500000-0xcb5fffff]
[    0.202191] pci 0000:00:16.4:   bridge window [mem 0xd9b00000-0xd9bfffff 64bit pref]
[    0.202654] pci 0000:00:16.5: PCI bridge to [bus 10-10]
[    0.202697] pci 0000:00:16.5:   bridge window [mem 0xcb900000-0xcb9fffff]
[    0.202741] pci 0000:00:16.5:   bridge window [mem 0xd9f00000-0xd9ffffff 64bit pref]
[    0.203209] pci 0000:00:16.6: PCI bridge to [bus 11-11]
[    0.203252] pci 0000:00:16.6:   bridge window [mem 0xcbd00000-0xcbdfffff]
[    0.203296] pci 0000:00:16.6:   bridge window [mem 0xda300000-0xda3fffff 64bit pref]
[    0.203781] pci 0000:00:16.7: PCI bridge to [bus 12-12]
[    0.203825] pci 0000:00:16.7:   bridge window [mem 0xcc100000-0xcc1fffff]
[    0.203869] pci 0000:00:16.7:   bridge window [mem 0xda700000-0xda7fffff 64bit pref]
[    0.204332] pci 0000:00:17.0: PCI bridge to [bus 13-13]
[    0.204355] pci 0000:00:17.0:   bridge window [io  0x6000-0x6fff]
[    0.204378] pci 0000:00:17.0:   bridge window [mem 0xca600000-0xca6fffff]
[    0.204422] pci 0000:00:17.0:   bridge window [mem 0xd8c00000-0xd8cfffff 64bit pref]
[    0.204906] pci 0000:00:17.1: PCI bridge to [bus 14-14]
[    0.204929] pci 0000:00:17.1:   bridge window [io  0xa000-0xafff]
[    0.204952] pci 0000:00:17.1:   bridge window [mem 0xcaa00000-0xcaafffff]
[    0.205000] pci 0000:00:17.1:   bridge window [mem 0xd9000000-0xd90fffff 64bit pref]
[    0.205462] pci 0000:00:17.2: PCI bridge to [bus 15-15]
[    0.205485] pci 0000:00:17.2:   bridge window [io  0xe000-0xefff]
[    0.205508] pci 0000:00:17.2:   bridge window [mem 0xcae00000-0xcaefffff]
[    0.205551] pci 0000:00:17.2:   bridge window [mem 0xd9400000-0xd94fffff 64bit pref]
[    0.206023] pci 0000:00:17.3: PCI bridge to [bus 16-16]
[    0.206066] pci 0000:00:17.3:   bridge window [mem 0xcb200000-0xcb2fffff]
[    0.206110] pci 0000:00:17.3:   bridge window [mem 0xd9800000-0xd98fffff 64bit pref]
[    0.206573] pci 0000:00:17.4: PCI bridge to [bus 17-17]
[    0.206616] pci 0000:00:17.4:   bridge window [mem 0xcb600000-0xcb6fffff]
[    0.206660] pci 0000:00:17.4:   bridge window [mem 0xd9c00000-0xd9cfffff 64bit pref]
[    0.207134] pci 0000:00:17.5: PCI bridge to [bus 18-18]
[    0.207177] pci 0000:00:17.5:   bridge window [mem 0xcba00000-0xcbafffff]
[    0.207221] pci 0000:00:17.5:   bridge window [mem 0xda000000-0xda0fffff 64bit pref]
[    0.207697] pci 0000:00:17.6: PCI bridge to [bus 19-19]
[    0.207742] pci 0000:00:17.6:   bridge window [mem 0xcbe00000-0xcbefffff]
[    0.207805] pci 0000:00:17.6:   bridge window [mem 0xda400000-0xda4fffff 64bit pref]
[    0.208284] pci 0000:00:17.7: PCI bridge to [bus 1a-1a]
[    0.208328] pci 0000:00:17.7:   bridge window [mem 0xcc200000-0xcc2fffff]
[    0.208372] pci 0000:00:17.7:   bridge window [mem 0xda800000-0xda8fffff 64bit pref]
[    0.208835] pci 0000:00:18.0: PCI bridge to [bus 1b-1b]
[    0.208858] pci 0000:00:18.0:   bridge window [io  0x7000-0x7fff]
[    0.208881] pci 0000:00:18.0:   bridge window [mem 0xca700000-0xca7fffff]
[    0.208925] pci 0000:00:18.0:   bridge window [mem 0xd8d00000-0xd8dfffff 64bit pref]
[    0.209385] pci 0000:00:18.1: PCI bridge to [bus 1c-1c]
[    0.209408] pci 0000:00:18.1:   bridge window [io  0xb000-0xbfff]
[    0.209431] pci 0000:00:18.1:   bridge window [mem 0xcab00000-0xcabfffff]
[    0.209474] pci 0000:00:18.1:   bridge window [mem 0xd9100000-0xd91fffff 64bit pref]
[    0.209954] pci 0000:00:18.2: PCI bridge to [bus 1d-1d]
[    0.209977] pci 0000:00:18.2:   bridge window [io  0xf000-0xffff]
[    0.210000] pci 0000:00:18.2:   bridge window [mem 0xcaf00000-0xcaffffff]
[    0.210044] pci 0000:00:18.2:   bridge window [mem 0xd9500000-0xd95fffff 64bit pref]
[    0.210510] pci 0000:00:18.3: PCI bridge to [bus 1e-1e]
[    0.210554] pci 0000:00:18.3:   bridge window [mem 0xcb300000-0xcb3fffff]
[    0.210597] pci 0000:00:18.3:   bridge window [mem 0xd9900000-0xd99fffff 64bit pref]
[    0.211067] pci 0000:00:18.4: PCI bridge to [bus 1f-1f]
[    0.211111] pci 0000:00:18.4:   bridge window [mem 0xcb700000-0xcb7fffff]
[    0.211154] pci 0000:00:18.4:   bridge window [mem 0xd9d00000-0xd9dfffff 64bit pref]
[    0.211616] pci 0000:00:18.5: PCI bridge to [bus 20-20]
[    0.211659] pci 0000:00:18.5:   bridge window [mem 0xcbb00000-0xcbbfffff]
[    0.211717] pci 0000:00:18.5:   bridge window [mem 0xda100000-0xda1fffff 64bit pref]
[    0.212182] pci 0000:00:18.6: PCI bridge to [bus 21-21]
[    0.212226] pci 0000:00:18.6:   bridge window [mem 0xcbf00000-0xcbffffff]
[    0.212270] pci 0000:00:18.6:   bridge window [mem 0xda500000-0xda5fffff 64bit pref]
[    0.212731] pci 0000:00:18.7: PCI bridge to [bus 22-22]
[    0.212831] pci 0000:00:18.7:   bridge window [mem 0xcc300000-0xcc3fffff]
[    0.212875] pci 0000:00:18.7:   bridge window [mem 0xda900000-0xda9fffff 64bit pref]
[    0.214615] pci_bus 0000:00: on NUMA node 0
[    0.214621] ACPI: PCI Interrupt Routing Table [\_SB_.PCI0._PRT]
[    0.215231]  pci0000:00: Requesting ACPI _OSC control (0x1d)
[    0.215434]  pci0000:00: ACPI _OSC control (0x15) granted
[    0.306087] ACPI: PCI Interrupt Link [LNKA] (IRQs 3 4 5 6 7 *9 10 11 14 15)
[    0.306177] ACPI: PCI Interrupt Link [LNKB] (IRQs 3 4 5 6 7 9 10 *11 14 15)
[    0.306260] ACPI: PCI Interrupt Link [LNKC] (IRQs 3 4 5 6 7 9 *10 11 14 15)
[    0.306343] ACPI: PCI Interrupt Link [LNKD] (IRQs 3 4 *5 6 7 9 10 11 14 15)
[    0.306515] vgaarb: device added: PCI:0000:00:0f.0,decodes=io+mem,owns=io+mem,locks=none
[    0.306528] vgaarb: loaded
[    0.306529] vgaarb: bridge control possible 0000:00:0f.0
[    0.306662] i2c-core: driver [aat2870] using legacy suspend method
[    0.306664] i2c-core: driver [aat2870] using legacy resume method
[    0.306750] SCSI subsystem initialized
[    0.306799] libata version 3.00 loaded.
[    0.306841] usbcore: registered new interface driver usbfs
[    0.306855] usbcore: registered new interface driver hub
[    0.306886] usbcore: registered new device driver usb
[    0.306974] PCI: Using ACPI for IRQ routing
[    0.387609] PCI: pci_cache_line_size set to 64 bytes
[    0.387637] pci 0000:00:18.2: no compatible bridge window for [io  0xf000-0xffff]
[    0.388925] reserve RAM buffer: 000000000009f000 - 000000000009ffff 
[    0.388927] reserve RAM buffer: 000000003fee0000 - 000000003fffffff 
[    0.389060] NetLabel: Initializing
[    0.389062] NetLabel:  domain hash size = 128
[    0.389063] NetLabel:  protocols = UNLABELED CIPSOv4
[    0.389073] NetLabel:  unlabeled traffic allowed by default
[    0.389153] hpet0: at MMIO 0xfed00000, IRQs 2, 8, 0, 0, 0, 0, 0, 0, 0, 0, 0, 0, 0, 0, 0, 0
[    0.389163] hpet0: 16 comparators, 64-bit 14.318180 MHz counter
[    0.393201] Switching to clocksource hpet
[    0.401253] AppArmor: AppArmor Filesystem Enabled
[    0.401279] pnp: PnP ACPI init
[    0.401301] ACPI: bus type pnp registered
[    0.402187] pnp 00:00: [bus 00-ff]
[    0.402190] pnp 00:00: [mem 0x000a0000-0x000bffff window]
[    0.402192] pnp 00:00: [mem 0x000c0000-0x000c3fff window]
[    0.402195] pnp 00:00: [mem 0x000c4000-0x000c7fff window]
[    0.402197] pnp 00:00: [mem 0x000c8000-0x000cbfff window]
[    0.402200] pnp 00:00: [mem 0x000cc000-0x000cffff window]
[    0.402202] pnp 00:00: [mem 0x000d0000-0x000d3fff window]
[    0.402204] pnp 00:00: [mem 0x000d4000-0x000d7fff window]
[    0.402207] pnp 00:00: [mem 0x000d8000-0x000dbfff window]
[    0.402209] pnp 00:00: [mem 0x000dc000-0x000dffff window]
[    0.402211] pnp 00:00: [mem 0x000e0000-0x000e3fff window]
[    0.402214] pnp 00:00: [mem 0x000e4000-0x000e7fff window]
[    0.402216] pnp 00:00: [mem 0x000e8000-0x000ebfff window]
[    0.402218] pnp 00:00: [mem 0x000ec000-0x000effff window]
[    0.402221] pnp 00:00: [mem 0xc0000000-0xfebfffff window]
[    0.402223] pnp 00:00: [io  0x0cf8-0x0cff]
[    0.402226] pnp 00:00: [io  0x0000-0x0cf7 window]
[    0.402228] pnp 00:00: [io  0x0d00-0xfeff window]
[    0.402280] pnp 00:00: Plug and Play ACPI device, IDs PNP0a03 PNP0a08 (active)
[    0.402364] pnp 00:01: [io  0x0010-0x001f]
[    0.402367] pnp 00:01: [io  0x0024-0x0025]
[    0.402369] pnp 00:01: [io  0x0028-0x0029]
[    0.402370] pnp 00:01: [io  0x002c-0x002d]
[    0.402372] pnp 00:01: [io  0x002e-0x002f]
[    0.402374] pnp 00:01: [io  0x0030-0x0031]
[    0.402376] pnp 00:01: [io  0x0034-0x0035]
[    0.402378] pnp 00:01: [io  0x0038-0x0039]
[    0.402380] pnp 00:01: [io  0x003c-0x003d]
[    0.402382] pnp 00:01: [io  0x0050-0x0053]
[    0.402384] pnp 00:01: [io  0x0072-0x0077]
[    0.402386] pnp 00:01: [io  0x0080]
[    0.402388] pnp 00:01: [io  0x0090-0x009f]
[    0.402390] pnp 00:01: [io  0x00a4-0x00a5]
[    0.402392] pnp 00:01: [io  0x00a8-0x00a9]
[    0.402393] pnp 00:01: [io  0x00ac-0x00ad]
[    0.402395] pnp 00:01: [io  0x00b0-0x00b5]
[    0.402397] pnp 00:01: [io  0x00b8-0x00b9]
[    0.402399] pnp 00:01: [io  0x00bc-0x00bd]
[    0.402401] pnp 00:01: [io  0x1000-0x103f]
[    0.402403] pnp 00:01: [io  0x1040-0x104f]
[    0.402405] pnp 00:01: [io  0x0cf0-0x0cf1]
[    0.402505] system 00:01: [io  0x1000-0x103f] has been reserved
[    0.402511] system 00:01: [io  0x1040-0x104f] has been reserved
[    0.402514] system 00:01: [io  0x0cf0-0x0cf1] has been reserved
[    0.402518] system 00:01: Plug and Play ACPI device, IDs PNP0c02 (active)
[    0.402528] pnp 00:02: [io  0x0000-0x000f]
[    0.402530] pnp 00:02: [io  0x0081-0x008f]
[    0.402532] pnp 00:02: [io  0x00c0-0x00df]
[    0.402534] pnp 00:02: [dma 4]
[    0.402559] pnp 00:02: Plug and Play ACPI device, IDs PNP0200 (active)
[    0.402569] pnp 00:03: [io  0x0020-0x0021]
[    0.402571] pnp 00:03: [io  0x00a0-0x00a1]
[    0.402573] pnp 00:03: [io  0x04d0-0x04d1]
[    0.402575] pnp 00:03: [irq 2 disabled]
[    0.402599] pnp 00:03: Plug and Play ACPI device, IDs PNP0001 (active)
[    0.402609] pnp 00:04: [io  0x0070-0x0071]
[    0.402612] pnp 00:04: [irq 8]
[    0.402633] pnp 00:04: Plug and Play ACPI device, IDs PNP0b00 (active)
[    0.402641] pnp 00:05: [io  0x0061]
[    0.402662] pnp 00:05: Plug and Play ACPI device, IDs PNP0800 (active)
[    0.402670] pnp 00:06: [io  0x0060]
[    0.402671] pnp 00:06: [io  0x0064]
[    0.402673] pnp 00:06: [irq 1]
[    0.402698] pnp 00:06: Plug and Play ACPI device, IDs PNP0303 (active)
[    0.402706] pnp 00:07: [irq 12]
[    0.402727] pnp 00:07: Plug and Play ACPI device, IDs PNP0f13 (active)
[    0.402926] pnp 00:08: [mem 0xfed00000-0xfed003ff]
[    0.402975] system 00:08: [mem 0xfed00000-0xfed003ff] has been reserved
[    0.402979] system 00:08: Plug and Play ACPI device, IDs PNP0103 PNP0c01 (active)
[    0.413994] pnp 00:09: [io  0x0378-0x037f]
[    0.413998] pnp 00:09: [irq 7]
[    0.415241] pnp 00:09: Plug and Play ACPI device, IDs PNP0400 (active)
[    0.419298] pnp 00:0a: [io  0x03f8-0x03ff]
[    0.419300] pnp 00:0a: [irq 4]
[    0.420481] pnp 00:0a: Plug and Play ACPI device, IDs PNP0501 (active)
[    0.424240] pnp 00:0b: [io  0x02f8-0x02ff]
[    0.424244] pnp 00:0b: [irq 3]
[    0.425503] pnp 00:0b: Plug and Play ACPI device, IDs PNP0501 (active)
[    0.431967] pnp 00:0c: [io  0x03f0-0x03f5]
[    0.431970] pnp 00:0c: [io  0x03f7]
[    0.431973] pnp 00:0c: [irq 6]
[    0.431974] pnp 00:0c: [dma 2]
[    0.433369] pnp 00:0c: Plug and Play ACPI device, IDs PNP0700 (active)
[    0.433776] pnp 00:0d: [mem 0xe0000000-0xefffffff]
[    0.433779] pnp 00:0d: [io  0x1060-0x107f]
[    0.433782] pnp 00:0d: [mem 0xc8200000-0xc83fffff]
[    0.433855] system 00:0d: [io  0x1060-0x107f] has been reserved
[    0.433860] system 00:0d: [mem 0xe0000000-0xefffffff] has been reserved
[    0.433863] system 00:0d: [mem 0xc8200000-0xc83fffff] has been reserved
[    0.433867] system 00:0d: Plug and Play ACPI device, IDs PNP0c02 (active)
[    0.440910] pnp: PnP ACPI: found 14 devices
[    0.440914] ACPI: ACPI bus type pnp unregistered
[    0.440919] PnPBIOS: Disabled by ACPI PNP
[    0.477547] PCI: max bus depth: 1 pci_try_num: 2
[    0.477591] pci 0000:00:0f.0: BAR 6: assigned [mem 0xc0000000-0xc0007fff pref]
[    0.477596] pci 0000:00:10.0: BAR 6: assigned [mem 0xc0008000-0xc000bfff pref]
[    0.477601] pci 0000:00:18.7: BAR 13: can't assign io (size 0x1000)
[    0.477604] pci 0000:00:18.6: BAR 13: can't assign io (size 0x1000)
[    0.477607] pci 0000:00:18.5: BAR 13: can't assign io (size 0x1000)
[    0.477610] pci 0000:00:18.4: BAR 13: can't assign io (size 0x1000)
[    0.477613] pci 0000:00:18.3: BAR 13: can't assign io (size 0x1000)
[    0.477616] pci 0000:00:18.2: BAR 13: can't assign io (size 0x1000)
[    0.477619] pci 0000:00:17.7: BAR 13: can't assign io (size 0x1000)
[    0.477622] pci 0000:00:17.6: BAR 13: can't assign io (size 0x1000)
[    0.477625] pci 0000:00:17.5: BAR 13: can't assign io (size 0x1000)
[    0.477628] pci 0000:00:17.4: BAR 13: can't assign io (size 0x1000)
[    0.477631] pci 0000:00:17.3: BAR 13: can't assign io (size 0x1000)
[    0.477634] pci 0000:00:16.7: BAR 13: can't assign io (size 0x1000)
[    0.477637] pci 0000:00:16.6: BAR 13: can't assign io (size 0x1000)
[    0.477640] pci 0000:00:16.5: BAR 13: can't assign io (size 0x1000)
[    0.477643] pci 0000:00:16.4: BAR 13: can't assign io (size 0x1000)
[    0.477646] pci 0000:00:16.3: BAR 13: can't assign io (size 0x1000)
[    0.477649] pci 0000:00:15.7: BAR 13: can't assign io (size 0x1000)
[    0.477652] pci 0000:00:15.6: BAR 13: can't assign io (size 0x1000)
[    0.477655] pci 0000:00:15.5: BAR 13: can't assign io (size 0x1000)
[    0.477658] pci 0000:00:15.4: BAR 13: can't assign io (size 0x1000)
[    0.477661] pci 0000:00:15.3: BAR 13: can't assign io (size 0x1000)
[    0.477664] pci 0000:00:01.0: PCI bridge to [bus 01-01]
[    0.477708] pci 0000:02:01.0: BAR 6: assigned [mem 0xd8400000-0xd840ffff pref]
[    0.477711] pci 0000:00:11.0: PCI bridge to [bus 02-02]
[    0.477725] pci 0000:00:11.0:   bridge window [io  0x2000-0x3fff]
[    0.477760] pci 0000:00:11.0:   bridge window [mem 0xc9000000-0xca3fffff]
[    0.477784] pci 0000:00:11.0:   bridge window [mem 0xd8400000-0xd89fffff 64bit pref]
[    0.477828] pci 0000:00:15.0: PCI bridge to [bus 03-03]
[    0.477842] pci 0000:00:15.0:   bridge window [io  0x4000-0x4fff]
[    0.477876] pci 0000:00:15.0:   bridge window [mem 0xca400000-0xca4fffff]
[    0.477900] pci 0000:00:15.0:   bridge window [mem 0xd8a00000-0xd8afffff 64bit pref]
[    0.477944] pci 0000:00:15.1: PCI bridge to [bus 04-04]
[    0.477959] pci 0000:00:15.1:   bridge window [io  0x8000-0x8fff]
[    0.477993] pci 0000:00:15.1:   bridge window [mem 0xca800000-0xca8fffff]
[    0.478016] pci 0000:00:15.1:   bridge window [mem 0xd8e00000-0xd8efffff 64bit pref]
[    0.478061] pci 0000:00:15.2: PCI bridge to [bus 05-05]
[    0.478075] pci 0000:00:15.2:   bridge window [io  0xc000-0xcfff]
[    0.478109] pci 0000:00:15.2:   bridge window [mem 0xcac00000-0xcacfffff]
[    0.478133] pci 0000:00:15.2:   bridge window [mem 0xd9200000-0xd92fffff 64bit pref]
[    0.478177] pci 0000:00:15.3: PCI bridge to [bus 06-06]
[    0.478211] pci 0000:00:15.3:   bridge window [mem 0xcb000000-0xcb0fffff]
[    0.478235] pci 0000:00:15.3:   bridge window [mem 0xd9600000-0xd96fffff 64bit pref]
[    0.478279] pci 0000:00:15.4: PCI bridge to [bus 07-07]
[    0.478314] pci 0000:00:15.4:   bridge window [mem 0xcb400000-0xcb4fffff]
[    0.478337] pci 0000:00:15.4:   bridge window [mem 0xd9a00000-0xd9afffff 64bit pref]
[    0.478382] pci 0000:00:15.5: PCI bridge to [bus 08-08]
[    0.478416] pci 0000:00:15.5:   bridge window [mem 0xcb800000-0xcb8fffff]
[    0.478440] pci 0000:00:15.5:   bridge window [mem 0xd9e00000-0xd9efffff 64bit pref]
[    0.478484] pci 0000:00:15.6: PCI bridge to [bus 09-09]
[    0.478519] pci 0000:00:15.6:   bridge window [mem 0xcbc00000-0xcbcfffff]
[    0.478542] pci 0000:00:15.6:   bridge window [mem 0xda200000-0xda2fffff 64bit pref]
[    0.478586] pci 0000:00:15.7: PCI bridge to [bus 0a-0a]
[    0.478621] pci 0000:00:15.7:   bridge window [mem 0xcc000000-0xcc0fffff]
[    0.478644] pci 0000:00:15.7:   bridge window [mem 0xda600000-0xda6fffff 64bit pref]
[    0.478688] pci 0000:00:16.0: PCI bridge to [bus 0b-0b]
[    0.478702] pci 0000:00:16.0:   bridge window [io  0x5000-0x5fff]
[    0.478737] pci 0000:00:16.0:   bridge window [mem 0xca500000-0xca5fffff]
[    0.478760] pci 0000:00:16.0:   bridge window [mem 0xd8b00000-0xd8bfffff 64bit pref]
[    0.478805] pci 0000:00:16.1: PCI bridge to [bus 0c-0c]
[    0.478818] pci 0000:00:16.1:   bridge window [io  0x9000-0x9fff]
[    0.478852] pci 0000:00:16.1:   bridge window [mem 0xca900000-0xca9fffff]
[    0.478876] pci 0000:00:16.1:   bridge window [mem 0xd8f00000-0xd8ffffff 64bit pref]
[    0.478921] pci 0000:00:16.2: PCI bridge to [bus 0d-0d]
[    0.478935] pci 0000:00:16.2:   bridge window [io  0xd000-0xdfff]
[    0.478969] pci 0000:00:16.2:   bridge window [mem 0xcad00000-0xcadfffff]
[    0.478992] pci 0000:00:16.2:   bridge window [mem 0xd9300000-0xd93fffff 64bit pref]
[    0.479037] pci 0000:00:16.3: PCI bridge to [bus 0e-0e]
[    0.479071] pci 0000:00:16.3:   bridge window [mem 0xcb100000-0xcb1fffff]
[    0.479095] pci 0000:00:16.3:   bridge window [mem 0xd9700000-0xd97fffff 64bit pref]
[    0.479139] pci 0000:00:16.4: PCI bridge to [bus 0f-0f]
[    0.479174] pci 0000:00:16.4:   bridge window [mem 0xcb500000-0xcb5fffff]
[    0.479197] pci 0000:00:16.4:   bridge window [mem 0xd9b00000-0xd9bfffff 64bit pref]
[    0.479241] pci 0000:00:16.5: PCI bridge to [bus 10-10]
[    0.479276] pci 0000:00:16.5:   bridge window [mem 0xcb900000-0xcb9fffff]
[    0.479300] pci 0000:00:16.5:   bridge window [mem 0xd9f00000-0xd9ffffff 64bit pref]
[    0.479344] pci 0000:00:16.6: PCI bridge to [bus 11-11]
[    0.479378] pci 0000:00:16.6:   bridge window [mem 0xcbd00000-0xcbdfffff]
[    0.479402] pci 0000:00:16.6:   bridge window [mem 0xda300000-0xda3fffff 64bit pref]
[    0.479446] pci 0000:00:16.7: PCI bridge to [bus 12-12]
[    0.479480] pci 0000:00:16.7:   bridge window [mem 0xcc100000-0xcc1fffff]
[    0.479504] pci 0000:00:16.7:   bridge window [mem 0xda700000-0xda7fffff 64bit pref]
[    0.479548] pci 0000:00:17.0: PCI bridge to [bus 13-13]
[    0.479562] pci 0000:00:17.0:   bridge window [io  0x6000-0x6fff]
[    0.479597] pci 0000:00:17.0:   bridge window [mem 0xca600000-0xca6fffff]
[    0.479620] pci 0000:00:17.0:   bridge window [mem 0xd8c00000-0xd8cfffff 64bit pref]
[    0.479665] pci 0000:00:17.1: PCI bridge to [bus 14-14]
[    0.479679] pci 0000:00:17.1:   bridge window [io  0xa000-0xafff]
[    0.479713] pci 0000:00:17.1:   bridge window [mem 0xcaa00000-0xcaafffff]
[    0.479749] pci 0000:00:17.1:   bridge window [mem 0xd9000000-0xd90fffff 64bit pref]
[    0.479794] pci 0000:00:17.2: PCI bridge to [bus 15-15]
[    0.479808] pci 0000:00:17.2:   bridge window [io  0xe000-0xefff]
[    0.479842] pci 0000:00:17.2:   bridge window [mem 0xcae00000-0xcaefffff]
[    0.479865] pci 0000:00:17.2:   bridge window [mem 0xd9400000-0xd94fffff 64bit pref]
[    0.479910] pci 0000:00:17.3: PCI bridge to [bus 16-16]
[    0.479944] pci 0000:00:17.3:   bridge window [mem 0xcb200000-0xcb2fffff]
[    0.479968] pci 0000:00:17.3:   bridge window [mem 0xd9800000-0xd98fffff 64bit pref]
[    0.480012] pci 0000:00:17.4: PCI bridge to [bus 17-17]
[    0.480046] pci 0000:00:17.4:   bridge window [mem 0xcb600000-0xcb6fffff]
[    0.480070] pci 0000:00:17.4:   bridge window [mem 0xd9c00000-0xd9cfffff 64bit pref]
[    0.480114] pci 0000:00:17.5: PCI bridge to [bus 18-18]
[    0.480149] pci 0000:00:17.5:   bridge window [mem 0xcba00000-0xcbafffff]
[    0.480172] pci 0000:00:17.5:   bridge window [mem 0xda000000-0xda0fffff 64bit pref]
[    0.480216] pci 0000:00:17.6: PCI bridge to [bus 19-19]
[    0.480251] pci 0000:00:17.6:   bridge window [mem 0xcbe00000-0xcbefffff]
[    0.480274] pci 0000:00:17.6:   bridge window [mem 0xda400000-0xda4fffff 64bit pref]
[    0.480318] pci 0000:00:17.7: PCI bridge to [bus 1a-1a]
[    0.480352] pci 0000:00:17.7:   bridge window [mem 0xcc200000-0xcc2fffff]
[    0.480376] pci 0000:00:17.7:   bridge window [mem 0xda800000-0xda8fffff 64bit pref]
[    0.480420] pci 0000:00:18.0: PCI bridge to [bus 1b-1b]
[    0.480435] pci 0000:00:18.0:   bridge window [io  0x7000-0x7fff]
[    0.480469] pci 0000:00:18.0:   bridge window [mem 0xca700000-0xca7fffff]
[    0.480492] pci 0000:00:18.0:   bridge window [mem 0xd8d00000-0xd8dfffff 64bit pref]
[    0.480537] pci 0000:00:18.1: PCI bridge to [bus 1c-1c]
[    0.480551] pci 0000:00:18.1:   bridge window [io  0xb000-0xbfff]
[    0.480585] pci 0000:00:18.1:   bridge window [mem 0xcab00000-0xcabfffff]
[    0.480608] pci 0000:00:18.1:   bridge window [mem 0xd9100000-0xd91fffff 64bit pref]
[    0.480653] pci 0000:00:18.2: PCI bridge to [bus 1d-1d]
[    0.480697] pci 0000:00:18.2:   bridge window [mem 0xcaf00000-0xcaffffff]
[    0.480722] pci 0000:00:18.2:   bridge window [mem 0xd9500000-0xd95fffff 64bit pref]
[    0.480766] pci 0000:00:18.3: PCI bridge to [bus 1e-1e]
[    0.480800] pci 0000:00:18.3:   bridge window [mem 0xcb300000-0xcb3fffff]
[    0.480824] pci 0000:00:18.3:   bridge window [mem 0xd9900000-0xd99fffff 64bit pref]
[    0.480868] pci 0000:00:18.4: PCI bridge to [bus 1f-1f]
[    0.480902] pci 0000:00:18.4:   bridge window [mem 0xcb700000-0xcb7fffff]
[    0.480926] pci 0000:00:18.4:   bridge window [mem 0xd9d00000-0xd9dfffff 64bit pref]
[    0.480970] pci 0000:00:18.5: PCI bridge to [bus 20-20]
[    0.481004] pci 0000:00:18.5:   bridge window [mem 0xcbb00000-0xcbbfffff]
[    0.481028] pci 0000:00:18.5:   bridge window [mem 0xda100000-0xda1fffff 64bit pref]
[    0.481082] pci 0000:00:18.6: PCI bridge to [bus 21-21]
[    0.481117] pci 0000:00:18.6:   bridge window [mem 0xcbf00000-0xcbffffff]
[    0.481141] pci 0000:00:18.6:   bridge window [mem 0xda500000-0xda5fffff 64bit pref]
[    0.481185] pci 0000:00:18.7: PCI bridge to [bus 22-22]
[    0.481220] pci 0000:00:18.7:   bridge window [mem 0xcc300000-0xcc3fffff]
[    0.481244] pci 0000:00:18.7:   bridge window [mem 0xda900000-0xda9fffff 64bit pref]
[    0.481288] pci 0000:00:01.0: setting latency timer to 64
[    0.481332] pci 0000:00:15.0: setting latency timer to 64
[    0.481376] pci 0000:00:15.1: setting latency timer to 64
[    0.481421] pci 0000:00:15.2: setting latency timer to 64
[    0.481465] pci 0000:00:15.3: setting latency timer to 64
[    0.481509] pci 0000:00:15.4: setting latency timer to 64
[    0.481553] pci 0000:00:15.5: setting latency timer to 64
[    0.481598] pci 0000:00:15.6: setting latency timer to 64
[    0.481642] pci 0000:00:15.7: setting latency timer to 64
[    0.481686] pci 0000:00:16.0: setting latency timer to 64
[    0.481730] pci 0000:00:16.1: setting latency timer to 64
[    0.481775] pci 0000:00:16.2: setting latency timer to 64
[    0.481819] pci 0000:00:16.3: setting latency timer to 64
[    0.481863] pci 0000:00:16.4: setting latency timer to 64
[    0.481907] pci 0000:00:16.5: setting latency timer to 64
[    0.481952] pci 0000:00:16.6: setting latency timer to 64
[    0.481996] pci 0000:00:16.7: setting latency timer to 64
[    0.482040] pci 0000:00:17.0: setting latency timer to 64
[    0.482085] pci 0000:00:17.1: setting latency timer to 64
[    0.482129] pci 0000:00:17.2: setting latency timer to 64
[    0.482173] pci 0000:00:17.3: setting latency timer to 64
[    0.482217] pci 0000:00:17.4: setting latency timer to 64
[    0.482262] pci 0000:00:17.5: setting latency timer to 64
[    0.482306] pci 0000:00:17.6: setting latency timer to 64
[    0.482350] pci 0000:00:17.7: setting latency timer to 64
[    0.482394] pci 0000:00:18.0: setting latency timer to 64
[    0.482439] pci 0000:00:18.1: setting latency timer to 64
[    0.482483] pci 0000:00:18.2: setting latency timer to 64
[    0.482527] pci 0000:00:18.3: setting latency timer to 64
[    0.482571] pci 0000:00:18.4: setting latency timer to 64
[    0.482616] pci 0000:00:18.5: setting latency timer to 64
[    0.482660] pci 0000:00:18.6: setting latency timer to 64
[    0.482704] pci 0000:00:18.7: setting latency timer to 64
[    0.482719] pci_bus 0000:00: resource 4 [mem 0x000a0000-0x000bffff]
[    0.482721] pci_bus 0000:00: resource 5 [mem 0x000cc000-0x000cffff]
[    0.482723] pci_bus 0000:00: resource 6 [mem 0x000d0000-0x000d3fff]
[    0.482725] pci_bus 0000:00: resource 7 [mem 0x000d4000-0x000d7fff]
[    0.482727] pci_bus 0000:00: resource 8 [mem 0x000d8000-0x000dbfff]
[    0.482729] pci_bus 0000:00: resource 9 [mem 0xc0000000-0xfebfffff]
[    0.482731] pci_bus 0000:00: resource 10 [io  0x0000-0x0cf7]
[    0.482733] pci_bus 0000:00: resource 11 [io  0x0d00-0xfeff]
[    0.482736] pci_bus 0000:02: resource 0 [io  0x2000-0x3fff]
[    0.482738] pci_bus 0000:02: resource 1 [mem 0xc9000000-0xca3fffff]
[    0.482740] pci_bus 0000:02: resource 2 [mem 0xd8400000-0xd89fffff 64bit pref]
[    0.482742] pci_bus 0000:02: resource 4 [mem 0x000a0000-0x000bffff]
[    0.482744] pci_bus 0000:02: resource 5 [mem 0x000cc000-0x000cffff]
[    0.482746] pci_bus 0000:02: resource 6 [mem 0x000d0000-0x000d3fff]
[    0.482748] pci_bus 0000:02: resource 7 [mem 0x000d4000-0x000d7fff]
[    0.482750] pci_bus 0000:02: resource 8 [mem 0x000d8000-0x000dbfff]
[    0.482752] pci_bus 0000:02: resource 9 [mem 0xc0000000-0xfebfffff]
[    0.482754] pci_bus 0000:02: resource 10 [io  0x0000-0x0cf7]
[    0.482756] pci_bus 0000:02: resource 11 [io  0x0d00-0xfeff]
[    0.482758] pci_bus 0000:03: resource 0 [io  0x4000-0x4fff]
[    0.482760] pci_bus 0000:03: resource 1 [mem 0xca400000-0xca4fffff]
[    0.482763] pci_bus 0000:03: resource 2 [mem 0xd8a00000-0xd8afffff 64bit pref]
[    0.482765] pci_bus 0000:04: resource 0 [io  0x8000-0x8fff]
[    0.482767] pci_bus 0000:04: resource 1 [mem 0xca800000-0xca8fffff]
[    0.482769] pci_bus 0000:04: resource 2 [mem 0xd8e00000-0xd8efffff 64bit pref]
[    0.482771] pci_bus 0000:05: resource 0 [io  0xc000-0xcfff]
[    0.482773] pci_bus 0000:05: resource 1 [mem 0xcac00000-0xcacfffff]
[    0.482775] pci_bus 0000:05: resource 2 [mem 0xd9200000-0xd92fffff 64bit pref]
[    0.482778] pci_bus 0000:06: resource 1 [mem 0xcb000000-0xcb0fffff]
[    0.482780] pci_bus 0000:06: resource 2 [mem 0xd9600000-0xd96fffff 64bit pref]
[    0.482782] pci_bus 0000:07: resource 1 [mem 0xcb400000-0xcb4fffff]
[    0.482784] pci_bus 0000:07: resource 2 [mem 0xd9a00000-0xd9afffff 64bit pref]
[    0.482786] pci_bus 0000:08: resource 1 [mem 0xcb800000-0xcb8fffff]
[    0.482789] pci_bus 0000:08: resource 2 [mem 0xd9e00000-0xd9efffff 64bit pref]
[    0.482791] pci_bus 0000:09: resource 1 [mem 0xcbc00000-0xcbcfffff]
[    0.482793] pci_bus 0000:09: resource 2 [mem 0xda200000-0xda2fffff 64bit pref]
[    0.482795] pci_bus 0000:0a: resource 1 [mem 0xcc000000-0xcc0fffff]
[    0.482797] pci_bus 0000:0a: resource 2 [mem 0xda600000-0xda6fffff 64bit pref]
[    0.482800] pci_bus 0000:0b: resource 0 [io  0x5000-0x5fff]
[    0.482802] pci_bus 0000:0b: resource 1 [mem 0xca500000-0xca5fffff]
[    0.482804] pci_bus 0000:0b: resource 2 [mem 0xd8b00000-0xd8bfffff 64bit pref]
[    0.482806] pci_bus 0000:0c: resource 0 [io  0x9000-0x9fff]
[    0.482808] pci_bus 0000:0c: resource 1 [mem 0xca900000-0xca9fffff]
[    0.482810] pci_bus 0000:0c: resource 2 [mem 0xd8f00000-0xd8ffffff 64bit pref]
[    0.482812] pci_bus 0000:0d: resource 0 [io  0xd000-0xdfff]
[    0.482814] pci_bus 0000:0d: resource 1 [mem 0xcad00000-0xcadfffff]
[    0.482816] pci_bus 0000:0d: resource 2 [mem 0xd9300000-0xd93fffff 64bit pref]
[    0.482819] pci_bus 0000:0e: resource 1 [mem 0xcb100000-0xcb1fffff]
[    0.482821] pci_bus 0000:0e: resource 2 [mem 0xd9700000-0xd97fffff 64bit pref]
[    0.482823] pci_bus 0000:0f: resource 1 [mem 0xcb500000-0xcb5fffff]
[    0.482825] pci_bus 0000:0f: resource 2 [mem 0xd9b00000-0xd9bfffff 64bit pref]
[    0.482827] pci_bus 0000:10: resource 1 [mem 0xcb900000-0xcb9fffff]
[    0.482830] pci_bus 0000:10: resource 2 [mem 0xd9f00000-0xd9ffffff 64bit pref]
[    0.482832] pci_bus 0000:11: resource 1 [mem 0xcbd00000-0xcbdfffff]
[    0.482834] pci_bus 0000:11: resource 2 [mem 0xda300000-0xda3fffff 64bit pref]
[    0.482836] pci_bus 0000:12: resource 1 [mem 0xcc100000-0xcc1fffff]
[    0.482838] pci_bus 0000:12: resource 2 [mem 0xda700000-0xda7fffff 64bit pref]
[    0.482841] pci_bus 0000:13: resource 0 [io  0x6000-0x6fff]
[    0.482843] pci_bus 0000:13: resource 1 [mem 0xca600000-0xca6fffff]
[    0.482845] pci_bus 0000:13: resource 2 [mem 0xd8c00000-0xd8cfffff 64bit pref]
[    0.482847] pci_bus 0000:14: resource 0 [io  0xa000-0xafff]
[    0.482849] pci_bus 0000:14: resource 1 [mem 0xcaa00000-0xcaafffff]
[    0.482851] pci_bus 0000:14: resource 2 [mem 0xd9000000-0xd90fffff 64bit pref]
[    0.482853] pci_bus 0000:15: resource 0 [io  0xe000-0xefff]
[    0.482855] pci_bus 0000:15: resource 1 [mem 0xcae00000-0xcaefffff]
[    0.482857] pci_bus 0000:15: resource 2 [mem 0xd9400000-0xd94fffff 64bit pref]
[    0.482860] pci_bus 0000:16: resource 1 [mem 0xcb200000-0xcb2fffff]
[    0.482862] pci_bus 0000:16: resource 2 [mem 0xd9800000-0xd98fffff 64bit pref]
[    0.482864] pci_bus 0000:17: resource 1 [mem 0xcb600000-0xcb6fffff]
[    0.482866] pci_bus 0000:17: resource 2 [mem 0xd9c00000-0xd9cfffff 64bit pref]
[    0.482868] pci_bus 0000:18: resource 1 [mem 0xcba00000-0xcbafffff]
[    0.482871] pci_bus 0000:18: resource 2 [mem 0xda000000-0xda0fffff 64bit pref]
[    0.482873] pci_bus 0000:19: resource 1 [mem 0xcbe00000-0xcbefffff]
[    0.482875] pci_bus 0000:19: resource 2 [mem 0xda400000-0xda4fffff 64bit pref]
[    0.482877] pci_bus 0000:1a: resource 1 [mem 0xcc200000-0xcc2fffff]
[    0.482879] pci_bus 0000:1a: resource 2 [mem 0xda800000-0xda8fffff 64bit pref]
[    0.482881] pci_bus 0000:1b: resource 0 [io  0x7000-0x7fff]
[    0.482883] pci_bus 0000:1b: resource 1 [mem 0xca700000-0xca7fffff]
[    0.482886] pci_bus 0000:1b: resource 2 [mem 0xd8d00000-0xd8dfffff 64bit pref]
[    0.482888] pci_bus 0000:1c: resource 0 [io  0xb000-0xbfff]
[    0.482890] pci_bus 0000:1c: resource 1 [mem 0xcab00000-0xcabfffff]
[    0.482892] pci_bus 0000:1c: resource 2 [mem 0xd9100000-0xd91fffff 64bit pref]
[    0.482894] pci_bus 0000:1d: resource 1 [mem 0xcaf00000-0xcaffffff]
[    0.482896] pci_bus 0000:1d: resource 2 [mem 0xd9500000-0xd95fffff 64bit pref]
[    0.482898] pci_bus 0000:1e: resource 1 [mem 0xcb300000-0xcb3fffff]
[    0.482901] pci_bus 0000:1e: resource 2 [mem 0xd9900000-0xd99fffff 64bit pref]
[    0.482903] pci_bus 0000:1f: resource 1 [mem 0xcb700000-0xcb7fffff]
[    0.482905] pci_bus 0000:1f: resource 2 [mem 0xd9d00000-0xd9dfffff 64bit pref]
[    0.482907] pci_bus 0000:20: resource 1 [mem 0xcbb00000-0xcbbfffff]
[    0.482909] pci_bus 0000:20: resource 2 [mem 0xda100000-0xda1fffff 64bit pref]
[    0.482911] pci_bus 0000:21: resource 1 [mem 0xcbf00000-0xcbffffff]
[    0.482914] pci_bus 0000:21: resource 2 [mem 0xda500000-0xda5fffff 64bit pref]
[    0.482916] pci_bus 0000:22: resource 1 [mem 0xcc300000-0xcc3fffff]
[    0.482918] pci_bus 0000:22: resource 2 [mem 0xda900000-0xda9fffff 64bit pref]
[    0.482954] NET: Registered protocol family 2
[    0.482994] IP route cache hash table entries: 32768 (order: 5, 131072 bytes)
[    0.483038] TCP established hash table entries: 131072 (order: 8, 1048576 bytes)
[    0.483083] TCP bind hash table entries: 65536 (order: 7, 524288 bytes)
[    0.483127] TCP: Hash tables configured (established 131072 bind 65536)
[    0.483129] TCP reno registered
[    0.483132] UDP hash table entries: 512 (order: 2, 16384 bytes)
[    0.483139] UDP-Lite hash table entries: 512 (order: 2, 16384 bytes)
[    0.483178] NET: Registered protocol family 1
[    0.483186] pci 0000:00:00.0: Limiting direct PCI/PCI transfers
[    0.483231] pci 0000:00:0f.0: Boot video device
[    0.483275] ACPI: PCI Interrupt Link [LNKC] enabled at IRQ 10
[    0.483279] PCI: setting IRQ 10 as level-triggered
[    0.483308] pci 0000:02:00.0: PCI INT A -> Link[LNKC] -> GSI 10 (level, low) -> IRQ 10
[    0.483402] pci 0000:02:00.0: PCI INT A disabled
[    0.483446] ACPI: PCI Interrupt Link [LNKB] enabled at IRQ 11
[    0.483449] PCI: setting IRQ 11 as level-triggered
[    0.483453] pci 0000:02:03.0: PCI INT A -> Link[LNKB] -> GSI 11 (level, low) -> IRQ 11
[    0.483498] pci 0000:02:03.0: PCI INT A disabled
[    0.483513] PCI: CLS 32 bytes, default 64
[    0.483570] Simple Boot Flag at 0x36 set to 0x1
[    0.483583] Switching to clocksource tsc
[    0.483806] audit: initializing netlink socket (disabled)
[    0.483813] type=2000 audit(1369634656.462:1): initialized
[    0.497172] Trying to unpack rootfs image as initramfs...
[    0.517263] highmem bounce pool size: 64 pages
[    0.517268] HugeTLB registered 2 MB page size, pre-allocated 0 pages
[    0.521280] VFS: Disk quotas dquot_6.5.2
[    0.521324] Dquot-cache hash table entries: 1024 (order 0, 4096 bytes)
[    0.521506] fuse init (API version 7.17)
[    0.521592] msgmni has been set to 1710
[    0.537097] Block layer SCSI generic (bsg) driver version 0.4 loaded (major 253)
[    0.537129] io scheduler noop registered
[    0.537131] io scheduler deadline registered
[    0.537137] io scheduler cfq registered (default)
[    0.537181] pcieport 0000:00:15.0: setting latency timer to 64
[    0.537225] pcieport 0000:00:15.0: irq 40 for MSI/MSI-X
[    0.537270] pcieport 0000:00:15.1: setting latency timer to 64
[    0.537314] pcieport 0000:00:15.1: irq 41 for MSI/MSI-X
[    0.537358] pcieport 0000:00:15.2: setting latency timer to 64
[    0.537402] pcieport 0000:00:15.2: irq 42 for MSI/MSI-X
[    0.537447] pcieport 0000:00:15.3: setting latency timer to 64
[    0.537491] pcieport 0000:00:15.3: irq 43 for MSI/MSI-X
[    0.537535] pcieport 0000:00:15.4: setting latency timer to 64
[    0.537579] pcieport 0000:00:15.4: irq 44 for MSI/MSI-X
[    0.537624] pcieport 0000:00:15.5: setting latency timer to 64
[    0.537668] pcieport 0000:00:15.5: irq 45 for MSI/MSI-X
[    0.537712] pcieport 0000:00:15.6: setting latency timer to 64
[    0.537757] pcieport 0000:00:15.6: irq 46 for MSI/MSI-X
[    0.537801] pcieport 0000:00:15.7: setting latency timer to 64
[    0.537845] pcieport 0000:00:15.7: irq 47 for MSI/MSI-X
[    0.537889] pcieport 0000:00:16.0: setting latency timer to 64
[    0.537934] pcieport 0000:00:16.0: irq 48 for MSI/MSI-X
[    0.537978] pcieport 0000:00:16.1: setting latency timer to 64
[    0.538022] pcieport 0000:00:16.1: irq 49 for MSI/MSI-X
[    0.538066] pcieport 0000:00:16.2: setting latency timer to 64
[    0.538111] pcieport 0000:00:16.2: irq 50 for MSI/MSI-X
[    0.538155] pcieport 0000:00:16.3: setting latency timer to 64
[    0.538199] pcieport 0000:00:16.3: irq 51 for MSI/MSI-X
[    0.538243] pcieport 0000:00:16.4: setting latency timer to 64
[    0.538288] pcieport 0000:00:16.4: irq 52 for MSI/MSI-X
[    0.538332] pcieport 0000:00:16.5: setting latency timer to 64
[    0.538376] pcieport 0000:00:16.5: irq 53 for MSI/MSI-X
[    0.538420] pcieport 0000:00:16.6: setting latency timer to 64
[    0.538465] pcieport 0000:00:16.6: irq 54 for MSI/MSI-X
[    0.538509] pcieport 0000:00:16.7: setting latency timer to 64
[    0.538553] pcieport 0000:00:16.7: irq 55 for MSI/MSI-X
[    0.538598] pcieport 0000:00:17.0: setting latency timer to 64
[    0.538642] pcieport 0000:00:17.0: irq 56 for MSI/MSI-X
[    0.538686] pcieport 0000:00:17.1: setting latency timer to 64
[    0.538730] pcieport 0000:00:17.1: irq 57 for MSI/MSI-X
[    0.538775] pcieport 0000:00:17.2: setting latency timer to 64
[    0.538819] pcieport 0000:00:17.2: irq 58 for MSI/MSI-X
[    0.538863] pcieport 0000:00:17.3: setting latency timer to 64
[    0.538907] pcieport 0000:00:17.3: irq 59 for MSI/MSI-X
[    0.538952] pcieport 0000:00:17.4: setting latency timer to 64
[    0.538996] pcieport 0000:00:17.4: irq 60 for MSI/MSI-X
[    0.539040] pcieport 0000:00:17.5: setting latency timer to 64
[    0.539084] pcieport 0000:00:17.5: irq 61 for MSI/MSI-X
[    0.539129] pcieport 0000:00:17.6: setting latency timer to 64
[    0.539173] pcieport 0000:00:17.6: irq 62 for MSI/MSI-X
[    0.539217] pcieport 0000:00:17.7: setting latency timer to 64
[    0.539261] pcieport 0000:00:17.7: irq 63 for MSI/MSI-X
[    0.539306] pcieport 0000:00:18.0: setting latency timer to 64
[    0.539350] pcieport 0000:00:18.0: irq 64 for MSI/MSI-X
[    0.539394] pcieport 0000:00:18.1: setting latency timer to 64
[    0.539438] pcieport 0000:00:18.1: irq 65 for MSI/MSI-X
[    0.539483] pcieport 0000:00:18.2: setting latency timer to 64
[    0.539527] pcieport 0000:00:18.2: irq 66 for MSI/MSI-X
[    0.539571] pcieport 0000:00:18.3: setting latency timer to 64
[    0.539616] pcieport 0000:00:18.3: irq 67 for MSI/MSI-X
[    0.539660] pcieport 0000:00:18.4: setting latency timer to 64
[    0.539704] pcieport 0000:00:18.4: irq 68 for MSI/MSI-X
[    0.539748] pcieport 0000:00:18.5: setting latency timer to 64
[    0.539793] pcieport 0000:00:18.5: irq 69 for MSI/MSI-X
[    0.539837] pcieport 0000:00:18.6: setting latency timer to 64
[    0.539881] pcieport 0000:00:18.6: irq 70 for MSI/MSI-X
[    0.539925] pcieport 0000:00:18.7: setting latency timer to 64
[    0.539970] pcieport 0000:00:18.7: irq 71 for MSI/MSI-X
[    0.540014] pcieport 0000:00:15.0: Signaling PME through PCIe PME interrupt
[    0.540040] pcie_pme 0000:00:15.0:pcie01: service driver pcie_pme loaded
[    0.540084] pcieport 0000:00:15.1: Signaling PME through PCIe PME interrupt
[    0.540110] pcie_pme 0000:00:15.1:pcie01: service driver pcie_pme loaded
[    0.540154] pcieport 0000:00:15.2: Signaling PME through PCIe PME interrupt
[    0.540179] pcie_pme 0000:00:15.2:pcie01: service driver pcie_pme loaded
[    0.540224] pcieport 0000:00:15.3: Signaling PME through PCIe PME interrupt
[    0.540255] pcie_pme 0000:00:15.3:pcie01: service driver pcie_pme loaded
[    0.540299] pcieport 0000:00:15.4: Signaling PME through PCIe PME interrupt
[    0.540325] pcie_pme 0000:00:15.4:pcie01: service driver pcie_pme loaded
[    0.540369] pcieport 0000:00:15.5: Signaling PME through PCIe PME interrupt
[    0.540395] pcie_pme 0000:00:15.5:pcie01: service driver pcie_pme loaded
[    0.540439] pcieport 0000:00:15.6: Signaling PME through PCIe PME interrupt
[    0.540465] pcie_pme 0000:00:15.6:pcie01: service driver pcie_pme loaded
[    0.540509] pcieport 0000:00:15.7: Signaling PME through PCIe PME interrupt
[    0.540534] pcie_pme 0000:00:15.7:pcie01: service driver pcie_pme loaded
[    0.540578] pcieport 0000:00:16.0: Signaling PME through PCIe PME interrupt
[    0.540604] pcie_pme 0000:00:16.0:pcie01: service driver pcie_pme loaded
[    0.540648] pcieport 0000:00:16.1: Signaling PME through PCIe PME interrupt
[    0.540673] pcie_pme 0000:00:16.1:pcie01: service driver pcie_pme loaded
[    0.540718] pcieport 0000:00:16.2: Signaling PME through PCIe PME interrupt
[    0.540748] pcie_pme 0000:00:16.2:pcie01: service driver pcie_pme loaded
[    0.540793] pcieport 0000:00:16.3: Signaling PME through PCIe PME interrupt
[    0.540824] pcie_pme 0000:00:16.3:pcie01: service driver pcie_pme loaded
[    0.540868] pcieport 0000:00:16.4: Signaling PME through PCIe PME interrupt
[    0.540899] pcie_pme 0000:00:16.4:pcie01: service driver pcie_pme loaded
[    0.541076] pcieport 0000:00:16.5: Signaling PME through PCIe PME interrupt
[    0.541109] pcie_pme 0000:00:16.5:pcie01: service driver pcie_pme loaded
[    0.541153] pcieport 0000:00:16.6: Signaling PME through PCIe PME interrupt
[    0.541184] pcie_pme 0000:00:16.6:pcie01: service driver pcie_pme loaded
[    0.541229] pcieport 0000:00:16.7: Signaling PME through PCIe PME interrupt
[    0.541260] pcie_pme 0000:00:16.7:pcie01: service driver pcie_pme loaded
[    0.541304] pcieport 0000:00:17.0: Signaling PME through PCIe PME interrupt
[    0.541334] pcie_pme 0000:00:17.0:pcie01: service driver pcie_pme loaded
[    0.541379] pcieport 0000:00:17.1: Signaling PME through PCIe PME interrupt
[    0.541409] pcie_pme 0000:00:17.1:pcie01: service driver pcie_pme loaded
[    0.541453] pcieport 0000:00:17.2: Signaling PME through PCIe PME interrupt
[    0.541483] pcie_pme 0000:00:17.2:pcie01: service driver pcie_pme loaded
[    0.541527] pcieport 0000:00:17.3: Signaling PME through PCIe PME interrupt
[    0.541558] pcie_pme 0000:00:17.3:pcie01: service driver pcie_pme loaded
[    0.541602] pcieport 0000:00:17.4: Signaling PME through PCIe PME interrupt
[    0.541634] pcie_pme 0000:00:17.4:pcie01: service driver pcie_pme loaded
[    0.541678] pcieport 0000:00:17.5: Signaling PME through PCIe PME interrupt
[    0.541710] pcie_pme 0000:00:17.5:pcie01: service driver pcie_pme loaded
[    0.541754] pcieport 0000:00:17.6: Signaling PME through PCIe PME interrupt
[    0.541785] pcie_pme 0000:00:17.6:pcie01: service driver pcie_pme loaded
[    0.541829] pcieport 0000:00:17.7: Signaling PME through PCIe PME interrupt
[    0.541860] pcie_pme 0000:00:17.7:pcie01: service driver pcie_pme loaded
[    0.541904] pcieport 0000:00:18.0: Signaling PME through PCIe PME interrupt
[    0.541935] pcie_pme 0000:00:18.0:pcie01: service driver pcie_pme loaded
[    0.541980] pcieport 0000:00:18.1: Signaling PME through PCIe PME interrupt
[    0.542010] pcie_pme 0000:00:18.1:pcie01: service driver pcie_pme loaded
[    0.542054] pcieport 0000:00:18.2: Signaling PME through PCIe PME interrupt
[    0.542085] pcie_pme 0000:00:18.2:pcie01: service driver pcie_pme loaded
[    0.542129] pcieport 0000:00:18.3: Signaling PME through PCIe PME interrupt
[    0.542159] pcie_pme 0000:00:18.3:pcie01: service driver pcie_pme loaded
[    0.542204] pcieport 0000:00:18.4: Signaling PME through PCIe PME interrupt
[    0.542234] pcie_pme 0000:00:18.4:pcie01: service driver pcie_pme loaded
[    0.542279] pcieport 0000:00:18.5: Signaling PME through PCIe PME interrupt
[    0.542309] pcie_pme 0000:00:18.5:pcie01: service driver pcie_pme loaded
[    0.542353] pcieport 0000:00:18.6: Signaling PME through PCIe PME interrupt
[    0.542385] pcie_pme 0000:00:18.6:pcie01: service driver pcie_pme loaded
[    0.542429] pcieport 0000:00:18.7: Signaling PME through PCIe PME interrupt
[    0.542473] pcie_pme 0000:00:18.7:pcie01: service driver pcie_pme loaded
[    0.542508] pci_hotplug: PCI Hot Plug PCI Core version: 0.5
[    0.542552] pciehp 0000:00:15.0:pcie04: HPC vendor_id 15ad device_id 7a0 ss_vid 15ad ss_did 7a0
[    0.542596] pciehp 0000:00:15.0:pcie04: service driver pciehp loaded
[    0.542640] pciehp 0000:00:15.1:pcie04: HPC vendor_id 15ad device_id 7a0 ss_vid 15ad ss_did 7a0
[    0.542685] pciehp 0000:00:15.1:pcie04: service driver pciehp loaded
[    0.542729] pciehp 0000:00:15.2:pcie04: HPC vendor_id 15ad device_id 7a0 ss_vid 15ad ss_did 7a0
[    0.542773] pciehp 0000:00:15.2:pcie04: service driver pciehp loaded
[    0.542817] pciehp 0000:00:15.3:pcie04: HPC vendor_id 15ad device_id 7a0 ss_vid 15ad ss_did 7a0
[    0.542862] pciehp 0000:00:15.3:pcie04: service driver pciehp loaded
[    0.542906] pciehp 0000:00:15.4:pcie04: HPC vendor_id 15ad device_id 7a0 ss_vid 15ad ss_did 7a0
[    0.542950] pciehp 0000:00:15.4:pcie04: service driver pciehp loaded
[    0.542995] pciehp 0000:00:15.5:pcie04: HPC vendor_id 15ad device_id 7a0 ss_vid 15ad ss_did 7a0
[    0.543039] pciehp 0000:00:15.5:pcie04: service driver pciehp loaded
[    0.543083] pciehp 0000:00:15.6:pcie04: HPC vendor_id 15ad device_id 7a0 ss_vid 15ad ss_did 7a0
[    0.543127] pciehp 0000:00:15.6:pcie04: service driver pciehp loaded
[    0.543172] pciehp 0000:00:15.7:pcie04: HPC vendor_id 15ad device_id 7a0 ss_vid 15ad ss_did 7a0
[    0.543216] pciehp 0000:00:15.7:pcie04: service driver pciehp loaded
[    0.543260] pciehp 0000:00:16.0:pcie04: HPC vendor_id 15ad device_id 7a0 ss_vid 15ad ss_did 7a0
[    0.543304] pciehp 0000:00:16.0:pcie04: service driver pciehp loaded
[    0.543349] pciehp 0000:00:16.1:pcie04: HPC vendor_id 15ad device_id 7a0 ss_vid 15ad ss_did 7a0
[    0.543393] pciehp 0000:00:16.1:pcie04: service driver pciehp loaded
[    0.543437] pciehp 0000:00:16.2:pcie04: HPC vendor_id 15ad device_id 7a0 ss_vid 15ad ss_did 7a0
[    0.543481] pciehp 0000:00:16.2:pcie04: service driver pciehp loaded
[    0.543526] pciehp 0000:00:16.3:pcie04: HPC vendor_id 15ad device_id 7a0 ss_vid 15ad ss_did 7a0
[    0.543570] pciehp 0000:00:16.3:pcie04: service driver pciehp loaded
[    0.543614] pciehp 0000:00:16.4:pcie04: HPC vendor_id 15ad device_id 7a0 ss_vid 15ad ss_did 7a0
[    0.543658] pciehp 0000:00:16.4:pcie04: service driver pciehp loaded
[    0.543703] pciehp 0000:00:16.5:pcie04: HPC vendor_id 15ad device_id 7a0 ss_vid 15ad ss_did 7a0
[    0.543747] pciehp 0000:00:16.5:pcie04: service driver pciehp loaded
[    0.543791] pciehp 0000:00:16.6:pcie04: HPC vendor_id 15ad device_id 7a0 ss_vid 15ad ss_did 7a0
[    0.543835] pciehp 0000:00:16.6:pcie04: service driver pciehp loaded
[    0.543880] pciehp 0000:00:16.7:pcie04: HPC vendor_id 15ad device_id 7a0 ss_vid 15ad ss_did 7a0
[    0.543924] pciehp 0000:00:16.7:pcie04: service driver pciehp loaded
[    0.543968] pciehp 0000:00:17.0:pcie04: HPC vendor_id 15ad device_id 7a0 ss_vid 15ad ss_did 7a0
[    0.544013] pciehp 0000:00:17.0:pcie04: service driver pciehp loaded
[    0.544057] pciehp 0000:00:17.1:pcie04: HPC vendor_id 15ad device_id 7a0 ss_vid 15ad ss_did 7a0
[    0.544101] pciehp 0000:00:17.1:pcie04: service driver pciehp loaded
[    0.544145] pciehp 0000:00:17.2:pcie04: HPC vendor_id 15ad device_id 7a0 ss_vid 15ad ss_did 7a0
[    0.544190] pciehp 0000:00:17.2:pcie04: service driver pciehp loaded
[    0.544234] pciehp 0000:00:17.3:pcie04: HPC vendor_id 15ad device_id 7a0 ss_vid 15ad ss_did 7a0
[    0.544278] pciehp 0000:00:17.3:pcie04: service driver pciehp loaded
[    0.544322] pciehp 0000:00:17.4:pcie04: HPC vendor_id 15ad device_id 7a0 ss_vid 15ad ss_did 7a0
[    0.544367] pciehp 0000:00:17.4:pcie04: service driver pciehp loaded
[    0.544411] pciehp 0000:00:17.5:pcie04: HPC vendor_id 15ad device_id 7a0 ss_vid 15ad ss_did 7a0
[    0.544455] pciehp 0000:00:17.5:pcie04: service driver pciehp loaded
[    0.544499] pciehp 0000:00:17.6:pcie04: HPC vendor_id 15ad device_id 7a0 ss_vid 15ad ss_did 7a0
[    0.544544] pciehp 0000:00:17.6:pcie04: service driver pciehp loaded
[    0.544588] pciehp 0000:00:17.7:pcie04: HPC vendor_id 15ad device_id 7a0 ss_vid 15ad ss_did 7a0
[    0.544632] pciehp 0000:00:17.7:pcie04: service driver pciehp loaded
[    0.544676] pciehp 0000:00:18.0:pcie04: HPC vendor_id 15ad device_id 7a0 ss_vid 15ad ss_did 7a0
[    0.544721] pciehp 0000:00:18.0:pcie04: service driver pciehp loaded
[    0.544765] pciehp 0000:00:18.1:pcie04: HPC vendor_id 15ad device_id 7a0 ss_vid 15ad ss_did 7a0
[    0.544809] pciehp 0000:00:18.1:pcie04: service driver pciehp loaded
[    0.544854] pciehp 0000:00:18.2:pcie04: HPC vendor_id 15ad device_id 7a0 ss_vid 15ad ss_did 7a0
[    0.544898] pciehp 0000:00:18.2:pcie04: service driver pciehp loaded
[    0.545015] pciehp 0000:00:18.3:pcie04: HPC vendor_id 15ad device_id 7a0 ss_vid 15ad ss_did 7a0
[    0.549081] pciehp 0000:00:18.3:pcie04: service driver pciehp loaded
[    0.549125] pciehp 0000:00:18.4:pcie04: HPC vendor_id 15ad device_id 7a0 ss_vid 15ad ss_did 7a0
[    0.549169] pciehp 0000:00:18.4:pcie04: service driver pciehp loaded
[    0.549214] pciehp 0000:00:18.5:pcie04: HPC vendor_id 15ad device_id 7a0 ss_vid 15ad ss_did 7a0
[    0.549258] pciehp 0000:00:18.5:pcie04: service driver pciehp loaded
[    0.549302] pciehp 0000:00:18.6:pcie04: HPC vendor_id 15ad device_id 7a0 ss_vid 15ad ss_did 7a0
[    0.549346] pciehp 0000:00:18.6:pcie04: service driver pciehp loaded
[    0.549391] pciehp 0000:00:18.7:pcie04: HPC vendor_id 15ad device_id 7a0 ss_vid 15ad ss_did 7a0
[    0.549435] pciehp 0000:00:18.7:pcie04: service driver pciehp loaded
[    0.549447] pciehp: PCI Express Hot Plug Controller Driver version: 0.4
[    0.549491] ACPI: Deprecated procfs I/F for AC is loaded, please retry with CONFIG_ACPI_PROCFS_POWER cleared
[    0.549542] ACPI: AC Adapter [ACAD] (on-line)
[    0.549619] input: Power Button as /devices/LNXSYSTM:00/LNXPWRBN:00/input/input0
[    0.549624] ACPI: Power Button [PWRF]
[    0.580993] ERST: Table is not found!
[    0.580996] GHES: HEST is not enabled!
[    0.581107] Serial: 8250/16550 driver, 32 ports, IRQ sharing enabled
[    0.604864] serial8250: ttyS0 at I/O 0x3f8 (irq = 4) is a 16550A
[    0.608978] isapnp: Scanning for PnP cards...
[    0.740827] serial8250: ttyS1 at I/O 0x2f8 (irq = 3) is a 16550A
[    0.788583] 00:0a: ttyS0 at I/O 0x3f8 (irq = 4) is a 16550A
[    0.880450] 00:0b: ttyS1 at I/O 0x2f8 (irq = 3) is a 16550A
[    0.900736] Linux agpgart interface v0.103
[    0.900787] agpgart-intel 0000:00:00.0: Intel 440BX Chipset
[    0.904624] agpgart-intel 0000:00:00.0: AGP aperture is 256M @ 0x0
[    0.905583] brd: module loaded
[    0.906095] loop: module loaded
[    0.906146] ata_piix 0000:00:07.1: version 2.13
[    0.949784] scsi0 : ata_piix
[    0.949786] scsi1 : ata_piix
[    0.949786] ata1: PATA max UDMA/33 cmd 0x1f0 ctl 0x3f6 bmdma 0x10c0 irq 14
[    0.949786] ata2: PATA max UDMA/33 cmd 0x170 ctl 0x376 bmdma 0x10c8 irq 15
[    0.949786] Fixed MDIO Bus: probed
[    0.949805] tun: Universal TUN/TAP device driver, 1.6
[    0.949808] tun: (C) 1999-2004 Max Krasnyansky <maxk@qualcomm.com>
[    0.949893] PPP generic driver version 2.4.2
[    0.949990] ehci_hcd: USB 2.0 'Enhanced' Host Controller (EHCI) Driver
[    0.950032] ehci_hcd 0000:02:03.0: PCI INT A -> Link[LNKB] -> GSI 11 (level, low) -> IRQ 11
[    0.950083] ehci_hcd 0000:02:03.0: EHCI Host Controller
[    0.950138] ehci_hcd 0000:02:03.0: new USB bus registered, assigned bus number 1
[    0.950189] ehci_hcd 0000:02:03.0: cache line size of 32 is not supported
[    0.950201] ehci_hcd 0000:02:03.0: irq 11, io mem 0xc9000000
[    0.993993] ehci_hcd 0000:02:03.0: USB 2.0 started, EHCI 1.00
[    1.072375] hub 1-0:1.0: USB hub found
[    1.072385] hub 1-0:1.0: 6 ports detected
[    1.072436] ohci_hcd: USB 1.1 'Open' Host Controller (OHCI) Driver
[    1.072463] uhci_hcd: USB Universal Host Controller Interface driver
[    1.072514] uhci_hcd 0000:02:00.0: PCI INT A -> Link[LNKC] -> GSI 10 (level, low) -> IRQ 10
[    1.072565] uhci_hcd 0000:02:00.0: UHCI Host Controller
[    1.072685] uhci_hcd 0000:02:00.0: new USB bus registered, assigned bus number 2
[    1.072792] uhci_hcd 0000:02:00.0: irq 10, io base 0x000020c0
[    1.072923] hub 2-0:1.0: USB hub found
[    1.072930] hub 2-0:1.0: 2 ports detected
[    1.072981] usbcore: registered new interface driver libusual
[    1.073032] i8042: PNP: PS/2 Controller [PNP0303:KBC,PNP0f13:MOUS] at 0x60,0x64 irq 1,12
[    1.073379] serio: i8042 KBD port at 0x60,0x64 irq 1
[    1.073395] serio: i8042 AUX port at 0x60,0x64 irq 12
[    1.073583] mousedev: PS/2 mouse device common for all mice
[    1.093770] rtc_cmos 00:04: rtc core: registered rtc_cmos as rtc0
[    1.093848] rtc0: alarms up to one month, y3k, 114 bytes nvram, hpet irqs
[    1.093899] device-mapper: uevent: version 1.0.3
[    1.093956] device-mapper: ioctl: 4.22.0-ioctl (2011-10-19) initialised: dm-devel@redhat.com
[    1.094007] EISA: Probing bus 0 at eisa.0
[    1.094034] EISA: Cannot allocate resource for mainboard
[    1.094037] Cannot allocate resource for EISA slot 1
[    1.094039] Cannot allocate resource for EISA slot 2
[    1.094040] Cannot allocate resource for EISA slot 3
[    1.094042] Cannot allocate resource for EISA slot 4
[    1.094043] Cannot allocate resource for EISA slot 5
[    1.094045] Cannot allocate resource for EISA slot 6
[    1.094046] Cannot allocate resource for EISA slot 7
[    1.094048] Cannot allocate resource for EISA slot 8
[    1.094050] EISA: Detected 0 cards.
[    1.094058] cpufreq-nforce2: No nForce2 chipset.
[    1.094060] cpuidle: using governor ladder
[    1.094062] cpuidle: using governor menu
[    1.094064] EFI Variables Facility v0.08 2004-May-17
[    1.094115] TCP cubic registered
[    1.094166] NET: Registered protocol family 10
[    1.094217] NET: Registered protocol family 17
[    1.094221] Registering the dns_resolver key type
[    1.094237] Using IPI No-Shortcut mode
[    1.094304] PM: Hibernation image not present or could not be loaded.
[    1.094312] registered taskstats version 1
[    1.112442] input: AT Translated Set 2 keyboard as /devices/platform/i8042/serio0/input/input1
[    1.204094] ata2.00: ATAPI: VMware Virtual IDE CDROM Drive, 00000001, max UDMA/33
[    1.204405] ata2.00: configured for UDMA/33
[    1.208111] Freeing initrd memory: 13836k freed
[    1.253364] isapnp: No Plug & Play device found
[    1.253573] scsi 1:0:0:0: CD-ROM            NECVMWar VMware IDE CDR10 1.00 PQ: 0 ANSI: 5
[    1.254532] sr0: scsi3-mmc drive: 306x/306x cd/rw xa/form2 cdda tray
[    1.254536] cdrom: Uniform CD-ROM driver Revision: 3.20
[    1.254648] sr 1:0:0:0: Attached scsi CD-ROM sr0
[    1.254803] sr 1:0:0:0: Attached scsi generic sg0 type 5
[    1.260092]   Magic number: 13:170:65
[    1.260203] rtc_cmos 00:04: setting system clock to 2013-05-27 06:04:17 UTC (1369634657)
[    1.260216] BIOS EDD facility v0.16 2004-Jun-25, 0 devices found
[    1.260218] EDD information not available.
[    1.260319] Freeing unused kernel memory: 740k freed
[    1.260370] Write protecting the kernel text: 5816k
[    1.260380] Write protecting the kernel read-only data: 2376k
[    1.260381] NX-protecting the kernel data: 4424k
[    1.271443] udevd[85]: starting version 175
[    1.288308] VMware vmxnet3 virtual NIC driver - version 1.1.29.0-k-NAPI
[    1.292705] VMware PVSCSI driver - version 1.0.1.0-k
[    1.297917] VMware vmxnet virtual NIC driver
[    1.297967] ACPI: PCI Interrupt Link [LNKD] enabled at IRQ 5
[    1.297972] PCI: setting IRQ 5 as level-triggered
[    1.297980] vmxnet 0000:02:01.0: PCI INT A -> Link[LNKD] -> GSI 5 (level, low) -> IRQ 5
[    1.298031] Found vmxnet/PCI at 0x2024, irq 5.
[    1.298082] features:
[    1.298097] numRxBuffers = 100, numRxBuffers2 = 1
[    1.298148] vmxnet 0000:02:01.0: eth0: set_features() failed (-1); wanted 0x00004000, left 0x00004800
[    1.325723] Fusion MPT base driver 3.04.20
[    1.325726] Copyright (c) 1999-2008 LSI Corporation
[    1.325932] Fusion MPT SPI Host driver 3.04.20
[    1.325983] mptspi 0000:00:10.0: PCI INT A -> Link[LNKB] -> GSI 11 (level, low) -> IRQ 11
[    1.333708] mptbase: ioc0: Initiating bringup
[    1.339074] Floppy drive(s): fd0 is 1.44M
[    1.352018] FDC 0 is a post-1991 82077
[    1.403794] usb 2-1: new full-speed USB device number 2 using uhci_hcd
[    1.403853] ioc0: LSI53C1030 B0: Capabilities={Initiator}
[    1.536089] input: VMware VMware Virtual USB Mouse as /devices/pci0000:00/0000:00:11.0/0000:02:00.0/usb2/2-1/2-1:1.0/input/input2
[    1.536280] generic-usb 0003:0E0F:0003.0001: input,hidraw0: USB HID v1.10 Mouse [VMware VMware Virtual USB Mouse] on usb-0000:02:00.0-1/input0
[    1.536848] input: VMware VMware Virtual USB Mouse as /devices/pci0000:00/0000:00:11.0/0000:02:00.0/usb2/2-1/2-1:1.1/input/input3
[    1.537056] generic-usb 0003:0E0F:0003.0002: input,hidraw1: USB HID v1.10 Mouse [VMware VMware Virtual USB Mouse] on usb-0000:02:00.0-1/input1
[    1.537251] usbcore: registered new interface driver usbhid
[    1.537254] usbhid: USB HID core driver
[    1.563609] scsi2 : ioc0: LSI53C1030 B0, FwRev=01032920h, Ports=1, MaxQ=128, IRQ=11
[    1.643436] usb 2-2: new full-speed USB device number 3 using uhci_hcd
[    1.676295] scsi 2:0:0:0: Direct-Access     VMware,  VMware Virtual S 1.0  PQ: 0 ANSI: 2
[    1.676304] scsi target2:0:0: Beginning Domain Validation
[    1.677004] scsi target2:0:0: Domain Validation skipping write tests
[    1.677007] scsi target2:0:0: Ending Domain Validation
[    1.677064] scsi target2:0:0: FAST-40 WIDE SCSI 80.0 MB/s ST (25 ns, offset 127)
[    1.679772] sd 2:0:0:0: [sda] 41943040 512-byte logical blocks: (21.4 GB/20.0 GiB)
[    1.679842] sd 2:0:0:0: [sda] Write Protect is off
[    1.679846] sd 2:0:0:0: [sda] Mode Sense: 61 00 00 00
[    1.679918] sd 2:0:0:0: [sda] Cache data unavailable
[    1.679922] sd 2:0:0:0: [sda] Assuming drive cache: write through
[    1.680276] sd 2:0:0:0: [sda] Cache data unavailable
[    1.680279] sd 2:0:0:0: [sda] Assuming drive cache: write through
[    1.681133] sd 2:0:0:0: Attached scsi generic sg1 type 0
[    1.681805]  sda: sda1 sda2 < sda5 >
[    1.682271] sd 2:0:0:0: [sda] Cache data unavailable
[    1.682274] sd 2:0:0:0: [sda] Assuming drive cache: write through
[    1.682276] sd 2:0:0:0: [sda] Attached SCSI disk
[    1.718824] EXT4-fs (sda1): INFO: recovery required on readonly filesystem
[    1.718829] EXT4-fs (sda1): write access will be enabled during recovery
[    1.783915] hub 2-2:1.0: USB hub found
[    1.786203] hub 2-2:1.0: 7 ports detected
[    1.847346] EXT4-fs (sda1): recovery complete
[    1.847998] EXT4-fs (sda1): mounted filesystem with ordered data mode. Opts: (null)
[    3.124008] ADDRCONF(NETDEV_UP): eth0: link is not ready
[    3.133170] udevd[326]: starting version 175
[    3.172909] lp: driver loaded but no devices found
[    3.186687] Adding 1046524k swap on /dev/sda5.  Priority:-1 extents:1 across:1046524k 
[    3.280959] shpchp: Standard Hot Plug PCI Controller Driver version: 0.4
[    3.290282] EXT4-fs (sda1): re-mounted. Opts: errors=remount-ro
[    3.336140] piix4_smbus 0000:00:07.3: Host SMBus controller not enabled!
[    3.420098] Bluetooth: Core ver 2.16
[    3.420119] NET: Registered protocol family 31
[    3.420122] Bluetooth: HCI device and connection manager initialized
[    3.420125] Bluetooth: HCI socket layer initialized
[    3.420127] Bluetooth: L2CAP socket layer initialized
[    3.420133] Bluetooth: SCO socket layer initialized
[    3.433373] ppdev: user-space parallel port driver
[    3.434079] parport_pc 00:09: reported by Plug and Play ACPI
[    3.434200] parport0: PC-style at 0x378, irq 7 [PCSPP,TRISTATE]
[    3.436492] Bluetooth: BNEP (Ethernet Emulation) ver 1.3
[    3.436522] Bluetooth: BNEP filters: protocol multicast
[    3.499460] [514]: VMCI: shared components initialized.
[    3.499485] Probing for vmci/PCI.
[    3.499606] ACPI: PCI Interrupt Link [LNKA] enabled at IRQ 9
[    3.499609] PCI: setting IRQ 9 as level-triggered
[    3.499614] vmci 0000:00:07.7: PCI INT A -> Link[LNKA] -> GSI 9 (level, low) -> IRQ 9
[    3.499655] Found vmci/PCI at 0x1080, irq 9.
[    3.499700] VMCI: using capabilities 0xc.
[    3.499771] [514]: VMCI: Host capability check passed.
[    3.499892] vmci 0000:00:07.7: irq 72 for MSI/MSI-X
[    3.499925] vmci 0000:00:07.7: irq 73 for MSI/MSI-X
[    3.500046] Registered vmci device.
[    3.509409] [514]: VMCI: Using guest personality
[    3.510405] [514]: VMCI: host components initialized.
[    3.510914] [514]: VMCI: Module registered (name=vmci,major=10,minor=57).
[    3.510917] [514]: VMCI: Using host personality
[    3.510919] [514]: VMCI: Module (name=vmci) is initialized
[    3.513518] Bluetooth: RFCOMM TTY layer initialized
[    3.513524] Bluetooth: RFCOMM socket layer initialized
[    3.513526] Bluetooth: RFCOMM ver 1.11
[    3.528858] lp0: using parport0 (interrupt-driven).
[    3.537594] type=1400 audit(1369634659.779:2): apparmor="STATUS" operation="profile_load" name="/usr/lib/cups/backend/cups-pdf" pid=586 comm="apparmor_parser"
[    3.537729] type=1400 audit(1369634659.779:3): apparmor="STATUS" operation="profile_load" name="/usr/sbin/cupsd" pid=586 comm="apparmor_parser"
[    3.572686] type=1400 audit(1369634659.815:4): apparmor="STATUS" operation="profile_load" name="/sbin/dhclient" pid=597 comm="apparmor_parser"
[    3.572813] type=1400 audit(1369634659.815:5): apparmor="STATUS" operation="profile_load" name="/usr/lib/NetworkManager/nm-dhcp-client.action" pid=597 comm="apparmor_parser"
[    3.572934] type=1400 audit(1369634659.815:6): apparmor="STATUS" operation="profile_load" name="/usr/lib/connman/scripts/dhclient-script" pid=597 comm="apparmor_parser"
[    3.721109] input: ImPS/2 Generic Wheel Mouse as /devices/platform/i8042/serio1/input/input4
[    3.878595] snd_ens1371 0000:02:02.0: PCI INT A -> Link[LNKA] -> GSI 9 (level, low) -> IRQ 9
[    3.919717] init: failsafe main process (670) killed by TERM signal
[    4.018135] type=1400 audit(1369634660.259:7): apparmor="STATUS" operation="profile_load" name="/usr/lib/lightdm/lightdm/lightdm-guest-session-wrapper" pid=789 comm="apparmor_parser"
[    4.020134] type=1400 audit(1369634660.263:8): apparmor="STATUS" operation="profile_replace" name="/sbin/dhclient" pid=790 comm="apparmor_parser"
[    4.020271] type=1400 audit(1369634660.263:9): apparmor="STATUS" operation="profile_replace" name="/usr/lib/NetworkManager/nm-dhcp-client.action" pid=790 comm="apparmor_parser"
[    4.020392] type=1400 audit(1369634660.263:10): apparmor="STATUS" operation="profile_replace" name="/usr/lib/connman/scripts/dhclient-script" pid=790 comm="apparmor_parser"
[    4.221094] init: alsa-restore main process (863) terminated with status 19
[    4.799411] init: udev-fallback-graphics main process (1103) terminated with status 1
