[    0.000000] Initializing cgroup subsys cpuset
[    0.000000] Initializing cgroup subsys cpu
[    0.000000] Linux version 3.2.0-29-generic-pae (buildd@roseapple) (gcc version 4.6.3 (Ubuntu/Linaro 4.6.3-1ubuntu5) ) #46-Ubuntu SMP Fri Jul 27 17:25:43 UTC 2012 (Ubuntu 3.2.0-29.46-generic-pae 3.2.24)
[    0.000000] KERNEL supported cpus:
[    0.000000]   Intel GenuineIntel
[    0.000000]   AMD AuthenticAMD
[    0.000000]   NSC Geode by NSC
[    0.000000]   Cyrix CyrixInstead
[    0.000000]   Centaur CentaurHauls
[    0.000000]   Transmeta GenuineTMx86
[    0.000000]   Transmeta TransmetaCPU
[    0.000000]   UMC UMC UMC UMC
[    0.000000] Disabled fast string operations
[    0.000000] BIOS-provided physical RAM map:
[    0.000000]  BIOS-e820: 0000000000000000 - 000000000009f000 (usable)
[    0.000000]  BIOS-e820: 000000000009f000 - 00000000000a0000 (reserved)
[    0.000000]  BIOS-e820: 00000000000ca000 - 00000000000cc000 (reserved)
[    0.000000]  BIOS-e820: 00000000000dc000 - 0000000000100000 (reserved)
[    0.000000]  BIOS-e820: 0000000000100000 - 000000003fee0000 (usable)
[    0.000000]  BIOS-e820: 000000003fee0000 - 000000003feff000 (ACPI data)
[    0.000000]  BIOS-e820: 000000003feff000 - 000000003ff00000 (ACPI NVS)
[    0.000000]  BIOS-e820: 000000003ff00000 - 0000000040000000 (usable)
[    0.000000]  BIOS-e820: 00000000e0000000 - 00000000f0000000 (reserved)
[    0.000000]  BIOS-e820: 00000000fec00000 - 00000000fec10000 (reserved)
[    0.000000]  BIOS-e820: 00000000fee00000 - 00000000fee01000 (reserved)
[    0.000000]  BIOS-e820: 00000000fffe0000 - 0000000100000000 (reserved)
[    0.000000] NX (Execute Disable) protection: active
[    0.000000] DMI present.
[    0.000000] DMI: VMware, Inc. VMware Virtual Platform/440BX Desktop Reference Platform, BIOS 6.00 07/02/2012
[    0.000000] Hypervisor detected: VMware
[    0.000000] e820 update range: 0000000000000000 - 0000000000010000 (usable) ==> (reserved)
[    0.000000] e820 remove range: 00000000000a0000 - 0000000000100000 (usable)
[    0.000000] last_pfn = 0x40000 max_arch_pfn = 0x1000000
[    0.000000] MTRR default type: uncachable
[    0.000000] MTRR fixed ranges enabled:
[    0.000000]   00000-9FFFF write-back
[    0.000000]   A0000-BFFFF uncachable
[    0.000000]   C0000-CBFFF write-protect
[    0.000000]   CC000-EFFFF uncachable
[    0.000000]   F0000-FFFFF write-protect
[    0.000000] MTRR variable ranges enabled:
[    0.000000]   0 base 0000000000 mask FFC0000000 write-back
[    0.000000]   1 disabled
[    0.000000]   2 disabled
[    0.000000]   3 disabled
[    0.000000]   4 disabled
[    0.000000]   5 disabled
[    0.000000]   6 disabled
[    0.000000]   7 disabled
[    0.000000] x86 PAT enabled: cpu 0, old 0x0, new 0x7010600070106
[    0.000000] found SMP MP-table at [c00f6bf0] f6bf0
[    0.000000] initial memory mapped : 0 - 02000000
[    0.000000] Base memory trampoline at [c009b000] 9b000 size 16384
[    0.000000] init_memory_mapping: 0000000000000000-0000000037bfe000
[    0.000000]  0000000000 - 0000200000 page 4k
[    0.000000]  0000200000 - 0037a00000 page 2M
[    0.000000]  0037a00000 - 0037bfe000 page 4k
[    0.000000] kernel direct mapping tables up to 37bfe000 @ 1ffb000-2000000
[    0.000000] RAMDISK: 364ea000 - 3726d000
[    0.000000] ACPI: RSDP 000f6b80 00024 (v02 PTLTD )
[    0.000000] ACPI: XSDT 3feed636 0005C (v01 INTEL  440BX    06040000 VMW  01324272)
[    0.000000] ACPI: FACP 3fefee98 000F4 (v04 INTEL  440BX    06040000 PTL  000F4240)
[    0.000000] ACPI: DSDT 3feee366 10B32 (v01 PTLTD  Custom   06040000 MSFT 03000001)
[    0.000000] ACPI: FACS 3fefffc0 00040
[    0.000000] ACPI: BOOT 3feee33e 00028 (v01 PTLTD  $SBFTBL$ 06040000  LTP 00000001)
[    0.000000] ACPI: APIC 3feedc3e 003C2 (v01 PTLTD  ? APIC   06040000  LTP 00000000)
[    0.000000] ACPI: MCFG 3feedc02 0003C (v01 PTLTD  $PCITBL$ 06040000  LTP 00000001)
[    0.000000] ACPI: SRAT 3feed732 004D0 (v02 VMWARE MEMPLUG  06040000 VMW  00000001)
[    0.000000] ACPI: HPET 3feed6fa 00038 (v01 VMWARE VMW HPET 06040000 VMW  00000001)
[    0.000000] ACPI: WAET 3feed6d2 00028 (v01 VMWARE VMW WAET 06040000 VMW  00000001)
[    0.000000] ACPI: Local APIC address 0xfee00000
[    0.000000] 132MB HIGHMEM available.
[    0.000000] 891MB LOWMEM available.
[    0.000000]   mapped low ram: 0 - 37bfe000
[    0.000000]   low ram: 0 - 37bfe000
[    0.000000] Zone PFN ranges:
[    0.000000]   DMA      0x00000010 -> 0x00001000
[    0.000000]   Normal   0x00001000 -> 0x00037bfe
[    0.000000]   HighMem  0x00037bfe -> 0x00040000
[    0.000000] Movable zone start PFN for each node
[    0.000000] early_node_map[3] active PFN ranges
[    0.000000]     0: 0x00000010 -> 0x0000009f
[    0.000000]     0: 0x00000100 -> 0x0003fee0
[    0.000000]     0: 0x0003ff00 -> 0x00040000
[    0.000000] On node 0 totalpages: 261999
[    0.000000] free_area_init_node: node 0, pgdat c1866a40, node_mem_map f73fd200
[    0.000000]   DMA zone: 32 pages used for memmap
[    0.000000]   DMA zone: 0 pages reserved
[    0.000000]   DMA zone: 3951 pages, LIFO batch:0
[    0.000000]   Normal zone: 1752 pages used for memmap
[    0.000000]   Normal zone: 222502 pages, LIFO batch:31
[    0.000000]   HighMem zone: 265 pages used for memmap
[    0.000000]   HighMem zone: 33497 pages, LIFO batch:7
[    0.000000] Using APIC driver default
[    0.000000] ACPI: PM-Timer IO Port: 0x1008
[    0.000000] ACPI: Local APIC address 0xfee00000
[    0.000000] ACPI: LAPIC (acpi_id[0x00] lapic_id[0x00] enabled)
[    0.000000] ACPI: LAPIC (acpi_id[0x01] lapic_id[0x02] disabled)
[    0.000000] ACPI: LAPIC (acpi_id[0x02] lapic_id[0x04] disabled)
[    0.000000] ACPI: LAPIC (acpi_id[0x03] lapic_id[0x06] disabled)
[    0.000000] ACPI: LAPIC (acpi_id[0x04] lapic_id[0x08] disabled)
[    0.000000] ACPI: LAPIC (acpi_id[0x05] lapic_id[0x0a] disabled)
[    0.000000] ACPI: LAPIC (acpi_id[0x06] lapic_id[0x0c] disabled)
[    0.000000] ACPI: LAPIC (acpi_id[0x07] lapic_id[0x0e] disabled)
[    0.000000] ACPI: LAPIC (acpi_id[0x08] lapic_id[0x10] disabled)
[    0.000000] ACPI: LAPIC (acpi_id[0x09] lapic_id[0x12] disabled)
[    0.000000] ACPI: LAPIC (acpi_id[0x0a] lapic_id[0x14] disabled)
[    0.000000] ACPI: LAPIC (acpi_id[0x0b] lapic_id[0x16] disabled)
[    0.000000] ACPI: LAPIC (acpi_id[0x0c] lapic_id[0x18] disabled)
[    0.000000] ACPI: LAPIC (acpi_id[0x0d] lapic_id[0x1a] disabled)
[    0.000000] ACPI: LAPIC (acpi_id[0x0e] lapic_id[0x1c] disabled)
[    0.000000] ACPI: LAPIC (acpi_id[0x0f] lapic_id[0x1e] disabled)
[    0.000000] ACPI: LAPIC (acpi_id[0x10] lapic_id[0x20] disabled)
[    0.000000] ACPI: LAPIC (acpi_id[0x11] lapic_id[0x22] disabled)
[    0.000000] ACPI: LAPIC (acpi_id[0x12] lapic_id[0x24] disabled)
[    0.000000] ACPI: LAPIC (acpi_id[0x13] lapic_id[0x26] disabled)
[    0.000000] ACPI: LAPIC (acpi_id[0x14] lapic_id[0x28] disabled)
[    0.000000] ACPI: LAPIC (acpi_id[0x15] lapic_id[0x2a] disabled)
[    0.000000] ACPI: LAPIC (acpi_id[0x16] lapic_id[0x2c] disabled)
[    0.000000] ACPI: LAPIC (acpi_id[0x17] lapic_id[0x2e] disabled)
[    0.000000] ACPI: LAPIC (acpi_id[0x18] lapic_id[0x30] disabled)
[    0.000000] ACPI: LAPIC (acpi_id[0x19] lapic_id[0x32] disabled)
[    0.000000] ACPI: LAPIC (acpi_id[0x1a] lapic_id[0x34] disabled)
[    0.000000] ACPI: LAPIC (acpi_id[0x1b] lapic_id[0x36] disabled)
[    0.000000] ACPI: LAPIC (acpi_id[0x1c] lapic_id[0x38] disabled)
[    0.000000] ACPI: LAPIC (acpi_id[0x1d] lapic_id[0x3a] disabled)
[    0.000000] ACPI: LAPIC (acpi_id[0x1e] lapic_id[0x3c] disabled)
[    0.000000] ACPI: LAPIC (acpi_id[0x1f] lapic_id[0x3e] disabled)
[    0.000000] ACPI: LAPIC (acpi_id[0x20] lapic_id[0x40] disabled)
[    0.000000] ACPI: LAPIC (acpi_id[0x21] lapic_id[0x42] disabled)
[    0.000000] ACPI: LAPIC (acpi_id[0x22] lapic_id[0x44] disabled)
[    0.000000] ACPI: LAPIC (acpi_id[0x23] lapic_id[0x46] disabled)
[    0.000000] ACPI: LAPIC (acpi_id[0x24] lapic_id[0x48] disabled)
[    0.000000] ACPI: LAPIC (acpi_id[0x25] lapic_id[0x4a] disabled)
[    0.000000] ACPI: LAPIC (acpi_id[0x26] lapic_id[0x4c] disabled)
[    0.000000] ACPI: LAPIC (acpi_id[0x27] lapic_id[0x4e] disabled)
[    0.000000] ACPI: LAPIC (acpi_id[0x28] lapic_id[0x50] disabled)
[    0.000000] ACPI: LAPIC (acpi_id[0x29] lapic_id[0x52] disabled)
[    0.000000] ACPI: LAPIC (acpi_id[0x2a] lapic_id[0x54] disabled)
[    0.000000] ACPI: LAPIC (acpi_id[0x2b] lapic_id[0x56] disabled)
[    0.000000] ACPI: LAPIC (acpi_id[0x2c] lapic_id[0x58] disabled)
[    0.000000] ACPI: LAPIC (acpi_id[0x2d] lapic_id[0x5a] disabled)
[    0.000000] ACPI: LAPIC (acpi_id[0x2e] lapic_id[0x5c] disabled)
[    0.000000] ACPI: LAPIC (acpi_id[0x2f] lapic_id[0x5e] disabled)
[    0.000000] ACPI: LAPIC (acpi_id[0x30] lapic_id[0x60] disabled)
[    0.000000] ACPI: LAPIC (acpi_id[0x31] lapic_id[0x62] disabled)
[    0.000000] ACPI: LAPIC (acpi_id[0x32] lapic_id[0x64] disabled)
[    0.000000] ACPI: LAPIC (acpi_id[0x33] lapic_id[0x66] disabled)
[    0.000000] ACPI: LAPIC (acpi_id[0x34] lapic_id[0x68] disabled)
[    0.000000] ACPI: LAPIC (acpi_id[0x35] lapic_id[0x6a] disabled)
[    0.000000] ACPI: LAPIC (acpi_id[0x36] lapic_id[0x6c] disabled)
[    0.000000] ACPI: LAPIC (acpi_id[0x37] lapic_id[0x6e] disabled)
[    0.000000] ACPI: LAPIC (acpi_id[0x38] lapic_id[0x70] disabled)
[    0.000000] ACPI: LAPIC (acpi_id[0x39] lapic_id[0x72] disabled)
[    0.000000] ACPI: LAPIC (acpi_id[0x3a] lapic_id[0x74] disabled)
[    0.000000] ACPI: LAPIC (acpi_id[0x3b] lapic_id[0x76] disabled)
[    0.000000] ACPI: LAPIC (acpi_id[0x3c] lapic_id[0x78] disabled)
[    0.000000] ACPI: LAPIC (acpi_id[0x3d] lapic_id[0x7a] disabled)
[    0.000000] ACPI: LAPIC (acpi_id[0x3e] lapic_id[0x7c] disabled)
[    0.000000] ACPI: LAPIC (acpi_id[0x3f] lapic_id[0x7e] disabled)
[    0.000000] ACPI: LAPIC_NMI (acpi_id[0x00] high edge lint[0x1])
[    0.000000] ACPI: LAPIC_NMI (acpi_id[0x01] high edge lint[0x1])
[    0.000000] ACPI: LAPIC_NMI (acpi_id[0x02] high edge lint[0x1])
[    0.000000] ACPI: LAPIC_NMI (acpi_id[0x03] high edge lint[0x1])
[    0.000000] ACPI: LAPIC_NMI (acpi_id[0x04] high edge lint[0x1])
[    0.000000] ACPI: LAPIC_NMI (acpi_id[0x05] high edge lint[0x1])
[    0.000000] ACPI: LAPIC_NMI (acpi_id[0x06] high edge lint[0x1])
[    0.000000] ACPI: LAPIC_NMI (acpi_id[0x07] high edge lint[0x1])
[    0.000000] ACPI: LAPIC_NMI (acpi_id[0x08] high edge lint[0x1])
[    0.000000] ACPI: LAPIC_NMI (acpi_id[0x09] high edge lint[0x1])
[    0.000000] ACPI: LAPIC_NMI (acpi_id[0x0a] high edge lint[0x1])
[    0.000000] ACPI: LAPIC_NMI (acpi_id[0x0b] high edge lint[0x1])
[    0.000000] ACPI: LAPIC_NMI (acpi_id[0x0c] high edge lint[0x1])
[    0.000000] ACPI: LAPIC_NMI (acpi_id[0x0d] high edge lint[0x1])
[    0.000000] ACPI: LAPIC_NMI (acpi_id[0x0e] high edge lint[0x1])
[    0.000000] ACPI: LAPIC_NMI (acpi_id[0x0f] high edge lint[0x1])
[    0.000000] ACPI: LAPIC_NMI (acpi_id[0x10] high edge lint[0x1])
[    0.000000] ACPI: LAPIC_NMI (acpi_id[0x11] high edge lint[0x1])
[    0.000000] ACPI: LAPIC_NMI (acpi_id[0x12] high edge lint[0x1])
[    0.000000] ACPI: LAPIC_NMI (acpi_id[0x13] high edge lint[0x1])
[    0.000000] ACPI: LAPIC_NMI (acpi_id[0x14] high edge lint[0x1])
[    0.000000] ACPI: LAPIC_NMI (acpi_id[0x15] high edge lint[0x1])
[    0.000000] ACPI: LAPIC_NMI (acpi_id[0x16] high edge lint[0x1])
[    0.000000] ACPI: LAPIC_NMI (acpi_id[0x17] high edge lint[0x1])
[    0.000000] ACPI: LAPIC_NMI (acpi_id[0x18] high edge lint[0x1])
[    0.000000] ACPI: LAPIC_NMI (acpi_id[0x19] high edge lint[0x1])
[    0.000000] ACPI: LAPIC_NMI (acpi_id[0x1a] high edge lint[0x1])
[    0.000000] ACPI: LAPIC_NMI (acpi_id[0x1b] high edge lint[0x1])
[    0.000000] ACPI: LAPIC_NMI (acpi_id[0x1c] high edge lint[0x1])
[    0.000000] ACPI: LAPIC_NMI (acpi_id[0x1d] high edge lint[0x1])
[    0.000000] ACPI: LAPIC_NMI (acpi_id[0x1e] high edge lint[0x1])
[    0.000000] ACPI: LAPIC_NMI (acpi_id[0x1f] high edge lint[0x1])
[    0.000000] ACPI: LAPIC_NMI (acpi_id[0x20] high edge lint[0x1])
[    0.000000] ACPI: LAPIC_NMI (acpi_id[0x21] high edge lint[0x1])
[    0.000000] ACPI: LAPIC_NMI (acpi_id[0x22] high edge lint[0x1])
[    0.000000] ACPI: LAPIC_NMI (acpi_id[0x23] high edge lint[0x1])
[    0.000000] ACPI: LAPIC_NMI (acpi_id[0x24] high edge lint[0x1])
[    0.000000] ACPI: LAPIC_NMI (acpi_id[0x25] high edge lint[0x1])
[    0.000000] ACPI: LAPIC_NMI (acpi_id[0x26] high edge lint[0x1])
[    0.000000] ACPI: LAPIC_NMI (acpi_id[0x27] high edge lint[0x1])
[    0.000000] ACPI: LAPIC_NMI (acpi_id[0x28] high edge lint[0x1])
[    0.000000] ACPI: LAPIC_NMI (acpi_id[0x29] high edge lint[0x1])
[    0.000000] ACPI: LAPIC_NMI (acpi_id[0x2a] high edge lint[0x1])
[    0.000000] ACPI: LAPIC_NMI (acpi_id[0x2b] high edge lint[0x1])
[    0.000000] ACPI: LAPIC_NMI (acpi_id[0x2c] high edge lint[0x1])
[    0.000000] ACPI: LAPIC_NMI (acpi_id[0x2d] high edge lint[0x1])
[    0.000000] ACPI: LAPIC_NMI (acpi_id[0x2e] high edge lint[0x1])
[    0.000000] ACPI: LAPIC_NMI (acpi_id[0x2f] high edge lint[0x1])
[    0.000000] ACPI: LAPIC_NMI (acpi_id[0x30] high edge lint[0x1])
[    0.000000] ACPI: LAPIC_NMI (acpi_id[0x31] high edge lint[0x1])
[    0.000000] ACPI: LAPIC_NMI (acpi_id[0x32] high edge lint[0x1])
[    0.000000] ACPI: LAPIC_NMI (acpi_id[0x33] high edge lint[0x1])
[    0.000000] ACPI: LAPIC_NMI (acpi_id[0x34] high edge lint[0x1])
[    0.000000] ACPI: LAPIC_NMI (acpi_id[0x35] high edge lint[0x1])
[    0.000000] ACPI: LAPIC_NMI (acpi_id[0x36] high edge lint[0x1])
[    0.000000] ACPI: LAPIC_NMI (acpi_id[0x37] high edge lint[0x1])
[    0.000000] ACPI: LAPIC_NMI (acpi_id[0x38] high edge lint[0x1])
[    0.000000] ACPI: LAPIC_NMI (acpi_id[0x39] high edge lint[0x1])
[    0.000000] ACPI: LAPIC_NMI (acpi_id[0x3a] high edge lint[0x1])
[    0.000000] ACPI: LAPIC_NMI (acpi_id[0x3b] high edge lint[0x1])
[    0.000000] ACPI: LAPIC_NMI (acpi_id[0x3c] high edge lint[0x1])
[    0.000000] ACPI: LAPIC_NMI (acpi_id[0x3d] high edge lint[0x1])
[    0.000000] ACPI: LAPIC_NMI (acpi_id[0x3e] high edge lint[0x1])
[    0.000000] ACPI: LAPIC_NMI (acpi_id[0x3f] high edge lint[0x1])
[    0.000000] ACPI: Skipping IOAPIC probe due to 'noapic' option.
[    0.000000] Using ACPI for processor (LAPIC) configuration information
[    0.000000] ACPI: HPET id: 0x8086af01 base: 0xfed00000
[    0.000000] Intel MultiProcessor Specification v1.4
[    0.000000]     Virtual Wire compatibility mode.
[    0.000000] MPTABLE: OEM ID: INTEL   
[    0.000000] MPTABLE: Product ID: 440BX       
[    0.000000] MPTABLE: APIC at: 0xFEE00000
[    0.000000] IOAPIC[0]: apic_id 1, version 17, address 0xfec00000, GSI 0-23
[    0.000000] Processors: 1
[    0.000000] SMP: Allowing 1 CPUs, 0 hotplug CPUs
[    0.000000] nr_irqs_gsi: 40
[    0.000000] PM: Registered nosave memory: 000000000009f000 - 00000000000a0000
[    0.000000] PM: Registered nosave memory: 00000000000a0000 - 00000000000ca000
[    0.000000] PM: Registered nosave memory: 00000000000ca000 - 00000000000cc000
[    0.000000] PM: Registered nosave memory: 00000000000cc000 - 00000000000dc000
[    0.000000] PM: Registered nosave memory: 00000000000dc000 - 0000000000100000
[    0.000000] Allocating PCI resources starting at 40000000 (gap: 40000000:a0000000)
[    0.000000] Booting paravirtualized kernel on bare hardware
[    0.000000] setup_percpu: NR_CPUS:8 nr_cpumask_bits:8 nr_cpu_ids:1 nr_node_ids:1
[    0.000000] PERCPU: Embedded 14 pages/cpu @f73e8000 s34240 r0 d23104 u57344
[    0.000000] pcpu-alloc: s34240 r0 d23104 u57344 alloc=14*4096
[    0.000000] pcpu-alloc: [0] 0 
[    0.000000] Built 1 zonelists in Zone order, mobility grouping on.  Total pages: 259950
[    0.000000] Kernel command line: BOOT_IMAGE=/boot/vmlinuz-3.2.0-29-generic-pae root=UUID=007b598c-390d-4c65-84a1-4ff752d48633 ro quiet splash maxcpus=0
[    0.000000] PID hash table entries: 4096 (order: 2, 16384 bytes)
[    0.000000] Dentry cache hash table entries: 131072 (order: 7, 524288 bytes)
[    0.000000] Inode-cache hash table entries: 65536 (order: 6, 262144 bytes)
[    0.000000] Initializing CPU#0
[    0.000000] xsave/xrstor: enabled xstate_bv 0x7, cntxt size 0x340
[    0.000000] allocated 4194048 bytes of page_cgroup
[    0.000000] please try 'cgroup_disable=memory' option if you don't want memory cgroups
[    0.000000] Initializing HighMem for node 0 (00037bfe:00040000)
[    0.000000] Memory: 1010624k/1048576k available (5814k kernel code, 37372k reserved, 2841k data, 740k init, 135048k highmem)
[    0.000000] virtual kernel memory layout:
[    0.000000]     fixmap  : 0xfff16000 - 0xfffff000   ( 932 kB)
[    0.000000]     pkmap   : 0xffc00000 - 0xffe00000   (2048 kB)
[    0.000000]     vmalloc : 0xf83fe000 - 0xffbfe000   ( 120 MB)
[    0.000000]     lowmem  : 0xc0000000 - 0xf7bfe000   ( 891 MB)
[    0.000000]       .init : 0xc1875000 - 0xc192e000   ( 740 kB)
[    0.000000]       .data : 0xc15adb64 - 0xc1874240   (2841 kB)
[    0.000000]       .text : 0xc1000000 - 0xc15adb64   (5814 kB)
[    0.000000] Checking if this processor honours the WP bit even in supervisor mode...Ok.
[    0.000000] SLUB: Genslabs=15, HWalign=64, Order=0-3, MinObjects=0, CPUs=1, Nodes=1
[    0.000000] Hierarchical RCU implementation.
[    0.000000] 	RCU dyntick-idle grace-period acceleration is enabled.
[    0.000000] NR_IRQS:2304 nr_irqs:256 16
[    0.000000] CPU 0 irqstacks, hard=f5c08000 soft=f5c0a000
[    0.000000] Extended CMOS year: 2000
[    0.000000] Console: colour VGA+ 80x25
[    0.000000] console [tty0] enabled
[    0.000000] hpet clockevent registered
[    0.000000] TSC freq read from hypervisor : 2394.620 MHz
[    0.000000] Detected 2394.620 MHz processor.
[    0.000001] Calibrating delay loop (skipped) preset value.. 4789.24 BogoMIPS (lpj=9578480)
[    0.000004] pid_max: default: 32768 minimum: 301
[    0.000019] Security Framework initialized
[    0.000034] AppArmor: AppArmor initialized
[    0.000035] Yama: becoming mindful.
[    0.000071] Mount-cache hash table entries: 512
[    0.000150] Initializing cgroup subsys cpuacct
[    0.000153] Initializing cgroup subsys memory
[    0.000157] Initializing cgroup subsys devices
[    0.000159] Initializing cgroup subsys freezer
[    0.000161] Initializing cgroup subsys blkio
[    0.000165] Initializing cgroup subsys perf_event
[    0.000222] Disabled fast string operations
[    0.000226] CPU: Physical Processor ID: 0
[    0.000235] ENERGY_PERF_BIAS: Set to 'normal', was 'performance'
[    0.000236] ENERGY_PERF_BIAS: View and update with x86_energy_perf_policy(8)
[    0.000867] mce: CPU supports 0 MCE banks
[    0.001600] SMP alternatives: switching to UP code
[    0.018296] Freeing SMP alternatives: 24k freed
[    0.018302] ACPI: Core revision 20110623
[    0.024458] ACPI: setting ELCR to 0200 (from 0e20)
[    0.026060] ftrace: allocating 26545 entries in 52 pages
[    0.046358] SMP mode deactivated.
[    0.046387] SMP disabled
[    0.046389] Performance Events: generic architected perfmon v1, core PMU driver.
[    0.046400] ... version:                1
[    0.046401] ... bit width:              48
[    0.046402] ... generic registers:      4
[    0.046403] ... value mask:             0000ffffffffffff
[    0.046404] ... max period:             000000007fffffff
[    0.046405] ... fixed-purpose events:   0
[    0.046406] ... event mask:             000000000000000f
[    0.046519] NMI watchdog enabled, takes one hw-pmu counter.
[    0.046540] Brought up 1 CPUs
[    0.046542] Total of 1 processors activated (4789.24 BogoMIPS).
[    0.046642] devtmpfs: initialized
[    0.046710] EVM: security.selinux
[    0.046711] EVM: security.SMACK64
[    0.046712] EVM: security.capability
[    0.046736] PM: Registering ACPI NVS region at 3feff000 (4096 bytes)
[    0.047448] print_constraints: dummy: 
[    0.047516] RTC time: 11:24:01, date: 05/27/13
[    0.047543] NET: Registered protocol family 16
[    0.047613] EISA bus registered
[    0.047623] ACPI: bus type pci registered
[    0.047757] PCI: MMCONFIG for domain 0000 [bus 00-ff] at [mem 0xe0000000-0xefffffff] (base 0xe0000000)
[    0.047760] PCI: MMCONFIG at [mem 0xe0000000-0xefffffff] reserved in E820
[    0.047761] PCI: Using MMCONFIG for extended config space
[    0.047762] PCI: Using configuration type 1 for base access
[    0.048459] bio: create slab <bio-0> at 0
[    0.048521] ACPI: Added _OSI(Module Device)
[    0.048522] ACPI: Added _OSI(Processor Device)
[    0.048524] ACPI: Added _OSI(3.0 _SCP Extensions)
[    0.048525] ACPI: Added _OSI(Processor Aggregator Device)
[    0.050407] ACPI: EC: Look up EC in DSDT
[    0.054856] [Firmware Bug]: ACPI: BIOS _OSI(Linux) query ignored
[    0.062420] ACPI: Interpreter enabled
[    0.062428] ACPI: (supports S0 S1 S4 S5)
[    0.062438] ACPI: Using PIC for interrupt routing
[    0.100584] ACPI: No dock devices found.
[    0.100586] HEST: Table not found.
[    0.100590] PCI: Using host bridge windows from ACPI; if necessary, use "pci=nocrs" and report a bug
[    0.101279] ACPI: PCI Root Bridge [PCI0] (domain 0000 [bus 00-ff])
[    0.102405] pci_root PNP0A03:00: host bridge window [mem 0x000a0000-0x000bffff]
[    0.102407] pci_root PNP0A03:00: host bridge window [mem 0x000cc000-0x000cffff]
[    0.102409] pci_root PNP0A03:00: host bridge window [mem 0x000d0000-0x000d3fff]
[    0.102410] pci_root PNP0A03:00: host bridge window [mem 0x000d4000-0x000d7fff]
[    0.102412] pci_root PNP0A03:00: host bridge window [mem 0x000d8000-0x000dbfff]
[    0.102414] pci_root PNP0A03:00: host bridge window [mem 0xc0000000-0xfebfffff]
[    0.102415] pci_root PNP0A03:00: host bridge window [io  0x0000-0x0cf7]
[    0.102417] pci_root PNP0A03:00: host bridge window [io  0x0d00-0xfeff]
[    0.102465] pci 0000:00:00.0: [8086:7190] type 0 class 0x000600
[    0.102869] pci 0000:00:01.0: [8086:7191] type 1 class 0x000604
[    0.103247] pci 0000:00:07.0: [8086:7110] type 0 class 0x000601
[    0.103858] pci 0000:00:07.1: [8086:7111] type 0 class 0x000101
[    0.105448] pci 0000:00:07.1: reg 20: [io  0x10c0-0x10cf]
[    0.106253] pci 0000:00:07.3: [8086:7113] type 0 class 0x000680
[    0.107883] pci 0000:00:07.3: quirk: [io  0x1000-0x103f] claimed by PIIX4 ACPI
[    0.107895] pci 0000:00:07.3: quirk: [io  0x1040-0x104f] claimed by PIIX4 SMB
[    0.108123] pci 0000:00:07.7: [15ad:0740] type 0 class 0x000880
[    0.108591] pci 0000:00:07.7: reg 10: [io  0x1080-0x10bf]
[    0.109156] pci 0000:00:07.7: reg 14: [mem 0xc8000000-0xc8001fff 64bit]
[    0.111155] pci 0000:00:0f.0: [15ad:0405] type 0 class 0x000300
[    0.113181] pci 0000:00:0f.0: reg 10: [io  0x10d0-0x10df]
[    0.115130] pci 0000:00:0f.0: reg 14: [mem 0xd0000000-0xd7ffffff pref]
[    0.117078] pci 0000:00:0f.0: reg 18: [mem 0xc8800000-0xc8ffffff]
[    0.124816] pci 0000:00:0f.0: reg 30: [mem 0x00000000-0x00007fff pref]
[    0.125100] pci 0000:00:10.0: [1000:0030] type 0 class 0x000100
[    0.125646] pci 0000:00:10.0: reg 10: [io  0x1400-0x14ff]
[    0.126346] pci 0000:00:10.0: reg 14: [mem 0xc8040000-0xc805ffff 64bit]
[    0.127048] pci 0000:00:10.0: reg 1c: [mem 0xc8020000-0xc803ffff 64bit]
[    0.128097] pci 0000:00:10.0: reg 30: [mem 0x00000000-0x00003fff pref]
[    0.128246] pci 0000:00:11.0: [15ad:0790] type 1 class 0x000604
[    0.128898] pci 0000:00:15.0: [15ad:07a0] type 1 class 0x000604
[    0.129601] pci 0000:00:15.0: PME# supported from D0 D3hot D3cold
[    0.129624] pci 0000:00:15.0: PME# disabled
[    0.129838] pci 0000:00:15.1: [15ad:07a0] type 1 class 0x000604
[    0.130527] pci 0000:00:15.1: PME# supported from D0 D3hot D3cold
[    0.130549] pci 0000:00:15.1: PME# disabled
[    0.130762] pci 0000:00:15.2: [15ad:07a0] type 1 class 0x000604
[    0.131448] pci 0000:00:15.2: PME# supported from D0 D3hot D3cold
[    0.131470] pci 0000:00:15.2: PME# disabled
[    0.131683] pci 0000:00:15.3: [15ad:07a0] type 1 class 0x000604
[    0.132389] pci 0000:00:15.3: PME# supported from D0 D3hot D3cold
[    0.132411] pci 0000:00:15.3: PME# disabled
[    0.132625] pci 0000:00:15.4: [15ad:07a0] type 1 class 0x000604
[    0.133316] pci 0000:00:15.4: PME# supported from D0 D3hot D3cold
[    0.133337] pci 0000:00:15.4: PME# disabled
[    0.133557] pci 0000:00:15.5: [15ad:07a0] type 1 class 0x000604
[    0.134246] pci 0000:00:15.5: PME# supported from D0 D3hot D3cold
[    0.134268] pci 0000:00:15.5: PME# disabled
[    0.134481] pci 0000:00:15.6: [15ad:07a0] type 1 class 0x000604
[    0.135173] pci 0000:00:15.6: PME# supported from D0 D3hot D3cold
[    0.135194] pci 0000:00:15.6: PME# disabled
[    0.135408] pci 0000:00:15.7: [15ad:07a0] type 1 class 0x000604
[    0.136117] pci 0000:00:15.7: PME# supported from D0 D3hot D3cold
[    0.136140] pci 0000:00:15.7: PME# disabled
[    0.136353] pci 0000:00:16.0: [15ad:07a0] type 1 class 0x000604
[    0.137044] pci 0000:00:16.0: PME# supported from D0 D3hot D3cold
[    0.137065] pci 0000:00:16.0: PME# disabled
[    0.137279] pci 0000:00:16.1: [15ad:07a0] type 1 class 0x000604
[    0.137960] pci 0000:00:16.1: PME# supported from D0 D3hot D3cold
[    0.137981] pci 0000:00:16.1: PME# disabled
[    0.138195] pci 0000:00:16.2: [15ad:07a0] type 1 class 0x000604
[    0.138876] pci 0000:00:16.2: PME# supported from D0 D3hot D3cold
[    0.138897] pci 0000:00:16.2: PME# disabled
[    0.139111] pci 0000:00:16.3: [15ad:07a0] type 1 class 0x000604
[    0.139806] pci 0000:00:16.3: PME# supported from D0 D3hot D3cold
[    0.139828] pci 0000:00:16.3: PME# disabled
[    0.140048] pci 0000:00:16.4: [15ad:07a0] type 1 class 0x000604
[    0.140730] pci 0000:00:16.4: PME# supported from D0 D3hot D3cold
[    0.140752] pci 0000:00:16.4: PME# disabled
[    0.140971] pci 0000:00:16.5: [15ad:07a0] type 1 class 0x000604
[    0.141659] pci 0000:00:16.5: PME# supported from D0 D3hot D3cold
[    0.141681] pci 0000:00:16.5: PME# disabled
[    0.141894] pci 0000:00:16.6: [15ad:07a0] type 1 class 0x000604
[    0.142582] pci 0000:00:16.6: PME# supported from D0 D3hot D3cold
[    0.142604] pci 0000:00:16.6: PME# disabled
[    0.142817] pci 0000:00:16.7: [15ad:07a0] type 1 class 0x000604
[    0.143506] pci 0000:00:16.7: PME# supported from D0 D3hot D3cold
[    0.143528] pci 0000:00:16.7: PME# disabled
[    0.143740] pci 0000:00:17.0: [15ad:07a0] type 1 class 0x000604
[    0.144441] pci 0000:00:17.0: PME# supported from D0 D3hot D3cold
[    0.144463] pci 0000:00:17.0: PME# disabled
[    0.144676] pci 0000:00:17.1: [15ad:07a0] type 1 class 0x000604
[    0.145371] pci 0000:00:17.1: PME# supported from D0 D3hot D3cold
[    0.145393] pci 0000:00:17.1: PME# disabled
[    0.145606] pci 0000:00:17.2: [15ad:07a0] type 1 class 0x000604
[    0.146300] pci 0000:00:17.2: PME# supported from D0 D3hot D3cold
[    0.146321] pci 0000:00:17.2: PME# disabled
[    0.146534] pci 0000:00:17.3: [15ad:07a0] type 1 class 0x000604
[    0.147224] pci 0000:00:17.3: PME# supported from D0 D3hot D3cold
[    0.147246] pci 0000:00:17.3: PME# disabled
[    0.147458] pci 0000:00:17.4: [15ad:07a0] type 1 class 0x000604
[    0.148644] pci 0000:00:17.4: PME# supported from D0 D3hot D3cold
[    0.148666] pci 0000:00:17.4: PME# disabled
[    0.148888] pci 0000:00:17.5: [15ad:07a0] type 1 class 0x000604
[    0.149573] pci 0000:00:17.5: PME# supported from D0 D3hot D3cold
[    0.149595] pci 0000:00:17.5: PME# disabled
[    0.149808] pci 0000:00:17.6: [15ad:07a0] type 1 class 0x000604
[    0.150503] pci 0000:00:17.6: PME# supported from D0 D3hot D3cold
[    0.150524] pci 0000:00:17.6: PME# disabled
[    0.150737] pci 0000:00:17.7: [15ad:07a0] type 1 class 0x000604
[    0.151429] pci 0000:00:17.7: PME# supported from D0 D3hot D3cold
[    0.151451] pci 0000:00:17.7: PME# disabled
[    0.151664] pci 0000:00:18.0: [15ad:07a0] type 1 class 0x000604
[    0.152373] pci 0000:00:18.0: PME# supported from D0 D3hot D3cold
[    0.152395] pci 0000:00:18.0: PME# disabled
[    0.152609] pci 0000:00:18.1: [15ad:07a0] type 1 class 0x000604
[    0.153303] pci 0000:00:18.1: PME# supported from D0 D3hot D3cold
[    0.153325] pci 0000:00:18.1: PME# disabled
[    0.153539] pci 0000:00:18.2: [15ad:07a0] type 1 class 0x000604
[    0.154224] pci 0000:00:18.2: PME# supported from D0 D3hot D3cold
[    0.154245] pci 0000:00:18.2: PME# disabled
[    0.154459] pci 0000:00:18.3: [15ad:07a0] type 1 class 0x000604
[    0.155153] pci 0000:00:18.3: PME# supported from D0 D3hot D3cold
[    0.155174] pci 0000:00:18.3: PME# disabled
[    0.155387] pci 0000:00:18.4: [15ad:07a0] type 1 class 0x000604
[    0.156152] pci 0000:00:18.4: PME# supported from D0 D3hot D3cold
[    0.156175] pci 0000:00:18.4: PME# disabled
[    0.156402] pci 0000:00:18.5: [15ad:07a0] type 1 class 0x000604
[    0.157093] pci 0000:00:18.5: PME# supported from D0 D3hot D3cold
[    0.157115] pci 0000:00:18.5: PME# disabled
[    0.157329] pci 0000:00:18.6: [15ad:07a0] type 1 class 0x000604
[    0.158019] pci 0000:00:18.6: PME# supported from D0 D3hot D3cold
[    0.158041] pci 0000:00:18.6: PME# disabled
[    0.158253] pci 0000:00:18.7: [15ad:07a0] type 1 class 0x000604
[    0.158935] pci 0000:00:18.7: PME# supported from D0 D3hot D3cold
[    0.158956] pci 0000:00:18.7: PME# disabled
[    0.159511] pci 0000:00:01.0: PCI bridge to [bus 01-01]
[    0.159809] pci 0000:02:00.0: [15ad:0774] type 0 class 0x000c03
[    0.161098] pci 0000:02:00.0: reg 20: [io  0x20c0-0x20df]
[    0.161708] pci 0000:02:01.0: [1022:2000] type 0 class 0x000200
[    0.161984] pci 0000:02:01.0: reg 10: [io  0x2000-0x207f]
[    0.163488] pci 0000:02:01.0: reg 30: [mem 0x00000000-0x0000ffff pref]
[    0.163607] pci 0000:02:02.0: [1274:1371] type 0 class 0x000401
[    0.163939] pci 0000:02:02.0: reg 10: [io  0x2080-0x20bf]
[    0.165784] pci 0000:02:03.0: [15ad:0770] type 0 class 0x000c03
[    0.166057] pci 0000:02:03.0: reg 10: [mem 0xc9000000-0xc9000fff]
[    0.167672] pci 0000:00:11.0: PCI bridge to [bus 02-02] (subtractive decode)
[    0.167693] pci 0000:00:11.0:   bridge window [io  0x2000-0x3fff]
[    0.167714] pci 0000:00:11.0:   bridge window [mem 0xc9000000-0xca3fffff]
[    0.167767] pci 0000:00:11.0:   bridge window [mem 0xd8400000-0xd89fffff 64bit pref]
[    0.167769] pci 0000:00:11.0:   bridge window [mem 0x000a0000-0x000bffff] (subtractive decode)
[    0.167771] pci 0000:00:11.0:   bridge window [mem 0x000cc000-0x000cffff] (subtractive decode)
[    0.167773] pci 0000:00:11.0:   bridge window [mem 0x000d0000-0x000d3fff] (subtractive decode)
[    0.167774] pci 0000:00:11.0:   bridge window [mem 0x000d4000-0x000d7fff] (subtractive decode)
[    0.167776] pci 0000:00:11.0:   bridge window [mem 0x000d8000-0x000dbfff] (subtractive decode)
[    0.167777] pci 0000:00:11.0:   bridge window [mem 0xc0000000-0xfebfffff] (subtractive decode)
[    0.167779] pci 0000:00:11.0:   bridge window [io  0x0000-0x0cf7] (subtractive decode)
[    0.167781] pci 0000:00:11.0:   bridge window [io  0x0d00-0xfeff] (subtractive decode)
[    0.168210] pci 0000:00:15.0: PCI bridge to [bus 03-03]
[    0.168230] pci 0000:00:15.0:   bridge window [io  0x4000-0x4fff]
[    0.168251] pci 0000:00:15.0:   bridge window [mem 0xca400000-0xca4fffff]
[    0.168290] pci 0000:00:15.0:   bridge window [mem 0xd8a00000-0xd8afffff 64bit pref]
[    0.168705] pci 0000:00:15.1: PCI bridge to [bus 04-04]
[    0.168725] pci 0000:00:15.1:   bridge window [io  0x8000-0x8fff]
[    0.168746] pci 0000:00:15.1:   bridge window [mem 0xca800000-0xca8fffff]
[    0.168784] pci 0000:00:15.1:   bridge window [mem 0xd8e00000-0xd8efffff 64bit pref]
[    0.169281] pci 0000:00:15.2: PCI bridge to [bus 05-05]
[    0.169309] pci 0000:00:15.2:   bridge window [io  0xc000-0xcfff]
[    0.169337] pci 0000:00:15.2:   bridge window [mem 0xcac00000-0xcacfffff]
[    0.169391] pci 0000:00:15.2:   bridge window [mem 0xd9200000-0xd92fffff 64bit pref]
[    0.169933] pci 0000:00:15.3: PCI bridge to [bus 06-06]
[    0.169981] pci 0000:00:15.3:   bridge window [mem 0xcb000000-0xcb0fffff]
[    0.170029] pci 0000:00:15.3:   bridge window [mem 0xd9600000-0xd96fffff 64bit pref]
[    0.170510] pci 0000:00:15.4: PCI bridge to [bus 07-07]
[    0.170548] pci 0000:00:15.4:   bridge window [mem 0xcb400000-0xcb4fffff]
[    0.170588] pci 0000:00:15.4:   bridge window [mem 0xd9a00000-0xd9afffff 64bit pref]
[    0.171014] pci 0000:00:15.5: PCI bridge to [bus 08-08]
[    0.171054] pci 0000:00:15.5:   bridge window [mem 0xcb800000-0xcb8fffff]
[    0.171093] pci 0000:00:15.5:   bridge window [mem 0xd9e00000-0xd9efffff 64bit pref]
[    0.171506] pci 0000:00:15.6: PCI bridge to [bus 09-09]
[    0.171545] pci 0000:00:15.6:   bridge window [mem 0xcbc00000-0xcbcfffff]
[    0.171583] pci 0000:00:15.6:   bridge window [mem 0xda200000-0xda2fffff 64bit pref]
[    0.172049] pci 0000:00:15.7: PCI bridge to [bus 0a-0a]
[    0.172088] pci 0000:00:15.7:   bridge window [mem 0xcc000000-0xcc0fffff]
[    0.172127] pci 0000:00:15.7:   bridge window [mem 0xda600000-0xda6fffff 64bit pref]
[    0.172540] pci 0000:00:16.0: PCI bridge to [bus 0b-0b]
[    0.172561] pci 0000:00:16.0:   bridge window [io  0x5000-0x5fff]
[    0.172581] pci 0000:00:16.0:   bridge window [mem 0xca500000-0xca5fffff]
[    0.172621] pci 0000:00:16.0:   bridge window [mem 0xd8b00000-0xd8bfffff 64bit pref]
[    0.173058] pci 0000:00:16.1: PCI bridge to [bus 0c-0c]
[    0.173079] pci 0000:00:16.1:   bridge window [io  0x9000-0x9fff]
[    0.173099] pci 0000:00:16.1:   bridge window [mem 0xca900000-0xca9fffff]
[    0.173138] pci 0000:00:16.1:   bridge window [mem 0xd8f00000-0xd8ffffff 64bit pref]
[    0.173553] pci 0000:00:16.2: PCI bridge to [bus 0d-0d]
[    0.173573] pci 0000:00:16.2:   bridge window [io  0xd000-0xdfff]
[    0.173594] pci 0000:00:16.2:   bridge window [mem 0xcad00000-0xcadfffff]
[    0.173633] pci 0000:00:16.2:   bridge window [mem 0xd9300000-0xd93fffff 64bit pref]
[    0.174063] pci 0000:00:16.3: PCI bridge to [bus 0e-0e]
[    0.174102] pci 0000:00:16.3:   bridge window [mem 0xcb100000-0xcb1fffff]
[    0.174141] pci 0000:00:16.3:   bridge window [mem 0xd9700000-0xd97fffff 64bit pref]
[    0.174555] pci 0000:00:16.4: PCI bridge to [bus 0f-0f]
[    0.174594] pci 0000:00:16.4:   bridge window [mem 0xcb500000-0xcb5fffff]
[    0.174633] pci 0000:00:16.4:   bridge window [mem 0xd9b00000-0xd9bfffff 64bit pref]
[    0.175047] pci 0000:00:16.5: PCI bridge to [bus 10-10]
[    0.175086] pci 0000:00:16.5:   bridge window [mem 0xcb900000-0xcb9fffff]
[    0.175125] pci 0000:00:16.5:   bridge window [mem 0xd9f00000-0xd9ffffff 64bit pref]
[    0.175536] pci 0000:00:16.6: PCI bridge to [bus 11-11]
[    0.175575] pci 0000:00:16.6:   bridge window [mem 0xcbd00000-0xcbdfffff]
[    0.175614] pci 0000:00:16.6:   bridge window [mem 0xda300000-0xda3fffff 64bit pref]
[    0.176054] pci 0000:00:16.7: PCI bridge to [bus 12-12]
[    0.176093] pci 0000:00:16.7:   bridge window [mem 0xcc100000-0xcc1fffff]
[    0.176132] pci 0000:00:16.7:   bridge window [mem 0xda700000-0xda7fffff 64bit pref]
[    0.176546] pci 0000:00:17.0: PCI bridge to [bus 13-13]
[    0.176566] pci 0000:00:17.0:   bridge window [io  0x6000-0x6fff]
[    0.176587] pci 0000:00:17.0:   bridge window [mem 0xca600000-0xca6fffff]
[    0.176626] pci 0000:00:17.0:   bridge window [mem 0xd8c00000-0xd8cfffff 64bit pref]
[    0.177049] pci 0000:00:17.1: PCI bridge to [bus 14-14]
[    0.177070] pci 0000:00:17.1:   bridge window [io  0xa000-0xafff]
[    0.177090] pci 0000:00:17.1:   bridge window [mem 0xcaa00000-0xcaafffff]
[    0.177129] pci 0000:00:17.1:   bridge window [mem 0xd9000000-0xd90fffff 64bit pref]
[    0.177541] pci 0000:00:17.2: PCI bridge to [bus 15-15]
[    0.177561] pci 0000:00:17.2:   bridge window [io  0xe000-0xefff]
[    0.177582] pci 0000:00:17.2:   bridge window [mem 0xcae00000-0xcaefffff]
[    0.177621] pci 0000:00:17.2:   bridge window [mem 0xd9400000-0xd94fffff 64bit pref]
[    0.178037] pci 0000:00:17.3: PCI bridge to [bus 16-16]
[    0.178076] pci 0000:00:17.3:   bridge window [mem 0xcb200000-0xcb2fffff]
[    0.178115] pci 0000:00:17.3:   bridge window [mem 0xd9800000-0xd98fffff 64bit pref]
[    0.178526] pci 0000:00:17.4: PCI bridge to [bus 17-17]
[    0.178564] pci 0000:00:17.4:   bridge window [mem 0xcb600000-0xcb6fffff]
[    0.178604] pci 0000:00:17.4:   bridge window [mem 0xd9c00000-0xd9cfffff 64bit pref]
[    0.179018] pci 0000:00:17.5: PCI bridge to [bus 18-18]
[    0.179056] pci 0000:00:17.5:   bridge window [mem 0xcba00000-0xcbafffff]
[    0.179096] pci 0000:00:17.5:   bridge window [mem 0xda000000-0xda0fffff 64bit pref]
[    0.179506] pci 0000:00:17.6: PCI bridge to [bus 19-19]
[    0.179545] pci 0000:00:17.6:   bridge window [mem 0xcbe00000-0xcbefffff]
[    0.179584] pci 0000:00:17.6:   bridge window [mem 0xda400000-0xda4fffff 64bit pref]
[    0.180035] pci 0000:00:17.7: PCI bridge to [bus 1a-1a]
[    0.180075] pci 0000:00:17.7:   bridge window [mem 0xcc200000-0xcc2fffff]
[    0.180114] pci 0000:00:17.7:   bridge window [mem 0xda800000-0xda8fffff 64bit pref]
[    0.180528] pci 0000:00:18.0: PCI bridge to [bus 1b-1b]
[    0.180548] pci 0000:00:18.0:   bridge window [io  0x7000-0x7fff]
[    0.180569] pci 0000:00:18.0:   bridge window [mem 0xca700000-0xca7fffff]
[    0.180608] pci 0000:00:18.0:   bridge window [mem 0xd8d00000-0xd8dfffff 64bit pref]
[    0.181064] pci 0000:00:18.1: PCI bridge to [bus 1c-1c]
[    0.181087] pci 0000:00:18.1:   bridge window [io  0xb000-0xbfff]
[    0.181112] pci 0000:00:18.1:   bridge window [mem 0xcab00000-0xcabfffff]
[    0.181157] pci 0000:00:18.1:   bridge window [mem 0xd9100000-0xd91fffff 64bit pref]
[    0.181631] pci 0000:00:18.2: PCI bridge to [bus 1d-1d]
[    0.181655] pci 0000:00:18.2:   bridge window [io  0xf000-0xffff]
[    0.181679] pci 0000:00:18.2:   bridge window [mem 0xcaf00000-0xcaffffff]
[    0.181725] pci 0000:00:18.2:   bridge window [mem 0xd9500000-0xd95fffff 64bit pref]
[    0.182230] pci 0000:00:18.3: PCI bridge to [bus 1e-1e]
[    0.182275] pci 0000:00:18.3:   bridge window [mem 0xcb300000-0xcb3fffff]
[    0.182321] pci 0000:00:18.3:   bridge window [mem 0xd9900000-0xd99fffff 64bit pref]
[    0.182795] pci 0000:00:18.4: PCI bridge to [bus 1f-1f]
[    0.182840] pci 0000:00:18.4:   bridge window [mem 0xcb700000-0xcb7fffff]
[    0.182885] pci 0000:00:18.4:   bridge window [mem 0xd9d00000-0xd9dfffff 64bit pref]
[    0.183383] pci 0000:00:18.5: PCI bridge to [bus 20-20]
[    0.183428] pci 0000:00:18.5:   bridge window [mem 0xcbb00000-0xcbbfffff]
[    0.183474] pci 0000:00:18.5:   bridge window [mem 0xda100000-0xda1fffff 64bit pref]
[    0.183992] pci 0000:00:18.6: PCI bridge to [bus 21-21]
[    0.184037] pci 0000:00:18.6:   bridge window [mem 0xcbf00000-0xcbffffff]
[    0.184082] pci 0000:00:18.6:   bridge window [mem 0xda500000-0xda5fffff 64bit pref]
[    0.184557] pci 0000:00:18.7: PCI bridge to [bus 22-22]
[    0.184601] pci 0000:00:18.7:   bridge window [mem 0xcc300000-0xcc3fffff]
[    0.184647] pci 0000:00:18.7:   bridge window [mem 0xda900000-0xda9fffff 64bit pref]
[    0.186455] pci_bus 0000:00: on NUMA node 0
[    0.186461] ACPI: PCI Interrupt Routing Table [\_SB_.PCI0._PRT]
[    0.187300]  pci0000:00: Requesting ACPI _OSC control (0x1d)
[    0.187560]  pci0000:00: ACPI _OSC control (0x15) granted
[    0.258794] ACPI: PCI Interrupt Link [LNKA] (IRQs 3 4 5 6 7 *9 10 11 14 15)
[    0.258865] ACPI: PCI Interrupt Link [LNKB] (IRQs 3 4 5 6 7 9 10 *11 14 15)
[    0.258926] ACPI: PCI Interrupt Link [LNKC] (IRQs 3 4 5 6 7 9 *10 11 14 15)
[    0.258987] ACPI: PCI Interrupt Link [LNKD] (IRQs 3 4 *5 6 7 9 10 11 14 15)
[    0.259114] vgaarb: device added: PCI:0000:00:0f.0,decodes=io+mem,owns=io+mem,locks=none
[    0.259123] vgaarb: loaded
[    0.259124] vgaarb: bridge control possible 0000:00:0f.0
[    0.259202] i2c-core: driver [aat2870] using legacy suspend method
[    0.259203] i2c-core: driver [aat2870] using legacy resume method
[    0.259264] SCSI subsystem initialized
[    0.259300] libata version 3.00 loaded.
[    0.259328] usbcore: registered new interface driver usbfs
[    0.259338] usbcore: registered new interface driver hub
[    0.259359] usbcore: registered new device driver usb
[    0.259420] PCI: Using ACPI for IRQ routing
[    0.323680] PCI: pci_cache_line_size set to 64 bytes
[    0.323702] pci 0000:00:18.2: no compatible bridge window for [io  0xf000-0xffff]
[    0.324636] reserve RAM buffer: 000000000009f000 - 000000000009ffff 
[    0.324639] reserve RAM buffer: 000000003fee0000 - 000000003fffffff 
[    0.324743] NetLabel: Initializing
[    0.324745] NetLabel:  domain hash size = 128
[    0.324746] NetLabel:  protocols = UNLABELED CIPSOv4
[    0.324754] NetLabel:  unlabeled traffic allowed by default
[    0.324884] hpet0: at MMIO 0xfed00000, IRQs 2, 8, 0, 0, 0, 0, 0, 0, 0, 0, 0, 0, 0, 0, 0, 0
[    0.324890] hpet0: 16 comparators, 64-bit 14.318180 MHz counter
[    0.327984] Switching to clocksource hpet
[    0.333274] AppArmor: AppArmor Filesystem Enabled
[    0.333294] pnp: PnP ACPI init
[    0.333309] ACPI: bus type pnp registered
[    0.333907] pnp 00:00: [bus 00-ff]
[    0.333910] pnp 00:00: [mem 0x000a0000-0x000bffff window]
[    0.333911] pnp 00:00: [mem 0x000c0000-0x000c3fff window]
[    0.333913] pnp 00:00: [mem 0x000c4000-0x000c7fff window]
[    0.333914] pnp 00:00: [mem 0x000c8000-0x000cbfff window]
[    0.333916] pnp 00:00: [mem 0x000cc000-0x000cffff window]
[    0.333917] pnp 00:00: [mem 0x000d0000-0x000d3fff window]
[    0.333918] pnp 00:00: [mem 0x000d4000-0x000d7fff window]
[    0.333920] pnp 00:00: [mem 0x000d8000-0x000dbfff window]
[    0.333921] pnp 00:00: [mem 0x000dc000-0x000dffff window]
[    0.333923] pnp 00:00: [mem 0x000e0000-0x000e3fff window]
[    0.333924] pnp 00:00: [mem 0x000e4000-0x000e7fff window]
[    0.333925] pnp 00:00: [mem 0x000e8000-0x000ebfff window]
[    0.333927] pnp 00:00: [mem 0x000ec000-0x000effff window]
[    0.333928] pnp 00:00: [mem 0xc0000000-0xfebfffff window]
[    0.333930] pnp 00:00: [io  0x0cf8-0x0cff]
[    0.333931] pnp 00:00: [io  0x0000-0x0cf7 window]
[    0.333933] pnp 00:00: [io  0x0d00-0xfeff window]
[    0.333970] pnp 00:00: Plug and Play ACPI device, IDs PNP0a03 PNP0a08 (active)
[    0.334030] pnp 00:01: [io  0x0010-0x001f]
[    0.334032] pnp 00:01: [io  0x0024-0x0025]
[    0.334033] pnp 00:01: [io  0x0028-0x0029]
[    0.334034] pnp 00:01: [io  0x002c-0x002d]
[    0.334035] pnp 00:01: [io  0x002e-0x002f]
[    0.334036] pnp 00:01: [io  0x0030-0x0031]
[    0.334037] pnp 00:01: [io  0x0034-0x0035]
[    0.334039] pnp 00:01: [io  0x0038-0x0039]
[    0.334040] pnp 00:01: [io  0x003c-0x003d]
[    0.334041] pnp 00:01: [io  0x0050-0x0053]
[    0.334042] pnp 00:01: [io  0x0072-0x0077]
[    0.334043] pnp 00:01: [io  0x0080]
[    0.334044] pnp 00:01: [io  0x0090-0x009f]
[    0.334045] pnp 00:01: [io  0x00a4-0x00a5]
[    0.334047] pnp 00:01: [io  0x00a8-0x00a9]
[    0.334048] pnp 00:01: [io  0x00ac-0x00ad]
[    0.334049] pnp 00:01: [io  0x00b0-0x00b5]
[    0.334050] pnp 00:01: [io  0x00b8-0x00b9]
[    0.334051] pnp 00:01: [io  0x00bc-0x00bd]
[    0.334052] pnp 00:01: [io  0x1000-0x103f]
[    0.334053] pnp 00:01: [io  0x1040-0x104f]
[    0.334055] pnp 00:01: [io  0x0cf0-0x0cf1]
[    0.334112] system 00:01: [io  0x1000-0x103f] has been reserved
[    0.334116] system 00:01: [io  0x1040-0x104f] has been reserved
[    0.334118] system 00:01: [io  0x0cf0-0x0cf1] has been reserved
[    0.334120] system 00:01: Plug and Play ACPI device, IDs PNP0c02 (active)
[    0.334126] pnp 00:02: [io  0x0000-0x000f]
[    0.334128] pnp 00:02: [io  0x0081-0x008f]
[    0.334129] pnp 00:02: [io  0x00c0-0x00df]
[    0.334130] pnp 00:02: [dma 4]
[    0.334145] pnp 00:02: Plug and Play ACPI device, IDs PNP0200 (active)
[    0.334151] pnp 00:03: [io  0x0020-0x0021]
[    0.334152] pnp 00:03: [io  0x00a0-0x00a1]
[    0.334153] pnp 00:03: [io  0x04d0-0x04d1]
[    0.334155] pnp 00:03: [irq 2 disabled]
[    0.334170] pnp 00:03: Plug and Play ACPI device, IDs PNP0001 (active)
[    0.334176] pnp 00:04: [io  0x0070-0x0071]
[    0.334178] pnp 00:04: [irq 8]
[    0.334191] pnp 00:04: Plug and Play ACPI device, IDs PNP0b00 (active)
[    0.334196] pnp 00:05: [io  0x0061]
[    0.334208] pnp 00:05: Plug and Play ACPI device, IDs PNP0800 (active)
[    0.334213] pnp 00:06: [io  0x0060]
[    0.334214] pnp 00:06: [io  0x0064]
[    0.334215] pnp 00:06: [irq 1]
[    0.334230] pnp 00:06: Plug and Play ACPI device, IDs PNP0303 (active)
[    0.334235] pnp 00:07: [irq 12]
[    0.334248] pnp 00:07: Plug and Play ACPI device, IDs PNP0f13 (active)
[    0.334398] pnp 00:08: [mem 0xfed00000-0xfed003ff]
[    0.334432] system 00:08: [mem 0xfed00000-0xfed003ff] has been reserved
[    0.334434] system 00:08: Plug and Play ACPI device, IDs PNP0103 PNP0c01 (active)
[    0.338705] pnp 00:09: [io  0x0378-0x037f]
[    0.338735] pnp 00:09: [irq 7]
[    0.339836] pnp 00:09: Plug and Play ACPI device, IDs PNP0400 (active)
[    0.343699] pnp 00:0a: [io  0x03f8-0x03ff]
[    0.343711] pnp 00:0a: [irq 4]
[    0.344834] pnp 00:0a: Plug and Play ACPI device, IDs PNP0501 (active)
[    0.348013] pnp 00:0b: [io  0x02f8-0x02ff]
[    0.348015] pnp 00:0b: [irq 3]
[    0.349099] pnp 00:0b: Plug and Play ACPI device, IDs PNP0501 (active)
[    0.353971] pnp 00:0c: [io  0x03f0-0x03f5]
[    0.353973] pnp 00:0c: [io  0x03f7]
[    0.353975] pnp 00:0c: [irq 6]
[    0.353976] pnp 00:0c: [dma 2]
[    0.354976] pnp 00:0c: Plug and Play ACPI device, IDs PNP0700 (active)
[    0.355131] pnp 00:0d: [mem 0xe0000000-0xefffffff]
[    0.355132] pnp 00:0d: [io  0x1060-0x107f]
[    0.355134] pnp 00:0d: [mem 0xc8200000-0xc83fffff]
[    0.355173] system 00:0d: [io  0x1060-0x107f] has been reserved
[    0.355176] system 00:0d: [mem 0xe0000000-0xefffffff] has been reserved
[    0.355177] system 00:0d: [mem 0xc8200000-0xc83fffff] has been reserved
[    0.355180] system 00:0d: Plug and Play ACPI device, IDs PNP0c02 (active)
[    0.359708] pnp: PnP ACPI: found 14 devices
[    0.359710] ACPI: ACPI bus type pnp unregistered
[    0.359713] PnPBIOS: Disabled by ACPI PNP
[    0.395489] PCI: max bus depth: 1 pci_try_num: 2
[    0.396030] pci 0000:00:0f.0: BAR 6: assigned [mem 0xc0000000-0xc0007fff pref]
[    0.396035] pci 0000:00:10.0: BAR 6: assigned [mem 0xc0008000-0xc000bfff pref]
[    0.396040] pci 0000:00:18.7: BAR 13: can't assign io (size 0x1000)
[    0.396043] pci 0000:00:18.6: BAR 13: can't assign io (size 0x1000)
[    0.396046] pci 0000:00:18.5: BAR 13: can't assign io (size 0x1000)
[    0.396049] pci 0000:00:18.4: BAR 13: can't assign io (size 0x1000)
[    0.396052] pci 0000:00:18.3: BAR 13: can't assign io (size 0x1000)
[    0.396055] pci 0000:00:18.2: BAR 13: can't assign io (size 0x1000)
[    0.396058] pci 0000:00:17.7: BAR 13: can't assign io (size 0x1000)
[    0.396061] pci 0000:00:17.6: BAR 13: can't assign io (size 0x1000)
[    0.396064] pci 0000:00:17.5: BAR 13: can't assign io (size 0x1000)
[    0.396067] pci 0000:00:17.4: BAR 13: can't assign io (size 0x1000)
[    0.396070] pci 0000:00:17.3: BAR 13: can't assign io (size 0x1000)
[    0.396073] pci 0000:00:16.7: BAR 13: can't assign io (size 0x1000)
[    0.396076] pci 0000:00:16.6: BAR 13: can't assign io (size 0x1000)
[    0.396079] pci 0000:00:16.5: BAR 13: can't assign io (size 0x1000)
[    0.396082] pci 0000:00:16.4: BAR 13: can't assign io (size 0x1000)
[    0.396085] pci 0000:00:16.3: BAR 13: can't assign io (size 0x1000)
[    0.396088] pci 0000:00:15.7: BAR 13: can't assign io (size 0x1000)
[    0.396091] pci 0000:00:15.6: BAR 13: can't assign io (size 0x1000)
[    0.396094] pci 0000:00:15.5: BAR 13: can't assign io (size 0x1000)
[    0.396097] pci 0000:00:15.4: BAR 13: can't assign io (size 0x1000)
[    0.396100] pci 0000:00:15.3: BAR 13: can't assign io (size 0x1000)
[    0.396103] pci 0000:00:01.0: PCI bridge to [bus 01-01]
[    0.396206] pci 0000:02:01.0: BAR 6: assigned [mem 0xd8400000-0xd840ffff pref]
[    0.396209] pci 0000:00:11.0: PCI bridge to [bus 02-02]
[    0.396224] pci 0000:00:11.0:   bridge window [io  0x2000-0x3fff]
[    0.396258] pci 0000:00:11.0:   bridge window [mem 0xc9000000-0xca3fffff]
[    0.396282] pci 0000:00:11.0:   bridge window [mem 0xd8400000-0xd89fffff 64bit pref]
[    0.396327] pci 0000:00:15.0: PCI bridge to [bus 03-03]
[    0.396340] pci 0000:00:15.0:   bridge window [io  0x4000-0x4fff]
[    0.396375] pci 0000:00:15.0:   bridge window [mem 0xca400000-0xca4fffff]
[    0.396399] pci 0000:00:15.0:   bridge window [mem 0xd8a00000-0xd8afffff 64bit pref]
[    0.396457] pci 0000:00:15.1: PCI bridge to [bus 04-04]
[    0.396471] pci 0000:00:15.1:   bridge window [io  0x8000-0x8fff]
[    0.396506] pci 0000:00:15.1:   bridge window [mem 0xca800000-0xca8fffff]
[    0.396530] pci 0000:00:15.1:   bridge window [mem 0xd8e00000-0xd8efffff 64bit pref]
[    0.396579] pci 0000:00:15.2: PCI bridge to [bus 05-05]
[    0.396593] pci 0000:00:15.2:   bridge window [io  0xc000-0xcfff]
[    0.396627] pci 0000:00:15.2:   bridge window [mem 0xcac00000-0xcacfffff]
[    0.396651] pci 0000:00:15.2:   bridge window [mem 0xd9200000-0xd92fffff 64bit pref]
[    0.396699] pci 0000:00:15.3: PCI bridge to [bus 06-06]
[    0.396734] pci 0000:00:15.3:   bridge window [mem 0xcb000000-0xcb0fffff]
[    0.396757] pci 0000:00:15.3:   bridge window [mem 0xd9600000-0xd96fffff 64bit pref]
[    0.396806] pci 0000:00:15.4: PCI bridge to [bus 07-07]
[    0.396840] pci 0000:00:15.4:   bridge window [mem 0xcb400000-0xcb4fffff]
[    0.396864] pci 0000:00:15.4:   bridge window [mem 0xd9a00000-0xd9afffff 64bit pref]
[    0.396913] pci 0000:00:15.5: PCI bridge to [bus 08-08]
[    0.396947] pci 0000:00:15.5:   bridge window [mem 0xcb800000-0xcb8fffff]
[    0.396971] pci 0000:00:15.5:   bridge window [mem 0xd9e00000-0xd9efffff 64bit pref]
[    0.397019] pci 0000:00:15.6: PCI bridge to [bus 09-09]
[    0.397053] pci 0000:00:15.6:   bridge window [mem 0xcbc00000-0xcbcfffff]
[    0.397077] pci 0000:00:15.6:   bridge window [mem 0xda200000-0xda2fffff 64bit pref]
[    0.397126] pci 0000:00:15.7: PCI bridge to [bus 0a-0a]
[    0.397160] pci 0000:00:15.7:   bridge window [mem 0xcc000000-0xcc0fffff]
[    0.397184] pci 0000:00:15.7:   bridge window [mem 0xda600000-0xda6fffff 64bit pref]
[    0.397246] pci 0000:00:16.0: PCI bridge to [bus 0b-0b]
[    0.397260] pci 0000:00:16.0:   bridge window [io  0x5000-0x5fff]
[    0.397294] pci 0000:00:16.0:   bridge window [mem 0xca500000-0xca5fffff]
[    0.397318] pci 0000:00:16.0:   bridge window [mem 0xd8b00000-0xd8bfffff 64bit pref]
[    0.397367] pci 0000:00:16.1: PCI bridge to [bus 0c-0c]
[    0.397380] pci 0000:00:16.1:   bridge window [io  0x9000-0x9fff]
[    0.397415] pci 0000:00:16.1:   bridge window [mem 0xca900000-0xca9fffff]
[    0.397439] pci 0000:00:16.1:   bridge window [mem 0xd8f00000-0xd8ffffff 64bit pref]
[    0.397487] pci 0000:00:16.2: PCI bridge to [bus 0d-0d]
[    0.397501] pci 0000:00:16.2:   bridge window [io  0xd000-0xdfff]
[    0.397536] pci 0000:00:16.2:   bridge window [mem 0xcad00000-0xcadfffff]
[    0.397559] pci 0000:00:16.2:   bridge window [mem 0xd9300000-0xd93fffff 64bit pref]
[    0.397608] pci 0000:00:16.3: PCI bridge to [bus 0e-0e]
[    0.397642] pci 0000:00:16.3:   bridge window [mem 0xcb100000-0xcb1fffff]
[    0.397666] pci 0000:00:16.3:   bridge window [mem 0xd9700000-0xd97fffff 64bit pref]
[    0.397715] pci 0000:00:16.4: PCI bridge to [bus 0f-0f]
[    0.397749] pci 0000:00:16.4:   bridge window [mem 0xcb500000-0xcb5fffff]
[    0.397773] pci 0000:00:16.4:   bridge window [mem 0xd9b00000-0xd9bfffff 64bit pref]
[    0.397821] pci 0000:00:16.5: PCI bridge to [bus 10-10]
[    0.397855] pci 0000:00:16.5:   bridge window [mem 0xcb900000-0xcb9fffff]
[    0.397879] pci 0000:00:16.5:   bridge window [mem 0xd9f00000-0xd9ffffff 64bit pref]
[    0.397927] pci 0000:00:16.6: PCI bridge to [bus 11-11]
[    0.397962] pci 0000:00:16.6:   bridge window [mem 0xcbd00000-0xcbdfffff]
[    0.397986] pci 0000:00:16.6:   bridge window [mem 0xda300000-0xda3fffff 64bit pref]
[    0.398034] pci 0000:00:16.7: PCI bridge to [bus 12-12]
[    0.398068] pci 0000:00:16.7:   bridge window [mem 0xcc100000-0xcc1fffff]
[    0.398092] pci 0000:00:16.7:   bridge window [mem 0xda700000-0xda7fffff 64bit pref]
[    0.398141] pci 0000:00:17.0: PCI bridge to [bus 13-13]
[    0.398155] pci 0000:00:17.0:   bridge window [io  0x6000-0x6fff]
[    0.398198] pci 0000:00:17.0:   bridge window [mem 0xca600000-0xca6fffff]
[    0.398222] pci 0000:00:17.0:   bridge window [mem 0xd8c00000-0xd8cfffff 64bit pref]
[    0.398276] pci 0000:00:17.1: PCI bridge to [bus 14-14]
[    0.398293] pci 0000:00:17.1:   bridge window [io  0xa000-0xafff]
[    0.398335] pci 0000:00:17.1:   bridge window [mem 0xcaa00000-0xcaafffff]
[    0.398363] pci 0000:00:17.1:   bridge window [mem 0xd9000000-0xd90fffff 64bit pref]
[    0.398423] pci 0000:00:17.2: PCI bridge to [bus 15-15]
[    0.398440] pci 0000:00:17.2:   bridge window [io  0xe000-0xefff]
[    0.398482] pci 0000:00:17.2:   bridge window [mem 0xcae00000-0xcaefffff]
[    0.398511] pci 0000:00:17.2:   bridge window [mem 0xd9400000-0xd94fffff 64bit pref]
[    0.398571] pci 0000:00:17.3: PCI bridge to [bus 16-16]
[    0.398612] pci 0000:00:17.3:   bridge window [mem 0xcb200000-0xcb2fffff]
[    0.398642] pci 0000:00:17.3:   bridge window [mem 0xd9800000-0xd98fffff 64bit pref]
[    0.398701] pci 0000:00:17.4: PCI bridge to [bus 17-17]
[    0.398743] pci 0000:00:17.4:   bridge window [mem 0xcb600000-0xcb6fffff]
[    0.398772] pci 0000:00:17.4:   bridge window [mem 0xd9c00000-0xd9cfffff 64bit pref]
[    0.398832] pci 0000:00:17.5: PCI bridge to [bus 18-18]
[    0.398874] pci 0000:00:17.5:   bridge window [mem 0xcba00000-0xcbafffff]
[    0.398903] pci 0000:00:17.5:   bridge window [mem 0xda000000-0xda0fffff 64bit pref]
[    0.398962] pci 0000:00:17.6: PCI bridge to [bus 19-19]
[    0.399004] pci 0000:00:17.6:   bridge window [mem 0xcbe00000-0xcbefffff]
[    0.399033] pci 0000:00:17.6:   bridge window [mem 0xda400000-0xda4fffff 64bit pref]
[    0.399093] pci 0000:00:17.7: PCI bridge to [bus 1a-1a]
[    0.399135] pci 0000:00:17.7:   bridge window [mem 0xcc200000-0xcc2fffff]
[    0.399164] pci 0000:00:17.7:   bridge window [mem 0xda800000-0xda8fffff 64bit pref]
[    0.399232] pci 0000:00:18.0: PCI bridge to [bus 1b-1b]
[    0.399250] pci 0000:00:18.0:   bridge window [io  0x7000-0x7fff]
[    0.399291] pci 0000:00:18.0:   bridge window [mem 0xca700000-0xca7fffff]
[    0.399320] pci 0000:00:18.0:   bridge window [mem 0xd8d00000-0xd8dfffff 64bit pref]
[    0.399380] pci 0000:00:18.1: PCI bridge to [bus 1c-1c]
[    0.399397] pci 0000:00:18.1:   bridge window [io  0xb000-0xbfff]
[    0.399438] pci 0000:00:18.1:   bridge window [mem 0xcab00000-0xcabfffff]
[    0.399468] pci 0000:00:18.1:   bridge window [mem 0xd9100000-0xd91fffff 64bit pref]
[    0.399528] pci 0000:00:18.2: PCI bridge to [bus 1d-1d]
[    0.399569] pci 0000:00:18.2:   bridge window [mem 0xcaf00000-0xcaffffff]
[    0.399599] pci 0000:00:18.2:   bridge window [mem 0xd9500000-0xd95fffff 64bit pref]
[    0.399657] pci 0000:00:18.3: PCI bridge to [bus 1e-1e]
[    0.399699] pci 0000:00:18.3:   bridge window [mem 0xcb300000-0xcb3fffff]
[    0.399728] pci 0000:00:18.3:   bridge window [mem 0xd9900000-0xd99fffff 64bit pref]
[    0.399787] pci 0000:00:18.4: PCI bridge to [bus 1f-1f]
[    0.399829] pci 0000:00:18.4:   bridge window [mem 0xcb700000-0xcb7fffff]
[    0.399859] pci 0000:00:18.4:   bridge window [mem 0xd9d00000-0xd9dfffff 64bit pref]
[    0.399939] pci 0000:00:18.5: PCI bridge to [bus 20-20]
[    0.399981] pci 0000:00:18.5:   bridge window [mem 0xcbb00000-0xcbbfffff]
[    0.400011] pci 0000:00:18.5:   bridge window [mem 0xda100000-0xda1fffff 64bit pref]
[    0.400071] pci 0000:00:18.6: PCI bridge to [bus 21-21]
[    0.400111] pci 0000:00:18.6:   bridge window [mem 0xcbf00000-0xcbffffff]
[    0.400141] pci 0000:00:18.6:   bridge window [mem 0xda500000-0xda5fffff 64bit pref]
[    0.400210] pci 0000:00:18.7: PCI bridge to [bus 22-22]
[    0.400252] pci 0000:00:18.7:   bridge window [mem 0xcc300000-0xcc3fffff]
[    0.400281] pci 0000:00:18.7:   bridge window [mem 0xda900000-0xda9fffff 64bit pref]
[    0.400385] pci 0000:00:01.0: setting latency timer to 64
[    0.400493] pci 0000:00:15.0: setting latency timer to 64
[    0.400562] pci 0000:00:15.1: setting latency timer to 64
[    0.400630] pci 0000:00:15.2: setting latency timer to 64
[    0.400698] pci 0000:00:15.3: setting latency timer to 64
[    0.400767] pci 0000:00:15.4: setting latency timer to 64
[    0.400835] pci 0000:00:15.5: setting latency timer to 64
[    0.400902] pci 0000:00:15.6: setting latency timer to 64
[    0.400971] pci 0000:00:15.7: setting latency timer to 64
[    0.401039] pci 0000:00:16.0: setting latency timer to 64
[    0.401107] pci 0000:00:16.1: setting latency timer to 64
[    0.401175] pci 0000:00:16.2: setting latency timer to 64
[    0.401243] pci 0000:00:16.3: setting latency timer to 64
[    0.401312] pci 0000:00:16.4: setting latency timer to 64
[    0.401380] pci 0000:00:16.5: setting latency timer to 64
[    0.401448] pci 0000:00:16.6: setting latency timer to 64
[    0.401516] pci 0000:00:16.7: setting latency timer to 64
[    0.401584] pci 0000:00:17.0: setting latency timer to 64
[    0.401653] pci 0000:00:17.1: setting latency timer to 64
[    0.401721] pci 0000:00:17.2: setting latency timer to 64
[    0.401790] pci 0000:00:17.3: setting latency timer to 64
[    0.401858] pci 0000:00:17.4: setting latency timer to 64
[    0.401926] pci 0000:00:17.5: setting latency timer to 64
[    0.401995] pci 0000:00:17.6: setting latency timer to 64
[    0.402063] pci 0000:00:17.7: setting latency timer to 64
[    0.402131] pci 0000:00:18.0: setting latency timer to 64
[    0.402201] pci 0000:00:18.1: setting latency timer to 64
[    0.402268] pci 0000:00:18.2: setting latency timer to 64
[    0.402336] pci 0000:00:18.3: setting latency timer to 64
[    0.402405] pci 0000:00:18.4: setting latency timer to 64
[    0.402473] pci 0000:00:18.5: setting latency timer to 64
[    0.402540] pci 0000:00:18.6: setting latency timer to 64
[    0.402608] pci 0000:00:18.7: setting latency timer to 64
[    0.402625] pci_bus 0000:00: resource 4 [mem 0x000a0000-0x000bffff]
[    0.402628] pci_bus 0000:00: resource 5 [mem 0x000cc000-0x000cffff]
[    0.402631] pci_bus 0000:00: resource 6 [mem 0x000d0000-0x000d3fff]
[    0.402634] pci_bus 0000:00: resource 7 [mem 0x000d4000-0x000d7fff]
[    0.402636] pci_bus 0000:00: resource 8 [mem 0x000d8000-0x000dbfff]
[    0.402639] pci_bus 0000:00: resource 9 [mem 0xc0000000-0xfebfffff]
[    0.402642] pci_bus 0000:00: resource 10 [io  0x0000-0x0cf7]
[    0.402645] pci_bus 0000:00: resource 11 [io  0x0d00-0xfeff]
[    0.402648] pci_bus 0000:02: resource 0 [io  0x2000-0x3fff]
[    0.402651] pci_bus 0000:02: resource 1 [mem 0xc9000000-0xca3fffff]
[    0.402654] pci_bus 0000:02: resource 2 [mem 0xd8400000-0xd89fffff 64bit pref]
[    0.402657] pci_bus 0000:02: resource 4 [mem 0x000a0000-0x000bffff]
[    0.402660] pci_bus 0000:02: resource 5 [mem 0x000cc000-0x000cffff]
[    0.402663] pci_bus 0000:02: resource 6 [mem 0x000d0000-0x000d3fff]
[    0.402666] pci_bus 0000:02: resource 7 [mem 0x000d4000-0x000d7fff]
[    0.402669] pci_bus 0000:02: resource 8 [mem 0x000d8000-0x000dbfff]
[    0.402672] pci_bus 0000:02: resource 9 [mem 0xc0000000-0xfebfffff]
[    0.402675] pci_bus 0000:02: resource 10 [io  0x0000-0x0cf7]
[    0.402677] pci_bus 0000:02: resource 11 [io  0x0d00-0xfeff]
[    0.402680] pci_bus 0000:03: resource 0 [io  0x4000-0x4fff]
[    0.402683] pci_bus 0000:03: resource 1 [mem 0xca400000-0xca4fffff]
[    0.402686] pci_bus 0000:03: resource 2 [mem 0xd8a00000-0xd8afffff 64bit pref]
[    0.402689] pci_bus 0000:04: resource 0 [io  0x8000-0x8fff]
[    0.402692] pci_bus 0000:04: resource 1 [mem 0xca800000-0xca8fffff]
[    0.402695] pci_bus 0000:04: resource 2 [mem 0xd8e00000-0xd8efffff 64bit pref]
[    0.402698] pci_bus 0000:05: resource 0 [io  0xc000-0xcfff]
[    0.402701] pci_bus 0000:05: resource 1 [mem 0xcac00000-0xcacfffff]
[    0.402704] pci_bus 0000:05: resource 2 [mem 0xd9200000-0xd92fffff 64bit pref]
[    0.402707] pci_bus 0000:06: resource 1 [mem 0xcb000000-0xcb0fffff]
[    0.402710] pci_bus 0000:06: resource 2 [mem 0xd9600000-0xd96fffff 64bit pref]
[    0.402713] pci_bus 0000:07: resource 1 [mem 0xcb400000-0xcb4fffff]
[    0.402716] pci_bus 0000:07: resource 2 [mem 0xd9a00000-0xd9afffff 64bit pref]
[    0.402719] pci_bus 0000:08: resource 1 [mem 0xcb800000-0xcb8fffff]
[    0.402722] pci_bus 0000:08: resource 2 [mem 0xd9e00000-0xd9efffff 64bit pref]
[    0.402725] pci_bus 0000:09: resource 1 [mem 0xcbc00000-0xcbcfffff]
[    0.402728] pci_bus 0000:09: resource 2 [mem 0xda200000-0xda2fffff 64bit pref]
[    0.402731] pci_bus 0000:0a: resource 1 [mem 0xcc000000-0xcc0fffff]
[    0.402734] pci_bus 0000:0a: resource 2 [mem 0xda600000-0xda6fffff 64bit pref]
[    0.402737] pci_bus 0000:0b: resource 0 [io  0x5000-0x5fff]
[    0.402740] pci_bus 0000:0b: resource 1 [mem 0xca500000-0xca5fffff]
[    0.402743] pci_bus 0000:0b: resource 2 [mem 0xd8b00000-0xd8bfffff 64bit pref]
[    0.402746] pci_bus 0000:0c: resource 0 [io  0x9000-0x9fff]
[    0.402749] pci_bus 0000:0c: resource 1 [mem 0xca900000-0xca9fffff]
[    0.402752] pci_bus 0000:0c: resource 2 [mem 0xd8f00000-0xd8ffffff 64bit pref]
[    0.402755] pci_bus 0000:0d: resource 0 [io  0xd000-0xdfff]
[    0.402758] pci_bus 0000:0d: resource 1 [mem 0xcad00000-0xcadfffff]
[    0.402761] pci_bus 0000:0d: resource 2 [mem 0xd9300000-0xd93fffff 64bit pref]
[    0.402764] pci_bus 0000:0e: resource 1 [mem 0xcb100000-0xcb1fffff]
[    0.402767] pci_bus 0000:0e: resource 2 [mem 0xd9700000-0xd97fffff 64bit pref]
[    0.402770] pci_bus 0000:0f: resource 1 [mem 0xcb500000-0xcb5fffff]
[    0.402773] pci_bus 0000:0f: resource 2 [mem 0xd9b00000-0xd9bfffff 64bit pref]
[    0.402776] pci_bus 0000:10: resource 1 [mem 0xcb900000-0xcb9fffff]
[    0.402779] pci_bus 0000:10: resource 2 [mem 0xd9f00000-0xd9ffffff 64bit pref]
[    0.402782] pci_bus 0000:11: resource 1 [mem 0xcbd00000-0xcbdfffff]
[    0.402785] pci_bus 0000:11: resource 2 [mem 0xda300000-0xda3fffff 64bit pref]
[    0.402789] pci_bus 0000:12: resource 1 [mem 0xcc100000-0xcc1fffff]
[    0.402792] pci_bus 0000:12: resource 2 [mem 0xda700000-0xda7fffff 64bit pref]
[    0.402795] pci_bus 0000:13: resource 0 [io  0x6000-0x6fff]
[    0.402797] pci_bus 0000:13: resource 1 [mem 0xca600000-0xca6fffff]
[    0.402800] pci_bus 0000:13: resource 2 [mem 0xd8c00000-0xd8cfffff 64bit pref]
[    0.402804] pci_bus 0000:14: resource 0 [io  0xa000-0xafff]
[    0.402806] pci_bus 0000:14: resource 1 [mem 0xcaa00000-0xcaafffff]
[    0.402809] pci_bus 0000:14: resource 2 [mem 0xd9000000-0xd90fffff 64bit pref]
[    0.402812] pci_bus 0000:15: resource 0 [io  0xe000-0xefff]
[    0.402815] pci_bus 0000:15: resource 1 [mem 0xcae00000-0xcaefffff]
[    0.402818] pci_bus 0000:15: resource 2 [mem 0xd9400000-0xd94fffff 64bit pref]
[    0.402821] pci_bus 0000:16: resource 1 [mem 0xcb200000-0xcb2fffff]
[    0.402824] pci_bus 0000:16: resource 2 [mem 0xd9800000-0xd98fffff 64bit pref]
[    0.402828] pci_bus 0000:17: resource 1 [mem 0xcb600000-0xcb6fffff]
[    0.402831] pci_bus 0000:17: resource 2 [mem 0xd9c00000-0xd9cfffff 64bit pref]
[    0.402834] pci_bus 0000:18: resource 1 [mem 0xcba00000-0xcbafffff]
[    0.402837] pci_bus 0000:18: resource 2 [mem 0xda000000-0xda0fffff 64bit pref]
[    0.402840] pci_bus 0000:19: resource 1 [mem 0xcbe00000-0xcbefffff]
[    0.402843] pci_bus 0000:19: resource 2 [mem 0xda400000-0xda4fffff 64bit pref]
[    0.402846] pci_bus 0000:1a: resource 1 [mem 0xcc200000-0xcc2fffff]
[    0.402849] pci_bus 0000:1a: resource 2 [mem 0xda800000-0xda8fffff 64bit pref]
[    0.402852] pci_bus 0000:1b: resource 0 [io  0x7000-0x7fff]
[    0.402855] pci_bus 0000:1b: resource 1 [mem 0xca700000-0xca7fffff]
[    0.402858] pci_bus 0000:1b: resource 2 [mem 0xd8d00000-0xd8dfffff 64bit pref]
[    0.402861] pci_bus 0000:1c: resource 0 [io  0xb000-0xbfff]
[    0.402864] pci_bus 0000:1c: resource 1 [mem 0xcab00000-0xcabfffff]
[    0.402866] pci_bus 0000:1c: resource 2 [mem 0xd9100000-0xd91fffff 64bit pref]
[    0.402870] pci_bus 0000:1d: resource 1 [mem 0xcaf00000-0xcaffffff]
[    0.402873] pci_bus 0000:1d: resource 2 [mem 0xd9500000-0xd95fffff 64bit pref]
[    0.402876] pci_bus 0000:1e: resource 1 [mem 0xcb300000-0xcb3fffff]
[    0.402879] pci_bus 0000:1e: resource 2 [mem 0xd9900000-0xd99fffff 64bit pref]
[    0.402882] pci_bus 0000:1f: resource 1 [mem 0xcb700000-0xcb7fffff]
[    0.402885] pci_bus 0000:1f: resource 2 [mem 0xd9d00000-0xd9dfffff 64bit pref]
[    0.402888] pci_bus 0000:20: resource 1 [mem 0xcbb00000-0xcbbfffff]
[    0.402891] pci_bus 0000:20: resource 2 [mem 0xda100000-0xda1fffff 64bit pref]
[    0.402894] pci_bus 0000:21: resource 1 [mem 0xcbf00000-0xcbffffff]
[    0.402897] pci_bus 0000:21: resource 2 [mem 0xda500000-0xda5fffff 64bit pref]
[    0.402900] pci_bus 0000:22: resource 1 [mem 0xcc300000-0xcc3fffff]
[    0.402903] pci_bus 0000:22: resource 2 [mem 0xda900000-0xda9fffff 64bit pref]
[    0.402946] NET: Registered protocol family 2
[    0.403002] IP route cache hash table entries: 32768 (order: 5, 131072 bytes)
[    0.403141] TCP established hash table entries: 131072 (order: 8, 1048576 bytes)
[    0.403279] TCP bind hash table entries: 65536 (order: 7, 524288 bytes)
[    0.403418] TCP: Hash tables configured (established 131072 bind 65536)
[    0.403422] TCP reno registered
[    0.403426] UDP hash table entries: 512 (order: 2, 16384 bytes)
[    0.403436] UDP-Lite hash table entries: 512 (order: 2, 16384 bytes)
[    0.403494] NET: Registered protocol family 1
[    0.403505] pci 0000:00:00.0: Limiting direct PCI/PCI transfers
[    0.403624] pci 0000:00:0f.0: Boot video device
[    0.404027] ACPI: PCI Interrupt Link [LNKC] enabled at IRQ 10
[    0.404031] PCI: setting IRQ 10 as level-triggered
[    0.404040] pci 0000:02:00.0: PCI INT A -> Link[LNKC] -> GSI 10 (level, low) -> IRQ 10
[    0.404176] pci 0000:02:00.0: PCI INT A disabled
[    0.404315] ACPI: PCI Interrupt Link [LNKB] enabled at IRQ 11
[    0.404317] PCI: setting IRQ 11 as level-triggered
[    0.404322] pci 0000:02:03.0: PCI INT A -> Link[LNKB] -> GSI 11 (level, low) -> IRQ 11
[    0.404393] pci 0000:02:03.0: PCI INT A disabled
[    0.404409] PCI: CLS 32 bytes, default 64
[    0.404457] Simple Boot Flag at 0x36 set to 0x1
[    0.404462] Switching to clocksource tsc
[    0.404738] audit: initializing netlink socket (disabled)
[    0.404746] type=2000 audit(1369653841.388:1): initialized
[    0.420061] Trying to unpack rootfs image as initramfs...
[    0.440122] highmem bounce pool size: 64 pages
[    0.440127] HugeTLB registered 2 MB page size, pre-allocated 0 pages
[    0.448022] VFS: Disk quotas dquot_6.5.2
[    0.448089] Dquot-cache hash table entries: 1024 (order 0, 4096 bytes)
[    0.448312] fuse init (API version 7.17)
[    0.448415] msgmni has been set to 1710
[    0.460024] Block layer SCSI generic (bsg) driver version 0.4 loaded (major 253)
[    0.463946] io scheduler noop registered
[    0.463948] io scheduler deadline registered
[    0.463956] io scheduler cfq registered (default)
[    0.464095] pcieport 0000:00:15.0: setting latency timer to 64
[    0.464234] pcieport 0000:00:15.0: irq 40 for MSI/MSI-X
[    0.464372] pcieport 0000:00:15.1: setting latency timer to 64
[    0.464511] pcieport 0000:00:15.1: irq 41 for MSI/MSI-X
[    0.464650] pcieport 0000:00:15.2: setting latency timer to 64
[    0.464788] pcieport 0000:00:15.2: irq 42 for MSI/MSI-X
[    0.464927] pcieport 0000:00:15.3: setting latency timer to 64
[    0.465066] pcieport 0000:00:15.3: irq 43 for MSI/MSI-X
[    0.465204] pcieport 0000:00:15.4: setting latency timer to 64
[    0.465343] pcieport 0000:00:15.4: irq 44 for MSI/MSI-X
[    0.465482] pcieport 0000:00:15.5: setting latency timer to 64
[    0.465620] pcieport 0000:00:15.5: irq 45 for MSI/MSI-X
[    0.465759] pcieport 0000:00:15.6: setting latency timer to 64
[    0.465898] pcieport 0000:00:15.6: irq 46 for MSI/MSI-X
[    0.466037] pcieport 0000:00:15.7: setting latency timer to 64
[    0.466175] pcieport 0000:00:15.7: irq 47 for MSI/MSI-X
[    0.466314] pcieport 0000:00:16.0: setting latency timer to 64
[    0.466453] pcieport 0000:00:16.0: irq 48 for MSI/MSI-X
[    0.466591] pcieport 0000:00:16.1: setting latency timer to 64
[    0.466730] pcieport 0000:00:16.1: irq 49 for MSI/MSI-X
[    0.466869] pcieport 0000:00:16.2: setting latency timer to 64
[    0.467007] pcieport 0000:00:16.2: irq 50 for MSI/MSI-X
[    0.467146] pcieport 0000:00:16.3: setting latency timer to 64
[    0.467285] pcieport 0000:00:16.3: irq 51 for MSI/MSI-X
[    0.467834] pcieport 0000:00:16.4: setting latency timer to 64
[    0.468059] pcieport 0000:00:16.4: irq 52 for MSI/MSI-X
[    0.468198] pcieport 0000:00:16.5: setting latency timer to 64
[    0.468336] pcieport 0000:00:16.5: irq 53 for MSI/MSI-X
[    0.468475] pcieport 0000:00:16.6: setting latency timer to 64
[    0.468614] pcieport 0000:00:16.6: irq 54 for MSI/MSI-X
[    0.468752] pcieport 0000:00:16.7: setting latency timer to 64
[    0.468891] pcieport 0000:00:16.7: irq 55 for MSI/MSI-X
[    0.469030] pcieport 0000:00:17.0: setting latency timer to 64
[    0.469168] pcieport 0000:00:17.0: irq 56 for MSI/MSI-X
[    0.469307] pcieport 0000:00:17.1: setting latency timer to 64
[    0.469446] pcieport 0000:00:17.1: irq 57 for MSI/MSI-X
[    0.469585] pcieport 0000:00:17.2: setting latency timer to 64
[    0.469723] pcieport 0000:00:17.2: irq 58 for MSI/MSI-X
[    0.469862] pcieport 0000:00:17.3: setting latency timer to 64
[    0.470001] pcieport 0000:00:17.3: irq 59 for MSI/MSI-X
[    0.470139] pcieport 0000:00:17.4: setting latency timer to 64
[    0.470278] pcieport 0000:00:17.4: irq 60 for MSI/MSI-X
[    0.470417] pcieport 0000:00:17.5: setting latency timer to 64
[    0.470555] pcieport 0000:00:17.5: irq 61 for MSI/MSI-X
[    0.470694] pcieport 0000:00:17.6: setting latency timer to 64
[    0.470833] pcieport 0000:00:17.6: irq 62 for MSI/MSI-X
[    0.470971] pcieport 0000:00:17.7: setting latency timer to 64
[    0.471110] pcieport 0000:00:17.7: irq 63 for MSI/MSI-X
[    0.471249] pcieport 0000:00:18.0: setting latency timer to 64
[    0.471387] pcieport 0000:00:18.0: irq 64 for MSI/MSI-X
[    0.475968] pcieport 0000:00:18.1: setting latency timer to 64
[    0.476106] pcieport 0000:00:18.1: irq 65 for MSI/MSI-X
[    0.476245] pcieport 0000:00:18.2: setting latency timer to 64
[    0.476384] pcieport 0000:00:18.2: irq 66 for MSI/MSI-X
[    0.476523] pcieport 0000:00:18.3: setting latency timer to 64
[    0.476661] pcieport 0000:00:18.3: irq 67 for MSI/MSI-X
[    0.476800] pcieport 0000:00:18.4: setting latency timer to 64
[    0.476939] pcieport 0000:00:18.4: irq 68 for MSI/MSI-X
[    0.477077] pcieport 0000:00:18.5: setting latency timer to 64
[    0.477216] pcieport 0000:00:18.5: irq 69 for MSI/MSI-X
[    0.477355] pcieport 0000:00:18.6: setting latency timer to 64
[    0.477493] pcieport 0000:00:18.6: irq 70 for MSI/MSI-X
[    0.477632] pcieport 0000:00:18.7: setting latency timer to 64
[    0.477771] pcieport 0000:00:18.7: irq 71 for MSI/MSI-X
[    0.477909] pcieport 0000:00:15.0: Signaling PME through PCIe PME interrupt
[    0.477935] pcie_pme 0000:00:15.0:pcie01: service driver pcie_pme loaded
[    0.478057] pcieport 0000:00:15.1: Signaling PME through PCIe PME interrupt
[    0.478082] pcie_pme 0000:00:15.1:pcie01: service driver pcie_pme loaded
[    0.478199] pcieport 0000:00:15.2: Signaling PME through PCIe PME interrupt
[    0.478225] pcie_pme 0000:00:15.2:pcie01: service driver pcie_pme loaded
[    0.478342] pcieport 0000:00:15.3: Signaling PME through PCIe PME interrupt
[    0.478380] pcie_pme 0000:00:15.3:pcie01: service driver pcie_pme loaded
[    0.478499] pcieport 0000:00:15.4: Signaling PME through PCIe PME interrupt
[    0.478524] pcie_pme 0000:00:15.4:pcie01: service driver pcie_pme loaded
[    0.478642] pcieport 0000:00:15.5: Signaling PME through PCIe PME interrupt
[    0.478667] pcie_pme 0000:00:15.5:pcie01: service driver pcie_pme loaded
[    0.478785] pcieport 0000:00:15.6: Signaling PME through PCIe PME interrupt
[    0.478810] pcie_pme 0000:00:15.6:pcie01: service driver pcie_pme loaded
[    0.478927] pcieport 0000:00:15.7: Signaling PME through PCIe PME interrupt
[    0.478952] pcie_pme 0000:00:15.7:pcie01: service driver pcie_pme loaded
[    0.479077] pcieport 0000:00:16.0: Signaling PME through PCIe PME interrupt
[    0.479103] pcie_pme 0000:00:16.0:pcie01: service driver pcie_pme loaded
[    0.479220] pcieport 0000:00:16.1: Signaling PME through PCIe PME interrupt
[    0.479245] pcie_pme 0000:00:16.1:pcie01: service driver pcie_pme loaded
[    0.479366] pcieport 0000:00:16.2: Signaling PME through PCIe PME interrupt
[    0.479391] pcie_pme 0000:00:16.2:pcie01: service driver pcie_pme loaded
[    0.479509] pcieport 0000:00:16.3: Signaling PME through PCIe PME interrupt
[    0.479533] pcie_pme 0000:00:16.3:pcie01: service driver pcie_pme loaded
[    0.479651] pcieport 0000:00:16.4: Signaling PME through PCIe PME interrupt
[    0.479676] pcie_pme 0000:00:16.4:pcie01: service driver pcie_pme loaded
[    0.483842] pcieport 0000:00:16.5: Signaling PME through PCIe PME interrupt
[    0.483872] pcie_pme 0000:00:16.5:pcie01: service driver pcie_pme loaded
[    0.483994] pcieport 0000:00:16.6: Signaling PME through PCIe PME interrupt
[    0.484019] pcie_pme 0000:00:16.6:pcie01: service driver pcie_pme loaded
[    0.484139] pcieport 0000:00:16.7: Signaling PME through PCIe PME interrupt
[    0.484164] pcie_pme 0000:00:16.7:pcie01: service driver pcie_pme loaded
[    0.484283] pcieport 0000:00:17.0: Signaling PME through PCIe PME interrupt
[    0.484308] pcie_pme 0000:00:17.0:pcie01: service driver pcie_pme loaded
[    0.484426] pcieport 0000:00:17.1: Signaling PME through PCIe PME interrupt
[    0.484451] pcie_pme 0000:00:17.1:pcie01: service driver pcie_pme loaded
[    0.484569] pcieport 0000:00:17.2: Signaling PME through PCIe PME interrupt
[    0.484594] pcie_pme 0000:00:17.2:pcie01: service driver pcie_pme loaded
[    0.484711] pcieport 0000:00:17.3: Signaling PME through PCIe PME interrupt
[    0.484746] pcie_pme 0000:00:17.3:pcie01: service driver pcie_pme loaded
[    0.484885] pcieport 0000:00:17.4: Signaling PME through PCIe PME interrupt
[    0.484916] pcie_pme 0000:00:17.4:pcie01: service driver pcie_pme loaded
[    0.485054] pcieport 0000:00:17.5: Signaling PME through PCIe PME interrupt
[    0.485085] pcie_pme 0000:00:17.5:pcie01: service driver pcie_pme loaded
[    0.485224] pcieport 0000:00:17.6: Signaling PME through PCIe PME interrupt
[    0.485255] pcie_pme 0000:00:17.6:pcie01: service driver pcie_pme loaded
[    0.485393] pcieport 0000:00:17.7: Signaling PME through PCIe PME interrupt
[    0.485424] pcie_pme 0000:00:17.7:pcie01: service driver pcie_pme loaded
[    0.485562] pcieport 0000:00:18.0: Signaling PME through PCIe PME interrupt
[    0.485593] pcie_pme 0000:00:18.0:pcie01: service driver pcie_pme loaded
[    0.485732] pcieport 0000:00:18.1: Signaling PME through PCIe PME interrupt
[    0.485762] pcie_pme 0000:00:18.1:pcie01: service driver pcie_pme loaded
[    0.485901] pcieport 0000:00:18.2: Signaling PME through PCIe PME interrupt
[    0.485931] pcie_pme 0000:00:18.2:pcie01: service driver pcie_pme loaded
[    0.486070] pcieport 0000:00:18.3: Signaling PME through PCIe PME interrupt
[    0.486101] pcie_pme 0000:00:18.3:pcie01: service driver pcie_pme loaded
[    0.486240] pcieport 0000:00:18.4: Signaling PME through PCIe PME interrupt
[    0.486270] pcie_pme 0000:00:18.4:pcie01: service driver pcie_pme loaded
[    0.486409] pcieport 0000:00:18.5: Signaling PME through PCIe PME interrupt
[    0.486439] pcie_pme 0000:00:18.5:pcie01: service driver pcie_pme loaded
[    0.486578] pcieport 0000:00:18.6: Signaling PME through PCIe PME interrupt
[    0.486608] pcie_pme 0000:00:18.6:pcie01: service driver pcie_pme loaded
[    0.486747] pcieport 0000:00:18.7: Signaling PME through PCIe PME interrupt
[    0.486778] pcie_pme 0000:00:18.7:pcie01: service driver pcie_pme loaded
[    0.486807] pci_hotplug: PCI Hot Plug PCI Core version: 0.5
[    0.486945] pciehp 0000:00:15.0:pcie04: HPC vendor_id 15ad device_id 7a0 ss_vid 15ad ss_did 7a0
[    0.487029] pciehp 0000:00:15.0:pcie04: service driver pciehp loaded
[    0.487114] pciehp 0000:00:15.1:pcie04: HPC vendor_id 15ad device_id 7a0 ss_vid 15ad ss_did 7a0
[    0.487204] pciehp 0000:00:15.1:pcie04: service driver pciehp loaded
[    0.487294] pciehp 0000:00:15.2:pcie04: HPC vendor_id 15ad device_id 7a0 ss_vid 15ad ss_did 7a0
[    0.487373] pciehp 0000:00:15.2:pcie04: service driver pciehp loaded
[    0.487458] pciehp 0000:00:15.3:pcie04: HPC vendor_id 15ad device_id 7a0 ss_vid 15ad ss_did 7a0
[    0.487541] pciehp 0000:00:15.3:pcie04: service driver pciehp loaded
[    0.487626] pciehp 0000:00:15.4:pcie04: HPC vendor_id 15ad device_id 7a0 ss_vid 15ad ss_did 7a0
[    0.487705] pciehp 0000:00:15.4:pcie04: service driver pciehp loaded
[    0.491873] pciehp 0000:00:15.5:pcie04: HPC vendor_id 15ad device_id 7a0 ss_vid 15ad ss_did 7a0
[    0.491948] pciehp 0000:00:15.5:pcie04: service driver pciehp loaded
[    0.492020] pciehp 0000:00:15.6:pcie04: HPC vendor_id 15ad device_id 7a0 ss_vid 15ad ss_did 7a0
[    0.492085] pciehp 0000:00:15.6:pcie04: service driver pciehp loaded
[    0.492156] pciehp 0000:00:15.7:pcie04: HPC vendor_id 15ad device_id 7a0 ss_vid 15ad ss_did 7a0
[    0.492221] pciehp 0000:00:15.7:pcie04: service driver pciehp loaded
[    0.492291] pciehp 0000:00:16.0:pcie04: HPC vendor_id 15ad device_id 7a0 ss_vid 15ad ss_did 7a0
[    0.492356] pciehp 0000:00:16.0:pcie04: service driver pciehp loaded
[    0.492426] pciehp 0000:00:16.1:pcie04: HPC vendor_id 15ad device_id 7a0 ss_vid 15ad ss_did 7a0
[    0.492491] pciehp 0000:00:16.1:pcie04: service driver pciehp loaded
[    0.492560] pciehp 0000:00:16.2:pcie04: HPC vendor_id 15ad device_id 7a0 ss_vid 15ad ss_did 7a0
[    0.492625] pciehp 0000:00:16.2:pcie04: service driver pciehp loaded
[    0.492699] pciehp 0000:00:16.3:pcie04: HPC vendor_id 15ad device_id 7a0 ss_vid 15ad ss_did 7a0
[    0.492766] pciehp 0000:00:16.3:pcie04: service driver pciehp loaded
[    0.492836] pciehp 0000:00:16.4:pcie04: HPC vendor_id 15ad device_id 7a0 ss_vid 15ad ss_did 7a0
[    0.492901] pciehp 0000:00:16.4:pcie04: service driver pciehp loaded
[    0.492971] pciehp 0000:00:16.5:pcie04: HPC vendor_id 15ad device_id 7a0 ss_vid 15ad ss_did 7a0
[    0.493035] pciehp 0000:00:16.5:pcie04: service driver pciehp loaded
[    0.493105] pciehp 0000:00:16.6:pcie04: HPC vendor_id 15ad device_id 7a0 ss_vid 15ad ss_did 7a0
[    0.493170] pciehp 0000:00:16.6:pcie04: service driver pciehp loaded
[    0.493240] pciehp 0000:00:16.7:pcie04: HPC vendor_id 15ad device_id 7a0 ss_vid 15ad ss_did 7a0
[    0.493304] pciehp 0000:00:16.7:pcie04: service driver pciehp loaded
[    0.493375] pciehp 0000:00:17.0:pcie04: HPC vendor_id 15ad device_id 7a0 ss_vid 15ad ss_did 7a0
[    0.493443] pciehp 0000:00:17.0:pcie04: service driver pciehp loaded
[    0.493513] pciehp 0000:00:17.1:pcie04: HPC vendor_id 15ad device_id 7a0 ss_vid 15ad ss_did 7a0
[    0.493578] pciehp 0000:00:17.1:pcie04: service driver pciehp loaded
[    0.493651] pciehp 0000:00:17.2:pcie04: HPC vendor_id 15ad device_id 7a0 ss_vid 15ad ss_did 7a0
[    0.493716] pciehp 0000:00:17.2:pcie04: service driver pciehp loaded
[    0.493788] pciehp 0000:00:17.3:pcie04: HPC vendor_id 15ad device_id 7a0 ss_vid 15ad ss_did 7a0
[    0.493853] pciehp 0000:00:17.3:pcie04: service driver pciehp loaded
[    0.493923] pciehp 0000:00:17.4:pcie04: HPC vendor_id 15ad device_id 7a0 ss_vid 15ad ss_did 7a0
[    0.493987] pciehp 0000:00:17.4:pcie04: service driver pciehp loaded
[    0.494058] pciehp 0000:00:17.5:pcie04: HPC vendor_id 15ad device_id 7a0 ss_vid 15ad ss_did 7a0
[    0.494125] pciehp 0000:00:17.5:pcie04: service driver pciehp loaded
[    0.494195] pciehp 0000:00:17.6:pcie04: HPC vendor_id 15ad device_id 7a0 ss_vid 15ad ss_did 7a0
[    0.494262] pciehp 0000:00:17.6:pcie04: service driver pciehp loaded
[    0.494332] pciehp 0000:00:17.7:pcie04: HPC vendor_id 15ad device_id 7a0 ss_vid 15ad ss_did 7a0
[    0.494397] pciehp 0000:00:17.7:pcie04: service driver pciehp loaded
[    0.494467] pciehp 0000:00:18.0:pcie04: HPC vendor_id 15ad device_id 7a0 ss_vid 15ad ss_did 7a0
[    0.494535] pciehp 0000:00:18.0:pcie04: service driver pciehp loaded
[    0.494605] pciehp 0000:00:18.1:pcie04: HPC vendor_id 15ad device_id 7a0 ss_vid 15ad ss_did 7a0
[    0.494669] pciehp 0000:00:18.1:pcie04: service driver pciehp loaded
[    0.494741] pciehp 0000:00:18.2:pcie04: HPC vendor_id 15ad device_id 7a0 ss_vid 15ad ss_did 7a0
[    0.494806] pciehp 0000:00:18.2:pcie04: service driver pciehp loaded
[    0.494876] pciehp 0000:00:18.3:pcie04: HPC vendor_id 15ad device_id 7a0 ss_vid 15ad ss_did 7a0
[    0.494940] pciehp 0000:00:18.3:pcie04: service driver pciehp loaded
[    0.495014] pciehp 0000:00:18.4:pcie04: HPC vendor_id 15ad device_id 7a0 ss_vid 15ad ss_did 7a0
[    0.495078] pciehp 0000:00:18.4:pcie04: service driver pciehp loaded
[    0.495148] pciehp 0000:00:18.5:pcie04: HPC vendor_id 15ad device_id 7a0 ss_vid 15ad ss_did 7a0
[    0.495213] pciehp 0000:00:18.5:pcie04: service driver pciehp loaded
[    0.495283] pciehp 0000:00:18.6:pcie04: HPC vendor_id 15ad device_id 7a0 ss_vid 15ad ss_did 7a0
[    0.495348] pciehp 0000:00:18.6:pcie04: service driver pciehp loaded
[    0.495417] pciehp 0000:00:18.7:pcie04: HPC vendor_id 15ad device_id 7a0 ss_vid 15ad ss_did 7a0
[    0.495482] pciehp 0000:00:18.7:pcie04: service driver pciehp loaded
[    0.495489] pciehp: PCI Express Hot Plug Controller Driver version: 0.4
[    0.495628] ACPI: Deprecated procfs I/F for AC is loaded, please retry with CONFIG_ACPI_PROCFS_POWER cleared
[    0.495652] ACPI: AC Adapter [ACAD] (on-line)
[    0.499858] input: Power Button as /devices/LNXSYSTM:00/LNXPWRBN:00/input/input0
[    0.499863] ACPI: Power Button [PWRF]
[    0.523979] ERST: Table is not found!
[    0.523982] GHES: HEST is not enabled!
[    0.524083] Serial: 8250/16550 driver, 32 ports, IRQ sharing enabled
[    0.547817] serial8250: ttyS0 at I/O 0x3f8 (irq = 4) is a 16550A
[    0.547853] isapnp: Scanning for PnP cards...
[    0.639871] serial8250: ttyS1 at I/O 0x2f8 (irq = 3) is a 16550A
[    0.683614] 00:0a: ttyS0 at I/O 0x3f8 (irq = 4) is a 16550A
[    0.771646] 00:0b: ttyS1 at I/O 0x2f8 (irq = 3) is a 16550A
[    0.791733] Linux agpgart interface v0.103
[    0.791840] agpgart-intel 0000:00:00.0: Intel 440BX Chipset
[    0.792012] agpgart-intel 0000:00:00.0: AGP aperture is 256M @ 0x0
[    0.792805] brd: module loaded
[    0.793280] loop: module loaded
[    0.793396] ata_piix 0000:00:07.1: version 2.13
[    0.843058] scsi0 : ata_piix
[    0.843150] scsi1 : ata_piix
[    0.843181] ata1: PATA max UDMA/33 cmd 0x1f0 ctl 0x3f6 bmdma 0x10c0 irq 14
[    0.843184] ata2: PATA max UDMA/33 cmd 0x170 ctl 0x376 bmdma 0x10c8 irq 15
[    0.843191] Fixed MDIO Bus: probed
[    0.843195] tun: Universal TUN/TAP device driver, 1.6
[    0.843198] tun: (C) 1999-2004 Max Krasnyansky <maxk@qualcomm.com>
[    0.843215] PPP generic driver version 2.4.2
[    0.843219] ehci_hcd: USB 2.0 'Enhanced' Host Controller (EHCI) Driver
[    0.843256] ehci_hcd 0000:02:03.0: PCI INT A -> Link[LNKB] -> GSI 11 (level, low) -> IRQ 11
[    0.843309] ehci_hcd 0000:02:03.0: EHCI Host Controller
[    0.843348] ehci_hcd 0000:02:03.0: new USB bus registered, assigned bus number 1
[    0.843455] ehci_hcd 0000:02:03.0: cache line size of 32 is not supported
[    0.843464] ehci_hcd 0000:02:03.0: irq 11, io mem 0xc9000000
[    0.887478] ehci_hcd 0000:02:03.0: USB 2.0 started, EHCI 1.00
[    0.963172] hub 1-0:1.0: USB hub found
[    0.963178] hub 1-0:1.0: 6 ports detected
[    0.963230] ohci_hcd: USB 1.1 'Open' Host Controller (OHCI) Driver
[    0.963245] uhci_hcd: USB Universal Host Controller Interface driver
[    0.963288] uhci_hcd 0000:02:00.0: PCI INT A -> Link[LNKC] -> GSI 10 (level, low) -> IRQ 10
[    0.963331] uhci_hcd 0000:02:00.0: UHCI Host Controller
[    0.963373] uhci_hcd 0000:02:00.0: new USB bus registered, assigned bus number 2
[    0.963481] uhci_hcd 0000:02:00.0: irq 10, io base 0x000020c0
[    0.963597] hub 2-0:1.0: USB hub found
[    0.963601] hub 2-0:1.0: 2 ports detected
[    0.963653] usbcore: registered new interface driver libusual
[    0.963691] i8042: PNP: PS/2 Controller [PNP0303:KBC,PNP0f13:MOUS] at 0x60,0x64 irq 1,12
[    0.964026] serio: i8042 KBD port at 0x60,0x64 irq 1
[    0.964034] serio: i8042 AUX port at 0x60,0x64 irq 12
[    0.964124] mousedev: PS/2 mouse device common for all mice
[    0.964437] rtc_cmos 00:04: rtc core: registered rtc_cmos as rtc0
[    0.964456] rtc0: alarms up to one month, y3k, 114 bytes nvram, hpet irqs
[    0.964500] device-mapper: uevent: version 1.0.3
[    0.964550] device-mapper: ioctl: 4.22.0-ioctl (2011-10-19) initialised: dm-devel@redhat.com
[    0.964573] EISA: Probing bus 0 at eisa.0
[    0.964575] EISA: Cannot allocate resource for mainboard
[    0.964577] Cannot allocate resource for EISA slot 1
[    0.964579] Cannot allocate resource for EISA slot 2
[    0.964580] Cannot allocate resource for EISA slot 3
[    0.964582] Cannot allocate resource for EISA slot 4
[    0.964583] Cannot allocate resource for EISA slot 5
[    0.964585] Cannot allocate resource for EISA slot 6
[    0.964587] Cannot allocate resource for EISA slot 7
[    0.964588] Cannot allocate resource for EISA slot 8
[    0.964590] EISA: Detected 0 cards.
[    0.964597] cpufreq-nforce2: No nForce2 chipset.
[    0.964599] cpuidle: using governor ladder
[    0.964601] cpuidle: using governor menu
[    0.964603] EFI Variables Facility v0.08 2004-May-17
[    0.964654] TCP cubic registered
[    0.964706] NET: Registered protocol family 10
[    0.964758] NET: Registered protocol family 17
[    0.964762] Registering the dns_resolver key type
[    0.964778] Using IPI No-Shortcut mode
[    0.964839] PM: Hibernation image not present or could not be loaded.
[    0.964847] registered taskstats version 1
[    0.965427] input: AT Translated Set 2 keyboard as /devices/platform/i8042/serio0/input/input1
[    0.967124] Freeing initrd memory: 13836k freed
[    1.051051]   Magic number: 13:562:429
[    1.051072] pciehp 0000:00:18.5:pcie04: hash matches
[    1.051076] pcie_pme 0000:00:17.2:pcie01: hash matches
[    1.070996] rtc_cmos 00:04: setting system clock to 2013-05-27 11:24:02 UTC (1369653842)
[    1.071099] BIOS EDD facility v0.16 2004-Jun-25, 0 devices found
[    1.071101] EDD information not available.
[    1.071180] ata2.00: ATAPI: VMware Virtual IDE CDROM Drive, 00000001, max UDMA/33
[    1.071455] ata2.00: configured for UDMA/33
[    1.158625] isapnp: No Plug & Play device found
[    1.158850] scsi 1:0:0:0: CD-ROM            NECVMWar VMware IDE CDR10 1.00 PQ: 0 ANSI: 5
[    1.159443] sr0: scsi3-mmc drive: 306x/306x cd/rw xa/form2 cdda tray
[    1.159447] cdrom: Uniform CD-ROM driver Revision: 3.20
[    1.159566] sr 1:0:0:0: Attached scsi CD-ROM sr0
[    1.159720] sr 1:0:0:0: Attached scsi generic sg0 type 5
[    1.159804] Freeing unused kernel memory: 740k freed
[    1.159856] Write protecting the kernel text: 5816k
[    1.159871] Write protecting the kernel read-only data: 2376k
[    1.159873] NX-protecting the kernel data: 4424k
[    1.173720] udevd[85]: starting version 175
[    1.195167] VMware vmxnet3 virtual NIC driver - version 1.1.29.0-k-NAPI
[    1.195910] VMware PVSCSI driver - version 1.0.1.0-k
[    1.200623] VMware vmxnet virtual NIC driver
[    1.200675] ACPI: PCI Interrupt Link [LNKD] enabled at IRQ 5
[    1.200678] PCI: setting IRQ 5 as level-triggered
[    1.200685] vmxnet 0000:02:01.0: PCI INT A -> Link[LNKD] -> GSI 5 (level, low) -> IRQ 5
[    1.200736] Found vmxnet/PCI at 0x2024, irq 5.
[    1.200788] features:
[    1.200816] numRxBuffers = 100, numRxBuffers2 = 1
[    1.200867] vmxnet 0000:02:01.0: eth0: set_features() failed (-1); wanted 0x00004000, left 0x00004800
[    1.223981] Fusion MPT base driver 3.04.20
[    1.223985] Copyright (c) 1999-2008 LSI Corporation
[    1.224193] Fusion MPT SPI Host driver 3.04.20
[    1.224245] mptspi 0000:00:10.0: PCI INT A -> Link[LNKB] -> GSI 11 (level, low) -> IRQ 11
[    1.230008] mptbase: ioc0: Initiating bringup
[    1.247699] Floppy drive(s): fd0 is 1.44M
[    1.262848] FDC 0 is a post-1991 82077
[    1.282653] usb 2-1: new full-speed USB device number 2 using uhci_hcd
[    1.298672] ioc0: LSI53C1030 B0: Capabilities={Initiator}
[    1.415214] input: VMware VMware Virtual USB Mouse as /devices/pci0000:00/0000:00:11.0/0000:02:00.0/usb2/2-1/2-1:1.0/input/input2
[    1.415371] generic-usb 0003:0E0F:0003.0001: input,hidraw0: USB HID v1.10 Mouse [VMware VMware Virtual USB Mouse] on usb-0000:02:00.0-1/input0
[    1.415880] input: VMware VMware Virtual USB Mouse as /devices/pci0000:00/0000:00:11.0/0000:02:00.0/usb2/2-1/2-1:1.1/input/input3
[    1.416030] generic-usb 0003:0E0F:0003.0002: input,hidraw1: USB HID v1.10 Mouse [VMware VMware Virtual USB Mouse] on usb-0000:02:00.0-1/input1
[    1.416154] usbcore: registered new interface driver usbhid
[    1.416156] usbhid: USB HID core driver
[    1.458497] scsi2 : ioc0: LSI53C1030 B0, FwRev=01032920h, Ports=1, MaxQ=128, IRQ=11
[    1.522299] usb 2-2: new full-speed USB device number 3 using uhci_hcd
[    1.570968] scsi 2:0:0:0: Direct-Access     VMware,  VMware Virtual S 1.0  PQ: 0 ANSI: 2
[    1.570977] scsi target2:0:0: Beginning Domain Validation
[    1.571547] scsi target2:0:0: Domain Validation skipping write tests
[    1.571549] scsi target2:0:0: Ending Domain Validation
[    1.571601] scsi target2:0:0: FAST-40 WIDE SCSI 80.0 MB/s ST (25 ns, offset 127)
[    1.573702] sd 2:0:0:0: [sda] 41943040 512-byte logical blocks: (21.4 GB/20.0 GiB)
[    1.573758] sd 2:0:0:0: [sda] Write Protect is off
[    1.573761] sd 2:0:0:0: [sda] Mode Sense: 61 00 00 00
[    1.573815] sd 2:0:0:0: [sda] Cache data unavailable
[    1.573818] sd 2:0:0:0: [sda] Assuming drive cache: write through
[    1.574094] sd 2:0:0:0: [sda] Cache data unavailable
[    1.574097] sd 2:0:0:0: [sda] Assuming drive cache: write through
[    1.574797] sd 2:0:0:0: Attached scsi generic sg1 type 0
[    1.578392]  sda: sda1 sda2 < sda5 >
[    1.578804] sd 2:0:0:0: [sda] Cache data unavailable
[    1.578807] sd 2:0:0:0: [sda] Assuming drive cache: write through
[    1.578809] sd 2:0:0:0: [sda] Attached SCSI disk
[    1.614301] EXT4-fs (sda1): INFO: recovery required on readonly filesystem
[    1.614305] EXT4-fs (sda1): write access will be enabled during recovery
[    1.661194] hub 2-2:1.0: USB hub found
[    1.663127] hub 2-2:1.0: 7 ports detected
[    1.757829] EXT4-fs (sda1): recovery complete
[    1.758386] EXT4-fs (sda1): mounted filesystem with ordered data mode. Opts: (null)
[    3.573868] ADDRCONF(NETDEV_UP): eth0: link is not ready
[    3.584615] udevd[326]: starting version 175
[    3.625950] lp: driver loaded but no devices found
[    3.636615] Adding 1046524k swap on /dev/sda5.  Priority:-1 extents:1 across:1046524k 
[    3.710966] shpchp: Standard Hot Plug PCI Controller Driver version: 0.4
[    3.728404] piix4_smbus 0000:00:07.3: Host SMBus controller not enabled!
[    3.732477] EXT4-fs (sda1): re-mounted. Opts: errors=remount-ro
[    3.734940] [385]: VMCI: shared components initialized.
[    3.734946] Probing for vmci/PCI.
[    3.735159] ACPI: PCI Interrupt Link [LNKA] enabled at IRQ 9
[    3.735162] PCI: setting IRQ 9 as level-triggered
[    3.735167] vmci 0000:00:07.7: PCI INT A -> Link[LNKA] -> GSI 9 (level, low) -> IRQ 9
[    3.735208] Found vmci/PCI at 0x1080, irq 9.
[    3.735235] VMCI: using capabilities 0xc.
[    3.735304] [385]: VMCI: Host capability check passed.
[    3.735593] vmci 0000:00:07.7: irq 72 for MSI/MSI-X
[    3.735624] vmci 0000:00:07.7: irq 73 for MSI/MSI-X
[    3.735816] Registered vmci device.
[    3.766880] [385]: VMCI: Using guest personality
[    3.766888] [385]: VMCI: host components initialized.
[    3.766916] [385]: VMCI: Module registered (name=vmci,major=10,minor=57).
[    3.766919] [385]: VMCI: Using host personality
[    3.766922] [385]: VMCI: Module (name=vmci) is initialized
[    3.855427] Bluetooth: Core ver 2.16
[    3.855711] NET: Registered protocol family 31
[    3.855730] Bluetooth: HCI device and connection manager initialized
[    3.855746] Bluetooth: HCI socket layer initialized
[    3.855760] Bluetooth: L2CAP socket layer initialized
[    3.855772] Bluetooth: SCO socket layer initialized
[    3.870707] ppdev: user-space parallel port driver
[    3.874481] parport_pc 00:09: reported by Plug and Play ACPI
[    3.874673] parport0: PC-style at 0x378, irq 7 [PCSPP,TRISTATE]
[    3.876589] Bluetooth: BNEP (Ethernet Emulation) ver 1.3
[    3.876592] Bluetooth: BNEP filters: protocol multicast
[    3.889228] Bluetooth: RFCOMM TTY layer initialized
[    3.889233] Bluetooth: RFCOMM socket layer initialized
[    3.889235] Bluetooth: RFCOMM ver 1.11
[    3.970867] lp0: using parport0 (interrupt-driven).
[    3.984240] type=1400 audit(1369653845.414:2): apparmor="STATUS" operation="profile_load" name="/usr/lib/cups/backend/cups-pdf" pid=579 comm="apparmor_parser"
[    3.986163] type=1400 audit(1369653845.414:3): apparmor="STATUS" operation="profile_load" name="/usr/sbin/cupsd" pid=579 comm="apparmor_parser"
[    4.054862] type=1400 audit(1369653845.486:4): apparmor="STATUS" operation="profile_load" name="/sbin/dhclient" pid=602 comm="apparmor_parser"
[    4.054942] type=1400 audit(1369653845.486:5): apparmor="STATUS" operation="profile_load" name="/usr/lib/NetworkManager/nm-dhcp-client.action" pid=602 comm="apparmor_parser"
[    4.055017] type=1400 audit(1369653845.486:6): apparmor="STATUS" operation="profile_load" name="/usr/lib/connman/scripts/dhclient-script" pid=602 comm="apparmor_parser"
[    4.138570] input: ImPS/2 Generic Wheel Mouse as /devices/platform/i8042/serio1/input/input4
[    4.265370] snd_ens1371 0000:02:02.0: PCI INT A -> Link[LNKA] -> GSI 9 (level, low) -> IRQ 9
[    4.279277] init: failsafe main process (670) killed by TERM signal
[    4.371254] type=1400 audit(1369653845.802:7): apparmor="STATUS" operation="profile_load" name="/usr/lib/lightdm/lightdm/lightdm-guest-session-wrapper" pid=784 comm="apparmor_parser"
[    4.372534] type=1400 audit(1369653845.802:8): apparmor="STATUS" operation="profile_replace" name="/sbin/dhclient" pid=788 comm="apparmor_parser"
[    4.372627] type=1400 audit(1369653845.802:9): apparmor="STATUS" operation="profile_replace" name="/usr/lib/NetworkManager/nm-dhcp-client.action" pid=788 comm="apparmor_parser"
[    4.372701] type=1400 audit(1369653845.802:10): apparmor="STATUS" operation="profile_replace" name="/usr/lib/connman/scripts/dhclient-script" pid=788 comm="apparmor_parser"
[    4.529450] init: alsa-restore main process (845) terminated with status 19
