[    0.000000] Initializing cgroup subsys cpuset
[    0.000000] Initializing cgroup subsys cpu
[    0.000000] Linux version 3.2.0-29-generic-pae (buildd@roseapple) (gcc version 4.6.3 (Ubuntu/Linaro 4.6.3-1ubuntu5) ) #46-Ubuntu SMP Fri Jul 27 17:25:43 UTC 2012 (Ubuntu 3.2.0-29.46-generic-pae 3.2.24)
[    0.000000] KERNEL supported cpus:
[    0.000000]   Intel GenuineIntel
[    0.000000]   AMD AuthenticAMD
[    0.000000]   NSC Geode by NSC
[    0.000000]   Cyrix CyrixInstead
[    0.000000]   Centaur CentaurHauls
[    0.000000]   Transmeta GenuineTMx86
[    0.000000]   Transmeta TransmetaCPU
[    0.000000]   UMC UMC UMC UMC
[    0.000000] Disabled fast string operations
[    0.000000] BIOS-provided physical RAM map:
[    0.000000]  BIOS-e820: 0000000000000000 - 000000000009f000 (usable)
[    0.000000]  BIOS-e820: 000000000009f000 - 00000000000a0000 (reserved)
[    0.000000]  BIOS-e820: 00000000000ca000 - 00000000000cc000 (reserved)
[    0.000000]  BIOS-e820: 00000000000dc000 - 0000000000100000 (reserved)
[    0.000000]  BIOS-e820: 0000000000100000 - 000000003fee0000 (usable)
[    0.000000]  BIOS-e820: 000000003fee0000 - 000000003feff000 (ACPI data)
[    0.000000]  BIOS-e820: 000000003feff000 - 000000003ff00000 (ACPI NVS)
[    0.000000]  BIOS-e820: 000000003ff00000 - 0000000040000000 (usable)
[    0.000000]  BIOS-e820: 00000000e0000000 - 00000000f0000000 (reserved)
[    0.000000]  BIOS-e820: 00000000fec00000 - 00000000fec10000 (reserved)
[    0.000000]  BIOS-e820: 00000000fee00000 - 00000000fee01000 (reserved)
[    0.000000]  BIOS-e820: 00000000fffe0000 - 0000000100000000 (reserved)
[    0.000000] NX (Execute Disable) protection: active
[    0.000000] DMI present.
[    0.000000] DMI: VMware, Inc. VMware Virtual Platform/440BX Desktop Reference Platform, BIOS 6.00 07/02/2012
[    0.000000] Hypervisor detected: VMware
[    0.000000] e820 update range: 0000000000000000 - 0000000000010000 (usable) ==> (reserved)
[    0.000000] e820 remove range: 00000000000a0000 - 0000000000100000 (usable)
[    0.000000] last_pfn = 0x40000 max_arch_pfn = 0x1000000
[    0.000000] MTRR default type: uncachable
[    0.000000] MTRR fixed ranges enabled:
[    0.000000]   00000-9FFFF write-back
[    0.000000]   A0000-BFFFF uncachable
[    0.000000]   C0000-CBFFF write-protect
[    0.000000]   CC000-EFFFF uncachable
[    0.000000]   F0000-FFFFF write-protect
[    0.000000] MTRR variable ranges enabled:
[    0.000000]   0 base 0000000000 mask FFC0000000 write-back
[    0.000000]   1 disabled
[    0.000000]   2 disabled
[    0.000000]   3 disabled
[    0.000000]   4 disabled
[    0.000000]   5 disabled
[    0.000000]   6 disabled
[    0.000000]   7 disabled
[    0.000000] x86 PAT enabled: cpu 0, old 0x0, new 0x7010600070106
[    0.000000] found SMP MP-table at [c00f6bf0] f6bf0
[    0.000000] initial memory mapped : 0 - 02000000
[    0.000000] Base memory trampoline at [c009b000] 9b000 size 16384
[    0.000000] init_memory_mapping: 0000000000000000-0000000037bfe000
[    0.000000]  0000000000 - 0000200000 page 4k
[    0.000000]  0000200000 - 0037a00000 page 2M
[    0.000000]  0037a00000 - 0037bfe000 page 4k
[    0.000000] kernel direct mapping tables up to 37bfe000 @ 1ffb000-2000000
[    0.000000] RAMDISK: 364ea000 - 3726d000
[    0.000000] ACPI: RSDP 000f6b80 00024 (v02 PTLTD )
[    0.000000] ACPI: XSDT 3feed636 0005C (v01 INTEL  440BX    06040000 VMW  01324272)
[    0.000000] ACPI: FACP 3fefee98 000F4 (v04 INTEL  440BX    06040000 PTL  000F4240)
[    0.000000] ACPI: DSDT 3feee366 10B32 (v01 PTLTD  Custom   06040000 MSFT 03000001)
[    0.000000] ACPI: FACS 3fefffc0 00040
[    0.000000] ACPI: BOOT 3feee33e 00028 (v01 PTLTD  $SBFTBL$ 06040000  LTP 00000001)
[    0.000000] ACPI: APIC 3feedc3e 003C2 (v01 PTLTD  ? APIC   06040000  LTP 00000000)
[    0.000000] ACPI: MCFG 3feedc02 0003C (v01 PTLTD  $PCITBL$ 06040000  LTP 00000001)
[    0.000000] ACPI: SRAT 3feed732 004D0 (v02 VMWARE MEMPLUG  06040000 VMW  00000001)
[    0.000000] ACPI: HPET 3feed6fa 00038 (v01 VMWARE VMW HPET 06040000 VMW  00000001)
[    0.000000] ACPI: WAET 3feed6d2 00028 (v01 VMWARE VMW WAET 06040000 VMW  00000001)
[    0.000000] ACPI: Local APIC address 0xfee00000
[    0.000000] 132MB HIGHMEM available.
[    0.000000] 891MB LOWMEM available.
[    0.000000]   mapped low ram: 0 - 37bfe000
[    0.000000]   low ram: 0 - 37bfe000
[    0.000000] Zone PFN ranges:
[    0.000000]   DMA      0x00000010 -> 0x00001000
[    0.000000]   Normal   0x00001000 -> 0x00037bfe
[    0.000000]   HighMem  0x00037bfe -> 0x00040000
[    0.000000] Movable zone start PFN for each node
[    0.000000] early_node_map[3] active PFN ranges
[    0.000000]     0: 0x00000010 -> 0x0000009f
[    0.000000]     0: 0x00000100 -> 0x0003fee0
[    0.000000]     0: 0x0003ff00 -> 0x00040000
[    0.000000] On node 0 totalpages: 261999
[    0.000000] free_area_init_node: node 0, pgdat c1866a40, node_mem_map f73fd200
[    0.000000]   DMA zone: 32 pages used for memmap
[    0.000000]   DMA zone: 0 pages reserved
[    0.000000]   DMA zone: 3951 pages, LIFO batch:0
[    0.000000]   Normal zone: 1752 pages used for memmap
[    0.000000]   Normal zone: 222502 pages, LIFO batch:31
[    0.000000]   HighMem zone: 265 pages used for memmap
[    0.000000]   HighMem zone: 33497 pages, LIFO batch:7
[    0.000000] Using APIC driver default
[    0.000000] ACPI: PM-Timer IO Port: 0x1008
[    0.000000] ACPI: Local APIC address 0xfee00000
[    0.000000] ACPI: LAPIC (acpi_id[0x00] lapic_id[0x00] enabled)
[    0.000000] ACPI: LAPIC (acpi_id[0x01] lapic_id[0x02] disabled)
[    0.000000] ACPI: LAPIC (acpi_id[0x02] lapic_id[0x04] disabled)
[    0.000000] ACPI: LAPIC (acpi_id[0x03] lapic_id[0x06] disabled)
[    0.000000] ACPI: LAPIC (acpi_id[0x04] lapic_id[0x08] disabled)
[    0.000000] ACPI: LAPIC (acpi_id[0x05] lapic_id[0x0a] disabled)
[    0.000000] ACPI: LAPIC (acpi_id[0x06] lapic_id[0x0c] disabled)
[    0.000000] ACPI: LAPIC (acpi_id[0x07] lapic_id[0x0e] disabled)
[    0.000000] ACPI: LAPIC (acpi_id[0x08] lapic_id[0x10] disabled)
[    0.000000] ACPI: LAPIC (acpi_id[0x09] lapic_id[0x12] disabled)
[    0.000000] ACPI: LAPIC (acpi_id[0x0a] lapic_id[0x14] disabled)
[    0.000000] ACPI: LAPIC (acpi_id[0x0b] lapic_id[0x16] disabled)
[    0.000000] ACPI: LAPIC (acpi_id[0x0c] lapic_id[0x18] disabled)
[    0.000000] ACPI: LAPIC (acpi_id[0x0d] lapic_id[0x1a] disabled)
[    0.000000] ACPI: LAPIC (acpi_id[0x0e] lapic_id[0x1c] disabled)
[    0.000000] ACPI: LAPIC (acpi_id[0x0f] lapic_id[0x1e] disabled)
[    0.000000] ACPI: LAPIC (acpi_id[0x10] lapic_id[0x20] disabled)
[    0.000000] ACPI: LAPIC (acpi_id[0x11] lapic_id[0x22] disabled)
[    0.000000] ACPI: LAPIC (acpi_id[0x12] lapic_id[0x24] disabled)
[    0.000000] ACPI: LAPIC (acpi_id[0x13] lapic_id[0x26] disabled)
[    0.000000] ACPI: LAPIC (acpi_id[0x14] lapic_id[0x28] disabled)
[    0.000000] ACPI: LAPIC (acpi_id[0x15] lapic_id[0x2a] disabled)
[    0.000000] ACPI: LAPIC (acpi_id[0x16] lapic_id[0x2c] disabled)
[    0.000000] ACPI: LAPIC (acpi_id[0x17] lapic_id[0x2e] disabled)
[    0.000000] ACPI: LAPIC (acpi_id[0x18] lapic_id[0x30] disabled)
[    0.000000] ACPI: LAPIC (acpi_id[0x19] lapic_id[0x32] disabled)
[    0.000000] ACPI: LAPIC (acpi_id[0x1a] lapic_id[0x34] disabled)
[    0.000000] ACPI: LAPIC (acpi_id[0x1b] lapic_id[0x36] disabled)
[    0.000000] ACPI: LAPIC (acpi_id[0x1c] lapic_id[0x38] disabled)
[    0.000000] ACPI: LAPIC (acpi_id[0x1d] lapic_id[0x3a] disabled)
[    0.000000] ACPI: LAPIC (acpi_id[0x1e] lapic_id[0x3c] disabled)
[    0.000000] ACPI: LAPIC (acpi_id[0x1f] lapic_id[0x3e] disabled)
[    0.000000] ACPI: LAPIC (acpi_id[0x20] lapic_id[0x40] disabled)
[    0.000000] ACPI: LAPIC (acpi_id[0x21] lapic_id[0x42] disabled)
[    0.000000] ACPI: LAPIC (acpi_id[0x22] lapic_id[0x44] disabled)
[    0.000000] ACPI: LAPIC (acpi_id[0x23] lapic_id[0x46] disabled)
[    0.000000] ACPI: LAPIC (acpi_id[0x24] lapic_id[0x48] disabled)
[    0.000000] ACPI: LAPIC (acpi_id[0x25] lapic_id[0x4a] disabled)
[    0.000000] ACPI: LAPIC (acpi_id[0x26] lapic_id[0x4c] disabled)
[    0.000000] ACPI: LAPIC (acpi_id[0x27] lapic_id[0x4e] disabled)
[    0.000000] ACPI: LAPIC (acpi_id[0x28] lapic_id[0x50] disabled)
[    0.000000] ACPI: LAPIC (acpi_id[0x29] lapic_id[0x52] disabled)
[    0.000000] ACPI: LAPIC (acpi_id[0x2a] lapic_id[0x54] disabled)
[    0.000000] ACPI: LAPIC (acpi_id[0x2b] lapic_id[0x56] disabled)
[    0.000000] ACPI: LAPIC (acpi_id[0x2c] lapic_id[0x58] disabled)
[    0.000000] ACPI: LAPIC (acpi_id[0x2d] lapic_id[0x5a] disabled)
[    0.000000] ACPI: LAPIC (acpi_id[0x2e] lapic_id[0x5c] disabled)
[    0.000000] ACPI: LAPIC (acpi_id[0x2f] lapic_id[0x5e] disabled)
[    0.000000] ACPI: LAPIC (acpi_id[0x30] lapic_id[0x60] disabled)
[    0.000000] ACPI: LAPIC (acpi_id[0x31] lapic_id[0x62] disabled)
[    0.000000] ACPI: LAPIC (acpi_id[0x32] lapic_id[0x64] disabled)
[    0.000000] ACPI: LAPIC (acpi_id[0x33] lapic_id[0x66] disabled)
[    0.000000] ACPI: LAPIC (acpi_id[0x34] lapic_id[0x68] disabled)
[    0.000000] ACPI: LAPIC (acpi_id[0x35] lapic_id[0x6a] disabled)
[    0.000000] ACPI: LAPIC (acpi_id[0x36] lapic_id[0x6c] disabled)
[    0.000000] ACPI: LAPIC (acpi_id[0x37] lapic_id[0x6e] disabled)
[    0.000000] ACPI: LAPIC (acpi_id[0x38] lapic_id[0x70] disabled)
[    0.000000] ACPI: LAPIC (acpi_id[0x39] lapic_id[0x72] disabled)
[    0.000000] ACPI: LAPIC (acpi_id[0x3a] lapic_id[0x74] disabled)
[    0.000000] ACPI: LAPIC (acpi_id[0x3b] lapic_id[0x76] disabled)
[    0.000000] ACPI: LAPIC (acpi_id[0x3c] lapic_id[0x78] disabled)
[    0.000000] ACPI: LAPIC (acpi_id[0x3d] lapic_id[0x7a] disabled)
[    0.000000] ACPI: LAPIC (acpi_id[0x3e] lapic_id[0x7c] disabled)
[    0.000000] ACPI: LAPIC (acpi_id[0x3f] lapic_id[0x7e] disabled)
[    0.000000] ACPI: LAPIC_NMI (acpi_id[0x00] high edge lint[0x1])
[    0.000000] ACPI: LAPIC_NMI (acpi_id[0x01] high edge lint[0x1])
[    0.000000] ACPI: LAPIC_NMI (acpi_id[0x02] high edge lint[0x1])
[    0.000000] ACPI: LAPIC_NMI (acpi_id[0x03] high edge lint[0x1])
[    0.000000] ACPI: LAPIC_NMI (acpi_id[0x04] high edge lint[0x1])
[    0.000000] ACPI: LAPIC_NMI (acpi_id[0x05] high edge lint[0x1])
[    0.000000] ACPI: LAPIC_NMI (acpi_id[0x06] high edge lint[0x1])
[    0.000000] ACPI: LAPIC_NMI (acpi_id[0x07] high edge lint[0x1])
[    0.000000] ACPI: LAPIC_NMI (acpi_id[0x08] high edge lint[0x1])
[    0.000000] ACPI: LAPIC_NMI (acpi_id[0x09] high edge lint[0x1])
[    0.000000] ACPI: LAPIC_NMI (acpi_id[0x0a] high edge lint[0x1])
[    0.000000] ACPI: LAPIC_NMI (acpi_id[0x0b] high edge lint[0x1])
[    0.000000] ACPI: LAPIC_NMI (acpi_id[0x0c] high edge lint[0x1])
[    0.000000] ACPI: LAPIC_NMI (acpi_id[0x0d] high edge lint[0x1])
[    0.000000] ACPI: LAPIC_NMI (acpi_id[0x0e] high edge lint[0x1])
[    0.000000] ACPI: LAPIC_NMI (acpi_id[0x0f] high edge lint[0x1])
[    0.000000] ACPI: LAPIC_NMI (acpi_id[0x10] high edge lint[0x1])
[    0.000000] ACPI: LAPIC_NMI (acpi_id[0x11] high edge lint[0x1])
[    0.000000] ACPI: LAPIC_NMI (acpi_id[0x12] high edge lint[0x1])
[    0.000000] ACPI: LAPIC_NMI (acpi_id[0x13] high edge lint[0x1])
[    0.000000] ACPI: LAPIC_NMI (acpi_id[0x14] high edge lint[0x1])
[    0.000000] ACPI: LAPIC_NMI (acpi_id[0x15] high edge lint[0x1])
[    0.000000] ACPI: LAPIC_NMI (acpi_id[0x16] high edge lint[0x1])
[    0.000000] ACPI: LAPIC_NMI (acpi_id[0x17] high edge lint[0x1])
[    0.000000] ACPI: LAPIC_NMI (acpi_id[0x18] high edge lint[0x1])
[    0.000000] ACPI: LAPIC_NMI (acpi_id[0x19] high edge lint[0x1])
[    0.000000] ACPI: LAPIC_NMI (acpi_id[0x1a] high edge lint[0x1])
[    0.000000] ACPI: LAPIC_NMI (acpi_id[0x1b] high edge lint[0x1])
[    0.000000] ACPI: LAPIC_NMI (acpi_id[0x1c] high edge lint[0x1])
[    0.000000] ACPI: LAPIC_NMI (acpi_id[0x1d] high edge lint[0x1])
[    0.000000] ACPI: LAPIC_NMI (acpi_id[0x1e] high edge lint[0x1])
[    0.000000] ACPI: LAPIC_NMI (acpi_id[0x1f] high edge lint[0x1])
[    0.000000] ACPI: LAPIC_NMI (acpi_id[0x20] high edge lint[0x1])
[    0.000000] ACPI: LAPIC_NMI (acpi_id[0x21] high edge lint[0x1])
[    0.000000] ACPI: LAPIC_NMI (acpi_id[0x22] high edge lint[0x1])
[    0.000000] ACPI: LAPIC_NMI (acpi_id[0x23] high edge lint[0x1])
[    0.000000] ACPI: LAPIC_NMI (acpi_id[0x24] high edge lint[0x1])
[    0.000000] ACPI: LAPIC_NMI (acpi_id[0x25] high edge lint[0x1])
[    0.000000] ACPI: LAPIC_NMI (acpi_id[0x26] high edge lint[0x1])
[    0.000000] ACPI: LAPIC_NMI (acpi_id[0x27] high edge lint[0x1])
[    0.000000] ACPI: LAPIC_NMI (acpi_id[0x28] high edge lint[0x1])
[    0.000000] ACPI: LAPIC_NMI (acpi_id[0x29] high edge lint[0x1])
[    0.000000] ACPI: LAPIC_NMI (acpi_id[0x2a] high edge lint[0x1])
[    0.000000] ACPI: LAPIC_NMI (acpi_id[0x2b] high edge lint[0x1])
[    0.000000] ACPI: LAPIC_NMI (acpi_id[0x2c] high edge lint[0x1])
[    0.000000] ACPI: LAPIC_NMI (acpi_id[0x2d] high edge lint[0x1])
[    0.000000] ACPI: LAPIC_NMI (acpi_id[0x2e] high edge lint[0x1])
[    0.000000] ACPI: LAPIC_NMI (acpi_id[0x2f] high edge lint[0x1])
[    0.000000] ACPI: LAPIC_NMI (acpi_id[0x30] high edge lint[0x1])
[    0.000000] ACPI: LAPIC_NMI (acpi_id[0x31] high edge lint[0x1])
[    0.000000] ACPI: LAPIC_NMI (acpi_id[0x32] high edge lint[0x1])
[    0.000000] ACPI: LAPIC_NMI (acpi_id[0x33] high edge lint[0x1])
[    0.000000] ACPI: LAPIC_NMI (acpi_id[0x34] high edge lint[0x1])
[    0.000000] ACPI: LAPIC_NMI (acpi_id[0x35] high edge lint[0x1])
[    0.000000] ACPI: LAPIC_NMI (acpi_id[0x36] high edge lint[0x1])
[    0.000000] ACPI: LAPIC_NMI (acpi_id[0x37] high edge lint[0x1])
[    0.000000] ACPI: LAPIC_NMI (acpi_id[0x38] high edge lint[0x1])
[    0.000000] ACPI: LAPIC_NMI (acpi_id[0x39] high edge lint[0x1])
[    0.000000] ACPI: LAPIC_NMI (acpi_id[0x3a] high edge lint[0x1])
[    0.000000] ACPI: LAPIC_NMI (acpi_id[0x3b] high edge lint[0x1])
[    0.000000] ACPI: LAPIC_NMI (acpi_id[0x3c] high edge lint[0x1])
[    0.000000] ACPI: LAPIC_NMI (acpi_id[0x3d] high edge lint[0x1])
[    0.000000] ACPI: LAPIC_NMI (acpi_id[0x3e] high edge lint[0x1])
[    0.000000] ACPI: LAPIC_NMI (acpi_id[0x3f] high edge lint[0x1])
[    0.000000] ACPI: Skipping IOAPIC probe due to 'noapic' option.
[    0.000000] Using ACPI for processor (LAPIC) configuration information
[    0.000000] ACPI: HPET id: 0x8086af01 base: 0xfed00000
[    0.000000] Intel MultiProcessor Specification v1.4
[    0.000000]     Virtual Wire compatibility mode.
[    0.000000] MPTABLE: OEM ID: INTEL   
[    0.000000] MPTABLE: Product ID: 440BX       
[    0.000000] MPTABLE: APIC at: 0xFEE00000
[    0.000000] IOAPIC[0]: apic_id 1, version 17, address 0xfec00000, GSI 0-23
[    0.000000] Processors: 1
[    0.000000] SMP: Allowing 1 CPUs, 0 hotplug CPUs
[    0.000000] nr_irqs_gsi: 40
[    0.000000] PM: Registered nosave memory: 000000000009f000 - 00000000000a0000
[    0.000000] PM: Registered nosave memory: 00000000000a0000 - 00000000000ca000
[    0.000000] PM: Registered nosave memory: 00000000000ca000 - 00000000000cc000
[    0.000000] PM: Registered nosave memory: 00000000000cc000 - 00000000000dc000
[    0.000000] PM: Registered nosave memory: 00000000000dc000 - 0000000000100000
[    0.000000] Allocating PCI resources starting at 40000000 (gap: 40000000:a0000000)
[    0.000000] Booting paravirtualized kernel on bare hardware
[    0.000000] setup_percpu: NR_CPUS:8 nr_cpumask_bits:8 nr_cpu_ids:1 nr_node_ids:1
[    0.000000] PERCPU: Embedded 14 pages/cpu @f73e8000 s34240 r0 d23104 u57344
[    0.000000] pcpu-alloc: s34240 r0 d23104 u57344 alloc=14*4096
[    0.000000] pcpu-alloc: [0] 0 
[    0.000000] Built 1 zonelists in Zone order, mobility grouping on.  Total pages: 259950
[    0.000000] Kernel command line: BOOT_IMAGE=/boot/vmlinuz-3.2.0-29-generic-pae root=UUID=007b598c-390d-4c65-84a1-4ff752d48633 ro quiet splash maxcpus=0
[    0.000000] PID hash table entries: 4096 (order: 2, 16384 bytes)
[    0.000000] Dentry cache hash table entries: 131072 (order: 7, 524288 bytes)
[    0.000000] Inode-cache hash table entries: 65536 (order: 6, 262144 bytes)
[    0.000000] Initializing CPU#0
[    0.000000] xsave/xrstor: enabled xstate_bv 0x7, cntxt size 0x340
[    0.000000] allocated 4194048 bytes of page_cgroup
[    0.000000] please try 'cgroup_disable=memory' option if you don't want memory cgroups
[    0.000000] Initializing HighMem for node 0 (00037bfe:00040000)
[    0.000000] Memory: 1010624k/1048576k available (5814k kernel code, 37372k reserved, 2841k data, 740k init, 135048k highmem)
[    0.000000] virtual kernel memory layout:
[    0.000000]     fixmap  : 0xfff16000 - 0xfffff000   ( 932 kB)
[    0.000000]     pkmap   : 0xffc00000 - 0xffe00000   (2048 kB)
[    0.000000]     vmalloc : 0xf83fe000 - 0xffbfe000   ( 120 MB)
[    0.000000]     lowmem  : 0xc0000000 - 0xf7bfe000   ( 891 MB)
[    0.000000]       .init : 0xc1875000 - 0xc192e000   ( 740 kB)
[    0.000000]       .data : 0xc15adb64 - 0xc1874240   (2841 kB)
[    0.000000]       .text : 0xc1000000 - 0xc15adb64   (5814 kB)
[    0.000000] Checking if this processor honours the WP bit even in supervisor mode...Ok.
[    0.000000] SLUB: Genslabs=15, HWalign=64, Order=0-3, MinObjects=0, CPUs=1, Nodes=1
[    0.000000] Hierarchical RCU implementation.
[    0.000000] 	RCU dyntick-idle grace-period acceleration is enabled.
[    0.000000] NR_IRQS:2304 nr_irqs:256 16
[    0.000000] CPU 0 irqstacks, hard=f5c08000 soft=f5c0a000
[    0.000000] Extended CMOS year: 2000
[    0.000000] Console: colour VGA+ 80x25
[    0.000000] console [tty0] enabled
[    0.000000] hpet clockevent registered
[    0.000000] TSC freq read from hypervisor : 2394.620 MHz
[    0.000000] Detected 2394.620 MHz processor.
[    0.000001] Calibrating delay loop (skipped) preset value.. 4789.24 BogoMIPS (lpj=9578480)
[    0.000004] pid_max: default: 32768 minimum: 301
[    0.000018] Security Framework initialized
[    0.000033] AppArmor: AppArmor initialized
[    0.000034] Yama: becoming mindful.
[    0.000069] Mount-cache hash table entries: 512
[    0.000161] Initializing cgroup subsys cpuacct
[    0.000164] Initializing cgroup subsys memory
[    0.000169] Initializing cgroup subsys devices
[    0.000170] Initializing cgroup subsys freezer
[    0.000172] Initializing cgroup subsys blkio
[    0.000177] Initializing cgroup subsys perf_event
[    0.000221] Disabled fast string operations
[    0.000225] CPU: Physical Processor ID: 0
[    0.000234] ENERGY_PERF_BIAS: Set to 'normal', was 'performance'
[    0.000234] ENERGY_PERF_BIAS: View and update with x86_energy_perf_policy(8)
[    0.000878] mce: CPU supports 0 MCE banks
[    0.001633] SMP alternatives: switching to UP code
[    0.020485] Freeing SMP alternatives: 24k freed
[    0.020491] ACPI: Core revision 20110623
[    0.026622] ACPI: setting ELCR to 0200 (from 0e20)
[    0.027748] ftrace: allocating 26545 entries in 52 pages
[    0.048117] SMP mode deactivated.
[    0.048145] SMP disabled
[    0.048147] Performance Events: generic architected perfmon v1, core PMU driver.
[    0.048158] ... version:                1
[    0.048159] ... bit width:              48
[    0.048160] ... generic registers:      4
[    0.048161] ... value mask:             0000ffffffffffff
[    0.048162] ... max period:             000000007fffffff
[    0.048163] ... fixed-purpose events:   0
[    0.048164] ... event mask:             000000000000000f
[    0.048253] NMI watchdog enabled, takes one hw-pmu counter.
[    0.048272] Brought up 1 CPUs
[    0.048274] Total of 1 processors activated (4789.24 BogoMIPS).
[    0.048377] devtmpfs: initialized
[    0.048445] EVM: security.selinux
[    0.048446] EVM: security.SMACK64
[    0.048447] EVM: security.capability
[    0.048472] PM: Registering ACPI NVS region at 3feff000 (4096 bytes)
[    0.049189] print_constraints: dummy: 
[    0.049265] RTC time:  9:33:15, date: 05/27/13
[    0.049293] NET: Registered protocol family 16
[    0.049364] EISA bus registered
[    0.049374] ACPI: bus type pci registered
[    0.049483] PCI: MMCONFIG for domain 0000 [bus 00-ff] at [mem 0xe0000000-0xefffffff] (base 0xe0000000)
[    0.049485] PCI: MMCONFIG at [mem 0xe0000000-0xefffffff] reserved in E820
[    0.049487] PCI: Using MMCONFIG for extended config space
[    0.049488] PCI: Using configuration type 1 for base access
[    0.050222] bio: create slab <bio-0> at 0
[    0.050290] ACPI: Added _OSI(Module Device)
[    0.050292] ACPI: Added _OSI(Processor Device)
[    0.050293] ACPI: Added _OSI(3.0 _SCP Extensions)
[    0.050294] ACPI: Added _OSI(Processor Aggregator Device)
[    0.052207] ACPI: EC: Look up EC in DSDT
[    0.056704] [Firmware Bug]: ACPI: BIOS _OSI(Linux) query ignored
[    0.064678] ACPI: Interpreter enabled
[    0.064687] ACPI: (supports S0 S1 S4 S5)
[    0.064697] ACPI: Using PIC for interrupt routing
[    0.108227] ACPI: No dock devices found.
[    0.108230] HEST: Table not found.
[    0.108236] PCI: Using host bridge windows from ACPI; if necessary, use "pci=nocrs" and report a bug
[    0.109109] ACPI: PCI Root Bridge [PCI0] (domain 0000 [bus 00-ff])
[    0.110585] pci_root PNP0A03:00: host bridge window [mem 0x000a0000-0x000bffff]
[    0.110588] pci_root PNP0A03:00: host bridge window [mem 0x000cc000-0x000cffff]
[    0.110591] pci_root PNP0A03:00: host bridge window [mem 0x000d0000-0x000d3fff]
[    0.110593] pci_root PNP0A03:00: host bridge window [mem 0x000d4000-0x000d7fff]
[    0.110595] pci_root PNP0A03:00: host bridge window [mem 0x000d8000-0x000dbfff]
[    0.110598] pci_root PNP0A03:00: host bridge window [mem 0xc0000000-0xfebfffff]
[    0.110600] pci_root PNP0A03:00: host bridge window [io  0x0000-0x0cf7]
[    0.110602] pci_root PNP0A03:00: host bridge window [io  0x0d00-0xfeff]
[    0.110663] pci 0000:00:00.0: [8086:7190] type 0 class 0x000600
[    0.111199] pci 0000:00:01.0: [8086:7191] type 1 class 0x000604
[    0.111672] pci 0000:00:07.0: [8086:7110] type 0 class 0x000601
[    0.112471] pci 0000:00:07.1: [8086:7111] type 0 class 0x000101
[    0.114335] pci 0000:00:07.1: reg 20: [io  0x10c0-0x10cf]
[    0.115057] pci 0000:00:07.3: [8086:7113] type 0 class 0x000680
[    0.116734] pci 0000:00:07.3: quirk: [io  0x1000-0x103f] claimed by PIIX4 ACPI
[    0.116747] pci 0000:00:07.3: quirk: [io  0x1040-0x104f] claimed by PIIX4 SMB
[    0.116975] pci 0000:00:07.7: [15ad:0740] type 0 class 0x000880
[    0.117444] pci 0000:00:07.7: reg 10: [io  0x1080-0x10bf]
[    0.118013] pci 0000:00:07.7: reg 14: [mem 0xc8000000-0xc8001fff 64bit]
[    0.120029] pci 0000:00:0f.0: [15ad:0405] type 0 class 0x000300
[    0.122048] pci 0000:00:0f.0: reg 10: [io  0x10d0-0x10df]
[    0.123994] pci 0000:00:0f.0: reg 14: [mem 0xd0000000-0xd7ffffff pref]
[    0.125923] pci 0000:00:0f.0: reg 18: [mem 0xc8800000-0xc8ffffff]
[    0.133686] pci 0000:00:0f.0: reg 30: [mem 0x00000000-0x00007fff pref]
[    0.133970] pci 0000:00:10.0: [1000:0030] type 0 class 0x000100
[    0.134515] pci 0000:00:10.0: reg 10: [io  0x1400-0x14ff]
[    0.135236] pci 0000:00:10.0: reg 14: [mem 0xc8040000-0xc805ffff 64bit]
[    0.135962] pci 0000:00:10.0: reg 1c: [mem 0xc8020000-0xc803ffff 64bit]
[    0.136989] pci 0000:00:10.0: reg 30: [mem 0x00000000-0x00003fff pref]
[    0.137137] pci 0000:00:11.0: [15ad:0790] type 1 class 0x000604
[    0.137787] pci 0000:00:15.0: [15ad:07a0] type 1 class 0x000604
[    0.138471] pci 0000:00:15.0: PME# supported from D0 D3hot D3cold
[    0.138493] pci 0000:00:15.0: PME# disabled
[    0.138706] pci 0000:00:15.1: [15ad:07a0] type 1 class 0x000604
[    0.139396] pci 0000:00:15.1: PME# supported from D0 D3hot D3cold
[    0.139417] pci 0000:00:15.1: PME# disabled
[    0.139630] pci 0000:00:15.2: [15ad:07a0] type 1 class 0x000604
[    0.140329] pci 0000:00:15.2: PME# supported from D0 D3hot D3cold
[    0.140352] pci 0000:00:15.2: PME# disabled
[    0.140565] pci 0000:00:15.3: [15ad:07a0] type 1 class 0x000604
[    0.141252] pci 0000:00:15.3: PME# supported from D0 D3hot D3cold
[    0.141273] pci 0000:00:15.3: PME# disabled
[    0.141487] pci 0000:00:15.4: [15ad:07a0] type 1 class 0x000604
[    0.142180] pci 0000:00:15.4: PME# supported from D0 D3hot D3cold
[    0.142202] pci 0000:00:15.4: PME# disabled
[    0.142421] pci 0000:00:15.5: [15ad:07a0] type 1 class 0x000604
[    0.143104] pci 0000:00:15.5: PME# supported from D0 D3hot D3cold
[    0.143125] pci 0000:00:15.5: PME# disabled
[    0.143338] pci 0000:00:15.6: [15ad:07a0] type 1 class 0x000604
[    0.144035] pci 0000:00:15.6: PME# supported from D0 D3hot D3cold
[    0.144057] pci 0000:00:15.6: PME# disabled
[    0.144271] pci 0000:00:15.7: [15ad:07a0] type 1 class 0x000604
[    0.144960] pci 0000:00:15.7: PME# supported from D0 D3hot D3cold
[    0.144982] pci 0000:00:15.7: PME# disabled
[    0.145195] pci 0000:00:16.0: [15ad:07a0] type 1 class 0x000604
[    0.145874] pci 0000:00:16.0: PME# supported from D0 D3hot D3cold
[    0.145895] pci 0000:00:16.0: PME# disabled
[    0.146121] pci 0000:00:16.1: [15ad:07a0] type 1 class 0x000604
[    0.146800] pci 0000:00:16.1: PME# supported from D0 D3hot D3cold
[    0.146821] pci 0000:00:16.1: PME# disabled
[    0.147040] pci 0000:00:16.2: [15ad:07a0] type 1 class 0x000604
[    0.147717] pci 0000:00:16.2: PME# supported from D0 D3hot D3cold
[    0.147738] pci 0000:00:16.2: PME# disabled
[    0.147981] pci 0000:00:16.3: [15ad:07a0] type 1 class 0x000604
[    0.148659] pci 0000:00:16.3: PME# supported from D0 D3hot D3cold
[    0.148681] pci 0000:00:16.3: PME# disabled
[    0.148893] pci 0000:00:16.4: [15ad:07a0] type 1 class 0x000604
[    0.149579] pci 0000:00:16.4: PME# supported from D0 D3hot D3cold
[    0.149600] pci 0000:00:16.4: PME# disabled
[    0.149817] pci 0000:00:16.5: [15ad:07a0] type 1 class 0x000604
[    0.150503] pci 0000:00:16.5: PME# supported from D0 D3hot D3cold
[    0.150524] pci 0000:00:16.5: PME# disabled
[    0.150736] pci 0000:00:16.6: [15ad:07a0] type 1 class 0x000604
[    0.151429] pci 0000:00:16.6: PME# supported from D0 D3hot D3cold
[    0.151450] pci 0000:00:16.6: PME# disabled
[    0.151662] pci 0000:00:16.7: [15ad:07a0] type 1 class 0x000604
[    0.152355] pci 0000:00:16.7: PME# supported from D0 D3hot D3cold
[    0.152377] pci 0000:00:16.7: PME# disabled
[    0.152589] pci 0000:00:17.0: [15ad:07a0] type 1 class 0x000604
[    0.153275] pci 0000:00:17.0: PME# supported from D0 D3hot D3cold
[    0.153296] pci 0000:00:17.0: PME# disabled
[    0.153509] pci 0000:00:17.1: [15ad:07a0] type 1 class 0x000604
[    0.154188] pci 0000:00:17.1: PME# supported from D0 D3hot D3cold
[    0.154209] pci 0000:00:17.1: PME# disabled
[    0.154421] pci 0000:00:17.2: [15ad:07a0] type 1 class 0x000604
[    0.155108] pci 0000:00:17.2: PME# supported from D0 D3hot D3cold
[    0.155129] pci 0000:00:17.2: PME# disabled
[    0.155341] pci 0000:00:17.3: [15ad:07a0] type 1 class 0x000604
[    0.156089] pci 0000:00:17.3: PME# supported from D0 D3hot D3cold
[    0.156118] pci 0000:00:17.3: PME# disabled
[    0.156392] pci 0000:00:17.4: [15ad:07a0] type 1 class 0x000604
[    0.157280] pci 0000:00:17.4: PME# supported from D0 D3hot D3cold
[    0.157307] pci 0000:00:17.4: PME# disabled
[    0.157588] pci 0000:00:17.5: [15ad:07a0] type 1 class 0x000604
[    0.158481] pci 0000:00:17.5: PME# supported from D0 D3hot D3cold
[    0.158508] pci 0000:00:17.5: PME# disabled
[    0.158782] pci 0000:00:17.6: [15ad:07a0] type 1 class 0x000604
[    0.159671] pci 0000:00:17.6: PME# supported from D0 D3hot D3cold
[    0.159697] pci 0000:00:17.6: PME# disabled
[    0.160018] pci 0000:00:17.7: [15ad:07a0] type 1 class 0x000604
[    0.160932] pci 0000:00:17.7: PME# supported from D0 D3hot D3cold
[    0.160970] pci 0000:00:17.7: PME# disabled
[    0.161242] pci 0000:00:18.0: [15ad:07a0] type 1 class 0x000604
[    0.162140] pci 0000:00:18.0: PME# supported from D0 D3hot D3cold
[    0.162167] pci 0000:00:18.0: PME# disabled
[    0.162438] pci 0000:00:18.1: [15ad:07a0] type 1 class 0x000604
[    0.163341] pci 0000:00:18.1: PME# supported from D0 D3hot D3cold
[    0.163368] pci 0000:00:18.1: PME# disabled
[    0.163639] pci 0000:00:18.2: [15ad:07a0] type 1 class 0x000604
[    0.164551] pci 0000:00:18.2: PME# supported from D0 D3hot D3cold
[    0.164578] pci 0000:00:18.2: PME# disabled
[    0.164851] pci 0000:00:18.3: [15ad:07a0] type 1 class 0x000604
[    0.165747] pci 0000:00:18.3: PME# supported from D0 D3hot D3cold
[    0.165774] pci 0000:00:18.3: PME# disabled
[    0.166068] pci 0000:00:18.4: [15ad:07a0] type 1 class 0x000604
[    0.166949] pci 0000:00:18.4: PME# supported from D0 D3hot D3cold
[    0.166985] pci 0000:00:18.4: PME# disabled
[    0.167264] pci 0000:00:18.5: [15ad:07a0] type 1 class 0x000604
[    0.168182] pci 0000:00:18.5: PME# supported from D0 D3hot D3cold
[    0.168209] pci 0000:00:18.5: PME# disabled
[    0.168481] pci 0000:00:18.6: [15ad:07a0] type 1 class 0x000604
[    0.169389] pci 0000:00:18.6: PME# supported from D0 D3hot D3cold
[    0.169417] pci 0000:00:18.6: PME# disabled
[    0.169689] pci 0000:00:18.7: [15ad:07a0] type 1 class 0x000604
[    0.170583] pci 0000:00:18.7: PME# supported from D0 D3hot D3cold
[    0.170610] pci 0000:00:18.7: PME# disabled
[    0.171329] pci 0000:00:01.0: PCI bridge to [bus 01-01]
[    0.171689] pci 0000:02:00.0: [15ad:0774] type 0 class 0x000c03
[    0.173579] pci 0000:02:00.0: reg 20: [io  0x20c0-0x20df]
[    0.174460] pci 0000:02:01.0: [1022:2000] type 0 class 0x000200
[    0.174845] pci 0000:02:01.0: reg 10: [io  0x2000-0x207f]
[    0.177013] pci 0000:02:01.0: reg 30: [mem 0x00000000-0x0000ffff pref]
[    0.177163] pci 0000:02:02.0: [1274:1371] type 0 class 0x000401
[    0.177607] pci 0000:02:02.0: reg 10: [io  0x2080-0x20bf]
[    0.179570] pci 0000:02:03.0: [15ad:0770] type 0 class 0x000c03
[    0.179843] pci 0000:02:03.0: reg 10: [mem 0xc9000000-0xc9000fff]
[    0.181468] pci 0000:00:11.0: PCI bridge to [bus 02-02] (subtractive decode)
[    0.181490] pci 0000:00:11.0:   bridge window [io  0x2000-0x3fff]
[    0.181511] pci 0000:00:11.0:   bridge window [mem 0xc9000000-0xca3fffff]
[    0.181550] pci 0000:00:11.0:   bridge window [mem 0xd8400000-0xd89fffff 64bit pref]
[    0.181553] pci 0000:00:11.0:   bridge window [mem 0x000a0000-0x000bffff] (subtractive decode)
[    0.181554] pci 0000:00:11.0:   bridge window [mem 0x000cc000-0x000cffff] (subtractive decode)
[    0.181556] pci 0000:00:11.0:   bridge window [mem 0x000d0000-0x000d3fff] (subtractive decode)
[    0.181558] pci 0000:00:11.0:   bridge window [mem 0x000d4000-0x000d7fff] (subtractive decode)
[    0.181559] pci 0000:00:11.0:   bridge window [mem 0x000d8000-0x000dbfff] (subtractive decode)
[    0.181561] pci 0000:00:11.0:   bridge window [mem 0xc0000000-0xfebfffff] (subtractive decode)
[    0.181562] pci 0000:00:11.0:   bridge window [io  0x0000-0x0cf7] (subtractive decode)
[    0.181564] pci 0000:00:11.0:   bridge window [io  0x0d00-0xfeff] (subtractive decode)
[    0.181988] pci 0000:00:15.0: PCI bridge to [bus 03-03]
[    0.182008] pci 0000:00:15.0:   bridge window [io  0x4000-0x4fff]
[    0.182029] pci 0000:00:15.0:   bridge window [mem 0xca400000-0xca4fffff]
[    0.182069] pci 0000:00:15.0:   bridge window [mem 0xd8a00000-0xd8afffff 64bit pref]
[    0.182482] pci 0000:00:15.1: PCI bridge to [bus 04-04]
[    0.182502] pci 0000:00:15.1:   bridge window [io  0x8000-0x8fff]
[    0.182523] pci 0000:00:15.1:   bridge window [mem 0xca800000-0xca8fffff]
[    0.182562] pci 0000:00:15.1:   bridge window [mem 0xd8e00000-0xd8efffff 64bit pref]
[    0.182983] pci 0000:00:15.2: PCI bridge to [bus 05-05]
[    0.183003] pci 0000:00:15.2:   bridge window [io  0xc000-0xcfff]
[    0.183024] pci 0000:00:15.2:   bridge window [mem 0xcac00000-0xcacfffff]
[    0.183063] pci 0000:00:15.2:   bridge window [mem 0xd9200000-0xd92fffff 64bit pref]
[    0.183477] pci 0000:00:15.3: PCI bridge to [bus 06-06]
[    0.183516] pci 0000:00:15.3:   bridge window [mem 0xcb000000-0xcb0fffff]
[    0.183555] pci 0000:00:15.3:   bridge window [mem 0xd9600000-0xd96fffff 64bit pref]
[    0.183990] pci 0000:00:15.4: PCI bridge to [bus 07-07]
[    0.184028] pci 0000:00:15.4:   bridge window [mem 0xcb400000-0xcb4fffff]
[    0.184068] pci 0000:00:15.4:   bridge window [mem 0xd9a00000-0xd9afffff 64bit pref]
[    0.184480] pci 0000:00:15.5: PCI bridge to [bus 08-08]
[    0.184519] pci 0000:00:15.5:   bridge window [mem 0xcb800000-0xcb8fffff]
[    0.184558] pci 0000:00:15.5:   bridge window [mem 0xd9e00000-0xd9efffff 64bit pref]
[    0.184977] pci 0000:00:15.6: PCI bridge to [bus 09-09]
[    0.185016] pci 0000:00:15.6:   bridge window [mem 0xcbc00000-0xcbcfffff]
[    0.185055] pci 0000:00:15.6:   bridge window [mem 0xda200000-0xda2fffff 64bit pref]
[    0.185466] pci 0000:00:15.7: PCI bridge to [bus 0a-0a]
[    0.185505] pci 0000:00:15.7:   bridge window [mem 0xcc000000-0xcc0fffff]
[    0.185543] pci 0000:00:15.7:   bridge window [mem 0xda600000-0xda6fffff 64bit pref]
[    0.185967] pci 0000:00:16.0: PCI bridge to [bus 0b-0b]
[    0.185987] pci 0000:00:16.0:   bridge window [io  0x5000-0x5fff]
[    0.186008] pci 0000:00:16.0:   bridge window [mem 0xca500000-0xca5fffff]
[    0.186047] pci 0000:00:16.0:   bridge window [mem 0xd8b00000-0xd8bfffff 64bit pref]
[    0.186458] pci 0000:00:16.1: PCI bridge to [bus 0c-0c]
[    0.186479] pci 0000:00:16.1:   bridge window [io  0x9000-0x9fff]
[    0.186499] pci 0000:00:16.1:   bridge window [mem 0xca900000-0xca9fffff]
[    0.186538] pci 0000:00:16.1:   bridge window [mem 0xd8f00000-0xd8ffffff 64bit pref]
[    0.186956] pci 0000:00:16.2: PCI bridge to [bus 0d-0d]
[    0.186976] pci 0000:00:16.2:   bridge window [io  0xd000-0xdfff]
[    0.186997] pci 0000:00:16.2:   bridge window [mem 0xcad00000-0xcadfffff]
[    0.187036] pci 0000:00:16.2:   bridge window [mem 0xd9300000-0xd93fffff 64bit pref]
[    0.187448] pci 0000:00:16.3: PCI bridge to [bus 0e-0e]
[    0.187487] pci 0000:00:16.3:   bridge window [mem 0xcb100000-0xcb1fffff]
[    0.187526] pci 0000:00:16.3:   bridge window [mem 0xd9700000-0xd97fffff 64bit pref]
[    0.187954] pci 0000:00:16.4: PCI bridge to [bus 0f-0f]
[    0.187993] pci 0000:00:16.4:   bridge window [mem 0xcb500000-0xcb5fffff]
[    0.188033] pci 0000:00:16.4:   bridge window [mem 0xd9b00000-0xd9bfffff 64bit pref]
[    0.188443] pci 0000:00:16.5: PCI bridge to [bus 10-10]
[    0.188483] pci 0000:00:16.5:   bridge window [mem 0xcb900000-0xcb9fffff]
[    0.188522] pci 0000:00:16.5:   bridge window [mem 0xd9f00000-0xd9ffffff 64bit pref]
[    0.188933] pci 0000:00:16.6: PCI bridge to [bus 11-11]
[    0.188972] pci 0000:00:16.6:   bridge window [mem 0xcbd00000-0xcbdfffff]
[    0.189011] pci 0000:00:16.6:   bridge window [mem 0xda300000-0xda3fffff 64bit pref]
[    0.189420] pci 0000:00:16.7: PCI bridge to [bus 12-12]
[    0.189459] pci 0000:00:16.7:   bridge window [mem 0xcc100000-0xcc1fffff]
[    0.189498] pci 0000:00:16.7:   bridge window [mem 0xda700000-0xda7fffff 64bit pref]
[    0.189918] pci 0000:00:17.0: PCI bridge to [bus 13-13]
[    0.189938] pci 0000:00:17.0:   bridge window [io  0x6000-0x6fff]
[    0.189959] pci 0000:00:17.0:   bridge window [mem 0xca600000-0xca6fffff]
[    0.189998] pci 0000:00:17.0:   bridge window [mem 0xd8c00000-0xd8cfffff 64bit pref]
[    0.190408] pci 0000:00:17.1: PCI bridge to [bus 14-14]
[    0.190428] pci 0000:00:17.1:   bridge window [io  0xa000-0xafff]
[    0.190449] pci 0000:00:17.1:   bridge window [mem 0xcaa00000-0xcaafffff]
[    0.190488] pci 0000:00:17.1:   bridge window [mem 0xd9000000-0xd90fffff 64bit pref]
[    0.190910] pci 0000:00:17.2: PCI bridge to [bus 15-15]
[    0.190930] pci 0000:00:17.2:   bridge window [io  0xe000-0xefff]
[    0.190951] pci 0000:00:17.2:   bridge window [mem 0xcae00000-0xcaefffff]
[    0.190990] pci 0000:00:17.2:   bridge window [mem 0xd9400000-0xd94fffff 64bit pref]
[    0.191404] pci 0000:00:17.3: PCI bridge to [bus 16-16]
[    0.191443] pci 0000:00:17.3:   bridge window [mem 0xcb200000-0xcb2fffff]
[    0.191482] pci 0000:00:17.3:   bridge window [mem 0xd9800000-0xd98fffff 64bit pref]
[    0.191981] pci 0000:00:17.4: PCI bridge to [bus 17-17]
[    0.192021] pci 0000:00:17.4:   bridge window [mem 0xcb600000-0xcb6fffff]
[    0.192061] pci 0000:00:17.4:   bridge window [mem 0xd9c00000-0xd9cfffff 64bit pref]
[    0.192473] pci 0000:00:17.5: PCI bridge to [bus 18-18]
[    0.192512] pci 0000:00:17.5:   bridge window [mem 0xcba00000-0xcbafffff]
[    0.192551] pci 0000:00:17.5:   bridge window [mem 0xda000000-0xda0fffff 64bit pref]
[    0.192969] pci 0000:00:17.6: PCI bridge to [bus 19-19]
[    0.193008] pci 0000:00:17.6:   bridge window [mem 0xcbe00000-0xcbefffff]
[    0.193047] pci 0000:00:17.6:   bridge window [mem 0xda400000-0xda4fffff 64bit pref]
[    0.193456] pci 0000:00:17.7: PCI bridge to [bus 1a-1a]
[    0.193495] pci 0000:00:17.7:   bridge window [mem 0xcc200000-0xcc2fffff]
[    0.193534] pci 0000:00:17.7:   bridge window [mem 0xda800000-0xda8fffff 64bit pref]
[    0.193943] pci 0000:00:18.0: PCI bridge to [bus 1b-1b]
[    0.193964] pci 0000:00:18.0:   bridge window [io  0x7000-0x7fff]
[    0.193984] pci 0000:00:18.0:   bridge window [mem 0xca700000-0xca7fffff]
[    0.194023] pci 0000:00:18.0:   bridge window [mem 0xd8d00000-0xd8dfffff 64bit pref]
[    0.194433] pci 0000:00:18.1: PCI bridge to [bus 1c-1c]
[    0.194453] pci 0000:00:18.1:   bridge window [io  0xb000-0xbfff]
[    0.194474] pci 0000:00:18.1:   bridge window [mem 0xcab00000-0xcabfffff]
[    0.194513] pci 0000:00:18.1:   bridge window [mem 0xd9100000-0xd91fffff 64bit pref]
[    0.194930] pci 0000:00:18.2: PCI bridge to [bus 1d-1d]
[    0.194950] pci 0000:00:18.2:   bridge window [io  0xf000-0xffff]
[    0.194971] pci 0000:00:18.2:   bridge window [mem 0xcaf00000-0xcaffffff]
[    0.195010] pci 0000:00:18.2:   bridge window [mem 0xd9500000-0xd95fffff 64bit pref]
[    0.195425] pci 0000:00:18.3: PCI bridge to [bus 1e-1e]
[    0.195464] pci 0000:00:18.3:   bridge window [mem 0xcb300000-0xcb3fffff]
[    0.195503] pci 0000:00:18.3:   bridge window [mem 0xd9900000-0xd99fffff 64bit pref]
[    0.195941] pci 0000:00:18.4: PCI bridge to [bus 1f-1f]
[    0.195980] pci 0000:00:18.4:   bridge window [mem 0xcb700000-0xcb7fffff]
[    0.196020] pci 0000:00:18.4:   bridge window [mem 0xd9d00000-0xd9dfffff 64bit pref]
[    0.196429] pci 0000:00:18.5: PCI bridge to [bus 20-20]
[    0.196469] pci 0000:00:18.5:   bridge window [mem 0xcbb00000-0xcbbfffff]
[    0.196508] pci 0000:00:18.5:   bridge window [mem 0xda100000-0xda1fffff 64bit pref]
[    0.196924] pci 0000:00:18.6: PCI bridge to [bus 21-21]
[    0.196962] pci 0000:00:18.6:   bridge window [mem 0xcbf00000-0xcbffffff]
[    0.197002] pci 0000:00:18.6:   bridge window [mem 0xda500000-0xda5fffff 64bit pref]
[    0.197412] pci 0000:00:18.7: PCI bridge to [bus 22-22]
[    0.197451] pci 0000:00:18.7:   bridge window [mem 0xcc300000-0xcc3fffff]
[    0.197490] pci 0000:00:18.7:   bridge window [mem 0xda900000-0xda9fffff 64bit pref]
[    0.199028] pci_bus 0000:00: on NUMA node 0
[    0.199034] ACPI: PCI Interrupt Routing Table [\_SB_.PCI0._PRT]
[    0.199617]  pci0000:00: Requesting ACPI _OSC control (0x1d)
[    0.199827]  pci0000:00: ACPI _OSC control (0x15) granted
[    0.273280] ACPI: PCI Interrupt Link [LNKA] (IRQs 3 4 5 6 7 *9 10 11 14 15)
[    0.273346] ACPI: PCI Interrupt Link [LNKB] (IRQs 3 4 5 6 7 9 10 *11 14 15)
[    0.273408] ACPI: PCI Interrupt Link [LNKC] (IRQs 3 4 5 6 7 9 *10 11 14 15)
[    0.273468] ACPI: PCI Interrupt Link [LNKD] (IRQs 3 4 *5 6 7 9 10 11 14 15)
[    0.273597] vgaarb: device added: PCI:0000:00:0f.0,decodes=io+mem,owns=io+mem,locks=none
[    0.273606] vgaarb: loaded
[    0.273606] vgaarb: bridge control possible 0000:00:0f.0
[    0.273683] i2c-core: driver [aat2870] using legacy suspend method
[    0.273685] i2c-core: driver [aat2870] using legacy resume method
[    0.273758] SCSI subsystem initialized
[    0.273796] libata version 3.00 loaded.
[    0.273824] usbcore: registered new interface driver usbfs
[    0.273833] usbcore: registered new interface driver hub
[    0.273855] usbcore: registered new device driver usb
[    0.273916] PCI: Using ACPI for IRQ routing
[    0.340656] PCI: pci_cache_line_size set to 64 bytes
[    0.340678] pci 0000:00:18.2: no compatible bridge window for [io  0xf000-0xffff]
[    0.341599] reserve RAM buffer: 000000000009f000 - 000000000009ffff 
[    0.341601] reserve RAM buffer: 000000003fee0000 - 000000003fffffff 
[    0.341703] NetLabel: Initializing
[    0.341704] NetLabel:  domain hash size = 128
[    0.341705] NetLabel:  protocols = UNLABELED CIPSOv4
[    0.341712] NetLabel:  unlabeled traffic allowed by default
[    0.341766] hpet0: at MMIO 0xfed00000, IRQs 2, 8, 0, 0, 0, 0, 0, 0, 0, 0, 0, 0, 0, 0, 0, 0
[    0.341772] hpet0: 16 comparators, 64-bit 14.318180 MHz counter
[    0.343801] Switching to clocksource hpet
[    0.349045] AppArmor: AppArmor Filesystem Enabled
[    0.349063] pnp: PnP ACPI init
[    0.349077] ACPI: bus type pnp registered
[    0.349690] pnp 00:00: [bus 00-ff]
[    0.349693] pnp 00:00: [mem 0x000a0000-0x000bffff window]
[    0.349694] pnp 00:00: [mem 0x000c0000-0x000c3fff window]
[    0.349696] pnp 00:00: [mem 0x000c4000-0x000c7fff window]
[    0.349697] pnp 00:00: [mem 0x000c8000-0x000cbfff window]
[    0.349699] pnp 00:00: [mem 0x000cc000-0x000cffff window]
[    0.349700] pnp 00:00: [mem 0x000d0000-0x000d3fff window]
[    0.349702] pnp 00:00: [mem 0x000d4000-0x000d7fff window]
[    0.349703] pnp 00:00: [mem 0x000d8000-0x000dbfff window]
[    0.349705] pnp 00:00: [mem 0x000dc000-0x000dffff window]
[    0.349706] pnp 00:00: [mem 0x000e0000-0x000e3fff window]
[    0.349707] pnp 00:00: [mem 0x000e4000-0x000e7fff window]
[    0.349709] pnp 00:00: [mem 0x000e8000-0x000ebfff window]
[    0.349710] pnp 00:00: [mem 0x000ec000-0x000effff window]
[    0.349712] pnp 00:00: [mem 0xc0000000-0xfebfffff window]
[    0.349714] pnp 00:00: [io  0x0cf8-0x0cff]
[    0.349715] pnp 00:00: [io  0x0000-0x0cf7 window]
[    0.349716] pnp 00:00: [io  0x0d00-0xfeff window]
[    0.349753] pnp 00:00: Plug and Play ACPI device, IDs PNP0a03 PNP0a08 (active)
[    0.349814] pnp 00:01: [io  0x0010-0x001f]
[    0.349815] pnp 00:01: [io  0x0024-0x0025]
[    0.349816] pnp 00:01: [io  0x0028-0x0029]
[    0.349817] pnp 00:01: [io  0x002c-0x002d]
[    0.349818] pnp 00:01: [io  0x002e-0x002f]
[    0.349820] pnp 00:01: [io  0x0030-0x0031]
[    0.349821] pnp 00:01: [io  0x0034-0x0035]
[    0.349822] pnp 00:01: [io  0x0038-0x0039]
[    0.349823] pnp 00:01: [io  0x003c-0x003d]
[    0.349824] pnp 00:01: [io  0x0050-0x0053]
[    0.349825] pnp 00:01: [io  0x0072-0x0077]
[    0.349826] pnp 00:01: [io  0x0080]
[    0.349827] pnp 00:01: [io  0x0090-0x009f]
[    0.349829] pnp 00:01: [io  0x00a4-0x00a5]
[    0.349830] pnp 00:01: [io  0x00a8-0x00a9]
[    0.349831] pnp 00:01: [io  0x00ac-0x00ad]
[    0.349832] pnp 00:01: [io  0x00b0-0x00b5]
[    0.349833] pnp 00:01: [io  0x00b8-0x00b9]
[    0.349834] pnp 00:01: [io  0x00bc-0x00bd]
[    0.349836] pnp 00:01: [io  0x1000-0x103f]
[    0.349837] pnp 00:01: [io  0x1040-0x104f]
[    0.349838] pnp 00:01: [io  0x0cf0-0x0cf1]
[    0.349895] system 00:01: [io  0x1000-0x103f] has been reserved
[    0.349899] system 00:01: [io  0x1040-0x104f] has been reserved
[    0.349901] system 00:01: [io  0x0cf0-0x0cf1] has been reserved
[    0.349903] system 00:01: Plug and Play ACPI device, IDs PNP0c02 (active)
[    0.349909] pnp 00:02: [io  0x0000-0x000f]
[    0.349910] pnp 00:02: [io  0x0081-0x008f]
[    0.349912] pnp 00:02: [io  0x00c0-0x00df]
[    0.349913] pnp 00:02: [dma 4]
[    0.349928] pnp 00:02: Plug and Play ACPI device, IDs PNP0200 (active)
[    0.349934] pnp 00:03: [io  0x0020-0x0021]
[    0.349935] pnp 00:03: [io  0x00a0-0x00a1]
[    0.349936] pnp 00:03: [io  0x04d0-0x04d1]
[    0.349938] pnp 00:03: [irq 2 disabled]
[    0.349953] pnp 00:03: Plug and Play ACPI device, IDs PNP0001 (active)
[    0.349959] pnp 00:04: [io  0x0070-0x0071]
[    0.349961] pnp 00:04: [irq 8]
[    0.349973] pnp 00:04: Plug and Play ACPI device, IDs PNP0b00 (active)
[    0.349978] pnp 00:05: [io  0x0061]
[    0.349990] pnp 00:05: Plug and Play ACPI device, IDs PNP0800 (active)
[    0.349995] pnp 00:06: [io  0x0060]
[    0.349996] pnp 00:06: [io  0x0064]
[    0.349997] pnp 00:06: [irq 1]
[    0.350012] pnp 00:06: Plug and Play ACPI device, IDs PNP0303 (active)
[    0.350017] pnp 00:07: [irq 12]
[    0.350030] pnp 00:07: Plug and Play ACPI device, IDs PNP0f13 (active)
[    0.350180] pnp 00:08: [mem 0xfed00000-0xfed003ff]
[    0.350213] system 00:08: [mem 0xfed00000-0xfed003ff] has been reserved
[    0.350216] system 00:08: Plug and Play ACPI device, IDs PNP0103 PNP0c01 (active)
[    0.354469] pnp 00:09: [io  0x0378-0x037f]
[    0.354472] pnp 00:09: [irq 7]
[    0.355575] pnp 00:09: Plug and Play ACPI device, IDs PNP0400 (active)
[    0.359463] pnp 00:0a: [io  0x03f8-0x03ff]
[    0.359466] pnp 00:0a: [irq 4]
[    0.360541] pnp 00:0a: Plug and Play ACPI device, IDs PNP0501 (active)
[    0.363699] pnp 00:0b: [io  0x02f8-0x02ff]
[    0.363702] pnp 00:0b: [irq 3]
[    0.364802] pnp 00:0b: Plug and Play ACPI device, IDs PNP0501 (active)
[    0.369578] pnp 00:0c: [io  0x03f0-0x03f5]
[    0.369580] pnp 00:0c: [io  0x03f7]
[    0.369582] pnp 00:0c: [irq 6]
[    0.369583] pnp 00:0c: [dma 2]
[    0.370542] pnp 00:0c: Plug and Play ACPI device, IDs PNP0700 (active)
[    0.370712] pnp 00:0d: [mem 0xe0000000-0xefffffff]
[    0.370714] pnp 00:0d: [io  0x1060-0x107f]
[    0.370715] pnp 00:0d: [mem 0xc8200000-0xc83fffff]
[    0.370759] system 00:0d: [io  0x1060-0x107f] has been reserved
[    0.370762] system 00:0d: [mem 0xe0000000-0xefffffff] has been reserved
[    0.370764] system 00:0d: [mem 0xc8200000-0xc83fffff] has been reserved
[    0.370766] system 00:0d: Plug and Play ACPI device, IDs PNP0c02 (active)
[    0.375289] pnp: PnP ACPI: found 14 devices
[    0.375291] ACPI: ACPI bus type pnp unregistered
[    0.375294] PnPBIOS: Disabled by ACPI PNP
[    0.410942] PCI: max bus depth: 1 pci_try_num: 2
[    0.411787] pci 0000:00:0f.0: BAR 6: assigned [mem 0xc0000000-0xc0007fff pref]
[    0.411792] pci 0000:00:10.0: BAR 6: assigned [mem 0xc0008000-0xc000bfff pref]
[    0.411796] pci 0000:00:18.7: BAR 13: can't assign io (size 0x1000)
[    0.411800] pci 0000:00:18.6: BAR 13: can't assign io (size 0x1000)
[    0.411803] pci 0000:00:18.5: BAR 13: can't assign io (size 0x1000)
[    0.411806] pci 0000:00:18.4: BAR 13: can't assign io (size 0x1000)
[    0.411809] pci 0000:00:18.3: BAR 13: can't assign io (size 0x1000)
[    0.411812] pci 0000:00:18.2: BAR 13: can't assign io (size 0x1000)
[    0.411815] pci 0000:00:17.7: BAR 13: can't assign io (size 0x1000)
[    0.411818] pci 0000:00:17.6: BAR 13: can't assign io (size 0x1000)
[    0.411821] pci 0000:00:17.5: BAR 13: can't assign io (size 0x1000)
[    0.411824] pci 0000:00:17.4: BAR 13: can't assign io (size 0x1000)
[    0.411827] pci 0000:00:17.3: BAR 13: can't assign io (size 0x1000)
[    0.411830] pci 0000:00:16.7: BAR 13: can't assign io (size 0x1000)
[    0.411833] pci 0000:00:16.6: BAR 13: can't assign io (size 0x1000)
[    0.411836] pci 0000:00:16.5: BAR 13: can't assign io (size 0x1000)
[    0.411839] pci 0000:00:16.4: BAR 13: can't assign io (size 0x1000)
[    0.411842] pci 0000:00:16.3: BAR 13: can't assign io (size 0x1000)
[    0.411845] pci 0000:00:15.7: BAR 13: can't assign io (size 0x1000)
[    0.411848] pci 0000:00:15.6: BAR 13: can't assign io (size 0x1000)
[    0.411851] pci 0000:00:15.5: BAR 13: can't assign io (size 0x1000)
[    0.411854] pci 0000:00:15.4: BAR 13: can't assign io (size 0x1000)
[    0.411857] pci 0000:00:15.3: BAR 13: can't assign io (size 0x1000)
[    0.411859] pci 0000:00:01.0: PCI bridge to [bus 01-01]
[    0.411936] pci 0000:02:01.0: BAR 6: assigned [mem 0xd8400000-0xd840ffff pref]
[    0.411939] pci 0000:00:11.0: PCI bridge to [bus 02-02]
[    0.411953] pci 0000:00:11.0:   bridge window [io  0x2000-0x3fff]
[    0.411987] pci 0000:00:11.0:   bridge window [mem 0xc9000000-0xca3fffff]
[    0.412011] pci 0000:00:11.0:   bridge window [mem 0xd8400000-0xd89fffff 64bit pref]
[    0.412055] pci 0000:00:15.0: PCI bridge to [bus 03-03]
[    0.412069] pci 0000:00:15.0:   bridge window [io  0x4000-0x4fff]
[    0.412103] pci 0000:00:15.0:   bridge window [mem 0xca400000-0xca4fffff]
[    0.412127] pci 0000:00:15.0:   bridge window [mem 0xd8a00000-0xd8afffff 64bit pref]
[    0.412184] pci 0000:00:15.1: PCI bridge to [bus 04-04]
[    0.412198] pci 0000:00:15.1:   bridge window [io  0x8000-0x8fff]
[    0.412233] pci 0000:00:15.1:   bridge window [mem 0xca800000-0xca8fffff]
[    0.412256] pci 0000:00:15.1:   bridge window [mem 0xd8e00000-0xd8efffff 64bit pref]
[    0.412305] pci 0000:00:15.2: PCI bridge to [bus 05-05]
[    0.412319] pci 0000:00:15.2:   bridge window [io  0xc000-0xcfff]
[    0.412365] pci 0000:00:15.2:   bridge window [mem 0xcac00000-0xcacfffff]
[    0.412389] pci 0000:00:15.2:   bridge window [mem 0xd9200000-0xd92fffff 64bit pref]
[    0.412438] pci 0000:00:15.3: PCI bridge to [bus 06-06]
[    0.412472] pci 0000:00:15.3:   bridge window [mem 0xcb000000-0xcb0fffff]
[    0.412496] pci 0000:00:15.3:   bridge window [mem 0xd9600000-0xd96fffff 64bit pref]
[    0.412544] pci 0000:00:15.4: PCI bridge to [bus 07-07]
[    0.412578] pci 0000:00:15.4:   bridge window [mem 0xcb400000-0xcb4fffff]
[    0.412602] pci 0000:00:15.4:   bridge window [mem 0xd9a00000-0xd9afffff 64bit pref]
[    0.412650] pci 0000:00:15.5: PCI bridge to [bus 08-08]
[    0.412685] pci 0000:00:15.5:   bridge window [mem 0xcb800000-0xcb8fffff]
[    0.412708] pci 0000:00:15.5:   bridge window [mem 0xd9e00000-0xd9efffff 64bit pref]
[    0.412756] pci 0000:00:15.6: PCI bridge to [bus 09-09]
[    0.412791] pci 0000:00:15.6:   bridge window [mem 0xcbc00000-0xcbcfffff]
[    0.412814] pci 0000:00:15.6:   bridge window [mem 0xda200000-0xda2fffff 64bit pref]
[    0.412863] pci 0000:00:15.7: PCI bridge to [bus 0a-0a]
[    0.412897] pci 0000:00:15.7:   bridge window [mem 0xcc000000-0xcc0fffff]
[    0.412921] pci 0000:00:15.7:   bridge window [mem 0xda600000-0xda6fffff 64bit pref]
[    0.412969] pci 0000:00:16.0: PCI bridge to [bus 0b-0b]
[    0.412983] pci 0000:00:16.0:   bridge window [io  0x5000-0x5fff]
[    0.413017] pci 0000:00:16.0:   bridge window [mem 0xca500000-0xca5fffff]
[    0.413041] pci 0000:00:16.0:   bridge window [mem 0xd8b00000-0xd8bfffff 64bit pref]
[    0.413089] pci 0000:00:16.1: PCI bridge to [bus 0c-0c]
[    0.413103] pci 0000:00:16.1:   bridge window [io  0x9000-0x9fff]
[    0.413137] pci 0000:00:16.1:   bridge window [mem 0xca900000-0xca9fffff]
[    0.413160] pci 0000:00:16.1:   bridge window [mem 0xd8f00000-0xd8ffffff 64bit pref]
[    0.413209] pci 0000:00:16.2: PCI bridge to [bus 0d-0d]
[    0.413223] pci 0000:00:16.2:   bridge window [io  0xd000-0xdfff]
[    0.413257] pci 0000:00:16.2:   bridge window [mem 0xcad00000-0xcadfffff]
[    0.413280] pci 0000:00:16.2:   bridge window [mem 0xd9300000-0xd93fffff 64bit pref]
[    0.413328] pci 0000:00:16.3: PCI bridge to [bus 0e-0e]
[    0.413382] pci 0000:00:16.3:   bridge window [mem 0xcb100000-0xcb1fffff]
[    0.413423] pci 0000:00:16.3:   bridge window [mem 0xd9700000-0xd97fffff 64bit pref]
[    0.413493] pci 0000:00:16.4: PCI bridge to [bus 0f-0f]
[    0.413528] pci 0000:00:16.4:   bridge window [mem 0xcb500000-0xcb5fffff]
[    0.413551] pci 0000:00:16.4:   bridge window [mem 0xd9b00000-0xd9bfffff 64bit pref]
[    0.413600] pci 0000:00:16.5: PCI bridge to [bus 10-10]
[    0.413634] pci 0000:00:16.5:   bridge window [mem 0xcb900000-0xcb9fffff]
[    0.413657] pci 0000:00:16.5:   bridge window [mem 0xd9f00000-0xd9ffffff 64bit pref]
[    0.413706] pci 0000:00:16.6: PCI bridge to [bus 11-11]
[    0.413740] pci 0000:00:16.6:   bridge window [mem 0xcbd00000-0xcbdfffff]
[    0.413764] pci 0000:00:16.6:   bridge window [mem 0xda300000-0xda3fffff 64bit pref]
[    0.413812] pci 0000:00:16.7: PCI bridge to [bus 12-12]
[    0.413846] pci 0000:00:16.7:   bridge window [mem 0xcc100000-0xcc1fffff]
[    0.413870] pci 0000:00:16.7:   bridge window [mem 0xda700000-0xda7fffff 64bit pref]
[    0.413918] pci 0000:00:17.0: PCI bridge to [bus 13-13]
[    0.413932] pci 0000:00:17.0:   bridge window [io  0x6000-0x6fff]
[    0.413967] pci 0000:00:17.0:   bridge window [mem 0xca600000-0xca6fffff]
[    0.413990] pci 0000:00:17.0:   bridge window [mem 0xd8c00000-0xd8cfffff 64bit pref]
[    0.414038] pci 0000:00:17.1: PCI bridge to [bus 14-14]
[    0.414052] pci 0000:00:17.1:   bridge window [io  0xa000-0xafff]
[    0.414086] pci 0000:00:17.1:   bridge window [mem 0xcaa00000-0xcaafffff]
[    0.414110] pci 0000:00:17.1:   bridge window [mem 0xd9000000-0xd90fffff 64bit pref]
[    0.414158] pci 0000:00:17.2: PCI bridge to [bus 15-15]
[    0.414172] pci 0000:00:17.2:   bridge window [io  0xe000-0xefff]
[    0.414206] pci 0000:00:17.2:   bridge window [mem 0xcae00000-0xcaefffff]
[    0.414230] pci 0000:00:17.2:   bridge window [mem 0xd9400000-0xd94fffff 64bit pref]
[    0.414278] pci 0000:00:17.3: PCI bridge to [bus 16-16]
[    0.414312] pci 0000:00:17.3:   bridge window [mem 0xcb200000-0xcb2fffff]
[    0.414347] pci 0000:00:17.3:   bridge window [mem 0xd9800000-0xd98fffff 64bit pref]
[    0.414416] pci 0000:00:17.4: PCI bridge to [bus 17-17]
[    0.414462] pci 0000:00:17.4:   bridge window [mem 0xcb600000-0xcb6fffff]
[    0.414494] pci 0000:00:17.4:   bridge window [mem 0xd9c00000-0xd9cfffff 64bit pref]
[    0.414555] pci 0000:00:17.5: PCI bridge to [bus 18-18]
[    0.414589] pci 0000:00:17.5:   bridge window [mem 0xcba00000-0xcbafffff]
[    0.414613] pci 0000:00:17.5:   bridge window [mem 0xda000000-0xda0fffff 64bit pref]
[    0.414661] pci 0000:00:17.6: PCI bridge to [bus 19-19]
[    0.414695] pci 0000:00:17.6:   bridge window [mem 0xcbe00000-0xcbefffff]
[    0.414719] pci 0000:00:17.6:   bridge window [mem 0xda400000-0xda4fffff 64bit pref]
[    0.414767] pci 0000:00:17.7: PCI bridge to [bus 1a-1a]
[    0.414801] pci 0000:00:17.7:   bridge window [mem 0xcc200000-0xcc2fffff]
[    0.414825] pci 0000:00:17.7:   bridge window [mem 0xda800000-0xda8fffff 64bit pref]
[    0.414873] pci 0000:00:18.0: PCI bridge to [bus 1b-1b]
[    0.414888] pci 0000:00:18.0:   bridge window [io  0x7000-0x7fff]
[    0.414922] pci 0000:00:18.0:   bridge window [mem 0xca700000-0xca7fffff]
[    0.414945] pci 0000:00:18.0:   bridge window [mem 0xd8d00000-0xd8dfffff 64bit pref]
[    0.414994] pci 0000:00:18.1: PCI bridge to [bus 1c-1c]
[    0.415007] pci 0000:00:18.1:   bridge window [io  0xb000-0xbfff]
[    0.415042] pci 0000:00:18.1:   bridge window [mem 0xcab00000-0xcabfffff]
[    0.415065] pci 0000:00:18.1:   bridge window [mem 0xd9100000-0xd91fffff 64bit pref]
[    0.415114] pci 0000:00:18.2: PCI bridge to [bus 1d-1d]
[    0.415148] pci 0000:00:18.2:   bridge window [mem 0xcaf00000-0xcaffffff]
[    0.415172] pci 0000:00:18.2:   bridge window [mem 0xd9500000-0xd95fffff 64bit pref]
[    0.415220] pci 0000:00:18.3: PCI bridge to [bus 1e-1e]
[    0.415254] pci 0000:00:18.3:   bridge window [mem 0xcb300000-0xcb3fffff]
[    0.415278] pci 0000:00:18.3:   bridge window [mem 0xd9900000-0xd99fffff 64bit pref]
[    0.415326] pci 0000:00:18.4: PCI bridge to [bus 1f-1f]
[    0.415368] pci 0000:00:18.4:   bridge window [mem 0xcb700000-0xcb7fffff]
[    0.415391] pci 0000:00:18.4:   bridge window [mem 0xd9d00000-0xd9dfffff 64bit pref]
[    0.415440] pci 0000:00:18.5: PCI bridge to [bus 20-20]
[    0.415474] pci 0000:00:18.5:   bridge window [mem 0xcbb00000-0xcbbfffff]
[    0.415497] pci 0000:00:18.5:   bridge window [mem 0xda100000-0xda1fffff 64bit pref]
[    0.415546] pci 0000:00:18.6: PCI bridge to [bus 21-21]
[    0.415580] pci 0000:00:18.6:   bridge window [mem 0xcbf00000-0xcbffffff]
[    0.415603] pci 0000:00:18.6:   bridge window [mem 0xda500000-0xda5fffff 64bit pref]
[    0.415651] pci 0000:00:18.7: PCI bridge to [bus 22-22]
[    0.415655] pci 0000:00:18.7:   bridge window [mem 0xcc300000-0xcc3fffff]
[    0.415720] pci 0000:00:18.7:   bridge window [mem 0xda900000-0xda9fffff 64bit pref]
[    0.415797] pci 0000:00:01.0: setting latency timer to 64
[    0.415874] pci 0000:00:15.0: setting latency timer to 64
[    0.415930] pci 0000:00:15.1: setting latency timer to 64
[    0.415986] pci 0000:00:15.2: setting latency timer to 64
[    0.416042] pci 0000:00:15.3: setting latency timer to 64
[    0.416099] pci 0000:00:15.4: setting latency timer to 64
[    0.416155] pci 0000:00:15.5: setting latency timer to 64
[    0.416210] pci 0000:00:15.6: setting latency timer to 64
[    0.416267] pci 0000:00:15.7: setting latency timer to 64
[    0.416331] pci 0000:00:16.0: setting latency timer to 64
[    0.416387] pci 0000:00:16.1: setting latency timer to 64
[    0.416443] pci 0000:00:16.2: setting latency timer to 64
[    0.416499] pci 0000:00:16.3: setting latency timer to 64
[    0.416555] pci 0000:00:16.4: setting latency timer to 64
[    0.416611] pci 0000:00:16.5: setting latency timer to 64
[    0.416667] pci 0000:00:16.6: setting latency timer to 64
[    0.416722] pci 0000:00:16.7: setting latency timer to 64
[    0.416778] pci 0000:00:17.0: setting latency timer to 64
[    0.416835] pci 0000:00:17.1: setting latency timer to 64
[    0.416891] pci 0000:00:17.2: setting latency timer to 64
[    0.416947] pci 0000:00:17.3: setting latency timer to 64
[    0.417003] pci 0000:00:17.4: setting latency timer to 64
[    0.417058] pci 0000:00:17.5: setting latency timer to 64
[    0.417115] pci 0000:00:17.6: setting latency timer to 64
[    0.417171] pci 0000:00:17.7: setting latency timer to 64
[    0.417227] pci 0000:00:18.0: setting latency timer to 64
[    0.417283] pci 0000:00:18.1: setting latency timer to 64
[    0.417359] pci 0000:00:18.2: setting latency timer to 64
[    0.417428] pci 0000:00:18.3: setting latency timer to 64
[    0.417496] pci 0000:00:18.4: setting latency timer to 64
[    0.417564] pci 0000:00:18.5: setting latency timer to 64
[    0.417632] pci 0000:00:18.6: setting latency timer to 64
[    0.417700] pci 0000:00:18.7: setting latency timer to 64
[    0.417718] pci_bus 0000:00: resource 4 [mem 0x000a0000-0x000bffff]
[    0.417721] pci_bus 0000:00: resource 5 [mem 0x000cc000-0x000cffff]
[    0.417724] pci_bus 0000:00: resource 6 [mem 0x000d0000-0x000d3fff]
[    0.417728] pci_bus 0000:00: resource 7 [mem 0x000d4000-0x000d7fff]
[    0.417731] pci_bus 0000:00: resource 8 [mem 0x000d8000-0x000dbfff]
[    0.417734] pci_bus 0000:00: resource 9 [mem 0xc0000000-0xfebfffff]
[    0.417737] pci_bus 0000:00: resource 10 [io  0x0000-0x0cf7]
[    0.417741] pci_bus 0000:00: resource 11 [io  0x0d00-0xfeff]
[    0.417744] pci_bus 0000:02: resource 0 [io  0x2000-0x3fff]
[    0.417747] pci_bus 0000:02: resource 1 [mem 0xc9000000-0xca3fffff]
[    0.417751] pci_bus 0000:02: resource 2 [mem 0xd8400000-0xd89fffff 64bit pref]
[    0.417754] pci_bus 0000:02: resource 4 [mem 0x000a0000-0x000bffff]
[    0.417757] pci_bus 0000:02: resource 5 [mem 0x000cc000-0x000cffff]
[    0.417760] pci_bus 0000:02: resource 6 [mem 0x000d0000-0x000d3fff]
[    0.417763] pci_bus 0000:02: resource 7 [mem 0x000d4000-0x000d7fff]
[    0.417766] pci_bus 0000:02: resource 8 [mem 0x000d8000-0x000dbfff]
[    0.417770] pci_bus 0000:02: resource 9 [mem 0xc0000000-0xfebfffff]
[    0.417773] pci_bus 0000:02: resource 10 [io  0x0000-0x0cf7]
[    0.417776] pci_bus 0000:02: resource 11 [io  0x0d00-0xfeff]
[    0.417779] pci_bus 0000:03: resource 0 [io  0x4000-0x4fff]
[    0.417782] pci_bus 0000:03: resource 1 [mem 0xca400000-0xca4fffff]
[    0.417785] pci_bus 0000:03: resource 2 [mem 0xd8a00000-0xd8afffff 64bit pref]
[    0.417789] pci_bus 0000:04: resource 0 [io  0x8000-0x8fff]
[    0.417792] pci_bus 0000:04: resource 1 [mem 0xca800000-0xca8fffff]
[    0.417795] pci_bus 0000:04: resource 2 [mem 0xd8e00000-0xd8efffff 64bit pref]
[    0.417799] pci_bus 0000:05: resource 0 [io  0xc000-0xcfff]
[    0.417802] pci_bus 0000:05: resource 1 [mem 0xcac00000-0xcacfffff]
[    0.417805] pci_bus 0000:05: resource 2 [mem 0xd9200000-0xd92fffff 64bit pref]
[    0.417808] pci_bus 0000:06: resource 1 [mem 0xcb000000-0xcb0fffff]
[    0.417812] pci_bus 0000:06: resource 2 [mem 0xd9600000-0xd96fffff 64bit pref]
[    0.417815] pci_bus 0000:07: resource 1 [mem 0xcb400000-0xcb4fffff]
[    0.417818] pci_bus 0000:07: resource 2 [mem 0xd9a00000-0xd9afffff 64bit pref]
[    0.417822] pci_bus 0000:08: resource 1 [mem 0xcb800000-0xcb8fffff]
[    0.417825] pci_bus 0000:08: resource 2 [mem 0xd9e00000-0xd9efffff 64bit pref]
[    0.417828] pci_bus 0000:09: resource 1 [mem 0xcbc00000-0xcbcfffff]
[    0.417832] pci_bus 0000:09: resource 2 [mem 0xda200000-0xda2fffff 64bit pref]
[    0.417835] pci_bus 0000:0a: resource 1 [mem 0xcc000000-0xcc0fffff]
[    0.417838] pci_bus 0000:0a: resource 2 [mem 0xda600000-0xda6fffff 64bit pref]
[    0.417842] pci_bus 0000:0b: resource 0 [io  0x5000-0x5fff]
[    0.417845] pci_bus 0000:0b: resource 1 [mem 0xca500000-0xca5fffff]
[    0.417848] pci_bus 0000:0b: resource 2 [mem 0xd8b00000-0xd8bfffff 64bit pref]
[    0.417851] pci_bus 0000:0c: resource 0 [io  0x9000-0x9fff]
[    0.417855] pci_bus 0000:0c: resource 1 [mem 0xca900000-0xca9fffff]
[    0.417858] pci_bus 0000:0c: resource 2 [mem 0xd8f00000-0xd8ffffff 64bit pref]
[    0.417861] pci_bus 0000:0d: resource 0 [io  0xd000-0xdfff]
[    0.417864] pci_bus 0000:0d: resource 1 [mem 0xcad00000-0xcadfffff]
[    0.417867] pci_bus 0000:0d: resource 2 [mem 0xd9300000-0xd93fffff 64bit pref]
[    0.417871] pci_bus 0000:0e: resource 1 [mem 0xcb100000-0xcb1fffff]
[    0.417874] pci_bus 0000:0e: resource 2 [mem 0xd9700000-0xd97fffff 64bit pref]
[    0.417877] pci_bus 0000:0f: resource 1 [mem 0xcb500000-0xcb5fffff]
[    0.417881] pci_bus 0000:0f: resource 2 [mem 0xd9b00000-0xd9bfffff 64bit pref]
[    0.417884] pci_bus 0000:10: resource 1 [mem 0xcb900000-0xcb9fffff]
[    0.417887] pci_bus 0000:10: resource 2 [mem 0xd9f00000-0xd9ffffff 64bit pref]
[    0.417891] pci_bus 0000:11: resource 1 [mem 0xcbd00000-0xcbdfffff]
[    0.417894] pci_bus 0000:11: resource 2 [mem 0xda300000-0xda3fffff 64bit pref]
[    0.417898] pci_bus 0000:12: resource 1 [mem 0xcc100000-0xcc1fffff]
[    0.417901] pci_bus 0000:12: resource 2 [mem 0xda700000-0xda7fffff 64bit pref]
[    0.417904] pci_bus 0000:13: resource 0 [io  0x6000-0x6fff]
[    0.417907] pci_bus 0000:13: resource 1 [mem 0xca600000-0xca6fffff]
[    0.417911] pci_bus 0000:13: resource 2 [mem 0xd8c00000-0xd8cfffff 64bit pref]
[    0.417914] pci_bus 0000:14: resource 0 [io  0xa000-0xafff]
[    0.417917] pci_bus 0000:14: resource 1 [mem 0xcaa00000-0xcaafffff]
[    0.417920] pci_bus 0000:14: resource 2 [mem 0xd9000000-0xd90fffff 64bit pref]
[    0.417924] pci_bus 0000:15: resource 0 [io  0xe000-0xefff]
[    0.417927] pci_bus 0000:15: resource 1 [mem 0xcae00000-0xcaefffff]
[    0.417930] pci_bus 0000:15: resource 2 [mem 0xd9400000-0xd94fffff 64bit pref]
[    0.417933] pci_bus 0000:16: resource 1 [mem 0xcb200000-0xcb2fffff]
[    0.417937] pci_bus 0000:16: resource 2 [mem 0xd9800000-0xd98fffff 64bit pref]
[    0.417940] pci_bus 0000:17: resource 1 [mem 0xcb600000-0xcb6fffff]
[    0.417943] pci_bus 0000:17: resource 2 [mem 0xd9c00000-0xd9cfffff 64bit pref]
[    0.417947] pci_bus 0000:18: resource 1 [mem 0xcba00000-0xcbafffff]
[    0.417950] pci_bus 0000:18: resource 2 [mem 0xda000000-0xda0fffff 64bit pref]
[    0.417953] pci_bus 0000:19: resource 1 [mem 0xcbe00000-0xcbefffff]
[    0.417957] pci_bus 0000:19: resource 2 [mem 0xda400000-0xda4fffff 64bit pref]
[    0.417960] pci_bus 0000:1a: resource 1 [mem 0xcc200000-0xcc2fffff]
[    0.417963] pci_bus 0000:1a: resource 2 [mem 0xda800000-0xda8fffff 64bit pref]
[    0.417967] pci_bus 0000:1b: resource 0 [io  0x7000-0x7fff]
[    0.417970] pci_bus 0000:1b: resource 1 [mem 0xca700000-0xca7fffff]
[    0.417973] pci_bus 0000:1b: resource 2 [mem 0xd8d00000-0xd8dfffff 64bit pref]
[    0.417976] pci_bus 0000:1c: resource 0 [io  0xb000-0xbfff]
[    0.417979] pci_bus 0000:1c: resource 1 [mem 0xcab00000-0xcabfffff]
[    0.417983] pci_bus 0000:1c: resource 2 [mem 0xd9100000-0xd91fffff 64bit pref]
[    0.417986] pci_bus 0000:1d: resource 1 [mem 0xcaf00000-0xcaffffff]
[    0.417989] pci_bus 0000:1d: resource 2 [mem 0xd9500000-0xd95fffff 64bit pref]
[    0.417993] pci_bus 0000:1e: resource 1 [mem 0xcb300000-0xcb3fffff]
[    0.417996] pci_bus 0000:1e: resource 2 [mem 0xd9900000-0xd99fffff 64bit pref]
[    0.417999] pci_bus 0000:1f: resource 1 [mem 0xcb700000-0xcb7fffff]
[    0.418003] pci_bus 0000:1f: resource 2 [mem 0xd9d00000-0xd9dfffff 64bit pref]
[    0.418006] pci_bus 0000:20: resource 1 [mem 0xcbb00000-0xcbbfffff]
[    0.418009] pci_bus 0000:20: resource 2 [mem 0xda100000-0xda1fffff 64bit pref]
[    0.418013] pci_bus 0000:21: resource 1 [mem 0xcbf00000-0xcbffffff]
[    0.418016] pci_bus 0000:21: resource 2 [mem 0xda500000-0xda5fffff 64bit pref]
[    0.418019] pci_bus 0000:22: resource 1 [mem 0xcc300000-0xcc3fffff]
[    0.418023] pci_bus 0000:22: resource 2 [mem 0xda900000-0xda9fffff 64bit pref]
[    0.418065] NET: Registered protocol family 2
[    0.418121] IP route cache hash table entries: 32768 (order: 5, 131072 bytes)
[    0.418198] TCP established hash table entries: 131072 (order: 8, 1048576 bytes)
[    0.418275] TCP bind hash table entries: 65536 (order: 7, 524288 bytes)
[    0.418352] TCP: Hash tables configured (established 131072 bind 65536)
[    0.418356] TCP reno registered
[    0.418359] UDP hash table entries: 512 (order: 2, 16384 bytes)
[    0.418370] UDP-Lite hash table entries: 512 (order: 2, 16384 bytes)
[    0.418424] NET: Registered protocol family 1
[    0.418434] pci 0000:00:00.0: Limiting direct PCI/PCI transfers
[    0.418511] pci 0000:00:0f.0: Boot video device
[    0.418588] ACPI: PCI Interrupt Link [LNKC] enabled at IRQ 10
[    0.418592] PCI: setting IRQ 10 as level-triggered
[    0.418601] pci 0000:02:00.0: PCI INT A -> Link[LNKC] -> GSI 10 (level, low) -> IRQ 10
[    0.418735] pci 0000:02:00.0: PCI INT A disabled
[    0.418812] ACPI: PCI Interrupt Link [LNKB] enabled at IRQ 11
[    0.418815] PCI: setting IRQ 11 as level-triggered
[    0.418820] pci 0000:02:03.0: PCI INT A -> Link[LNKB] -> GSI 11 (level, low) -> IRQ 11
[    0.418895] pci 0000:02:03.0: PCI INT A disabled
[    0.418913] PCI: CLS 32 bytes, default 64
[    0.418962] Simple Boot Flag at 0x36 set to 0x1
[    0.418968] Switching to clocksource tsc
[    0.419257] audit: initializing netlink socket (disabled)
[    0.419266] type=2000 audit(1369647195.403:1): initialized
[    0.435820] Trying to unpack rootfs image as initramfs...
[    0.459776] highmem bounce pool size: 64 pages
[    0.459781] HugeTLB registered 2 MB page size, pre-allocated 0 pages
[    0.463706] VFS: Disk quotas dquot_6.5.2
[    0.463754] Dquot-cache hash table entries: 1024 (order 0, 4096 bytes)
[    0.463893] fuse init (API version 7.17)
[    0.463954] msgmni has been set to 1710
[    0.475800] Block layer SCSI generic (bsg) driver version 0.4 loaded (major 253)
[    0.479710] io scheduler noop registered
[    0.479714] io scheduler deadline registered
[    0.479725] io scheduler cfq registered (default)
[    0.479802] pcieport 0000:00:15.0: setting latency timer to 64
[    0.479879] pcieport 0000:00:15.0: irq 40 for MSI/MSI-X
[    0.479956] pcieport 0000:00:15.1: setting latency timer to 64
[    0.480033] pcieport 0000:00:15.1: irq 41 for MSI/MSI-X
[    0.480110] pcieport 0000:00:15.2: setting latency timer to 64
[    0.480187] pcieport 0000:00:15.2: irq 42 for MSI/MSI-X
[    0.480264] pcieport 0000:00:15.3: setting latency timer to 64
[    0.480341] pcieport 0000:00:15.3: irq 43 for MSI/MSI-X
[    0.480418] pcieport 0000:00:15.4: setting latency timer to 64
[    0.480495] pcieport 0000:00:15.4: irq 44 for MSI/MSI-X
[    0.480572] pcieport 0000:00:15.5: setting latency timer to 64
[    0.480649] pcieport 0000:00:15.5: irq 45 for MSI/MSI-X
[    0.480727] pcieport 0000:00:15.6: setting latency timer to 64
[    0.480804] pcieport 0000:00:15.6: irq 46 for MSI/MSI-X
[    0.480881] pcieport 0000:00:15.7: setting latency timer to 64
[    0.480958] pcieport 0000:00:15.7: irq 47 for MSI/MSI-X
[    0.481035] pcieport 0000:00:16.0: setting latency timer to 64
[    0.481112] pcieport 0000:00:16.0: irq 48 for MSI/MSI-X
[    0.481232] pcieport 0000:00:16.1: setting latency timer to 64
[    0.481309] pcieport 0000:00:16.1: irq 49 for MSI/MSI-X
[    0.481386] pcieport 0000:00:16.2: setting latency timer to 64
[    0.481463] pcieport 0000:00:16.2: irq 50 for MSI/MSI-X
[    0.481540] pcieport 0000:00:16.3: setting latency timer to 64
[    0.481617] pcieport 0000:00:16.3: irq 51 for MSI/MSI-X
[    0.481694] pcieport 0000:00:16.4: setting latency timer to 64
[    0.481771] pcieport 0000:00:16.4: irq 52 for MSI/MSI-X
[    0.481848] pcieport 0000:00:16.5: setting latency timer to 64
[    0.481925] pcieport 0000:00:16.5: irq 53 for MSI/MSI-X
[    0.482002] pcieport 0000:00:16.6: setting latency timer to 64
[    0.482079] pcieport 0000:00:16.6: irq 54 for MSI/MSI-X
[    0.482156] pcieport 0000:00:16.7: setting latency timer to 64
[    0.482233] pcieport 0000:00:16.7: irq 55 for MSI/MSI-X
[    0.482310] pcieport 0000:00:17.0: setting latency timer to 64
[    0.482387] pcieport 0000:00:17.0: irq 56 for MSI/MSI-X
[    0.482464] pcieport 0000:00:17.1: setting latency timer to 64
[    0.482542] pcieport 0000:00:17.1: irq 57 for MSI/MSI-X
[    0.482619] pcieport 0000:00:17.2: setting latency timer to 64
[    0.482696] pcieport 0000:00:17.2: irq 58 for MSI/MSI-X
[    0.482773] pcieport 0000:00:17.3: setting latency timer to 64
[    0.482850] pcieport 0000:00:17.3: irq 59 for MSI/MSI-X
[    0.482927] pcieport 0000:00:17.4: setting latency timer to 64
[    0.483004] pcieport 0000:00:17.4: irq 60 for MSI/MSI-X
[    0.483081] pcieport 0000:00:17.5: setting latency timer to 64
[    0.483158] pcieport 0000:00:17.5: irq 61 for MSI/MSI-X
[    0.483665] pcieport 0000:00:17.6: setting latency timer to 64
[    0.483820] pcieport 0000:00:17.6: irq 62 for MSI/MSI-X
[    0.483897] pcieport 0000:00:17.7: setting latency timer to 64
[    0.483975] pcieport 0000:00:17.7: irq 63 for MSI/MSI-X
[    0.484052] pcieport 0000:00:18.0: setting latency timer to 64
[    0.484129] pcieport 0000:00:18.0: irq 64 for MSI/MSI-X
[    0.484206] pcieport 0000:00:18.1: setting latency timer to 64
[    0.484283] pcieport 0000:00:18.1: irq 65 for MSI/MSI-X
[    0.484360] pcieport 0000:00:18.2: setting latency timer to 64
[    0.484437] pcieport 0000:00:18.2: irq 66 for MSI/MSI-X
[    0.484514] pcieport 0000:00:18.3: setting latency timer to 64
[    0.484591] pcieport 0000:00:18.3: irq 67 for MSI/MSI-X
[    0.484668] pcieport 0000:00:18.4: setting latency timer to 64
[    0.484745] pcieport 0000:00:18.4: irq 68 for MSI/MSI-X
[    0.484822] pcieport 0000:00:18.5: setting latency timer to 64
[    0.484899] pcieport 0000:00:18.5: irq 69 for MSI/MSI-X
[    0.484976] pcieport 0000:00:18.6: setting latency timer to 64
[    0.485053] pcieport 0000:00:18.6: irq 70 for MSI/MSI-X
[    0.485130] pcieport 0000:00:18.7: setting latency timer to 64
[    0.485207] pcieport 0000:00:18.7: irq 71 for MSI/MSI-X
[    0.485284] pcieport 0000:00:15.0: Signaling PME through PCIe PME interrupt
[    0.485308] pcie_pme 0000:00:15.0:pcie01: service driver pcie_pme loaded
[    0.485385] pcieport 0000:00:15.1: Signaling PME through PCIe PME interrupt
[    0.485408] pcie_pme 0000:00:15.1:pcie01: service driver pcie_pme loaded
[    0.485485] pcieport 0000:00:15.2: Signaling PME through PCIe PME interrupt
[    0.485508] pcie_pme 0000:00:15.2:pcie01: service driver pcie_pme loaded
[    0.485585] pcieport 0000:00:15.3: Signaling PME through PCIe PME interrupt
[    0.485608] pcie_pme 0000:00:15.3:pcie01: service driver pcie_pme loaded
[    0.485685] pcieport 0000:00:15.4: Signaling PME through PCIe PME interrupt
[    0.485708] pcie_pme 0000:00:15.4:pcie01: service driver pcie_pme loaded
[    0.485785] pcieport 0000:00:15.5: Signaling PME through PCIe PME interrupt
[    0.485808] pcie_pme 0000:00:15.5:pcie01: service driver pcie_pme loaded
[    0.485885] pcieport 0000:00:15.6: Signaling PME through PCIe PME interrupt
[    0.485907] pcie_pme 0000:00:15.6:pcie01: service driver pcie_pme loaded
[    0.485984] pcieport 0000:00:15.7: Signaling PME through PCIe PME interrupt
[    0.486007] pcie_pme 0000:00:15.7:pcie01: service driver pcie_pme loaded
[    0.486084] pcieport 0000:00:16.0: Signaling PME through PCIe PME interrupt
[    0.486107] pcie_pme 0000:00:16.0:pcie01: service driver pcie_pme loaded
[    0.486184] pcieport 0000:00:16.1: Signaling PME through PCIe PME interrupt
[    0.486207] pcie_pme 0000:00:16.1:pcie01: service driver pcie_pme loaded
[    0.486284] pcieport 0000:00:16.2: Signaling PME through PCIe PME interrupt
[    0.486306] pcie_pme 0000:00:16.2:pcie01: service driver pcie_pme loaded
[    0.486383] pcieport 0000:00:16.3: Signaling PME through PCIe PME interrupt
[    0.486406] pcie_pme 0000:00:16.3:pcie01: service driver pcie_pme loaded
[    0.486483] pcieport 0000:00:16.4: Signaling PME through PCIe PME interrupt
[    0.486506] pcie_pme 0000:00:16.4:pcie01: service driver pcie_pme loaded
[    0.486583] pcieport 0000:00:16.5: Signaling PME through PCIe PME interrupt
[    0.486605] pcie_pme 0000:00:16.5:pcie01: service driver pcie_pme loaded
[    0.486682] pcieport 0000:00:16.6: Signaling PME through PCIe PME interrupt
[    0.486705] pcie_pme 0000:00:16.6:pcie01: service driver pcie_pme loaded
[    0.486782] pcieport 0000:00:16.7: Signaling PME through PCIe PME interrupt
[    0.486805] pcie_pme 0000:00:16.7:pcie01: service driver pcie_pme loaded
[    0.486882] pcieport 0000:00:17.0: Signaling PME through PCIe PME interrupt
[    0.486905] pcie_pme 0000:00:17.0:pcie01: service driver pcie_pme loaded
[    0.486982] pcieport 0000:00:17.1: Signaling PME through PCIe PME interrupt
[    0.487004] pcie_pme 0000:00:17.1:pcie01: service driver pcie_pme loaded
[    0.487081] pcieport 0000:00:17.2: Signaling PME through PCIe PME interrupt
[    0.487104] pcie_pme 0000:00:17.2:pcie01: service driver pcie_pme loaded
[    0.487181] pcieport 0000:00:17.3: Signaling PME through PCIe PME interrupt
[    0.487204] pcie_pme 0000:00:17.3:pcie01: service driver pcie_pme loaded
[    0.487281] pcieport 0000:00:17.4: Signaling PME through PCIe PME interrupt
[    0.487303] pcie_pme 0000:00:17.4:pcie01: service driver pcie_pme loaded
[    0.487380] pcieport 0000:00:17.5: Signaling PME through PCIe PME interrupt
[    0.487403] pcie_pme 0000:00:17.5:pcie01: service driver pcie_pme loaded
[    0.487480] pcieport 0000:00:17.6: Signaling PME through PCIe PME interrupt
[    0.487503] pcie_pme 0000:00:17.6:pcie01: service driver pcie_pme loaded
[    0.491667] pcieport 0000:00:17.7: Signaling PME through PCIe PME interrupt
[    0.491696] pcie_pme 0000:00:17.7:pcie01: service driver pcie_pme loaded
[    0.491773] pcieport 0000:00:18.0: Signaling PME through PCIe PME interrupt
[    0.491796] pcie_pme 0000:00:18.0:pcie01: service driver pcie_pme loaded
[    0.491873] pcieport 0000:00:18.1: Signaling PME through PCIe PME interrupt
[    0.491896] pcie_pme 0000:00:18.1:pcie01: service driver pcie_pme loaded
[    0.491973] pcieport 0000:00:18.2: Signaling PME through PCIe PME interrupt
[    0.491995] pcie_pme 0000:00:18.2:pcie01: service driver pcie_pme loaded
[    0.492072] pcieport 0000:00:18.3: Signaling PME through PCIe PME interrupt
[    0.492095] pcie_pme 0000:00:18.3:pcie01: service driver pcie_pme loaded
[    0.492172] pcieport 0000:00:18.4: Signaling PME through PCIe PME interrupt
[    0.492195] pcie_pme 0000:00:18.4:pcie01: service driver pcie_pme loaded
[    0.492272] pcieport 0000:00:18.5: Signaling PME through PCIe PME interrupt
[    0.492295] pcie_pme 0000:00:18.5:pcie01: service driver pcie_pme loaded
[    0.492372] pcieport 0000:00:18.6: Signaling PME through PCIe PME interrupt
[    0.492395] pcie_pme 0000:00:18.6:pcie01: service driver pcie_pme loaded
[    0.492472] pcieport 0000:00:18.7: Signaling PME through PCIe PME interrupt
[    0.492495] pcie_pme 0000:00:18.7:pcie01: service driver pcie_pme loaded
[    0.492514] pci_hotplug: PCI Hot Plug PCI Core version: 0.5
[    0.492591] pciehp 0000:00:15.0:pcie04: HPC vendor_id 15ad device_id 7a0 ss_vid 15ad ss_did 7a0
[    0.492654] pciehp 0000:00:15.0:pcie04: service driver pciehp loaded
[    0.492717] pciehp 0000:00:15.1:pcie04: HPC vendor_id 15ad device_id 7a0 ss_vid 15ad ss_did 7a0
[    0.492775] pciehp 0000:00:15.1:pcie04: service driver pciehp loaded
[    0.492840] pciehp 0000:00:15.2:pcie04: HPC vendor_id 15ad device_id 7a0 ss_vid 15ad ss_did 7a0
[    0.492899] pciehp 0000:00:15.2:pcie04: service driver pciehp loaded
[    0.492970] pciehp 0000:00:15.3:pcie04: HPC vendor_id 15ad device_id 7a0 ss_vid 15ad ss_did 7a0
[    0.493033] pciehp 0000:00:15.3:pcie04: service driver pciehp loaded
[    0.493095] pciehp 0000:00:15.4:pcie04: HPC vendor_id 15ad device_id 7a0 ss_vid 15ad ss_did 7a0
[    0.493154] pciehp 0000:00:15.4:pcie04: service driver pciehp loaded
[    0.493217] pciehp 0000:00:15.5:pcie04: HPC vendor_id 15ad device_id 7a0 ss_vid 15ad ss_did 7a0
[    0.493278] pciehp 0000:00:15.5:pcie04: service driver pciehp loaded
[    0.493340] pciehp 0000:00:15.6:pcie04: HPC vendor_id 15ad device_id 7a0 ss_vid 15ad ss_did 7a0
[    0.493399] pciehp 0000:00:15.6:pcie04: service driver pciehp loaded
[    0.493461] pciehp 0000:00:15.7:pcie04: HPC vendor_id 15ad device_id 7a0 ss_vid 15ad ss_did 7a0
[    0.493519] pciehp 0000:00:15.7:pcie04: service driver pciehp loaded
[    0.493582] pciehp 0000:00:16.0:pcie04: HPC vendor_id 15ad device_id 7a0 ss_vid 15ad ss_did 7a0
[    0.493639] pciehp 0000:00:16.0:pcie04: service driver pciehp loaded
[    0.493703] pciehp 0000:00:16.1:pcie04: HPC vendor_id 15ad device_id 7a0 ss_vid 15ad ss_did 7a0
[    0.493761] pciehp 0000:00:16.1:pcie04: service driver pciehp loaded
[    0.493823] pciehp 0000:00:16.2:pcie04: HPC vendor_id 15ad device_id 7a0 ss_vid 15ad ss_did 7a0
[    0.493882] pciehp 0000:00:16.2:pcie04: service driver pciehp loaded
[    0.493954] pciehp 0000:00:16.3:pcie04: HPC vendor_id 15ad device_id 7a0 ss_vid 15ad ss_did 7a0
[    0.494013] pciehp 0000:00:16.3:pcie04: service driver pciehp loaded
[    0.494076] pciehp 0000:00:16.4:pcie04: HPC vendor_id 15ad device_id 7a0 ss_vid 15ad ss_did 7a0
[    0.494134] pciehp 0000:00:16.4:pcie04: service driver pciehp loaded
[    0.494197] pciehp 0000:00:16.5:pcie04: HPC vendor_id 15ad device_id 7a0 ss_vid 15ad ss_did 7a0
[    0.494255] pciehp 0000:00:16.5:pcie04: service driver pciehp loaded
[    0.494317] pciehp 0000:00:16.6:pcie04: HPC vendor_id 15ad device_id 7a0 ss_vid 15ad ss_did 7a0
[    0.494376] pciehp 0000:00:16.6:pcie04: service driver pciehp loaded
[    0.494439] pciehp 0000:00:16.7:pcie04: HPC vendor_id 15ad device_id 7a0 ss_vid 15ad ss_did 7a0
[    0.494497] pciehp 0000:00:16.7:pcie04: service driver pciehp loaded
[    0.494560] pciehp 0000:00:17.0:pcie04: HPC vendor_id 15ad device_id 7a0 ss_vid 15ad ss_did 7a0
[    0.494622] pciehp 0000:00:17.0:pcie04: service driver pciehp loaded
[    0.494684] pciehp 0000:00:17.1:pcie04: HPC vendor_id 15ad device_id 7a0 ss_vid 15ad ss_did 7a0
[    0.494742] pciehp 0000:00:17.1:pcie04: service driver pciehp loaded
[    0.494808] pciehp 0000:00:17.2:pcie04: HPC vendor_id 15ad device_id 7a0 ss_vid 15ad ss_did 7a0
[    0.494866] pciehp 0000:00:17.2:pcie04: service driver pciehp loaded
[    0.494930] pciehp 0000:00:17.3:pcie04: HPC vendor_id 15ad device_id 7a0 ss_vid 15ad ss_did 7a0
[    0.494989] pciehp 0000:00:17.3:pcie04: service driver pciehp loaded
[    0.495051] pciehp 0000:00:17.4:pcie04: HPC vendor_id 15ad device_id 7a0 ss_vid 15ad ss_did 7a0
[    0.495110] pciehp 0000:00:17.4:pcie04: service driver pciehp loaded
[    0.495172] pciehp 0000:00:17.5:pcie04: HPC vendor_id 15ad device_id 7a0 ss_vid 15ad ss_did 7a0
[    0.495233] pciehp 0000:00:17.5:pcie04: service driver pciehp loaded
[    0.495296] pciehp 0000:00:17.6:pcie04: HPC vendor_id 15ad device_id 7a0 ss_vid 15ad ss_did 7a0
[    0.495357] pciehp 0000:00:17.6:pcie04: service driver pciehp loaded
[    0.495420] pciehp 0000:00:17.7:pcie04: HPC vendor_id 15ad device_id 7a0 ss_vid 15ad ss_did 7a0
[    0.495479] pciehp 0000:00:17.7:pcie04: service driver pciehp loaded
[    0.495541] pciehp 0000:00:18.0:pcie04: HPC vendor_id 15ad device_id 7a0 ss_vid 15ad ss_did 7a0
[    0.495613] pciehp 0000:00:18.0:pcie04: service driver pciehp loaded
[    0.499728] pciehp 0000:00:18.1:pcie04: HPC vendor_id 15ad device_id 7a0 ss_vid 15ad ss_did 7a0
[    0.499792] pciehp 0000:00:18.1:pcie04: service driver pciehp loaded
[    0.499856] pciehp 0000:00:18.2:pcie04: HPC vendor_id 15ad device_id 7a0 ss_vid 15ad ss_did 7a0
[    0.499915] pciehp 0000:00:18.2:pcie04: service driver pciehp loaded
[    0.499979] pciehp 0000:00:18.3:pcie04: HPC vendor_id 15ad device_id 7a0 ss_vid 15ad ss_did 7a0
[    0.500038] pciehp 0000:00:18.3:pcie04: service driver pciehp loaded
[    0.500105] pciehp 0000:00:18.4:pcie04: HPC vendor_id 15ad device_id 7a0 ss_vid 15ad ss_did 7a0
[    0.500165] pciehp 0000:00:18.4:pcie04: service driver pciehp loaded
[    0.500228] pciehp 0000:00:18.5:pcie04: HPC vendor_id 15ad device_id 7a0 ss_vid 15ad ss_did 7a0
[    0.500287] pciehp 0000:00:18.5:pcie04: service driver pciehp loaded
[    0.500349] pciehp 0000:00:18.6:pcie04: HPC vendor_id 15ad device_id 7a0 ss_vid 15ad ss_did 7a0
[    0.500408] pciehp 0000:00:18.6:pcie04: service driver pciehp loaded
[    0.500474] pciehp 0000:00:18.7:pcie04: HPC vendor_id 15ad device_id 7a0 ss_vid 15ad ss_did 7a0
[    0.500540] pciehp 0000:00:18.7:pcie04: service driver pciehp loaded
[    0.500548] pciehp: PCI Express Hot Plug Controller Driver version: 0.4
[    0.500625] ACPI: Deprecated procfs I/F for AC is loaded, please retry with CONFIG_ACPI_PROCFS_POWER cleared
[    0.500706] ACPI: AC Adapter [ACAD] (on-line)
[    0.500776] input: Power Button as /devices/LNXSYSTM:00/LNXPWRBN:00/input/input0
[    0.500781] ACPI: Power Button [PWRF]
[    0.523700] ERST: Table is not found!
[    0.523703] GHES: HEST is not enabled!
[    0.523802] Serial: 8250/16550 driver, 32 ports, IRQ sharing enabled
[    0.547526] serial8250: ttyS0 at I/O 0x3f8 (irq = 4) is a 16550A
[    0.547560] isapnp: Scanning for PnP cards...
[    0.687325] serial8250: ttyS1 at I/O 0x2f8 (irq = 3) is a 16550A
[    0.735261] 00:0a: ttyS0 at I/O 0x3f8 (irq = 4) is a 16550A
[    0.823328] 00:0b: ttyS1 at I/O 0x2f8 (irq = 3) is a 16550A
[    0.843345] Linux agpgart interface v0.103
[    0.843422] agpgart-intel 0000:00:00.0: Intel 440BX Chipset
[    0.843532] agpgart-intel 0000:00:00.0: AGP aperture is 256M @ 0x0
[    0.844273] brd: module loaded
[    0.844850] loop: module loaded
[    0.844927] ata_piix 0000:00:07.1: version 2.13
[    0.847132] scsi0 : ata_piix
[    0.890782] scsi1 : ata_piix
[    0.890835] ata1: PATA max UDMA/33 cmd 0x1f0 ctl 0x3f6 bmdma 0x10c0 irq 14
[    0.890838] ata2: PATA max UDMA/33 cmd 0x170 ctl 0x376 bmdma 0x10c8 irq 15
[    0.890860] Fixed MDIO Bus: probed
[    0.890876] tun: Universal TUN/TAP device driver, 1.6
[    0.890890] tun: (C) 1999-2004 Max Krasnyansky <maxk@qualcomm.com>
[    0.890967] PPP generic driver version 2.4.2
[    0.890983] ehci_hcd: USB 2.0 'Enhanced' Host Controller (EHCI) Driver
[    0.891017] ehci_hcd 0000:02:03.0: PCI INT A -> Link[LNKB] -> GSI 11 (level, low) -> IRQ 11
[    0.891066] ehci_hcd 0000:02:03.0: EHCI Host Controller
[    0.891103] ehci_hcd 0000:02:03.0: new USB bus registered, assigned bus number 1
[    0.891156] ehci_hcd 0000:02:03.0: cache line size of 32 is not supported
[    0.891165] ehci_hcd 0000:02:03.0: irq 11, io mem 0xc9000000
[    0.938767] ehci_hcd 0000:02:03.0: USB 2.0 started, EHCI 1.00
[    1.034526] hub 1-0:1.0: USB hub found
[    1.034533] hub 1-0:1.0: 6 ports detected
[    1.034585] ohci_hcd: USB 1.1 'Open' Host Controller (OHCI) Driver
[    1.034606] uhci_hcd: USB Universal Host Controller Interface driver
[    1.034657] uhci_hcd 0000:02:00.0: PCI INT A -> Link[LNKC] -> GSI 10 (level, low) -> IRQ 10
[    1.034709] uhci_hcd 0000:02:00.0: UHCI Host Controller
[    1.034775] uhci_hcd 0000:02:00.0: new USB bus registered, assigned bus number 2
[    1.034911] uhci_hcd 0000:02:00.0: irq 10, io base 0x000020c0
[    1.035031] hub 2-0:1.0: USB hub found
[    1.035036] hub 2-0:1.0: 2 ports detected
[    1.035088] usbcore: registered new interface driver libusual
[    1.035140] i8042: PNP: PS/2 Controller [PNP0303:KBC,PNP0f13:MOUS] at 0x60,0x64 irq 1,12
[    1.035483] serio: i8042 KBD port at 0x60,0x64 irq 1
[    1.035493] serio: i8042 AUX port at 0x60,0x64 irq 12
[    1.035617] mousedev: PS/2 mouse device common for all mice
[    1.090501] rtc_cmos 00:04: rtc core: registered rtc_cmos as rtc0
[    1.090520] rtc0: alarms up to one month, y3k, 114 bytes nvram, hpet irqs
[    1.090573] device-mapper: uevent: version 1.0.3
[    1.090626] device-mapper: ioctl: 4.22.0-ioctl (2011-10-19) initialised: dm-devel@redhat.com
[    1.090676] EISA: Probing bus 0 at eisa.0
[    1.090679] EISA: Cannot allocate resource for mainboard
[    1.090681] Cannot allocate resource for EISA slot 1
[    1.090682] Cannot allocate resource for EISA slot 2
[    1.090684] Cannot allocate resource for EISA slot 3
[    1.090686] Cannot allocate resource for EISA slot 4
[    1.090687] Cannot allocate resource for EISA slot 5
[    1.090689] Cannot allocate resource for EISA slot 6
[    1.090690] Cannot allocate resource for EISA slot 7
[    1.090692] Cannot allocate resource for EISA slot 8
[    1.090694] EISA: Detected 0 cards.
[    1.090694] cpufreq-nforce2: No nForce2 chipset.
[    1.090695] cpuidle: using governor ladder
[    1.090695] cpuidle: using governor menu
[    1.090695] EFI Variables Facility v0.08 2004-May-17
[    1.090696] TCP cubic registered
[    1.090696] NET: Registered protocol family 10
[    1.090696] NET: Registered protocol family 17
[    1.090696] Registering the dns_resolver key type
[    1.090696] Using IPI No-Shortcut mode
[    1.090697] PM: Hibernation image not present or could not be loaded.
[    1.090697] registered taskstats version 1
[    1.095107] input: AT Translated Set 2 keyboard as /devices/platform/i8042/serio0/input/input1
[    1.142358] isapnp: No Plug & Play device found
[    1.142419] ata2.00: ATAPI: VMware Virtual IDE CDROM Drive, 00000001, max UDMA/33
[    1.150858] ata2.00: configured for UDMA/33
[    1.151212] scsi 1:0:0:0: CD-ROM            NECVMWar VMware IDE CDR10 1.00 PQ: 0 ANSI: 5
[    1.151712] sr0: scsi3-mmc drive: 306x/306x cd/rw xa/form2 cdda tray
[    1.151715] cdrom: Uniform CD-ROM driver Revision: 3.20
[    1.151805] sr 1:0:0:0: Attached scsi CD-ROM sr0
[    1.151851] sr 1:0:0:0: Attached scsi generic sg0 type 5
[    1.166669] Freeing initrd memory: 13836k freed
[    1.170666]   Magic number: 13:6:577
[    1.170670]   hash matches /build/buildd/linux-3.2.0/drivers/base/power/main.c:600
[    1.170779] rtc_cmos 00:04: setting system clock to 2013-05-27 09:33:16 UTC (1369647196)
[    1.170792] BIOS EDD facility v0.16 2004-Jun-25, 0 devices found
[    1.170793] EDD information not available.
[    1.170897] Freeing unused kernel memory: 740k freed
[    1.170949] Write protecting the kernel text: 5816k
[    1.170958] Write protecting the kernel read-only data: 2376k
[    1.170960] NX-protecting the kernel data: 4424k
[    1.181648] udevd[85]: starting version 175
[    1.202987] VMware vmxnet3 virtual NIC driver - version 1.1.29.0-k-NAPI
[    1.203739] VMware PVSCSI driver - version 1.0.1.0-k
[    1.209159] VMware vmxnet virtual NIC driver
[    1.209211] ACPI: PCI Interrupt Link [LNKD] enabled at IRQ 5
[    1.209215] PCI: setting IRQ 5 as level-triggered
[    1.209221] vmxnet 0000:02:01.0: PCI INT A -> Link[LNKD] -> GSI 5 (level, low) -> IRQ 5
[    1.209274] Found vmxnet/PCI at 0x2024, irq 5.
[    1.209326] features:
[    1.209340] numRxBuffers = 100, numRxBuffers2 = 1
[    1.209393] vmxnet 0000:02:01.0: eth0: set_features() failed (-1); wanted 0x00004000, left 0x00004800
[    1.235747] Fusion MPT base driver 3.04.20
[    1.235749] Copyright (c) 1999-2008 LSI Corporation
[    1.235935] Fusion MPT SPI Host driver 3.04.20
[    1.235982] mptspi 0000:00:10.0: PCI INT A -> Link[LNKB] -> GSI 11 (level, low) -> IRQ 11
[    1.242619] mptbase: ioc0: Initiating bringup
[    1.254640] Floppy drive(s): fd0 is 1.44M
[    1.270761] FDC 0 is a post-1991 82077
[    1.314451] ioc0: LSI53C1030 B0: Capabilities={Initiator}
[    1.362347] usb 2-1: new full-speed USB device number 2 using uhci_hcd
[    1.474331] scsi2 : ioc0: LSI53C1030 B0, FwRev=01032920h, Ports=1, MaxQ=128, IRQ=11
[    1.494613] input: VMware VMware Virtual USB Mouse as /devices/pci0000:00/0000:00:11.0/0000:02:00.0/usb2/2-1/2-1:1.0/input/input2
[    1.494784] generic-usb 0003:0E0F:0003.0001: input,hidraw0: USB HID v1.10 Mouse [VMware VMware Virtual USB Mouse] on usb-0000:02:00.0-1/input0
[    1.495263] input: VMware VMware Virtual USB Mouse as /devices/pci0000:00/0000:00:11.0/0000:02:00.0/usb2/2-1/2-1:1.1/input/input3
[    1.495425] generic-usb 0003:0E0F:0003.0002: input,hidraw1: USB HID v1.10 Mouse [VMware VMware Virtual USB Mouse] on usb-0000:02:00.0-1/input1
[    1.495437] usbcore: registered new interface driver usbhid
[    1.495438] usbhid: USB HID core driver
[    1.586771] scsi 2:0:0:0: Direct-Access     VMware,  VMware Virtual S 1.0  PQ: 0 ANSI: 2
[    1.586779] scsi target2:0:0: Beginning Domain Validation
[    1.587354] scsi target2:0:0: Domain Validation skipping write tests
[    1.587357] scsi target2:0:0: Ending Domain Validation
[    1.587410] scsi target2:0:0: FAST-40 WIDE SCSI 80.0 MB/s ST (25 ns, offset 127)
[    1.589402] sd 2:0:0:0: [sda] 41943040 512-byte logical blocks: (21.4 GB/20.0 GiB)
[    1.589459] sd 2:0:0:0: [sda] Write Protect is off
[    1.589462] sd 2:0:0:0: [sda] Mode Sense: 61 00 00 00
[    1.589517] sd 2:0:0:0: [sda] Cache data unavailable
[    1.589519] sd 2:0:0:0: [sda] Assuming drive cache: write through
[    1.589825] sd 2:0:0:0: [sda] Cache data unavailable
[    1.589827] sd 2:0:0:0: [sda] Assuming drive cache: write through
[    1.589965] sd 2:0:0:0: Attached scsi generic sg1 type 0
[    1.590569]  sda: sda1 sda2 < sda5 >
[    1.590910] sd 2:0:0:0: [sda] Cache data unavailable
[    1.590913] sd 2:0:0:0: [sda] Assuming drive cache: write through
[    1.590915] sd 2:0:0:0: [sda] Attached SCSI disk
[    1.601996] usb 2-2: new full-speed USB device number 3 using uhci_hcd
[    1.634442] EXT4-fs (sda1): INFO: recovery required on readonly filesystem
[    1.634447] EXT4-fs (sda1): write access will be enabled during recovery
[    1.741877] hub 2-2:1.0: USB hub found
[    1.744259] hub 2-2:1.0: 7 ports detected
[    1.801509] EXT4-fs (sda1): recovery complete
[    1.802073] EXT4-fs (sda1): mounted filesystem with ordered data mode. Opts: (null)
[    3.237536] ADDRCONF(NETDEV_UP): eth0: link is not ready
[    3.251905] udevd[326]: starting version 175
[    3.292419] lp: driver loaded but no devices found
[    3.309042] Adding 1046524k swap on /dev/sda5.  Priority:-1 extents:1 across:1046524k 
[    3.392211] EXT4-fs (sda1): re-mounted. Opts: errors=remount-ro
[    3.410234] shpchp: Standard Hot Plug PCI Controller Driver version: 0.4
[    3.437527] piix4_smbus 0000:00:07.3: Host SMBus controller not enabled!
[    3.447247] [394]: VMCI: shared components initialized.
[    3.447247] Probing for vmci/PCI.
[    3.449078] ACPI: PCI Interrupt Link [LNKA] enabled at IRQ 9
[    3.449082] PCI: setting IRQ 9 as level-triggered
[    3.449088] vmci 0000:00:07.7: PCI INT A -> Link[LNKA] -> GSI 9 (level, low) -> IRQ 9
[    3.449126] Found vmci/PCI at 0x1080, irq 9.
[    3.449159] VMCI: using capabilities 0xc.
[    3.449223] [394]: VMCI: Host capability check passed.
[    3.449452] vmci 0000:00:07.7: irq 72 for MSI/MSI-X
[    3.449480] vmci 0000:00:07.7: irq 73 for MSI/MSI-X
[    3.449654] Registered vmci device.
[    3.474282] [394]: VMCI: Using guest personality
[    3.474287] [394]: VMCI: host components initialized.
[    3.475304] [394]: VMCI: Module registered (name=vmci,major=10,minor=57).
[    3.475307] [394]: VMCI: Using host personality
[    3.475309] [394]: VMCI: Module (name=vmci) is initialized
[    3.510887] Bluetooth: Core ver 2.16
[    3.512608] NET: Registered protocol family 31
[    3.512611] Bluetooth: HCI device and connection manager initialized
[    3.512613] Bluetooth: HCI socket layer initialized
[    3.512615] Bluetooth: L2CAP socket layer initialized
[    3.512620] Bluetooth: SCO socket layer initialized
[    3.527038] ppdev: user-space parallel port driver
[    3.531867] parport_pc 00:09: reported by Plug and Play ACPI
[    3.532058] parport0: PC-style at 0x378, irq 7 [PCSPP,TRISTATE]
[    3.533868] Bluetooth: BNEP (Ethernet Emulation) ver 1.3
[    3.533870] Bluetooth: BNEP filters: protocol multicast
[    3.547410] Bluetooth: RFCOMM TTY layer initialized
[    3.547415] Bluetooth: RFCOMM socket layer initialized
[    3.547417] Bluetooth: RFCOMM ver 1.11
[    3.627188] lp0: using parport0 (interrupt-driven).
[    3.638270] type=1400 audit(1369647198.966:2): apparmor="STATUS" operation="profile_load" name="/usr/lib/cups/backend/cups-pdf" pid=581 comm="apparmor_parser"
[    3.639456] type=1400 audit(1369647198.970:3): apparmor="STATUS" operation="profile_load" name="/usr/sbin/cupsd" pid=581 comm="apparmor_parser"
[    3.712368] type=1400 audit(1369647199.042:4): apparmor="STATUS" operation="profile_load" name="/sbin/dhclient" pid=603 comm="apparmor_parser"
[    3.712825] type=1400 audit(1369647199.042:5): apparmor="STATUS" operation="profile_load" name="/usr/lib/NetworkManager/nm-dhcp-client.action" pid=603 comm="apparmor_parser"
[    3.713020] type=1400 audit(1369647199.042:6): apparmor="STATUS" operation="profile_load" name="/usr/lib/connman/scripts/dhclient-script" pid=603 comm="apparmor_parser"
[    3.935635] input: ImPS/2 Generic Wheel Mouse as /devices/platform/i8042/serio1/input/input4
[    3.970311] init: failsafe main process (662) killed by TERM signal
[    4.057073] type=1400 audit(1369647199.386:7): apparmor="STATUS" operation="profile_load" name="/usr/lib/lightdm/lightdm/lightdm-guest-session-wrapper" pid=776 comm="apparmor_parser"
[    4.058961] type=1400 audit(1369647199.390:8): apparmor="STATUS" operation="profile_replace" name="/sbin/dhclient" pid=778 comm="apparmor_parser"
[    4.059027] type=1400 audit(1369647199.390:9): apparmor="STATUS" operation="profile_replace" name="/usr/lib/NetworkManager/nm-dhcp-client.action" pid=778 comm="apparmor_parser"
[    4.059078] type=1400 audit(1369647199.390:10): apparmor="STATUS" operation="profile_replace" name="/usr/lib/connman/scripts/dhclient-script" pid=778 comm="apparmor_parser"
[    4.081866] snd_ens1371 0000:02:02.0: PCI INT A -> Link[LNKA] -> GSI 9 (level, low) -> IRQ 9
[    4.337888] init: alsa-restore main process (859) terminated with status 19
