[    0.000000] Initializing cgroup subsys cpuset
[    0.000000] Initializing cgroup subsys cpu
[    0.000000] Linux version 3.2.0-29-generic-pae (buildd@roseapple) (gcc version 4.6.3 (Ubuntu/Linaro 4.6.3-1ubuntu5) ) #46-Ubuntu SMP Fri Jul 27 17:25:43 UTC 2012 (Ubuntu 3.2.0-29.46-generic-pae 3.2.24)
[    0.000000] KERNEL supported cpus:
[    0.000000]   Intel GenuineIntel
[    0.000000]   AMD AuthenticAMD
[    0.000000]   NSC Geode by NSC
[    0.000000]   Cyrix CyrixInstead
[    0.000000]   Centaur CentaurHauls
[    0.000000]   Transmeta GenuineTMx86
[    0.000000]   Transmeta TransmetaCPU
[    0.000000]   UMC UMC UMC UMC
[    0.000000] Disabled fast string operations
[    0.000000] BIOS-provided physical RAM map:
[    0.000000]  BIOS-e820: 0000000000000000 - 000000000009f000 (usable)
[    0.000000]  BIOS-e820: 000000000009f000 - 00000000000a0000 (reserved)
[    0.000000]  BIOS-e820: 00000000000ca000 - 00000000000cc000 (reserved)
[    0.000000]  BIOS-e820: 00000000000dc000 - 0000000000100000 (reserved)
[    0.000000]  BIOS-e820: 0000000000100000 - 000000003fee0000 (usable)
[    0.000000]  BIOS-e820: 000000003fee0000 - 000000003feff000 (ACPI data)
[    0.000000]  BIOS-e820: 000000003feff000 - 000000003ff00000 (ACPI NVS)
[    0.000000]  BIOS-e820: 000000003ff00000 - 0000000040000000 (usable)
[    0.000000]  BIOS-e820: 00000000e0000000 - 00000000f0000000 (reserved)
[    0.000000]  BIOS-e820: 00000000fec00000 - 00000000fec10000 (reserved)
[    0.000000]  BIOS-e820: 00000000fee00000 - 00000000fee01000 (reserved)
[    0.000000]  BIOS-e820: 00000000fffe0000 - 0000000100000000 (reserved)
[    0.000000] NX (Execute Disable) protection: active
[    0.000000] DMI present.
[    0.000000] DMI: VMware, Inc. VMware Virtual Platform/440BX Desktop Reference Platform, BIOS 6.00 07/02/2012
[    0.000000] Hypervisor detected: VMware
[    0.000000] e820 update range: 0000000000000000 - 0000000000010000 (usable) ==> (reserved)
[    0.000000] e820 remove range: 00000000000a0000 - 0000000000100000 (usable)
[    0.000000] last_pfn = 0x40000 max_arch_pfn = 0x1000000
[    0.000000] MTRR default type: uncachable
[    0.000000] MTRR fixed ranges enabled:
[    0.000000]   00000-9FFFF write-back
[    0.000000]   A0000-BFFFF uncachable
[    0.000000]   C0000-CBFFF write-protect
[    0.000000]   CC000-EFFFF uncachable
[    0.000000]   F0000-FFFFF write-protect
[    0.000000] MTRR variable ranges enabled:
[    0.000000]   0 base 0000000000 mask FFC0000000 write-back
[    0.000000]   1 disabled
[    0.000000]   2 disabled
[    0.000000]   3 disabled
[    0.000000]   4 disabled
[    0.000000]   5 disabled
[    0.000000]   6 disabled
[    0.000000]   7 disabled
[    0.000000] x86 PAT enabled: cpu 0, old 0x0, new 0x7010600070106
[    0.000000] found SMP MP-table at [c00f6bf0] f6bf0
[    0.000000] initial memory mapped : 0 - 02000000
[    0.000000] Base memory trampoline at [c009b000] 9b000 size 16384
[    0.000000] init_memory_mapping: 0000000000000000-0000000037bfe000
[    0.000000]  0000000000 - 0000200000 page 4k
[    0.000000]  0000200000 - 0037a00000 page 2M
[    0.000000]  0037a00000 - 0037bfe000 page 4k
[    0.000000] kernel direct mapping tables up to 37bfe000 @ 1ffb000-2000000
[    0.000000] RAMDISK: 364ea000 - 3726d000
[    0.000000] ACPI: RSDP 000f6b80 00024 (v02 PTLTD )
[    0.000000] ACPI: XSDT 3feed636 0005C (v01 INTEL  440BX    06040000 VMW  01324272)
[    0.000000] ACPI: FACP 3fefee98 000F4 (v04 INTEL  440BX    06040000 PTL  000F4240)
[    0.000000] ACPI: DSDT 3feee366 10B32 (v01 PTLTD  Custom   06040000 MSFT 03000001)
[    0.000000] ACPI: FACS 3fefffc0 00040
[    0.000000] ACPI: BOOT 3feee33e 00028 (v01 PTLTD  $SBFTBL$ 06040000  LTP 00000001)
[    0.000000] ACPI: APIC 3feedc3e 003C2 (v01 PTLTD  ? APIC   06040000  LTP 00000000)
[    0.000000] ACPI: MCFG 3feedc02 0003C (v01 PTLTD  $PCITBL$ 06040000  LTP 00000001)
[    0.000000] ACPI: SRAT 3feed732 004D0 (v02 VMWARE MEMPLUG  06040000 VMW  00000001)
[    0.000000] ACPI: HPET 3feed6fa 00038 (v01 VMWARE VMW HPET 06040000 VMW  00000001)
[    0.000000] ACPI: WAET 3feed6d2 00028 (v01 VMWARE VMW WAET 06040000 VMW  00000001)
[    0.000000] ACPI: Local APIC address 0xfee00000
[    0.000000] 132MB HIGHMEM available.
[    0.000000] 891MB LOWMEM available.
[    0.000000]   mapped low ram: 0 - 37bfe000
[    0.000000]   low ram: 0 - 37bfe000
[    0.000000] Zone PFN ranges:
[    0.000000]   DMA      0x00000010 -> 0x00001000
[    0.000000]   Normal   0x00001000 -> 0x00037bfe
[    0.000000]   HighMem  0x00037bfe -> 0x00040000
[    0.000000] Movable zone start PFN for each node
[    0.000000] early_node_map[3] active PFN ranges
[    0.000000]     0: 0x00000010 -> 0x0000009f
[    0.000000]     0: 0x00000100 -> 0x0003fee0
[    0.000000]     0: 0x0003ff00 -> 0x00040000
[    0.000000] On node 0 totalpages: 261999
[    0.000000] free_area_init_node: node 0, pgdat c1866a40, node_mem_map f73fd200
[    0.000000]   DMA zone: 32 pages used for memmap
[    0.000000]   DMA zone: 0 pages reserved
[    0.000000]   DMA zone: 3951 pages, LIFO batch:0
[    0.000000]   Normal zone: 1752 pages used for memmap
[    0.000000]   Normal zone: 222502 pages, LIFO batch:31
[    0.000000]   HighMem zone: 265 pages used for memmap
[    0.000000]   HighMem zone: 33497 pages, LIFO batch:7
[    0.000000] Using APIC driver default
[    0.000000] ACPI: PM-Timer IO Port: 0x1008
[    0.000000] ACPI: Local APIC address 0xfee00000
[    0.000000] ACPI: LAPIC (acpi_id[0x00] lapic_id[0x00] enabled)
[    0.000000] ACPI: LAPIC (acpi_id[0x01] lapic_id[0x02] disabled)
[    0.000000] ACPI: LAPIC (acpi_id[0x02] lapic_id[0x04] disabled)
[    0.000000] ACPI: LAPIC (acpi_id[0x03] lapic_id[0x06] disabled)
[    0.000000] ACPI: LAPIC (acpi_id[0x04] lapic_id[0x08] disabled)
[    0.000000] ACPI: LAPIC (acpi_id[0x05] lapic_id[0x0a] disabled)
[    0.000000] ACPI: LAPIC (acpi_id[0x06] lapic_id[0x0c] disabled)
[    0.000000] ACPI: LAPIC (acpi_id[0x07] lapic_id[0x0e] disabled)
[    0.000000] ACPI: LAPIC (acpi_id[0x08] lapic_id[0x10] disabled)
[    0.000000] ACPI: LAPIC (acpi_id[0x09] lapic_id[0x12] disabled)
[    0.000000] ACPI: LAPIC (acpi_id[0x0a] lapic_id[0x14] disabled)
[    0.000000] ACPI: LAPIC (acpi_id[0x0b] lapic_id[0x16] disabled)
[    0.000000] ACPI: LAPIC (acpi_id[0x0c] lapic_id[0x18] disabled)
[    0.000000] ACPI: LAPIC (acpi_id[0x0d] lapic_id[0x1a] disabled)
[    0.000000] ACPI: LAPIC (acpi_id[0x0e] lapic_id[0x1c] disabled)
[    0.000000] ACPI: LAPIC (acpi_id[0x0f] lapic_id[0x1e] disabled)
[    0.000000] ACPI: LAPIC (acpi_id[0x10] lapic_id[0x20] disabled)
[    0.000000] ACPI: LAPIC (acpi_id[0x11] lapic_id[0x22] disabled)
[    0.000000] ACPI: LAPIC (acpi_id[0x12] lapic_id[0x24] disabled)
[    0.000000] ACPI: LAPIC (acpi_id[0x13] lapic_id[0x26] disabled)
[    0.000000] ACPI: LAPIC (acpi_id[0x14] lapic_id[0x28] disabled)
[    0.000000] ACPI: LAPIC (acpi_id[0x15] lapic_id[0x2a] disabled)
[    0.000000] ACPI: LAPIC (acpi_id[0x16] lapic_id[0x2c] disabled)
[    0.000000] ACPI: LAPIC (acpi_id[0x17] lapic_id[0x2e] disabled)
[    0.000000] ACPI: LAPIC (acpi_id[0x18] lapic_id[0x30] disabled)
[    0.000000] ACPI: LAPIC (acpi_id[0x19] lapic_id[0x32] disabled)
[    0.000000] ACPI: LAPIC (acpi_id[0x1a] lapic_id[0x34] disabled)
[    0.000000] ACPI: LAPIC (acpi_id[0x1b] lapic_id[0x36] disabled)
[    0.000000] ACPI: LAPIC (acpi_id[0x1c] lapic_id[0x38] disabled)
[    0.000000] ACPI: LAPIC (acpi_id[0x1d] lapic_id[0x3a] disabled)
[    0.000000] ACPI: LAPIC (acpi_id[0x1e] lapic_id[0x3c] disabled)
[    0.000000] ACPI: LAPIC (acpi_id[0x1f] lapic_id[0x3e] disabled)
[    0.000000] ACPI: LAPIC (acpi_id[0x20] lapic_id[0x40] disabled)
[    0.000000] ACPI: LAPIC (acpi_id[0x21] lapic_id[0x42] disabled)
[    0.000000] ACPI: LAPIC (acpi_id[0x22] lapic_id[0x44] disabled)
[    0.000000] ACPI: LAPIC (acpi_id[0x23] lapic_id[0x46] disabled)
[    0.000000] ACPI: LAPIC (acpi_id[0x24] lapic_id[0x48] disabled)
[    0.000000] ACPI: LAPIC (acpi_id[0x25] lapic_id[0x4a] disabled)
[    0.000000] ACPI: LAPIC (acpi_id[0x26] lapic_id[0x4c] disabled)
[    0.000000] ACPI: LAPIC (acpi_id[0x27] lapic_id[0x4e] disabled)
[    0.000000] ACPI: LAPIC (acpi_id[0x28] lapic_id[0x50] disabled)
[    0.000000] ACPI: LAPIC (acpi_id[0x29] lapic_id[0x52] disabled)
[    0.000000] ACPI: LAPIC (acpi_id[0x2a] lapic_id[0x54] disabled)
[    0.000000] ACPI: LAPIC (acpi_id[0x2b] lapic_id[0x56] disabled)
[    0.000000] ACPI: LAPIC (acpi_id[0x2c] lapic_id[0x58] disabled)
[    0.000000] ACPI: LAPIC (acpi_id[0x2d] lapic_id[0x5a] disabled)
[    0.000000] ACPI: LAPIC (acpi_id[0x2e] lapic_id[0x5c] disabled)
[    0.000000] ACPI: LAPIC (acpi_id[0x2f] lapic_id[0x5e] disabled)
[    0.000000] ACPI: LAPIC (acpi_id[0x30] lapic_id[0x60] disabled)
[    0.000000] ACPI: LAPIC (acpi_id[0x31] lapic_id[0x62] disabled)
[    0.000000] ACPI: LAPIC (acpi_id[0x32] lapic_id[0x64] disabled)
[    0.000000] ACPI: LAPIC (acpi_id[0x33] lapic_id[0x66] disabled)
[    0.000000] ACPI: LAPIC (acpi_id[0x34] lapic_id[0x68] disabled)
[    0.000000] ACPI: LAPIC (acpi_id[0x35] lapic_id[0x6a] disabled)
[    0.000000] ACPI: LAPIC (acpi_id[0x36] lapic_id[0x6c] disabled)
[    0.000000] ACPI: LAPIC (acpi_id[0x37] lapic_id[0x6e] disabled)
[    0.000000] ACPI: LAPIC (acpi_id[0x38] lapic_id[0x70] disabled)
[    0.000000] ACPI: LAPIC (acpi_id[0x39] lapic_id[0x72] disabled)
[    0.000000] ACPI: LAPIC (acpi_id[0x3a] lapic_id[0x74] disabled)
[    0.000000] ACPI: LAPIC (acpi_id[0x3b] lapic_id[0x76] disabled)
[    0.000000] ACPI: LAPIC (acpi_id[0x3c] lapic_id[0x78] disabled)
[    0.000000] ACPI: LAPIC (acpi_id[0x3d] lapic_id[0x7a] disabled)
[    0.000000] ACPI: LAPIC (acpi_id[0x3e] lapic_id[0x7c] disabled)
[    0.000000] ACPI: LAPIC (acpi_id[0x3f] lapic_id[0x7e] disabled)
[    0.000000] ACPI: LAPIC_NMI (acpi_id[0x00] high edge lint[0x1])
[    0.000000] ACPI: LAPIC_NMI (acpi_id[0x01] high edge lint[0x1])
[    0.000000] ACPI: LAPIC_NMI (acpi_id[0x02] high edge lint[0x1])
[    0.000000] ACPI: LAPIC_NMI (acpi_id[0x03] high edge lint[0x1])
[    0.000000] ACPI: LAPIC_NMI (acpi_id[0x04] high edge lint[0x1])
[    0.000000] ACPI: LAPIC_NMI (acpi_id[0x05] high edge lint[0x1])
[    0.000000] ACPI: LAPIC_NMI (acpi_id[0x06] high edge lint[0x1])
[    0.000000] ACPI: LAPIC_NMI (acpi_id[0x07] high edge lint[0x1])
[    0.000000] ACPI: LAPIC_NMI (acpi_id[0x08] high edge lint[0x1])
[    0.000000] ACPI: LAPIC_NMI (acpi_id[0x09] high edge lint[0x1])
[    0.000000] ACPI: LAPIC_NMI (acpi_id[0x0a] high edge lint[0x1])
[    0.000000] ACPI: LAPIC_NMI (acpi_id[0x0b] high edge lint[0x1])
[    0.000000] ACPI: LAPIC_NMI (acpi_id[0x0c] high edge lint[0x1])
[    0.000000] ACPI: LAPIC_NMI (acpi_id[0x0d] high edge lint[0x1])
[    0.000000] ACPI: LAPIC_NMI (acpi_id[0x0e] high edge lint[0x1])
[    0.000000] ACPI: LAPIC_NMI (acpi_id[0x0f] high edge lint[0x1])
[    0.000000] ACPI: LAPIC_NMI (acpi_id[0x10] high edge lint[0x1])
[    0.000000] ACPI: LAPIC_NMI (acpi_id[0x11] high edge lint[0x1])
[    0.000000] ACPI: LAPIC_NMI (acpi_id[0x12] high edge lint[0x1])
[    0.000000] ACPI: LAPIC_NMI (acpi_id[0x13] high edge lint[0x1])
[    0.000000] ACPI: LAPIC_NMI (acpi_id[0x14] high edge lint[0x1])
[    0.000000] ACPI: LAPIC_NMI (acpi_id[0x15] high edge lint[0x1])
[    0.000000] ACPI: LAPIC_NMI (acpi_id[0x16] high edge lint[0x1])
[    0.000000] ACPI: LAPIC_NMI (acpi_id[0x17] high edge lint[0x1])
[    0.000000] ACPI: LAPIC_NMI (acpi_id[0x18] high edge lint[0x1])
[    0.000000] ACPI: LAPIC_NMI (acpi_id[0x19] high edge lint[0x1])
[    0.000000] ACPI: LAPIC_NMI (acpi_id[0x1a] high edge lint[0x1])
[    0.000000] ACPI: LAPIC_NMI (acpi_id[0x1b] high edge lint[0x1])
[    0.000000] ACPI: LAPIC_NMI (acpi_id[0x1c] high edge lint[0x1])
[    0.000000] ACPI: LAPIC_NMI (acpi_id[0x1d] high edge lint[0x1])
[    0.000000] ACPI: LAPIC_NMI (acpi_id[0x1e] high edge lint[0x1])
[    0.000000] ACPI: LAPIC_NMI (acpi_id[0x1f] high edge lint[0x1])
[    0.000000] ACPI: LAPIC_NMI (acpi_id[0x20] high edge lint[0x1])
[    0.000000] ACPI: LAPIC_NMI (acpi_id[0x21] high edge lint[0x1])
[    0.000000] ACPI: LAPIC_NMI (acpi_id[0x22] high edge lint[0x1])
[    0.000000] ACPI: LAPIC_NMI (acpi_id[0x23] high edge lint[0x1])
[    0.000000] ACPI: LAPIC_NMI (acpi_id[0x24] high edge lint[0x1])
[    0.000000] ACPI: LAPIC_NMI (acpi_id[0x25] high edge lint[0x1])
[    0.000000] ACPI: LAPIC_NMI (acpi_id[0x26] high edge lint[0x1])
[    0.000000] ACPI: LAPIC_NMI (acpi_id[0x27] high edge lint[0x1])
[    0.000000] ACPI: LAPIC_NMI (acpi_id[0x28] high edge lint[0x1])
[    0.000000] ACPI: LAPIC_NMI (acpi_id[0x29] high edge lint[0x1])
[    0.000000] ACPI: LAPIC_NMI (acpi_id[0x2a] high edge lint[0x1])
[    0.000000] ACPI: LAPIC_NMI (acpi_id[0x2b] high edge lint[0x1])
[    0.000000] ACPI: LAPIC_NMI (acpi_id[0x2c] high edge lint[0x1])
[    0.000000] ACPI: LAPIC_NMI (acpi_id[0x2d] high edge lint[0x1])
[    0.000000] ACPI: LAPIC_NMI (acpi_id[0x2e] high edge lint[0x1])
[    0.000000] ACPI: LAPIC_NMI (acpi_id[0x2f] high edge lint[0x1])
[    0.000000] ACPI: LAPIC_NMI (acpi_id[0x30] high edge lint[0x1])
[    0.000000] ACPI: LAPIC_NMI (acpi_id[0x31] high edge lint[0x1])
[    0.000000] ACPI: LAPIC_NMI (acpi_id[0x32] high edge lint[0x1])
[    0.000000] ACPI: LAPIC_NMI (acpi_id[0x33] high edge lint[0x1])
[    0.000000] ACPI: LAPIC_NMI (acpi_id[0x34] high edge lint[0x1])
[    0.000000] ACPI: LAPIC_NMI (acpi_id[0x35] high edge lint[0x1])
[    0.000000] ACPI: LAPIC_NMI (acpi_id[0x36] high edge lint[0x1])
[    0.000000] ACPI: LAPIC_NMI (acpi_id[0x37] high edge lint[0x1])
[    0.000000] ACPI: LAPIC_NMI (acpi_id[0x38] high edge lint[0x1])
[    0.000000] ACPI: LAPIC_NMI (acpi_id[0x39] high edge lint[0x1])
[    0.000000] ACPI: LAPIC_NMI (acpi_id[0x3a] high edge lint[0x1])
[    0.000000] ACPI: LAPIC_NMI (acpi_id[0x3b] high edge lint[0x1])
[    0.000000] ACPI: LAPIC_NMI (acpi_id[0x3c] high edge lint[0x1])
[    0.000000] ACPI: LAPIC_NMI (acpi_id[0x3d] high edge lint[0x1])
[    0.000000] ACPI: LAPIC_NMI (acpi_id[0x3e] high edge lint[0x1])
[    0.000000] ACPI: LAPIC_NMI (acpi_id[0x3f] high edge lint[0x1])
[    0.000000] ACPI: Skipping IOAPIC probe due to 'noapic' option.
[    0.000000] Using ACPI for processor (LAPIC) configuration information
[    0.000000] ACPI: HPET id: 0x8086af01 base: 0xfed00000
[    0.000000] Intel MultiProcessor Specification v1.4
[    0.000000]     Virtual Wire compatibility mode.
[    0.000000] MPTABLE: OEM ID: INTEL   
[    0.000000] MPTABLE: Product ID: 440BX       
[    0.000000] MPTABLE: APIC at: 0xFEE00000
[    0.000000] IOAPIC[0]: apic_id 1, version 17, address 0xfec00000, GSI 0-23
[    0.000000] Processors: 1
[    0.000000] SMP: Allowing 1 CPUs, 0 hotplug CPUs
[    0.000000] nr_irqs_gsi: 40
[    0.000000] PM: Registered nosave memory: 000000000009f000 - 00000000000a0000
[    0.000000] PM: Registered nosave memory: 00000000000a0000 - 00000000000ca000
[    0.000000] PM: Registered nosave memory: 00000000000ca000 - 00000000000cc000
[    0.000000] PM: Registered nosave memory: 00000000000cc000 - 00000000000dc000
[    0.000000] PM: Registered nosave memory: 00000000000dc000 - 0000000000100000
[    0.000000] Allocating PCI resources starting at 40000000 (gap: 40000000:a0000000)
[    0.000000] Booting paravirtualized kernel on bare hardware
[    0.000000] setup_percpu: NR_CPUS:8 nr_cpumask_bits:8 nr_cpu_ids:1 nr_node_ids:1
[    0.000000] PERCPU: Embedded 14 pages/cpu @f73e8000 s34240 r0 d23104 u57344
[    0.000000] pcpu-alloc: s34240 r0 d23104 u57344 alloc=14*4096
[    0.000000] pcpu-alloc: [0] 0 
[    0.000000] Built 1 zonelists in Zone order, mobility grouping on.  Total pages: 259950
[    0.000000] Kernel command line: BOOT_IMAGE=/boot/vmlinuz-3.2.0-29-generic-pae root=UUID=007b598c-390d-4c65-84a1-4ff752d48633 ro quiet splash maxcpus=0
[    0.000000] PID hash table entries: 4096 (order: 2, 16384 bytes)
[    0.000000] Dentry cache hash table entries: 131072 (order: 7, 524288 bytes)
[    0.000000] Inode-cache hash table entries: 65536 (order: 6, 262144 bytes)
[    0.000000] Initializing CPU#0
[    0.000000] xsave/xrstor: enabled xstate_bv 0x7, cntxt size 0x340
[    0.000000] allocated 4194048 bytes of page_cgroup
[    0.000000] please try 'cgroup_disable=memory' option if you don't want memory cgroups
[    0.000000] Initializing HighMem for node 0 (00037bfe:00040000)
[    0.000000] Memory: 1010624k/1048576k available (5814k kernel code, 37372k reserved, 2841k data, 740k init, 135048k highmem)
[    0.000000] virtual kernel memory layout:
[    0.000000]     fixmap  : 0xfff16000 - 0xfffff000   ( 932 kB)
[    0.000000]     pkmap   : 0xffc00000 - 0xffe00000   (2048 kB)
[    0.000000]     vmalloc : 0xf83fe000 - 0xffbfe000   ( 120 MB)
[    0.000000]     lowmem  : 0xc0000000 - 0xf7bfe000   ( 891 MB)
[    0.000000]       .init : 0xc1875000 - 0xc192e000   ( 740 kB)
[    0.000000]       .data : 0xc15adb64 - 0xc1874240   (2841 kB)
[    0.000000]       .text : 0xc1000000 - 0xc15adb64   (5814 kB)
[    0.000000] Checking if this processor honours the WP bit even in supervisor mode...Ok.
[    0.000000] SLUB: Genslabs=15, HWalign=64, Order=0-3, MinObjects=0, CPUs=1, Nodes=1
[    0.000000] Hierarchical RCU implementation.
[    0.000000] 	RCU dyntick-idle grace-period acceleration is enabled.
[    0.000000] NR_IRQS:2304 nr_irqs:256 16
[    0.000000] CPU 0 irqstacks, hard=f5c08000 soft=f5c0a000
[    0.000000] Extended CMOS year: 2000
[    0.000000] Console: colour VGA+ 80x25
[    0.000000] console [tty0] enabled
[    0.000000] hpet clockevent registered
[    0.000000] TSC freq read from hypervisor : 2394.620 MHz
[    0.000000] Detected 2394.620 MHz processor.
[    0.000001] Calibrating delay loop (skipped) preset value.. 4789.24 BogoMIPS (lpj=9578480)
[    0.000003] pid_max: default: 32768 minimum: 301
[    0.000018] Security Framework initialized
[    0.000032] AppArmor: AppArmor initialized
[    0.000033] Yama: becoming mindful.
[    0.000069] Mount-cache hash table entries: 512
[    0.000146] Initializing cgroup subsys cpuacct
[    0.000150] Initializing cgroup subsys memory
[    0.000154] Initializing cgroup subsys devices
[    0.000156] Initializing cgroup subsys freezer
[    0.000157] Initializing cgroup subsys blkio
[    0.000162] Initializing cgroup subsys perf_event
[    0.000205] Disabled fast string operations
[    0.000208] CPU: Physical Processor ID: 0
[    0.000217] ENERGY_PERF_BIAS: Set to 'normal', was 'performance'
[    0.000218] ENERGY_PERF_BIAS: View and update with x86_energy_perf_policy(8)
[    0.000863] mce: CPU supports 0 MCE banks
[    0.001598] SMP alternatives: switching to UP code
[    0.018373] Freeing SMP alternatives: 24k freed
[    0.018379] ACPI: Core revision 20110623
[    0.024513] ACPI: setting ELCR to 0200 (from 0e20)
[    0.025535] ftrace: allocating 26545 entries in 52 pages
[    0.048346] SMP mode deactivated.
[    0.048375] SMP disabled
[    0.048377] Performance Events: generic architected perfmon v1, core PMU driver.
[    0.048389] ... version:                1
[    0.048390] ... bit width:              48
[    0.048391] ... generic registers:      4
[    0.048392] ... value mask:             0000ffffffffffff
[    0.048393] ... max period:             000000007fffffff
[    0.048394] ... fixed-purpose events:   0
[    0.048395] ... event mask:             000000000000000f
[    0.048486] NMI watchdog enabled, takes one hw-pmu counter.
[    0.048505] Brought up 1 CPUs
[    0.048507] Total of 1 processors activated (4789.24 BogoMIPS).
[    0.048615] devtmpfs: initialized
[    0.048685] EVM: security.selinux
[    0.048686] EVM: security.SMACK64
[    0.048687] EVM: security.capability
[    0.048712] PM: Registering ACPI NVS region at 3feff000 (4096 bytes)
[    0.049434] print_constraints: dummy: 
[    0.049509] RTC time: 11:27:53, date: 05/27/13
[    0.049537] NET: Registered protocol family 16
[    0.049609] EISA bus registered
[    0.049620] ACPI: bus type pci registered
[    0.049731] PCI: MMCONFIG for domain 0000 [bus 00-ff] at [mem 0xe0000000-0xefffffff] (base 0xe0000000)
[    0.049733] PCI: MMCONFIG at [mem 0xe0000000-0xefffffff] reserved in E820
[    0.049734] PCI: Using MMCONFIG for extended config space
[    0.049736] PCI: Using configuration type 1 for base access
[    0.050415] bio: create slab <bio-0> at 0
[    0.050478] ACPI: Added _OSI(Module Device)
[    0.050480] ACPI: Added _OSI(Processor Device)
[    0.050481] ACPI: Added _OSI(3.0 _SCP Extensions)
[    0.050482] ACPI: Added _OSI(Processor Aggregator Device)
[    0.052445] ACPI: EC: Look up EC in DSDT
[    0.056897] [Firmware Bug]: ACPI: BIOS _OSI(Linux) query ignored
[    0.066425] ACPI: Interpreter enabled
[    0.066437] ACPI: (supports S0 S1 S4 S5)
[    0.066452] ACPI: Using PIC for interrupt routing
[    0.111466] ACPI: No dock devices found.
[    0.111468] HEST: Table not found.
[    0.111473] PCI: Using host bridge windows from ACPI; if necessary, use "pci=nocrs" and report a bug
[    0.112150] ACPI: PCI Root Bridge [PCI0] (domain 0000 [bus 00-ff])
[    0.113274] pci_root PNP0A03:00: host bridge window [mem 0x000a0000-0x000bffff]
[    0.113276] pci_root PNP0A03:00: host bridge window [mem 0x000cc000-0x000cffff]
[    0.113278] pci_root PNP0A03:00: host bridge window [mem 0x000d0000-0x000d3fff]
[    0.113279] pci_root PNP0A03:00: host bridge window [mem 0x000d4000-0x000d7fff]
[    0.113281] pci_root PNP0A03:00: host bridge window [mem 0x000d8000-0x000dbfff]
[    0.113283] pci_root PNP0A03:00: host bridge window [mem 0xc0000000-0xfebfffff]
[    0.113284] pci_root PNP0A03:00: host bridge window [io  0x0000-0x0cf7]
[    0.113286] pci_root PNP0A03:00: host bridge window [io  0x0d00-0xfeff]
[    0.113335] pci 0000:00:00.0: [8086:7190] type 0 class 0x000600
[    0.113742] pci 0000:00:01.0: [8086:7191] type 1 class 0x000604
[    0.114125] pci 0000:00:07.0: [8086:7110] type 0 class 0x000601
[    0.114724] pci 0000:00:07.1: [8086:7111] type 0 class 0x000101
[    0.116209] pci 0000:00:07.1: reg 20: [io  0x10c0-0x10cf]
[    0.116920] pci 0000:00:07.3: [8086:7113] type 0 class 0x000680
[    0.118526] pci 0000:00:07.3: quirk: [io  0x1000-0x103f] claimed by PIIX4 ACPI
[    0.118538] pci 0000:00:07.3: quirk: [io  0x1040-0x104f] claimed by PIIX4 SMB
[    0.118756] pci 0000:00:07.7: [15ad:0740] type 0 class 0x000880
[    0.119235] pci 0000:00:07.7: reg 10: [io  0x1080-0x10bf]
[    0.119800] pci 0000:00:07.7: reg 14: [mem 0xc8000000-0xc8001fff 64bit]
[    0.121798] pci 0000:00:0f.0: [15ad:0405] type 0 class 0x000300
[    0.123819] pci 0000:00:0f.0: reg 10: [io  0x10d0-0x10df]
[    0.125762] pci 0000:00:0f.0: reg 14: [mem 0xd0000000-0xd7ffffff pref]
[    0.127703] pci 0000:00:0f.0: reg 18: [mem 0xc8800000-0xc8ffffff]
[    0.135481] pci 0000:00:0f.0: reg 30: [mem 0x00000000-0x00007fff pref]
[    0.135763] pci 0000:00:10.0: [1000:0030] type 0 class 0x000100
[    0.136333] pci 0000:00:10.0: reg 10: [io  0x1400-0x14ff]
[    0.137033] pci 0000:00:10.0: reg 14: [mem 0xc8040000-0xc805ffff 64bit]
[    0.137733] pci 0000:00:10.0: reg 1c: [mem 0xc8020000-0xc803ffff 64bit]
[    0.138765] pci 0000:00:10.0: reg 30: [mem 0x00000000-0x00003fff pref]
[    0.138913] pci 0000:00:11.0: [15ad:0790] type 1 class 0x000604
[    0.139576] pci 0000:00:15.0: [15ad:07a0] type 1 class 0x000604
[    0.140281] pci 0000:00:15.0: PME# supported from D0 D3hot D3cold
[    0.140303] pci 0000:00:15.0: PME# disabled
[    0.140516] pci 0000:00:15.1: [15ad:07a0] type 1 class 0x000604
[    0.141205] pci 0000:00:15.1: PME# supported from D0 D3hot D3cold
[    0.141226] pci 0000:00:15.1: PME# disabled
[    0.141438] pci 0000:00:15.2: [15ad:07a0] type 1 class 0x000604
[    0.142131] pci 0000:00:15.2: PME# supported from D0 D3hot D3cold
[    0.142153] pci 0000:00:15.2: PME# disabled
[    0.142365] pci 0000:00:15.3: [15ad:07a0] type 1 class 0x000604
[    0.143048] pci 0000:00:15.3: PME# supported from D0 D3hot D3cold
[    0.143069] pci 0000:00:15.3: PME# disabled
[    0.143281] pci 0000:00:15.4: [15ad:07a0] type 1 class 0x000604
[    0.143974] pci 0000:00:15.4: PME# supported from D0 D3hot D3cold
[    0.143995] pci 0000:00:15.4: PME# disabled
[    0.144226] pci 0000:00:15.5: [15ad:07a0] type 1 class 0x000604
[    0.144905] pci 0000:00:15.5: PME# supported from D0 D3hot D3cold
[    0.144926] pci 0000:00:15.5: PME# disabled
[    0.145146] pci 0000:00:15.6: [15ad:07a0] type 1 class 0x000604
[    0.145826] pci 0000:00:15.6: PME# supported from D0 D3hot D3cold
[    0.145847] pci 0000:00:15.6: PME# disabled
[    0.146068] pci 0000:00:15.7: [15ad:07a0] type 1 class 0x000604
[    0.146750] pci 0000:00:15.7: PME# supported from D0 D3hot D3cold
[    0.146771] pci 0000:00:15.7: PME# disabled
[    0.146983] pci 0000:00:16.0: [15ad:07a0] type 1 class 0x000604
[    0.147792] pci 0000:00:16.0: PME# supported from D0 D3hot D3cold
[    0.147814] pci 0000:00:16.0: PME# disabled
[    0.148036] pci 0000:00:16.1: [15ad:07a0] type 1 class 0x000604
[    0.148717] pci 0000:00:16.1: PME# supported from D0 D3hot D3cold
[    0.148739] pci 0000:00:16.1: PME# disabled
[    0.148951] pci 0000:00:16.2: [15ad:07a0] type 1 class 0x000604
[    0.149639] pci 0000:00:16.2: PME# supported from D0 D3hot D3cold
[    0.149660] pci 0000:00:16.2: PME# disabled
[    0.149872] pci 0000:00:16.3: [15ad:07a0] type 1 class 0x000604
[    0.150559] pci 0000:00:16.3: PME# supported from D0 D3hot D3cold
[    0.150580] pci 0000:00:16.3: PME# disabled
[    0.150793] pci 0000:00:16.4: [15ad:07a0] type 1 class 0x000604
[    0.151480] pci 0000:00:16.4: PME# supported from D0 D3hot D3cold
[    0.151502] pci 0000:00:16.4: PME# disabled
[    0.151720] pci 0000:00:16.5: [15ad:07a0] type 1 class 0x000604
[    0.152420] pci 0000:00:16.5: PME# supported from D0 D3hot D3cold
[    0.152441] pci 0000:00:16.5: PME# disabled
[    0.152654] pci 0000:00:16.6: [15ad:07a0] type 1 class 0x000604
[    0.153385] pci 0000:00:16.6: PME# supported from D0 D3hot D3cold
[    0.153407] pci 0000:00:16.6: PME# disabled
[    0.153620] pci 0000:00:16.7: [15ad:07a0] type 1 class 0x000604
[    0.154300] pci 0000:00:16.7: PME# supported from D0 D3hot D3cold
[    0.154321] pci 0000:00:16.7: PME# disabled
[    0.154533] pci 0000:00:17.0: [15ad:07a0] type 1 class 0x000604
[    0.155224] pci 0000:00:17.0: PME# supported from D0 D3hot D3cold
[    0.155245] pci 0000:00:17.0: PME# disabled
[    0.155457] pci 0000:00:17.1: [15ad:07a0] type 1 class 0x000604
[    0.156155] pci 0000:00:17.1: PME# supported from D0 D3hot D3cold
[    0.156178] pci 0000:00:17.1: PME# disabled
[    0.156390] pci 0000:00:17.2: [15ad:07a0] type 1 class 0x000604
[    0.157081] pci 0000:00:17.2: PME# supported from D0 D3hot D3cold
[    0.157103] pci 0000:00:17.2: PME# disabled
[    0.157316] pci 0000:00:17.3: [15ad:07a0] type 1 class 0x000604
[    0.157994] pci 0000:00:17.3: PME# supported from D0 D3hot D3cold
[    0.158017] pci 0000:00:17.3: PME# disabled
[    0.158230] pci 0000:00:17.4: [15ad:07a0] type 1 class 0x000604
[    0.158909] pci 0000:00:17.4: PME# supported from D0 D3hot D3cold
[    0.158930] pci 0000:00:17.4: PME# disabled
[    0.159155] pci 0000:00:17.5: [15ad:07a0] type 1 class 0x000604
[    0.159849] pci 0000:00:17.5: PME# supported from D0 D3hot D3cold
[    0.159871] pci 0000:00:17.5: PME# disabled
[    0.160092] pci 0000:00:17.6: [15ad:07a0] type 1 class 0x000604
[    0.160770] pci 0000:00:17.6: PME# supported from D0 D3hot D3cold
[    0.160792] pci 0000:00:17.6: PME# disabled
[    0.161004] pci 0000:00:17.7: [15ad:07a0] type 1 class 0x000604
[    0.161691] pci 0000:00:17.7: PME# supported from D0 D3hot D3cold
[    0.161713] pci 0000:00:17.7: PME# disabled
[    0.161924] pci 0000:00:18.0: [15ad:07a0] type 1 class 0x000604
[    0.162753] pci 0000:00:18.0: PME# supported from D0 D3hot D3cold
[    0.162779] pci 0000:00:18.0: PME# disabled
[    0.163055] pci 0000:00:18.1: [15ad:07a0] type 1 class 0x000604
[    0.163916] pci 0000:00:18.1: PME# supported from D0 D3hot D3cold
[    0.163942] pci 0000:00:18.1: PME# disabled
[    0.164215] pci 0000:00:18.2: [15ad:07a0] type 1 class 0x000604
[    0.165069] pci 0000:00:18.2: PME# supported from D0 D3hot D3cold
[    0.165095] pci 0000:00:18.2: PME# disabled
[    0.165359] pci 0000:00:18.3: [15ad:07a0] type 1 class 0x000604
[    0.166212] pci 0000:00:18.3: PME# supported from D0 D3hot D3cold
[    0.166239] pci 0000:00:18.3: PME# disabled
[    0.166504] pci 0000:00:18.4: [15ad:07a0] type 1 class 0x000604
[    0.167357] pci 0000:00:18.4: PME# supported from D0 D3hot D3cold
[    0.167384] pci 0000:00:18.4: PME# disabled
[    0.167654] pci 0000:00:18.5: [15ad:07a0] type 1 class 0x000604
[    0.168522] pci 0000:00:18.5: PME# supported from D0 D3hot D3cold
[    0.168548] pci 0000:00:18.5: PME# disabled
[    0.168811] pci 0000:00:18.6: [15ad:07a0] type 1 class 0x000604
[    0.169661] pci 0000:00:18.6: PME# supported from D0 D3hot D3cold
[    0.169687] pci 0000:00:18.6: PME# disabled
[    0.169951] pci 0000:00:18.7: [15ad:07a0] type 1 class 0x000604
[    0.170791] pci 0000:00:18.7: PME# supported from D0 D3hot D3cold
[    0.170817] pci 0000:00:18.7: PME# disabled
[    0.171496] pci 0000:00:01.0: PCI bridge to [bus 01-01]
[    0.171860] pci 0000:02:00.0: [15ad:0774] type 0 class 0x000c03
[    0.173759] pci 0000:02:00.0: reg 20: [io  0x20c0-0x20df]
[    0.174649] pci 0000:02:01.0: [1022:2000] type 0 class 0x000200
[    0.175050] pci 0000:02:01.0: reg 10: [io  0x2000-0x207f]
[    0.177274] pci 0000:02:01.0: reg 30: [mem 0x00000000-0x0000ffff pref]
[    0.177421] pci 0000:02:02.0: [1274:1371] type 0 class 0x000401
[    0.177894] pci 0000:02:02.0: reg 10: [io  0x2080-0x20bf]
[    0.180674] pci 0000:02:03.0: [15ad:0770] type 0 class 0x000c03
[    0.181037] pci 0000:02:03.0: reg 10: [mem 0xc9000000-0xc9000fff]
[    0.183365] pci 0000:00:11.0: PCI bridge to [bus 02-02] (subtractive decode)
[    0.183390] pci 0000:00:11.0:   bridge window [io  0x2000-0x3fff]
[    0.183416] pci 0000:00:11.0:   bridge window [mem 0xc9000000-0xca3fffff]
[    0.183465] pci 0000:00:11.0:   bridge window [mem 0xd8400000-0xd89fffff 64bit pref]
[    0.183467] pci 0000:00:11.0:   bridge window [mem 0x000a0000-0x000bffff] (subtractive decode)
[    0.183470] pci 0000:00:11.0:   bridge window [mem 0x000cc000-0x000cffff] (subtractive decode)
[    0.183472] pci 0000:00:11.0:   bridge window [mem 0x000d0000-0x000d3fff] (subtractive decode)
[    0.183474] pci 0000:00:11.0:   bridge window [mem 0x000d4000-0x000d7fff] (subtractive decode)
[    0.183476] pci 0000:00:11.0:   bridge window [mem 0x000d8000-0x000dbfff] (subtractive decode)
[    0.183479] pci 0000:00:11.0:   bridge window [mem 0xc0000000-0xfebfffff] (subtractive decode)
[    0.183481] pci 0000:00:11.0:   bridge window [io  0x0000-0x0cf7] (subtractive decode)
[    0.183483] pci 0000:00:11.0:   bridge window [io  0x0d00-0xfeff] (subtractive decode)
[    0.184019] pci 0000:00:15.0: PCI bridge to [bus 03-03]
[    0.184044] pci 0000:00:15.0:   bridge window [io  0x4000-0x4fff]
[    0.184070] pci 0000:00:15.0:   bridge window [mem 0xca400000-0xca4fffff]
[    0.184119] pci 0000:00:15.0:   bridge window [mem 0xd8a00000-0xd8afffff 64bit pref]
[    0.184629] pci 0000:00:15.1: PCI bridge to [bus 04-04]
[    0.184655] pci 0000:00:15.1:   bridge window [io  0x8000-0x8fff]
[    0.184681] pci 0000:00:15.1:   bridge window [mem 0xca800000-0xca8fffff]
[    0.184729] pci 0000:00:15.1:   bridge window [mem 0xd8e00000-0xd8efffff 64bit pref]
[    0.185238] pci 0000:00:15.2: PCI bridge to [bus 05-05]
[    0.185264] pci 0000:00:15.2:   bridge window [io  0xc000-0xcfff]
[    0.185290] pci 0000:00:15.2:   bridge window [mem 0xcac00000-0xcacfffff]
[    0.185339] pci 0000:00:15.2:   bridge window [mem 0xd9200000-0xd92fffff 64bit pref]
[    0.185851] pci 0000:00:15.3: PCI bridge to [bus 06-06]
[    0.185899] pci 0000:00:15.3:   bridge window [mem 0xcb000000-0xcb0fffff]
[    0.185949] pci 0000:00:15.3:   bridge window [mem 0xd9600000-0xd96fffff 64bit pref]
[    0.186371] pci 0000:00:15.4: PCI bridge to [bus 07-07]
[    0.186410] pci 0000:00:15.4:   bridge window [mem 0xcb400000-0xcb4fffff]
[    0.186450] pci 0000:00:15.4:   bridge window [mem 0xd9a00000-0xd9afffff 64bit pref]
[    0.186862] pci 0000:00:15.5: PCI bridge to [bus 08-08]
[    0.186900] pci 0000:00:15.5:   bridge window [mem 0xcb800000-0xcb8fffff]
[    0.186939] pci 0000:00:15.5:   bridge window [mem 0xd9e00000-0xd9efffff 64bit pref]
[    0.187367] pci 0000:00:15.6: PCI bridge to [bus 09-09]
[    0.187405] pci 0000:00:15.6:   bridge window [mem 0xcbc00000-0xcbcfffff]
[    0.187444] pci 0000:00:15.6:   bridge window [mem 0xda200000-0xda2fffff 64bit pref]
[    0.187872] pci 0000:00:15.7: PCI bridge to [bus 0a-0a]
[    0.187911] pci 0000:00:15.7:   bridge window [mem 0xcc000000-0xcc0fffff]
[    0.187950] pci 0000:00:15.7:   bridge window [mem 0xda600000-0xda6fffff 64bit pref]
[    0.188376] pci 0000:00:16.0: PCI bridge to [bus 0b-0b]
[    0.188397] pci 0000:00:16.0:   bridge window [io  0x5000-0x5fff]
[    0.188418] pci 0000:00:16.0:   bridge window [mem 0xca500000-0xca5fffff]
[    0.188457] pci 0000:00:16.0:   bridge window [mem 0xd8b00000-0xd8bfffff 64bit pref]
[    0.188867] pci 0000:00:16.1: PCI bridge to [bus 0c-0c]
[    0.188887] pci 0000:00:16.1:   bridge window [io  0x9000-0x9fff]
[    0.188908] pci 0000:00:16.1:   bridge window [mem 0xca900000-0xca9fffff]
[    0.188947] pci 0000:00:16.1:   bridge window [mem 0xd8f00000-0xd8ffffff 64bit pref]
[    0.189361] pci 0000:00:16.2: PCI bridge to [bus 0d-0d]
[    0.189381] pci 0000:00:16.2:   bridge window [io  0xd000-0xdfff]
[    0.189402] pci 0000:00:16.2:   bridge window [mem 0xcad00000-0xcadfffff]
[    0.189441] pci 0000:00:16.2:   bridge window [mem 0xd9300000-0xd93fffff 64bit pref]
[    0.189854] pci 0000:00:16.3: PCI bridge to [bus 0e-0e]
[    0.189893] pci 0000:00:16.3:   bridge window [mem 0xcb100000-0xcb1fffff]
[    0.189932] pci 0000:00:16.3:   bridge window [mem 0xd9700000-0xd97fffff 64bit pref]
[    0.190355] pci 0000:00:16.4: PCI bridge to [bus 0f-0f]
[    0.190394] pci 0000:00:16.4:   bridge window [mem 0xcb500000-0xcb5fffff]
[    0.190433] pci 0000:00:16.4:   bridge window [mem 0xd9b00000-0xd9bfffff 64bit pref]
[    0.190843] pci 0000:00:16.5: PCI bridge to [bus 10-10]
[    0.190881] pci 0000:00:16.5:   bridge window [mem 0xcb900000-0xcb9fffff]
[    0.190920] pci 0000:00:16.5:   bridge window [mem 0xd9f00000-0xd9ffffff 64bit pref]
[    0.191332] pci 0000:00:16.6: PCI bridge to [bus 11-11]
[    0.191371] pci 0000:00:16.6:   bridge window [mem 0xcbd00000-0xcbdfffff]
[    0.191410] pci 0000:00:16.6:   bridge window [mem 0xda300000-0xda3fffff 64bit pref]
[    0.191834] pci 0000:00:16.7: PCI bridge to [bus 12-12]
[    0.191873] pci 0000:00:16.7:   bridge window [mem 0xcc100000-0xcc1fffff]
[    0.191912] pci 0000:00:16.7:   bridge window [mem 0xda700000-0xda7fffff 64bit pref]
[    0.192331] pci 0000:00:17.0: PCI bridge to [bus 13-13]
[    0.192352] pci 0000:00:17.0:   bridge window [io  0x6000-0x6fff]
[    0.192372] pci 0000:00:17.0:   bridge window [mem 0xca600000-0xca6fffff]
[    0.192411] pci 0000:00:17.0:   bridge window [mem 0xd8c00000-0xd8cfffff 64bit pref]
[    0.192822] pci 0000:00:17.1: PCI bridge to [bus 14-14]
[    0.192842] pci 0000:00:17.1:   bridge window [io  0xa000-0xafff]
[    0.192863] pci 0000:00:17.1:   bridge window [mem 0xcaa00000-0xcaafffff]
[    0.192902] pci 0000:00:17.1:   bridge window [mem 0xd9000000-0xd90fffff 64bit pref]
[    0.193322] pci 0000:00:17.2: PCI bridge to [bus 15-15]
[    0.193343] pci 0000:00:17.2:   bridge window [io  0xe000-0xefff]
[    0.193364] pci 0000:00:17.2:   bridge window [mem 0xcae00000-0xcaefffff]
[    0.193403] pci 0000:00:17.2:   bridge window [mem 0xd9400000-0xd94fffff 64bit pref]
[    0.193815] pci 0000:00:17.3: PCI bridge to [bus 16-16]
[    0.193853] pci 0000:00:17.3:   bridge window [mem 0xcb200000-0xcb2fffff]
[    0.193892] pci 0000:00:17.3:   bridge window [mem 0xd9800000-0xd98fffff 64bit pref]
[    0.194332] pci 0000:00:17.4: PCI bridge to [bus 17-17]
[    0.194371] pci 0000:00:17.4:   bridge window [mem 0xcb600000-0xcb6fffff]
[    0.194410] pci 0000:00:17.4:   bridge window [mem 0xd9c00000-0xd9cfffff 64bit pref]
[    0.194822] pci 0000:00:17.5: PCI bridge to [bus 18-18]
[    0.194861] pci 0000:00:17.5:   bridge window [mem 0xcba00000-0xcbafffff]
[    0.194900] pci 0000:00:17.5:   bridge window [mem 0xda000000-0xda0fffff 64bit pref]
[    0.195320] pci 0000:00:17.6: PCI bridge to [bus 19-19]
[    0.195359] pci 0000:00:17.6:   bridge window [mem 0xcbe00000-0xcbefffff]
[    0.195398] pci 0000:00:17.6:   bridge window [mem 0xda400000-0xda4fffff 64bit pref]
[    0.195826] pci 0000:00:17.7: PCI bridge to [bus 1a-1a]
[    0.195866] pci 0000:00:17.7:   bridge window [mem 0xcc200000-0xcc2fffff]
[    0.195905] pci 0000:00:17.7:   bridge window [mem 0xda800000-0xda8fffff 64bit pref]
[    0.196326] pci 0000:00:18.0: PCI bridge to [bus 1b-1b]
[    0.196347] pci 0000:00:18.0:   bridge window [io  0x7000-0x7fff]
[    0.196368] pci 0000:00:18.0:   bridge window [mem 0xca700000-0xca7fffff]
[    0.196407] pci 0000:00:18.0:   bridge window [mem 0xd8d00000-0xd8dfffff 64bit pref]
[    0.196817] pci 0000:00:18.1: PCI bridge to [bus 1c-1c]
[    0.196837] pci 0000:00:18.1:   bridge window [io  0xb000-0xbfff]
[    0.196858] pci 0000:00:18.1:   bridge window [mem 0xcab00000-0xcabfffff]
[    0.196897] pci 0000:00:18.1:   bridge window [mem 0xd9100000-0xd91fffff 64bit pref]
[    0.197313] pci 0000:00:18.2: PCI bridge to [bus 1d-1d]
[    0.197333] pci 0000:00:18.2:   bridge window [io  0xf000-0xffff]
[    0.197354] pci 0000:00:18.2:   bridge window [mem 0xcaf00000-0xcaffffff]
[    0.197393] pci 0000:00:18.2:   bridge window [mem 0xd9500000-0xd95fffff 64bit pref]
[    0.197807] pci 0000:00:18.3: PCI bridge to [bus 1e-1e]
[    0.197846] pci 0000:00:18.3:   bridge window [mem 0xcb300000-0xcb3fffff]
[    0.197885] pci 0000:00:18.3:   bridge window [mem 0xd9900000-0xd99fffff 64bit pref]
[    0.198307] pci 0000:00:18.4: PCI bridge to [bus 1f-1f]
[    0.198345] pci 0000:00:18.4:   bridge window [mem 0xcb700000-0xcb7fffff]
[    0.198385] pci 0000:00:18.4:   bridge window [mem 0xd9d00000-0xd9dfffff 64bit pref]
[    0.198794] pci 0000:00:18.5: PCI bridge to [bus 20-20]
[    0.198833] pci 0000:00:18.5:   bridge window [mem 0xcbb00000-0xcbbfffff]
[    0.198872] pci 0000:00:18.5:   bridge window [mem 0xda100000-0xda1fffff 64bit pref]
[    0.199291] pci 0000:00:18.6: PCI bridge to [bus 21-21]
[    0.199330] pci 0000:00:18.6:   bridge window [mem 0xcbf00000-0xcbffffff]
[    0.199369] pci 0000:00:18.6:   bridge window [mem 0xda500000-0xda5fffff 64bit pref]
[    0.199792] pci 0000:00:18.7: PCI bridge to [bus 22-22]
[    0.199831] pci 0000:00:18.7:   bridge window [mem 0xcc300000-0xcc3fffff]
[    0.199870] pci 0000:00:18.7:   bridge window [mem 0xda900000-0xda9fffff 64bit pref]
[    0.201433] pci_bus 0000:00: on NUMA node 0
[    0.201437] ACPI: PCI Interrupt Routing Table [\_SB_.PCI0._PRT]
[    0.202030]  pci0000:00: Requesting ACPI _OSC control (0x1d)
[    0.202225]  pci0000:00: ACPI _OSC control (0x15) granted
[    0.271936] ACPI: PCI Interrupt Link [LNKA] (IRQs 3 4 5 6 7 *9 10 11 14 15)
[    0.272002] ACPI: PCI Interrupt Link [LNKB] (IRQs 3 4 5 6 7 9 10 *11 14 15)
[    0.272063] ACPI: PCI Interrupt Link [LNKC] (IRQs 3 4 5 6 7 9 *10 11 14 15)
[    0.272124] ACPI: PCI Interrupt Link [LNKD] (IRQs 3 4 *5 6 7 9 10 11 14 15)
[    0.272253] vgaarb: device added: PCI:0000:00:0f.0,decodes=io+mem,owns=io+mem,locks=none
[    0.272262] vgaarb: loaded
[    0.272263] vgaarb: bridge control possible 0000:00:0f.0
[    0.272340] i2c-core: driver [aat2870] using legacy suspend method
[    0.272341] i2c-core: driver [aat2870] using legacy resume method
[    0.272402] SCSI subsystem initialized
[    0.272438] libata version 3.00 loaded.
[    0.272466] usbcore: registered new interface driver usbfs
[    0.272476] usbcore: registered new interface driver hub
[    0.272497] usbcore: registered new device driver usb
[    0.272558] PCI: Using ACPI for IRQ routing
[    0.336540] PCI: pci_cache_line_size set to 64 bytes
[    0.336562] pci 0000:00:18.2: no compatible bridge window for [io  0xf000-0xffff]
[    0.337502] reserve RAM buffer: 000000000009f000 - 000000000009ffff 
[    0.337504] reserve RAM buffer: 000000003fee0000 - 000000003fffffff 
[    0.337601] NetLabel: Initializing
[    0.337602] NetLabel:  domain hash size = 128
[    0.337603] NetLabel:  protocols = UNLABELED CIPSOv4
[    0.337610] NetLabel:  unlabeled traffic allowed by default
[    0.337668] hpet0: at MMIO 0xfed00000, IRQs 2, 8, 0, 0, 0, 0, 0, 0, 0, 0, 0, 0, 0, 0, 0, 0
[    0.337674] hpet0: 16 comparators, 64-bit 14.318180 MHz counter
[    0.339703] Switching to clocksource hpet
[    0.344934] AppArmor: AppArmor Filesystem Enabled
[    0.344951] pnp: PnP ACPI init
[    0.344966] ACPI: bus type pnp registered
[    0.345561] pnp 00:00: [bus 00-ff]
[    0.345563] pnp 00:00: [mem 0x000a0000-0x000bffff window]
[    0.345565] pnp 00:00: [mem 0x000c0000-0x000c3fff window]
[    0.345566] pnp 00:00: [mem 0x000c4000-0x000c7fff window]
[    0.345568] pnp 00:00: [mem 0x000c8000-0x000cbfff window]
[    0.345569] pnp 00:00: [mem 0x000cc000-0x000cffff window]
[    0.345571] pnp 00:00: [mem 0x000d0000-0x000d3fff window]
[    0.345572] pnp 00:00: [mem 0x000d4000-0x000d7fff window]
[    0.345573] pnp 00:00: [mem 0x000d8000-0x000dbfff window]
[    0.345575] pnp 00:00: [mem 0x000dc000-0x000dffff window]
[    0.345576] pnp 00:00: [mem 0x000e0000-0x000e3fff window]
[    0.345578] pnp 00:00: [mem 0x000e4000-0x000e7fff window]
[    0.345579] pnp 00:00: [mem 0x000e8000-0x000ebfff window]
[    0.345580] pnp 00:00: [mem 0x000ec000-0x000effff window]
[    0.345582] pnp 00:00: [mem 0xc0000000-0xfebfffff window]
[    0.345584] pnp 00:00: [io  0x0cf8-0x0cff]
[    0.345585] pnp 00:00: [io  0x0000-0x0cf7 window]
[    0.345586] pnp 00:00: [io  0x0d00-0xfeff window]
[    0.345622] pnp 00:00: Plug and Play ACPI device, IDs PNP0a03 PNP0a08 (active)
[    0.345682] pnp 00:01: [io  0x0010-0x001f]
[    0.345683] pnp 00:01: [io  0x0024-0x0025]
[    0.345684] pnp 00:01: [io  0x0028-0x0029]
[    0.345686] pnp 00:01: [io  0x002c-0x002d]
[    0.345687] pnp 00:01: [io  0x002e-0x002f]
[    0.345688] pnp 00:01: [io  0x0030-0x0031]
[    0.345689] pnp 00:01: [io  0x0034-0x0035]
[    0.345690] pnp 00:01: [io  0x0038-0x0039]
[    0.345691] pnp 00:01: [io  0x003c-0x003d]
[    0.345692] pnp 00:01: [io  0x0050-0x0053]
[    0.345694] pnp 00:01: [io  0x0072-0x0077]
[    0.345695] pnp 00:01: [io  0x0080]
[    0.345696] pnp 00:01: [io  0x0090-0x009f]
[    0.345697] pnp 00:01: [io  0x00a4-0x00a5]
[    0.345698] pnp 00:01: [io  0x00a8-0x00a9]
[    0.345699] pnp 00:01: [io  0x00ac-0x00ad]
[    0.345700] pnp 00:01: [io  0x00b0-0x00b5]
[    0.345701] pnp 00:01: [io  0x00b8-0x00b9]
[    0.345703] pnp 00:01: [io  0x00bc-0x00bd]
[    0.345704] pnp 00:01: [io  0x1000-0x103f]
[    0.345705] pnp 00:01: [io  0x1040-0x104f]
[    0.345706] pnp 00:01: [io  0x0cf0-0x0cf1]
[    0.345773] system 00:01: [io  0x1000-0x103f] has been reserved
[    0.345777] system 00:01: [io  0x1040-0x104f] has been reserved
[    0.345779] system 00:01: [io  0x0cf0-0x0cf1] has been reserved
[    0.345782] system 00:01: Plug and Play ACPI device, IDs PNP0c02 (active)
[    0.345788] pnp 00:02: [io  0x0000-0x000f]
[    0.345790] pnp 00:02: [io  0x0081-0x008f]
[    0.345791] pnp 00:02: [io  0x00c0-0x00df]
[    0.345792] pnp 00:02: [dma 4]
[    0.345808] pnp 00:02: Plug and Play ACPI device, IDs PNP0200 (active)
[    0.345813] pnp 00:03: [io  0x0020-0x0021]
[    0.345814] pnp 00:03: [io  0x00a0-0x00a1]
[    0.345815] pnp 00:03: [io  0x04d0-0x04d1]
[    0.345817] pnp 00:03: [irq 2 disabled]
[    0.345832] pnp 00:03: Plug and Play ACPI device, IDs PNP0001 (active)
[    0.345838] pnp 00:04: [io  0x0070-0x0071]
[    0.345840] pnp 00:04: [irq 8]
[    0.345853] pnp 00:04: Plug and Play ACPI device, IDs PNP0b00 (active)
[    0.345857] pnp 00:05: [io  0x0061]
[    0.345870] pnp 00:05: Plug and Play ACPI device, IDs PNP0800 (active)
[    0.345875] pnp 00:06: [io  0x0060]
[    0.345876] pnp 00:06: [io  0x0064]
[    0.345877] pnp 00:06: [irq 1]
[    0.345892] pnp 00:06: Plug and Play ACPI device, IDs PNP0303 (active)
[    0.345897] pnp 00:07: [irq 12]
[    0.345909] pnp 00:07: Plug and Play ACPI device, IDs PNP0f13 (active)
[    0.346060] pnp 00:08: [mem 0xfed00000-0xfed003ff]
[    0.346094] system 00:08: [mem 0xfed00000-0xfed003ff] has been reserved
[    0.346096] system 00:08: Plug and Play ACPI device, IDs PNP0103 PNP0c01 (active)
[    0.355239] pnp 00:09: [io  0x0378-0x037f]
[    0.355242] pnp 00:09: [irq 7]
[    0.356396] pnp 00:09: Plug and Play ACPI device, IDs PNP0400 (active)
[    0.360140] pnp 00:0a: [io  0x03f8-0x03ff]
[    0.360142] pnp 00:0a: [irq 4]
[    0.361192] pnp 00:0a: Plug and Play ACPI device, IDs PNP0501 (active)
[    0.364432] pnp 00:0b: [io  0x02f8-0x02ff]
[    0.364434] pnp 00:0b: [irq 3]
[    0.365504] pnp 00:0b: Plug and Play ACPI device, IDs PNP0501 (active)
[    0.370632] pnp 00:0c: [io  0x03f0-0x03f5]
[    0.370635] pnp 00:0c: [io  0x03f7]
[    0.370636] pnp 00:0c: [irq 6]
[    0.370638] pnp 00:0c: [dma 2]
[    0.371612] pnp 00:0c: Plug and Play ACPI device, IDs PNP0700 (active)
[    0.371850] pnp 00:0d: [mem 0xe0000000-0xefffffff]
[    0.371852] pnp 00:0d: [io  0x1060-0x107f]
[    0.371853] pnp 00:0d: [mem 0xc8200000-0xc83fffff]
[    0.371898] system 00:0d: [io  0x1060-0x107f] has been reserved
[    0.371901] system 00:0d: [mem 0xe0000000-0xefffffff] has been reserved
[    0.371903] system 00:0d: [mem 0xc8200000-0xc83fffff] has been reserved
[    0.371905] system 00:0d: Plug and Play ACPI device, IDs PNP0c02 (active)
[    0.376497] pnp: PnP ACPI: found 14 devices
[    0.376499] ACPI: ACPI bus type pnp unregistered
[    0.376502] PnPBIOS: Disabled by ACPI PNP
[    0.412177] PCI: max bus depth: 1 pci_try_num: 2
[    0.412235] pci 0000:00:0f.0: BAR 6: assigned [mem 0xc0000000-0xc0007fff pref]
[    0.412240] pci 0000:00:10.0: BAR 6: assigned [mem 0xc0008000-0xc000bfff pref]
[    0.412245] pci 0000:00:18.7: BAR 13: can't assign io (size 0x1000)
[    0.412248] pci 0000:00:18.6: BAR 13: can't assign io (size 0x1000)
[    0.412251] pci 0000:00:18.5: BAR 13: can't assign io (size 0x1000)
[    0.412254] pci 0000:00:18.4: BAR 13: can't assign io (size 0x1000)
[    0.412257] pci 0000:00:18.3: BAR 13: can't assign io (size 0x1000)
[    0.412260] pci 0000:00:18.2: BAR 13: can't assign io (size 0x1000)
[    0.412263] pci 0000:00:17.7: BAR 13: can't assign io (size 0x1000)
[    0.412266] pci 0000:00:17.6: BAR 13: can't assign io (size 0x1000)
[    0.412269] pci 0000:00:17.5: BAR 13: can't assign io (size 0x1000)
[    0.412272] pci 0000:00:17.4: BAR 13: can't assign io (size 0x1000)
[    0.412275] pci 0000:00:17.3: BAR 13: can't assign io (size 0x1000)
[    0.412278] pci 0000:00:16.7: BAR 13: can't assign io (size 0x1000)
[    0.412281] pci 0000:00:16.6: BAR 13: can't assign io (size 0x1000)
[    0.412284] pci 0000:00:16.5: BAR 13: can't assign io (size 0x1000)
[    0.412287] pci 0000:00:16.4: BAR 13: can't assign io (size 0x1000)
[    0.412290] pci 0000:00:16.3: BAR 13: can't assign io (size 0x1000)
[    0.412293] pci 0000:00:15.7: BAR 13: can't assign io (size 0x1000)
[    0.412296] pci 0000:00:15.6: BAR 13: can't assign io (size 0x1000)
[    0.412299] pci 0000:00:15.5: BAR 13: can't assign io (size 0x1000)
[    0.412302] pci 0000:00:15.4: BAR 13: can't assign io (size 0x1000)
[    0.412305] pci 0000:00:15.3: BAR 13: can't assign io (size 0x1000)
[    0.412307] pci 0000:00:01.0: PCI bridge to [bus 01-01]
[    0.412366] pci 0000:02:01.0: BAR 6: assigned [mem 0xd8400000-0xd840ffff pref]
[    0.412369] pci 0000:00:11.0: PCI bridge to [bus 02-02]
[    0.412383] pci 0000:00:11.0:   bridge window [io  0x2000-0x3fff]
[    0.412428] pci 0000:00:11.0:   bridge window [mem 0xc9000000-0xca3fffff]
[    0.412452] pci 0000:00:11.0:   bridge window [mem 0xd8400000-0xd89fffff 64bit pref]
[    0.412497] pci 0000:00:15.0: PCI bridge to [bus 03-03]
[    0.412510] pci 0000:00:15.0:   bridge window [io  0x4000-0x4fff]
[    0.412544] pci 0000:00:15.0:   bridge window [mem 0xca400000-0xca4fffff]
[    0.412568] pci 0000:00:15.0:   bridge window [mem 0xd8a00000-0xd8afffff 64bit pref]
[    0.412626] pci 0000:00:15.1: PCI bridge to [bus 04-04]
[    0.412640] pci 0000:00:15.1:   bridge window [io  0x8000-0x8fff]
[    0.412674] pci 0000:00:15.1:   bridge window [mem 0xca800000-0xca8fffff]
[    0.412698] pci 0000:00:15.1:   bridge window [mem 0xd8e00000-0xd8efffff 64bit pref]
[    0.412747] pci 0000:00:15.2: PCI bridge to [bus 05-05]
[    0.412761] pci 0000:00:15.2:   bridge window [io  0xc000-0xcfff]
[    0.412795] pci 0000:00:15.2:   bridge window [mem 0xcac00000-0xcacfffff]
[    0.412819] pci 0000:00:15.2:   bridge window [mem 0xd9200000-0xd92fffff 64bit pref]
[    0.412868] pci 0000:00:15.3: PCI bridge to [bus 06-06]
[    0.412902] pci 0000:00:15.3:   bridge window [mem 0xcb000000-0xcb0fffff]
[    0.412925] pci 0000:00:15.3:   bridge window [mem 0xd9600000-0xd96fffff 64bit pref]
[    0.412974] pci 0000:00:15.4: PCI bridge to [bus 07-07]
[    0.413009] pci 0000:00:15.4:   bridge window [mem 0xcb400000-0xcb4fffff]
[    0.413032] pci 0000:00:15.4:   bridge window [mem 0xd9a00000-0xd9afffff 64bit pref]
[    0.413081] pci 0000:00:15.5: PCI bridge to [bus 08-08]
[    0.413115] pci 0000:00:15.5:   bridge window [mem 0xcb800000-0xcb8fffff]
[    0.413139] pci 0000:00:15.5:   bridge window [mem 0xd9e00000-0xd9efffff 64bit pref]
[    0.413187] pci 0000:00:15.6: PCI bridge to [bus 09-09]
[    0.413221] pci 0000:00:15.6:   bridge window [mem 0xcbc00000-0xcbcfffff]
[    0.413245] pci 0000:00:15.6:   bridge window [mem 0xda200000-0xda2fffff 64bit pref]
[    0.413294] pci 0000:00:15.7: PCI bridge to [bus 0a-0a]
[    0.413328] pci 0000:00:15.7:   bridge window [mem 0xcc000000-0xcc0fffff]
[    0.413351] pci 0000:00:15.7:   bridge window [mem 0xda600000-0xda6fffff 64bit pref]
[    0.413400] pci 0000:00:16.0: PCI bridge to [bus 0b-0b]
[    0.413416] pci 0000:00:16.0:   bridge window [io  0x5000-0x5fff]
[    0.413450] pci 0000:00:16.0:   bridge window [mem 0xca500000-0xca5fffff]
[    0.413474] pci 0000:00:16.0:   bridge window [mem 0xd8b00000-0xd8bfffff 64bit pref]
[    0.413523] pci 0000:00:16.1: PCI bridge to [bus 0c-0c]
[    0.413537] pci 0000:00:16.1:   bridge window [io  0x9000-0x9fff]
[    0.413571] pci 0000:00:16.1:   bridge window [mem 0xca900000-0xca9fffff]
[    0.413595] pci 0000:00:16.1:   bridge window [mem 0xd8f00000-0xd8ffffff 64bit pref]
[    0.413643] pci 0000:00:16.2: PCI bridge to [bus 0d-0d]
[    0.413658] pci 0000:00:16.2:   bridge window [io  0xd000-0xdfff]
[    0.413692] pci 0000:00:16.2:   bridge window [mem 0xcad00000-0xcadfffff]
[    0.413715] pci 0000:00:16.2:   bridge window [mem 0xd9300000-0xd93fffff 64bit pref]
[    0.413764] pci 0000:00:16.3: PCI bridge to [bus 0e-0e]
[    0.413798] pci 0000:00:16.3:   bridge window [mem 0xcb100000-0xcb1fffff]
[    0.413821] pci 0000:00:16.3:   bridge window [mem 0xd9700000-0xd97fffff 64bit pref]
[    0.413870] pci 0000:00:16.4: PCI bridge to [bus 0f-0f]
[    0.413904] pci 0000:00:16.4:   bridge window [mem 0xcb500000-0xcb5fffff]
[    0.413927] pci 0000:00:16.4:   bridge window [mem 0xd9b00000-0xd9bfffff 64bit pref]
[    0.413976] pci 0000:00:16.5: PCI bridge to [bus 10-10]
[    0.414010] pci 0000:00:16.5:   bridge window [mem 0xcb900000-0xcb9fffff]
[    0.414033] pci 0000:00:16.5:   bridge window [mem 0xd9f00000-0xd9ffffff 64bit pref]
[    0.414082] pci 0000:00:16.6: PCI bridge to [bus 11-11]
[    0.414116] pci 0000:00:16.6:   bridge window [mem 0xcbd00000-0xcbdfffff]
[    0.414140] pci 0000:00:16.6:   bridge window [mem 0xda300000-0xda3fffff 64bit pref]
[    0.414188] pci 0000:00:16.7: PCI bridge to [bus 12-12]
[    0.414222] pci 0000:00:16.7:   bridge window [mem 0xcc100000-0xcc1fffff]
[    0.414246] pci 0000:00:16.7:   bridge window [mem 0xda700000-0xda7fffff 64bit pref]
[    0.414295] pci 0000:00:17.0: PCI bridge to [bus 13-13]
[    0.414308] pci 0000:00:17.0:   bridge window [io  0x6000-0x6fff]
[    0.414342] pci 0000:00:17.0:   bridge window [mem 0xca600000-0xca6fffff]
[    0.414366] pci 0000:00:17.0:   bridge window [mem 0xd8c00000-0xd8cfffff 64bit pref]
[    0.414418] pci 0000:00:17.1: PCI bridge to [bus 14-14]
[    0.414432] pci 0000:00:17.1:   bridge window [io  0xa000-0xafff]
[    0.414467] pci 0000:00:17.1:   bridge window [mem 0xcaa00000-0xcaafffff]
[    0.414490] pci 0000:00:17.1:   bridge window [mem 0xd9000000-0xd90fffff 64bit pref]
[    0.414539] pci 0000:00:17.2: PCI bridge to [bus 15-15]
[    0.414553] pci 0000:00:17.2:   bridge window [io  0xe000-0xefff]
[    0.414587] pci 0000:00:17.2:   bridge window [mem 0xcae00000-0xcaefffff]
[    0.414610] pci 0000:00:17.2:   bridge window [mem 0xd9400000-0xd94fffff 64bit pref]
[    0.414659] pci 0000:00:17.3: PCI bridge to [bus 16-16]
[    0.414693] pci 0000:00:17.3:   bridge window [mem 0xcb200000-0xcb2fffff]
[    0.414717] pci 0000:00:17.3:   bridge window [mem 0xd9800000-0xd98fffff 64bit pref]
[    0.414765] pci 0000:00:17.4: PCI bridge to [bus 17-17]
[    0.414799] pci 0000:00:17.4:   bridge window [mem 0xcb600000-0xcb6fffff]
[    0.414823] pci 0000:00:17.4:   bridge window [mem 0xd9c00000-0xd9cfffff 64bit pref]
[    0.414872] pci 0000:00:17.5: PCI bridge to [bus 18-18]
[    0.414906] pci 0000:00:17.5:   bridge window [mem 0xcba00000-0xcbafffff]
[    0.414930] pci 0000:00:17.5:   bridge window [mem 0xda000000-0xda0fffff 64bit pref]
[    0.414978] pci 0000:00:17.6: PCI bridge to [bus 19-19]
[    0.415012] pci 0000:00:17.6:   bridge window [mem 0xcbe00000-0xcbefffff]
[    0.415036] pci 0000:00:17.6:   bridge window [mem 0xda400000-0xda4fffff 64bit pref]
[    0.415085] pci 0000:00:17.7: PCI bridge to [bus 1a-1a]
[    0.415119] pci 0000:00:17.7:   bridge window [mem 0xcc200000-0xcc2fffff]
[    0.415142] pci 0000:00:17.7:   bridge window [mem 0xda800000-0xda8fffff 64bit pref]
[    0.415190] pci 0000:00:18.0: PCI bridge to [bus 1b-1b]
[    0.415205] pci 0000:00:18.0:   bridge window [io  0x7000-0x7fff]
[    0.415239] pci 0000:00:18.0:   bridge window [mem 0xca700000-0xca7fffff]
[    0.415262] pci 0000:00:18.0:   bridge window [mem 0xd8d00000-0xd8dfffff 64bit pref]
[    0.415311] pci 0000:00:18.1: PCI bridge to [bus 1c-1c]
[    0.415325] pci 0000:00:18.1:   bridge window [io  0xb000-0xbfff]
[    0.415359] pci 0000:00:18.1:   bridge window [mem 0xcab00000-0xcabfffff]
[    0.415383] pci 0000:00:18.1:   bridge window [mem 0xd9100000-0xd91fffff 64bit pref]
[    0.415441] pci 0000:00:18.2: PCI bridge to [bus 1d-1d]
[    0.415476] pci 0000:00:18.2:   bridge window [mem 0xcaf00000-0xcaffffff]
[    0.415499] pci 0000:00:18.2:   bridge window [mem 0xd9500000-0xd95fffff 64bit pref]
[    0.415548] pci 0000:00:18.3: PCI bridge to [bus 1e-1e]
[    0.415552] pci 0000:00:18.3:   bridge window [mem 0xcb300000-0xcb3fffff]
[    0.415614] pci 0000:00:18.3:   bridge window [mem 0xd9900000-0xd99fffff 64bit pref]
[    0.415664] pci 0000:00:18.4: PCI bridge to [bus 1f-1f]
[    0.415698] pci 0000:00:18.4:   bridge window [mem 0xcb700000-0xcb7fffff]
[    0.415722] pci 0000:00:18.4:   bridge window [mem 0xd9d00000-0xd9dfffff 64bit pref]
[    0.415770] pci 0000:00:18.5: PCI bridge to [bus 20-20]
[    0.415805] pci 0000:00:18.5:   bridge window [mem 0xcbb00000-0xcbbfffff]
[    0.415828] pci 0000:00:18.5:   bridge window [mem 0xda100000-0xda1fffff 64bit pref]
[    0.415877] pci 0000:00:18.6: PCI bridge to [bus 21-21]
[    0.415911] pci 0000:00:18.6:   bridge window [mem 0xcbf00000-0xcbffffff]
[    0.415935] pci 0000:00:18.6:   bridge window [mem 0xda500000-0xda5fffff 64bit pref]
[    0.415983] pci 0000:00:18.7: PCI bridge to [bus 22-22]
[    0.416017] pci 0000:00:18.7:   bridge window [mem 0xcc300000-0xcc3fffff]
[    0.416041] pci 0000:00:18.7:   bridge window [mem 0xda900000-0xda9fffff 64bit pref]
[    0.416099] pci 0000:00:01.0: setting latency timer to 64
[    0.416158] pci 0000:00:15.0: setting latency timer to 64
[    0.416214] pci 0000:00:15.1: setting latency timer to 64
[    0.416270] pci 0000:00:15.2: setting latency timer to 64
[    0.416326] pci 0000:00:15.3: setting latency timer to 64
[    0.416385] pci 0000:00:15.4: setting latency timer to 64
[    0.416441] pci 0000:00:15.5: setting latency timer to 64
[    0.416497] pci 0000:00:15.6: setting latency timer to 64
[    0.416553] pci 0000:00:15.7: setting latency timer to 64
[    0.416609] pci 0000:00:16.0: setting latency timer to 64
[    0.416665] pci 0000:00:16.1: setting latency timer to 64
[    0.416721] pci 0000:00:16.2: setting latency timer to 64
[    0.416777] pci 0000:00:16.3: setting latency timer to 64
[    0.416833] pci 0000:00:16.4: setting latency timer to 64
[    0.416889] pci 0000:00:16.5: setting latency timer to 64
[    0.416945] pci 0000:00:16.6: setting latency timer to 64
[    0.417001] pci 0000:00:16.7: setting latency timer to 64
[    0.417057] pci 0000:00:17.0: setting latency timer to 64
[    0.417113] pci 0000:00:17.1: setting latency timer to 64
[    0.417169] pci 0000:00:17.2: setting latency timer to 64
[    0.417225] pci 0000:00:17.3: setting latency timer to 64
[    0.417281] pci 0000:00:17.4: setting latency timer to 64
[    0.417339] pci 0000:00:17.5: setting latency timer to 64
[    0.417396] pci 0000:00:17.6: setting latency timer to 64
[    0.417452] pci 0000:00:17.7: setting latency timer to 64
[    0.417508] pci 0000:00:18.0: setting latency timer to 64
[    0.417564] pci 0000:00:18.1: setting latency timer to 64
[    0.417620] pci 0000:00:18.2: setting latency timer to 64
[    0.417677] pci 0000:00:18.3: setting latency timer to 64
[    0.417733] pci 0000:00:18.4: setting latency timer to 64
[    0.417789] pci 0000:00:18.5: setting latency timer to 64
[    0.417845] pci 0000:00:18.6: setting latency timer to 64
[    0.417900] pci 0000:00:18.7: setting latency timer to 64
[    0.417915] pci_bus 0000:00: resource 4 [mem 0x000a0000-0x000bffff]
[    0.417917] pci_bus 0000:00: resource 5 [mem 0x000cc000-0x000cffff]
[    0.417919] pci_bus 0000:00: resource 6 [mem 0x000d0000-0x000d3fff]
[    0.417921] pci_bus 0000:00: resource 7 [mem 0x000d4000-0x000d7fff]
[    0.417923] pci_bus 0000:00: resource 8 [mem 0x000d8000-0x000dbfff]
[    0.417925] pci_bus 0000:00: resource 9 [mem 0xc0000000-0xfebfffff]
[    0.417927] pci_bus 0000:00: resource 10 [io  0x0000-0x0cf7]
[    0.417929] pci_bus 0000:00: resource 11 [io  0x0d00-0xfeff]
[    0.417932] pci_bus 0000:02: resource 0 [io  0x2000-0x3fff]
[    0.417934] pci_bus 0000:02: resource 1 [mem 0xc9000000-0xca3fffff]
[    0.417936] pci_bus 0000:02: resource 2 [mem 0xd8400000-0xd89fffff 64bit pref]
[    0.417938] pci_bus 0000:02: resource 4 [mem 0x000a0000-0x000bffff]
[    0.417940] pci_bus 0000:02: resource 5 [mem 0x000cc000-0x000cffff]
[    0.417942] pci_bus 0000:02: resource 6 [mem 0x000d0000-0x000d3fff]
[    0.417944] pci_bus 0000:02: resource 7 [mem 0x000d4000-0x000d7fff]
[    0.417946] pci_bus 0000:02: resource 8 [mem 0x000d8000-0x000dbfff]
[    0.417948] pci_bus 0000:02: resource 9 [mem 0xc0000000-0xfebfffff]
[    0.417950] pci_bus 0000:02: resource 10 [io  0x0000-0x0cf7]
[    0.417952] pci_bus 0000:02: resource 11 [io  0x0d00-0xfeff]
[    0.417954] pci_bus 0000:03: resource 0 [io  0x4000-0x4fff]
[    0.417956] pci_bus 0000:03: resource 1 [mem 0xca400000-0xca4fffff]
[    0.417959] pci_bus 0000:03: resource 2 [mem 0xd8a00000-0xd8afffff 64bit pref]
[    0.417961] pci_bus 0000:04: resource 0 [io  0x8000-0x8fff]
[    0.417963] pci_bus 0000:04: resource 1 [mem 0xca800000-0xca8fffff]
[    0.417965] pci_bus 0000:04: resource 2 [mem 0xd8e00000-0xd8efffff 64bit pref]
[    0.417967] pci_bus 0000:05: resource 0 [io  0xc000-0xcfff]
[    0.417969] pci_bus 0000:05: resource 1 [mem 0xcac00000-0xcacfffff]
[    0.417971] pci_bus 0000:05: resource 2 [mem 0xd9200000-0xd92fffff 64bit pref]
[    0.417973] pci_bus 0000:06: resource 1 [mem 0xcb000000-0xcb0fffff]
[    0.417976] pci_bus 0000:06: resource 2 [mem 0xd9600000-0xd96fffff 64bit pref]
[    0.417978] pci_bus 0000:07: resource 1 [mem 0xcb400000-0xcb4fffff]
[    0.417980] pci_bus 0000:07: resource 2 [mem 0xd9a00000-0xd9afffff 64bit pref]
[    0.417982] pci_bus 0000:08: resource 1 [mem 0xcb800000-0xcb8fffff]
[    0.417984] pci_bus 0000:08: resource 2 [mem 0xd9e00000-0xd9efffff 64bit pref]
[    0.417987] pci_bus 0000:09: resource 1 [mem 0xcbc00000-0xcbcfffff]
[    0.417989] pci_bus 0000:09: resource 2 [mem 0xda200000-0xda2fffff 64bit pref]
[    0.417991] pci_bus 0000:0a: resource 1 [mem 0xcc000000-0xcc0fffff]
[    0.417993] pci_bus 0000:0a: resource 2 [mem 0xda600000-0xda6fffff 64bit pref]
[    0.417995] pci_bus 0000:0b: resource 0 [io  0x5000-0x5fff]
[    0.417997] pci_bus 0000:0b: resource 1 [mem 0xca500000-0xca5fffff]
[    0.417999] pci_bus 0000:0b: resource 2 [mem 0xd8b00000-0xd8bfffff 64bit pref]
[    0.418002] pci_bus 0000:0c: resource 0 [io  0x9000-0x9fff]
[    0.418004] pci_bus 0000:0c: resource 1 [mem 0xca900000-0xca9fffff]
[    0.418006] pci_bus 0000:0c: resource 2 [mem 0xd8f00000-0xd8ffffff 64bit pref]
[    0.418008] pci_bus 0000:0d: resource 0 [io  0xd000-0xdfff]
[    0.418010] pci_bus 0000:0d: resource 1 [mem 0xcad00000-0xcadfffff]
[    0.418012] pci_bus 0000:0d: resource 2 [mem 0xd9300000-0xd93fffff 64bit pref]
[    0.418014] pci_bus 0000:0e: resource 1 [mem 0xcb100000-0xcb1fffff]
[    0.418016] pci_bus 0000:0e: resource 2 [mem 0xd9700000-0xd97fffff 64bit pref]
[    0.418019] pci_bus 0000:0f: resource 1 [mem 0xcb500000-0xcb5fffff]
[    0.418021] pci_bus 0000:0f: resource 2 [mem 0xd9b00000-0xd9bfffff 64bit pref]
[    0.418023] pci_bus 0000:10: resource 1 [mem 0xcb900000-0xcb9fffff]
[    0.418025] pci_bus 0000:10: resource 2 [mem 0xd9f00000-0xd9ffffff 64bit pref]
[    0.418027] pci_bus 0000:11: resource 1 [mem 0xcbd00000-0xcbdfffff]
[    0.418030] pci_bus 0000:11: resource 2 [mem 0xda300000-0xda3fffff 64bit pref]
[    0.418032] pci_bus 0000:12: resource 1 [mem 0xcc100000-0xcc1fffff]
[    0.418034] pci_bus 0000:12: resource 2 [mem 0xda700000-0xda7fffff 64bit pref]
[    0.418036] pci_bus 0000:13: resource 0 [io  0x6000-0x6fff]
[    0.418038] pci_bus 0000:13: resource 1 [mem 0xca600000-0xca6fffff]
[    0.418040] pci_bus 0000:13: resource 2 [mem 0xd8c00000-0xd8cfffff 64bit pref]
[    0.418042] pci_bus 0000:14: resource 0 [io  0xa000-0xafff]
[    0.418044] pci_bus 0000:14: resource 1 [mem 0xcaa00000-0xcaafffff]
[    0.418047] pci_bus 0000:14: resource 2 [mem 0xd9000000-0xd90fffff 64bit pref]
[    0.418049] pci_bus 0000:15: resource 0 [io  0xe000-0xefff]
[    0.418051] pci_bus 0000:15: resource 1 [mem 0xcae00000-0xcaefffff]
[    0.418053] pci_bus 0000:15: resource 2 [mem 0xd9400000-0xd94fffff 64bit pref]
[    0.418055] pci_bus 0000:16: resource 1 [mem 0xcb200000-0xcb2fffff]
[    0.418057] pci_bus 0000:16: resource 2 [mem 0xd9800000-0xd98fffff 64bit pref]
[    0.418060] pci_bus 0000:17: resource 1 [mem 0xcb600000-0xcb6fffff]
[    0.418062] pci_bus 0000:17: resource 2 [mem 0xd9c00000-0xd9cfffff 64bit pref]
[    0.418064] pci_bus 0000:18: resource 1 [mem 0xcba00000-0xcbafffff]
[    0.418066] pci_bus 0000:18: resource 2 [mem 0xda000000-0xda0fffff 64bit pref]
[    0.418068] pci_bus 0000:19: resource 1 [mem 0xcbe00000-0xcbefffff]
[    0.418070] pci_bus 0000:19: resource 2 [mem 0xda400000-0xda4fffff 64bit pref]
[    0.418073] pci_bus 0000:1a: resource 1 [mem 0xcc200000-0xcc2fffff]
[    0.418075] pci_bus 0000:1a: resource 2 [mem 0xda800000-0xda8fffff 64bit pref]
[    0.418077] pci_bus 0000:1b: resource 0 [io  0x7000-0x7fff]
[    0.418079] pci_bus 0000:1b: resource 1 [mem 0xca700000-0xca7fffff]
[    0.418081] pci_bus 0000:1b: resource 2 [mem 0xd8d00000-0xd8dfffff 64bit pref]
[    0.418083] pci_bus 0000:1c: resource 0 [io  0xb000-0xbfff]
[    0.418085] pci_bus 0000:1c: resource 1 [mem 0xcab00000-0xcabfffff]
[    0.418087] pci_bus 0000:1c: resource 2 [mem 0xd9100000-0xd91fffff 64bit pref]
[    0.418090] pci_bus 0000:1d: resource 1 [mem 0xcaf00000-0xcaffffff]
[    0.418092] pci_bus 0000:1d: resource 2 [mem 0xd9500000-0xd95fffff 64bit pref]
[    0.418094] pci_bus 0000:1e: resource 1 [mem 0xcb300000-0xcb3fffff]
[    0.418096] pci_bus 0000:1e: resource 2 [mem 0xd9900000-0xd99fffff 64bit pref]
[    0.418098] pci_bus 0000:1f: resource 1 [mem 0xcb700000-0xcb7fffff]
[    0.418100] pci_bus 0000:1f: resource 2 [mem 0xd9d00000-0xd9dfffff 64bit pref]
[    0.418102] pci_bus 0000:20: resource 1 [mem 0xcbb00000-0xcbbfffff]
[    0.418105] pci_bus 0000:20: resource 2 [mem 0xda100000-0xda1fffff 64bit pref]
[    0.418107] pci_bus 0000:21: resource 1 [mem 0xcbf00000-0xcbffffff]
[    0.418109] pci_bus 0000:21: resource 2 [mem 0xda500000-0xda5fffff 64bit pref]
[    0.418111] pci_bus 0000:22: resource 1 [mem 0xcc300000-0xcc3fffff]
[    0.418113] pci_bus 0000:22: resource 2 [mem 0xda900000-0xda9fffff 64bit pref]
[    0.418147] NET: Registered protocol family 2
[    0.418186] IP route cache hash table entries: 32768 (order: 5, 131072 bytes)
[    0.418244] TCP established hash table entries: 131072 (order: 8, 1048576 bytes)
[    0.418303] TCP bind hash table entries: 65536 (order: 7, 524288 bytes)
[    0.418361] TCP: Hash tables configured (established 131072 bind 65536)
[    0.418364] TCP reno registered
[    0.418367] UDP hash table entries: 512 (order: 2, 16384 bytes)
[    0.418374] UDP-Lite hash table entries: 512 (order: 2, 16384 bytes)
[    0.418412] NET: Registered protocol family 1
[    0.418420] pci 0000:00:00.0: Limiting direct PCI/PCI transfers
[    0.418478] pci 0000:00:0f.0: Boot video device
[    0.418537] ACPI: PCI Interrupt Link [LNKC] enabled at IRQ 10
[    0.418540] PCI: setting IRQ 10 as level-triggered
[    0.418565] pci 0000:02:00.0: PCI INT A -> Link[LNKC] -> GSI 10 (level, low) -> IRQ 10
[    0.418687] pci 0000:02:00.0: PCI INT A disabled
[    0.418746] ACPI: PCI Interrupt Link [LNKB] enabled at IRQ 11
[    0.418748] PCI: setting IRQ 11 as level-triggered
[    0.418753] pci 0000:02:03.0: PCI INT A -> Link[LNKB] -> GSI 11 (level, low) -> IRQ 11
[    0.418811] pci 0000:02:03.0: PCI INT A disabled
[    0.418826] PCI: CLS 32 bytes, default 64
[    0.418880] Simple Boot Flag at 0x36 set to 0x1
[    0.418893] Switching to clocksource tsc
[    0.419126] audit: initializing netlink socket (disabled)
[    0.419135] type=2000 audit(1369654073.399:1): initialized
[    0.435743] Trying to unpack rootfs image as initramfs...
[    0.459652] highmem bounce pool size: 64 pages
[    0.459657] HugeTLB registered 2 MB page size, pre-allocated 0 pages
[    0.463642] VFS: Disk quotas dquot_6.5.2
[    0.463690] Dquot-cache hash table entries: 1024 (order 0, 4096 bytes)
[    0.463814] fuse init (API version 7.17)
[    0.463874] msgmni has been set to 1710
[    0.475709] Block layer SCSI generic (bsg) driver version 0.4 loaded (major 253)
[    0.479587] io scheduler noop registered
[    0.479590] io scheduler deadline registered
[    0.479599] io scheduler cfq registered (default)
[    0.479657] pcieport 0000:00:15.0: setting latency timer to 64
[    0.479716] pcieport 0000:00:15.0: irq 40 for MSI/MSI-X
[    0.479774] pcieport 0000:00:15.1: setting latency timer to 64
[    0.479833] pcieport 0000:00:15.1: irq 41 for MSI/MSI-X
[    0.479891] pcieport 0000:00:15.2: setting latency timer to 64
[    0.479950] pcieport 0000:00:15.2: irq 42 for MSI/MSI-X
[    0.480008] pcieport 0000:00:15.3: setting latency timer to 64
[    0.480066] pcieport 0000:00:15.3: irq 43 for MSI/MSI-X
[    0.480125] pcieport 0000:00:15.4: setting latency timer to 64
[    0.480183] pcieport 0000:00:15.4: irq 44 for MSI/MSI-X
[    0.480242] pcieport 0000:00:15.5: setting latency timer to 64
[    0.480300] pcieport 0000:00:15.5: irq 45 for MSI/MSI-X
[    0.480359] pcieport 0000:00:15.6: setting latency timer to 64
[    0.480417] pcieport 0000:00:15.6: irq 46 for MSI/MSI-X
[    0.480475] pcieport 0000:00:15.7: setting latency timer to 64
[    0.480534] pcieport 0000:00:15.7: irq 47 for MSI/MSI-X
[    0.480592] pcieport 0000:00:16.0: setting latency timer to 64
[    0.480651] pcieport 0000:00:16.0: irq 48 for MSI/MSI-X
[    0.480709] pcieport 0000:00:16.1: setting latency timer to 64
[    0.480768] pcieport 0000:00:16.1: irq 49 for MSI/MSI-X
[    0.480826] pcieport 0000:00:16.2: setting latency timer to 64
[    0.480884] pcieport 0000:00:16.2: irq 50 for MSI/MSI-X
[    0.480943] pcieport 0000:00:16.3: setting latency timer to 64
[    0.481001] pcieport 0000:00:16.3: irq 51 for MSI/MSI-X
[    0.481060] pcieport 0000:00:16.4: setting latency timer to 64
[    0.481118] pcieport 0000:00:16.4: irq 52 for MSI/MSI-X
[    0.481177] pcieport 0000:00:16.5: setting latency timer to 64
[    0.481235] pcieport 0000:00:16.5: irq 53 for MSI/MSI-X
[    0.481294] pcieport 0000:00:16.6: setting latency timer to 64
[    0.481352] pcieport 0000:00:16.6: irq 54 for MSI/MSI-X
[    0.481410] pcieport 0000:00:16.7: setting latency timer to 64
[    0.481469] pcieport 0000:00:16.7: irq 55 for MSI/MSI-X
[    0.481527] pcieport 0000:00:17.0: setting latency timer to 64
[    0.481586] pcieport 0000:00:17.0: irq 56 for MSI/MSI-X
[    0.481644] pcieport 0000:00:17.1: setting latency timer to 64
[    0.481703] pcieport 0000:00:17.1: irq 57 for MSI/MSI-X
[    0.481761] pcieport 0000:00:17.2: setting latency timer to 64
[    0.481819] pcieport 0000:00:17.2: irq 58 for MSI/MSI-X
[    0.481878] pcieport 0000:00:17.3: setting latency timer to 64
[    0.481936] pcieport 0000:00:17.3: irq 59 for MSI/MSI-X
[    0.481995] pcieport 0000:00:17.4: setting latency timer to 64
[    0.482053] pcieport 0000:00:17.4: irq 60 for MSI/MSI-X
[    0.482112] pcieport 0000:00:17.5: setting latency timer to 64
[    0.482170] pcieport 0000:00:17.5: irq 61 for MSI/MSI-X
[    0.482229] pcieport 0000:00:17.6: setting latency timer to 64
[    0.482287] pcieport 0000:00:17.6: irq 62 for MSI/MSI-X
[    0.482345] pcieport 0000:00:17.7: setting latency timer to 64
[    0.482404] pcieport 0000:00:17.7: irq 63 for MSI/MSI-X
[    0.482462] pcieport 0000:00:18.0: setting latency timer to 64
[    0.482521] pcieport 0000:00:18.0: irq 64 for MSI/MSI-X
[    0.482579] pcieport 0000:00:18.1: setting latency timer to 64
[    0.482638] pcieport 0000:00:18.1: irq 65 for MSI/MSI-X
[    0.482696] pcieport 0000:00:18.2: setting latency timer to 64
[    0.482754] pcieport 0000:00:18.2: irq 66 for MSI/MSI-X
[    0.482813] pcieport 0000:00:18.3: setting latency timer to 64
[    0.482871] pcieport 0000:00:18.3: irq 67 for MSI/MSI-X
[    0.482930] pcieport 0000:00:18.4: setting latency timer to 64
[    0.482988] pcieport 0000:00:18.4: irq 68 for MSI/MSI-X
[    0.483541] pcieport 0000:00:18.5: setting latency timer to 64
[    0.483663] pcieport 0000:00:18.5: irq 69 for MSI/MSI-X
[    0.483721] pcieport 0000:00:18.6: setting latency timer to 64
[    0.483780] pcieport 0000:00:18.6: irq 70 for MSI/MSI-X
[    0.483838] pcieport 0000:00:18.7: setting latency timer to 64
[    0.483897] pcieport 0000:00:18.7: irq 71 for MSI/MSI-X
[    0.483955] pcieport 0000:00:15.0: Signaling PME through PCIe PME interrupt
[    0.483981] pcie_pme 0000:00:15.0:pcie01: service driver pcie_pme loaded
[    0.484040] pcieport 0000:00:15.1: Signaling PME through PCIe PME interrupt
[    0.484065] pcie_pme 0000:00:15.1:pcie01: service driver pcie_pme loaded
[    0.484124] pcieport 0000:00:15.2: Signaling PME through PCIe PME interrupt
[    0.484149] pcie_pme 0000:00:15.2:pcie01: service driver pcie_pme loaded
[    0.484207] pcieport 0000:00:15.3: Signaling PME through PCIe PME interrupt
[    0.484232] pcie_pme 0000:00:15.3:pcie01: service driver pcie_pme loaded
[    0.484291] pcieport 0000:00:15.4: Signaling PME through PCIe PME interrupt
[    0.484316] pcie_pme 0000:00:15.4:pcie01: service driver pcie_pme loaded
[    0.484375] pcieport 0000:00:15.5: Signaling PME through PCIe PME interrupt
[    0.484400] pcie_pme 0000:00:15.5:pcie01: service driver pcie_pme loaded
[    0.484459] pcieport 0000:00:15.6: Signaling PME through PCIe PME interrupt
[    0.484484] pcie_pme 0000:00:15.6:pcie01: service driver pcie_pme loaded
[    0.484542] pcieport 0000:00:15.7: Signaling PME through PCIe PME interrupt
[    0.484568] pcie_pme 0000:00:15.7:pcie01: service driver pcie_pme loaded
[    0.484626] pcieport 0000:00:16.0: Signaling PME through PCIe PME interrupt
[    0.484651] pcie_pme 0000:00:16.0:pcie01: service driver pcie_pme loaded
[    0.484710] pcieport 0000:00:16.1: Signaling PME through PCIe PME interrupt
[    0.484735] pcie_pme 0000:00:16.1:pcie01: service driver pcie_pme loaded
[    0.484794] pcieport 0000:00:16.2: Signaling PME through PCIe PME interrupt
[    0.484819] pcie_pme 0000:00:16.2:pcie01: service driver pcie_pme loaded
[    0.484877] pcieport 0000:00:16.3: Signaling PME through PCIe PME interrupt
[    0.484903] pcie_pme 0000:00:16.3:pcie01: service driver pcie_pme loaded
[    0.484961] pcieport 0000:00:16.4: Signaling PME through PCIe PME interrupt
[    0.484987] pcie_pme 0000:00:16.4:pcie01: service driver pcie_pme loaded
[    0.485045] pcieport 0000:00:16.5: Signaling PME through PCIe PME interrupt
[    0.485070] pcie_pme 0000:00:16.5:pcie01: service driver pcie_pme loaded
[    0.485129] pcieport 0000:00:16.6: Signaling PME through PCIe PME interrupt
[    0.485154] pcie_pme 0000:00:16.6:pcie01: service driver pcie_pme loaded
[    0.485212] pcieport 0000:00:16.7: Signaling PME through PCIe PME interrupt
[    0.485238] pcie_pme 0000:00:16.7:pcie01: service driver pcie_pme loaded
[    0.485296] pcieport 0000:00:17.0: Signaling PME through PCIe PME interrupt
[    0.485322] pcie_pme 0000:00:17.0:pcie01: service driver pcie_pme loaded
[    0.485380] pcieport 0000:00:17.1: Signaling PME through PCIe PME interrupt
[    0.485405] pcie_pme 0000:00:17.1:pcie01: service driver pcie_pme loaded
[    0.485463] pcieport 0000:00:17.2: Signaling PME through PCIe PME interrupt
[    0.485497] pcie_pme 0000:00:17.2:pcie01: service driver pcie_pme loaded
[    0.485556] pcieport 0000:00:17.3: Signaling PME through PCIe PME interrupt
[    0.485581] pcie_pme 0000:00:17.3:pcie01: service driver pcie_pme loaded
[    0.485640] pcieport 0000:00:17.4: Signaling PME through PCIe PME interrupt
[    0.485665] pcie_pme 0000:00:17.4:pcie01: service driver pcie_pme loaded
[    0.485723] pcieport 0000:00:17.5: Signaling PME through PCIe PME interrupt
[    0.485749] pcie_pme 0000:00:17.5:pcie01: service driver pcie_pme loaded
[    0.485807] pcieport 0000:00:17.6: Signaling PME through PCIe PME interrupt
[    0.485833] pcie_pme 0000:00:17.6:pcie01: service driver pcie_pme loaded
[    0.485891] pcieport 0000:00:17.7: Signaling PME through PCIe PME interrupt
[    0.485917] pcie_pme 0000:00:17.7:pcie01: service driver pcie_pme loaded
[    0.485975] pcieport 0000:00:18.0: Signaling PME through PCIe PME interrupt
[    0.486000] pcie_pme 0000:00:18.0:pcie01: service driver pcie_pme loaded
[    0.486059] pcieport 0000:00:18.1: Signaling PME through PCIe PME interrupt
[    0.486099] pcie_pme 0000:00:18.1:pcie01: service driver pcie_pme loaded
[    0.486158] pcieport 0000:00:18.2: Signaling PME through PCIe PME interrupt
[    0.486184] pcie_pme 0000:00:18.2:pcie01: service driver pcie_pme loaded
[    0.486242] pcieport 0000:00:18.3: Signaling PME through PCIe PME interrupt
[    0.486267] pcie_pme 0000:00:18.3:pcie01: service driver pcie_pme loaded
[    0.486326] pcieport 0000:00:18.4: Signaling PME through PCIe PME interrupt
[    0.486351] pcie_pme 0000:00:18.4:pcie01: service driver pcie_pme loaded
[    0.486410] pcieport 0000:00:18.5: Signaling PME through PCIe PME interrupt
[    0.486435] pcie_pme 0000:00:18.5:pcie01: service driver pcie_pme loaded
[    0.486493] pcieport 0000:00:18.6: Signaling PME through PCIe PME interrupt
[    0.486519] pcie_pme 0000:00:18.6:pcie01: service driver pcie_pme loaded
[    0.486577] pcieport 0000:00:18.7: Signaling PME through PCIe PME interrupt
[    0.486602] pcie_pme 0000:00:18.7:pcie01: service driver pcie_pme loaded
[    0.486620] pci_hotplug: PCI Hot Plug PCI Core version: 0.5
[    0.486678] pciehp 0000:00:15.0:pcie04: HPC vendor_id 15ad device_id 7a0 ss_vid 15ad ss_did 7a0
[    0.486737] pciehp 0000:00:15.0:pcie04: service driver pciehp loaded
[    0.486795] pciehp 0000:00:15.1:pcie04: HPC vendor_id 15ad device_id 7a0 ss_vid 15ad ss_did 7a0
[    0.486854] pciehp 0000:00:15.1:pcie04: service driver pciehp loaded
[    0.486912] pciehp 0000:00:15.2:pcie04: HPC vendor_id 15ad device_id 7a0 ss_vid 15ad ss_did 7a0
[    0.486970] pciehp 0000:00:15.2:pcie04: service driver pciehp loaded
[    0.487029] pciehp 0000:00:15.3:pcie04: HPC vendor_id 15ad device_id 7a0 ss_vid 15ad ss_did 7a0
[    0.487087] pciehp 0000:00:15.3:pcie04: service driver pciehp loaded
[    0.487146] pciehp 0000:00:15.4:pcie04: HPC vendor_id 15ad device_id 7a0 ss_vid 15ad ss_did 7a0
[    0.487204] pciehp 0000:00:15.4:pcie04: service driver pciehp loaded
[    0.487263] pciehp 0000:00:15.5:pcie04: HPC vendor_id 15ad device_id 7a0 ss_vid 15ad ss_did 7a0
[    0.487321] pciehp 0000:00:15.5:pcie04: service driver pciehp loaded
[    0.487379] pciehp 0000:00:15.6:pcie04: HPC vendor_id 15ad device_id 7a0 ss_vid 15ad ss_did 7a0
[    0.487438] pciehp 0000:00:15.6:pcie04: service driver pciehp loaded
[    0.487526] pciehp 0000:00:15.7:pcie04: HPC vendor_id 15ad device_id 7a0 ss_vid 15ad ss_did 7a0
[    0.491582] pciehp 0000:00:15.7:pcie04: service driver pciehp loaded
[    0.491641] pciehp 0000:00:16.0:pcie04: HPC vendor_id 15ad device_id 7a0 ss_vid 15ad ss_did 7a0
[    0.491699] pciehp 0000:00:16.0:pcie04: service driver pciehp loaded
[    0.491758] pciehp 0000:00:16.1:pcie04: HPC vendor_id 15ad device_id 7a0 ss_vid 15ad ss_did 7a0
[    0.491816] pciehp 0000:00:16.1:pcie04: service driver pciehp loaded
[    0.491874] pciehp 0000:00:16.2:pcie04: HPC vendor_id 15ad device_id 7a0 ss_vid 15ad ss_did 7a0
[    0.491933] pciehp 0000:00:16.2:pcie04: service driver pciehp loaded
[    0.491991] pciehp 0000:00:16.3:pcie04: HPC vendor_id 15ad device_id 7a0 ss_vid 15ad ss_did 7a0
[    0.492050] pciehp 0000:00:16.3:pcie04: service driver pciehp loaded
[    0.492108] pciehp 0000:00:16.4:pcie04: HPC vendor_id 15ad device_id 7a0 ss_vid 15ad ss_did 7a0
[    0.492167] pciehp 0000:00:16.4:pcie04: service driver pciehp loaded
[    0.492225] pciehp 0000:00:16.5:pcie04: HPC vendor_id 15ad device_id 7a0 ss_vid 15ad ss_did 7a0
[    0.492283] pciehp 0000:00:16.5:pcie04: service driver pciehp loaded
[    0.492342] pciehp 0000:00:16.6:pcie04: HPC vendor_id 15ad device_id 7a0 ss_vid 15ad ss_did 7a0
[    0.492400] pciehp 0000:00:16.6:pcie04: service driver pciehp loaded
[    0.492459] pciehp 0000:00:16.7:pcie04: HPC vendor_id 15ad device_id 7a0 ss_vid 15ad ss_did 7a0
[    0.492517] pciehp 0000:00:16.7:pcie04: service driver pciehp loaded
[    0.492576] pciehp 0000:00:17.0:pcie04: HPC vendor_id 15ad device_id 7a0 ss_vid 15ad ss_did 7a0
[    0.492634] pciehp 0000:00:17.0:pcie04: service driver pciehp loaded
[    0.492692] pciehp 0000:00:17.1:pcie04: HPC vendor_id 15ad device_id 7a0 ss_vid 15ad ss_did 7a0
[    0.492751] pciehp 0000:00:17.1:pcie04: service driver pciehp loaded
[    0.492809] pciehp 0000:00:17.2:pcie04: HPC vendor_id 15ad device_id 7a0 ss_vid 15ad ss_did 7a0
[    0.492868] pciehp 0000:00:17.2:pcie04: service driver pciehp loaded
[    0.492926] pciehp 0000:00:17.3:pcie04: HPC vendor_id 15ad device_id 7a0 ss_vid 15ad ss_did 7a0
[    0.492985] pciehp 0000:00:17.3:pcie04: service driver pciehp loaded
[    0.493043] pciehp 0000:00:17.4:pcie04: HPC vendor_id 15ad device_id 7a0 ss_vid 15ad ss_did 7a0
[    0.493102] pciehp 0000:00:17.4:pcie04: service driver pciehp loaded
[    0.493160] pciehp 0000:00:17.5:pcie04: HPC vendor_id 15ad device_id 7a0 ss_vid 15ad ss_did 7a0
[    0.493218] pciehp 0000:00:17.5:pcie04: service driver pciehp loaded
[    0.493277] pciehp 0000:00:17.6:pcie04: HPC vendor_id 15ad device_id 7a0 ss_vid 15ad ss_did 7a0
[    0.493335] pciehp 0000:00:17.6:pcie04: service driver pciehp loaded
[    0.493394] pciehp 0000:00:17.7:pcie04: HPC vendor_id 15ad device_id 7a0 ss_vid 15ad ss_did 7a0
[    0.493452] pciehp 0000:00:17.7:pcie04: service driver pciehp loaded
[    0.493511] pciehp 0000:00:18.0:pcie04: HPC vendor_id 15ad device_id 7a0 ss_vid 15ad ss_did 7a0
[    0.493569] pciehp 0000:00:18.0:pcie04: service driver pciehp loaded
[    0.493627] pciehp 0000:00:18.1:pcie04: HPC vendor_id 15ad device_id 7a0 ss_vid 15ad ss_did 7a0
[    0.493686] pciehp 0000:00:18.1:pcie04: service driver pciehp loaded
[    0.493744] pciehp 0000:00:18.2:pcie04: HPC vendor_id 15ad device_id 7a0 ss_vid 15ad ss_did 7a0
[    0.493803] pciehp 0000:00:18.2:pcie04: service driver pciehp loaded
[    0.493861] pciehp 0000:00:18.3:pcie04: HPC vendor_id 15ad device_id 7a0 ss_vid 15ad ss_did 7a0
[    0.493920] pciehp 0000:00:18.3:pcie04: service driver pciehp loaded
[    0.493978] pciehp 0000:00:18.4:pcie04: HPC vendor_id 15ad device_id 7a0 ss_vid 15ad ss_did 7a0
[    0.494036] pciehp 0000:00:18.4:pcie04: service driver pciehp loaded
[    0.494095] pciehp 0000:00:18.5:pcie04: HPC vendor_id 15ad device_id 7a0 ss_vid 15ad ss_did 7a0
[    0.494153] pciehp 0000:00:18.5:pcie04: service driver pciehp loaded
[    0.494212] pciehp 0000:00:18.6:pcie04: HPC vendor_id 15ad device_id 7a0 ss_vid 15ad ss_did 7a0
[    0.494270] pciehp 0000:00:18.6:pcie04: service driver pciehp loaded
[    0.494329] pciehp 0000:00:18.7:pcie04: HPC vendor_id 15ad device_id 7a0 ss_vid 15ad ss_did 7a0
[    0.494387] pciehp 0000:00:18.7:pcie04: service driver pciehp loaded
[    0.494395] pciehp: PCI Express Hot Plug Controller Driver version: 0.4
[    0.494453] ACPI: Deprecated procfs I/F for AC is loaded, please retry with CONFIG_ACPI_PROCFS_POWER cleared
[    0.494516] ACPI: AC Adapter [ACAD] (on-line)
[    0.499568] input: Power Button as /devices/LNXSYSTM:00/LNXPWRBN:00/input/input0
[    0.499575] ACPI: Power Button [PWRF]
[    0.515520] ERST: Table is not found!
[    0.515523] GHES: HEST is not enabled!
[    0.515625] Serial: 8250/16550 driver, 32 ports, IRQ sharing enabled
[    0.539400] serial8250: ttyS0 at I/O 0x3f8 (irq = 4) is a 16550A
[    0.539442] isapnp: Scanning for PnP cards...
[    0.675289] serial8250: ttyS1 at I/O 0x2f8 (irq = 3) is a 16550A
[    0.719137] 00:0a: ttyS0 at I/O 0x3f8 (irq = 4) is a 16550A
[    0.807174] 00:0b: ttyS1 at I/O 0x2f8 (irq = 3) is a 16550A
[    0.827260] Linux agpgart interface v0.103
[    0.827318] agpgart-intel 0000:00:00.0: Intel 440BX Chipset
[    0.827410] agpgart-intel 0000:00:00.0: AGP aperture is 256M @ 0x0
[    0.828128] brd: module loaded
[    0.828609] loop: module loaded
[    0.828667] ata_piix 0000:00:07.1: version 2.13
[    0.828752] scsi0 : ata_piix
[    0.831013] scsi1 : ata_piix
[    0.831053] ata1: PATA max UDMA/33 cmd 0x1f0 ctl 0x3f6 bmdma 0x10c0 irq 14
[    0.831056] ata2: PATA max UDMA/33 cmd 0x170 ctl 0x376 bmdma 0x10c8 irq 15
[    0.831117] Fixed MDIO Bus: probed
[    0.831130] tun: Universal TUN/TAP device driver, 1.6
[    0.831132] tun: (C) 1999-2004 Max Krasnyansky <maxk@qualcomm.com>
[    0.831184] PPP generic driver version 2.4.2
[    0.831244] ehci_hcd: USB 2.0 'Enhanced' Host Controller (EHCI) Driver
[    0.831275] ehci_hcd 0000:02:03.0: PCI INT A -> Link[LNKB] -> GSI 11 (level, low) -> IRQ 11
[    0.831321] ehci_hcd 0000:02:03.0: EHCI Host Controller
[    0.831357] ehci_hcd 0000:02:03.0: new USB bus registered, assigned bus number 1
[    0.831416] ehci_hcd 0000:02:03.0: cache line size of 32 is not supported
[    0.831424] ehci_hcd 0000:02:03.0: irq 11, io mem 0xc9000000
[    0.843023] ehci_hcd 0000:02:03.0: USB 2.0 started, EHCI 1.00
[    0.843154] hub 1-0:1.0: USB hub found
[    0.843158] hub 1-0:1.0: 6 ports detected
[    0.843217] ohci_hcd: USB 1.1 'Open' Host Controller (OHCI) Driver
[    0.843230] uhci_hcd: USB Universal Host Controller Interface driver
[    0.843267] uhci_hcd 0000:02:00.0: PCI INT A -> Link[LNKC] -> GSI 10 (level, low) -> IRQ 10
[    0.843307] uhci_hcd 0000:02:00.0: UHCI Host Controller
[    0.843348] uhci_hcd 0000:02:00.0: new USB bus registered, assigned bus number 2
[    0.843470] uhci_hcd 0000:02:00.0: irq 10, io base 0x000020c0
[    0.843596] hub 2-0:1.0: USB hub found
[    0.843599] hub 2-0:1.0: 2 ports detected
[    0.843658] usbcore: registered new interface driver libusual
[    0.843696] i8042: PNP: PS/2 Controller [PNP0303:KBC,PNP0f13:MOUS] at 0x60,0x64 irq 1,12
[    0.844051] serio: i8042 KBD port at 0x60,0x64 irq 1
[    0.844058] serio: i8042 AUX port at 0x60,0x64 irq 12
[    0.844147] mousedev: PS/2 mouse device common for all mice
[    0.844462] rtc_cmos 00:04: rtc core: registered rtc_cmos as rtc0
[    0.844520] rtc0: alarms up to one month, y3k, 114 bytes nvram, hpet irqs
[    0.844565] device-mapper: uevent: version 1.0.3
[    0.844614] device-mapper: ioctl: 4.22.0-ioctl (2011-10-19) initialised: dm-devel@redhat.com
[    0.844638] EISA: Probing bus 0 at eisa.0
[    0.844640] EISA: Cannot allocate resource for mainboard
[    0.844642] Cannot allocate resource for EISA slot 1
[    0.844643] Cannot allocate resource for EISA slot 2
[    0.844645] Cannot allocate resource for EISA slot 3
[    0.844646] Cannot allocate resource for EISA slot 4
[    0.844648] Cannot allocate resource for EISA slot 5
[    0.844650] Cannot allocate resource for EISA slot 6
[    0.844651] Cannot allocate resource for EISA slot 7
[    0.844653] Cannot allocate resource for EISA slot 8
[    0.844654] EISA: Detected 0 cards.
[    0.844661] cpufreq-nforce2: No nForce2 chipset.
[    0.844664] cpuidle: using governor ladder
[    0.844665] cpuidle: using governor menu
[    0.844667] EFI Variables Facility v0.08 2004-May-17
[    0.844725] TCP cubic registered
[    0.844784] NET: Registered protocol family 10
[    0.844842] NET: Registered protocol family 17
[    0.844847] Registering the dns_resolver key type
[    0.844883] Using IPI No-Shortcut mode
[    0.844976] PM: Hibernation image not present or could not be loaded.
[    0.844984] registered taskstats version 1
[    0.966898] Freeing initrd memory: 13836k freed
[    1.011540] input: AT Translated Set 2 keyboard as /devices/platform/i8042/serio0/input/input1
[    1.094699]   Magic number: 13:115:480
[    1.114640] rtc_cmos 00:04: setting system clock to 2013-05-27 11:27:54 UTC (1369654074)
[    1.114664] BIOS EDD facility v0.16 2004-Jun-25, 0 devices found
[    1.114666] EDD information not available.
[    1.114949] ata2.00: ATAPI: VMware Virtual IDE CDROM Drive, 00000001, max UDMA/33
[    1.115281] ata2.00: configured for UDMA/33
[    1.159014] isapnp: No Plug & Play device found
[    1.159249] scsi 1:0:0:0: CD-ROM            NECVMWar VMware IDE CDR10 1.00 PQ: 0 ANSI: 5
[    1.159863] sr0: scsi3-mmc drive: 306x/306x cd/rw xa/form2 cdda tray
[    1.159867] cdrom: Uniform CD-ROM driver Revision: 3.20
[    1.159965] sr 1:0:0:0: Attached scsi CD-ROM sr0
[    1.160126] sr 1:0:0:0: Attached scsi generic sg0 type 5
[    1.160239] Freeing unused kernel memory: 740k freed
[    1.160292] Write protecting the kernel text: 5816k
[    1.160301] Write protecting the kernel read-only data: 2376k
[    1.160303] NX-protecting the kernel data: 4424k
[    1.172076] udevd[85]: starting version 175
[    1.186886] VMware vmxnet3 virtual NIC driver - version 1.1.29.0-k-NAPI
[    1.190936] VMware PVSCSI driver - version 1.0.1.0-k
[    1.195808] VMware vmxnet virtual NIC driver
[    1.195861] ACPI: PCI Interrupt Link [LNKD] enabled at IRQ 5
[    1.195864] PCI: setting IRQ 5 as level-triggered
[    1.195870] vmxnet 0000:02:01.0: PCI INT A -> Link[LNKD] -> GSI 5 (level, low) -> IRQ 5
[    1.195923] Found vmxnet/PCI at 0x2024, irq 5.
[    1.195975] features:
[    1.195987] numRxBuffers = 100, numRxBuffers2 = 1
[    1.196040] vmxnet 0000:02:01.0: eth0: set_features() failed (-1); wanted 0x00004000, left 0x00004800
[    1.226452] usb 2-1: new full-speed USB device number 2 using uhci_hcd
[    1.235714] Fusion MPT base driver 3.04.20
[    1.235717] Copyright (c) 1999-2008 LSI Corporation
[    1.235912] Fusion MPT SPI Host driver 3.04.20
[    1.235955] mptspi 0000:00:10.0: PCI INT A -> Link[LNKB] -> GSI 11 (level, low) -> IRQ 11
[    1.236419] Floppy drive(s): fd0 is 1.44M
[    1.241079] mptbase: ioc0: Initiating bringup
[    1.250589] FDC 0 is a post-1991 82077
[    1.310360] ioc0: LSI53C1030 B0: Capabilities={Initiator}
[    1.359446] input: VMware VMware Virtual USB Mouse as /devices/pci0000:00/0000:00:11.0/0000:02:00.0/usb2/2-1/2-1:1.0/input/input2
[    1.359609] generic-usb 0003:0E0F:0003.0001: input,hidraw0: USB HID v1.10 Mouse [VMware VMware Virtual USB Mouse] on usb-0000:02:00.0-1/input0
[    1.360173] input: VMware VMware Virtual USB Mouse as /devices/pci0000:00/0000:00:11.0/0000:02:00.0/usb2/2-1/2-1:1.1/input/input3
[    1.360326] generic-usb 0003:0E0F:0003.0002: input,hidraw1: USB HID v1.10 Mouse [VMware VMware Virtual USB Mouse] on usb-0000:02:00.0-1/input1
[    1.360463] usbcore: registered new interface driver usbhid
[    1.360466] usbhid: USB HID core driver
[    1.470087] usb 2-2: new full-speed USB device number 3 using uhci_hcd
[    1.470173] scsi2 : ioc0: LSI53C1030 B0, FwRev=01032920h, Ports=1, MaxQ=128, IRQ=11
[    1.582897] scsi 2:0:0:0: Direct-Access     VMware,  VMware Virtual S 1.0  PQ: 0 ANSI: 2
[    1.582907] scsi target2:0:0: Beginning Domain Validation
[    1.583484] scsi target2:0:0: Domain Validation skipping write tests
[    1.583488] scsi target2:0:0: Ending Domain Validation
[    1.583540] scsi target2:0:0: FAST-40 WIDE SCSI 80.0 MB/s ST (25 ns, offset 127)
[    1.585783] sd 2:0:0:0: [sda] 41943040 512-byte logical blocks: (21.4 GB/20.0 GiB)
[    1.585840] sd 2:0:0:0: [sda] Write Protect is off
[    1.585843] sd 2:0:0:0: [sda] Mode Sense: 61 00 00 00
[    1.585926] sd 2:0:0:0: [sda] Cache data unavailable
[    1.585928] sd 2:0:0:0: [sda] Assuming drive cache: write through
[    1.586207] sd 2:0:0:0: [sda] Cache data unavailable
[    1.586210] sd 2:0:0:0: [sda] Assuming drive cache: write through
[    1.586883] sd 2:0:0:0: Attached scsi generic sg1 type 0
[    1.587415]  sda: sda1 sda2 < sda5 >
[    1.587805] sd 2:0:0:0: [sda] Cache data unavailable
[    1.587810] sd 2:0:0:0: [sda] Assuming drive cache: write through
[    1.587813] sd 2:0:0:0: [sda] Attached SCSI disk
[    1.602214] hub 2-2:1.0: USB hub found
[    1.602642] hub 2-2:1.0: 7 ports detected
[    1.629483] EXT4-fs (sda1): INFO: recovery required on readonly filesystem
[    1.629487] EXT4-fs (sda1): write access will be enabled during recovery
[    1.774448] EXT4-fs (sda1): recovery complete
[    1.775021] EXT4-fs (sda1): mounted filesystem with ordered data mode. Opts: (null)
[    3.539758] ADDRCONF(NETDEV_UP): eth0: link is not ready
[    3.549887] udevd[329]: starting version 175
[    3.596734] Adding 1046524k swap on /dev/sda5.  Priority:-1 extents:1 across:1046524k 
[    3.601185] lp: driver loaded but no devices found
[    3.710874] EXT4-fs (sda1): re-mounted. Opts: errors=remount-ro
[    3.716782] shpchp: Standard Hot Plug PCI Controller Driver version: 0.4
[    3.726700] [388]: VMCI: shared components initialized.
[    3.726705] Probing for vmci/PCI.
[    3.726927] ACPI: PCI Interrupt Link [LNKA] enabled at IRQ 9
[    3.726930] PCI: setting IRQ 9 as level-triggered
[    3.726936] vmci 0000:00:07.7: PCI INT A -> Link[LNKA] -> GSI 9 (level, low) -> IRQ 9
[    3.726981] Found vmci/PCI at 0x1080, irq 9.
[    3.727012] VMCI: using capabilities 0xc.
[    3.727086] [388]: VMCI: Host capability check passed.
[    3.727406] vmci 0000:00:07.7: irq 72 for MSI/MSI-X
[    3.727442] vmci 0000:00:07.7: irq 73 for MSI/MSI-X
[    3.727751] Registered vmci device.
[    3.734268] piix4_smbus 0000:00:07.3: Host SMBus controller not enabled!
[    3.763612] [388]: VMCI: Using guest personality
[    3.763616] [388]: VMCI: host components initialized.
[    3.763866] [388]: VMCI: Module registered (name=vmci,major=10,minor=57).
[    3.763869] [388]: VMCI: Using host personality
[    3.763871] [388]: VMCI: Module (name=vmci) is initialized
[    3.832834] ppdev: user-space parallel port driver
[    3.861609] parport_pc 00:09: reported by Plug and Play ACPI
[    3.861783] parport0: PC-style at 0x378, irq 7 [PCSPP,TRISTATE]
[    3.863031] Bluetooth: Core ver 2.16
[    3.863068] NET: Registered protocol family 31
[    3.863070] Bluetooth: HCI device and connection manager initialized
[    3.863073] Bluetooth: HCI socket layer initialized
[    3.863074] Bluetooth: L2CAP socket layer initialized
[    3.863079] Bluetooth: SCO socket layer initialized
[    3.876371] Bluetooth: BNEP (Ethernet Emulation) ver 1.3
[    3.876374] Bluetooth: BNEP filters: protocol multicast
[    3.958662] lp0: using parport0 (interrupt-driven).
[    3.965231] Bluetooth: RFCOMM TTY layer initialized
[    3.965237] Bluetooth: RFCOMM socket layer initialized
[    3.965239] Bluetooth: RFCOMM ver 1.11
[    3.972853] type=1400 audit(1369654077.358:2): apparmor="STATUS" operation="profile_load" name="/usr/lib/cups/backend/cups-pdf" pid=589 comm="apparmor_parser"
[    3.974121] type=1400 audit(1369654077.358:3): apparmor="STATUS" operation="profile_load" name="/usr/sbin/cupsd" pid=589 comm="apparmor_parser"
[    4.013240] type=1400 audit(1369654077.398:4): apparmor="STATUS" operation="profile_load" name="/sbin/dhclient" pid=603 comm="apparmor_parser"
[    4.013318] type=1400 audit(1369654077.398:5): apparmor="STATUS" operation="profile_load" name="/usr/lib/NetworkManager/nm-dhcp-client.action" pid=603 comm="apparmor_parser"
[    4.013392] type=1400 audit(1369654077.398:6): apparmor="STATUS" operation="profile_load" name="/usr/lib/connman/scripts/dhclient-script" pid=603 comm="apparmor_parser"
[    4.125578] input: ImPS/2 Generic Wheel Mouse as /devices/platform/i8042/serio1/input/input4
[    4.250699] snd_ens1371 0000:02:02.0: PCI INT A -> Link[LNKA] -> GSI 9 (level, low) -> IRQ 9
[    4.272941] init: failsafe main process (676) killed by TERM signal
[    4.367096] type=1400 audit(1369654077.754:7): apparmor="STATUS" operation="profile_load" name="/usr/lib/lightdm/lightdm/lightdm-guest-session-wrapper" pid=783 comm="apparmor_parser"
[    4.368171] type=1400 audit(1369654077.754:8): apparmor="STATUS" operation="profile_replace" name="/sbin/dhclient" pid=784 comm="apparmor_parser"
[    4.368570] type=1400 audit(1369654077.754:9): apparmor="STATUS" operation="profile_replace" name="/usr/lib/NetworkManager/nm-dhcp-client.action" pid=784 comm="apparmor_parser"
[    4.368643] type=1400 audit(1369654077.754:10): apparmor="STATUS" operation="profile_replace" name="/usr/lib/connman/scripts/dhclient-script" pid=784 comm="apparmor_parser"
[    4.548893] init: alsa-restore main process (851) terminated with status 19
