[    0.000000] Initializing cgroup subsys cpuset
[    0.000000] Initializing cgroup subsys cpu
[    0.000000] Linux version 3.2.0-29-generic-pae (buildd@roseapple) (gcc version 4.6.3 (Ubuntu/Linaro 4.6.3-1ubuntu5) ) #46-Ubuntu SMP Fri Jul 27 17:25:43 UTC 2012 (Ubuntu 3.2.0-29.46-generic-pae 3.2.24)
[    0.000000] KERNEL supported cpus:
[    0.000000]   Intel GenuineIntel
[    0.000000]   AMD AuthenticAMD
[    0.000000]   NSC Geode by NSC
[    0.000000]   Cyrix CyrixInstead
[    0.000000]   Centaur CentaurHauls
[    0.000000]   Transmeta GenuineTMx86
[    0.000000]   Transmeta TransmetaCPU
[    0.000000]   UMC UMC UMC UMC
[    0.000000] Disabled fast string operations
[    0.000000] BIOS-provided physical RAM map:
[    0.000000]  BIOS-e820: 0000000000000000 - 000000000009f000 (usable)
[    0.000000]  BIOS-e820: 000000000009f000 - 00000000000a0000 (reserved)
[    0.000000]  BIOS-e820: 00000000000ca000 - 00000000000cc000 (reserved)
[    0.000000]  BIOS-e820: 00000000000dc000 - 0000000000100000 (reserved)
[    0.000000]  BIOS-e820: 0000000000100000 - 000000003fee0000 (usable)
[    0.000000]  BIOS-e820: 000000003fee0000 - 000000003feff000 (ACPI data)
[    0.000000]  BIOS-e820: 000000003feff000 - 000000003ff00000 (ACPI NVS)
[    0.000000]  BIOS-e820: 000000003ff00000 - 0000000040000000 (usable)
[    0.000000]  BIOS-e820: 00000000e0000000 - 00000000f0000000 (reserved)
[    0.000000]  BIOS-e820: 00000000fec00000 - 00000000fec10000 (reserved)
[    0.000000]  BIOS-e820: 00000000fee00000 - 00000000fee01000 (reserved)
[    0.000000]  BIOS-e820: 00000000fffe0000 - 0000000100000000 (reserved)
[    0.000000] NX (Execute Disable) protection: active
[    0.000000] DMI present.
[    0.000000] DMI: VMware, Inc. VMware Virtual Platform/440BX Desktop Reference Platform, BIOS 6.00 07/02/2012
[    0.000000] Hypervisor detected: VMware
[    0.000000] e820 update range: 0000000000000000 - 0000000000010000 (usable) ==> (reserved)
[    0.000000] e820 remove range: 00000000000a0000 - 0000000000100000 (usable)
[    0.000000] last_pfn = 0x40000 max_arch_pfn = 0x1000000
[    0.000000] MTRR default type: uncachable
[    0.000000] MTRR fixed ranges enabled:
[    0.000000]   00000-9FFFF write-back
[    0.000000]   A0000-BFFFF uncachable
[    0.000000]   C0000-CBFFF write-protect
[    0.000000]   CC000-EFFFF uncachable
[    0.000000]   F0000-FFFFF write-protect
[    0.000000] MTRR variable ranges enabled:
[    0.000000]   0 base 0000000000 mask FFC0000000 write-back
[    0.000000]   1 disabled
[    0.000000]   2 disabled
[    0.000000]   3 disabled
[    0.000000]   4 disabled
[    0.000000]   5 disabled
[    0.000000]   6 disabled
[    0.000000]   7 disabled
[    0.000000] x86 PAT enabled: cpu 0, old 0x0, new 0x7010600070106
[    0.000000] found SMP MP-table at [c00f6bf0] f6bf0
[    0.000000] initial memory mapped : 0 - 02000000
[    0.000000] Base memory trampoline at [c009b000] 9b000 size 16384
[    0.000000] init_memory_mapping: 0000000000000000-0000000037bfe000
[    0.000000]  0000000000 - 0000200000 page 4k
[    0.000000]  0000200000 - 0037a00000 page 2M
[    0.000000]  0037a00000 - 0037bfe000 page 4k
[    0.000000] kernel direct mapping tables up to 37bfe000 @ 1ffb000-2000000
[    0.000000] RAMDISK: 364ea000 - 3726d000
[    0.000000] ACPI: RSDP 000f6b80 00024 (v02 PTLTD )
[    0.000000] ACPI: XSDT 3feed636 0005C (v01 INTEL  440BX    06040000 VMW  01324272)
[    0.000000] ACPI: FACP 3fefee98 000F4 (v04 INTEL  440BX    06040000 PTL  000F4240)
[    0.000000] ACPI: DSDT 3feee366 10B32 (v01 PTLTD  Custom   06040000 MSFT 03000001)
[    0.000000] ACPI: FACS 3fefffc0 00040
[    0.000000] ACPI: BOOT 3feee33e 00028 (v01 PTLTD  $SBFTBL$ 06040000  LTP 00000001)
[    0.000000] ACPI: APIC 3feedc3e 003C2 (v01 PTLTD  ? APIC   06040000  LTP 00000000)
[    0.000000] ACPI: MCFG 3feedc02 0003C (v01 PTLTD  $PCITBL$ 06040000  LTP 00000001)
[    0.000000] ACPI: SRAT 3feed732 004D0 (v02 VMWARE MEMPLUG  06040000 VMW  00000001)
[    0.000000] ACPI: HPET 3feed6fa 00038 (v01 VMWARE VMW HPET 06040000 VMW  00000001)
[    0.000000] ACPI: WAET 3feed6d2 00028 (v01 VMWARE VMW WAET 06040000 VMW  00000001)
[    0.000000] ACPI: Local APIC address 0xfee00000
[    0.000000] 132MB HIGHMEM available.
[    0.000000] 891MB LOWMEM available.
[    0.000000]   mapped low ram: 0 - 37bfe000
[    0.000000]   low ram: 0 - 37bfe000
[    0.000000] Zone PFN ranges:
[    0.000000]   DMA      0x00000010 -> 0x00001000
[    0.000000]   Normal   0x00001000 -> 0x00037bfe
[    0.000000]   HighMem  0x00037bfe -> 0x00040000
[    0.000000] Movable zone start PFN for each node
[    0.000000] early_node_map[3] active PFN ranges
[    0.000000]     0: 0x00000010 -> 0x0000009f
[    0.000000]     0: 0x00000100 -> 0x0003fee0
[    0.000000]     0: 0x0003ff00 -> 0x00040000
[    0.000000] On node 0 totalpages: 261999
[    0.000000] free_area_init_node: node 0, pgdat c1866a40, node_mem_map f73fd200
[    0.000000]   DMA zone: 32 pages used for memmap
[    0.000000]   DMA zone: 0 pages reserved
[    0.000000]   DMA zone: 3951 pages, LIFO batch:0
[    0.000000]   Normal zone: 1752 pages used for memmap
[    0.000000]   Normal zone: 222502 pages, LIFO batch:31
[    0.000000]   HighMem zone: 265 pages used for memmap
[    0.000000]   HighMem zone: 33497 pages, LIFO batch:7
[    0.000000] Using APIC driver default
[    0.000000] ACPI: PM-Timer IO Port: 0x1008
[    0.000000] ACPI: Local APIC address 0xfee00000
[    0.000000] ACPI: LAPIC (acpi_id[0x00] lapic_id[0x00] enabled)
[    0.000000] ACPI: LAPIC (acpi_id[0x01] lapic_id[0x02] disabled)
[    0.000000] ACPI: LAPIC (acpi_id[0x02] lapic_id[0x04] disabled)
[    0.000000] ACPI: LAPIC (acpi_id[0x03] lapic_id[0x06] disabled)
[    0.000000] ACPI: LAPIC (acpi_id[0x04] lapic_id[0x08] disabled)
[    0.000000] ACPI: LAPIC (acpi_id[0x05] lapic_id[0x0a] disabled)
[    0.000000] ACPI: LAPIC (acpi_id[0x06] lapic_id[0x0c] disabled)
[    0.000000] ACPI: LAPIC (acpi_id[0x07] lapic_id[0x0e] disabled)
[    0.000000] ACPI: LAPIC (acpi_id[0x08] lapic_id[0x10] disabled)
[    0.000000] ACPI: LAPIC (acpi_id[0x09] lapic_id[0x12] disabled)
[    0.000000] ACPI: LAPIC (acpi_id[0x0a] lapic_id[0x14] disabled)
[    0.000000] ACPI: LAPIC (acpi_id[0x0b] lapic_id[0x16] disabled)
[    0.000000] ACPI: LAPIC (acpi_id[0x0c] lapic_id[0x18] disabled)
[    0.000000] ACPI: LAPIC (acpi_id[0x0d] lapic_id[0x1a] disabled)
[    0.000000] ACPI: LAPIC (acpi_id[0x0e] lapic_id[0x1c] disabled)
[    0.000000] ACPI: LAPIC (acpi_id[0x0f] lapic_id[0x1e] disabled)
[    0.000000] ACPI: LAPIC (acpi_id[0x10] lapic_id[0x20] disabled)
[    0.000000] ACPI: LAPIC (acpi_id[0x11] lapic_id[0x22] disabled)
[    0.000000] ACPI: LAPIC (acpi_id[0x12] lapic_id[0x24] disabled)
[    0.000000] ACPI: LAPIC (acpi_id[0x13] lapic_id[0x26] disabled)
[    0.000000] ACPI: LAPIC (acpi_id[0x14] lapic_id[0x28] disabled)
[    0.000000] ACPI: LAPIC (acpi_id[0x15] lapic_id[0x2a] disabled)
[    0.000000] ACPI: LAPIC (acpi_id[0x16] lapic_id[0x2c] disabled)
[    0.000000] ACPI: LAPIC (acpi_id[0x17] lapic_id[0x2e] disabled)
[    0.000000] ACPI: LAPIC (acpi_id[0x18] lapic_id[0x30] disabled)
[    0.000000] ACPI: LAPIC (acpi_id[0x19] lapic_id[0x32] disabled)
[    0.000000] ACPI: LAPIC (acpi_id[0x1a] lapic_id[0x34] disabled)
[    0.000000] ACPI: LAPIC (acpi_id[0x1b] lapic_id[0x36] disabled)
[    0.000000] ACPI: LAPIC (acpi_id[0x1c] lapic_id[0x38] disabled)
[    0.000000] ACPI: LAPIC (acpi_id[0x1d] lapic_id[0x3a] disabled)
[    0.000000] ACPI: LAPIC (acpi_id[0x1e] lapic_id[0x3c] disabled)
[    0.000000] ACPI: LAPIC (acpi_id[0x1f] lapic_id[0x3e] disabled)
[    0.000000] ACPI: LAPIC (acpi_id[0x20] lapic_id[0x40] disabled)
[    0.000000] ACPI: LAPIC (acpi_id[0x21] lapic_id[0x42] disabled)
[    0.000000] ACPI: LAPIC (acpi_id[0x22] lapic_id[0x44] disabled)
[    0.000000] ACPI: LAPIC (acpi_id[0x23] lapic_id[0x46] disabled)
[    0.000000] ACPI: LAPIC (acpi_id[0x24] lapic_id[0x48] disabled)
[    0.000000] ACPI: LAPIC (acpi_id[0x25] lapic_id[0x4a] disabled)
[    0.000000] ACPI: LAPIC (acpi_id[0x26] lapic_id[0x4c] disabled)
[    0.000000] ACPI: LAPIC (acpi_id[0x27] lapic_id[0x4e] disabled)
[    0.000000] ACPI: LAPIC (acpi_id[0x28] lapic_id[0x50] disabled)
[    0.000000] ACPI: LAPIC (acpi_id[0x29] lapic_id[0x52] disabled)
[    0.000000] ACPI: LAPIC (acpi_id[0x2a] lapic_id[0x54] disabled)
[    0.000000] ACPI: LAPIC (acpi_id[0x2b] lapic_id[0x56] disabled)
[    0.000000] ACPI: LAPIC (acpi_id[0x2c] lapic_id[0x58] disabled)
[    0.000000] ACPI: LAPIC (acpi_id[0x2d] lapic_id[0x5a] disabled)
[    0.000000] ACPI: LAPIC (acpi_id[0x2e] lapic_id[0x5c] disabled)
[    0.000000] ACPI: LAPIC (acpi_id[0x2f] lapic_id[0x5e] disabled)
[    0.000000] ACPI: LAPIC (acpi_id[0x30] lapic_id[0x60] disabled)
[    0.000000] ACPI: LAPIC (acpi_id[0x31] lapic_id[0x62] disabled)
[    0.000000] ACPI: LAPIC (acpi_id[0x32] lapic_id[0x64] disabled)
[    0.000000] ACPI: LAPIC (acpi_id[0x33] lapic_id[0x66] disabled)
[    0.000000] ACPI: LAPIC (acpi_id[0x34] lapic_id[0x68] disabled)
[    0.000000] ACPI: LAPIC (acpi_id[0x35] lapic_id[0x6a] disabled)
[    0.000000] ACPI: LAPIC (acpi_id[0x36] lapic_id[0x6c] disabled)
[    0.000000] ACPI: LAPIC (acpi_id[0x37] lapic_id[0x6e] disabled)
[    0.000000] ACPI: LAPIC (acpi_id[0x38] lapic_id[0x70] disabled)
[    0.000000] ACPI: LAPIC (acpi_id[0x39] lapic_id[0x72] disabled)
[    0.000000] ACPI: LAPIC (acpi_id[0x3a] lapic_id[0x74] disabled)
[    0.000000] ACPI: LAPIC (acpi_id[0x3b] lapic_id[0x76] disabled)
[    0.000000] ACPI: LAPIC (acpi_id[0x3c] lapic_id[0x78] disabled)
[    0.000000] ACPI: LAPIC (acpi_id[0x3d] lapic_id[0x7a] disabled)
[    0.000000] ACPI: LAPIC (acpi_id[0x3e] lapic_id[0x7c] disabled)
[    0.000000] ACPI: LAPIC (acpi_id[0x3f] lapic_id[0x7e] disabled)
[    0.000000] ACPI: LAPIC_NMI (acpi_id[0x00] high edge lint[0x1])
[    0.000000] ACPI: LAPIC_NMI (acpi_id[0x01] high edge lint[0x1])
[    0.000000] ACPI: LAPIC_NMI (acpi_id[0x02] high edge lint[0x1])
[    0.000000] ACPI: LAPIC_NMI (acpi_id[0x03] high edge lint[0x1])
[    0.000000] ACPI: LAPIC_NMI (acpi_id[0x04] high edge lint[0x1])
[    0.000000] ACPI: LAPIC_NMI (acpi_id[0x05] high edge lint[0x1])
[    0.000000] ACPI: LAPIC_NMI (acpi_id[0x06] high edge lint[0x1])
[    0.000000] ACPI: LAPIC_NMI (acpi_id[0x07] high edge lint[0x1])
[    0.000000] ACPI: LAPIC_NMI (acpi_id[0x08] high edge lint[0x1])
[    0.000000] ACPI: LAPIC_NMI (acpi_id[0x09] high edge lint[0x1])
[    0.000000] ACPI: LAPIC_NMI (acpi_id[0x0a] high edge lint[0x1])
[    0.000000] ACPI: LAPIC_NMI (acpi_id[0x0b] high edge lint[0x1])
[    0.000000] ACPI: LAPIC_NMI (acpi_id[0x0c] high edge lint[0x1])
[    0.000000] ACPI: LAPIC_NMI (acpi_id[0x0d] high edge lint[0x1])
[    0.000000] ACPI: LAPIC_NMI (acpi_id[0x0e] high edge lint[0x1])
[    0.000000] ACPI: LAPIC_NMI (acpi_id[0x0f] high edge lint[0x1])
[    0.000000] ACPI: LAPIC_NMI (acpi_id[0x10] high edge lint[0x1])
[    0.000000] ACPI: LAPIC_NMI (acpi_id[0x11] high edge lint[0x1])
[    0.000000] ACPI: LAPIC_NMI (acpi_id[0x12] high edge lint[0x1])
[    0.000000] ACPI: LAPIC_NMI (acpi_id[0x13] high edge lint[0x1])
[    0.000000] ACPI: LAPIC_NMI (acpi_id[0x14] high edge lint[0x1])
[    0.000000] ACPI: LAPIC_NMI (acpi_id[0x15] high edge lint[0x1])
[    0.000000] ACPI: LAPIC_NMI (acpi_id[0x16] high edge lint[0x1])
[    0.000000] ACPI: LAPIC_NMI (acpi_id[0x17] high edge lint[0x1])
[    0.000000] ACPI: LAPIC_NMI (acpi_id[0x18] high edge lint[0x1])
[    0.000000] ACPI: LAPIC_NMI (acpi_id[0x19] high edge lint[0x1])
[    0.000000] ACPI: LAPIC_NMI (acpi_id[0x1a] high edge lint[0x1])
[    0.000000] ACPI: LAPIC_NMI (acpi_id[0x1b] high edge lint[0x1])
[    0.000000] ACPI: LAPIC_NMI (acpi_id[0x1c] high edge lint[0x1])
[    0.000000] ACPI: LAPIC_NMI (acpi_id[0x1d] high edge lint[0x1])
[    0.000000] ACPI: LAPIC_NMI (acpi_id[0x1e] high edge lint[0x1])
[    0.000000] ACPI: LAPIC_NMI (acpi_id[0x1f] high edge lint[0x1])
[    0.000000] ACPI: LAPIC_NMI (acpi_id[0x20] high edge lint[0x1])
[    0.000000] ACPI: LAPIC_NMI (acpi_id[0x21] high edge lint[0x1])
[    0.000000] ACPI: LAPIC_NMI (acpi_id[0x22] high edge lint[0x1])
[    0.000000] ACPI: LAPIC_NMI (acpi_id[0x23] high edge lint[0x1])
[    0.000000] ACPI: LAPIC_NMI (acpi_id[0x24] high edge lint[0x1])
[    0.000000] ACPI: LAPIC_NMI (acpi_id[0x25] high edge lint[0x1])
[    0.000000] ACPI: LAPIC_NMI (acpi_id[0x26] high edge lint[0x1])
[    0.000000] ACPI: LAPIC_NMI (acpi_id[0x27] high edge lint[0x1])
[    0.000000] ACPI: LAPIC_NMI (acpi_id[0x28] high edge lint[0x1])
[    0.000000] ACPI: LAPIC_NMI (acpi_id[0x29] high edge lint[0x1])
[    0.000000] ACPI: LAPIC_NMI (acpi_id[0x2a] high edge lint[0x1])
[    0.000000] ACPI: LAPIC_NMI (acpi_id[0x2b] high edge lint[0x1])
[    0.000000] ACPI: LAPIC_NMI (acpi_id[0x2c] high edge lint[0x1])
[    0.000000] ACPI: LAPIC_NMI (acpi_id[0x2d] high edge lint[0x1])
[    0.000000] ACPI: LAPIC_NMI (acpi_id[0x2e] high edge lint[0x1])
[    0.000000] ACPI: LAPIC_NMI (acpi_id[0x2f] high edge lint[0x1])
[    0.000000] ACPI: LAPIC_NMI (acpi_id[0x30] high edge lint[0x1])
[    0.000000] ACPI: LAPIC_NMI (acpi_id[0x31] high edge lint[0x1])
[    0.000000] ACPI: LAPIC_NMI (acpi_id[0x32] high edge lint[0x1])
[    0.000000] ACPI: LAPIC_NMI (acpi_id[0x33] high edge lint[0x1])
[    0.000000] ACPI: LAPIC_NMI (acpi_id[0x34] high edge lint[0x1])
[    0.000000] ACPI: LAPIC_NMI (acpi_id[0x35] high edge lint[0x1])
[    0.000000] ACPI: LAPIC_NMI (acpi_id[0x36] high edge lint[0x1])
[    0.000000] ACPI: LAPIC_NMI (acpi_id[0x37] high edge lint[0x1])
[    0.000000] ACPI: LAPIC_NMI (acpi_id[0x38] high edge lint[0x1])
[    0.000000] ACPI: LAPIC_NMI (acpi_id[0x39] high edge lint[0x1])
[    0.000000] ACPI: LAPIC_NMI (acpi_id[0x3a] high edge lint[0x1])
[    0.000000] ACPI: LAPIC_NMI (acpi_id[0x3b] high edge lint[0x1])
[    0.000000] ACPI: LAPIC_NMI (acpi_id[0x3c] high edge lint[0x1])
[    0.000000] ACPI: LAPIC_NMI (acpi_id[0x3d] high edge lint[0x1])
[    0.000000] ACPI: LAPIC_NMI (acpi_id[0x3e] high edge lint[0x1])
[    0.000000] ACPI: LAPIC_NMI (acpi_id[0x3f] high edge lint[0x1])
[    0.000000] ACPI: Skipping IOAPIC probe due to 'noapic' option.
[    0.000000] Using ACPI for processor (LAPIC) configuration information
[    0.000000] ACPI: HPET id: 0x8086af01 base: 0xfed00000
[    0.000000] Intel MultiProcessor Specification v1.4
[    0.000000]     Virtual Wire compatibility mode.
[    0.000000] MPTABLE: OEM ID: INTEL   
[    0.000000] MPTABLE: Product ID: 440BX       
[    0.000000] MPTABLE: APIC at: 0xFEE00000
[    0.000000] IOAPIC[0]: apic_id 1, version 17, address 0xfec00000, GSI 0-23
[    0.000000] Processors: 1
[    0.000000] SMP: Allowing 1 CPUs, 0 hotplug CPUs
[    0.000000] nr_irqs_gsi: 40
[    0.000000] PM: Registered nosave memory: 000000000009f000 - 00000000000a0000
[    0.000000] PM: Registered nosave memory: 00000000000a0000 - 00000000000ca000
[    0.000000] PM: Registered nosave memory: 00000000000ca000 - 00000000000cc000
[    0.000000] PM: Registered nosave memory: 00000000000cc000 - 00000000000dc000
[    0.000000] PM: Registered nosave memory: 00000000000dc000 - 0000000000100000
[    0.000000] Allocating PCI resources starting at 40000000 (gap: 40000000:a0000000)
[    0.000000] Booting paravirtualized kernel on bare hardware
[    0.000000] setup_percpu: NR_CPUS:8 nr_cpumask_bits:8 nr_cpu_ids:1 nr_node_ids:1
[    0.000000] PERCPU: Embedded 14 pages/cpu @f73e8000 s34240 r0 d23104 u57344
[    0.000000] pcpu-alloc: s34240 r0 d23104 u57344 alloc=14*4096
[    0.000000] pcpu-alloc: [0] 0 
[    0.000000] Built 1 zonelists in Zone order, mobility grouping on.  Total pages: 259950
[    0.000000] Kernel command line: BOOT_IMAGE=/boot/vmlinuz-3.2.0-29-generic-pae root=UUID=007b598c-390d-4c65-84a1-4ff752d48633 ro quiet splash maxcpus=0
[    0.000000] PID hash table entries: 4096 (order: 2, 16384 bytes)
[    0.000000] Dentry cache hash table entries: 131072 (order: 7, 524288 bytes)
[    0.000000] Inode-cache hash table entries: 65536 (order: 6, 262144 bytes)
[    0.000000] Initializing CPU#0
[    0.000000] xsave/xrstor: enabled xstate_bv 0x7, cntxt size 0x340
[    0.000000] allocated 4194048 bytes of page_cgroup
[    0.000000] please try 'cgroup_disable=memory' option if you don't want memory cgroups
[    0.000000] Initializing HighMem for node 0 (00037bfe:00040000)
[    0.000000] Memory: 1010624k/1048576k available (5814k kernel code, 37372k reserved, 2841k data, 740k init, 135048k highmem)
[    0.000000] virtual kernel memory layout:
[    0.000000]     fixmap  : 0xfff16000 - 0xfffff000   ( 932 kB)
[    0.000000]     pkmap   : 0xffc00000 - 0xffe00000   (2048 kB)
[    0.000000]     vmalloc : 0xf83fe000 - 0xffbfe000   ( 120 MB)
[    0.000000]     lowmem  : 0xc0000000 - 0xf7bfe000   ( 891 MB)
[    0.000000]       .init : 0xc1875000 - 0xc192e000   ( 740 kB)
[    0.000000]       .data : 0xc15adb64 - 0xc1874240   (2841 kB)
[    0.000000]       .text : 0xc1000000 - 0xc15adb64   (5814 kB)
[    0.000000] Checking if this processor honours the WP bit even in supervisor mode...Ok.
[    0.000000] SLUB: Genslabs=15, HWalign=64, Order=0-3, MinObjects=0, CPUs=1, Nodes=1
[    0.000000] Hierarchical RCU implementation.
[    0.000000] 	RCU dyntick-idle grace-period acceleration is enabled.
[    0.000000] NR_IRQS:2304 nr_irqs:256 16
[    0.000000] CPU 0 irqstacks, hard=f5c08000 soft=f5c0a000
[    0.000000] Extended CMOS year: 2000
[    0.000000] Console: colour VGA+ 80x25
[    0.000000] console [tty0] enabled
[    0.000000] hpet clockevent registered
[    0.000000] TSC freq read from hypervisor : 2394.620 MHz
[    0.000000] Detected 2394.620 MHz processor.
[    0.000001] Calibrating delay loop (skipped) preset value.. 4789.24 BogoMIPS (lpj=9578480)
[    0.000004] pid_max: default: 32768 minimum: 301
[    0.000019] Security Framework initialized
[    0.000033] AppArmor: AppArmor initialized
[    0.000034] Yama: becoming mindful.
[    0.000069] Mount-cache hash table entries: 512
[    0.000147] Initializing cgroup subsys cpuacct
[    0.000151] Initializing cgroup subsys memory
[    0.000155] Initializing cgroup subsys devices
[    0.000157] Initializing cgroup subsys freezer
[    0.000159] Initializing cgroup subsys blkio
[    0.000163] Initializing cgroup subsys perf_event
[    0.000207] Disabled fast string operations
[    0.000210] CPU: Physical Processor ID: 0
[    0.000219] ENERGY_PERF_BIAS: Set to 'normal', was 'performance'
[    0.000220] ENERGY_PERF_BIAS: View and update with x86_energy_perf_policy(8)
[    0.000863] mce: CPU supports 0 MCE banks
[    0.001600] SMP alternatives: switching to UP code
[    0.020465] Freeing SMP alternatives: 24k freed
[    0.020471] ACPI: Core revision 20110623
[    0.026599] ACPI: setting ELCR to 0200 (from 0e20)
[    0.027759] ftrace: allocating 26545 entries in 52 pages
[    0.048764] SMP mode deactivated.
[    0.048802] SMP disabled
[    0.048804] Performance Events: generic architected perfmon v1, core PMU driver.
[    0.048816] ... version:                1
[    0.048817] ... bit width:              48
[    0.048819] ... generic registers:      4
[    0.048820] ... value mask:             0000ffffffffffff
[    0.048821] ... max period:             000000007fffffff
[    0.048822] ... fixed-purpose events:   0
[    0.048823] ... event mask:             000000000000000f
[    0.048924] NMI watchdog enabled, takes one hw-pmu counter.
[    0.048943] Brought up 1 CPUs
[    0.048945] Total of 1 processors activated (4789.24 BogoMIPS).
[    0.049047] devtmpfs: initialized
[    0.049115] EVM: security.selinux
[    0.049116] EVM: security.SMACK64
[    0.049117] EVM: security.capability
[    0.049141] PM: Registering ACPI NVS region at 3feff000 (4096 bytes)
[    0.049837] print_constraints: dummy: 
[    0.049921] RTC time:  9:35:02, date: 05/27/13
[    0.049949] NET: Registered protocol family 16
[    0.050019] EISA bus registered
[    0.050029] ACPI: bus type pci registered
[    0.050131] PCI: MMCONFIG for domain 0000 [bus 00-ff] at [mem 0xe0000000-0xefffffff] (base 0xe0000000)
[    0.050133] PCI: MMCONFIG at [mem 0xe0000000-0xefffffff] reserved in E820
[    0.050135] PCI: Using MMCONFIG for extended config space
[    0.050136] PCI: Using configuration type 1 for base access
[    0.050795] bio: create slab <bio-0> at 0
[    0.050870] ACPI: Added _OSI(Module Device)
[    0.050871] ACPI: Added _OSI(Processor Device)
[    0.050873] ACPI: Added _OSI(3.0 _SCP Extensions)
[    0.050874] ACPI: Added _OSI(Processor Aggregator Device)
[    0.052742] ACPI: EC: Look up EC in DSDT
[    0.057200] [Firmware Bug]: ACPI: BIOS _OSI(Linux) query ignored
[    0.064804] ACPI: Interpreter enabled
[    0.064812] ACPI: (supports S0 S1 S4 S5)
[    0.064836] ACPI: Using PIC for interrupt routing
[    0.106900] ACPI: No dock devices found.
[    0.106904] HEST: Table not found.
[    0.106909] PCI: Using host bridge windows from ACPI; if necessary, use "pci=nocrs" and report a bug
[    0.107814] ACPI: PCI Root Bridge [PCI0] (domain 0000 [bus 00-ff])
[    0.109399] pci_root PNP0A03:00: host bridge window [mem 0x000a0000-0x000bffff]
[    0.109402] pci_root PNP0A03:00: host bridge window [mem 0x000cc000-0x000cffff]
[    0.109405] pci_root PNP0A03:00: host bridge window [mem 0x000d0000-0x000d3fff]
[    0.109407] pci_root PNP0A03:00: host bridge window [mem 0x000d4000-0x000d7fff]
[    0.109410] pci_root PNP0A03:00: host bridge window [mem 0x000d8000-0x000dbfff]
[    0.109413] pci_root PNP0A03:00: host bridge window [mem 0xc0000000-0xfebfffff]
[    0.109415] pci_root PNP0A03:00: host bridge window [io  0x0000-0x0cf7]
[    0.109418] pci_root PNP0A03:00: host bridge window [io  0x0d00-0xfeff]
[    0.109482] pci 0000:00:00.0: [8086:7190] type 0 class 0x000600
[    0.110038] pci 0000:00:01.0: [8086:7191] type 1 class 0x000604
[    0.110546] pci 0000:00:07.0: [8086:7110] type 0 class 0x000601
[    0.111370] pci 0000:00:07.1: [8086:7111] type 0 class 0x000101
[    0.113329] pci 0000:00:07.1: reg 20: [io  0x10c0-0x10cf]
[    0.114046] pci 0000:00:07.3: [8086:7113] type 0 class 0x000680
[    0.115650] pci 0000:00:07.3: quirk: [io  0x1000-0x103f] claimed by PIIX4 ACPI
[    0.115663] pci 0000:00:07.3: quirk: [io  0x1040-0x104f] claimed by PIIX4 SMB
[    0.115907] pci 0000:00:07.7: [15ad:0740] type 0 class 0x000880
[    0.116375] pci 0000:00:07.7: reg 10: [io  0x1080-0x10bf]
[    0.116947] pci 0000:00:07.7: reg 14: [mem 0xc8000000-0xc8001fff 64bit]
[    0.118937] pci 0000:00:0f.0: [15ad:0405] type 0 class 0x000300
[    0.121024] pci 0000:00:0f.0: reg 10: [io  0x10d0-0x10df]
[    0.122962] pci 0000:00:0f.0: reg 14: [mem 0xd0000000-0xd7ffffff pref]
[    0.124919] pci 0000:00:0f.0: reg 18: [mem 0xc8800000-0xc8ffffff]
[    0.132746] pci 0000:00:0f.0: reg 30: [mem 0x00000000-0x00007fff pref]
[    0.133029] pci 0000:00:10.0: [1000:0030] type 0 class 0x000100
[    0.133575] pci 0000:00:10.0: reg 10: [io  0x1400-0x14ff]
[    0.134282] pci 0000:00:10.0: reg 14: [mem 0xc8040000-0xc805ffff 64bit]
[    0.134993] pci 0000:00:10.0: reg 1c: [mem 0xc8020000-0xc803ffff 64bit]
[    0.136040] pci 0000:00:10.0: reg 30: [mem 0x00000000-0x00003fff pref]
[    0.136187] pci 0000:00:11.0: [15ad:0790] type 1 class 0x000604
[    0.136848] pci 0000:00:15.0: [15ad:07a0] type 1 class 0x000604
[    0.137531] pci 0000:00:15.0: PME# supported from D0 D3hot D3cold
[    0.137553] pci 0000:00:15.0: PME# disabled
[    0.137768] pci 0000:00:15.1: [15ad:07a0] type 1 class 0x000604
[    0.138449] pci 0000:00:15.1: PME# supported from D0 D3hot D3cold
[    0.138471] pci 0000:00:15.1: PME# disabled
[    0.138683] pci 0000:00:15.2: [15ad:07a0] type 1 class 0x000604
[    0.139397] pci 0000:00:15.2: PME# supported from D0 D3hot D3cold
[    0.139419] pci 0000:00:15.2: PME# disabled
[    0.139632] pci 0000:00:15.3: [15ad:07a0] type 1 class 0x000604
[    0.140337] pci 0000:00:15.3: PME# supported from D0 D3hot D3cold
[    0.140359] pci 0000:00:15.3: PME# disabled
[    0.140572] pci 0000:00:15.4: [15ad:07a0] type 1 class 0x000604
[    0.141256] pci 0000:00:15.4: PME# supported from D0 D3hot D3cold
[    0.141278] pci 0000:00:15.4: PME# disabled
[    0.141497] pci 0000:00:15.5: [15ad:07a0] type 1 class 0x000604
[    0.142360] pci 0000:00:15.5: PME# supported from D0 D3hot D3cold
[    0.142386] pci 0000:00:15.5: PME# disabled
[    0.142653] pci 0000:00:15.6: [15ad:07a0] type 1 class 0x000604
[    0.143417] pci 0000:00:15.6: PME# supported from D0 D3hot D3cold
[    0.143439] pci 0000:00:15.6: PME# disabled
[    0.143653] pci 0000:00:15.7: [15ad:07a0] type 1 class 0x000604
[    0.144355] pci 0000:00:15.7: PME# supported from D0 D3hot D3cold
[    0.144376] pci 0000:00:15.7: PME# disabled
[    0.144589] pci 0000:00:16.0: [15ad:07a0] type 1 class 0x000604
[    0.145282] pci 0000:00:16.0: PME# supported from D0 D3hot D3cold
[    0.145303] pci 0000:00:16.0: PME# disabled
[    0.145516] pci 0000:00:16.1: [15ad:07a0] type 1 class 0x000604
[    0.146254] pci 0000:00:16.1: PME# supported from D0 D3hot D3cold
[    0.146276] pci 0000:00:16.1: PME# disabled
[    0.146489] pci 0000:00:16.2: [15ad:07a0] type 1 class 0x000604
[    0.147171] pci 0000:00:16.2: PME# supported from D0 D3hot D3cold
[    0.147193] pci 0000:00:16.2: PME# disabled
[    0.147405] pci 0000:00:16.3: [15ad:07a0] type 1 class 0x000604
[    0.148111] pci 0000:00:16.3: PME# supported from D0 D3hot D3cold
[    0.148133] pci 0000:00:16.3: PME# disabled
[    0.148346] pci 0000:00:16.4: [15ad:07a0] type 1 class 0x000604
[    0.149029] pci 0000:00:16.4: PME# supported from D0 D3hot D3cold
[    0.149051] pci 0000:00:16.4: PME# disabled
[    0.149271] pci 0000:00:16.5: [15ad:07a0] type 1 class 0x000604
[    0.149959] pci 0000:00:16.5: PME# supported from D0 D3hot D3cold
[    0.149981] pci 0000:00:16.5: PME# disabled
[    0.150194] pci 0000:00:16.6: [15ad:07a0] type 1 class 0x000604
[    0.150874] pci 0000:00:16.6: PME# supported from D0 D3hot D3cold
[    0.150895] pci 0000:00:16.6: PME# disabled
[    0.151108] pci 0000:00:16.7: [15ad:07a0] type 1 class 0x000604
[    0.151810] pci 0000:00:16.7: PME# supported from D0 D3hot D3cold
[    0.151832] pci 0000:00:16.7: PME# disabled
[    0.152045] pci 0000:00:17.0: [15ad:07a0] type 1 class 0x000604
[    0.152730] pci 0000:00:17.0: PME# supported from D0 D3hot D3cold
[    0.152751] pci 0000:00:17.0: PME# disabled
[    0.152964] pci 0000:00:17.1: [15ad:07a0] type 1 class 0x000604
[    0.153642] pci 0000:00:17.1: PME# supported from D0 D3hot D3cold
[    0.153664] pci 0000:00:17.1: PME# disabled
[    0.153885] pci 0000:00:17.2: [15ad:07a0] type 1 class 0x000604
[    0.154566] pci 0000:00:17.2: PME# supported from D0 D3hot D3cold
[    0.154588] pci 0000:00:17.2: PME# disabled
[    0.154879] pci 0000:00:17.3: [15ad:07a0] type 1 class 0x000604
[    0.155703] pci 0000:00:17.3: PME# supported from D0 D3hot D3cold
[    0.155728] pci 0000:00:17.3: PME# disabled
[    0.155987] pci 0000:00:17.4: [15ad:07a0] type 1 class 0x000604
[    0.156771] pci 0000:00:17.4: PME# supported from D0 D3hot D3cold
[    0.156795] pci 0000:00:17.4: PME# disabled
[    0.157042] pci 0000:00:17.5: [15ad:07a0] type 1 class 0x000604
[    0.157816] pci 0000:00:17.5: PME# supported from D0 D3hot D3cold
[    0.157840] pci 0000:00:17.5: PME# disabled
[    0.158079] pci 0000:00:17.6: [15ad:07a0] type 1 class 0x000604
[    0.158844] pci 0000:00:17.6: PME# supported from D0 D3hot D3cold
[    0.158868] pci 0000:00:17.6: PME# disabled
[    0.159106] pci 0000:00:17.7: [15ad:07a0] type 1 class 0x000604
[    0.159900] pci 0000:00:17.7: PME# supported from D0 D3hot D3cold
[    0.159924] pci 0000:00:17.7: PME# disabled
[    0.160165] pci 0000:00:18.0: [15ad:07a0] type 1 class 0x000604
[    0.160930] pci 0000:00:18.0: PME# supported from D0 D3hot D3cold
[    0.160954] pci 0000:00:18.0: PME# disabled
[    0.161193] pci 0000:00:18.1: [15ad:07a0] type 1 class 0x000604
[    0.161972] pci 0000:00:18.1: PME# supported from D0 D3hot D3cold
[    0.161996] pci 0000:00:18.1: PME# disabled
[    0.162235] pci 0000:00:18.2: [15ad:07a0] type 1 class 0x000604
[    0.163002] pci 0000:00:18.2: PME# supported from D0 D3hot D3cold
[    0.163026] pci 0000:00:18.2: PME# disabled
[    0.163265] pci 0000:00:18.3: [15ad:07a0] type 1 class 0x000604
[    0.164045] pci 0000:00:18.3: PME# supported from D0 D3hot D3cold
[    0.164069] pci 0000:00:18.3: PME# disabled
[    0.164310] pci 0000:00:18.4: [15ad:07a0] type 1 class 0x000604
[    0.165081] pci 0000:00:18.4: PME# supported from D0 D3hot D3cold
[    0.165105] pci 0000:00:18.4: PME# disabled
[    0.165350] pci 0000:00:18.5: [15ad:07a0] type 1 class 0x000604
[    0.166121] pci 0000:00:18.5: PME# supported from D0 D3hot D3cold
[    0.166145] pci 0000:00:18.5: PME# disabled
[    0.166384] pci 0000:00:18.6: [15ad:07a0] type 1 class 0x000604
[    0.167148] pci 0000:00:18.6: PME# supported from D0 D3hot D3cold
[    0.167171] pci 0000:00:18.6: PME# disabled
[    0.167410] pci 0000:00:18.7: [15ad:07a0] type 1 class 0x000604
[    0.168197] pci 0000:00:18.7: PME# supported from D0 D3hot D3cold
[    0.168221] pci 0000:00:18.7: PME# disabled
[    0.168844] pci 0000:00:01.0: PCI bridge to [bus 01-01]
[    0.169161] pci 0000:02:00.0: [15ad:0774] type 0 class 0x000c03
[    0.170497] pci 0000:02:00.0: reg 20: [io  0x20c0-0x20df]
[    0.171142] pci 0000:02:01.0: [1022:2000] type 0 class 0x000200
[    0.171427] pci 0000:02:01.0: reg 10: [io  0x2000-0x207f]
[    0.172959] pci 0000:02:01.0: reg 30: [mem 0x00000000-0x0000ffff pref]
[    0.173091] pci 0000:02:02.0: [1274:1371] type 0 class 0x000401
[    0.173423] pci 0000:02:02.0: reg 10: [io  0x2080-0x20bf]
[    0.175340] pci 0000:02:03.0: [15ad:0770] type 0 class 0x000c03
[    0.175615] pci 0000:02:03.0: reg 10: [mem 0xc9000000-0xc9000fff]
[    0.177368] pci 0000:00:11.0: PCI bridge to [bus 02-02] (subtractive decode)
[    0.177391] pci 0000:00:11.0:   bridge window [io  0x2000-0x3fff]
[    0.177415] pci 0000:00:11.0:   bridge window [mem 0xc9000000-0xca3fffff]
[    0.177459] pci 0000:00:11.0:   bridge window [mem 0xd8400000-0xd89fffff 64bit pref]
[    0.177461] pci 0000:00:11.0:   bridge window [mem 0x000a0000-0x000bffff] (subtractive decode)
[    0.177463] pci 0000:00:11.0:   bridge window [mem 0x000cc000-0x000cffff] (subtractive decode)
[    0.177464] pci 0000:00:11.0:   bridge window [mem 0x000d0000-0x000d3fff] (subtractive decode)
[    0.177466] pci 0000:00:11.0:   bridge window [mem 0x000d4000-0x000d7fff] (subtractive decode)
[    0.177467] pci 0000:00:11.0:   bridge window [mem 0x000d8000-0x000dbfff] (subtractive decode)
[    0.177469] pci 0000:00:11.0:   bridge window [mem 0xc0000000-0xfebfffff] (subtractive decode)
[    0.177471] pci 0000:00:11.0:   bridge window [io  0x0000-0x0cf7] (subtractive decode)
[    0.177472] pci 0000:00:11.0:   bridge window [io  0x0d00-0xfeff] (subtractive decode)
[    0.177946] pci 0000:00:15.0: PCI bridge to [bus 03-03]
[    0.177969] pci 0000:00:15.0:   bridge window [io  0x4000-0x4fff]
[    0.177992] pci 0000:00:15.0:   bridge window [mem 0xca400000-0xca4fffff]
[    0.178036] pci 0000:00:15.0:   bridge window [mem 0xd8a00000-0xd8afffff 64bit pref]
[    0.178499] pci 0000:00:15.1: PCI bridge to [bus 04-04]
[    0.178522] pci 0000:00:15.1:   bridge window [io  0x8000-0x8fff]
[    0.178545] pci 0000:00:15.1:   bridge window [mem 0xca800000-0xca8fffff]
[    0.178588] pci 0000:00:15.1:   bridge window [mem 0xd8e00000-0xd8efffff 64bit pref]
[    0.179051] pci 0000:00:15.2: PCI bridge to [bus 05-05]
[    0.179074] pci 0000:00:15.2:   bridge window [io  0xc000-0xcfff]
[    0.179097] pci 0000:00:15.2:   bridge window [mem 0xcac00000-0xcacfffff]
[    0.179140] pci 0000:00:15.2:   bridge window [mem 0xd9200000-0xd92fffff 64bit pref]
[    0.179606] pci 0000:00:15.3: PCI bridge to [bus 06-06]
[    0.179649] pci 0000:00:15.3:   bridge window [mem 0xcb000000-0xcb0fffff]
[    0.179697] pci 0000:00:15.3:   bridge window [mem 0xd9600000-0xd96fffff 64bit pref]
[    0.180177] pci 0000:00:15.4: PCI bridge to [bus 07-07]
[    0.180222] pci 0000:00:15.4:   bridge window [mem 0xcb400000-0xcb4fffff]
[    0.180266] pci 0000:00:15.4:   bridge window [mem 0xd9a00000-0xd9afffff 64bit pref]
[    0.180737] pci 0000:00:15.5: PCI bridge to [bus 08-08]
[    0.180781] pci 0000:00:15.5:   bridge window [mem 0xcb800000-0xcb8fffff]
[    0.180825] pci 0000:00:15.5:   bridge window [mem 0xd9e00000-0xd9efffff 64bit pref]
[    0.181287] pci 0000:00:15.6: PCI bridge to [bus 09-09]
[    0.181330] pci 0000:00:15.6:   bridge window [mem 0xcbc00000-0xcbcfffff]
[    0.181374] pci 0000:00:15.6:   bridge window [mem 0xda200000-0xda2fffff 64bit pref]
[    0.181844] pci 0000:00:15.7: PCI bridge to [bus 0a-0a]
[    0.181887] pci 0000:00:15.7:   bridge window [mem 0xcc000000-0xcc0fffff]
[    0.181931] pci 0000:00:15.7:   bridge window [mem 0xda600000-0xda6fffff 64bit pref]
[    0.182391] pci 0000:00:16.0: PCI bridge to [bus 0b-0b]
[    0.182414] pci 0000:00:16.0:   bridge window [io  0x5000-0x5fff]
[    0.182437] pci 0000:00:16.0:   bridge window [mem 0xca500000-0xca5fffff]
[    0.182481] pci 0000:00:16.0:   bridge window [mem 0xd8b00000-0xd8bfffff 64bit pref]
[    0.182945] pci 0000:00:16.1: PCI bridge to [bus 0c-0c]
[    0.182967] pci 0000:00:16.1:   bridge window [io  0x9000-0x9fff]
[    0.182990] pci 0000:00:16.1:   bridge window [mem 0xca900000-0xca9fffff]
[    0.183034] pci 0000:00:16.1:   bridge window [mem 0xd8f00000-0xd8ffffff 64bit pref]
[    0.183495] pci 0000:00:16.2: PCI bridge to [bus 0d-0d]
[    0.183517] pci 0000:00:16.2:   bridge window [io  0xd000-0xdfff]
[    0.183540] pci 0000:00:16.2:   bridge window [mem 0xcad00000-0xcadfffff]
[    0.183584] pci 0000:00:16.2:   bridge window [mem 0xd9300000-0xd93fffff 64bit pref]
[    0.184070] pci 0000:00:16.3: PCI bridge to [bus 0e-0e]
[    0.184113] pci 0000:00:16.3:   bridge window [mem 0xcb100000-0xcb1fffff]
[    0.184157] pci 0000:00:16.3:   bridge window [mem 0xd9700000-0xd97fffff 64bit pref]
[    0.184619] pci 0000:00:16.4: PCI bridge to [bus 0f-0f]
[    0.184674] pci 0000:00:16.4:   bridge window [mem 0xcb500000-0xcb5fffff]
[    0.184718] pci 0000:00:16.4:   bridge window [mem 0xd9b00000-0xd9bfffff 64bit pref]
[    0.185179] pci 0000:00:16.5: PCI bridge to [bus 10-10]
[    0.185223] pci 0000:00:16.5:   bridge window [mem 0xcb900000-0xcb9fffff]
[    0.185266] pci 0000:00:16.5:   bridge window [mem 0xd9f00000-0xd9ffffff 64bit pref]
[    0.185728] pci 0000:00:16.6: PCI bridge to [bus 11-11]
[    0.185771] pci 0000:00:16.6:   bridge window [mem 0xcbd00000-0xcbdfffff]
[    0.185815] pci 0000:00:16.6:   bridge window [mem 0xda300000-0xda3fffff 64bit pref]
[    0.186276] pci 0000:00:16.7: PCI bridge to [bus 12-12]
[    0.186320] pci 0000:00:16.7:   bridge window [mem 0xcc100000-0xcc1fffff]
[    0.186364] pci 0000:00:16.7:   bridge window [mem 0xda700000-0xda7fffff 64bit pref]
[    0.186837] pci 0000:00:17.0: PCI bridge to [bus 13-13]
[    0.186860] pci 0000:00:17.0:   bridge window [io  0x6000-0x6fff]
[    0.186883] pci 0000:00:17.0:   bridge window [mem 0xca600000-0xca6fffff]
[    0.186926] pci 0000:00:17.0:   bridge window [mem 0xd8c00000-0xd8cfffff 64bit pref]
[    0.187388] pci 0000:00:17.1: PCI bridge to [bus 14-14]
[    0.187410] pci 0000:00:17.1:   bridge window [io  0xa000-0xafff]
[    0.187433] pci 0000:00:17.1:   bridge window [mem 0xcaa00000-0xcaafffff]
[    0.187477] pci 0000:00:17.1:   bridge window [mem 0xd9000000-0xd90fffff 64bit pref]
[    0.187962] pci 0000:00:17.2: PCI bridge to [bus 15-15]
[    0.187986] pci 0000:00:17.2:   bridge window [io  0xe000-0xefff]
[    0.188010] pci 0000:00:17.2:   bridge window [mem 0xcae00000-0xcaefffff]
[    0.188054] pci 0000:00:17.2:   bridge window [mem 0xd9400000-0xd94fffff 64bit pref]
[    0.188523] pci 0000:00:17.3: PCI bridge to [bus 16-16]
[    0.188567] pci 0000:00:17.3:   bridge window [mem 0xcb200000-0xcb2fffff]
[    0.188610] pci 0000:00:17.3:   bridge window [mem 0xd9800000-0xd98fffff 64bit pref]
[    0.189073] pci 0000:00:17.4: PCI bridge to [bus 17-17]
[    0.189117] pci 0000:00:17.4:   bridge window [mem 0xcb600000-0xcb6fffff]
[    0.189161] pci 0000:00:17.4:   bridge window [mem 0xd9c00000-0xd9cfffff 64bit pref]
[    0.189622] pci 0000:00:17.5: PCI bridge to [bus 18-18]
[    0.189678] pci 0000:00:17.5:   bridge window [mem 0xcba00000-0xcbafffff]
[    0.189722] pci 0000:00:17.5:   bridge window [mem 0xda000000-0xda0fffff 64bit pref]
[    0.190184] pci 0000:00:17.6: PCI bridge to [bus 19-19]
[    0.190227] pci 0000:00:17.6:   bridge window [mem 0xcbe00000-0xcbefffff]
[    0.190271] pci 0000:00:17.6:   bridge window [mem 0xda400000-0xda4fffff 64bit pref]
[    0.190740] pci 0000:00:17.7: PCI bridge to [bus 1a-1a]
[    0.190783] pci 0000:00:17.7:   bridge window [mem 0xcc200000-0xcc2fffff]
[    0.190827] pci 0000:00:17.7:   bridge window [mem 0xda800000-0xda8fffff 64bit pref]
[    0.191289] pci 0000:00:18.0: PCI bridge to [bus 1b-1b]
[    0.191311] pci 0000:00:18.0:   bridge window [io  0x7000-0x7fff]
[    0.191334] pci 0000:00:18.0:   bridge window [mem 0xca700000-0xca7fffff]
[    0.191378] pci 0000:00:18.0:   bridge window [mem 0xd8d00000-0xd8dfffff 64bit pref]
[    0.191914] pci 0000:00:18.1: PCI bridge to [bus 1c-1c]
[    0.191942] pci 0000:00:18.1:   bridge window [io  0xb000-0xbfff]
[    0.191971] pci 0000:00:18.1:   bridge window [mem 0xcab00000-0xcabfffff]
[    0.192025] pci 0000:00:18.1:   bridge window [mem 0xd9100000-0xd91fffff 64bit pref]
[    0.192591] pci 0000:00:18.2: PCI bridge to [bus 1d-1d]
[    0.192619] pci 0000:00:18.2:   bridge window [io  0xf000-0xffff]
[    0.192648] pci 0000:00:18.2:   bridge window [mem 0xcaf00000-0xcaffffff]
[    0.192702] pci 0000:00:18.2:   bridge window [mem 0xd9500000-0xd95fffff 64bit pref]
[    0.193267] pci 0000:00:18.3: PCI bridge to [bus 1e-1e]
[    0.193320] pci 0000:00:18.3:   bridge window [mem 0xcb300000-0xcb3fffff]
[    0.193374] pci 0000:00:18.3:   bridge window [mem 0xd9900000-0xd99fffff 64bit pref]
[    0.193947] pci 0000:00:18.4: PCI bridge to [bus 1f-1f]
[    0.193999] pci 0000:00:18.4:   bridge window [mem 0xcb700000-0xcb7fffff]
[    0.194053] pci 0000:00:18.4:   bridge window [mem 0xd9d00000-0xd9dfffff 64bit pref]
[    0.194614] pci 0000:00:18.5: PCI bridge to [bus 20-20]
[    0.194668] pci 0000:00:18.5:   bridge window [mem 0xcbb00000-0xcbbfffff]
[    0.194721] pci 0000:00:18.5:   bridge window [mem 0xda100000-0xda1fffff 64bit pref]
[    0.195283] pci 0000:00:18.6: PCI bridge to [bus 21-21]
[    0.195336] pci 0000:00:18.6:   bridge window [mem 0xcbf00000-0xcbffffff]
[    0.195390] pci 0000:00:18.6:   bridge window [mem 0xda500000-0xda5fffff 64bit pref]
[    0.195971] pci 0000:00:18.7: PCI bridge to [bus 22-22]
[    0.196025] pci 0000:00:18.7:   bridge window [mem 0xcc300000-0xcc3fffff]
[    0.196079] pci 0000:00:18.7:   bridge window [mem 0xda900000-0xda9fffff 64bit pref]
[    0.198063] pci_bus 0000:00: on NUMA node 0
[    0.198069] ACPI: PCI Interrupt Routing Table [\_SB_.PCI0._PRT]
[    0.198672]  pci0000:00: Requesting ACPI _OSC control (0x1d)
[    0.198875]  pci0000:00: ACPI _OSC control (0x15) granted
[    0.273284] ACPI: PCI Interrupt Link [LNKA] (IRQs 3 4 5 6 7 *9 10 11 14 15)
[    0.273356] ACPI: PCI Interrupt Link [LNKB] (IRQs 3 4 5 6 7 9 10 *11 14 15)
[    0.273423] ACPI: PCI Interrupt Link [LNKC] (IRQs 3 4 5 6 7 9 *10 11 14 15)
[    0.273490] ACPI: PCI Interrupt Link [LNKD] (IRQs 3 4 *5 6 7 9 10 11 14 15)
[    0.273634] vgaarb: device added: PCI:0000:00:0f.0,decodes=io+mem,owns=io+mem,locks=none
[    0.273643] vgaarb: loaded
[    0.273644] vgaarb: bridge control possible 0000:00:0f.0
[    0.273722] i2c-core: driver [aat2870] using legacy suspend method
[    0.273723] i2c-core: driver [aat2870] using legacy resume method
[    0.273784] SCSI subsystem initialized
[    0.273821] libata version 3.00 loaded.
[    0.273850] usbcore: registered new interface driver usbfs
[    0.273859] usbcore: registered new interface driver hub
[    0.273882] usbcore: registered new device driver usb
[    0.273944] PCI: Using ACPI for IRQ routing
[    0.341801] PCI: pci_cache_line_size set to 64 bytes
[    0.341821] pci 0000:00:18.2: no compatible bridge window for [io  0xf000-0xffff]
[    0.342766] reserve RAM buffer: 000000000009f000 - 000000000009ffff 
[    0.342768] reserve RAM buffer: 000000003fee0000 - 000000003fffffff 
[    0.342856] NetLabel: Initializing
[    0.342857] NetLabel:  domain hash size = 128
[    0.342858] NetLabel:  protocols = UNLABELED CIPSOv4
[    0.342865] NetLabel:  unlabeled traffic allowed by default
[    0.342915] hpet0: at MMIO 0xfed00000, IRQs 2, 8, 0, 0, 0, 0, 0, 0, 0, 0, 0, 0, 0, 0, 0, 0
[    0.342921] hpet0: 16 comparators, 64-bit 14.318180 MHz counter
[    0.345952] Switching to clocksource hpet
[    0.351293] AppArmor: AppArmor Filesystem Enabled
[    0.351311] pnp: PnP ACPI init
[    0.351326] ACPI: bus type pnp registered
[    0.351936] pnp 00:00: [bus 00-ff]
[    0.351938] pnp 00:00: [mem 0x000a0000-0x000bffff window]
[    0.351939] pnp 00:00: [mem 0x000c0000-0x000c3fff window]
[    0.351941] pnp 00:00: [mem 0x000c4000-0x000c7fff window]
[    0.351942] pnp 00:00: [mem 0x000c8000-0x000cbfff window]
[    0.351944] pnp 00:00: [mem 0x000cc000-0x000cffff window]
[    0.351945] pnp 00:00: [mem 0x000d0000-0x000d3fff window]
[    0.351947] pnp 00:00: [mem 0x000d4000-0x000d7fff window]
[    0.351948] pnp 00:00: [mem 0x000d8000-0x000dbfff window]
[    0.351950] pnp 00:00: [mem 0x000dc000-0x000dffff window]
[    0.351951] pnp 00:00: [mem 0x000e0000-0x000e3fff window]
[    0.351952] pnp 00:00: [mem 0x000e4000-0x000e7fff window]
[    0.351954] pnp 00:00: [mem 0x000e8000-0x000ebfff window]
[    0.351955] pnp 00:00: [mem 0x000ec000-0x000effff window]
[    0.351957] pnp 00:00: [mem 0xc0000000-0xfebfffff window]
[    0.351958] pnp 00:00: [io  0x0cf8-0x0cff]
[    0.351960] pnp 00:00: [io  0x0000-0x0cf7 window]
[    0.351961] pnp 00:00: [io  0x0d00-0xfeff window]
[    0.351998] pnp 00:00: Plug and Play ACPI device, IDs PNP0a03 PNP0a08 (active)
[    0.352058] pnp 00:01: [io  0x0010-0x001f]
[    0.352059] pnp 00:01: [io  0x0024-0x0025]
[    0.352060] pnp 00:01: [io  0x0028-0x0029]
[    0.352061] pnp 00:01: [io  0x002c-0x002d]
[    0.352062] pnp 00:01: [io  0x002e-0x002f]
[    0.352064] pnp 00:01: [io  0x0030-0x0031]
[    0.352065] pnp 00:01: [io  0x0034-0x0035]
[    0.352066] pnp 00:01: [io  0x0038-0x0039]
[    0.352067] pnp 00:01: [io  0x003c-0x003d]
[    0.352068] pnp 00:01: [io  0x0050-0x0053]
[    0.352069] pnp 00:01: [io  0x0072-0x0077]
[    0.352070] pnp 00:01: [io  0x0080]
[    0.352071] pnp 00:01: [io  0x0090-0x009f]
[    0.352073] pnp 00:01: [io  0x00a4-0x00a5]
[    0.352074] pnp 00:01: [io  0x00a8-0x00a9]
[    0.352075] pnp 00:01: [io  0x00ac-0x00ad]
[    0.352076] pnp 00:01: [io  0x00b0-0x00b5]
[    0.352077] pnp 00:01: [io  0x00b8-0x00b9]
[    0.352078] pnp 00:01: [io  0x00bc-0x00bd]
[    0.352080] pnp 00:01: [io  0x1000-0x103f]
[    0.352081] pnp 00:01: [io  0x1040-0x104f]
[    0.352082] pnp 00:01: [io  0x0cf0-0x0cf1]
[    0.352137] system 00:01: [io  0x1000-0x103f] has been reserved
[    0.352141] system 00:01: [io  0x1040-0x104f] has been reserved
[    0.352143] system 00:01: [io  0x0cf0-0x0cf1] has been reserved
[    0.352145] system 00:01: Plug and Play ACPI device, IDs PNP0c02 (active)
[    0.352152] pnp 00:02: [io  0x0000-0x000f]
[    0.352153] pnp 00:02: [io  0x0081-0x008f]
[    0.352154] pnp 00:02: [io  0x00c0-0x00df]
[    0.352156] pnp 00:02: [dma 4]
[    0.352171] pnp 00:02: Plug and Play ACPI device, IDs PNP0200 (active)
[    0.352176] pnp 00:03: [io  0x0020-0x0021]
[    0.352178] pnp 00:03: [io  0x00a0-0x00a1]
[    0.352179] pnp 00:03: [io  0x04d0-0x04d1]
[    0.352180] pnp 00:03: [irq 2 disabled]
[    0.352195] pnp 00:03: Plug and Play ACPI device, IDs PNP0001 (active)
[    0.352201] pnp 00:04: [io  0x0070-0x0071]
[    0.352204] pnp 00:04: [irq 8]
[    0.352216] pnp 00:04: Plug and Play ACPI device, IDs PNP0b00 (active)
[    0.352221] pnp 00:05: [io  0x0061]
[    0.352233] pnp 00:05: Plug and Play ACPI device, IDs PNP0800 (active)
[    0.352238] pnp 00:06: [io  0x0060]
[    0.352239] pnp 00:06: [io  0x0064]
[    0.352241] pnp 00:06: [irq 1]
[    0.352255] pnp 00:06: Plug and Play ACPI device, IDs PNP0303 (active)
[    0.352260] pnp 00:07: [irq 12]
[    0.352273] pnp 00:07: Plug and Play ACPI device, IDs PNP0f13 (active)
[    0.352439] pnp 00:08: [mem 0xfed00000-0xfed003ff]
[    0.352473] system 00:08: [mem 0xfed00000-0xfed003ff] has been reserved
[    0.352476] system 00:08: Plug and Play ACPI device, IDs PNP0103 PNP0c01 (active)
[    0.356869] pnp 00:09: [io  0x0378-0x037f]
[    0.356872] pnp 00:09: [irq 7]
[    0.358201] pnp 00:09: Plug and Play ACPI device, IDs PNP0400 (active)
[    0.362292] pnp 00:0a: [io  0x03f8-0x03ff]
[    0.362295] pnp 00:0a: [irq 4]
[    0.363629] pnp 00:0a: Plug and Play ACPI device, IDs PNP0501 (active)
[    0.367138] pnp 00:0b: [io  0x02f8-0x02ff]
[    0.367141] pnp 00:0b: [irq 3]
[    0.368311] pnp 00:0b: Plug and Play ACPI device, IDs PNP0501 (active)
[    0.373517] pnp 00:0c: [io  0x03f0-0x03f5]
[    0.373519] pnp 00:0c: [io  0x03f7]
[    0.373520] pnp 00:0c: [irq 6]
[    0.373522] pnp 00:0c: [dma 2]
[    0.374617] pnp 00:0c: Plug and Play ACPI device, IDs PNP0700 (active)
[    0.374780] pnp 00:0d: [mem 0xe0000000-0xefffffff]
[    0.374782] pnp 00:0d: [io  0x1060-0x107f]
[    0.374783] pnp 00:0d: [mem 0xc8200000-0xc83fffff]
[    0.374829] system 00:0d: [io  0x1060-0x107f] has been reserved
[    0.374832] system 00:0d: [mem 0xe0000000-0xefffffff] has been reserved
[    0.374834] system 00:0d: [mem 0xc8200000-0xc83fffff] has been reserved
[    0.374836] system 00:0d: Plug and Play ACPI device, IDs PNP0c02 (active)
[    0.379706] pnp: PnP ACPI: found 14 devices
[    0.379708] ACPI: ACPI bus type pnp unregistered
[    0.379711] PnPBIOS: Disabled by ACPI PNP
[    0.415357] PCI: max bus depth: 1 pci_try_num: 2
[    0.415376] pci 0000:00:0f.0: BAR 6: assigned [mem 0xc0000000-0xc0007fff pref]
[    0.415380] pci 0000:00:10.0: BAR 6: assigned [mem 0xc0008000-0xc000bfff pref]
[    0.415385] pci 0000:00:18.7: BAR 13: can't assign io (size 0x1000)
[    0.415388] pci 0000:00:18.6: BAR 13: can't assign io (size 0x1000)
[    0.415391] pci 0000:00:18.5: BAR 13: can't assign io (size 0x1000)
[    0.415394] pci 0000:00:18.4: BAR 13: can't assign io (size 0x1000)
[    0.415398] pci 0000:00:18.3: BAR 13: can't assign io (size 0x1000)
[    0.415401] pci 0000:00:18.2: BAR 13: can't assign io (size 0x1000)
[    0.415403] pci 0000:00:17.7: BAR 13: can't assign io (size 0x1000)
[    0.415406] pci 0000:00:17.6: BAR 13: can't assign io (size 0x1000)
[    0.415409] pci 0000:00:17.5: BAR 13: can't assign io (size 0x1000)
[    0.415412] pci 0000:00:17.4: BAR 13: can't assign io (size 0x1000)
[    0.415415] pci 0000:00:17.3: BAR 13: can't assign io (size 0x1000)
[    0.415418] pci 0000:00:16.7: BAR 13: can't assign io (size 0x1000)
[    0.415421] pci 0000:00:16.6: BAR 13: can't assign io (size 0x1000)
[    0.415424] pci 0000:00:16.5: BAR 13: can't assign io (size 0x1000)
[    0.415427] pci 0000:00:16.4: BAR 13: can't assign io (size 0x1000)
[    0.415430] pci 0000:00:16.3: BAR 13: can't assign io (size 0x1000)
[    0.415433] pci 0000:00:15.7: BAR 13: can't assign io (size 0x1000)
[    0.415436] pci 0000:00:15.6: BAR 13: can't assign io (size 0x1000)
[    0.415439] pci 0000:00:15.5: BAR 13: can't assign io (size 0x1000)
[    0.415442] pci 0000:00:15.4: BAR 13: can't assign io (size 0x1000)
[    0.415445] pci 0000:00:15.3: BAR 13: can't assign io (size 0x1000)
[    0.415448] pci 0000:00:01.0: PCI bridge to [bus 01-01]
[    0.415467] pci 0000:02:01.0: BAR 6: assigned [mem 0xd8400000-0xd840ffff pref]
[    0.415469] pci 0000:00:11.0: PCI bridge to [bus 02-02]
[    0.415483] pci 0000:00:11.0:   bridge window [io  0x2000-0x3fff]
[    0.415502] pci 0000:00:11.0:   bridge window [mem 0xc9000000-0xca3fffff]
[    0.415521] pci 0000:00:11.0:   bridge window [mem 0xd8400000-0xd89fffff 64bit pref]
[    0.415540] pci 0000:00:15.0: PCI bridge to [bus 03-03]
[    0.415553] pci 0000:00:15.0:   bridge window [io  0x4000-0x4fff]
[    0.415572] pci 0000:00:15.0:   bridge window [mem 0xca400000-0xca4fffff]
[    0.415591] pci 0000:00:15.0:   bridge window [mem 0xd8a00000-0xd8afffff 64bit pref]
[    0.415610] pci 0000:00:15.1: PCI bridge to [bus 04-04]
[    0.415624] pci 0000:00:15.1:   bridge window [io  0x8000-0x8fff]
[    0.415643] pci 0000:00:15.1:   bridge window [mem 0xca800000-0xca8fffff]
[    0.415662] pci 0000:00:15.1:   bridge window [mem 0xd8e00000-0xd8efffff 64bit pref]
[    0.415680] pci 0000:00:15.2: PCI bridge to [bus 05-05]
[    0.415694] pci 0000:00:15.2:   bridge window [io  0xc000-0xcfff]
[    0.415713] pci 0000:00:15.2:   bridge window [mem 0xcac00000-0xcacfffff]
[    0.415732] pci 0000:00:15.2:   bridge window [mem 0xd9200000-0xd92fffff 64bit pref]
[    0.415751] pci 0000:00:15.3: PCI bridge to [bus 06-06]
[    0.415770] pci 0000:00:15.3:   bridge window [mem 0xcb000000-0xcb0fffff]
[    0.415789] pci 0000:00:15.3:   bridge window [mem 0xd9600000-0xd96fffff 64bit pref]
[    0.415807] pci 0000:00:15.4: PCI bridge to [bus 07-07]
[    0.415826] pci 0000:00:15.4:   bridge window [mem 0xcb400000-0xcb4fffff]
[    0.415845] pci 0000:00:15.4:   bridge window [mem 0xd9a00000-0xd9afffff 64bit pref]
[    0.415864] pci 0000:00:15.5: PCI bridge to [bus 08-08]
[    0.415883] pci 0000:00:15.5:   bridge window [mem 0xcb800000-0xcb8fffff]
[    0.415902] pci 0000:00:15.5:   bridge window [mem 0xd9e00000-0xd9efffff 64bit pref]
[    0.415921] pci 0000:00:15.6: PCI bridge to [bus 09-09]
[    0.415940] pci 0000:00:15.6:   bridge window [mem 0xcbc00000-0xcbcfffff]
[    0.415958] pci 0000:00:15.6:   bridge window [mem 0xda200000-0xda2fffff 64bit pref]
[    0.415977] pci 0000:00:15.7: PCI bridge to [bus 0a-0a]
[    0.415996] pci 0000:00:15.7:   bridge window [mem 0xcc000000-0xcc0fffff]
[    0.416015] pci 0000:00:15.7:   bridge window [mem 0xda600000-0xda6fffff 64bit pref]
[    0.416034] pci 0000:00:16.0: PCI bridge to [bus 0b-0b]
[    0.416048] pci 0000:00:16.0:   bridge window [io  0x5000-0x5fff]
[    0.416067] pci 0000:00:16.0:   bridge window [mem 0xca500000-0xca5fffff]
[    0.416086] pci 0000:00:16.0:   bridge window [mem 0xd8b00000-0xd8bfffff 64bit pref]
[    0.416105] pci 0000:00:16.1: PCI bridge to [bus 0c-0c]
[    0.416119] pci 0000:00:16.1:   bridge window [io  0x9000-0x9fff]
[    0.416138] pci 0000:00:16.1:   bridge window [mem 0xca900000-0xca9fffff]
[    0.416157] pci 0000:00:16.1:   bridge window [mem 0xd8f00000-0xd8ffffff 64bit pref]
[    0.416176] pci 0000:00:16.2: PCI bridge to [bus 0d-0d]
[    0.416190] pci 0000:00:16.2:   bridge window [io  0xd000-0xdfff]
[    0.416209] pci 0000:00:16.2:   bridge window [mem 0xcad00000-0xcadfffff]
[    0.416228] pci 0000:00:16.2:   bridge window [mem 0xd9300000-0xd93fffff 64bit pref]
[    0.416246] pci 0000:00:16.3: PCI bridge to [bus 0e-0e]
[    0.416265] pci 0000:00:16.3:   bridge window [mem 0xcb100000-0xcb1fffff]
[    0.416284] pci 0000:00:16.3:   bridge window [mem 0xd9700000-0xd97fffff 64bit pref]
[    0.416303] pci 0000:00:16.4: PCI bridge to [bus 0f-0f]
[    0.416322] pci 0000:00:16.4:   bridge window [mem 0xcb500000-0xcb5fffff]
[    0.416341] pci 0000:00:16.4:   bridge window [mem 0xd9b00000-0xd9bfffff 64bit pref]
[    0.416360] pci 0000:00:16.5: PCI bridge to [bus 10-10]
[    0.416379] pci 0000:00:16.5:   bridge window [mem 0xcb900000-0xcb9fffff]
[    0.416397] pci 0000:00:16.5:   bridge window [mem 0xd9f00000-0xd9ffffff 64bit pref]
[    0.416416] pci 0000:00:16.6: PCI bridge to [bus 11-11]
[    0.416435] pci 0000:00:16.6:   bridge window [mem 0xcbd00000-0xcbdfffff]
[    0.416454] pci 0000:00:16.6:   bridge window [mem 0xda300000-0xda3fffff 64bit pref]
[    0.416473] pci 0000:00:16.7: PCI bridge to [bus 12-12]
[    0.416492] pci 0000:00:16.7:   bridge window [mem 0xcc100000-0xcc1fffff]
[    0.416511] pci 0000:00:16.7:   bridge window [mem 0xda700000-0xda7fffff 64bit pref]
[    0.416530] pci 0000:00:17.0: PCI bridge to [bus 13-13]
[    0.416544] pci 0000:00:17.0:   bridge window [io  0x6000-0x6fff]
[    0.416563] pci 0000:00:17.0:   bridge window [mem 0xca600000-0xca6fffff]
[    0.416582] pci 0000:00:17.0:   bridge window [mem 0xd8c00000-0xd8cfffff 64bit pref]
[    0.416600] pci 0000:00:17.1: PCI bridge to [bus 14-14]
[    0.416615] pci 0000:00:17.1:   bridge window [io  0xa000-0xafff]
[    0.416633] pci 0000:00:17.1:   bridge window [mem 0xcaa00000-0xcaafffff]
[    0.416652] pci 0000:00:17.1:   bridge window [mem 0xd9000000-0xd90fffff 64bit pref]
[    0.416671] pci 0000:00:17.2: PCI bridge to [bus 15-15]
[    0.416685] pci 0000:00:17.2:   bridge window [io  0xe000-0xefff]
[    0.416704] pci 0000:00:17.2:   bridge window [mem 0xcae00000-0xcaefffff]
[    0.416723] pci 0000:00:17.2:   bridge window [mem 0xd9400000-0xd94fffff 64bit pref]
[    0.416742] pci 0000:00:17.3: PCI bridge to [bus 16-16]
[    0.416761] pci 0000:00:17.3:   bridge window [mem 0xcb200000-0xcb2fffff]
[    0.416780] pci 0000:00:17.3:   bridge window [mem 0xd9800000-0xd98fffff 64bit pref]
[    0.416799] pci 0000:00:17.4: PCI bridge to [bus 17-17]
[    0.416818] pci 0000:00:17.4:   bridge window [mem 0xcb600000-0xcb6fffff]
[    0.416836] pci 0000:00:17.4:   bridge window [mem 0xd9c00000-0xd9cfffff 64bit pref]
[    0.416855] pci 0000:00:17.5: PCI bridge to [bus 18-18]
[    0.416874] pci 0000:00:17.5:   bridge window [mem 0xcba00000-0xcbafffff]
[    0.416893] pci 0000:00:17.5:   bridge window [mem 0xda000000-0xda0fffff 64bit pref]
[    0.416912] pci 0000:00:17.6: PCI bridge to [bus 19-19]
[    0.416931] pci 0000:00:17.6:   bridge window [mem 0xcbe00000-0xcbefffff]
[    0.416950] pci 0000:00:17.6:   bridge window [mem 0xda400000-0xda4fffff 64bit pref]
[    0.416969] pci 0000:00:17.7: PCI bridge to [bus 1a-1a]
[    0.416987] pci 0000:00:17.7:   bridge window [mem 0xcc200000-0xcc2fffff]
[    0.417006] pci 0000:00:17.7:   bridge window [mem 0xda800000-0xda8fffff 64bit pref]
[    0.417025] pci 0000:00:18.0: PCI bridge to [bus 1b-1b]
[    0.417039] pci 0000:00:18.0:   bridge window [io  0x7000-0x7fff]
[    0.417058] pci 0000:00:18.0:   bridge window [mem 0xca700000-0xca7fffff]
[    0.417077] pci 0000:00:18.0:   bridge window [mem 0xd8d00000-0xd8dfffff 64bit pref]
[    0.417096] pci 0000:00:18.1: PCI bridge to [bus 1c-1c]
[    0.417110] pci 0000:00:18.1:   bridge window [io  0xb000-0xbfff]
[    0.417129] pci 0000:00:18.1:   bridge window [mem 0xcab00000-0xcabfffff]
[    0.417148] pci 0000:00:18.1:   bridge window [mem 0xd9100000-0xd91fffff 64bit pref]
[    0.417166] pci 0000:00:18.2: PCI bridge to [bus 1d-1d]
[    0.417185] pci 0000:00:18.2:   bridge window [mem 0xcaf00000-0xcaffffff]
[    0.417204] pci 0000:00:18.2:   bridge window [mem 0xd9500000-0xd95fffff 64bit pref]
[    0.417223] pci 0000:00:18.3: PCI bridge to [bus 1e-1e]
[    0.417242] pci 0000:00:18.3:   bridge window [mem 0xcb300000-0xcb3fffff]
[    0.417261] pci 0000:00:18.3:   bridge window [mem 0xd9900000-0xd99fffff 64bit pref]
[    0.417280] pci 0000:00:18.4: PCI bridge to [bus 1f-1f]
[    0.417299] pci 0000:00:18.4:   bridge window [mem 0xcb700000-0xcb7fffff]
[    0.417317] pci 0000:00:18.4:   bridge window [mem 0xd9d00000-0xd9dfffff 64bit pref]
[    0.417336] pci 0000:00:18.5: PCI bridge to [bus 20-20]
[    0.417355] pci 0000:00:18.5:   bridge window [mem 0xcbb00000-0xcbbfffff]
[    0.417374] pci 0000:00:18.5:   bridge window [mem 0xda100000-0xda1fffff 64bit pref]
[    0.417393] pci 0000:00:18.6: PCI bridge to [bus 21-21]
[    0.417412] pci 0000:00:18.6:   bridge window [mem 0xcbf00000-0xcbffffff]
[    0.417431] pci 0000:00:18.6:   bridge window [mem 0xda500000-0xda5fffff 64bit pref]
[    0.417450] pci 0000:00:18.7: PCI bridge to [bus 22-22]
[    0.417468] pci 0000:00:18.7:   bridge window [mem 0xcc300000-0xcc3fffff]
[    0.417487] pci 0000:00:18.7:   bridge window [mem 0xda900000-0xda9fffff 64bit pref]
[    0.417506] pci 0000:00:01.0: setting latency timer to 64
[    0.417525] pci 0000:00:15.0: setting latency timer to 64
[    0.417544] pci 0000:00:15.1: setting latency timer to 64
[    0.417563] pci 0000:00:15.2: setting latency timer to 64
[    0.417582] pci 0000:00:15.3: setting latency timer to 64
[    0.417601] pci 0000:00:15.4: setting latency timer to 64
[    0.417619] pci 0000:00:15.5: setting latency timer to 64
[    0.417638] pci 0000:00:15.6: setting latency timer to 64
[    0.417657] pci 0000:00:15.7: setting latency timer to 64
[    0.417676] pci 0000:00:16.0: setting latency timer to 64
[    0.417695] pci 0000:00:16.1: setting latency timer to 64
[    0.417714] pci 0000:00:16.2: setting latency timer to 64
[    0.417733] pci 0000:00:16.3: setting latency timer to 64
[    0.417752] pci 0000:00:16.4: setting latency timer to 64
[    0.417770] pci 0000:00:16.5: setting latency timer to 64
[    0.417789] pci 0000:00:16.6: setting latency timer to 64
[    0.417858] pci 0000:00:16.7: setting latency timer to 64
[    0.417877] pci 0000:00:17.0: setting latency timer to 64
[    0.417896] pci 0000:00:17.1: setting latency timer to 64
[    0.417914] pci 0000:00:17.2: setting latency timer to 64
[    0.417933] pci 0000:00:17.3: setting latency timer to 64
[    0.417952] pci 0000:00:17.4: setting latency timer to 64
[    0.417971] pci 0000:00:17.5: setting latency timer to 64
[    0.417990] pci 0000:00:17.6: setting latency timer to 64
[    0.418009] pci 0000:00:17.7: setting latency timer to 64
[    0.418028] pci 0000:00:18.0: setting latency timer to 64
[    0.418047] pci 0000:00:18.1: setting latency timer to 64
[    0.418065] pci 0000:00:18.2: setting latency timer to 64
[    0.418084] pci 0000:00:18.3: setting latency timer to 64
[    0.418103] pci 0000:00:18.4: setting latency timer to 64
[    0.418122] pci 0000:00:18.5: setting latency timer to 64
[    0.418141] pci 0000:00:18.6: setting latency timer to 64
[    0.418160] pci 0000:00:18.7: setting latency timer to 64
[    0.418174] pci_bus 0000:00: resource 4 [mem 0x000a0000-0x000bffff]
[    0.418176] pci_bus 0000:00: resource 5 [mem 0x000cc000-0x000cffff]
[    0.418178] pci_bus 0000:00: resource 6 [mem 0x000d0000-0x000d3fff]
[    0.418180] pci_bus 0000:00: resource 7 [mem 0x000d4000-0x000d7fff]
[    0.418182] pci_bus 0000:00: resource 8 [mem 0x000d8000-0x000dbfff]
[    0.418185] pci_bus 0000:00: resource 9 [mem 0xc0000000-0xfebfffff]
[    0.418187] pci_bus 0000:00: resource 10 [io  0x0000-0x0cf7]
[    0.418189] pci_bus 0000:00: resource 11 [io  0x0d00-0xfeff]
[    0.418191] pci_bus 0000:02: resource 0 [io  0x2000-0x3fff]
[    0.418193] pci_bus 0000:02: resource 1 [mem 0xc9000000-0xca3fffff]
[    0.418195] pci_bus 0000:02: resource 2 [mem 0xd8400000-0xd89fffff 64bit pref]
[    0.418197] pci_bus 0000:02: resource 4 [mem 0x000a0000-0x000bffff]
[    0.418200] pci_bus 0000:02: resource 5 [mem 0x000cc000-0x000cffff]
[    0.418202] pci_bus 0000:02: resource 6 [mem 0x000d0000-0x000d3fff]
[    0.418204] pci_bus 0000:02: resource 7 [mem 0x000d4000-0x000d7fff]
[    0.418206] pci_bus 0000:02: resource 8 [mem 0x000d8000-0x000dbfff]
[    0.418208] pci_bus 0000:02: resource 9 [mem 0xc0000000-0xfebfffff]
[    0.418210] pci_bus 0000:02: resource 10 [io  0x0000-0x0cf7]
[    0.418212] pci_bus 0000:02: resource 11 [io  0x0d00-0xfeff]
[    0.418214] pci_bus 0000:03: resource 0 [io  0x4000-0x4fff]
[    0.418216] pci_bus 0000:03: resource 1 [mem 0xca400000-0xca4fffff]
[    0.418218] pci_bus 0000:03: resource 2 [mem 0xd8a00000-0xd8afffff 64bit pref]
[    0.418220] pci_bus 0000:04: resource 0 [io  0x8000-0x8fff]
[    0.418222] pci_bus 0000:04: resource 1 [mem 0xca800000-0xca8fffff]
[    0.418224] pci_bus 0000:04: resource 2 [mem 0xd8e00000-0xd8efffff 64bit pref]
[    0.418226] pci_bus 0000:05: resource 0 [io  0xc000-0xcfff]
[    0.418228] pci_bus 0000:05: resource 1 [mem 0xcac00000-0xcacfffff]
[    0.418231] pci_bus 0000:05: resource 2 [mem 0xd9200000-0xd92fffff 64bit pref]
[    0.418233] pci_bus 0000:06: resource 1 [mem 0xcb000000-0xcb0fffff]
[    0.418235] pci_bus 0000:06: resource 2 [mem 0xd9600000-0xd96fffff 64bit pref]
[    0.418237] pci_bus 0000:07: resource 1 [mem 0xcb400000-0xcb4fffff]
[    0.418239] pci_bus 0000:07: resource 2 [mem 0xd9a00000-0xd9afffff 64bit pref]
[    0.418242] pci_bus 0000:08: resource 1 [mem 0xcb800000-0xcb8fffff]
[    0.418244] pci_bus 0000:08: resource 2 [mem 0xd9e00000-0xd9efffff 64bit pref]
[    0.418246] pci_bus 0000:09: resource 1 [mem 0xcbc00000-0xcbcfffff]
[    0.418248] pci_bus 0000:09: resource 2 [mem 0xda200000-0xda2fffff 64bit pref]
[    0.418250] pci_bus 0000:0a: resource 1 [mem 0xcc000000-0xcc0fffff]
[    0.418252] pci_bus 0000:0a: resource 2 [mem 0xda600000-0xda6fffff 64bit pref]
[    0.418255] pci_bus 0000:0b: resource 0 [io  0x5000-0x5fff]
[    0.418257] pci_bus 0000:0b: resource 1 [mem 0xca500000-0xca5fffff]
[    0.418259] pci_bus 0000:0b: resource 2 [mem 0xd8b00000-0xd8bfffff 64bit pref]
[    0.418261] pci_bus 0000:0c: resource 0 [io  0x9000-0x9fff]
[    0.418263] pci_bus 0000:0c: resource 1 [mem 0xca900000-0xca9fffff]
[    0.418265] pci_bus 0000:0c: resource 2 [mem 0xd8f00000-0xd8ffffff 64bit pref]
[    0.418267] pci_bus 0000:0d: resource 0 [io  0xd000-0xdfff]
[    0.418269] pci_bus 0000:0d: resource 1 [mem 0xcad00000-0xcadfffff]
[    0.418271] pci_bus 0000:0d: resource 2 [mem 0xd9300000-0xd93fffff 64bit pref]
[    0.418274] pci_bus 0000:0e: resource 1 [mem 0xcb100000-0xcb1fffff]
[    0.418276] pci_bus 0000:0e: resource 2 [mem 0xd9700000-0xd97fffff 64bit pref]
[    0.418278] pci_bus 0000:0f: resource 1 [mem 0xcb500000-0xcb5fffff]
[    0.418280] pci_bus 0000:0f: resource 2 [mem 0xd9b00000-0xd9bfffff 64bit pref]
[    0.418282] pci_bus 0000:10: resource 1 [mem 0xcb900000-0xcb9fffff]
[    0.418285] pci_bus 0000:10: resource 2 [mem 0xd9f00000-0xd9ffffff 64bit pref]
[    0.418287] pci_bus 0000:11: resource 1 [mem 0xcbd00000-0xcbdfffff]
[    0.418289] pci_bus 0000:11: resource 2 [mem 0xda300000-0xda3fffff 64bit pref]
[    0.418291] pci_bus 0000:12: resource 1 [mem 0xcc100000-0xcc1fffff]
[    0.418293] pci_bus 0000:12: resource 2 [mem 0xda700000-0xda7fffff 64bit pref]
[    0.418295] pci_bus 0000:13: resource 0 [io  0x6000-0x6fff]
[    0.418298] pci_bus 0000:13: resource 1 [mem 0xca600000-0xca6fffff]
[    0.418300] pci_bus 0000:13: resource 2 [mem 0xd8c00000-0xd8cfffff 64bit pref]
[    0.418302] pci_bus 0000:14: resource 0 [io  0xa000-0xafff]
[    0.418304] pci_bus 0000:14: resource 1 [mem 0xcaa00000-0xcaafffff]
[    0.418306] pci_bus 0000:14: resource 2 [mem 0xd9000000-0xd90fffff 64bit pref]
[    0.418308] pci_bus 0000:15: resource 0 [io  0xe000-0xefff]
[    0.418310] pci_bus 0000:15: resource 1 [mem 0xcae00000-0xcaefffff]
[    0.418312] pci_bus 0000:15: resource 2 [mem 0xd9400000-0xd94fffff 64bit pref]
[    0.418315] pci_bus 0000:16: resource 1 [mem 0xcb200000-0xcb2fffff]
[    0.418317] pci_bus 0000:16: resource 2 [mem 0xd9800000-0xd98fffff 64bit pref]
[    0.418319] pci_bus 0000:17: resource 1 [mem 0xcb600000-0xcb6fffff]
[    0.418321] pci_bus 0000:17: resource 2 [mem 0xd9c00000-0xd9cfffff 64bit pref]
[    0.418323] pci_bus 0000:18: resource 1 [mem 0xcba00000-0xcbafffff]
[    0.418326] pci_bus 0000:18: resource 2 [mem 0xda000000-0xda0fffff 64bit pref]
[    0.418328] pci_bus 0000:19: resource 1 [mem 0xcbe00000-0xcbefffff]
[    0.418330] pci_bus 0000:19: resource 2 [mem 0xda400000-0xda4fffff 64bit pref]
[    0.418332] pci_bus 0000:1a: resource 1 [mem 0xcc200000-0xcc2fffff]
[    0.418334] pci_bus 0000:1a: resource 2 [mem 0xda800000-0xda8fffff 64bit pref]
[    0.418336] pci_bus 0000:1b: resource 0 [io  0x7000-0x7fff]
[    0.418338] pci_bus 0000:1b: resource 1 [mem 0xca700000-0xca7fffff]
[    0.418341] pci_bus 0000:1b: resource 2 [mem 0xd8d00000-0xd8dfffff 64bit pref]
[    0.418343] pci_bus 0000:1c: resource 0 [io  0xb000-0xbfff]
[    0.418345] pci_bus 0000:1c: resource 1 [mem 0xcab00000-0xcabfffff]
[    0.418347] pci_bus 0000:1c: resource 2 [mem 0xd9100000-0xd91fffff 64bit pref]
[    0.418349] pci_bus 0000:1d: resource 1 [mem 0xcaf00000-0xcaffffff]
[    0.418351] pci_bus 0000:1d: resource 2 [mem 0xd9500000-0xd95fffff 64bit pref]
[    0.418353] pci_bus 0000:1e: resource 1 [mem 0xcb300000-0xcb3fffff]
[    0.418356] pci_bus 0000:1e: resource 2 [mem 0xd9900000-0xd99fffff 64bit pref]
[    0.418358] pci_bus 0000:1f: resource 1 [mem 0xcb700000-0xcb7fffff]
[    0.418360] pci_bus 0000:1f: resource 2 [mem 0xd9d00000-0xd9dfffff 64bit pref]
[    0.418362] pci_bus 0000:20: resource 1 [mem 0xcbb00000-0xcbbfffff]
[    0.418364] pci_bus 0000:20: resource 2 [mem 0xda100000-0xda1fffff 64bit pref]
[    0.418366] pci_bus 0000:21: resource 1 [mem 0xcbf00000-0xcbffffff]
[    0.418369] pci_bus 0000:21: resource 2 [mem 0xda500000-0xda5fffff 64bit pref]
[    0.418371] pci_bus 0000:22: resource 1 [mem 0xcc300000-0xcc3fffff]
[    0.418373] pci_bus 0000:22: resource 2 [mem 0xda900000-0xda9fffff 64bit pref]
[    0.418392] NET: Registered protocol family 2
[    0.418411] IP route cache hash table entries: 32768 (order: 5, 131072 bytes)
[    0.418429] TCP established hash table entries: 131072 (order: 8, 1048576 bytes)
[    0.418448] TCP bind hash table entries: 65536 (order: 7, 524288 bytes)
[    0.418467] TCP: Hash tables configured (established 131072 bind 65536)
[    0.418470] TCP reno registered
[    0.418473] UDP hash table entries: 512 (order: 2, 16384 bytes)
[    0.418480] UDP-Lite hash table entries: 512 (order: 2, 16384 bytes)
[    0.418499] NET: Registered protocol family 1
[    0.418507] pci 0000:00:00.0: Limiting direct PCI/PCI transfers
[    0.418526] pci 0000:00:0f.0: Boot video device
[    0.418544] ACPI: PCI Interrupt Link [LNKC] enabled at IRQ 10
[    0.418547] PCI: setting IRQ 10 as level-triggered
[    0.418554] pci 0000:02:00.0: PCI INT A -> Link[LNKC] -> GSI 10 (level, low) -> IRQ 10
[    0.418597] pci 0000:02:00.0: PCI INT A disabled
[    0.418616] ACPI: PCI Interrupt Link [LNKB] enabled at IRQ 11
[    0.418618] PCI: setting IRQ 11 as level-triggered
[    0.418622] pci 0000:02:03.0: PCI INT A -> Link[LNKB] -> GSI 11 (level, low) -> IRQ 11
[    0.418641] pci 0000:02:03.0: PCI INT A disabled
[    0.418656] PCI: CLS 32 bytes, default 64
[    0.418698] Simple Boot Flag at 0x36 set to 0x1
[    0.418702] Switching to clocksource tsc
[    0.418825] audit: initializing netlink socket (disabled)
[    0.418831] type=2000 audit(1369647302.400:1): initialized
[    0.429898] Trying to unpack rootfs image as initramfs...
[    0.445945] highmem bounce pool size: 64 pages
[    0.445951] HugeTLB registered 2 MB page size, pre-allocated 0 pages
[    0.449969] VFS: Disk quotas dquot_6.5.2
[    0.449988] Dquot-cache hash table entries: 1024 (order 0, 4096 bytes)
[    0.453882] fuse init (API version 7.17)
[    0.453924] msgmni has been set to 1710
[    0.465831] Block layer SCSI generic (bsg) driver version 0.4 loaded (major 253)
[    0.465859] io scheduler noop registered
[    0.465861] io scheduler deadline registered
[    0.465867] io scheduler cfq registered (default)
[    0.465886] pcieport 0000:00:15.0: setting latency timer to 64
[    0.465905] pcieport 0000:00:15.0: irq 40 for MSI/MSI-X
[    0.465924] pcieport 0000:00:15.1: setting latency timer to 64
[    0.465943] pcieport 0000:00:15.1: irq 41 for MSI/MSI-X
[    0.465961] pcieport 0000:00:15.2: setting latency timer to 64
[    0.465980] pcieport 0000:00:15.2: irq 42 for MSI/MSI-X
[    0.465999] pcieport 0000:00:15.3: setting latency timer to 64
[    0.466018] pcieport 0000:00:15.3: irq 43 for MSI/MSI-X
[    0.466037] pcieport 0000:00:15.4: setting latency timer to 64
[    0.466056] pcieport 0000:00:15.4: irq 44 for MSI/MSI-X
[    0.466075] pcieport 0000:00:15.5: setting latency timer to 64
[    0.466094] pcieport 0000:00:15.5: irq 45 for MSI/MSI-X
[    0.466112] pcieport 0000:00:15.6: setting latency timer to 64
[    0.466131] pcieport 0000:00:15.6: irq 46 for MSI/MSI-X
[    0.466150] pcieport 0000:00:15.7: setting latency timer to 64
[    0.466169] pcieport 0000:00:15.7: irq 47 for MSI/MSI-X
[    0.466188] pcieport 0000:00:16.0: setting latency timer to 64
[    0.466207] pcieport 0000:00:16.0: irq 48 for MSI/MSI-X
[    0.466226] pcieport 0000:00:16.1: setting latency timer to 64
[    0.466245] pcieport 0000:00:16.1: irq 49 for MSI/MSI-X
[    0.466263] pcieport 0000:00:16.2: setting latency timer to 64
[    0.466282] pcieport 0000:00:16.2: irq 50 for MSI/MSI-X
[    0.466301] pcieport 0000:00:16.3: setting latency timer to 64
[    0.466320] pcieport 0000:00:16.3: irq 51 for MSI/MSI-X
[    0.466339] pcieport 0000:00:16.4: setting latency timer to 64
[    0.466358] pcieport 0000:00:16.4: irq 52 for MSI/MSI-X
[    0.466377] pcieport 0000:00:16.5: setting latency timer to 64
[    0.466396] pcieport 0000:00:16.5: irq 53 for MSI/MSI-X
[    0.466414] pcieport 0000:00:16.6: setting latency timer to 64
[    0.466433] pcieport 0000:00:16.6: irq 54 for MSI/MSI-X
[    0.466452] pcieport 0000:00:16.7: setting latency timer to 64
[    0.466471] pcieport 0000:00:16.7: irq 55 for MSI/MSI-X
[    0.466490] pcieport 0000:00:17.0: setting latency timer to 64
[    0.466509] pcieport 0000:00:17.0: irq 56 for MSI/MSI-X
[    0.466528] pcieport 0000:00:17.1: setting latency timer to 64
[    0.466547] pcieport 0000:00:17.1: irq 57 for MSI/MSI-X
[    0.466566] pcieport 0000:00:17.2: setting latency timer to 64
[    0.466584] pcieport 0000:00:17.2: irq 58 for MSI/MSI-X
[    0.466603] pcieport 0000:00:17.3: setting latency timer to 64
[    0.466622] pcieport 0000:00:17.3: irq 59 for MSI/MSI-X
[    0.466641] pcieport 0000:00:17.4: setting latency timer to 64
[    0.466660] pcieport 0000:00:17.4: irq 60 for MSI/MSI-X
[    0.466679] pcieport 0000:00:17.5: setting latency timer to 64
[    0.466698] pcieport 0000:00:17.5: irq 61 for MSI/MSI-X
[    0.466717] pcieport 0000:00:17.6: setting latency timer to 64
[    0.466735] pcieport 0000:00:17.6: irq 62 for MSI/MSI-X
[    0.466754] pcieport 0000:00:17.7: setting latency timer to 64
[    0.466773] pcieport 0000:00:17.7: irq 63 for MSI/MSI-X
[    0.466792] pcieport 0000:00:18.0: setting latency timer to 64
[    0.466811] pcieport 0000:00:18.0: irq 64 for MSI/MSI-X
[    0.466830] pcieport 0000:00:18.1: setting latency timer to 64
[    0.466849] pcieport 0000:00:18.1: irq 65 for MSI/MSI-X
[    0.466868] pcieport 0000:00:18.2: setting latency timer to 64
[    0.466886] pcieport 0000:00:18.2: irq 66 for MSI/MSI-X
[    0.466905] pcieport 0000:00:18.3: setting latency timer to 64
[    0.466924] pcieport 0000:00:18.3: irq 67 for MSI/MSI-X
[    0.466943] pcieport 0000:00:18.4: setting latency timer to 64
[    0.466962] pcieport 0000:00:18.4: irq 68 for MSI/MSI-X
[    0.466981] pcieport 0000:00:18.5: setting latency timer to 64
[    0.467000] pcieport 0000:00:18.5: irq 69 for MSI/MSI-X
[    0.467019] pcieport 0000:00:18.6: setting latency timer to 64
[    0.467037] pcieport 0000:00:18.6: irq 70 for MSI/MSI-X
[    0.467056] pcieport 0000:00:18.7: setting latency timer to 64
[    0.467075] pcieport 0000:00:18.7: irq 71 for MSI/MSI-X
[    0.467094] pcieport 0000:00:15.0: Signaling PME through PCIe PME interrupt
[    0.467113] pcie_pme 0000:00:15.0:pcie01: service driver pcie_pme loaded
[    0.467132] pcieport 0000:00:15.1: Signaling PME through PCIe PME interrupt
[    0.467151] pcie_pme 0000:00:15.1:pcie01: service driver pcie_pme loaded
[    0.467170] pcieport 0000:00:15.2: Signaling PME through PCIe PME interrupt
[    0.467188] pcie_pme 0000:00:15.2:pcie01: service driver pcie_pme loaded
[    0.467207] pcieport 0000:00:15.3: Signaling PME through PCIe PME interrupt
[    0.467226] pcie_pme 0000:00:15.3:pcie01: service driver pcie_pme loaded
[    0.467245] pcieport 0000:00:15.4: Signaling PME through PCIe PME interrupt
[    0.467264] pcie_pme 0000:00:15.4:pcie01: service driver pcie_pme loaded
[    0.467283] pcieport 0000:00:15.5: Signaling PME through PCIe PME interrupt
[    0.467302] pcie_pme 0000:00:15.5:pcie01: service driver pcie_pme loaded
[    0.467321] pcieport 0000:00:15.6: Signaling PME through PCIe PME interrupt
[    0.467339] pcie_pme 0000:00:15.6:pcie01: service driver pcie_pme loaded
[    0.467358] pcieport 0000:00:15.7: Signaling PME through PCIe PME interrupt
[    0.467377] pcie_pme 0000:00:15.7:pcie01: service driver pcie_pme loaded
[    0.467396] pcieport 0000:00:16.0: Signaling PME through PCIe PME interrupt
[    0.467415] pcie_pme 0000:00:16.0:pcie01: service driver pcie_pme loaded
[    0.467434] pcieport 0000:00:16.1: Signaling PME through PCIe PME interrupt
[    0.467453] pcie_pme 0000:00:16.1:pcie01: service driver pcie_pme loaded
[    0.467472] pcieport 0000:00:16.2: Signaling PME through PCIe PME interrupt
[    0.467491] pcie_pme 0000:00:16.2:pcie01: service driver pcie_pme loaded
[    0.467509] pcieport 0000:00:16.3: Signaling PME through PCIe PME interrupt
[    0.467528] pcie_pme 0000:00:16.3:pcie01: service driver pcie_pme loaded
[    0.467547] pcieport 0000:00:16.4: Signaling PME through PCIe PME interrupt
[    0.467566] pcie_pme 0000:00:16.4:pcie01: service driver pcie_pme loaded
[    0.467585] pcieport 0000:00:16.5: Signaling PME through PCIe PME interrupt
[    0.467604] pcie_pme 0000:00:16.5:pcie01: service driver pcie_pme loaded
[    0.467623] pcieport 0000:00:16.6: Signaling PME through PCIe PME interrupt
[    0.467642] pcie_pme 0000:00:16.6:pcie01: service driver pcie_pme loaded
[    0.467660] pcieport 0000:00:16.7: Signaling PME through PCIe PME interrupt
[    0.467679] pcie_pme 0000:00:16.7:pcie01: service driver pcie_pme loaded
[    0.467698] pcieport 0000:00:17.0: Signaling PME through PCIe PME interrupt
[    0.467717] pcie_pme 0000:00:17.0:pcie01: service driver pcie_pme loaded
[    0.467736] pcieport 0000:00:17.1: Signaling PME through PCIe PME interrupt
[    0.467755] pcie_pme 0000:00:17.1:pcie01: service driver pcie_pme loaded
[    0.467774] pcieport 0000:00:17.2: Signaling PME through PCIe PME interrupt
[    0.467793] pcie_pme 0000:00:17.2:pcie01: service driver pcie_pme loaded
[    0.467811] pcieport 0000:00:17.3: Signaling PME through PCIe PME interrupt
[    0.467830] pcie_pme 0000:00:17.3:pcie01: service driver pcie_pme loaded
[    0.467849] pcieport 0000:00:17.4: Signaling PME through PCIe PME interrupt
[    0.467868] pcie_pme 0000:00:17.4:pcie01: service driver pcie_pme loaded
[    0.467887] pcieport 0000:00:17.5: Signaling PME through PCIe PME interrupt
[    0.467906] pcie_pme 0000:00:17.5:pcie01: service driver pcie_pme loaded
[    0.467925] pcieport 0000:00:17.6: Signaling PME through PCIe PME interrupt
[    0.467944] pcie_pme 0000:00:17.6:pcie01: service driver pcie_pme loaded
[    0.467962] pcieport 0000:00:17.7: Signaling PME through PCIe PME interrupt
[    0.467981] pcie_pme 0000:00:17.7:pcie01: service driver pcie_pme loaded
[    0.468000] pcieport 0000:00:18.0: Signaling PME through PCIe PME interrupt
[    0.468019] pcie_pme 0000:00:18.0:pcie01: service driver pcie_pme loaded
[    0.468038] pcieport 0000:00:18.1: Signaling PME through PCIe PME interrupt
[    0.468057] pcie_pme 0000:00:18.1:pcie01: service driver pcie_pme loaded
[    0.468076] pcieport 0000:00:18.2: Signaling PME through PCIe PME interrupt
[    0.468095] pcie_pme 0000:00:18.2:pcie01: service driver pcie_pme loaded
[    0.468113] pcieport 0000:00:18.3: Signaling PME through PCIe PME interrupt
[    0.468132] pcie_pme 0000:00:18.3:pcie01: service driver pcie_pme loaded
[    0.468151] pcieport 0000:00:18.4: Signaling PME through PCIe PME interrupt
[    0.468170] pcie_pme 0000:00:18.4:pcie01: service driver pcie_pme loaded
[    0.468189] pcieport 0000:00:18.5: Signaling PME through PCIe PME interrupt
[    0.468208] pcie_pme 0000:00:18.5:pcie01: service driver pcie_pme loaded
[    0.468227] pcieport 0000:00:18.6: Signaling PME through PCIe PME interrupt
[    0.468246] pcie_pme 0000:00:18.6:pcie01: service driver pcie_pme loaded
[    0.468264] pcieport 0000:00:18.7: Signaling PME through PCIe PME interrupt
[    0.468283] pcie_pme 0000:00:18.7:pcie01: service driver pcie_pme loaded
[    0.468302] pci_hotplug: PCI Hot Plug PCI Core version: 0.5
[    0.468321] pciehp 0000:00:15.0:pcie04: HPC vendor_id 15ad device_id 7a0 ss_vid 15ad ss_did 7a0
[    0.468340] pciehp 0000:00:15.0:pcie04: service driver pciehp loaded
[    0.468359] pciehp 0000:00:15.1:pcie04: HPC vendor_id 15ad device_id 7a0 ss_vid 15ad ss_did 7a0
[    0.468378] pciehp 0000:00:15.1:pcie04: service driver pciehp loaded
[    0.468397] pciehp 0000:00:15.2:pcie04: HPC vendor_id 15ad device_id 7a0 ss_vid 15ad ss_did 7a0
[    0.468415] pciehp 0000:00:15.2:pcie04: service driver pciehp loaded
[    0.468434] pciehp 0000:00:15.3:pcie04: HPC vendor_id 15ad device_id 7a0 ss_vid 15ad ss_did 7a0
[    0.468453] pciehp 0000:00:15.3:pcie04: service driver pciehp loaded
[    0.468472] pciehp 0000:00:15.4:pcie04: HPC vendor_id 15ad device_id 7a0 ss_vid 15ad ss_did 7a0
[    0.468491] pciehp 0000:00:15.4:pcie04: service driver pciehp loaded
[    0.468510] pciehp 0000:00:15.5:pcie04: HPC vendor_id 15ad device_id 7a0 ss_vid 15ad ss_did 7a0
[    0.468529] pciehp 0000:00:15.5:pcie04: service driver pciehp loaded
[    0.468548] pciehp 0000:00:15.6:pcie04: HPC vendor_id 15ad device_id 7a0 ss_vid 15ad ss_did 7a0
[    0.468566] pciehp 0000:00:15.6:pcie04: service driver pciehp loaded
[    0.468585] pciehp 0000:00:15.7:pcie04: HPC vendor_id 15ad device_id 7a0 ss_vid 15ad ss_did 7a0
[    0.468604] pciehp 0000:00:15.7:pcie04: service driver pciehp loaded
[    0.468623] pciehp 0000:00:16.0:pcie04: HPC vendor_id 15ad device_id 7a0 ss_vid 15ad ss_did 7a0
[    0.468642] pciehp 0000:00:16.0:pcie04: service driver pciehp loaded
[    0.468661] pciehp 0000:00:16.1:pcie04: HPC vendor_id 15ad device_id 7a0 ss_vid 15ad ss_did 7a0
[    0.468680] pciehp 0000:00:16.1:pcie04: service driver pciehp loaded
[    0.468699] pciehp 0000:00:16.2:pcie04: HPC vendor_id 15ad device_id 7a0 ss_vid 15ad ss_did 7a0
[    0.468717] pciehp 0000:00:16.2:pcie04: service driver pciehp loaded
[    0.468736] pciehp 0000:00:16.3:pcie04: HPC vendor_id 15ad device_id 7a0 ss_vid 15ad ss_did 7a0
[    0.468755] pciehp 0000:00:16.3:pcie04: service driver pciehp loaded
[    0.468774] pciehp 0000:00:16.4:pcie04: HPC vendor_id 15ad device_id 7a0 ss_vid 15ad ss_did 7a0
[    0.468793] pciehp 0000:00:16.4:pcie04: service driver pciehp loaded
[    0.468812] pciehp 0000:00:16.5:pcie04: HPC vendor_id 15ad device_id 7a0 ss_vid 15ad ss_did 7a0
[    0.468831] pciehp 0000:00:16.5:pcie04: service driver pciehp loaded
[    0.468850] pciehp 0000:00:16.6:pcie04: HPC vendor_id 15ad device_id 7a0 ss_vid 15ad ss_did 7a0
[    0.468868] pciehp 0000:00:16.6:pcie04: service driver pciehp loaded
[    0.468887] pciehp 0000:00:16.7:pcie04: HPC vendor_id 15ad device_id 7a0 ss_vid 15ad ss_did 7a0
[    0.468906] pciehp 0000:00:16.7:pcie04: service driver pciehp loaded
[    0.468925] pciehp 0000:00:17.0:pcie04: HPC vendor_id 15ad device_id 7a0 ss_vid 15ad ss_did 7a0
[    0.468944] pciehp 0000:00:17.0:pcie04: service driver pciehp loaded
[    0.468963] pciehp 0000:00:17.1:pcie04: HPC vendor_id 15ad device_id 7a0 ss_vid 15ad ss_did 7a0
[    0.468982] pciehp 0000:00:17.1:pcie04: service driver pciehp loaded
[    0.469001] pciehp 0000:00:17.2:pcie04: HPC vendor_id 15ad device_id 7a0 ss_vid 15ad ss_did 7a0
[    0.469019] pciehp 0000:00:17.2:pcie04: service driver pciehp loaded
[    0.469038] pciehp 0000:00:17.3:pcie04: HPC vendor_id 15ad device_id 7a0 ss_vid 15ad ss_did 7a0
[    0.469057] pciehp 0000:00:17.3:pcie04: service driver pciehp loaded
[    0.469076] pciehp 0000:00:17.4:pcie04: HPC vendor_id 15ad device_id 7a0 ss_vid 15ad ss_did 7a0
[    0.469095] pciehp 0000:00:17.4:pcie04: service driver pciehp loaded
[    0.469114] pciehp 0000:00:17.5:pcie04: HPC vendor_id 15ad device_id 7a0 ss_vid 15ad ss_did 7a0
[    0.469133] pciehp 0000:00:17.5:pcie04: service driver pciehp loaded
[    0.469152] pciehp 0000:00:17.6:pcie04: HPC vendor_id 15ad device_id 7a0 ss_vid 15ad ss_did 7a0
[    0.469171] pciehp 0000:00:17.6:pcie04: service driver pciehp loaded
[    0.469189] pciehp 0000:00:17.7:pcie04: HPC vendor_id 15ad device_id 7a0 ss_vid 15ad ss_did 7a0
[    0.469208] pciehp 0000:00:17.7:pcie04: service driver pciehp loaded
[    0.469227] pciehp 0000:00:18.0:pcie04: HPC vendor_id 15ad device_id 7a0 ss_vid 15ad ss_did 7a0
[    0.469246] pciehp 0000:00:18.0:pcie04: service driver pciehp loaded
[    0.469265] pciehp 0000:00:18.1:pcie04: HPC vendor_id 15ad device_id 7a0 ss_vid 15ad ss_did 7a0
[    0.469284] pciehp 0000:00:18.1:pcie04: service driver pciehp loaded
[    0.469303] pciehp 0000:00:18.2:pcie04: HPC vendor_id 15ad device_id 7a0 ss_vid 15ad ss_did 7a0
[    0.469322] pciehp 0000:00:18.2:pcie04: service driver pciehp loaded
[    0.469340] pciehp 0000:00:18.3:pcie04: HPC vendor_id 15ad device_id 7a0 ss_vid 15ad ss_did 7a0
[    0.469359] pciehp 0000:00:18.3:pcie04: service driver pciehp loaded
[    0.469378] pciehp 0000:00:18.4:pcie04: HPC vendor_id 15ad device_id 7a0 ss_vid 15ad ss_did 7a0
[    0.469397] pciehp 0000:00:18.4:pcie04: service driver pciehp loaded
[    0.469416] pciehp 0000:00:18.5:pcie04: HPC vendor_id 15ad device_id 7a0 ss_vid 15ad ss_did 7a0
[    0.469435] pciehp 0000:00:18.5:pcie04: service driver pciehp loaded
[    0.469454] pciehp 0000:00:18.6:pcie04: HPC vendor_id 15ad device_id 7a0 ss_vid 15ad ss_did 7a0
[    0.469473] pciehp 0000:00:18.6:pcie04: service driver pciehp loaded
[    0.469491] pciehp 0000:00:18.7:pcie04: HPC vendor_id 15ad device_id 7a0 ss_vid 15ad ss_did 7a0
[    0.469510] pciehp 0000:00:18.7:pcie04: service driver pciehp loaded
[    0.469518] pciehp: PCI Express Hot Plug Controller Driver version: 0.4
[    0.469537] ACPI: Deprecated procfs I/F for AC is loaded, please retry with CONFIG_ACPI_PROCFS_POWER cleared
[    0.469560] ACPI: AC Adapter [ACAD] (on-line)
[    0.469605] input: Power Button as /devices/LNXSYSTM:00/LNXPWRBN:00/input/input0
[    0.469610] ACPI: Power Button [PWRF]
[    0.489790] ERST: Table is not found!
[    0.489794] GHES: HEST is not enabled!
[    0.489880] Serial: 8250/16550 driver, 32 ports, IRQ sharing enabled
[    0.513613] serial8250: ttyS0 at I/O 0x3f8 (irq = 4) is a 16550A
[    0.513648] isapnp: Scanning for PnP cards...
[    0.605564] serial8250: ttyS1 at I/O 0x2f8 (irq = 3) is a 16550A
[    0.693348] 00:0a: ttyS0 at I/O 0x3f8 (irq = 4) is a 16550A
[    0.737423] 00:0b: ttyS1 at I/O 0x2f8 (irq = 3) is a 16550A
[    0.797431] Linux agpgart interface v0.103
[    0.797450] agpgart-intel 0000:00:00.0: Intel 440BX Chipset
[    0.797496] agpgart-intel 0000:00:00.0: AGP aperture is 256M @ 0x0
[    0.801472] brd: module loaded
[    0.801687] loop: module loaded
[    0.801706] ata_piix 0000:00:07.1: version 2.13
[    0.801752] scsi0 : ata_piix
[    0.801788] scsi1 : ata_piix
[    0.801807] ata1: PATA max UDMA/33 cmd 0x1f0 ctl 0x3f6 bmdma 0x10c0 irq 14
[    0.801809] ata2: PATA max UDMA/33 cmd 0x170 ctl 0x376 bmdma 0x10c8 irq 15
[    0.801831] Fixed MDIO Bus: probed
[    0.801846] tun: Universal TUN/TAP device driver, 1.6
[    0.801848] tun: (C) 1999-2004 Max Krasnyansky <maxk@qualcomm.com>
[    0.801897] PPP generic driver version 2.4.2
[    0.801949] ehci_hcd: USB 2.0 'Enhanced' Host Controller (EHCI) Driver
[    0.801968] ehci_hcd 0000:02:03.0: PCI INT A -> Link[LNKB] -> GSI 11 (level, low) -> IRQ 11
[    0.801987] ehci_hcd 0000:02:03.0: EHCI Host Controller
[    0.802025] ehci_hcd 0000:02:03.0: new USB bus registered, assigned bus number 1
[    0.802044] ehci_hcd 0000:02:03.0: cache line size of 32 is not supported
[    0.802051] ehci_hcd 0000:02:03.0: irq 11, io mem 0xc9000000
[    0.813304] ehci_hcd 0000:02:03.0: USB 2.0 started, EHCI 1.00
[    0.813362] hub 1-0:1.0: USB hub found
[    0.813366] hub 1-0:1.0: 6 ports detected
[    0.813385] ohci_hcd: USB 1.1 'Open' Host Controller (OHCI) Driver
[    0.813398] uhci_hcd: USB Universal Host Controller Interface driver
[    0.813417] uhci_hcd 0000:02:00.0: PCI INT A -> Link[LNKC] -> GSI 10 (level, low) -> IRQ 10
[    0.813436] uhci_hcd 0000:02:00.0: UHCI Host Controller
[    0.813474] uhci_hcd 0000:02:00.0: new USB bus registered, assigned bus number 2
[    0.813517] uhci_hcd 0000:02:00.0: irq 10, io base 0x000020c0
[    0.813567] hub 2-0:1.0: USB hub found
[    0.813570] hub 2-0:1.0: 2 ports detected
[    0.813589] usbcore: registered new interface driver libusual
[    0.813608] i8042: PNP: PS/2 Controller [PNP0303:KBC,PNP0f13:MOUS] at 0x60,0x64 irq 1,12
[    0.813834] serio: i8042 KBD port at 0x60,0x64 irq 1
[    0.813842] serio: i8042 AUX port at 0x60,0x64 irq 12
[    0.813924] mousedev: PS/2 mouse device common for all mice
[    0.814076] rtc_cmos 00:04: rtc core: registered rtc_cmos as rtc0
[    0.814132] rtc0: alarms up to one month, y3k, 114 bytes nvram, hpet irqs
[    0.814151] device-mapper: uevent: version 1.0.3
[    0.814202] device-mapper: ioctl: 4.22.0-ioctl (2011-10-19) initialised: dm-devel@redhat.com
[    0.814221] EISA: Probing bus 0 at eisa.0
[    0.814224] EISA: Cannot allocate resource for mainboard
[    0.814227] Cannot allocate resource for EISA slot 1
[    0.814229] Cannot allocate resource for EISA slot 2
[    0.814231] Cannot allocate resource for EISA slot 3
[    0.814233] Cannot allocate resource for EISA slot 4
[    0.814235] Cannot allocate resource for EISA slot 5
[    0.814238] Cannot allocate resource for EISA slot 6
[    0.814240] Cannot allocate resource for EISA slot 7
[    0.814242] Cannot allocate resource for EISA slot 8
[    0.814244] EISA: Detected 0 cards.
[    0.814253] cpufreq-nforce2: No nForce2 chipset.
[    0.814265] cpuidle: using governor ladder
[    0.814267] cpuidle: using governor menu
[    0.814269] EFI Variables Facility v0.08 2004-May-17
[    0.814288] TCP cubic registered
[    0.814307] NET: Registered protocol family 10
[    0.814325] NET: Registered protocol family 17
[    0.814331] Registering the dns_resolver key type
[    0.814346] Using IPI No-Shortcut mode
[    0.814490] PM: Hibernation image not present or could not be loaded.
[    0.814501] registered taskstats version 1
[    0.814708] input: AT Translated Set 2 keyboard as /devices/platform/i8042/serio0/input/input1
[    0.905201] Freeing initrd memory: 13836k freed
[    1.077014]   Magic number: 13:6:577
[    1.077018]   hash matches /build/buildd/linux-3.2.0/drivers/base/power/main.c:600
[    1.096960] rtc_cmos 00:04: setting system clock to 2013-05-27 09:35:03 UTC (1369647303)
[    1.097100] ata2.00: ATAPI: VMware Virtual IDE CDROM Drive, 00000001, max UDMA/33
[    1.097379] ata2.00: configured for UDMA/33
[    1.097500] BIOS EDD facility v0.16 2004-Jun-25, 0 devices found
[    1.097502] EDD information not available.
[    1.141203] isapnp: No Plug & Play device found
[    1.141417] scsi 1:0:0:0: CD-ROM            NECVMWar VMware IDE CDR10 1.00 PQ: 0 ANSI: 5
[    1.142020] sr0: scsi3-mmc drive: 306x/306x cd/rw xa/form2 cdda tray
[    1.142023] cdrom: Uniform CD-ROM driver Revision: 3.20
[    1.142116] sr 1:0:0:0: Attached scsi CD-ROM sr0
[    1.142239] sr 1:0:0:0: Attached scsi generic sg0 type 5
[    1.142301] Freeing unused kernel memory: 740k freed
[    1.142355] Write protecting the kernel text: 5816k
[    1.142365] Write protecting the kernel read-only data: 2376k
[    1.142366] NX-protecting the kernel data: 4424k
[    1.153006] udevd[85]: starting version 175
[    1.169188] VMware vmxnet3 virtual NIC driver - version 1.1.29.0-k-NAPI
[    1.172950] VMware PVSCSI driver - version 1.0.1.0-k
[    1.177181] VMware vmxnet virtual NIC driver
[    1.177234] ACPI: PCI Interrupt Link [LNKD] enabled at IRQ 5
[    1.177238] PCI: setting IRQ 5 as level-triggered
[    1.177244] vmxnet 0000:02:01.0: PCI INT A -> Link[LNKD] -> GSI 5 (level, low) -> IRQ 5
[    1.177297] Found vmxnet/PCI at 0x2024, irq 5.
[    1.177350] features:
[    1.177362] numRxBuffers = 100, numRxBuffers2 = 1
[    1.177415] vmxnet 0000:02:01.0: eth0: set_features() failed (-1); wanted 0x00004000, left 0x00004800
[    1.202085] Fusion MPT base driver 3.04.20
[    1.202088] Copyright (c) 1999-2008 LSI Corporation
[    1.202275] Fusion MPT SPI Host driver 3.04.20
[    1.202327] mptspi 0000:00:10.0: PCI INT A -> Link[LNKB] -> GSI 11 (level, low) -> IRQ 11
[    1.207359] mptbase: ioc0: Initiating bringup
[    1.221191] Floppy drive(s): fd0 is 1.44M
[    1.236935] FDC 0 is a post-1991 82077
[    1.276715] ioc0: LSI53C1030 B0: Capabilities={Initiator}
[    1.308572] usb 2-1: new full-speed USB device number 2 using uhci_hcd
[    1.436547] scsi2 : ioc0: LSI53C1030 B0, FwRev=01032920h, Ports=1, MaxQ=128, IRQ=11
[    1.441908] input: VMware VMware Virtual USB Mouse as /devices/pci0000:00/0000:00:11.0/0000:02:00.0/usb2/2-1/2-1:1.0/input/input2
[    1.442134] generic-usb 0003:0E0F:0003.0001: input,hidraw0: USB HID v1.10 Mouse [VMware VMware Virtual USB Mouse] on usb-0000:02:00.0-1/input0
[    1.444603] input: VMware VMware Virtual USB Mouse as /devices/pci0000:00/0000:00:11.0/0000:02:00.0/usb2/2-1/2-1:1.1/input/input3
[    1.444842] generic-usb 0003:0E0F:0003.0002: input,hidraw1: USB HID v1.10 Mouse [VMware VMware Virtual USB Mouse] on usb-0000:02:00.0-1/input1
[    1.445045] usbcore: registered new interface driver usbhid
[    1.445048] usbhid: USB HID core driver
[    1.549084] scsi 2:0:0:0: Direct-Access     VMware,  VMware Virtual S 1.0  PQ: 0 ANSI: 2
[    1.549094] scsi target2:0:0: Beginning Domain Validation
[    1.549681] scsi target2:0:0: Domain Validation skipping write tests
[    1.549684] scsi target2:0:0: Ending Domain Validation
[    1.549738] scsi target2:0:0: FAST-40 WIDE SCSI 80.0 MB/s ST (25 ns, offset 127)
[    1.552049] sd 2:0:0:0: [sda] 41943040 512-byte logical blocks: (21.4 GB/20.0 GiB)
[    1.552108] sd 2:0:0:0: [sda] Write Protect is off
[    1.552112] sd 2:0:0:0: [sda] Mode Sense: 61 00 00 00
[    1.552223] sd 2:0:0:0: [sda] Cache data unavailable
[    1.552227] sd 2:0:0:0: [sda] Assuming drive cache: write through
[    1.552282] usb 2-2: new full-speed USB device number 3 using uhci_hcd
[    1.552544] sd 2:0:0:0: [sda] Cache data unavailable
[    1.552548] sd 2:0:0:0: [sda] Assuming drive cache: write through
[    1.553356] sd 2:0:0:0: Attached scsi generic sg1 type 0
[    1.554068]  sda: sda1 sda2 < sda5 >
[    1.554412] sd 2:0:0:0: [sda] Cache data unavailable
[    1.554417] sd 2:0:0:0: [sda] Assuming drive cache: write through
[    1.554420] sd 2:0:0:0: [sda] Attached SCSI disk
[    1.586402] EXT4-fs (sda1): INFO: recovery required on readonly filesystem
[    1.586405] EXT4-fs (sda1): write access will be enabled during recovery
[    1.691841] hub 2-2:1.0: USB hub found
[    1.693543] hub 2-2:1.0: 7 ports detected
[    1.726562] EXT4-fs (sda1): recovery complete
[    1.727141] EXT4-fs (sda1): mounted filesystem with ordered data mode. Opts: (null)
[    3.004712] ADDRCONF(NETDEV_UP): eth0: link is not ready
[    3.017022] udevd[330]: starting version 175
[    3.063887] lp: driver loaded but no devices found
[    3.107338] Adding 1046524k swap on /dev/sda5.  Priority:-1 extents:1 across:1046524k 
[    3.138267] EXT4-fs (sda1): re-mounted. Opts: errors=remount-ro
[    3.154389] shpchp: Standard Hot Plug PCI Controller Driver version: 0.4
[    3.181307] piix4_smbus 0000:00:07.3: Host SMBus controller not enabled!
[    3.219865] [386]: VMCI: shared components initialized.
[    3.219888] Probing for vmci/PCI.
[    3.221230] ACPI: PCI Interrupt Link [LNKA] enabled at IRQ 9
[    3.221233] PCI: setting IRQ 9 as level-triggered
[    3.221239] vmci 0000:00:07.7: PCI INT A -> Link[LNKA] -> GSI 9 (level, low) -> IRQ 9
[    3.221280] Found vmci/PCI at 0x1080, irq 9.
[    3.221310] VMCI: using capabilities 0xc.
[    3.221379] [386]: VMCI: Host capability check passed.
[    3.221642] vmci 0000:00:07.7: irq 72 for MSI/MSI-X
[    3.221673] vmci 0000:00:07.7: irq 73 for MSI/MSI-X
[    3.259786] Registered vmci device.
[    3.273654] [386]: VMCI: Using guest personality
[    3.273654] [386]: VMCI: host components initialized.
[    3.273654] [386]: VMCI: Module registered (name=vmci,major=10,minor=57).
[    3.273655] [386]: VMCI: Using host personality
[    3.273655] [386]: VMCI: Module (name=vmci) is initialized
[    3.288897] ppdev: user-space parallel port driver
[    3.289421] parport_pc 00:09: reported by Plug and Play ACPI
[    3.289831] parport0: PC-style at 0x378, irq 7 [PCSPP,TRISTATE]
[    3.294925] Bluetooth: Core ver 2.16
[    3.296757] NET: Registered protocol family 31
[    3.296760] Bluetooth: HCI device and connection manager initialized
[    3.296763] Bluetooth: HCI socket layer initialized
[    3.296765] Bluetooth: L2CAP socket layer initialized
[    3.296771] Bluetooth: SCO socket layer initialized
[    3.311419] Bluetooth: BNEP (Ethernet Emulation) ver 1.3
[    3.311423] Bluetooth: BNEP filters: protocol multicast
[    3.385732] lp0: using parport0 (interrupt-driven).
[    3.398289] type=1400 audit(1369647305.802:2): apparmor="STATUS" operation="profile_load" name="/usr/lib/cups/backend/cups-pdf" pid=572 comm="apparmor_parser"
[    3.400952] type=1400 audit(1369647305.802:3): apparmor="STATUS" operation="profile_load" name="/usr/sbin/cupsd" pid=572 comm="apparmor_parser"
[    3.415261] Bluetooth: RFCOMM TTY layer initialized
[    3.415265] Bluetooth: RFCOMM socket layer initialized
[    3.415267] Bluetooth: RFCOMM ver 1.11
[    3.500866] type=1400 audit(1369647305.902:4): apparmor="STATUS" operation="profile_load" name="/sbin/dhclient" pid=603 comm="apparmor_parser"
[    3.501929] type=1400 audit(1369647305.906:5): apparmor="STATUS" operation="profile_load" name="/usr/lib/NetworkManager/nm-dhcp-client.action" pid=603 comm="apparmor_parser"
[    3.502127] type=1400 audit(1369647305.906:6): apparmor="STATUS" operation="profile_load" name="/usr/lib/connman/scripts/dhclient-script" pid=603 comm="apparmor_parser"
[    3.728130] input: ImPS/2 Generic Wheel Mouse as /devices/platform/i8042/serio1/input/input4
[    3.752998] snd_ens1371 0000:02:02.0: PCI INT A -> Link[LNKA] -> GSI 9 (level, low) -> IRQ 9
[    3.783124] init: failsafe main process (670) killed by TERM signal
[    3.862901] type=1400 audit(1369647306.266:7): apparmor="STATUS" operation="profile_load" name="/usr/lib/lightdm/lightdm/lightdm-guest-session-wrapper" pid=796 comm="apparmor_parser"
[    3.863521] type=1400 audit(1369647306.266:8): apparmor="STATUS" operation="profile_replace" name="/sbin/dhclient" pid=797 comm="apparmor_parser"
[    3.864959] type=1400 audit(1369647306.270:9): apparmor="STATUS" operation="profile_replace" name="/usr/lib/NetworkManager/nm-dhcp-client.action" pid=797 comm="apparmor_parser"
[    3.865013] type=1400 audit(1369647306.270:10): apparmor="STATUS" operation="profile_replace" name="/usr/lib/connman/scripts/dhclient-script" pid=797 comm="apparmor_parser"
[    4.002415] init: alsa-restore main process (854) terminated with status 19
