[    0.000000] Initializing cgroup subsys cpuset
[    0.000000] Initializing cgroup subsys cpu
[    0.000000] Linux version 3.2.0-29-generic-pae (buildd@roseapple) (gcc version 4.6.3 (Ubuntu/Linaro 4.6.3-1ubuntu5) ) #46-Ubuntu SMP Fri Jul 27 17:25:43 UTC 2012 (Ubuntu 3.2.0-29.46-generic-pae 3.2.24)
[    0.000000] KERNEL supported cpus:
[    0.000000]   Intel GenuineIntel
[    0.000000]   AMD AuthenticAMD
[    0.000000]   NSC Geode by NSC
[    0.000000]   Cyrix CyrixInstead
[    0.000000]   Centaur CentaurHauls
[    0.000000]   Transmeta GenuineTMx86
[    0.000000]   Transmeta TransmetaCPU
[    0.000000]   UMC UMC UMC UMC
[    0.000000] Disabled fast string operations
[    0.000000] BIOS-provided physical RAM map:
[    0.000000]  BIOS-e820: 0000000000000000 - 000000000009f000 (usable)
[    0.000000]  BIOS-e820: 000000000009f000 - 00000000000a0000 (reserved)
[    0.000000]  BIOS-e820: 00000000000ca000 - 00000000000cc000 (reserved)
[    0.000000]  BIOS-e820: 00000000000dc000 - 0000000000100000 (reserved)
[    0.000000]  BIOS-e820: 0000000000100000 - 000000003fee0000 (usable)
[    0.000000]  BIOS-e820: 000000003fee0000 - 000000003feff000 (ACPI data)
[    0.000000]  BIOS-e820: 000000003feff000 - 000000003ff00000 (ACPI NVS)
[    0.000000]  BIOS-e820: 000000003ff00000 - 0000000040000000 (usable)
[    0.000000]  BIOS-e820: 00000000e0000000 - 00000000f0000000 (reserved)
[    0.000000]  BIOS-e820: 00000000fec00000 - 00000000fec10000 (reserved)
[    0.000000]  BIOS-e820: 00000000fee00000 - 00000000fee01000 (reserved)
[    0.000000]  BIOS-e820: 00000000fffe0000 - 0000000100000000 (reserved)
[    0.000000] NX (Execute Disable) protection: active
[    0.000000] DMI present.
[    0.000000] DMI: VMware, Inc. VMware Virtual Platform/440BX Desktop Reference Platform, BIOS 6.00 07/02/2012
[    0.000000] Hypervisor detected: VMware
[    0.000000] e820 update range: 0000000000000000 - 0000000000010000 (usable) ==> (reserved)
[    0.000000] e820 remove range: 00000000000a0000 - 0000000000100000 (usable)
[    0.000000] last_pfn = 0x40000 max_arch_pfn = 0x1000000
[    0.000000] MTRR default type: uncachable
[    0.000000] MTRR fixed ranges enabled:
[    0.000000]   00000-9FFFF write-back
[    0.000000]   A0000-BFFFF uncachable
[    0.000000]   C0000-CBFFF write-protect
[    0.000000]   CC000-EFFFF uncachable
[    0.000000]   F0000-FFFFF write-protect
[    0.000000] MTRR variable ranges enabled:
[    0.000000]   0 base 0000000000 mask FFC0000000 write-back
[    0.000000]   1 disabled
[    0.000000]   2 disabled
[    0.000000]   3 disabled
[    0.000000]   4 disabled
[    0.000000]   5 disabled
[    0.000000]   6 disabled
[    0.000000]   7 disabled
[    0.000000] x86 PAT enabled: cpu 0, old 0x0, new 0x7010600070106
[    0.000000] found SMP MP-table at [c00f6bf0] f6bf0
[    0.000000] initial memory mapped : 0 - 02000000
[    0.000000] Base memory trampoline at [c009b000] 9b000 size 16384
[    0.000000] init_memory_mapping: 0000000000000000-0000000037bfe000
[    0.000000]  0000000000 - 0000200000 page 4k
[    0.000000]  0000200000 - 0037a00000 page 2M
[    0.000000]  0037a00000 - 0037bfe000 page 4k
[    0.000000] kernel direct mapping tables up to 37bfe000 @ 1ffb000-2000000
[    0.000000] RAMDISK: 364ea000 - 3726d000
[    0.000000] ACPI: RSDP 000f6b80 00024 (v02 PTLTD )
[    0.000000] ACPI: XSDT 3feed636 0005C (v01 INTEL  440BX    06040000 VMW  01324272)
[    0.000000] ACPI: FACP 3fefee98 000F4 (v04 INTEL  440BX    06040000 PTL  000F4240)
[    0.000000] ACPI: DSDT 3feee366 10B32 (v01 PTLTD  Custom   06040000 MSFT 03000001)
[    0.000000] ACPI: FACS 3fefffc0 00040
[    0.000000] ACPI: BOOT 3feee33e 00028 (v01 PTLTD  $SBFTBL$ 06040000  LTP 00000001)
[    0.000000] ACPI: APIC 3feedc3e 003C2 (v01 PTLTD  ? APIC   06040000  LTP 00000000)
[    0.000000] ACPI: MCFG 3feedc02 0003C (v01 PTLTD  $PCITBL$ 06040000  LTP 00000001)
[    0.000000] ACPI: SRAT 3feed732 004D0 (v02 VMWARE MEMPLUG  06040000 VMW  00000001)
[    0.000000] ACPI: HPET 3feed6fa 00038 (v01 VMWARE VMW HPET 06040000 VMW  00000001)
[    0.000000] ACPI: WAET 3feed6d2 00028 (v01 VMWARE VMW WAET 06040000 VMW  00000001)
[    0.000000] ACPI: Local APIC address 0xfee00000
[    0.000000] 132MB HIGHMEM available.
[    0.000000] 891MB LOWMEM available.
[    0.000000]   mapped low ram: 0 - 37bfe000
[    0.000000]   low ram: 0 - 37bfe000
[    0.000000] Zone PFN ranges:
[    0.000000]   DMA      0x00000010 -> 0x00001000
[    0.000000]   Normal   0x00001000 -> 0x00037bfe
[    0.000000]   HighMem  0x00037bfe -> 0x00040000
[    0.000000] Movable zone start PFN for each node
[    0.000000] early_node_map[3] active PFN ranges
[    0.000000]     0: 0x00000010 -> 0x0000009f
[    0.000000]     0: 0x00000100 -> 0x0003fee0
[    0.000000]     0: 0x0003ff00 -> 0x00040000
[    0.000000] On node 0 totalpages: 261999
[    0.000000] free_area_init_node: node 0, pgdat c1866a40, node_mem_map f73fd200
[    0.000000]   DMA zone: 32 pages used for memmap
[    0.000000]   DMA zone: 0 pages reserved
[    0.000000]   DMA zone: 3951 pages, LIFO batch:0
[    0.000000]   Normal zone: 1752 pages used for memmap
[    0.000000]   Normal zone: 222502 pages, LIFO batch:31
[    0.000000]   HighMem zone: 265 pages used for memmap
[    0.000000]   HighMem zone: 33497 pages, LIFO batch:7
[    0.000000] Using APIC driver default
[    0.000000] ACPI: PM-Timer IO Port: 0x1008
[    0.000000] ACPI: Local APIC address 0xfee00000
[    0.000000] ACPI: LAPIC (acpi_id[0x00] lapic_id[0x00] enabled)
[    0.000000] ACPI: LAPIC (acpi_id[0x01] lapic_id[0x02] disabled)
[    0.000000] ACPI: LAPIC (acpi_id[0x02] lapic_id[0x04] disabled)
[    0.000000] ACPI: LAPIC (acpi_id[0x03] lapic_id[0x06] disabled)
[    0.000000] ACPI: LAPIC (acpi_id[0x04] lapic_id[0x08] disabled)
[    0.000000] ACPI: LAPIC (acpi_id[0x05] lapic_id[0x0a] disabled)
[    0.000000] ACPI: LAPIC (acpi_id[0x06] lapic_id[0x0c] disabled)
[    0.000000] ACPI: LAPIC (acpi_id[0x07] lapic_id[0x0e] disabled)
[    0.000000] ACPI: LAPIC (acpi_id[0x08] lapic_id[0x10] disabled)
[    0.000000] ACPI: LAPIC (acpi_id[0x09] lapic_id[0x12] disabled)
[    0.000000] ACPI: LAPIC (acpi_id[0x0a] lapic_id[0x14] disabled)
[    0.000000] ACPI: LAPIC (acpi_id[0x0b] lapic_id[0x16] disabled)
[    0.000000] ACPI: LAPIC (acpi_id[0x0c] lapic_id[0x18] disabled)
[    0.000000] ACPI: LAPIC (acpi_id[0x0d] lapic_id[0x1a] disabled)
[    0.000000] ACPI: LAPIC (acpi_id[0x0e] lapic_id[0x1c] disabled)
[    0.000000] ACPI: LAPIC (acpi_id[0x0f] lapic_id[0x1e] disabled)
[    0.000000] ACPI: LAPIC (acpi_id[0x10] lapic_id[0x20] disabled)
[    0.000000] ACPI: LAPIC (acpi_id[0x11] lapic_id[0x22] disabled)
[    0.000000] ACPI: LAPIC (acpi_id[0x12] lapic_id[0x24] disabled)
[    0.000000] ACPI: LAPIC (acpi_id[0x13] lapic_id[0x26] disabled)
[    0.000000] ACPI: LAPIC (acpi_id[0x14] lapic_id[0x28] disabled)
[    0.000000] ACPI: LAPIC (acpi_id[0x15] lapic_id[0x2a] disabled)
[    0.000000] ACPI: LAPIC (acpi_id[0x16] lapic_id[0x2c] disabled)
[    0.000000] ACPI: LAPIC (acpi_id[0x17] lapic_id[0x2e] disabled)
[    0.000000] ACPI: LAPIC (acpi_id[0x18] lapic_id[0x30] disabled)
[    0.000000] ACPI: LAPIC (acpi_id[0x19] lapic_id[0x32] disabled)
[    0.000000] ACPI: LAPIC (acpi_id[0x1a] lapic_id[0x34] disabled)
[    0.000000] ACPI: LAPIC (acpi_id[0x1b] lapic_id[0x36] disabled)
[    0.000000] ACPI: LAPIC (acpi_id[0x1c] lapic_id[0x38] disabled)
[    0.000000] ACPI: LAPIC (acpi_id[0x1d] lapic_id[0x3a] disabled)
[    0.000000] ACPI: LAPIC (acpi_id[0x1e] lapic_id[0x3c] disabled)
[    0.000000] ACPI: LAPIC (acpi_id[0x1f] lapic_id[0x3e] disabled)
[    0.000000] ACPI: LAPIC (acpi_id[0x20] lapic_id[0x40] disabled)
[    0.000000] ACPI: LAPIC (acpi_id[0x21] lapic_id[0x42] disabled)
[    0.000000] ACPI: LAPIC (acpi_id[0x22] lapic_id[0x44] disabled)
[    0.000000] ACPI: LAPIC (acpi_id[0x23] lapic_id[0x46] disabled)
[    0.000000] ACPI: LAPIC (acpi_id[0x24] lapic_id[0x48] disabled)
[    0.000000] ACPI: LAPIC (acpi_id[0x25] lapic_id[0x4a] disabled)
[    0.000000] ACPI: LAPIC (acpi_id[0x26] lapic_id[0x4c] disabled)
[    0.000000] ACPI: LAPIC (acpi_id[0x27] lapic_id[0x4e] disabled)
[    0.000000] ACPI: LAPIC (acpi_id[0x28] lapic_id[0x50] disabled)
[    0.000000] ACPI: LAPIC (acpi_id[0x29] lapic_id[0x52] disabled)
[    0.000000] ACPI: LAPIC (acpi_id[0x2a] lapic_id[0x54] disabled)
[    0.000000] ACPI: LAPIC (acpi_id[0x2b] lapic_id[0x56] disabled)
[    0.000000] ACPI: LAPIC (acpi_id[0x2c] lapic_id[0x58] disabled)
[    0.000000] ACPI: LAPIC (acpi_id[0x2d] lapic_id[0x5a] disabled)
[    0.000000] ACPI: LAPIC (acpi_id[0x2e] lapic_id[0x5c] disabled)
[    0.000000] ACPI: LAPIC (acpi_id[0x2f] lapic_id[0x5e] disabled)
[    0.000000] ACPI: LAPIC (acpi_id[0x30] lapic_id[0x60] disabled)
[    0.000000] ACPI: LAPIC (acpi_id[0x31] lapic_id[0x62] disabled)
[    0.000000] ACPI: LAPIC (acpi_id[0x32] lapic_id[0x64] disabled)
[    0.000000] ACPI: LAPIC (acpi_id[0x33] lapic_id[0x66] disabled)
[    0.000000] ACPI: LAPIC (acpi_id[0x34] lapic_id[0x68] disabled)
[    0.000000] ACPI: LAPIC (acpi_id[0x35] lapic_id[0x6a] disabled)
[    0.000000] ACPI: LAPIC (acpi_id[0x36] lapic_id[0x6c] disabled)
[    0.000000] ACPI: LAPIC (acpi_id[0x37] lapic_id[0x6e] disabled)
[    0.000000] ACPI: LAPIC (acpi_id[0x38] lapic_id[0x70] disabled)
[    0.000000] ACPI: LAPIC (acpi_id[0x39] lapic_id[0x72] disabled)
[    0.000000] ACPI: LAPIC (acpi_id[0x3a] lapic_id[0x74] disabled)
[    0.000000] ACPI: LAPIC (acpi_id[0x3b] lapic_id[0x76] disabled)
[    0.000000] ACPI: LAPIC (acpi_id[0x3c] lapic_id[0x78] disabled)
[    0.000000] ACPI: LAPIC (acpi_id[0x3d] lapic_id[0x7a] disabled)
[    0.000000] ACPI: LAPIC (acpi_id[0x3e] lapic_id[0x7c] disabled)
[    0.000000] ACPI: LAPIC (acpi_id[0x3f] lapic_id[0x7e] disabled)
[    0.000000] ACPI: LAPIC_NMI (acpi_id[0x00] high edge lint[0x1])
[    0.000000] ACPI: LAPIC_NMI (acpi_id[0x01] high edge lint[0x1])
[    0.000000] ACPI: LAPIC_NMI (acpi_id[0x02] high edge lint[0x1])
[    0.000000] ACPI: LAPIC_NMI (acpi_id[0x03] high edge lint[0x1])
[    0.000000] ACPI: LAPIC_NMI (acpi_id[0x04] high edge lint[0x1])
[    0.000000] ACPI: LAPIC_NMI (acpi_id[0x05] high edge lint[0x1])
[    0.000000] ACPI: LAPIC_NMI (acpi_id[0x06] high edge lint[0x1])
[    0.000000] ACPI: LAPIC_NMI (acpi_id[0x07] high edge lint[0x1])
[    0.000000] ACPI: LAPIC_NMI (acpi_id[0x08] high edge lint[0x1])
[    0.000000] ACPI: LAPIC_NMI (acpi_id[0x09] high edge lint[0x1])
[    0.000000] ACPI: LAPIC_NMI (acpi_id[0x0a] high edge lint[0x1])
[    0.000000] ACPI: LAPIC_NMI (acpi_id[0x0b] high edge lint[0x1])
[    0.000000] ACPI: LAPIC_NMI (acpi_id[0x0c] high edge lint[0x1])
[    0.000000] ACPI: LAPIC_NMI (acpi_id[0x0d] high edge lint[0x1])
[    0.000000] ACPI: LAPIC_NMI (acpi_id[0x0e] high edge lint[0x1])
[    0.000000] ACPI: LAPIC_NMI (acpi_id[0x0f] high edge lint[0x1])
[    0.000000] ACPI: LAPIC_NMI (acpi_id[0x10] high edge lint[0x1])
[    0.000000] ACPI: LAPIC_NMI (acpi_id[0x11] high edge lint[0x1])
[    0.000000] ACPI: LAPIC_NMI (acpi_id[0x12] high edge lint[0x1])
[    0.000000] ACPI: LAPIC_NMI (acpi_id[0x13] high edge lint[0x1])
[    0.000000] ACPI: LAPIC_NMI (acpi_id[0x14] high edge lint[0x1])
[    0.000000] ACPI: LAPIC_NMI (acpi_id[0x15] high edge lint[0x1])
[    0.000000] ACPI: LAPIC_NMI (acpi_id[0x16] high edge lint[0x1])
[    0.000000] ACPI: LAPIC_NMI (acpi_id[0x17] high edge lint[0x1])
[    0.000000] ACPI: LAPIC_NMI (acpi_id[0x18] high edge lint[0x1])
[    0.000000] ACPI: LAPIC_NMI (acpi_id[0x19] high edge lint[0x1])
[    0.000000] ACPI: LAPIC_NMI (acpi_id[0x1a] high edge lint[0x1])
[    0.000000] ACPI: LAPIC_NMI (acpi_id[0x1b] high edge lint[0x1])
[    0.000000] ACPI: LAPIC_NMI (acpi_id[0x1c] high edge lint[0x1])
[    0.000000] ACPI: LAPIC_NMI (acpi_id[0x1d] high edge lint[0x1])
[    0.000000] ACPI: LAPIC_NMI (acpi_id[0x1e] high edge lint[0x1])
[    0.000000] ACPI: LAPIC_NMI (acpi_id[0x1f] high edge lint[0x1])
[    0.000000] ACPI: LAPIC_NMI (acpi_id[0x20] high edge lint[0x1])
[    0.000000] ACPI: LAPIC_NMI (acpi_id[0x21] high edge lint[0x1])
[    0.000000] ACPI: LAPIC_NMI (acpi_id[0x22] high edge lint[0x1])
[    0.000000] ACPI: LAPIC_NMI (acpi_id[0x23] high edge lint[0x1])
[    0.000000] ACPI: LAPIC_NMI (acpi_id[0x24] high edge lint[0x1])
[    0.000000] ACPI: LAPIC_NMI (acpi_id[0x25] high edge lint[0x1])
[    0.000000] ACPI: LAPIC_NMI (acpi_id[0x26] high edge lint[0x1])
[    0.000000] ACPI: LAPIC_NMI (acpi_id[0x27] high edge lint[0x1])
[    0.000000] ACPI: LAPIC_NMI (acpi_id[0x28] high edge lint[0x1])
[    0.000000] ACPI: LAPIC_NMI (acpi_id[0x29] high edge lint[0x1])
[    0.000000] ACPI: LAPIC_NMI (acpi_id[0x2a] high edge lint[0x1])
[    0.000000] ACPI: LAPIC_NMI (acpi_id[0x2b] high edge lint[0x1])
[    0.000000] ACPI: LAPIC_NMI (acpi_id[0x2c] high edge lint[0x1])
[    0.000000] ACPI: LAPIC_NMI (acpi_id[0x2d] high edge lint[0x1])
[    0.000000] ACPI: LAPIC_NMI (acpi_id[0x2e] high edge lint[0x1])
[    0.000000] ACPI: LAPIC_NMI (acpi_id[0x2f] high edge lint[0x1])
[    0.000000] ACPI: LAPIC_NMI (acpi_id[0x30] high edge lint[0x1])
[    0.000000] ACPI: LAPIC_NMI (acpi_id[0x31] high edge lint[0x1])
[    0.000000] ACPI: LAPIC_NMI (acpi_id[0x32] high edge lint[0x1])
[    0.000000] ACPI: LAPIC_NMI (acpi_id[0x33] high edge lint[0x1])
[    0.000000] ACPI: LAPIC_NMI (acpi_id[0x34] high edge lint[0x1])
[    0.000000] ACPI: LAPIC_NMI (acpi_id[0x35] high edge lint[0x1])
[    0.000000] ACPI: LAPIC_NMI (acpi_id[0x36] high edge lint[0x1])
[    0.000000] ACPI: LAPIC_NMI (acpi_id[0x37] high edge lint[0x1])
[    0.000000] ACPI: LAPIC_NMI (acpi_id[0x38] high edge lint[0x1])
[    0.000000] ACPI: LAPIC_NMI (acpi_id[0x39] high edge lint[0x1])
[    0.000000] ACPI: LAPIC_NMI (acpi_id[0x3a] high edge lint[0x1])
[    0.000000] ACPI: LAPIC_NMI (acpi_id[0x3b] high edge lint[0x1])
[    0.000000] ACPI: LAPIC_NMI (acpi_id[0x3c] high edge lint[0x1])
[    0.000000] ACPI: LAPIC_NMI (acpi_id[0x3d] high edge lint[0x1])
[    0.000000] ACPI: LAPIC_NMI (acpi_id[0x3e] high edge lint[0x1])
[    0.000000] ACPI: LAPIC_NMI (acpi_id[0x3f] high edge lint[0x1])
[    0.000000] ACPI: Skipping IOAPIC probe due to 'noapic' option.
[    0.000000] Using ACPI for processor (LAPIC) configuration information
[    0.000000] ACPI: HPET id: 0x8086af01 base: 0xfed00000
[    0.000000] Intel MultiProcessor Specification v1.4
[    0.000000]     Virtual Wire compatibility mode.
[    0.000000] MPTABLE: OEM ID: INTEL   
[    0.000000] MPTABLE: Product ID: 440BX       
[    0.000000] MPTABLE: APIC at: 0xFEE00000
[    0.000000] IOAPIC[0]: apic_id 1, version 17, address 0xfec00000, GSI 0-23
[    0.000000] Processors: 1
[    0.000000] SMP: Allowing 1 CPUs, 0 hotplug CPUs
[    0.000000] nr_irqs_gsi: 40
[    0.000000] PM: Registered nosave memory: 000000000009f000 - 00000000000a0000
[    0.000000] PM: Registered nosave memory: 00000000000a0000 - 00000000000ca000
[    0.000000] PM: Registered nosave memory: 00000000000ca000 - 00000000000cc000
[    0.000000] PM: Registered nosave memory: 00000000000cc000 - 00000000000dc000
[    0.000000] PM: Registered nosave memory: 00000000000dc000 - 0000000000100000
[    0.000000] Allocating PCI resources starting at 40000000 (gap: 40000000:a0000000)
[    0.000000] Booting paravirtualized kernel on bare hardware
[    0.000000] setup_percpu: NR_CPUS:8 nr_cpumask_bits:8 nr_cpu_ids:1 nr_node_ids:1
[    0.000000] PERCPU: Embedded 14 pages/cpu @f73e8000 s34240 r0 d23104 u57344
[    0.000000] pcpu-alloc: s34240 r0 d23104 u57344 alloc=14*4096
[    0.000000] pcpu-alloc: [0] 0 
[    0.000000] Built 1 zonelists in Zone order, mobility grouping on.  Total pages: 259950
[    0.000000] Kernel command line: BOOT_IMAGE=/boot/vmlinuz-3.2.0-29-generic-pae root=UUID=007b598c-390d-4c65-84a1-4ff752d48633 ro quiet splash maxcpus=0
[    0.000000] PID hash table entries: 4096 (order: 2, 16384 bytes)
[    0.000000] Dentry cache hash table entries: 131072 (order: 7, 524288 bytes)
[    0.000000] Inode-cache hash table entries: 65536 (order: 6, 262144 bytes)
[    0.000000] Initializing CPU#0
[    0.000000] xsave/xrstor: enabled xstate_bv 0x7, cntxt size 0x340
[    0.000000] allocated 4194048 bytes of page_cgroup
[    0.000000] please try 'cgroup_disable=memory' option if you don't want memory cgroups
[    0.000000] Initializing HighMem for node 0 (00037bfe:00040000)
[    0.000000] Memory: 1010624k/1048576k available (5814k kernel code, 37372k reserved, 2841k data, 740k init, 135048k highmem)
[    0.000000] virtual kernel memory layout:
[    0.000000]     fixmap  : 0xfff16000 - 0xfffff000   ( 932 kB)
[    0.000000]     pkmap   : 0xffc00000 - 0xffe00000   (2048 kB)
[    0.000000]     vmalloc : 0xf83fe000 - 0xffbfe000   ( 120 MB)
[    0.000000]     lowmem  : 0xc0000000 - 0xf7bfe000   ( 891 MB)
[    0.000000]       .init : 0xc1875000 - 0xc192e000   ( 740 kB)
[    0.000000]       .data : 0xc15adb64 - 0xc1874240   (2841 kB)
[    0.000000]       .text : 0xc1000000 - 0xc15adb64   (5814 kB)
[    0.000000] Checking if this processor honours the WP bit even in supervisor mode...Ok.
[    0.000000] SLUB: Genslabs=15, HWalign=64, Order=0-3, MinObjects=0, CPUs=1, Nodes=1
[    0.000000] Hierarchical RCU implementation.
[    0.000000] 	RCU dyntick-idle grace-period acceleration is enabled.
[    0.000000] NR_IRQS:2304 nr_irqs:256 16
[    0.000000] CPU 0 irqstacks, hard=f5c08000 soft=f5c0a000
[    0.000000] Extended CMOS year: 2000
[    0.000000] Console: colour VGA+ 80x25
[    0.000000] console [tty0] enabled
[    0.000000] hpet clockevent registered
[    0.000000] TSC freq read from hypervisor : 2394.620 MHz
[    0.000000] Detected 2394.620 MHz processor.
[    0.000001] Calibrating delay loop (skipped) preset value.. 4789.24 BogoMIPS (lpj=9578480)
[    0.000004] pid_max: default: 32768 minimum: 301
[    0.000018] Security Framework initialized
[    0.000033] AppArmor: AppArmor initialized
[    0.000034] Yama: becoming mindful.
[    0.000070] Mount-cache hash table entries: 512
[    0.000167] Initializing cgroup subsys cpuacct
[    0.000171] Initializing cgroup subsys memory
[    0.000175] Initializing cgroup subsys devices
[    0.000177] Initializing cgroup subsys freezer
[    0.000178] Initializing cgroup subsys blkio
[    0.000183] Initializing cgroup subsys perf_event
[    0.000228] Disabled fast string operations
[    0.000231] CPU: Physical Processor ID: 0
[    0.000240] ENERGY_PERF_BIAS: Set to 'normal', was 'performance'
[    0.000241] ENERGY_PERF_BIAS: View and update with x86_energy_perf_policy(8)
[    0.000872] mce: CPU supports 0 MCE banks
[    0.001614] SMP alternatives: switching to UP code
[    0.022535] Freeing SMP alternatives: 24k freed
[    0.022543] ACPI: Core revision 20110623
[    0.034108] ACPI: setting ELCR to 0200 (from 0e20)
[    0.035750] ftrace: allocating 26545 entries in 52 pages
[    0.060147] SMP mode deactivated.
[    0.060186] SMP disabled
[    0.060188] Performance Events: generic architected perfmon v1, core PMU driver.
[    0.060203] ... version:                1
[    0.060204] ... bit width:              48
[    0.060205] ... generic registers:      4
[    0.060207] ... value mask:             0000ffffffffffff
[    0.060208] ... max period:             000000007fffffff
[    0.060209] ... fixed-purpose events:   0
[    0.060211] ... event mask:             000000000000000f
[    0.060334] NMI watchdog enabled, takes one hw-pmu counter.
[    0.060381] Brought up 1 CPUs
[    0.060383] Total of 1 processors activated (4789.24 BogoMIPS).
[    0.060537] devtmpfs: initialized
[    0.060641] EVM: security.selinux
[    0.060642] EVM: security.SMACK64
[    0.060644] EVM: security.capability
[    0.060677] PM: Registering ACPI NVS region at 3feff000 (4096 bytes)
[    0.061530] print_constraints: dummy: 
[    0.061606] RTC time:  7:04:19, date: 05/27/13
[    0.061634] NET: Registered protocol family 16
[    0.061707] EISA bus registered
[    0.061718] ACPI: bus type pci registered
[    0.061830] PCI: MMCONFIG for domain 0000 [bus 00-ff] at [mem 0xe0000000-0xefffffff] (base 0xe0000000)
[    0.061832] PCI: MMCONFIG at [mem 0xe0000000-0xefffffff] reserved in E820
[    0.061833] PCI: Using MMCONFIG for extended config space
[    0.061834] PCI: Using configuration type 1 for base access
[    0.062526] bio: create slab <bio-0> at 0
[    0.062590] ACPI: Added _OSI(Module Device)
[    0.062591] ACPI: Added _OSI(Processor Device)
[    0.062592] ACPI: Added _OSI(3.0 _SCP Extensions)
[    0.062593] ACPI: Added _OSI(Processor Aggregator Device)
[    0.064508] ACPI: EC: Look up EC in DSDT
[    0.069762] [Firmware Bug]: ACPI: BIOS _OSI(Linux) query ignored
[    0.077717] ACPI: Interpreter enabled
[    0.077725] ACPI: (supports S0 S1 S4 S5)
[    0.077735] ACPI: Using PIC for interrupt routing
[    0.123156] ACPI: No dock devices found.
[    0.123162] HEST: Table not found.
[    0.123169] PCI: Using host bridge windows from ACPI; if necessary, use "pci=nocrs" and report a bug
[    0.124523] ACPI: PCI Root Bridge [PCI0] (domain 0000 [bus 00-ff])
[    0.126996] pci_root PNP0A03:00: host bridge window [mem 0x000a0000-0x000bffff]
[    0.127001] pci_root PNP0A03:00: host bridge window [mem 0x000cc000-0x000cffff]
[    0.127003] pci_root PNP0A03:00: host bridge window [mem 0x000d0000-0x000d3fff]
[    0.127005] pci_root PNP0A03:00: host bridge window [mem 0x000d4000-0x000d7fff]
[    0.127007] pci_root PNP0A03:00: host bridge window [mem 0x000d8000-0x000dbfff]
[    0.127010] pci_root PNP0A03:00: host bridge window [mem 0xc0000000-0xfebfffff]
[    0.127012] pci_root PNP0A03:00: host bridge window [io  0x0000-0x0cf7]
[    0.127015] pci_root PNP0A03:00: host bridge window [io  0x0d00-0xfeff]
[    0.127101] pci 0000:00:00.0: [8086:7190] type 0 class 0x000600
[    0.127730] pci 0000:00:01.0: [8086:7191] type 1 class 0x000604
[    0.128402] pci 0000:00:07.0: [8086:7110] type 0 class 0x000601
[    0.129753] pci 0000:00:07.1: [8086:7111] type 0 class 0x000101
[    0.131994] pci 0000:00:07.1: reg 20: [io  0x10c0-0x10cf]
[    0.133180] pci 0000:00:07.3: [8086:7113] type 0 class 0x000680
[    0.135738] pci 0000:00:07.3: quirk: [io  0x1000-0x103f] claimed by PIIX4 ACPI
[    0.135755] pci 0000:00:07.3: quirk: [io  0x1040-0x104f] claimed by PIIX4 SMB
[    0.136090] pci 0000:00:07.7: [15ad:0740] type 0 class 0x000880
[    0.136588] pci 0000:00:07.7: reg 10: [io  0x1080-0x10bf]
[    0.137319] pci 0000:00:07.7: reg 14: [mem 0xc8000000-0xc8001fff 64bit]
[    0.139439] pci 0000:00:0f.0: [15ad:0405] type 0 class 0x000300
[    0.141879] pci 0000:00:0f.0: reg 10: [io  0x10d0-0x10df]
[    0.143988] pci 0000:00:0f.0: reg 14: [mem 0xd0000000-0xd7ffffff pref]
[    0.146142] pci 0000:00:0f.0: reg 18: [mem 0xc8800000-0xc8ffffff]
[    0.154264] pci 0000:00:0f.0: reg 30: [mem 0x00000000-0x00007fff pref]
[    0.154587] pci 0000:00:10.0: [1000:0030] type 0 class 0x000100
[    0.155160] pci 0000:00:10.0: reg 10: [io  0x1400-0x14ff]
[    0.155901] pci 0000:00:10.0: reg 14: [mem 0xc8040000-0xc805ffff 64bit]
[    0.156628] pci 0000:00:10.0: reg 1c: [mem 0xc8020000-0xc803ffff 64bit]
[    0.157742] pci 0000:00:10.0: reg 30: [mem 0x00000000-0x00003fff pref]
[    0.157917] pci 0000:00:11.0: [15ad:0790] type 1 class 0x000604
[    0.158650] pci 0000:00:15.0: [15ad:07a0] type 1 class 0x000604
[    0.159421] pci 0000:00:15.0: PME# supported from D0 D3hot D3cold
[    0.159446] pci 0000:00:15.0: PME# disabled
[    0.159686] pci 0000:00:15.1: [15ad:07a0] type 1 class 0x000604
[    0.160481] pci 0000:00:15.1: PME# supported from D0 D3hot D3cold
[    0.160505] pci 0000:00:15.1: PME# disabled
[    0.160745] pci 0000:00:15.2: [15ad:07a0] type 1 class 0x000604
[    0.161524] pci 0000:00:15.2: PME# supported from D0 D3hot D3cold
[    0.161548] pci 0000:00:15.2: PME# disabled
[    0.161788] pci 0000:00:15.3: [15ad:07a0] type 1 class 0x000604
[    0.162592] pci 0000:00:15.3: PME# supported from D0 D3hot D3cold
[    0.162617] pci 0000:00:15.3: PME# disabled
[    0.162856] pci 0000:00:15.4: [15ad:07a0] type 1 class 0x000604
[    0.163629] pci 0000:00:15.4: PME# supported from D0 D3hot D3cold
[    0.163653] pci 0000:00:15.4: PME# disabled
[    0.163927] pci 0000:00:15.5: [15ad:07a0] type 1 class 0x000604
[    0.164692] pci 0000:00:15.5: PME# supported from D0 D3hot D3cold
[    0.164716] pci 0000:00:15.5: PME# disabled
[    0.164976] pci 0000:00:15.6: [15ad:07a0] type 1 class 0x000604
[    0.165742] pci 0000:00:15.6: PME# supported from D0 D3hot D3cold
[    0.165766] pci 0000:00:15.6: PME# disabled
[    0.166014] pci 0000:00:15.7: [15ad:07a0] type 1 class 0x000604
[    0.166779] pci 0000:00:15.7: PME# supported from D0 D3hot D3cold
[    0.166803] pci 0000:00:15.7: PME# disabled
[    0.167075] pci 0000:00:16.0: [15ad:07a0] type 1 class 0x000604
[    0.167857] pci 0000:00:16.0: PME# supported from D0 D3hot D3cold
[    0.167881] pci 0000:00:16.0: PME# disabled
[    0.168129] pci 0000:00:16.1: [15ad:07a0] type 1 class 0x000604
[    0.168898] pci 0000:00:16.1: PME# supported from D0 D3hot D3cold
[    0.168922] pci 0000:00:16.1: PME# disabled
[    0.169162] pci 0000:00:16.2: [15ad:07a0] type 1 class 0x000604
[    0.169933] pci 0000:00:16.2: PME# supported from D0 D3hot D3cold
[    0.169957] pci 0000:00:16.2: PME# disabled
[    0.170196] pci 0000:00:16.3: [15ad:07a0] type 1 class 0x000604
[    0.170970] pci 0000:00:16.3: PME# supported from D0 D3hot D3cold
[    0.170993] pci 0000:00:16.3: PME# disabled
[    0.171232] pci 0000:00:16.4: [15ad:07a0] type 1 class 0x000604
[    0.172040] pci 0000:00:16.4: PME# supported from D0 D3hot D3cold
[    0.172064] pci 0000:00:16.4: PME# disabled
[    0.172310] pci 0000:00:16.5: [15ad:07a0] type 1 class 0x000604
[    0.173086] pci 0000:00:16.5: PME# supported from D0 D3hot D3cold
[    0.173110] pci 0000:00:16.5: PME# disabled
[    0.173350] pci 0000:00:16.6: [15ad:07a0] type 1 class 0x000604
[    0.174123] pci 0000:00:16.6: PME# supported from D0 D3hot D3cold
[    0.174146] pci 0000:00:16.6: PME# disabled
[    0.174385] pci 0000:00:16.7: [15ad:07a0] type 1 class 0x000604
[    0.175155] pci 0000:00:16.7: PME# supported from D0 D3hot D3cold
[    0.175179] pci 0000:00:16.7: PME# disabled
[    0.175418] pci 0000:00:17.0: [15ad:07a0] type 1 class 0x000604
[    0.176200] pci 0000:00:17.0: PME# supported from D0 D3hot D3cold
[    0.176224] pci 0000:00:17.0: PME# disabled
[    0.176465] pci 0000:00:17.1: [15ad:07a0] type 1 class 0x000604
[    0.177253] pci 0000:00:17.1: PME# supported from D0 D3hot D3cold
[    0.177278] pci 0000:00:17.1: PME# disabled
[    0.177517] pci 0000:00:17.2: [15ad:07a0] type 1 class 0x000604
[    0.178291] pci 0000:00:17.2: PME# supported from D0 D3hot D3cold
[    0.178315] pci 0000:00:17.2: PME# disabled
[    0.178554] pci 0000:00:17.3: [15ad:07a0] type 1 class 0x000604
[    0.179336] pci 0000:00:17.3: PME# supported from D0 D3hot D3cold
[    0.179360] pci 0000:00:17.3: PME# disabled
[    0.179599] pci 0000:00:17.4: [15ad:07a0] type 1 class 0x000604
[    0.180385] pci 0000:00:17.4: PME# supported from D0 D3hot D3cold
[    0.180408] pci 0000:00:17.4: PME# disabled
[    0.180655] pci 0000:00:17.5: [15ad:07a0] type 1 class 0x000604
[    0.181424] pci 0000:00:17.5: PME# supported from D0 D3hot D3cold
[    0.181448] pci 0000:00:17.5: PME# disabled
[    0.181687] pci 0000:00:17.6: [15ad:07a0] type 1 class 0x000604
[    0.182572] pci 0000:00:17.6: PME# supported from D0 D3hot D3cold
[    0.182596] pci 0000:00:17.6: PME# disabled
[    0.182836] pci 0000:00:17.7: [15ad:07a0] type 1 class 0x000604
[    0.183611] pci 0000:00:17.7: PME# supported from D0 D3hot D3cold
[    0.183634] pci 0000:00:17.7: PME# disabled
[    0.183899] pci 0000:00:18.0: [15ad:07a0] type 1 class 0x000604
[    0.184665] pci 0000:00:18.0: PME# supported from D0 D3hot D3cold
[    0.184689] pci 0000:00:18.0: PME# disabled
[    0.184967] pci 0000:00:18.1: [15ad:07a0] type 1 class 0x000604
[    0.185916] pci 0000:00:18.1: PME# supported from D0 D3hot D3cold
[    0.185945] pci 0000:00:18.1: PME# disabled
[    0.186239] pci 0000:00:18.2: [15ad:07a0] type 1 class 0x000604
[    0.187199] pci 0000:00:18.2: PME# supported from D0 D3hot D3cold
[    0.187229] pci 0000:00:18.2: PME# disabled
[    0.187519] pci 0000:00:18.3: [15ad:07a0] type 1 class 0x000604
[    0.188486] pci 0000:00:18.3: PME# supported from D0 D3hot D3cold
[    0.188516] pci 0000:00:18.3: PME# disabled
[    0.188810] pci 0000:00:18.4: [15ad:07a0] type 1 class 0x000604
[    0.189601] pci 0000:00:18.4: PME# supported from D0 D3hot D3cold
[    0.189626] pci 0000:00:18.4: PME# disabled
[    0.189881] pci 0000:00:18.5: [15ad:07a0] type 1 class 0x000604
[    0.190647] pci 0000:00:18.5: PME# supported from D0 D3hot D3cold
[    0.190670] pci 0000:00:18.5: PME# disabled
[    0.190918] pci 0000:00:18.6: [15ad:07a0] type 1 class 0x000604
[    0.191697] pci 0000:00:18.6: PME# supported from D0 D3hot D3cold
[    0.191722] pci 0000:00:18.6: PME# disabled
[    0.191976] pci 0000:00:18.7: [15ad:07a0] type 1 class 0x000604
[    0.192740] pci 0000:00:18.7: PME# supported from D0 D3hot D3cold
[    0.192764] pci 0000:00:18.7: PME# disabled
[    0.193383] pci 0000:00:01.0: PCI bridge to [bus 01-01]
[    0.193700] pci 0000:02:00.0: [15ad:0774] type 0 class 0x000c03
[    0.195052] pci 0000:02:00.0: reg 20: [io  0x20c0-0x20df]
[    0.195718] pci 0000:02:01.0: [1022:2000] type 0 class 0x000200
[    0.196016] pci 0000:02:01.0: reg 10: [io  0x2000-0x207f]
[    0.197885] pci 0000:02:01.0: reg 30: [mem 0x00000000-0x0000ffff pref]
[    0.198048] pci 0000:02:02.0: [1274:1371] type 0 class 0x000401
[    0.198534] pci 0000:02:02.0: reg 10: [io  0x2080-0x20bf]
[    0.201351] pci 0000:02:03.0: [15ad:0770] type 0 class 0x000c03
[    0.201725] pci 0000:02:03.0: reg 10: [mem 0xc9000000-0xc9000fff]
[    0.204213] pci 0000:00:11.0: PCI bridge to [bus 02-02] (subtractive decode)
[    0.204242] pci 0000:00:11.0:   bridge window [io  0x2000-0x3fff]
[    0.204270] pci 0000:00:11.0:   bridge window [mem 0xc9000000-0xca3fffff]
[    0.204324] pci 0000:00:11.0:   bridge window [mem 0xd8400000-0xd89fffff 64bit pref]
[    0.204327] pci 0000:00:11.0:   bridge window [mem 0x000a0000-0x000bffff] (subtractive decode)
[    0.204329] pci 0000:00:11.0:   bridge window [mem 0x000cc000-0x000cffff] (subtractive decode)
[    0.204331] pci 0000:00:11.0:   bridge window [mem 0x000d0000-0x000d3fff] (subtractive decode)
[    0.204333] pci 0000:00:11.0:   bridge window [mem 0x000d4000-0x000d7fff] (subtractive decode)
[    0.204336] pci 0000:00:11.0:   bridge window [mem 0x000d8000-0x000dbfff] (subtractive decode)
[    0.204338] pci 0000:00:11.0:   bridge window [mem 0xc0000000-0xfebfffff] (subtractive decode)
[    0.204340] pci 0000:00:11.0:   bridge window [io  0x0000-0x0cf7] (subtractive decode)
[    0.204342] pci 0000:00:11.0:   bridge window [io  0x0d00-0xfeff] (subtractive decode)
[    0.204933] pci 0000:00:15.0: PCI bridge to [bus 03-03]
[    0.204963] pci 0000:00:15.0:   bridge window [io  0x4000-0x4fff]
[    0.204993] pci 0000:00:15.0:   bridge window [mem 0xca400000-0xca4fffff]
[    0.205038] pci 0000:00:15.0:   bridge window [mem 0xd8a00000-0xd8afffff 64bit pref]
[    0.205506] pci 0000:00:15.1: PCI bridge to [bus 04-04]
[    0.205529] pci 0000:00:15.1:   bridge window [io  0x8000-0x8fff]
[    0.205552] pci 0000:00:15.1:   bridge window [mem 0xca800000-0xca8fffff]
[    0.205596] pci 0000:00:15.1:   bridge window [mem 0xd8e00000-0xd8efffff 64bit pref]
[    0.206060] pci 0000:00:15.2: PCI bridge to [bus 05-05]
[    0.206082] pci 0000:00:15.2:   bridge window [io  0xc000-0xcfff]
[    0.206106] pci 0000:00:15.2:   bridge window [mem 0xcac00000-0xcacfffff]
[    0.206149] pci 0000:00:15.2:   bridge window [mem 0xd9200000-0xd92fffff 64bit pref]
[    0.206617] pci 0000:00:15.3: PCI bridge to [bus 06-06]
[    0.206660] pci 0000:00:15.3:   bridge window [mem 0xcb000000-0xcb0fffff]
[    0.206704] pci 0000:00:15.3:   bridge window [mem 0xd9600000-0xd96fffff 64bit pref]
[    0.207249] pci 0000:00:15.4: PCI bridge to [bus 07-07]
[    0.207302] pci 0000:00:15.4:   bridge window [mem 0xcb400000-0xcb4fffff]
[    0.207356] pci 0000:00:15.4:   bridge window [mem 0xd9a00000-0xd9afffff 64bit pref]
[    0.207947] pci 0000:00:15.5: PCI bridge to [bus 08-08]
[    0.208000] pci 0000:00:15.5:   bridge window [mem 0xcb800000-0xcb8fffff]
[    0.208054] pci 0000:00:15.5:   bridge window [mem 0xd9e00000-0xd9efffff 64bit pref]
[    0.208620] pci 0000:00:15.6: PCI bridge to [bus 09-09]
[    0.208673] pci 0000:00:15.6:   bridge window [mem 0xcbc00000-0xcbcfffff]
[    0.208727] pci 0000:00:15.6:   bridge window [mem 0xda200000-0xda2fffff 64bit pref]
[    0.209298] pci 0000:00:15.7: PCI bridge to [bus 0a-0a]
[    0.209351] pci 0000:00:15.7:   bridge window [mem 0xcc000000-0xcc0fffff]
[    0.209404] pci 0000:00:15.7:   bridge window [mem 0xda600000-0xda6fffff 64bit pref]
[    0.209977] pci 0000:00:16.0: PCI bridge to [bus 0b-0b]
[    0.210004] pci 0000:00:16.0:   bridge window [io  0x5000-0x5fff]
[    0.210032] pci 0000:00:16.0:   bridge window [mem 0xca500000-0xca5fffff]
[    0.210086] pci 0000:00:16.0:   bridge window [mem 0xd8b00000-0xd8bfffff 64bit pref]
[    0.210647] pci 0000:00:16.1: PCI bridge to [bus 0c-0c]
[    0.210674] pci 0000:00:16.1:   bridge window [io  0x9000-0x9fff]
[    0.210703] pci 0000:00:16.1:   bridge window [mem 0xca900000-0xca9fffff]
[    0.210756] pci 0000:00:16.1:   bridge window [mem 0xd8f00000-0xd8ffffff 64bit pref]
[    0.211320] pci 0000:00:16.2: PCI bridge to [bus 0d-0d]
[    0.211348] pci 0000:00:16.2:   bridge window [io  0xd000-0xdfff]
[    0.211376] pci 0000:00:16.2:   bridge window [mem 0xcad00000-0xcadfffff]
[    0.211429] pci 0000:00:16.2:   bridge window [mem 0xd9300000-0xd93fffff 64bit pref]
[    0.212042] pci 0000:00:16.3: PCI bridge to [bus 0e-0e]
[    0.212097] pci 0000:00:16.3:   bridge window [mem 0xcb100000-0xcb1fffff]
[    0.212152] pci 0000:00:16.3:   bridge window [mem 0xd9700000-0xd97fffff 64bit pref]
[    0.212718] pci 0000:00:16.4: PCI bridge to [bus 0f-0f]
[    0.212771] pci 0000:00:16.4:   bridge window [mem 0xcb500000-0xcb5fffff]
[    0.212847] pci 0000:00:16.4:   bridge window [mem 0xd9b00000-0xd9bfffff 64bit pref]
[    0.213320] pci 0000:00:16.5: PCI bridge to [bus 10-10]
[    0.213364] pci 0000:00:16.5:   bridge window [mem 0xcb900000-0xcb9fffff]
[    0.213407] pci 0000:00:16.5:   bridge window [mem 0xd9f00000-0xd9ffffff 64bit pref]
[    0.213880] pci 0000:00:16.6: PCI bridge to [bus 11-11]
[    0.213924] pci 0000:00:16.6:   bridge window [mem 0xcbd00000-0xcbdfffff]
[    0.213968] pci 0000:00:16.6:   bridge window [mem 0xda300000-0xda3fffff 64bit pref]
[    0.214430] pci 0000:00:16.7: PCI bridge to [bus 12-12]
[    0.214473] pci 0000:00:16.7:   bridge window [mem 0xcc100000-0xcc1fffff]
[    0.214517] pci 0000:00:16.7:   bridge window [mem 0xda700000-0xda7fffff 64bit pref]
[    0.214985] pci 0000:00:17.0: PCI bridge to [bus 13-13]
[    0.215008] pci 0000:00:17.0:   bridge window [io  0x6000-0x6fff]
[    0.215031] pci 0000:00:17.0:   bridge window [mem 0xca600000-0xca6fffff]
[    0.215075] pci 0000:00:17.0:   bridge window [mem 0xd8c00000-0xd8cfffff 64bit pref]
[    0.215537] pci 0000:00:17.1: PCI bridge to [bus 14-14]
[    0.215560] pci 0000:00:17.1:   bridge window [io  0xa000-0xafff]
[    0.215583] pci 0000:00:17.1:   bridge window [mem 0xcaa00000-0xcaafffff]
[    0.215627] pci 0000:00:17.1:   bridge window [mem 0xd9000000-0xd90fffff 64bit pref]
[    0.216207] pci 0000:00:17.2: PCI bridge to [bus 15-15]
[    0.216231] pci 0000:00:17.2:   bridge window [io  0xe000-0xefff]
[    0.216255] pci 0000:00:17.2:   bridge window [mem 0xcae00000-0xcaefffff]
[    0.216299] pci 0000:00:17.2:   bridge window [mem 0xd9400000-0xd94fffff 64bit pref]
[    0.216768] pci 0000:00:17.3: PCI bridge to [bus 16-16]
[    0.216811] pci 0000:00:17.3:   bridge window [mem 0xcb200000-0xcb2fffff]
[    0.216885] pci 0000:00:17.3:   bridge window [mem 0xd9800000-0xd98fffff 64bit pref]
[    0.217349] pci 0000:00:17.4: PCI bridge to [bus 17-17]
[    0.217393] pci 0000:00:17.4:   bridge window [mem 0xcb600000-0xcb6fffff]
[    0.217436] pci 0000:00:17.4:   bridge window [mem 0xd9c00000-0xd9cfffff 64bit pref]
[    0.217900] pci 0000:00:17.5: PCI bridge to [bus 18-18]
[    0.217943] pci 0000:00:17.5:   bridge window [mem 0xcba00000-0xcbafffff]
[    0.217987] pci 0000:00:17.5:   bridge window [mem 0xda000000-0xda0fffff 64bit pref]
[    0.218494] pci 0000:00:17.6: PCI bridge to [bus 19-19]
[    0.218552] pci 0000:00:17.6:   bridge window [mem 0xcbe00000-0xcbefffff]
[    0.218610] pci 0000:00:17.6:   bridge window [mem 0xda400000-0xda4fffff 64bit pref]
[    0.219228] pci 0000:00:17.7: PCI bridge to [bus 1a-1a]
[    0.219272] pci 0000:00:17.7:   bridge window [mem 0xcc200000-0xcc2fffff]
[    0.219316] pci 0000:00:17.7:   bridge window [mem 0xda800000-0xda8fffff 64bit pref]
[    0.219805] pci 0000:00:18.0: PCI bridge to [bus 1b-1b]
[    0.219856] pci 0000:00:18.0:   bridge window [io  0x7000-0x7fff]
[    0.219880] pci 0000:00:18.0:   bridge window [mem 0xca700000-0xca7fffff]
[    0.219924] pci 0000:00:18.0:   bridge window [mem 0xd8d00000-0xd8dfffff 64bit pref]
[    0.220393] pci 0000:00:18.1: PCI bridge to [bus 1c-1c]
[    0.220424] pci 0000:00:18.1:   bridge window [io  0xb000-0xbfff]
[    0.220455] pci 0000:00:18.1:   bridge window [mem 0xcab00000-0xcabfffff]
[    0.220519] pci 0000:00:18.1:   bridge window [mem 0xd9100000-0xd91fffff 64bit pref]
[    0.221159] pci 0000:00:18.2: PCI bridge to [bus 1d-1d]
[    0.221187] pci 0000:00:18.2:   bridge window [io  0xf000-0xffff]
[    0.221215] pci 0000:00:18.2:   bridge window [mem 0xcaf00000-0xcaffffff]
[    0.221267] pci 0000:00:18.2:   bridge window [mem 0xd9500000-0xd95fffff 64bit pref]
[    0.221909] pci 0000:00:18.3: PCI bridge to [bus 1e-1e]
[    0.221953] pci 0000:00:18.3:   bridge window [mem 0xcb300000-0xcb3fffff]
[    0.221996] pci 0000:00:18.3:   bridge window [mem 0xd9900000-0xd99fffff 64bit pref]
[    0.222464] pci 0000:00:18.4: PCI bridge to [bus 1f-1f]
[    0.222507] pci 0000:00:18.4:   bridge window [mem 0xcb700000-0xcb7fffff]
[    0.222551] pci 0000:00:18.4:   bridge window [mem 0xd9d00000-0xd9dfffff 64bit pref]
[    0.223023] pci 0000:00:18.5: PCI bridge to [bus 20-20]
[    0.223066] pci 0000:00:18.5:   bridge window [mem 0xcbb00000-0xcbbfffff]
[    0.223110] pci 0000:00:18.5:   bridge window [mem 0xda100000-0xda1fffff 64bit pref]
[    0.223572] pci 0000:00:18.6: PCI bridge to [bus 21-21]
[    0.223616] pci 0000:00:18.6:   bridge window [mem 0xcbf00000-0xcbffffff]
[    0.223681] pci 0000:00:18.6:   bridge window [mem 0xda500000-0xda5fffff 64bit pref]
[    0.224283] pci 0000:00:18.7: PCI bridge to [bus 22-22]
[    0.224343] pci 0000:00:18.7:   bridge window [mem 0xcc300000-0xcc3fffff]
[    0.224401] pci 0000:00:18.7:   bridge window [mem 0xda900000-0xda9fffff 64bit pref]
[    0.227056] pci_bus 0000:00: on NUMA node 0
[    0.227066] ACPI: PCI Interrupt Routing Table [\_SB_.PCI0._PRT]
[    0.227735]  pci0000:00: Requesting ACPI _OSC control (0x1d)
[    0.228047]  pci0000:00: ACPI _OSC control (0x15) granted
[    0.309347] ACPI: PCI Interrupt Link [LNKA] (IRQs 3 4 5 6 7 *9 10 11 14 15)
[    0.309418] ACPI: PCI Interrupt Link [LNKB] (IRQs 3 4 5 6 7 9 10 *11 14 15)
[    0.309485] ACPI: PCI Interrupt Link [LNKC] (IRQs 3 4 5 6 7 9 *10 11 14 15)
[    0.309551] ACPI: PCI Interrupt Link [LNKD] (IRQs 3 4 *5 6 7 9 10 11 14 15)
[    0.309700] vgaarb: device added: PCI:0000:00:0f.0,decodes=io+mem,owns=io+mem,locks=none
[    0.309713] vgaarb: loaded
[    0.309714] vgaarb: bridge control possible 0000:00:0f.0
[    0.309794] i2c-core: driver [aat2870] using legacy suspend method
[    0.309795] i2c-core: driver [aat2870] using legacy resume method
[    0.309857] SCSI subsystem initialized
[    0.309895] libata version 3.00 loaded.
[    0.309924] usbcore: registered new interface driver usbfs
[    0.309934] usbcore: registered new interface driver hub
[    0.309956] usbcore: registered new device driver usb
[    0.310018] PCI: Using ACPI for IRQ routing
[    0.389817] PCI: pci_cache_line_size set to 64 bytes
[    0.389840] pci 0000:00:18.2: no compatible bridge window for [io  0xf000-0xffff]
[    0.390896] reserve RAM buffer: 000000000009f000 - 000000000009ffff 
[    0.390899] reserve RAM buffer: 000000003fee0000 - 000000003fffffff 
[    0.391007] NetLabel: Initializing
[    0.391008] NetLabel:  domain hash size = 128
[    0.391009] NetLabel:  protocols = UNLABELED CIPSOv4
[    0.391017] NetLabel:  unlabeled traffic allowed by default
[    0.391079] hpet0: at MMIO 0xfed00000, IRQs 2, 8, 0, 0, 0, 0, 0, 0, 0, 0, 0, 0, 0, 0, 0, 0
[    0.391085] hpet0: 16 comparators, 64-bit 14.318180 MHz counter
[    0.393118] Switching to clocksource hpet
[    0.398436] AppArmor: AppArmor Filesystem Enabled
[    0.398454] pnp: PnP ACPI init
[    0.398470] ACPI: bus type pnp registered
[    0.399113] pnp 00:00: [bus 00-ff]
[    0.399116] pnp 00:00: [mem 0x000a0000-0x000bffff window]
[    0.399117] pnp 00:00: [mem 0x000c0000-0x000c3fff window]
[    0.399119] pnp 00:00: [mem 0x000c4000-0x000c7fff window]
[    0.399120] pnp 00:00: [mem 0x000c8000-0x000cbfff window]
[    0.399121] pnp 00:00: [mem 0x000cc000-0x000cffff window]
[    0.399123] pnp 00:00: [mem 0x000d0000-0x000d3fff window]
[    0.399124] pnp 00:00: [mem 0x000d4000-0x000d7fff window]
[    0.399126] pnp 00:00: [mem 0x000d8000-0x000dbfff window]
[    0.399127] pnp 00:00: [mem 0x000dc000-0x000dffff window]
[    0.399129] pnp 00:00: [mem 0x000e0000-0x000e3fff window]
[    0.399130] pnp 00:00: [mem 0x000e4000-0x000e7fff window]
[    0.399131] pnp 00:00: [mem 0x000e8000-0x000ebfff window]
[    0.399133] pnp 00:00: [mem 0x000ec000-0x000effff window]
[    0.399134] pnp 00:00: [mem 0xc0000000-0xfebfffff window]
[    0.399136] pnp 00:00: [io  0x0cf8-0x0cff]
[    0.399137] pnp 00:00: [io  0x0000-0x0cf7 window]
[    0.399139] pnp 00:00: [io  0x0d00-0xfeff window]
[    0.399176] pnp 00:00: Plug and Play ACPI device, IDs PNP0a03 PNP0a08 (active)
[    0.399239] pnp 00:01: [io  0x0010-0x001f]
[    0.399240] pnp 00:01: [io  0x0024-0x0025]
[    0.399241] pnp 00:01: [io  0x0028-0x0029]
[    0.399243] pnp 00:01: [io  0x002c-0x002d]
[    0.399244] pnp 00:01: [io  0x002e-0x002f]
[    0.399245] pnp 00:01: [io  0x0030-0x0031]
[    0.399246] pnp 00:01: [io  0x0034-0x0035]
[    0.399247] pnp 00:01: [io  0x0038-0x0039]
[    0.399248] pnp 00:01: [io  0x003c-0x003d]
[    0.399249] pnp 00:01: [io  0x0050-0x0053]
[    0.399251] pnp 00:01: [io  0x0072-0x0077]
[    0.399252] pnp 00:01: [io  0x0080]
[    0.399253] pnp 00:01: [io  0x0090-0x009f]
[    0.399254] pnp 00:01: [io  0x00a4-0x00a5]
[    0.399255] pnp 00:01: [io  0x00a8-0x00a9]
[    0.399256] pnp 00:01: [io  0x00ac-0x00ad]
[    0.399257] pnp 00:01: [io  0x00b0-0x00b5]
[    0.399259] pnp 00:01: [io  0x00b8-0x00b9]
[    0.399260] pnp 00:01: [io  0x00bc-0x00bd]
[    0.399261] pnp 00:01: [io  0x1000-0x103f]
[    0.399262] pnp 00:01: [io  0x1040-0x104f]
[    0.399263] pnp 00:01: [io  0x0cf0-0x0cf1]
[    0.399321] system 00:01: [io  0x1000-0x103f] has been reserved
[    0.399325] system 00:01: [io  0x1040-0x104f] has been reserved
[    0.399327] system 00:01: [io  0x0cf0-0x0cf1] has been reserved
[    0.399329] system 00:01: Plug and Play ACPI device, IDs PNP0c02 (active)
[    0.399336] pnp 00:02: [io  0x0000-0x000f]
[    0.399337] pnp 00:02: [io  0x0081-0x008f]
[    0.399338] pnp 00:02: [io  0x00c0-0x00df]
[    0.399340] pnp 00:02: [dma 4]
[    0.399355] pnp 00:02: Plug and Play ACPI device, IDs PNP0200 (active)
[    0.399360] pnp 00:03: [io  0x0020-0x0021]
[    0.399361] pnp 00:03: [io  0x00a0-0x00a1]
[    0.399363] pnp 00:03: [io  0x04d0-0x04d1]
[    0.399364] pnp 00:03: [irq 2 disabled]
[    0.399379] pnp 00:03: Plug and Play ACPI device, IDs PNP0001 (active)
[    0.399385] pnp 00:04: [io  0x0070-0x0071]
[    0.399387] pnp 00:04: [irq 8]
[    0.399400] pnp 00:04: Plug and Play ACPI device, IDs PNP0b00 (active)
[    0.399405] pnp 00:05: [io  0x0061]
[    0.399417] pnp 00:05: Plug and Play ACPI device, IDs PNP0800 (active)
[    0.399422] pnp 00:06: [io  0x0060]
[    0.399423] pnp 00:06: [io  0x0064]
[    0.399424] pnp 00:06: [irq 1]
[    0.399439] pnp 00:06: Plug and Play ACPI device, IDs PNP0303 (active)
[    0.399444] pnp 00:07: [irq 12]
[    0.399456] pnp 00:07: Plug and Play ACPI device, IDs PNP0f13 (active)
[    0.399627] pnp 00:08: [mem 0xfed00000-0xfed003ff]
[    0.399661] system 00:08: [mem 0xfed00000-0xfed003ff] has been reserved
[    0.399663] system 00:08: Plug and Play ACPI device, IDs PNP0103 PNP0c01 (active)
[    0.409150] pnp 00:09: [io  0x0378-0x037f]
[    0.409153] pnp 00:09: [irq 7]
[    0.410378] pnp 00:09: Plug and Play ACPI device, IDs PNP0400 (active)
[    0.414628] pnp 00:0a: [io  0x03f8-0x03ff]
[    0.414631] pnp 00:0a: [irq 4]
[    0.415799] pnp 00:0a: Plug and Play ACPI device, IDs PNP0501 (active)
[    0.419749] pnp 00:0b: [io  0x02f8-0x02ff]
[    0.419752] pnp 00:0b: [irq 3]
[    0.421515] pnp 00:0b: Plug and Play ACPI device, IDs PNP0501 (active)
[    0.428451] pnp 00:0c: [io  0x03f0-0x03f5]
[    0.428454] pnp 00:0c: [io  0x03f7]
[    0.428457] pnp 00:0c: [irq 6]
[    0.428458] pnp 00:0c: [dma 2]
[    0.429730] pnp 00:0c: Plug and Play ACPI device, IDs PNP0700 (active)
[    0.429947] pnp 00:0d: [mem 0xe0000000-0xefffffff]
[    0.429949] pnp 00:0d: [io  0x1060-0x107f]
[    0.429951] pnp 00:0d: [mem 0xc8200000-0xc83fffff]
[    0.430007] system 00:0d: [io  0x1060-0x107f] has been reserved
[    0.430012] system 00:0d: [mem 0xe0000000-0xefffffff] has been reserved
[    0.430015] system 00:0d: [mem 0xc8200000-0xc83fffff] has been reserved
[    0.430018] system 00:0d: Plug and Play ACPI device, IDs PNP0c02 (active)
[    0.437371] pnp: PnP ACPI: found 14 devices
[    0.437375] ACPI: ACPI bus type pnp unregistered
[    0.437379] PnPBIOS: Disabled by ACPI PNP
[    0.474015] PCI: max bus depth: 1 pci_try_num: 2
[    0.474040] pci 0000:00:0f.0: BAR 6: assigned [mem 0xc0000000-0xc0007fff pref]
[    0.474045] pci 0000:00:10.0: BAR 6: assigned [mem 0xc0008000-0xc000bfff pref]
[    0.474050] pci 0000:00:18.7: BAR 13: can't assign io (size 0x1000)
[    0.474053] pci 0000:00:18.6: BAR 13: can't assign io (size 0x1000)
[    0.474057] pci 0000:00:18.5: BAR 13: can't assign io (size 0x1000)
[    0.474059] pci 0000:00:18.4: BAR 13: can't assign io (size 0x1000)
[    0.474062] pci 0000:00:18.3: BAR 13: can't assign io (size 0x1000)
[    0.474065] pci 0000:00:18.2: BAR 13: can't assign io (size 0x1000)
[    0.474068] pci 0000:00:17.7: BAR 13: can't assign io (size 0x1000)
[    0.474072] pci 0000:00:17.6: BAR 13: can't assign io (size 0x1000)
[    0.474074] pci 0000:00:17.5: BAR 13: can't assign io (size 0x1000)
[    0.474077] pci 0000:00:17.4: BAR 13: can't assign io (size 0x1000)
[    0.474080] pci 0000:00:17.3: BAR 13: can't assign io (size 0x1000)
[    0.474083] pci 0000:00:16.7: BAR 13: can't assign io (size 0x1000)
[    0.474086] pci 0000:00:16.6: BAR 13: can't assign io (size 0x1000)
[    0.474089] pci 0000:00:16.5: BAR 13: can't assign io (size 0x1000)
[    0.474092] pci 0000:00:16.4: BAR 13: can't assign io (size 0x1000)
[    0.474095] pci 0000:00:16.3: BAR 13: can't assign io (size 0x1000)
[    0.474098] pci 0000:00:15.7: BAR 13: can't assign io (size 0x1000)
[    0.474101] pci 0000:00:15.6: BAR 13: can't assign io (size 0x1000)
[    0.474104] pci 0000:00:15.5: BAR 13: can't assign io (size 0x1000)
[    0.474107] pci 0000:00:15.4: BAR 13: can't assign io (size 0x1000)
[    0.474110] pci 0000:00:15.3: BAR 13: can't assign io (size 0x1000)
[    0.474113] pci 0000:00:01.0: PCI bridge to [bus 01-01]
[    0.474139] pci 0000:02:01.0: BAR 6: assigned [mem 0xd8400000-0xd840ffff pref]
[    0.474141] pci 0000:00:11.0: PCI bridge to [bus 02-02]
[    0.474156] pci 0000:00:11.0:   bridge window [io  0x2000-0x3fff]
[    0.474181] pci 0000:00:11.0:   bridge window [mem 0xc9000000-0xca3fffff]
[    0.474206] pci 0000:00:11.0:   bridge window [mem 0xd8400000-0xd89fffff 64bit pref]
[    0.474231] pci 0000:00:15.0: PCI bridge to [bus 03-03]
[    0.474245] pci 0000:00:15.0:   bridge window [io  0x4000-0x4fff]
[    0.474271] pci 0000:00:15.0:   bridge window [mem 0xca400000-0xca4fffff]
[    0.474295] pci 0000:00:15.0:   bridge window [mem 0xd8a00000-0xd8afffff 64bit pref]
[    0.474321] pci 0000:00:15.1: PCI bridge to [bus 04-04]
[    0.474335] pci 0000:00:15.1:   bridge window [io  0x8000-0x8fff]
[    0.474361] pci 0000:00:15.1:   bridge window [mem 0xca800000-0xca8fffff]
[    0.474385] pci 0000:00:15.1:   bridge window [mem 0xd8e00000-0xd8efffff 64bit pref]
[    0.474411] pci 0000:00:15.2: PCI bridge to [bus 05-05]
[    0.474424] pci 0000:00:15.2:   bridge window [io  0xc000-0xcfff]
[    0.474450] pci 0000:00:15.2:   bridge window [mem 0xcac00000-0xcacfffff]
[    0.474474] pci 0000:00:15.2:   bridge window [mem 0xd9200000-0xd92fffff 64bit pref]
[    0.474500] pci 0000:00:15.3: PCI bridge to [bus 06-06]
[    0.474526] pci 0000:00:15.3:   bridge window [mem 0xcb000000-0xcb0fffff]
[    0.474552] pci 0000:00:15.3:   bridge window [mem 0xd9600000-0xd96fffff 64bit pref]
[    0.474577] pci 0000:00:15.4: PCI bridge to [bus 07-07]
[    0.474603] pci 0000:00:15.4:   bridge window [mem 0xcb400000-0xcb4fffff]
[    0.474627] pci 0000:00:15.4:   bridge window [mem 0xd9a00000-0xd9afffff 64bit pref]
[    0.474653] pci 0000:00:15.5: PCI bridge to [bus 08-08]
[    0.474679] pci 0000:00:15.5:   bridge window [mem 0xcb800000-0xcb8fffff]
[    0.474703] pci 0000:00:15.5:   bridge window [mem 0xd9e00000-0xd9efffff 64bit pref]
[    0.474729] pci 0000:00:15.6: PCI bridge to [bus 09-09]
[    0.474754] pci 0000:00:15.6:   bridge window [mem 0xcbc00000-0xcbcfffff]
[    0.474779] pci 0000:00:15.6:   bridge window [mem 0xda200000-0xda2fffff 64bit pref]
[    0.474805] pci 0000:00:15.7: PCI bridge to [bus 0a-0a]
[    0.474830] pci 0000:00:15.7:   bridge window [mem 0xcc000000-0xcc0fffff]
[    0.474854] pci 0000:00:15.7:   bridge window [mem 0xda600000-0xda6fffff 64bit pref]
[    0.474880] pci 0000:00:16.0: PCI bridge to [bus 0b-0b]
[    0.474894] pci 0000:00:16.0:   bridge window [io  0x5000-0x5fff]
[    0.474920] pci 0000:00:16.0:   bridge window [mem 0xca500000-0xca5fffff]
[    0.474944] pci 0000:00:16.0:   bridge window [mem 0xd8b00000-0xd8bfffff 64bit pref]
[    0.474969] pci 0000:00:16.1: PCI bridge to [bus 0c-0c]
[    0.474983] pci 0000:00:16.1:   bridge window [io  0x9000-0x9fff]
[    0.475009] pci 0000:00:16.1:   bridge window [mem 0xca900000-0xca9fffff]
[    0.475032] pci 0000:00:16.1:   bridge window [mem 0xd8f00000-0xd8ffffff 64bit pref]
[    0.475058] pci 0000:00:16.2: PCI bridge to [bus 0d-0d]
[    0.475072] pci 0000:00:16.2:   bridge window [io  0xd000-0xdfff]
[    0.475098] pci 0000:00:16.2:   bridge window [mem 0xcad00000-0xcadfffff]
[    0.475121] pci 0000:00:16.2:   bridge window [mem 0xd9300000-0xd93fffff 64bit pref]
[    0.475147] pci 0000:00:16.3: PCI bridge to [bus 0e-0e]
[    0.475173] pci 0000:00:16.3:   bridge window [mem 0xcb100000-0xcb1fffff]
[    0.475197] pci 0000:00:16.3:   bridge window [mem 0xd9700000-0xd97fffff 64bit pref]
[    0.475223] pci 0000:00:16.4: PCI bridge to [bus 0f-0f]
[    0.475248] pci 0000:00:16.4:   bridge window [mem 0xcb500000-0xcb5fffff]
[    0.475274] pci 0000:00:16.4:   bridge window [mem 0xd9b00000-0xd9bfffff 64bit pref]
[    0.475300] pci 0000:00:16.5: PCI bridge to [bus 10-10]
[    0.475326] pci 0000:00:16.5:   bridge window [mem 0xcb900000-0xcb9fffff]
[    0.475350] pci 0000:00:16.5:   bridge window [mem 0xd9f00000-0xd9ffffff 64bit pref]
[    0.475376] pci 0000:00:16.6: PCI bridge to [bus 11-11]
[    0.475401] pci 0000:00:16.6:   bridge window [mem 0xcbd00000-0xcbdfffff]
[    0.475425] pci 0000:00:16.6:   bridge window [mem 0xda300000-0xda3fffff 64bit pref]
[    0.475451] pci 0000:00:16.7: PCI bridge to [bus 12-12]
[    0.475477] pci 0000:00:16.7:   bridge window [mem 0xcc100000-0xcc1fffff]
[    0.475501] pci 0000:00:16.7:   bridge window [mem 0xda700000-0xda7fffff 64bit pref]
[    0.475526] pci 0000:00:17.0: PCI bridge to [bus 13-13]
[    0.475541] pci 0000:00:17.0:   bridge window [io  0x6000-0x6fff]
[    0.475566] pci 0000:00:17.0:   bridge window [mem 0xca600000-0xca6fffff]
[    0.475590] pci 0000:00:17.0:   bridge window [mem 0xd8c00000-0xd8cfffff 64bit pref]
[    0.475616] pci 0000:00:17.1: PCI bridge to [bus 14-14]
[    0.475630] pci 0000:00:17.1:   bridge window [io  0xa000-0xafff]
[    0.475656] pci 0000:00:17.1:   bridge window [mem 0xcaa00000-0xcaafffff]
[    0.475680] pci 0000:00:17.1:   bridge window [mem 0xd9000000-0xd90fffff 64bit pref]
[    0.475706] pci 0000:00:17.2: PCI bridge to [bus 15-15]
[    0.475720] pci 0000:00:17.2:   bridge window [io  0xe000-0xefff]
[    0.475746] pci 0000:00:17.2:   bridge window [mem 0xcae00000-0xcaefffff]
[    0.475770] pci 0000:00:17.2:   bridge window [mem 0xd9400000-0xd94fffff 64bit pref]
[    0.475796] pci 0000:00:17.3: PCI bridge to [bus 16-16]
[    0.475821] pci 0000:00:17.3:   bridge window [mem 0xcb200000-0xcb2fffff]
[    0.475845] pci 0000:00:17.3:   bridge window [mem 0xd9800000-0xd98fffff 64bit pref]
[    0.475871] pci 0000:00:17.4: PCI bridge to [bus 17-17]
[    0.475897] pci 0000:00:17.4:   bridge window [mem 0xcb600000-0xcb6fffff]
[    0.475921] pci 0000:00:17.4:   bridge window [mem 0xd9c00000-0xd9cfffff 64bit pref]
[    0.475947] pci 0000:00:17.5: PCI bridge to [bus 18-18]
[    0.475972] pci 0000:00:17.5:   bridge window [mem 0xcba00000-0xcbafffff]
[    0.475996] pci 0000:00:17.5:   bridge window [mem 0xda000000-0xda0fffff 64bit pref]
[    0.476022] pci 0000:00:17.6: PCI bridge to [bus 19-19]
[    0.476048] pci 0000:00:17.6:   bridge window [mem 0xcbe00000-0xcbefffff]
[    0.476072] pci 0000:00:17.6:   bridge window [mem 0xda400000-0xda4fffff 64bit pref]
[    0.476098] pci 0000:00:17.7: PCI bridge to [bus 1a-1a]
[    0.476124] pci 0000:00:17.7:   bridge window [mem 0xcc200000-0xcc2fffff]
[    0.476147] pci 0000:00:17.7:   bridge window [mem 0xda800000-0xda8fffff 64bit pref]
[    0.476173] pci 0000:00:18.0: PCI bridge to [bus 1b-1b]
[    0.476187] pci 0000:00:18.0:   bridge window [io  0x7000-0x7fff]
[    0.476213] pci 0000:00:18.0:   bridge window [mem 0xca700000-0xca7fffff]
[    0.476237] pci 0000:00:18.0:   bridge window [mem 0xd8d00000-0xd8dfffff 64bit pref]
[    0.476263] pci 0000:00:18.1: PCI bridge to [bus 1c-1c]
[    0.476277] pci 0000:00:18.1:   bridge window [io  0xb000-0xbfff]
[    0.476303] pci 0000:00:18.1:   bridge window [mem 0xcab00000-0xcabfffff]
[    0.476327] pci 0000:00:18.1:   bridge window [mem 0xd9100000-0xd91fffff 64bit pref]
[    0.476353] pci 0000:00:18.2: PCI bridge to [bus 1d-1d]
[    0.476379] pci 0000:00:18.2:   bridge window [mem 0xcaf00000-0xcaffffff]
[    0.476403] pci 0000:00:18.2:   bridge window [mem 0xd9500000-0xd95fffff 64bit pref]
[    0.476428] pci 0000:00:18.3: PCI bridge to [bus 1e-1e]
[    0.476454] pci 0000:00:18.3:   bridge window [mem 0xcb300000-0xcb3fffff]
[    0.476478] pci 0000:00:18.3:   bridge window [mem 0xd9900000-0xd99fffff 64bit pref]
[    0.476503] pci 0000:00:18.4: PCI bridge to [bus 1f-1f]
[    0.476529] pci 0000:00:18.4:   bridge window [mem 0xcb700000-0xcb7fffff]
[    0.476553] pci 0000:00:18.4:   bridge window [mem 0xd9d00000-0xd9dfffff 64bit pref]
[    0.476579] pci 0000:00:18.5: PCI bridge to [bus 20-20]
[    0.476605] pci 0000:00:18.5:   bridge window [mem 0xcbb00000-0xcbbfffff]
[    0.476629] pci 0000:00:18.5:   bridge window [mem 0xda100000-0xda1fffff 64bit pref]
[    0.476655] pci 0000:00:18.6: PCI bridge to [bus 21-21]
[    0.476680] pci 0000:00:18.6:   bridge window [mem 0xcbf00000-0xcbffffff]
[    0.476706] pci 0000:00:18.6:   bridge window [mem 0xda500000-0xda5fffff 64bit pref]
[    0.476732] pci 0000:00:18.7: PCI bridge to [bus 22-22]
[    0.476758] pci 0000:00:18.7:   bridge window [mem 0xcc300000-0xcc3fffff]
[    0.476784] pci 0000:00:18.7:   bridge window [mem 0xda900000-0xda9fffff 64bit pref]
[    0.476810] pci 0000:00:01.0: setting latency timer to 64
[    0.476835] pci 0000:00:15.0: setting latency timer to 64
[    0.476861] pci 0000:00:15.1: setting latency timer to 64
[    0.476887] pci 0000:00:15.2: setting latency timer to 64
[    0.476913] pci 0000:00:15.3: setting latency timer to 64
[    0.477021] pci 0000:00:15.4: setting latency timer to 64
[    0.477047] pci 0000:00:15.5: setting latency timer to 64
[    0.477073] pci 0000:00:15.6: setting latency timer to 64
[    0.477099] pci 0000:00:15.7: setting latency timer to 64
[    0.477125] pci 0000:00:16.0: setting latency timer to 64
[    0.477150] pci 0000:00:16.1: setting latency timer to 64
[    0.477176] pci 0000:00:16.2: setting latency timer to 64
[    0.477202] pci 0000:00:16.3: setting latency timer to 64
[    0.477228] pci 0000:00:16.4: setting latency timer to 64
[    0.477254] pci 0000:00:16.5: setting latency timer to 64
[    0.477279] pci 0000:00:16.6: setting latency timer to 64
[    0.477305] pci 0000:00:16.7: setting latency timer to 64
[    0.477331] pci 0000:00:17.0: setting latency timer to 64
[    0.477357] pci 0000:00:17.1: setting latency timer to 64
[    0.477383] pci 0000:00:17.2: setting latency timer to 64
[    0.477408] pci 0000:00:17.3: setting latency timer to 64
[    0.477434] pci 0000:00:17.4: setting latency timer to 64
[    0.477460] pci 0000:00:17.5: setting latency timer to 64
[    0.477486] pci 0000:00:17.6: setting latency timer to 64
[    0.477512] pci 0000:00:17.7: setting latency timer to 64
[    0.477537] pci 0000:00:18.0: setting latency timer to 64
[    0.477563] pci 0000:00:18.1: setting latency timer to 64
[    0.477589] pci 0000:00:18.2: setting latency timer to 64
[    0.477615] pci 0000:00:18.3: setting latency timer to 64
[    0.477641] pci 0000:00:18.4: setting latency timer to 64
[    0.477667] pci 0000:00:18.5: setting latency timer to 64
[    0.477692] pci 0000:00:18.6: setting latency timer to 64
[    0.477718] pci 0000:00:18.7: setting latency timer to 64
[    0.477744] pci_bus 0000:00: resource 4 [mem 0x000a0000-0x000bffff]
[    0.477748] pci_bus 0000:00: resource 5 [mem 0x000cc000-0x000cffff]
[    0.477751] pci_bus 0000:00: resource 6 [mem 0x000d0000-0x000d3fff]
[    0.477754] pci_bus 0000:00: resource 7 [mem 0x000d4000-0x000d7fff]
[    0.477757] pci_bus 0000:00: resource 8 [mem 0x000d8000-0x000dbfff]
[    0.477760] pci_bus 0000:00: resource 9 [mem 0xc0000000-0xfebfffff]
[    0.477763] pci_bus 0000:00: resource 10 [io  0x0000-0x0cf7]
[    0.477766] pci_bus 0000:00: resource 11 [io  0x0d00-0xfeff]
[    0.477769] pci_bus 0000:02: resource 0 [io  0x2000-0x3fff]
[    0.477772] pci_bus 0000:02: resource 1 [mem 0xc9000000-0xca3fffff]
[    0.477775] pci_bus 0000:02: resource 2 [mem 0xd8400000-0xd89fffff 64bit pref]
[    0.477778] pci_bus 0000:02: resource 4 [mem 0x000a0000-0x000bffff]
[    0.477781] pci_bus 0000:02: resource 5 [mem 0x000cc000-0x000cffff]
[    0.477784] pci_bus 0000:02: resource 6 [mem 0x000d0000-0x000d3fff]
[    0.477787] pci_bus 0000:02: resource 7 [mem 0x000d4000-0x000d7fff]
[    0.477790] pci_bus 0000:02: resource 8 [mem 0x000d8000-0x000dbfff]
[    0.477793] pci_bus 0000:02: resource 9 [mem 0xc0000000-0xfebfffff]
[    0.477795] pci_bus 0000:02: resource 10 [io  0x0000-0x0cf7]
[    0.477798] pci_bus 0000:02: resource 11 [io  0x0d00-0xfeff]
[    0.477801] pci_bus 0000:03: resource 0 [io  0x4000-0x4fff]
[    0.477804] pci_bus 0000:03: resource 1 [mem 0xca400000-0xca4fffff]
[    0.477807] pci_bus 0000:03: resource 2 [mem 0xd8a00000-0xd8afffff 64bit pref]
[    0.477811] pci_bus 0000:04: resource 0 [io  0x8000-0x8fff]
[    0.477813] pci_bus 0000:04: resource 1 [mem 0xca800000-0xca8fffff]
[    0.477816] pci_bus 0000:04: resource 2 [mem 0xd8e00000-0xd8efffff 64bit pref]
[    0.477820] pci_bus 0000:05: resource 0 [io  0xc000-0xcfff]
[    0.477822] pci_bus 0000:05: resource 1 [mem 0xcac00000-0xcacfffff]
[    0.477825] pci_bus 0000:05: resource 2 [mem 0xd9200000-0xd92fffff 64bit pref]
[    0.477828] pci_bus 0000:06: resource 1 [mem 0xcb000000-0xcb0fffff]
[    0.477831] pci_bus 0000:06: resource 2 [mem 0xd9600000-0xd96fffff 64bit pref]
[    0.477835] pci_bus 0000:07: resource 1 [mem 0xcb400000-0xcb4fffff]
[    0.477838] pci_bus 0000:07: resource 2 [mem 0xd9a00000-0xd9afffff 64bit pref]
[    0.477841] pci_bus 0000:08: resource 1 [mem 0xcb800000-0xcb8fffff]
[    0.477844] pci_bus 0000:08: resource 2 [mem 0xd9e00000-0xd9efffff 64bit pref]
[    0.477847] pci_bus 0000:09: resource 1 [mem 0xcbc00000-0xcbcfffff]
[    0.477850] pci_bus 0000:09: resource 2 [mem 0xda200000-0xda2fffff 64bit pref]
[    0.477854] pci_bus 0000:0a: resource 1 [mem 0xcc000000-0xcc0fffff]
[    0.477857] pci_bus 0000:0a: resource 2 [mem 0xda600000-0xda6fffff 64bit pref]
[    0.477860] pci_bus 0000:0b: resource 0 [io  0x5000-0x5fff]
[    0.477862] pci_bus 0000:0b: resource 1 [mem 0xca500000-0xca5fffff]
[    0.477865] pci_bus 0000:0b: resource 2 [mem 0xd8b00000-0xd8bfffff 64bit pref]
[    0.477869] pci_bus 0000:0c: resource 0 [io  0x9000-0x9fff]
[    0.477871] pci_bus 0000:0c: resource 1 [mem 0xca900000-0xca9fffff]
[    0.477875] pci_bus 0000:0c: resource 2 [mem 0xd8f00000-0xd8ffffff 64bit pref]
[    0.477878] pci_bus 0000:0d: resource 0 [io  0xd000-0xdfff]
[    0.477880] pci_bus 0000:0d: resource 1 [mem 0xcad00000-0xcadfffff]
[    0.477883] pci_bus 0000:0d: resource 2 [mem 0xd9300000-0xd93fffff 64bit pref]
[    0.477887] pci_bus 0000:0e: resource 1 [mem 0xcb100000-0xcb1fffff]
[    0.477890] pci_bus 0000:0e: resource 2 [mem 0xd9700000-0xd97fffff 64bit pref]
[    0.477893] pci_bus 0000:0f: resource 1 [mem 0xcb500000-0xcb5fffff]
[    0.477896] pci_bus 0000:0f: resource 2 [mem 0xd9b00000-0xd9bfffff 64bit pref]
[    0.477900] pci_bus 0000:10: resource 1 [mem 0xcb900000-0xcb9fffff]
[    0.477902] pci_bus 0000:10: resource 2 [mem 0xd9f00000-0xd9ffffff 64bit pref]
[    0.477906] pci_bus 0000:11: resource 1 [mem 0xcbd00000-0xcbdfffff]
[    0.477909] pci_bus 0000:11: resource 2 [mem 0xda300000-0xda3fffff 64bit pref]
[    0.477912] pci_bus 0000:12: resource 1 [mem 0xcc100000-0xcc1fffff]
[    0.477915] pci_bus 0000:12: resource 2 [mem 0xda700000-0xda7fffff 64bit pref]
[    0.477918] pci_bus 0000:13: resource 0 [io  0x6000-0x6fff]
[    0.477921] pci_bus 0000:13: resource 1 [mem 0xca600000-0xca6fffff]
[    0.477924] pci_bus 0000:13: resource 2 [mem 0xd8c00000-0xd8cfffff 64bit pref]
[    0.477927] pci_bus 0000:14: resource 0 [io  0xa000-0xafff]
[    0.477930] pci_bus 0000:14: resource 1 [mem 0xcaa00000-0xcaafffff]
[    0.477933] pci_bus 0000:14: resource 2 [mem 0xd9000000-0xd90fffff 64bit pref]
[    0.477936] pci_bus 0000:15: resource 0 [io  0xe000-0xefff]
[    0.477939] pci_bus 0000:15: resource 1 [mem 0xcae00000-0xcaefffff]
[    0.477942] pci_bus 0000:15: resource 2 [mem 0xd9400000-0xd94fffff 64bit pref]
[    0.477945] pci_bus 0000:16: resource 1 [mem 0xcb200000-0xcb2fffff]
[    0.477948] pci_bus 0000:16: resource 2 [mem 0xd9800000-0xd98fffff 64bit pref]
[    0.477952] pci_bus 0000:17: resource 1 [mem 0xcb600000-0xcb6fffff]
[    0.477955] pci_bus 0000:17: resource 2 [mem 0xd9c00000-0xd9cfffff 64bit pref]
[    0.477958] pci_bus 0000:18: resource 1 [mem 0xcba00000-0xcbafffff]
[    0.477961] pci_bus 0000:18: resource 2 [mem 0xda000000-0xda0fffff 64bit pref]
[    0.477964] pci_bus 0000:19: resource 1 [mem 0xcbe00000-0xcbefffff]
[    0.477967] pci_bus 0000:19: resource 2 [mem 0xda400000-0xda4fffff 64bit pref]
[    0.477971] pci_bus 0000:1a: resource 1 [mem 0xcc200000-0xcc2fffff]
[    0.477974] pci_bus 0000:1a: resource 2 [mem 0xda800000-0xda8fffff 64bit pref]
[    0.477977] pci_bus 0000:1b: resource 0 [io  0x7000-0x7fff]
[    0.477979] pci_bus 0000:1b: resource 1 [mem 0xca700000-0xca7fffff]
[    0.477982] pci_bus 0000:1b: resource 2 [mem 0xd8d00000-0xd8dfffff 64bit pref]
[    0.477985] pci_bus 0000:1c: resource 0 [io  0xb000-0xbfff]
[    0.477988] pci_bus 0000:1c: resource 1 [mem 0xcab00000-0xcabfffff]
[    0.477991] pci_bus 0000:1c: resource 2 [mem 0xd9100000-0xd91fffff 64bit pref]
[    0.477995] pci_bus 0000:1d: resource 1 [mem 0xcaf00000-0xcaffffff]
[    0.477998] pci_bus 0000:1d: resource 2 [mem 0xd9500000-0xd95fffff 64bit pref]
[    0.478001] pci_bus 0000:1e: resource 1 [mem 0xcb300000-0xcb3fffff]
[    0.478004] pci_bus 0000:1e: resource 2 [mem 0xd9900000-0xd99fffff 64bit pref]
[    0.478007] pci_bus 0000:1f: resource 1 [mem 0xcb700000-0xcb7fffff]
[    0.478010] pci_bus 0000:1f: resource 2 [mem 0xd9d00000-0xd9dfffff 64bit pref]
[    0.478013] pci_bus 0000:20: resource 1 [mem 0xcbb00000-0xcbbfffff]
[    0.478016] pci_bus 0000:20: resource 2 [mem 0xda100000-0xda1fffff 64bit pref]
[    0.478019] pci_bus 0000:21: resource 1 [mem 0xcbf00000-0xcbffffff]
[    0.478022] pci_bus 0000:21: resource 2 [mem 0xda500000-0xda5fffff 64bit pref]
[    0.478026] pci_bus 0000:22: resource 1 [mem 0xcc300000-0xcc3fffff]
[    0.478029] pci_bus 0000:22: resource 2 [mem 0xda900000-0xda9fffff 64bit pref]
[    0.478054] NET: Registered protocol family 2
[    0.478080] IP route cache hash table entries: 32768 (order: 5, 131072 bytes)
[    0.478106] TCP established hash table entries: 131072 (order: 8, 1048576 bytes)
[    0.478132] TCP bind hash table entries: 65536 (order: 7, 524288 bytes)
[    0.478158] TCP: Hash tables configured (established 131072 bind 65536)
[    0.478161] TCP reno registered
[    0.478165] UDP hash table entries: 512 (order: 2, 16384 bytes)
[    0.478176] UDP-Lite hash table entries: 512 (order: 2, 16384 bytes)
[    0.478202] NET: Registered protocol family 1
[    0.478215] pci 0000:00:00.0: Limiting direct PCI/PCI transfers
[    0.478241] pci 0000:00:0f.0: Boot video device
[    0.478267] ACPI: PCI Interrupt Link [LNKC] enabled at IRQ 10
[    0.478271] PCI: setting IRQ 10 as level-triggered
[    0.478296] pci 0000:02:00.0: PCI INT A -> Link[LNKC] -> GSI 10 (level, low) -> IRQ 10
[    0.478353] pci 0000:02:00.0: PCI INT A disabled
[    0.478379] ACPI: PCI Interrupt Link [LNKB] enabled at IRQ 11
[    0.478382] PCI: setting IRQ 11 as level-triggered
[    0.478388] pci 0000:02:03.0: PCI INT A -> Link[LNKB] -> GSI 11 (level, low) -> IRQ 11
[    0.478414] pci 0000:02:03.0: PCI INT A disabled
[    0.478432] PCI: CLS 32 bytes, default 64
[    0.478505] Simple Boot Flag at 0x36 set to 0x1
[    0.478524] Switching to clocksource tsc
[    0.478687] audit: initializing netlink socket (disabled)
[    0.478695] type=2000 audit(1369638259.453:1): initialized
[    0.493083] Trying to unpack rootfs image as initramfs...
[    0.513131] highmem bounce pool size: 64 pages
[    0.513139] HugeTLB registered 2 MB page size, pre-allocated 0 pages
[    0.517119] VFS: Disk quotas dquot_6.5.2
[    0.517145] Dquot-cache hash table entries: 1024 (order 0, 4096 bytes)
[    0.521047] fuse init (API version 7.17)
[    0.521097] msgmni has been set to 1710
[    0.533006] Block layer SCSI generic (bsg) driver version 0.4 loaded (major 253)
[    0.533056] io scheduler noop registered
[    0.533058] io scheduler deadline registered
[    0.533066] io scheduler cfq registered (default)
[    0.533091] pcieport 0000:00:15.0: setting latency timer to 64
[    0.533117] pcieport 0000:00:15.0: irq 40 for MSI/MSI-X
[    0.533143] pcieport 0000:00:15.1: setting latency timer to 64
[    0.533169] pcieport 0000:00:15.1: irq 41 for MSI/MSI-X
[    0.533195] pcieport 0000:00:15.2: setting latency timer to 64
[    0.533220] pcieport 0000:00:15.2: irq 42 for MSI/MSI-X
[    0.533246] pcieport 0000:00:15.3: setting latency timer to 64
[    0.533272] pcieport 0000:00:15.3: irq 43 for MSI/MSI-X
[    0.533298] pcieport 0000:00:15.4: setting latency timer to 64
[    0.533324] pcieport 0000:00:15.4: irq 44 for MSI/MSI-X
[    0.533350] pcieport 0000:00:15.5: setting latency timer to 64
[    0.533375] pcieport 0000:00:15.5: irq 45 for MSI/MSI-X
[    0.533401] pcieport 0000:00:15.6: setting latency timer to 64
[    0.533427] pcieport 0000:00:15.6: irq 46 for MSI/MSI-X
[    0.533453] pcieport 0000:00:15.7: setting latency timer to 64
[    0.533479] pcieport 0000:00:15.7: irq 47 for MSI/MSI-X
[    0.533504] pcieport 0000:00:16.0: setting latency timer to 64
[    0.533530] pcieport 0000:00:16.0: irq 48 for MSI/MSI-X
[    0.533556] pcieport 0000:00:16.1: setting latency timer to 64
[    0.533582] pcieport 0000:00:16.1: irq 49 for MSI/MSI-X
[    0.533608] pcieport 0000:00:16.2: setting latency timer to 64
[    0.533633] pcieport 0000:00:16.2: irq 50 for MSI/MSI-X
[    0.533659] pcieport 0000:00:16.3: setting latency timer to 64
[    0.533685] pcieport 0000:00:16.3: irq 51 for MSI/MSI-X
[    0.533711] pcieport 0000:00:16.4: setting latency timer to 64
[    0.533737] pcieport 0000:00:16.4: irq 52 for MSI/MSI-X
[    0.533762] pcieport 0000:00:16.5: setting latency timer to 64
[    0.533788] pcieport 0000:00:16.5: irq 53 for MSI/MSI-X
[    0.533814] pcieport 0000:00:16.6: setting latency timer to 64
[    0.533840] pcieport 0000:00:16.6: irq 54 for MSI/MSI-X
[    0.533866] pcieport 0000:00:16.7: setting latency timer to 64
[    0.533892] pcieport 0000:00:16.7: irq 55 for MSI/MSI-X
[    0.533917] pcieport 0000:00:17.0: setting latency timer to 64
[    0.533943] pcieport 0000:00:17.0: irq 56 for MSI/MSI-X
[    0.533969] pcieport 0000:00:17.1: setting latency timer to 64
[    0.533995] pcieport 0000:00:17.1: irq 57 for MSI/MSI-X
[    0.534021] pcieport 0000:00:17.2: setting latency timer to 64
[    0.534046] pcieport 0000:00:17.2: irq 58 for MSI/MSI-X
[    0.534072] pcieport 0000:00:17.3: setting latency timer to 64
[    0.534098] pcieport 0000:00:17.3: irq 59 for MSI/MSI-X
[    0.534124] pcieport 0000:00:17.4: setting latency timer to 64
[    0.534150] pcieport 0000:00:17.4: irq 60 for MSI/MSI-X
[    0.534175] pcieport 0000:00:17.5: setting latency timer to 64
[    0.534201] pcieport 0000:00:17.5: irq 61 for MSI/MSI-X
[    0.534227] pcieport 0000:00:17.6: setting latency timer to 64
[    0.534253] pcieport 0000:00:17.6: irq 62 for MSI/MSI-X
[    0.534279] pcieport 0000:00:17.7: setting latency timer to 64
[    0.534304] pcieport 0000:00:17.7: irq 63 for MSI/MSI-X
[    0.534330] pcieport 0000:00:18.0: setting latency timer to 64
[    0.534356] pcieport 0000:00:18.0: irq 64 for MSI/MSI-X
[    0.534382] pcieport 0000:00:18.1: setting latency timer to 64
[    0.534408] pcieport 0000:00:18.1: irq 65 for MSI/MSI-X
[    0.534434] pcieport 0000:00:18.2: setting latency timer to 64
[    0.534459] pcieport 0000:00:18.2: irq 66 for MSI/MSI-X
[    0.534485] pcieport 0000:00:18.3: setting latency timer to 64
[    0.534511] pcieport 0000:00:18.3: irq 67 for MSI/MSI-X
[    0.534537] pcieport 0000:00:18.4: setting latency timer to 64
[    0.534563] pcieport 0000:00:18.4: irq 68 for MSI/MSI-X
[    0.534588] pcieport 0000:00:18.5: setting latency timer to 64
[    0.534614] pcieport 0000:00:18.5: irq 69 for MSI/MSI-X
[    0.534640] pcieport 0000:00:18.6: setting latency timer to 64
[    0.534666] pcieport 0000:00:18.6: irq 70 for MSI/MSI-X
[    0.534692] pcieport 0000:00:18.7: setting latency timer to 64
[    0.534717] pcieport 0000:00:18.7: irq 71 for MSI/MSI-X
[    0.534743] pcieport 0000:00:15.0: Signaling PME through PCIe PME interrupt
[    0.534769] pcie_pme 0000:00:15.0:pcie01: service driver pcie_pme loaded
[    0.534795] pcieport 0000:00:15.1: Signaling PME through PCIe PME interrupt
[    0.534821] pcie_pme 0000:00:15.1:pcie01: service driver pcie_pme loaded
[    0.534846] pcieport 0000:00:15.2: Signaling PME through PCIe PME interrupt
[    0.534872] pcie_pme 0000:00:15.2:pcie01: service driver pcie_pme loaded
[    0.534898] pcieport 0000:00:15.3: Signaling PME through PCIe PME interrupt
[    0.534924] pcie_pme 0000:00:15.3:pcie01: service driver pcie_pme loaded
[    0.534950] pcieport 0000:00:15.4: Signaling PME through PCIe PME interrupt
[    0.534976] pcie_pme 0000:00:15.4:pcie01: service driver pcie_pme loaded
[    0.535001] pcieport 0000:00:15.5: Signaling PME through PCIe PME interrupt
[    0.535027] pcie_pme 0000:00:15.5:pcie01: service driver pcie_pme loaded
[    0.535053] pcieport 0000:00:15.6: Signaling PME through PCIe PME interrupt
[    0.535079] pcie_pme 0000:00:15.6:pcie01: service driver pcie_pme loaded
[    0.535105] pcieport 0000:00:15.7: Signaling PME through PCIe PME interrupt
[    0.535130] pcie_pme 0000:00:15.7:pcie01: service driver pcie_pme loaded
[    0.535156] pcieport 0000:00:16.0: Signaling PME through PCIe PME interrupt
[    0.535182] pcie_pme 0000:00:16.0:pcie01: service driver pcie_pme loaded
[    0.535208] pcieport 0000:00:16.1: Signaling PME through PCIe PME interrupt
[    0.535234] pcie_pme 0000:00:16.1:pcie01: service driver pcie_pme loaded
[    0.535259] pcieport 0000:00:16.2: Signaling PME through PCIe PME interrupt
[    0.535285] pcie_pme 0000:00:16.2:pcie01: service driver pcie_pme loaded
[    0.535311] pcieport 0000:00:16.3: Signaling PME through PCIe PME interrupt
[    0.535337] pcie_pme 0000:00:16.3:pcie01: service driver pcie_pme loaded
[    0.535363] pcieport 0000:00:16.4: Signaling PME through PCIe PME interrupt
[    0.535389] pcie_pme 0000:00:16.4:pcie01: service driver pcie_pme loaded
[    0.535414] pcieport 0000:00:16.5: Signaling PME through PCIe PME interrupt
[    0.535440] pcie_pme 0000:00:16.5:pcie01: service driver pcie_pme loaded
[    0.535466] pcieport 0000:00:16.6: Signaling PME through PCIe PME interrupt
[    0.535492] pcie_pme 0000:00:16.6:pcie01: service driver pcie_pme loaded
[    0.535518] pcieport 0000:00:16.7: Signaling PME through PCIe PME interrupt
[    0.535543] pcie_pme 0000:00:16.7:pcie01: service driver pcie_pme loaded
[    0.535569] pcieport 0000:00:17.0: Signaling PME through PCIe PME interrupt
[    0.535595] pcie_pme 0000:00:17.0:pcie01: service driver pcie_pme loaded
[    0.535621] pcieport 0000:00:17.1: Signaling PME through PCIe PME interrupt
[    0.535647] pcie_pme 0000:00:17.1:pcie01: service driver pcie_pme loaded
[    0.535672] pcieport 0000:00:17.2: Signaling PME through PCIe PME interrupt
[    0.535698] pcie_pme 0000:00:17.2:pcie01: service driver pcie_pme loaded
[    0.535724] pcieport 0000:00:17.3: Signaling PME through PCIe PME interrupt
[    0.535750] pcie_pme 0000:00:17.3:pcie01: service driver pcie_pme loaded
[    0.535776] pcieport 0000:00:17.4: Signaling PME through PCIe PME interrupt
[    0.535801] pcie_pme 0000:00:17.4:pcie01: service driver pcie_pme loaded
[    0.535827] pcieport 0000:00:17.5: Signaling PME through PCIe PME interrupt
[    0.535853] pcie_pme 0000:00:17.5:pcie01: service driver pcie_pme loaded
[    0.535879] pcieport 0000:00:17.6: Signaling PME through PCIe PME interrupt
[    0.535905] pcie_pme 0000:00:17.6:pcie01: service driver pcie_pme loaded
[    0.535931] pcieport 0000:00:17.7: Signaling PME through PCIe PME interrupt
[    0.535956] pcie_pme 0000:00:17.7:pcie01: service driver pcie_pme loaded
[    0.535982] pcieport 0000:00:18.0: Signaling PME through PCIe PME interrupt
[    0.536008] pcie_pme 0000:00:18.0:pcie01: service driver pcie_pme loaded
[    0.536034] pcieport 0000:00:18.1: Signaling PME through PCIe PME interrupt
[    0.536060] pcie_pme 0000:00:18.1:pcie01: service driver pcie_pme loaded
[    0.536085] pcieport 0000:00:18.2: Signaling PME through PCIe PME interrupt
[    0.536111] pcie_pme 0000:00:18.2:pcie01: service driver pcie_pme loaded
[    0.536137] pcieport 0000:00:18.3: Signaling PME through PCIe PME interrupt
[    0.536163] pcie_pme 0000:00:18.3:pcie01: service driver pcie_pme loaded
[    0.536189] pcieport 0000:00:18.4: Signaling PME through PCIe PME interrupt
[    0.536214] pcie_pme 0000:00:18.4:pcie01: service driver pcie_pme loaded
[    0.536240] pcieport 0000:00:18.5: Signaling PME through PCIe PME interrupt
[    0.536266] pcie_pme 0000:00:18.5:pcie01: service driver pcie_pme loaded
[    0.536292] pcieport 0000:00:18.6: Signaling PME through PCIe PME interrupt
[    0.536318] pcie_pme 0000:00:18.6:pcie01: service driver pcie_pme loaded
[    0.536343] pcieport 0000:00:18.7: Signaling PME through PCIe PME interrupt
[    0.536369] pcie_pme 0000:00:18.7:pcie01: service driver pcie_pme loaded
[    0.536395] pci_hotplug: PCI Hot Plug PCI Core version: 0.5
[    0.536998] pciehp 0000:00:15.0:pcie04: HPC vendor_id 15ad device_id 7a0 ss_vid 15ad ss_did 7a0
[    0.537024] pciehp 0000:00:15.0:pcie04: service driver pciehp loaded
[    0.537049] pciehp 0000:00:15.1:pcie04: HPC vendor_id 15ad device_id 7a0 ss_vid 15ad ss_did 7a0
[    0.537075] pciehp 0000:00:15.1:pcie04: service driver pciehp loaded
[    0.537101] pciehp 0000:00:15.2:pcie04: HPC vendor_id 15ad device_id 7a0 ss_vid 15ad ss_did 7a0
[    0.537127] pciehp 0000:00:15.2:pcie04: service driver pciehp loaded
[    0.537153] pciehp 0000:00:15.3:pcie04: HPC vendor_id 15ad device_id 7a0 ss_vid 15ad ss_did 7a0
[    0.537178] pciehp 0000:00:15.3:pcie04: service driver pciehp loaded
[    0.537204] pciehp 0000:00:15.4:pcie04: HPC vendor_id 15ad device_id 7a0 ss_vid 15ad ss_did 7a0
[    0.537230] pciehp 0000:00:15.4:pcie04: service driver pciehp loaded
[    0.537256] pciehp 0000:00:15.5:pcie04: HPC vendor_id 15ad device_id 7a0 ss_vid 15ad ss_did 7a0
[    0.537282] pciehp 0000:00:15.5:pcie04: service driver pciehp loaded
[    0.537307] pciehp 0000:00:15.6:pcie04: HPC vendor_id 15ad device_id 7a0 ss_vid 15ad ss_did 7a0
[    0.537333] pciehp 0000:00:15.6:pcie04: service driver pciehp loaded
[    0.537359] pciehp 0000:00:15.7:pcie04: HPC vendor_id 15ad device_id 7a0 ss_vid 15ad ss_did 7a0
[    0.537385] pciehp 0000:00:15.7:pcie04: service driver pciehp loaded
[    0.537411] pciehp 0000:00:16.0:pcie04: HPC vendor_id 15ad device_id 7a0 ss_vid 15ad ss_did 7a0
[    0.537437] pciehp 0000:00:16.0:pcie04: service driver pciehp loaded
[    0.537462] pciehp 0000:00:16.1:pcie04: HPC vendor_id 15ad device_id 7a0 ss_vid 15ad ss_did 7a0
[    0.537488] pciehp 0000:00:16.1:pcie04: service driver pciehp loaded
[    0.537514] pciehp 0000:00:16.2:pcie04: HPC vendor_id 15ad device_id 7a0 ss_vid 15ad ss_did 7a0
[    0.537540] pciehp 0000:00:16.2:pcie04: service driver pciehp loaded
[    0.537566] pciehp 0000:00:16.3:pcie04: HPC vendor_id 15ad device_id 7a0 ss_vid 15ad ss_did 7a0
[    0.537591] pciehp 0000:00:16.3:pcie04: service driver pciehp loaded
[    0.537617] pciehp 0000:00:16.4:pcie04: HPC vendor_id 15ad device_id 7a0 ss_vid 15ad ss_did 7a0
[    0.537643] pciehp 0000:00:16.4:pcie04: service driver pciehp loaded
[    0.537669] pciehp 0000:00:16.5:pcie04: HPC vendor_id 15ad device_id 7a0 ss_vid 15ad ss_did 7a0
[    0.537695] pciehp 0000:00:16.5:pcie04: service driver pciehp loaded
[    0.537720] pciehp 0000:00:16.6:pcie04: HPC vendor_id 15ad device_id 7a0 ss_vid 15ad ss_did 7a0
[    0.537746] pciehp 0000:00:16.6:pcie04: service driver pciehp loaded
[    0.537772] pciehp 0000:00:16.7:pcie04: HPC vendor_id 15ad device_id 7a0 ss_vid 15ad ss_did 7a0
[    0.537798] pciehp 0000:00:16.7:pcie04: service driver pciehp loaded
[    0.537824] pciehp 0000:00:17.0:pcie04: HPC vendor_id 15ad device_id 7a0 ss_vid 15ad ss_did 7a0
[    0.537850] pciehp 0000:00:17.0:pcie04: service driver pciehp loaded
[    0.537875] pciehp 0000:00:17.1:pcie04: HPC vendor_id 15ad device_id 7a0 ss_vid 15ad ss_did 7a0
[    0.537901] pciehp 0000:00:17.1:pcie04: service driver pciehp loaded
[    0.537927] pciehp 0000:00:17.2:pcie04: HPC vendor_id 15ad device_id 7a0 ss_vid 15ad ss_did 7a0
[    0.537953] pciehp 0000:00:17.2:pcie04: service driver pciehp loaded
[    0.537979] pciehp 0000:00:17.3:pcie04: HPC vendor_id 15ad device_id 7a0 ss_vid 15ad ss_did 7a0
[    0.538004] pciehp 0000:00:17.3:pcie04: service driver pciehp loaded
[    0.538030] pciehp 0000:00:17.4:pcie04: HPC vendor_id 15ad device_id 7a0 ss_vid 15ad ss_did 7a0
[    0.538056] pciehp 0000:00:17.4:pcie04: service driver pciehp loaded
[    0.538082] pciehp 0000:00:17.5:pcie04: HPC vendor_id 15ad device_id 7a0 ss_vid 15ad ss_did 7a0
[    0.538108] pciehp 0000:00:17.5:pcie04: service driver pciehp loaded
[    0.538133] pciehp 0000:00:17.6:pcie04: HPC vendor_id 15ad device_id 7a0 ss_vid 15ad ss_did 7a0
[    0.538159] pciehp 0000:00:17.6:pcie04: service driver pciehp loaded
[    0.538185] pciehp 0000:00:17.7:pcie04: HPC vendor_id 15ad device_id 7a0 ss_vid 15ad ss_did 7a0
[    0.538211] pciehp 0000:00:17.7:pcie04: service driver pciehp loaded
[    0.538237] pciehp 0000:00:18.0:pcie04: HPC vendor_id 15ad device_id 7a0 ss_vid 15ad ss_did 7a0
[    0.538262] pciehp 0000:00:18.0:pcie04: service driver pciehp loaded
[    0.538288] pciehp 0000:00:18.1:pcie04: HPC vendor_id 15ad device_id 7a0 ss_vid 15ad ss_did 7a0
[    0.538314] pciehp 0000:00:18.1:pcie04: service driver pciehp loaded
[    0.538340] pciehp 0000:00:18.2:pcie04: HPC vendor_id 15ad device_id 7a0 ss_vid 15ad ss_did 7a0
[    0.538366] pciehp 0000:00:18.2:pcie04: service driver pciehp loaded
[    0.538392] pciehp 0000:00:18.3:pcie04: HPC vendor_id 15ad device_id 7a0 ss_vid 15ad ss_did 7a0
[    0.538417] pciehp 0000:00:18.3:pcie04: service driver pciehp loaded
[    0.538443] pciehp 0000:00:18.4:pcie04: HPC vendor_id 15ad device_id 7a0 ss_vid 15ad ss_did 7a0
[    0.538469] pciehp 0000:00:18.4:pcie04: service driver pciehp loaded
[    0.538495] pciehp 0000:00:18.5:pcie04: HPC vendor_id 15ad device_id 7a0 ss_vid 15ad ss_did 7a0
[    0.538521] pciehp 0000:00:18.5:pcie04: service driver pciehp loaded
[    0.538546] pciehp 0000:00:18.6:pcie04: HPC vendor_id 15ad device_id 7a0 ss_vid 15ad ss_did 7a0
[    0.538572] pciehp 0000:00:18.6:pcie04: service driver pciehp loaded
[    0.538598] pciehp 0000:00:18.7:pcie04: HPC vendor_id 15ad device_id 7a0 ss_vid 15ad ss_did 7a0
[    0.538624] pciehp 0000:00:18.7:pcie04: service driver pciehp loaded
[    0.538634] pciehp: PCI Express Hot Plug Controller Driver version: 0.4
[    0.538660] ACPI: Deprecated procfs I/F for AC is loaded, please retry with CONFIG_ACPI_PROCFS_POWER cleared
[    0.538692] ACPI: AC Adapter [ACAD] (on-line)
[    0.540986] input: Power Button as /devices/LNXSYSTM:00/LNXPWRBN:00/input/input0
[    0.540993] ACPI: Power Button [PWRF]
[    0.564956] ERST: Table is not found!
[    0.564959] GHES: HEST is not enabled!
[    0.565053] Serial: 8250/16550 driver, 32 ports, IRQ sharing enabled
[    0.588785] serial8250: ttyS0 at I/O 0x3f8 (irq = 4) is a 16550A
[    0.592903] isapnp: Scanning for PnP cards...
[    0.728604] serial8250: ttyS1 at I/O 0x2f8 (irq = 3) is a 16550A
[    0.780482] 00:0a: ttyS0 at I/O 0x3f8 (irq = 4) is a 16550A
[    0.864472] 00:0b: ttyS1 at I/O 0x2f8 (irq = 3) is a 16550A
[    0.884724] Linux agpgart interface v0.103
[    0.884775] agpgart-intel 0000:00:00.0: Intel 440BX Chipset
[    0.884881] agpgart-intel 0000:00:00.0: AGP aperture is 256M @ 0x0
[    0.889269] brd: module loaded
[    0.889748] loop: module loaded
[    0.889800] ata_piix 0000:00:07.1: version 2.13
[    0.889881] scsi0 : ata_piix
[    0.892480] scsi1 : ata_piix
[    0.892532] ata1: PATA max UDMA/33 cmd 0x1f0 ctl 0x3f6 bmdma 0x10c0 irq 14
[    0.892535] ata2: PATA max UDMA/33 cmd 0x170 ctl 0x376 bmdma 0x10c8 irq 15
[    0.892590] Fixed MDIO Bus: probed
[    0.892604] tun: Universal TUN/TAP device driver, 1.6
[    0.892606] tun: (C) 1999-2004 Max Krasnyansky <maxk@qualcomm.com>
[    0.892680] PPP generic driver version 2.4.2
[    0.892747] ehci_hcd: USB 2.0 'Enhanced' Host Controller (EHCI) Driver
[    0.892791] ehci_hcd 0000:02:03.0: PCI INT A -> Link[LNKB] -> GSI 11 (level, low) -> IRQ 11
[    0.892843] ehci_hcd 0000:02:03.0: EHCI Host Controller
[    0.892885] ehci_hcd 0000:02:03.0: new USB bus registered, assigned bus number 1
[    0.892937] ehci_hcd 0000:02:03.0: cache line size of 32 is not supported
[    0.892948] ehci_hcd 0000:02:03.0: irq 11, io mem 0xc9000000
[    0.904480] ehci_hcd 0000:02:03.0: USB 2.0 started, EHCI 1.00
[    0.904605] hub 1-0:1.0: USB hub found
[    0.904610] hub 1-0:1.0: 6 ports detected
[    0.904662] ohci_hcd: USB 1.1 'Open' Host Controller (OHCI) Driver
[    0.904677] uhci_hcd: USB Universal Host Controller Interface driver
[    0.904719] uhci_hcd 0000:02:00.0: PCI INT A -> Link[LNKC] -> GSI 10 (level, low) -> IRQ 10
[    0.904761] uhci_hcd 0000:02:00.0: UHCI Host Controller
[    0.904798] uhci_hcd 0000:02:00.0: new USB bus registered, assigned bus number 2
[    0.904906] uhci_hcd 0000:02:00.0: irq 10, io base 0x000020c0
[    0.905022] hub 2-0:1.0: USB hub found
[    0.905026] hub 2-0:1.0: 2 ports detected
[    0.905078] usbcore: registered new interface driver libusual
[    0.905117] i8042: PNP: PS/2 Controller [PNP0303:KBC,PNP0f13:MOUS] at 0x60,0x64 irq 1,12
[    0.905451] serio: i8042 KBD port at 0x60,0x64 irq 1
[    0.905462] serio: i8042 AUX port at 0x60,0x64 irq 12
[    0.905578] mousedev: PS/2 mouse device common for all mice
[    0.905868] rtc_cmos 00:04: rtc core: registered rtc_cmos as rtc0
[    0.905927] rtc0: alarms up to one month, y3k, 114 bytes nvram, hpet irqs
[    0.905973] device-mapper: uevent: version 1.0.3
[    0.906022] device-mapper: ioctl: 4.22.0-ioctl (2011-10-19) initialised: dm-devel@redhat.com
[    0.906046] EISA: Probing bus 0 at eisa.0
[    0.906048] EISA: Cannot allocate resource for mainboard
[    0.906050] Cannot allocate resource for EISA slot 1
[    0.906051] Cannot allocate resource for EISA slot 2
[    0.906053] Cannot allocate resource for EISA slot 3
[    0.906055] Cannot allocate resource for EISA slot 4
[    0.906056] Cannot allocate resource for EISA slot 5
[    0.906058] Cannot allocate resource for EISA slot 6
[    0.906059] Cannot allocate resource for EISA slot 7
[    0.906061] Cannot allocate resource for EISA slot 8
[    0.906062] EISA: Detected 0 cards.
[    0.906070] cpufreq-nforce2: No nForce2 chipset.
[    0.906072] cpuidle: using governor ladder
[    0.906074] cpuidle: using governor menu
[    0.906076] EFI Variables Facility v0.08 2004-May-17
[    0.906127] TCP cubic registered
[    0.906179] NET: Registered protocol family 10
[    0.906293] NET: Registered protocol family 17
[    0.906297] Registering the dns_resolver key type
[    0.906310] Using IPI No-Shortcut mode
[    0.906372] PM: Hibernation image not present or could not be loaded.
[    0.906385] registered taskstats version 1
[    1.032515] input: AT Translated Set 2 keyboard as /devices/platform/i8042/serio0/input/input1
[    1.172042] Freeing initrd memory: 13836k freed
[    1.215822] isapnp: No Plug & Play device found
[    1.216630] ata2.00: ATAPI: VMware Virtual IDE CDROM Drive, 00000001, max UDMA/33
[    1.220035]   Magic number: 13:276:67
[    1.239977] rtc_cmos 00:04: setting system clock to 2013-05-27 07:04:20 UTC (1369638260)
[    1.240129] BIOS EDD facility v0.16 2004-Jun-25, 0 devices found
[    1.240131] EDD information not available.
[    1.240390] ata2.00: configured for UDMA/33
[    1.240801] scsi 1:0:0:0: CD-ROM            NECVMWar VMware IDE CDR10 1.00 PQ: 0 ANSI: 5
[    1.241358] sr0: scsi3-mmc drive: 306x/306x cd/rw xa/form2 cdda tray
[    1.241361] cdrom: Uniform CD-ROM driver Revision: 3.20
[    1.241450] sr 1:0:0:0: Attached scsi CD-ROM sr0
[    1.241497] sr 1:0:0:0: Attached scsi generic sg0 type 5
[    1.241557] Freeing unused kernel memory: 740k freed
[    1.241609] Write protecting the kernel text: 5816k
[    1.241618] Write protecting the kernel read-only data: 2376k
[    1.241620] NX-protecting the kernel data: 4424k
[    1.252294] udevd[85]: starting version 175
[    1.272273] VMware vmxnet3 virtual NIC driver - version 1.1.29.0-k-NAPI
[    1.274622] VMware PVSCSI driver - version 1.0.1.0-k
[    1.280158] VMware vmxnet virtual NIC driver
[    1.280210] ACPI: PCI Interrupt Link [LNKD] enabled at IRQ 5
[    1.280214] PCI: setting IRQ 5 as level-triggered
[    1.280222] vmxnet 0000:02:01.0: PCI INT A -> Link[LNKD] -> GSI 5 (level, low) -> IRQ 5
[    1.280274] Found vmxnet/PCI at 0x2024, irq 5.
[    1.280325] features:
[    1.280340] numRxBuffers = 100, numRxBuffers2 = 1
[    1.280392] vmxnet 0000:02:01.0: eth0: set_features() failed (-1); wanted 0x00004000, left 0x00004800
[    1.295837] usb 2-1: new full-speed USB device number 2 using uhci_hcd
[    1.319983] Fusion MPT base driver 3.04.20
[    1.319986] Copyright (c) 1999-2008 LSI Corporation
[    1.320170] Fusion MPT SPI Host driver 3.04.20
[    1.320216] mptspi 0000:00:10.0: PCI INT A -> Link[LNKB] -> GSI 11 (level, low) -> IRQ 11
[    1.322749] Floppy drive(s): fd0 is 1.44M
[    1.325800] mptbase: ioc0: Initiating bringup
[    1.335970] FDC 0 is a post-1991 82077
[    1.395732] ioc0: LSI53C1030 B0: Capabilities={Initiator}
[    1.428256] input: VMware VMware Virtual USB Mouse as /devices/pci0000:00/0000:00:11.0/0000:02:00.0/usb2/2-1/2-1:1.0/input/input2
[    1.428431] generic-usb 0003:0E0F:0003.0001: input,hidraw0: USB HID v1.10 Mouse [VMware VMware Virtual USB Mouse] on usb-0000:02:00.0-1/input0
[    1.429160] input: VMware VMware Virtual USB Mouse as /devices/pci0000:00/0000:00:11.0/0000:02:00.0/usb2/2-1/2-1:1.1/input/input3
[    1.429434] generic-usb 0003:0E0F:0003.0002: input,hidraw1: USB HID v1.10 Mouse [VMware VMware Virtual USB Mouse] on usb-0000:02:00.0-1/input1
[    1.429677] usbcore: registered new interface driver usbhid
[    1.429681] usbhid: USB HID core driver
[    1.535515] usb 2-2: new full-speed USB device number 3 using uhci_hcd
[    1.555524] scsi2 : ioc0: LSI53C1030 B0, FwRev=01032920h, Ports=1, MaxQ=128, IRQ=11
[    1.665137] hub 2-2:1.0: USB hub found
[    1.667326] hub 2-2:1.0: 7 ports detected
[    1.668275] scsi 2:0:0:0: Direct-Access     VMware,  VMware Virtual S 1.0  PQ: 0 ANSI: 2
[    1.668283] scsi target2:0:0: Beginning Domain Validation
[    1.668971] scsi target2:0:0: Domain Validation skipping write tests
[    1.668974] scsi target2:0:0: Ending Domain Validation
[    1.669031] scsi target2:0:0: FAST-40 WIDE SCSI 80.0 MB/s ST (25 ns, offset 127)
[    1.671783] sd 2:0:0:0: [sda] 41943040 512-byte logical blocks: (21.4 GB/20.0 GiB)
[    1.671845] sd 2:0:0:0: [sda] Write Protect is off
[    1.671848] sd 2:0:0:0: [sda] Mode Sense: 61 00 00 00
[    1.671917] sd 2:0:0:0: [sda] Cache data unavailable
[    1.671920] sd 2:0:0:0: [sda] Assuming drive cache: write through
[    1.672241] sd 2:0:0:0: [sda] Cache data unavailable
[    1.672244] sd 2:0:0:0: [sda] Assuming drive cache: write through
[    1.673075] sd 2:0:0:0: Attached scsi generic sg1 type 0
[    1.673808]  sda: sda1 sda2 < sda5 >
[    1.674183] sd 2:0:0:0: [sda] Cache data unavailable
[    1.674186] sd 2:0:0:0: [sda] Assuming drive cache: write through
[    1.674188] sd 2:0:0:0: [sda] Attached SCSI disk
[    1.717088] EXT4-fs (sda1): INFO: recovery required on readonly filesystem
[    1.717091] EXT4-fs (sda1): write access will be enabled during recovery
[    1.824532] EXT4-fs (sda1): recovery complete
[    1.825056] EXT4-fs (sda1): mounted filesystem with ordered data mode. Opts: (null)
[    3.180995] ADDRCONF(NETDEV_UP): eth0: link is not ready
[    3.189625] udevd[327]: starting version 175
[    3.231099] Adding 1046524k swap on /dev/sda5.  Priority:-1 extents:1 across:1046524k 
[    3.236615] lp: driver loaded but no devices found
[    3.339132] EXT4-fs (sda1): re-mounted. Opts: errors=remount-ro
[    3.355493] shpchp: Standard Hot Plug PCI Controller Driver version: 0.4
[    3.370409] piix4_smbus 0000:00:07.3: Host SMBus controller not enabled!
[    3.387037] [386]: VMCI: shared components initialized.
[    3.387071] Probing for vmci/PCI.
[    3.387203] ACPI: PCI Interrupt Link [LNKA] enabled at IRQ 9
[    3.387207] PCI: setting IRQ 9 as level-triggered
[    3.387215] vmci 0000:00:07.7: PCI INT A -> Link[LNKA] -> GSI 9 (level, low) -> IRQ 9
[    3.387267] Found vmci/PCI at 0x1080, irq 9.
[    3.387311] VMCI: using capabilities 0xc.
[    3.387417] [386]: VMCI: Host capability check passed.
[    3.387549] vmci 0000:00:07.7: irq 72 for MSI/MSI-X
[    3.387592] vmci 0000:00:07.7: irq 73 for MSI/MSI-X
[    3.387724] Registered vmci device.
[    3.407401] [386]: VMCI: Using guest personality
[    3.407405] [386]: VMCI: host components initialized.
[    3.408093] [386]: VMCI: Module registered (name=vmci,major=10,minor=57).
[    3.408097] [386]: VMCI: Using host personality
[    3.408098] [386]: VMCI: Module (name=vmci) is initialized
[    3.473693] ppdev: user-space parallel port driver
[    3.474348] parport_pc 00:09: reported by Plug and Play ACPI
[    3.474480] parport0: PC-style at 0x378, irq 7 [PCSPP,TRISTATE]
[    3.481978] Bluetooth: Core ver 2.16
[    3.483234] NET: Registered protocol family 31
[    3.483237] Bluetooth: HCI device and connection manager initialized
[    3.483240] Bluetooth: HCI socket layer initialized
[    3.483241] Bluetooth: L2CAP socket layer initialized
[    3.483246] Bluetooth: SCO socket layer initialized
[    3.496765] Bluetooth: BNEP (Ethernet Emulation) ver 1.3
[    3.496768] Bluetooth: BNEP filters: protocol multicast
[    3.526315] Bluetooth: RFCOMM TTY layer initialized
[    3.526322] Bluetooth: RFCOMM socket layer initialized
[    3.526325] Bluetooth: RFCOMM ver 1.11
[    3.568684] lp0: using parport0 (interrupt-driven).
[    3.577689] type=1400 audit(1369638262.839:2): apparmor="STATUS" operation="profile_load" name="/usr/lib/cups/backend/cups-pdf" pid=578 comm="apparmor_parser"
[    3.577836] type=1400 audit(1369638262.839:3): apparmor="STATUS" operation="profile_load" name="/usr/sbin/cupsd" pid=578 comm="apparmor_parser"
[    3.641394] type=1400 audit(1369638262.903:4): apparmor="STATUS" operation="profile_load" name="/sbin/dhclient" pid=598 comm="apparmor_parser"
[    3.641531] type=1400 audit(1369638262.903:5): apparmor="STATUS" operation="profile_load" name="/usr/lib/NetworkManager/nm-dhcp-client.action" pid=598 comm="apparmor_parser"
[    3.641662] type=1400 audit(1369638262.903:6): apparmor="STATUS" operation="profile_load" name="/usr/lib/connman/scripts/dhclient-script" pid=598 comm="apparmor_parser"
[    3.768343] input: ImPS/2 Generic Wheel Mouse as /devices/platform/i8042/serio1/input/input4
[    3.928948] snd_ens1371 0000:02:02.0: PCI INT A -> Link[LNKA] -> GSI 9 (level, low) -> IRQ 9
[    3.975281] init: failsafe main process (669) killed by TERM signal
[    4.144575] type=1400 audit(1369638263.407:7): apparmor="STATUS" operation="profile_load" name="/usr/lib/lightdm/lightdm/lightdm-guest-session-wrapper" pid=811 comm="apparmor_parser"
[    4.145554] type=1400 audit(1369638263.407:8): apparmor="STATUS" operation="profile_replace" name="/sbin/dhclient" pid=812 comm="apparmor_parser"
[    4.145610] type=1400 audit(1369638263.407:9): apparmor="STATUS" operation="profile_replace" name="/usr/lib/NetworkManager/nm-dhcp-client.action" pid=812 comm="apparmor_parser"
[    4.145665] type=1400 audit(1369638263.407:10): apparmor="STATUS" operation="profile_replace" name="/usr/lib/connman/scripts/dhclient-script" pid=812 comm="apparmor_parser"
[    4.277642] init: alsa-restore main process (864) terminated with status 19
