[    0.000000] Initializing cgroup subsys cpuset
[    0.000000] Initializing cgroup subsys cpu
[    0.000000] Linux version 3.2.0-29-generic-pae (buildd@roseapple) (gcc version 4.6.3 (Ubuntu/Linaro 4.6.3-1ubuntu5) ) #46-Ubuntu SMP Fri Jul 27 17:25:43 UTC 2012 (Ubuntu 3.2.0-29.46-generic-pae 3.2.24)
[    0.000000] KERNEL supported cpus:
[    0.000000]   Intel GenuineIntel
[    0.000000]   AMD AuthenticAMD
[    0.000000]   NSC Geode by NSC
[    0.000000]   Cyrix CyrixInstead
[    0.000000]   Centaur CentaurHauls
[    0.000000]   Transmeta GenuineTMx86
[    0.000000]   Transmeta TransmetaCPU
[    0.000000]   UMC UMC UMC UMC
[    0.000000] Disabled fast string operations
[    0.000000] BIOS-provided physical RAM map:
[    0.000000]  BIOS-e820: 0000000000000000 - 000000000009f000 (usable)
[    0.000000]  BIOS-e820: 000000000009f000 - 00000000000a0000 (reserved)
[    0.000000]  BIOS-e820: 00000000000ca000 - 00000000000cc000 (reserved)
[    0.000000]  BIOS-e820: 00000000000dc000 - 0000000000100000 (reserved)
[    0.000000]  BIOS-e820: 0000000000100000 - 000000003fee0000 (usable)
[    0.000000]  BIOS-e820: 000000003fee0000 - 000000003feff000 (ACPI data)
[    0.000000]  BIOS-e820: 000000003feff000 - 000000003ff00000 (ACPI NVS)
[    0.000000]  BIOS-e820: 000000003ff00000 - 0000000040000000 (usable)
[    0.000000]  BIOS-e820: 00000000e0000000 - 00000000f0000000 (reserved)
[    0.000000]  BIOS-e820: 00000000fec00000 - 00000000fec10000 (reserved)
[    0.000000]  BIOS-e820: 00000000fee00000 - 00000000fee01000 (reserved)
[    0.000000]  BIOS-e820: 00000000fffe0000 - 0000000100000000 (reserved)
[    0.000000] NX (Execute Disable) protection: active
[    0.000000] DMI present.
[    0.000000] DMI: VMware, Inc. VMware Virtual Platform/440BX Desktop Reference Platform, BIOS 6.00 07/02/2012
[    0.000000] Hypervisor detected: VMware
[    0.000000] e820 update range: 0000000000000000 - 0000000000010000 (usable) ==> (reserved)
[    0.000000] e820 remove range: 00000000000a0000 - 0000000000100000 (usable)
[    0.000000] last_pfn = 0x40000 max_arch_pfn = 0x1000000
[    0.000000] MTRR default type: uncachable
[    0.000000] MTRR fixed ranges enabled:
[    0.000000]   00000-9FFFF write-back
[    0.000000]   A0000-BFFFF uncachable
[    0.000000]   C0000-CBFFF write-protect
[    0.000000]   CC000-EFFFF uncachable
[    0.000000]   F0000-FFFFF write-protect
[    0.000000] MTRR variable ranges enabled:
[    0.000000]   0 base 0000000000 mask FFC0000000 write-back
[    0.000000]   1 disabled
[    0.000000]   2 disabled
[    0.000000]   3 disabled
[    0.000000]   4 disabled
[    0.000000]   5 disabled
[    0.000000]   6 disabled
[    0.000000]   7 disabled
[    0.000000] x86 PAT enabled: cpu 0, old 0x0, new 0x7010600070106
[    0.000000] found SMP MP-table at [c00f6bf0] f6bf0
[    0.000000] initial memory mapped : 0 - 02000000
[    0.000000] Base memory trampoline at [c009b000] 9b000 size 16384
[    0.000000] init_memory_mapping: 0000000000000000-0000000037bfe000
[    0.000000]  0000000000 - 0000200000 page 4k
[    0.000000]  0000200000 - 0037a00000 page 2M
[    0.000000]  0037a00000 - 0037bfe000 page 4k
[    0.000000] kernel direct mapping tables up to 37bfe000 @ 1ffb000-2000000
[    0.000000] RAMDISK: 364ea000 - 3726d000
[    0.000000] ACPI: RSDP 000f6b80 00024 (v02 PTLTD )
[    0.000000] ACPI: XSDT 3feed636 0005C (v01 INTEL  440BX    06040000 VMW  01324272)
[    0.000000] ACPI: FACP 3fefee98 000F4 (v04 INTEL  440BX    06040000 PTL  000F4240)
[    0.000000] ACPI: DSDT 3feee366 10B32 (v01 PTLTD  Custom   06040000 MSFT 03000001)
[    0.000000] ACPI: FACS 3fefffc0 00040
[    0.000000] ACPI: BOOT 3feee33e 00028 (v01 PTLTD  $SBFTBL$ 06040000  LTP 00000001)
[    0.000000] ACPI: APIC 3feedc3e 003C2 (v01 PTLTD  ? APIC   06040000  LTP 00000000)
[    0.000000] ACPI: MCFG 3feedc02 0003C (v01 PTLTD  $PCITBL$ 06040000  LTP 00000001)
[    0.000000] ACPI: SRAT 3feed732 004D0 (v02 VMWARE MEMPLUG  06040000 VMW  00000001)
[    0.000000] ACPI: HPET 3feed6fa 00038 (v01 VMWARE VMW HPET 06040000 VMW  00000001)
[    0.000000] ACPI: WAET 3feed6d2 00028 (v01 VMWARE VMW WAET 06040000 VMW  00000001)
[    0.000000] ACPI: Local APIC address 0xfee00000
[    0.000000] 132MB HIGHMEM available.
[    0.000000] 891MB LOWMEM available.
[    0.000000]   mapped low ram: 0 - 37bfe000
[    0.000000]   low ram: 0 - 37bfe000
[    0.000000] Zone PFN ranges:
[    0.000000]   DMA      0x00000010 -> 0x00001000
[    0.000000]   Normal   0x00001000 -> 0x00037bfe
[    0.000000]   HighMem  0x00037bfe -> 0x00040000
[    0.000000] Movable zone start PFN for each node
[    0.000000] early_node_map[3] active PFN ranges
[    0.000000]     0: 0x00000010 -> 0x0000009f
[    0.000000]     0: 0x00000100 -> 0x0003fee0
[    0.000000]     0: 0x0003ff00 -> 0x00040000
[    0.000000] On node 0 totalpages: 261999
[    0.000000] free_area_init_node: node 0, pgdat c1866a40, node_mem_map f73fd200
[    0.000000]   DMA zone: 32 pages used for memmap
[    0.000000]   DMA zone: 0 pages reserved
[    0.000000]   DMA zone: 3951 pages, LIFO batch:0
[    0.000000]   Normal zone: 1752 pages used for memmap
[    0.000000]   Normal zone: 222502 pages, LIFO batch:31
[    0.000000]   HighMem zone: 265 pages used for memmap
[    0.000000]   HighMem zone: 33497 pages, LIFO batch:7
[    0.000000] Using APIC driver default
[    0.000000] ACPI: PM-Timer IO Port: 0x1008
[    0.000000] ACPI: Local APIC address 0xfee00000
[    0.000000] ACPI: LAPIC (acpi_id[0x00] lapic_id[0x00] enabled)
[    0.000000] ACPI: LAPIC (acpi_id[0x01] lapic_id[0x02] disabled)
[    0.000000] ACPI: LAPIC (acpi_id[0x02] lapic_id[0x04] disabled)
[    0.000000] ACPI: LAPIC (acpi_id[0x03] lapic_id[0x06] disabled)
[    0.000000] ACPI: LAPIC (acpi_id[0x04] lapic_id[0x08] disabled)
[    0.000000] ACPI: LAPIC (acpi_id[0x05] lapic_id[0x0a] disabled)
[    0.000000] ACPI: LAPIC (acpi_id[0x06] lapic_id[0x0c] disabled)
[    0.000000] ACPI: LAPIC (acpi_id[0x07] lapic_id[0x0e] disabled)
[    0.000000] ACPI: LAPIC (acpi_id[0x08] lapic_id[0x10] disabled)
[    0.000000] ACPI: LAPIC (acpi_id[0x09] lapic_id[0x12] disabled)
[    0.000000] ACPI: LAPIC (acpi_id[0x0a] lapic_id[0x14] disabled)
[    0.000000] ACPI: LAPIC (acpi_id[0x0b] lapic_id[0x16] disabled)
[    0.000000] ACPI: LAPIC (acpi_id[0x0c] lapic_id[0x18] disabled)
[    0.000000] ACPI: LAPIC (acpi_id[0x0d] lapic_id[0x1a] disabled)
[    0.000000] ACPI: LAPIC (acpi_id[0x0e] lapic_id[0x1c] disabled)
[    0.000000] ACPI: LAPIC (acpi_id[0x0f] lapic_id[0x1e] disabled)
[    0.000000] ACPI: LAPIC (acpi_id[0x10] lapic_id[0x20] disabled)
[    0.000000] ACPI: LAPIC (acpi_id[0x11] lapic_id[0x22] disabled)
[    0.000000] ACPI: LAPIC (acpi_id[0x12] lapic_id[0x24] disabled)
[    0.000000] ACPI: LAPIC (acpi_id[0x13] lapic_id[0x26] disabled)
[    0.000000] ACPI: LAPIC (acpi_id[0x14] lapic_id[0x28] disabled)
[    0.000000] ACPI: LAPIC (acpi_id[0x15] lapic_id[0x2a] disabled)
[    0.000000] ACPI: LAPIC (acpi_id[0x16] lapic_id[0x2c] disabled)
[    0.000000] ACPI: LAPIC (acpi_id[0x17] lapic_id[0x2e] disabled)
[    0.000000] ACPI: LAPIC (acpi_id[0x18] lapic_id[0x30] disabled)
[    0.000000] ACPI: LAPIC (acpi_id[0x19] lapic_id[0x32] disabled)
[    0.000000] ACPI: LAPIC (acpi_id[0x1a] lapic_id[0x34] disabled)
[    0.000000] ACPI: LAPIC (acpi_id[0x1b] lapic_id[0x36] disabled)
[    0.000000] ACPI: LAPIC (acpi_id[0x1c] lapic_id[0x38] disabled)
[    0.000000] ACPI: LAPIC (acpi_id[0x1d] lapic_id[0x3a] disabled)
[    0.000000] ACPI: LAPIC (acpi_id[0x1e] lapic_id[0x3c] disabled)
[    0.000000] ACPI: LAPIC (acpi_id[0x1f] lapic_id[0x3e] disabled)
[    0.000000] ACPI: LAPIC (acpi_id[0x20] lapic_id[0x40] disabled)
[    0.000000] ACPI: LAPIC (acpi_id[0x21] lapic_id[0x42] disabled)
[    0.000000] ACPI: LAPIC (acpi_id[0x22] lapic_id[0x44] disabled)
[    0.000000] ACPI: LAPIC (acpi_id[0x23] lapic_id[0x46] disabled)
[    0.000000] ACPI: LAPIC (acpi_id[0x24] lapic_id[0x48] disabled)
[    0.000000] ACPI: LAPIC (acpi_id[0x25] lapic_id[0x4a] disabled)
[    0.000000] ACPI: LAPIC (acpi_id[0x26] lapic_id[0x4c] disabled)
[    0.000000] ACPI: LAPIC (acpi_id[0x27] lapic_id[0x4e] disabled)
[    0.000000] ACPI: LAPIC (acpi_id[0x28] lapic_id[0x50] disabled)
[    0.000000] ACPI: LAPIC (acpi_id[0x29] lapic_id[0x52] disabled)
[    0.000000] ACPI: LAPIC (acpi_id[0x2a] lapic_id[0x54] disabled)
[    0.000000] ACPI: LAPIC (acpi_id[0x2b] lapic_id[0x56] disabled)
[    0.000000] ACPI: LAPIC (acpi_id[0x2c] lapic_id[0x58] disabled)
[    0.000000] ACPI: LAPIC (acpi_id[0x2d] lapic_id[0x5a] disabled)
[    0.000000] ACPI: LAPIC (acpi_id[0x2e] lapic_id[0x5c] disabled)
[    0.000000] ACPI: LAPIC (acpi_id[0x2f] lapic_id[0x5e] disabled)
[    0.000000] ACPI: LAPIC (acpi_id[0x30] lapic_id[0x60] disabled)
[    0.000000] ACPI: LAPIC (acpi_id[0x31] lapic_id[0x62] disabled)
[    0.000000] ACPI: LAPIC (acpi_id[0x32] lapic_id[0x64] disabled)
[    0.000000] ACPI: LAPIC (acpi_id[0x33] lapic_id[0x66] disabled)
[    0.000000] ACPI: LAPIC (acpi_id[0x34] lapic_id[0x68] disabled)
[    0.000000] ACPI: LAPIC (acpi_id[0x35] lapic_id[0x6a] disabled)
[    0.000000] ACPI: LAPIC (acpi_id[0x36] lapic_id[0x6c] disabled)
[    0.000000] ACPI: LAPIC (acpi_id[0x37] lapic_id[0x6e] disabled)
[    0.000000] ACPI: LAPIC (acpi_id[0x38] lapic_id[0x70] disabled)
[    0.000000] ACPI: LAPIC (acpi_id[0x39] lapic_id[0x72] disabled)
[    0.000000] ACPI: LAPIC (acpi_id[0x3a] lapic_id[0x74] disabled)
[    0.000000] ACPI: LAPIC (acpi_id[0x3b] lapic_id[0x76] disabled)
[    0.000000] ACPI: LAPIC (acpi_id[0x3c] lapic_id[0x78] disabled)
[    0.000000] ACPI: LAPIC (acpi_id[0x3d] lapic_id[0x7a] disabled)
[    0.000000] ACPI: LAPIC (acpi_id[0x3e] lapic_id[0x7c] disabled)
[    0.000000] ACPI: LAPIC (acpi_id[0x3f] lapic_id[0x7e] disabled)
[    0.000000] ACPI: LAPIC_NMI (acpi_id[0x00] high edge lint[0x1])
[    0.000000] ACPI: LAPIC_NMI (acpi_id[0x01] high edge lint[0x1])
[    0.000000] ACPI: LAPIC_NMI (acpi_id[0x02] high edge lint[0x1])
[    0.000000] ACPI: LAPIC_NMI (acpi_id[0x03] high edge lint[0x1])
[    0.000000] ACPI: LAPIC_NMI (acpi_id[0x04] high edge lint[0x1])
[    0.000000] ACPI: LAPIC_NMI (acpi_id[0x05] high edge lint[0x1])
[    0.000000] ACPI: LAPIC_NMI (acpi_id[0x06] high edge lint[0x1])
[    0.000000] ACPI: LAPIC_NMI (acpi_id[0x07] high edge lint[0x1])
[    0.000000] ACPI: LAPIC_NMI (acpi_id[0x08] high edge lint[0x1])
[    0.000000] ACPI: LAPIC_NMI (acpi_id[0x09] high edge lint[0x1])
[    0.000000] ACPI: LAPIC_NMI (acpi_id[0x0a] high edge lint[0x1])
[    0.000000] ACPI: LAPIC_NMI (acpi_id[0x0b] high edge lint[0x1])
[    0.000000] ACPI: LAPIC_NMI (acpi_id[0x0c] high edge lint[0x1])
[    0.000000] ACPI: LAPIC_NMI (acpi_id[0x0d] high edge lint[0x1])
[    0.000000] ACPI: LAPIC_NMI (acpi_id[0x0e] high edge lint[0x1])
[    0.000000] ACPI: LAPIC_NMI (acpi_id[0x0f] high edge lint[0x1])
[    0.000000] ACPI: LAPIC_NMI (acpi_id[0x10] high edge lint[0x1])
[    0.000000] ACPI: LAPIC_NMI (acpi_id[0x11] high edge lint[0x1])
[    0.000000] ACPI: LAPIC_NMI (acpi_id[0x12] high edge lint[0x1])
[    0.000000] ACPI: LAPIC_NMI (acpi_id[0x13] high edge lint[0x1])
[    0.000000] ACPI: LAPIC_NMI (acpi_id[0x14] high edge lint[0x1])
[    0.000000] ACPI: LAPIC_NMI (acpi_id[0x15] high edge lint[0x1])
[    0.000000] ACPI: LAPIC_NMI (acpi_id[0x16] high edge lint[0x1])
[    0.000000] ACPI: LAPIC_NMI (acpi_id[0x17] high edge lint[0x1])
[    0.000000] ACPI: LAPIC_NMI (acpi_id[0x18] high edge lint[0x1])
[    0.000000] ACPI: LAPIC_NMI (acpi_id[0x19] high edge lint[0x1])
[    0.000000] ACPI: LAPIC_NMI (acpi_id[0x1a] high edge lint[0x1])
[    0.000000] ACPI: LAPIC_NMI (acpi_id[0x1b] high edge lint[0x1])
[    0.000000] ACPI: LAPIC_NMI (acpi_id[0x1c] high edge lint[0x1])
[    0.000000] ACPI: LAPIC_NMI (acpi_id[0x1d] high edge lint[0x1])
[    0.000000] ACPI: LAPIC_NMI (acpi_id[0x1e] high edge lint[0x1])
[    0.000000] ACPI: LAPIC_NMI (acpi_id[0x1f] high edge lint[0x1])
[    0.000000] ACPI: LAPIC_NMI (acpi_id[0x20] high edge lint[0x1])
[    0.000000] ACPI: LAPIC_NMI (acpi_id[0x21] high edge lint[0x1])
[    0.000000] ACPI: LAPIC_NMI (acpi_id[0x22] high edge lint[0x1])
[    0.000000] ACPI: LAPIC_NMI (acpi_id[0x23] high edge lint[0x1])
[    0.000000] ACPI: LAPIC_NMI (acpi_id[0x24] high edge lint[0x1])
[    0.000000] ACPI: LAPIC_NMI (acpi_id[0x25] high edge lint[0x1])
[    0.000000] ACPI: LAPIC_NMI (acpi_id[0x26] high edge lint[0x1])
[    0.000000] ACPI: LAPIC_NMI (acpi_id[0x27] high edge lint[0x1])
[    0.000000] ACPI: LAPIC_NMI (acpi_id[0x28] high edge lint[0x1])
[    0.000000] ACPI: LAPIC_NMI (acpi_id[0x29] high edge lint[0x1])
[    0.000000] ACPI: LAPIC_NMI (acpi_id[0x2a] high edge lint[0x1])
[    0.000000] ACPI: LAPIC_NMI (acpi_id[0x2b] high edge lint[0x1])
[    0.000000] ACPI: LAPIC_NMI (acpi_id[0x2c] high edge lint[0x1])
[    0.000000] ACPI: LAPIC_NMI (acpi_id[0x2d] high edge lint[0x1])
[    0.000000] ACPI: LAPIC_NMI (acpi_id[0x2e] high edge lint[0x1])
[    0.000000] ACPI: LAPIC_NMI (acpi_id[0x2f] high edge lint[0x1])
[    0.000000] ACPI: LAPIC_NMI (acpi_id[0x30] high edge lint[0x1])
[    0.000000] ACPI: LAPIC_NMI (acpi_id[0x31] high edge lint[0x1])
[    0.000000] ACPI: LAPIC_NMI (acpi_id[0x32] high edge lint[0x1])
[    0.000000] ACPI: LAPIC_NMI (acpi_id[0x33] high edge lint[0x1])
[    0.000000] ACPI: LAPIC_NMI (acpi_id[0x34] high edge lint[0x1])
[    0.000000] ACPI: LAPIC_NMI (acpi_id[0x35] high edge lint[0x1])
[    0.000000] ACPI: LAPIC_NMI (acpi_id[0x36] high edge lint[0x1])
[    0.000000] ACPI: LAPIC_NMI (acpi_id[0x37] high edge lint[0x1])
[    0.000000] ACPI: LAPIC_NMI (acpi_id[0x38] high edge lint[0x1])
[    0.000000] ACPI: LAPIC_NMI (acpi_id[0x39] high edge lint[0x1])
[    0.000000] ACPI: LAPIC_NMI (acpi_id[0x3a] high edge lint[0x1])
[    0.000000] ACPI: LAPIC_NMI (acpi_id[0x3b] high edge lint[0x1])
[    0.000000] ACPI: LAPIC_NMI (acpi_id[0x3c] high edge lint[0x1])
[    0.000000] ACPI: LAPIC_NMI (acpi_id[0x3d] high edge lint[0x1])
[    0.000000] ACPI: LAPIC_NMI (acpi_id[0x3e] high edge lint[0x1])
[    0.000000] ACPI: LAPIC_NMI (acpi_id[0x3f] high edge lint[0x1])
[    0.000000] ACPI: Skipping IOAPIC probe due to 'noapic' option.
[    0.000000] Using ACPI for processor (LAPIC) configuration information
[    0.000000] ACPI: HPET id: 0x8086af01 base: 0xfed00000
[    0.000000] Intel MultiProcessor Specification v1.4
[    0.000000]     Virtual Wire compatibility mode.
[    0.000000] MPTABLE: OEM ID: INTEL   
[    0.000000] MPTABLE: Product ID: 440BX       
[    0.000000] MPTABLE: APIC at: 0xFEE00000
[    0.000000] IOAPIC[0]: apic_id 1, version 17, address 0xfec00000, GSI 0-23
[    0.000000] Processors: 1
[    0.000000] SMP: Allowing 1 CPUs, 0 hotplug CPUs
[    0.000000] nr_irqs_gsi: 40
[    0.000000] PM: Registered nosave memory: 000000000009f000 - 00000000000a0000
[    0.000000] PM: Registered nosave memory: 00000000000a0000 - 00000000000ca000
[    0.000000] PM: Registered nosave memory: 00000000000ca000 - 00000000000cc000
[    0.000000] PM: Registered nosave memory: 00000000000cc000 - 00000000000dc000
[    0.000000] PM: Registered nosave memory: 00000000000dc000 - 0000000000100000
[    0.000000] Allocating PCI resources starting at 40000000 (gap: 40000000:a0000000)
[    0.000000] Booting paravirtualized kernel on bare hardware
[    0.000000] setup_percpu: NR_CPUS:8 nr_cpumask_bits:8 nr_cpu_ids:1 nr_node_ids:1
[    0.000000] PERCPU: Embedded 14 pages/cpu @f73e8000 s34240 r0 d23104 u57344
[    0.000000] pcpu-alloc: s34240 r0 d23104 u57344 alloc=14*4096
[    0.000000] pcpu-alloc: [0] 0 
[    0.000000] Built 1 zonelists in Zone order, mobility grouping on.  Total pages: 259950
[    0.000000] Kernel command line: BOOT_IMAGE=/boot/vmlinuz-3.2.0-29-generic-pae root=UUID=007b598c-390d-4c65-84a1-4ff752d48633 ro quiet splash maxcpus=0
[    0.000000] PID hash table entries: 4096 (order: 2, 16384 bytes)
[    0.000000] Dentry cache hash table entries: 131072 (order: 7, 524288 bytes)
[    0.000000] Inode-cache hash table entries: 65536 (order: 6, 262144 bytes)
[    0.000000] Initializing CPU#0
[    0.000000] xsave/xrstor: enabled xstate_bv 0x7, cntxt size 0x340
[    0.000000] allocated 4194048 bytes of page_cgroup
[    0.000000] please try 'cgroup_disable=memory' option if you don't want memory cgroups
[    0.000000] Initializing HighMem for node 0 (00037bfe:00040000)
[    0.000000] Memory: 1010624k/1048576k available (5814k kernel code, 37372k reserved, 2841k data, 740k init, 135048k highmem)
[    0.000000] virtual kernel memory layout:
[    0.000000]     fixmap  : 0xfff16000 - 0xfffff000   ( 932 kB)
[    0.000000]     pkmap   : 0xffc00000 - 0xffe00000   (2048 kB)
[    0.000000]     vmalloc : 0xf83fe000 - 0xffbfe000   ( 120 MB)
[    0.000000]     lowmem  : 0xc0000000 - 0xf7bfe000   ( 891 MB)
[    0.000000]       .init : 0xc1875000 - 0xc192e000   ( 740 kB)
[    0.000000]       .data : 0xc15adb64 - 0xc1874240   (2841 kB)
[    0.000000]       .text : 0xc1000000 - 0xc15adb64   (5814 kB)
[    0.000000] Checking if this processor honours the WP bit even in supervisor mode...Ok.
[    0.000000] SLUB: Genslabs=15, HWalign=64, Order=0-3, MinObjects=0, CPUs=1, Nodes=1
[    0.000000] Hierarchical RCU implementation.
[    0.000000] 	RCU dyntick-idle grace-period acceleration is enabled.
[    0.000000] NR_IRQS:2304 nr_irqs:256 16
[    0.000000] CPU 0 irqstacks, hard=f5c08000 soft=f5c0a000
[    0.000000] Extended CMOS year: 2000
[    0.000000] Console: colour VGA+ 80x25
[    0.000000] console [tty0] enabled
[    0.000000] hpet clockevent registered
[    0.004000] TSC freq read from hypervisor : 2394.620 MHz
[    0.004000] Detected 2394.620 MHz processor.
[    0.000001] Calibrating delay loop (skipped) preset value.. 4789.24 BogoMIPS (lpj=9578480)
[    0.000005] pid_max: default: 32768 minimum: 301
[    0.000020] Security Framework initialized
[    0.000034] AppArmor: AppArmor initialized
[    0.000036] Yama: becoming mindful.
[    0.000072] Mount-cache hash table entries: 512
[    0.000149] Initializing cgroup subsys cpuacct
[    0.000154] Initializing cgroup subsys memory
[    0.000159] Initializing cgroup subsys devices
[    0.000161] Initializing cgroup subsys freezer
[    0.000163] Initializing cgroup subsys blkio
[    0.000168] Initializing cgroup subsys perf_event
[    0.000212] Disabled fast string operations
[    0.000216] CPU: Physical Processor ID: 0
[    0.000225] ENERGY_PERF_BIAS: Set to 'normal', was 'performance'
[    0.000227] ENERGY_PERF_BIAS: View and update with x86_energy_perf_policy(8)
[    0.002812] mce: CPU supports 0 MCE banks
[    0.003540] SMP alternatives: switching to UP code
[    0.071253] Freeing SMP alternatives: 24k freed
[    0.071260] ACPI: Core revision 20110623
[    0.090772] ACPI: setting ELCR to 0200 (from 0e20)
[    0.094584] ftrace: allocating 26545 entries in 52 pages
[    0.154969] SMP mode deactivated.
[    0.154999] SMP disabled
[    0.155002] Performance Events: generic architected perfmon v1, core PMU driver.
[    0.155014] ... version:                1
[    0.155015] ... bit width:              48
[    0.155016] ... generic registers:      4
[    0.155018] ... value mask:             0000ffffffffffff
[    0.155020] ... max period:             000000007fffffff
[    0.155021] ... fixed-purpose events:   0
[    0.155023] ... event mask:             000000000000000f
[    0.157836] NMI watchdog enabled, takes one hw-pmu counter.
[    0.157864] Brought up 1 CPUs
[    0.157866] Total of 1 processors activated (4789.24 BogoMIPS).
[    0.157993] devtmpfs: initialized
[    0.158063] EVM: security.selinux
[    0.158065] EVM: security.SMACK64
[    0.158066] EVM: security.capability
[    0.158096] PM: Registering ACPI NVS region at 3feff000 (4096 bytes)
[    0.158813] print_constraints: dummy: 
[    0.158889] RTC time:  9:43:46, date: 05/27/13
[    0.158917] NET: Registered protocol family 16
[    0.158990] EISA bus registered
[    0.159001] ACPI: bus type pci registered
[    0.161798] PCI: MMCONFIG for domain 0000 [bus 00-ff] at [mem 0xe0000000-0xefffffff] (base 0xe0000000)
[    0.161802] PCI: MMCONFIG at [mem 0xe0000000-0xefffffff] reserved in E820
[    0.161803] PCI: Using MMCONFIG for extended config space
[    0.161805] PCI: Using configuration type 1 for base access
[    0.162504] bio: create slab <bio-0> at 0
[    0.162575] ACPI: Added _OSI(Module Device)
[    0.162577] ACPI: Added _OSI(Processor Device)
[    0.162578] ACPI: Added _OSI(3.0 _SCP Extensions)
[    0.162580] ACPI: Added _OSI(Processor Aggregator Device)
[    0.169831] ACPI: EC: Look up EC in DSDT
[    0.187146] [Firmware Bug]: ACPI: BIOS _OSI(Linux) query ignored
[    0.217974] ACPI: Interpreter enabled
[    0.217983] ACPI: (supports S0 S1 S4 S5)
[    0.217993] ACPI: Using PIC for interrupt routing
[    0.362148] ACPI: No dock devices found.
[    0.362152] HEST: Table not found.
[    0.362158] PCI: Using host bridge windows from ACPI; if necessary, use "pci=nocrs" and report a bug
[    0.365744] ACPI: PCI Root Bridge [PCI0] (domain 0000 [bus 00-ff])
[    0.370005] pci_root PNP0A03:00: host bridge window [mem 0x000a0000-0x000bffff]
[    0.370009] pci_root PNP0A03:00: host bridge window [mem 0x000cc000-0x000cffff]
[    0.370012] pci_root PNP0A03:00: host bridge window [mem 0x000d0000-0x000d3fff]
[    0.370015] pci_root PNP0A03:00: host bridge window [mem 0x000d4000-0x000d7fff]
[    0.370018] pci_root PNP0A03:00: host bridge window [mem 0x000d8000-0x000dbfff]
[    0.370021] pci_root PNP0A03:00: host bridge window [mem 0xc0000000-0xfebfffff]
[    0.370024] pci_root PNP0A03:00: host bridge window [io  0x0000-0x0cf7]
[    0.370027] pci_root PNP0A03:00: host bridge window [io  0x0d00-0xfeff]
[    0.370093] pci 0000:00:00.0: [8086:7190] type 0 class 0x000600
[    0.370655] pci 0000:00:01.0: [8086:7191] type 1 class 0x000604
[    0.373843] pci 0000:00:07.0: [8086:7110] type 0 class 0x000601
[    0.374666] pci 0000:00:07.1: [8086:7111] type 0 class 0x000101
[    0.382233] pci 0000:00:07.1: reg 20: [io  0x10c0-0x10cf]
[    0.385640] pci 0000:00:07.3: [8086:7113] type 0 class 0x000680
[    0.389928] pci 0000:00:07.3: quirk: [io  0x1000-0x103f] claimed by PIIX4 ACPI
[    0.389941] pci 0000:00:07.3: quirk: [io  0x1040-0x104f] claimed by PIIX4 SMB
[    0.390161] pci 0000:00:07.7: [15ad:0740] type 0 class 0x000880
[    0.390637] pci 0000:00:07.7: reg 10: [io  0x1080-0x10bf]
[    0.393881] pci 0000:00:07.7: reg 14: [mem 0xc8000000-0xc8001fff 64bit]
[    0.398555] pci 0000:00:0f.0: [15ad:0405] type 0 class 0x000300
[    0.403245] pci 0000:00:0f.0: reg 10: [io  0x10d0-0x10df]
[    0.405193] pci 0000:00:0f.0: reg 14: [mem 0xd0000000-0xd7ffffff pref]
[    0.408061] pci 0000:00:0f.0: reg 18: [mem 0xc8800000-0xc8ffffff]
[    0.417226] pci 0000:00:0f.0: reg 30: [mem 0x00000000-0x00007fff pref]
[    0.419488] pci 0000:00:10.0: [1000:0030] type 0 class 0x000100
[    0.421982] pci 0000:00:10.0: reg 10: [io  0x1400-0x14ff]
[    0.426532] pci 0000:00:10.0: reg 14: [mem 0xc8040000-0xc805ffff 64bit]
[    0.430320] pci 0000:00:10.0: reg 1c: [mem 0xc8020000-0xc803ffff 64bit]
[    0.434394] pci 0000:00:10.0: reg 30: [mem 0x00000000-0x00003fff pref]
[    0.437485] pci 0000:00:11.0: [15ad:0790] type 1 class 0x000604
[    0.449589] pci 0000:00:15.0: [15ad:07a0] type 1 class 0x000604
[    0.454087] pci 0000:00:15.0: PME# supported from D0 D3hot D3cold
[    0.454110] pci 0000:00:15.0: PME# disabled
[    0.457363] pci 0000:00:15.1: [15ad:07a0] type 1 class 0x000604
[    0.458049] pci 0000:00:15.1: PME# supported from D0 D3hot D3cold
[    0.458071] pci 0000:00:15.1: PME# disabled
[    0.458284] pci 0000:00:15.2: [15ad:07a0] type 1 class 0x000604
[    0.461648] pci 0000:00:15.2: PME# supported from D0 D3hot D3cold
[    0.461670] pci 0000:00:15.2: PME# disabled
[    0.461883] pci 0000:00:15.3: [15ad:07a0] type 1 class 0x000604
[    0.462582] pci 0000:00:15.3: PME# supported from D0 D3hot D3cold
[    0.462604] pci 0000:00:15.3: PME# disabled
[    0.465494] pci 0000:00:15.4: [15ad:07a0] type 1 class 0x000604
[    0.466206] pci 0000:00:15.4: PME# supported from D0 D3hot D3cold
[    0.466229] pci 0000:00:15.4: PME# disabled
[    0.466449] pci 0000:00:15.5: [15ad:07a0] type 1 class 0x000604
[    0.469811] pci 0000:00:15.5: PME# supported from D0 D3hot D3cold
[    0.469833] pci 0000:00:15.5: PME# disabled
[    0.470047] pci 0000:00:15.6: [15ad:07a0] type 1 class 0x000604
[    0.473412] pci 0000:00:15.6: PME# supported from D0 D3hot D3cold
[    0.473434] pci 0000:00:15.6: PME# disabled
[    0.473648] pci 0000:00:15.7: [15ad:07a0] type 1 class 0x000604
[    0.474329] pci 0000:00:15.7: PME# supported from D0 D3hot D3cold
[    0.474351] pci 0000:00:15.7: PME# disabled
[    0.474570] pci 0000:00:16.0: [15ad:07a0] type 1 class 0x000604
[    0.477928] pci 0000:00:16.0: PME# supported from D0 D3hot D3cold
[    0.477950] pci 0000:00:16.0: PME# disabled
[    0.478173] pci 0000:00:16.1: [15ad:07a0] type 1 class 0x000604
[    0.481531] pci 0000:00:16.1: PME# supported from D0 D3hot D3cold
[    0.481553] pci 0000:00:16.1: PME# disabled
[    0.481767] pci 0000:00:16.2: [15ad:07a0] type 1 class 0x000604
[    0.482447] pci 0000:00:16.2: PME# supported from D0 D3hot D3cold
[    0.482469] pci 0000:00:16.2: PME# disabled
[    0.485356] pci 0000:00:16.3: [15ad:07a0] type 1 class 0x000604
[    0.486045] pci 0000:00:16.3: PME# supported from D0 D3hot D3cold
[    0.486067] pci 0000:00:16.3: PME# disabled
[    0.486280] pci 0000:00:16.4: [15ad:07a0] type 1 class 0x000604
[    0.489644] pci 0000:00:16.4: PME# supported from D0 D3hot D3cold
[    0.489666] pci 0000:00:16.4: PME# disabled
[    0.489885] pci 0000:00:16.5: [15ad:07a0] type 1 class 0x000604
[    0.490571] pci 0000:00:16.5: PME# supported from D0 D3hot D3cold
[    0.493268] pci 0000:00:16.5: PME# disabled
[    0.493482] pci 0000:00:16.6: [15ad:07a0] type 1 class 0x000604
[    0.494171] pci 0000:00:16.6: PME# supported from D0 D3hot D3cold
[    0.494193] pci 0000:00:16.6: PME# disabled
[    0.494406] pci 0000:00:16.7: [15ad:07a0] type 1 class 0x000604
[    0.497765] pci 0000:00:16.7: PME# supported from D0 D3hot D3cold
[    0.497787] pci 0000:00:16.7: PME# disabled
[    0.498000] pci 0000:00:17.0: [15ad:07a0] type 1 class 0x000604
[    0.501451] pci 0000:00:17.0: PME# supported from D0 D3hot D3cold
[    0.501477] pci 0000:00:17.0: PME# disabled
[    0.501742] pci 0000:00:17.1: [15ad:07a0] type 1 class 0x000604
[    0.505272] pci 0000:00:17.1: PME# supported from D0 D3hot D3cold
[    0.505300] pci 0000:00:17.1: PME# disabled
[    0.505564] pci 0000:00:17.2: [15ad:07a0] type 1 class 0x000604
[    0.506281] pci 0000:00:17.2: PME# supported from D0 D3hot D3cold
[    0.506303] pci 0000:00:17.2: PME# disabled
[    0.506517] pci 0000:00:17.3: [15ad:07a0] type 1 class 0x000604
[    0.509886] pci 0000:00:17.3: PME# supported from D0 D3hot D3cold
[    0.509908] pci 0000:00:17.3: PME# disabled
[    0.510122] pci 0000:00:17.4: [15ad:07a0] type 1 class 0x000604
[    0.513487] pci 0000:00:17.4: PME# supported from D0 D3hot D3cold
[    0.513509] pci 0000:00:17.4: PME# disabled
[    0.513728] pci 0000:00:17.5: [15ad:07a0] type 1 class 0x000604
[    0.514416] pci 0000:00:17.5: PME# supported from D0 D3hot D3cold
[    0.514438] pci 0000:00:17.5: PME# disabled
[    0.517326] pci 0000:00:17.6: [15ad:07a0] type 1 class 0x000604
[    0.518014] pci 0000:00:17.6: PME# supported from D0 D3hot D3cold
[    0.518036] pci 0000:00:17.6: PME# disabled
[    0.518249] pci 0000:00:17.7: [15ad:07a0] type 1 class 0x000604
[    0.521617] pci 0000:00:17.7: PME# supported from D0 D3hot D3cold
[    0.521639] pci 0000:00:17.7: PME# disabled
[    0.521852] pci 0000:00:18.0: [15ad:07a0] type 1 class 0x000604
[    0.525210] pci 0000:00:18.0: PME# supported from D0 D3hot D3cold
[    0.525232] pci 0000:00:18.0: PME# disabled
[    0.525447] pci 0000:00:18.1: [15ad:07a0] type 1 class 0x000604
[    0.526139] pci 0000:00:18.1: PME# supported from D0 D3hot D3cold
[    0.526160] pci 0000:00:18.1: PME# disabled
[    0.526374] pci 0000:00:18.2: [15ad:07a0] type 1 class 0x000604
[    0.529736] pci 0000:00:18.2: PME# supported from D0 D3hot D3cold
[    0.529757] pci 0000:00:18.2: PME# disabled
[    0.529971] pci 0000:00:18.3: [15ad:07a0] type 1 class 0x000604
[    0.533343] pci 0000:00:18.3: PME# supported from D0 D3hot D3cold
[    0.533372] pci 0000:00:18.3: PME# disabled
[    0.533587] pci 0000:00:18.4: [15ad:07a0] type 1 class 0x000604
[    0.534269] pci 0000:00:18.4: PME# supported from D0 D3hot D3cold
[    0.534291] pci 0000:00:18.4: PME# disabled
[    0.537201] pci 0000:00:18.5: [15ad:07a0] type 1 class 0x000604
[    0.537883] pci 0000:00:18.5: PME# supported from D0 D3hot D3cold
[    0.537905] pci 0000:00:18.5: PME# disabled
[    0.538120] pci 0000:00:18.6: [15ad:07a0] type 1 class 0x000604
[    0.541477] pci 0000:00:18.6: PME# supported from D0 D3hot D3cold
[    0.541499] pci 0000:00:18.6: PME# disabled
[    0.541721] pci 0000:00:18.7: [15ad:07a0] type 1 class 0x000604
[    0.542401] pci 0000:00:18.7: PME# supported from D0 D3hot D3cold
[    0.542423] pci 0000:00:18.7: PME# disabled
[    0.545646] pci 0000:00:01.0: PCI bridge to [bus 01-01]
[    0.545928] pci 0000:02:00.0: [15ad:0774] type 0 class 0x000c03
[    0.549866] pci 0000:02:00.0: reg 20: [io  0x20c0-0x20df]
[    0.553167] pci 0000:02:01.0: [1022:2000] type 0 class 0x000200
[    0.553442] pci 0000:02:01.0: reg 10: [io  0x2000-0x207f]
[    0.557587] pci 0000:02:01.0: reg 30: [mem 0x00000000-0x0000ffff pref]
[    0.557706] pci 0000:02:02.0: [1274:1371] type 0 class 0x000401
[    0.558026] pci 0000:02:02.0: reg 10: [io  0x2080-0x20bf]
[    0.565291] pci 0000:02:03.0: [15ad:0770] type 0 class 0x000c03
[    0.565545] pci 0000:02:03.0: reg 10: [mem 0xc9000000-0xc9000fff]
[    0.569850] pci 0000:00:11.0: PCI bridge to [bus 02-02] (subtractive decode)
[    0.569871] pci 0000:00:11.0:   bridge window [io  0x2000-0x3fff]
[    0.569893] pci 0000:00:11.0:   bridge window [mem 0xc9000000-0xca3fffff]
[    0.569933] pci 0000:00:11.0:   bridge window [mem 0xd8400000-0xd89fffff 64bit pref]
[    0.569936] pci 0000:00:11.0:   bridge window [mem 0x000a0000-0x000bffff] (subtractive decode)
[    0.569938] pci 0000:00:11.0:   bridge window [mem 0x000cc000-0x000cffff] (subtractive decode)
[    0.569940] pci 0000:00:11.0:   bridge window [mem 0x000d0000-0x000d3fff] (subtractive decode)
[    0.569942] pci 0000:00:11.0:   bridge window [mem 0x000d4000-0x000d7fff] (subtractive decode)
[    0.569945] pci 0000:00:11.0:   bridge window [mem 0x000d8000-0x000dbfff] (subtractive decode)
[    0.569947] pci 0000:00:11.0:   bridge window [mem 0xc0000000-0xfebfffff] (subtractive decode)
[    0.569949] pci 0000:00:11.0:   bridge window [io  0x0000-0x0cf7] (subtractive decode)
[    0.569951] pci 0000:00:11.0:   bridge window [io  0x0d00-0xfeff] (subtractive decode)
[    0.570367] pci 0000:00:15.0: PCI bridge to [bus 03-03]
[    0.570389] pci 0000:00:15.0:   bridge window [io  0x4000-0x4fff]
[    0.570410] pci 0000:00:15.0:   bridge window [mem 0xca400000-0xca4fffff]
[    0.570450] pci 0000:00:15.0:   bridge window [mem 0xd8a00000-0xd8afffff 64bit pref]
[    0.573539] pci 0000:00:15.1: PCI bridge to [bus 04-04]
[    0.573560] pci 0000:00:15.1:   bridge window [io  0x8000-0x8fff]
[    0.573581] pci 0000:00:15.1:   bridge window [mem 0xca800000-0xca8fffff]
[    0.573621] pci 0000:00:15.1:   bridge window [mem 0xd8e00000-0xd8efffff 64bit pref]
[    0.574041] pci 0000:00:15.2: PCI bridge to [bus 05-05]
[    0.574062] pci 0000:00:15.2:   bridge window [io  0xc000-0xcfff]
[    0.574083] pci 0000:00:15.2:   bridge window [mem 0xcac00000-0xcacfffff]
[    0.574123] pci 0000:00:15.2:   bridge window [mem 0xd9200000-0xd92fffff 64bit pref]
[    0.577217] pci 0000:00:15.3: PCI bridge to [bus 06-06]
[    0.577256] pci 0000:00:15.3:   bridge window [mem 0xcb000000-0xcb0fffff]
[    0.577296] pci 0000:00:15.3:   bridge window [mem 0xd9600000-0xd96fffff 64bit pref]
[    0.577709] pci 0000:00:15.4: PCI bridge to [bus 07-07]
[    0.577749] pci 0000:00:15.4:   bridge window [mem 0xcb400000-0xcb4fffff]
[    0.577789] pci 0000:00:15.4:   bridge window [mem 0xd9a00000-0xd9afffff 64bit pref]
[    0.578202] pci 0000:00:15.5: PCI bridge to [bus 08-08]
[    0.578241] pci 0000:00:15.5:   bridge window [mem 0xcb800000-0xcb8fffff]
[    0.578281] pci 0000:00:15.5:   bridge window [mem 0xd9e00000-0xd9efffff 64bit pref]
[    0.581376] pci 0000:00:15.6: PCI bridge to [bus 09-09]
[    0.581415] pci 0000:00:15.6:   bridge window [mem 0xcbc00000-0xcbcfffff]
[    0.581455] pci 0000:00:15.6:   bridge window [mem 0xda200000-0xda2fffff 64bit pref]
[    0.581869] pci 0000:00:15.7: PCI bridge to [bus 0a-0a]
[    0.581908] pci 0000:00:15.7:   bridge window [mem 0xcc000000-0xcc0fffff]
[    0.581948] pci 0000:00:15.7:   bridge window [mem 0xda600000-0xda6fffff 64bit pref]
[    0.582361] pci 0000:00:16.0: PCI bridge to [bus 0b-0b]
[    0.582382] pci 0000:00:16.0:   bridge window [io  0x5000-0x5fff]
[    0.582404] pci 0000:00:16.0:   bridge window [mem 0xca500000-0xca5fffff]
[    0.585117] pci 0000:00:16.0:   bridge window [mem 0xd8b00000-0xd8bfffff 64bit pref]
[    0.585530] pci 0000:00:16.1: PCI bridge to [bus 0c-0c]
[    0.585551] pci 0000:00:16.1:   bridge window [io  0x9000-0x9fff]
[    0.585572] pci 0000:00:16.1:   bridge window [mem 0xca900000-0xca9fffff]
[    0.585612] pci 0000:00:16.1:   bridge window [mem 0xd8f00000-0xd8ffffff 64bit pref]
[    0.586031] pci 0000:00:16.2: PCI bridge to [bus 0d-0d]
[    0.586052] pci 0000:00:16.2:   bridge window [io  0xd000-0xdfff]
[    0.586074] pci 0000:00:16.2:   bridge window [mem 0xcad00000-0xcadfffff]
[    0.586113] pci 0000:00:16.2:   bridge window [mem 0xd9300000-0xd93fffff 64bit pref]
[    0.589204] pci 0000:00:16.3: PCI bridge to [bus 0e-0e]
[    0.589244] pci 0000:00:16.3:   bridge window [mem 0xcb100000-0xcb1fffff]
[    0.589283] pci 0000:00:16.3:   bridge window [mem 0xd9700000-0xd97fffff 64bit pref]
[    0.589703] pci 0000:00:16.4: PCI bridge to [bus 0f-0f]
[    0.589743] pci 0000:00:16.4:   bridge window [mem 0xcb500000-0xcb5fffff]
[    0.589783] pci 0000:00:16.4:   bridge window [mem 0xd9b00000-0xd9bfffff 64bit pref]
[    0.590195] pci 0000:00:16.5: PCI bridge to [bus 10-10]
[    0.590234] pci 0000:00:16.5:   bridge window [mem 0xcb900000-0xcb9fffff]
[    0.590274] pci 0000:00:16.5:   bridge window [mem 0xd9f00000-0xd9ffffff 64bit pref]
[    0.593369] pci 0000:00:16.6: PCI bridge to [bus 11-11]
[    0.593409] pci 0000:00:16.6:   bridge window [mem 0xcbd00000-0xcbdfffff]
[    0.593448] pci 0000:00:16.6:   bridge window [mem 0xda300000-0xda3fffff 64bit pref]
[    0.593861] pci 0000:00:16.7: PCI bridge to [bus 12-12]
[    0.593900] pci 0000:00:16.7:   bridge window [mem 0xcc100000-0xcc1fffff]
[    0.593940] pci 0000:00:16.7:   bridge window [mem 0xda700000-0xda7fffff 64bit pref]
[    0.594363] pci 0000:00:17.0: PCI bridge to [bus 13-13]
[    0.594384] pci 0000:00:17.0:   bridge window [io  0x6000-0x6fff]
[    0.594406] pci 0000:00:17.0:   bridge window [mem 0xca600000-0xca6fffff]
[    0.597120] pci 0000:00:17.0:   bridge window [mem 0xd8c00000-0xd8cfffff 64bit pref]
[    0.597535] pci 0000:00:17.1: PCI bridge to [bus 14-14]
[    0.597557] pci 0000:00:17.1:   bridge window [io  0xa000-0xafff]
[    0.597578] pci 0000:00:17.1:   bridge window [mem 0xcaa00000-0xcaafffff]
[    0.597618] pci 0000:00:17.1:   bridge window [mem 0xd9000000-0xd90fffff 64bit pref]
[    0.598041] pci 0000:00:17.2: PCI bridge to [bus 15-15]
[    0.598062] pci 0000:00:17.2:   bridge window [io  0xe000-0xefff]
[    0.598084] pci 0000:00:17.2:   bridge window [mem 0xcae00000-0xcaefffff]
[    0.598123] pci 0000:00:17.2:   bridge window [mem 0xd9400000-0xd94fffff 64bit pref]
[    0.601215] pci 0000:00:17.3: PCI bridge to [bus 16-16]
[    0.601254] pci 0000:00:17.3:   bridge window [mem 0xcb200000-0xcb2fffff]
[    0.601294] pci 0000:00:17.3:   bridge window [mem 0xd9800000-0xd98fffff 64bit pref]
[    0.601751] pci 0000:00:17.4: PCI bridge to [bus 17-17]
[    0.601791] pci 0000:00:17.4:   bridge window [mem 0xcb600000-0xcb6fffff]
[    0.601830] pci 0000:00:17.4:   bridge window [mem 0xd9c00000-0xd9cfffff 64bit pref]
[    0.602245] pci 0000:00:17.5: PCI bridge to [bus 18-18]
[    0.602284] pci 0000:00:17.5:   bridge window [mem 0xcba00000-0xcbafffff]
[    0.602324] pci 0000:00:17.5:   bridge window [mem 0xda000000-0xda0fffff 64bit pref]
[    0.605426] pci 0000:00:17.6: PCI bridge to [bus 19-19]
[    0.605465] pci 0000:00:17.6:   bridge window [mem 0xcbe00000-0xcbefffff]
[    0.605505] pci 0000:00:17.6:   bridge window [mem 0xda400000-0xda4fffff 64bit pref]
[    0.605917] pci 0000:00:17.7: PCI bridge to [bus 1a-1a]
[    0.605957] pci 0000:00:17.7:   bridge window [mem 0xcc200000-0xcc2fffff]
[    0.605997] pci 0000:00:17.7:   bridge window [mem 0xda800000-0xda8fffff 64bit pref]
[    0.609092] pci 0000:00:18.0: PCI bridge to [bus 1b-1b]
[    0.609113] pci 0000:00:18.0:   bridge window [io  0x7000-0x7fff]
[    0.609134] pci 0000:00:18.0:   bridge window [mem 0xca700000-0xca7fffff]
[    0.609174] pci 0000:00:18.0:   bridge window [mem 0xd8d00000-0xd8dfffff 64bit pref]
[    0.609587] pci 0000:00:18.1: PCI bridge to [bus 1c-1c]
[    0.609608] pci 0000:00:18.1:   bridge window [io  0xb000-0xbfff]
[    0.609630] pci 0000:00:18.1:   bridge window [mem 0xcab00000-0xcabfffff]
[    0.609669] pci 0000:00:18.1:   bridge window [mem 0xd9100000-0xd91fffff 64bit pref]
[    0.610095] pci 0000:00:18.2: PCI bridge to [bus 1d-1d]
[    0.610115] pci 0000:00:18.2:   bridge window [io  0xf000-0xffff]
[    0.610137] pci 0000:00:18.2:   bridge window [mem 0xcaf00000-0xcaffffff]
[    0.610177] pci 0000:00:18.2:   bridge window [mem 0xd9500000-0xd95fffff 64bit pref]
[    0.613268] pci 0000:00:18.3: PCI bridge to [bus 1e-1e]
[    0.613308] pci 0000:00:18.3:   bridge window [mem 0xcb300000-0xcb3fffff]
[    0.613348] pci 0000:00:18.3:   bridge window [mem 0xd9900000-0xd99fffff 64bit pref]
[    0.613807] pci 0000:00:18.4: PCI bridge to [bus 1f-1f]
[    0.613857] pci 0000:00:18.4:   bridge window [mem 0xcb700000-0xcb7fffff]
[    0.613906] pci 0000:00:18.4:   bridge window [mem 0xd9d00000-0xd9dfffff 64bit pref]
[    0.617092] pci 0000:00:18.5: PCI bridge to [bus 20-20]
[    0.617138] pci 0000:00:18.5:   bridge window [mem 0xcbb00000-0xcbbfffff]
[    0.617193] pci 0000:00:18.5:   bridge window [mem 0xda100000-0xda1fffff 64bit pref]
[    0.617662] pci 0000:00:18.6: PCI bridge to [bus 21-21]
[    0.617707] pci 0000:00:18.6:   bridge window [mem 0xcbf00000-0xcbffffff]
[    0.617751] pci 0000:00:18.6:   bridge window [mem 0xda500000-0xda5fffff 64bit pref]
[    0.618226] pci 0000:00:18.7: PCI bridge to [bus 22-22]
[    0.618271] pci 0000:00:18.7:   bridge window [mem 0xcc300000-0xcc3fffff]
[    0.618315] pci 0000:00:18.7:   bridge window [mem 0xda900000-0xda9fffff 64bit pref]
[    0.625421] pci_bus 0000:00: on NUMA node 0
[    0.625427] ACPI: PCI Interrupt Routing Table [\_SB_.PCI0._PRT]
[    0.626033]  pci0000:00: Requesting ACPI _OSC control (0x1d)
[    0.626237]  pci0000:00: ACPI _OSC control (0x15) granted
[    0.845822] ACPI: PCI Interrupt Link [LNKA] (IRQs 3 4 5 6 7 *9 10 11 14 15)
[    0.845897] ACPI: PCI Interrupt Link [LNKB] (IRQs 3 4 5 6 7 9 10 *11 14 15)
[    0.845958] ACPI: PCI Interrupt Link [LNKC] (IRQs 3 4 5 6 7 9 *10 11 14 15)
[    0.846019] ACPI: PCI Interrupt Link [LNKD] (IRQs 3 4 *5 6 7 9 10 11 14 15)
[    0.848816] vgaarb: device added: PCI:0000:00:0f.0,decodes=io+mem,owns=io+mem,locks=none
[    0.848838] vgaarb: loaded
[    0.848840] vgaarb: bridge control possible 0000:00:0f.0
[    0.848919] i2c-core: driver [aat2870] using legacy suspend method
[    0.848920] i2c-core: driver [aat2870] using legacy resume method
[    0.848982] SCSI subsystem initialized
[    0.849024] libata version 3.00 loaded.
[    0.849053] usbcore: registered new interface driver usbfs
[    0.849062] usbcore: registered new interface driver hub
[    0.849091] usbcore: registered new device driver usb
[    0.849158] PCI: Using ACPI for IRQ routing
[    1.044553] PCI: pci_cache_line_size set to 64 bytes
[    1.044583] pci 0000:00:18.2: no compatible bridge window for [io  0xf000-0xffff]
[    1.045549] reserve RAM buffer: 000000000009f000 - 000000000009ffff 
[    1.045553] reserve RAM buffer: 000000003fee0000 - 000000003fffffff 
[    1.045649] NetLabel: Initializing
[    1.045651] NetLabel:  domain hash size = 128
[    1.045652] NetLabel:  protocols = UNLABELED CIPSOv4
[    1.045660] NetLabel:  unlabeled traffic allowed by default
[    1.045717] hpet0: at MMIO 0xfed00000, IRQs 2, 8, 0, 0, 0, 0, 0, 0, 0, 0, 0, 0, 0, 0, 0, 0
[    1.045724] hpet0: 16 comparators, 64-bit 14.318180 MHz counter
[    1.053365] Switching to clocksource hpet
[    1.057395] CE: hpet increased min_delta_ns to 20113 nsec
[    1.057477] CE: hpet increased min_delta_ns to 30169 nsec
[    1.057586] CE: hpet increased min_delta_ns to 45253 nsec
[    1.057740] CE: hpet increased min_delta_ns to 67879 nsec
[    1.057962] CE: hpet increased min_delta_ns to 101818 nsec
[    1.069915] AppArmor: AppArmor Filesystem Enabled
[    1.069936] pnp: PnP ACPI init
[    1.069952] ACPI: bus type pnp registered
[    1.070633] pnp 00:00: [bus 00-ff]
[    1.070636] pnp 00:00: [mem 0x000a0000-0x000bffff window]
[    1.070639] pnp 00:00: [mem 0x000c0000-0x000c3fff window]
[    1.070641] pnp 00:00: [mem 0x000c4000-0x000c7fff window]
[    1.070643] pnp 00:00: [mem 0x000c8000-0x000cbfff window]
[    1.070645] pnp 00:00: [mem 0x000cc000-0x000cffff window]
[    1.070647] pnp 00:00: [mem 0x000d0000-0x000d3fff window]
[    1.070649] pnp 00:00: [mem 0x000d4000-0x000d7fff window]
[    1.070651] pnp 00:00: [mem 0x000d8000-0x000dbfff window]
[    1.070653] pnp 00:00: [mem 0x000dc000-0x000dffff window]
[    1.070655] pnp 00:00: [mem 0x000e0000-0x000e3fff window]
[    1.070657] pnp 00:00: [mem 0x000e4000-0x000e7fff window]
[    1.070659] pnp 00:00: [mem 0x000e8000-0x000ebfff window]
[    1.070661] pnp 00:00: [mem 0x000ec000-0x000effff window]
[    1.070663] pnp 00:00: [mem 0xc0000000-0xfebfffff window]
[    1.070665] pnp 00:00: [io  0x0cf8-0x0cff]
[    1.070667] pnp 00:00: [io  0x0000-0x0cf7 window]
[    1.070670] pnp 00:00: [io  0x0d00-0xfeff window]
[    1.070708] pnp 00:00: Plug and Play ACPI device, IDs PNP0a03 PNP0a08 (active)
[    1.073460] pnp 00:01: [io  0x0010-0x001f]
[    1.073462] pnp 00:01: [io  0x0024-0x0025]
[    1.073464] pnp 00:01: [io  0x0028-0x0029]
[    1.073465] pnp 00:01: [io  0x002c-0x002d]
[    1.073467] pnp 00:01: [io  0x002e-0x002f]
[    1.073469] pnp 00:01: [io  0x0030-0x0031]
[    1.073471] pnp 00:01: [io  0x0034-0x0035]
[    1.073472] pnp 00:01: [io  0x0038-0x0039]
[    1.073474] pnp 00:01: [io  0x003c-0x003d]
[    1.073476] pnp 00:01: [io  0x0050-0x0053]
[    1.073478] pnp 00:01: [io  0x0072-0x0077]
[    1.073480] pnp 00:01: [io  0x0080]
[    1.073481] pnp 00:01: [io  0x0090-0x009f]
[    1.073483] pnp 00:01: [io  0x00a4-0x00a5]
[    1.073485] pnp 00:01: [io  0x00a8-0x00a9]
[    1.073487] pnp 00:01: [io  0x00ac-0x00ad]
[    1.073488] pnp 00:01: [io  0x00b0-0x00b5]
[    1.073490] pnp 00:01: [io  0x00b8-0x00b9]
[    1.073492] pnp 00:01: [io  0x00bc-0x00bd]
[    1.073494] pnp 00:01: [io  0x1000-0x103f]
[    1.073496] pnp 00:01: [io  0x1040-0x104f]
[    1.073497] pnp 00:01: [io  0x0cf0-0x0cf1]
[    1.073556] system 00:01: [io  0x1000-0x103f] has been reserved
[    1.073561] system 00:01: [io  0x1040-0x104f] has been reserved
[    1.073564] system 00:01: [io  0x0cf0-0x0cf1] has been reserved
[    1.073567] system 00:01: Plug and Play ACPI device, IDs PNP0c02 (active)
[    1.073574] pnp 00:02: [io  0x0000-0x000f]
[    1.073576] pnp 00:02: [io  0x0081-0x008f]
[    1.073578] pnp 00:02: [io  0x00c0-0x00df]
[    1.073580] pnp 00:02: [dma 4]
[    1.073597] pnp 00:02: Plug and Play ACPI device, IDs PNP0200 (active)
[    1.073603] pnp 00:03: [io  0x0020-0x0021]
[    1.073605] pnp 00:03: [io  0x00a0-0x00a1]
[    1.073607] pnp 00:03: [io  0x04d0-0x04d1]
[    1.073609] pnp 00:03: [irq 2 disabled]
[    1.073625] pnp 00:03: Plug and Play ACPI device, IDs PNP0001 (active)
[    1.073631] pnp 00:04: [io  0x0070-0x0071]
[    1.073634] pnp 00:04: [irq 8]
[    1.073648] pnp 00:04: Plug and Play ACPI device, IDs PNP0b00 (active)
[    1.073653] pnp 00:05: [io  0x0061]
[    1.073667] pnp 00:05: Plug and Play ACPI device, IDs PNP0800 (active)
[    1.073672] pnp 00:06: [io  0x0060]
[    1.073674] pnp 00:06: [io  0x0064]
[    1.073675] pnp 00:06: [irq 1]
[    1.073691] pnp 00:06: Plug and Play ACPI device, IDs PNP0303 (active)
[    1.073697] pnp 00:07: [irq 12]
[    1.073711] pnp 00:07: Plug and Play ACPI device, IDs PNP0f13 (active)
[    1.073874] pnp 00:08: [mem 0xfed00000-0xfed003ff]
[    1.073909] system 00:08: [mem 0xfed00000-0xfed003ff] has been reserved
[    1.073912] system 00:08: Plug and Play ACPI device, IDs PNP0103 PNP0c01 (active)
[    1.086473] pnp 00:09: [io  0x0378-0x037f]
[    1.086477] pnp 00:09: [irq 7]
[    1.090355] pnp 00:09: Plug and Play ACPI device, IDs PNP0400 (active)
[    1.102473] pnp 00:0a: [io  0x03f8-0x03ff]
[    1.102477] pnp 00:0a: [irq 4]
[    1.107656] pnp 00:0a: Plug and Play ACPI device, IDs PNP0501 (active)
[    1.117814] pnp 00:0b: [io  0x02f8-0x02ff]
[    1.117817] pnp 00:0b: [irq 3]
[    1.121682] pnp 00:0b: Plug and Play ACPI device, IDs PNP0501 (active)
[    1.137617] pnp 00:0c: [io  0x03f0-0x03f5]
[    1.137620] pnp 00:0c: [io  0x03f7]
[    1.137622] pnp 00:0c: [irq 6]
[    1.137624] pnp 00:0c: [dma 2]
[    1.141389] pnp 00:0c: Plug and Play ACPI device, IDs PNP0700 (active)
[    1.141586] pnp 00:0d: [mem 0xe0000000-0xefffffff]
[    1.141590] pnp 00:0d: [io  0x1060-0x107f]
[    1.141593] pnp 00:0d: [mem 0xc8200000-0xc83fffff]
[    1.141637] system 00:0d: [io  0x1060-0x107f] has been reserved
[    1.141641] system 00:0d: [mem 0xe0000000-0xefffffff] has been reserved
[    1.141644] system 00:0d: [mem 0xc8200000-0xc83fffff] has been reserved
[    1.141647] system 00:0d: Plug and Play ACPI device, IDs PNP0c02 (active)
[    1.157370] pnp: PnP ACPI: found 14 devices
[    1.157373] ACPI: ACPI bus type pnp unregistered
[    1.157377] PnPBIOS: Disabled by ACPI PNP
[    1.200879] PCI: max bus depth: 1 pci_try_num: 2
[    1.201438] pci 0000:00:0f.0: BAR 6: assigned [mem 0xc0000000-0xc0007fff pref]
[    1.201442] pci 0000:00:10.0: BAR 6: assigned [mem 0xc0008000-0xc000bfff pref]
[    1.201447] pci 0000:00:18.7: BAR 13: can't assign io (size 0x1000)
[    1.201451] pci 0000:00:18.6: BAR 13: can't assign io (size 0x1000)
[    1.201454] pci 0000:00:18.5: BAR 13: can't assign io (size 0x1000)
[    1.201457] pci 0000:00:18.4: BAR 13: can't assign io (size 0x1000)
[    1.201460] pci 0000:00:18.3: BAR 13: can't assign io (size 0x1000)
[    1.201463] pci 0000:00:18.2: BAR 13: can't assign io (size 0x1000)
[    1.201466] pci 0000:00:17.7: BAR 13: can't assign io (size 0x1000)
[    1.201468] pci 0000:00:17.6: BAR 13: can't assign io (size 0x1000)
[    1.201471] pci 0000:00:17.5: BAR 13: can't assign io (size 0x1000)
[    1.201474] pci 0000:00:17.4: BAR 13: can't assign io (size 0x1000)
[    1.201477] pci 0000:00:17.3: BAR 13: can't assign io (size 0x1000)
[    1.201480] pci 0000:00:16.7: BAR 13: can't assign io (size 0x1000)
[    1.201484] pci 0000:00:16.6: BAR 13: can't assign io (size 0x1000)
[    1.201487] pci 0000:00:16.5: BAR 13: can't assign io (size 0x1000)
[    1.201490] pci 0000:00:16.4: BAR 13: can't assign io (size 0x1000)
[    1.201493] pci 0000:00:16.3: BAR 13: can't assign io (size 0x1000)
[    1.201496] pci 0000:00:15.7: BAR 13: can't assign io (size 0x1000)
[    1.201499] pci 0000:00:15.6: BAR 13: can't assign io (size 0x1000)
[    1.201501] pci 0000:00:15.5: BAR 13: can't assign io (size 0x1000)
[    1.201504] pci 0000:00:15.4: BAR 13: can't assign io (size 0x1000)
[    1.201507] pci 0000:00:15.3: BAR 13: can't assign io (size 0x1000)
[    1.201510] pci 0000:00:01.0: PCI bridge to [bus 01-01]
[    1.201600] pci 0000:02:01.0: BAR 6: assigned [mem 0xd8400000-0xd840ffff pref]
[    1.201602] pci 0000:00:11.0: PCI bridge to [bus 02-02]
[    1.201615] pci 0000:00:11.0:   bridge window [io  0x2000-0x3fff]
[    1.201646] pci 0000:00:11.0:   bridge window [mem 0xc9000000-0xca3fffff]
[    1.201668] pci 0000:00:11.0:   bridge window [mem 0xd8400000-0xd89fffff 64bit pref]
[    1.201716] pci 0000:00:15.0: PCI bridge to [bus 03-03]
[    1.201728] pci 0000:00:15.0:   bridge window [io  0x4000-0x4fff]
[    1.201759] pci 0000:00:15.0:   bridge window [mem 0xca400000-0xca4fffff]
[    1.201781] pci 0000:00:15.0:   bridge window [mem 0xd8a00000-0xd8afffff 64bit pref]
[    1.201833] pci 0000:00:15.1: PCI bridge to [bus 04-04]
[    1.201846] pci 0000:00:15.1:   bridge window [io  0x8000-0x8fff]
[    1.201877] pci 0000:00:15.1:   bridge window [mem 0xca800000-0xca8fffff]
[    1.201899] pci 0000:00:15.1:   bridge window [mem 0xd8e00000-0xd8efffff 64bit pref]
[    1.201943] pci 0000:00:15.2: PCI bridge to [bus 05-05]
[    1.201955] pci 0000:00:15.2:   bridge window [io  0xc000-0xcfff]
[    1.201986] pci 0000:00:15.2:   bridge window [mem 0xcac00000-0xcacfffff]
[    1.202008] pci 0000:00:15.2:   bridge window [mem 0xd9200000-0xd92fffff 64bit pref]
[    1.202052] pci 0000:00:15.3: PCI bridge to [bus 06-06]
[    1.202083] pci 0000:00:15.3:   bridge window [mem 0xcb000000-0xcb0fffff]
[    1.202104] pci 0000:00:15.3:   bridge window [mem 0xd9600000-0xd96fffff 64bit pref]
[    1.202148] pci 0000:00:15.4: PCI bridge to [bus 07-07]
[    1.202179] pci 0000:00:15.4:   bridge window [mem 0xcb400000-0xcb4fffff]
[    1.202200] pci 0000:00:15.4:   bridge window [mem 0xd9a00000-0xd9afffff 64bit pref]
[    1.202244] pci 0000:00:15.5: PCI bridge to [bus 08-08]
[    1.202275] pci 0000:00:15.5:   bridge window [mem 0xcb800000-0xcb8fffff]
[    1.202296] pci 0000:00:15.5:   bridge window [mem 0xd9e00000-0xd9efffff 64bit pref]
[    1.202340] pci 0000:00:15.6: PCI bridge to [bus 09-09]
[    1.202371] pci 0000:00:15.6:   bridge window [mem 0xcbc00000-0xcbcfffff]
[    1.202392] pci 0000:00:15.6:   bridge window [mem 0xda200000-0xda2fffff 64bit pref]
[    1.202436] pci 0000:00:15.7: PCI bridge to [bus 0a-0a]
[    1.202467] pci 0000:00:15.7:   bridge window [mem 0xcc000000-0xcc0fffff]
[    1.202488] pci 0000:00:15.7:   bridge window [mem 0xda600000-0xda6fffff 64bit pref]
[    1.202532] pci 0000:00:16.0: PCI bridge to [bus 0b-0b]
[    1.202544] pci 0000:00:16.0:   bridge window [io  0x5000-0x5fff]
[    1.202575] pci 0000:00:16.0:   bridge window [mem 0xca500000-0xca5fffff]
[    1.202596] pci 0000:00:16.0:   bridge window [mem 0xd8b00000-0xd8bfffff 64bit pref]
[    1.202640] pci 0000:00:16.1: PCI bridge to [bus 0c-0c]
[    1.202653] pci 0000:00:16.1:   bridge window [io  0x9000-0x9fff]
[    1.202684] pci 0000:00:16.1:   bridge window [mem 0xca900000-0xca9fffff]
[    1.202706] pci 0000:00:16.1:   bridge window [mem 0xd8f00000-0xd8ffffff 64bit pref]
[    1.202750] pci 0000:00:16.2: PCI bridge to [bus 0d-0d]
[    1.202762] pci 0000:00:16.2:   bridge window [io  0xd000-0xdfff]
[    1.202793] pci 0000:00:16.2:   bridge window [mem 0xcad00000-0xcadfffff]
[    1.202814] pci 0000:00:16.2:   bridge window [mem 0xd9300000-0xd93fffff 64bit pref]
[    1.202859] pci 0000:00:16.3: PCI bridge to [bus 0e-0e]
[    1.202890] pci 0000:00:16.3:   bridge window [mem 0xcb100000-0xcb1fffff]
[    1.202911] pci 0000:00:16.3:   bridge window [mem 0xd9700000-0xd97fffff 64bit pref]
[    1.202955] pci 0000:00:16.4: PCI bridge to [bus 0f-0f]
[    1.202986] pci 0000:00:16.4:   bridge window [mem 0xcb500000-0xcb5fffff]
[    1.203007] pci 0000:00:16.4:   bridge window [mem 0xd9b00000-0xd9bfffff 64bit pref]
[    1.203051] pci 0000:00:16.5: PCI bridge to [bus 10-10]
[    1.203082] pci 0000:00:16.5:   bridge window [mem 0xcb900000-0xcb9fffff]
[    1.203103] pci 0000:00:16.5:   bridge window [mem 0xd9f00000-0xd9ffffff 64bit pref]
[    1.203146] pci 0000:00:16.6: PCI bridge to [bus 11-11]
[    1.203177] pci 0000:00:16.6:   bridge window [mem 0xcbd00000-0xcbdfffff]
[    1.203198] pci 0000:00:16.6:   bridge window [mem 0xda300000-0xda3fffff 64bit pref]
[    1.203242] pci 0000:00:16.7: PCI bridge to [bus 12-12]
[    1.203273] pci 0000:00:16.7:   bridge window [mem 0xcc100000-0xcc1fffff]
[    1.203294] pci 0000:00:16.7:   bridge window [mem 0xda700000-0xda7fffff 64bit pref]
[    1.203338] pci 0000:00:17.0: PCI bridge to [bus 13-13]
[    1.203351] pci 0000:00:17.0:   bridge window [io  0x6000-0x6fff]
[    1.203381] pci 0000:00:17.0:   bridge window [mem 0xca600000-0xca6fffff]
[    1.203403] pci 0000:00:17.0:   bridge window [mem 0xd8c00000-0xd8cfffff 64bit pref]
[    1.203447] pci 0000:00:17.1: PCI bridge to [bus 14-14]
[    1.203460] pci 0000:00:17.1:   bridge window [io  0xa000-0xafff]
[    1.203490] pci 0000:00:17.1:   bridge window [mem 0xcaa00000-0xcaafffff]
[    1.203512] pci 0000:00:17.1:   bridge window [mem 0xd9000000-0xd90fffff 64bit pref]
[    1.203555] pci 0000:00:17.2: PCI bridge to [bus 15-15]
[    1.203568] pci 0000:00:17.2:   bridge window [io  0xe000-0xefff]
[    1.203598] pci 0000:00:17.2:   bridge window [mem 0xcae00000-0xcaefffff]
[    1.203620] pci 0000:00:17.2:   bridge window [mem 0xd9400000-0xd94fffff 64bit pref]
[    1.203664] pci 0000:00:17.3: PCI bridge to [bus 16-16]
[    1.203702] pci 0000:00:17.3:   bridge window [mem 0xcb200000-0xcb2fffff]
[    1.203724] pci 0000:00:17.3:   bridge window [mem 0xd9800000-0xd98fffff 64bit pref]
[    1.203768] pci 0000:00:17.4: PCI bridge to [bus 17-17]
[    1.203798] pci 0000:00:17.4:   bridge window [mem 0xcb600000-0xcb6fffff]
[    1.203820] pci 0000:00:17.4:   bridge window [mem 0xd9c00000-0xd9cfffff 64bit pref]
[    1.203863] pci 0000:00:17.5: PCI bridge to [bus 18-18]
[    1.203894] pci 0000:00:17.5:   bridge window [mem 0xcba00000-0xcbafffff]
[    1.203916] pci 0000:00:17.5:   bridge window [mem 0xda000000-0xda0fffff 64bit pref]
[    1.203959] pci 0000:00:17.6: PCI bridge to [bus 19-19]
[    1.203990] pci 0000:00:17.6:   bridge window [mem 0xcbe00000-0xcbefffff]
[    1.204012] pci 0000:00:17.6:   bridge window [mem 0xda400000-0xda4fffff 64bit pref]
[    1.204056] pci 0000:00:17.7: PCI bridge to [bus 1a-1a]
[    1.204086] pci 0000:00:17.7:   bridge window [mem 0xcc200000-0xcc2fffff]
[    1.204107] pci 0000:00:17.7:   bridge window [mem 0xda800000-0xda8fffff 64bit pref]
[    1.204151] pci 0000:00:18.0: PCI bridge to [bus 1b-1b]
[    1.204164] pci 0000:00:18.0:   bridge window [io  0x7000-0x7fff]
[    1.204195] pci 0000:00:18.0:   bridge window [mem 0xca700000-0xca7fffff]
[    1.204216] pci 0000:00:18.0:   bridge window [mem 0xd8d00000-0xd8dfffff 64bit pref]
[    1.204260] pci 0000:00:18.1: PCI bridge to [bus 1c-1c]
[    1.204272] pci 0000:00:18.1:   bridge window [io  0xb000-0xbfff]
[    1.204303] pci 0000:00:18.1:   bridge window [mem 0xcab00000-0xcabfffff]
[    1.204324] pci 0000:00:18.1:   bridge window [mem 0xd9100000-0xd91fffff 64bit pref]
[    1.204368] pci 0000:00:18.2: PCI bridge to [bus 1d-1d]
[    1.204399] pci 0000:00:18.2:   bridge window [mem 0xcaf00000-0xcaffffff]
[    1.204420] pci 0000:00:18.2:   bridge window [mem 0xd9500000-0xd95fffff 64bit pref]
[    1.204464] pci 0000:00:18.3: PCI bridge to [bus 1e-1e]
[    1.204495] pci 0000:00:18.3:   bridge window [mem 0xcb300000-0xcb3fffff]
[    1.204516] pci 0000:00:18.3:   bridge window [mem 0xd9900000-0xd99fffff 64bit pref]
[    1.204560] pci 0000:00:18.4: PCI bridge to [bus 1f-1f]
[    1.204591] pci 0000:00:18.4:   bridge window [mem 0xcb700000-0xcb7fffff]
[    1.204612] pci 0000:00:18.4:   bridge window [mem 0xd9d00000-0xd9dfffff 64bit pref]
[    1.204656] pci 0000:00:18.5: PCI bridge to [bus 20-20]
[    1.204696] pci 0000:00:18.5:   bridge window [mem 0xcbb00000-0xcbbfffff]
[    1.204720] pci 0000:00:18.5:   bridge window [mem 0xda100000-0xda1fffff 64bit pref]
[    1.204764] pci 0000:00:18.6: PCI bridge to [bus 21-21]
[    1.204795] pci 0000:00:18.6:   bridge window [mem 0xcbf00000-0xcbffffff]
[    1.204817] pci 0000:00:18.6:   bridge window [mem 0xda500000-0xda5fffff 64bit pref]
[    1.204860] pci 0000:00:18.7: PCI bridge to [bus 22-22]
[    1.204891] pci 0000:00:18.7:   bridge window [mem 0xcc300000-0xcc3fffff]
[    1.204913] pci 0000:00:18.7:   bridge window [mem 0xda900000-0xda9fffff 64bit pref]
[    1.204989] pci 0000:00:01.0: setting latency timer to 64
[    1.205070] pci 0000:00:15.0: setting latency timer to 64
[    1.205130] pci 0000:00:15.1: setting latency timer to 64
[    1.205181] pci 0000:00:15.2: setting latency timer to 64
[    1.205232] pci 0000:00:15.3: setting latency timer to 64
[    1.205282] pci 0000:00:15.4: setting latency timer to 64
[    1.205332] pci 0000:00:15.5: setting latency timer to 64
[    1.205382] pci 0000:00:15.6: setting latency timer to 64
[    1.205433] pci 0000:00:15.7: setting latency timer to 64
[    1.205482] pci 0000:00:16.0: setting latency timer to 64
[    1.205532] pci 0000:00:16.1: setting latency timer to 64
[    1.205582] pci 0000:00:16.2: setting latency timer to 64
[    1.205632] pci 0000:00:16.3: setting latency timer to 64
[    1.205697] pci 0000:00:16.4: setting latency timer to 64
[    1.205750] pci 0000:00:16.5: setting latency timer to 64
[    1.205801] pci 0000:00:16.6: setting latency timer to 64
[    1.205851] pci 0000:00:16.7: setting latency timer to 64
[    1.205901] pci 0000:00:17.0: setting latency timer to 64
[    1.205951] pci 0000:00:17.1: setting latency timer to 64
[    1.206002] pci 0000:00:17.2: setting latency timer to 64
[    1.206052] pci 0000:00:17.3: setting latency timer to 64
[    1.206102] pci 0000:00:17.4: setting latency timer to 64
[    1.206152] pci 0000:00:17.5: setting latency timer to 64
[    1.206202] pci 0000:00:17.6: setting latency timer to 64
[    1.206252] pci 0000:00:17.7: setting latency timer to 64
[    1.206303] pci 0000:00:18.0: setting latency timer to 64
[    1.206353] pci 0000:00:18.1: setting latency timer to 64
[    1.206403] pci 0000:00:18.2: setting latency timer to 64
[    1.206453] pci 0000:00:18.3: setting latency timer to 64
[    1.206503] pci 0000:00:18.4: setting latency timer to 64
[    1.206553] pci 0000:00:18.5: setting latency timer to 64
[    1.206603] pci 0000:00:18.6: setting latency timer to 64
[    1.206653] pci 0000:00:18.7: setting latency timer to 64
[    1.206666] pci_bus 0000:00: resource 4 [mem 0x000a0000-0x000bffff]
[    1.206669] pci_bus 0000:00: resource 5 [mem 0x000cc000-0x000cffff]
[    1.206679] pci_bus 0000:00: resource 6 [mem 0x000d0000-0x000d3fff]
[    1.206681] pci_bus 0000:00: resource 7 [mem 0x000d4000-0x000d7fff]
[    1.206683] pci_bus 0000:00: resource 8 [mem 0x000d8000-0x000dbfff]
[    1.206686] pci_bus 0000:00: resource 9 [mem 0xc0000000-0xfebfffff]
[    1.206688] pci_bus 0000:00: resource 10 [io  0x0000-0x0cf7]
[    1.206690] pci_bus 0000:00: resource 11 [io  0x0d00-0xfeff]
[    1.206692] pci_bus 0000:02: resource 0 [io  0x2000-0x3fff]
[    1.206694] pci_bus 0000:02: resource 1 [mem 0xc9000000-0xca3fffff]
[    1.206696] pci_bus 0000:02: resource 2 [mem 0xd8400000-0xd89fffff 64bit pref]
[    1.206699] pci_bus 0000:02: resource 4 [mem 0x000a0000-0x000bffff]
[    1.206701] pci_bus 0000:02: resource 5 [mem 0x000cc000-0x000cffff]
[    1.206703] pci_bus 0000:02: resource 6 [mem 0x000d0000-0x000d3fff]
[    1.206705] pci_bus 0000:02: resource 7 [mem 0x000d4000-0x000d7fff]
[    1.206707] pci_bus 0000:02: resource 8 [mem 0x000d8000-0x000dbfff]
[    1.206709] pci_bus 0000:02: resource 9 [mem 0xc0000000-0xfebfffff]
[    1.206711] pci_bus 0000:02: resource 10 [io  0x0000-0x0cf7]
[    1.206713] pci_bus 0000:02: resource 11 [io  0x0d00-0xfeff]
[    1.206715] pci_bus 0000:03: resource 0 [io  0x4000-0x4fff]
[    1.206717] pci_bus 0000:03: resource 1 [mem 0xca400000-0xca4fffff]
[    1.206719] pci_bus 0000:03: resource 2 [mem 0xd8a00000-0xd8afffff 64bit pref]
[    1.206721] pci_bus 0000:04: resource 0 [io  0x8000-0x8fff]
[    1.206723] pci_bus 0000:04: resource 1 [mem 0xca800000-0xca8fffff]
[    1.206725] pci_bus 0000:04: resource 2 [mem 0xd8e00000-0xd8efffff 64bit pref]
[    1.206728] pci_bus 0000:05: resource 0 [io  0xc000-0xcfff]
[    1.206730] pci_bus 0000:05: resource 1 [mem 0xcac00000-0xcacfffff]
[    1.206732] pci_bus 0000:05: resource 2 [mem 0xd9200000-0xd92fffff 64bit pref]
[    1.206734] pci_bus 0000:06: resource 1 [mem 0xcb000000-0xcb0fffff]
[    1.206736] pci_bus 0000:06: resource 2 [mem 0xd9600000-0xd96fffff 64bit pref]
[    1.206738] pci_bus 0000:07: resource 1 [mem 0xcb400000-0xcb4fffff]
[    1.206741] pci_bus 0000:07: resource 2 [mem 0xd9a00000-0xd9afffff 64bit pref]
[    1.206743] pci_bus 0000:08: resource 1 [mem 0xcb800000-0xcb8fffff]
[    1.206745] pci_bus 0000:08: resource 2 [mem 0xd9e00000-0xd9efffff 64bit pref]
[    1.206747] pci_bus 0000:09: resource 1 [mem 0xcbc00000-0xcbcfffff]
[    1.206749] pci_bus 0000:09: resource 2 [mem 0xda200000-0xda2fffff 64bit pref]
[    1.206752] pci_bus 0000:0a: resource 1 [mem 0xcc000000-0xcc0fffff]
[    1.206754] pci_bus 0000:0a: resource 2 [mem 0xda600000-0xda6fffff 64bit pref]
[    1.206756] pci_bus 0000:0b: resource 0 [io  0x5000-0x5fff]
[    1.206758] pci_bus 0000:0b: resource 1 [mem 0xca500000-0xca5fffff]
[    1.206760] pci_bus 0000:0b: resource 2 [mem 0xd8b00000-0xd8bfffff 64bit pref]
[    1.206762] pci_bus 0000:0c: resource 0 [io  0x9000-0x9fff]
[    1.206764] pci_bus 0000:0c: resource 1 [mem 0xca900000-0xca9fffff]
[    1.206766] pci_bus 0000:0c: resource 2 [mem 0xd8f00000-0xd8ffffff 64bit pref]
[    1.206768] pci_bus 0000:0d: resource 0 [io  0xd000-0xdfff]
[    1.206770] pci_bus 0000:0d: resource 1 [mem 0xcad00000-0xcadfffff]
[    1.206773] pci_bus 0000:0d: resource 2 [mem 0xd9300000-0xd93fffff 64bit pref]
[    1.206775] pci_bus 0000:0e: resource 1 [mem 0xcb100000-0xcb1fffff]
[    1.206777] pci_bus 0000:0e: resource 2 [mem 0xd9700000-0xd97fffff 64bit pref]
[    1.206779] pci_bus 0000:0f: resource 1 [mem 0xcb500000-0xcb5fffff]
[    1.206781] pci_bus 0000:0f: resource 2 [mem 0xd9b00000-0xd9bfffff 64bit pref]
[    1.206784] pci_bus 0000:10: resource 1 [mem 0xcb900000-0xcb9fffff]
[    1.206786] pci_bus 0000:10: resource 2 [mem 0xd9f00000-0xd9ffffff 64bit pref]
[    1.206788] pci_bus 0000:11: resource 1 [mem 0xcbd00000-0xcbdfffff]
[    1.206790] pci_bus 0000:11: resource 2 [mem 0xda300000-0xda3fffff 64bit pref]
[    1.206792] pci_bus 0000:12: resource 1 [mem 0xcc100000-0xcc1fffff]
[    1.206794] pci_bus 0000:12: resource 2 [mem 0xda700000-0xda7fffff 64bit pref]
[    1.206797] pci_bus 0000:13: resource 0 [io  0x6000-0x6fff]
[    1.206799] pci_bus 0000:13: resource 1 [mem 0xca600000-0xca6fffff]
[    1.206801] pci_bus 0000:13: resource 2 [mem 0xd8c00000-0xd8cfffff 64bit pref]
[    1.206803] pci_bus 0000:14: resource 0 [io  0xa000-0xafff]
[    1.206805] pci_bus 0000:14: resource 1 [mem 0xcaa00000-0xcaafffff]
[    1.206807] pci_bus 0000:14: resource 2 [mem 0xd9000000-0xd90fffff 64bit pref]
[    1.206809] pci_bus 0000:15: resource 0 [io  0xe000-0xefff]
[    1.206811] pci_bus 0000:15: resource 1 [mem 0xcae00000-0xcaefffff]
[    1.206814] pci_bus 0000:15: resource 2 [mem 0xd9400000-0xd94fffff 64bit pref]
[    1.206816] pci_bus 0000:16: resource 1 [mem 0xcb200000-0xcb2fffff]
[    1.206818] pci_bus 0000:16: resource 2 [mem 0xd9800000-0xd98fffff 64bit pref]
[    1.206820] pci_bus 0000:17: resource 1 [mem 0xcb600000-0xcb6fffff]
[    1.206822] pci_bus 0000:17: resource 2 [mem 0xd9c00000-0xd9cfffff 64bit pref]
[    1.206825] pci_bus 0000:18: resource 1 [mem 0xcba00000-0xcbafffff]
[    1.206827] pci_bus 0000:18: resource 2 [mem 0xda000000-0xda0fffff 64bit pref]
[    1.206829] pci_bus 0000:19: resource 1 [mem 0xcbe00000-0xcbefffff]
[    1.206831] pci_bus 0000:19: resource 2 [mem 0xda400000-0xda4fffff 64bit pref]
[    1.206833] pci_bus 0000:1a: resource 1 [mem 0xcc200000-0xcc2fffff]
[    1.206835] pci_bus 0000:1a: resource 2 [mem 0xda800000-0xda8fffff 64bit pref]
[    1.206837] pci_bus 0000:1b: resource 0 [io  0x7000-0x7fff]
[    1.206839] pci_bus 0000:1b: resource 1 [mem 0xca700000-0xca7fffff]
[    1.206842] pci_bus 0000:1b: resource 2 [mem 0xd8d00000-0xd8dfffff 64bit pref]
[    1.206844] pci_bus 0000:1c: resource 0 [io  0xb000-0xbfff]
[    1.206846] pci_bus 0000:1c: resource 1 [mem 0xcab00000-0xcabfffff]
[    1.206848] pci_bus 0000:1c: resource 2 [mem 0xd9100000-0xd91fffff 64bit pref]
[    1.206850] pci_bus 0000:1d: resource 1 [mem 0xcaf00000-0xcaffffff]
[    1.206852] pci_bus 0000:1d: resource 2 [mem 0xd9500000-0xd95fffff 64bit pref]
[    1.206854] pci_bus 0000:1e: resource 1 [mem 0xcb300000-0xcb3fffff]
[    1.206857] pci_bus 0000:1e: resource 2 [mem 0xd9900000-0xd99fffff 64bit pref]
[    1.206859] pci_bus 0000:1f: resource 1 [mem 0xcb700000-0xcb7fffff]
[    1.206861] pci_bus 0000:1f: resource 2 [mem 0xd9d00000-0xd9dfffff 64bit pref]
[    1.206863] pci_bus 0000:20: resource 1 [mem 0xcbb00000-0xcbbfffff]
[    1.206865] pci_bus 0000:20: resource 2 [mem 0xda100000-0xda1fffff 64bit pref]
[    1.206867] pci_bus 0000:21: resource 1 [mem 0xcbf00000-0xcbffffff]
[    1.206869] pci_bus 0000:21: resource 2 [mem 0xda500000-0xda5fffff 64bit pref]
[    1.206872] pci_bus 0000:22: resource 1 [mem 0xcc300000-0xcc3fffff]
[    1.206874] pci_bus 0000:22: resource 2 [mem 0xda900000-0xda9fffff 64bit pref]
[    1.206907] NET: Registered protocol family 2
[    1.206946] IP route cache hash table entries: 32768 (order: 5, 131072 bytes)
[    1.207078] TCP established hash table entries: 131072 (order: 8, 1048576 bytes)
[    1.207082] TCP bind hash table entries: 65536 (order: 7, 524288 bytes)
[    1.207156] TCP: Hash tables configured (established 131072 bind 65536)
[    1.207158] TCP reno registered
[    1.207161] UDP hash table entries: 512 (order: 2, 16384 bytes)
[    1.207168] UDP-Lite hash table entries: 512 (order: 2, 16384 bytes)
[    1.207205] NET: Registered protocol family 1
[    1.207212] pci 0000:00:00.0: Limiting direct PCI/PCI transfers
[    1.207306] pci 0000:00:0f.0: Boot video device
[    1.207631] ACPI: PCI Interrupt Link [LNKC] enabled at IRQ 10
[    1.207633] PCI: setting IRQ 10 as level-triggered
[    1.207640] pci 0000:02:00.0: PCI INT A -> Link[LNKC] -> GSI 10 (level, low) -> IRQ 10
[    1.207746] pci 0000:02:00.0: PCI INT A disabled
[    1.207874] ACPI: PCI Interrupt Link [LNKB] enabled at IRQ 11
[    1.207876] PCI: setting IRQ 11 as level-triggered
[    1.207880] pci 0000:02:03.0: PCI INT A -> Link[LNKB] -> GSI 11 (level, low) -> IRQ 11
[    1.207939] pci 0000:02:03.0: PCI INT A disabled
[    1.207952] PCI: CLS 32 bytes, default 64
[    1.207992] Simple Boot Flag at 0x36 set to 0x1
[    1.207996] Switching to clocksource tsc
[    1.208221] audit: initializing netlink socket (disabled)
[    1.208227] type=2000 audit(1369647827.158:1): initialized
[    1.221466] Trying to unpack rootfs image as initramfs...
[    1.241775] highmem bounce pool size: 64 pages
[    1.241783] HugeTLB registered 2 MB page size, pre-allocated 0 pages
[    1.249728] VFS: Disk quotas dquot_6.5.2
[    1.249802] Dquot-cache hash table entries: 1024 (order 0, 4096 bytes)
[    1.250224] fuse init (API version 7.17)
[    1.250311] msgmni has been set to 1710
[    1.261184] Block layer SCSI generic (bsg) driver version 0.4 loaded (major 253)
[    1.261229] io scheduler noop registered
[    1.261232] io scheduler deadline registered
[    1.261242] io scheduler cfq registered (default)
[    1.261547] pcieport 0000:00:15.0: setting latency timer to 64
[    1.261872] pcieport 0000:00:15.0: irq 40 for MSI/MSI-X
[    1.262197] pcieport 0000:00:15.1: setting latency timer to 64
[    1.262522] pcieport 0000:00:15.1: irq 41 for MSI/MSI-X
[    1.262847] pcieport 0000:00:15.2: setting latency timer to 64
[    1.263172] pcieport 0000:00:15.2: irq 42 for MSI/MSI-X
[    1.263497] pcieport 0000:00:15.3: setting latency timer to 64
[    1.263822] pcieport 0000:00:15.3: irq 43 for MSI/MSI-X
[    1.264147] pcieport 0000:00:15.4: setting latency timer to 64
[    1.264472] pcieport 0000:00:15.4: irq 44 for MSI/MSI-X
[    1.269241] pcieport 0000:00:15.5: setting latency timer to 64
[    1.269566] pcieport 0000:00:15.5: irq 45 for MSI/MSI-X
[    1.269891] pcieport 0000:00:15.6: setting latency timer to 64
[    1.270217] pcieport 0000:00:15.6: irq 46 for MSI/MSI-X
[    1.270542] pcieport 0000:00:15.7: setting latency timer to 64
[    1.270867] pcieport 0000:00:15.7: irq 47 for MSI/MSI-X
[    1.271192] pcieport 0000:00:16.0: setting latency timer to 64
[    1.271517] pcieport 0000:00:16.0: irq 48 for MSI/MSI-X
[    1.271842] pcieport 0000:00:16.1: setting latency timer to 64
[    1.272167] pcieport 0000:00:16.1: irq 49 for MSI/MSI-X
[    1.272492] pcieport 0000:00:16.2: setting latency timer to 64
[    1.272554] pcieport 0000:00:16.2: irq 50 for MSI/MSI-X
[    1.277449] pcieport 0000:00:16.3: setting latency timer to 64
[    1.277775] pcieport 0000:00:16.3: irq 51 for MSI/MSI-X
[    1.278100] pcieport 0000:00:16.4: setting latency timer to 64
[    1.278425] pcieport 0000:00:16.4: irq 52 for MSI/MSI-X
[    1.278750] pcieport 0000:00:16.5: setting latency timer to 64
[    1.279075] pcieport 0000:00:16.5: irq 53 for MSI/MSI-X
[    1.279400] pcieport 0000:00:16.6: setting latency timer to 64
[    1.279725] pcieport 0000:00:16.6: irq 54 for MSI/MSI-X
[    1.280050] pcieport 0000:00:16.7: setting latency timer to 64
[    1.280375] pcieport 0000:00:16.7: irq 55 for MSI/MSI-X
[    1.280700] pcieport 0000:00:17.0: setting latency timer to 64
[    1.285093] pcieport 0000:00:17.0: irq 56 for MSI/MSI-X
[    1.285418] pcieport 0000:00:17.1: setting latency timer to 64
[    1.285743] pcieport 0000:00:17.1: irq 57 for MSI/MSI-X
[    1.286068] pcieport 0000:00:17.2: setting latency timer to 64
[    1.286393] pcieport 0000:00:17.2: irq 58 for MSI/MSI-X
[    1.286718] pcieport 0000:00:17.3: setting latency timer to 64
[    1.287043] pcieport 0000:00:17.3: irq 59 for MSI/MSI-X
[    1.287368] pcieport 0000:00:17.4: setting latency timer to 64
[    1.287693] pcieport 0000:00:17.4: irq 60 for MSI/MSI-X
[    1.288018] pcieport 0000:00:17.5: setting latency timer to 64
[    1.288343] pcieport 0000:00:17.5: irq 61 for MSI/MSI-X
[    1.288668] pcieport 0000:00:17.6: setting latency timer to 64
[    1.293417] pcieport 0000:00:17.6: irq 62 for MSI/MSI-X
[    1.293742] pcieport 0000:00:17.7: setting latency timer to 64
[    1.294067] pcieport 0000:00:17.7: irq 63 for MSI/MSI-X
[    1.294392] pcieport 0000:00:18.0: setting latency timer to 64
[    1.294717] pcieport 0000:00:18.0: irq 64 for MSI/MSI-X
[    1.295042] pcieport 0000:00:18.1: setting latency timer to 64
[    1.295367] pcieport 0000:00:18.1: irq 65 for MSI/MSI-X
[    1.295692] pcieport 0000:00:18.2: setting latency timer to 64
[    1.296017] pcieport 0000:00:18.2: irq 66 for MSI/MSI-X
[    1.296342] pcieport 0000:00:18.3: setting latency timer to 64
[    1.296667] pcieport 0000:00:18.3: irq 67 for MSI/MSI-X
[    1.301216] pcieport 0000:00:18.4: setting latency timer to 64
[    1.301541] pcieport 0000:00:18.4: irq 68 for MSI/MSI-X
[    1.301866] pcieport 0000:00:18.5: setting latency timer to 64
[    1.302191] pcieport 0000:00:18.5: irq 69 for MSI/MSI-X
[    1.302516] pcieport 0000:00:18.6: setting latency timer to 64
[    1.302841] pcieport 0000:00:18.6: irq 70 for MSI/MSI-X
[    1.303166] pcieport 0000:00:18.7: setting latency timer to 64
[    1.303491] pcieport 0000:00:18.7: irq 71 for MSI/MSI-X
[    1.303816] pcieport 0000:00:15.0: Signaling PME through PCIe PME interrupt
[    1.303847] pcie_pme 0000:00:15.0:pcie01: service driver pcie_pme loaded
[    1.303995] pcieport 0000:00:15.1: Signaling PME through PCIe PME interrupt
[    1.304026] pcie_pme 0000:00:15.1:pcie01: service driver pcie_pme loaded
[    1.304169] pcieport 0000:00:15.2: Signaling PME through PCIe PME interrupt
[    1.304200] pcie_pme 0000:00:15.2:pcie01: service driver pcie_pme loaded
[    1.304343] pcieport 0000:00:15.3: Signaling PME through PCIe PME interrupt
[    1.304373] pcie_pme 0000:00:15.3:pcie01: service driver pcie_pme loaded
[    1.304526] pcieport 0000:00:15.4: Signaling PME through PCIe PME interrupt
[    1.304557] pcie_pme 0000:00:15.4:pcie01: service driver pcie_pme loaded
[    1.304701] pcieport 0000:00:15.5: Signaling PME through PCIe PME interrupt
[    1.304731] pcie_pme 0000:00:15.5:pcie01: service driver pcie_pme loaded
[    1.304875] pcieport 0000:00:15.6: Signaling PME through PCIe PME interrupt
[    1.304906] pcie_pme 0000:00:15.6:pcie01: service driver pcie_pme loaded
[    1.309049] pcieport 0000:00:15.7: Signaling PME through PCIe PME interrupt
[    1.309076] pcie_pme 0000:00:15.7:pcie01: service driver pcie_pme loaded
[    1.309204] pcieport 0000:00:16.0: Signaling PME through PCIe PME interrupt
[    1.309229] pcie_pme 0000:00:16.0:pcie01: service driver pcie_pme loaded
[    1.309349] pcieport 0000:00:16.1: Signaling PME through PCIe PME interrupt
[    1.309374] pcie_pme 0000:00:16.1:pcie01: service driver pcie_pme loaded
[    1.309495] pcieport 0000:00:16.2: Signaling PME through PCIe PME interrupt
[    1.309520] pcie_pme 0000:00:16.2:pcie01: service driver pcie_pme loaded
[    1.309641] pcieport 0000:00:16.3: Signaling PME through PCIe PME interrupt
[    1.309666] pcie_pme 0000:00:16.3:pcie01: service driver pcie_pme loaded
[    1.309785] pcieport 0000:00:16.4: Signaling PME through PCIe PME interrupt
[    1.309810] pcie_pme 0000:00:16.4:pcie01: service driver pcie_pme loaded
[    1.309929] pcieport 0000:00:16.5: Signaling PME through PCIe PME interrupt
[    1.309964] pcie_pme 0000:00:16.5:pcie01: service driver pcie_pme loaded
[    1.310084] pcieport 0000:00:16.6: Signaling PME through PCIe PME interrupt
[    1.310108] pcie_pme 0000:00:16.6:pcie01: service driver pcie_pme loaded
[    1.310228] pcieport 0000:00:16.7: Signaling PME through PCIe PME interrupt
[    1.310254] pcie_pme 0000:00:16.7:pcie01: service driver pcie_pme loaded
[    1.310373] pcieport 0000:00:17.0: Signaling PME through PCIe PME interrupt
[    1.310398] pcie_pme 0000:00:17.0:pcie01: service driver pcie_pme loaded
[    1.310517] pcieport 0000:00:17.1: Signaling PME through PCIe PME interrupt
[    1.310542] pcie_pme 0000:00:17.1:pcie01: service driver pcie_pme loaded
[    1.310661] pcieport 0000:00:17.2: Signaling PME through PCIe PME interrupt
[    1.310686] pcie_pme 0000:00:17.2:pcie01: service driver pcie_pme loaded
[    1.310804] pcieport 0000:00:17.3: Signaling PME through PCIe PME interrupt
[    1.310829] pcie_pme 0000:00:17.3:pcie01: service driver pcie_pme loaded
[    1.310956] pcieport 0000:00:17.4: Signaling PME through PCIe PME interrupt
[    1.310981] pcie_pme 0000:00:17.4:pcie01: service driver pcie_pme loaded
[    1.311100] pcieport 0000:00:17.5: Signaling PME through PCIe PME interrupt
[    1.311125] pcie_pme 0000:00:17.5:pcie01: service driver pcie_pme loaded
[    1.311244] pcieport 0000:00:17.6: Signaling PME through PCIe PME interrupt
[    1.311269] pcie_pme 0000:00:17.6:pcie01: service driver pcie_pme loaded
[    1.311387] pcieport 0000:00:17.7: Signaling PME through PCIe PME interrupt
[    1.311413] pcie_pme 0000:00:17.7:pcie01: service driver pcie_pme loaded
[    1.311530] pcieport 0000:00:18.0: Signaling PME through PCIe PME interrupt
[    1.311555] pcie_pme 0000:00:18.0:pcie01: service driver pcie_pme loaded
[    1.311673] pcieport 0000:00:18.1: Signaling PME through PCIe PME interrupt
[    1.311698] pcie_pme 0000:00:18.1:pcie01: service driver pcie_pme loaded
[    1.311816] pcieport 0000:00:18.2: Signaling PME through PCIe PME interrupt
[    1.311841] pcie_pme 0000:00:18.2:pcie01: service driver pcie_pme loaded
[    1.311978] pcieport 0000:00:18.3: Signaling PME through PCIe PME interrupt
[    1.312003] pcie_pme 0000:00:18.3:pcie01: service driver pcie_pme loaded
[    1.312122] pcieport 0000:00:18.4: Signaling PME through PCIe PME interrupt
[    1.312147] pcie_pme 0000:00:18.4:pcie01: service driver pcie_pme loaded
[    1.312269] pcieport 0000:00:18.5: Signaling PME through PCIe PME interrupt
[    1.312294] pcie_pme 0000:00:18.5:pcie01: service driver pcie_pme loaded
[    1.312413] pcieport 0000:00:18.6: Signaling PME through PCIe PME interrupt
[    1.312438] pcie_pme 0000:00:18.6:pcie01: service driver pcie_pme loaded
[    1.312557] pcieport 0000:00:18.7: Signaling PME through PCIe PME interrupt
[    1.312582] pcie_pme 0000:00:18.7:pcie01: service driver pcie_pme loaded
[    1.312605] pci_hotplug: PCI Hot Plug PCI Core version: 0.5
[    1.317319] pciehp 0000:00:15.0:pcie04: HPC vendor_id 15ad device_id 7a0 ss_vid 15ad ss_did 7a0
[    1.317389] pciehp 0000:00:15.0:pcie04: service driver pciehp loaded
[    1.317460] pciehp 0000:00:15.1:pcie04: HPC vendor_id 15ad device_id 7a0 ss_vid 15ad ss_did 7a0
[    1.317525] pciehp 0000:00:15.1:pcie04: service driver pciehp loaded
[    1.317599] pciehp 0000:00:15.2:pcie04: HPC vendor_id 15ad device_id 7a0 ss_vid 15ad ss_did 7a0
[    1.317664] pciehp 0000:00:15.2:pcie04: service driver pciehp loaded
[    1.317735] pciehp 0000:00:15.3:pcie04: HPC vendor_id 15ad device_id 7a0 ss_vid 15ad ss_did 7a0
[    1.317799] pciehp 0000:00:15.3:pcie04: service driver pciehp loaded
[    1.317869] pciehp 0000:00:15.4:pcie04: HPC vendor_id 15ad device_id 7a0 ss_vid 15ad ss_did 7a0
[    1.317937] pciehp 0000:00:15.4:pcie04: service driver pciehp loaded
[    1.318007] pciehp 0000:00:15.5:pcie04: HPC vendor_id 15ad device_id 7a0 ss_vid 15ad ss_did 7a0
[    1.318074] pciehp 0000:00:15.5:pcie04: service driver pciehp loaded
[    1.318144] pciehp 0000:00:15.6:pcie04: HPC vendor_id 15ad device_id 7a0 ss_vid 15ad ss_did 7a0
[    1.318208] pciehp 0000:00:15.6:pcie04: service driver pciehp loaded
[    1.318278] pciehp 0000:00:15.7:pcie04: HPC vendor_id 15ad device_id 7a0 ss_vid 15ad ss_did 7a0
[    1.318343] pciehp 0000:00:15.7:pcie04: service driver pciehp loaded
[    1.318413] pciehp 0000:00:16.0:pcie04: HPC vendor_id 15ad device_id 7a0 ss_vid 15ad ss_did 7a0
[    1.318477] pciehp 0000:00:16.0:pcie04: service driver pciehp loaded
[    1.318548] pciehp 0000:00:16.1:pcie04: HPC vendor_id 15ad device_id 7a0 ss_vid 15ad ss_did 7a0
[    1.318612] pciehp 0000:00:16.1:pcie04: service driver pciehp loaded
[    1.318682] pciehp 0000:00:16.2:pcie04: HPC vendor_id 15ad device_id 7a0 ss_vid 15ad ss_did 7a0
[    1.318746] pciehp 0000:00:16.2:pcie04: service driver pciehp loaded
[    1.318818] pciehp 0000:00:16.3:pcie04: HPC vendor_id 15ad device_id 7a0 ss_vid 15ad ss_did 7a0
[    1.318883] pciehp 0000:00:16.3:pcie04: service driver pciehp loaded
[    1.318962] pciehp 0000:00:16.4:pcie04: HPC vendor_id 15ad device_id 7a0 ss_vid 15ad ss_did 7a0
[    1.319027] pciehp 0000:00:16.4:pcie04: service driver pciehp loaded
[    1.319096] pciehp 0000:00:16.5:pcie04: HPC vendor_id 15ad device_id 7a0 ss_vid 15ad ss_did 7a0
[    1.319161] pciehp 0000:00:16.5:pcie04: service driver pciehp loaded
[    1.319231] pciehp 0000:00:16.6:pcie04: HPC vendor_id 15ad device_id 7a0 ss_vid 15ad ss_did 7a0
[    1.319295] pciehp 0000:00:16.6:pcie04: service driver pciehp loaded
[    1.319365] pciehp 0000:00:16.7:pcie04: HPC vendor_id 15ad device_id 7a0 ss_vid 15ad ss_did 7a0
[    1.319430] pciehp 0000:00:16.7:pcie04: service driver pciehp loaded
[    1.319500] pciehp 0000:00:17.0:pcie04: HPC vendor_id 15ad device_id 7a0 ss_vid 15ad ss_did 7a0
[    1.319565] pciehp 0000:00:17.0:pcie04: service driver pciehp loaded
[    1.319636] pciehp 0000:00:17.1:pcie04: HPC vendor_id 15ad device_id 7a0 ss_vid 15ad ss_did 7a0
[    1.319700] pciehp 0000:00:17.1:pcie04: service driver pciehp loaded
[    1.319772] pciehp 0000:00:17.2:pcie04: HPC vendor_id 15ad device_id 7a0 ss_vid 15ad ss_did 7a0
[    1.319836] pciehp 0000:00:17.2:pcie04: service driver pciehp loaded
[    1.319906] pciehp 0000:00:17.3:pcie04: HPC vendor_id 15ad device_id 7a0 ss_vid 15ad ss_did 7a0
[    1.319994] pciehp 0000:00:17.3:pcie04: service driver pciehp loaded
[    1.320065] pciehp 0000:00:17.4:pcie04: HPC vendor_id 15ad device_id 7a0 ss_vid 15ad ss_did 7a0
[    1.320132] pciehp 0000:00:17.4:pcie04: service driver pciehp loaded
[    1.320202] pciehp 0000:00:17.5:pcie04: HPC vendor_id 15ad device_id 7a0 ss_vid 15ad ss_did 7a0
[    1.320268] pciehp 0000:00:17.5:pcie04: service driver pciehp loaded
[    1.320338] pciehp 0000:00:17.6:pcie04: HPC vendor_id 15ad device_id 7a0 ss_vid 15ad ss_did 7a0
[    1.320405] pciehp 0000:00:17.6:pcie04: service driver pciehp loaded
[    1.320474] pciehp 0000:00:17.7:pcie04: HPC vendor_id 15ad device_id 7a0 ss_vid 15ad ss_did 7a0
[    1.320539] pciehp 0000:00:17.7:pcie04: service driver pciehp loaded
[    1.320609] pciehp 0000:00:18.0:pcie04: HPC vendor_id 15ad device_id 7a0 ss_vid 15ad ss_did 7a0
[    1.320674] pciehp 0000:00:18.0:pcie04: service driver pciehp loaded
[    1.320744] pciehp 0000:00:18.1:pcie04: HPC vendor_id 15ad device_id 7a0 ss_vid 15ad ss_did 7a0
[    1.320809] pciehp 0000:00:18.1:pcie04: service driver pciehp loaded
[    1.320879] pciehp 0000:00:18.2:pcie04: HPC vendor_id 15ad device_id 7a0 ss_vid 15ad ss_did 7a0
[    1.320972] pciehp 0000:00:18.2:pcie04: service driver pciehp loaded
[    1.321046] pciehp 0000:00:18.3:pcie04: HPC vendor_id 15ad device_id 7a0 ss_vid 15ad ss_did 7a0
[    1.321112] pciehp 0000:00:18.3:pcie04: service driver pciehp loaded
[    1.321184] pciehp 0000:00:18.4:pcie04: HPC vendor_id 15ad device_id 7a0 ss_vid 15ad ss_did 7a0
[    1.321249] pciehp 0000:00:18.4:pcie04: service driver pciehp loaded
[    1.321319] pciehp 0000:00:18.5:pcie04: HPC vendor_id 15ad device_id 7a0 ss_vid 15ad ss_did 7a0
[    1.321384] pciehp 0000:00:18.5:pcie04: service driver pciehp loaded
[    1.321454] pciehp 0000:00:18.6:pcie04: HPC vendor_id 15ad device_id 7a0 ss_vid 15ad ss_did 7a0
[    1.321519] pciehp 0000:00:18.6:pcie04: service driver pciehp loaded
[    1.321590] pciehp 0000:00:18.7:pcie04: HPC vendor_id 15ad device_id 7a0 ss_vid 15ad ss_did 7a0
[    1.321654] pciehp 0000:00:18.7:pcie04: service driver pciehp loaded
[    1.321662] pciehp: PCI Express Hot Plug Controller Driver version: 0.4
[    1.321842] ACPI: Deprecated procfs I/F for AC is loaded, please retry with CONFIG_ACPI_PROCFS_POWER cleared
[    1.321978] ACPI: AC Adapter [ACAD] (on-line)
[    1.325149] input: Power Button as /devices/LNXSYSTM:00/LNXPWRBN:00/input/input0
[    1.325154] ACPI: Power Button [PWRF]
[    1.349408] ERST: Table is not found!
[    1.349412] GHES: HEST is not enabled!
[    1.349511] Serial: 8250/16550 driver, 32 ports, IRQ sharing enabled
[    1.373196] serial8250: ttyS0 at I/O 0x3f8 (irq = 4) is a 16550A
[    1.373231] isapnp: Scanning for PnP cards...
[    1.465327] serial8250: ttyS1 at I/O 0x2f8 (irq = 3) is a 16550A
[    1.513037] 00:0a: ttyS0 at I/O 0x3f8 (irq = 4) is a 16550A
[    1.601206] 00:0b: ttyS1 at I/O 0x2f8 (irq = 3) is a 16550A
[    1.620809] Linux agpgart interface v0.103
[    1.620915] agpgart-intel 0000:00:00.0: Intel 440BX Chipset
[    1.621273] agpgart-intel 0000:00:00.0: AGP aperture is 256M @ 0x0
[    1.622201] brd: module loaded
[    1.622686] loop: module loaded
[    1.622807] ata_piix 0000:00:07.1: version 2.13
[    1.672466] scsi0 : ata_piix
[    1.715988] scsi1 : ata_piix
[    1.716013] ata1: PATA max UDMA/33 cmd 0x1f0 ctl 0x3f6 bmdma 0x10c0 irq 14
[    1.716016] ata2: PATA max UDMA/33 cmd 0x170 ctl 0x376 bmdma 0x10c8 irq 15
[    1.716067] Fixed MDIO Bus: probed
[    1.716080] tun: Universal TUN/TAP device driver, 1.6
[    1.716082] tun: (C) 1999-2004 Max Krasnyansky <maxk@qualcomm.com>
[    1.716137] PPP generic driver version 2.4.2
[    1.716195] ehci_hcd: USB 2.0 'Enhanced' Host Controller (EHCI) Driver
[    1.716220] ehci_hcd 0000:02:03.0: PCI INT A -> Link[LNKB] -> GSI 11 (level, low) -> IRQ 11
[    1.716245] ehci_hcd 0000:02:03.0: EHCI Host Controller
[    1.716285] ehci_hcd 0000:02:03.0: new USB bus registered, assigned bus number 1
[    1.716388] ehci_hcd 0000:02:03.0: cache line size of 32 is not supported
[    1.716398] ehci_hcd 0000:02:03.0: irq 11, io mem 0xc9000000
[    1.728385] ehci_hcd 0000:02:03.0: USB 2.0 started, EHCI 1.00
[    1.728456] hub 1-0:1.0: USB hub found
[    1.728461] hub 1-0:1.0: 6 ports detected
[    1.728486] ohci_hcd: USB 1.1 'Open' Host Controller (OHCI) Driver
[    1.728499] uhci_hcd: USB Universal Host Controller Interface driver
[    1.728524] uhci_hcd 0000:02:00.0: PCI INT A -> Link[LNKC] -> GSI 10 (level, low) -> IRQ 10
[    1.728549] uhci_hcd 0000:02:00.0: UHCI Host Controller
[    1.728586] uhci_hcd 0000:02:00.0: new USB bus registered, assigned bus number 2
[    1.728641] uhci_hcd 0000:02:00.0: irq 10, io base 0x000020c0
[    1.728703] hub 2-0:1.0: USB hub found
[    1.728707] hub 2-0:1.0: 2 ports detected
[    1.728732] usbcore: registered new interface driver libusual
[    1.728757] i8042: PNP: PS/2 Controller [PNP0303:KBC,PNP0f13:MOUS] at 0x60,0x64 irq 1,12
[    1.729013] serio: i8042 KBD port at 0x60,0x64 irq 1
[    1.729021] serio: i8042 AUX port at 0x60,0x64 irq 12
[    1.729108] mousedev: PS/2 mouse device common for all mice
[    1.729291] rtc_cmos 00:04: rtc core: registered rtc_cmos as rtc0
[    1.729371] rtc0: alarms up to one month, y3k, 114 bytes nvram, hpet irqs
[    1.729396] device-mapper: uevent: version 1.0.3
[    1.729445] device-mapper: ioctl: 4.22.0-ioctl (2011-10-19) initialised: dm-devel@redhat.com
[    1.729468] EISA: Probing bus 0 at eisa.0
[    1.729470] EISA: Cannot allocate resource for mainboard
[    1.729472] Cannot allocate resource for EISA slot 1
[    1.729474] Cannot allocate resource for EISA slot 2
[    1.729475] Cannot allocate resource for EISA slot 3
[    1.729477] Cannot allocate resource for EISA slot 4
[    1.729479] Cannot allocate resource for EISA slot 5
[    1.729480] Cannot allocate resource for EISA slot 6
[    1.729482] Cannot allocate resource for EISA slot 7
[    1.729483] Cannot allocate resource for EISA slot 8
[    1.729485] EISA: Detected 0 cards.
[    1.729492] cpufreq-nforce2: No nForce2 chipset.
[    1.729494] cpuidle: using governor ladder
[    1.729496] cpuidle: using governor menu
[    1.729498] EFI Variables Facility v0.08 2004-May-17
[    1.729523] TCP cubic registered
[    1.729547] NET: Registered protocol family 10
[    1.729572] NET: Registered protocol family 17
[    1.729577] Registering the dns_resolver key type
[    1.729589] Using IPI No-Shortcut mode
[    1.729653] PM: Hibernation image not present or could not be loaded.
[    1.729661] registered taskstats version 1
[    1.729920] input: AT Translated Set 2 keyboard as /devices/platform/i8042/serio0/input/input1
[    1.740377] Freeing initrd memory: 13836k freed
[    1.788331]   Magic number: 13:659:728
[    1.788391] rtc_cmos 00:04: setting system clock to 2013-05-27 09:43:47 UTC (1369647827)
[    1.788404] BIOS EDD facility v0.16 2004-Jun-25, 0 devices found
[    1.788406] EDD information not available.
[    1.911109] ata2.00: ATAPI: VMware Virtual IDE CDROM Drive, 00000001, max UDMA/33
[    1.911353] ata2.00: configured for UDMA/33
[    1.955020] isapnp: No Plug & Play device found
[    1.955180] scsi 1:0:0:0: CD-ROM            NECVMWar VMware IDE CDR10 1.00 PQ: 0 ANSI: 5
[    1.955617] sr0: scsi3-mmc drive: 306x/306x cd/rw xa/form2 cdda tray
[    1.955620] cdrom: Uniform CD-ROM driver Revision: 3.20
[    1.955685] sr 1:0:0:0: Attached scsi CD-ROM sr0
[    1.955804] sr 1:0:0:0: Attached scsi generic sg0 type 5
[    1.955868] Freeing unused kernel memory: 740k freed
[    1.955893] Write protecting the kernel text: 5816k
[    1.955902] Write protecting the kernel read-only data: 2376k
[    1.955904] NX-protecting the kernel data: 4424k
[    1.963189] udevd[85]: starting version 175
[    1.976283] VMware vmxnet3 virtual NIC driver - version 1.1.29.0-k-NAPI
[    1.984422] VMware PVSCSI driver - version 1.0.1.0-k
[    1.988007] VMware vmxnet virtual NIC driver
[    1.988032] ACPI: PCI Interrupt Link [LNKD] enabled at IRQ 5
[    1.988035] PCI: setting IRQ 5 as level-triggered
[    1.988041] vmxnet 0000:02:01.0: PCI INT A -> Link[LNKD] -> GSI 5 (level, low) -> IRQ 5
[    1.988066] Found vmxnet/PCI at 0x2024, irq 5.
[    1.988091] features:
[    1.988103] numRxBuffers = 100, numRxBuffers2 = 1
[    1.988128] vmxnet 0000:02:01.0: eth0: set_features() failed (-1); wanted 0x00004000, left 0x00004800
[    1.994302] Fusion MPT base driver 3.04.20
[    1.994305] Copyright (c) 1999-2008 LSI Corporation
[    1.994417] Fusion MPT SPI Host driver 3.04.20
[    1.994442] mptspi 0000:00:10.0: PCI INT A -> Link[LNKB] -> GSI 11 (level, low) -> IRQ 11
[    2.001362] mptbase: ioc0: Initiating bringup
[    2.012256] Floppy drive(s): fd0 is 1.44M
[    2.028059] FDC 0 is a post-1991 82077
[    2.071881] ioc0: LSI53C1030 B0: Capabilities={Initiator}
[    2.119794] usb 2-1: new full-speed USB device number 2 using uhci_hcd
[    2.231729] scsi2 : ioc0: LSI53C1030 B0, FwRev=01032920h, Ports=1, MaxQ=128, IRQ=11
[    2.251739] input: VMware VMware Virtual USB Mouse as /devices/pci0000:00/0000:00:11.0/0000:02:00.0/usb2/2-1/2-1:1.0/input/input2
[    2.251917] generic-usb 0003:0E0F:0003.0001: input,hidraw0: USB HID v1.10 Mouse [VMware VMware Virtual USB Mouse] on usb-0000:02:00.0-1/input0
[    2.252247] input: VMware VMware Virtual USB Mouse as /devices/pci0000:00/0000:00:11.0/0000:02:00.0/usb2/2-1/2-1:1.1/input/input3
[    2.252398] generic-usb 0003:0E0F:0003.0002: input,hidraw1: USB HID v1.10 Mouse [VMware VMware Virtual USB Mouse] on usb-0000:02:00.0-1/input1
[    2.252523] usbcore: registered new interface driver usbhid
[    2.252525] usbhid: USB HID core driver
[    2.344031] scsi 2:0:0:0: Direct-Access     VMware,  VMware Virtual S 1.0  PQ: 0 ANSI: 2
[    2.344040] scsi target2:0:0: Beginning Domain Validation
[    2.344315] scsi target2:0:0: Domain Validation skipping write tests
[    2.344317] scsi target2:0:0: Ending Domain Validation
[    2.344342] scsi target2:0:0: FAST-40 WIDE SCSI 80.0 MB/s ST (25 ns, offset 127)
[    2.345702] sd 2:0:0:0: [sda] 41943040 512-byte logical blocks: (21.4 GB/20.0 GiB)
[    2.345731] sd 2:0:0:0: [sda] Write Protect is off
[    2.345735] sd 2:0:0:0: [sda] Mode Sense: 61 00 00 00
[    2.345762] sd 2:0:0:0: [sda] Cache data unavailable
[    2.345765] sd 2:0:0:0: [sda] Assuming drive cache: write through
[    2.345936] sd 2:0:0:0: [sda] Cache data unavailable
[    2.345939] sd 2:0:0:0: [sda] Assuming drive cache: write through
[    2.346416] sd 2:0:0:0: Attached scsi generic sg1 type 0
[    2.346810]  sda: sda1 sda2 < sda5 >
[    2.347029] sd 2:0:0:0: [sda] Cache data unavailable
[    2.347032] sd 2:0:0:0: [sda] Assuming drive cache: write through
[    2.347035] sd 2:0:0:0: [sda] Attached SCSI disk
[    2.359508] usb 2-2: new full-speed USB device number 3 using uhci_hcd
[    2.390158] EXT4-fs (sda1): mounted filesystem with ordered data mode. Opts: (null)
[    2.489070] hub 2-2:1.0: USB hub found
[    2.489336] hub 2-2:1.0: 7 ports detected
[    3.587010] ADDRCONF(NETDEV_UP): eth0: link is not ready
[    3.602763] udevd[330]: starting version 175
[    3.641395] lp: driver loaded but no devices found
[    3.682794] Adding 1046524k swap on /dev/sda5.  Priority:-1 extents:1 across:1046524k 
[    3.718064] EXT4-fs (sda1): re-mounted. Opts: errors=remount-ro
[    3.735372] shpchp: Standard Hot Plug PCI Controller Driver version: 0.4
[    3.781384] piix4_smbus 0000:00:07.3: Host SMBus controller not enabled!
[    3.782026] [379]: VMCI: shared components initialized.
[    3.782045] Probing for vmci/PCI.
[    3.782191] ACPI: PCI Interrupt Link [LNKA] enabled at IRQ 9
[    3.782194] PCI: setting IRQ 9 as level-triggered
[    3.782199] vmci 0000:00:07.7: PCI INT A -> Link[LNKA] -> GSI 9 (level, low) -> IRQ 9
[    3.782240] Found vmci/PCI at 0x1080, irq 9.
[    3.782270] VMCI: using capabilities 0xc.
[    3.782341] [379]: VMCI: Host capability check passed.
[    3.782594] vmci 0000:00:07.7: irq 72 for MSI/MSI-X
[    3.782625] vmci 0000:00:07.7: irq 73 for MSI/MSI-X
[    3.782821] Registered vmci device.
[    3.785001] [379]: VMCI: Using guest personality
[    3.785006] [379]: VMCI: host components initialized.
[    3.785162] [379]: VMCI: Module registered (name=vmci,major=10,minor=57).
[    3.785166] [379]: VMCI: Using host personality
[    3.785168] [379]: VMCI: Module (name=vmci) is initialized
[    3.881998] ppdev: user-space parallel port driver
[    3.885067] parport_pc 00:09: reported by Plug and Play ACPI
[    3.885312] parport0: PC-style at 0x378, irq 7 [PCSPP,TRISTATE]
[    3.887481] Bluetooth: Core ver 2.16
[    3.888106] NET: Registered protocol family 31
[    3.888110] Bluetooth: HCI device and connection manager initialized
[    3.888113] Bluetooth: HCI socket layer initialized
[    3.888115] Bluetooth: L2CAP socket layer initialized
[    3.888124] Bluetooth: SCO socket layer initialized
[    3.910545] Bluetooth: BNEP (Ethernet Emulation) ver 1.3
[    3.910548] Bluetooth: BNEP filters: protocol multicast
[    3.920953] Bluetooth: RFCOMM TTY layer initialized
[    3.920958] Bluetooth: RFCOMM socket layer initialized
[    3.920960] Bluetooth: RFCOMM ver 1.11
[    3.981272] lp0: using parport0 (interrupt-driven).
[    3.993172] type=1400 audit(1369647829.705:2): apparmor="STATUS" operation="profile_load" name="/usr/lib/cups/backend/cups-pdf" pid=580 comm="apparmor_parser"
[    3.995858] type=1400 audit(1369647829.705:3): apparmor="STATUS" operation="profile_load" name="/usr/sbin/cupsd" pid=580 comm="apparmor_parser"
[    4.070960] type=1400 audit(1369647829.781:4): apparmor="STATUS" operation="profile_load" name="/sbin/dhclient" pid=601 comm="apparmor_parser"
[    4.071637] type=1400 audit(1369647829.781:5): apparmor="STATUS" operation="profile_load" name="/usr/lib/NetworkManager/nm-dhcp-client.action" pid=601 comm="apparmor_parser"
[    4.071836] type=1400 audit(1369647829.781:6): apparmor="STATUS" operation="profile_load" name="/usr/lib/connman/scripts/dhclient-script" pid=601 comm="apparmor_parser"
[    4.175162] input: ImPS/2 Generic Wheel Mouse as /devices/platform/i8042/serio1/input/input4
[    4.346397] snd_ens1371 0000:02:02.0: PCI INT A -> Link[LNKA] -> GSI 9 (level, low) -> IRQ 9
[    4.357978] init: failsafe main process (668) killed by TERM signal
[    4.447888] type=1400 audit(1369647830.157:7): apparmor="STATUS" operation="profile_load" name="/usr/lib/lightdm/lightdm/lightdm-guest-session-wrapper" pid=799 comm="apparmor_parser"
[    4.449269] type=1400 audit(1369647830.161:8): apparmor="STATUS" operation="profile_replace" name="/sbin/dhclient" pid=801 comm="apparmor_parser"
[    4.450602] type=1400 audit(1369647830.161:9): apparmor="STATUS" operation="profile_replace" name="/usr/lib/NetworkManager/nm-dhcp-client.action" pid=801 comm="apparmor_parser"
[    4.450651] type=1400 audit(1369647830.161:10): apparmor="STATUS" operation="profile_replace" name="/usr/lib/connman/scripts/dhclient-script" pid=801 comm="apparmor_parser"
[    4.592912] init: alsa-restore main process (862) terminated with status 19
