[    0.000000] Initializing cgroup subsys cpuset
[    0.000000] Initializing cgroup subsys cpu
[    0.000000] Linux version 3.2.0-29-generic-pae (buildd@roseapple) (gcc version 4.6.3 (Ubuntu/Linaro 4.6.3-1ubuntu5) ) #46-Ubuntu SMP Fri Jul 27 17:25:43 UTC 2012 (Ubuntu 3.2.0-29.46-generic-pae 3.2.24)
[    0.000000] KERNEL supported cpus:
[    0.000000]   Intel GenuineIntel
[    0.000000]   AMD AuthenticAMD
[    0.000000]   NSC Geode by NSC
[    0.000000]   Cyrix CyrixInstead
[    0.000000]   Centaur CentaurHauls
[    0.000000]   Transmeta GenuineTMx86
[    0.000000]   Transmeta TransmetaCPU
[    0.000000]   UMC UMC UMC UMC
[    0.000000] Disabled fast string operations
[    0.000000] BIOS-provided physical RAM map:
[    0.000000]  BIOS-e820: 0000000000000000 - 000000000009f000 (usable)
[    0.000000]  BIOS-e820: 000000000009f000 - 00000000000a0000 (reserved)
[    0.000000]  BIOS-e820: 00000000000ca000 - 00000000000cc000 (reserved)
[    0.000000]  BIOS-e820: 00000000000dc000 - 0000000000100000 (reserved)
[    0.000000]  BIOS-e820: 0000000000100000 - 000000003fee0000 (usable)
[    0.000000]  BIOS-e820: 000000003fee0000 - 000000003feff000 (ACPI data)
[    0.000000]  BIOS-e820: 000000003feff000 - 000000003ff00000 (ACPI NVS)
[    0.000000]  BIOS-e820: 000000003ff00000 - 0000000040000000 (usable)
[    0.000000]  BIOS-e820: 00000000e0000000 - 00000000f0000000 (reserved)
[    0.000000]  BIOS-e820: 00000000fec00000 - 00000000fec10000 (reserved)
[    0.000000]  BIOS-e820: 00000000fee00000 - 00000000fee01000 (reserved)
[    0.000000]  BIOS-e820: 00000000fffe0000 - 0000000100000000 (reserved)
[    0.000000] NX (Execute Disable) protection: active
[    0.000000] DMI present.
[    0.000000] DMI: VMware, Inc. VMware Virtual Platform/440BX Desktop Reference Platform, BIOS 6.00 07/02/2012
[    0.000000] Hypervisor detected: VMware
[    0.000000] e820 update range: 0000000000000000 - 0000000000010000 (usable) ==> (reserved)
[    0.000000] e820 remove range: 00000000000a0000 - 0000000000100000 (usable)
[    0.000000] last_pfn = 0x40000 max_arch_pfn = 0x1000000
[    0.000000] MTRR default type: uncachable
[    0.000000] MTRR fixed ranges enabled:
[    0.000000]   00000-9FFFF write-back
[    0.000000]   A0000-BFFFF uncachable
[    0.000000]   C0000-CBFFF write-protect
[    0.000000]   CC000-EFFFF uncachable
[    0.000000]   F0000-FFFFF write-protect
[    0.000000] MTRR variable ranges enabled:
[    0.000000]   0 base 0000000000 mask FFC0000000 write-back
[    0.000000]   1 disabled
[    0.000000]   2 disabled
[    0.000000]   3 disabled
[    0.000000]   4 disabled
[    0.000000]   5 disabled
[    0.000000]   6 disabled
[    0.000000]   7 disabled
[    0.000000] x86 PAT enabled: cpu 0, old 0x0, new 0x7010600070106
[    0.000000] found SMP MP-table at [c00f6bf0] f6bf0
[    0.000000] initial memory mapped : 0 - 02000000
[    0.000000] Base memory trampoline at [c009b000] 9b000 size 16384
[    0.000000] init_memory_mapping: 0000000000000000-0000000037bfe000
[    0.000000]  0000000000 - 0000200000 page 4k
[    0.000000]  0000200000 - 0037a00000 page 2M
[    0.000000]  0037a00000 - 0037bfe000 page 4k
[    0.000000] kernel direct mapping tables up to 37bfe000 @ 1ffb000-2000000
[    0.000000] RAMDISK: 364ea000 - 3726d000
[    0.000000] ACPI: RSDP 000f6b80 00024 (v02 PTLTD )
[    0.000000] ACPI: XSDT 3feed636 0005C (v01 INTEL  440BX    06040000 VMW  01324272)
[    0.000000] ACPI: FACP 3fefee98 000F4 (v04 INTEL  440BX    06040000 PTL  000F4240)
[    0.000000] ACPI: DSDT 3feee366 10B32 (v01 PTLTD  Custom   06040000 MSFT 03000001)
[    0.000000] ACPI: FACS 3fefffc0 00040
[    0.000000] ACPI: BOOT 3feee33e 00028 (v01 PTLTD  $SBFTBL$ 06040000  LTP 00000001)
[    0.000000] ACPI: APIC 3feedc3e 003C2 (v01 PTLTD  ? APIC   06040000  LTP 00000000)
[    0.000000] ACPI: MCFG 3feedc02 0003C (v01 PTLTD  $PCITBL$ 06040000  LTP 00000001)
[    0.000000] ACPI: SRAT 3feed732 004D0 (v02 VMWARE MEMPLUG  06040000 VMW  00000001)
[    0.000000] ACPI: HPET 3feed6fa 00038 (v01 VMWARE VMW HPET 06040000 VMW  00000001)
[    0.000000] ACPI: WAET 3feed6d2 00028 (v01 VMWARE VMW WAET 06040000 VMW  00000001)
[    0.000000] ACPI: Local APIC address 0xfee00000
[    0.000000] 132MB HIGHMEM available.
[    0.000000] 891MB LOWMEM available.
[    0.000000]   mapped low ram: 0 - 37bfe000
[    0.000000]   low ram: 0 - 37bfe000
[    0.000000] Zone PFN ranges:
[    0.000000]   DMA      0x00000010 -> 0x00001000
[    0.000000]   Normal   0x00001000 -> 0x00037bfe
[    0.000000]   HighMem  0x00037bfe -> 0x00040000
[    0.000000] Movable zone start PFN for each node
[    0.000000] early_node_map[3] active PFN ranges
[    0.000000]     0: 0x00000010 -> 0x0000009f
[    0.000000]     0: 0x00000100 -> 0x0003fee0
[    0.000000]     0: 0x0003ff00 -> 0x00040000
[    0.000000] On node 0 totalpages: 261999
[    0.000000] free_area_init_node: node 0, pgdat c1866a40, node_mem_map f73fd200
[    0.000000]   DMA zone: 32 pages used for memmap
[    0.000000]   DMA zone: 0 pages reserved
[    0.000000]   DMA zone: 3951 pages, LIFO batch:0
[    0.000000]   Normal zone: 1752 pages used for memmap
[    0.000000]   Normal zone: 222502 pages, LIFO batch:31
[    0.000000]   HighMem zone: 265 pages used for memmap
[    0.000000]   HighMem zone: 33497 pages, LIFO batch:7
[    0.000000] Using APIC driver default
[    0.000000] ACPI: PM-Timer IO Port: 0x1008
[    0.000000] ACPI: Local APIC address 0xfee00000
[    0.000000] ACPI: LAPIC (acpi_id[0x00] lapic_id[0x00] enabled)
[    0.000000] ACPI: LAPIC (acpi_id[0x01] lapic_id[0x02] disabled)
[    0.000000] ACPI: LAPIC (acpi_id[0x02] lapic_id[0x04] disabled)
[    0.000000] ACPI: LAPIC (acpi_id[0x03] lapic_id[0x06] disabled)
[    0.000000] ACPI: LAPIC (acpi_id[0x04] lapic_id[0x08] disabled)
[    0.000000] ACPI: LAPIC (acpi_id[0x05] lapic_id[0x0a] disabled)
[    0.000000] ACPI: LAPIC (acpi_id[0x06] lapic_id[0x0c] disabled)
[    0.000000] ACPI: LAPIC (acpi_id[0x07] lapic_id[0x0e] disabled)
[    0.000000] ACPI: LAPIC (acpi_id[0x08] lapic_id[0x10] disabled)
[    0.000000] ACPI: LAPIC (acpi_id[0x09] lapic_id[0x12] disabled)
[    0.000000] ACPI: LAPIC (acpi_id[0x0a] lapic_id[0x14] disabled)
[    0.000000] ACPI: LAPIC (acpi_id[0x0b] lapic_id[0x16] disabled)
[    0.000000] ACPI: LAPIC (acpi_id[0x0c] lapic_id[0x18] disabled)
[    0.000000] ACPI: LAPIC (acpi_id[0x0d] lapic_id[0x1a] disabled)
[    0.000000] ACPI: LAPIC (acpi_id[0x0e] lapic_id[0x1c] disabled)
[    0.000000] ACPI: LAPIC (acpi_id[0x0f] lapic_id[0x1e] disabled)
[    0.000000] ACPI: LAPIC (acpi_id[0x10] lapic_id[0x20] disabled)
[    0.000000] ACPI: LAPIC (acpi_id[0x11] lapic_id[0x22] disabled)
[    0.000000] ACPI: LAPIC (acpi_id[0x12] lapic_id[0x24] disabled)
[    0.000000] ACPI: LAPIC (acpi_id[0x13] lapic_id[0x26] disabled)
[    0.000000] ACPI: LAPIC (acpi_id[0x14] lapic_id[0x28] disabled)
[    0.000000] ACPI: LAPIC (acpi_id[0x15] lapic_id[0x2a] disabled)
[    0.000000] ACPI: LAPIC (acpi_id[0x16] lapic_id[0x2c] disabled)
[    0.000000] ACPI: LAPIC (acpi_id[0x17] lapic_id[0x2e] disabled)
[    0.000000] ACPI: LAPIC (acpi_id[0x18] lapic_id[0x30] disabled)
[    0.000000] ACPI: LAPIC (acpi_id[0x19] lapic_id[0x32] disabled)
[    0.000000] ACPI: LAPIC (acpi_id[0x1a] lapic_id[0x34] disabled)
[    0.000000] ACPI: LAPIC (acpi_id[0x1b] lapic_id[0x36] disabled)
[    0.000000] ACPI: LAPIC (acpi_id[0x1c] lapic_id[0x38] disabled)
[    0.000000] ACPI: LAPIC (acpi_id[0x1d] lapic_id[0x3a] disabled)
[    0.000000] ACPI: LAPIC (acpi_id[0x1e] lapic_id[0x3c] disabled)
[    0.000000] ACPI: LAPIC (acpi_id[0x1f] lapic_id[0x3e] disabled)
[    0.000000] ACPI: LAPIC (acpi_id[0x20] lapic_id[0x40] disabled)
[    0.000000] ACPI: LAPIC (acpi_id[0x21] lapic_id[0x42] disabled)
[    0.000000] ACPI: LAPIC (acpi_id[0x22] lapic_id[0x44] disabled)
[    0.000000] ACPI: LAPIC (acpi_id[0x23] lapic_id[0x46] disabled)
[    0.000000] ACPI: LAPIC (acpi_id[0x24] lapic_id[0x48] disabled)
[    0.000000] ACPI: LAPIC (acpi_id[0x25] lapic_id[0x4a] disabled)
[    0.000000] ACPI: LAPIC (acpi_id[0x26] lapic_id[0x4c] disabled)
[    0.000000] ACPI: LAPIC (acpi_id[0x27] lapic_id[0x4e] disabled)
[    0.000000] ACPI: LAPIC (acpi_id[0x28] lapic_id[0x50] disabled)
[    0.000000] ACPI: LAPIC (acpi_id[0x29] lapic_id[0x52] disabled)
[    0.000000] ACPI: LAPIC (acpi_id[0x2a] lapic_id[0x54] disabled)
[    0.000000] ACPI: LAPIC (acpi_id[0x2b] lapic_id[0x56] disabled)
[    0.000000] ACPI: LAPIC (acpi_id[0x2c] lapic_id[0x58] disabled)
[    0.000000] ACPI: LAPIC (acpi_id[0x2d] lapic_id[0x5a] disabled)
[    0.000000] ACPI: LAPIC (acpi_id[0x2e] lapic_id[0x5c] disabled)
[    0.000000] ACPI: LAPIC (acpi_id[0x2f] lapic_id[0x5e] disabled)
[    0.000000] ACPI: LAPIC (acpi_id[0x30] lapic_id[0x60] disabled)
[    0.000000] ACPI: LAPIC (acpi_id[0x31] lapic_id[0x62] disabled)
[    0.000000] ACPI: LAPIC (acpi_id[0x32] lapic_id[0x64] disabled)
[    0.000000] ACPI: LAPIC (acpi_id[0x33] lapic_id[0x66] disabled)
[    0.000000] ACPI: LAPIC (acpi_id[0x34] lapic_id[0x68] disabled)
[    0.000000] ACPI: LAPIC (acpi_id[0x35] lapic_id[0x6a] disabled)
[    0.000000] ACPI: LAPIC (acpi_id[0x36] lapic_id[0x6c] disabled)
[    0.000000] ACPI: LAPIC (acpi_id[0x37] lapic_id[0x6e] disabled)
[    0.000000] ACPI: LAPIC (acpi_id[0x38] lapic_id[0x70] disabled)
[    0.000000] ACPI: LAPIC (acpi_id[0x39] lapic_id[0x72] disabled)
[    0.000000] ACPI: LAPIC (acpi_id[0x3a] lapic_id[0x74] disabled)
[    0.000000] ACPI: LAPIC (acpi_id[0x3b] lapic_id[0x76] disabled)
[    0.000000] ACPI: LAPIC (acpi_id[0x3c] lapic_id[0x78] disabled)
[    0.000000] ACPI: LAPIC (acpi_id[0x3d] lapic_id[0x7a] disabled)
[    0.000000] ACPI: LAPIC (acpi_id[0x3e] lapic_id[0x7c] disabled)
[    0.000000] ACPI: LAPIC (acpi_id[0x3f] lapic_id[0x7e] disabled)
[    0.000000] ACPI: LAPIC_NMI (acpi_id[0x00] high edge lint[0x1])
[    0.000000] ACPI: LAPIC_NMI (acpi_id[0x01] high edge lint[0x1])
[    0.000000] ACPI: LAPIC_NMI (acpi_id[0x02] high edge lint[0x1])
[    0.000000] ACPI: LAPIC_NMI (acpi_id[0x03] high edge lint[0x1])
[    0.000000] ACPI: LAPIC_NMI (acpi_id[0x04] high edge lint[0x1])
[    0.000000] ACPI: LAPIC_NMI (acpi_id[0x05] high edge lint[0x1])
[    0.000000] ACPI: LAPIC_NMI (acpi_id[0x06] high edge lint[0x1])
[    0.000000] ACPI: LAPIC_NMI (acpi_id[0x07] high edge lint[0x1])
[    0.000000] ACPI: LAPIC_NMI (acpi_id[0x08] high edge lint[0x1])
[    0.000000] ACPI: LAPIC_NMI (acpi_id[0x09] high edge lint[0x1])
[    0.000000] ACPI: LAPIC_NMI (acpi_id[0x0a] high edge lint[0x1])
[    0.000000] ACPI: LAPIC_NMI (acpi_id[0x0b] high edge lint[0x1])
[    0.000000] ACPI: LAPIC_NMI (acpi_id[0x0c] high edge lint[0x1])
[    0.000000] ACPI: LAPIC_NMI (acpi_id[0x0d] high edge lint[0x1])
[    0.000000] ACPI: LAPIC_NMI (acpi_id[0x0e] high edge lint[0x1])
[    0.000000] ACPI: LAPIC_NMI (acpi_id[0x0f] high edge lint[0x1])
[    0.000000] ACPI: LAPIC_NMI (acpi_id[0x10] high edge lint[0x1])
[    0.000000] ACPI: LAPIC_NMI (acpi_id[0x11] high edge lint[0x1])
[    0.000000] ACPI: LAPIC_NMI (acpi_id[0x12] high edge lint[0x1])
[    0.000000] ACPI: LAPIC_NMI (acpi_id[0x13] high edge lint[0x1])
[    0.000000] ACPI: LAPIC_NMI (acpi_id[0x14] high edge lint[0x1])
[    0.000000] ACPI: LAPIC_NMI (acpi_id[0x15] high edge lint[0x1])
[    0.000000] ACPI: LAPIC_NMI (acpi_id[0x16] high edge lint[0x1])
[    0.000000] ACPI: LAPIC_NMI (acpi_id[0x17] high edge lint[0x1])
[    0.000000] ACPI: LAPIC_NMI (acpi_id[0x18] high edge lint[0x1])
[    0.000000] ACPI: LAPIC_NMI (acpi_id[0x19] high edge lint[0x1])
[    0.000000] ACPI: LAPIC_NMI (acpi_id[0x1a] high edge lint[0x1])
[    0.000000] ACPI: LAPIC_NMI (acpi_id[0x1b] high edge lint[0x1])
[    0.000000] ACPI: LAPIC_NMI (acpi_id[0x1c] high edge lint[0x1])
[    0.000000] ACPI: LAPIC_NMI (acpi_id[0x1d] high edge lint[0x1])
[    0.000000] ACPI: LAPIC_NMI (acpi_id[0x1e] high edge lint[0x1])
[    0.000000] ACPI: LAPIC_NMI (acpi_id[0x1f] high edge lint[0x1])
[    0.000000] ACPI: LAPIC_NMI (acpi_id[0x20] high edge lint[0x1])
[    0.000000] ACPI: LAPIC_NMI (acpi_id[0x21] high edge lint[0x1])
[    0.000000] ACPI: LAPIC_NMI (acpi_id[0x22] high edge lint[0x1])
[    0.000000] ACPI: LAPIC_NMI (acpi_id[0x23] high edge lint[0x1])
[    0.000000] ACPI: LAPIC_NMI (acpi_id[0x24] high edge lint[0x1])
[    0.000000] ACPI: LAPIC_NMI (acpi_id[0x25] high edge lint[0x1])
[    0.000000] ACPI: LAPIC_NMI (acpi_id[0x26] high edge lint[0x1])
[    0.000000] ACPI: LAPIC_NMI (acpi_id[0x27] high edge lint[0x1])
[    0.000000] ACPI: LAPIC_NMI (acpi_id[0x28] high edge lint[0x1])
[    0.000000] ACPI: LAPIC_NMI (acpi_id[0x29] high edge lint[0x1])
[    0.000000] ACPI: LAPIC_NMI (acpi_id[0x2a] high edge lint[0x1])
[    0.000000] ACPI: LAPIC_NMI (acpi_id[0x2b] high edge lint[0x1])
[    0.000000] ACPI: LAPIC_NMI (acpi_id[0x2c] high edge lint[0x1])
[    0.000000] ACPI: LAPIC_NMI (acpi_id[0x2d] high edge lint[0x1])
[    0.000000] ACPI: LAPIC_NMI (acpi_id[0x2e] high edge lint[0x1])
[    0.000000] ACPI: LAPIC_NMI (acpi_id[0x2f] high edge lint[0x1])
[    0.000000] ACPI: LAPIC_NMI (acpi_id[0x30] high edge lint[0x1])
[    0.000000] ACPI: LAPIC_NMI (acpi_id[0x31] high edge lint[0x1])
[    0.000000] ACPI: LAPIC_NMI (acpi_id[0x32] high edge lint[0x1])
[    0.000000] ACPI: LAPIC_NMI (acpi_id[0x33] high edge lint[0x1])
[    0.000000] ACPI: LAPIC_NMI (acpi_id[0x34] high edge lint[0x1])
[    0.000000] ACPI: LAPIC_NMI (acpi_id[0x35] high edge lint[0x1])
[    0.000000] ACPI: LAPIC_NMI (acpi_id[0x36] high edge lint[0x1])
[    0.000000] ACPI: LAPIC_NMI (acpi_id[0x37] high edge lint[0x1])
[    0.000000] ACPI: LAPIC_NMI (acpi_id[0x38] high edge lint[0x1])
[    0.000000] ACPI: LAPIC_NMI (acpi_id[0x39] high edge lint[0x1])
[    0.000000] ACPI: LAPIC_NMI (acpi_id[0x3a] high edge lint[0x1])
[    0.000000] ACPI: LAPIC_NMI (acpi_id[0x3b] high edge lint[0x1])
[    0.000000] ACPI: LAPIC_NMI (acpi_id[0x3c] high edge lint[0x1])
[    0.000000] ACPI: LAPIC_NMI (acpi_id[0x3d] high edge lint[0x1])
[    0.000000] ACPI: LAPIC_NMI (acpi_id[0x3e] high edge lint[0x1])
[    0.000000] ACPI: LAPIC_NMI (acpi_id[0x3f] high edge lint[0x1])
[    0.000000] ACPI: Skipping IOAPIC probe due to 'noapic' option.
[    0.000000] Using ACPI for processor (LAPIC) configuration information
[    0.000000] ACPI: HPET id: 0x8086af01 base: 0xfed00000
[    0.000000] Intel MultiProcessor Specification v1.4
[    0.000000]     Virtual Wire compatibility mode.
[    0.000000] MPTABLE: OEM ID: INTEL   
[    0.000000] MPTABLE: Product ID: 440BX       
[    0.000000] MPTABLE: APIC at: 0xFEE00000
[    0.000000] IOAPIC[0]: apic_id 1, version 17, address 0xfec00000, GSI 0-23
[    0.000000] Processors: 1
[    0.000000] SMP: Allowing 1 CPUs, 0 hotplug CPUs
[    0.000000] nr_irqs_gsi: 40
[    0.000000] PM: Registered nosave memory: 000000000009f000 - 00000000000a0000
[    0.000000] PM: Registered nosave memory: 00000000000a0000 - 00000000000ca000
[    0.000000] PM: Registered nosave memory: 00000000000ca000 - 00000000000cc000
[    0.000000] PM: Registered nosave memory: 00000000000cc000 - 00000000000dc000
[    0.000000] PM: Registered nosave memory: 00000000000dc000 - 0000000000100000
[    0.000000] Allocating PCI resources starting at 40000000 (gap: 40000000:a0000000)
[    0.000000] Booting paravirtualized kernel on bare hardware
[    0.000000] setup_percpu: NR_CPUS:8 nr_cpumask_bits:8 nr_cpu_ids:1 nr_node_ids:1
[    0.000000] PERCPU: Embedded 14 pages/cpu @f73e8000 s34240 r0 d23104 u57344
[    0.000000] pcpu-alloc: s34240 r0 d23104 u57344 alloc=14*4096
[    0.000000] pcpu-alloc: [0] 0 
[    0.000000] Built 1 zonelists in Zone order, mobility grouping on.  Total pages: 259950
[    0.000000] Kernel command line: BOOT_IMAGE=/boot/vmlinuz-3.2.0-29-generic-pae root=UUID=007b598c-390d-4c65-84a1-4ff752d48633 ro quiet splash maxcpus=0
[    0.000000] PID hash table entries: 4096 (order: 2, 16384 bytes)
[    0.000000] Dentry cache hash table entries: 131072 (order: 7, 524288 bytes)
[    0.000000] Inode-cache hash table entries: 65536 (order: 6, 262144 bytes)
[    0.000000] Initializing CPU#0
[    0.000000] xsave/xrstor: enabled xstate_bv 0x7, cntxt size 0x340
[    0.000000] allocated 4194048 bytes of page_cgroup
[    0.000000] please try 'cgroup_disable=memory' option if you don't want memory cgroups
[    0.000000] Initializing HighMem for node 0 (00037bfe:00040000)
[    0.000000] Memory: 1010624k/1048576k available (5814k kernel code, 37372k reserved, 2841k data, 740k init, 135048k highmem)
[    0.000000] virtual kernel memory layout:
[    0.000000]     fixmap  : 0xfff16000 - 0xfffff000   ( 932 kB)
[    0.000000]     pkmap   : 0xffc00000 - 0xffe00000   (2048 kB)
[    0.000000]     vmalloc : 0xf83fe000 - 0xffbfe000   ( 120 MB)
[    0.000000]     lowmem  : 0xc0000000 - 0xf7bfe000   ( 891 MB)
[    0.000000]       .init : 0xc1875000 - 0xc192e000   ( 740 kB)
[    0.000000]       .data : 0xc15adb64 - 0xc1874240   (2841 kB)
[    0.000000]       .text : 0xc1000000 - 0xc15adb64   (5814 kB)
[    0.000000] Checking if this processor honours the WP bit even in supervisor mode...Ok.
[    0.000000] SLUB: Genslabs=15, HWalign=64, Order=0-3, MinObjects=0, CPUs=1, Nodes=1
[    0.000000] Hierarchical RCU implementation.
[    0.000000] 	RCU dyntick-idle grace-period acceleration is enabled.
[    0.000000] NR_IRQS:2304 nr_irqs:256 16
[    0.000000] CPU 0 irqstacks, hard=f5c08000 soft=f5c0a000
[    0.000000] Extended CMOS year: 2000
[    0.000000] Console: colour VGA+ 80x25
[    0.000000] console [tty0] enabled
[    0.000000] hpet clockevent registered
[    0.000000] TSC freq read from hypervisor : 2394.620 MHz
[    0.000000] Detected 2394.620 MHz processor.
[    0.000001] Calibrating delay loop (skipped) preset value.. 4789.24 BogoMIPS (lpj=9578480)
[    0.000005] pid_max: default: 32768 minimum: 301
[    0.000023] Security Framework initialized
[    0.000041] AppArmor: AppArmor initialized
[    0.000043] Yama: becoming mindful.
[    0.000090] Mount-cache hash table entries: 512
[    0.000214] Initializing cgroup subsys cpuacct
[    0.000219] Initializing cgroup subsys memory
[    0.000225] Initializing cgroup subsys devices
[    0.000226] Initializing cgroup subsys freezer
[    0.000228] Initializing cgroup subsys blkio
[    0.000235] Initializing cgroup subsys perf_event
[    0.000291] Disabled fast string operations
[    0.000295] CPU: Physical Processor ID: 0
[    0.000307] ENERGY_PERF_BIAS: Set to 'normal', was 'performance'
[    0.000308] ENERGY_PERF_BIAS: View and update with x86_energy_perf_policy(8)
[    0.000972] mce: CPU supports 0 MCE banks
[    0.001907] SMP alternatives: switching to UP code
[    0.021336] Freeing SMP alternatives: 24k freed
[    0.021342] ACPI: Core revision 20110623
[    0.028682] ACPI: setting ELCR to 0200 (from 0e20)
[    0.029840] ftrace: allocating 26545 entries in 52 pages
[    0.051452] SMP mode deactivated.
[    0.051482] SMP disabled
[    0.051484] Performance Events: generic architected perfmon v1, core PMU driver.
[    0.051496] ... version:                1
[    0.051497] ... bit width:              48
[    0.051498] ... generic registers:      4
[    0.051499] ... value mask:             0000ffffffffffff
[    0.051500] ... max period:             000000007fffffff
[    0.051501] ... fixed-purpose events:   0
[    0.051502] ... event mask:             000000000000000f
[    0.051592] NMI watchdog enabled, takes one hw-pmu counter.
[    0.051611] Brought up 1 CPUs
[    0.051613] Total of 1 processors activated (4789.24 BogoMIPS).
[    0.051722] devtmpfs: initialized
[    0.051792] EVM: security.selinux
[    0.051793] EVM: security.SMACK64
[    0.051794] EVM: security.capability
[    0.051819] PM: Registering ACPI NVS region at 3feff000 (4096 bytes)
[    0.052614] print_constraints: dummy: 
[    0.052710] RTC time:  6:19:18, date: 05/27/13
[    0.052752] NET: Registered protocol family 16
[    0.052867] EISA bus registered
[    0.052882] ACPI: bus type pci registered
[    0.053035] PCI: MMCONFIG for domain 0000 [bus 00-ff] at [mem 0xe0000000-0xefffffff] (base 0xe0000000)
[    0.053038] PCI: MMCONFIG at [mem 0xe0000000-0xefffffff] reserved in E820
[    0.053040] PCI: Using MMCONFIG for extended config space
[    0.053042] PCI: Using configuration type 1 for base access
[    0.054286] bio: create slab <bio-0> at 0
[    0.054390] ACPI: Added _OSI(Module Device)
[    0.054392] ACPI: Added _OSI(Processor Device)
[    0.054394] ACPI: Added _OSI(3.0 _SCP Extensions)
[    0.054395] ACPI: Added _OSI(Processor Aggregator Device)
[    0.056358] ACPI: EC: Look up EC in DSDT
[    0.061408] [Firmware Bug]: ACPI: BIOS _OSI(Linux) query ignored
[    0.070966] ACPI: Interpreter enabled
[    0.070977] ACPI: (supports S0 S1 S4 S5)
[    0.070991] ACPI: Using PIC for interrupt routing
[    0.120767] ACPI: No dock devices found.
[    0.120772] HEST: Table not found.
[    0.120777] PCI: Using host bridge windows from ACPI; if necessary, use "pci=nocrs" and report a bug
[    0.121525] ACPI: PCI Root Bridge [PCI0] (domain 0000 [bus 00-ff])
[    0.122775] pci_root PNP0A03:00: host bridge window [mem 0x000a0000-0x000bffff]
[    0.122778] pci_root PNP0A03:00: host bridge window [mem 0x000cc000-0x000cffff]
[    0.122780] pci_root PNP0A03:00: host bridge window [mem 0x000d0000-0x000d3fff]
[    0.122782] pci_root PNP0A03:00: host bridge window [mem 0x000d4000-0x000d7fff]
[    0.122784] pci_root PNP0A03:00: host bridge window [mem 0x000d8000-0x000dbfff]
[    0.122787] pci_root PNP0A03:00: host bridge window [mem 0xc0000000-0xfebfffff]
[    0.122789] pci_root PNP0A03:00: host bridge window [io  0x0000-0x0cf7]
[    0.122792] pci_root PNP0A03:00: host bridge window [io  0x0d00-0xfeff]
[    0.122853] pci 0000:00:00.0: [8086:7190] type 0 class 0x000600
[    0.123424] pci 0000:00:01.0: [8086:7191] type 1 class 0x000604
[    0.123964] pci 0000:00:07.0: [8086:7110] type 0 class 0x000601
[    0.124816] pci 0000:00:07.1: [8086:7111] type 0 class 0x000101
[    0.126723] pci 0000:00:07.1: reg 20: [io  0x10c0-0x10cf]
[    0.127519] pci 0000:00:07.3: [8086:7113] type 0 class 0x000680
[    0.129221] pci 0000:00:07.3: quirk: [io  0x1000-0x103f] claimed by PIIX4 ACPI
[    0.129235] pci 0000:00:07.3: quirk: [io  0x1040-0x104f] claimed by PIIX4 SMB
[    0.129481] pci 0000:00:07.7: [15ad:0740] type 0 class 0x000880
[    0.129979] pci 0000:00:07.7: reg 10: [io  0x1080-0x10bf]
[    0.130567] pci 0000:00:07.7: reg 14: [mem 0xc8000000-0xc8001fff 64bit]
[    0.132715] pci 0000:00:0f.0: [15ad:0405] type 0 class 0x000300
[    0.134799] pci 0000:00:0f.0: reg 10: [io  0x10d0-0x10df]
[    0.136966] pci 0000:00:0f.0: reg 14: [mem 0xd0000000-0xd7ffffff pref]
[    0.138958] pci 0000:00:0f.0: reg 18: [mem 0xc8800000-0xc8ffffff]
[    0.147462] pci 0000:00:0f.0: reg 30: [mem 0x00000000-0x00007fff pref]
[    0.147873] pci 0000:00:10.0: [1000:0030] type 0 class 0x000100
[    0.148732] pci 0000:00:10.0: reg 10: [io  0x1400-0x14ff]
[    0.149491] pci 0000:00:10.0: reg 14: [mem 0xc8040000-0xc805ffff 64bit]
[    0.150225] pci 0000:00:10.0: reg 1c: [mem 0xc8020000-0xc803ffff 64bit]
[    0.151495] pci 0000:00:10.0: reg 30: [mem 0x00000000-0x00003fff pref]
[    0.151698] pci 0000:00:11.0: [15ad:0790] type 1 class 0x000604
[    0.152606] pci 0000:00:15.0: [15ad:07a0] type 1 class 0x000604
[    0.153632] pci 0000:00:15.0: PME# supported from D0 D3hot D3cold
[    0.153667] pci 0000:00:15.0: PME# disabled
[    0.153957] pci 0000:00:15.1: [15ad:07a0] type 1 class 0x000604
[    0.154743] pci 0000:00:15.1: PME# supported from D0 D3hot D3cold
[    0.154767] pci 0000:00:15.1: PME# disabled
[    0.155022] pci 0000:00:15.2: [15ad:07a0] type 1 class 0x000604
[    0.155881] pci 0000:00:15.2: PME# supported from D0 D3hot D3cold
[    0.155906] pci 0000:00:15.2: PME# disabled
[    0.156159] pci 0000:00:15.3: [15ad:07a0] type 1 class 0x000604
[    0.156925] pci 0000:00:15.3: PME# supported from D0 D3hot D3cold
[    0.156950] pci 0000:00:15.3: PME# disabled
[    0.157203] pci 0000:00:15.4: [15ad:07a0] type 1 class 0x000604
[    0.157972] pci 0000:00:15.4: PME# supported from D0 D3hot D3cold
[    0.157996] pci 0000:00:15.4: PME# disabled
[    0.158246] pci 0000:00:15.5: [15ad:07a0] type 1 class 0x000604
[    0.159020] pci 0000:00:15.5: PME# supported from D0 D3hot D3cold
[    0.159044] pci 0000:00:15.5: PME# disabled
[    0.159288] pci 0000:00:15.6: [15ad:07a0] type 1 class 0x000604
[    0.160083] pci 0000:00:15.6: PME# supported from D0 D3hot D3cold
[    0.160106] pci 0000:00:15.6: PME# disabled
[    0.160346] pci 0000:00:15.7: [15ad:07a0] type 1 class 0x000604
[    0.161120] pci 0000:00:15.7: PME# supported from D0 D3hot D3cold
[    0.161144] pci 0000:00:15.7: PME# disabled
[    0.161383] pci 0000:00:16.0: [15ad:07a0] type 1 class 0x000604
[    0.162172] pci 0000:00:16.0: PME# supported from D0 D3hot D3cold
[    0.162196] pci 0000:00:16.0: PME# disabled
[    0.162435] pci 0000:00:16.1: [15ad:07a0] type 1 class 0x000604
[    0.163213] pci 0000:00:16.1: PME# supported from D0 D3hot D3cold
[    0.163236] pci 0000:00:16.1: PME# disabled
[    0.163475] pci 0000:00:16.2: [15ad:07a0] type 1 class 0x000604
[    0.164254] pci 0000:00:16.2: PME# supported from D0 D3hot D3cold
[    0.164278] pci 0000:00:16.2: PME# disabled
[    0.164517] pci 0000:00:16.3: [15ad:07a0] type 1 class 0x000604
[    0.165282] pci 0000:00:16.3: PME# supported from D0 D3hot D3cold
[    0.165306] pci 0000:00:16.3: PME# disabled
[    0.165547] pci 0000:00:16.4: [15ad:07a0] type 1 class 0x000604
[    0.166321] pci 0000:00:16.4: PME# supported from D0 D3hot D3cold
[    0.166345] pci 0000:00:16.4: PME# disabled
[    0.166589] pci 0000:00:16.5: [15ad:07a0] type 1 class 0x000604
[    0.167550] pci 0000:00:16.5: PME# supported from D0 D3hot D3cold
[    0.167576] pci 0000:00:16.5: PME# disabled
[    0.167838] pci 0000:00:16.6: [15ad:07a0] type 1 class 0x000604
[    0.168614] pci 0000:00:16.6: PME# supported from D0 D3hot D3cold
[    0.168638] pci 0000:00:16.6: PME# disabled
[    0.168878] pci 0000:00:16.7: [15ad:07a0] type 1 class 0x000604
[    0.169965] pci 0000:00:16.7: PME# supported from D0 D3hot D3cold
[    0.169999] pci 0000:00:16.7: PME# disabled
[    0.170246] pci 0000:00:17.0: [15ad:07a0] type 1 class 0x000604
[    0.171064] pci 0000:00:17.0: PME# supported from D0 D3hot D3cold
[    0.171095] pci 0000:00:17.0: PME# disabled
[    0.171390] pci 0000:00:17.1: [15ad:07a0] type 1 class 0x000604
[    0.172349] pci 0000:00:17.1: PME# supported from D0 D3hot D3cold
[    0.172379] pci 0000:00:17.1: PME# disabled
[    0.172672] pci 0000:00:17.2: [15ad:07a0] type 1 class 0x000604
[    0.173640] pci 0000:00:17.2: PME# supported from D0 D3hot D3cold
[    0.173669] pci 0000:00:17.2: PME# disabled
[    0.173980] pci 0000:00:17.3: [15ad:07a0] type 1 class 0x000604
[    0.174954] pci 0000:00:17.3: PME# supported from D0 D3hot D3cold
[    0.174987] pci 0000:00:17.3: PME# disabled
[    0.175283] pci 0000:00:17.4: [15ad:07a0] type 1 class 0x000604
[    0.176314] pci 0000:00:17.4: PME# supported from D0 D3hot D3cold
[    0.176417] pci 0000:00:17.4: PME# disabled
[    0.176732] pci 0000:00:17.5: [15ad:07a0] type 1 class 0x000604
[    0.177689] pci 0000:00:17.5: PME# supported from D0 D3hot D3cold
[    0.177719] pci 0000:00:17.5: PME# disabled
[    0.178012] pci 0000:00:17.6: [15ad:07a0] type 1 class 0x000604
[    0.178941] pci 0000:00:17.6: PME# supported from D0 D3hot D3cold
[    0.178970] pci 0000:00:17.6: PME# disabled
[    0.179262] pci 0000:00:17.7: [15ad:07a0] type 1 class 0x000604
[    0.180230] pci 0000:00:17.7: PME# supported from D0 D3hot D3cold
[    0.180259] pci 0000:00:17.7: PME# disabled
[    0.180553] pci 0000:00:18.0: [15ad:07a0] type 1 class 0x000604
[    0.181487] pci 0000:00:18.0: PME# supported from D0 D3hot D3cold
[    0.181516] pci 0000:00:18.0: PME# disabled
[    0.181808] pci 0000:00:18.1: [15ad:07a0] type 1 class 0x000604
[    0.182745] pci 0000:00:18.1: PME# supported from D0 D3hot D3cold
[    0.182774] pci 0000:00:18.1: PME# disabled
[    0.183064] pci 0000:00:18.2: [15ad:07a0] type 1 class 0x000604
[    0.184012] pci 0000:00:18.2: PME# supported from D0 D3hot D3cold
[    0.184041] pci 0000:00:18.2: PME# disabled
[    0.184333] pci 0000:00:18.3: [15ad:07a0] type 1 class 0x000604
[    0.185267] pci 0000:00:18.3: PME# supported from D0 D3hot D3cold
[    0.185296] pci 0000:00:18.3: PME# disabled
[    0.185587] pci 0000:00:18.4: [15ad:07a0] type 1 class 0x000604
[    0.186656] pci 0000:00:18.4: PME# supported from D0 D3hot D3cold
[    0.186692] pci 0000:00:18.4: PME# disabled
[    0.187066] pci 0000:00:18.5: [15ad:07a0] type 1 class 0x000604
[    0.188000] pci 0000:00:18.5: PME# supported from D0 D3hot D3cold
[    0.188025] pci 0000:00:18.5: PME# disabled
[    0.188268] pci 0000:00:18.6: [15ad:07a0] type 1 class 0x000604
[    0.189063] pci 0000:00:18.6: PME# supported from D0 D3hot D3cold
[    0.189087] pci 0000:00:18.6: PME# disabled
[    0.189327] pci 0000:00:18.7: [15ad:07a0] type 1 class 0x000604
[    0.190101] pci 0000:00:18.7: PME# supported from D0 D3hot D3cold
[    0.190125] pci 0000:00:18.7: PME# disabled
[    0.190733] pci 0000:00:01.0: PCI bridge to [bus 01-01]
[    0.191065] pci 0000:02:00.0: [15ad:0774] type 0 class 0x000c03
[    0.192437] pci 0000:02:00.0: reg 20: [io  0x20c0-0x20df]
[    0.193084] pci 0000:02:01.0: [1022:2000] type 0 class 0x000200
[    0.193371] pci 0000:02:01.0: reg 10: [io  0x2000-0x207f]
[    0.194884] pci 0000:02:01.0: reg 30: [mem 0x00000000-0x0000ffff pref]
[    0.195028] pci 0000:02:02.0: [1274:1371] type 0 class 0x000401
[    0.195359] pci 0000:02:02.0: reg 10: [io  0x2080-0x20bf]
[    0.197722] pci 0000:02:03.0: [15ad:0770] type 0 class 0x000c03
[    0.198433] pci 0000:02:03.0: reg 10: [mem 0xc9000000-0xc9000fff]
[    0.200975] pci 0000:00:11.0: PCI bridge to [bus 02-02] (subtractive decode)
[    0.201006] pci 0000:00:11.0:   bridge window [io  0x2000-0x3fff]
[    0.201035] pci 0000:00:11.0:   bridge window [mem 0xc9000000-0xca3fffff]
[    0.201090] pci 0000:00:11.0:   bridge window [mem 0xd8400000-0xd89fffff 64bit pref]
[    0.201093] pci 0000:00:11.0:   bridge window [mem 0x000a0000-0x000bffff] (subtractive decode)
[    0.201096] pci 0000:00:11.0:   bridge window [mem 0x000cc000-0x000cffff] (subtractive decode)
[    0.201098] pci 0000:00:11.0:   bridge window [mem 0x000d0000-0x000d3fff] (subtractive decode)
[    0.201101] pci 0000:00:11.0:   bridge window [mem 0x000d4000-0x000d7fff] (subtractive decode)
[    0.201104] pci 0000:00:11.0:   bridge window [mem 0x000d8000-0x000dbfff] (subtractive decode)
[    0.201106] pci 0000:00:11.0:   bridge window [mem 0xc0000000-0xfebfffff] (subtractive decode)
[    0.201109] pci 0000:00:11.0:   bridge window [io  0x0000-0x0cf7] (subtractive decode)
[    0.201111] pci 0000:00:11.0:   bridge window [io  0x0d00-0xfeff] (subtractive decode)
[    0.201710] pci 0000:00:15.0: PCI bridge to [bus 03-03]
[    0.201738] pci 0000:00:15.0:   bridge window [io  0x4000-0x4fff]
[    0.201766] pci 0000:00:15.0:   bridge window [mem 0xca400000-0xca4fffff]
[    0.201819] pci 0000:00:15.0:   bridge window [mem 0xd8a00000-0xd8afffff 64bit pref]
[    0.202424] pci 0000:00:15.1: PCI bridge to [bus 04-04]
[    0.202451] pci 0000:00:15.1:   bridge window [io  0x8000-0x8fff]
[    0.202480] pci 0000:00:15.1:   bridge window [mem 0xca800000-0xca8fffff]
[    0.202533] pci 0000:00:15.1:   bridge window [mem 0xd8e00000-0xd8efffff 64bit pref]
[    0.203134] pci 0000:00:15.2: PCI bridge to [bus 05-05]
[    0.203161] pci 0000:00:15.2:   bridge window [io  0xc000-0xcfff]
[    0.203189] pci 0000:00:15.2:   bridge window [mem 0xcac00000-0xcacfffff]
[    0.203243] pci 0000:00:15.2:   bridge window [mem 0xd9200000-0xd92fffff 64bit pref]
[    0.203875] pci 0000:00:15.3: PCI bridge to [bus 06-06]
[    0.203930] pci 0000:00:15.3:   bridge window [mem 0xcb000000-0xcb0fffff]
[    0.203984] pci 0000:00:15.3:   bridge window [mem 0xd9600000-0xd96fffff 64bit pref]
[    0.204588] pci 0000:00:15.4: PCI bridge to [bus 07-07]
[    0.204641] pci 0000:00:15.4:   bridge window [mem 0xcb400000-0xcb4fffff]
[    0.204716] pci 0000:00:15.4:   bridge window [mem 0xd9a00000-0xd9afffff 64bit pref]
[    0.205288] pci 0000:00:15.5: PCI bridge to [bus 08-08]
[    0.205341] pci 0000:00:15.5:   bridge window [mem 0xcb800000-0xcb8fffff]
[    0.205395] pci 0000:00:15.5:   bridge window [mem 0xd9e00000-0xd9efffff 64bit pref]
[    0.205968] pci 0000:00:15.6: PCI bridge to [bus 09-09]
[    0.206020] pci 0000:00:15.6:   bridge window [mem 0xcbc00000-0xcbcfffff]
[    0.206074] pci 0000:00:15.6:   bridge window [mem 0xda200000-0xda2fffff 64bit pref]
[    0.206637] pci 0000:00:15.7: PCI bridge to [bus 0a-0a]
[    0.206690] pci 0000:00:15.7:   bridge window [mem 0xcc000000-0xcc0fffff]
[    0.206744] pci 0000:00:15.7:   bridge window [mem 0xda600000-0xda6fffff 64bit pref]
[    0.207366] pci 0000:00:16.0: PCI bridge to [bus 0b-0b]
[    0.207395] pci 0000:00:16.0:   bridge window [io  0x5000-0x5fff]
[    0.207424] pci 0000:00:16.0:   bridge window [mem 0xca500000-0xca5fffff]
[    0.207477] pci 0000:00:16.0:   bridge window [mem 0xd8b00000-0xd8bfffff 64bit pref]
[    0.208078] pci 0000:00:16.1: PCI bridge to [bus 0c-0c]
[    0.208106] pci 0000:00:16.1:   bridge window [io  0x9000-0x9fff]
[    0.208135] pci 0000:00:16.1:   bridge window [mem 0xca900000-0xca9fffff]
[    0.208189] pci 0000:00:16.1:   bridge window [mem 0xd8f00000-0xd8ffffff 64bit pref]
[    0.208754] pci 0000:00:16.2: PCI bridge to [bus 0d-0d]
[    0.208781] pci 0000:00:16.2:   bridge window [io  0xd000-0xdfff]
[    0.208809] pci 0000:00:16.2:   bridge window [mem 0xcad00000-0xcadfffff]
[    0.208863] pci 0000:00:16.2:   bridge window [mem 0xd9300000-0xd93fffff 64bit pref]
[    0.209440] pci 0000:00:16.3: PCI bridge to [bus 0e-0e]
[    0.209493] pci 0000:00:16.3:   bridge window [mem 0xcb100000-0xcb1fffff]
[    0.209585] pci 0000:00:16.3:   bridge window [mem 0xd9700000-0xd97fffff 64bit pref]
[    0.210232] pci 0000:00:16.4: PCI bridge to [bus 0f-0f]
[    0.210291] pci 0000:00:16.4:   bridge window [mem 0xcb500000-0xcb5fffff]
[    0.210351] pci 0000:00:16.4:   bridge window [mem 0xd9b00000-0xd9bfffff 64bit pref]
[    0.210837] pci 0000:00:16.5: PCI bridge to [bus 10-10]
[    0.210881] pci 0000:00:16.5:   bridge window [mem 0xcb900000-0xcb9fffff]
[    0.210941] pci 0000:00:16.5:   bridge window [mem 0xd9f00000-0xd9ffffff 64bit pref]
[    0.211555] pci 0000:00:16.6: PCI bridge to [bus 11-11]
[    0.211599] pci 0000:00:16.6:   bridge window [mem 0xcbd00000-0xcbdfffff]
[    0.211645] pci 0000:00:16.6:   bridge window [mem 0xda300000-0xda3fffff 64bit pref]
[    0.212220] pci 0000:00:16.7: PCI bridge to [bus 12-12]
[    0.212265] pci 0000:00:16.7:   bridge window [mem 0xcc100000-0xcc1fffff]
[    0.212309] pci 0000:00:16.7:   bridge window [mem 0xda700000-0xda7fffff 64bit pref]
[    0.212779] pci 0000:00:17.0: PCI bridge to [bus 13-13]
[    0.212802] pci 0000:00:17.0:   bridge window [io  0x6000-0x6fff]
[    0.212825] pci 0000:00:17.0:   bridge window [mem 0xca600000-0xca6fffff]
[    0.212868] pci 0000:00:17.0:   bridge window [mem 0xd8c00000-0xd8cfffff 64bit pref]
[    0.213340] pci 0000:00:17.1: PCI bridge to [bus 14-14]
[    0.213363] pci 0000:00:17.1:   bridge window [io  0xa000-0xafff]
[    0.213386] pci 0000:00:17.1:   bridge window [mem 0xcaa00000-0xcaafffff]
[    0.213430] pci 0000:00:17.1:   bridge window [mem 0xd9000000-0xd90fffff 64bit pref]
[    0.213893] pci 0000:00:17.2: PCI bridge to [bus 15-15]
[    0.213915] pci 0000:00:17.2:   bridge window [io  0xe000-0xefff]
[    0.213938] pci 0000:00:17.2:   bridge window [mem 0xcae00000-0xcaefffff]
[    0.213982] pci 0000:00:17.2:   bridge window [mem 0xd9400000-0xd94fffff 64bit pref]
[    0.214450] pci 0000:00:17.3: PCI bridge to [bus 16-16]
[    0.214493] pci 0000:00:17.3:   bridge window [mem 0xcb200000-0xcb2fffff]
[    0.214537] pci 0000:00:17.3:   bridge window [mem 0xd9800000-0xd98fffff 64bit pref]
[    0.215146] pci 0000:00:17.4: PCI bridge to [bus 17-17]
[    0.215200] pci 0000:00:17.4:   bridge window [mem 0xcb600000-0xcb6fffff]
[    0.215253] pci 0000:00:17.4:   bridge window [mem 0xd9c00000-0xd9cfffff 64bit pref]
[    0.215843] pci 0000:00:17.5: PCI bridge to [bus 18-18]
[    0.215906] pci 0000:00:17.5:   bridge window [mem 0xcba00000-0xcbafffff]
[    0.215961] pci 0000:00:17.5:   bridge window [mem 0xda000000-0xda0fffff 64bit pref]
[    0.216524] pci 0000:00:17.6: PCI bridge to [bus 19-19]
[    0.216578] pci 0000:00:17.6:   bridge window [mem 0xcbe00000-0xcbefffff]
[    0.216631] pci 0000:00:17.6:   bridge window [mem 0xda400000-0xda4fffff 64bit pref]
[    0.217203] pci 0000:00:17.7: PCI bridge to [bus 1a-1a]
[    0.217256] pci 0000:00:17.7:   bridge window [mem 0xcc200000-0xcc2fffff]
[    0.217309] pci 0000:00:17.7:   bridge window [mem 0xda800000-0xda8fffff 64bit pref]
[    0.217871] pci 0000:00:18.0: PCI bridge to [bus 1b-1b]
[    0.217900] pci 0000:00:18.0:   bridge window [io  0x7000-0x7fff]
[    0.217928] pci 0000:00:18.0:   bridge window [mem 0xca700000-0xca7fffff]
[    0.217982] pci 0000:00:18.0:   bridge window [mem 0xd8d00000-0xd8dfffff 64bit pref]
[    0.218546] pci 0000:00:18.1: PCI bridge to [bus 1c-1c]
[    0.218574] pci 0000:00:18.1:   bridge window [io  0xb000-0xbfff]
[    0.218602] pci 0000:00:18.1:   bridge window [mem 0xcab00000-0xcabfffff]
[    0.218655] pci 0000:00:18.1:   bridge window [mem 0xd9100000-0xd91fffff 64bit pref]
[    0.219217] pci 0000:00:18.2: PCI bridge to [bus 1d-1d]
[    0.219245] pci 0000:00:18.2:   bridge window [io  0xf000-0xffff]
[    0.219274] pci 0000:00:18.2:   bridge window [mem 0xcaf00000-0xcaffffff]
[    0.219328] pci 0000:00:18.2:   bridge window [mem 0xd9500000-0xd95fffff 64bit pref]
[    0.219929] pci 0000:00:18.3: PCI bridge to [bus 1e-1e]
[    0.219983] pci 0000:00:18.3:   bridge window [mem 0xcb300000-0xcb3fffff]
[    0.220038] pci 0000:00:18.3:   bridge window [mem 0xd9900000-0xd99fffff 64bit pref]
[    0.220618] pci 0000:00:18.4: PCI bridge to [bus 1f-1f]
[    0.220671] pci 0000:00:18.4:   bridge window [mem 0xcb700000-0xcb7fffff]
[    0.220725] pci 0000:00:18.4:   bridge window [mem 0xd9d00000-0xd9dfffff 64bit pref]
[    0.221294] pci 0000:00:18.5: PCI bridge to [bus 20-20]
[    0.221347] pci 0000:00:18.5:   bridge window [mem 0xcbb00000-0xcbbfffff]
[    0.221402] pci 0000:00:18.5:   bridge window [mem 0xda100000-0xda1fffff 64bit pref]
[    0.222056] pci 0000:00:18.6: PCI bridge to [bus 21-21]
[    0.222116] pci 0000:00:18.6:   bridge window [mem 0xcbf00000-0xcbffffff]
[    0.222176] pci 0000:00:18.6:   bridge window [mem 0xda500000-0xda5fffff 64bit pref]
[    0.222649] pci 0000:00:18.7: PCI bridge to [bus 22-22]
[    0.222693] pci 0000:00:18.7:   bridge window [mem 0xcc300000-0xcc3fffff]
[    0.222737] pci 0000:00:18.7:   bridge window [mem 0xda900000-0xda9fffff 64bit pref]
[    0.224609] pci_bus 0000:00: on NUMA node 0
[    0.224617] ACPI: PCI Interrupt Routing Table [\_SB_.PCI0._PRT]
[    0.225236]  pci0000:00: Requesting ACPI _OSC control (0x1d)
[    0.225441]  pci0000:00: ACPI _OSC control (0x15) granted
[    0.307239] ACPI: PCI Interrupt Link [LNKA] (IRQs 3 4 5 6 7 *9 10 11 14 15)
[    0.307330] ACPI: PCI Interrupt Link [LNKB] (IRQs 3 4 5 6 7 9 10 *11 14 15)
[    0.307434] ACPI: PCI Interrupt Link [LNKC] (IRQs 3 4 5 6 7 9 *10 11 14 15)
[    0.307519] ACPI: PCI Interrupt Link [LNKD] (IRQs 3 4 *5 6 7 9 10 11 14 15)
[    0.307724] vgaarb: device added: PCI:0000:00:0f.0,decodes=io+mem,owns=io+mem,locks=none
[    0.307740] vgaarb: loaded
[    0.307741] vgaarb: bridge control possible 0000:00:0f.0
[    0.307991] i2c-core: driver [aat2870] using legacy suspend method
[    0.307994] i2c-core: driver [aat2870] using legacy resume method
[    0.308123] SCSI subsystem initialized
[    0.308174] libata version 3.00 loaded.
[    0.308217] usbcore: registered new interface driver usbfs
[    0.308231] usbcore: registered new interface driver hub
[    0.308262] usbcore: registered new device driver usb
[    0.308354] PCI: Using ACPI for IRQ routing
[    0.385686] PCI: pci_cache_line_size set to 64 bytes
[    0.385715] pci 0000:00:18.2: no compatible bridge window for [io  0xf000-0xffff]
[    0.386999] reserve RAM buffer: 000000000009f000 - 000000000009ffff 
[    0.387002] reserve RAM buffer: 000000003fee0000 - 000000003fffffff 
[    0.387137] NetLabel: Initializing
[    0.387139] NetLabel:  domain hash size = 128
[    0.387140] NetLabel:  protocols = UNLABELED CIPSOv4
[    0.387150] NetLabel:  unlabeled traffic allowed by default
[    0.387229] hpet0: at MMIO 0xfed00000, IRQs 2, 8, 0, 0, 0, 0, 0, 0, 0, 0, 0, 0, 0, 0, 0, 0
[    0.387240] hpet0: 16 comparators, 64-bit 14.318180 MHz counter
[    0.391286] Switching to clocksource hpet
[    0.399142] AppArmor: AppArmor Filesystem Enabled
[    0.399162] pnp: PnP ACPI init
[    0.399177] ACPI: bus type pnp registered
[    0.399840] pnp 00:00: [bus 00-ff]
[    0.399842] pnp 00:00: [mem 0x000a0000-0x000bffff window]
[    0.399844] pnp 00:00: [mem 0x000c0000-0x000c3fff window]
[    0.399845] pnp 00:00: [mem 0x000c4000-0x000c7fff window]
[    0.399847] pnp 00:00: [mem 0x000c8000-0x000cbfff window]
[    0.399848] pnp 00:00: [mem 0x000cc000-0x000cffff window]
[    0.399850] pnp 00:00: [mem 0x000d0000-0x000d3fff window]
[    0.399851] pnp 00:00: [mem 0x000d4000-0x000d7fff window]
[    0.399853] pnp 00:00: [mem 0x000d8000-0x000dbfff window]
[    0.399854] pnp 00:00: [mem 0x000dc000-0x000dffff window]
[    0.399856] pnp 00:00: [mem 0x000e0000-0x000e3fff window]
[    0.399857] pnp 00:00: [mem 0x000e4000-0x000e7fff window]
[    0.399858] pnp 00:00: [mem 0x000e8000-0x000ebfff window]
[    0.399860] pnp 00:00: [mem 0x000ec000-0x000effff window]
[    0.399861] pnp 00:00: [mem 0xc0000000-0xfebfffff window]
[    0.399863] pnp 00:00: [io  0x0cf8-0x0cff]
[    0.399864] pnp 00:00: [io  0x0000-0x0cf7 window]
[    0.399866] pnp 00:00: [io  0x0d00-0xfeff window]
[    0.399904] pnp 00:00: Plug and Play ACPI device, IDs PNP0a03 PNP0a08 (active)
[    0.399968] pnp 00:01: [io  0x0010-0x001f]
[    0.399970] pnp 00:01: [io  0x0024-0x0025]
[    0.399971] pnp 00:01: [io  0x0028-0x0029]
[    0.399972] pnp 00:01: [io  0x002c-0x002d]
[    0.399973] pnp 00:01: [io  0x002e-0x002f]
[    0.399974] pnp 00:01: [io  0x0030-0x0031]
[    0.399975] pnp 00:01: [io  0x0034-0x0035]
[    0.399977] pnp 00:01: [io  0x0038-0x0039]
[    0.399978] pnp 00:01: [io  0x003c-0x003d]
[    0.399979] pnp 00:01: [io  0x0050-0x0053]
[    0.399980] pnp 00:01: [io  0x0072-0x0077]
[    0.399981] pnp 00:01: [io  0x0080]
[    0.399982] pnp 00:01: [io  0x0090-0x009f]
[    0.399983] pnp 00:01: [io  0x00a4-0x00a5]
[    0.399984] pnp 00:01: [io  0x00a8-0x00a9]
[    0.399986] pnp 00:01: [io  0x00ac-0x00ad]
[    0.399987] pnp 00:01: [io  0x00b0-0x00b5]
[    0.399988] pnp 00:01: [io  0x00b8-0x00b9]
[    0.399989] pnp 00:01: [io  0x00bc-0x00bd]
[    0.399990] pnp 00:01: [io  0x1000-0x103f]
[    0.399991] pnp 00:01: [io  0x1040-0x104f]
[    0.399993] pnp 00:01: [io  0x0cf0-0x0cf1]
[    0.400049] system 00:01: [io  0x1000-0x103f] has been reserved
[    0.400053] system 00:01: [io  0x1040-0x104f] has been reserved
[    0.400055] system 00:01: [io  0x0cf0-0x0cf1] has been reserved
[    0.400058] system 00:01: Plug and Play ACPI device, IDs PNP0c02 (active)
[    0.400065] pnp 00:02: [io  0x0000-0x000f]
[    0.400066] pnp 00:02: [io  0x0081-0x008f]
[    0.400067] pnp 00:02: [io  0x00c0-0x00df]
[    0.400069] pnp 00:02: [dma 4]
[    0.400084] pnp 00:02: Plug and Play ACPI device, IDs PNP0200 (active)
[    0.400089] pnp 00:03: [io  0x0020-0x0021]
[    0.400091] pnp 00:03: [io  0x00a0-0x00a1]
[    0.400092] pnp 00:03: [io  0x04d0-0x04d1]
[    0.400093] pnp 00:03: [irq 2 disabled]
[    0.400108] pnp 00:03: Plug and Play ACPI device, IDs PNP0001 (active)
[    0.400115] pnp 00:04: [io  0x0070-0x0071]
[    0.400117] pnp 00:04: [irq 8]
[    0.400130] pnp 00:04: Plug and Play ACPI device, IDs PNP0b00 (active)
[    0.400134] pnp 00:05: [io  0x0061]
[    0.400147] pnp 00:05: Plug and Play ACPI device, IDs PNP0800 (active)
[    0.400152] pnp 00:06: [io  0x0060]
[    0.400153] pnp 00:06: [io  0x0064]
[    0.400154] pnp 00:06: [irq 1]
[    0.400169] pnp 00:06: Plug and Play ACPI device, IDs PNP0303 (active)
[    0.400174] pnp 00:07: [irq 12]
[    0.400187] pnp 00:07: Plug and Play ACPI device, IDs PNP0f13 (active)
[    0.400349] pnp 00:08: [mem 0xfed00000-0xfed003ff]
[    0.400383] system 00:08: [mem 0xfed00000-0xfed003ff] has been reserved
[    0.400385] system 00:08: Plug and Play ACPI device, IDs PNP0103 PNP0c01 (active)
[    0.411951] pnp 00:09: [io  0x0378-0x037f]
[    0.411956] pnp 00:09: [irq 7]
[    0.413240] pnp 00:09: Plug and Play ACPI device, IDs PNP0400 (active)
[    0.417358] pnp 00:0a: [io  0x03f8-0x03ff]
[    0.417361] pnp 00:0a: [irq 4]
[    0.418552] pnp 00:0a: Plug and Play ACPI device, IDs PNP0501 (active)
[    0.423432] pnp 00:0b: [io  0x02f8-0x02ff]
[    0.423436] pnp 00:0b: [irq 3]
[    0.424937] pnp 00:0b: Plug and Play ACPI device, IDs PNP0501 (active)
[    0.431872] pnp 00:0c: [io  0x03f0-0x03f5]
[    0.431875] pnp 00:0c: [io  0x03f7]
[    0.431877] pnp 00:0c: [irq 6]
[    0.431879] pnp 00:0c: [dma 2]
[    0.433269] pnp 00:0c: Plug and Play ACPI device, IDs PNP0700 (active)
[    0.433543] pnp 00:0d: [mem 0xe0000000-0xefffffff]
[    0.433546] pnp 00:0d: [io  0x1060-0x107f]
[    0.433548] pnp 00:0d: [mem 0xc8200000-0xc83fffff]
[    0.433687] system 00:0d: [io  0x1060-0x107f] has been reserved
[    0.433691] system 00:0d: [mem 0xe0000000-0xefffffff] has been reserved
[    0.433694] system 00:0d: [mem 0xc8200000-0xc83fffff] has been reserved
[    0.433698] system 00:0d: Plug and Play ACPI device, IDs PNP0c02 (active)
[    0.439968] pnp: PnP ACPI: found 14 devices
[    0.439970] ACPI: ACPI bus type pnp unregistered
[    0.439974] PnPBIOS: Disabled by ACPI PNP
[    0.476312] PCI: max bus depth: 1 pci_try_num: 2
[    0.476365] pci 0000:00:0f.0: BAR 6: assigned [mem 0xc0000000-0xc0007fff pref]
[    0.476369] pci 0000:00:10.0: BAR 6: assigned [mem 0xc0008000-0xc000bfff pref]
[    0.476374] pci 0000:00:18.7: BAR 13: can't assign io (size 0x1000)
[    0.476377] pci 0000:00:18.6: BAR 13: can't assign io (size 0x1000)
[    0.476380] pci 0000:00:18.5: BAR 13: can't assign io (size 0x1000)
[    0.476383] pci 0000:00:18.4: BAR 13: can't assign io (size 0x1000)
[    0.476386] pci 0000:00:18.3: BAR 13: can't assign io (size 0x1000)
[    0.476389] pci 0000:00:18.2: BAR 13: can't assign io (size 0x1000)
[    0.476392] pci 0000:00:17.7: BAR 13: can't assign io (size 0x1000)
[    0.476395] pci 0000:00:17.6: BAR 13: can't assign io (size 0x1000)
[    0.476398] pci 0000:00:17.5: BAR 13: can't assign io (size 0x1000)
[    0.476401] pci 0000:00:17.4: BAR 13: can't assign io (size 0x1000)
[    0.476404] pci 0000:00:17.3: BAR 13: can't assign io (size 0x1000)
[    0.476407] pci 0000:00:16.7: BAR 13: can't assign io (size 0x1000)
[    0.476410] pci 0000:00:16.6: BAR 13: can't assign io (size 0x1000)
[    0.476413] pci 0000:00:16.5: BAR 13: can't assign io (size 0x1000)
[    0.476416] pci 0000:00:16.4: BAR 13: can't assign io (size 0x1000)
[    0.476419] pci 0000:00:16.3: BAR 13: can't assign io (size 0x1000)
[    0.476422] pci 0000:00:15.7: BAR 13: can't assign io (size 0x1000)
[    0.476425] pci 0000:00:15.6: BAR 13: can't assign io (size 0x1000)
[    0.476428] pci 0000:00:15.5: BAR 13: can't assign io (size 0x1000)
[    0.476431] pci 0000:00:15.4: BAR 13: can't assign io (size 0x1000)
[    0.476434] pci 0000:00:15.3: BAR 13: can't assign io (size 0x1000)
[    0.476437] pci 0000:00:01.0: PCI bridge to [bus 01-01]
[    0.476489] pci 0000:02:01.0: BAR 6: assigned [mem 0xd8400000-0xd840ffff pref]
[    0.476492] pci 0000:00:11.0: PCI bridge to [bus 02-02]
[    0.476507] pci 0000:00:11.0:   bridge window [io  0x2000-0x3fff]
[    0.476541] pci 0000:00:11.0:   bridge window [mem 0xc9000000-0xca3fffff]
[    0.476565] pci 0000:00:11.0:   bridge window [mem 0xd8400000-0xd89fffff 64bit pref]
[    0.476610] pci 0000:00:15.0: PCI bridge to [bus 03-03]
[    0.476623] pci 0000:00:15.0:   bridge window [io  0x4000-0x4fff]
[    0.476658] pci 0000:00:15.0:   bridge window [mem 0xca400000-0xca4fffff]
[    0.476682] pci 0000:00:15.0:   bridge window [mem 0xd8a00000-0xd8afffff 64bit pref]
[    0.476734] pci 0000:00:15.1: PCI bridge to [bus 04-04]
[    0.476748] pci 0000:00:15.1:   bridge window [io  0x8000-0x8fff]
[    0.476783] pci 0000:00:15.1:   bridge window [mem 0xca800000-0xca8fffff]
[    0.476807] pci 0000:00:15.1:   bridge window [mem 0xd8e00000-0xd8efffff 64bit pref]
[    0.476856] pci 0000:00:15.2: PCI bridge to [bus 05-05]
[    0.476869] pci 0000:00:15.2:   bridge window [io  0xc000-0xcfff]
[    0.476904] pci 0000:00:15.2:   bridge window [mem 0xcac00000-0xcacfffff]
[    0.476935] pci 0000:00:15.2:   bridge window [mem 0xd9200000-0xd92fffff 64bit pref]
[    0.476985] pci 0000:00:15.3: PCI bridge to [bus 06-06]
[    0.477019] pci 0000:00:15.3:   bridge window [mem 0xcb000000-0xcb0fffff]
[    0.477043] pci 0000:00:15.3:   bridge window [mem 0xd9600000-0xd96fffff 64bit pref]
[    0.477092] pci 0000:00:15.4: PCI bridge to [bus 07-07]
[    0.477126] pci 0000:00:15.4:   bridge window [mem 0xcb400000-0xcb4fffff]
[    0.477150] pci 0000:00:15.4:   bridge window [mem 0xd9a00000-0xd9afffff 64bit pref]
[    0.477198] pci 0000:00:15.5: PCI bridge to [bus 08-08]
[    0.477232] pci 0000:00:15.5:   bridge window [mem 0xcb800000-0xcb8fffff]
[    0.477256] pci 0000:00:15.5:   bridge window [mem 0xd9e00000-0xd9efffff 64bit pref]
[    0.477304] pci 0000:00:15.6: PCI bridge to [bus 09-09]
[    0.477338] pci 0000:00:15.6:   bridge window [mem 0xcbc00000-0xcbcfffff]
[    0.477362] pci 0000:00:15.6:   bridge window [mem 0xda200000-0xda2fffff 64bit pref]
[    0.477411] pci 0000:00:15.7: PCI bridge to [bus 0a-0a]
[    0.477445] pci 0000:00:15.7:   bridge window [mem 0xcc000000-0xcc0fffff]
[    0.477468] pci 0000:00:15.7:   bridge window [mem 0xda600000-0xda6fffff 64bit pref]
[    0.477517] pci 0000:00:16.0: PCI bridge to [bus 0b-0b]
[    0.477531] pci 0000:00:16.0:   bridge window [io  0x5000-0x5fff]
[    0.477565] pci 0000:00:16.0:   bridge window [mem 0xca500000-0xca5fffff]
[    0.477589] pci 0000:00:16.0:   bridge window [mem 0xd8b00000-0xd8bfffff 64bit pref]
[    0.477638] pci 0000:00:16.1: PCI bridge to [bus 0c-0c]
[    0.477652] pci 0000:00:16.1:   bridge window [io  0x9000-0x9fff]
[    0.477686] pci 0000:00:16.1:   bridge window [mem 0xca900000-0xca9fffff]
[    0.477709] pci 0000:00:16.1:   bridge window [mem 0xd8f00000-0xd8ffffff 64bit pref]
[    0.477758] pci 0000:00:16.2: PCI bridge to [bus 0d-0d]
[    0.477771] pci 0000:00:16.2:   bridge window [io  0xd000-0xdfff]
[    0.477806] pci 0000:00:16.2:   bridge window [mem 0xcad00000-0xcadfffff]
[    0.477829] pci 0000:00:16.2:   bridge window [mem 0xd9300000-0xd93fffff 64bit pref]
[    0.477878] pci 0000:00:16.3: PCI bridge to [bus 0e-0e]
[    0.477912] pci 0000:00:16.3:   bridge window [mem 0xcb100000-0xcb1fffff]
[    0.477945] pci 0000:00:16.3:   bridge window [mem 0xd9700000-0xd97fffff 64bit pref]
[    0.477994] pci 0000:00:16.4: PCI bridge to [bus 0f-0f]
[    0.478028] pci 0000:00:16.4:   bridge window [mem 0xcb500000-0xcb5fffff]
[    0.478052] pci 0000:00:16.4:   bridge window [mem 0xd9b00000-0xd9bfffff 64bit pref]
[    0.478101] pci 0000:00:16.5: PCI bridge to [bus 10-10]
[    0.478135] pci 0000:00:16.5:   bridge window [mem 0xcb900000-0xcb9fffff]
[    0.478158] pci 0000:00:16.5:   bridge window [mem 0xd9f00000-0xd9ffffff 64bit pref]
[    0.478207] pci 0000:00:16.6: PCI bridge to [bus 11-11]
[    0.478241] pci 0000:00:16.6:   bridge window [mem 0xcbd00000-0xcbdfffff]
[    0.478265] pci 0000:00:16.6:   bridge window [mem 0xda300000-0xda3fffff 64bit pref]
[    0.478313] pci 0000:00:16.7: PCI bridge to [bus 12-12]
[    0.478348] pci 0000:00:16.7:   bridge window [mem 0xcc100000-0xcc1fffff]
[    0.478371] pci 0000:00:16.7:   bridge window [mem 0xda700000-0xda7fffff 64bit pref]
[    0.478420] pci 0000:00:17.0: PCI bridge to [bus 13-13]
[    0.478433] pci 0000:00:17.0:   bridge window [io  0x6000-0x6fff]
[    0.478468] pci 0000:00:17.0:   bridge window [mem 0xca600000-0xca6fffff]
[    0.478491] pci 0000:00:17.0:   bridge window [mem 0xd8c00000-0xd8cfffff 64bit pref]
[    0.478540] pci 0000:00:17.1: PCI bridge to [bus 14-14]
[    0.478553] pci 0000:00:17.1:   bridge window [io  0xa000-0xafff]
[    0.478588] pci 0000:00:17.1:   bridge window [mem 0xcaa00000-0xcaafffff]
[    0.478611] pci 0000:00:17.1:   bridge window [mem 0xd9000000-0xd90fffff 64bit pref]
[    0.478660] pci 0000:00:17.2: PCI bridge to [bus 15-15]
[    0.478673] pci 0000:00:17.2:   bridge window [io  0xe000-0xefff]
[    0.478708] pci 0000:00:17.2:   bridge window [mem 0xcae00000-0xcaefffff]
[    0.478731] pci 0000:00:17.2:   bridge window [mem 0xd9400000-0xd94fffff 64bit pref]
[    0.478780] pci 0000:00:17.3: PCI bridge to [bus 16-16]
[    0.478814] pci 0000:00:17.3:   bridge window [mem 0xcb200000-0xcb2fffff]
[    0.478837] pci 0000:00:17.3:   bridge window [mem 0xd9800000-0xd98fffff 64bit pref]
[    0.478886] pci 0000:00:17.4: PCI bridge to [bus 17-17]
[    0.478929] pci 0000:00:17.4:   bridge window [mem 0xcb600000-0xcb6fffff]
[    0.478957] pci 0000:00:17.4:   bridge window [mem 0xd9c00000-0xd9cfffff 64bit pref]
[    0.479006] pci 0000:00:17.5: PCI bridge to [bus 18-18]
[    0.479040] pci 0000:00:17.5:   bridge window [mem 0xcba00000-0xcbafffff]
[    0.479064] pci 0000:00:17.5:   bridge window [mem 0xda000000-0xda0fffff 64bit pref]
[    0.479113] pci 0000:00:17.6: PCI bridge to [bus 19-19]
[    0.479117] pci 0000:00:17.6:   bridge window [mem 0xcbe00000-0xcbefffff]
[    0.479180] pci 0000:00:17.6:   bridge window [mem 0xda400000-0xda4fffff 64bit pref]
[    0.479230] pci 0000:00:17.7: PCI bridge to [bus 1a-1a]
[    0.479264] pci 0000:00:17.7:   bridge window [mem 0xcc200000-0xcc2fffff]
[    0.479288] pci 0000:00:17.7:   bridge window [mem 0xda800000-0xda8fffff 64bit pref]
[    0.479336] pci 0000:00:18.0: PCI bridge to [bus 1b-1b]
[    0.479350] pci 0000:00:18.0:   bridge window [io  0x7000-0x7fff]
[    0.479384] pci 0000:00:18.0:   bridge window [mem 0xca700000-0xca7fffff]
[    0.479408] pci 0000:00:18.0:   bridge window [mem 0xd8d00000-0xd8dfffff 64bit pref]
[    0.479456] pci 0000:00:18.1: PCI bridge to [bus 1c-1c]
[    0.479470] pci 0000:00:18.1:   bridge window [io  0xb000-0xbfff]
[    0.479504] pci 0000:00:18.1:   bridge window [mem 0xcab00000-0xcabfffff]
[    0.479528] pci 0000:00:18.1:   bridge window [mem 0xd9100000-0xd91fffff 64bit pref]
[    0.479577] pci 0000:00:18.2: PCI bridge to [bus 1d-1d]
[    0.479611] pci 0000:00:18.2:   bridge window [mem 0xcaf00000-0xcaffffff]
[    0.479635] pci 0000:00:18.2:   bridge window [mem 0xd9500000-0xd95fffff 64bit pref]
[    0.479683] pci 0000:00:18.3: PCI bridge to [bus 1e-1e]
[    0.479717] pci 0000:00:18.3:   bridge window [mem 0xcb300000-0xcb3fffff]
[    0.479741] pci 0000:00:18.3:   bridge window [mem 0xd9900000-0xd99fffff 64bit pref]
[    0.479789] pci 0000:00:18.4: PCI bridge to [bus 1f-1f]
[    0.479824] pci 0000:00:18.4:   bridge window [mem 0xcb700000-0xcb7fffff]
[    0.479847] pci 0000:00:18.4:   bridge window [mem 0xd9d00000-0xd9dfffff 64bit pref]
[    0.479896] pci 0000:00:18.5: PCI bridge to [bus 20-20]
[    0.479948] pci 0000:00:18.5:   bridge window [mem 0xcbb00000-0xcbbfffff]
[    0.479986] pci 0000:00:18.5:   bridge window [mem 0xda100000-0xda1fffff 64bit pref]
[    0.480039] pci 0000:00:18.6: PCI bridge to [bus 21-21]
[    0.480079] pci 0000:00:18.6:   bridge window [mem 0xcbf00000-0xcbffffff]
[    0.480106] pci 0000:00:18.6:   bridge window [mem 0xda500000-0xda5fffff 64bit pref]
[    0.480159] pci 0000:00:18.7: PCI bridge to [bus 22-22]
[    0.480198] pci 0000:00:18.7:   bridge window [mem 0xcc300000-0xcc3fffff]
[    0.480225] pci 0000:00:18.7:   bridge window [mem 0xda900000-0xda9fffff 64bit pref]
[    0.480277] pci 0000:00:01.0: setting latency timer to 64
[    0.480330] pci 0000:00:15.0: setting latency timer to 64
[    0.480382] pci 0000:00:15.1: setting latency timer to 64
[    0.480435] pci 0000:00:15.2: setting latency timer to 64
[    0.480488] pci 0000:00:15.3: setting latency timer to 64
[    0.480540] pci 0000:00:15.4: setting latency timer to 64
[    0.480593] pci 0000:00:15.5: setting latency timer to 64
[    0.480645] pci 0000:00:15.6: setting latency timer to 64
[    0.480698] pci 0000:00:15.7: setting latency timer to 64
[    0.480750] pci 0000:00:16.0: setting latency timer to 64
[    0.480803] pci 0000:00:16.1: setting latency timer to 64
[    0.480855] pci 0000:00:16.2: setting latency timer to 64
[    0.480908] pci 0000:00:16.3: setting latency timer to 64
[    0.480960] pci 0000:00:16.4: setting latency timer to 64
[    0.481013] pci 0000:00:16.5: setting latency timer to 64
[    0.481065] pci 0000:00:16.6: setting latency timer to 64
[    0.481118] pci 0000:00:16.7: setting latency timer to 64
[    0.481170] pci 0000:00:17.0: setting latency timer to 64
[    0.481223] pci 0000:00:17.1: setting latency timer to 64
[    0.481276] pci 0000:00:17.2: setting latency timer to 64
[    0.481328] pci 0000:00:17.3: setting latency timer to 64
[    0.481381] pci 0000:00:17.4: setting latency timer to 64
[    0.481433] pci 0000:00:17.5: setting latency timer to 64
[    0.481486] pci 0000:00:17.6: setting latency timer to 64
[    0.481538] pci 0000:00:17.7: setting latency timer to 64
[    0.481591] pci 0000:00:18.0: setting latency timer to 64
[    0.481643] pci 0000:00:18.1: setting latency timer to 64
[    0.481696] pci 0000:00:18.2: setting latency timer to 64
[    0.481748] pci 0000:00:18.3: setting latency timer to 64
[    0.481801] pci 0000:00:18.4: setting latency timer to 64
[    0.481853] pci 0000:00:18.5: setting latency timer to 64
[    0.481906] pci 0000:00:18.6: setting latency timer to 64
[    0.481958] pci 0000:00:18.7: setting latency timer to 64
[    0.481974] pci_bus 0000:00: resource 4 [mem 0x000a0000-0x000bffff]
[    0.481977] pci_bus 0000:00: resource 5 [mem 0x000cc000-0x000cffff]
[    0.481980] pci_bus 0000:00: resource 6 [mem 0x000d0000-0x000d3fff]
[    0.481982] pci_bus 0000:00: resource 7 [mem 0x000d4000-0x000d7fff]
[    0.481985] pci_bus 0000:00: resource 8 [mem 0x000d8000-0x000dbfff]
[    0.481988] pci_bus 0000:00: resource 9 [mem 0xc0000000-0xfebfffff]
[    0.481991] pci_bus 0000:00: resource 10 [io  0x0000-0x0cf7]
[    0.481993] pci_bus 0000:00: resource 11 [io  0x0d00-0xfeff]
[    0.481996] pci_bus 0000:02: resource 0 [io  0x2000-0x3fff]
[    0.481999] pci_bus 0000:02: resource 1 [mem 0xc9000000-0xca3fffff]
[    0.482002] pci_bus 0000:02: resource 2 [mem 0xd8400000-0xd89fffff 64bit pref]
[    0.482005] pci_bus 0000:02: resource 4 [mem 0x000a0000-0x000bffff]
[    0.482007] pci_bus 0000:02: resource 5 [mem 0x000cc000-0x000cffff]
[    0.482010] pci_bus 0000:02: resource 6 [mem 0x000d0000-0x000d3fff]
[    0.482013] pci_bus 0000:02: resource 7 [mem 0x000d4000-0x000d7fff]
[    0.482015] pci_bus 0000:02: resource 8 [mem 0x000d8000-0x000dbfff]
[    0.482018] pci_bus 0000:02: resource 9 [mem 0xc0000000-0xfebfffff]
[    0.482021] pci_bus 0000:02: resource 10 [io  0x0000-0x0cf7]
[    0.482023] pci_bus 0000:02: resource 11 [io  0x0d00-0xfeff]
[    0.482026] pci_bus 0000:03: resource 0 [io  0x4000-0x4fff]
[    0.482029] pci_bus 0000:03: resource 1 [mem 0xca400000-0xca4fffff]
[    0.482032] pci_bus 0000:03: resource 2 [mem 0xd8a00000-0xd8afffff 64bit pref]
[    0.482034] pci_bus 0000:04: resource 0 [io  0x8000-0x8fff]
[    0.482037] pci_bus 0000:04: resource 1 [mem 0xca800000-0xca8fffff]
[    0.482040] pci_bus 0000:04: resource 2 [mem 0xd8e00000-0xd8efffff 64bit pref]
[    0.482043] pci_bus 0000:05: resource 0 [io  0xc000-0xcfff]
[    0.482045] pci_bus 0000:05: resource 1 [mem 0xcac00000-0xcacfffff]
[    0.482048] pci_bus 0000:05: resource 2 [mem 0xd9200000-0xd92fffff 64bit pref]
[    0.482051] pci_bus 0000:06: resource 1 [mem 0xcb000000-0xcb0fffff]
[    0.482054] pci_bus 0000:06: resource 2 [mem 0xd9600000-0xd96fffff 64bit pref]
[    0.482056] pci_bus 0000:07: resource 1 [mem 0xcb400000-0xcb4fffff]
[    0.482059] pci_bus 0000:07: resource 2 [mem 0xd9a00000-0xd9afffff 64bit pref]
[    0.482062] pci_bus 0000:08: resource 1 [mem 0xcb800000-0xcb8fffff]
[    0.482065] pci_bus 0000:08: resource 2 [mem 0xd9e00000-0xd9efffff 64bit pref]
[    0.482068] pci_bus 0000:09: resource 1 [mem 0xcbc00000-0xcbcfffff]
[    0.482070] pci_bus 0000:09: resource 2 [mem 0xda200000-0xda2fffff 64bit pref]
[    0.482073] pci_bus 0000:0a: resource 1 [mem 0xcc000000-0xcc0fffff]
[    0.482076] pci_bus 0000:0a: resource 2 [mem 0xda600000-0xda6fffff 64bit pref]
[    0.482079] pci_bus 0000:0b: resource 0 [io  0x5000-0x5fff]
[    0.482082] pci_bus 0000:0b: resource 1 [mem 0xca500000-0xca5fffff]
[    0.482085] pci_bus 0000:0b: resource 2 [mem 0xd8b00000-0xd8bfffff 64bit pref]
[    0.482087] pci_bus 0000:0c: resource 0 [io  0x9000-0x9fff]
[    0.482090] pci_bus 0000:0c: resource 1 [mem 0xca900000-0xca9fffff]
[    0.482093] pci_bus 0000:0c: resource 2 [mem 0xd8f00000-0xd8ffffff 64bit pref]
[    0.482096] pci_bus 0000:0d: resource 0 [io  0xd000-0xdfff]
[    0.482098] pci_bus 0000:0d: resource 1 [mem 0xcad00000-0xcadfffff]
[    0.482101] pci_bus 0000:0d: resource 2 [mem 0xd9300000-0xd93fffff 64bit pref]
[    0.482104] pci_bus 0000:0e: resource 1 [mem 0xcb100000-0xcb1fffff]
[    0.482107] pci_bus 0000:0e: resource 2 [mem 0xd9700000-0xd97fffff 64bit pref]
[    0.482110] pci_bus 0000:0f: resource 1 [mem 0xcb500000-0xcb5fffff]
[    0.482112] pci_bus 0000:0f: resource 2 [mem 0xd9b00000-0xd9bfffff 64bit pref]
[    0.482115] pci_bus 0000:10: resource 1 [mem 0xcb900000-0xcb9fffff]
[    0.482118] pci_bus 0000:10: resource 2 [mem 0xd9f00000-0xd9ffffff 64bit pref]
[    0.482121] pci_bus 0000:11: resource 1 [mem 0xcbd00000-0xcbdfffff]
[    0.482124] pci_bus 0000:11: resource 2 [mem 0xda300000-0xda3fffff 64bit pref]
[    0.482127] pci_bus 0000:12: resource 1 [mem 0xcc100000-0xcc1fffff]
[    0.482129] pci_bus 0000:12: resource 2 [mem 0xda700000-0xda7fffff 64bit pref]
[    0.482132] pci_bus 0000:13: resource 0 [io  0x6000-0x6fff]
[    0.482135] pci_bus 0000:13: resource 1 [mem 0xca600000-0xca6fffff]
[    0.482138] pci_bus 0000:13: resource 2 [mem 0xd8c00000-0xd8cfffff 64bit pref]
[    0.482140] pci_bus 0000:14: resource 0 [io  0xa000-0xafff]
[    0.482143] pci_bus 0000:14: resource 1 [mem 0xcaa00000-0xcaafffff]
[    0.482146] pci_bus 0000:14: resource 2 [mem 0xd9000000-0xd90fffff 64bit pref]
[    0.482149] pci_bus 0000:15: resource 0 [io  0xe000-0xefff]
[    0.482151] pci_bus 0000:15: resource 1 [mem 0xcae00000-0xcaefffff]
[    0.482154] pci_bus 0000:15: resource 2 [mem 0xd9400000-0xd94fffff 64bit pref]
[    0.482157] pci_bus 0000:16: resource 1 [mem 0xcb200000-0xcb2fffff]
[    0.482160] pci_bus 0000:16: resource 2 [mem 0xd9800000-0xd98fffff 64bit pref]
[    0.482163] pci_bus 0000:17: resource 1 [mem 0xcb600000-0xcb6fffff]
[    0.482165] pci_bus 0000:17: resource 2 [mem 0xd9c00000-0xd9cfffff 64bit pref]
[    0.482168] pci_bus 0000:18: resource 1 [mem 0xcba00000-0xcbafffff]
[    0.482171] pci_bus 0000:18: resource 2 [mem 0xda000000-0xda0fffff 64bit pref]
[    0.482174] pci_bus 0000:19: resource 1 [mem 0xcbe00000-0xcbefffff]
[    0.482177] pci_bus 0000:19: resource 2 [mem 0xda400000-0xda4fffff 64bit pref]
[    0.482179] pci_bus 0000:1a: resource 1 [mem 0xcc200000-0xcc2fffff]
[    0.482182] pci_bus 0000:1a: resource 2 [mem 0xda800000-0xda8fffff 64bit pref]
[    0.482185] pci_bus 0000:1b: resource 0 [io  0x7000-0x7fff]
[    0.482188] pci_bus 0000:1b: resource 1 [mem 0xca700000-0xca7fffff]
[    0.482190] pci_bus 0000:1b: resource 2 [mem 0xd8d00000-0xd8dfffff 64bit pref]
[    0.482193] pci_bus 0000:1c: resource 0 [io  0xb000-0xbfff]
[    0.482196] pci_bus 0000:1c: resource 1 [mem 0xcab00000-0xcabfffff]
[    0.482199] pci_bus 0000:1c: resource 2 [mem 0xd9100000-0xd91fffff 64bit pref]
[    0.482202] pci_bus 0000:1d: resource 1 [mem 0xcaf00000-0xcaffffff]
[    0.482204] pci_bus 0000:1d: resource 2 [mem 0xd9500000-0xd95fffff 64bit pref]
[    0.482207] pci_bus 0000:1e: resource 1 [mem 0xcb300000-0xcb3fffff]
[    0.482210] pci_bus 0000:1e: resource 2 [mem 0xd9900000-0xd99fffff 64bit pref]
[    0.482213] pci_bus 0000:1f: resource 1 [mem 0xcb700000-0xcb7fffff]
[    0.482216] pci_bus 0000:1f: resource 2 [mem 0xd9d00000-0xd9dfffff 64bit pref]
[    0.482219] pci_bus 0000:20: resource 1 [mem 0xcbb00000-0xcbbfffff]
[    0.482221] pci_bus 0000:20: resource 2 [mem 0xda100000-0xda1fffff 64bit pref]
[    0.482224] pci_bus 0000:21: resource 1 [mem 0xcbf00000-0xcbffffff]
[    0.482227] pci_bus 0000:21: resource 2 [mem 0xda500000-0xda5fffff 64bit pref]
[    0.482230] pci_bus 0000:22: resource 1 [mem 0xcc300000-0xcc3fffff]
[    0.482233] pci_bus 0000:22: resource 2 [mem 0xda900000-0xda9fffff 64bit pref]
[    0.482273] NET: Registered protocol family 2
[    0.482326] IP route cache hash table entries: 32768 (order: 5, 131072 bytes)
[    0.482378] TCP established hash table entries: 131072 (order: 8, 1048576 bytes)
[    0.482431] TCP bind hash table entries: 65536 (order: 7, 524288 bytes)
[    0.482483] TCP: Hash tables configured (established 131072 bind 65536)
[    0.482487] TCP reno registered
[    0.482490] UDP hash table entries: 512 (order: 2, 16384 bytes)
[    0.482500] UDP-Lite hash table entries: 512 (order: 2, 16384 bytes)
[    0.482552] NET: Registered protocol family 1
[    0.482563] pci 0000:00:00.0: Limiting direct PCI/PCI transfers
[    0.482615] pci 0000:00:0f.0: Boot video device
[    0.483218] ACPI: PCI Interrupt Link [LNKC] enabled at IRQ 10
[    0.483221] PCI: setting IRQ 10 as level-triggered
[    0.483256] pci 0000:02:00.0: PCI INT A -> Link[LNKC] -> GSI 10 (level, low) -> IRQ 10
[    0.483366] pci 0000:02:00.0: PCI INT A disabled
[    0.483418] ACPI: PCI Interrupt Link [LNKB] enabled at IRQ 11
[    0.483421] PCI: setting IRQ 11 as level-triggered
[    0.483427] pci 0000:02:03.0: PCI INT A -> Link[LNKB] -> GSI 11 (level, low) -> IRQ 11
[    0.483479] pci 0000:02:03.0: PCI INT A disabled
[    0.483497] PCI: CLS 32 bytes, default 64
[    0.483563] Simple Boot Flag at 0x36 set to 0x1
[    0.483580] Switching to clocksource tsc
[    0.483826] audit: initializing netlink socket (disabled)
[    0.483834] type=2000 audit(1369635558.464:1): initialized
[    0.495264] Trying to unpack rootfs image as initramfs...
[    0.511377] highmem bounce pool size: 64 pages
[    0.511385] HugeTLB registered 2 MB page size, pre-allocated 0 pages
[    0.519248] VFS: Disk quotas dquot_6.5.2
[    0.519299] Dquot-cache hash table entries: 1024 (order 0, 4096 bytes)
[    0.519413] fuse init (API version 7.17)
[    0.519473] msgmni has been set to 1710
[    0.531249] Block layer SCSI generic (bsg) driver version 0.4 loaded (major 253)
[    0.531286] io scheduler noop registered
[    0.531289] io scheduler deadline registered
[    0.531297] io scheduler cfq registered (default)
[    0.531350] pcieport 0000:00:15.0: setting latency timer to 64
[    0.531403] pcieport 0000:00:15.0: irq 40 for MSI/MSI-X
[    0.531455] pcieport 0000:00:15.1: setting latency timer to 64
[    0.531508] pcieport 0000:00:15.1: irq 41 for MSI/MSI-X
[    0.531560] pcieport 0000:00:15.2: setting latency timer to 64
[    0.531613] pcieport 0000:00:15.2: irq 42 for MSI/MSI-X
[    0.531665] pcieport 0000:00:15.3: setting latency timer to 64
[    0.531718] pcieport 0000:00:15.3: irq 43 for MSI/MSI-X
[    0.531770] pcieport 0000:00:15.4: setting latency timer to 64
[    0.531823] pcieport 0000:00:15.4: irq 44 for MSI/MSI-X
[    0.531875] pcieport 0000:00:15.5: setting latency timer to 64
[    0.531928] pcieport 0000:00:15.5: irq 45 for MSI/MSI-X
[    0.531980] pcieport 0000:00:15.6: setting latency timer to 64
[    0.532033] pcieport 0000:00:15.6: irq 46 for MSI/MSI-X
[    0.532085] pcieport 0000:00:15.7: setting latency timer to 64
[    0.532138] pcieport 0000:00:15.7: irq 47 for MSI/MSI-X
[    0.532191] pcieport 0000:00:16.0: setting latency timer to 64
[    0.532243] pcieport 0000:00:16.0: irq 48 for MSI/MSI-X
[    0.532296] pcieport 0000:00:16.1: setting latency timer to 64
[    0.532348] pcieport 0000:00:16.1: irq 49 for MSI/MSI-X
[    0.532401] pcieport 0000:00:16.2: setting latency timer to 64
[    0.532453] pcieport 0000:00:16.2: irq 50 for MSI/MSI-X
[    0.532506] pcieport 0000:00:16.3: setting latency timer to 64
[    0.532558] pcieport 0000:00:16.3: irq 51 for MSI/MSI-X
[    0.532611] pcieport 0000:00:16.4: setting latency timer to 64
[    0.532663] pcieport 0000:00:16.4: irq 52 for MSI/MSI-X
[    0.532716] pcieport 0000:00:16.5: setting latency timer to 64
[    0.532768] pcieport 0000:00:16.5: irq 53 for MSI/MSI-X
[    0.532821] pcieport 0000:00:16.6: setting latency timer to 64
[    0.532873] pcieport 0000:00:16.6: irq 54 for MSI/MSI-X
[    0.532926] pcieport 0000:00:16.7: setting latency timer to 64
[    0.532979] pcieport 0000:00:16.7: irq 55 for MSI/MSI-X
[    0.533031] pcieport 0000:00:17.0: setting latency timer to 64
[    0.533084] pcieport 0000:00:17.0: irq 56 for MSI/MSI-X
[    0.533136] pcieport 0000:00:17.1: setting latency timer to 64
[    0.533189] pcieport 0000:00:17.1: irq 57 for MSI/MSI-X
[    0.533241] pcieport 0000:00:17.2: setting latency timer to 64
[    0.533294] pcieport 0000:00:17.2: irq 58 for MSI/MSI-X
[    0.533346] pcieport 0000:00:17.3: setting latency timer to 64
[    0.533399] pcieport 0000:00:17.3: irq 59 for MSI/MSI-X
[    0.533451] pcieport 0000:00:17.4: setting latency timer to 64
[    0.533504] pcieport 0000:00:17.4: irq 60 for MSI/MSI-X
[    0.533556] pcieport 0000:00:17.5: setting latency timer to 64
[    0.533609] pcieport 0000:00:17.5: irq 61 for MSI/MSI-X
[    0.533661] pcieport 0000:00:17.6: setting latency timer to 64
[    0.533714] pcieport 0000:00:17.6: irq 62 for MSI/MSI-X
[    0.533766] pcieport 0000:00:17.7: setting latency timer to 64
[    0.533819] pcieport 0000:00:17.7: irq 63 for MSI/MSI-X
[    0.533872] pcieport 0000:00:18.0: setting latency timer to 64
[    0.533924] pcieport 0000:00:18.0: irq 64 for MSI/MSI-X
[    0.533977] pcieport 0000:00:18.1: setting latency timer to 64
[    0.534029] pcieport 0000:00:18.1: irq 65 for MSI/MSI-X
[    0.534082] pcieport 0000:00:18.2: setting latency timer to 64
[    0.534134] pcieport 0000:00:18.2: irq 66 for MSI/MSI-X
[    0.534187] pcieport 0000:00:18.3: setting latency timer to 64
[    0.534239] pcieport 0000:00:18.3: irq 67 for MSI/MSI-X
[    0.534292] pcieport 0000:00:18.4: setting latency timer to 64
[    0.534344] pcieport 0000:00:18.4: irq 68 for MSI/MSI-X
[    0.534397] pcieport 0000:00:18.5: setting latency timer to 64
[    0.534449] pcieport 0000:00:18.5: irq 69 for MSI/MSI-X
[    0.534502] pcieport 0000:00:18.6: setting latency timer to 64
[    0.534554] pcieport 0000:00:18.6: irq 70 for MSI/MSI-X
[    0.535115] pcieport 0000:00:18.7: setting latency timer to 64
[    0.539196] pcieport 0000:00:18.7: irq 71 for MSI/MSI-X
[    0.539248] pcieport 0000:00:15.0: Signaling PME through PCIe PME interrupt
[    0.539277] pcie_pme 0000:00:15.0:pcie01: service driver pcie_pme loaded
[    0.539330] pcieport 0000:00:15.1: Signaling PME through PCIe PME interrupt
[    0.539362] pcie_pme 0000:00:15.1:pcie01: service driver pcie_pme loaded
[    0.539415] pcieport 0000:00:15.2: Signaling PME through PCIe PME interrupt
[    0.539453] pcie_pme 0000:00:15.2:pcie01: service driver pcie_pme loaded
[    0.539505] pcieport 0000:00:15.3: Signaling PME through PCIe PME interrupt
[    0.539534] pcie_pme 0000:00:15.3:pcie01: service driver pcie_pme loaded
[    0.539586] pcieport 0000:00:15.4: Signaling PME through PCIe PME interrupt
[    0.539615] pcie_pme 0000:00:15.4:pcie01: service driver pcie_pme loaded
[    0.539667] pcieport 0000:00:15.5: Signaling PME through PCIe PME interrupt
[    0.539695] pcie_pme 0000:00:15.5:pcie01: service driver pcie_pme loaded
[    0.539748] pcieport 0000:00:15.6: Signaling PME through PCIe PME interrupt
[    0.539777] pcie_pme 0000:00:15.6:pcie01: service driver pcie_pme loaded
[    0.539829] pcieport 0000:00:15.7: Signaling PME through PCIe PME interrupt
[    0.539860] pcie_pme 0000:00:15.7:pcie01: service driver pcie_pme loaded
[    0.539913] pcieport 0000:00:16.0: Signaling PME through PCIe PME interrupt
[    0.539941] pcie_pme 0000:00:16.0:pcie01: service driver pcie_pme loaded
[    0.539994] pcieport 0000:00:16.1: Signaling PME through PCIe PME interrupt
[    0.540023] pcie_pme 0000:00:16.1:pcie01: service driver pcie_pme loaded
[    0.540076] pcieport 0000:00:16.2: Signaling PME through PCIe PME interrupt
[    0.540105] pcie_pme 0000:00:16.2:pcie01: service driver pcie_pme loaded
[    0.540157] pcieport 0000:00:16.3: Signaling PME through PCIe PME interrupt
[    0.540186] pcie_pme 0000:00:16.3:pcie01: service driver pcie_pme loaded
[    0.540239] pcieport 0000:00:16.4: Signaling PME through PCIe PME interrupt
[    0.540268] pcie_pme 0000:00:16.4:pcie01: service driver pcie_pme loaded
[    0.540320] pcieport 0000:00:16.5: Signaling PME through PCIe PME interrupt
[    0.540349] pcie_pme 0000:00:16.5:pcie01: service driver pcie_pme loaded
[    0.540401] pcieport 0000:00:16.6: Signaling PME through PCIe PME interrupt
[    0.540429] pcie_pme 0000:00:16.6:pcie01: service driver pcie_pme loaded
[    0.540482] pcieport 0000:00:16.7: Signaling PME through PCIe PME interrupt
[    0.540510] pcie_pme 0000:00:16.7:pcie01: service driver pcie_pme loaded
[    0.540563] pcieport 0000:00:17.0: Signaling PME through PCIe PME interrupt
[    0.540592] pcie_pme 0000:00:17.0:pcie01: service driver pcie_pme loaded
[    0.540644] pcieport 0000:00:17.1: Signaling PME through PCIe PME interrupt
[    0.540673] pcie_pme 0000:00:17.1:pcie01: service driver pcie_pme loaded
[    0.540725] pcieport 0000:00:17.2: Signaling PME through PCIe PME interrupt
[    0.540764] pcie_pme 0000:00:17.2:pcie01: service driver pcie_pme loaded
[    0.540816] pcieport 0000:00:17.3: Signaling PME through PCIe PME interrupt
[    0.540845] pcie_pme 0000:00:17.3:pcie01: service driver pcie_pme loaded
[    0.540897] pcieport 0000:00:17.4: Signaling PME through PCIe PME interrupt
[    0.540926] pcie_pme 0000:00:17.4:pcie01: service driver pcie_pme loaded
[    0.540978] pcieport 0000:00:17.5: Signaling PME through PCIe PME interrupt
[    0.541006] pcie_pme 0000:00:17.5:pcie01: service driver pcie_pme loaded
[    0.541059] pcieport 0000:00:17.6: Signaling PME through PCIe PME interrupt
[    0.541087] pcie_pme 0000:00:17.6:pcie01: service driver pcie_pme loaded
[    0.541140] pcieport 0000:00:17.7: Signaling PME through PCIe PME interrupt
[    0.541169] pcie_pme 0000:00:17.7:pcie01: service driver pcie_pme loaded
[    0.541221] pcieport 0000:00:18.0: Signaling PME through PCIe PME interrupt
[    0.541270] pcie_pme 0000:00:18.0:pcie01: service driver pcie_pme loaded
[    0.541323] pcieport 0000:00:18.1: Signaling PME through PCIe PME interrupt
[    0.541352] pcie_pme 0000:00:18.1:pcie01: service driver pcie_pme loaded
[    0.541404] pcieport 0000:00:18.2: Signaling PME through PCIe PME interrupt
[    0.541432] pcie_pme 0000:00:18.2:pcie01: service driver pcie_pme loaded
[    0.541485] pcieport 0000:00:18.3: Signaling PME through PCIe PME interrupt
[    0.541513] pcie_pme 0000:00:18.3:pcie01: service driver pcie_pme loaded
[    0.541566] pcieport 0000:00:18.4: Signaling PME through PCIe PME interrupt
[    0.541594] pcie_pme 0000:00:18.4:pcie01: service driver pcie_pme loaded
[    0.541647] pcieport 0000:00:18.5: Signaling PME through PCIe PME interrupt
[    0.541676] pcie_pme 0000:00:18.5:pcie01: service driver pcie_pme loaded
[    0.541728] pcieport 0000:00:18.6: Signaling PME through PCIe PME interrupt
[    0.541759] pcie_pme 0000:00:18.6:pcie01: service driver pcie_pme loaded
[    0.541812] pcieport 0000:00:18.7: Signaling PME through PCIe PME interrupt
[    0.541841] pcie_pme 0000:00:18.7:pcie01: service driver pcie_pme loaded
[    0.541867] pci_hotplug: PCI Hot Plug PCI Core version: 0.5
[    0.541919] pciehp 0000:00:15.0:pcie04: HPC vendor_id 15ad device_id 7a0 ss_vid 15ad ss_did 7a0
[    0.541972] pciehp 0000:00:15.0:pcie04: service driver pciehp loaded
[    0.542024] pciehp 0000:00:15.1:pcie04: HPC vendor_id 15ad device_id 7a0 ss_vid 15ad ss_did 7a0
[    0.542077] pciehp 0000:00:15.1:pcie04: service driver pciehp loaded
[    0.542130] pciehp 0000:00:15.2:pcie04: HPC vendor_id 15ad device_id 7a0 ss_vid 15ad ss_did 7a0
[    0.542182] pciehp 0000:00:15.2:pcie04: service driver pciehp loaded
[    0.542235] pciehp 0000:00:15.3:pcie04: HPC vendor_id 15ad device_id 7a0 ss_vid 15ad ss_did 7a0
[    0.542287] pciehp 0000:00:15.3:pcie04: service driver pciehp loaded
[    0.542340] pciehp 0000:00:15.4:pcie04: HPC vendor_id 15ad device_id 7a0 ss_vid 15ad ss_did 7a0
[    0.542392] pciehp 0000:00:15.4:pcie04: service driver pciehp loaded
[    0.542445] pciehp 0000:00:15.5:pcie04: HPC vendor_id 15ad device_id 7a0 ss_vid 15ad ss_did 7a0
[    0.542497] pciehp 0000:00:15.5:pcie04: service driver pciehp loaded
[    0.542550] pciehp 0000:00:15.6:pcie04: HPC vendor_id 15ad device_id 7a0 ss_vid 15ad ss_did 7a0
[    0.542602] pciehp 0000:00:15.6:pcie04: service driver pciehp loaded
[    0.542655] pciehp 0000:00:15.7:pcie04: HPC vendor_id 15ad device_id 7a0 ss_vid 15ad ss_did 7a0
[    0.542707] pciehp 0000:00:15.7:pcie04: service driver pciehp loaded
[    0.542760] pciehp 0000:00:16.0:pcie04: HPC vendor_id 15ad device_id 7a0 ss_vid 15ad ss_did 7a0
[    0.542812] pciehp 0000:00:16.0:pcie04: service driver pciehp loaded
[    0.542865] pciehp 0000:00:16.1:pcie04: HPC vendor_id 15ad device_id 7a0 ss_vid 15ad ss_did 7a0
[    0.542918] pciehp 0000:00:16.1:pcie04: service driver pciehp loaded
[    0.542970] pciehp 0000:00:16.2:pcie04: HPC vendor_id 15ad device_id 7a0 ss_vid 15ad ss_did 7a0
[    0.543023] pciehp 0000:00:16.2:pcie04: service driver pciehp loaded
[    0.547177] pciehp 0000:00:16.3:pcie04: HPC vendor_id 15ad device_id 7a0 ss_vid 15ad ss_did 7a0
[    0.547230] pciehp 0000:00:16.3:pcie04: service driver pciehp loaded
[    0.547282] pciehp 0000:00:16.4:pcie04: HPC vendor_id 15ad device_id 7a0 ss_vid 15ad ss_did 7a0
[    0.547335] pciehp 0000:00:16.4:pcie04: service driver pciehp loaded
[    0.547387] pciehp 0000:00:16.5:pcie04: HPC vendor_id 15ad device_id 7a0 ss_vid 15ad ss_did 7a0
[    0.547440] pciehp 0000:00:16.5:pcie04: service driver pciehp loaded
[    0.547492] pciehp 0000:00:16.6:pcie04: HPC vendor_id 15ad device_id 7a0 ss_vid 15ad ss_did 7a0
[    0.547545] pciehp 0000:00:16.6:pcie04: service driver pciehp loaded
[    0.547597] pciehp 0000:00:16.7:pcie04: HPC vendor_id 15ad device_id 7a0 ss_vid 15ad ss_did 7a0
[    0.547650] pciehp 0000:00:16.7:pcie04: service driver pciehp loaded
[    0.547703] pciehp 0000:00:17.0:pcie04: HPC vendor_id 15ad device_id 7a0 ss_vid 15ad ss_did 7a0
[    0.547755] pciehp 0000:00:17.0:pcie04: service driver pciehp loaded
[    0.547808] pciehp 0000:00:17.1:pcie04: HPC vendor_id 15ad device_id 7a0 ss_vid 15ad ss_did 7a0
[    0.547860] pciehp 0000:00:17.1:pcie04: service driver pciehp loaded
[    0.547913] pciehp 0000:00:17.2:pcie04: HPC vendor_id 15ad device_id 7a0 ss_vid 15ad ss_did 7a0
[    0.547965] pciehp 0000:00:17.2:pcie04: service driver pciehp loaded
[    0.548018] pciehp 0000:00:17.3:pcie04: HPC vendor_id 15ad device_id 7a0 ss_vid 15ad ss_did 7a0
[    0.548070] pciehp 0000:00:17.3:pcie04: service driver pciehp loaded
[    0.548123] pciehp 0000:00:17.4:pcie04: HPC vendor_id 15ad device_id 7a0 ss_vid 15ad ss_did 7a0
[    0.548175] pciehp 0000:00:17.4:pcie04: service driver pciehp loaded
[    0.548228] pciehp 0000:00:17.5:pcie04: HPC vendor_id 15ad device_id 7a0 ss_vid 15ad ss_did 7a0
[    0.548280] pciehp 0000:00:17.5:pcie04: service driver pciehp loaded
[    0.548333] pciehp 0000:00:17.6:pcie04: HPC vendor_id 15ad device_id 7a0 ss_vid 15ad ss_did 7a0
[    0.548385] pciehp 0000:00:17.6:pcie04: service driver pciehp loaded
[    0.548438] pciehp 0000:00:17.7:pcie04: HPC vendor_id 15ad device_id 7a0 ss_vid 15ad ss_did 7a0
[    0.548491] pciehp 0000:00:17.7:pcie04: service driver pciehp loaded
[    0.548543] pciehp 0000:00:18.0:pcie04: HPC vendor_id 15ad device_id 7a0 ss_vid 15ad ss_did 7a0
[    0.548596] pciehp 0000:00:18.0:pcie04: service driver pciehp loaded
[    0.548648] pciehp 0000:00:18.1:pcie04: HPC vendor_id 15ad device_id 7a0 ss_vid 15ad ss_did 7a0
[    0.548701] pciehp 0000:00:18.1:pcie04: service driver pciehp loaded
[    0.548753] pciehp 0000:00:18.2:pcie04: HPC vendor_id 15ad device_id 7a0 ss_vid 15ad ss_did 7a0
[    0.548806] pciehp 0000:00:18.2:pcie04: service driver pciehp loaded
[    0.548858] pciehp 0000:00:18.3:pcie04: HPC vendor_id 15ad device_id 7a0 ss_vid 15ad ss_did 7a0
[    0.548911] pciehp 0000:00:18.3:pcie04: service driver pciehp loaded
[    0.548963] pciehp 0000:00:18.4:pcie04: HPC vendor_id 15ad device_id 7a0 ss_vid 15ad ss_did 7a0
[    0.549016] pciehp 0000:00:18.4:pcie04: service driver pciehp loaded
[    0.549068] pciehp 0000:00:18.5:pcie04: HPC vendor_id 15ad device_id 7a0 ss_vid 15ad ss_did 7a0
[    0.549121] pciehp 0000:00:18.5:pcie04: service driver pciehp loaded
[    0.549173] pciehp 0000:00:18.6:pcie04: HPC vendor_id 15ad device_id 7a0 ss_vid 15ad ss_did 7a0
[    0.549226] pciehp 0000:00:18.6:pcie04: service driver pciehp loaded
[    0.549279] pciehp 0000:00:18.7:pcie04: HPC vendor_id 15ad device_id 7a0 ss_vid 15ad ss_did 7a0
[    0.549331] pciehp 0000:00:18.7:pcie04: service driver pciehp loaded
[    0.549339] pciehp: PCI Express Hot Plug Controller Driver version: 0.4
[    0.549391] ACPI: Deprecated procfs I/F for AC is loaded, please retry with CONFIG_ACPI_PROCFS_POWER cleared
[    0.549448] ACPI: AC Adapter [ACAD] (on-line)
[    0.549519] input: Power Button as /devices/LNXSYSTM:00/LNXPWRBN:00/input/input0
[    0.549524] ACPI: Power Button [PWRF]
[    0.571142] ERST: Table is not found!
[    0.571146] GHES: HEST is not enabled!
[    0.571247] Serial: 8250/16550 driver, 32 ports, IRQ sharing enabled
[    0.594983] serial8250: ttyS0 at I/O 0x3f8 (irq = 4) is a 16550A
[    0.595056] isapnp: Scanning for PnP cards...
[    0.730921] serial8250: ttyS1 at I/O 0x2f8 (irq = 3) is a 16550A
[    0.774701] 00:0a: ttyS0 at I/O 0x3f8 (irq = 4) is a 16550A
[    0.862722] 00:0b: ttyS1 at I/O 0x2f8 (irq = 3) is a 16550A
[    0.882817] Linux agpgart interface v0.103
[    0.882869] agpgart-intel 0000:00:00.0: Intel 440BX Chipset
[    0.882955] agpgart-intel 0000:00:00.0: AGP aperture is 256M @ 0x0
[    0.883666] brd: module loaded
[    0.884144] loop: module loaded
[    0.884195] ata_piix 0000:00:07.1: version 2.13
[    0.886642] scsi0 : ata_piix
[    0.886712] scsi1 : ata_piix
[    0.886743] ata1: PATA max UDMA/33 cmd 0x1f0 ctl 0x3f6 bmdma 0x10c0 irq 14
[    0.886745] ata2: PATA max UDMA/33 cmd 0x170 ctl 0x376 bmdma 0x10c8 irq 15
[    0.886800] Fixed MDIO Bus: probed
[    0.886813] tun: Universal TUN/TAP device driver, 1.6
[    0.886814] tun: (C) 1999-2004 Max Krasnyansky <maxk@qualcomm.com>
[    0.886867] PPP generic driver version 2.4.2
[    0.886927] ehci_hcd: USB 2.0 'Enhanced' Host Controller (EHCI) Driver
[    0.886960] ehci_hcd 0000:02:03.0: PCI INT A -> Link[LNKB] -> GSI 11 (level, low) -> IRQ 11
[    0.887007] ehci_hcd 0000:02:03.0: EHCI Host Controller
[    0.887047] ehci_hcd 0000:02:03.0: new USB bus registered, assigned bus number 1
[    0.887099] ehci_hcd 0000:02:03.0: cache line size of 32 is not supported
[    0.887107] ehci_hcd 0000:02:03.0: irq 11, io mem 0xc9000000
[    0.938260] ehci_hcd 0000:02:03.0: USB 2.0 started, EHCI 1.00
[    1.022478] hub 1-0:1.0: USB hub found
[    1.022484] hub 1-0:1.0: 6 ports detected
[    1.022536] ohci_hcd: USB 1.1 'Open' Host Controller (OHCI) Driver
[    1.022551] uhci_hcd: USB Universal Host Controller Interface driver
[    1.022596] uhci_hcd 0000:02:00.0: PCI INT A -> Link[LNKC] -> GSI 10 (level, low) -> IRQ 10
[    1.022638] uhci_hcd 0000:02:00.0: UHCI Host Controller
[    1.022687] uhci_hcd 0000:02:00.0: new USB bus registered, assigned bus number 2
[    1.022796] uhci_hcd 0000:02:00.0: irq 10, io base 0x000020c0
[    1.022912] hub 2-0:1.0: USB hub found
[    1.022916] hub 2-0:1.0: 2 ports detected
[    1.022968] usbcore: registered new interface driver libusual
[    1.023006] i8042: PNP: PS/2 Controller [PNP0303:KBC,PNP0f13:MOUS] at 0x60,0x64 irq 1,12
[    1.023341] serio: i8042 KBD port at 0x60,0x64 irq 1
[    1.023349] serio: i8042 AUX port at 0x60,0x64 irq 12
[    1.023454] mousedev: PS/2 mouse device common for all mice
[    1.078659] rtc_cmos 00:04: rtc core: registered rtc_cmos as rtc0
[    1.078735] rtc0: alarms up to one month, y3k, 114 bytes nvram, hpet irqs
[    1.078787] device-mapper: uevent: version 1.0.3
[    1.078841] device-mapper: ioctl: 4.22.0-ioctl (2011-10-19) initialised: dm-devel@redhat.com
[    1.078876] EISA: Probing bus 0 at eisa.0
[    1.078878] EISA: Cannot allocate resource for mainboard
[    1.078880] Cannot allocate resource for EISA slot 1
[    1.078882] Cannot allocate resource for EISA slot 2
[    1.078883] Cannot allocate resource for EISA slot 3
[    1.078885] Cannot allocate resource for EISA slot 4
[    1.078887] Cannot allocate resource for EISA slot 5
[    1.078888] Cannot allocate resource for EISA slot 6
[    1.078890] Cannot allocate resource for EISA slot 7
[    1.078891] Cannot allocate resource for EISA slot 8
[    1.078893] EISA: Detected 0 cards.
[    1.078900] cpufreq-nforce2: No nForce2 chipset.
[    1.078903] cpuidle: using governor ladder
[    1.078904] cpuidle: using governor menu
[    1.078906] EFI Variables Facility v0.08 2004-May-17
[    1.078958] TCP cubic registered
[    1.079010] NET: Registered protocol family 10
[    1.079061] NET: Registered protocol family 17
[    1.079067] Registering the dns_resolver key type
[    1.079081] Using IPI No-Shortcut mode
[    1.079145] PM: Hibernation image not present or could not be loaded.
[    1.079154] registered taskstats version 1
[    1.138741] input: AT Translated Set 2 keyboard as /devices/platform/i8042/serio0/input/input1
[    1.142271] ata2.00: ATAPI: VMware Virtual IDE CDROM Drive, 00000001, max UDMA/33
[    1.142562] ata2.00: configured for UDMA/33
[    1.146272] Freeing initrd memory: 13836k freed
[    1.194300]   Magic number: 13:926:317
[    1.194326] pciehp 0000:00:15.5:pcie04: hash matches
[    1.194332] tty tty42: hash matches
[    1.194357] reg-dummy reg-dummy: hash matches
[    1.194427] rtc_cmos 00:04: setting system clock to 2013-05-27 06:19:20 UTC (1369635560)
[    1.194440] BIOS EDD facility v0.16 2004-Jun-25, 0 devices found
[    1.194442] EDD information not available.
[    1.238204] isapnp: No Plug & Play device found
[    1.238471] scsi 1:0:0:0: CD-ROM            NECVMWar VMware IDE CDR10 1.00 PQ: 0 ANSI: 5
[    1.239888] sr0: scsi3-mmc drive: 306x/306x cd/rw xa/form2 cdda tray
[    1.239893] cdrom: Uniform CD-ROM driver Revision: 3.20
[    1.240009] sr 1:0:0:0: Attached scsi CD-ROM sr0
[    1.240188] sr 1:0:0:0: Attached scsi generic sg0 type 5
[    1.240307] Freeing unused kernel memory: 740k freed
[    1.240358] Write protecting the kernel text: 5816k
[    1.240368] Write protecting the kernel read-only data: 2376k
[    1.240370] NX-protecting the kernel data: 4424k
[    1.251530] udevd[85]: starting version 175
[    1.270719] VMware vmxnet3 virtual NIC driver - version 1.1.29.0-k-NAPI
[    1.274195] VMware PVSCSI driver - version 1.0.1.0-k
[    1.279301] VMware vmxnet virtual NIC driver
[    1.279352] ACPI: PCI Interrupt Link [LNKD] enabled at IRQ 5
[    1.279357] PCI: setting IRQ 5 as level-triggered
[    1.279365] vmxnet 0000:02:01.0: PCI INT A -> Link[LNKD] -> GSI 5 (level, low) -> IRQ 5
[    1.279416] Found vmxnet/PCI at 0x2024, irq 5.
[    1.279468] features:
[    1.279483] numRxBuffers = 100, numRxBuffers2 = 1
[    1.279535] vmxnet 0000:02:01.0: eth0: set_features() failed (-1); wanted 0x00004000, left 0x00004800
[    1.322475] Floppy drive(s): fd0 is 1.44M
[    1.323767] Fusion MPT base driver 3.04.20
[    1.323771] Copyright (c) 1999-2008 LSI Corporation
[    1.323954] Fusion MPT SPI Host driver 3.04.20
[    1.324002] mptspi 0000:00:10.0: PCI INT A -> Link[LNKB] -> GSI 11 (level, low) -> IRQ 11
[    1.330026] mptbase: ioc0: Initiating bringup
[    1.338236] FDC 0 is a post-1991 82077
[    1.349944] usb 2-1: new full-speed USB device number 2 using uhci_hcd
[    1.401908] ioc0: LSI53C1030 B0: Capabilities={Initiator}
[    1.483050] input: VMware VMware Virtual USB Mouse as /devices/pci0000:00/0000:00:11.0/0000:02:00.0/usb2/2-1/2-1:1.0/input/input2
[    1.483237] generic-usb 0003:0E0F:0003.0001: input,hidraw0: USB HID v1.10 Mouse [VMware VMware Virtual USB Mouse] on usb-0000:02:00.0-1/input0
[    1.483859] input: VMware VMware Virtual USB Mouse as /devices/pci0000:00/0000:00:11.0/0000:02:00.0/usb2/2-1/2-1:1.1/input/input3
[    1.484040] generic-usb 0003:0E0F:0003.0002: input,hidraw1: USB HID v1.10 Mouse [VMware VMware Virtual USB Mouse] on usb-0000:02:00.0-1/input1
[    1.484205] usbcore: registered new interface driver usbhid
[    1.484207] usbhid: USB HID core driver
[    1.561701] scsi2 : ioc0: LSI53C1030 B0, FwRev=01032920h, Ports=1, MaxQ=128, IRQ=11
[    1.593592] usb 2-2: new full-speed USB device number 3 using uhci_hcd
[    1.674702] scsi 2:0:0:0: Direct-Access     VMware,  VMware Virtual S 1.0  PQ: 0 ANSI: 2
[    1.674714] scsi target2:0:0: Beginning Domain Validation
[    1.675466] scsi target2:0:0: Domain Validation skipping write tests
[    1.675471] scsi target2:0:0: Ending Domain Validation
[    1.675539] scsi target2:0:0: FAST-40 WIDE SCSI 80.0 MB/s ST (25 ns, offset 127)
[    1.678100] sd 2:0:0:0: [sda] 41943040 512-byte logical blocks: (21.4 GB/20.0 GiB)
[    1.678173] sd 2:0:0:0: [sda] Write Protect is off
[    1.678177] sd 2:0:0:0: [sda] Mode Sense: 61 00 00 00
[    1.678248] sd 2:0:0:0: [sda] Cache data unavailable
[    1.678251] sd 2:0:0:0: [sda] Assuming drive cache: write through
[    1.678629] sd 2:0:0:0: [sda] Cache data unavailable
[    1.678633] sd 2:0:0:0: [sda] Assuming drive cache: write through
[    1.679550] sd 2:0:0:0: Attached scsi generic sg1 type 0
[    1.680286]  sda: sda1 sda2 < sda5 >
[    1.680760] sd 2:0:0:0: [sda] Cache data unavailable
[    1.680764] sd 2:0:0:0: [sda] Assuming drive cache: write through
[    1.680768] sd 2:0:0:0: [sda] Attached SCSI disk
[    1.718380] EXT4-fs (sda1): INFO: recovery required on readonly filesystem
[    1.718384] EXT4-fs (sda1): write access will be enabled during recovery
[    1.733813] hub 2-2:1.0: USB hub found
[    1.735977] hub 2-2:1.0: 7 ports detected
[    1.885063] EXT4-fs (sda1): recovery complete
[    1.885629] EXT4-fs (sda1): mounted filesystem with ordered data mode. Opts: (null)
[    3.109485] ADDRCONF(NETDEV_UP): eth0: link is not ready
[    3.126222] udevd[329]: starting version 175
[    3.163566] Adding 1046524k swap on /dev/sda5.  Priority:-1 extents:1 across:1046524k 
[    3.177389] lp: driver loaded but no devices found
[    3.263782] EXT4-fs (sda1): re-mounted. Opts: errors=remount-ro
[    3.266233] shpchp: Standard Hot Plug PCI Controller Driver version: 0.4
[    3.276104] piix4_smbus 0000:00:07.3: Host SMBus controller not enabled!
[    3.313789] [391]: VMCI: shared components initialized.
[    3.313812] Probing for vmci/PCI.
[    3.313969] ACPI: PCI Interrupt Link [LNKA] enabled at IRQ 9
[    3.313972] PCI: setting IRQ 9 as level-triggered
[    3.313978] vmci 0000:00:07.7: PCI INT A -> Link[LNKA] -> GSI 9 (level, low) -> IRQ 9
[    3.314019] Found vmci/PCI at 0x1080, irq 9.
[    3.314051] VMCI: using capabilities 0xc.
[    3.314122] [391]: VMCI: Host capability check passed.
[    3.314411] vmci 0000:00:07.7: irq 72 for MSI/MSI-X
[    3.314444] vmci 0000:00:07.7: irq 73 for MSI/MSI-X
[    3.314712] Registered vmci device.
[    3.323146] [391]: VMCI: Using guest personality
[    3.323152] [391]: VMCI: host components initialized.
[    3.335503] [391]: VMCI: Module registered (name=vmci,major=10,minor=57).
[    3.335507] [391]: VMCI: Using host personality
[    3.335509] [391]: VMCI: Module (name=vmci) is initialized
[    3.431903] ppdev: user-space parallel port driver
[    3.432664] parport_pc 00:09: reported by Plug and Play ACPI
[    3.432768] parport0: PC-style at 0x378, irq 7 [PCSPP,TRISTATE]
[    3.448047] Bluetooth: Core ver 2.16
[    3.448374] NET: Registered protocol family 31
[    3.448376] Bluetooth: HCI device and connection manager initialized
[    3.448379] Bluetooth: HCI socket layer initialized
[    3.448380] Bluetooth: L2CAP socket layer initialized
[    3.448386] Bluetooth: SCO socket layer initialized
[    3.465955] Bluetooth: BNEP (Ethernet Emulation) ver 1.3
[    3.465958] Bluetooth: BNEP filters: protocol multicast
[    3.470632] Bluetooth: RFCOMM TTY layer initialized
[    3.470636] Bluetooth: RFCOMM socket layer initialized
[    3.470638] Bluetooth: RFCOMM ver 1.11
[    3.527151] lp0: using parport0 (interrupt-driven).
[    3.536536] type=1400 audit(1369635562.842:2): apparmor="STATUS" operation="profile_load" name="/usr/lib/cups/backend/cups-pdf" pid=586 comm="apparmor_parser"
[    3.536655] type=1400 audit(1369635562.842:3): apparmor="STATUS" operation="profile_load" name="/usr/sbin/cupsd" pid=586 comm="apparmor_parser"
[    3.570756] type=1400 audit(1369635562.878:4): apparmor="STATUS" operation="profile_load" name="/sbin/dhclient" pid=597 comm="apparmor_parser"
[    3.570866] type=1400 audit(1369635562.878:5): apparmor="STATUS" operation="profile_load" name="/usr/lib/NetworkManager/nm-dhcp-client.action" pid=597 comm="apparmor_parser"
[    3.570970] type=1400 audit(1369635562.878:6): apparmor="STATUS" operation="profile_load" name="/usr/lib/connman/scripts/dhclient-script" pid=597 comm="apparmor_parser"
[    3.689241] input: ImPS/2 Generic Wheel Mouse as /devices/platform/i8042/serio1/input/input4
[    3.837175] snd_ens1371 0000:02:02.0: PCI INT A -> Link[LNKA] -> GSI 9 (level, low) -> IRQ 9
[    3.877734] init: failsafe main process (673) killed by TERM signal
[    3.998981] type=1400 audit(1369635563.306:7): apparmor="STATUS" operation="profile_load" name="/usr/lib/lightdm/lightdm/lightdm-guest-session-wrapper" pid=799 comm="apparmor_parser"
[    3.999594] type=1400 audit(1369635563.306:8): apparmor="STATUS" operation="profile_replace" name="/sbin/dhclient" pid=800 comm="apparmor_parser"
[    3.999713] type=1400 audit(1369635563.306:9): apparmor="STATUS" operation="profile_replace" name="/usr/lib/NetworkManager/nm-dhcp-client.action" pid=800 comm="apparmor_parser"
[    3.999817] type=1400 audit(1369635563.306:10): apparmor="STATUS" operation="profile_replace" name="/usr/lib/connman/scripts/dhclient-script" pid=800 comm="apparmor_parser"
[    4.164143] init: alsa-restore main process (860) terminated with status 19
