[    0.000000] Initializing cgroup subsys cpuset
[    0.000000] Initializing cgroup subsys cpu
[    0.000000] Linux version 3.2.0-29-generic-pae (buildd@roseapple) (gcc version 4.6.3 (Ubuntu/Linaro 4.6.3-1ubuntu5) ) #46-Ubuntu SMP Fri Jul 27 17:25:43 UTC 2012 (Ubuntu 3.2.0-29.46-generic-pae 3.2.24)
[    0.000000] KERNEL supported cpus:
[    0.000000]   Intel GenuineIntel
[    0.000000]   AMD AuthenticAMD
[    0.000000]   NSC Geode by NSC
[    0.000000]   Cyrix CyrixInstead
[    0.000000]   Centaur CentaurHauls
[    0.000000]   Transmeta GenuineTMx86
[    0.000000]   Transmeta TransmetaCPU
[    0.000000]   UMC UMC UMC UMC
[    0.000000] Disabled fast string operations
[    0.000000] BIOS-provided physical RAM map:
[    0.000000]  BIOS-e820: 0000000000000000 - 000000000009f000 (usable)
[    0.000000]  BIOS-e820: 000000000009f000 - 00000000000a0000 (reserved)
[    0.000000]  BIOS-e820: 00000000000ca000 - 00000000000cc000 (reserved)
[    0.000000]  BIOS-e820: 00000000000dc000 - 0000000000100000 (reserved)
[    0.000000]  BIOS-e820: 0000000000100000 - 000000003fee0000 (usable)
[    0.000000]  BIOS-e820: 000000003fee0000 - 000000003feff000 (ACPI data)
[    0.000000]  BIOS-e820: 000000003feff000 - 000000003ff00000 (ACPI NVS)
[    0.000000]  BIOS-e820: 000000003ff00000 - 0000000040000000 (usable)
[    0.000000]  BIOS-e820: 00000000e0000000 - 00000000f0000000 (reserved)
[    0.000000]  BIOS-e820: 00000000fec00000 - 00000000fec10000 (reserved)
[    0.000000]  BIOS-e820: 00000000fee00000 - 00000000fee01000 (reserved)
[    0.000000]  BIOS-e820: 00000000fffe0000 - 0000000100000000 (reserved)
[    0.000000] NX (Execute Disable) protection: active
[    0.000000] DMI present.
[    0.000000] DMI: VMware, Inc. VMware Virtual Platform/440BX Desktop Reference Platform, BIOS 6.00 07/02/2012
[    0.000000] Hypervisor detected: VMware
[    0.000000] e820 update range: 0000000000000000 - 0000000000010000 (usable) ==> (reserved)
[    0.000000] e820 remove range: 00000000000a0000 - 0000000000100000 (usable)
[    0.000000] last_pfn = 0x40000 max_arch_pfn = 0x1000000
[    0.000000] MTRR default type: uncachable
[    0.000000] MTRR fixed ranges enabled:
[    0.000000]   00000-9FFFF write-back
[    0.000000]   A0000-BFFFF uncachable
[    0.000000]   C0000-CBFFF write-protect
[    0.000000]   CC000-EFFFF uncachable
[    0.000000]   F0000-FFFFF write-protect
[    0.000000] MTRR variable ranges enabled:
[    0.000000]   0 base 0000000000 mask FFC0000000 write-back
[    0.000000]   1 disabled
[    0.000000]   2 disabled
[    0.000000]   3 disabled
[    0.000000]   4 disabled
[    0.000000]   5 disabled
[    0.000000]   6 disabled
[    0.000000]   7 disabled
[    0.000000] x86 PAT enabled: cpu 0, old 0x0, new 0x7010600070106
[    0.000000] found SMP MP-table at [c00f6bf0] f6bf0
[    0.000000] initial memory mapped : 0 - 02000000
[    0.000000] Base memory trampoline at [c009b000] 9b000 size 16384
[    0.000000] init_memory_mapping: 0000000000000000-0000000037bfe000
[    0.000000]  0000000000 - 0000200000 page 4k
[    0.000000]  0000200000 - 0037a00000 page 2M
[    0.000000]  0037a00000 - 0037bfe000 page 4k
[    0.000000] kernel direct mapping tables up to 37bfe000 @ 1ffb000-2000000
[    0.000000] RAMDISK: 364ea000 - 3726d000
[    0.000000] ACPI: RSDP 000f6b80 00024 (v02 PTLTD )
[    0.000000] ACPI: XSDT 3feed636 0005C (v01 INTEL  440BX    06040000 VMW  01324272)
[    0.000000] ACPI: FACP 3fefee98 000F4 (v04 INTEL  440BX    06040000 PTL  000F4240)
[    0.000000] ACPI: DSDT 3feee366 10B32 (v01 PTLTD  Custom   06040000 MSFT 03000001)
[    0.000000] ACPI: FACS 3fefffc0 00040
[    0.000000] ACPI: BOOT 3feee33e 00028 (v01 PTLTD  $SBFTBL$ 06040000  LTP 00000001)
[    0.000000] ACPI: APIC 3feedc3e 003C2 (v01 PTLTD  ? APIC   06040000  LTP 00000000)
[    0.000000] ACPI: MCFG 3feedc02 0003C (v01 PTLTD  $PCITBL$ 06040000  LTP 00000001)
[    0.000000] ACPI: SRAT 3feed732 004D0 (v02 VMWARE MEMPLUG  06040000 VMW  00000001)
[    0.000000] ACPI: HPET 3feed6fa 00038 (v01 VMWARE VMW HPET 06040000 VMW  00000001)
[    0.000000] ACPI: WAET 3feed6d2 00028 (v01 VMWARE VMW WAET 06040000 VMW  00000001)
[    0.000000] ACPI: Local APIC address 0xfee00000
[    0.000000] 132MB HIGHMEM available.
[    0.000000] 891MB LOWMEM available.
[    0.000000]   mapped low ram: 0 - 37bfe000
[    0.000000]   low ram: 0 - 37bfe000
[    0.000000] Zone PFN ranges:
[    0.000000]   DMA      0x00000010 -> 0x00001000
[    0.000000]   Normal   0x00001000 -> 0x00037bfe
[    0.000000]   HighMem  0x00037bfe -> 0x00040000
[    0.000000] Movable zone start PFN for each node
[    0.000000] early_node_map[3] active PFN ranges
[    0.000000]     0: 0x00000010 -> 0x0000009f
[    0.000000]     0: 0x00000100 -> 0x0003fee0
[    0.000000]     0: 0x0003ff00 -> 0x00040000
[    0.000000] On node 0 totalpages: 261999
[    0.000000] free_area_init_node: node 0, pgdat c1866a40, node_mem_map f73fd200
[    0.000000]   DMA zone: 32 pages used for memmap
[    0.000000]   DMA zone: 0 pages reserved
[    0.000000]   DMA zone: 3951 pages, LIFO batch:0
[    0.000000]   Normal zone: 1752 pages used for memmap
[    0.000000]   Normal zone: 222502 pages, LIFO batch:31
[    0.000000]   HighMem zone: 265 pages used for memmap
[    0.000000]   HighMem zone: 33497 pages, LIFO batch:7
[    0.000000] Using APIC driver default
[    0.000000] ACPI: PM-Timer IO Port: 0x1008
[    0.000000] ACPI: Local APIC address 0xfee00000
[    0.000000] ACPI: LAPIC (acpi_id[0x00] lapic_id[0x00] enabled)
[    0.000000] ACPI: LAPIC (acpi_id[0x01] lapic_id[0x02] disabled)
[    0.000000] ACPI: LAPIC (acpi_id[0x02] lapic_id[0x04] disabled)
[    0.000000] ACPI: LAPIC (acpi_id[0x03] lapic_id[0x06] disabled)
[    0.000000] ACPI: LAPIC (acpi_id[0x04] lapic_id[0x08] disabled)
[    0.000000] ACPI: LAPIC (acpi_id[0x05] lapic_id[0x0a] disabled)
[    0.000000] ACPI: LAPIC (acpi_id[0x06] lapic_id[0x0c] disabled)
[    0.000000] ACPI: LAPIC (acpi_id[0x07] lapic_id[0x0e] disabled)
[    0.000000] ACPI: LAPIC (acpi_id[0x08] lapic_id[0x10] disabled)
[    0.000000] ACPI: LAPIC (acpi_id[0x09] lapic_id[0x12] disabled)
[    0.000000] ACPI: LAPIC (acpi_id[0x0a] lapic_id[0x14] disabled)
[    0.000000] ACPI: LAPIC (acpi_id[0x0b] lapic_id[0x16] disabled)
[    0.000000] ACPI: LAPIC (acpi_id[0x0c] lapic_id[0x18] disabled)
[    0.000000] ACPI: LAPIC (acpi_id[0x0d] lapic_id[0x1a] disabled)
[    0.000000] ACPI: LAPIC (acpi_id[0x0e] lapic_id[0x1c] disabled)
[    0.000000] ACPI: LAPIC (acpi_id[0x0f] lapic_id[0x1e] disabled)
[    0.000000] ACPI: LAPIC (acpi_id[0x10] lapic_id[0x20] disabled)
[    0.000000] ACPI: LAPIC (acpi_id[0x11] lapic_id[0x22] disabled)
[    0.000000] ACPI: LAPIC (acpi_id[0x12] lapic_id[0x24] disabled)
[    0.000000] ACPI: LAPIC (acpi_id[0x13] lapic_id[0x26] disabled)
[    0.000000] ACPI: LAPIC (acpi_id[0x14] lapic_id[0x28] disabled)
[    0.000000] ACPI: LAPIC (acpi_id[0x15] lapic_id[0x2a] disabled)
[    0.000000] ACPI: LAPIC (acpi_id[0x16] lapic_id[0x2c] disabled)
[    0.000000] ACPI: LAPIC (acpi_id[0x17] lapic_id[0x2e] disabled)
[    0.000000] ACPI: LAPIC (acpi_id[0x18] lapic_id[0x30] disabled)
[    0.000000] ACPI: LAPIC (acpi_id[0x19] lapic_id[0x32] disabled)
[    0.000000] ACPI: LAPIC (acpi_id[0x1a] lapic_id[0x34] disabled)
[    0.000000] ACPI: LAPIC (acpi_id[0x1b] lapic_id[0x36] disabled)
[    0.000000] ACPI: LAPIC (acpi_id[0x1c] lapic_id[0x38] disabled)
[    0.000000] ACPI: LAPIC (acpi_id[0x1d] lapic_id[0x3a] disabled)
[    0.000000] ACPI: LAPIC (acpi_id[0x1e] lapic_id[0x3c] disabled)
[    0.000000] ACPI: LAPIC (acpi_id[0x1f] lapic_id[0x3e] disabled)
[    0.000000] ACPI: LAPIC (acpi_id[0x20] lapic_id[0x40] disabled)
[    0.000000] ACPI: LAPIC (acpi_id[0x21] lapic_id[0x42] disabled)
[    0.000000] ACPI: LAPIC (acpi_id[0x22] lapic_id[0x44] disabled)
[    0.000000] ACPI: LAPIC (acpi_id[0x23] lapic_id[0x46] disabled)
[    0.000000] ACPI: LAPIC (acpi_id[0x24] lapic_id[0x48] disabled)
[    0.000000] ACPI: LAPIC (acpi_id[0x25] lapic_id[0x4a] disabled)
[    0.000000] ACPI: LAPIC (acpi_id[0x26] lapic_id[0x4c] disabled)
[    0.000000] ACPI: LAPIC (acpi_id[0x27] lapic_id[0x4e] disabled)
[    0.000000] ACPI: LAPIC (acpi_id[0x28] lapic_id[0x50] disabled)
[    0.000000] ACPI: LAPIC (acpi_id[0x29] lapic_id[0x52] disabled)
[    0.000000] ACPI: LAPIC (acpi_id[0x2a] lapic_id[0x54] disabled)
[    0.000000] ACPI: LAPIC (acpi_id[0x2b] lapic_id[0x56] disabled)
[    0.000000] ACPI: LAPIC (acpi_id[0x2c] lapic_id[0x58] disabled)
[    0.000000] ACPI: LAPIC (acpi_id[0x2d] lapic_id[0x5a] disabled)
[    0.000000] ACPI: LAPIC (acpi_id[0x2e] lapic_id[0x5c] disabled)
[    0.000000] ACPI: LAPIC (acpi_id[0x2f] lapic_id[0x5e] disabled)
[    0.000000] ACPI: LAPIC (acpi_id[0x30] lapic_id[0x60] disabled)
[    0.000000] ACPI: LAPIC (acpi_id[0x31] lapic_id[0x62] disabled)
[    0.000000] ACPI: LAPIC (acpi_id[0x32] lapic_id[0x64] disabled)
[    0.000000] ACPI: LAPIC (acpi_id[0x33] lapic_id[0x66] disabled)
[    0.000000] ACPI: LAPIC (acpi_id[0x34] lapic_id[0x68] disabled)
[    0.000000] ACPI: LAPIC (acpi_id[0x35] lapic_id[0x6a] disabled)
[    0.000000] ACPI: LAPIC (acpi_id[0x36] lapic_id[0x6c] disabled)
[    0.000000] ACPI: LAPIC (acpi_id[0x37] lapic_id[0x6e] disabled)
[    0.000000] ACPI: LAPIC (acpi_id[0x38] lapic_id[0x70] disabled)
[    0.000000] ACPI: LAPIC (acpi_id[0x39] lapic_id[0x72] disabled)
[    0.000000] ACPI: LAPIC (acpi_id[0x3a] lapic_id[0x74] disabled)
[    0.000000] ACPI: LAPIC (acpi_id[0x3b] lapic_id[0x76] disabled)
[    0.000000] ACPI: LAPIC (acpi_id[0x3c] lapic_id[0x78] disabled)
[    0.000000] ACPI: LAPIC (acpi_id[0x3d] lapic_id[0x7a] disabled)
[    0.000000] ACPI: LAPIC (acpi_id[0x3e] lapic_id[0x7c] disabled)
[    0.000000] ACPI: LAPIC (acpi_id[0x3f] lapic_id[0x7e] disabled)
[    0.000000] ACPI: LAPIC_NMI (acpi_id[0x00] high edge lint[0x1])
[    0.000000] ACPI: LAPIC_NMI (acpi_id[0x01] high edge lint[0x1])
[    0.000000] ACPI: LAPIC_NMI (acpi_id[0x02] high edge lint[0x1])
[    0.000000] ACPI: LAPIC_NMI (acpi_id[0x03] high edge lint[0x1])
[    0.000000] ACPI: LAPIC_NMI (acpi_id[0x04] high edge lint[0x1])
[    0.000000] ACPI: LAPIC_NMI (acpi_id[0x05] high edge lint[0x1])
[    0.000000] ACPI: LAPIC_NMI (acpi_id[0x06] high edge lint[0x1])
[    0.000000] ACPI: LAPIC_NMI (acpi_id[0x07] high edge lint[0x1])
[    0.000000] ACPI: LAPIC_NMI (acpi_id[0x08] high edge lint[0x1])
[    0.000000] ACPI: LAPIC_NMI (acpi_id[0x09] high edge lint[0x1])
[    0.000000] ACPI: LAPIC_NMI (acpi_id[0x0a] high edge lint[0x1])
[    0.000000] ACPI: LAPIC_NMI (acpi_id[0x0b] high edge lint[0x1])
[    0.000000] ACPI: LAPIC_NMI (acpi_id[0x0c] high edge lint[0x1])
[    0.000000] ACPI: LAPIC_NMI (acpi_id[0x0d] high edge lint[0x1])
[    0.000000] ACPI: LAPIC_NMI (acpi_id[0x0e] high edge lint[0x1])
[    0.000000] ACPI: LAPIC_NMI (acpi_id[0x0f] high edge lint[0x1])
[    0.000000] ACPI: LAPIC_NMI (acpi_id[0x10] high edge lint[0x1])
[    0.000000] ACPI: LAPIC_NMI (acpi_id[0x11] high edge lint[0x1])
[    0.000000] ACPI: LAPIC_NMI (acpi_id[0x12] high edge lint[0x1])
[    0.000000] ACPI: LAPIC_NMI (acpi_id[0x13] high edge lint[0x1])
[    0.000000] ACPI: LAPIC_NMI (acpi_id[0x14] high edge lint[0x1])
[    0.000000] ACPI: LAPIC_NMI (acpi_id[0x15] high edge lint[0x1])
[    0.000000] ACPI: LAPIC_NMI (acpi_id[0x16] high edge lint[0x1])
[    0.000000] ACPI: LAPIC_NMI (acpi_id[0x17] high edge lint[0x1])
[    0.000000] ACPI: LAPIC_NMI (acpi_id[0x18] high edge lint[0x1])
[    0.000000] ACPI: LAPIC_NMI (acpi_id[0x19] high edge lint[0x1])
[    0.000000] ACPI: LAPIC_NMI (acpi_id[0x1a] high edge lint[0x1])
[    0.000000] ACPI: LAPIC_NMI (acpi_id[0x1b] high edge lint[0x1])
[    0.000000] ACPI: LAPIC_NMI (acpi_id[0x1c] high edge lint[0x1])
[    0.000000] ACPI: LAPIC_NMI (acpi_id[0x1d] high edge lint[0x1])
[    0.000000] ACPI: LAPIC_NMI (acpi_id[0x1e] high edge lint[0x1])
[    0.000000] ACPI: LAPIC_NMI (acpi_id[0x1f] high edge lint[0x1])
[    0.000000] ACPI: LAPIC_NMI (acpi_id[0x20] high edge lint[0x1])
[    0.000000] ACPI: LAPIC_NMI (acpi_id[0x21] high edge lint[0x1])
[    0.000000] ACPI: LAPIC_NMI (acpi_id[0x22] high edge lint[0x1])
[    0.000000] ACPI: LAPIC_NMI (acpi_id[0x23] high edge lint[0x1])
[    0.000000] ACPI: LAPIC_NMI (acpi_id[0x24] high edge lint[0x1])
[    0.000000] ACPI: LAPIC_NMI (acpi_id[0x25] high edge lint[0x1])
[    0.000000] ACPI: LAPIC_NMI (acpi_id[0x26] high edge lint[0x1])
[    0.000000] ACPI: LAPIC_NMI (acpi_id[0x27] high edge lint[0x1])
[    0.000000] ACPI: LAPIC_NMI (acpi_id[0x28] high edge lint[0x1])
[    0.000000] ACPI: LAPIC_NMI (acpi_id[0x29] high edge lint[0x1])
[    0.000000] ACPI: LAPIC_NMI (acpi_id[0x2a] high edge lint[0x1])
[    0.000000] ACPI: LAPIC_NMI (acpi_id[0x2b] high edge lint[0x1])
[    0.000000] ACPI: LAPIC_NMI (acpi_id[0x2c] high edge lint[0x1])
[    0.000000] ACPI: LAPIC_NMI (acpi_id[0x2d] high edge lint[0x1])
[    0.000000] ACPI: LAPIC_NMI (acpi_id[0x2e] high edge lint[0x1])
[    0.000000] ACPI: LAPIC_NMI (acpi_id[0x2f] high edge lint[0x1])
[    0.000000] ACPI: LAPIC_NMI (acpi_id[0x30] high edge lint[0x1])
[    0.000000] ACPI: LAPIC_NMI (acpi_id[0x31] high edge lint[0x1])
[    0.000000] ACPI: LAPIC_NMI (acpi_id[0x32] high edge lint[0x1])
[    0.000000] ACPI: LAPIC_NMI (acpi_id[0x33] high edge lint[0x1])
[    0.000000] ACPI: LAPIC_NMI (acpi_id[0x34] high edge lint[0x1])
[    0.000000] ACPI: LAPIC_NMI (acpi_id[0x35] high edge lint[0x1])
[    0.000000] ACPI: LAPIC_NMI (acpi_id[0x36] high edge lint[0x1])
[    0.000000] ACPI: LAPIC_NMI (acpi_id[0x37] high edge lint[0x1])
[    0.000000] ACPI: LAPIC_NMI (acpi_id[0x38] high edge lint[0x1])
[    0.000000] ACPI: LAPIC_NMI (acpi_id[0x39] high edge lint[0x1])
[    0.000000] ACPI: LAPIC_NMI (acpi_id[0x3a] high edge lint[0x1])
[    0.000000] ACPI: LAPIC_NMI (acpi_id[0x3b] high edge lint[0x1])
[    0.000000] ACPI: LAPIC_NMI (acpi_id[0x3c] high edge lint[0x1])
[    0.000000] ACPI: LAPIC_NMI (acpi_id[0x3d] high edge lint[0x1])
[    0.000000] ACPI: LAPIC_NMI (acpi_id[0x3e] high edge lint[0x1])
[    0.000000] ACPI: LAPIC_NMI (acpi_id[0x3f] high edge lint[0x1])
[    0.000000] ACPI: Skipping IOAPIC probe due to 'noapic' option.
[    0.000000] Using ACPI for processor (LAPIC) configuration information
[    0.000000] ACPI: HPET id: 0x8086af01 base: 0xfed00000
[    0.000000] Intel MultiProcessor Specification v1.4
[    0.000000]     Virtual Wire compatibility mode.
[    0.000000] MPTABLE: OEM ID: INTEL   
[    0.000000] MPTABLE: Product ID: 440BX       
[    0.000000] MPTABLE: APIC at: 0xFEE00000
[    0.000000] IOAPIC[0]: apic_id 1, version 17, address 0xfec00000, GSI 0-23
[    0.000000] Processors: 1
[    0.000000] SMP: Allowing 1 CPUs, 0 hotplug CPUs
[    0.000000] nr_irqs_gsi: 40
[    0.000000] PM: Registered nosave memory: 000000000009f000 - 00000000000a0000
[    0.000000] PM: Registered nosave memory: 00000000000a0000 - 00000000000ca000
[    0.000000] PM: Registered nosave memory: 00000000000ca000 - 00000000000cc000
[    0.000000] PM: Registered nosave memory: 00000000000cc000 - 00000000000dc000
[    0.000000] PM: Registered nosave memory: 00000000000dc000 - 0000000000100000
[    0.000000] Allocating PCI resources starting at 40000000 (gap: 40000000:a0000000)
[    0.000000] Booting paravirtualized kernel on bare hardware
[    0.000000] setup_percpu: NR_CPUS:8 nr_cpumask_bits:8 nr_cpu_ids:1 nr_node_ids:1
[    0.000000] PERCPU: Embedded 14 pages/cpu @f73e8000 s34240 r0 d23104 u57344
[    0.000000] pcpu-alloc: s34240 r0 d23104 u57344 alloc=14*4096
[    0.000000] pcpu-alloc: [0] 0 
[    0.000000] Built 1 zonelists in Zone order, mobility grouping on.  Total pages: 259950
[    0.000000] Kernel command line: BOOT_IMAGE=/boot/vmlinuz-3.2.0-29-generic-pae root=UUID=007b598c-390d-4c65-84a1-4ff752d48633 ro quiet splash maxcpus=0
[    0.000000] PID hash table entries: 4096 (order: 2, 16384 bytes)
[    0.000000] Dentry cache hash table entries: 131072 (order: 7, 524288 bytes)
[    0.000000] Inode-cache hash table entries: 65536 (order: 6, 262144 bytes)
[    0.000000] Initializing CPU#0
[    0.000000] xsave/xrstor: enabled xstate_bv 0x7, cntxt size 0x340
[    0.000000] allocated 4194048 bytes of page_cgroup
[    0.000000] please try 'cgroup_disable=memory' option if you don't want memory cgroups
[    0.000000] Initializing HighMem for node 0 (00037bfe:00040000)
[    0.000000] Memory: 1010624k/1048576k available (5814k kernel code, 37372k reserved, 2841k data, 740k init, 135048k highmem)
[    0.000000] virtual kernel memory layout:
[    0.000000]     fixmap  : 0xfff16000 - 0xfffff000   ( 932 kB)
[    0.000000]     pkmap   : 0xffc00000 - 0xffe00000   (2048 kB)
[    0.000000]     vmalloc : 0xf83fe000 - 0xffbfe000   ( 120 MB)
[    0.000000]     lowmem  : 0xc0000000 - 0xf7bfe000   ( 891 MB)
[    0.000000]       .init : 0xc1875000 - 0xc192e000   ( 740 kB)
[    0.000000]       .data : 0xc15adb64 - 0xc1874240   (2841 kB)
[    0.000000]       .text : 0xc1000000 - 0xc15adb64   (5814 kB)
[    0.000000] Checking if this processor honours the WP bit even in supervisor mode...Ok.
[    0.000000] SLUB: Genslabs=15, HWalign=64, Order=0-3, MinObjects=0, CPUs=1, Nodes=1
[    0.000000] Hierarchical RCU implementation.
[    0.000000] 	RCU dyntick-idle grace-period acceleration is enabled.
[    0.000000] NR_IRQS:2304 nr_irqs:256 16
[    0.000000] CPU 0 irqstacks, hard=f5c08000 soft=f5c0a000
[    0.000000] Extended CMOS year: 2000
[    0.000000] Console: colour VGA+ 80x25
[    0.000000] console [tty0] enabled
[    0.000000] hpet clockevent registered
[    0.000000] TSC freq read from hypervisor : 2394.620 MHz
[    0.000000] Detected 2394.620 MHz processor.
[    0.000001] Calibrating delay loop (skipped) preset value.. 4789.24 BogoMIPS (lpj=9578480)
[    0.000004] pid_max: default: 32768 minimum: 301
[    0.000019] Security Framework initialized
[    0.000034] AppArmor: AppArmor initialized
[    0.000035] Yama: becoming mindful.
[    0.000071] Mount-cache hash table entries: 512
[    0.000150] Initializing cgroup subsys cpuacct
[    0.000153] Initializing cgroup subsys memory
[    0.000158] Initializing cgroup subsys devices
[    0.000159] Initializing cgroup subsys freezer
[    0.000161] Initializing cgroup subsys blkio
[    0.000165] Initializing cgroup subsys perf_event
[    0.000209] Disabled fast string operations
[    0.000212] CPU: Physical Processor ID: 0
[    0.000221] ENERGY_PERF_BIAS: Set to 'normal', was 'performance'
[    0.000222] ENERGY_PERF_BIAS: View and update with x86_energy_perf_policy(8)
[    0.000878] mce: CPU supports 0 MCE banks
[    0.001615] SMP alternatives: switching to UP code
[    0.020125] Freeing SMP alternatives: 24k freed
[    0.020131] ACPI: Core revision 20110623
[    0.026297] ACPI: setting ELCR to 0200 (from 0e20)
[    0.027912] ftrace: allocating 26545 entries in 52 pages
[    0.048187] SMP mode deactivated.
[    0.048225] SMP disabled
[    0.048227] Performance Events: generic architected perfmon v1, core PMU driver.
[    0.048238] ... version:                1
[    0.048240] ... bit width:              48
[    0.048241] ... generic registers:      4
[    0.048242] ... value mask:             0000ffffffffffff
[    0.048243] ... max period:             000000007fffffff
[    0.048244] ... fixed-purpose events:   0
[    0.048245] ... event mask:             000000000000000f
[    0.048347] NMI watchdog enabled, takes one hw-pmu counter.
[    0.048366] Brought up 1 CPUs
[    0.048368] Total of 1 processors activated (4789.24 BogoMIPS).
[    0.048470] devtmpfs: initialized
[    0.048538] EVM: security.selinux
[    0.048539] EVM: security.SMACK64
[    0.048539] EVM: security.capability
[    0.048564] PM: Registering ACPI NVS region at 3feff000 (4096 bytes)
[    0.049259] print_constraints: dummy: 
[    0.049330] RTC time: 10:55:57, date: 05/27/13
[    0.049358] NET: Registered protocol family 16
[    0.049428] EISA bus registered
[    0.049438] ACPI: bus type pci registered
[    0.049570] PCI: MMCONFIG for domain 0000 [bus 00-ff] at [mem 0xe0000000-0xefffffff] (base 0xe0000000)
[    0.049572] PCI: MMCONFIG at [mem 0xe0000000-0xefffffff] reserved in E820
[    0.049573] PCI: Using MMCONFIG for extended config space
[    0.049575] PCI: Using configuration type 1 for base access
[    0.050236] bio: create slab <bio-0> at 0
[    0.050311] ACPI: Added _OSI(Module Device)
[    0.050313] ACPI: Added _OSI(Processor Device)
[    0.050314] ACPI: Added _OSI(3.0 _SCP Extensions)
[    0.050315] ACPI: Added _OSI(Processor Aggregator Device)
[    0.052202] ACPI: EC: Look up EC in DSDT
[    0.056704] [Firmware Bug]: ACPI: BIOS _OSI(Linux) query ignored
[    0.064812] ACPI: Interpreter enabled
[    0.064820] ACPI: (supports S0 S1 S4 S5)
[    0.064830] ACPI: Using PIC for interrupt routing
[    0.105843] ACPI: No dock devices found.
[    0.105846] HEST: Table not found.
[    0.105851] PCI: Using host bridge windows from ACPI; if necessary, use "pci=nocrs" and report a bug
[    0.106577] ACPI: PCI Root Bridge [PCI0] (domain 0000 [bus 00-ff])
[    0.107772] pci_root PNP0A03:00: host bridge window [mem 0x000a0000-0x000bffff]
[    0.107775] pci_root PNP0A03:00: host bridge window [mem 0x000cc000-0x000cffff]
[    0.107776] pci_root PNP0A03:00: host bridge window [mem 0x000d0000-0x000d3fff]
[    0.107778] pci_root PNP0A03:00: host bridge window [mem 0x000d4000-0x000d7fff]
[    0.107779] pci_root PNP0A03:00: host bridge window [mem 0x000d8000-0x000dbfff]
[    0.107781] pci_root PNP0A03:00: host bridge window [mem 0xc0000000-0xfebfffff]
[    0.107783] pci_root PNP0A03:00: host bridge window [io  0x0000-0x0cf7]
[    0.107784] pci_root PNP0A03:00: host bridge window [io  0x0d00-0xfeff]
[    0.107854] pci 0000:00:00.0: [8086:7190] type 0 class 0x000600
[    0.108317] pci 0000:00:01.0: [8086:7191] type 1 class 0x000604
[    0.108735] pci 0000:00:07.0: [8086:7110] type 0 class 0x000601
[    0.109406] pci 0000:00:07.1: [8086:7111] type 0 class 0x000101
[    0.110924] pci 0000:00:07.1: reg 20: [io  0x10c0-0x10cf]
[    0.111679] pci 0000:00:07.3: [8086:7113] type 0 class 0x000680
[    0.113470] pci 0000:00:07.3: quirk: [io  0x1000-0x103f] claimed by PIIX4 ACPI
[    0.113487] pci 0000:00:07.3: quirk: [io  0x1040-0x104f] claimed by PIIX4 SMB
[    0.113734] pci 0000:00:07.7: [15ad:0740] type 0 class 0x000880
[    0.114226] pci 0000:00:07.7: reg 10: [io  0x1080-0x10bf]
[    0.114811] pci 0000:00:07.7: reg 14: [mem 0xc8000000-0xc8001fff 64bit]
[    0.116945] pci 0000:00:0f.0: [15ad:0405] type 0 class 0x000300
[    0.118993] pci 0000:00:0f.0: reg 10: [io  0x10d0-0x10df]
[    0.120967] pci 0000:00:0f.0: reg 14: [mem 0xd0000000-0xd7ffffff pref]
[    0.122932] pci 0000:00:0f.0: reg 18: [mem 0xc8800000-0xc8ffffff]
[    0.130795] pci 0000:00:0f.0: reg 30: [mem 0x00000000-0x00007fff pref]
[    0.131110] pci 0000:00:10.0: [1000:0030] type 0 class 0x000100
[    0.131680] pci 0000:00:10.0: reg 10: [io  0x1400-0x14ff]
[    0.132424] pci 0000:00:10.0: reg 14: [mem 0xc8040000-0xc805ffff 64bit]
[    0.133144] pci 0000:00:10.0: reg 1c: [mem 0xc8020000-0xc803ffff 64bit]
[    0.134212] pci 0000:00:10.0: reg 30: [mem 0x00000000-0x00003fff pref]
[    0.134377] pci 0000:00:11.0: [15ad:0790] type 1 class 0x000604
[    0.135107] pci 0000:00:15.0: [15ad:07a0] type 1 class 0x000604
[    0.135890] pci 0000:00:15.0: PME# supported from D0 D3hot D3cold
[    0.135915] pci 0000:00:15.0: PME# disabled
[    0.136166] pci 0000:00:15.1: [15ad:07a0] type 1 class 0x000604
[    0.136940] pci 0000:00:15.1: PME# supported from D0 D3hot D3cold
[    0.136963] pci 0000:00:15.1: PME# disabled
[    0.137215] pci 0000:00:15.2: [15ad:07a0] type 1 class 0x000604
[    0.137981] pci 0000:00:15.2: PME# supported from D0 D3hot D3cold
[    0.138004] pci 0000:00:15.2: PME# disabled
[    0.138245] pci 0000:00:15.3: [15ad:07a0] type 1 class 0x000604
[    0.139009] pci 0000:00:15.3: PME# supported from D0 D3hot D3cold
[    0.139033] pci 0000:00:15.3: PME# disabled
[    0.139273] pci 0000:00:15.4: [15ad:07a0] type 1 class 0x000604
[    0.140052] pci 0000:00:15.4: PME# supported from D0 D3hot D3cold
[    0.140076] pci 0000:00:15.4: PME# disabled
[    0.140331] pci 0000:00:15.5: [15ad:07a0] type 1 class 0x000604
[    0.141096] pci 0000:00:15.5: PME# supported from D0 D3hot D3cold
[    0.141120] pci 0000:00:15.5: PME# disabled
[    0.141364] pci 0000:00:15.6: [15ad:07a0] type 1 class 0x000604
[    0.142129] pci 0000:00:15.6: PME# supported from D0 D3hot D3cold
[    0.142154] pci 0000:00:15.6: PME# disabled
[    0.142393] pci 0000:00:15.7: [15ad:07a0] type 1 class 0x000604
[    0.143166] pci 0000:00:15.7: PME# supported from D0 D3hot D3cold
[    0.143190] pci 0000:00:15.7: PME# disabled
[    0.143428] pci 0000:00:16.0: [15ad:07a0] type 1 class 0x000604
[    0.144237] pci 0000:00:16.0: PME# supported from D0 D3hot D3cold
[    0.144267] pci 0000:00:16.0: PME# disabled
[    0.144511] pci 0000:00:16.1: [15ad:07a0] type 1 class 0x000604
[    0.145284] pci 0000:00:16.1: PME# supported from D0 D3hot D3cold
[    0.145308] pci 0000:00:16.1: PME# disabled
[    0.145546] pci 0000:00:16.2: [15ad:07a0] type 1 class 0x000604
[    0.146315] pci 0000:00:16.2: PME# supported from D0 D3hot D3cold
[    0.146339] pci 0000:00:16.2: PME# disabled
[    0.146576] pci 0000:00:16.3: [15ad:07a0] type 1 class 0x000604
[    0.147423] pci 0000:00:16.3: PME# supported from D0 D3hot D3cold
[    0.147447] pci 0000:00:16.3: PME# disabled
[    0.147687] pci 0000:00:16.4: [15ad:07a0] type 1 class 0x000604
[    0.148470] pci 0000:00:16.4: PME# supported from D0 D3hot D3cold
[    0.148494] pci 0000:00:16.4: PME# disabled
[    0.148739] pci 0000:00:16.5: [15ad:07a0] type 1 class 0x000604
[    0.149512] pci 0000:00:16.5: PME# supported from D0 D3hot D3cold
[    0.149536] pci 0000:00:16.5: PME# disabled
[    0.149775] pci 0000:00:16.6: [15ad:07a0] type 1 class 0x000604
[    0.150547] pci 0000:00:16.6: PME# supported from D0 D3hot D3cold
[    0.150571] pci 0000:00:16.6: PME# disabled
[    0.150810] pci 0000:00:16.7: [15ad:07a0] type 1 class 0x000604
[    0.151590] pci 0000:00:16.7: PME# supported from D0 D3hot D3cold
[    0.151614] pci 0000:00:16.7: PME# disabled
[    0.151867] pci 0000:00:17.0: [15ad:07a0] type 1 class 0x000604
[    0.152644] pci 0000:00:17.0: PME# supported from D0 D3hot D3cold
[    0.152668] pci 0000:00:17.0: PME# disabled
[    0.152906] pci 0000:00:17.1: [15ad:07a0] type 1 class 0x000604
[    0.153683] pci 0000:00:17.1: PME# supported from D0 D3hot D3cold
[    0.153707] pci 0000:00:17.1: PME# disabled
[    0.153946] pci 0000:00:17.2: [15ad:07a0] type 1 class 0x000604
[    0.154728] pci 0000:00:17.2: PME# supported from D0 D3hot D3cold
[    0.154751] pci 0000:00:17.2: PME# disabled
[    0.154991] pci 0000:00:17.3: [15ad:07a0] type 1 class 0x000604
[    0.155782] pci 0000:00:17.3: PME# supported from D0 D3hot D3cold
[    0.155807] pci 0000:00:17.3: PME# disabled
[    0.156047] pci 0000:00:17.4: [15ad:07a0] type 1 class 0x000604
[    0.156818] pci 0000:00:17.4: PME# supported from D0 D3hot D3cold
[    0.156842] pci 0000:00:17.4: PME# disabled
[    0.157088] pci 0000:00:17.5: [15ad:07a0] type 1 class 0x000604
[    0.157930] pci 0000:00:17.5: PME# supported from D0 D3hot D3cold
[    0.157954] pci 0000:00:17.5: PME# disabled
[    0.158195] pci 0000:00:17.6: [15ad:07a0] type 1 class 0x000604
[    0.158959] pci 0000:00:17.6: PME# supported from D0 D3hot D3cold
[    0.158982] pci 0000:00:17.6: PME# disabled
[    0.159222] pci 0000:00:17.7: [15ad:07a0] type 1 class 0x000604
[    0.160002] pci 0000:00:17.7: PME# supported from D0 D3hot D3cold
[    0.160026] pci 0000:00:17.7: PME# disabled
[    0.160273] pci 0000:00:18.0: [15ad:07a0] type 1 class 0x000604
[    0.161037] pci 0000:00:18.0: PME# supported from D0 D3hot D3cold
[    0.161061] pci 0000:00:18.0: PME# disabled
[    0.161307] pci 0000:00:18.1: [15ad:07a0] type 1 class 0x000604
[    0.162072] pci 0000:00:18.1: PME# supported from D0 D3hot D3cold
[    0.162095] pci 0000:00:18.1: PME# disabled
[    0.162352] pci 0000:00:18.2: [15ad:07a0] type 1 class 0x000604
[    0.163126] pci 0000:00:18.2: PME# supported from D0 D3hot D3cold
[    0.163153] pci 0000:00:18.2: PME# disabled
[    0.163393] pci 0000:00:18.3: [15ad:07a0] type 1 class 0x000604
[    0.164175] pci 0000:00:18.3: PME# supported from D0 D3hot D3cold
[    0.164199] pci 0000:00:18.3: PME# disabled
[    0.164439] pci 0000:00:18.4: [15ad:07a0] type 1 class 0x000604
[    0.165240] pci 0000:00:18.4: PME# supported from D0 D3hot D3cold
[    0.165270] pci 0000:00:18.4: PME# disabled
[    0.165520] pci 0000:00:18.5: [15ad:07a0] type 1 class 0x000604
[    0.166468] pci 0000:00:18.5: PME# supported from D0 D3hot D3cold
[    0.166498] pci 0000:00:18.5: PME# disabled
[    0.166778] pci 0000:00:18.6: [15ad:07a0] type 1 class 0x000604
[    0.167783] pci 0000:00:18.6: PME# supported from D0 D3hot D3cold
[    0.167812] pci 0000:00:18.6: PME# disabled
[    0.168106] pci 0000:00:18.7: [15ad:07a0] type 1 class 0x000604
[    0.169047] pci 0000:00:18.7: PME# supported from D0 D3hot D3cold
[    0.169076] pci 0000:00:18.7: PME# disabled
[    0.169828] pci 0000:00:01.0: PCI bridge to [bus 01-01]
[    0.170222] pci 0000:02:00.0: [15ad:0774] type 0 class 0x000c03
[    0.172178] pci 0000:02:00.0: reg 20: [io  0x20c0-0x20df]
[    0.172999] pci 0000:02:01.0: [1022:2000] type 0 class 0x000200
[    0.173362] pci 0000:02:01.0: reg 10: [io  0x2000-0x207f]
[    0.175417] pci 0000:02:01.0: reg 30: [mem 0x00000000-0x0000ffff pref]
[    0.175564] pci 0000:02:02.0: [1274:1371] type 0 class 0x000401
[    0.176054] pci 0000:02:02.0: reg 10: [io  0x2080-0x20bf]
[    0.178786] pci 0000:02:03.0: [15ad:0770] type 0 class 0x000c03
[    0.179166] pci 0000:02:03.0: reg 10: [mem 0xc9000000-0xc9000fff]
[    0.181516] pci 0000:00:11.0: PCI bridge to [bus 02-02] (subtractive decode)
[    0.181543] pci 0000:00:11.0:   bridge window [io  0x2000-0x3fff]
[    0.181568] pci 0000:00:11.0:   bridge window [mem 0xc9000000-0xca3fffff]
[    0.181617] pci 0000:00:11.0:   bridge window [mem 0xd8400000-0xd89fffff 64bit pref]
[    0.181620] pci 0000:00:11.0:   bridge window [mem 0x000a0000-0x000bffff] (subtractive decode)
[    0.181623] pci 0000:00:11.0:   bridge window [mem 0x000cc000-0x000cffff] (subtractive decode)
[    0.181625] pci 0000:00:11.0:   bridge window [mem 0x000d0000-0x000d3fff] (subtractive decode)
[    0.181628] pci 0000:00:11.0:   bridge window [mem 0x000d4000-0x000d7fff] (subtractive decode)
[    0.181630] pci 0000:00:11.0:   bridge window [mem 0x000d8000-0x000dbfff] (subtractive decode)
[    0.181633] pci 0000:00:11.0:   bridge window [mem 0xc0000000-0xfebfffff] (subtractive decode)
[    0.181635] pci 0000:00:11.0:   bridge window [io  0x0000-0x0cf7] (subtractive decode)
[    0.181638] pci 0000:00:11.0:   bridge window [io  0x0d00-0xfeff] (subtractive decode)
[    0.182170] pci 0000:00:15.0: PCI bridge to [bus 03-03]
[    0.182195] pci 0000:00:15.0:   bridge window [io  0x4000-0x4fff]
[    0.182221] pci 0000:00:15.0:   bridge window [mem 0xca400000-0xca4fffff]
[    0.182270] pci 0000:00:15.0:   bridge window [mem 0xd8a00000-0xd8afffff 64bit pref]
[    0.182781] pci 0000:00:15.1: PCI bridge to [bus 04-04]
[    0.182806] pci 0000:00:15.1:   bridge window [io  0x8000-0x8fff]
[    0.182831] pci 0000:00:15.1:   bridge window [mem 0xca800000-0xca8fffff]
[    0.182880] pci 0000:00:15.1:   bridge window [mem 0xd8e00000-0xd8efffff 64bit pref]
[    0.183396] pci 0000:00:15.2: PCI bridge to [bus 05-05]
[    0.183421] pci 0000:00:15.2:   bridge window [io  0xc000-0xcfff]
[    0.183447] pci 0000:00:15.2:   bridge window [mem 0xcac00000-0xcacfffff]
[    0.183495] pci 0000:00:15.2:   bridge window [mem 0xd9200000-0xd92fffff 64bit pref]
[    0.184027] pci 0000:00:15.3: PCI bridge to [bus 06-06]
[    0.184076] pci 0000:00:15.3:   bridge window [mem 0xcb000000-0xcb0fffff]
[    0.184127] pci 0000:00:15.3:   bridge window [mem 0xd9600000-0xd96fffff 64bit pref]
[    0.184636] pci 0000:00:15.4: PCI bridge to [bus 07-07]
[    0.184685] pci 0000:00:15.4:   bridge window [mem 0xcb400000-0xcb4fffff]
[    0.184734] pci 0000:00:15.4:   bridge window [mem 0xd9a00000-0xd9afffff 64bit pref]
[    0.185251] pci 0000:00:15.5: PCI bridge to [bus 08-08]
[    0.185299] pci 0000:00:15.5:   bridge window [mem 0xcb800000-0xcb8fffff]
[    0.185347] pci 0000:00:15.5:   bridge window [mem 0xd9e00000-0xd9efffff 64bit pref]
[    0.185866] pci 0000:00:15.6: PCI bridge to [bus 09-09]
[    0.185914] pci 0000:00:15.6:   bridge window [mem 0xcbc00000-0xcbcfffff]
[    0.185963] pci 0000:00:15.6:   bridge window [mem 0xda200000-0xda2fffff 64bit pref]
[    0.186476] pci 0000:00:15.7: PCI bridge to [bus 0a-0a]
[    0.186525] pci 0000:00:15.7:   bridge window [mem 0xcc000000-0xcc0fffff]
[    0.186573] pci 0000:00:15.7:   bridge window [mem 0xda600000-0xda6fffff 64bit pref]
[    0.187091] pci 0000:00:16.0: PCI bridge to [bus 0b-0b]
[    0.187117] pci 0000:00:16.0:   bridge window [io  0x5000-0x5fff]
[    0.187143] pci 0000:00:16.0:   bridge window [mem 0xca500000-0xca5fffff]
[    0.187192] pci 0000:00:16.0:   bridge window [mem 0xd8b00000-0xd8bfffff 64bit pref]
[    0.187760] pci 0000:00:16.1: PCI bridge to [bus 0c-0c]
[    0.187785] pci 0000:00:16.1:   bridge window [io  0x9000-0x9fff]
[    0.187814] pci 0000:00:16.1:   bridge window [mem 0xca900000-0xca9fffff]
[    0.187863] pci 0000:00:16.1:   bridge window [mem 0xd8f00000-0xd8ffffff 64bit pref]
[    0.188352] pci 0000:00:16.2: PCI bridge to [bus 0d-0d]
[    0.188373] pci 0000:00:16.2:   bridge window [io  0xd000-0xdfff]
[    0.188394] pci 0000:00:16.2:   bridge window [mem 0xcad00000-0xcadfffff]
[    0.188433] pci 0000:00:16.2:   bridge window [mem 0xd9300000-0xd93fffff 64bit pref]
[    0.188847] pci 0000:00:16.3: PCI bridge to [bus 0e-0e]
[    0.188886] pci 0000:00:16.3:   bridge window [mem 0xcb100000-0xcb1fffff]
[    0.188932] pci 0000:00:16.3:   bridge window [mem 0xd9700000-0xd97fffff 64bit pref]
[    0.189442] pci 0000:00:16.4: PCI bridge to [bus 0f-0f]
[    0.189488] pci 0000:00:16.4:   bridge window [mem 0xcb500000-0xcb5fffff]
[    0.189536] pci 0000:00:16.4:   bridge window [mem 0xd9b00000-0xd9bfffff 64bit pref]
[    0.190071] pci 0000:00:16.5: PCI bridge to [bus 10-10]
[    0.190122] pci 0000:00:16.5:   bridge window [mem 0xcb900000-0xcb9fffff]
[    0.190178] pci 0000:00:16.5:   bridge window [mem 0xd9f00000-0xd9ffffff 64bit pref]
[    0.190749] pci 0000:00:16.6: PCI bridge to [bus 11-11]
[    0.190810] pci 0000:00:16.6:   bridge window [mem 0xcbd00000-0xcbdfffff]
[    0.190870] pci 0000:00:16.6:   bridge window [mem 0xda300000-0xda3fffff 64bit pref]
[    0.191467] pci 0000:00:16.7: PCI bridge to [bus 12-12]
[    0.191526] pci 0000:00:16.7:   bridge window [mem 0xcc100000-0xcc1fffff]
[    0.191580] pci 0000:00:16.7:   bridge window [mem 0xda700000-0xda7fffff 64bit pref]
[    0.192185] pci 0000:00:17.0: PCI bridge to [bus 13-13]
[    0.192214] pci 0000:00:17.0:   bridge window [io  0x6000-0x6fff]
[    0.192246] pci 0000:00:17.0:   bridge window [mem 0xca600000-0xca6fffff]
[    0.192298] pci 0000:00:17.0:   bridge window [mem 0xd8c00000-0xd8cfffff 64bit pref]
[    0.192852] pci 0000:00:17.1: PCI bridge to [bus 14-14]
[    0.192881] pci 0000:00:17.1:   bridge window [io  0xa000-0xafff]
[    0.192913] pci 0000:00:17.1:   bridge window [mem 0xcaa00000-0xcaafffff]
[    0.192968] pci 0000:00:17.1:   bridge window [mem 0xd9000000-0xd90fffff 64bit pref]
[    0.193540] pci 0000:00:17.2: PCI bridge to [bus 15-15]
[    0.193566] pci 0000:00:17.2:   bridge window [io  0xe000-0xefff]
[    0.193597] pci 0000:00:17.2:   bridge window [mem 0xcae00000-0xcaefffff]
[    0.193654] pci 0000:00:17.2:   bridge window [mem 0xd9400000-0xd94fffff 64bit pref]
[    0.194209] pci 0000:00:17.3: PCI bridge to [bus 16-16]
[    0.194259] pci 0000:00:17.3:   bridge window [mem 0xcb200000-0xcb2fffff]
[    0.194305] pci 0000:00:17.3:   bridge window [mem 0xd9800000-0xd98fffff 64bit pref]
[    0.194856] pci 0000:00:17.4: PCI bridge to [bus 17-17]
[    0.194908] pci 0000:00:17.4:   bridge window [mem 0xcb600000-0xcb6fffff]
[    0.194961] pci 0000:00:17.4:   bridge window [mem 0xd9c00000-0xd9cfffff 64bit pref]
[    0.195502] pci 0000:00:17.5: PCI bridge to [bus 18-18]
[    0.195550] pci 0000:00:17.5:   bridge window [mem 0xcba00000-0xcbafffff]
[    0.195598] pci 0000:00:17.5:   bridge window [mem 0xda000000-0xda0fffff 64bit pref]
[    0.196131] pci 0000:00:17.6: PCI bridge to [bus 19-19]
[    0.196179] pci 0000:00:17.6:   bridge window [mem 0xcbe00000-0xcbefffff]
[    0.196227] pci 0000:00:17.6:   bridge window [mem 0xda400000-0xda4fffff 64bit pref]
[    0.196740] pci 0000:00:17.7: PCI bridge to [bus 1a-1a]
[    0.196788] pci 0000:00:17.7:   bridge window [mem 0xcc200000-0xcc2fffff]
[    0.196837] pci 0000:00:17.7:   bridge window [mem 0xda800000-0xda8fffff 64bit pref]
[    0.197356] pci 0000:00:18.0: PCI bridge to [bus 1b-1b]
[    0.197381] pci 0000:00:18.0:   bridge window [io  0x7000-0x7fff]
[    0.197407] pci 0000:00:18.0:   bridge window [mem 0xca700000-0xca7fffff]
[    0.197456] pci 0000:00:18.0:   bridge window [mem 0xd8d00000-0xd8dfffff 64bit pref]
[    0.197964] pci 0000:00:18.1: PCI bridge to [bus 1c-1c]
[    0.197989] pci 0000:00:18.1:   bridge window [io  0xb000-0xbfff]
[    0.198015] pci 0000:00:18.1:   bridge window [mem 0xcab00000-0xcabfffff]
[    0.198064] pci 0000:00:18.1:   bridge window [mem 0xd9100000-0xd91fffff 64bit pref]
[    0.198583] pci 0000:00:18.2: PCI bridge to [bus 1d-1d]
[    0.198608] pci 0000:00:18.2:   bridge window [io  0xf000-0xffff]
[    0.198634] pci 0000:00:18.2:   bridge window [mem 0xcaf00000-0xcaffffff]
[    0.198683] pci 0000:00:18.2:   bridge window [mem 0xd9500000-0xd95fffff 64bit pref]
[    0.199201] pci 0000:00:18.3: PCI bridge to [bus 1e-1e]
[    0.199249] pci 0000:00:18.3:   bridge window [mem 0xcb300000-0xcb3fffff]
[    0.199297] pci 0000:00:18.3:   bridge window [mem 0xd9900000-0xd99fffff 64bit pref]
[    0.199824] pci 0000:00:18.4: PCI bridge to [bus 1f-1f]
[    0.199872] pci 0000:00:18.4:   bridge window [mem 0xcb700000-0xcb7fffff]
[    0.199922] pci 0000:00:18.4:   bridge window [mem 0xd9d00000-0xd9dfffff 64bit pref]
[    0.200440] pci 0000:00:18.5: PCI bridge to [bus 20-20]
[    0.200489] pci 0000:00:18.5:   bridge window [mem 0xcbb00000-0xcbbfffff]
[    0.200537] pci 0000:00:18.5:   bridge window [mem 0xda100000-0xda1fffff 64bit pref]
[    0.201048] pci 0000:00:18.6: PCI bridge to [bus 21-21]
[    0.201107] pci 0000:00:18.6:   bridge window [mem 0xcbf00000-0xcbffffff]
[    0.201160] pci 0000:00:18.6:   bridge window [mem 0xda500000-0xda5fffff 64bit pref]
[    0.201661] pci 0000:00:18.7: PCI bridge to [bus 22-22]
[    0.201708] pci 0000:00:18.7:   bridge window [mem 0xcc300000-0xcc3fffff]
[    0.201757] pci 0000:00:18.7:   bridge window [mem 0xda900000-0xda9fffff 64bit pref]
[    0.203695] pci_bus 0000:00: on NUMA node 0
[    0.203701] ACPI: PCI Interrupt Routing Table [\_SB_.PCI0._PRT]
[    0.204552]  pci0000:00: Requesting ACPI _OSC control (0x1d)
[    0.204848]  pci0000:00: ACPI _OSC control (0x15) granted
[    0.279911] ACPI: PCI Interrupt Link [LNKA] (IRQs 3 4 5 6 7 *9 10 11 14 15)
[    0.279993] ACPI: PCI Interrupt Link [LNKB] (IRQs 3 4 5 6 7 9 10 *11 14 15)
[    0.280059] ACPI: PCI Interrupt Link [LNKC] (IRQs 3 4 5 6 7 9 *10 11 14 15)
[    0.280125] ACPI: PCI Interrupt Link [LNKD] (IRQs 3 4 *5 6 7 9 10 11 14 15)
[    0.280258] vgaarb: device added: PCI:0000:00:0f.0,decodes=io+mem,owns=io+mem,locks=none
[    0.280267] vgaarb: loaded
[    0.280268] vgaarb: bridge control possible 0000:00:0f.0
[    0.280346] i2c-core: driver [aat2870] using legacy suspend method
[    0.280347] i2c-core: driver [aat2870] using legacy resume method
[    0.280408] SCSI subsystem initialized
[    0.280446] libata version 3.00 loaded.
[    0.280475] usbcore: registered new interface driver usbfs
[    0.280484] usbcore: registered new interface driver hub
[    0.280506] usbcore: registered new device driver usb
[    0.280569] PCI: Using ACPI for IRQ routing
[    0.350888] PCI: pci_cache_line_size set to 64 bytes
[    0.350914] pci 0000:00:18.2: no compatible bridge window for [io  0xf000-0xffff]
[    0.351982] reserve RAM buffer: 000000000009f000 - 000000000009ffff 
[    0.351985] reserve RAM buffer: 000000003fee0000 - 000000003fffffff 
[    0.352088] NetLabel: Initializing
[    0.352090] NetLabel:  domain hash size = 128
[    0.352091] NetLabel:  protocols = UNLABELED CIPSOv4
[    0.352098] NetLabel:  unlabeled traffic allowed by default
[    0.352238] hpet0: at MMIO 0xfed00000, IRQs 2, 8, 0, 0, 0, 0, 0, 0, 0, 0, 0, 0, 0, 0, 0, 0
[    0.352244] hpet0: 16 comparators, 64-bit 14.318180 MHz counter
[    0.355322] Switching to clocksource hpet
[    0.360672] AppArmor: AppArmor Filesystem Enabled
[    0.360691] pnp: PnP ACPI init
[    0.360706] ACPI: bus type pnp registered
[    0.361331] pnp 00:00: [bus 00-ff]
[    0.361333] pnp 00:00: [mem 0x000a0000-0x000bffff window]
[    0.361335] pnp 00:00: [mem 0x000c0000-0x000c3fff window]
[    0.361336] pnp 00:00: [mem 0x000c4000-0x000c7fff window]
[    0.361338] pnp 00:00: [mem 0x000c8000-0x000cbfff window]
[    0.361339] pnp 00:00: [mem 0x000cc000-0x000cffff window]
[    0.361340] pnp 00:00: [mem 0x000d0000-0x000d3fff window]
[    0.361342] pnp 00:00: [mem 0x000d4000-0x000d7fff window]
[    0.361343] pnp 00:00: [mem 0x000d8000-0x000dbfff window]
[    0.361345] pnp 00:00: [mem 0x000dc000-0x000dffff window]
[    0.361346] pnp 00:00: [mem 0x000e0000-0x000e3fff window]
[    0.361347] pnp 00:00: [mem 0x000e4000-0x000e7fff window]
[    0.361349] pnp 00:00: [mem 0x000e8000-0x000ebfff window]
[    0.361350] pnp 00:00: [mem 0x000ec000-0x000effff window]
[    0.361352] pnp 00:00: [mem 0xc0000000-0xfebfffff window]
[    0.361354] pnp 00:00: [io  0x0cf8-0x0cff]
[    0.361355] pnp 00:00: [io  0x0000-0x0cf7 window]
[    0.361356] pnp 00:00: [io  0x0d00-0xfeff window]
[    0.361393] pnp 00:00: Plug and Play ACPI device, IDs PNP0a03 PNP0a08 (active)
[    0.361454] pnp 00:01: [io  0x0010-0x001f]
[    0.361455] pnp 00:01: [io  0x0024-0x0025]
[    0.361456] pnp 00:01: [io  0x0028-0x0029]
[    0.361457] pnp 00:01: [io  0x002c-0x002d]
[    0.361459] pnp 00:01: [io  0x002e-0x002f]
[    0.361460] pnp 00:01: [io  0x0030-0x0031]
[    0.361461] pnp 00:01: [io  0x0034-0x0035]
[    0.361462] pnp 00:01: [io  0x0038-0x0039]
[    0.361463] pnp 00:01: [io  0x003c-0x003d]
[    0.361464] pnp 00:01: [io  0x0050-0x0053]
[    0.361466] pnp 00:01: [io  0x0072-0x0077]
[    0.361467] pnp 00:01: [io  0x0080]
[    0.361468] pnp 00:01: [io  0x0090-0x009f]
[    0.361469] pnp 00:01: [io  0x00a4-0x00a5]
[    0.361470] pnp 00:01: [io  0x00a8-0x00a9]
[    0.361471] pnp 00:01: [io  0x00ac-0x00ad]
[    0.361472] pnp 00:01: [io  0x00b0-0x00b5]
[    0.361474] pnp 00:01: [io  0x00b8-0x00b9]
[    0.361475] pnp 00:01: [io  0x00bc-0x00bd]
[    0.361476] pnp 00:01: [io  0x1000-0x103f]
[    0.361477] pnp 00:01: [io  0x1040-0x104f]
[    0.361478] pnp 00:01: [io  0x0cf0-0x0cf1]
[    0.361534] system 00:01: [io  0x1000-0x103f] has been reserved
[    0.361538] system 00:01: [io  0x1040-0x104f] has been reserved
[    0.361540] system 00:01: [io  0x0cf0-0x0cf1] has been reserved
[    0.361543] system 00:01: Plug and Play ACPI device, IDs PNP0c02 (active)
[    0.361549] pnp 00:02: [io  0x0000-0x000f]
[    0.361550] pnp 00:02: [io  0x0081-0x008f]
[    0.361552] pnp 00:02: [io  0x00c0-0x00df]
[    0.361553] pnp 00:02: [dma 4]
[    0.361569] pnp 00:02: Plug and Play ACPI device, IDs PNP0200 (active)
[    0.361574] pnp 00:03: [io  0x0020-0x0021]
[    0.361576] pnp 00:03: [io  0x00a0-0x00a1]
[    0.361577] pnp 00:03: [io  0x04d0-0x04d1]
[    0.361578] pnp 00:03: [irq 2 disabled]
[    0.361593] pnp 00:03: Plug and Play ACPI device, IDs PNP0001 (active)
[    0.361599] pnp 00:04: [io  0x0070-0x0071]
[    0.361602] pnp 00:04: [irq 8]
[    0.361614] pnp 00:04: Plug and Play ACPI device, IDs PNP0b00 (active)
[    0.361619] pnp 00:05: [io  0x0061]
[    0.361631] pnp 00:05: Plug and Play ACPI device, IDs PNP0800 (active)
[    0.361636] pnp 00:06: [io  0x0060]
[    0.361637] pnp 00:06: [io  0x0064]
[    0.361638] pnp 00:06: [irq 1]
[    0.361653] pnp 00:06: Plug and Play ACPI device, IDs PNP0303 (active)
[    0.361658] pnp 00:07: [irq 12]
[    0.361670] pnp 00:07: Plug and Play ACPI device, IDs PNP0f13 (active)
[    0.361821] pnp 00:08: [mem 0xfed00000-0xfed003ff]
[    0.361869] system 00:08: [mem 0xfed00000-0xfed003ff] has been reserved
[    0.361871] system 00:08: Plug and Play ACPI device, IDs PNP0103 PNP0c01 (active)
[    0.366226] pnp 00:09: [io  0x0378-0x037f]
[    0.366229] pnp 00:09: [irq 7]
[    0.367469] pnp 00:09: Plug and Play ACPI device, IDs PNP0400 (active)
[    0.371170] pnp 00:0a: [io  0x03f8-0x03ff]
[    0.371173] pnp 00:0a: [irq 4]
[    0.372258] pnp 00:0a: Plug and Play ACPI device, IDs PNP0501 (active)
[    0.375425] pnp 00:0b: [io  0x02f8-0x02ff]
[    0.375428] pnp 00:0b: [irq 3]
[    0.376924] pnp 00:0b: Plug and Play ACPI device, IDs PNP0501 (active)
[    0.382908] pnp 00:0c: [io  0x03f0-0x03f5]
[    0.382911] pnp 00:0c: [io  0x03f7]
[    0.382912] pnp 00:0c: [irq 6]
[    0.382914] pnp 00:0c: [dma 2]
[    0.384004] pnp 00:0c: Plug and Play ACPI device, IDs PNP0700 (active)
[    0.384166] pnp 00:0d: [mem 0xe0000000-0xefffffff]
[    0.384168] pnp 00:0d: [io  0x1060-0x107f]
[    0.384169] pnp 00:0d: [mem 0xc8200000-0xc83fffff]
[    0.384212] system 00:0d: [io  0x1060-0x107f] has been reserved
[    0.384215] system 00:0d: [mem 0xe0000000-0xefffffff] has been reserved
[    0.384217] system 00:0d: [mem 0xc8200000-0xc83fffff] has been reserved
[    0.384219] system 00:0d: Plug and Play ACPI device, IDs PNP0c02 (active)
[    0.389118] pnp: PnP ACPI: found 14 devices
[    0.389119] ACPI: ACPI bus type pnp unregistered
[    0.389123] PnPBIOS: Disabled by ACPI PNP
[    0.424780] PCI: max bus depth: 1 pci_try_num: 2
[    0.427281] pci 0000:00:0f.0: BAR 6: assigned [mem 0xc0000000-0xc0007fff pref]
[    0.427287] pci 0000:00:10.0: BAR 6: assigned [mem 0xc0008000-0xc000bfff pref]
[    0.427293] pci 0000:00:18.7: BAR 13: can't assign io (size 0x1000)
[    0.427299] pci 0000:00:18.6: BAR 13: can't assign io (size 0x1000)
[    0.427304] pci 0000:00:18.5: BAR 13: can't assign io (size 0x1000)
[    0.427308] pci 0000:00:18.4: BAR 13: can't assign io (size 0x1000)
[    0.427313] pci 0000:00:18.3: BAR 13: can't assign io (size 0x1000)
[    0.427318] pci 0000:00:18.2: BAR 13: can't assign io (size 0x1000)
[    0.427323] pci 0000:00:17.7: BAR 13: can't assign io (size 0x1000)
[    0.427327] pci 0000:00:17.6: BAR 13: can't assign io (size 0x1000)
[    0.427332] pci 0000:00:17.5: BAR 13: can't assign io (size 0x1000)
[    0.427337] pci 0000:00:17.4: BAR 13: can't assign io (size 0x1000)
[    0.427342] pci 0000:00:17.3: BAR 13: can't assign io (size 0x1000)
[    0.427347] pci 0000:00:16.7: BAR 13: can't assign io (size 0x1000)
[    0.427351] pci 0000:00:16.6: BAR 13: can't assign io (size 0x1000)
[    0.427356] pci 0000:00:16.5: BAR 13: can't assign io (size 0x1000)
[    0.427361] pci 0000:00:16.4: BAR 13: can't assign io (size 0x1000)
[    0.427366] pci 0000:00:16.3: BAR 13: can't assign io (size 0x1000)
[    0.427371] pci 0000:00:15.7: BAR 13: can't assign io (size 0x1000)
[    0.427375] pci 0000:00:15.6: BAR 13: can't assign io (size 0x1000)
[    0.427380] pci 0000:00:15.5: BAR 13: can't assign io (size 0x1000)
[    0.427385] pci 0000:00:15.4: BAR 13: can't assign io (size 0x1000)
[    0.427390] pci 0000:00:15.3: BAR 13: can't assign io (size 0x1000)
[    0.427394] pci 0000:00:01.0: PCI bridge to [bus 01-01]
[    0.427449] pci 0000:02:01.0: BAR 6: assigned [mem 0xd8400000-0xd840ffff pref]
[    0.427453] pci 0000:00:11.0: PCI bridge to [bus 02-02]
[    0.427469] pci 0000:00:11.0:   bridge window [io  0x2000-0x3fff]
[    0.427511] pci 0000:00:11.0:   bridge window [mem 0xc9000000-0xca3fffff]
[    0.427540] pci 0000:00:11.0:   bridge window [mem 0xd8400000-0xd89fffff 64bit pref]
[    0.427595] pci 0000:00:15.0: PCI bridge to [bus 03-03]
[    0.427611] pci 0000:00:15.0:   bridge window [io  0x4000-0x4fff]
[    0.427653] pci 0000:00:15.0:   bridge window [mem 0xca400000-0xca4fffff]
[    0.427683] pci 0000:00:15.0:   bridge window [mem 0xd8a00000-0xd8afffff 64bit pref]
[    0.427738] pci 0000:00:15.1: PCI bridge to [bus 04-04]
[    0.427755] pci 0000:00:15.1:   bridge window [io  0x8000-0x8fff]
[    0.427796] pci 0000:00:15.1:   bridge window [mem 0xca800000-0xca8fffff]
[    0.427826] pci 0000:00:15.1:   bridge window [mem 0xd8e00000-0xd8efffff 64bit pref]
[    0.427881] pci 0000:00:15.2: PCI bridge to [bus 05-05]
[    0.427897] pci 0000:00:15.2:   bridge window [io  0xc000-0xcfff]
[    0.427939] pci 0000:00:15.2:   bridge window [mem 0xcac00000-0xcacfffff]
[    0.427968] pci 0000:00:15.2:   bridge window [mem 0xd9200000-0xd92fffff 64bit pref]
[    0.428023] pci 0000:00:15.3: PCI bridge to [bus 06-06]
[    0.428065] pci 0000:00:15.3:   bridge window [mem 0xcb000000-0xcb0fffff]
[    0.428094] pci 0000:00:15.3:   bridge window [mem 0xd9600000-0xd96fffff 64bit pref]
[    0.428149] pci 0000:00:15.4: PCI bridge to [bus 07-07]
[    0.428191] pci 0000:00:15.4:   bridge window [mem 0xcb400000-0xcb4fffff]
[    0.428220] pci 0000:00:15.4:   bridge window [mem 0xd9a00000-0xd9afffff 64bit pref]
[    0.428275] pci 0000:00:15.5: PCI bridge to [bus 08-08]
[    0.428317] pci 0000:00:15.5:   bridge window [mem 0xcb800000-0xcb8fffff]
[    0.428346] pci 0000:00:15.5:   bridge window [mem 0xd9e00000-0xd9efffff 64bit pref]
[    0.428401] pci 0000:00:15.6: PCI bridge to [bus 09-09]
[    0.428443] pci 0000:00:15.6:   bridge window [mem 0xcbc00000-0xcbcfffff]
[    0.428472] pci 0000:00:15.6:   bridge window [mem 0xda200000-0xda2fffff 64bit pref]
[    0.428527] pci 0000:00:15.7: PCI bridge to [bus 0a-0a]
[    0.428569] pci 0000:00:15.7:   bridge window [mem 0xcc000000-0xcc0fffff]
[    0.428598] pci 0000:00:15.7:   bridge window [mem 0xda600000-0xda6fffff 64bit pref]
[    0.428653] pci 0000:00:16.0: PCI bridge to [bus 0b-0b]
[    0.428670] pci 0000:00:16.0:   bridge window [io  0x5000-0x5fff]
[    0.428712] pci 0000:00:16.0:   bridge window [mem 0xca500000-0xca5fffff]
[    0.428741] pci 0000:00:16.0:   bridge window [mem 0xd8b00000-0xd8bfffff 64bit pref]
[    0.428796] pci 0000:00:16.1: PCI bridge to [bus 0c-0c]
[    0.428813] pci 0000:00:16.1:   bridge window [io  0x9000-0x9fff]
[    0.428856] pci 0000:00:16.1:   bridge window [mem 0xca900000-0xca9fffff]
[    0.428884] pci 0000:00:16.1:   bridge window [mem 0xd8f00000-0xd8ffffff 64bit pref]
[    0.428939] pci 0000:00:16.2: PCI bridge to [bus 0d-0d]
[    0.428956] pci 0000:00:16.2:   bridge window [io  0xd000-0xdfff]
[    0.428999] pci 0000:00:16.2:   bridge window [mem 0xcad00000-0xcadfffff]
[    0.429027] pci 0000:00:16.2:   bridge window [mem 0xd9300000-0xd93fffff 64bit pref]
[    0.429082] pci 0000:00:16.3: PCI bridge to [bus 0e-0e]
[    0.429124] pci 0000:00:16.3:   bridge window [mem 0xcb100000-0xcb1fffff]
[    0.429154] pci 0000:00:16.3:   bridge window [mem 0xd9700000-0xd97fffff 64bit pref]
[    0.429209] pci 0000:00:16.4: PCI bridge to [bus 0f-0f]
[    0.429251] pci 0000:00:16.4:   bridge window [mem 0xcb500000-0xcb5fffff]
[    0.429280] pci 0000:00:16.4:   bridge window [mem 0xd9b00000-0xd9bfffff 64bit pref]
[    0.429335] pci 0000:00:16.5: PCI bridge to [bus 10-10]
[    0.429378] pci 0000:00:16.5:   bridge window [mem 0xcb900000-0xcb9fffff]
[    0.429407] pci 0000:00:16.5:   bridge window [mem 0xd9f00000-0xd9ffffff 64bit pref]
[    0.429462] pci 0000:00:16.6: PCI bridge to [bus 11-11]
[    0.429503] pci 0000:00:16.6:   bridge window [mem 0xcbd00000-0xcbdfffff]
[    0.429532] pci 0000:00:16.6:   bridge window [mem 0xda300000-0xda3fffff 64bit pref]
[    0.429587] pci 0000:00:16.7: PCI bridge to [bus 12-12]
[    0.429629] pci 0000:00:16.7:   bridge window [mem 0xcc100000-0xcc1fffff]
[    0.429658] pci 0000:00:16.7:   bridge window [mem 0xda700000-0xda7fffff 64bit pref]
[    0.429713] pci 0000:00:17.0: PCI bridge to [bus 13-13]
[    0.429731] pci 0000:00:17.0:   bridge window [io  0x6000-0x6fff]
[    0.429773] pci 0000:00:17.0:   bridge window [mem 0xca600000-0xca6fffff]
[    0.429801] pci 0000:00:17.0:   bridge window [mem 0xd8c00000-0xd8cfffff 64bit pref]
[    0.429857] pci 0000:00:17.1: PCI bridge to [bus 14-14]
[    0.429874] pci 0000:00:17.1:   bridge window [io  0xa000-0xafff]
[    0.429929] pci 0000:00:17.1:   bridge window [mem 0xcaa00000-0xcaafffff]
[    0.429958] pci 0000:00:17.1:   bridge window [mem 0xd9000000-0xd90fffff 64bit pref]
[    0.430013] pci 0000:00:17.2: PCI bridge to [bus 15-15]
[    0.430030] pci 0000:00:17.2:   bridge window [io  0xe000-0xefff]
[    0.430071] pci 0000:00:17.2:   bridge window [mem 0xcae00000-0xcaefffff]
[    0.430100] pci 0000:00:17.2:   bridge window [mem 0xd9400000-0xd94fffff 64bit pref]
[    0.430155] pci 0000:00:17.3: PCI bridge to [bus 16-16]
[    0.430197] pci 0000:00:17.3:   bridge window [mem 0xcb200000-0xcb2fffff]
[    0.430226] pci 0000:00:17.3:   bridge window [mem 0xd9800000-0xd98fffff 64bit pref]
[    0.430281] pci 0000:00:17.4: PCI bridge to [bus 17-17]
[    0.430323] pci 0000:00:17.4:   bridge window [mem 0xcb600000-0xcb6fffff]
[    0.430351] pci 0000:00:17.4:   bridge window [mem 0xd9c00000-0xd9cfffff 64bit pref]
[    0.430406] pci 0000:00:17.5: PCI bridge to [bus 18-18]
[    0.430448] pci 0000:00:17.5:   bridge window [mem 0xcba00000-0xcbafffff]
[    0.430477] pci 0000:00:17.5:   bridge window [mem 0xda000000-0xda0fffff 64bit pref]
[    0.430532] pci 0000:00:17.6: PCI bridge to [bus 19-19]
[    0.430573] pci 0000:00:17.6:   bridge window [mem 0xcbe00000-0xcbefffff]
[    0.430602] pci 0000:00:17.6:   bridge window [mem 0xda400000-0xda4fffff 64bit pref]
[    0.430657] pci 0000:00:17.7: PCI bridge to [bus 1a-1a]
[    0.430699] pci 0000:00:17.7:   bridge window [mem 0xcc200000-0xcc2fffff]
[    0.430728] pci 0000:00:17.7:   bridge window [mem 0xda800000-0xda8fffff 64bit pref]
[    0.430783] pci 0000:00:18.0: PCI bridge to [bus 1b-1b]
[    0.430800] pci 0000:00:18.0:   bridge window [io  0x7000-0x7fff]
[    0.430842] pci 0000:00:18.0:   bridge window [mem 0xca700000-0xca7fffff]
[    0.430872] pci 0000:00:18.0:   bridge window [mem 0xd8d00000-0xd8dfffff 64bit pref]
[    0.430927] pci 0000:00:18.1: PCI bridge to [bus 1c-1c]
[    0.430945] pci 0000:00:18.1:   bridge window [io  0xb000-0xbfff]
[    0.430987] pci 0000:00:18.1:   bridge window [mem 0xcab00000-0xcabfffff]
[    0.431016] pci 0000:00:18.1:   bridge window [mem 0xd9100000-0xd91fffff 64bit pref]
[    0.431071] pci 0000:00:18.2: PCI bridge to [bus 1d-1d]
[    0.431112] pci 0000:00:18.2:   bridge window [mem 0xcaf00000-0xcaffffff]
[    0.431141] pci 0000:00:18.2:   bridge window [mem 0xd9500000-0xd95fffff 64bit pref]
[    0.431148] pci 0000:00:18.3: PCI bridge to [bus 1e-1e]
[    0.431251] pci 0000:00:18.3:   bridge window [mem 0xcb300000-0xcb3fffff]
[    0.431280] pci 0000:00:18.3:   bridge window [mem 0xd9900000-0xd99fffff 64bit pref]
[    0.431335] pci 0000:00:18.4: PCI bridge to [bus 1f-1f]
[    0.431378] pci 0000:00:18.4:   bridge window [mem 0xcb700000-0xcb7fffff]
[    0.431407] pci 0000:00:18.4:   bridge window [mem 0xd9d00000-0xd9dfffff 64bit pref]
[    0.431462] pci 0000:00:18.5: PCI bridge to [bus 20-20]
[    0.431504] pci 0000:00:18.5:   bridge window [mem 0xcbb00000-0xcbbfffff]
[    0.431533] pci 0000:00:18.5:   bridge window [mem 0xda100000-0xda1fffff 64bit pref]
[    0.431588] pci 0000:00:18.6: PCI bridge to [bus 21-21]
[    0.431630] pci 0000:00:18.6:   bridge window [mem 0xcbf00000-0xcbffffff]
[    0.431659] pci 0000:00:18.6:   bridge window [mem 0xda500000-0xda5fffff 64bit pref]
[    0.431714] pci 0000:00:18.7: PCI bridge to [bus 22-22]
[    0.431756] pci 0000:00:18.7:   bridge window [mem 0xcc300000-0xcc3fffff]
[    0.431785] pci 0000:00:18.7:   bridge window [mem 0xda900000-0xda9fffff 64bit pref]
[    0.431840] pci 0000:00:01.0: setting latency timer to 64
[    0.431895] pci 0000:00:15.0: setting latency timer to 64
[    0.431950] pci 0000:00:15.1: setting latency timer to 64
[    0.432005] pci 0000:00:15.2: setting latency timer to 64
[    0.432060] pci 0000:00:15.3: setting latency timer to 64
[    0.432115] pci 0000:00:15.4: setting latency timer to 64
[    0.432170] pci 0000:00:15.5: setting latency timer to 64
[    0.432225] pci 0000:00:15.6: setting latency timer to 64
[    0.432281] pci 0000:00:15.7: setting latency timer to 64
[    0.432336] pci 0000:00:16.0: setting latency timer to 64
[    0.432391] pci 0000:00:16.1: setting latency timer to 64
[    0.432446] pci 0000:00:16.2: setting latency timer to 64
[    0.432501] pci 0000:00:16.3: setting latency timer to 64
[    0.432556] pci 0000:00:16.4: setting latency timer to 64
[    0.432611] pci 0000:00:16.5: setting latency timer to 64
[    0.432666] pci 0000:00:16.6: setting latency timer to 64
[    0.432721] pci 0000:00:16.7: setting latency timer to 64
[    0.432776] pci 0000:00:17.0: setting latency timer to 64
[    0.432831] pci 0000:00:17.1: setting latency timer to 64
[    0.432886] pci 0000:00:17.2: setting latency timer to 64
[    0.432941] pci 0000:00:17.3: setting latency timer to 64
[    0.432996] pci 0000:00:17.4: setting latency timer to 64
[    0.433051] pci 0000:00:17.5: setting latency timer to 64
[    0.433106] pci 0000:00:17.6: setting latency timer to 64
[    0.433161] pci 0000:00:17.7: setting latency timer to 64
[    0.433216] pci 0000:00:18.0: setting latency timer to 64
[    0.433271] pci 0000:00:18.1: setting latency timer to 64
[    0.433326] pci 0000:00:18.2: setting latency timer to 64
[    0.433381] pci 0000:00:18.3: setting latency timer to 64
[    0.433436] pci 0000:00:18.4: setting latency timer to 64
[    0.433491] pci 0000:00:18.5: setting latency timer to 64
[    0.433546] pci 0000:00:18.6: setting latency timer to 64
[    0.433601] pci 0000:00:18.7: setting latency timer to 64
[    0.433616] pci_bus 0000:00: resource 4 [mem 0x000a0000-0x000bffff]
[    0.433618] pci_bus 0000:00: resource 5 [mem 0x000cc000-0x000cffff]
[    0.433620] pci_bus 0000:00: resource 6 [mem 0x000d0000-0x000d3fff]
[    0.433622] pci_bus 0000:00: resource 7 [mem 0x000d4000-0x000d7fff]
[    0.433624] pci_bus 0000:00: resource 8 [mem 0x000d8000-0x000dbfff]
[    0.433626] pci_bus 0000:00: resource 9 [mem 0xc0000000-0xfebfffff]
[    0.433629] pci_bus 0000:00: resource 10 [io  0x0000-0x0cf7]
[    0.433631] pci_bus 0000:00: resource 11 [io  0x0d00-0xfeff]
[    0.433633] pci_bus 0000:02: resource 0 [io  0x2000-0x3fff]
[    0.433635] pci_bus 0000:02: resource 1 [mem 0xc9000000-0xca3fffff]
[    0.433638] pci_bus 0000:02: resource 2 [mem 0xd8400000-0xd89fffff 64bit pref]
[    0.433640] pci_bus 0000:02: resource 4 [mem 0x000a0000-0x000bffff]
[    0.433642] pci_bus 0000:02: resource 5 [mem 0x000cc000-0x000cffff]
[    0.433644] pci_bus 0000:02: resource 6 [mem 0x000d0000-0x000d3fff]
[    0.433646] pci_bus 0000:02: resource 7 [mem 0x000d4000-0x000d7fff]
[    0.433648] pci_bus 0000:02: resource 8 [mem 0x000d8000-0x000dbfff]
[    0.433650] pci_bus 0000:02: resource 9 [mem 0xc0000000-0xfebfffff]
[    0.433652] pci_bus 0000:02: resource 10 [io  0x0000-0x0cf7]
[    0.433654] pci_bus 0000:02: resource 11 [io  0x0d00-0xfeff]
[    0.433656] pci_bus 0000:03: resource 0 [io  0x4000-0x4fff]
[    0.433658] pci_bus 0000:03: resource 1 [mem 0xca400000-0xca4fffff]
[    0.433660] pci_bus 0000:03: resource 2 [mem 0xd8a00000-0xd8afffff 64bit pref]
[    0.433662] pci_bus 0000:04: resource 0 [io  0x8000-0x8fff]
[    0.433665] pci_bus 0000:04: resource 1 [mem 0xca800000-0xca8fffff]
[    0.433667] pci_bus 0000:04: resource 2 [mem 0xd8e00000-0xd8efffff 64bit pref]
[    0.433669] pci_bus 0000:05: resource 0 [io  0xc000-0xcfff]
[    0.433671] pci_bus 0000:05: resource 1 [mem 0xcac00000-0xcacfffff]
[    0.433673] pci_bus 0000:05: resource 2 [mem 0xd9200000-0xd92fffff 64bit pref]
[    0.433675] pci_bus 0000:06: resource 1 [mem 0xcb000000-0xcb0fffff]
[    0.433677] pci_bus 0000:06: resource 2 [mem 0xd9600000-0xd96fffff 64bit pref]
[    0.433680] pci_bus 0000:07: resource 1 [mem 0xcb400000-0xcb4fffff]
[    0.433682] pci_bus 0000:07: resource 2 [mem 0xd9a00000-0xd9afffff 64bit pref]
[    0.433684] pci_bus 0000:08: resource 1 [mem 0xcb800000-0xcb8fffff]
[    0.433686] pci_bus 0000:08: resource 2 [mem 0xd9e00000-0xd9efffff 64bit pref]
[    0.433688] pci_bus 0000:09: resource 1 [mem 0xcbc00000-0xcbcfffff]
[    0.433691] pci_bus 0000:09: resource 2 [mem 0xda200000-0xda2fffff 64bit pref]
[    0.433693] pci_bus 0000:0a: resource 1 [mem 0xcc000000-0xcc0fffff]
[    0.433695] pci_bus 0000:0a: resource 2 [mem 0xda600000-0xda6fffff 64bit pref]
[    0.433697] pci_bus 0000:0b: resource 0 [io  0x5000-0x5fff]
[    0.433699] pci_bus 0000:0b: resource 1 [mem 0xca500000-0xca5fffff]
[    0.433701] pci_bus 0000:0b: resource 2 [mem 0xd8b00000-0xd8bfffff 64bit pref]
[    0.433704] pci_bus 0000:0c: resource 0 [io  0x9000-0x9fff]
[    0.433706] pci_bus 0000:0c: resource 1 [mem 0xca900000-0xca9fffff]
[    0.433708] pci_bus 0000:0c: resource 2 [mem 0xd8f00000-0xd8ffffff 64bit pref]
[    0.433710] pci_bus 0000:0d: resource 0 [io  0xd000-0xdfff]
[    0.433712] pci_bus 0000:0d: resource 1 [mem 0xcad00000-0xcadfffff]
[    0.433714] pci_bus 0000:0d: resource 2 [mem 0xd9300000-0xd93fffff 64bit pref]
[    0.433716] pci_bus 0000:0e: resource 1 [mem 0xcb100000-0xcb1fffff]
[    0.433718] pci_bus 0000:0e: resource 2 [mem 0xd9700000-0xd97fffff 64bit pref]
[    0.433721] pci_bus 0000:0f: resource 1 [mem 0xcb500000-0xcb5fffff]
[    0.433723] pci_bus 0000:0f: resource 2 [mem 0xd9b00000-0xd9bfffff 64bit pref]
[    0.433725] pci_bus 0000:10: resource 1 [mem 0xcb900000-0xcb9fffff]
[    0.433727] pci_bus 0000:10: resource 2 [mem 0xd9f00000-0xd9ffffff 64bit pref]
[    0.433729] pci_bus 0000:11: resource 1 [mem 0xcbd00000-0xcbdfffff]
[    0.433732] pci_bus 0000:11: resource 2 [mem 0xda300000-0xda3fffff 64bit pref]
[    0.433734] pci_bus 0000:12: resource 1 [mem 0xcc100000-0xcc1fffff]
[    0.433736] pci_bus 0000:12: resource 2 [mem 0xda700000-0xda7fffff 64bit pref]
[    0.433738] pci_bus 0000:13: resource 0 [io  0x6000-0x6fff]
[    0.433740] pci_bus 0000:13: resource 1 [mem 0xca600000-0xca6fffff]
[    0.433742] pci_bus 0000:13: resource 2 [mem 0xd8c00000-0xd8cfffff 64bit pref]
[    0.433744] pci_bus 0000:14: resource 0 [io  0xa000-0xafff]
[    0.433746] pci_bus 0000:14: resource 1 [mem 0xcaa00000-0xcaafffff]
[    0.433749] pci_bus 0000:14: resource 2 [mem 0xd9000000-0xd90fffff 64bit pref]
[    0.433751] pci_bus 0000:15: resource 0 [io  0xe000-0xefff]
[    0.433753] pci_bus 0000:15: resource 1 [mem 0xcae00000-0xcaefffff]
[    0.433755] pci_bus 0000:15: resource 2 [mem 0xd9400000-0xd94fffff 64bit pref]
[    0.433757] pci_bus 0000:16: resource 1 [mem 0xcb200000-0xcb2fffff]
[    0.433759] pci_bus 0000:16: resource 2 [mem 0xd9800000-0xd98fffff 64bit pref]
[    0.433762] pci_bus 0000:17: resource 1 [mem 0xcb600000-0xcb6fffff]
[    0.433764] pci_bus 0000:17: resource 2 [mem 0xd9c00000-0xd9cfffff 64bit pref]
[    0.433766] pci_bus 0000:18: resource 1 [mem 0xcba00000-0xcbafffff]
[    0.433768] pci_bus 0000:18: resource 2 [mem 0xda000000-0xda0fffff 64bit pref]
[    0.433770] pci_bus 0000:19: resource 1 [mem 0xcbe00000-0xcbefffff]
[    0.433772] pci_bus 0000:19: resource 2 [mem 0xda400000-0xda4fffff 64bit pref]
[    0.433775] pci_bus 0000:1a: resource 1 [mem 0xcc200000-0xcc2fffff]
[    0.433777] pci_bus 0000:1a: resource 2 [mem 0xda800000-0xda8fffff 64bit pref]
[    0.433779] pci_bus 0000:1b: resource 0 [io  0x7000-0x7fff]
[    0.433781] pci_bus 0000:1b: resource 1 [mem 0xca700000-0xca7fffff]
[    0.433783] pci_bus 0000:1b: resource 2 [mem 0xd8d00000-0xd8dfffff 64bit pref]
[    0.433785] pci_bus 0000:1c: resource 0 [io  0xb000-0xbfff]
[    0.433787] pci_bus 0000:1c: resource 1 [mem 0xcab00000-0xcabfffff]
[    0.433789] pci_bus 0000:1c: resource 2 [mem 0xd9100000-0xd91fffff 64bit pref]
[    0.433792] pci_bus 0000:1d: resource 1 [mem 0xcaf00000-0xcaffffff]
[    0.433794] pci_bus 0000:1d: resource 2 [mem 0xd9500000-0xd95fffff 64bit pref]
[    0.433796] pci_bus 0000:1e: resource 1 [mem 0xcb300000-0xcb3fffff]
[    0.433798] pci_bus 0000:1e: resource 2 [mem 0xd9900000-0xd99fffff 64bit pref]
[    0.433800] pci_bus 0000:1f: resource 1 [mem 0xcb700000-0xcb7fffff]
[    0.433802] pci_bus 0000:1f: resource 2 [mem 0xd9d00000-0xd9dfffff 64bit pref]
[    0.433805] pci_bus 0000:20: resource 1 [mem 0xcbb00000-0xcbbfffff]
[    0.433807] pci_bus 0000:20: resource 2 [mem 0xda100000-0xda1fffff 64bit pref]
[    0.433809] pci_bus 0000:21: resource 1 [mem 0xcbf00000-0xcbffffff]
[    0.433811] pci_bus 0000:21: resource 2 [mem 0xda500000-0xda5fffff 64bit pref]
[    0.433813] pci_bus 0000:22: resource 1 [mem 0xcc300000-0xcc3fffff]
[    0.433815] pci_bus 0000:22: resource 2 [mem 0xda900000-0xda9fffff 64bit pref]
[    0.433847] NET: Registered protocol family 2
[    0.433886] IP route cache hash table entries: 32768 (order: 5, 131072 bytes)
[    0.433941] TCP established hash table entries: 131072 (order: 8, 1048576 bytes)
[    0.433996] TCP bind hash table entries: 65536 (order: 7, 524288 bytes)
[    0.434051] TCP: Hash tables configured (established 131072 bind 65536)
[    0.434054] TCP reno registered
[    0.434057] UDP hash table entries: 512 (order: 2, 16384 bytes)
[    0.434064] UDP-Lite hash table entries: 512 (order: 2, 16384 bytes)
[    0.434103] NET: Registered protocol family 1
[    0.434111] pci 0000:00:00.0: Limiting direct PCI/PCI transfers
[    0.434166] pci 0000:00:0f.0: Boot video device
[    0.434221] ACPI: PCI Interrupt Link [LNKC] enabled at IRQ 10
[    0.434224] PCI: setting IRQ 10 as level-triggered
[    0.434231] pci 0000:02:00.0: PCI INT A -> Link[LNKC] -> GSI 10 (level, low) -> IRQ 10
[    0.434334] pci 0000:02:00.0: PCI INT A disabled
[    0.434389] ACPI: PCI Interrupt Link [LNKB] enabled at IRQ 11
[    0.434392] PCI: setting IRQ 11 as level-triggered
[    0.434396] pci 0000:02:03.0: PCI INT A -> Link[LNKB] -> GSI 11 (level, low) -> IRQ 11
[    0.434451] pci 0000:02:03.0: PCI INT A disabled
[    0.434465] PCI: CLS 32 bytes, default 64
[    0.434506] Simple Boot Flag at 0x36 set to 0x1
[    0.434510] Switching to clocksource tsc
[    0.434717] audit: initializing netlink socket (disabled)
[    0.434724] type=2000 audit(1369652156.415:1): initialized
[    0.447319] Trying to unpack rootfs image as initramfs...
[    0.467249] highmem bounce pool size: 64 pages
[    0.467254] HugeTLB registered 2 MB page size, pre-allocated 0 pages
[    0.471247] VFS: Disk quotas dquot_6.5.2
[    0.471295] Dquot-cache hash table entries: 1024 (order 0, 4096 bytes)
[    0.471413] fuse init (API version 7.17)
[    0.471474] msgmni has been set to 1710
[    0.483281] Block layer SCSI generic (bsg) driver version 0.4 loaded (major 253)
[    0.487188] io scheduler noop registered
[    0.487190] io scheduler deadline registered
[    0.487198] io scheduler cfq registered (default)
[    0.487253] pcieport 0000:00:15.0: setting latency timer to 64
[    0.487308] pcieport 0000:00:15.0: irq 40 for MSI/MSI-X
[    0.487363] pcieport 0000:00:15.1: setting latency timer to 64
[    0.487418] pcieport 0000:00:15.1: irq 41 for MSI/MSI-X
[    0.487473] pcieport 0000:00:15.2: setting latency timer to 64
[    0.487528] pcieport 0000:00:15.2: irq 42 for MSI/MSI-X
[    0.487583] pcieport 0000:00:15.3: setting latency timer to 64
[    0.487638] pcieport 0000:00:15.3: irq 43 for MSI/MSI-X
[    0.487693] pcieport 0000:00:15.4: setting latency timer to 64
[    0.487748] pcieport 0000:00:15.4: irq 44 for MSI/MSI-X
[    0.487803] pcieport 0000:00:15.5: setting latency timer to 64
[    0.487858] pcieport 0000:00:15.5: irq 45 for MSI/MSI-X
[    0.487913] pcieport 0000:00:15.6: setting latency timer to 64
[    0.487968] pcieport 0000:00:15.6: irq 46 for MSI/MSI-X
[    0.488023] pcieport 0000:00:15.7: setting latency timer to 64
[    0.488078] pcieport 0000:00:15.7: irq 47 for MSI/MSI-X
[    0.488133] pcieport 0000:00:16.0: setting latency timer to 64
[    0.488188] pcieport 0000:00:16.0: irq 48 for MSI/MSI-X
[    0.488243] pcieport 0000:00:16.1: setting latency timer to 64
[    0.488298] pcieport 0000:00:16.1: irq 49 for MSI/MSI-X
[    0.488353] pcieport 0000:00:16.2: setting latency timer to 64
[    0.488408] pcieport 0000:00:16.2: irq 50 for MSI/MSI-X
[    0.488463] pcieport 0000:00:16.3: setting latency timer to 64
[    0.488518] pcieport 0000:00:16.3: irq 51 for MSI/MSI-X
[    0.488573] pcieport 0000:00:16.4: setting latency timer to 64
[    0.488628] pcieport 0000:00:16.4: irq 52 for MSI/MSI-X
[    0.488684] pcieport 0000:00:16.5: setting latency timer to 64
[    0.488739] pcieport 0000:00:16.5: irq 53 for MSI/MSI-X
[    0.488794] pcieport 0000:00:16.6: setting latency timer to 64
[    0.488849] pcieport 0000:00:16.6: irq 54 for MSI/MSI-X
[    0.488904] pcieport 0000:00:16.7: setting latency timer to 64
[    0.488959] pcieport 0000:00:16.7: irq 55 for MSI/MSI-X
[    0.489014] pcieport 0000:00:17.0: setting latency timer to 64
[    0.489069] pcieport 0000:00:17.0: irq 56 for MSI/MSI-X
[    0.489124] pcieport 0000:00:17.1: setting latency timer to 64
[    0.489179] pcieport 0000:00:17.1: irq 57 for MSI/MSI-X
[    0.489234] pcieport 0000:00:17.2: setting latency timer to 64
[    0.489289] pcieport 0000:00:17.2: irq 58 for MSI/MSI-X
[    0.489344] pcieport 0000:00:17.3: setting latency timer to 64
[    0.489399] pcieport 0000:00:17.3: irq 59 for MSI/MSI-X
[    0.489454] pcieport 0000:00:17.4: setting latency timer to 64
[    0.489509] pcieport 0000:00:17.4: irq 60 for MSI/MSI-X
[    0.489564] pcieport 0000:00:17.5: setting latency timer to 64
[    0.489619] pcieport 0000:00:17.5: irq 61 for MSI/MSI-X
[    0.489674] pcieport 0000:00:17.6: setting latency timer to 64
[    0.489729] pcieport 0000:00:17.6: irq 62 for MSI/MSI-X
[    0.489784] pcieport 0000:00:17.7: setting latency timer to 64
[    0.489839] pcieport 0000:00:17.7: irq 63 for MSI/MSI-X
[    0.489894] pcieport 0000:00:18.0: setting latency timer to 64
[    0.489949] pcieport 0000:00:18.0: irq 64 for MSI/MSI-X
[    0.490004] pcieport 0000:00:18.1: setting latency timer to 64
[    0.490059] pcieport 0000:00:18.1: irq 65 for MSI/MSI-X
[    0.490114] pcieport 0000:00:18.2: setting latency timer to 64
[    0.490169] pcieport 0000:00:18.2: irq 66 for MSI/MSI-X
[    0.490224] pcieport 0000:00:18.3: setting latency timer to 64
[    0.490280] pcieport 0000:00:18.3: irq 67 for MSI/MSI-X
[    0.490335] pcieport 0000:00:18.4: setting latency timer to 64
[    0.490390] pcieport 0000:00:18.4: irq 68 for MSI/MSI-X
[    0.490445] pcieport 0000:00:18.5: setting latency timer to 64
[    0.490500] pcieport 0000:00:18.5: irq 69 for MSI/MSI-X
[    0.490555] pcieport 0000:00:18.6: setting latency timer to 64
[    0.490610] pcieport 0000:00:18.6: irq 70 for MSI/MSI-X
[    0.491162] pcieport 0000:00:18.7: setting latency timer to 64
[    0.491277] pcieport 0000:00:18.7: irq 71 for MSI/MSI-X
[    0.491332] pcieport 0000:00:15.0: Signaling PME through PCIe PME interrupt
[    0.491358] pcie_pme 0000:00:15.0:pcie01: service driver pcie_pme loaded
[    0.491413] pcieport 0000:00:15.1: Signaling PME through PCIe PME interrupt
[    0.491438] pcie_pme 0000:00:15.1:pcie01: service driver pcie_pme loaded
[    0.491493] pcieport 0000:00:15.2: Signaling PME through PCIe PME interrupt
[    0.491519] pcie_pme 0000:00:15.2:pcie01: service driver pcie_pme loaded
[    0.491574] pcieport 0000:00:15.3: Signaling PME through PCIe PME interrupt
[    0.491599] pcie_pme 0000:00:15.3:pcie01: service driver pcie_pme loaded
[    0.491654] pcieport 0000:00:15.4: Signaling PME through PCIe PME interrupt
[    0.491679] pcie_pme 0000:00:15.4:pcie01: service driver pcie_pme loaded
[    0.491734] pcieport 0000:00:15.5: Signaling PME through PCIe PME interrupt
[    0.491759] pcie_pme 0000:00:15.5:pcie01: service driver pcie_pme loaded
[    0.491814] pcieport 0000:00:15.6: Signaling PME through PCIe PME interrupt
[    0.491840] pcie_pme 0000:00:15.6:pcie01: service driver pcie_pme loaded
[    0.491895] pcieport 0000:00:15.7: Signaling PME through PCIe PME interrupt
[    0.491920] pcie_pme 0000:00:15.7:pcie01: service driver pcie_pme loaded
[    0.491975] pcieport 0000:00:16.0: Signaling PME through PCIe PME interrupt
[    0.492000] pcie_pme 0000:00:16.0:pcie01: service driver pcie_pme loaded
[    0.492055] pcieport 0000:00:16.1: Signaling PME through PCIe PME interrupt
[    0.492081] pcie_pme 0000:00:16.1:pcie01: service driver pcie_pme loaded
[    0.492136] pcieport 0000:00:16.2: Signaling PME through PCIe PME interrupt
[    0.492161] pcie_pme 0000:00:16.2:pcie01: service driver pcie_pme loaded
[    0.492216] pcieport 0000:00:16.3: Signaling PME through PCIe PME interrupt
[    0.492241] pcie_pme 0000:00:16.3:pcie01: service driver pcie_pme loaded
[    0.492296] pcieport 0000:00:16.4: Signaling PME through PCIe PME interrupt
[    0.492321] pcie_pme 0000:00:16.4:pcie01: service driver pcie_pme loaded
[    0.492376] pcieport 0000:00:16.5: Signaling PME through PCIe PME interrupt
[    0.492402] pcie_pme 0000:00:16.5:pcie01: service driver pcie_pme loaded
[    0.492457] pcieport 0000:00:16.6: Signaling PME through PCIe PME interrupt
[    0.492490] pcie_pme 0000:00:16.6:pcie01: service driver pcie_pme loaded
[    0.492545] pcieport 0000:00:16.7: Signaling PME through PCIe PME interrupt
[    0.492576] pcie_pme 0000:00:16.7:pcie01: service driver pcie_pme loaded
[    0.492631] pcieport 0000:00:17.0: Signaling PME through PCIe PME interrupt
[    0.492662] pcie_pme 0000:00:17.0:pcie01: service driver pcie_pme loaded
[    0.492717] pcieport 0000:00:17.1: Signaling PME through PCIe PME interrupt
[    0.492748] pcie_pme 0000:00:17.1:pcie01: service driver pcie_pme loaded
[    0.492803] pcieport 0000:00:17.2: Signaling PME through PCIe PME interrupt
[    0.492834] pcie_pme 0000:00:17.2:pcie01: service driver pcie_pme loaded
[    0.492889] pcieport 0000:00:17.3: Signaling PME through PCIe PME interrupt
[    0.492940] pcie_pme 0000:00:17.3:pcie01: service driver pcie_pme loaded
[    0.492995] pcieport 0000:00:17.4: Signaling PME through PCIe PME interrupt
[    0.493021] pcie_pme 0000:00:17.4:pcie01: service driver pcie_pme loaded
[    0.493076] pcieport 0000:00:17.5: Signaling PME through PCIe PME interrupt
[    0.493101] pcie_pme 0000:00:17.5:pcie01: service driver pcie_pme loaded
[    0.493156] pcieport 0000:00:17.6: Signaling PME through PCIe PME interrupt
[    0.493182] pcie_pme 0000:00:17.6:pcie01: service driver pcie_pme loaded
[    0.493237] pcieport 0000:00:17.7: Signaling PME through PCIe PME interrupt
[    0.493262] pcie_pme 0000:00:17.7:pcie01: service driver pcie_pme loaded
[    0.493317] pcieport 0000:00:18.0: Signaling PME through PCIe PME interrupt
[    0.493343] pcie_pme 0000:00:18.0:pcie01: service driver pcie_pme loaded
[    0.493398] pcieport 0000:00:18.1: Signaling PME through PCIe PME interrupt
[    0.493423] pcie_pme 0000:00:18.1:pcie01: service driver pcie_pme loaded
[    0.493478] pcieport 0000:00:18.2: Signaling PME through PCIe PME interrupt
[    0.493505] pcie_pme 0000:00:18.2:pcie01: service driver pcie_pme loaded
[    0.493560] pcieport 0000:00:18.3: Signaling PME through PCIe PME interrupt
[    0.493585] pcie_pme 0000:00:18.3:pcie01: service driver pcie_pme loaded
[    0.493640] pcieport 0000:00:18.4: Signaling PME through PCIe PME interrupt
[    0.493666] pcie_pme 0000:00:18.4:pcie01: service driver pcie_pme loaded
[    0.493721] pcieport 0000:00:18.5: Signaling PME through PCIe PME interrupt
[    0.493746] pcie_pme 0000:00:18.5:pcie01: service driver pcie_pme loaded
[    0.493801] pcieport 0000:00:18.6: Signaling PME through PCIe PME interrupt
[    0.493826] pcie_pme 0000:00:18.6:pcie01: service driver pcie_pme loaded
[    0.493882] pcieport 0000:00:18.7: Signaling PME through PCIe PME interrupt
[    0.493907] pcie_pme 0000:00:18.7:pcie01: service driver pcie_pme loaded
[    0.493927] pci_hotplug: PCI Hot Plug PCI Core version: 0.5
[    0.493982] pciehp 0000:00:15.0:pcie04: HPC vendor_id 15ad device_id 7a0 ss_vid 15ad ss_did 7a0
[    0.494037] pciehp 0000:00:15.0:pcie04: service driver pciehp loaded
[    0.494092] pciehp 0000:00:15.1:pcie04: HPC vendor_id 15ad device_id 7a0 ss_vid 15ad ss_did 7a0
[    0.494147] pciehp 0000:00:15.1:pcie04: service driver pciehp loaded
[    0.494202] pciehp 0000:00:15.2:pcie04: HPC vendor_id 15ad device_id 7a0 ss_vid 15ad ss_did 7a0
[    0.494257] pciehp 0000:00:15.2:pcie04: service driver pciehp loaded
[    0.494312] pciehp 0000:00:15.3:pcie04: HPC vendor_id 15ad device_id 7a0 ss_vid 15ad ss_did 7a0
[    0.494367] pciehp 0000:00:15.3:pcie04: service driver pciehp loaded
[    0.494422] pciehp 0000:00:15.4:pcie04: HPC vendor_id 15ad device_id 7a0 ss_vid 15ad ss_did 7a0
[    0.494477] pciehp 0000:00:15.4:pcie04: service driver pciehp loaded
[    0.494532] pciehp 0000:00:15.5:pcie04: HPC vendor_id 15ad device_id 7a0 ss_vid 15ad ss_did 7a0
[    0.494587] pciehp 0000:00:15.5:pcie04: service driver pciehp loaded
[    0.494642] pciehp 0000:00:15.6:pcie04: HPC vendor_id 15ad device_id 7a0 ss_vid 15ad ss_did 7a0
[    0.494697] pciehp 0000:00:15.6:pcie04: service driver pciehp loaded
[    0.494752] pciehp 0000:00:15.7:pcie04: HPC vendor_id 15ad device_id 7a0 ss_vid 15ad ss_did 7a0
[    0.494807] pciehp 0000:00:15.7:pcie04: service driver pciehp loaded
[    0.494862] pciehp 0000:00:16.0:pcie04: HPC vendor_id 15ad device_id 7a0 ss_vid 15ad ss_did 7a0
[    0.494917] pciehp 0000:00:16.0:pcie04: service driver pciehp loaded
[    0.494972] pciehp 0000:00:16.1:pcie04: HPC vendor_id 15ad device_id 7a0 ss_vid 15ad ss_did 7a0
[    0.495027] pciehp 0000:00:16.1:pcie04: service driver pciehp loaded
[    0.495082] pciehp 0000:00:16.2:pcie04: HPC vendor_id 15ad device_id 7a0 ss_vid 15ad ss_did 7a0
[    0.495171] pciehp 0000:00:16.2:pcie04: service driver pciehp loaded
[    0.499230] pciehp 0000:00:16.3:pcie04: HPC vendor_id 15ad device_id 7a0 ss_vid 15ad ss_did 7a0
[    0.499285] pciehp 0000:00:16.3:pcie04: service driver pciehp loaded
[    0.499340] pciehp 0000:00:16.4:pcie04: HPC vendor_id 15ad device_id 7a0 ss_vid 15ad ss_did 7a0
[    0.499395] pciehp 0000:00:16.4:pcie04: service driver pciehp loaded
[    0.499450] pciehp 0000:00:16.5:pcie04: HPC vendor_id 15ad device_id 7a0 ss_vid 15ad ss_did 7a0
[    0.499505] pciehp 0000:00:16.5:pcie04: service driver pciehp loaded
[    0.499560] pciehp 0000:00:16.6:pcie04: HPC vendor_id 15ad device_id 7a0 ss_vid 15ad ss_did 7a0
[    0.499615] pciehp 0000:00:16.6:pcie04: service driver pciehp loaded
[    0.499670] pciehp 0000:00:16.7:pcie04: HPC vendor_id 15ad device_id 7a0 ss_vid 15ad ss_did 7a0
[    0.499725] pciehp 0000:00:16.7:pcie04: service driver pciehp loaded
[    0.499780] pciehp 0000:00:17.0:pcie04: HPC vendor_id 15ad device_id 7a0 ss_vid 15ad ss_did 7a0
[    0.499835] pciehp 0000:00:17.0:pcie04: service driver pciehp loaded
[    0.499891] pciehp 0000:00:17.1:pcie04: HPC vendor_id 15ad device_id 7a0 ss_vid 15ad ss_did 7a0
[    0.499946] pciehp 0000:00:17.1:pcie04: service driver pciehp loaded
[    0.500001] pciehp 0000:00:17.2:pcie04: HPC vendor_id 15ad device_id 7a0 ss_vid 15ad ss_did 7a0
[    0.500056] pciehp 0000:00:17.2:pcie04: service driver pciehp loaded
[    0.500111] pciehp 0000:00:17.3:pcie04: HPC vendor_id 15ad device_id 7a0 ss_vid 15ad ss_did 7a0
[    0.500166] pciehp 0000:00:17.3:pcie04: service driver pciehp loaded
[    0.500221] pciehp 0000:00:17.4:pcie04: HPC vendor_id 15ad device_id 7a0 ss_vid 15ad ss_did 7a0
[    0.500276] pciehp 0000:00:17.4:pcie04: service driver pciehp loaded
[    0.500331] pciehp 0000:00:17.5:pcie04: HPC vendor_id 15ad device_id 7a0 ss_vid 15ad ss_did 7a0
[    0.500386] pciehp 0000:00:17.5:pcie04: service driver pciehp loaded
[    0.500441] pciehp 0000:00:17.6:pcie04: HPC vendor_id 15ad device_id 7a0 ss_vid 15ad ss_did 7a0
[    0.500496] pciehp 0000:00:17.6:pcie04: service driver pciehp loaded
[    0.500551] pciehp 0000:00:17.7:pcie04: HPC vendor_id 15ad device_id 7a0 ss_vid 15ad ss_did 7a0
[    0.500606] pciehp 0000:00:17.7:pcie04: service driver pciehp loaded
[    0.500661] pciehp 0000:00:18.0:pcie04: HPC vendor_id 15ad device_id 7a0 ss_vid 15ad ss_did 7a0
[    0.500716] pciehp 0000:00:18.0:pcie04: service driver pciehp loaded
[    0.500771] pciehp 0000:00:18.1:pcie04: HPC vendor_id 15ad device_id 7a0 ss_vid 15ad ss_did 7a0
[    0.500826] pciehp 0000:00:18.1:pcie04: service driver pciehp loaded
[    0.500881] pciehp 0000:00:18.2:pcie04: HPC vendor_id 15ad device_id 7a0 ss_vid 15ad ss_did 7a0
[    0.500936] pciehp 0000:00:18.2:pcie04: service driver pciehp loaded
[    0.500991] pciehp 0000:00:18.3:pcie04: HPC vendor_id 15ad device_id 7a0 ss_vid 15ad ss_did 7a0
[    0.501046] pciehp 0000:00:18.3:pcie04: service driver pciehp loaded
[    0.501101] pciehp 0000:00:18.4:pcie04: HPC vendor_id 15ad device_id 7a0 ss_vid 15ad ss_did 7a0
[    0.501156] pciehp 0000:00:18.4:pcie04: service driver pciehp loaded
[    0.501211] pciehp 0000:00:18.5:pcie04: HPC vendor_id 15ad device_id 7a0 ss_vid 15ad ss_did 7a0
[    0.501266] pciehp 0000:00:18.5:pcie04: service driver pciehp loaded
[    0.501321] pciehp 0000:00:18.6:pcie04: HPC vendor_id 15ad device_id 7a0 ss_vid 15ad ss_did 7a0
[    0.501376] pciehp 0000:00:18.6:pcie04: service driver pciehp loaded
[    0.501431] pciehp 0000:00:18.7:pcie04: HPC vendor_id 15ad device_id 7a0 ss_vid 15ad ss_did 7a0
[    0.501487] pciehp 0000:00:18.7:pcie04: service driver pciehp loaded
[    0.501495] pciehp: PCI Express Hot Plug Controller Driver version: 0.4
[    0.501550] ACPI: Deprecated procfs I/F for AC is loaded, please retry with CONFIG_ACPI_PROCFS_POWER cleared
[    0.501609] ACPI: AC Adapter [ACAD] (on-line)
[    0.507187] input: Power Button as /devices/LNXSYSTM:00/LNXPWRBN:00/input/input0
[    0.507192] ACPI: Power Button [PWRF]
[    0.527151] ERST: Table is not found!
[    0.527155] GHES: HEST is not enabled!
[    0.527311] Serial: 8250/16550 driver, 32 ports, IRQ sharing enabled
[    0.551015] serial8250: ttyS0 at I/O 0x3f8 (irq = 4) is a 16550A
[    0.555129] isapnp: Scanning for PnP cards...
[    0.686938] serial8250: ttyS1 at I/O 0x2f8 (irq = 3) is a 16550A
[    0.734745] 00:0a: ttyS0 at I/O 0x3f8 (irq = 4) is a 16550A
[    0.822730] 00:0b: ttyS1 at I/O 0x2f8 (irq = 3) is a 16550A
[    0.842818] Linux agpgart interface v0.103
[    0.842873] agpgart-intel 0000:00:00.0: Intel 440BX Chipset
[    0.842962] agpgart-intel 0000:00:00.0: AGP aperture is 256M @ 0x0
[    0.843678] brd: module loaded
[    0.844151] loop: module loaded
[    0.844206] ata_piix 0000:00:07.1: version 2.13
[    0.844288] scsi0 : ata_piix
[    0.846667] scsi1 : ata_piix
[    0.846722] ata1: PATA max UDMA/33 cmd 0x1f0 ctl 0x3f6 bmdma 0x10c0 irq 14
[    0.846726] ata2: PATA max UDMA/33 cmd 0x170 ctl 0x376 bmdma 0x10c8 irq 15
[    0.846786] Fixed MDIO Bus: probed
[    0.846806] tun: Universal TUN/TAP device driver, 1.6
[    0.846808] tun: (C) 1999-2004 Max Krasnyansky <maxk@qualcomm.com>
[    0.846881] PPP generic driver version 2.4.2
[    0.846970] ehci_hcd: USB 2.0 'Enhanced' Host Controller (EHCI) Driver
[    0.847009] ehci_hcd 0000:02:03.0: PCI INT A -> Link[LNKB] -> GSI 11 (level, low) -> IRQ 11
[    0.847064] ehci_hcd 0000:02:03.0: EHCI Host Controller
[    0.847112] ehci_hcd 0000:02:03.0: new USB bus registered, assigned bus number 1
[    0.847167] ehci_hcd 0000:02:03.0: cache line size of 32 is not supported
[    0.847176] ehci_hcd 0000:02:03.0: irq 11, io mem 0xc9000000
[    0.898200] ehci_hcd 0000:02:03.0: USB 2.0 started, EHCI 1.00
[    0.978524] hub 1-0:1.0: USB hub found
[    0.978529] hub 1-0:1.0: 6 ports detected
[    0.978582] ohci_hcd: USB 1.1 'Open' Host Controller (OHCI) Driver
[    0.978597] uhci_hcd: USB Universal Host Controller Interface driver
[    0.978642] uhci_hcd 0000:02:00.0: PCI INT A -> Link[LNKC] -> GSI 10 (level, low) -> IRQ 10
[    0.978684] uhci_hcd 0000:02:00.0: UHCI Host Controller
[    0.982439] uhci_hcd 0000:02:00.0: new USB bus registered, assigned bus number 2
[    0.982549] uhci_hcd 0000:02:00.0: irq 10, io base 0x000020c0
[    0.982666] hub 2-0:1.0: USB hub found
[    0.982670] hub 2-0:1.0: 2 ports detected
[    0.982722] usbcore: registered new interface driver libusual
[    0.982761] i8042: PNP: PS/2 Controller [PNP0303:KBC,PNP0f13:MOUS] at 0x60,0x64 irq 1,12
[    0.983097] serio: i8042 KBD port at 0x60,0x64 irq 1
[    0.983105] serio: i8042 AUX port at 0x60,0x64 irq 12
[    0.983195] mousedev: PS/2 mouse device common for all mice
[    0.983479] rtc_cmos 00:04: rtc core: registered rtc_cmos as rtc0
[    0.983497] rtc0: alarms up to one month, y3k, 114 bytes nvram, hpet irqs
[    0.983543] device-mapper: uevent: version 1.0.3
[    0.983591] device-mapper: ioctl: 4.22.0-ioctl (2011-10-19) initialised: dm-devel@redhat.com
[    0.983614] EISA: Probing bus 0 at eisa.0
[    0.983616] EISA: Cannot allocate resource for mainboard
[    0.983618] Cannot allocate resource for EISA slot 1
[    0.983620] Cannot allocate resource for EISA slot 2
[    0.983621] Cannot allocate resource for EISA slot 3
[    0.983623] Cannot allocate resource for EISA slot 4
[    0.983624] Cannot allocate resource for EISA slot 5
[    0.983626] Cannot allocate resource for EISA slot 6
[    0.983627] Cannot allocate resource for EISA slot 7
[    0.983629] Cannot allocate resource for EISA slot 8
[    0.983631] EISA: Detected 0 cards.
[    0.983638] cpufreq-nforce2: No nForce2 chipset.
[    0.983640] cpuidle: using governor ladder
[    0.983642] cpuidle: using governor menu
[    0.983643] EFI Variables Facility v0.08 2004-May-17
[    0.983696] TCP cubic registered
[    0.983748] NET: Registered protocol family 10
[    0.983934] NET: Registered protocol family 17
[    0.983939] Registering the dns_resolver key type
[    0.983952] Using IPI No-Shortcut mode
[    0.984018] PM: Hibernation image not present or could not be loaded.
[    0.984027] registered taskstats version 1
[    0.984534] Freeing initrd memory: 13836k freed
[    0.984639] input: AT Translated Set 2 keyboard as /devices/platform/i8042/serio0/input/input1
[    1.110345]   Magic number: 13:971:932
[    1.130294] rtc_cmos 00:04: setting system clock to 2013-05-27 10:55:58 UTC (1369652158)
[    1.130345] ata2.00: ATAPI: VMware Virtual IDE CDROM Drive, 00000001, max UDMA/33
[    1.173998] isapnp: No Plug & Play device found
[    1.174037] BIOS EDD facility v0.16 2004-Jun-25, 0 devices found
[    1.174038] EDD information not available.
[    1.174376] ata2.00: configured for UDMA/33
[    1.174742] scsi 1:0:0:0: CD-ROM            NECVMWar VMware IDE CDR10 1.00 PQ: 0 ANSI: 5
[    1.175341] sr0: scsi3-mmc drive: 306x/306x cd/rw xa/form2 cdda tray
[    1.175344] cdrom: Uniform CD-ROM driver Revision: 3.20
[    1.175436] sr 1:0:0:0: Attached scsi CD-ROM sr0
[    1.175482] sr 1:0:0:0: Attached scsi generic sg0 type 5
[    1.175542] Freeing unused kernel memory: 740k freed
[    1.175594] Write protecting the kernel text: 5816k
[    1.175604] Write protecting the kernel read-only data: 2376k
[    1.175605] NX-protecting the kernel data: 4424k
[    1.185387] udevd[85]: starting version 175
[    1.198498] VMware vmxnet3 virtual NIC driver - version 1.1.29.0-k-NAPI
[    1.202553] VMware PVSCSI driver - version 1.0.1.0-k
[    1.207333] VMware vmxnet virtual NIC driver
[    1.207386] ACPI: PCI Interrupt Link [LNKD] enabled at IRQ 5
[    1.207389] PCI: setting IRQ 5 as level-triggered
[    1.207395] vmxnet 0000:02:01.0: PCI INT A -> Link[LNKD] -> GSI 5 (level, low) -> IRQ 5
[    1.207447] Found vmxnet/PCI at 0x2024, irq 5.
[    1.207500] features:
[    1.207511] numRxBuffers = 100, numRxBuffers2 = 1
[    1.207563] vmxnet 0000:02:01.0: eth0: set_features() failed (-1); wanted 0x00004000, left 0x00004800
[    1.224232] Fusion MPT base driver 3.04.20
[    1.224234] Copyright (c) 1999-2008 LSI Corporation
[    1.224418] Fusion MPT SPI Host driver 3.04.20
[    1.224459] mptspi 0000:00:10.0: PCI INT A -> Link[LNKB] -> GSI 11 (level, low) -> IRQ 11
[    1.230536] mptbase: ioc0: Initiating bringup
[    1.243613] Floppy drive(s): fd0 is 1.44M
[    1.258245] FDC 0 is a post-1991 82077
[    1.302011] ioc0: LSI53C1030 B0: Capabilities={Initiator}
[    1.385840] usb 2-1: new full-speed USB device number 2 using uhci_hcd
[    1.461809] scsi2 : ioc0: LSI53C1030 B0, FwRev=01032920h, Ports=1, MaxQ=128, IRQ=11
[    1.518042] input: VMware VMware Virtual USB Mouse as /devices/pci0000:00/0000:00:11.0/0000:02:00.0/usb2/2-1/2-1:1.0/input/input2
[    1.518219] generic-usb 0003:0E0F:0003.0001: input,hidraw0: USB HID v1.10 Mouse [VMware VMware Virtual USB Mouse] on usb-0000:02:00.0-1/input0
[    1.518781] input: VMware VMware Virtual USB Mouse as /devices/pci0000:00/0000:00:11.0/0000:02:00.0/usb2/2-1/2-1:1.1/input/input3
[    1.518931] generic-usb 0003:0E0F:0003.0002: input,hidraw1: USB HID v1.10 Mouse [VMware VMware Virtual USB Mouse] on usb-0000:02:00.0-1/input1
[    1.519056] usbcore: registered new interface driver usbhid
[    1.519058] usbhid: USB HID core driver
[    1.574411] scsi 2:0:0:0: Direct-Access     VMware,  VMware Virtual S 1.0  PQ: 0 ANSI: 2
[    1.574419] scsi target2:0:0: Beginning Domain Validation
[    1.574994] scsi target2:0:0: Domain Validation skipping write tests
[    1.574998] scsi target2:0:0: Ending Domain Validation
[    1.575051] scsi target2:0:0: FAST-40 WIDE SCSI 80.0 MB/s ST (25 ns, offset 127)
[    1.577163] sd 2:0:0:0: [sda] 41943040 512-byte logical blocks: (21.4 GB/20.0 GiB)
[    1.577220] sd 2:0:0:0: [sda] Write Protect is off
[    1.577224] sd 2:0:0:0: [sda] Mode Sense: 61 00 00 00
[    1.577279] sd 2:0:0:0: [sda] Cache data unavailable
[    1.577282] sd 2:0:0:0: [sda] Assuming drive cache: write through
[    1.577636] sd 2:0:0:0: [sda] Cache data unavailable
[    1.577640] sd 2:0:0:0: [sda] Assuming drive cache: write through
[    1.578277] sd 2:0:0:0: Attached scsi generic sg1 type 0
[    1.578843]  sda: sda1 sda2 < sda5 >
[    1.579183] sd 2:0:0:0: [sda] Cache data unavailable
[    1.579186] sd 2:0:0:0: [sda] Assuming drive cache: write through
[    1.579188] sd 2:0:0:0: [sda] Attached SCSI disk
[    1.615075] EXT4-fs (sda1): INFO: recovery required on readonly filesystem
[    1.615079] EXT4-fs (sda1): write access will be enabled during recovery
[    1.625528] usb 2-2: new full-speed USB device number 3 using uhci_hcd
[    1.763042] hub 2-2:1.0: USB hub found
[    1.763665] EXT4-fs (sda1): recovery complete
[    1.764212] EXT4-fs (sda1): mounted filesystem with ordered data mode. Opts: (null)
[    1.764874] hub 2-2:1.0: 7 ports detected
[    3.044818] ADDRCONF(NETDEV_UP): eth0: link is not ready
[    3.061520] udevd[329]: starting version 175
[    3.108827] lp: driver loaded but no devices found
[    3.132905] Adding 1046524k swap on /dev/sda5.  Priority:-1 extents:1 across:1046524k 
[    3.194810] EXT4-fs (sda1): re-mounted. Opts: errors=remount-ro
[    3.218800] shpchp: Standard Hot Plug PCI Controller Driver version: 0.4
[    3.262703] piix4_smbus 0000:00:07.3: Host SMBus controller not enabled!
[    3.263049] [395]: VMCI: shared components initialized.
[    3.263049] Probing for vmci/PCI.
[    3.263215] ACPI: PCI Interrupt Link [LNKA] enabled at IRQ 9
[    3.263217] PCI: setting IRQ 9 as level-triggered
[    3.263223] vmci 0000:00:07.7: PCI INT A -> Link[LNKA] -> GSI 9 (level, low) -> IRQ 9
[    3.263264] Found vmci/PCI at 0x1080, irq 9.
[    3.263294] VMCI: using capabilities 0xc.
[    3.263364] [395]: VMCI: Host capability check passed.
[    3.263625] vmci 0000:00:07.7: irq 72 for MSI/MSI-X
[    3.263659] vmci 0000:00:07.7: irq 73 for MSI/MSI-X
[    3.263853] Registered vmci device.
[    3.266843] [395]: VMCI: Using guest personality
[    3.266869] [395]: VMCI: host components initialized.
[    3.302022] [395]: VMCI: Module registered (name=vmci,major=10,minor=57).
[    3.302026] [395]: VMCI: Using host personality
[    3.302028] [395]: VMCI: Module (name=vmci) is initialized
[    3.342312] ppdev: user-space parallel port driver
[    3.342827] parport_pc 00:09: reported by Plug and Play ACPI
[    3.343138] parport0: PC-style at 0x378, irq 7 [PCSPP,TRISTATE]
[    3.354229] Bluetooth: Core ver 2.16
[    3.355594] NET: Registered protocol family 31
[    3.355597] Bluetooth: HCI device and connection manager initialized
[    3.355600] Bluetooth: HCI socket layer initialized
[    3.355601] Bluetooth: L2CAP socket layer initialized
[    3.355607] Bluetooth: SCO socket layer initialized
[    3.378865] Bluetooth: BNEP (Ethernet Emulation) ver 1.3
[    3.378867] Bluetooth: BNEP filters: protocol multicast
[    3.387787] Bluetooth: RFCOMM TTY layer initialized
[    3.387792] Bluetooth: RFCOMM socket layer initialized
[    3.387793] Bluetooth: RFCOMM ver 1.11
[    3.439331] lp0: using parport0 (interrupt-driven).
[    3.448516] type=1400 audit(1369652160.818:2): apparmor="STATUS" operation="profile_load" name="/usr/lib/cups/backend/cups-pdf" pid=583 comm="apparmor_parser"
[    3.448934] type=1400 audit(1369652160.818:3): apparmor="STATUS" operation="profile_load" name="/usr/sbin/cupsd" pid=583 comm="apparmor_parser"
[    3.538094] type=1400 audit(1369652160.906:4): apparmor="STATUS" operation="profile_load" name="/sbin/dhclient" pid=608 comm="apparmor_parser"
[    3.539199] type=1400 audit(1369652160.910:5): apparmor="STATUS" operation="profile_load" name="/usr/lib/NetworkManager/nm-dhcp-client.action" pid=608 comm="apparmor_parser"
[    3.539399] type=1400 audit(1369652160.910:6): apparmor="STATUS" operation="profile_load" name="/usr/lib/connman/scripts/dhclient-script" pid=608 comm="apparmor_parser"
[    3.758887] input: ImPS/2 Generic Wheel Mouse as /devices/platform/i8042/serio1/input/input4
[    3.800515] init: failsafe main process (676) killed by TERM signal
[    3.849188] snd_ens1371 0000:02:02.0: PCI INT A -> Link[LNKA] -> GSI 9 (level, low) -> IRQ 9
[    3.876848] type=1400 audit(1369652161.246:7): apparmor="STATUS" operation="profile_load" name="/usr/lib/lightdm/lightdm/lightdm-guest-session-wrapper" pid=798 comm="apparmor_parser"
[    3.877254] type=1400 audit(1369652161.246:8): apparmor="STATUS" operation="profile_replace" name="/sbin/dhclient" pid=799 comm="apparmor_parser"
[    3.877328] type=1400 audit(1369652161.246:9): apparmor="STATUS" operation="profile_replace" name="/usr/lib/NetworkManager/nm-dhcp-client.action" pid=799 comm="apparmor_parser"
[    3.877387] type=1400 audit(1369652161.246:10): apparmor="STATUS" operation="profile_replace" name="/usr/lib/connman/scripts/dhclient-script" pid=799 comm="apparmor_parser"
[    4.045439] init: alsa-restore main process (873) terminated with status 19
