[    0.000000] Initializing cgroup subsys cpuset
[    0.000000] Initializing cgroup subsys cpu
[    0.000000] Linux version 3.2.0-29-generic-pae (buildd@roseapple) (gcc version 4.6.3 (Ubuntu/Linaro 4.6.3-1ubuntu5) ) #46-Ubuntu SMP Fri Jul 27 17:25:43 UTC 2012 (Ubuntu 3.2.0-29.46-generic-pae 3.2.24)
[    0.000000] KERNEL supported cpus:
[    0.000000]   Intel GenuineIntel
[    0.000000]   AMD AuthenticAMD
[    0.000000]   NSC Geode by NSC
[    0.000000]   Cyrix CyrixInstead
[    0.000000]   Centaur CentaurHauls
[    0.000000]   Transmeta GenuineTMx86
[    0.000000]   Transmeta TransmetaCPU
[    0.000000]   UMC UMC UMC UMC
[    0.000000] Disabled fast string operations
[    0.000000] BIOS-provided physical RAM map:
[    0.000000]  BIOS-e820: 0000000000000000 - 000000000009f000 (usable)
[    0.000000]  BIOS-e820: 000000000009f000 - 00000000000a0000 (reserved)
[    0.000000]  BIOS-e820: 00000000000ca000 - 00000000000cc000 (reserved)
[    0.000000]  BIOS-e820: 00000000000dc000 - 0000000000100000 (reserved)
[    0.000000]  BIOS-e820: 0000000000100000 - 000000003fee0000 (usable)
[    0.000000]  BIOS-e820: 000000003fee0000 - 000000003feff000 (ACPI data)
[    0.000000]  BIOS-e820: 000000003feff000 - 000000003ff00000 (ACPI NVS)
[    0.000000]  BIOS-e820: 000000003ff00000 - 0000000040000000 (usable)
[    0.000000]  BIOS-e820: 00000000e0000000 - 00000000f0000000 (reserved)
[    0.000000]  BIOS-e820: 00000000fec00000 - 00000000fec10000 (reserved)
[    0.000000]  BIOS-e820: 00000000fee00000 - 00000000fee01000 (reserved)
[    0.000000]  BIOS-e820: 00000000fffe0000 - 0000000100000000 (reserved)
[    0.000000] NX (Execute Disable) protection: active
[    0.000000] DMI present.
[    0.000000] DMI: VMware, Inc. VMware Virtual Platform/440BX Desktop Reference Platform, BIOS 6.00 07/02/2012
[    0.000000] Hypervisor detected: VMware
[    0.000000] e820 update range: 0000000000000000 - 0000000000010000 (usable) ==> (reserved)
[    0.000000] e820 remove range: 00000000000a0000 - 0000000000100000 (usable)
[    0.000000] last_pfn = 0x40000 max_arch_pfn = 0x1000000
[    0.000000] MTRR default type: uncachable
[    0.000000] MTRR fixed ranges enabled:
[    0.000000]   00000-9FFFF write-back
[    0.000000]   A0000-BFFFF uncachable
[    0.000000]   C0000-CBFFF write-protect
[    0.000000]   CC000-EFFFF uncachable
[    0.000000]   F0000-FFFFF write-protect
[    0.000000] MTRR variable ranges enabled:
[    0.000000]   0 base 0000000000 mask FFC0000000 write-back
[    0.000000]   1 disabled
[    0.000000]   2 disabled
[    0.000000]   3 disabled
[    0.000000]   4 disabled
[    0.000000]   5 disabled
[    0.000000]   6 disabled
[    0.000000]   7 disabled
[    0.000000] x86 PAT enabled: cpu 0, old 0x0, new 0x7010600070106
[    0.000000] found SMP MP-table at [c00f6bf0] f6bf0
[    0.000000] initial memory mapped : 0 - 02000000
[    0.000000] Base memory trampoline at [c009b000] 9b000 size 16384
[    0.000000] init_memory_mapping: 0000000000000000-0000000037bfe000
[    0.000000]  0000000000 - 0000200000 page 4k
[    0.000000]  0000200000 - 0037a00000 page 2M
[    0.000000]  0037a00000 - 0037bfe000 page 4k
[    0.000000] kernel direct mapping tables up to 37bfe000 @ 1ffb000-2000000
[    0.000000] RAMDISK: 364ea000 - 3726d000
[    0.000000] ACPI: RSDP 000f6b80 00024 (v02 PTLTD )
[    0.000000] ACPI: XSDT 3feed636 0005C (v01 INTEL  440BX    06040000 VMW  01324272)
[    0.000000] ACPI: FACP 3fefee98 000F4 (v04 INTEL  440BX    06040000 PTL  000F4240)
[    0.000000] ACPI: DSDT 3feee366 10B32 (v01 PTLTD  Custom   06040000 MSFT 03000001)
[    0.000000] ACPI: FACS 3fefffc0 00040
[    0.000000] ACPI: BOOT 3feee33e 00028 (v01 PTLTD  $SBFTBL$ 06040000  LTP 00000001)
[    0.000000] ACPI: APIC 3feedc3e 003C2 (v01 PTLTD  ? APIC   06040000  LTP 00000000)
[    0.000000] ACPI: MCFG 3feedc02 0003C (v01 PTLTD  $PCITBL$ 06040000  LTP 00000001)
[    0.000000] ACPI: SRAT 3feed732 004D0 (v02 VMWARE MEMPLUG  06040000 VMW  00000001)
[    0.000000] ACPI: HPET 3feed6fa 00038 (v01 VMWARE VMW HPET 06040000 VMW  00000001)
[    0.000000] ACPI: WAET 3feed6d2 00028 (v01 VMWARE VMW WAET 06040000 VMW  00000001)
[    0.000000] ACPI: Local APIC address 0xfee00000
[    0.000000] 132MB HIGHMEM available.
[    0.000000] 891MB LOWMEM available.
[    0.000000]   mapped low ram: 0 - 37bfe000
[    0.000000]   low ram: 0 - 37bfe000
[    0.000000] Zone PFN ranges:
[    0.000000]   DMA      0x00000010 -> 0x00001000
[    0.000000]   Normal   0x00001000 -> 0x00037bfe
[    0.000000]   HighMem  0x00037bfe -> 0x00040000
[    0.000000] Movable zone start PFN for each node
[    0.000000] early_node_map[3] active PFN ranges
[    0.000000]     0: 0x00000010 -> 0x0000009f
[    0.000000]     0: 0x00000100 -> 0x0003fee0
[    0.000000]     0: 0x0003ff00 -> 0x00040000
[    0.000000] On node 0 totalpages: 261999
[    0.000000] free_area_init_node: node 0, pgdat c1866a40, node_mem_map f73fd200
[    0.000000]   DMA zone: 32 pages used for memmap
[    0.000000]   DMA zone: 0 pages reserved
[    0.000000]   DMA zone: 3951 pages, LIFO batch:0
[    0.000000]   Normal zone: 1752 pages used for memmap
[    0.000000]   Normal zone: 222502 pages, LIFO batch:31
[    0.000000]   HighMem zone: 265 pages used for memmap
[    0.000000]   HighMem zone: 33497 pages, LIFO batch:7
[    0.000000] Using APIC driver default
[    0.000000] ACPI: PM-Timer IO Port: 0x1008
[    0.000000] ACPI: Local APIC address 0xfee00000
[    0.000000] ACPI: LAPIC (acpi_id[0x00] lapic_id[0x00] enabled)
[    0.000000] ACPI: LAPIC (acpi_id[0x01] lapic_id[0x02] disabled)
[    0.000000] ACPI: LAPIC (acpi_id[0x02] lapic_id[0x04] disabled)
[    0.000000] ACPI: LAPIC (acpi_id[0x03] lapic_id[0x06] disabled)
[    0.000000] ACPI: LAPIC (acpi_id[0x04] lapic_id[0x08] disabled)
[    0.000000] ACPI: LAPIC (acpi_id[0x05] lapic_id[0x0a] disabled)
[    0.000000] ACPI: LAPIC (acpi_id[0x06] lapic_id[0x0c] disabled)
[    0.000000] ACPI: LAPIC (acpi_id[0x07] lapic_id[0x0e] disabled)
[    0.000000] ACPI: LAPIC (acpi_id[0x08] lapic_id[0x10] disabled)
[    0.000000] ACPI: LAPIC (acpi_id[0x09] lapic_id[0x12] disabled)
[    0.000000] ACPI: LAPIC (acpi_id[0x0a] lapic_id[0x14] disabled)
[    0.000000] ACPI: LAPIC (acpi_id[0x0b] lapic_id[0x16] disabled)
[    0.000000] ACPI: LAPIC (acpi_id[0x0c] lapic_id[0x18] disabled)
[    0.000000] ACPI: LAPIC (acpi_id[0x0d] lapic_id[0x1a] disabled)
[    0.000000] ACPI: LAPIC (acpi_id[0x0e] lapic_id[0x1c] disabled)
[    0.000000] ACPI: LAPIC (acpi_id[0x0f] lapic_id[0x1e] disabled)
[    0.000000] ACPI: LAPIC (acpi_id[0x10] lapic_id[0x20] disabled)
[    0.000000] ACPI: LAPIC (acpi_id[0x11] lapic_id[0x22] disabled)
[    0.000000] ACPI: LAPIC (acpi_id[0x12] lapic_id[0x24] disabled)
[    0.000000] ACPI: LAPIC (acpi_id[0x13] lapic_id[0x26] disabled)
[    0.000000] ACPI: LAPIC (acpi_id[0x14] lapic_id[0x28] disabled)
[    0.000000] ACPI: LAPIC (acpi_id[0x15] lapic_id[0x2a] disabled)
[    0.000000] ACPI: LAPIC (acpi_id[0x16] lapic_id[0x2c] disabled)
[    0.000000] ACPI: LAPIC (acpi_id[0x17] lapic_id[0x2e] disabled)
[    0.000000] ACPI: LAPIC (acpi_id[0x18] lapic_id[0x30] disabled)
[    0.000000] ACPI: LAPIC (acpi_id[0x19] lapic_id[0x32] disabled)
[    0.000000] ACPI: LAPIC (acpi_id[0x1a] lapic_id[0x34] disabled)
[    0.000000] ACPI: LAPIC (acpi_id[0x1b] lapic_id[0x36] disabled)
[    0.000000] ACPI: LAPIC (acpi_id[0x1c] lapic_id[0x38] disabled)
[    0.000000] ACPI: LAPIC (acpi_id[0x1d] lapic_id[0x3a] disabled)
[    0.000000] ACPI: LAPIC (acpi_id[0x1e] lapic_id[0x3c] disabled)
[    0.000000] ACPI: LAPIC (acpi_id[0x1f] lapic_id[0x3e] disabled)
[    0.000000] ACPI: LAPIC (acpi_id[0x20] lapic_id[0x40] disabled)
[    0.000000] ACPI: LAPIC (acpi_id[0x21] lapic_id[0x42] disabled)
[    0.000000] ACPI: LAPIC (acpi_id[0x22] lapic_id[0x44] disabled)
[    0.000000] ACPI: LAPIC (acpi_id[0x23] lapic_id[0x46] disabled)
[    0.000000] ACPI: LAPIC (acpi_id[0x24] lapic_id[0x48] disabled)
[    0.000000] ACPI: LAPIC (acpi_id[0x25] lapic_id[0x4a] disabled)
[    0.000000] ACPI: LAPIC (acpi_id[0x26] lapic_id[0x4c] disabled)
[    0.000000] ACPI: LAPIC (acpi_id[0x27] lapic_id[0x4e] disabled)
[    0.000000] ACPI: LAPIC (acpi_id[0x28] lapic_id[0x50] disabled)
[    0.000000] ACPI: LAPIC (acpi_id[0x29] lapic_id[0x52] disabled)
[    0.000000] ACPI: LAPIC (acpi_id[0x2a] lapic_id[0x54] disabled)
[    0.000000] ACPI: LAPIC (acpi_id[0x2b] lapic_id[0x56] disabled)
[    0.000000] ACPI: LAPIC (acpi_id[0x2c] lapic_id[0x58] disabled)
[    0.000000] ACPI: LAPIC (acpi_id[0x2d] lapic_id[0x5a] disabled)
[    0.000000] ACPI: LAPIC (acpi_id[0x2e] lapic_id[0x5c] disabled)
[    0.000000] ACPI: LAPIC (acpi_id[0x2f] lapic_id[0x5e] disabled)
[    0.000000] ACPI: LAPIC (acpi_id[0x30] lapic_id[0x60] disabled)
[    0.000000] ACPI: LAPIC (acpi_id[0x31] lapic_id[0x62] disabled)
[    0.000000] ACPI: LAPIC (acpi_id[0x32] lapic_id[0x64] disabled)
[    0.000000] ACPI: LAPIC (acpi_id[0x33] lapic_id[0x66] disabled)
[    0.000000] ACPI: LAPIC (acpi_id[0x34] lapic_id[0x68] disabled)
[    0.000000] ACPI: LAPIC (acpi_id[0x35] lapic_id[0x6a] disabled)
[    0.000000] ACPI: LAPIC (acpi_id[0x36] lapic_id[0x6c] disabled)
[    0.000000] ACPI: LAPIC (acpi_id[0x37] lapic_id[0x6e] disabled)
[    0.000000] ACPI: LAPIC (acpi_id[0x38] lapic_id[0x70] disabled)
[    0.000000] ACPI: LAPIC (acpi_id[0x39] lapic_id[0x72] disabled)
[    0.000000] ACPI: LAPIC (acpi_id[0x3a] lapic_id[0x74] disabled)
[    0.000000] ACPI: LAPIC (acpi_id[0x3b] lapic_id[0x76] disabled)
[    0.000000] ACPI: LAPIC (acpi_id[0x3c] lapic_id[0x78] disabled)
[    0.000000] ACPI: LAPIC (acpi_id[0x3d] lapic_id[0x7a] disabled)
[    0.000000] ACPI: LAPIC (acpi_id[0x3e] lapic_id[0x7c] disabled)
[    0.000000] ACPI: LAPIC (acpi_id[0x3f] lapic_id[0x7e] disabled)
[    0.000000] ACPI: LAPIC_NMI (acpi_id[0x00] high edge lint[0x1])
[    0.000000] ACPI: LAPIC_NMI (acpi_id[0x01] high edge lint[0x1])
[    0.000000] ACPI: LAPIC_NMI (acpi_id[0x02] high edge lint[0x1])
[    0.000000] ACPI: LAPIC_NMI (acpi_id[0x03] high edge lint[0x1])
[    0.000000] ACPI: LAPIC_NMI (acpi_id[0x04] high edge lint[0x1])
[    0.000000] ACPI: LAPIC_NMI (acpi_id[0x05] high edge lint[0x1])
[    0.000000] ACPI: LAPIC_NMI (acpi_id[0x06] high edge lint[0x1])
[    0.000000] ACPI: LAPIC_NMI (acpi_id[0x07] high edge lint[0x1])
[    0.000000] ACPI: LAPIC_NMI (acpi_id[0x08] high edge lint[0x1])
[    0.000000] ACPI: LAPIC_NMI (acpi_id[0x09] high edge lint[0x1])
[    0.000000] ACPI: LAPIC_NMI (acpi_id[0x0a] high edge lint[0x1])
[    0.000000] ACPI: LAPIC_NMI (acpi_id[0x0b] high edge lint[0x1])
[    0.000000] ACPI: LAPIC_NMI (acpi_id[0x0c] high edge lint[0x1])
[    0.000000] ACPI: LAPIC_NMI (acpi_id[0x0d] high edge lint[0x1])
[    0.000000] ACPI: LAPIC_NMI (acpi_id[0x0e] high edge lint[0x1])
[    0.000000] ACPI: LAPIC_NMI (acpi_id[0x0f] high edge lint[0x1])
[    0.000000] ACPI: LAPIC_NMI (acpi_id[0x10] high edge lint[0x1])
[    0.000000] ACPI: LAPIC_NMI (acpi_id[0x11] high edge lint[0x1])
[    0.000000] ACPI: LAPIC_NMI (acpi_id[0x12] high edge lint[0x1])
[    0.000000] ACPI: LAPIC_NMI (acpi_id[0x13] high edge lint[0x1])
[    0.000000] ACPI: LAPIC_NMI (acpi_id[0x14] high edge lint[0x1])
[    0.000000] ACPI: LAPIC_NMI (acpi_id[0x15] high edge lint[0x1])
[    0.000000] ACPI: LAPIC_NMI (acpi_id[0x16] high edge lint[0x1])
[    0.000000] ACPI: LAPIC_NMI (acpi_id[0x17] high edge lint[0x1])
[    0.000000] ACPI: LAPIC_NMI (acpi_id[0x18] high edge lint[0x1])
[    0.000000] ACPI: LAPIC_NMI (acpi_id[0x19] high edge lint[0x1])
[    0.000000] ACPI: LAPIC_NMI (acpi_id[0x1a] high edge lint[0x1])
[    0.000000] ACPI: LAPIC_NMI (acpi_id[0x1b] high edge lint[0x1])
[    0.000000] ACPI: LAPIC_NMI (acpi_id[0x1c] high edge lint[0x1])
[    0.000000] ACPI: LAPIC_NMI (acpi_id[0x1d] high edge lint[0x1])
[    0.000000] ACPI: LAPIC_NMI (acpi_id[0x1e] high edge lint[0x1])
[    0.000000] ACPI: LAPIC_NMI (acpi_id[0x1f] high edge lint[0x1])
[    0.000000] ACPI: LAPIC_NMI (acpi_id[0x20] high edge lint[0x1])
[    0.000000] ACPI: LAPIC_NMI (acpi_id[0x21] high edge lint[0x1])
[    0.000000] ACPI: LAPIC_NMI (acpi_id[0x22] high edge lint[0x1])
[    0.000000] ACPI: LAPIC_NMI (acpi_id[0x23] high edge lint[0x1])
[    0.000000] ACPI: LAPIC_NMI (acpi_id[0x24] high edge lint[0x1])
[    0.000000] ACPI: LAPIC_NMI (acpi_id[0x25] high edge lint[0x1])
[    0.000000] ACPI: LAPIC_NMI (acpi_id[0x26] high edge lint[0x1])
[    0.000000] ACPI: LAPIC_NMI (acpi_id[0x27] high edge lint[0x1])
[    0.000000] ACPI: LAPIC_NMI (acpi_id[0x28] high edge lint[0x1])
[    0.000000] ACPI: LAPIC_NMI (acpi_id[0x29] high edge lint[0x1])
[    0.000000] ACPI: LAPIC_NMI (acpi_id[0x2a] high edge lint[0x1])
[    0.000000] ACPI: LAPIC_NMI (acpi_id[0x2b] high edge lint[0x1])
[    0.000000] ACPI: LAPIC_NMI (acpi_id[0x2c] high edge lint[0x1])
[    0.000000] ACPI: LAPIC_NMI (acpi_id[0x2d] high edge lint[0x1])
[    0.000000] ACPI: LAPIC_NMI (acpi_id[0x2e] high edge lint[0x1])
[    0.000000] ACPI: LAPIC_NMI (acpi_id[0x2f] high edge lint[0x1])
[    0.000000] ACPI: LAPIC_NMI (acpi_id[0x30] high edge lint[0x1])
[    0.000000] ACPI: LAPIC_NMI (acpi_id[0x31] high edge lint[0x1])
[    0.000000] ACPI: LAPIC_NMI (acpi_id[0x32] high edge lint[0x1])
[    0.000000] ACPI: LAPIC_NMI (acpi_id[0x33] high edge lint[0x1])
[    0.000000] ACPI: LAPIC_NMI (acpi_id[0x34] high edge lint[0x1])
[    0.000000] ACPI: LAPIC_NMI (acpi_id[0x35] high edge lint[0x1])
[    0.000000] ACPI: LAPIC_NMI (acpi_id[0x36] high edge lint[0x1])
[    0.000000] ACPI: LAPIC_NMI (acpi_id[0x37] high edge lint[0x1])
[    0.000000] ACPI: LAPIC_NMI (acpi_id[0x38] high edge lint[0x1])
[    0.000000] ACPI: LAPIC_NMI (acpi_id[0x39] high edge lint[0x1])
[    0.000000] ACPI: LAPIC_NMI (acpi_id[0x3a] high edge lint[0x1])
[    0.000000] ACPI: LAPIC_NMI (acpi_id[0x3b] high edge lint[0x1])
[    0.000000] ACPI: LAPIC_NMI (acpi_id[0x3c] high edge lint[0x1])
[    0.000000] ACPI: LAPIC_NMI (acpi_id[0x3d] high edge lint[0x1])
[    0.000000] ACPI: LAPIC_NMI (acpi_id[0x3e] high edge lint[0x1])
[    0.000000] ACPI: LAPIC_NMI (acpi_id[0x3f] high edge lint[0x1])
[    0.000000] ACPI: Skipping IOAPIC probe due to 'noapic' option.
[    0.000000] Using ACPI for processor (LAPIC) configuration information
[    0.000000] ACPI: HPET id: 0x8086af01 base: 0xfed00000
[    0.000000] Intel MultiProcessor Specification v1.4
[    0.000000]     Virtual Wire compatibility mode.
[    0.000000] MPTABLE: OEM ID: INTEL   
[    0.000000] MPTABLE: Product ID: 440BX       
[    0.000000] MPTABLE: APIC at: 0xFEE00000
[    0.000000] IOAPIC[0]: apic_id 1, version 17, address 0xfec00000, GSI 0-23
[    0.000000] Processors: 1
[    0.000000] SMP: Allowing 1 CPUs, 0 hotplug CPUs
[    0.000000] nr_irqs_gsi: 40
[    0.000000] PM: Registered nosave memory: 000000000009f000 - 00000000000a0000
[    0.000000] PM: Registered nosave memory: 00000000000a0000 - 00000000000ca000
[    0.000000] PM: Registered nosave memory: 00000000000ca000 - 00000000000cc000
[    0.000000] PM: Registered nosave memory: 00000000000cc000 - 00000000000dc000
[    0.000000] PM: Registered nosave memory: 00000000000dc000 - 0000000000100000
[    0.000000] Allocating PCI resources starting at 40000000 (gap: 40000000:a0000000)
[    0.000000] Booting paravirtualized kernel on bare hardware
[    0.000000] setup_percpu: NR_CPUS:8 nr_cpumask_bits:8 nr_cpu_ids:1 nr_node_ids:1
[    0.000000] PERCPU: Embedded 14 pages/cpu @f73e8000 s34240 r0 d23104 u57344
[    0.000000] pcpu-alloc: s34240 r0 d23104 u57344 alloc=14*4096
[    0.000000] pcpu-alloc: [0] 0 
[    0.000000] Built 1 zonelists in Zone order, mobility grouping on.  Total pages: 259950
[    0.000000] Kernel command line: BOOT_IMAGE=/boot/vmlinuz-3.2.0-29-generic-pae root=UUID=007b598c-390d-4c65-84a1-4ff752d48633 ro quiet splash maxcpus=0
[    0.000000] PID hash table entries: 4096 (order: 2, 16384 bytes)
[    0.000000] Dentry cache hash table entries: 131072 (order: 7, 524288 bytes)
[    0.000000] Inode-cache hash table entries: 65536 (order: 6, 262144 bytes)
[    0.000000] Initializing CPU#0
[    0.000000] xsave/xrstor: enabled xstate_bv 0x7, cntxt size 0x340
[    0.000000] allocated 4194048 bytes of page_cgroup
[    0.000000] please try 'cgroup_disable=memory' option if you don't want memory cgroups
[    0.000000] Initializing HighMem for node 0 (00037bfe:00040000)
[    0.000000] Memory: 1010624k/1048576k available (5814k kernel code, 37372k reserved, 2841k data, 740k init, 135048k highmem)
[    0.000000] virtual kernel memory layout:
[    0.000000]     fixmap  : 0xfff16000 - 0xfffff000   ( 932 kB)
[    0.000000]     pkmap   : 0xffc00000 - 0xffe00000   (2048 kB)
[    0.000000]     vmalloc : 0xf83fe000 - 0xffbfe000   ( 120 MB)
[    0.000000]     lowmem  : 0xc0000000 - 0xf7bfe000   ( 891 MB)
[    0.000000]       .init : 0xc1875000 - 0xc192e000   ( 740 kB)
[    0.000000]       .data : 0xc15adb64 - 0xc1874240   (2841 kB)
[    0.000000]       .text : 0xc1000000 - 0xc15adb64   (5814 kB)
[    0.000000] Checking if this processor honours the WP bit even in supervisor mode...Ok.
[    0.000000] SLUB: Genslabs=15, HWalign=64, Order=0-3, MinObjects=0, CPUs=1, Nodes=1
[    0.000000] Hierarchical RCU implementation.
[    0.000000] 	RCU dyntick-idle grace-period acceleration is enabled.
[    0.000000] NR_IRQS:2304 nr_irqs:256 16
[    0.000000] CPU 0 irqstacks, hard=f5c08000 soft=f5c0a000
[    0.000000] Extended CMOS year: 2000
[    0.000000] Console: colour VGA+ 80x25
[    0.000000] console [tty0] enabled
[    0.000000] hpet clockevent registered
[    0.000000] TSC freq read from hypervisor : 2394.620 MHz
[    0.000000] Detected 2394.620 MHz processor.
[    0.000001] Calibrating delay loop (skipped) preset value.. 4789.24 BogoMIPS (lpj=9578480)
[    0.000004] pid_max: default: 32768 minimum: 301
[    0.000018] Security Framework initialized
[    0.000032] AppArmor: AppArmor initialized
[    0.000033] Yama: becoming mindful.
[    0.000069] Mount-cache hash table entries: 512
[    0.000146] Initializing cgroup subsys cpuacct
[    0.000149] Initializing cgroup subsys memory
[    0.000153] Initializing cgroup subsys devices
[    0.000155] Initializing cgroup subsys freezer
[    0.000156] Initializing cgroup subsys blkio
[    0.000161] Initializing cgroup subsys perf_event
[    0.000204] Disabled fast string operations
[    0.000207] CPU: Physical Processor ID: 0
[    0.000216] ENERGY_PERF_BIAS: Set to 'normal', was 'performance'
[    0.000217] ENERGY_PERF_BIAS: View and update with x86_energy_perf_policy(8)
[    0.000873] mce: CPU supports 0 MCE banks
[    0.001609] SMP alternatives: switching to UP code
[    0.020889] Freeing SMP alternatives: 24k freed
[    0.020896] ACPI: Core revision 20110623
[    0.027702] ACPI: setting ELCR to 0200 (from 0e20)
[    0.028805] ftrace: allocating 26545 entries in 52 pages
[    0.052529] SMP mode deactivated.
[    0.052558] SMP disabled
[    0.052560] Performance Events: generic architected perfmon v1, core PMU driver.
[    0.052572] ... version:                1
[    0.052573] ... bit width:              48
[    0.052574] ... generic registers:      4
[    0.052575] ... value mask:             0000ffffffffffff
[    0.052576] ... max period:             000000007fffffff
[    0.052577] ... fixed-purpose events:   0
[    0.052578] ... event mask:             000000000000000f
[    0.052665] NMI watchdog enabled, takes one hw-pmu counter.
[    0.052684] Brought up 1 CPUs
[    0.052686] Total of 1 processors activated (4789.24 BogoMIPS).
[    0.052789] devtmpfs: initialized
[    0.052859] EVM: security.selinux
[    0.052860] EVM: security.SMACK64
[    0.052861] EVM: security.capability
[    0.052885] PM: Registering ACPI NVS region at 3feff000 (4096 bytes)
[    0.053598] print_constraints: dummy: 
[    0.053669] RTC time:  7:33:17, date: 05/27/13
[    0.053696] NET: Registered protocol family 16
[    0.053767] EISA bus registered
[    0.053777] ACPI: bus type pci registered
[    0.053882] PCI: MMCONFIG for domain 0000 [bus 00-ff] at [mem 0xe0000000-0xefffffff] (base 0xe0000000)
[    0.053885] PCI: MMCONFIG at [mem 0xe0000000-0xefffffff] reserved in E820
[    0.053886] PCI: Using MMCONFIG for extended config space
[    0.053888] PCI: Using configuration type 1 for base access
[    0.054618] bio: create slab <bio-0> at 0
[    0.054690] ACPI: Added _OSI(Module Device)
[    0.054691] ACPI: Added _OSI(Processor Device)
[    0.054692] ACPI: Added _OSI(3.0 _SCP Extensions)
[    0.054694] ACPI: Added _OSI(Processor Aggregator Device)
[    0.056648] ACPI: EC: Look up EC in DSDT
[    0.061621] [Firmware Bug]: ACPI: BIOS _OSI(Linux) query ignored
[    0.071497] ACPI: Interpreter enabled
[    0.071508] ACPI: (supports S0 S1 S4 S5)
[    0.071521] ACPI: Using PIC for interrupt routing
[    0.115919] ACPI: No dock devices found.
[    0.115923] HEST: Table not found.
[    0.115929] PCI: Using host bridge windows from ACPI; if necessary, use "pci=nocrs" and report a bug
[    0.116810] ACPI: PCI Root Bridge [PCI0] (domain 0000 [bus 00-ff])
[    0.118307] pci_root PNP0A03:00: host bridge window [mem 0x000a0000-0x000bffff]
[    0.118310] pci_root PNP0A03:00: host bridge window [mem 0x000cc000-0x000cffff]
[    0.118312] pci_root PNP0A03:00: host bridge window [mem 0x000d0000-0x000d3fff]
[    0.118315] pci_root PNP0A03:00: host bridge window [mem 0x000d4000-0x000d7fff]
[    0.118317] pci_root PNP0A03:00: host bridge window [mem 0x000d8000-0x000dbfff]
[    0.118320] pci_root PNP0A03:00: host bridge window [mem 0xc0000000-0xfebfffff]
[    0.118323] pci_root PNP0A03:00: host bridge window [io  0x0000-0x0cf7]
[    0.118325] pci_root PNP0A03:00: host bridge window [io  0x0d00-0xfeff]
[    0.118399] pci 0000:00:00.0: [8086:7190] type 0 class 0x000600
[    0.118808] pci 0000:00:01.0: [8086:7191] type 1 class 0x000604
[    0.119181] pci 0000:00:07.0: [8086:7110] type 0 class 0x000601
[    0.119794] pci 0000:00:07.1: [8086:7111] type 0 class 0x000101
[    0.121284] pci 0000:00:07.1: reg 20: [io  0x10c0-0x10cf]
[    0.122328] pci 0000:00:07.3: [8086:7113] type 0 class 0x000680
[    0.123996] pci 0000:00:07.3: quirk: [io  0x1000-0x103f] claimed by PIIX4 ACPI
[    0.124008] pci 0000:00:07.3: quirk: [io  0x1040-0x104f] claimed by PIIX4 SMB
[    0.124229] pci 0000:00:07.7: [15ad:0740] type 0 class 0x000880
[    0.124707] pci 0000:00:07.7: reg 10: [io  0x1080-0x10bf]
[    0.125271] pci 0000:00:07.7: reg 14: [mem 0xc8000000-0xc8001fff 64bit]
[    0.127267] pci 0000:00:0f.0: [15ad:0405] type 0 class 0x000300
[    0.129296] pci 0000:00:0f.0: reg 10: [io  0x10d0-0x10df]
[    0.131228] pci 0000:00:0f.0: reg 14: [mem 0xd0000000-0xd7ffffff pref]
[    0.133200] pci 0000:00:0f.0: reg 18: [mem 0xc8800000-0xc8ffffff]
[    0.141005] pci 0000:00:0f.0: reg 30: [mem 0x00000000-0x00007fff pref]
[    0.141288] pci 0000:00:10.0: [1000:0030] type 0 class 0x000100
[    0.141903] pci 0000:00:10.0: reg 10: [io  0x1400-0x14ff]
[    0.142605] pci 0000:00:10.0: reg 14: [mem 0xc8040000-0xc805ffff 64bit]
[    0.143304] pci 0000:00:10.0: reg 1c: [mem 0xc8020000-0xc803ffff 64bit]
[    0.144352] pci 0000:00:10.0: reg 30: [mem 0x00000000-0x00003fff pref]
[    0.144503] pci 0000:00:11.0: [15ad:0790] type 1 class 0x000604
[    0.145154] pci 0000:00:15.0: [15ad:07a0] type 1 class 0x000604
[    0.145847] pci 0000:00:15.0: PME# supported from D0 D3hot D3cold
[    0.145869] pci 0000:00:15.0: PME# disabled
[    0.146082] pci 0000:00:15.1: [15ad:07a0] type 1 class 0x000604
[    0.146770] pci 0000:00:15.1: PME# supported from D0 D3hot D3cold
[    0.146792] pci 0000:00:15.1: PME# disabled
[    0.147005] pci 0000:00:15.2: [15ad:07a0] type 1 class 0x000604
[    0.147693] pci 0000:00:15.2: PME# supported from D0 D3hot D3cold
[    0.147714] pci 0000:00:15.2: PME# disabled
[    0.147943] pci 0000:00:15.3: [15ad:07a0] type 1 class 0x000604
[    0.148637] pci 0000:00:15.3: PME# supported from D0 D3hot D3cold
[    0.148659] pci 0000:00:15.3: PME# disabled
[    0.148872] pci 0000:00:15.4: [15ad:07a0] type 1 class 0x000604
[    0.149566] pci 0000:00:15.4: PME# supported from D0 D3hot D3cold
[    0.149587] pci 0000:00:15.4: PME# disabled
[    0.149806] pci 0000:00:15.5: [15ad:07a0] type 1 class 0x000604
[    0.150489] pci 0000:00:15.5: PME# supported from D0 D3hot D3cold
[    0.150511] pci 0000:00:15.5: PME# disabled
[    0.150723] pci 0000:00:15.6: [15ad:07a0] type 1 class 0x000604
[    0.151415] pci 0000:00:15.6: PME# supported from D0 D3hot D3cold
[    0.151437] pci 0000:00:15.6: PME# disabled
[    0.151650] pci 0000:00:15.7: [15ad:07a0] type 1 class 0x000604
[    0.152359] pci 0000:00:15.7: PME# supported from D0 D3hot D3cold
[    0.152387] pci 0000:00:15.7: PME# disabled
[    0.152652] pci 0000:00:16.0: [15ad:07a0] type 1 class 0x000604
[    0.153504] pci 0000:00:16.0: PME# supported from D0 D3hot D3cold
[    0.153531] pci 0000:00:16.0: PME# disabled
[    0.153795] pci 0000:00:16.1: [15ad:07a0] type 1 class 0x000604
[    0.154613] pci 0000:00:16.1: PME# supported from D0 D3hot D3cold
[    0.154635] pci 0000:00:16.1: PME# disabled
[    0.154848] pci 0000:00:16.2: [15ad:07a0] type 1 class 0x000604
[    0.155612] pci 0000:00:16.2: PME# supported from D0 D3hot D3cold
[    0.155634] pci 0000:00:16.2: PME# disabled
[    0.155864] pci 0000:00:16.3: [15ad:07a0] type 1 class 0x000604
[    0.156731] pci 0000:00:16.3: PME# supported from D0 D3hot D3cold
[    0.156762] pci 0000:00:16.3: PME# disabled
[    0.157054] pci 0000:00:16.4: [15ad:07a0] type 1 class 0x000604
[    0.157998] pci 0000:00:16.4: PME# supported from D0 D3hot D3cold
[    0.158027] pci 0000:00:16.4: PME# disabled
[    0.158337] pci 0000:00:16.5: [15ad:07a0] type 1 class 0x000604
[    0.159150] pci 0000:00:16.5: PME# supported from D0 D3hot D3cold
[    0.159174] pci 0000:00:16.5: PME# disabled
[    0.159425] pci 0000:00:16.6: [15ad:07a0] type 1 class 0x000604
[    0.160210] pci 0000:00:16.6: PME# supported from D0 D3hot D3cold
[    0.160234] pci 0000:00:16.6: PME# disabled
[    0.160487] pci 0000:00:16.7: [15ad:07a0] type 1 class 0x000604
[    0.161251] pci 0000:00:16.7: PME# supported from D0 D3hot D3cold
[    0.161276] pci 0000:00:16.7: PME# disabled
[    0.161593] pci 0000:00:17.0: [15ad:07a0] type 1 class 0x000604
[    0.162384] pci 0000:00:17.0: PME# supported from D0 D3hot D3cold
[    0.162408] pci 0000:00:17.0: PME# disabled
[    0.162648] pci 0000:00:17.1: [15ad:07a0] type 1 class 0x000604
[    0.163421] pci 0000:00:17.1: PME# supported from D0 D3hot D3cold
[    0.163445] pci 0000:00:17.1: PME# disabled
[    0.163684] pci 0000:00:17.2: [15ad:07a0] type 1 class 0x000604
[    0.164476] pci 0000:00:17.2: PME# supported from D0 D3hot D3cold
[    0.164499] pci 0000:00:17.2: PME# disabled
[    0.164715] pci 0000:00:17.3: [15ad:07a0] type 1 class 0x000604
[    0.165410] pci 0000:00:17.3: PME# supported from D0 D3hot D3cold
[    0.165432] pci 0000:00:17.3: PME# disabled
[    0.165646] pci 0000:00:17.4: [15ad:07a0] type 1 class 0x000604
[    0.166346] pci 0000:00:17.4: PME# supported from D0 D3hot D3cold
[    0.166374] pci 0000:00:17.4: PME# disabled
[    0.166595] pci 0000:00:17.5: [15ad:07a0] type 1 class 0x000604
[    0.167277] pci 0000:00:17.5: PME# supported from D0 D3hot D3cold
[    0.167301] pci 0000:00:17.5: PME# disabled
[    0.167514] pci 0000:00:17.6: [15ad:07a0] type 1 class 0x000604
[    0.168212] pci 0000:00:17.6: PME# supported from D0 D3hot D3cold
[    0.168234] pci 0000:00:17.6: PME# disabled
[    0.168454] pci 0000:00:17.7: [15ad:07a0] type 1 class 0x000604
[    0.169136] pci 0000:00:17.7: PME# supported from D0 D3hot D3cold
[    0.169157] pci 0000:00:17.7: PME# disabled
[    0.169385] pci 0000:00:18.0: [15ad:07a0] type 1 class 0x000604
[    0.170067] pci 0000:00:18.0: PME# supported from D0 D3hot D3cold
[    0.170089] pci 0000:00:18.0: PME# disabled
[    0.170322] pci 0000:00:18.1: [15ad:07a0] type 1 class 0x000604
[    0.171094] pci 0000:00:18.1: PME# supported from D0 D3hot D3cold
[    0.171117] pci 0000:00:18.1: PME# disabled
[    0.171334] pci 0000:00:18.2: [15ad:07a0] type 1 class 0x000604
[    0.172034] pci 0000:00:18.2: PME# supported from D0 D3hot D3cold
[    0.172056] pci 0000:00:18.2: PME# disabled
[    0.172269] pci 0000:00:18.3: [15ad:07a0] type 1 class 0x000604
[    0.172965] pci 0000:00:18.3: PME# supported from D0 D3hot D3cold
[    0.172986] pci 0000:00:18.3: PME# disabled
[    0.173200] pci 0000:00:18.4: [15ad:07a0] type 1 class 0x000604
[    0.174042] pci 0000:00:18.4: PME# supported from D0 D3hot D3cold
[    0.174069] pci 0000:00:18.4: PME# disabled
[    0.174342] pci 0000:00:18.5: [15ad:07a0] type 1 class 0x000604
[    0.175188] pci 0000:00:18.5: PME# supported from D0 D3hot D3cold
[    0.175214] pci 0000:00:18.5: PME# disabled
[    0.175490] pci 0000:00:18.6: [15ad:07a0] type 1 class 0x000604
[    0.176400] pci 0000:00:18.6: PME# supported from D0 D3hot D3cold
[    0.176423] pci 0000:00:18.6: PME# disabled
[    0.176638] pci 0000:00:18.7: [15ad:07a0] type 1 class 0x000604
[    0.177326] pci 0000:00:18.7: PME# supported from D0 D3hot D3cold
[    0.177348] pci 0000:00:18.7: PME# disabled
[    0.177886] pci 0000:00:01.0: PCI bridge to [bus 01-01]
[    0.178168] pci 0000:02:00.0: [15ad:0774] type 0 class 0x000c03
[    0.179455] pci 0000:02:00.0: reg 20: [io  0x20c0-0x20df]
[    0.180085] pci 0000:02:01.0: [1022:2000] type 0 class 0x000200
[    0.180369] pci 0000:02:01.0: reg 10: [io  0x2000-0x207f]
[    0.181842] pci 0000:02:01.0: reg 30: [mem 0x00000000-0x0000ffff pref]
[    0.181961] pci 0000:02:02.0: [1274:1371] type 0 class 0x000401
[    0.182281] pci 0000:02:02.0: reg 10: [io  0x2080-0x20bf]
[    0.184133] pci 0000:02:03.0: [15ad:0770] type 0 class 0x000c03
[    0.184406] pci 0000:02:03.0: reg 10: [mem 0xc9000000-0xc9000fff]
[    0.186081] pci 0000:00:11.0: PCI bridge to [bus 02-02] (subtractive decode)
[    0.186102] pci 0000:00:11.0:   bridge window [io  0x2000-0x3fff]
[    0.186123] pci 0000:00:11.0:   bridge window [mem 0xc9000000-0xca3fffff]
[    0.186163] pci 0000:00:11.0:   bridge window [mem 0xd8400000-0xd89fffff 64bit pref]
[    0.186165] pci 0000:00:11.0:   bridge window [mem 0x000a0000-0x000bffff] (subtractive decode)
[    0.186167] pci 0000:00:11.0:   bridge window [mem 0x000cc000-0x000cffff] (subtractive decode)
[    0.186168] pci 0000:00:11.0:   bridge window [mem 0x000d0000-0x000d3fff] (subtractive decode)
[    0.186170] pci 0000:00:11.0:   bridge window [mem 0x000d4000-0x000d7fff] (subtractive decode)
[    0.186172] pci 0000:00:11.0:   bridge window [mem 0x000d8000-0x000dbfff] (subtractive decode)
[    0.186173] pci 0000:00:11.0:   bridge window [mem 0xc0000000-0xfebfffff] (subtractive decode)
[    0.186175] pci 0000:00:11.0:   bridge window [io  0x0000-0x0cf7] (subtractive decode)
[    0.186176] pci 0000:00:11.0:   bridge window [io  0x0d00-0xfeff] (subtractive decode)
[    0.186616] pci 0000:00:15.0: PCI bridge to [bus 03-03]
[    0.186637] pci 0000:00:15.0:   bridge window [io  0x4000-0x4fff]
[    0.186658] pci 0000:00:15.0:   bridge window [mem 0xca400000-0xca4fffff]
[    0.186698] pci 0000:00:15.0:   bridge window [mem 0xd8a00000-0xd8afffff 64bit pref]
[    0.187114] pci 0000:00:15.1: PCI bridge to [bus 04-04]
[    0.187135] pci 0000:00:15.1:   bridge window [io  0x8000-0x8fff]
[    0.187156] pci 0000:00:15.1:   bridge window [mem 0xca800000-0xca8fffff]
[    0.187194] pci 0000:00:15.1:   bridge window [mem 0xd8e00000-0xd8efffff 64bit pref]
[    0.187615] pci 0000:00:15.2: PCI bridge to [bus 05-05]
[    0.187636] pci 0000:00:15.2:   bridge window [io  0xc000-0xcfff]
[    0.187656] pci 0000:00:15.2:   bridge window [mem 0xcac00000-0xcacfffff]
[    0.187696] pci 0000:00:15.2:   bridge window [mem 0xd9200000-0xd92fffff 64bit pref]
[    0.188129] pci 0000:00:15.3: PCI bridge to [bus 06-06]
[    0.188168] pci 0000:00:15.3:   bridge window [mem 0xcb000000-0xcb0fffff]
[    0.188207] pci 0000:00:15.3:   bridge window [mem 0xd9600000-0xd96fffff 64bit pref]
[    0.188635] pci 0000:00:15.4: PCI bridge to [bus 07-07]
[    0.188674] pci 0000:00:15.4:   bridge window [mem 0xcb400000-0xcb4fffff]
[    0.188713] pci 0000:00:15.4:   bridge window [mem 0xd9a00000-0xd9afffff 64bit pref]
[    0.189127] pci 0000:00:15.5: PCI bridge to [bus 08-08]
[    0.189166] pci 0000:00:15.5:   bridge window [mem 0xcb800000-0xcb8fffff]
[    0.189206] pci 0000:00:15.5:   bridge window [mem 0xd9e00000-0xd9efffff 64bit pref]
[    0.189648] pci 0000:00:15.6: PCI bridge to [bus 09-09]
[    0.189686] pci 0000:00:15.6:   bridge window [mem 0xcbc00000-0xcbcfffff]
[    0.189726] pci 0000:00:15.6:   bridge window [mem 0xda200000-0xda2fffff 64bit pref]
[    0.190139] pci 0000:00:15.7: PCI bridge to [bus 0a-0a]
[    0.190178] pci 0000:00:15.7:   bridge window [mem 0xcc000000-0xcc0fffff]
[    0.190218] pci 0000:00:15.7:   bridge window [mem 0xda600000-0xda6fffff 64bit pref]
[    0.190646] pci 0000:00:16.0: PCI bridge to [bus 0b-0b]
[    0.190667] pci 0000:00:16.0:   bridge window [io  0x5000-0x5fff]
[    0.190688] pci 0000:00:16.0:   bridge window [mem 0xca500000-0xca5fffff]
[    0.190727] pci 0000:00:16.0:   bridge window [mem 0xd8b00000-0xd8bfffff 64bit pref]
[    0.191139] pci 0000:00:16.1: PCI bridge to [bus 0c-0c]
[    0.191159] pci 0000:00:16.1:   bridge window [io  0x9000-0x9fff]
[    0.191180] pci 0000:00:16.1:   bridge window [mem 0xca900000-0xca9fffff]
[    0.191219] pci 0000:00:16.1:   bridge window [mem 0xd8f00000-0xd8ffffff 64bit pref]
[    0.191635] pci 0000:00:16.2: PCI bridge to [bus 0d-0d]
[    0.191655] pci 0000:00:16.2:   bridge window [io  0xd000-0xdfff]
[    0.191676] pci 0000:00:16.2:   bridge window [mem 0xcad00000-0xcadfffff]
[    0.191732] pci 0000:00:16.2:   bridge window [mem 0xd9300000-0xd93fffff 64bit pref]
[    0.192148] pci 0000:00:16.3: PCI bridge to [bus 0e-0e]
[    0.192188] pci 0000:00:16.3:   bridge window [mem 0xcb100000-0xcb1fffff]
[    0.192228] pci 0000:00:16.3:   bridge window [mem 0xd9700000-0xd97fffff 64bit pref]
[    0.192647] pci 0000:00:16.4: PCI bridge to [bus 0f-0f]
[    0.192686] pci 0000:00:16.4:   bridge window [mem 0xcb500000-0xcb5fffff]
[    0.192725] pci 0000:00:16.4:   bridge window [mem 0xd9b00000-0xd9bfffff 64bit pref]
[    0.193137] pci 0000:00:16.5: PCI bridge to [bus 10-10]
[    0.193175] pci 0000:00:16.5:   bridge window [mem 0xcb900000-0xcb9fffff]
[    0.193215] pci 0000:00:16.5:   bridge window [mem 0xd9f00000-0xd9ffffff 64bit pref]
[    0.193634] pci 0000:00:16.6: PCI bridge to [bus 11-11]
[    0.193673] pci 0000:00:16.6:   bridge window [mem 0xcbd00000-0xcbdfffff]
[    0.193712] pci 0000:00:16.6:   bridge window [mem 0xda300000-0xda3fffff 64bit pref]
[    0.194126] pci 0000:00:16.7: PCI bridge to [bus 12-12]
[    0.194165] pci 0000:00:16.7:   bridge window [mem 0xcc100000-0xcc1fffff]
[    0.194204] pci 0000:00:16.7:   bridge window [mem 0xda700000-0xda7fffff 64bit pref]
[    0.194767] pci 0000:00:17.0: PCI bridge to [bus 13-13]
[    0.194791] pci 0000:00:17.0:   bridge window [io  0x6000-0x6fff]
[    0.194813] pci 0000:00:17.0:   bridge window [mem 0xca600000-0xca6fffff]
[    0.194852] pci 0000:00:17.0:   bridge window [mem 0xd8c00000-0xd8cfffff 64bit pref]
[    0.195274] pci 0000:00:17.1: PCI bridge to [bus 14-14]
[    0.195294] pci 0000:00:17.1:   bridge window [io  0xa000-0xafff]
[    0.195315] pci 0000:00:17.1:   bridge window [mem 0xcaa00000-0xcaafffff]
[    0.195354] pci 0000:00:17.1:   bridge window [mem 0xd9000000-0xd90fffff 64bit pref]
[    0.195782] pci 0000:00:17.2: PCI bridge to [bus 15-15]
[    0.195803] pci 0000:00:17.2:   bridge window [io  0xe000-0xefff]
[    0.195824] pci 0000:00:17.2:   bridge window [mem 0xcae00000-0xcaefffff]
[    0.195863] pci 0000:00:17.2:   bridge window [mem 0xd9400000-0xd94fffff 64bit pref]
[    0.196287] pci 0000:00:17.3: PCI bridge to [bus 16-16]
[    0.196326] pci 0000:00:17.3:   bridge window [mem 0xcb200000-0xcb2fffff]
[    0.196366] pci 0000:00:17.3:   bridge window [mem 0xd9800000-0xd98fffff 64bit pref]
[    0.196778] pci 0000:00:17.4: PCI bridge to [bus 17-17]
[    0.196817] pci 0000:00:17.4:   bridge window [mem 0xcb600000-0xcb6fffff]
[    0.196856] pci 0000:00:17.4:   bridge window [mem 0xd9c00000-0xd9cfffff 64bit pref]
[    0.197269] pci 0000:00:17.5: PCI bridge to [bus 18-18]
[    0.197308] pci 0000:00:17.5:   bridge window [mem 0xcba00000-0xcbafffff]
[    0.197347] pci 0000:00:17.5:   bridge window [mem 0xda000000-0xda0fffff 64bit pref]
[    0.197758] pci 0000:00:17.6: PCI bridge to [bus 19-19]
[    0.197797] pci 0000:00:17.6:   bridge window [mem 0xcbe00000-0xcbefffff]
[    0.197836] pci 0000:00:17.6:   bridge window [mem 0xda400000-0xda4fffff 64bit pref]
[    0.198262] pci 0000:00:17.7: PCI bridge to [bus 1a-1a]
[    0.198306] pci 0000:00:17.7:   bridge window [mem 0xcc200000-0xcc2fffff]
[    0.198345] pci 0000:00:17.7:   bridge window [mem 0xda800000-0xda8fffff 64bit pref]
[    0.198756] pci 0000:00:18.0: PCI bridge to [bus 1b-1b]
[    0.198777] pci 0000:00:18.0:   bridge window [io  0x7000-0x7fff]
[    0.198797] pci 0000:00:18.0:   bridge window [mem 0xca700000-0xca7fffff]
[    0.198837] pci 0000:00:18.0:   bridge window [mem 0xd8d00000-0xd8dfffff 64bit pref]
[    0.199260] pci 0000:00:18.1: PCI bridge to [bus 1c-1c]
[    0.199282] pci 0000:00:18.1:   bridge window [io  0xb000-0xbfff]
[    0.199303] pci 0000:00:18.1:   bridge window [mem 0xcab00000-0xcabfffff]
[    0.199354] pci 0000:00:18.1:   bridge window [mem 0xd9100000-0xd91fffff 64bit pref]
[    0.199965] pci 0000:00:18.2: PCI bridge to [bus 1d-1d]
[    0.199991] pci 0000:00:18.2:   bridge window [io  0xf000-0xffff]
[    0.200017] pci 0000:00:18.2:   bridge window [mem 0xcaf00000-0xcaffffff]
[    0.200066] pci 0000:00:18.2:   bridge window [mem 0xd9500000-0xd95fffff 64bit pref]
[    0.200540] pci 0000:00:18.3: PCI bridge to [bus 1e-1e]
[    0.200579] pci 0000:00:18.3:   bridge window [mem 0xcb300000-0xcb3fffff]
[    0.200619] pci 0000:00:18.3:   bridge window [mem 0xd9900000-0xd99fffff 64bit pref]
[    0.201032] pci 0000:00:18.4: PCI bridge to [bus 1f-1f]
[    0.201071] pci 0000:00:18.4:   bridge window [mem 0xcb700000-0xcb7fffff]
[    0.201110] pci 0000:00:18.4:   bridge window [mem 0xd9d00000-0xd9dfffff 64bit pref]
[    0.201546] pci 0000:00:18.5: PCI bridge to [bus 20-20]
[    0.201585] pci 0000:00:18.5:   bridge window [mem 0xcbb00000-0xcbbfffff]
[    0.201624] pci 0000:00:18.5:   bridge window [mem 0xda100000-0xda1fffff 64bit pref]
[    0.202036] pci 0000:00:18.6: PCI bridge to [bus 21-21]
[    0.202074] pci 0000:00:18.6:   bridge window [mem 0xcbf00000-0xcbffffff]
[    0.202113] pci 0000:00:18.6:   bridge window [mem 0xda500000-0xda5fffff 64bit pref]
[    0.202571] pci 0000:00:18.7: PCI bridge to [bus 22-22]
[    0.202610] pci 0000:00:18.7:   bridge window [mem 0xcc300000-0xcc3fffff]
[    0.202649] pci 0000:00:18.7:   bridge window [mem 0xda900000-0xda9fffff 64bit pref]
[    0.204209] pci_bus 0000:00: on NUMA node 0
[    0.204215] ACPI: PCI Interrupt Routing Table [\_SB_.PCI0._PRT]
[    0.205104]  pci0000:00: Requesting ACPI _OSC control (0x1d)
[    0.205382]  pci0000:00: ACPI _OSC control (0x15) granted
[    0.284388] ACPI: PCI Interrupt Link [LNKA] (IRQs 3 4 5 6 7 *9 10 11 14 15)
[    0.284455] ACPI: PCI Interrupt Link [LNKB] (IRQs 3 4 5 6 7 9 10 *11 14 15)
[    0.284517] ACPI: PCI Interrupt Link [LNKC] (IRQs 3 4 5 6 7 9 *10 11 14 15)
[    0.284578] ACPI: PCI Interrupt Link [LNKD] (IRQs 3 4 *5 6 7 9 10 11 14 15)
[    0.284707] vgaarb: device added: PCI:0000:00:0f.0,decodes=io+mem,owns=io+mem,locks=none
[    0.284717] vgaarb: loaded
[    0.284718] vgaarb: bridge control possible 0000:00:0f.0
[    0.284795] i2c-core: driver [aat2870] using legacy suspend method
[    0.284796] i2c-core: driver [aat2870] using legacy resume method
[    0.284858] SCSI subsystem initialized
[    0.284894] libata version 3.00 loaded.
[    0.284923] usbcore: registered new interface driver usbfs
[    0.284932] usbcore: registered new interface driver hub
[    0.284953] usbcore: registered new device driver usb
[    0.285015] PCI: Using ACPI for IRQ routing
[    0.355372] PCI: pci_cache_line_size set to 64 bytes
[    0.355395] pci 0000:00:18.2: no compatible bridge window for [io  0xf000-0xffff]
[    0.356476] reserve RAM buffer: 000000000009f000 - 000000000009ffff 
[    0.356478] reserve RAM buffer: 000000003fee0000 - 000000003fffffff 
[    0.356581] NetLabel: Initializing
[    0.356583] NetLabel:  domain hash size = 128
[    0.356584] NetLabel:  protocols = UNLABELED CIPSOv4
[    0.356591] NetLabel:  unlabeled traffic allowed by default
[    0.356654] hpet0: at MMIO 0xfed00000, IRQs 2, 8, 0, 0, 0, 0, 0, 0, 0, 0, 0, 0, 0, 0, 0, 0
[    0.356660] hpet0: 16 comparators, 64-bit 14.318180 MHz counter
[    0.358679] Switching to clocksource hpet
[    0.364144] AppArmor: AppArmor Filesystem Enabled
[    0.364169] pnp: PnP ACPI init
[    0.364193] ACPI: bus type pnp registered
[    0.364902] pnp 00:00: [bus 00-ff]
[    0.364904] pnp 00:00: [mem 0x000a0000-0x000bffff window]
[    0.364906] pnp 00:00: [mem 0x000c0000-0x000c3fff window]
[    0.364907] pnp 00:00: [mem 0x000c4000-0x000c7fff window]
[    0.364909] pnp 00:00: [mem 0x000c8000-0x000cbfff window]
[    0.364910] pnp 00:00: [mem 0x000cc000-0x000cffff window]
[    0.364912] pnp 00:00: [mem 0x000d0000-0x000d3fff window]
[    0.364913] pnp 00:00: [mem 0x000d4000-0x000d7fff window]
[    0.364915] pnp 00:00: [mem 0x000d8000-0x000dbfff window]
[    0.364916] pnp 00:00: [mem 0x000dc000-0x000dffff window]
[    0.364917] pnp 00:00: [mem 0x000e0000-0x000e3fff window]
[    0.364919] pnp 00:00: [mem 0x000e4000-0x000e7fff window]
[    0.364920] pnp 00:00: [mem 0x000e8000-0x000ebfff window]
[    0.364922] pnp 00:00: [mem 0x000ec000-0x000effff window]
[    0.364923] pnp 00:00: [mem 0xc0000000-0xfebfffff window]
[    0.364925] pnp 00:00: [io  0x0cf8-0x0cff]
[    0.364926] pnp 00:00: [io  0x0000-0x0cf7 window]
[    0.364928] pnp 00:00: [io  0x0d00-0xfeff window]
[    0.364967] pnp 00:00: Plug and Play ACPI device, IDs PNP0a03 PNP0a08 (active)
[    0.365060] pnp 00:01: [io  0x0010-0x001f]
[    0.365062] pnp 00:01: [io  0x0024-0x0025]
[    0.365063] pnp 00:01: [io  0x0028-0x0029]
[    0.365064] pnp 00:01: [io  0x002c-0x002d]
[    0.365065] pnp 00:01: [io  0x002e-0x002f]
[    0.365067] pnp 00:01: [io  0x0030-0x0031]
[    0.365068] pnp 00:01: [io  0x0034-0x0035]
[    0.365069] pnp 00:01: [io  0x0038-0x0039]
[    0.365070] pnp 00:01: [io  0x003c-0x003d]
[    0.365071] pnp 00:01: [io  0x0050-0x0053]
[    0.365072] pnp 00:01: [io  0x0072-0x0077]
[    0.365074] pnp 00:01: [io  0x0080]
[    0.365075] pnp 00:01: [io  0x0090-0x009f]
[    0.365076] pnp 00:01: [io  0x00a4-0x00a5]
[    0.365077] pnp 00:01: [io  0x00a8-0x00a9]
[    0.365078] pnp 00:01: [io  0x00ac-0x00ad]
[    0.365079] pnp 00:01: [io  0x00b0-0x00b5]
[    0.365080] pnp 00:01: [io  0x00b8-0x00b9]
[    0.365081] pnp 00:01: [io  0x00bc-0x00bd]
[    0.365083] pnp 00:01: [io  0x1000-0x103f]
[    0.365084] pnp 00:01: [io  0x1040-0x104f]
[    0.365085] pnp 00:01: [io  0x0cf0-0x0cf1]
[    0.365144] system 00:01: [io  0x1000-0x103f] has been reserved
[    0.365149] system 00:01: [io  0x1040-0x104f] has been reserved
[    0.365151] system 00:01: [io  0x0cf0-0x0cf1] has been reserved
[    0.365153] system 00:01: Plug and Play ACPI device, IDs PNP0c02 (active)
[    0.365160] pnp 00:02: [io  0x0000-0x000f]
[    0.365161] pnp 00:02: [io  0x0081-0x008f]
[    0.365162] pnp 00:02: [io  0x00c0-0x00df]
[    0.365164] pnp 00:02: [dma 4]
[    0.365180] pnp 00:02: Plug and Play ACPI device, IDs PNP0200 (active)
[    0.365185] pnp 00:03: [io  0x0020-0x0021]
[    0.365187] pnp 00:03: [io  0x00a0-0x00a1]
[    0.365188] pnp 00:03: [io  0x04d0-0x04d1]
[    0.365189] pnp 00:03: [irq 2 disabled]
[    0.365205] pnp 00:03: Plug and Play ACPI device, IDs PNP0001 (active)
[    0.365211] pnp 00:04: [io  0x0070-0x0071]
[    0.365214] pnp 00:04: [irq 8]
[    0.365226] pnp 00:04: Plug and Play ACPI device, IDs PNP0b00 (active)
[    0.365231] pnp 00:05: [io  0x0061]
[    0.365244] pnp 00:05: Plug and Play ACPI device, IDs PNP0800 (active)
[    0.365249] pnp 00:06: [io  0x0060]
[    0.365250] pnp 00:06: [io  0x0064]
[    0.365251] pnp 00:06: [irq 1]
[    0.365266] pnp 00:06: Plug and Play ACPI device, IDs PNP0303 (active)
[    0.365271] pnp 00:07: [irq 12]
[    0.365284] pnp 00:07: Plug and Play ACPI device, IDs PNP0f13 (active)
[    0.365447] pnp 00:08: [mem 0xfed00000-0xfed003ff]
[    0.365482] system 00:08: [mem 0xfed00000-0xfed003ff] has been reserved
[    0.365484] system 00:08: Plug and Play ACPI device, IDs PNP0103 PNP0c01 (active)
[    0.371399] pnp 00:09: [io  0x0378-0x037f]
[    0.371405] pnp 00:09: [irq 7]
[    0.372762] pnp 00:09: Plug and Play ACPI device, IDs PNP0400 (active)
[    0.377469] pnp 00:0a: [io  0x03f8-0x03ff]
[    0.377473] pnp 00:0a: [irq 4]
[    0.378682] pnp 00:0a: Plug and Play ACPI device, IDs PNP0501 (active)
[    0.382521] pnp 00:0b: [io  0x02f8-0x02ff]
[    0.382525] pnp 00:0b: [irq 3]
[    0.383869] pnp 00:0b: Plug and Play ACPI device, IDs PNP0501 (active)
[    0.389309] pnp 00:0c: [io  0x03f0-0x03f5]
[    0.389311] pnp 00:0c: [io  0x03f7]
[    0.389313] pnp 00:0c: [irq 6]
[    0.389315] pnp 00:0c: [dma 2]
[    0.390443] pnp 00:0c: Plug and Play ACPI device, IDs PNP0700 (active)
[    0.390609] pnp 00:0d: [mem 0xe0000000-0xefffffff]
[    0.390610] pnp 00:0d: [io  0x1060-0x107f]
[    0.390612] pnp 00:0d: [mem 0xc8200000-0xc83fffff]
[    0.390660] system 00:0d: [io  0x1060-0x107f] has been reserved
[    0.390664] system 00:0d: [mem 0xe0000000-0xefffffff] has been reserved
[    0.390666] system 00:0d: [mem 0xc8200000-0xc83fffff] has been reserved
[    0.390668] system 00:0d: Plug and Play ACPI device, IDs PNP0c02 (active)
[    0.395720] pnp: PnP ACPI: found 14 devices
[    0.395722] ACPI: ACPI bus type pnp unregistered
[    0.395726] PnPBIOS: Disabled by ACPI PNP
[    0.431389] PCI: max bus depth: 1 pci_try_num: 2
[    0.431447] pci 0000:00:0f.0: BAR 6: assigned [mem 0xc0000000-0xc0007fff pref]
[    0.431451] pci 0000:00:10.0: BAR 6: assigned [mem 0xc0008000-0xc000bfff pref]
[    0.431456] pci 0000:00:18.7: BAR 13: can't assign io (size 0x1000)
[    0.431459] pci 0000:00:18.6: BAR 13: can't assign io (size 0x1000)
[    0.431462] pci 0000:00:18.5: BAR 13: can't assign io (size 0x1000)
[    0.431465] pci 0000:00:18.4: BAR 13: can't assign io (size 0x1000)
[    0.431468] pci 0000:00:18.3: BAR 13: can't assign io (size 0x1000)
[    0.431471] pci 0000:00:18.2: BAR 13: can't assign io (size 0x1000)
[    0.431474] pci 0000:00:17.7: BAR 13: can't assign io (size 0x1000)
[    0.431477] pci 0000:00:17.6: BAR 13: can't assign io (size 0x1000)
[    0.431480] pci 0000:00:17.5: BAR 13: can't assign io (size 0x1000)
[    0.431483] pci 0000:00:17.4: BAR 13: can't assign io (size 0x1000)
[    0.431486] pci 0000:00:17.3: BAR 13: can't assign io (size 0x1000)
[    0.431489] pci 0000:00:16.7: BAR 13: can't assign io (size 0x1000)
[    0.431492] pci 0000:00:16.6: BAR 13: can't assign io (size 0x1000)
[    0.431495] pci 0000:00:16.5: BAR 13: can't assign io (size 0x1000)
[    0.431498] pci 0000:00:16.4: BAR 13: can't assign io (size 0x1000)
[    0.431501] pci 0000:00:16.3: BAR 13: can't assign io (size 0x1000)
[    0.431504] pci 0000:00:15.7: BAR 13: can't assign io (size 0x1000)
[    0.431507] pci 0000:00:15.6: BAR 13: can't assign io (size 0x1000)
[    0.431510] pci 0000:00:15.5: BAR 13: can't assign io (size 0x1000)
[    0.431513] pci 0000:00:15.4: BAR 13: can't assign io (size 0x1000)
[    0.431516] pci 0000:00:15.3: BAR 13: can't assign io (size 0x1000)
[    0.431519] pci 0000:00:01.0: PCI bridge to [bus 01-01]
[    0.431576] pci 0000:02:01.0: BAR 6: assigned [mem 0xd8400000-0xd840ffff pref]
[    0.431579] pci 0000:00:11.0: PCI bridge to [bus 02-02]
[    0.431593] pci 0000:00:11.0:   bridge window [io  0x2000-0x3fff]
[    0.431628] pci 0000:00:11.0:   bridge window [mem 0xc9000000-0xca3fffff]
[    0.431652] pci 0000:00:11.0:   bridge window [mem 0xd8400000-0xd89fffff 64bit pref]
[    0.431697] pci 0000:00:15.0: PCI bridge to [bus 03-03]
[    0.431710] pci 0000:00:15.0:   bridge window [io  0x4000-0x4fff]
[    0.431745] pci 0000:00:15.0:   bridge window [mem 0xca400000-0xca4fffff]
[    0.431768] pci 0000:00:15.0:   bridge window [mem 0xd8a00000-0xd8afffff 64bit pref]
[    0.431826] pci 0000:00:15.1: PCI bridge to [bus 04-04]
[    0.431840] pci 0000:00:15.1:   bridge window [io  0x8000-0x8fff]
[    0.431874] pci 0000:00:15.1:   bridge window [mem 0xca800000-0xca8fffff]
[    0.431898] pci 0000:00:15.1:   bridge window [mem 0xd8e00000-0xd8efffff 64bit pref]
[    0.431947] pci 0000:00:15.2: PCI bridge to [bus 05-05]
[    0.431961] pci 0000:00:15.2:   bridge window [io  0xc000-0xcfff]
[    0.431995] pci 0000:00:15.2:   bridge window [mem 0xcac00000-0xcacfffff]
[    0.432019] pci 0000:00:15.2:   bridge window [mem 0xd9200000-0xd92fffff 64bit pref]
[    0.432068] pci 0000:00:15.3: PCI bridge to [bus 06-06]
[    0.432102] pci 0000:00:15.3:   bridge window [mem 0xcb000000-0xcb0fffff]
[    0.432125] pci 0000:00:15.3:   bridge window [mem 0xd9600000-0xd96fffff 64bit pref]
[    0.432174] pci 0000:00:15.4: PCI bridge to [bus 07-07]
[    0.432209] pci 0000:00:15.4:   bridge window [mem 0xcb400000-0xcb4fffff]
[    0.432232] pci 0000:00:15.4:   bridge window [mem 0xd9a00000-0xd9afffff 64bit pref]
[    0.432281] pci 0000:00:15.5: PCI bridge to [bus 08-08]
[    0.432315] pci 0000:00:15.5:   bridge window [mem 0xcb800000-0xcb8fffff]
[    0.432338] pci 0000:00:15.5:   bridge window [mem 0xd9e00000-0xd9efffff 64bit pref]
[    0.432391] pci 0000:00:15.6: PCI bridge to [bus 09-09]
[    0.432427] pci 0000:00:15.6:   bridge window [mem 0xcbc00000-0xcbcfffff]
[    0.432451] pci 0000:00:15.6:   bridge window [mem 0xda200000-0xda2fffff 64bit pref]
[    0.432500] pci 0000:00:15.7: PCI bridge to [bus 0a-0a]
[    0.432534] pci 0000:00:15.7:   bridge window [mem 0xcc000000-0xcc0fffff]
[    0.432558] pci 0000:00:15.7:   bridge window [mem 0xda600000-0xda6fffff 64bit pref]
[    0.432607] pci 0000:00:16.0: PCI bridge to [bus 0b-0b]
[    0.432621] pci 0000:00:16.0:   bridge window [io  0x5000-0x5fff]
[    0.432655] pci 0000:00:16.0:   bridge window [mem 0xca500000-0xca5fffff]
[    0.432679] pci 0000:00:16.0:   bridge window [mem 0xd8b00000-0xd8bfffff 64bit pref]
[    0.432728] pci 0000:00:16.1: PCI bridge to [bus 0c-0c]
[    0.432741] pci 0000:00:16.1:   bridge window [io  0x9000-0x9fff]
[    0.432775] pci 0000:00:16.1:   bridge window [mem 0xca900000-0xca9fffff]
[    0.432799] pci 0000:00:16.1:   bridge window [mem 0xd8f00000-0xd8ffffff 64bit pref]
[    0.432847] pci 0000:00:16.2: PCI bridge to [bus 0d-0d]
[    0.432861] pci 0000:00:16.2:   bridge window [io  0xd000-0xdfff]
[    0.432895] pci 0000:00:16.2:   bridge window [mem 0xcad00000-0xcadfffff]
[    0.432919] pci 0000:00:16.2:   bridge window [mem 0xd9300000-0xd93fffff 64bit pref]
[    0.432968] pci 0000:00:16.3: PCI bridge to [bus 0e-0e]
[    0.433002] pci 0000:00:16.3:   bridge window [mem 0xcb100000-0xcb1fffff]
[    0.433025] pci 0000:00:16.3:   bridge window [mem 0xd9700000-0xd97fffff 64bit pref]
[    0.433074] pci 0000:00:16.4: PCI bridge to [bus 0f-0f]
[    0.433108] pci 0000:00:16.4:   bridge window [mem 0xcb500000-0xcb5fffff]
[    0.433132] pci 0000:00:16.4:   bridge window [mem 0xd9b00000-0xd9bfffff 64bit pref]
[    0.433180] pci 0000:00:16.5: PCI bridge to [bus 10-10]
[    0.433215] pci 0000:00:16.5:   bridge window [mem 0xcb900000-0xcb9fffff]
[    0.433238] pci 0000:00:16.5:   bridge window [mem 0xd9f00000-0xd9ffffff 64bit pref]
[    0.433287] pci 0000:00:16.6: PCI bridge to [bus 11-11]
[    0.433321] pci 0000:00:16.6:   bridge window [mem 0xcbd00000-0xcbdfffff]
[    0.433344] pci 0000:00:16.6:   bridge window [mem 0xda300000-0xda3fffff 64bit pref]
[    0.433402] pci 0000:00:16.7: PCI bridge to [bus 12-12]
[    0.433437] pci 0000:00:16.7:   bridge window [mem 0xcc100000-0xcc1fffff]
[    0.433461] pci 0000:00:16.7:   bridge window [mem 0xda700000-0xda7fffff 64bit pref]
[    0.433510] pci 0000:00:17.0: PCI bridge to [bus 13-13]
[    0.433524] pci 0000:00:17.0:   bridge window [io  0x6000-0x6fff]
[    0.433559] pci 0000:00:17.0:   bridge window [mem 0xca600000-0xca6fffff]
[    0.433582] pci 0000:00:17.0:   bridge window [mem 0xd8c00000-0xd8cfffff 64bit pref]
[    0.433631] pci 0000:00:17.1: PCI bridge to [bus 14-14]
[    0.433645] pci 0000:00:17.1:   bridge window [io  0xa000-0xafff]
[    0.433679] pci 0000:00:17.1:   bridge window [mem 0xcaa00000-0xcaafffff]
[    0.433703] pci 0000:00:17.1:   bridge window [mem 0xd9000000-0xd90fffff 64bit pref]
[    0.433751] pci 0000:00:17.2: PCI bridge to [bus 15-15]
[    0.433765] pci 0000:00:17.2:   bridge window [io  0xe000-0xefff]
[    0.433799] pci 0000:00:17.2:   bridge window [mem 0xcae00000-0xcaefffff]
[    0.433823] pci 0000:00:17.2:   bridge window [mem 0xd9400000-0xd94fffff 64bit pref]
[    0.433871] pci 0000:00:17.3: PCI bridge to [bus 16-16]
[    0.433906] pci 0000:00:17.3:   bridge window [mem 0xcb200000-0xcb2fffff]
[    0.433929] pci 0000:00:17.3:   bridge window [mem 0xd9800000-0xd98fffff 64bit pref]
[    0.433978] pci 0000:00:17.4: PCI bridge to [bus 17-17]
[    0.434012] pci 0000:00:17.4:   bridge window [mem 0xcb600000-0xcb6fffff]
[    0.434035] pci 0000:00:17.4:   bridge window [mem 0xd9c00000-0xd9cfffff 64bit pref]
[    0.434084] pci 0000:00:17.5: PCI bridge to [bus 18-18]
[    0.434118] pci 0000:00:17.5:   bridge window [mem 0xcba00000-0xcbafffff]
[    0.434141] pci 0000:00:17.5:   bridge window [mem 0xda000000-0xda0fffff 64bit pref]
[    0.434190] pci 0000:00:17.6: PCI bridge to [bus 19-19]
[    0.434224] pci 0000:00:17.6:   bridge window [mem 0xcbe00000-0xcbefffff]
[    0.434248] pci 0000:00:17.6:   bridge window [mem 0xda400000-0xda4fffff 64bit pref]
[    0.434296] pci 0000:00:17.7: PCI bridge to [bus 1a-1a]
[    0.434330] pci 0000:00:17.7:   bridge window [mem 0xcc200000-0xcc2fffff]
[    0.434388] pci 0000:00:17.7:   bridge window [mem 0xda800000-0xda8fffff 64bit pref]
[    0.434445] pci 0000:00:18.0: PCI bridge to [bus 1b-1b]
[    0.434464] pci 0000:00:18.0:   bridge window [io  0x7000-0x7fff]
[    0.434506] pci 0000:00:18.0:   bridge window [mem 0xca700000-0xca7fffff]
[    0.434535] pci 0000:00:18.0:   bridge window [mem 0xd8d00000-0xd8dfffff 64bit pref]
[    0.434623] pci 0000:00:18.1: PCI bridge to [bus 1c-1c]
[    0.434640] pci 0000:00:18.1:   bridge window [io  0xb000-0xbfff]
[    0.434683] pci 0000:00:18.1:   bridge window [mem 0xcab00000-0xcabfffff]
[    0.434712] pci 0000:00:18.1:   bridge window [mem 0xd9100000-0xd91fffff 64bit pref]
[    0.434770] pci 0000:00:18.2: PCI bridge to [bus 1d-1d]
[    0.434812] pci 0000:00:18.2:   bridge window [mem 0xcaf00000-0xcaffffff]
[    0.434841] pci 0000:00:18.2:   bridge window [mem 0xd9500000-0xd95fffff 64bit pref]
[    0.434899] pci 0000:00:18.3: PCI bridge to [bus 1e-1e]
[    0.434941] pci 0000:00:18.3:   bridge window [mem 0xcb300000-0xcb3fffff]
[    0.434970] pci 0000:00:18.3:   bridge window [mem 0xd9900000-0xd99fffff 64bit pref]
[    0.435027] pci 0000:00:18.4: PCI bridge to [bus 1f-1f]
[    0.435069] pci 0000:00:18.4:   bridge window [mem 0xcb700000-0xcb7fffff]
[    0.435098] pci 0000:00:18.4:   bridge window [mem 0xd9d00000-0xd9dfffff 64bit pref]
[    0.435155] pci 0000:00:18.5: PCI bridge to [bus 20-20]
[    0.435198] pci 0000:00:18.5:   bridge window [mem 0xcbb00000-0xcbbfffff]
[    0.435227] pci 0000:00:18.5:   bridge window [mem 0xda100000-0xda1fffff 64bit pref]
[    0.435285] pci 0000:00:18.6: PCI bridge to [bus 21-21]
[    0.435339] pci 0000:00:18.6:   bridge window [mem 0xcbf00000-0xcbffffff]
[    0.435368] pci 0000:00:18.6:   bridge window [mem 0xda500000-0xda5fffff 64bit pref]
[    0.435426] pci 0000:00:18.7: PCI bridge to [bus 22-22]
[    0.435468] pci 0000:00:18.7:   bridge window [mem 0xcc300000-0xcc3fffff]
[    0.435497] pci 0000:00:18.7:   bridge window [mem 0xda900000-0xda9fffff 64bit pref]
[    0.435554] pci 0000:00:01.0: setting latency timer to 64
[    0.435612] pci 0000:00:15.0: setting latency timer to 64
[    0.435669] pci 0000:00:15.1: setting latency timer to 64
[    0.435727] pci 0000:00:15.2: setting latency timer to 64
[    0.435784] pci 0000:00:15.3: setting latency timer to 64
[    0.435842] pci 0000:00:15.4: setting latency timer to 64
[    0.435899] pci 0000:00:15.5: setting latency timer to 64
[    0.435957] pci 0000:00:15.6: setting latency timer to 64
[    0.436014] pci 0000:00:15.7: setting latency timer to 64
[    0.436071] pci 0000:00:16.0: setting latency timer to 64
[    0.436129] pci 0000:00:16.1: setting latency timer to 64
[    0.436186] pci 0000:00:16.2: setting latency timer to 64
[    0.436244] pci 0000:00:16.3: setting latency timer to 64
[    0.436301] pci 0000:00:16.4: setting latency timer to 64
[    0.436359] pci 0000:00:16.5: setting latency timer to 64
[    0.436416] pci 0000:00:16.6: setting latency timer to 64
[    0.436474] pci 0000:00:16.7: setting latency timer to 64
[    0.436531] pci 0000:00:17.0: setting latency timer to 64
[    0.436589] pci 0000:00:17.1: setting latency timer to 64
[    0.436646] pci 0000:00:17.2: setting latency timer to 64
[    0.436704] pci 0000:00:17.3: setting latency timer to 64
[    0.436761] pci 0000:00:17.4: setting latency timer to 64
[    0.436819] pci 0000:00:17.5: setting latency timer to 64
[    0.436876] pci 0000:00:17.6: setting latency timer to 64
[    0.436933] pci 0000:00:17.7: setting latency timer to 64
[    0.436991] pci 0000:00:18.0: setting latency timer to 64
[    0.437048] pci 0000:00:18.1: setting latency timer to 64
[    0.437106] pci 0000:00:18.2: setting latency timer to 64
[    0.437163] pci 0000:00:18.3: setting latency timer to 64
[    0.437221] pci 0000:00:18.4: setting latency timer to 64
[    0.437278] pci 0000:00:18.5: setting latency timer to 64
[    0.437336] pci 0000:00:18.6: setting latency timer to 64
[    0.437393] pci 0000:00:18.7: setting latency timer to 64
[    0.437410] pci_bus 0000:00: resource 4 [mem 0x000a0000-0x000bffff]
[    0.437413] pci_bus 0000:00: resource 5 [mem 0x000cc000-0x000cffff]
[    0.437416] pci_bus 0000:00: resource 6 [mem 0x000d0000-0x000d3fff]
[    0.437419] pci_bus 0000:00: resource 7 [mem 0x000d4000-0x000d7fff]
[    0.437422] pci_bus 0000:00: resource 8 [mem 0x000d8000-0x000dbfff]
[    0.437425] pci_bus 0000:00: resource 9 [mem 0xc0000000-0xfebfffff]
[    0.437428] pci_bus 0000:00: resource 10 [io  0x0000-0x0cf7]
[    0.437431] pci_bus 0000:00: resource 11 [io  0x0d00-0xfeff]
[    0.437434] pci_bus 0000:02: resource 0 [io  0x2000-0x3fff]
[    0.437437] pci_bus 0000:02: resource 1 [mem 0xc9000000-0xca3fffff]
[    0.437440] pci_bus 0000:02: resource 2 [mem 0xd8400000-0xd89fffff 64bit pref]
[    0.437443] pci_bus 0000:02: resource 4 [mem 0x000a0000-0x000bffff]
[    0.437446] pci_bus 0000:02: resource 5 [mem 0x000cc000-0x000cffff]
[    0.437449] pci_bus 0000:02: resource 6 [mem 0x000d0000-0x000d3fff]
[    0.437451] pci_bus 0000:02: resource 7 [mem 0x000d4000-0x000d7fff]
[    0.437454] pci_bus 0000:02: resource 8 [mem 0x000d8000-0x000dbfff]
[    0.437457] pci_bus 0000:02: resource 9 [mem 0xc0000000-0xfebfffff]
[    0.437460] pci_bus 0000:02: resource 10 [io  0x0000-0x0cf7]
[    0.437463] pci_bus 0000:02: resource 11 [io  0x0d00-0xfeff]
[    0.437466] pci_bus 0000:03: resource 0 [io  0x4000-0x4fff]
[    0.437468] pci_bus 0000:03: resource 1 [mem 0xca400000-0xca4fffff]
[    0.437472] pci_bus 0000:03: resource 2 [mem 0xd8a00000-0xd8afffff 64bit pref]
[    0.437475] pci_bus 0000:04: resource 0 [io  0x8000-0x8fff]
[    0.437477] pci_bus 0000:04: resource 1 [mem 0xca800000-0xca8fffff]
[    0.437480] pci_bus 0000:04: resource 2 [mem 0xd8e00000-0xd8efffff 64bit pref]
[    0.437484] pci_bus 0000:05: resource 0 [io  0xc000-0xcfff]
[    0.437486] pci_bus 0000:05: resource 1 [mem 0xcac00000-0xcacfffff]
[    0.437489] pci_bus 0000:05: resource 2 [mem 0xd9200000-0xd92fffff 64bit pref]
[    0.437492] pci_bus 0000:06: resource 1 [mem 0xcb000000-0xcb0fffff]
[    0.437495] pci_bus 0000:06: resource 2 [mem 0xd9600000-0xd96fffff 64bit pref]
[    0.437498] pci_bus 0000:07: resource 1 [mem 0xcb400000-0xcb4fffff]
[    0.437501] pci_bus 0000:07: resource 2 [mem 0xd9a00000-0xd9afffff 64bit pref]
[    0.437505] pci_bus 0000:08: resource 1 [mem 0xcb800000-0xcb8fffff]
[    0.437508] pci_bus 0000:08: resource 2 [mem 0xd9e00000-0xd9efffff 64bit pref]
[    0.437511] pci_bus 0000:09: resource 1 [mem 0xcbc00000-0xcbcfffff]
[    0.437514] pci_bus 0000:09: resource 2 [mem 0xda200000-0xda2fffff 64bit pref]
[    0.437517] pci_bus 0000:0a: resource 1 [mem 0xcc000000-0xcc0fffff]
[    0.437520] pci_bus 0000:0a: resource 2 [mem 0xda600000-0xda6fffff 64bit pref]
[    0.437523] pci_bus 0000:0b: resource 0 [io  0x5000-0x5fff]
[    0.437525] pci_bus 0000:0b: resource 1 [mem 0xca500000-0xca5fffff]
[    0.437528] pci_bus 0000:0b: resource 2 [mem 0xd8b00000-0xd8bfffff 64bit pref]
[    0.437532] pci_bus 0000:0c: resource 0 [io  0x9000-0x9fff]
[    0.437534] pci_bus 0000:0c: resource 1 [mem 0xca900000-0xca9fffff]
[    0.437537] pci_bus 0000:0c: resource 2 [mem 0xd8f00000-0xd8ffffff 64bit pref]
[    0.437540] pci_bus 0000:0d: resource 0 [io  0xd000-0xdfff]
[    0.437543] pci_bus 0000:0d: resource 1 [mem 0xcad00000-0xcadfffff]
[    0.437546] pci_bus 0000:0d: resource 2 [mem 0xd9300000-0xd93fffff 64bit pref]
[    0.437549] pci_bus 0000:0e: resource 1 [mem 0xcb100000-0xcb1fffff]
[    0.437552] pci_bus 0000:0e: resource 2 [mem 0xd9700000-0xd97fffff 64bit pref]
[    0.437556] pci_bus 0000:0f: resource 1 [mem 0xcb500000-0xcb5fffff]
[    0.437559] pci_bus 0000:0f: resource 2 [mem 0xd9b00000-0xd9bfffff 64bit pref]
[    0.437562] pci_bus 0000:10: resource 1 [mem 0xcb900000-0xcb9fffff]
[    0.437565] pci_bus 0000:10: resource 2 [mem 0xd9f00000-0xd9ffffff 64bit pref]
[    0.437568] pci_bus 0000:11: resource 1 [mem 0xcbd00000-0xcbdfffff]
[    0.437571] pci_bus 0000:11: resource 2 [mem 0xda300000-0xda3fffff 64bit pref]
[    0.437574] pci_bus 0000:12: resource 1 [mem 0xcc100000-0xcc1fffff]
[    0.437577] pci_bus 0000:12: resource 2 [mem 0xda700000-0xda7fffff 64bit pref]
[    0.437580] pci_bus 0000:13: resource 0 [io  0x6000-0x6fff]
[    0.437583] pci_bus 0000:13: resource 1 [mem 0xca600000-0xca6fffff]
[    0.437586] pci_bus 0000:13: resource 2 [mem 0xd8c00000-0xd8cfffff 64bit pref]
[    0.437589] pci_bus 0000:14: resource 0 [io  0xa000-0xafff]
[    0.437592] pci_bus 0000:14: resource 1 [mem 0xcaa00000-0xcaafffff]
[    0.437595] pci_bus 0000:14: resource 2 [mem 0xd9000000-0xd90fffff 64bit pref]
[    0.437598] pci_bus 0000:15: resource 0 [io  0xe000-0xefff]
[    0.437601] pci_bus 0000:15: resource 1 [mem 0xcae00000-0xcaefffff]
[    0.437604] pci_bus 0000:15: resource 2 [mem 0xd9400000-0xd94fffff 64bit pref]
[    0.437607] pci_bus 0000:16: resource 1 [mem 0xcb200000-0xcb2fffff]
[    0.437610] pci_bus 0000:16: resource 2 [mem 0xd9800000-0xd98fffff 64bit pref]
[    0.437613] pci_bus 0000:17: resource 1 [mem 0xcb600000-0xcb6fffff]
[    0.437616] pci_bus 0000:17: resource 2 [mem 0xd9c00000-0xd9cfffff 64bit pref]
[    0.437619] pci_bus 0000:18: resource 1 [mem 0xcba00000-0xcbafffff]
[    0.437622] pci_bus 0000:18: resource 2 [mem 0xda000000-0xda0fffff 64bit pref]
[    0.437625] pci_bus 0000:19: resource 1 [mem 0xcbe00000-0xcbefffff]
[    0.437628] pci_bus 0000:19: resource 2 [mem 0xda400000-0xda4fffff 64bit pref]
[    0.437631] pci_bus 0000:1a: resource 1 [mem 0xcc200000-0xcc2fffff]
[    0.437634] pci_bus 0000:1a: resource 2 [mem 0xda800000-0xda8fffff 64bit pref]
[    0.437637] pci_bus 0000:1b: resource 0 [io  0x7000-0x7fff]
[    0.437640] pci_bus 0000:1b: resource 1 [mem 0xca700000-0xca7fffff]
[    0.437643] pci_bus 0000:1b: resource 2 [mem 0xd8d00000-0xd8dfffff 64bit pref]
[    0.437646] pci_bus 0000:1c: resource 0 [io  0xb000-0xbfff]
[    0.437649] pci_bus 0000:1c: resource 1 [mem 0xcab00000-0xcabfffff]
[    0.437652] pci_bus 0000:1c: resource 2 [mem 0xd9100000-0xd91fffff 64bit pref]
[    0.437655] pci_bus 0000:1d: resource 1 [mem 0xcaf00000-0xcaffffff]
[    0.437658] pci_bus 0000:1d: resource 2 [mem 0xd9500000-0xd95fffff 64bit pref]
[    0.437661] pci_bus 0000:1e: resource 1 [mem 0xcb300000-0xcb3fffff]
[    0.437664] pci_bus 0000:1e: resource 2 [mem 0xd9900000-0xd99fffff 64bit pref]
[    0.437667] pci_bus 0000:1f: resource 1 [mem 0xcb700000-0xcb7fffff]
[    0.437670] pci_bus 0000:1f: resource 2 [mem 0xd9d00000-0xd9dfffff 64bit pref]
[    0.437673] pci_bus 0000:20: resource 1 [mem 0xcbb00000-0xcbbfffff]
[    0.437676] pci_bus 0000:20: resource 2 [mem 0xda100000-0xda1fffff 64bit pref]
[    0.437679] pci_bus 0000:21: resource 1 [mem 0xcbf00000-0xcbffffff]
[    0.437682] pci_bus 0000:21: resource 2 [mem 0xda500000-0xda5fffff 64bit pref]
[    0.437685] pci_bus 0000:22: resource 1 [mem 0xcc300000-0xcc3fffff]
[    0.437688] pci_bus 0000:22: resource 2 [mem 0xda900000-0xda9fffff 64bit pref]
[    0.437732] NET: Registered protocol family 2
[    0.437789] IP route cache hash table entries: 32768 (order: 5, 131072 bytes)
[    0.437847] TCP established hash table entries: 131072 (order: 8, 1048576 bytes)
[    0.437904] TCP bind hash table entries: 65536 (order: 7, 524288 bytes)
[    0.437962] TCP: Hash tables configured (established 131072 bind 65536)
[    0.437965] TCP reno registered
[    0.437969] UDP hash table entries: 512 (order: 2, 16384 bytes)
[    0.438007] UDP-Lite hash table entries: 512 (order: 2, 16384 bytes)
[    0.438060] NET: Registered protocol family 1
[    0.438071] pci 0000:00:00.0: Limiting direct PCI/PCI transfers
[    0.438129] pci 0000:00:0f.0: Boot video device
[    0.438639] ACPI: PCI Interrupt Link [LNKC] enabled at IRQ 10
[    0.438643] PCI: setting IRQ 10 as level-triggered
[    0.438652] pci 0000:02:00.0: PCI INT A -> Link[LNKC] -> GSI 10 (level, low) -> IRQ 10
[    0.438773] pci 0000:02:00.0: PCI INT A disabled
[    0.438830] ACPI: PCI Interrupt Link [LNKB] enabled at IRQ 11
[    0.438833] PCI: setting IRQ 11 as level-triggered
[    0.438839] pci 0000:02:03.0: PCI INT A -> Link[LNKB] -> GSI 11 (level, low) -> IRQ 11
[    0.438896] pci 0000:02:03.0: PCI INT A disabled
[    0.438914] PCI: CLS 32 bytes, default 64
[    0.438963] Simple Boot Flag at 0x36 set to 0x1
[    0.438970] Switching to clocksource tsc
[    0.439234] audit: initializing netlink socket (disabled)
[    0.439243] type=2000 audit(1369639997.420:1): initialized
[    0.454717] Trying to unpack rootfs image as initramfs...
[    0.474828] highmem bounce pool size: 64 pages
[    0.474836] HugeTLB registered 2 MB page size, pre-allocated 0 pages
[    0.482625] VFS: Disk quotas dquot_6.5.2
[    0.482675] Dquot-cache hash table entries: 1024 (order 0, 4096 bytes)
[    0.482796] fuse init (API version 7.17)
[    0.482858] msgmni has been set to 1710
[    0.494661] Block layer SCSI generic (bsg) driver version 0.4 loaded (major 253)
[    0.498582] io scheduler noop registered
[    0.498586] io scheduler deadline registered
[    0.498599] io scheduler cfq registered (default)
[    0.498657] pcieport 0000:00:15.0: setting latency timer to 64
[    0.498714] pcieport 0000:00:15.0: irq 40 for MSI/MSI-X
[    0.498772] pcieport 0000:00:15.1: setting latency timer to 64
[    0.498829] pcieport 0000:00:15.1: irq 41 for MSI/MSI-X
[    0.498887] pcieport 0000:00:15.2: setting latency timer to 64
[    0.498944] pcieport 0000:00:15.2: irq 42 for MSI/MSI-X
[    0.499002] pcieport 0000:00:15.3: setting latency timer to 64
[    0.499059] pcieport 0000:00:15.3: irq 43 for MSI/MSI-X
[    0.499116] pcieport 0000:00:15.4: setting latency timer to 64
[    0.499174] pcieport 0000:00:15.4: irq 44 for MSI/MSI-X
[    0.499231] pcieport 0000:00:15.5: setting latency timer to 64
[    0.499289] pcieport 0000:00:15.5: irq 45 for MSI/MSI-X
[    0.499346] pcieport 0000:00:15.6: setting latency timer to 64
[    0.499404] pcieport 0000:00:15.6: irq 46 for MSI/MSI-X
[    0.499461] pcieport 0000:00:15.7: setting latency timer to 64
[    0.499519] pcieport 0000:00:15.7: irq 47 for MSI/MSI-X
[    0.499576] pcieport 0000:00:16.0: setting latency timer to 64
[    0.499634] pcieport 0000:00:16.0: irq 48 for MSI/MSI-X
[    0.499691] pcieport 0000:00:16.1: setting latency timer to 64
[    0.499749] pcieport 0000:00:16.1: irq 49 for MSI/MSI-X
[    0.499806] pcieport 0000:00:16.2: setting latency timer to 64
[    0.499864] pcieport 0000:00:16.2: irq 50 for MSI/MSI-X
[    0.499921] pcieport 0000:00:16.3: setting latency timer to 64
[    0.499978] pcieport 0000:00:16.3: irq 51 for MSI/MSI-X
[    0.500036] pcieport 0000:00:16.4: setting latency timer to 64
[    0.500093] pcieport 0000:00:16.4: irq 52 for MSI/MSI-X
[    0.500151] pcieport 0000:00:16.5: setting latency timer to 64
[    0.500208] pcieport 0000:00:16.5: irq 53 for MSI/MSI-X
[    0.500266] pcieport 0000:00:16.6: setting latency timer to 64
[    0.500323] pcieport 0000:00:16.6: irq 54 for MSI/MSI-X
[    0.500381] pcieport 0000:00:16.7: setting latency timer to 64
[    0.500438] pcieport 0000:00:16.7: irq 55 for MSI/MSI-X
[    0.500496] pcieport 0000:00:17.0: setting latency timer to 64
[    0.500553] pcieport 0000:00:17.0: irq 56 for MSI/MSI-X
[    0.500611] pcieport 0000:00:17.1: setting latency timer to 64
[    0.500668] pcieport 0000:00:17.1: irq 57 for MSI/MSI-X
[    0.500726] pcieport 0000:00:17.2: setting latency timer to 64
[    0.500783] pcieport 0000:00:17.2: irq 58 for MSI/MSI-X
[    0.500840] pcieport 0000:00:17.3: setting latency timer to 64
[    0.500898] pcieport 0000:00:17.3: irq 59 for MSI/MSI-X
[    0.500955] pcieport 0000:00:17.4: setting latency timer to 64
[    0.501013] pcieport 0000:00:17.4: irq 60 for MSI/MSI-X
[    0.501070] pcieport 0000:00:17.5: setting latency timer to 64
[    0.501128] pcieport 0000:00:17.5: irq 61 for MSI/MSI-X
[    0.501185] pcieport 0000:00:17.6: setting latency timer to 64
[    0.501243] pcieport 0000:00:17.6: irq 62 for MSI/MSI-X
[    0.501300] pcieport 0000:00:17.7: setting latency timer to 64
[    0.501358] pcieport 0000:00:17.7: irq 63 for MSI/MSI-X
[    0.501415] pcieport 0000:00:18.0: setting latency timer to 64
[    0.501473] pcieport 0000:00:18.0: irq 64 for MSI/MSI-X
[    0.501530] pcieport 0000:00:18.1: setting latency timer to 64
[    0.501588] pcieport 0000:00:18.1: irq 65 for MSI/MSI-X
[    0.501645] pcieport 0000:00:18.2: setting latency timer to 64
[    0.501702] pcieport 0000:00:18.2: irq 66 for MSI/MSI-X
[    0.501760] pcieport 0000:00:18.3: setting latency timer to 64
[    0.501817] pcieport 0000:00:18.3: irq 67 for MSI/MSI-X
[    0.501875] pcieport 0000:00:18.4: setting latency timer to 64
[    0.502576] pcieport 0000:00:18.4: irq 68 for MSI/MSI-X
[    0.502633] pcieport 0000:00:18.5: setting latency timer to 64
[    0.502691] pcieport 0000:00:18.5: irq 69 for MSI/MSI-X
[    0.502748] pcieport 0000:00:18.6: setting latency timer to 64
[    0.502806] pcieport 0000:00:18.6: irq 70 for MSI/MSI-X
[    0.502863] pcieport 0000:00:18.7: setting latency timer to 64
[    0.502921] pcieport 0000:00:18.7: irq 71 for MSI/MSI-X
[    0.502978] pcieport 0000:00:15.0: Signaling PME through PCIe PME interrupt
[    0.503004] pcie_pme 0000:00:15.0:pcie01: service driver pcie_pme loaded
[    0.503061] pcieport 0000:00:15.1: Signaling PME through PCIe PME interrupt
[    0.503087] pcie_pme 0000:00:15.1:pcie01: service driver pcie_pme loaded
[    0.503145] pcieport 0000:00:15.2: Signaling PME through PCIe PME interrupt
[    0.503170] pcie_pme 0000:00:15.2:pcie01: service driver pcie_pme loaded
[    0.503228] pcieport 0000:00:15.3: Signaling PME through PCIe PME interrupt
[    0.503253] pcie_pme 0000:00:15.3:pcie01: service driver pcie_pme loaded
[    0.503311] pcieport 0000:00:15.4: Signaling PME through PCIe PME interrupt
[    0.503336] pcie_pme 0000:00:15.4:pcie01: service driver pcie_pme loaded
[    0.503393] pcieport 0000:00:15.5: Signaling PME through PCIe PME interrupt
[    0.503418] pcie_pme 0000:00:15.5:pcie01: service driver pcie_pme loaded
[    0.503476] pcieport 0000:00:15.6: Signaling PME through PCIe PME interrupt
[    0.503502] pcie_pme 0000:00:15.6:pcie01: service driver pcie_pme loaded
[    0.503559] pcieport 0000:00:15.7: Signaling PME through PCIe PME interrupt
[    0.503584] pcie_pme 0000:00:15.7:pcie01: service driver pcie_pme loaded
[    0.503642] pcieport 0000:00:16.0: Signaling PME through PCIe PME interrupt
[    0.503676] pcie_pme 0000:00:16.0:pcie01: service driver pcie_pme loaded
[    0.503733] pcieport 0000:00:16.1: Signaling PME through PCIe PME interrupt
[    0.503773] pcie_pme 0000:00:16.1:pcie01: service driver pcie_pme loaded
[    0.503830] pcieport 0000:00:16.2: Signaling PME through PCIe PME interrupt
[    0.503856] pcie_pme 0000:00:16.2:pcie01: service driver pcie_pme loaded
[    0.503914] pcieport 0000:00:16.3: Signaling PME through PCIe PME interrupt
[    0.503939] pcie_pme 0000:00:16.3:pcie01: service driver pcie_pme loaded
[    0.503997] pcieport 0000:00:16.4: Signaling PME through PCIe PME interrupt
[    0.504022] pcie_pme 0000:00:16.4:pcie01: service driver pcie_pme loaded
[    0.504079] pcieport 0000:00:16.5: Signaling PME through PCIe PME interrupt
[    0.504105] pcie_pme 0000:00:16.5:pcie01: service driver pcie_pme loaded
[    0.504163] pcieport 0000:00:16.6: Signaling PME through PCIe PME interrupt
[    0.504197] pcie_pme 0000:00:16.6:pcie01: service driver pcie_pme loaded
[    0.504254] pcieport 0000:00:16.7: Signaling PME through PCIe PME interrupt
[    0.504286] pcie_pme 0000:00:16.7:pcie01: service driver pcie_pme loaded
[    0.504344] pcieport 0000:00:17.0: Signaling PME through PCIe PME interrupt
[    0.504375] pcie_pme 0000:00:17.0:pcie01: service driver pcie_pme loaded
[    0.504432] pcieport 0000:00:17.1: Signaling PME through PCIe PME interrupt
[    0.504463] pcie_pme 0000:00:17.1:pcie01: service driver pcie_pme loaded
[    0.504520] pcieport 0000:00:17.2: Signaling PME through PCIe PME interrupt
[    0.504551] pcie_pme 0000:00:17.2:pcie01: service driver pcie_pme loaded
[    0.504608] pcieport 0000:00:17.3: Signaling PME through PCIe PME interrupt
[    0.504639] pcie_pme 0000:00:17.3:pcie01: service driver pcie_pme loaded
[    0.504696] pcieport 0000:00:17.4: Signaling PME through PCIe PME interrupt
[    0.504722] pcie_pme 0000:00:17.4:pcie01: service driver pcie_pme loaded
[    0.504779] pcieport 0000:00:17.5: Signaling PME through PCIe PME interrupt
[    0.504806] pcie_pme 0000:00:17.5:pcie01: service driver pcie_pme loaded
[    0.504863] pcieport 0000:00:17.6: Signaling PME through PCIe PME interrupt
[    0.504889] pcie_pme 0000:00:17.6:pcie01: service driver pcie_pme loaded
[    0.504946] pcieport 0000:00:17.7: Signaling PME through PCIe PME interrupt
[    0.504972] pcie_pme 0000:00:17.7:pcie01: service driver pcie_pme loaded
[    0.505029] pcieport 0000:00:18.0: Signaling PME through PCIe PME interrupt
[    0.505054] pcie_pme 0000:00:18.0:pcie01: service driver pcie_pme loaded
[    0.505112] pcieport 0000:00:18.1: Signaling PME through PCIe PME interrupt
[    0.505137] pcie_pme 0000:00:18.1:pcie01: service driver pcie_pme loaded
[    0.505195] pcieport 0000:00:18.2: Signaling PME through PCIe PME interrupt
[    0.505220] pcie_pme 0000:00:18.2:pcie01: service driver pcie_pme loaded
[    0.505278] pcieport 0000:00:18.3: Signaling PME through PCIe PME interrupt
[    0.505312] pcie_pme 0000:00:18.3:pcie01: service driver pcie_pme loaded
[    0.505370] pcieport 0000:00:18.4: Signaling PME through PCIe PME interrupt
[    0.505406] pcie_pme 0000:00:18.4:pcie01: service driver pcie_pme loaded
[    0.505464] pcieport 0000:00:18.5: Signaling PME through PCIe PME interrupt
[    0.505489] pcie_pme 0000:00:18.5:pcie01: service driver pcie_pme loaded
[    0.505547] pcieport 0000:00:18.6: Signaling PME through PCIe PME interrupt
[    0.505572] pcie_pme 0000:00:18.6:pcie01: service driver pcie_pme loaded
[    0.505630] pcieport 0000:00:18.7: Signaling PME through PCIe PME interrupt
[    0.505655] pcie_pme 0000:00:18.7:pcie01: service driver pcie_pme loaded
[    0.505681] pci_hotplug: PCI Hot Plug PCI Core version: 0.5
[    0.505738] pciehp 0000:00:15.0:pcie04: HPC vendor_id 15ad device_id 7a0 ss_vid 15ad ss_did 7a0
[    0.505796] pciehp 0000:00:15.0:pcie04: service driver pciehp loaded
[    0.505853] pciehp 0000:00:15.1:pcie04: HPC vendor_id 15ad device_id 7a0 ss_vid 15ad ss_did 7a0
[    0.505910] pciehp 0000:00:15.1:pcie04: service driver pciehp loaded
[    0.505968] pciehp 0000:00:15.2:pcie04: HPC vendor_id 15ad device_id 7a0 ss_vid 15ad ss_did 7a0
[    0.506025] pciehp 0000:00:15.2:pcie04: service driver pciehp loaded
[    0.506083] pciehp 0000:00:15.3:pcie04: HPC vendor_id 15ad device_id 7a0 ss_vid 15ad ss_did 7a0
[    0.506140] pciehp 0000:00:15.3:pcie04: service driver pciehp loaded
[    0.506198] pciehp 0000:00:15.4:pcie04: HPC vendor_id 15ad device_id 7a0 ss_vid 15ad ss_did 7a0
[    0.506255] pciehp 0000:00:15.4:pcie04: service driver pciehp loaded
[    0.506313] pciehp 0000:00:15.5:pcie04: HPC vendor_id 15ad device_id 7a0 ss_vid 15ad ss_did 7a0
[    0.506370] pciehp 0000:00:15.5:pcie04: service driver pciehp loaded
[    0.506428] pciehp 0000:00:15.6:pcie04: HPC vendor_id 15ad device_id 7a0 ss_vid 15ad ss_did 7a0
[    0.506536] pciehp 0000:00:15.6:pcie04: service driver pciehp loaded
[    0.510534] pciehp 0000:00:15.7:pcie04: HPC vendor_id 15ad device_id 7a0 ss_vid 15ad ss_did 7a0
[    0.510592] pciehp 0000:00:15.7:pcie04: service driver pciehp loaded
[    0.510649] pciehp 0000:00:16.0:pcie04: HPC vendor_id 15ad device_id 7a0 ss_vid 15ad ss_did 7a0
[    0.510707] pciehp 0000:00:16.0:pcie04: service driver pciehp loaded
[    0.510764] pciehp 0000:00:16.1:pcie04: HPC vendor_id 15ad device_id 7a0 ss_vid 15ad ss_did 7a0
[    0.510822] pciehp 0000:00:16.1:pcie04: service driver pciehp loaded
[    0.510879] pciehp 0000:00:16.2:pcie04: HPC vendor_id 15ad device_id 7a0 ss_vid 15ad ss_did 7a0
[    0.510937] pciehp 0000:00:16.2:pcie04: service driver pciehp loaded
[    0.510994] pciehp 0000:00:16.3:pcie04: HPC vendor_id 15ad device_id 7a0 ss_vid 15ad ss_did 7a0
[    0.511052] pciehp 0000:00:16.3:pcie04: service driver pciehp loaded
[    0.511109] pciehp 0000:00:16.4:pcie04: HPC vendor_id 15ad device_id 7a0 ss_vid 15ad ss_did 7a0
[    0.511167] pciehp 0000:00:16.4:pcie04: service driver pciehp loaded
[    0.511224] pciehp 0000:00:16.5:pcie04: HPC vendor_id 15ad device_id 7a0 ss_vid 15ad ss_did 7a0
[    0.511282] pciehp 0000:00:16.5:pcie04: service driver pciehp loaded
[    0.511339] pciehp 0000:00:16.6:pcie04: HPC vendor_id 15ad device_id 7a0 ss_vid 15ad ss_did 7a0
[    0.511396] pciehp 0000:00:16.6:pcie04: service driver pciehp loaded
[    0.511454] pciehp 0000:00:16.7:pcie04: HPC vendor_id 15ad device_id 7a0 ss_vid 15ad ss_did 7a0
[    0.511511] pciehp 0000:00:16.7:pcie04: service driver pciehp loaded
[    0.511569] pciehp 0000:00:17.0:pcie04: HPC vendor_id 15ad device_id 7a0 ss_vid 15ad ss_did 7a0
[    0.511626] pciehp 0000:00:17.0:pcie04: service driver pciehp loaded
[    0.511684] pciehp 0000:00:17.1:pcie04: HPC vendor_id 15ad device_id 7a0 ss_vid 15ad ss_did 7a0
[    0.511741] pciehp 0000:00:17.1:pcie04: service driver pciehp loaded
[    0.511799] pciehp 0000:00:17.2:pcie04: HPC vendor_id 15ad device_id 7a0 ss_vid 15ad ss_did 7a0
[    0.511856] pciehp 0000:00:17.2:pcie04: service driver pciehp loaded
[    0.511914] pciehp 0000:00:17.3:pcie04: HPC vendor_id 15ad device_id 7a0 ss_vid 15ad ss_did 7a0
[    0.511971] pciehp 0000:00:17.3:pcie04: service driver pciehp loaded
[    0.512029] pciehp 0000:00:17.4:pcie04: HPC vendor_id 15ad device_id 7a0 ss_vid 15ad ss_did 7a0
[    0.512086] pciehp 0000:00:17.4:pcie04: service driver pciehp loaded
[    0.512144] pciehp 0000:00:17.5:pcie04: HPC vendor_id 15ad device_id 7a0 ss_vid 15ad ss_did 7a0
[    0.512201] pciehp 0000:00:17.5:pcie04: service driver pciehp loaded
[    0.512258] pciehp 0000:00:17.6:pcie04: HPC vendor_id 15ad device_id 7a0 ss_vid 15ad ss_did 7a0
[    0.512361] pciehp 0000:00:17.6:pcie04: service driver pciehp loaded
[    0.512418] pciehp 0000:00:17.7:pcie04: HPC vendor_id 15ad device_id 7a0 ss_vid 15ad ss_did 7a0
[    0.512476] pciehp 0000:00:17.7:pcie04: service driver pciehp loaded
[    0.512533] pciehp 0000:00:18.0:pcie04: HPC vendor_id 15ad device_id 7a0 ss_vid 15ad ss_did 7a0
[    0.512590] pciehp 0000:00:18.0:pcie04: service driver pciehp loaded
[    0.512648] pciehp 0000:00:18.1:pcie04: HPC vendor_id 15ad device_id 7a0 ss_vid 15ad ss_did 7a0
[    0.512705] pciehp 0000:00:18.1:pcie04: service driver pciehp loaded
[    0.512763] pciehp 0000:00:18.2:pcie04: HPC vendor_id 15ad device_id 7a0 ss_vid 15ad ss_did 7a0
[    0.512820] pciehp 0000:00:18.2:pcie04: service driver pciehp loaded
[    0.512878] pciehp 0000:00:18.3:pcie04: HPC vendor_id 15ad device_id 7a0 ss_vid 15ad ss_did 7a0
[    0.512935] pciehp 0000:00:18.3:pcie04: service driver pciehp loaded
[    0.512993] pciehp 0000:00:18.4:pcie04: HPC vendor_id 15ad device_id 7a0 ss_vid 15ad ss_did 7a0
[    0.513050] pciehp 0000:00:18.4:pcie04: service driver pciehp loaded
[    0.513108] pciehp 0000:00:18.5:pcie04: HPC vendor_id 15ad device_id 7a0 ss_vid 15ad ss_did 7a0
[    0.513165] pciehp 0000:00:18.5:pcie04: service driver pciehp loaded
[    0.513223] pciehp 0000:00:18.6:pcie04: HPC vendor_id 15ad device_id 7a0 ss_vid 15ad ss_did 7a0
[    0.513280] pciehp 0000:00:18.6:pcie04: service driver pciehp loaded
[    0.513338] pciehp 0000:00:18.7:pcie04: HPC vendor_id 15ad device_id 7a0 ss_vid 15ad ss_did 7a0
[    0.513395] pciehp 0000:00:18.7:pcie04: service driver pciehp loaded
[    0.513403] pciehp: PCI Express Hot Plug Controller Driver version: 0.4
[    0.513460] ACPI: Deprecated procfs I/F for AC is loaded, please retry with CONFIG_ACPI_PROCFS_POWER cleared
[    0.513522] ACPI: AC Adapter [ACAD] (on-line)
[    0.518573] input: Power Button as /devices/LNXSYSTM:00/LNXPWRBN:00/input/input0
[    0.518580] ACPI: Power Button [PWRF]
[    0.538586] ERST: Table is not found!
[    0.538591] GHES: HEST is not enabled!
[    0.538764] Serial: 8250/16550 driver, 32 ports, IRQ sharing enabled
[    0.562412] serial8250: ttyS0 at I/O 0x3f8 (irq = 4) is a 16550A
[    0.566488] isapnp: Scanning for PnP cards...
[    0.702168] serial8250: ttyS1 at I/O 0x2f8 (irq = 3) is a 16550A
[    0.754186] 00:0a: ttyS0 at I/O 0x3f8 (irq = 4) is a 16550A
[    0.842315] 00:0b: ttyS1 at I/O 0x2f8 (irq = 3) is a 16550A
[    0.862266] Linux agpgart interface v0.103
[    0.862323] agpgart-intel 0000:00:00.0: Intel 440BX Chipset
[    0.862429] agpgart-intel 0000:00:00.0: AGP aperture is 256M @ 0x0
[    0.907050] brd: module loaded
[    0.907551] loop: module loaded
[    0.907604] ata_piix 0000:00:07.1: version 2.13
[    0.909909] scsi0 : ata_piix
[    0.909974] scsi1 : ata_piix
[    0.910005] ata1: PATA max UDMA/33 cmd 0x1f0 ctl 0x3f6 bmdma 0x10c0 irq 14
[    0.910007] ata2: PATA max UDMA/33 cmd 0x170 ctl 0x376 bmdma 0x10c8 irq 15
[    0.910063] Fixed MDIO Bus: probed
[    0.910078] tun: Universal TUN/TAP device driver, 1.6
[    0.910080] tun: (C) 1999-2004 Max Krasnyansky <maxk@qualcomm.com>
[    0.910131] PPP generic driver version 2.4.2
[    0.910199] ehci_hcd: USB 2.0 'Enhanced' Host Controller (EHCI) Driver
[    0.910231] ehci_hcd 0000:02:03.0: PCI INT A -> Link[LNKB] -> GSI 11 (level, low) -> IRQ 11
[    0.910283] ehci_hcd 0000:02:03.0: EHCI Host Controller
[    0.910321] ehci_hcd 0000:02:03.0: new USB bus registered, assigned bus number 1
[    0.910373] ehci_hcd 0000:02:03.0: cache line size of 32 is not supported
[    0.910381] ehci_hcd 0000:02:03.0: irq 11, io mem 0xc9000000
[    0.921964] ehci_hcd 0000:02:03.0: USB 2.0 started, EHCI 1.00
[    0.922106] hub 1-0:1.0: USB hub found
[    0.922112] hub 1-0:1.0: 6 ports detected
[    0.922164] ohci_hcd: USB 1.1 'Open' Host Controller (OHCI) Driver
[    0.922187] uhci_hcd: USB Universal Host Controller Interface driver
[    0.922239] uhci_hcd 0000:02:00.0: PCI INT A -> Link[LNKC] -> GSI 10 (level, low) -> IRQ 10
[    0.922290] uhci_hcd 0000:02:00.0: UHCI Host Controller
[    0.922340] uhci_hcd 0000:02:00.0: new USB bus registered, assigned bus number 2
[    0.922449] uhci_hcd 0000:02:00.0: irq 10, io base 0x000020c0
[    0.922569] hub 2-0:1.0: USB hub found
[    0.922574] hub 2-0:1.0: 2 ports detected
[    0.922626] usbcore: registered new interface driver libusual
[    0.922679] i8042: PNP: PS/2 Controller [PNP0303:KBC,PNP0f13:MOUS] at 0x60,0x64 irq 1,12
[    0.923021] serio: i8042 KBD port at 0x60,0x64 irq 1
[    0.923031] serio: i8042 AUX port at 0x60,0x64 irq 12
[    0.923157] mousedev: PS/2 mouse device common for all mice
[    0.923489] rtc_cmos 00:04: rtc core: registered rtc_cmos as rtc0
[    0.923514] rtc0: alarms up to one month, y3k, 114 bytes nvram, hpet irqs
[    0.923566] device-mapper: uevent: version 1.0.3
[    0.923629] device-mapper: ioctl: 4.22.0-ioctl (2011-10-19) initialised: dm-devel@redhat.com
[    0.923663] EISA: Probing bus 0 at eisa.0
[    0.923666] EISA: Cannot allocate resource for mainboard
[    0.923669] Cannot allocate resource for EISA slot 1
[    0.923671] Cannot allocate resource for EISA slot 2
[    0.923673] Cannot allocate resource for EISA slot 3
[    0.923676] Cannot allocate resource for EISA slot 4
[    0.923678] Cannot allocate resource for EISA slot 5
[    0.923681] Cannot allocate resource for EISA slot 6
[    0.923683] Cannot allocate resource for EISA slot 7
[    0.923685] Cannot allocate resource for EISA slot 8
[    0.923688] EISA: Detected 0 cards.
[    0.923748] cpufreq-nforce2: No nForce2 chipset.
[    0.923781] cpuidle: using governor ladder
[    0.923783] cpuidle: using governor menu
[    0.923786] EFI Variables Facility v0.08 2004-May-17
[    0.923838] TCP cubic registered
[    0.923890] NET: Registered protocol family 10
[    0.923943] NET: Registered protocol family 17
[    0.923948] Registering the dns_resolver key type
[    0.923964] Using IPI No-Shortcut mode
[    0.924056] PM: Hibernation image not present or could not be loaded.
[    0.924069] registered taskstats version 1
[    0.924468] input: AT Translated Set 2 keyboard as /devices/platform/i8042/serio0/input/input1
[    1.025781] Freeing initrd memory: 13836k freed
[    1.109664]   Magic number: 13:791:572
[    1.129626] rtc_cmos 00:04: setting system clock to 2013-05-27 07:33:18 UTC (1369639998)
[    1.129732] BIOS EDD facility v0.16 2004-Jun-25, 0 devices found
[    1.129735] EDD information not available.
[    1.129850] ata2.00: ATAPI: VMware Virtual IDE CDROM Drive, 00000001, max UDMA/33
[    1.130154] ata2.00: configured for UDMA/33
[    1.217380] isapnp: No Plug & Play device found
[    1.217711] scsi 1:0:0:0: CD-ROM            NECVMWar VMware IDE CDR10 1.00 PQ: 0 ANSI: 5
[    1.218339] sr0: scsi3-mmc drive: 306x/306x cd/rw xa/form2 cdda tray
[    1.218342] cdrom: Uniform CD-ROM driver Revision: 3.20
[    1.218434] sr 1:0:0:0: Attached scsi CD-ROM sr0
[    1.218559] sr 1:0:0:0: Attached scsi generic sg0 type 5
[    1.218622] Freeing unused kernel memory: 740k freed
[    1.218675] Write protecting the kernel text: 5816k
[    1.218685] Write protecting the kernel read-only data: 2376k
[    1.218687] NX-protecting the kernel data: 4424k
[    1.229330] udevd[85]: starting version 175
[    1.245806] VMware vmxnet3 virtual NIC driver - version 1.1.29.0-k-NAPI
[    1.248042] VMware PVSCSI driver - version 1.0.1.0-k
[    1.253448] VMware vmxnet virtual NIC driver
[    1.253500] ACPI: PCI Interrupt Link [LNKD] enabled at IRQ 5
[    1.253503] PCI: setting IRQ 5 as level-triggered
[    1.253510] vmxnet 0000:02:01.0: PCI INT A -> Link[LNKD] -> GSI 5 (level, low) -> IRQ 5
[    1.253562] Found vmxnet/PCI at 0x2024, irq 5.
[    1.253614] features:
[    1.253626] numRxBuffers = 100, numRxBuffers2 = 1
[    1.253678] vmxnet 0000:02:01.0: eth0: set_features() failed (-1); wanted 0x00004000, left 0x00004800
[    1.273406] usb 2-1: new full-speed USB device number 2 using uhci_hcd
[    1.275471] Fusion MPT base driver 3.04.20
[    1.275474] Copyright (c) 1999-2008 LSI Corporation
[    1.275660] Fusion MPT SPI Host driver 3.04.20
[    1.275708] mptspi 0000:00:10.0: PCI INT A -> Link[LNKB] -> GSI 11 (level, low) -> IRQ 11
[    1.281443] mptbase: ioc0: Initiating bringup
[    1.298574] Floppy drive(s): fd0 is 1.44M
[    1.313566] FDC 0 is a post-1991 82077
[    1.353333] ioc0: LSI53C1030 B0: Capabilities={Initiator}
[    1.406340] input: VMware VMware Virtual USB Mouse as /devices/pci0000:00/0000:00:11.0/0000:02:00.0/usb2/2-1/2-1:1.0/input/input2
[    1.406523] generic-usb 0003:0E0F:0003.0001: input,hidraw0: USB HID v1.10 Mouse [VMware VMware Virtual USB Mouse] on usb-0000:02:00.0-1/input0
[    1.407005] input: VMware VMware Virtual USB Mouse as /devices/pci0000:00/0000:00:11.0/0000:02:00.0/usb2/2-1/2-1:1.1/input/input3
[    1.407167] generic-usb 0003:0E0F:0003.0002: input,hidraw1: USB HID v1.10 Mouse [VMware VMware Virtual USB Mouse] on usb-0000:02:00.0-1/input1
[    1.407179] usbcore: registered new interface driver usbhid
[    1.407181] usbhid: USB HID core driver
[    1.513110] scsi2 : ioc0: LSI53C1030 B0, FwRev=01032920h, Ports=1, MaxQ=128, IRQ=11
[    1.517013] usb 2-2: new full-speed USB device number 3 using uhci_hcd
[    1.625976] scsi 2:0:0:0: Direct-Access     VMware,  VMware Virtual S 1.0  PQ: 0 ANSI: 2
[    1.625987] scsi target2:0:0: Beginning Domain Validation
[    1.626745] scsi target2:0:0: Domain Validation skipping write tests
[    1.626749] scsi target2:0:0: Ending Domain Validation
[    1.626818] scsi target2:0:0: FAST-40 WIDE SCSI 80.0 MB/s ST (25 ns, offset 127)
[    1.629524] sd 2:0:0:0: [sda] 41943040 512-byte logical blocks: (21.4 GB/20.0 GiB)
[    1.629597] sd 2:0:0:0: [sda] Write Protect is off
[    1.629601] sd 2:0:0:0: [sda] Mode Sense: 61 00 00 00
[    1.629673] sd 2:0:0:0: [sda] Cache data unavailable
[    1.629677] sd 2:0:0:0: [sda] Assuming drive cache: write through
[    1.630046] sd 2:0:0:0: [sda] Cache data unavailable
[    1.630112] sd 2:0:0:0: [sda] Assuming drive cache: write through
[    1.631333] sd 2:0:0:0: Attached scsi generic sg1 type 0
[    1.631392]  sda: sda1 sda2 < sda5 >
[    1.631934] sd 2:0:0:0: [sda] Cache data unavailable
[    1.631937] sd 2:0:0:0: [sda] Assuming drive cache: write through
[    1.631940] sd 2:0:0:0: [sda] Attached SCSI disk
[    1.655695] hub 2-2:1.0: USB hub found
[    1.657453] hub 2-2:1.0: 7 ports detected
[    1.672690] EXT4-fs (sda1): INFO: recovery required on readonly filesystem
[    1.672694] EXT4-fs (sda1): write access will be enabled during recovery
[    1.796542] EXT4-fs (sda1): recovery complete
[    1.797335] EXT4-fs (sda1): mounted filesystem with ordered data mode. Opts: (null)
[    3.406769] ADDRCONF(NETDEV_UP): eth0: link is not ready
[    3.417700] udevd[328]: starting version 175
[    3.455843] Adding 1046524k swap on /dev/sda5.  Priority:-1 extents:1 across:1046524k 
[    3.467589] lp: driver loaded but no devices found
[    3.553230] EXT4-fs (sda1): re-mounted. Opts: errors=remount-ro
[    3.555884] shpchp: Standard Hot Plug PCI Controller Driver version: 0.4
[    3.561755] piix4_smbus 0000:00:07.3: Host SMBus controller not enabled!
[    3.571609] [381]: VMCI: shared components initialized.
[    3.571633] Probing for vmci/PCI.
[    3.571773] ACPI: PCI Interrupt Link [LNKA] enabled at IRQ 9
[    3.571776] PCI: setting IRQ 9 as level-triggered
[    3.571782] vmci 0000:00:07.7: PCI INT A -> Link[LNKA] -> GSI 9 (level, low) -> IRQ 9
[    3.571820] Found vmci/PCI at 0x1080, irq 9.
[    3.571853] VMCI: using capabilities 0xc.
[    3.571917] [381]: VMCI: Host capability check passed.
[    3.572066] vmci 0000:00:07.7: irq 72 for MSI/MSI-X
[    3.572094] vmci 0000:00:07.7: irq 73 for MSI/MSI-X
[    3.572243] Registered vmci device.
[    3.597170] [381]: VMCI: Using guest personality
[    3.597174] [381]: VMCI: host components initialized.
[    3.616290] [381]: VMCI: Module registered (name=vmci,major=10,minor=57).
[    3.616295] [381]: VMCI: Using host personality
[    3.616298] [381]: VMCI: Module (name=vmci) is initialized
[    3.678628] ppdev: user-space parallel port driver
[    3.681752] parport_pc 00:09: reported by Plug and Play ACPI
[    3.681986] parport0: PC-style at 0x378, irq 7 [PCSPP,TRISTATE]
[    3.683925] Bluetooth: Core ver 2.16
[    3.685017] NET: Registered protocol family 31
[    3.685020] Bluetooth: HCI device and connection manager initialized
[    3.685022] Bluetooth: HCI socket layer initialized
[    3.685024] Bluetooth: L2CAP socket layer initialized
[    3.685029] Bluetooth: SCO socket layer initialized
[    3.696719] Bluetooth: BNEP (Ethernet Emulation) ver 1.3
[    3.696722] Bluetooth: BNEP filters: protocol multicast
[    3.717502] Bluetooth: RFCOMM TTY layer initialized
[    3.717506] Bluetooth: RFCOMM socket layer initialized
[    3.717508] Bluetooth: RFCOMM ver 1.11
[    3.777862] lp0: using parport0 (interrupt-driven).
[    3.785984] type=1400 audit(1369640001.158:2): apparmor="STATUS" operation="profile_load" name="/usr/lib/cups/backend/cups-pdf" pid=586 comm="apparmor_parser"
[    3.787169] type=1400 audit(1369640001.158:3): apparmor="STATUS" operation="profile_load" name="/usr/sbin/cupsd" pid=586 comm="apparmor_parser"
[    3.849819] type=1400 audit(1369640001.222:4): apparmor="STATUS" operation="profile_load" name="/sbin/dhclient" pid=612 comm="apparmor_parser"
[    3.849985] type=1400 audit(1369640001.222:5): apparmor="STATUS" operation="profile_load" name="/usr/lib/NetworkManager/nm-dhcp-client.action" pid=612 comm="apparmor_parser"
[    3.850134] type=1400 audit(1369640001.222:6): apparmor="STATUS" operation="profile_load" name="/usr/lib/connman/scripts/dhclient-script" pid=612 comm="apparmor_parser"
[    3.969587] input: ImPS/2 Generic Wheel Mouse as /devices/platform/i8042/serio1/input/input4
[    4.122681] init: failsafe main process (679) killed by TERM signal
[    4.200586] type=1400 audit(1369640001.570:7): apparmor="STATUS" operation="profile_load" name="/usr/lib/lightdm/lightdm/lightdm-guest-session-wrapper" pid=778 comm="apparmor_parser"
[    4.204067] type=1400 audit(1369640001.574:8): apparmor="STATUS" operation="profile_replace" name="/sbin/dhclient" pid=782 comm="apparmor_parser"
[    4.207769] type=1400 audit(1369640001.578:9): apparmor="STATUS" operation="profile_replace" name="/usr/lib/NetworkManager/nm-dhcp-client.action" pid=782 comm="apparmor_parser"
[    4.207917] type=1400 audit(1369640001.578:10): apparmor="STATUS" operation="profile_replace" name="/usr/lib/connman/scripts/dhclient-script" pid=782 comm="apparmor_parser"
[    4.217446] snd_ens1371 0000:02:02.0: PCI INT A -> Link[LNKA] -> GSI 9 (level, low) -> IRQ 9
[    4.508590] init: alsa-restore main process (869) terminated with status 19
