[    0.000000] Initializing cgroup subsys cpuset
[    0.000000] Initializing cgroup subsys cpu
[    0.000000] Linux version 3.2.0-29-generic-pae (buildd@roseapple) (gcc version 4.6.3 (Ubuntu/Linaro 4.6.3-1ubuntu5) ) #46-Ubuntu SMP Fri Jul 27 17:25:43 UTC 2012 (Ubuntu 3.2.0-29.46-generic-pae 3.2.24)
[    0.000000] KERNEL supported cpus:
[    0.000000]   Intel GenuineIntel
[    0.000000]   AMD AuthenticAMD
[    0.000000]   NSC Geode by NSC
[    0.000000]   Cyrix CyrixInstead
[    0.000000]   Centaur CentaurHauls
[    0.000000]   Transmeta GenuineTMx86
[    0.000000]   Transmeta TransmetaCPU
[    0.000000]   UMC UMC UMC UMC
[    0.000000] Disabled fast string operations
[    0.000000] BIOS-provided physical RAM map:
[    0.000000]  BIOS-e820: 0000000000000000 - 000000000009f000 (usable)
[    0.000000]  BIOS-e820: 000000000009f000 - 00000000000a0000 (reserved)
[    0.000000]  BIOS-e820: 00000000000ca000 - 00000000000cc000 (reserved)
[    0.000000]  BIOS-e820: 00000000000dc000 - 0000000000100000 (reserved)
[    0.000000]  BIOS-e820: 0000000000100000 - 000000003fee0000 (usable)
[    0.000000]  BIOS-e820: 000000003fee0000 - 000000003feff000 (ACPI data)
[    0.000000]  BIOS-e820: 000000003feff000 - 000000003ff00000 (ACPI NVS)
[    0.000000]  BIOS-e820: 000000003ff00000 - 0000000040000000 (usable)
[    0.000000]  BIOS-e820: 00000000e0000000 - 00000000f0000000 (reserved)
[    0.000000]  BIOS-e820: 00000000fec00000 - 00000000fec10000 (reserved)
[    0.000000]  BIOS-e820: 00000000fee00000 - 00000000fee01000 (reserved)
[    0.000000]  BIOS-e820: 00000000fffe0000 - 0000000100000000 (reserved)
[    0.000000] NX (Execute Disable) protection: active
[    0.000000] DMI present.
[    0.000000] DMI: VMware, Inc. VMware Virtual Platform/440BX Desktop Reference Platform, BIOS 6.00 07/02/2012
[    0.000000] Hypervisor detected: VMware
[    0.000000] e820 update range: 0000000000000000 - 0000000000010000 (usable) ==> (reserved)
[    0.000000] e820 remove range: 00000000000a0000 - 0000000000100000 (usable)
[    0.000000] last_pfn = 0x40000 max_arch_pfn = 0x1000000
[    0.000000] MTRR default type: uncachable
[    0.000000] MTRR fixed ranges enabled:
[    0.000000]   00000-9FFFF write-back
[    0.000000]   A0000-BFFFF uncachable
[    0.000000]   C0000-CBFFF write-protect
[    0.000000]   CC000-EFFFF uncachable
[    0.000000]   F0000-FFFFF write-protect
[    0.000000] MTRR variable ranges enabled:
[    0.000000]   0 base 0000000000 mask FFC0000000 write-back
[    0.000000]   1 disabled
[    0.000000]   2 disabled
[    0.000000]   3 disabled
[    0.000000]   4 disabled
[    0.000000]   5 disabled
[    0.000000]   6 disabled
[    0.000000]   7 disabled
[    0.000000] x86 PAT enabled: cpu 0, old 0x0, new 0x7010600070106
[    0.000000] found SMP MP-table at [c00f6bf0] f6bf0
[    0.000000] initial memory mapped : 0 - 02000000
[    0.000000] Base memory trampoline at [c009b000] 9b000 size 16384
[    0.000000] init_memory_mapping: 0000000000000000-0000000037bfe000
[    0.000000]  0000000000 - 0000200000 page 4k
[    0.000000]  0000200000 - 0037a00000 page 2M
[    0.000000]  0037a00000 - 0037bfe000 page 4k
[    0.000000] kernel direct mapping tables up to 37bfe000 @ 1ffb000-2000000
[    0.000000] RAMDISK: 364ea000 - 3726d000
[    0.000000] ACPI: RSDP 000f6b80 00024 (v02 PTLTD )
[    0.000000] ACPI: XSDT 3feed636 0005C (v01 INTEL  440BX    06040000 VMW  01324272)
[    0.000000] ACPI: FACP 3fefee98 000F4 (v04 INTEL  440BX    06040000 PTL  000F4240)
[    0.000000] ACPI: DSDT 3feee366 10B32 (v01 PTLTD  Custom   06040000 MSFT 03000001)
[    0.000000] ACPI: FACS 3fefffc0 00040
[    0.000000] ACPI: BOOT 3feee33e 00028 (v01 PTLTD  $SBFTBL$ 06040000  LTP 00000001)
[    0.000000] ACPI: APIC 3feedc3e 003C2 (v01 PTLTD  ? APIC   06040000  LTP 00000000)
[    0.000000] ACPI: MCFG 3feedc02 0003C (v01 PTLTD  $PCITBL$ 06040000  LTP 00000001)
[    0.000000] ACPI: SRAT 3feed732 004D0 (v02 VMWARE MEMPLUG  06040000 VMW  00000001)
[    0.000000] ACPI: HPET 3feed6fa 00038 (v01 VMWARE VMW HPET 06040000 VMW  00000001)
[    0.000000] ACPI: WAET 3feed6d2 00028 (v01 VMWARE VMW WAET 06040000 VMW  00000001)
[    0.000000] ACPI: Local APIC address 0xfee00000
[    0.000000] 132MB HIGHMEM available.
[    0.000000] 891MB LOWMEM available.
[    0.000000]   mapped low ram: 0 - 37bfe000
[    0.000000]   low ram: 0 - 37bfe000
[    0.000000] Zone PFN ranges:
[    0.000000]   DMA      0x00000010 -> 0x00001000
[    0.000000]   Normal   0x00001000 -> 0x00037bfe
[    0.000000]   HighMem  0x00037bfe -> 0x00040000
[    0.000000] Movable zone start PFN for each node
[    0.000000] early_node_map[3] active PFN ranges
[    0.000000]     0: 0x00000010 -> 0x0000009f
[    0.000000]     0: 0x00000100 -> 0x0003fee0
[    0.000000]     0: 0x0003ff00 -> 0x00040000
[    0.000000] On node 0 totalpages: 261999
[    0.000000] free_area_init_node: node 0, pgdat c1866a40, node_mem_map f73fd200
[    0.000000]   DMA zone: 32 pages used for memmap
[    0.000000]   DMA zone: 0 pages reserved
[    0.000000]   DMA zone: 3951 pages, LIFO batch:0
[    0.000000]   Normal zone: 1752 pages used for memmap
[    0.000000]   Normal zone: 222502 pages, LIFO batch:31
[    0.000000]   HighMem zone: 265 pages used for memmap
[    0.000000]   HighMem zone: 33497 pages, LIFO batch:7
[    0.000000] Using APIC driver default
[    0.000000] ACPI: PM-Timer IO Port: 0x1008
[    0.000000] ACPI: Local APIC address 0xfee00000
[    0.000000] ACPI: LAPIC (acpi_id[0x00] lapic_id[0x00] enabled)
[    0.000000] ACPI: LAPIC (acpi_id[0x01] lapic_id[0x02] disabled)
[    0.000000] ACPI: LAPIC (acpi_id[0x02] lapic_id[0x04] disabled)
[    0.000000] ACPI: LAPIC (acpi_id[0x03] lapic_id[0x06] disabled)
[    0.000000] ACPI: LAPIC (acpi_id[0x04] lapic_id[0x08] disabled)
[    0.000000] ACPI: LAPIC (acpi_id[0x05] lapic_id[0x0a] disabled)
[    0.000000] ACPI: LAPIC (acpi_id[0x06] lapic_id[0x0c] disabled)
[    0.000000] ACPI: LAPIC (acpi_id[0x07] lapic_id[0x0e] disabled)
[    0.000000] ACPI: LAPIC (acpi_id[0x08] lapic_id[0x10] disabled)
[    0.000000] ACPI: LAPIC (acpi_id[0x09] lapic_id[0x12] disabled)
[    0.000000] ACPI: LAPIC (acpi_id[0x0a] lapic_id[0x14] disabled)
[    0.000000] ACPI: LAPIC (acpi_id[0x0b] lapic_id[0x16] disabled)
[    0.000000] ACPI: LAPIC (acpi_id[0x0c] lapic_id[0x18] disabled)
[    0.000000] ACPI: LAPIC (acpi_id[0x0d] lapic_id[0x1a] disabled)
[    0.000000] ACPI: LAPIC (acpi_id[0x0e] lapic_id[0x1c] disabled)
[    0.000000] ACPI: LAPIC (acpi_id[0x0f] lapic_id[0x1e] disabled)
[    0.000000] ACPI: LAPIC (acpi_id[0x10] lapic_id[0x20] disabled)
[    0.000000] ACPI: LAPIC (acpi_id[0x11] lapic_id[0x22] disabled)
[    0.000000] ACPI: LAPIC (acpi_id[0x12] lapic_id[0x24] disabled)
[    0.000000] ACPI: LAPIC (acpi_id[0x13] lapic_id[0x26] disabled)
[    0.000000] ACPI: LAPIC (acpi_id[0x14] lapic_id[0x28] disabled)
[    0.000000] ACPI: LAPIC (acpi_id[0x15] lapic_id[0x2a] disabled)
[    0.000000] ACPI: LAPIC (acpi_id[0x16] lapic_id[0x2c] disabled)
[    0.000000] ACPI: LAPIC (acpi_id[0x17] lapic_id[0x2e] disabled)
[    0.000000] ACPI: LAPIC (acpi_id[0x18] lapic_id[0x30] disabled)
[    0.000000] ACPI: LAPIC (acpi_id[0x19] lapic_id[0x32] disabled)
[    0.000000] ACPI: LAPIC (acpi_id[0x1a] lapic_id[0x34] disabled)
[    0.000000] ACPI: LAPIC (acpi_id[0x1b] lapic_id[0x36] disabled)
[    0.000000] ACPI: LAPIC (acpi_id[0x1c] lapic_id[0x38] disabled)
[    0.000000] ACPI: LAPIC (acpi_id[0x1d] lapic_id[0x3a] disabled)
[    0.000000] ACPI: LAPIC (acpi_id[0x1e] lapic_id[0x3c] disabled)
[    0.000000] ACPI: LAPIC (acpi_id[0x1f] lapic_id[0x3e] disabled)
[    0.000000] ACPI: LAPIC (acpi_id[0x20] lapic_id[0x40] disabled)
[    0.000000] ACPI: LAPIC (acpi_id[0x21] lapic_id[0x42] disabled)
[    0.000000] ACPI: LAPIC (acpi_id[0x22] lapic_id[0x44] disabled)
[    0.000000] ACPI: LAPIC (acpi_id[0x23] lapic_id[0x46] disabled)
[    0.000000] ACPI: LAPIC (acpi_id[0x24] lapic_id[0x48] disabled)
[    0.000000] ACPI: LAPIC (acpi_id[0x25] lapic_id[0x4a] disabled)
[    0.000000] ACPI: LAPIC (acpi_id[0x26] lapic_id[0x4c] disabled)
[    0.000000] ACPI: LAPIC (acpi_id[0x27] lapic_id[0x4e] disabled)
[    0.000000] ACPI: LAPIC (acpi_id[0x28] lapic_id[0x50] disabled)
[    0.000000] ACPI: LAPIC (acpi_id[0x29] lapic_id[0x52] disabled)
[    0.000000] ACPI: LAPIC (acpi_id[0x2a] lapic_id[0x54] disabled)
[    0.000000] ACPI: LAPIC (acpi_id[0x2b] lapic_id[0x56] disabled)
[    0.000000] ACPI: LAPIC (acpi_id[0x2c] lapic_id[0x58] disabled)
[    0.000000] ACPI: LAPIC (acpi_id[0x2d] lapic_id[0x5a] disabled)
[    0.000000] ACPI: LAPIC (acpi_id[0x2e] lapic_id[0x5c] disabled)
[    0.000000] ACPI: LAPIC (acpi_id[0x2f] lapic_id[0x5e] disabled)
[    0.000000] ACPI: LAPIC (acpi_id[0x30] lapic_id[0x60] disabled)
[    0.000000] ACPI: LAPIC (acpi_id[0x31] lapic_id[0x62] disabled)
[    0.000000] ACPI: LAPIC (acpi_id[0x32] lapic_id[0x64] disabled)
[    0.000000] ACPI: LAPIC (acpi_id[0x33] lapic_id[0x66] disabled)
[    0.000000] ACPI: LAPIC (acpi_id[0x34] lapic_id[0x68] disabled)
[    0.000000] ACPI: LAPIC (acpi_id[0x35] lapic_id[0x6a] disabled)
[    0.000000] ACPI: LAPIC (acpi_id[0x36] lapic_id[0x6c] disabled)
[    0.000000] ACPI: LAPIC (acpi_id[0x37] lapic_id[0x6e] disabled)
[    0.000000] ACPI: LAPIC (acpi_id[0x38] lapic_id[0x70] disabled)
[    0.000000] ACPI: LAPIC (acpi_id[0x39] lapic_id[0x72] disabled)
[    0.000000] ACPI: LAPIC (acpi_id[0x3a] lapic_id[0x74] disabled)
[    0.000000] ACPI: LAPIC (acpi_id[0x3b] lapic_id[0x76] disabled)
[    0.000000] ACPI: LAPIC (acpi_id[0x3c] lapic_id[0x78] disabled)
[    0.000000] ACPI: LAPIC (acpi_id[0x3d] lapic_id[0x7a] disabled)
[    0.000000] ACPI: LAPIC (acpi_id[0x3e] lapic_id[0x7c] disabled)
[    0.000000] ACPI: LAPIC (acpi_id[0x3f] lapic_id[0x7e] disabled)
[    0.000000] ACPI: LAPIC_NMI (acpi_id[0x00] high edge lint[0x1])
[    0.000000] ACPI: LAPIC_NMI (acpi_id[0x01] high edge lint[0x1])
[    0.000000] ACPI: LAPIC_NMI (acpi_id[0x02] high edge lint[0x1])
[    0.000000] ACPI: LAPIC_NMI (acpi_id[0x03] high edge lint[0x1])
[    0.000000] ACPI: LAPIC_NMI (acpi_id[0x04] high edge lint[0x1])
[    0.000000] ACPI: LAPIC_NMI (acpi_id[0x05] high edge lint[0x1])
[    0.000000] ACPI: LAPIC_NMI (acpi_id[0x06] high edge lint[0x1])
[    0.000000] ACPI: LAPIC_NMI (acpi_id[0x07] high edge lint[0x1])
[    0.000000] ACPI: LAPIC_NMI (acpi_id[0x08] high edge lint[0x1])
[    0.000000] ACPI: LAPIC_NMI (acpi_id[0x09] high edge lint[0x1])
[    0.000000] ACPI: LAPIC_NMI (acpi_id[0x0a] high edge lint[0x1])
[    0.000000] ACPI: LAPIC_NMI (acpi_id[0x0b] high edge lint[0x1])
[    0.000000] ACPI: LAPIC_NMI (acpi_id[0x0c] high edge lint[0x1])
[    0.000000] ACPI: LAPIC_NMI (acpi_id[0x0d] high edge lint[0x1])
[    0.000000] ACPI: LAPIC_NMI (acpi_id[0x0e] high edge lint[0x1])
[    0.000000] ACPI: LAPIC_NMI (acpi_id[0x0f] high edge lint[0x1])
[    0.000000] ACPI: LAPIC_NMI (acpi_id[0x10] high edge lint[0x1])
[    0.000000] ACPI: LAPIC_NMI (acpi_id[0x11] high edge lint[0x1])
[    0.000000] ACPI: LAPIC_NMI (acpi_id[0x12] high edge lint[0x1])
[    0.000000] ACPI: LAPIC_NMI (acpi_id[0x13] high edge lint[0x1])
[    0.000000] ACPI: LAPIC_NMI (acpi_id[0x14] high edge lint[0x1])
[    0.000000] ACPI: LAPIC_NMI (acpi_id[0x15] high edge lint[0x1])
[    0.000000] ACPI: LAPIC_NMI (acpi_id[0x16] high edge lint[0x1])
[    0.000000] ACPI: LAPIC_NMI (acpi_id[0x17] high edge lint[0x1])
[    0.000000] ACPI: LAPIC_NMI (acpi_id[0x18] high edge lint[0x1])
[    0.000000] ACPI: LAPIC_NMI (acpi_id[0x19] high edge lint[0x1])
[    0.000000] ACPI: LAPIC_NMI (acpi_id[0x1a] high edge lint[0x1])
[    0.000000] ACPI: LAPIC_NMI (acpi_id[0x1b] high edge lint[0x1])
[    0.000000] ACPI: LAPIC_NMI (acpi_id[0x1c] high edge lint[0x1])
[    0.000000] ACPI: LAPIC_NMI (acpi_id[0x1d] high edge lint[0x1])
[    0.000000] ACPI: LAPIC_NMI (acpi_id[0x1e] high edge lint[0x1])
[    0.000000] ACPI: LAPIC_NMI (acpi_id[0x1f] high edge lint[0x1])
[    0.000000] ACPI: LAPIC_NMI (acpi_id[0x20] high edge lint[0x1])
[    0.000000] ACPI: LAPIC_NMI (acpi_id[0x21] high edge lint[0x1])
[    0.000000] ACPI: LAPIC_NMI (acpi_id[0x22] high edge lint[0x1])
[    0.000000] ACPI: LAPIC_NMI (acpi_id[0x23] high edge lint[0x1])
[    0.000000] ACPI: LAPIC_NMI (acpi_id[0x24] high edge lint[0x1])
[    0.000000] ACPI: LAPIC_NMI (acpi_id[0x25] high edge lint[0x1])
[    0.000000] ACPI: LAPIC_NMI (acpi_id[0x26] high edge lint[0x1])
[    0.000000] ACPI: LAPIC_NMI (acpi_id[0x27] high edge lint[0x1])
[    0.000000] ACPI: LAPIC_NMI (acpi_id[0x28] high edge lint[0x1])
[    0.000000] ACPI: LAPIC_NMI (acpi_id[0x29] high edge lint[0x1])
[    0.000000] ACPI: LAPIC_NMI (acpi_id[0x2a] high edge lint[0x1])
[    0.000000] ACPI: LAPIC_NMI (acpi_id[0x2b] high edge lint[0x1])
[    0.000000] ACPI: LAPIC_NMI (acpi_id[0x2c] high edge lint[0x1])
[    0.000000] ACPI: LAPIC_NMI (acpi_id[0x2d] high edge lint[0x1])
[    0.000000] ACPI: LAPIC_NMI (acpi_id[0x2e] high edge lint[0x1])
[    0.000000] ACPI: LAPIC_NMI (acpi_id[0x2f] high edge lint[0x1])
[    0.000000] ACPI: LAPIC_NMI (acpi_id[0x30] high edge lint[0x1])
[    0.000000] ACPI: LAPIC_NMI (acpi_id[0x31] high edge lint[0x1])
[    0.000000] ACPI: LAPIC_NMI (acpi_id[0x32] high edge lint[0x1])
[    0.000000] ACPI: LAPIC_NMI (acpi_id[0x33] high edge lint[0x1])
[    0.000000] ACPI: LAPIC_NMI (acpi_id[0x34] high edge lint[0x1])
[    0.000000] ACPI: LAPIC_NMI (acpi_id[0x35] high edge lint[0x1])
[    0.000000] ACPI: LAPIC_NMI (acpi_id[0x36] high edge lint[0x1])
[    0.000000] ACPI: LAPIC_NMI (acpi_id[0x37] high edge lint[0x1])
[    0.000000] ACPI: LAPIC_NMI (acpi_id[0x38] high edge lint[0x1])
[    0.000000] ACPI: LAPIC_NMI (acpi_id[0x39] high edge lint[0x1])
[    0.000000] ACPI: LAPIC_NMI (acpi_id[0x3a] high edge lint[0x1])
[    0.000000] ACPI: LAPIC_NMI (acpi_id[0x3b] high edge lint[0x1])
[    0.000000] ACPI: LAPIC_NMI (acpi_id[0x3c] high edge lint[0x1])
[    0.000000] ACPI: LAPIC_NMI (acpi_id[0x3d] high edge lint[0x1])
[    0.000000] ACPI: LAPIC_NMI (acpi_id[0x3e] high edge lint[0x1])
[    0.000000] ACPI: LAPIC_NMI (acpi_id[0x3f] high edge lint[0x1])
[    0.000000] ACPI: Skipping IOAPIC probe due to 'noapic' option.
[    0.000000] Using ACPI for processor (LAPIC) configuration information
[    0.000000] ACPI: HPET id: 0x8086af01 base: 0xfed00000
[    0.000000] Intel MultiProcessor Specification v1.4
[    0.000000]     Virtual Wire compatibility mode.
[    0.000000] MPTABLE: OEM ID: INTEL   
[    0.000000] MPTABLE: Product ID: 440BX       
[    0.000000] MPTABLE: APIC at: 0xFEE00000
[    0.000000] IOAPIC[0]: apic_id 1, version 17, address 0xfec00000, GSI 0-23
[    0.000000] Processors: 1
[    0.000000] SMP: Allowing 1 CPUs, 0 hotplug CPUs
[    0.000000] nr_irqs_gsi: 40
[    0.000000] PM: Registered nosave memory: 000000000009f000 - 00000000000a0000
[    0.000000] PM: Registered nosave memory: 00000000000a0000 - 00000000000ca000
[    0.000000] PM: Registered nosave memory: 00000000000ca000 - 00000000000cc000
[    0.000000] PM: Registered nosave memory: 00000000000cc000 - 00000000000dc000
[    0.000000] PM: Registered nosave memory: 00000000000dc000 - 0000000000100000
[    0.000000] Allocating PCI resources starting at 40000000 (gap: 40000000:a0000000)
[    0.000000] Booting paravirtualized kernel on bare hardware
[    0.000000] setup_percpu: NR_CPUS:8 nr_cpumask_bits:8 nr_cpu_ids:1 nr_node_ids:1
[    0.000000] PERCPU: Embedded 14 pages/cpu @f73e8000 s34240 r0 d23104 u57344
[    0.000000] pcpu-alloc: s34240 r0 d23104 u57344 alloc=14*4096
[    0.000000] pcpu-alloc: [0] 0 
[    0.000000] Built 1 zonelists in Zone order, mobility grouping on.  Total pages: 259950
[    0.000000] Kernel command line: BOOT_IMAGE=/boot/vmlinuz-3.2.0-29-generic-pae root=UUID=007b598c-390d-4c65-84a1-4ff752d48633 ro quiet splash maxcpus=0
[    0.000000] PID hash table entries: 4096 (order: 2, 16384 bytes)
[    0.000000] Dentry cache hash table entries: 131072 (order: 7, 524288 bytes)
[    0.000000] Inode-cache hash table entries: 65536 (order: 6, 262144 bytes)
[    0.000000] Initializing CPU#0
[    0.000000] xsave/xrstor: enabled xstate_bv 0x7, cntxt size 0x340
[    0.000000] allocated 4194048 bytes of page_cgroup
[    0.000000] please try 'cgroup_disable=memory' option if you don't want memory cgroups
[    0.000000] Initializing HighMem for node 0 (00037bfe:00040000)
[    0.000000] Memory: 1010624k/1048576k available (5814k kernel code, 37372k reserved, 2841k data, 740k init, 135048k highmem)
[    0.000000] virtual kernel memory layout:
[    0.000000]     fixmap  : 0xfff16000 - 0xfffff000   ( 932 kB)
[    0.000000]     pkmap   : 0xffc00000 - 0xffe00000   (2048 kB)
[    0.000000]     vmalloc : 0xf83fe000 - 0xffbfe000   ( 120 MB)
[    0.000000]     lowmem  : 0xc0000000 - 0xf7bfe000   ( 891 MB)
[    0.000000]       .init : 0xc1875000 - 0xc192e000   ( 740 kB)
[    0.000000]       .data : 0xc15adb64 - 0xc1874240   (2841 kB)
[    0.000000]       .text : 0xc1000000 - 0xc15adb64   (5814 kB)
[    0.000000] Checking if this processor honours the WP bit even in supervisor mode...Ok.
[    0.000000] SLUB: Genslabs=15, HWalign=64, Order=0-3, MinObjects=0, CPUs=1, Nodes=1
[    0.000000] Hierarchical RCU implementation.
[    0.000000] 	RCU dyntick-idle grace-period acceleration is enabled.
[    0.000000] NR_IRQS:2304 nr_irqs:256 16
[    0.000000] CPU 0 irqstacks, hard=f5c08000 soft=f5c0a000
[    0.000000] Extended CMOS year: 2000
[    0.000000] Console: colour VGA+ 80x25
[    0.000000] console [tty0] enabled
[    0.000000] hpet clockevent registered
[    0.000000] TSC freq read from hypervisor : 2394.620 MHz
[    0.000000] Detected 2394.620 MHz processor.
[    0.000001] Calibrating delay loop (skipped) preset value.. 4789.24 BogoMIPS (lpj=9578480)
[    0.000004] pid_max: default: 32768 minimum: 301
[    0.000020] Security Framework initialized
[    0.000035] AppArmor: AppArmor initialized
[    0.000036] Yama: becoming mindful.
[    0.000071] Mount-cache hash table entries: 512
[    0.000151] Initializing cgroup subsys cpuacct
[    0.000154] Initializing cgroup subsys memory
[    0.000159] Initializing cgroup subsys devices
[    0.000160] Initializing cgroup subsys freezer
[    0.000161] Initializing cgroup subsys blkio
[    0.000166] Initializing cgroup subsys perf_event
[    0.000209] Disabled fast string operations
[    0.000213] CPU: Physical Processor ID: 0
[    0.000222] ENERGY_PERF_BIAS: Set to 'normal', was 'performance'
[    0.000223] ENERGY_PERF_BIAS: View and update with x86_energy_perf_policy(8)
[    0.000866] mce: CPU supports 0 MCE banks
[    0.001602] SMP alternatives: switching to UP code
[    0.020987] Freeing SMP alternatives: 24k freed
[    0.020993] ACPI: Core revision 20110623
[    0.027403] ACPI: setting ELCR to 0200 (from 0e20)
[    0.028821] ftrace: allocating 26545 entries in 52 pages
[    0.054479] SMP mode deactivated.
[    0.054515] SMP disabled
[    0.054517] Performance Events: generic architected perfmon v1, core PMU driver.
[    0.054530] ... version:                1
[    0.054532] ... bit width:              48
[    0.054533] ... generic registers:      4
[    0.054535] ... value mask:             0000ffffffffffff
[    0.054536] ... max period:             000000007fffffff
[    0.054538] ... fixed-purpose events:   0
[    0.054539] ... event mask:             000000000000000f
[    0.054654] NMI watchdog enabled, takes one hw-pmu counter.
[    0.054680] Brought up 1 CPUs
[    0.054682] Total of 1 processors activated (4789.24 BogoMIPS).
[    0.054819] devtmpfs: initialized
[    0.054938] EVM: security.selinux
[    0.054940] EVM: security.SMACK64
[    0.054941] EVM: security.capability
[    0.054973] PM: Registering ACPI NVS region at 3feff000 (4096 bytes)
[    0.056053] print_constraints: dummy: 
[    0.056159] RTC time: 11:18:17, date: 05/27/13
[    0.056196] NET: Registered protocol family 16
[    0.056291] EISA bus registered
[    0.056305] ACPI: bus type pci registered
[    0.056437] PCI: MMCONFIG for domain 0000 [bus 00-ff] at [mem 0xe0000000-0xefffffff] (base 0xe0000000)
[    0.056440] PCI: MMCONFIG at [mem 0xe0000000-0xefffffff] reserved in E820
[    0.056442] PCI: Using MMCONFIG for extended config space
[    0.056444] PCI: Using configuration type 1 for base access
[    0.057424] bio: create slab <bio-0> at 0
[    0.057508] ACPI: Added _OSI(Module Device)
[    0.057510] ACPI: Added _OSI(Processor Device)
[    0.057512] ACPI: Added _OSI(3.0 _SCP Extensions)
[    0.057514] ACPI: Added _OSI(Processor Aggregator Device)
[    0.060012] ACPI: EC: Look up EC in DSDT
[    0.060495] [Firmware Bug]: ACPI: BIOS _OSI(Linux) query ignored
[    0.072382] ACPI: Interpreter enabled
[    0.072390] ACPI: (supports S0 S1 S4 S5)
[    0.072399] ACPI: Using PIC for interrupt routing
[    0.113290] ACPI: No dock devices found.
[    0.113293] HEST: Table not found.
[    0.113298] PCI: Using host bridge windows from ACPI; if necessary, use "pci=nocrs" and report a bug
[    0.113990] ACPI: PCI Root Bridge [PCI0] (domain 0000 [bus 00-ff])
[    0.115195] pci_root PNP0A03:00: host bridge window [mem 0x000a0000-0x000bffff]
[    0.115197] pci_root PNP0A03:00: host bridge window [mem 0x000cc000-0x000cffff]
[    0.115199] pci_root PNP0A03:00: host bridge window [mem 0x000d0000-0x000d3fff]
[    0.115200] pci_root PNP0A03:00: host bridge window [mem 0x000d4000-0x000d7fff]
[    0.115202] pci_root PNP0A03:00: host bridge window [mem 0x000d8000-0x000dbfff]
[    0.115204] pci_root PNP0A03:00: host bridge window [mem 0xc0000000-0xfebfffff]
[    0.115205] pci_root PNP0A03:00: host bridge window [io  0x0000-0x0cf7]
[    0.115207] pci_root PNP0A03:00: host bridge window [io  0x0d00-0xfeff]
[    0.115260] pci 0000:00:00.0: [8086:7190] type 0 class 0x000600
[    0.115715] pci 0000:00:01.0: [8086:7191] type 1 class 0x000604
[    0.116156] pci 0000:00:07.0: [8086:7110] type 0 class 0x000601
[    0.116872] pci 0000:00:07.1: [8086:7111] type 0 class 0x000101
[    0.118415] pci 0000:00:07.1: reg 20: [io  0x10c0-0x10cf]
[    0.119167] pci 0000:00:07.3: [8086:7113] type 0 class 0x000680
[    0.120941] pci 0000:00:07.3: quirk: [io  0x1000-0x103f] claimed by PIIX4 ACPI
[    0.120955] pci 0000:00:07.3: quirk: [io  0x1040-0x104f] claimed by PIIX4 SMB
[    0.121202] pci 0000:00:07.7: [15ad:0740] type 0 class 0x000880
[    0.121690] pci 0000:00:07.7: reg 10: [io  0x1080-0x10bf]
[    0.122275] pci 0000:00:07.7: reg 14: [mem 0xc8000000-0xc8001fff 64bit]
[    0.124408] pci 0000:00:0f.0: [15ad:0405] type 0 class 0x000300
[    0.126451] pci 0000:00:0f.0: reg 10: [io  0x10d0-0x10df]
[    0.128434] pci 0000:00:0f.0: reg 14: [mem 0xd0000000-0xd7ffffff pref]
[    0.130398] pci 0000:00:0f.0: reg 18: [mem 0xc8800000-0xc8ffffff]
[    0.138297] pci 0000:00:0f.0: reg 30: [mem 0x00000000-0x00007fff pref]
[    0.138666] pci 0000:00:10.0: [1000:0030] type 0 class 0x000100
[    0.139576] pci 0000:00:10.0: reg 10: [io  0x1400-0x14ff]
[    0.140351] pci 0000:00:10.0: reg 14: [mem 0xc8040000-0xc805ffff 64bit]
[    0.141076] pci 0000:00:10.0: reg 1c: [mem 0xc8020000-0xc803ffff 64bit]
[    0.142141] pci 0000:00:10.0: reg 30: [mem 0x00000000-0x00003fff pref]
[    0.142309] pci 0000:00:11.0: [15ad:0790] type 1 class 0x000604
[    0.143169] pci 0000:00:15.0: [15ad:07a0] type 1 class 0x000604
[    0.144140] pci 0000:00:15.0: PME# supported from D0 D3hot D3cold
[    0.144170] pci 0000:00:15.0: PME# disabled
[    0.144452] pci 0000:00:15.1: [15ad:07a0] type 1 class 0x000604
[    0.145344] pci 0000:00:15.1: PME# supported from D0 D3hot D3cold
[    0.145371] pci 0000:00:15.1: PME# disabled
[    0.145643] pci 0000:00:15.2: [15ad:07a0] type 1 class 0x000604
[    0.146543] pci 0000:00:15.2: PME# supported from D0 D3hot D3cold
[    0.146570] pci 0000:00:15.2: PME# disabled
[    0.146861] pci 0000:00:15.3: [15ad:07a0] type 1 class 0x000604
[    0.147746] pci 0000:00:15.3: PME# supported from D0 D3hot D3cold
[    0.147793] pci 0000:00:15.3: PME# disabled
[    0.148076] pci 0000:00:15.4: [15ad:07a0] type 1 class 0x000604
[    0.148975] pci 0000:00:15.4: PME# supported from D0 D3hot D3cold
[    0.149003] pci 0000:00:15.4: PME# disabled
[    0.149286] pci 0000:00:15.5: [15ad:07a0] type 1 class 0x000604
[    0.150184] pci 0000:00:15.5: PME# supported from D0 D3hot D3cold
[    0.150211] pci 0000:00:15.5: PME# disabled
[    0.150483] pci 0000:00:15.6: [15ad:07a0] type 1 class 0x000604
[    0.151381] pci 0000:00:15.6: PME# supported from D0 D3hot D3cold
[    0.151408] pci 0000:00:15.6: PME# disabled
[    0.151679] pci 0000:00:15.7: [15ad:07a0] type 1 class 0x000604
[    0.152587] pci 0000:00:15.7: PME# supported from D0 D3hot D3cold
[    0.152614] pci 0000:00:15.7: PME# disabled
[    0.152934] pci 0000:00:16.0: [15ad:07a0] type 1 class 0x000604
[    0.153826] pci 0000:00:16.0: PME# supported from D0 D3hot D3cold
[    0.153853] pci 0000:00:16.0: PME# disabled
[    0.154125] pci 0000:00:16.1: [15ad:07a0] type 1 class 0x000604
[    0.155026] pci 0000:00:16.1: PME# supported from D0 D3hot D3cold
[    0.155052] pci 0000:00:16.1: PME# disabled
[    0.155324] pci 0000:00:16.2: [15ad:07a0] type 1 class 0x000604
[    0.156229] pci 0000:00:16.2: PME# supported from D0 D3hot D3cold
[    0.156257] pci 0000:00:16.2: PME# disabled
[    0.156527] pci 0000:00:16.3: [15ad:07a0] type 1 class 0x000604
[    0.157419] pci 0000:00:16.3: PME# supported from D0 D3hot D3cold
[    0.157446] pci 0000:00:16.3: PME# disabled
[    0.157737] pci 0000:00:16.4: [15ad:07a0] type 1 class 0x000604
[    0.158616] pci 0000:00:16.4: PME# supported from D0 D3hot D3cold
[    0.158643] pci 0000:00:16.4: PME# disabled
[    0.158948] pci 0000:00:16.5: [15ad:07a0] type 1 class 0x000604
[    0.159837] pci 0000:00:16.5: PME# supported from D0 D3hot D3cold
[    0.159862] pci 0000:00:16.5: PME# disabled
[    0.160102] pci 0000:00:16.6: [15ad:07a0] type 1 class 0x000604
[    0.160869] pci 0000:00:16.6: PME# supported from D0 D3hot D3cold
[    0.160893] pci 0000:00:16.6: PME# disabled
[    0.161131] pci 0000:00:16.7: [15ad:07a0] type 1 class 0x000604
[    0.161898] pci 0000:00:16.7: PME# supported from D0 D3hot D3cold
[    0.161922] pci 0000:00:16.7: PME# disabled
[    0.162161] pci 0000:00:17.0: [15ad:07a0] type 1 class 0x000604
[    0.162939] pci 0000:00:17.0: PME# supported from D0 D3hot D3cold
[    0.162963] pci 0000:00:17.0: PME# disabled
[    0.163203] pci 0000:00:17.1: [15ad:07a0] type 1 class 0x000604
[    0.164046] pci 0000:00:17.1: PME# supported from D0 D3hot D3cold
[    0.164070] pci 0000:00:17.1: PME# disabled
[    0.164310] pci 0000:00:17.2: [15ad:07a0] type 1 class 0x000604
[    0.165090] pci 0000:00:17.2: PME# supported from D0 D3hot D3cold
[    0.165114] pci 0000:00:17.2: PME# disabled
[    0.165353] pci 0000:00:17.3: [15ad:07a0] type 1 class 0x000604
[    0.166133] pci 0000:00:17.3: PME# supported from D0 D3hot D3cold
[    0.166157] pci 0000:00:17.3: PME# disabled
[    0.166396] pci 0000:00:17.4: [15ad:07a0] type 1 class 0x000604
[    0.167161] pci 0000:00:17.4: PME# supported from D0 D3hot D3cold
[    0.167185] pci 0000:00:17.4: PME# disabled
[    0.167431] pci 0000:00:17.5: [15ad:07a0] type 1 class 0x000604
[    0.168217] pci 0000:00:17.5: PME# supported from D0 D3hot D3cold
[    0.168241] pci 0000:00:17.5: PME# disabled
[    0.168480] pci 0000:00:17.6: [15ad:07a0] type 1 class 0x000604
[    0.169245] pci 0000:00:17.6: PME# supported from D0 D3hot D3cold
[    0.169269] pci 0000:00:17.6: PME# disabled
[    0.169508] pci 0000:00:17.7: [15ad:07a0] type 1 class 0x000604
[    0.170366] pci 0000:00:17.7: PME# supported from D0 D3hot D3cold
[    0.170394] pci 0000:00:17.7: PME# disabled
[    0.170650] pci 0000:00:18.0: [15ad:07a0] type 1 class 0x000604
[    0.171424] pci 0000:00:18.0: PME# supported from D0 D3hot D3cold
[    0.171448] pci 0000:00:18.0: PME# disabled
[    0.171707] pci 0000:00:18.1: [15ad:07a0] type 1 class 0x000604
[    0.172785] pci 0000:00:18.1: PME# supported from D0 D3hot D3cold
[    0.172820] pci 0000:00:18.1: PME# disabled
[    0.173151] pci 0000:00:18.2: [15ad:07a0] type 1 class 0x000604
[    0.174196] pci 0000:00:18.2: PME# supported from D0 D3hot D3cold
[    0.174230] pci 0000:00:18.2: PME# disabled
[    0.174560] pci 0000:00:18.3: [15ad:07a0] type 1 class 0x000604
[    0.175377] pci 0000:00:18.3: PME# supported from D0 D3hot D3cold
[    0.175401] pci 0000:00:18.3: PME# disabled
[    0.175641] pci 0000:00:18.4: [15ad:07a0] type 1 class 0x000604
[    0.176429] pci 0000:00:18.4: PME# supported from D0 D3hot D3cold
[    0.176454] pci 0000:00:18.4: PME# disabled
[    0.176709] pci 0000:00:18.5: [15ad:07a0] type 1 class 0x000604
[    0.177476] pci 0000:00:18.5: PME# supported from D0 D3hot D3cold
[    0.177500] pci 0000:00:18.5: PME# disabled
[    0.177748] pci 0000:00:18.6: [15ad:07a0] type 1 class 0x000604
[    0.178515] pci 0000:00:18.6: PME# supported from D0 D3hot D3cold
[    0.178539] pci 0000:00:18.6: PME# disabled
[    0.178790] pci 0000:00:18.7: [15ad:07a0] type 1 class 0x000604
[    0.179558] pci 0000:00:18.7: PME# supported from D0 D3hot D3cold
[    0.179581] pci 0000:00:18.7: PME# disabled
[    0.180215] pci 0000:00:01.0: PCI bridge to [bus 01-01]
[    0.180532] pci 0000:02:00.0: [15ad:0774] type 0 class 0x000c03
[    0.182418] pci 0000:02:00.0: reg 20: [io  0x20c0-0x20df]
[    0.183315] pci 0000:02:01.0: [1022:2000] type 0 class 0x000200
[    0.183738] pci 0000:02:01.0: reg 10: [io  0x2000-0x207f]
[    0.185922] pci 0000:02:01.0: reg 30: [mem 0x00000000-0x0000ffff pref]
[    0.186069] pci 0000:02:02.0: [1274:1371] type 0 class 0x000401
[    0.186528] pci 0000:02:02.0: reg 10: [io  0x2080-0x20bf]
[    0.189367] pci 0000:02:03.0: [15ad:0770] type 0 class 0x000c03
[    0.189747] pci 0000:02:03.0: reg 10: [mem 0xc9000000-0xc9000fff]
[    0.192073] pci 0000:00:11.0: PCI bridge to [bus 02-02] (subtractive decode)
[    0.192100] pci 0000:00:11.0:   bridge window [io  0x2000-0x3fff]
[    0.192126] pci 0000:00:11.0:   bridge window [mem 0xc9000000-0xca3fffff]
[    0.192175] pci 0000:00:11.0:   bridge window [mem 0xd8400000-0xd89fffff 64bit pref]
[    0.192178] pci 0000:00:11.0:   bridge window [mem 0x000a0000-0x000bffff] (subtractive decode)
[    0.192180] pci 0000:00:11.0:   bridge window [mem 0x000cc000-0x000cffff] (subtractive decode)
[    0.192182] pci 0000:00:11.0:   bridge window [mem 0x000d0000-0x000d3fff] (subtractive decode)
[    0.192184] pci 0000:00:11.0:   bridge window [mem 0x000d4000-0x000d7fff] (subtractive decode)
[    0.192187] pci 0000:00:11.0:   bridge window [mem 0x000d8000-0x000dbfff] (subtractive decode)
[    0.192189] pci 0000:00:11.0:   bridge window [mem 0xc0000000-0xfebfffff] (subtractive decode)
[    0.192191] pci 0000:00:11.0:   bridge window [io  0x0000-0x0cf7] (subtractive decode)
[    0.192193] pci 0000:00:11.0:   bridge window [io  0x0d00-0xfeff] (subtractive decode)
[    0.192722] pci 0000:00:15.0: PCI bridge to [bus 03-03]
[    0.192748] pci 0000:00:15.0:   bridge window [io  0x4000-0x4fff]
[    0.192774] pci 0000:00:15.0:   bridge window [mem 0xca400000-0xca4fffff]
[    0.192822] pci 0000:00:15.0:   bridge window [mem 0xd8a00000-0xd8afffff 64bit pref]
[    0.193335] pci 0000:00:15.1: PCI bridge to [bus 04-04]
[    0.193360] pci 0000:00:15.1:   bridge window [io  0x8000-0x8fff]
[    0.193386] pci 0000:00:15.1:   bridge window [mem 0xca800000-0xca8fffff]
[    0.193436] pci 0000:00:15.1:   bridge window [mem 0xd8e00000-0xd8efffff 64bit pref]
[    0.193954] pci 0000:00:15.2: PCI bridge to [bus 05-05]
[    0.193979] pci 0000:00:15.2:   bridge window [io  0xc000-0xcfff]
[    0.194005] pci 0000:00:15.2:   bridge window [mem 0xcac00000-0xcacfffff]
[    0.194053] pci 0000:00:15.2:   bridge window [mem 0xd9200000-0xd92fffff 64bit pref]
[    0.194570] pci 0000:00:15.3: PCI bridge to [bus 06-06]
[    0.194618] pci 0000:00:15.3:   bridge window [mem 0xcb000000-0xcb0fffff]
[    0.194676] pci 0000:00:15.3:   bridge window [mem 0xd9600000-0xd96fffff 64bit pref]
[    0.195185] pci 0000:00:15.4: PCI bridge to [bus 07-07]
[    0.195233] pci 0000:00:15.4:   bridge window [mem 0xcb400000-0xcb4fffff]
[    0.195282] pci 0000:00:15.4:   bridge window [mem 0xd9a00000-0xd9afffff 64bit pref]
[    0.195815] pci 0000:00:15.5: PCI bridge to [bus 08-08]
[    0.195863] pci 0000:00:15.5:   bridge window [mem 0xcb800000-0xcb8fffff]
[    0.195912] pci 0000:00:15.5:   bridge window [mem 0xd9e00000-0xd9efffff 64bit pref]
[    0.196432] pci 0000:00:15.6: PCI bridge to [bus 09-09]
[    0.196480] pci 0000:00:15.6:   bridge window [mem 0xcbc00000-0xcbcfffff]
[    0.196529] pci 0000:00:15.6:   bridge window [mem 0xda200000-0xda2fffff 64bit pref]
[    0.197053] pci 0000:00:15.7: PCI bridge to [bus 0a-0a]
[    0.197101] pci 0000:00:15.7:   bridge window [mem 0xcc000000-0xcc0fffff]
[    0.197150] pci 0000:00:15.7:   bridge window [mem 0xda600000-0xda6fffff 64bit pref]
[    0.197672] pci 0000:00:16.0: PCI bridge to [bus 0b-0b]
[    0.197696] pci 0000:00:16.0:   bridge window [io  0x5000-0x5fff]
[    0.197722] pci 0000:00:16.0:   bridge window [mem 0xca500000-0xca5fffff]
[    0.197772] pci 0000:00:16.0:   bridge window [mem 0xd8b00000-0xd8bfffff 64bit pref]
[    0.198279] pci 0000:00:16.1: PCI bridge to [bus 0c-0c]
[    0.198304] pci 0000:00:16.1:   bridge window [io  0x9000-0x9fff]
[    0.198330] pci 0000:00:16.1:   bridge window [mem 0xca900000-0xca9fffff]
[    0.198378] pci 0000:00:16.1:   bridge window [mem 0xd8f00000-0xd8ffffff 64bit pref]
[    0.198892] pci 0000:00:16.2: PCI bridge to [bus 0d-0d]
[    0.198917] pci 0000:00:16.2:   bridge window [io  0xd000-0xdfff]
[    0.198943] pci 0000:00:16.2:   bridge window [mem 0xcad00000-0xcadfffff]
[    0.198992] pci 0000:00:16.2:   bridge window [mem 0xd9300000-0xd93fffff 64bit pref]
[    0.199502] pci 0000:00:16.3: PCI bridge to [bus 0e-0e]
[    0.199549] pci 0000:00:16.3:   bridge window [mem 0xcb100000-0xcb1fffff]
[    0.199597] pci 0000:00:16.3:   bridge window [mem 0xd9700000-0xd97fffff 64bit pref]
[    0.200124] pci 0000:00:16.4: PCI bridge to [bus 0f-0f]
[    0.200172] pci 0000:00:16.4:   bridge window [mem 0xcb500000-0xcb5fffff]
[    0.200223] pci 0000:00:16.4:   bridge window [mem 0xd9b00000-0xd9bfffff 64bit pref]
[    0.200744] pci 0000:00:16.5: PCI bridge to [bus 10-10]
[    0.200793] pci 0000:00:16.5:   bridge window [mem 0xcb900000-0xcb9fffff]
[    0.200843] pci 0000:00:16.5:   bridge window [mem 0xd9f00000-0xd9ffffff 64bit pref]
[    0.201348] pci 0000:00:16.6: PCI bridge to [bus 11-11]
[    0.201397] pci 0000:00:16.6:   bridge window [mem 0xcbd00000-0xcbdfffff]
[    0.201445] pci 0000:00:16.6:   bridge window [mem 0xda300000-0xda3fffff 64bit pref]
[    0.201961] pci 0000:00:16.7: PCI bridge to [bus 12-12]
[    0.202008] pci 0000:00:16.7:   bridge window [mem 0xcc100000-0xcc1fffff]
[    0.202058] pci 0000:00:16.7:   bridge window [mem 0xda700000-0xda7fffff 64bit pref]
[    0.202566] pci 0000:00:17.0: PCI bridge to [bus 13-13]
[    0.202590] pci 0000:00:17.0:   bridge window [io  0x6000-0x6fff]
[    0.202629] pci 0000:00:17.0:   bridge window [mem 0xca600000-0xca6fffff]
[    0.202679] pci 0000:00:17.0:   bridge window [mem 0xd8c00000-0xd8cfffff 64bit pref]
[    0.203185] pci 0000:00:17.1: PCI bridge to [bus 14-14]
[    0.203209] pci 0000:00:17.1:   bridge window [io  0xa000-0xafff]
[    0.203235] pci 0000:00:17.1:   bridge window [mem 0xcaa00000-0xcaafffff]
[    0.203284] pci 0000:00:17.1:   bridge window [mem 0xd9000000-0xd90fffff 64bit pref]
[    0.203808] pci 0000:00:17.2: PCI bridge to [bus 15-15]
[    0.203833] pci 0000:00:17.2:   bridge window [io  0xe000-0xefff]
[    0.203858] pci 0000:00:17.2:   bridge window [mem 0xcae00000-0xcaefffff]
[    0.203907] pci 0000:00:17.2:   bridge window [mem 0xd9400000-0xd94fffff 64bit pref]
[    0.204420] pci 0000:00:17.3: PCI bridge to [bus 16-16]
[    0.204468] pci 0000:00:17.3:   bridge window [mem 0xcb200000-0xcb2fffff]
[    0.204517] pci 0000:00:17.3:   bridge window [mem 0xd9800000-0xd98fffff 64bit pref]
[    0.205041] pci 0000:00:17.4: PCI bridge to [bus 17-17]
[    0.205086] pci 0000:00:17.4:   bridge window [mem 0xcb600000-0xcb6fffff]
[    0.205130] pci 0000:00:17.4:   bridge window [mem 0xd9c00000-0xd9cfffff 64bit pref]
[    0.205600] pci 0000:00:17.5: PCI bridge to [bus 18-18]
[    0.205649] pci 0000:00:17.5:   bridge window [mem 0xcba00000-0xcbafffff]
[    0.205693] pci 0000:00:17.5:   bridge window [mem 0xda000000-0xda0fffff 64bit pref]
[    0.206157] pci 0000:00:17.6: PCI bridge to [bus 19-19]
[    0.206200] pci 0000:00:17.6:   bridge window [mem 0xcbe00000-0xcbefffff]
[    0.206244] pci 0000:00:17.6:   bridge window [mem 0xda400000-0xda4fffff 64bit pref]
[    0.206716] pci 0000:00:17.7: PCI bridge to [bus 1a-1a]
[    0.206759] pci 0000:00:17.7:   bridge window [mem 0xcc200000-0xcc2fffff]
[    0.206803] pci 0000:00:17.7:   bridge window [mem 0xda800000-0xda8fffff 64bit pref]
[    0.207266] pci 0000:00:18.0: PCI bridge to [bus 1b-1b]
[    0.207288] pci 0000:00:18.0:   bridge window [io  0x7000-0x7fff]
[    0.207311] pci 0000:00:18.0:   bridge window [mem 0xca700000-0xca7fffff]
[    0.207355] pci 0000:00:18.0:   bridge window [mem 0xd8d00000-0xd8dfffff 64bit pref]
[    0.207845] pci 0000:00:18.1: PCI bridge to [bus 1c-1c]
[    0.207867] pci 0000:00:18.1:   bridge window [io  0xb000-0xbfff]
[    0.207891] pci 0000:00:18.1:   bridge window [mem 0xcab00000-0xcabfffff]
[    0.207934] pci 0000:00:18.1:   bridge window [mem 0xd9100000-0xd91fffff 64bit pref]
[    0.208397] pci 0000:00:18.2: PCI bridge to [bus 1d-1d]
[    0.208420] pci 0000:00:18.2:   bridge window [io  0xf000-0xffff]
[    0.208443] pci 0000:00:18.2:   bridge window [mem 0xcaf00000-0xcaffffff]
[    0.208487] pci 0000:00:18.2:   bridge window [mem 0xd9500000-0xd95fffff 64bit pref]
[    0.208966] pci 0000:00:18.3: PCI bridge to [bus 1e-1e]
[    0.209010] pci 0000:00:18.3:   bridge window [mem 0xcb300000-0xcb3fffff]
[    0.209053] pci 0000:00:18.3:   bridge window [mem 0xd9900000-0xd99fffff 64bit pref]
[    0.209516] pci 0000:00:18.4: PCI bridge to [bus 1f-1f]
[    0.209559] pci 0000:00:18.4:   bridge window [mem 0xcb700000-0xcb7fffff]
[    0.209603] pci 0000:00:18.4:   bridge window [mem 0xd9d00000-0xd9dfffff 64bit pref]
[    0.210070] pci 0000:00:18.5: PCI bridge to [bus 20-20]
[    0.210114] pci 0000:00:18.5:   bridge window [mem 0xcbb00000-0xcbbfffff]
[    0.210157] pci 0000:00:18.5:   bridge window [mem 0xda100000-0xda1fffff 64bit pref]
[    0.210629] pci 0000:00:18.6: PCI bridge to [bus 21-21]
[    0.210673] pci 0000:00:18.6:   bridge window [mem 0xcbf00000-0xcbffffff]
[    0.210717] pci 0000:00:18.6:   bridge window [mem 0xda500000-0xda5fffff 64bit pref]
[    0.211178] pci 0000:00:18.7: PCI bridge to [bus 22-22]
[    0.211222] pci 0000:00:18.7:   bridge window [mem 0xcc300000-0xcc3fffff]
[    0.211265] pci 0000:00:18.7:   bridge window [mem 0xda900000-0xda9fffff 64bit pref]
[    0.213011] pci_bus 0000:00: on NUMA node 0
[    0.213018] ACPI: PCI Interrupt Routing Table [\_SB_.PCI0._PRT]
[    0.213626]  pci0000:00: Requesting ACPI _OSC control (0x1d)
[    0.213837]  pci0000:00: ACPI _OSC control (0x15) granted
[    0.288589] ACPI: PCI Interrupt Link [LNKA] (IRQs 3 4 5 6 7 *9 10 11 14 15)
[    0.288678] ACPI: PCI Interrupt Link [LNKB] (IRQs 3 4 5 6 7 9 10 *11 14 15)
[    0.288746] ACPI: PCI Interrupt Link [LNKC] (IRQs 3 4 5 6 7 9 *10 11 14 15)
[    0.288812] ACPI: PCI Interrupt Link [LNKD] (IRQs 3 4 *5 6 7 9 10 11 14 15)
[    0.288948] vgaarb: device added: PCI:0000:00:0f.0,decodes=io+mem,owns=io+mem,locks=none
[    0.288957] vgaarb: loaded
[    0.288958] vgaarb: bridge control possible 0000:00:0f.0
[    0.289036] i2c-core: driver [aat2870] using legacy suspend method
[    0.289038] i2c-core: driver [aat2870] using legacy resume method
[    0.289099] SCSI subsystem initialized
[    0.289136] libata version 3.00 loaded.
[    0.289165] usbcore: registered new interface driver usbfs
[    0.289174] usbcore: registered new interface driver hub
[    0.289196] usbcore: registered new device driver usb
[    0.289258] PCI: Using ACPI for IRQ routing
[    0.362867] PCI: pci_cache_line_size set to 64 bytes
[    0.362890] pci 0000:00:18.2: no compatible bridge window for [io  0xf000-0xffff]
[    0.363854] reserve RAM buffer: 000000000009f000 - 000000000009ffff 
[    0.363857] reserve RAM buffer: 000000003fee0000 - 000000003fffffff 
[    0.363956] NetLabel: Initializing
[    0.363957] NetLabel:  domain hash size = 128
[    0.363958] NetLabel:  protocols = UNLABELED CIPSOv4
[    0.363965] NetLabel:  unlabeled traffic allowed by default
[    0.364024] hpet0: at MMIO 0xfed00000, IRQs 2, 8, 0, 0, 0, 0, 0, 0, 0, 0, 0, 0, 0, 0, 0, 0
[    0.364030] hpet0: 16 comparators, 64-bit 14.318180 MHz counter
[    0.367049] Switching to clocksource hpet
[    0.372292] AppArmor: AppArmor Filesystem Enabled
[    0.372309] pnp: PnP ACPI init
[    0.372323] ACPI: bus type pnp registered
[    0.372934] pnp 00:00: [bus 00-ff]
[    0.372936] pnp 00:00: [mem 0x000a0000-0x000bffff window]
[    0.372938] pnp 00:00: [mem 0x000c0000-0x000c3fff window]
[    0.372939] pnp 00:00: [mem 0x000c4000-0x000c7fff window]
[    0.372941] pnp 00:00: [mem 0x000c8000-0x000cbfff window]
[    0.372942] pnp 00:00: [mem 0x000cc000-0x000cffff window]
[    0.372944] pnp 00:00: [mem 0x000d0000-0x000d3fff window]
[    0.372945] pnp 00:00: [mem 0x000d4000-0x000d7fff window]
[    0.372946] pnp 00:00: [mem 0x000d8000-0x000dbfff window]
[    0.372948] pnp 00:00: [mem 0x000dc000-0x000dffff window]
[    0.372949] pnp 00:00: [mem 0x000e0000-0x000e3fff window]
[    0.372951] pnp 00:00: [mem 0x000e4000-0x000e7fff window]
[    0.372952] pnp 00:00: [mem 0x000e8000-0x000ebfff window]
[    0.372953] pnp 00:00: [mem 0x000ec000-0x000effff window]
[    0.372955] pnp 00:00: [mem 0xc0000000-0xfebfffff window]
[    0.372957] pnp 00:00: [io  0x0cf8-0x0cff]
[    0.372958] pnp 00:00: [io  0x0000-0x0cf7 window]
[    0.372959] pnp 00:00: [io  0x0d00-0xfeff window]
[    0.372996] pnp 00:00: Plug and Play ACPI device, IDs PNP0a03 PNP0a08 (active)
[    0.373056] pnp 00:01: [io  0x0010-0x001f]
[    0.373057] pnp 00:01: [io  0x0024-0x0025]
[    0.373059] pnp 00:01: [io  0x0028-0x0029]
[    0.373060] pnp 00:01: [io  0x002c-0x002d]
[    0.373061] pnp 00:01: [io  0x002e-0x002f]
[    0.373062] pnp 00:01: [io  0x0030-0x0031]
[    0.373063] pnp 00:01: [io  0x0034-0x0035]
[    0.373064] pnp 00:01: [io  0x0038-0x0039]
[    0.373065] pnp 00:01: [io  0x003c-0x003d]
[    0.373067] pnp 00:01: [io  0x0050-0x0053]
[    0.373068] pnp 00:01: [io  0x0072-0x0077]
[    0.373069] pnp 00:01: [io  0x0080]
[    0.373070] pnp 00:01: [io  0x0090-0x009f]
[    0.373071] pnp 00:01: [io  0x00a4-0x00a5]
[    0.373073] pnp 00:01: [io  0x00a8-0x00a9]
[    0.373074] pnp 00:01: [io  0x00ac-0x00ad]
[    0.373075] pnp 00:01: [io  0x00b0-0x00b5]
[    0.373076] pnp 00:01: [io  0x00b8-0x00b9]
[    0.373077] pnp 00:01: [io  0x00bc-0x00bd]
[    0.373078] pnp 00:01: [io  0x1000-0x103f]
[    0.373080] pnp 00:01: [io  0x1040-0x104f]
[    0.373081] pnp 00:01: [io  0x0cf0-0x0cf1]
[    0.373136] system 00:01: [io  0x1000-0x103f] has been reserved
[    0.373140] system 00:01: [io  0x1040-0x104f] has been reserved
[    0.373142] system 00:01: [io  0x0cf0-0x0cf1] has been reserved
[    0.373144] system 00:01: Plug and Play ACPI device, IDs PNP0c02 (active)
[    0.373151] pnp 00:02: [io  0x0000-0x000f]
[    0.373152] pnp 00:02: [io  0x0081-0x008f]
[    0.373153] pnp 00:02: [io  0x00c0-0x00df]
[    0.373155] pnp 00:02: [dma 4]
[    0.373170] pnp 00:02: Plug and Play ACPI device, IDs PNP0200 (active)
[    0.373176] pnp 00:03: [io  0x0020-0x0021]
[    0.373177] pnp 00:03: [io  0x00a0-0x00a1]
[    0.373178] pnp 00:03: [io  0x04d0-0x04d1]
[    0.373180] pnp 00:03: [irq 2 disabled]
[    0.373195] pnp 00:03: Plug and Play ACPI device, IDs PNP0001 (active)
[    0.373201] pnp 00:04: [io  0x0070-0x0071]
[    0.373203] pnp 00:04: [irq 8]
[    0.373216] pnp 00:04: Plug and Play ACPI device, IDs PNP0b00 (active)
[    0.373221] pnp 00:05: [io  0x0061]
[    0.373233] pnp 00:05: Plug and Play ACPI device, IDs PNP0800 (active)
[    0.373238] pnp 00:06: [io  0x0060]
[    0.373239] pnp 00:06: [io  0x0064]
[    0.373240] pnp 00:06: [irq 1]
[    0.373255] pnp 00:06: Plug and Play ACPI device, IDs PNP0303 (active)
[    0.373260] pnp 00:07: [irq 12]
[    0.373272] pnp 00:07: Plug and Play ACPI device, IDs PNP0f13 (active)
[    0.373425] pnp 00:08: [mem 0xfed00000-0xfed003ff]
[    0.373459] system 00:08: [mem 0xfed00000-0xfed003ff] has been reserved
[    0.373461] system 00:08: Plug and Play ACPI device, IDs PNP0103 PNP0c01 (active)
[    0.377652] pnp 00:09: [io  0x0378-0x037f]
[    0.377655] pnp 00:09: [irq 7]
[    0.378755] pnp 00:09: Plug and Play ACPI device, IDs PNP0400 (active)
[    0.382501] pnp 00:0a: [io  0x03f8-0x03ff]
[    0.382503] pnp 00:0a: [irq 4]
[    0.383579] pnp 00:0a: Plug and Play ACPI device, IDs PNP0501 (active)
[    0.386741] pnp 00:0b: [io  0x02f8-0x02ff]
[    0.386744] pnp 00:0b: [irq 3]
[    0.387850] pnp 00:0b: Plug and Play ACPI device, IDs PNP0501 (active)
[    0.392693] pnp 00:0c: [io  0x03f0-0x03f5]
[    0.392696] pnp 00:0c: [io  0x03f7]
[    0.392697] pnp 00:0c: [irq 6]
[    0.392699] pnp 00:0c: [dma 2]
[    0.393674] pnp 00:0c: Plug and Play ACPI device, IDs PNP0700 (active)
[    0.393829] pnp 00:0d: [mem 0xe0000000-0xefffffff]
[    0.393831] pnp 00:0d: [io  0x1060-0x107f]
[    0.393832] pnp 00:0d: [mem 0xc8200000-0xc83fffff]
[    0.393872] system 00:0d: [io  0x1060-0x107f] has been reserved
[    0.393875] system 00:0d: [mem 0xe0000000-0xefffffff] has been reserved
[    0.393876] system 00:0d: [mem 0xc8200000-0xc83fffff] has been reserved
[    0.393879] system 00:0d: Plug and Play ACPI device, IDs PNP0c02 (active)
[    0.398394] pnp: PnP ACPI: found 14 devices
[    0.398396] ACPI: ACPI bus type pnp unregistered
[    0.398399] PnPBIOS: Disabled by ACPI PNP
[    0.434044] PCI: max bus depth: 1 pci_try_num: 2
[    0.435076] pci 0000:00:0f.0: BAR 6: assigned [mem 0xc0000000-0xc0007fff pref]
[    0.435082] pci 0000:00:10.0: BAR 6: assigned [mem 0xc0008000-0xc000bfff pref]
[    0.435088] pci 0000:00:18.7: BAR 13: can't assign io (size 0x1000)
[    0.435093] pci 0000:00:18.6: BAR 13: can't assign io (size 0x1000)
[    0.435097] pci 0000:00:18.5: BAR 13: can't assign io (size 0x1000)
[    0.435101] pci 0000:00:18.4: BAR 13: can't assign io (size 0x1000)
[    0.435105] pci 0000:00:18.3: BAR 13: can't assign io (size 0x1000)
[    0.435109] pci 0000:00:18.2: BAR 13: can't assign io (size 0x1000)
[    0.435113] pci 0000:00:17.7: BAR 13: can't assign io (size 0x1000)
[    0.435117] pci 0000:00:17.6: BAR 13: can't assign io (size 0x1000)
[    0.435121] pci 0000:00:17.5: BAR 13: can't assign io (size 0x1000)
[    0.435126] pci 0000:00:17.4: BAR 13: can't assign io (size 0x1000)
[    0.435130] pci 0000:00:17.3: BAR 13: can't assign io (size 0x1000)
[    0.435134] pci 0000:00:16.7: BAR 13: can't assign io (size 0x1000)
[    0.435138] pci 0000:00:16.6: BAR 13: can't assign io (size 0x1000)
[    0.435142] pci 0000:00:16.5: BAR 13: can't assign io (size 0x1000)
[    0.435146] pci 0000:00:16.4: BAR 13: can't assign io (size 0x1000)
[    0.435151] pci 0000:00:16.3: BAR 13: can't assign io (size 0x1000)
[    0.435155] pci 0000:00:15.7: BAR 13: can't assign io (size 0x1000)
[    0.435159] pci 0000:00:15.6: BAR 13: can't assign io (size 0x1000)
[    0.435163] pci 0000:00:15.5: BAR 13: can't assign io (size 0x1000)
[    0.435167] pci 0000:00:15.4: BAR 13: can't assign io (size 0x1000)
[    0.435171] pci 0000:00:15.3: BAR 13: can't assign io (size 0x1000)
[    0.435175] pci 0000:00:01.0: PCI bridge to [bus 01-01]
[    0.435292] pci 0000:02:01.0: BAR 6: assigned [mem 0xd8400000-0xd840ffff pref]
[    0.435295] pci 0000:00:11.0: PCI bridge to [bus 02-02]
[    0.435313] pci 0000:00:11.0:   bridge window [io  0x2000-0x3fff]
[    0.435355] pci 0000:00:11.0:   bridge window [mem 0xc9000000-0xca3fffff]
[    0.435384] pci 0000:00:11.0:   bridge window [mem 0xd8400000-0xd89fffff 64bit pref]
[    0.435439] pci 0000:00:15.0: PCI bridge to [bus 03-03]
[    0.435455] pci 0000:00:15.0:   bridge window [io  0x4000-0x4fff]
[    0.435497] pci 0000:00:15.0:   bridge window [mem 0xca400000-0xca4fffff]
[    0.435526] pci 0000:00:15.0:   bridge window [mem 0xd8a00000-0xd8afffff 64bit pref]
[    0.435595] pci 0000:00:15.1: PCI bridge to [bus 04-04]
[    0.435612] pci 0000:00:15.1:   bridge window [io  0x8000-0x8fff]
[    0.435654] pci 0000:00:15.1:   bridge window [mem 0xca800000-0xca8fffff]
[    0.435682] pci 0000:00:15.1:   bridge window [mem 0xd8e00000-0xd8efffff 64bit pref]
[    0.435743] pci 0000:00:15.2: PCI bridge to [bus 05-05]
[    0.435759] pci 0000:00:15.2:   bridge window [io  0xc000-0xcfff]
[    0.435802] pci 0000:00:15.2:   bridge window [mem 0xcac00000-0xcacfffff]
[    0.435831] pci 0000:00:15.2:   bridge window [mem 0xd9200000-0xd92fffff 64bit pref]
[    0.435890] pci 0000:00:15.3: PCI bridge to [bus 06-06]
[    0.435932] pci 0000:00:15.3:   bridge window [mem 0xcb000000-0xcb0fffff]
[    0.435961] pci 0000:00:15.3:   bridge window [mem 0xd9600000-0xd96fffff 64bit pref]
[    0.436021] pci 0000:00:15.4: PCI bridge to [bus 07-07]
[    0.436063] pci 0000:00:15.4:   bridge window [mem 0xcb400000-0xcb4fffff]
[    0.436092] pci 0000:00:15.4:   bridge window [mem 0xd9a00000-0xd9afffff 64bit pref]
[    0.436152] pci 0000:00:15.5: PCI bridge to [bus 08-08]
[    0.436193] pci 0000:00:15.5:   bridge window [mem 0xcb800000-0xcb8fffff]
[    0.436223] pci 0000:00:15.5:   bridge window [mem 0xd9e00000-0xd9efffff 64bit pref]
[    0.436283] pci 0000:00:15.6: PCI bridge to [bus 09-09]
[    0.436325] pci 0000:00:15.6:   bridge window [mem 0xcbc00000-0xcbcfffff]
[    0.436354] pci 0000:00:15.6:   bridge window [mem 0xda200000-0xda2fffff 64bit pref]
[    0.436413] pci 0000:00:15.7: PCI bridge to [bus 0a-0a]
[    0.436455] pci 0000:00:15.7:   bridge window [mem 0xcc000000-0xcc0fffff]
[    0.436484] pci 0000:00:15.7:   bridge window [mem 0xda600000-0xda6fffff 64bit pref]
[    0.436544] pci 0000:00:16.0: PCI bridge to [bus 0b-0b]
[    0.436560] pci 0000:00:16.0:   bridge window [io  0x5000-0x5fff]
[    0.436602] pci 0000:00:16.0:   bridge window [mem 0xca500000-0xca5fffff]
[    0.436631] pci 0000:00:16.0:   bridge window [mem 0xd8b00000-0xd8bfffff 64bit pref]
[    0.436689] pci 0000:00:16.1: PCI bridge to [bus 0c-0c]
[    0.436707] pci 0000:00:16.1:   bridge window [io  0x9000-0x9fff]
[    0.436748] pci 0000:00:16.1:   bridge window [mem 0xca900000-0xca9fffff]
[    0.436777] pci 0000:00:16.1:   bridge window [mem 0xd8f00000-0xd8ffffff 64bit pref]
[    0.436836] pci 0000:00:16.2: PCI bridge to [bus 0d-0d]
[    0.436853] pci 0000:00:16.2:   bridge window [io  0xd000-0xdfff]
[    0.436895] pci 0000:00:16.2:   bridge window [mem 0xcad00000-0xcadfffff]
[    0.436924] pci 0000:00:16.2:   bridge window [mem 0xd9300000-0xd93fffff 64bit pref]
[    0.436984] pci 0000:00:16.3: PCI bridge to [bus 0e-0e]
[    0.437025] pci 0000:00:16.3:   bridge window [mem 0xcb100000-0xcb1fffff]
[    0.437055] pci 0000:00:16.3:   bridge window [mem 0xd9700000-0xd97fffff 64bit pref]
[    0.437113] pci 0000:00:16.4: PCI bridge to [bus 0f-0f]
[    0.437155] pci 0000:00:16.4:   bridge window [mem 0xcb500000-0xcb5fffff]
[    0.437184] pci 0000:00:16.4:   bridge window [mem 0xd9b00000-0xd9bfffff 64bit pref]
[    0.437244] pci 0000:00:16.5: PCI bridge to [bus 10-10]
[    0.437285] pci 0000:00:16.5:   bridge window [mem 0xcb900000-0xcb9fffff]
[    0.437315] pci 0000:00:16.5:   bridge window [mem 0xd9f00000-0xd9ffffff 64bit pref]
[    0.437374] pci 0000:00:16.6: PCI bridge to [bus 11-11]
[    0.437416] pci 0000:00:16.6:   bridge window [mem 0xcbd00000-0xcbdfffff]
[    0.437444] pci 0000:00:16.6:   bridge window [mem 0xda300000-0xda3fffff 64bit pref]
[    0.437503] pci 0000:00:16.7: PCI bridge to [bus 12-12]
[    0.437545] pci 0000:00:16.7:   bridge window [mem 0xcc100000-0xcc1fffff]
[    0.437575] pci 0000:00:16.7:   bridge window [mem 0xda700000-0xda7fffff 64bit pref]
[    0.437634] pci 0000:00:17.0: PCI bridge to [bus 13-13]
[    0.437650] pci 0000:00:17.0:   bridge window [io  0x6000-0x6fff]
[    0.437692] pci 0000:00:17.0:   bridge window [mem 0xca600000-0xca6fffff]
[    0.437721] pci 0000:00:17.0:   bridge window [mem 0xd8c00000-0xd8cfffff 64bit pref]
[    0.437780] pci 0000:00:17.1: PCI bridge to [bus 14-14]
[    0.437797] pci 0000:00:17.1:   bridge window [io  0xa000-0xafff]
[    0.437838] pci 0000:00:17.1:   bridge window [mem 0xcaa00000-0xcaafffff]
[    0.437868] pci 0000:00:17.1:   bridge window [mem 0xd9000000-0xd90fffff 64bit pref]
[    0.437927] pci 0000:00:17.2: PCI bridge to [bus 15-15]
[    0.437944] pci 0000:00:17.2:   bridge window [io  0xe000-0xefff]
[    0.437986] pci 0000:00:17.2:   bridge window [mem 0xcae00000-0xcaefffff]
[    0.438015] pci 0000:00:17.2:   bridge window [mem 0xd9400000-0xd94fffff 64bit pref]
[    0.438075] pci 0000:00:17.3: PCI bridge to [bus 16-16]
[    0.438117] pci 0000:00:17.3:   bridge window [mem 0xcb200000-0xcb2fffff]
[    0.438146] pci 0000:00:17.3:   bridge window [mem 0xd9800000-0xd98fffff 64bit pref]
[    0.438205] pci 0000:00:17.4: PCI bridge to [bus 17-17]
[    0.438250] pci 0000:00:17.4:   bridge window [mem 0xcb600000-0xcb6fffff]
[    0.438281] pci 0000:00:17.4:   bridge window [mem 0xd9c00000-0xd9cfffff 64bit pref]
[    0.438334] pci 0000:00:17.5: PCI bridge to [bus 18-18]
[    0.438369] pci 0000:00:17.5:   bridge window [mem 0xcba00000-0xcbafffff]
[    0.438392] pci 0000:00:17.5:   bridge window [mem 0xda000000-0xda0fffff 64bit pref]
[    0.438441] pci 0000:00:17.6: PCI bridge to [bus 19-19]
[    0.438475] pci 0000:00:17.6:   bridge window [mem 0xcbe00000-0xcbefffff]
[    0.438499] pci 0000:00:17.6:   bridge window [mem 0xda400000-0xda4fffff 64bit pref]
[    0.438547] pci 0000:00:17.7: PCI bridge to [bus 1a-1a]
[    0.438581] pci 0000:00:17.7:   bridge window [mem 0xcc200000-0xcc2fffff]
[    0.438605] pci 0000:00:17.7:   bridge window [mem 0xda800000-0xda8fffff 64bit pref]
[    0.438653] pci 0000:00:18.0: PCI bridge to [bus 1b-1b]
[    0.438668] pci 0000:00:18.0:   bridge window [io  0x7000-0x7fff]
[    0.438702] pci 0000:00:18.0:   bridge window [mem 0xca700000-0xca7fffff]
[    0.438726] pci 0000:00:18.0:   bridge window [mem 0xd8d00000-0xd8dfffff 64bit pref]
[    0.438774] pci 0000:00:18.1: PCI bridge to [bus 1c-1c]
[    0.438788] pci 0000:00:18.1:   bridge window [io  0xb000-0xbfff]
[    0.438823] pci 0000:00:18.1:   bridge window [mem 0xcab00000-0xcabfffff]
[    0.438846] pci 0000:00:18.1:   bridge window [mem 0xd9100000-0xd91fffff 64bit pref]
[    0.438895] pci 0000:00:18.2: PCI bridge to [bus 1d-1d]
[    0.438929] pci 0000:00:18.2:   bridge window [mem 0xcaf00000-0xcaffffff]
[    0.438965] pci 0000:00:18.2:   bridge window [mem 0xd9500000-0xd95fffff 64bit pref]
[    0.439014] pci 0000:00:18.3: PCI bridge to [bus 1e-1e]
[    0.439049] pci 0000:00:18.3:   bridge window [mem 0xcb300000-0xcb3fffff]
[    0.439072] pci 0000:00:18.3:   bridge window [mem 0xd9900000-0xd99fffff 64bit pref]
[    0.439121] pci 0000:00:18.4: PCI bridge to [bus 1f-1f]
[    0.439155] pci 0000:00:18.4:   bridge window [mem 0xcb700000-0xcb7fffff]
[    0.439178] pci 0000:00:18.4:   bridge window [mem 0xd9d00000-0xd9dfffff 64bit pref]
[    0.439236] pci 0000:00:18.5: PCI bridge to [bus 20-20]
[    0.439270] pci 0000:00:18.5:   bridge window [mem 0xcbb00000-0xcbbfffff]
[    0.439293] pci 0000:00:18.5:   bridge window [mem 0xda100000-0xda1fffff 64bit pref]
[    0.439342] pci 0000:00:18.6: PCI bridge to [bus 21-21]
[    0.439376] pci 0000:00:18.6:   bridge window [mem 0xcbf00000-0xcbffffff]
[    0.439400] pci 0000:00:18.6:   bridge window [mem 0xda500000-0xda5fffff 64bit pref]
[    0.439448] pci 0000:00:18.7: PCI bridge to [bus 22-22]
[    0.439482] pci 0000:00:18.7:   bridge window [mem 0xcc300000-0xcc3fffff]
[    0.439506] pci 0000:00:18.7:   bridge window [mem 0xda900000-0xda9fffff 64bit pref]
[    0.439591] pci 0000:00:01.0: setting latency timer to 64
[    0.439681] pci 0000:00:15.0: setting latency timer to 64
[    0.439738] pci 0000:00:15.1: setting latency timer to 64
[    0.439794] pci 0000:00:15.2: setting latency timer to 64
[    0.439850] pci 0000:00:15.3: setting latency timer to 64
[    0.439906] pci 0000:00:15.4: setting latency timer to 64
[    0.439963] pci 0000:00:15.5: setting latency timer to 64
[    0.440019] pci 0000:00:15.6: setting latency timer to 64
[    0.440075] pci 0000:00:15.7: setting latency timer to 64
[    0.440131] pci 0000:00:16.0: setting latency timer to 64
[    0.440187] pci 0000:00:16.1: setting latency timer to 64
[    0.440251] pci 0000:00:16.2: setting latency timer to 64
[    0.440307] pci 0000:00:16.3: setting latency timer to 64
[    0.440363] pci 0000:00:16.4: setting latency timer to 64
[    0.440419] pci 0000:00:16.5: setting latency timer to 64
[    0.440476] pci 0000:00:16.6: setting latency timer to 64
[    0.440532] pci 0000:00:16.7: setting latency timer to 64
[    0.440588] pci 0000:00:17.0: setting latency timer to 64
[    0.440644] pci 0000:00:17.1: setting latency timer to 64
[    0.440700] pci 0000:00:17.2: setting latency timer to 64
[    0.440757] pci 0000:00:17.3: setting latency timer to 64
[    0.440812] pci 0000:00:17.4: setting latency timer to 64
[    0.440869] pci 0000:00:17.5: setting latency timer to 64
[    0.440925] pci 0000:00:17.6: setting latency timer to 64
[    0.440981] pci 0000:00:17.7: setting latency timer to 64
[    0.441038] pci 0000:00:18.0: setting latency timer to 64
[    0.441093] pci 0000:00:18.1: setting latency timer to 64
[    0.441149] pci 0000:00:18.2: setting latency timer to 64
[    0.441206] pci 0000:00:18.3: setting latency timer to 64
[    0.441262] pci 0000:00:18.4: setting latency timer to 64
[    0.441319] pci 0000:00:18.5: setting latency timer to 64
[    0.441374] pci 0000:00:18.6: setting latency timer to 64
[    0.441431] pci 0000:00:18.7: setting latency timer to 64
[    0.441445] pci_bus 0000:00: resource 4 [mem 0x000a0000-0x000bffff]
[    0.441447] pci_bus 0000:00: resource 5 [mem 0x000cc000-0x000cffff]
[    0.441449] pci_bus 0000:00: resource 6 [mem 0x000d0000-0x000d3fff]
[    0.441451] pci_bus 0000:00: resource 7 [mem 0x000d4000-0x000d7fff]
[    0.441453] pci_bus 0000:00: resource 8 [mem 0x000d8000-0x000dbfff]
[    0.441455] pci_bus 0000:00: resource 9 [mem 0xc0000000-0xfebfffff]
[    0.441457] pci_bus 0000:00: resource 10 [io  0x0000-0x0cf7]
[    0.441459] pci_bus 0000:00: resource 11 [io  0x0d00-0xfeff]
[    0.441462] pci_bus 0000:02: resource 0 [io  0x2000-0x3fff]
[    0.441464] pci_bus 0000:02: resource 1 [mem 0xc9000000-0xca3fffff]
[    0.441466] pci_bus 0000:02: resource 2 [mem 0xd8400000-0xd89fffff 64bit pref]
[    0.441468] pci_bus 0000:02: resource 4 [mem 0x000a0000-0x000bffff]
[    0.441470] pci_bus 0000:02: resource 5 [mem 0x000cc000-0x000cffff]
[    0.441472] pci_bus 0000:02: resource 6 [mem 0x000d0000-0x000d3fff]
[    0.441474] pci_bus 0000:02: resource 7 [mem 0x000d4000-0x000d7fff]
[    0.441476] pci_bus 0000:02: resource 8 [mem 0x000d8000-0x000dbfff]
[    0.441478] pci_bus 0000:02: resource 9 [mem 0xc0000000-0xfebfffff]
[    0.441480] pci_bus 0000:02: resource 10 [io  0x0000-0x0cf7]
[    0.441482] pci_bus 0000:02: resource 11 [io  0x0d00-0xfeff]
[    0.441484] pci_bus 0000:03: resource 0 [io  0x4000-0x4fff]
[    0.441486] pci_bus 0000:03: resource 1 [mem 0xca400000-0xca4fffff]
[    0.441488] pci_bus 0000:03: resource 2 [mem 0xd8a00000-0xd8afffff 64bit pref]
[    0.441491] pci_bus 0000:04: resource 0 [io  0x8000-0x8fff]
[    0.441493] pci_bus 0000:04: resource 1 [mem 0xca800000-0xca8fffff]
[    0.441495] pci_bus 0000:04: resource 2 [mem 0xd8e00000-0xd8efffff 64bit pref]
[    0.441497] pci_bus 0000:05: resource 0 [io  0xc000-0xcfff]
[    0.441499] pci_bus 0000:05: resource 1 [mem 0xcac00000-0xcacfffff]
[    0.441501] pci_bus 0000:05: resource 2 [mem 0xd9200000-0xd92fffff 64bit pref]
[    0.441503] pci_bus 0000:06: resource 1 [mem 0xcb000000-0xcb0fffff]
[    0.441505] pci_bus 0000:06: resource 2 [mem 0xd9600000-0xd96fffff 64bit pref]
[    0.441508] pci_bus 0000:07: resource 1 [mem 0xcb400000-0xcb4fffff]
[    0.441510] pci_bus 0000:07: resource 2 [mem 0xd9a00000-0xd9afffff 64bit pref]
[    0.441512] pci_bus 0000:08: resource 1 [mem 0xcb800000-0xcb8fffff]
[    0.441514] pci_bus 0000:08: resource 2 [mem 0xd9e00000-0xd9efffff 64bit pref]
[    0.441516] pci_bus 0000:09: resource 1 [mem 0xcbc00000-0xcbcfffff]
[    0.441518] pci_bus 0000:09: resource 2 [mem 0xda200000-0xda2fffff 64bit pref]
[    0.441521] pci_bus 0000:0a: resource 1 [mem 0xcc000000-0xcc0fffff]
[    0.441523] pci_bus 0000:0a: resource 2 [mem 0xda600000-0xda6fffff 64bit pref]
[    0.441525] pci_bus 0000:0b: resource 0 [io  0x5000-0x5fff]
[    0.441527] pci_bus 0000:0b: resource 1 [mem 0xca500000-0xca5fffff]
[    0.441529] pci_bus 0000:0b: resource 2 [mem 0xd8b00000-0xd8bfffff 64bit pref]
[    0.441531] pci_bus 0000:0c: resource 0 [io  0x9000-0x9fff]
[    0.441533] pci_bus 0000:0c: resource 1 [mem 0xca900000-0xca9fffff]
[    0.441535] pci_bus 0000:0c: resource 2 [mem 0xd8f00000-0xd8ffffff 64bit pref]
[    0.441538] pci_bus 0000:0d: resource 0 [io  0xd000-0xdfff]
[    0.441540] pci_bus 0000:0d: resource 1 [mem 0xcad00000-0xcadfffff]
[    0.441542] pci_bus 0000:0d: resource 2 [mem 0xd9300000-0xd93fffff 64bit pref]
[    0.441544] pci_bus 0000:0e: resource 1 [mem 0xcb100000-0xcb1fffff]
[    0.441546] pci_bus 0000:0e: resource 2 [mem 0xd9700000-0xd97fffff 64bit pref]
[    0.441548] pci_bus 0000:0f: resource 1 [mem 0xcb500000-0xcb5fffff]
[    0.441551] pci_bus 0000:0f: resource 2 [mem 0xd9b00000-0xd9bfffff 64bit pref]
[    0.441553] pci_bus 0000:10: resource 1 [mem 0xcb900000-0xcb9fffff]
[    0.441555] pci_bus 0000:10: resource 2 [mem 0xd9f00000-0xd9ffffff 64bit pref]
[    0.441557] pci_bus 0000:11: resource 1 [mem 0xcbd00000-0xcbdfffff]
[    0.441559] pci_bus 0000:11: resource 2 [mem 0xda300000-0xda3fffff 64bit pref]
[    0.441562] pci_bus 0000:12: resource 1 [mem 0xcc100000-0xcc1fffff]
[    0.441564] pci_bus 0000:12: resource 2 [mem 0xda700000-0xda7fffff 64bit pref]
[    0.441566] pci_bus 0000:13: resource 0 [io  0x6000-0x6fff]
[    0.441568] pci_bus 0000:13: resource 1 [mem 0xca600000-0xca6fffff]
[    0.441570] pci_bus 0000:13: resource 2 [mem 0xd8c00000-0xd8cfffff 64bit pref]
[    0.441572] pci_bus 0000:14: resource 0 [io  0xa000-0xafff]
[    0.441574] pci_bus 0000:14: resource 1 [mem 0xcaa00000-0xcaafffff]
[    0.441576] pci_bus 0000:14: resource 2 [mem 0xd9000000-0xd90fffff 64bit pref]
[    0.441579] pci_bus 0000:15: resource 0 [io  0xe000-0xefff]
[    0.441581] pci_bus 0000:15: resource 1 [mem 0xcae00000-0xcaefffff]
[    0.441583] pci_bus 0000:15: resource 2 [mem 0xd9400000-0xd94fffff 64bit pref]
[    0.441585] pci_bus 0000:16: resource 1 [mem 0xcb200000-0xcb2fffff]
[    0.441587] pci_bus 0000:16: resource 2 [mem 0xd9800000-0xd98fffff 64bit pref]
[    0.441589] pci_bus 0000:17: resource 1 [mem 0xcb600000-0xcb6fffff]
[    0.441592] pci_bus 0000:17: resource 2 [mem 0xd9c00000-0xd9cfffff 64bit pref]
[    0.441594] pci_bus 0000:18: resource 1 [mem 0xcba00000-0xcbafffff]
[    0.441596] pci_bus 0000:18: resource 2 [mem 0xda000000-0xda0fffff 64bit pref]
[    0.441598] pci_bus 0000:19: resource 1 [mem 0xcbe00000-0xcbefffff]
[    0.441600] pci_bus 0000:19: resource 2 [mem 0xda400000-0xda4fffff 64bit pref]
[    0.441603] pci_bus 0000:1a: resource 1 [mem 0xcc200000-0xcc2fffff]
[    0.441605] pci_bus 0000:1a: resource 2 [mem 0xda800000-0xda8fffff 64bit pref]
[    0.441607] pci_bus 0000:1b: resource 0 [io  0x7000-0x7fff]
[    0.441609] pci_bus 0000:1b: resource 1 [mem 0xca700000-0xca7fffff]
[    0.441611] pci_bus 0000:1b: resource 2 [mem 0xd8d00000-0xd8dfffff 64bit pref]
[    0.441613] pci_bus 0000:1c: resource 0 [io  0xb000-0xbfff]
[    0.441615] pci_bus 0000:1c: resource 1 [mem 0xcab00000-0xcabfffff]
[    0.441617] pci_bus 0000:1c: resource 2 [mem 0xd9100000-0xd91fffff 64bit pref]
[    0.441620] pci_bus 0000:1d: resource 1 [mem 0xcaf00000-0xcaffffff]
[    0.441622] pci_bus 0000:1d: resource 2 [mem 0xd9500000-0xd95fffff 64bit pref]
[    0.441624] pci_bus 0000:1e: resource 1 [mem 0xcb300000-0xcb3fffff]
[    0.441626] pci_bus 0000:1e: resource 2 [mem 0xd9900000-0xd99fffff 64bit pref]
[    0.441628] pci_bus 0000:1f: resource 1 [mem 0xcb700000-0xcb7fffff]
[    0.441630] pci_bus 0000:1f: resource 2 [mem 0xd9d00000-0xd9dfffff 64bit pref]
[    0.441632] pci_bus 0000:20: resource 1 [mem 0xcbb00000-0xcbbfffff]
[    0.441635] pci_bus 0000:20: resource 2 [mem 0xda100000-0xda1fffff 64bit pref]
[    0.441637] pci_bus 0000:21: resource 1 [mem 0xcbf00000-0xcbffffff]
[    0.441639] pci_bus 0000:21: resource 2 [mem 0xda500000-0xda5fffff 64bit pref]
[    0.441641] pci_bus 0000:22: resource 1 [mem 0xcc300000-0xcc3fffff]
[    0.441643] pci_bus 0000:22: resource 2 [mem 0xda900000-0xda9fffff 64bit pref]
[    0.441677] NET: Registered protocol family 2
[    0.441716] IP route cache hash table entries: 32768 (order: 5, 131072 bytes)
[    0.441833] TCP established hash table entries: 131072 (order: 8, 1048576 bytes)
[    0.441950] TCP bind hash table entries: 65536 (order: 7, 524288 bytes)
[    0.442067] TCP: Hash tables configured (established 131072 bind 65536)
[    0.442070] TCP reno registered
[    0.442072] UDP hash table entries: 512 (order: 2, 16384 bytes)
[    0.442080] UDP-Lite hash table entries: 512 (order: 2, 16384 bytes)
[    0.442117] NET: Registered protocol family 1
[    0.442125] pci 0000:00:00.0: Limiting direct PCI/PCI transfers
[    0.442217] pci 0000:00:0f.0: Boot video device
[    0.442334] ACPI: PCI Interrupt Link [LNKC] enabled at IRQ 10
[    0.442337] PCI: setting IRQ 10 as level-triggered
[    0.442344] pci 0000:02:00.0: PCI INT A -> Link[LNKC] -> GSI 10 (level, low) -> IRQ 10
[    0.442467] pci 0000:02:00.0: PCI INT A disabled
[    0.442584] ACPI: PCI Interrupt Link [LNKB] enabled at IRQ 11
[    0.442586] PCI: setting IRQ 11 as level-triggered
[    0.442590] pci 0000:02:03.0: PCI INT A -> Link[LNKB] -> GSI 11 (level, low) -> IRQ 11
[    0.442653] pci 0000:02:03.0: PCI INT A disabled
[    0.442668] PCI: CLS 32 bytes, default 64
[    0.442709] Simple Boot Flag at 0x36 set to 0x1
[    0.442713] Switching to clocksource tsc
[    0.442901] audit: initializing netlink socket (disabled)
[    0.442904] type=2000 audit(1369653497.419:1): initialized
[    0.455096] Trying to unpack rootfs image as initramfs...
[    0.474994] highmem bounce pool size: 64 pages
[    0.475000] HugeTLB registered 2 MB page size, pre-allocated 0 pages
[    0.479060] VFS: Disk quotas dquot_6.5.2
[    0.479108] Dquot-cache hash table entries: 1024 (order 0, 4096 bytes)
[    0.479288] fuse init (API version 7.17)
[    0.479349] msgmni has been set to 1710
[    0.491099] Block layer SCSI generic (bsg) driver version 0.4 loaded (major 253)
[    0.494996] io scheduler noop registered
[    0.494998] io scheduler deadline registered
[    0.495006] io scheduler cfq registered (default)
[    0.495123] pcieport 0000:00:15.0: setting latency timer to 64
[    0.495240] pcieport 0000:00:15.0: irq 40 for MSI/MSI-X
[    0.495357] pcieport 0000:00:15.1: setting latency timer to 64
[    0.495474] pcieport 0000:00:15.1: irq 41 for MSI/MSI-X
[    0.495591] pcieport 0000:00:15.2: setting latency timer to 64
[    0.495708] pcieport 0000:00:15.2: irq 42 for MSI/MSI-X
[    0.495825] pcieport 0000:00:15.3: setting latency timer to 64
[    0.495941] pcieport 0000:00:15.3: irq 43 for MSI/MSI-X
[    0.496058] pcieport 0000:00:15.4: setting latency timer to 64
[    0.496175] pcieport 0000:00:15.4: irq 44 for MSI/MSI-X
[    0.496292] pcieport 0000:00:15.5: setting latency timer to 64
[    0.496409] pcieport 0000:00:15.5: irq 45 for MSI/MSI-X
[    0.496526] pcieport 0000:00:15.6: setting latency timer to 64
[    0.496643] pcieport 0000:00:15.6: irq 46 for MSI/MSI-X
[    0.496760] pcieport 0000:00:15.7: setting latency timer to 64
[    0.496876] pcieport 0000:00:15.7: irq 47 for MSI/MSI-X
[    0.496993] pcieport 0000:00:16.0: setting latency timer to 64
[    0.497110] pcieport 0000:00:16.0: irq 48 for MSI/MSI-X
[    0.497227] pcieport 0000:00:16.1: setting latency timer to 64
[    0.497344] pcieport 0000:00:16.1: irq 49 for MSI/MSI-X
[    0.497461] pcieport 0000:00:16.2: setting latency timer to 64
[    0.497578] pcieport 0000:00:16.2: irq 50 for MSI/MSI-X
[    0.497695] pcieport 0000:00:16.3: setting latency timer to 64
[    0.497811] pcieport 0000:00:16.3: irq 51 for MSI/MSI-X
[    0.497928] pcieport 0000:00:16.4: setting latency timer to 64
[    0.498045] pcieport 0000:00:16.4: irq 52 for MSI/MSI-X
[    0.498162] pcieport 0000:00:16.5: setting latency timer to 64
[    0.498279] pcieport 0000:00:16.5: irq 53 for MSI/MSI-X
[    0.498396] pcieport 0000:00:16.6: setting latency timer to 64
[    0.498930] pcieport 0000:00:16.6: irq 54 for MSI/MSI-X
[    0.499047] pcieport 0000:00:16.7: setting latency timer to 64
[    0.499163] pcieport 0000:00:16.7: irq 55 for MSI/MSI-X
[    0.499280] pcieport 0000:00:17.0: setting latency timer to 64
[    0.499397] pcieport 0000:00:17.0: irq 56 for MSI/MSI-X
[    0.499514] pcieport 0000:00:17.1: setting latency timer to 64
[    0.499631] pcieport 0000:00:17.1: irq 57 for MSI/MSI-X
[    0.499748] pcieport 0000:00:17.2: setting latency timer to 64
[    0.499865] pcieport 0000:00:17.2: irq 58 for MSI/MSI-X
[    0.499982] pcieport 0000:00:17.3: setting latency timer to 64
[    0.500098] pcieport 0000:00:17.3: irq 59 for MSI/MSI-X
[    0.500215] pcieport 0000:00:17.4: setting latency timer to 64
[    0.500332] pcieport 0000:00:17.4: irq 60 for MSI/MSI-X
[    0.500449] pcieport 0000:00:17.5: setting latency timer to 64
[    0.500566] pcieport 0000:00:17.5: irq 61 for MSI/MSI-X
[    0.500683] pcieport 0000:00:17.6: setting latency timer to 64
[    0.500800] pcieport 0000:00:17.6: irq 62 for MSI/MSI-X
[    0.500917] pcieport 0000:00:17.7: setting latency timer to 64
[    0.501033] pcieport 0000:00:17.7: irq 63 for MSI/MSI-X
[    0.501150] pcieport 0000:00:18.0: setting latency timer to 64
[    0.501267] pcieport 0000:00:18.0: irq 64 for MSI/MSI-X
[    0.501384] pcieport 0000:00:18.1: setting latency timer to 64
[    0.501501] pcieport 0000:00:18.1: irq 65 for MSI/MSI-X
[    0.501618] pcieport 0000:00:18.2: setting latency timer to 64
[    0.501735] pcieport 0000:00:18.2: irq 66 for MSI/MSI-X
[    0.501852] pcieport 0000:00:18.3: setting latency timer to 64
[    0.501968] pcieport 0000:00:18.3: irq 67 for MSI/MSI-X
[    0.502085] pcieport 0000:00:18.4: setting latency timer to 64
[    0.502202] pcieport 0000:00:18.4: irq 68 for MSI/MSI-X
[    0.502319] pcieport 0000:00:18.5: setting latency timer to 64
[    0.502436] pcieport 0000:00:18.5: irq 69 for MSI/MSI-X
[    0.507013] pcieport 0000:00:18.6: setting latency timer to 64
[    0.507130] pcieport 0000:00:18.6: irq 70 for MSI/MSI-X
[    0.507247] pcieport 0000:00:18.7: setting latency timer to 64
[    0.507364] pcieport 0000:00:18.7: irq 71 for MSI/MSI-X
[    0.507481] pcieport 0000:00:15.0: Signaling PME through PCIe PME interrupt
[    0.507533] pcie_pme 0000:00:15.0:pcie01: service driver pcie_pme loaded
[    0.507650] pcieport 0000:00:15.1: Signaling PME through PCIe PME interrupt
[    0.507681] pcie_pme 0000:00:15.1:pcie01: service driver pcie_pme loaded
[    0.507798] pcieport 0000:00:15.2: Signaling PME through PCIe PME interrupt
[    0.507828] pcie_pme 0000:00:15.2:pcie01: service driver pcie_pme loaded
[    0.507945] pcieport 0000:00:15.3: Signaling PME through PCIe PME interrupt
[    0.507977] pcie_pme 0000:00:15.3:pcie01: service driver pcie_pme loaded
[    0.508094] pcieport 0000:00:15.4: Signaling PME through PCIe PME interrupt
[    0.508127] pcie_pme 0000:00:15.4:pcie01: service driver pcie_pme loaded
[    0.508243] pcieport 0000:00:15.5: Signaling PME through PCIe PME interrupt
[    0.508275] pcie_pme 0000:00:15.5:pcie01: service driver pcie_pme loaded
[    0.508392] pcieport 0000:00:15.6: Signaling PME through PCIe PME interrupt
[    0.508424] pcie_pme 0000:00:15.6:pcie01: service driver pcie_pme loaded
[    0.508541] pcieport 0000:00:15.7: Signaling PME through PCIe PME interrupt
[    0.508573] pcie_pme 0000:00:15.7:pcie01: service driver pcie_pme loaded
[    0.508690] pcieport 0000:00:16.0: Signaling PME through PCIe PME interrupt
[    0.508722] pcie_pme 0000:00:16.0:pcie01: service driver pcie_pme loaded
[    0.508839] pcieport 0000:00:16.1: Signaling PME through PCIe PME interrupt
[    0.508871] pcie_pme 0000:00:16.1:pcie01: service driver pcie_pme loaded
[    0.508988] pcieport 0000:00:16.2: Signaling PME through PCIe PME interrupt
[    0.509020] pcie_pme 0000:00:16.2:pcie01: service driver pcie_pme loaded
[    0.509137] pcieport 0000:00:16.3: Signaling PME through PCIe PME interrupt
[    0.509168] pcie_pme 0000:00:16.3:pcie01: service driver pcie_pme loaded
[    0.509285] pcieport 0000:00:16.4: Signaling PME through PCIe PME interrupt
[    0.509308] pcie_pme 0000:00:16.4:pcie01: service driver pcie_pme loaded
[    0.509415] pcieport 0000:00:16.5: Signaling PME through PCIe PME interrupt
[    0.509439] pcie_pme 0000:00:16.5:pcie01: service driver pcie_pme loaded
[    0.509546] pcieport 0000:00:16.6: Signaling PME through PCIe PME interrupt
[    0.509569] pcie_pme 0000:00:16.6:pcie01: service driver pcie_pme loaded
[    0.509677] pcieport 0000:00:16.7: Signaling PME through PCIe PME interrupt
[    0.509700] pcie_pme 0000:00:16.7:pcie01: service driver pcie_pme loaded
[    0.509807] pcieport 0000:00:17.0: Signaling PME through PCIe PME interrupt
[    0.509829] pcie_pme 0000:00:17.0:pcie01: service driver pcie_pme loaded
[    0.509936] pcieport 0000:00:17.1: Signaling PME through PCIe PME interrupt
[    0.509959] pcie_pme 0000:00:17.1:pcie01: service driver pcie_pme loaded
[    0.510066] pcieport 0000:00:17.2: Signaling PME through PCIe PME interrupt
[    0.510088] pcie_pme 0000:00:17.2:pcie01: service driver pcie_pme loaded
[    0.510205] pcieport 0000:00:17.3: Signaling PME through PCIe PME interrupt
[    0.510230] pcie_pme 0000:00:17.3:pcie01: service driver pcie_pme loaded
[    0.510338] pcieport 0000:00:17.4: Signaling PME through PCIe PME interrupt
[    0.510361] pcie_pme 0000:00:17.4:pcie01: service driver pcie_pme loaded
[    0.510468] pcieport 0000:00:17.5: Signaling PME through PCIe PME interrupt
[    0.510491] pcie_pme 0000:00:17.5:pcie01: service driver pcie_pme loaded
[    0.510599] pcieport 0000:00:17.6: Signaling PME through PCIe PME interrupt
[    0.510622] pcie_pme 0000:00:17.6:pcie01: service driver pcie_pme loaded
[    0.510729] pcieport 0000:00:17.7: Signaling PME through PCIe PME interrupt
[    0.510752] pcie_pme 0000:00:17.7:pcie01: service driver pcie_pme loaded
[    0.514990] pcieport 0000:00:18.0: Signaling PME through PCIe PME interrupt
[    0.515033] pcie_pme 0000:00:18.0:pcie01: service driver pcie_pme loaded
[    0.515149] pcieport 0000:00:18.1: Signaling PME through PCIe PME interrupt
[    0.515178] pcie_pme 0000:00:18.1:pcie01: service driver pcie_pme loaded
[    0.515295] pcieport 0000:00:18.2: Signaling PME through PCIe PME interrupt
[    0.515324] pcie_pme 0000:00:18.2:pcie01: service driver pcie_pme loaded
[    0.515440] pcieport 0000:00:18.3: Signaling PME through PCIe PME interrupt
[    0.515469] pcie_pme 0000:00:18.3:pcie01: service driver pcie_pme loaded
[    0.515586] pcieport 0000:00:18.4: Signaling PME through PCIe PME interrupt
[    0.515615] pcie_pme 0000:00:18.4:pcie01: service driver pcie_pme loaded
[    0.515732] pcieport 0000:00:18.5: Signaling PME through PCIe PME interrupt
[    0.515760] pcie_pme 0000:00:18.5:pcie01: service driver pcie_pme loaded
[    0.515877] pcieport 0000:00:18.6: Signaling PME through PCIe PME interrupt
[    0.515905] pcie_pme 0000:00:18.6:pcie01: service driver pcie_pme loaded
[    0.516022] pcieport 0000:00:18.7: Signaling PME through PCIe PME interrupt
[    0.516049] pcie_pme 0000:00:18.7:pcie01: service driver pcie_pme loaded
[    0.516081] pci_hotplug: PCI Hot Plug PCI Core version: 0.5
[    0.516198] pciehp 0000:00:15.0:pcie04: HPC vendor_id 15ad device_id 7a0 ss_vid 15ad ss_did 7a0
[    0.516276] pciehp 0000:00:15.0:pcie04: service driver pciehp loaded
[    0.516354] pciehp 0000:00:15.1:pcie04: HPC vendor_id 15ad device_id 7a0 ss_vid 15ad ss_did 7a0
[    0.516427] pciehp 0000:00:15.1:pcie04: service driver pciehp loaded
[    0.516507] pciehp 0000:00:15.2:pcie04: HPC vendor_id 15ad device_id 7a0 ss_vid 15ad ss_did 7a0
[    0.516581] pciehp 0000:00:15.2:pcie04: service driver pciehp loaded
[    0.516659] pciehp 0000:00:15.3:pcie04: HPC vendor_id 15ad device_id 7a0 ss_vid 15ad ss_did 7a0
[    0.516738] pciehp 0000:00:15.3:pcie04: service driver pciehp loaded
[    0.516815] pciehp 0000:00:15.4:pcie04: HPC vendor_id 15ad device_id 7a0 ss_vid 15ad ss_did 7a0
[    0.516888] pciehp 0000:00:15.4:pcie04: service driver pciehp loaded
[    0.516965] pciehp 0000:00:15.5:pcie04: HPC vendor_id 15ad device_id 7a0 ss_vid 15ad ss_did 7a0
[    0.517052] pciehp 0000:00:15.5:pcie04: service driver pciehp loaded
[    0.517129] pciehp 0000:00:15.6:pcie04: HPC vendor_id 15ad device_id 7a0 ss_vid 15ad ss_did 7a0
[    0.517202] pciehp 0000:00:15.6:pcie04: service driver pciehp loaded
[    0.517279] pciehp 0000:00:15.7:pcie04: HPC vendor_id 15ad device_id 7a0 ss_vid 15ad ss_did 7a0
[    0.517352] pciehp 0000:00:15.7:pcie04: service driver pciehp loaded
[    0.517430] pciehp 0000:00:16.0:pcie04: HPC vendor_id 15ad device_id 7a0 ss_vid 15ad ss_did 7a0
[    0.517502] pciehp 0000:00:16.0:pcie04: service driver pciehp loaded
[    0.517580] pciehp 0000:00:16.1:pcie04: HPC vendor_id 15ad device_id 7a0 ss_vid 15ad ss_did 7a0
[    0.517652] pciehp 0000:00:16.1:pcie04: service driver pciehp loaded
[    0.517730] pciehp 0000:00:16.2:pcie04: HPC vendor_id 15ad device_id 7a0 ss_vid 15ad ss_did 7a0
[    0.517802] pciehp 0000:00:16.2:pcie04: service driver pciehp loaded
[    0.517884] pciehp 0000:00:16.3:pcie04: HPC vendor_id 15ad device_id 7a0 ss_vid 15ad ss_did 7a0
[    0.517956] pciehp 0000:00:16.3:pcie04: service driver pciehp loaded
[    0.518045] pciehp 0000:00:16.4:pcie04: HPC vendor_id 15ad device_id 7a0 ss_vid 15ad ss_did 7a0
[    0.518118] pciehp 0000:00:16.4:pcie04: service driver pciehp loaded
[    0.518195] pciehp 0000:00:16.5:pcie04: HPC vendor_id 15ad device_id 7a0 ss_vid 15ad ss_did 7a0
[    0.518268] pciehp 0000:00:16.5:pcie04: service driver pciehp loaded
[    0.518345] pciehp 0000:00:16.6:pcie04: HPC vendor_id 15ad device_id 7a0 ss_vid 15ad ss_did 7a0
[    0.518418] pciehp 0000:00:16.6:pcie04: service driver pciehp loaded
[    0.518495] pciehp 0000:00:16.7:pcie04: HPC vendor_id 15ad device_id 7a0 ss_vid 15ad ss_did 7a0
[    0.518567] pciehp 0000:00:16.7:pcie04: service driver pciehp loaded
[    0.518646] pciehp 0000:00:17.0:pcie04: HPC vendor_id 15ad device_id 7a0 ss_vid 15ad ss_did 7a0
[    0.518721] pciehp 0000:00:17.0:pcie04: service driver pciehp loaded
[    0.518799] pciehp 0000:00:17.1:pcie04: HPC vendor_id 15ad device_id 7a0 ss_vid 15ad ss_did 7a0
[    0.518891] pciehp 0000:00:17.1:pcie04: service driver pciehp loaded
[    0.522967] pciehp 0000:00:17.2:pcie04: HPC vendor_id 15ad device_id 7a0 ss_vid 15ad ss_did 7a0
[    0.523030] pciehp 0000:00:17.2:pcie04: service driver pciehp loaded
[    0.523095] pciehp 0000:00:17.3:pcie04: HPC vendor_id 15ad device_id 7a0 ss_vid 15ad ss_did 7a0
[    0.523155] pciehp 0000:00:17.3:pcie04: service driver pciehp loaded
[    0.523218] pciehp 0000:00:17.4:pcie04: HPC vendor_id 15ad device_id 7a0 ss_vid 15ad ss_did 7a0
[    0.523278] pciehp 0000:00:17.4:pcie04: service driver pciehp loaded
[    0.523342] pciehp 0000:00:17.5:pcie04: HPC vendor_id 15ad device_id 7a0 ss_vid 15ad ss_did 7a0
[    0.523404] pciehp 0000:00:17.5:pcie04: service driver pciehp loaded
[    0.523468] pciehp 0000:00:17.6:pcie04: HPC vendor_id 15ad device_id 7a0 ss_vid 15ad ss_did 7a0
[    0.523530] pciehp 0000:00:17.6:pcie04: service driver pciehp loaded
[    0.523594] pciehp 0000:00:17.7:pcie04: HPC vendor_id 15ad device_id 7a0 ss_vid 15ad ss_did 7a0
[    0.523653] pciehp 0000:00:17.7:pcie04: service driver pciehp loaded
[    0.523716] pciehp 0000:00:18.0:pcie04: HPC vendor_id 15ad device_id 7a0 ss_vid 15ad ss_did 7a0
[    0.523778] pciehp 0000:00:18.0:pcie04: service driver pciehp loaded
[    0.523850] pciehp 0000:00:18.1:pcie04: HPC vendor_id 15ad device_id 7a0 ss_vid 15ad ss_did 7a0
[    0.523909] pciehp 0000:00:18.1:pcie04: service driver pciehp loaded
[    0.523972] pciehp 0000:00:18.2:pcie04: HPC vendor_id 15ad device_id 7a0 ss_vid 15ad ss_did 7a0
[    0.524031] pciehp 0000:00:18.2:pcie04: service driver pciehp loaded
[    0.524094] pciehp 0000:00:18.3:pcie04: HPC vendor_id 15ad device_id 7a0 ss_vid 15ad ss_did 7a0
[    0.524152] pciehp 0000:00:18.3:pcie04: service driver pciehp loaded
[    0.524219] pciehp 0000:00:18.4:pcie04: HPC vendor_id 15ad device_id 7a0 ss_vid 15ad ss_did 7a0
[    0.524277] pciehp 0000:00:18.4:pcie04: service driver pciehp loaded
[    0.524341] pciehp 0000:00:18.5:pcie04: HPC vendor_id 15ad device_id 7a0 ss_vid 15ad ss_did 7a0
[    0.524399] pciehp 0000:00:18.5:pcie04: service driver pciehp loaded
[    0.524462] pciehp 0000:00:18.6:pcie04: HPC vendor_id 15ad device_id 7a0 ss_vid 15ad ss_did 7a0
[    0.524521] pciehp 0000:00:18.6:pcie04: service driver pciehp loaded
[    0.524584] pciehp 0000:00:18.7:pcie04: HPC vendor_id 15ad device_id 7a0 ss_vid 15ad ss_did 7a0
[    0.524643] pciehp 0000:00:18.7:pcie04: service driver pciehp loaded
[    0.524650] pciehp: PCI Express Hot Plug Controller Driver version: 0.4
[    0.524767] ACPI: Deprecated procfs I/F for AC is loaded, please retry with CONFIG_ACPI_PROCFS_POWER cleared
[    0.524862] ACPI: AC Adapter [ACAD] (on-line)
[    0.524934] input: Power Button as /devices/LNXSYSTM:00/LNXPWRBN:00/input/input0
[    0.524938] ACPI: Power Button [PWRF]
[    0.546928] ERST: Table is not found!
[    0.546931] GHES: HEST is not enabled!
[    0.547031] Serial: 8250/16550 driver, 32 ports, IRQ sharing enabled
[    0.570855] serial8250: ttyS0 at I/O 0x3f8 (irq = 4) is a 16550A
[    0.570894] isapnp: Scanning for PnP cards...
[    0.662861] serial8250: ttyS1 at I/O 0x2f8 (irq = 3) is a 16550A
[    0.706650] 00:0a: ttyS0 at I/O 0x3f8 (irq = 4) is a 16550A
[    0.794641] 00:0b: ttyS1 at I/O 0x2f8 (irq = 3) is a 16550A
[    0.814696] Linux agpgart interface v0.103
[    0.814802] agpgart-intel 0000:00:00.0: Intel 440BX Chipset
[    0.814952] agpgart-intel 0000:00:00.0: AGP aperture is 256M @ 0x0
[    0.818481] brd: module loaded
[    0.862300] loop: module loaded
[    0.862301] ata_piix 0000:00:07.1: version 2.13
[    0.862474] scsi0 : ata_piix
[    0.862527] scsi1 : ata_piix
[    0.862554] ata1: PATA max UDMA/33 cmd 0x1f0 ctl 0x3f6 bmdma 0x10c0 irq 14
[    0.862556] ata2: PATA max UDMA/33 cmd 0x170 ctl 0x376 bmdma 0x10c8 irq 15
[    0.862676] Fixed MDIO Bus: probed
[    0.862691] tun: Universal TUN/TAP device driver, 1.6
[    0.862693] tun: (C) 1999-2004 Max Krasnyansky <maxk@qualcomm.com>
[    0.862744] PPP generic driver version 2.4.2
[    0.862803] ehci_hcd: USB 2.0 'Enhanced' Host Controller (EHCI) Driver
[    0.862831] ehci_hcd 0000:02:03.0: PCI INT A -> Link[LNKB] -> GSI 11 (level, low) -> IRQ 11
[    0.862879] ehci_hcd 0000:02:03.0: EHCI Host Controller
[    0.862917] ehci_hcd 0000:02:03.0: new USB bus registered, assigned bus number 1
[    0.863016] ehci_hcd 0000:02:03.0: cache line size of 32 is not supported
[    0.863023] ehci_hcd 0000:02:03.0: irq 11, io mem 0xc9000000
[    0.910110] ehci_hcd 0000:02:03.0: USB 2.0 started, EHCI 1.00
[    1.005756] hub 1-0:1.0: USB hub found
[    1.005762] hub 1-0:1.0: 6 ports detected
[    1.005814] ohci_hcd: USB 1.1 'Open' Host Controller (OHCI) Driver
[    1.005829] uhci_hcd: USB Universal Host Controller Interface driver
[    1.005869] uhci_hcd 0000:02:00.0: PCI INT A -> Link[LNKC] -> GSI 10 (level, low) -> IRQ 10
[    1.005906] uhci_hcd 0000:02:00.0: UHCI Host Controller
[    1.005950] uhci_hcd 0000:02:00.0: new USB bus registered, assigned bus number 2
[    1.006058] uhci_hcd 0000:02:00.0: irq 10, io base 0x000020c0
[    1.006222] hub 2-0:1.0: USB hub found
[    1.006225] hub 2-0:1.0: 2 ports detected
[    1.006277] usbcore: registered new interface driver libusual
[    1.006315] i8042: PNP: PS/2 Controller [PNP0303:KBC,PNP0f13:MOUS] at 0x60,0x64 irq 1,12
[    1.006646] serio: i8042 KBD port at 0x60,0x64 irq 1
[    1.006654] serio: i8042 AUX port at 0x60,0x64 irq 12
[    1.006755] mousedev: PS/2 mouse device common for all mice
[    1.038466] rtc_cmos 00:04: rtc core: registered rtc_cmos as rtc0
[    1.038485] rtc0: alarms up to one month, y3k, 114 bytes nvram, hpet irqs
[    1.038537] device-mapper: uevent: version 1.0.3
[    1.038589] device-mapper: ioctl: 4.22.0-ioctl (2011-10-19) initialised: dm-devel@redhat.com
[    1.038619] EISA: Probing bus 0 at eisa.0
[    1.038621] EISA: Cannot allocate resource for mainboard
[    1.038623] Cannot allocate resource for EISA slot 1
[    1.038625] Cannot allocate resource for EISA slot 2
[    1.038626] Cannot allocate resource for EISA slot 3
[    1.038628] Cannot allocate resource for EISA slot 4
[    1.038629] Cannot allocate resource for EISA slot 5
[    1.038631] Cannot allocate resource for EISA slot 6
[    1.038632] Cannot allocate resource for EISA slot 7
[    1.038634] Cannot allocate resource for EISA slot 8
[    1.038636] EISA: Detected 0 cards.
[    1.038643] cpufreq-nforce2: No nForce2 chipset.
[    1.038646] cpuidle: using governor ladder
[    1.038647] cpuidle: using governor menu
[    1.038649] EFI Variables Facility v0.08 2004-May-17
[    1.038701] TCP cubic registered
[    1.038753] NET: Registered protocol family 10
[    1.038804] NET: Registered protocol family 17
[    1.038810] Registering the dns_resolver key type
[    1.038824] Using IPI No-Shortcut mode
[    1.038891] PM: Hibernation image not present or could not be loaded.
[    1.038899] registered taskstats version 1
[    1.042294] input: AT Translated Set 2 keyboard as /devices/platform/i8042/serio0/input/input1
[    1.177553] isapnp: No Plug & Play device found
[    1.181968] Freeing initrd memory: 13836k freed
[    1.183282] ata2.00: ATAPI: VMware Virtual IDE CDROM Drive, 00000001, max UDMA/33
[    1.183594] ata2.00: configured for UDMA/33
[    1.183992] scsi 1:0:0:0: CD-ROM            NECVMWar VMware IDE CDR10 1.00 PQ: 0 ANSI: 5
[    1.184715] sr0: scsi3-mmc drive: 306x/306x cd/rw xa/form2 cdda tray
[    1.184719] cdrom: Uniform CD-ROM driver Revision: 3.20
[    1.184830] sr 1:0:0:0: Attached scsi CD-ROM sr0
[    1.184981] sr 1:0:0:0: Attached scsi generic sg0 type 5
[    1.189980]   Magic number: 13:459:328
[    1.190087] rtc_cmos 00:04: setting system clock to 2013-05-27 11:18:18 UTC (1369653498)
[    1.190098] BIOS EDD facility v0.16 2004-Jun-25, 0 devices found
[    1.190100] EDD information not available.
[    1.190187] Freeing unused kernel memory: 740k freed
[    1.190239] Write protecting the kernel text: 5816k
[    1.190248] Write protecting the kernel read-only data: 2376k
[    1.190250] NX-protecting the kernel data: 4424k
[    1.200444] udevd[85]: starting version 175
[    1.214257] VMware vmxnet3 virtual NIC driver - version 1.1.29.0-k-NAPI
[    1.218237] VMware PVSCSI driver - version 1.0.1.0-k
[    1.223107] VMware vmxnet virtual NIC driver
[    1.223159] ACPI: PCI Interrupt Link [LNKD] enabled at IRQ 5
[    1.223162] PCI: setting IRQ 5 as level-triggered
[    1.223168] vmxnet 0000:02:01.0: PCI INT A -> Link[LNKD] -> GSI 5 (level, low) -> IRQ 5
[    1.223220] Found vmxnet/PCI at 0x2024, irq 5.
[    1.223271] features:
[    1.223283] numRxBuffers = 100, numRxBuffers2 = 1
[    1.223335] vmxnet 0000:02:01.0: eth0: set_features() failed (-1); wanted 0x00004000, left 0x00004800
[    1.239843] Fusion MPT base driver 3.04.20
[    1.239846] Copyright (c) 1999-2008 LSI Corporation
[    1.240028] Fusion MPT SPI Host driver 3.04.20
[    1.240072] mptspi 0000:00:10.0: PCI INT A -> Link[LNKB] -> GSI 11 (level, low) -> IRQ 11
[    1.245907] mptbase: ioc0: Initiating bringup
[    1.259306] Floppy drive(s): fd0 is 1.44M
[    1.273972] FDC 0 is a post-1991 82077
[    1.317727] ioc0: LSI53C1030 B0: Capabilities={Initiator}
[    1.321672] usb 2-1: new full-speed USB device number 2 using uhci_hcd
[    1.453984] input: VMware VMware Virtual USB Mouse as /devices/pci0000:00/0000:00:11.0/0000:02:00.0/usb2/2-1/2-1:1.0/input/input2
[    1.454172] generic-usb 0003:0E0F:0003.0001: input,hidraw0: USB HID v1.10 Mouse [VMware VMware Virtual USB Mouse] on usb-0000:02:00.0-1/input0
[    1.454776] input: VMware VMware Virtual USB Mouse as /devices/pci0000:00/0000:00:11.0/0000:02:00.0/usb2/2-1/2-1:1.1/input/input3
[    1.454950] generic-usb 0003:0E0F:0003.0002: input,hidraw1: USB HID v1.10 Mouse [VMware VMware Virtual USB Mouse] on usb-0000:02:00.0-1/input1
[    1.455097] usbcore: registered new interface driver usbhid
[    1.455100] usbhid: USB HID core driver
[    1.477533] scsi2 : ioc0: LSI53C1030 B0, FwRev=01032920h, Ports=1, MaxQ=128, IRQ=11
[    1.561617] usb 2-2: new full-speed USB device number 3 using uhci_hcd
[    1.590157] scsi 2:0:0:0: Direct-Access     VMware,  VMware Virtual S 1.0  PQ: 0 ANSI: 2
[    1.590166] scsi target2:0:0: Beginning Domain Validation
[    1.590841] scsi target2:0:0: Domain Validation skipping write tests
[    1.590844] scsi target2:0:0: Ending Domain Validation
[    1.590898] scsi target2:0:0: FAST-40 WIDE SCSI 80.0 MB/s ST (25 ns, offset 127)
[    1.593352] sd 2:0:0:0: [sda] 41943040 512-byte logical blocks: (21.4 GB/20.0 GiB)
[    1.593411] sd 2:0:0:0: [sda] Write Protect is off
[    1.593414] sd 2:0:0:0: [sda] Mode Sense: 61 00 00 00
[    1.593488] sd 2:0:0:0: [sda] Cache data unavailable
[    1.593491] sd 2:0:0:0: [sda] Assuming drive cache: write through
[    1.593785] sd 2:0:0:0: [sda] Cache data unavailable
[    1.593787] sd 2:0:0:0: [sda] Assuming drive cache: write through
[    1.594492] sd 2:0:0:0: Attached scsi generic sg1 type 0
[    1.595134]  sda: sda1 sda2 < sda5 >
[    1.595490] sd 2:0:0:0: [sda] Cache data unavailable
[    1.595492] sd 2:0:0:0: [sda] Assuming drive cache: write through
[    1.595494] sd 2:0:0:0: [sda] Attached SCSI disk
[    1.630537] EXT4-fs (sda1): INFO: recovery required on readonly filesystem
[    1.630540] EXT4-fs (sda1): write access will be enabled during recovery
[    1.701271] hub 2-2:1.0: USB hub found
[    1.703450] hub 2-2:1.0: 7 ports detected
[    1.730566] EXT4-fs (sda1): recovery complete
[    1.731100] EXT4-fs (sda1): mounted filesystem with ordered data mode. Opts: (null)
[    3.137109] ADDRCONF(NETDEV_UP): eth0: link is not ready
[    3.145104] udevd[329]: starting version 175
[    3.182741] Adding 1046524k swap on /dev/sda5.  Priority:-1 extents:1 across:1046524k 
[    3.199890] lp: driver loaded but no devices found
[    3.262279] shpchp: Standard Hot Plug PCI Controller Driver version: 0.4
[    3.273471] EXT4-fs (sda1): re-mounted. Opts: errors=remount-ro
[    3.278634] [377]: VMCI: shared components initialized.
[    3.278660] Probing for vmci/PCI.
[    3.278883] ACPI: PCI Interrupt Link [LNKA] enabled at IRQ 9
[    3.278887] PCI: setting IRQ 9 as level-triggered
[    3.278893] vmci 0000:00:07.7: PCI INT A -> Link[LNKA] -> GSI 9 (level, low) -> IRQ 9
[    3.278942] Found vmci/PCI at 0x1080, irq 9.
[    3.278981] VMCI: using capabilities 0xc.
[    3.279063] [377]: VMCI: Host capability check passed.
[    3.279233] vmci 0000:00:07.7: irq 72 for MSI/MSI-X
[    3.279272] vmci 0000:00:07.7: irq 73 for MSI/MSI-X
[    3.279442] Registered vmci device.
[    3.291729] piix4_smbus 0000:00:07.3: Host SMBus controller not enabled!
[    3.321408] [377]: VMCI: Using guest personality
[    3.321413] [377]: VMCI: host components initialized.
[    3.322320] [377]: VMCI: Module registered (name=vmci,major=10,minor=57).
[    3.322323] [377]: VMCI: Using host personality
[    3.322325] [377]: VMCI: Module (name=vmci) is initialized
[    3.379792] Bluetooth: Core ver 2.16
[    3.380679] NET: Registered protocol family 31
[    3.380682] Bluetooth: HCI device and connection manager initialized
[    3.380685] Bluetooth: HCI socket layer initialized
[    3.380686] Bluetooth: L2CAP socket layer initialized
[    3.380691] Bluetooth: SCO socket layer initialized
[    3.396172] Bluetooth: BNEP (Ethernet Emulation) ver 1.3
[    3.396176] Bluetooth: BNEP filters: protocol multicast
[    3.400537] ppdev: user-space parallel port driver
[    3.401143] parport_pc 00:09: reported by Plug and Play ACPI
[    3.401314] parport0: PC-style at 0x378, irq 7 [PCSPP,TRISTATE]
[    3.413903] Bluetooth: RFCOMM TTY layer initialized
[    3.413908] Bluetooth: RFCOMM socket layer initialized
[    3.413909] Bluetooth: RFCOMM ver 1.11
[    3.498956] lp0: using parport0 (interrupt-driven).
[    3.507484] type=1400 audit(1369653500.816:2): apparmor="STATUS" operation="profile_load" name="/usr/lib/cups/backend/cups-pdf" pid=580 comm="apparmor_parser"
[    3.508191] type=1400 audit(1369653500.816:3): apparmor="STATUS" operation="profile_load" name="/usr/sbin/cupsd" pid=580 comm="apparmor_parser"
[    3.570592] type=1400 audit(1369653500.880:4): apparmor="STATUS" operation="profile_load" name="/sbin/dhclient" pid=602 comm="apparmor_parser"
[    3.570774] type=1400 audit(1369653500.880:5): apparmor="STATUS" operation="profile_load" name="/usr/lib/NetworkManager/nm-dhcp-client.action" pid=602 comm="apparmor_parser"
[    3.570945] type=1400 audit(1369653500.880:6): apparmor="STATUS" operation="profile_load" name="/usr/lib/connman/scripts/dhclient-script" pid=602 comm="apparmor_parser"
[    3.786242] input: ImPS/2 Generic Wheel Mouse as /devices/platform/i8042/serio1/input/input4
[    3.825752] init: failsafe main process (667) killed by TERM signal
[    3.860739] snd_ens1371 0000:02:02.0: PCI INT A -> Link[LNKA] -> GSI 9 (level, low) -> IRQ 9
[    3.898065] type=1400 audit(1369653501.208:7): apparmor="STATUS" operation="profile_load" name="/usr/lib/lightdm/lightdm/lightdm-guest-session-wrapper" pid=769 comm="apparmor_parser"
[    3.901204] type=1400 audit(1369653501.208:8): apparmor="STATUS" operation="profile_replace" name="/sbin/dhclient" pid=770 comm="apparmor_parser"
[    3.903450] type=1400 audit(1369653501.212:9): apparmor="STATUS" operation="profile_replace" name="/usr/lib/NetworkManager/nm-dhcp-client.action" pid=770 comm="apparmor_parser"
[    3.903620] type=1400 audit(1369653501.212:10): apparmor="STATUS" operation="profile_replace" name="/usr/lib/connman/scripts/dhclient-script" pid=770 comm="apparmor_parser"
[    4.092006] init: alsa-restore main process (847) terminated with status 19
