[    0.000000] Initializing cgroup subsys cpuset
[    0.000000] Initializing cgroup subsys cpu
[    0.000000] Linux version 3.2.0-29-generic-pae (buildd@roseapple) (gcc version 4.6.3 (Ubuntu/Linaro 4.6.3-1ubuntu5) ) #46-Ubuntu SMP Fri Jul 27 17:25:43 UTC 2012 (Ubuntu 3.2.0-29.46-generic-pae 3.2.24)
[    0.000000] KERNEL supported cpus:
[    0.000000]   Intel GenuineIntel
[    0.000000]   AMD AuthenticAMD
[    0.000000]   NSC Geode by NSC
[    0.000000]   Cyrix CyrixInstead
[    0.000000]   Centaur CentaurHauls
[    0.000000]   Transmeta GenuineTMx86
[    0.000000]   Transmeta TransmetaCPU
[    0.000000]   UMC UMC UMC UMC
[    0.000000] Disabled fast string operations
[    0.000000] BIOS-provided physical RAM map:
[    0.000000]  BIOS-e820: 0000000000000000 - 000000000009f000 (usable)
[    0.000000]  BIOS-e820: 000000000009f000 - 00000000000a0000 (reserved)
[    0.000000]  BIOS-e820: 00000000000ca000 - 00000000000cc000 (reserved)
[    0.000000]  BIOS-e820: 00000000000dc000 - 0000000000100000 (reserved)
[    0.000000]  BIOS-e820: 0000000000100000 - 000000003fee0000 (usable)
[    0.000000]  BIOS-e820: 000000003fee0000 - 000000003feff000 (ACPI data)
[    0.000000]  BIOS-e820: 000000003feff000 - 000000003ff00000 (ACPI NVS)
[    0.000000]  BIOS-e820: 000000003ff00000 - 0000000040000000 (usable)
[    0.000000]  BIOS-e820: 00000000e0000000 - 00000000f0000000 (reserved)
[    0.000000]  BIOS-e820: 00000000fec00000 - 00000000fec10000 (reserved)
[    0.000000]  BIOS-e820: 00000000fee00000 - 00000000fee01000 (reserved)
[    0.000000]  BIOS-e820: 00000000fffe0000 - 0000000100000000 (reserved)
[    0.000000] NX (Execute Disable) protection: active
[    0.000000] DMI present.
[    0.000000] DMI: VMware, Inc. VMware Virtual Platform/440BX Desktop Reference Platform, BIOS 6.00 07/02/2012
[    0.000000] Hypervisor detected: VMware
[    0.000000] e820 update range: 0000000000000000 - 0000000000010000 (usable) ==> (reserved)
[    0.000000] e820 remove range: 00000000000a0000 - 0000000000100000 (usable)
[    0.000000] last_pfn = 0x40000 max_arch_pfn = 0x1000000
[    0.000000] MTRR default type: uncachable
[    0.000000] MTRR fixed ranges enabled:
[    0.000000]   00000-9FFFF write-back
[    0.000000]   A0000-BFFFF uncachable
[    0.000000]   C0000-CBFFF write-protect
[    0.000000]   CC000-EFFFF uncachable
[    0.000000]   F0000-FFFFF write-protect
[    0.000000] MTRR variable ranges enabled:
[    0.000000]   0 base 0000000000 mask FFC0000000 write-back
[    0.000000]   1 disabled
[    0.000000]   2 disabled
[    0.000000]   3 disabled
[    0.000000]   4 disabled
[    0.000000]   5 disabled
[    0.000000]   6 disabled
[    0.000000]   7 disabled
[    0.000000] x86 PAT enabled: cpu 0, old 0x0, new 0x7010600070106
[    0.000000] found SMP MP-table at [c00f6bf0] f6bf0
[    0.000000] initial memory mapped : 0 - 02000000
[    0.000000] Base memory trampoline at [c009b000] 9b000 size 16384
[    0.000000] init_memory_mapping: 0000000000000000-0000000037bfe000
[    0.000000]  0000000000 - 0000200000 page 4k
[    0.000000]  0000200000 - 0037a00000 page 2M
[    0.000000]  0037a00000 - 0037bfe000 page 4k
[    0.000000] kernel direct mapping tables up to 37bfe000 @ 1ffb000-2000000
[    0.000000] RAMDISK: 364ea000 - 3726d000
[    0.000000] ACPI: RSDP 000f6b80 00024 (v02 PTLTD )
[    0.000000] ACPI: XSDT 3feed636 0005C (v01 INTEL  440BX    06040000 VMW  01324272)
[    0.000000] ACPI: FACP 3fefee98 000F4 (v04 INTEL  440BX    06040000 PTL  000F4240)
[    0.000000] ACPI: DSDT 3feee366 10B32 (v01 PTLTD  Custom   06040000 MSFT 03000001)
[    0.000000] ACPI: FACS 3fefffc0 00040
[    0.000000] ACPI: BOOT 3feee33e 00028 (v01 PTLTD  $SBFTBL$ 06040000  LTP 00000001)
[    0.000000] ACPI: APIC 3feedc3e 003C2 (v01 PTLTD  ? APIC   06040000  LTP 00000000)
[    0.000000] ACPI: MCFG 3feedc02 0003C (v01 PTLTD  $PCITBL$ 06040000  LTP 00000001)
[    0.000000] ACPI: SRAT 3feed732 004D0 (v02 VMWARE MEMPLUG  06040000 VMW  00000001)
[    0.000000] ACPI: HPET 3feed6fa 00038 (v01 VMWARE VMW HPET 06040000 VMW  00000001)
[    0.000000] ACPI: WAET 3feed6d2 00028 (v01 VMWARE VMW WAET 06040000 VMW  00000001)
[    0.000000] ACPI: Local APIC address 0xfee00000
[    0.000000] 132MB HIGHMEM available.
[    0.000000] 891MB LOWMEM available.
[    0.000000]   mapped low ram: 0 - 37bfe000
[    0.000000]   low ram: 0 - 37bfe000
[    0.000000] Zone PFN ranges:
[    0.000000]   DMA      0x00000010 -> 0x00001000
[    0.000000]   Normal   0x00001000 -> 0x00037bfe
[    0.000000]   HighMem  0x00037bfe -> 0x00040000
[    0.000000] Movable zone start PFN for each node
[    0.000000] early_node_map[3] active PFN ranges
[    0.000000]     0: 0x00000010 -> 0x0000009f
[    0.000000]     0: 0x00000100 -> 0x0003fee0
[    0.000000]     0: 0x0003ff00 -> 0x00040000
[    0.000000] On node 0 totalpages: 261999
[    0.000000] free_area_init_node: node 0, pgdat c1866a40, node_mem_map f73fd200
[    0.000000]   DMA zone: 32 pages used for memmap
[    0.000000]   DMA zone: 0 pages reserved
[    0.000000]   DMA zone: 3951 pages, LIFO batch:0
[    0.000000]   Normal zone: 1752 pages used for memmap
[    0.000000]   Normal zone: 222502 pages, LIFO batch:31
[    0.000000]   HighMem zone: 265 pages used for memmap
[    0.000000]   HighMem zone: 33497 pages, LIFO batch:7
[    0.000000] Using APIC driver default
[    0.000000] ACPI: PM-Timer IO Port: 0x1008
[    0.000000] ACPI: Local APIC address 0xfee00000
[    0.000000] ACPI: LAPIC (acpi_id[0x00] lapic_id[0x00] enabled)
[    0.000000] ACPI: LAPIC (acpi_id[0x01] lapic_id[0x02] disabled)
[    0.000000] ACPI: LAPIC (acpi_id[0x02] lapic_id[0x04] disabled)
[    0.000000] ACPI: LAPIC (acpi_id[0x03] lapic_id[0x06] disabled)
[    0.000000] ACPI: LAPIC (acpi_id[0x04] lapic_id[0x08] disabled)
[    0.000000] ACPI: LAPIC (acpi_id[0x05] lapic_id[0x0a] disabled)
[    0.000000] ACPI: LAPIC (acpi_id[0x06] lapic_id[0x0c] disabled)
[    0.000000] ACPI: LAPIC (acpi_id[0x07] lapic_id[0x0e] disabled)
[    0.000000] ACPI: LAPIC (acpi_id[0x08] lapic_id[0x10] disabled)
[    0.000000] ACPI: LAPIC (acpi_id[0x09] lapic_id[0x12] disabled)
[    0.000000] ACPI: LAPIC (acpi_id[0x0a] lapic_id[0x14] disabled)
[    0.000000] ACPI: LAPIC (acpi_id[0x0b] lapic_id[0x16] disabled)
[    0.000000] ACPI: LAPIC (acpi_id[0x0c] lapic_id[0x18] disabled)
[    0.000000] ACPI: LAPIC (acpi_id[0x0d] lapic_id[0x1a] disabled)
[    0.000000] ACPI: LAPIC (acpi_id[0x0e] lapic_id[0x1c] disabled)
[    0.000000] ACPI: LAPIC (acpi_id[0x0f] lapic_id[0x1e] disabled)
[    0.000000] ACPI: LAPIC (acpi_id[0x10] lapic_id[0x20] disabled)
[    0.000000] ACPI: LAPIC (acpi_id[0x11] lapic_id[0x22] disabled)
[    0.000000] ACPI: LAPIC (acpi_id[0x12] lapic_id[0x24] disabled)
[    0.000000] ACPI: LAPIC (acpi_id[0x13] lapic_id[0x26] disabled)
[    0.000000] ACPI: LAPIC (acpi_id[0x14] lapic_id[0x28] disabled)
[    0.000000] ACPI: LAPIC (acpi_id[0x15] lapic_id[0x2a] disabled)
[    0.000000] ACPI: LAPIC (acpi_id[0x16] lapic_id[0x2c] disabled)
[    0.000000] ACPI: LAPIC (acpi_id[0x17] lapic_id[0x2e] disabled)
[    0.000000] ACPI: LAPIC (acpi_id[0x18] lapic_id[0x30] disabled)
[    0.000000] ACPI: LAPIC (acpi_id[0x19] lapic_id[0x32] disabled)
[    0.000000] ACPI: LAPIC (acpi_id[0x1a] lapic_id[0x34] disabled)
[    0.000000] ACPI: LAPIC (acpi_id[0x1b] lapic_id[0x36] disabled)
[    0.000000] ACPI: LAPIC (acpi_id[0x1c] lapic_id[0x38] disabled)
[    0.000000] ACPI: LAPIC (acpi_id[0x1d] lapic_id[0x3a] disabled)
[    0.000000] ACPI: LAPIC (acpi_id[0x1e] lapic_id[0x3c] disabled)
[    0.000000] ACPI: LAPIC (acpi_id[0x1f] lapic_id[0x3e] disabled)
[    0.000000] ACPI: LAPIC (acpi_id[0x20] lapic_id[0x40] disabled)
[    0.000000] ACPI: LAPIC (acpi_id[0x21] lapic_id[0x42] disabled)
[    0.000000] ACPI: LAPIC (acpi_id[0x22] lapic_id[0x44] disabled)
[    0.000000] ACPI: LAPIC (acpi_id[0x23] lapic_id[0x46] disabled)
[    0.000000] ACPI: LAPIC (acpi_id[0x24] lapic_id[0x48] disabled)
[    0.000000] ACPI: LAPIC (acpi_id[0x25] lapic_id[0x4a] disabled)
[    0.000000] ACPI: LAPIC (acpi_id[0x26] lapic_id[0x4c] disabled)
[    0.000000] ACPI: LAPIC (acpi_id[0x27] lapic_id[0x4e] disabled)
[    0.000000] ACPI: LAPIC (acpi_id[0x28] lapic_id[0x50] disabled)
[    0.000000] ACPI: LAPIC (acpi_id[0x29] lapic_id[0x52] disabled)
[    0.000000] ACPI: LAPIC (acpi_id[0x2a] lapic_id[0x54] disabled)
[    0.000000] ACPI: LAPIC (acpi_id[0x2b] lapic_id[0x56] disabled)
[    0.000000] ACPI: LAPIC (acpi_id[0x2c] lapic_id[0x58] disabled)
[    0.000000] ACPI: LAPIC (acpi_id[0x2d] lapic_id[0x5a] disabled)
[    0.000000] ACPI: LAPIC (acpi_id[0x2e] lapic_id[0x5c] disabled)
[    0.000000] ACPI: LAPIC (acpi_id[0x2f] lapic_id[0x5e] disabled)
[    0.000000] ACPI: LAPIC (acpi_id[0x30] lapic_id[0x60] disabled)
[    0.000000] ACPI: LAPIC (acpi_id[0x31] lapic_id[0x62] disabled)
[    0.000000] ACPI: LAPIC (acpi_id[0x32] lapic_id[0x64] disabled)
[    0.000000] ACPI: LAPIC (acpi_id[0x33] lapic_id[0x66] disabled)
[    0.000000] ACPI: LAPIC (acpi_id[0x34] lapic_id[0x68] disabled)
[    0.000000] ACPI: LAPIC (acpi_id[0x35] lapic_id[0x6a] disabled)
[    0.000000] ACPI: LAPIC (acpi_id[0x36] lapic_id[0x6c] disabled)
[    0.000000] ACPI: LAPIC (acpi_id[0x37] lapic_id[0x6e] disabled)
[    0.000000] ACPI: LAPIC (acpi_id[0x38] lapic_id[0x70] disabled)
[    0.000000] ACPI: LAPIC (acpi_id[0x39] lapic_id[0x72] disabled)
[    0.000000] ACPI: LAPIC (acpi_id[0x3a] lapic_id[0x74] disabled)
[    0.000000] ACPI: LAPIC (acpi_id[0x3b] lapic_id[0x76] disabled)
[    0.000000] ACPI: LAPIC (acpi_id[0x3c] lapic_id[0x78] disabled)
[    0.000000] ACPI: LAPIC (acpi_id[0x3d] lapic_id[0x7a] disabled)
[    0.000000] ACPI: LAPIC (acpi_id[0x3e] lapic_id[0x7c] disabled)
[    0.000000] ACPI: LAPIC (acpi_id[0x3f] lapic_id[0x7e] disabled)
[    0.000000] ACPI: LAPIC_NMI (acpi_id[0x00] high edge lint[0x1])
[    0.000000] ACPI: LAPIC_NMI (acpi_id[0x01] high edge lint[0x1])
[    0.000000] ACPI: LAPIC_NMI (acpi_id[0x02] high edge lint[0x1])
[    0.000000] ACPI: LAPIC_NMI (acpi_id[0x03] high edge lint[0x1])
[    0.000000] ACPI: LAPIC_NMI (acpi_id[0x04] high edge lint[0x1])
[    0.000000] ACPI: LAPIC_NMI (acpi_id[0x05] high edge lint[0x1])
[    0.000000] ACPI: LAPIC_NMI (acpi_id[0x06] high edge lint[0x1])
[    0.000000] ACPI: LAPIC_NMI (acpi_id[0x07] high edge lint[0x1])
[    0.000000] ACPI: LAPIC_NMI (acpi_id[0x08] high edge lint[0x1])
[    0.000000] ACPI: LAPIC_NMI (acpi_id[0x09] high edge lint[0x1])
[    0.000000] ACPI: LAPIC_NMI (acpi_id[0x0a] high edge lint[0x1])
[    0.000000] ACPI: LAPIC_NMI (acpi_id[0x0b] high edge lint[0x1])
[    0.000000] ACPI: LAPIC_NMI (acpi_id[0x0c] high edge lint[0x1])
[    0.000000] ACPI: LAPIC_NMI (acpi_id[0x0d] high edge lint[0x1])
[    0.000000] ACPI: LAPIC_NMI (acpi_id[0x0e] high edge lint[0x1])
[    0.000000] ACPI: LAPIC_NMI (acpi_id[0x0f] high edge lint[0x1])
[    0.000000] ACPI: LAPIC_NMI (acpi_id[0x10] high edge lint[0x1])
[    0.000000] ACPI: LAPIC_NMI (acpi_id[0x11] high edge lint[0x1])
[    0.000000] ACPI: LAPIC_NMI (acpi_id[0x12] high edge lint[0x1])
[    0.000000] ACPI: LAPIC_NMI (acpi_id[0x13] high edge lint[0x1])
[    0.000000] ACPI: LAPIC_NMI (acpi_id[0x14] high edge lint[0x1])
[    0.000000] ACPI: LAPIC_NMI (acpi_id[0x15] high edge lint[0x1])
[    0.000000] ACPI: LAPIC_NMI (acpi_id[0x16] high edge lint[0x1])
[    0.000000] ACPI: LAPIC_NMI (acpi_id[0x17] high edge lint[0x1])
[    0.000000] ACPI: LAPIC_NMI (acpi_id[0x18] high edge lint[0x1])
[    0.000000] ACPI: LAPIC_NMI (acpi_id[0x19] high edge lint[0x1])
[    0.000000] ACPI: LAPIC_NMI (acpi_id[0x1a] high edge lint[0x1])
[    0.000000] ACPI: LAPIC_NMI (acpi_id[0x1b] high edge lint[0x1])
[    0.000000] ACPI: LAPIC_NMI (acpi_id[0x1c] high edge lint[0x1])
[    0.000000] ACPI: LAPIC_NMI (acpi_id[0x1d] high edge lint[0x1])
[    0.000000] ACPI: LAPIC_NMI (acpi_id[0x1e] high edge lint[0x1])
[    0.000000] ACPI: LAPIC_NMI (acpi_id[0x1f] high edge lint[0x1])
[    0.000000] ACPI: LAPIC_NMI (acpi_id[0x20] high edge lint[0x1])
[    0.000000] ACPI: LAPIC_NMI (acpi_id[0x21] high edge lint[0x1])
[    0.000000] ACPI: LAPIC_NMI (acpi_id[0x22] high edge lint[0x1])
[    0.000000] ACPI: LAPIC_NMI (acpi_id[0x23] high edge lint[0x1])
[    0.000000] ACPI: LAPIC_NMI (acpi_id[0x24] high edge lint[0x1])
[    0.000000] ACPI: LAPIC_NMI (acpi_id[0x25] high edge lint[0x1])
[    0.000000] ACPI: LAPIC_NMI (acpi_id[0x26] high edge lint[0x1])
[    0.000000] ACPI: LAPIC_NMI (acpi_id[0x27] high edge lint[0x1])
[    0.000000] ACPI: LAPIC_NMI (acpi_id[0x28] high edge lint[0x1])
[    0.000000] ACPI: LAPIC_NMI (acpi_id[0x29] high edge lint[0x1])
[    0.000000] ACPI: LAPIC_NMI (acpi_id[0x2a] high edge lint[0x1])
[    0.000000] ACPI: LAPIC_NMI (acpi_id[0x2b] high edge lint[0x1])
[    0.000000] ACPI: LAPIC_NMI (acpi_id[0x2c] high edge lint[0x1])
[    0.000000] ACPI: LAPIC_NMI (acpi_id[0x2d] high edge lint[0x1])
[    0.000000] ACPI: LAPIC_NMI (acpi_id[0x2e] high edge lint[0x1])
[    0.000000] ACPI: LAPIC_NMI (acpi_id[0x2f] high edge lint[0x1])
[    0.000000] ACPI: LAPIC_NMI (acpi_id[0x30] high edge lint[0x1])
[    0.000000] ACPI: LAPIC_NMI (acpi_id[0x31] high edge lint[0x1])
[    0.000000] ACPI: LAPIC_NMI (acpi_id[0x32] high edge lint[0x1])
[    0.000000] ACPI: LAPIC_NMI (acpi_id[0x33] high edge lint[0x1])
[    0.000000] ACPI: LAPIC_NMI (acpi_id[0x34] high edge lint[0x1])
[    0.000000] ACPI: LAPIC_NMI (acpi_id[0x35] high edge lint[0x1])
[    0.000000] ACPI: LAPIC_NMI (acpi_id[0x36] high edge lint[0x1])
[    0.000000] ACPI: LAPIC_NMI (acpi_id[0x37] high edge lint[0x1])
[    0.000000] ACPI: LAPIC_NMI (acpi_id[0x38] high edge lint[0x1])
[    0.000000] ACPI: LAPIC_NMI (acpi_id[0x39] high edge lint[0x1])
[    0.000000] ACPI: LAPIC_NMI (acpi_id[0x3a] high edge lint[0x1])
[    0.000000] ACPI: LAPIC_NMI (acpi_id[0x3b] high edge lint[0x1])
[    0.000000] ACPI: LAPIC_NMI (acpi_id[0x3c] high edge lint[0x1])
[    0.000000] ACPI: LAPIC_NMI (acpi_id[0x3d] high edge lint[0x1])
[    0.000000] ACPI: LAPIC_NMI (acpi_id[0x3e] high edge lint[0x1])
[    0.000000] ACPI: LAPIC_NMI (acpi_id[0x3f] high edge lint[0x1])
[    0.000000] ACPI: Skipping IOAPIC probe due to 'noapic' option.
[    0.000000] Using ACPI for processor (LAPIC) configuration information
[    0.000000] ACPI: HPET id: 0x8086af01 base: 0xfed00000
[    0.000000] Intel MultiProcessor Specification v1.4
[    0.000000]     Virtual Wire compatibility mode.
[    0.000000] MPTABLE: OEM ID: INTEL   
[    0.000000] MPTABLE: Product ID: 440BX       
[    0.000000] MPTABLE: APIC at: 0xFEE00000
[    0.000000] IOAPIC[0]: apic_id 1, version 17, address 0xfec00000, GSI 0-23
[    0.000000] Processors: 1
[    0.000000] SMP: Allowing 1 CPUs, 0 hotplug CPUs
[    0.000000] nr_irqs_gsi: 40
[    0.000000] PM: Registered nosave memory: 000000000009f000 - 00000000000a0000
[    0.000000] PM: Registered nosave memory: 00000000000a0000 - 00000000000ca000
[    0.000000] PM: Registered nosave memory: 00000000000ca000 - 00000000000cc000
[    0.000000] PM: Registered nosave memory: 00000000000cc000 - 00000000000dc000
[    0.000000] PM: Registered nosave memory: 00000000000dc000 - 0000000000100000
[    0.000000] Allocating PCI resources starting at 40000000 (gap: 40000000:a0000000)
[    0.000000] Booting paravirtualized kernel on bare hardware
[    0.000000] setup_percpu: NR_CPUS:8 nr_cpumask_bits:8 nr_cpu_ids:1 nr_node_ids:1
[    0.000000] PERCPU: Embedded 14 pages/cpu @f73e8000 s34240 r0 d23104 u57344
[    0.000000] pcpu-alloc: s34240 r0 d23104 u57344 alloc=14*4096
[    0.000000] pcpu-alloc: [0] 0 
[    0.000000] Built 1 zonelists in Zone order, mobility grouping on.  Total pages: 259950
[    0.000000] Kernel command line: BOOT_IMAGE=/boot/vmlinuz-3.2.0-29-generic-pae root=UUID=007b598c-390d-4c65-84a1-4ff752d48633 ro quiet splash maxcpus=0
[    0.000000] PID hash table entries: 4096 (order: 2, 16384 bytes)
[    0.000000] Dentry cache hash table entries: 131072 (order: 7, 524288 bytes)
[    0.000000] Inode-cache hash table entries: 65536 (order: 6, 262144 bytes)
[    0.000000] Initializing CPU#0
[    0.000000] xsave/xrstor: enabled xstate_bv 0x7, cntxt size 0x340
[    0.000000] allocated 4194048 bytes of page_cgroup
[    0.000000] please try 'cgroup_disable=memory' option if you don't want memory cgroups
[    0.000000] Initializing HighMem for node 0 (00037bfe:00040000)
[    0.000000] Memory: 1010624k/1048576k available (5814k kernel code, 37372k reserved, 2841k data, 740k init, 135048k highmem)
[    0.000000] virtual kernel memory layout:
[    0.000000]     fixmap  : 0xfff16000 - 0xfffff000   ( 932 kB)
[    0.000000]     pkmap   : 0xffc00000 - 0xffe00000   (2048 kB)
[    0.000000]     vmalloc : 0xf83fe000 - 0xffbfe000   ( 120 MB)
[    0.000000]     lowmem  : 0xc0000000 - 0xf7bfe000   ( 891 MB)
[    0.000000]       .init : 0xc1875000 - 0xc192e000   ( 740 kB)
[    0.000000]       .data : 0xc15adb64 - 0xc1874240   (2841 kB)
[    0.000000]       .text : 0xc1000000 - 0xc15adb64   (5814 kB)
[    0.000000] Checking if this processor honours the WP bit even in supervisor mode...Ok.
[    0.000000] SLUB: Genslabs=15, HWalign=64, Order=0-3, MinObjects=0, CPUs=1, Nodes=1
[    0.000000] Hierarchical RCU implementation.
[    0.000000] 	RCU dyntick-idle grace-period acceleration is enabled.
[    0.000000] NR_IRQS:2304 nr_irqs:256 16
[    0.000000] CPU 0 irqstacks, hard=f5c08000 soft=f5c0a000
[    0.000000] Extended CMOS year: 2000
[    0.000000] Console: colour VGA+ 80x25
[    0.000000] console [tty0] enabled
[    0.000000] hpet clockevent registered
[    0.000000] TSC freq read from hypervisor : 2394.620 MHz
[    0.000000] Detected 2394.620 MHz processor.
[    0.000001] Calibrating delay loop (skipped) preset value.. 4789.24 BogoMIPS (lpj=9578480)
[    0.000003] pid_max: default: 32768 minimum: 301
[    0.000018] Security Framework initialized
[    0.000031] AppArmor: AppArmor initialized
[    0.000033] Yama: becoming mindful.
[    0.000068] Mount-cache hash table entries: 512
[    0.000145] Initializing cgroup subsys cpuacct
[    0.000149] Initializing cgroup subsys memory
[    0.000153] Initializing cgroup subsys devices
[    0.000155] Initializing cgroup subsys freezer
[    0.000156] Initializing cgroup subsys blkio
[    0.000161] Initializing cgroup subsys perf_event
[    0.000204] Disabled fast string operations
[    0.000208] CPU: Physical Processor ID: 0
[    0.000217] ENERGY_PERF_BIAS: Set to 'normal', was 'performance'
[    0.000218] ENERGY_PERF_BIAS: View and update with x86_energy_perf_policy(8)
[    0.000860] mce: CPU supports 0 MCE banks
[    0.001597] SMP alternatives: switching to UP code
[    0.018533] Freeing SMP alternatives: 24k freed
[    0.018539] ACPI: Core revision 20110623
[    0.024681] ACPI: setting ELCR to 0200 (from 0e20)
[    0.025749] ftrace: allocating 26545 entries in 52 pages
[    0.046284] SMP mode deactivated.
[    0.046313] SMP disabled
[    0.046315] Performance Events: generic architected perfmon v1, core PMU driver.
[    0.046327] ... version:                1
[    0.046328] ... bit width:              48
[    0.046328] ... generic registers:      4
[    0.046329] ... value mask:             0000ffffffffffff
[    0.046331] ... max period:             000000007fffffff
[    0.046331] ... fixed-purpose events:   0
[    0.046332] ... event mask:             000000000000000f
[    0.046433] NMI watchdog enabled, takes one hw-pmu counter.
[    0.046453] Brought up 1 CPUs
[    0.046455] Total of 1 processors activated (4789.24 BogoMIPS).
[    0.046560] devtmpfs: initialized
[    0.046629] EVM: security.selinux
[    0.046630] EVM: security.SMACK64
[    0.046631] EVM: security.capability
[    0.046655] PM: Registering ACPI NVS region at 3feff000 (4096 bytes)
[    0.047353] print_constraints: dummy: 
[    0.047432] RTC time:  7:55:37, date: 05/27/13
[    0.047460] NET: Registered protocol family 16
[    0.047531] EISA bus registered
[    0.047541] ACPI: bus type pci registered
[    0.047644] PCI: MMCONFIG for domain 0000 [bus 00-ff] at [mem 0xe0000000-0xefffffff] (base 0xe0000000)
[    0.047646] PCI: MMCONFIG at [mem 0xe0000000-0xefffffff] reserved in E820
[    0.047647] PCI: Using MMCONFIG for extended config space
[    0.047648] PCI: Using configuration type 1 for base access
[    0.048309] bio: create slab <bio-0> at 0
[    0.048370] ACPI: Added _OSI(Module Device)
[    0.048372] ACPI: Added _OSI(Processor Device)
[    0.048373] ACPI: Added _OSI(3.0 _SCP Extensions)
[    0.048374] ACPI: Added _OSI(Processor Aggregator Device)
[    0.050472] ACPI: EC: Look up EC in DSDT
[    0.054936] [Firmware Bug]: ACPI: BIOS _OSI(Linux) query ignored
[    0.062542] ACPI: Interpreter enabled
[    0.062550] ACPI: (supports S0 S1 S4 S5)
[    0.062559] ACPI: Using PIC for interrupt routing
[    0.105521] ACPI: No dock devices found.
[    0.105525] HEST: Table not found.
[    0.105529] PCI: Using host bridge windows from ACPI; if necessary, use "pci=nocrs" and report a bug
[    0.106188] ACPI: PCI Root Bridge [PCI0] (domain 0000 [bus 00-ff])
[    0.107333] pci_root PNP0A03:00: host bridge window [mem 0x000a0000-0x000bffff]
[    0.107335] pci_root PNP0A03:00: host bridge window [mem 0x000cc000-0x000cffff]
[    0.107336] pci_root PNP0A03:00: host bridge window [mem 0x000d0000-0x000d3fff]
[    0.107338] pci_root PNP0A03:00: host bridge window [mem 0x000d4000-0x000d7fff]
[    0.107339] pci_root PNP0A03:00: host bridge window [mem 0x000d8000-0x000dbfff]
[    0.107341] pci_root PNP0A03:00: host bridge window [mem 0xc0000000-0xfebfffff]
[    0.107343] pci_root PNP0A03:00: host bridge window [io  0x0000-0x0cf7]
[    0.107344] pci_root PNP0A03:00: host bridge window [io  0x0d00-0xfeff]
[    0.107394] pci 0000:00:00.0: [8086:7190] type 0 class 0x000600
[    0.107802] pci 0000:00:01.0: [8086:7191] type 1 class 0x000604
[    0.108192] pci 0000:00:07.0: [8086:7110] type 0 class 0x000601
[    0.108822] pci 0000:00:07.1: [8086:7111] type 0 class 0x000101
[    0.110297] pci 0000:00:07.1: reg 20: [io  0x10c0-0x10cf]
[    0.111022] pci 0000:00:07.3: [8086:7113] type 0 class 0x000680
[    0.112640] pci 0000:00:07.3: quirk: [io  0x1000-0x103f] claimed by PIIX4 ACPI
[    0.112653] pci 0000:00:07.3: quirk: [io  0x1040-0x104f] claimed by PIIX4 SMB
[    0.112871] pci 0000:00:07.7: [15ad:0740] type 0 class 0x000880
[    0.113348] pci 0000:00:07.7: reg 10: [io  0x1080-0x10bf]
[    0.113917] pci 0000:00:07.7: reg 14: [mem 0xc8000000-0xc8001fff 64bit]
[    0.115970] pci 0000:00:0f.0: [15ad:0405] type 0 class 0x000300
[    0.117985] pci 0000:00:0f.0: reg 10: [io  0x10d0-0x10df]
[    0.119952] pci 0000:00:0f.0: reg 14: [mem 0xd0000000-0xd7ffffff pref]
[    0.121891] pci 0000:00:0f.0: reg 18: [mem 0xc8800000-0xc8ffffff]
[    0.129670] pci 0000:00:0f.0: reg 30: [mem 0x00000000-0x00007fff pref]
[    0.129952] pci 0000:00:10.0: [1000:0030] type 0 class 0x000100
[    0.130505] pci 0000:00:10.0: reg 10: [io  0x1400-0x14ff]
[    0.131204] pci 0000:00:10.0: reg 14: [mem 0xc8040000-0xc805ffff 64bit]
[    0.131918] pci 0000:00:10.0: reg 1c: [mem 0xc8020000-0xc803ffff 64bit]
[    0.132944] pci 0000:00:10.0: reg 30: [mem 0x00000000-0x00003fff pref]
[    0.133092] pci 0000:00:11.0: [15ad:0790] type 1 class 0x000604
[    0.133749] pci 0000:00:15.0: [15ad:07a0] type 1 class 0x000604
[    0.134440] pci 0000:00:15.0: PME# supported from D0 D3hot D3cold
[    0.134462] pci 0000:00:15.0: PME# disabled
[    0.134675] pci 0000:00:15.1: [15ad:07a0] type 1 class 0x000604
[    0.135373] pci 0000:00:15.1: PME# supported from D0 D3hot D3cold
[    0.135394] pci 0000:00:15.1: PME# disabled
[    0.135607] pci 0000:00:15.2: [15ad:07a0] type 1 class 0x000604
[    0.136314] pci 0000:00:15.2: PME# supported from D0 D3hot D3cold
[    0.136336] pci 0000:00:15.2: PME# disabled
[    0.136549] pci 0000:00:15.3: [15ad:07a0] type 1 class 0x000604
[    0.137230] pci 0000:00:15.3: PME# supported from D0 D3hot D3cold
[    0.137252] pci 0000:00:15.3: PME# disabled
[    0.137472] pci 0000:00:15.4: [15ad:07a0] type 1 class 0x000604
[    0.138153] pci 0000:00:15.4: PME# supported from D0 D3hot D3cold
[    0.138174] pci 0000:00:15.4: PME# disabled
[    0.138422] pci 0000:00:15.5: [15ad:07a0] type 1 class 0x000604
[    0.139102] pci 0000:00:15.5: PME# supported from D0 D3hot D3cold
[    0.139123] pci 0000:00:15.5: PME# disabled
[    0.139344] pci 0000:00:15.6: [15ad:07a0] type 1 class 0x000604
[    0.140041] pci 0000:00:15.6: PME# supported from D0 D3hot D3cold
[    0.140063] pci 0000:00:15.6: PME# disabled
[    0.140281] pci 0000:00:15.7: [15ad:07a0] type 1 class 0x000604
[    0.140962] pci 0000:00:15.7: PME# supported from D0 D3hot D3cold
[    0.140984] pci 0000:00:15.7: PME# disabled
[    0.141197] pci 0000:00:16.0: [15ad:07a0] type 1 class 0x000604
[    0.141902] pci 0000:00:16.0: PME# supported from D0 D3hot D3cold
[    0.141923] pci 0000:00:16.0: PME# disabled
[    0.142135] pci 0000:00:16.1: [15ad:07a0] type 1 class 0x000604
[    0.142826] pci 0000:00:16.1: PME# supported from D0 D3hot D3cold
[    0.142848] pci 0000:00:16.1: PME# disabled
[    0.143060] pci 0000:00:16.2: [15ad:07a0] type 1 class 0x000604
[    0.143748] pci 0000:00:16.2: PME# supported from D0 D3hot D3cold
[    0.143782] pci 0000:00:16.2: PME# disabled
[    0.143996] pci 0000:00:16.3: [15ad:07a0] type 1 class 0x000604
[    0.144687] pci 0000:00:16.3: PME# supported from D0 D3hot D3cold
[    0.144708] pci 0000:00:16.3: PME# disabled
[    0.144922] pci 0000:00:16.4: [15ad:07a0] type 1 class 0x000604
[    0.145604] pci 0000:00:16.4: PME# supported from D0 D3hot D3cold
[    0.145625] pci 0000:00:16.4: PME# disabled
[    0.145843] pci 0000:00:16.5: [15ad:07a0] type 1 class 0x000604
[    0.146530] pci 0000:00:16.5: PME# supported from D0 D3hot D3cold
[    0.146551] pci 0000:00:16.5: PME# disabled
[    0.146764] pci 0000:00:16.6: [15ad:07a0] type 1 class 0x000604
[    0.147445] pci 0000:00:16.6: PME# supported from D0 D3hot D3cold
[    0.147466] pci 0000:00:16.6: PME# disabled
[    0.147678] pci 0000:00:16.7: [15ad:07a0] type 1 class 0x000604
[    0.148381] pci 0000:00:16.7: PME# supported from D0 D3hot D3cold
[    0.148403] pci 0000:00:16.7: PME# disabled
[    0.148615] pci 0000:00:17.0: [15ad:07a0] type 1 class 0x000604
[    0.149387] pci 0000:00:17.0: PME# supported from D0 D3hot D3cold
[    0.149418] pci 0000:00:17.0: PME# disabled
[    0.149708] pci 0000:00:17.1: [15ad:07a0] type 1 class 0x000604
[    0.150600] pci 0000:00:17.1: PME# supported from D0 D3hot D3cold
[    0.150627] pci 0000:00:17.1: PME# disabled
[    0.150899] pci 0000:00:17.2: [15ad:07a0] type 1 class 0x000604
[    0.151819] pci 0000:00:17.2: PME# supported from D0 D3hot D3cold
[    0.151846] pci 0000:00:17.2: PME# disabled
[    0.152118] pci 0000:00:17.3: [15ad:07a0] type 1 class 0x000604
[    0.153010] pci 0000:00:17.3: PME# supported from D0 D3hot D3cold
[    0.153037] pci 0000:00:17.3: PME# disabled
[    0.153339] pci 0000:00:17.4: [15ad:07a0] type 1 class 0x000604
[    0.154208] pci 0000:00:17.4: PME# supported from D0 D3hot D3cold
[    0.154235] pci 0000:00:17.4: PME# disabled
[    0.154538] pci 0000:00:17.5: [15ad:07a0] type 1 class 0x000604
[    0.155440] pci 0000:00:17.5: PME# supported from D0 D3hot D3cold
[    0.155467] pci 0000:00:17.5: PME# disabled
[    0.155736] pci 0000:00:17.6: [15ad:07a0] type 1 class 0x000604
[    0.156651] pci 0000:00:17.6: PME# supported from D0 D3hot D3cold
[    0.156679] pci 0000:00:17.6: PME# disabled
[    0.156951] pci 0000:00:17.7: [15ad:07a0] type 1 class 0x000604
[    0.157847] pci 0000:00:17.7: PME# supported from D0 D3hot D3cold
[    0.157875] pci 0000:00:17.7: PME# disabled
[    0.158147] pci 0000:00:18.0: [15ad:07a0] type 1 class 0x000604
[    0.159048] pci 0000:00:18.0: PME# supported from D0 D3hot D3cold
[    0.159074] pci 0000:00:18.0: PME# disabled
[    0.159374] pci 0000:00:18.1: [15ad:07a0] type 1 class 0x000604
[    0.160272] pci 0000:00:18.1: PME# supported from D0 D3hot D3cold
[    0.160307] pci 0000:00:18.1: PME# disabled
[    0.160578] pci 0000:00:18.2: [15ad:07a0] type 1 class 0x000604
[    0.161474] pci 0000:00:18.2: PME# supported from D0 D3hot D3cold
[    0.161500] pci 0000:00:18.2: PME# disabled
[    0.161772] pci 0000:00:18.3: [15ad:07a0] type 1 class 0x000604
[    0.162665] pci 0000:00:18.3: PME# supported from D0 D3hot D3cold
[    0.162692] pci 0000:00:18.3: PME# disabled
[    0.162964] pci 0000:00:18.4: [15ad:07a0] type 1 class 0x000604
[    0.163883] pci 0000:00:18.4: PME# supported from D0 D3hot D3cold
[    0.163911] pci 0000:00:18.4: PME# disabled
[    0.164190] pci 0000:00:18.5: [15ad:07a0] type 1 class 0x000604
[    0.165099] pci 0000:00:18.5: PME# supported from D0 D3hot D3cold
[    0.165126] pci 0000:00:18.5: PME# disabled
[    0.165420] pci 0000:00:18.6: [15ad:07a0] type 1 class 0x000604
[    0.166309] pci 0000:00:18.6: PME# supported from D0 D3hot D3cold
[    0.166336] pci 0000:00:18.6: PME# disabled
[    0.166609] pci 0000:00:18.7: [15ad:07a0] type 1 class 0x000604
[    0.167501] pci 0000:00:18.7: PME# supported from D0 D3hot D3cold
[    0.167527] pci 0000:00:18.7: PME# disabled
[    0.168255] pci 0000:00:01.0: PCI bridge to [bus 01-01]
[    0.168626] pci 0000:02:00.0: [15ad:0774] type 0 class 0x000c03
[    0.170500] pci 0000:02:00.0: reg 20: [io  0x20c0-0x20df]
[    0.171393] pci 0000:02:01.0: [1022:2000] type 0 class 0x000200
[    0.171796] pci 0000:02:01.0: reg 10: [io  0x2000-0x207f]
[    0.173725] pci 0000:02:01.0: reg 30: [mem 0x00000000-0x0000ffff pref]
[    0.173845] pci 0000:02:02.0: [1274:1371] type 0 class 0x000401
[    0.174163] pci 0000:02:02.0: reg 10: [io  0x2080-0x20bf]
[    0.176033] pci 0000:02:03.0: [15ad:0770] type 0 class 0x000c03
[    0.176292] pci 0000:02:03.0: reg 10: [mem 0xc9000000-0xc9000fff]
[    0.177906] pci 0000:00:11.0: PCI bridge to [bus 02-02] (subtractive decode)
[    0.177927] pci 0000:00:11.0:   bridge window [io  0x2000-0x3fff]
[    0.177949] pci 0000:00:11.0:   bridge window [mem 0xc9000000-0xca3fffff]
[    0.177988] pci 0000:00:11.0:   bridge window [mem 0xd8400000-0xd89fffff 64bit pref]
[    0.177990] pci 0000:00:11.0:   bridge window [mem 0x000a0000-0x000bffff] (subtractive decode)
[    0.177992] pci 0000:00:11.0:   bridge window [mem 0x000cc000-0x000cffff] (subtractive decode)
[    0.177993] pci 0000:00:11.0:   bridge window [mem 0x000d0000-0x000d3fff] (subtractive decode)
[    0.177995] pci 0000:00:11.0:   bridge window [mem 0x000d4000-0x000d7fff] (subtractive decode)
[    0.177997] pci 0000:00:11.0:   bridge window [mem 0x000d8000-0x000dbfff] (subtractive decode)
[    0.177998] pci 0000:00:11.0:   bridge window [mem 0xc0000000-0xfebfffff] (subtractive decode)
[    0.178000] pci 0000:00:11.0:   bridge window [io  0x0000-0x0cf7] (subtractive decode)
[    0.178001] pci 0000:00:11.0:   bridge window [io  0x0d00-0xfeff] (subtractive decode)
[    0.178430] pci 0000:00:15.0: PCI bridge to [bus 03-03]
[    0.178450] pci 0000:00:15.0:   bridge window [io  0x4000-0x4fff]
[    0.178471] pci 0000:00:15.0:   bridge window [mem 0xca400000-0xca4fffff]
[    0.178510] pci 0000:00:15.0:   bridge window [mem 0xd8a00000-0xd8afffff 64bit pref]
[    0.178922] pci 0000:00:15.1: PCI bridge to [bus 04-04]
[    0.178943] pci 0000:00:15.1:   bridge window [io  0x8000-0x8fff]
[    0.178964] pci 0000:00:15.1:   bridge window [mem 0xca800000-0xca8fffff]
[    0.179003] pci 0000:00:15.1:   bridge window [mem 0xd8e00000-0xd8efffff 64bit pref]
[    0.179427] pci 0000:00:15.2: PCI bridge to [bus 05-05]
[    0.179448] pci 0000:00:15.2:   bridge window [io  0xc000-0xcfff]
[    0.179469] pci 0000:00:15.2:   bridge window [mem 0xcac00000-0xcacfffff]
[    0.179507] pci 0000:00:15.2:   bridge window [mem 0xd9200000-0xd92fffff 64bit pref]
[    0.179940] pci 0000:00:15.3: PCI bridge to [bus 06-06]
[    0.179979] pci 0000:00:15.3:   bridge window [mem 0xcb000000-0xcb0fffff]
[    0.180019] pci 0000:00:15.3:   bridge window [mem 0xd9600000-0xd96fffff 64bit pref]
[    0.180440] pci 0000:00:15.4: PCI bridge to [bus 07-07]
[    0.180480] pci 0000:00:15.4:   bridge window [mem 0xcb400000-0xcb4fffff]
[    0.180519] pci 0000:00:15.4:   bridge window [mem 0xd9a00000-0xd9afffff 64bit pref]
[    0.180930] pci 0000:00:15.5: PCI bridge to [bus 08-08]
[    0.180969] pci 0000:00:15.5:   bridge window [mem 0xcb800000-0xcb8fffff]
[    0.181008] pci 0000:00:15.5:   bridge window [mem 0xd9e00000-0xd9efffff 64bit pref]
[    0.181427] pci 0000:00:15.6: PCI bridge to [bus 09-09]
[    0.181466] pci 0000:00:15.6:   bridge window [mem 0xcbc00000-0xcbcfffff]
[    0.181505] pci 0000:00:15.6:   bridge window [mem 0xda200000-0xda2fffff 64bit pref]
[    0.181917] pci 0000:00:15.7: PCI bridge to [bus 0a-0a]
[    0.181956] pci 0000:00:15.7:   bridge window [mem 0xcc000000-0xcc0fffff]
[    0.181995] pci 0000:00:15.7:   bridge window [mem 0xda600000-0xda6fffff 64bit pref]
[    0.182407] pci 0000:00:16.0: PCI bridge to [bus 0b-0b]
[    0.182427] pci 0000:00:16.0:   bridge window [io  0x5000-0x5fff]
[    0.182448] pci 0000:00:16.0:   bridge window [mem 0xca500000-0xca5fffff]
[    0.182487] pci 0000:00:16.0:   bridge window [mem 0xd8b00000-0xd8bfffff 64bit pref]
[    0.182897] pci 0000:00:16.1: PCI bridge to [bus 0c-0c]
[    0.182917] pci 0000:00:16.1:   bridge window [io  0x9000-0x9fff]
[    0.182938] pci 0000:00:16.1:   bridge window [mem 0xca900000-0xca9fffff]
[    0.182976] pci 0000:00:16.1:   bridge window [mem 0xd8f00000-0xd8ffffff 64bit pref]
[    0.183396] pci 0000:00:16.2: PCI bridge to [bus 0d-0d]
[    0.183416] pci 0000:00:16.2:   bridge window [io  0xd000-0xdfff]
[    0.183437] pci 0000:00:16.2:   bridge window [mem 0xcad00000-0xcadfffff]
[    0.183476] pci 0000:00:16.2:   bridge window [mem 0xd9300000-0xd93fffff 64bit pref]
[    0.183904] pci 0000:00:16.3: PCI bridge to [bus 0e-0e]
[    0.183943] pci 0000:00:16.3:   bridge window [mem 0xcb100000-0xcb1fffff]
[    0.183983] pci 0000:00:16.3:   bridge window [mem 0xd9700000-0xd97fffff 64bit pref]
[    0.184401] pci 0000:00:16.4: PCI bridge to [bus 0f-0f]
[    0.184440] pci 0000:00:16.4:   bridge window [mem 0xcb500000-0xcb5fffff]
[    0.184480] pci 0000:00:16.4:   bridge window [mem 0xd9b00000-0xd9bfffff 64bit pref]
[    0.184891] pci 0000:00:16.5: PCI bridge to [bus 10-10]
[    0.184929] pci 0000:00:16.5:   bridge window [mem 0xcb900000-0xcb9fffff]
[    0.184968] pci 0000:00:16.5:   bridge window [mem 0xd9f00000-0xd9ffffff 64bit pref]
[    0.185394] pci 0000:00:16.6: PCI bridge to [bus 11-11]
[    0.185433] pci 0000:00:16.6:   bridge window [mem 0xcbd00000-0xcbdfffff]
[    0.185471] pci 0000:00:16.6:   bridge window [mem 0xda300000-0xda3fffff 64bit pref]
[    0.185883] pci 0000:00:16.7: PCI bridge to [bus 12-12]
[    0.185922] pci 0000:00:16.7:   bridge window [mem 0xcc100000-0xcc1fffff]
[    0.185961] pci 0000:00:16.7:   bridge window [mem 0xda700000-0xda7fffff 64bit pref]
[    0.186375] pci 0000:00:17.0: PCI bridge to [bus 13-13]
[    0.186395] pci 0000:00:17.0:   bridge window [io  0x6000-0x6fff]
[    0.186415] pci 0000:00:17.0:   bridge window [mem 0xca600000-0xca6fffff]
[    0.186455] pci 0000:00:17.0:   bridge window [mem 0xd8c00000-0xd8cfffff 64bit pref]
[    0.186865] pci 0000:00:17.1: PCI bridge to [bus 14-14]
[    0.186885] pci 0000:00:17.1:   bridge window [io  0xa000-0xafff]
[    0.186906] pci 0000:00:17.1:   bridge window [mem 0xcaa00000-0xcaafffff]
[    0.186945] pci 0000:00:17.1:   bridge window [mem 0xd9000000-0xd90fffff 64bit pref]
[    0.187363] pci 0000:00:17.2: PCI bridge to [bus 15-15]
[    0.187383] pci 0000:00:17.2:   bridge window [io  0xe000-0xefff]
[    0.187404] pci 0000:00:17.2:   bridge window [mem 0xcae00000-0xcaefffff]
[    0.187443] pci 0000:00:17.2:   bridge window [mem 0xd9400000-0xd94fffff 64bit pref]
[    0.187871] pci 0000:00:17.3: PCI bridge to [bus 16-16]
[    0.187910] pci 0000:00:17.3:   bridge window [mem 0xcb200000-0xcb2fffff]
[    0.187950] pci 0000:00:17.3:   bridge window [mem 0xd9800000-0xd98fffff 64bit pref]
[    0.188386] pci 0000:00:17.4: PCI bridge to [bus 17-17]
[    0.188425] pci 0000:00:17.4:   bridge window [mem 0xcb600000-0xcb6fffff]
[    0.188465] pci 0000:00:17.4:   bridge window [mem 0xd9c00000-0xd9cfffff 64bit pref]
[    0.188878] pci 0000:00:17.5: PCI bridge to [bus 18-18]
[    0.188916] pci 0000:00:17.5:   bridge window [mem 0xcba00000-0xcbafffff]
[    0.188956] pci 0000:00:17.5:   bridge window [mem 0xda000000-0xda0fffff 64bit pref]
[    0.189409] pci 0000:00:17.6: PCI bridge to [bus 19-19]
[    0.189461] pci 0000:00:17.6:   bridge window [mem 0xcbe00000-0xcbefffff]
[    0.189513] pci 0000:00:17.6:   bridge window [mem 0xda400000-0xda4fffff 64bit pref]
[    0.189963] pci 0000:00:17.7: PCI bridge to [bus 1a-1a]
[    0.190002] pci 0000:00:17.7:   bridge window [mem 0xcc200000-0xcc2fffff]
[    0.190041] pci 0000:00:17.7:   bridge window [mem 0xda800000-0xda8fffff 64bit pref]
[    0.190457] pci 0000:00:18.0: PCI bridge to [bus 1b-1b]
[    0.190477] pci 0000:00:18.0:   bridge window [io  0x7000-0x7fff]
[    0.190498] pci 0000:00:18.0:   bridge window [mem 0xca700000-0xca7fffff]
[    0.190537] pci 0000:00:18.0:   bridge window [mem 0xd8d00000-0xd8dfffff 64bit pref]
[    0.190950] pci 0000:00:18.1: PCI bridge to [bus 1c-1c]
[    0.190970] pci 0000:00:18.1:   bridge window [io  0xb000-0xbfff]
[    0.190991] pci 0000:00:18.1:   bridge window [mem 0xcab00000-0xcabfffff]
[    0.191030] pci 0000:00:18.1:   bridge window [mem 0xd9100000-0xd91fffff 64bit pref]
[    0.191450] pci 0000:00:18.2: PCI bridge to [bus 1d-1d]
[    0.191470] pci 0000:00:18.2:   bridge window [io  0xf000-0xffff]
[    0.191491] pci 0000:00:18.2:   bridge window [mem 0xcaf00000-0xcaffffff]
[    0.191530] pci 0000:00:18.2:   bridge window [mem 0xd9500000-0xd95fffff 64bit pref]
[    0.191962] pci 0000:00:18.3: PCI bridge to [bus 1e-1e]
[    0.192001] pci 0000:00:18.3:   bridge window [mem 0xcb300000-0xcb3fffff]
[    0.192040] pci 0000:00:18.3:   bridge window [mem 0xd9900000-0xd99fffff 64bit pref]
[    0.192456] pci 0000:00:18.4: PCI bridge to [bus 1f-1f]
[    0.192495] pci 0000:00:18.4:   bridge window [mem 0xcb700000-0xcb7fffff]
[    0.192534] pci 0000:00:18.4:   bridge window [mem 0xd9d00000-0xd9dfffff 64bit pref]
[    0.192946] pci 0000:00:18.5: PCI bridge to [bus 20-20]
[    0.192985] pci 0000:00:18.5:   bridge window [mem 0xcbb00000-0xcbbfffff]
[    0.193024] pci 0000:00:18.5:   bridge window [mem 0xda100000-0xda1fffff 64bit pref]
[    0.193498] pci 0000:00:18.6: PCI bridge to [bus 21-21]
[    0.193547] pci 0000:00:18.6:   bridge window [mem 0xcbf00000-0xcbffffff]
[    0.193596] pci 0000:00:18.6:   bridge window [mem 0xda500000-0xda5fffff 64bit pref]
[    0.194104] pci 0000:00:18.7: PCI bridge to [bus 22-22]
[    0.194151] pci 0000:00:18.7:   bridge window [mem 0xcc300000-0xcc3fffff]
[    0.194202] pci 0000:00:18.7:   bridge window [mem 0xda900000-0xda9fffff 64bit pref]
[    0.196115] pci_bus 0000:00: on NUMA node 0
[    0.196121] ACPI: PCI Interrupt Routing Table [\_SB_.PCI0._PRT]
[    0.197098]  pci0000:00: Requesting ACPI _OSC control (0x1d)
[    0.197388]  pci0000:00: ACPI _OSC control (0x15) granted
[    0.274999] ACPI: PCI Interrupt Link [LNKA] (IRQs 3 4 5 6 7 *9 10 11 14 15)
[    0.275081] ACPI: PCI Interrupt Link [LNKB] (IRQs 3 4 5 6 7 9 10 *11 14 15)
[    0.275146] ACPI: PCI Interrupt Link [LNKC] (IRQs 3 4 5 6 7 9 *10 11 14 15)
[    0.275206] ACPI: PCI Interrupt Link [LNKD] (IRQs 3 4 *5 6 7 9 10 11 14 15)
[    0.275336] vgaarb: device added: PCI:0000:00:0f.0,decodes=io+mem,owns=io+mem,locks=none
[    0.275345] vgaarb: loaded
[    0.275346] vgaarb: bridge control possible 0000:00:0f.0
[    0.275423] i2c-core: driver [aat2870] using legacy suspend method
[    0.275425] i2c-core: driver [aat2870] using legacy resume method
[    0.275486] SCSI subsystem initialized
[    0.275523] libata version 3.00 loaded.
[    0.275551] usbcore: registered new interface driver usbfs
[    0.275560] usbcore: registered new interface driver hub
[    0.275581] usbcore: registered new device driver usb
[    0.275642] PCI: Using ACPI for IRQ routing
[    0.346848] PCI: pci_cache_line_size set to 64 bytes
[    0.346871] pci 0000:00:18.2: no compatible bridge window for [io  0xf000-0xffff]
[    0.347817] reserve RAM buffer: 000000000009f000 - 000000000009ffff 
[    0.347819] reserve RAM buffer: 000000003fee0000 - 000000003fffffff 
[    0.347919] NetLabel: Initializing
[    0.347921] NetLabel:  domain hash size = 128
[    0.347922] NetLabel:  protocols = UNLABELED CIPSOv4
[    0.347929] NetLabel:  unlabeled traffic allowed by default
[    0.348004] hpet0: at MMIO 0xfed00000, IRQs 2, 8, 0, 0, 0, 0, 0, 0, 0, 0, 0, 0, 0, 0, 0, 0
[    0.348010] hpet0: 16 comparators, 64-bit 14.318180 MHz counter
[    0.350036] Switching to clocksource hpet
[    0.355327] AppArmor: AppArmor Filesystem Enabled
[    0.355344] pnp: PnP ACPI init
[    0.355359] ACPI: bus type pnp registered
[    0.355967] pnp 00:00: [bus 00-ff]
[    0.355969] pnp 00:00: [mem 0x000a0000-0x000bffff window]
[    0.355971] pnp 00:00: [mem 0x000c0000-0x000c3fff window]
[    0.355972] pnp 00:00: [mem 0x000c4000-0x000c7fff window]
[    0.355973] pnp 00:00: [mem 0x000c8000-0x000cbfff window]
[    0.355975] pnp 00:00: [mem 0x000cc000-0x000cffff window]
[    0.355976] pnp 00:00: [mem 0x000d0000-0x000d3fff window]
[    0.355978] pnp 00:00: [mem 0x000d4000-0x000d7fff window]
[    0.355979] pnp 00:00: [mem 0x000d8000-0x000dbfff window]
[    0.355981] pnp 00:00: [mem 0x000dc000-0x000dffff window]
[    0.355982] pnp 00:00: [mem 0x000e0000-0x000e3fff window]
[    0.355983] pnp 00:00: [mem 0x000e4000-0x000e7fff window]
[    0.355985] pnp 00:00: [mem 0x000e8000-0x000ebfff window]
[    0.355986] pnp 00:00: [mem 0x000ec000-0x000effff window]
[    0.355988] pnp 00:00: [mem 0xc0000000-0xfebfffff window]
[    0.355989] pnp 00:00: [io  0x0cf8-0x0cff]
[    0.355991] pnp 00:00: [io  0x0000-0x0cf7 window]
[    0.355992] pnp 00:00: [io  0x0d00-0xfeff window]
[    0.356029] pnp 00:00: Plug and Play ACPI device, IDs PNP0a03 PNP0a08 (active)
[    0.356091] pnp 00:01: [io  0x0010-0x001f]
[    0.356092] pnp 00:01: [io  0x0024-0x0025]
[    0.356093] pnp 00:01: [io  0x0028-0x0029]
[    0.356094] pnp 00:01: [io  0x002c-0x002d]
[    0.356095] pnp 00:01: [io  0x002e-0x002f]
[    0.356097] pnp 00:01: [io  0x0030-0x0031]
[    0.356098] pnp 00:01: [io  0x0034-0x0035]
[    0.356099] pnp 00:01: [io  0x0038-0x0039]
[    0.356100] pnp 00:01: [io  0x003c-0x003d]
[    0.356101] pnp 00:01: [io  0x0050-0x0053]
[    0.356102] pnp 00:01: [io  0x0072-0x0077]
[    0.356104] pnp 00:01: [io  0x0080]
[    0.356105] pnp 00:01: [io  0x0090-0x009f]
[    0.356106] pnp 00:01: [io  0x00a4-0x00a5]
[    0.356107] pnp 00:01: [io  0x00a8-0x00a9]
[    0.356108] pnp 00:01: [io  0x00ac-0x00ad]
[    0.356109] pnp 00:01: [io  0x00b0-0x00b5]
[    0.356110] pnp 00:01: [io  0x00b8-0x00b9]
[    0.356111] pnp 00:01: [io  0x00bc-0x00bd]
[    0.356113] pnp 00:01: [io  0x1000-0x103f]
[    0.356114] pnp 00:01: [io  0x1040-0x104f]
[    0.356115] pnp 00:01: [io  0x0cf0-0x0cf1]
[    0.356170] system 00:01: [io  0x1000-0x103f] has been reserved
[    0.356175] system 00:01: [io  0x1040-0x104f] has been reserved
[    0.356177] system 00:01: [io  0x0cf0-0x0cf1] has been reserved
[    0.356179] system 00:01: Plug and Play ACPI device, IDs PNP0c02 (active)
[    0.356185] pnp 00:02: [io  0x0000-0x000f]
[    0.356187] pnp 00:02: [io  0x0081-0x008f]
[    0.356188] pnp 00:02: [io  0x00c0-0x00df]
[    0.356189] pnp 00:02: [dma 4]
[    0.356205] pnp 00:02: Plug and Play ACPI device, IDs PNP0200 (active)
[    0.356210] pnp 00:03: [io  0x0020-0x0021]
[    0.356211] pnp 00:03: [io  0x00a0-0x00a1]
[    0.356213] pnp 00:03: [io  0x04d0-0x04d1]
[    0.356214] pnp 00:03: [irq 2 disabled]
[    0.356229] pnp 00:03: Plug and Play ACPI device, IDs PNP0001 (active)
[    0.356235] pnp 00:04: [io  0x0070-0x0071]
[    0.356237] pnp 00:04: [irq 8]
[    0.356250] pnp 00:04: Plug and Play ACPI device, IDs PNP0b00 (active)
[    0.356254] pnp 00:05: [io  0x0061]
[    0.356267] pnp 00:05: Plug and Play ACPI device, IDs PNP0800 (active)
[    0.356271] pnp 00:06: [io  0x0060]
[    0.356272] pnp 00:06: [io  0x0064]
[    0.356274] pnp 00:06: [irq 1]
[    0.356289] pnp 00:06: Plug and Play ACPI device, IDs PNP0303 (active)
[    0.356294] pnp 00:07: [irq 12]
[    0.356306] pnp 00:07: Plug and Play ACPI device, IDs PNP0f13 (active)
[    0.356457] pnp 00:08: [mem 0xfed00000-0xfed003ff]
[    0.356491] system 00:08: [mem 0xfed00000-0xfed003ff] has been reserved
[    0.356493] system 00:08: Plug and Play ACPI device, IDs PNP0103 PNP0c01 (active)
[    0.360645] pnp 00:09: [io  0x0378-0x037f]
[    0.360648] pnp 00:09: [irq 7]
[    0.361725] pnp 00:09: Plug and Play ACPI device, IDs PNP0400 (active)
[    0.366015] pnp 00:0a: [io  0x03f8-0x03ff]
[    0.366019] pnp 00:0a: [irq 4]
[    0.367432] pnp 00:0a: Plug and Play ACPI device, IDs PNP0501 (active)
[    0.371113] pnp 00:0b: [io  0x02f8-0x02ff]
[    0.371117] pnp 00:0b: [irq 3]
[    0.372294] pnp 00:0b: Plug and Play ACPI device, IDs PNP0501 (active)
[    0.377530] pnp 00:0c: [io  0x03f0-0x03f5]
[    0.377532] pnp 00:0c: [io  0x03f7]
[    0.377534] pnp 00:0c: [irq 6]
[    0.377535] pnp 00:0c: [dma 2]
[    0.378656] pnp 00:0c: Plug and Play ACPI device, IDs PNP0700 (active)
[    0.378821] pnp 00:0d: [mem 0xe0000000-0xefffffff]
[    0.378822] pnp 00:0d: [io  0x1060-0x107f]
[    0.378824] pnp 00:0d: [mem 0xc8200000-0xc83fffff]
[    0.378873] system 00:0d: [io  0x1060-0x107f] has been reserved
[    0.378877] system 00:0d: [mem 0xe0000000-0xefffffff] has been reserved
[    0.378879] system 00:0d: [mem 0xc8200000-0xc83fffff] has been reserved
[    0.378881] system 00:0d: Plug and Play ACPI device, IDs PNP0c02 (active)
[    0.383898] pnp: PnP ACPI: found 14 devices
[    0.383901] ACPI: ACPI bus type pnp unregistered
[    0.383905] PnPBIOS: Disabled by ACPI PNP
[    0.419605] PCI: max bus depth: 1 pci_try_num: 2
[    0.422131] pci 0000:00:0f.0: BAR 6: assigned [mem 0xc0000000-0xc0007fff pref]
[    0.422139] pci 0000:00:10.0: BAR 6: assigned [mem 0xc0008000-0xc000bfff pref]
[    0.422147] pci 0000:00:18.7: BAR 13: can't assign io (size 0x1000)
[    0.422153] pci 0000:00:18.6: BAR 13: can't assign io (size 0x1000)
[    0.422158] pci 0000:00:18.5: BAR 13: can't assign io (size 0x1000)
[    0.422163] pci 0000:00:18.4: BAR 13: can't assign io (size 0x1000)
[    0.422168] pci 0000:00:18.3: BAR 13: can't assign io (size 0x1000)
[    0.422173] pci 0000:00:18.2: BAR 13: can't assign io (size 0x1000)
[    0.422178] pci 0000:00:17.7: BAR 13: can't assign io (size 0x1000)
[    0.422183] pci 0000:00:17.6: BAR 13: can't assign io (size 0x1000)
[    0.422188] pci 0000:00:17.5: BAR 13: can't assign io (size 0x1000)
[    0.422193] pci 0000:00:17.4: BAR 13: can't assign io (size 0x1000)
[    0.422198] pci 0000:00:17.3: BAR 13: can't assign io (size 0x1000)
[    0.422202] pci 0000:00:16.7: BAR 13: can't assign io (size 0x1000)
[    0.422207] pci 0000:00:16.6: BAR 13: can't assign io (size 0x1000)
[    0.422212] pci 0000:00:16.5: BAR 13: can't assign io (size 0x1000)
[    0.422217] pci 0000:00:16.4: BAR 13: can't assign io (size 0x1000)
[    0.422223] pci 0000:00:16.3: BAR 13: can't assign io (size 0x1000)
[    0.422227] pci 0000:00:15.7: BAR 13: can't assign io (size 0x1000)
[    0.422233] pci 0000:00:15.6: BAR 13: can't assign io (size 0x1000)
[    0.422238] pci 0000:00:15.5: BAR 13: can't assign io (size 0x1000)
[    0.422242] pci 0000:00:15.4: BAR 13: can't assign io (size 0x1000)
[    0.422247] pci 0000:00:15.3: BAR 13: can't assign io (size 0x1000)
[    0.422252] pci 0000:00:01.0: PCI bridge to [bus 01-01]
[    0.422389] pci 0000:02:01.0: BAR 6: assigned [mem 0xd8400000-0xd840ffff pref]
[    0.422393] pci 0000:00:11.0: PCI bridge to [bus 02-02]
[    0.422412] pci 0000:00:11.0:   bridge window [io  0x2000-0x3fff]
[    0.422455] pci 0000:00:11.0:   bridge window [mem 0xc9000000-0xca3fffff]
[    0.422485] pci 0000:00:11.0:   bridge window [mem 0xd8400000-0xd89fffff 64bit pref]
[    0.422543] pci 0000:00:15.0: PCI bridge to [bus 03-03]
[    0.422563] pci 0000:00:15.0:   bridge window [io  0x4000-0x4fff]
[    0.422599] pci 0000:00:15.0:   bridge window [mem 0xca400000-0xca4fffff]
[    0.422622] pci 0000:00:15.0:   bridge window [mem 0xd8a00000-0xd8afffff 64bit pref]
[    0.422683] pci 0000:00:15.1: PCI bridge to [bus 04-04]
[    0.422697] pci 0000:00:15.1:   bridge window [io  0x8000-0x8fff]
[    0.422732] pci 0000:00:15.1:   bridge window [mem 0xca800000-0xca8fffff]
[    0.422755] pci 0000:00:15.1:   bridge window [mem 0xd8e00000-0xd8efffff 64bit pref]
[    0.422805] pci 0000:00:15.2: PCI bridge to [bus 05-05]
[    0.422819] pci 0000:00:15.2:   bridge window [io  0xc000-0xcfff]
[    0.422853] pci 0000:00:15.2:   bridge window [mem 0xcac00000-0xcacfffff]
[    0.422877] pci 0000:00:15.2:   bridge window [mem 0xd9200000-0xd92fffff 64bit pref]
[    0.422926] pci 0000:00:15.3: PCI bridge to [bus 06-06]
[    0.422960] pci 0000:00:15.3:   bridge window [mem 0xcb000000-0xcb0fffff]
[    0.422984] pci 0000:00:15.3:   bridge window [mem 0xd9600000-0xd96fffff 64bit pref]
[    0.423033] pci 0000:00:15.4: PCI bridge to [bus 07-07]
[    0.423067] pci 0000:00:15.4:   bridge window [mem 0xcb400000-0xcb4fffff]
[    0.423091] pci 0000:00:15.4:   bridge window [mem 0xd9a00000-0xd9afffff 64bit pref]
[    0.423140] pci 0000:00:15.5: PCI bridge to [bus 08-08]
[    0.423174] pci 0000:00:15.5:   bridge window [mem 0xcb800000-0xcb8fffff]
[    0.423198] pci 0000:00:15.5:   bridge window [mem 0xd9e00000-0xd9efffff 64bit pref]
[    0.423246] pci 0000:00:15.6: PCI bridge to [bus 09-09]
[    0.423281] pci 0000:00:15.6:   bridge window [mem 0xcbc00000-0xcbcfffff]
[    0.423304] pci 0000:00:15.6:   bridge window [mem 0xda200000-0xda2fffff 64bit pref]
[    0.423353] pci 0000:00:15.7: PCI bridge to [bus 0a-0a]
[    0.423388] pci 0000:00:15.7:   bridge window [mem 0xcc000000-0xcc0fffff]
[    0.423411] pci 0000:00:15.7:   bridge window [mem 0xda600000-0xda6fffff 64bit pref]
[    0.423460] pci 0000:00:16.0: PCI bridge to [bus 0b-0b]
[    0.423474] pci 0000:00:16.0:   bridge window [io  0x5000-0x5fff]
[    0.423508] pci 0000:00:16.0:   bridge window [mem 0xca500000-0xca5fffff]
[    0.423532] pci 0000:00:16.0:   bridge window [mem 0xd8b00000-0xd8bfffff 64bit pref]
[    0.423581] pci 0000:00:16.1: PCI bridge to [bus 0c-0c]
[    0.423595] pci 0000:00:16.1:   bridge window [io  0x9000-0x9fff]
[    0.423629] pci 0000:00:16.1:   bridge window [mem 0xca900000-0xca9fffff]
[    0.423653] pci 0000:00:16.1:   bridge window [mem 0xd8f00000-0xd8ffffff 64bit pref]
[    0.423703] pci 0000:00:16.2: PCI bridge to [bus 0d-0d]
[    0.423717] pci 0000:00:16.2:   bridge window [io  0xd000-0xdfff]
[    0.423751] pci 0000:00:16.2:   bridge window [mem 0xcad00000-0xcadfffff]
[    0.423775] pci 0000:00:16.2:   bridge window [mem 0xd9300000-0xd93fffff 64bit pref]
[    0.423824] pci 0000:00:16.3: PCI bridge to [bus 0e-0e]
[    0.423858] pci 0000:00:16.3:   bridge window [mem 0xcb100000-0xcb1fffff]
[    0.423882] pci 0000:00:16.3:   bridge window [mem 0xd9700000-0xd97fffff 64bit pref]
[    0.423931] pci 0000:00:16.4: PCI bridge to [bus 0f-0f]
[    0.423964] pci 0000:00:16.4:   bridge window [mem 0xcb500000-0xcb5fffff]
[    0.423988] pci 0000:00:16.4:   bridge window [mem 0xd9b00000-0xd9bfffff 64bit pref]
[    0.424037] pci 0000:00:16.5: PCI bridge to [bus 10-10]
[    0.424071] pci 0000:00:16.5:   bridge window [mem 0xcb900000-0xcb9fffff]
[    0.424095] pci 0000:00:16.5:   bridge window [mem 0xd9f00000-0xd9ffffff 64bit pref]
[    0.424144] pci 0000:00:16.6: PCI bridge to [bus 11-11]
[    0.424178] pci 0000:00:16.6:   bridge window [mem 0xcbd00000-0xcbdfffff]
[    0.424202] pci 0000:00:16.6:   bridge window [mem 0xda300000-0xda3fffff 64bit pref]
[    0.424251] pci 0000:00:16.7: PCI bridge to [bus 12-12]
[    0.424285] pci 0000:00:16.7:   bridge window [mem 0xcc100000-0xcc1fffff]
[    0.424309] pci 0000:00:16.7:   bridge window [mem 0xda700000-0xda7fffff 64bit pref]
[    0.424358] pci 0000:00:17.0: PCI bridge to [bus 13-13]
[    0.424372] pci 0000:00:17.0:   bridge window [io  0x6000-0x6fff]
[    0.424406] pci 0000:00:17.0:   bridge window [mem 0xca600000-0xca6fffff]
[    0.424430] pci 0000:00:17.0:   bridge window [mem 0xd8c00000-0xd8cfffff 64bit pref]
[    0.424479] pci 0000:00:17.1: PCI bridge to [bus 14-14]
[    0.424493] pci 0000:00:17.1:   bridge window [io  0xa000-0xafff]
[    0.424527] pci 0000:00:17.1:   bridge window [mem 0xcaa00000-0xcaafffff]
[    0.424551] pci 0000:00:17.1:   bridge window [mem 0xd9000000-0xd90fffff 64bit pref]
[    0.424599] pci 0000:00:17.2: PCI bridge to [bus 15-15]
[    0.424613] pci 0000:00:17.2:   bridge window [io  0xe000-0xefff]
[    0.424648] pci 0000:00:17.2:   bridge window [mem 0xcae00000-0xcaefffff]
[    0.424681] pci 0000:00:17.2:   bridge window [mem 0xd9400000-0xd94fffff 64bit pref]
[    0.424730] pci 0000:00:17.3: PCI bridge to [bus 16-16]
[    0.424765] pci 0000:00:17.3:   bridge window [mem 0xcb200000-0xcb2fffff]
[    0.424788] pci 0000:00:17.3:   bridge window [mem 0xd9800000-0xd98fffff 64bit pref]
[    0.424837] pci 0000:00:17.4: PCI bridge to [bus 17-17]
[    0.424871] pci 0000:00:17.4:   bridge window [mem 0xcb600000-0xcb6fffff]
[    0.424894] pci 0000:00:17.4:   bridge window [mem 0xd9c00000-0xd9cfffff 64bit pref]
[    0.424944] pci 0000:00:17.5: PCI bridge to [bus 18-18]
[    0.424978] pci 0000:00:17.5:   bridge window [mem 0xcba00000-0xcbafffff]
[    0.425002] pci 0000:00:17.5:   bridge window [mem 0xda000000-0xda0fffff 64bit pref]
[    0.425051] pci 0000:00:17.6: PCI bridge to [bus 19-19]
[    0.425084] pci 0000:00:17.6:   bridge window [mem 0xcbe00000-0xcbefffff]
[    0.425108] pci 0000:00:17.6:   bridge window [mem 0xda400000-0xda4fffff 64bit pref]
[    0.425157] pci 0000:00:17.7: PCI bridge to [bus 1a-1a]
[    0.425191] pci 0000:00:17.7:   bridge window [mem 0xcc200000-0xcc2fffff]
[    0.425215] pci 0000:00:17.7:   bridge window [mem 0xda800000-0xda8fffff 64bit pref]
[    0.425264] pci 0000:00:18.0: PCI bridge to [bus 1b-1b]
[    0.425278] pci 0000:00:18.0:   bridge window [io  0x7000-0x7fff]
[    0.425312] pci 0000:00:18.0:   bridge window [mem 0xca700000-0xca7fffff]
[    0.425336] pci 0000:00:18.0:   bridge window [mem 0xd8d00000-0xd8dfffff 64bit pref]
[    0.425384] pci 0000:00:18.1: PCI bridge to [bus 1c-1c]
[    0.425398] pci 0000:00:18.1:   bridge window [io  0xb000-0xbfff]
[    0.425432] pci 0000:00:18.1:   bridge window [mem 0xcab00000-0xcabfffff]
[    0.425456] pci 0000:00:18.1:   bridge window [mem 0xd9100000-0xd91fffff 64bit pref]
[    0.425505] pci 0000:00:18.2: PCI bridge to [bus 1d-1d]
[    0.425539] pci 0000:00:18.2:   bridge window [mem 0xcaf00000-0xcaffffff]
[    0.425563] pci 0000:00:18.2:   bridge window [mem 0xd9500000-0xd95fffff 64bit pref]
[    0.425612] pci 0000:00:18.3: PCI bridge to [bus 1e-1e]
[    0.425646] pci 0000:00:18.3:   bridge window [mem 0xcb300000-0xcb3fffff]
[    0.425683] pci 0000:00:18.3:   bridge window [mem 0xd9900000-0xd99fffff 64bit pref]
[    0.425733] pci 0000:00:18.4: PCI bridge to [bus 1f-1f]
[    0.425766] pci 0000:00:18.4:   bridge window [mem 0xcb700000-0xcb7fffff]
[    0.425790] pci 0000:00:18.4:   bridge window [mem 0xd9d00000-0xd9dfffff 64bit pref]
[    0.425839] pci 0000:00:18.5: PCI bridge to [bus 20-20]
[    0.425873] pci 0000:00:18.5:   bridge window [mem 0xcbb00000-0xcbbfffff]
[    0.425897] pci 0000:00:18.5:   bridge window [mem 0xda100000-0xda1fffff 64bit pref]
[    0.425976] pci 0000:00:18.6: PCI bridge to [bus 21-21]
[    0.426013] pci 0000:00:18.6:   bridge window [mem 0xcbf00000-0xcbffffff]
[    0.426036] pci 0000:00:18.6:   bridge window [mem 0xda500000-0xda5fffff 64bit pref]
[    0.426087] pci 0000:00:18.7: PCI bridge to [bus 22-22]
[    0.426126] pci 0000:00:18.7:   bridge window [mem 0xcc300000-0xcc3fffff]
[    0.426149] pci 0000:00:18.7:   bridge window [mem 0xda900000-0xda9fffff 64bit pref]
[    0.426236] pci 0000:00:01.0: setting latency timer to 64
[    0.426334] pci 0000:00:15.0: setting latency timer to 64
[    0.426390] pci 0000:00:15.1: setting latency timer to 64
[    0.426447] pci 0000:00:15.2: setting latency timer to 64
[    0.426503] pci 0000:00:15.3: setting latency timer to 64
[    0.426559] pci 0000:00:15.4: setting latency timer to 64
[    0.426616] pci 0000:00:15.5: setting latency timer to 64
[    0.426683] pci 0000:00:15.6: setting latency timer to 64
[    0.426739] pci 0000:00:15.7: setting latency timer to 64
[    0.426795] pci 0000:00:16.0: setting latency timer to 64
[    0.426852] pci 0000:00:16.1: setting latency timer to 64
[    0.426908] pci 0000:00:16.2: setting latency timer to 64
[    0.426964] pci 0000:00:16.3: setting latency timer to 64
[    0.427020] pci 0000:00:16.4: setting latency timer to 64
[    0.427076] pci 0000:00:16.5: setting latency timer to 64
[    0.427133] pci 0000:00:16.6: setting latency timer to 64
[    0.427189] pci 0000:00:16.7: setting latency timer to 64
[    0.427245] pci 0000:00:17.0: setting latency timer to 64
[    0.427301] pci 0000:00:17.1: setting latency timer to 64
[    0.427357] pci 0000:00:17.2: setting latency timer to 64
[    0.427413] pci 0000:00:17.3: setting latency timer to 64
[    0.427469] pci 0000:00:17.4: setting latency timer to 64
[    0.427526] pci 0000:00:17.5: setting latency timer to 64
[    0.427581] pci 0000:00:17.6: setting latency timer to 64
[    0.427638] pci 0000:00:17.7: setting latency timer to 64
[    0.427702] pci 0000:00:18.0: setting latency timer to 64
[    0.427759] pci 0000:00:18.1: setting latency timer to 64
[    0.427815] pci 0000:00:18.2: setting latency timer to 64
[    0.427871] pci 0000:00:18.3: setting latency timer to 64
[    0.427927] pci 0000:00:18.4: setting latency timer to 64
[    0.427990] pci 0000:00:18.5: setting latency timer to 64
[    0.428054] pci 0000:00:18.6: setting latency timer to 64
[    0.428111] pci 0000:00:18.7: setting latency timer to 64
[    0.428130] pci_bus 0000:00: resource 4 [mem 0x000a0000-0x000bffff]
[    0.428133] pci_bus 0000:00: resource 5 [mem 0x000cc000-0x000cffff]
[    0.428135] pci_bus 0000:00: resource 6 [mem 0x000d0000-0x000d3fff]
[    0.428137] pci_bus 0000:00: resource 7 [mem 0x000d4000-0x000d7fff]
[    0.428139] pci_bus 0000:00: resource 8 [mem 0x000d8000-0x000dbfff]
[    0.428141] pci_bus 0000:00: resource 9 [mem 0xc0000000-0xfebfffff]
[    0.428143] pci_bus 0000:00: resource 10 [io  0x0000-0x0cf7]
[    0.428145] pci_bus 0000:00: resource 11 [io  0x0d00-0xfeff]
[    0.428148] pci_bus 0000:02: resource 0 [io  0x2000-0x3fff]
[    0.428150] pci_bus 0000:02: resource 1 [mem 0xc9000000-0xca3fffff]
[    0.428152] pci_bus 0000:02: resource 2 [mem 0xd8400000-0xd89fffff 64bit pref]
[    0.428154] pci_bus 0000:02: resource 4 [mem 0x000a0000-0x000bffff]
[    0.428156] pci_bus 0000:02: resource 5 [mem 0x000cc000-0x000cffff]
[    0.428158] pci_bus 0000:02: resource 6 [mem 0x000d0000-0x000d3fff]
[    0.428160] pci_bus 0000:02: resource 7 [mem 0x000d4000-0x000d7fff]
[    0.428162] pci_bus 0000:02: resource 8 [mem 0x000d8000-0x000dbfff]
[    0.428164] pci_bus 0000:02: resource 9 [mem 0xc0000000-0xfebfffff]
[    0.428166] pci_bus 0000:02: resource 10 [io  0x0000-0x0cf7]
[    0.428168] pci_bus 0000:02: resource 11 [io  0x0d00-0xfeff]
[    0.428171] pci_bus 0000:03: resource 0 [io  0x4000-0x4fff]
[    0.428174] pci_bus 0000:03: resource 1 [mem 0xca400000-0xca4fffff]
[    0.428177] pci_bus 0000:03: resource 2 [mem 0xd8a00000-0xd8afffff 64bit pref]
[    0.428181] pci_bus 0000:04: resource 0 [io  0x8000-0x8fff]
[    0.428185] pci_bus 0000:04: resource 1 [mem 0xca800000-0xca8fffff]
[    0.428188] pci_bus 0000:04: resource 2 [mem 0xd8e00000-0xd8efffff 64bit pref]
[    0.428190] pci_bus 0000:05: resource 0 [io  0xc000-0xcfff]
[    0.428192] pci_bus 0000:05: resource 1 [mem 0xcac00000-0xcacfffff]
[    0.428194] pci_bus 0000:05: resource 2 [mem 0xd9200000-0xd92fffff 64bit pref]
[    0.428196] pci_bus 0000:06: resource 1 [mem 0xcb000000-0xcb0fffff]
[    0.428198] pci_bus 0000:06: resource 2 [mem 0xd9600000-0xd96fffff 64bit pref]
[    0.428201] pci_bus 0000:07: resource 1 [mem 0xcb400000-0xcb4fffff]
[    0.428203] pci_bus 0000:07: resource 2 [mem 0xd9a00000-0xd9afffff 64bit pref]
[    0.428205] pci_bus 0000:08: resource 1 [mem 0xcb800000-0xcb8fffff]
[    0.428207] pci_bus 0000:08: resource 2 [mem 0xd9e00000-0xd9efffff 64bit pref]
[    0.428209] pci_bus 0000:09: resource 1 [mem 0xcbc00000-0xcbcfffff]
[    0.428212] pci_bus 0000:09: resource 2 [mem 0xda200000-0xda2fffff 64bit pref]
[    0.428214] pci_bus 0000:0a: resource 1 [mem 0xcc000000-0xcc0fffff]
[    0.428216] pci_bus 0000:0a: resource 2 [mem 0xda600000-0xda6fffff 64bit pref]
[    0.428218] pci_bus 0000:0b: resource 0 [io  0x5000-0x5fff]
[    0.428220] pci_bus 0000:0b: resource 1 [mem 0xca500000-0xca5fffff]
[    0.428222] pci_bus 0000:0b: resource 2 [mem 0xd8b00000-0xd8bfffff 64bit pref]
[    0.428224] pci_bus 0000:0c: resource 0 [io  0x9000-0x9fff]
[    0.428226] pci_bus 0000:0c: resource 1 [mem 0xca900000-0xca9fffff]
[    0.428229] pci_bus 0000:0c: resource 2 [mem 0xd8f00000-0xd8ffffff 64bit pref]
[    0.428231] pci_bus 0000:0d: resource 0 [io  0xd000-0xdfff]
[    0.428233] pci_bus 0000:0d: resource 1 [mem 0xcad00000-0xcadfffff]
[    0.428235] pci_bus 0000:0d: resource 2 [mem 0xd9300000-0xd93fffff 64bit pref]
[    0.428237] pci_bus 0000:0e: resource 1 [mem 0xcb100000-0xcb1fffff]
[    0.428239] pci_bus 0000:0e: resource 2 [mem 0xd9700000-0xd97fffff 64bit pref]
[    0.428241] pci_bus 0000:0f: resource 1 [mem 0xcb500000-0xcb5fffff]
[    0.428244] pci_bus 0000:0f: resource 2 [mem 0xd9b00000-0xd9bfffff 64bit pref]
[    0.428246] pci_bus 0000:10: resource 1 [mem 0xcb900000-0xcb9fffff]
[    0.428248] pci_bus 0000:10: resource 2 [mem 0xd9f00000-0xd9ffffff 64bit pref]
[    0.428250] pci_bus 0000:11: resource 1 [mem 0xcbd00000-0xcbdfffff]
[    0.428252] pci_bus 0000:11: resource 2 [mem 0xda300000-0xda3fffff 64bit pref]
[    0.428255] pci_bus 0000:12: resource 1 [mem 0xcc100000-0xcc1fffff]
[    0.428257] pci_bus 0000:12: resource 2 [mem 0xda700000-0xda7fffff 64bit pref]
[    0.428259] pci_bus 0000:13: resource 0 [io  0x6000-0x6fff]
[    0.428261] pci_bus 0000:13: resource 1 [mem 0xca600000-0xca6fffff]
[    0.428263] pci_bus 0000:13: resource 2 [mem 0xd8c00000-0xd8cfffff 64bit pref]
[    0.428265] pci_bus 0000:14: resource 0 [io  0xa000-0xafff]
[    0.428267] pci_bus 0000:14: resource 1 [mem 0xcaa00000-0xcaafffff]
[    0.428269] pci_bus 0000:14: resource 2 [mem 0xd9000000-0xd90fffff 64bit pref]
[    0.428272] pci_bus 0000:15: resource 0 [io  0xe000-0xefff]
[    0.428274] pci_bus 0000:15: resource 1 [mem 0xcae00000-0xcaefffff]
[    0.428276] pci_bus 0000:15: resource 2 [mem 0xd9400000-0xd94fffff 64bit pref]
[    0.428278] pci_bus 0000:16: resource 1 [mem 0xcb200000-0xcb2fffff]
[    0.428280] pci_bus 0000:16: resource 2 [mem 0xd9800000-0xd98fffff 64bit pref]
[    0.428282] pci_bus 0000:17: resource 1 [mem 0xcb600000-0xcb6fffff]
[    0.428284] pci_bus 0000:17: resource 2 [mem 0xd9c00000-0xd9cfffff 64bit pref]
[    0.428287] pci_bus 0000:18: resource 1 [mem 0xcba00000-0xcbafffff]
[    0.428289] pci_bus 0000:18: resource 2 [mem 0xda000000-0xda0fffff 64bit pref]
[    0.428291] pci_bus 0000:19: resource 1 [mem 0xcbe00000-0xcbefffff]
[    0.428293] pci_bus 0000:19: resource 2 [mem 0xda400000-0xda4fffff 64bit pref]
[    0.428295] pci_bus 0000:1a: resource 1 [mem 0xcc200000-0xcc2fffff]
[    0.428298] pci_bus 0000:1a: resource 2 [mem 0xda800000-0xda8fffff 64bit pref]
[    0.428300] pci_bus 0000:1b: resource 0 [io  0x7000-0x7fff]
[    0.428302] pci_bus 0000:1b: resource 1 [mem 0xca700000-0xca7fffff]
[    0.428304] pci_bus 0000:1b: resource 2 [mem 0xd8d00000-0xd8dfffff 64bit pref]
[    0.428306] pci_bus 0000:1c: resource 0 [io  0xb000-0xbfff]
[    0.428308] pci_bus 0000:1c: resource 1 [mem 0xcab00000-0xcabfffff]
[    0.428310] pci_bus 0000:1c: resource 2 [mem 0xd9100000-0xd91fffff 64bit pref]
[    0.428312] pci_bus 0000:1d: resource 1 [mem 0xcaf00000-0xcaffffff]
[    0.428315] pci_bus 0000:1d: resource 2 [mem 0xd9500000-0xd95fffff 64bit pref]
[    0.428317] pci_bus 0000:1e: resource 1 [mem 0xcb300000-0xcb3fffff]
[    0.428319] pci_bus 0000:1e: resource 2 [mem 0xd9900000-0xd99fffff 64bit pref]
[    0.428321] pci_bus 0000:1f: resource 1 [mem 0xcb700000-0xcb7fffff]
[    0.428323] pci_bus 0000:1f: resource 2 [mem 0xd9d00000-0xd9dfffff 64bit pref]
[    0.428326] pci_bus 0000:20: resource 1 [mem 0xcbb00000-0xcbbfffff]
[    0.428328] pci_bus 0000:20: resource 2 [mem 0xda100000-0xda1fffff 64bit pref]
[    0.428330] pci_bus 0000:21: resource 1 [mem 0xcbf00000-0xcbffffff]
[    0.428332] pci_bus 0000:21: resource 2 [mem 0xda500000-0xda5fffff 64bit pref]
[    0.428334] pci_bus 0000:22: resource 1 [mem 0xcc300000-0xcc3fffff]
[    0.428336] pci_bus 0000:22: resource 2 [mem 0xda900000-0xda9fffff 64bit pref]
[    0.428379] NET: Registered protocol family 2
[    0.428420] IP route cache hash table entries: 32768 (order: 5, 131072 bytes)
[    0.428587] TCP established hash table entries: 131072 (order: 8, 1048576 bytes)
[    0.428776] TCP bind hash table entries: 65536 (order: 7, 524288 bytes)
[    0.428965] TCP: Hash tables configured (established 131072 bind 65536)
[    0.428968] TCP reno registered
[    0.428971] UDP hash table entries: 512 (order: 2, 16384 bytes)
[    0.428978] UDP-Lite hash table entries: 512 (order: 2, 16384 bytes)
[    0.429022] NET: Registered protocol family 1
[    0.429031] pci 0000:00:00.0: Limiting direct PCI/PCI transfers
[    0.429133] pci 0000:00:0f.0: Boot video device
[    0.429322] ACPI: PCI Interrupt Link [LNKC] enabled at IRQ 10
[    0.429325] PCI: setting IRQ 10 as level-triggered
[    0.429332] pci 0000:02:00.0: PCI INT A -> Link[LNKC] -> GSI 10 (level, low) -> IRQ 10
[    0.429451] pci 0000:02:00.0: PCI INT A disabled
[    0.429593] ACPI: PCI Interrupt Link [LNKB] enabled at IRQ 11
[    0.429595] PCI: setting IRQ 11 as level-triggered
[    0.429599] pci 0000:02:03.0: PCI INT A -> Link[LNKB] -> GSI 11 (level, low) -> IRQ 11
[    0.429665] pci 0000:02:03.0: PCI INT A disabled
[    0.429679] PCI: CLS 32 bytes, default 64
[    0.429723] Simple Boot Flag at 0x36 set to 0x1
[    0.429728] Switching to clocksource tsc
[    0.429876] audit: initializing netlink socket (disabled)
[    0.429880] type=2000 audit(1369641337.411:1): initialized
[    0.446183] Trying to unpack rootfs image as initramfs...
[    0.470076] highmem bounce pool size: 64 pages
[    0.470081] HugeTLB registered 2 MB page size, pre-allocated 0 pages
[    0.474165] VFS: Disk quotas dquot_6.5.2
[    0.474216] Dquot-cache hash table entries: 1024 (order 0, 4096 bytes)
[    0.474470] fuse init (API version 7.17)
[    0.474531] msgmni has been set to 1710
[    0.486139] Block layer SCSI generic (bsg) driver version 0.4 loaded (major 253)
[    0.489858] io scheduler noop registered
[    0.489860] io scheduler deadline registered
[    0.489868] io scheduler cfq registered (default)
[    0.490057] pcieport 0000:00:15.0: setting latency timer to 64
[    0.490246] pcieport 0000:00:15.0: irq 40 for MSI/MSI-X
[    0.490435] pcieport 0000:00:15.1: setting latency timer to 64
[    0.490624] pcieport 0000:00:15.1: irq 41 for MSI/MSI-X
[    0.490814] pcieport 0000:00:15.2: setting latency timer to 64
[    0.491003] pcieport 0000:00:15.2: irq 42 for MSI/MSI-X
[    0.491192] pcieport 0000:00:15.3: setting latency timer to 64
[    0.491381] pcieport 0000:00:15.3: irq 43 for MSI/MSI-X
[    0.491570] pcieport 0000:00:15.4: setting latency timer to 64
[    0.491759] pcieport 0000:00:15.4: irq 44 for MSI/MSI-X
[    0.491948] pcieport 0000:00:15.5: setting latency timer to 64
[    0.492137] pcieport 0000:00:15.5: irq 45 for MSI/MSI-X
[    0.492326] pcieport 0000:00:15.6: setting latency timer to 64
[    0.492516] pcieport 0000:00:15.6: irq 46 for MSI/MSI-X
[    0.492705] pcieport 0000:00:15.7: setting latency timer to 64
[    0.492894] pcieport 0000:00:15.7: irq 47 for MSI/MSI-X
[    0.493083] pcieport 0000:00:16.0: setting latency timer to 64
[    0.493272] pcieport 0000:00:16.0: irq 48 for MSI/MSI-X
[    0.493461] pcieport 0000:00:16.1: setting latency timer to 64
[    0.494006] pcieport 0000:00:16.1: irq 49 for MSI/MSI-X
[    0.494195] pcieport 0000:00:16.2: setting latency timer to 64
[    0.494384] pcieport 0000:00:16.2: irq 50 for MSI/MSI-X
[    0.494573] pcieport 0000:00:16.3: setting latency timer to 64
[    0.494762] pcieport 0000:00:16.3: irq 51 for MSI/MSI-X
[    0.494951] pcieport 0000:00:16.4: setting latency timer to 64
[    0.495141] pcieport 0000:00:16.4: irq 52 for MSI/MSI-X
[    0.495330] pcieport 0000:00:16.5: setting latency timer to 64
[    0.495519] pcieport 0000:00:16.5: irq 53 for MSI/MSI-X
[    0.495708] pcieport 0000:00:16.6: setting latency timer to 64
[    0.495897] pcieport 0000:00:16.6: irq 54 for MSI/MSI-X
[    0.496086] pcieport 0000:00:16.7: setting latency timer to 64
[    0.496275] pcieport 0000:00:16.7: irq 55 for MSI/MSI-X
[    0.496464] pcieport 0000:00:17.0: setting latency timer to 64
[    0.496653] pcieport 0000:00:17.0: irq 56 for MSI/MSI-X
[    0.496843] pcieport 0000:00:17.1: setting latency timer to 64
[    0.497032] pcieport 0000:00:17.1: irq 57 for MSI/MSI-X
[    0.497221] pcieport 0000:00:17.2: setting latency timer to 64
[    0.497410] pcieport 0000:00:17.2: irq 58 for MSI/MSI-X
[    0.502133] pcieport 0000:00:17.3: setting latency timer to 64
[    0.502322] pcieport 0000:00:17.3: irq 59 for MSI/MSI-X
[    0.502511] pcieport 0000:00:17.4: setting latency timer to 64
[    0.502700] pcieport 0000:00:17.4: irq 60 for MSI/MSI-X
[    0.502890] pcieport 0000:00:17.5: setting latency timer to 64
[    0.503079] pcieport 0000:00:17.5: irq 61 for MSI/MSI-X
[    0.503268] pcieport 0000:00:17.6: setting latency timer to 64
[    0.503457] pcieport 0000:00:17.6: irq 62 for MSI/MSI-X
[    0.503646] pcieport 0000:00:17.7: setting latency timer to 64
[    0.503835] pcieport 0000:00:17.7: irq 63 for MSI/MSI-X
[    0.504024] pcieport 0000:00:18.0: setting latency timer to 64
[    0.504213] pcieport 0000:00:18.0: irq 64 for MSI/MSI-X
[    0.504403] pcieport 0000:00:18.1: setting latency timer to 64
[    0.504592] pcieport 0000:00:18.1: irq 65 for MSI/MSI-X
[    0.504781] pcieport 0000:00:18.2: setting latency timer to 64
[    0.504970] pcieport 0000:00:18.2: irq 66 for MSI/MSI-X
[    0.505159] pcieport 0000:00:18.3: setting latency timer to 64
[    0.505348] pcieport 0000:00:18.3: irq 67 for MSI/MSI-X
[    0.505896] pcieport 0000:00:18.4: setting latency timer to 64
[    0.509935] pcieport 0000:00:18.4: irq 68 for MSI/MSI-X
[    0.510124] pcieport 0000:00:18.5: setting latency timer to 64
[    0.510313] pcieport 0000:00:18.5: irq 69 for MSI/MSI-X
[    0.510502] pcieport 0000:00:18.6: setting latency timer to 64
[    0.510691] pcieport 0000:00:18.6: irq 70 for MSI/MSI-X
[    0.510880] pcieport 0000:00:18.7: setting latency timer to 64
[    0.511070] pcieport 0000:00:18.7: irq 71 for MSI/MSI-X
[    0.511259] pcieport 0000:00:15.0: Signaling PME through PCIe PME interrupt
[    0.511284] pcie_pme 0000:00:15.0:pcie01: service driver pcie_pme loaded
[    0.511420] pcieport 0000:00:15.1: Signaling PME through PCIe PME interrupt
[    0.511447] pcie_pme 0000:00:15.1:pcie01: service driver pcie_pme loaded
[    0.511566] pcieport 0000:00:15.2: Signaling PME through PCIe PME interrupt
[    0.511590] pcie_pme 0000:00:15.2:pcie01: service driver pcie_pme loaded
[    0.511709] pcieport 0000:00:15.3: Signaling PME through PCIe PME interrupt
[    0.511734] pcie_pme 0000:00:15.3:pcie01: service driver pcie_pme loaded
[    0.511851] pcieport 0000:00:15.4: Signaling PME through PCIe PME interrupt
[    0.511876] pcie_pme 0000:00:15.4:pcie01: service driver pcie_pme loaded
[    0.511994] pcieport 0000:00:15.5: Signaling PME through PCIe PME interrupt
[    0.512019] pcie_pme 0000:00:15.5:pcie01: service driver pcie_pme loaded
[    0.512137] pcieport 0000:00:15.6: Signaling PME through PCIe PME interrupt
[    0.512162] pcie_pme 0000:00:15.6:pcie01: service driver pcie_pme loaded
[    0.512280] pcieport 0000:00:15.7: Signaling PME through PCIe PME interrupt
[    0.512305] pcie_pme 0000:00:15.7:pcie01: service driver pcie_pme loaded
[    0.512448] pcieport 0000:00:16.0: Signaling PME through PCIe PME interrupt
[    0.512479] pcie_pme 0000:00:16.0:pcie01: service driver pcie_pme loaded
[    0.512599] pcieport 0000:00:16.1: Signaling PME through PCIe PME interrupt
[    0.512624] pcie_pme 0000:00:16.1:pcie01: service driver pcie_pme loaded
[    0.512747] pcieport 0000:00:16.2: Signaling PME through PCIe PME interrupt
[    0.512772] pcie_pme 0000:00:16.2:pcie01: service driver pcie_pme loaded
[    0.512891] pcieport 0000:00:16.3: Signaling PME through PCIe PME interrupt
[    0.512916] pcie_pme 0000:00:16.3:pcie01: service driver pcie_pme loaded
[    0.513034] pcieport 0000:00:16.4: Signaling PME through PCIe PME interrupt
[    0.513058] pcie_pme 0000:00:16.4:pcie01: service driver pcie_pme loaded
[    0.513176] pcieport 0000:00:16.5: Signaling PME through PCIe PME interrupt
[    0.513201] pcie_pme 0000:00:16.5:pcie01: service driver pcie_pme loaded
[    0.513318] pcieport 0000:00:16.6: Signaling PME through PCIe PME interrupt
[    0.513344] pcie_pme 0000:00:16.6:pcie01: service driver pcie_pme loaded
[    0.513476] pcieport 0000:00:16.7: Signaling PME through PCIe PME interrupt
[    0.513501] pcie_pme 0000:00:16.7:pcie01: service driver pcie_pme loaded
[    0.513619] pcieport 0000:00:17.0: Signaling PME through PCIe PME interrupt
[    0.513644] pcie_pme 0000:00:17.0:pcie01: service driver pcie_pme loaded
[    0.513762] pcieport 0000:00:17.1: Signaling PME through PCIe PME interrupt
[    0.513764] pcie_pme 0000:00:17.1:pcie01: service driver pcie_pme loaded
[    0.518075] pcieport 0000:00:17.2: Signaling PME through PCIe PME interrupt
[    0.518102] pcie_pme 0000:00:17.2:pcie01: service driver pcie_pme loaded
[    0.518224] pcieport 0000:00:17.3: Signaling PME through PCIe PME interrupt
[    0.518249] pcie_pme 0000:00:17.3:pcie01: service driver pcie_pme loaded
[    0.518368] pcieport 0000:00:17.4: Signaling PME through PCIe PME interrupt
[    0.518393] pcie_pme 0000:00:17.4:pcie01: service driver pcie_pme loaded
[    0.518512] pcieport 0000:00:17.5: Signaling PME through PCIe PME interrupt
[    0.518537] pcie_pme 0000:00:17.5:pcie01: service driver pcie_pme loaded
[    0.518656] pcieport 0000:00:17.6: Signaling PME through PCIe PME interrupt
[    0.518682] pcie_pme 0000:00:17.6:pcie01: service driver pcie_pme loaded
[    0.518809] pcieport 0000:00:17.7: Signaling PME through PCIe PME interrupt
[    0.518834] pcie_pme 0000:00:17.7:pcie01: service driver pcie_pme loaded
[    0.518952] pcieport 0000:00:18.0: Signaling PME through PCIe PME interrupt
[    0.518977] pcie_pme 0000:00:18.0:pcie01: service driver pcie_pme loaded
[    0.519096] pcieport 0000:00:18.1: Signaling PME through PCIe PME interrupt
[    0.519121] pcie_pme 0000:00:18.1:pcie01: service driver pcie_pme loaded
[    0.519239] pcieport 0000:00:18.2: Signaling PME through PCIe PME interrupt
[    0.519264] pcie_pme 0000:00:18.2:pcie01: service driver pcie_pme loaded
[    0.519383] pcieport 0000:00:18.3: Signaling PME through PCIe PME interrupt
[    0.519408] pcie_pme 0000:00:18.3:pcie01: service driver pcie_pme loaded
[    0.519526] pcieport 0000:00:18.4: Signaling PME through PCIe PME interrupt
[    0.519551] pcie_pme 0000:00:18.4:pcie01: service driver pcie_pme loaded
[    0.519670] pcieport 0000:00:18.5: Signaling PME through PCIe PME interrupt
[    0.519695] pcie_pme 0000:00:18.5:pcie01: service driver pcie_pme loaded
[    0.519814] pcieport 0000:00:18.6: Signaling PME through PCIe PME interrupt
[    0.519839] pcie_pme 0000:00:18.6:pcie01: service driver pcie_pme loaded
[    0.519957] pcieport 0000:00:18.7: Signaling PME through PCIe PME interrupt
[    0.519982] pcie_pme 0000:00:18.7:pcie01: service driver pcie_pme loaded
[    0.520002] pci_hotplug: PCI Hot Plug PCI Core version: 0.5
[    0.520191] pciehp 0000:00:15.0:pcie04: HPC vendor_id 15ad device_id 7a0 ss_vid 15ad ss_did 7a0
[    0.520260] pciehp 0000:00:15.0:pcie04: service driver pciehp loaded
[    0.520330] pciehp 0000:00:15.1:pcie04: HPC vendor_id 15ad device_id 7a0 ss_vid 15ad ss_did 7a0
[    0.520406] pciehp 0000:00:15.1:pcie04: service driver pciehp loaded
[    0.520482] pciehp 0000:00:15.2:pcie04: HPC vendor_id 15ad device_id 7a0 ss_vid 15ad ss_did 7a0
[    0.520548] pciehp 0000:00:15.2:pcie04: service driver pciehp loaded
[    0.520618] pciehp 0000:00:15.3:pcie04: HPC vendor_id 15ad device_id 7a0 ss_vid 15ad ss_did 7a0
[    0.520687] pciehp 0000:00:15.3:pcie04: service driver pciehp loaded
[    0.520756] pciehp 0000:00:15.4:pcie04: HPC vendor_id 15ad device_id 7a0 ss_vid 15ad ss_did 7a0
[    0.520821] pciehp 0000:00:15.4:pcie04: service driver pciehp loaded
[    0.520891] pciehp 0000:00:15.5:pcie04: HPC vendor_id 15ad device_id 7a0 ss_vid 15ad ss_did 7a0
[    0.520963] pciehp 0000:00:15.5:pcie04: service driver pciehp loaded
[    0.521047] pciehp 0000:00:15.6:pcie04: HPC vendor_id 15ad device_id 7a0 ss_vid 15ad ss_did 7a0
[    0.521114] pciehp 0000:00:15.6:pcie04: service driver pciehp loaded
[    0.521190] pciehp 0000:00:15.7:pcie04: HPC vendor_id 15ad device_id 7a0 ss_vid 15ad ss_did 7a0
[    0.521273] pciehp 0000:00:15.7:pcie04: service driver pciehp loaded
[    0.521358] pciehp 0000:00:16.0:pcie04: HPC vendor_id 15ad device_id 7a0 ss_vid 15ad ss_did 7a0
[    0.521448] pciehp 0000:00:16.0:pcie04: service driver pciehp loaded
[    0.521533] pciehp 0000:00:16.1:pcie04: HPC vendor_id 15ad device_id 7a0 ss_vid 15ad ss_did 7a0
[    0.521613] pciehp 0000:00:16.1:pcie04: service driver pciehp loaded
[    0.521698] pciehp 0000:00:16.2:pcie04: HPC vendor_id 15ad device_id 7a0 ss_vid 15ad ss_did 7a0
[    0.521708] pciehp 0000:00:16.2:pcie04: service driver pciehp loaded
[    0.525915] pciehp 0000:00:16.3:pcie04: HPC vendor_id 15ad device_id 7a0 ss_vid 15ad ss_did 7a0
[    0.526008] pciehp 0000:00:16.3:pcie04: service driver pciehp loaded
[    0.526087] pciehp 0000:00:16.4:pcie04: HPC vendor_id 15ad device_id 7a0 ss_vid 15ad ss_did 7a0
[    0.526173] pciehp 0000:00:16.4:pcie04: service driver pciehp loaded
[    0.526255] pciehp 0000:00:16.5:pcie04: HPC vendor_id 15ad device_id 7a0 ss_vid 15ad ss_did 7a0
[    0.526324] pciehp 0000:00:16.5:pcie04: service driver pciehp loaded
[    0.526395] pciehp 0000:00:16.6:pcie04: HPC vendor_id 15ad device_id 7a0 ss_vid 15ad ss_did 7a0
[    0.526461] pciehp 0000:00:16.6:pcie04: service driver pciehp loaded
[    0.526532] pciehp 0000:00:16.7:pcie04: HPC vendor_id 15ad device_id 7a0 ss_vid 15ad ss_did 7a0
[    0.526599] pciehp 0000:00:16.7:pcie04: service driver pciehp loaded
[    0.526670] pciehp 0000:00:17.0:pcie04: HPC vendor_id 15ad device_id 7a0 ss_vid 15ad ss_did 7a0
[    0.526741] pciehp 0000:00:17.0:pcie04: service driver pciehp loaded
[    0.526837] pciehp 0000:00:17.1:pcie04: HPC vendor_id 15ad device_id 7a0 ss_vid 15ad ss_did 7a0
[    0.526905] pciehp 0000:00:17.1:pcie04: service driver pciehp loaded
[    0.526980] pciehp 0000:00:17.2:pcie04: HPC vendor_id 15ad device_id 7a0 ss_vid 15ad ss_did 7a0
[    0.527046] pciehp 0000:00:17.2:pcie04: service driver pciehp loaded
[    0.527117] pciehp 0000:00:17.3:pcie04: HPC vendor_id 15ad device_id 7a0 ss_vid 15ad ss_did 7a0
[    0.527183] pciehp 0000:00:17.3:pcie04: service driver pciehp loaded
[    0.527254] pciehp 0000:00:17.4:pcie04: HPC vendor_id 15ad device_id 7a0 ss_vid 15ad ss_did 7a0
[    0.527319] pciehp 0000:00:17.4:pcie04: service driver pciehp loaded
[    0.527390] pciehp 0000:00:17.5:pcie04: HPC vendor_id 15ad device_id 7a0 ss_vid 15ad ss_did 7a0
[    0.527458] pciehp 0000:00:17.5:pcie04: service driver pciehp loaded
[    0.527529] pciehp 0000:00:17.6:pcie04: HPC vendor_id 15ad device_id 7a0 ss_vid 15ad ss_did 7a0
[    0.527600] pciehp 0000:00:17.6:pcie04: service driver pciehp loaded
[    0.527670] pciehp 0000:00:17.7:pcie04: HPC vendor_id 15ad device_id 7a0 ss_vid 15ad ss_did 7a0
[    0.527736] pciehp 0000:00:17.7:pcie04: service driver pciehp loaded
[    0.527808] pciehp 0000:00:18.0:pcie04: HPC vendor_id 15ad device_id 7a0 ss_vid 15ad ss_did 7a0
[    0.527873] pciehp 0000:00:18.0:pcie04: service driver pciehp loaded
[    0.527945] pciehp 0000:00:18.1:pcie04: HPC vendor_id 15ad device_id 7a0 ss_vid 15ad ss_did 7a0
[    0.528010] pciehp 0000:00:18.1:pcie04: service driver pciehp loaded
[    0.528081] pciehp 0000:00:18.2:pcie04: HPC vendor_id 15ad device_id 7a0 ss_vid 15ad ss_did 7a0
[    0.528146] pciehp 0000:00:18.2:pcie04: service driver pciehp loaded
[    0.528217] pciehp 0000:00:18.3:pcie04: HPC vendor_id 15ad device_id 7a0 ss_vid 15ad ss_did 7a0
[    0.528282] pciehp 0000:00:18.3:pcie04: service driver pciehp loaded
[    0.528356] pciehp 0000:00:18.4:pcie04: HPC vendor_id 15ad device_id 7a0 ss_vid 15ad ss_did 7a0
[    0.528435] pciehp 0000:00:18.4:pcie04: service driver pciehp loaded
[    0.528513] pciehp 0000:00:18.5:pcie04: HPC vendor_id 15ad device_id 7a0 ss_vid 15ad ss_did 7a0
[    0.528582] pciehp 0000:00:18.5:pcie04: service driver pciehp loaded
[    0.528653] pciehp 0000:00:18.6:pcie04: HPC vendor_id 15ad device_id 7a0 ss_vid 15ad ss_did 7a0
[    0.528723] pciehp 0000:00:18.6:pcie04: service driver pciehp loaded
[    0.528810] pciehp 0000:00:18.7:pcie04: HPC vendor_id 15ad device_id 7a0 ss_vid 15ad ss_did 7a0
[    0.528887] pciehp 0000:00:18.7:pcie04: service driver pciehp loaded
[    0.528897] pciehp: PCI Express Hot Plug Controller Driver version: 0.4
[    0.529077] ACPI: Deprecated procfs I/F for AC is loaded, please retry with CONFIG_ACPI_PROCFS_POWER cleared
[    0.529177] ACPI: AC Adapter [ACAD] (on-line)
[    0.534068] input: Power Button as /devices/LNXSYSTM:00/LNXPWRBN:00/input/input0
[    0.534074] ACPI: Power Button [PWRF]
[    0.557967] ERST: Table is not found!
[    0.557971] GHES: HEST is not enabled!
[    0.558075] Serial: 8250/16550 driver, 32 ports, IRQ sharing enabled
[    0.581947] serial8250: ttyS0 at I/O 0x3f8 (irq = 4) is a 16550A
[    0.581991] isapnp: Scanning for PnP cards...
[    0.673989] serial8250: ttyS1 at I/O 0x2f8 (irq = 3) is a 16550A
[    0.717762] 00:0a: ttyS0 at I/O 0x3f8 (irq = 4) is a 16550A
[    0.805947] 00:0b: ttyS1 at I/O 0x2f8 (irq = 3) is a 16550A
[    0.829714] Linux agpgart interface v0.103
[    0.829822] agpgart-intel 0000:00:00.0: Intel 440BX Chipset
[    0.830045] agpgart-intel 0000:00:00.0: AGP aperture is 256M @ 0x0
[    0.830895] brd: module loaded
[    0.831376] loop: module loaded
[    0.831493] ata_piix 0000:00:07.1: version 2.13
[    0.875342] scsi0 : ata_piix
[    0.877317] scsi1 : ata_piix
[    0.877375] ata1: PATA max UDMA/33 cmd 0x1f0 ctl 0x3f6 bmdma 0x10c0 irq 14
[    0.877378] ata2: PATA max UDMA/33 cmd 0x170 ctl 0x376 bmdma 0x10c8 irq 15
[    0.877571] Fixed MDIO Bus: probed
[    0.877584] tun: Universal TUN/TAP device driver, 1.6
[    0.877585] tun: (C) 1999-2004 Max Krasnyansky <maxk@qualcomm.com>
[    0.877644] PPP generic driver version 2.4.2
[    0.877707] ehci_hcd: USB 2.0 'Enhanced' Host Controller (EHCI) Driver
[    0.877744] ehci_hcd 0000:02:03.0: PCI INT A -> Link[LNKB] -> GSI 11 (level, low) -> IRQ 11
[    0.877797] ehci_hcd 0000:02:03.0: EHCI Host Controller
[    0.877835] ehci_hcd 0000:02:03.0: new USB bus registered, assigned bus number 1
[    0.877943] ehci_hcd 0000:02:03.0: cache line size of 32 is not supported
[    0.877953] ehci_hcd 0000:02:03.0: irq 11, io mem 0xc9000000
[    0.889280] ehci_hcd 0000:02:03.0: USB 2.0 started, EHCI 1.00
[    0.889398] hub 1-0:1.0: USB hub found
[    0.889403] hub 1-0:1.0: 6 ports detected
[    0.889454] ohci_hcd: USB 1.1 'Open' Host Controller (OHCI) Driver
[    0.889468] uhci_hcd: USB Universal Host Controller Interface driver
[    0.889509] uhci_hcd 0000:02:00.0: PCI INT A -> Link[LNKC] -> GSI 10 (level, low) -> IRQ 10
[    0.889551] uhci_hcd 0000:02:00.0: UHCI Host Controller
[    0.889588] uhci_hcd 0000:02:00.0: new USB bus registered, assigned bus number 2
[    0.889697] uhci_hcd 0000:02:00.0: irq 10, io base 0x000020c0
[    0.889811] hub 2-0:1.0: USB hub found
[    0.889815] hub 2-0:1.0: 2 ports detected
[    0.889867] usbcore: registered new interface driver libusual
[    0.889905] i8042: PNP: PS/2 Controller [PNP0303:KBC,PNP0f13:MOUS] at 0x60,0x64 irq 1,12
[    0.890239] serio: i8042 KBD port at 0x60,0x64 irq 1
[    0.890246] serio: i8042 AUX port at 0x60,0x64 irq 12
[    0.890335] mousedev: PS/2 mouse device common for all mice
[    0.890621] rtc_cmos 00:04: rtc core: registered rtc_cmos as rtc0
[    0.890639] rtc0: alarms up to one month, y3k, 114 bytes nvram, hpet irqs
[    0.890708] device-mapper: uevent: version 1.0.3
[    0.890760] device-mapper: ioctl: 4.22.0-ioctl (2011-10-19) initialised: dm-devel@redhat.com
[    0.890784] EISA: Probing bus 0 at eisa.0
[    0.890786] EISA: Cannot allocate resource for mainboard
[    0.890787] Cannot allocate resource for EISA slot 1
[    0.890789] Cannot allocate resource for EISA slot 2
[    0.890791] Cannot allocate resource for EISA slot 3
[    0.890792] Cannot allocate resource for EISA slot 4
[    0.890794] Cannot allocate resource for EISA slot 5
[    0.890795] Cannot allocate resource for EISA slot 6
[    0.890797] Cannot allocate resource for EISA slot 7
[    0.890798] Cannot allocate resource for EISA slot 8
[    0.890800] EISA: Detected 0 cards.
[    0.890807] cpufreq-nforce2: No nForce2 chipset.
[    0.890809] cpuidle: using governor ladder
[    0.890811] cpuidle: using governor menu
[    0.890813] EFI Variables Facility v0.08 2004-May-17
[    0.890864] TCP cubic registered
[    0.890916] NET: Registered protocol family 10
[    0.890967] NET: Registered protocol family 17
[    0.890971] Registering the dns_resolver key type
[    0.890987] Using IPI No-Shortcut mode
[    0.891047] PM: Hibernation image not present or could not be loaded.
[    0.891055] registered taskstats version 1
[    0.891517] input: AT Translated Set 2 keyboard as /devices/platform/i8042/serio0/input/input1
[    0.973234] Freeing initrd memory: 13836k freed
[    0.977229]   Magic number: 13:653:926
[    0.977339] rtc_cmos 00:04: setting system clock to 2013-05-27 07:55:38 UTC (1369641338)
[    0.977353] BIOS EDD facility v0.16 2004-Jun-25, 0 devices found
[    0.977354] EDD information not available.
[    1.143695] ata2.00: ATAPI: VMware Virtual IDE CDROM Drive, 00000001, max UDMA/33
[    1.187364] isapnp: No Plug & Play device found
[    1.187576] ata2.00: configured for UDMA/33
[    1.188024] scsi 1:0:0:0: CD-ROM            NECVMWar VMware IDE CDR10 1.00 PQ: 0 ANSI: 5
[    1.188620] sr0: scsi3-mmc drive: 306x/306x cd/rw xa/form2 cdda tray
[    1.188623] cdrom: Uniform CD-ROM driver Revision: 3.20
[    1.188721] sr 1:0:0:0: Attached scsi CD-ROM sr0
[    1.188770] sr 1:0:0:0: Attached scsi generic sg0 type 5
[    1.188792] Freeing unused kernel memory: 740k freed
[    1.188792] Write protecting the kernel text: 5816k
[    1.188792] Write protecting the kernel read-only data: 2376k
[    1.188793] NX-protecting the kernel data: 4424k
[    1.199860] udevd[85]: starting version 175
[    1.217231] VMware vmxnet3 virtual NIC driver - version 1.1.29.0-k-NAPI
[    1.220055] VMware PVSCSI driver - version 1.0.1.0-k
[    1.224829] VMware vmxnet virtual NIC driver
[    1.224881] ACPI: PCI Interrupt Link [LNKD] enabled at IRQ 5
[    1.224884] PCI: setting IRQ 5 as level-triggered
[    1.224890] vmxnet 0000:02:01.0: PCI INT A -> Link[LNKD] -> GSI 5 (level, low) -> IRQ 5
[    1.224942] Found vmxnet/PCI at 0x2024, irq 5.
[    1.224993] features:
[    1.225008] numRxBuffers = 100, numRxBuffers2 = 1
[    1.225060] vmxnet 0000:02:01.0: eth0: set_features() failed (-1); wanted 0x00004000, left 0x00004800
[    1.247223] Fusion MPT base driver 3.04.20
[    1.247225] Copyright (c) 1999-2008 LSI Corporation
[    1.247409] Fusion MPT SPI Host driver 3.04.20
[    1.247449] mptspi 0000:00:10.0: PCI INT A -> Link[LNKB] -> GSI 11 (level, low) -> IRQ 11
[    1.252770] usb 2-1: new full-speed USB device number 2 using uhci_hcd
[    1.252816] mptbase: ioc0: Initiating bringup
[    1.270013] Floppy drive(s): fd0 is 1.44M
[    1.285002] FDC 0 is a post-1991 82077
[    1.324690] ioc0: LSI53C1030 B0: Capabilities={Initiator}
[    1.385310] input: VMware VMware Virtual USB Mouse as /devices/pci0000:00/0000:00:11.0/0000:02:00.0/usb2/2-1/2-1:1.0/input/input2
[    1.385483] generic-usb 0003:0E0F:0003.0001: input,hidraw0: USB HID v1.10 Mouse [VMware VMware Virtual USB Mouse] on usb-0000:02:00.0-1/input0
[    1.386014] input: VMware VMware Virtual USB Mouse as /devices/pci0000:00/0000:00:11.0/0000:02:00.0/usb2/2-1/2-1:1.1/input/input3
[    1.386175] generic-usb 0003:0E0F:0003.0002: input,hidraw1: USB HID v1.10 Mouse [VMware VMware Virtual USB Mouse] on usb-0000:02:00.0-1/input1
[    1.386315] usbcore: registered new interface driver usbhid
[    1.386317] usbhid: USB HID core driver
[    1.486378] scsi2 : ioc0: LSI53C1030 B0, FwRev=01032920h, Ports=1, MaxQ=128, IRQ=11
[    1.492388] usb 2-2: new full-speed USB device number 3 using uhci_hcd
[    1.597062] scsi 2:0:0:0: Direct-Access     VMware,  VMware Virtual S 1.0  PQ: 0 ANSI: 2
[    1.597071] scsi target2:0:0: Beginning Domain Validation
[    1.597637] scsi target2:0:0: Domain Validation skipping write tests
[    1.597640] scsi target2:0:0: Ending Domain Validation
[    1.597692] scsi target2:0:0: FAST-40 WIDE SCSI 80.0 MB/s ST (25 ns, offset 127)
[    1.599836] sd 2:0:0:0: [sda] 41943040 512-byte logical blocks: (21.4 GB/20.0 GiB)
[    1.599891] sd 2:0:0:0: [sda] Write Protect is off
[    1.599895] sd 2:0:0:0: [sda] Mode Sense: 61 00 00 00
[    1.599949] sd 2:0:0:0: [sda] Cache data unavailable
[    1.599951] sd 2:0:0:0: [sda] Assuming drive cache: write through
[    1.600253] sd 2:0:0:0: [sda] Cache data unavailable
[    1.600255] sd 2:0:0:0: [sda] Assuming drive cache: write through
[    1.600966] sd 2:0:0:0: Attached scsi generic sg1 type 0
[    1.601553]  sda: sda1 sda2 < sda5 >
[    1.601894] sd 2:0:0:0: [sda] Cache data unavailable
[    1.601897] sd 2:0:0:0: [sda] Assuming drive cache: write through
[    1.601899] sd 2:0:0:0: [sda] Attached SCSI disk
[    1.630501] hub 2-2:1.0: USB hub found
[    1.632206] hub 2-2:1.0: 7 ports detected
[    1.641319] EXT4-fs (sda1): INFO: recovery required on readonly filesystem
[    1.641325] EXT4-fs (sda1): write access will be enabled during recovery
[    1.783856] EXT4-fs (sda1): recovery complete
[    1.784469] EXT4-fs (sda1): mounted filesystem with ordered data mode. Opts: (null)
[    3.394669] ADDRCONF(NETDEV_UP): eth0: link is not ready
[    3.407299] udevd[325]: starting version 175
[    3.465082] lp: driver loaded but no devices found
[    3.483003] Adding 1046524k swap on /dev/sda5.  Priority:-1 extents:1 across:1046524k 
[    3.538631] EXT4-fs (sda1): re-mounted. Opts: errors=remount-ro
[    3.555137] shpchp: Standard Hot Plug PCI Controller Driver version: 0.4
[    3.560703] [390]: VMCI: shared components initialized.
[    3.560726] Probing for vmci/PCI.
[    3.560882] ACPI: PCI Interrupt Link [LNKA] enabled at IRQ 9
[    3.560885] PCI: setting IRQ 9 as level-triggered
[    3.560891] vmci 0000:00:07.7: PCI INT A -> Link[LNKA] -> GSI 9 (level, low) -> IRQ 9
[    3.560933] Found vmci/PCI at 0x1080, irq 9.
[    3.560961] VMCI: using capabilities 0xc.
[    3.561030] [390]: VMCI: Host capability check passed.
[    3.561284] vmci 0000:00:07.7: irq 72 for MSI/MSI-X
[    3.561320] vmci 0000:00:07.7: irq 73 for MSI/MSI-X
[    3.588209] Registered vmci device.
[    3.588343] piix4_smbus 0000:00:07.3: Host SMBus controller not enabled!
[    3.605470] [390]: VMCI: Using guest personality
[    3.605476] [390]: VMCI: host components initialized.
[    3.606631] [390]: VMCI: Module registered (name=vmci,major=10,minor=57).
[    3.606635] [390]: VMCI: Using host personality
[    3.606638] [390]: VMCI: Module (name=vmci) is initialized
[    3.672888] ppdev: user-space parallel port driver
[    3.673465] parport_pc 00:09: reported by Plug and Play ACPI
[    3.673652] parport0: PC-style at 0x378, irq 7 [PCSPP,TRISTATE]
[    3.685053] Bluetooth: Core ver 2.16
[    3.692276] NET: Registered protocol family 31
[    3.692281] Bluetooth: HCI device and connection manager initialized
[    3.692285] Bluetooth: HCI socket layer initialized
[    3.692287] Bluetooth: L2CAP socket layer initialized
[    3.692295] Bluetooth: SCO socket layer initialized
[    3.716790] Bluetooth: BNEP (Ethernet Emulation) ver 1.3
[    3.716794] Bluetooth: BNEP filters: protocol multicast
[    3.769229] lp0: using parport0 (interrupt-driven).
[    3.780281] type=1400 audit(1369641341.302:2): apparmor="STATUS" operation="profile_load" name="/usr/lib/cups/backend/cups-pdf" pid=567 comm="apparmor_parser"
[    3.782880] type=1400 audit(1369641341.306:3): apparmor="STATUS" operation="profile_load" name="/usr/sbin/cupsd" pid=567 comm="apparmor_parser"
[    3.808315] Bluetooth: RFCOMM TTY layer initialized
[    3.808323] Bluetooth: RFCOMM socket layer initialized
[    3.808325] Bluetooth: RFCOMM ver 1.11
[    3.869051] type=1400 audit(1369641341.394:4): apparmor="STATUS" operation="profile_load" name="/sbin/dhclient" pid=597 comm="apparmor_parser"
[    3.869140] type=1400 audit(1369641341.394:5): apparmor="STATUS" operation="profile_load" name="/usr/lib/NetworkManager/nm-dhcp-client.action" pid=597 comm="apparmor_parser"
[    3.869214] type=1400 audit(1369641341.394:6): apparmor="STATUS" operation="profile_load" name="/usr/lib/connman/scripts/dhclient-script" pid=597 comm="apparmor_parser"
[    4.100638] input: ImPS/2 Generic Wheel Mouse as /devices/platform/i8042/serio1/input/input4
[    4.108281] snd_ens1371 0000:02:02.0: PCI INT A -> Link[LNKA] -> GSI 9 (level, low) -> IRQ 9
[    4.142869] init: failsafe main process (678) killed by TERM signal
[    4.243000] type=1400 audit(1369641341.766:7): apparmor="STATUS" operation="profile_load" name="/usr/lib/lightdm/lightdm/lightdm-guest-session-wrapper" pid=792 comm="apparmor_parser"
[    4.247167] type=1400 audit(1369641341.770:8): apparmor="STATUS" operation="profile_replace" name="/sbin/dhclient" pid=795 comm="apparmor_parser"
[    4.248285] type=1400 audit(1369641341.770:9): apparmor="STATUS" operation="profile_replace" name="/usr/lib/NetworkManager/nm-dhcp-client.action" pid=795 comm="apparmor_parser"
[    4.248289] type=1400 audit(1369641341.770:10): apparmor="STATUS" operation="profile_replace" name="/usr/lib/connman/scripts/dhclient-script" pid=795 comm="apparmor_parser"
[    4.453617] init: alsa-restore main process (881) terminated with status 19
