[    0.000000] Initializing cgroup subsys cpuset
[    0.000000] Initializing cgroup subsys cpu
[    0.000000] Linux version 3.2.0-29-generic-pae (buildd@roseapple) (gcc version 4.6.3 (Ubuntu/Linaro 4.6.3-1ubuntu5) ) #46-Ubuntu SMP Fri Jul 27 17:25:43 UTC 2012 (Ubuntu 3.2.0-29.46-generic-pae 3.2.24)
[    0.000000] KERNEL supported cpus:
[    0.000000]   Intel GenuineIntel
[    0.000000]   AMD AuthenticAMD
[    0.000000]   NSC Geode by NSC
[    0.000000]   Cyrix CyrixInstead
[    0.000000]   Centaur CentaurHauls
[    0.000000]   Transmeta GenuineTMx86
[    0.000000]   Transmeta TransmetaCPU
[    0.000000]   UMC UMC UMC UMC
[    0.000000] Disabled fast string operations
[    0.000000] BIOS-provided physical RAM map:
[    0.000000]  BIOS-e820: 0000000000000000 - 000000000009f000 (usable)
[    0.000000]  BIOS-e820: 000000000009f000 - 00000000000a0000 (reserved)
[    0.000000]  BIOS-e820: 00000000000ca000 - 00000000000cc000 (reserved)
[    0.000000]  BIOS-e820: 00000000000dc000 - 0000000000100000 (reserved)
[    0.000000]  BIOS-e820: 0000000000100000 - 000000003fee0000 (usable)
[    0.000000]  BIOS-e820: 000000003fee0000 - 000000003feff000 (ACPI data)
[    0.000000]  BIOS-e820: 000000003feff000 - 000000003ff00000 (ACPI NVS)
[    0.000000]  BIOS-e820: 000000003ff00000 - 0000000040000000 (usable)
[    0.000000]  BIOS-e820: 00000000e0000000 - 00000000f0000000 (reserved)
[    0.000000]  BIOS-e820: 00000000fec00000 - 00000000fec10000 (reserved)
[    0.000000]  BIOS-e820: 00000000fee00000 - 00000000fee01000 (reserved)
[    0.000000]  BIOS-e820: 00000000fffe0000 - 0000000100000000 (reserved)
[    0.000000] NX (Execute Disable) protection: active
[    0.000000] DMI present.
[    0.000000] DMI: VMware, Inc. VMware Virtual Platform/440BX Desktop Reference Platform, BIOS 6.00 07/02/2012
[    0.000000] Hypervisor detected: VMware
[    0.000000] e820 update range: 0000000000000000 - 0000000000010000 (usable) ==> (reserved)
[    0.000000] e820 remove range: 00000000000a0000 - 0000000000100000 (usable)
[    0.000000] last_pfn = 0x40000 max_arch_pfn = 0x1000000
[    0.000000] MTRR default type: uncachable
[    0.000000] MTRR fixed ranges enabled:
[    0.000000]   00000-9FFFF write-back
[    0.000000]   A0000-BFFFF uncachable
[    0.000000]   C0000-CBFFF write-protect
[    0.000000]   CC000-EFFFF uncachable
[    0.000000]   F0000-FFFFF write-protect
[    0.000000] MTRR variable ranges enabled:
[    0.000000]   0 base 0000000000 mask FFC0000000 write-back
[    0.000000]   1 disabled
[    0.000000]   2 disabled
[    0.000000]   3 disabled
[    0.000000]   4 disabled
[    0.000000]   5 disabled
[    0.000000]   6 disabled
[    0.000000]   7 disabled
[    0.000000] x86 PAT enabled: cpu 0, old 0x0, new 0x7010600070106
[    0.000000] found SMP MP-table at [c00f6bf0] f6bf0
[    0.000000] initial memory mapped : 0 - 02000000
[    0.000000] Base memory trampoline at [c009b000] 9b000 size 16384
[    0.000000] init_memory_mapping: 0000000000000000-0000000037bfe000
[    0.000000]  0000000000 - 0000200000 page 4k
[    0.000000]  0000200000 - 0037a00000 page 2M
[    0.000000]  0037a00000 - 0037bfe000 page 4k
[    0.000000] kernel direct mapping tables up to 37bfe000 @ 1ffb000-2000000
[    0.000000] RAMDISK: 364ea000 - 3726d000
[    0.000000] ACPI: RSDP 000f6b80 00024 (v02 PTLTD )
[    0.000000] ACPI: XSDT 3feed636 0005C (v01 INTEL  440BX    06040000 VMW  01324272)
[    0.000000] ACPI: FACP 3fefee98 000F4 (v04 INTEL  440BX    06040000 PTL  000F4240)
[    0.000000] ACPI: DSDT 3feee366 10B32 (v01 PTLTD  Custom   06040000 MSFT 03000001)
[    0.000000] ACPI: FACS 3fefffc0 00040
[    0.000000] ACPI: BOOT 3feee33e 00028 (v01 PTLTD  $SBFTBL$ 06040000  LTP 00000001)
[    0.000000] ACPI: APIC 3feedc3e 003C2 (v01 PTLTD  ? APIC   06040000  LTP 00000000)
[    0.000000] ACPI: MCFG 3feedc02 0003C (v01 PTLTD  $PCITBL$ 06040000  LTP 00000001)
[    0.000000] ACPI: SRAT 3feed732 004D0 (v02 VMWARE MEMPLUG  06040000 VMW  00000001)
[    0.000000] ACPI: HPET 3feed6fa 00038 (v01 VMWARE VMW HPET 06040000 VMW  00000001)
[    0.000000] ACPI: WAET 3feed6d2 00028 (v01 VMWARE VMW WAET 06040000 VMW  00000001)
[    0.000000] ACPI: Local APIC address 0xfee00000
[    0.000000] 132MB HIGHMEM available.
[    0.000000] 891MB LOWMEM available.
[    0.000000]   mapped low ram: 0 - 37bfe000
[    0.000000]   low ram: 0 - 37bfe000
[    0.000000] Zone PFN ranges:
[    0.000000]   DMA      0x00000010 -> 0x00001000
[    0.000000]   Normal   0x00001000 -> 0x00037bfe
[    0.000000]   HighMem  0x00037bfe -> 0x00040000
[    0.000000] Movable zone start PFN for each node
[    0.000000] early_node_map[3] active PFN ranges
[    0.000000]     0: 0x00000010 -> 0x0000009f
[    0.000000]     0: 0x00000100 -> 0x0003fee0
[    0.000000]     0: 0x0003ff00 -> 0x00040000
[    0.000000] On node 0 totalpages: 261999
[    0.000000] free_area_init_node: node 0, pgdat c1866a40, node_mem_map f73fd200
[    0.000000]   DMA zone: 32 pages used for memmap
[    0.000000]   DMA zone: 0 pages reserved
[    0.000000]   DMA zone: 3951 pages, LIFO batch:0
[    0.000000]   Normal zone: 1752 pages used for memmap
[    0.000000]   Normal zone: 222502 pages, LIFO batch:31
[    0.000000]   HighMem zone: 265 pages used for memmap
[    0.000000]   HighMem zone: 33497 pages, LIFO batch:7
[    0.000000] Using APIC driver default
[    0.000000] ACPI: PM-Timer IO Port: 0x1008
[    0.000000] ACPI: Local APIC address 0xfee00000
[    0.000000] ACPI: LAPIC (acpi_id[0x00] lapic_id[0x00] enabled)
[    0.000000] ACPI: LAPIC (acpi_id[0x01] lapic_id[0x02] disabled)
[    0.000000] ACPI: LAPIC (acpi_id[0x02] lapic_id[0x04] disabled)
[    0.000000] ACPI: LAPIC (acpi_id[0x03] lapic_id[0x06] disabled)
[    0.000000] ACPI: LAPIC (acpi_id[0x04] lapic_id[0x08] disabled)
[    0.000000] ACPI: LAPIC (acpi_id[0x05] lapic_id[0x0a] disabled)
[    0.000000] ACPI: LAPIC (acpi_id[0x06] lapic_id[0x0c] disabled)
[    0.000000] ACPI: LAPIC (acpi_id[0x07] lapic_id[0x0e] disabled)
[    0.000000] ACPI: LAPIC (acpi_id[0x08] lapic_id[0x10] disabled)
[    0.000000] ACPI: LAPIC (acpi_id[0x09] lapic_id[0x12] disabled)
[    0.000000] ACPI: LAPIC (acpi_id[0x0a] lapic_id[0x14] disabled)
[    0.000000] ACPI: LAPIC (acpi_id[0x0b] lapic_id[0x16] disabled)
[    0.000000] ACPI: LAPIC (acpi_id[0x0c] lapic_id[0x18] disabled)
[    0.000000] ACPI: LAPIC (acpi_id[0x0d] lapic_id[0x1a] disabled)
[    0.000000] ACPI: LAPIC (acpi_id[0x0e] lapic_id[0x1c] disabled)
[    0.000000] ACPI: LAPIC (acpi_id[0x0f] lapic_id[0x1e] disabled)
[    0.000000] ACPI: LAPIC (acpi_id[0x10] lapic_id[0x20] disabled)
[    0.000000] ACPI: LAPIC (acpi_id[0x11] lapic_id[0x22] disabled)
[    0.000000] ACPI: LAPIC (acpi_id[0x12] lapic_id[0x24] disabled)
[    0.000000] ACPI: LAPIC (acpi_id[0x13] lapic_id[0x26] disabled)
[    0.000000] ACPI: LAPIC (acpi_id[0x14] lapic_id[0x28] disabled)
[    0.000000] ACPI: LAPIC (acpi_id[0x15] lapic_id[0x2a] disabled)
[    0.000000] ACPI: LAPIC (acpi_id[0x16] lapic_id[0x2c] disabled)
[    0.000000] ACPI: LAPIC (acpi_id[0x17] lapic_id[0x2e] disabled)
[    0.000000] ACPI: LAPIC (acpi_id[0x18] lapic_id[0x30] disabled)
[    0.000000] ACPI: LAPIC (acpi_id[0x19] lapic_id[0x32] disabled)
[    0.000000] ACPI: LAPIC (acpi_id[0x1a] lapic_id[0x34] disabled)
[    0.000000] ACPI: LAPIC (acpi_id[0x1b] lapic_id[0x36] disabled)
[    0.000000] ACPI: LAPIC (acpi_id[0x1c] lapic_id[0x38] disabled)
[    0.000000] ACPI: LAPIC (acpi_id[0x1d] lapic_id[0x3a] disabled)
[    0.000000] ACPI: LAPIC (acpi_id[0x1e] lapic_id[0x3c] disabled)
[    0.000000] ACPI: LAPIC (acpi_id[0x1f] lapic_id[0x3e] disabled)
[    0.000000] ACPI: LAPIC (acpi_id[0x20] lapic_id[0x40] disabled)
[    0.000000] ACPI: LAPIC (acpi_id[0x21] lapic_id[0x42] disabled)
[    0.000000] ACPI: LAPIC (acpi_id[0x22] lapic_id[0x44] disabled)
[    0.000000] ACPI: LAPIC (acpi_id[0x23] lapic_id[0x46] disabled)
[    0.000000] ACPI: LAPIC (acpi_id[0x24] lapic_id[0x48] disabled)
[    0.000000] ACPI: LAPIC (acpi_id[0x25] lapic_id[0x4a] disabled)
[    0.000000] ACPI: LAPIC (acpi_id[0x26] lapic_id[0x4c] disabled)
[    0.000000] ACPI: LAPIC (acpi_id[0x27] lapic_id[0x4e] disabled)
[    0.000000] ACPI: LAPIC (acpi_id[0x28] lapic_id[0x50] disabled)
[    0.000000] ACPI: LAPIC (acpi_id[0x29] lapic_id[0x52] disabled)
[    0.000000] ACPI: LAPIC (acpi_id[0x2a] lapic_id[0x54] disabled)
[    0.000000] ACPI: LAPIC (acpi_id[0x2b] lapic_id[0x56] disabled)
[    0.000000] ACPI: LAPIC (acpi_id[0x2c] lapic_id[0x58] disabled)
[    0.000000] ACPI: LAPIC (acpi_id[0x2d] lapic_id[0x5a] disabled)
[    0.000000] ACPI: LAPIC (acpi_id[0x2e] lapic_id[0x5c] disabled)
[    0.000000] ACPI: LAPIC (acpi_id[0x2f] lapic_id[0x5e] disabled)
[    0.000000] ACPI: LAPIC (acpi_id[0x30] lapic_id[0x60] disabled)
[    0.000000] ACPI: LAPIC (acpi_id[0x31] lapic_id[0x62] disabled)
[    0.000000] ACPI: LAPIC (acpi_id[0x32] lapic_id[0x64] disabled)
[    0.000000] ACPI: LAPIC (acpi_id[0x33] lapic_id[0x66] disabled)
[    0.000000] ACPI: LAPIC (acpi_id[0x34] lapic_id[0x68] disabled)
[    0.000000] ACPI: LAPIC (acpi_id[0x35] lapic_id[0x6a] disabled)
[    0.000000] ACPI: LAPIC (acpi_id[0x36] lapic_id[0x6c] disabled)
[    0.000000] ACPI: LAPIC (acpi_id[0x37] lapic_id[0x6e] disabled)
[    0.000000] ACPI: LAPIC (acpi_id[0x38] lapic_id[0x70] disabled)
[    0.000000] ACPI: LAPIC (acpi_id[0x39] lapic_id[0x72] disabled)
[    0.000000] ACPI: LAPIC (acpi_id[0x3a] lapic_id[0x74] disabled)
[    0.000000] ACPI: LAPIC (acpi_id[0x3b] lapic_id[0x76] disabled)
[    0.000000] ACPI: LAPIC (acpi_id[0x3c] lapic_id[0x78] disabled)
[    0.000000] ACPI: LAPIC (acpi_id[0x3d] lapic_id[0x7a] disabled)
[    0.000000] ACPI: LAPIC (acpi_id[0x3e] lapic_id[0x7c] disabled)
[    0.000000] ACPI: LAPIC (acpi_id[0x3f] lapic_id[0x7e] disabled)
[    0.000000] ACPI: LAPIC_NMI (acpi_id[0x00] high edge lint[0x1])
[    0.000000] ACPI: LAPIC_NMI (acpi_id[0x01] high edge lint[0x1])
[    0.000000] ACPI: LAPIC_NMI (acpi_id[0x02] high edge lint[0x1])
[    0.000000] ACPI: LAPIC_NMI (acpi_id[0x03] high edge lint[0x1])
[    0.000000] ACPI: LAPIC_NMI (acpi_id[0x04] high edge lint[0x1])
[    0.000000] ACPI: LAPIC_NMI (acpi_id[0x05] high edge lint[0x1])
[    0.000000] ACPI: LAPIC_NMI (acpi_id[0x06] high edge lint[0x1])
[    0.000000] ACPI: LAPIC_NMI (acpi_id[0x07] high edge lint[0x1])
[    0.000000] ACPI: LAPIC_NMI (acpi_id[0x08] high edge lint[0x1])
[    0.000000] ACPI: LAPIC_NMI (acpi_id[0x09] high edge lint[0x1])
[    0.000000] ACPI: LAPIC_NMI (acpi_id[0x0a] high edge lint[0x1])
[    0.000000] ACPI: LAPIC_NMI (acpi_id[0x0b] high edge lint[0x1])
[    0.000000] ACPI: LAPIC_NMI (acpi_id[0x0c] high edge lint[0x1])
[    0.000000] ACPI: LAPIC_NMI (acpi_id[0x0d] high edge lint[0x1])
[    0.000000] ACPI: LAPIC_NMI (acpi_id[0x0e] high edge lint[0x1])
[    0.000000] ACPI: LAPIC_NMI (acpi_id[0x0f] high edge lint[0x1])
[    0.000000] ACPI: LAPIC_NMI (acpi_id[0x10] high edge lint[0x1])
[    0.000000] ACPI: LAPIC_NMI (acpi_id[0x11] high edge lint[0x1])
[    0.000000] ACPI: LAPIC_NMI (acpi_id[0x12] high edge lint[0x1])
[    0.000000] ACPI: LAPIC_NMI (acpi_id[0x13] high edge lint[0x1])
[    0.000000] ACPI: LAPIC_NMI (acpi_id[0x14] high edge lint[0x1])
[    0.000000] ACPI: LAPIC_NMI (acpi_id[0x15] high edge lint[0x1])
[    0.000000] ACPI: LAPIC_NMI (acpi_id[0x16] high edge lint[0x1])
[    0.000000] ACPI: LAPIC_NMI (acpi_id[0x17] high edge lint[0x1])
[    0.000000] ACPI: LAPIC_NMI (acpi_id[0x18] high edge lint[0x1])
[    0.000000] ACPI: LAPIC_NMI (acpi_id[0x19] high edge lint[0x1])
[    0.000000] ACPI: LAPIC_NMI (acpi_id[0x1a] high edge lint[0x1])
[    0.000000] ACPI: LAPIC_NMI (acpi_id[0x1b] high edge lint[0x1])
[    0.000000] ACPI: LAPIC_NMI (acpi_id[0x1c] high edge lint[0x1])
[    0.000000] ACPI: LAPIC_NMI (acpi_id[0x1d] high edge lint[0x1])
[    0.000000] ACPI: LAPIC_NMI (acpi_id[0x1e] high edge lint[0x1])
[    0.000000] ACPI: LAPIC_NMI (acpi_id[0x1f] high edge lint[0x1])
[    0.000000] ACPI: LAPIC_NMI (acpi_id[0x20] high edge lint[0x1])
[    0.000000] ACPI: LAPIC_NMI (acpi_id[0x21] high edge lint[0x1])
[    0.000000] ACPI: LAPIC_NMI (acpi_id[0x22] high edge lint[0x1])
[    0.000000] ACPI: LAPIC_NMI (acpi_id[0x23] high edge lint[0x1])
[    0.000000] ACPI: LAPIC_NMI (acpi_id[0x24] high edge lint[0x1])
[    0.000000] ACPI: LAPIC_NMI (acpi_id[0x25] high edge lint[0x1])
[    0.000000] ACPI: LAPIC_NMI (acpi_id[0x26] high edge lint[0x1])
[    0.000000] ACPI: LAPIC_NMI (acpi_id[0x27] high edge lint[0x1])
[    0.000000] ACPI: LAPIC_NMI (acpi_id[0x28] high edge lint[0x1])
[    0.000000] ACPI: LAPIC_NMI (acpi_id[0x29] high edge lint[0x1])
[    0.000000] ACPI: LAPIC_NMI (acpi_id[0x2a] high edge lint[0x1])
[    0.000000] ACPI: LAPIC_NMI (acpi_id[0x2b] high edge lint[0x1])
[    0.000000] ACPI: LAPIC_NMI (acpi_id[0x2c] high edge lint[0x1])
[    0.000000] ACPI: LAPIC_NMI (acpi_id[0x2d] high edge lint[0x1])
[    0.000000] ACPI: LAPIC_NMI (acpi_id[0x2e] high edge lint[0x1])
[    0.000000] ACPI: LAPIC_NMI (acpi_id[0x2f] high edge lint[0x1])
[    0.000000] ACPI: LAPIC_NMI (acpi_id[0x30] high edge lint[0x1])
[    0.000000] ACPI: LAPIC_NMI (acpi_id[0x31] high edge lint[0x1])
[    0.000000] ACPI: LAPIC_NMI (acpi_id[0x32] high edge lint[0x1])
[    0.000000] ACPI: LAPIC_NMI (acpi_id[0x33] high edge lint[0x1])
[    0.000000] ACPI: LAPIC_NMI (acpi_id[0x34] high edge lint[0x1])
[    0.000000] ACPI: LAPIC_NMI (acpi_id[0x35] high edge lint[0x1])
[    0.000000] ACPI: LAPIC_NMI (acpi_id[0x36] high edge lint[0x1])
[    0.000000] ACPI: LAPIC_NMI (acpi_id[0x37] high edge lint[0x1])
[    0.000000] ACPI: LAPIC_NMI (acpi_id[0x38] high edge lint[0x1])
[    0.000000] ACPI: LAPIC_NMI (acpi_id[0x39] high edge lint[0x1])
[    0.000000] ACPI: LAPIC_NMI (acpi_id[0x3a] high edge lint[0x1])
[    0.000000] ACPI: LAPIC_NMI (acpi_id[0x3b] high edge lint[0x1])
[    0.000000] ACPI: LAPIC_NMI (acpi_id[0x3c] high edge lint[0x1])
[    0.000000] ACPI: LAPIC_NMI (acpi_id[0x3d] high edge lint[0x1])
[    0.000000] ACPI: LAPIC_NMI (acpi_id[0x3e] high edge lint[0x1])
[    0.000000] ACPI: LAPIC_NMI (acpi_id[0x3f] high edge lint[0x1])
[    0.000000] ACPI: Skipping IOAPIC probe due to 'noapic' option.
[    0.000000] Using ACPI for processor (LAPIC) configuration information
[    0.000000] ACPI: HPET id: 0x8086af01 base: 0xfed00000
[    0.000000] Intel MultiProcessor Specification v1.4
[    0.000000]     Virtual Wire compatibility mode.
[    0.000000] MPTABLE: OEM ID: INTEL   
[    0.000000] MPTABLE: Product ID: 440BX       
[    0.000000] MPTABLE: APIC at: 0xFEE00000
[    0.000000] IOAPIC[0]: apic_id 1, version 17, address 0xfec00000, GSI 0-23
[    0.000000] Processors: 1
[    0.000000] SMP: Allowing 1 CPUs, 0 hotplug CPUs
[    0.000000] nr_irqs_gsi: 40
[    0.000000] PM: Registered nosave memory: 000000000009f000 - 00000000000a0000
[    0.000000] PM: Registered nosave memory: 00000000000a0000 - 00000000000ca000
[    0.000000] PM: Registered nosave memory: 00000000000ca000 - 00000000000cc000
[    0.000000] PM: Registered nosave memory: 00000000000cc000 - 00000000000dc000
[    0.000000] PM: Registered nosave memory: 00000000000dc000 - 0000000000100000
[    0.000000] Allocating PCI resources starting at 40000000 (gap: 40000000:a0000000)
[    0.000000] Booting paravirtualized kernel on bare hardware
[    0.000000] setup_percpu: NR_CPUS:8 nr_cpumask_bits:8 nr_cpu_ids:1 nr_node_ids:1
[    0.000000] PERCPU: Embedded 14 pages/cpu @f73e8000 s34240 r0 d23104 u57344
[    0.000000] pcpu-alloc: s34240 r0 d23104 u57344 alloc=14*4096
[    0.000000] pcpu-alloc: [0] 0 
[    0.000000] Built 1 zonelists in Zone order, mobility grouping on.  Total pages: 259950
[    0.000000] Kernel command line: BOOT_IMAGE=/boot/vmlinuz-3.2.0-29-generic-pae root=UUID=007b598c-390d-4c65-84a1-4ff752d48633 ro quiet splash maxcpus=0
[    0.000000] PID hash table entries: 4096 (order: 2, 16384 bytes)
[    0.000000] Dentry cache hash table entries: 131072 (order: 7, 524288 bytes)
[    0.000000] Inode-cache hash table entries: 65536 (order: 6, 262144 bytes)
[    0.000000] Initializing CPU#0
[    0.000000] xsave/xrstor: enabled xstate_bv 0x7, cntxt size 0x340
[    0.000000] allocated 4194048 bytes of page_cgroup
[    0.000000] please try 'cgroup_disable=memory' option if you don't want memory cgroups
[    0.000000] Initializing HighMem for node 0 (00037bfe:00040000)
[    0.000000] Memory: 1010624k/1048576k available (5814k kernel code, 37372k reserved, 2841k data, 740k init, 135048k highmem)
[    0.000000] virtual kernel memory layout:
[    0.000000]     fixmap  : 0xfff16000 - 0xfffff000   ( 932 kB)
[    0.000000]     pkmap   : 0xffc00000 - 0xffe00000   (2048 kB)
[    0.000000]     vmalloc : 0xf83fe000 - 0xffbfe000   ( 120 MB)
[    0.000000]     lowmem  : 0xc0000000 - 0xf7bfe000   ( 891 MB)
[    0.000000]       .init : 0xc1875000 - 0xc192e000   ( 740 kB)
[    0.000000]       .data : 0xc15adb64 - 0xc1874240   (2841 kB)
[    0.000000]       .text : 0xc1000000 - 0xc15adb64   (5814 kB)
[    0.000000] Checking if this processor honours the WP bit even in supervisor mode...Ok.
[    0.000000] SLUB: Genslabs=15, HWalign=64, Order=0-3, MinObjects=0, CPUs=1, Nodes=1
[    0.000000] Hierarchical RCU implementation.
[    0.000000] 	RCU dyntick-idle grace-period acceleration is enabled.
[    0.000000] NR_IRQS:2304 nr_irqs:256 16
[    0.000000] CPU 0 irqstacks, hard=f5c08000 soft=f5c0a000
[    0.000000] Extended CMOS year: 2000
[    0.000000] Console: colour VGA+ 80x25
[    0.000000] console [tty0] enabled
[    0.000000] hpet clockevent registered
[    0.000000] TSC freq read from hypervisor : 2394.620 MHz
[    0.000000] Detected 2394.620 MHz processor.
[    0.000001] Calibrating delay loop (skipped) preset value.. 4789.24 BogoMIPS (lpj=9578480)
[    0.000005] pid_max: default: 32768 minimum: 301
[    0.000028] Security Framework initialized
[    0.000051] AppArmor: AppArmor initialized
[    0.000052] Yama: becoming mindful.
[    0.000107] Mount-cache hash table entries: 512
[    0.000225] Initializing cgroup subsys cpuacct
[    0.000231] Initializing cgroup subsys memory
[    0.000237] Initializing cgroup subsys devices
[    0.000240] Initializing cgroup subsys freezer
[    0.000242] Initializing cgroup subsys blkio
[    0.000249] Initializing cgroup subsys perf_event
[    0.000306] Disabled fast string operations
[    0.000310] CPU: Physical Processor ID: 0
[    0.000358] ENERGY_PERF_BIAS: Set to 'normal', was 'performance'
[    0.000360] ENERGY_PERF_BIAS: View and update with x86_energy_perf_policy(8)
[    0.001059] mce: CPU supports 0 MCE banks
[    0.001958] SMP alternatives: switching to UP code
[    0.023323] Freeing SMP alternatives: 24k freed
[    0.023329] ACPI: Core revision 20110623
[    0.030284] ACPI: setting ELCR to 0200 (from 0e20)
[    0.031552] ftrace: allocating 26545 entries in 52 pages
[    0.056538] SMP mode deactivated.
[    0.056568] SMP disabled
[    0.056570] Performance Events: generic architected perfmon v1, core PMU driver.
[    0.056582] ... version:                1
[    0.056583] ... bit width:              48
[    0.056584] ... generic registers:      4
[    0.056585] ... value mask:             0000ffffffffffff
[    0.056586] ... max period:             000000007fffffff
[    0.056587] ... fixed-purpose events:   0
[    0.056588] ... event mask:             000000000000000f
[    0.056681] NMI watchdog enabled, takes one hw-pmu counter.
[    0.056701] Brought up 1 CPUs
[    0.056702] Total of 1 processors activated (4789.24 BogoMIPS).
[    0.056816] devtmpfs: initialized
[    0.056887] EVM: security.selinux
[    0.056888] EVM: security.SMACK64
[    0.056889] EVM: security.capability
[    0.056914] PM: Registering ACPI NVS region at 3feff000 (4096 bytes)
[    0.057701] print_constraints: dummy: 
[    0.057779] RTC time:  7:41:50, date: 05/27/13
[    0.057808] NET: Registered protocol family 16
[    0.057880] EISA bus registered
[    0.057891] ACPI: bus type pci registered
[    0.058004] PCI: MMCONFIG for domain 0000 [bus 00-ff] at [mem 0xe0000000-0xefffffff] (base 0xe0000000)
[    0.058007] PCI: MMCONFIG at [mem 0xe0000000-0xefffffff] reserved in E820
[    0.058008] PCI: Using MMCONFIG for extended config space
[    0.058010] PCI: Using configuration type 1 for base access
[    0.058896] bio: create slab <bio-0> at 0
[    0.058994] ACPI: Added _OSI(Module Device)
[    0.058997] ACPI: Added _OSI(Processor Device)
[    0.058999] ACPI: Added _OSI(3.0 _SCP Extensions)
[    0.059001] ACPI: Added _OSI(Processor Aggregator Device)
[    0.062254] ACPI: EC: Look up EC in DSDT
[    0.069317] [Firmware Bug]: ACPI: BIOS _OSI(Linux) query ignored
[    0.078767] ACPI: Interpreter enabled
[    0.078776] ACPI: (supports S0 S1 S4 S5)
[    0.078787] ACPI: Using PIC for interrupt routing
[    0.126515] ACPI: No dock devices found.
[    0.126520] HEST: Table not found.
[    0.126526] PCI: Using host bridge windows from ACPI; if necessary, use "pci=nocrs" and report a bug
[    0.127466] ACPI: PCI Root Bridge [PCI0] (domain 0000 [bus 00-ff])
[    0.129067] pci_root PNP0A03:00: host bridge window [mem 0x000a0000-0x000bffff]
[    0.129070] pci_root PNP0A03:00: host bridge window [mem 0x000cc000-0x000cffff]
[    0.129072] pci_root PNP0A03:00: host bridge window [mem 0x000d0000-0x000d3fff]
[    0.129074] pci_root PNP0A03:00: host bridge window [mem 0x000d4000-0x000d7fff]
[    0.129076] pci_root PNP0A03:00: host bridge window [mem 0x000d8000-0x000dbfff]
[    0.129079] pci_root PNP0A03:00: host bridge window [mem 0xc0000000-0xfebfffff]
[    0.129081] pci_root PNP0A03:00: host bridge window [io  0x0000-0x0cf7]
[    0.129083] pci_root PNP0A03:00: host bridge window [io  0x0d00-0xfeff]
[    0.129149] pci 0000:00:00.0: [8086:7190] type 0 class 0x000600
[    0.129739] pci 0000:00:01.0: [8086:7191] type 1 class 0x000604
[    0.130318] pci 0000:00:07.0: [8086:7110] type 0 class 0x000601
[    0.131226] pci 0000:00:07.1: [8086:7111] type 0 class 0x000101
[    0.133832] pci 0000:00:07.1: reg 20: [io  0x10c0-0x10cf]
[    0.134910] pci 0000:00:07.3: [8086:7113] type 0 class 0x000680
[    0.137483] pci 0000:00:07.3: quirk: [io  0x1000-0x103f] claimed by PIIX4 ACPI
[    0.137500] pci 0000:00:07.3: quirk: [io  0x1040-0x104f] claimed by PIIX4 SMB
[    0.137800] pci 0000:00:07.7: [15ad:0740] type 0 class 0x000880
[    0.138583] pci 0000:00:07.7: reg 10: [io  0x1080-0x10bf]
[    0.139496] pci 0000:00:07.7: reg 14: [mem 0xc8000000-0xc8001fff 64bit]
[    0.142725] pci 0000:00:0f.0: [15ad:0405] type 0 class 0x000300
[    0.145589] pci 0000:00:0f.0: reg 10: [io  0x10d0-0x10df]
[    0.147599] pci 0000:00:0f.0: reg 14: [mem 0xd0000000-0xd7ffffff pref]
[    0.150390] pci 0000:00:0f.0: reg 18: [mem 0xc8800000-0xc8ffffff]
[    0.158360] pci 0000:00:0f.0: reg 30: [mem 0x00000000-0x00007fff pref]
[    0.158826] pci 0000:00:10.0: [1000:0030] type 0 class 0x000100
[    0.159727] pci 0000:00:10.0: reg 10: [io  0x1400-0x14ff]
[    0.160851] pci 0000:00:10.0: reg 14: [mem 0xc8040000-0xc805ffff 64bit]
[    0.162774] pci 0000:00:10.0: reg 1c: [mem 0xc8020000-0xc803ffff 64bit]
[    0.164445] pci 0000:00:10.0: reg 30: [mem 0x00000000-0x00003fff pref]
[    0.164681] pci 0000:00:11.0: [15ad:0790] type 1 class 0x000604
[    0.165745] pci 0000:00:15.0: [15ad:07a0] type 1 class 0x000604
[    0.166676] pci 0000:00:15.0: PME# supported from D0 D3hot D3cold
[    0.166702] pci 0000:00:15.0: PME# disabled
[    0.166944] pci 0000:00:15.1: [15ad:07a0] type 1 class 0x000604
[    0.167819] pci 0000:00:15.1: PME# supported from D0 D3hot D3cold
[    0.167850] pci 0000:00:15.1: PME# disabled
[    0.168142] pci 0000:00:15.2: [15ad:07a0] type 1 class 0x000604
[    0.169129] pci 0000:00:15.2: PME# supported from D0 D3hot D3cold
[    0.169155] pci 0000:00:15.2: PME# disabled
[    0.169407] pci 0000:00:15.3: [15ad:07a0] type 1 class 0x000604
[    0.170179] pci 0000:00:15.3: PME# supported from D0 D3hot D3cold
[    0.170214] pci 0000:00:15.3: PME# disabled
[    0.170492] pci 0000:00:15.4: [15ad:07a0] type 1 class 0x000604
[    0.171283] pci 0000:00:15.4: PME# supported from D0 D3hot D3cold
[    0.171307] pci 0000:00:15.4: PME# disabled
[    0.171558] pci 0000:00:15.5: [15ad:07a0] type 1 class 0x000604
[    0.172535] pci 0000:00:15.5: PME# supported from D0 D3hot D3cold
[    0.172569] pci 0000:00:15.5: PME# disabled
[    0.172892] pci 0000:00:15.6: [15ad:07a0] type 1 class 0x000604
[    0.173756] pci 0000:00:15.6: PME# supported from D0 D3hot D3cold
[    0.173780] pci 0000:00:15.6: PME# disabled
[    0.174021] pci 0000:00:15.7: [15ad:07a0] type 1 class 0x000604
[    0.174827] pci 0000:00:15.7: PME# supported from D0 D3hot D3cold
[    0.174852] pci 0000:00:15.7: PME# disabled
[    0.175092] pci 0000:00:16.0: [15ad:07a0] type 1 class 0x000604
[    0.175912] pci 0000:00:16.0: PME# supported from D0 D3hot D3cold
[    0.175936] pci 0000:00:16.0: PME# disabled
[    0.176176] pci 0000:00:16.1: [15ad:07a0] type 1 class 0x000604
[    0.176980] pci 0000:00:16.1: PME# supported from D0 D3hot D3cold
[    0.177004] pci 0000:00:16.1: PME# disabled
[    0.177283] pci 0000:00:16.2: [15ad:07a0] type 1 class 0x000604
[    0.178051] pci 0000:00:16.2: PME# supported from D0 D3hot D3cold
[    0.178075] pci 0000:00:16.2: PME# disabled
[    0.178362] pci 0000:00:16.3: [15ad:07a0] type 1 class 0x000604
[    0.179127] pci 0000:00:16.3: PME# supported from D0 D3hot D3cold
[    0.179151] pci 0000:00:16.3: PME# disabled
[    0.179449] pci 0000:00:16.4: [15ad:07a0] type 1 class 0x000604
[    0.180394] pci 0000:00:16.4: PME# supported from D0 D3hot D3cold
[    0.180424] pci 0000:00:16.4: PME# disabled
[    0.180758] pci 0000:00:16.5: [15ad:07a0] type 1 class 0x000604
[    0.181706] pci 0000:00:16.5: PME# supported from D0 D3hot D3cold
[    0.181735] pci 0000:00:16.5: PME# disabled
[    0.182028] pci 0000:00:16.6: [15ad:07a0] type 1 class 0x000604
[    0.182972] pci 0000:00:16.6: PME# supported from D0 D3hot D3cold
[    0.183001] pci 0000:00:16.6: PME# disabled
[    0.183294] pci 0000:00:16.7: [15ad:07a0] type 1 class 0x000604
[    0.184258] pci 0000:00:16.7: PME# supported from D0 D3hot D3cold
[    0.184289] pci 0000:00:16.7: PME# disabled
[    0.184667] pci 0000:00:17.0: [15ad:07a0] type 1 class 0x000604
[    0.185613] pci 0000:00:17.0: PME# supported from D0 D3hot D3cold
[    0.185643] pci 0000:00:17.0: PME# disabled
[    0.185935] pci 0000:00:17.1: [15ad:07a0] type 1 class 0x000604
[    0.186879] pci 0000:00:17.1: PME# supported from D0 D3hot D3cold
[    0.186907] pci 0000:00:17.1: PME# disabled
[    0.187202] pci 0000:00:17.2: [15ad:07a0] type 1 class 0x000604
[    0.188157] pci 0000:00:17.2: PME# supported from D0 D3hot D3cold
[    0.188191] pci 0000:00:17.2: PME# disabled
[    0.188482] pci 0000:00:17.3: [15ad:07a0] type 1 class 0x000604
[    0.189427] pci 0000:00:17.3: PME# supported from D0 D3hot D3cold
[    0.189456] pci 0000:00:17.3: PME# disabled
[    0.189749] pci 0000:00:17.4: [15ad:07a0] type 1 class 0x000604
[    0.190711] pci 0000:00:17.4: PME# supported from D0 D3hot D3cold
[    0.190740] pci 0000:00:17.4: PME# disabled
[    0.191042] pci 0000:00:17.5: [15ad:07a0] type 1 class 0x000604
[    0.192051] pci 0000:00:17.5: PME# supported from D0 D3hot D3cold
[    0.192081] pci 0000:00:17.5: PME# disabled
[    0.192404] pci 0000:00:17.6: [15ad:07a0] type 1 class 0x000604
[    0.193347] pci 0000:00:17.6: PME# supported from D0 D3hot D3cold
[    0.193377] pci 0000:00:17.6: PME# disabled
[    0.193714] pci 0000:00:17.7: [15ad:07a0] type 1 class 0x000604
[    0.194717] pci 0000:00:17.7: PME# supported from D0 D3hot D3cold
[    0.194746] pci 0000:00:17.7: PME# disabled
[    0.195039] pci 0000:00:18.0: [15ad:07a0] type 1 class 0x000604
[    0.196008] pci 0000:00:18.0: PME# supported from D0 D3hot D3cold
[    0.196037] pci 0000:00:18.0: PME# disabled
[    0.196340] pci 0000:00:18.1: [15ad:07a0] type 1 class 0x000604
[    0.197338] pci 0000:00:18.1: PME# supported from D0 D3hot D3cold
[    0.197369] pci 0000:00:18.1: PME# disabled
[    0.197683] pci 0000:00:18.2: [15ad:07a0] type 1 class 0x000604
[    0.198619] pci 0000:00:18.2: PME# supported from D0 D3hot D3cold
[    0.198648] pci 0000:00:18.2: PME# disabled
[    0.198942] pci 0000:00:18.3: [15ad:07a0] type 1 class 0x000604
[    0.199910] pci 0000:00:18.3: PME# supported from D0 D3hot D3cold
[    0.199941] pci 0000:00:18.3: PME# disabled
[    0.200235] pci 0000:00:18.4: [15ad:07a0] type 1 class 0x000604
[    0.201202] pci 0000:00:18.4: PME# supported from D0 D3hot D3cold
[    0.201236] pci 0000:00:18.4: PME# disabled
[    0.201550] pci 0000:00:18.5: [15ad:07a0] type 1 class 0x000604
[    0.202564] pci 0000:00:18.5: PME# supported from D0 D3hot D3cold
[    0.202594] pci 0000:00:18.5: PME# disabled
[    0.202885] pci 0000:00:18.6: [15ad:07a0] type 1 class 0x000604
[    0.203849] pci 0000:00:18.6: PME# supported from D0 D3hot D3cold
[    0.203879] pci 0000:00:18.6: PME# disabled
[    0.204182] pci 0000:00:18.7: [15ad:07a0] type 1 class 0x000604
[    0.205115] pci 0000:00:18.7: PME# supported from D0 D3hot D3cold
[    0.205144] pci 0000:00:18.7: PME# disabled
[    0.205962] pci 0000:00:01.0: PCI bridge to [bus 01-01]
[    0.206376] pci 0000:02:00.0: [15ad:0774] type 0 class 0x000c03
[    0.208367] pci 0000:02:00.0: reg 20: [io  0x20c0-0x20df]
[    0.209290] pci 0000:02:01.0: [1022:2000] type 0 class 0x000200
[    0.209708] pci 0000:02:01.0: reg 10: [io  0x2000-0x207f]
[    0.212026] pci 0000:02:01.0: reg 30: [mem 0x00000000-0x0000ffff pref]
[    0.212215] pci 0000:02:02.0: [1274:1371] type 0 class 0x000401
[    0.212697] pci 0000:02:02.0: reg 10: [io  0x2080-0x20bf]
[    0.214821] pci 0000:02:03.0: [15ad:0770] type 0 class 0x000c03
[    0.215103] pci 0000:02:03.0: reg 10: [mem 0xc9000000-0xc9000fff]
[    0.216982] pci 0000:00:11.0: PCI bridge to [bus 02-02] (subtractive decode)
[    0.217008] pci 0000:00:11.0:   bridge window [io  0x2000-0x3fff]
[    0.217032] pci 0000:00:11.0:   bridge window [mem 0xc9000000-0xca3fffff]
[    0.217077] pci 0000:00:11.0:   bridge window [mem 0xd8400000-0xd89fffff 64bit pref]
[    0.217080] pci 0000:00:11.0:   bridge window [mem 0x000a0000-0x000bffff] (subtractive decode)
[    0.217082] pci 0000:00:11.0:   bridge window [mem 0x000cc000-0x000cffff] (subtractive decode)
[    0.217084] pci 0000:00:11.0:   bridge window [mem 0x000d0000-0x000d3fff] (subtractive decode)
[    0.217085] pci 0000:00:11.0:   bridge window [mem 0x000d4000-0x000d7fff] (subtractive decode)
[    0.217087] pci 0000:00:11.0:   bridge window [mem 0x000d8000-0x000dbfff] (subtractive decode)
[    0.217089] pci 0000:00:11.0:   bridge window [mem 0xc0000000-0xfebfffff] (subtractive decode)
[    0.217090] pci 0000:00:11.0:   bridge window [io  0x0000-0x0cf7] (subtractive decode)
[    0.217092] pci 0000:00:11.0:   bridge window [io  0x0d00-0xfeff] (subtractive decode)
[    0.217659] pci 0000:00:15.0: PCI bridge to [bus 03-03]
[    0.217687] pci 0000:00:15.0:   bridge window [io  0x4000-0x4fff]
[    0.217715] pci 0000:00:15.0:   bridge window [mem 0xca400000-0xca4fffff]
[    0.217769] pci 0000:00:15.0:   bridge window [mem 0xd8a00000-0xd8afffff 64bit pref]
[    0.218328] pci 0000:00:15.1: PCI bridge to [bus 04-04]
[    0.218350] pci 0000:00:15.1:   bridge window [io  0x8000-0x8fff]
[    0.218374] pci 0000:00:15.1:   bridge window [mem 0xca800000-0xca8fffff]
[    0.218417] pci 0000:00:15.1:   bridge window [mem 0xd8e00000-0xd8efffff 64bit pref]
[    0.218881] pci 0000:00:15.2: PCI bridge to [bus 05-05]
[    0.218904] pci 0000:00:15.2:   bridge window [io  0xc000-0xcfff]
[    0.218926] pci 0000:00:15.2:   bridge window [mem 0xcac00000-0xcacfffff]
[    0.218970] pci 0000:00:15.2:   bridge window [mem 0xd9200000-0xd92fffff 64bit pref]
[    0.219448] pci 0000:00:15.3: PCI bridge to [bus 06-06]
[    0.219491] pci 0000:00:15.3:   bridge window [mem 0xcb000000-0xcb0fffff]
[    0.219535] pci 0000:00:15.3:   bridge window [mem 0xd9600000-0xd96fffff 64bit pref]
[    0.220026] pci 0000:00:15.4: PCI bridge to [bus 07-07]
[    0.220070] pci 0000:00:15.4:   bridge window [mem 0xcb400000-0xcb4fffff]
[    0.220114] pci 0000:00:15.4:   bridge window [mem 0xd9a00000-0xd9afffff 64bit pref]
[    0.220591] pci 0000:00:15.5: PCI bridge to [bus 08-08]
[    0.220635] pci 0000:00:15.5:   bridge window [mem 0xcb800000-0xcb8fffff]
[    0.220679] pci 0000:00:15.5:   bridge window [mem 0xd9e00000-0xd9efffff 64bit pref]
[    0.221164] pci 0000:00:15.6: PCI bridge to [bus 09-09]
[    0.221209] pci 0000:00:15.6:   bridge window [mem 0xcbc00000-0xcbcfffff]
[    0.221253] pci 0000:00:15.6:   bridge window [mem 0xda200000-0xda2fffff 64bit pref]
[    0.221717] pci 0000:00:15.7: PCI bridge to [bus 0a-0a]
[    0.221760] pci 0000:00:15.7:   bridge window [mem 0xcc000000-0xcc0fffff]
[    0.221804] pci 0000:00:15.7:   bridge window [mem 0xda600000-0xda6fffff 64bit pref]
[    0.222281] pci 0000:00:16.0: PCI bridge to [bus 0b-0b]
[    0.222304] pci 0000:00:16.0:   bridge window [io  0x5000-0x5fff]
[    0.222327] pci 0000:00:16.0:   bridge window [mem 0xca500000-0xca5fffff]
[    0.222370] pci 0000:00:16.0:   bridge window [mem 0xd8b00000-0xd8bfffff 64bit pref]
[    0.222844] pci 0000:00:16.1: PCI bridge to [bus 0c-0c]
[    0.222867] pci 0000:00:16.1:   bridge window [io  0x9000-0x9fff]
[    0.222889] pci 0000:00:16.1:   bridge window [mem 0xca900000-0xca9fffff]
[    0.222933] pci 0000:00:16.1:   bridge window [mem 0xd8f00000-0xd8ffffff 64bit pref]
[    0.223396] pci 0000:00:16.2: PCI bridge to [bus 0d-0d]
[    0.223419] pci 0000:00:16.2:   bridge window [io  0xd000-0xdfff]
[    0.223442] pci 0000:00:16.2:   bridge window [mem 0xcad00000-0xcadfffff]
[    0.223486] pci 0000:00:16.2:   bridge window [mem 0xd9300000-0xd93fffff 64bit pref]
[    0.223970] pci 0000:00:16.3: PCI bridge to [bus 0e-0e]
[    0.224014] pci 0000:00:16.3:   bridge window [mem 0xcb100000-0xcb1fffff]
[    0.224059] pci 0000:00:16.3:   bridge window [mem 0xd9700000-0xd97fffff 64bit pref]
[    0.224529] pci 0000:00:16.4: PCI bridge to [bus 0f-0f]
[    0.224573] pci 0000:00:16.4:   bridge window [mem 0xcb500000-0xcb5fffff]
[    0.224616] pci 0000:00:16.4:   bridge window [mem 0xd9b00000-0xd9bfffff 64bit pref]
[    0.225078] pci 0000:00:16.5: PCI bridge to [bus 10-10]
[    0.225121] pci 0000:00:16.5:   bridge window [mem 0xcb900000-0xcb9fffff]
[    0.225174] pci 0000:00:16.5:   bridge window [mem 0xd9f00000-0xd9ffffff 64bit pref]
[    0.225635] pci 0000:00:16.6: PCI bridge to [bus 11-11]
[    0.225679] pci 0000:00:16.6:   bridge window [mem 0xcbd00000-0xcbdfffff]
[    0.225722] pci 0000:00:16.6:   bridge window [mem 0xda300000-0xda3fffff 64bit pref]
[    0.226187] pci 0000:00:16.7: PCI bridge to [bus 12-12]
[    0.226230] pci 0000:00:16.7:   bridge window [mem 0xcc100000-0xcc1fffff]
[    0.226274] pci 0000:00:16.7:   bridge window [mem 0xda700000-0xda7fffff 64bit pref]
[    0.226736] pci 0000:00:17.0: PCI bridge to [bus 13-13]
[    0.226759] pci 0000:00:17.0:   bridge window [io  0x6000-0x6fff]
[    0.226782] pci 0000:00:17.0:   bridge window [mem 0xca600000-0xca6fffff]
[    0.226825] pci 0000:00:17.0:   bridge window [mem 0xd8c00000-0xd8cfffff 64bit pref]
[    0.227339] pci 0000:00:17.1: PCI bridge to [bus 14-14]
[    0.227362] pci 0000:00:17.1:   bridge window [io  0xa000-0xafff]
[    0.227386] pci 0000:00:17.1:   bridge window [mem 0xcaa00000-0xcaafffff]
[    0.227430] pci 0000:00:17.1:   bridge window [mem 0xd9000000-0xd90fffff 64bit pref]
[    0.228071] pci 0000:00:17.2: PCI bridge to [bus 15-15]
[    0.228102] pci 0000:00:17.2:   bridge window [io  0xe000-0xefff]
[    0.228143] pci 0000:00:17.2:   bridge window [mem 0xcae00000-0xcaefffff]
[    0.228206] pci 0000:00:17.2:   bridge window [mem 0xd9400000-0xd94fffff 64bit pref]
[    0.228830] pci 0000:00:17.3: PCI bridge to [bus 16-16]
[    0.228885] pci 0000:00:17.3:   bridge window [mem 0xcb200000-0xcb2fffff]
[    0.228947] pci 0000:00:17.3:   bridge window [mem 0xd9800000-0xd98fffff 64bit pref]
[    0.229586] pci 0000:00:17.4: PCI bridge to [bus 17-17]
[    0.229631] pci 0000:00:17.4:   bridge window [mem 0xcb600000-0xcb6fffff]
[    0.229675] pci 0000:00:17.4:   bridge window [mem 0xd9c00000-0xd9cfffff 64bit pref]
[    0.230287] pci 0000:00:17.5: PCI bridge to [bus 18-18]
[    0.230348] pci 0000:00:17.5:   bridge window [mem 0xcba00000-0xcbafffff]
[    0.230411] pci 0000:00:17.5:   bridge window [mem 0xda000000-0xda0fffff 64bit pref]
[    0.231071] pci 0000:00:17.6: PCI bridge to [bus 19-19]
[    0.231143] pci 0000:00:17.6:   bridge window [mem 0xcbe00000-0xcbefffff]
[    0.231206] pci 0000:00:17.6:   bridge window [mem 0xda400000-0xda4fffff 64bit pref]
[    0.231897] pci 0000:00:17.7: PCI bridge to [bus 1a-1a]
[    0.231955] pci 0000:00:17.7:   bridge window [mem 0xcc200000-0xcc2fffff]
[    0.232017] pci 0000:00:17.7:   bridge window [mem 0xda800000-0xda8fffff 64bit pref]
[    0.232700] pci 0000:00:18.0: PCI bridge to [bus 1b-1b]
[    0.232730] pci 0000:00:18.0:   bridge window [io  0x7000-0x7fff]
[    0.232758] pci 0000:00:18.0:   bridge window [mem 0xca700000-0xca7fffff]
[    0.232813] pci 0000:00:18.0:   bridge window [mem 0xd8d00000-0xd8dfffff 64bit pref]
[    0.233491] pci 0000:00:18.1: PCI bridge to [bus 1c-1c]
[    0.233527] pci 0000:00:18.1:   bridge window [io  0xb000-0xbfff]
[    0.233557] pci 0000:00:18.1:   bridge window [mem 0xcab00000-0xcabfffff]
[    0.233612] pci 0000:00:18.1:   bridge window [mem 0xd9100000-0xd91fffff 64bit pref]
[    0.234284] pci 0000:00:18.2: PCI bridge to [bus 1d-1d]
[    0.234317] pci 0000:00:18.2:   bridge window [io  0xf000-0xffff]
[    0.234352] pci 0000:00:18.2:   bridge window [mem 0xcaf00000-0xcaffffff]
[    0.234414] pci 0000:00:18.2:   bridge window [mem 0xd9500000-0xd95fffff 64bit pref]
[    0.235048] pci 0000:00:18.3: PCI bridge to [bus 1e-1e]
[    0.235119] pci 0000:00:18.3:   bridge window [mem 0xcb300000-0xcb3fffff]
[    0.235181] pci 0000:00:18.3:   bridge window [mem 0xd9900000-0xd99fffff 64bit pref]
[    0.235829] pci 0000:00:18.4: PCI bridge to [bus 1f-1f]
[    0.235891] pci 0000:00:18.4:   bridge window [mem 0xcb700000-0xcb7fffff]
[    0.235952] pci 0000:00:18.4:   bridge window [mem 0xd9d00000-0xd9dfffff 64bit pref]
[    0.236570] pci 0000:00:18.5: PCI bridge to [bus 20-20]
[    0.236632] pci 0000:00:18.5:   bridge window [mem 0xcbb00000-0xcbbfffff]
[    0.236696] pci 0000:00:18.5:   bridge window [mem 0xda100000-0xda1fffff 64bit pref]
[    0.237392] pci 0000:00:18.6: PCI bridge to [bus 21-21]
[    0.237447] pci 0000:00:18.6:   bridge window [mem 0xcbf00000-0xcbffffff]
[    0.237502] pci 0000:00:18.6:   bridge window [mem 0xda500000-0xda5fffff 64bit pref]
[    0.238131] pci 0000:00:18.7: PCI bridge to [bus 22-22]
[    0.238193] pci 0000:00:18.7:   bridge window [mem 0xcc300000-0xcc3fffff]
[    0.238257] pci 0000:00:18.7:   bridge window [mem 0xda900000-0xda9fffff 64bit pref]
[    0.240542] pci_bus 0000:00: on NUMA node 0
[    0.240550] ACPI: PCI Interrupt Routing Table [\_SB_.PCI0._PRT]
[    0.241380]  pci0000:00: Requesting ACPI _OSC control (0x1d)
[    0.241656]  pci0000:00: ACPI _OSC control (0x15) granted
[    0.358077] ACPI: PCI Interrupt Link [LNKA] (IRQs 3 4 5 6 7 *9 10 11 14 15)
[    0.358169] ACPI: PCI Interrupt Link [LNKB] (IRQs 3 4 5 6 7 9 10 *11 14 15)
[    0.358256] ACPI: PCI Interrupt Link [LNKC] (IRQs 3 4 5 6 7 9 *10 11 14 15)
[    0.358392] ACPI: PCI Interrupt Link [LNKD] (IRQs 3 4 *5 6 7 9 10 11 14 15)
[    0.358550] vgaarb: device added: PCI:0000:00:0f.0,decodes=io+mem,owns=io+mem,locks=none
[    0.358563] vgaarb: loaded
[    0.358564] vgaarb: bridge control possible 0000:00:0f.0
[    0.358647] i2c-core: driver [aat2870] using legacy suspend method
[    0.358648] i2c-core: driver [aat2870] using legacy resume method
[    0.358714] SCSI subsystem initialized
[    0.358755] libata version 3.00 loaded.
[    0.358785] usbcore: registered new interface driver usbfs
[    0.358795] usbcore: registered new interface driver hub
[    0.358820] usbcore: registered new device driver usb
[    0.358903] PCI: Using ACPI for IRQ routing
[    0.450851] PCI: pci_cache_line_size set to 64 bytes
[    0.450882] pci 0000:00:18.2: no compatible bridge window for [io  0xf000-0xffff]
[    0.452292] reserve RAM buffer: 000000000009f000 - 000000000009ffff 
[    0.452296] reserve RAM buffer: 000000003fee0000 - 000000003fffffff 
[    0.452439] NetLabel: Initializing
[    0.452441] NetLabel:  domain hash size = 128
[    0.452442] NetLabel:  protocols = UNLABELED CIPSOv4
[    0.452453] NetLabel:  unlabeled traffic allowed by default
[    0.452539] hpet0: at MMIO 0xfed00000, IRQs 2, 8, 0, 0, 0, 0, 0, 0, 0, 0, 0, 0, 0, 0, 0, 0
[    0.452548] hpet0: 16 comparators, 64-bit 14.318180 MHz counter
[    0.454590] Switching to clocksource hpet
[    0.463769] AppArmor: AppArmor Filesystem Enabled
[    0.463810] pnp: PnP ACPI init
[    0.463828] ACPI: bus type pnp registered
[    0.464525] pnp 00:00: [bus 00-ff]
[    0.464528] pnp 00:00: [mem 0x000a0000-0x000bffff window]
[    0.464529] pnp 00:00: [mem 0x000c0000-0x000c3fff window]
[    0.464531] pnp 00:00: [mem 0x000c4000-0x000c7fff window]
[    0.464532] pnp 00:00: [mem 0x000c8000-0x000cbfff window]
[    0.464534] pnp 00:00: [mem 0x000cc000-0x000cffff window]
[    0.464535] pnp 00:00: [mem 0x000d0000-0x000d3fff window]
[    0.464537] pnp 00:00: [mem 0x000d4000-0x000d7fff window]
[    0.464538] pnp 00:00: [mem 0x000d8000-0x000dbfff window]
[    0.464540] pnp 00:00: [mem 0x000dc000-0x000dffff window]
[    0.464541] pnp 00:00: [mem 0x000e0000-0x000e3fff window]
[    0.464543] pnp 00:00: [mem 0x000e4000-0x000e7fff window]
[    0.464544] pnp 00:00: [mem 0x000e8000-0x000ebfff window]
[    0.464545] pnp 00:00: [mem 0x000ec000-0x000effff window]
[    0.464547] pnp 00:00: [mem 0xc0000000-0xfebfffff window]
[    0.464549] pnp 00:00: [io  0x0cf8-0x0cff]
[    0.464550] pnp 00:00: [io  0x0000-0x0cf7 window]
[    0.464551] pnp 00:00: [io  0x0d00-0xfeff window]
[    0.464595] pnp 00:00: Plug and Play ACPI device, IDs PNP0a03 PNP0a08 (active)
[    0.464666] pnp 00:01: [io  0x0010-0x001f]
[    0.464667] pnp 00:01: [io  0x0024-0x0025]
[    0.464668] pnp 00:01: [io  0x0028-0x0029]
[    0.464670] pnp 00:01: [io  0x002c-0x002d]
[    0.464671] pnp 00:01: [io  0x002e-0x002f]
[    0.464672] pnp 00:01: [io  0x0030-0x0031]
[    0.464674] pnp 00:01: [io  0x0034-0x0035]
[    0.464675] pnp 00:01: [io  0x0038-0x0039]
[    0.464676] pnp 00:01: [io  0x003c-0x003d]
[    0.464677] pnp 00:01: [io  0x0050-0x0053]
[    0.464678] pnp 00:01: [io  0x0072-0x0077]
[    0.464679] pnp 00:01: [io  0x0080]
[    0.464681] pnp 00:01: [io  0x0090-0x009f]
[    0.464682] pnp 00:01: [io  0x00a4-0x00a5]
[    0.464683] pnp 00:01: [io  0x00a8-0x00a9]
[    0.464684] pnp 00:01: [io  0x00ac-0x00ad]
[    0.464685] pnp 00:01: [io  0x00b0-0x00b5]
[    0.464687] pnp 00:01: [io  0x00b8-0x00b9]
[    0.464688] pnp 00:01: [io  0x00bc-0x00bd]
[    0.464689] pnp 00:01: [io  0x1000-0x103f]
[    0.464690] pnp 00:01: [io  0x1040-0x104f]
[    0.464691] pnp 00:01: [io  0x0cf0-0x0cf1]
[    0.464775] system 00:01: [io  0x1000-0x103f] has been reserved
[    0.464792] system 00:01: [io  0x1040-0x104f] has been reserved
[    0.464795] system 00:01: [io  0x0cf0-0x0cf1] has been reserved
[    0.464798] system 00:01: Plug and Play ACPI device, IDs PNP0c02 (active)
[    0.464807] pnp 00:02: [io  0x0000-0x000f]
[    0.464808] pnp 00:02: [io  0x0081-0x008f]
[    0.464809] pnp 00:02: [io  0x00c0-0x00df]
[    0.464811] pnp 00:02: [dma 4]
[    0.464830] pnp 00:02: Plug and Play ACPI device, IDs PNP0200 (active)
[    0.464836] pnp 00:03: [io  0x0020-0x0021]
[    0.464837] pnp 00:03: [io  0x00a0-0x00a1]
[    0.464838] pnp 00:03: [io  0x04d0-0x04d1]
[    0.464840] pnp 00:03: [irq 2 disabled]
[    0.464857] pnp 00:03: Plug and Play ACPI device, IDs PNP0001 (active)
[    0.464864] pnp 00:04: [io  0x0070-0x0071]
[    0.464866] pnp 00:04: [irq 8]
[    0.464880] pnp 00:04: Plug and Play ACPI device, IDs PNP0b00 (active)
[    0.464885] pnp 00:05: [io  0x0061]
[    0.464898] pnp 00:05: Plug and Play ACPI device, IDs PNP0800 (active)
[    0.464904] pnp 00:06: [io  0x0060]
[    0.464905] pnp 00:06: [io  0x0064]
[    0.464906] pnp 00:06: [irq 1]
[    0.464922] pnp 00:06: Plug and Play ACPI device, IDs PNP0303 (active)
[    0.464927] pnp 00:07: [irq 12]
[    0.464941] pnp 00:07: Plug and Play ACPI device, IDs PNP0f13 (active)
[    0.465119] pnp 00:08: [mem 0xfed00000-0xfed003ff]
[    0.465164] system 00:08: [mem 0xfed00000-0xfed003ff] has been reserved
[    0.465167] system 00:08: Plug and Play ACPI device, IDs PNP0103 PNP0c01 (active)
[    0.471607] pnp 00:09: [io  0x0378-0x037f]
[    0.471611] pnp 00:09: [irq 7]
[    0.473439] pnp 00:09: Plug and Play ACPI device, IDs PNP0400 (active)
[    0.479584] pnp 00:0a: [io  0x03f8-0x03ff]
[    0.479589] pnp 00:0a: [irq 4]
[    0.481355] pnp 00:0a: Plug and Play ACPI device, IDs PNP0501 (active)
[    0.486806] pnp 00:0b: [io  0x02f8-0x02ff]
[    0.486811] pnp 00:0b: [irq 3]
[    0.488578] pnp 00:0b: Plug and Play ACPI device, IDs PNP0501 (active)
[    0.496531] pnp 00:0c: [io  0x03f0-0x03f5]
[    0.496535] pnp 00:0c: [io  0x03f7]
[    0.496539] pnp 00:0c: [irq 6]
[    0.496541] pnp 00:0c: [dma 2]
[    0.498303] pnp 00:0c: Plug and Play ACPI device, IDs PNP0700 (active)
[    0.498568] pnp 00:0d: [mem 0xe0000000-0xefffffff]
[    0.498571] pnp 00:0d: [io  0x1060-0x107f]
[    0.498574] pnp 00:0d: [mem 0xc8200000-0xc83fffff]
[    0.498655] system 00:0d: [io  0x1060-0x107f] has been reserved
[    0.498660] system 00:0d: [mem 0xe0000000-0xefffffff] has been reserved
[    0.498664] system 00:0d: [mem 0xc8200000-0xc83fffff] has been reserved
[    0.498667] system 00:0d: Plug and Play ACPI device, IDs PNP0c02 (active)
[    0.505999] pnp: PnP ACPI: found 14 devices
[    0.506002] ACPI: ACPI bus type pnp unregistered
[    0.506006] PnPBIOS: Disabled by ACPI PNP
[    0.542506] PCI: max bus depth: 1 pci_try_num: 2
[    0.544683] pci 0000:00:0f.0: BAR 6: assigned [mem 0xc0000000-0xc0007fff pref]
[    0.544688] pci 0000:00:10.0: BAR 6: assigned [mem 0xc0008000-0xc000bfff pref]
[    0.544693] pci 0000:00:18.7: BAR 13: can't assign io (size 0x1000)
[    0.544696] pci 0000:00:18.6: BAR 13: can't assign io (size 0x1000)
[    0.544699] pci 0000:00:18.5: BAR 13: can't assign io (size 0x1000)
[    0.544702] pci 0000:00:18.4: BAR 13: can't assign io (size 0x1000)
[    0.544705] pci 0000:00:18.3: BAR 13: can't assign io (size 0x1000)
[    0.544708] pci 0000:00:18.2: BAR 13: can't assign io (size 0x1000)
[    0.544711] pci 0000:00:17.7: BAR 13: can't assign io (size 0x1000)
[    0.544714] pci 0000:00:17.6: BAR 13: can't assign io (size 0x1000)
[    0.544717] pci 0000:00:17.5: BAR 13: can't assign io (size 0x1000)
[    0.544720] pci 0000:00:17.4: BAR 13: can't assign io (size 0x1000)
[    0.544723] pci 0000:00:17.3: BAR 13: can't assign io (size 0x1000)
[    0.544726] pci 0000:00:16.7: BAR 13: can't assign io (size 0x1000)
[    0.544729] pci 0000:00:16.6: BAR 13: can't assign io (size 0x1000)
[    0.544732] pci 0000:00:16.5: BAR 13: can't assign io (size 0x1000)
[    0.544735] pci 0000:00:16.4: BAR 13: can't assign io (size 0x1000)
[    0.544738] pci 0000:00:16.3: BAR 13: can't assign io (size 0x1000)
[    0.544741] pci 0000:00:15.7: BAR 13: can't assign io (size 0x1000)
[    0.544744] pci 0000:00:15.6: BAR 13: can't assign io (size 0x1000)
[    0.544747] pci 0000:00:15.5: BAR 13: can't assign io (size 0x1000)
[    0.544750] pci 0000:00:15.4: BAR 13: can't assign io (size 0x1000)
[    0.544753] pci 0000:00:15.3: BAR 13: can't assign io (size 0x1000)
[    0.544756] pci 0000:00:01.0: PCI bridge to [bus 01-01]
[    0.544856] pci 0000:02:01.0: BAR 6: assigned [mem 0xd8400000-0xd840ffff pref]
[    0.544858] pci 0000:00:11.0: PCI bridge to [bus 02-02]
[    0.544872] pci 0000:00:11.0:   bridge window [io  0x2000-0x3fff]
[    0.544907] pci 0000:00:11.0:   bridge window [mem 0xc9000000-0xca3fffff]
[    0.544931] pci 0000:00:11.0:   bridge window [mem 0xd8400000-0xd89fffff 64bit pref]
[    0.544975] pci 0000:00:15.0: PCI bridge to [bus 03-03]
[    0.544988] pci 0000:00:15.0:   bridge window [io  0x4000-0x4fff]
[    0.545023] pci 0000:00:15.0:   bridge window [mem 0xca400000-0xca4fffff]
[    0.545046] pci 0000:00:15.0:   bridge window [mem 0xd8a00000-0xd8afffff 64bit pref]
[    0.545104] pci 0000:00:15.1: PCI bridge to [bus 04-04]
[    0.545118] pci 0000:00:15.1:   bridge window [io  0x8000-0x8fff]
[    0.545152] pci 0000:00:15.1:   bridge window [mem 0xca800000-0xca8fffff]
[    0.545176] pci 0000:00:15.1:   bridge window [mem 0xd8e00000-0xd8efffff 64bit pref]
[    0.545225] pci 0000:00:15.2: PCI bridge to [bus 05-05]
[    0.545239] pci 0000:00:15.2:   bridge window [io  0xc000-0xcfff]
[    0.545273] pci 0000:00:15.2:   bridge window [mem 0xcac00000-0xcacfffff]
[    0.545296] pci 0000:00:15.2:   bridge window [mem 0xd9200000-0xd92fffff 64bit pref]
[    0.545345] pci 0000:00:15.3: PCI bridge to [bus 06-06]
[    0.545380] pci 0000:00:15.3:   bridge window [mem 0xcb000000-0xcb0fffff]
[    0.545403] pci 0000:00:15.3:   bridge window [mem 0xd9600000-0xd96fffff 64bit pref]
[    0.545470] pci 0000:00:15.4: PCI bridge to [bus 07-07]
[    0.545504] pci 0000:00:15.4:   bridge window [mem 0xcb400000-0xcb4fffff]
[    0.545528] pci 0000:00:15.4:   bridge window [mem 0xd9a00000-0xd9afffff 64bit pref]
[    0.545577] pci 0000:00:15.5: PCI bridge to [bus 08-08]
[    0.545612] pci 0000:00:15.5:   bridge window [mem 0xcb800000-0xcb8fffff]
[    0.545635] pci 0000:00:15.5:   bridge window [mem 0xd9e00000-0xd9efffff 64bit pref]
[    0.545684] pci 0000:00:15.6: PCI bridge to [bus 09-09]
[    0.545717] pci 0000:00:15.6:   bridge window [mem 0xcbc00000-0xcbcfffff]
[    0.545741] pci 0000:00:15.6:   bridge window [mem 0xda200000-0xda2fffff 64bit pref]
[    0.545790] pci 0000:00:15.7: PCI bridge to [bus 0a-0a]
[    0.545824] pci 0000:00:15.7:   bridge window [mem 0xcc000000-0xcc0fffff]
[    0.545848] pci 0000:00:15.7:   bridge window [mem 0xda600000-0xda6fffff 64bit pref]
[    0.545896] pci 0000:00:16.0: PCI bridge to [bus 0b-0b]
[    0.545910] pci 0000:00:16.0:   bridge window [io  0x5000-0x5fff]
[    0.545945] pci 0000:00:16.0:   bridge window [mem 0xca500000-0xca5fffff]
[    0.545968] pci 0000:00:16.0:   bridge window [mem 0xd8b00000-0xd8bfffff 64bit pref]
[    0.546017] pci 0000:00:16.1: PCI bridge to [bus 0c-0c]
[    0.546031] pci 0000:00:16.1:   bridge window [io  0x9000-0x9fff]
[    0.546065] pci 0000:00:16.1:   bridge window [mem 0xca900000-0xca9fffff]
[    0.546089] pci 0000:00:16.1:   bridge window [mem 0xd8f00000-0xd8ffffff 64bit pref]
[    0.546141] pci 0000:00:16.2: PCI bridge to [bus 0d-0d]
[    0.546155] pci 0000:00:16.2:   bridge window [io  0xd000-0xdfff]
[    0.546190] pci 0000:00:16.2:   bridge window [mem 0xcad00000-0xcadfffff]
[    0.546213] pci 0000:00:16.2:   bridge window [mem 0xd9300000-0xd93fffff 64bit pref]
[    0.546262] pci 0000:00:16.3: PCI bridge to [bus 0e-0e]
[    0.546296] pci 0000:00:16.3:   bridge window [mem 0xcb100000-0xcb1fffff]
[    0.546319] pci 0000:00:16.3:   bridge window [mem 0xd9700000-0xd97fffff 64bit pref]
[    0.546368] pci 0000:00:16.4: PCI bridge to [bus 0f-0f]
[    0.546402] pci 0000:00:16.4:   bridge window [mem 0xcb500000-0xcb5fffff]
[    0.546426] pci 0000:00:16.4:   bridge window [mem 0xd9b00000-0xd9bfffff 64bit pref]
[    0.546496] pci 0000:00:16.5: PCI bridge to [bus 10-10]
[    0.546531] pci 0000:00:16.5:   bridge window [mem 0xcb900000-0xcb9fffff]
[    0.546557] pci 0000:00:16.5:   bridge window [mem 0xd9f00000-0xd9ffffff 64bit pref]
[    0.546606] pci 0000:00:16.6: PCI bridge to [bus 11-11]
[    0.546641] pci 0000:00:16.6:   bridge window [mem 0xcbd00000-0xcbdfffff]
[    0.546665] pci 0000:00:16.6:   bridge window [mem 0xda300000-0xda3fffff 64bit pref]
[    0.546713] pci 0000:00:16.7: PCI bridge to [bus 12-12]
[    0.546747] pci 0000:00:16.7:   bridge window [mem 0xcc100000-0xcc1fffff]
[    0.546771] pci 0000:00:16.7:   bridge window [mem 0xda700000-0xda7fffff 64bit pref]
[    0.546820] pci 0000:00:17.0: PCI bridge to [bus 13-13]
[    0.546834] pci 0000:00:17.0:   bridge window [io  0x6000-0x6fff]
[    0.546868] pci 0000:00:17.0:   bridge window [mem 0xca600000-0xca6fffff]
[    0.546892] pci 0000:00:17.0:   bridge window [mem 0xd8c00000-0xd8cfffff 64bit pref]
[    0.546940] pci 0000:00:17.1: PCI bridge to [bus 14-14]
[    0.546954] pci 0000:00:17.1:   bridge window [io  0xa000-0xafff]
[    0.546988] pci 0000:00:17.1:   bridge window [mem 0xcaa00000-0xcaafffff]
[    0.547012] pci 0000:00:17.1:   bridge window [mem 0xd9000000-0xd90fffff 64bit pref]
[    0.547060] pci 0000:00:17.2: PCI bridge to [bus 15-15]
[    0.547074] pci 0000:00:17.2:   bridge window [io  0xe000-0xefff]
[    0.547108] pci 0000:00:17.2:   bridge window [mem 0xcae00000-0xcaefffff]
[    0.547132] pci 0000:00:17.2:   bridge window [mem 0xd9400000-0xd94fffff 64bit pref]
[    0.547180] pci 0000:00:17.3: PCI bridge to [bus 16-16]
[    0.547214] pci 0000:00:17.3:   bridge window [mem 0xcb200000-0xcb2fffff]
[    0.547238] pci 0000:00:17.3:   bridge window [mem 0xd9800000-0xd98fffff 64bit pref]
[    0.547286] pci 0000:00:17.4: PCI bridge to [bus 17-17]
[    0.547321] pci 0000:00:17.4:   bridge window [mem 0xcb600000-0xcb6fffff]
[    0.547344] pci 0000:00:17.4:   bridge window [mem 0xd9c00000-0xd9cfffff 64bit pref]
[    0.547393] pci 0000:00:17.5: PCI bridge to [bus 18-18]
[    0.547431] pci 0000:00:17.5:   bridge window [mem 0xcba00000-0xcbafffff]
[    0.547455] pci 0000:00:17.5:   bridge window [mem 0xda000000-0xda0fffff 64bit pref]
[    0.547520] pci 0000:00:17.6: PCI bridge to [bus 19-19]
[    0.547561] pci 0000:00:17.6:   bridge window [mem 0xcbe00000-0xcbefffff]
[    0.547585] pci 0000:00:17.6:   bridge window [mem 0xda400000-0xda4fffff 64bit pref]
[    0.547634] pci 0000:00:17.7: PCI bridge to [bus 1a-1a]
[    0.547668] pci 0000:00:17.7:   bridge window [mem 0xcc200000-0xcc2fffff]
[    0.547694] pci 0000:00:17.7:   bridge window [mem 0xda800000-0xda8fffff 64bit pref]
[    0.547743] pci 0000:00:18.0: PCI bridge to [bus 1b-1b]
[    0.547757] pci 0000:00:18.0:   bridge window [io  0x7000-0x7fff]
[    0.547791] pci 0000:00:18.0:   bridge window [mem 0xca700000-0xca7fffff]
[    0.547815] pci 0000:00:18.0:   bridge window [mem 0xd8d00000-0xd8dfffff 64bit pref]
[    0.547863] pci 0000:00:18.1: PCI bridge to [bus 1c-1c]
[    0.547878] pci 0000:00:18.1:   bridge window [io  0xb000-0xbfff]
[    0.547912] pci 0000:00:18.1:   bridge window [mem 0xcab00000-0xcabfffff]
[    0.547936] pci 0000:00:18.1:   bridge window [mem 0xd9100000-0xd91fffff 64bit pref]
[    0.547984] pci 0000:00:18.2: PCI bridge to [bus 1d-1d]
[    0.548018] pci 0000:00:18.2:   bridge window [mem 0xcaf00000-0xcaffffff]
[    0.548042] pci 0000:00:18.2:   bridge window [mem 0xd9500000-0xd95fffff 64bit pref]
[    0.548090] pci 0000:00:18.3: PCI bridge to [bus 1e-1e]
[    0.548124] pci 0000:00:18.3:   bridge window [mem 0xcb300000-0xcb3fffff]
[    0.548148] pci 0000:00:18.3:   bridge window [mem 0xd9900000-0xd99fffff 64bit pref]
[    0.548196] pci 0000:00:18.4: PCI bridge to [bus 1f-1f]
[    0.548230] pci 0000:00:18.4:   bridge window [mem 0xcb700000-0xcb7fffff]
[    0.548254] pci 0000:00:18.4:   bridge window [mem 0xd9d00000-0xd9dfffff 64bit pref]
[    0.548303] pci 0000:00:18.5: PCI bridge to [bus 20-20]
[    0.548337] pci 0000:00:18.5:   bridge window [mem 0xcbb00000-0xcbbfffff]
[    0.548360] pci 0000:00:18.5:   bridge window [mem 0xda100000-0xda1fffff 64bit pref]
[    0.548409] pci 0000:00:18.6: PCI bridge to [bus 21-21]
[    0.548452] pci 0000:00:18.6:   bridge window [mem 0xcbf00000-0xcbffffff]
[    0.548480] pci 0000:00:18.6:   bridge window [mem 0xda500000-0xda5fffff 64bit pref]
[    0.548530] pci 0000:00:18.7: PCI bridge to [bus 22-22]
[    0.548564] pci 0000:00:18.7:   bridge window [mem 0xcc300000-0xcc3fffff]
[    0.548588] pci 0000:00:18.7:   bridge window [mem 0xda900000-0xda9fffff 64bit pref]
[    0.548674] pci 0000:00:01.0: setting latency timer to 64
[    0.548764] pci 0000:00:15.0: setting latency timer to 64
[    0.548821] pci 0000:00:15.1: setting latency timer to 64
[    0.548880] pci 0000:00:15.2: setting latency timer to 64
[    0.548937] pci 0000:00:15.3: setting latency timer to 64
[    0.548993] pci 0000:00:15.4: setting latency timer to 64
[    0.549049] pci 0000:00:15.5: setting latency timer to 64
[    0.549106] pci 0000:00:15.6: setting latency timer to 64
[    0.549162] pci 0000:00:15.7: setting latency timer to 64
[    0.549218] pci 0000:00:16.0: setting latency timer to 64
[    0.549274] pci 0000:00:16.1: setting latency timer to 64
[    0.549330] pci 0000:00:16.2: setting latency timer to 64
[    0.549386] pci 0000:00:16.3: setting latency timer to 64
[    0.549443] pci 0000:00:16.4: setting latency timer to 64
[    0.549499] pci 0000:00:16.5: setting latency timer to 64
[    0.549555] pci 0000:00:16.6: setting latency timer to 64
[    0.549611] pci 0000:00:16.7: setting latency timer to 64
[    0.549668] pci 0000:00:17.0: setting latency timer to 64
[    0.549723] pci 0000:00:17.1: setting latency timer to 64
[    0.549780] pci 0000:00:17.2: setting latency timer to 64
[    0.549836] pci 0000:00:17.3: setting latency timer to 64
[    0.549892] pci 0000:00:17.4: setting latency timer to 64
[    0.549948] pci 0000:00:17.5: setting latency timer to 64
[    0.550005] pci 0000:00:17.6: setting latency timer to 64
[    0.550062] pci 0000:00:17.7: setting latency timer to 64
[    0.550118] pci 0000:00:18.0: setting latency timer to 64
[    0.550174] pci 0000:00:18.1: setting latency timer to 64
[    0.550230] pci 0000:00:18.2: setting latency timer to 64
[    0.550286] pci 0000:00:18.3: setting latency timer to 64
[    0.550342] pci 0000:00:18.4: setting latency timer to 64
[    0.550398] pci 0000:00:18.5: setting latency timer to 64
[    0.550473] pci 0000:00:18.6: setting latency timer to 64
[    0.550530] pci 0000:00:18.7: setting latency timer to 64
[    0.550544] pci_bus 0000:00: resource 4 [mem 0x000a0000-0x000bffff]
[    0.550547] pci_bus 0000:00: resource 5 [mem 0x000cc000-0x000cffff]
[    0.550549] pci_bus 0000:00: resource 6 [mem 0x000d0000-0x000d3fff]
[    0.550551] pci_bus 0000:00: resource 7 [mem 0x000d4000-0x000d7fff]
[    0.550553] pci_bus 0000:00: resource 8 [mem 0x000d8000-0x000dbfff]
[    0.550555] pci_bus 0000:00: resource 9 [mem 0xc0000000-0xfebfffff]
[    0.550557] pci_bus 0000:00: resource 10 [io  0x0000-0x0cf7]
[    0.550559] pci_bus 0000:00: resource 11 [io  0x0d00-0xfeff]
[    0.550561] pci_bus 0000:02: resource 0 [io  0x2000-0x3fff]
[    0.550564] pci_bus 0000:02: resource 1 [mem 0xc9000000-0xca3fffff]
[    0.550566] pci_bus 0000:02: resource 2 [mem 0xd8400000-0xd89fffff 64bit pref]
[    0.550568] pci_bus 0000:02: resource 4 [mem 0x000a0000-0x000bffff]
[    0.550570] pci_bus 0000:02: resource 5 [mem 0x000cc000-0x000cffff]
[    0.550572] pci_bus 0000:02: resource 6 [mem 0x000d0000-0x000d3fff]
[    0.550574] pci_bus 0000:02: resource 7 [mem 0x000d4000-0x000d7fff]
[    0.550576] pci_bus 0000:02: resource 8 [mem 0x000d8000-0x000dbfff]
[    0.550578] pci_bus 0000:02: resource 9 [mem 0xc0000000-0xfebfffff]
[    0.550580] pci_bus 0000:02: resource 10 [io  0x0000-0x0cf7]
[    0.550582] pci_bus 0000:02: resource 11 [io  0x0d00-0xfeff]
[    0.550584] pci_bus 0000:03: resource 0 [io  0x4000-0x4fff]
[    0.550586] pci_bus 0000:03: resource 1 [mem 0xca400000-0xca4fffff]
[    0.550588] pci_bus 0000:03: resource 2 [mem 0xd8a00000-0xd8afffff 64bit pref]
[    0.550591] pci_bus 0000:04: resource 0 [io  0x8000-0x8fff]
[    0.550593] pci_bus 0000:04: resource 1 [mem 0xca800000-0xca8fffff]
[    0.550595] pci_bus 0000:04: resource 2 [mem 0xd8e00000-0xd8efffff 64bit pref]
[    0.550597] pci_bus 0000:05: resource 0 [io  0xc000-0xcfff]
[    0.550599] pci_bus 0000:05: resource 1 [mem 0xcac00000-0xcacfffff]
[    0.550601] pci_bus 0000:05: resource 2 [mem 0xd9200000-0xd92fffff 64bit pref]
[    0.550603] pci_bus 0000:06: resource 1 [mem 0xcb000000-0xcb0fffff]
[    0.550606] pci_bus 0000:06: resource 2 [mem 0xd9600000-0xd96fffff 64bit pref]
[    0.550608] pci_bus 0000:07: resource 1 [mem 0xcb400000-0xcb4fffff]
[    0.550610] pci_bus 0000:07: resource 2 [mem 0xd9a00000-0xd9afffff 64bit pref]
[    0.550612] pci_bus 0000:08: resource 1 [mem 0xcb800000-0xcb8fffff]
[    0.550614] pci_bus 0000:08: resource 2 [mem 0xd9e00000-0xd9efffff 64bit pref]
[    0.550617] pci_bus 0000:09: resource 1 [mem 0xcbc00000-0xcbcfffff]
[    0.550619] pci_bus 0000:09: resource 2 [mem 0xda200000-0xda2fffff 64bit pref]
[    0.550621] pci_bus 0000:0a: resource 1 [mem 0xcc000000-0xcc0fffff]
[    0.550623] pci_bus 0000:0a: resource 2 [mem 0xda600000-0xda6fffff 64bit pref]
[    0.550625] pci_bus 0000:0b: resource 0 [io  0x5000-0x5fff]
[    0.550627] pci_bus 0000:0b: resource 1 [mem 0xca500000-0xca5fffff]
[    0.550630] pci_bus 0000:0b: resource 2 [mem 0xd8b00000-0xd8bfffff 64bit pref]
[    0.550632] pci_bus 0000:0c: resource 0 [io  0x9000-0x9fff]
[    0.550634] pci_bus 0000:0c: resource 1 [mem 0xca900000-0xca9fffff]
[    0.550636] pci_bus 0000:0c: resource 2 [mem 0xd8f00000-0xd8ffffff 64bit pref]
[    0.550638] pci_bus 0000:0d: resource 0 [io  0xd000-0xdfff]
[    0.550640] pci_bus 0000:0d: resource 1 [mem 0xcad00000-0xcadfffff]
[    0.550642] pci_bus 0000:0d: resource 2 [mem 0xd9300000-0xd93fffff 64bit pref]
[    0.550644] pci_bus 0000:0e: resource 1 [mem 0xcb100000-0xcb1fffff]
[    0.550647] pci_bus 0000:0e: resource 2 [mem 0xd9700000-0xd97fffff 64bit pref]
[    0.550649] pci_bus 0000:0f: resource 1 [mem 0xcb500000-0xcb5fffff]
[    0.550651] pci_bus 0000:0f: resource 2 [mem 0xd9b00000-0xd9bfffff 64bit pref]
[    0.550653] pci_bus 0000:10: resource 1 [mem 0xcb900000-0xcb9fffff]
[    0.550655] pci_bus 0000:10: resource 2 [mem 0xd9f00000-0xd9ffffff 64bit pref]
[    0.550658] pci_bus 0000:11: resource 1 [mem 0xcbd00000-0xcbdfffff]
[    0.550660] pci_bus 0000:11: resource 2 [mem 0xda300000-0xda3fffff 64bit pref]
[    0.550662] pci_bus 0000:12: resource 1 [mem 0xcc100000-0xcc1fffff]
[    0.550664] pci_bus 0000:12: resource 2 [mem 0xda700000-0xda7fffff 64bit pref]
[    0.550666] pci_bus 0000:13: resource 0 [io  0x6000-0x6fff]
[    0.550668] pci_bus 0000:13: resource 1 [mem 0xca600000-0xca6fffff]
[    0.550671] pci_bus 0000:13: resource 2 [mem 0xd8c00000-0xd8cfffff 64bit pref]
[    0.550673] pci_bus 0000:14: resource 0 [io  0xa000-0xafff]
[    0.550675] pci_bus 0000:14: resource 1 [mem 0xcaa00000-0xcaafffff]
[    0.550677] pci_bus 0000:14: resource 2 [mem 0xd9000000-0xd90fffff 64bit pref]
[    0.550679] pci_bus 0000:15: resource 0 [io  0xe000-0xefff]
[    0.550681] pci_bus 0000:15: resource 1 [mem 0xcae00000-0xcaefffff]
[    0.550683] pci_bus 0000:15: resource 2 [mem 0xd9400000-0xd94fffff 64bit pref]
[    0.550685] pci_bus 0000:16: resource 1 [mem 0xcb200000-0xcb2fffff]
[    0.550688] pci_bus 0000:16: resource 2 [mem 0xd9800000-0xd98fffff 64bit pref]
[    0.550690] pci_bus 0000:17: resource 1 [mem 0xcb600000-0xcb6fffff]
[    0.550692] pci_bus 0000:17: resource 2 [mem 0xd9c00000-0xd9cfffff 64bit pref]
[    0.550694] pci_bus 0000:18: resource 1 [mem 0xcba00000-0xcbafffff]
[    0.550696] pci_bus 0000:18: resource 2 [mem 0xda000000-0xda0fffff 64bit pref]
[    0.550699] pci_bus 0000:19: resource 1 [mem 0xcbe00000-0xcbefffff]
[    0.550701] pci_bus 0000:19: resource 2 [mem 0xda400000-0xda4fffff 64bit pref]
[    0.550703] pci_bus 0000:1a: resource 1 [mem 0xcc200000-0xcc2fffff]
[    0.550705] pci_bus 0000:1a: resource 2 [mem 0xda800000-0xda8fffff 64bit pref]
[    0.550707] pci_bus 0000:1b: resource 0 [io  0x7000-0x7fff]
[    0.550709] pci_bus 0000:1b: resource 1 [mem 0xca700000-0xca7fffff]
[    0.550711] pci_bus 0000:1b: resource 2 [mem 0xd8d00000-0xd8dfffff 64bit pref]
[    0.550714] pci_bus 0000:1c: resource 0 [io  0xb000-0xbfff]
[    0.550716] pci_bus 0000:1c: resource 1 [mem 0xcab00000-0xcabfffff]
[    0.550718] pci_bus 0000:1c: resource 2 [mem 0xd9100000-0xd91fffff 64bit pref]
[    0.550720] pci_bus 0000:1d: resource 1 [mem 0xcaf00000-0xcaffffff]
[    0.550722] pci_bus 0000:1d: resource 2 [mem 0xd9500000-0xd95fffff 64bit pref]
[    0.550724] pci_bus 0000:1e: resource 1 [mem 0xcb300000-0xcb3fffff]
[    0.550726] pci_bus 0000:1e: resource 2 [mem 0xd9900000-0xd99fffff 64bit pref]
[    0.550729] pci_bus 0000:1f: resource 1 [mem 0xcb700000-0xcb7fffff]
[    0.550731] pci_bus 0000:1f: resource 2 [mem 0xd9d00000-0xd9dfffff 64bit pref]
[    0.550733] pci_bus 0000:20: resource 1 [mem 0xcbb00000-0xcbbfffff]
[    0.550735] pci_bus 0000:20: resource 2 [mem 0xda100000-0xda1fffff 64bit pref]
[    0.550737] pci_bus 0000:21: resource 1 [mem 0xcbf00000-0xcbffffff]
[    0.550740] pci_bus 0000:21: resource 2 [mem 0xda500000-0xda5fffff 64bit pref]
[    0.550742] pci_bus 0000:22: resource 1 [mem 0xcc300000-0xcc3fffff]
[    0.550744] pci_bus 0000:22: resource 2 [mem 0xda900000-0xda9fffff 64bit pref]
[    0.550781] NET: Registered protocol family 2
[    0.550823] IP route cache hash table entries: 32768 (order: 5, 131072 bytes)
[    0.550994] TCP established hash table entries: 131072 (order: 8, 1048576 bytes)
[    0.551322] TCP bind hash table entries: 65536 (order: 7, 524288 bytes)
[    0.551548] TCP: Hash tables configured (established 131072 bind 65536)
[    0.551550] TCP reno registered
[    0.551553] UDP hash table entries: 512 (order: 2, 16384 bytes)
[    0.551561] UDP-Lite hash table entries: 512 (order: 2, 16384 bytes)
[    0.551603] NET: Registered protocol family 1
[    0.551612] pci 0000:00:00.0: Limiting direct PCI/PCI transfers
[    0.551703] pci 0000:00:0f.0: Boot video device
[    0.552249] ACPI: PCI Interrupt Link [LNKC] enabled at IRQ 10
[    0.552252] PCI: setting IRQ 10 as level-triggered
[    0.552260] pci 0000:02:00.0: PCI INT A -> Link[LNKC] -> GSI 10 (level, low) -> IRQ 10
[    0.552375] pci 0000:02:00.0: PCI INT A disabled
[    0.552537] ACPI: PCI Interrupt Link [LNKB] enabled at IRQ 11
[    0.552539] PCI: setting IRQ 11 as level-triggered
[    0.552543] pci 0000:02:03.0: PCI INT A -> Link[LNKB] -> GSI 11 (level, low) -> IRQ 11
[    0.552608] pci 0000:02:03.0: PCI INT A disabled
[    0.552623] PCI: CLS 32 bytes, default 64
[    0.552668] Simple Boot Flag at 0x36 set to 0x1
[    0.552673] Switching to clocksource tsc
[    0.552901] audit: initializing netlink socket (disabled)
[    0.552908] type=2000 audit(1369640510.526:1): initialized
[    0.564858] Trying to unpack rootfs image as initramfs...
[    0.579333] highmem bounce pool size: 64 pages
[    0.579341] HugeTLB registered 2 MB page size, pre-allocated 0 pages
[    0.590565] VFS: Disk quotas dquot_6.5.2
[    0.590637] Dquot-cache hash table entries: 1024 (order 0, 4096 bytes)
[    0.591120] fuse init (API version 7.17)
[    0.591184] msgmni has been set to 1710
[    0.602644] Block layer SCSI generic (bsg) driver version 0.4 loaded (major 253)
[    0.602684] io scheduler noop registered
[    0.602686] io scheduler deadline registered
[    0.602694] io scheduler cfq registered (default)
[    0.603020] pcieport 0000:00:15.0: setting latency timer to 64
[    0.603540] pcieport 0000:00:15.0: irq 40 for MSI/MSI-X
[    0.604132] pcieport 0000:00:15.1: setting latency timer to 64
[    0.604757] pcieport 0000:00:15.1: irq 41 for MSI/MSI-X
[    0.605458] pcieport 0000:00:15.2: setting latency timer to 64
[    0.605990] pcieport 0000:00:15.2: irq 42 for MSI/MSI-X
[    0.606582] pcieport 0000:00:15.3: setting latency timer to 64
[    0.607090] pcieport 0000:00:15.3: irq 43 for MSI/MSI-X
[    0.607740] pcieport 0000:00:15.4: setting latency timer to 64
[    0.608264] pcieport 0000:00:15.4: irq 44 for MSI/MSI-X
[    0.608825] pcieport 0000:00:15.5: setting latency timer to 64
[    0.609358] pcieport 0000:00:15.5: irq 45 for MSI/MSI-X
[    0.609894] pcieport 0000:00:15.6: setting latency timer to 64
[    0.614542] pcieport 0000:00:15.6: irq 46 for MSI/MSI-X
[    0.615088] pcieport 0000:00:15.7: setting latency timer to 64
[    0.615664] pcieport 0000:00:15.7: irq 47 for MSI/MSI-X
[    0.616204] pcieport 0000:00:16.0: setting latency timer to 64
[    0.616765] pcieport 0000:00:16.0: irq 48 for MSI/MSI-X
[    0.617295] pcieport 0000:00:16.1: setting latency timer to 64
[    0.617818] pcieport 0000:00:16.1: irq 49 for MSI/MSI-X
[    0.618384] pcieport 0000:00:16.2: setting latency timer to 64
[    0.622857] pcieport 0000:00:16.2: irq 50 for MSI/MSI-X
[    0.623561] pcieport 0000:00:16.3: setting latency timer to 64
[    0.624365] pcieport 0000:00:16.3: irq 51 for MSI/MSI-X
[    0.624946] pcieport 0000:00:16.4: setting latency timer to 64
[    0.625595] pcieport 0000:00:16.4: irq 52 for MSI/MSI-X
[    0.626387] pcieport 0000:00:16.5: setting latency timer to 64
[    0.634729] pcieport 0000:00:16.5: irq 53 for MSI/MSI-X
[    0.635393] pcieport 0000:00:16.6: setting latency timer to 64
[    0.636063] pcieport 0000:00:16.6: irq 54 for MSI/MSI-X
[    0.636758] pcieport 0000:00:16.7: setting latency timer to 64
[    0.637265] pcieport 0000:00:16.7: irq 55 for MSI/MSI-X
[    0.637810] pcieport 0000:00:17.0: setting latency timer to 64
[    0.637873] pcieport 0000:00:17.0: irq 56 for MSI/MSI-X
[    0.638963] pcieport 0000:00:17.1: setting latency timer to 64
[    0.639581] pcieport 0000:00:17.1: irq 57 for MSI/MSI-X
[    0.640242] pcieport 0000:00:17.2: setting latency timer to 64
[    0.640868] pcieport 0000:00:17.2: irq 58 for MSI/MSI-X
[    0.641510] pcieport 0000:00:17.3: setting latency timer to 64
[    0.642152] pcieport 0000:00:17.3: irq 59 for MSI/MSI-X
[    0.650730] pcieport 0000:00:17.4: setting latency timer to 64
[    0.651353] pcieport 0000:00:17.4: irq 60 for MSI/MSI-X
[    0.651897] pcieport 0000:00:17.5: setting latency timer to 64
[    0.652431] pcieport 0000:00:17.5: irq 61 for MSI/MSI-X
[    0.652974] pcieport 0000:00:17.6: setting latency timer to 64
[    0.653497] pcieport 0000:00:17.6: irq 62 for MSI/MSI-X
[    0.654030] pcieport 0000:00:17.7: setting latency timer to 64
[    0.658443] pcieport 0000:00:17.7: irq 63 for MSI/MSI-X
[    0.659125] pcieport 0000:00:18.0: setting latency timer to 64
[    0.659762] pcieport 0000:00:18.0: irq 64 for MSI/MSI-X
[    0.660434] pcieport 0000:00:18.1: setting latency timer to 64
[    0.661053] pcieport 0000:00:18.1: irq 65 for MSI/MSI-X
[    0.661719] pcieport 0000:00:18.2: setting latency timer to 64
[    0.662228] pcieport 0000:00:18.2: irq 66 for MSI/MSI-X
[    0.667122] pcieport 0000:00:18.3: setting latency timer to 64
[    0.667757] pcieport 0000:00:18.3: irq 67 for MSI/MSI-X
[    0.668424] pcieport 0000:00:18.4: setting latency timer to 64
[    0.669042] pcieport 0000:00:18.4: irq 68 for MSI/MSI-X
[    0.669696] pcieport 0000:00:18.5: setting latency timer to 64
[    0.674604] pcieport 0000:00:18.5: irq 69 for MSI/MSI-X
[    0.675331] pcieport 0000:00:18.6: setting latency timer to 64
[    0.675954] pcieport 0000:00:18.6: irq 70 for MSI/MSI-X
[    0.676674] pcieport 0000:00:18.7: setting latency timer to 64
[    0.677296] pcieport 0000:00:18.7: irq 71 for MSI/MSI-X
[    0.677996] pcieport 0000:00:15.0: Signaling PME through PCIe PME interrupt
[    0.678027] pcie_pme 0000:00:15.0:pcie01: service driver pcie_pme loaded
[    0.678176] pcieport 0000:00:15.1: Signaling PME through PCIe PME interrupt
[    0.678207] pcie_pme 0000:00:15.1:pcie01: service driver pcie_pme loaded
[    0.678398] pcieport 0000:00:15.2: Signaling PME through PCIe PME interrupt
[    0.678430] pcie_pme 0000:00:15.2:pcie01: service driver pcie_pme loaded
[    0.678565] pcieport 0000:00:15.3: Signaling PME through PCIe PME interrupt
[    0.678596] pcie_pme 0000:00:15.3:pcie01: service driver pcie_pme loaded
[    0.678769] pcieport 0000:00:15.4: Signaling PME through PCIe PME interrupt
[    0.678805] pcie_pme 0000:00:15.4:pcie01: service driver pcie_pme loaded
[    0.678975] pcieport 0000:00:15.5: Signaling PME through PCIe PME interrupt
[    0.679011] pcie_pme 0000:00:15.5:pcie01: service driver pcie_pme loaded
[    0.679172] pcieport 0000:00:15.6: Signaling PME through PCIe PME interrupt
[    0.679203] pcie_pme 0000:00:15.6:pcie01: service driver pcie_pme loaded
[    0.679411] pcieport 0000:00:15.7: Signaling PME through PCIe PME interrupt
[    0.679436] pcie_pme 0000:00:15.7:pcie01: service driver pcie_pme loaded
[    0.679562] pcieport 0000:00:16.0: Signaling PME through PCIe PME interrupt
[    0.679587] pcie_pme 0000:00:16.0:pcie01: service driver pcie_pme loaded
[    0.679706] pcieport 0000:00:16.1: Signaling PME through PCIe PME interrupt
[    0.679731] pcie_pme 0000:00:16.1:pcie01: service driver pcie_pme loaded
[    0.679851] pcieport 0000:00:16.2: Signaling PME through PCIe PME interrupt
[    0.679876] pcie_pme 0000:00:16.2:pcie01: service driver pcie_pme loaded
[    0.679997] pcieport 0000:00:16.3: Signaling PME through PCIe PME interrupt
[    0.680022] pcie_pme 0000:00:16.3:pcie01: service driver pcie_pme loaded
[    0.680141] pcieport 0000:00:16.4: Signaling PME through PCIe PME interrupt
[    0.680166] pcie_pme 0000:00:16.4:pcie01: service driver pcie_pme loaded
[    0.680344] pcieport 0000:00:16.5: Signaling PME through PCIe PME interrupt
[    0.680377] pcie_pme 0000:00:16.5:pcie01: service driver pcie_pme loaded
[    0.680499] pcieport 0000:00:16.6: Signaling PME through PCIe PME interrupt
[    0.680524] pcie_pme 0000:00:16.6:pcie01: service driver pcie_pme loaded
[    0.680645] pcieport 0000:00:16.7: Signaling PME through PCIe PME interrupt
[    0.680671] pcie_pme 0000:00:16.7:pcie01: service driver pcie_pme loaded
[    0.680789] pcieport 0000:00:17.0: Signaling PME through PCIe PME interrupt
[    0.680815] pcie_pme 0000:00:17.0:pcie01: service driver pcie_pme loaded
[    0.680933] pcieport 0000:00:17.1: Signaling PME through PCIe PME interrupt
[    0.680958] pcie_pme 0000:00:17.1:pcie01: service driver pcie_pme loaded
[    0.681077] pcieport 0000:00:17.2: Signaling PME through PCIe PME interrupt
[    0.681103] pcie_pme 0000:00:17.2:pcie01: service driver pcie_pme loaded
[    0.681221] pcieport 0000:00:17.3: Signaling PME through PCIe PME interrupt
[    0.681265] pcie_pme 0000:00:17.3:pcie01: service driver pcie_pme loaded
[    0.681413] pcieport 0000:00:17.4: Signaling PME through PCIe PME interrupt
[    0.681444] pcie_pme 0000:00:17.4:pcie01: service driver pcie_pme loaded
[    0.681590] pcieport 0000:00:17.5: Signaling PME through PCIe PME interrupt
[    0.681621] pcie_pme 0000:00:17.5:pcie01: service driver pcie_pme loaded
[    0.681767] pcieport 0000:00:17.6: Signaling PME through PCIe PME interrupt
[    0.681798] pcie_pme 0000:00:17.6:pcie01: service driver pcie_pme loaded
[    0.681941] pcieport 0000:00:17.7: Signaling PME through PCIe PME interrupt
[    0.681972] pcie_pme 0000:00:17.7:pcie01: service driver pcie_pme loaded
[    0.682116] pcieport 0000:00:18.0: Signaling PME through PCIe PME interrupt
[    0.682146] pcie_pme 0000:00:18.0:pcie01: service driver pcie_pme loaded
[    0.686296] pcieport 0000:00:18.1: Signaling PME through PCIe PME interrupt
[    0.686336] pcie_pme 0000:00:18.1:pcie01: service driver pcie_pme loaded
[    0.686488] pcieport 0000:00:18.2: Signaling PME through PCIe PME interrupt
[    0.686519] pcie_pme 0000:00:18.2:pcie01: service driver pcie_pme loaded
[    0.686665] pcieport 0000:00:18.3: Signaling PME through PCIe PME interrupt
[    0.686695] pcie_pme 0000:00:18.3:pcie01: service driver pcie_pme loaded
[    0.686840] pcieport 0000:00:18.4: Signaling PME through PCIe PME interrupt
[    0.686870] pcie_pme 0000:00:18.4:pcie01: service driver pcie_pme loaded
[    0.687017] pcieport 0000:00:18.5: Signaling PME through PCIe PME interrupt
[    0.687047] pcie_pme 0000:00:18.5:pcie01: service driver pcie_pme loaded
[    0.687191] pcieport 0000:00:18.6: Signaling PME through PCIe PME interrupt
[    0.687222] pcie_pme 0000:00:18.6:pcie01: service driver pcie_pme loaded
[    0.687417] pcieport 0000:00:18.7: Signaling PME through PCIe PME interrupt
[    0.687448] pcie_pme 0000:00:18.7:pcie01: service driver pcie_pme loaded
[    0.687480] pci_hotplug: PCI Hot Plug PCI Core version: 0.5
[    0.688124] pciehp 0000:00:15.0:pcie04: HPC vendor_id 15ad device_id 7a0 ss_vid 15ad ss_did 7a0
[    0.688207] pciehp 0000:00:15.0:pcie04: service driver pciehp loaded
[    0.688353] pciehp 0000:00:15.1:pcie04: HPC vendor_id 15ad device_id 7a0 ss_vid 15ad ss_did 7a0
[    0.688426] pciehp 0000:00:15.1:pcie04: service driver pciehp loaded
[    0.688499] pciehp 0000:00:15.2:pcie04: HPC vendor_id 15ad device_id 7a0 ss_vid 15ad ss_did 7a0
[    0.688565] pciehp 0000:00:15.2:pcie04: service driver pciehp loaded
[    0.688634] pciehp 0000:00:15.3:pcie04: HPC vendor_id 15ad device_id 7a0 ss_vid 15ad ss_did 7a0
[    0.688699] pciehp 0000:00:15.3:pcie04: service driver pciehp loaded
[    0.688770] pciehp 0000:00:15.4:pcie04: HPC vendor_id 15ad device_id 7a0 ss_vid 15ad ss_did 7a0
[    0.688835] pciehp 0000:00:15.4:pcie04: service driver pciehp loaded
[    0.688905] pciehp 0000:00:15.5:pcie04: HPC vendor_id 15ad device_id 7a0 ss_vid 15ad ss_did 7a0
[    0.688975] pciehp 0000:00:15.5:pcie04: service driver pciehp loaded
[    0.689045] pciehp 0000:00:15.6:pcie04: HPC vendor_id 15ad device_id 7a0 ss_vid 15ad ss_did 7a0
[    0.689110] pciehp 0000:00:15.6:pcie04: service driver pciehp loaded
[    0.689180] pciehp 0000:00:15.7:pcie04: HPC vendor_id 15ad device_id 7a0 ss_vid 15ad ss_did 7a0
[    0.689259] pciehp 0000:00:15.7:pcie04: service driver pciehp loaded
[    0.689330] pciehp 0000:00:16.0:pcie04: HPC vendor_id 15ad device_id 7a0 ss_vid 15ad ss_did 7a0
[    0.689395] pciehp 0000:00:16.0:pcie04: service driver pciehp loaded
[    0.689465] pciehp 0000:00:16.1:pcie04: HPC vendor_id 15ad device_id 7a0 ss_vid 15ad ss_did 7a0
[    0.689530] pciehp 0000:00:16.1:pcie04: service driver pciehp loaded
[    0.689600] pciehp 0000:00:16.2:pcie04: HPC vendor_id 15ad device_id 7a0 ss_vid 15ad ss_did 7a0
[    0.689665] pciehp 0000:00:16.2:pcie04: service driver pciehp loaded
[    0.689739] pciehp 0000:00:16.3:pcie04: HPC vendor_id 15ad device_id 7a0 ss_vid 15ad ss_did 7a0
[    0.689804] pciehp 0000:00:16.3:pcie04: service driver pciehp loaded
[    0.689874] pciehp 0000:00:16.4:pcie04: HPC vendor_id 15ad device_id 7a0 ss_vid 15ad ss_did 7a0
[    0.689939] pciehp 0000:00:16.4:pcie04: service driver pciehp loaded
[    0.690009] pciehp 0000:00:16.5:pcie04: HPC vendor_id 15ad device_id 7a0 ss_vid 15ad ss_did 7a0
[    0.690074] pciehp 0000:00:16.5:pcie04: service driver pciehp loaded
[    0.690144] pciehp 0000:00:16.6:pcie04: HPC vendor_id 15ad device_id 7a0 ss_vid 15ad ss_did 7a0
[    0.690208] pciehp 0000:00:16.6:pcie04: service driver pciehp loaded
[    0.694368] pciehp 0000:00:16.7:pcie04: HPC vendor_id 15ad device_id 7a0 ss_vid 15ad ss_did 7a0
[    0.694453] pciehp 0000:00:16.7:pcie04: service driver pciehp loaded
[    0.694528] pciehp 0000:00:17.0:pcie04: HPC vendor_id 15ad device_id 7a0 ss_vid 15ad ss_did 7a0
[    0.694601] pciehp 0000:00:17.0:pcie04: service driver pciehp loaded
[    0.694672] pciehp 0000:00:17.1:pcie04: HPC vendor_id 15ad device_id 7a0 ss_vid 15ad ss_did 7a0
[    0.694738] pciehp 0000:00:17.1:pcie04: service driver pciehp loaded
[    0.694812] pciehp 0000:00:17.2:pcie04: HPC vendor_id 15ad device_id 7a0 ss_vid 15ad ss_did 7a0
[    0.694878] pciehp 0000:00:17.2:pcie04: service driver pciehp loaded
[    0.694949] pciehp 0000:00:17.3:pcie04: HPC vendor_id 15ad device_id 7a0 ss_vid 15ad ss_did 7a0
[    0.695018] pciehp 0000:00:17.3:pcie04: service driver pciehp loaded
[    0.695089] pciehp 0000:00:17.4:pcie04: HPC vendor_id 15ad device_id 7a0 ss_vid 15ad ss_did 7a0
[    0.695157] pciehp 0000:00:17.4:pcie04: service driver pciehp loaded
[    0.695264] pciehp 0000:00:17.5:pcie04: HPC vendor_id 15ad device_id 7a0 ss_vid 15ad ss_did 7a0
[    0.695356] pciehp 0000:00:17.5:pcie04: service driver pciehp loaded
[    0.695448] pciehp 0000:00:17.6:pcie04: HPC vendor_id 15ad device_id 7a0 ss_vid 15ad ss_did 7a0
[    0.695521] pciehp 0000:00:17.6:pcie04: service driver pciehp loaded
[    0.695592] pciehp 0000:00:17.7:pcie04: HPC vendor_id 15ad device_id 7a0 ss_vid 15ad ss_did 7a0
[    0.695657] pciehp 0000:00:17.7:pcie04: service driver pciehp loaded
[    0.695728] pciehp 0000:00:18.0:pcie04: HPC vendor_id 15ad device_id 7a0 ss_vid 15ad ss_did 7a0
[    0.695793] pciehp 0000:00:18.0:pcie04: service driver pciehp loaded
[    0.695864] pciehp 0000:00:18.1:pcie04: HPC vendor_id 15ad device_id 7a0 ss_vid 15ad ss_did 7a0
[    0.695930] pciehp 0000:00:18.1:pcie04: service driver pciehp loaded
[    0.696000] pciehp 0000:00:18.2:pcie04: HPC vendor_id 15ad device_id 7a0 ss_vid 15ad ss_did 7a0
[    0.696065] pciehp 0000:00:18.2:pcie04: service driver pciehp loaded
[    0.696136] pciehp 0000:00:18.3:pcie04: HPC vendor_id 15ad device_id 7a0 ss_vid 15ad ss_did 7a0
[    0.696201] pciehp 0000:00:18.3:pcie04: service driver pciehp loaded
[    0.696281] pciehp 0000:00:18.4:pcie04: HPC vendor_id 15ad device_id 7a0 ss_vid 15ad ss_did 7a0
[    0.696348] pciehp 0000:00:18.4:pcie04: service driver pciehp loaded
[    0.696418] pciehp 0000:00:18.5:pcie04: HPC vendor_id 15ad device_id 7a0 ss_vid 15ad ss_did 7a0
[    0.696484] pciehp 0000:00:18.5:pcie04: service driver pciehp loaded
[    0.696554] pciehp 0000:00:18.6:pcie04: HPC vendor_id 15ad device_id 7a0 ss_vid 15ad ss_did 7a0
[    0.696619] pciehp 0000:00:18.6:pcie04: service driver pciehp loaded
[    0.696690] pciehp 0000:00:18.7:pcie04: HPC vendor_id 15ad device_id 7a0 ss_vid 15ad ss_did 7a0
[    0.696755] pciehp 0000:00:18.7:pcie04: service driver pciehp loaded
[    0.696763] pciehp: PCI Express Hot Plug Controller Driver version: 0.4
[    0.696946] ACPI: Deprecated procfs I/F for AC is loaded, please retry with CONFIG_ACPI_PROCFS_POWER cleared
[    0.697047] ACPI: AC Adapter [ACAD] (on-line)
[    0.702595] input: Power Button as /devices/LNXSYSTM:00/LNXPWRBN:00/input/input0
[    0.702600] ACPI: Power Button [PWRF]
[    0.756846] ERST: Table is not found!
[    0.756863] GHES: HEST is not enabled!
[    0.757007] Serial: 8250/16550 driver, 32 ports, IRQ sharing enabled
[    0.780779] serial8250: ttyS0 at I/O 0x3f8 (irq = 4) is a 16550A
[    0.786153] isapnp: Scanning for PnP cards...
[    0.880468] serial8250: ttyS1 at I/O 0x2f8 (irq = 3) is a 16550A
[    0.977803] 00:0a: ttyS0 at I/O 0x3f8 (irq = 4) is a 16550A
[    1.021879] 00:0b: ttyS1 at I/O 0x2f8 (irq = 3) is a 16550A
[    1.089915] Linux agpgart interface v0.103
[    1.089961] agpgart-intel 0000:00:00.0: Intel 440BX Chipset
[    1.090040] agpgart-intel 0000:00:00.0: AGP aperture is 256M @ 0x0
[    1.093722] brd: module loaded
[    1.094167] loop: module loaded
[    1.094213] ata_piix 0000:00:07.1: version 2.13
[    1.094303] scsi0 : ata_piix
[    1.094362] scsi1 : ata_piix
[    1.094391] ata1: PATA max UDMA/33 cmd 0x1f0 ctl 0x3f6 bmdma 0x10c0 irq 14
[    1.094393] ata2: PATA max UDMA/33 cmd 0x170 ctl 0x376 bmdma 0x10c8 irq 15
[    1.094442] Fixed MDIO Bus: probed
[    1.094455] tun: Universal TUN/TAP device driver, 1.6
[    1.094457] tun: (C) 1999-2004 Max Krasnyansky <maxk@qualcomm.com>
[    1.094507] PPP generic driver version 2.4.2
[    1.094568] ehci_hcd: USB 2.0 'Enhanced' Host Controller (EHCI) Driver
[    1.094599] ehci_hcd 0000:02:03.0: PCI INT A -> Link[LNKB] -> GSI 11 (level, low) -> IRQ 11
[    1.094645] ehci_hcd 0000:02:03.0: EHCI Host Controller
[    1.094681] ehci_hcd 0000:02:03.0: new USB bus registered, assigned bus number 1
[    1.094727] ehci_hcd 0000:02:03.0: cache line size of 32 is not supported
[    1.094734] ehci_hcd 0000:02:03.0: irq 11, io mem 0xc9000000
[    1.105710] ehci_hcd 0000:02:03.0: USB 2.0 started, EHCI 1.00
[    1.105833] hub 1-0:1.0: USB hub found
[    1.105840] hub 1-0:1.0: 6 ports detected
[    1.105886] ohci_hcd: USB 1.1 'Open' Host Controller (OHCI) Driver
[    1.105906] uhci_hcd: USB Universal Host Controller Interface driver
[    1.105952] uhci_hcd 0000:02:00.0: PCI INT A -> Link[LNKC] -> GSI 10 (level, low) -> IRQ 10
[    1.105998] uhci_hcd 0000:02:00.0: UHCI Host Controller
[    1.106046] uhci_hcd 0000:02:00.0: new USB bus registered, assigned bus number 2
[    1.106144] uhci_hcd 0000:02:00.0: irq 10, io base 0x000020c0
[    1.106251] hub 2-0:1.0: USB hub found
[    1.106256] hub 2-0:1.0: 2 ports detected
[    1.106302] usbcore: registered new interface driver libusual
[    1.106348] i8042: PNP: PS/2 Controller [PNP0303:KBC,PNP0f13:MOUS] at 0x60,0x64 irq 1,12
[    1.106673] serio: i8042 KBD port at 0x60,0x64 irq 1
[    1.106682] serio: i8042 AUX port at 0x60,0x64 irq 12
[    1.106841] mousedev: PS/2 mouse device common for all mice
[    1.127014] rtc_cmos 00:04: rtc core: registered rtc_cmos as rtc0
[    1.127040] rtc0: alarms up to one month, y3k, 114 bytes nvram, hpet irqs
[    1.127086] device-mapper: uevent: version 1.0.3
[    1.127163] device-mapper: ioctl: 4.22.0-ioctl (2011-10-19) initialised: dm-devel@redhat.com
[    1.127209] EISA: Probing bus 0 at eisa.0
[    1.127212] EISA: Cannot allocate resource for mainboard
[    1.127215] Cannot allocate resource for EISA slot 1
[    1.127218] Cannot allocate resource for EISA slot 2
[    1.127220] Cannot allocate resource for EISA slot 3
[    1.127222] Cannot allocate resource for EISA slot 4
[    1.127225] Cannot allocate resource for EISA slot 5
[    1.127227] Cannot allocate resource for EISA slot 6
[    1.127230] Cannot allocate resource for EISA slot 7
[    1.127232] Cannot allocate resource for EISA slot 8
[    1.127234] EISA: Detected 0 cards.
[    1.127245] cpufreq-nforce2: No nForce2 chipset.
[    1.127248] cpuidle: using governor ladder
[    1.127250] cpuidle: using governor menu
[    1.127253] EFI Variables Facility v0.08 2004-May-17
[    1.127299] TCP cubic registered
[    1.127371] NET: Registered protocol family 10
[    1.127417] NET: Registered protocol family 17
[    1.127423] Registering the dns_resolver key type
[    1.127440] Using IPI No-Shortcut mode
[    1.127531] PM: Hibernation image not present or could not be loaded.
[    1.127548] registered taskstats version 1
[    1.145866] input: AT Translated Set 2 keyboard as /devices/platform/i8042/serio0/input/input1
[    1.197562] Freeing initrd memory: 13836k freed
[    1.201604]   Magic number: 13:894:673
[    1.201706] rtc_cmos 00:04: setting system clock to 2013-05-27 07:41:51 UTC (1369640511)
[    1.201719] BIOS EDD facility v0.16 2004-Jun-25, 0 devices found
[    1.201721] EDD information not available.
[    1.367738] ata2.00: ATAPI: VMware Virtual IDE CDROM Drive, 00000001, max UDMA/33
[    1.368075] ata2.00: configured for UDMA/33
[    1.411844] isapnp: No Plug & Play device found
[    1.412080] scsi 1:0:0:0: CD-ROM            NECVMWar VMware IDE CDR10 1.00 PQ: 0 ANSI: 5
[    1.412688] sr0: scsi3-mmc drive: 306x/306x cd/rw xa/form2 cdda tray
[    1.412692] cdrom: Uniform CD-ROM driver Revision: 3.20
[    1.412801] sr 1:0:0:0: Attached scsi CD-ROM sr0
[    1.412958] sr 1:0:0:0: Attached scsi generic sg0 type 5
[    1.413044] Freeing unused kernel memory: 740k freed
[    1.413061] Write protecting the kernel text: 5816k
[    1.413075] Write protecting the kernel read-only data: 2376k
[    1.413088] NX-protecting the kernel data: 4424k
[    1.423782] udevd[85]: starting version 175
[    1.437596] VMware vmxnet3 virtual NIC driver - version 1.1.29.0-k-NAPI
[    1.441576] VMware PVSCSI driver - version 1.0.1.0-k
[    1.446612] VMware vmxnet virtual NIC driver
[    1.446658] ACPI: PCI Interrupt Link [LNKD] enabled at IRQ 5
[    1.446662] PCI: setting IRQ 5 as level-triggered
[    1.446670] vmxnet 0000:02:01.0: PCI INT A -> Link[LNKD] -> GSI 5 (level, low) -> IRQ 5
[    1.446716] Found vmxnet/PCI at 0x2024, irq 5.
[    1.446762] features:
[    1.446777] numRxBuffers = 100, numRxBuffers2 = 1
[    1.446823] vmxnet 0000:02:01.0: eth0: set_features() failed (-1); wanted 0x00004000, left 0x00004800
[    1.482986] Fusion MPT base driver 3.04.20
[    1.482989] Copyright (c) 1999-2008 LSI Corporation
[    1.483163] Fusion MPT SPI Host driver 3.04.20
[    1.483209] mptspi 0000:00:10.0: PCI INT A -> Link[LNKB] -> GSI 11 (level, low) -> IRQ 11
[    1.483650] Floppy drive(s): fd0 is 1.44M
[    1.489221] mptbase: ioc0: Initiating bringup
[    1.497376] FDC 0 is a post-1991 82077
[    1.561094] ioc0: LSI53C1030 B0: Capabilities={Initiator}
[    1.576985] usb 2-1: new full-speed USB device number 2 using uhci_hcd
[    1.713177] input: VMware VMware Virtual USB Mouse as /devices/pci0000:00/0000:00:11.0/0000:02:00.0/usb2/2-1/2-1:1.0/input/input2
[    1.713402] generic-usb 0003:0E0F:0003.0001: input,hidraw0: USB HID v1.10 Mouse [VMware VMware Virtual USB Mouse] on usb-0000:02:00.0-1/input0
[    1.714153] input: VMware VMware Virtual USB Mouse as /devices/pci0000:00/0000:00:11.0/0000:02:00.0/usb2/2-1/2-1:1.1/input/input3
[    1.714318] generic-usb 0003:0E0F:0003.0002: input,hidraw1: USB HID v1.10 Mouse [VMware VMware Virtual USB Mouse] on usb-0000:02:00.0-1/input1
[    1.714473] usbcore: registered new interface driver usbhid
[    1.714475] usbhid: USB HID core driver
[    1.720947] scsi2 : ioc0: LSI53C1030 B0, FwRev=01032920h, Ports=1, MaxQ=128, IRQ=11
[    1.820634] usb 2-2: new full-speed USB device number 3 using uhci_hcd
[    1.833581] scsi 2:0:0:0: Direct-Access     VMware,  VMware Virtual S 1.0  PQ: 0 ANSI: 2
[    1.833591] scsi target2:0:0: Beginning Domain Validation
[    1.834305] scsi target2:0:0: Domain Validation skipping write tests
[    1.834309] scsi target2:0:0: Ending Domain Validation
[    1.834377] scsi target2:0:0: FAST-40 WIDE SCSI 80.0 MB/s ST (25 ns, offset 127)
[    1.837156] sd 2:0:0:0: [sda] 41943040 512-byte logical blocks: (21.4 GB/20.0 GiB)
[    1.837218] sd 2:0:0:0: [sda] Write Protect is off
[    1.837221] sd 2:0:0:0: [sda] Mode Sense: 61 00 00 00
[    1.837292] sd 2:0:0:0: [sda] Cache data unavailable
[    1.837294] sd 2:0:0:0: [sda] Assuming drive cache: write through
[    1.837605] sd 2:0:0:0: [sda] Cache data unavailable
[    1.837608] sd 2:0:0:0: [sda] Assuming drive cache: write through
[    1.838360]  sda: sda1 sda2 < sda5 >
[    1.838806] sd 2:0:0:0: [sda] Cache data unavailable
[    1.838809] sd 2:0:0:0: [sda] Assuming drive cache: write through
[    1.838811] sd 2:0:0:0: [sda] Attached SCSI disk
[    1.840625] sd 2:0:0:0: Attached scsi generic sg1 type 0
[    1.874910] EXT4-fs (sda1): INFO: recovery required on readonly filesystem
[    1.874914] EXT4-fs (sda1): write access will be enabled during recovery
[    1.962580] hub 2-2:1.0: USB hub found
[    1.964363] hub 2-2:1.0: 7 ports detected
[    1.988992] EXT4-fs (sda1): recovery complete
[    1.996690] EXT4-fs (sda1): mounted filesystem with ordered data mode. Opts: (null)
[    3.764582] ADDRCONF(NETDEV_UP): eth0: link is not ready
[    3.777677] udevd[329]: starting version 175
[    3.814461] Adding 1046524k swap on /dev/sda5.  Priority:-1 extents:1 across:1046524k 
[    3.824799] lp: driver loaded but no devices found
[    3.938736] EXT4-fs (sda1): re-mounted. Opts: errors=remount-ro
[    4.090323] shpchp: Standard Hot Plug PCI Controller Driver version: 0.4
[    4.090980] [492]: VMCI: shared components initialized.
[    4.090994] Probing for vmci/PCI.
[    4.091143] ACPI: PCI Interrupt Link [LNKA] enabled at IRQ 9
[    4.091145] PCI: setting IRQ 9 as level-triggered
[    4.091151] vmci 0000:00:07.7: PCI INT A -> Link[LNKA] -> GSI 9 (level, low) -> IRQ 9
[    4.091192] Found vmci/PCI at 0x1080, irq 9.
[    4.091228] VMCI: using capabilities 0xc.
[    4.091299] [492]: VMCI: Host capability check passed.
[    4.091550] vmci 0000:00:07.7: irq 72 for MSI/MSI-X
[    4.091582] vmci 0000:00:07.7: irq 73 for MSI/MSI-X
[    4.091790] Registered vmci device.
[    4.107533] piix4_smbus 0000:00:07.3: Host SMBus controller not enabled!
[    4.107658] [492]: VMCI: Using guest personality
[    4.107662] [492]: VMCI: host components initialized.
[    4.108092] parport_pc 00:09: reported by Plug and Play ACPI
[    4.108280] parport0: PC-style at 0x378, irq 7 [PCSPP,TRISTATE]
[    4.109329] [492]: VMCI: Module registered (name=vmci,major=10,minor=57).
[    4.109331] [492]: VMCI: Using host personality
[    4.109333] [492]: VMCI: Module (name=vmci) is initialized
[    4.205644] lp0: using parport0 (interrupt-driven).
[    4.207518] type=1400 audit(1369640514.506:2): apparmor="STATUS" operation="profile_load" name="/sbin/dhclient" pid=540 comm="apparmor_parser"
[    4.207899] type=1400 audit(1369640514.506:3): apparmor="STATUS" operation="profile_load" name="/usr/lib/NetworkManager/nm-dhcp-client.action" pid=540 comm="apparmor_parser"
[    4.208097] type=1400 audit(1369640514.506:4): apparmor="STATUS" operation="profile_load" name="/usr/lib/connman/scripts/dhclient-script" pid=540 comm="apparmor_parser"
[    4.268880] ppdev: user-space parallel port driver
[    4.286090] Bluetooth: Core ver 2.16
[    4.286131] NET: Registered protocol family 31
[    4.286133] Bluetooth: HCI device and connection manager initialized
[    4.286135] Bluetooth: HCI socket layer initialized
[    4.286137] Bluetooth: L2CAP socket layer initialized
[    4.286142] Bluetooth: SCO socket layer initialized
[    4.309921] Bluetooth: BNEP (Ethernet Emulation) ver 1.3
[    4.309924] Bluetooth: BNEP filters: protocol multicast
[    4.322059] type=1400 audit(1369640514.622:5): apparmor="STATUS" operation="profile_load" name="/usr/lib/cups/backend/cups-pdf" pid=595 comm="apparmor_parser"
[    4.323819] type=1400 audit(1369640514.622:6): apparmor="STATUS" operation="profile_load" name="/usr/sbin/cupsd" pid=595 comm="apparmor_parser"
[    4.399250] Bluetooth: RFCOMM TTY layer initialized
[    4.399256] Bluetooth: RFCOMM socket layer initialized
[    4.399258] Bluetooth: RFCOMM ver 1.11
[    4.534470] input: ImPS/2 Generic Wheel Mouse as /devices/platform/i8042/serio1/input/input4
[    4.568258] snd_ens1371 0000:02:02.0: PCI INT A -> Link[LNKA] -> GSI 9 (level, low) -> IRQ 9
[    4.578512] init: failsafe main process (661) killed by TERM signal
[    4.660578] type=1400 audit(1369640514.962:7): apparmor="STATUS" operation="profile_load" name="/usr/lib/lightdm/lightdm/lightdm-guest-session-wrapper" pid=780 comm="apparmor_parser"
[    4.660944] type=1400 audit(1369640514.962:8): apparmor="STATUS" operation="profile_replace" name="/sbin/dhclient" pid=781 comm="apparmor_parser"
[    4.661010] type=1400 audit(1369640514.962:9): apparmor="STATUS" operation="profile_replace" name="/usr/lib/NetworkManager/nm-dhcp-client.action" pid=781 comm="apparmor_parser"
[    4.661059] type=1400 audit(1369640514.962:10): apparmor="STATUS" operation="profile_replace" name="/usr/lib/connman/scripts/dhclient-script" pid=781 comm="apparmor_parser"
[    4.829288] init: alsa-restore main process (867) terminated with status 19
