[    0.000000] Initializing cgroup subsys cpuset
[    0.000000] Initializing cgroup subsys cpu
[    0.000000] Linux version 3.2.0-29-generic-pae (buildd@roseapple) (gcc version 4.6.3 (Ubuntu/Linaro 4.6.3-1ubuntu5) ) #46-Ubuntu SMP Fri Jul 27 17:25:43 UTC 2012 (Ubuntu 3.2.0-29.46-generic-pae 3.2.24)
[    0.000000] KERNEL supported cpus:
[    0.000000]   Intel GenuineIntel
[    0.000000]   AMD AuthenticAMD
[    0.000000]   NSC Geode by NSC
[    0.000000]   Cyrix CyrixInstead
[    0.000000]   Centaur CentaurHauls
[    0.000000]   Transmeta GenuineTMx86
[    0.000000]   Transmeta TransmetaCPU
[    0.000000]   UMC UMC UMC UMC
[    0.000000] Disabled fast string operations
[    0.000000] BIOS-provided physical RAM map:
[    0.000000]  BIOS-e820: 0000000000000000 - 000000000009f000 (usable)
[    0.000000]  BIOS-e820: 000000000009f000 - 00000000000a0000 (reserved)
[    0.000000]  BIOS-e820: 00000000000ca000 - 00000000000cc000 (reserved)
[    0.000000]  BIOS-e820: 00000000000dc000 - 0000000000100000 (reserved)
[    0.000000]  BIOS-e820: 0000000000100000 - 000000003fee0000 (usable)
[    0.000000]  BIOS-e820: 000000003fee0000 - 000000003feff000 (ACPI data)
[    0.000000]  BIOS-e820: 000000003feff000 - 000000003ff00000 (ACPI NVS)
[    0.000000]  BIOS-e820: 000000003ff00000 - 0000000040000000 (usable)
[    0.000000]  BIOS-e820: 00000000e0000000 - 00000000f0000000 (reserved)
[    0.000000]  BIOS-e820: 00000000fec00000 - 00000000fec10000 (reserved)
[    0.000000]  BIOS-e820: 00000000fee00000 - 00000000fee01000 (reserved)
[    0.000000]  BIOS-e820: 00000000fffe0000 - 0000000100000000 (reserved)
[    0.000000] NX (Execute Disable) protection: active
[    0.000000] DMI present.
[    0.000000] DMI: VMware, Inc. VMware Virtual Platform/440BX Desktop Reference Platform, BIOS 6.00 07/02/2012
[    0.000000] Hypervisor detected: VMware
[    0.000000] e820 update range: 0000000000000000 - 0000000000010000 (usable) ==> (reserved)
[    0.000000] e820 remove range: 00000000000a0000 - 0000000000100000 (usable)
[    0.000000] last_pfn = 0x40000 max_arch_pfn = 0x1000000
[    0.000000] MTRR default type: uncachable
[    0.000000] MTRR fixed ranges enabled:
[    0.000000]   00000-9FFFF write-back
[    0.000000]   A0000-BFFFF uncachable
[    0.000000]   C0000-CBFFF write-protect
[    0.000000]   CC000-EFFFF uncachable
[    0.000000]   F0000-FFFFF write-protect
[    0.000000] MTRR variable ranges enabled:
[    0.000000]   0 base 0000000000 mask FFC0000000 write-back
[    0.000000]   1 disabled
[    0.000000]   2 disabled
[    0.000000]   3 disabled
[    0.000000]   4 disabled
[    0.000000]   5 disabled
[    0.000000]   6 disabled
[    0.000000]   7 disabled
[    0.000000] x86 PAT enabled: cpu 0, old 0x0, new 0x7010600070106
[    0.000000] found SMP MP-table at [c00f6bf0] f6bf0
[    0.000000] initial memory mapped : 0 - 02000000
[    0.000000] Base memory trampoline at [c009b000] 9b000 size 16384
[    0.000000] init_memory_mapping: 0000000000000000-0000000037bfe000
[    0.000000]  0000000000 - 0000200000 page 4k
[    0.000000]  0000200000 - 0037a00000 page 2M
[    0.000000]  0037a00000 - 0037bfe000 page 4k
[    0.000000] kernel direct mapping tables up to 37bfe000 @ 1ffb000-2000000
[    0.000000] RAMDISK: 364ea000 - 3726d000
[    0.000000] ACPI: RSDP 000f6b80 00024 (v02 PTLTD )
[    0.000000] ACPI: XSDT 3feed636 0005C (v01 INTEL  440BX    06040000 VMW  01324272)
[    0.000000] ACPI: FACP 3fefee98 000F4 (v04 INTEL  440BX    06040000 PTL  000F4240)
[    0.000000] ACPI: DSDT 3feee366 10B32 (v01 PTLTD  Custom   06040000 MSFT 03000001)
[    0.000000] ACPI: FACS 3fefffc0 00040
[    0.000000] ACPI: BOOT 3feee33e 00028 (v01 PTLTD  $SBFTBL$ 06040000  LTP 00000001)
[    0.000000] ACPI: APIC 3feedc3e 003C2 (v01 PTLTD  ? APIC   06040000  LTP 00000000)
[    0.000000] ACPI: MCFG 3feedc02 0003C (v01 PTLTD  $PCITBL$ 06040000  LTP 00000001)
[    0.000000] ACPI: SRAT 3feed732 004D0 (v02 VMWARE MEMPLUG  06040000 VMW  00000001)
[    0.000000] ACPI: HPET 3feed6fa 00038 (v01 VMWARE VMW HPET 06040000 VMW  00000001)
[    0.000000] ACPI: WAET 3feed6d2 00028 (v01 VMWARE VMW WAET 06040000 VMW  00000001)
[    0.000000] ACPI: Local APIC address 0xfee00000
[    0.000000] 132MB HIGHMEM available.
[    0.000000] 891MB LOWMEM available.
[    0.000000]   mapped low ram: 0 - 37bfe000
[    0.000000]   low ram: 0 - 37bfe000
[    0.000000] Zone PFN ranges:
[    0.000000]   DMA      0x00000010 -> 0x00001000
[    0.000000]   Normal   0x00001000 -> 0x00037bfe
[    0.000000]   HighMem  0x00037bfe -> 0x00040000
[    0.000000] Movable zone start PFN for each node
[    0.000000] early_node_map[3] active PFN ranges
[    0.000000]     0: 0x00000010 -> 0x0000009f
[    0.000000]     0: 0x00000100 -> 0x0003fee0
[    0.000000]     0: 0x0003ff00 -> 0x00040000
[    0.000000] On node 0 totalpages: 261999
[    0.000000] free_area_init_node: node 0, pgdat c1866a40, node_mem_map f73fd200
[    0.000000]   DMA zone: 32 pages used for memmap
[    0.000000]   DMA zone: 0 pages reserved
[    0.000000]   DMA zone: 3951 pages, LIFO batch:0
[    0.000000]   Normal zone: 1752 pages used for memmap
[    0.000000]   Normal zone: 222502 pages, LIFO batch:31
[    0.000000]   HighMem zone: 265 pages used for memmap
[    0.000000]   HighMem zone: 33497 pages, LIFO batch:7
[    0.000000] Using APIC driver default
[    0.000000] ACPI: PM-Timer IO Port: 0x1008
[    0.000000] ACPI: Local APIC address 0xfee00000
[    0.000000] ACPI: LAPIC (acpi_id[0x00] lapic_id[0x00] enabled)
[    0.000000] ACPI: LAPIC (acpi_id[0x01] lapic_id[0x02] disabled)
[    0.000000] ACPI: LAPIC (acpi_id[0x02] lapic_id[0x04] disabled)
[    0.000000] ACPI: LAPIC (acpi_id[0x03] lapic_id[0x06] disabled)
[    0.000000] ACPI: LAPIC (acpi_id[0x04] lapic_id[0x08] disabled)
[    0.000000] ACPI: LAPIC (acpi_id[0x05] lapic_id[0x0a] disabled)
[    0.000000] ACPI: LAPIC (acpi_id[0x06] lapic_id[0x0c] disabled)
[    0.000000] ACPI: LAPIC (acpi_id[0x07] lapic_id[0x0e] disabled)
[    0.000000] ACPI: LAPIC (acpi_id[0x08] lapic_id[0x10] disabled)
[    0.000000] ACPI: LAPIC (acpi_id[0x09] lapic_id[0x12] disabled)
[    0.000000] ACPI: LAPIC (acpi_id[0x0a] lapic_id[0x14] disabled)
[    0.000000] ACPI: LAPIC (acpi_id[0x0b] lapic_id[0x16] disabled)
[    0.000000] ACPI: LAPIC (acpi_id[0x0c] lapic_id[0x18] disabled)
[    0.000000] ACPI: LAPIC (acpi_id[0x0d] lapic_id[0x1a] disabled)
[    0.000000] ACPI: LAPIC (acpi_id[0x0e] lapic_id[0x1c] disabled)
[    0.000000] ACPI: LAPIC (acpi_id[0x0f] lapic_id[0x1e] disabled)
[    0.000000] ACPI: LAPIC (acpi_id[0x10] lapic_id[0x20] disabled)
[    0.000000] ACPI: LAPIC (acpi_id[0x11] lapic_id[0x22] disabled)
[    0.000000] ACPI: LAPIC (acpi_id[0x12] lapic_id[0x24] disabled)
[    0.000000] ACPI: LAPIC (acpi_id[0x13] lapic_id[0x26] disabled)
[    0.000000] ACPI: LAPIC (acpi_id[0x14] lapic_id[0x28] disabled)
[    0.000000] ACPI: LAPIC (acpi_id[0x15] lapic_id[0x2a] disabled)
[    0.000000] ACPI: LAPIC (acpi_id[0x16] lapic_id[0x2c] disabled)
[    0.000000] ACPI: LAPIC (acpi_id[0x17] lapic_id[0x2e] disabled)
[    0.000000] ACPI: LAPIC (acpi_id[0x18] lapic_id[0x30] disabled)
[    0.000000] ACPI: LAPIC (acpi_id[0x19] lapic_id[0x32] disabled)
[    0.000000] ACPI: LAPIC (acpi_id[0x1a] lapic_id[0x34] disabled)
[    0.000000] ACPI: LAPIC (acpi_id[0x1b] lapic_id[0x36] disabled)
[    0.000000] ACPI: LAPIC (acpi_id[0x1c] lapic_id[0x38] disabled)
[    0.000000] ACPI: LAPIC (acpi_id[0x1d] lapic_id[0x3a] disabled)
[    0.000000] ACPI: LAPIC (acpi_id[0x1e] lapic_id[0x3c] disabled)
[    0.000000] ACPI: LAPIC (acpi_id[0x1f] lapic_id[0x3e] disabled)
[    0.000000] ACPI: LAPIC (acpi_id[0x20] lapic_id[0x40] disabled)
[    0.000000] ACPI: LAPIC (acpi_id[0x21] lapic_id[0x42] disabled)
[    0.000000] ACPI: LAPIC (acpi_id[0x22] lapic_id[0x44] disabled)
[    0.000000] ACPI: LAPIC (acpi_id[0x23] lapic_id[0x46] disabled)
[    0.000000] ACPI: LAPIC (acpi_id[0x24] lapic_id[0x48] disabled)
[    0.000000] ACPI: LAPIC (acpi_id[0x25] lapic_id[0x4a] disabled)
[    0.000000] ACPI: LAPIC (acpi_id[0x26] lapic_id[0x4c] disabled)
[    0.000000] ACPI: LAPIC (acpi_id[0x27] lapic_id[0x4e] disabled)
[    0.000000] ACPI: LAPIC (acpi_id[0x28] lapic_id[0x50] disabled)
[    0.000000] ACPI: LAPIC (acpi_id[0x29] lapic_id[0x52] disabled)
[    0.000000] ACPI: LAPIC (acpi_id[0x2a] lapic_id[0x54] disabled)
[    0.000000] ACPI: LAPIC (acpi_id[0x2b] lapic_id[0x56] disabled)
[    0.000000] ACPI: LAPIC (acpi_id[0x2c] lapic_id[0x58] disabled)
[    0.000000] ACPI: LAPIC (acpi_id[0x2d] lapic_id[0x5a] disabled)
[    0.000000] ACPI: LAPIC (acpi_id[0x2e] lapic_id[0x5c] disabled)
[    0.000000] ACPI: LAPIC (acpi_id[0x2f] lapic_id[0x5e] disabled)
[    0.000000] ACPI: LAPIC (acpi_id[0x30] lapic_id[0x60] disabled)
[    0.000000] ACPI: LAPIC (acpi_id[0x31] lapic_id[0x62] disabled)
[    0.000000] ACPI: LAPIC (acpi_id[0x32] lapic_id[0x64] disabled)
[    0.000000] ACPI: LAPIC (acpi_id[0x33] lapic_id[0x66] disabled)
[    0.000000] ACPI: LAPIC (acpi_id[0x34] lapic_id[0x68] disabled)
[    0.000000] ACPI: LAPIC (acpi_id[0x35] lapic_id[0x6a] disabled)
[    0.000000] ACPI: LAPIC (acpi_id[0x36] lapic_id[0x6c] disabled)
[    0.000000] ACPI: LAPIC (acpi_id[0x37] lapic_id[0x6e] disabled)
[    0.000000] ACPI: LAPIC (acpi_id[0x38] lapic_id[0x70] disabled)
[    0.000000] ACPI: LAPIC (acpi_id[0x39] lapic_id[0x72] disabled)
[    0.000000] ACPI: LAPIC (acpi_id[0x3a] lapic_id[0x74] disabled)
[    0.000000] ACPI: LAPIC (acpi_id[0x3b] lapic_id[0x76] disabled)
[    0.000000] ACPI: LAPIC (acpi_id[0x3c] lapic_id[0x78] disabled)
[    0.000000] ACPI: LAPIC (acpi_id[0x3d] lapic_id[0x7a] disabled)
[    0.000000] ACPI: LAPIC (acpi_id[0x3e] lapic_id[0x7c] disabled)
[    0.000000] ACPI: LAPIC (acpi_id[0x3f] lapic_id[0x7e] disabled)
[    0.000000] ACPI: LAPIC_NMI (acpi_id[0x00] high edge lint[0x1])
[    0.000000] ACPI: LAPIC_NMI (acpi_id[0x01] high edge lint[0x1])
[    0.000000] ACPI: LAPIC_NMI (acpi_id[0x02] high edge lint[0x1])
[    0.000000] ACPI: LAPIC_NMI (acpi_id[0x03] high edge lint[0x1])
[    0.000000] ACPI: LAPIC_NMI (acpi_id[0x04] high edge lint[0x1])
[    0.000000] ACPI: LAPIC_NMI (acpi_id[0x05] high edge lint[0x1])
[    0.000000] ACPI: LAPIC_NMI (acpi_id[0x06] high edge lint[0x1])
[    0.000000] ACPI: LAPIC_NMI (acpi_id[0x07] high edge lint[0x1])
[    0.000000] ACPI: LAPIC_NMI (acpi_id[0x08] high edge lint[0x1])
[    0.000000] ACPI: LAPIC_NMI (acpi_id[0x09] high edge lint[0x1])
[    0.000000] ACPI: LAPIC_NMI (acpi_id[0x0a] high edge lint[0x1])
[    0.000000] ACPI: LAPIC_NMI (acpi_id[0x0b] high edge lint[0x1])
[    0.000000] ACPI: LAPIC_NMI (acpi_id[0x0c] high edge lint[0x1])
[    0.000000] ACPI: LAPIC_NMI (acpi_id[0x0d] high edge lint[0x1])
[    0.000000] ACPI: LAPIC_NMI (acpi_id[0x0e] high edge lint[0x1])
[    0.000000] ACPI: LAPIC_NMI (acpi_id[0x0f] high edge lint[0x1])
[    0.000000] ACPI: LAPIC_NMI (acpi_id[0x10] high edge lint[0x1])
[    0.000000] ACPI: LAPIC_NMI (acpi_id[0x11] high edge lint[0x1])
[    0.000000] ACPI: LAPIC_NMI (acpi_id[0x12] high edge lint[0x1])
[    0.000000] ACPI: LAPIC_NMI (acpi_id[0x13] high edge lint[0x1])
[    0.000000] ACPI: LAPIC_NMI (acpi_id[0x14] high edge lint[0x1])
[    0.000000] ACPI: LAPIC_NMI (acpi_id[0x15] high edge lint[0x1])
[    0.000000] ACPI: LAPIC_NMI (acpi_id[0x16] high edge lint[0x1])
[    0.000000] ACPI: LAPIC_NMI (acpi_id[0x17] high edge lint[0x1])
[    0.000000] ACPI: LAPIC_NMI (acpi_id[0x18] high edge lint[0x1])
[    0.000000] ACPI: LAPIC_NMI (acpi_id[0x19] high edge lint[0x1])
[    0.000000] ACPI: LAPIC_NMI (acpi_id[0x1a] high edge lint[0x1])
[    0.000000] ACPI: LAPIC_NMI (acpi_id[0x1b] high edge lint[0x1])
[    0.000000] ACPI: LAPIC_NMI (acpi_id[0x1c] high edge lint[0x1])
[    0.000000] ACPI: LAPIC_NMI (acpi_id[0x1d] high edge lint[0x1])
[    0.000000] ACPI: LAPIC_NMI (acpi_id[0x1e] high edge lint[0x1])
[    0.000000] ACPI: LAPIC_NMI (acpi_id[0x1f] high edge lint[0x1])
[    0.000000] ACPI: LAPIC_NMI (acpi_id[0x20] high edge lint[0x1])
[    0.000000] ACPI: LAPIC_NMI (acpi_id[0x21] high edge lint[0x1])
[    0.000000] ACPI: LAPIC_NMI (acpi_id[0x22] high edge lint[0x1])
[    0.000000] ACPI: LAPIC_NMI (acpi_id[0x23] high edge lint[0x1])
[    0.000000] ACPI: LAPIC_NMI (acpi_id[0x24] high edge lint[0x1])
[    0.000000] ACPI: LAPIC_NMI (acpi_id[0x25] high edge lint[0x1])
[    0.000000] ACPI: LAPIC_NMI (acpi_id[0x26] high edge lint[0x1])
[    0.000000] ACPI: LAPIC_NMI (acpi_id[0x27] high edge lint[0x1])
[    0.000000] ACPI: LAPIC_NMI (acpi_id[0x28] high edge lint[0x1])
[    0.000000] ACPI: LAPIC_NMI (acpi_id[0x29] high edge lint[0x1])
[    0.000000] ACPI: LAPIC_NMI (acpi_id[0x2a] high edge lint[0x1])
[    0.000000] ACPI: LAPIC_NMI (acpi_id[0x2b] high edge lint[0x1])
[    0.000000] ACPI: LAPIC_NMI (acpi_id[0x2c] high edge lint[0x1])
[    0.000000] ACPI: LAPIC_NMI (acpi_id[0x2d] high edge lint[0x1])
[    0.000000] ACPI: LAPIC_NMI (acpi_id[0x2e] high edge lint[0x1])
[    0.000000] ACPI: LAPIC_NMI (acpi_id[0x2f] high edge lint[0x1])
[    0.000000] ACPI: LAPIC_NMI (acpi_id[0x30] high edge lint[0x1])
[    0.000000] ACPI: LAPIC_NMI (acpi_id[0x31] high edge lint[0x1])
[    0.000000] ACPI: LAPIC_NMI (acpi_id[0x32] high edge lint[0x1])
[    0.000000] ACPI: LAPIC_NMI (acpi_id[0x33] high edge lint[0x1])
[    0.000000] ACPI: LAPIC_NMI (acpi_id[0x34] high edge lint[0x1])
[    0.000000] ACPI: LAPIC_NMI (acpi_id[0x35] high edge lint[0x1])
[    0.000000] ACPI: LAPIC_NMI (acpi_id[0x36] high edge lint[0x1])
[    0.000000] ACPI: LAPIC_NMI (acpi_id[0x37] high edge lint[0x1])
[    0.000000] ACPI: LAPIC_NMI (acpi_id[0x38] high edge lint[0x1])
[    0.000000] ACPI: LAPIC_NMI (acpi_id[0x39] high edge lint[0x1])
[    0.000000] ACPI: LAPIC_NMI (acpi_id[0x3a] high edge lint[0x1])
[    0.000000] ACPI: LAPIC_NMI (acpi_id[0x3b] high edge lint[0x1])
[    0.000000] ACPI: LAPIC_NMI (acpi_id[0x3c] high edge lint[0x1])
[    0.000000] ACPI: LAPIC_NMI (acpi_id[0x3d] high edge lint[0x1])
[    0.000000] ACPI: LAPIC_NMI (acpi_id[0x3e] high edge lint[0x1])
[    0.000000] ACPI: LAPIC_NMI (acpi_id[0x3f] high edge lint[0x1])
[    0.000000] ACPI: Skipping IOAPIC probe due to 'noapic' option.
[    0.000000] Using ACPI for processor (LAPIC) configuration information
[    0.000000] ACPI: HPET id: 0x8086af01 base: 0xfed00000
[    0.000000] Intel MultiProcessor Specification v1.4
[    0.000000]     Virtual Wire compatibility mode.
[    0.000000] MPTABLE: OEM ID: INTEL   
[    0.000000] MPTABLE: Product ID: 440BX       
[    0.000000] MPTABLE: APIC at: 0xFEE00000
[    0.000000] IOAPIC[0]: apic_id 1, version 17, address 0xfec00000, GSI 0-23
[    0.000000] Processors: 1
[    0.000000] SMP: Allowing 1 CPUs, 0 hotplug CPUs
[    0.000000] nr_irqs_gsi: 40
[    0.000000] PM: Registered nosave memory: 000000000009f000 - 00000000000a0000
[    0.000000] PM: Registered nosave memory: 00000000000a0000 - 00000000000ca000
[    0.000000] PM: Registered nosave memory: 00000000000ca000 - 00000000000cc000
[    0.000000] PM: Registered nosave memory: 00000000000cc000 - 00000000000dc000
[    0.000000] PM: Registered nosave memory: 00000000000dc000 - 0000000000100000
[    0.000000] Allocating PCI resources starting at 40000000 (gap: 40000000:a0000000)
[    0.000000] Booting paravirtualized kernel on bare hardware
[    0.000000] setup_percpu: NR_CPUS:8 nr_cpumask_bits:8 nr_cpu_ids:1 nr_node_ids:1
[    0.000000] PERCPU: Embedded 14 pages/cpu @f73e8000 s34240 r0 d23104 u57344
[    0.000000] pcpu-alloc: s34240 r0 d23104 u57344 alloc=14*4096
[    0.000000] pcpu-alloc: [0] 0 
[    0.000000] Built 1 zonelists in Zone order, mobility grouping on.  Total pages: 259950
[    0.000000] Kernel command line: BOOT_IMAGE=/boot/vmlinuz-3.2.0-29-generic-pae root=UUID=007b598c-390d-4c65-84a1-4ff752d48633 ro quiet splash maxcpus=0
[    0.000000] PID hash table entries: 4096 (order: 2, 16384 bytes)
[    0.000000] Dentry cache hash table entries: 131072 (order: 7, 524288 bytes)
[    0.000000] Inode-cache hash table entries: 65536 (order: 6, 262144 bytes)
[    0.000000] Initializing CPU#0
[    0.000000] xsave/xrstor: enabled xstate_bv 0x7, cntxt size 0x340
[    0.000000] allocated 4194048 bytes of page_cgroup
[    0.000000] please try 'cgroup_disable=memory' option if you don't want memory cgroups
[    0.000000] Initializing HighMem for node 0 (00037bfe:00040000)
[    0.000000] Memory: 1010624k/1048576k available (5814k kernel code, 37372k reserved, 2841k data, 740k init, 135048k highmem)
[    0.000000] virtual kernel memory layout:
[    0.000000]     fixmap  : 0xfff16000 - 0xfffff000   ( 932 kB)
[    0.000000]     pkmap   : 0xffc00000 - 0xffe00000   (2048 kB)
[    0.000000]     vmalloc : 0xf83fe000 - 0xffbfe000   ( 120 MB)
[    0.000000]     lowmem  : 0xc0000000 - 0xf7bfe000   ( 891 MB)
[    0.000000]       .init : 0xc1875000 - 0xc192e000   ( 740 kB)
[    0.000000]       .data : 0xc15adb64 - 0xc1874240   (2841 kB)
[    0.000000]       .text : 0xc1000000 - 0xc15adb64   (5814 kB)
[    0.000000] Checking if this processor honours the WP bit even in supervisor mode...Ok.
[    0.000000] SLUB: Genslabs=15, HWalign=64, Order=0-3, MinObjects=0, CPUs=1, Nodes=1
[    0.000000] Hierarchical RCU implementation.
[    0.000000] 	RCU dyntick-idle grace-period acceleration is enabled.
[    0.000000] NR_IRQS:2304 nr_irqs:256 16
[    0.000000] CPU 0 irqstacks, hard=f5c08000 soft=f5c0a000
[    0.000000] Extended CMOS year: 2000
[    0.000000] Console: colour VGA+ 80x25
[    0.000000] console [tty0] enabled
[    0.000000] hpet clockevent registered
[    0.000000] TSC freq read from hypervisor : 2394.620 MHz
[    0.000000] Detected 2394.620 MHz processor.
[    0.000001] Calibrating delay loop (skipped) preset value.. 4789.24 BogoMIPS (lpj=9578480)
[    0.000004] pid_max: default: 32768 minimum: 301
[    0.000018] Security Framework initialized
[    0.000032] AppArmor: AppArmor initialized
[    0.000033] Yama: becoming mindful.
[    0.000068] Mount-cache hash table entries: 512
[    0.000146] Initializing cgroup subsys cpuacct
[    0.000149] Initializing cgroup subsys memory
[    0.000154] Initializing cgroup subsys devices
[    0.000155] Initializing cgroup subsys freezer
[    0.000157] Initializing cgroup subsys blkio
[    0.000161] Initializing cgroup subsys perf_event
[    0.000204] Disabled fast string operations
[    0.000208] CPU: Physical Processor ID: 0
[    0.000217] ENERGY_PERF_BIAS: Set to 'normal', was 'performance'
[    0.000217] ENERGY_PERF_BIAS: View and update with x86_energy_perf_policy(8)
[    0.000860] mce: CPU supports 0 MCE banks
[    0.001588] SMP alternatives: switching to UP code
[    0.018293] Freeing SMP alternatives: 24k freed
[    0.018299] ACPI: Core revision 20110623
[    0.024848] ACPI: setting ELCR to 0200 (from 0e20)
[    0.026016] ftrace: allocating 26545 entries in 52 pages
[    0.052458] SMP mode deactivated.
[    0.052506] SMP disabled
[    0.052509] Performance Events: generic architected perfmon v1, core PMU driver.
[    0.052525] ... version:                1
[    0.052527] ... bit width:              48
[    0.052529] ... generic registers:      4
[    0.052530] ... value mask:             0000ffffffffffff
[    0.052532] ... max period:             000000007fffffff
[    0.052534] ... fixed-purpose events:   0
[    0.052535] ... event mask:             000000000000000f
[    0.052665] NMI watchdog enabled, takes one hw-pmu counter.
[    0.052689] Brought up 1 CPUs
[    0.052691] Total of 1 processors activated (4789.24 BogoMIPS).
[    0.052827] devtmpfs: initialized
[    0.052927] EVM: security.selinux
[    0.052928] EVM: security.SMACK64
[    0.052930] EVM: security.capability
[    0.052962] PM: Registering ACPI NVS region at 3feff000 (4096 bytes)
[    0.053937] print_constraints: dummy: 
[    0.054022] RTC time: 11:11:48, date: 05/27/13
[    0.054056] NET: Registered protocol family 16
[    0.054154] EISA bus registered
[    0.054166] ACPI: bus type pci registered
[    0.054295] PCI: MMCONFIG for domain 0000 [bus 00-ff] at [mem 0xe0000000-0xefffffff] (base 0xe0000000)
[    0.054298] PCI: MMCONFIG at [mem 0xe0000000-0xefffffff] reserved in E820
[    0.054299] PCI: Using MMCONFIG for extended config space
[    0.054301] PCI: Using configuration type 1 for base access
[    0.055322] bio: create slab <bio-0> at 0
[    0.055407] ACPI: Added _OSI(Module Device)
[    0.055410] ACPI: Added _OSI(Processor Device)
[    0.055412] ACPI: Added _OSI(3.0 _SCP Extensions)
[    0.055414] ACPI: Added _OSI(Processor Aggregator Device)
[    0.058220] ACPI: EC: Look up EC in DSDT
[    0.062710] [Firmware Bug]: ACPI: BIOS _OSI(Linux) query ignored
[    0.070310] ACPI: Interpreter enabled
[    0.070318] ACPI: (supports S0 S1 S4 S5)
[    0.070327] ACPI: Using PIC for interrupt routing
[    0.108209] ACPI: No dock devices found.
[    0.108211] HEST: Table not found.
[    0.108215] PCI: Using host bridge windows from ACPI; if necessary, use "pci=nocrs" and report a bug
[    0.108879] ACPI: PCI Root Bridge [PCI0] (domain 0000 [bus 00-ff])
[    0.110019] pci_root PNP0A03:00: host bridge window [mem 0x000a0000-0x000bffff]
[    0.110021] pci_root PNP0A03:00: host bridge window [mem 0x000cc000-0x000cffff]
[    0.110023] pci_root PNP0A03:00: host bridge window [mem 0x000d0000-0x000d3fff]
[    0.110024] pci_root PNP0A03:00: host bridge window [mem 0x000d4000-0x000d7fff]
[    0.110026] pci_root PNP0A03:00: host bridge window [mem 0x000d8000-0x000dbfff]
[    0.110027] pci_root PNP0A03:00: host bridge window [mem 0xc0000000-0xfebfffff]
[    0.110029] pci_root PNP0A03:00: host bridge window [io  0x0000-0x0cf7]
[    0.110031] pci_root PNP0A03:00: host bridge window [io  0x0d00-0xfeff]
[    0.110080] pci 0000:00:00.0: [8086:7190] type 0 class 0x000600
[    0.110507] pci 0000:00:01.0: [8086:7191] type 1 class 0x000604
[    0.110881] pci 0000:00:07.0: [8086:7110] type 0 class 0x000601
[    0.111488] pci 0000:00:07.1: [8086:7111] type 0 class 0x000101
[    0.112972] pci 0000:00:07.1: reg 20: [io  0x10c0-0x10cf]
[    0.113685] pci 0000:00:07.3: [8086:7113] type 0 class 0x000680
[    0.115297] pci 0000:00:07.3: quirk: [io  0x1000-0x103f] claimed by PIIX4 ACPI
[    0.115309] pci 0000:00:07.3: quirk: [io  0x1040-0x104f] claimed by PIIX4 SMB
[    0.115537] pci 0000:00:07.7: [15ad:0740] type 0 class 0x000880
[    0.116020] pci 0000:00:07.7: reg 10: [io  0x1080-0x10bf]
[    0.116588] pci 0000:00:07.7: reg 14: [mem 0xc8000000-0xc8001fff 64bit]
[    0.118581] pci 0000:00:0f.0: [15ad:0405] type 0 class 0x000300
[    0.120617] pci 0000:00:0f.0: reg 10: [io  0x10d0-0x10df]
[    0.122552] pci 0000:00:0f.0: reg 14: [mem 0xd0000000-0xd7ffffff pref]
[    0.124500] pci 0000:00:0f.0: reg 18: [mem 0xc8800000-0xc8ffffff]
[    0.132291] pci 0000:00:0f.0: reg 30: [mem 0x00000000-0x00007fff pref]
[    0.132575] pci 0000:00:10.0: [1000:0030] type 0 class 0x000100
[    0.133121] pci 0000:00:10.0: reg 10: [io  0x1400-0x14ff]
[    0.133822] pci 0000:00:10.0: reg 14: [mem 0xc8040000-0xc805ffff 64bit]
[    0.134527] pci 0000:00:10.0: reg 1c: [mem 0xc8020000-0xc803ffff 64bit]
[    0.135551] pci 0000:00:10.0: reg 30: [mem 0x00000000-0x00003fff pref]
[    0.135698] pci 0000:00:11.0: [15ad:0790] type 1 class 0x000604
[    0.136365] pci 0000:00:15.0: [15ad:07a0] type 1 class 0x000604
[    0.137049] pci 0000:00:15.0: PME# supported from D0 D3hot D3cold
[    0.137071] pci 0000:00:15.0: PME# disabled
[    0.137285] pci 0000:00:15.1: [15ad:07a0] type 1 class 0x000604
[    0.137973] pci 0000:00:15.1: PME# supported from D0 D3hot D3cold
[    0.137995] pci 0000:00:15.1: PME# disabled
[    0.138207] pci 0000:00:15.2: [15ad:07a0] type 1 class 0x000604
[    0.138896] pci 0000:00:15.2: PME# supported from D0 D3hot D3cold
[    0.138917] pci 0000:00:15.2: PME# disabled
[    0.139129] pci 0000:00:15.3: [15ad:07a0] type 1 class 0x000604
[    0.139839] pci 0000:00:15.3: PME# supported from D0 D3hot D3cold
[    0.139860] pci 0000:00:15.3: PME# disabled
[    0.140073] pci 0000:00:15.4: [15ad:07a0] type 1 class 0x000604
[    0.140757] pci 0000:00:15.4: PME# supported from D0 D3hot D3cold
[    0.140778] pci 0000:00:15.4: PME# disabled
[    0.140997] pci 0000:00:15.5: [15ad:07a0] type 1 class 0x000604
[    0.141687] pci 0000:00:15.5: PME# supported from D0 D3hot D3cold
[    0.141708] pci 0000:00:15.5: PME# disabled
[    0.141921] pci 0000:00:15.6: [15ad:07a0] type 1 class 0x000604
[    0.142610] pci 0000:00:15.6: PME# supported from D0 D3hot D3cold
[    0.142631] pci 0000:00:15.6: PME# disabled
[    0.142844] pci 0000:00:15.7: [15ad:07a0] type 1 class 0x000604
[    0.143534] pci 0000:00:15.7: PME# supported from D0 D3hot D3cold
[    0.143556] pci 0000:00:15.7: PME# disabled
[    0.143783] pci 0000:00:16.0: [15ad:07a0] type 1 class 0x000604
[    0.144479] pci 0000:00:16.0: PME# supported from D0 D3hot D3cold
[    0.144501] pci 0000:00:16.0: PME# disabled
[    0.144714] pci 0000:00:16.1: [15ad:07a0] type 1 class 0x000604
[    0.145397] pci 0000:00:16.1: PME# supported from D0 D3hot D3cold
[    0.145425] pci 0000:00:16.1: PME# disabled
[    0.145638] pci 0000:00:16.2: [15ad:07a0] type 1 class 0x000604
[    0.146319] pci 0000:00:16.2: PME# supported from D0 D3hot D3cold
[    0.146340] pci 0000:00:16.2: PME# disabled
[    0.146554] pci 0000:00:16.3: [15ad:07a0] type 1 class 0x000604
[    0.147234] pci 0000:00:16.3: PME# supported from D0 D3hot D3cold
[    0.147256] pci 0000:00:16.3: PME# disabled
[    0.147469] pci 0000:00:16.4: [15ad:07a0] type 1 class 0x000604
[    0.148165] pci 0000:00:16.4: PME# supported from D0 D3hot D3cold
[    0.148187] pci 0000:00:16.4: PME# disabled
[    0.148406] pci 0000:00:16.5: [15ad:07a0] type 1 class 0x000604
[    0.149089] pci 0000:00:16.5: PME# supported from D0 D3hot D3cold
[    0.149111] pci 0000:00:16.5: PME# disabled
[    0.149323] pci 0000:00:16.6: [15ad:07a0] type 1 class 0x000604
[    0.150018] pci 0000:00:16.6: PME# supported from D0 D3hot D3cold
[    0.150039] pci 0000:00:16.6: PME# disabled
[    0.150252] pci 0000:00:16.7: [15ad:07a0] type 1 class 0x000604
[    0.150940] pci 0000:00:16.7: PME# supported from D0 D3hot D3cold
[    0.150962] pci 0000:00:16.7: PME# disabled
[    0.151174] pci 0000:00:17.0: [15ad:07a0] type 1 class 0x000604
[    0.151879] pci 0000:00:17.0: PME# supported from D0 D3hot D3cold
[    0.151901] pci 0000:00:17.0: PME# disabled
[    0.152115] pci 0000:00:17.1: [15ad:07a0] type 1 class 0x000604
[    0.152798] pci 0000:00:17.1: PME# supported from D0 D3hot D3cold
[    0.152820] pci 0000:00:17.1: PME# disabled
[    0.153032] pci 0000:00:17.2: [15ad:07a0] type 1 class 0x000604
[    0.153722] pci 0000:00:17.2: PME# supported from D0 D3hot D3cold
[    0.153743] pci 0000:00:17.2: PME# disabled
[    0.153956] pci 0000:00:17.3: [15ad:07a0] type 1 class 0x000604
[    0.154654] pci 0000:00:17.3: PME# supported from D0 D3hot D3cold
[    0.154676] pci 0000:00:17.3: PME# disabled
[    0.154889] pci 0000:00:17.4: [15ad:07a0] type 1 class 0x000604
[    0.155573] pci 0000:00:17.4: PME# supported from D0 D3hot D3cold
[    0.155595] pci 0000:00:17.4: PME# disabled
[    0.155827] pci 0000:00:17.5: [15ad:07a0] type 1 class 0x000604
[    0.156567] pci 0000:00:17.5: PME# supported from D0 D3hot D3cold
[    0.156589] pci 0000:00:17.5: PME# disabled
[    0.156803] pci 0000:00:17.6: [15ad:07a0] type 1 class 0x000604
[    0.157489] pci 0000:00:17.6: PME# supported from D0 D3hot D3cold
[    0.157510] pci 0000:00:17.6: PME# disabled
[    0.157723] pci 0000:00:17.7: [15ad:07a0] type 1 class 0x000604
[    0.158414] pci 0000:00:17.7: PME# supported from D0 D3hot D3cold
[    0.158435] pci 0000:00:17.7: PME# disabled
[    0.158647] pci 0000:00:18.0: [15ad:07a0] type 1 class 0x000604
[    0.159331] pci 0000:00:18.0: PME# supported from D0 D3hot D3cold
[    0.159351] pci 0000:00:18.0: PME# disabled
[    0.159581] pci 0000:00:18.1: [15ad:07a0] type 1 class 0x000604
[    0.160279] pci 0000:00:18.1: PME# supported from D0 D3hot D3cold
[    0.160301] pci 0000:00:18.1: PME# disabled
[    0.160527] pci 0000:00:18.2: [15ad:07a0] type 1 class 0x000604
[    0.161210] pci 0000:00:18.2: PME# supported from D0 D3hot D3cold
[    0.161231] pci 0000:00:18.2: PME# disabled
[    0.161477] pci 0000:00:18.3: [15ad:07a0] type 1 class 0x000604
[    0.162188] pci 0000:00:18.3: PME# supported from D0 D3hot D3cold
[    0.162210] pci 0000:00:18.3: PME# disabled
[    0.162432] pci 0000:00:18.4: [15ad:07a0] type 1 class 0x000604
[    0.163115] pci 0000:00:18.4: PME# supported from D0 D3hot D3cold
[    0.163136] pci 0000:00:18.4: PME# disabled
[    0.163355] pci 0000:00:18.5: [15ad:07a0] type 1 class 0x000604
[    0.164060] pci 0000:00:18.5: PME# supported from D0 D3hot D3cold
[    0.164082] pci 0000:00:18.5: PME# disabled
[    0.164296] pci 0000:00:18.6: [15ad:07a0] type 1 class 0x000604
[    0.164991] pci 0000:00:18.6: PME# supported from D0 D3hot D3cold
[    0.165012] pci 0000:00:18.6: PME# disabled
[    0.165226] pci 0000:00:18.7: [15ad:07a0] type 1 class 0x000604
[    0.165916] pci 0000:00:18.7: PME# supported from D0 D3hot D3cold
[    0.165937] pci 0000:00:18.7: PME# disabled
[    0.166479] pci 0000:00:01.0: PCI bridge to [bus 01-01]
[    0.166761] pci 0000:02:00.0: [15ad:0774] type 0 class 0x000c03
[    0.168037] pci 0000:02:00.0: reg 20: [io  0x20c0-0x20df]
[    0.168648] pci 0000:02:01.0: [1022:2000] type 0 class 0x000200
[    0.168920] pci 0000:02:01.0: reg 10: [io  0x2000-0x207f]
[    0.170376] pci 0000:02:01.0: reg 30: [mem 0x00000000-0x0000ffff pref]
[    0.170496] pci 0000:02:02.0: [1274:1371] type 0 class 0x000401
[    0.170813] pci 0000:02:02.0: reg 10: [io  0x2080-0x20bf]
[    0.172660] pci 0000:02:03.0: [15ad:0770] type 0 class 0x000c03
[    0.172914] pci 0000:02:03.0: reg 10: [mem 0xc9000000-0xc9000fff]
[    0.174539] pci 0000:00:11.0: PCI bridge to [bus 02-02] (subtractive decode)
[    0.174560] pci 0000:00:11.0:   bridge window [io  0x2000-0x3fff]
[    0.174580] pci 0000:00:11.0:   bridge window [mem 0xc9000000-0xca3fffff]
[    0.174620] pci 0000:00:11.0:   bridge window [mem 0xd8400000-0xd89fffff 64bit pref]
[    0.174622] pci 0000:00:11.0:   bridge window [mem 0x000a0000-0x000bffff] (subtractive decode)
[    0.174624] pci 0000:00:11.0:   bridge window [mem 0x000cc000-0x000cffff] (subtractive decode)
[    0.174625] pci 0000:00:11.0:   bridge window [mem 0x000d0000-0x000d3fff] (subtractive decode)
[    0.174627] pci 0000:00:11.0:   bridge window [mem 0x000d4000-0x000d7fff] (subtractive decode)
[    0.174628] pci 0000:00:11.0:   bridge window [mem 0x000d8000-0x000dbfff] (subtractive decode)
[    0.174630] pci 0000:00:11.0:   bridge window [mem 0xc0000000-0xfebfffff] (subtractive decode)
[    0.174632] pci 0000:00:11.0:   bridge window [io  0x0000-0x0cf7] (subtractive decode)
[    0.174633] pci 0000:00:11.0:   bridge window [io  0x0d00-0xfeff] (subtractive decode)
[    0.175046] pci 0000:00:15.0: PCI bridge to [bus 03-03]
[    0.175066] pci 0000:00:15.0:   bridge window [io  0x4000-0x4fff]
[    0.175087] pci 0000:00:15.0:   bridge window [mem 0xca400000-0xca4fffff]
[    0.175126] pci 0000:00:15.0:   bridge window [mem 0xd8a00000-0xd8afffff 64bit pref]
[    0.175546] pci 0000:00:15.1: PCI bridge to [bus 04-04]
[    0.175566] pci 0000:00:15.1:   bridge window [io  0x8000-0x8fff]
[    0.175587] pci 0000:00:15.1:   bridge window [mem 0xca800000-0xca8fffff]
[    0.175626] pci 0000:00:15.1:   bridge window [mem 0xd8e00000-0xd8efffff 64bit pref]
[    0.176053] pci 0000:00:15.2: PCI bridge to [bus 05-05]
[    0.176074] pci 0000:00:15.2:   bridge window [io  0xc000-0xcfff]
[    0.176095] pci 0000:00:15.2:   bridge window [mem 0xcac00000-0xcacfffff]
[    0.176133] pci 0000:00:15.2:   bridge window [mem 0xd9200000-0xd92fffff 64bit pref]
[    0.176568] pci 0000:00:15.3: PCI bridge to [bus 06-06]
[    0.176608] pci 0000:00:15.3:   bridge window [mem 0xcb000000-0xcb0fffff]
[    0.176648] pci 0000:00:15.3:   bridge window [mem 0xd9600000-0xd96fffff 64bit pref]
[    0.177069] pci 0000:00:15.4: PCI bridge to [bus 07-07]
[    0.177107] pci 0000:00:15.4:   bridge window [mem 0xcb400000-0xcb4fffff]
[    0.177147] pci 0000:00:15.4:   bridge window [mem 0xd9a00000-0xd9afffff 64bit pref]
[    0.177562] pci 0000:00:15.5: PCI bridge to [bus 08-08]
[    0.177601] pci 0000:00:15.5:   bridge window [mem 0xcb800000-0xcb8fffff]
[    0.177640] pci 0000:00:15.5:   bridge window [mem 0xd9e00000-0xd9efffff 64bit pref]
[    0.178054] pci 0000:00:15.6: PCI bridge to [bus 09-09]
[    0.178093] pci 0000:00:15.6:   bridge window [mem 0xcbc00000-0xcbcfffff]
[    0.178133] pci 0000:00:15.6:   bridge window [mem 0xda200000-0xda2fffff 64bit pref]
[    0.178559] pci 0000:00:15.7: PCI bridge to [bus 0a-0a]
[    0.178598] pci 0000:00:15.7:   bridge window [mem 0xcc000000-0xcc0fffff]
[    0.178637] pci 0000:00:15.7:   bridge window [mem 0xda600000-0xda6fffff 64bit pref]
[    0.179048] pci 0000:00:16.0: PCI bridge to [bus 0b-0b]
[    0.179068] pci 0000:00:16.0:   bridge window [io  0x5000-0x5fff]
[    0.179089] pci 0000:00:16.0:   bridge window [mem 0xca500000-0xca5fffff]
[    0.179128] pci 0000:00:16.0:   bridge window [mem 0xd8b00000-0xd8bfffff 64bit pref]
[    0.179547] pci 0000:00:16.1: PCI bridge to [bus 0c-0c]
[    0.179567] pci 0000:00:16.1:   bridge window [io  0x9000-0x9fff]
[    0.179588] pci 0000:00:16.1:   bridge window [mem 0xca900000-0xca9fffff]
[    0.179628] pci 0000:00:16.1:   bridge window [mem 0xd8f00000-0xd8ffffff 64bit pref]
[    0.180058] pci 0000:00:16.2: PCI bridge to [bus 0d-0d]
[    0.180079] pci 0000:00:16.2:   bridge window [io  0xd000-0xdfff]
[    0.180101] pci 0000:00:16.2:   bridge window [mem 0xcad00000-0xcadfffff]
[    0.180140] pci 0000:00:16.2:   bridge window [mem 0xd9300000-0xd93fffff 64bit pref]
[    0.180568] pci 0000:00:16.3: PCI bridge to [bus 0e-0e]
[    0.180607] pci 0000:00:16.3:   bridge window [mem 0xcb100000-0xcb1fffff]
[    0.180646] pci 0000:00:16.3:   bridge window [mem 0xd9700000-0xd97fffff 64bit pref]
[    0.181058] pci 0000:00:16.4: PCI bridge to [bus 0f-0f]
[    0.181096] pci 0000:00:16.4:   bridge window [mem 0xcb500000-0xcb5fffff]
[    0.181136] pci 0000:00:16.4:   bridge window [mem 0xd9b00000-0xd9bfffff 64bit pref]
[    0.181559] pci 0000:00:16.5: PCI bridge to [bus 10-10]
[    0.181598] pci 0000:00:16.5:   bridge window [mem 0xcb900000-0xcb9fffff]
[    0.181637] pci 0000:00:16.5:   bridge window [mem 0xd9f00000-0xd9ffffff 64bit pref]
[    0.182049] pci 0000:00:16.6: PCI bridge to [bus 11-11]
[    0.182088] pci 0000:00:16.6:   bridge window [mem 0xcbd00000-0xcbdfffff]
[    0.182127] pci 0000:00:16.6:   bridge window [mem 0xda300000-0xda3fffff 64bit pref]
[    0.182551] pci 0000:00:16.7: PCI bridge to [bus 12-12]
[    0.182590] pci 0000:00:16.7:   bridge window [mem 0xcc100000-0xcc1fffff]
[    0.182629] pci 0000:00:16.7:   bridge window [mem 0xda700000-0xda7fffff 64bit pref]
[    0.183042] pci 0000:00:17.0: PCI bridge to [bus 13-13]
[    0.183062] pci 0000:00:17.0:   bridge window [io  0x6000-0x6fff]
[    0.183083] pci 0000:00:17.0:   bridge window [mem 0xca600000-0xca6fffff]
[    0.183122] pci 0000:00:17.0:   bridge window [mem 0xd8c00000-0xd8cfffff 64bit pref]
[    0.183594] pci 0000:00:17.1: PCI bridge to [bus 14-14]
[    0.183621] pci 0000:00:17.1:   bridge window [io  0xa000-0xafff]
[    0.183648] pci 0000:00:17.1:   bridge window [mem 0xcaa00000-0xcaafffff]
[    0.183700] pci 0000:00:17.1:   bridge window [mem 0xd9000000-0xd90fffff 64bit pref]
[    0.184291] pci 0000:00:17.2: PCI bridge to [bus 15-15]
[    0.184318] pci 0000:00:17.2:   bridge window [io  0xe000-0xefff]
[    0.184347] pci 0000:00:17.2:   bridge window [mem 0xcae00000-0xcaefffff]
[    0.184416] pci 0000:00:17.2:   bridge window [mem 0xd9400000-0xd94fffff 64bit pref]
[    0.184981] pci 0000:00:17.3: PCI bridge to [bus 16-16]
[    0.185034] pci 0000:00:17.3:   bridge window [mem 0xcb200000-0xcb2fffff]
[    0.185088] pci 0000:00:17.3:   bridge window [mem 0xd9800000-0xd98fffff 64bit pref]
[    0.185584] pci 0000:00:17.4: PCI bridge to [bus 17-17]
[    0.185623] pci 0000:00:17.4:   bridge window [mem 0xcb600000-0xcb6fffff]
[    0.185662] pci 0000:00:17.4:   bridge window [mem 0xd9c00000-0xd9cfffff 64bit pref]
[    0.186077] pci 0000:00:17.5: PCI bridge to [bus 18-18]
[    0.186117] pci 0000:00:17.5:   bridge window [mem 0xcba00000-0xcbafffff]
[    0.186156] pci 0000:00:17.5:   bridge window [mem 0xda000000-0xda0fffff 64bit pref]
[    0.186579] pci 0000:00:17.6: PCI bridge to [bus 19-19]
[    0.186618] pci 0000:00:17.6:   bridge window [mem 0xcbe00000-0xcbefffff]
[    0.186657] pci 0000:00:17.6:   bridge window [mem 0xda400000-0xda4fffff 64bit pref]
[    0.187068] pci 0000:00:17.7: PCI bridge to [bus 1a-1a]
[    0.187107] pci 0000:00:17.7:   bridge window [mem 0xcc200000-0xcc2fffff]
[    0.187146] pci 0000:00:17.7:   bridge window [mem 0xda800000-0xda8fffff 64bit pref]
[    0.187564] pci 0000:00:18.0: PCI bridge to [bus 1b-1b]
[    0.187584] pci 0000:00:18.0:   bridge window [io  0x7000-0x7fff]
[    0.187605] pci 0000:00:18.0:   bridge window [mem 0xca700000-0xca7fffff]
[    0.187644] pci 0000:00:18.0:   bridge window [mem 0xd8d00000-0xd8dfffff 64bit pref]
[    0.188071] pci 0000:00:18.1: PCI bridge to [bus 1c-1c]
[    0.188092] pci 0000:00:18.1:   bridge window [io  0xb000-0xbfff]
[    0.188114] pci 0000:00:18.1:   bridge window [mem 0xcab00000-0xcabfffff]
[    0.188154] pci 0000:00:18.1:   bridge window [mem 0xd9100000-0xd91fffff 64bit pref]
[    0.188653] pci 0000:00:18.2: PCI bridge to [bus 1d-1d]
[    0.188676] pci 0000:00:18.2:   bridge window [io  0xf000-0xffff]
[    0.188697] pci 0000:00:18.2:   bridge window [mem 0xcaf00000-0xcaffffff]
[    0.188736] pci 0000:00:18.2:   bridge window [mem 0xd9500000-0xd95fffff 64bit pref]
[    0.189156] pci 0000:00:18.3: PCI bridge to [bus 1e-1e]
[    0.189194] pci 0000:00:18.3:   bridge window [mem 0xcb300000-0xcb3fffff]
[    0.189234] pci 0000:00:18.3:   bridge window [mem 0xd9900000-0xd99fffff 64bit pref]
[    0.189655] pci 0000:00:18.4: PCI bridge to [bus 1f-1f]
[    0.189694] pci 0000:00:18.4:   bridge window [mem 0xcb700000-0xcb7fffff]
[    0.189733] pci 0000:00:18.4:   bridge window [mem 0xd9d00000-0xd9dfffff 64bit pref]
[    0.190144] pci 0000:00:18.5: PCI bridge to [bus 20-20]
[    0.190183] pci 0000:00:18.5:   bridge window [mem 0xcbb00000-0xcbbfffff]
[    0.190222] pci 0000:00:18.5:   bridge window [mem 0xda100000-0xda1fffff 64bit pref]
[    0.190641] pci 0000:00:18.6: PCI bridge to [bus 21-21]
[    0.190680] pci 0000:00:18.6:   bridge window [mem 0xcbf00000-0xcbffffff]
[    0.190719] pci 0000:00:18.6:   bridge window [mem 0xda500000-0xda5fffff 64bit pref]
[    0.191131] pci 0000:00:18.7: PCI bridge to [bus 22-22]
[    0.191170] pci 0000:00:18.7:   bridge window [mem 0xcc300000-0xcc3fffff]
[    0.191209] pci 0000:00:18.7:   bridge window [mem 0xda900000-0xda9fffff 64bit pref]
[    0.192767] pci_bus 0000:00: on NUMA node 0
[    0.192772] ACPI: PCI Interrupt Routing Table [\_SB_.PCI0._PRT]
[    0.193364]  pci0000:00: Requesting ACPI _OSC control (0x1d)
[    0.193559]  pci0000:00: ACPI _OSC control (0x15) granted
[    0.263157] ACPI: PCI Interrupt Link [LNKA] (IRQs 3 4 5 6 7 *9 10 11 14 15)
[    0.263222] ACPI: PCI Interrupt Link [LNKB] (IRQs 3 4 5 6 7 9 10 *11 14 15)
[    0.263286] ACPI: PCI Interrupt Link [LNKC] (IRQs 3 4 5 6 7 9 *10 11 14 15)
[    0.263346] ACPI: PCI Interrupt Link [LNKD] (IRQs 3 4 *5 6 7 9 10 11 14 15)
[    0.263473] vgaarb: device added: PCI:0000:00:0f.0,decodes=io+mem,owns=io+mem,locks=none
[    0.263482] vgaarb: loaded
[    0.263483] vgaarb: bridge control possible 0000:00:0f.0
[    0.263560] i2c-core: driver [aat2870] using legacy suspend method
[    0.263561] i2c-core: driver [aat2870] using legacy resume method
[    0.263621] SCSI subsystem initialized
[    0.263656] libata version 3.00 loaded.
[    0.263684] usbcore: registered new interface driver usbfs
[    0.263694] usbcore: registered new interface driver hub
[    0.263715] usbcore: registered new device driver usb
[    0.263776] PCI: Using ACPI for IRQ routing
[    0.327854] PCI: pci_cache_line_size set to 64 bytes
[    0.327876] pci 0000:00:18.2: no compatible bridge window for [io  0xf000-0xffff]
[    0.328812] reserve RAM buffer: 000000000009f000 - 000000000009ffff 
[    0.328814] reserve RAM buffer: 000000003fee0000 - 000000003fffffff 
[    0.328904] NetLabel: Initializing
[    0.328905] NetLabel:  domain hash size = 128
[    0.328906] NetLabel:  protocols = UNLABELED CIPSOv4
[    0.328913] NetLabel:  unlabeled traffic allowed by default
[    0.328964] hpet0: at MMIO 0xfed00000, IRQs 2, 8, 0, 0, 0, 0, 0, 0, 0, 0, 0, 0, 0, 0, 0, 0
[    0.328970] hpet0: 16 comparators, 64-bit 14.318180 MHz counter
[    0.332003] Switching to clocksource hpet
[    0.337249] AppArmor: AppArmor Filesystem Enabled
[    0.337268] pnp: PnP ACPI init
[    0.337283] ACPI: bus type pnp registered
[    0.337878] pnp 00:00: [bus 00-ff]
[    0.337881] pnp 00:00: [mem 0x000a0000-0x000bffff window]
[    0.337882] pnp 00:00: [mem 0x000c0000-0x000c3fff window]
[    0.337884] pnp 00:00: [mem 0x000c4000-0x000c7fff window]
[    0.337885] pnp 00:00: [mem 0x000c8000-0x000cbfff window]
[    0.337887] pnp 00:00: [mem 0x000cc000-0x000cffff window]
[    0.337888] pnp 00:00: [mem 0x000d0000-0x000d3fff window]
[    0.337889] pnp 00:00: [mem 0x000d4000-0x000d7fff window]
[    0.337891] pnp 00:00: [mem 0x000d8000-0x000dbfff window]
[    0.337892] pnp 00:00: [mem 0x000dc000-0x000dffff window]
[    0.337894] pnp 00:00: [mem 0x000e0000-0x000e3fff window]
[    0.337895] pnp 00:00: [mem 0x000e4000-0x000e7fff window]
[    0.337896] pnp 00:00: [mem 0x000e8000-0x000ebfff window]
[    0.337898] pnp 00:00: [mem 0x000ec000-0x000effff window]
[    0.337899] pnp 00:00: [mem 0xc0000000-0xfebfffff window]
[    0.337901] pnp 00:00: [io  0x0cf8-0x0cff]
[    0.337902] pnp 00:00: [io  0x0000-0x0cf7 window]
[    0.337904] pnp 00:00: [io  0x0d00-0xfeff window]
[    0.337940] pnp 00:00: Plug and Play ACPI device, IDs PNP0a03 PNP0a08 (active)
[    0.338000] pnp 00:01: [io  0x0010-0x001f]
[    0.338001] pnp 00:01: [io  0x0024-0x0025]
[    0.338002] pnp 00:01: [io  0x0028-0x0029]
[    0.338004] pnp 00:01: [io  0x002c-0x002d]
[    0.338005] pnp 00:01: [io  0x002e-0x002f]
[    0.338006] pnp 00:01: [io  0x0030-0x0031]
[    0.338007] pnp 00:01: [io  0x0034-0x0035]
[    0.338008] pnp 00:01: [io  0x0038-0x0039]
[    0.338009] pnp 00:01: [io  0x003c-0x003d]
[    0.338010] pnp 00:01: [io  0x0050-0x0053]
[    0.338011] pnp 00:01: [io  0x0072-0x0077]
[    0.338013] pnp 00:01: [io  0x0080]
[    0.338014] pnp 00:01: [io  0x0090-0x009f]
[    0.338015] pnp 00:01: [io  0x00a4-0x00a5]
[    0.338016] pnp 00:01: [io  0x00a8-0x00a9]
[    0.338017] pnp 00:01: [io  0x00ac-0x00ad]
[    0.338018] pnp 00:01: [io  0x00b0-0x00b5]
[    0.338019] pnp 00:01: [io  0x00b8-0x00b9]
[    0.338021] pnp 00:01: [io  0x00bc-0x00bd]
[    0.338022] pnp 00:01: [io  0x1000-0x103f]
[    0.338023] pnp 00:01: [io  0x1040-0x104f]
[    0.338024] pnp 00:01: [io  0x0cf0-0x0cf1]
[    0.338081] system 00:01: [io  0x1000-0x103f] has been reserved
[    0.338085] system 00:01: [io  0x1040-0x104f] has been reserved
[    0.338087] system 00:01: [io  0x0cf0-0x0cf1] has been reserved
[    0.338089] system 00:01: Plug and Play ACPI device, IDs PNP0c02 (active)
[    0.338095] pnp 00:02: [io  0x0000-0x000f]
[    0.338097] pnp 00:02: [io  0x0081-0x008f]
[    0.338098] pnp 00:02: [io  0x00c0-0x00df]
[    0.338099] pnp 00:02: [dma 4]
[    0.338115] pnp 00:02: Plug and Play ACPI device, IDs PNP0200 (active)
[    0.338120] pnp 00:03: [io  0x0020-0x0021]
[    0.338122] pnp 00:03: [io  0x00a0-0x00a1]
[    0.338123] pnp 00:03: [io  0x04d0-0x04d1]
[    0.338124] pnp 00:03: [irq 2 disabled]
[    0.338150] pnp 00:03: Plug and Play ACPI device, IDs PNP0001 (active)
[    0.338157] pnp 00:04: [io  0x0070-0x0071]
[    0.338159] pnp 00:04: [irq 8]
[    0.338173] pnp 00:04: Plug and Play ACPI device, IDs PNP0b00 (active)
[    0.338178] pnp 00:05: [io  0x0061]
[    0.338191] pnp 00:05: Plug and Play ACPI device, IDs PNP0800 (active)
[    0.338196] pnp 00:06: [io  0x0060]
[    0.338197] pnp 00:06: [io  0x0064]
[    0.338198] pnp 00:06: [irq 1]
[    0.338214] pnp 00:06: Plug and Play ACPI device, IDs PNP0303 (active)
[    0.338219] pnp 00:07: [irq 12]
[    0.338231] pnp 00:07: Plug and Play ACPI device, IDs PNP0f13 (active)
[    0.338381] pnp 00:08: [mem 0xfed00000-0xfed003ff]
[    0.338415] system 00:08: [mem 0xfed00000-0xfed003ff] has been reserved
[    0.338417] system 00:08: Plug and Play ACPI device, IDs PNP0103 PNP0c01 (active)
[    0.342563] pnp 00:09: [io  0x0378-0x037f]
[    0.342566] pnp 00:09: [irq 7]
[    0.343660] pnp 00:09: Plug and Play ACPI device, IDs PNP0400 (active)
[    0.347386] pnp 00:0a: [io  0x03f8-0x03ff]
[    0.347389] pnp 00:0a: [irq 4]
[    0.348455] pnp 00:0a: Plug and Play ACPI device, IDs PNP0501 (active)
[    0.351605] pnp 00:0b: [io  0x02f8-0x02ff]
[    0.351608] pnp 00:0b: [irq 3]
[    0.352713] pnp 00:0b: Plug and Play ACPI device, IDs PNP0501 (active)
[    0.357529] pnp 00:0c: [io  0x03f0-0x03f5]
[    0.357532] pnp 00:0c: [io  0x03f7]
[    0.357533] pnp 00:0c: [irq 6]
[    0.357535] pnp 00:0c: [dma 2]
[    0.358509] pnp 00:0c: Plug and Play ACPI device, IDs PNP0700 (active)
[    0.358663] pnp 00:0d: [mem 0xe0000000-0xefffffff]
[    0.358665] pnp 00:0d: [io  0x1060-0x107f]
[    0.358666] pnp 00:0d: [mem 0xc8200000-0xc83fffff]
[    0.358710] system 00:0d: [io  0x1060-0x107f] has been reserved
[    0.358713] system 00:0d: [mem 0xe0000000-0xefffffff] has been reserved
[    0.358715] system 00:0d: [mem 0xc8200000-0xc83fffff] has been reserved
[    0.358717] system 00:0d: Plug and Play ACPI device, IDs PNP0c02 (active)
[    0.363601] pnp: PnP ACPI: found 14 devices
[    0.363603] ACPI: ACPI bus type pnp unregistered
[    0.363606] PnPBIOS: Disabled by ACPI PNP
[    0.399265] PCI: max bus depth: 1 pci_try_num: 2
[    0.401218] pci 0000:00:0f.0: BAR 6: assigned [mem 0xc0000000-0xc0007fff pref]
[    0.401225] pci 0000:00:10.0: BAR 6: assigned [mem 0xc0008000-0xc000bfff pref]
[    0.401230] pci 0000:00:18.7: BAR 13: can't assign io (size 0x1000)
[    0.401235] pci 0000:00:18.6: BAR 13: can't assign io (size 0x1000)
[    0.401239] pci 0000:00:18.5: BAR 13: can't assign io (size 0x1000)
[    0.401242] pci 0000:00:18.4: BAR 13: can't assign io (size 0x1000)
[    0.401246] pci 0000:00:18.3: BAR 13: can't assign io (size 0x1000)
[    0.401250] pci 0000:00:18.2: BAR 13: can't assign io (size 0x1000)
[    0.401254] pci 0000:00:17.7: BAR 13: can't assign io (size 0x1000)
[    0.401258] pci 0000:00:17.6: BAR 13: can't assign io (size 0x1000)
[    0.401262] pci 0000:00:17.5: BAR 13: can't assign io (size 0x1000)
[    0.401265] pci 0000:00:17.4: BAR 13: can't assign io (size 0x1000)
[    0.401269] pci 0000:00:17.3: BAR 13: can't assign io (size 0x1000)
[    0.401273] pci 0000:00:16.7: BAR 13: can't assign io (size 0x1000)
[    0.401277] pci 0000:00:16.6: BAR 13: can't assign io (size 0x1000)
[    0.401281] pci 0000:00:16.5: BAR 13: can't assign io (size 0x1000)
[    0.401285] pci 0000:00:16.4: BAR 13: can't assign io (size 0x1000)
[    0.401289] pci 0000:00:16.3: BAR 13: can't assign io (size 0x1000)
[    0.401292] pci 0000:00:15.7: BAR 13: can't assign io (size 0x1000)
[    0.401296] pci 0000:00:15.6: BAR 13: can't assign io (size 0x1000)
[    0.401300] pci 0000:00:15.5: BAR 13: can't assign io (size 0x1000)
[    0.401304] pci 0000:00:15.4: BAR 13: can't assign io (size 0x1000)
[    0.401308] pci 0000:00:15.3: BAR 13: can't assign io (size 0x1000)
[    0.401311] pci 0000:00:01.0: PCI bridge to [bus 01-01]
[    0.401446] pci 0000:02:01.0: BAR 6: assigned [mem 0xd8400000-0xd840ffff pref]
[    0.401449] pci 0000:00:11.0: PCI bridge to [bus 02-02]
[    0.401466] pci 0000:00:11.0:   bridge window [io  0x2000-0x3fff]
[    0.401508] pci 0000:00:11.0:   bridge window [mem 0xc9000000-0xca3fffff]
[    0.401537] pci 0000:00:11.0:   bridge window [mem 0xd8400000-0xd89fffff 64bit pref]
[    0.401592] pci 0000:00:15.0: PCI bridge to [bus 03-03]
[    0.401609] pci 0000:00:15.0:   bridge window [io  0x4000-0x4fff]
[    0.401651] pci 0000:00:15.0:   bridge window [mem 0xca400000-0xca4fffff]
[    0.401681] pci 0000:00:15.0:   bridge window [mem 0xd8a00000-0xd8afffff 64bit pref]
[    0.401749] pci 0000:00:15.1: PCI bridge to [bus 04-04]
[    0.401765] pci 0000:00:15.1:   bridge window [io  0x8000-0x8fff]
[    0.401808] pci 0000:00:15.1:   bridge window [mem 0xca800000-0xca8fffff]
[    0.401837] pci 0000:00:15.1:   bridge window [mem 0xd8e00000-0xd8efffff 64bit pref]
[    0.401903] pci 0000:00:15.2: PCI bridge to [bus 05-05]
[    0.401919] pci 0000:00:15.2:   bridge window [io  0xc000-0xcfff]
[    0.401958] pci 0000:00:15.2:   bridge window [mem 0xcac00000-0xcacfffff]
[    0.401985] pci 0000:00:15.2:   bridge window [mem 0xd9200000-0xd92fffff 64bit pref]
[    0.402040] pci 0000:00:15.3: PCI bridge to [bus 06-06]
[    0.402079] pci 0000:00:15.3:   bridge window [mem 0xcb000000-0xcb0fffff]
[    0.402107] pci 0000:00:15.3:   bridge window [mem 0xd9600000-0xd96fffff 64bit pref]
[    0.402162] pci 0000:00:15.4: PCI bridge to [bus 07-07]
[    0.402201] pci 0000:00:15.4:   bridge window [mem 0xcb400000-0xcb4fffff]
[    0.402229] pci 0000:00:15.4:   bridge window [mem 0xd9a00000-0xd9afffff 64bit pref]
[    0.402284] pci 0000:00:15.5: PCI bridge to [bus 08-08]
[    0.402323] pci 0000:00:15.5:   bridge window [mem 0xcb800000-0xcb8fffff]
[    0.402350] pci 0000:00:15.5:   bridge window [mem 0xd9e00000-0xd9efffff 64bit pref]
[    0.402416] pci 0000:00:15.6: PCI bridge to [bus 09-09]
[    0.402464] pci 0000:00:15.6:   bridge window [mem 0xcbc00000-0xcbcfffff]
[    0.402491] pci 0000:00:15.6:   bridge window [mem 0xda200000-0xda2fffff 64bit pref]
[    0.402547] pci 0000:00:15.7: PCI bridge to [bus 0a-0a]
[    0.402586] pci 0000:00:15.7:   bridge window [mem 0xcc000000-0xcc0fffff]
[    0.402613] pci 0000:00:15.7:   bridge window [mem 0xda600000-0xda6fffff 64bit pref]
[    0.402669] pci 0000:00:16.0: PCI bridge to [bus 0b-0b]
[    0.402685] pci 0000:00:16.0:   bridge window [io  0x5000-0x5fff]
[    0.402723] pci 0000:00:16.0:   bridge window [mem 0xca500000-0xca5fffff]
[    0.402750] pci 0000:00:16.0:   bridge window [mem 0xd8b00000-0xd8bfffff 64bit pref]
[    0.402806] pci 0000:00:16.1: PCI bridge to [bus 0c-0c]
[    0.402822] pci 0000:00:16.1:   bridge window [io  0x9000-0x9fff]
[    0.402861] pci 0000:00:16.1:   bridge window [mem 0xca900000-0xca9fffff]
[    0.402888] pci 0000:00:16.1:   bridge window [mem 0xd8f00000-0xd8ffffff 64bit pref]
[    0.402944] pci 0000:00:16.2: PCI bridge to [bus 0d-0d]
[    0.402959] pci 0000:00:16.2:   bridge window [io  0xd000-0xdfff]
[    0.402998] pci 0000:00:16.2:   bridge window [mem 0xcad00000-0xcadfffff]
[    0.403025] pci 0000:00:16.2:   bridge window [mem 0xd9300000-0xd93fffff 64bit pref]
[    0.403081] pci 0000:00:16.3: PCI bridge to [bus 0e-0e]
[    0.403119] pci 0000:00:16.3:   bridge window [mem 0xcb100000-0xcb1fffff]
[    0.403146] pci 0000:00:16.3:   bridge window [mem 0xd9700000-0xd97fffff 64bit pref]
[    0.403201] pci 0000:00:16.4: PCI bridge to [bus 0f-0f]
[    0.403240] pci 0000:00:16.4:   bridge window [mem 0xcb500000-0xcb5fffff]
[    0.403267] pci 0000:00:16.4:   bridge window [mem 0xd9b00000-0xd9bfffff 64bit pref]
[    0.403322] pci 0000:00:16.5: PCI bridge to [bus 10-10]
[    0.403361] pci 0000:00:16.5:   bridge window [mem 0xcb900000-0xcb9fffff]
[    0.403397] pci 0000:00:16.5:   bridge window [mem 0xd9f00000-0xd9ffffff 64bit pref]
[    0.403504] pci 0000:00:16.6: PCI bridge to [bus 11-11]
[    0.403541] pci 0000:00:16.6:   bridge window [mem 0xcbd00000-0xcbdfffff]
[    0.403566] pci 0000:00:16.6:   bridge window [mem 0xda300000-0xda3fffff 64bit pref]
[    0.403616] pci 0000:00:16.7: PCI bridge to [bus 12-12]
[    0.403650] pci 0000:00:16.7:   bridge window [mem 0xcc100000-0xcc1fffff]
[    0.403674] pci 0000:00:16.7:   bridge window [mem 0xda700000-0xda7fffff 64bit pref]
[    0.403722] pci 0000:00:17.0: PCI bridge to [bus 13-13]
[    0.403737] pci 0000:00:17.0:   bridge window [io  0x6000-0x6fff]
[    0.403771] pci 0000:00:17.0:   bridge window [mem 0xca600000-0xca6fffff]
[    0.403795] pci 0000:00:17.0:   bridge window [mem 0xd8c00000-0xd8cfffff 64bit pref]
[    0.403844] pci 0000:00:17.1: PCI bridge to [bus 14-14]
[    0.403858] pci 0000:00:17.1:   bridge window [io  0xa000-0xafff]
[    0.403862] pci 0000:00:17.1:   bridge window [mem 0xcaa00000-0xcaafffff]
[    0.403926] pci 0000:00:17.1:   bridge window [mem 0xd9000000-0xd90fffff 64bit pref]
[    0.403975] pci 0000:00:17.2: PCI bridge to [bus 15-15]
[    0.403989] pci 0000:00:17.2:   bridge window [io  0xe000-0xefff]
[    0.404024] pci 0000:00:17.2:   bridge window [mem 0xcae00000-0xcaefffff]
[    0.404047] pci 0000:00:17.2:   bridge window [mem 0xd9400000-0xd94fffff 64bit pref]
[    0.404096] pci 0000:00:17.3: PCI bridge to [bus 16-16]
[    0.404130] pci 0000:00:17.3:   bridge window [mem 0xcb200000-0xcb2fffff]
[    0.404154] pci 0000:00:17.3:   bridge window [mem 0xd9800000-0xd98fffff 64bit pref]
[    0.404202] pci 0000:00:17.4: PCI bridge to [bus 17-17]
[    0.404236] pci 0000:00:17.4:   bridge window [mem 0xcb600000-0xcb6fffff]
[    0.404260] pci 0000:00:17.4:   bridge window [mem 0xd9c00000-0xd9cfffff 64bit pref]
[    0.404308] pci 0000:00:17.5: PCI bridge to [bus 18-18]
[    0.404343] pci 0000:00:17.5:   bridge window [mem 0xcba00000-0xcbafffff]
[    0.404368] pci 0000:00:17.5:   bridge window [mem 0xda000000-0xda0fffff 64bit pref]
[    0.404418] pci 0000:00:17.6: PCI bridge to [bus 19-19]
[    0.404451] pci 0000:00:17.6:   bridge window [mem 0xcbe00000-0xcbefffff]
[    0.404475] pci 0000:00:17.6:   bridge window [mem 0xda400000-0xda4fffff 64bit pref]
[    0.404524] pci 0000:00:17.7: PCI bridge to [bus 1a-1a]
[    0.404558] pci 0000:00:17.7:   bridge window [mem 0xcc200000-0xcc2fffff]
[    0.404582] pci 0000:00:17.7:   bridge window [mem 0xda800000-0xda8fffff 64bit pref]
[    0.404630] pci 0000:00:18.0: PCI bridge to [bus 1b-1b]
[    0.404644] pci 0000:00:18.0:   bridge window [io  0x7000-0x7fff]
[    0.404678] pci 0000:00:18.0:   bridge window [mem 0xca700000-0xca7fffff]
[    0.404702] pci 0000:00:18.0:   bridge window [mem 0xd8d00000-0xd8dfffff 64bit pref]
[    0.404750] pci 0000:00:18.1: PCI bridge to [bus 1c-1c]
[    0.404764] pci 0000:00:18.1:   bridge window [io  0xb000-0xbfff]
[    0.404799] pci 0000:00:18.1:   bridge window [mem 0xcab00000-0xcabfffff]
[    0.404822] pci 0000:00:18.1:   bridge window [mem 0xd9100000-0xd91fffff 64bit pref]
[    0.404871] pci 0000:00:18.2: PCI bridge to [bus 1d-1d]
[    0.404905] pci 0000:00:18.2:   bridge window [mem 0xcaf00000-0xcaffffff]
[    0.404928] pci 0000:00:18.2:   bridge window [mem 0xd9500000-0xd95fffff 64bit pref]
[    0.404977] pci 0000:00:18.3: PCI bridge to [bus 1e-1e]
[    0.405011] pci 0000:00:18.3:   bridge window [mem 0xcb300000-0xcb3fffff]
[    0.405035] pci 0000:00:18.3:   bridge window [mem 0xd9900000-0xd99fffff 64bit pref]
[    0.405083] pci 0000:00:18.4: PCI bridge to [bus 1f-1f]
[    0.405118] pci 0000:00:18.4:   bridge window [mem 0xcb700000-0xcb7fffff]
[    0.405141] pci 0000:00:18.4:   bridge window [mem 0xd9d00000-0xd9dfffff 64bit pref]
[    0.405190] pci 0000:00:18.5: PCI bridge to [bus 20-20]
[    0.405224] pci 0000:00:18.5:   bridge window [mem 0xcbb00000-0xcbbfffff]
[    0.405248] pci 0000:00:18.5:   bridge window [mem 0xda100000-0xda1fffff 64bit pref]
[    0.405296] pci 0000:00:18.6: PCI bridge to [bus 21-21]
[    0.405330] pci 0000:00:18.6:   bridge window [mem 0xcbf00000-0xcbffffff]
[    0.405354] pci 0000:00:18.6:   bridge window [mem 0xda500000-0xda5fffff 64bit pref]
[    0.405410] pci 0000:00:18.7: PCI bridge to [bus 22-22]
[    0.405444] pci 0000:00:18.7:   bridge window [mem 0xcc300000-0xcc3fffff]
[    0.405468] pci 0000:00:18.7:   bridge window [mem 0xda900000-0xda9fffff 64bit pref]
[    0.405552] pci 0000:00:01.0: setting latency timer to 64
[    0.405642] pci 0000:00:15.0: setting latency timer to 64
[    0.405698] pci 0000:00:15.1: setting latency timer to 64
[    0.405755] pci 0000:00:15.2: setting latency timer to 64
[    0.405811] pci 0000:00:15.3: setting latency timer to 64
[    0.405867] pci 0000:00:15.4: setting latency timer to 64
[    0.405923] pci 0000:00:15.5: setting latency timer to 64
[    0.405979] pci 0000:00:15.6: setting latency timer to 64
[    0.406035] pci 0000:00:15.7: setting latency timer to 64
[    0.406091] pci 0000:00:16.0: setting latency timer to 64
[    0.406147] pci 0000:00:16.1: setting latency timer to 64
[    0.406203] pci 0000:00:16.2: setting latency timer to 64
[    0.406259] pci 0000:00:16.3: setting latency timer to 64
[    0.406314] pci 0000:00:16.4: setting latency timer to 64
[    0.406380] pci 0000:00:16.5: setting latency timer to 64
[    0.406436] pci 0000:00:16.6: setting latency timer to 64
[    0.406492] pci 0000:00:16.7: setting latency timer to 64
[    0.406548] pci 0000:00:17.0: setting latency timer to 64
[    0.406604] pci 0000:00:17.1: setting latency timer to 64
[    0.406660] pci 0000:00:17.2: setting latency timer to 64
[    0.406716] pci 0000:00:17.3: setting latency timer to 64
[    0.406772] pci 0000:00:17.4: setting latency timer to 64
[    0.406829] pci 0000:00:17.5: setting latency timer to 64
[    0.406885] pci 0000:00:17.6: setting latency timer to 64
[    0.406940] pci 0000:00:17.7: setting latency timer to 64
[    0.406997] pci 0000:00:18.0: setting latency timer to 64
[    0.407053] pci 0000:00:18.1: setting latency timer to 64
[    0.407109] pci 0000:00:18.2: setting latency timer to 64
[    0.407165] pci 0000:00:18.3: setting latency timer to 64
[    0.407221] pci 0000:00:18.4: setting latency timer to 64
[    0.407276] pci 0000:00:18.5: setting latency timer to 64
[    0.407332] pci 0000:00:18.6: setting latency timer to 64
[    0.407398] pci 0000:00:18.7: setting latency timer to 64
[    0.407412] pci_bus 0000:00: resource 4 [mem 0x000a0000-0x000bffff]
[    0.407414] pci_bus 0000:00: resource 5 [mem 0x000cc000-0x000cffff]
[    0.407416] pci_bus 0000:00: resource 6 [mem 0x000d0000-0x000d3fff]
[    0.407418] pci_bus 0000:00: resource 7 [mem 0x000d4000-0x000d7fff]
[    0.407421] pci_bus 0000:00: resource 8 [mem 0x000d8000-0x000dbfff]
[    0.407423] pci_bus 0000:00: resource 9 [mem 0xc0000000-0xfebfffff]
[    0.407425] pci_bus 0000:00: resource 10 [io  0x0000-0x0cf7]
[    0.407427] pci_bus 0000:00: resource 11 [io  0x0d00-0xfeff]
[    0.407429] pci_bus 0000:02: resource 0 [io  0x2000-0x3fff]
[    0.407431] pci_bus 0000:02: resource 1 [mem 0xc9000000-0xca3fffff]
[    0.407434] pci_bus 0000:02: resource 2 [mem 0xd8400000-0xd89fffff 64bit pref]
[    0.407436] pci_bus 0000:02: resource 4 [mem 0x000a0000-0x000bffff]
[    0.407438] pci_bus 0000:02: resource 5 [mem 0x000cc000-0x000cffff]
[    0.407440] pci_bus 0000:02: resource 6 [mem 0x000d0000-0x000d3fff]
[    0.407442] pci_bus 0000:02: resource 7 [mem 0x000d4000-0x000d7fff]
[    0.407444] pci_bus 0000:02: resource 8 [mem 0x000d8000-0x000dbfff]
[    0.407446] pci_bus 0000:02: resource 9 [mem 0xc0000000-0xfebfffff]
[    0.407448] pci_bus 0000:02: resource 10 [io  0x0000-0x0cf7]
[    0.407450] pci_bus 0000:02: resource 11 [io  0x0d00-0xfeff]
[    0.407452] pci_bus 0000:03: resource 0 [io  0x4000-0x4fff]
[    0.407454] pci_bus 0000:03: resource 1 [mem 0xca400000-0xca4fffff]
[    0.407456] pci_bus 0000:03: resource 2 [mem 0xd8a00000-0xd8afffff 64bit pref]
[    0.407458] pci_bus 0000:04: resource 0 [io  0x8000-0x8fff]
[    0.407460] pci_bus 0000:04: resource 1 [mem 0xca800000-0xca8fffff]
[    0.407463] pci_bus 0000:04: resource 2 [mem 0xd8e00000-0xd8efffff 64bit pref]
[    0.407465] pci_bus 0000:05: resource 0 [io  0xc000-0xcfff]
[    0.407467] pci_bus 0000:05: resource 1 [mem 0xcac00000-0xcacfffff]
[    0.407469] pci_bus 0000:05: resource 2 [mem 0xd9200000-0xd92fffff 64bit pref]
[    0.407471] pci_bus 0000:06: resource 1 [mem 0xcb000000-0xcb0fffff]
[    0.407473] pci_bus 0000:06: resource 2 [mem 0xd9600000-0xd96fffff 64bit pref]
[    0.407475] pci_bus 0000:07: resource 1 [mem 0xcb400000-0xcb4fffff]
[    0.407478] pci_bus 0000:07: resource 2 [mem 0xd9a00000-0xd9afffff 64bit pref]
[    0.407480] pci_bus 0000:08: resource 1 [mem 0xcb800000-0xcb8fffff]
[    0.407482] pci_bus 0000:08: resource 2 [mem 0xd9e00000-0xd9efffff 64bit pref]
[    0.407484] pci_bus 0000:09: resource 1 [mem 0xcbc00000-0xcbcfffff]
[    0.407486] pci_bus 0000:09: resource 2 [mem 0xda200000-0xda2fffff 64bit pref]
[    0.407488] pci_bus 0000:0a: resource 1 [mem 0xcc000000-0xcc0fffff]
[    0.407491] pci_bus 0000:0a: resource 2 [mem 0xda600000-0xda6fffff 64bit pref]
[    0.407493] pci_bus 0000:0b: resource 0 [io  0x5000-0x5fff]
[    0.407495] pci_bus 0000:0b: resource 1 [mem 0xca500000-0xca5fffff]
[    0.407497] pci_bus 0000:0b: resource 2 [mem 0xd8b00000-0xd8bfffff 64bit pref]
[    0.407499] pci_bus 0000:0c: resource 0 [io  0x9000-0x9fff]
[    0.407501] pci_bus 0000:0c: resource 1 [mem 0xca900000-0xca9fffff]
[    0.407503] pci_bus 0000:0c: resource 2 [mem 0xd8f00000-0xd8ffffff 64bit pref]
[    0.407505] pci_bus 0000:0d: resource 0 [io  0xd000-0xdfff]
[    0.407507] pci_bus 0000:0d: resource 1 [mem 0xcad00000-0xcadfffff]
[    0.407509] pci_bus 0000:0d: resource 2 [mem 0xd9300000-0xd93fffff 64bit pref]
[    0.407512] pci_bus 0000:0e: resource 1 [mem 0xcb100000-0xcb1fffff]
[    0.407514] pci_bus 0000:0e: resource 2 [mem 0xd9700000-0xd97fffff 64bit pref]
[    0.407516] pci_bus 0000:0f: resource 1 [mem 0xcb500000-0xcb5fffff]
[    0.407518] pci_bus 0000:0f: resource 2 [mem 0xd9b00000-0xd9bfffff 64bit pref]
[    0.407520] pci_bus 0000:10: resource 1 [mem 0xcb900000-0xcb9fffff]
[    0.407522] pci_bus 0000:10: resource 2 [mem 0xd9f00000-0xd9ffffff 64bit pref]
[    0.407525] pci_bus 0000:11: resource 1 [mem 0xcbd00000-0xcbdfffff]
[    0.407527] pci_bus 0000:11: resource 2 [mem 0xda300000-0xda3fffff 64bit pref]
[    0.407529] pci_bus 0000:12: resource 1 [mem 0xcc100000-0xcc1fffff]
[    0.407531] pci_bus 0000:12: resource 2 [mem 0xda700000-0xda7fffff 64bit pref]
[    0.407533] pci_bus 0000:13: resource 0 [io  0x6000-0x6fff]
[    0.407535] pci_bus 0000:13: resource 1 [mem 0xca600000-0xca6fffff]
[    0.407537] pci_bus 0000:13: resource 2 [mem 0xd8c00000-0xd8cfffff 64bit pref]
[    0.407540] pci_bus 0000:14: resource 0 [io  0xa000-0xafff]
[    0.407542] pci_bus 0000:14: resource 1 [mem 0xcaa00000-0xcaafffff]
[    0.407544] pci_bus 0000:14: resource 2 [mem 0xd9000000-0xd90fffff 64bit pref]
[    0.407546] pci_bus 0000:15: resource 0 [io  0xe000-0xefff]
[    0.407548] pci_bus 0000:15: resource 1 [mem 0xcae00000-0xcaefffff]
[    0.407550] pci_bus 0000:15: resource 2 [mem 0xd9400000-0xd94fffff 64bit pref]
[    0.407552] pci_bus 0000:16: resource 1 [mem 0xcb200000-0xcb2fffff]
[    0.407555] pci_bus 0000:16: resource 2 [mem 0xd9800000-0xd98fffff 64bit pref]
[    0.407557] pci_bus 0000:17: resource 1 [mem 0xcb600000-0xcb6fffff]
[    0.407559] pci_bus 0000:17: resource 2 [mem 0xd9c00000-0xd9cfffff 64bit pref]
[    0.407561] pci_bus 0000:18: resource 1 [mem 0xcba00000-0xcbafffff]
[    0.407563] pci_bus 0000:18: resource 2 [mem 0xda000000-0xda0fffff 64bit pref]
[    0.407566] pci_bus 0000:19: resource 1 [mem 0xcbe00000-0xcbefffff]
[    0.407568] pci_bus 0000:19: resource 2 [mem 0xda400000-0xda4fffff 64bit pref]
[    0.407570] pci_bus 0000:1a: resource 1 [mem 0xcc200000-0xcc2fffff]
[    0.407572] pci_bus 0000:1a: resource 2 [mem 0xda800000-0xda8fffff 64bit pref]
[    0.407574] pci_bus 0000:1b: resource 0 [io  0x7000-0x7fff]
[    0.407576] pci_bus 0000:1b: resource 1 [mem 0xca700000-0xca7fffff]
[    0.407578] pci_bus 0000:1b: resource 2 [mem 0xd8d00000-0xd8dfffff 64bit pref]
[    0.407581] pci_bus 0000:1c: resource 0 [io  0xb000-0xbfff]
[    0.407583] pci_bus 0000:1c: resource 1 [mem 0xcab00000-0xcabfffff]
[    0.407585] pci_bus 0000:1c: resource 2 [mem 0xd9100000-0xd91fffff 64bit pref]
[    0.407587] pci_bus 0000:1d: resource 1 [mem 0xcaf00000-0xcaffffff]
[    0.407589] pci_bus 0000:1d: resource 2 [mem 0xd9500000-0xd95fffff 64bit pref]
[    0.407591] pci_bus 0000:1e: resource 1 [mem 0xcb300000-0xcb3fffff]
[    0.407593] pci_bus 0000:1e: resource 2 [mem 0xd9900000-0xd99fffff 64bit pref]
[    0.407596] pci_bus 0000:1f: resource 1 [mem 0xcb700000-0xcb7fffff]
[    0.407598] pci_bus 0000:1f: resource 2 [mem 0xd9d00000-0xd9dfffff 64bit pref]
[    0.407600] pci_bus 0000:20: resource 1 [mem 0xcbb00000-0xcbbfffff]
[    0.407602] pci_bus 0000:20: resource 2 [mem 0xda100000-0xda1fffff 64bit pref]
[    0.407604] pci_bus 0000:21: resource 1 [mem 0xcbf00000-0xcbffffff]
[    0.407606] pci_bus 0000:21: resource 2 [mem 0xda500000-0xda5fffff 64bit pref]
[    0.407609] pci_bus 0000:22: resource 1 [mem 0xcc300000-0xcc3fffff]
[    0.407611] pci_bus 0000:22: resource 2 [mem 0xda900000-0xda9fffff 64bit pref]
[    0.407645] NET: Registered protocol family 2
[    0.407684] IP route cache hash table entries: 32768 (order: 5, 131072 bytes)
[    0.407840] TCP established hash table entries: 131072 (order: 8, 1048576 bytes)
[    0.407845] TCP bind hash table entries: 65536 (order: 7, 524288 bytes)
[    0.408016] TCP: Hash tables configured (established 131072 bind 65536)
[    0.408018] TCP reno registered
[    0.408021] UDP hash table entries: 512 (order: 2, 16384 bytes)
[    0.408028] UDP-Lite hash table entries: 512 (order: 2, 16384 bytes)
[    0.408066] NET: Registered protocol family 1
[    0.408074] pci 0000:00:00.0: Limiting direct PCI/PCI transfers
[    0.408165] pci 0000:00:0f.0: Boot video device
[    0.408692] ACPI: PCI Interrupt Link [LNKC] enabled at IRQ 10
[    0.408694] PCI: setting IRQ 10 as level-triggered
[    0.408701] pci 0000:02:00.0: PCI INT A -> Link[LNKC] -> GSI 10 (level, low) -> IRQ 10
[    0.408817] pci 0000:02:00.0: PCI INT A disabled
[    0.408957] ACPI: PCI Interrupt Link [LNKB] enabled at IRQ 11
[    0.408959] PCI: setting IRQ 11 as level-triggered
[    0.408962] pci 0000:02:03.0: PCI INT A -> Link[LNKB] -> GSI 11 (level, low) -> IRQ 11
[    0.409038] pci 0000:02:03.0: PCI INT A disabled
[    0.409052] PCI: CLS 32 bytes, default 64
[    0.409093] Simple Boot Flag at 0x36 set to 0x1
[    0.409098] Switching to clocksource tsc
[    0.409312] audit: initializing netlink socket (disabled)
[    0.409319] type=2000 audit(1369653108.389:1): initialized
[    0.422298] Trying to unpack rootfs image as initramfs...
[    0.440119] highmem bounce pool size: 64 pages
[    0.440124] HugeTLB registered 2 MB page size, pre-allocated 0 pages
[    0.448227] VFS: Disk quotas dquot_6.5.2
[    0.448296] Dquot-cache hash table entries: 1024 (order 0, 4096 bytes)
[    0.448866] fuse init (API version 7.17)
[    0.448956] msgmni has been set to 1710
[    0.459939] Block layer SCSI generic (bsg) driver version 0.4 loaded (major 253)
[    0.459967] io scheduler noop registered
[    0.459969] io scheduler deadline registered
[    0.459975] io scheduler cfq registered (default)
[    0.460184] pcieport 0000:00:15.0: setting latency timer to 64
[    0.460643] pcieport 0000:00:15.0: irq 40 for MSI/MSI-X
[    0.461140] pcieport 0000:00:15.1: setting latency timer to 64
[    0.461594] pcieport 0000:00:15.1: irq 41 for MSI/MSI-X
[    0.462071] pcieport 0000:00:15.2: setting latency timer to 64
[    0.462524] pcieport 0000:00:15.2: irq 42 for MSI/MSI-X
[    0.462999] pcieport 0000:00:15.3: setting latency timer to 64
[    0.463450] pcieport 0000:00:15.3: irq 43 for MSI/MSI-X
[    0.468150] pcieport 0000:00:15.4: setting latency timer to 64
[    0.468606] pcieport 0000:00:15.4: irq 44 for MSI/MSI-X
[    0.469091] pcieport 0000:00:15.5: setting latency timer to 64
[    0.469543] pcieport 0000:00:15.5: irq 45 for MSI/MSI-X
[    0.470026] pcieport 0000:00:15.6: setting latency timer to 64
[    0.470477] pcieport 0000:00:15.6: irq 46 for MSI/MSI-X
[    0.470960] pcieport 0000:00:15.7: setting latency timer to 64
[    0.471412] pcieport 0000:00:15.7: irq 47 for MSI/MSI-X
[    0.471900] pcieport 0000:00:16.0: setting latency timer to 64
[    0.475909] pcieport 0000:00:16.0: irq 48 for MSI/MSI-X
[    0.476389] pcieport 0000:00:16.1: setting latency timer to 64
[    0.476844] pcieport 0000:00:16.1: irq 49 for MSI/MSI-X
[    0.477319] pcieport 0000:00:16.2: setting latency timer to 64
[    0.477770] pcieport 0000:00:16.2: irq 50 for MSI/MSI-X
[    0.478257] pcieport 0000:00:16.3: setting latency timer to 64
[    0.478707] pcieport 0000:00:16.3: irq 51 for MSI/MSI-X
[    0.479249] pcieport 0000:00:16.4: setting latency timer to 64
[    0.479700] pcieport 0000:00:16.4: irq 52 for MSI/MSI-X
[    0.484068] pcieport 0000:00:16.5: setting latency timer to 64
[    0.484522] pcieport 0000:00:16.5: irq 53 for MSI/MSI-X
[    0.485008] pcieport 0000:00:16.6: setting latency timer to 64
[    0.485460] pcieport 0000:00:16.6: irq 54 for MSI/MSI-X
[    0.485947] pcieport 0000:00:16.7: setting latency timer to 64
[    0.486397] pcieport 0000:00:16.7: irq 55 for MSI/MSI-X
[    0.486879] pcieport 0000:00:17.0: setting latency timer to 64
[    0.487329] pcieport 0000:00:17.0: irq 56 for MSI/MSI-X
[    0.487818] pcieport 0000:00:17.1: setting latency timer to 64
[    0.491992] pcieport 0000:00:17.1: irq 57 for MSI/MSI-X
[    0.492477] pcieport 0000:00:17.2: setting latency timer to 64
[    0.492948] pcieport 0000:00:17.2: irq 58 for MSI/MSI-X
[    0.493422] pcieport 0000:00:17.3: setting latency timer to 64
[    0.493888] pcieport 0000:00:17.3: irq 59 for MSI/MSI-X
[    0.494370] pcieport 0000:00:17.4: setting latency timer to 64
[    0.494828] pcieport 0000:00:17.4: irq 60 for MSI/MSI-X
[    0.495298] pcieport 0000:00:17.5: setting latency timer to 64
[    0.495355] pcieport 0000:00:17.5: irq 61 for MSI/MSI-X
[    0.500230] pcieport 0000:00:17.6: setting latency timer to 64
[    0.500683] pcieport 0000:00:17.6: irq 62 for MSI/MSI-X
[    0.501169] pcieport 0000:00:17.7: setting latency timer to 64
[    0.501622] pcieport 0000:00:17.7: irq 63 for MSI/MSI-X
[    0.502108] pcieport 0000:00:18.0: setting latency timer to 64
[    0.502560] pcieport 0000:00:18.0: irq 64 for MSI/MSI-X
[    0.503049] pcieport 0000:00:18.1: setting latency timer to 64
[    0.503502] pcieport 0000:00:18.1: irq 65 for MSI/MSI-X
[    0.508228] pcieport 0000:00:18.2: setting latency timer to 64
[    0.508860] pcieport 0000:00:18.2: irq 66 for MSI/MSI-X
[    0.509520] pcieport 0000:00:18.3: setting latency timer to 64
[    0.510137] pcieport 0000:00:18.3: irq 67 for MSI/MSI-X
[    0.510802] pcieport 0000:00:18.4: setting latency timer to 64
[    0.511419] pcieport 0000:00:18.4: irq 68 for MSI/MSI-X
[    0.515918] pcieport 0000:00:18.5: setting latency timer to 64
[    0.516373] pcieport 0000:00:18.5: irq 69 for MSI/MSI-X
[    0.516858] pcieport 0000:00:18.6: setting latency timer to 64
[    0.517311] pcieport 0000:00:18.6: irq 70 for MSI/MSI-X
[    0.517803] pcieport 0000:00:18.7: setting latency timer to 64
[    0.518256] pcieport 0000:00:18.7: irq 71 for MSI/MSI-X
[    0.518765] pcieport 0000:00:15.0: Signaling PME through PCIe PME interrupt
[    0.518789] pcie_pme 0000:00:15.0:pcie01: service driver pcie_pme loaded
[    0.518898] pcieport 0000:00:15.1: Signaling PME through PCIe PME interrupt
[    0.518921] pcie_pme 0000:00:15.1:pcie01: service driver pcie_pme loaded
[    0.519027] pcieport 0000:00:15.2: Signaling PME through PCIe PME interrupt
[    0.519049] pcie_pme 0000:00:15.2:pcie01: service driver pcie_pme loaded
[    0.519155] pcieport 0000:00:15.3: Signaling PME through PCIe PME interrupt
[    0.519177] pcie_pme 0000:00:15.3:pcie01: service driver pcie_pme loaded
[    0.519283] pcieport 0000:00:15.4: Signaling PME through PCIe PME interrupt
[    0.519306] pcie_pme 0000:00:15.4:pcie01: service driver pcie_pme loaded
[    0.519412] pcieport 0000:00:15.5: Signaling PME through PCIe PME interrupt
[    0.519434] pcie_pme 0000:00:15.5:pcie01: service driver pcie_pme loaded
[    0.519541] pcieport 0000:00:15.6: Signaling PME through PCIe PME interrupt
[    0.519563] pcie_pme 0000:00:15.6:pcie01: service driver pcie_pme loaded
[    0.519669] pcieport 0000:00:15.7: Signaling PME through PCIe PME interrupt
[    0.519691] pcie_pme 0000:00:15.7:pcie01: service driver pcie_pme loaded
[    0.523814] pcieport 0000:00:16.0: Signaling PME through PCIe PME interrupt
[    0.523838] pcie_pme 0000:00:16.0:pcie01: service driver pcie_pme loaded
[    0.523948] pcieport 0000:00:16.1: Signaling PME through PCIe PME interrupt
[    0.523971] pcie_pme 0000:00:16.1:pcie01: service driver pcie_pme loaded
[    0.524079] pcieport 0000:00:16.2: Signaling PME through PCIe PME interrupt
[    0.524101] pcie_pme 0000:00:16.2:pcie01: service driver pcie_pme loaded
[    0.524210] pcieport 0000:00:16.3: Signaling PME through PCIe PME interrupt
[    0.524232] pcie_pme 0000:00:16.3:pcie01: service driver pcie_pme loaded
[    0.524339] pcieport 0000:00:16.4: Signaling PME through PCIe PME interrupt
[    0.524361] pcie_pme 0000:00:16.4:pcie01: service driver pcie_pme loaded
[    0.524481] pcieport 0000:00:16.5: Signaling PME through PCIe PME interrupt
[    0.524504] pcie_pme 0000:00:16.5:pcie01: service driver pcie_pme loaded
[    0.524611] pcieport 0000:00:16.6: Signaling PME through PCIe PME interrupt
[    0.524633] pcie_pme 0000:00:16.6:pcie01: service driver pcie_pme loaded
[    0.524741] pcieport 0000:00:16.7: Signaling PME through PCIe PME interrupt
[    0.524764] pcie_pme 0000:00:16.7:pcie01: service driver pcie_pme loaded
[    0.524870] pcieport 0000:00:17.0: Signaling PME through PCIe PME interrupt
[    0.524893] pcie_pme 0000:00:17.0:pcie01: service driver pcie_pme loaded
[    0.524999] pcieport 0000:00:17.1: Signaling PME through PCIe PME interrupt
[    0.525021] pcie_pme 0000:00:17.1:pcie01: service driver pcie_pme loaded
[    0.525127] pcieport 0000:00:17.2: Signaling PME through PCIe PME interrupt
[    0.525150] pcie_pme 0000:00:17.2:pcie01: service driver pcie_pme loaded
[    0.525256] pcieport 0000:00:17.3: Signaling PME through PCIe PME interrupt
[    0.525279] pcie_pme 0000:00:17.3:pcie01: service driver pcie_pme loaded
[    0.525397] pcieport 0000:00:17.4: Signaling PME through PCIe PME interrupt
[    0.525426] pcie_pme 0000:00:17.4:pcie01: service driver pcie_pme loaded
[    0.525542] pcieport 0000:00:17.5: Signaling PME through PCIe PME interrupt
[    0.525564] pcie_pme 0000:00:17.5:pcie01: service driver pcie_pme loaded
[    0.525673] pcieport 0000:00:17.6: Signaling PME through PCIe PME interrupt
[    0.525695] pcie_pme 0000:00:17.6:pcie01: service driver pcie_pme loaded
[    0.525802] pcieport 0000:00:17.7: Signaling PME through PCIe PME interrupt
[    0.525825] pcie_pme 0000:00:17.7:pcie01: service driver pcie_pme loaded
[    0.525931] pcieport 0000:00:18.0: Signaling PME through PCIe PME interrupt
[    0.525954] pcie_pme 0000:00:18.0:pcie01: service driver pcie_pme loaded
[    0.526061] pcieport 0000:00:18.1: Signaling PME through PCIe PME interrupt
[    0.526083] pcie_pme 0000:00:18.1:pcie01: service driver pcie_pme loaded
[    0.526189] pcieport 0000:00:18.2: Signaling PME through PCIe PME interrupt
[    0.526212] pcie_pme 0000:00:18.2:pcie01: service driver pcie_pme loaded
[    0.526318] pcieport 0000:00:18.3: Signaling PME through PCIe PME interrupt
[    0.526341] pcie_pme 0000:00:18.3:pcie01: service driver pcie_pme loaded
[    0.526450] pcieport 0000:00:18.4: Signaling PME through PCIe PME interrupt
[    0.526473] pcie_pme 0000:00:18.4:pcie01: service driver pcie_pme loaded
[    0.526585] pcieport 0000:00:18.5: Signaling PME through PCIe PME interrupt
[    0.526608] pcie_pme 0000:00:18.5:pcie01: service driver pcie_pme loaded
[    0.526714] pcieport 0000:00:18.6: Signaling PME through PCIe PME interrupt
[    0.526736] pcie_pme 0000:00:18.6:pcie01: service driver pcie_pme loaded
[    0.526842] pcieport 0000:00:18.7: Signaling PME through PCIe PME interrupt
[    0.526864] pcie_pme 0000:00:18.7:pcie01: service driver pcie_pme loaded
[    0.526886] pci_hotplug: PCI Hot Plug PCI Core version: 0.5
[    0.527362] pciehp 0000:00:15.0:pcie04: HPC vendor_id 15ad device_id 7a0 ss_vid 15ad ss_did 7a0
[    0.527432] pciehp 0000:00:15.0:pcie04: service driver pciehp loaded
[    0.527495] pciehp 0000:00:15.1:pcie04: HPC vendor_id 15ad device_id 7a0 ss_vid 15ad ss_did 7a0
[    0.527554] pciehp 0000:00:15.1:pcie04: service driver pciehp loaded
[    0.527620] pciehp 0000:00:15.2:pcie04: HPC vendor_id 15ad device_id 7a0 ss_vid 15ad ss_did 7a0
[    0.527679] pciehp 0000:00:15.2:pcie04: service driver pciehp loaded
[    0.531899] pciehp 0000:00:15.3:pcie04: HPC vendor_id 15ad device_id 7a0 ss_vid 15ad ss_did 7a0
[    0.531963] pciehp 0000:00:15.3:pcie04: service driver pciehp loaded
[    0.532028] pciehp 0000:00:15.4:pcie04: HPC vendor_id 15ad device_id 7a0 ss_vid 15ad ss_did 7a0
[    0.532088] pciehp 0000:00:15.4:pcie04: service driver pciehp loaded
[    0.532151] pciehp 0000:00:15.5:pcie04: HPC vendor_id 15ad device_id 7a0 ss_vid 15ad ss_did 7a0
[    0.532211] pciehp 0000:00:15.5:pcie04: service driver pciehp loaded
[    0.532274] pciehp 0000:00:15.6:pcie04: HPC vendor_id 15ad device_id 7a0 ss_vid 15ad ss_did 7a0
[    0.532333] pciehp 0000:00:15.6:pcie04: service driver pciehp loaded
[    0.532396] pciehp 0000:00:15.7:pcie04: HPC vendor_id 15ad device_id 7a0 ss_vid 15ad ss_did 7a0
[    0.532454] pciehp 0000:00:15.7:pcie04: service driver pciehp loaded
[    0.532517] pciehp 0000:00:16.0:pcie04: HPC vendor_id 15ad device_id 7a0 ss_vid 15ad ss_did 7a0
[    0.532576] pciehp 0000:00:16.0:pcie04: service driver pciehp loaded
[    0.532639] pciehp 0000:00:16.1:pcie04: HPC vendor_id 15ad device_id 7a0 ss_vid 15ad ss_did 7a0
[    0.532701] pciehp 0000:00:16.1:pcie04: service driver pciehp loaded
[    0.532776] pciehp 0000:00:16.2:pcie04: HPC vendor_id 15ad device_id 7a0 ss_vid 15ad ss_did 7a0
[    0.532836] pciehp 0000:00:16.2:pcie04: service driver pciehp loaded
[    0.532900] pciehp 0000:00:16.3:pcie04: HPC vendor_id 15ad device_id 7a0 ss_vid 15ad ss_did 7a0
[    0.532959] pciehp 0000:00:16.3:pcie04: service driver pciehp loaded
[    0.533022] pciehp 0000:00:16.4:pcie04: HPC vendor_id 15ad device_id 7a0 ss_vid 15ad ss_did 7a0
[    0.533080] pciehp 0000:00:16.4:pcie04: service driver pciehp loaded
[    0.533142] pciehp 0000:00:16.5:pcie04: HPC vendor_id 15ad device_id 7a0 ss_vid 15ad ss_did 7a0
[    0.533201] pciehp 0000:00:16.5:pcie04: service driver pciehp loaded
[    0.533263] pciehp 0000:00:16.6:pcie04: HPC vendor_id 15ad device_id 7a0 ss_vid 15ad ss_did 7a0
[    0.533322] pciehp 0000:00:16.6:pcie04: service driver pciehp loaded
[    0.533385] pciehp 0000:00:16.7:pcie04: HPC vendor_id 15ad device_id 7a0 ss_vid 15ad ss_did 7a0
[    0.533443] pciehp 0000:00:16.7:pcie04: service driver pciehp loaded
[    0.533506] pciehp 0000:00:17.0:pcie04: HPC vendor_id 15ad device_id 7a0 ss_vid 15ad ss_did 7a0
[    0.533566] pciehp 0000:00:17.0:pcie04: service driver pciehp loaded
[    0.533629] pciehp 0000:00:17.1:pcie04: HPC vendor_id 15ad device_id 7a0 ss_vid 15ad ss_did 7a0
[    0.533687] pciehp 0000:00:17.1:pcie04: service driver pciehp loaded
[    0.533770] pciehp 0000:00:17.2:pcie04: HPC vendor_id 15ad device_id 7a0 ss_vid 15ad ss_did 7a0
[    0.533829] pciehp 0000:00:17.2:pcie04: service driver pciehp loaded
[    0.533891] pciehp 0000:00:17.3:pcie04: HPC vendor_id 15ad device_id 7a0 ss_vid 15ad ss_did 7a0
[    0.533951] pciehp 0000:00:17.3:pcie04: service driver pciehp loaded
[    0.534014] pciehp 0000:00:17.4:pcie04: HPC vendor_id 15ad device_id 7a0 ss_vid 15ad ss_did 7a0
[    0.534073] pciehp 0000:00:17.4:pcie04: service driver pciehp loaded
[    0.534137] pciehp 0000:00:17.5:pcie04: HPC vendor_id 15ad device_id 7a0 ss_vid 15ad ss_did 7a0
[    0.534195] pciehp 0000:00:17.5:pcie04: service driver pciehp loaded
[    0.534258] pciehp 0000:00:17.6:pcie04: HPC vendor_id 15ad device_id 7a0 ss_vid 15ad ss_did 7a0
[    0.534317] pciehp 0000:00:17.6:pcie04: service driver pciehp loaded
[    0.534380] pciehp 0000:00:17.7:pcie04: HPC vendor_id 15ad device_id 7a0 ss_vid 15ad ss_did 7a0
[    0.534439] pciehp 0000:00:17.7:pcie04: service driver pciehp loaded
[    0.534501] pciehp 0000:00:18.0:pcie04: HPC vendor_id 15ad device_id 7a0 ss_vid 15ad ss_did 7a0
[    0.534559] pciehp 0000:00:18.0:pcie04: service driver pciehp loaded
[    0.534622] pciehp 0000:00:18.1:pcie04: HPC vendor_id 15ad device_id 7a0 ss_vid 15ad ss_did 7a0
[    0.534681] pciehp 0000:00:18.1:pcie04: service driver pciehp loaded
[    0.534752] pciehp 0000:00:18.2:pcie04: HPC vendor_id 15ad device_id 7a0 ss_vid 15ad ss_did 7a0
[    0.534810] pciehp 0000:00:18.2:pcie04: service driver pciehp loaded
[    0.534873] pciehp 0000:00:18.3:pcie04: HPC vendor_id 15ad device_id 7a0 ss_vid 15ad ss_did 7a0
[    0.534932] pciehp 0000:00:18.3:pcie04: service driver pciehp loaded
[    0.534996] pciehp 0000:00:18.4:pcie04: HPC vendor_id 15ad device_id 7a0 ss_vid 15ad ss_did 7a0
[    0.535054] pciehp 0000:00:18.4:pcie04: service driver pciehp loaded
[    0.535117] pciehp 0000:00:18.5:pcie04: HPC vendor_id 15ad device_id 7a0 ss_vid 15ad ss_did 7a0
[    0.535175] pciehp 0000:00:18.5:pcie04: service driver pciehp loaded
[    0.535238] pciehp 0000:00:18.6:pcie04: HPC vendor_id 15ad device_id 7a0 ss_vid 15ad ss_did 7a0
[    0.535296] pciehp 0000:00:18.6:pcie04: service driver pciehp loaded
[    0.535359] pciehp 0000:00:18.7:pcie04: HPC vendor_id 15ad device_id 7a0 ss_vid 15ad ss_did 7a0
[    0.535417] pciehp 0000:00:18.7:pcie04: service driver pciehp loaded
[    0.535424] pciehp: PCI Express Hot Plug Controller Driver version: 0.4
[    0.535590] ACPI: Deprecated procfs I/F for AC is loaded, please retry with CONFIG_ACPI_PROCFS_POWER cleared
[    0.535682] ACPI: AC Adapter [ACAD] (on-line)
[    0.539927] input: Power Button as /devices/LNXSYSTM:00/LNXPWRBN:00/input/input0
[    0.539932] ACPI: Power Button [PWRF]
[    0.573097] ERST: Table is not found!
[    0.573100] GHES: HEST is not enabled!
[    0.573202] Serial: 8250/16550 driver, 32 ports, IRQ sharing enabled
[    0.596921] serial8250: ttyS0 at I/O 0x3f8 (irq = 4) is a 16550A
[    0.599674] isapnp: Scanning for PnP cards...
[    0.696566] serial8250: ttyS1 at I/O 0x2f8 (irq = 3) is a 16550A
[    0.792711] 00:0a: ttyS0 at I/O 0x3f8 (irq = 4) is a 16550A
[    0.836996] 00:0b: ttyS1 at I/O 0x2f8 (irq = 3) is a 16550A
[    0.903492] Linux agpgart interface v0.103
[    0.903601] agpgart-intel 0000:00:00.0: Intel 440BX Chipset
[    0.904023] agpgart-intel 0000:00:00.0: AGP aperture is 256M @ 0x0
[    0.904947] brd: module loaded
[    0.907574] loop: module loaded
[    0.907693] ata_piix 0000:00:07.1: version 2.13
[    0.907976] scsi0 : ata_piix
[    0.911287] scsi1 : ata_piix
[    0.911325] ata1: PATA max UDMA/33 cmd 0x1f0 ctl 0x3f6 bmdma 0x10c0 irq 14
[    0.911328] ata2: PATA max UDMA/33 cmd 0x170 ctl 0x376 bmdma 0x10c8 irq 15
[    0.911561] Fixed MDIO Bus: probed
[    0.911574] tun: Universal TUN/TAP device driver, 1.6
[    0.911576] tun: (C) 1999-2004 Max Krasnyansky <maxk@qualcomm.com>
[    0.911626] PPP generic driver version 2.4.2
[    0.911686] ehci_hcd: USB 2.0 'Enhanced' Host Controller (EHCI) Driver
[    0.911717] ehci_hcd 0000:02:03.0: PCI INT A -> Link[LNKB] -> GSI 11 (level, low) -> IRQ 11
[    0.911764] ehci_hcd 0000:02:03.0: EHCI Host Controller
[    0.911801] ehci_hcd 0000:02:03.0: new USB bus registered, assigned bus number 1
[    0.911907] ehci_hcd 0000:02:03.0: cache line size of 32 is not supported
[    0.911915] ehci_hcd 0000:02:03.0: irq 11, io mem 0xc9000000
[    0.923165] ehci_hcd 0000:02:03.0: USB 2.0 started, EHCI 1.00
[    0.923273] hub 1-0:1.0: USB hub found
[    0.923277] hub 1-0:1.0: 6 ports detected
[    0.923327] ohci_hcd: USB 1.1 'Open' Host Controller (OHCI) Driver
[    0.923341] uhci_hcd: USB Universal Host Controller Interface driver
[    0.923378] uhci_hcd 0000:02:00.0: PCI INT A -> Link[LNKC] -> GSI 10 (level, low) -> IRQ 10
[    0.923418] uhci_hcd 0000:02:00.0: UHCI Host Controller
[    0.923454] uhci_hcd 0000:02:00.0: new USB bus registered, assigned bus number 2
[    0.923559] uhci_hcd 0000:02:00.0: irq 10, io base 0x000020c0
[    0.923670] hub 2-0:1.0: USB hub found
[    0.923674] hub 2-0:1.0: 2 ports detected
[    0.923723] usbcore: registered new interface driver libusual
[    0.923761] i8042: PNP: PS/2 Controller [PNP0303:KBC,PNP0f13:MOUS] at 0x60,0x64 irq 1,12
[    0.924090] serio: i8042 KBD port at 0x60,0x64 irq 1
[    0.924097] serio: i8042 AUX port at 0x60,0x64 irq 12
[    0.924183] mousedev: PS/2 mouse device common for all mice
[    0.924458] rtc_cmos 00:04: rtc core: registered rtc_cmos as rtc0
[    0.924476] rtc0: alarms up to one month, y3k, 114 bytes nvram, hpet irqs
[    0.924520] device-mapper: uevent: version 1.0.3
[    0.924625] device-mapper: ioctl: 4.22.0-ioctl (2011-10-19) initialised: dm-devel@redhat.com
[    0.924652] EISA: Probing bus 0 at eisa.0
[    0.924654] EISA: Cannot allocate resource for mainboard
[    0.924655] Cannot allocate resource for EISA slot 1
[    0.924657] Cannot allocate resource for EISA slot 2
[    0.924659] Cannot allocate resource for EISA slot 3
[    0.924660] Cannot allocate resource for EISA slot 4
[    0.924662] Cannot allocate resource for EISA slot 5
[    0.924663] Cannot allocate resource for EISA slot 6
[    0.924665] Cannot allocate resource for EISA slot 7
[    0.924666] Cannot allocate resource for EISA slot 8
[    0.924668] EISA: Detected 0 cards.
[    0.924675] cpufreq-nforce2: No nForce2 chipset.
[    0.924677] cpuidle: using governor ladder
[    0.924679] cpuidle: using governor menu
[    0.924681] EFI Variables Facility v0.08 2004-May-17
[    0.924730] TCP cubic registered
[    0.924780] NET: Registered protocol family 10
[    0.924830] NET: Registered protocol family 17
[    0.924834] Registering the dns_resolver key type
[    0.924848] Using IPI No-Shortcut mode
[    0.924913] PM: Hibernation image not present or could not be loaded.
[    0.924923] registered taskstats version 1
[    0.925344] Freeing initrd memory: 13836k freed
[    0.925444] input: AT Translated Set 2 keyboard as /devices/platform/i8042/serio0/input/input1
[    0.975194]   Magic number: 13:803:176
[    0.975244] acpi device:0c: hash matches
[    0.975316] rtc_cmos 00:04: setting system clock to 2013-05-27 11:11:49 UTC (1369653109)
[    0.975332] BIOS EDD facility v0.16 2004-Jun-25, 0 devices found
[    0.975335] EDD information not available.
[    1.184363] isapnp: No Plug & Play device found
[    1.184493] ata2.00: ATAPI: VMware Virtual IDE CDROM Drive, 00000001, max UDMA/33
[    1.184768] ata2.00: configured for UDMA/33
[    1.185150] scsi 1:0:0:0: CD-ROM            NECVMWar VMware IDE CDR10 1.00 PQ: 0 ANSI: 5
[    1.185705] sr0: scsi3-mmc drive: 306x/306x cd/rw xa/form2 cdda tray
[    1.185708] cdrom: Uniform CD-ROM driver Revision: 3.20
[    1.185796] sr 1:0:0:0: Attached scsi CD-ROM sr0
[    1.185913] sr 1:0:0:0: Attached scsi generic sg0 type 5
[    1.185973] Freeing unused kernel memory: 740k freed
[    1.186023] Write protecting the kernel text: 5816k
[    1.186033] Write protecting the kernel read-only data: 2376k
[    1.186034] NX-protecting the kernel data: 4424k
[    1.195971] udevd[85]: starting version 175
[    1.211118] VMware vmxnet3 virtual NIC driver - version 1.1.29.0-k-NAPI
[    1.215130] VMware PVSCSI driver - version 1.0.1.0-k
[    1.220026] VMware vmxnet virtual NIC driver
[    1.220076] ACPI: PCI Interrupt Link [LNKD] enabled at IRQ 5
[    1.220079] PCI: setting IRQ 5 as level-triggered
[    1.220085] vmxnet 0000:02:01.0: PCI INT A -> Link[LNKD] -> GSI 5 (level, low) -> IRQ 5
[    1.220135] Found vmxnet/PCI at 0x2024, irq 5.
[    1.220185] features:
[    1.220196] numRxBuffers = 100, numRxBuffers2 = 1
[    1.220246] vmxnet 0000:02:01.0: eth0: set_features() failed (-1); wanted 0x00004000, left 0x00004800
[    1.234827] Fusion MPT base driver 3.04.20
[    1.234830] Copyright (c) 1999-2008 LSI Corporation
[    1.235008] Fusion MPT SPI Host driver 3.04.20
[    1.235050] mptspi 0000:00:10.0: PCI INT A -> Link[LNKB] -> GSI 11 (level, low) -> IRQ 11
[    1.244715] mptbase: ioc0: Initiating bringup
[    1.249166] Floppy drive(s): fd0 is 1.44M
[    1.262932] FDC 0 is a post-1991 82077
[    1.314634] ioc0: LSI53C1030 B0: Capabilities={Initiator}
[    1.394486] usb 2-1: new full-speed USB device number 2 using uhci_hcd
[    1.474438] scsi2 : ioc0: LSI53C1030 B0, FwRev=01032920h, Ports=1, MaxQ=128, IRQ=11
[    1.527390] input: VMware VMware Virtual USB Mouse as /devices/pci0000:00/0000:00:11.0/0000:02:00.0/usb2/2-1/2-1:1.0/input/input2
[    1.527565] generic-usb 0003:0E0F:0003.0001: input,hidraw0: USB HID v1.10 Mouse [VMware VMware Virtual USB Mouse] on usb-0000:02:00.0-1/input0
[    1.528033] input: VMware VMware Virtual USB Mouse as /devices/pci0000:00/0000:00:11.0/0000:02:00.0/usb2/2-1/2-1:1.1/input/input3
[    1.528194] generic-usb 0003:0E0F:0003.0002: input,hidraw1: USB HID v1.10 Mouse [VMware VMware Virtual USB Mouse] on usb-0000:02:00.0-1/input1
[    1.528205] usbcore: registered new interface driver usbhid
[    1.528207] usbhid: USB HID core driver
[    1.586930] scsi 2:0:0:0: Direct-Access     VMware,  VMware Virtual S 1.0  PQ: 0 ANSI: 2
[    1.586939] scsi target2:0:0: Beginning Domain Validation
[    1.587486] scsi target2:0:0: Domain Validation skipping write tests
[    1.587489] scsi target2:0:0: Ending Domain Validation
[    1.587539] scsi target2:0:0: FAST-40 WIDE SCSI 80.0 MB/s ST (25 ns, offset 127)
[    1.589496] sd 2:0:0:0: [sda] 41943040 512-byte logical blocks: (21.4 GB/20.0 GiB)
[    1.589550] sd 2:0:0:0: [sda] Write Protect is off
[    1.589554] sd 2:0:0:0: [sda] Mode Sense: 61 00 00 00
[    1.589606] sd 2:0:0:0: [sda] Cache data unavailable
[    1.589610] sd 2:0:0:0: [sda] Assuming drive cache: write through
[    1.589879] sd 2:0:0:0: [sda] Cache data unavailable
[    1.589882] sd 2:0:0:0: [sda] Assuming drive cache: write through
[    1.590229] sd 2:0:0:0: Attached scsi generic sg1 type 0
[    1.590837]  sda: sda1 sda2 < sda5 >
[    1.591169] sd 2:0:0:0: [sda] Cache data unavailable
[    1.591172] sd 2:0:0:0: [sda] Assuming drive cache: write through
[    1.591174] sd 2:0:0:0: [sda] Attached SCSI disk
[    1.622470] EXT4-fs (sda1): INFO: recovery required on readonly filesystem
[    1.622473] EXT4-fs (sda1): write access will be enabled during recovery
[    1.638179] usb 2-2: new full-speed USB device number 3 using uhci_hcd
[    1.777510] hub 2-2:1.0: USB hub found
[    1.778231] hub 2-2:1.0: 7 ports detected
[    1.778590] EXT4-fs (sda1): recovery complete
[    1.779135] EXT4-fs (sda1): mounted filesystem with ordered data mode. Opts: (null)
[    3.246558] ADDRCONF(NETDEV_UP): eth0: link is not ready
[    3.258511] udevd[321]: starting version 175
[    3.296962] lp: driver loaded but no devices found
[    3.313055] Adding 1046524k swap on /dev/sda5.  Priority:-1 extents:1 across:1046524k 
[    3.390532] shpchp: Standard Hot Plug PCI Controller Driver version: 0.4
[    3.402545] EXT4-fs (sda1): re-mounted. Opts: errors=remount-ro
[    3.425572] piix4_smbus 0000:00:07.3: Host SMBus controller not enabled!
[    3.427570] [381]: VMCI: shared components initialized.
[    3.427591] Probing for vmci/PCI.
[    3.427737] ACPI: PCI Interrupt Link [LNKA] enabled at IRQ 9
[    3.427740] PCI: setting IRQ 9 as level-triggered
[    3.427745] vmci 0000:00:07.7: PCI INT A -> Link[LNKA] -> GSI 9 (level, low) -> IRQ 9
[    3.427783] Found vmci/PCI at 0x1080, irq 9.
[    3.427811] VMCI: using capabilities 0xc.
[    3.427875] [381]: VMCI: Host capability check passed.
[    3.428102] vmci 0000:00:07.7: irq 72 for MSI/MSI-X
[    3.428130] vmci 0000:00:07.7: irq 73 for MSI/MSI-X
[    3.428302] Registered vmci device.
[    3.450096] [381]: VMCI: Using guest personality
[    3.450101] [381]: VMCI: host components initialized.
[    3.450298] [381]: VMCI: Module registered (name=vmci,major=10,minor=57).
[    3.450300] [381]: VMCI: Using host personality
[    3.450302] [381]: VMCI: Module (name=vmci) is initialized
[    3.525326] ppdev: user-space parallel port driver
[    3.525926] parport_pc 00:09: reported by Plug and Play ACPI
[    3.526030] parport0: PC-style at 0x378, irq 7 [PCSPP,TRISTATE]
[    3.534160] Bluetooth: Core ver 2.16
[    3.534568] NET: Registered protocol family 31
[    3.534571] Bluetooth: HCI device and connection manager initialized
[    3.534573] Bluetooth: HCI socket layer initialized
[    3.534575] Bluetooth: L2CAP socket layer initialized
[    3.534580] Bluetooth: SCO socket layer initialized
[    3.545812] Bluetooth: BNEP (Ethernet Emulation) ver 1.3
[    3.545815] Bluetooth: BNEP filters: protocol multicast
[    3.568200] Bluetooth: RFCOMM TTY layer initialized
[    3.568205] Bluetooth: RFCOMM socket layer initialized
[    3.568207] Bluetooth: RFCOMM ver 1.11
[    3.623401] lp0: using parport0 (interrupt-driven).
[    3.630141] type=1400 audit(1369653112.154:2): apparmor="STATUS" operation="profile_load" name="/usr/lib/cups/backend/cups-pdf" pid=588 comm="apparmor_parser"
[    3.630259] type=1400 audit(1369653112.154:3): apparmor="STATUS" operation="profile_load" name="/usr/sbin/cupsd" pid=588 comm="apparmor_parser"
[    3.660805] type=1400 audit(1369653112.186:4): apparmor="STATUS" operation="profile_load" name="/sbin/dhclient" pid=600 comm="apparmor_parser"
[    3.660915] type=1400 audit(1369653112.186:5): apparmor="STATUS" operation="profile_load" name="/usr/lib/NetworkManager/nm-dhcp-client.action" pid=600 comm="apparmor_parser"
[    3.661019] type=1400 audit(1369653112.186:6): apparmor="STATUS" operation="profile_load" name="/usr/lib/connman/scripts/dhclient-script" pid=600 comm="apparmor_parser"
[    3.779106] input: ImPS/2 Generic Wheel Mouse as /devices/platform/i8042/serio1/input/input4
[    3.915693] snd_ens1371 0000:02:02.0: PCI INT A -> Link[LNKA] -> GSI 9 (level, low) -> IRQ 9
[    3.959220] init: failsafe main process (671) killed by TERM signal
[    4.099304] type=1400 audit(1369653112.626:7): apparmor="STATUS" operation="profile_load" name="/usr/lib/lightdm/lightdm/lightdm-guest-session-wrapper" pid=804 comm="apparmor_parser"
[    4.099831] type=1400 audit(1369653112.626:8): apparmor="STATUS" operation="profile_replace" name="/sbin/dhclient" pid=805 comm="apparmor_parser"
[    4.099950] type=1400 audit(1369653112.626:9): apparmor="STATUS" operation="profile_replace" name="/usr/lib/NetworkManager/nm-dhcp-client.action" pid=805 comm="apparmor_parser"
[    4.100054] type=1400 audit(1369653112.626:10): apparmor="STATUS" operation="profile_replace" name="/usr/lib/connman/scripts/dhclient-script" pid=805 comm="apparmor_parser"
[    4.231199] init: alsa-restore main process (865) terminated with status 19
