[    0.000000] Initializing cgroup subsys cpuset
[    0.000000] Initializing cgroup subsys cpu
[    0.000000] Linux version 3.2.0-29-generic-pae (buildd@roseapple) (gcc version 4.6.3 (Ubuntu/Linaro 4.6.3-1ubuntu5) ) #46-Ubuntu SMP Fri Jul 27 17:25:43 UTC 2012 (Ubuntu 3.2.0-29.46-generic-pae 3.2.24)
[    0.000000] KERNEL supported cpus:
[    0.000000]   Intel GenuineIntel
[    0.000000]   AMD AuthenticAMD
[    0.000000]   NSC Geode by NSC
[    0.000000]   Cyrix CyrixInstead
[    0.000000]   Centaur CentaurHauls
[    0.000000]   Transmeta GenuineTMx86
[    0.000000]   Transmeta TransmetaCPU
[    0.000000]   UMC UMC UMC UMC
[    0.000000] Disabled fast string operations
[    0.000000] BIOS-provided physical RAM map:
[    0.000000]  BIOS-e820: 0000000000000000 - 000000000009f000 (usable)
[    0.000000]  BIOS-e820: 000000000009f000 - 00000000000a0000 (reserved)
[    0.000000]  BIOS-e820: 00000000000ca000 - 00000000000cc000 (reserved)
[    0.000000]  BIOS-e820: 00000000000dc000 - 0000000000100000 (reserved)
[    0.000000]  BIOS-e820: 0000000000100000 - 000000003fee0000 (usable)
[    0.000000]  BIOS-e820: 000000003fee0000 - 000000003feff000 (ACPI data)
[    0.000000]  BIOS-e820: 000000003feff000 - 000000003ff00000 (ACPI NVS)
[    0.000000]  BIOS-e820: 000000003ff00000 - 0000000040000000 (usable)
[    0.000000]  BIOS-e820: 00000000e0000000 - 00000000f0000000 (reserved)
[    0.000000]  BIOS-e820: 00000000fec00000 - 00000000fec10000 (reserved)
[    0.000000]  BIOS-e820: 00000000fee00000 - 00000000fee01000 (reserved)
[    0.000000]  BIOS-e820: 00000000fffe0000 - 0000000100000000 (reserved)
[    0.000000] NX (Execute Disable) protection: active
[    0.000000] DMI present.
[    0.000000] DMI: VMware, Inc. VMware Virtual Platform/440BX Desktop Reference Platform, BIOS 6.00 07/02/2012
[    0.000000] Hypervisor detected: VMware
[    0.000000] e820 update range: 0000000000000000 - 0000000000010000 (usable) ==> (reserved)
[    0.000000] e820 remove range: 00000000000a0000 - 0000000000100000 (usable)
[    0.000000] last_pfn = 0x40000 max_arch_pfn = 0x1000000
[    0.000000] MTRR default type: uncachable
[    0.000000] MTRR fixed ranges enabled:
[    0.000000]   00000-9FFFF write-back
[    0.000000]   A0000-BFFFF uncachable
[    0.000000]   C0000-CBFFF write-protect
[    0.000000]   CC000-EFFFF uncachable
[    0.000000]   F0000-FFFFF write-protect
[    0.000000] MTRR variable ranges enabled:
[    0.000000]   0 base 0000000000 mask FFC0000000 write-back
[    0.000000]   1 disabled
[    0.000000]   2 disabled
[    0.000000]   3 disabled
[    0.000000]   4 disabled
[    0.000000]   5 disabled
[    0.000000]   6 disabled
[    0.000000]   7 disabled
[    0.000000] x86 PAT enabled: cpu 0, old 0x0, new 0x7010600070106
[    0.000000] found SMP MP-table at [c00f6bf0] f6bf0
[    0.000000] initial memory mapped : 0 - 02000000
[    0.000000] Base memory trampoline at [c009b000] 9b000 size 16384
[    0.000000] init_memory_mapping: 0000000000000000-0000000037bfe000
[    0.000000]  0000000000 - 0000200000 page 4k
[    0.000000]  0000200000 - 0037a00000 page 2M
[    0.000000]  0037a00000 - 0037bfe000 page 4k
[    0.000000] kernel direct mapping tables up to 37bfe000 @ 1ffb000-2000000
[    0.000000] RAMDISK: 364ea000 - 3726d000
[    0.000000] ACPI: RSDP 000f6b80 00024 (v02 PTLTD )
[    0.000000] ACPI: XSDT 3feed636 0005C (v01 INTEL  440BX    06040000 VMW  01324272)
[    0.000000] ACPI: FACP 3fefee98 000F4 (v04 INTEL  440BX    06040000 PTL  000F4240)
[    0.000000] ACPI: DSDT 3feee366 10B32 (v01 PTLTD  Custom   06040000 MSFT 03000001)
[    0.000000] ACPI: FACS 3fefffc0 00040
[    0.000000] ACPI: BOOT 3feee33e 00028 (v01 PTLTD  $SBFTBL$ 06040000  LTP 00000001)
[    0.000000] ACPI: APIC 3feedc3e 003C2 (v01 PTLTD  ? APIC   06040000  LTP 00000000)
[    0.000000] ACPI: MCFG 3feedc02 0003C (v01 PTLTD  $PCITBL$ 06040000  LTP 00000001)
[    0.000000] ACPI: SRAT 3feed732 004D0 (v02 VMWARE MEMPLUG  06040000 VMW  00000001)
[    0.000000] ACPI: HPET 3feed6fa 00038 (v01 VMWARE VMW HPET 06040000 VMW  00000001)
[    0.000000] ACPI: WAET 3feed6d2 00028 (v01 VMWARE VMW WAET 06040000 VMW  00000001)
[    0.000000] ACPI: Local APIC address 0xfee00000
[    0.000000] 132MB HIGHMEM available.
[    0.000000] 891MB LOWMEM available.
[    0.000000]   mapped low ram: 0 - 37bfe000
[    0.000000]   low ram: 0 - 37bfe000
[    0.000000] Zone PFN ranges:
[    0.000000]   DMA      0x00000010 -> 0x00001000
[    0.000000]   Normal   0x00001000 -> 0x00037bfe
[    0.000000]   HighMem  0x00037bfe -> 0x00040000
[    0.000000] Movable zone start PFN for each node
[    0.000000] early_node_map[3] active PFN ranges
[    0.000000]     0: 0x00000010 -> 0x0000009f
[    0.000000]     0: 0x00000100 -> 0x0003fee0
[    0.000000]     0: 0x0003ff00 -> 0x00040000
[    0.000000] On node 0 totalpages: 261999
[    0.000000] free_area_init_node: node 0, pgdat c1866a40, node_mem_map f73fd200
[    0.000000]   DMA zone: 32 pages used for memmap
[    0.000000]   DMA zone: 0 pages reserved
[    0.000000]   DMA zone: 3951 pages, LIFO batch:0
[    0.000000]   Normal zone: 1752 pages used for memmap
[    0.000000]   Normal zone: 222502 pages, LIFO batch:31
[    0.000000]   HighMem zone: 265 pages used for memmap
[    0.000000]   HighMem zone: 33497 pages, LIFO batch:7
[    0.000000] Using APIC driver default
[    0.000000] ACPI: PM-Timer IO Port: 0x1008
[    0.000000] ACPI: Local APIC address 0xfee00000
[    0.000000] ACPI: LAPIC (acpi_id[0x00] lapic_id[0x00] enabled)
[    0.000000] ACPI: LAPIC (acpi_id[0x01] lapic_id[0x02] disabled)
[    0.000000] ACPI: LAPIC (acpi_id[0x02] lapic_id[0x04] disabled)
[    0.000000] ACPI: LAPIC (acpi_id[0x03] lapic_id[0x06] disabled)
[    0.000000] ACPI: LAPIC (acpi_id[0x04] lapic_id[0x08] disabled)
[    0.000000] ACPI: LAPIC (acpi_id[0x05] lapic_id[0x0a] disabled)
[    0.000000] ACPI: LAPIC (acpi_id[0x06] lapic_id[0x0c] disabled)
[    0.000000] ACPI: LAPIC (acpi_id[0x07] lapic_id[0x0e] disabled)
[    0.000000] ACPI: LAPIC (acpi_id[0x08] lapic_id[0x10] disabled)
[    0.000000] ACPI: LAPIC (acpi_id[0x09] lapic_id[0x12] disabled)
[    0.000000] ACPI: LAPIC (acpi_id[0x0a] lapic_id[0x14] disabled)
[    0.000000] ACPI: LAPIC (acpi_id[0x0b] lapic_id[0x16] disabled)
[    0.000000] ACPI: LAPIC (acpi_id[0x0c] lapic_id[0x18] disabled)
[    0.000000] ACPI: LAPIC (acpi_id[0x0d] lapic_id[0x1a] disabled)
[    0.000000] ACPI: LAPIC (acpi_id[0x0e] lapic_id[0x1c] disabled)
[    0.000000] ACPI: LAPIC (acpi_id[0x0f] lapic_id[0x1e] disabled)
[    0.000000] ACPI: LAPIC (acpi_id[0x10] lapic_id[0x20] disabled)
[    0.000000] ACPI: LAPIC (acpi_id[0x11] lapic_id[0x22] disabled)
[    0.000000] ACPI: LAPIC (acpi_id[0x12] lapic_id[0x24] disabled)
[    0.000000] ACPI: LAPIC (acpi_id[0x13] lapic_id[0x26] disabled)
[    0.000000] ACPI: LAPIC (acpi_id[0x14] lapic_id[0x28] disabled)
[    0.000000] ACPI: LAPIC (acpi_id[0x15] lapic_id[0x2a] disabled)
[    0.000000] ACPI: LAPIC (acpi_id[0x16] lapic_id[0x2c] disabled)
[    0.000000] ACPI: LAPIC (acpi_id[0x17] lapic_id[0x2e] disabled)
[    0.000000] ACPI: LAPIC (acpi_id[0x18] lapic_id[0x30] disabled)
[    0.000000] ACPI: LAPIC (acpi_id[0x19] lapic_id[0x32] disabled)
[    0.000000] ACPI: LAPIC (acpi_id[0x1a] lapic_id[0x34] disabled)
[    0.000000] ACPI: LAPIC (acpi_id[0x1b] lapic_id[0x36] disabled)
[    0.000000] ACPI: LAPIC (acpi_id[0x1c] lapic_id[0x38] disabled)
[    0.000000] ACPI: LAPIC (acpi_id[0x1d] lapic_id[0x3a] disabled)
[    0.000000] ACPI: LAPIC (acpi_id[0x1e] lapic_id[0x3c] disabled)
[    0.000000] ACPI: LAPIC (acpi_id[0x1f] lapic_id[0x3e] disabled)
[    0.000000] ACPI: LAPIC (acpi_id[0x20] lapic_id[0x40] disabled)
[    0.000000] ACPI: LAPIC (acpi_id[0x21] lapic_id[0x42] disabled)
[    0.000000] ACPI: LAPIC (acpi_id[0x22] lapic_id[0x44] disabled)
[    0.000000] ACPI: LAPIC (acpi_id[0x23] lapic_id[0x46] disabled)
[    0.000000] ACPI: LAPIC (acpi_id[0x24] lapic_id[0x48] disabled)
[    0.000000] ACPI: LAPIC (acpi_id[0x25] lapic_id[0x4a] disabled)
[    0.000000] ACPI: LAPIC (acpi_id[0x26] lapic_id[0x4c] disabled)
[    0.000000] ACPI: LAPIC (acpi_id[0x27] lapic_id[0x4e] disabled)
[    0.000000] ACPI: LAPIC (acpi_id[0x28] lapic_id[0x50] disabled)
[    0.000000] ACPI: LAPIC (acpi_id[0x29] lapic_id[0x52] disabled)
[    0.000000] ACPI: LAPIC (acpi_id[0x2a] lapic_id[0x54] disabled)
[    0.000000] ACPI: LAPIC (acpi_id[0x2b] lapic_id[0x56] disabled)
[    0.000000] ACPI: LAPIC (acpi_id[0x2c] lapic_id[0x58] disabled)
[    0.000000] ACPI: LAPIC (acpi_id[0x2d] lapic_id[0x5a] disabled)
[    0.000000] ACPI: LAPIC (acpi_id[0x2e] lapic_id[0x5c] disabled)
[    0.000000] ACPI: LAPIC (acpi_id[0x2f] lapic_id[0x5e] disabled)
[    0.000000] ACPI: LAPIC (acpi_id[0x30] lapic_id[0x60] disabled)
[    0.000000] ACPI: LAPIC (acpi_id[0x31] lapic_id[0x62] disabled)
[    0.000000] ACPI: LAPIC (acpi_id[0x32] lapic_id[0x64] disabled)
[    0.000000] ACPI: LAPIC (acpi_id[0x33] lapic_id[0x66] disabled)
[    0.000000] ACPI: LAPIC (acpi_id[0x34] lapic_id[0x68] disabled)
[    0.000000] ACPI: LAPIC (acpi_id[0x35] lapic_id[0x6a] disabled)
[    0.000000] ACPI: LAPIC (acpi_id[0x36] lapic_id[0x6c] disabled)
[    0.000000] ACPI: LAPIC (acpi_id[0x37] lapic_id[0x6e] disabled)
[    0.000000] ACPI: LAPIC (acpi_id[0x38] lapic_id[0x70] disabled)
[    0.000000] ACPI: LAPIC (acpi_id[0x39] lapic_id[0x72] disabled)
[    0.000000] ACPI: LAPIC (acpi_id[0x3a] lapic_id[0x74] disabled)
[    0.000000] ACPI: LAPIC (acpi_id[0x3b] lapic_id[0x76] disabled)
[    0.000000] ACPI: LAPIC (acpi_id[0x3c] lapic_id[0x78] disabled)
[    0.000000] ACPI: LAPIC (acpi_id[0x3d] lapic_id[0x7a] disabled)
[    0.000000] ACPI: LAPIC (acpi_id[0x3e] lapic_id[0x7c] disabled)
[    0.000000] ACPI: LAPIC (acpi_id[0x3f] lapic_id[0x7e] disabled)
[    0.000000] ACPI: LAPIC_NMI (acpi_id[0x00] high edge lint[0x1])
[    0.000000] ACPI: LAPIC_NMI (acpi_id[0x01] high edge lint[0x1])
[    0.000000] ACPI: LAPIC_NMI (acpi_id[0x02] high edge lint[0x1])
[    0.000000] ACPI: LAPIC_NMI (acpi_id[0x03] high edge lint[0x1])
[    0.000000] ACPI: LAPIC_NMI (acpi_id[0x04] high edge lint[0x1])
[    0.000000] ACPI: LAPIC_NMI (acpi_id[0x05] high edge lint[0x1])
[    0.000000] ACPI: LAPIC_NMI (acpi_id[0x06] high edge lint[0x1])
[    0.000000] ACPI: LAPIC_NMI (acpi_id[0x07] high edge lint[0x1])
[    0.000000] ACPI: LAPIC_NMI (acpi_id[0x08] high edge lint[0x1])
[    0.000000] ACPI: LAPIC_NMI (acpi_id[0x09] high edge lint[0x1])
[    0.000000] ACPI: LAPIC_NMI (acpi_id[0x0a] high edge lint[0x1])
[    0.000000] ACPI: LAPIC_NMI (acpi_id[0x0b] high edge lint[0x1])
[    0.000000] ACPI: LAPIC_NMI (acpi_id[0x0c] high edge lint[0x1])
[    0.000000] ACPI: LAPIC_NMI (acpi_id[0x0d] high edge lint[0x1])
[    0.000000] ACPI: LAPIC_NMI (acpi_id[0x0e] high edge lint[0x1])
[    0.000000] ACPI: LAPIC_NMI (acpi_id[0x0f] high edge lint[0x1])
[    0.000000] ACPI: LAPIC_NMI (acpi_id[0x10] high edge lint[0x1])
[    0.000000] ACPI: LAPIC_NMI (acpi_id[0x11] high edge lint[0x1])
[    0.000000] ACPI: LAPIC_NMI (acpi_id[0x12] high edge lint[0x1])
[    0.000000] ACPI: LAPIC_NMI (acpi_id[0x13] high edge lint[0x1])
[    0.000000] ACPI: LAPIC_NMI (acpi_id[0x14] high edge lint[0x1])
[    0.000000] ACPI: LAPIC_NMI (acpi_id[0x15] high edge lint[0x1])
[    0.000000] ACPI: LAPIC_NMI (acpi_id[0x16] high edge lint[0x1])
[    0.000000] ACPI: LAPIC_NMI (acpi_id[0x17] high edge lint[0x1])
[    0.000000] ACPI: LAPIC_NMI (acpi_id[0x18] high edge lint[0x1])
[    0.000000] ACPI: LAPIC_NMI (acpi_id[0x19] high edge lint[0x1])
[    0.000000] ACPI: LAPIC_NMI (acpi_id[0x1a] high edge lint[0x1])
[    0.000000] ACPI: LAPIC_NMI (acpi_id[0x1b] high edge lint[0x1])
[    0.000000] ACPI: LAPIC_NMI (acpi_id[0x1c] high edge lint[0x1])
[    0.000000] ACPI: LAPIC_NMI (acpi_id[0x1d] high edge lint[0x1])
[    0.000000] ACPI: LAPIC_NMI (acpi_id[0x1e] high edge lint[0x1])
[    0.000000] ACPI: LAPIC_NMI (acpi_id[0x1f] high edge lint[0x1])
[    0.000000] ACPI: LAPIC_NMI (acpi_id[0x20] high edge lint[0x1])
[    0.000000] ACPI: LAPIC_NMI (acpi_id[0x21] high edge lint[0x1])
[    0.000000] ACPI: LAPIC_NMI (acpi_id[0x22] high edge lint[0x1])
[    0.000000] ACPI: LAPIC_NMI (acpi_id[0x23] high edge lint[0x1])
[    0.000000] ACPI: LAPIC_NMI (acpi_id[0x24] high edge lint[0x1])
[    0.000000] ACPI: LAPIC_NMI (acpi_id[0x25] high edge lint[0x1])
[    0.000000] ACPI: LAPIC_NMI (acpi_id[0x26] high edge lint[0x1])
[    0.000000] ACPI: LAPIC_NMI (acpi_id[0x27] high edge lint[0x1])
[    0.000000] ACPI: LAPIC_NMI (acpi_id[0x28] high edge lint[0x1])
[    0.000000] ACPI: LAPIC_NMI (acpi_id[0x29] high edge lint[0x1])
[    0.000000] ACPI: LAPIC_NMI (acpi_id[0x2a] high edge lint[0x1])
[    0.000000] ACPI: LAPIC_NMI (acpi_id[0x2b] high edge lint[0x1])
[    0.000000] ACPI: LAPIC_NMI (acpi_id[0x2c] high edge lint[0x1])
[    0.000000] ACPI: LAPIC_NMI (acpi_id[0x2d] high edge lint[0x1])
[    0.000000] ACPI: LAPIC_NMI (acpi_id[0x2e] high edge lint[0x1])
[    0.000000] ACPI: LAPIC_NMI (acpi_id[0x2f] high edge lint[0x1])
[    0.000000] ACPI: LAPIC_NMI (acpi_id[0x30] high edge lint[0x1])
[    0.000000] ACPI: LAPIC_NMI (acpi_id[0x31] high edge lint[0x1])
[    0.000000] ACPI: LAPIC_NMI (acpi_id[0x32] high edge lint[0x1])
[    0.000000] ACPI: LAPIC_NMI (acpi_id[0x33] high edge lint[0x1])
[    0.000000] ACPI: LAPIC_NMI (acpi_id[0x34] high edge lint[0x1])
[    0.000000] ACPI: LAPIC_NMI (acpi_id[0x35] high edge lint[0x1])
[    0.000000] ACPI: LAPIC_NMI (acpi_id[0x36] high edge lint[0x1])
[    0.000000] ACPI: LAPIC_NMI (acpi_id[0x37] high edge lint[0x1])
[    0.000000] ACPI: LAPIC_NMI (acpi_id[0x38] high edge lint[0x1])
[    0.000000] ACPI: LAPIC_NMI (acpi_id[0x39] high edge lint[0x1])
[    0.000000] ACPI: LAPIC_NMI (acpi_id[0x3a] high edge lint[0x1])
[    0.000000] ACPI: LAPIC_NMI (acpi_id[0x3b] high edge lint[0x1])
[    0.000000] ACPI: LAPIC_NMI (acpi_id[0x3c] high edge lint[0x1])
[    0.000000] ACPI: LAPIC_NMI (acpi_id[0x3d] high edge lint[0x1])
[    0.000000] ACPI: LAPIC_NMI (acpi_id[0x3e] high edge lint[0x1])
[    0.000000] ACPI: LAPIC_NMI (acpi_id[0x3f] high edge lint[0x1])
[    0.000000] ACPI: Skipping IOAPIC probe due to 'noapic' option.
[    0.000000] Using ACPI for processor (LAPIC) configuration information
[    0.000000] ACPI: HPET id: 0x8086af01 base: 0xfed00000
[    0.000000] Intel MultiProcessor Specification v1.4
[    0.000000]     Virtual Wire compatibility mode.
[    0.000000] MPTABLE: OEM ID: INTEL   
[    0.000000] MPTABLE: Product ID: 440BX       
[    0.000000] MPTABLE: APIC at: 0xFEE00000
[    0.000000] IOAPIC[0]: apic_id 1, version 17, address 0xfec00000, GSI 0-23
[    0.000000] Processors: 1
[    0.000000] SMP: Allowing 1 CPUs, 0 hotplug CPUs
[    0.000000] nr_irqs_gsi: 40
[    0.000000] PM: Registered nosave memory: 000000000009f000 - 00000000000a0000
[    0.000000] PM: Registered nosave memory: 00000000000a0000 - 00000000000ca000
[    0.000000] PM: Registered nosave memory: 00000000000ca000 - 00000000000cc000
[    0.000000] PM: Registered nosave memory: 00000000000cc000 - 00000000000dc000
[    0.000000] PM: Registered nosave memory: 00000000000dc000 - 0000000000100000
[    0.000000] Allocating PCI resources starting at 40000000 (gap: 40000000:a0000000)
[    0.000000] Booting paravirtualized kernel on bare hardware
[    0.000000] setup_percpu: NR_CPUS:8 nr_cpumask_bits:8 nr_cpu_ids:1 nr_node_ids:1
[    0.000000] PERCPU: Embedded 14 pages/cpu @f73e8000 s34240 r0 d23104 u57344
[    0.000000] pcpu-alloc: s34240 r0 d23104 u57344 alloc=14*4096
[    0.000000] pcpu-alloc: [0] 0 
[    0.000000] Built 1 zonelists in Zone order, mobility grouping on.  Total pages: 259950
[    0.000000] Kernel command line: BOOT_IMAGE=/boot/vmlinuz-3.2.0-29-generic-pae root=UUID=007b598c-390d-4c65-84a1-4ff752d48633 ro quiet splash maxcpus=0
[    0.000000] PID hash table entries: 4096 (order: 2, 16384 bytes)
[    0.000000] Dentry cache hash table entries: 131072 (order: 7, 524288 bytes)
[    0.000000] Inode-cache hash table entries: 65536 (order: 6, 262144 bytes)
[    0.000000] Initializing CPU#0
[    0.000000] xsave/xrstor: enabled xstate_bv 0x7, cntxt size 0x340
[    0.000000] allocated 4194048 bytes of page_cgroup
[    0.000000] please try 'cgroup_disable=memory' option if you don't want memory cgroups
[    0.000000] Initializing HighMem for node 0 (00037bfe:00040000)
[    0.000000] Memory: 1010624k/1048576k available (5814k kernel code, 37372k reserved, 2841k data, 740k init, 135048k highmem)
[    0.000000] virtual kernel memory layout:
[    0.000000]     fixmap  : 0xfff16000 - 0xfffff000   ( 932 kB)
[    0.000000]     pkmap   : 0xffc00000 - 0xffe00000   (2048 kB)
[    0.000000]     vmalloc : 0xf83fe000 - 0xffbfe000   ( 120 MB)
[    0.000000]     lowmem  : 0xc0000000 - 0xf7bfe000   ( 891 MB)
[    0.000000]       .init : 0xc1875000 - 0xc192e000   ( 740 kB)
[    0.000000]       .data : 0xc15adb64 - 0xc1874240   (2841 kB)
[    0.000000]       .text : 0xc1000000 - 0xc15adb64   (5814 kB)
[    0.000000] Checking if this processor honours the WP bit even in supervisor mode...Ok.
[    0.000000] SLUB: Genslabs=15, HWalign=64, Order=0-3, MinObjects=0, CPUs=1, Nodes=1
[    0.000000] Hierarchical RCU implementation.
[    0.000000] 	RCU dyntick-idle grace-period acceleration is enabled.
[    0.000000] NR_IRQS:2304 nr_irqs:256 16
[    0.000000] CPU 0 irqstacks, hard=f5c08000 soft=f5c0a000
[    0.000000] Extended CMOS year: 2000
[    0.000000] Console: colour VGA+ 80x25
[    0.000000] console [tty0] enabled
[    0.000000] hpet clockevent registered
[    0.000000] TSC freq read from hypervisor : 2394.620 MHz
[    0.000000] Detected 2394.620 MHz processor.
[    0.000001] Calibrating delay loop (skipped) preset value.. 4789.24 BogoMIPS (lpj=9578480)
[    0.000004] pid_max: default: 32768 minimum: 301
[    0.000019] Security Framework initialized
[    0.000033] AppArmor: AppArmor initialized
[    0.000034] Yama: becoming mindful.
[    0.000070] Mount-cache hash table entries: 512
[    0.000148] Initializing cgroup subsys cpuacct
[    0.000152] Initializing cgroup subsys memory
[    0.000156] Initializing cgroup subsys devices
[    0.000158] Initializing cgroup subsys freezer
[    0.000159] Initializing cgroup subsys blkio
[    0.000164] Initializing cgroup subsys perf_event
[    0.000207] Disabled fast string operations
[    0.000210] CPU: Physical Processor ID: 0
[    0.000219] ENERGY_PERF_BIAS: Set to 'normal', was 'performance'
[    0.000220] ENERGY_PERF_BIAS: View and update with x86_energy_perf_policy(8)
[    0.000877] mce: CPU supports 0 MCE banks
[    0.001614] SMP alternatives: switching to UP code
[    0.020451] Freeing SMP alternatives: 24k freed
[    0.020457] ACPI: Core revision 20110623
[    0.026596] ACPI: setting ELCR to 0200 (from 0e20)
[    0.027723] ftrace: allocating 26545 entries in 52 pages
[    0.052496] SMP mode deactivated.
[    0.052534] SMP disabled
[    0.052537] Performance Events: generic architected perfmon v1, core PMU driver.
[    0.052551] ... version:                1
[    0.052552] ... bit width:              48
[    0.052554] ... generic registers:      4
[    0.052555] ... value mask:             0000ffffffffffff
[    0.052556] ... max period:             000000007fffffff
[    0.052558] ... fixed-purpose events:   0
[    0.052559] ... event mask:             000000000000000f
[    0.052681] NMI watchdog enabled, takes one hw-pmu counter.
[    0.052707] Brought up 1 CPUs
[    0.052709] Total of 1 processors activated (4789.24 BogoMIPS).
[    0.052854] devtmpfs: initialized
[    0.052954] EVM: security.selinux
[    0.052956] EVM: security.SMACK64
[    0.052957] EVM: security.capability
[    0.052991] PM: Registering ACPI NVS region at 3feff000 (4096 bytes)
[    0.053959] print_constraints: dummy: 
[    0.054051] RTC time: 10:41:53, date: 05/27/13
[    0.054087] NET: Registered protocol family 16
[    0.054191] EISA bus registered
[    0.054217] ACPI: bus type pci registered
[    0.054357] PCI: MMCONFIG for domain 0000 [bus 00-ff] at [mem 0xe0000000-0xefffffff] (base 0xe0000000)
[    0.054360] PCI: MMCONFIG at [mem 0xe0000000-0xefffffff] reserved in E820
[    0.054361] PCI: Using MMCONFIG for extended config space
[    0.054363] PCI: Using configuration type 1 for base access
[    0.055390] bio: create slab <bio-0> at 0
[    0.055480] ACPI: Added _OSI(Module Device)
[    0.055482] ACPI: Added _OSI(Processor Device)
[    0.055484] ACPI: Added _OSI(3.0 _SCP Extensions)
[    0.055487] ACPI: Added _OSI(Processor Aggregator Device)
[    0.058665] ACPI: EC: Look up EC in DSDT
[    0.064583] [Firmware Bug]: ACPI: BIOS _OSI(Linux) query ignored
[    0.072232] ACPI: Interpreter enabled
[    0.072240] ACPI: (supports S0 S1 S4 S5)
[    0.072249] ACPI: Using PIC for interrupt routing
[    0.110078] ACPI: No dock devices found.
[    0.110081] HEST: Table not found.
[    0.110086] PCI: Using host bridge windows from ACPI; if necessary, use "pci=nocrs" and report a bug
[    0.110742] ACPI: PCI Root Bridge [PCI0] (domain 0000 [bus 00-ff])
[    0.111881] pci_root PNP0A03:00: host bridge window [mem 0x000a0000-0x000bffff]
[    0.111883] pci_root PNP0A03:00: host bridge window [mem 0x000cc000-0x000cffff]
[    0.111885] pci_root PNP0A03:00: host bridge window [mem 0x000d0000-0x000d3fff]
[    0.111886] pci_root PNP0A03:00: host bridge window [mem 0x000d4000-0x000d7fff]
[    0.111888] pci_root PNP0A03:00: host bridge window [mem 0x000d8000-0x000dbfff]
[    0.111889] pci_root PNP0A03:00: host bridge window [mem 0xc0000000-0xfebfffff]
[    0.111891] pci_root PNP0A03:00: host bridge window [io  0x0000-0x0cf7]
[    0.111893] pci_root PNP0A03:00: host bridge window [io  0x0d00-0xfeff]
[    0.111942] pci 0000:00:00.0: [8086:7190] type 0 class 0x000600
[    0.112350] pci 0000:00:01.0: [8086:7191] type 1 class 0x000604
[    0.112721] pci 0000:00:07.0: [8086:7110] type 0 class 0x000601
[    0.113326] pci 0000:00:07.1: [8086:7111] type 0 class 0x000101
[    0.114794] pci 0000:00:07.1: reg 20: [io  0x10c0-0x10cf]
[    0.115513] pci 0000:00:07.3: [8086:7113] type 0 class 0x000680
[    0.117133] pci 0000:00:07.3: quirk: [io  0x1000-0x103f] claimed by PIIX4 ACPI
[    0.117145] pci 0000:00:07.3: quirk: [io  0x1040-0x104f] claimed by PIIX4 SMB
[    0.117364] pci 0000:00:07.7: [15ad:0740] type 0 class 0x000880
[    0.117829] pci 0000:00:07.7: reg 10: [io  0x1080-0x10bf]
[    0.118402] pci 0000:00:07.7: reg 14: [mem 0xc8000000-0xc8001fff 64bit]
[    0.120397] pci 0000:00:0f.0: [15ad:0405] type 0 class 0x000300
[    0.122410] pci 0000:00:0f.0: reg 10: [io  0x10d0-0x10df]
[    0.124368] pci 0000:00:0f.0: reg 14: [mem 0xd0000000-0xd7ffffff pref]
[    0.126358] pci 0000:00:0f.0: reg 18: [mem 0xc8800000-0xc8ffffff]
[    0.134153] pci 0000:00:0f.0: reg 30: [mem 0x00000000-0x00007fff pref]
[    0.134437] pci 0000:00:10.0: [1000:0030] type 0 class 0x000100
[    0.134983] pci 0000:00:10.0: reg 10: [io  0x1400-0x14ff]
[    0.135687] pci 0000:00:10.0: reg 14: [mem 0xc8040000-0xc805ffff 64bit]
[    0.136402] pci 0000:00:10.0: reg 1c: [mem 0xc8020000-0xc803ffff 64bit]
[    0.137541] pci 0000:00:10.0: reg 30: [mem 0x00000000-0x00003fff pref]
[    0.137689] pci 0000:00:11.0: [15ad:0790] type 1 class 0x000604
[    0.138376] pci 0000:00:15.0: [15ad:07a0] type 1 class 0x000604
[    0.139098] pci 0000:00:15.0: PME# supported from D0 D3hot D3cold
[    0.139129] pci 0000:00:15.0: PME# disabled
[    0.139344] pci 0000:00:15.1: [15ad:07a0] type 1 class 0x000604
[    0.140045] pci 0000:00:15.1: PME# supported from D0 D3hot D3cold
[    0.140067] pci 0000:00:15.1: PME# disabled
[    0.140290] pci 0000:00:15.2: [15ad:07a0] type 1 class 0x000604
[    0.140971] pci 0000:00:15.2: PME# supported from D0 D3hot D3cold
[    0.140992] pci 0000:00:15.2: PME# disabled
[    0.141207] pci 0000:00:15.3: [15ad:07a0] type 1 class 0x000604
[    0.141889] pci 0000:00:15.3: PME# supported from D0 D3hot D3cold
[    0.141910] pci 0000:00:15.3: PME# disabled
[    0.142134] pci 0000:00:15.4: [15ad:07a0] type 1 class 0x000604
[    0.142815] pci 0000:00:15.4: PME# supported from D0 D3hot D3cold
[    0.142836] pci 0000:00:15.4: PME# disabled
[    0.143057] pci 0000:00:15.5: [15ad:07a0] type 1 class 0x000604
[    0.143746] pci 0000:00:15.5: PME# supported from D0 D3hot D3cold
[    0.143781] pci 0000:00:15.5: PME# disabled
[    0.143997] pci 0000:00:15.6: [15ad:07a0] type 1 class 0x000604
[    0.144704] pci 0000:00:15.6: PME# supported from D0 D3hot D3cold
[    0.144726] pci 0000:00:15.6: PME# disabled
[    0.144940] pci 0000:00:15.7: [15ad:07a0] type 1 class 0x000604
[    0.145649] pci 0000:00:15.7: PME# supported from D0 D3hot D3cold
[    0.145670] pci 0000:00:15.7: PME# disabled
[    0.145883] pci 0000:00:16.0: [15ad:07a0] type 1 class 0x000604
[    0.146572] pci 0000:00:16.0: PME# supported from D0 D3hot D3cold
[    0.146594] pci 0000:00:16.0: PME# disabled
[    0.146806] pci 0000:00:16.1: [15ad:07a0] type 1 class 0x000604
[    0.147495] pci 0000:00:16.1: PME# supported from D0 D3hot D3cold
[    0.147516] pci 0000:00:16.1: PME# disabled
[    0.147728] pci 0000:00:16.2: [15ad:07a0] type 1 class 0x000604
[    0.148434] pci 0000:00:16.2: PME# supported from D0 D3hot D3cold
[    0.148455] pci 0000:00:16.2: PME# disabled
[    0.148667] pci 0000:00:16.3: [15ad:07a0] type 1 class 0x000604
[    0.149356] pci 0000:00:16.3: PME# supported from D0 D3hot D3cold
[    0.149377] pci 0000:00:16.3: PME# disabled
[    0.149590] pci 0000:00:16.4: [15ad:07a0] type 1 class 0x000604
[    0.150280] pci 0000:00:16.4: PME# supported from D0 D3hot D3cold
[    0.150301] pci 0000:00:16.4: PME# disabled
[    0.150519] pci 0000:00:16.5: [15ad:07a0] type 1 class 0x000604
[    0.151217] pci 0000:00:16.5: PME# supported from D0 D3hot D3cold
[    0.151239] pci 0000:00:16.5: PME# disabled
[    0.151451] pci 0000:00:16.6: [15ad:07a0] type 1 class 0x000604
[    0.152157] pci 0000:00:16.6: PME# supported from D0 D3hot D3cold
[    0.152180] pci 0000:00:16.6: PME# disabled
[    0.152394] pci 0000:00:16.7: [15ad:07a0] type 1 class 0x000604
[    0.153121] pci 0000:00:16.7: PME# supported from D0 D3hot D3cold
[    0.153153] pci 0000:00:16.7: PME# disabled
[    0.153440] pci 0000:00:17.0: [15ad:07a0] type 1 class 0x000604
[    0.154352] pci 0000:00:17.0: PME# supported from D0 D3hot D3cold
[    0.154379] pci 0000:00:17.0: PME# disabled
[    0.154650] pci 0000:00:17.1: [15ad:07a0] type 1 class 0x000604
[    0.155550] pci 0000:00:17.1: PME# supported from D0 D3hot D3cold
[    0.155578] pci 0000:00:17.1: PME# disabled
[    0.155868] pci 0000:00:17.2: [15ad:07a0] type 1 class 0x000604
[    0.156760] pci 0000:00:17.2: PME# supported from D0 D3hot D3cold
[    0.156787] pci 0000:00:17.2: PME# disabled
[    0.157060] pci 0000:00:17.3: [15ad:07a0] type 1 class 0x000604
[    0.157953] pci 0000:00:17.3: PME# supported from D0 D3hot D3cold
[    0.157981] pci 0000:00:17.3: PME# disabled
[    0.158240] pci 0000:00:17.4: [15ad:07a0] type 1 class 0x000604
[    0.158923] pci 0000:00:17.4: PME# supported from D0 D3hot D3cold
[    0.158944] pci 0000:00:17.4: PME# disabled
[    0.159177] pci 0000:00:17.5: [15ad:07a0] type 1 class 0x000604
[    0.159877] pci 0000:00:17.5: PME# supported from D0 D3hot D3cold
[    0.159899] pci 0000:00:17.5: PME# disabled
[    0.160116] pci 0000:00:17.6: [15ad:07a0] type 1 class 0x000604
[    0.160801] pci 0000:00:17.6: PME# supported from D0 D3hot D3cold
[    0.160823] pci 0000:00:17.6: PME# disabled
[    0.161037] pci 0000:00:17.7: [15ad:07a0] type 1 class 0x000604
[    0.161729] pci 0000:00:17.7: PME# supported from D0 D3hot D3cold
[    0.161750] pci 0000:00:17.7: PME# disabled
[    0.161963] pci 0000:00:18.0: [15ad:07a0] type 1 class 0x000604
[    0.162653] pci 0000:00:18.0: PME# supported from D0 D3hot D3cold
[    0.162675] pci 0000:00:18.0: PME# disabled
[    0.162888] pci 0000:00:18.1: [15ad:07a0] type 1 class 0x000604
[    0.163592] pci 0000:00:18.1: PME# supported from D0 D3hot D3cold
[    0.163613] pci 0000:00:18.1: PME# disabled
[    0.163841] pci 0000:00:18.2: [15ad:07a0] type 1 class 0x000604
[    0.164526] pci 0000:00:18.2: PME# supported from D0 D3hot D3cold
[    0.164547] pci 0000:00:18.2: PME# disabled
[    0.164760] pci 0000:00:18.3: [15ad:07a0] type 1 class 0x000604
[    0.165457] pci 0000:00:18.3: PME# supported from D0 D3hot D3cold
[    0.165478] pci 0000:00:18.3: PME# disabled
[    0.165691] pci 0000:00:18.4: [15ad:07a0] type 1 class 0x000604
[    0.166373] pci 0000:00:18.4: PME# supported from D0 D3hot D3cold
[    0.166395] pci 0000:00:18.4: PME# disabled
[    0.166613] pci 0000:00:18.5: [15ad:07a0] type 1 class 0x000604
[    0.167301] pci 0000:00:18.5: PME# supported from D0 D3hot D3cold
[    0.167322] pci 0000:00:18.5: PME# disabled
[    0.167535] pci 0000:00:18.6: [15ad:07a0] type 1 class 0x000604
[    0.168243] pci 0000:00:18.6: PME# supported from D0 D3hot D3cold
[    0.168265] pci 0000:00:18.6: PME# disabled
[    0.168478] pci 0000:00:18.7: [15ad:07a0] type 1 class 0x000604
[    0.169165] pci 0000:00:18.7: PME# supported from D0 D3hot D3cold
[    0.169186] pci 0000:00:18.7: PME# disabled
[    0.169724] pci 0000:00:01.0: PCI bridge to [bus 01-01]
[    0.170004] pci 0000:02:00.0: [15ad:0774] type 0 class 0x000c03
[    0.171270] pci 0000:02:00.0: reg 20: [io  0x20c0-0x20df]
[    0.171892] pci 0000:02:01.0: [1022:2000] type 0 class 0x000200
[    0.172173] pci 0000:02:01.0: reg 10: [io  0x2000-0x207f]
[    0.173623] pci 0000:02:01.0: reg 30: [mem 0x00000000-0x0000ffff pref]
[    0.173741] pci 0000:02:02.0: [1274:1371] type 0 class 0x000401
[    0.174063] pci 0000:02:02.0: reg 10: [io  0x2080-0x20bf]
[    0.175905] pci 0000:02:03.0: [15ad:0770] type 0 class 0x000c03
[    0.176169] pci 0000:02:03.0: reg 10: [mem 0xc9000000-0xc9000fff]
[    0.177789] pci 0000:00:11.0: PCI bridge to [bus 02-02] (subtractive decode)
[    0.177810] pci 0000:00:11.0:   bridge window [io  0x2000-0x3fff]
[    0.177831] pci 0000:00:11.0:   bridge window [mem 0xc9000000-0xca3fffff]
[    0.177870] pci 0000:00:11.0:   bridge window [mem 0xd8400000-0xd89fffff 64bit pref]
[    0.177872] pci 0000:00:11.0:   bridge window [mem 0x000a0000-0x000bffff] (subtractive decode)
[    0.177874] pci 0000:00:11.0:   bridge window [mem 0x000cc000-0x000cffff] (subtractive decode)
[    0.177875] pci 0000:00:11.0:   bridge window [mem 0x000d0000-0x000d3fff] (subtractive decode)
[    0.177877] pci 0000:00:11.0:   bridge window [mem 0x000d4000-0x000d7fff] (subtractive decode)
[    0.177879] pci 0000:00:11.0:   bridge window [mem 0x000d8000-0x000dbfff] (subtractive decode)
[    0.177880] pci 0000:00:11.0:   bridge window [mem 0xc0000000-0xfebfffff] (subtractive decode)
[    0.177882] pci 0000:00:11.0:   bridge window [io  0x0000-0x0cf7] (subtractive decode)
[    0.177884] pci 0000:00:11.0:   bridge window [io  0x0d00-0xfeff] (subtractive decode)
[    0.178313] pci 0000:00:15.0: PCI bridge to [bus 03-03]
[    0.178333] pci 0000:00:15.0:   bridge window [io  0x4000-0x4fff]
[    0.178354] pci 0000:00:15.0:   bridge window [mem 0xca400000-0xca4fffff]
[    0.178393] pci 0000:00:15.0:   bridge window [mem 0xd8a00000-0xd8afffff 64bit pref]
[    0.178807] pci 0000:00:15.1: PCI bridge to [bus 04-04]
[    0.178827] pci 0000:00:15.1:   bridge window [io  0x8000-0x8fff]
[    0.178848] pci 0000:00:15.1:   bridge window [mem 0xca800000-0xca8fffff]
[    0.178887] pci 0000:00:15.1:   bridge window [mem 0xd8e00000-0xd8efffff 64bit pref]
[    0.179301] pci 0000:00:15.2: PCI bridge to [bus 05-05]
[    0.179322] pci 0000:00:15.2:   bridge window [io  0xc000-0xcfff]
[    0.179342] pci 0000:00:15.2:   bridge window [mem 0xcac00000-0xcacfffff]
[    0.179381] pci 0000:00:15.2:   bridge window [mem 0xd9200000-0xd92fffff 64bit pref]
[    0.179812] pci 0000:00:15.3: PCI bridge to [bus 06-06]
[    0.179851] pci 0000:00:15.3:   bridge window [mem 0xcb000000-0xcb0fffff]
[    0.179892] pci 0000:00:15.3:   bridge window [mem 0xd9600000-0xd96fffff 64bit pref]
[    0.180305] pci 0000:00:15.4: PCI bridge to [bus 07-07]
[    0.180345] pci 0000:00:15.4:   bridge window [mem 0xcb400000-0xcb4fffff]
[    0.180384] pci 0000:00:15.4:   bridge window [mem 0xd9a00000-0xd9afffff 64bit pref]
[    0.180795] pci 0000:00:15.5: PCI bridge to [bus 08-08]
[    0.180835] pci 0000:00:15.5:   bridge window [mem 0xcb800000-0xcb8fffff]
[    0.180874] pci 0000:00:15.5:   bridge window [mem 0xd9e00000-0xd9efffff 64bit pref]
[    0.181292] pci 0000:00:15.6: PCI bridge to [bus 09-09]
[    0.181331] pci 0000:00:15.6:   bridge window [mem 0xcbc00000-0xcbcfffff]
[    0.181370] pci 0000:00:15.6:   bridge window [mem 0xda200000-0xda2fffff 64bit pref]
[    0.181782] pci 0000:00:15.7: PCI bridge to [bus 0a-0a]
[    0.181820] pci 0000:00:15.7:   bridge window [mem 0xcc000000-0xcc0fffff]
[    0.181859] pci 0000:00:15.7:   bridge window [mem 0xda600000-0xda6fffff 64bit pref]
[    0.182271] pci 0000:00:16.0: PCI bridge to [bus 0b-0b]
[    0.182291] pci 0000:00:16.0:   bridge window [io  0x5000-0x5fff]
[    0.182311] pci 0000:00:16.0:   bridge window [mem 0xca500000-0xca5fffff]
[    0.182350] pci 0000:00:16.0:   bridge window [mem 0xd8b00000-0xd8bfffff 64bit pref]
[    0.182760] pci 0000:00:16.1: PCI bridge to [bus 0c-0c]
[    0.182780] pci 0000:00:16.1:   bridge window [io  0x9000-0x9fff]
[    0.182801] pci 0000:00:16.1:   bridge window [mem 0xca900000-0xca9fffff]
[    0.182841] pci 0000:00:16.1:   bridge window [mem 0xd8f00000-0xd8ffffff 64bit pref]
[    0.183285] pci 0000:00:16.2: PCI bridge to [bus 0d-0d]
[    0.183305] pci 0000:00:16.2:   bridge window [io  0xd000-0xdfff]
[    0.183326] pci 0000:00:16.2:   bridge window [mem 0xcad00000-0xcadfffff]
[    0.183365] pci 0000:00:16.2:   bridge window [mem 0xd9300000-0xd93fffff 64bit pref]
[    0.183795] pci 0000:00:16.3: PCI bridge to [bus 0e-0e]
[    0.183835] pci 0000:00:16.3:   bridge window [mem 0xcb100000-0xcb1fffff]
[    0.183875] pci 0000:00:16.3:   bridge window [mem 0xd9700000-0xd97fffff 64bit pref]
[    0.184354] pci 0000:00:16.4: PCI bridge to [bus 0f-0f]
[    0.184394] pci 0000:00:16.4:   bridge window [mem 0xcb500000-0xcb5fffff]
[    0.184433] pci 0000:00:16.4:   bridge window [mem 0xd9b00000-0xd9bfffff 64bit pref]
[    0.184847] pci 0000:00:16.5: PCI bridge to [bus 10-10]
[    0.184885] pci 0000:00:16.5:   bridge window [mem 0xcb900000-0xcb9fffff]
[    0.184924] pci 0000:00:16.5:   bridge window [mem 0xd9f00000-0xd9ffffff 64bit pref]
[    0.185337] pci 0000:00:16.6: PCI bridge to [bus 11-11]
[    0.185376] pci 0000:00:16.6:   bridge window [mem 0xcbd00000-0xcbdfffff]
[    0.185415] pci 0000:00:16.6:   bridge window [mem 0xda300000-0xda3fffff 64bit pref]
[    0.185825] pci 0000:00:16.7: PCI bridge to [bus 12-12]
[    0.185864] pci 0000:00:16.7:   bridge window [mem 0xcc100000-0xcc1fffff]
[    0.185903] pci 0000:00:16.7:   bridge window [mem 0xda700000-0xda7fffff 64bit pref]
[    0.186321] pci 0000:00:17.0: PCI bridge to [bus 13-13]
[    0.186342] pci 0000:00:17.0:   bridge window [io  0x6000-0x6fff]
[    0.186362] pci 0000:00:17.0:   bridge window [mem 0xca600000-0xca6fffff]
[    0.186401] pci 0000:00:17.0:   bridge window [mem 0xd8c00000-0xd8cfffff 64bit pref]
[    0.186812] pci 0000:00:17.1: PCI bridge to [bus 14-14]
[    0.186833] pci 0000:00:17.1:   bridge window [io  0xa000-0xafff]
[    0.186853] pci 0000:00:17.1:   bridge window [mem 0xcaa00000-0xcaafffff]
[    0.186892] pci 0000:00:17.1:   bridge window [mem 0xd9000000-0xd90fffff 64bit pref]
[    0.187305] pci 0000:00:17.2: PCI bridge to [bus 15-15]
[    0.187326] pci 0000:00:17.2:   bridge window [io  0xe000-0xefff]
[    0.187346] pci 0000:00:17.2:   bridge window [mem 0xcae00000-0xcaefffff]
[    0.187385] pci 0000:00:17.2:   bridge window [mem 0xd9400000-0xd94fffff 64bit pref]
[    0.187812] pci 0000:00:17.3: PCI bridge to [bus 16-16]
[    0.187851] pci 0000:00:17.3:   bridge window [mem 0xcb200000-0xcb2fffff]
[    0.187890] pci 0000:00:17.3:   bridge window [mem 0xd9800000-0xd98fffff 64bit pref]
[    0.188304] pci 0000:00:17.4: PCI bridge to [bus 17-17]
[    0.188343] pci 0000:00:17.4:   bridge window [mem 0xcb600000-0xcb6fffff]
[    0.188383] pci 0000:00:17.4:   bridge window [mem 0xd9c00000-0xd9cfffff 64bit pref]
[    0.188795] pci 0000:00:17.5: PCI bridge to [bus 18-18]
[    0.188834] pci 0000:00:17.5:   bridge window [mem 0xcba00000-0xcbafffff]
[    0.188873] pci 0000:00:17.5:   bridge window [mem 0xda000000-0xda0fffff 64bit pref]
[    0.189296] pci 0000:00:17.6: PCI bridge to [bus 19-19]
[    0.189335] pci 0000:00:17.6:   bridge window [mem 0xcbe00000-0xcbefffff]
[    0.189374] pci 0000:00:17.6:   bridge window [mem 0xda400000-0xda4fffff 64bit pref]
[    0.189785] pci 0000:00:17.7: PCI bridge to [bus 1a-1a]
[    0.189824] pci 0000:00:17.7:   bridge window [mem 0xcc200000-0xcc2fffff]
[    0.189863] pci 0000:00:17.7:   bridge window [mem 0xda800000-0xda8fffff 64bit pref]
[    0.190282] pci 0000:00:18.0: PCI bridge to [bus 1b-1b]
[    0.190302] pci 0000:00:18.0:   bridge window [io  0x7000-0x7fff]
[    0.190323] pci 0000:00:18.0:   bridge window [mem 0xca700000-0xca7fffff]
[    0.190362] pci 0000:00:18.0:   bridge window [mem 0xd8d00000-0xd8dfffff 64bit pref]
[    0.190773] pci 0000:00:18.1: PCI bridge to [bus 1c-1c]
[    0.190794] pci 0000:00:18.1:   bridge window [io  0xb000-0xbfff]
[    0.190814] pci 0000:00:18.1:   bridge window [mem 0xcab00000-0xcabfffff]
[    0.190853] pci 0000:00:18.1:   bridge window [mem 0xd9100000-0xd91fffff 64bit pref]
[    0.191345] pci 0000:00:18.2: PCI bridge to [bus 1d-1d]
[    0.191371] pci 0000:00:18.2:   bridge window [io  0xf000-0xffff]
[    0.191397] pci 0000:00:18.2:   bridge window [mem 0xcaf00000-0xcaffffff]
[    0.191448] pci 0000:00:18.2:   bridge window [mem 0xd9500000-0xd95fffff 64bit pref]
[    0.191996] pci 0000:00:18.3: PCI bridge to [bus 1e-1e]
[    0.192055] pci 0000:00:18.3:   bridge window [mem 0xcb300000-0xcb3fffff]
[    0.192105] pci 0000:00:18.3:   bridge window [mem 0xd9900000-0xd99fffff 64bit pref]
[    0.192617] pci 0000:00:18.4: PCI bridge to [bus 1f-1f]
[    0.192666] pci 0000:00:18.4:   bridge window [mem 0xcb700000-0xcb7fffff]
[    0.192715] pci 0000:00:18.4:   bridge window [mem 0xd9d00000-0xd9dfffff 64bit pref]
[    0.193226] pci 0000:00:18.5: PCI bridge to [bus 20-20]
[    0.193274] pci 0000:00:18.5:   bridge window [mem 0xcbb00000-0xcbbfffff]
[    0.193323] pci 0000:00:18.5:   bridge window [mem 0xda100000-0xda1fffff 64bit pref]
[    0.193831] pci 0000:00:18.6: PCI bridge to [bus 21-21]
[    0.193879] pci 0000:00:18.6:   bridge window [mem 0xcbf00000-0xcbffffff]
[    0.193928] pci 0000:00:18.6:   bridge window [mem 0xda500000-0xda5fffff 64bit pref]
[    0.194447] pci 0000:00:18.7: PCI bridge to [bus 22-22]
[    0.194495] pci 0000:00:18.7:   bridge window [mem 0xcc300000-0xcc3fffff]
[    0.194544] pci 0000:00:18.7:   bridge window [mem 0xda900000-0xda9fffff 64bit pref]
[    0.196470] pci_bus 0000:00: on NUMA node 0
[    0.196477] ACPI: PCI Interrupt Routing Table [\_SB_.PCI0._PRT]
[    0.197344]  pci0000:00: Requesting ACPI _OSC control (0x1d)
[    0.197621]  pci0000:00: ACPI _OSC control (0x15) granted
[    0.279741] ACPI: PCI Interrupt Link [LNKA] (IRQs 3 4 5 6 7 *9 10 11 14 15)
[    0.279822] ACPI: PCI Interrupt Link [LNKB] (IRQs 3 4 5 6 7 9 10 *11 14 15)
[    0.279905] ACPI: PCI Interrupt Link [LNKC] (IRQs 3 4 5 6 7 9 *10 11 14 15)
[    0.279987] ACPI: PCI Interrupt Link [LNKD] (IRQs 3 4 *5 6 7 9 10 11 14 15)
[    0.280139] vgaarb: device added: PCI:0000:00:0f.0,decodes=io+mem,owns=io+mem,locks=none
[    0.280150] vgaarb: loaded
[    0.280151] vgaarb: bridge control possible 0000:00:0f.0
[    0.280256] i2c-core: driver [aat2870] using legacy suspend method
[    0.280257] i2c-core: driver [aat2870] using legacy resume method
[    0.280332] SCSI subsystem initialized
[    0.280376] libata version 3.00 loaded.
[    0.280414] usbcore: registered new interface driver usbfs
[    0.280427] usbcore: registered new interface driver hub
[    0.280455] usbcore: registered new device driver usb
[    0.280537] PCI: Using ACPI for IRQ routing
[    0.350450] PCI: pci_cache_line_size set to 64 bytes
[    0.350472] pci 0000:00:18.2: no compatible bridge window for [io  0xf000-0xffff]
[    0.351414] reserve RAM buffer: 000000000009f000 - 000000000009ffff 
[    0.351417] reserve RAM buffer: 000000003fee0000 - 000000003fffffff 
[    0.351516] NetLabel: Initializing
[    0.351518] NetLabel:  domain hash size = 128
[    0.351519] NetLabel:  protocols = UNLABELED CIPSOv4
[    0.351526] NetLabel:  unlabeled traffic allowed by default
[    0.351585] hpet0: at MMIO 0xfed00000, IRQs 2, 8, 0, 0, 0, 0, 0, 0, 0, 0, 0, 0, 0, 0, 0, 0
[    0.351591] hpet0: 16 comparators, 64-bit 14.318180 MHz counter
[    0.353623] Switching to clocksource hpet
[    0.358899] AppArmor: AppArmor Filesystem Enabled
[    0.358918] pnp: PnP ACPI init
[    0.358932] ACPI: bus type pnp registered
[    0.359527] pnp 00:00: [bus 00-ff]
[    0.359529] pnp 00:00: [mem 0x000a0000-0x000bffff window]
[    0.359531] pnp 00:00: [mem 0x000c0000-0x000c3fff window]
[    0.359532] pnp 00:00: [mem 0x000c4000-0x000c7fff window]
[    0.359533] pnp 00:00: [mem 0x000c8000-0x000cbfff window]
[    0.359535] pnp 00:00: [mem 0x000cc000-0x000cffff window]
[    0.359536] pnp 00:00: [mem 0x000d0000-0x000d3fff window]
[    0.359538] pnp 00:00: [mem 0x000d4000-0x000d7fff window]
[    0.359539] pnp 00:00: [mem 0x000d8000-0x000dbfff window]
[    0.359540] pnp 00:00: [mem 0x000dc000-0x000dffff window]
[    0.359542] pnp 00:00: [mem 0x000e0000-0x000e3fff window]
[    0.359543] pnp 00:00: [mem 0x000e4000-0x000e7fff window]
[    0.359545] pnp 00:00: [mem 0x000e8000-0x000ebfff window]
[    0.359546] pnp 00:00: [mem 0x000ec000-0x000effff window]
[    0.359548] pnp 00:00: [mem 0xc0000000-0xfebfffff window]
[    0.359549] pnp 00:00: [io  0x0cf8-0x0cff]
[    0.359551] pnp 00:00: [io  0x0000-0x0cf7 window]
[    0.359552] pnp 00:00: [io  0x0d00-0xfeff window]
[    0.359589] pnp 00:00: Plug and Play ACPI device, IDs PNP0a03 PNP0a08 (active)
[    0.359649] pnp 00:01: [io  0x0010-0x001f]
[    0.359650] pnp 00:01: [io  0x0024-0x0025]
[    0.359652] pnp 00:01: [io  0x0028-0x0029]
[    0.359653] pnp 00:01: [io  0x002c-0x002d]
[    0.359654] pnp 00:01: [io  0x002e-0x002f]
[    0.359655] pnp 00:01: [io  0x0030-0x0031]
[    0.359656] pnp 00:01: [io  0x0034-0x0035]
[    0.359657] pnp 00:01: [io  0x0038-0x0039]
[    0.359658] pnp 00:01: [io  0x003c-0x003d]
[    0.359660] pnp 00:01: [io  0x0050-0x0053]
[    0.359661] pnp 00:01: [io  0x0072-0x0077]
[    0.359662] pnp 00:01: [io  0x0080]
[    0.359663] pnp 00:01: [io  0x0090-0x009f]
[    0.359664] pnp 00:01: [io  0x00a4-0x00a5]
[    0.359665] pnp 00:01: [io  0x00a8-0x00a9]
[    0.359666] pnp 00:01: [io  0x00ac-0x00ad]
[    0.359668] pnp 00:01: [io  0x00b0-0x00b5]
[    0.359669] pnp 00:01: [io  0x00b8-0x00b9]
[    0.359670] pnp 00:01: [io  0x00bc-0x00bd]
[    0.359671] pnp 00:01: [io  0x1000-0x103f]
[    0.359672] pnp 00:01: [io  0x1040-0x104f]
[    0.359673] pnp 00:01: [io  0x0cf0-0x0cf1]
[    0.359730] system 00:01: [io  0x1000-0x103f] has been reserved
[    0.359734] system 00:01: [io  0x1040-0x104f] has been reserved
[    0.359736] system 00:01: [io  0x0cf0-0x0cf1] has been reserved
[    0.359738] system 00:01: Plug and Play ACPI device, IDs PNP0c02 (active)
[    0.359745] pnp 00:02: [io  0x0000-0x000f]
[    0.359746] pnp 00:02: [io  0x0081-0x008f]
[    0.359747] pnp 00:02: [io  0x00c0-0x00df]
[    0.359749] pnp 00:02: [dma 4]
[    0.359774] pnp 00:02: Plug and Play ACPI device, IDs PNP0200 (active)
[    0.359781] pnp 00:03: [io  0x0020-0x0021]
[    0.359782] pnp 00:03: [io  0x00a0-0x00a1]
[    0.359783] pnp 00:03: [io  0x04d0-0x04d1]
[    0.359785] pnp 00:03: [irq 2 disabled]
[    0.359801] pnp 00:03: Plug and Play ACPI device, IDs PNP0001 (active)
[    0.359808] pnp 00:04: [io  0x0070-0x0071]
[    0.359810] pnp 00:04: [irq 8]
[    0.359823] pnp 00:04: Plug and Play ACPI device, IDs PNP0b00 (active)
[    0.359828] pnp 00:05: [io  0x0061]
[    0.359840] pnp 00:05: Plug and Play ACPI device, IDs PNP0800 (active)
[    0.359845] pnp 00:06: [io  0x0060]
[    0.359846] pnp 00:06: [io  0x0064]
[    0.359847] pnp 00:06: [irq 1]
[    0.359862] pnp 00:06: Plug and Play ACPI device, IDs PNP0303 (active)
[    0.359867] pnp 00:07: [irq 12]
[    0.359880] pnp 00:07: Plug and Play ACPI device, IDs PNP0f13 (active)
[    0.360031] pnp 00:08: [mem 0xfed00000-0xfed003ff]
[    0.360065] system 00:08: [mem 0xfed00000-0xfed003ff] has been reserved
[    0.360067] system 00:08: Plug and Play ACPI device, IDs PNP0103 PNP0c01 (active)
[    0.364212] pnp 00:09: [io  0x0378-0x037f]
[    0.364214] pnp 00:09: [irq 7]
[    0.365296] pnp 00:09: Plug and Play ACPI device, IDs PNP0400 (active)
[    0.369024] pnp 00:0a: [io  0x03f8-0x03ff]
[    0.369027] pnp 00:0a: [irq 4]
[    0.370085] pnp 00:0a: Plug and Play ACPI device, IDs PNP0501 (active)
[    0.373267] pnp 00:0b: [io  0x02f8-0x02ff]
[    0.373270] pnp 00:0b: [irq 3]
[    0.374375] pnp 00:0b: Plug and Play ACPI device, IDs PNP0501 (active)
[    0.379107] pnp 00:0c: [io  0x03f0-0x03f5]
[    0.379109] pnp 00:0c: [io  0x03f7]
[    0.379111] pnp 00:0c: [irq 6]
[    0.379112] pnp 00:0c: [dma 2]
[    0.380078] pnp 00:0c: Plug and Play ACPI device, IDs PNP0700 (active)
[    0.380232] pnp 00:0d: [mem 0xe0000000-0xefffffff]
[    0.380234] pnp 00:0d: [io  0x1060-0x107f]
[    0.380235] pnp 00:0d: [mem 0xc8200000-0xc83fffff]
[    0.380274] system 00:0d: [io  0x1060-0x107f] has been reserved
[    0.380277] system 00:0d: [mem 0xe0000000-0xefffffff] has been reserved
[    0.380278] system 00:0d: [mem 0xc8200000-0xc83fffff] has been reserved
[    0.380281] system 00:0d: Plug and Play ACPI device, IDs PNP0c02 (active)
[    0.385150] pnp: PnP ACPI: found 14 devices
[    0.385152] ACPI: ACPI bus type pnp unregistered
[    0.385155] PnPBIOS: Disabled by ACPI PNP
[    0.420781] PCI: max bus depth: 1 pci_try_num: 2
[    0.421575] pci 0000:00:0f.0: BAR 6: assigned [mem 0xc0000000-0xc0007fff pref]
[    0.421579] pci 0000:00:10.0: BAR 6: assigned [mem 0xc0008000-0xc000bfff pref]
[    0.421584] pci 0000:00:18.7: BAR 13: can't assign io (size 0x1000)
[    0.421587] pci 0000:00:18.6: BAR 13: can't assign io (size 0x1000)
[    0.421591] pci 0000:00:18.5: BAR 13: can't assign io (size 0x1000)
[    0.421594] pci 0000:00:18.4: BAR 13: can't assign io (size 0x1000)
[    0.421597] pci 0000:00:18.3: BAR 13: can't assign io (size 0x1000)
[    0.421600] pci 0000:00:18.2: BAR 13: can't assign io (size 0x1000)
[    0.421603] pci 0000:00:17.7: BAR 13: can't assign io (size 0x1000)
[    0.421606] pci 0000:00:17.6: BAR 13: can't assign io (size 0x1000)
[    0.421609] pci 0000:00:17.5: BAR 13: can't assign io (size 0x1000)
[    0.421612] pci 0000:00:17.4: BAR 13: can't assign io (size 0x1000)
[    0.421615] pci 0000:00:17.3: BAR 13: can't assign io (size 0x1000)
[    0.421618] pci 0000:00:16.7: BAR 13: can't assign io (size 0x1000)
[    0.421620] pci 0000:00:16.6: BAR 13: can't assign io (size 0x1000)
[    0.421623] pci 0000:00:16.5: BAR 13: can't assign io (size 0x1000)
[    0.421626] pci 0000:00:16.4: BAR 13: can't assign io (size 0x1000)
[    0.421629] pci 0000:00:16.3: BAR 13: can't assign io (size 0x1000)
[    0.421632] pci 0000:00:15.7: BAR 13: can't assign io (size 0x1000)
[    0.421635] pci 0000:00:15.6: BAR 13: can't assign io (size 0x1000)
[    0.421638] pci 0000:00:15.5: BAR 13: can't assign io (size 0x1000)
[    0.421641] pci 0000:00:15.4: BAR 13: can't assign io (size 0x1000)
[    0.421644] pci 0000:00:15.3: BAR 13: can't assign io (size 0x1000)
[    0.421647] pci 0000:00:01.0: PCI bridge to [bus 01-01]
[    0.421673] pci 0000:02:01.0: BAR 6: assigned [mem 0xd8400000-0xd840ffff pref]
[    0.421675] pci 0000:00:11.0: PCI bridge to [bus 02-02]
[    0.421689] pci 0000:00:11.0:   bridge window [io  0x2000-0x3fff]
[    0.421715] pci 0000:00:11.0:   bridge window [mem 0xc9000000-0xca3fffff]
[    0.421736] pci 0000:00:11.0:   bridge window [mem 0xd8400000-0xd89fffff 64bit pref]
[    0.421763] pci 0000:00:15.0: PCI bridge to [bus 03-03]
[    0.421775] pci 0000:00:15.0:   bridge window [io  0x4000-0x4fff]
[    0.421801] pci 0000:00:15.0:   bridge window [mem 0xca400000-0xca4fffff]
[    0.421822] pci 0000:00:15.0:   bridge window [mem 0xd8a00000-0xd8afffff 64bit pref]
[    0.421849] pci 0000:00:15.1: PCI bridge to [bus 04-04]
[    0.421861] pci 0000:00:15.1:   bridge window [io  0x8000-0x8fff]
[    0.421887] pci 0000:00:15.1:   bridge window [mem 0xca800000-0xca8fffff]
[    0.421909] pci 0000:00:15.1:   bridge window [mem 0xd8e00000-0xd8efffff 64bit pref]
[    0.421935] pci 0000:00:15.2: PCI bridge to [bus 05-05]
[    0.421947] pci 0000:00:15.2:   bridge window [io  0xc000-0xcfff]
[    0.421974] pci 0000:00:15.2:   bridge window [mem 0xcac00000-0xcacfffff]
[    0.421995] pci 0000:00:15.2:   bridge window [mem 0xd9200000-0xd92fffff 64bit pref]
[    0.422021] pci 0000:00:15.3: PCI bridge to [bus 06-06]
[    0.422047] pci 0000:00:15.3:   bridge window [mem 0xcb000000-0xcb0fffff]
[    0.422069] pci 0000:00:15.3:   bridge window [mem 0xd9600000-0xd96fffff 64bit pref]
[    0.422095] pci 0000:00:15.4: PCI bridge to [bus 07-07]
[    0.422121] pci 0000:00:15.4:   bridge window [mem 0xcb400000-0xcb4fffff]
[    0.422145] pci 0000:00:15.4:   bridge window [mem 0xd9a00000-0xd9afffff 64bit pref]
[    0.422172] pci 0000:00:15.5: PCI bridge to [bus 08-08]
[    0.422198] pci 0000:00:15.5:   bridge window [mem 0xcb800000-0xcb8fffff]
[    0.422219] pci 0000:00:15.5:   bridge window [mem 0xd9e00000-0xd9efffff 64bit pref]
[    0.422245] pci 0000:00:15.6: PCI bridge to [bus 09-09]
[    0.422271] pci 0000:00:15.6:   bridge window [mem 0xcbc00000-0xcbcfffff]
[    0.422293] pci 0000:00:15.6:   bridge window [mem 0xda200000-0xda2fffff 64bit pref]
[    0.422319] pci 0000:00:15.7: PCI bridge to [bus 0a-0a]
[    0.422346] pci 0000:00:15.7:   bridge window [mem 0xcc000000-0xcc0fffff]
[    0.422367] pci 0000:00:15.7:   bridge window [mem 0xda600000-0xda6fffff 64bit pref]
[    0.422393] pci 0000:00:16.0: PCI bridge to [bus 0b-0b]
[    0.422406] pci 0000:00:16.0:   bridge window [io  0x5000-0x5fff]
[    0.422433] pci 0000:00:16.0:   bridge window [mem 0xca500000-0xca5fffff]
[    0.422454] pci 0000:00:16.0:   bridge window [mem 0xd8b00000-0xd8bfffff 64bit pref]
[    0.422480] pci 0000:00:16.1: PCI bridge to [bus 0c-0c]
[    0.422493] pci 0000:00:16.1:   bridge window [io  0x9000-0x9fff]
[    0.422519] pci 0000:00:16.1:   bridge window [mem 0xca900000-0xca9fffff]
[    0.422541] pci 0000:00:16.1:   bridge window [mem 0xd8f00000-0xd8ffffff 64bit pref]
[    0.422567] pci 0000:00:16.2: PCI bridge to [bus 0d-0d]
[    0.422580] pci 0000:00:16.2:   bridge window [io  0xd000-0xdfff]
[    0.422606] pci 0000:00:16.2:   bridge window [mem 0xcad00000-0xcadfffff]
[    0.422627] pci 0000:00:16.2:   bridge window [mem 0xd9300000-0xd93fffff 64bit pref]
[    0.422653] pci 0000:00:16.3: PCI bridge to [bus 0e-0e]
[    0.422679] pci 0000:00:16.3:   bridge window [mem 0xcb100000-0xcb1fffff]
[    0.422701] pci 0000:00:16.3:   bridge window [mem 0xd9700000-0xd97fffff 64bit pref]
[    0.422727] pci 0000:00:16.4: PCI bridge to [bus 0f-0f]
[    0.422753] pci 0000:00:16.4:   bridge window [mem 0xcb500000-0xcb5fffff]
[    0.422774] pci 0000:00:16.4:   bridge window [mem 0xd9b00000-0xd9bfffff 64bit pref]
[    0.422801] pci 0000:00:16.5: PCI bridge to [bus 10-10]
[    0.422827] pci 0000:00:16.5:   bridge window [mem 0xcb900000-0xcb9fffff]
[    0.422848] pci 0000:00:16.5:   bridge window [mem 0xd9f00000-0xd9ffffff 64bit pref]
[    0.422875] pci 0000:00:16.6: PCI bridge to [bus 11-11]
[    0.422901] pci 0000:00:16.6:   bridge window [mem 0xcbd00000-0xcbdfffff]
[    0.422927] pci 0000:00:16.6:   bridge window [mem 0xda300000-0xda3fffff 64bit pref]
[    0.422953] pci 0000:00:16.7: PCI bridge to [bus 12-12]
[    0.422979] pci 0000:00:16.7:   bridge window [mem 0xcc100000-0xcc1fffff]
[    0.423001] pci 0000:00:16.7:   bridge window [mem 0xda700000-0xda7fffff 64bit pref]
[    0.423027] pci 0000:00:17.0: PCI bridge to [bus 13-13]
[    0.423040] pci 0000:00:17.0:   bridge window [io  0x6000-0x6fff]
[    0.423066] pci 0000:00:17.0:   bridge window [mem 0xca600000-0xca6fffff]
[    0.423087] pci 0000:00:17.0:   bridge window [mem 0xd8c00000-0xd8cfffff 64bit pref]
[    0.423113] pci 0000:00:17.1: PCI bridge to [bus 14-14]
[    0.423126] pci 0000:00:17.1:   bridge window [io  0xa000-0xafff]
[    0.423152] pci 0000:00:17.1:   bridge window [mem 0xcaa00000-0xcaafffff]
[    0.423174] pci 0000:00:17.1:   bridge window [mem 0xd9000000-0xd90fffff 64bit pref]
[    0.423200] pci 0000:00:17.2: PCI bridge to [bus 15-15]
[    0.423213] pci 0000:00:17.2:   bridge window [io  0xe000-0xefff]
[    0.423239] pci 0000:00:17.2:   bridge window [mem 0xcae00000-0xcaefffff]
[    0.423260] pci 0000:00:17.2:   bridge window [mem 0xd9400000-0xd94fffff 64bit pref]
[    0.423286] pci 0000:00:17.3: PCI bridge to [bus 16-16]
[    0.423313] pci 0000:00:17.3:   bridge window [mem 0xcb200000-0xcb2fffff]
[    0.423334] pci 0000:00:17.3:   bridge window [mem 0xd9800000-0xd98fffff 64bit pref]
[    0.423360] pci 0000:00:17.4: PCI bridge to [bus 17-17]
[    0.423386] pci 0000:00:17.4:   bridge window [mem 0xcb600000-0xcb6fffff]
[    0.423408] pci 0000:00:17.4:   bridge window [mem 0xd9c00000-0xd9cfffff 64bit pref]
[    0.423434] pci 0000:00:17.5: PCI bridge to [bus 18-18]
[    0.423460] pci 0000:00:17.5:   bridge window [mem 0xcba00000-0xcbafffff]
[    0.423481] pci 0000:00:17.5:   bridge window [mem 0xda000000-0xda0fffff 64bit pref]
[    0.423508] pci 0000:00:17.6: PCI bridge to [bus 19-19]
[    0.423534] pci 0000:00:17.6:   bridge window [mem 0xcbe00000-0xcbefffff]
[    0.423555] pci 0000:00:17.6:   bridge window [mem 0xda400000-0xda4fffff 64bit pref]
[    0.423581] pci 0000:00:17.7: PCI bridge to [bus 1a-1a]
[    0.423607] pci 0000:00:17.7:   bridge window [mem 0xcc200000-0xcc2fffff]
[    0.423629] pci 0000:00:17.7:   bridge window [mem 0xda800000-0xda8fffff 64bit pref]
[    0.423655] pci 0000:00:18.0: PCI bridge to [bus 1b-1b]
[    0.423667] pci 0000:00:18.0:   bridge window [io  0x7000-0x7fff]
[    0.423694] pci 0000:00:18.0:   bridge window [mem 0xca700000-0xca7fffff]
[    0.423715] pci 0000:00:18.0:   bridge window [mem 0xd8d00000-0xd8dfffff 64bit pref]
[    0.423741] pci 0000:00:18.1: PCI bridge to [bus 1c-1c]
[    0.423754] pci 0000:00:18.1:   bridge window [io  0xb000-0xbfff]
[    0.423780] pci 0000:00:18.1:   bridge window [mem 0xcab00000-0xcabfffff]
[    0.423801] pci 0000:00:18.1:   bridge window [mem 0xd9100000-0xd91fffff 64bit pref]
[    0.423827] pci 0000:00:18.2: PCI bridge to [bus 1d-1d]
[    0.423853] pci 0000:00:18.2:   bridge window [mem 0xcaf00000-0xcaffffff]
[    0.423875] pci 0000:00:18.2:   bridge window [mem 0xd9500000-0xd95fffff 64bit pref]
[    0.423901] pci 0000:00:18.3: PCI bridge to [bus 1e-1e]
[    0.423927] pci 0000:00:18.3:   bridge window [mem 0xcb300000-0xcb3fffff]
[    0.423948] pci 0000:00:18.3:   bridge window [mem 0xd9900000-0xd99fffff 64bit pref]
[    0.423975] pci 0000:00:18.4: PCI bridge to [bus 1f-1f]
[    0.424001] pci 0000:00:18.4:   bridge window [mem 0xcb700000-0xcb7fffff]
[    0.424022] pci 0000:00:18.4:   bridge window [mem 0xd9d00000-0xd9dfffff 64bit pref]
[    0.424048] pci 0000:00:18.5: PCI bridge to [bus 20-20]
[    0.424074] pci 0000:00:18.5:   bridge window [mem 0xcbb00000-0xcbbfffff]
[    0.424096] pci 0000:00:18.5:   bridge window [mem 0xda100000-0xda1fffff 64bit pref]
[    0.424122] pci 0000:00:18.6: PCI bridge to [bus 21-21]
[    0.424148] pci 0000:00:18.6:   bridge window [mem 0xcbf00000-0xcbffffff]
[    0.424170] pci 0000:00:18.6:   bridge window [mem 0xda500000-0xda5fffff 64bit pref]
[    0.424196] pci 0000:00:18.7: PCI bridge to [bus 22-22]
[    0.424222] pci 0000:00:18.7:   bridge window [mem 0xcc300000-0xcc3fffff]
[    0.424243] pci 0000:00:18.7:   bridge window [mem 0xda900000-0xda9fffff 64bit pref]
[    0.424270] pci 0000:00:01.0: setting latency timer to 64
[    0.424296] pci 0000:00:15.0: setting latency timer to 64
[    0.424322] pci 0000:00:15.1: setting latency timer to 64
[    0.424348] pci 0000:00:15.2: setting latency timer to 64
[    0.424374] pci 0000:00:15.3: setting latency timer to 64
[    0.424400] pci 0000:00:15.4: setting latency timer to 64
[    0.424426] pci 0000:00:15.5: setting latency timer to 64
[    0.424453] pci 0000:00:15.6: setting latency timer to 64
[    0.424479] pci 0000:00:15.7: setting latency timer to 64
[    0.424505] pci 0000:00:16.0: setting latency timer to 64
[    0.424531] pci 0000:00:16.1: setting latency timer to 64
[    0.424557] pci 0000:00:16.2: setting latency timer to 64
[    0.424583] pci 0000:00:16.3: setting latency timer to 64
[    0.424609] pci 0000:00:16.4: setting latency timer to 64
[    0.424636] pci 0000:00:16.5: setting latency timer to 64
[    0.424662] pci 0000:00:16.6: setting latency timer to 64
[    0.424688] pci 0000:00:16.7: setting latency timer to 64
[    0.424714] pci 0000:00:17.0: setting latency timer to 64
[    0.424740] pci 0000:00:17.1: setting latency timer to 64
[    0.424766] pci 0000:00:17.2: setting latency timer to 64
[    0.424792] pci 0000:00:17.3: setting latency timer to 64
[    0.424818] pci 0000:00:17.4: setting latency timer to 64
[    0.424845] pci 0000:00:17.5: setting latency timer to 64
[    0.424871] pci 0000:00:17.6: setting latency timer to 64
[    0.424897] pci 0000:00:17.7: setting latency timer to 64
[    0.424923] pci 0000:00:18.0: setting latency timer to 64
[    0.424949] pci 0000:00:18.1: setting latency timer to 64
[    0.424975] pci 0000:00:18.2: setting latency timer to 64
[    0.425001] pci 0000:00:18.3: setting latency timer to 64
[    0.425028] pci 0000:00:18.4: setting latency timer to 64
[    0.425054] pci 0000:00:18.5: setting latency timer to 64
[    0.425080] pci 0000:00:18.6: setting latency timer to 64
[    0.425106] pci 0000:00:18.7: setting latency timer to 64
[    0.425119] pci_bus 0000:00: resource 4 [mem 0x000a0000-0x000bffff]
[    0.425121] pci_bus 0000:00: resource 5 [mem 0x000cc000-0x000cffff]
[    0.425123] pci_bus 0000:00: resource 6 [mem 0x000d0000-0x000d3fff]
[    0.425125] pci_bus 0000:00: resource 7 [mem 0x000d4000-0x000d7fff]
[    0.425127] pci_bus 0000:00: resource 8 [mem 0x000d8000-0x000dbfff]
[    0.425129] pci_bus 0000:00: resource 9 [mem 0xc0000000-0xfebfffff]
[    0.425131] pci_bus 0000:00: resource 10 [io  0x0000-0x0cf7]
[    0.425134] pci_bus 0000:00: resource 11 [io  0x0d00-0xfeff]
[    0.425136] pci_bus 0000:02: resource 0 [io  0x2000-0x3fff]
[    0.425138] pci_bus 0000:02: resource 1 [mem 0xc9000000-0xca3fffff]
[    0.425140] pci_bus 0000:02: resource 2 [mem 0xd8400000-0xd89fffff 64bit pref]
[    0.425142] pci_bus 0000:02: resource 4 [mem 0x000a0000-0x000bffff]
[    0.425144] pci_bus 0000:02: resource 5 [mem 0x000cc000-0x000cffff]
[    0.425146] pci_bus 0000:02: resource 6 [mem 0x000d0000-0x000d3fff]
[    0.425148] pci_bus 0000:02: resource 7 [mem 0x000d4000-0x000d7fff]
[    0.425150] pci_bus 0000:02: resource 8 [mem 0x000d8000-0x000dbfff]
[    0.425152] pci_bus 0000:02: resource 9 [mem 0xc0000000-0xfebfffff]
[    0.425154] pci_bus 0000:02: resource 10 [io  0x0000-0x0cf7]
[    0.425157] pci_bus 0000:02: resource 11 [io  0x0d00-0xfeff]
[    0.425159] pci_bus 0000:03: resource 0 [io  0x4000-0x4fff]
[    0.425161] pci_bus 0000:03: resource 1 [mem 0xca400000-0xca4fffff]
[    0.425163] pci_bus 0000:03: resource 2 [mem 0xd8a00000-0xd8afffff 64bit pref]
[    0.425165] pci_bus 0000:04: resource 0 [io  0x8000-0x8fff]
[    0.425167] pci_bus 0000:04: resource 1 [mem 0xca800000-0xca8fffff]
[    0.425169] pci_bus 0000:04: resource 2 [mem 0xd8e00000-0xd8efffff 64bit pref]
[    0.425171] pci_bus 0000:05: resource 0 [io  0xc000-0xcfff]
[    0.425173] pci_bus 0000:05: resource 1 [mem 0xcac00000-0xcacfffff]
[    0.425175] pci_bus 0000:05: resource 2 [mem 0xd9200000-0xd92fffff 64bit pref]
[    0.425178] pci_bus 0000:06: resource 1 [mem 0xcb000000-0xcb0fffff]
[    0.425180] pci_bus 0000:06: resource 2 [mem 0xd9600000-0xd96fffff 64bit pref]
[    0.425182] pci_bus 0000:07: resource 1 [mem 0xcb400000-0xcb4fffff]
[    0.425184] pci_bus 0000:07: resource 2 [mem 0xd9a00000-0xd9afffff 64bit pref]
[    0.425186] pci_bus 0000:08: resource 1 [mem 0xcb800000-0xcb8fffff]
[    0.425188] pci_bus 0000:08: resource 2 [mem 0xd9e00000-0xd9efffff 64bit pref]
[    0.425191] pci_bus 0000:09: resource 1 [mem 0xcbc00000-0xcbcfffff]
[    0.425193] pci_bus 0000:09: resource 2 [mem 0xda200000-0xda2fffff 64bit pref]
[    0.425195] pci_bus 0000:0a: resource 1 [mem 0xcc000000-0xcc0fffff]
[    0.425197] pci_bus 0000:0a: resource 2 [mem 0xda600000-0xda6fffff 64bit pref]
[    0.425199] pci_bus 0000:0b: resource 0 [io  0x5000-0x5fff]
[    0.425201] pci_bus 0000:0b: resource 1 [mem 0xca500000-0xca5fffff]
[    0.425203] pci_bus 0000:0b: resource 2 [mem 0xd8b00000-0xd8bfffff 64bit pref]
[    0.425206] pci_bus 0000:0c: resource 0 [io  0x9000-0x9fff]
[    0.425208] pci_bus 0000:0c: resource 1 [mem 0xca900000-0xca9fffff]
[    0.425210] pci_bus 0000:0c: resource 2 [mem 0xd8f00000-0xd8ffffff 64bit pref]
[    0.425212] pci_bus 0000:0d: resource 0 [io  0xd000-0xdfff]
[    0.425214] pci_bus 0000:0d: resource 1 [mem 0xcad00000-0xcadfffff]
[    0.425216] pci_bus 0000:0d: resource 2 [mem 0xd9300000-0xd93fffff 64bit pref]
[    0.425218] pci_bus 0000:0e: resource 1 [mem 0xcb100000-0xcb1fffff]
[    0.425221] pci_bus 0000:0e: resource 2 [mem 0xd9700000-0xd97fffff 64bit pref]
[    0.425223] pci_bus 0000:0f: resource 1 [mem 0xcb500000-0xcb5fffff]
[    0.425225] pci_bus 0000:0f: resource 2 [mem 0xd9b00000-0xd9bfffff 64bit pref]
[    0.425227] pci_bus 0000:10: resource 1 [mem 0xcb900000-0xcb9fffff]
[    0.425229] pci_bus 0000:10: resource 2 [mem 0xd9f00000-0xd9ffffff 64bit pref]
[    0.425232] pci_bus 0000:11: resource 1 [mem 0xcbd00000-0xcbdfffff]
[    0.425234] pci_bus 0000:11: resource 2 [mem 0xda300000-0xda3fffff 64bit pref]
[    0.425236] pci_bus 0000:12: resource 1 [mem 0xcc100000-0xcc1fffff]
[    0.425238] pci_bus 0000:12: resource 2 [mem 0xda700000-0xda7fffff 64bit pref]
[    0.425240] pci_bus 0000:13: resource 0 [io  0x6000-0x6fff]
[    0.425242] pci_bus 0000:13: resource 1 [mem 0xca600000-0xca6fffff]
[    0.425244] pci_bus 0000:13: resource 2 [mem 0xd8c00000-0xd8cfffff 64bit pref]
[    0.425247] pci_bus 0000:14: resource 0 [io  0xa000-0xafff]
[    0.425249] pci_bus 0000:14: resource 1 [mem 0xcaa00000-0xcaafffff]
[    0.425251] pci_bus 0000:14: resource 2 [mem 0xd9000000-0xd90fffff 64bit pref]
[    0.425253] pci_bus 0000:15: resource 0 [io  0xe000-0xefff]
[    0.425255] pci_bus 0000:15: resource 1 [mem 0xcae00000-0xcaefffff]
[    0.425257] pci_bus 0000:15: resource 2 [mem 0xd9400000-0xd94fffff 64bit pref]
[    0.425259] pci_bus 0000:16: resource 1 [mem 0xcb200000-0xcb2fffff]
[    0.425261] pci_bus 0000:16: resource 2 [mem 0xd9800000-0xd98fffff 64bit pref]
[    0.425264] pci_bus 0000:17: resource 1 [mem 0xcb600000-0xcb6fffff]
[    0.425266] pci_bus 0000:17: resource 2 [mem 0xd9c00000-0xd9cfffff 64bit pref]
[    0.425268] pci_bus 0000:18: resource 1 [mem 0xcba00000-0xcbafffff]
[    0.425270] pci_bus 0000:18: resource 2 [mem 0xda000000-0xda0fffff 64bit pref]
[    0.425272] pci_bus 0000:19: resource 1 [mem 0xcbe00000-0xcbefffff]
[    0.425274] pci_bus 0000:19: resource 2 [mem 0xda400000-0xda4fffff 64bit pref]
[    0.425277] pci_bus 0000:1a: resource 1 [mem 0xcc200000-0xcc2fffff]
[    0.425279] pci_bus 0000:1a: resource 2 [mem 0xda800000-0xda8fffff 64bit pref]
[    0.425281] pci_bus 0000:1b: resource 0 [io  0x7000-0x7fff]
[    0.425283] pci_bus 0000:1b: resource 1 [mem 0xca700000-0xca7fffff]
[    0.425285] pci_bus 0000:1b: resource 2 [mem 0xd8d00000-0xd8dfffff 64bit pref]
[    0.425287] pci_bus 0000:1c: resource 0 [io  0xb000-0xbfff]
[    0.425289] pci_bus 0000:1c: resource 1 [mem 0xcab00000-0xcabfffff]
[    0.425291] pci_bus 0000:1c: resource 2 [mem 0xd9100000-0xd91fffff 64bit pref]
[    0.425293] pci_bus 0000:1d: resource 1 [mem 0xcaf00000-0xcaffffff]
[    0.425296] pci_bus 0000:1d: resource 2 [mem 0xd9500000-0xd95fffff 64bit pref]
[    0.425298] pci_bus 0000:1e: resource 1 [mem 0xcb300000-0xcb3fffff]
[    0.425300] pci_bus 0000:1e: resource 2 [mem 0xd9900000-0xd99fffff 64bit pref]
[    0.425302] pci_bus 0000:1f: resource 1 [mem 0xcb700000-0xcb7fffff]
[    0.425304] pci_bus 0000:1f: resource 2 [mem 0xd9d00000-0xd9dfffff 64bit pref]
[    0.425306] pci_bus 0000:20: resource 1 [mem 0xcbb00000-0xcbbfffff]
[    0.425309] pci_bus 0000:20: resource 2 [mem 0xda100000-0xda1fffff 64bit pref]
[    0.425311] pci_bus 0000:21: resource 1 [mem 0xcbf00000-0xcbffffff]
[    0.425313] pci_bus 0000:21: resource 2 [mem 0xda500000-0xda5fffff 64bit pref]
[    0.425315] pci_bus 0000:22: resource 1 [mem 0xcc300000-0xcc3fffff]
[    0.425317] pci_bus 0000:22: resource 2 [mem 0xda900000-0xda9fffff 64bit pref]
[    0.425343] NET: Registered protocol family 2
[    0.425369] IP route cache hash table entries: 32768 (order: 5, 131072 bytes)
[    0.425396] TCP established hash table entries: 131072 (order: 8, 1048576 bytes)
[    0.425556] TCP bind hash table entries: 65536 (order: 7, 524288 bytes)
[    0.425582] TCP: Hash tables configured (established 131072 bind 65536)
[    0.425585] TCP reno registered
[    0.425587] UDP hash table entries: 512 (order: 2, 16384 bytes)
[    0.425595] UDP-Lite hash table entries: 512 (order: 2, 16384 bytes)
[    0.425621] NET: Registered protocol family 1
[    0.425630] pci 0000:00:00.0: Limiting direct PCI/PCI transfers
[    0.425656] pci 0000:00:0f.0: Boot video device
[    0.425682] ACPI: PCI Interrupt Link [LNKC] enabled at IRQ 10
[    0.425685] PCI: setting IRQ 10 as level-triggered
[    0.425691] pci 0000:02:00.0: PCI INT A -> Link[LNKC] -> GSI 10 (level, low) -> IRQ 10
[    0.425748] pci 0000:02:00.0: PCI INT A disabled
[    0.425774] ACPI: PCI Interrupt Link [LNKB] enabled at IRQ 11
[    0.425776] PCI: setting IRQ 11 as level-triggered
[    0.425780] pci 0000:02:03.0: PCI INT A -> Link[LNKB] -> GSI 11 (level, low) -> IRQ 11
[    0.425806] pci 0000:02:03.0: PCI INT A disabled
[    0.425819] PCI: CLS 32 bytes, default 64
[    0.425859] Simple Boot Flag at 0x36 set to 0x1
[    0.425864] Switching to clocksource tsc
[    0.426012] audit: initializing netlink socket (disabled)
[    0.426018] type=2000 audit(1369651313.400:1): initialized
[    0.437577] Trying to unpack rootfs image as initramfs...
[    0.453646] highmem bounce pool size: 64 pages
[    0.453651] HugeTLB registered 2 MB page size, pre-allocated 0 pages
[    0.461552] VFS: Disk quotas dquot_6.5.2
[    0.461578] Dquot-cache hash table entries: 1024 (order 0, 4096 bytes)
[    0.461668] fuse init (API version 7.17)
[    0.461716] msgmni has been set to 1710
[    0.473543] Block layer SCSI generic (bsg) driver version 0.4 loaded (major 253)
[    0.473571] io scheduler noop registered
[    0.473573] io scheduler deadline registered
[    0.473579] io scheduler cfq registered (default)
[    0.473606] pcieport 0000:00:15.0: setting latency timer to 64
[    0.473632] pcieport 0000:00:15.0: irq 40 for MSI/MSI-X
[    0.473658] pcieport 0000:00:15.1: setting latency timer to 64
[    0.473684] pcieport 0000:00:15.1: irq 41 for MSI/MSI-X
[    0.473710] pcieport 0000:00:15.2: setting latency timer to 64
[    0.473736] pcieport 0000:00:15.2: irq 42 for MSI/MSI-X
[    0.473762] pcieport 0000:00:15.3: setting latency timer to 64
[    0.473789] pcieport 0000:00:15.3: irq 43 for MSI/MSI-X
[    0.473815] pcieport 0000:00:15.4: setting latency timer to 64
[    0.473841] pcieport 0000:00:15.4: irq 44 for MSI/MSI-X
[    0.473867] pcieport 0000:00:15.5: setting latency timer to 64
[    0.473893] pcieport 0000:00:15.5: irq 45 for MSI/MSI-X
[    0.473919] pcieport 0000:00:15.6: setting latency timer to 64
[    0.473945] pcieport 0000:00:15.6: irq 46 for MSI/MSI-X
[    0.473971] pcieport 0000:00:15.7: setting latency timer to 64
[    0.473998] pcieport 0000:00:15.7: irq 47 for MSI/MSI-X
[    0.474024] pcieport 0000:00:16.0: setting latency timer to 64
[    0.474050] pcieport 0000:00:16.0: irq 48 for MSI/MSI-X
[    0.474076] pcieport 0000:00:16.1: setting latency timer to 64
[    0.474102] pcieport 0000:00:16.1: irq 49 for MSI/MSI-X
[    0.474128] pcieport 0000:00:16.2: setting latency timer to 64
[    0.474154] pcieport 0000:00:16.2: irq 50 for MSI/MSI-X
[    0.474181] pcieport 0000:00:16.3: setting latency timer to 64
[    0.474207] pcieport 0000:00:16.3: irq 51 for MSI/MSI-X
[    0.474233] pcieport 0000:00:16.4: setting latency timer to 64
[    0.474259] pcieport 0000:00:16.4: irq 52 for MSI/MSI-X
[    0.474285] pcieport 0000:00:16.5: setting latency timer to 64
[    0.474311] pcieport 0000:00:16.5: irq 53 for MSI/MSI-X
[    0.474337] pcieport 0000:00:16.6: setting latency timer to 64
[    0.474363] pcieport 0000:00:16.6: irq 54 for MSI/MSI-X
[    0.474390] pcieport 0000:00:16.7: setting latency timer to 64
[    0.474416] pcieport 0000:00:16.7: irq 55 for MSI/MSI-X
[    0.474442] pcieport 0000:00:17.0: setting latency timer to 64
[    0.474468] pcieport 0000:00:17.0: irq 56 for MSI/MSI-X
[    0.474494] pcieport 0000:00:17.1: setting latency timer to 64
[    0.474520] pcieport 0000:00:17.1: irq 57 for MSI/MSI-X
[    0.474546] pcieport 0000:00:17.2: setting latency timer to 64
[    0.474573] pcieport 0000:00:17.2: irq 58 for MSI/MSI-X
[    0.474599] pcieport 0000:00:17.3: setting latency timer to 64
[    0.474625] pcieport 0000:00:17.3: irq 59 for MSI/MSI-X
[    0.474651] pcieport 0000:00:17.4: setting latency timer to 64
[    0.474677] pcieport 0000:00:17.4: irq 60 for MSI/MSI-X
[    0.474703] pcieport 0000:00:17.5: setting latency timer to 64
[    0.474729] pcieport 0000:00:17.5: irq 61 for MSI/MSI-X
[    0.474756] pcieport 0000:00:17.6: setting latency timer to 64
[    0.474782] pcieport 0000:00:17.6: irq 62 for MSI/MSI-X
[    0.474808] pcieport 0000:00:17.7: setting latency timer to 64
[    0.474834] pcieport 0000:00:17.7: irq 63 for MSI/MSI-X
[    0.474860] pcieport 0000:00:18.0: setting latency timer to 64
[    0.474886] pcieport 0000:00:18.0: irq 64 for MSI/MSI-X
[    0.474912] pcieport 0000:00:18.1: setting latency timer to 64
[    0.474938] pcieport 0000:00:18.1: irq 65 for MSI/MSI-X
[    0.474965] pcieport 0000:00:18.2: setting latency timer to 64
[    0.474991] pcieport 0000:00:18.2: irq 66 for MSI/MSI-X
[    0.475017] pcieport 0000:00:18.3: setting latency timer to 64
[    0.475043] pcieport 0000:00:18.3: irq 67 for MSI/MSI-X
[    0.475069] pcieport 0000:00:18.4: setting latency timer to 64
[    0.475095] pcieport 0000:00:18.4: irq 68 for MSI/MSI-X
[    0.475121] pcieport 0000:00:18.5: setting latency timer to 64
[    0.475148] pcieport 0000:00:18.5: irq 69 for MSI/MSI-X
[    0.475174] pcieport 0000:00:18.6: setting latency timer to 64
[    0.475200] pcieport 0000:00:18.6: irq 70 for MSI/MSI-X
[    0.475226] pcieport 0000:00:18.7: setting latency timer to 64
[    0.475252] pcieport 0000:00:18.7: irq 71 for MSI/MSI-X
[    0.475278] pcieport 0000:00:15.0: Signaling PME through PCIe PME interrupt
[    0.475304] pcie_pme 0000:00:15.0:pcie01: service driver pcie_pme loaded
[    0.475330] pcieport 0000:00:15.1: Signaling PME through PCIe PME interrupt
[    0.475355] pcie_pme 0000:00:15.1:pcie01: service driver pcie_pme loaded
[    0.475381] pcieport 0000:00:15.2: Signaling PME through PCIe PME interrupt
[    0.475407] pcie_pme 0000:00:15.2:pcie01: service driver pcie_pme loaded
[    0.475433] pcieport 0000:00:15.3: Signaling PME through PCIe PME interrupt
[    0.475459] pcie_pme 0000:00:15.3:pcie01: service driver pcie_pme loaded
[    0.475485] pcieport 0000:00:15.4: Signaling PME through PCIe PME interrupt
[    0.475510] pcie_pme 0000:00:15.4:pcie01: service driver pcie_pme loaded
[    0.475536] pcieport 0000:00:15.5: Signaling PME through PCIe PME interrupt
[    0.475562] pcie_pme 0000:00:15.5:pcie01: service driver pcie_pme loaded
[    0.475588] pcieport 0000:00:15.6: Signaling PME through PCIe PME interrupt
[    0.475613] pcie_pme 0000:00:15.6:pcie01: service driver pcie_pme loaded
[    0.475639] pcieport 0000:00:15.7: Signaling PME through PCIe PME interrupt
[    0.475664] pcie_pme 0000:00:15.7:pcie01: service driver pcie_pme loaded
[    0.475690] pcieport 0000:00:16.0: Signaling PME through PCIe PME interrupt
[    0.475716] pcie_pme 0000:00:16.0:pcie01: service driver pcie_pme loaded
[    0.475742] pcieport 0000:00:16.1: Signaling PME through PCIe PME interrupt
[    0.475767] pcie_pme 0000:00:16.1:pcie01: service driver pcie_pme loaded
[    0.475793] pcieport 0000:00:16.2: Signaling PME through PCIe PME interrupt
[    0.475818] pcie_pme 0000:00:16.2:pcie01: service driver pcie_pme loaded
[    0.475844] pcieport 0000:00:16.3: Signaling PME through PCIe PME interrupt
[    0.475870] pcie_pme 0000:00:16.3:pcie01: service driver pcie_pme loaded
[    0.475896] pcieport 0000:00:16.4: Signaling PME through PCIe PME interrupt
[    0.475921] pcie_pme 0000:00:16.4:pcie01: service driver pcie_pme loaded
[    0.475947] pcieport 0000:00:16.5: Signaling PME through PCIe PME interrupt
[    0.475972] pcie_pme 0000:00:16.5:pcie01: service driver pcie_pme loaded
[    0.475999] pcieport 0000:00:16.6: Signaling PME through PCIe PME interrupt
[    0.476024] pcie_pme 0000:00:16.6:pcie01: service driver pcie_pme loaded
[    0.476050] pcieport 0000:00:16.7: Signaling PME through PCIe PME interrupt
[    0.476076] pcie_pme 0000:00:16.7:pcie01: service driver pcie_pme loaded
[    0.476102] pcieport 0000:00:17.0: Signaling PME through PCIe PME interrupt
[    0.476127] pcie_pme 0000:00:17.0:pcie01: service driver pcie_pme loaded
[    0.476153] pcieport 0000:00:17.1: Signaling PME through PCIe PME interrupt
[    0.476178] pcie_pme 0000:00:17.1:pcie01: service driver pcie_pme loaded
[    0.476205] pcieport 0000:00:17.2: Signaling PME through PCIe PME interrupt
[    0.476230] pcie_pme 0000:00:17.2:pcie01: service driver pcie_pme loaded
[    0.476256] pcieport 0000:00:17.3: Signaling PME through PCIe PME interrupt
[    0.476281] pcie_pme 0000:00:17.3:pcie01: service driver pcie_pme loaded
[    0.476307] pcieport 0000:00:17.4: Signaling PME through PCIe PME interrupt
[    0.476333] pcie_pme 0000:00:17.4:pcie01: service driver pcie_pme loaded
[    0.476359] pcieport 0000:00:17.5: Signaling PME through PCIe PME interrupt
[    0.476384] pcie_pme 0000:00:17.5:pcie01: service driver pcie_pme loaded
[    0.476410] pcieport 0000:00:17.6: Signaling PME through PCIe PME interrupt
[    0.476436] pcie_pme 0000:00:17.6:pcie01: service driver pcie_pme loaded
[    0.476462] pcieport 0000:00:17.7: Signaling PME through PCIe PME interrupt
[    0.476487] pcie_pme 0000:00:17.7:pcie01: service driver pcie_pme loaded
[    0.476513] pcieport 0000:00:18.0: Signaling PME through PCIe PME interrupt
[    0.476539] pcie_pme 0000:00:18.0:pcie01: service driver pcie_pme loaded
[    0.476565] pcieport 0000:00:18.1: Signaling PME through PCIe PME interrupt
[    0.476590] pcie_pme 0000:00:18.1:pcie01: service driver pcie_pme loaded
[    0.476617] pcieport 0000:00:18.2: Signaling PME through PCIe PME interrupt
[    0.476642] pcie_pme 0000:00:18.2:pcie01: service driver pcie_pme loaded
[    0.476668] pcieport 0000:00:18.3: Signaling PME through PCIe PME interrupt
[    0.476693] pcie_pme 0000:00:18.3:pcie01: service driver pcie_pme loaded
[    0.476719] pcieport 0000:00:18.4: Signaling PME through PCIe PME interrupt
[    0.476744] pcie_pme 0000:00:18.4:pcie01: service driver pcie_pme loaded
[    0.476770] pcieport 0000:00:18.5: Signaling PME through PCIe PME interrupt
[    0.476796] pcie_pme 0000:00:18.5:pcie01: service driver pcie_pme loaded
[    0.476822] pcieport 0000:00:18.6: Signaling PME through PCIe PME interrupt
[    0.476848] pcie_pme 0000:00:18.6:pcie01: service driver pcie_pme loaded
[    0.476874] pcieport 0000:00:18.7: Signaling PME through PCIe PME interrupt
[    0.476899] pcie_pme 0000:00:18.7:pcie01: service driver pcie_pme loaded
[    0.476918] pci_hotplug: PCI Hot Plug PCI Core version: 0.5
[    0.477489] pciehp 0000:00:15.0:pcie04: HPC vendor_id 15ad device_id 7a0 ss_vid 15ad ss_did 7a0
[    0.481508] pciehp 0000:00:15.0:pcie04: service driver pciehp loaded
[    0.481534] pciehp 0000:00:15.1:pcie04: HPC vendor_id 15ad device_id 7a0 ss_vid 15ad ss_did 7a0
[    0.481560] pciehp 0000:00:15.1:pcie04: service driver pciehp loaded
[    0.481586] pciehp 0000:00:15.2:pcie04: HPC vendor_id 15ad device_id 7a0 ss_vid 15ad ss_did 7a0
[    0.481613] pciehp 0000:00:15.2:pcie04: service driver pciehp loaded
[    0.481639] pciehp 0000:00:15.3:pcie04: HPC vendor_id 15ad device_id 7a0 ss_vid 15ad ss_did 7a0
[    0.481665] pciehp 0000:00:15.3:pcie04: service driver pciehp loaded
[    0.481691] pciehp 0000:00:15.4:pcie04: HPC vendor_id 15ad device_id 7a0 ss_vid 15ad ss_did 7a0
[    0.481717] pciehp 0000:00:15.4:pcie04: service driver pciehp loaded
[    0.481743] pciehp 0000:00:15.5:pcie04: HPC vendor_id 15ad device_id 7a0 ss_vid 15ad ss_did 7a0
[    0.481769] pciehp 0000:00:15.5:pcie04: service driver pciehp loaded
[    0.481796] pciehp 0000:00:15.6:pcie04: HPC vendor_id 15ad device_id 7a0 ss_vid 15ad ss_did 7a0
[    0.481822] pciehp 0000:00:15.6:pcie04: service driver pciehp loaded
[    0.481848] pciehp 0000:00:15.7:pcie04: HPC vendor_id 15ad device_id 7a0 ss_vid 15ad ss_did 7a0
[    0.481874] pciehp 0000:00:15.7:pcie04: service driver pciehp loaded
[    0.481900] pciehp 0000:00:16.0:pcie04: HPC vendor_id 15ad device_id 7a0 ss_vid 15ad ss_did 7a0
[    0.481926] pciehp 0000:00:16.0:pcie04: service driver pciehp loaded
[    0.481952] pciehp 0000:00:16.1:pcie04: HPC vendor_id 15ad device_id 7a0 ss_vid 15ad ss_did 7a0
[    0.481979] pciehp 0000:00:16.1:pcie04: service driver pciehp loaded
[    0.482005] pciehp 0000:00:16.2:pcie04: HPC vendor_id 15ad device_id 7a0 ss_vid 15ad ss_did 7a0
[    0.482031] pciehp 0000:00:16.2:pcie04: service driver pciehp loaded
[    0.482057] pciehp 0000:00:16.3:pcie04: HPC vendor_id 15ad device_id 7a0 ss_vid 15ad ss_did 7a0
[    0.482083] pciehp 0000:00:16.3:pcie04: service driver pciehp loaded
[    0.482109] pciehp 0000:00:16.4:pcie04: HPC vendor_id 15ad device_id 7a0 ss_vid 15ad ss_did 7a0
[    0.482135] pciehp 0000:00:16.4:pcie04: service driver pciehp loaded
[    0.482161] pciehp 0000:00:16.5:pcie04: HPC vendor_id 15ad device_id 7a0 ss_vid 15ad ss_did 7a0
[    0.482188] pciehp 0000:00:16.5:pcie04: service driver pciehp loaded
[    0.482214] pciehp 0000:00:16.6:pcie04: HPC vendor_id 15ad device_id 7a0 ss_vid 15ad ss_did 7a0
[    0.482240] pciehp 0000:00:16.6:pcie04: service driver pciehp loaded
[    0.482266] pciehp 0000:00:16.7:pcie04: HPC vendor_id 15ad device_id 7a0 ss_vid 15ad ss_did 7a0
[    0.482292] pciehp 0000:00:16.7:pcie04: service driver pciehp loaded
[    0.482318] pciehp 0000:00:17.0:pcie04: HPC vendor_id 15ad device_id 7a0 ss_vid 15ad ss_did 7a0
[    0.482344] pciehp 0000:00:17.0:pcie04: service driver pciehp loaded
[    0.482371] pciehp 0000:00:17.1:pcie04: HPC vendor_id 15ad device_id 7a0 ss_vid 15ad ss_did 7a0
[    0.482397] pciehp 0000:00:17.1:pcie04: service driver pciehp loaded
[    0.482423] pciehp 0000:00:17.2:pcie04: HPC vendor_id 15ad device_id 7a0 ss_vid 15ad ss_did 7a0
[    0.482449] pciehp 0000:00:17.2:pcie04: service driver pciehp loaded
[    0.482475] pciehp 0000:00:17.3:pcie04: HPC vendor_id 15ad device_id 7a0 ss_vid 15ad ss_did 7a0
[    0.482501] pciehp 0000:00:17.3:pcie04: service driver pciehp loaded
[    0.482527] pciehp 0000:00:17.4:pcie04: HPC vendor_id 15ad device_id 7a0 ss_vid 15ad ss_did 7a0
[    0.482553] pciehp 0000:00:17.4:pcie04: service driver pciehp loaded
[    0.482580] pciehp 0000:00:17.5:pcie04: HPC vendor_id 15ad device_id 7a0 ss_vid 15ad ss_did 7a0
[    0.482606] pciehp 0000:00:17.5:pcie04: service driver pciehp loaded
[    0.482632] pciehp 0000:00:17.6:pcie04: HPC vendor_id 15ad device_id 7a0 ss_vid 15ad ss_did 7a0
[    0.482658] pciehp 0000:00:17.6:pcie04: service driver pciehp loaded
[    0.482684] pciehp 0000:00:17.7:pcie04: HPC vendor_id 15ad device_id 7a0 ss_vid 15ad ss_did 7a0
[    0.482710] pciehp 0000:00:17.7:pcie04: service driver pciehp loaded
[    0.482736] pciehp 0000:00:18.0:pcie04: HPC vendor_id 15ad device_id 7a0 ss_vid 15ad ss_did 7a0
[    0.482763] pciehp 0000:00:18.0:pcie04: service driver pciehp loaded
[    0.482789] pciehp 0000:00:18.1:pcie04: HPC vendor_id 15ad device_id 7a0 ss_vid 15ad ss_did 7a0
[    0.482815] pciehp 0000:00:18.1:pcie04: service driver pciehp loaded
[    0.482841] pciehp 0000:00:18.2:pcie04: HPC vendor_id 15ad device_id 7a0 ss_vid 15ad ss_did 7a0
[    0.482867] pciehp 0000:00:18.2:pcie04: service driver pciehp loaded
[    0.482893] pciehp 0000:00:18.3:pcie04: HPC vendor_id 15ad device_id 7a0 ss_vid 15ad ss_did 7a0
[    0.482919] pciehp 0000:00:18.3:pcie04: service driver pciehp loaded
[    0.482945] pciehp 0000:00:18.4:pcie04: HPC vendor_id 15ad device_id 7a0 ss_vid 15ad ss_did 7a0
[    0.482972] pciehp 0000:00:18.4:pcie04: service driver pciehp loaded
[    0.482998] pciehp 0000:00:18.5:pcie04: HPC vendor_id 15ad device_id 7a0 ss_vid 15ad ss_did 7a0
[    0.483024] pciehp 0000:00:18.5:pcie04: service driver pciehp loaded
[    0.483050] pciehp 0000:00:18.6:pcie04: HPC vendor_id 15ad device_id 7a0 ss_vid 15ad ss_did 7a0
[    0.483076] pciehp 0000:00:18.6:pcie04: service driver pciehp loaded
[    0.483102] pciehp 0000:00:18.7:pcie04: HPC vendor_id 15ad device_id 7a0 ss_vid 15ad ss_did 7a0
[    0.483128] pciehp 0000:00:18.7:pcie04: service driver pciehp loaded
[    0.483139] pciehp: PCI Express Hot Plug Controller Driver version: 0.4
[    0.483165] ACPI: Deprecated procfs I/F for AC is loaded, please retry with CONFIG_ACPI_PROCFS_POWER cleared
[    0.483197] ACPI: AC Adapter [ACAD] (on-line)
[    0.483252] input: Power Button as /devices/LNXSYSTM:00/LNXPWRBN:00/input/input0
[    0.483258] ACPI: Power Button [PWRF]
[    0.505464] ERST: Table is not found!
[    0.505468] GHES: HEST is not enabled!
[    0.505559] Serial: 8250/16550 driver, 32 ports, IRQ sharing enabled
[    0.529283] serial8250: ttyS0 at I/O 0x3f8 (irq = 4) is a 16550A
[    0.529315] isapnp: Scanning for PnP cards...
[    0.669091] serial8250: ttyS1 at I/O 0x2f8 (irq = 3) is a 16550A
[    0.717014] 00:0a: ttyS0 at I/O 0x3f8 (irq = 4) is a 16550A
[    0.800985] 00:0b: ttyS1 at I/O 0x2f8 (irq = 3) is a 16550A
[    0.821117] Linux agpgart interface v0.103
[    0.821143] agpgart-intel 0000:00:00.0: Intel 440BX Chipset
[    0.821202] agpgart-intel 0000:00:00.0: AGP aperture is 256M @ 0x0
[    0.825473] brd: module loaded
[    0.825753] loop: module loaded
[    0.825779] ata_piix 0000:00:07.1: version 2.13
[    0.825832] scsi0 : ata_piix
[    0.825875] scsi1 : ata_piix
[    0.825901] ata1: PATA max UDMA/33 cmd 0x1f0 ctl 0x3f6 bmdma 0x10c0 irq 14
[    0.825904] ata2: PATA max UDMA/33 cmd 0x170 ctl 0x376 bmdma 0x10c8 irq 15
[    0.825933] Fixed MDIO Bus: probed
[    0.825946] tun: Universal TUN/TAP device driver, 1.6
[    0.825948] tun: (C) 1999-2004 Max Krasnyansky <maxk@qualcomm.com>
[    0.825998] PPP generic driver version 2.4.2
[    0.826056] ehci_hcd: USB 2.0 'Enhanced' Host Controller (EHCI) Driver
[    0.826083] ehci_hcd 0000:02:03.0: PCI INT A -> Link[LNKB] -> GSI 11 (level, low) -> IRQ 11
[    0.826109] ehci_hcd 0000:02:03.0: EHCI Host Controller
[    0.826145] ehci_hcd 0000:02:03.0: new USB bus registered, assigned bus number 1
[    0.826171] ehci_hcd 0000:02:03.0: cache line size of 32 is not supported
[    0.826179] ehci_hcd 0000:02:03.0: irq 11, io mem 0xc9000000
[    0.836961] ehci_hcd 0000:02:03.0: USB 2.0 started, EHCI 1.00
[    0.837034] hub 1-0:1.0: USB hub found
[    0.837038] hub 1-0:1.0: 6 ports detected
[    0.837064] ohci_hcd: USB 1.1 'Open' Host Controller (OHCI) Driver
[    0.837077] uhci_hcd: USB Universal Host Controller Interface driver
[    0.837104] uhci_hcd 0000:02:00.0: PCI INT A -> Link[LNKC] -> GSI 10 (level, low) -> IRQ 10
[    0.837130] uhci_hcd 0000:02:00.0: UHCI Host Controller
[    0.837166] uhci_hcd 0000:02:00.0: new USB bus registered, assigned bus number 2
[    0.837223] uhci_hcd 0000:02:00.0: irq 10, io base 0x000020c0
[    0.837288] hub 2-0:1.0: USB hub found
[    0.837291] hub 2-0:1.0: 2 ports detected
[    0.837317] usbcore: registered new interface driver libusual
[    0.837344] i8042: PNP: PS/2 Controller [PNP0303:KBC,PNP0f13:MOUS] at 0x60,0x64 irq 1,12
[    0.837601] serio: i8042 KBD port at 0x60,0x64 irq 1
[    0.837608] serio: i8042 AUX port at 0x60,0x64 irq 12
[    0.837694] mousedev: PS/2 mouse device common for all mice
[    0.837878] rtc_cmos 00:04: rtc core: registered rtc_cmos as rtc0
[    0.837919] rtc0: alarms up to one month, y3k, 114 bytes nvram, hpet irqs
[    0.837971] device-mapper: uevent: version 1.0.3
[    0.838020] device-mapper: ioctl: 4.22.0-ioctl (2011-10-19) initialised: dm-devel@redhat.com
[    0.838044] EISA: Probing bus 0 at eisa.0
[    0.838046] EISA: Cannot allocate resource for mainboard
[    0.838048] Cannot allocate resource for EISA slot 1
[    0.838050] Cannot allocate resource for EISA slot 2
[    0.838051] Cannot allocate resource for EISA slot 3
[    0.838053] Cannot allocate resource for EISA slot 4
[    0.838055] Cannot allocate resource for EISA slot 5
[    0.838056] Cannot allocate resource for EISA slot 6
[    0.838058] Cannot allocate resource for EISA slot 7
[    0.838059] Cannot allocate resource for EISA slot 8
[    0.838061] EISA: Detected 0 cards.
[    0.838068] cpufreq-nforce2: No nForce2 chipset.
[    0.838070] cpuidle: using governor ladder
[    0.838072] cpuidle: using governor menu
[    0.838074] EFI Variables Facility v0.08 2004-May-17
[    0.838100] TCP cubic registered
[    0.838126] NET: Registered protocol family 10
[    0.838152] NET: Registered protocol family 17
[    0.838156] Registering the dns_resolver key type
[    0.838172] Using IPI No-Shortcut mode
[    0.838233] PM: Hibernation image not present or could not be loaded.
[    0.838240] registered taskstats version 1
[    0.838580] input: AT Translated Set 2 keyboard as /devices/platform/i8042/serio0/input/input1
[    0.968790] Freeing initrd memory: 13836k freed
[    1.096690]   Magic number: 13:215:680
[    1.116630] rtc_cmos 00:04: setting system clock to 2013-05-27 10:41:55 UTC (1369651315)
[    1.116746] ata2.00: ATAPI: VMware Virtual IDE CDROM Drive, 00000001, max UDMA/33
[    1.117032] ata2.00: configured for UDMA/33
[    1.117148] BIOS EDD facility v0.16 2004-Jun-25, 0 devices found
[    1.117150] EDD information not available.
[    1.160812] isapnp: No Plug & Play device found
[    1.161030] scsi 1:0:0:0: CD-ROM            NECVMWar VMware IDE CDR10 1.00 PQ: 0 ANSI: 5
[    1.161614] sr0: scsi3-mmc drive: 306x/306x cd/rw xa/form2 cdda tray
[    1.161617] cdrom: Uniform CD-ROM driver Revision: 3.20
[    1.161713] sr 1:0:0:0: Attached scsi CD-ROM sr0
[    1.161837] sr 1:0:0:0: Attached scsi generic sg0 type 5
[    1.161901] Freeing unused kernel memory: 740k freed
[    1.161954] Write protecting the kernel text: 5816k
[    1.161964] Write protecting the kernel read-only data: 2376k
[    1.161966] NX-protecting the kernel data: 4424k
[    1.172471] usb 2-1: new full-speed USB device number 2 using uhci_hcd
[    1.173472] udevd[85]: starting version 175
[    1.188824] VMware vmxnet3 virtual NIC driver - version 1.1.29.0-k-NAPI
[    1.192843] VMware PVSCSI driver - version 1.0.1.0-k
[    1.197403] VMware vmxnet virtual NIC driver
[    1.197456] ACPI: PCI Interrupt Link [LNKD] enabled at IRQ 5
[    1.197460] PCI: setting IRQ 5 as level-triggered
[    1.197466] vmxnet 0000:02:01.0: PCI INT A -> Link[LNKD] -> GSI 5 (level, low) -> IRQ 5
[    1.197519] Found vmxnet/PCI at 0x2024, irq 5.
[    1.197572] features:
[    1.197583] numRxBuffers = 100, numRxBuffers2 = 1
[    1.197636] vmxnet 0000:02:01.0: eth0: set_features() failed (-1); wanted 0x00004000, left 0x00004800
[    1.222213] Fusion MPT base driver 3.04.20
[    1.222216] Copyright (c) 1999-2008 LSI Corporation
[    1.222402] Fusion MPT SPI Host driver 3.04.20
[    1.222450] mptspi 0000:00:10.0: PCI INT A -> Link[LNKB] -> GSI 11 (level, low) -> IRQ 11
[    1.228161] mptbase: ioc0: Initiating bringup
[    1.238909] Floppy drive(s): fd0 is 1.44M
[    1.252537] FDC 0 is a post-1991 82077
[    1.296331] ioc0: LSI53C1030 B0: Capabilities={Initiator}
[    1.304790] input: VMware VMware Virtual USB Mouse as /devices/pci0000:00/0000:00:11.0/0000:02:00.0/usb2/2-1/2-1:1.0/input/input2
[    1.304956] generic-usb 0003:0E0F:0003.0001: input,hidraw0: USB HID v1.10 Mouse [VMware VMware Virtual USB Mouse] on usb-0000:02:00.0-1/input0
[    1.305543] input: VMware VMware Virtual USB Mouse as /devices/pci0000:00/0000:00:11.0/0000:02:00.0/usb2/2-1/2-1:1.1/input/input3
[    1.305695] generic-usb 0003:0E0F:0003.0002: input,hidraw1: USB HID v1.10 Mouse [VMware VMware Virtual USB Mouse] on usb-0000:02:00.0-1/input1
[    1.305837] usbcore: registered new interface driver usbhid
[    1.305840] usbhid: USB HID core driver
[    1.412103] usb 2-2: new full-speed USB device number 3 using uhci_hcd
[    1.456116] scsi2 : ioc0: LSI53C1030 B0, FwRev=01032920h, Ports=1, MaxQ=128, IRQ=11
[    1.541511] hub 2-2:1.0: USB hub found
[    1.541859] hub 2-2:1.0: 7 ports detected
[    1.568718] scsi 2:0:0:0: Direct-Access     VMware,  VMware Virtual S 1.0  PQ: 0 ANSI: 2
[    1.568727] scsi target2:0:0: Beginning Domain Validation
[    1.569416] scsi target2:0:0: Domain Validation skipping write tests
[    1.569418] scsi target2:0:0: Ending Domain Validation
[    1.569472] scsi target2:0:0: FAST-40 WIDE SCSI 80.0 MB/s ST (25 ns, offset 127)
[    1.571942] sd 2:0:0:0: [sda] 41943040 512-byte logical blocks: (21.4 GB/20.0 GiB)
[    1.572000] sd 2:0:0:0: [sda] Write Protect is off
[    1.572003] sd 2:0:0:0: [sda] Mode Sense: 61 00 00 00
[    1.572076] sd 2:0:0:0: [sda] Cache data unavailable
[    1.572079] sd 2:0:0:0: [sda] Assuming drive cache: write through
[    1.572372] sd 2:0:0:0: [sda] Cache data unavailable
[    1.572374] sd 2:0:0:0: [sda] Assuming drive cache: write through
[    1.573075] sd 2:0:0:0: Attached scsi generic sg1 type 0
[    1.573715]  sda: sda1 sda2 < sda5 >
[    1.574083] sd 2:0:0:0: [sda] Cache data unavailable
[    1.574086] sd 2:0:0:0: [sda] Assuming drive cache: write through
[    1.574088] sd 2:0:0:0: [sda] Attached SCSI disk
[    1.610893] EXT4-fs (sda1): INFO: recovery required on readonly filesystem
[    1.610897] EXT4-fs (sda1): write access will be enabled during recovery
[    1.729145] EXT4-fs (sda1): recovery complete
[    1.729702] EXT4-fs (sda1): mounted filesystem with ordered data mode. Opts: (null)
[    3.148479] ADDRCONF(NETDEV_UP): eth0: link is not ready
[    3.154152] udevd[329]: starting version 175
[    3.195205] Adding 1046524k swap on /dev/sda5.  Priority:-1 extents:1 across:1046524k 
[    3.200321] lp: driver loaded but no devices found
[    3.298501] EXT4-fs (sda1): re-mounted. Opts: errors=remount-ro
[    3.309126] shpchp: Standard Hot Plug PCI Controller Driver version: 0.4
[    3.311748] piix4_smbus 0000:00:07.3: Host SMBus controller not enabled!
[    3.313404] [399]: VMCI: shared components initialized.
[    3.313421] Probing for vmci/PCI.
[    3.313571] ACPI: PCI Interrupt Link [LNKA] enabled at IRQ 9
[    3.313574] PCI: setting IRQ 9 as level-triggered
[    3.313579] vmci 0000:00:07.7: PCI INT A -> Link[LNKA] -> GSI 9 (level, low) -> IRQ 9
[    3.313621] Found vmci/PCI at 0x1080, irq 9.
[    3.313655] VMCI: using capabilities 0xc.
[    3.313725] [399]: VMCI: Host capability check passed.
[    3.313978] vmci 0000:00:07.7: irq 72 for MSI/MSI-X
[    3.314010] vmci 0000:00:07.7: irq 73 for MSI/MSI-X
[    3.314201] Registered vmci device.
[    3.330609] [399]: VMCI: Using guest personality
[    3.330613] [399]: VMCI: host components initialized.
[    3.332654] [399]: VMCI: Module registered (name=vmci,major=10,minor=57).
[    3.332658] [399]: VMCI: Using host personality
[    3.332662] [399]: VMCI: Module (name=vmci) is initialized
[    3.431530] Bluetooth: Core ver 2.16
[    3.432232] NET: Registered protocol family 31
[    3.432234] Bluetooth: HCI device and connection manager initialized
[    3.432237] Bluetooth: HCI socket layer initialized
[    3.432239] Bluetooth: L2CAP socket layer initialized
[    3.432243] Bluetooth: SCO socket layer initialized
[    3.436055] ppdev: user-space parallel port driver
[    3.437286] parport_pc 00:09: reported by Plug and Play ACPI
[    3.437406] parport0: PC-style at 0x378, irq 7 [PCSPP,TRISTATE]
[    3.448139] Bluetooth: BNEP (Ethernet Emulation) ver 1.3
[    3.448143] Bluetooth: BNEP filters: protocol multicast
[    3.450830] type=1400 audit(1369651317.834:2): apparmor="STATUS" operation="profile_load" name="/sbin/dhclient" pid=537 comm="apparmor_parser"
[    3.450955] type=1400 audit(1369651317.834:3): apparmor="STATUS" operation="profile_load" name="/usr/lib/NetworkManager/nm-dhcp-client.action" pid=537 comm="apparmor_parser"
[    3.451074] type=1400 audit(1369651317.834:4): apparmor="STATUS" operation="profile_load" name="/usr/lib/connman/scripts/dhclient-script" pid=537 comm="apparmor_parser"
[    3.464890] Bluetooth: RFCOMM TTY layer initialized
[    3.464895] Bluetooth: RFCOMM socket layer initialized
[    3.464897] Bluetooth: RFCOMM ver 1.11
[    3.533315] lp0: using parport0 (interrupt-driven).
[    3.538363] type=1400 audit(1369651317.922:5): apparmor="STATUS" operation="profile_load" name="/usr/lib/cups/backend/cups-pdf" pid=614 comm="apparmor_parser"
[    3.539892] type=1400 audit(1369651317.922:6): apparmor="STATUS" operation="profile_load" name="/usr/sbin/cupsd" pid=614 comm="apparmor_parser"
[    3.621644] snd_ens1371 0000:02:02.0: PCI INT A -> Link[LNKA] -> GSI 9 (level, low) -> IRQ 9
[    3.695395] input: ImPS/2 Generic Wheel Mouse as /devices/platform/i8042/serio1/input/input4
[    3.872271] init: failsafe main process (690) killed by TERM signal
[    3.972384] type=1400 audit(1369651318.358:7): apparmor="STATUS" operation="profile_load" name="/usr/lib/lightdm/lightdm/lightdm-guest-session-wrapper" pid=810 comm="apparmor_parser"
[    3.977908] type=1400 audit(1369651318.362:8): apparmor="STATUS" operation="profile_replace" name="/sbin/dhclient" pid=811 comm="apparmor_parser"
[    3.978042] type=1400 audit(1369651318.362:9): apparmor="STATUS" operation="profile_replace" name="/usr/lib/NetworkManager/nm-dhcp-client.action" pid=811 comm="apparmor_parser"
[    3.978162] type=1400 audit(1369651318.362:10): apparmor="STATUS" operation="profile_replace" name="/usr/lib/connman/scripts/dhclient-script" pid=811 comm="apparmor_parser"
[    4.176959] init: alsa-restore main process (878) terminated with status 19
