[    0.000000] Initializing cgroup subsys cpuset
[    0.000000] Initializing cgroup subsys cpu
[    0.000000] Linux version 3.2.0-29-generic-pae (buildd@roseapple) (gcc version 4.6.3 (Ubuntu/Linaro 4.6.3-1ubuntu5) ) #46-Ubuntu SMP Fri Jul 27 17:25:43 UTC 2012 (Ubuntu 3.2.0-29.46-generic-pae 3.2.24)
[    0.000000] KERNEL supported cpus:
[    0.000000]   Intel GenuineIntel
[    0.000000]   AMD AuthenticAMD
[    0.000000]   NSC Geode by NSC
[    0.000000]   Cyrix CyrixInstead
[    0.000000]   Centaur CentaurHauls
[    0.000000]   Transmeta GenuineTMx86
[    0.000000]   Transmeta TransmetaCPU
[    0.000000]   UMC UMC UMC UMC
[    0.000000] Disabled fast string operations
[    0.000000] BIOS-provided physical RAM map:
[    0.000000]  BIOS-e820: 0000000000000000 - 000000000009f000 (usable)
[    0.000000]  BIOS-e820: 000000000009f000 - 00000000000a0000 (reserved)
[    0.000000]  BIOS-e820: 00000000000ca000 - 00000000000cc000 (reserved)
[    0.000000]  BIOS-e820: 00000000000dc000 - 0000000000100000 (reserved)
[    0.000000]  BIOS-e820: 0000000000100000 - 000000003fee0000 (usable)
[    0.000000]  BIOS-e820: 000000003fee0000 - 000000003feff000 (ACPI data)
[    0.000000]  BIOS-e820: 000000003feff000 - 000000003ff00000 (ACPI NVS)
[    0.000000]  BIOS-e820: 000000003ff00000 - 0000000040000000 (usable)
[    0.000000]  BIOS-e820: 00000000e0000000 - 00000000f0000000 (reserved)
[    0.000000]  BIOS-e820: 00000000fec00000 - 00000000fec10000 (reserved)
[    0.000000]  BIOS-e820: 00000000fee00000 - 00000000fee01000 (reserved)
[    0.000000]  BIOS-e820: 00000000fffe0000 - 0000000100000000 (reserved)
[    0.000000] NX (Execute Disable) protection: active
[    0.000000] DMI present.
[    0.000000] DMI: VMware, Inc. VMware Virtual Platform/440BX Desktop Reference Platform, BIOS 6.00 07/02/2012
[    0.000000] Hypervisor detected: VMware
[    0.000000] e820 update range: 0000000000000000 - 0000000000010000 (usable) ==> (reserved)
[    0.000000] e820 remove range: 00000000000a0000 - 0000000000100000 (usable)
[    0.000000] last_pfn = 0x40000 max_arch_pfn = 0x1000000
[    0.000000] MTRR default type: uncachable
[    0.000000] MTRR fixed ranges enabled:
[    0.000000]   00000-9FFFF write-back
[    0.000000]   A0000-BFFFF uncachable
[    0.000000]   C0000-CBFFF write-protect
[    0.000000]   CC000-EFFFF uncachable
[    0.000000]   F0000-FFFFF write-protect
[    0.000000] MTRR variable ranges enabled:
[    0.000000]   0 base 0000000000 mask FFC0000000 write-back
[    0.000000]   1 disabled
[    0.000000]   2 disabled
[    0.000000]   3 disabled
[    0.000000]   4 disabled
[    0.000000]   5 disabled
[    0.000000]   6 disabled
[    0.000000]   7 disabled
[    0.000000] x86 PAT enabled: cpu 0, old 0x0, new 0x7010600070106
[    0.000000] found SMP MP-table at [c00f6bf0] f6bf0
[    0.000000] initial memory mapped : 0 - 02000000
[    0.000000] Base memory trampoline at [c009b000] 9b000 size 16384
[    0.000000] init_memory_mapping: 0000000000000000-0000000037bfe000
[    0.000000]  0000000000 - 0000200000 page 4k
[    0.000000]  0000200000 - 0037a00000 page 2M
[    0.000000]  0037a00000 - 0037bfe000 page 4k
[    0.000000] kernel direct mapping tables up to 37bfe000 @ 1ffb000-2000000
[    0.000000] RAMDISK: 364ea000 - 3726d000
[    0.000000] ACPI: RSDP 000f6b80 00024 (v02 PTLTD )
[    0.000000] ACPI: XSDT 3feed636 0005C (v01 INTEL  440BX    06040000 VMW  01324272)
[    0.000000] ACPI: FACP 3fefee98 000F4 (v04 INTEL  440BX    06040000 PTL  000F4240)
[    0.000000] ACPI: DSDT 3feee366 10B32 (v01 PTLTD  Custom   06040000 MSFT 03000001)
[    0.000000] ACPI: FACS 3fefffc0 00040
[    0.000000] ACPI: BOOT 3feee33e 00028 (v01 PTLTD  $SBFTBL$ 06040000  LTP 00000001)
[    0.000000] ACPI: APIC 3feedc3e 003C2 (v01 PTLTD  ? APIC   06040000  LTP 00000000)
[    0.000000] ACPI: MCFG 3feedc02 0003C (v01 PTLTD  $PCITBL$ 06040000  LTP 00000001)
[    0.000000] ACPI: SRAT 3feed732 004D0 (v02 VMWARE MEMPLUG  06040000 VMW  00000001)
[    0.000000] ACPI: HPET 3feed6fa 00038 (v01 VMWARE VMW HPET 06040000 VMW  00000001)
[    0.000000] ACPI: WAET 3feed6d2 00028 (v01 VMWARE VMW WAET 06040000 VMW  00000001)
[    0.000000] ACPI: Local APIC address 0xfee00000
[    0.000000] 132MB HIGHMEM available.
[    0.000000] 891MB LOWMEM available.
[    0.000000]   mapped low ram: 0 - 37bfe000
[    0.000000]   low ram: 0 - 37bfe000
[    0.000000] Zone PFN ranges:
[    0.000000]   DMA      0x00000010 -> 0x00001000
[    0.000000]   Normal   0x00001000 -> 0x00037bfe
[    0.000000]   HighMem  0x00037bfe -> 0x00040000
[    0.000000] Movable zone start PFN for each node
[    0.000000] early_node_map[3] active PFN ranges
[    0.000000]     0: 0x00000010 -> 0x0000009f
[    0.000000]     0: 0x00000100 -> 0x0003fee0
[    0.000000]     0: 0x0003ff00 -> 0x00040000
[    0.000000] On node 0 totalpages: 261999
[    0.000000] free_area_init_node: node 0, pgdat c1866a40, node_mem_map f73fd200
[    0.000000]   DMA zone: 32 pages used for memmap
[    0.000000]   DMA zone: 0 pages reserved
[    0.000000]   DMA zone: 3951 pages, LIFO batch:0
[    0.000000]   Normal zone: 1752 pages used for memmap
[    0.000000]   Normal zone: 222502 pages, LIFO batch:31
[    0.000000]   HighMem zone: 265 pages used for memmap
[    0.000000]   HighMem zone: 33497 pages, LIFO batch:7
[    0.000000] Using APIC driver default
[    0.000000] ACPI: PM-Timer IO Port: 0x1008
[    0.000000] ACPI: Local APIC address 0xfee00000
[    0.000000] ACPI: LAPIC (acpi_id[0x00] lapic_id[0x00] enabled)
[    0.000000] ACPI: LAPIC (acpi_id[0x01] lapic_id[0x02] disabled)
[    0.000000] ACPI: LAPIC (acpi_id[0x02] lapic_id[0x04] disabled)
[    0.000000] ACPI: LAPIC (acpi_id[0x03] lapic_id[0x06] disabled)
[    0.000000] ACPI: LAPIC (acpi_id[0x04] lapic_id[0x08] disabled)
[    0.000000] ACPI: LAPIC (acpi_id[0x05] lapic_id[0x0a] disabled)
[    0.000000] ACPI: LAPIC (acpi_id[0x06] lapic_id[0x0c] disabled)
[    0.000000] ACPI: LAPIC (acpi_id[0x07] lapic_id[0x0e] disabled)
[    0.000000] ACPI: LAPIC (acpi_id[0x08] lapic_id[0x10] disabled)
[    0.000000] ACPI: LAPIC (acpi_id[0x09] lapic_id[0x12] disabled)
[    0.000000] ACPI: LAPIC (acpi_id[0x0a] lapic_id[0x14] disabled)
[    0.000000] ACPI: LAPIC (acpi_id[0x0b] lapic_id[0x16] disabled)
[    0.000000] ACPI: LAPIC (acpi_id[0x0c] lapic_id[0x18] disabled)
[    0.000000] ACPI: LAPIC (acpi_id[0x0d] lapic_id[0x1a] disabled)
[    0.000000] ACPI: LAPIC (acpi_id[0x0e] lapic_id[0x1c] disabled)
[    0.000000] ACPI: LAPIC (acpi_id[0x0f] lapic_id[0x1e] disabled)
[    0.000000] ACPI: LAPIC (acpi_id[0x10] lapic_id[0x20] disabled)
[    0.000000] ACPI: LAPIC (acpi_id[0x11] lapic_id[0x22] disabled)
[    0.000000] ACPI: LAPIC (acpi_id[0x12] lapic_id[0x24] disabled)
[    0.000000] ACPI: LAPIC (acpi_id[0x13] lapic_id[0x26] disabled)
[    0.000000] ACPI: LAPIC (acpi_id[0x14] lapic_id[0x28] disabled)
[    0.000000] ACPI: LAPIC (acpi_id[0x15] lapic_id[0x2a] disabled)
[    0.000000] ACPI: LAPIC (acpi_id[0x16] lapic_id[0x2c] disabled)
[    0.000000] ACPI: LAPIC (acpi_id[0x17] lapic_id[0x2e] disabled)
[    0.000000] ACPI: LAPIC (acpi_id[0x18] lapic_id[0x30] disabled)
[    0.000000] ACPI: LAPIC (acpi_id[0x19] lapic_id[0x32] disabled)
[    0.000000] ACPI: LAPIC (acpi_id[0x1a] lapic_id[0x34] disabled)
[    0.000000] ACPI: LAPIC (acpi_id[0x1b] lapic_id[0x36] disabled)
[    0.000000] ACPI: LAPIC (acpi_id[0x1c] lapic_id[0x38] disabled)
[    0.000000] ACPI: LAPIC (acpi_id[0x1d] lapic_id[0x3a] disabled)
[    0.000000] ACPI: LAPIC (acpi_id[0x1e] lapic_id[0x3c] disabled)
[    0.000000] ACPI: LAPIC (acpi_id[0x1f] lapic_id[0x3e] disabled)
[    0.000000] ACPI: LAPIC (acpi_id[0x20] lapic_id[0x40] disabled)
[    0.000000] ACPI: LAPIC (acpi_id[0x21] lapic_id[0x42] disabled)
[    0.000000] ACPI: LAPIC (acpi_id[0x22] lapic_id[0x44] disabled)
[    0.000000] ACPI: LAPIC (acpi_id[0x23] lapic_id[0x46] disabled)
[    0.000000] ACPI: LAPIC (acpi_id[0x24] lapic_id[0x48] disabled)
[    0.000000] ACPI: LAPIC (acpi_id[0x25] lapic_id[0x4a] disabled)
[    0.000000] ACPI: LAPIC (acpi_id[0x26] lapic_id[0x4c] disabled)
[    0.000000] ACPI: LAPIC (acpi_id[0x27] lapic_id[0x4e] disabled)
[    0.000000] ACPI: LAPIC (acpi_id[0x28] lapic_id[0x50] disabled)
[    0.000000] ACPI: LAPIC (acpi_id[0x29] lapic_id[0x52] disabled)
[    0.000000] ACPI: LAPIC (acpi_id[0x2a] lapic_id[0x54] disabled)
[    0.000000] ACPI: LAPIC (acpi_id[0x2b] lapic_id[0x56] disabled)
[    0.000000] ACPI: LAPIC (acpi_id[0x2c] lapic_id[0x58] disabled)
[    0.000000] ACPI: LAPIC (acpi_id[0x2d] lapic_id[0x5a] disabled)
[    0.000000] ACPI: LAPIC (acpi_id[0x2e] lapic_id[0x5c] disabled)
[    0.000000] ACPI: LAPIC (acpi_id[0x2f] lapic_id[0x5e] disabled)
[    0.000000] ACPI: LAPIC (acpi_id[0x30] lapic_id[0x60] disabled)
[    0.000000] ACPI: LAPIC (acpi_id[0x31] lapic_id[0x62] disabled)
[    0.000000] ACPI: LAPIC (acpi_id[0x32] lapic_id[0x64] disabled)
[    0.000000] ACPI: LAPIC (acpi_id[0x33] lapic_id[0x66] disabled)
[    0.000000] ACPI: LAPIC (acpi_id[0x34] lapic_id[0x68] disabled)
[    0.000000] ACPI: LAPIC (acpi_id[0x35] lapic_id[0x6a] disabled)
[    0.000000] ACPI: LAPIC (acpi_id[0x36] lapic_id[0x6c] disabled)
[    0.000000] ACPI: LAPIC (acpi_id[0x37] lapic_id[0x6e] disabled)
[    0.000000] ACPI: LAPIC (acpi_id[0x38] lapic_id[0x70] disabled)
[    0.000000] ACPI: LAPIC (acpi_id[0x39] lapic_id[0x72] disabled)
[    0.000000] ACPI: LAPIC (acpi_id[0x3a] lapic_id[0x74] disabled)
[    0.000000] ACPI: LAPIC (acpi_id[0x3b] lapic_id[0x76] disabled)
[    0.000000] ACPI: LAPIC (acpi_id[0x3c] lapic_id[0x78] disabled)
[    0.000000] ACPI: LAPIC (acpi_id[0x3d] lapic_id[0x7a] disabled)
[    0.000000] ACPI: LAPIC (acpi_id[0x3e] lapic_id[0x7c] disabled)
[    0.000000] ACPI: LAPIC (acpi_id[0x3f] lapic_id[0x7e] disabled)
[    0.000000] ACPI: LAPIC_NMI (acpi_id[0x00] high edge lint[0x1])
[    0.000000] ACPI: LAPIC_NMI (acpi_id[0x01] high edge lint[0x1])
[    0.000000] ACPI: LAPIC_NMI (acpi_id[0x02] high edge lint[0x1])
[    0.000000] ACPI: LAPIC_NMI (acpi_id[0x03] high edge lint[0x1])
[    0.000000] ACPI: LAPIC_NMI (acpi_id[0x04] high edge lint[0x1])
[    0.000000] ACPI: LAPIC_NMI (acpi_id[0x05] high edge lint[0x1])
[    0.000000] ACPI: LAPIC_NMI (acpi_id[0x06] high edge lint[0x1])
[    0.000000] ACPI: LAPIC_NMI (acpi_id[0x07] high edge lint[0x1])
[    0.000000] ACPI: LAPIC_NMI (acpi_id[0x08] high edge lint[0x1])
[    0.000000] ACPI: LAPIC_NMI (acpi_id[0x09] high edge lint[0x1])
[    0.000000] ACPI: LAPIC_NMI (acpi_id[0x0a] high edge lint[0x1])
[    0.000000] ACPI: LAPIC_NMI (acpi_id[0x0b] high edge lint[0x1])
[    0.000000] ACPI: LAPIC_NMI (acpi_id[0x0c] high edge lint[0x1])
[    0.000000] ACPI: LAPIC_NMI (acpi_id[0x0d] high edge lint[0x1])
[    0.000000] ACPI: LAPIC_NMI (acpi_id[0x0e] high edge lint[0x1])
[    0.000000] ACPI: LAPIC_NMI (acpi_id[0x0f] high edge lint[0x1])
[    0.000000] ACPI: LAPIC_NMI (acpi_id[0x10] high edge lint[0x1])
[    0.000000] ACPI: LAPIC_NMI (acpi_id[0x11] high edge lint[0x1])
[    0.000000] ACPI: LAPIC_NMI (acpi_id[0x12] high edge lint[0x1])
[    0.000000] ACPI: LAPIC_NMI (acpi_id[0x13] high edge lint[0x1])
[    0.000000] ACPI: LAPIC_NMI (acpi_id[0x14] high edge lint[0x1])
[    0.000000] ACPI: LAPIC_NMI (acpi_id[0x15] high edge lint[0x1])
[    0.000000] ACPI: LAPIC_NMI (acpi_id[0x16] high edge lint[0x1])
[    0.000000] ACPI: LAPIC_NMI (acpi_id[0x17] high edge lint[0x1])
[    0.000000] ACPI: LAPIC_NMI (acpi_id[0x18] high edge lint[0x1])
[    0.000000] ACPI: LAPIC_NMI (acpi_id[0x19] high edge lint[0x1])
[    0.000000] ACPI: LAPIC_NMI (acpi_id[0x1a] high edge lint[0x1])
[    0.000000] ACPI: LAPIC_NMI (acpi_id[0x1b] high edge lint[0x1])
[    0.000000] ACPI: LAPIC_NMI (acpi_id[0x1c] high edge lint[0x1])
[    0.000000] ACPI: LAPIC_NMI (acpi_id[0x1d] high edge lint[0x1])
[    0.000000] ACPI: LAPIC_NMI (acpi_id[0x1e] high edge lint[0x1])
[    0.000000] ACPI: LAPIC_NMI (acpi_id[0x1f] high edge lint[0x1])
[    0.000000] ACPI: LAPIC_NMI (acpi_id[0x20] high edge lint[0x1])
[    0.000000] ACPI: LAPIC_NMI (acpi_id[0x21] high edge lint[0x1])
[    0.000000] ACPI: LAPIC_NMI (acpi_id[0x22] high edge lint[0x1])
[    0.000000] ACPI: LAPIC_NMI (acpi_id[0x23] high edge lint[0x1])
[    0.000000] ACPI: LAPIC_NMI (acpi_id[0x24] high edge lint[0x1])
[    0.000000] ACPI: LAPIC_NMI (acpi_id[0x25] high edge lint[0x1])
[    0.000000] ACPI: LAPIC_NMI (acpi_id[0x26] high edge lint[0x1])
[    0.000000] ACPI: LAPIC_NMI (acpi_id[0x27] high edge lint[0x1])
[    0.000000] ACPI: LAPIC_NMI (acpi_id[0x28] high edge lint[0x1])
[    0.000000] ACPI: LAPIC_NMI (acpi_id[0x29] high edge lint[0x1])
[    0.000000] ACPI: LAPIC_NMI (acpi_id[0x2a] high edge lint[0x1])
[    0.000000] ACPI: LAPIC_NMI (acpi_id[0x2b] high edge lint[0x1])
[    0.000000] ACPI: LAPIC_NMI (acpi_id[0x2c] high edge lint[0x1])
[    0.000000] ACPI: LAPIC_NMI (acpi_id[0x2d] high edge lint[0x1])
[    0.000000] ACPI: LAPIC_NMI (acpi_id[0x2e] high edge lint[0x1])
[    0.000000] ACPI: LAPIC_NMI (acpi_id[0x2f] high edge lint[0x1])
[    0.000000] ACPI: LAPIC_NMI (acpi_id[0x30] high edge lint[0x1])
[    0.000000] ACPI: LAPIC_NMI (acpi_id[0x31] high edge lint[0x1])
[    0.000000] ACPI: LAPIC_NMI (acpi_id[0x32] high edge lint[0x1])
[    0.000000] ACPI: LAPIC_NMI (acpi_id[0x33] high edge lint[0x1])
[    0.000000] ACPI: LAPIC_NMI (acpi_id[0x34] high edge lint[0x1])
[    0.000000] ACPI: LAPIC_NMI (acpi_id[0x35] high edge lint[0x1])
[    0.000000] ACPI: LAPIC_NMI (acpi_id[0x36] high edge lint[0x1])
[    0.000000] ACPI: LAPIC_NMI (acpi_id[0x37] high edge lint[0x1])
[    0.000000] ACPI: LAPIC_NMI (acpi_id[0x38] high edge lint[0x1])
[    0.000000] ACPI: LAPIC_NMI (acpi_id[0x39] high edge lint[0x1])
[    0.000000] ACPI: LAPIC_NMI (acpi_id[0x3a] high edge lint[0x1])
[    0.000000] ACPI: LAPIC_NMI (acpi_id[0x3b] high edge lint[0x1])
[    0.000000] ACPI: LAPIC_NMI (acpi_id[0x3c] high edge lint[0x1])
[    0.000000] ACPI: LAPIC_NMI (acpi_id[0x3d] high edge lint[0x1])
[    0.000000] ACPI: LAPIC_NMI (acpi_id[0x3e] high edge lint[0x1])
[    0.000000] ACPI: LAPIC_NMI (acpi_id[0x3f] high edge lint[0x1])
[    0.000000] ACPI: Skipping IOAPIC probe due to 'noapic' option.
[    0.000000] Using ACPI for processor (LAPIC) configuration information
[    0.000000] ACPI: HPET id: 0x8086af01 base: 0xfed00000
[    0.000000] Intel MultiProcessor Specification v1.4
[    0.000000]     Virtual Wire compatibility mode.
[    0.000000] MPTABLE: OEM ID: INTEL   
[    0.000000] MPTABLE: Product ID: 440BX       
[    0.000000] MPTABLE: APIC at: 0xFEE00000
[    0.000000] IOAPIC[0]: apic_id 1, version 17, address 0xfec00000, GSI 0-23
[    0.000000] Processors: 1
[    0.000000] SMP: Allowing 1 CPUs, 0 hotplug CPUs
[    0.000000] nr_irqs_gsi: 40
[    0.000000] PM: Registered nosave memory: 000000000009f000 - 00000000000a0000
[    0.000000] PM: Registered nosave memory: 00000000000a0000 - 00000000000ca000
[    0.000000] PM: Registered nosave memory: 00000000000ca000 - 00000000000cc000
[    0.000000] PM: Registered nosave memory: 00000000000cc000 - 00000000000dc000
[    0.000000] PM: Registered nosave memory: 00000000000dc000 - 0000000000100000
[    0.000000] Allocating PCI resources starting at 40000000 (gap: 40000000:a0000000)
[    0.000000] Booting paravirtualized kernel on bare hardware
[    0.000000] setup_percpu: NR_CPUS:8 nr_cpumask_bits:8 nr_cpu_ids:1 nr_node_ids:1
[    0.000000] PERCPU: Embedded 14 pages/cpu @f73e8000 s34240 r0 d23104 u57344
[    0.000000] pcpu-alloc: s34240 r0 d23104 u57344 alloc=14*4096
[    0.000000] pcpu-alloc: [0] 0 
[    0.000000] Built 1 zonelists in Zone order, mobility grouping on.  Total pages: 259950
[    0.000000] Kernel command line: BOOT_IMAGE=/boot/vmlinuz-3.2.0-29-generic-pae root=UUID=007b598c-390d-4c65-84a1-4ff752d48633 ro quiet splash maxcpus=0
[    0.000000] PID hash table entries: 4096 (order: 2, 16384 bytes)
[    0.000000] Dentry cache hash table entries: 131072 (order: 7, 524288 bytes)
[    0.000000] Inode-cache hash table entries: 65536 (order: 6, 262144 bytes)
[    0.000000] Initializing CPU#0
[    0.000000] xsave/xrstor: enabled xstate_bv 0x7, cntxt size 0x340
[    0.000000] allocated 4194048 bytes of page_cgroup
[    0.000000] please try 'cgroup_disable=memory' option if you don't want memory cgroups
[    0.000000] Initializing HighMem for node 0 (00037bfe:00040000)
[    0.000000] Memory: 1010624k/1048576k available (5814k kernel code, 37372k reserved, 2841k data, 740k init, 135048k highmem)
[    0.000000] virtual kernel memory layout:
[    0.000000]     fixmap  : 0xfff16000 - 0xfffff000   ( 932 kB)
[    0.000000]     pkmap   : 0xffc00000 - 0xffe00000   (2048 kB)
[    0.000000]     vmalloc : 0xf83fe000 - 0xffbfe000   ( 120 MB)
[    0.000000]     lowmem  : 0xc0000000 - 0xf7bfe000   ( 891 MB)
[    0.000000]       .init : 0xc1875000 - 0xc192e000   ( 740 kB)
[    0.000000]       .data : 0xc15adb64 - 0xc1874240   (2841 kB)
[    0.000000]       .text : 0xc1000000 - 0xc15adb64   (5814 kB)
[    0.000000] Checking if this processor honours the WP bit even in supervisor mode...Ok.
[    0.000000] SLUB: Genslabs=15, HWalign=64, Order=0-3, MinObjects=0, CPUs=1, Nodes=1
[    0.000000] Hierarchical RCU implementation.
[    0.000000] 	RCU dyntick-idle grace-period acceleration is enabled.
[    0.000000] NR_IRQS:2304 nr_irqs:256 16
[    0.000000] CPU 0 irqstacks, hard=f5c08000 soft=f5c0a000
[    0.000000] Extended CMOS year: 2000
[    0.000000] Console: colour VGA+ 80x25
[    0.000000] console [tty0] enabled
[    0.000000] hpet clockevent registered
[    0.000000] TSC freq read from hypervisor : 2394.620 MHz
[    0.000000] Detected 2394.620 MHz processor.
[    0.000001] Calibrating delay loop (skipped) preset value.. 4789.24 BogoMIPS (lpj=9578480)
[    0.000006] pid_max: default: 32768 minimum: 301
[    0.000030] Security Framework initialized
[    0.000053] AppArmor: AppArmor initialized
[    0.000054] Yama: becoming mindful.
[    0.000111] Mount-cache hash table entries: 512
[    0.000244] Initializing cgroup subsys cpuacct
[    0.000250] Initializing cgroup subsys memory
[    0.000258] Initializing cgroup subsys devices
[    0.000260] Initializing cgroup subsys freezer
[    0.000262] Initializing cgroup subsys blkio
[    0.000271] Initializing cgroup subsys perf_event
[    0.000330] Disabled fast string operations
[    0.000335] CPU: Physical Processor ID: 0
[    0.000347] ENERGY_PERF_BIAS: Set to 'normal', was 'performance'
[    0.000348] ENERGY_PERF_BIAS: View and update with x86_energy_perf_policy(8)
[    0.001042] mce: CPU supports 0 MCE banks
[    0.001994] SMP alternatives: switching to UP code
[    0.026807] Freeing SMP alternatives: 24k freed
[    0.026815] ACPI: Core revision 20110623
[    0.036188] ACPI: setting ELCR to 0200 (from 0e20)
[    0.038623] ftrace: allocating 26545 entries in 52 pages
[    0.066184] SMP mode deactivated.
[    0.066221] SMP disabled
[    0.066224] Performance Events: generic architected perfmon v1, core PMU driver.
[    0.066239] ... version:                1
[    0.066240] ... bit width:              48
[    0.066241] ... generic registers:      4
[    0.066243] ... value mask:             0000ffffffffffff
[    0.066244] ... max period:             000000007fffffff
[    0.066246] ... fixed-purpose events:   0
[    0.066247] ... event mask:             000000000000000f
[    0.066371] NMI watchdog enabled, takes one hw-pmu counter.
[    0.066397] Brought up 1 CPUs
[    0.066399] Total of 1 processors activated (4789.24 BogoMIPS).
[    0.066550] devtmpfs: initialized
[    0.066645] EVM: security.selinux
[    0.066646] EVM: security.SMACK64
[    0.066647] EVM: security.capability
[    0.066712] PM: Registering ACPI NVS region at 3feff000 (4096 bytes)
[    0.067822] print_constraints: dummy: 
[    0.068100] RTC time:  7:43:19, date: 05/27/13
[    0.068138] NET: Registered protocol family 16
[    0.068243] EISA bus registered
[    0.068257] ACPI: bus type pci registered
[    0.068444] PCI: MMCONFIG for domain 0000 [bus 00-ff] at [mem 0xe0000000-0xefffffff] (base 0xe0000000)
[    0.068448] PCI: MMCONFIG at [mem 0xe0000000-0xefffffff] reserved in E820
[    0.068449] PCI: Using MMCONFIG for extended config space
[    0.068451] PCI: Using configuration type 1 for base access
[    0.069564] bio: create slab <bio-0> at 0
[    0.069660] ACPI: Added _OSI(Module Device)
[    0.069663] ACPI: Added _OSI(Processor Device)
[    0.069665] ACPI: Added _OSI(3.0 _SCP Extensions)
[    0.069667] ACPI: Added _OSI(Processor Aggregator Device)
[    0.072820] ACPI: EC: Look up EC in DSDT
[    0.080439] [Firmware Bug]: ACPI: BIOS _OSI(Linux) query ignored
[    0.091749] ACPI: Interpreter enabled
[    0.091760] ACPI: (supports S0 S1 S4 S5)
[    0.091773] ACPI: Using PIC for interrupt routing
[    0.147097] ACPI: No dock devices found.
[    0.147103] HEST: Table not found.
[    0.147110] PCI: Using host bridge windows from ACPI; if necessary, use "pci=nocrs" and report a bug
[    0.148085] ACPI: PCI Root Bridge [PCI0] (domain 0000 [bus 00-ff])
[    0.149669] pci_root PNP0A03:00: host bridge window [mem 0x000a0000-0x000bffff]
[    0.149672] pci_root PNP0A03:00: host bridge window [mem 0x000cc000-0x000cffff]
[    0.149674] pci_root PNP0A03:00: host bridge window [mem 0x000d0000-0x000d3fff]
[    0.149676] pci_root PNP0A03:00: host bridge window [mem 0x000d4000-0x000d7fff]
[    0.149678] pci_root PNP0A03:00: host bridge window [mem 0x000d8000-0x000dbfff]
[    0.149681] pci_root PNP0A03:00: host bridge window [mem 0xc0000000-0xfebfffff]
[    0.149683] pci_root PNP0A03:00: host bridge window [io  0x0000-0x0cf7]
[    0.149685] pci_root PNP0A03:00: host bridge window [io  0x0d00-0xfeff]
[    0.149870] pci 0000:00:00.0: [8086:7190] type 0 class 0x000600
[    0.150457] pci 0000:00:01.0: [8086:7191] type 1 class 0x000604
[    0.150982] pci 0000:00:07.0: [8086:7110] type 0 class 0x000601
[    0.151874] pci 0000:00:07.1: [8086:7111] type 0 class 0x000101
[    0.154071] pci 0000:00:07.1: reg 20: [io  0x10c0-0x10cf]
[    0.155112] pci 0000:00:07.3: [8086:7113] type 0 class 0x000680
[    0.157630] pci 0000:00:07.3: quirk: [io  0x1000-0x103f] claimed by PIIX4 ACPI
[    0.157646] pci 0000:00:07.3: quirk: [io  0x1040-0x104f] claimed by PIIX4 SMB
[    0.157948] pci 0000:00:07.7: [15ad:0740] type 0 class 0x000880
[    0.158668] pci 0000:00:07.7: reg 10: [io  0x1080-0x10bf]
[    0.159552] pci 0000:00:07.7: reg 14: [mem 0xc8000000-0xc8001fff 64bit]
[    0.162650] pci 0000:00:0f.0: [15ad:0405] type 0 class 0x000300
[    0.165555] pci 0000:00:0f.0: reg 10: [io  0x10d0-0x10df]
[    0.168595] pci 0000:00:0f.0: reg 14: [mem 0xd0000000-0xd7ffffff pref]
[    0.171990] pci 0000:00:0f.0: reg 18: [mem 0xc8800000-0xc8ffffff]
[    0.183650] pci 0000:00:0f.0: reg 30: [mem 0x00000000-0x00007fff pref]
[    0.184077] pci 0000:00:10.0: [1000:0030] type 0 class 0x000100
[    0.185061] pci 0000:00:10.0: reg 10: [io  0x1400-0x14ff]
[    0.186176] pci 0000:00:10.0: reg 14: [mem 0xc8040000-0xc805ffff 64bit]
[    0.187515] pci 0000:00:10.0: reg 1c: [mem 0xc8020000-0xc803ffff 64bit]
[    0.189314] pci 0000:00:10.0: reg 30: [mem 0x00000000-0x00003fff pref]
[    0.189542] pci 0000:00:11.0: [15ad:0790] type 1 class 0x000604
[    0.190647] pci 0000:00:15.0: [15ad:07a0] type 1 class 0x000604
[    0.191645] pci 0000:00:15.0: PME# supported from D0 D3hot D3cold
[    0.191714] pci 0000:00:15.0: PME# disabled
[    0.192068] pci 0000:00:15.1: [15ad:07a0] type 1 class 0x000604
[    0.193186] pci 0000:00:15.1: PME# supported from D0 D3hot D3cold
[    0.193216] pci 0000:00:15.1: PME# disabled
[    0.193521] pci 0000:00:15.2: [15ad:07a0] type 1 class 0x000604
[    0.194486] pci 0000:00:15.2: PME# supported from D0 D3hot D3cold
[    0.194599] pci 0000:00:15.2: PME# disabled
[    0.194910] pci 0000:00:15.3: [15ad:07a0] type 1 class 0x000604
[    0.196093] pci 0000:00:15.3: PME# supported from D0 D3hot D3cold
[    0.196123] pci 0000:00:15.3: PME# disabled
[    0.196415] pci 0000:00:15.4: [15ad:07a0] type 1 class 0x000604
[    0.197388] pci 0000:00:15.4: PME# supported from D0 D3hot D3cold
[    0.197419] pci 0000:00:15.4: PME# disabled
[    0.197778] pci 0000:00:15.5: [15ad:07a0] type 1 class 0x000604
[    0.198869] pci 0000:00:15.5: PME# supported from D0 D3hot D3cold
[    0.198899] pci 0000:00:15.5: PME# disabled
[    0.199196] pci 0000:00:15.6: [15ad:07a0] type 1 class 0x000604
[    0.200365] pci 0000:00:15.6: PME# supported from D0 D3hot D3cold
[    0.200433] pci 0000:00:15.6: PME# disabled
[    0.200778] pci 0000:00:15.7: [15ad:07a0] type 1 class 0x000604
[    0.201760] pci 0000:00:15.7: PME# supported from D0 D3hot D3cold
[    0.201790] pci 0000:00:15.7: PME# disabled
[    0.202083] pci 0000:00:16.0: [15ad:07a0] type 1 class 0x000604
[    0.203191] pci 0000:00:16.0: PME# supported from D0 D3hot D3cold
[    0.203245] pci 0000:00:16.0: PME# disabled
[    0.203539] pci 0000:00:16.1: [15ad:07a0] type 1 class 0x000604
[    0.204514] pci 0000:00:16.1: PME# supported from D0 D3hot D3cold
[    0.204544] pci 0000:00:16.1: PME# disabled
[    0.204838] pci 0000:00:16.2: [15ad:07a0] type 1 class 0x000604
[    0.208727] pci 0000:00:16.2: PME# supported from D0 D3hot D3cold
[    0.208778] pci 0000:00:16.2: PME# disabled
[    0.209155] pci 0000:00:16.3: [15ad:07a0] type 1 class 0x000604
[    0.210109] pci 0000:00:16.3: PME# supported from D0 D3hot D3cold
[    0.210138] pci 0000:00:16.3: PME# disabled
[    0.210433] pci 0000:00:16.4: [15ad:07a0] type 1 class 0x000604
[    0.211592] pci 0000:00:16.4: PME# supported from D0 D3hot D3cold
[    0.211621] pci 0000:00:16.4: PME# disabled
[    0.211975] pci 0000:00:16.5: [15ad:07a0] type 1 class 0x000604
[    0.212928] pci 0000:00:16.5: PME# supported from D0 D3hot D3cold
[    0.212956] pci 0000:00:16.5: PME# disabled
[    0.213253] pci 0000:00:16.6: [15ad:07a0] type 1 class 0x000604
[    0.214417] pci 0000:00:16.6: PME# supported from D0 D3hot D3cold
[    0.214447] pci 0000:00:16.6: PME# disabled
[    0.214752] pci 0000:00:16.7: [15ad:07a0] type 1 class 0x000604
[    0.215761] pci 0000:00:16.7: PME# supported from D0 D3hot D3cold
[    0.215792] pci 0000:00:16.7: PME# disabled
[    0.216162] pci 0000:00:17.0: [15ad:07a0] type 1 class 0x000604
[    0.217282] pci 0000:00:17.0: PME# supported from D0 D3hot D3cold
[    0.217312] pci 0000:00:17.0: PME# disabled
[    0.217609] pci 0000:00:17.1: [15ad:07a0] type 1 class 0x000604
[    0.218700] pci 0000:00:17.1: PME# supported from D0 D3hot D3cold
[    0.218744] pci 0000:00:17.1: PME# disabled
[    0.219087] pci 0000:00:17.2: [15ad:07a0] type 1 class 0x000604
[    0.220062] pci 0000:00:17.2: PME# supported from D0 D3hot D3cold
[    0.220092] pci 0000:00:17.2: PME# disabled
[    0.220388] pci 0000:00:17.3: [15ad:07a0] type 1 class 0x000604
[    0.221592] pci 0000:00:17.3: PME# supported from D0 D3hot D3cold
[    0.221622] pci 0000:00:17.3: PME# disabled
[    0.221916] pci 0000:00:17.4: [15ad:07a0] type 1 class 0x000604
[    0.222879] pci 0000:00:17.4: PME# supported from D0 D3hot D3cold
[    0.222909] pci 0000:00:17.4: PME# disabled
[    0.223235] pci 0000:00:17.5: [15ad:07a0] type 1 class 0x000604
[    0.224389] pci 0000:00:17.5: PME# supported from D0 D3hot D3cold
[    0.224418] pci 0000:00:17.5: PME# disabled
[    0.224737] pci 0000:00:17.6: [15ad:07a0] type 1 class 0x000604
[    0.225728] pci 0000:00:17.6: PME# supported from D0 D3hot D3cold
[    0.225757] pci 0000:00:17.6: PME# disabled
[    0.226200] pci 0000:00:17.7: [15ad:07a0] type 1 class 0x000604
[    0.227170] pci 0000:00:17.7: PME# supported from D0 D3hot D3cold
[    0.227199] pci 0000:00:17.7: PME# disabled
[    0.227494] pci 0000:00:18.0: [15ad:07a0] type 1 class 0x000604
[    0.228670] pci 0000:00:18.0: PME# supported from D0 D3hot D3cold
[    0.228699] pci 0000:00:18.0: PME# disabled
[    0.228993] pci 0000:00:18.1: [15ad:07a0] type 1 class 0x000604
[    0.229937] pci 0000:00:18.1: PME# supported from D0 D3hot D3cold
[    0.229966] pci 0000:00:18.1: PME# disabled
[    0.230282] pci 0000:00:18.2: [15ad:07a0] type 1 class 0x000604
[    0.231413] pci 0000:00:18.2: PME# supported from D0 D3hot D3cold
[    0.231471] pci 0000:00:18.2: PME# disabled
[    0.231790] pci 0000:00:18.3: [15ad:07a0] type 1 class 0x000604
[    0.232899] pci 0000:00:18.3: PME# supported from D0 D3hot D3cold
[    0.232928] pci 0000:00:18.3: PME# disabled
[    0.233221] pci 0000:00:18.4: [15ad:07a0] type 1 class 0x000604
[    0.234365] pci 0000:00:18.4: PME# supported from D0 D3hot D3cold
[    0.234394] pci 0000:00:18.4: PME# disabled
[    0.234722] pci 0000:00:18.5: [15ad:07a0] type 1 class 0x000604
[    0.236292] pci 0000:00:18.5: PME# supported from D0 D3hot D3cold
[    0.236352] pci 0000:00:18.5: PME# disabled
[    0.236728] pci 0000:00:18.6: [15ad:07a0] type 1 class 0x000604
[    0.237785] pci 0000:00:18.6: PME# supported from D0 D3hot D3cold
[    0.237889] pci 0000:00:18.6: PME# disabled
[    0.238236] pci 0000:00:18.7: [15ad:07a0] type 1 class 0x000604
[    0.239184] pci 0000:00:18.7: PME# supported from D0 D3hot D3cold
[    0.239214] pci 0000:00:18.7: PME# disabled
[    0.240016] pci 0000:00:01.0: PCI bridge to [bus 01-01]
[    0.240585] pci 0000:02:00.0: [15ad:0774] type 0 class 0x000c03
[    0.242508] pci 0000:02:00.0: reg 20: [io  0x20c0-0x20df]
[    0.243510] pci 0000:02:01.0: [1022:2000] type 0 class 0x000200
[    0.243930] pci 0000:02:01.0: reg 10: [io  0x2000-0x207f]
[    0.246279] pci 0000:02:01.0: reg 30: [mem 0x00000000-0x0000ffff pref]
[    0.246525] pci 0000:02:02.0: [1274:1371] type 0 class 0x000401
[    0.247014] pci 0000:02:02.0: reg 10: [io  0x2080-0x20bf]
[    0.249959] pci 0000:02:03.0: [15ad:0770] type 0 class 0x000c03
[    0.250375] pci 0000:02:03.0: reg 10: [mem 0xc9000000-0xc9000fff]
[    0.253024] pci 0000:00:11.0: PCI bridge to [bus 02-02] (subtractive decode)
[    0.253054] pci 0000:00:11.0:   bridge window [io  0x2000-0x3fff]
[    0.253102] pci 0000:00:11.0:   bridge window [mem 0xc9000000-0xca3fffff]
[    0.253159] pci 0000:00:11.0:   bridge window [mem 0xd8400000-0xd89fffff 64bit pref]
[    0.253163] pci 0000:00:11.0:   bridge window [mem 0x000a0000-0x000bffff] (subtractive decode)
[    0.253165] pci 0000:00:11.0:   bridge window [mem 0x000cc000-0x000cffff] (subtractive decode)
[    0.253168] pci 0000:00:11.0:   bridge window [mem 0x000d0000-0x000d3fff] (subtractive decode)
[    0.253170] pci 0000:00:11.0:   bridge window [mem 0x000d4000-0x000d7fff] (subtractive decode)
[    0.253172] pci 0000:00:11.0:   bridge window [mem 0x000d8000-0x000dbfff] (subtractive decode)
[    0.253174] pci 0000:00:11.0:   bridge window [mem 0xc0000000-0xfebfffff] (subtractive decode)
[    0.253177] pci 0000:00:11.0:   bridge window [io  0x0000-0x0cf7] (subtractive decode)
[    0.253179] pci 0000:00:11.0:   bridge window [io  0x0d00-0xfeff] (subtractive decode)
[    0.253951] pci 0000:00:15.0: PCI bridge to [bus 03-03]
[    0.253980] pci 0000:00:15.0:   bridge window [io  0x4000-0x4fff]
[    0.254008] pci 0000:00:15.0:   bridge window [mem 0xca400000-0xca4fffff]
[    0.254078] pci 0000:00:15.0:   bridge window [mem 0xd8a00000-0xd8afffff 64bit pref]
[    0.254976] pci 0000:00:15.1: PCI bridge to [bus 04-04]
[    0.255012] pci 0000:00:15.1:   bridge window [io  0x8000-0x8fff]
[    0.255040] pci 0000:00:15.1:   bridge window [mem 0xca800000-0xca8fffff]
[    0.255093] pci 0000:00:15.1:   bridge window [mem 0xd8e00000-0xd8efffff 64bit pref]
[    0.255713] pci 0000:00:15.2: PCI bridge to [bus 05-05]
[    0.255743] pci 0000:00:15.2:   bridge window [io  0xc000-0xcfff]
[    0.255774] pci 0000:00:15.2:   bridge window [mem 0xcac00000-0xcacfffff]
[    0.255832] pci 0000:00:15.2:   bridge window [mem 0xd9200000-0xd92fffff 64bit pref]
[    0.256448] pci 0000:00:15.3: PCI bridge to [bus 06-06]
[    0.256503] pci 0000:00:15.3:   bridge window [mem 0xcb000000-0xcb0fffff]
[    0.256559] pci 0000:00:15.3:   bridge window [mem 0xd9600000-0xd96fffff 64bit pref]
[    0.257240] pci 0000:00:15.4: PCI bridge to [bus 07-07]
[    0.257360] pci 0000:00:15.4:   bridge window [mem 0xcb400000-0xcb4fffff]
[    0.257443] pci 0000:00:15.4:   bridge window [mem 0xd9a00000-0xd9afffff 64bit pref]
[    0.258045] pci 0000:00:15.5: PCI bridge to [bus 08-08]
[    0.258100] pci 0000:00:15.5:   bridge window [mem 0xcb800000-0xcb8fffff]
[    0.258155] pci 0000:00:15.5:   bridge window [mem 0xd9e00000-0xd9efffff 64bit pref]
[    0.258759] pci 0000:00:15.6: PCI bridge to [bus 09-09]
[    0.258830] pci 0000:00:15.6:   bridge window [mem 0xcbc00000-0xcbcfffff]
[    0.258933] pci 0000:00:15.6:   bridge window [mem 0xda200000-0xda2fffff 64bit pref]
[    0.259899] pci 0000:00:15.7: PCI bridge to [bus 0a-0a]
[    0.259956] pci 0000:00:15.7:   bridge window [mem 0xcc000000-0xcc0fffff]
[    0.260019] pci 0000:00:15.7:   bridge window [mem 0xda600000-0xda6fffff 64bit pref]
[    0.260952] pci 0000:00:16.0: PCI bridge to [bus 0b-0b]
[    0.260980] pci 0000:00:16.0:   bridge window [io  0x5000-0x5fff]
[    0.261016] pci 0000:00:16.0:   bridge window [mem 0xca500000-0xca5fffff]
[    0.261091] pci 0000:00:16.0:   bridge window [mem 0xd8b00000-0xd8bfffff 64bit pref]
[    0.261903] pci 0000:00:16.1: PCI bridge to [bus 0c-0c]
[    0.261952] pci 0000:00:16.1:   bridge window [io  0x9000-0x9fff]
[    0.261998] pci 0000:00:16.1:   bridge window [mem 0xca900000-0xca9fffff]
[    0.262052] pci 0000:00:16.1:   bridge window [mem 0xd8f00000-0xd8ffffff 64bit pref]
[    0.262659] pci 0000:00:16.2: PCI bridge to [bus 0d-0d]
[    0.262688] pci 0000:00:16.2:   bridge window [io  0xd000-0xdfff]
[    0.262716] pci 0000:00:16.2:   bridge window [mem 0xcad00000-0xcadfffff]
[    0.262769] pci 0000:00:16.2:   bridge window [mem 0xd9300000-0xd93fffff 64bit pref]
[    0.263353] pci 0000:00:16.3: PCI bridge to [bus 0e-0e]
[    0.263419] pci 0000:00:16.3:   bridge window [mem 0xcb100000-0xcb1fffff]
[    0.263474] pci 0000:00:16.3:   bridge window [mem 0xd9700000-0xd97fffff 64bit pref]
[    0.264073] pci 0000:00:16.4: PCI bridge to [bus 0f-0f]
[    0.264126] pci 0000:00:16.4:   bridge window [mem 0xcb500000-0xcb5fffff]
[    0.264180] pci 0000:00:16.4:   bridge window [mem 0xd9b00000-0xd9bfffff 64bit pref]
[    0.264768] pci 0000:00:16.5: PCI bridge to [bus 10-10]
[    0.264823] pci 0000:00:16.5:   bridge window [mem 0xcb900000-0xcb9fffff]
[    0.264879] pci 0000:00:16.5:   bridge window [mem 0xd9f00000-0xd9ffffff 64bit pref]
[    0.265467] pci 0000:00:16.6: PCI bridge to [bus 11-11]
[    0.265521] pci 0000:00:16.6:   bridge window [mem 0xcbd00000-0xcbdfffff]
[    0.265575] pci 0000:00:16.6:   bridge window [mem 0xda300000-0xda3fffff 64bit pref]
[    0.266151] pci 0000:00:16.7: PCI bridge to [bus 12-12]
[    0.266203] pci 0000:00:16.7:   bridge window [mem 0xcc100000-0xcc1fffff]
[    0.266257] pci 0000:00:16.7:   bridge window [mem 0xda700000-0xda7fffff 64bit pref]
[    0.266865] pci 0000:00:17.0: PCI bridge to [bus 13-13]
[    0.266894] pci 0000:00:17.0:   bridge window [io  0x6000-0x6fff]
[    0.266923] pci 0000:00:17.0:   bridge window [mem 0xca600000-0xca6fffff]
[    0.266978] pci 0000:00:17.0:   bridge window [mem 0xd8c00000-0xd8cfffff 64bit pref]
[    0.267600] pci 0000:00:17.1: PCI bridge to [bus 14-14]
[    0.267631] pci 0000:00:17.1:   bridge window [io  0xa000-0xafff]
[    0.267661] pci 0000:00:17.1:   bridge window [mem 0xcaa00000-0xcaafffff]
[    0.267718] pci 0000:00:17.1:   bridge window [mem 0xd9000000-0xd90fffff 64bit pref]
[    0.268294] pci 0000:00:17.2: PCI bridge to [bus 15-15]
[    0.268323] pci 0000:00:17.2:   bridge window [io  0xe000-0xefff]
[    0.268351] pci 0000:00:17.2:   bridge window [mem 0xcae00000-0xcaefffff]
[    0.268418] pci 0000:00:17.2:   bridge window [mem 0xd9400000-0xd94fffff 64bit pref]
[    0.268999] pci 0000:00:17.3: PCI bridge to [bus 16-16]
[    0.269053] pci 0000:00:17.3:   bridge window [mem 0xcb200000-0xcb2fffff]
[    0.269107] pci 0000:00:17.3:   bridge window [mem 0xd9800000-0xd98fffff 64bit pref]
[    0.269681] pci 0000:00:17.4: PCI bridge to [bus 17-17]
[    0.269735] pci 0000:00:17.4:   bridge window [mem 0xcb600000-0xcb6fffff]
[    0.269789] pci 0000:00:17.4:   bridge window [mem 0xd9c00000-0xd9cfffff 64bit pref]
[    0.270357] pci 0000:00:17.5: PCI bridge to [bus 18-18]
[    0.270421] pci 0000:00:17.5:   bridge window [mem 0xcba00000-0xcbafffff]
[    0.270475] pci 0000:00:17.5:   bridge window [mem 0xda000000-0xda0fffff 64bit pref]
[    0.271046] pci 0000:00:17.6: PCI bridge to [bus 19-19]
[    0.271100] pci 0000:00:17.6:   bridge window [mem 0xcbe00000-0xcbefffff]
[    0.271154] pci 0000:00:17.6:   bridge window [mem 0xda400000-0xda4fffff 64bit pref]
[    0.271793] pci 0000:00:17.7: PCI bridge to [bus 1a-1a]
[    0.271847] pci 0000:00:17.7:   bridge window [mem 0xcc200000-0xcc2fffff]
[    0.271900] pci 0000:00:17.7:   bridge window [mem 0xda800000-0xda8fffff 64bit pref]
[    0.272481] pci 0000:00:18.0: PCI bridge to [bus 1b-1b]
[    0.272508] pci 0000:00:18.0:   bridge window [io  0x7000-0x7fff]
[    0.272538] pci 0000:00:18.0:   bridge window [mem 0xca700000-0xca7fffff]
[    0.272591] pci 0000:00:18.0:   bridge window [mem 0xd8d00000-0xd8dfffff 64bit pref]
[    0.273160] pci 0000:00:18.1: PCI bridge to [bus 1c-1c]
[    0.273189] pci 0000:00:18.1:   bridge window [io  0xb000-0xbfff]
[    0.273218] pci 0000:00:18.1:   bridge window [mem 0xcab00000-0xcabfffff]
[    0.273271] pci 0000:00:18.1:   bridge window [mem 0xd9100000-0xd91fffff 64bit pref]
[    0.273852] pci 0000:00:18.2: PCI bridge to [bus 1d-1d]
[    0.273881] pci 0000:00:18.2:   bridge window [io  0xf000-0xffff]
[    0.273909] pci 0000:00:18.2:   bridge window [mem 0xcaf00000-0xcaffffff]
[    0.273963] pci 0000:00:18.2:   bridge window [mem 0xd9500000-0xd95fffff 64bit pref]
[    0.274573] pci 0000:00:18.3: PCI bridge to [bus 1e-1e]
[    0.274629] pci 0000:00:18.3:   bridge window [mem 0xcb300000-0xcb3fffff]
[    0.274685] pci 0000:00:18.3:   bridge window [mem 0xd9900000-0xd99fffff 64bit pref]
[    0.275285] pci 0000:00:18.4: PCI bridge to [bus 1f-1f]
[    0.275339] pci 0000:00:18.4:   bridge window [mem 0xcb700000-0xcb7fffff]
[    0.275396] pci 0000:00:18.4:   bridge window [mem 0xd9d00000-0xd9dfffff 64bit pref]
[    0.276016] pci 0000:00:18.5: PCI bridge to [bus 20-20]
[    0.276072] pci 0000:00:18.5:   bridge window [mem 0xcbb00000-0xcbbfffff]
[    0.276128] pci 0000:00:18.5:   bridge window [mem 0xda100000-0xda1fffff 64bit pref]
[    0.276777] pci 0000:00:18.6: PCI bridge to [bus 21-21]
[    0.276832] pci 0000:00:18.6:   bridge window [mem 0xcbf00000-0xcbffffff]
[    0.276888] pci 0000:00:18.6:   bridge window [mem 0xda500000-0xda5fffff 64bit pref]
[    0.277508] pci 0000:00:18.7: PCI bridge to [bus 22-22]
[    0.277564] pci 0000:00:18.7:   bridge window [mem 0xcc300000-0xcc3fffff]
[    0.277620] pci 0000:00:18.7:   bridge window [mem 0xda900000-0xda9fffff 64bit pref]
[    0.279877] pci_bus 0000:00: on NUMA node 0
[    0.279884] ACPI: PCI Interrupt Routing Table [\_SB_.PCI0._PRT]
[    0.280751]  pci0000:00: Requesting ACPI _OSC control (0x1d)
[    0.281043]  pci0000:00: ACPI _OSC control (0x15) granted
[    0.403319] ACPI: PCI Interrupt Link [LNKA] (IRQs 3 4 5 6 7 *9 10 11 14 15)
[    0.403459] ACPI: PCI Interrupt Link [LNKB] (IRQs 3 4 5 6 7 9 10 *11 14 15)
[    0.403565] ACPI: PCI Interrupt Link [LNKC] (IRQs 3 4 5 6 7 9 *10 11 14 15)
[    0.403675] ACPI: PCI Interrupt Link [LNKD] (IRQs 3 4 *5 6 7 9 10 11 14 15)
[    0.403884] vgaarb: device added: PCI:0000:00:0f.0,decodes=io+mem,owns=io+mem,locks=none
[    0.403900] vgaarb: loaded
[    0.403901] vgaarb: bridge control possible 0000:00:0f.0
[    0.404053] i2c-core: driver [aat2870] using legacy suspend method
[    0.404055] i2c-core: driver [aat2870] using legacy resume method
[    0.404152] SCSI subsystem initialized
[    0.404230] libata version 3.00 loaded.
[    0.404277] usbcore: registered new interface driver usbfs
[    0.404294] usbcore: registered new interface driver hub
[    0.404336] usbcore: registered new device driver usb
[    0.404455] PCI: Using ACPI for IRQ routing
[    0.561195] PCI: pci_cache_line_size set to 64 bytes
[    0.561223] pci 0000:00:18.2: no compatible bridge window for [io  0xf000-0xffff]
[    0.562508] reserve RAM buffer: 000000000009f000 - 000000000009ffff 
[    0.562511] reserve RAM buffer: 000000003fee0000 - 000000003fffffff 
[    0.562639] NetLabel: Initializing
[    0.562640] NetLabel:  domain hash size = 128
[    0.562641] NetLabel:  protocols = UNLABELED CIPSOv4
[    0.562651] NetLabel:  unlabeled traffic allowed by default
[    0.562840] hpet0: at MMIO 0xfed00000, IRQs 2, 8, 0, 0, 0, 0, 0, 0, 0, 0, 0, 0, 0, 0, 0, 0
[    0.562849] hpet0: 16 comparators, 64-bit 14.318180 MHz counter
[    0.568051] Switching to clocksource hpet
[    0.576087] AppArmor: AppArmor Filesystem Enabled
[    0.576113] pnp: PnP ACPI init
[    0.576135] ACPI: bus type pnp registered
[    0.577006] pnp 00:00: [bus 00-ff]
[    0.577009] pnp 00:00: [mem 0x000a0000-0x000bffff window]
[    0.577011] pnp 00:00: [mem 0x000c0000-0x000c3fff window]
[    0.577013] pnp 00:00: [mem 0x000c4000-0x000c7fff window]
[    0.577015] pnp 00:00: [mem 0x000c8000-0x000cbfff window]
[    0.577017] pnp 00:00: [mem 0x000cc000-0x000cffff window]
[    0.577019] pnp 00:00: [mem 0x000d0000-0x000d3fff window]
[    0.577021] pnp 00:00: [mem 0x000d4000-0x000d7fff window]
[    0.577023] pnp 00:00: [mem 0x000d8000-0x000dbfff window]
[    0.577025] pnp 00:00: [mem 0x000dc000-0x000dffff window]
[    0.577027] pnp 00:00: [mem 0x000e0000-0x000e3fff window]
[    0.577029] pnp 00:00: [mem 0x000e4000-0x000e7fff window]
[    0.577031] pnp 00:00: [mem 0x000e8000-0x000ebfff window]
[    0.577033] pnp 00:00: [mem 0x000ec000-0x000effff window]
[    0.577035] pnp 00:00: [mem 0xc0000000-0xfebfffff window]
[    0.577037] pnp 00:00: [io  0x0cf8-0x0cff]
[    0.577039] pnp 00:00: [io  0x0000-0x0cf7 window]
[    0.577041] pnp 00:00: [io  0x0d00-0xfeff window]
[    0.577091] pnp 00:00: Plug and Play ACPI device, IDs PNP0a03 PNP0a08 (active)
[    0.577172] pnp 00:01: [io  0x0010-0x001f]
[    0.577174] pnp 00:01: [io  0x0024-0x0025]
[    0.577176] pnp 00:01: [io  0x0028-0x0029]
[    0.577178] pnp 00:01: [io  0x002c-0x002d]
[    0.577180] pnp 00:01: [io  0x002e-0x002f]
[    0.577182] pnp 00:01: [io  0x0030-0x0031]
[    0.577184] pnp 00:01: [io  0x0034-0x0035]
[    0.577186] pnp 00:01: [io  0x0038-0x0039]
[    0.577188] pnp 00:01: [io  0x003c-0x003d]
[    0.577190] pnp 00:01: [io  0x0050-0x0053]
[    0.577192] pnp 00:01: [io  0x0072-0x0077]
[    0.577194] pnp 00:01: [io  0x0080]
[    0.577195] pnp 00:01: [io  0x0090-0x009f]
[    0.577197] pnp 00:01: [io  0x00a4-0x00a5]
[    0.577199] pnp 00:01: [io  0x00a8-0x00a9]
[    0.577201] pnp 00:01: [io  0x00ac-0x00ad]
[    0.577203] pnp 00:01: [io  0x00b0-0x00b5]
[    0.577205] pnp 00:01: [io  0x00b8-0x00b9]
[    0.577207] pnp 00:01: [io  0x00bc-0x00bd]
[    0.577209] pnp 00:01: [io  0x1000-0x103f]
[    0.577211] pnp 00:01: [io  0x1040-0x104f]
[    0.577213] pnp 00:01: [io  0x0cf0-0x0cf1]
[    0.577298] system 00:01: [io  0x1000-0x103f] has been reserved
[    0.577303] system 00:01: [io  0x1040-0x104f] has been reserved
[    0.577307] system 00:01: [io  0x0cf0-0x0cf1] has been reserved
[    0.577310] system 00:01: Plug and Play ACPI device, IDs PNP0c02 (active)
[    0.577321] pnp 00:02: [io  0x0000-0x000f]
[    0.577323] pnp 00:02: [io  0x0081-0x008f]
[    0.577325] pnp 00:02: [io  0x00c0-0x00df]
[    0.577327] pnp 00:02: [dma 4]
[    0.577352] pnp 00:02: Plug and Play ACPI device, IDs PNP0200 (active)
[    0.577361] pnp 00:03: [io  0x0020-0x0021]
[    0.577363] pnp 00:03: [io  0x00a0-0x00a1]
[    0.577365] pnp 00:03: [io  0x04d0-0x04d1]
[    0.577367] pnp 00:03: [irq 2 disabled]
[    0.577392] pnp 00:03: Plug and Play ACPI device, IDs PNP0001 (active)
[    0.577400] pnp 00:04: [io  0x0070-0x0071]
[    0.577403] pnp 00:04: [irq 8]
[    0.577421] pnp 00:04: Plug and Play ACPI device, IDs PNP0b00 (active)
[    0.577428] pnp 00:05: [io  0x0061]
[    0.577446] pnp 00:05: Plug and Play ACPI device, IDs PNP0800 (active)
[    0.577454] pnp 00:06: [io  0x0060]
[    0.577455] pnp 00:06: [io  0x0064]
[    0.577457] pnp 00:06: [irq 1]
[    0.577478] pnp 00:06: Plug and Play ACPI device, IDs PNP0303 (active)
[    0.577486] pnp 00:07: [irq 12]
[    0.577507] pnp 00:07: Plug and Play ACPI device, IDs PNP0f13 (active)
[    0.577706] pnp 00:08: [mem 0xfed00000-0xfed003ff]
[    0.577757] system 00:08: [mem 0xfed00000-0xfed003ff] has been reserved
[    0.577761] system 00:08: Plug and Play ACPI device, IDs PNP0103 PNP0c01 (active)
[    0.584130] pnp 00:09: [io  0x0378-0x037f]
[    0.584134] pnp 00:09: [irq 7]
[    0.585827] pnp 00:09: Plug and Play ACPI device, IDs PNP0400 (active)
[    0.591635] pnp 00:0a: [io  0x03f8-0x03ff]
[    0.591639] pnp 00:0a: [irq 4]
[    0.593193] pnp 00:0a: Plug and Play ACPI device, IDs PNP0501 (active)
[    0.598085] pnp 00:0b: [io  0x02f8-0x02ff]
[    0.598089] pnp 00:0b: [irq 3]
[    0.599699] pnp 00:0b: Plug and Play ACPI device, IDs PNP0501 (active)
[    0.606960] pnp 00:0c: [io  0x03f0-0x03f5]
[    0.606964] pnp 00:0c: [io  0x03f7]
[    0.606967] pnp 00:0c: [irq 6]
[    0.606969] pnp 00:0c: [dma 2]
[    0.608452] pnp 00:0c: Plug and Play ACPI device, IDs PNP0700 (active)
[    0.608671] pnp 00:0d: [mem 0xe0000000-0xefffffff]
[    0.608674] pnp 00:0d: [io  0x1060-0x107f]
[    0.608676] pnp 00:0d: [mem 0xc8200000-0xc83fffff]
[    0.608745] system 00:0d: [io  0x1060-0x107f] has been reserved
[    0.608749] system 00:0d: [mem 0xe0000000-0xefffffff] has been reserved
[    0.608752] system 00:0d: [mem 0xc8200000-0xc83fffff] has been reserved
[    0.608755] system 00:0d: Plug and Play ACPI device, IDs PNP0c02 (active)
[    0.614931] pnp: PnP ACPI: found 14 devices
[    0.614933] ACPI: ACPI bus type pnp unregistered
[    0.614937] PnPBIOS: Disabled by ACPI PNP
[    0.651306] PCI: max bus depth: 1 pci_try_num: 2
[    0.651973] pci 0000:00:0f.0: BAR 6: assigned [mem 0xc0000000-0xc0007fff pref]
[    0.651979] pci 0000:00:10.0: BAR 6: assigned [mem 0xc0008000-0xc000bfff pref]
[    0.651985] pci 0000:00:18.7: BAR 13: can't assign io (size 0x1000)
[    0.651990] pci 0000:00:18.6: BAR 13: can't assign io (size 0x1000)
[    0.651994] pci 0000:00:18.5: BAR 13: can't assign io (size 0x1000)
[    0.651998] pci 0000:00:18.4: BAR 13: can't assign io (size 0x1000)
[    0.652002] pci 0000:00:18.3: BAR 13: can't assign io (size 0x1000)
[    0.652006] pci 0000:00:18.2: BAR 13: can't assign io (size 0x1000)
[    0.652010] pci 0000:00:17.7: BAR 13: can't assign io (size 0x1000)
[    0.652014] pci 0000:00:17.6: BAR 13: can't assign io (size 0x1000)
[    0.652019] pci 0000:00:17.5: BAR 13: can't assign io (size 0x1000)
[    0.652023] pci 0000:00:17.4: BAR 13: can't assign io (size 0x1000)
[    0.652027] pci 0000:00:17.3: BAR 13: can't assign io (size 0x1000)
[    0.652031] pci 0000:00:16.7: BAR 13: can't assign io (size 0x1000)
[    0.652035] pci 0000:00:16.6: BAR 13: can't assign io (size 0x1000)
[    0.652039] pci 0000:00:16.5: BAR 13: can't assign io (size 0x1000)
[    0.652044] pci 0000:00:16.4: BAR 13: can't assign io (size 0x1000)
[    0.652048] pci 0000:00:16.3: BAR 13: can't assign io (size 0x1000)
[    0.652052] pci 0000:00:15.7: BAR 13: can't assign io (size 0x1000)
[    0.652056] pci 0000:00:15.6: BAR 13: can't assign io (size 0x1000)
[    0.652060] pci 0000:00:15.5: BAR 13: can't assign io (size 0x1000)
[    0.652064] pci 0000:00:15.4: BAR 13: can't assign io (size 0x1000)
[    0.652068] pci 0000:00:15.3: BAR 13: can't assign io (size 0x1000)
[    0.652072] pci 0000:00:01.0: PCI bridge to [bus 01-01]
[    0.652114] pci 0000:02:01.0: BAR 6: assigned [mem 0xd8400000-0xd840ffff pref]
[    0.652118] pci 0000:00:11.0: PCI bridge to [bus 02-02]
[    0.652135] pci 0000:00:11.0:   bridge window [io  0x2000-0x3fff]
[    0.652177] pci 0000:00:11.0:   bridge window [mem 0xc9000000-0xca3fffff]
[    0.652206] pci 0000:00:11.0:   bridge window [mem 0xd8400000-0xd89fffff 64bit pref]
[    0.652249] pci 0000:00:15.0: PCI bridge to [bus 03-03]
[    0.652266] pci 0000:00:15.0:   bridge window [io  0x4000-0x4fff]
[    0.652308] pci 0000:00:15.0:   bridge window [mem 0xca400000-0xca4fffff]
[    0.652337] pci 0000:00:15.0:   bridge window [mem 0xd8a00000-0xd8afffff 64bit pref]
[    0.652379] pci 0000:00:15.1: PCI bridge to [bus 04-04]
[    0.652397] pci 0000:00:15.1:   bridge window [io  0x8000-0x8fff]
[    0.652438] pci 0000:00:15.1:   bridge window [mem 0xca800000-0xca8fffff]
[    0.652467] pci 0000:00:15.1:   bridge window [mem 0xd8e00000-0xd8efffff 64bit pref]
[    0.652510] pci 0000:00:15.2: PCI bridge to [bus 05-05]
[    0.652527] pci 0000:00:15.2:   bridge window [io  0xc000-0xcfff]
[    0.652569] pci 0000:00:15.2:   bridge window [mem 0xcac00000-0xcacfffff]
[    0.652597] pci 0000:00:15.2:   bridge window [mem 0xd9200000-0xd92fffff 64bit pref]
[    0.652640] pci 0000:00:15.3: PCI bridge to [bus 06-06]
[    0.652682] pci 0000:00:15.3:   bridge window [mem 0xcb000000-0xcb0fffff]
[    0.652711] pci 0000:00:15.3:   bridge window [mem 0xd9600000-0xd96fffff 64bit pref]
[    0.652753] pci 0000:00:15.4: PCI bridge to [bus 07-07]
[    0.652795] pci 0000:00:15.4:   bridge window [mem 0xcb400000-0xcb4fffff]
[    0.652837] pci 0000:00:15.4:   bridge window [mem 0xd9a00000-0xd9afffff 64bit pref]
[    0.652880] pci 0000:00:15.5: PCI bridge to [bus 08-08]
[    0.652922] pci 0000:00:15.5:   bridge window [mem 0xcb800000-0xcb8fffff]
[    0.652951] pci 0000:00:15.5:   bridge window [mem 0xd9e00000-0xd9efffff 64bit pref]
[    0.652993] pci 0000:00:15.6: PCI bridge to [bus 09-09]
[    0.653035] pci 0000:00:15.6:   bridge window [mem 0xcbc00000-0xcbcfffff]
[    0.653065] pci 0000:00:15.6:   bridge window [mem 0xda200000-0xda2fffff 64bit pref]
[    0.653107] pci 0000:00:15.7: PCI bridge to [bus 0a-0a]
[    0.653149] pci 0000:00:15.7:   bridge window [mem 0xcc000000-0xcc0fffff]
[    0.653178] pci 0000:00:15.7:   bridge window [mem 0xda600000-0xda6fffff 64bit pref]
[    0.653220] pci 0000:00:16.0: PCI bridge to [bus 0b-0b]
[    0.653238] pci 0000:00:16.0:   bridge window [io  0x5000-0x5fff]
[    0.653279] pci 0000:00:16.0:   bridge window [mem 0xca500000-0xca5fffff]
[    0.653308] pci 0000:00:16.0:   bridge window [mem 0xd8b00000-0xd8bfffff 64bit pref]
[    0.653350] pci 0000:00:16.1: PCI bridge to [bus 0c-0c]
[    0.653368] pci 0000:00:16.1:   bridge window [io  0x9000-0x9fff]
[    0.653410] pci 0000:00:16.1:   bridge window [mem 0xca900000-0xca9fffff]
[    0.653438] pci 0000:00:16.1:   bridge window [mem 0xd8f00000-0xd8ffffff 64bit pref]
[    0.653480] pci 0000:00:16.2: PCI bridge to [bus 0d-0d]
[    0.653498] pci 0000:00:16.2:   bridge window [io  0xd000-0xdfff]
[    0.653539] pci 0000:00:16.2:   bridge window [mem 0xcad00000-0xcadfffff]
[    0.653568] pci 0000:00:16.2:   bridge window [mem 0xd9300000-0xd93fffff 64bit pref]
[    0.653610] pci 0000:00:16.3: PCI bridge to [bus 0e-0e]
[    0.653652] pci 0000:00:16.3:   bridge window [mem 0xcb100000-0xcb1fffff]
[    0.653681] pci 0000:00:16.3:   bridge window [mem 0xd9700000-0xd97fffff 64bit pref]
[    0.653724] pci 0000:00:16.4: PCI bridge to [bus 0f-0f]
[    0.653766] pci 0000:00:16.4:   bridge window [mem 0xcb500000-0xcb5fffff]
[    0.653795] pci 0000:00:16.4:   bridge window [mem 0xd9b00000-0xd9bfffff 64bit pref]
[    0.653837] pci 0000:00:16.5: PCI bridge to [bus 10-10]
[    0.653880] pci 0000:00:16.5:   bridge window [mem 0xcb900000-0xcb9fffff]
[    0.653913] pci 0000:00:16.5:   bridge window [mem 0xd9f00000-0xd9ffffff 64bit pref]
[    0.653955] pci 0000:00:16.6: PCI bridge to [bus 11-11]
[    0.653997] pci 0000:00:16.6:   bridge window [mem 0xcbd00000-0xcbdfffff]
[    0.654026] pci 0000:00:16.6:   bridge window [mem 0xda300000-0xda3fffff 64bit pref]
[    0.654068] pci 0000:00:16.7: PCI bridge to [bus 12-12]
[    0.654110] pci 0000:00:16.7:   bridge window [mem 0xcc100000-0xcc1fffff]
[    0.654139] pci 0000:00:16.7:   bridge window [mem 0xda700000-0xda7fffff 64bit pref]
[    0.654182] pci 0000:00:17.0: PCI bridge to [bus 13-13]
[    0.654199] pci 0000:00:17.0:   bridge window [io  0x6000-0x6fff]
[    0.654241] pci 0000:00:17.0:   bridge window [mem 0xca600000-0xca6fffff]
[    0.654280] pci 0000:00:17.0:   bridge window [mem 0xd8c00000-0xd8cfffff 64bit pref]
[    0.654323] pci 0000:00:17.1: PCI bridge to [bus 14-14]
[    0.654339] pci 0000:00:17.1:   bridge window [io  0xa000-0xafff]
[    0.654382] pci 0000:00:17.1:   bridge window [mem 0xcaa00000-0xcaafffff]
[    0.654411] pci 0000:00:17.1:   bridge window [mem 0xd9000000-0xd90fffff 64bit pref]
[    0.654453] pci 0000:00:17.2: PCI bridge to [bus 15-15]
[    0.654470] pci 0000:00:17.2:   bridge window [io  0xe000-0xefff]
[    0.654512] pci 0000:00:17.2:   bridge window [mem 0xcae00000-0xcaefffff]
[    0.654541] pci 0000:00:17.2:   bridge window [mem 0xd9400000-0xd94fffff 64bit pref]
[    0.654583] pci 0000:00:17.3: PCI bridge to [bus 16-16]
[    0.654626] pci 0000:00:17.3:   bridge window [mem 0xcb200000-0xcb2fffff]
[    0.654654] pci 0000:00:17.3:   bridge window [mem 0xd9800000-0xd98fffff 64bit pref]
[    0.654697] pci 0000:00:17.4: PCI bridge to [bus 17-17]
[    0.654739] pci 0000:00:17.4:   bridge window [mem 0xcb600000-0xcb6fffff]
[    0.654769] pci 0000:00:17.4:   bridge window [mem 0xd9c00000-0xd9cfffff 64bit pref]
[    0.654811] pci 0000:00:17.5: PCI bridge to [bus 18-18]
[    0.654853] pci 0000:00:17.5:   bridge window [mem 0xcba00000-0xcbafffff]
[    0.654882] pci 0000:00:17.5:   bridge window [mem 0xda000000-0xda0fffff 64bit pref]
[    0.654924] pci 0000:00:17.6: PCI bridge to [bus 19-19]
[    0.654967] pci 0000:00:17.6:   bridge window [mem 0xcbe00000-0xcbefffff]
[    0.654996] pci 0000:00:17.6:   bridge window [mem 0xda400000-0xda4fffff 64bit pref]
[    0.655038] pci 0000:00:17.7: PCI bridge to [bus 1a-1a]
[    0.655081] pci 0000:00:17.7:   bridge window [mem 0xcc200000-0xcc2fffff]
[    0.655111] pci 0000:00:17.7:   bridge window [mem 0xda800000-0xda8fffff 64bit pref]
[    0.655153] pci 0000:00:18.0: PCI bridge to [bus 1b-1b]
[    0.655170] pci 0000:00:18.0:   bridge window [io  0x7000-0x7fff]
[    0.655212] pci 0000:00:18.0:   bridge window [mem 0xca700000-0xca7fffff]
[    0.655242] pci 0000:00:18.0:   bridge window [mem 0xd8d00000-0xd8dfffff 64bit pref]
[    0.655284] pci 0000:00:18.1: PCI bridge to [bus 1c-1c]
[    0.655302] pci 0000:00:18.1:   bridge window [io  0xb000-0xbfff]
[    0.655343] pci 0000:00:18.1:   bridge window [mem 0xcab00000-0xcabfffff]
[    0.655372] pci 0000:00:18.1:   bridge window [mem 0xd9100000-0xd91fffff 64bit pref]
[    0.655414] pci 0000:00:18.2: PCI bridge to [bus 1d-1d]
[    0.655456] pci 0000:00:18.2:   bridge window [mem 0xcaf00000-0xcaffffff]
[    0.655485] pci 0000:00:18.2:   bridge window [mem 0xd9500000-0xd95fffff 64bit pref]
[    0.655527] pci 0000:00:18.3: PCI bridge to [bus 1e-1e]
[    0.655569] pci 0000:00:18.3:   bridge window [mem 0xcb300000-0xcb3fffff]
[    0.655598] pci 0000:00:18.3:   bridge window [mem 0xd9900000-0xd99fffff 64bit pref]
[    0.655640] pci 0000:00:18.4: PCI bridge to [bus 1f-1f]
[    0.655682] pci 0000:00:18.4:   bridge window [mem 0xcb700000-0xcb7fffff]
[    0.655711] pci 0000:00:18.4:   bridge window [mem 0xd9d00000-0xd9dfffff 64bit pref]
[    0.655754] pci 0000:00:18.5: PCI bridge to [bus 20-20]
[    0.655796] pci 0000:00:18.5:   bridge window [mem 0xcbb00000-0xcbbfffff]
[    0.655825] pci 0000:00:18.5:   bridge window [mem 0xda100000-0xda1fffff 64bit pref]
[    0.655868] pci 0000:00:18.6: PCI bridge to [bus 21-21]
[    0.655936] pci 0000:00:18.6:   bridge window [mem 0xcbf00000-0xcbffffff]
[    0.655967] pci 0000:00:18.6:   bridge window [mem 0xda500000-0xda5fffff 64bit pref]
[    0.656009] pci 0000:00:18.7: PCI bridge to [bus 22-22]
[    0.656051] pci 0000:00:18.7:   bridge window [mem 0xcc300000-0xcc3fffff]
[    0.656081] pci 0000:00:18.7:   bridge window [mem 0xda900000-0xda9fffff 64bit pref]
[    0.656123] pci 0000:00:01.0: setting latency timer to 64
[    0.656166] pci 0000:00:15.0: setting latency timer to 64
[    0.656208] pci 0000:00:15.1: setting latency timer to 64
[    0.656250] pci 0000:00:15.2: setting latency timer to 64
[    0.656292] pci 0000:00:15.3: setting latency timer to 64
[    0.656335] pci 0000:00:15.4: setting latency timer to 64
[    0.656377] pci 0000:00:15.5: setting latency timer to 64
[    0.656419] pci 0000:00:15.6: setting latency timer to 64
[    0.656462] pci 0000:00:15.7: setting latency timer to 64
[    0.656504] pci 0000:00:16.0: setting latency timer to 64
[    0.656546] pci 0000:00:16.1: setting latency timer to 64
[    0.656588] pci 0000:00:16.2: setting latency timer to 64
[    0.656631] pci 0000:00:16.3: setting latency timer to 64
[    0.656673] pci 0000:00:16.4: setting latency timer to 64
[    0.656715] pci 0000:00:16.5: setting latency timer to 64
[    0.656758] pci 0000:00:16.6: setting latency timer to 64
[    0.656800] pci 0000:00:16.7: setting latency timer to 64
[    0.656842] pci 0000:00:17.0: setting latency timer to 64
[    0.656884] pci 0000:00:17.1: setting latency timer to 64
[    0.656927] pci 0000:00:17.2: setting latency timer to 64
[    0.656969] pci 0000:00:17.3: setting latency timer to 64
[    0.657011] pci 0000:00:17.4: setting latency timer to 64
[    0.657054] pci 0000:00:17.5: setting latency timer to 64
[    0.657096] pci 0000:00:17.6: setting latency timer to 64
[    0.657138] pci 0000:00:17.7: setting latency timer to 64
[    0.657180] pci 0000:00:18.0: setting latency timer to 64
[    0.657223] pci 0000:00:18.1: setting latency timer to 64
[    0.657265] pci 0000:00:18.2: setting latency timer to 64
[    0.657307] pci 0000:00:18.3: setting latency timer to 64
[    0.657349] pci 0000:00:18.4: setting latency timer to 64
[    0.657392] pci 0000:00:18.5: setting latency timer to 64
[    0.657434] pci 0000:00:18.6: setting latency timer to 64
[    0.657476] pci 0000:00:18.7: setting latency timer to 64
[    0.657494] pci_bus 0000:00: resource 4 [mem 0x000a0000-0x000bffff]
[    0.657497] pci_bus 0000:00: resource 5 [mem 0x000cc000-0x000cffff]
[    0.657500] pci_bus 0000:00: resource 6 [mem 0x000d0000-0x000d3fff]
[    0.657503] pci_bus 0000:00: resource 7 [mem 0x000d4000-0x000d7fff]
[    0.657506] pci_bus 0000:00: resource 8 [mem 0x000d8000-0x000dbfff]
[    0.657508] pci_bus 0000:00: resource 9 [mem 0xc0000000-0xfebfffff]
[    0.657511] pci_bus 0000:00: resource 10 [io  0x0000-0x0cf7]
[    0.657514] pci_bus 0000:00: resource 11 [io  0x0d00-0xfeff]
[    0.657518] pci_bus 0000:02: resource 0 [io  0x2000-0x3fff]
[    0.657520] pci_bus 0000:02: resource 1 [mem 0xc9000000-0xca3fffff]
[    0.657524] pci_bus 0000:02: resource 2 [mem 0xd8400000-0xd89fffff 64bit pref]
[    0.657527] pci_bus 0000:02: resource 4 [mem 0x000a0000-0x000bffff]
[    0.657529] pci_bus 0000:02: resource 5 [mem 0x000cc000-0x000cffff]
[    0.657532] pci_bus 0000:02: resource 6 [mem 0x000d0000-0x000d3fff]
[    0.657535] pci_bus 0000:02: resource 7 [mem 0x000d4000-0x000d7fff]
[    0.657538] pci_bus 0000:02: resource 8 [mem 0x000d8000-0x000dbfff]
[    0.657541] pci_bus 0000:02: resource 9 [mem 0xc0000000-0xfebfffff]
[    0.657544] pci_bus 0000:02: resource 10 [io  0x0000-0x0cf7]
[    0.657546] pci_bus 0000:02: resource 11 [io  0x0d00-0xfeff]
[    0.657549] pci_bus 0000:03: resource 0 [io  0x4000-0x4fff]
[    0.657552] pci_bus 0000:03: resource 1 [mem 0xca400000-0xca4fffff]
[    0.657555] pci_bus 0000:03: resource 2 [mem 0xd8a00000-0xd8afffff 64bit pref]
[    0.657558] pci_bus 0000:04: resource 0 [io  0x8000-0x8fff]
[    0.657561] pci_bus 0000:04: resource 1 [mem 0xca800000-0xca8fffff]
[    0.657564] pci_bus 0000:04: resource 2 [mem 0xd8e00000-0xd8efffff 64bit pref]
[    0.657567] pci_bus 0000:05: resource 0 [io  0xc000-0xcfff]
[    0.657570] pci_bus 0000:05: resource 1 [mem 0xcac00000-0xcacfffff]
[    0.657573] pci_bus 0000:05: resource 2 [mem 0xd9200000-0xd92fffff 64bit pref]
[    0.657576] pci_bus 0000:06: resource 1 [mem 0xcb000000-0xcb0fffff]
[    0.657579] pci_bus 0000:06: resource 2 [mem 0xd9600000-0xd96fffff 64bit pref]
[    0.657582] pci_bus 0000:07: resource 1 [mem 0xcb400000-0xcb4fffff]
[    0.657585] pci_bus 0000:07: resource 2 [mem 0xd9a00000-0xd9afffff 64bit pref]
[    0.657588] pci_bus 0000:08: resource 1 [mem 0xcb800000-0xcb8fffff]
[    0.657591] pci_bus 0000:08: resource 2 [mem 0xd9e00000-0xd9efffff 64bit pref]
[    0.657594] pci_bus 0000:09: resource 1 [mem 0xcbc00000-0xcbcfffff]
[    0.657597] pci_bus 0000:09: resource 2 [mem 0xda200000-0xda2fffff 64bit pref]
[    0.657600] pci_bus 0000:0a: resource 1 [mem 0xcc000000-0xcc0fffff]
[    0.657603] pci_bus 0000:0a: resource 2 [mem 0xda600000-0xda6fffff 64bit pref]
[    0.657606] pci_bus 0000:0b: resource 0 [io  0x5000-0x5fff]
[    0.657609] pci_bus 0000:0b: resource 1 [mem 0xca500000-0xca5fffff]
[    0.657612] pci_bus 0000:0b: resource 2 [mem 0xd8b00000-0xd8bfffff 64bit pref]
[    0.657615] pci_bus 0000:0c: resource 0 [io  0x9000-0x9fff]
[    0.657618] pci_bus 0000:0c: resource 1 [mem 0xca900000-0xca9fffff]
[    0.657621] pci_bus 0000:0c: resource 2 [mem 0xd8f00000-0xd8ffffff 64bit pref]
[    0.657624] pci_bus 0000:0d: resource 0 [io  0xd000-0xdfff]
[    0.657627] pci_bus 0000:0d: resource 1 [mem 0xcad00000-0xcadfffff]
[    0.657630] pci_bus 0000:0d: resource 2 [mem 0xd9300000-0xd93fffff 64bit pref]
[    0.657633] pci_bus 0000:0e: resource 1 [mem 0xcb100000-0xcb1fffff]
[    0.657636] pci_bus 0000:0e: resource 2 [mem 0xd9700000-0xd97fffff 64bit pref]
[    0.657639] pci_bus 0000:0f: resource 1 [mem 0xcb500000-0xcb5fffff]
[    0.657642] pci_bus 0000:0f: resource 2 [mem 0xd9b00000-0xd9bfffff 64bit pref]
[    0.657645] pci_bus 0000:10: resource 1 [mem 0xcb900000-0xcb9fffff]
[    0.657648] pci_bus 0000:10: resource 2 [mem 0xd9f00000-0xd9ffffff 64bit pref]
[    0.657651] pci_bus 0000:11: resource 1 [mem 0xcbd00000-0xcbdfffff]
[    0.657654] pci_bus 0000:11: resource 2 [mem 0xda300000-0xda3fffff 64bit pref]
[    0.657657] pci_bus 0000:12: resource 1 [mem 0xcc100000-0xcc1fffff]
[    0.657660] pci_bus 0000:12: resource 2 [mem 0xda700000-0xda7fffff 64bit pref]
[    0.657663] pci_bus 0000:13: resource 0 [io  0x6000-0x6fff]
[    0.657666] pci_bus 0000:13: resource 1 [mem 0xca600000-0xca6fffff]
[    0.657669] pci_bus 0000:13: resource 2 [mem 0xd8c00000-0xd8cfffff 64bit pref]
[    0.657672] pci_bus 0000:14: resource 0 [io  0xa000-0xafff]
[    0.657675] pci_bus 0000:14: resource 1 [mem 0xcaa00000-0xcaafffff]
[    0.657678] pci_bus 0000:14: resource 2 [mem 0xd9000000-0xd90fffff 64bit pref]
[    0.657681] pci_bus 0000:15: resource 0 [io  0xe000-0xefff]
[    0.657684] pci_bus 0000:15: resource 1 [mem 0xcae00000-0xcaefffff]
[    0.657687] pci_bus 0000:15: resource 2 [mem 0xd9400000-0xd94fffff 64bit pref]
[    0.657690] pci_bus 0000:16: resource 1 [mem 0xcb200000-0xcb2fffff]
[    0.657693] pci_bus 0000:16: resource 2 [mem 0xd9800000-0xd98fffff 64bit pref]
[    0.657696] pci_bus 0000:17: resource 1 [mem 0xcb600000-0xcb6fffff]
[    0.657699] pci_bus 0000:17: resource 2 [mem 0xd9c00000-0xd9cfffff 64bit pref]
[    0.657702] pci_bus 0000:18: resource 1 [mem 0xcba00000-0xcbafffff]
[    0.657705] pci_bus 0000:18: resource 2 [mem 0xda000000-0xda0fffff 64bit pref]
[    0.657709] pci_bus 0000:19: resource 1 [mem 0xcbe00000-0xcbefffff]
[    0.657712] pci_bus 0000:19: resource 2 [mem 0xda400000-0xda4fffff 64bit pref]
[    0.657715] pci_bus 0000:1a: resource 1 [mem 0xcc200000-0xcc2fffff]
[    0.657718] pci_bus 0000:1a: resource 2 [mem 0xda800000-0xda8fffff 64bit pref]
[    0.657721] pci_bus 0000:1b: resource 0 [io  0x7000-0x7fff]
[    0.657723] pci_bus 0000:1b: resource 1 [mem 0xca700000-0xca7fffff]
[    0.657726] pci_bus 0000:1b: resource 2 [mem 0xd8d00000-0xd8dfffff 64bit pref]
[    0.657729] pci_bus 0000:1c: resource 0 [io  0xb000-0xbfff]
[    0.657732] pci_bus 0000:1c: resource 1 [mem 0xcab00000-0xcabfffff]
[    0.657735] pci_bus 0000:1c: resource 2 [mem 0xd9100000-0xd91fffff 64bit pref]
[    0.657738] pci_bus 0000:1d: resource 1 [mem 0xcaf00000-0xcaffffff]
[    0.657741] pci_bus 0000:1d: resource 2 [mem 0xd9500000-0xd95fffff 64bit pref]
[    0.657744] pci_bus 0000:1e: resource 1 [mem 0xcb300000-0xcb3fffff]
[    0.657747] pci_bus 0000:1e: resource 2 [mem 0xd9900000-0xd99fffff 64bit pref]
[    0.657750] pci_bus 0000:1f: resource 1 [mem 0xcb700000-0xcb7fffff]
[    0.657753] pci_bus 0000:1f: resource 2 [mem 0xd9d00000-0xd9dfffff 64bit pref]
[    0.657756] pci_bus 0000:20: resource 1 [mem 0xcbb00000-0xcbbfffff]
[    0.657759] pci_bus 0000:20: resource 2 [mem 0xda100000-0xda1fffff 64bit pref]
[    0.657763] pci_bus 0000:21: resource 1 [mem 0xcbf00000-0xcbffffff]
[    0.657766] pci_bus 0000:21: resource 2 [mem 0xda500000-0xda5fffff 64bit pref]
[    0.657769] pci_bus 0000:22: resource 1 [mem 0xcc300000-0xcc3fffff]
[    0.657772] pci_bus 0000:22: resource 2 [mem 0xda900000-0xda9fffff 64bit pref]
[    0.657814] NET: Registered protocol family 2
[    0.657856] IP route cache hash table entries: 32768 (order: 5, 131072 bytes)
[    0.657899] TCP established hash table entries: 131072 (order: 8, 1048576 bytes)
[    0.657941] TCP bind hash table entries: 65536 (order: 7, 524288 bytes)
[    0.657983] TCP: Hash tables configured (established 131072 bind 65536)
[    0.657987] TCP reno registered
[    0.657990] UDP hash table entries: 512 (order: 2, 16384 bytes)
[    0.658001] UDP-Lite hash table entries: 512 (order: 2, 16384 bytes)
[    0.658043] NET: Registered protocol family 1
[    0.658056] pci 0000:00:00.0: Limiting direct PCI/PCI transfers
[    0.658099] pci 0000:00:0f.0: Boot video device
[    0.658141] ACPI: PCI Interrupt Link [LNKC] enabled at IRQ 10
[    0.658145] PCI: setting IRQ 10 as level-triggered
[    0.658154] pci 0000:02:00.0: PCI INT A -> Link[LNKC] -> GSI 10 (level, low) -> IRQ 10
[    0.658244] pci 0000:02:00.0: PCI INT A disabled
[    0.658286] ACPI: PCI Interrupt Link [LNKB] enabled at IRQ 11
[    0.658290] PCI: setting IRQ 11 as level-triggered
[    0.658295] pci 0000:02:03.0: PCI INT A -> Link[LNKB] -> GSI 11 (level, low) -> IRQ 11
[    0.658338] pci 0000:02:03.0: PCI INT A disabled
[    0.658356] PCI: CLS 32 bytes, default 64
[    0.658411] Simple Boot Flag at 0x36 set to 0x1
[    0.658417] Switching to clocksource tsc
[    0.658687] audit: initializing netlink socket (disabled)
[    0.658697] type=2000 audit(1369640599.634:1): initialized
[    0.672018] Trying to unpack rootfs image as initramfs...
[    0.692084] highmem bounce pool size: 64 pages
[    0.692090] HugeTLB registered 2 MB page size, pre-allocated 0 pages
[    0.696073] VFS: Disk quotas dquot_6.5.2
[    0.696116] Dquot-cache hash table entries: 1024 (order 0, 4096 bytes)
[    0.696245] fuse init (API version 7.17)
[    0.696318] msgmni has been set to 1710
[    0.711944] Block layer SCSI generic (bsg) driver version 0.4 loaded (major 253)
[    0.711989] io scheduler noop registered
[    0.711992] io scheduler deadline registered
[    0.712001] io scheduler cfq registered (default)
[    0.712043] pcieport 0000:00:15.0: setting latency timer to 64
[    0.712085] pcieport 0000:00:15.0: irq 40 for MSI/MSI-X
[    0.712127] pcieport 0000:00:15.1: setting latency timer to 64
[    0.712170] pcieport 0000:00:15.1: irq 41 for MSI/MSI-X
[    0.712212] pcieport 0000:00:15.2: setting latency timer to 64
[    0.712254] pcieport 0000:00:15.2: irq 42 for MSI/MSI-X
[    0.712297] pcieport 0000:00:15.3: setting latency timer to 64
[    0.712339] pcieport 0000:00:15.3: irq 43 for MSI/MSI-X
[    0.712381] pcieport 0000:00:15.4: setting latency timer to 64
[    0.712423] pcieport 0000:00:15.4: irq 44 for MSI/MSI-X
[    0.712466] pcieport 0000:00:15.5: setting latency timer to 64
[    0.712508] pcieport 0000:00:15.5: irq 45 for MSI/MSI-X
[    0.712550] pcieport 0000:00:15.6: setting latency timer to 64
[    0.712593] pcieport 0000:00:15.6: irq 46 for MSI/MSI-X
[    0.712635] pcieport 0000:00:15.7: setting latency timer to 64
[    0.712677] pcieport 0000:00:15.7: irq 47 for MSI/MSI-X
[    0.712719] pcieport 0000:00:16.0: setting latency timer to 64
[    0.712762] pcieport 0000:00:16.0: irq 48 for MSI/MSI-X
[    0.712804] pcieport 0000:00:16.1: setting latency timer to 64
[    0.712846] pcieport 0000:00:16.1: irq 49 for MSI/MSI-X
[    0.712889] pcieport 0000:00:16.2: setting latency timer to 64
[    0.712931] pcieport 0000:00:16.2: irq 50 for MSI/MSI-X
[    0.712973] pcieport 0000:00:16.3: setting latency timer to 64
[    0.713015] pcieport 0000:00:16.3: irq 51 for MSI/MSI-X
[    0.713058] pcieport 0000:00:16.4: setting latency timer to 64
[    0.713100] pcieport 0000:00:16.4: irq 52 for MSI/MSI-X
[    0.713142] pcieport 0000:00:16.5: setting latency timer to 64
[    0.713185] pcieport 0000:00:16.5: irq 53 for MSI/MSI-X
[    0.713227] pcieport 0000:00:16.6: setting latency timer to 64
[    0.713269] pcieport 0000:00:16.6: irq 54 for MSI/MSI-X
[    0.713311] pcieport 0000:00:16.7: setting latency timer to 64
[    0.713354] pcieport 0000:00:16.7: irq 55 for MSI/MSI-X
[    0.713396] pcieport 0000:00:17.0: setting latency timer to 64
[    0.713438] pcieport 0000:00:17.0: irq 56 for MSI/MSI-X
[    0.713481] pcieport 0000:00:17.1: setting latency timer to 64
[    0.713523] pcieport 0000:00:17.1: irq 57 for MSI/MSI-X
[    0.713565] pcieport 0000:00:17.2: setting latency timer to 64
[    0.713607] pcieport 0000:00:17.2: irq 58 for MSI/MSI-X
[    0.713650] pcieport 0000:00:17.3: setting latency timer to 64
[    0.713692] pcieport 0000:00:17.3: irq 59 for MSI/MSI-X
[    0.713734] pcieport 0000:00:17.4: setting latency timer to 64
[    0.713777] pcieport 0000:00:17.4: irq 60 for MSI/MSI-X
[    0.713819] pcieport 0000:00:17.5: setting latency timer to 64
[    0.713861] pcieport 0000:00:17.5: irq 61 for MSI/MSI-X
[    0.713903] pcieport 0000:00:17.6: setting latency timer to 64
[    0.713946] pcieport 0000:00:17.6: irq 62 for MSI/MSI-X
[    0.713988] pcieport 0000:00:17.7: setting latency timer to 64
[    0.714030] pcieport 0000:00:17.7: irq 63 for MSI/MSI-X
[    0.714072] pcieport 0000:00:18.0: setting latency timer to 64
[    0.714115] pcieport 0000:00:18.0: irq 64 for MSI/MSI-X
[    0.714157] pcieport 0000:00:18.1: setting latency timer to 64
[    0.714199] pcieport 0000:00:18.1: irq 65 for MSI/MSI-X
[    0.714242] pcieport 0000:00:18.2: setting latency timer to 64
[    0.714284] pcieport 0000:00:18.2: irq 66 for MSI/MSI-X
[    0.714326] pcieport 0000:00:18.3: setting latency timer to 64
[    0.714368] pcieport 0000:00:18.3: irq 67 for MSI/MSI-X
[    0.714411] pcieport 0000:00:18.4: setting latency timer to 64
[    0.714453] pcieport 0000:00:18.4: irq 68 for MSI/MSI-X
[    0.714495] pcieport 0000:00:18.5: setting latency timer to 64
[    0.714538] pcieport 0000:00:18.5: irq 69 for MSI/MSI-X
[    0.714580] pcieport 0000:00:18.6: setting latency timer to 64
[    0.714622] pcieport 0000:00:18.6: irq 70 for MSI/MSI-X
[    0.714664] pcieport 0000:00:18.7: setting latency timer to 64
[    0.714707] pcieport 0000:00:18.7: irq 71 for MSI/MSI-X
[    0.714749] pcieport 0000:00:15.0: Signaling PME through PCIe PME interrupt
[    0.714781] pcie_pme 0000:00:15.0:pcie01: service driver pcie_pme loaded
[    0.714823] pcieport 0000:00:15.1: Signaling PME through PCIe PME interrupt
[    0.714854] pcie_pme 0000:00:15.1:pcie01: service driver pcie_pme loaded
[    0.714896] pcieport 0000:00:15.2: Signaling PME through PCIe PME interrupt
[    0.714926] pcie_pme 0000:00:15.2:pcie01: service driver pcie_pme loaded
[    0.714968] pcieport 0000:00:15.3: Signaling PME through PCIe PME interrupt
[    0.715000] pcie_pme 0000:00:15.3:pcie01: service driver pcie_pme loaded
[    0.715042] pcieport 0000:00:15.4: Signaling PME through PCIe PME interrupt
[    0.715073] pcie_pme 0000:00:15.4:pcie01: service driver pcie_pme loaded
[    0.715115] pcieport 0000:00:15.5: Signaling PME through PCIe PME interrupt
[    0.715145] pcie_pme 0000:00:15.5:pcie01: service driver pcie_pme loaded
[    0.715188] pcieport 0000:00:15.6: Signaling PME through PCIe PME interrupt
[    0.715218] pcie_pme 0000:00:15.6:pcie01: service driver pcie_pme loaded
[    0.715261] pcieport 0000:00:15.7: Signaling PME through PCIe PME interrupt
[    0.715291] pcie_pme 0000:00:15.7:pcie01: service driver pcie_pme loaded
[    0.715333] pcieport 0000:00:16.0: Signaling PME through PCIe PME interrupt
[    0.715364] pcie_pme 0000:00:16.0:pcie01: service driver pcie_pme loaded
[    0.715406] pcieport 0000:00:16.1: Signaling PME through PCIe PME interrupt
[    0.715437] pcie_pme 0000:00:16.1:pcie01: service driver pcie_pme loaded
[    0.715479] pcieport 0000:00:16.2: Signaling PME through PCIe PME interrupt
[    0.715510] pcie_pme 0000:00:16.2:pcie01: service driver pcie_pme loaded
[    0.715552] pcieport 0000:00:16.3: Signaling PME through PCIe PME interrupt
[    0.715583] pcie_pme 0000:00:16.3:pcie01: service driver pcie_pme loaded
[    0.715625] pcieport 0000:00:16.4: Signaling PME through PCIe PME interrupt
[    0.715656] pcie_pme 0000:00:16.4:pcie01: service driver pcie_pme loaded
[    0.715698] pcieport 0000:00:16.5: Signaling PME through PCIe PME interrupt
[    0.715728] pcie_pme 0000:00:16.5:pcie01: service driver pcie_pme loaded
[    0.715920] pcieport 0000:00:16.6: Signaling PME through PCIe PME interrupt
[    0.715953] pcie_pme 0000:00:16.6:pcie01: service driver pcie_pme loaded
[    0.715995] pcieport 0000:00:16.7: Signaling PME through PCIe PME interrupt
[    0.716026] pcie_pme 0000:00:16.7:pcie01: service driver pcie_pme loaded
[    0.716068] pcieport 0000:00:17.0: Signaling PME through PCIe PME interrupt
[    0.716099] pcie_pme 0000:00:17.0:pcie01: service driver pcie_pme loaded
[    0.716141] pcieport 0000:00:17.1: Signaling PME through PCIe PME interrupt
[    0.716171] pcie_pme 0000:00:17.1:pcie01: service driver pcie_pme loaded
[    0.716213] pcieport 0000:00:17.2: Signaling PME through PCIe PME interrupt
[    0.716245] pcie_pme 0000:00:17.2:pcie01: service driver pcie_pme loaded
[    0.716287] pcieport 0000:00:17.3: Signaling PME through PCIe PME interrupt
[    0.716318] pcie_pme 0000:00:17.3:pcie01: service driver pcie_pme loaded
[    0.716360] pcieport 0000:00:17.4: Signaling PME through PCIe PME interrupt
[    0.716402] pcie_pme 0000:00:17.4:pcie01: service driver pcie_pme loaded
[    0.716445] pcieport 0000:00:17.5: Signaling PME through PCIe PME interrupt
[    0.716475] pcie_pme 0000:00:17.5:pcie01: service driver pcie_pme loaded
[    0.716518] pcieport 0000:00:17.6: Signaling PME through PCIe PME interrupt
[    0.716548] pcie_pme 0000:00:17.6:pcie01: service driver pcie_pme loaded
[    0.716591] pcieport 0000:00:17.7: Signaling PME through PCIe PME interrupt
[    0.716621] pcie_pme 0000:00:17.7:pcie01: service driver pcie_pme loaded
[    0.716663] pcieport 0000:00:18.0: Signaling PME through PCIe PME interrupt
[    0.716694] pcie_pme 0000:00:18.0:pcie01: service driver pcie_pme loaded
[    0.716736] pcieport 0000:00:18.1: Signaling PME through PCIe PME interrupt
[    0.716767] pcie_pme 0000:00:18.1:pcie01: service driver pcie_pme loaded
[    0.716809] pcieport 0000:00:18.2: Signaling PME through PCIe PME interrupt
[    0.716840] pcie_pme 0000:00:18.2:pcie01: service driver pcie_pme loaded
[    0.716882] pcieport 0000:00:18.3: Signaling PME through PCIe PME interrupt
[    0.716913] pcie_pme 0000:00:18.3:pcie01: service driver pcie_pme loaded
[    0.716955] pcieport 0000:00:18.4: Signaling PME through PCIe PME interrupt
[    0.716985] pcie_pme 0000:00:18.4:pcie01: service driver pcie_pme loaded
[    0.717027] pcieport 0000:00:18.5: Signaling PME through PCIe PME interrupt
[    0.717057] pcie_pme 0000:00:18.5:pcie01: service driver pcie_pme loaded
[    0.717100] pcieport 0000:00:18.6: Signaling PME through PCIe PME interrupt
[    0.717130] pcie_pme 0000:00:18.6:pcie01: service driver pcie_pme loaded
[    0.717173] pcieport 0000:00:18.7: Signaling PME through PCIe PME interrupt
[    0.717206] pcie_pme 0000:00:18.7:pcie01: service driver pcie_pme loaded
[    0.717238] pci_hotplug: PCI Hot Plug PCI Core version: 0.5
[    0.717281] pciehp 0000:00:15.0:pcie04: HPC vendor_id 15ad device_id 7a0 ss_vid 15ad ss_did 7a0
[    0.717323] pciehp 0000:00:15.0:pcie04: service driver pciehp loaded
[    0.717365] pciehp 0000:00:15.1:pcie04: HPC vendor_id 15ad device_id 7a0 ss_vid 15ad ss_did 7a0
[    0.717407] pciehp 0000:00:15.1:pcie04: service driver pciehp loaded
[    0.717450] pciehp 0000:00:15.2:pcie04: HPC vendor_id 15ad device_id 7a0 ss_vid 15ad ss_did 7a0
[    0.717492] pciehp 0000:00:15.2:pcie04: service driver pciehp loaded
[    0.717534] pciehp 0000:00:15.3:pcie04: HPC vendor_id 15ad device_id 7a0 ss_vid 15ad ss_did 7a0
[    0.717576] pciehp 0000:00:15.3:pcie04: service driver pciehp loaded
[    0.717619] pciehp 0000:00:15.4:pcie04: HPC vendor_id 15ad device_id 7a0 ss_vid 15ad ss_did 7a0
[    0.717661] pciehp 0000:00:15.4:pcie04: service driver pciehp loaded
[    0.717703] pciehp 0000:00:15.5:pcie04: HPC vendor_id 15ad device_id 7a0 ss_vid 15ad ss_did 7a0
[    0.717746] pciehp 0000:00:15.5:pcie04: service driver pciehp loaded
[    0.717788] pciehp 0000:00:15.6:pcie04: HPC vendor_id 15ad device_id 7a0 ss_vid 15ad ss_did 7a0
[    0.717830] pciehp 0000:00:15.6:pcie04: service driver pciehp loaded
[    0.717872] pciehp 0000:00:15.7:pcie04: HPC vendor_id 15ad device_id 7a0 ss_vid 15ad ss_did 7a0
[    0.717915] pciehp 0000:00:15.7:pcie04: service driver pciehp loaded
[    0.717957] pciehp 0000:00:16.0:pcie04: HPC vendor_id 15ad device_id 7a0 ss_vid 15ad ss_did 7a0
[    0.717999] pciehp 0000:00:16.0:pcie04: service driver pciehp loaded
[    0.718042] pciehp 0000:00:16.1:pcie04: HPC vendor_id 15ad device_id 7a0 ss_vid 15ad ss_did 7a0
[    0.718084] pciehp 0000:00:16.1:pcie04: service driver pciehp loaded
[    0.718126] pciehp 0000:00:16.2:pcie04: HPC vendor_id 15ad device_id 7a0 ss_vid 15ad ss_did 7a0
[    0.718168] pciehp 0000:00:16.2:pcie04: service driver pciehp loaded
[    0.718211] pciehp 0000:00:16.3:pcie04: HPC vendor_id 15ad device_id 7a0 ss_vid 15ad ss_did 7a0
[    0.718253] pciehp 0000:00:16.3:pcie04: service driver pciehp loaded
[    0.718295] pciehp 0000:00:16.4:pcie04: HPC vendor_id 15ad device_id 7a0 ss_vid 15ad ss_did 7a0
[    0.718338] pciehp 0000:00:16.4:pcie04: service driver pciehp loaded
[    0.718380] pciehp 0000:00:16.5:pcie04: HPC vendor_id 15ad device_id 7a0 ss_vid 15ad ss_did 7a0
[    0.718422] pciehp 0000:00:16.5:pcie04: service driver pciehp loaded
[    0.718464] pciehp 0000:00:16.6:pcie04: HPC vendor_id 15ad device_id 7a0 ss_vid 15ad ss_did 7a0
[    0.718507] pciehp 0000:00:16.6:pcie04: service driver pciehp loaded
[    0.718549] pciehp 0000:00:16.7:pcie04: HPC vendor_id 15ad device_id 7a0 ss_vid 15ad ss_did 7a0
[    0.718591] pciehp 0000:00:16.7:pcie04: service driver pciehp loaded
[    0.718634] pciehp 0000:00:17.0:pcie04: HPC vendor_id 15ad device_id 7a0 ss_vid 15ad ss_did 7a0
[    0.718676] pciehp 0000:00:17.0:pcie04: service driver pciehp loaded
[    0.718718] pciehp 0000:00:17.1:pcie04: HPC vendor_id 15ad device_id 7a0 ss_vid 15ad ss_did 7a0
[    0.718760] pciehp 0000:00:17.1:pcie04: service driver pciehp loaded
[    0.718803] pciehp 0000:00:17.2:pcie04: HPC vendor_id 15ad device_id 7a0 ss_vid 15ad ss_did 7a0
[    0.718845] pciehp 0000:00:17.2:pcie04: service driver pciehp loaded
[    0.718887] pciehp 0000:00:17.3:pcie04: HPC vendor_id 15ad device_id 7a0 ss_vid 15ad ss_did 7a0
[    0.718930] pciehp 0000:00:17.3:pcie04: service driver pciehp loaded
[    0.718972] pciehp 0000:00:17.4:pcie04: HPC vendor_id 15ad device_id 7a0 ss_vid 15ad ss_did 7a0
[    0.719014] pciehp 0000:00:17.4:pcie04: service driver pciehp loaded
[    0.719056] pciehp 0000:00:17.5:pcie04: HPC vendor_id 15ad device_id 7a0 ss_vid 15ad ss_did 7a0
[    0.719099] pciehp 0000:00:17.5:pcie04: service driver pciehp loaded
[    0.719141] pciehp 0000:00:17.6:pcie04: HPC vendor_id 15ad device_id 7a0 ss_vid 15ad ss_did 7a0
[    0.719183] pciehp 0000:00:17.6:pcie04: service driver pciehp loaded
[    0.719226] pciehp 0000:00:17.7:pcie04: HPC vendor_id 15ad device_id 7a0 ss_vid 15ad ss_did 7a0
[    0.719268] pciehp 0000:00:17.7:pcie04: service driver pciehp loaded
[    0.719310] pciehp 0000:00:18.0:pcie04: HPC vendor_id 15ad device_id 7a0 ss_vid 15ad ss_did 7a0
[    0.719352] pciehp 0000:00:18.0:pcie04: service driver pciehp loaded
[    0.719395] pciehp 0000:00:18.1:pcie04: HPC vendor_id 15ad device_id 7a0 ss_vid 15ad ss_did 7a0
[    0.719437] pciehp 0000:00:18.1:pcie04: service driver pciehp loaded
[    0.719479] pciehp 0000:00:18.2:pcie04: HPC vendor_id 15ad device_id 7a0 ss_vid 15ad ss_did 7a0
[    0.719521] pciehp 0000:00:18.2:pcie04: service driver pciehp loaded
[    0.719564] pciehp 0000:00:18.3:pcie04: HPC vendor_id 15ad device_id 7a0 ss_vid 15ad ss_did 7a0
[    0.719606] pciehp 0000:00:18.3:pcie04: service driver pciehp loaded
[    0.719648] pciehp 0000:00:18.4:pcie04: HPC vendor_id 15ad device_id 7a0 ss_vid 15ad ss_did 7a0
[    0.719691] pciehp 0000:00:18.4:pcie04: service driver pciehp loaded
[    0.719733] pciehp 0000:00:18.5:pcie04: HPC vendor_id 15ad device_id 7a0 ss_vid 15ad ss_did 7a0
[    0.719743] pciehp 0000:00:18.5:pcie04: service driver pciehp loaded
[    0.723915] pciehp 0000:00:18.6:pcie04: HPC vendor_id 15ad device_id 7a0 ss_vid 15ad ss_did 7a0
[    0.723957] pciehp 0000:00:18.6:pcie04: service driver pciehp loaded
[    0.723999] pciehp 0000:00:18.7:pcie04: HPC vendor_id 15ad device_id 7a0 ss_vid 15ad ss_did 7a0
[    0.724042] pciehp 0000:00:18.7:pcie04: service driver pciehp loaded
[    0.724052] pciehp: PCI Express Hot Plug Controller Driver version: 0.4
[    0.724094] ACPI: Deprecated procfs I/F for AC is loaded, please retry with CONFIG_ACPI_PROCFS_POWER cleared
[    0.724142] ACPI: AC Adapter [ACAD] (on-line)
[    0.724212] input: Power Button as /devices/LNXSYSTM:00/LNXPWRBN:00/input/input0
[    0.724218] ACPI: Power Button [PWRF]
[    0.747879] ERST: Table is not found!
[    0.747883] GHES: HEST is not enabled!
[    0.748001] Serial: 8250/16550 driver, 32 ports, IRQ sharing enabled
[    0.771726] serial8250: ttyS0 at I/O 0x3f8 (irq = 4) is a 16550A
[    0.775834] isapnp: Scanning for PnP cards...
[    0.911566] serial8250: ttyS1 at I/O 0x2f8 (irq = 3) is a 16550A
[    0.963441] 00:0a: ttyS0 at I/O 0x3f8 (irq = 4) is a 16550A
[    1.055309] 00:0b: ttyS1 at I/O 0x2f8 (irq = 3) is a 16550A
[    1.079467] Linux agpgart interface v0.103
[    1.079515] agpgart-intel 0000:00:00.0: Intel 440BX Chipset
[    1.079609] agpgart-intel 0000:00:00.0: AGP aperture is 256M @ 0x0
[    1.080519] brd: module loaded
[    1.081009] loop: module loaded
[    1.081057] ata_piix 0000:00:07.1: version 2.13
[    1.081140] scsi0 : ata_piix
[    1.081214] scsi1 : ata_piix
[    1.081258] ata1: PATA max UDMA/33 cmd 0x1f0 ctl 0x3f6 bmdma 0x10c0 irq 14
[    1.081261] ata2: PATA max UDMA/33 cmd 0x170 ctl 0x376 bmdma 0x10c8 irq 15
[    1.081313] Fixed MDIO Bus: probed
[    1.081333] tun: Universal TUN/TAP device driver, 1.6
[    1.081336] tun: (C) 1999-2004 Max Krasnyansky <maxk@qualcomm.com>
[    1.081406] PPP generic driver version 2.4.2
[    1.081489] ehci_hcd: USB 2.0 'Enhanced' Host Controller (EHCI) Driver
[    1.081525] ehci_hcd 0000:02:03.0: PCI INT A -> Link[LNKB] -> GSI 11 (level, low) -> IRQ 11
[    1.081573] ehci_hcd 0000:02:03.0: EHCI Host Controller
[    1.081627] ehci_hcd 0000:02:03.0: new USB bus registered, assigned bus number 1
[    1.081675] ehci_hcd 0000:02:03.0: cache line size of 32 is not supported
[    1.081685] ehci_hcd 0000:02:03.0: irq 11, io mem 0xc9000000
[    1.131401] ehci_hcd 0000:02:03.0: USB 2.0 started, EHCI 1.00
[    1.215210] hub 1-0:1.0: USB hub found
[    1.215217] hub 1-0:1.0: 6 ports detected
[    1.215266] ohci_hcd: USB 1.1 'Open' Host Controller (OHCI) Driver
[    1.215287] uhci_hcd: USB Universal Host Controller Interface driver
[    1.215335] uhci_hcd 0000:02:00.0: PCI INT A -> Link[LNKC] -> GSI 10 (level, low) -> IRQ 10
[    1.215384] uhci_hcd 0000:02:00.0: UHCI Host Controller
[    1.215439] uhci_hcd 0000:02:00.0: new USB bus registered, assigned bus number 2
[    1.215541] uhci_hcd 0000:02:00.0: irq 10, io base 0x000020c0
[    1.215652] hub 2-0:1.0: USB hub found
[    1.215657] hub 2-0:1.0: 2 ports detected
[    1.215706] usbcore: registered new interface driver libusual
[    1.215754] i8042: PNP: PS/2 Controller [PNP0303:KBC,PNP0f13:MOUS] at 0x60,0x64 irq 1,12
[    1.216085] serio: i8042 KBD port at 0x60,0x64 irq 1
[    1.216095] serio: i8042 AUX port at 0x60,0x64 irq 12
[    1.216241] mousedev: PS/2 mouse device common for all mice
[    1.236436] rtc_cmos 00:04: rtc core: registered rtc_cmos as rtc0
[    1.236461] rtc0: alarms up to one month, y3k, 114 bytes nvram, hpet irqs
[    1.236510] device-mapper: uevent: version 1.0.3
[    1.236583] device-mapper: ioctl: 4.22.0-ioctl (2011-10-19) initialised: dm-devel@redhat.com
[    1.236628] EISA: Probing bus 0 at eisa.0
[    1.236631] EISA: Cannot allocate resource for mainboard
[    1.236634] Cannot allocate resource for EISA slot 1
[    1.236636] Cannot allocate resource for EISA slot 2
[    1.236638] Cannot allocate resource for EISA slot 3
[    1.236640] Cannot allocate resource for EISA slot 4
[    1.236642] Cannot allocate resource for EISA slot 5
[    1.236645] Cannot allocate resource for EISA slot 6
[    1.236647] Cannot allocate resource for EISA slot 7
[    1.236649] Cannot allocate resource for EISA slot 8
[    1.236651] EISA: Detected 0 cards.
[    1.236661] cpufreq-nforce2: No nForce2 chipset.
[    1.236664] cpuidle: using governor ladder
[    1.236666] cpuidle: using governor menu
[    1.236668] EFI Variables Facility v0.08 2004-May-17
[    1.236717] TCP cubic registered
[    1.236814] NET: Registered protocol family 10
[    1.236862] NET: Registered protocol family 17
[    1.236868] Registering the dns_resolver key type
[    1.236884] Using IPI No-Shortcut mode
[    1.236981] PM: Hibernation image not present or could not be loaded.
[    1.236992] registered taskstats version 1
[    1.335402] input: AT Translated Set 2 keyboard as /devices/platform/i8042/serio0/input/input1
[    1.346981] ata2.00: ATAPI: VMware Virtual IDE CDROM Drive, 00000001, max UDMA/33
[    1.347291] ata2.00: configured for UDMA/33
[    1.434914] Freeing initrd memory: 13836k freed
[    1.479942] isapnp: No Plug & Play device found
[    1.480165] scsi 1:0:0:0: CD-ROM            NECVMWar VMware IDE CDR10 1.00 PQ: 0 ANSI: 5
[    1.480956] sr0: scsi3-mmc drive: 306x/306x cd/rw xa/form2 cdda tray
[    1.480960] cdrom: Uniform CD-ROM driver Revision: 3.20
[    1.481069] sr 1:0:0:0: Attached scsi CD-ROM sr0
[    1.481281] sr 1:0:0:0: Attached scsi generic sg0 type 5
[    1.486814]   Magic number: 13:447:724
[    1.486828] block loop4: hash matches
[    1.486840] pcie_pme 0000:00:18.7:pcie01: hash matches
[    1.486938] rtc_cmos 00:04: setting system clock to 2013-05-27 07:43:21 UTC (1369640601)
[    1.486956] BIOS EDD facility v0.16 2004-Jun-25, 0 devices found
[    1.486958] EDD information not available.
[    1.487083] Freeing unused kernel memory: 740k freed
[    1.487132] Write protecting the kernel text: 5816k
[    1.487146] Write protecting the kernel read-only data: 2376k
[    1.487149] NX-protecting the kernel data: 4424k
[    1.498467] udevd[85]: starting version 175
[    1.519115] VMware vmxnet3 virtual NIC driver - version 1.1.29.0-k-NAPI
[    1.521255] VMware PVSCSI driver - version 1.0.1.0-k
[    1.527593] VMware vmxnet virtual NIC driver
[    1.527641] ACPI: PCI Interrupt Link [LNKD] enabled at IRQ 5
[    1.527645] PCI: setting IRQ 5 as level-triggered
[    1.527653] vmxnet 0000:02:01.0: PCI INT A -> Link[LNKD] -> GSI 5 (level, low) -> IRQ 5
[    1.527701] Found vmxnet/PCI at 0x2024, irq 5.
[    1.527750] features:
[    1.527765] numRxBuffers = 100, numRxBuffers2 = 1
[    1.527813] vmxnet 0000:02:01.0: eth0: set_features() failed (-1); wanted 0x00004000, left 0x00004800
[    1.546662] usb 2-1: new full-speed USB device number 2 using uhci_hcd
[    1.548765] Fusion MPT base driver 3.04.20
[    1.548768] Copyright (c) 1999-2008 LSI Corporation
[    1.548966] Fusion MPT SPI Host driver 3.04.20
[    1.549015] mptspi 0000:00:10.0: PCI INT A -> Link[LNKB] -> GSI 11 (level, low) -> IRQ 11
[    1.554643] mptbase: ioc0: Initiating bringup
[    1.572975] Floppy drive(s): fd0 is 1.44M
[    1.586841] FDC 0 is a post-1991 82077
[    1.626582] ioc0: LSI53C1030 B0: Capabilities={Initiator}
[    1.682769] input: VMware VMware Virtual USB Mouse as /devices/pci0000:00/0000:00:11.0/0000:02:00.0/usb2/2-1/2-1:1.0/input/input2
[    1.682993] generic-usb 0003:0E0F:0003.0001: input,hidraw0: USB HID v1.10 Mouse [VMware VMware Virtual USB Mouse] on usb-0000:02:00.0-1/input0
[    1.683692] input: VMware VMware Virtual USB Mouse as /devices/pci0000:00/0000:00:11.0/0000:02:00.0/usb2/2-1/2-1:1.1/input/input3
[    1.683892] generic-usb 0003:0E0F:0003.0002: input,hidraw1: USB HID v1.10 Mouse [VMware VMware Virtual USB Mouse] on usb-0000:02:00.0-1/input1
[    1.684080] usbcore: registered new interface driver usbhid
[    1.684083] usbhid: USB HID core driver
[    1.786384] scsi2 : ioc0: LSI53C1030 B0, FwRev=01032920h, Ports=1, MaxQ=128, IRQ=11
[    1.790286] usb 2-2: new full-speed USB device number 3 using uhci_hcd
[    1.899254] scsi 2:0:0:0: Direct-Access     VMware,  VMware Virtual S 1.0  PQ: 0 ANSI: 2
[    1.899265] scsi target2:0:0: Beginning Domain Validation
[    1.899972] scsi target2:0:0: Domain Validation skipping write tests
[    1.899976] scsi target2:0:0: Ending Domain Validation
[    1.900040] scsi target2:0:0: FAST-40 WIDE SCSI 80.0 MB/s ST (25 ns, offset 127)
[    1.902805] sd 2:0:0:0: [sda] 41943040 512-byte logical blocks: (21.4 GB/20.0 GiB)
[    1.902875] sd 2:0:0:0: [sda] Write Protect is off
[    1.902879] sd 2:0:0:0: [sda] Mode Sense: 61 00 00 00
[    1.902946] sd 2:0:0:0: [sda] Cache data unavailable
[    1.902950] sd 2:0:0:0: [sda] Assuming drive cache: write through
[    1.903305] sd 2:0:0:0: [sda] Cache data unavailable
[    1.903309] sd 2:0:0:0: [sda] Assuming drive cache: write through
[    1.904274] sd 2:0:0:0: Attached scsi generic sg1 type 0
[    1.905184]  sda: sda1 sda2 < sda5 >
[    1.905631] sd 2:0:0:0: [sda] Cache data unavailable
[    1.905635] sd 2:0:0:0: [sda] Assuming drive cache: write through
[    1.905638] sd 2:0:0:0: [sda] Attached SCSI disk
[    1.931415] hub 2-2:1.0: USB hub found
[    1.933613] hub 2-2:1.0: 7 ports detected
[    1.949769] EXT4-fs (sda1): INFO: recovery required on readonly filesystem
[    1.949774] EXT4-fs (sda1): write access will be enabled during recovery
[    2.103943] EXT4-fs (sda1): recovery complete
[    2.104646] EXT4-fs (sda1): mounted filesystem with ordered data mode. Opts: (null)
[    3.551850] ADDRCONF(NETDEV_UP): eth0: link is not ready
[    3.570320] udevd[328]: starting version 175
[    3.629108] lp: driver loaded but no devices found
[    3.668916] Adding 1046524k swap on /dev/sda5.  Priority:-1 extents:1 across:1046524k 
[    3.737087] shpchp: Standard Hot Plug PCI Controller Driver version: 0.4
[    3.751764] EXT4-fs (sda1): re-mounted. Opts: errors=remount-ro
[    3.758476] piix4_smbus 0000:00:07.3: Host SMBus controller not enabled!
[    3.807289] [384]: VMCI: shared components initialized.
[    3.807289] Probing for vmci/PCI.
[    3.807539] ACPI: PCI Interrupt Link [LNKA] enabled at IRQ 9
[    3.807542] PCI: setting IRQ 9 as level-triggered
[    3.807549] vmci 0000:00:07.7: PCI INT A -> Link[LNKA] -> GSI 9 (level, low) -> IRQ 9
[    3.807601] Found vmci/PCI at 0x1080, irq 9.
[    3.807643] VMCI: using capabilities 0xc.
[    3.807730] [384]: VMCI: Host capability check passed.
[    3.808039] vmci 0000:00:07.7: irq 72 for MSI/MSI-X
[    3.808077] vmci 0000:00:07.7: irq 73 for MSI/MSI-X
[    3.808332] Registered vmci device.
[    3.813204] [384]: VMCI: Using guest personality
[    3.813209] [384]: VMCI: host components initialized.
[    3.818873] [384]: VMCI: Module registered (name=vmci,major=10,minor=57).
[    3.818878] [384]: VMCI: Using host personality
[    3.818881] [384]: VMCI: Module (name=vmci) is initialized
[    3.940213] ppdev: user-space parallel port driver
[    3.941268] parport_pc 00:09: reported by Plug and Play ACPI
[    3.941499] parport0: PC-style at 0x378, irq 7 [PCSPP,TRISTATE]
[    3.954455] Bluetooth: Core ver 2.16
[    3.959216] NET: Registered protocol family 31
[    3.959220] Bluetooth: HCI device and connection manager initialized
[    3.959223] Bluetooth: HCI socket layer initialized
[    3.959226] Bluetooth: L2CAP socket layer initialized
[    3.959233] Bluetooth: SCO socket layer initialized
[    3.976218] Bluetooth: BNEP (Ethernet Emulation) ver 1.3
[    3.976221] Bluetooth: BNEP filters: protocol multicast
[    3.982902] Bluetooth: RFCOMM TTY layer initialized
[    3.982908] Bluetooth: RFCOMM socket layer initialized
[    3.982910] Bluetooth: RFCOMM ver 1.11
[    4.039252] lp0: using parport0 (interrupt-driven).
[    4.060370] type=1400 audit(1369640604.073:2): apparmor="STATUS" operation="profile_load" name="/usr/lib/cups/backend/cups-pdf" pid=572 comm="apparmor_parser"
[    4.061916] type=1400 audit(1369640604.073:3): apparmor="STATUS" operation="profile_load" name="/usr/sbin/cupsd" pid=572 comm="apparmor_parser"
[    4.148761] type=1400 audit(1369640604.161:4): apparmor="STATUS" operation="profile_load" name="/sbin/dhclient" pid=598 comm="apparmor_parser"
[    4.149936] type=1400 audit(1369640604.161:5): apparmor="STATUS" operation="profile_load" name="/usr/lib/NetworkManager/nm-dhcp-client.action" pid=598 comm="apparmor_parser"
[    4.150224] type=1400 audit(1369640604.161:6): apparmor="STATUS" operation="profile_load" name="/usr/lib/connman/scripts/dhclient-script" pid=598 comm="apparmor_parser"
[    4.388695] input: ImPS/2 Generic Wheel Mouse as /devices/platform/i8042/serio1/input/input4
[    4.392557] snd_ens1371 0000:02:02.0: PCI INT A -> Link[LNKA] -> GSI 9 (level, low) -> IRQ 9
[    4.491562] init: failsafe main process (716) killed by TERM signal
[    4.551516] type=1400 audit(1369640604.565:7): apparmor="STATUS" operation="profile_load" name="/usr/lib/lightdm/lightdm/lightdm-guest-session-wrapper" pid=791 comm="apparmor_parser"
[    4.551921] type=1400 audit(1369640604.565:8): apparmor="STATUS" operation="profile_replace" name="/sbin/dhclient" pid=792 comm="apparmor_parser"
[    4.551989] type=1400 audit(1369640604.565:9): apparmor="STATUS" operation="profile_replace" name="/usr/lib/NetworkManager/nm-dhcp-client.action" pid=792 comm="apparmor_parser"
[    4.552038] type=1400 audit(1369640604.565:10): apparmor="STATUS" operation="profile_replace" name="/usr/lib/connman/scripts/dhclient-script" pid=792 comm="apparmor_parser"
[    4.743809] init: alsa-restore main process (861) terminated with status 19
