[    0.000000] Initializing cgroup subsys cpuset
[    0.000000] Initializing cgroup subsys cpu
[    0.000000] Linux version 3.2.0-29-generic-pae (buildd@roseapple) (gcc version 4.6.3 (Ubuntu/Linaro 4.6.3-1ubuntu5) ) #46-Ubuntu SMP Fri Jul 27 17:25:43 UTC 2012 (Ubuntu 3.2.0-29.46-generic-pae 3.2.24)
[    0.000000] KERNEL supported cpus:
[    0.000000]   Intel GenuineIntel
[    0.000000]   AMD AuthenticAMD
[    0.000000]   NSC Geode by NSC
[    0.000000]   Cyrix CyrixInstead
[    0.000000]   Centaur CentaurHauls
[    0.000000]   Transmeta GenuineTMx86
[    0.000000]   Transmeta TransmetaCPU
[    0.000000]   UMC UMC UMC UMC
[    0.000000] Disabled fast string operations
[    0.000000] BIOS-provided physical RAM map:
[    0.000000]  BIOS-e820: 0000000000000000 - 000000000009f000 (usable)
[    0.000000]  BIOS-e820: 000000000009f000 - 00000000000a0000 (reserved)
[    0.000000]  BIOS-e820: 00000000000ca000 - 00000000000cc000 (reserved)
[    0.000000]  BIOS-e820: 00000000000dc000 - 0000000000100000 (reserved)
[    0.000000]  BIOS-e820: 0000000000100000 - 000000003fee0000 (usable)
[    0.000000]  BIOS-e820: 000000003fee0000 - 000000003feff000 (ACPI data)
[    0.000000]  BIOS-e820: 000000003feff000 - 000000003ff00000 (ACPI NVS)
[    0.000000]  BIOS-e820: 000000003ff00000 - 0000000040000000 (usable)
[    0.000000]  BIOS-e820: 00000000e0000000 - 00000000f0000000 (reserved)
[    0.000000]  BIOS-e820: 00000000fec00000 - 00000000fec10000 (reserved)
[    0.000000]  BIOS-e820: 00000000fee00000 - 00000000fee01000 (reserved)
[    0.000000]  BIOS-e820: 00000000fffe0000 - 0000000100000000 (reserved)
[    0.000000] NX (Execute Disable) protection: active
[    0.000000] DMI present.
[    0.000000] DMI: VMware, Inc. VMware Virtual Platform/440BX Desktop Reference Platform, BIOS 6.00 07/02/2012
[    0.000000] Hypervisor detected: VMware
[    0.000000] e820 update range: 0000000000000000 - 0000000000010000 (usable) ==> (reserved)
[    0.000000] e820 remove range: 00000000000a0000 - 0000000000100000 (usable)
[    0.000000] last_pfn = 0x40000 max_arch_pfn = 0x1000000
[    0.000000] MTRR default type: uncachable
[    0.000000] MTRR fixed ranges enabled:
[    0.000000]   00000-9FFFF write-back
[    0.000000]   A0000-BFFFF uncachable
[    0.000000]   C0000-CBFFF write-protect
[    0.000000]   CC000-EFFFF uncachable
[    0.000000]   F0000-FFFFF write-protect
[    0.000000] MTRR variable ranges enabled:
[    0.000000]   0 base 0000000000 mask FFC0000000 write-back
[    0.000000]   1 disabled
[    0.000000]   2 disabled
[    0.000000]   3 disabled
[    0.000000]   4 disabled
[    0.000000]   5 disabled
[    0.000000]   6 disabled
[    0.000000]   7 disabled
[    0.000000] x86 PAT enabled: cpu 0, old 0x0, new 0x7010600070106
[    0.000000] found SMP MP-table at [c00f6bf0] f6bf0
[    0.000000] initial memory mapped : 0 - 02000000
[    0.000000] Base memory trampoline at [c009b000] 9b000 size 16384
[    0.000000] init_memory_mapping: 0000000000000000-0000000037bfe000
[    0.000000]  0000000000 - 0000200000 page 4k
[    0.000000]  0000200000 - 0037a00000 page 2M
[    0.000000]  0037a00000 - 0037bfe000 page 4k
[    0.000000] kernel direct mapping tables up to 37bfe000 @ 1ffb000-2000000
[    0.000000] RAMDISK: 364ea000 - 3726d000
[    0.000000] ACPI: RSDP 000f6b80 00024 (v02 PTLTD )
[    0.000000] ACPI: XSDT 3feed636 0005C (v01 INTEL  440BX    06040000 VMW  01324272)
[    0.000000] ACPI: FACP 3fefee98 000F4 (v04 INTEL  440BX    06040000 PTL  000F4240)
[    0.000000] ACPI: DSDT 3feee366 10B32 (v01 PTLTD  Custom   06040000 MSFT 03000001)
[    0.000000] ACPI: FACS 3fefffc0 00040
[    0.000000] ACPI: BOOT 3feee33e 00028 (v01 PTLTD  $SBFTBL$ 06040000  LTP 00000001)
[    0.000000] ACPI: APIC 3feedc3e 003C2 (v01 PTLTD  ? APIC   06040000  LTP 00000000)
[    0.000000] ACPI: MCFG 3feedc02 0003C (v01 PTLTD  $PCITBL$ 06040000  LTP 00000001)
[    0.000000] ACPI: SRAT 3feed732 004D0 (v02 VMWARE MEMPLUG  06040000 VMW  00000001)
[    0.000000] ACPI: HPET 3feed6fa 00038 (v01 VMWARE VMW HPET 06040000 VMW  00000001)
[    0.000000] ACPI: WAET 3feed6d2 00028 (v01 VMWARE VMW WAET 06040000 VMW  00000001)
[    0.000000] ACPI: Local APIC address 0xfee00000
[    0.000000] 132MB HIGHMEM available.
[    0.000000] 891MB LOWMEM available.
[    0.000000]   mapped low ram: 0 - 37bfe000
[    0.000000]   low ram: 0 - 37bfe000
[    0.000000] Zone PFN ranges:
[    0.000000]   DMA      0x00000010 -> 0x00001000
[    0.000000]   Normal   0x00001000 -> 0x00037bfe
[    0.000000]   HighMem  0x00037bfe -> 0x00040000
[    0.000000] Movable zone start PFN for each node
[    0.000000] early_node_map[3] active PFN ranges
[    0.000000]     0: 0x00000010 -> 0x0000009f
[    0.000000]     0: 0x00000100 -> 0x0003fee0
[    0.000000]     0: 0x0003ff00 -> 0x00040000
[    0.000000] On node 0 totalpages: 261999
[    0.000000] free_area_init_node: node 0, pgdat c1866a40, node_mem_map f73fd200
[    0.000000]   DMA zone: 32 pages used for memmap
[    0.000000]   DMA zone: 0 pages reserved
[    0.000000]   DMA zone: 3951 pages, LIFO batch:0
[    0.000000]   Normal zone: 1752 pages used for memmap
[    0.000000]   Normal zone: 222502 pages, LIFO batch:31
[    0.000000]   HighMem zone: 265 pages used for memmap
[    0.000000]   HighMem zone: 33497 pages, LIFO batch:7
[    0.000000] Using APIC driver default
[    0.000000] ACPI: PM-Timer IO Port: 0x1008
[    0.000000] ACPI: Local APIC address 0xfee00000
[    0.000000] ACPI: LAPIC (acpi_id[0x00] lapic_id[0x00] enabled)
[    0.000000] ACPI: LAPIC (acpi_id[0x01] lapic_id[0x02] disabled)
[    0.000000] ACPI: LAPIC (acpi_id[0x02] lapic_id[0x04] disabled)
[    0.000000] ACPI: LAPIC (acpi_id[0x03] lapic_id[0x06] disabled)
[    0.000000] ACPI: LAPIC (acpi_id[0x04] lapic_id[0x08] disabled)
[    0.000000] ACPI: LAPIC (acpi_id[0x05] lapic_id[0x0a] disabled)
[    0.000000] ACPI: LAPIC (acpi_id[0x06] lapic_id[0x0c] disabled)
[    0.000000] ACPI: LAPIC (acpi_id[0x07] lapic_id[0x0e] disabled)
[    0.000000] ACPI: LAPIC (acpi_id[0x08] lapic_id[0x10] disabled)
[    0.000000] ACPI: LAPIC (acpi_id[0x09] lapic_id[0x12] disabled)
[    0.000000] ACPI: LAPIC (acpi_id[0x0a] lapic_id[0x14] disabled)
[    0.000000] ACPI: LAPIC (acpi_id[0x0b] lapic_id[0x16] disabled)
[    0.000000] ACPI: LAPIC (acpi_id[0x0c] lapic_id[0x18] disabled)
[    0.000000] ACPI: LAPIC (acpi_id[0x0d] lapic_id[0x1a] disabled)
[    0.000000] ACPI: LAPIC (acpi_id[0x0e] lapic_id[0x1c] disabled)
[    0.000000] ACPI: LAPIC (acpi_id[0x0f] lapic_id[0x1e] disabled)
[    0.000000] ACPI: LAPIC (acpi_id[0x10] lapic_id[0x20] disabled)
[    0.000000] ACPI: LAPIC (acpi_id[0x11] lapic_id[0x22] disabled)
[    0.000000] ACPI: LAPIC (acpi_id[0x12] lapic_id[0x24] disabled)
[    0.000000] ACPI: LAPIC (acpi_id[0x13] lapic_id[0x26] disabled)
[    0.000000] ACPI: LAPIC (acpi_id[0x14] lapic_id[0x28] disabled)
[    0.000000] ACPI: LAPIC (acpi_id[0x15] lapic_id[0x2a] disabled)
[    0.000000] ACPI: LAPIC (acpi_id[0x16] lapic_id[0x2c] disabled)
[    0.000000] ACPI: LAPIC (acpi_id[0x17] lapic_id[0x2e] disabled)
[    0.000000] ACPI: LAPIC (acpi_id[0x18] lapic_id[0x30] disabled)
[    0.000000] ACPI: LAPIC (acpi_id[0x19] lapic_id[0x32] disabled)
[    0.000000] ACPI: LAPIC (acpi_id[0x1a] lapic_id[0x34] disabled)
[    0.000000] ACPI: LAPIC (acpi_id[0x1b] lapic_id[0x36] disabled)
[    0.000000] ACPI: LAPIC (acpi_id[0x1c] lapic_id[0x38] disabled)
[    0.000000] ACPI: LAPIC (acpi_id[0x1d] lapic_id[0x3a] disabled)
[    0.000000] ACPI: LAPIC (acpi_id[0x1e] lapic_id[0x3c] disabled)
[    0.000000] ACPI: LAPIC (acpi_id[0x1f] lapic_id[0x3e] disabled)
[    0.000000] ACPI: LAPIC (acpi_id[0x20] lapic_id[0x40] disabled)
[    0.000000] ACPI: LAPIC (acpi_id[0x21] lapic_id[0x42] disabled)
[    0.000000] ACPI: LAPIC (acpi_id[0x22] lapic_id[0x44] disabled)
[    0.000000] ACPI: LAPIC (acpi_id[0x23] lapic_id[0x46] disabled)
[    0.000000] ACPI: LAPIC (acpi_id[0x24] lapic_id[0x48] disabled)
[    0.000000] ACPI: LAPIC (acpi_id[0x25] lapic_id[0x4a] disabled)
[    0.000000] ACPI: LAPIC (acpi_id[0x26] lapic_id[0x4c] disabled)
[    0.000000] ACPI: LAPIC (acpi_id[0x27] lapic_id[0x4e] disabled)
[    0.000000] ACPI: LAPIC (acpi_id[0x28] lapic_id[0x50] disabled)
[    0.000000] ACPI: LAPIC (acpi_id[0x29] lapic_id[0x52] disabled)
[    0.000000] ACPI: LAPIC (acpi_id[0x2a] lapic_id[0x54] disabled)
[    0.000000] ACPI: LAPIC (acpi_id[0x2b] lapic_id[0x56] disabled)
[    0.000000] ACPI: LAPIC (acpi_id[0x2c] lapic_id[0x58] disabled)
[    0.000000] ACPI: LAPIC (acpi_id[0x2d] lapic_id[0x5a] disabled)
[    0.000000] ACPI: LAPIC (acpi_id[0x2e] lapic_id[0x5c] disabled)
[    0.000000] ACPI: LAPIC (acpi_id[0x2f] lapic_id[0x5e] disabled)
[    0.000000] ACPI: LAPIC (acpi_id[0x30] lapic_id[0x60] disabled)
[    0.000000] ACPI: LAPIC (acpi_id[0x31] lapic_id[0x62] disabled)
[    0.000000] ACPI: LAPIC (acpi_id[0x32] lapic_id[0x64] disabled)
[    0.000000] ACPI: LAPIC (acpi_id[0x33] lapic_id[0x66] disabled)
[    0.000000] ACPI: LAPIC (acpi_id[0x34] lapic_id[0x68] disabled)
[    0.000000] ACPI: LAPIC (acpi_id[0x35] lapic_id[0x6a] disabled)
[    0.000000] ACPI: LAPIC (acpi_id[0x36] lapic_id[0x6c] disabled)
[    0.000000] ACPI: LAPIC (acpi_id[0x37] lapic_id[0x6e] disabled)
[    0.000000] ACPI: LAPIC (acpi_id[0x38] lapic_id[0x70] disabled)
[    0.000000] ACPI: LAPIC (acpi_id[0x39] lapic_id[0x72] disabled)
[    0.000000] ACPI: LAPIC (acpi_id[0x3a] lapic_id[0x74] disabled)
[    0.000000] ACPI: LAPIC (acpi_id[0x3b] lapic_id[0x76] disabled)
[    0.000000] ACPI: LAPIC (acpi_id[0x3c] lapic_id[0x78] disabled)
[    0.000000] ACPI: LAPIC (acpi_id[0x3d] lapic_id[0x7a] disabled)
[    0.000000] ACPI: LAPIC (acpi_id[0x3e] lapic_id[0x7c] disabled)
[    0.000000] ACPI: LAPIC (acpi_id[0x3f] lapic_id[0x7e] disabled)
[    0.000000] ACPI: LAPIC_NMI (acpi_id[0x00] high edge lint[0x1])
[    0.000000] ACPI: LAPIC_NMI (acpi_id[0x01] high edge lint[0x1])
[    0.000000] ACPI: LAPIC_NMI (acpi_id[0x02] high edge lint[0x1])
[    0.000000] ACPI: LAPIC_NMI (acpi_id[0x03] high edge lint[0x1])
[    0.000000] ACPI: LAPIC_NMI (acpi_id[0x04] high edge lint[0x1])
[    0.000000] ACPI: LAPIC_NMI (acpi_id[0x05] high edge lint[0x1])
[    0.000000] ACPI: LAPIC_NMI (acpi_id[0x06] high edge lint[0x1])
[    0.000000] ACPI: LAPIC_NMI (acpi_id[0x07] high edge lint[0x1])
[    0.000000] ACPI: LAPIC_NMI (acpi_id[0x08] high edge lint[0x1])
[    0.000000] ACPI: LAPIC_NMI (acpi_id[0x09] high edge lint[0x1])
[    0.000000] ACPI: LAPIC_NMI (acpi_id[0x0a] high edge lint[0x1])
[    0.000000] ACPI: LAPIC_NMI (acpi_id[0x0b] high edge lint[0x1])
[    0.000000] ACPI: LAPIC_NMI (acpi_id[0x0c] high edge lint[0x1])
[    0.000000] ACPI: LAPIC_NMI (acpi_id[0x0d] high edge lint[0x1])
[    0.000000] ACPI: LAPIC_NMI (acpi_id[0x0e] high edge lint[0x1])
[    0.000000] ACPI: LAPIC_NMI (acpi_id[0x0f] high edge lint[0x1])
[    0.000000] ACPI: LAPIC_NMI (acpi_id[0x10] high edge lint[0x1])
[    0.000000] ACPI: LAPIC_NMI (acpi_id[0x11] high edge lint[0x1])
[    0.000000] ACPI: LAPIC_NMI (acpi_id[0x12] high edge lint[0x1])
[    0.000000] ACPI: LAPIC_NMI (acpi_id[0x13] high edge lint[0x1])
[    0.000000] ACPI: LAPIC_NMI (acpi_id[0x14] high edge lint[0x1])
[    0.000000] ACPI: LAPIC_NMI (acpi_id[0x15] high edge lint[0x1])
[    0.000000] ACPI: LAPIC_NMI (acpi_id[0x16] high edge lint[0x1])
[    0.000000] ACPI: LAPIC_NMI (acpi_id[0x17] high edge lint[0x1])
[    0.000000] ACPI: LAPIC_NMI (acpi_id[0x18] high edge lint[0x1])
[    0.000000] ACPI: LAPIC_NMI (acpi_id[0x19] high edge lint[0x1])
[    0.000000] ACPI: LAPIC_NMI (acpi_id[0x1a] high edge lint[0x1])
[    0.000000] ACPI: LAPIC_NMI (acpi_id[0x1b] high edge lint[0x1])
[    0.000000] ACPI: LAPIC_NMI (acpi_id[0x1c] high edge lint[0x1])
[    0.000000] ACPI: LAPIC_NMI (acpi_id[0x1d] high edge lint[0x1])
[    0.000000] ACPI: LAPIC_NMI (acpi_id[0x1e] high edge lint[0x1])
[    0.000000] ACPI: LAPIC_NMI (acpi_id[0x1f] high edge lint[0x1])
[    0.000000] ACPI: LAPIC_NMI (acpi_id[0x20] high edge lint[0x1])
[    0.000000] ACPI: LAPIC_NMI (acpi_id[0x21] high edge lint[0x1])
[    0.000000] ACPI: LAPIC_NMI (acpi_id[0x22] high edge lint[0x1])
[    0.000000] ACPI: LAPIC_NMI (acpi_id[0x23] high edge lint[0x1])
[    0.000000] ACPI: LAPIC_NMI (acpi_id[0x24] high edge lint[0x1])
[    0.000000] ACPI: LAPIC_NMI (acpi_id[0x25] high edge lint[0x1])
[    0.000000] ACPI: LAPIC_NMI (acpi_id[0x26] high edge lint[0x1])
[    0.000000] ACPI: LAPIC_NMI (acpi_id[0x27] high edge lint[0x1])
[    0.000000] ACPI: LAPIC_NMI (acpi_id[0x28] high edge lint[0x1])
[    0.000000] ACPI: LAPIC_NMI (acpi_id[0x29] high edge lint[0x1])
[    0.000000] ACPI: LAPIC_NMI (acpi_id[0x2a] high edge lint[0x1])
[    0.000000] ACPI: LAPIC_NMI (acpi_id[0x2b] high edge lint[0x1])
[    0.000000] ACPI: LAPIC_NMI (acpi_id[0x2c] high edge lint[0x1])
[    0.000000] ACPI: LAPIC_NMI (acpi_id[0x2d] high edge lint[0x1])
[    0.000000] ACPI: LAPIC_NMI (acpi_id[0x2e] high edge lint[0x1])
[    0.000000] ACPI: LAPIC_NMI (acpi_id[0x2f] high edge lint[0x1])
[    0.000000] ACPI: LAPIC_NMI (acpi_id[0x30] high edge lint[0x1])
[    0.000000] ACPI: LAPIC_NMI (acpi_id[0x31] high edge lint[0x1])
[    0.000000] ACPI: LAPIC_NMI (acpi_id[0x32] high edge lint[0x1])
[    0.000000] ACPI: LAPIC_NMI (acpi_id[0x33] high edge lint[0x1])
[    0.000000] ACPI: LAPIC_NMI (acpi_id[0x34] high edge lint[0x1])
[    0.000000] ACPI: LAPIC_NMI (acpi_id[0x35] high edge lint[0x1])
[    0.000000] ACPI: LAPIC_NMI (acpi_id[0x36] high edge lint[0x1])
[    0.000000] ACPI: LAPIC_NMI (acpi_id[0x37] high edge lint[0x1])
[    0.000000] ACPI: LAPIC_NMI (acpi_id[0x38] high edge lint[0x1])
[    0.000000] ACPI: LAPIC_NMI (acpi_id[0x39] high edge lint[0x1])
[    0.000000] ACPI: LAPIC_NMI (acpi_id[0x3a] high edge lint[0x1])
[    0.000000] ACPI: LAPIC_NMI (acpi_id[0x3b] high edge lint[0x1])
[    0.000000] ACPI: LAPIC_NMI (acpi_id[0x3c] high edge lint[0x1])
[    0.000000] ACPI: LAPIC_NMI (acpi_id[0x3d] high edge lint[0x1])
[    0.000000] ACPI: LAPIC_NMI (acpi_id[0x3e] high edge lint[0x1])
[    0.000000] ACPI: LAPIC_NMI (acpi_id[0x3f] high edge lint[0x1])
[    0.000000] ACPI: Skipping IOAPIC probe due to 'noapic' option.
[    0.000000] Using ACPI for processor (LAPIC) configuration information
[    0.000000] ACPI: HPET id: 0x8086af01 base: 0xfed00000
[    0.000000] Intel MultiProcessor Specification v1.4
[    0.000000]     Virtual Wire compatibility mode.
[    0.000000] MPTABLE: OEM ID: INTEL   
[    0.000000] MPTABLE: Product ID: 440BX       
[    0.000000] MPTABLE: APIC at: 0xFEE00000
[    0.000000] IOAPIC[0]: apic_id 1, version 17, address 0xfec00000, GSI 0-23
[    0.000000] Processors: 1
[    0.000000] SMP: Allowing 1 CPUs, 0 hotplug CPUs
[    0.000000] nr_irqs_gsi: 40
[    0.000000] PM: Registered nosave memory: 000000000009f000 - 00000000000a0000
[    0.000000] PM: Registered nosave memory: 00000000000a0000 - 00000000000ca000
[    0.000000] PM: Registered nosave memory: 00000000000ca000 - 00000000000cc000
[    0.000000] PM: Registered nosave memory: 00000000000cc000 - 00000000000dc000
[    0.000000] PM: Registered nosave memory: 00000000000dc000 - 0000000000100000
[    0.000000] Allocating PCI resources starting at 40000000 (gap: 40000000:a0000000)
[    0.000000] Booting paravirtualized kernel on bare hardware
[    0.000000] setup_percpu: NR_CPUS:8 nr_cpumask_bits:8 nr_cpu_ids:1 nr_node_ids:1
[    0.000000] PERCPU: Embedded 14 pages/cpu @f73e8000 s34240 r0 d23104 u57344
[    0.000000] pcpu-alloc: s34240 r0 d23104 u57344 alloc=14*4096
[    0.000000] pcpu-alloc: [0] 0 
[    0.000000] Built 1 zonelists in Zone order, mobility grouping on.  Total pages: 259950
[    0.000000] Kernel command line: BOOT_IMAGE=/boot/vmlinuz-3.2.0-29-generic-pae root=UUID=007b598c-390d-4c65-84a1-4ff752d48633 ro quiet splash maxcpus=0
[    0.000000] PID hash table entries: 4096 (order: 2, 16384 bytes)
[    0.000000] Dentry cache hash table entries: 131072 (order: 7, 524288 bytes)
[    0.000000] Inode-cache hash table entries: 65536 (order: 6, 262144 bytes)
[    0.000000] Initializing CPU#0
[    0.000000] xsave/xrstor: enabled xstate_bv 0x7, cntxt size 0x340
[    0.000000] allocated 4194048 bytes of page_cgroup
[    0.000000] please try 'cgroup_disable=memory' option if you don't want memory cgroups
[    0.000000] Initializing HighMem for node 0 (00037bfe:00040000)
[    0.000000] Memory: 1010624k/1048576k available (5814k kernel code, 37372k reserved, 2841k data, 740k init, 135048k highmem)
[    0.000000] virtual kernel memory layout:
[    0.000000]     fixmap  : 0xfff16000 - 0xfffff000   ( 932 kB)
[    0.000000]     pkmap   : 0xffc00000 - 0xffe00000   (2048 kB)
[    0.000000]     vmalloc : 0xf83fe000 - 0xffbfe000   ( 120 MB)
[    0.000000]     lowmem  : 0xc0000000 - 0xf7bfe000   ( 891 MB)
[    0.000000]       .init : 0xc1875000 - 0xc192e000   ( 740 kB)
[    0.000000]       .data : 0xc15adb64 - 0xc1874240   (2841 kB)
[    0.000000]       .text : 0xc1000000 - 0xc15adb64   (5814 kB)
[    0.000000] Checking if this processor honours the WP bit even in supervisor mode...Ok.
[    0.000000] SLUB: Genslabs=15, HWalign=64, Order=0-3, MinObjects=0, CPUs=1, Nodes=1
[    0.000000] Hierarchical RCU implementation.
[    0.000000] 	RCU dyntick-idle grace-period acceleration is enabled.
[    0.000000] NR_IRQS:2304 nr_irqs:256 16
[    0.000000] CPU 0 irqstacks, hard=f5c08000 soft=f5c0a000
[    0.000000] Extended CMOS year: 2000
[    0.000000] Console: colour VGA+ 80x25
[    0.000000] console [tty0] enabled
[    0.000000] hpet clockevent registered
[    0.000000] TSC freq read from hypervisor : 2394.620 MHz
[    0.000000] Detected 2394.620 MHz processor.
[    0.000001] Calibrating delay loop (skipped) preset value.. 4789.24 BogoMIPS (lpj=9578480)
[    0.000005] pid_max: default: 32768 minimum: 301
[    0.000024] Security Framework initialized
[    0.000043] AppArmor: AppArmor initialized
[    0.000044] Yama: becoming mindful.
[    0.000092] Mount-cache hash table entries: 512
[    0.000204] Initializing cgroup subsys cpuacct
[    0.000209] Initializing cgroup subsys memory
[    0.000215] Initializing cgroup subsys devices
[    0.000217] Initializing cgroup subsys freezer
[    0.000220] Initializing cgroup subsys blkio
[    0.000226] Initializing cgroup subsys perf_event
[    0.000281] Disabled fast string operations
[    0.000286] CPU: Physical Processor ID: 0
[    0.000298] ENERGY_PERF_BIAS: Set to 'normal', was 'performance'
[    0.000299] ENERGY_PERF_BIAS: View and update with x86_energy_perf_policy(8)
[    0.000964] mce: CPU supports 0 MCE banks
[    0.001894] SMP alternatives: switching to UP code
[    0.021073] Freeing SMP alternatives: 24k freed
[    0.021078] ACPI: Core revision 20110623
[    0.029737] ACPI: setting ELCR to 0200 (from 0e20)
[    0.031153] ftrace: allocating 26545 entries in 52 pages
[    0.056480] SMP mode deactivated.
[    0.056510] SMP disabled
[    0.056512] Performance Events: generic architected perfmon v1, core PMU driver.
[    0.056524] ... version:                1
[    0.056525] ... bit width:              48
[    0.056526] ... generic registers:      4
[    0.056527] ... value mask:             0000ffffffffffff
[    0.056528] ... max period:             000000007fffffff
[    0.056529] ... fixed-purpose events:   0
[    0.056530] ... event mask:             000000000000000f
[    0.056623] NMI watchdog enabled, takes one hw-pmu counter.
[    0.056643] Brought up 1 CPUs
[    0.056645] Total of 1 processors activated (4789.24 BogoMIPS).
[    0.056758] devtmpfs: initialized
[    0.056830] EVM: security.selinux
[    0.056831] EVM: security.SMACK64
[    0.056832] EVM: security.capability
[    0.056857] PM: Registering ACPI NVS region at 3feff000 (4096 bytes)
[    0.057635] print_constraints: dummy: 
[    0.057713] RTC time:  6:27:07, date: 05/27/13
[    0.057742] NET: Registered protocol family 16
[    0.057815] EISA bus registered
[    0.057826] ACPI: bus type pci registered
[    0.057938] PCI: MMCONFIG for domain 0000 [bus 00-ff] at [mem 0xe0000000-0xefffffff] (base 0xe0000000)
[    0.057941] PCI: MMCONFIG at [mem 0xe0000000-0xefffffff] reserved in E820
[    0.057942] PCI: Using MMCONFIG for extended config space
[    0.057943] PCI: Using configuration type 1 for base access
[    0.058631] bio: create slab <bio-0> at 0
[    0.058695] ACPI: Added _OSI(Module Device)
[    0.058696] ACPI: Added _OSI(Processor Device)
[    0.058697] ACPI: Added _OSI(3.0 _SCP Extensions)
[    0.058699] ACPI: Added _OSI(Processor Aggregator Device)
[    0.060666] ACPI: EC: Look up EC in DSDT
[    0.065140] [Firmware Bug]: ACPI: BIOS _OSI(Linux) query ignored
[    0.073471] ACPI: Interpreter enabled
[    0.073479] ACPI: (supports S0 S1 S4 S5)
[    0.073489] ACPI: Using PIC for interrupt routing
[    0.117847] ACPI: No dock devices found.
[    0.117852] HEST: Table not found.
[    0.117859] PCI: Using host bridge windows from ACPI; if necessary, use "pci=nocrs" and report a bug
[    0.118777] ACPI: PCI Root Bridge [PCI0] (domain 0000 [bus 00-ff])
[    0.120363] pci_root PNP0A03:00: host bridge window [mem 0x000a0000-0x000bffff]
[    0.120366] pci_root PNP0A03:00: host bridge window [mem 0x000cc000-0x000cffff]
[    0.120369] pci_root PNP0A03:00: host bridge window [mem 0x000d0000-0x000d3fff]
[    0.120371] pci_root PNP0A03:00: host bridge window [mem 0x000d4000-0x000d7fff]
[    0.120374] pci_root PNP0A03:00: host bridge window [mem 0x000d8000-0x000dbfff]
[    0.120377] pci_root PNP0A03:00: host bridge window [mem 0xc0000000-0xfebfffff]
[    0.120379] pci_root PNP0A03:00: host bridge window [io  0x0000-0x0cf7]
[    0.120382] pci_root PNP0A03:00: host bridge window [io  0x0d00-0xfeff]
[    0.120447] pci 0000:00:00.0: [8086:7190] type 0 class 0x000600
[    0.121002] pci 0000:00:01.0: [8086:7191] type 1 class 0x000604
[    0.122034] pci 0000:00:07.0: [8086:7110] type 0 class 0x000601
[    0.122866] pci 0000:00:07.1: [8086:7111] type 0 class 0x000101
[    0.125124] pci 0000:00:07.1: reg 20: [io  0x10c0-0x10cf]
[    0.126201] pci 0000:00:07.3: [8086:7113] type 0 class 0x000680
[    0.128697] pci 0000:00:07.3: quirk: [io  0x1000-0x103f] claimed by PIIX4 ACPI
[    0.128714] pci 0000:00:07.3: quirk: [io  0x1040-0x104f] claimed by PIIX4 SMB
[    0.129011] pci 0000:00:07.7: [15ad:0740] type 0 class 0x000880
[    0.129736] pci 0000:00:07.7: reg 10: [io  0x1080-0x10bf]
[    0.130615] pci 0000:00:07.7: reg 14: [mem 0xc8000000-0xc8001fff 64bit]
[    0.133049] pci 0000:00:0f.0: [15ad:0405] type 0 class 0x000300
[    0.135415] pci 0000:00:0f.0: reg 10: [io  0x10d0-0x10df]
[    0.137616] pci 0000:00:0f.0: reg 14: [mem 0xd0000000-0xd7ffffff pref]
[    0.139819] pci 0000:00:0f.0: reg 18: [mem 0xc8800000-0xc8ffffff]
[    0.151802] pci 0000:00:0f.0: reg 30: [mem 0x00000000-0x00007fff pref]
[    0.152143] pci 0000:00:10.0: [1000:0030] type 0 class 0x000100
[    0.153013] pci 0000:00:10.0: reg 10: [io  0x1400-0x14ff]
[    0.154200] pci 0000:00:10.0: reg 14: [mem 0xc8040000-0xc805ffff 64bit]
[    0.155100] pci 0000:00:10.0: reg 1c: [mem 0xc8020000-0xc803ffff 64bit]
[    0.156829] pci 0000:00:10.0: reg 30: [mem 0x00000000-0x00003fff pref]
[    0.157284] pci 0000:00:11.0: [15ad:0790] type 1 class 0x000604
[    0.158163] pci 0000:00:15.0: [15ad:07a0] type 1 class 0x000604
[    0.158953] pci 0000:00:15.0: PME# supported from D0 D3hot D3cold
[    0.158981] pci 0000:00:15.0: PME# disabled
[    0.159248] pci 0000:00:15.1: [15ad:07a0] type 1 class 0x000604
[    0.160061] pci 0000:00:15.1: PME# supported from D0 D3hot D3cold
[    0.160085] pci 0000:00:15.1: PME# disabled
[    0.160380] pci 0000:00:15.2: [15ad:07a0] type 1 class 0x000604
[    0.161310] pci 0000:00:15.2: PME# supported from D0 D3hot D3cold
[    0.161345] pci 0000:00:15.2: PME# disabled
[    0.161635] pci 0000:00:15.3: [15ad:07a0] type 1 class 0x000604
[    0.162446] pci 0000:00:15.3: PME# supported from D0 D3hot D3cold
[    0.162470] pci 0000:00:15.3: PME# disabled
[    0.162731] pci 0000:00:15.4: [15ad:07a0] type 1 class 0x000604
[    0.163617] pci 0000:00:15.4: PME# supported from D0 D3hot D3cold
[    0.163647] pci 0000:00:15.4: PME# disabled
[    0.163987] pci 0000:00:15.5: [15ad:07a0] type 1 class 0x000604
[    0.164934] pci 0000:00:15.5: PME# supported from D0 D3hot D3cold
[    0.164963] pci 0000:00:15.5: PME# disabled
[    0.165257] pci 0000:00:15.6: [15ad:07a0] type 1 class 0x000604
[    0.166201] pci 0000:00:15.6: PME# supported from D0 D3hot D3cold
[    0.166230] pci 0000:00:15.6: PME# disabled
[    0.166520] pci 0000:00:15.7: [15ad:07a0] type 1 class 0x000604
[    0.167463] pci 0000:00:15.7: PME# supported from D0 D3hot D3cold
[    0.167491] pci 0000:00:15.7: PME# disabled
[    0.167801] pci 0000:00:16.0: [15ad:07a0] type 1 class 0x000604
[    0.168744] pci 0000:00:16.0: PME# supported from D0 D3hot D3cold
[    0.168773] pci 0000:00:16.0: PME# disabled
[    0.169064] pci 0000:00:16.1: [15ad:07a0] type 1 class 0x000604
[    0.170005] pci 0000:00:16.1: PME# supported from D0 D3hot D3cold
[    0.170034] pci 0000:00:16.1: PME# disabled
[    0.170359] pci 0000:00:16.2: [15ad:07a0] type 1 class 0x000604
[    0.171179] pci 0000:00:16.2: PME# supported from D0 D3hot D3cold
[    0.171203] pci 0000:00:16.2: PME# disabled
[    0.171442] pci 0000:00:16.3: [15ad:07a0] type 1 class 0x000604
[    0.172288] pci 0000:00:16.3: PME# supported from D0 D3hot D3cold
[    0.172318] pci 0000:00:16.3: PME# disabled
[    0.172557] pci 0000:00:16.4: [15ad:07a0] type 1 class 0x000604
[    0.173378] pci 0000:00:16.4: PME# supported from D0 D3hot D3cold
[    0.173407] pci 0000:00:16.4: PME# disabled
[    0.173732] pci 0000:00:16.5: [15ad:07a0] type 1 class 0x000604
[    0.174675] pci 0000:00:16.5: PME# supported from D0 D3hot D3cold
[    0.174704] pci 0000:00:16.5: PME# disabled
[    0.174994] pci 0000:00:16.6: [15ad:07a0] type 1 class 0x000604
[    0.175955] pci 0000:00:16.6: PME# supported from D0 D3hot D3cold
[    0.175984] pci 0000:00:16.6: PME# disabled
[    0.176275] pci 0000:00:16.7: [15ad:07a0] type 1 class 0x000604
[    0.177045] pci 0000:00:16.7: PME# supported from D0 D3hot D3cold
[    0.177070] pci 0000:00:16.7: PME# disabled
[    0.177374] pci 0000:00:17.0: [15ad:07a0] type 1 class 0x000604
[    0.178323] pci 0000:00:17.0: PME# supported from D0 D3hot D3cold
[    0.178353] pci 0000:00:17.0: PME# disabled
[    0.178646] pci 0000:00:17.1: [15ad:07a0] type 1 class 0x000604
[    0.179594] pci 0000:00:17.1: PME# supported from D0 D3hot D3cold
[    0.179623] pci 0000:00:17.1: PME# disabled
[    0.179937] pci 0000:00:17.2: [15ad:07a0] type 1 class 0x000604
[    0.180874] pci 0000:00:17.2: PME# supported from D0 D3hot D3cold
[    0.180903] pci 0000:00:17.2: PME# disabled
[    0.181197] pci 0000:00:17.3: [15ad:07a0] type 1 class 0x000604
[    0.182140] pci 0000:00:17.3: PME# supported from D0 D3hot D3cold
[    0.182169] pci 0000:00:17.3: PME# disabled
[    0.182463] pci 0000:00:17.4: [15ad:07a0] type 1 class 0x000604
[    0.183400] pci 0000:00:17.4: PME# supported from D0 D3hot D3cold
[    0.183429] pci 0000:00:17.4: PME# disabled
[    0.183749] pci 0000:00:17.5: [15ad:07a0] type 1 class 0x000604
[    0.184581] pci 0000:00:17.5: PME# supported from D0 D3hot D3cold
[    0.184606] pci 0000:00:17.5: PME# disabled
[    0.184845] pci 0000:00:17.6: [15ad:07a0] type 1 class 0x000604
[    0.185620] pci 0000:00:17.6: PME# supported from D0 D3hot D3cold
[    0.185644] pci 0000:00:17.6: PME# disabled
[    0.185883] pci 0000:00:17.7: [15ad:07a0] type 1 class 0x000604
[    0.186660] pci 0000:00:17.7: PME# supported from D0 D3hot D3cold
[    0.186684] pci 0000:00:17.7: PME# disabled
[    0.186924] pci 0000:00:18.0: [15ad:07a0] type 1 class 0x000604
[    0.187712] pci 0000:00:18.0: PME# supported from D0 D3hot D3cold
[    0.187736] pci 0000:00:18.0: PME# disabled
[    0.187977] pci 0000:00:18.1: [15ad:07a0] type 1 class 0x000604
[    0.188756] pci 0000:00:18.1: PME# supported from D0 D3hot D3cold
[    0.188780] pci 0000:00:18.1: PME# disabled
[    0.189019] pci 0000:00:18.2: [15ad:07a0] type 1 class 0x000604
[    0.189797] pci 0000:00:18.2: PME# supported from D0 D3hot D3cold
[    0.189821] pci 0000:00:18.2: PME# disabled
[    0.190081] pci 0000:00:18.3: [15ad:07a0] type 1 class 0x000604
[    0.190852] pci 0000:00:18.3: PME# supported from D0 D3hot D3cold
[    0.190876] pci 0000:00:18.3: PME# disabled
[    0.191141] pci 0000:00:18.4: [15ad:07a0] type 1 class 0x000604
[    0.191989] pci 0000:00:18.4: PME# supported from D0 D3hot D3cold
[    0.192013] pci 0000:00:18.4: PME# disabled
[    0.192273] pci 0000:00:18.5: [15ad:07a0] type 1 class 0x000604
[    0.193041] pci 0000:00:18.5: PME# supported from D0 D3hot D3cold
[    0.193073] pci 0000:00:18.5: PME# disabled
[    0.193312] pci 0000:00:18.6: [15ad:07a0] type 1 class 0x000604
[    0.194426] pci 0000:00:18.6: PME# supported from D0 D3hot D3cold
[    0.194451] pci 0000:00:18.6: PME# disabled
[    0.194691] pci 0000:00:18.7: [15ad:07a0] type 1 class 0x000604
[    0.195546] pci 0000:00:18.7: PME# supported from D0 D3hot D3cold
[    0.195571] pci 0000:00:18.7: PME# disabled
[    0.196211] pci 0000:00:01.0: PCI bridge to [bus 01-01]
[    0.196529] pci 0000:02:00.0: [15ad:0774] type 0 class 0x000c03
[    0.197871] pci 0000:02:00.0: reg 20: [io  0x20c0-0x20df]
[    0.198577] pci 0000:02:01.0: [1022:2000] type 0 class 0x000200
[    0.198866] pci 0000:02:01.0: reg 10: [io  0x2000-0x207f]
[    0.200408] pci 0000:02:01.0: reg 30: [mem 0x00000000-0x0000ffff pref]
[    0.200541] pci 0000:02:02.0: [1274:1371] type 0 class 0x000401
[    0.200872] pci 0000:02:02.0: reg 10: [io  0x2080-0x20bf]
[    0.202782] pci 0000:02:03.0: [15ad:0770] type 0 class 0x000c03
[    0.203069] pci 0000:02:03.0: reg 10: [mem 0xc9000000-0xc9000fff]
[    0.204822] pci 0000:00:11.0: PCI bridge to [bus 02-02] (subtractive decode)
[    0.204846] pci 0000:00:11.0:   bridge window [io  0x2000-0x3fff]
[    0.204869] pci 0000:00:11.0:   bridge window [mem 0xc9000000-0xca3fffff]
[    0.204913] pci 0000:00:11.0:   bridge window [mem 0xd8400000-0xd89fffff 64bit pref]
[    0.204915] pci 0000:00:11.0:   bridge window [mem 0x000a0000-0x000bffff] (subtractive decode)
[    0.204917] pci 0000:00:11.0:   bridge window [mem 0x000cc000-0x000cffff] (subtractive decode)
[    0.204919] pci 0000:00:11.0:   bridge window [mem 0x000d0000-0x000d3fff] (subtractive decode)
[    0.204920] pci 0000:00:11.0:   bridge window [mem 0x000d4000-0x000d7fff] (subtractive decode)
[    0.204922] pci 0000:00:11.0:   bridge window [mem 0x000d8000-0x000dbfff] (subtractive decode)
[    0.204923] pci 0000:00:11.0:   bridge window [mem 0xc0000000-0xfebfffff] (subtractive decode)
[    0.204925] pci 0000:00:11.0:   bridge window [io  0x0000-0x0cf7] (subtractive decode)
[    0.204927] pci 0000:00:11.0:   bridge window [io  0x0d00-0xfeff] (subtractive decode)
[    0.205433] pci 0000:00:15.0: PCI bridge to [bus 03-03]
[    0.205456] pci 0000:00:15.0:   bridge window [io  0x4000-0x4fff]
[    0.205479] pci 0000:00:15.0:   bridge window [mem 0xca400000-0xca4fffff]
[    0.205523] pci 0000:00:15.0:   bridge window [mem 0xd8a00000-0xd8afffff 64bit pref]
[    0.205989] pci 0000:00:15.1: PCI bridge to [bus 04-04]
[    0.206011] pci 0000:00:15.1:   bridge window [io  0x8000-0x8fff]
[    0.206045] pci 0000:00:15.1:   bridge window [mem 0xca800000-0xca8fffff]
[    0.206093] pci 0000:00:15.1:   bridge window [mem 0xd8e00000-0xd8efffff 64bit pref]
[    0.206558] pci 0000:00:15.2: PCI bridge to [bus 05-05]
[    0.206580] pci 0000:00:15.2:   bridge window [io  0xc000-0xcfff]
[    0.206603] pci 0000:00:15.2:   bridge window [mem 0xcac00000-0xcacfffff]
[    0.206647] pci 0000:00:15.2:   bridge window [mem 0xd9200000-0xd92fffff 64bit pref]
[    0.207162] pci 0000:00:15.3: PCI bridge to [bus 06-06]
[    0.207206] pci 0000:00:15.3:   bridge window [mem 0xcb000000-0xcb0fffff]
[    0.207250] pci 0000:00:15.3:   bridge window [mem 0xd9600000-0xd96fffff 64bit pref]
[    0.207730] pci 0000:00:15.4: PCI bridge to [bus 07-07]
[    0.207773] pci 0000:00:15.4:   bridge window [mem 0xcb400000-0xcb4fffff]
[    0.207817] pci 0000:00:15.4:   bridge window [mem 0xd9a00000-0xd9afffff 64bit pref]
[    0.208423] pci 0000:00:15.5: PCI bridge to [bus 08-08]
[    0.208471] pci 0000:00:15.5:   bridge window [mem 0xcb800000-0xcb8fffff]
[    0.208515] pci 0000:00:15.5:   bridge window [mem 0xd9e00000-0xd9efffff 64bit pref]
[    0.208980] pci 0000:00:15.6: PCI bridge to [bus 09-09]
[    0.209024] pci 0000:00:15.6:   bridge window [mem 0xcbc00000-0xcbcfffff]
[    0.209069] pci 0000:00:15.6:   bridge window [mem 0xda200000-0xda2fffff 64bit pref]
[    0.209532] pci 0000:00:15.7: PCI bridge to [bus 0a-0a]
[    0.209575] pci 0000:00:15.7:   bridge window [mem 0xcc000000-0xcc0fffff]
[    0.209619] pci 0000:00:15.7:   bridge window [mem 0xda600000-0xda6fffff 64bit pref]
[    0.210089] pci 0000:00:16.0: PCI bridge to [bus 0b-0b]
[    0.210111] pci 0000:00:16.0:   bridge window [io  0x5000-0x5fff]
[    0.210135] pci 0000:00:16.0:   bridge window [mem 0xca500000-0xca5fffff]
[    0.210178] pci 0000:00:16.0:   bridge window [mem 0xd8b00000-0xd8bfffff 64bit pref]
[    0.210640] pci 0000:00:16.1: PCI bridge to [bus 0c-0c]
[    0.210663] pci 0000:00:16.1:   bridge window [io  0x9000-0x9fff]
[    0.210686] pci 0000:00:16.1:   bridge window [mem 0xca900000-0xca9fffff]
[    0.210729] pci 0000:00:16.1:   bridge window [mem 0xd8f00000-0xd8ffffff 64bit pref]
[    0.211202] pci 0000:00:16.2: PCI bridge to [bus 0d-0d]
[    0.211224] pci 0000:00:16.2:   bridge window [io  0xd000-0xdfff]
[    0.211248] pci 0000:00:16.2:   bridge window [mem 0xcad00000-0xcadfffff]
[    0.211291] pci 0000:00:16.2:   bridge window [mem 0xd9300000-0xd93fffff 64bit pref]
[    0.211775] pci 0000:00:16.3: PCI bridge to [bus 0e-0e]
[    0.211818] pci 0000:00:16.3:   bridge window [mem 0xcb100000-0xcb1fffff]
[    0.211862] pci 0000:00:16.3:   bridge window [mem 0xd9700000-0xd97fffff 64bit pref]
[    0.212329] pci 0000:00:16.4: PCI bridge to [bus 0f-0f]
[    0.212373] pci 0000:00:16.4:   bridge window [mem 0xcb500000-0xcb5fffff]
[    0.212417] pci 0000:00:16.4:   bridge window [mem 0xd9b00000-0xd9bfffff 64bit pref]
[    0.212880] pci 0000:00:16.5: PCI bridge to [bus 10-10]
[    0.212923] pci 0000:00:16.5:   bridge window [mem 0xcb900000-0xcb9fffff]
[    0.212967] pci 0000:00:16.5:   bridge window [mem 0xd9f00000-0xd9ffffff 64bit pref]
[    0.213444] pci 0000:00:16.6: PCI bridge to [bus 11-11]
[    0.213488] pci 0000:00:16.6:   bridge window [mem 0xcbd00000-0xcbdfffff]
[    0.213531] pci 0000:00:16.6:   bridge window [mem 0xda300000-0xda3fffff 64bit pref]
[    0.213993] pci 0000:00:16.7: PCI bridge to [bus 12-12]
[    0.214045] pci 0000:00:16.7:   bridge window [mem 0xcc100000-0xcc1fffff]
[    0.214088] pci 0000:00:16.7:   bridge window [mem 0xda700000-0xda7fffff 64bit pref]
[    0.214550] pci 0000:00:17.0: PCI bridge to [bus 13-13]
[    0.214572] pci 0000:00:17.0:   bridge window [io  0x6000-0x6fff]
[    0.214596] pci 0000:00:17.0:   bridge window [mem 0xca600000-0xca6fffff]
[    0.214639] pci 0000:00:17.0:   bridge window [mem 0xd8c00000-0xd8cfffff 64bit pref]
[    0.215107] pci 0000:00:17.1: PCI bridge to [bus 14-14]
[    0.215130] pci 0000:00:17.1:   bridge window [io  0xa000-0xafff]
[    0.215153] pci 0000:00:17.1:   bridge window [mem 0xcaa00000-0xcaafffff]
[    0.215197] pci 0000:00:17.1:   bridge window [mem 0xd9000000-0xd90fffff 64bit pref]
[    0.215672] pci 0000:00:17.2: PCI bridge to [bus 15-15]
[    0.215696] pci 0000:00:17.2:   bridge window [io  0xe000-0xefff]
[    0.215719] pci 0000:00:17.2:   bridge window [mem 0xcae00000-0xcaefffff]
[    0.215763] pci 0000:00:17.2:   bridge window [mem 0xd9400000-0xd94fffff 64bit pref]
[    0.216234] pci 0000:00:17.3: PCI bridge to [bus 16-16]
[    0.216278] pci 0000:00:17.3:   bridge window [mem 0xcb200000-0xcb2fffff]
[    0.216321] pci 0000:00:17.3:   bridge window [mem 0xd9800000-0xd98fffff 64bit pref]
[    0.216785] pci 0000:00:17.4: PCI bridge to [bus 17-17]
[    0.216828] pci 0000:00:17.4:   bridge window [mem 0xcb600000-0xcb6fffff]
[    0.216872] pci 0000:00:17.4:   bridge window [mem 0xd9c00000-0xd9cfffff 64bit pref]
[    0.217364] pci 0000:00:17.5: PCI bridge to [bus 18-18]
[    0.217408] pci 0000:00:17.5:   bridge window [mem 0xcba00000-0xcbafffff]
[    0.217452] pci 0000:00:17.5:   bridge window [mem 0xda000000-0xda0fffff 64bit pref]
[    0.217914] pci 0000:00:17.6: PCI bridge to [bus 19-19]
[    0.217957] pci 0000:00:17.6:   bridge window [mem 0xcbe00000-0xcbefffff]
[    0.218001] pci 0000:00:17.6:   bridge window [mem 0xda400000-0xda4fffff 64bit pref]
[    0.218475] pci 0000:00:17.7: PCI bridge to [bus 1a-1a]
[    0.218519] pci 0000:00:17.7:   bridge window [mem 0xcc200000-0xcc2fffff]
[    0.218562] pci 0000:00:17.7:   bridge window [mem 0xda800000-0xda8fffff 64bit pref]
[    0.219026] pci 0000:00:18.0: PCI bridge to [bus 1b-1b]
[    0.219049] pci 0000:00:18.0:   bridge window [io  0x7000-0x7fff]
[    0.219071] pci 0000:00:18.0:   bridge window [mem 0xca700000-0xca7fffff]
[    0.219115] pci 0000:00:18.0:   bridge window [mem 0xd8d00000-0xd8dfffff 64bit pref]
[    0.219577] pci 0000:00:18.1: PCI bridge to [bus 1c-1c]
[    0.219600] pci 0000:00:18.1:   bridge window [io  0xb000-0xbfff]
[    0.219623] pci 0000:00:18.1:   bridge window [mem 0xcab00000-0xcabfffff]
[    0.219680] pci 0000:00:18.1:   bridge window [mem 0xd9100000-0xd91fffff 64bit pref]
[    0.220177] pci 0000:00:18.2: PCI bridge to [bus 1d-1d]
[    0.220200] pci 0000:00:18.2:   bridge window [io  0xf000-0xffff]
[    0.220223] pci 0000:00:18.2:   bridge window [mem 0xcaf00000-0xcaffffff]
[    0.220267] pci 0000:00:18.2:   bridge window [mem 0xd9500000-0xd95fffff 64bit pref]
[    0.220736] pci 0000:00:18.3: PCI bridge to [bus 1e-1e]
[    0.220780] pci 0000:00:18.3:   bridge window [mem 0xcb300000-0xcb3fffff]
[    0.220824] pci 0000:00:18.3:   bridge window [mem 0xd9900000-0xd99fffff 64bit pref]
[    0.221289] pci 0000:00:18.4: PCI bridge to [bus 1f-1f]
[    0.221332] pci 0000:00:18.4:   bridge window [mem 0xcb700000-0xcb7fffff]
[    0.221376] pci 0000:00:18.4:   bridge window [mem 0xd9d00000-0xd9dfffff 64bit pref]
[    0.221837] pci 0000:00:18.5: PCI bridge to [bus 20-20]
[    0.221881] pci 0000:00:18.5:   bridge window [mem 0xcbb00000-0xcbbfffff]
[    0.221924] pci 0000:00:18.5:   bridge window [mem 0xda100000-0xda1fffff 64bit pref]
[    0.222395] pci 0000:00:18.6: PCI bridge to [bus 21-21]
[    0.222439] pci 0000:00:18.6:   bridge window [mem 0xcbf00000-0xcbffffff]
[    0.222482] pci 0000:00:18.6:   bridge window [mem 0xda500000-0xda5fffff 64bit pref]
[    0.222945] pci 0000:00:18.7: PCI bridge to [bus 22-22]
[    0.222989] pci 0000:00:18.7:   bridge window [mem 0xcc300000-0xcc3fffff]
[    0.223066] pci 0000:00:18.7:   bridge window [mem 0xda900000-0xda9fffff 64bit pref]
[    0.224868] pci_bus 0000:00: on NUMA node 0
[    0.224875] ACPI: PCI Interrupt Routing Table [\_SB_.PCI0._PRT]
[    0.225505]  pci0000:00: Requesting ACPI _OSC control (0x1d)
[    0.225709]  pci0000:00: ACPI _OSC control (0x15) granted
[    0.308974] ACPI: PCI Interrupt Link [LNKA] (IRQs 3 4 5 6 7 *9 10 11 14 15)
[    0.309046] ACPI: PCI Interrupt Link [LNKB] (IRQs 3 4 5 6 7 9 10 *11 14 15)
[    0.309111] ACPI: PCI Interrupt Link [LNKC] (IRQs 3 4 5 6 7 9 *10 11 14 15)
[    0.309177] ACPI: PCI Interrupt Link [LNKD] (IRQs 3 4 *5 6 7 9 10 11 14 15)
[    0.309311] vgaarb: device added: PCI:0000:00:0f.0,decodes=io+mem,owns=io+mem,locks=none
[    0.309321] vgaarb: loaded
[    0.309322] vgaarb: bridge control possible 0000:00:0f.0
[    0.309400] i2c-core: driver [aat2870] using legacy suspend method
[    0.309401] i2c-core: driver [aat2870] using legacy resume method
[    0.309464] SCSI subsystem initialized
[    0.309501] libata version 3.00 loaded.
[    0.309531] usbcore: registered new interface driver usbfs
[    0.309540] usbcore: registered new interface driver hub
[    0.309562] usbcore: registered new device driver usb
[    0.309624] PCI: Using ACPI for IRQ routing
[    0.390210] PCI: pci_cache_line_size set to 64 bytes
[    0.390233] pci 0000:00:18.2: no compatible bridge window for [io  0xf000-0xffff]
[    0.391292] reserve RAM buffer: 000000000009f000 - 000000000009ffff 
[    0.391295] reserve RAM buffer: 000000003fee0000 - 000000003fffffff 
[    0.391401] NetLabel: Initializing
[    0.391402] NetLabel:  domain hash size = 128
[    0.391403] NetLabel:  protocols = UNLABELED CIPSOv4
[    0.391411] NetLabel:  unlabeled traffic allowed by default
[    0.391473] hpet0: at MMIO 0xfed00000, IRQs 2, 8, 0, 0, 0, 0, 0, 0, 0, 0, 0, 0, 0, 0, 0, 0
[    0.391479] hpet0: 16 comparators, 64-bit 14.318180 MHz counter
[    0.394515] Switching to clocksource hpet
[    0.400046] AppArmor: AppArmor Filesystem Enabled
[    0.400068] pnp: PnP ACPI init
[    0.400084] ACPI: bus type pnp registered
[    0.400718] pnp 00:00: [bus 00-ff]
[    0.400720] pnp 00:00: [mem 0x000a0000-0x000bffff window]
[    0.400722] pnp 00:00: [mem 0x000c0000-0x000c3fff window]
[    0.400723] pnp 00:00: [mem 0x000c4000-0x000c7fff window]
[    0.400725] pnp 00:00: [mem 0x000c8000-0x000cbfff window]
[    0.400726] pnp 00:00: [mem 0x000cc000-0x000cffff window]
[    0.400728] pnp 00:00: [mem 0x000d0000-0x000d3fff window]
[    0.400729] pnp 00:00: [mem 0x000d4000-0x000d7fff window]
[    0.400731] pnp 00:00: [mem 0x000d8000-0x000dbfff window]
[    0.400732] pnp 00:00: [mem 0x000dc000-0x000dffff window]
[    0.400733] pnp 00:00: [mem 0x000e0000-0x000e3fff window]
[    0.400735] pnp 00:00: [mem 0x000e4000-0x000e7fff window]
[    0.400736] pnp 00:00: [mem 0x000e8000-0x000ebfff window]
[    0.400738] pnp 00:00: [mem 0x000ec000-0x000effff window]
[    0.400739] pnp 00:00: [mem 0xc0000000-0xfebfffff window]
[    0.400741] pnp 00:00: [io  0x0cf8-0x0cff]
[    0.400742] pnp 00:00: [io  0x0000-0x0cf7 window]
[    0.400744] pnp 00:00: [io  0x0d00-0xfeff window]
[    0.400804] pnp 00:00: Plug and Play ACPI device, IDs PNP0a03 PNP0a08 (active)
[    0.400870] pnp 00:01: [io  0x0010-0x001f]
[    0.400871] pnp 00:01: [io  0x0024-0x0025]
[    0.400872] pnp 00:01: [io  0x0028-0x0029]
[    0.400873] pnp 00:01: [io  0x002c-0x002d]
[    0.400874] pnp 00:01: [io  0x002e-0x002f]
[    0.400876] pnp 00:01: [io  0x0030-0x0031]
[    0.400877] pnp 00:01: [io  0x0034-0x0035]
[    0.400878] pnp 00:01: [io  0x0038-0x0039]
[    0.400879] pnp 00:01: [io  0x003c-0x003d]
[    0.400880] pnp 00:01: [io  0x0050-0x0053]
[    0.400881] pnp 00:01: [io  0x0072-0x0077]
[    0.400883] pnp 00:01: [io  0x0080]
[    0.400884] pnp 00:01: [io  0x0090-0x009f]
[    0.400885] pnp 00:01: [io  0x00a4-0x00a5]
[    0.400886] pnp 00:01: [io  0x00a8-0x00a9]
[    0.400887] pnp 00:01: [io  0x00ac-0x00ad]
[    0.400888] pnp 00:01: [io  0x00b0-0x00b5]
[    0.400889] pnp 00:01: [io  0x00b8-0x00b9]
[    0.400891] pnp 00:01: [io  0x00bc-0x00bd]
[    0.400892] pnp 00:01: [io  0x1000-0x103f]
[    0.400893] pnp 00:01: [io  0x1040-0x104f]
[    0.400894] pnp 00:01: [io  0x0cf0-0x0cf1]
[    0.400952] system 00:01: [io  0x1000-0x103f] has been reserved
[    0.400956] system 00:01: [io  0x1040-0x104f] has been reserved
[    0.400958] system 00:01: [io  0x0cf0-0x0cf1] has been reserved
[    0.400960] system 00:01: Plug and Play ACPI device, IDs PNP0c02 (active)
[    0.400967] pnp 00:02: [io  0x0000-0x000f]
[    0.400968] pnp 00:02: [io  0x0081-0x008f]
[    0.400969] pnp 00:02: [io  0x00c0-0x00df]
[    0.400971] pnp 00:02: [dma 4]
[    0.400986] pnp 00:02: Plug and Play ACPI device, IDs PNP0200 (active)
[    0.400992] pnp 00:03: [io  0x0020-0x0021]
[    0.400993] pnp 00:03: [io  0x00a0-0x00a1]
[    0.400994] pnp 00:03: [io  0x04d0-0x04d1]
[    0.400996] pnp 00:03: [irq 2 disabled]
[    0.401011] pnp 00:03: Plug and Play ACPI device, IDs PNP0001 (active)
[    0.401017] pnp 00:04: [io  0x0070-0x0071]
[    0.401019] pnp 00:04: [irq 8]
[    0.401032] pnp 00:04: Plug and Play ACPI device, IDs PNP0b00 (active)
[    0.401037] pnp 00:05: [io  0x0061]
[    0.401049] pnp 00:05: Plug and Play ACPI device, IDs PNP0800 (active)
[    0.401054] pnp 00:06: [io  0x0060]
[    0.401055] pnp 00:06: [io  0x0064]
[    0.401056] pnp 00:06: [irq 1]
[    0.401071] pnp 00:06: Plug and Play ACPI device, IDs PNP0303 (active)
[    0.401076] pnp 00:07: [irq 12]
[    0.401089] pnp 00:07: Plug and Play ACPI device, IDs PNP0f13 (active)
[    0.401250] pnp 00:08: [mem 0xfed00000-0xfed003ff]
[    0.401285] system 00:08: [mem 0xfed00000-0xfed003ff] has been reserved
[    0.401287] system 00:08: Plug and Play ACPI device, IDs PNP0103 PNP0c01 (active)
[    0.406019] pnp 00:09: [io  0x0378-0x037f]
[    0.406022] pnp 00:09: [irq 7]
[    0.407227] pnp 00:09: Plug and Play ACPI device, IDs PNP0400 (active)
[    0.411313] pnp 00:0a: [io  0x03f8-0x03ff]
[    0.411316] pnp 00:0a: [irq 4]
[    0.412807] pnp 00:0a: Plug and Play ACPI device, IDs PNP0501 (active)
[    0.416297] pnp 00:0b: [io  0x02f8-0x02ff]
[    0.416300] pnp 00:0b: [irq 3]
[    0.417482] pnp 00:0b: Plug and Play ACPI device, IDs PNP0501 (active)
[    0.423525] pnp 00:0c: [io  0x03f0-0x03f5]
[    0.423527] pnp 00:0c: [io  0x03f7]
[    0.423529] pnp 00:0c: [irq 6]
[    0.423530] pnp 00:0c: [dma 2]
[    0.424922] pnp 00:0c: Plug and Play ACPI device, IDs PNP0700 (active)
[    0.425143] pnp 00:0d: [mem 0xe0000000-0xefffffff]
[    0.425145] pnp 00:0d: [io  0x1060-0x107f]
[    0.425147] pnp 00:0d: [mem 0xc8200000-0xc83fffff]
[    0.425213] system 00:0d: [io  0x1060-0x107f] has been reserved
[    0.425218] system 00:0d: [mem 0xe0000000-0xefffffff] has been reserved
[    0.425221] system 00:0d: [mem 0xc8200000-0xc83fffff] has been reserved
[    0.425224] system 00:0d: Plug and Play ACPI device, IDs PNP0c02 (active)
[    0.430257] pnp: PnP ACPI: found 14 devices
[    0.430259] ACPI: ACPI bus type pnp unregistered
[    0.430262] PnPBIOS: Disabled by ACPI PNP
[    0.466000] PCI: max bus depth: 1 pci_try_num: 2
[    0.466439] pci 0000:00:0f.0: BAR 6: assigned [mem 0xc0000000-0xc0007fff pref]
[    0.466446] pci 0000:00:10.0: BAR 6: assigned [mem 0xc0008000-0xc000bfff pref]
[    0.466452] pci 0000:00:18.7: BAR 13: can't assign io (size 0x1000)
[    0.466457] pci 0000:00:18.6: BAR 13: can't assign io (size 0x1000)
[    0.466461] pci 0000:00:18.5: BAR 13: can't assign io (size 0x1000)
[    0.466465] pci 0000:00:18.4: BAR 13: can't assign io (size 0x1000)
[    0.466469] pci 0000:00:18.3: BAR 13: can't assign io (size 0x1000)
[    0.466474] pci 0000:00:18.2: BAR 13: can't assign io (size 0x1000)
[    0.466478] pci 0000:00:17.7: BAR 13: can't assign io (size 0x1000)
[    0.466482] pci 0000:00:17.6: BAR 13: can't assign io (size 0x1000)
[    0.466486] pci 0000:00:17.5: BAR 13: can't assign io (size 0x1000)
[    0.466490] pci 0000:00:17.4: BAR 13: can't assign io (size 0x1000)
[    0.466494] pci 0000:00:17.3: BAR 13: can't assign io (size 0x1000)
[    0.466498] pci 0000:00:16.7: BAR 13: can't assign io (size 0x1000)
[    0.466503] pci 0000:00:16.6: BAR 13: can't assign io (size 0x1000)
[    0.466507] pci 0000:00:16.5: BAR 13: can't assign io (size 0x1000)
[    0.466511] pci 0000:00:16.4: BAR 13: can't assign io (size 0x1000)
[    0.466515] pci 0000:00:16.3: BAR 13: can't assign io (size 0x1000)
[    0.466520] pci 0000:00:15.7: BAR 13: can't assign io (size 0x1000)
[    0.466524] pci 0000:00:15.6: BAR 13: can't assign io (size 0x1000)
[    0.466528] pci 0000:00:15.5: BAR 13: can't assign io (size 0x1000)
[    0.466532] pci 0000:00:15.4: BAR 13: can't assign io (size 0x1000)
[    0.466536] pci 0000:00:15.3: BAR 13: can't assign io (size 0x1000)
[    0.466540] pci 0000:00:01.0: PCI bridge to [bus 01-01]
[    0.466562] pci 0000:02:01.0: BAR 6: assigned [mem 0xd8400000-0xd840ffff pref]
[    0.466566] pci 0000:00:11.0: PCI bridge to [bus 02-02]
[    0.466583] pci 0000:00:11.0:   bridge window [io  0x2000-0x3fff]
[    0.466606] pci 0000:00:11.0:   bridge window [mem 0xc9000000-0xca3fffff]
[    0.466628] pci 0000:00:11.0:   bridge window [mem 0xd8400000-0xd89fffff 64bit pref]
[    0.466650] pci 0000:00:15.0: PCI bridge to [bus 03-03]
[    0.466667] pci 0000:00:15.0:   bridge window [io  0x4000-0x4fff]
[    0.466689] pci 0000:00:15.0:   bridge window [mem 0xca400000-0xca4fffff]
[    0.466711] pci 0000:00:15.0:   bridge window [mem 0xd8a00000-0xd8afffff 64bit pref]
[    0.466734] pci 0000:00:15.1: PCI bridge to [bus 04-04]
[    0.466751] pci 0000:00:15.1:   bridge window [io  0x8000-0x8fff]
[    0.466774] pci 0000:00:15.1:   bridge window [mem 0xca800000-0xca8fffff]
[    0.466796] pci 0000:00:15.1:   bridge window [mem 0xd8e00000-0xd8efffff 64bit pref]
[    0.466818] pci 0000:00:15.2: PCI bridge to [bus 05-05]
[    0.466841] pci 0000:00:15.2:   bridge window [io  0xc000-0xcfff]
[    0.466863] pci 0000:00:15.2:   bridge window [mem 0xcac00000-0xcacfffff]
[    0.466885] pci 0000:00:15.2:   bridge window [mem 0xd9200000-0xd92fffff 64bit pref]
[    0.466907] pci 0000:00:15.3: PCI bridge to [bus 06-06]
[    0.466930] pci 0000:00:15.3:   bridge window [mem 0xcb000000-0xcb0fffff]
[    0.466952] pci 0000:00:15.3:   bridge window [mem 0xd9600000-0xd96fffff 64bit pref]
[    0.466974] pci 0000:00:15.4: PCI bridge to [bus 07-07]
[    0.466996] pci 0000:00:15.4:   bridge window [mem 0xcb400000-0xcb4fffff]
[    0.467019] pci 0000:00:15.4:   bridge window [mem 0xd9a00000-0xd9afffff 64bit pref]
[    0.467041] pci 0000:00:15.5: PCI bridge to [bus 08-08]
[    0.467063] pci 0000:00:15.5:   bridge window [mem 0xcb800000-0xcb8fffff]
[    0.467086] pci 0000:00:15.5:   bridge window [mem 0xd9e00000-0xd9efffff 64bit pref]
[    0.467108] pci 0000:00:15.6: PCI bridge to [bus 09-09]
[    0.467130] pci 0000:00:15.6:   bridge window [mem 0xcbc00000-0xcbcfffff]
[    0.467152] pci 0000:00:15.6:   bridge window [mem 0xda200000-0xda2fffff 64bit pref]
[    0.467175] pci 0000:00:15.7: PCI bridge to [bus 0a-0a]
[    0.467197] pci 0000:00:15.7:   bridge window [mem 0xcc000000-0xcc0fffff]
[    0.467219] pci 0000:00:15.7:   bridge window [mem 0xda600000-0xda6fffff 64bit pref]
[    0.467241] pci 0000:00:16.0: PCI bridge to [bus 0b-0b]
[    0.467259] pci 0000:00:16.0:   bridge window [io  0x5000-0x5fff]
[    0.467281] pci 0000:00:16.0:   bridge window [mem 0xca500000-0xca5fffff]
[    0.467304] pci 0000:00:16.0:   bridge window [mem 0xd8b00000-0xd8bfffff 64bit pref]
[    0.467326] pci 0000:00:16.1: PCI bridge to [bus 0c-0c]
[    0.467343] pci 0000:00:16.1:   bridge window [io  0x9000-0x9fff]
[    0.467365] pci 0000:00:16.1:   bridge window [mem 0xca900000-0xca9fffff]
[    0.467387] pci 0000:00:16.1:   bridge window [mem 0xd8f00000-0xd8ffffff 64bit pref]
[    0.467409] pci 0000:00:16.2: PCI bridge to [bus 0d-0d]
[    0.467426] pci 0000:00:16.2:   bridge window [io  0xd000-0xdfff]
[    0.467449] pci 0000:00:16.2:   bridge window [mem 0xcad00000-0xcadfffff]
[    0.467471] pci 0000:00:16.2:   bridge window [mem 0xd9300000-0xd93fffff 64bit pref]
[    0.467493] pci 0000:00:16.3: PCI bridge to [bus 0e-0e]
[    0.467516] pci 0000:00:16.3:   bridge window [mem 0xcb100000-0xcb1fffff]
[    0.467538] pci 0000:00:16.3:   bridge window [mem 0xd9700000-0xd97fffff 64bit pref]
[    0.467560] pci 0000:00:16.4: PCI bridge to [bus 0f-0f]
[    0.467582] pci 0000:00:16.4:   bridge window [mem 0xcb500000-0xcb5fffff]
[    0.467605] pci 0000:00:16.4:   bridge window [mem 0xd9b00000-0xd9bfffff 64bit pref]
[    0.467627] pci 0000:00:16.5: PCI bridge to [bus 10-10]
[    0.467649] pci 0000:00:16.5:   bridge window [mem 0xcb900000-0xcb9fffff]
[    0.467671] pci 0000:00:16.5:   bridge window [mem 0xd9f00000-0xd9ffffff 64bit pref]
[    0.467694] pci 0000:00:16.6: PCI bridge to [bus 11-11]
[    0.467716] pci 0000:00:16.6:   bridge window [mem 0xcbd00000-0xcbdfffff]
[    0.467738] pci 0000:00:16.6:   bridge window [mem 0xda300000-0xda3fffff 64bit pref]
[    0.467761] pci 0000:00:16.7: PCI bridge to [bus 12-12]
[    0.467783] pci 0000:00:16.7:   bridge window [mem 0xcc100000-0xcc1fffff]
[    0.467805] pci 0000:00:16.7:   bridge window [mem 0xda700000-0xda7fffff 64bit pref]
[    0.467827] pci 0000:00:17.0: PCI bridge to [bus 13-13]
[    0.467844] pci 0000:00:17.0:   bridge window [io  0x6000-0x6fff]
[    0.467867] pci 0000:00:17.0:   bridge window [mem 0xca600000-0xca6fffff]
[    0.467889] pci 0000:00:17.0:   bridge window [mem 0xd8c00000-0xd8cfffff 64bit pref]
[    0.467911] pci 0000:00:17.1: PCI bridge to [bus 14-14]
[    0.467928] pci 0000:00:17.1:   bridge window [io  0xa000-0xafff]
[    0.467951] pci 0000:00:17.1:   bridge window [mem 0xcaa00000-0xcaafffff]
[    0.467973] pci 0000:00:17.1:   bridge window [mem 0xd9000000-0xd90fffff 64bit pref]
[    0.467995] pci 0000:00:17.2: PCI bridge to [bus 15-15]
[    0.468012] pci 0000:00:17.2:   bridge window [io  0xe000-0xefff]
[    0.468035] pci 0000:00:17.2:   bridge window [mem 0xcae00000-0xcaefffff]
[    0.468057] pci 0000:00:17.2:   bridge window [mem 0xd9400000-0xd94fffff 64bit pref]
[    0.468079] pci 0000:00:17.3: PCI bridge to [bus 16-16]
[    0.468101] pci 0000:00:17.3:   bridge window [mem 0xcb200000-0xcb2fffff]
[    0.468124] pci 0000:00:17.3:   bridge window [mem 0xd9800000-0xd98fffff 64bit pref]
[    0.468146] pci 0000:00:17.4: PCI bridge to [bus 17-17]
[    0.468168] pci 0000:00:17.4:   bridge window [mem 0xcb600000-0xcb6fffff]
[    0.468190] pci 0000:00:17.4:   bridge window [mem 0xd9c00000-0xd9cfffff 64bit pref]
[    0.468213] pci 0000:00:17.5: PCI bridge to [bus 18-18]
[    0.468235] pci 0000:00:17.5:   bridge window [mem 0xcba00000-0xcbafffff]
[    0.468257] pci 0000:00:17.5:   bridge window [mem 0xda000000-0xda0fffff 64bit pref]
[    0.468280] pci 0000:00:17.6: PCI bridge to [bus 19-19]
[    0.468302] pci 0000:00:17.6:   bridge window [mem 0xcbe00000-0xcbefffff]
[    0.468324] pci 0000:00:17.6:   bridge window [mem 0xda400000-0xda4fffff 64bit pref]
[    0.468346] pci 0000:00:17.7: PCI bridge to [bus 1a-1a]
[    0.468369] pci 0000:00:17.7:   bridge window [mem 0xcc200000-0xcc2fffff]
[    0.468391] pci 0000:00:17.7:   bridge window [mem 0xda800000-0xda8fffff 64bit pref]
[    0.468413] pci 0000:00:18.0: PCI bridge to [bus 1b-1b]
[    0.468430] pci 0000:00:18.0:   bridge window [io  0x7000-0x7fff]
[    0.468452] pci 0000:00:18.0:   bridge window [mem 0xca700000-0xca7fffff]
[    0.468474] pci 0000:00:18.0:   bridge window [mem 0xd8d00000-0xd8dfffff 64bit pref]
[    0.468497] pci 0000:00:18.1: PCI bridge to [bus 1c-1c]
[    0.468513] pci 0000:00:18.1:   bridge window [io  0xb000-0xbfff]
[    0.468536] pci 0000:00:18.1:   bridge window [mem 0xcab00000-0xcabfffff]
[    0.468558] pci 0000:00:18.1:   bridge window [mem 0xd9100000-0xd91fffff 64bit pref]
[    0.468580] pci 0000:00:18.2: PCI bridge to [bus 1d-1d]
[    0.468602] pci 0000:00:18.2:   bridge window [mem 0xcaf00000-0xcaffffff]
[    0.468625] pci 0000:00:18.2:   bridge window [mem 0xd9500000-0xd95fffff 64bit pref]
[    0.468647] pci 0000:00:18.3: PCI bridge to [bus 1e-1e]
[    0.468669] pci 0000:00:18.3:   bridge window [mem 0xcb300000-0xcb3fffff]
[    0.468692] pci 0000:00:18.3:   bridge window [mem 0xd9900000-0xd99fffff 64bit pref]
[    0.468714] pci 0000:00:18.4: PCI bridge to [bus 1f-1f]
[    0.468736] pci 0000:00:18.4:   bridge window [mem 0xcb700000-0xcb7fffff]
[    0.468758] pci 0000:00:18.4:   bridge window [mem 0xd9d00000-0xd9dfffff 64bit pref]
[    0.468781] pci 0000:00:18.5: PCI bridge to [bus 20-20]
[    0.468803] pci 0000:00:18.5:   bridge window [mem 0xcbb00000-0xcbbfffff]
[    0.468825] pci 0000:00:18.5:   bridge window [mem 0xda100000-0xda1fffff 64bit pref]
[    0.468847] pci 0000:00:18.6: PCI bridge to [bus 21-21]
[    0.468870] pci 0000:00:18.6:   bridge window [mem 0xcbf00000-0xcbffffff]
[    0.468892] pci 0000:00:18.6:   bridge window [mem 0xda500000-0xda5fffff 64bit pref]
[    0.468914] pci 0000:00:18.7: PCI bridge to [bus 22-22]
[    0.468937] pci 0000:00:18.7:   bridge window [mem 0xcc300000-0xcc3fffff]
[    0.468959] pci 0000:00:18.7:   bridge window [mem 0xda900000-0xda9fffff 64bit pref]
[    0.468981] pci 0000:00:01.0: setting latency timer to 64
[    0.469003] pci 0000:00:15.0: setting latency timer to 64
[    0.469026] pci 0000:00:15.1: setting latency timer to 64
[    0.469048] pci 0000:00:15.2: setting latency timer to 64
[    0.469070] pci 0000:00:15.3: setting latency timer to 64
[    0.469092] pci 0000:00:15.4: setting latency timer to 64
[    0.469115] pci 0000:00:15.5: setting latency timer to 64
[    0.469137] pci 0000:00:15.6: setting latency timer to 64
[    0.469159] pci 0000:00:15.7: setting latency timer to 64
[    0.469182] pci 0000:00:16.0: setting latency timer to 64
[    0.469204] pci 0000:00:16.1: setting latency timer to 64
[    0.469226] pci 0000:00:16.2: setting latency timer to 64
[    0.469248] pci 0000:00:16.3: setting latency timer to 64
[    0.469271] pci 0000:00:16.4: setting latency timer to 64
[    0.469293] pci 0000:00:16.5: setting latency timer to 64
[    0.469315] pci 0000:00:16.6: setting latency timer to 64
[    0.469337] pci 0000:00:16.7: setting latency timer to 64
[    0.469360] pci 0000:00:17.0: setting latency timer to 64
[    0.469382] pci 0000:00:17.1: setting latency timer to 64
[    0.469404] pci 0000:00:17.2: setting latency timer to 64
[    0.469427] pci 0000:00:17.3: setting latency timer to 64
[    0.469449] pci 0000:00:17.4: setting latency timer to 64
[    0.469471] pci 0000:00:17.5: setting latency timer to 64
[    0.469493] pci 0000:00:17.6: setting latency timer to 64
[    0.469516] pci 0000:00:17.7: setting latency timer to 64
[    0.469538] pci 0000:00:18.0: setting latency timer to 64
[    0.469560] pci 0000:00:18.1: setting latency timer to 64
[    0.469582] pci 0000:00:18.2: setting latency timer to 64
[    0.469605] pci 0000:00:18.3: setting latency timer to 64
[    0.469627] pci 0000:00:18.4: setting latency timer to 64
[    0.469649] pci 0000:00:18.5: setting latency timer to 64
[    0.469672] pci 0000:00:18.6: setting latency timer to 64
[    0.469694] pci 0000:00:18.7: setting latency timer to 64
[    0.469711] pci_bus 0000:00: resource 4 [mem 0x000a0000-0x000bffff]
[    0.469714] pci_bus 0000:00: resource 5 [mem 0x000cc000-0x000cffff]
[    0.469717] pci_bus 0000:00: resource 6 [mem 0x000d0000-0x000d3fff]
[    0.469720] pci_bus 0000:00: resource 7 [mem 0x000d4000-0x000d7fff]
[    0.469723] pci_bus 0000:00: resource 8 [mem 0x000d8000-0x000dbfff]
[    0.469726] pci_bus 0000:00: resource 9 [mem 0xc0000000-0xfebfffff]
[    0.469729] pci_bus 0000:00: resource 10 [io  0x0000-0x0cf7]
[    0.469731] pci_bus 0000:00: resource 11 [io  0x0d00-0xfeff]
[    0.469735] pci_bus 0000:02: resource 0 [io  0x2000-0x3fff]
[    0.469738] pci_bus 0000:02: resource 1 [mem 0xc9000000-0xca3fffff]
[    0.469741] pci_bus 0000:02: resource 2 [mem 0xd8400000-0xd89fffff 64bit pref]
[    0.469744] pci_bus 0000:02: resource 4 [mem 0x000a0000-0x000bffff]
[    0.469747] pci_bus 0000:02: resource 5 [mem 0x000cc000-0x000cffff]
[    0.469749] pci_bus 0000:02: resource 6 [mem 0x000d0000-0x000d3fff]
[    0.469752] pci_bus 0000:02: resource 7 [mem 0x000d4000-0x000d7fff]
[    0.469755] pci_bus 0000:02: resource 8 [mem 0x000d8000-0x000dbfff]
[    0.469758] pci_bus 0000:02: resource 9 [mem 0xc0000000-0xfebfffff]
[    0.469761] pci_bus 0000:02: resource 10 [io  0x0000-0x0cf7]
[    0.469764] pci_bus 0000:02: resource 11 [io  0x0d00-0xfeff]
[    0.469767] pci_bus 0000:03: resource 0 [io  0x4000-0x4fff]
[    0.469769] pci_bus 0000:03: resource 1 [mem 0xca400000-0xca4fffff]
[    0.469772] pci_bus 0000:03: resource 2 [mem 0xd8a00000-0xd8afffff 64bit pref]
[    0.469776] pci_bus 0000:04: resource 0 [io  0x8000-0x8fff]
[    0.469778] pci_bus 0000:04: resource 1 [mem 0xca800000-0xca8fffff]
[    0.469781] pci_bus 0000:04: resource 2 [mem 0xd8e00000-0xd8efffff 64bit pref]
[    0.469784] pci_bus 0000:05: resource 0 [io  0xc000-0xcfff]
[    0.469787] pci_bus 0000:05: resource 1 [mem 0xcac00000-0xcacfffff]
[    0.469790] pci_bus 0000:05: resource 2 [mem 0xd9200000-0xd92fffff 64bit pref]
[    0.469793] pci_bus 0000:06: resource 1 [mem 0xcb000000-0xcb0fffff]
[    0.469796] pci_bus 0000:06: resource 2 [mem 0xd9600000-0xd96fffff 64bit pref]
[    0.469799] pci_bus 0000:07: resource 1 [mem 0xcb400000-0xcb4fffff]
[    0.469802] pci_bus 0000:07: resource 2 [mem 0xd9a00000-0xd9afffff 64bit pref]
[    0.469805] pci_bus 0000:08: resource 1 [mem 0xcb800000-0xcb8fffff]
[    0.469808] pci_bus 0000:08: resource 2 [mem 0xd9e00000-0xd9efffff 64bit pref]
[    0.469812] pci_bus 0000:09: resource 1 [mem 0xcbc00000-0xcbcfffff]
[    0.469815] pci_bus 0000:09: resource 2 [mem 0xda200000-0xda2fffff 64bit pref]
[    0.469818] pci_bus 0000:0a: resource 1 [mem 0xcc000000-0xcc0fffff]
[    0.469821] pci_bus 0000:0a: resource 2 [mem 0xda600000-0xda6fffff 64bit pref]
[    0.469824] pci_bus 0000:0b: resource 0 [io  0x5000-0x5fff]
[    0.469826] pci_bus 0000:0b: resource 1 [mem 0xca500000-0xca5fffff]
[    0.469829] pci_bus 0000:0b: resource 2 [mem 0xd8b00000-0xd8bfffff 64bit pref]
[    0.469832] pci_bus 0000:0c: resource 0 [io  0x9000-0x9fff]
[    0.469835] pci_bus 0000:0c: resource 1 [mem 0xca900000-0xca9fffff]
[    0.469838] pci_bus 0000:0c: resource 2 [mem 0xd8f00000-0xd8ffffff 64bit pref]
[    0.469841] pci_bus 0000:0d: resource 0 [io  0xd000-0xdfff]
[    0.469844] pci_bus 0000:0d: resource 1 [mem 0xcad00000-0xcadfffff]
[    0.469847] pci_bus 0000:0d: resource 2 [mem 0xd9300000-0xd93fffff 64bit pref]
[    0.469850] pci_bus 0000:0e: resource 1 [mem 0xcb100000-0xcb1fffff]
[    0.469853] pci_bus 0000:0e: resource 2 [mem 0xd9700000-0xd97fffff 64bit pref]
[    0.469856] pci_bus 0000:0f: resource 1 [mem 0xcb500000-0xcb5fffff]
[    0.469859] pci_bus 0000:0f: resource 2 [mem 0xd9b00000-0xd9bfffff 64bit pref]
[    0.469862] pci_bus 0000:10: resource 1 [mem 0xcb900000-0xcb9fffff]
[    0.469865] pci_bus 0000:10: resource 2 [mem 0xd9f00000-0xd9ffffff 64bit pref]
[    0.469869] pci_bus 0000:11: resource 1 [mem 0xcbd00000-0xcbdfffff]
[    0.469872] pci_bus 0000:11: resource 2 [mem 0xda300000-0xda3fffff 64bit pref]
[    0.469875] pci_bus 0000:12: resource 1 [mem 0xcc100000-0xcc1fffff]
[    0.469878] pci_bus 0000:12: resource 2 [mem 0xda700000-0xda7fffff 64bit pref]
[    0.469881] pci_bus 0000:13: resource 0 [io  0x6000-0x6fff]
[    0.469884] pci_bus 0000:13: resource 1 [mem 0xca600000-0xca6fffff]
[    0.469887] pci_bus 0000:13: resource 2 [mem 0xd8c00000-0xd8cfffff 64bit pref]
[    0.469890] pci_bus 0000:14: resource 0 [io  0xa000-0xafff]
[    0.469892] pci_bus 0000:14: resource 1 [mem 0xcaa00000-0xcaafffff]
[    0.469895] pci_bus 0000:14: resource 2 [mem 0xd9000000-0xd90fffff 64bit pref]
[    0.469898] pci_bus 0000:15: resource 0 [io  0xe000-0xefff]
[    0.469901] pci_bus 0000:15: resource 1 [mem 0xcae00000-0xcaefffff]
[    0.469904] pci_bus 0000:15: resource 2 [mem 0xd9400000-0xd94fffff 64bit pref]
[    0.469907] pci_bus 0000:16: resource 1 [mem 0xcb200000-0xcb2fffff]
[    0.469910] pci_bus 0000:16: resource 2 [mem 0xd9800000-0xd98fffff 64bit pref]
[    0.469913] pci_bus 0000:17: resource 1 [mem 0xcb600000-0xcb6fffff]
[    0.469917] pci_bus 0000:17: resource 2 [mem 0xd9c00000-0xd9cfffff 64bit pref]
[    0.469920] pci_bus 0000:18: resource 1 [mem 0xcba00000-0xcbafffff]
[    0.469923] pci_bus 0000:18: resource 2 [mem 0xda000000-0xda0fffff 64bit pref]
[    0.469926] pci_bus 0000:19: resource 1 [mem 0xcbe00000-0xcbefffff]
[    0.469929] pci_bus 0000:19: resource 2 [mem 0xda400000-0xda4fffff 64bit pref]
[    0.469932] pci_bus 0000:1a: resource 1 [mem 0xcc200000-0xcc2fffff]
[    0.469935] pci_bus 0000:1a: resource 2 [mem 0xda800000-0xda8fffff 64bit pref]
[    0.469938] pci_bus 0000:1b: resource 0 [io  0x7000-0x7fff]
[    0.469941] pci_bus 0000:1b: resource 1 [mem 0xca700000-0xca7fffff]
[    0.469944] pci_bus 0000:1b: resource 2 [mem 0xd8d00000-0xd8dfffff 64bit pref]
[    0.469947] pci_bus 0000:1c: resource 0 [io  0xb000-0xbfff]
[    0.469949] pci_bus 0000:1c: resource 1 [mem 0xcab00000-0xcabfffff]
[    0.469952] pci_bus 0000:1c: resource 2 [mem 0xd9100000-0xd91fffff 64bit pref]
[    0.469956] pci_bus 0000:1d: resource 1 [mem 0xcaf00000-0xcaffffff]
[    0.469959] pci_bus 0000:1d: resource 2 [mem 0xd9500000-0xd95fffff 64bit pref]
[    0.469962] pci_bus 0000:1e: resource 1 [mem 0xcb300000-0xcb3fffff]
[    0.469965] pci_bus 0000:1e: resource 2 [mem 0xd9900000-0xd99fffff 64bit pref]
[    0.469968] pci_bus 0000:1f: resource 1 [mem 0xcb700000-0xcb7fffff]
[    0.469971] pci_bus 0000:1f: resource 2 [mem 0xd9d00000-0xd9dfffff 64bit pref]
[    0.469974] pci_bus 0000:20: resource 1 [mem 0xcbb00000-0xcbbfffff]
[    0.469977] pci_bus 0000:20: resource 2 [mem 0xda100000-0xda1fffff 64bit pref]
[    0.469980] pci_bus 0000:21: resource 1 [mem 0xcbf00000-0xcbffffff]
[    0.469983] pci_bus 0000:21: resource 2 [mem 0xda500000-0xda5fffff 64bit pref]
[    0.469986] pci_bus 0000:22: resource 1 [mem 0xcc300000-0xcc3fffff]
[    0.469989] pci_bus 0000:22: resource 2 [mem 0xda900000-0xda9fffff 64bit pref]
[    0.470011] NET: Registered protocol family 2
[    0.470033] IP route cache hash table entries: 32768 (order: 5, 131072 bytes)
[    0.470056] TCP established hash table entries: 131072 (order: 8, 1048576 bytes)
[    0.470078] TCP bind hash table entries: 65536 (order: 7, 524288 bytes)
[    0.470100] TCP: Hash tables configured (established 131072 bind 65536)
[    0.470104] TCP reno registered
[    0.470107] UDP hash table entries: 512 (order: 2, 16384 bytes)
[    0.470118] UDP-Lite hash table entries: 512 (order: 2, 16384 bytes)
[    0.470140] NET: Registered protocol family 1
[    0.470152] pci 0000:00:00.0: Limiting direct PCI/PCI transfers
[    0.470175] pci 0000:00:0f.0: Boot video device
[    0.470450] ACPI: PCI Interrupt Link [LNKC] enabled at IRQ 10
[    0.470453] PCI: setting IRQ 10 as level-triggered
[    0.470463] pci 0000:02:00.0: PCI INT A -> Link[LNKC] -> GSI 10 (level, low) -> IRQ 10
[    0.470513] pci 0000:02:00.0: PCI INT A disabled
[    0.470535] ACPI: PCI Interrupt Link [LNKB] enabled at IRQ 11
[    0.470538] PCI: setting IRQ 11 as level-triggered
[    0.470544] pci 0000:02:03.0: PCI INT A -> Link[LNKB] -> GSI 11 (level, low) -> IRQ 11
[    0.470566] pci 0000:02:03.0: PCI INT A disabled
[    0.470584] PCI: CLS 32 bytes, default 64
[    0.470635] Simple Boot Flag at 0x36 set to 0x1
[    0.470642] Switching to clocksource tsc
[    0.470788] audit: initializing netlink socket (disabled)
[    0.470797] type=2000 audit(1369636027.444:1): initialized
[    0.482461] Trying to unpack rootfs image as initramfs...
[    0.498544] highmem bounce pool size: 64 pages
[    0.498549] HugeTLB registered 2 MB page size, pre-allocated 0 pages
[    0.506413] VFS: Disk quotas dquot_6.5.2
[    0.506435] Dquot-cache hash table entries: 1024 (order 0, 4096 bytes)
[    0.506523] fuse init (API version 7.17)
[    0.506567] msgmni has been set to 1710
[    0.518493] Block layer SCSI generic (bsg) driver version 0.4 loaded (major 253)
[    0.518539] io scheduler noop registered
[    0.518542] io scheduler deadline registered
[    0.518552] io scheduler cfq registered (default)
[    0.518575] pcieport 0000:00:15.0: setting latency timer to 64
[    0.518597] pcieport 0000:00:15.0: irq 40 for MSI/MSI-X
[    0.518619] pcieport 0000:00:15.1: setting latency timer to 64
[    0.518642] pcieport 0000:00:15.1: irq 41 for MSI/MSI-X
[    0.518664] pcieport 0000:00:15.2: setting latency timer to 64
[    0.518686] pcieport 0000:00:15.2: irq 42 for MSI/MSI-X
[    0.518708] pcieport 0000:00:15.3: setting latency timer to 64
[    0.518731] pcieport 0000:00:15.3: irq 43 for MSI/MSI-X
[    0.518753] pcieport 0000:00:15.4: setting latency timer to 64
[    0.518775] pcieport 0000:00:15.4: irq 44 for MSI/MSI-X
[    0.518797] pcieport 0000:00:15.5: setting latency timer to 64
[    0.518820] pcieport 0000:00:15.5: irq 45 for MSI/MSI-X
[    0.518842] pcieport 0000:00:15.6: setting latency timer to 64
[    0.518864] pcieport 0000:00:15.6: irq 46 for MSI/MSI-X
[    0.518887] pcieport 0000:00:15.7: setting latency timer to 64
[    0.518909] pcieport 0000:00:15.7: irq 47 for MSI/MSI-X
[    0.518931] pcieport 0000:00:16.0: setting latency timer to 64
[    0.518953] pcieport 0000:00:16.0: irq 48 for MSI/MSI-X
[    0.518976] pcieport 0000:00:16.1: setting latency timer to 64
[    0.518998] pcieport 0000:00:16.1: irq 49 for MSI/MSI-X
[    0.519020] pcieport 0000:00:16.2: setting latency timer to 64
[    0.519042] pcieport 0000:00:16.2: irq 50 for MSI/MSI-X
[    0.519065] pcieport 0000:00:16.3: setting latency timer to 64
[    0.519087] pcieport 0000:00:16.3: irq 51 for MSI/MSI-X
[    0.519109] pcieport 0000:00:16.4: setting latency timer to 64
[    0.519132] pcieport 0000:00:16.4: irq 52 for MSI/MSI-X
[    0.519154] pcieport 0000:00:16.5: setting latency timer to 64
[    0.519176] pcieport 0000:00:16.5: irq 53 for MSI/MSI-X
[    0.519198] pcieport 0000:00:16.6: setting latency timer to 64
[    0.519221] pcieport 0000:00:16.6: irq 54 for MSI/MSI-X
[    0.519243] pcieport 0000:00:16.7: setting latency timer to 64
[    0.519265] pcieport 0000:00:16.7: irq 55 for MSI/MSI-X
[    0.519287] pcieport 0000:00:17.0: setting latency timer to 64
[    0.519310] pcieport 0000:00:17.0: irq 56 for MSI/MSI-X
[    0.519332] pcieport 0000:00:17.1: setting latency timer to 64
[    0.519354] pcieport 0000:00:17.1: irq 57 for MSI/MSI-X
[    0.519377] pcieport 0000:00:17.2: setting latency timer to 64
[    0.519399] pcieport 0000:00:17.2: irq 58 for MSI/MSI-X
[    0.519421] pcieport 0000:00:17.3: setting latency timer to 64
[    0.519443] pcieport 0000:00:17.3: irq 59 for MSI/MSI-X
[    0.519466] pcieport 0000:00:17.4: setting latency timer to 64
[    0.519488] pcieport 0000:00:17.4: irq 60 for MSI/MSI-X
[    0.519510] pcieport 0000:00:17.5: setting latency timer to 64
[    0.519533] pcieport 0000:00:17.5: irq 61 for MSI/MSI-X
[    0.519555] pcieport 0000:00:17.6: setting latency timer to 64
[    0.519577] pcieport 0000:00:17.6: irq 62 for MSI/MSI-X
[    0.519599] pcieport 0000:00:17.7: setting latency timer to 64
[    0.519622] pcieport 0000:00:17.7: irq 63 for MSI/MSI-X
[    0.519644] pcieport 0000:00:18.0: setting latency timer to 64
[    0.519666] pcieport 0000:00:18.0: irq 64 for MSI/MSI-X
[    0.519688] pcieport 0000:00:18.1: setting latency timer to 64
[    0.519711] pcieport 0000:00:18.1: irq 65 for MSI/MSI-X
[    0.519733] pcieport 0000:00:18.2: setting latency timer to 64
[    0.519755] pcieport 0000:00:18.2: irq 66 for MSI/MSI-X
[    0.519778] pcieport 0000:00:18.3: setting latency timer to 64
[    0.519800] pcieport 0000:00:18.3: irq 67 for MSI/MSI-X
[    0.519822] pcieport 0000:00:18.4: setting latency timer to 64
[    0.519844] pcieport 0000:00:18.4: irq 68 for MSI/MSI-X
[    0.519867] pcieport 0000:00:18.5: setting latency timer to 64
[    0.519889] pcieport 0000:00:18.5: irq 69 for MSI/MSI-X
[    0.519911] pcieport 0000:00:18.6: setting latency timer to 64
[    0.519933] pcieport 0000:00:18.6: irq 70 for MSI/MSI-X
[    0.519956] pcieport 0000:00:18.7: setting latency timer to 64
[    0.519978] pcieport 0000:00:18.7: irq 71 for MSI/MSI-X
[    0.520000] pcieport 0000:00:15.0: Signaling PME through PCIe PME interrupt
[    0.520023] pcie_pme 0000:00:15.0:pcie01: service driver pcie_pme loaded
[    0.520045] pcieport 0000:00:15.1: Signaling PME through PCIe PME interrupt
[    0.520067] pcie_pme 0000:00:15.1:pcie01: service driver pcie_pme loaded
[    0.520089] pcieport 0000:00:15.2: Signaling PME through PCIe PME interrupt
[    0.520112] pcie_pme 0000:00:15.2:pcie01: service driver pcie_pme loaded
[    0.520134] pcieport 0000:00:15.3: Signaling PME through PCIe PME interrupt
[    0.520156] pcie_pme 0000:00:15.3:pcie01: service driver pcie_pme loaded
[    0.520178] pcieport 0000:00:15.4: Signaling PME through PCIe PME interrupt
[    0.520201] pcie_pme 0000:00:15.4:pcie01: service driver pcie_pme loaded
[    0.520223] pcieport 0000:00:15.5: Signaling PME through PCIe PME interrupt
[    0.520245] pcie_pme 0000:00:15.5:pcie01: service driver pcie_pme loaded
[    0.520268] pcieport 0000:00:15.6: Signaling PME through PCIe PME interrupt
[    0.520290] pcie_pme 0000:00:15.6:pcie01: service driver pcie_pme loaded
[    0.520312] pcieport 0000:00:15.7: Signaling PME through PCIe PME interrupt
[    0.520334] pcie_pme 0000:00:15.7:pcie01: service driver pcie_pme loaded
[    0.520357] pcieport 0000:00:16.0: Signaling PME through PCIe PME interrupt
[    0.520379] pcie_pme 0000:00:16.0:pcie01: service driver pcie_pme loaded
[    0.520401] pcieport 0000:00:16.1: Signaling PME through PCIe PME interrupt
[    0.520423] pcie_pme 0000:00:16.1:pcie01: service driver pcie_pme loaded
[    0.520446] pcieport 0000:00:16.2: Signaling PME through PCIe PME interrupt
[    0.520468] pcie_pme 0000:00:16.2:pcie01: service driver pcie_pme loaded
[    0.520490] pcieport 0000:00:16.3: Signaling PME through PCIe PME interrupt
[    0.520513] pcie_pme 0000:00:16.3:pcie01: service driver pcie_pme loaded
[    0.520535] pcieport 0000:00:16.4: Signaling PME through PCIe PME interrupt
[    0.520557] pcie_pme 0000:00:16.4:pcie01: service driver pcie_pme loaded
[    0.520579] pcieport 0000:00:16.5: Signaling PME through PCIe PME interrupt
[    0.520602] pcie_pme 0000:00:16.5:pcie01: service driver pcie_pme loaded
[    0.520624] pcieport 0000:00:16.6: Signaling PME through PCIe PME interrupt
[    0.520646] pcie_pme 0000:00:16.6:pcie01: service driver pcie_pme loaded
[    0.520668] pcieport 0000:00:16.7: Signaling PME through PCIe PME interrupt
[    0.520691] pcie_pme 0000:00:16.7:pcie01: service driver pcie_pme loaded
[    0.520713] pcieport 0000:00:17.0: Signaling PME through PCIe PME interrupt
[    0.520735] pcie_pme 0000:00:17.0:pcie01: service driver pcie_pme loaded
[    0.520758] pcieport 0000:00:17.1: Signaling PME through PCIe PME interrupt
[    0.520780] pcie_pme 0000:00:17.1:pcie01: service driver pcie_pme loaded
[    0.520802] pcieport 0000:00:17.2: Signaling PME through PCIe PME interrupt
[    0.520824] pcie_pme 0000:00:17.2:pcie01: service driver pcie_pme loaded
[    0.520847] pcieport 0000:00:17.3: Signaling PME through PCIe PME interrupt
[    0.520869] pcie_pme 0000:00:17.3:pcie01: service driver pcie_pme loaded
[    0.520891] pcieport 0000:00:17.4: Signaling PME through PCIe PME interrupt
[    0.520913] pcie_pme 0000:00:17.4:pcie01: service driver pcie_pme loaded
[    0.520936] pcieport 0000:00:17.5: Signaling PME through PCIe PME interrupt
[    0.520958] pcie_pme 0000:00:17.5:pcie01: service driver pcie_pme loaded
[    0.520980] pcieport 0000:00:17.6: Signaling PME through PCIe PME interrupt
[    0.521003] pcie_pme 0000:00:17.6:pcie01: service driver pcie_pme loaded
[    0.521025] pcieport 0000:00:17.7: Signaling PME through PCIe PME interrupt
[    0.521047] pcie_pme 0000:00:17.7:pcie01: service driver pcie_pme loaded
[    0.521069] pcieport 0000:00:18.0: Signaling PME through PCIe PME interrupt
[    0.521092] pcie_pme 0000:00:18.0:pcie01: service driver pcie_pme loaded
[    0.521114] pcieport 0000:00:18.1: Signaling PME through PCIe PME interrupt
[    0.521136] pcie_pme 0000:00:18.1:pcie01: service driver pcie_pme loaded
[    0.521158] pcieport 0000:00:18.2: Signaling PME through PCIe PME interrupt
[    0.521181] pcie_pme 0000:00:18.2:pcie01: service driver pcie_pme loaded
[    0.521203] pcieport 0000:00:18.3: Signaling PME through PCIe PME interrupt
[    0.521225] pcie_pme 0000:00:18.3:pcie01: service driver pcie_pme loaded
[    0.521248] pcieport 0000:00:18.4: Signaling PME through PCIe PME interrupt
[    0.521270] pcie_pme 0000:00:18.4:pcie01: service driver pcie_pme loaded
[    0.521292] pcieport 0000:00:18.5: Signaling PME through PCIe PME interrupt
[    0.521314] pcie_pme 0000:00:18.5:pcie01: service driver pcie_pme loaded
[    0.521337] pcieport 0000:00:18.6: Signaling PME through PCIe PME interrupt
[    0.521359] pcie_pme 0000:00:18.6:pcie01: service driver pcie_pme loaded
[    0.521381] pcieport 0000:00:18.7: Signaling PME through PCIe PME interrupt
[    0.521403] pcie_pme 0000:00:18.7:pcie01: service driver pcie_pme loaded
[    0.521424] pci_hotplug: PCI Hot Plug PCI Core version: 0.5
[    0.521446] pciehp 0000:00:15.0:pcie04: HPC vendor_id 15ad device_id 7a0 ss_vid 15ad ss_did 7a0
[    0.521468] pciehp 0000:00:15.0:pcie04: service driver pciehp loaded
[    0.521490] pciehp 0000:00:15.1:pcie04: HPC vendor_id 15ad device_id 7a0 ss_vid 15ad ss_did 7a0
[    0.521513] pciehp 0000:00:15.1:pcie04: service driver pciehp loaded
[    0.521535] pciehp 0000:00:15.2:pcie04: HPC vendor_id 15ad device_id 7a0 ss_vid 15ad ss_did 7a0
[    0.521557] pciehp 0000:00:15.2:pcie04: service driver pciehp loaded
[    0.521580] pciehp 0000:00:15.3:pcie04: HPC vendor_id 15ad device_id 7a0 ss_vid 15ad ss_did 7a0
[    0.521602] pciehp 0000:00:15.3:pcie04: service driver pciehp loaded
[    0.521624] pciehp 0000:00:15.4:pcie04: HPC vendor_id 15ad device_id 7a0 ss_vid 15ad ss_did 7a0
[    0.521646] pciehp 0000:00:15.4:pcie04: service driver pciehp loaded
[    0.521669] pciehp 0000:00:15.5:pcie04: HPC vendor_id 15ad device_id 7a0 ss_vid 15ad ss_did 7a0
[    0.521691] pciehp 0000:00:15.5:pcie04: service driver pciehp loaded
[    0.521713] pciehp 0000:00:15.6:pcie04: HPC vendor_id 15ad device_id 7a0 ss_vid 15ad ss_did 7a0
[    0.521735] pciehp 0000:00:15.6:pcie04: service driver pciehp loaded
[    0.521758] pciehp 0000:00:15.7:pcie04: HPC vendor_id 15ad device_id 7a0 ss_vid 15ad ss_did 7a0
[    0.521780] pciehp 0000:00:15.7:pcie04: service driver pciehp loaded
[    0.521802] pciehp 0000:00:16.0:pcie04: HPC vendor_id 15ad device_id 7a0 ss_vid 15ad ss_did 7a0
[    0.521825] pciehp 0000:00:16.0:pcie04: service driver pciehp loaded
[    0.521847] pciehp 0000:00:16.1:pcie04: HPC vendor_id 15ad device_id 7a0 ss_vid 15ad ss_did 7a0
[    0.521869] pciehp 0000:00:16.1:pcie04: service driver pciehp loaded
[    0.521891] pciehp 0000:00:16.2:pcie04: HPC vendor_id 15ad device_id 7a0 ss_vid 15ad ss_did 7a0
[    0.521914] pciehp 0000:00:16.2:pcie04: service driver pciehp loaded
[    0.521936] pciehp 0000:00:16.3:pcie04: HPC vendor_id 15ad device_id 7a0 ss_vid 15ad ss_did 7a0
[    0.521958] pciehp 0000:00:16.3:pcie04: service driver pciehp loaded
[    0.521980] pciehp 0000:00:16.4:pcie04: HPC vendor_id 15ad device_id 7a0 ss_vid 15ad ss_did 7a0
[    0.522003] pciehp 0000:00:16.4:pcie04: service driver pciehp loaded
[    0.522025] pciehp 0000:00:16.5:pcie04: HPC vendor_id 15ad device_id 7a0 ss_vid 15ad ss_did 7a0
[    0.522047] pciehp 0000:00:16.5:pcie04: service driver pciehp loaded
[    0.522070] pciehp 0000:00:16.6:pcie04: HPC vendor_id 15ad device_id 7a0 ss_vid 15ad ss_did 7a0
[    0.522092] pciehp 0000:00:16.6:pcie04: service driver pciehp loaded
[    0.522114] pciehp 0000:00:16.7:pcie04: HPC vendor_id 15ad device_id 7a0 ss_vid 15ad ss_did 7a0
[    0.522136] pciehp 0000:00:16.7:pcie04: service driver pciehp loaded
[    0.522159] pciehp 0000:00:17.0:pcie04: HPC vendor_id 15ad device_id 7a0 ss_vid 15ad ss_did 7a0
[    0.522181] pciehp 0000:00:17.0:pcie04: service driver pciehp loaded
[    0.522203] pciehp 0000:00:17.1:pcie04: HPC vendor_id 15ad device_id 7a0 ss_vid 15ad ss_did 7a0
[    0.522225] pciehp 0000:00:17.1:pcie04: service driver pciehp loaded
[    0.522248] pciehp 0000:00:17.2:pcie04: HPC vendor_id 15ad device_id 7a0 ss_vid 15ad ss_did 7a0
[    0.522270] pciehp 0000:00:17.2:pcie04: service driver pciehp loaded
[    0.522376] pciehp 0000:00:17.3:pcie04: HPC vendor_id 15ad device_id 7a0 ss_vid 15ad ss_did 7a0
[    0.526383] pciehp 0000:00:17.3:pcie04: service driver pciehp loaded
[    0.526406] pciehp 0000:00:17.4:pcie04: HPC vendor_id 15ad device_id 7a0 ss_vid 15ad ss_did 7a0
[    0.526428] pciehp 0000:00:17.4:pcie04: service driver pciehp loaded
[    0.526450] pciehp 0000:00:17.5:pcie04: HPC vendor_id 15ad device_id 7a0 ss_vid 15ad ss_did 7a0
[    0.526473] pciehp 0000:00:17.5:pcie04: service driver pciehp loaded
[    0.526495] pciehp 0000:00:17.6:pcie04: HPC vendor_id 15ad device_id 7a0 ss_vid 15ad ss_did 7a0
[    0.526517] pciehp 0000:00:17.6:pcie04: service driver pciehp loaded
[    0.526539] pciehp 0000:00:17.7:pcie04: HPC vendor_id 15ad device_id 7a0 ss_vid 15ad ss_did 7a0
[    0.526562] pciehp 0000:00:17.7:pcie04: service driver pciehp loaded
[    0.526584] pciehp 0000:00:18.0:pcie04: HPC vendor_id 15ad device_id 7a0 ss_vid 15ad ss_did 7a0
[    0.526606] pciehp 0000:00:18.0:pcie04: service driver pciehp loaded
[    0.526628] pciehp 0000:00:18.1:pcie04: HPC vendor_id 15ad device_id 7a0 ss_vid 15ad ss_did 7a0
[    0.526651] pciehp 0000:00:18.1:pcie04: service driver pciehp loaded
[    0.526673] pciehp 0000:00:18.2:pcie04: HPC vendor_id 15ad device_id 7a0 ss_vid 15ad ss_did 7a0
[    0.526695] pciehp 0000:00:18.2:pcie04: service driver pciehp loaded
[    0.526718] pciehp 0000:00:18.3:pcie04: HPC vendor_id 15ad device_id 7a0 ss_vid 15ad ss_did 7a0
[    0.526740] pciehp 0000:00:18.3:pcie04: service driver pciehp loaded
[    0.526762] pciehp 0000:00:18.4:pcie04: HPC vendor_id 15ad device_id 7a0 ss_vid 15ad ss_did 7a0
[    0.526784] pciehp 0000:00:18.4:pcie04: service driver pciehp loaded
[    0.526807] pciehp 0000:00:18.5:pcie04: HPC vendor_id 15ad device_id 7a0 ss_vid 15ad ss_did 7a0
[    0.526829] pciehp 0000:00:18.5:pcie04: service driver pciehp loaded
[    0.526851] pciehp 0000:00:18.6:pcie04: HPC vendor_id 15ad device_id 7a0 ss_vid 15ad ss_did 7a0
[    0.526873] pciehp 0000:00:18.6:pcie04: service driver pciehp loaded
[    0.526896] pciehp 0000:00:18.7:pcie04: HPC vendor_id 15ad device_id 7a0 ss_vid 15ad ss_did 7a0
[    0.526918] pciehp 0000:00:18.7:pcie04: service driver pciehp loaded
[    0.526927] pciehp: PCI Express Hot Plug Controller Driver version: 0.4
[    0.526949] ACPI: Deprecated procfs I/F for AC is loaded, please retry with CONFIG_ACPI_PROCFS_POWER cleared
[    0.526977] ACPI: AC Adapter [ACAD] (on-line)
[    0.527023] input: Power Button as /devices/LNXSYSTM:00/LNXPWRBN:00/input/input0
[    0.527028] ACPI: Power Button [PWRF]
[    0.550371] ERST: Table is not found!
[    0.550376] GHES: HEST is not enabled!
[    0.550475] Serial: 8250/16550 driver, 32 ports, IRQ sharing enabled
[    0.574200] serial8250: ttyS0 at I/O 0x3f8 (irq = 4) is a 16550A
[    0.574235] isapnp: Scanning for PnP cards...
[    0.713983] serial8250: ttyS1 at I/O 0x2f8 (irq = 3) is a 16550A
[    0.761916] 00:0a: ttyS0 at I/O 0x3f8 (irq = 4) is a 16550A
[    0.853826] 00:0b: ttyS1 at I/O 0x2f8 (irq = 3) is a 16550A
[    0.878082] Linux agpgart interface v0.103
[    0.878134] agpgart-intel 0000:00:00.0: Intel 440BX Chipset
[    0.878220] agpgart-intel 0000:00:00.0: AGP aperture is 256M @ 0x0
[    0.878973] brd: module loaded
[    0.879435] loop: module loaded
[    0.879487] ata_piix 0000:00:07.1: version 2.13
[    0.879567] scsi0 : ata_piix
[    0.881911] scsi1 : ata_piix
[    0.881963] ata1: PATA max UDMA/33 cmd 0x1f0 ctl 0x3f6 bmdma 0x10c0 irq 14
[    0.881968] ata2: PATA max UDMA/33 cmd 0x170 ctl 0x376 bmdma 0x10c8 irq 15
[    0.882025] Fixed MDIO Bus: probed
[    0.882045] tun: Universal TUN/TAP device driver, 1.6
[    0.882048] tun: (C) 1999-2004 Max Krasnyansky <maxk@qualcomm.com>
[    0.882144] PPP generic driver version 2.4.2
[    0.882250] ehci_hcd: USB 2.0 'Enhanced' Host Controller (EHCI) Driver
[    0.882299] ehci_hcd 0000:02:03.0: PCI INT A -> Link[LNKB] -> GSI 11 (level, low) -> IRQ 11
[    0.882351] ehci_hcd 0000:02:03.0: EHCI Host Controller
[    0.882418] ehci_hcd 0000:02:03.0: new USB bus registered, assigned bus number 1
[    0.882470] ehci_hcd 0000:02:03.0: cache line size of 32 is not supported
[    0.882488] ehci_hcd 0000:02:03.0: irq 11, io mem 0xc9000000
[    0.933635] ehci_hcd 0000:02:03.0: USB 2.0 started, EHCI 1.00
[    1.017804] hub 1-0:1.0: USB hub found
[    1.017811] hub 1-0:1.0: 6 ports detected
[    1.017863] ohci_hcd: USB 1.1 'Open' Host Controller (OHCI) Driver
[    1.017915] uhci_hcd: USB Universal Host Controller Interface driver
[    1.017967] uhci_hcd 0000:02:00.0: PCI INT A -> Link[LNKC] -> GSI 10 (level, low) -> IRQ 10
[    1.018019] uhci_hcd 0000:02:00.0: UHCI Host Controller
[    1.018072] uhci_hcd 0000:02:00.0: new USB bus registered, assigned bus number 2
[    1.018181] uhci_hcd 0000:02:00.0: irq 10, io base 0x000020c0
[    1.018308] hub 2-0:1.0: USB hub found
[    1.018314] hub 2-0:1.0: 2 ports detected
[    1.018366] usbcore: registered new interface driver libusual
[    1.018418] i8042: PNP: PS/2 Controller [PNP0303:KBC,PNP0f13:MOUS] at 0x60,0x64 irq 1,12
[    1.018766] serio: i8042 KBD port at 0x60,0x64 irq 1
[    1.018782] serio: i8042 AUX port at 0x60,0x64 irq 12
[    1.018957] mousedev: PS/2 mouse device common for all mice
[    1.074758] rtc_cmos 00:04: rtc core: registered rtc_cmos as rtc0
[    1.074779] rtc0: alarms up to one month, y3k, 114 bytes nvram, hpet irqs
[    1.074831] device-mapper: uevent: version 1.0.3
[    1.074891] device-mapper: ioctl: 4.22.0-ioctl (2011-10-19) initialised: dm-devel@redhat.com
[    1.074927] EISA: Probing bus 0 at eisa.0
[    1.074929] EISA: Cannot allocate resource for mainboard
[    1.074931] Cannot allocate resource for EISA slot 1
[    1.074933] Cannot allocate resource for EISA slot 2
[    1.074934] Cannot allocate resource for EISA slot 3
[    1.074936] Cannot allocate resource for EISA slot 4
[    1.074938] Cannot allocate resource for EISA slot 5
[    1.074939] Cannot allocate resource for EISA slot 6
[    1.074941] Cannot allocate resource for EISA slot 7
[    1.074942] Cannot allocate resource for EISA slot 8
[    1.074944] EISA: Detected 0 cards.
[    1.074951] cpufreq-nforce2: No nForce2 chipset.
[    1.074954] cpuidle: using governor ladder
[    1.074955] cpuidle: using governor menu
[    1.074957] EFI Variables Facility v0.08 2004-May-17
[    1.075009] TCP cubic registered
[    1.075061] NET: Registered protocol family 10
[    1.075113] NET: Registered protocol family 17
[    1.075118] Registering the dns_resolver key type
[    1.075136] Using IPI No-Shortcut mode
[    1.075217] PM: Hibernation image not present or could not be loaded.
[    1.075225] registered taskstats version 1
[    1.137551] input: AT Translated Set 2 keyboard as /devices/platform/i8042/serio0/input/input1
[    1.141503] ata2.00: ATAPI: VMware Virtual IDE CDROM Drive, 00000001, max UDMA/33
[    1.141784] ata2.00: configured for UDMA/33
[    1.157515] Freeing initrd memory: 13836k freed
[    1.205509]   Magic number: 13:582:469
[    1.205623] rtc_cmos 00:04: setting system clock to 2013-05-27 06:27:08 UTC (1369636028)
[    1.205637] BIOS EDD facility v0.16 2004-Jun-25, 0 devices found
[    1.205639] EDD information not available.
[    1.249350] isapnp: No Plug & Play device found
[    1.249644] scsi 1:0:0:0: CD-ROM            NECVMWar VMware IDE CDR10 1.00 PQ: 0 ANSI: 5
[    1.250926] sr0: scsi3-mmc drive: 306x/306x cd/rw xa/form2 cdda tray
[    1.250929] cdrom: Uniform CD-ROM driver Revision: 3.20
[    1.251055] sr 1:0:0:0: Attached scsi CD-ROM sr0
[    1.251123] sr 1:0:0:0: Attached scsi generic sg0 type 5
[    1.251208] Freeing unused kernel memory: 740k freed
[    1.251260] Write protecting the kernel text: 5816k
[    1.251275] Write protecting the kernel read-only data: 2376k
[    1.251278] NX-protecting the kernel data: 4424k
[    1.263952] udevd[85]: starting version 175
[    1.282002] VMware vmxnet3 virtual NIC driver - version 1.1.29.0-k-NAPI
[    1.285342] VMware PVSCSI driver - version 1.0.1.0-k
[    1.290133] VMware vmxnet virtual NIC driver
[    1.290185] ACPI: PCI Interrupt Link [LNKD] enabled at IRQ 5
[    1.290188] PCI: setting IRQ 5 as level-triggered
[    1.290194] vmxnet 0000:02:01.0: PCI INT A -> Link[LNKD] -> GSI 5 (level, low) -> IRQ 5
[    1.290246] Found vmxnet/PCI at 0x2024, irq 5.
[    1.290298] features:
[    1.290313] numRxBuffers = 100, numRxBuffers2 = 1
[    1.290365] vmxnet 0000:02:01.0: eth0: set_features() failed (-1); wanted 0x00004000, left 0x00004800
[    1.312019] Fusion MPT base driver 3.04.20
[    1.312022] Copyright (c) 1999-2008 LSI Corporation
[    1.312207] Fusion MPT SPI Host driver 3.04.20
[    1.312256] mptspi 0000:00:10.0: PCI INT A -> Link[LNKB] -> GSI 11 (level, low) -> IRQ 11
[    1.318670] mptbase: ioc0: Initiating bringup
[    1.333776] Floppy drive(s): fd0 is 1.44M
[    1.349427] FDC 0 is a post-1991 82077
[    1.361164] usb 2-1: new full-speed USB device number 2 using uhci_hcd
[    1.389124] ioc0: LSI53C1030 B0: Capabilities={Initiator}
[    1.494386] input: VMware VMware Virtual USB Mouse as /devices/pci0000:00/0000:00:11.0/0000:02:00.0/usb2/2-1/2-1:1.0/input/input2
[    1.494711] generic-usb 0003:0E0F:0003.0001: input,hidraw0: USB HID v1.10 Mouse [VMware VMware Virtual USB Mouse] on usb-0000:02:00.0-1/input0
[    1.495475] input: VMware VMware Virtual USB Mouse as /devices/pci0000:00/0000:00:11.0/0000:02:00.0/usb2/2-1/2-1:1.1/input/input3
[    1.495648] generic-usb 0003:0E0F:0003.0002: input,hidraw1: USB HID v1.10 Mouse [VMware VMware Virtual USB Mouse] on usb-0000:02:00.0-1/input1
[    1.495809] usbcore: registered new interface driver usbhid
[    1.495811] usbhid: USB HID core driver
[    1.549048] scsi2 : ioc0: LSI53C1030 B0, FwRev=01032920h, Ports=1, MaxQ=128, IRQ=11
[    1.604810] usb 2-2: new full-speed USB device number 3 using uhci_hcd
[    1.662040] scsi 2:0:0:0: Direct-Access     VMware,  VMware Virtual S 1.0  PQ: 0 ANSI: 2
[    1.662051] scsi target2:0:0: Beginning Domain Validation
[    1.662790] scsi target2:0:0: Domain Validation skipping write tests
[    1.662795] scsi target2:0:0: Ending Domain Validation
[    1.662862] scsi target2:0:0: FAST-40 WIDE SCSI 80.0 MB/s ST (25 ns, offset 127)
[    1.665719] sd 2:0:0:0: [sda] 41943040 512-byte logical blocks: (21.4 GB/20.0 GiB)
[    1.665792] sd 2:0:0:0: [sda] Write Protect is off
[    1.665797] sd 2:0:0:0: [sda] Mode Sense: 61 00 00 00
[    1.665867] sd 2:0:0:0: [sda] Cache data unavailable
[    1.665872] sd 2:0:0:0: [sda] Assuming drive cache: write through
[    1.666240] sd 2:0:0:0: [sda] Cache data unavailable
[    1.666244] sd 2:0:0:0: [sda] Assuming drive cache: write through
[    1.667250]  sda: sda1 sda2 < sda5 >
[    1.667696] sd 2:0:0:0: [sda] Cache data unavailable
[    1.667700] sd 2:0:0:0: [sda] Assuming drive cache: write through
[    1.667703] sd 2:0:0:0: [sda] Attached SCSI disk
[    1.669553] sd 2:0:0:0: Attached scsi generic sg1 type 0
[    1.708468] EXT4-fs (sda1): mounted filesystem with ordered data mode. Opts: (null)
[    1.740670] hub 2-2:1.0: USB hub found
[    1.742170] hub 2-2:1.0: 7 ports detected
[    3.086669] ADDRCONF(NETDEV_UP): eth0: link is not ready
[    3.092729] udevd[324]: starting version 175
[    3.131038] lp: driver loaded but no devices found
[    3.133056] Adding 1046524k swap on /dev/sda5.  Priority:-1 extents:1 across:1046524k 
[    3.237024] EXT4-fs (sda1): re-mounted. Opts: errors=remount-ro
[    3.245237] piix4_smbus 0000:00:07.3: Host SMBus controller not enabled!
[    3.250498] shpchp: Standard Hot Plug PCI Controller Driver version: 0.4
[    3.254050] [384]: VMCI: shared components initialized.
[    3.254083] Probing for vmci/PCI.
[    3.266470] ACPI: PCI Interrupt Link [LNKA] enabled at IRQ 9
[    3.266475] PCI: setting IRQ 9 as level-triggered
[    3.266483] vmci 0000:00:07.7: PCI INT A -> Link[LNKA] -> GSI 9 (level, low) -> IRQ 9
[    3.266536] Found vmci/PCI at 0x1080, irq 9.
[    3.266579] VMCI: using capabilities 0xc.
[    3.266662] [384]: VMCI: Host capability check passed.
[    3.266848] vmci 0000:00:07.7: irq 72 for MSI/MSI-X
[    3.266886] vmci 0000:00:07.7: irq 73 for MSI/MSI-X
[    3.267072] Registered vmci device.
[    3.274286] [384]: VMCI: Using guest personality
[    3.274286] [384]: VMCI: host components initialized.
[    3.287347] [384]: VMCI: Module registered (name=vmci,major=10,minor=57).
[    3.287352] [384]: VMCI: Using host personality
[    3.287354] [384]: VMCI: Module (name=vmci) is initialized
[    3.427009] ppdev: user-space parallel port driver
[    3.427988] parport_pc 00:09: reported by Plug and Play ACPI
[    3.428174] parport0: PC-style at 0x378, irq 7 [PCSPP,TRISTATE]
[    3.438902] Bluetooth: Core ver 2.16
[    3.440753] NET: Registered protocol family 31
[    3.440758] Bluetooth: HCI device and connection manager initialized
[    3.440762] Bluetooth: HCI socket layer initialized
[    3.440764] Bluetooth: L2CAP socket layer initialized
[    3.440772] Bluetooth: SCO socket layer initialized
[    3.460174] Bluetooth: BNEP (Ethernet Emulation) ver 1.3
[    3.460178] Bluetooth: BNEP filters: protocol multicast
[    3.470095] Bluetooth: RFCOMM TTY layer initialized
[    3.470101] Bluetooth: RFCOMM socket layer initialized
[    3.470103] Bluetooth: RFCOMM ver 1.11
[    3.527217] type=1400 audit(1369636030.823:2): apparmor="STATUS" operation="profile_load" name="/sbin/dhclient" pid=583 comm="apparmor_parser"
[    3.527408] type=1400 audit(1369636030.823:3): apparmor="STATUS" operation="profile_load" name="/usr/lib/NetworkManager/nm-dhcp-client.action" pid=583 comm="apparmor_parser"
[    3.527594] type=1400 audit(1369636030.823:4): apparmor="STATUS" operation="profile_load" name="/usr/lib/connman/scripts/dhclient-script" pid=583 comm="apparmor_parser"
[    3.533906] lp0: using parport0 (interrupt-driven).
[    3.542111] type=1400 audit(1369636030.839:5): apparmor="STATUS" operation="profile_load" name="/usr/lib/cups/backend/cups-pdf" pid=593 comm="apparmor_parser"
[    3.544390] type=1400 audit(1369636030.839:6): apparmor="STATUS" operation="profile_load" name="/usr/sbin/cupsd" pid=593 comm="apparmor_parser"
[    3.841769] input: ImPS/2 Generic Wheel Mouse as /devices/platform/i8042/serio1/input/input4
[    3.850715] snd_ens1371 0000:02:02.0: PCI INT A -> Link[LNKA] -> GSI 9 (level, low) -> IRQ 9
[    3.961709] init: failsafe main process (668) killed by TERM signal
[    4.069977] type=1400 audit(1369636031.367:7): apparmor="STATUS" operation="profile_load" name="/usr/lib/lightdm/lightdm/lightdm-guest-session-wrapper" pid=804 comm="apparmor_parser"
[    4.071953] type=1400 audit(1369636031.367:8): apparmor="STATUS" operation="profile_replace" name="/sbin/dhclient" pid=805 comm="apparmor_parser"
[    4.072022] type=1400 audit(1369636031.367:9): apparmor="STATUS" operation="profile_replace" name="/usr/lib/NetworkManager/nm-dhcp-client.action" pid=805 comm="apparmor_parser"
[    4.072076] type=1400 audit(1369636031.367:10): apparmor="STATUS" operation="profile_replace" name="/usr/lib/connman/scripts/dhclient-script" pid=805 comm="apparmor_parser"
[    4.262560] init: alsa-restore main process (861) terminated with status 19
