[    0.000000] Initializing cgroup subsys cpuset
[    0.000000] Initializing cgroup subsys cpu
[    0.000000] Linux version 3.2.0-29-generic-pae (buildd@roseapple) (gcc version 4.6.3 (Ubuntu/Linaro 4.6.3-1ubuntu5) ) #46-Ubuntu SMP Fri Jul 27 17:25:43 UTC 2012 (Ubuntu 3.2.0-29.46-generic-pae 3.2.24)
[    0.000000] KERNEL supported cpus:
[    0.000000]   Intel GenuineIntel
[    0.000000]   AMD AuthenticAMD
[    0.000000]   NSC Geode by NSC
[    0.000000]   Cyrix CyrixInstead
[    0.000000]   Centaur CentaurHauls
[    0.000000]   Transmeta GenuineTMx86
[    0.000000]   Transmeta TransmetaCPU
[    0.000000]   UMC UMC UMC UMC
[    0.000000] Disabled fast string operations
[    0.000000] BIOS-provided physical RAM map:
[    0.000000]  BIOS-e820: 0000000000000000 - 000000000009f000 (usable)
[    0.000000]  BIOS-e820: 000000000009f000 - 00000000000a0000 (reserved)
[    0.000000]  BIOS-e820: 00000000000ca000 - 00000000000cc000 (reserved)
[    0.000000]  BIOS-e820: 00000000000dc000 - 0000000000100000 (reserved)
[    0.000000]  BIOS-e820: 0000000000100000 - 000000003fee0000 (usable)
[    0.000000]  BIOS-e820: 000000003fee0000 - 000000003feff000 (ACPI data)
[    0.000000]  BIOS-e820: 000000003feff000 - 000000003ff00000 (ACPI NVS)
[    0.000000]  BIOS-e820: 000000003ff00000 - 0000000040000000 (usable)
[    0.000000]  BIOS-e820: 00000000e0000000 - 00000000f0000000 (reserved)
[    0.000000]  BIOS-e820: 00000000fec00000 - 00000000fec10000 (reserved)
[    0.000000]  BIOS-e820: 00000000fee00000 - 00000000fee01000 (reserved)
[    0.000000]  BIOS-e820: 00000000fffe0000 - 0000000100000000 (reserved)
[    0.000000] NX (Execute Disable) protection: active
[    0.000000] DMI present.
[    0.000000] DMI: VMware, Inc. VMware Virtual Platform/440BX Desktop Reference Platform, BIOS 6.00 07/02/2012
[    0.000000] Hypervisor detected: VMware
[    0.000000] e820 update range: 0000000000000000 - 0000000000010000 (usable) ==> (reserved)
[    0.000000] e820 remove range: 00000000000a0000 - 0000000000100000 (usable)
[    0.000000] last_pfn = 0x40000 max_arch_pfn = 0x1000000
[    0.000000] MTRR default type: uncachable
[    0.000000] MTRR fixed ranges enabled:
[    0.000000]   00000-9FFFF write-back
[    0.000000]   A0000-BFFFF uncachable
[    0.000000]   C0000-CBFFF write-protect
[    0.000000]   CC000-EFFFF uncachable
[    0.000000]   F0000-FFFFF write-protect
[    0.000000] MTRR variable ranges enabled:
[    0.000000]   0 base 0000000000 mask FFC0000000 write-back
[    0.000000]   1 disabled
[    0.000000]   2 disabled
[    0.000000]   3 disabled
[    0.000000]   4 disabled
[    0.000000]   5 disabled
[    0.000000]   6 disabled
[    0.000000]   7 disabled
[    0.000000] x86 PAT enabled: cpu 0, old 0x0, new 0x7010600070106
[    0.000000] found SMP MP-table at [c00f6bf0] f6bf0
[    0.000000] initial memory mapped : 0 - 02000000
[    0.000000] Base memory trampoline at [c009b000] 9b000 size 16384
[    0.000000] init_memory_mapping: 0000000000000000-0000000037bfe000
[    0.000000]  0000000000 - 0000200000 page 4k
[    0.000000]  0000200000 - 0037a00000 page 2M
[    0.000000]  0037a00000 - 0037bfe000 page 4k
[    0.000000] kernel direct mapping tables up to 37bfe000 @ 1ffb000-2000000
[    0.000000] RAMDISK: 364ea000 - 3726d000
[    0.000000] ACPI: RSDP 000f6b80 00024 (v02 PTLTD )
[    0.000000] ACPI: XSDT 3feed636 0005C (v01 INTEL  440BX    06040000 VMW  01324272)
[    0.000000] ACPI: FACP 3fefee98 000F4 (v04 INTEL  440BX    06040000 PTL  000F4240)
[    0.000000] ACPI: DSDT 3feee366 10B32 (v01 PTLTD  Custom   06040000 MSFT 03000001)
[    0.000000] ACPI: FACS 3fefffc0 00040
[    0.000000] ACPI: BOOT 3feee33e 00028 (v01 PTLTD  $SBFTBL$ 06040000  LTP 00000001)
[    0.000000] ACPI: APIC 3feedc3e 003C2 (v01 PTLTD  ? APIC   06040000  LTP 00000000)
[    0.000000] ACPI: MCFG 3feedc02 0003C (v01 PTLTD  $PCITBL$ 06040000  LTP 00000001)
[    0.000000] ACPI: SRAT 3feed732 004D0 (v02 VMWARE MEMPLUG  06040000 VMW  00000001)
[    0.000000] ACPI: HPET 3feed6fa 00038 (v01 VMWARE VMW HPET 06040000 VMW  00000001)
[    0.000000] ACPI: WAET 3feed6d2 00028 (v01 VMWARE VMW WAET 06040000 VMW  00000001)
[    0.000000] ACPI: Local APIC address 0xfee00000
[    0.000000] 132MB HIGHMEM available.
[    0.000000] 891MB LOWMEM available.
[    0.000000]   mapped low ram: 0 - 37bfe000
[    0.000000]   low ram: 0 - 37bfe000
[    0.000000] Zone PFN ranges:
[    0.000000]   DMA      0x00000010 -> 0x00001000
[    0.000000]   Normal   0x00001000 -> 0x00037bfe
[    0.000000]   HighMem  0x00037bfe -> 0x00040000
[    0.000000] Movable zone start PFN for each node
[    0.000000] early_node_map[3] active PFN ranges
[    0.000000]     0: 0x00000010 -> 0x0000009f
[    0.000000]     0: 0x00000100 -> 0x0003fee0
[    0.000000]     0: 0x0003ff00 -> 0x00040000
[    0.000000] On node 0 totalpages: 261999
[    0.000000] free_area_init_node: node 0, pgdat c1866a40, node_mem_map f73fd200
[    0.000000]   DMA zone: 32 pages used for memmap
[    0.000000]   DMA zone: 0 pages reserved
[    0.000000]   DMA zone: 3951 pages, LIFO batch:0
[    0.000000]   Normal zone: 1752 pages used for memmap
[    0.000000]   Normal zone: 222502 pages, LIFO batch:31
[    0.000000]   HighMem zone: 265 pages used for memmap
[    0.000000]   HighMem zone: 33497 pages, LIFO batch:7
[    0.000000] Using APIC driver default
[    0.000000] ACPI: PM-Timer IO Port: 0x1008
[    0.000000] ACPI: Local APIC address 0xfee00000
[    0.000000] ACPI: LAPIC (acpi_id[0x00] lapic_id[0x00] enabled)
[    0.000000] ACPI: LAPIC (acpi_id[0x01] lapic_id[0x02] disabled)
[    0.000000] ACPI: LAPIC (acpi_id[0x02] lapic_id[0x04] disabled)
[    0.000000] ACPI: LAPIC (acpi_id[0x03] lapic_id[0x06] disabled)
[    0.000000] ACPI: LAPIC (acpi_id[0x04] lapic_id[0x08] disabled)
[    0.000000] ACPI: LAPIC (acpi_id[0x05] lapic_id[0x0a] disabled)
[    0.000000] ACPI: LAPIC (acpi_id[0x06] lapic_id[0x0c] disabled)
[    0.000000] ACPI: LAPIC (acpi_id[0x07] lapic_id[0x0e] disabled)
[    0.000000] ACPI: LAPIC (acpi_id[0x08] lapic_id[0x10] disabled)
[    0.000000] ACPI: LAPIC (acpi_id[0x09] lapic_id[0x12] disabled)
[    0.000000] ACPI: LAPIC (acpi_id[0x0a] lapic_id[0x14] disabled)
[    0.000000] ACPI: LAPIC (acpi_id[0x0b] lapic_id[0x16] disabled)
[    0.000000] ACPI: LAPIC (acpi_id[0x0c] lapic_id[0x18] disabled)
[    0.000000] ACPI: LAPIC (acpi_id[0x0d] lapic_id[0x1a] disabled)
[    0.000000] ACPI: LAPIC (acpi_id[0x0e] lapic_id[0x1c] disabled)
[    0.000000] ACPI: LAPIC (acpi_id[0x0f] lapic_id[0x1e] disabled)
[    0.000000] ACPI: LAPIC (acpi_id[0x10] lapic_id[0x20] disabled)
[    0.000000] ACPI: LAPIC (acpi_id[0x11] lapic_id[0x22] disabled)
[    0.000000] ACPI: LAPIC (acpi_id[0x12] lapic_id[0x24] disabled)
[    0.000000] ACPI: LAPIC (acpi_id[0x13] lapic_id[0x26] disabled)
[    0.000000] ACPI: LAPIC (acpi_id[0x14] lapic_id[0x28] disabled)
[    0.000000] ACPI: LAPIC (acpi_id[0x15] lapic_id[0x2a] disabled)
[    0.000000] ACPI: LAPIC (acpi_id[0x16] lapic_id[0x2c] disabled)
[    0.000000] ACPI: LAPIC (acpi_id[0x17] lapic_id[0x2e] disabled)
[    0.000000] ACPI: LAPIC (acpi_id[0x18] lapic_id[0x30] disabled)
[    0.000000] ACPI: LAPIC (acpi_id[0x19] lapic_id[0x32] disabled)
[    0.000000] ACPI: LAPIC (acpi_id[0x1a] lapic_id[0x34] disabled)
[    0.000000] ACPI: LAPIC (acpi_id[0x1b] lapic_id[0x36] disabled)
[    0.000000] ACPI: LAPIC (acpi_id[0x1c] lapic_id[0x38] disabled)
[    0.000000] ACPI: LAPIC (acpi_id[0x1d] lapic_id[0x3a] disabled)
[    0.000000] ACPI: LAPIC (acpi_id[0x1e] lapic_id[0x3c] disabled)
[    0.000000] ACPI: LAPIC (acpi_id[0x1f] lapic_id[0x3e] disabled)
[    0.000000] ACPI: LAPIC (acpi_id[0x20] lapic_id[0x40] disabled)
[    0.000000] ACPI: LAPIC (acpi_id[0x21] lapic_id[0x42] disabled)
[    0.000000] ACPI: LAPIC (acpi_id[0x22] lapic_id[0x44] disabled)
[    0.000000] ACPI: LAPIC (acpi_id[0x23] lapic_id[0x46] disabled)
[    0.000000] ACPI: LAPIC (acpi_id[0x24] lapic_id[0x48] disabled)
[    0.000000] ACPI: LAPIC (acpi_id[0x25] lapic_id[0x4a] disabled)
[    0.000000] ACPI: LAPIC (acpi_id[0x26] lapic_id[0x4c] disabled)
[    0.000000] ACPI: LAPIC (acpi_id[0x27] lapic_id[0x4e] disabled)
[    0.000000] ACPI: LAPIC (acpi_id[0x28] lapic_id[0x50] disabled)
[    0.000000] ACPI: LAPIC (acpi_id[0x29] lapic_id[0x52] disabled)
[    0.000000] ACPI: LAPIC (acpi_id[0x2a] lapic_id[0x54] disabled)
[    0.000000] ACPI: LAPIC (acpi_id[0x2b] lapic_id[0x56] disabled)
[    0.000000] ACPI: LAPIC (acpi_id[0x2c] lapic_id[0x58] disabled)
[    0.000000] ACPI: LAPIC (acpi_id[0x2d] lapic_id[0x5a] disabled)
[    0.000000] ACPI: LAPIC (acpi_id[0x2e] lapic_id[0x5c] disabled)
[    0.000000] ACPI: LAPIC (acpi_id[0x2f] lapic_id[0x5e] disabled)
[    0.000000] ACPI: LAPIC (acpi_id[0x30] lapic_id[0x60] disabled)
[    0.000000] ACPI: LAPIC (acpi_id[0x31] lapic_id[0x62] disabled)
[    0.000000] ACPI: LAPIC (acpi_id[0x32] lapic_id[0x64] disabled)
[    0.000000] ACPI: LAPIC (acpi_id[0x33] lapic_id[0x66] disabled)
[    0.000000] ACPI: LAPIC (acpi_id[0x34] lapic_id[0x68] disabled)
[    0.000000] ACPI: LAPIC (acpi_id[0x35] lapic_id[0x6a] disabled)
[    0.000000] ACPI: LAPIC (acpi_id[0x36] lapic_id[0x6c] disabled)
[    0.000000] ACPI: LAPIC (acpi_id[0x37] lapic_id[0x6e] disabled)
[    0.000000] ACPI: LAPIC (acpi_id[0x38] lapic_id[0x70] disabled)
[    0.000000] ACPI: LAPIC (acpi_id[0x39] lapic_id[0x72] disabled)
[    0.000000] ACPI: LAPIC (acpi_id[0x3a] lapic_id[0x74] disabled)
[    0.000000] ACPI: LAPIC (acpi_id[0x3b] lapic_id[0x76] disabled)
[    0.000000] ACPI: LAPIC (acpi_id[0x3c] lapic_id[0x78] disabled)
[    0.000000] ACPI: LAPIC (acpi_id[0x3d] lapic_id[0x7a] disabled)
[    0.000000] ACPI: LAPIC (acpi_id[0x3e] lapic_id[0x7c] disabled)
[    0.000000] ACPI: LAPIC (acpi_id[0x3f] lapic_id[0x7e] disabled)
[    0.000000] ACPI: LAPIC_NMI (acpi_id[0x00] high edge lint[0x1])
[    0.000000] ACPI: LAPIC_NMI (acpi_id[0x01] high edge lint[0x1])
[    0.000000] ACPI: LAPIC_NMI (acpi_id[0x02] high edge lint[0x1])
[    0.000000] ACPI: LAPIC_NMI (acpi_id[0x03] high edge lint[0x1])
[    0.000000] ACPI: LAPIC_NMI (acpi_id[0x04] high edge lint[0x1])
[    0.000000] ACPI: LAPIC_NMI (acpi_id[0x05] high edge lint[0x1])
[    0.000000] ACPI: LAPIC_NMI (acpi_id[0x06] high edge lint[0x1])
[    0.000000] ACPI: LAPIC_NMI (acpi_id[0x07] high edge lint[0x1])
[    0.000000] ACPI: LAPIC_NMI (acpi_id[0x08] high edge lint[0x1])
[    0.000000] ACPI: LAPIC_NMI (acpi_id[0x09] high edge lint[0x1])
[    0.000000] ACPI: LAPIC_NMI (acpi_id[0x0a] high edge lint[0x1])
[    0.000000] ACPI: LAPIC_NMI (acpi_id[0x0b] high edge lint[0x1])
[    0.000000] ACPI: LAPIC_NMI (acpi_id[0x0c] high edge lint[0x1])
[    0.000000] ACPI: LAPIC_NMI (acpi_id[0x0d] high edge lint[0x1])
[    0.000000] ACPI: LAPIC_NMI (acpi_id[0x0e] high edge lint[0x1])
[    0.000000] ACPI: LAPIC_NMI (acpi_id[0x0f] high edge lint[0x1])
[    0.000000] ACPI: LAPIC_NMI (acpi_id[0x10] high edge lint[0x1])
[    0.000000] ACPI: LAPIC_NMI (acpi_id[0x11] high edge lint[0x1])
[    0.000000] ACPI: LAPIC_NMI (acpi_id[0x12] high edge lint[0x1])
[    0.000000] ACPI: LAPIC_NMI (acpi_id[0x13] high edge lint[0x1])
[    0.000000] ACPI: LAPIC_NMI (acpi_id[0x14] high edge lint[0x1])
[    0.000000] ACPI: LAPIC_NMI (acpi_id[0x15] high edge lint[0x1])
[    0.000000] ACPI: LAPIC_NMI (acpi_id[0x16] high edge lint[0x1])
[    0.000000] ACPI: LAPIC_NMI (acpi_id[0x17] high edge lint[0x1])
[    0.000000] ACPI: LAPIC_NMI (acpi_id[0x18] high edge lint[0x1])
[    0.000000] ACPI: LAPIC_NMI (acpi_id[0x19] high edge lint[0x1])
[    0.000000] ACPI: LAPIC_NMI (acpi_id[0x1a] high edge lint[0x1])
[    0.000000] ACPI: LAPIC_NMI (acpi_id[0x1b] high edge lint[0x1])
[    0.000000] ACPI: LAPIC_NMI (acpi_id[0x1c] high edge lint[0x1])
[    0.000000] ACPI: LAPIC_NMI (acpi_id[0x1d] high edge lint[0x1])
[    0.000000] ACPI: LAPIC_NMI (acpi_id[0x1e] high edge lint[0x1])
[    0.000000] ACPI: LAPIC_NMI (acpi_id[0x1f] high edge lint[0x1])
[    0.000000] ACPI: LAPIC_NMI (acpi_id[0x20] high edge lint[0x1])
[    0.000000] ACPI: LAPIC_NMI (acpi_id[0x21] high edge lint[0x1])
[    0.000000] ACPI: LAPIC_NMI (acpi_id[0x22] high edge lint[0x1])
[    0.000000] ACPI: LAPIC_NMI (acpi_id[0x23] high edge lint[0x1])
[    0.000000] ACPI: LAPIC_NMI (acpi_id[0x24] high edge lint[0x1])
[    0.000000] ACPI: LAPIC_NMI (acpi_id[0x25] high edge lint[0x1])
[    0.000000] ACPI: LAPIC_NMI (acpi_id[0x26] high edge lint[0x1])
[    0.000000] ACPI: LAPIC_NMI (acpi_id[0x27] high edge lint[0x1])
[    0.000000] ACPI: LAPIC_NMI (acpi_id[0x28] high edge lint[0x1])
[    0.000000] ACPI: LAPIC_NMI (acpi_id[0x29] high edge lint[0x1])
[    0.000000] ACPI: LAPIC_NMI (acpi_id[0x2a] high edge lint[0x1])
[    0.000000] ACPI: LAPIC_NMI (acpi_id[0x2b] high edge lint[0x1])
[    0.000000] ACPI: LAPIC_NMI (acpi_id[0x2c] high edge lint[0x1])
[    0.000000] ACPI: LAPIC_NMI (acpi_id[0x2d] high edge lint[0x1])
[    0.000000] ACPI: LAPIC_NMI (acpi_id[0x2e] high edge lint[0x1])
[    0.000000] ACPI: LAPIC_NMI (acpi_id[0x2f] high edge lint[0x1])
[    0.000000] ACPI: LAPIC_NMI (acpi_id[0x30] high edge lint[0x1])
[    0.000000] ACPI: LAPIC_NMI (acpi_id[0x31] high edge lint[0x1])
[    0.000000] ACPI: LAPIC_NMI (acpi_id[0x32] high edge lint[0x1])
[    0.000000] ACPI: LAPIC_NMI (acpi_id[0x33] high edge lint[0x1])
[    0.000000] ACPI: LAPIC_NMI (acpi_id[0x34] high edge lint[0x1])
[    0.000000] ACPI: LAPIC_NMI (acpi_id[0x35] high edge lint[0x1])
[    0.000000] ACPI: LAPIC_NMI (acpi_id[0x36] high edge lint[0x1])
[    0.000000] ACPI: LAPIC_NMI (acpi_id[0x37] high edge lint[0x1])
[    0.000000] ACPI: LAPIC_NMI (acpi_id[0x38] high edge lint[0x1])
[    0.000000] ACPI: LAPIC_NMI (acpi_id[0x39] high edge lint[0x1])
[    0.000000] ACPI: LAPIC_NMI (acpi_id[0x3a] high edge lint[0x1])
[    0.000000] ACPI: LAPIC_NMI (acpi_id[0x3b] high edge lint[0x1])
[    0.000000] ACPI: LAPIC_NMI (acpi_id[0x3c] high edge lint[0x1])
[    0.000000] ACPI: LAPIC_NMI (acpi_id[0x3d] high edge lint[0x1])
[    0.000000] ACPI: LAPIC_NMI (acpi_id[0x3e] high edge lint[0x1])
[    0.000000] ACPI: LAPIC_NMI (acpi_id[0x3f] high edge lint[0x1])
[    0.000000] ACPI: Skipping IOAPIC probe due to 'noapic' option.
[    0.000000] Using ACPI for processor (LAPIC) configuration information
[    0.000000] ACPI: HPET id: 0x8086af01 base: 0xfed00000
[    0.000000] Intel MultiProcessor Specification v1.4
[    0.000000]     Virtual Wire compatibility mode.
[    0.000000] MPTABLE: OEM ID: INTEL   
[    0.000000] MPTABLE: Product ID: 440BX       
[    0.000000] MPTABLE: APIC at: 0xFEE00000
[    0.000000] IOAPIC[0]: apic_id 1, version 17, address 0xfec00000, GSI 0-23
[    0.000000] Processors: 1
[    0.000000] SMP: Allowing 1 CPUs, 0 hotplug CPUs
[    0.000000] nr_irqs_gsi: 40
[    0.000000] PM: Registered nosave memory: 000000000009f000 - 00000000000a0000
[    0.000000] PM: Registered nosave memory: 00000000000a0000 - 00000000000ca000
[    0.000000] PM: Registered nosave memory: 00000000000ca000 - 00000000000cc000
[    0.000000] PM: Registered nosave memory: 00000000000cc000 - 00000000000dc000
[    0.000000] PM: Registered nosave memory: 00000000000dc000 - 0000000000100000
[    0.000000] Allocating PCI resources starting at 40000000 (gap: 40000000:a0000000)
[    0.000000] Booting paravirtualized kernel on bare hardware
[    0.000000] setup_percpu: NR_CPUS:8 nr_cpumask_bits:8 nr_cpu_ids:1 nr_node_ids:1
[    0.000000] PERCPU: Embedded 14 pages/cpu @f73e8000 s34240 r0 d23104 u57344
[    0.000000] pcpu-alloc: s34240 r0 d23104 u57344 alloc=14*4096
[    0.000000] pcpu-alloc: [0] 0 
[    0.000000] Built 1 zonelists in Zone order, mobility grouping on.  Total pages: 259950
[    0.000000] Kernel command line: BOOT_IMAGE=/boot/vmlinuz-3.2.0-29-generic-pae root=UUID=007b598c-390d-4c65-84a1-4ff752d48633 ro quiet splash maxcpus=0
[    0.000000] PID hash table entries: 4096 (order: 2, 16384 bytes)
[    0.000000] Dentry cache hash table entries: 131072 (order: 7, 524288 bytes)
[    0.000000] Inode-cache hash table entries: 65536 (order: 6, 262144 bytes)
[    0.000000] Initializing CPU#0
[    0.000000] xsave/xrstor: enabled xstate_bv 0x7, cntxt size 0x340
[    0.000000] allocated 4194048 bytes of page_cgroup
[    0.000000] please try 'cgroup_disable=memory' option if you don't want memory cgroups
[    0.000000] Initializing HighMem for node 0 (00037bfe:00040000)
[    0.000000] Memory: 1010624k/1048576k available (5814k kernel code, 37372k reserved, 2841k data, 740k init, 135048k highmem)
[    0.000000] virtual kernel memory layout:
[    0.000000]     fixmap  : 0xfff16000 - 0xfffff000   ( 932 kB)
[    0.000000]     pkmap   : 0xffc00000 - 0xffe00000   (2048 kB)
[    0.000000]     vmalloc : 0xf83fe000 - 0xffbfe000   ( 120 MB)
[    0.000000]     lowmem  : 0xc0000000 - 0xf7bfe000   ( 891 MB)
[    0.000000]       .init : 0xc1875000 - 0xc192e000   ( 740 kB)
[    0.000000]       .data : 0xc15adb64 - 0xc1874240   (2841 kB)
[    0.000000]       .text : 0xc1000000 - 0xc15adb64   (5814 kB)
[    0.000000] Checking if this processor honours the WP bit even in supervisor mode...Ok.
[    0.000000] SLUB: Genslabs=15, HWalign=64, Order=0-3, MinObjects=0, CPUs=1, Nodes=1
[    0.000000] Hierarchical RCU implementation.
[    0.000000] 	RCU dyntick-idle grace-period acceleration is enabled.
[    0.000000] NR_IRQS:2304 nr_irqs:256 16
[    0.000000] CPU 0 irqstacks, hard=f5c08000 soft=f5c0a000
[    0.000000] Extended CMOS year: 2000
[    0.000000] Console: colour VGA+ 80x25
[    0.000000] console [tty0] enabled
[    0.000000] hpet clockevent registered
[    0.000000] TSC freq read from hypervisor : 2394.620 MHz
[    0.000000] Detected 2394.620 MHz processor.
[    0.000001] Calibrating delay loop (skipped) preset value.. 4789.24 BogoMIPS (lpj=9578480)
[    0.000004] pid_max: default: 32768 minimum: 301
[    0.000018] Security Framework initialized
[    0.000032] AppArmor: AppArmor initialized
[    0.000034] Yama: becoming mindful.
[    0.000068] Mount-cache hash table entries: 512
[    0.000147] Initializing cgroup subsys cpuacct
[    0.000151] Initializing cgroup subsys memory
[    0.000155] Initializing cgroup subsys devices
[    0.000156] Initializing cgroup subsys freezer
[    0.000158] Initializing cgroup subsys blkio
[    0.000162] Initializing cgroup subsys perf_event
[    0.000206] Disabled fast string operations
[    0.000209] CPU: Physical Processor ID: 0
[    0.000218] ENERGY_PERF_BIAS: Set to 'normal', was 'performance'
[    0.000219] ENERGY_PERF_BIAS: View and update with x86_energy_perf_policy(8)
[    0.000872] mce: CPU supports 0 MCE banks
[    0.001599] SMP alternatives: switching to UP code
[    0.018658] Freeing SMP alternatives: 24k freed
[    0.018664] ACPI: Core revision 20110623
[    0.024531] ACPI: setting ELCR to 0200 (from 0e20)
[    0.025611] ftrace: allocating 26545 entries in 52 pages
[    0.045731] SMP mode deactivated.
[    0.045760] SMP disabled
[    0.045762] Performance Events: generic architected perfmon v1, core PMU driver.
[    0.045774] ... version:                1
[    0.045775] ... bit width:              48
[    0.045776] ... generic registers:      4
[    0.045788] ... value mask:             0000ffffffffffff
[    0.045789] ... max period:             000000007fffffff
[    0.045790] ... fixed-purpose events:   0
[    0.045791] ... event mask:             000000000000000f
[    0.045881] NMI watchdog enabled, takes one hw-pmu counter.
[    0.045900] Brought up 1 CPUs
[    0.045902] Total of 1 processors activated (4789.24 BogoMIPS).
[    0.046006] devtmpfs: initialized
[    0.046075] EVM: security.selinux
[    0.046076] EVM: security.SMACK64
[    0.046077] EVM: security.capability
[    0.046102] PM: Registering ACPI NVS region at 3feff000 (4096 bytes)
[    0.046822] print_constraints: dummy: 
[    0.046893] RTC time: 23:57:55, date: 05/26/13
[    0.046921] NET: Registered protocol family 16
[    0.046991] EISA bus registered
[    0.047001] ACPI: bus type pci registered
[    0.047107] PCI: MMCONFIG for domain 0000 [bus 00-ff] at [mem 0xe0000000-0xefffffff] (base 0xe0000000)
[    0.047110] PCI: MMCONFIG at [mem 0xe0000000-0xefffffff] reserved in E820
[    0.047111] PCI: Using MMCONFIG for extended config space
[    0.047112] PCI: Using configuration type 1 for base access
[    0.047773] bio: create slab <bio-0> at 0
[    0.047916] ACPI: Added _OSI(Module Device)
[    0.047918] ACPI: Added _OSI(Processor Device)
[    0.047919] ACPI: Added _OSI(3.0 _SCP Extensions)
[    0.047920] ACPI: Added _OSI(Processor Aggregator Device)
[    0.049760] ACPI: EC: Look up EC in DSDT
[    0.054045] [Firmware Bug]: ACPI: BIOS _OSI(Linux) query ignored
[    0.061520] ACPI: Interpreter enabled
[    0.061527] ACPI: (supports S0 S1 S4 S5)
[    0.061535] ACPI: Using PIC for interrupt routing
[    0.100897] ACPI: No dock devices found.
[    0.100900] HEST: Table not found.
[    0.100904] PCI: Using host bridge windows from ACPI; if necessary, use "pci=nocrs" and report a bug
[    0.101544] ACPI: PCI Root Bridge [PCI0] (domain 0000 [bus 00-ff])
[    0.102687] pci_root PNP0A03:00: host bridge window [mem 0x000a0000-0x000bffff]
[    0.102688] pci_root PNP0A03:00: host bridge window [mem 0x000cc000-0x000cffff]
[    0.102690] pci_root PNP0A03:00: host bridge window [mem 0x000d0000-0x000d3fff]
[    0.102691] pci_root PNP0A03:00: host bridge window [mem 0x000d4000-0x000d7fff]
[    0.102693] pci_root PNP0A03:00: host bridge window [mem 0x000d8000-0x000dbfff]
[    0.102704] pci_root PNP0A03:00: host bridge window [mem 0xc0000000-0xfebfffff]
[    0.102706] pci_root PNP0A03:00: host bridge window [io  0x0000-0x0cf7]
[    0.102707] pci_root PNP0A03:00: host bridge window [io  0x0d00-0xfeff]
[    0.102772] pci 0000:00:00.0: [8086:7190] type 0 class 0x000600
[    0.103208] pci 0000:00:01.0: [8086:7191] type 1 class 0x000604
[    0.103600] pci 0000:00:07.0: [8086:7110] type 0 class 0x000601
[    0.104271] pci 0000:00:07.1: [8086:7111] type 0 class 0x000101
[    0.105730] pci 0000:00:07.1: reg 20: [io  0x10c0-0x10cf]
[    0.106440] pci 0000:00:07.3: [8086:7113] type 0 class 0x000680
[    0.108189] pci 0000:00:07.3: quirk: [io  0x1000-0x103f] claimed by PIIX4 ACPI
[    0.108202] pci 0000:00:07.3: quirk: [io  0x1040-0x104f] claimed by PIIX4 SMB
[    0.108432] pci 0000:00:07.7: [15ad:0740] type 0 class 0x000880
[    0.108912] pci 0000:00:07.7: reg 10: [io  0x1080-0x10bf]
[    0.109460] pci 0000:00:07.7: reg 14: [mem 0xc8000000-0xc8001fff 64bit]
[    0.111494] pci 0000:00:0f.0: [15ad:0405] type 0 class 0x000300
[    0.113477] pci 0000:00:0f.0: reg 10: [io  0x10d0-0x10df]
[    0.115344] pci 0000:00:0f.0: reg 14: [mem 0xd0000000-0xd7ffffff pref]
[    0.117255] pci 0000:00:0f.0: reg 18: [mem 0xc8800000-0xc8ffffff]
[    0.124861] pci 0000:00:0f.0: reg 30: [mem 0x00000000-0x00007fff pref]
[    0.125158] pci 0000:00:10.0: [1000:0030] type 0 class 0x000100
[    0.125697] pci 0000:00:10.0: reg 10: [io  0x1400-0x14ff]
[    0.126381] pci 0000:00:10.0: reg 14: [mem 0xc8040000-0xc805ffff 64bit]
[    0.127088] pci 0000:00:10.0: reg 1c: [mem 0xc8020000-0xc803ffff 64bit]
[    0.128142] pci 0000:00:10.0: reg 30: [mem 0x00000000-0x00003fff pref]
[    0.128296] pci 0000:00:11.0: [15ad:0790] type 1 class 0x000604
[    0.129009] pci 0000:00:15.0: [15ad:07a0] type 1 class 0x000604
[    0.129744] pci 0000:00:15.0: PME# supported from D0 D3hot D3cold
[    0.129776] pci 0000:00:15.0: PME# disabled
[    0.130000] pci 0000:00:15.1: [15ad:07a0] type 1 class 0x000604
[    0.130736] pci 0000:00:15.1: PME# supported from D0 D3hot D3cold
[    0.130761] pci 0000:00:15.1: PME# disabled
[    0.130994] pci 0000:00:15.2: [15ad:07a0] type 1 class 0x000604
[    0.131732] pci 0000:00:15.2: PME# supported from D0 D3hot D3cold
[    0.131756] pci 0000:00:15.2: PME# disabled
[    0.132011] pci 0000:00:15.3: [15ad:07a0] type 1 class 0x000604
[    0.132771] pci 0000:00:15.3: PME# supported from D0 D3hot D3cold
[    0.132793] pci 0000:00:15.3: PME# disabled
[    0.133017] pci 0000:00:15.4: [15ad:07a0] type 1 class 0x000604
[    0.133768] pci 0000:00:15.4: PME# supported from D0 D3hot D3cold
[    0.133791] pci 0000:00:15.4: PME# disabled
[    0.134021] pci 0000:00:15.5: [15ad:07a0] type 1 class 0x000604
[    0.134767] pci 0000:00:15.5: PME# supported from D0 D3hot D3cold
[    0.134789] pci 0000:00:15.5: PME# disabled
[    0.135012] pci 0000:00:15.6: [15ad:07a0] type 1 class 0x000604
[    0.135756] pci 0000:00:15.6: PME# supported from D0 D3hot D3cold
[    0.135792] pci 0000:00:15.6: PME# disabled
[    0.136018] pci 0000:00:15.7: [15ad:07a0] type 1 class 0x000604
[    0.136761] pci 0000:00:15.7: PME# supported from D0 D3hot D3cold
[    0.136784] pci 0000:00:15.7: PME# disabled
[    0.137008] pci 0000:00:16.0: [15ad:07a0] type 1 class 0x000604
[    0.137798] pci 0000:00:16.0: PME# supported from D0 D3hot D3cold
[    0.137821] pci 0000:00:16.0: PME# disabled
[    0.138045] pci 0000:00:16.1: [15ad:07a0] type 1 class 0x000604
[    0.138790] pci 0000:00:16.1: PME# supported from D0 D3hot D3cold
[    0.138813] pci 0000:00:16.1: PME# disabled
[    0.139036] pci 0000:00:16.2: [15ad:07a0] type 1 class 0x000604
[    0.139786] pci 0000:00:16.2: PME# supported from D0 D3hot D3cold
[    0.139809] pci 0000:00:16.2: PME# disabled
[    0.140034] pci 0000:00:16.3: [15ad:07a0] type 1 class 0x000604
[    0.140771] pci 0000:00:16.3: PME# supported from D0 D3hot D3cold
[    0.140794] pci 0000:00:16.3: PME# disabled
[    0.141017] pci 0000:00:16.4: [15ad:07a0] type 1 class 0x000604
[    0.141750] pci 0000:00:16.4: PME# supported from D0 D3hot D3cold
[    0.141773] pci 0000:00:16.4: PME# disabled
[    0.142018] pci 0000:00:16.5: [15ad:07a0] type 1 class 0x000604
[    0.142883] pci 0000:00:16.5: PME# supported from D0 D3hot D3cold
[    0.142907] pci 0000:00:16.5: PME# disabled
[    0.143125] pci 0000:00:16.6: [15ad:07a0] type 1 class 0x000604
[    0.143843] pci 0000:00:16.6: PME# supported from D0 D3hot D3cold
[    0.143866] pci 0000:00:16.6: PME# disabled
[    0.144081] pci 0000:00:16.7: [15ad:07a0] type 1 class 0x000604
[    0.144774] pci 0000:00:16.7: PME# supported from D0 D3hot D3cold
[    0.144796] pci 0000:00:16.7: PME# disabled
[    0.145010] pci 0000:00:17.0: [15ad:07a0] type 1 class 0x000604
[    0.145699] pci 0000:00:17.0: PME# supported from D0 D3hot D3cold
[    0.145721] pci 0000:00:17.0: PME# disabled
[    0.145934] pci 0000:00:17.1: [15ad:07a0] type 1 class 0x000604
[    0.146620] pci 0000:00:17.1: PME# supported from D0 D3hot D3cold
[    0.146659] pci 0000:00:17.1: PME# disabled
[    0.146874] pci 0000:00:17.2: [15ad:07a0] type 1 class 0x000604
[    0.147561] pci 0000:00:17.2: PME# supported from D0 D3hot D3cold
[    0.147582] pci 0000:00:17.2: PME# disabled
[    0.147825] pci 0000:00:17.3: [15ad:07a0] type 1 class 0x000604
[    0.148512] pci 0000:00:17.3: PME# supported from D0 D3hot D3cold
[    0.148534] pci 0000:00:17.3: PME# disabled
[    0.148756] pci 0000:00:17.4: [15ad:07a0] type 1 class 0x000604
[    0.149442] pci 0000:00:17.4: PME# supported from D0 D3hot D3cold
[    0.149463] pci 0000:00:17.4: PME# disabled
[    0.149694] pci 0000:00:17.5: [15ad:07a0] type 1 class 0x000604
[    0.150377] pci 0000:00:17.5: PME# supported from D0 D3hot D3cold
[    0.150398] pci 0000:00:17.5: PME# disabled
[    0.150612] pci 0000:00:17.6: [15ad:07a0] type 1 class 0x000604
[    0.151350] pci 0000:00:17.6: PME# supported from D0 D3hot D3cold
[    0.151373] pci 0000:00:17.6: PME# disabled
[    0.151597] pci 0000:00:17.7: [15ad:07a0] type 1 class 0x000604
[    0.152358] pci 0000:00:17.7: PME# supported from D0 D3hot D3cold
[    0.152381] pci 0000:00:17.7: PME# disabled
[    0.152605] pci 0000:00:18.0: [15ad:07a0] type 1 class 0x000604
[    0.153357] pci 0000:00:18.0: PME# supported from D0 D3hot D3cold
[    0.153379] pci 0000:00:18.0: PME# disabled
[    0.153604] pci 0000:00:18.1: [15ad:07a0] type 1 class 0x000604
[    0.154347] pci 0000:00:18.1: PME# supported from D0 D3hot D3cold
[    0.154369] pci 0000:00:18.1: PME# disabled
[    0.154593] pci 0000:00:18.2: [15ad:07a0] type 1 class 0x000604
[    0.155337] pci 0000:00:18.2: PME# supported from D0 D3hot D3cold
[    0.155360] pci 0000:00:18.2: PME# disabled
[    0.155583] pci 0000:00:18.3: [15ad:07a0] type 1 class 0x000604
[    0.156334] pci 0000:00:18.3: PME# supported from D0 D3hot D3cold
[    0.156357] pci 0000:00:18.3: PME# disabled
[    0.156581] pci 0000:00:18.4: [15ad:07a0] type 1 class 0x000604
[    0.157323] pci 0000:00:18.4: PME# supported from D0 D3hot D3cold
[    0.157346] pci 0000:00:18.4: PME# disabled
[    0.157575] pci 0000:00:18.5: [15ad:07a0] type 1 class 0x000604
[    0.158321] pci 0000:00:18.5: PME# supported from D0 D3hot D3cold
[    0.158343] pci 0000:00:18.5: PME# disabled
[    0.158566] pci 0000:00:18.6: [15ad:07a0] type 1 class 0x000604
[    0.159342] pci 0000:00:18.6: PME# supported from D0 D3hot D3cold
[    0.159364] pci 0000:00:18.6: PME# disabled
[    0.159588] pci 0000:00:18.7: [15ad:07a0] type 1 class 0x000604
[    0.160346] pci 0000:00:18.7: PME# supported from D0 D3hot D3cold
[    0.160368] pci 0000:00:18.7: PME# disabled
[    0.160964] pci 0000:00:01.0: PCI bridge to [bus 01-01]
[    0.161260] pci 0000:02:00.0: [15ad:0774] type 0 class 0x000c03
[    0.162522] pci 0000:02:00.0: reg 20: [io  0x20c0-0x20df]
[    0.163148] pci 0000:02:01.0: [1022:2000] type 0 class 0x000200
[    0.163417] pci 0000:02:01.0: reg 10: [io  0x2000-0x207f]
[    0.164884] pci 0000:02:01.0: reg 30: [mem 0x00000000-0x0000ffff pref]
[    0.165008] pci 0000:02:02.0: [1274:1371] type 0 class 0x000401
[    0.165320] pci 0000:02:02.0: reg 10: [io  0x2080-0x20bf]
[    0.167151] pci 0000:02:03.0: [15ad:0770] type 0 class 0x000c03
[    0.167406] pci 0000:02:03.0: reg 10: [mem 0xc9000000-0xc9000fff]
[    0.169098] pci 0000:00:11.0: PCI bridge to [bus 02-02] (subtractive decode)
[    0.169121] pci 0000:00:11.0:   bridge window [io  0x2000-0x3fff]
[    0.169143] pci 0000:00:11.0:   bridge window [mem 0xc9000000-0xca3fffff]
[    0.169185] pci 0000:00:11.0:   bridge window [mem 0xd8400000-0xd89fffff 64bit pref]
[    0.169187] pci 0000:00:11.0:   bridge window [mem 0x000a0000-0x000bffff] (subtractive decode)
[    0.169189] pci 0000:00:11.0:   bridge window [mem 0x000cc000-0x000cffff] (subtractive decode)
[    0.169190] pci 0000:00:11.0:   bridge window [mem 0x000d0000-0x000d3fff] (subtractive decode)
[    0.169192] pci 0000:00:11.0:   bridge window [mem 0x000d4000-0x000d7fff] (subtractive decode)
[    0.169193] pci 0000:00:11.0:   bridge window [mem 0x000d8000-0x000dbfff] (subtractive decode)
[    0.169195] pci 0000:00:11.0:   bridge window [mem 0xc0000000-0xfebfffff] (subtractive decode)
[    0.169197] pci 0000:00:11.0:   bridge window [io  0x0000-0x0cf7] (subtractive decode)
[    0.169198] pci 0000:00:11.0:   bridge window [io  0x0d00-0xfeff] (subtractive decode)
[    0.169647] pci 0000:00:15.0: PCI bridge to [bus 03-03]
[    0.169677] pci 0000:00:15.0:   bridge window [io  0x4000-0x4fff]
[    0.169698] pci 0000:00:15.0:   bridge window [mem 0xca400000-0xca4fffff]
[    0.169739] pci 0000:00:15.0:   bridge window [mem 0xd8a00000-0xd8afffff 64bit pref]
[    0.170172] pci 0000:00:15.1: PCI bridge to [bus 04-04]
[    0.170193] pci 0000:00:15.1:   bridge window [io  0x8000-0x8fff]
[    0.170215] pci 0000:00:15.1:   bridge window [mem 0xca800000-0xca8fffff]
[    0.170255] pci 0000:00:15.1:   bridge window [mem 0xd8e00000-0xd8efffff 64bit pref]
[    0.170717] pci 0000:00:15.2: PCI bridge to [bus 05-05]
[    0.170738] pci 0000:00:15.2:   bridge window [io  0xc000-0xcfff]
[    0.170760] pci 0000:00:15.2:   bridge window [mem 0xcac00000-0xcacfffff]
[    0.170801] pci 0000:00:15.2:   bridge window [mem 0xd9200000-0xd92fffff 64bit pref]
[    0.171237] pci 0000:00:15.3: PCI bridge to [bus 06-06]
[    0.171278] pci 0000:00:15.3:   bridge window [mem 0xcb000000-0xcb0fffff]
[    0.171318] pci 0000:00:15.3:   bridge window [mem 0xd9600000-0xd96fffff 64bit pref]
[    0.171772] pci 0000:00:15.4: PCI bridge to [bus 07-07]
[    0.171813] pci 0000:00:15.4:   bridge window [mem 0xcb400000-0xcb4fffff]
[    0.171856] pci 0000:00:15.4:   bridge window [mem 0xd9a00000-0xd9afffff 64bit pref]
[    0.172288] pci 0000:00:15.5: PCI bridge to [bus 08-08]
[    0.172329] pci 0000:00:15.5:   bridge window [mem 0xcb800000-0xcb8fffff]
[    0.172369] pci 0000:00:15.5:   bridge window [mem 0xd9e00000-0xd9efffff 64bit pref]
[    0.172824] pci 0000:00:15.6: PCI bridge to [bus 09-09]
[    0.172865] pci 0000:00:15.6:   bridge window [mem 0xcbc00000-0xcbcfffff]
[    0.172905] pci 0000:00:15.6:   bridge window [mem 0xda200000-0xda2fffff 64bit pref]
[    0.173338] pci 0000:00:15.7: PCI bridge to [bus 0a-0a]
[    0.173379] pci 0000:00:15.7:   bridge window [mem 0xcc000000-0xcc0fffff]
[    0.173419] pci 0000:00:15.7:   bridge window [mem 0xda600000-0xda6fffff 64bit pref]
[    0.173877] pci 0000:00:16.0: PCI bridge to [bus 0b-0b]
[    0.173898] pci 0000:00:16.0:   bridge window [io  0x5000-0x5fff]
[    0.173920] pci 0000:00:16.0:   bridge window [mem 0xca500000-0xca5fffff]
[    0.173961] pci 0000:00:16.0:   bridge window [mem 0xd8b00000-0xd8bfffff 64bit pref]
[    0.174394] pci 0000:00:16.1: PCI bridge to [bus 0c-0c]
[    0.174415] pci 0000:00:16.1:   bridge window [io  0x9000-0x9fff]
[    0.174436] pci 0000:00:16.1:   bridge window [mem 0xca900000-0xca9fffff]
[    0.174477] pci 0000:00:16.1:   bridge window [mem 0xd8f00000-0xd8ffffff 64bit pref]
[    0.174939] pci 0000:00:16.2: PCI bridge to [bus 0d-0d]
[    0.174960] pci 0000:00:16.2:   bridge window [io  0xd000-0xdfff]
[    0.174981] pci 0000:00:16.2:   bridge window [mem 0xcad00000-0xcadfffff]
[    0.175022] pci 0000:00:16.2:   bridge window [mem 0xd9300000-0xd93fffff 64bit pref]
[    0.175458] pci 0000:00:16.3: PCI bridge to [bus 0e-0e]
[    0.175499] pci 0000:00:16.3:   bridge window [mem 0xcb100000-0xcb1fffff]
[    0.175540] pci 0000:00:16.3:   bridge window [mem 0xd9700000-0xd97fffff 64bit pref]
[    0.176013] pci 0000:00:16.4: PCI bridge to [bus 0f-0f]
[    0.176053] pci 0000:00:16.4:   bridge window [mem 0xcb500000-0xcb5fffff]
[    0.176094] pci 0000:00:16.4:   bridge window [mem 0xd9b00000-0xd9bfffff 64bit pref]
[    0.176527] pci 0000:00:16.5: PCI bridge to [bus 10-10]
[    0.176568] pci 0000:00:16.5:   bridge window [mem 0xcb900000-0xcb9fffff]
[    0.176676] pci 0000:00:16.5:   bridge window [mem 0xd9f00000-0xd9ffffff 64bit pref]
[    0.177105] pci 0000:00:16.6: PCI bridge to [bus 11-11]
[    0.177144] pci 0000:00:16.6:   bridge window [mem 0xcbd00000-0xcbdfffff]
[    0.177184] pci 0000:00:16.6:   bridge window [mem 0xda300000-0xda3fffff 64bit pref]
[    0.177627] pci 0000:00:16.7: PCI bridge to [bus 12-12]
[    0.177671] pci 0000:00:16.7:   bridge window [mem 0xcc100000-0xcc1fffff]
[    0.177715] pci 0000:00:16.7:   bridge window [mem 0xda700000-0xda7fffff 64bit pref]
[    0.178158] pci 0000:00:17.0: PCI bridge to [bus 13-13]
[    0.178180] pci 0000:00:17.0:   bridge window [io  0x6000-0x6fff]
[    0.178201] pci 0000:00:17.0:   bridge window [mem 0xca600000-0xca6fffff]
[    0.178241] pci 0000:00:17.0:   bridge window [mem 0xd8c00000-0xd8cfffff 64bit pref]
[    0.178702] pci 0000:00:17.1: PCI bridge to [bus 14-14]
[    0.178723] pci 0000:00:17.1:   bridge window [io  0xa000-0xafff]
[    0.178745] pci 0000:00:17.1:   bridge window [mem 0xcaa00000-0xcaafffff]
[    0.178785] pci 0000:00:17.1:   bridge window [mem 0xd9000000-0xd90fffff 64bit pref]
[    0.179217] pci 0000:00:17.2: PCI bridge to [bus 15-15]
[    0.179238] pci 0000:00:17.2:   bridge window [io  0xe000-0xefff]
[    0.179259] pci 0000:00:17.2:   bridge window [mem 0xcae00000-0xcaefffff]
[    0.179300] pci 0000:00:17.2:   bridge window [mem 0xd9400000-0xd94fffff 64bit pref]
[    0.179778] pci 0000:00:17.3: PCI bridge to [bus 16-16]
[    0.179828] pci 0000:00:17.3:   bridge window [mem 0xcb200000-0xcb2fffff]
[    0.179868] pci 0000:00:17.3:   bridge window [mem 0xd9800000-0xd98fffff 64bit pref]
[    0.180301] pci 0000:00:17.4: PCI bridge to [bus 17-17]
[    0.180341] pci 0000:00:17.4:   bridge window [mem 0xcb600000-0xcb6fffff]
[    0.180382] pci 0000:00:17.4:   bridge window [mem 0xd9c00000-0xd9cfffff 64bit pref]
[    0.180840] pci 0000:00:17.5: PCI bridge to [bus 18-18]
[    0.180881] pci 0000:00:17.5:   bridge window [mem 0xcba00000-0xcbafffff]
[    0.180921] pci 0000:00:17.5:   bridge window [mem 0xda000000-0xda0fffff 64bit pref]
[    0.181352] pci 0000:00:17.6: PCI bridge to [bus 19-19]
[    0.181392] pci 0000:00:17.6:   bridge window [mem 0xcbe00000-0xcbefffff]
[    0.181433] pci 0000:00:17.6:   bridge window [mem 0xda400000-0xda4fffff 64bit pref]
[    0.181884] pci 0000:00:17.7: PCI bridge to [bus 1a-1a]
[    0.181924] pci 0000:00:17.7:   bridge window [mem 0xcc200000-0xcc2fffff]
[    0.181964] pci 0000:00:17.7:   bridge window [mem 0xda800000-0xda8fffff 64bit pref]
[    0.182395] pci 0000:00:18.0: PCI bridge to [bus 1b-1b]
[    0.182416] pci 0000:00:18.0:   bridge window [io  0x7000-0x7fff]
[    0.182438] pci 0000:00:18.0:   bridge window [mem 0xca700000-0xca7fffff]
[    0.182479] pci 0000:00:18.0:   bridge window [mem 0xd8d00000-0xd8dfffff 64bit pref]
[    0.182938] pci 0000:00:18.1: PCI bridge to [bus 1c-1c]
[    0.182960] pci 0000:00:18.1:   bridge window [io  0xb000-0xbfff]
[    0.182981] pci 0000:00:18.1:   bridge window [mem 0xcab00000-0xcabfffff]
[    0.183022] pci 0000:00:18.1:   bridge window [mem 0xd9100000-0xd91fffff 64bit pref]
[    0.183454] pci 0000:00:18.2: PCI bridge to [bus 1d-1d]
[    0.183475] pci 0000:00:18.2:   bridge window [io  0xf000-0xffff]
[    0.183496] pci 0000:00:18.2:   bridge window [mem 0xcaf00000-0xcaffffff]
[    0.183538] pci 0000:00:18.2:   bridge window [mem 0xd9500000-0xd95fffff 64bit pref]
[    0.184007] pci 0000:00:18.3: PCI bridge to [bus 1e-1e]
[    0.184048] pci 0000:00:18.3:   bridge window [mem 0xcb300000-0xcb3fffff]
[    0.184089] pci 0000:00:18.3:   bridge window [mem 0xd9900000-0xd99fffff 64bit pref]
[    0.184521] pci 0000:00:18.4: PCI bridge to [bus 1f-1f]
[    0.184562] pci 0000:00:18.4:   bridge window [mem 0xcb700000-0xcb7fffff]
[    0.184614] pci 0000:00:18.4:   bridge window [mem 0xd9d00000-0xd9dfffff 64bit pref]
[    0.185055] pci 0000:00:18.5: PCI bridge to [bus 20-20]
[    0.185096] pci 0000:00:18.5:   bridge window [mem 0xcbb00000-0xcbbfffff]
[    0.185137] pci 0000:00:18.5:   bridge window [mem 0xda100000-0xda1fffff 64bit pref]
[    0.185567] pci 0000:00:18.6: PCI bridge to [bus 21-21]
[    0.185625] pci 0000:00:18.6:   bridge window [mem 0xcbf00000-0xcbffffff]
[    0.185675] pci 0000:00:18.6:   bridge window [mem 0xda500000-0xda5fffff 64bit pref]
[    0.186106] pci 0000:00:18.7: PCI bridge to [bus 22-22]
[    0.186147] pci 0000:00:18.7:   bridge window [mem 0xcc300000-0xcc3fffff]
[    0.186187] pci 0000:00:18.7:   bridge window [mem 0xda900000-0xda9fffff 64bit pref]
[    0.187851] pci_bus 0000:00: on NUMA node 0
[    0.187856] ACPI: PCI Interrupt Routing Table [\_SB_.PCI0._PRT]
[    0.188411]  pci0000:00: Requesting ACPI _OSC control (0x1d)
[    0.188619]  pci0000:00: ACPI _OSC control (0x15) granted
[    0.259732] ACPI: PCI Interrupt Link [LNKA] (IRQs 3 4 5 6 7 *9 10 11 14 15)
[    0.259800] ACPI: PCI Interrupt Link [LNKB] (IRQs 3 4 5 6 7 9 10 *11 14 15)
[    0.259862] ACPI: PCI Interrupt Link [LNKC] (IRQs 3 4 5 6 7 9 *10 11 14 15)
[    0.259923] ACPI: PCI Interrupt Link [LNKD] (IRQs 3 4 *5 6 7 9 10 11 14 15)
[    0.260049] vgaarb: device added: PCI:0000:00:0f.0,decodes=io+mem,owns=io+mem,locks=none
[    0.260058] vgaarb: loaded
[    0.260059] vgaarb: bridge control possible 0000:00:0f.0
[    0.260132] i2c-core: driver [aat2870] using legacy suspend method
[    0.260133] i2c-core: driver [aat2870] using legacy resume method
[    0.260190] SCSI subsystem initialized
[    0.260226] libata version 3.00 loaded.
[    0.260253] usbcore: registered new interface driver usbfs
[    0.260262] usbcore: registered new interface driver hub
[    0.260283] usbcore: registered new device driver usb
[    0.260341] PCI: Using ACPI for IRQ routing
[    0.333071] PCI: pci_cache_line_size set to 64 bytes
[    0.333099] pci 0000:00:18.2: no compatible bridge window for [io  0xf000-0xffff]
[    0.334456] reserve RAM buffer: 000000000009f000 - 000000000009ffff 
[    0.334460] reserve RAM buffer: 000000003fee0000 - 000000003fffffff 
[    0.334607] NetLabel: Initializing
[    0.334609] NetLabel:  domain hash size = 128
[    0.334610] NetLabel:  protocols = UNLABELED CIPSOv4
[    0.334621] NetLabel:  unlabeled traffic allowed by default
[    0.334712] hpet0: at MMIO 0xfed00000, IRQs 2, 8, 0, 0, 0, 0, 0, 0, 0, 0, 0, 0, 0, 0, 0, 0
[    0.334721] hpet0: 16 comparators, 64-bit 14.318180 MHz counter
[    0.337769] Switching to clocksource hpet
[    0.345570] AppArmor: AppArmor Filesystem Enabled
[    0.345591] pnp: PnP ACPI init
[    0.345608] ACPI: bus type pnp registered
[    0.346244] pnp 00:00: [bus 00-ff]
[    0.346247] pnp 00:00: [mem 0x000a0000-0x000bffff window]
[    0.346248] pnp 00:00: [mem 0x000c0000-0x000c3fff window]
[    0.346250] pnp 00:00: [mem 0x000c4000-0x000c7fff window]
[    0.346251] pnp 00:00: [mem 0x000c8000-0x000cbfff window]
[    0.346253] pnp 00:00: [mem 0x000cc000-0x000cffff window]
[    0.346254] pnp 00:00: [mem 0x000d0000-0x000d3fff window]
[    0.346256] pnp 00:00: [mem 0x000d4000-0x000d7fff window]
[    0.346257] pnp 00:00: [mem 0x000d8000-0x000dbfff window]
[    0.346259] pnp 00:00: [mem 0x000dc000-0x000dffff window]
[    0.346260] pnp 00:00: [mem 0x000e0000-0x000e3fff window]
[    0.346262] pnp 00:00: [mem 0x000e4000-0x000e7fff window]
[    0.346263] pnp 00:00: [mem 0x000e8000-0x000ebfff window]
[    0.346264] pnp 00:00: [mem 0x000ec000-0x000effff window]
[    0.346266] pnp 00:00: [mem 0xc0000000-0xfebfffff window]
[    0.346268] pnp 00:00: [io  0x0cf8-0x0cff]
[    0.346269] pnp 00:00: [io  0x0000-0x0cf7 window]
[    0.346270] pnp 00:00: [io  0x0d00-0xfeff window]
[    0.346310] pnp 00:00: Plug and Play ACPI device, IDs PNP0a03 PNP0a08 (active)
[    0.346423] pnp 00:01: [io  0x0010-0x001f]
[    0.346426] pnp 00:01: [io  0x0024-0x0025]
[    0.346428] pnp 00:01: [io  0x0028-0x0029]
[    0.346430] pnp 00:01: [io  0x002c-0x002d]
[    0.346432] pnp 00:01: [io  0x002e-0x002f]
[    0.346434] pnp 00:01: [io  0x0030-0x0031]
[    0.346436] pnp 00:01: [io  0x0034-0x0035]
[    0.346437] pnp 00:01: [io  0x0038-0x0039]
[    0.346440] pnp 00:01: [io  0x003c-0x003d]
[    0.346441] pnp 00:01: [io  0x0050-0x0053]
[    0.346443] pnp 00:01: [io  0x0072-0x0077]
[    0.346444] pnp 00:01: [io  0x0080]
[    0.346446] pnp 00:01: [io  0x0090-0x009f]
[    0.346448] pnp 00:01: [io  0x00a4-0x00a5]
[    0.346450] pnp 00:01: [io  0x00a8-0x00a9]
[    0.346451] pnp 00:01: [io  0x00ac-0x00ad]
[    0.346453] pnp 00:01: [io  0x00b0-0x00b5]
[    0.346455] pnp 00:01: [io  0x00b8-0x00b9]
[    0.346456] pnp 00:01: [io  0x00bc-0x00bd]
[    0.346458] pnp 00:01: [io  0x1000-0x103f]
[    0.346460] pnp 00:01: [io  0x1040-0x104f]
[    0.346461] pnp 00:01: [io  0x0cf0-0x0cf1]
[    0.346543] system 00:01: [io  0x1000-0x103f] has been reserved
[    0.346547] system 00:01: [io  0x1040-0x104f] has been reserved
[    0.346549] system 00:01: [io  0x0cf0-0x0cf1] has been reserved
[    0.346552] system 00:01: Plug and Play ACPI device, IDs PNP0c02 (active)
[    0.346561] pnp 00:02: [io  0x0000-0x000f]
[    0.346562] pnp 00:02: [io  0x0081-0x008f]
[    0.346563] pnp 00:02: [io  0x00c0-0x00df]
[    0.346565] pnp 00:02: [dma 4]
[    0.346582] pnp 00:02: Plug and Play ACPI device, IDs PNP0200 (active)
[    0.346588] pnp 00:03: [io  0x0020-0x0021]
[    0.346589] pnp 00:03: [io  0x00a0-0x00a1]
[    0.346590] pnp 00:03: [io  0x04d0-0x04d1]
[    0.346592] pnp 00:03: [irq 2 disabled]
[    0.346607] pnp 00:03: Plug and Play ACPI device, IDs PNP0001 (active)
[    0.346614] pnp 00:04: [io  0x0070-0x0071]
[    0.346616] pnp 00:04: [irq 8]
[    0.346629] pnp 00:04: Plug and Play ACPI device, IDs PNP0b00 (active)
[    0.346634] pnp 00:05: [io  0x0061]
[    0.346646] pnp 00:05: Plug and Play ACPI device, IDs PNP0800 (active)
[    0.346651] pnp 00:06: [io  0x0060]
[    0.346652] pnp 00:06: [io  0x0064]
[    0.346654] pnp 00:06: [irq 1]
[    0.346669] pnp 00:06: Plug and Play ACPI device, IDs PNP0303 (active)
[    0.346674] pnp 00:07: [irq 12]
[    0.346687] pnp 00:07: Plug and Play ACPI device, IDs PNP0f13 (active)
[    0.346855] pnp 00:08: [mem 0xfed00000-0xfed003ff]
[    0.346890] system 00:08: [mem 0xfed00000-0xfed003ff] has been reserved
[    0.346892] system 00:08: Plug and Play ACPI device, IDs PNP0103 PNP0c01 (active)
[    0.355837] pnp 00:09: [io  0x0378-0x037f]
[    0.355840] pnp 00:09: [irq 7]
[    0.357011] pnp 00:09: Plug and Play ACPI device, IDs PNP0400 (active)
[    0.360868] pnp 00:0a: [io  0x03f8-0x03ff]
[    0.360870] pnp 00:0a: [irq 4]
[    0.362015] pnp 00:0a: Plug and Play ACPI device, IDs PNP0501 (active)
[    0.365390] pnp 00:0b: [io  0x02f8-0x02ff]
[    0.365393] pnp 00:0b: [irq 3]
[    0.366532] pnp 00:0b: Plug and Play ACPI device, IDs PNP0501 (active)
[    0.371611] pnp 00:0c: [io  0x03f0-0x03f5]
[    0.371613] pnp 00:0c: [io  0x03f7]
[    0.371614] pnp 00:0c: [irq 6]
[    0.371616] pnp 00:0c: [dma 2]
[    0.372622] pnp 00:0c: Plug and Play ACPI device, IDs PNP0700 (active)
[    0.372812] pnp 00:0d: [mem 0xe0000000-0xefffffff]
[    0.372813] pnp 00:0d: [io  0x1060-0x107f]
[    0.372815] pnp 00:0d: [mem 0xc8200000-0xc83fffff]
[    0.372856] system 00:0d: [io  0x1060-0x107f] has been reserved
[    0.372858] system 00:0d: [mem 0xe0000000-0xefffffff] has been reserved
[    0.372860] system 00:0d: [mem 0xc8200000-0xc83fffff] has been reserved
[    0.372862] system 00:0d: Plug and Play ACPI device, IDs PNP0c02 (active)
[    0.377608] pnp: PnP ACPI: found 14 devices
[    0.377610] ACPI: ACPI bus type pnp unregistered
[    0.377614] PnPBIOS: Disabled by ACPI PNP
[    0.413309] PCI: max bus depth: 1 pci_try_num: 2
[    0.413719] pci 0000:00:0f.0: BAR 6: assigned [mem 0xc0000000-0xc0007fff pref]
[    0.413724] pci 0000:00:10.0: BAR 6: assigned [mem 0xc0008000-0xc000bfff pref]
[    0.413728] pci 0000:00:18.7: BAR 13: can't assign io (size 0x1000)
[    0.413732] pci 0000:00:18.6: BAR 13: can't assign io (size 0x1000)
[    0.413734] pci 0000:00:18.5: BAR 13: can't assign io (size 0x1000)
[    0.413737] pci 0000:00:18.4: BAR 13: can't assign io (size 0x1000)
[    0.413740] pci 0000:00:18.3: BAR 13: can't assign io (size 0x1000)
[    0.413743] pci 0000:00:18.2: BAR 13: can't assign io (size 0x1000)
[    0.413745] pci 0000:00:17.7: BAR 13: can't assign io (size 0x1000)
[    0.413748] pci 0000:00:17.6: BAR 13: can't assign io (size 0x1000)
[    0.413751] pci 0000:00:17.5: BAR 13: can't assign io (size 0x1000)
[    0.413754] pci 0000:00:17.4: BAR 13: can't assign io (size 0x1000)
[    0.413756] pci 0000:00:17.3: BAR 13: can't assign io (size 0x1000)
[    0.413759] pci 0000:00:16.7: BAR 13: can't assign io (size 0x1000)
[    0.413762] pci 0000:00:16.6: BAR 13: can't assign io (size 0x1000)
[    0.413765] pci 0000:00:16.5: BAR 13: can't assign io (size 0x1000)
[    0.413768] pci 0000:00:16.4: BAR 13: can't assign io (size 0x1000)
[    0.413770] pci 0000:00:16.3: BAR 13: can't assign io (size 0x1000)
[    0.413773] pci 0000:00:15.7: BAR 13: can't assign io (size 0x1000)
[    0.413776] pci 0000:00:15.6: BAR 13: can't assign io (size 0x1000)
[    0.413779] pci 0000:00:15.5: BAR 13: can't assign io (size 0x1000)
[    0.413781] pci 0000:00:15.4: BAR 13: can't assign io (size 0x1000)
[    0.413784] pci 0000:00:15.3: BAR 13: can't assign io (size 0x1000)
[    0.413786] pci 0000:00:01.0: PCI bridge to [bus 01-01]
[    0.413834] pci 0000:02:01.0: BAR 6: assigned [mem 0xd8400000-0xd840ffff pref]
[    0.413836] pci 0000:00:11.0: PCI bridge to [bus 02-02]
[    0.413861] pci 0000:00:11.0:   bridge window [io  0x2000-0x3fff]
[    0.413904] pci 0000:00:11.0:   bridge window [mem 0xc9000000-0xca3fffff]
[    0.413928] pci 0000:00:11.0:   bridge window [mem 0xd8400000-0xd89fffff 64bit pref]
[    0.413975] pci 0000:00:15.0: PCI bridge to [bus 03-03]
[    0.413988] pci 0000:00:15.0:   bridge window [io  0x4000-0x4fff]
[    0.414021] pci 0000:00:15.0:   bridge window [mem 0xca400000-0xca4fffff]
[    0.414042] pci 0000:00:15.0:   bridge window [mem 0xd8a00000-0xd8afffff 64bit pref]
[    0.414090] pci 0000:00:15.1: PCI bridge to [bus 04-04]
[    0.414103] pci 0000:00:15.1:   bridge window [io  0x8000-0x8fff]
[    0.414135] pci 0000:00:15.1:   bridge window [mem 0xca800000-0xca8fffff]
[    0.414157] pci 0000:00:15.1:   bridge window [mem 0xd8e00000-0xd8efffff 64bit pref]
[    0.414203] pci 0000:00:15.2: PCI bridge to [bus 05-05]
[    0.414216] pci 0000:00:15.2:   bridge window [io  0xc000-0xcfff]
[    0.414248] pci 0000:00:15.2:   bridge window [mem 0xcac00000-0xcacfffff]
[    0.414270] pci 0000:00:15.2:   bridge window [mem 0xd9200000-0xd92fffff 64bit pref]
[    0.414316] pci 0000:00:15.3: PCI bridge to [bus 06-06]
[    0.414348] pci 0000:00:15.3:   bridge window [mem 0xcb000000-0xcb0fffff]
[    0.414370] pci 0000:00:15.3:   bridge window [mem 0xd9600000-0xd96fffff 64bit pref]
[    0.414416] pci 0000:00:15.4: PCI bridge to [bus 07-07]
[    0.414447] pci 0000:00:15.4:   bridge window [mem 0xcb400000-0xcb4fffff]
[    0.414470] pci 0000:00:15.4:   bridge window [mem 0xd9a00000-0xd9afffff 64bit pref]
[    0.414515] pci 0000:00:15.5: PCI bridge to [bus 08-08]
[    0.414547] pci 0000:00:15.5:   bridge window [mem 0xcb800000-0xcb8fffff]
[    0.414570] pci 0000:00:15.5:   bridge window [mem 0xd9e00000-0xd9efffff 64bit pref]
[    0.414615] pci 0000:00:15.6: PCI bridge to [bus 09-09]
[    0.414646] pci 0000:00:15.6:   bridge window [mem 0xcbc00000-0xcbcfffff]
[    0.414669] pci 0000:00:15.6:   bridge window [mem 0xda200000-0xda2fffff 64bit pref]
[    0.414714] pci 0000:00:15.7: PCI bridge to [bus 0a-0a]
[    0.414746] pci 0000:00:15.7:   bridge window [mem 0xcc000000-0xcc0fffff]
[    0.414768] pci 0000:00:15.7:   bridge window [mem 0xda600000-0xda6fffff 64bit pref]
[    0.414814] pci 0000:00:16.0: PCI bridge to [bus 0b-0b]
[    0.414827] pci 0000:00:16.0:   bridge window [io  0x5000-0x5fff]
[    0.414866] pci 0000:00:16.0:   bridge window [mem 0xca500000-0xca5fffff]
[    0.414888] pci 0000:00:16.0:   bridge window [mem 0xd8b00000-0xd8bfffff 64bit pref]
[    0.414934] pci 0000:00:16.1: PCI bridge to [bus 0c-0c]
[    0.414947] pci 0000:00:16.1:   bridge window [io  0x9000-0x9fff]
[    0.414979] pci 0000:00:16.1:   bridge window [mem 0xca900000-0xca9fffff]
[    0.415001] pci 0000:00:16.1:   bridge window [mem 0xd8f00000-0xd8ffffff 64bit pref]
[    0.415047] pci 0000:00:16.2: PCI bridge to [bus 0d-0d]
[    0.415060] pci 0000:00:16.2:   bridge window [io  0xd000-0xdfff]
[    0.415091] pci 0000:00:16.2:   bridge window [mem 0xcad00000-0xcadfffff]
[    0.415114] pci 0000:00:16.2:   bridge window [mem 0xd9300000-0xd93fffff 64bit pref]
[    0.415159] pci 0000:00:16.3: PCI bridge to [bus 0e-0e]
[    0.415191] pci 0000:00:16.3:   bridge window [mem 0xcb100000-0xcb1fffff]
[    0.415213] pci 0000:00:16.3:   bridge window [mem 0xd9700000-0xd97fffff 64bit pref]
[    0.415259] pci 0000:00:16.4: PCI bridge to [bus 0f-0f]
[    0.415291] pci 0000:00:16.4:   bridge window [mem 0xcb500000-0xcb5fffff]
[    0.415313] pci 0000:00:16.4:   bridge window [mem 0xd9b00000-0xd9bfffff 64bit pref]
[    0.415358] pci 0000:00:16.5: PCI bridge to [bus 10-10]
[    0.415390] pci 0000:00:16.5:   bridge window [mem 0xcb900000-0xcb9fffff]
[    0.415413] pci 0000:00:16.5:   bridge window [mem 0xd9f00000-0xd9ffffff 64bit pref]
[    0.415458] pci 0000:00:16.6: PCI bridge to [bus 11-11]
[    0.415490] pci 0000:00:16.6:   bridge window [mem 0xcbd00000-0xcbdfffff]
[    0.415512] pci 0000:00:16.6:   bridge window [mem 0xda300000-0xda3fffff 64bit pref]
[    0.415557] pci 0000:00:16.7: PCI bridge to [bus 12-12]
[    0.415589] pci 0000:00:16.7:   bridge window [mem 0xcc100000-0xcc1fffff]
[    0.415611] pci 0000:00:16.7:   bridge window [mem 0xda700000-0xda7fffff 64bit pref]
[    0.415657] pci 0000:00:17.0: PCI bridge to [bus 13-13]
[    0.415670] pci 0000:00:17.0:   bridge window [io  0x6000-0x6fff]
[    0.415702] pci 0000:00:17.0:   bridge window [mem 0xca600000-0xca6fffff]
[    0.415724] pci 0000:00:17.0:   bridge window [mem 0xd8c00000-0xd8cfffff 64bit pref]
[    0.415769] pci 0000:00:17.1: PCI bridge to [bus 14-14]
[    0.415782] pci 0000:00:17.1:   bridge window [io  0xa000-0xafff]
[    0.415814] pci 0000:00:17.1:   bridge window [mem 0xcaa00000-0xcaafffff]
[    0.415859] pci 0000:00:17.1:   bridge window [mem 0xd9000000-0xd90fffff 64bit pref]
[    0.415907] pci 0000:00:17.2: PCI bridge to [bus 15-15]
[    0.415929] pci 0000:00:17.2:   bridge window [io  0xe000-0xefff]
[    0.415961] pci 0000:00:17.2:   bridge window [mem 0xcae00000-0xcaefffff]
[    0.415984] pci 0000:00:17.2:   bridge window [mem 0xd9400000-0xd94fffff 64bit pref]
[    0.416029] pci 0000:00:17.3: PCI bridge to [bus 16-16]
[    0.416061] pci 0000:00:17.3:   bridge window [mem 0xcb200000-0xcb2fffff]
[    0.416083] pci 0000:00:17.3:   bridge window [mem 0xd9800000-0xd98fffff 64bit pref]
[    0.416128] pci 0000:00:17.4: PCI bridge to [bus 17-17]
[    0.416160] pci 0000:00:17.4:   bridge window [mem 0xcb600000-0xcb6fffff]
[    0.416183] pci 0000:00:17.4:   bridge window [mem 0xd9c00000-0xd9cfffff 64bit pref]
[    0.416228] pci 0000:00:17.5: PCI bridge to [bus 18-18]
[    0.416260] pci 0000:00:17.5:   bridge window [mem 0xcba00000-0xcbafffff]
[    0.416282] pci 0000:00:17.5:   bridge window [mem 0xda000000-0xda0fffff 64bit pref]
[    0.416328] pci 0000:00:17.6: PCI bridge to [bus 19-19]
[    0.416359] pci 0000:00:17.6:   bridge window [mem 0xcbe00000-0xcbefffff]
[    0.416382] pci 0000:00:17.6:   bridge window [mem 0xda400000-0xda4fffff 64bit pref]
[    0.416427] pci 0000:00:17.7: PCI bridge to [bus 1a-1a]
[    0.416458] pci 0000:00:17.7:   bridge window [mem 0xcc200000-0xcc2fffff]
[    0.416481] pci 0000:00:17.7:   bridge window [mem 0xda800000-0xda8fffff 64bit pref]
[    0.416526] pci 0000:00:18.0: PCI bridge to [bus 1b-1b]
[    0.416539] pci 0000:00:18.0:   bridge window [io  0x7000-0x7fff]
[    0.416571] pci 0000:00:18.0:   bridge window [mem 0xca700000-0xca7fffff]
[    0.416593] pci 0000:00:18.0:   bridge window [mem 0xd8d00000-0xd8dfffff 64bit pref]
[    0.416639] pci 0000:00:18.1: PCI bridge to [bus 1c-1c]
[    0.416652] pci 0000:00:18.1:   bridge window [io  0xb000-0xbfff]
[    0.416684] pci 0000:00:18.1:   bridge window [mem 0xcab00000-0xcabfffff]
[    0.416706] pci 0000:00:18.1:   bridge window [mem 0xd9100000-0xd91fffff 64bit pref]
[    0.416751] pci 0000:00:18.2: PCI bridge to [bus 1d-1d]
[    0.416783] pci 0000:00:18.2:   bridge window [mem 0xcaf00000-0xcaffffff]
[    0.416806] pci 0000:00:18.2:   bridge window [mem 0xd9500000-0xd95fffff 64bit pref]
[    0.416853] pci 0000:00:18.3: PCI bridge to [bus 1e-1e]
[    0.416894] pci 0000:00:18.3:   bridge window [mem 0xcb300000-0xcb3fffff]
[    0.416916] pci 0000:00:18.3:   bridge window [mem 0xd9900000-0xd99fffff 64bit pref]
[    0.416962] pci 0000:00:18.4: PCI bridge to [bus 1f-1f]
[    0.416994] pci 0000:00:18.4:   bridge window [mem 0xcb700000-0xcb7fffff]
[    0.417016] pci 0000:00:18.4:   bridge window [mem 0xd9d00000-0xd9dfffff 64bit pref]
[    0.417061] pci 0000:00:18.5: PCI bridge to [bus 20-20]
[    0.417093] pci 0000:00:18.5:   bridge window [mem 0xcbb00000-0xcbbfffff]
[    0.417115] pci 0000:00:18.5:   bridge window [mem 0xda100000-0xda1fffff 64bit pref]
[    0.417161] pci 0000:00:18.6: PCI bridge to [bus 21-21]
[    0.417193] pci 0000:00:18.6:   bridge window [mem 0xcbf00000-0xcbffffff]
[    0.417215] pci 0000:00:18.6:   bridge window [mem 0xda500000-0xda5fffff 64bit pref]
[    0.417261] pci 0000:00:18.7: PCI bridge to [bus 22-22]
[    0.417292] pci 0000:00:18.7:   bridge window [mem 0xcc300000-0xcc3fffff]
[    0.417315] pci 0000:00:18.7:   bridge window [mem 0xda900000-0xda9fffff 64bit pref]
[    0.417362] pci 0000:00:01.0: setting latency timer to 64
[    0.417409] pci 0000:00:15.0: setting latency timer to 64
[    0.417456] pci 0000:00:15.1: setting latency timer to 64
[    0.417504] pci 0000:00:15.2: setting latency timer to 64
[    0.417551] pci 0000:00:15.3: setting latency timer to 64
[    0.417598] pci 0000:00:15.4: setting latency timer to 64
[    0.417665] pci 0000:00:15.5: setting latency timer to 64
[    0.417712] pci 0000:00:15.6: setting latency timer to 64
[    0.417760] pci 0000:00:15.7: setting latency timer to 64
[    0.417807] pci 0000:00:16.0: setting latency timer to 64
[    0.417854] pci 0000:00:16.1: setting latency timer to 64
[    0.417901] pci 0000:00:16.2: setting latency timer to 64
[    0.417949] pci 0000:00:16.3: setting latency timer to 64
[    0.417996] pci 0000:00:16.4: setting latency timer to 64
[    0.418043] pci 0000:00:16.5: setting latency timer to 64
[    0.418091] pci 0000:00:16.6: setting latency timer to 64
[    0.418138] pci 0000:00:16.7: setting latency timer to 64
[    0.418185] pci 0000:00:17.0: setting latency timer to 64
[    0.418232] pci 0000:00:17.1: setting latency timer to 64
[    0.418280] pci 0000:00:17.2: setting latency timer to 64
[    0.418327] pci 0000:00:17.3: setting latency timer to 64
[    0.418374] pci 0000:00:17.4: setting latency timer to 64
[    0.418422] pci 0000:00:17.5: setting latency timer to 64
[    0.418469] pci 0000:00:17.6: setting latency timer to 64
[    0.418516] pci 0000:00:17.7: setting latency timer to 64
[    0.418563] pci 0000:00:18.0: setting latency timer to 64
[    0.418611] pci 0000:00:18.1: setting latency timer to 64
[    0.418658] pci 0000:00:18.2: setting latency timer to 64
[    0.418705] pci 0000:00:18.3: setting latency timer to 64
[    0.418753] pci 0000:00:18.4: setting latency timer to 64
[    0.418800] pci 0000:00:18.5: setting latency timer to 64
[    0.418847] pci 0000:00:18.6: setting latency timer to 64
[    0.418894] pci 0000:00:18.7: setting latency timer to 64
[    0.418908] pci_bus 0000:00: resource 4 [mem 0x000a0000-0x000bffff]
[    0.418910] pci_bus 0000:00: resource 5 [mem 0x000cc000-0x000cffff]
[    0.418912] pci_bus 0000:00: resource 6 [mem 0x000d0000-0x000d3fff]
[    0.418914] pci_bus 0000:00: resource 7 [mem 0x000d4000-0x000d7fff]
[    0.418916] pci_bus 0000:00: resource 8 [mem 0x000d8000-0x000dbfff]
[    0.418918] pci_bus 0000:00: resource 9 [mem 0xc0000000-0xfebfffff]
[    0.418920] pci_bus 0000:00: resource 10 [io  0x0000-0x0cf7]
[    0.418922] pci_bus 0000:00: resource 11 [io  0x0d00-0xfeff]
[    0.418924] pci_bus 0000:02: resource 0 [io  0x2000-0x3fff]
[    0.418926] pci_bus 0000:02: resource 1 [mem 0xc9000000-0xca3fffff]
[    0.418928] pci_bus 0000:02: resource 2 [mem 0xd8400000-0xd89fffff 64bit pref]
[    0.418930] pci_bus 0000:02: resource 4 [mem 0x000a0000-0x000bffff]
[    0.418932] pci_bus 0000:02: resource 5 [mem 0x000cc000-0x000cffff]
[    0.418934] pci_bus 0000:02: resource 6 [mem 0x000d0000-0x000d3fff]
[    0.418936] pci_bus 0000:02: resource 7 [mem 0x000d4000-0x000d7fff]
[    0.418937] pci_bus 0000:02: resource 8 [mem 0x000d8000-0x000dbfff]
[    0.418939] pci_bus 0000:02: resource 9 [mem 0xc0000000-0xfebfffff]
[    0.418941] pci_bus 0000:02: resource 10 [io  0x0000-0x0cf7]
[    0.418943] pci_bus 0000:02: resource 11 [io  0x0d00-0xfeff]
[    0.418945] pci_bus 0000:03: resource 0 [io  0x4000-0x4fff]
[    0.418947] pci_bus 0000:03: resource 1 [mem 0xca400000-0xca4fffff]
[    0.418949] pci_bus 0000:03: resource 2 [mem 0xd8a00000-0xd8afffff 64bit pref]
[    0.418951] pci_bus 0000:04: resource 0 [io  0x8000-0x8fff]
[    0.418953] pci_bus 0000:04: resource 1 [mem 0xca800000-0xca8fffff]
[    0.418955] pci_bus 0000:04: resource 2 [mem 0xd8e00000-0xd8efffff 64bit pref]
[    0.418957] pci_bus 0000:05: resource 0 [io  0xc000-0xcfff]
[    0.418959] pci_bus 0000:05: resource 1 [mem 0xcac00000-0xcacfffff]
[    0.418961] pci_bus 0000:05: resource 2 [mem 0xd9200000-0xd92fffff 64bit pref]
[    0.418963] pci_bus 0000:06: resource 1 [mem 0xcb000000-0xcb0fffff]
[    0.418965] pci_bus 0000:06: resource 2 [mem 0xd9600000-0xd96fffff 64bit pref]
[    0.418967] pci_bus 0000:07: resource 1 [mem 0xcb400000-0xcb4fffff]
[    0.418969] pci_bus 0000:07: resource 2 [mem 0xd9a00000-0xd9afffff 64bit pref]
[    0.418971] pci_bus 0000:08: resource 1 [mem 0xcb800000-0xcb8fffff]
[    0.418973] pci_bus 0000:08: resource 2 [mem 0xd9e00000-0xd9efffff 64bit pref]
[    0.418975] pci_bus 0000:09: resource 1 [mem 0xcbc00000-0xcbcfffff]
[    0.418977] pci_bus 0000:09: resource 2 [mem 0xda200000-0xda2fffff 64bit pref]
[    0.418979] pci_bus 0000:0a: resource 1 [mem 0xcc000000-0xcc0fffff]
[    0.418981] pci_bus 0000:0a: resource 2 [mem 0xda600000-0xda6fffff 64bit pref]
[    0.418983] pci_bus 0000:0b: resource 0 [io  0x5000-0x5fff]
[    0.418985] pci_bus 0000:0b: resource 1 [mem 0xca500000-0xca5fffff]
[    0.418987] pci_bus 0000:0b: resource 2 [mem 0xd8b00000-0xd8bfffff 64bit pref]
[    0.418989] pci_bus 0000:0c: resource 0 [io  0x9000-0x9fff]
[    0.418991] pci_bus 0000:0c: resource 1 [mem 0xca900000-0xca9fffff]
[    0.418993] pci_bus 0000:0c: resource 2 [mem 0xd8f00000-0xd8ffffff 64bit pref]
[    0.418995] pci_bus 0000:0d: resource 0 [io  0xd000-0xdfff]
[    0.418997] pci_bus 0000:0d: resource 1 [mem 0xcad00000-0xcadfffff]
[    0.418999] pci_bus 0000:0d: resource 2 [mem 0xd9300000-0xd93fffff 64bit pref]
[    0.419001] pci_bus 0000:0e: resource 1 [mem 0xcb100000-0xcb1fffff]
[    0.419003] pci_bus 0000:0e: resource 2 [mem 0xd9700000-0xd97fffff 64bit pref]
[    0.419005] pci_bus 0000:0f: resource 1 [mem 0xcb500000-0xcb5fffff]
[    0.419007] pci_bus 0000:0f: resource 2 [mem 0xd9b00000-0xd9bfffff 64bit pref]
[    0.419009] pci_bus 0000:10: resource 1 [mem 0xcb900000-0xcb9fffff]
[    0.419011] pci_bus 0000:10: resource 2 [mem 0xd9f00000-0xd9ffffff 64bit pref]
[    0.419013] pci_bus 0000:11: resource 1 [mem 0xcbd00000-0xcbdfffff]
[    0.419015] pci_bus 0000:11: resource 2 [mem 0xda300000-0xda3fffff 64bit pref]
[    0.419017] pci_bus 0000:12: resource 1 [mem 0xcc100000-0xcc1fffff]
[    0.419019] pci_bus 0000:12: resource 2 [mem 0xda700000-0xda7fffff 64bit pref]
[    0.419021] pci_bus 0000:13: resource 0 [io  0x6000-0x6fff]
[    0.419023] pci_bus 0000:13: resource 1 [mem 0xca600000-0xca6fffff]
[    0.419025] pci_bus 0000:13: resource 2 [mem 0xd8c00000-0xd8cfffff 64bit pref]
[    0.419027] pci_bus 0000:14: resource 0 [io  0xa000-0xafff]
[    0.419029] pci_bus 0000:14: resource 1 [mem 0xcaa00000-0xcaafffff]
[    0.419031] pci_bus 0000:14: resource 2 [mem 0xd9000000-0xd90fffff 64bit pref]
[    0.419033] pci_bus 0000:15: resource 0 [io  0xe000-0xefff]
[    0.419035] pci_bus 0000:15: resource 1 [mem 0xcae00000-0xcaefffff]
[    0.419037] pci_bus 0000:15: resource 2 [mem 0xd9400000-0xd94fffff 64bit pref]
[    0.419039] pci_bus 0000:16: resource 1 [mem 0xcb200000-0xcb2fffff]
[    0.419041] pci_bus 0000:16: resource 2 [mem 0xd9800000-0xd98fffff 64bit pref]
[    0.419043] pci_bus 0000:17: resource 1 [mem 0xcb600000-0xcb6fffff]
[    0.419045] pci_bus 0000:17: resource 2 [mem 0xd9c00000-0xd9cfffff 64bit pref]
[    0.419047] pci_bus 0000:18: resource 1 [mem 0xcba00000-0xcbafffff]
[    0.419049] pci_bus 0000:18: resource 2 [mem 0xda000000-0xda0fffff 64bit pref]
[    0.419051] pci_bus 0000:19: resource 1 [mem 0xcbe00000-0xcbefffff]
[    0.419053] pci_bus 0000:19: resource 2 [mem 0xda400000-0xda4fffff 64bit pref]
[    0.419056] pci_bus 0000:1a: resource 1 [mem 0xcc200000-0xcc2fffff]
[    0.419057] pci_bus 0000:1a: resource 2 [mem 0xda800000-0xda8fffff 64bit pref]
[    0.419060] pci_bus 0000:1b: resource 0 [io  0x7000-0x7fff]
[    0.419061] pci_bus 0000:1b: resource 1 [mem 0xca700000-0xca7fffff]
[    0.419063] pci_bus 0000:1b: resource 2 [mem 0xd8d00000-0xd8dfffff 64bit pref]
[    0.419065] pci_bus 0000:1c: resource 0 [io  0xb000-0xbfff]
[    0.419067] pci_bus 0000:1c: resource 1 [mem 0xcab00000-0xcabfffff]
[    0.419069] pci_bus 0000:1c: resource 2 [mem 0xd9100000-0xd91fffff 64bit pref]
[    0.419071] pci_bus 0000:1d: resource 1 [mem 0xcaf00000-0xcaffffff]
[    0.419073] pci_bus 0000:1d: resource 2 [mem 0xd9500000-0xd95fffff 64bit pref]
[    0.419075] pci_bus 0000:1e: resource 1 [mem 0xcb300000-0xcb3fffff]
[    0.419077] pci_bus 0000:1e: resource 2 [mem 0xd9900000-0xd99fffff 64bit pref]
[    0.419079] pci_bus 0000:1f: resource 1 [mem 0xcb700000-0xcb7fffff]
[    0.419081] pci_bus 0000:1f: resource 2 [mem 0xd9d00000-0xd9dfffff 64bit pref]
[    0.419083] pci_bus 0000:20: resource 1 [mem 0xcbb00000-0xcbbfffff]
[    0.419085] pci_bus 0000:20: resource 2 [mem 0xda100000-0xda1fffff 64bit pref]
[    0.419087] pci_bus 0000:21: resource 1 [mem 0xcbf00000-0xcbffffff]
[    0.419089] pci_bus 0000:21: resource 2 [mem 0xda500000-0xda5fffff 64bit pref]
[    0.419091] pci_bus 0000:22: resource 1 [mem 0xcc300000-0xcc3fffff]
[    0.419093] pci_bus 0000:22: resource 2 [mem 0xda900000-0xda9fffff 64bit pref]
[    0.419127] NET: Registered protocol family 2
[    0.419163] IP route cache hash table entries: 32768 (order: 5, 131072 bytes)
[    0.419210] TCP established hash table entries: 131072 (order: 8, 1048576 bytes)
[    0.419258] TCP bind hash table entries: 65536 (order: 7, 524288 bytes)
[    0.419305] TCP: Hash tables configured (established 131072 bind 65536)
[    0.419307] TCP reno registered
[    0.419310] UDP hash table entries: 512 (order: 2, 16384 bytes)
[    0.419316] UDP-Lite hash table entries: 512 (order: 2, 16384 bytes)
[    0.419352] NET: Registered protocol family 1
[    0.419359] pci 0000:00:00.0: Limiting direct PCI/PCI transfers
[    0.419407] pci 0000:00:0f.0: Boot video device
[    0.419454] ACPI: PCI Interrupt Link [LNKC] enabled at IRQ 10
[    0.419457] PCI: setting IRQ 10 as level-triggered
[    0.419481] pci 0000:02:00.0: PCI INT A -> Link[LNKC] -> GSI 10 (level, low) -> IRQ 10
[    0.419581] pci 0000:02:00.0: PCI INT A disabled
[    0.419628] ACPI: PCI Interrupt Link [LNKB] enabled at IRQ 11
[    0.419631] PCI: setting IRQ 11 as level-triggered
[    0.419636] pci 0000:02:03.0: PCI INT A -> Link[LNKB] -> GSI 11 (level, low) -> IRQ 11
[    0.419683] pci 0000:02:03.0: PCI INT A disabled
[    0.419697] PCI: CLS 32 bytes, default 64
[    0.419753] Simple Boot Flag at 0x36 set to 0x1
[    0.419766] Switching to clocksource tsc
[    0.419971] audit: initializing netlink socket (disabled)
[    0.419977] type=2000 audit(1369612675.402:1): initialized
[    0.433754] Trying to unpack rootfs image as initramfs...
[    0.453803] highmem bounce pool size: 64 pages
[    0.453808] HugeTLB registered 2 MB page size, pre-allocated 0 pages
[    0.457802] VFS: Disk quotas dquot_6.5.2
[    0.457850] Dquot-cache hash table entries: 1024 (order 0, 4096 bytes)
[    0.457962] fuse init (API version 7.17)
[    0.458022] msgmni has been set to 1710
[    0.473686] Block layer SCSI generic (bsg) driver version 0.4 loaded (major 253)
[    0.473715] io scheduler noop registered
[    0.473717] io scheduler deadline registered
[    0.473723] io scheduler cfq registered (default)
[    0.473770] pcieport 0000:00:15.0: setting latency timer to 64
[    0.473817] pcieport 0000:00:15.0: irq 40 for MSI/MSI-X
[    0.473865] pcieport 0000:00:15.1: setting latency timer to 64
[    0.473912] pcieport 0000:00:15.1: irq 41 for MSI/MSI-X
[    0.473959] pcieport 0000:00:15.2: setting latency timer to 64
[    0.474007] pcieport 0000:00:15.2: irq 42 for MSI/MSI-X
[    0.474054] pcieport 0000:00:15.3: setting latency timer to 64
[    0.474101] pcieport 0000:00:15.3: irq 43 for MSI/MSI-X
[    0.474148] pcieport 0000:00:15.4: setting latency timer to 64
[    0.474196] pcieport 0000:00:15.4: irq 44 for MSI/MSI-X
[    0.474243] pcieport 0000:00:15.5: setting latency timer to 64
[    0.474290] pcieport 0000:00:15.5: irq 45 for MSI/MSI-X
[    0.474338] pcieport 0000:00:15.6: setting latency timer to 64
[    0.474385] pcieport 0000:00:15.6: irq 46 for MSI/MSI-X
[    0.474432] pcieport 0000:00:15.7: setting latency timer to 64
[    0.474479] pcieport 0000:00:15.7: irq 47 for MSI/MSI-X
[    0.474527] pcieport 0000:00:16.0: setting latency timer to 64
[    0.474574] pcieport 0000:00:16.0: irq 48 for MSI/MSI-X
[    0.474621] pcieport 0000:00:16.1: setting latency timer to 64
[    0.474669] pcieport 0000:00:16.1: irq 49 for MSI/MSI-X
[    0.474716] pcieport 0000:00:16.2: setting latency timer to 64
[    0.474763] pcieport 0000:00:16.2: irq 50 for MSI/MSI-X
[    0.474810] pcieport 0000:00:16.3: setting latency timer to 64
[    0.474858] pcieport 0000:00:16.3: irq 51 for MSI/MSI-X
[    0.474905] pcieport 0000:00:16.4: setting latency timer to 64
[    0.474952] pcieport 0000:00:16.4: irq 52 for MSI/MSI-X
[    0.474999] pcieport 0000:00:16.5: setting latency timer to 64
[    0.475047] pcieport 0000:00:16.5: irq 53 for MSI/MSI-X
[    0.475094] pcieport 0000:00:16.6: setting latency timer to 64
[    0.475141] pcieport 0000:00:16.6: irq 54 for MSI/MSI-X
[    0.475189] pcieport 0000:00:16.7: setting latency timer to 64
[    0.475236] pcieport 0000:00:16.7: irq 55 for MSI/MSI-X
[    0.475283] pcieport 0000:00:17.0: setting latency timer to 64
[    0.475330] pcieport 0000:00:17.0: irq 56 for MSI/MSI-X
[    0.475378] pcieport 0000:00:17.1: setting latency timer to 64
[    0.475425] pcieport 0000:00:17.1: irq 57 for MSI/MSI-X
[    0.475472] pcieport 0000:00:17.2: setting latency timer to 64
[    0.475520] pcieport 0000:00:17.2: irq 58 for MSI/MSI-X
[    0.475567] pcieport 0000:00:17.3: setting latency timer to 64
[    0.475614] pcieport 0000:00:17.3: irq 59 for MSI/MSI-X
[    0.475661] pcieport 0000:00:17.4: setting latency timer to 64
[    0.475709] pcieport 0000:00:17.4: irq 60 for MSI/MSI-X
[    0.475756] pcieport 0000:00:17.5: setting latency timer to 64
[    0.475803] pcieport 0000:00:17.5: irq 61 for MSI/MSI-X
[    0.475850] pcieport 0000:00:17.6: setting latency timer to 64
[    0.475898] pcieport 0000:00:17.6: irq 62 for MSI/MSI-X
[    0.475945] pcieport 0000:00:17.7: setting latency timer to 64
[    0.475992] pcieport 0000:00:17.7: irq 63 for MSI/MSI-X
[    0.476040] pcieport 0000:00:18.0: setting latency timer to 64
[    0.476087] pcieport 0000:00:18.0: irq 64 for MSI/MSI-X
[    0.476134] pcieport 0000:00:18.1: setting latency timer to 64
[    0.476181] pcieport 0000:00:18.1: irq 65 for MSI/MSI-X
[    0.476229] pcieport 0000:00:18.2: setting latency timer to 64
[    0.476276] pcieport 0000:00:18.2: irq 66 for MSI/MSI-X
[    0.476323] pcieport 0000:00:18.3: setting latency timer to 64
[    0.476371] pcieport 0000:00:18.3: irq 67 for MSI/MSI-X
[    0.476418] pcieport 0000:00:18.4: setting latency timer to 64
[    0.476465] pcieport 0000:00:18.4: irq 68 for MSI/MSI-X
[    0.476512] pcieport 0000:00:18.5: setting latency timer to 64
[    0.476560] pcieport 0000:00:18.5: irq 69 for MSI/MSI-X
[    0.476607] pcieport 0000:00:18.6: setting latency timer to 64
[    0.476654] pcieport 0000:00:18.6: irq 70 for MSI/MSI-X
[    0.476702] pcieport 0000:00:18.7: setting latency timer to 64
[    0.476749] pcieport 0000:00:18.7: irq 71 for MSI/MSI-X
[    0.476796] pcieport 0000:00:15.0: Signaling PME through PCIe PME interrupt
[    0.476821] pcie_pme 0000:00:15.0:pcie01: service driver pcie_pme loaded
[    0.476868] pcieport 0000:00:15.1: Signaling PME through PCIe PME interrupt
[    0.476892] pcie_pme 0000:00:15.1:pcie01: service driver pcie_pme loaded
[    0.476940] pcieport 0000:00:15.2: Signaling PME through PCIe PME interrupt
[    0.476963] pcie_pme 0000:00:15.2:pcie01: service driver pcie_pme loaded
[    0.477010] pcieport 0000:00:15.3: Signaling PME through PCIe PME interrupt
[    0.477034] pcie_pme 0000:00:15.3:pcie01: service driver pcie_pme loaded
[    0.477081] pcieport 0000:00:15.4: Signaling PME through PCIe PME interrupt
[    0.477105] pcie_pme 0000:00:15.4:pcie01: service driver pcie_pme loaded
[    0.477153] pcieport 0000:00:15.5: Signaling PME through PCIe PME interrupt
[    0.477176] pcie_pme 0000:00:15.5:pcie01: service driver pcie_pme loaded
[    0.477224] pcieport 0000:00:15.6: Signaling PME through PCIe PME interrupt
[    0.477247] pcie_pme 0000:00:15.6:pcie01: service driver pcie_pme loaded
[    0.477295] pcieport 0000:00:15.7: Signaling PME through PCIe PME interrupt
[    0.477319] pcie_pme 0000:00:15.7:pcie01: service driver pcie_pme loaded
[    0.477366] pcieport 0000:00:16.0: Signaling PME through PCIe PME interrupt
[    0.477390] pcie_pme 0000:00:16.0:pcie01: service driver pcie_pme loaded
[    0.477437] pcieport 0000:00:16.1: Signaling PME through PCIe PME interrupt
[    0.477461] pcie_pme 0000:00:16.1:pcie01: service driver pcie_pme loaded
[    0.477629] pcieport 0000:00:16.2: Signaling PME through PCIe PME interrupt
[    0.477655] pcie_pme 0000:00:16.2:pcie01: service driver pcie_pme loaded
[    0.477702] pcieport 0000:00:16.3: Signaling PME through PCIe PME interrupt
[    0.477726] pcie_pme 0000:00:16.3:pcie01: service driver pcie_pme loaded
[    0.477773] pcieport 0000:00:16.4: Signaling PME through PCIe PME interrupt
[    0.477797] pcie_pme 0000:00:16.4:pcie01: service driver pcie_pme loaded
[    0.477844] pcieport 0000:00:16.5: Signaling PME through PCIe PME interrupt
[    0.477867] pcie_pme 0000:00:16.5:pcie01: service driver pcie_pme loaded
[    0.477915] pcieport 0000:00:16.6: Signaling PME through PCIe PME interrupt
[    0.477938] pcie_pme 0000:00:16.6:pcie01: service driver pcie_pme loaded
[    0.477986] pcieport 0000:00:16.7: Signaling PME through PCIe PME interrupt
[    0.478009] pcie_pme 0000:00:16.7:pcie01: service driver pcie_pme loaded
[    0.478057] pcieport 0000:00:17.0: Signaling PME through PCIe PME interrupt
[    0.478080] pcie_pme 0000:00:17.0:pcie01: service driver pcie_pme loaded
[    0.478128] pcieport 0000:00:17.1: Signaling PME through PCIe PME interrupt
[    0.478155] pcie_pme 0000:00:17.1:pcie01: service driver pcie_pme loaded
[    0.478202] pcieport 0000:00:17.2: Signaling PME through PCIe PME interrupt
[    0.478225] pcie_pme 0000:00:17.2:pcie01: service driver pcie_pme loaded
[    0.478273] pcieport 0000:00:17.3: Signaling PME through PCIe PME interrupt
[    0.478296] pcie_pme 0000:00:17.3:pcie01: service driver pcie_pme loaded
[    0.478343] pcieport 0000:00:17.4: Signaling PME through PCIe PME interrupt
[    0.478366] pcie_pme 0000:00:17.4:pcie01: service driver pcie_pme loaded
[    0.478413] pcieport 0000:00:17.5: Signaling PME through PCIe PME interrupt
[    0.478436] pcie_pme 0000:00:17.5:pcie01: service driver pcie_pme loaded
[    0.478483] pcieport 0000:00:17.6: Signaling PME through PCIe PME interrupt
[    0.478506] pcie_pme 0000:00:17.6:pcie01: service driver pcie_pme loaded
[    0.478553] pcieport 0000:00:17.7: Signaling PME through PCIe PME interrupt
[    0.478576] pcie_pme 0000:00:17.7:pcie01: service driver pcie_pme loaded
[    0.478624] pcieport 0000:00:18.0: Signaling PME through PCIe PME interrupt
[    0.478647] pcie_pme 0000:00:18.0:pcie01: service driver pcie_pme loaded
[    0.478694] pcieport 0000:00:18.1: Signaling PME through PCIe PME interrupt
[    0.478717] pcie_pme 0000:00:18.1:pcie01: service driver pcie_pme loaded
[    0.478764] pcieport 0000:00:18.2: Signaling PME through PCIe PME interrupt
[    0.478787] pcie_pme 0000:00:18.2:pcie01: service driver pcie_pme loaded
[    0.478834] pcieport 0000:00:18.3: Signaling PME through PCIe PME interrupt
[    0.478857] pcie_pme 0000:00:18.3:pcie01: service driver pcie_pme loaded
[    0.478904] pcieport 0000:00:18.4: Signaling PME through PCIe PME interrupt
[    0.478927] pcie_pme 0000:00:18.4:pcie01: service driver pcie_pme loaded
[    0.478974] pcieport 0000:00:18.5: Signaling PME through PCIe PME interrupt
[    0.478998] pcie_pme 0000:00:18.5:pcie01: service driver pcie_pme loaded
[    0.479045] pcieport 0000:00:18.6: Signaling PME through PCIe PME interrupt
[    0.479068] pcie_pme 0000:00:18.6:pcie01: service driver pcie_pme loaded
[    0.479115] pcieport 0000:00:18.7: Signaling PME through PCIe PME interrupt
[    0.479138] pcie_pme 0000:00:18.7:pcie01: service driver pcie_pme loaded
[    0.479160] pci_hotplug: PCI Hot Plug PCI Core version: 0.5
[    0.479207] pciehp 0000:00:15.0:pcie04: HPC vendor_id 15ad device_id 7a0 ss_vid 15ad ss_did 7a0
[    0.479254] pciehp 0000:00:15.0:pcie04: service driver pciehp loaded
[    0.479301] pciehp 0000:00:15.1:pcie04: HPC vendor_id 15ad device_id 7a0 ss_vid 15ad ss_did 7a0
[    0.479349] pciehp 0000:00:15.1:pcie04: service driver pciehp loaded
[    0.479396] pciehp 0000:00:15.2:pcie04: HPC vendor_id 15ad device_id 7a0 ss_vid 15ad ss_did 7a0
[    0.479443] pciehp 0000:00:15.2:pcie04: service driver pciehp loaded
[    0.479490] pciehp 0000:00:15.3:pcie04: HPC vendor_id 15ad device_id 7a0 ss_vid 15ad ss_did 7a0
[    0.479538] pciehp 0000:00:15.3:pcie04: service driver pciehp loaded
[    0.479585] pciehp 0000:00:15.4:pcie04: HPC vendor_id 15ad device_id 7a0 ss_vid 15ad ss_did 7a0
[    0.479632] pciehp 0000:00:15.4:pcie04: service driver pciehp loaded
[    0.479680] pciehp 0000:00:15.5:pcie04: HPC vendor_id 15ad device_id 7a0 ss_vid 15ad ss_did 7a0
[    0.479727] pciehp 0000:00:15.5:pcie04: service driver pciehp loaded
[    0.479774] pciehp 0000:00:15.6:pcie04: HPC vendor_id 15ad device_id 7a0 ss_vid 15ad ss_did 7a0
[    0.479821] pciehp 0000:00:15.6:pcie04: service driver pciehp loaded
[    0.479869] pciehp 0000:00:15.7:pcie04: HPC vendor_id 15ad device_id 7a0 ss_vid 15ad ss_did 7a0
[    0.479916] pciehp 0000:00:15.7:pcie04: service driver pciehp loaded
[    0.479963] pciehp 0000:00:16.0:pcie04: HPC vendor_id 15ad device_id 7a0 ss_vid 15ad ss_did 7a0
[    0.480011] pciehp 0000:00:16.0:pcie04: service driver pciehp loaded
[    0.480058] pciehp 0000:00:16.1:pcie04: HPC vendor_id 15ad device_id 7a0 ss_vid 15ad ss_did 7a0
[    0.480105] pciehp 0000:00:16.1:pcie04: service driver pciehp loaded
[    0.480152] pciehp 0000:00:16.2:pcie04: HPC vendor_id 15ad device_id 7a0 ss_vid 15ad ss_did 7a0
[    0.480200] pciehp 0000:00:16.2:pcie04: service driver pciehp loaded
[    0.480247] pciehp 0000:00:16.3:pcie04: HPC vendor_id 15ad device_id 7a0 ss_vid 15ad ss_did 7a0
[    0.480294] pciehp 0000:00:16.3:pcie04: service driver pciehp loaded
[    0.480342] pciehp 0000:00:16.4:pcie04: HPC vendor_id 15ad device_id 7a0 ss_vid 15ad ss_did 7a0
[    0.480389] pciehp 0000:00:16.4:pcie04: service driver pciehp loaded
[    0.480436] pciehp 0000:00:16.5:pcie04: HPC vendor_id 15ad device_id 7a0 ss_vid 15ad ss_did 7a0
[    0.480483] pciehp 0000:00:16.5:pcie04: service driver pciehp loaded
[    0.480531] pciehp 0000:00:16.6:pcie04: HPC vendor_id 15ad device_id 7a0 ss_vid 15ad ss_did 7a0
[    0.480578] pciehp 0000:00:16.6:pcie04: service driver pciehp loaded
[    0.480625] pciehp 0000:00:16.7:pcie04: HPC vendor_id 15ad device_id 7a0 ss_vid 15ad ss_did 7a0
[    0.480672] pciehp 0000:00:16.7:pcie04: service driver pciehp loaded
[    0.480720] pciehp 0000:00:17.0:pcie04: HPC vendor_id 15ad device_id 7a0 ss_vid 15ad ss_did 7a0
[    0.480767] pciehp 0000:00:17.0:pcie04: service driver pciehp loaded
[    0.480814] pciehp 0000:00:17.1:pcie04: HPC vendor_id 15ad device_id 7a0 ss_vid 15ad ss_did 7a0
[    0.480862] pciehp 0000:00:17.1:pcie04: service driver pciehp loaded
[    0.480909] pciehp 0000:00:17.2:pcie04: HPC vendor_id 15ad device_id 7a0 ss_vid 15ad ss_did 7a0
[    0.480956] pciehp 0000:00:17.2:pcie04: service driver pciehp loaded
[    0.481003] pciehp 0000:00:17.3:pcie04: HPC vendor_id 15ad device_id 7a0 ss_vid 15ad ss_did 7a0
[    0.481051] pciehp 0000:00:17.3:pcie04: service driver pciehp loaded
[    0.481098] pciehp 0000:00:17.4:pcie04: HPC vendor_id 15ad device_id 7a0 ss_vid 15ad ss_did 7a0
[    0.481145] pciehp 0000:00:17.4:pcie04: service driver pciehp loaded
[    0.481193] pciehp 0000:00:17.5:pcie04: HPC vendor_id 15ad device_id 7a0 ss_vid 15ad ss_did 7a0
[    0.481240] pciehp 0000:00:17.5:pcie04: service driver pciehp loaded
[    0.481287] pciehp 0000:00:17.6:pcie04: HPC vendor_id 15ad device_id 7a0 ss_vid 15ad ss_did 7a0
[    0.481334] pciehp 0000:00:17.6:pcie04: service driver pciehp loaded
[    0.481382] pciehp 0000:00:17.7:pcie04: HPC vendor_id 15ad device_id 7a0 ss_vid 15ad ss_did 7a0
[    0.481429] pciehp 0000:00:17.7:pcie04: service driver pciehp loaded
[    0.481476] pciehp 0000:00:18.0:pcie04: HPC vendor_id 15ad device_id 7a0 ss_vid 15ad ss_did 7a0
[    0.481524] pciehp 0000:00:18.0:pcie04: service driver pciehp loaded
[    0.485661] pciehp 0000:00:18.1:pcie04: HPC vendor_id 15ad device_id 7a0 ss_vid 15ad ss_did 7a0
[    0.485708] pciehp 0000:00:18.1:pcie04: service driver pciehp loaded
[    0.485755] pciehp 0000:00:18.2:pcie04: HPC vendor_id 15ad device_id 7a0 ss_vid 15ad ss_did 7a0
[    0.485803] pciehp 0000:00:18.2:pcie04: service driver pciehp loaded
[    0.485850] pciehp 0000:00:18.3:pcie04: HPC vendor_id 15ad device_id 7a0 ss_vid 15ad ss_did 7a0
[    0.485897] pciehp 0000:00:18.3:pcie04: service driver pciehp loaded
[    0.485944] pciehp 0000:00:18.4:pcie04: HPC vendor_id 15ad device_id 7a0 ss_vid 15ad ss_did 7a0
[    0.485992] pciehp 0000:00:18.4:pcie04: service driver pciehp loaded
[    0.486039] pciehp 0000:00:18.5:pcie04: HPC vendor_id 15ad device_id 7a0 ss_vid 15ad ss_did 7a0
[    0.486086] pciehp 0000:00:18.5:pcie04: service driver pciehp loaded
[    0.486134] pciehp 0000:00:18.6:pcie04: HPC vendor_id 15ad device_id 7a0 ss_vid 15ad ss_did 7a0
[    0.486181] pciehp 0000:00:18.6:pcie04: service driver pciehp loaded
[    0.486228] pciehp 0000:00:18.7:pcie04: HPC vendor_id 15ad device_id 7a0 ss_vid 15ad ss_did 7a0
[    0.486275] pciehp 0000:00:18.7:pcie04: service driver pciehp loaded
[    0.486283] pciehp: PCI Express Hot Plug Controller Driver version: 0.4
[    0.486330] ACPI: Deprecated procfs I/F for AC is loaded, please retry with CONFIG_ACPI_PROCFS_POWER cleared
[    0.486381] ACPI: AC Adapter [ACAD] (on-line)
[    0.486443] input: Power Button as /devices/LNXSYSTM:00/LNXPWRBN:00/input/input0
[    0.486447] ACPI: Power Button [PWRF]
[    0.509628] ERST: Table is not found!
[    0.509631] GHES: HEST is not enabled!
[    0.509726] Serial: 8250/16550 driver, 32 ports, IRQ sharing enabled
[    0.533452] serial8250: ttyS0 at I/O 0x3f8 (irq = 4) is a 16550A
[    0.537573] isapnp: Scanning for PnP cards...
[    0.669397] serial8250: ttyS1 at I/O 0x2f8 (irq = 3) is a 16550A
[    0.713327] 00:0a: ttyS0 at I/O 0x3f8 (irq = 4) is a 16550A
[    0.801221] 00:0b: ttyS1 at I/O 0x2f8 (irq = 3) is a 16550A
[    0.821283] Linux agpgart interface v0.103
[    0.821331] agpgart-intel 0000:00:00.0: Intel 440BX Chipset
[    0.821409] agpgart-intel 0000:00:00.0: AGP aperture is 256M @ 0x0
[    0.822073] brd: module loaded
[    0.825511] loop: module loaded
[    0.825558] ata_piix 0000:00:07.1: version 2.13
[    0.825633] scsi0 : ata_piix
[    0.825687] scsi1 : ata_piix
[    0.825715] ata1: PATA max UDMA/33 cmd 0x1f0 ctl 0x3f6 bmdma 0x10c0 irq 14
[    0.825717] ata2: PATA max UDMA/33 cmd 0x170 ctl 0x376 bmdma 0x10c8 irq 15
[    0.825768] Fixed MDIO Bus: probed
[    0.825781] tun: Universal TUN/TAP device driver, 1.6
[    0.825783] tun: (C) 1999-2004 Max Krasnyansky <maxk@qualcomm.com>
[    0.825832] PPP generic driver version 2.4.2
[    0.825896] ehci_hcd: USB 2.0 'Enhanced' Host Controller (EHCI) Driver
[    0.825925] ehci_hcd 0000:02:03.0: PCI INT A -> Link[LNKB] -> GSI 11 (level, low) -> IRQ 11
[    0.825968] ehci_hcd 0000:02:03.0: EHCI Host Controller
[    0.826003] ehci_hcd 0000:02:03.0: new USB bus registered, assigned bus number 1
[    0.826050] ehci_hcd 0000:02:03.0: cache line size of 32 is not supported
[    0.826058] ehci_hcd 0000:02:03.0: irq 11, io mem 0xc9000000
[    0.837146] ehci_hcd 0000:02:03.0: USB 2.0 started, EHCI 1.00
[    0.837261] hub 1-0:1.0: USB hub found
[    0.837265] hub 1-0:1.0: 6 ports detected
[    0.837312] ohci_hcd: USB 1.1 'Open' Host Controller (OHCI) Driver
[    0.837325] uhci_hcd: USB Universal Host Controller Interface driver
[    0.837362] uhci_hcd 0000:02:00.0: PCI INT A -> Link[LNKC] -> GSI 10 (level, low) -> IRQ 10
[    0.837401] uhci_hcd 0000:02:00.0: UHCI Host Controller
[    0.837439] uhci_hcd 0000:02:00.0: new USB bus registered, assigned bus number 2
[    0.837539] uhci_hcd 0000:02:00.0: irq 10, io base 0x000020c0
[    0.837646] hub 2-0:1.0: USB hub found
[    0.837649] hub 2-0:1.0: 2 ports detected
[    0.837696] usbcore: registered new interface driver libusual
[    0.837733] i8042: PNP: PS/2 Controller [PNP0303:KBC,PNP0f13:MOUS] at 0x60,0x64 irq 1,12
[    0.838053] serio: i8042 KBD port at 0x60,0x64 irq 1
[    0.838060] serio: i8042 AUX port at 0x60,0x64 irq 12
[    0.838142] mousedev: PS/2 mouse device common for all mice
[    0.838410] rtc_cmos 00:04: rtc core: registered rtc_cmos as rtc0
[    0.838464] rtc0: alarms up to one month, y3k, 114 bytes nvram, hpet irqs
[    0.838507] device-mapper: uevent: version 1.0.3
[    0.838553] device-mapper: ioctl: 4.22.0-ioctl (2011-10-19) initialised: dm-devel@redhat.com
[    0.838575] EISA: Probing bus 0 at eisa.0
[    0.838577] EISA: Cannot allocate resource for mainboard
[    0.838579] Cannot allocate resource for EISA slot 1
[    0.838581] Cannot allocate resource for EISA slot 2
[    0.838582] Cannot allocate resource for EISA slot 3
[    0.838583] Cannot allocate resource for EISA slot 4
[    0.838585] Cannot allocate resource for EISA slot 5
[    0.838586] Cannot allocate resource for EISA slot 6
[    0.838588] Cannot allocate resource for EISA slot 7
[    0.838589] Cannot allocate resource for EISA slot 8
[    0.838591] EISA: Detected 0 cards.
[    0.838598] cpufreq-nforce2: No nForce2 chipset.
[    0.838600] cpuidle: using governor ladder
[    0.838602] cpuidle: using governor menu
[    0.838603] EFI Variables Facility v0.08 2004-May-17
[    0.838650] TCP cubic registered
[    0.838698] NET: Registered protocol family 10
[    0.838745] NET: Registered protocol family 17
[    0.838749] Registering the dns_resolver key type
[    0.838761] Using IPI No-Shortcut mode
[    0.838903] PM: Hibernation image not present or could not be loaded.
[    0.838911] registered taskstats version 1
[    0.956942] Freeing initrd memory: 13836k freed
[    0.958505] input: AT Translated Set 2 keyboard as /devices/platform/i8042/serio0/input/input1
[    1.040871]   Magic number: 13:830:1010
[    1.060813] rtc_cmos 00:04: setting system clock to 2013-05-26 23:57:56 UTC (1369612676)
[    1.060887] ata2.00: ATAPI: VMware Virtual IDE CDROM Drive, 00000001, max UDMA/33
[    1.061164] ata2.00: configured for UDMA/33
[    1.148396] isapnp: No Plug & Play device found
[    1.148737] scsi 1:0:0:0: CD-ROM            NECVMWar VMware IDE CDR10 1.00 PQ: 0 ANSI: 5
[    1.148908] BIOS EDD facility v0.16 2004-Jun-25, 0 devices found
[    1.148911] EDD information not available.
[    1.149445] sr0: scsi3-mmc drive: 306x/306x cd/rw xa/form2 cdda tray
[    1.149448] cdrom: Uniform CD-ROM driver Revision: 3.20
[    1.149534] sr 1:0:0:0: Attached scsi CD-ROM sr0
[    1.149681] sr 1:0:0:0: Attached scsi generic sg0 type 5
[    1.149744] Freeing unused kernel memory: 740k freed
[    1.149828] Write protecting the kernel text: 5816k
[    1.149837] Write protecting the kernel read-only data: 2376k
[    1.149839] NX-protecting the kernel data: 4424k
[    1.160281] udevd[85]: starting version 175
[    1.176972] VMware vmxnet3 virtual NIC driver - version 1.1.29.0-k-NAPI
[    1.180026] VMware PVSCSI driver - version 1.0.1.0-k
[    1.184840] VMware vmxnet virtual NIC driver
[    1.184892] ACPI: PCI Interrupt Link [LNKD] enabled at IRQ 5
[    1.184895] PCI: setting IRQ 5 as level-triggered
[    1.184901] vmxnet 0000:02:01.0: PCI INT A -> Link[LNKD] -> GSI 5 (level, low) -> IRQ 5
[    1.184953] Found vmxnet/PCI at 0x2024, irq 5.
[    1.185006] features:
[    1.185017] numRxBuffers = 100, numRxBuffers2 = 1
[    1.185070] vmxnet 0000:02:01.0: eth0: set_features() failed (-1); wanted 0x00004000, left 0x00004800
[    1.200562] usb 2-1: new full-speed USB device number 2 using uhci_hcd
[    1.201781] Fusion MPT base driver 3.04.20
[    1.201783] Copyright (c) 1999-2008 LSI Corporation
[    1.201990] Fusion MPT SPI Host driver 3.04.20
[    1.202029] mptspi 0000:00:10.0: PCI INT A -> Link[LNKB] -> GSI 11 (level, low) -> IRQ 11
[    1.208479] mptbase: ioc0: Initiating bringup
[    1.226580] Floppy drive(s): fd0 is 1.44M
[    1.240773] FDC 0 is a post-1991 82077
[    1.280548] ioc0: LSI53C1030 B0: Capabilities={Initiator}
[    1.333608] input: VMware VMware Virtual USB Mouse as /devices/pci0000:00/0000:00:11.0/0000:02:00.0/usb2/2-1/2-1:1.0/input/input2
[    1.333767] generic-usb 0003:0E0F:0003.0001: input,hidraw0: USB HID v1.10 Mouse [VMware VMware Virtual USB Mouse] on usb-0000:02:00.0-1/input0
[    1.334250] input: VMware VMware Virtual USB Mouse as /devices/pci0000:00/0000:00:11.0/0000:02:00.0/usb2/2-1/2-1:1.1/input/input3
[    1.334403] generic-usb 0003:0E0F:0003.0002: input,hidraw1: USB HID v1.10 Mouse [VMware VMware Virtual USB Mouse] on usb-0000:02:00.0-1/input1
[    1.334413] usbcore: registered new interface driver usbhid
[    1.334414] usbhid: USB HID core driver
[    1.440303] scsi2 : ioc0: LSI53C1030 B0, FwRev=01032920h, Ports=1, MaxQ=128, IRQ=11
[    1.444227] usb 2-2: new full-speed USB device number 3 using uhci_hcd
[    1.552948] scsi 2:0:0:0: Direct-Access     VMware,  VMware Virtual S 1.0  PQ: 0 ANSI: 2
[    1.552958] scsi target2:0:0: Beginning Domain Validation
[    1.553530] scsi target2:0:0: Domain Validation skipping write tests
[    1.553533] scsi target2:0:0: Ending Domain Validation
[    1.553584] scsi target2:0:0: FAST-40 WIDE SCSI 80.0 MB/s ST (25 ns, offset 127)
[    1.555649] sd 2:0:0:0: [sda] 41943040 512-byte logical blocks: (21.4 GB/20.0 GiB)
[    1.555705] sd 2:0:0:0: [sda] Write Protect is off
[    1.555708] sd 2:0:0:0: [sda] Mode Sense: 61 00 00 00
[    1.555763] sd 2:0:0:0: [sda] Cache data unavailable
[    1.555765] sd 2:0:0:0: [sda] Assuming drive cache: write through
[    1.556041] sd 2:0:0:0: [sda] Cache data unavailable
[    1.556043] sd 2:0:0:0: [sda] Assuming drive cache: write through
[    1.556731] sd 2:0:0:0: Attached scsi generic sg1 type 0
[    1.557356]  sda: sda1 sda2 < sda5 >
[    1.557723] sd 2:0:0:0: [sda] Cache data unavailable
[    1.557726] sd 2:0:0:0: [sda] Assuming drive cache: write through
[    1.557729] sd 2:0:0:0: [sda] Attached SCSI disk
[    1.581608] hub 2-2:1.0: USB hub found
[    1.583750] hub 2-2:1.0: 7 ports detected
[    1.589080] EXT4-fs (sda1): INFO: recovery required on readonly filesystem
[    1.589084] EXT4-fs (sda1): write access will be enabled during recovery
[    1.743401] EXT4-fs (sda1): recovery complete
[    1.743857] EXT4-fs (sda1): mounted filesystem with ordered data mode. Opts: (null)
[    2.848423] ADDRCONF(NETDEV_UP): eth0: link is not ready
[    2.858015] udevd[329]: starting version 175
[    2.900731] lp: driver loaded but no devices found
[    2.947854] Adding 1046524k swap on /dev/sda5.  Priority:-1 extents:1 across:1046524k 
[    2.977227] EXT4-fs (sda1): re-mounted. Opts: errors=remount-ro
[    2.979401] shpchp: Standard Hot Plug PCI Controller Driver version: 0.4
[    3.011221] [386]: VMCI: shared components initialized.
[    3.011245] Probing for vmci/PCI.
[    3.011391] ACPI: PCI Interrupt Link [LNKA] enabled at IRQ 9
[    3.011393] PCI: setting IRQ 9 as level-triggered
[    3.011399] vmci 0000:00:07.7: PCI INT A -> Link[LNKA] -> GSI 9 (level, low) -> IRQ 9
[    3.011437] Found vmci/PCI at 0x1080, irq 9.
[    3.011469] VMCI: using capabilities 0xc.
[    3.011536] [386]: VMCI: Host capability check passed.
[    3.011806] vmci 0000:00:07.7: irq 72 for MSI/MSI-X
[    3.011854] vmci 0000:00:07.7: irq 73 for MSI/MSI-X
[    3.012095] Registered vmci device.
[    3.024390] piix4_smbus 0000:00:07.3: Host SMBus controller not enabled!
[    3.031679] [386]: VMCI: Using guest personality
[    3.031684] [386]: VMCI: host components initialized.
[    3.032615] [386]: VMCI: Module registered (name=vmci,major=10,minor=57).
[    3.032618] [386]: VMCI: Using host personality
[    3.032620] [386]: VMCI: Module (name=vmci) is initialized
[    3.089486] Bluetooth: Core ver 2.16
[    3.089519] NET: Registered protocol family 31
[    3.089521] Bluetooth: HCI device and connection manager initialized
[    3.089523] Bluetooth: HCI socket layer initialized
[    3.089525] Bluetooth: L2CAP socket layer initialized
[    3.089528] Bluetooth: SCO socket layer initialized
[    3.099695] ppdev: user-space parallel port driver
[    3.101025] parport_pc 00:09: reported by Plug and Play ACPI
[    3.101201] parport0: PC-style at 0x378, irq 7 [PCSPP,TRISTATE]
[    3.115229] Bluetooth: BNEP (Ethernet Emulation) ver 1.3
[    3.115232] Bluetooth: BNEP filters: protocol multicast
[    3.153446] type=1400 audit(1369612678.588:2): apparmor="STATUS" operation="profile_load" name="/sbin/dhclient" pid=530 comm="apparmor_parser"
[    3.153601] type=1400 audit(1369612678.588:3): apparmor="STATUS" operation="profile_load" name="/usr/lib/NetworkManager/nm-dhcp-client.action" pid=530 comm="apparmor_parser"
[    3.153606] type=1400 audit(1369612678.588:4): apparmor="STATUS" operation="profile_load" name="/usr/lib/connman/scripts/dhclient-script" pid=530 comm="apparmor_parser"
[    3.189434] Bluetooth: RFCOMM TTY layer initialized
[    3.189439] Bluetooth: RFCOMM socket layer initialized
[    3.189440] Bluetooth: RFCOMM ver 1.11
[    3.197788] lp0: using parport0 (interrupt-driven).
[    3.204727] type=1400 audit(1369612678.640:5): apparmor="STATUS" operation="profile_load" name="/usr/lib/cups/backend/cups-pdf" pid=581 comm="apparmor_parser"
[    3.208057] type=1400 audit(1369612678.644:6): apparmor="STATUS" operation="profile_load" name="/usr/sbin/cupsd" pid=581 comm="apparmor_parser"
[    3.414829] input: ImPS/2 Generic Wheel Mouse as /devices/platform/i8042/serio1/input/input4
[    3.547383] snd_ens1371 0000:02:02.0: PCI INT A -> Link[LNKA] -> GSI 9 (level, low) -> IRQ 9
[    3.580082] init: failsafe main process (681) killed by TERM signal
[    3.656506] type=1400 audit(1369612679.092:7): apparmor="STATUS" operation="profile_load" name="/usr/lib/lightdm/lightdm/lightdm-guest-session-wrapper" pid=781 comm="apparmor_parser"
[    3.657958] type=1400 audit(1369612679.096:8): apparmor="STATUS" operation="profile_replace" name="/sbin/dhclient" pid=783 comm="apparmor_parser"
[    3.658021] type=1400 audit(1369612679.096:9): apparmor="STATUS" operation="profile_replace" name="/usr/lib/NetworkManager/nm-dhcp-client.action" pid=783 comm="apparmor_parser"
[    3.658069] type=1400 audit(1369612679.096:10): apparmor="STATUS" operation="profile_replace" name="/usr/lib/connman/scripts/dhclient-script" pid=783 comm="apparmor_parser"
[    3.847089] init: alsa-restore main process (870) terminated with status 19
