[    0.000000] Initializing cgroup subsys cpuset
[    0.000000] Initializing cgroup subsys cpu
[    0.000000] Linux version 3.2.0-29-generic-pae (buildd@roseapple) (gcc version 4.6.3 (Ubuntu/Linaro 4.6.3-1ubuntu5) ) #46-Ubuntu SMP Fri Jul 27 17:25:43 UTC 2012 (Ubuntu 3.2.0-29.46-generic-pae 3.2.24)
[    0.000000] KERNEL supported cpus:
[    0.000000]   Intel GenuineIntel
[    0.000000]   AMD AuthenticAMD
[    0.000000]   NSC Geode by NSC
[    0.000000]   Cyrix CyrixInstead
[    0.000000]   Centaur CentaurHauls
[    0.000000]   Transmeta GenuineTMx86
[    0.000000]   Transmeta TransmetaCPU
[    0.000000]   UMC UMC UMC UMC
[    0.000000] Disabled fast string operations
[    0.000000] BIOS-provided physical RAM map:
[    0.000000]  BIOS-e820: 0000000000000000 - 000000000009f000 (usable)
[    0.000000]  BIOS-e820: 000000000009f000 - 00000000000a0000 (reserved)
[    0.000000]  BIOS-e820: 00000000000ca000 - 00000000000cc000 (reserved)
[    0.000000]  BIOS-e820: 00000000000dc000 - 0000000000100000 (reserved)
[    0.000000]  BIOS-e820: 0000000000100000 - 000000003fee0000 (usable)
[    0.000000]  BIOS-e820: 000000003fee0000 - 000000003feff000 (ACPI data)
[    0.000000]  BIOS-e820: 000000003feff000 - 000000003ff00000 (ACPI NVS)
[    0.000000]  BIOS-e820: 000000003ff00000 - 0000000040000000 (usable)
[    0.000000]  BIOS-e820: 00000000e0000000 - 00000000f0000000 (reserved)
[    0.000000]  BIOS-e820: 00000000fec00000 - 00000000fec10000 (reserved)
[    0.000000]  BIOS-e820: 00000000fee00000 - 00000000fee01000 (reserved)
[    0.000000]  BIOS-e820: 00000000fffe0000 - 0000000100000000 (reserved)
[    0.000000] NX (Execute Disable) protection: active
[    0.000000] DMI present.
[    0.000000] DMI: VMware, Inc. VMware Virtual Platform/440BX Desktop Reference Platform, BIOS 6.00 07/02/2012
[    0.000000] Hypervisor detected: VMware
[    0.000000] e820 update range: 0000000000000000 - 0000000000010000 (usable) ==> (reserved)
[    0.000000] e820 remove range: 00000000000a0000 - 0000000000100000 (usable)
[    0.000000] last_pfn = 0x40000 max_arch_pfn = 0x1000000
[    0.000000] MTRR default type: uncachable
[    0.000000] MTRR fixed ranges enabled:
[    0.000000]   00000-9FFFF write-back
[    0.000000]   A0000-BFFFF uncachable
[    0.000000]   C0000-CBFFF write-protect
[    0.000000]   CC000-EFFFF uncachable
[    0.000000]   F0000-FFFFF write-protect
[    0.000000] MTRR variable ranges enabled:
[    0.000000]   0 base 0000000000 mask FFC0000000 write-back
[    0.000000]   1 disabled
[    0.000000]   2 disabled
[    0.000000]   3 disabled
[    0.000000]   4 disabled
[    0.000000]   5 disabled
[    0.000000]   6 disabled
[    0.000000]   7 disabled
[    0.000000] x86 PAT enabled: cpu 0, old 0x0, new 0x7010600070106
[    0.000000] found SMP MP-table at [c00f6bf0] f6bf0
[    0.000000] initial memory mapped : 0 - 02000000
[    0.000000] Base memory trampoline at [c009b000] 9b000 size 16384
[    0.000000] init_memory_mapping: 0000000000000000-0000000037bfe000
[    0.000000]  0000000000 - 0000200000 page 4k
[    0.000000]  0000200000 - 0037a00000 page 2M
[    0.000000]  0037a00000 - 0037bfe000 page 4k
[    0.000000] kernel direct mapping tables up to 37bfe000 @ 1ffb000-2000000
[    0.000000] RAMDISK: 364ea000 - 3726d000
[    0.000000] ACPI: RSDP 000f6b80 00024 (v02 PTLTD )
[    0.000000] ACPI: XSDT 3feed636 0005C (v01 INTEL  440BX    06040000 VMW  01324272)
[    0.000000] ACPI: FACP 3fefee98 000F4 (v04 INTEL  440BX    06040000 PTL  000F4240)
[    0.000000] ACPI: DSDT 3feee366 10B32 (v01 PTLTD  Custom   06040000 MSFT 03000001)
[    0.000000] ACPI: FACS 3fefffc0 00040
[    0.000000] ACPI: BOOT 3feee33e 00028 (v01 PTLTD  $SBFTBL$ 06040000  LTP 00000001)
[    0.000000] ACPI: APIC 3feedc3e 003C2 (v01 PTLTD  ? APIC   06040000  LTP 00000000)
[    0.000000] ACPI: MCFG 3feedc02 0003C (v01 PTLTD  $PCITBL$ 06040000  LTP 00000001)
[    0.000000] ACPI: SRAT 3feed732 004D0 (v02 VMWARE MEMPLUG  06040000 VMW  00000001)
[    0.000000] ACPI: HPET 3feed6fa 00038 (v01 VMWARE VMW HPET 06040000 VMW  00000001)
[    0.000000] ACPI: WAET 3feed6d2 00028 (v01 VMWARE VMW WAET 06040000 VMW  00000001)
[    0.000000] ACPI: Local APIC address 0xfee00000
[    0.000000] 132MB HIGHMEM available.
[    0.000000] 891MB LOWMEM available.
[    0.000000]   mapped low ram: 0 - 37bfe000
[    0.000000]   low ram: 0 - 37bfe000
[    0.000000] Zone PFN ranges:
[    0.000000]   DMA      0x00000010 -> 0x00001000
[    0.000000]   Normal   0x00001000 -> 0x00037bfe
[    0.000000]   HighMem  0x00037bfe -> 0x00040000
[    0.000000] Movable zone start PFN for each node
[    0.000000] early_node_map[3] active PFN ranges
[    0.000000]     0: 0x00000010 -> 0x0000009f
[    0.000000]     0: 0x00000100 -> 0x0003fee0
[    0.000000]     0: 0x0003ff00 -> 0x00040000
[    0.000000] On node 0 totalpages: 261999
[    0.000000] free_area_init_node: node 0, pgdat c1866a40, node_mem_map f73fd200
[    0.000000]   DMA zone: 32 pages used for memmap
[    0.000000]   DMA zone: 0 pages reserved
[    0.000000]   DMA zone: 3951 pages, LIFO batch:0
[    0.000000]   Normal zone: 1752 pages used for memmap
[    0.000000]   Normal zone: 222502 pages, LIFO batch:31
[    0.000000]   HighMem zone: 265 pages used for memmap
[    0.000000]   HighMem zone: 33497 pages, LIFO batch:7
[    0.000000] Using APIC driver default
[    0.000000] ACPI: PM-Timer IO Port: 0x1008
[    0.000000] ACPI: Local APIC address 0xfee00000
[    0.000000] ACPI: LAPIC (acpi_id[0x00] lapic_id[0x00] enabled)
[    0.000000] ACPI: LAPIC (acpi_id[0x01] lapic_id[0x02] disabled)
[    0.000000] ACPI: LAPIC (acpi_id[0x02] lapic_id[0x04] disabled)
[    0.000000] ACPI: LAPIC (acpi_id[0x03] lapic_id[0x06] disabled)
[    0.000000] ACPI: LAPIC (acpi_id[0x04] lapic_id[0x08] disabled)
[    0.000000] ACPI: LAPIC (acpi_id[0x05] lapic_id[0x0a] disabled)
[    0.000000] ACPI: LAPIC (acpi_id[0x06] lapic_id[0x0c] disabled)
[    0.000000] ACPI: LAPIC (acpi_id[0x07] lapic_id[0x0e] disabled)
[    0.000000] ACPI: LAPIC (acpi_id[0x08] lapic_id[0x10] disabled)
[    0.000000] ACPI: LAPIC (acpi_id[0x09] lapic_id[0x12] disabled)
[    0.000000] ACPI: LAPIC (acpi_id[0x0a] lapic_id[0x14] disabled)
[    0.000000] ACPI: LAPIC (acpi_id[0x0b] lapic_id[0x16] disabled)
[    0.000000] ACPI: LAPIC (acpi_id[0x0c] lapic_id[0x18] disabled)
[    0.000000] ACPI: LAPIC (acpi_id[0x0d] lapic_id[0x1a] disabled)
[    0.000000] ACPI: LAPIC (acpi_id[0x0e] lapic_id[0x1c] disabled)
[    0.000000] ACPI: LAPIC (acpi_id[0x0f] lapic_id[0x1e] disabled)
[    0.000000] ACPI: LAPIC (acpi_id[0x10] lapic_id[0x20] disabled)
[    0.000000] ACPI: LAPIC (acpi_id[0x11] lapic_id[0x22] disabled)
[    0.000000] ACPI: LAPIC (acpi_id[0x12] lapic_id[0x24] disabled)
[    0.000000] ACPI: LAPIC (acpi_id[0x13] lapic_id[0x26] disabled)
[    0.000000] ACPI: LAPIC (acpi_id[0x14] lapic_id[0x28] disabled)
[    0.000000] ACPI: LAPIC (acpi_id[0x15] lapic_id[0x2a] disabled)
[    0.000000] ACPI: LAPIC (acpi_id[0x16] lapic_id[0x2c] disabled)
[    0.000000] ACPI: LAPIC (acpi_id[0x17] lapic_id[0x2e] disabled)
[    0.000000] ACPI: LAPIC (acpi_id[0x18] lapic_id[0x30] disabled)
[    0.000000] ACPI: LAPIC (acpi_id[0x19] lapic_id[0x32] disabled)
[    0.000000] ACPI: LAPIC (acpi_id[0x1a] lapic_id[0x34] disabled)
[    0.000000] ACPI: LAPIC (acpi_id[0x1b] lapic_id[0x36] disabled)
[    0.000000] ACPI: LAPIC (acpi_id[0x1c] lapic_id[0x38] disabled)
[    0.000000] ACPI: LAPIC (acpi_id[0x1d] lapic_id[0x3a] disabled)
[    0.000000] ACPI: LAPIC (acpi_id[0x1e] lapic_id[0x3c] disabled)
[    0.000000] ACPI: LAPIC (acpi_id[0x1f] lapic_id[0x3e] disabled)
[    0.000000] ACPI: LAPIC (acpi_id[0x20] lapic_id[0x40] disabled)
[    0.000000] ACPI: LAPIC (acpi_id[0x21] lapic_id[0x42] disabled)
[    0.000000] ACPI: LAPIC (acpi_id[0x22] lapic_id[0x44] disabled)
[    0.000000] ACPI: LAPIC (acpi_id[0x23] lapic_id[0x46] disabled)
[    0.000000] ACPI: LAPIC (acpi_id[0x24] lapic_id[0x48] disabled)
[    0.000000] ACPI: LAPIC (acpi_id[0x25] lapic_id[0x4a] disabled)
[    0.000000] ACPI: LAPIC (acpi_id[0x26] lapic_id[0x4c] disabled)
[    0.000000] ACPI: LAPIC (acpi_id[0x27] lapic_id[0x4e] disabled)
[    0.000000] ACPI: LAPIC (acpi_id[0x28] lapic_id[0x50] disabled)
[    0.000000] ACPI: LAPIC (acpi_id[0x29] lapic_id[0x52] disabled)
[    0.000000] ACPI: LAPIC (acpi_id[0x2a] lapic_id[0x54] disabled)
[    0.000000] ACPI: LAPIC (acpi_id[0x2b] lapic_id[0x56] disabled)
[    0.000000] ACPI: LAPIC (acpi_id[0x2c] lapic_id[0x58] disabled)
[    0.000000] ACPI: LAPIC (acpi_id[0x2d] lapic_id[0x5a] disabled)
[    0.000000] ACPI: LAPIC (acpi_id[0x2e] lapic_id[0x5c] disabled)
[    0.000000] ACPI: LAPIC (acpi_id[0x2f] lapic_id[0x5e] disabled)
[    0.000000] ACPI: LAPIC (acpi_id[0x30] lapic_id[0x60] disabled)
[    0.000000] ACPI: LAPIC (acpi_id[0x31] lapic_id[0x62] disabled)
[    0.000000] ACPI: LAPIC (acpi_id[0x32] lapic_id[0x64] disabled)
[    0.000000] ACPI: LAPIC (acpi_id[0x33] lapic_id[0x66] disabled)
[    0.000000] ACPI: LAPIC (acpi_id[0x34] lapic_id[0x68] disabled)
[    0.000000] ACPI: LAPIC (acpi_id[0x35] lapic_id[0x6a] disabled)
[    0.000000] ACPI: LAPIC (acpi_id[0x36] lapic_id[0x6c] disabled)
[    0.000000] ACPI: LAPIC (acpi_id[0x37] lapic_id[0x6e] disabled)
[    0.000000] ACPI: LAPIC (acpi_id[0x38] lapic_id[0x70] disabled)
[    0.000000] ACPI: LAPIC (acpi_id[0x39] lapic_id[0x72] disabled)
[    0.000000] ACPI: LAPIC (acpi_id[0x3a] lapic_id[0x74] disabled)
[    0.000000] ACPI: LAPIC (acpi_id[0x3b] lapic_id[0x76] disabled)
[    0.000000] ACPI: LAPIC (acpi_id[0x3c] lapic_id[0x78] disabled)
[    0.000000] ACPI: LAPIC (acpi_id[0x3d] lapic_id[0x7a] disabled)
[    0.000000] ACPI: LAPIC (acpi_id[0x3e] lapic_id[0x7c] disabled)
[    0.000000] ACPI: LAPIC (acpi_id[0x3f] lapic_id[0x7e] disabled)
[    0.000000] ACPI: LAPIC_NMI (acpi_id[0x00] high edge lint[0x1])
[    0.000000] ACPI: LAPIC_NMI (acpi_id[0x01] high edge lint[0x1])
[    0.000000] ACPI: LAPIC_NMI (acpi_id[0x02] high edge lint[0x1])
[    0.000000] ACPI: LAPIC_NMI (acpi_id[0x03] high edge lint[0x1])
[    0.000000] ACPI: LAPIC_NMI (acpi_id[0x04] high edge lint[0x1])
[    0.000000] ACPI: LAPIC_NMI (acpi_id[0x05] high edge lint[0x1])
[    0.000000] ACPI: LAPIC_NMI (acpi_id[0x06] high edge lint[0x1])
[    0.000000] ACPI: LAPIC_NMI (acpi_id[0x07] high edge lint[0x1])
[    0.000000] ACPI: LAPIC_NMI (acpi_id[0x08] high edge lint[0x1])
[    0.000000] ACPI: LAPIC_NMI (acpi_id[0x09] high edge lint[0x1])
[    0.000000] ACPI: LAPIC_NMI (acpi_id[0x0a] high edge lint[0x1])
[    0.000000] ACPI: LAPIC_NMI (acpi_id[0x0b] high edge lint[0x1])
[    0.000000] ACPI: LAPIC_NMI (acpi_id[0x0c] high edge lint[0x1])
[    0.000000] ACPI: LAPIC_NMI (acpi_id[0x0d] high edge lint[0x1])
[    0.000000] ACPI: LAPIC_NMI (acpi_id[0x0e] high edge lint[0x1])
[    0.000000] ACPI: LAPIC_NMI (acpi_id[0x0f] high edge lint[0x1])
[    0.000000] ACPI: LAPIC_NMI (acpi_id[0x10] high edge lint[0x1])
[    0.000000] ACPI: LAPIC_NMI (acpi_id[0x11] high edge lint[0x1])
[    0.000000] ACPI: LAPIC_NMI (acpi_id[0x12] high edge lint[0x1])
[    0.000000] ACPI: LAPIC_NMI (acpi_id[0x13] high edge lint[0x1])
[    0.000000] ACPI: LAPIC_NMI (acpi_id[0x14] high edge lint[0x1])
[    0.000000] ACPI: LAPIC_NMI (acpi_id[0x15] high edge lint[0x1])
[    0.000000] ACPI: LAPIC_NMI (acpi_id[0x16] high edge lint[0x1])
[    0.000000] ACPI: LAPIC_NMI (acpi_id[0x17] high edge lint[0x1])
[    0.000000] ACPI: LAPIC_NMI (acpi_id[0x18] high edge lint[0x1])
[    0.000000] ACPI: LAPIC_NMI (acpi_id[0x19] high edge lint[0x1])
[    0.000000] ACPI: LAPIC_NMI (acpi_id[0x1a] high edge lint[0x1])
[    0.000000] ACPI: LAPIC_NMI (acpi_id[0x1b] high edge lint[0x1])
[    0.000000] ACPI: LAPIC_NMI (acpi_id[0x1c] high edge lint[0x1])
[    0.000000] ACPI: LAPIC_NMI (acpi_id[0x1d] high edge lint[0x1])
[    0.000000] ACPI: LAPIC_NMI (acpi_id[0x1e] high edge lint[0x1])
[    0.000000] ACPI: LAPIC_NMI (acpi_id[0x1f] high edge lint[0x1])
[    0.000000] ACPI: LAPIC_NMI (acpi_id[0x20] high edge lint[0x1])
[    0.000000] ACPI: LAPIC_NMI (acpi_id[0x21] high edge lint[0x1])
[    0.000000] ACPI: LAPIC_NMI (acpi_id[0x22] high edge lint[0x1])
[    0.000000] ACPI: LAPIC_NMI (acpi_id[0x23] high edge lint[0x1])
[    0.000000] ACPI: LAPIC_NMI (acpi_id[0x24] high edge lint[0x1])
[    0.000000] ACPI: LAPIC_NMI (acpi_id[0x25] high edge lint[0x1])
[    0.000000] ACPI: LAPIC_NMI (acpi_id[0x26] high edge lint[0x1])
[    0.000000] ACPI: LAPIC_NMI (acpi_id[0x27] high edge lint[0x1])
[    0.000000] ACPI: LAPIC_NMI (acpi_id[0x28] high edge lint[0x1])
[    0.000000] ACPI: LAPIC_NMI (acpi_id[0x29] high edge lint[0x1])
[    0.000000] ACPI: LAPIC_NMI (acpi_id[0x2a] high edge lint[0x1])
[    0.000000] ACPI: LAPIC_NMI (acpi_id[0x2b] high edge lint[0x1])
[    0.000000] ACPI: LAPIC_NMI (acpi_id[0x2c] high edge lint[0x1])
[    0.000000] ACPI: LAPIC_NMI (acpi_id[0x2d] high edge lint[0x1])
[    0.000000] ACPI: LAPIC_NMI (acpi_id[0x2e] high edge lint[0x1])
[    0.000000] ACPI: LAPIC_NMI (acpi_id[0x2f] high edge lint[0x1])
[    0.000000] ACPI: LAPIC_NMI (acpi_id[0x30] high edge lint[0x1])
[    0.000000] ACPI: LAPIC_NMI (acpi_id[0x31] high edge lint[0x1])
[    0.000000] ACPI: LAPIC_NMI (acpi_id[0x32] high edge lint[0x1])
[    0.000000] ACPI: LAPIC_NMI (acpi_id[0x33] high edge lint[0x1])
[    0.000000] ACPI: LAPIC_NMI (acpi_id[0x34] high edge lint[0x1])
[    0.000000] ACPI: LAPIC_NMI (acpi_id[0x35] high edge lint[0x1])
[    0.000000] ACPI: LAPIC_NMI (acpi_id[0x36] high edge lint[0x1])
[    0.000000] ACPI: LAPIC_NMI (acpi_id[0x37] high edge lint[0x1])
[    0.000000] ACPI: LAPIC_NMI (acpi_id[0x38] high edge lint[0x1])
[    0.000000] ACPI: LAPIC_NMI (acpi_id[0x39] high edge lint[0x1])
[    0.000000] ACPI: LAPIC_NMI (acpi_id[0x3a] high edge lint[0x1])
[    0.000000] ACPI: LAPIC_NMI (acpi_id[0x3b] high edge lint[0x1])
[    0.000000] ACPI: LAPIC_NMI (acpi_id[0x3c] high edge lint[0x1])
[    0.000000] ACPI: LAPIC_NMI (acpi_id[0x3d] high edge lint[0x1])
[    0.000000] ACPI: LAPIC_NMI (acpi_id[0x3e] high edge lint[0x1])
[    0.000000] ACPI: LAPIC_NMI (acpi_id[0x3f] high edge lint[0x1])
[    0.000000] ACPI: Skipping IOAPIC probe due to 'noapic' option.
[    0.000000] Using ACPI for processor (LAPIC) configuration information
[    0.000000] ACPI: HPET id: 0x8086af01 base: 0xfed00000
[    0.000000] Intel MultiProcessor Specification v1.4
[    0.000000]     Virtual Wire compatibility mode.
[    0.000000] MPTABLE: OEM ID: INTEL   
[    0.000000] MPTABLE: Product ID: 440BX       
[    0.000000] MPTABLE: APIC at: 0xFEE00000
[    0.000000] IOAPIC[0]: apic_id 1, version 17, address 0xfec00000, GSI 0-23
[    0.000000] Processors: 1
[    0.000000] SMP: Allowing 1 CPUs, 0 hotplug CPUs
[    0.000000] nr_irqs_gsi: 40
[    0.000000] PM: Registered nosave memory: 000000000009f000 - 00000000000a0000
[    0.000000] PM: Registered nosave memory: 00000000000a0000 - 00000000000ca000
[    0.000000] PM: Registered nosave memory: 00000000000ca000 - 00000000000cc000
[    0.000000] PM: Registered nosave memory: 00000000000cc000 - 00000000000dc000
[    0.000000] PM: Registered nosave memory: 00000000000dc000 - 0000000000100000
[    0.000000] Allocating PCI resources starting at 40000000 (gap: 40000000:a0000000)
[    0.000000] Booting paravirtualized kernel on bare hardware
[    0.000000] setup_percpu: NR_CPUS:8 nr_cpumask_bits:8 nr_cpu_ids:1 nr_node_ids:1
[    0.000000] PERCPU: Embedded 14 pages/cpu @f73e8000 s34240 r0 d23104 u57344
[    0.000000] pcpu-alloc: s34240 r0 d23104 u57344 alloc=14*4096
[    0.000000] pcpu-alloc: [0] 0 
[    0.000000] Built 1 zonelists in Zone order, mobility grouping on.  Total pages: 259950
[    0.000000] Kernel command line: BOOT_IMAGE=/boot/vmlinuz-3.2.0-29-generic-pae root=UUID=007b598c-390d-4c65-84a1-4ff752d48633 ro quiet splash maxcpus=0
[    0.000000] PID hash table entries: 4096 (order: 2, 16384 bytes)
[    0.000000] Dentry cache hash table entries: 131072 (order: 7, 524288 bytes)
[    0.000000] Inode-cache hash table entries: 65536 (order: 6, 262144 bytes)
[    0.000000] Initializing CPU#0
[    0.000000] xsave/xrstor: enabled xstate_bv 0x7, cntxt size 0x340
[    0.000000] allocated 4194048 bytes of page_cgroup
[    0.000000] please try 'cgroup_disable=memory' option if you don't want memory cgroups
[    0.000000] Initializing HighMem for node 0 (00037bfe:00040000)
[    0.000000] Memory: 1010624k/1048576k available (5814k kernel code, 37372k reserved, 2841k data, 740k init, 135048k highmem)
[    0.000000] virtual kernel memory layout:
[    0.000000]     fixmap  : 0xfff16000 - 0xfffff000   ( 932 kB)
[    0.000000]     pkmap   : 0xffc00000 - 0xffe00000   (2048 kB)
[    0.000000]     vmalloc : 0xf83fe000 - 0xffbfe000   ( 120 MB)
[    0.000000]     lowmem  : 0xc0000000 - 0xf7bfe000   ( 891 MB)
[    0.000000]       .init : 0xc1875000 - 0xc192e000   ( 740 kB)
[    0.000000]       .data : 0xc15adb64 - 0xc1874240   (2841 kB)
[    0.000000]       .text : 0xc1000000 - 0xc15adb64   (5814 kB)
[    0.000000] Checking if this processor honours the WP bit even in supervisor mode...Ok.
[    0.000000] SLUB: Genslabs=15, HWalign=64, Order=0-3, MinObjects=0, CPUs=1, Nodes=1
[    0.000000] Hierarchical RCU implementation.
[    0.000000] 	RCU dyntick-idle grace-period acceleration is enabled.
[    0.000000] NR_IRQS:2304 nr_irqs:256 16
[    0.000000] CPU 0 irqstacks, hard=f5c08000 soft=f5c0a000
[    0.000000] Extended CMOS year: 2000
[    0.000000] Console: colour VGA+ 80x25
[    0.000000] console [tty0] enabled
[    0.000000] hpet clockevent registered
[    0.000000] TSC freq read from hypervisor : 2394.620 MHz
[    0.000000] Detected 2394.620 MHz processor.
[    0.000001] Calibrating delay loop (skipped) preset value.. 4789.24 BogoMIPS (lpj=9578480)
[    0.000004] pid_max: default: 32768 minimum: 301
[    0.000022] Security Framework initialized
[    0.000039] AppArmor: AppArmor initialized
[    0.000040] Yama: becoming mindful.
[    0.000084] Mount-cache hash table entries: 512
[    0.000189] Initializing cgroup subsys cpuacct
[    0.000194] Initializing cgroup subsys memory
[    0.000200] Initializing cgroup subsys devices
[    0.000202] Initializing cgroup subsys freezer
[    0.000204] Initializing cgroup subsys blkio
[    0.000210] Initializing cgroup subsys perf_event
[    0.000262] Disabled fast string operations
[    0.000266] CPU: Physical Processor ID: 0
[    0.000277] ENERGY_PERF_BIAS: Set to 'normal', was 'performance'
[    0.000278] ENERGY_PERF_BIAS: View and update with x86_energy_perf_policy(8)
[    0.000932] mce: CPU supports 0 MCE banks
[    0.001827] SMP alternatives: switching to UP code
[    0.022419] Freeing SMP alternatives: 24k freed
[    0.022426] ACPI: Core revision 20110623
[    0.028992] ACPI: setting ELCR to 0200 (from 0e20)
[    0.030067] ftrace: allocating 26545 entries in 52 pages
[    0.050689] SMP mode deactivated.
[    0.050725] SMP disabled
[    0.050728] Performance Events: generic architected perfmon v1, core PMU driver.
[    0.050742] ... version:                1
[    0.050743] ... bit width:              48
[    0.050745] ... generic registers:      4
[    0.050746] ... value mask:             0000ffffffffffff
[    0.050748] ... max period:             000000007fffffff
[    0.050749] ... fixed-purpose events:   0
[    0.050750] ... event mask:             000000000000000f
[    0.050892] NMI watchdog enabled, takes one hw-pmu counter.
[    0.050924] Brought up 1 CPUs
[    0.050926] Total of 1 processors activated (4789.24 BogoMIPS).
[    0.051065] devtmpfs: initialized
[    0.051135] EVM: security.selinux
[    0.051136] EVM: security.SMACK64
[    0.051137] EVM: security.capability
[    0.051162] PM: Registering ACPI NVS region at 3feff000 (4096 bytes)
[    0.051884] print_constraints: dummy: 
[    0.051978] RTC time:  8:25:19, date: 05/27/13
[    0.052008] NET: Registered protocol family 16
[    0.052081] EISA bus registered
[    0.052091] ACPI: bus type pci registered
[    0.052203] PCI: MMCONFIG for domain 0000 [bus 00-ff] at [mem 0xe0000000-0xefffffff] (base 0xe0000000)
[    0.052206] PCI: MMCONFIG at [mem 0xe0000000-0xefffffff] reserved in E820
[    0.052207] PCI: Using MMCONFIG for extended config space
[    0.052208] PCI: Using configuration type 1 for base access
[    0.052887] bio: create slab <bio-0> at 0
[    0.052950] ACPI: Added _OSI(Module Device)
[    0.052952] ACPI: Added _OSI(Processor Device)
[    0.052953] ACPI: Added _OSI(3.0 _SCP Extensions)
[    0.052954] ACPI: Added _OSI(Processor Aggregator Device)
[    0.054852] ACPI: EC: Look up EC in DSDT
[    0.059299] [Firmware Bug]: ACPI: BIOS _OSI(Linux) query ignored
[    0.067276] ACPI: Interpreter enabled
[    0.067284] ACPI: (supports S0 S1 S4 S5)
[    0.067293] ACPI: Using PIC for interrupt routing
[    0.108205] ACPI: No dock devices found.
[    0.108207] HEST: Table not found.
[    0.108211] PCI: Using host bridge windows from ACPI; if necessary, use "pci=nocrs" and report a bug
[    0.108905] ACPI: PCI Root Bridge [PCI0] (domain 0000 [bus 00-ff])
[    0.110099] pci_root PNP0A03:00: host bridge window [mem 0x000a0000-0x000bffff]
[    0.110101] pci_root PNP0A03:00: host bridge window [mem 0x000cc000-0x000cffff]
[    0.110103] pci_root PNP0A03:00: host bridge window [mem 0x000d0000-0x000d3fff]
[    0.110105] pci_root PNP0A03:00: host bridge window [mem 0x000d4000-0x000d7fff]
[    0.110106] pci_root PNP0A03:00: host bridge window [mem 0x000d8000-0x000dbfff]
[    0.110108] pci_root PNP0A03:00: host bridge window [mem 0xc0000000-0xfebfffff]
[    0.110110] pci_root PNP0A03:00: host bridge window [io  0x0000-0x0cf7]
[    0.110111] pci_root PNP0A03:00: host bridge window [io  0x0d00-0xfeff]
[    0.110164] pci 0000:00:00.0: [8086:7190] type 0 class 0x000600
[    0.110620] pci 0000:00:01.0: [8086:7191] type 1 class 0x000604
[    0.111036] pci 0000:00:07.0: [8086:7110] type 0 class 0x000601
[    0.111716] pci 0000:00:07.1: [8086:7111] type 0 class 0x000101
[    0.113253] pci 0000:00:07.1: reg 20: [io  0x10c0-0x10cf]
[    0.114010] pci 0000:00:07.3: [8086:7113] type 0 class 0x000680
[    0.115712] pci 0000:00:07.3: quirk: [io  0x1000-0x103f] claimed by PIIX4 ACPI
[    0.115725] pci 0000:00:07.3: quirk: [io  0x1040-0x104f] claimed by PIIX4 SMB
[    0.115985] pci 0000:00:07.7: [15ad:0740] type 0 class 0x000880
[    0.116479] pci 0000:00:07.7: reg 10: [io  0x1080-0x10bf]
[    0.117064] pci 0000:00:07.7: reg 14: [mem 0xc8000000-0xc8001fff 64bit]
[    0.119166] pci 0000:00:0f.0: [15ad:0405] type 0 class 0x000300
[    0.121230] pci 0000:00:0f.0: reg 10: [io  0x10d0-0x10df]
[    0.123193] pci 0000:00:0f.0: reg 14: [mem 0xd0000000-0xd7ffffff pref]
[    0.125173] pci 0000:00:0f.0: reg 18: [mem 0xc8800000-0xc8ffffff]
[    0.133106] pci 0000:00:0f.0: reg 30: [mem 0x00000000-0x00007fff pref]
[    0.133431] pci 0000:00:10.0: [1000:0030] type 0 class 0x000100
[    0.133996] pci 0000:00:10.0: reg 10: [io  0x1400-0x14ff]
[    0.134726] pci 0000:00:10.0: reg 14: [mem 0xc8040000-0xc805ffff 64bit]
[    0.135459] pci 0000:00:10.0: reg 1c: [mem 0xc8020000-0xc803ffff 64bit]
[    0.136530] pci 0000:00:10.0: reg 30: [mem 0x00000000-0x00003fff pref]
[    0.136695] pci 0000:00:11.0: [15ad:0790] type 1 class 0x000604
[    0.137445] pci 0000:00:15.0: [15ad:07a0] type 1 class 0x000604
[    0.138222] pci 0000:00:15.0: PME# supported from D0 D3hot D3cold
[    0.138246] pci 0000:00:15.0: PME# disabled
[    0.138495] pci 0000:00:15.1: [15ad:07a0] type 1 class 0x000604
[    0.139259] pci 0000:00:15.1: PME# supported from D0 D3hot D3cold
[    0.139283] pci 0000:00:15.1: PME# disabled
[    0.139535] pci 0000:00:15.2: [15ad:07a0] type 1 class 0x000604
[    0.140318] pci 0000:00:15.2: PME# supported from D0 D3hot D3cold
[    0.140351] pci 0000:00:15.2: PME# disabled
[    0.140591] pci 0000:00:15.3: [15ad:07a0] type 1 class 0x000604
[    0.141365] pci 0000:00:15.3: PME# supported from D0 D3hot D3cold
[    0.141389] pci 0000:00:15.3: PME# disabled
[    0.141627] pci 0000:00:15.4: [15ad:07a0] type 1 class 0x000604
[    0.142400] pci 0000:00:15.4: PME# supported from D0 D3hot D3cold
[    0.142423] pci 0000:00:15.4: PME# disabled
[    0.142669] pci 0000:00:15.5: [15ad:07a0] type 1 class 0x000604
[    0.143443] pci 0000:00:15.5: PME# supported from D0 D3hot D3cold
[    0.143468] pci 0000:00:15.5: PME# disabled
[    0.143706] pci 0000:00:15.6: [15ad:07a0] type 1 class 0x000604
[    0.144556] pci 0000:00:15.6: PME# supported from D0 D3hot D3cold
[    0.144590] pci 0000:00:15.6: PME# disabled
[    0.144918] pci 0000:00:15.7: [15ad:07a0] type 1 class 0x000604
[    0.145967] pci 0000:00:15.7: PME# supported from D0 D3hot D3cold
[    0.145999] pci 0000:00:15.7: PME# disabled
[    0.146325] pci 0000:00:16.0: [15ad:07a0] type 1 class 0x000604
[    0.147376] pci 0000:00:16.0: PME# supported from D0 D3hot D3cold
[    0.147409] pci 0000:00:16.0: PME# disabled
[    0.147737] pci 0000:00:16.1: [15ad:07a0] type 1 class 0x000604
[    0.148809] pci 0000:00:16.1: PME# supported from D0 D3hot D3cold
[    0.148842] pci 0000:00:16.1: PME# disabled
[    0.149164] pci 0000:00:16.2: [15ad:07a0] type 1 class 0x000604
[    0.150022] pci 0000:00:16.2: PME# supported from D0 D3hot D3cold
[    0.150046] pci 0000:00:16.2: PME# disabled
[    0.150286] pci 0000:00:16.3: [15ad:07a0] type 1 class 0x000604
[    0.151317] pci 0000:00:16.3: PME# supported from D0 D3hot D3cold
[    0.151353] pci 0000:00:16.3: PME# disabled
[    0.151619] pci 0000:00:16.4: [15ad:07a0] type 1 class 0x000604
[    0.152442] pci 0000:00:16.4: PME# supported from D0 D3hot D3cold
[    0.152476] pci 0000:00:16.4: PME# disabled
[    0.152727] pci 0000:00:16.5: [15ad:07a0] type 1 class 0x000604
[    0.153535] pci 0000:00:16.5: PME# supported from D0 D3hot D3cold
[    0.153559] pci 0000:00:16.5: PME# disabled
[    0.153798] pci 0000:00:16.6: [15ad:07a0] type 1 class 0x000604
[    0.154662] pci 0000:00:16.6: PME# supported from D0 D3hot D3cold
[    0.154687] pci 0000:00:16.6: PME# disabled
[    0.154926] pci 0000:00:16.7: [15ad:07a0] type 1 class 0x000604
[    0.155705] pci 0000:00:16.7: PME# supported from D0 D3hot D3cold
[    0.155729] pci 0000:00:16.7: PME# disabled
[    0.155985] pci 0000:00:17.0: [15ad:07a0] type 1 class 0x000604
[    0.156757] pci 0000:00:17.0: PME# supported from D0 D3hot D3cold
[    0.156781] pci 0000:00:17.0: PME# disabled
[    0.157019] pci 0000:00:17.1: [15ad:07a0] type 1 class 0x000604
[    0.157789] pci 0000:00:17.1: PME# supported from D0 D3hot D3cold
[    0.157813] pci 0000:00:17.1: PME# disabled
[    0.158052] pci 0000:00:17.2: [15ad:07a0] type 1 class 0x000604
[    0.158826] pci 0000:00:17.2: PME# supported from D0 D3hot D3cold
[    0.158849] pci 0000:00:17.2: PME# disabled
[    0.159088] pci 0000:00:17.3: [15ad:07a0] type 1 class 0x000604
[    0.159958] pci 0000:00:17.3: PME# supported from D0 D3hot D3cold
[    0.159986] pci 0000:00:17.3: PME# disabled
[    0.160254] pci 0000:00:17.4: [15ad:07a0] type 1 class 0x000604
[    0.161109] pci 0000:00:17.4: PME# supported from D0 D3hot D3cold
[    0.161136] pci 0000:00:17.4: PME# disabled
[    0.161419] pci 0000:00:17.5: [15ad:07a0] type 1 class 0x000604
[    0.162265] pci 0000:00:17.5: PME# supported from D0 D3hot D3cold
[    0.162291] pci 0000:00:17.5: PME# disabled
[    0.162556] pci 0000:00:17.6: [15ad:07a0] type 1 class 0x000604
[    0.163398] pci 0000:00:17.6: PME# supported from D0 D3hot D3cold
[    0.163424] pci 0000:00:17.6: PME# disabled
[    0.163687] pci 0000:00:17.7: [15ad:07a0] type 1 class 0x000604
[    0.164556] pci 0000:00:17.7: PME# supported from D0 D3hot D3cold
[    0.164584] pci 0000:00:17.7: PME# disabled
[    0.164847] pci 0000:00:18.0: [15ad:07a0] type 1 class 0x000604
[    0.165701] pci 0000:00:18.0: PME# supported from D0 D3hot D3cold
[    0.165727] pci 0000:00:18.0: PME# disabled
[    0.165991] pci 0000:00:18.1: [15ad:07a0] type 1 class 0x000604
[    0.166845] pci 0000:00:18.1: PME# supported from D0 D3hot D3cold
[    0.166871] pci 0000:00:18.1: PME# disabled
[    0.167134] pci 0000:00:18.2: [15ad:07a0] type 1 class 0x000604
[    0.167993] pci 0000:00:18.2: PME# supported from D0 D3hot D3cold
[    0.168019] pci 0000:00:18.2: PME# disabled
[    0.168283] pci 0000:00:18.3: [15ad:07a0] type 1 class 0x000604
[    0.169128] pci 0000:00:18.3: PME# supported from D0 D3hot D3cold
[    0.169153] pci 0000:00:18.3: PME# disabled
[    0.169425] pci 0000:00:18.4: [15ad:07a0] type 1 class 0x000604
[    0.170266] pci 0000:00:18.4: PME# supported from D0 D3hot D3cold
[    0.170291] pci 0000:00:18.4: PME# disabled
[    0.170562] pci 0000:00:18.5: [15ad:07a0] type 1 class 0x000604
[    0.171404] pci 0000:00:18.5: PME# supported from D0 D3hot D3cold
[    0.171429] pci 0000:00:18.5: PME# disabled
[    0.171669] pci 0000:00:18.6: [15ad:07a0] type 1 class 0x000604
[    0.172479] pci 0000:00:18.6: PME# supported from D0 D3hot D3cold
[    0.172504] pci 0000:00:18.6: PME# disabled
[    0.172743] pci 0000:00:18.7: [15ad:07a0] type 1 class 0x000604
[    0.173518] pci 0000:00:18.7: PME# supported from D0 D3hot D3cold
[    0.173542] pci 0000:00:18.7: PME# disabled
[    0.174148] pci 0000:00:01.0: PCI bridge to [bus 01-01]
[    0.174477] pci 0000:02:00.0: [15ad:0774] type 0 class 0x000c03
[    0.175816] pci 0000:02:00.0: reg 20: [io  0x20c0-0x20df]
[    0.176465] pci 0000:02:01.0: [1022:2000] type 0 class 0x000200
[    0.176751] pci 0000:02:01.0: reg 10: [io  0x2000-0x207f]
[    0.178256] pci 0000:02:01.0: reg 30: [mem 0x00000000-0x0000ffff pref]
[    0.178396] pci 0000:02:02.0: [1274:1371] type 0 class 0x000401
[    0.178727] pci 0000:02:02.0: reg 10: [io  0x2080-0x20bf]
[    0.180653] pci 0000:02:03.0: [15ad:0770] type 0 class 0x000c03
[    0.180927] pci 0000:02:03.0: reg 10: [mem 0xc9000000-0xc9000fff]
[    0.182662] pci 0000:00:11.0: PCI bridge to [bus 02-02] (subtractive decode)
[    0.182686] pci 0000:00:11.0:   bridge window [io  0x2000-0x3fff]
[    0.182709] pci 0000:00:11.0:   bridge window [mem 0xc9000000-0xca3fffff]
[    0.182753] pci 0000:00:11.0:   bridge window [mem 0xd8400000-0xd89fffff 64bit pref]
[    0.182755] pci 0000:00:11.0:   bridge window [mem 0x000a0000-0x000bffff] (subtractive decode)
[    0.182757] pci 0000:00:11.0:   bridge window [mem 0x000cc000-0x000cffff] (subtractive decode)
[    0.182759] pci 0000:00:11.0:   bridge window [mem 0x000d0000-0x000d3fff] (subtractive decode)
[    0.182760] pci 0000:00:11.0:   bridge window [mem 0x000d4000-0x000d7fff] (subtractive decode)
[    0.182762] pci 0000:00:11.0:   bridge window [mem 0x000d8000-0x000dbfff] (subtractive decode)
[    0.182763] pci 0000:00:11.0:   bridge window [mem 0xc0000000-0xfebfffff] (subtractive decode)
[    0.182765] pci 0000:00:11.0:   bridge window [io  0x0000-0x0cf7] (subtractive decode)
[    0.182767] pci 0000:00:11.0:   bridge window [io  0x0d00-0xfeff] (subtractive decode)
[    0.183236] pci 0000:00:15.0: PCI bridge to [bus 03-03]
[    0.183258] pci 0000:00:15.0:   bridge window [io  0x4000-0x4fff]
[    0.183292] pci 0000:00:15.0:   bridge window [mem 0xca400000-0xca4fffff]
[    0.183336] pci 0000:00:15.0:   bridge window [mem 0xd8a00000-0xd8afffff 64bit pref]
[    0.183815] pci 0000:00:15.1: PCI bridge to [bus 04-04]
[    0.183838] pci 0000:00:15.1:   bridge window [io  0x8000-0x8fff]
[    0.183861] pci 0000:00:15.1:   bridge window [mem 0xca800000-0xca8fffff]
[    0.183905] pci 0000:00:15.1:   bridge window [mem 0xd8e00000-0xd8efffff 64bit pref]
[    0.184374] pci 0000:00:15.2: PCI bridge to [bus 05-05]
[    0.184397] pci 0000:00:15.2:   bridge window [io  0xc000-0xcfff]
[    0.184419] pci 0000:00:15.2:   bridge window [mem 0xcac00000-0xcacfffff]
[    0.184463] pci 0000:00:15.2:   bridge window [mem 0xd9200000-0xd92fffff 64bit pref]
[    0.184931] pci 0000:00:15.3: PCI bridge to [bus 06-06]
[    0.184975] pci 0000:00:15.3:   bridge window [mem 0xcb000000-0xcb0fffff]
[    0.185018] pci 0000:00:15.3:   bridge window [mem 0xd9600000-0xd96fffff 64bit pref]
[    0.185489] pci 0000:00:15.4: PCI bridge to [bus 07-07]
[    0.185532] pci 0000:00:15.4:   bridge window [mem 0xcb400000-0xcb4fffff]
[    0.185576] pci 0000:00:15.4:   bridge window [mem 0xd9a00000-0xd9afffff 64bit pref]
[    0.186038] pci 0000:00:15.5: PCI bridge to [bus 08-08]
[    0.186081] pci 0000:00:15.5:   bridge window [mem 0xcb800000-0xcb8fffff]
[    0.186125] pci 0000:00:15.5:   bridge window [mem 0xd9e00000-0xd9efffff 64bit pref]
[    0.186590] pci 0000:00:15.6: PCI bridge to [bus 09-09]
[    0.186633] pci 0000:00:15.6:   bridge window [mem 0xcbc00000-0xcbcfffff]
[    0.186676] pci 0000:00:15.6:   bridge window [mem 0xda200000-0xda2fffff 64bit pref]
[    0.187138] pci 0000:00:15.7: PCI bridge to [bus 0a-0a]
[    0.187182] pci 0000:00:15.7:   bridge window [mem 0xcc000000-0xcc0fffff]
[    0.187225] pci 0000:00:15.7:   bridge window [mem 0xda600000-0xda6fffff 64bit pref]
[    0.187694] pci 0000:00:16.0: PCI bridge to [bus 0b-0b]
[    0.187730] pci 0000:00:16.0:   bridge window [io  0x5000-0x5fff]
[    0.187753] pci 0000:00:16.0:   bridge window [mem 0xca500000-0xca5fffff]
[    0.187797] pci 0000:00:16.0:   bridge window [mem 0xd8b00000-0xd8bfffff 64bit pref]
[    0.188258] pci 0000:00:16.1: PCI bridge to [bus 0c-0c]
[    0.188282] pci 0000:00:16.1:   bridge window [io  0x9000-0x9fff]
[    0.188305] pci 0000:00:16.1:   bridge window [mem 0xca900000-0xca9fffff]
[    0.188348] pci 0000:00:16.1:   bridge window [mem 0xd8f00000-0xd8ffffff 64bit pref]
[    0.188808] pci 0000:00:16.2: PCI bridge to [bus 0d-0d]
[    0.188831] pci 0000:00:16.2:   bridge window [io  0xd000-0xdfff]
[    0.188854] pci 0000:00:16.2:   bridge window [mem 0xcad00000-0xcadfffff]
[    0.188897] pci 0000:00:16.2:   bridge window [mem 0xd9300000-0xd93fffff 64bit pref]
[    0.189367] pci 0000:00:16.3: PCI bridge to [bus 0e-0e]
[    0.189410] pci 0000:00:16.3:   bridge window [mem 0xcb100000-0xcb1fffff]
[    0.189453] pci 0000:00:16.3:   bridge window [mem 0xd9700000-0xd97fffff 64bit pref]
[    0.189914] pci 0000:00:16.4: PCI bridge to [bus 0f-0f]
[    0.189957] pci 0000:00:16.4:   bridge window [mem 0xcb500000-0xcb5fffff]
[    0.190000] pci 0000:00:16.4:   bridge window [mem 0xd9b00000-0xd9bfffff 64bit pref]
[    0.190462] pci 0000:00:16.5: PCI bridge to [bus 10-10]
[    0.190505] pci 0000:00:16.5:   bridge window [mem 0xcb900000-0xcb9fffff]
[    0.190549] pci 0000:00:16.5:   bridge window [mem 0xd9f00000-0xd9ffffff 64bit pref]
[    0.191009] pci 0000:00:16.6: PCI bridge to [bus 11-11]
[    0.191053] pci 0000:00:16.6:   bridge window [mem 0xcbd00000-0xcbdfffff]
[    0.191097] pci 0000:00:16.6:   bridge window [mem 0xda300000-0xda3fffff 64bit pref]
[    0.191571] pci 0000:00:16.7: PCI bridge to [bus 12-12]
[    0.191615] pci 0000:00:16.7:   bridge window [mem 0xcc100000-0xcc1fffff]
[    0.191658] pci 0000:00:16.7:   bridge window [mem 0xda700000-0xda7fffff 64bit pref]
[    0.192134] pci 0000:00:17.0: PCI bridge to [bus 13-13]
[    0.192157] pci 0000:00:17.0:   bridge window [io  0x6000-0x6fff]
[    0.192180] pci 0000:00:17.0:   bridge window [mem 0xca600000-0xca6fffff]
[    0.192223] pci 0000:00:17.0:   bridge window [mem 0xd8c00000-0xd8cfffff 64bit pref]
[    0.192686] pci 0000:00:17.1: PCI bridge to [bus 14-14]
[    0.192709] pci 0000:00:17.1:   bridge window [io  0xa000-0xafff]
[    0.192731] pci 0000:00:17.1:   bridge window [mem 0xcaa00000-0xcaafffff]
[    0.192775] pci 0000:00:17.1:   bridge window [mem 0xd9000000-0xd90fffff 64bit pref]
[    0.193236] pci 0000:00:17.2: PCI bridge to [bus 15-15]
[    0.193258] pci 0000:00:17.2:   bridge window [io  0xe000-0xefff]
[    0.193297] pci 0000:00:17.2:   bridge window [mem 0xcae00000-0xcaefffff]
[    0.193357] pci 0000:00:17.2:   bridge window [mem 0xd9400000-0xd94fffff 64bit pref]
[    0.193855] pci 0000:00:17.3: PCI bridge to [bus 16-16]
[    0.193899] pci 0000:00:17.3:   bridge window [mem 0xcb200000-0xcb2fffff]
[    0.193942] pci 0000:00:17.3:   bridge window [mem 0xd9800000-0xd98fffff 64bit pref]
[    0.194438] pci 0000:00:17.4: PCI bridge to [bus 17-17]
[    0.194482] pci 0000:00:17.4:   bridge window [mem 0xcb600000-0xcb6fffff]
[    0.194526] pci 0000:00:17.4:   bridge window [mem 0xd9c00000-0xd9cfffff 64bit pref]
[    0.194989] pci 0000:00:17.5: PCI bridge to [bus 18-18]
[    0.195032] pci 0000:00:17.5:   bridge window [mem 0xcba00000-0xcbafffff]
[    0.195076] pci 0000:00:17.5:   bridge window [mem 0xda000000-0xda0fffff 64bit pref]
[    0.195550] pci 0000:00:17.6: PCI bridge to [bus 19-19]
[    0.195593] pci 0000:00:17.6:   bridge window [mem 0xcbe00000-0xcbefffff]
[    0.195637] pci 0000:00:17.6:   bridge window [mem 0xda400000-0xda4fffff 64bit pref]
[    0.196113] pci 0000:00:17.7: PCI bridge to [bus 1a-1a]
[    0.196157] pci 0000:00:17.7:   bridge window [mem 0xcc200000-0xcc2fffff]
[    0.196201] pci 0000:00:17.7:   bridge window [mem 0xda800000-0xda8fffff 64bit pref]
[    0.196662] pci 0000:00:18.0: PCI bridge to [bus 1b-1b]
[    0.196685] pci 0000:00:18.0:   bridge window [io  0x7000-0x7fff]
[    0.196708] pci 0000:00:18.0:   bridge window [mem 0xca700000-0xca7fffff]
[    0.196752] pci 0000:00:18.0:   bridge window [mem 0xd8d00000-0xd8dfffff 64bit pref]
[    0.197213] pci 0000:00:18.1: PCI bridge to [bus 1c-1c]
[    0.197236] pci 0000:00:18.1:   bridge window [io  0xb000-0xbfff]
[    0.197258] pci 0000:00:18.1:   bridge window [mem 0xcab00000-0xcabfffff]
[    0.197315] pci 0000:00:18.1:   bridge window [mem 0xd9100000-0xd91fffff 64bit pref]
[    0.197777] pci 0000:00:18.2: PCI bridge to [bus 1d-1d]
[    0.197800] pci 0000:00:18.2:   bridge window [io  0xf000-0xffff]
[    0.197823] pci 0000:00:18.2:   bridge window [mem 0xcaf00000-0xcaffffff]
[    0.197866] pci 0000:00:18.2:   bridge window [mem 0xd9500000-0xd95fffff 64bit pref]
[    0.198343] pci 0000:00:18.3: PCI bridge to [bus 1e-1e]
[    0.198386] pci 0000:00:18.3:   bridge window [mem 0xcb300000-0xcb3fffff]
[    0.198430] pci 0000:00:18.3:   bridge window [mem 0xd9900000-0xd99fffff 64bit pref]
[    0.198891] pci 0000:00:18.4: PCI bridge to [bus 1f-1f]
[    0.198935] pci 0000:00:18.4:   bridge window [mem 0xcb700000-0xcb7fffff]
[    0.198979] pci 0000:00:18.4:   bridge window [mem 0xd9d00000-0xd9dfffff 64bit pref]
[    0.199445] pci 0000:00:18.5: PCI bridge to [bus 20-20]
[    0.199489] pci 0000:00:18.5:   bridge window [mem 0xcbb00000-0xcbbfffff]
[    0.199532] pci 0000:00:18.5:   bridge window [mem 0xda100000-0xda1fffff 64bit pref]
[    0.200011] pci 0000:00:18.6: PCI bridge to [bus 21-21]
[    0.200056] pci 0000:00:18.6:   bridge window [mem 0xcbf00000-0xcbffffff]
[    0.200101] pci 0000:00:18.6:   bridge window [mem 0xda500000-0xda5fffff 64bit pref]
[    0.200577] pci 0000:00:18.7: PCI bridge to [bus 22-22]
[    0.200621] pci 0000:00:18.7:   bridge window [mem 0xcc300000-0xcc3fffff]
[    0.200665] pci 0000:00:18.7:   bridge window [mem 0xda900000-0xda9fffff 64bit pref]
[    0.202381] pci_bus 0000:00: on NUMA node 0
[    0.202386] ACPI: PCI Interrupt Routing Table [\_SB_.PCI0._PRT]
[    0.202977]  pci0000:00: Requesting ACPI _OSC control (0x1d)
[    0.203179]  pci0000:00: ACPI _OSC control (0x15) granted
[    0.279003] ACPI: PCI Interrupt Link [LNKA] (IRQs 3 4 5 6 7 *9 10 11 14 15)
[    0.279073] ACPI: PCI Interrupt Link [LNKB] (IRQs 3 4 5 6 7 9 10 *11 14 15)
[    0.279140] ACPI: PCI Interrupt Link [LNKC] (IRQs 3 4 5 6 7 9 *10 11 14 15)
[    0.279223] ACPI: PCI Interrupt Link [LNKD] (IRQs 3 4 *5 6 7 9 10 11 14 15)
[    0.279359] vgaarb: device added: PCI:0000:00:0f.0,decodes=io+mem,owns=io+mem,locks=none
[    0.279368] vgaarb: loaded
[    0.279369] vgaarb: bridge control possible 0000:00:0f.0
[    0.279447] i2c-core: driver [aat2870] using legacy suspend method
[    0.279448] i2c-core: driver [aat2870] using legacy resume method
[    0.279509] SCSI subsystem initialized
[    0.279547] libata version 3.00 loaded.
[    0.279576] usbcore: registered new interface driver usbfs
[    0.279586] usbcore: registered new interface driver hub
[    0.279607] usbcore: registered new device driver usb
[    0.279670] PCI: Using ACPI for IRQ routing
[    0.352873] PCI: pci_cache_line_size set to 64 bytes
[    0.352895] pci 0000:00:18.2: no compatible bridge window for [io  0xf000-0xffff]
[    0.353817] reserve RAM buffer: 000000000009f000 - 000000000009ffff 
[    0.353819] reserve RAM buffer: 000000003fee0000 - 000000003fffffff 
[    0.353907] NetLabel: Initializing
[    0.353909] NetLabel:  domain hash size = 128
[    0.353910] NetLabel:  protocols = UNLABELED CIPSOv4
[    0.353917] NetLabel:  unlabeled traffic allowed by default
[    0.353968] hpet0: at MMIO 0xfed00000, IRQs 2, 8, 0, 0, 0, 0, 0, 0, 0, 0, 0, 0, 0, 0, 0, 0
[    0.353974] hpet0: 16 comparators, 64-bit 14.318180 MHz counter
[    0.356005] Switching to clocksource hpet
[    0.362406] AppArmor: AppArmor Filesystem Enabled
[    0.362427] pnp: PnP ACPI init
[    0.362447] ACPI: bus type pnp registered
[    0.363224] pnp 00:00: [bus 00-ff]
[    0.363227] pnp 00:00: [mem 0x000a0000-0x000bffff window]
[    0.363228] pnp 00:00: [mem 0x000c0000-0x000c3fff window]
[    0.363230] pnp 00:00: [mem 0x000c4000-0x000c7fff window]
[    0.363231] pnp 00:00: [mem 0x000c8000-0x000cbfff window]
[    0.363233] pnp 00:00: [mem 0x000cc000-0x000cffff window]
[    0.363234] pnp 00:00: [mem 0x000d0000-0x000d3fff window]
[    0.363235] pnp 00:00: [mem 0x000d4000-0x000d7fff window]
[    0.363237] pnp 00:00: [mem 0x000d8000-0x000dbfff window]
[    0.363238] pnp 00:00: [mem 0x000dc000-0x000dffff window]
[    0.363240] pnp 00:00: [mem 0x000e0000-0x000e3fff window]
[    0.363241] pnp 00:00: [mem 0x000e4000-0x000e7fff window]
[    0.363242] pnp 00:00: [mem 0x000e8000-0x000ebfff window]
[    0.363244] pnp 00:00: [mem 0x000ec000-0x000effff window]
[    0.363245] pnp 00:00: [mem 0xc0000000-0xfebfffff window]
[    0.363247] pnp 00:00: [io  0x0cf8-0x0cff]
[    0.363249] pnp 00:00: [io  0x0000-0x0cf7 window]
[    0.363250] pnp 00:00: [io  0x0d00-0xfeff window]
[    0.363289] pnp 00:00: Plug and Play ACPI device, IDs PNP0a03 PNP0a08 (active)
[    0.363354] pnp 00:01: [io  0x0010-0x001f]
[    0.363355] pnp 00:01: [io  0x0024-0x0025]
[    0.363356] pnp 00:01: [io  0x0028-0x0029]
[    0.363357] pnp 00:01: [io  0x002c-0x002d]
[    0.363359] pnp 00:01: [io  0x002e-0x002f]
[    0.363360] pnp 00:01: [io  0x0030-0x0031]
[    0.363361] pnp 00:01: [io  0x0034-0x0035]
[    0.363362] pnp 00:01: [io  0x0038-0x0039]
[    0.363363] pnp 00:01: [io  0x003c-0x003d]
[    0.363364] pnp 00:01: [io  0x0050-0x0053]
[    0.363366] pnp 00:01: [io  0x0072-0x0077]
[    0.363367] pnp 00:01: [io  0x0080]
[    0.363368] pnp 00:01: [io  0x0090-0x009f]
[    0.363369] pnp 00:01: [io  0x00a4-0x00a5]
[    0.363370] pnp 00:01: [io  0x00a8-0x00a9]
[    0.363371] pnp 00:01: [io  0x00ac-0x00ad]
[    0.363372] pnp 00:01: [io  0x00b0-0x00b5]
[    0.363374] pnp 00:01: [io  0x00b8-0x00b9]
[    0.363375] pnp 00:01: [io  0x00bc-0x00bd]
[    0.363376] pnp 00:01: [io  0x1000-0x103f]
[    0.363377] pnp 00:01: [io  0x1040-0x104f]
[    0.363378] pnp 00:01: [io  0x0cf0-0x0cf1]
[    0.363438] system 00:01: [io  0x1000-0x103f] has been reserved
[    0.363442] system 00:01: [io  0x1040-0x104f] has been reserved
[    0.363444] system 00:01: [io  0x0cf0-0x0cf1] has been reserved
[    0.363446] system 00:01: Plug and Play ACPI device, IDs PNP0c02 (active)
[    0.363453] pnp 00:02: [io  0x0000-0x000f]
[    0.363454] pnp 00:02: [io  0x0081-0x008f]
[    0.363455] pnp 00:02: [io  0x00c0-0x00df]
[    0.363457] pnp 00:02: [dma 4]
[    0.363473] pnp 00:02: Plug and Play ACPI device, IDs PNP0200 (active)
[    0.363478] pnp 00:03: [io  0x0020-0x0021]
[    0.363479] pnp 00:03: [io  0x00a0-0x00a1]
[    0.363481] pnp 00:03: [io  0x04d0-0x04d1]
[    0.363482] pnp 00:03: [irq 2 disabled]
[    0.363498] pnp 00:03: Plug and Play ACPI device, IDs PNP0001 (active)
[    0.363504] pnp 00:04: [io  0x0070-0x0071]
[    0.363506] pnp 00:04: [irq 8]
[    0.363519] pnp 00:04: Plug and Play ACPI device, IDs PNP0b00 (active)
[    0.363523] pnp 00:05: [io  0x0061]
[    0.363536] pnp 00:05: Plug and Play ACPI device, IDs PNP0800 (active)
[    0.363541] pnp 00:06: [io  0x0060]
[    0.363542] pnp 00:06: [io  0x0064]
[    0.363543] pnp 00:06: [irq 1]
[    0.363558] pnp 00:06: Plug and Play ACPI device, IDs PNP0303 (active)
[    0.363563] pnp 00:07: [irq 12]
[    0.363576] pnp 00:07: Plug and Play ACPI device, IDs PNP0f13 (active)
[    0.363738] pnp 00:08: [mem 0xfed00000-0xfed003ff]
[    0.363773] system 00:08: [mem 0xfed00000-0xfed003ff] has been reserved
[    0.363775] system 00:08: Plug and Play ACPI device, IDs PNP0103 PNP0c01 (active)
[    0.368329] pnp 00:09: [io  0x0378-0x037f]
[    0.368332] pnp 00:09: [irq 7]
[    0.369515] pnp 00:09: Plug and Play ACPI device, IDs PNP0400 (active)
[    0.373591] pnp 00:0a: [io  0x03f8-0x03ff]
[    0.373594] pnp 00:0a: [irq 4]
[    0.374921] pnp 00:0a: Plug and Play ACPI device, IDs PNP0501 (active)
[    0.378716] pnp 00:0b: [io  0x02f8-0x02ff]
[    0.378719] pnp 00:0b: [irq 3]
[    0.379879] pnp 00:0b: Plug and Play ACPI device, IDs PNP0501 (active)
[    0.385087] pnp 00:0c: [io  0x03f0-0x03f5]
[    0.385089] pnp 00:0c: [io  0x03f7]
[    0.385091] pnp 00:0c: [irq 6]
[    0.385093] pnp 00:0c: [dma 2]
[    0.386146] pnp 00:0c: Plug and Play ACPI device, IDs PNP0700 (active)
[    0.386307] pnp 00:0d: [mem 0xe0000000-0xefffffff]
[    0.386308] pnp 00:0d: [io  0x1060-0x107f]
[    0.386310] pnp 00:0d: [mem 0xc8200000-0xc83fffff]
[    0.386350] system 00:0d: [io  0x1060-0x107f] has been reserved
[    0.386353] system 00:0d: [mem 0xe0000000-0xefffffff] has been reserved
[    0.386355] system 00:0d: [mem 0xc8200000-0xc83fffff] has been reserved
[    0.386357] system 00:0d: Plug and Play ACPI device, IDs PNP0c02 (active)
[    0.391210] pnp: PnP ACPI: found 14 devices
[    0.391212] ACPI: ACPI bus type pnp unregistered
[    0.391215] PnPBIOS: Disabled by ACPI PNP
[    0.426877] PCI: max bus depth: 1 pci_try_num: 2
[    0.427950] pci 0000:00:0f.0: BAR 6: assigned [mem 0xc0000000-0xc0007fff pref]
[    0.427955] pci 0000:00:10.0: BAR 6: assigned [mem 0xc0008000-0xc000bfff pref]
[    0.427959] pci 0000:00:18.7: BAR 13: can't assign io (size 0x1000)
[    0.427963] pci 0000:00:18.6: BAR 13: can't assign io (size 0x1000)
[    0.427966] pci 0000:00:18.5: BAR 13: can't assign io (size 0x1000)
[    0.427969] pci 0000:00:18.4: BAR 13: can't assign io (size 0x1000)
[    0.427972] pci 0000:00:18.3: BAR 13: can't assign io (size 0x1000)
[    0.427975] pci 0000:00:18.2: BAR 13: can't assign io (size 0x1000)
[    0.427978] pci 0000:00:17.7: BAR 13: can't assign io (size 0x1000)
[    0.427980] pci 0000:00:17.6: BAR 13: can't assign io (size 0x1000)
[    0.427984] pci 0000:00:17.5: BAR 13: can't assign io (size 0x1000)
[    0.427986] pci 0000:00:17.4: BAR 13: can't assign io (size 0x1000)
[    0.427989] pci 0000:00:17.3: BAR 13: can't assign io (size 0x1000)
[    0.427992] pci 0000:00:16.7: BAR 13: can't assign io (size 0x1000)
[    0.427995] pci 0000:00:16.6: BAR 13: can't assign io (size 0x1000)
[    0.427998] pci 0000:00:16.5: BAR 13: can't assign io (size 0x1000)
[    0.428001] pci 0000:00:16.4: BAR 13: can't assign io (size 0x1000)
[    0.428004] pci 0000:00:16.3: BAR 13: can't assign io (size 0x1000)
[    0.428007] pci 0000:00:15.7: BAR 13: can't assign io (size 0x1000)
[    0.428010] pci 0000:00:15.6: BAR 13: can't assign io (size 0x1000)
[    0.428013] pci 0000:00:15.5: BAR 13: can't assign io (size 0x1000)
[    0.428016] pci 0000:00:15.4: BAR 13: can't assign io (size 0x1000)
[    0.428019] pci 0000:00:15.3: BAR 13: can't assign io (size 0x1000)
[    0.428022] pci 0000:00:01.0: PCI bridge to [bus 01-01]
[    0.428065] pci 0000:02:01.0: BAR 6: assigned [mem 0xd8400000-0xd840ffff pref]
[    0.428067] pci 0000:00:11.0: PCI bridge to [bus 02-02]
[    0.428081] pci 0000:00:11.0:   bridge window [io  0x2000-0x3fff]
[    0.428116] pci 0000:00:11.0:   bridge window [mem 0xc9000000-0xca3fffff]
[    0.428140] pci 0000:00:11.0:   bridge window [mem 0xd8400000-0xd89fffff 64bit pref]
[    0.428182] pci 0000:00:15.0: PCI bridge to [bus 03-03]
[    0.428196] pci 0000:00:15.0:   bridge window [io  0x4000-0x4fff]
[    0.428230] pci 0000:00:15.0:   bridge window [mem 0xca400000-0xca4fffff]
[    0.428254] pci 0000:00:15.0:   bridge window [mem 0xd8a00000-0xd8afffff 64bit pref]
[    0.428297] pci 0000:00:15.1: PCI bridge to [bus 04-04]
[    0.428311] pci 0000:00:15.1:   bridge window [io  0x8000-0x8fff]
[    0.428345] pci 0000:00:15.1:   bridge window [mem 0xca800000-0xca8fffff]
[    0.428369] pci 0000:00:15.1:   bridge window [mem 0xd8e00000-0xd8efffff 64bit pref]
[    0.428411] pci 0000:00:15.2: PCI bridge to [bus 05-05]
[    0.428425] pci 0000:00:15.2:   bridge window [io  0xc000-0xcfff]
[    0.428459] pci 0000:00:15.2:   bridge window [mem 0xcac00000-0xcacfffff]
[    0.428483] pci 0000:00:15.2:   bridge window [mem 0xd9200000-0xd92fffff 64bit pref]
[    0.428525] pci 0000:00:15.3: PCI bridge to [bus 06-06]
[    0.428560] pci 0000:00:15.3:   bridge window [mem 0xcb000000-0xcb0fffff]
[    0.428583] pci 0000:00:15.3:   bridge window [mem 0xd9600000-0xd96fffff 64bit pref]
[    0.428626] pci 0000:00:15.4: PCI bridge to [bus 07-07]
[    0.428660] pci 0000:00:15.4:   bridge window [mem 0xcb400000-0xcb4fffff]
[    0.428692] pci 0000:00:15.4:   bridge window [mem 0xd9a00000-0xd9afffff 64bit pref]
[    0.428735] pci 0000:00:15.5: PCI bridge to [bus 08-08]
[    0.428769] pci 0000:00:15.5:   bridge window [mem 0xcb800000-0xcb8fffff]
[    0.428793] pci 0000:00:15.5:   bridge window [mem 0xd9e00000-0xd9efffff 64bit pref]
[    0.428835] pci 0000:00:15.6: PCI bridge to [bus 09-09]
[    0.428870] pci 0000:00:15.6:   bridge window [mem 0xcbc00000-0xcbcfffff]
[    0.428893] pci 0000:00:15.6:   bridge window [mem 0xda200000-0xda2fffff 64bit pref]
[    0.428936] pci 0000:00:15.7: PCI bridge to [bus 0a-0a]
[    0.428970] pci 0000:00:15.7:   bridge window [mem 0xcc000000-0xcc0fffff]
[    0.428994] pci 0000:00:15.7:   bridge window [mem 0xda600000-0xda6fffff 64bit pref]
[    0.429036] pci 0000:00:16.0: PCI bridge to [bus 0b-0b]
[    0.429051] pci 0000:00:16.0:   bridge window [io  0x5000-0x5fff]
[    0.429085] pci 0000:00:16.0:   bridge window [mem 0xca500000-0xca5fffff]
[    0.429108] pci 0000:00:16.0:   bridge window [mem 0xd8b00000-0xd8bfffff 64bit pref]
[    0.429151] pci 0000:00:16.1: PCI bridge to [bus 0c-0c]
[    0.429165] pci 0000:00:16.1:   bridge window [io  0x9000-0x9fff]
[    0.429199] pci 0000:00:16.1:   bridge window [mem 0xca900000-0xca9fffff]
[    0.429222] pci 0000:00:16.1:   bridge window [mem 0xd8f00000-0xd8ffffff 64bit pref]
[    0.429265] pci 0000:00:16.2: PCI bridge to [bus 0d-0d]
[    0.429279] pci 0000:00:16.2:   bridge window [io  0xd000-0xdfff]
[    0.429313] pci 0000:00:16.2:   bridge window [mem 0xcad00000-0xcadfffff]
[    0.429337] pci 0000:00:16.2:   bridge window [mem 0xd9300000-0xd93fffff 64bit pref]
[    0.429379] pci 0000:00:16.3: PCI bridge to [bus 0e-0e]
[    0.429414] pci 0000:00:16.3:   bridge window [mem 0xcb100000-0xcb1fffff]
[    0.429437] pci 0000:00:16.3:   bridge window [mem 0xd9700000-0xd97fffff 64bit pref]
[    0.429480] pci 0000:00:16.4: PCI bridge to [bus 0f-0f]
[    0.429514] pci 0000:00:16.4:   bridge window [mem 0xcb500000-0xcb5fffff]
[    0.429538] pci 0000:00:16.4:   bridge window [mem 0xd9b00000-0xd9bfffff 64bit pref]
[    0.429580] pci 0000:00:16.5: PCI bridge to [bus 10-10]
[    0.429615] pci 0000:00:16.5:   bridge window [mem 0xcb900000-0xcb9fffff]
[    0.429644] pci 0000:00:16.5:   bridge window [mem 0xd9f00000-0xd9ffffff 64bit pref]
[    0.429687] pci 0000:00:16.6: PCI bridge to [bus 11-11]
[    0.429721] pci 0000:00:16.6:   bridge window [mem 0xcbd00000-0xcbdfffff]
[    0.429745] pci 0000:00:16.6:   bridge window [mem 0xda300000-0xda3fffff 64bit pref]
[    0.429787] pci 0000:00:16.7: PCI bridge to [bus 12-12]
[    0.429822] pci 0000:00:16.7:   bridge window [mem 0xcc100000-0xcc1fffff]
[    0.429845] pci 0000:00:16.7:   bridge window [mem 0xda700000-0xda7fffff 64bit pref]
[    0.429888] pci 0000:00:17.0: PCI bridge to [bus 13-13]
[    0.429902] pci 0000:00:17.0:   bridge window [io  0x6000-0x6fff]
[    0.429936] pci 0000:00:17.0:   bridge window [mem 0xca600000-0xca6fffff]
[    0.429960] pci 0000:00:17.0:   bridge window [mem 0xd8c00000-0xd8cfffff 64bit pref]
[    0.430003] pci 0000:00:17.1: PCI bridge to [bus 14-14]
[    0.430017] pci 0000:00:17.1:   bridge window [io  0xa000-0xafff]
[    0.430050] pci 0000:00:17.1:   bridge window [mem 0xcaa00000-0xcaafffff]
[    0.430074] pci 0000:00:17.1:   bridge window [mem 0xd9000000-0xd90fffff 64bit pref]
[    0.430117] pci 0000:00:17.2: PCI bridge to [bus 15-15]
[    0.430131] pci 0000:00:17.2:   bridge window [io  0xe000-0xefff]
[    0.430165] pci 0000:00:17.2:   bridge window [mem 0xcae00000-0xcaefffff]
[    0.430189] pci 0000:00:17.2:   bridge window [mem 0xd9400000-0xd94fffff 64bit pref]
[    0.430231] pci 0000:00:17.3: PCI bridge to [bus 16-16]
[    0.430266] pci 0000:00:17.3:   bridge window [mem 0xcb200000-0xcb2fffff]
[    0.430289] pci 0000:00:17.3:   bridge window [mem 0xd9800000-0xd98fffff 64bit pref]
[    0.430332] pci 0000:00:17.4: PCI bridge to [bus 17-17]
[    0.430366] pci 0000:00:17.4:   bridge window [mem 0xcb600000-0xcb6fffff]
[    0.430390] pci 0000:00:17.4:   bridge window [mem 0xd9c00000-0xd9cfffff 64bit pref]
[    0.430432] pci 0000:00:17.5: PCI bridge to [bus 18-18]
[    0.430466] pci 0000:00:17.5:   bridge window [mem 0xcba00000-0xcbafffff]
[    0.430490] pci 0000:00:17.5:   bridge window [mem 0xda000000-0xda0fffff 64bit pref]
[    0.430533] pci 0000:00:17.6: PCI bridge to [bus 19-19]
[    0.430575] pci 0000:00:17.6:   bridge window [mem 0xcbe00000-0xcbefffff]
[    0.430598] pci 0000:00:17.6:   bridge window [mem 0xda400000-0xda4fffff 64bit pref]
[    0.430641] pci 0000:00:17.7: PCI bridge to [bus 1a-1a]
[    0.430675] pci 0000:00:17.7:   bridge window [mem 0xcc200000-0xcc2fffff]
[    0.430699] pci 0000:00:17.7:   bridge window [mem 0xda800000-0xda8fffff 64bit pref]
[    0.430742] pci 0000:00:18.0: PCI bridge to [bus 1b-1b]
[    0.430755] pci 0000:00:18.0:   bridge window [io  0x7000-0x7fff]
[    0.430790] pci 0000:00:18.0:   bridge window [mem 0xca700000-0xca7fffff]
[    0.430813] pci 0000:00:18.0:   bridge window [mem 0xd8d00000-0xd8dfffff 64bit pref]
[    0.430856] pci 0000:00:18.1: PCI bridge to [bus 1c-1c]
[    0.430869] pci 0000:00:18.1:   bridge window [io  0xb000-0xbfff]
[    0.430904] pci 0000:00:18.1:   bridge window [mem 0xcab00000-0xcabfffff]
[    0.430927] pci 0000:00:18.1:   bridge window [mem 0xd9100000-0xd91fffff 64bit pref]
[    0.430970] pci 0000:00:18.2: PCI bridge to [bus 1d-1d]
[    0.431004] pci 0000:00:18.2:   bridge window [mem 0xcaf00000-0xcaffffff]
[    0.431028] pci 0000:00:18.2:   bridge window [mem 0xd9500000-0xd95fffff 64bit pref]
[    0.431070] pci 0000:00:18.3: PCI bridge to [bus 1e-1e]
[    0.431105] pci 0000:00:18.3:   bridge window [mem 0xcb300000-0xcb3fffff]
[    0.431129] pci 0000:00:18.3:   bridge window [mem 0xd9900000-0xd99fffff 64bit pref]
[    0.431171] pci 0000:00:18.4: PCI bridge to [bus 1f-1f]
[    0.431206] pci 0000:00:18.4:   bridge window [mem 0xcb700000-0xcb7fffff]
[    0.431229] pci 0000:00:18.4:   bridge window [mem 0xd9d00000-0xd9dfffff 64bit pref]
[    0.431272] pci 0000:00:18.5: PCI bridge to [bus 20-20]
[    0.431306] pci 0000:00:18.5:   bridge window [mem 0xcbb00000-0xcbbfffff]
[    0.431330] pci 0000:00:18.5:   bridge window [mem 0xda100000-0xda1fffff 64bit pref]
[    0.431372] pci 0000:00:18.6: PCI bridge to [bus 21-21]
[    0.431406] pci 0000:00:18.6:   bridge window [mem 0xcbf00000-0xcbffffff]
[    0.431431] pci 0000:00:18.6:   bridge window [mem 0xda500000-0xda5fffff 64bit pref]
[    0.431473] pci 0000:00:18.7: PCI bridge to [bus 22-22]
[    0.431516] pci 0000:00:18.7:   bridge window [mem 0xcc300000-0xcc3fffff]
[    0.431542] pci 0000:00:18.7:   bridge window [mem 0xda900000-0xda9fffff 64bit pref]
[    0.431585] pci 0000:00:01.0: setting latency timer to 64
[    0.431627] pci 0000:00:15.0: setting latency timer to 64
[    0.431670] pci 0000:00:15.1: setting latency timer to 64
[    0.431713] pci 0000:00:15.2: setting latency timer to 64
[    0.431755] pci 0000:00:15.3: setting latency timer to 64
[    0.431798] pci 0000:00:15.4: setting latency timer to 64
[    0.431840] pci 0000:00:15.5: setting latency timer to 64
[    0.431904] pci 0000:00:15.6: setting latency timer to 64
[    0.431947] pci 0000:00:15.7: setting latency timer to 64
[    0.431989] pci 0000:00:16.0: setting latency timer to 64
[    0.432032] pci 0000:00:16.1: setting latency timer to 64
[    0.432075] pci 0000:00:16.2: setting latency timer to 64
[    0.432117] pci 0000:00:16.3: setting latency timer to 64
[    0.432160] pci 0000:00:16.4: setting latency timer to 64
[    0.432202] pci 0000:00:16.5: setting latency timer to 64
[    0.432245] pci 0000:00:16.6: setting latency timer to 64
[    0.432288] pci 0000:00:16.7: setting latency timer to 64
[    0.432330] pci 0000:00:17.0: setting latency timer to 64
[    0.432373] pci 0000:00:17.1: setting latency timer to 64
[    0.432416] pci 0000:00:17.2: setting latency timer to 64
[    0.432458] pci 0000:00:17.3: setting latency timer to 64
[    0.432501] pci 0000:00:17.4: setting latency timer to 64
[    0.432543] pci 0000:00:17.5: setting latency timer to 64
[    0.432586] pci 0000:00:17.6: setting latency timer to 64
[    0.432629] pci 0000:00:17.7: setting latency timer to 64
[    0.432671] pci 0000:00:18.0: setting latency timer to 64
[    0.432714] pci 0000:00:18.1: setting latency timer to 64
[    0.432757] pci 0000:00:18.2: setting latency timer to 64
[    0.432799] pci 0000:00:18.3: setting latency timer to 64
[    0.432842] pci 0000:00:18.4: setting latency timer to 64
[    0.432884] pci 0000:00:18.5: setting latency timer to 64
[    0.432927] pci 0000:00:18.6: setting latency timer to 64
[    0.432970] pci 0000:00:18.7: setting latency timer to 64
[    0.432984] pci_bus 0000:00: resource 4 [mem 0x000a0000-0x000bffff]
[    0.432997] pci_bus 0000:00: resource 5 [mem 0x000cc000-0x000cffff]
[    0.433000] pci_bus 0000:00: resource 6 [mem 0x000d0000-0x000d3fff]
[    0.433003] pci_bus 0000:00: resource 7 [mem 0x000d4000-0x000d7fff]
[    0.433006] pci_bus 0000:00: resource 8 [mem 0x000d8000-0x000dbfff]
[    0.433009] pci_bus 0000:00: resource 9 [mem 0xc0000000-0xfebfffff]
[    0.433013] pci_bus 0000:00: resource 10 [io  0x0000-0x0cf7]
[    0.433016] pci_bus 0000:00: resource 11 [io  0x0d00-0xfeff]
[    0.433019] pci_bus 0000:02: resource 0 [io  0x2000-0x3fff]
[    0.433022] pci_bus 0000:02: resource 1 [mem 0xc9000000-0xca3fffff]
[    0.433025] pci_bus 0000:02: resource 2 [mem 0xd8400000-0xd89fffff 64bit pref]
[    0.433028] pci_bus 0000:02: resource 4 [mem 0x000a0000-0x000bffff]
[    0.433031] pci_bus 0000:02: resource 5 [mem 0x000cc000-0x000cffff]
[    0.433034] pci_bus 0000:02: resource 6 [mem 0x000d0000-0x000d3fff]
[    0.433037] pci_bus 0000:02: resource 7 [mem 0x000d4000-0x000d7fff]
[    0.433040] pci_bus 0000:02: resource 8 [mem 0x000d8000-0x000dbfff]
[    0.433043] pci_bus 0000:02: resource 9 [mem 0xc0000000-0xfebfffff]
[    0.433046] pci_bus 0000:02: resource 10 [io  0x0000-0x0cf7]
[    0.433049] pci_bus 0000:02: resource 11 [io  0x0d00-0xfeff]
[    0.433052] pci_bus 0000:03: resource 0 [io  0x4000-0x4fff]
[    0.433055] pci_bus 0000:03: resource 1 [mem 0xca400000-0xca4fffff]
[    0.433058] pci_bus 0000:03: resource 2 [mem 0xd8a00000-0xd8afffff 64bit pref]
[    0.433061] pci_bus 0000:04: resource 0 [io  0x8000-0x8fff]
[    0.433064] pci_bus 0000:04: resource 1 [mem 0xca800000-0xca8fffff]
[    0.433067] pci_bus 0000:04: resource 2 [mem 0xd8e00000-0xd8efffff 64bit pref]
[    0.433070] pci_bus 0000:05: resource 0 [io  0xc000-0xcfff]
[    0.433073] pci_bus 0000:05: resource 1 [mem 0xcac00000-0xcacfffff]
[    0.433076] pci_bus 0000:05: resource 2 [mem 0xd9200000-0xd92fffff 64bit pref]
[    0.433079] pci_bus 0000:06: resource 1 [mem 0xcb000000-0xcb0fffff]
[    0.433082] pci_bus 0000:06: resource 2 [mem 0xd9600000-0xd96fffff 64bit pref]
[    0.433085] pci_bus 0000:07: resource 1 [mem 0xcb400000-0xcb4fffff]
[    0.433088] pci_bus 0000:07: resource 2 [mem 0xd9a00000-0xd9afffff 64bit pref]
[    0.433092] pci_bus 0000:08: resource 1 [mem 0xcb800000-0xcb8fffff]
[    0.433095] pci_bus 0000:08: resource 2 [mem 0xd9e00000-0xd9efffff 64bit pref]
[    0.433098] pci_bus 0000:09: resource 1 [mem 0xcbc00000-0xcbcfffff]
[    0.433101] pci_bus 0000:09: resource 2 [mem 0xda200000-0xda2fffff 64bit pref]
[    0.433104] pci_bus 0000:0a: resource 1 [mem 0xcc000000-0xcc0fffff]
[    0.433107] pci_bus 0000:0a: resource 2 [mem 0xda600000-0xda6fffff 64bit pref]
[    0.433111] pci_bus 0000:0b: resource 0 [io  0x5000-0x5fff]
[    0.433114] pci_bus 0000:0b: resource 1 [mem 0xca500000-0xca5fffff]
[    0.433117] pci_bus 0000:0b: resource 2 [mem 0xd8b00000-0xd8bfffff 64bit pref]
[    0.433120] pci_bus 0000:0c: resource 0 [io  0x9000-0x9fff]
[    0.433123] pci_bus 0000:0c: resource 1 [mem 0xca900000-0xca9fffff]
[    0.433126] pci_bus 0000:0c: resource 2 [mem 0xd8f00000-0xd8ffffff 64bit pref]
[    0.433129] pci_bus 0000:0d: resource 0 [io  0xd000-0xdfff]
[    0.433132] pci_bus 0000:0d: resource 1 [mem 0xcad00000-0xcadfffff]
[    0.433135] pci_bus 0000:0d: resource 2 [mem 0xd9300000-0xd93fffff 64bit pref]
[    0.433138] pci_bus 0000:0e: resource 1 [mem 0xcb100000-0xcb1fffff]
[    0.433141] pci_bus 0000:0e: resource 2 [mem 0xd9700000-0xd97fffff 64bit pref]
[    0.433145] pci_bus 0000:0f: resource 1 [mem 0xcb500000-0xcb5fffff]
[    0.433148] pci_bus 0000:0f: resource 2 [mem 0xd9b00000-0xd9bfffff 64bit pref]
[    0.433152] pci_bus 0000:10: resource 1 [mem 0xcb900000-0xcb9fffff]
[    0.433154] pci_bus 0000:10: resource 2 [mem 0xd9f00000-0xd9ffffff 64bit pref]
[    0.433157] pci_bus 0000:11: resource 1 [mem 0xcbd00000-0xcbdfffff]
[    0.433160] pci_bus 0000:11: resource 2 [mem 0xda300000-0xda3fffff 64bit pref]
[    0.433164] pci_bus 0000:12: resource 1 [mem 0xcc100000-0xcc1fffff]
[    0.433167] pci_bus 0000:12: resource 2 [mem 0xda700000-0xda7fffff 64bit pref]
[    0.433170] pci_bus 0000:13: resource 0 [io  0x6000-0x6fff]
[    0.433173] pci_bus 0000:13: resource 1 [mem 0xca600000-0xca6fffff]
[    0.433176] pci_bus 0000:13: resource 2 [mem 0xd8c00000-0xd8cfffff 64bit pref]
[    0.433179] pci_bus 0000:14: resource 0 [io  0xa000-0xafff]
[    0.433182] pci_bus 0000:14: resource 1 [mem 0xcaa00000-0xcaafffff]
[    0.433185] pci_bus 0000:14: resource 2 [mem 0xd9000000-0xd90fffff 64bit pref]
[    0.433188] pci_bus 0000:15: resource 0 [io  0xe000-0xefff]
[    0.433191] pci_bus 0000:15: resource 1 [mem 0xcae00000-0xcaefffff]
[    0.433193] pci_bus 0000:15: resource 2 [mem 0xd9400000-0xd94fffff 64bit pref]
[    0.433195] pci_bus 0000:16: resource 1 [mem 0xcb200000-0xcb2fffff]
[    0.433198] pci_bus 0000:16: resource 2 [mem 0xd9800000-0xd98fffff 64bit pref]
[    0.433200] pci_bus 0000:17: resource 1 [mem 0xcb600000-0xcb6fffff]
[    0.433202] pci_bus 0000:17: resource 2 [mem 0xd9c00000-0xd9cfffff 64bit pref]
[    0.433204] pci_bus 0000:18: resource 1 [mem 0xcba00000-0xcbafffff]
[    0.433206] pci_bus 0000:18: resource 2 [mem 0xda000000-0xda0fffff 64bit pref]
[    0.433209] pci_bus 0000:19: resource 1 [mem 0xcbe00000-0xcbefffff]
[    0.433211] pci_bus 0000:19: resource 2 [mem 0xda400000-0xda4fffff 64bit pref]
[    0.433213] pci_bus 0000:1a: resource 1 [mem 0xcc200000-0xcc2fffff]
[    0.433215] pci_bus 0000:1a: resource 2 [mem 0xda800000-0xda8fffff 64bit pref]
[    0.433217] pci_bus 0000:1b: resource 0 [io  0x7000-0x7fff]
[    0.433219] pci_bus 0000:1b: resource 1 [mem 0xca700000-0xca7fffff]
[    0.433221] pci_bus 0000:1b: resource 2 [mem 0xd8d00000-0xd8dfffff 64bit pref]
[    0.433224] pci_bus 0000:1c: resource 0 [io  0xb000-0xbfff]
[    0.433226] pci_bus 0000:1c: resource 1 [mem 0xcab00000-0xcabfffff]
[    0.433228] pci_bus 0000:1c: resource 2 [mem 0xd9100000-0xd91fffff 64bit pref]
[    0.433230] pci_bus 0000:1d: resource 1 [mem 0xcaf00000-0xcaffffff]
[    0.433232] pci_bus 0000:1d: resource 2 [mem 0xd9500000-0xd95fffff 64bit pref]
[    0.433234] pci_bus 0000:1e: resource 1 [mem 0xcb300000-0xcb3fffff]
[    0.433236] pci_bus 0000:1e: resource 2 [mem 0xd9900000-0xd99fffff 64bit pref]
[    0.433239] pci_bus 0000:1f: resource 1 [mem 0xcb700000-0xcb7fffff]
[    0.433241] pci_bus 0000:1f: resource 2 [mem 0xd9d00000-0xd9dfffff 64bit pref]
[    0.433243] pci_bus 0000:20: resource 1 [mem 0xcbb00000-0xcbbfffff]
[    0.433245] pci_bus 0000:20: resource 2 [mem 0xda100000-0xda1fffff 64bit pref]
[    0.433247] pci_bus 0000:21: resource 1 [mem 0xcbf00000-0xcbffffff]
[    0.433249] pci_bus 0000:21: resource 2 [mem 0xda500000-0xda5fffff 64bit pref]
[    0.433252] pci_bus 0000:22: resource 1 [mem 0xcc300000-0xcc3fffff]
[    0.433254] pci_bus 0000:22: resource 2 [mem 0xda900000-0xda9fffff 64bit pref]
[    0.433288] NET: Registered protocol family 2
[    0.433327] IP route cache hash table entries: 32768 (order: 5, 131072 bytes)
[    0.433370] TCP established hash table entries: 131072 (order: 8, 1048576 bytes)
[    0.433412] TCP bind hash table entries: 65536 (order: 7, 524288 bytes)
[    0.433455] TCP: Hash tables configured (established 131072 bind 65536)
[    0.433457] TCP reno registered
[    0.433460] UDP hash table entries: 512 (order: 2, 16384 bytes)
[    0.433468] UDP-Lite hash table entries: 512 (order: 2, 16384 bytes)
[    0.433510] NET: Registered protocol family 1
[    0.433518] pci 0000:00:00.0: Limiting direct PCI/PCI transfers
[    0.433561] pci 0000:00:0f.0: Boot video device
[    0.433603] ACPI: PCI Interrupt Link [LNKC] enabled at IRQ 10
[    0.433606] PCI: setting IRQ 10 as level-triggered
[    0.433613] pci 0000:02:00.0: PCI INT A -> Link[LNKC] -> GSI 10 (level, low) -> IRQ 10
[    0.433703] pci 0000:02:00.0: PCI INT A disabled
[    0.433746] ACPI: PCI Interrupt Link [LNKB] enabled at IRQ 11
[    0.433748] PCI: setting IRQ 11 as level-triggered
[    0.433752] pci 0000:02:03.0: PCI INT A -> Link[LNKB] -> GSI 11 (level, low) -> IRQ 11
[    0.433795] pci 0000:02:03.0: PCI INT A disabled
[    0.433810] PCI: CLS 32 bytes, default 64
[    0.433851] Simple Boot Flag at 0x36 set to 0x1
[    0.433856] Switching to clocksource tsc
[    0.434048] audit: initializing netlink socket (disabled)
[    0.434055] type=2000 audit(1369643119.417:1): initialized
[    0.447979] Trying to unpack rootfs image as initramfs...
[    0.468049] highmem bounce pool size: 64 pages
[    0.468056] HugeTLB registered 2 MB page size, pre-allocated 0 pages
[    0.472031] VFS: Disk quotas dquot_6.5.2
[    0.472074] Dquot-cache hash table entries: 1024 (order 0, 4096 bytes)
[    0.475977] fuse init (API version 7.17)
[    0.476056] msgmni has been set to 1710
[    0.487914] Block layer SCSI generic (bsg) driver version 0.4 loaded (major 253)
[    0.487946] io scheduler noop registered
[    0.487948] io scheduler deadline registered
[    0.487954] io scheduler cfq registered (default)
[    0.487997] pcieport 0000:00:15.0: setting latency timer to 64
[    0.488039] pcieport 0000:00:15.0: irq 40 for MSI/MSI-X
[    0.488082] pcieport 0000:00:15.1: setting latency timer to 64
[    0.488125] pcieport 0000:00:15.1: irq 41 for MSI/MSI-X
[    0.488167] pcieport 0000:00:15.2: setting latency timer to 64
[    0.488210] pcieport 0000:00:15.2: irq 42 for MSI/MSI-X
[    0.488253] pcieport 0000:00:15.3: setting latency timer to 64
[    0.488295] pcieport 0000:00:15.3: irq 43 for MSI/MSI-X
[    0.488338] pcieport 0000:00:15.4: setting latency timer to 64
[    0.488380] pcieport 0000:00:15.4: irq 44 for MSI/MSI-X
[    0.488423] pcieport 0000:00:15.5: setting latency timer to 64
[    0.488466] pcieport 0000:00:15.5: irq 45 for MSI/MSI-X
[    0.488508] pcieport 0000:00:15.6: setting latency timer to 64
[    0.488551] pcieport 0000:00:15.6: irq 46 for MSI/MSI-X
[    0.488594] pcieport 0000:00:15.7: setting latency timer to 64
[    0.488636] pcieport 0000:00:15.7: irq 47 for MSI/MSI-X
[    0.488679] pcieport 0000:00:16.0: setting latency timer to 64
[    0.488721] pcieport 0000:00:16.0: irq 48 for MSI/MSI-X
[    0.488764] pcieport 0000:00:16.1: setting latency timer to 64
[    0.488807] pcieport 0000:00:16.1: irq 49 for MSI/MSI-X
[    0.488849] pcieport 0000:00:16.2: setting latency timer to 64
[    0.488892] pcieport 0000:00:16.2: irq 50 for MSI/MSI-X
[    0.488935] pcieport 0000:00:16.3: setting latency timer to 64
[    0.488977] pcieport 0000:00:16.3: irq 51 for MSI/MSI-X
[    0.489020] pcieport 0000:00:16.4: setting latency timer to 64
[    0.489062] pcieport 0000:00:16.4: irq 52 for MSI/MSI-X
[    0.489105] pcieport 0000:00:16.5: setting latency timer to 64
[    0.489148] pcieport 0000:00:16.5: irq 53 for MSI/MSI-X
[    0.489190] pcieport 0000:00:16.6: setting latency timer to 64
[    0.489233] pcieport 0000:00:16.6: irq 54 for MSI/MSI-X
[    0.489276] pcieport 0000:00:16.7: setting latency timer to 64
[    0.489318] pcieport 0000:00:16.7: irq 55 for MSI/MSI-X
[    0.489361] pcieport 0000:00:17.0: setting latency timer to 64
[    0.489403] pcieport 0000:00:17.0: irq 56 for MSI/MSI-X
[    0.489446] pcieport 0000:00:17.1: setting latency timer to 64
[    0.489489] pcieport 0000:00:17.1: irq 57 for MSI/MSI-X
[    0.489531] pcieport 0000:00:17.2: setting latency timer to 64
[    0.489574] pcieport 0000:00:17.2: irq 58 for MSI/MSI-X
[    0.489617] pcieport 0000:00:17.3: setting latency timer to 64
[    0.489659] pcieport 0000:00:17.3: irq 59 for MSI/MSI-X
[    0.489702] pcieport 0000:00:17.4: setting latency timer to 64
[    0.489745] pcieport 0000:00:17.4: irq 60 for MSI/MSI-X
[    0.489787] pcieport 0000:00:17.5: setting latency timer to 64
[    0.489830] pcieport 0000:00:17.5: irq 61 for MSI/MSI-X
[    0.489872] pcieport 0000:00:17.6: setting latency timer to 64
[    0.489915] pcieport 0000:00:17.6: irq 62 for MSI/MSI-X
[    0.489958] pcieport 0000:00:17.7: setting latency timer to 64
[    0.490000] pcieport 0000:00:17.7: irq 63 for MSI/MSI-X
[    0.490043] pcieport 0000:00:18.0: setting latency timer to 64
[    0.490086] pcieport 0000:00:18.0: irq 64 for MSI/MSI-X
[    0.490128] pcieport 0000:00:18.1: setting latency timer to 64
[    0.490171] pcieport 0000:00:18.1: irq 65 for MSI/MSI-X
[    0.490213] pcieport 0000:00:18.2: setting latency timer to 64
[    0.490256] pcieport 0000:00:18.2: irq 66 for MSI/MSI-X
[    0.490299] pcieport 0000:00:18.3: setting latency timer to 64
[    0.490341] pcieport 0000:00:18.3: irq 67 for MSI/MSI-X
[    0.490384] pcieport 0000:00:18.4: setting latency timer to 64
[    0.490427] pcieport 0000:00:18.4: irq 68 for MSI/MSI-X
[    0.490469] pcieport 0000:00:18.5: setting latency timer to 64
[    0.490512] pcieport 0000:00:18.5: irq 69 for MSI/MSI-X
[    0.490554] pcieport 0000:00:18.6: setting latency timer to 64
[    0.490597] pcieport 0000:00:18.6: irq 70 for MSI/MSI-X
[    0.490640] pcieport 0000:00:18.7: setting latency timer to 64
[    0.490682] pcieport 0000:00:18.7: irq 71 for MSI/MSI-X
[    0.490725] pcieport 0000:00:15.0: Signaling PME through PCIe PME interrupt
[    0.490751] pcie_pme 0000:00:15.0:pcie01: service driver pcie_pme loaded
[    0.490794] pcieport 0000:00:15.1: Signaling PME through PCIe PME interrupt
[    0.490819] pcie_pme 0000:00:15.1:pcie01: service driver pcie_pme loaded
[    0.490862] pcieport 0000:00:15.2: Signaling PME through PCIe PME interrupt
[    0.490887] pcie_pme 0000:00:15.2:pcie01: service driver pcie_pme loaded
[    0.490929] pcieport 0000:00:15.3: Signaling PME through PCIe PME interrupt
[    0.490955] pcie_pme 0000:00:15.3:pcie01: service driver pcie_pme loaded
[    0.490997] pcieport 0000:00:15.4: Signaling PME through PCIe PME interrupt
[    0.491022] pcie_pme 0000:00:15.4:pcie01: service driver pcie_pme loaded
[    0.491065] pcieport 0000:00:15.5: Signaling PME through PCIe PME interrupt
[    0.491090] pcie_pme 0000:00:15.5:pcie01: service driver pcie_pme loaded
[    0.491133] pcieport 0000:00:15.6: Signaling PME through PCIe PME interrupt
[    0.491158] pcie_pme 0000:00:15.6:pcie01: service driver pcie_pme loaded
[    0.491201] pcieport 0000:00:15.7: Signaling PME through PCIe PME interrupt
[    0.491226] pcie_pme 0000:00:15.7:pcie01: service driver pcie_pme loaded
[    0.491268] pcieport 0000:00:16.0: Signaling PME through PCIe PME interrupt
[    0.491293] pcie_pme 0000:00:16.0:pcie01: service driver pcie_pme loaded
[    0.491336] pcieport 0000:00:16.1: Signaling PME through PCIe PME interrupt
[    0.491361] pcie_pme 0000:00:16.1:pcie01: service driver pcie_pme loaded
[    0.491404] pcieport 0000:00:16.2: Signaling PME through PCIe PME interrupt
[    0.491429] pcie_pme 0000:00:16.2:pcie01: service driver pcie_pme loaded
[    0.491472] pcieport 0000:00:16.3: Signaling PME through PCIe PME interrupt
[    0.491497] pcie_pme 0000:00:16.3:pcie01: service driver pcie_pme loaded
[    0.491540] pcieport 0000:00:16.4: Signaling PME through PCIe PME interrupt
[    0.491565] pcie_pme 0000:00:16.4:pcie01: service driver pcie_pme loaded
[    0.491607] pcieport 0000:00:16.5: Signaling PME through PCIe PME interrupt
[    0.491633] pcie_pme 0000:00:16.5:pcie01: service driver pcie_pme loaded
[    0.491675] pcieport 0000:00:16.6: Signaling PME through PCIe PME interrupt
[    0.491700] pcie_pme 0000:00:16.6:pcie01: service driver pcie_pme loaded
[    0.491854] pcieport 0000:00:16.7: Signaling PME through PCIe PME interrupt
[    0.491881] pcie_pme 0000:00:16.7:pcie01: service driver pcie_pme loaded
[    0.491924] pcieport 0000:00:17.0: Signaling PME through PCIe PME interrupt
[    0.491949] pcie_pme 0000:00:17.0:pcie01: service driver pcie_pme loaded
[    0.491992] pcieport 0000:00:17.1: Signaling PME through PCIe PME interrupt
[    0.492017] pcie_pme 0000:00:17.1:pcie01: service driver pcie_pme loaded
[    0.492060] pcieport 0000:00:17.2: Signaling PME through PCIe PME interrupt
[    0.492085] pcie_pme 0000:00:17.2:pcie01: service driver pcie_pme loaded
[    0.492128] pcieport 0000:00:17.3: Signaling PME through PCIe PME interrupt
[    0.492153] pcie_pme 0000:00:17.3:pcie01: service driver pcie_pme loaded
[    0.492196] pcieport 0000:00:17.4: Signaling PME through PCIe PME interrupt
[    0.492221] pcie_pme 0000:00:17.4:pcie01: service driver pcie_pme loaded
[    0.492263] pcieport 0000:00:17.5: Signaling PME through PCIe PME interrupt
[    0.492288] pcie_pme 0000:00:17.5:pcie01: service driver pcie_pme loaded
[    0.492331] pcieport 0000:00:17.6: Signaling PME through PCIe PME interrupt
[    0.492356] pcie_pme 0000:00:17.6:pcie01: service driver pcie_pme loaded
[    0.492399] pcieport 0000:00:17.7: Signaling PME through PCIe PME interrupt
[    0.492424] pcie_pme 0000:00:17.7:pcie01: service driver pcie_pme loaded
[    0.492467] pcieport 0000:00:18.0: Signaling PME through PCIe PME interrupt
[    0.492492] pcie_pme 0000:00:18.0:pcie01: service driver pcie_pme loaded
[    0.492534] pcieport 0000:00:18.1: Signaling PME through PCIe PME interrupt
[    0.492560] pcie_pme 0000:00:18.1:pcie01: service driver pcie_pme loaded
[    0.492602] pcieport 0000:00:18.2: Signaling PME through PCIe PME interrupt
[    0.492627] pcie_pme 0000:00:18.2:pcie01: service driver pcie_pme loaded
[    0.492670] pcieport 0000:00:18.3: Signaling PME through PCIe PME interrupt
[    0.492696] pcie_pme 0000:00:18.3:pcie01: service driver pcie_pme loaded
[    0.492739] pcieport 0000:00:18.4: Signaling PME through PCIe PME interrupt
[    0.492764] pcie_pme 0000:00:18.4:pcie01: service driver pcie_pme loaded
[    0.492807] pcieport 0000:00:18.5: Signaling PME through PCIe PME interrupt
[    0.492832] pcie_pme 0000:00:18.5:pcie01: service driver pcie_pme loaded
[    0.492875] pcieport 0000:00:18.6: Signaling PME through PCIe PME interrupt
[    0.492900] pcie_pme 0000:00:18.6:pcie01: service driver pcie_pme loaded
[    0.492942] pcieport 0000:00:18.7: Signaling PME through PCIe PME interrupt
[    0.492968] pcie_pme 0000:00:18.7:pcie01: service driver pcie_pme loaded
[    0.492987] pci_hotplug: PCI Hot Plug PCI Core version: 0.5
[    0.493030] pciehp 0000:00:15.0:pcie04: HPC vendor_id 15ad device_id 7a0 ss_vid 15ad ss_did 7a0
[    0.493072] pciehp 0000:00:15.0:pcie04: service driver pciehp loaded
[    0.493115] pciehp 0000:00:15.1:pcie04: HPC vendor_id 15ad device_id 7a0 ss_vid 15ad ss_did 7a0
[    0.493158] pciehp 0000:00:15.1:pcie04: service driver pciehp loaded
[    0.493200] pciehp 0000:00:15.2:pcie04: HPC vendor_id 15ad device_id 7a0 ss_vid 15ad ss_did 7a0
[    0.493243] pciehp 0000:00:15.2:pcie04: service driver pciehp loaded
[    0.493286] pciehp 0000:00:15.3:pcie04: HPC vendor_id 15ad device_id 7a0 ss_vid 15ad ss_did 7a0
[    0.493328] pciehp 0000:00:15.3:pcie04: service driver pciehp loaded
[    0.493371] pciehp 0000:00:15.4:pcie04: HPC vendor_id 15ad device_id 7a0 ss_vid 15ad ss_did 7a0
[    0.493413] pciehp 0000:00:15.4:pcie04: service driver pciehp loaded
[    0.493456] pciehp 0000:00:15.5:pcie04: HPC vendor_id 15ad device_id 7a0 ss_vid 15ad ss_did 7a0
[    0.493499] pciehp 0000:00:15.5:pcie04: service driver pciehp loaded
[    0.493541] pciehp 0000:00:15.6:pcie04: HPC vendor_id 15ad device_id 7a0 ss_vid 15ad ss_did 7a0
[    0.493584] pciehp 0000:00:15.6:pcie04: service driver pciehp loaded
[    0.493627] pciehp 0000:00:15.7:pcie04: HPC vendor_id 15ad device_id 7a0 ss_vid 15ad ss_did 7a0
[    0.493669] pciehp 0000:00:15.7:pcie04: service driver pciehp loaded
[    0.493712] pciehp 0000:00:16.0:pcie04: HPC vendor_id 15ad device_id 7a0 ss_vid 15ad ss_did 7a0
[    0.493755] pciehp 0000:00:16.0:pcie04: service driver pciehp loaded
[    0.493797] pciehp 0000:00:16.1:pcie04: HPC vendor_id 15ad device_id 7a0 ss_vid 15ad ss_did 7a0
[    0.493840] pciehp 0000:00:16.1:pcie04: service driver pciehp loaded
[    0.493882] pciehp 0000:00:16.2:pcie04: HPC vendor_id 15ad device_id 7a0 ss_vid 15ad ss_did 7a0
[    0.493925] pciehp 0000:00:16.2:pcie04: service driver pciehp loaded
[    0.493968] pciehp 0000:00:16.3:pcie04: HPC vendor_id 15ad device_id 7a0 ss_vid 15ad ss_did 7a0
[    0.494010] pciehp 0000:00:16.3:pcie04: service driver pciehp loaded
[    0.494053] pciehp 0000:00:16.4:pcie04: HPC vendor_id 15ad device_id 7a0 ss_vid 15ad ss_did 7a0
[    0.494096] pciehp 0000:00:16.4:pcie04: service driver pciehp loaded
[    0.494138] pciehp 0000:00:16.5:pcie04: HPC vendor_id 15ad device_id 7a0 ss_vid 15ad ss_did 7a0
[    0.494181] pciehp 0000:00:16.5:pcie04: service driver pciehp loaded
[    0.494223] pciehp 0000:00:16.6:pcie04: HPC vendor_id 15ad device_id 7a0 ss_vid 15ad ss_did 7a0
[    0.494266] pciehp 0000:00:16.6:pcie04: service driver pciehp loaded
[    0.494309] pciehp 0000:00:16.7:pcie04: HPC vendor_id 15ad device_id 7a0 ss_vid 15ad ss_did 7a0
[    0.494351] pciehp 0000:00:16.7:pcie04: service driver pciehp loaded
[    0.494394] pciehp 0000:00:17.0:pcie04: HPC vendor_id 15ad device_id 7a0 ss_vid 15ad ss_did 7a0
[    0.494437] pciehp 0000:00:17.0:pcie04: service driver pciehp loaded
[    0.494479] pciehp 0000:00:17.1:pcie04: HPC vendor_id 15ad device_id 7a0 ss_vid 15ad ss_did 7a0
[    0.494522] pciehp 0000:00:17.1:pcie04: service driver pciehp loaded
[    0.494564] pciehp 0000:00:17.2:pcie04: HPC vendor_id 15ad device_id 7a0 ss_vid 15ad ss_did 7a0
[    0.494607] pciehp 0000:00:17.2:pcie04: service driver pciehp loaded
[    0.494650] pciehp 0000:00:17.3:pcie04: HPC vendor_id 15ad device_id 7a0 ss_vid 15ad ss_did 7a0
[    0.494692] pciehp 0000:00:17.3:pcie04: service driver pciehp loaded
[    0.494735] pciehp 0000:00:17.4:pcie04: HPC vendor_id 15ad device_id 7a0 ss_vid 15ad ss_did 7a0
[    0.494778] pciehp 0000:00:17.4:pcie04: service driver pciehp loaded
[    0.494820] pciehp 0000:00:17.5:pcie04: HPC vendor_id 15ad device_id 7a0 ss_vid 15ad ss_did 7a0
[    0.494863] pciehp 0000:00:17.5:pcie04: service driver pciehp loaded
[    0.494905] pciehp 0000:00:17.6:pcie04: HPC vendor_id 15ad device_id 7a0 ss_vid 15ad ss_did 7a0
[    0.494948] pciehp 0000:00:17.6:pcie04: service driver pciehp loaded
[    0.494991] pciehp 0000:00:17.7:pcie04: HPC vendor_id 15ad device_id 7a0 ss_vid 15ad ss_did 7a0
[    0.495033] pciehp 0000:00:17.7:pcie04: service driver pciehp loaded
[    0.495076] pciehp 0000:00:18.0:pcie04: HPC vendor_id 15ad device_id 7a0 ss_vid 15ad ss_did 7a0
[    0.495119] pciehp 0000:00:18.0:pcie04: service driver pciehp loaded
[    0.495161] pciehp 0000:00:18.1:pcie04: HPC vendor_id 15ad device_id 7a0 ss_vid 15ad ss_did 7a0
[    0.495204] pciehp 0000:00:18.1:pcie04: service driver pciehp loaded
[    0.495247] pciehp 0000:00:18.2:pcie04: HPC vendor_id 15ad device_id 7a0 ss_vid 15ad ss_did 7a0
[    0.495289] pciehp 0000:00:18.2:pcie04: service driver pciehp loaded
[    0.495332] pciehp 0000:00:18.3:pcie04: HPC vendor_id 15ad device_id 7a0 ss_vid 15ad ss_did 7a0
[    0.495374] pciehp 0000:00:18.3:pcie04: service driver pciehp loaded
[    0.495417] pciehp 0000:00:18.4:pcie04: HPC vendor_id 15ad device_id 7a0 ss_vid 15ad ss_did 7a0
[    0.495460] pciehp 0000:00:18.4:pcie04: service driver pciehp loaded
[    0.495502] pciehp 0000:00:18.5:pcie04: HPC vendor_id 15ad device_id 7a0 ss_vid 15ad ss_did 7a0
[    0.495545] pciehp 0000:00:18.5:pcie04: service driver pciehp loaded
[    0.495588] pciehp 0000:00:18.6:pcie04: HPC vendor_id 15ad device_id 7a0 ss_vid 15ad ss_did 7a0
[    0.495630] pciehp 0000:00:18.6:pcie04: service driver pciehp loaded
[    0.495673] pciehp 0000:00:18.7:pcie04: HPC vendor_id 15ad device_id 7a0 ss_vid 15ad ss_did 7a0
[    0.495715] pciehp 0000:00:18.7:pcie04: service driver pciehp loaded
[    0.495723] pciehp: PCI Express Hot Plug Controller Driver version: 0.4
[    0.499895] ACPI: Deprecated procfs I/F for AC is loaded, please retry with CONFIG_ACPI_PROCFS_POWER cleared
[    0.499942] ACPI: AC Adapter [ACAD] (on-line)
[    0.500006] input: Power Button as /devices/LNXSYSTM:00/LNXPWRBN:00/input/input0
[    0.500011] ACPI: Power Button [PWRF]
[    0.515864] ERST: Table is not found!
[    0.515867] GHES: HEST is not enabled!
[    0.515966] Serial: 8250/16550 driver, 32 ports, IRQ sharing enabled
[    0.539686] serial8250: ttyS0 at I/O 0x3f8 (irq = 4) is a 16550A
[    0.543816] isapnp: Scanning for PnP cards...
[    0.675493] serial8250: ttyS1 at I/O 0x2f8 (irq = 3) is a 16550A
[    0.723417] 00:0a: ttyS0 at I/O 0x3f8 (irq = 4) is a 16550A
[    0.811395] 00:0b: ttyS1 at I/O 0x2f8 (irq = 3) is a 16550A
[    0.827536] Linux agpgart interface v0.103
[    0.827578] agpgart-intel 0000:00:00.0: Intel 440BX Chipset
[    0.827663] agpgart-intel 0000:00:00.0: AGP aperture is 256M @ 0x0
[    0.832018] brd: module loaded
[    0.832424] loop: module loaded
[    0.832467] ata_piix 0000:00:07.1: version 2.13
[    0.832536] scsi0 : ata_piix
[    0.832589] scsi1 : ata_piix
[    0.832617] ata1: PATA max UDMA/33 cmd 0x1f0 ctl 0x3f6 bmdma 0x10c0 irq 14
[    0.832619] ata2: PATA max UDMA/33 cmd 0x170 ctl 0x376 bmdma 0x10c8 irq 15
[    0.832664] Fixed MDIO Bus: probed
[    0.832677] tun: Universal TUN/TAP device driver, 1.6
[    0.832679] tun: (C) 1999-2004 Max Krasnyansky <maxk@qualcomm.com>
[    0.832742] PPP generic driver version 2.4.2
[    0.832803] ehci_hcd: USB 2.0 'Enhanced' Host Controller (EHCI) Driver
[    0.832831] ehci_hcd 0000:02:03.0: PCI INT A -> Link[LNKB] -> GSI 11 (level, low) -> IRQ 11
[    0.832873] ehci_hcd 0000:02:03.0: EHCI Host Controller
[    0.832907] ehci_hcd 0000:02:03.0: new USB bus registered, assigned bus number 1
[    0.832950] ehci_hcd 0000:02:03.0: cache line size of 32 is not supported
[    0.832957] ehci_hcd 0000:02:03.0: irq 11, io mem 0xc9000000
[    0.843328] ehci_hcd 0000:02:03.0: USB 2.0 started, EHCI 1.00
[    0.843425] hub 1-0:1.0: USB hub found
[    0.843429] hub 1-0:1.0: 6 ports detected
[    0.843472] ohci_hcd: USB 1.1 'Open' Host Controller (OHCI) Driver
[    0.843485] uhci_hcd: USB Universal Host Controller Interface driver
[    0.843519] uhci_hcd 0000:02:00.0: PCI INT A -> Link[LNKC] -> GSI 10 (level, low) -> IRQ 10
[    0.843555] uhci_hcd 0000:02:00.0: UHCI Host Controller
[    0.843589] uhci_hcd 0000:02:00.0: new USB bus registered, assigned bus number 2
[    0.843679] uhci_hcd 0000:02:00.0: irq 10, io base 0x000020c0
[    0.843776] hub 2-0:1.0: USB hub found
[    0.843780] hub 2-0:1.0: 2 ports detected
[    0.843822] usbcore: registered new interface driver libusual
[    0.843861] i8042: PNP: PS/2 Controller [PNP0303:KBC,PNP0f13:MOUS] at 0x60,0x64 irq 1,12
[    0.844166] serio: i8042 KBD port at 0x60,0x64 irq 1
[    0.844173] serio: i8042 AUX port at 0x60,0x64 irq 12
[    0.844258] mousedev: PS/2 mouse device common for all mice
[    0.844504] rtc_cmos 00:04: rtc core: registered rtc_cmos as rtc0
[    0.844522] rtc0: alarms up to one month, y3k, 114 bytes nvram, hpet irqs
[    0.844564] device-mapper: uevent: version 1.0.3
[    0.844612] device-mapper: ioctl: 4.22.0-ioctl (2011-10-19) initialised: dm-devel@redhat.com
[    0.844635] EISA: Probing bus 0 at eisa.0
[    0.844637] EISA: Cannot allocate resource for mainboard
[    0.844639] Cannot allocate resource for EISA slot 1
[    0.844641] Cannot allocate resource for EISA slot 2
[    0.844642] Cannot allocate resource for EISA slot 3
[    0.844644] Cannot allocate resource for EISA slot 4
[    0.844645] Cannot allocate resource for EISA slot 5
[    0.844647] Cannot allocate resource for EISA slot 6
[    0.844648] Cannot allocate resource for EISA slot 7
[    0.844650] Cannot allocate resource for EISA slot 8
[    0.844652] EISA: Detected 0 cards.
[    0.844659] cpufreq-nforce2: No nForce2 chipset.
[    0.844661] cpuidle: using governor ladder
[    0.844662] cpuidle: using governor menu
[    0.844664] EFI Variables Facility v0.08 2004-May-17
[    0.844707] TCP cubic registered
[    0.844776] NET: Registered protocol family 10
[    0.844819] NET: Registered protocol family 17
[    0.844823] Registering the dns_resolver key type
[    0.844838] Using IPI No-Shortcut mode
[    0.844898] PM: Hibernation image not present or could not be loaded.
[    0.844906] registered taskstats version 1
[    0.845380] input: AT Translated Set 2 keyboard as /devices/platform/i8042/serio0/input/input1
[    0.935271] Freeing initrd memory: 13836k freed
[    1.107033]   Magic number: 13:244:423
[    1.126978] rtc_cmos 00:04: setting system clock to 2013-05-27 08:25:20 UTC (1369643120)
[    1.127104] ata2.00: ATAPI: VMware Virtual IDE CDROM Drive, 00000001, max UDMA/33
[    1.127398] ata2.00: configured for UDMA/33
[    1.127522] BIOS EDD facility v0.16 2004-Jun-25, 0 devices found
[    1.127524] EDD information not available.
[    1.171161] isapnp: No Plug & Play device found
[    1.171365] scsi 1:0:0:0: CD-ROM            NECVMWar VMware IDE CDR10 1.00 PQ: 0 ANSI: 5
[    1.171931] sr0: scsi3-mmc drive: 306x/306x cd/rw xa/form2 cdda tray
[    1.171936] cdrom: Uniform CD-ROM driver Revision: 3.20
[    1.172026] sr 1:0:0:0: Attached scsi CD-ROM sr0
[    1.172145] sr 1:0:0:0: Attached scsi generic sg0 type 5
[    1.172206] Freeing unused kernel memory: 740k freed
[    1.172259] Write protecting the kernel text: 5816k
[    1.172268] Write protecting the kernel read-only data: 2376k
[    1.172270] NX-protecting the kernel data: 4424k
[    1.182104] udevd[85]: starting version 175
[    1.195209] VMware vmxnet3 virtual NIC driver - version 1.1.29.0-k-NAPI
[    1.199222] VMware PVSCSI driver - version 1.0.1.0-k
[    1.204272] VMware vmxnet virtual NIC driver
[    1.204325] ACPI: PCI Interrupt Link [LNKD] enabled at IRQ 5
[    1.204329] PCI: setting IRQ 5 as level-triggered
[    1.204335] vmxnet 0000:02:01.0: PCI INT A -> Link[LNKD] -> GSI 5 (level, low) -> IRQ 5
[    1.204388] Found vmxnet/PCI at 0x2024, irq 5.
[    1.204441] features:
[    1.204453] numRxBuffers = 100, numRxBuffers2 = 1
[    1.204506] vmxnet 0000:02:01.0: eth0: set_features() failed (-1); wanted 0x00004000, left 0x00004800
[    1.223969] Fusion MPT base driver 3.04.20
[    1.223972] Copyright (c) 1999-2008 LSI Corporation
[    1.224177] Fusion MPT SPI Host driver 3.04.20
[    1.224229] mptspi 0000:00:10.0: PCI INT A -> Link[LNKB] -> GSI 11 (level, low) -> IRQ 11
[    1.230602] mptbase: ioc0: Initiating bringup
[    1.244834] Floppy drive(s): fd0 is 1.44M
[    1.258901] FDC 0 is a post-1991 82077
[    1.302689] ioc0: LSI53C1030 B0: Capabilities={Initiator}
[    1.338597] usb 2-1: new full-speed USB device number 2 using uhci_hcd
[    1.462494] scsi2 : ioc0: LSI53C1030 B0, FwRev=01032920h, Ports=1, MaxQ=128, IRQ=11
[    1.475540] input: VMware VMware Virtual USB Mouse as /devices/pci0000:00/0000:00:11.0/0000:02:00.0/usb2/2-1/2-1:1.0/input/input2
[    1.475711] generic-usb 0003:0E0F:0003.0001: input,hidraw0: USB HID v1.10 Mouse [VMware VMware Virtual USB Mouse] on usb-0000:02:00.0-1/input0
[    1.476193] input: VMware VMware Virtual USB Mouse as /devices/pci0000:00/0000:00:11.0/0000:02:00.0/usb2/2-1/2-1:1.1/input/input3
[    1.476359] generic-usb 0003:0E0F:0003.0002: input,hidraw1: USB HID v1.10 Mouse [VMware VMware Virtual USB Mouse] on usb-0000:02:00.0-1/input1
[    1.476370] usbcore: registered new interface driver usbhid
[    1.476372] usbhid: USB HID core driver
[    1.576500] scsi 2:0:0:0: Direct-Access     VMware,  VMware Virtual S 1.0  PQ: 0 ANSI: 2
[    1.576510] scsi target2:0:0: Beginning Domain Validation
[    1.577094] scsi target2:0:0: Domain Validation skipping write tests
[    1.577096] scsi target2:0:0: Ending Domain Validation
[    1.577150] scsi target2:0:0: FAST-40 WIDE SCSI 80.0 MB/s ST (25 ns, offset 127)
[    1.578892] sd 2:0:0:0: [sda] 41943040 512-byte logical blocks: (21.4 GB/20.0 GiB)
[    1.578950] sd 2:0:0:0: [sda] Write Protect is off
[    1.578953] sd 2:0:0:0: [sda] Mode Sense: 61 00 00 00
[    1.579024] sd 2:0:0:0: [sda] Cache data unavailable
[    1.579026] sd 2:0:0:0: [sda] Assuming drive cache: write through
[    1.579314] sd 2:0:0:0: [sda] Cache data unavailable
[    1.579317] sd 2:0:0:0: [sda] Assuming drive cache: write through
[    1.579974]  sda: sda1 sda2 < sda5 >
[    1.580325] sd 2:0:0:0: [sda] Cache data unavailable
[    1.580327] sd 2:0:0:0: [sda] Assuming drive cache: write through
[    1.580330] sd 2:0:0:0: [sda] Attached SCSI disk
[    1.581315] sd 2:0:0:0: Attached scsi generic sg1 type 0
[    1.586268] usb 2-2: new full-speed USB device number 3 using uhci_hcd
[    1.615804] EXT4-fs (sda1): INFO: recovery required on readonly filesystem
[    1.615809] EXT4-fs (sda1): write access will be enabled during recovery
[    1.725659] hub 2-2:1.0: USB hub found
[    1.727338] hub 2-2:1.0: 7 ports detected
[    1.757335] EXT4-fs (sda1): recovery complete
[    1.757875] EXT4-fs (sda1): mounted filesystem with ordered data mode. Opts: (null)
[    3.184561] ADDRCONF(NETDEV_UP): eth0: link is not ready
[    3.187097] udevd[323]: starting version 175
[    3.231781] lp: driver loaded but no devices found
[    3.243210] Adding 1046524k swap on /dev/sda5.  Priority:-1 extents:1 across:1046524k 
[    3.313920] shpchp: Standard Hot Plug PCI Controller Driver version: 0.4
[    3.325027] EXT4-fs (sda1): re-mounted. Opts: errors=remount-ro
[    3.360895] piix4_smbus 0000:00:07.3: Host SMBus controller not enabled!
[    3.364773] [375]: VMCI: shared components initialized.
[    3.364794] Probing for vmci/PCI.
[    3.364949] ACPI: PCI Interrupt Link [LNKA] enabled at IRQ 9
[    3.364952] PCI: setting IRQ 9 as level-triggered
[    3.364957] vmci 0000:00:07.7: PCI INT A -> Link[LNKA] -> GSI 9 (level, low) -> IRQ 9
[    3.364999] Found vmci/PCI at 0x1080, irq 9.
[    3.365029] VMCI: using capabilities 0xc.
[    3.365099] [375]: VMCI: Host capability check passed.
[    3.365352] vmci 0000:00:07.7: irq 72 for MSI/MSI-X
[    3.365383] vmci 0000:00:07.7: irq 73 for MSI/MSI-X
[    3.365576] Registered vmci device.
[    3.371579] [375]: VMCI: Using guest personality
[    3.371579] [375]: VMCI: host components initialized.
[    3.371579] [375]: VMCI: Module registered (name=vmci,major=10,minor=57).
[    3.371579] [375]: VMCI: Using host personality
[    3.371579] [375]: VMCI: Module (name=vmci) is initialized
[    3.446912] ppdev: user-space parallel port driver
[    3.447549] parport_pc 00:09: reported by Plug and Play ACPI
[    3.447665] parport0: PC-style at 0x378, irq 7 [PCSPP,TRISTATE]
[    3.454365] Bluetooth: Core ver 2.16
[    3.455565] NET: Registered protocol family 31
[    3.455568] Bluetooth: HCI device and connection manager initialized
[    3.455570] Bluetooth: HCI socket layer initialized
[    3.455571] Bluetooth: L2CAP socket layer initialized
[    3.455577] Bluetooth: SCO socket layer initialized
[    3.467285] Bluetooth: BNEP (Ethernet Emulation) ver 1.3
[    3.467288] Bluetooth: BNEP filters: protocol multicast
[    3.486952] Bluetooth: RFCOMM TTY layer initialized
[    3.486957] Bluetooth: RFCOMM socket layer initialized
[    3.486958] Bluetooth: RFCOMM ver 1.11
[    3.536091] type=1400 audit(1369643122.910:2): apparmor="STATUS" operation="profile_load" name="/sbin/dhclient" pid=586 comm="apparmor_parser"
[    3.536212] type=1400 audit(1369643122.910:3): apparmor="STATUS" operation="profile_load" name="/usr/lib/NetworkManager/nm-dhcp-client.action" pid=586 comm="apparmor_parser"
[    3.536327] type=1400 audit(1369643122.910:4): apparmor="STATUS" operation="profile_load" name="/usr/lib/connman/scripts/dhclient-script" pid=586 comm="apparmor_parser"
[    3.543571] lp0: using parport0 (interrupt-driven).
[    3.551463] type=1400 audit(1369643122.926:5): apparmor="STATUS" operation="profile_load" name="/usr/lib/cups/backend/cups-pdf" pid=598 comm="apparmor_parser"
[    3.552616] type=1400 audit(1369643122.926:6): apparmor="STATUS" operation="profile_load" name="/usr/sbin/cupsd" pid=598 comm="apparmor_parser"
[    3.705105] snd_ens1371 0000:02:02.0: PCI INT A -> Link[LNKA] -> GSI 9 (level, low) -> IRQ 9
[    3.829730] input: ImPS/2 Generic Wheel Mouse as /devices/platform/i8042/serio1/input/input4
[    3.907138] init: failsafe main process (686) killed by TERM signal
[    4.000325] type=1400 audit(1369643123.374:7): apparmor="STATUS" operation="profile_load" name="/usr/lib/lightdm/lightdm/lightdm-guest-session-wrapper" pid=804 comm="apparmor_parser"
[    4.000920] type=1400 audit(1369643123.374:8): apparmor="STATUS" operation="profile_replace" name="/sbin/dhclient" pid=806 comm="apparmor_parser"
[    4.002890] type=1400 audit(1369643123.378:9): apparmor="STATUS" operation="profile_replace" name="/usr/lib/NetworkManager/nm-dhcp-client.action" pid=806 comm="apparmor_parser"
[    4.003005] type=1400 audit(1369643123.378:10): apparmor="STATUS" operation="profile_replace" name="/usr/lib/connman/scripts/dhclient-script" pid=806 comm="apparmor_parser"
[    4.215312] init: alsa-restore main process (897) terminated with status 19
