[    0.000000] Initializing cgroup subsys cpuset
[    0.000000] Initializing cgroup subsys cpu
[    0.000000] Linux version 3.2.0-29-generic-pae (buildd@roseapple) (gcc version 4.6.3 (Ubuntu/Linaro 4.6.3-1ubuntu5) ) #46-Ubuntu SMP Fri Jul 27 17:25:43 UTC 2012 (Ubuntu 3.2.0-29.46-generic-pae 3.2.24)
[    0.000000] KERNEL supported cpus:
[    0.000000]   Intel GenuineIntel
[    0.000000]   AMD AuthenticAMD
[    0.000000]   NSC Geode by NSC
[    0.000000]   Cyrix CyrixInstead
[    0.000000]   Centaur CentaurHauls
[    0.000000]   Transmeta GenuineTMx86
[    0.000000]   Transmeta TransmetaCPU
[    0.000000]   UMC UMC UMC UMC
[    0.000000] Disabled fast string operations
[    0.000000] BIOS-provided physical RAM map:
[    0.000000]  BIOS-e820: 0000000000000000 - 000000000009f000 (usable)
[    0.000000]  BIOS-e820: 000000000009f000 - 00000000000a0000 (reserved)
[    0.000000]  BIOS-e820: 00000000000ca000 - 00000000000cc000 (reserved)
[    0.000000]  BIOS-e820: 00000000000dc000 - 0000000000100000 (reserved)
[    0.000000]  BIOS-e820: 0000000000100000 - 000000003fee0000 (usable)
[    0.000000]  BIOS-e820: 000000003fee0000 - 000000003feff000 (ACPI data)
[    0.000000]  BIOS-e820: 000000003feff000 - 000000003ff00000 (ACPI NVS)
[    0.000000]  BIOS-e820: 000000003ff00000 - 0000000040000000 (usable)
[    0.000000]  BIOS-e820: 00000000e0000000 - 00000000f0000000 (reserved)
[    0.000000]  BIOS-e820: 00000000fec00000 - 00000000fec10000 (reserved)
[    0.000000]  BIOS-e820: 00000000fee00000 - 00000000fee01000 (reserved)
[    0.000000]  BIOS-e820: 00000000fffe0000 - 0000000100000000 (reserved)
[    0.000000] NX (Execute Disable) protection: active
[    0.000000] DMI present.
[    0.000000] DMI: VMware, Inc. VMware Virtual Platform/440BX Desktop Reference Platform, BIOS 6.00 07/02/2012
[    0.000000] Hypervisor detected: VMware
[    0.000000] e820 update range: 0000000000000000 - 0000000000010000 (usable) ==> (reserved)
[    0.000000] e820 remove range: 00000000000a0000 - 0000000000100000 (usable)
[    0.000000] last_pfn = 0x40000 max_arch_pfn = 0x1000000
[    0.000000] MTRR default type: uncachable
[    0.000000] MTRR fixed ranges enabled:
[    0.000000]   00000-9FFFF write-back
[    0.000000]   A0000-BFFFF uncachable
[    0.000000]   C0000-CBFFF write-protect
[    0.000000]   CC000-EFFFF uncachable
[    0.000000]   F0000-FFFFF write-protect
[    0.000000] MTRR variable ranges enabled:
[    0.000000]   0 base 0000000000 mask FFC0000000 write-back
[    0.000000]   1 disabled
[    0.000000]   2 disabled
[    0.000000]   3 disabled
[    0.000000]   4 disabled
[    0.000000]   5 disabled
[    0.000000]   6 disabled
[    0.000000]   7 disabled
[    0.000000] x86 PAT enabled: cpu 0, old 0x0, new 0x7010600070106
[    0.000000] found SMP MP-table at [c00f6bf0] f6bf0
[    0.000000] initial memory mapped : 0 - 02000000
[    0.000000] Base memory trampoline at [c009b000] 9b000 size 16384
[    0.000000] init_memory_mapping: 0000000000000000-0000000037bfe000
[    0.000000]  0000000000 - 0000200000 page 4k
[    0.000000]  0000200000 - 0037a00000 page 2M
[    0.000000]  0037a00000 - 0037bfe000 page 4k
[    0.000000] kernel direct mapping tables up to 37bfe000 @ 1ffb000-2000000
[    0.000000] RAMDISK: 364ea000 - 3726d000
[    0.000000] ACPI: RSDP 000f6b80 00024 (v02 PTLTD )
[    0.000000] ACPI: XSDT 3feed636 0005C (v01 INTEL  440BX    06040000 VMW  01324272)
[    0.000000] ACPI: FACP 3fefee98 000F4 (v04 INTEL  440BX    06040000 PTL  000F4240)
[    0.000000] ACPI: DSDT 3feee366 10B32 (v01 PTLTD  Custom   06040000 MSFT 03000001)
[    0.000000] ACPI: FACS 3fefffc0 00040
[    0.000000] ACPI: BOOT 3feee33e 00028 (v01 PTLTD  $SBFTBL$ 06040000  LTP 00000001)
[    0.000000] ACPI: APIC 3feedc3e 003C2 (v01 PTLTD  ? APIC   06040000  LTP 00000000)
[    0.000000] ACPI: MCFG 3feedc02 0003C (v01 PTLTD  $PCITBL$ 06040000  LTP 00000001)
[    0.000000] ACPI: SRAT 3feed732 004D0 (v02 VMWARE MEMPLUG  06040000 VMW  00000001)
[    0.000000] ACPI: HPET 3feed6fa 00038 (v01 VMWARE VMW HPET 06040000 VMW  00000001)
[    0.000000] ACPI: WAET 3feed6d2 00028 (v01 VMWARE VMW WAET 06040000 VMW  00000001)
[    0.000000] ACPI: Local APIC address 0xfee00000
[    0.000000] 132MB HIGHMEM available.
[    0.000000] 891MB LOWMEM available.
[    0.000000]   mapped low ram: 0 - 37bfe000
[    0.000000]   low ram: 0 - 37bfe000
[    0.000000] Zone PFN ranges:
[    0.000000]   DMA      0x00000010 -> 0x00001000
[    0.000000]   Normal   0x00001000 -> 0x00037bfe
[    0.000000]   HighMem  0x00037bfe -> 0x00040000
[    0.000000] Movable zone start PFN for each node
[    0.000000] early_node_map[3] active PFN ranges
[    0.000000]     0: 0x00000010 -> 0x0000009f
[    0.000000]     0: 0x00000100 -> 0x0003fee0
[    0.000000]     0: 0x0003ff00 -> 0x00040000
[    0.000000] On node 0 totalpages: 261999
[    0.000000] free_area_init_node: node 0, pgdat c1866a40, node_mem_map f73fd200
[    0.000000]   DMA zone: 32 pages used for memmap
[    0.000000]   DMA zone: 0 pages reserved
[    0.000000]   DMA zone: 3951 pages, LIFO batch:0
[    0.000000]   Normal zone: 1752 pages used for memmap
[    0.000000]   Normal zone: 222502 pages, LIFO batch:31
[    0.000000]   HighMem zone: 265 pages used for memmap
[    0.000000]   HighMem zone: 33497 pages, LIFO batch:7
[    0.000000] Using APIC driver default
[    0.000000] ACPI: PM-Timer IO Port: 0x1008
[    0.000000] ACPI: Local APIC address 0xfee00000
[    0.000000] ACPI: LAPIC (acpi_id[0x00] lapic_id[0x00] enabled)
[    0.000000] ACPI: LAPIC (acpi_id[0x01] lapic_id[0x02] disabled)
[    0.000000] ACPI: LAPIC (acpi_id[0x02] lapic_id[0x04] disabled)
[    0.000000] ACPI: LAPIC (acpi_id[0x03] lapic_id[0x06] disabled)
[    0.000000] ACPI: LAPIC (acpi_id[0x04] lapic_id[0x08] disabled)
[    0.000000] ACPI: LAPIC (acpi_id[0x05] lapic_id[0x0a] disabled)
[    0.000000] ACPI: LAPIC (acpi_id[0x06] lapic_id[0x0c] disabled)
[    0.000000] ACPI: LAPIC (acpi_id[0x07] lapic_id[0x0e] disabled)
[    0.000000] ACPI: LAPIC (acpi_id[0x08] lapic_id[0x10] disabled)
[    0.000000] ACPI: LAPIC (acpi_id[0x09] lapic_id[0x12] disabled)
[    0.000000] ACPI: LAPIC (acpi_id[0x0a] lapic_id[0x14] disabled)
[    0.000000] ACPI: LAPIC (acpi_id[0x0b] lapic_id[0x16] disabled)
[    0.000000] ACPI: LAPIC (acpi_id[0x0c] lapic_id[0x18] disabled)
[    0.000000] ACPI: LAPIC (acpi_id[0x0d] lapic_id[0x1a] disabled)
[    0.000000] ACPI: LAPIC (acpi_id[0x0e] lapic_id[0x1c] disabled)
[    0.000000] ACPI: LAPIC (acpi_id[0x0f] lapic_id[0x1e] disabled)
[    0.000000] ACPI: LAPIC (acpi_id[0x10] lapic_id[0x20] disabled)
[    0.000000] ACPI: LAPIC (acpi_id[0x11] lapic_id[0x22] disabled)
[    0.000000] ACPI: LAPIC (acpi_id[0x12] lapic_id[0x24] disabled)
[    0.000000] ACPI: LAPIC (acpi_id[0x13] lapic_id[0x26] disabled)
[    0.000000] ACPI: LAPIC (acpi_id[0x14] lapic_id[0x28] disabled)
[    0.000000] ACPI: LAPIC (acpi_id[0x15] lapic_id[0x2a] disabled)
[    0.000000] ACPI: LAPIC (acpi_id[0x16] lapic_id[0x2c] disabled)
[    0.000000] ACPI: LAPIC (acpi_id[0x17] lapic_id[0x2e] disabled)
[    0.000000] ACPI: LAPIC (acpi_id[0x18] lapic_id[0x30] disabled)
[    0.000000] ACPI: LAPIC (acpi_id[0x19] lapic_id[0x32] disabled)
[    0.000000] ACPI: LAPIC (acpi_id[0x1a] lapic_id[0x34] disabled)
[    0.000000] ACPI: LAPIC (acpi_id[0x1b] lapic_id[0x36] disabled)
[    0.000000] ACPI: LAPIC (acpi_id[0x1c] lapic_id[0x38] disabled)
[    0.000000] ACPI: LAPIC (acpi_id[0x1d] lapic_id[0x3a] disabled)
[    0.000000] ACPI: LAPIC (acpi_id[0x1e] lapic_id[0x3c] disabled)
[    0.000000] ACPI: LAPIC (acpi_id[0x1f] lapic_id[0x3e] disabled)
[    0.000000] ACPI: LAPIC (acpi_id[0x20] lapic_id[0x40] disabled)
[    0.000000] ACPI: LAPIC (acpi_id[0x21] lapic_id[0x42] disabled)
[    0.000000] ACPI: LAPIC (acpi_id[0x22] lapic_id[0x44] disabled)
[    0.000000] ACPI: LAPIC (acpi_id[0x23] lapic_id[0x46] disabled)
[    0.000000] ACPI: LAPIC (acpi_id[0x24] lapic_id[0x48] disabled)
[    0.000000] ACPI: LAPIC (acpi_id[0x25] lapic_id[0x4a] disabled)
[    0.000000] ACPI: LAPIC (acpi_id[0x26] lapic_id[0x4c] disabled)
[    0.000000] ACPI: LAPIC (acpi_id[0x27] lapic_id[0x4e] disabled)
[    0.000000] ACPI: LAPIC (acpi_id[0x28] lapic_id[0x50] disabled)
[    0.000000] ACPI: LAPIC (acpi_id[0x29] lapic_id[0x52] disabled)
[    0.000000] ACPI: LAPIC (acpi_id[0x2a] lapic_id[0x54] disabled)
[    0.000000] ACPI: LAPIC (acpi_id[0x2b] lapic_id[0x56] disabled)
[    0.000000] ACPI: LAPIC (acpi_id[0x2c] lapic_id[0x58] disabled)
[    0.000000] ACPI: LAPIC (acpi_id[0x2d] lapic_id[0x5a] disabled)
[    0.000000] ACPI: LAPIC (acpi_id[0x2e] lapic_id[0x5c] disabled)
[    0.000000] ACPI: LAPIC (acpi_id[0x2f] lapic_id[0x5e] disabled)
[    0.000000] ACPI: LAPIC (acpi_id[0x30] lapic_id[0x60] disabled)
[    0.000000] ACPI: LAPIC (acpi_id[0x31] lapic_id[0x62] disabled)
[    0.000000] ACPI: LAPIC (acpi_id[0x32] lapic_id[0x64] disabled)
[    0.000000] ACPI: LAPIC (acpi_id[0x33] lapic_id[0x66] disabled)
[    0.000000] ACPI: LAPIC (acpi_id[0x34] lapic_id[0x68] disabled)
[    0.000000] ACPI: LAPIC (acpi_id[0x35] lapic_id[0x6a] disabled)
[    0.000000] ACPI: LAPIC (acpi_id[0x36] lapic_id[0x6c] disabled)
[    0.000000] ACPI: LAPIC (acpi_id[0x37] lapic_id[0x6e] disabled)
[    0.000000] ACPI: LAPIC (acpi_id[0x38] lapic_id[0x70] disabled)
[    0.000000] ACPI: LAPIC (acpi_id[0x39] lapic_id[0x72] disabled)
[    0.000000] ACPI: LAPIC (acpi_id[0x3a] lapic_id[0x74] disabled)
[    0.000000] ACPI: LAPIC (acpi_id[0x3b] lapic_id[0x76] disabled)
[    0.000000] ACPI: LAPIC (acpi_id[0x3c] lapic_id[0x78] disabled)
[    0.000000] ACPI: LAPIC (acpi_id[0x3d] lapic_id[0x7a] disabled)
[    0.000000] ACPI: LAPIC (acpi_id[0x3e] lapic_id[0x7c] disabled)
[    0.000000] ACPI: LAPIC (acpi_id[0x3f] lapic_id[0x7e] disabled)
[    0.000000] ACPI: LAPIC_NMI (acpi_id[0x00] high edge lint[0x1])
[    0.000000] ACPI: LAPIC_NMI (acpi_id[0x01] high edge lint[0x1])
[    0.000000] ACPI: LAPIC_NMI (acpi_id[0x02] high edge lint[0x1])
[    0.000000] ACPI: LAPIC_NMI (acpi_id[0x03] high edge lint[0x1])
[    0.000000] ACPI: LAPIC_NMI (acpi_id[0x04] high edge lint[0x1])
[    0.000000] ACPI: LAPIC_NMI (acpi_id[0x05] high edge lint[0x1])
[    0.000000] ACPI: LAPIC_NMI (acpi_id[0x06] high edge lint[0x1])
[    0.000000] ACPI: LAPIC_NMI (acpi_id[0x07] high edge lint[0x1])
[    0.000000] ACPI: LAPIC_NMI (acpi_id[0x08] high edge lint[0x1])
[    0.000000] ACPI: LAPIC_NMI (acpi_id[0x09] high edge lint[0x1])
[    0.000000] ACPI: LAPIC_NMI (acpi_id[0x0a] high edge lint[0x1])
[    0.000000] ACPI: LAPIC_NMI (acpi_id[0x0b] high edge lint[0x1])
[    0.000000] ACPI: LAPIC_NMI (acpi_id[0x0c] high edge lint[0x1])
[    0.000000] ACPI: LAPIC_NMI (acpi_id[0x0d] high edge lint[0x1])
[    0.000000] ACPI: LAPIC_NMI (acpi_id[0x0e] high edge lint[0x1])
[    0.000000] ACPI: LAPIC_NMI (acpi_id[0x0f] high edge lint[0x1])
[    0.000000] ACPI: LAPIC_NMI (acpi_id[0x10] high edge lint[0x1])
[    0.000000] ACPI: LAPIC_NMI (acpi_id[0x11] high edge lint[0x1])
[    0.000000] ACPI: LAPIC_NMI (acpi_id[0x12] high edge lint[0x1])
[    0.000000] ACPI: LAPIC_NMI (acpi_id[0x13] high edge lint[0x1])
[    0.000000] ACPI: LAPIC_NMI (acpi_id[0x14] high edge lint[0x1])
[    0.000000] ACPI: LAPIC_NMI (acpi_id[0x15] high edge lint[0x1])
[    0.000000] ACPI: LAPIC_NMI (acpi_id[0x16] high edge lint[0x1])
[    0.000000] ACPI: LAPIC_NMI (acpi_id[0x17] high edge lint[0x1])
[    0.000000] ACPI: LAPIC_NMI (acpi_id[0x18] high edge lint[0x1])
[    0.000000] ACPI: LAPIC_NMI (acpi_id[0x19] high edge lint[0x1])
[    0.000000] ACPI: LAPIC_NMI (acpi_id[0x1a] high edge lint[0x1])
[    0.000000] ACPI: LAPIC_NMI (acpi_id[0x1b] high edge lint[0x1])
[    0.000000] ACPI: LAPIC_NMI (acpi_id[0x1c] high edge lint[0x1])
[    0.000000] ACPI: LAPIC_NMI (acpi_id[0x1d] high edge lint[0x1])
[    0.000000] ACPI: LAPIC_NMI (acpi_id[0x1e] high edge lint[0x1])
[    0.000000] ACPI: LAPIC_NMI (acpi_id[0x1f] high edge lint[0x1])
[    0.000000] ACPI: LAPIC_NMI (acpi_id[0x20] high edge lint[0x1])
[    0.000000] ACPI: LAPIC_NMI (acpi_id[0x21] high edge lint[0x1])
[    0.000000] ACPI: LAPIC_NMI (acpi_id[0x22] high edge lint[0x1])
[    0.000000] ACPI: LAPIC_NMI (acpi_id[0x23] high edge lint[0x1])
[    0.000000] ACPI: LAPIC_NMI (acpi_id[0x24] high edge lint[0x1])
[    0.000000] ACPI: LAPIC_NMI (acpi_id[0x25] high edge lint[0x1])
[    0.000000] ACPI: LAPIC_NMI (acpi_id[0x26] high edge lint[0x1])
[    0.000000] ACPI: LAPIC_NMI (acpi_id[0x27] high edge lint[0x1])
[    0.000000] ACPI: LAPIC_NMI (acpi_id[0x28] high edge lint[0x1])
[    0.000000] ACPI: LAPIC_NMI (acpi_id[0x29] high edge lint[0x1])
[    0.000000] ACPI: LAPIC_NMI (acpi_id[0x2a] high edge lint[0x1])
[    0.000000] ACPI: LAPIC_NMI (acpi_id[0x2b] high edge lint[0x1])
[    0.000000] ACPI: LAPIC_NMI (acpi_id[0x2c] high edge lint[0x1])
[    0.000000] ACPI: LAPIC_NMI (acpi_id[0x2d] high edge lint[0x1])
[    0.000000] ACPI: LAPIC_NMI (acpi_id[0x2e] high edge lint[0x1])
[    0.000000] ACPI: LAPIC_NMI (acpi_id[0x2f] high edge lint[0x1])
[    0.000000] ACPI: LAPIC_NMI (acpi_id[0x30] high edge lint[0x1])
[    0.000000] ACPI: LAPIC_NMI (acpi_id[0x31] high edge lint[0x1])
[    0.000000] ACPI: LAPIC_NMI (acpi_id[0x32] high edge lint[0x1])
[    0.000000] ACPI: LAPIC_NMI (acpi_id[0x33] high edge lint[0x1])
[    0.000000] ACPI: LAPIC_NMI (acpi_id[0x34] high edge lint[0x1])
[    0.000000] ACPI: LAPIC_NMI (acpi_id[0x35] high edge lint[0x1])
[    0.000000] ACPI: LAPIC_NMI (acpi_id[0x36] high edge lint[0x1])
[    0.000000] ACPI: LAPIC_NMI (acpi_id[0x37] high edge lint[0x1])
[    0.000000] ACPI: LAPIC_NMI (acpi_id[0x38] high edge lint[0x1])
[    0.000000] ACPI: LAPIC_NMI (acpi_id[0x39] high edge lint[0x1])
[    0.000000] ACPI: LAPIC_NMI (acpi_id[0x3a] high edge lint[0x1])
[    0.000000] ACPI: LAPIC_NMI (acpi_id[0x3b] high edge lint[0x1])
[    0.000000] ACPI: LAPIC_NMI (acpi_id[0x3c] high edge lint[0x1])
[    0.000000] ACPI: LAPIC_NMI (acpi_id[0x3d] high edge lint[0x1])
[    0.000000] ACPI: LAPIC_NMI (acpi_id[0x3e] high edge lint[0x1])
[    0.000000] ACPI: LAPIC_NMI (acpi_id[0x3f] high edge lint[0x1])
[    0.000000] ACPI: Skipping IOAPIC probe due to 'noapic' option.
[    0.000000] Using ACPI for processor (LAPIC) configuration information
[    0.000000] ACPI: HPET id: 0x8086af01 base: 0xfed00000
[    0.000000] Intel MultiProcessor Specification v1.4
[    0.000000]     Virtual Wire compatibility mode.
[    0.000000] MPTABLE: OEM ID: INTEL   
[    0.000000] MPTABLE: Product ID: 440BX       
[    0.000000] MPTABLE: APIC at: 0xFEE00000
[    0.000000] IOAPIC[0]: apic_id 1, version 17, address 0xfec00000, GSI 0-23
[    0.000000] Processors: 1
[    0.000000] SMP: Allowing 1 CPUs, 0 hotplug CPUs
[    0.000000] nr_irqs_gsi: 40
[    0.000000] PM: Registered nosave memory: 000000000009f000 - 00000000000a0000
[    0.000000] PM: Registered nosave memory: 00000000000a0000 - 00000000000ca000
[    0.000000] PM: Registered nosave memory: 00000000000ca000 - 00000000000cc000
[    0.000000] PM: Registered nosave memory: 00000000000cc000 - 00000000000dc000
[    0.000000] PM: Registered nosave memory: 00000000000dc000 - 0000000000100000
[    0.000000] Allocating PCI resources starting at 40000000 (gap: 40000000:a0000000)
[    0.000000] Booting paravirtualized kernel on bare hardware
[    0.000000] setup_percpu: NR_CPUS:8 nr_cpumask_bits:8 nr_cpu_ids:1 nr_node_ids:1
[    0.000000] PERCPU: Embedded 14 pages/cpu @f73e8000 s34240 r0 d23104 u57344
[    0.000000] pcpu-alloc: s34240 r0 d23104 u57344 alloc=14*4096
[    0.000000] pcpu-alloc: [0] 0 
[    0.000000] Built 1 zonelists in Zone order, mobility grouping on.  Total pages: 259950
[    0.000000] Kernel command line: BOOT_IMAGE=/boot/vmlinuz-3.2.0-29-generic-pae root=UUID=007b598c-390d-4c65-84a1-4ff752d48633 ro quiet splash maxcpus=0
[    0.000000] PID hash table entries: 4096 (order: 2, 16384 bytes)
[    0.000000] Dentry cache hash table entries: 131072 (order: 7, 524288 bytes)
[    0.000000] Inode-cache hash table entries: 65536 (order: 6, 262144 bytes)
[    0.000000] Initializing CPU#0
[    0.000000] xsave/xrstor: enabled xstate_bv 0x7, cntxt size 0x340
[    0.000000] allocated 4194048 bytes of page_cgroup
[    0.000000] please try 'cgroup_disable=memory' option if you don't want memory cgroups
[    0.000000] Initializing HighMem for node 0 (00037bfe:00040000)
[    0.000000] Memory: 1010624k/1048576k available (5814k kernel code, 37372k reserved, 2841k data, 740k init, 135048k highmem)
[    0.000000] virtual kernel memory layout:
[    0.000000]     fixmap  : 0xfff16000 - 0xfffff000   ( 932 kB)
[    0.000000]     pkmap   : 0xffc00000 - 0xffe00000   (2048 kB)
[    0.000000]     vmalloc : 0xf83fe000 - 0xffbfe000   ( 120 MB)
[    0.000000]     lowmem  : 0xc0000000 - 0xf7bfe000   ( 891 MB)
[    0.000000]       .init : 0xc1875000 - 0xc192e000   ( 740 kB)
[    0.000000]       .data : 0xc15adb64 - 0xc1874240   (2841 kB)
[    0.000000]       .text : 0xc1000000 - 0xc15adb64   (5814 kB)
[    0.000000] Checking if this processor honours the WP bit even in supervisor mode...Ok.
[    0.000000] SLUB: Genslabs=15, HWalign=64, Order=0-3, MinObjects=0, CPUs=1, Nodes=1
[    0.000000] Hierarchical RCU implementation.
[    0.000000] 	RCU dyntick-idle grace-period acceleration is enabled.
[    0.000000] NR_IRQS:2304 nr_irqs:256 16
[    0.000000] CPU 0 irqstacks, hard=f5c08000 soft=f5c0a000
[    0.000000] Extended CMOS year: 2000
[    0.000000] Console: colour VGA+ 80x25
[    0.000000] console [tty0] enabled
[    0.000000] hpet clockevent registered
[    0.000000] TSC freq read from hypervisor : 2394.620 MHz
[    0.000000] Detected 2394.620 MHz processor.
[    0.000001] Calibrating delay loop (skipped) preset value.. 4789.24 BogoMIPS (lpj=9578480)
[    0.000003] pid_max: default: 32768 minimum: 301
[    0.000018] Security Framework initialized
[    0.000032] AppArmor: AppArmor initialized
[    0.000033] Yama: becoming mindful.
[    0.000068] Mount-cache hash table entries: 512
[    0.000150] Initializing cgroup subsys cpuacct
[    0.000154] Initializing cgroup subsys memory
[    0.000159] Initializing cgroup subsys devices
[    0.000160] Initializing cgroup subsys freezer
[    0.000162] Initializing cgroup subsys blkio
[    0.000167] Initializing cgroup subsys perf_event
[    0.000211] Disabled fast string operations
[    0.000214] CPU: Physical Processor ID: 0
[    0.000223] ENERGY_PERF_BIAS: Set to 'normal', was 'performance'
[    0.000224] ENERGY_PERF_BIAS: View and update with x86_energy_perf_policy(8)
[    0.000855] mce: CPU supports 0 MCE banks
[    0.001593] SMP alternatives: switching to UP code
[    0.018322] Freeing SMP alternatives: 24k freed
[    0.018327] ACPI: Core revision 20110623
[    0.024450] ACPI: setting ELCR to 0200 (from 0e20)
[    0.025519] ftrace: allocating 26545 entries in 52 pages
[    0.045802] SMP mode deactivated.
[    0.045841] SMP disabled
[    0.045843] Performance Events: generic architected perfmon v1, core PMU driver.
[    0.045854] ... version:                1
[    0.045855] ... bit width:              48
[    0.045855] ... generic registers:      4
[    0.045856] ... value mask:             0000ffffffffffff
[    0.045858] ... max period:             000000007fffffff
[    0.045858] ... fixed-purpose events:   0
[    0.045859] ... event mask:             000000000000000f
[    0.045949] NMI watchdog enabled, takes one hw-pmu counter.
[    0.045993] Brought up 1 CPUs
[    0.045995] Total of 1 processors activated (4789.24 BogoMIPS).
[    0.046096] devtmpfs: initialized
[    0.046164] EVM: security.selinux
[    0.046165] EVM: security.SMACK64
[    0.046166] EVM: security.capability
[    0.046190] PM: Registering ACPI NVS region at 3feff000 (4096 bytes)
[    0.046900] print_constraints: dummy: 
[    0.046967] RTC time:  9:09:41, date: 05/27/13
[    0.046994] NET: Registered protocol family 16
[    0.047064] EISA bus registered
[    0.047074] ACPI: bus type pci registered
[    0.047176] PCI: MMCONFIG for domain 0000 [bus 00-ff] at [mem 0xe0000000-0xefffffff] (base 0xe0000000)
[    0.047178] PCI: MMCONFIG at [mem 0xe0000000-0xefffffff] reserved in E820
[    0.047180] PCI: Using MMCONFIG for extended config space
[    0.047181] PCI: Using configuration type 1 for base access
[    0.047861] bio: create slab <bio-0> at 0
[    0.047924] ACPI: Added _OSI(Module Device)
[    0.047925] ACPI: Added _OSI(Processor Device)
[    0.047926] ACPI: Added _OSI(3.0 _SCP Extensions)
[    0.047927] ACPI: Added _OSI(Processor Aggregator Device)
[    0.049908] ACPI: EC: Look up EC in DSDT
[    0.056903] [Firmware Bug]: ACPI: BIOS _OSI(Linux) query ignored
[    0.065338] ACPI: Interpreter enabled
[    0.065346] ACPI: (supports S0 S1 S4 S5)
[    0.065356] ACPI: Using PIC for interrupt routing
[    0.106601] ACPI: No dock devices found.
[    0.106604] HEST: Table not found.
[    0.106608] PCI: Using host bridge windows from ACPI; if necessary, use "pci=nocrs" and report a bug
[    0.107306] ACPI: PCI Root Bridge [PCI0] (domain 0000 [bus 00-ff])
[    0.108524] pci_root PNP0A03:00: host bridge window [mem 0x000a0000-0x000bffff]
[    0.108526] pci_root PNP0A03:00: host bridge window [mem 0x000cc000-0x000cffff]
[    0.108528] pci_root PNP0A03:00: host bridge window [mem 0x000d0000-0x000d3fff]
[    0.108529] pci_root PNP0A03:00: host bridge window [mem 0x000d4000-0x000d7fff]
[    0.108531] pci_root PNP0A03:00: host bridge window [mem 0x000d8000-0x000dbfff]
[    0.108532] pci_root PNP0A03:00: host bridge window [mem 0xc0000000-0xfebfffff]
[    0.108534] pci_root PNP0A03:00: host bridge window [io  0x0000-0x0cf7]
[    0.108536] pci_root PNP0A03:00: host bridge window [io  0x0d00-0xfeff]
[    0.108589] pci 0000:00:00.0: [8086:7190] type 0 class 0x000600
[    0.109060] pci 0000:00:01.0: [8086:7191] type 1 class 0x000604
[    0.109478] pci 0000:00:07.0: [8086:7110] type 0 class 0x000601
[    0.110155] pci 0000:00:07.1: [8086:7111] type 0 class 0x000101
[    0.111704] pci 0000:00:07.1: reg 20: [io  0x10c0-0x10cf]
[    0.112477] pci 0000:00:07.3: [8086:7113] type 0 class 0x000680
[    0.114163] pci 0000:00:07.3: quirk: [io  0x1000-0x103f] claimed by PIIX4 ACPI
[    0.114176] pci 0000:00:07.3: quirk: [io  0x1040-0x104f] claimed by PIIX4 SMB
[    0.114422] pci 0000:00:07.7: [15ad:0740] type 0 class 0x000880
[    0.114948] pci 0000:00:07.7: reg 10: [io  0x1080-0x10bf]
[    0.115538] pci 0000:00:07.7: reg 14: [mem 0xc8000000-0xc8001fff 64bit]
[    0.117660] pci 0000:00:0f.0: [15ad:0405] type 0 class 0x000300
[    0.119724] pci 0000:00:0f.0: reg 10: [io  0x10d0-0x10df]
[    0.121695] pci 0000:00:0f.0: reg 14: [mem 0xd0000000-0xd7ffffff pref]
[    0.123654] pci 0000:00:0f.0: reg 18: [mem 0xc8800000-0xc8ffffff]
[    0.131497] pci 0000:00:0f.0: reg 30: [mem 0x00000000-0x00007fff pref]
[    0.131850] pci 0000:00:10.0: [1000:0030] type 0 class 0x000100
[    0.132417] pci 0000:00:10.0: reg 10: [io  0x1400-0x14ff]
[    0.133149] pci 0000:00:10.0: reg 14: [mem 0xc8040000-0xc805ffff 64bit]
[    0.133883] pci 0000:00:10.0: reg 1c: [mem 0xc8020000-0xc803ffff 64bit]
[    0.134944] pci 0000:00:10.0: reg 30: [mem 0x00000000-0x00003fff pref]
[    0.135109] pci 0000:00:11.0: [15ad:0790] type 1 class 0x000604
[    0.135864] pci 0000:00:15.0: [15ad:07a0] type 1 class 0x000604
[    0.136631] pci 0000:00:15.0: PME# supported from D0 D3hot D3cold
[    0.136655] pci 0000:00:15.0: PME# disabled
[    0.136900] pci 0000:00:15.1: [15ad:07a0] type 1 class 0x000604
[    0.137665] pci 0000:00:15.1: PME# supported from D0 D3hot D3cold
[    0.137700] pci 0000:00:15.1: PME# disabled
[    0.137940] pci 0000:00:15.2: [15ad:07a0] type 1 class 0x000604
[    0.138718] pci 0000:00:15.2: PME# supported from D0 D3hot D3cold
[    0.138741] pci 0000:00:15.2: PME# disabled
[    0.138980] pci 0000:00:15.3: [15ad:07a0] type 1 class 0x000604
[    0.139746] pci 0000:00:15.3: PME# supported from D0 D3hot D3cold
[    0.139784] pci 0000:00:15.3: PME# disabled
[    0.140023] pci 0000:00:15.4: [15ad:07a0] type 1 class 0x000604
[    0.140798] pci 0000:00:15.4: PME# supported from D0 D3hot D3cold
[    0.140821] pci 0000:00:15.4: PME# disabled
[    0.141067] pci 0000:00:15.5: [15ad:07a0] type 1 class 0x000604
[    0.141842] pci 0000:00:15.5: PME# supported from D0 D3hot D3cold
[    0.141865] pci 0000:00:15.5: PME# disabled
[    0.142104] pci 0000:00:15.6: [15ad:07a0] type 1 class 0x000604
[    0.142976] pci 0000:00:15.6: PME# supported from D0 D3hot D3cold
[    0.143003] pci 0000:00:15.6: PME# disabled
[    0.143244] pci 0000:00:15.7: [15ad:07a0] type 1 class 0x000604
[    0.144039] pci 0000:00:15.7: PME# supported from D0 D3hot D3cold
[    0.144064] pci 0000:00:15.7: PME# disabled
[    0.144304] pci 0000:00:16.0: [15ad:07a0] type 1 class 0x000604
[    0.145077] pci 0000:00:16.0: PME# supported from D0 D3hot D3cold
[    0.145101] pci 0000:00:16.0: PME# disabled
[    0.145341] pci 0000:00:16.1: [15ad:07a0] type 1 class 0x000604
[    0.146115] pci 0000:00:16.1: PME# supported from D0 D3hot D3cold
[    0.146139] pci 0000:00:16.1: PME# disabled
[    0.146377] pci 0000:00:16.2: [15ad:07a0] type 1 class 0x000604
[    0.147150] pci 0000:00:16.2: PME# supported from D0 D3hot D3cold
[    0.147174] pci 0000:00:16.2: PME# disabled
[    0.147413] pci 0000:00:16.3: [15ad:07a0] type 1 class 0x000604
[    0.148199] pci 0000:00:16.3: PME# supported from D0 D3hot D3cold
[    0.148222] pci 0000:00:16.3: PME# disabled
[    0.148462] pci 0000:00:16.4: [15ad:07a0] type 1 class 0x000604
[    0.149295] pci 0000:00:16.4: PME# supported from D0 D3hot D3cold
[    0.149319] pci 0000:00:16.4: PME# disabled
[    0.149565] pci 0000:00:16.5: [15ad:07a0] type 1 class 0x000604
[    0.150331] pci 0000:00:16.5: PME# supported from D0 D3hot D3cold
[    0.150354] pci 0000:00:16.5: PME# disabled
[    0.150593] pci 0000:00:16.6: [15ad:07a0] type 1 class 0x000604
[    0.151359] pci 0000:00:16.6: PME# supported from D0 D3hot D3cold
[    0.151383] pci 0000:00:16.6: PME# disabled
[    0.151622] pci 0000:00:16.7: [15ad:07a0] type 1 class 0x000604
[    0.152405] pci 0000:00:16.7: PME# supported from D0 D3hot D3cold
[    0.152429] pci 0000:00:16.7: PME# disabled
[    0.152673] pci 0000:00:17.0: [15ad:07a0] type 1 class 0x000604
[    0.153438] pci 0000:00:17.0: PME# supported from D0 D3hot D3cold
[    0.153462] pci 0000:00:17.0: PME# disabled
[    0.153721] pci 0000:00:17.1: [15ad:07a0] type 1 class 0x000604
[    0.154486] pci 0000:00:17.1: PME# supported from D0 D3hot D3cold
[    0.154510] pci 0000:00:17.1: PME# disabled
[    0.154757] pci 0000:00:17.2: [15ad:07a0] type 1 class 0x000604
[    0.155523] pci 0000:00:17.2: PME# supported from D0 D3hot D3cold
[    0.155546] pci 0000:00:17.2: PME# disabled
[    0.155812] pci 0000:00:17.3: [15ad:07a0] type 1 class 0x000604
[    0.156579] pci 0000:00:17.3: PME# supported from D0 D3hot D3cold
[    0.156602] pci 0000:00:17.3: PME# disabled
[    0.156849] pci 0000:00:17.4: [15ad:07a0] type 1 class 0x000604
[    0.157614] pci 0000:00:17.4: PME# supported from D0 D3hot D3cold
[    0.157637] pci 0000:00:17.4: PME# disabled
[    0.157885] pci 0000:00:17.5: [15ad:07a0] type 1 class 0x000604
[    0.158661] pci 0000:00:17.5: PME# supported from D0 D3hot D3cold
[    0.158688] pci 0000:00:17.5: PME# disabled
[    0.158927] pci 0000:00:17.6: [15ad:07a0] type 1 class 0x000604
[    0.159701] pci 0000:00:17.6: PME# supported from D0 D3hot D3cold
[    0.159738] pci 0000:00:17.6: PME# disabled
[    0.159980] pci 0000:00:17.7: [15ad:07a0] type 1 class 0x000604
[    0.160747] pci 0000:00:17.7: PME# supported from D0 D3hot D3cold
[    0.160771] pci 0000:00:17.7: PME# disabled
[    0.161012] pci 0000:00:18.0: [15ad:07a0] type 1 class 0x000604
[    0.161779] pci 0000:00:18.0: PME# supported from D0 D3hot D3cold
[    0.161802] pci 0000:00:18.0: PME# disabled
[    0.162041] pci 0000:00:18.1: [15ad:07a0] type 1 class 0x000604
[    0.162815] pci 0000:00:18.1: PME# supported from D0 D3hot D3cold
[    0.162839] pci 0000:00:18.1: PME# disabled
[    0.163078] pci 0000:00:18.2: [15ad:07a0] type 1 class 0x000604
[    0.163867] pci 0000:00:18.2: PME# supported from D0 D3hot D3cold
[    0.163892] pci 0000:00:18.2: PME# disabled
[    0.164132] pci 0000:00:18.3: [15ad:07a0] type 1 class 0x000604
[    0.164907] pci 0000:00:18.3: PME# supported from D0 D3hot D3cold
[    0.164931] pci 0000:00:18.3: PME# disabled
[    0.165171] pci 0000:00:18.4: [15ad:07a0] type 1 class 0x000604
[    0.165950] pci 0000:00:18.4: PME# supported from D0 D3hot D3cold
[    0.165974] pci 0000:00:18.4: PME# disabled
[    0.166219] pci 0000:00:18.5: [15ad:07a0] type 1 class 0x000604
[    0.167018] pci 0000:00:18.5: PME# supported from D0 D3hot D3cold
[    0.167042] pci 0000:00:18.5: PME# disabled
[    0.167283] pci 0000:00:18.6: [15ad:07a0] type 1 class 0x000604
[    0.168079] pci 0000:00:18.6: PME# supported from D0 D3hot D3cold
[    0.168104] pci 0000:00:18.6: PME# disabled
[    0.168345] pci 0000:00:18.7: [15ad:07a0] type 1 class 0x000604
[    0.169118] pci 0000:00:18.7: PME# supported from D0 D3hot D3cold
[    0.169142] pci 0000:00:18.7: PME# disabled
[    0.169749] pci 0000:00:01.0: PCI bridge to [bus 01-01]
[    0.170066] pci 0000:02:00.0: [15ad:0774] type 0 class 0x000c03
[    0.171384] pci 0000:02:00.0: reg 20: [io  0x20c0-0x20df]
[    0.172044] pci 0000:02:01.0: [1022:2000] type 0 class 0x000200
[    0.172328] pci 0000:02:01.0: reg 10: [io  0x2000-0x207f]
[    0.173888] pci 0000:02:01.0: reg 30: [mem 0x00000000-0x0000ffff pref]
[    0.174020] pci 0000:02:02.0: [1274:1371] type 0 class 0x000401
[    0.174352] pci 0000:02:02.0: reg 10: [io  0x2080-0x20bf]
[    0.176270] pci 0000:02:03.0: [15ad:0770] type 0 class 0x000c03
[    0.176538] pci 0000:02:03.0: reg 10: [mem 0xc9000000-0xc9000fff]
[    0.178359] pci 0000:00:11.0: PCI bridge to [bus 02-02] (subtractive decode)
[    0.178383] pci 0000:00:11.0:   bridge window [io  0x2000-0x3fff]
[    0.178406] pci 0000:00:11.0:   bridge window [mem 0xc9000000-0xca3fffff]
[    0.178450] pci 0000:00:11.0:   bridge window [mem 0xd8400000-0xd89fffff 64bit pref]
[    0.178452] pci 0000:00:11.0:   bridge window [mem 0x000a0000-0x000bffff] (subtractive decode)
[    0.178454] pci 0000:00:11.0:   bridge window [mem 0x000cc000-0x000cffff] (subtractive decode)
[    0.178456] pci 0000:00:11.0:   bridge window [mem 0x000d0000-0x000d3fff] (subtractive decode)
[    0.178457] pci 0000:00:11.0:   bridge window [mem 0x000d4000-0x000d7fff] (subtractive decode)
[    0.178459] pci 0000:00:11.0:   bridge window [mem 0x000d8000-0x000dbfff] (subtractive decode)
[    0.178460] pci 0000:00:11.0:   bridge window [mem 0xc0000000-0xfebfffff] (subtractive decode)
[    0.178462] pci 0000:00:11.0:   bridge window [io  0x0000-0x0cf7] (subtractive decode)
[    0.178464] pci 0000:00:11.0:   bridge window [io  0x0d00-0xfeff] (subtractive decode)
[    0.178946] pci 0000:00:15.0: PCI bridge to [bus 03-03]
[    0.178968] pci 0000:00:15.0:   bridge window [io  0x4000-0x4fff]
[    0.178991] pci 0000:00:15.0:   bridge window [mem 0xca400000-0xca4fffff]
[    0.179035] pci 0000:00:15.0:   bridge window [mem 0xd8a00000-0xd8afffff 64bit pref]
[    0.179501] pci 0000:00:15.1: PCI bridge to [bus 04-04]
[    0.179524] pci 0000:00:15.1:   bridge window [io  0x8000-0x8fff]
[    0.179547] pci 0000:00:15.1:   bridge window [mem 0xca800000-0xca8fffff]
[    0.179590] pci 0000:00:15.1:   bridge window [mem 0xd8e00000-0xd8efffff 64bit pref]
[    0.180072] pci 0000:00:15.2: PCI bridge to [bus 05-05]
[    0.180095] pci 0000:00:15.2:   bridge window [io  0xc000-0xcfff]
[    0.180118] pci 0000:00:15.2:   bridge window [mem 0xcac00000-0xcacfffff]
[    0.180161] pci 0000:00:15.2:   bridge window [mem 0xd9200000-0xd92fffff 64bit pref]
[    0.180631] pci 0000:00:15.3: PCI bridge to [bus 06-06]
[    0.180674] pci 0000:00:15.3:   bridge window [mem 0xcb000000-0xcb0fffff]
[    0.180718] pci 0000:00:15.3:   bridge window [mem 0xd9600000-0xd96fffff 64bit pref]
[    0.181181] pci 0000:00:15.4: PCI bridge to [bus 07-07]
[    0.181225] pci 0000:00:15.4:   bridge window [mem 0xcb400000-0xcb4fffff]
[    0.181269] pci 0000:00:15.4:   bridge window [mem 0xd9a00000-0xd9afffff 64bit pref]
[    0.181742] pci 0000:00:15.5: PCI bridge to [bus 08-08]
[    0.181786] pci 0000:00:15.5:   bridge window [mem 0xcb800000-0xcb8fffff]
[    0.181829] pci 0000:00:15.5:   bridge window [mem 0xd9e00000-0xd9efffff 64bit pref]
[    0.182291] pci 0000:00:15.6: PCI bridge to [bus 09-09]
[    0.182335] pci 0000:00:15.6:   bridge window [mem 0xcbc00000-0xcbcfffff]
[    0.182378] pci 0000:00:15.6:   bridge window [mem 0xda200000-0xda2fffff 64bit pref]
[    0.182859] pci 0000:00:15.7: PCI bridge to [bus 0a-0a]
[    0.182902] pci 0000:00:15.7:   bridge window [mem 0xcc000000-0xcc0fffff]
[    0.182946] pci 0000:00:15.7:   bridge window [mem 0xda600000-0xda6fffff 64bit pref]
[    0.183408] pci 0000:00:16.0: PCI bridge to [bus 0b-0b]
[    0.183431] pci 0000:00:16.0:   bridge window [io  0x5000-0x5fff]
[    0.183454] pci 0000:00:16.0:   bridge window [mem 0xca500000-0xca5fffff]
[    0.183498] pci 0000:00:16.0:   bridge window [mem 0xd8b00000-0xd8bfffff 64bit pref]
[    0.183983] pci 0000:00:16.1: PCI bridge to [bus 0c-0c]
[    0.184006] pci 0000:00:16.1:   bridge window [io  0x9000-0x9fff]
[    0.184029] pci 0000:00:16.1:   bridge window [mem 0xca900000-0xca9fffff]
[    0.184072] pci 0000:00:16.1:   bridge window [mem 0xd8f00000-0xd8ffffff 64bit pref]
[    0.184536] pci 0000:00:16.2: PCI bridge to [bus 0d-0d]
[    0.184559] pci 0000:00:16.2:   bridge window [io  0xd000-0xdfff]
[    0.184582] pci 0000:00:16.2:   bridge window [mem 0xcad00000-0xcadfffff]
[    0.184635] pci 0000:00:16.2:   bridge window [mem 0xd9300000-0xd93fffff 64bit pref]
[    0.185101] pci 0000:00:16.3: PCI bridge to [bus 0e-0e]
[    0.185145] pci 0000:00:16.3:   bridge window [mem 0xcb100000-0xcb1fffff]
[    0.185188] pci 0000:00:16.3:   bridge window [mem 0xd9700000-0xd97fffff 64bit pref]
[    0.185654] pci 0000:00:16.4: PCI bridge to [bus 0f-0f]
[    0.185698] pci 0000:00:16.4:   bridge window [mem 0xcb500000-0xcb5fffff]
[    0.185741] pci 0000:00:16.4:   bridge window [mem 0xd9b00000-0xd9bfffff 64bit pref]
[    0.186205] pci 0000:00:16.5: PCI bridge to [bus 10-10]
[    0.186249] pci 0000:00:16.5:   bridge window [mem 0xcb900000-0xcb9fffff]
[    0.186292] pci 0000:00:16.5:   bridge window [mem 0xd9f00000-0xd9ffffff 64bit pref]
[    0.186767] pci 0000:00:16.6: PCI bridge to [bus 11-11]
[    0.186810] pci 0000:00:16.6:   bridge window [mem 0xcbd00000-0xcbdfffff]
[    0.186854] pci 0000:00:16.6:   bridge window [mem 0xda300000-0xda3fffff 64bit pref]
[    0.187316] pci 0000:00:16.7: PCI bridge to [bus 12-12]
[    0.187359] pci 0000:00:16.7:   bridge window [mem 0xcc100000-0xcc1fffff]
[    0.187403] pci 0000:00:16.7:   bridge window [mem 0xda700000-0xda7fffff 64bit pref]
[    0.187887] pci 0000:00:17.0: PCI bridge to [bus 13-13]
[    0.187910] pci 0000:00:17.0:   bridge window [io  0x6000-0x6fff]
[    0.187933] pci 0000:00:17.0:   bridge window [mem 0xca600000-0xca6fffff]
[    0.187976] pci 0000:00:17.0:   bridge window [mem 0xd8c00000-0xd8cfffff 64bit pref]
[    0.188439] pci 0000:00:17.1: PCI bridge to [bus 14-14]
[    0.188462] pci 0000:00:17.1:   bridge window [io  0xa000-0xafff]
[    0.188485] pci 0000:00:17.1:   bridge window [mem 0xcaa00000-0xcaafffff]
[    0.188528] pci 0000:00:17.1:   bridge window [mem 0xd9000000-0xd90fffff 64bit pref]
[    0.189000] pci 0000:00:17.2: PCI bridge to [bus 15-15]
[    0.189023] pci 0000:00:17.2:   bridge window [io  0xe000-0xefff]
[    0.189046] pci 0000:00:17.2:   bridge window [mem 0xcae00000-0xcaefffff]
[    0.189089] pci 0000:00:17.2:   bridge window [mem 0xd9400000-0xd94fffff 64bit pref]
[    0.189556] pci 0000:00:17.3: PCI bridge to [bus 16-16]
[    0.189599] pci 0000:00:17.3:   bridge window [mem 0xcb200000-0xcb2fffff]
[    0.189658] pci 0000:00:17.3:   bridge window [mem 0xd9800000-0xd98fffff 64bit pref]
[    0.190153] pci 0000:00:17.4: PCI bridge to [bus 17-17]
[    0.190196] pci 0000:00:17.4:   bridge window [mem 0xcb600000-0xcb6fffff]
[    0.190240] pci 0000:00:17.4:   bridge window [mem 0xd9c00000-0xd9cfffff 64bit pref]
[    0.190706] pci 0000:00:17.5: PCI bridge to [bus 18-18]
[    0.190750] pci 0000:00:17.5:   bridge window [mem 0xcba00000-0xcbafffff]
[    0.190794] pci 0000:00:17.5:   bridge window [mem 0xda000000-0xda0fffff 64bit pref]
[    0.191257] pci 0000:00:17.6: PCI bridge to [bus 19-19]
[    0.191300] pci 0000:00:17.6:   bridge window [mem 0xcbe00000-0xcbefffff]
[    0.191343] pci 0000:00:17.6:   bridge window [mem 0xda400000-0xda4fffff 64bit pref]
[    0.191824] pci 0000:00:17.7: PCI bridge to [bus 1a-1a]
[    0.191867] pci 0000:00:17.7:   bridge window [mem 0xcc200000-0xcc2fffff]
[    0.191912] pci 0000:00:17.7:   bridge window [mem 0xda800000-0xda8fffff 64bit pref]
[    0.192376] pci 0000:00:18.0: PCI bridge to [bus 1b-1b]
[    0.192399] pci 0000:00:18.0:   bridge window [io  0x7000-0x7fff]
[    0.192422] pci 0000:00:18.0:   bridge window [mem 0xca700000-0xca7fffff]
[    0.192465] pci 0000:00:18.0:   bridge window [mem 0xd8d00000-0xd8dfffff 64bit pref]
[    0.192937] pci 0000:00:18.1: PCI bridge to [bus 1c-1c]
[    0.192959] pci 0000:00:18.1:   bridge window [io  0xb000-0xbfff]
[    0.192982] pci 0000:00:18.1:   bridge window [mem 0xcab00000-0xcabfffff]
[    0.193026] pci 0000:00:18.1:   bridge window [mem 0xd9100000-0xd91fffff 64bit pref]
[    0.193489] pci 0000:00:18.2: PCI bridge to [bus 1d-1d]
[    0.193512] pci 0000:00:18.2:   bridge window [io  0xf000-0xffff]
[    0.193535] pci 0000:00:18.2:   bridge window [mem 0xcaf00000-0xcaffffff]
[    0.193578] pci 0000:00:18.2:   bridge window [mem 0xd9500000-0xd95fffff 64bit pref]
[    0.194051] pci 0000:00:18.3: PCI bridge to [bus 1e-1e]
[    0.194095] pci 0000:00:18.3:   bridge window [mem 0xcb300000-0xcb3fffff]
[    0.194139] pci 0000:00:18.3:   bridge window [mem 0xd9900000-0xd99fffff 64bit pref]
[    0.194611] pci 0000:00:18.4: PCI bridge to [bus 1f-1f]
[    0.194655] pci 0000:00:18.4:   bridge window [mem 0xcb700000-0xcb7fffff]
[    0.194699] pci 0000:00:18.4:   bridge window [mem 0xd9d00000-0xd9dfffff 64bit pref]
[    0.195161] pci 0000:00:18.5: PCI bridge to [bus 20-20]
[    0.195205] pci 0000:00:18.5:   bridge window [mem 0xcbb00000-0xcbbfffff]
[    0.195249] pci 0000:00:18.5:   bridge window [mem 0xda100000-0xda1fffff 64bit pref]
[    0.195771] pci 0000:00:18.6: PCI bridge to [bus 21-21]
[    0.195818] pci 0000:00:18.6:   bridge window [mem 0xcbf00000-0xcbffffff]
[    0.195876] pci 0000:00:18.6:   bridge window [mem 0xda500000-0xda5fffff 64bit pref]
[    0.196388] pci 0000:00:18.7: PCI bridge to [bus 22-22]
[    0.196432] pci 0000:00:18.7:   bridge window [mem 0xcc300000-0xcc3fffff]
[    0.196476] pci 0000:00:18.7:   bridge window [mem 0xda900000-0xda9fffff 64bit pref]
[    0.198209] pci_bus 0000:00: on NUMA node 0
[    0.198215] ACPI: PCI Interrupt Routing Table [\_SB_.PCI0._PRT]
[    0.198820]  pci0000:00: Requesting ACPI _OSC control (0x1d)
[    0.199023]  pci0000:00: ACPI _OSC control (0x15) granted
[    0.278298] ACPI: PCI Interrupt Link [LNKA] (IRQs 3 4 5 6 7 *9 10 11 14 15)
[    0.278369] ACPI: PCI Interrupt Link [LNKB] (IRQs 3 4 5 6 7 9 10 *11 14 15)
[    0.278435] ACPI: PCI Interrupt Link [LNKC] (IRQs 3 4 5 6 7 9 *10 11 14 15)
[    0.278516] ACPI: PCI Interrupt Link [LNKD] (IRQs 3 4 *5 6 7 9 10 11 14 15)
[    0.278652] vgaarb: device added: PCI:0000:00:0f.0,decodes=io+mem,owns=io+mem,locks=none
[    0.278661] vgaarb: loaded
[    0.278662] vgaarb: bridge control possible 0000:00:0f.0
[    0.278740] i2c-core: driver [aat2870] using legacy suspend method
[    0.278741] i2c-core: driver [aat2870] using legacy resume method
[    0.278803] SCSI subsystem initialized
[    0.278842] libata version 3.00 loaded.
[    0.278871] usbcore: registered new interface driver usbfs
[    0.278880] usbcore: registered new interface driver hub
[    0.278902] usbcore: registered new device driver usb
[    0.278965] PCI: Using ACPI for IRQ routing
[    0.352509] PCI: pci_cache_line_size set to 64 bytes
[    0.352536] pci 0000:00:18.2: no compatible bridge window for [io  0xf000-0xffff]
[    0.353742] reserve RAM buffer: 000000000009f000 - 000000000009ffff 
[    0.353744] reserve RAM buffer: 000000003fee0000 - 000000003fffffff 
[    0.353840] NetLabel: Initializing
[    0.353841] NetLabel:  domain hash size = 128
[    0.353842] NetLabel:  protocols = UNLABELED CIPSOv4
[    0.353849] NetLabel:  unlabeled traffic allowed by default
[    0.353905] hpet0: at MMIO 0xfed00000, IRQs 2, 8, 0, 0, 0, 0, 0, 0, 0, 0, 0, 0, 0, 0, 0, 0
[    0.353911] hpet0: 16 comparators, 64-bit 14.318180 MHz counter
[    0.355942] Switching to clocksource hpet
[    0.361253] AppArmor: AppArmor Filesystem Enabled
[    0.361271] pnp: PnP ACPI init
[    0.361286] ACPI: bus type pnp registered
[    0.361929] pnp 00:00: [bus 00-ff]
[    0.361931] pnp 00:00: [mem 0x000a0000-0x000bffff window]
[    0.361933] pnp 00:00: [mem 0x000c0000-0x000c3fff window]
[    0.361934] pnp 00:00: [mem 0x000c4000-0x000c7fff window]
[    0.361936] pnp 00:00: [mem 0x000c8000-0x000cbfff window]
[    0.361937] pnp 00:00: [mem 0x000cc000-0x000cffff window]
[    0.361939] pnp 00:00: [mem 0x000d0000-0x000d3fff window]
[    0.361940] pnp 00:00: [mem 0x000d4000-0x000d7fff window]
[    0.361942] pnp 00:00: [mem 0x000d8000-0x000dbfff window]
[    0.361943] pnp 00:00: [mem 0x000dc000-0x000dffff window]
[    0.361944] pnp 00:00: [mem 0x000e0000-0x000e3fff window]
[    0.361946] pnp 00:00: [mem 0x000e4000-0x000e7fff window]
[    0.361947] pnp 00:00: [mem 0x000e8000-0x000ebfff window]
[    0.361949] pnp 00:00: [mem 0x000ec000-0x000effff window]
[    0.361950] pnp 00:00: [mem 0xc0000000-0xfebfffff window]
[    0.361952] pnp 00:00: [io  0x0cf8-0x0cff]
[    0.361953] pnp 00:00: [io  0x0000-0x0cf7 window]
[    0.361955] pnp 00:00: [io  0x0d00-0xfeff window]
[    0.361991] pnp 00:00: Plug and Play ACPI device, IDs PNP0a03 PNP0a08 (active)
[    0.362054] pnp 00:01: [io  0x0010-0x001f]
[    0.362056] pnp 00:01: [io  0x0024-0x0025]
[    0.362057] pnp 00:01: [io  0x0028-0x0029]
[    0.362058] pnp 00:01: [io  0x002c-0x002d]
[    0.362059] pnp 00:01: [io  0x002e-0x002f]
[    0.362060] pnp 00:01: [io  0x0030-0x0031]
[    0.362061] pnp 00:01: [io  0x0034-0x0035]
[    0.362062] pnp 00:01: [io  0x0038-0x0039]
[    0.362064] pnp 00:01: [io  0x003c-0x003d]
[    0.362065] pnp 00:01: [io  0x0050-0x0053]
[    0.362066] pnp 00:01: [io  0x0072-0x0077]
[    0.362067] pnp 00:01: [io  0x0080]
[    0.362068] pnp 00:01: [io  0x0090-0x009f]
[    0.362069] pnp 00:01: [io  0x00a4-0x00a5]
[    0.362070] pnp 00:01: [io  0x00a8-0x00a9]
[    0.362072] pnp 00:01: [io  0x00ac-0x00ad]
[    0.362073] pnp 00:01: [io  0x00b0-0x00b5]
[    0.362074] pnp 00:01: [io  0x00b8-0x00b9]
[    0.362075] pnp 00:01: [io  0x00bc-0x00bd]
[    0.362076] pnp 00:01: [io  0x1000-0x103f]
[    0.362077] pnp 00:01: [io  0x1040-0x104f]
[    0.362079] pnp 00:01: [io  0x0cf0-0x0cf1]
[    0.362134] system 00:01: [io  0x1000-0x103f] has been reserved
[    0.362138] system 00:01: [io  0x1040-0x104f] has been reserved
[    0.362140] system 00:01: [io  0x0cf0-0x0cf1] has been reserved
[    0.362143] system 00:01: Plug and Play ACPI device, IDs PNP0c02 (active)
[    0.362149] pnp 00:02: [io  0x0000-0x000f]
[    0.362150] pnp 00:02: [io  0x0081-0x008f]
[    0.362152] pnp 00:02: [io  0x00c0-0x00df]
[    0.362153] pnp 00:02: [dma 4]
[    0.362169] pnp 00:02: Plug and Play ACPI device, IDs PNP0200 (active)
[    0.362174] pnp 00:03: [io  0x0020-0x0021]
[    0.362175] pnp 00:03: [io  0x00a0-0x00a1]
[    0.362177] pnp 00:03: [io  0x04d0-0x04d1]
[    0.362178] pnp 00:03: [irq 2 disabled]
[    0.362193] pnp 00:03: Plug and Play ACPI device, IDs PNP0001 (active)
[    0.362199] pnp 00:04: [io  0x0070-0x0071]
[    0.362202] pnp 00:04: [irq 8]
[    0.362214] pnp 00:04: Plug and Play ACPI device, IDs PNP0b00 (active)
[    0.362219] pnp 00:05: [io  0x0061]
[    0.362231] pnp 00:05: Plug and Play ACPI device, IDs PNP0800 (active)
[    0.362236] pnp 00:06: [io  0x0060]
[    0.362237] pnp 00:06: [io  0x0064]
[    0.362238] pnp 00:06: [irq 1]
[    0.362253] pnp 00:06: Plug and Play ACPI device, IDs PNP0303 (active)
[    0.362258] pnp 00:07: [irq 12]
[    0.362271] pnp 00:07: Plug and Play ACPI device, IDs PNP0f13 (active)
[    0.362449] pnp 00:08: [mem 0xfed00000-0xfed003ff]
[    0.362484] system 00:08: [mem 0xfed00000-0xfed003ff] has been reserved
[    0.362486] system 00:08: Plug and Play ACPI device, IDs PNP0103 PNP0c01 (active)
[    0.367061] pnp 00:09: [io  0x0378-0x037f]
[    0.367064] pnp 00:09: [irq 7]
[    0.368278] pnp 00:09: Plug and Play ACPI device, IDs PNP0400 (active)
[    0.372369] pnp 00:0a: [io  0x03f8-0x03ff]
[    0.372372] pnp 00:0a: [irq 4]
[    0.373531] pnp 00:0a: Plug and Play ACPI device, IDs PNP0501 (active)
[    0.376975] pnp 00:0b: [io  0x02f8-0x02ff]
[    0.376978] pnp 00:0b: [irq 3]
[    0.378152] pnp 00:0b: Plug and Play ACPI device, IDs PNP0501 (active)
[    0.383323] pnp 00:0c: [io  0x03f0-0x03f5]
[    0.383325] pnp 00:0c: [io  0x03f7]
[    0.383327] pnp 00:0c: [irq 6]
[    0.383328] pnp 00:0c: [dma 2]
[    0.384430] pnp 00:0c: Plug and Play ACPI device, IDs PNP0700 (active)
[    0.384591] pnp 00:0d: [mem 0xe0000000-0xefffffff]
[    0.384593] pnp 00:0d: [io  0x1060-0x107f]
[    0.384594] pnp 00:0d: [mem 0xc8200000-0xc83fffff]
[    0.384635] system 00:0d: [io  0x1060-0x107f] has been reserved
[    0.384638] system 00:0d: [mem 0xe0000000-0xefffffff] has been reserved
[    0.384640] system 00:0d: [mem 0xc8200000-0xc83fffff] has been reserved
[    0.384642] system 00:0d: Plug and Play ACPI device, IDs PNP0c02 (active)
[    0.389588] pnp: PnP ACPI: found 14 devices
[    0.389590] ACPI: ACPI bus type pnp unregistered
[    0.389593] PnPBIOS: Disabled by ACPI PNP
[    0.425250] PCI: max bus depth: 1 pci_try_num: 2
[    0.425403] pci 0000:00:0f.0: BAR 6: assigned [mem 0xc0000000-0xc0007fff pref]
[    0.425407] pci 0000:00:10.0: BAR 6: assigned [mem 0xc0008000-0xc000bfff pref]
[    0.425412] pci 0000:00:18.7: BAR 13: can't assign io (size 0x1000)
[    0.425415] pci 0000:00:18.6: BAR 13: can't assign io (size 0x1000)
[    0.425419] pci 0000:00:18.5: BAR 13: can't assign io (size 0x1000)
[    0.425422] pci 0000:00:18.4: BAR 13: can't assign io (size 0x1000)
[    0.425425] pci 0000:00:18.3: BAR 13: can't assign io (size 0x1000)
[    0.425428] pci 0000:00:18.2: BAR 13: can't assign io (size 0x1000)
[    0.425430] pci 0000:00:17.7: BAR 13: can't assign io (size 0x1000)
[    0.425433] pci 0000:00:17.6: BAR 13: can't assign io (size 0x1000)
[    0.425436] pci 0000:00:17.5: BAR 13: can't assign io (size 0x1000)
[    0.425439] pci 0000:00:17.4: BAR 13: can't assign io (size 0x1000)
[    0.425442] pci 0000:00:17.3: BAR 13: can't assign io (size 0x1000)
[    0.425445] pci 0000:00:16.7: BAR 13: can't assign io (size 0x1000)
[    0.425448] pci 0000:00:16.6: BAR 13: can't assign io (size 0x1000)
[    0.425451] pci 0000:00:16.5: BAR 13: can't assign io (size 0x1000)
[    0.425454] pci 0000:00:16.4: BAR 13: can't assign io (size 0x1000)
[    0.425457] pci 0000:00:16.3: BAR 13: can't assign io (size 0x1000)
[    0.425460] pci 0000:00:15.7: BAR 13: can't assign io (size 0x1000)
[    0.425463] pci 0000:00:15.6: BAR 13: can't assign io (size 0x1000)
[    0.425466] pci 0000:00:15.5: BAR 13: can't assign io (size 0x1000)
[    0.425469] pci 0000:00:15.4: BAR 13: can't assign io (size 0x1000)
[    0.425472] pci 0000:00:15.3: BAR 13: can't assign io (size 0x1000)
[    0.425475] pci 0000:00:01.0: PCI bridge to [bus 01-01]
[    0.425564] pci 0000:02:01.0: BAR 6: assigned [mem 0xd8400000-0xd840ffff pref]
[    0.425566] pci 0000:00:11.0: PCI bridge to [bus 02-02]
[    0.425579] pci 0000:00:11.0:   bridge window [io  0x2000-0x3fff]
[    0.425609] pci 0000:00:11.0:   bridge window [mem 0xc9000000-0xca3fffff]
[    0.425631] pci 0000:00:11.0:   bridge window [mem 0xd8400000-0xd89fffff 64bit pref]
[    0.425671] pci 0000:00:15.0: PCI bridge to [bus 03-03]
[    0.425683] pci 0000:00:15.0:   bridge window [io  0x4000-0x4fff]
[    0.425714] pci 0000:00:15.0:   bridge window [mem 0xca400000-0xca4fffff]
[    0.425735] pci 0000:00:15.0:   bridge window [mem 0xd8a00000-0xd8afffff 64bit pref]
[    0.425786] pci 0000:00:15.1: PCI bridge to [bus 04-04]
[    0.425799] pci 0000:00:15.1:   bridge window [io  0x8000-0x8fff]
[    0.425830] pci 0000:00:15.1:   bridge window [mem 0xca800000-0xca8fffff]
[    0.425851] pci 0000:00:15.1:   bridge window [mem 0xd8e00000-0xd8efffff 64bit pref]
[    0.425904] pci 0000:00:15.2: PCI bridge to [bus 05-05]
[    0.425916] pci 0000:00:15.2:   bridge window [io  0xc000-0xcfff]
[    0.425946] pci 0000:00:15.2:   bridge window [mem 0xcac00000-0xcacfffff]
[    0.425968] pci 0000:00:15.2:   bridge window [mem 0xd9200000-0xd92fffff 64bit pref]
[    0.426012] pci 0000:00:15.3: PCI bridge to [bus 06-06]
[    0.426043] pci 0000:00:15.3:   bridge window [mem 0xcb000000-0xcb0fffff]
[    0.426064] pci 0000:00:15.3:   bridge window [mem 0xd9600000-0xd96fffff 64bit pref]
[    0.426108] pci 0000:00:15.4: PCI bridge to [bus 07-07]
[    0.426139] pci 0000:00:15.4:   bridge window [mem 0xcb400000-0xcb4fffff]
[    0.426160] pci 0000:00:15.4:   bridge window [mem 0xd9a00000-0xd9afffff 64bit pref]
[    0.426204] pci 0000:00:15.5: PCI bridge to [bus 08-08]
[    0.426235] pci 0000:00:15.5:   bridge window [mem 0xcb800000-0xcb8fffff]
[    0.426256] pci 0000:00:15.5:   bridge window [mem 0xd9e00000-0xd9efffff 64bit pref]
[    0.426299] pci 0000:00:15.6: PCI bridge to [bus 09-09]
[    0.426330] pci 0000:00:15.6:   bridge window [mem 0xcbc00000-0xcbcfffff]
[    0.426352] pci 0000:00:15.6:   bridge window [mem 0xda200000-0xda2fffff 64bit pref]
[    0.426395] pci 0000:00:15.7: PCI bridge to [bus 0a-0a]
[    0.426426] pci 0000:00:15.7:   bridge window [mem 0xcc000000-0xcc0fffff]
[    0.426448] pci 0000:00:15.7:   bridge window [mem 0xda600000-0xda6fffff 64bit pref]
[    0.426492] pci 0000:00:16.0: PCI bridge to [bus 0b-0b]
[    0.426504] pci 0000:00:16.0:   bridge window [io  0x5000-0x5fff]
[    0.426535] pci 0000:00:16.0:   bridge window [mem 0xca500000-0xca5fffff]
[    0.426556] pci 0000:00:16.0:   bridge window [mem 0xd8b00000-0xd8bfffff 64bit pref]
[    0.426600] pci 0000:00:16.1: PCI bridge to [bus 0c-0c]
[    0.426613] pci 0000:00:16.1:   bridge window [io  0x9000-0x9fff]
[    0.426644] pci 0000:00:16.1:   bridge window [mem 0xca900000-0xca9fffff]
[    0.426665] pci 0000:00:16.1:   bridge window [mem 0xd8f00000-0xd8ffffff 64bit pref]
[    0.426708] pci 0000:00:16.2: PCI bridge to [bus 0d-0d]
[    0.426721] pci 0000:00:16.2:   bridge window [io  0xd000-0xdfff]
[    0.426752] pci 0000:00:16.2:   bridge window [mem 0xcad00000-0xcadfffff]
[    0.426773] pci 0000:00:16.2:   bridge window [mem 0xd9300000-0xd93fffff 64bit pref]
[    0.426817] pci 0000:00:16.3: PCI bridge to [bus 0e-0e]
[    0.426847] pci 0000:00:16.3:   bridge window [mem 0xcb100000-0xcb1fffff]
[    0.426878] pci 0000:00:16.3:   bridge window [mem 0xd9700000-0xd97fffff 64bit pref]
[    0.426923] pci 0000:00:16.4: PCI bridge to [bus 0f-0f]
[    0.426953] pci 0000:00:16.4:   bridge window [mem 0xcb500000-0xcb5fffff]
[    0.426975] pci 0000:00:16.4:   bridge window [mem 0xd9b00000-0xd9bfffff 64bit pref]
[    0.427018] pci 0000:00:16.5: PCI bridge to [bus 10-10]
[    0.427049] pci 0000:00:16.5:   bridge window [mem 0xcb900000-0xcb9fffff]
[    0.427069] pci 0000:00:16.5:   bridge window [mem 0xd9f00000-0xd9ffffff 64bit pref]
[    0.427113] pci 0000:00:16.6: PCI bridge to [bus 11-11]
[    0.427144] pci 0000:00:16.6:   bridge window [mem 0xcbd00000-0xcbdfffff]
[    0.427165] pci 0000:00:16.6:   bridge window [mem 0xda300000-0xda3fffff 64bit pref]
[    0.427209] pci 0000:00:16.7: PCI bridge to [bus 12-12]
[    0.427240] pci 0000:00:16.7:   bridge window [mem 0xcc100000-0xcc1fffff]
[    0.427261] pci 0000:00:16.7:   bridge window [mem 0xda700000-0xda7fffff 64bit pref]
[    0.427305] pci 0000:00:17.0: PCI bridge to [bus 13-13]
[    0.427317] pci 0000:00:17.0:   bridge window [io  0x6000-0x6fff]
[    0.427348] pci 0000:00:17.0:   bridge window [mem 0xca600000-0xca6fffff]
[    0.427369] pci 0000:00:17.0:   bridge window [mem 0xd8c00000-0xd8cfffff 64bit pref]
[    0.427413] pci 0000:00:17.1: PCI bridge to [bus 14-14]
[    0.427426] pci 0000:00:17.1:   bridge window [io  0xa000-0xafff]
[    0.427456] pci 0000:00:17.1:   bridge window [mem 0xcaa00000-0xcaafffff]
[    0.427478] pci 0000:00:17.1:   bridge window [mem 0xd9000000-0xd90fffff 64bit pref]
[    0.427521] pci 0000:00:17.2: PCI bridge to [bus 15-15]
[    0.427534] pci 0000:00:17.2:   bridge window [io  0xe000-0xefff]
[    0.427565] pci 0000:00:17.2:   bridge window [mem 0xcae00000-0xcaefffff]
[    0.427586] pci 0000:00:17.2:   bridge window [mem 0xd9400000-0xd94fffff 64bit pref]
[    0.427630] pci 0000:00:17.3: PCI bridge to [bus 16-16]
[    0.427660] pci 0000:00:17.3:   bridge window [mem 0xcb200000-0xcb2fffff]
[    0.427681] pci 0000:00:17.3:   bridge window [mem 0xd9800000-0xd98fffff 64bit pref]
[    0.427725] pci 0000:00:17.4: PCI bridge to [bus 17-17]
[    0.427756] pci 0000:00:17.4:   bridge window [mem 0xcb600000-0xcb6fffff]
[    0.427777] pci 0000:00:17.4:   bridge window [mem 0xd9c00000-0xd9cfffff 64bit pref]
[    0.427821] pci 0000:00:17.5: PCI bridge to [bus 18-18]
[    0.427879] pci 0000:00:17.5:   bridge window [mem 0xcba00000-0xcbafffff]
[    0.427901] pci 0000:00:17.5:   bridge window [mem 0xda000000-0xda0fffff 64bit pref]
[    0.427946] pci 0000:00:17.6: PCI bridge to [bus 19-19]
[    0.427977] pci 0000:00:17.6:   bridge window [mem 0xcbe00000-0xcbefffff]
[    0.427998] pci 0000:00:17.6:   bridge window [mem 0xda400000-0xda4fffff 64bit pref]
[    0.428042] pci 0000:00:17.7: PCI bridge to [bus 1a-1a]
[    0.428073] pci 0000:00:17.7:   bridge window [mem 0xcc200000-0xcc2fffff]
[    0.428094] pci 0000:00:17.7:   bridge window [mem 0xda800000-0xda8fffff 64bit pref]
[    0.428138] pci 0000:00:18.0: PCI bridge to [bus 1b-1b]
[    0.428151] pci 0000:00:18.0:   bridge window [io  0x7000-0x7fff]
[    0.428181] pci 0000:00:18.0:   bridge window [mem 0xca700000-0xca7fffff]
[    0.428202] pci 0000:00:18.0:   bridge window [mem 0xd8d00000-0xd8dfffff 64bit pref]
[    0.428246] pci 0000:00:18.1: PCI bridge to [bus 1c-1c]
[    0.428259] pci 0000:00:18.1:   bridge window [io  0xb000-0xbfff]
[    0.428289] pci 0000:00:18.1:   bridge window [mem 0xcab00000-0xcabfffff]
[    0.428311] pci 0000:00:18.1:   bridge window [mem 0xd9100000-0xd91fffff 64bit pref]
[    0.428355] pci 0000:00:18.2: PCI bridge to [bus 1d-1d]
[    0.428385] pci 0000:00:18.2:   bridge window [mem 0xcaf00000-0xcaffffff]
[    0.428406] pci 0000:00:18.2:   bridge window [mem 0xd9500000-0xd95fffff 64bit pref]
[    0.428450] pci 0000:00:18.3: PCI bridge to [bus 1e-1e]
[    0.428481] pci 0000:00:18.3:   bridge window [mem 0xcb300000-0xcb3fffff]
[    0.428503] pci 0000:00:18.3:   bridge window [mem 0xd9900000-0xd99fffff 64bit pref]
[    0.428546] pci 0000:00:18.4: PCI bridge to [bus 1f-1f]
[    0.428577] pci 0000:00:18.4:   bridge window [mem 0xcb700000-0xcb7fffff]
[    0.428599] pci 0000:00:18.4:   bridge window [mem 0xd9d00000-0xd9dfffff 64bit pref]
[    0.428642] pci 0000:00:18.5: PCI bridge to [bus 20-20]
[    0.428673] pci 0000:00:18.5:   bridge window [mem 0xcbb00000-0xcbbfffff]
[    0.428695] pci 0000:00:18.5:   bridge window [mem 0xda100000-0xda1fffff 64bit pref]
[    0.428738] pci 0000:00:18.6: PCI bridge to [bus 21-21]
[    0.428769] pci 0000:00:18.6:   bridge window [mem 0xcbf00000-0xcbffffff]
[    0.428790] pci 0000:00:18.6:   bridge window [mem 0xda500000-0xda5fffff 64bit pref]
[    0.428833] pci 0000:00:18.7: PCI bridge to [bus 22-22]
[    0.428870] pci 0000:00:18.7:   bridge window [mem 0xcc300000-0xcc3fffff]
[    0.428892] pci 0000:00:18.7:   bridge window [mem 0xda900000-0xda9fffff 64bit pref]
[    0.428969] pci 0000:00:01.0: setting latency timer to 64
[    0.429050] pci 0000:00:15.0: setting latency timer to 64
[    0.429100] pci 0000:00:15.1: setting latency timer to 64
[    0.429150] pci 0000:00:15.2: setting latency timer to 64
[    0.429200] pci 0000:00:15.3: setting latency timer to 64
[    0.429250] pci 0000:00:15.4: setting latency timer to 64
[    0.429300] pci 0000:00:15.5: setting latency timer to 64
[    0.429350] pci 0000:00:15.6: setting latency timer to 64
[    0.429400] pci 0000:00:15.7: setting latency timer to 64
[    0.429450] pci 0000:00:16.0: setting latency timer to 64
[    0.429500] pci 0000:00:16.1: setting latency timer to 64
[    0.429550] pci 0000:00:16.2: setting latency timer to 64
[    0.429600] pci 0000:00:16.3: setting latency timer to 64
[    0.429650] pci 0000:00:16.4: setting latency timer to 64
[    0.429700] pci 0000:00:16.5: setting latency timer to 64
[    0.429750] pci 0000:00:16.6: setting latency timer to 64
[    0.429801] pci 0000:00:16.7: setting latency timer to 64
[    0.429858] pci 0000:00:17.0: setting latency timer to 64
[    0.429908] pci 0000:00:17.1: setting latency timer to 64
[    0.429958] pci 0000:00:17.2: setting latency timer to 64
[    0.430008] pci 0000:00:17.3: setting latency timer to 64
[    0.430058] pci 0000:00:17.4: setting latency timer to 64
[    0.430108] pci 0000:00:17.5: setting latency timer to 64
[    0.430158] pci 0000:00:17.6: setting latency timer to 64
[    0.430208] pci 0000:00:17.7: setting latency timer to 64
[    0.430258] pci 0000:00:18.0: setting latency timer to 64
[    0.430308] pci 0000:00:18.1: setting latency timer to 64
[    0.430358] pci 0000:00:18.2: setting latency timer to 64
[    0.430408] pci 0000:00:18.3: setting latency timer to 64
[    0.430458] pci 0000:00:18.4: setting latency timer to 64
[    0.430508] pci 0000:00:18.5: setting latency timer to 64
[    0.430558] pci 0000:00:18.6: setting latency timer to 64
[    0.430608] pci 0000:00:18.7: setting latency timer to 64
[    0.430621] pci_bus 0000:00: resource 4 [mem 0x000a0000-0x000bffff]
[    0.430623] pci_bus 0000:00: resource 5 [mem 0x000cc000-0x000cffff]
[    0.430625] pci_bus 0000:00: resource 6 [mem 0x000d0000-0x000d3fff]
[    0.430627] pci_bus 0000:00: resource 7 [mem 0x000d4000-0x000d7fff]
[    0.430629] pci_bus 0000:00: resource 8 [mem 0x000d8000-0x000dbfff]
[    0.430631] pci_bus 0000:00: resource 9 [mem 0xc0000000-0xfebfffff]
[    0.430634] pci_bus 0000:00: resource 10 [io  0x0000-0x0cf7]
[    0.430636] pci_bus 0000:00: resource 11 [io  0x0d00-0xfeff]
[    0.430638] pci_bus 0000:02: resource 0 [io  0x2000-0x3fff]
[    0.430640] pci_bus 0000:02: resource 1 [mem 0xc9000000-0xca3fffff]
[    0.430642] pci_bus 0000:02: resource 2 [mem 0xd8400000-0xd89fffff 64bit pref]
[    0.430644] pci_bus 0000:02: resource 4 [mem 0x000a0000-0x000bffff]
[    0.430646] pci_bus 0000:02: resource 5 [mem 0x000cc000-0x000cffff]
[    0.430648] pci_bus 0000:02: resource 6 [mem 0x000d0000-0x000d3fff]
[    0.430650] pci_bus 0000:02: resource 7 [mem 0x000d4000-0x000d7fff]
[    0.430652] pci_bus 0000:02: resource 8 [mem 0x000d8000-0x000dbfff]
[    0.430654] pci_bus 0000:02: resource 9 [mem 0xc0000000-0xfebfffff]
[    0.430656] pci_bus 0000:02: resource 10 [io  0x0000-0x0cf7]
[    0.430658] pci_bus 0000:02: resource 11 [io  0x0d00-0xfeff]
[    0.430661] pci_bus 0000:03: resource 0 [io  0x4000-0x4fff]
[    0.430663] pci_bus 0000:03: resource 1 [mem 0xca400000-0xca4fffff]
[    0.430665] pci_bus 0000:03: resource 2 [mem 0xd8a00000-0xd8afffff 64bit pref]
[    0.430667] pci_bus 0000:04: resource 0 [io  0x8000-0x8fff]
[    0.430669] pci_bus 0000:04: resource 1 [mem 0xca800000-0xca8fffff]
[    0.430671] pci_bus 0000:04: resource 2 [mem 0xd8e00000-0xd8efffff 64bit pref]
[    0.430673] pci_bus 0000:05: resource 0 [io  0xc000-0xcfff]
[    0.430675] pci_bus 0000:05: resource 1 [mem 0xcac00000-0xcacfffff]
[    0.430677] pci_bus 0000:05: resource 2 [mem 0xd9200000-0xd92fffff 64bit pref]
[    0.430680] pci_bus 0000:06: resource 1 [mem 0xcb000000-0xcb0fffff]
[    0.430682] pci_bus 0000:06: resource 2 [mem 0xd9600000-0xd96fffff 64bit pref]
[    0.430684] pci_bus 0000:07: resource 1 [mem 0xcb400000-0xcb4fffff]
[    0.430686] pci_bus 0000:07: resource 2 [mem 0xd9a00000-0xd9afffff 64bit pref]
[    0.430688] pci_bus 0000:08: resource 1 [mem 0xcb800000-0xcb8fffff]
[    0.430691] pci_bus 0000:08: resource 2 [mem 0xd9e00000-0xd9efffff 64bit pref]
[    0.430693] pci_bus 0000:09: resource 1 [mem 0xcbc00000-0xcbcfffff]
[    0.430695] pci_bus 0000:09: resource 2 [mem 0xda200000-0xda2fffff 64bit pref]
[    0.430697] pci_bus 0000:0a: resource 1 [mem 0xcc000000-0xcc0fffff]
[    0.430699] pci_bus 0000:0a: resource 2 [mem 0xda600000-0xda6fffff 64bit pref]
[    0.430702] pci_bus 0000:0b: resource 0 [io  0x5000-0x5fff]
[    0.430704] pci_bus 0000:0b: resource 1 [mem 0xca500000-0xca5fffff]
[    0.430706] pci_bus 0000:0b: resource 2 [mem 0xd8b00000-0xd8bfffff 64bit pref]
[    0.430708] pci_bus 0000:0c: resource 0 [io  0x9000-0x9fff]
[    0.430710] pci_bus 0000:0c: resource 1 [mem 0xca900000-0xca9fffff]
[    0.430712] pci_bus 0000:0c: resource 2 [mem 0xd8f00000-0xd8ffffff 64bit pref]
[    0.430714] pci_bus 0000:0d: resource 0 [io  0xd000-0xdfff]
[    0.430716] pci_bus 0000:0d: resource 1 [mem 0xcad00000-0xcadfffff]
[    0.430718] pci_bus 0000:0d: resource 2 [mem 0xd9300000-0xd93fffff 64bit pref]
[    0.430721] pci_bus 0000:0e: resource 1 [mem 0xcb100000-0xcb1fffff]
[    0.430723] pci_bus 0000:0e: resource 2 [mem 0xd9700000-0xd97fffff 64bit pref]
[    0.430725] pci_bus 0000:0f: resource 1 [mem 0xcb500000-0xcb5fffff]
[    0.430727] pci_bus 0000:0f: resource 2 [mem 0xd9b00000-0xd9bfffff 64bit pref]
[    0.430729] pci_bus 0000:10: resource 1 [mem 0xcb900000-0xcb9fffff]
[    0.430731] pci_bus 0000:10: resource 2 [mem 0xd9f00000-0xd9ffffff 64bit pref]
[    0.430734] pci_bus 0000:11: resource 1 [mem 0xcbd00000-0xcbdfffff]
[    0.430736] pci_bus 0000:11: resource 2 [mem 0xda300000-0xda3fffff 64bit pref]
[    0.430738] pci_bus 0000:12: resource 1 [mem 0xcc100000-0xcc1fffff]
[    0.430740] pci_bus 0000:12: resource 2 [mem 0xda700000-0xda7fffff 64bit pref]
[    0.430742] pci_bus 0000:13: resource 0 [io  0x6000-0x6fff]
[    0.430744] pci_bus 0000:13: resource 1 [mem 0xca600000-0xca6fffff]
[    0.430747] pci_bus 0000:13: resource 2 [mem 0xd8c00000-0xd8cfffff 64bit pref]
[    0.430749] pci_bus 0000:14: resource 0 [io  0xa000-0xafff]
[    0.430751] pci_bus 0000:14: resource 1 [mem 0xcaa00000-0xcaafffff]
[    0.430753] pci_bus 0000:14: resource 2 [mem 0xd9000000-0xd90fffff 64bit pref]
[    0.430755] pci_bus 0000:15: resource 0 [io  0xe000-0xefff]
[    0.430757] pci_bus 0000:15: resource 1 [mem 0xcae00000-0xcaefffff]
[    0.430759] pci_bus 0000:15: resource 2 [mem 0xd9400000-0xd94fffff 64bit pref]
[    0.430761] pci_bus 0000:16: resource 1 [mem 0xcb200000-0xcb2fffff]
[    0.430764] pci_bus 0000:16: resource 2 [mem 0xd9800000-0xd98fffff 64bit pref]
[    0.430766] pci_bus 0000:17: resource 1 [mem 0xcb600000-0xcb6fffff]
[    0.430768] pci_bus 0000:17: resource 2 [mem 0xd9c00000-0xd9cfffff 64bit pref]
[    0.430770] pci_bus 0000:18: resource 1 [mem 0xcba00000-0xcbafffff]
[    0.430772] pci_bus 0000:18: resource 2 [mem 0xda000000-0xda0fffff 64bit pref]
[    0.430775] pci_bus 0000:19: resource 1 [mem 0xcbe00000-0xcbefffff]
[    0.430777] pci_bus 0000:19: resource 2 [mem 0xda400000-0xda4fffff 64bit pref]
[    0.430779] pci_bus 0000:1a: resource 1 [mem 0xcc200000-0xcc2fffff]
[    0.430781] pci_bus 0000:1a: resource 2 [mem 0xda800000-0xda8fffff 64bit pref]
[    0.430783] pci_bus 0000:1b: resource 0 [io  0x7000-0x7fff]
[    0.430785] pci_bus 0000:1b: resource 1 [mem 0xca700000-0xca7fffff]
[    0.430787] pci_bus 0000:1b: resource 2 [mem 0xd8d00000-0xd8dfffff 64bit pref]
[    0.430789] pci_bus 0000:1c: resource 0 [io  0xb000-0xbfff]
[    0.430791] pci_bus 0000:1c: resource 1 [mem 0xcab00000-0xcabfffff]
[    0.430794] pci_bus 0000:1c: resource 2 [mem 0xd9100000-0xd91fffff 64bit pref]
[    0.430796] pci_bus 0000:1d: resource 1 [mem 0xcaf00000-0xcaffffff]
[    0.430798] pci_bus 0000:1d: resource 2 [mem 0xd9500000-0xd95fffff 64bit pref]
[    0.430800] pci_bus 0000:1e: resource 1 [mem 0xcb300000-0xcb3fffff]
[    0.430802] pci_bus 0000:1e: resource 2 [mem 0xd9900000-0xd99fffff 64bit pref]
[    0.430804] pci_bus 0000:1f: resource 1 [mem 0xcb700000-0xcb7fffff]
[    0.430807] pci_bus 0000:1f: resource 2 [mem 0xd9d00000-0xd9dfffff 64bit pref]
[    0.430809] pci_bus 0000:20: resource 1 [mem 0xcbb00000-0xcbbfffff]
[    0.430811] pci_bus 0000:20: resource 2 [mem 0xda100000-0xda1fffff 64bit pref]
[    0.430813] pci_bus 0000:21: resource 1 [mem 0xcbf00000-0xcbffffff]
[    0.430815] pci_bus 0000:21: resource 2 [mem 0xda500000-0xda5fffff 64bit pref]
[    0.430817] pci_bus 0000:22: resource 1 [mem 0xcc300000-0xcc3fffff]
[    0.430819] pci_bus 0000:22: resource 2 [mem 0xda900000-0xda9fffff 64bit pref]
[    0.430862] NET: Registered protocol family 2
[    0.430900] IP route cache hash table entries: 32768 (order: 5, 131072 bytes)
[    0.431031] TCP established hash table entries: 131072 (order: 8, 1048576 bytes)
[    0.431184] TCP bind hash table entries: 65536 (order: 7, 524288 bytes)
[    0.431337] TCP: Hash tables configured (established 131072 bind 65536)
[    0.431339] TCP reno registered
[    0.431342] UDP hash table entries: 512 (order: 2, 16384 bytes)
[    0.431349] UDP-Lite hash table entries: 512 (order: 2, 16384 bytes)
[    0.431387] NET: Registered protocol family 1
[    0.431394] pci 0000:00:00.0: Limiting direct PCI/PCI transfers
[    0.431477] pci 0000:00:0f.0: Boot video device
[    0.431994] ACPI: PCI Interrupt Link [LNKC] enabled at IRQ 10
[    0.431997] PCI: setting IRQ 10 as level-triggered
[    0.432004] pci 0000:02:00.0: PCI INT A -> Link[LNKC] -> GSI 10 (level, low) -> IRQ 10
[    0.432111] pci 0000:02:00.0: PCI INT A disabled
[    0.432241] ACPI: PCI Interrupt Link [LNKB] enabled at IRQ 11
[    0.432243] PCI: setting IRQ 11 as level-triggered
[    0.432246] pci 0000:02:03.0: PCI INT A -> Link[LNKB] -> GSI 11 (level, low) -> IRQ 11
[    0.432305] pci 0000:02:03.0: PCI INT A disabled
[    0.432318] PCI: CLS 32 bytes, default 64
[    0.432357] Simple Boot Flag at 0x36 set to 0x1
[    0.432362] Switching to clocksource tsc
[    0.432586] audit: initializing netlink socket (disabled)
[    0.432593] type=2000 audit(1369645781.416:1): initialized
[    0.444053] Trying to unpack rootfs image as initramfs...
[    0.460243] highmem bounce pool size: 64 pages
[    0.460249] HugeTLB registered 2 MB page size, pre-allocated 0 pages
[    0.467880] VFS: Disk quotas dquot_6.5.2
[    0.467928] Dquot-cache hash table entries: 1024 (order 0, 4096 bytes)
[    0.468142] fuse init (API version 7.17)
[    0.468202] msgmni has been set to 1710
[    0.479865] Block layer SCSI generic (bsg) driver version 0.4 loaded (major 253)
[    0.483915] io scheduler noop registered
[    0.483917] io scheduler deadline registered
[    0.483925] io scheduler cfq registered (default)
[    0.484078] pcieport 0000:00:15.0: setting latency timer to 64
[    0.484231] pcieport 0000:00:15.0: irq 40 for MSI/MSI-X
[    0.484384] pcieport 0000:00:15.1: setting latency timer to 64
[    0.484537] pcieport 0000:00:15.1: irq 41 for MSI/MSI-X
[    0.484690] pcieport 0000:00:15.2: setting latency timer to 64
[    0.484843] pcieport 0000:00:15.2: irq 42 for MSI/MSI-X
[    0.484995] pcieport 0000:00:15.3: setting latency timer to 64
[    0.485148] pcieport 0000:00:15.3: irq 43 for MSI/MSI-X
[    0.485301] pcieport 0000:00:15.4: setting latency timer to 64
[    0.485454] pcieport 0000:00:15.4: irq 44 for MSI/MSI-X
[    0.485607] pcieport 0000:00:15.5: setting latency timer to 64
[    0.485760] pcieport 0000:00:15.5: irq 45 for MSI/MSI-X
[    0.485913] pcieport 0000:00:15.6: setting latency timer to 64
[    0.486066] pcieport 0000:00:15.6: irq 46 for MSI/MSI-X
[    0.486219] pcieport 0000:00:15.7: setting latency timer to 64
[    0.486372] pcieport 0000:00:15.7: irq 47 for MSI/MSI-X
[    0.486525] pcieport 0000:00:16.0: setting latency timer to 64
[    0.486678] pcieport 0000:00:16.0: irq 48 for MSI/MSI-X
[    0.486831] pcieport 0000:00:16.1: setting latency timer to 64
[    0.486984] pcieport 0000:00:16.1: irq 49 for MSI/MSI-X
[    0.487137] pcieport 0000:00:16.2: setting latency timer to 64
[    0.487290] pcieport 0000:00:16.2: irq 50 for MSI/MSI-X
[    0.487929] pcieport 0000:00:16.3: setting latency timer to 64
[    0.488082] pcieport 0000:00:16.3: irq 51 for MSI/MSI-X
[    0.488235] pcieport 0000:00:16.4: setting latency timer to 64
[    0.488388] pcieport 0000:00:16.4: irq 52 for MSI/MSI-X
[    0.488541] pcieport 0000:00:16.5: setting latency timer to 64
[    0.488694] pcieport 0000:00:16.5: irq 53 for MSI/MSI-X
[    0.488847] pcieport 0000:00:16.6: setting latency timer to 64
[    0.489000] pcieport 0000:00:16.6: irq 54 for MSI/MSI-X
[    0.489153] pcieport 0000:00:16.7: setting latency timer to 64
[    0.489306] pcieport 0000:00:16.7: irq 55 for MSI/MSI-X
[    0.489459] pcieport 0000:00:17.0: setting latency timer to 64
[    0.489612] pcieport 0000:00:17.0: irq 56 for MSI/MSI-X
[    0.489765] pcieport 0000:00:17.1: setting latency timer to 64
[    0.489918] pcieport 0000:00:17.1: irq 57 for MSI/MSI-X
[    0.490071] pcieport 0000:00:17.2: setting latency timer to 64
[    0.490224] pcieport 0000:00:17.2: irq 58 for MSI/MSI-X
[    0.490377] pcieport 0000:00:17.3: setting latency timer to 64
[    0.490530] pcieport 0000:00:17.3: irq 59 for MSI/MSI-X
[    0.490683] pcieport 0000:00:17.4: setting latency timer to 64
[    0.490835] pcieport 0000:00:17.4: irq 60 for MSI/MSI-X
[    0.490988] pcieport 0000:00:17.5: setting latency timer to 64
[    0.491141] pcieport 0000:00:17.5: irq 61 for MSI/MSI-X
[    0.491294] pcieport 0000:00:17.6: setting latency timer to 64
[    0.495903] pcieport 0000:00:17.6: irq 62 for MSI/MSI-X
[    0.496056] pcieport 0000:00:17.7: setting latency timer to 64
[    0.496209] pcieport 0000:00:17.7: irq 63 for MSI/MSI-X
[    0.496362] pcieport 0000:00:18.0: setting latency timer to 64
[    0.496515] pcieport 0000:00:18.0: irq 64 for MSI/MSI-X
[    0.496668] pcieport 0000:00:18.1: setting latency timer to 64
[    0.496821] pcieport 0000:00:18.1: irq 65 for MSI/MSI-X
[    0.496974] pcieport 0000:00:18.2: setting latency timer to 64
[    0.497127] pcieport 0000:00:18.2: irq 66 for MSI/MSI-X
[    0.497280] pcieport 0000:00:18.3: setting latency timer to 64
[    0.497433] pcieport 0000:00:18.3: irq 67 for MSI/MSI-X
[    0.497586] pcieport 0000:00:18.4: setting latency timer to 64
[    0.497739] pcieport 0000:00:18.4: irq 68 for MSI/MSI-X
[    0.497892] pcieport 0000:00:18.5: setting latency timer to 64
[    0.498045] pcieport 0000:00:18.5: irq 69 for MSI/MSI-X
[    0.498198] pcieport 0000:00:18.6: setting latency timer to 64
[    0.498350] pcieport 0000:00:18.6: irq 70 for MSI/MSI-X
[    0.498503] pcieport 0000:00:18.7: setting latency timer to 64
[    0.498656] pcieport 0000:00:18.7: irq 71 for MSI/MSI-X
[    0.498809] pcieport 0000:00:15.0: Signaling PME through PCIe PME interrupt
[    0.498833] pcie_pme 0000:00:15.0:pcie01: service driver pcie_pme loaded
[    0.498941] pcieport 0000:00:15.1: Signaling PME through PCIe PME interrupt
[    0.498964] pcie_pme 0000:00:15.1:pcie01: service driver pcie_pme loaded
[    0.499117] pcieport 0000:00:15.2: Signaling PME through PCIe PME interrupt
[    0.499141] pcie_pme 0000:00:15.2:pcie01: service driver pcie_pme loaded
[    0.499247] pcieport 0000:00:15.3: Signaling PME through PCIe PME interrupt
[    0.499269] pcie_pme 0000:00:15.3:pcie01: service driver pcie_pme loaded
[    0.499374] pcieport 0000:00:15.4: Signaling PME through PCIe PME interrupt
[    0.499397] pcie_pme 0000:00:15.4:pcie01: service driver pcie_pme loaded
[    0.499502] pcieport 0000:00:15.5: Signaling PME through PCIe PME interrupt
[    0.499525] pcie_pme 0000:00:15.5:pcie01: service driver pcie_pme loaded
[    0.499630] pcieport 0000:00:15.6: Signaling PME through PCIe PME interrupt
[    0.499652] pcie_pme 0000:00:15.6:pcie01: service driver pcie_pme loaded
[    0.503852] pcieport 0000:00:15.7: Signaling PME through PCIe PME interrupt
[    0.503880] pcie_pme 0000:00:15.7:pcie01: service driver pcie_pme loaded
[    0.503994] pcieport 0000:00:16.0: Signaling PME through PCIe PME interrupt
[    0.504017] pcie_pme 0000:00:16.0:pcie01: service driver pcie_pme loaded
[    0.504124] pcieport 0000:00:16.1: Signaling PME through PCIe PME interrupt
[    0.504146] pcie_pme 0000:00:16.1:pcie01: service driver pcie_pme loaded
[    0.504254] pcieport 0000:00:16.2: Signaling PME through PCIe PME interrupt
[    0.504276] pcie_pme 0000:00:16.2:pcie01: service driver pcie_pme loaded
[    0.504384] pcieport 0000:00:16.3: Signaling PME through PCIe PME interrupt
[    0.504406] pcie_pme 0000:00:16.3:pcie01: service driver pcie_pme loaded
[    0.504511] pcieport 0000:00:16.4: Signaling PME through PCIe PME interrupt
[    0.504534] pcie_pme 0000:00:16.4:pcie01: service driver pcie_pme loaded
[    0.504639] pcieport 0000:00:16.5: Signaling PME through PCIe PME interrupt
[    0.504661] pcie_pme 0000:00:16.5:pcie01: service driver pcie_pme loaded
[    0.504774] pcieport 0000:00:16.6: Signaling PME through PCIe PME interrupt
[    0.504797] pcie_pme 0000:00:16.6:pcie01: service driver pcie_pme loaded
[    0.504904] pcieport 0000:00:16.7: Signaling PME through PCIe PME interrupt
[    0.504926] pcie_pme 0000:00:16.7:pcie01: service driver pcie_pme loaded
[    0.505032] pcieport 0000:00:17.0: Signaling PME through PCIe PME interrupt
[    0.505054] pcie_pme 0000:00:17.0:pcie01: service driver pcie_pme loaded
[    0.505159] pcieport 0000:00:17.1: Signaling PME through PCIe PME interrupt
[    0.505182] pcie_pme 0000:00:17.1:pcie01: service driver pcie_pme loaded
[    0.505287] pcieport 0000:00:17.2: Signaling PME through PCIe PME interrupt
[    0.505309] pcie_pme 0000:00:17.2:pcie01: service driver pcie_pme loaded
[    0.505415] pcieport 0000:00:17.3: Signaling PME through PCIe PME interrupt
[    0.505437] pcie_pme 0000:00:17.3:pcie01: service driver pcie_pme loaded
[    0.505543] pcieport 0000:00:17.4: Signaling PME through PCIe PME interrupt
[    0.505566] pcie_pme 0000:00:17.4:pcie01: service driver pcie_pme loaded
[    0.505671] pcieport 0000:00:17.5: Signaling PME through PCIe PME interrupt
[    0.505694] pcie_pme 0000:00:17.5:pcie01: service driver pcie_pme loaded
[    0.505808] pcieport 0000:00:17.6: Signaling PME through PCIe PME interrupt
[    0.505831] pcie_pme 0000:00:17.6:pcie01: service driver pcie_pme loaded
[    0.505936] pcieport 0000:00:17.7: Signaling PME through PCIe PME interrupt
[    0.505958] pcie_pme 0000:00:17.7:pcie01: service driver pcie_pme loaded
[    0.506063] pcieport 0000:00:18.0: Signaling PME through PCIe PME interrupt
[    0.506086] pcie_pme 0000:00:18.0:pcie01: service driver pcie_pme loaded
[    0.506191] pcieport 0000:00:18.1: Signaling PME through PCIe PME interrupt
[    0.506214] pcie_pme 0000:00:18.1:pcie01: service driver pcie_pme loaded
[    0.506319] pcieport 0000:00:18.2: Signaling PME through PCIe PME interrupt
[    0.506342] pcie_pme 0000:00:18.2:pcie01: service driver pcie_pme loaded
[    0.506447] pcieport 0000:00:18.3: Signaling PME through PCIe PME interrupt
[    0.506470] pcie_pme 0000:00:18.3:pcie01: service driver pcie_pme loaded
[    0.506575] pcieport 0000:00:18.4: Signaling PME through PCIe PME interrupt
[    0.506597] pcie_pme 0000:00:18.4:pcie01: service driver pcie_pme loaded
[    0.506718] pcieport 0000:00:18.5: Signaling PME through PCIe PME interrupt
[    0.506742] pcie_pme 0000:00:18.5:pcie01: service driver pcie_pme loaded
[    0.506849] pcieport 0000:00:18.6: Signaling PME through PCIe PME interrupt
[    0.506871] pcie_pme 0000:00:18.6:pcie01: service driver pcie_pme loaded
[    0.506976] pcieport 0000:00:18.7: Signaling PME through PCIe PME interrupt
[    0.506999] pcie_pme 0000:00:18.7:pcie01: service driver pcie_pme loaded
[    0.507019] pci_hotplug: PCI Hot Plug PCI Core version: 0.5
[    0.507172] pciehp 0000:00:15.0:pcie04: HPC vendor_id 15ad device_id 7a0 ss_vid 15ad ss_did 7a0
[    0.507235] pciehp 0000:00:15.0:pcie04: service driver pciehp loaded
[    0.507298] pciehp 0000:00:15.1:pcie04: HPC vendor_id 15ad device_id 7a0 ss_vid 15ad ss_did 7a0
[    0.507356] pciehp 0000:00:15.1:pcie04: service driver pciehp loaded
[    0.507435] pciehp 0000:00:15.2:pcie04: HPC vendor_id 15ad device_id 7a0 ss_vid 15ad ss_did 7a0
[    0.507494] pciehp 0000:00:15.2:pcie04: service driver pciehp loaded
[    0.507557] pciehp 0000:00:15.3:pcie04: HPC vendor_id 15ad device_id 7a0 ss_vid 15ad ss_did 7a0
[    0.507620] pciehp 0000:00:15.3:pcie04: service driver pciehp loaded
[    0.507682] pciehp 0000:00:15.4:pcie04: HPC vendor_id 15ad device_id 7a0 ss_vid 15ad ss_did 7a0
[    0.507752] pciehp 0000:00:15.4:pcie04: service driver pciehp loaded
[    0.511845] pciehp 0000:00:15.5:pcie04: HPC vendor_id 15ad device_id 7a0 ss_vid 15ad ss_did 7a0
[    0.511913] pciehp 0000:00:15.5:pcie04: service driver pciehp loaded
[    0.511978] pciehp 0000:00:15.6:pcie04: HPC vendor_id 15ad device_id 7a0 ss_vid 15ad ss_did 7a0
[    0.512037] pciehp 0000:00:15.6:pcie04: service driver pciehp loaded
[    0.512100] pciehp 0000:00:15.7:pcie04: HPC vendor_id 15ad device_id 7a0 ss_vid 15ad ss_did 7a0
[    0.512159] pciehp 0000:00:15.7:pcie04: service driver pciehp loaded
[    0.512222] pciehp 0000:00:16.0:pcie04: HPC vendor_id 15ad device_id 7a0 ss_vid 15ad ss_did 7a0
[    0.512280] pciehp 0000:00:16.0:pcie04: service driver pciehp loaded
[    0.512343] pciehp 0000:00:16.1:pcie04: HPC vendor_id 15ad device_id 7a0 ss_vid 15ad ss_did 7a0
[    0.512401] pciehp 0000:00:16.1:pcie04: service driver pciehp loaded
[    0.512464] pciehp 0000:00:16.2:pcie04: HPC vendor_id 15ad device_id 7a0 ss_vid 15ad ss_did 7a0
[    0.512522] pciehp 0000:00:16.2:pcie04: service driver pciehp loaded
[    0.512588] pciehp 0000:00:16.3:pcie04: HPC vendor_id 15ad device_id 7a0 ss_vid 15ad ss_did 7a0
[    0.512647] pciehp 0000:00:16.3:pcie04: service driver pciehp loaded
[    0.512715] pciehp 0000:00:16.4:pcie04: HPC vendor_id 15ad device_id 7a0 ss_vid 15ad ss_did 7a0
[    0.512774] pciehp 0000:00:16.4:pcie04: service driver pciehp loaded
[    0.512837] pciehp 0000:00:16.5:pcie04: HPC vendor_id 15ad device_id 7a0 ss_vid 15ad ss_did 7a0
[    0.512895] pciehp 0000:00:16.5:pcie04: service driver pciehp loaded
[    0.512958] pciehp 0000:00:16.6:pcie04: HPC vendor_id 15ad device_id 7a0 ss_vid 15ad ss_did 7a0
[    0.513016] pciehp 0000:00:16.6:pcie04: service driver pciehp loaded
[    0.513079] pciehp 0000:00:16.7:pcie04: HPC vendor_id 15ad device_id 7a0 ss_vid 15ad ss_did 7a0
[    0.513137] pciehp 0000:00:16.7:pcie04: service driver pciehp loaded
[    0.513200] pciehp 0000:00:17.0:pcie04: HPC vendor_id 15ad device_id 7a0 ss_vid 15ad ss_did 7a0
[    0.513262] pciehp 0000:00:17.0:pcie04: service driver pciehp loaded
[    0.513325] pciehp 0000:00:17.1:pcie04: HPC vendor_id 15ad device_id 7a0 ss_vid 15ad ss_did 7a0
[    0.513384] pciehp 0000:00:17.1:pcie04: service driver pciehp loaded
[    0.513449] pciehp 0000:00:17.2:pcie04: HPC vendor_id 15ad device_id 7a0 ss_vid 15ad ss_did 7a0
[    0.513507] pciehp 0000:00:17.2:pcie04: service driver pciehp loaded
[    0.513570] pciehp 0000:00:17.3:pcie04: HPC vendor_id 15ad device_id 7a0 ss_vid 15ad ss_did 7a0
[    0.513628] pciehp 0000:00:17.3:pcie04: service driver pciehp loaded
[    0.513691] pciehp 0000:00:17.4:pcie04: HPC vendor_id 15ad device_id 7a0 ss_vid 15ad ss_did 7a0
[    0.513757] pciehp 0000:00:17.4:pcie04: service driver pciehp loaded
[    0.513821] pciehp 0000:00:17.5:pcie04: HPC vendor_id 15ad device_id 7a0 ss_vid 15ad ss_did 7a0
[    0.513882] pciehp 0000:00:17.5:pcie04: service driver pciehp loaded
[    0.513945] pciehp 0000:00:17.6:pcie04: HPC vendor_id 15ad device_id 7a0 ss_vid 15ad ss_did 7a0
[    0.514006] pciehp 0000:00:17.6:pcie04: service driver pciehp loaded
[    0.514069] pciehp 0000:00:17.7:pcie04: HPC vendor_id 15ad device_id 7a0 ss_vid 15ad ss_did 7a0
[    0.514127] pciehp 0000:00:17.7:pcie04: service driver pciehp loaded
[    0.514190] pciehp 0000:00:18.0:pcie04: HPC vendor_id 15ad device_id 7a0 ss_vid 15ad ss_did 7a0
[    0.514251] pciehp 0000:00:18.0:pcie04: service driver pciehp loaded
[    0.514314] pciehp 0000:00:18.1:pcie04: HPC vendor_id 15ad device_id 7a0 ss_vid 15ad ss_did 7a0
[    0.514372] pciehp 0000:00:18.1:pcie04: service driver pciehp loaded
[    0.514435] pciehp 0000:00:18.2:pcie04: HPC vendor_id 15ad device_id 7a0 ss_vid 15ad ss_did 7a0
[    0.514493] pciehp 0000:00:18.2:pcie04: service driver pciehp loaded
[    0.514556] pciehp 0000:00:18.3:pcie04: HPC vendor_id 15ad device_id 7a0 ss_vid 15ad ss_did 7a0
[    0.514615] pciehp 0000:00:18.3:pcie04: service driver pciehp loaded
[    0.514681] pciehp 0000:00:18.4:pcie04: HPC vendor_id 15ad device_id 7a0 ss_vid 15ad ss_did 7a0
[    0.514747] pciehp 0000:00:18.4:pcie04: service driver pciehp loaded
[    0.514810] pciehp 0000:00:18.5:pcie04: HPC vendor_id 15ad device_id 7a0 ss_vid 15ad ss_did 7a0
[    0.514868] pciehp 0000:00:18.5:pcie04: service driver pciehp loaded
[    0.514931] pciehp 0000:00:18.6:pcie04: HPC vendor_id 15ad device_id 7a0 ss_vid 15ad ss_did 7a0
[    0.514990] pciehp 0000:00:18.6:pcie04: service driver pciehp loaded
[    0.515053] pciehp 0000:00:18.7:pcie04: HPC vendor_id 15ad device_id 7a0 ss_vid 15ad ss_did 7a0
[    0.515111] pciehp 0000:00:18.7:pcie04: service driver pciehp loaded
[    0.515118] pciehp: PCI Express Hot Plug Controller Driver version: 0.4
[    0.515271] ACPI: Deprecated procfs I/F for AC is loaded, please retry with CONFIG_ACPI_PROCFS_POWER cleared
[    0.515363] ACPI: AC Adapter [ACAD] (on-line)
[    0.519805] input: Power Button as /devices/LNXSYSTM:00/LNXPWRBN:00/input/input0
[    0.519810] ACPI: Power Button [PWRF]
[    0.539959] ERST: Table is not found!
[    0.539963] GHES: HEST is not enabled!
[    0.540059] Serial: 8250/16550 driver, 32 ports, IRQ sharing enabled
[    0.563868] serial8250: ttyS0 at I/O 0x3f8 (irq = 4) is a 16550A
[    0.567677] isapnp: Scanning for PnP cards...
[    0.659883] serial8250: ttyS1 at I/O 0x2f8 (irq = 3) is a 16550A
[    0.703601] 00:0a: ttyS0 at I/O 0x3f8 (irq = 4) is a 16550A
[    0.791601] 00:0b: ttyS1 at I/O 0x2f8 (irq = 3) is a 16550A
[    0.811580] Linux agpgart interface v0.103
[    0.811684] agpgart-intel 0000:00:00.0: Intel 440BX Chipset
[    0.811870] agpgart-intel 0000:00:00.0: AGP aperture is 256M @ 0x0
[    0.812684] brd: module loaded
[    0.813169] loop: module loaded
[    0.813287] ata_piix 0000:00:07.1: version 2.13
[    0.862769] scsi0 : ata_piix
[    0.862859] scsi1 : ata_piix
[    0.862891] ata1: PATA max UDMA/33 cmd 0x1f0 ctl 0x3f6 bmdma 0x10c0 irq 14
[    0.862893] ata2: PATA max UDMA/33 cmd 0x170 ctl 0x376 bmdma 0x10c8 irq 15
[    0.863049] Fixed MDIO Bus: probed
[    0.863062] tun: Universal TUN/TAP device driver, 1.6
[    0.863064] tun: (C) 1999-2004 Max Krasnyansky <maxk@qualcomm.com>
[    0.863136] PPP generic driver version 2.4.2
[    0.863186] ehci_hcd: USB 2.0 'Enhanced' Host Controller (EHCI) Driver
[    0.863221] ehci_hcd 0000:02:03.0: PCI INT A -> Link[LNKB] -> GSI 11 (level, low) -> IRQ 11
[    0.863273] ehci_hcd 0000:02:03.0: EHCI Host Controller
[    0.863312] ehci_hcd 0000:02:03.0: new USB bus registered, assigned bus number 1
[    0.863419] ehci_hcd 0000:02:03.0: cache line size of 32 is not supported
[    0.863428] ehci_hcd 0000:02:03.0: irq 11, io mem 0xc9000000
[    0.907479] ehci_hcd 0000:02:03.0: USB 2.0 started, EHCI 1.00
[    1.006620] hub 1-0:1.0: USB hub found
[    1.006625] hub 1-0:1.0: 6 ports detected
[    1.006677] ohci_hcd: USB 1.1 'Open' Host Controller (OHCI) Driver
[    1.006692] uhci_hcd: USB Universal Host Controller Interface driver
[    1.006734] uhci_hcd 0000:02:00.0: PCI INT A -> Link[LNKC] -> GSI 10 (level, low) -> IRQ 10
[    1.006775] uhci_hcd 0000:02:00.0: UHCI Host Controller
[    1.006824] uhci_hcd 0000:02:00.0: new USB bus registered, assigned bus number 2
[    1.006933] uhci_hcd 0000:02:00.0: irq 10, io base 0x000020c0
[    1.007104] hub 2-0:1.0: USB hub found
[    1.007107] hub 2-0:1.0: 2 ports detected
[    1.007159] usbcore: registered new interface driver libusual
[    1.007198] i8042: PNP: PS/2 Controller [PNP0303:KBC,PNP0f13:MOUS] at 0x60,0x64 irq 1,12
[    1.007534] serio: i8042 KBD port at 0x60,0x64 irq 1
[    1.007541] serio: i8042 AUX port at 0x60,0x64 irq 12
[    1.007629] mousedev: PS/2 mouse device common for all mice
[    1.062706] rtc_cmos 00:04: rtc core: registered rtc_cmos as rtc0
[    1.062751] rtc0: alarms up to one month, y3k, 114 bytes nvram, hpet irqs
[    1.062803] device-mapper: uevent: version 1.0.3
[    1.062880] device-mapper: ioctl: 4.22.0-ioctl (2011-10-19) initialised: dm-devel@redhat.com
[    1.062882] EISA: Probing bus 0 at eisa.0
[    1.062884] EISA: Cannot allocate resource for mainboard
[    1.062885] Cannot allocate resource for EISA slot 1
[    1.062887] Cannot allocate resource for EISA slot 2
[    1.062888] Cannot allocate resource for EISA slot 3
[    1.062889] Cannot allocate resource for EISA slot 4
[    1.062890] Cannot allocate resource for EISA slot 5
[    1.062890] Cannot allocate resource for EISA slot 6
[    1.062891] Cannot allocate resource for EISA slot 7
[    1.062892] Cannot allocate resource for EISA slot 8
[    1.062892] EISA: Detected 0 cards.
[    1.062893] cpufreq-nforce2: No nForce2 chipset.
[    1.062893] cpuidle: using governor ladder
[    1.062893] cpuidle: using governor menu
[    1.062894] EFI Variables Facility v0.08 2004-May-17
[    1.062894] TCP cubic registered
[    1.062894] NET: Registered protocol family 10
[    1.062894] NET: Registered protocol family 17
[    1.062894] Registering the dns_resolver key type
[    1.062895] Using IPI No-Shortcut mode
[    1.062895] PM: Hibernation image not present or could not be loaded.
[    1.062895] registered taskstats version 1
[    1.063202] ata2.00: ATAPI: VMware Virtual IDE CDROM Drive, 00000001, max UDMA/33
[    1.063583] input: AT Translated Set 2 keyboard as /devices/platform/i8042/serio0/input/input1
[    1.066972] ata2.00: configured for UDMA/33
[    1.138907] Freeing initrd memory: 13836k freed
[    1.182975] isapnp: No Plug & Play device found
[    1.183204] scsi 1:0:0:0: CD-ROM            NECVMWar VMware IDE CDR10 1.00 PQ: 0 ANSI: 5
[    1.184104] sr0: scsi3-mmc drive: 306x/306x cd/rw xa/form2 cdda tray
[    1.184108] cdrom: Uniform CD-ROM driver Revision: 3.20
[    1.184229] sr 1:0:0:0: Attached scsi CD-ROM sr0
[    1.184420] sr 1:0:0:0: Attached scsi generic sg0 type 5
[    1.190857]   Magic number: 13:591:172
[    1.190971] rtc_cmos 00:04: setting system clock to 2013-05-27 09:09:42 UTC (1369645782)
[    1.190988] BIOS EDD facility v0.16 2004-Jun-25, 0 devices found
[    1.190990] EDD information not available.
[    1.191119] Freeing unused kernel memory: 740k freed
[    1.191171] Write protecting the kernel text: 5816k
[    1.191186] Write protecting the kernel read-only data: 2376k
[    1.191188] NX-protecting the kernel data: 4424k
[    1.202604] udevd[85]: starting version 175
[    1.219099] VMware vmxnet3 virtual NIC driver - version 1.1.29.0-k-NAPI
[    1.221389] VMware PVSCSI driver - version 1.0.1.0-k
[    1.226541] VMware vmxnet virtual NIC driver
[    1.227209] ACPI: PCI Interrupt Link [LNKD] enabled at IRQ 5
[    1.227213] PCI: setting IRQ 5 as level-triggered
[    1.227219] vmxnet 0000:02:01.0: PCI INT A -> Link[LNKD] -> GSI 5 (level, low) -> IRQ 5
[    1.227271] Found vmxnet/PCI at 0x2024, irq 5.
[    1.227323] features:
[    1.227335] numRxBuffers = 100, numRxBuffers2 = 1
[    1.227387] vmxnet 0000:02:01.0: eth0: set_features() failed (-1); wanted 0x00004000, left 0x00004800
[    1.248176] Fusion MPT base driver 3.04.20
[    1.248179] Copyright (c) 1999-2008 LSI Corporation
[    1.248387] Fusion MPT SPI Host driver 3.04.20
[    1.248439] mptspi 0000:00:10.0: PCI INT A -> Link[LNKB] -> GSI 11 (level, low) -> IRQ 11
[    1.253751] mptbase: ioc0: Initiating bringup
[    1.271228] Floppy drive(s): fd0 is 1.44M
[    1.286824] FDC 0 is a post-1991 82077
[    1.322593] ioc0: LSI53C1030 B0: Capabilities={Initiator}
[    1.338541] usb 2-1: new full-speed USB device number 2 using uhci_hcd
[    1.471496] input: VMware VMware Virtual USB Mouse as /devices/pci0000:00/0000:00:11.0/0000:02:00.0/usb2/2-1/2-1:1.0/input/input2
[    1.471687] generic-usb 0003:0E0F:0003.0001: input,hidraw0: USB HID v1.10 Mouse [VMware VMware Virtual USB Mouse] on usb-0000:02:00.0-1/input0
[    1.472198] input: VMware VMware Virtual USB Mouse as /devices/pci0000:00/0000:00:11.0/0000:02:00.0/usb2/2-1/2-1:1.1/input/input3
[    1.472362] generic-usb 0003:0E0F:0003.0002: input,hidraw1: USB HID v1.10 Mouse [VMware VMware Virtual USB Mouse] on usb-0000:02:00.0-1/input1
[    1.472373] usbcore: registered new interface driver usbhid
[    1.472375] usbhid: USB HID core driver
[    1.482396] scsi2 : ioc0: LSI53C1030 B0, FwRev=01032920h, Ports=1, MaxQ=128, IRQ=11
[    1.582169] usb 2-2: new full-speed USB device number 3 using uhci_hcd
[    1.594950] scsi 2:0:0:0: Direct-Access     VMware,  VMware Virtual S 1.0  PQ: 0 ANSI: 2
[    1.594958] scsi target2:0:0: Beginning Domain Validation
[    1.595638] scsi target2:0:0: Domain Validation skipping write tests
[    1.595641] scsi target2:0:0: Ending Domain Validation
[    1.595712] scsi target2:0:0: FAST-40 WIDE SCSI 80.0 MB/s ST (25 ns, offset 127)
[    1.598231] sd 2:0:0:0: [sda] 41943040 512-byte logical blocks: (21.4 GB/20.0 GiB)
[    1.598290] sd 2:0:0:0: [sda] Write Protect is off
[    1.598293] sd 2:0:0:0: [sda] Mode Sense: 61 00 00 00
[    1.598364] sd 2:0:0:0: [sda] Cache data unavailable
[    1.598367] sd 2:0:0:0: [sda] Assuming drive cache: write through
[    1.598686] sd 2:0:0:0: [sda] Cache data unavailable
[    1.598689] sd 2:0:0:0: [sda] Assuming drive cache: write through
[    1.599448] sd 2:0:0:0: Attached scsi generic sg1 type 0
[    1.600047]  sda: sda1 sda2 < sda5 >
[    1.600421] sd 2:0:0:0: [sda] Cache data unavailable
[    1.600423] sd 2:0:0:0: [sda] Assuming drive cache: write through
[    1.600426] sd 2:0:0:0: [sda] Attached SCSI disk
[    1.639118] EXT4-fs (sda1): mounted filesystem with ordered data mode. Opts: (null)
[    1.713098] hub 2-2:1.0: USB hub found
[    1.713357] hub 2-2:1.0: 7 ports detected
[    2.969248] ADDRCONF(NETDEV_UP): eth0: link is not ready
[    2.973938] udevd[329]: starting version 175
[    3.013824] Adding 1046524k swap on /dev/sda5.  Priority:-1 extents:1 across:1046524k 
[    3.018929] lp: driver loaded but no devices found
[    3.103428] shpchp: Standard Hot Plug PCI Controller Driver version: 0.4
[    3.118370] EXT4-fs (sda1): re-mounted. Opts: errors=remount-ro
[    3.151205] piix4_smbus 0000:00:07.3: Host SMBus controller not enabled!
[    3.152213] [389]: VMCI: shared components initialized.
[    3.152235] Probing for vmci/PCI.
[    3.152407] ACPI: PCI Interrupt Link [LNKA] enabled at IRQ 9
[    3.152411] PCI: setting IRQ 9 as level-triggered
[    3.152417] vmci 0000:00:07.7: PCI INT A -> Link[LNKA] -> GSI 9 (level, low) -> IRQ 9
[    3.152481] Found vmci/PCI at 0x1080, irq 9.
[    3.152519] VMCI: using capabilities 0xc.
[    3.152602] [389]: VMCI: Host capability check passed.
[    3.152907] vmci 0000:00:07.7: irq 72 for MSI/MSI-X
[    3.152945] vmci 0000:00:07.7: irq 73 for MSI/MSI-X
[    3.153177] Registered vmci device.
[    3.156345] [389]: VMCI: Using guest personality
[    3.156349] [389]: VMCI: host components initialized.
[    3.164877] [389]: VMCI: Module registered (name=vmci,major=10,minor=57).
[    3.164881] [389]: VMCI: Using host personality
[    3.164883] [389]: VMCI: Module (name=vmci) is initialized
[    3.239600] ppdev: user-space parallel port driver
[    3.240254] parport_pc 00:09: reported by Plug and Play ACPI
[    3.240438] parport0: PC-style at 0x378, irq 7 [PCSPP,TRISTATE]
[    3.249417] Bluetooth: Core ver 2.16
[    3.250717] NET: Registered protocol family 31
[    3.250720] Bluetooth: HCI device and connection manager initialized
[    3.250722] Bluetooth: HCI socket layer initialized
[    3.250724] Bluetooth: L2CAP socket layer initialized
[    3.250730] Bluetooth: SCO socket layer initialized
[    3.267872] Bluetooth: BNEP (Ethernet Emulation) ver 1.3
[    3.267876] Bluetooth: BNEP filters: protocol multicast
[    3.283080] Bluetooth: RFCOMM TTY layer initialized
[    3.283085] Bluetooth: RFCOMM socket layer initialized
[    3.283087] Bluetooth: RFCOMM ver 1.11
[    3.335818] lp0: using parport0 (interrupt-driven).
[    3.350379] type=1400 audit(1369645784.659:2): apparmor="STATUS" operation="profile_load" name="/usr/lib/cups/backend/cups-pdf" pid=591 comm="apparmor_parser"
[    3.351382] type=1400 audit(1369645784.659:3): apparmor="STATUS" operation="profile_load" name="/usr/sbin/cupsd" pid=591 comm="apparmor_parser"
[    3.430461] type=1400 audit(1369645784.739:4): apparmor="STATUS" operation="profile_load" name="/sbin/dhclient" pid=623 comm="apparmor_parser"
[    3.430687] type=1400 audit(1369645784.739:5): apparmor="STATUS" operation="profile_load" name="/usr/lib/NetworkManager/nm-dhcp-client.action" pid=623 comm="apparmor_parser"
[    3.431749] type=1400 audit(1369645784.743:6): apparmor="STATUS" operation="profile_load" name="/usr/lib/connman/scripts/dhclient-script" pid=623 comm="apparmor_parser"
[    3.554337] input: ImPS/2 Generic Wheel Mouse as /devices/platform/i8042/serio1/input/input4
[    3.688640] init: failsafe main process (694) killed by TERM signal
[    3.737722] snd_ens1371 0000:02:02.0: PCI INT A -> Link[LNKA] -> GSI 9 (level, low) -> IRQ 9
[    3.811699] type=1400 audit(1369645785.123:7): apparmor="STATUS" operation="profile_load" name="/usr/lib/lightdm/lightdm/lightdm-guest-session-wrapper" pid=816 comm="apparmor_parser"
[    3.812232] type=1400 audit(1369645785.123:8): apparmor="STATUS" operation="profile_replace" name="/sbin/dhclient" pid=818 comm="apparmor_parser"
[    3.813485] type=1400 audit(1369645785.123:9): apparmor="STATUS" operation="profile_replace" name="/usr/lib/NetworkManager/nm-dhcp-client.action" pid=818 comm="apparmor_parser"
[    3.813535] type=1400 audit(1369645785.123:10): apparmor="STATUS" operation="profile_replace" name="/usr/lib/connman/scripts/dhclient-script" pid=818 comm="apparmor_parser"
[    4.006927] init: alsa-restore main process (903) terminated with status 19
