[    0.000000] Initializing cgroup subsys cpuset
[    0.000000] Initializing cgroup subsys cpu
[    0.000000] Linux version 3.2.0-29-generic-pae (buildd@roseapple) (gcc version 4.6.3 (Ubuntu/Linaro 4.6.3-1ubuntu5) ) #46-Ubuntu SMP Fri Jul 27 17:25:43 UTC 2012 (Ubuntu 3.2.0-29.46-generic-pae 3.2.24)
[    0.000000] KERNEL supported cpus:
[    0.000000]   Intel GenuineIntel
[    0.000000]   AMD AuthenticAMD
[    0.000000]   NSC Geode by NSC
[    0.000000]   Cyrix CyrixInstead
[    0.000000]   Centaur CentaurHauls
[    0.000000]   Transmeta GenuineTMx86
[    0.000000]   Transmeta TransmetaCPU
[    0.000000]   UMC UMC UMC UMC
[    0.000000] Disabled fast string operations
[    0.000000] BIOS-provided physical RAM map:
[    0.000000]  BIOS-e820: 0000000000000000 - 000000000009f000 (usable)
[    0.000000]  BIOS-e820: 000000000009f000 - 00000000000a0000 (reserved)
[    0.000000]  BIOS-e820: 00000000000ca000 - 00000000000cc000 (reserved)
[    0.000000]  BIOS-e820: 00000000000dc000 - 0000000000100000 (reserved)
[    0.000000]  BIOS-e820: 0000000000100000 - 000000003fee0000 (usable)
[    0.000000]  BIOS-e820: 000000003fee0000 - 000000003feff000 (ACPI data)
[    0.000000]  BIOS-e820: 000000003feff000 - 000000003ff00000 (ACPI NVS)
[    0.000000]  BIOS-e820: 000000003ff00000 - 0000000040000000 (usable)
[    0.000000]  BIOS-e820: 00000000e0000000 - 00000000f0000000 (reserved)
[    0.000000]  BIOS-e820: 00000000fec00000 - 00000000fec10000 (reserved)
[    0.000000]  BIOS-e820: 00000000fee00000 - 00000000fee01000 (reserved)
[    0.000000]  BIOS-e820: 00000000fffe0000 - 0000000100000000 (reserved)
[    0.000000] NX (Execute Disable) protection: active
[    0.000000] DMI present.
[    0.000000] DMI: VMware, Inc. VMware Virtual Platform/440BX Desktop Reference Platform, BIOS 6.00 07/02/2012
[    0.000000] Hypervisor detected: VMware
[    0.000000] e820 update range: 0000000000000000 - 0000000000010000 (usable) ==> (reserved)
[    0.000000] e820 remove range: 00000000000a0000 - 0000000000100000 (usable)
[    0.000000] last_pfn = 0x40000 max_arch_pfn = 0x1000000
[    0.000000] MTRR default type: uncachable
[    0.000000] MTRR fixed ranges enabled:
[    0.000000]   00000-9FFFF write-back
[    0.000000]   A0000-BFFFF uncachable
[    0.000000]   C0000-CBFFF write-protect
[    0.000000]   CC000-EFFFF uncachable
[    0.000000]   F0000-FFFFF write-protect
[    0.000000] MTRR variable ranges enabled:
[    0.000000]   0 base 0000000000 mask FFC0000000 write-back
[    0.000000]   1 disabled
[    0.000000]   2 disabled
[    0.000000]   3 disabled
[    0.000000]   4 disabled
[    0.000000]   5 disabled
[    0.000000]   6 disabled
[    0.000000]   7 disabled
[    0.000000] x86 PAT enabled: cpu 0, old 0x0, new 0x7010600070106
[    0.000000] found SMP MP-table at [c00f6bf0] f6bf0
[    0.000000] initial memory mapped : 0 - 02000000
[    0.000000] Base memory trampoline at [c009b000] 9b000 size 16384
[    0.000000] init_memory_mapping: 0000000000000000-0000000037bfe000
[    0.000000]  0000000000 - 0000200000 page 4k
[    0.000000]  0000200000 - 0037a00000 page 2M
[    0.000000]  0037a00000 - 0037bfe000 page 4k
[    0.000000] kernel direct mapping tables up to 37bfe000 @ 1ffb000-2000000
[    0.000000] RAMDISK: 364ea000 - 3726d000
[    0.000000] ACPI: RSDP 000f6b80 00024 (v02 PTLTD )
[    0.000000] ACPI: XSDT 3feed636 0005C (v01 INTEL  440BX    06040000 VMW  01324272)
[    0.000000] ACPI: FACP 3fefee98 000F4 (v04 INTEL  440BX    06040000 PTL  000F4240)
[    0.000000] ACPI: DSDT 3feee366 10B32 (v01 PTLTD  Custom   06040000 MSFT 03000001)
[    0.000000] ACPI: FACS 3fefffc0 00040
[    0.000000] ACPI: BOOT 3feee33e 00028 (v01 PTLTD  $SBFTBL$ 06040000  LTP 00000001)
[    0.000000] ACPI: APIC 3feedc3e 003C2 (v01 PTLTD  ? APIC   06040000  LTP 00000000)
[    0.000000] ACPI: MCFG 3feedc02 0003C (v01 PTLTD  $PCITBL$ 06040000  LTP 00000001)
[    0.000000] ACPI: SRAT 3feed732 004D0 (v02 VMWARE MEMPLUG  06040000 VMW  00000001)
[    0.000000] ACPI: HPET 3feed6fa 00038 (v01 VMWARE VMW HPET 06040000 VMW  00000001)
[    0.000000] ACPI: WAET 3feed6d2 00028 (v01 VMWARE VMW WAET 06040000 VMW  00000001)
[    0.000000] ACPI: Local APIC address 0xfee00000
[    0.000000] 132MB HIGHMEM available.
[    0.000000] 891MB LOWMEM available.
[    0.000000]   mapped low ram: 0 - 37bfe000
[    0.000000]   low ram: 0 - 37bfe000
[    0.000000] Zone PFN ranges:
[    0.000000]   DMA      0x00000010 -> 0x00001000
[    0.000000]   Normal   0x00001000 -> 0x00037bfe
[    0.000000]   HighMem  0x00037bfe -> 0x00040000
[    0.000000] Movable zone start PFN for each node
[    0.000000] early_node_map[3] active PFN ranges
[    0.000000]     0: 0x00000010 -> 0x0000009f
[    0.000000]     0: 0x00000100 -> 0x0003fee0
[    0.000000]     0: 0x0003ff00 -> 0x00040000
[    0.000000] On node 0 totalpages: 261999
[    0.000000] free_area_init_node: node 0, pgdat c1866a40, node_mem_map f73fd200
[    0.000000]   DMA zone: 32 pages used for memmap
[    0.000000]   DMA zone: 0 pages reserved
[    0.000000]   DMA zone: 3951 pages, LIFO batch:0
[    0.000000]   Normal zone: 1752 pages used for memmap
[    0.000000]   Normal zone: 222502 pages, LIFO batch:31
[    0.000000]   HighMem zone: 265 pages used for memmap
[    0.000000]   HighMem zone: 33497 pages, LIFO batch:7
[    0.000000] Using APIC driver default
[    0.000000] ACPI: PM-Timer IO Port: 0x1008
[    0.000000] ACPI: Local APIC address 0xfee00000
[    0.000000] ACPI: LAPIC (acpi_id[0x00] lapic_id[0x00] enabled)
[    0.000000] ACPI: LAPIC (acpi_id[0x01] lapic_id[0x02] disabled)
[    0.000000] ACPI: LAPIC (acpi_id[0x02] lapic_id[0x04] disabled)
[    0.000000] ACPI: LAPIC (acpi_id[0x03] lapic_id[0x06] disabled)
[    0.000000] ACPI: LAPIC (acpi_id[0x04] lapic_id[0x08] disabled)
[    0.000000] ACPI: LAPIC (acpi_id[0x05] lapic_id[0x0a] disabled)
[    0.000000] ACPI: LAPIC (acpi_id[0x06] lapic_id[0x0c] disabled)
[    0.000000] ACPI: LAPIC (acpi_id[0x07] lapic_id[0x0e] disabled)
[    0.000000] ACPI: LAPIC (acpi_id[0x08] lapic_id[0x10] disabled)
[    0.000000] ACPI: LAPIC (acpi_id[0x09] lapic_id[0x12] disabled)
[    0.000000] ACPI: LAPIC (acpi_id[0x0a] lapic_id[0x14] disabled)
[    0.000000] ACPI: LAPIC (acpi_id[0x0b] lapic_id[0x16] disabled)
[    0.000000] ACPI: LAPIC (acpi_id[0x0c] lapic_id[0x18] disabled)
[    0.000000] ACPI: LAPIC (acpi_id[0x0d] lapic_id[0x1a] disabled)
[    0.000000] ACPI: LAPIC (acpi_id[0x0e] lapic_id[0x1c] disabled)
[    0.000000] ACPI: LAPIC (acpi_id[0x0f] lapic_id[0x1e] disabled)
[    0.000000] ACPI: LAPIC (acpi_id[0x10] lapic_id[0x20] disabled)
[    0.000000] ACPI: LAPIC (acpi_id[0x11] lapic_id[0x22] disabled)
[    0.000000] ACPI: LAPIC (acpi_id[0x12] lapic_id[0x24] disabled)
[    0.000000] ACPI: LAPIC (acpi_id[0x13] lapic_id[0x26] disabled)
[    0.000000] ACPI: LAPIC (acpi_id[0x14] lapic_id[0x28] disabled)
[    0.000000] ACPI: LAPIC (acpi_id[0x15] lapic_id[0x2a] disabled)
[    0.000000] ACPI: LAPIC (acpi_id[0x16] lapic_id[0x2c] disabled)
[    0.000000] ACPI: LAPIC (acpi_id[0x17] lapic_id[0x2e] disabled)
[    0.000000] ACPI: LAPIC (acpi_id[0x18] lapic_id[0x30] disabled)
[    0.000000] ACPI: LAPIC (acpi_id[0x19] lapic_id[0x32] disabled)
[    0.000000] ACPI: LAPIC (acpi_id[0x1a] lapic_id[0x34] disabled)
[    0.000000] ACPI: LAPIC (acpi_id[0x1b] lapic_id[0x36] disabled)
[    0.000000] ACPI: LAPIC (acpi_id[0x1c] lapic_id[0x38] disabled)
[    0.000000] ACPI: LAPIC (acpi_id[0x1d] lapic_id[0x3a] disabled)
[    0.000000] ACPI: LAPIC (acpi_id[0x1e] lapic_id[0x3c] disabled)
[    0.000000] ACPI: LAPIC (acpi_id[0x1f] lapic_id[0x3e] disabled)
[    0.000000] ACPI: LAPIC (acpi_id[0x20] lapic_id[0x40] disabled)
[    0.000000] ACPI: LAPIC (acpi_id[0x21] lapic_id[0x42] disabled)
[    0.000000] ACPI: LAPIC (acpi_id[0x22] lapic_id[0x44] disabled)
[    0.000000] ACPI: LAPIC (acpi_id[0x23] lapic_id[0x46] disabled)
[    0.000000] ACPI: LAPIC (acpi_id[0x24] lapic_id[0x48] disabled)
[    0.000000] ACPI: LAPIC (acpi_id[0x25] lapic_id[0x4a] disabled)
[    0.000000] ACPI: LAPIC (acpi_id[0x26] lapic_id[0x4c] disabled)
[    0.000000] ACPI: LAPIC (acpi_id[0x27] lapic_id[0x4e] disabled)
[    0.000000] ACPI: LAPIC (acpi_id[0x28] lapic_id[0x50] disabled)
[    0.000000] ACPI: LAPIC (acpi_id[0x29] lapic_id[0x52] disabled)
[    0.000000] ACPI: LAPIC (acpi_id[0x2a] lapic_id[0x54] disabled)
[    0.000000] ACPI: LAPIC (acpi_id[0x2b] lapic_id[0x56] disabled)
[    0.000000] ACPI: LAPIC (acpi_id[0x2c] lapic_id[0x58] disabled)
[    0.000000] ACPI: LAPIC (acpi_id[0x2d] lapic_id[0x5a] disabled)
[    0.000000] ACPI: LAPIC (acpi_id[0x2e] lapic_id[0x5c] disabled)
[    0.000000] ACPI: LAPIC (acpi_id[0x2f] lapic_id[0x5e] disabled)
[    0.000000] ACPI: LAPIC (acpi_id[0x30] lapic_id[0x60] disabled)
[    0.000000] ACPI: LAPIC (acpi_id[0x31] lapic_id[0x62] disabled)
[    0.000000] ACPI: LAPIC (acpi_id[0x32] lapic_id[0x64] disabled)
[    0.000000] ACPI: LAPIC (acpi_id[0x33] lapic_id[0x66] disabled)
[    0.000000] ACPI: LAPIC (acpi_id[0x34] lapic_id[0x68] disabled)
[    0.000000] ACPI: LAPIC (acpi_id[0x35] lapic_id[0x6a] disabled)
[    0.000000] ACPI: LAPIC (acpi_id[0x36] lapic_id[0x6c] disabled)
[    0.000000] ACPI: LAPIC (acpi_id[0x37] lapic_id[0x6e] disabled)
[    0.000000] ACPI: LAPIC (acpi_id[0x38] lapic_id[0x70] disabled)
[    0.000000] ACPI: LAPIC (acpi_id[0x39] lapic_id[0x72] disabled)
[    0.000000] ACPI: LAPIC (acpi_id[0x3a] lapic_id[0x74] disabled)
[    0.000000] ACPI: LAPIC (acpi_id[0x3b] lapic_id[0x76] disabled)
[    0.000000] ACPI: LAPIC (acpi_id[0x3c] lapic_id[0x78] disabled)
[    0.000000] ACPI: LAPIC (acpi_id[0x3d] lapic_id[0x7a] disabled)
[    0.000000] ACPI: LAPIC (acpi_id[0x3e] lapic_id[0x7c] disabled)
[    0.000000] ACPI: LAPIC (acpi_id[0x3f] lapic_id[0x7e] disabled)
[    0.000000] ACPI: LAPIC_NMI (acpi_id[0x00] high edge lint[0x1])
[    0.000000] ACPI: LAPIC_NMI (acpi_id[0x01] high edge lint[0x1])
[    0.000000] ACPI: LAPIC_NMI (acpi_id[0x02] high edge lint[0x1])
[    0.000000] ACPI: LAPIC_NMI (acpi_id[0x03] high edge lint[0x1])
[    0.000000] ACPI: LAPIC_NMI (acpi_id[0x04] high edge lint[0x1])
[    0.000000] ACPI: LAPIC_NMI (acpi_id[0x05] high edge lint[0x1])
[    0.000000] ACPI: LAPIC_NMI (acpi_id[0x06] high edge lint[0x1])
[    0.000000] ACPI: LAPIC_NMI (acpi_id[0x07] high edge lint[0x1])
[    0.000000] ACPI: LAPIC_NMI (acpi_id[0x08] high edge lint[0x1])
[    0.000000] ACPI: LAPIC_NMI (acpi_id[0x09] high edge lint[0x1])
[    0.000000] ACPI: LAPIC_NMI (acpi_id[0x0a] high edge lint[0x1])
[    0.000000] ACPI: LAPIC_NMI (acpi_id[0x0b] high edge lint[0x1])
[    0.000000] ACPI: LAPIC_NMI (acpi_id[0x0c] high edge lint[0x1])
[    0.000000] ACPI: LAPIC_NMI (acpi_id[0x0d] high edge lint[0x1])
[    0.000000] ACPI: LAPIC_NMI (acpi_id[0x0e] high edge lint[0x1])
[    0.000000] ACPI: LAPIC_NMI (acpi_id[0x0f] high edge lint[0x1])
[    0.000000] ACPI: LAPIC_NMI (acpi_id[0x10] high edge lint[0x1])
[    0.000000] ACPI: LAPIC_NMI (acpi_id[0x11] high edge lint[0x1])
[    0.000000] ACPI: LAPIC_NMI (acpi_id[0x12] high edge lint[0x1])
[    0.000000] ACPI: LAPIC_NMI (acpi_id[0x13] high edge lint[0x1])
[    0.000000] ACPI: LAPIC_NMI (acpi_id[0x14] high edge lint[0x1])
[    0.000000] ACPI: LAPIC_NMI (acpi_id[0x15] high edge lint[0x1])
[    0.000000] ACPI: LAPIC_NMI (acpi_id[0x16] high edge lint[0x1])
[    0.000000] ACPI: LAPIC_NMI (acpi_id[0x17] high edge lint[0x1])
[    0.000000] ACPI: LAPIC_NMI (acpi_id[0x18] high edge lint[0x1])
[    0.000000] ACPI: LAPIC_NMI (acpi_id[0x19] high edge lint[0x1])
[    0.000000] ACPI: LAPIC_NMI (acpi_id[0x1a] high edge lint[0x1])
[    0.000000] ACPI: LAPIC_NMI (acpi_id[0x1b] high edge lint[0x1])
[    0.000000] ACPI: LAPIC_NMI (acpi_id[0x1c] high edge lint[0x1])
[    0.000000] ACPI: LAPIC_NMI (acpi_id[0x1d] high edge lint[0x1])
[    0.000000] ACPI: LAPIC_NMI (acpi_id[0x1e] high edge lint[0x1])
[    0.000000] ACPI: LAPIC_NMI (acpi_id[0x1f] high edge lint[0x1])
[    0.000000] ACPI: LAPIC_NMI (acpi_id[0x20] high edge lint[0x1])
[    0.000000] ACPI: LAPIC_NMI (acpi_id[0x21] high edge lint[0x1])
[    0.000000] ACPI: LAPIC_NMI (acpi_id[0x22] high edge lint[0x1])
[    0.000000] ACPI: LAPIC_NMI (acpi_id[0x23] high edge lint[0x1])
[    0.000000] ACPI: LAPIC_NMI (acpi_id[0x24] high edge lint[0x1])
[    0.000000] ACPI: LAPIC_NMI (acpi_id[0x25] high edge lint[0x1])
[    0.000000] ACPI: LAPIC_NMI (acpi_id[0x26] high edge lint[0x1])
[    0.000000] ACPI: LAPIC_NMI (acpi_id[0x27] high edge lint[0x1])
[    0.000000] ACPI: LAPIC_NMI (acpi_id[0x28] high edge lint[0x1])
[    0.000000] ACPI: LAPIC_NMI (acpi_id[0x29] high edge lint[0x1])
[    0.000000] ACPI: LAPIC_NMI (acpi_id[0x2a] high edge lint[0x1])
[    0.000000] ACPI: LAPIC_NMI (acpi_id[0x2b] high edge lint[0x1])
[    0.000000] ACPI: LAPIC_NMI (acpi_id[0x2c] high edge lint[0x1])
[    0.000000] ACPI: LAPIC_NMI (acpi_id[0x2d] high edge lint[0x1])
[    0.000000] ACPI: LAPIC_NMI (acpi_id[0x2e] high edge lint[0x1])
[    0.000000] ACPI: LAPIC_NMI (acpi_id[0x2f] high edge lint[0x1])
[    0.000000] ACPI: LAPIC_NMI (acpi_id[0x30] high edge lint[0x1])
[    0.000000] ACPI: LAPIC_NMI (acpi_id[0x31] high edge lint[0x1])
[    0.000000] ACPI: LAPIC_NMI (acpi_id[0x32] high edge lint[0x1])
[    0.000000] ACPI: LAPIC_NMI (acpi_id[0x33] high edge lint[0x1])
[    0.000000] ACPI: LAPIC_NMI (acpi_id[0x34] high edge lint[0x1])
[    0.000000] ACPI: LAPIC_NMI (acpi_id[0x35] high edge lint[0x1])
[    0.000000] ACPI: LAPIC_NMI (acpi_id[0x36] high edge lint[0x1])
[    0.000000] ACPI: LAPIC_NMI (acpi_id[0x37] high edge lint[0x1])
[    0.000000] ACPI: LAPIC_NMI (acpi_id[0x38] high edge lint[0x1])
[    0.000000] ACPI: LAPIC_NMI (acpi_id[0x39] high edge lint[0x1])
[    0.000000] ACPI: LAPIC_NMI (acpi_id[0x3a] high edge lint[0x1])
[    0.000000] ACPI: LAPIC_NMI (acpi_id[0x3b] high edge lint[0x1])
[    0.000000] ACPI: LAPIC_NMI (acpi_id[0x3c] high edge lint[0x1])
[    0.000000] ACPI: LAPIC_NMI (acpi_id[0x3d] high edge lint[0x1])
[    0.000000] ACPI: LAPIC_NMI (acpi_id[0x3e] high edge lint[0x1])
[    0.000000] ACPI: LAPIC_NMI (acpi_id[0x3f] high edge lint[0x1])
[    0.000000] ACPI: Skipping IOAPIC probe due to 'noapic' option.
[    0.000000] Using ACPI for processor (LAPIC) configuration information
[    0.000000] ACPI: HPET id: 0x8086af01 base: 0xfed00000
[    0.000000] Intel MultiProcessor Specification v1.4
[    0.000000]     Virtual Wire compatibility mode.
[    0.000000] MPTABLE: OEM ID: INTEL   
[    0.000000] MPTABLE: Product ID: 440BX       
[    0.000000] MPTABLE: APIC at: 0xFEE00000
[    0.000000] IOAPIC[0]: apic_id 1, version 17, address 0xfec00000, GSI 0-23
[    0.000000] Processors: 1
[    0.000000] SMP: Allowing 1 CPUs, 0 hotplug CPUs
[    0.000000] nr_irqs_gsi: 40
[    0.000000] PM: Registered nosave memory: 000000000009f000 - 00000000000a0000
[    0.000000] PM: Registered nosave memory: 00000000000a0000 - 00000000000ca000
[    0.000000] PM: Registered nosave memory: 00000000000ca000 - 00000000000cc000
[    0.000000] PM: Registered nosave memory: 00000000000cc000 - 00000000000dc000
[    0.000000] PM: Registered nosave memory: 00000000000dc000 - 0000000000100000
[    0.000000] Allocating PCI resources starting at 40000000 (gap: 40000000:a0000000)
[    0.000000] Booting paravirtualized kernel on bare hardware
[    0.000000] setup_percpu: NR_CPUS:8 nr_cpumask_bits:8 nr_cpu_ids:1 nr_node_ids:1
[    0.000000] PERCPU: Embedded 14 pages/cpu @f73e8000 s34240 r0 d23104 u57344
[    0.000000] pcpu-alloc: s34240 r0 d23104 u57344 alloc=14*4096
[    0.000000] pcpu-alloc: [0] 0 
[    0.000000] Built 1 zonelists in Zone order, mobility grouping on.  Total pages: 259950
[    0.000000] Kernel command line: BOOT_IMAGE=/boot/vmlinuz-3.2.0-29-generic-pae root=UUID=007b598c-390d-4c65-84a1-4ff752d48633 ro quiet splash maxcpus=0
[    0.000000] PID hash table entries: 4096 (order: 2, 16384 bytes)
[    0.000000] Dentry cache hash table entries: 131072 (order: 7, 524288 bytes)
[    0.000000] Inode-cache hash table entries: 65536 (order: 6, 262144 bytes)
[    0.000000] Initializing CPU#0
[    0.000000] xsave/xrstor: enabled xstate_bv 0x7, cntxt size 0x340
[    0.000000] allocated 4194048 bytes of page_cgroup
[    0.000000] please try 'cgroup_disable=memory' option if you don't want memory cgroups
[    0.000000] Initializing HighMem for node 0 (00037bfe:00040000)
[    0.000000] Memory: 1010624k/1048576k available (5814k kernel code, 37372k reserved, 2841k data, 740k init, 135048k highmem)
[    0.000000] virtual kernel memory layout:
[    0.000000]     fixmap  : 0xfff16000 - 0xfffff000   ( 932 kB)
[    0.000000]     pkmap   : 0xffc00000 - 0xffe00000   (2048 kB)
[    0.000000]     vmalloc : 0xf83fe000 - 0xffbfe000   ( 120 MB)
[    0.000000]     lowmem  : 0xc0000000 - 0xf7bfe000   ( 891 MB)
[    0.000000]       .init : 0xc1875000 - 0xc192e000   ( 740 kB)
[    0.000000]       .data : 0xc15adb64 - 0xc1874240   (2841 kB)
[    0.000000]       .text : 0xc1000000 - 0xc15adb64   (5814 kB)
[    0.000000] Checking if this processor honours the WP bit even in supervisor mode...Ok.
[    0.000000] SLUB: Genslabs=15, HWalign=64, Order=0-3, MinObjects=0, CPUs=1, Nodes=1
[    0.000000] Hierarchical RCU implementation.
[    0.000000] 	RCU dyntick-idle grace-period acceleration is enabled.
[    0.000000] NR_IRQS:2304 nr_irqs:256 16
[    0.000000] CPU 0 irqstacks, hard=f5c08000 soft=f5c0a000
[    0.000000] Extended CMOS year: 2000
[    0.000000] Console: colour VGA+ 80x25
[    0.000000] console [tty0] enabled
[    0.000000] hpet clockevent registered
[    0.000000] TSC freq read from hypervisor : 2394.620 MHz
[    0.000000] Detected 2394.620 MHz processor.
[    0.000001] Calibrating delay loop (skipped) preset value.. 4789.24 BogoMIPS (lpj=9578480)
[    0.000004] pid_max: default: 32768 minimum: 301
[    0.000023] Security Framework initialized
[    0.000041] AppArmor: AppArmor initialized
[    0.000042] Yama: becoming mindful.
[    0.000089] Mount-cache hash table entries: 512
[    0.000223] Initializing cgroup subsys cpuacct
[    0.000228] Initializing cgroup subsys memory
[    0.000234] Initializing cgroup subsys devices
[    0.000236] Initializing cgroup subsys freezer
[    0.000238] Initializing cgroup subsys blkio
[    0.000245] Initializing cgroup subsys perf_event
[    0.000300] Disabled fast string operations
[    0.000305] CPU: Physical Processor ID: 0
[    0.000317] ENERGY_PERF_BIAS: Set to 'normal', was 'performance'
[    0.000318] ENERGY_PERF_BIAS: View and update with x86_energy_perf_policy(8)
[    0.001000] mce: CPU supports 0 MCE banks
[    0.001906] SMP alternatives: switching to UP code
[    0.020222] Freeing SMP alternatives: 24k freed
[    0.020227] ACPI: Core revision 20110623
[    0.026372] ACPI: setting ELCR to 0200 (from 0e20)
[    0.027426] ftrace: allocating 26545 entries in 52 pages
[    0.049361] SMP mode deactivated.
[    0.049391] SMP disabled
[    0.049393] Performance Events: generic architected perfmon v1, core PMU driver.
[    0.049404] ... version:                1
[    0.049405] ... bit width:              48
[    0.049406] ... generic registers:      4
[    0.049407] ... value mask:             0000ffffffffffff
[    0.049408] ... max period:             000000007fffffff
[    0.049409] ... fixed-purpose events:   0
[    0.049410] ... event mask:             000000000000000f
[    0.049519] NMI watchdog enabled, takes one hw-pmu counter.
[    0.049540] Brought up 1 CPUs
[    0.049542] Total of 1 processors activated (4789.24 BogoMIPS).
[    0.049648] devtmpfs: initialized
[    0.049718] EVM: security.selinux
[    0.049720] EVM: security.SMACK64
[    0.049721] EVM: security.capability
[    0.049745] PM: Registering ACPI NVS region at 3feff000 (4096 bytes)
[    0.050462] print_constraints: dummy: 
[    0.050530] RTC time:  8:13:57, date: 05/27/13
[    0.050557] NET: Registered protocol family 16
[    0.050628] EISA bus registered
[    0.050639] ACPI: bus type pci registered
[    0.050743] PCI: MMCONFIG for domain 0000 [bus 00-ff] at [mem 0xe0000000-0xefffffff] (base 0xe0000000)
[    0.050746] PCI: MMCONFIG at [mem 0xe0000000-0xefffffff] reserved in E820
[    0.050747] PCI: Using MMCONFIG for extended config space
[    0.050749] PCI: Using configuration type 1 for base access
[    0.051422] bio: create slab <bio-0> at 0
[    0.051485] ACPI: Added _OSI(Module Device)
[    0.051486] ACPI: Added _OSI(Processor Device)
[    0.051487] ACPI: Added _OSI(3.0 _SCP Extensions)
[    0.051488] ACPI: Added _OSI(Processor Aggregator Device)
[    0.053369] ACPI: EC: Look up EC in DSDT
[    0.057869] [Firmware Bug]: ACPI: BIOS _OSI(Linux) query ignored
[    0.066178] ACPI: Interpreter enabled
[    0.066189] ACPI: (supports S0 S1 S4 S5)
[    0.066201] ACPI: Using PIC for interrupt routing
[    0.107502] ACPI: No dock devices found.
[    0.107504] HEST: Table not found.
[    0.107508] PCI: Using host bridge windows from ACPI; if necessary, use "pci=nocrs" and report a bug
[    0.108174] ACPI: PCI Root Bridge [PCI0] (domain 0000 [bus 00-ff])
[    0.109300] pci_root PNP0A03:00: host bridge window [mem 0x000a0000-0x000bffff]
[    0.109302] pci_root PNP0A03:00: host bridge window [mem 0x000cc000-0x000cffff]
[    0.109304] pci_root PNP0A03:00: host bridge window [mem 0x000d0000-0x000d3fff]
[    0.109305] pci_root PNP0A03:00: host bridge window [mem 0x000d4000-0x000d7fff]
[    0.109307] pci_root PNP0A03:00: host bridge window [mem 0x000d8000-0x000dbfff]
[    0.109309] pci_root PNP0A03:00: host bridge window [mem 0xc0000000-0xfebfffff]
[    0.109310] pci_root PNP0A03:00: host bridge window [io  0x0000-0x0cf7]
[    0.109312] pci_root PNP0A03:00: host bridge window [io  0x0d00-0xfeff]
[    0.109360] pci 0000:00:00.0: [8086:7190] type 0 class 0x000600
[    0.109768] pci 0000:00:01.0: [8086:7191] type 1 class 0x000604
[    0.110189] pci 0000:00:07.0: [8086:7110] type 0 class 0x000601
[    0.110790] pci 0000:00:07.1: [8086:7111] type 0 class 0x000101
[    0.112712] pci 0000:00:07.1: reg 20: [io  0x10c0-0x10cf]
[    0.113733] pci 0000:00:07.3: [8086:7113] type 0 class 0x000680
[    0.115650] pci 0000:00:07.3: quirk: [io  0x1000-0x103f] claimed by PIIX4 ACPI
[    0.115663] pci 0000:00:07.3: quirk: [io  0x1040-0x104f] claimed by PIIX4 SMB
[    0.115902] pci 0000:00:07.7: [15ad:0740] type 0 class 0x000880
[    0.116384] pci 0000:00:07.7: reg 10: [io  0x1080-0x10bf]
[    0.116949] pci 0000:00:07.7: reg 14: [mem 0xc8000000-0xc8001fff 64bit]
[    0.119003] pci 0000:00:0f.0: [15ad:0405] type 0 class 0x000300
[    0.121092] pci 0000:00:0f.0: reg 10: [io  0x10d0-0x10df]
[    0.123092] pci 0000:00:0f.0: reg 14: [mem 0xd0000000-0xd7ffffff pref]
[    0.125047] pci 0000:00:0f.0: reg 18: [mem 0xc8800000-0xc8ffffff]
[    0.132817] pci 0000:00:0f.0: reg 30: [mem 0x00000000-0x00007fff pref]
[    0.133148] pci 0000:00:10.0: [1000:0030] type 0 class 0x000100
[    0.133783] pci 0000:00:10.0: reg 10: [io  0x1400-0x14ff]
[    0.134770] pci 0000:00:10.0: reg 14: [mem 0xc8040000-0xc805ffff 64bit]
[    0.135882] pci 0000:00:10.0: reg 1c: [mem 0xc8020000-0xc803ffff 64bit]
[    0.136955] pci 0000:00:10.0: reg 30: [mem 0x00000000-0x00003fff pref]
[    0.137107] pci 0000:00:11.0: [15ad:0790] type 1 class 0x000604
[    0.137760] pci 0000:00:15.0: [15ad:07a0] type 1 class 0x000604
[    0.138456] pci 0000:00:15.0: PME# supported from D0 D3hot D3cold
[    0.138478] pci 0000:00:15.0: PME# disabled
[    0.138692] pci 0000:00:15.1: [15ad:07a0] type 1 class 0x000604
[    0.139377] pci 0000:00:15.1: PME# supported from D0 D3hot D3cold
[    0.139398] pci 0000:00:15.1: PME# disabled
[    0.139611] pci 0000:00:15.2: [15ad:07a0] type 1 class 0x000604
[    0.140319] pci 0000:00:15.2: PME# supported from D0 D3hot D3cold
[    0.140341] pci 0000:00:15.2: PME# disabled
[    0.140554] pci 0000:00:15.3: [15ad:07a0] type 1 class 0x000604
[    0.141261] pci 0000:00:15.3: PME# supported from D0 D3hot D3cold
[    0.141283] pci 0000:00:15.3: PME# disabled
[    0.141496] pci 0000:00:15.4: [15ad:07a0] type 1 class 0x000604
[    0.142179] pci 0000:00:15.4: PME# supported from D0 D3hot D3cold
[    0.142200] pci 0000:00:15.4: PME# disabled
[    0.142422] pci 0000:00:15.5: [15ad:07a0] type 1 class 0x000604
[    0.143105] pci 0000:00:15.5: PME# supported from D0 D3hot D3cold
[    0.143127] pci 0000:00:15.5: PME# disabled
[    0.143357] pci 0000:00:15.6: [15ad:07a0] type 1 class 0x000604
[    0.144123] pci 0000:00:15.6: PME# supported from D0 D3hot D3cold
[    0.144150] pci 0000:00:15.6: PME# disabled
[    0.144416] pci 0000:00:15.7: [15ad:07a0] type 1 class 0x000604
[    0.145195] pci 0000:00:15.7: PME# supported from D0 D3hot D3cold
[    0.145217] pci 0000:00:15.7: PME# disabled
[    0.145431] pci 0000:00:16.0: [15ad:07a0] type 1 class 0x000604
[    0.146167] pci 0000:00:16.0: PME# supported from D0 D3hot D3cold
[    0.146195] pci 0000:00:16.0: PME# disabled
[    0.146460] pci 0000:00:16.1: [15ad:07a0] type 1 class 0x000604
[    0.147311] pci 0000:00:16.1: PME# supported from D0 D3hot D3cold
[    0.147338] pci 0000:00:16.1: PME# disabled
[    0.147603] pci 0000:00:16.2: [15ad:07a0] type 1 class 0x000604
[    0.148482] pci 0000:00:16.2: PME# supported from D0 D3hot D3cold
[    0.148510] pci 0000:00:16.2: PME# disabled
[    0.148775] pci 0000:00:16.3: [15ad:07a0] type 1 class 0x000604
[    0.149657] pci 0000:00:16.3: PME# supported from D0 D3hot D3cold
[    0.149688] pci 0000:00:16.3: PME# disabled
[    0.149990] pci 0000:00:16.4: [15ad:07a0] type 1 class 0x000604
[    0.150860] pci 0000:00:16.4: PME# supported from D0 D3hot D3cold
[    0.150887] pci 0000:00:16.4: PME# disabled
[    0.151164] pci 0000:00:16.5: [15ad:07a0] type 1 class 0x000604
[    0.152041] pci 0000:00:16.5: PME# supported from D0 D3hot D3cold
[    0.152067] pci 0000:00:16.5: PME# disabled
[    0.152331] pci 0000:00:16.6: [15ad:07a0] type 1 class 0x000604
[    0.153187] pci 0000:00:16.6: PME# supported from D0 D3hot D3cold
[    0.153213] pci 0000:00:16.6: PME# disabled
[    0.153478] pci 0000:00:16.7: [15ad:07a0] type 1 class 0x000604
[    0.154309] pci 0000:00:16.7: PME# supported from D0 D3hot D3cold
[    0.154336] pci 0000:00:16.7: PME# disabled
[    0.154602] pci 0000:00:17.0: [15ad:07a0] type 1 class 0x000604
[    0.155452] pci 0000:00:17.0: PME# supported from D0 D3hot D3cold
[    0.155478] pci 0000:00:17.0: PME# disabled
[    0.155743] pci 0000:00:17.1: [15ad:07a0] type 1 class 0x000604
[    0.156610] pci 0000:00:17.1: PME# supported from D0 D3hot D3cold
[    0.156636] pci 0000:00:17.1: PME# disabled
[    0.156902] pci 0000:00:17.2: [15ad:07a0] type 1 class 0x000604
[    0.157750] pci 0000:00:17.2: PME# supported from D0 D3hot D3cold
[    0.157776] pci 0000:00:17.2: PME# disabled
[    0.158043] pci 0000:00:17.3: [15ad:07a0] type 1 class 0x000604
[    0.158892] pci 0000:00:17.3: PME# supported from D0 D3hot D3cold
[    0.158917] pci 0000:00:17.3: PME# disabled
[    0.159192] pci 0000:00:17.4: [15ad:07a0] type 1 class 0x000604
[    0.160063] pci 0000:00:17.4: PME# supported from D0 D3hot D3cold
[    0.160090] pci 0000:00:17.4: PME# disabled
[    0.160365] pci 0000:00:17.5: [15ad:07a0] type 1 class 0x000604
[    0.161221] pci 0000:00:17.5: PME# supported from D0 D3hot D3cold
[    0.161247] pci 0000:00:17.5: PME# disabled
[    0.161510] pci 0000:00:17.6: [15ad:07a0] type 1 class 0x000604
[    0.162357] pci 0000:00:17.6: PME# supported from D0 D3hot D3cold
[    0.162383] pci 0000:00:17.6: PME# disabled
[    0.162647] pci 0000:00:17.7: [15ad:07a0] type 1 class 0x000604
[    0.163503] pci 0000:00:17.7: PME# supported from D0 D3hot D3cold
[    0.163529] pci 0000:00:17.7: PME# disabled
[    0.163810] pci 0000:00:18.0: [15ad:07a0] type 1 class 0x000604
[    0.164722] pci 0000:00:18.0: PME# supported from D0 D3hot D3cold
[    0.164749] pci 0000:00:18.0: PME# disabled
[    0.165026] pci 0000:00:18.1: [15ad:07a0] type 1 class 0x000604
[    0.165874] pci 0000:00:18.1: PME# supported from D0 D3hot D3cold
[    0.165900] pci 0000:00:18.1: PME# disabled
[    0.166167] pci 0000:00:18.2: [15ad:07a0] type 1 class 0x000604
[    0.167019] pci 0000:00:18.2: PME# supported from D0 D3hot D3cold
[    0.167046] pci 0000:00:18.2: PME# disabled
[    0.167311] pci 0000:00:18.3: [15ad:07a0] type 1 class 0x000604
[    0.168185] pci 0000:00:18.3: PME# supported from D0 D3hot D3cold
[    0.168211] pci 0000:00:18.3: PME# disabled
[    0.168476] pci 0000:00:18.4: [15ad:07a0] type 1 class 0x000604
[    0.169330] pci 0000:00:18.4: PME# supported from D0 D3hot D3cold
[    0.169357] pci 0000:00:18.4: PME# disabled
[    0.169630] pci 0000:00:18.5: [15ad:07a0] type 1 class 0x000604
[    0.170485] pci 0000:00:18.5: PME# supported from D0 D3hot D3cold
[    0.170512] pci 0000:00:18.5: PME# disabled
[    0.170775] pci 0000:00:18.6: [15ad:07a0] type 1 class 0x000604
[    0.171623] pci 0000:00:18.6: PME# supported from D0 D3hot D3cold
[    0.171649] pci 0000:00:18.6: PME# disabled
[    0.171929] pci 0000:00:18.7: [15ad:07a0] type 1 class 0x000604
[    0.172774] pci 0000:00:18.7: PME# supported from D0 D3hot D3cold
[    0.172801] pci 0000:00:18.7: PME# disabled
[    0.173476] pci 0000:00:01.0: PCI bridge to [bus 01-01]
[    0.173825] pci 0000:02:00.0: [15ad:0774] type 0 class 0x000c03
[    0.175759] pci 0000:02:00.0: reg 20: [io  0x20c0-0x20df]
[    0.176648] pci 0000:02:01.0: [1022:2000] type 0 class 0x000200
[    0.177053] pci 0000:02:01.0: reg 10: [io  0x2000-0x207f]
[    0.179223] pci 0000:02:01.0: reg 30: [mem 0x00000000-0x0000ffff pref]
[    0.179370] pci 0000:02:02.0: [1274:1371] type 0 class 0x000401
[    0.179846] pci 0000:02:02.0: reg 10: [io  0x2080-0x20bf]
[    0.182576] pci 0000:02:03.0: [15ad:0770] type 0 class 0x000c03
[    0.182953] pci 0000:02:03.0: reg 10: [mem 0xc9000000-0xc9000fff]
[    0.185338] pci 0000:00:11.0: PCI bridge to [bus 02-02] (subtractive decode)
[    0.185364] pci 0000:00:11.0:   bridge window [io  0x2000-0x3fff]
[    0.185389] pci 0000:00:11.0:   bridge window [mem 0xc9000000-0xca3fffff]
[    0.185438] pci 0000:00:11.0:   bridge window [mem 0xd8400000-0xd89fffff 64bit pref]
[    0.185441] pci 0000:00:11.0:   bridge window [mem 0x000a0000-0x000bffff] (subtractive decode)
[    0.185444] pci 0000:00:11.0:   bridge window [mem 0x000cc000-0x000cffff] (subtractive decode)
[    0.185446] pci 0000:00:11.0:   bridge window [mem 0x000d0000-0x000d3fff] (subtractive decode)
[    0.185449] pci 0000:00:11.0:   bridge window [mem 0x000d4000-0x000d7fff] (subtractive decode)
[    0.185451] pci 0000:00:11.0:   bridge window [mem 0x000d8000-0x000dbfff] (subtractive decode)
[    0.185454] pci 0000:00:11.0:   bridge window [mem 0xc0000000-0xfebfffff] (subtractive decode)
[    0.185457] pci 0000:00:11.0:   bridge window [io  0x0000-0x0cf7] (subtractive decode)
[    0.185459] pci 0000:00:11.0:   bridge window [io  0x0d00-0xfeff] (subtractive decode)
[    0.185974] pci 0000:00:15.0: PCI bridge to [bus 03-03]
[    0.185995] pci 0000:00:15.0:   bridge window [io  0x4000-0x4fff]
[    0.186016] pci 0000:00:15.0:   bridge window [mem 0xca400000-0xca4fffff]
[    0.186055] pci 0000:00:15.0:   bridge window [mem 0xd8a00000-0xd8afffff 64bit pref]
[    0.186470] pci 0000:00:15.1: PCI bridge to [bus 04-04]
[    0.186491] pci 0000:00:15.1:   bridge window [io  0x8000-0x8fff]
[    0.186512] pci 0000:00:15.1:   bridge window [mem 0xca800000-0xca8fffff]
[    0.186550] pci 0000:00:15.1:   bridge window [mem 0xd8e00000-0xd8efffff 64bit pref]
[    0.186966] pci 0000:00:15.2: PCI bridge to [bus 05-05]
[    0.186986] pci 0000:00:15.2:   bridge window [io  0xc000-0xcfff]
[    0.187007] pci 0000:00:15.2:   bridge window [mem 0xcac00000-0xcacfffff]
[    0.187046] pci 0000:00:15.2:   bridge window [mem 0xd9200000-0xd92fffff 64bit pref]
[    0.187463] pci 0000:00:15.3: PCI bridge to [bus 06-06]
[    0.187503] pci 0000:00:15.3:   bridge window [mem 0xcb000000-0xcb0fffff]
[    0.187542] pci 0000:00:15.3:   bridge window [mem 0xd9600000-0xd96fffff 64bit pref]
[    0.187973] pci 0000:00:15.4: PCI bridge to [bus 07-07]
[    0.188012] pci 0000:00:15.4:   bridge window [mem 0xcb400000-0xcb4fffff]
[    0.188051] pci 0000:00:15.4:   bridge window [mem 0xd9a00000-0xd9afffff 64bit pref]
[    0.188464] pci 0000:00:15.5: PCI bridge to [bus 08-08]
[    0.188503] pci 0000:00:15.5:   bridge window [mem 0xcb800000-0xcb8fffff]
[    0.188542] pci 0000:00:15.5:   bridge window [mem 0xd9e00000-0xd9efffff 64bit pref]
[    0.188965] pci 0000:00:15.6: PCI bridge to [bus 09-09]
[    0.189004] pci 0000:00:15.6:   bridge window [mem 0xcbc00000-0xcbcfffff]
[    0.189044] pci 0000:00:15.6:   bridge window [mem 0xda200000-0xda2fffff 64bit pref]
[    0.189456] pci 0000:00:15.7: PCI bridge to [bus 0a-0a]
[    0.189495] pci 0000:00:15.7:   bridge window [mem 0xcc000000-0xcc0fffff]
[    0.189534] pci 0000:00:15.7:   bridge window [mem 0xda600000-0xda6fffff 64bit pref]
[    0.189955] pci 0000:00:16.0: PCI bridge to [bus 0b-0b]
[    0.189975] pci 0000:00:16.0:   bridge window [io  0x5000-0x5fff]
[    0.189996] pci 0000:00:16.0:   bridge window [mem 0xca500000-0xca5fffff]
[    0.190035] pci 0000:00:16.0:   bridge window [mem 0xd8b00000-0xd8bfffff 64bit pref]
[    0.190447] pci 0000:00:16.1: PCI bridge to [bus 0c-0c]
[    0.190468] pci 0000:00:16.1:   bridge window [io  0x9000-0x9fff]
[    0.190488] pci 0000:00:16.1:   bridge window [mem 0xca900000-0xca9fffff]
[    0.190527] pci 0000:00:16.1:   bridge window [mem 0xd8f00000-0xd8ffffff 64bit pref]
[    0.190945] pci 0000:00:16.2: PCI bridge to [bus 0d-0d]
[    0.190966] pci 0000:00:16.2:   bridge window [io  0xd000-0xdfff]
[    0.190986] pci 0000:00:16.2:   bridge window [mem 0xcad00000-0xcadfffff]
[    0.191025] pci 0000:00:16.2:   bridge window [mem 0xd9300000-0xd93fffff 64bit pref]
[    0.191441] pci 0000:00:16.3: PCI bridge to [bus 0e-0e]
[    0.191480] pci 0000:00:16.3:   bridge window [mem 0xcb100000-0xcb1fffff]
[    0.191519] pci 0000:00:16.3:   bridge window [mem 0xd9700000-0xd97fffff 64bit pref]
[    0.191965] pci 0000:00:16.4: PCI bridge to [bus 0f-0f]
[    0.192017] pci 0000:00:16.4:   bridge window [mem 0xcb500000-0xcb5fffff]
[    0.192071] pci 0000:00:16.4:   bridge window [mem 0xd9b00000-0xd9bfffff 64bit pref]
[    0.192592] pci 0000:00:16.5: PCI bridge to [bus 10-10]
[    0.192631] pci 0000:00:16.5:   bridge window [mem 0xcb900000-0xcb9fffff]
[    0.192670] pci 0000:00:16.5:   bridge window [mem 0xd9f00000-0xd9ffffff 64bit pref]
[    0.193085] pci 0000:00:16.6: PCI bridge to [bus 11-11]
[    0.193124] pci 0000:00:16.6:   bridge window [mem 0xcbd00000-0xcbdfffff]
[    0.193163] pci 0000:00:16.6:   bridge window [mem 0xda300000-0xda3fffff 64bit pref]
[    0.193575] pci 0000:00:16.7: PCI bridge to [bus 12-12]
[    0.193614] pci 0000:00:16.7:   bridge window [mem 0xcc100000-0xcc1fffff]
[    0.193654] pci 0000:00:16.7:   bridge window [mem 0xda700000-0xda7fffff 64bit pref]
[    0.194114] pci 0000:00:17.0: PCI bridge to [bus 13-13]
[    0.194135] pci 0000:00:17.0:   bridge window [io  0x6000-0x6fff]
[    0.194156] pci 0000:00:17.0:   bridge window [mem 0xca600000-0xca6fffff]
[    0.194195] pci 0000:00:17.0:   bridge window [mem 0xd8c00000-0xd8cfffff 64bit pref]
[    0.194608] pci 0000:00:17.1: PCI bridge to [bus 14-14]
[    0.194629] pci 0000:00:17.1:   bridge window [io  0xa000-0xafff]
[    0.194650] pci 0000:00:17.1:   bridge window [mem 0xcaa00000-0xcaafffff]
[    0.194689] pci 0000:00:17.1:   bridge window [mem 0xd9000000-0xd90fffff 64bit pref]
[    0.195116] pci 0000:00:17.2: PCI bridge to [bus 15-15]
[    0.195136] pci 0000:00:17.2:   bridge window [io  0xe000-0xefff]
[    0.195157] pci 0000:00:17.2:   bridge window [mem 0xcae00000-0xcaefffff]
[    0.195196] pci 0000:00:17.2:   bridge window [mem 0xd9400000-0xd94fffff 64bit pref]
[    0.195614] pci 0000:00:17.3: PCI bridge to [bus 16-16]
[    0.195654] pci 0000:00:17.3:   bridge window [mem 0xcb200000-0xcb2fffff]
[    0.195707] pci 0000:00:17.3:   bridge window [mem 0xd9800000-0xd98fffff 64bit pref]
[    0.196127] pci 0000:00:17.4: PCI bridge to [bus 17-17]
[    0.196166] pci 0000:00:17.4:   bridge window [mem 0xcb600000-0xcb6fffff]
[    0.196206] pci 0000:00:17.4:   bridge window [mem 0xd9c00000-0xd9cfffff 64bit pref]
[    0.196619] pci 0000:00:17.5: PCI bridge to [bus 18-18]
[    0.196658] pci 0000:00:17.5:   bridge window [mem 0xcba00000-0xcbafffff]
[    0.196697] pci 0000:00:17.5:   bridge window [mem 0xda000000-0xda0fffff 64bit pref]
[    0.197111] pci 0000:00:17.6: PCI bridge to [bus 19-19]
[    0.197149] pci 0000:00:17.6:   bridge window [mem 0xcbe00000-0xcbefffff]
[    0.197189] pci 0000:00:17.6:   bridge window [mem 0xda400000-0xda4fffff 64bit pref]
[    0.197600] pci 0000:00:17.7: PCI bridge to [bus 1a-1a]
[    0.197639] pci 0000:00:17.7:   bridge window [mem 0xcc200000-0xcc2fffff]
[    0.197678] pci 0000:00:17.7:   bridge window [mem 0xda800000-0xda8fffff 64bit pref]
[    0.198091] pci 0000:00:18.0: PCI bridge to [bus 1b-1b]
[    0.198112] pci 0000:00:18.0:   bridge window [io  0x7000-0x7fff]
[    0.198132] pci 0000:00:18.0:   bridge window [mem 0xca700000-0xca7fffff]
[    0.198172] pci 0000:00:18.0:   bridge window [mem 0xd8d00000-0xd8dfffff 64bit pref]
[    0.198583] pci 0000:00:18.1: PCI bridge to [bus 1c-1c]
[    0.198603] pci 0000:00:18.1:   bridge window [io  0xb000-0xbfff]
[    0.198624] pci 0000:00:18.1:   bridge window [mem 0xcab00000-0xcabfffff]
[    0.198664] pci 0000:00:18.1:   bridge window [mem 0xd9100000-0xd91fffff 64bit pref]
[    0.199084] pci 0000:00:18.2: PCI bridge to [bus 1d-1d]
[    0.199104] pci 0000:00:18.2:   bridge window [io  0xf000-0xffff]
[    0.199125] pci 0000:00:18.2:   bridge window [mem 0xcaf00000-0xcaffffff]
[    0.199164] pci 0000:00:18.2:   bridge window [mem 0xd9500000-0xd95fffff 64bit pref]
[    0.199580] pci 0000:00:18.3: PCI bridge to [bus 1e-1e]
[    0.199619] pci 0000:00:18.3:   bridge window [mem 0xcb300000-0xcb3fffff]
[    0.199658] pci 0000:00:18.3:   bridge window [mem 0xd9900000-0xd99fffff 64bit pref]
[    0.200091] pci 0000:00:18.4: PCI bridge to [bus 1f-1f]
[    0.200130] pci 0000:00:18.4:   bridge window [mem 0xcb700000-0xcb7fffff]
[    0.200170] pci 0000:00:18.4:   bridge window [mem 0xd9d00000-0xd9dfffff 64bit pref]
[    0.200582] pci 0000:00:18.5: PCI bridge to [bus 20-20]
[    0.200620] pci 0000:00:18.5:   bridge window [mem 0xcbb00000-0xcbbfffff]
[    0.200660] pci 0000:00:18.5:   bridge window [mem 0xda100000-0xda1fffff 64bit pref]
[    0.201085] pci 0000:00:18.6: PCI bridge to [bus 21-21]
[    0.201124] pci 0000:00:18.6:   bridge window [mem 0xcbf00000-0xcbffffff]
[    0.201164] pci 0000:00:18.6:   bridge window [mem 0xda500000-0xda5fffff 64bit pref]
[    0.201576] pci 0000:00:18.7: PCI bridge to [bus 22-22]
[    0.201614] pci 0000:00:18.7:   bridge window [mem 0xcc300000-0xcc3fffff]
[    0.201653] pci 0000:00:18.7:   bridge window [mem 0xda900000-0xda9fffff 64bit pref]
[    0.203191] pci_bus 0000:00: on NUMA node 0
[    0.203196] ACPI: PCI Interrupt Routing Table [\_SB_.PCI0._PRT]
[    0.203802]  pci0000:00: Requesting ACPI _OSC control (0x1d)
[    0.204009]  pci0000:00: ACPI _OSC control (0x15) granted
[    0.284592] ACPI: PCI Interrupt Link [LNKA] (IRQs 3 4 5 6 7 *9 10 11 14 15)
[    0.284679] ACPI: PCI Interrupt Link [LNKB] (IRQs 3 4 5 6 7 9 10 *11 14 15)
[    0.284777] ACPI: PCI Interrupt Link [LNKC] (IRQs 3 4 5 6 7 9 *10 11 14 15)
[    0.284862] ACPI: PCI Interrupt Link [LNKD] (IRQs 3 4 *5 6 7 9 10 11 14 15)
[    0.285032] vgaarb: device added: PCI:0000:00:0f.0,decodes=io+mem,owns=io+mem,locks=none
[    0.285045] vgaarb: loaded
[    0.285046] vgaarb: bridge control possible 0000:00:0f.0
[    0.285166] i2c-core: driver [aat2870] using legacy suspend method
[    0.285168] i2c-core: driver [aat2870] using legacy resume method
[    0.285254] SCSI subsystem initialized
[    0.285303] libata version 3.00 loaded.
[    0.285345] usbcore: registered new interface driver usbfs
[    0.285359] usbcore: registered new interface driver hub
[    0.285390] usbcore: registered new device driver usb
[    0.285483] PCI: Using ACPI for IRQ routing
[    0.365385] PCI: pci_cache_line_size set to 64 bytes
[    0.365410] pci 0000:00:18.2: no compatible bridge window for [io  0xf000-0xffff]
[    0.366619] reserve RAM buffer: 000000000009f000 - 000000000009ffff 
[    0.366622] reserve RAM buffer: 000000003fee0000 - 000000003fffffff 
[    0.366768] NetLabel: Initializing
[    0.366769] NetLabel:  domain hash size = 128
[    0.366770] NetLabel:  protocols = UNLABELED CIPSOv4
[    0.366779] NetLabel:  unlabeled traffic allowed by default
[    0.366852] hpet0: at MMIO 0xfed00000, IRQs 2, 8, 0, 0, 0, 0, 0, 0, 0, 0, 0, 0, 0, 0, 0, 0
[    0.366861] hpet0: 16 comparators, 64-bit 14.318180 MHz counter
[    0.370903] Switching to clocksource hpet
[    0.378594] AppArmor: AppArmor Filesystem Enabled
[    0.378617] pnp: PnP ACPI init
[    0.378645] ACPI: bus type pnp registered
[    0.379471] pnp 00:00: [bus 00-ff]
[    0.379474] pnp 00:00: [mem 0x000a0000-0x000bffff window]
[    0.379476] pnp 00:00: [mem 0x000c0000-0x000c3fff window]
[    0.379478] pnp 00:00: [mem 0x000c4000-0x000c7fff window]
[    0.379480] pnp 00:00: [mem 0x000c8000-0x000cbfff window]
[    0.379483] pnp 00:00: [mem 0x000cc000-0x000cffff window]
[    0.379485] pnp 00:00: [mem 0x000d0000-0x000d3fff window]
[    0.379487] pnp 00:00: [mem 0x000d4000-0x000d7fff window]
[    0.379489] pnp 00:00: [mem 0x000d8000-0x000dbfff window]
[    0.379491] pnp 00:00: [mem 0x000dc000-0x000dffff window]
[    0.379494] pnp 00:00: [mem 0x000e0000-0x000e3fff window]
[    0.379496] pnp 00:00: [mem 0x000e4000-0x000e7fff window]
[    0.379498] pnp 00:00: [mem 0x000e8000-0x000ebfff window]
[    0.379500] pnp 00:00: [mem 0x000ec000-0x000effff window]
[    0.379502] pnp 00:00: [mem 0xc0000000-0xfebfffff window]
[    0.379505] pnp 00:00: [io  0x0cf8-0x0cff]
[    0.379507] pnp 00:00: [io  0x0000-0x0cf7 window]
[    0.379509] pnp 00:00: [io  0x0d00-0xfeff window]
[    0.379556] pnp 00:00: Plug and Play ACPI device, IDs PNP0a03 PNP0a08 (active)
[    0.379632] pnp 00:01: [io  0x0010-0x001f]
[    0.379642] pnp 00:01: [io  0x0024-0x0025]
[    0.379643] pnp 00:01: [io  0x0028-0x0029]
[    0.379645] pnp 00:01: [io  0x002c-0x002d]
[    0.379647] pnp 00:01: [io  0x002e-0x002f]
[    0.379648] pnp 00:01: [io  0x0030-0x0031]
[    0.379661] pnp 00:01: [io  0x0034-0x0035]
[    0.379663] pnp 00:01: [io  0x0038-0x0039]
[    0.379664] pnp 00:01: [io  0x003c-0x003d]
[    0.379666] pnp 00:01: [io  0x0050-0x0053]
[    0.379668] pnp 00:01: [io  0x0072-0x0077]
[    0.379669] pnp 00:01: [io  0x0080]
[    0.379671] pnp 00:01: [io  0x0090-0x009f]
[    0.379672] pnp 00:01: [io  0x00a4-0x00a5]
[    0.379674] pnp 00:01: [io  0x00a8-0x00a9]
[    0.379676] pnp 00:01: [io  0x00ac-0x00ad]
[    0.379686] pnp 00:01: [io  0x00b0-0x00b5]
[    0.379688] pnp 00:01: [io  0x00b8-0x00b9]
[    0.379689] pnp 00:01: [io  0x00bc-0x00bd]
[    0.379691] pnp 00:01: [io  0x1000-0x103f]
[    0.379692] pnp 00:01: [io  0x1040-0x104f]
[    0.379694] pnp 00:01: [io  0x0cf0-0x0cf1]
[    0.379769] system 00:01: [io  0x1000-0x103f] has been reserved
[    0.379775] system 00:01: [io  0x1040-0x104f] has been reserved
[    0.379777] system 00:01: [io  0x0cf0-0x0cf1] has been reserved
[    0.379781] system 00:01: Plug and Play ACPI device, IDs PNP0c02 (active)
[    0.379791] pnp 00:02: [io  0x0000-0x000f]
[    0.379792] pnp 00:02: [io  0x0081-0x008f]
[    0.379794] pnp 00:02: [io  0x00c0-0x00df]
[    0.379796] pnp 00:02: [dma 4]
[    0.379819] pnp 00:02: Plug and Play ACPI device, IDs PNP0200 (active)
[    0.379828] pnp 00:03: [io  0x0020-0x0021]
[    0.379829] pnp 00:03: [io  0x00a0-0x00a1]
[    0.379831] pnp 00:03: [io  0x04d0-0x04d1]
[    0.379833] pnp 00:03: [irq 2 disabled]
[    0.379856] pnp 00:03: Plug and Play ACPI device, IDs PNP0001 (active)
[    0.379865] pnp 00:04: [io  0x0070-0x0071]
[    0.379868] pnp 00:04: [irq 8]
[    0.379888] pnp 00:04: Plug and Play ACPI device, IDs PNP0b00 (active)
[    0.379895] pnp 00:05: [io  0x0061]
[    0.379914] pnp 00:05: Plug and Play ACPI device, IDs PNP0800 (active)
[    0.379922] pnp 00:06: [io  0x0060]
[    0.379923] pnp 00:06: [io  0x0064]
[    0.379925] pnp 00:06: [irq 1]
[    0.379948] pnp 00:06: Plug and Play ACPI device, IDs PNP0303 (active)
[    0.379955] pnp 00:07: [irq 12]
[    0.379975] pnp 00:07: Plug and Play ACPI device, IDs PNP0f13 (active)
[    0.380160] pnp 00:08: [mem 0xfed00000-0xfed003ff]
[    0.380203] system 00:08: [mem 0xfed00000-0xfed003ff] has been reserved
[    0.380206] system 00:08: Plug and Play ACPI device, IDs PNP0103 PNP0c01 (active)
[    0.384942] pnp 00:09: [io  0x0378-0x037f]
[    0.384945] pnp 00:09: [irq 7]
[    0.386199] pnp 00:09: Plug and Play ACPI device, IDs PNP0400 (active)
[    0.390477] pnp 00:0a: [io  0x03f8-0x03ff]
[    0.390482] pnp 00:0a: [irq 4]
[    0.391696] pnp 00:0a: Plug and Play ACPI device, IDs PNP0501 (active)
[    0.394840] pnp 00:0b: [io  0x02f8-0x02ff]
[    0.394843] pnp 00:0b: [irq 3]
[    0.395985] pnp 00:0b: Plug and Play ACPI device, IDs PNP0501 (active)
[    0.400813] pnp 00:0c: [io  0x03f0-0x03f5]
[    0.400815] pnp 00:0c: [io  0x03f7]
[    0.400817] pnp 00:0c: [irq 6]
[    0.400818] pnp 00:0c: [dma 2]
[    0.401795] pnp 00:0c: Plug and Play ACPI device, IDs PNP0700 (active)
[    0.401953] pnp 00:0d: [mem 0xe0000000-0xefffffff]
[    0.401954] pnp 00:0d: [io  0x1060-0x107f]
[    0.401956] pnp 00:0d: [mem 0xc8200000-0xc83fffff]
[    0.402005] system 00:0d: [io  0x1060-0x107f] has been reserved
[    0.402008] system 00:0d: [mem 0xe0000000-0xefffffff] has been reserved
[    0.402010] system 00:0d: [mem 0xc8200000-0xc83fffff] has been reserved
[    0.402012] system 00:0d: Plug and Play ACPI device, IDs PNP0c02 (active)
[    0.406682] pnp: PnP ACPI: found 14 devices
[    0.406685] ACPI: ACPI bus type pnp unregistered
[    0.406688] PnPBIOS: Disabled by ACPI PNP
[    0.442341] PCI: max bus depth: 1 pci_try_num: 2
[    0.443669] pci 0000:00:0f.0: BAR 6: assigned [mem 0xc0000000-0xc0007fff pref]
[    0.443676] pci 0000:00:10.0: BAR 6: assigned [mem 0xc0008000-0xc000bfff pref]
[    0.443683] pci 0000:00:18.7: BAR 13: can't assign io (size 0x1000)
[    0.443688] pci 0000:00:18.6: BAR 13: can't assign io (size 0x1000)
[    0.443693] pci 0000:00:18.5: BAR 13: can't assign io (size 0x1000)
[    0.443698] pci 0000:00:18.4: BAR 13: can't assign io (size 0x1000)
[    0.443703] pci 0000:00:18.3: BAR 13: can't assign io (size 0x1000)
[    0.443707] pci 0000:00:18.2: BAR 13: can't assign io (size 0x1000)
[    0.443712] pci 0000:00:17.7: BAR 13: can't assign io (size 0x1000)
[    0.443717] pci 0000:00:17.6: BAR 13: can't assign io (size 0x1000)
[    0.443722] pci 0000:00:17.5: BAR 13: can't assign io (size 0x1000)
[    0.443727] pci 0000:00:17.4: BAR 13: can't assign io (size 0x1000)
[    0.443731] pci 0000:00:17.3: BAR 13: can't assign io (size 0x1000)
[    0.443736] pci 0000:00:16.7: BAR 13: can't assign io (size 0x1000)
[    0.443741] pci 0000:00:16.6: BAR 13: can't assign io (size 0x1000)
[    0.443746] pci 0000:00:16.5: BAR 13: can't assign io (size 0x1000)
[    0.443751] pci 0000:00:16.4: BAR 13: can't assign io (size 0x1000)
[    0.443756] pci 0000:00:16.3: BAR 13: can't assign io (size 0x1000)
[    0.443761] pci 0000:00:15.7: BAR 13: can't assign io (size 0x1000)
[    0.443766] pci 0000:00:15.6: BAR 13: can't assign io (size 0x1000)
[    0.443770] pci 0000:00:15.5: BAR 13: can't assign io (size 0x1000)
[    0.443775] pci 0000:00:15.4: BAR 13: can't assign io (size 0x1000)
[    0.443780] pci 0000:00:15.3: BAR 13: can't assign io (size 0x1000)
[    0.443784] pci 0000:00:01.0: PCI bridge to [bus 01-01]
[    0.443906] pci 0000:02:01.0: BAR 6: assigned [mem 0xd8400000-0xd840ffff pref]
[    0.443909] pci 0000:00:11.0: PCI bridge to [bus 02-02]
[    0.443927] pci 0000:00:11.0:   bridge window [io  0x2000-0x3fff]
[    0.443979] pci 0000:00:11.0:   bridge window [mem 0xc9000000-0xca3fffff]
[    0.444008] pci 0000:00:11.0:   bridge window [mem 0xd8400000-0xd89fffff 64bit pref]
[    0.444062] pci 0000:00:15.0: PCI bridge to [bus 03-03]
[    0.444079] pci 0000:00:15.0:   bridge window [io  0x4000-0x4fff]
[    0.444121] pci 0000:00:15.0:   bridge window [mem 0xca400000-0xca4fffff]
[    0.444150] pci 0000:00:15.0:   bridge window [mem 0xd8a00000-0xd8afffff 64bit pref]
[    0.444227] pci 0000:00:15.1: PCI bridge to [bus 04-04]
[    0.444243] pci 0000:00:15.1:   bridge window [io  0x8000-0x8fff]
[    0.444282] pci 0000:00:15.1:   bridge window [mem 0xca800000-0xca8fffff]
[    0.444309] pci 0000:00:15.1:   bridge window [mem 0xd8e00000-0xd8efffff 64bit pref]
[    0.444366] pci 0000:00:15.2: PCI bridge to [bus 05-05]
[    0.444381] pci 0000:00:15.2:   bridge window [io  0xc000-0xcfff]
[    0.444420] pci 0000:00:15.2:   bridge window [mem 0xcac00000-0xcacfffff]
[    0.444448] pci 0000:00:15.2:   bridge window [mem 0xd9200000-0xd92fffff 64bit pref]
[    0.444513] pci 0000:00:15.3: PCI bridge to [bus 06-06]
[    0.444563] pci 0000:00:15.3:   bridge window [mem 0xcb000000-0xcb0fffff]
[    0.444590] pci 0000:00:15.3:   bridge window [mem 0xd9600000-0xd96fffff 64bit pref]
[    0.444646] pci 0000:00:15.4: PCI bridge to [bus 07-07]
[    0.444684] pci 0000:00:15.4:   bridge window [mem 0xcb400000-0xcb4fffff]
[    0.444711] pci 0000:00:15.4:   bridge window [mem 0xd9a00000-0xd9afffff 64bit pref]
[    0.444783] pci 0000:00:15.5: PCI bridge to [bus 08-08]
[    0.444821] pci 0000:00:15.5:   bridge window [mem 0xcb800000-0xcb8fffff]
[    0.444845] pci 0000:00:15.5:   bridge window [mem 0xd9e00000-0xd9efffff 64bit pref]
[    0.444898] pci 0000:00:15.6: PCI bridge to [bus 09-09]
[    0.444946] pci 0000:00:15.6:   bridge window [mem 0xcbc00000-0xcbcfffff]
[    0.444972] pci 0000:00:15.6:   bridge window [mem 0xda200000-0xda2fffff 64bit pref]
[    0.445022] pci 0000:00:15.7: PCI bridge to [bus 0a-0a]
[    0.445064] pci 0000:00:15.7:   bridge window [mem 0xcc000000-0xcc0fffff]
[    0.445088] pci 0000:00:15.7:   bridge window [mem 0xda600000-0xda6fffff 64bit pref]
[    0.445138] pci 0000:00:16.0: PCI bridge to [bus 0b-0b]
[    0.445156] pci 0000:00:16.0:   bridge window [io  0x5000-0x5fff]
[    0.445204] pci 0000:00:16.0:   bridge window [mem 0xca500000-0xca5fffff]
[    0.445236] pci 0000:00:16.0:   bridge window [mem 0xd8b00000-0xd8bfffff 64bit pref]
[    0.445289] pci 0000:00:16.1: PCI bridge to [bus 0c-0c]
[    0.445302] pci 0000:00:16.1:   bridge window [io  0x9000-0x9fff]
[    0.445342] pci 0000:00:16.1:   bridge window [mem 0xca900000-0xca9fffff]
[    0.445371] pci 0000:00:16.1:   bridge window [mem 0xd8f00000-0xd8ffffff 64bit pref]
[    0.445422] pci 0000:00:16.2: PCI bridge to [bus 0d-0d]
[    0.445436] pci 0000:00:16.2:   bridge window [io  0xd000-0xdfff]
[    0.445470] pci 0000:00:16.2:   bridge window [mem 0xcad00000-0xcadfffff]
[    0.445507] pci 0000:00:16.2:   bridge window [mem 0xd9300000-0xd93fffff 64bit pref]
[    0.445563] pci 0000:00:16.3: PCI bridge to [bus 0e-0e]
[    0.445597] pci 0000:00:16.3:   bridge window [mem 0xcb100000-0xcb1fffff]
[    0.445621] pci 0000:00:16.3:   bridge window [mem 0xd9700000-0xd97fffff 64bit pref]
[    0.445679] pci 0000:00:16.4: PCI bridge to [bus 0f-0f]
[    0.445724] pci 0000:00:16.4:   bridge window [mem 0xcb500000-0xcb5fffff]
[    0.445756] pci 0000:00:16.4:   bridge window [mem 0xd9b00000-0xd9bfffff 64bit pref]
[    0.445810] pci 0000:00:16.5: PCI bridge to [bus 10-10]
[    0.445844] pci 0000:00:16.5:   bridge window [mem 0xcb900000-0xcb9fffff]
[    0.445868] pci 0000:00:16.5:   bridge window [mem 0xd9f00000-0xd9ffffff 64bit pref]
[    0.445917] pci 0000:00:16.6: PCI bridge to [bus 11-11]
[    0.445952] pci 0000:00:16.6:   bridge window [mem 0xcbd00000-0xcbdfffff]
[    0.445976] pci 0000:00:16.6:   bridge window [mem 0xda300000-0xda3fffff 64bit pref]
[    0.446026] pci 0000:00:16.7: PCI bridge to [bus 12-12]
[    0.446062] pci 0000:00:16.7:   bridge window [mem 0xcc100000-0xcc1fffff]
[    0.446106] pci 0000:00:16.7:   bridge window [mem 0xda700000-0xda7fffff 64bit pref]
[    0.446159] pci 0000:00:17.0: PCI bridge to [bus 13-13]
[    0.446173] pci 0000:00:17.0:   bridge window [io  0x6000-0x6fff]
[    0.446220] pci 0000:00:17.0:   bridge window [mem 0xca600000-0xca6fffff]
[    0.446248] pci 0000:00:17.0:   bridge window [mem 0xd8c00000-0xd8cfffff 64bit pref]
[    0.446299] pci 0000:00:17.1: PCI bridge to [bus 14-14]
[    0.446313] pci 0000:00:17.1:   bridge window [io  0xa000-0xafff]
[    0.446347] pci 0000:00:17.1:   bridge window [mem 0xcaa00000-0xcaafffff]
[    0.446387] pci 0000:00:17.1:   bridge window [mem 0xd9000000-0xd90fffff 64bit pref]
[    0.446439] pci 0000:00:17.2: PCI bridge to [bus 15-15]
[    0.446454] pci 0000:00:17.2:   bridge window [io  0xe000-0xefff]
[    0.446495] pci 0000:00:17.2:   bridge window [mem 0xcae00000-0xcaefffff]
[    0.446522] pci 0000:00:17.2:   bridge window [mem 0xd9400000-0xd94fffff 64bit pref]
[    0.446573] pci 0000:00:17.3: PCI bridge to [bus 16-16]
[    0.446614] pci 0000:00:17.3:   bridge window [mem 0xcb200000-0xcb2fffff]
[    0.446647] pci 0000:00:17.3:   bridge window [mem 0xd9800000-0xd98fffff 64bit pref]
[    0.446701] pci 0000:00:17.4: PCI bridge to [bus 17-17]
[    0.446735] pci 0000:00:17.4:   bridge window [mem 0xcb600000-0xcb6fffff]
[    0.446758] pci 0000:00:17.4:   bridge window [mem 0xd9c00000-0xd9cfffff 64bit pref]
[    0.446830] pci 0000:00:17.5: PCI bridge to [bus 18-18]
[    0.446864] pci 0000:00:17.5:   bridge window [mem 0xcba00000-0xcbafffff]
[    0.446889] pci 0000:00:17.5:   bridge window [mem 0xda000000-0xda0fffff 64bit pref]
[    0.446945] pci 0000:00:17.6: PCI bridge to [bus 19-19]
[    0.446979] pci 0000:00:17.6:   bridge window [mem 0xcbe00000-0xcbefffff]
[    0.447003] pci 0000:00:17.6:   bridge window [mem 0xda400000-0xda4fffff 64bit pref]
[    0.447053] pci 0000:00:17.7: PCI bridge to [bus 1a-1a]
[    0.447087] pci 0000:00:17.7:   bridge window [mem 0xcc200000-0xcc2fffff]
[    0.447112] pci 0000:00:17.7:   bridge window [mem 0xda800000-0xda8fffff 64bit pref]
[    0.447175] pci 0000:00:18.0: PCI bridge to [bus 1b-1b]
[    0.447189] pci 0000:00:18.0:   bridge window [io  0x7000-0x7fff]
[    0.447224] pci 0000:00:18.0:   bridge window [mem 0xca700000-0xca7fffff]
[    0.447248] pci 0000:00:18.0:   bridge window [mem 0xd8d00000-0xd8dfffff 64bit pref]
[    0.447333] pci 0000:00:18.1: PCI bridge to [bus 1c-1c]
[    0.447351] pci 0000:00:18.1:   bridge window [io  0xb000-0xbfff]
[    0.447384] pci 0000:00:18.1:   bridge window [mem 0xcab00000-0xcabfffff]
[    0.447407] pci 0000:00:18.1:   bridge window [mem 0xd9100000-0xd91fffff 64bit pref]
[    0.447509] pci 0000:00:18.2: PCI bridge to [bus 1d-1d]
[    0.447633] pci 0000:00:18.2:   bridge window [mem 0xcaf00000-0xcaffffff]
[    0.447666] pci 0000:00:18.2:   bridge window [mem 0xd9500000-0xd95fffff 64bit pref]
[    0.447731] pci 0000:00:18.3: PCI bridge to [bus 1e-1e]
[    0.447833] pci 0000:00:18.3:   bridge window [mem 0xcb300000-0xcb3fffff]
[    0.447863] pci 0000:00:18.3:   bridge window [mem 0xd9900000-0xd99fffff 64bit pref]
[    0.447959] pci 0000:00:18.4: PCI bridge to [bus 1f-1f]
[    0.448002] pci 0000:00:18.4:   bridge window [mem 0xcb700000-0xcb7fffff]
[    0.448028] pci 0000:00:18.4:   bridge window [mem 0xd9d00000-0xd9dfffff 64bit pref]
[    0.448089] pci 0000:00:18.5: PCI bridge to [bus 20-20]
[    0.448202] pci 0000:00:18.5:   bridge window [mem 0xcbb00000-0xcbbfffff]
[    0.448234] pci 0000:00:18.5:   bridge window [mem 0xda100000-0xda1fffff 64bit pref]
[    0.448297] pci 0000:00:18.6: PCI bridge to [bus 21-21]
[    0.448342] pci 0000:00:18.6:   bridge window [mem 0xcbf00000-0xcbffffff]
[    0.448373] pci 0000:00:18.6:   bridge window [mem 0xda500000-0xda5fffff 64bit pref]
[    0.448437] pci 0000:00:18.7: PCI bridge to [bus 22-22]
[    0.448482] pci 0000:00:18.7:   bridge window [mem 0xcc300000-0xcc3fffff]
[    0.448512] pci 0000:00:18.7:   bridge window [mem 0xda900000-0xda9fffff 64bit pref]
[    0.448616] pci 0000:00:01.0: setting latency timer to 64
[    0.448702] pci 0000:00:15.0: setting latency timer to 64
[    0.448753] pci 0000:00:15.1: setting latency timer to 64
[    0.448804] pci 0000:00:15.2: setting latency timer to 64
[    0.448855] pci 0000:00:15.3: setting latency timer to 64
[    0.448905] pci 0000:00:15.4: setting latency timer to 64
[    0.448965] pci 0000:00:15.5: setting latency timer to 64
[    0.449015] pci 0000:00:15.6: setting latency timer to 64
[    0.449066] pci 0000:00:15.7: setting latency timer to 64
[    0.449117] pci 0000:00:16.0: setting latency timer to 64
[    0.449167] pci 0000:00:16.1: setting latency timer to 64
[    0.449217] pci 0000:00:16.2: setting latency timer to 64
[    0.449268] pci 0000:00:16.3: setting latency timer to 64
[    0.449318] pci 0000:00:16.4: setting latency timer to 64
[    0.449368] pci 0000:00:16.5: setting latency timer to 64
[    0.449418] pci 0000:00:16.6: setting latency timer to 64
[    0.449468] pci 0000:00:16.7: setting latency timer to 64
[    0.449519] pci 0000:00:17.0: setting latency timer to 64
[    0.449569] pci 0000:00:17.1: setting latency timer to 64
[    0.449620] pci 0000:00:17.2: setting latency timer to 64
[    0.449670] pci 0000:00:17.3: setting latency timer to 64
[    0.449720] pci 0000:00:17.4: setting latency timer to 64
[    0.449770] pci 0000:00:17.5: setting latency timer to 64
[    0.449820] pci 0000:00:17.6: setting latency timer to 64
[    0.449870] pci 0000:00:17.7: setting latency timer to 64
[    0.449924] pci 0000:00:18.0: setting latency timer to 64
[    0.449975] pci 0000:00:18.1: setting latency timer to 64
[    0.450025] pci 0000:00:18.2: setting latency timer to 64
[    0.450076] pci 0000:00:18.3: setting latency timer to 64
[    0.450126] pci 0000:00:18.4: setting latency timer to 64
[    0.450176] pci 0000:00:18.5: setting latency timer to 64
[    0.450226] pci 0000:00:18.6: setting latency timer to 64
[    0.450277] pci 0000:00:18.7: setting latency timer to 64
[    0.450290] pci_bus 0000:00: resource 4 [mem 0x000a0000-0x000bffff]
[    0.450292] pci_bus 0000:00: resource 5 [mem 0x000cc000-0x000cffff]
[    0.450294] pci_bus 0000:00: resource 6 [mem 0x000d0000-0x000d3fff]
[    0.450296] pci_bus 0000:00: resource 7 [mem 0x000d4000-0x000d7fff]
[    0.450298] pci_bus 0000:00: resource 8 [mem 0x000d8000-0x000dbfff]
[    0.450300] pci_bus 0000:00: resource 9 [mem 0xc0000000-0xfebfffff]
[    0.450303] pci_bus 0000:00: resource 10 [io  0x0000-0x0cf7]
[    0.450305] pci_bus 0000:00: resource 11 [io  0x0d00-0xfeff]
[    0.450307] pci_bus 0000:02: resource 0 [io  0x2000-0x3fff]
[    0.450309] pci_bus 0000:02: resource 1 [mem 0xc9000000-0xca3fffff]
[    0.450311] pci_bus 0000:02: resource 2 [mem 0xd8400000-0xd89fffff 64bit pref]
[    0.450314] pci_bus 0000:02: resource 4 [mem 0x000a0000-0x000bffff]
[    0.450316] pci_bus 0000:02: resource 5 [mem 0x000cc000-0x000cffff]
[    0.450318] pci_bus 0000:02: resource 6 [mem 0x000d0000-0x000d3fff]
[    0.450320] pci_bus 0000:02: resource 7 [mem 0x000d4000-0x000d7fff]
[    0.450322] pci_bus 0000:02: resource 8 [mem 0x000d8000-0x000dbfff]
[    0.450324] pci_bus 0000:02: resource 9 [mem 0xc0000000-0xfebfffff]
[    0.450326] pci_bus 0000:02: resource 10 [io  0x0000-0x0cf7]
[    0.450328] pci_bus 0000:02: resource 11 [io  0x0d00-0xfeff]
[    0.450330] pci_bus 0000:03: resource 0 [io  0x4000-0x4fff]
[    0.450332] pci_bus 0000:03: resource 1 [mem 0xca400000-0xca4fffff]
[    0.450334] pci_bus 0000:03: resource 2 [mem 0xd8a00000-0xd8afffff 64bit pref]
[    0.450336] pci_bus 0000:04: resource 0 [io  0x8000-0x8fff]
[    0.450338] pci_bus 0000:04: resource 1 [mem 0xca800000-0xca8fffff]
[    0.450341] pci_bus 0000:04: resource 2 [mem 0xd8e00000-0xd8efffff 64bit pref]
[    0.450343] pci_bus 0000:05: resource 0 [io  0xc000-0xcfff]
[    0.450345] pci_bus 0000:05: resource 1 [mem 0xcac00000-0xcacfffff]
[    0.450347] pci_bus 0000:05: resource 2 [mem 0xd9200000-0xd92fffff 64bit pref]
[    0.450349] pci_bus 0000:06: resource 1 [mem 0xcb000000-0xcb0fffff]
[    0.450351] pci_bus 0000:06: resource 2 [mem 0xd9600000-0xd96fffff 64bit pref]
[    0.450353] pci_bus 0000:07: resource 1 [mem 0xcb400000-0xcb4fffff]
[    0.450356] pci_bus 0000:07: resource 2 [mem 0xd9a00000-0xd9afffff 64bit pref]
[    0.450358] pci_bus 0000:08: resource 1 [mem 0xcb800000-0xcb8fffff]
[    0.450360] pci_bus 0000:08: resource 2 [mem 0xd9e00000-0xd9efffff 64bit pref]
[    0.450362] pci_bus 0000:09: resource 1 [mem 0xcbc00000-0xcbcfffff]
[    0.450364] pci_bus 0000:09: resource 2 [mem 0xda200000-0xda2fffff 64bit pref]
[    0.450367] pci_bus 0000:0a: resource 1 [mem 0xcc000000-0xcc0fffff]
[    0.450369] pci_bus 0000:0a: resource 2 [mem 0xda600000-0xda6fffff 64bit pref]
[    0.450371] pci_bus 0000:0b: resource 0 [io  0x5000-0x5fff]
[    0.450373] pci_bus 0000:0b: resource 1 [mem 0xca500000-0xca5fffff]
[    0.450375] pci_bus 0000:0b: resource 2 [mem 0xd8b00000-0xd8bfffff 64bit pref]
[    0.450377] pci_bus 0000:0c: resource 0 [io  0x9000-0x9fff]
[    0.450379] pci_bus 0000:0c: resource 1 [mem 0xca900000-0xca9fffff]
[    0.450381] pci_bus 0000:0c: resource 2 [mem 0xd8f00000-0xd8ffffff 64bit pref]
[    0.450384] pci_bus 0000:0d: resource 0 [io  0xd000-0xdfff]
[    0.450386] pci_bus 0000:0d: resource 1 [mem 0xcad00000-0xcadfffff]
[    0.450388] pci_bus 0000:0d: resource 2 [mem 0xd9300000-0xd93fffff 64bit pref]
[    0.450390] pci_bus 0000:0e: resource 1 [mem 0xcb100000-0xcb1fffff]
[    0.450392] pci_bus 0000:0e: resource 2 [mem 0xd9700000-0xd97fffff 64bit pref]
[    0.450394] pci_bus 0000:0f: resource 1 [mem 0xcb500000-0xcb5fffff]
[    0.450397] pci_bus 0000:0f: resource 2 [mem 0xd9b00000-0xd9bfffff 64bit pref]
[    0.450399] pci_bus 0000:10: resource 1 [mem 0xcb900000-0xcb9fffff]
[    0.450401] pci_bus 0000:10: resource 2 [mem 0xd9f00000-0xd9ffffff 64bit pref]
[    0.450403] pci_bus 0000:11: resource 1 [mem 0xcbd00000-0xcbdfffff]
[    0.450405] pci_bus 0000:11: resource 2 [mem 0xda300000-0xda3fffff 64bit pref]
[    0.450408] pci_bus 0000:12: resource 1 [mem 0xcc100000-0xcc1fffff]
[    0.450410] pci_bus 0000:12: resource 2 [mem 0xda700000-0xda7fffff 64bit pref]
[    0.450412] pci_bus 0000:13: resource 0 [io  0x6000-0x6fff]
[    0.450414] pci_bus 0000:13: resource 1 [mem 0xca600000-0xca6fffff]
[    0.450416] pci_bus 0000:13: resource 2 [mem 0xd8c00000-0xd8cfffff 64bit pref]
[    0.450418] pci_bus 0000:14: resource 0 [io  0xa000-0xafff]
[    0.450420] pci_bus 0000:14: resource 1 [mem 0xcaa00000-0xcaafffff]
[    0.450422] pci_bus 0000:14: resource 2 [mem 0xd9000000-0xd90fffff 64bit pref]
[    0.450425] pci_bus 0000:15: resource 0 [io  0xe000-0xefff]
[    0.450427] pci_bus 0000:15: resource 1 [mem 0xcae00000-0xcaefffff]
[    0.450429] pci_bus 0000:15: resource 2 [mem 0xd9400000-0xd94fffff 64bit pref]
[    0.450431] pci_bus 0000:16: resource 1 [mem 0xcb200000-0xcb2fffff]
[    0.450433] pci_bus 0000:16: resource 2 [mem 0xd9800000-0xd98fffff 64bit pref]
[    0.450435] pci_bus 0000:17: resource 1 [mem 0xcb600000-0xcb6fffff]
[    0.450438] pci_bus 0000:17: resource 2 [mem 0xd9c00000-0xd9cfffff 64bit pref]
[    0.450440] pci_bus 0000:18: resource 1 [mem 0xcba00000-0xcbafffff]
[    0.450442] pci_bus 0000:18: resource 2 [mem 0xda000000-0xda0fffff 64bit pref]
[    0.450444] pci_bus 0000:19: resource 1 [mem 0xcbe00000-0xcbefffff]
[    0.450446] pci_bus 0000:19: resource 2 [mem 0xda400000-0xda4fffff 64bit pref]
[    0.450448] pci_bus 0000:1a: resource 1 [mem 0xcc200000-0xcc2fffff]
[    0.450451] pci_bus 0000:1a: resource 2 [mem 0xda800000-0xda8fffff 64bit pref]
[    0.450453] pci_bus 0000:1b: resource 0 [io  0x7000-0x7fff]
[    0.450455] pci_bus 0000:1b: resource 1 [mem 0xca700000-0xca7fffff]
[    0.450457] pci_bus 0000:1b: resource 2 [mem 0xd8d00000-0xd8dfffff 64bit pref]
[    0.450459] pci_bus 0000:1c: resource 0 [io  0xb000-0xbfff]
[    0.450461] pci_bus 0000:1c: resource 1 [mem 0xcab00000-0xcabfffff]
[    0.450463] pci_bus 0000:1c: resource 2 [mem 0xd9100000-0xd91fffff 64bit pref]
[    0.450465] pci_bus 0000:1d: resource 1 [mem 0xcaf00000-0xcaffffff]
[    0.450468] pci_bus 0000:1d: resource 2 [mem 0xd9500000-0xd95fffff 64bit pref]
[    0.450470] pci_bus 0000:1e: resource 1 [mem 0xcb300000-0xcb3fffff]
[    0.450472] pci_bus 0000:1e: resource 2 [mem 0xd9900000-0xd99fffff 64bit pref]
[    0.450474] pci_bus 0000:1f: resource 1 [mem 0xcb700000-0xcb7fffff]
[    0.450477] pci_bus 0000:1f: resource 2 [mem 0xd9d00000-0xd9dfffff 64bit pref]
[    0.450479] pci_bus 0000:20: resource 1 [mem 0xcbb00000-0xcbbfffff]
[    0.450481] pci_bus 0000:20: resource 2 [mem 0xda100000-0xda1fffff 64bit pref]
[    0.450483] pci_bus 0000:21: resource 1 [mem 0xcbf00000-0xcbffffff]
[    0.450485] pci_bus 0000:21: resource 2 [mem 0xda500000-0xda5fffff 64bit pref]
[    0.450487] pci_bus 0000:22: resource 1 [mem 0xcc300000-0xcc3fffff]
[    0.450490] pci_bus 0000:22: resource 2 [mem 0xda900000-0xda9fffff 64bit pref]
[    0.450527] NET: Registered protocol family 2
[    0.450567] IP route cache hash table entries: 32768 (order: 5, 131072 bytes)
[    0.450720] TCP established hash table entries: 131072 (order: 8, 1048576 bytes)
[    0.450953] TCP bind hash table entries: 65536 (order: 7, 524288 bytes)
[    0.451186] TCP: Hash tables configured (established 131072 bind 65536)
[    0.451188] TCP reno registered
[    0.451191] UDP hash table entries: 512 (order: 2, 16384 bytes)
[    0.451198] UDP-Lite hash table entries: 512 (order: 2, 16384 bytes)
[    0.451242] NET: Registered protocol family 1
[    0.451255] pci 0000:00:00.0: Limiting direct PCI/PCI transfers
[    0.451347] pci 0000:00:0f.0: Boot video device
[    0.451860] ACPI: PCI Interrupt Link [LNKC] enabled at IRQ 10
[    0.451863] PCI: setting IRQ 10 as level-triggered
[    0.451870] pci 0000:02:00.0: PCI INT A -> Link[LNKC] -> GSI 10 (level, low) -> IRQ 10
[    0.451979] pci 0000:02:00.0: PCI INT A disabled
[    0.452108] ACPI: PCI Interrupt Link [LNKB] enabled at IRQ 11
[    0.452110] PCI: setting IRQ 11 as level-triggered
[    0.452114] pci 0000:02:03.0: PCI INT A -> Link[LNKB] -> GSI 11 (level, low) -> IRQ 11
[    0.452174] pci 0000:02:03.0: PCI INT A disabled
[    0.452188] PCI: CLS 32 bytes, default 64
[    0.452230] Simple Boot Flag at 0x36 set to 0x1
[    0.452235] Switching to clocksource tsc
[    0.452478] audit: initializing netlink socket (disabled)
[    0.452485] type=2000 audit(1369642437.429:1): initialized
[    0.463720] Trying to unpack rootfs image as initramfs...
[    0.479913] highmem bounce pool size: 64 pages
[    0.479920] HugeTLB registered 2 MB page size, pre-allocated 0 pages
[    0.488741] VFS: Disk quotas dquot_6.5.2
[    0.488787] Dquot-cache hash table entries: 1024 (order 0, 4096 bytes)
[    0.489148] fuse init (API version 7.17)
[    0.489208] msgmni has been set to 1710
[    0.502977] Block layer SCSI generic (bsg) driver version 0.4 loaded (major 253)
[    0.503004] io scheduler noop registered
[    0.503006] io scheduler deadline registered
[    0.503012] io scheduler cfq registered (default)
[    0.503224] pcieport 0000:00:15.0: setting latency timer to 64
[    0.503692] pcieport 0000:00:15.0: irq 40 for MSI/MSI-X
[    0.504174] pcieport 0000:00:15.1: setting latency timer to 64
[    0.504629] pcieport 0000:00:15.1: irq 41 for MSI/MSI-X
[    0.505110] pcieport 0000:00:15.2: setting latency timer to 64
[    0.505563] pcieport 0000:00:15.2: irq 42 for MSI/MSI-X
[    0.506042] pcieport 0000:00:15.3: setting latency timer to 64
[    0.506495] pcieport 0000:00:15.3: irq 43 for MSI/MSI-X
[    0.507002] pcieport 0000:00:15.4: setting latency timer to 64
[    0.507454] pcieport 0000:00:15.4: irq 44 for MSI/MSI-X
[    0.507978] pcieport 0000:00:15.5: setting latency timer to 64
[    0.508431] pcieport 0000:00:15.5: irq 45 for MSI/MSI-X
[    0.508907] pcieport 0000:00:15.6: setting latency timer to 64
[    0.509359] pcieport 0000:00:15.6: irq 46 for MSI/MSI-X
[    0.509836] pcieport 0000:00:15.7: setting latency timer to 64
[    0.510287] pcieport 0000:00:15.7: irq 47 for MSI/MSI-X
[    0.510791] pcieport 0000:00:16.0: setting latency timer to 64
[    0.518947] pcieport 0000:00:16.0: irq 48 for MSI/MSI-X
[    0.519432] pcieport 0000:00:16.1: setting latency timer to 64
[    0.519897] pcieport 0000:00:16.1: irq 49 for MSI/MSI-X
[    0.520374] pcieport 0000:00:16.2: setting latency timer to 64
[    0.520838] pcieport 0000:00:16.2: irq 50 for MSI/MSI-X
[    0.521314] pcieport 0000:00:16.3: setting latency timer to 64
[    0.521772] pcieport 0000:00:16.3: irq 51 for MSI/MSI-X
[    0.522246] pcieport 0000:00:16.4: setting latency timer to 64
[    0.522730] pcieport 0000:00:16.4: irq 52 for MSI/MSI-X
[    0.523219] pcieport 0000:00:16.5: setting latency timer to 64
[    0.523671] pcieport 0000:00:16.5: irq 53 for MSI/MSI-X
[    0.524142] pcieport 0000:00:16.6: setting latency timer to 64
[    0.524601] pcieport 0000:00:16.6: irq 54 for MSI/MSI-X
[    0.525078] pcieport 0000:00:16.7: setting latency timer to 64
[    0.525559] pcieport 0000:00:16.7: irq 55 for MSI/MSI-X
[    0.526041] pcieport 0000:00:17.0: setting latency timer to 64
[    0.526495] pcieport 0000:00:17.0: irq 56 for MSI/MSI-X
[    0.534916] pcieport 0000:00:17.1: setting latency timer to 64
[    0.535374] pcieport 0000:00:17.1: irq 57 for MSI/MSI-X
[    0.535867] pcieport 0000:00:17.2: setting latency timer to 64
[    0.536330] pcieport 0000:00:17.2: irq 58 for MSI/MSI-X
[    0.536893] pcieport 0000:00:17.3: setting latency timer to 64
[    0.537456] pcieport 0000:00:17.3: irq 59 for MSI/MSI-X
[    0.538155] pcieport 0000:00:17.4: setting latency timer to 64
[    0.542848] pcieport 0000:00:17.4: irq 60 for MSI/MSI-X
[    0.543374] pcieport 0000:00:17.5: setting latency timer to 64
[    0.543855] pcieport 0000:00:17.5: irq 61 for MSI/MSI-X
[    0.544338] pcieport 0000:00:17.6: setting latency timer to 64
[    0.544806] pcieport 0000:00:17.6: irq 62 for MSI/MSI-X
[    0.545282] pcieport 0000:00:17.7: setting latency timer to 64
[    0.545738] pcieport 0000:00:17.7: irq 63 for MSI/MSI-X
[    0.546215] pcieport 0000:00:18.0: setting latency timer to 64
[    0.546732] pcieport 0000:00:18.0: irq 64 for MSI/MSI-X
[    0.547239] pcieport 0000:00:18.1: setting latency timer to 64
[    0.547803] pcieport 0000:00:18.1: irq 65 for MSI/MSI-X
[    0.548438] pcieport 0000:00:18.2: setting latency timer to 64
[    0.549035] pcieport 0000:00:18.2: irq 66 for MSI/MSI-X
[    0.549680] pcieport 0000:00:18.3: setting latency timer to 64
[    0.550257] pcieport 0000:00:18.3: irq 67 for MSI/MSI-X
[    0.558908] pcieport 0000:00:18.4: setting latency timer to 64
[    0.559490] pcieport 0000:00:18.4: irq 68 for MSI/MSI-X
[    0.560138] pcieport 0000:00:18.5: setting latency timer to 64
[    0.560743] pcieport 0000:00:18.5: irq 69 for MSI/MSI-X
[    0.561349] pcieport 0000:00:18.6: setting latency timer to 64
[    0.561954] pcieport 0000:00:18.6: irq 70 for MSI/MSI-X
[    0.562553] pcieport 0000:00:18.7: setting latency timer to 64
[    0.566731] pcieport 0000:00:18.7: irq 71 for MSI/MSI-X
[    0.567400] pcieport 0000:00:15.0: Signaling PME through PCIe PME interrupt
[    0.567430] pcie_pme 0000:00:15.0:pcie01: service driver pcie_pme loaded
[    0.567569] pcieport 0000:00:15.1: Signaling PME through PCIe PME interrupt
[    0.567598] pcie_pme 0000:00:15.1:pcie01: service driver pcie_pme loaded
[    0.567733] pcieport 0000:00:15.2: Signaling PME through PCIe PME interrupt
[    0.567770] pcie_pme 0000:00:15.2:pcie01: service driver pcie_pme loaded
[    0.567939] pcieport 0000:00:15.3: Signaling PME through PCIe PME interrupt
[    0.567977] pcie_pme 0000:00:15.3:pcie01: service driver pcie_pme loaded
[    0.568113] pcieport 0000:00:15.4: Signaling PME through PCIe PME interrupt
[    0.568141] pcie_pme 0000:00:15.4:pcie01: service driver pcie_pme loaded
[    0.568275] pcieport 0000:00:15.5: Signaling PME through PCIe PME interrupt
[    0.568304] pcie_pme 0000:00:15.5:pcie01: service driver pcie_pme loaded
[    0.568439] pcieport 0000:00:15.6: Signaling PME through PCIe PME interrupt
[    0.568468] pcie_pme 0000:00:15.6:pcie01: service driver pcie_pme loaded
[    0.568602] pcieport 0000:00:15.7: Signaling PME through PCIe PME interrupt
[    0.568631] pcie_pme 0000:00:15.7:pcie01: service driver pcie_pme loaded
[    0.568794] pcieport 0000:00:16.0: Signaling PME through PCIe PME interrupt
[    0.568825] pcie_pme 0000:00:16.0:pcie01: service driver pcie_pme loaded
[    0.568969] pcieport 0000:00:16.1: Signaling PME through PCIe PME interrupt
[    0.569000] pcie_pme 0000:00:16.1:pcie01: service driver pcie_pme loaded
[    0.569146] pcieport 0000:00:16.2: Signaling PME through PCIe PME interrupt
[    0.569177] pcie_pme 0000:00:16.2:pcie01: service driver pcie_pme loaded
[    0.569323] pcieport 0000:00:16.3: Signaling PME through PCIe PME interrupt
[    0.569354] pcie_pme 0000:00:16.3:pcie01: service driver pcie_pme loaded
[    0.569500] pcieport 0000:00:16.4: Signaling PME through PCIe PME interrupt
[    0.569538] pcie_pme 0000:00:16.4:pcie01: service driver pcie_pme loaded
[    0.569671] pcieport 0000:00:16.5: Signaling PME through PCIe PME interrupt
[    0.569700] pcie_pme 0000:00:16.5:pcie01: service driver pcie_pme loaded
[    0.569835] pcieport 0000:00:16.6: Signaling PME through PCIe PME interrupt
[    0.569860] pcie_pme 0000:00:16.6:pcie01: service driver pcie_pme loaded
[    0.570001] pcieport 0000:00:16.7: Signaling PME through PCIe PME interrupt
[    0.570027] pcie_pme 0000:00:16.7:pcie01: service driver pcie_pme loaded
[    0.570140] pcieport 0000:00:17.0: Signaling PME through PCIe PME interrupt
[    0.570163] pcie_pme 0000:00:17.0:pcie01: service driver pcie_pme loaded
[    0.570276] pcieport 0000:00:17.1: Signaling PME through PCIe PME interrupt
[    0.570299] pcie_pme 0000:00:17.1:pcie01: service driver pcie_pme loaded
[    0.570406] pcieport 0000:00:17.2: Signaling PME through PCIe PME interrupt
[    0.570428] pcie_pme 0000:00:17.2:pcie01: service driver pcie_pme loaded
[    0.570536] pcieport 0000:00:17.3: Signaling PME through PCIe PME interrupt
[    0.570558] pcie_pme 0000:00:17.3:pcie01: service driver pcie_pme loaded
[    0.574678] pcieport 0000:00:17.4: Signaling PME through PCIe PME interrupt
[    0.574710] pcie_pme 0000:00:17.4:pcie01: service driver pcie_pme loaded
[    0.574830] pcieport 0000:00:17.5: Signaling PME through PCIe PME interrupt
[    0.574854] pcie_pme 0000:00:17.5:pcie01: service driver pcie_pme loaded
[    0.574970] pcieport 0000:00:17.6: Signaling PME through PCIe PME interrupt
[    0.574993] pcie_pme 0000:00:17.6:pcie01: service driver pcie_pme loaded
[    0.575101] pcieport 0000:00:17.7: Signaling PME through PCIe PME interrupt
[    0.575124] pcie_pme 0000:00:17.7:pcie01: service driver pcie_pme loaded
[    0.575231] pcieport 0000:00:18.0: Signaling PME through PCIe PME interrupt
[    0.575254] pcie_pme 0000:00:18.0:pcie01: service driver pcie_pme loaded
[    0.575361] pcieport 0000:00:18.1: Signaling PME through PCIe PME interrupt
[    0.575383] pcie_pme 0000:00:18.1:pcie01: service driver pcie_pme loaded
[    0.575490] pcieport 0000:00:18.2: Signaling PME through PCIe PME interrupt
[    0.575513] pcie_pme 0000:00:18.2:pcie01: service driver pcie_pme loaded
[    0.575628] pcieport 0000:00:18.3: Signaling PME through PCIe PME interrupt
[    0.575651] pcie_pme 0000:00:18.3:pcie01: service driver pcie_pme loaded
[    0.575759] pcieport 0000:00:18.4: Signaling PME through PCIe PME interrupt
[    0.575781] pcie_pme 0000:00:18.4:pcie01: service driver pcie_pme loaded
[    0.575889] pcieport 0000:00:18.5: Signaling PME through PCIe PME interrupt
[    0.575912] pcie_pme 0000:00:18.5:pcie01: service driver pcie_pme loaded
[    0.576018] pcieport 0000:00:18.6: Signaling PME through PCIe PME interrupt
[    0.576041] pcie_pme 0000:00:18.6:pcie01: service driver pcie_pme loaded
[    0.576147] pcieport 0000:00:18.7: Signaling PME through PCIe PME interrupt
[    0.576170] pcie_pme 0000:00:18.7:pcie01: service driver pcie_pme loaded
[    0.576194] pci_hotplug: PCI Hot Plug PCI Core version: 0.5
[    0.576710] pciehp 0000:00:15.0:pcie04: HPC vendor_id 15ad device_id 7a0 ss_vid 15ad ss_did 7a0
[    0.576779] pciehp 0000:00:15.0:pcie04: service driver pciehp loaded
[    0.576851] pciehp 0000:00:15.1:pcie04: HPC vendor_id 15ad device_id 7a0 ss_vid 15ad ss_did 7a0
[    0.576920] pciehp 0000:00:15.1:pcie04: service driver pciehp loaded
[    0.576988] pciehp 0000:00:15.2:pcie04: HPC vendor_id 15ad device_id 7a0 ss_vid 15ad ss_did 7a0
[    0.577048] pciehp 0000:00:15.2:pcie04: service driver pciehp loaded
[    0.577116] pciehp 0000:00:15.3:pcie04: HPC vendor_id 15ad device_id 7a0 ss_vid 15ad ss_did 7a0
[    0.577176] pciehp 0000:00:15.3:pcie04: service driver pciehp loaded
[    0.577239] pciehp 0000:00:15.4:pcie04: HPC vendor_id 15ad device_id 7a0 ss_vid 15ad ss_did 7a0
[    0.577298] pciehp 0000:00:15.4:pcie04: service driver pciehp loaded
[    0.577361] pciehp 0000:00:15.5:pcie04: HPC vendor_id 15ad device_id 7a0 ss_vid 15ad ss_did 7a0
[    0.577423] pciehp 0000:00:15.5:pcie04: service driver pciehp loaded
[    0.577486] pciehp 0000:00:15.6:pcie04: HPC vendor_id 15ad device_id 7a0 ss_vid 15ad ss_did 7a0
[    0.577545] pciehp 0000:00:15.6:pcie04: service driver pciehp loaded
[    0.577609] pciehp 0000:00:15.7:pcie04: HPC vendor_id 15ad device_id 7a0 ss_vid 15ad ss_did 7a0
[    0.577667] pciehp 0000:00:15.7:pcie04: service driver pciehp loaded
[    0.577730] pciehp 0000:00:16.0:pcie04: HPC vendor_id 15ad device_id 7a0 ss_vid 15ad ss_did 7a0
[    0.577789] pciehp 0000:00:16.0:pcie04: service driver pciehp loaded
[    0.577852] pciehp 0000:00:16.1:pcie04: HPC vendor_id 15ad device_id 7a0 ss_vid 15ad ss_did 7a0
[    0.577910] pciehp 0000:00:16.1:pcie04: service driver pciehp loaded
[    0.577973] pciehp 0000:00:16.2:pcie04: HPC vendor_id 15ad device_id 7a0 ss_vid 15ad ss_did 7a0
[    0.578032] pciehp 0000:00:16.2:pcie04: service driver pciehp loaded
[    0.578098] pciehp 0000:00:16.3:pcie04: HPC vendor_id 15ad device_id 7a0 ss_vid 15ad ss_did 7a0
[    0.578156] pciehp 0000:00:16.3:pcie04: service driver pciehp loaded
[    0.578219] pciehp 0000:00:16.4:pcie04: HPC vendor_id 15ad device_id 7a0 ss_vid 15ad ss_did 7a0
[    0.578278] pciehp 0000:00:16.4:pcie04: service driver pciehp loaded
[    0.578341] pciehp 0000:00:16.5:pcie04: HPC vendor_id 15ad device_id 7a0 ss_vid 15ad ss_did 7a0
[    0.578399] pciehp 0000:00:16.5:pcie04: service driver pciehp loaded
[    0.578462] pciehp 0000:00:16.6:pcie04: HPC vendor_id 15ad device_id 7a0 ss_vid 15ad ss_did 7a0
[    0.578521] pciehp 0000:00:16.6:pcie04: service driver pciehp loaded
[    0.578529] pciehp 0000:00:16.7:pcie04: HPC vendor_id 15ad device_id 7a0 ss_vid 15ad ss_did 7a0
[    0.578661] pciehp 0000:00:16.7:pcie04: service driver pciehp loaded
[    0.582796] pciehp 0000:00:17.0:pcie04: HPC vendor_id 15ad device_id 7a0 ss_vid 15ad ss_did 7a0
[    0.582868] pciehp 0000:00:17.0:pcie04: service driver pciehp loaded
[    0.582933] pciehp 0000:00:17.1:pcie04: HPC vendor_id 15ad device_id 7a0 ss_vid 15ad ss_did 7a0
[    0.582994] pciehp 0000:00:17.1:pcie04: service driver pciehp loaded
[    0.583060] pciehp 0000:00:17.2:pcie04: HPC vendor_id 15ad device_id 7a0 ss_vid 15ad ss_did 7a0
[    0.583123] pciehp 0000:00:17.2:pcie04: service driver pciehp loaded
[    0.583187] pciehp 0000:00:17.3:pcie04: HPC vendor_id 15ad device_id 7a0 ss_vid 15ad ss_did 7a0
[    0.583249] pciehp 0000:00:17.3:pcie04: service driver pciehp loaded
[    0.583313] pciehp 0000:00:17.4:pcie04: HPC vendor_id 15ad device_id 7a0 ss_vid 15ad ss_did 7a0
[    0.583372] pciehp 0000:00:17.4:pcie04: service driver pciehp loaded
[    0.583436] pciehp 0000:00:17.5:pcie04: HPC vendor_id 15ad device_id 7a0 ss_vid 15ad ss_did 7a0
[    0.583495] pciehp 0000:00:17.5:pcie04: service driver pciehp loaded
[    0.583563] pciehp 0000:00:17.6:pcie04: HPC vendor_id 15ad device_id 7a0 ss_vid 15ad ss_did 7a0
[    0.583626] pciehp 0000:00:17.6:pcie04: service driver pciehp loaded
[    0.583690] pciehp 0000:00:17.7:pcie04: HPC vendor_id 15ad device_id 7a0 ss_vid 15ad ss_did 7a0
[    0.583749] pciehp 0000:00:17.7:pcie04: service driver pciehp loaded
[    0.583813] pciehp 0000:00:18.0:pcie04: HPC vendor_id 15ad device_id 7a0 ss_vid 15ad ss_did 7a0
[    0.583872] pciehp 0000:00:18.0:pcie04: service driver pciehp loaded
[    0.583935] pciehp 0000:00:18.1:pcie04: HPC vendor_id 15ad device_id 7a0 ss_vid 15ad ss_did 7a0
[    0.583994] pciehp 0000:00:18.1:pcie04: service driver pciehp loaded
[    0.584058] pciehp 0000:00:18.2:pcie04: HPC vendor_id 15ad device_id 7a0 ss_vid 15ad ss_did 7a0
[    0.584116] pciehp 0000:00:18.2:pcie04: service driver pciehp loaded
[    0.584180] pciehp 0000:00:18.3:pcie04: HPC vendor_id 15ad device_id 7a0 ss_vid 15ad ss_did 7a0
[    0.584239] pciehp 0000:00:18.3:pcie04: service driver pciehp loaded
[    0.584306] pciehp 0000:00:18.4:pcie04: HPC vendor_id 15ad device_id 7a0 ss_vid 15ad ss_did 7a0
[    0.584364] pciehp 0000:00:18.4:pcie04: service driver pciehp loaded
[    0.584428] pciehp 0000:00:18.5:pcie04: HPC vendor_id 15ad device_id 7a0 ss_vid 15ad ss_did 7a0
[    0.584486] pciehp 0000:00:18.5:pcie04: service driver pciehp loaded
[    0.584569] pciehp 0000:00:18.6:pcie04: HPC vendor_id 15ad device_id 7a0 ss_vid 15ad ss_did 7a0
[    0.584629] pciehp 0000:00:18.6:pcie04: service driver pciehp loaded
[    0.584692] pciehp 0000:00:18.7:pcie04: HPC vendor_id 15ad device_id 7a0 ss_vid 15ad ss_did 7a0
[    0.584751] pciehp 0000:00:18.7:pcie04: service driver pciehp loaded
[    0.584758] pciehp: PCI Express Hot Plug Controller Driver version: 0.4
[    0.584929] ACPI: Deprecated procfs I/F for AC is loaded, please retry with CONFIG_ACPI_PROCFS_POWER cleared
[    0.585020] ACPI: AC Adapter [ACAD] (on-line)
[    0.585091] input: Power Button as /devices/LNXSYSTM:00/LNXPWRBN:00/input/input0
[    0.585095] ACPI: Power Button [PWRF]
[    0.623424] ERST: Table is not found!
[    0.623428] GHES: HEST is not enabled!
[    0.623546] Serial: 8250/16550 driver, 32 ports, IRQ sharing enabled
[    0.647445] serial8250: ttyS0 at I/O 0x3f8 (irq = 4) is a 16550A
[    0.650624] isapnp: Scanning for PnP cards...
[    0.743781] serial8250: ttyS1 at I/O 0x2f8 (irq = 3) is a 16550A
[    0.791176] 00:0a: ttyS0 at I/O 0x3f8 (irq = 4) is a 16550A
[    0.879481] 00:0b: ttyS1 at I/O 0x2f8 (irq = 3) is a 16550A
[    0.946120] Linux agpgart interface v0.103
[    0.946169] agpgart-intel 0000:00:00.0: Intel 440BX Chipset
[    0.946251] agpgart-intel 0000:00:00.0: AGP aperture is 256M @ 0x0
[    0.946964] brd: module loaded
[    0.947418] loop: module loaded
[    0.947468] ata_piix 0000:00:07.1: version 2.13
[    0.947544] scsi0 : ata_piix
[    0.950132] scsi1 : ata_piix
[    0.950175] ata1: PATA max UDMA/33 cmd 0x1f0 ctl 0x3f6 bmdma 0x10c0 irq 14
[    0.950178] ata2: PATA max UDMA/33 cmd 0x170 ctl 0x376 bmdma 0x10c8 irq 15
[    0.950230] Fixed MDIO Bus: probed
[    0.950243] tun: Universal TUN/TAP device driver, 1.6
[    0.950245] tun: (C) 1999-2004 Max Krasnyansky <maxk@qualcomm.com>
[    0.950302] PPP generic driver version 2.4.2
[    0.950363] ehci_hcd: USB 2.0 'Enhanced' Host Controller (EHCI) Driver
[    0.950395] ehci_hcd 0000:02:03.0: PCI INT A -> Link[LNKB] -> GSI 11 (level, low) -> IRQ 11
[    0.950443] ehci_hcd 0000:02:03.0: EHCI Host Controller
[    0.950479] ehci_hcd 0000:02:03.0: new USB bus registered, assigned bus number 1
[    0.950528] ehci_hcd 0000:02:03.0: cache line size of 32 is not supported
[    0.950536] ehci_hcd 0000:02:03.0: irq 11, io mem 0xc9000000
[    0.962075] ehci_hcd 0000:02:03.0: USB 2.0 started, EHCI 1.00
[    0.962191] hub 1-0:1.0: USB hub found
[    0.962195] hub 1-0:1.0: 6 ports detected
[    0.962244] ohci_hcd: USB 1.1 'Open' Host Controller (OHCI) Driver
[    0.962259] uhci_hcd: USB Universal Host Controller Interface driver
[    0.962299] uhci_hcd 0000:02:00.0: PCI INT A -> Link[LNKC] -> GSI 10 (level, low) -> IRQ 10
[    0.962337] uhci_hcd 0000:02:00.0: UHCI Host Controller
[    0.962379] uhci_hcd 0000:02:00.0: new USB bus registered, assigned bus number 2
[    0.962482] uhci_hcd 0000:02:00.0: irq 10, io base 0x000020c0
[    0.962595] hub 2-0:1.0: USB hub found
[    0.962598] hub 2-0:1.0: 2 ports detected
[    0.962647] usbcore: registered new interface driver libusual
[    0.962686] i8042: PNP: PS/2 Controller [PNP0303:KBC,PNP0f13:MOUS] at 0x60,0x64 irq 1,12
[    0.963009] serio: i8042 KBD port at 0x60,0x64 irq 1
[    0.963017] serio: i8042 AUX port at 0x60,0x64 irq 12
[    0.963103] mousedev: PS/2 mouse device common for all mice
[    0.963369] rtc_cmos 00:04: rtc core: registered rtc_cmos as rtc0
[    0.963387] rtc0: alarms up to one month, y3k, 114 bytes nvram, hpet irqs
[    0.963431] device-mapper: uevent: version 1.0.3
[    0.963477] device-mapper: ioctl: 4.22.0-ioctl (2011-10-19) initialised: dm-devel@redhat.com
[    0.963501] EISA: Probing bus 0 at eisa.0
[    0.963503] EISA: Cannot allocate resource for mainboard
[    0.963505] Cannot allocate resource for EISA slot 1
[    0.963506] Cannot allocate resource for EISA slot 2
[    0.963508] Cannot allocate resource for EISA slot 3
[    0.963509] Cannot allocate resource for EISA slot 4
[    0.963511] Cannot allocate resource for EISA slot 5
[    0.963513] Cannot allocate resource for EISA slot 6
[    0.963514] Cannot allocate resource for EISA slot 7
[    0.963516] Cannot allocate resource for EISA slot 8
[    0.963517] EISA: Detected 0 cards.
[    0.963524] cpufreq-nforce2: No nForce2 chipset.
[    0.963527] cpuidle: using governor ladder
[    0.963528] cpuidle: using governor menu
[    0.963530] EFI Variables Facility v0.08 2004-May-17
[    0.963634] TCP cubic registered
[    0.963683] NET: Registered protocol family 10
[    0.963732] NET: Registered protocol family 17
[    0.963736] Registering the dns_resolver key type
[    0.963749] Using IPI No-Shortcut mode
[    0.963810] PM: Hibernation image not present or could not be loaded.
[    0.963817] registered taskstats version 1
[    0.964337] input: AT Translated Set 2 keyboard as /devices/platform/i8042/serio0/input/input1
[    0.970132] Freeing initrd memory: 13836k freed
[    1.022115]   Magic number: 13:38:221
[    1.042081] rtc_cmos 00:04: setting system clock to 2013-05-27 08:13:58 UTC (1369642438)
[    1.042110] BIOS EDD facility v0.16 2004-Jun-25, 0 devices found
[    1.042113] EDD information not available.
[    1.207921] ata2.00: ATAPI: VMware Virtual IDE CDROM Drive, 00000001, max UDMA/33
[    1.208204] ata2.00: configured for UDMA/33
[    1.251934] isapnp: No Plug & Play device found
[    1.252154] scsi 1:0:0:0: CD-ROM            NECVMWar VMware IDE CDR10 1.00 PQ: 0 ANSI: 5
[    1.252768] sr0: scsi3-mmc drive: 306x/306x cd/rw xa/form2 cdda tray
[    1.252771] cdrom: Uniform CD-ROM driver Revision: 3.20
[    1.252863] sr 1:0:0:0: Attached scsi CD-ROM sr0
[    1.252986] sr 1:0:0:0: Attached scsi generic sg0 type 5
[    1.253046] Freeing unused kernel memory: 740k freed
[    1.253095] Write protecting the kernel text: 5816k
[    1.253105] Write protecting the kernel read-only data: 2376k
[    1.253107] NX-protecting the kernel data: 4424k
[    1.263907] udevd[85]: starting version 175
[    1.278008] VMware vmxnet3 virtual NIC driver - version 1.1.29.0-k-NAPI
[    1.282020] VMware PVSCSI driver - version 1.0.1.0-k
[    1.286904] VMware vmxnet virtual NIC driver
[    1.286953] ACPI: PCI Interrupt Link [LNKD] enabled at IRQ 5
[    1.286956] PCI: setting IRQ 5 as level-triggered
[    1.286962] vmxnet 0000:02:01.0: PCI INT A -> Link[LNKD] -> GSI 5 (level, low) -> IRQ 5
[    1.287011] Found vmxnet/PCI at 0x2024, irq 5.
[    1.287060] features:
[    1.287072] numRxBuffers = 100, numRxBuffers2 = 1
[    1.287121] vmxnet 0000:02:01.0: eth0: set_features() failed (-1); wanted 0x00004000, left 0x00004800
[    1.303855] Fusion MPT base driver 3.04.20
[    1.303858] Copyright (c) 1999-2008 LSI Corporation
[    1.304037] Fusion MPT SPI Host driver 3.04.20
[    1.304086] mptspi 0000:00:10.0: PCI INT A -> Link[LNKB] -> GSI 11 (level, low) -> IRQ 11
[    1.309715] mptbase: ioc0: Initiating bringup
[    1.328419] Floppy drive(s): fd0 is 1.44M
[    1.341743] FDC 0 is a post-1991 82077
[    1.381489] ioc0: LSI53C1030 B0: Capabilities={Initiator}
[    1.417414] usb 2-1: new full-speed USB device number 2 using uhci_hcd
[    1.541341] scsi2 : ioc0: LSI53C1030 B0, FwRev=01032920h, Ports=1, MaxQ=128, IRQ=11
[    1.549868] input: VMware VMware Virtual USB Mouse as /devices/pci0000:00/0000:00:11.0/0000:02:00.0/usb2/2-1/2-1:1.0/input/input2
[    1.550116] generic-usb 0003:0E0F:0003.0001: input,hidraw0: USB HID v1.10 Mouse [VMware VMware Virtual USB Mouse] on usb-0000:02:00.0-1/input0
[    1.550749] input: VMware VMware Virtual USB Mouse as /devices/pci0000:00/0000:00:11.0/0000:02:00.0/usb2/2-1/2-1:1.1/input/input3
[    1.550945] generic-usb 0003:0E0F:0003.0002: input,hidraw1: USB HID v1.10 Mouse [VMware VMware Virtual USB Mouse] on usb-0000:02:00.0-1/input1
[    1.551124] usbcore: registered new interface driver usbhid
[    1.551127] usbhid: USB HID core driver
[    1.653898] scsi 2:0:0:0: Direct-Access     VMware,  VMware Virtual S 1.0  PQ: 0 ANSI: 2
[    1.653907] scsi target2:0:0: Beginning Domain Validation
[    1.654616] scsi target2:0:0: Domain Validation skipping write tests
[    1.654619] scsi target2:0:0: Ending Domain Validation
[    1.654675] scsi target2:0:0: FAST-40 WIDE SCSI 80.0 MB/s ST (25 ns, offset 127)
[    1.657165] sd 2:0:0:0: [sda] 41943040 512-byte logical blocks: (21.4 GB/20.0 GiB)
[    1.657227] sd 2:0:0:0: [sda] Write Protect is off
[    1.657230] sd 2:0:0:0: [sda] Mode Sense: 61 00 00 00
[    1.657302] sd 2:0:0:0: [sda] Cache data unavailable
[    1.657305] sd 2:0:0:0: [sda] Assuming drive cache: write through
[    1.657351] usb 2-2: new full-speed USB device number 3 using uhci_hcd
[    1.657628] sd 2:0:0:0: [sda] Cache data unavailable
[    1.657631] sd 2:0:0:0: [sda] Assuming drive cache: write through
[    1.658428] sd 2:0:0:0: Attached scsi generic sg1 type 0
[    1.659076]  sda: sda1 sda2 < sda5 >
[    1.659448] sd 2:0:0:0: [sda] Cache data unavailable
[    1.659451] sd 2:0:0:0: [sda] Assuming drive cache: write through
[    1.659453] sd 2:0:0:0: [sda] Attached SCSI disk
[    1.698038] EXT4-fs (sda1): INFO: recovery required on readonly filesystem
[    1.698042] EXT4-fs (sda1): write access will be enabled during recovery
[    1.795170] hub 2-2:1.0: USB hub found
[    1.796794] hub 2-2:1.0: 7 ports detected
[    1.814983] EXT4-fs (sda1): recovery complete
[    1.815546] EXT4-fs (sda1): mounted filesystem with ordered data mode. Opts: (null)
[    3.152019] ADDRCONF(NETDEV_UP): eth0: link is not ready
[    3.162551] udevd[330]: starting version 175
[    3.198054] lp: driver loaded but no devices found
[    3.204994] Adding 1046524k swap on /dev/sda5.  Priority:-1 extents:1 across:1046524k 
[    3.294403] shpchp: Standard Hot Plug PCI Controller Driver version: 0.4
[    3.308485] EXT4-fs (sda1): re-mounted. Opts: errors=remount-ro
[    3.442285] ppdev: user-space parallel port driver
[    3.477841] parport_pc 00:09: reported by Plug and Play ACPI
[    3.477960] parport0: PC-style at 0x378, irq 7 [PCSPP,TRISTATE]
[    3.479889] Bluetooth: Core ver 2.16
[    3.479905] NET: Registered protocol family 31
[    3.479907] Bluetooth: HCI device and connection manager initialized
[    3.479910] Bluetooth: HCI socket layer initialized
[    3.479911] Bluetooth: L2CAP socket layer initialized
[    3.479915] Bluetooth: SCO socket layer initialized
[    3.489193] Bluetooth: BNEP (Ethernet Emulation) ver 1.3
[    3.489196] Bluetooth: BNEP filters: protocol multicast
[    3.538130] piix4_smbus 0000:00:07.3: Host SMBus controller not enabled!
[    3.539194] [555]: VMCI: shared components initialized.
[    3.539221] Probing for vmci/PCI.
[    3.539819] ACPI: PCI Interrupt Link [LNKA] enabled at IRQ 9
[    3.539823] PCI: setting IRQ 9 as level-triggered
[    3.539830] vmci 0000:00:07.7: PCI INT A -> Link[LNKA] -> GSI 9 (level, low) -> IRQ 9
[    3.539879] Found vmci/PCI at 0x1080, irq 9.
[    3.539912] VMCI: using capabilities 0xc.
[    3.539994] [555]: VMCI: Host capability check passed.
[    3.540114] vmci 0000:00:07.7: irq 72 for MSI/MSI-X
[    3.540158] vmci 0000:00:07.7: irq 73 for MSI/MSI-X
[    3.540278] Registered vmci device.
[    3.545227] [555]: VMCI: Using guest personality
[    3.545232] [555]: VMCI: host components initialized.
[    3.545304] [555]: VMCI: Module registered (name=vmci,major=10,minor=57).
[    3.545307] [555]: VMCI: Using host personality
[    3.545309] [555]: VMCI: Module (name=vmci) is initialized
[    3.569018] Bluetooth: RFCOMM TTY layer initialized
[    3.569025] Bluetooth: RFCOMM socket layer initialized
[    3.569027] Bluetooth: RFCOMM ver 1.11
[    3.579842] lp0: using parport0 (interrupt-driven).
[    3.586593] type=1400 audit(1369642441.046:2): apparmor="STATUS" operation="profile_load" name="/usr/lib/cups/backend/cups-pdf" pid=587 comm="apparmor_parser"
[    3.587144] type=1400 audit(1369642441.046:3): apparmor="STATUS" operation="profile_load" name="/usr/sbin/cupsd" pid=587 comm="apparmor_parser"
[    3.606300] type=1400 audit(1369642441.066:4): apparmor="STATUS" operation="profile_load" name="/sbin/dhclient" pid=596 comm="apparmor_parser"
[    3.606434] type=1400 audit(1369642441.066:5): apparmor="STATUS" operation="profile_load" name="/usr/lib/NetworkManager/nm-dhcp-client.action" pid=596 comm="apparmor_parser"
[    3.606554] type=1400 audit(1369642441.066:6): apparmor="STATUS" operation="profile_load" name="/usr/lib/connman/scripts/dhclient-script" pid=596 comm="apparmor_parser"
[    3.714238] input: ImPS/2 Generic Wheel Mouse as /devices/platform/i8042/serio1/input/input4
[    3.880529] snd_ens1371 0000:02:02.0: PCI INT A -> Link[LNKA] -> GSI 9 (level, low) -> IRQ 9
[    3.918052] init: failsafe main process (667) killed by TERM signal
[    4.056089] type=1400 audit(1369642441.514:7): apparmor="STATUS" operation="profile_load" name="/usr/lib/lightdm/lightdm/lightdm-guest-session-wrapper" pid=799 comm="apparmor_parser"
[    4.056653] type=1400 audit(1369642441.514:8): apparmor="STATUS" operation="profile_replace" name="/sbin/dhclient" pid=800 comm="apparmor_parser"
[    4.056787] type=1400 audit(1369642441.514:9): apparmor="STATUS" operation="profile_replace" name="/usr/lib/NetworkManager/nm-dhcp-client.action" pid=800 comm="apparmor_parser"
[    4.056906] type=1400 audit(1369642441.514:10): apparmor="STATUS" operation="profile_replace" name="/usr/lib/connman/scripts/dhclient-script" pid=800 comm="apparmor_parser"
[    4.225676] init: alsa-restore main process (870) terminated with status 19
