[    0.000000] Initializing cgroup subsys cpuset
[    0.000000] Initializing cgroup subsys cpu
[    0.000000] Linux version 3.2.0-29-generic-pae (buildd@roseapple) (gcc version 4.6.3 (Ubuntu/Linaro 4.6.3-1ubuntu5) ) #46-Ubuntu SMP Fri Jul 27 17:25:43 UTC 2012 (Ubuntu 3.2.0-29.46-generic-pae 3.2.24)
[    0.000000] KERNEL supported cpus:
[    0.000000]   Intel GenuineIntel
[    0.000000]   AMD AuthenticAMD
[    0.000000]   NSC Geode by NSC
[    0.000000]   Cyrix CyrixInstead
[    0.000000]   Centaur CentaurHauls
[    0.000000]   Transmeta GenuineTMx86
[    0.000000]   Transmeta TransmetaCPU
[    0.000000]   UMC UMC UMC UMC
[    0.000000] Disabled fast string operations
[    0.000000] BIOS-provided physical RAM map:
[    0.000000]  BIOS-e820: 0000000000000000 - 000000000009f000 (usable)
[    0.000000]  BIOS-e820: 000000000009f000 - 00000000000a0000 (reserved)
[    0.000000]  BIOS-e820: 00000000000ca000 - 00000000000cc000 (reserved)
[    0.000000]  BIOS-e820: 00000000000dc000 - 0000000000100000 (reserved)
[    0.000000]  BIOS-e820: 0000000000100000 - 000000003fee0000 (usable)
[    0.000000]  BIOS-e820: 000000003fee0000 - 000000003feff000 (ACPI data)
[    0.000000]  BIOS-e820: 000000003feff000 - 000000003ff00000 (ACPI NVS)
[    0.000000]  BIOS-e820: 000000003ff00000 - 0000000040000000 (usable)
[    0.000000]  BIOS-e820: 00000000e0000000 - 00000000f0000000 (reserved)
[    0.000000]  BIOS-e820: 00000000fec00000 - 00000000fec10000 (reserved)
[    0.000000]  BIOS-e820: 00000000fee00000 - 00000000fee01000 (reserved)
[    0.000000]  BIOS-e820: 00000000fffe0000 - 0000000100000000 (reserved)
[    0.000000] NX (Execute Disable) protection: active
[    0.000000] DMI present.
[    0.000000] DMI: VMware, Inc. VMware Virtual Platform/440BX Desktop Reference Platform, BIOS 6.00 07/02/2012
[    0.000000] Hypervisor detected: VMware
[    0.000000] e820 update range: 0000000000000000 - 0000000000010000 (usable) ==> (reserved)
[    0.000000] e820 remove range: 00000000000a0000 - 0000000000100000 (usable)
[    0.000000] last_pfn = 0x40000 max_arch_pfn = 0x1000000
[    0.000000] MTRR default type: uncachable
[    0.000000] MTRR fixed ranges enabled:
[    0.000000]   00000-9FFFF write-back
[    0.000000]   A0000-BFFFF uncachable
[    0.000000]   C0000-CBFFF write-protect
[    0.000000]   CC000-EFFFF uncachable
[    0.000000]   F0000-FFFFF write-protect
[    0.000000] MTRR variable ranges enabled:
[    0.000000]   0 base 0000000000 mask FFC0000000 write-back
[    0.000000]   1 disabled
[    0.000000]   2 disabled
[    0.000000]   3 disabled
[    0.000000]   4 disabled
[    0.000000]   5 disabled
[    0.000000]   6 disabled
[    0.000000]   7 disabled
[    0.000000] x86 PAT enabled: cpu 0, old 0x0, new 0x7010600070106
[    0.000000] found SMP MP-table at [c00f6bf0] f6bf0
[    0.000000] initial memory mapped : 0 - 02000000
[    0.000000] Base memory trampoline at [c009b000] 9b000 size 16384
[    0.000000] init_memory_mapping: 0000000000000000-0000000037bfe000
[    0.000000]  0000000000 - 0000200000 page 4k
[    0.000000]  0000200000 - 0037a00000 page 2M
[    0.000000]  0037a00000 - 0037bfe000 page 4k
[    0.000000] kernel direct mapping tables up to 37bfe000 @ 1ffb000-2000000
[    0.000000] RAMDISK: 364ea000 - 3726d000
[    0.000000] ACPI: RSDP 000f6b80 00024 (v02 PTLTD )
[    0.000000] ACPI: XSDT 3feed636 0005C (v01 INTEL  440BX    06040000 VMW  01324272)
[    0.000000] ACPI: FACP 3fefee98 000F4 (v04 INTEL  440BX    06040000 PTL  000F4240)
[    0.000000] ACPI: DSDT 3feee366 10B32 (v01 PTLTD  Custom   06040000 MSFT 03000001)
[    0.000000] ACPI: FACS 3fefffc0 00040
[    0.000000] ACPI: BOOT 3feee33e 00028 (v01 PTLTD  $SBFTBL$ 06040000  LTP 00000001)
[    0.000000] ACPI: APIC 3feedc3e 003C2 (v01 PTLTD  ? APIC   06040000  LTP 00000000)
[    0.000000] ACPI: MCFG 3feedc02 0003C (v01 PTLTD  $PCITBL$ 06040000  LTP 00000001)
[    0.000000] ACPI: SRAT 3feed732 004D0 (v02 VMWARE MEMPLUG  06040000 VMW  00000001)
[    0.000000] ACPI: HPET 3feed6fa 00038 (v01 VMWARE VMW HPET 06040000 VMW  00000001)
[    0.000000] ACPI: WAET 3feed6d2 00028 (v01 VMWARE VMW WAET 06040000 VMW  00000001)
[    0.000000] ACPI: Local APIC address 0xfee00000
[    0.000000] 132MB HIGHMEM available.
[    0.000000] 891MB LOWMEM available.
[    0.000000]   mapped low ram: 0 - 37bfe000
[    0.000000]   low ram: 0 - 37bfe000
[    0.000000] Zone PFN ranges:
[    0.000000]   DMA      0x00000010 -> 0x00001000
[    0.000000]   Normal   0x00001000 -> 0x00037bfe
[    0.000000]   HighMem  0x00037bfe -> 0x00040000
[    0.000000] Movable zone start PFN for each node
[    0.000000] early_node_map[3] active PFN ranges
[    0.000000]     0: 0x00000010 -> 0x0000009f
[    0.000000]     0: 0x00000100 -> 0x0003fee0
[    0.000000]     0: 0x0003ff00 -> 0x00040000
[    0.000000] On node 0 totalpages: 261999
[    0.000000] free_area_init_node: node 0, pgdat c1866a40, node_mem_map f73fd200
[    0.000000]   DMA zone: 32 pages used for memmap
[    0.000000]   DMA zone: 0 pages reserved
[    0.000000]   DMA zone: 3951 pages, LIFO batch:0
[    0.000000]   Normal zone: 1752 pages used for memmap
[    0.000000]   Normal zone: 222502 pages, LIFO batch:31
[    0.000000]   HighMem zone: 265 pages used for memmap
[    0.000000]   HighMem zone: 33497 pages, LIFO batch:7
[    0.000000] Using APIC driver default
[    0.000000] ACPI: PM-Timer IO Port: 0x1008
[    0.000000] ACPI: Local APIC address 0xfee00000
[    0.000000] ACPI: LAPIC (acpi_id[0x00] lapic_id[0x00] enabled)
[    0.000000] ACPI: LAPIC (acpi_id[0x01] lapic_id[0x02] disabled)
[    0.000000] ACPI: LAPIC (acpi_id[0x02] lapic_id[0x04] disabled)
[    0.000000] ACPI: LAPIC (acpi_id[0x03] lapic_id[0x06] disabled)
[    0.000000] ACPI: LAPIC (acpi_id[0x04] lapic_id[0x08] disabled)
[    0.000000] ACPI: LAPIC (acpi_id[0x05] lapic_id[0x0a] disabled)
[    0.000000] ACPI: LAPIC (acpi_id[0x06] lapic_id[0x0c] disabled)
[    0.000000] ACPI: LAPIC (acpi_id[0x07] lapic_id[0x0e] disabled)
[    0.000000] ACPI: LAPIC (acpi_id[0x08] lapic_id[0x10] disabled)
[    0.000000] ACPI: LAPIC (acpi_id[0x09] lapic_id[0x12] disabled)
[    0.000000] ACPI: LAPIC (acpi_id[0x0a] lapic_id[0x14] disabled)
[    0.000000] ACPI: LAPIC (acpi_id[0x0b] lapic_id[0x16] disabled)
[    0.000000] ACPI: LAPIC (acpi_id[0x0c] lapic_id[0x18] disabled)
[    0.000000] ACPI: LAPIC (acpi_id[0x0d] lapic_id[0x1a] disabled)
[    0.000000] ACPI: LAPIC (acpi_id[0x0e] lapic_id[0x1c] disabled)
[    0.000000] ACPI: LAPIC (acpi_id[0x0f] lapic_id[0x1e] disabled)
[    0.000000] ACPI: LAPIC (acpi_id[0x10] lapic_id[0x20] disabled)
[    0.000000] ACPI: LAPIC (acpi_id[0x11] lapic_id[0x22] disabled)
[    0.000000] ACPI: LAPIC (acpi_id[0x12] lapic_id[0x24] disabled)
[    0.000000] ACPI: LAPIC (acpi_id[0x13] lapic_id[0x26] disabled)
[    0.000000] ACPI: LAPIC (acpi_id[0x14] lapic_id[0x28] disabled)
[    0.000000] ACPI: LAPIC (acpi_id[0x15] lapic_id[0x2a] disabled)
[    0.000000] ACPI: LAPIC (acpi_id[0x16] lapic_id[0x2c] disabled)
[    0.000000] ACPI: LAPIC (acpi_id[0x17] lapic_id[0x2e] disabled)
[    0.000000] ACPI: LAPIC (acpi_id[0x18] lapic_id[0x30] disabled)
[    0.000000] ACPI: LAPIC (acpi_id[0x19] lapic_id[0x32] disabled)
[    0.000000] ACPI: LAPIC (acpi_id[0x1a] lapic_id[0x34] disabled)
[    0.000000] ACPI: LAPIC (acpi_id[0x1b] lapic_id[0x36] disabled)
[    0.000000] ACPI: LAPIC (acpi_id[0x1c] lapic_id[0x38] disabled)
[    0.000000] ACPI: LAPIC (acpi_id[0x1d] lapic_id[0x3a] disabled)
[    0.000000] ACPI: LAPIC (acpi_id[0x1e] lapic_id[0x3c] disabled)
[    0.000000] ACPI: LAPIC (acpi_id[0x1f] lapic_id[0x3e] disabled)
[    0.000000] ACPI: LAPIC (acpi_id[0x20] lapic_id[0x40] disabled)
[    0.000000] ACPI: LAPIC (acpi_id[0x21] lapic_id[0x42] disabled)
[    0.000000] ACPI: LAPIC (acpi_id[0x22] lapic_id[0x44] disabled)
[    0.000000] ACPI: LAPIC (acpi_id[0x23] lapic_id[0x46] disabled)
[    0.000000] ACPI: LAPIC (acpi_id[0x24] lapic_id[0x48] disabled)
[    0.000000] ACPI: LAPIC (acpi_id[0x25] lapic_id[0x4a] disabled)
[    0.000000] ACPI: LAPIC (acpi_id[0x26] lapic_id[0x4c] disabled)
[    0.000000] ACPI: LAPIC (acpi_id[0x27] lapic_id[0x4e] disabled)
[    0.000000] ACPI: LAPIC (acpi_id[0x28] lapic_id[0x50] disabled)
[    0.000000] ACPI: LAPIC (acpi_id[0x29] lapic_id[0x52] disabled)
[    0.000000] ACPI: LAPIC (acpi_id[0x2a] lapic_id[0x54] disabled)
[    0.000000] ACPI: LAPIC (acpi_id[0x2b] lapic_id[0x56] disabled)
[    0.000000] ACPI: LAPIC (acpi_id[0x2c] lapic_id[0x58] disabled)
[    0.000000] ACPI: LAPIC (acpi_id[0x2d] lapic_id[0x5a] disabled)
[    0.000000] ACPI: LAPIC (acpi_id[0x2e] lapic_id[0x5c] disabled)
[    0.000000] ACPI: LAPIC (acpi_id[0x2f] lapic_id[0x5e] disabled)
[    0.000000] ACPI: LAPIC (acpi_id[0x30] lapic_id[0x60] disabled)
[    0.000000] ACPI: LAPIC (acpi_id[0x31] lapic_id[0x62] disabled)
[    0.000000] ACPI: LAPIC (acpi_id[0x32] lapic_id[0x64] disabled)
[    0.000000] ACPI: LAPIC (acpi_id[0x33] lapic_id[0x66] disabled)
[    0.000000] ACPI: LAPIC (acpi_id[0x34] lapic_id[0x68] disabled)
[    0.000000] ACPI: LAPIC (acpi_id[0x35] lapic_id[0x6a] disabled)
[    0.000000] ACPI: LAPIC (acpi_id[0x36] lapic_id[0x6c] disabled)
[    0.000000] ACPI: LAPIC (acpi_id[0x37] lapic_id[0x6e] disabled)
[    0.000000] ACPI: LAPIC (acpi_id[0x38] lapic_id[0x70] disabled)
[    0.000000] ACPI: LAPIC (acpi_id[0x39] lapic_id[0x72] disabled)
[    0.000000] ACPI: LAPIC (acpi_id[0x3a] lapic_id[0x74] disabled)
[    0.000000] ACPI: LAPIC (acpi_id[0x3b] lapic_id[0x76] disabled)
[    0.000000] ACPI: LAPIC (acpi_id[0x3c] lapic_id[0x78] disabled)
[    0.000000] ACPI: LAPIC (acpi_id[0x3d] lapic_id[0x7a] disabled)
[    0.000000] ACPI: LAPIC (acpi_id[0x3e] lapic_id[0x7c] disabled)
[    0.000000] ACPI: LAPIC (acpi_id[0x3f] lapic_id[0x7e] disabled)
[    0.000000] ACPI: LAPIC_NMI (acpi_id[0x00] high edge lint[0x1])
[    0.000000] ACPI: LAPIC_NMI (acpi_id[0x01] high edge lint[0x1])
[    0.000000] ACPI: LAPIC_NMI (acpi_id[0x02] high edge lint[0x1])
[    0.000000] ACPI: LAPIC_NMI (acpi_id[0x03] high edge lint[0x1])
[    0.000000] ACPI: LAPIC_NMI (acpi_id[0x04] high edge lint[0x1])
[    0.000000] ACPI: LAPIC_NMI (acpi_id[0x05] high edge lint[0x1])
[    0.000000] ACPI: LAPIC_NMI (acpi_id[0x06] high edge lint[0x1])
[    0.000000] ACPI: LAPIC_NMI (acpi_id[0x07] high edge lint[0x1])
[    0.000000] ACPI: LAPIC_NMI (acpi_id[0x08] high edge lint[0x1])
[    0.000000] ACPI: LAPIC_NMI (acpi_id[0x09] high edge lint[0x1])
[    0.000000] ACPI: LAPIC_NMI (acpi_id[0x0a] high edge lint[0x1])
[    0.000000] ACPI: LAPIC_NMI (acpi_id[0x0b] high edge lint[0x1])
[    0.000000] ACPI: LAPIC_NMI (acpi_id[0x0c] high edge lint[0x1])
[    0.000000] ACPI: LAPIC_NMI (acpi_id[0x0d] high edge lint[0x1])
[    0.000000] ACPI: LAPIC_NMI (acpi_id[0x0e] high edge lint[0x1])
[    0.000000] ACPI: LAPIC_NMI (acpi_id[0x0f] high edge lint[0x1])
[    0.000000] ACPI: LAPIC_NMI (acpi_id[0x10] high edge lint[0x1])
[    0.000000] ACPI: LAPIC_NMI (acpi_id[0x11] high edge lint[0x1])
[    0.000000] ACPI: LAPIC_NMI (acpi_id[0x12] high edge lint[0x1])
[    0.000000] ACPI: LAPIC_NMI (acpi_id[0x13] high edge lint[0x1])
[    0.000000] ACPI: LAPIC_NMI (acpi_id[0x14] high edge lint[0x1])
[    0.000000] ACPI: LAPIC_NMI (acpi_id[0x15] high edge lint[0x1])
[    0.000000] ACPI: LAPIC_NMI (acpi_id[0x16] high edge lint[0x1])
[    0.000000] ACPI: LAPIC_NMI (acpi_id[0x17] high edge lint[0x1])
[    0.000000] ACPI: LAPIC_NMI (acpi_id[0x18] high edge lint[0x1])
[    0.000000] ACPI: LAPIC_NMI (acpi_id[0x19] high edge lint[0x1])
[    0.000000] ACPI: LAPIC_NMI (acpi_id[0x1a] high edge lint[0x1])
[    0.000000] ACPI: LAPIC_NMI (acpi_id[0x1b] high edge lint[0x1])
[    0.000000] ACPI: LAPIC_NMI (acpi_id[0x1c] high edge lint[0x1])
[    0.000000] ACPI: LAPIC_NMI (acpi_id[0x1d] high edge lint[0x1])
[    0.000000] ACPI: LAPIC_NMI (acpi_id[0x1e] high edge lint[0x1])
[    0.000000] ACPI: LAPIC_NMI (acpi_id[0x1f] high edge lint[0x1])
[    0.000000] ACPI: LAPIC_NMI (acpi_id[0x20] high edge lint[0x1])
[    0.000000] ACPI: LAPIC_NMI (acpi_id[0x21] high edge lint[0x1])
[    0.000000] ACPI: LAPIC_NMI (acpi_id[0x22] high edge lint[0x1])
[    0.000000] ACPI: LAPIC_NMI (acpi_id[0x23] high edge lint[0x1])
[    0.000000] ACPI: LAPIC_NMI (acpi_id[0x24] high edge lint[0x1])
[    0.000000] ACPI: LAPIC_NMI (acpi_id[0x25] high edge lint[0x1])
[    0.000000] ACPI: LAPIC_NMI (acpi_id[0x26] high edge lint[0x1])
[    0.000000] ACPI: LAPIC_NMI (acpi_id[0x27] high edge lint[0x1])
[    0.000000] ACPI: LAPIC_NMI (acpi_id[0x28] high edge lint[0x1])
[    0.000000] ACPI: LAPIC_NMI (acpi_id[0x29] high edge lint[0x1])
[    0.000000] ACPI: LAPIC_NMI (acpi_id[0x2a] high edge lint[0x1])
[    0.000000] ACPI: LAPIC_NMI (acpi_id[0x2b] high edge lint[0x1])
[    0.000000] ACPI: LAPIC_NMI (acpi_id[0x2c] high edge lint[0x1])
[    0.000000] ACPI: LAPIC_NMI (acpi_id[0x2d] high edge lint[0x1])
[    0.000000] ACPI: LAPIC_NMI (acpi_id[0x2e] high edge lint[0x1])
[    0.000000] ACPI: LAPIC_NMI (acpi_id[0x2f] high edge lint[0x1])
[    0.000000] ACPI: LAPIC_NMI (acpi_id[0x30] high edge lint[0x1])
[    0.000000] ACPI: LAPIC_NMI (acpi_id[0x31] high edge lint[0x1])
[    0.000000] ACPI: LAPIC_NMI (acpi_id[0x32] high edge lint[0x1])
[    0.000000] ACPI: LAPIC_NMI (acpi_id[0x33] high edge lint[0x1])
[    0.000000] ACPI: LAPIC_NMI (acpi_id[0x34] high edge lint[0x1])
[    0.000000] ACPI: LAPIC_NMI (acpi_id[0x35] high edge lint[0x1])
[    0.000000] ACPI: LAPIC_NMI (acpi_id[0x36] high edge lint[0x1])
[    0.000000] ACPI: LAPIC_NMI (acpi_id[0x37] high edge lint[0x1])
[    0.000000] ACPI: LAPIC_NMI (acpi_id[0x38] high edge lint[0x1])
[    0.000000] ACPI: LAPIC_NMI (acpi_id[0x39] high edge lint[0x1])
[    0.000000] ACPI: LAPIC_NMI (acpi_id[0x3a] high edge lint[0x1])
[    0.000000] ACPI: LAPIC_NMI (acpi_id[0x3b] high edge lint[0x1])
[    0.000000] ACPI: LAPIC_NMI (acpi_id[0x3c] high edge lint[0x1])
[    0.000000] ACPI: LAPIC_NMI (acpi_id[0x3d] high edge lint[0x1])
[    0.000000] ACPI: LAPIC_NMI (acpi_id[0x3e] high edge lint[0x1])
[    0.000000] ACPI: LAPIC_NMI (acpi_id[0x3f] high edge lint[0x1])
[    0.000000] ACPI: Skipping IOAPIC probe due to 'noapic' option.
[    0.000000] Using ACPI for processor (LAPIC) configuration information
[    0.000000] ACPI: HPET id: 0x8086af01 base: 0xfed00000
[    0.000000] Intel MultiProcessor Specification v1.4
[    0.000000]     Virtual Wire compatibility mode.
[    0.000000] MPTABLE: OEM ID: INTEL   
[    0.000000] MPTABLE: Product ID: 440BX       
[    0.000000] MPTABLE: APIC at: 0xFEE00000
[    0.000000] IOAPIC[0]: apic_id 1, version 17, address 0xfec00000, GSI 0-23
[    0.000000] Processors: 1
[    0.000000] SMP: Allowing 1 CPUs, 0 hotplug CPUs
[    0.000000] nr_irqs_gsi: 40
[    0.000000] PM: Registered nosave memory: 000000000009f000 - 00000000000a0000
[    0.000000] PM: Registered nosave memory: 00000000000a0000 - 00000000000ca000
[    0.000000] PM: Registered nosave memory: 00000000000ca000 - 00000000000cc000
[    0.000000] PM: Registered nosave memory: 00000000000cc000 - 00000000000dc000
[    0.000000] PM: Registered nosave memory: 00000000000dc000 - 0000000000100000
[    0.000000] Allocating PCI resources starting at 40000000 (gap: 40000000:a0000000)
[    0.000000] Booting paravirtualized kernel on bare hardware
[    0.000000] setup_percpu: NR_CPUS:8 nr_cpumask_bits:8 nr_cpu_ids:1 nr_node_ids:1
[    0.000000] PERCPU: Embedded 14 pages/cpu @f73e8000 s34240 r0 d23104 u57344
[    0.000000] pcpu-alloc: s34240 r0 d23104 u57344 alloc=14*4096
[    0.000000] pcpu-alloc: [0] 0 
[    0.000000] Built 1 zonelists in Zone order, mobility grouping on.  Total pages: 259950
[    0.000000] Kernel command line: BOOT_IMAGE=/boot/vmlinuz-3.2.0-29-generic-pae root=UUID=007b598c-390d-4c65-84a1-4ff752d48633 ro quiet splash maxcpus=0
[    0.000000] PID hash table entries: 4096 (order: 2, 16384 bytes)
[    0.000000] Dentry cache hash table entries: 131072 (order: 7, 524288 bytes)
[    0.000000] Inode-cache hash table entries: 65536 (order: 6, 262144 bytes)
[    0.000000] Initializing CPU#0
[    0.000000] xsave/xrstor: enabled xstate_bv 0x7, cntxt size 0x340
[    0.000000] allocated 4194048 bytes of page_cgroup
[    0.000000] please try 'cgroup_disable=memory' option if you don't want memory cgroups
[    0.000000] Initializing HighMem for node 0 (00037bfe:00040000)
[    0.000000] Memory: 1010624k/1048576k available (5814k kernel code, 37372k reserved, 2841k data, 740k init, 135048k highmem)
[    0.000000] virtual kernel memory layout:
[    0.000000]     fixmap  : 0xfff16000 - 0xfffff000   ( 932 kB)
[    0.000000]     pkmap   : 0xffc00000 - 0xffe00000   (2048 kB)
[    0.000000]     vmalloc : 0xf83fe000 - 0xffbfe000   ( 120 MB)
[    0.000000]     lowmem  : 0xc0000000 - 0xf7bfe000   ( 891 MB)
[    0.000000]       .init : 0xc1875000 - 0xc192e000   ( 740 kB)
[    0.000000]       .data : 0xc15adb64 - 0xc1874240   (2841 kB)
[    0.000000]       .text : 0xc1000000 - 0xc15adb64   (5814 kB)
[    0.000000] Checking if this processor honours the WP bit even in supervisor mode...Ok.
[    0.000000] SLUB: Genslabs=15, HWalign=64, Order=0-3, MinObjects=0, CPUs=1, Nodes=1
[    0.000000] Hierarchical RCU implementation.
[    0.000000] 	RCU dyntick-idle grace-period acceleration is enabled.
[    0.000000] NR_IRQS:2304 nr_irqs:256 16
[    0.000000] CPU 0 irqstacks, hard=f5c08000 soft=f5c0a000
[    0.000000] Extended CMOS year: 2000
[    0.000000] Console: colour VGA+ 80x25
[    0.000000] console [tty0] enabled
[    0.000000] hpet clockevent registered
[    0.000000] TSC freq read from hypervisor : 2394.620 MHz
[    0.000000] Detected 2394.620 MHz processor.
[    0.000001] Calibrating delay loop (skipped) preset value.. 4789.24 BogoMIPS (lpj=9578480)
[    0.000004] pid_max: default: 32768 minimum: 301
[    0.000018] Security Framework initialized
[    0.000033] AppArmor: AppArmor initialized
[    0.000034] Yama: becoming mindful.
[    0.000069] Mount-cache hash table entries: 512
[    0.000148] Initializing cgroup subsys cpuacct
[    0.000152] Initializing cgroup subsys memory
[    0.000156] Initializing cgroup subsys devices
[    0.000157] Initializing cgroup subsys freezer
[    0.000159] Initializing cgroup subsys blkio
[    0.000163] Initializing cgroup subsys perf_event
[    0.000207] Disabled fast string operations
[    0.000210] CPU: Physical Processor ID: 0
[    0.000219] ENERGY_PERF_BIAS: Set to 'normal', was 'performance'
[    0.000220] ENERGY_PERF_BIAS: View and update with x86_energy_perf_policy(8)
[    0.000874] mce: CPU supports 0 MCE banks
[    0.001610] SMP alternatives: switching to UP code
[    0.020239] Freeing SMP alternatives: 24k freed
[    0.020245] ACPI: Core revision 20110623
[    0.028488] ACPI: setting ELCR to 0200 (from 0e20)
[    0.029507] ftrace: allocating 26545 entries in 52 pages
[    0.049775] SMP mode deactivated.
[    0.049803] SMP disabled
[    0.049805] Performance Events: generic architected perfmon v1, core PMU driver.
[    0.049816] ... version:                1
[    0.049817] ... bit width:              48
[    0.049818] ... generic registers:      4
[    0.049819] ... value mask:             0000ffffffffffff
[    0.049820] ... max period:             000000007fffffff
[    0.049821] ... fixed-purpose events:   0
[    0.049822] ... event mask:             000000000000000f
[    0.049908] NMI watchdog enabled, takes one hw-pmu counter.
[    0.049926] Brought up 1 CPUs
[    0.049928] Total of 1 processors activated (4789.24 BogoMIPS).
[    0.050029] devtmpfs: initialized
[    0.050098] EVM: security.selinux
[    0.050099] EVM: security.SMACK64
[    0.050100] EVM: security.capability
[    0.050125] PM: Registering ACPI NVS region at 3feff000 (4096 bytes)
[    0.050836] print_constraints: dummy: 
[    0.050904] RTC time: 11:29:19, date: 05/27/13
[    0.050931] NET: Registered protocol family 16
[    0.051001] EISA bus registered
[    0.051011] ACPI: bus type pci registered
[    0.051114] PCI: MMCONFIG for domain 0000 [bus 00-ff] at [mem 0xe0000000-0xefffffff] (base 0xe0000000)
[    0.051116] PCI: MMCONFIG at [mem 0xe0000000-0xefffffff] reserved in E820
[    0.051117] PCI: Using MMCONFIG for extended config space
[    0.051119] PCI: Using configuration type 1 for base access
[    0.051798] bio: create slab <bio-0> at 0
[    0.051859] ACPI: Added _OSI(Module Device)
[    0.051861] ACPI: Added _OSI(Processor Device)
[    0.051862] ACPI: Added _OSI(3.0 _SCP Extensions)
[    0.051863] ACPI: Added _OSI(Processor Aggregator Device)
[    0.053746] ACPI: EC: Look up EC in DSDT
[    0.058191] [Firmware Bug]: ACPI: BIOS _OSI(Linux) query ignored
[    0.065853] ACPI: Interpreter enabled
[    0.065861] ACPI: (supports S0 S1 S4 S5)
[    0.065871] ACPI: Using PIC for interrupt routing
[    0.100347] ACPI: No dock devices found.
[    0.103854] HEST: Table not found.
[    0.103859] PCI: Using host bridge windows from ACPI; if necessary, use "pci=nocrs" and report a bug
[    0.104509] ACPI: PCI Root Bridge [PCI0] (domain 0000 [bus 00-ff])
[    0.105646] pci_root PNP0A03:00: host bridge window [mem 0x000a0000-0x000bffff]
[    0.105648] pci_root PNP0A03:00: host bridge window [mem 0x000cc000-0x000cffff]
[    0.105650] pci_root PNP0A03:00: host bridge window [mem 0x000d0000-0x000d3fff]
[    0.105651] pci_root PNP0A03:00: host bridge window [mem 0x000d4000-0x000d7fff]
[    0.105653] pci_root PNP0A03:00: host bridge window [mem 0x000d8000-0x000dbfff]
[    0.105655] pci_root PNP0A03:00: host bridge window [mem 0xc0000000-0xfebfffff]
[    0.105656] pci_root PNP0A03:00: host bridge window [io  0x0000-0x0cf7]
[    0.105658] pci_root PNP0A03:00: host bridge window [io  0x0d00-0xfeff]
[    0.105707] pci 0000:00:00.0: [8086:7190] type 0 class 0x000600
[    0.106111] pci 0000:00:01.0: [8086:7191] type 1 class 0x000604
[    0.106484] pci 0000:00:07.0: [8086:7110] type 0 class 0x000601
[    0.107081] pci 0000:00:07.1: [8086:7111] type 0 class 0x000101
[    0.108570] pci 0000:00:07.1: reg 20: [io  0x10c0-0x10cf]
[    0.109280] pci 0000:00:07.3: [8086:7113] type 0 class 0x000680
[    0.110887] pci 0000:00:07.3: quirk: [io  0x1000-0x103f] claimed by PIIX4 ACPI
[    0.110899] pci 0000:00:07.3: quirk: [io  0x1040-0x104f] claimed by PIIX4 SMB
[    0.111118] pci 0000:00:07.7: [15ad:0740] type 0 class 0x000880
[    0.111587] pci 0000:00:07.7: reg 10: [io  0x1080-0x10bf]
[    0.112166] pci 0000:00:07.7: reg 14: [mem 0xc8000000-0xc8001fff 64bit]
[    0.114162] pci 0000:00:0f.0: [15ad:0405] type 0 class 0x000300
[    0.116188] pci 0000:00:0f.0: reg 10: [io  0x10d0-0x10df]
[    0.118159] pci 0000:00:0f.0: reg 14: [mem 0xd0000000-0xd7ffffff pref]
[    0.120118] pci 0000:00:0f.0: reg 18: [mem 0xc8800000-0xc8ffffff]
[    0.127920] pci 0000:00:0f.0: reg 30: [mem 0x00000000-0x00007fff pref]
[    0.128203] pci 0000:00:10.0: [1000:0030] type 0 class 0x000100
[    0.128752] pci 0000:00:10.0: reg 10: [io  0x1400-0x14ff]
[    0.129458] pci 0000:00:10.0: reg 14: [mem 0xc8040000-0xc805ffff 64bit]
[    0.130155] pci 0000:00:10.0: reg 1c: [mem 0xc8020000-0xc803ffff 64bit]
[    0.131183] pci 0000:00:10.0: reg 30: [mem 0x00000000-0x00003fff pref]
[    0.131346] pci 0000:00:11.0: [15ad:0790] type 1 class 0x000604
[    0.132014] pci 0000:00:15.0: [15ad:07a0] type 1 class 0x000604
[    0.132714] pci 0000:00:15.0: PME# supported from D0 D3hot D3cold
[    0.132736] pci 0000:00:15.0: PME# disabled
[    0.132951] pci 0000:00:15.1: [15ad:07a0] type 1 class 0x000604
[    0.133647] pci 0000:00:15.1: PME# supported from D0 D3hot D3cold
[    0.133668] pci 0000:00:15.1: PME# disabled
[    0.133882] pci 0000:00:15.2: [15ad:07a0] type 1 class 0x000604
[    0.134572] pci 0000:00:15.2: PME# supported from D0 D3hot D3cold
[    0.134593] pci 0000:00:15.2: PME# disabled
[    0.134805] pci 0000:00:15.3: [15ad:07a0] type 1 class 0x000604
[    0.135500] pci 0000:00:15.3: PME# supported from D0 D3hot D3cold
[    0.135521] pci 0000:00:15.3: PME# disabled
[    0.135734] pci 0000:00:15.4: [15ad:07a0] type 1 class 0x000604
[    0.136431] pci 0000:00:15.4: PME# supported from D0 D3hot D3cold
[    0.136452] pci 0000:00:15.4: PME# disabled
[    0.136673] pci 0000:00:15.5: [15ad:07a0] type 1 class 0x000604
[    0.137366] pci 0000:00:15.5: PME# supported from D0 D3hot D3cold
[    0.137388] pci 0000:00:15.5: PME# disabled
[    0.137601] pci 0000:00:15.6: [15ad:07a0] type 1 class 0x000604
[    0.138286] pci 0000:00:15.6: PME# supported from D0 D3hot D3cold
[    0.138308] pci 0000:00:15.6: PME# disabled
[    0.138521] pci 0000:00:15.7: [15ad:07a0] type 1 class 0x000604
[    0.139204] pci 0000:00:15.7: PME# supported from D0 D3hot D3cold
[    0.139225] pci 0000:00:15.7: PME# disabled
[    0.139447] pci 0000:00:16.0: [15ad:07a0] type 1 class 0x000604
[    0.140142] pci 0000:00:16.0: PME# supported from D0 D3hot D3cold
[    0.140163] pci 0000:00:16.0: PME# disabled
[    0.140389] pci 0000:00:16.1: [15ad:07a0] type 1 class 0x000604
[    0.141070] pci 0000:00:16.1: PME# supported from D0 D3hot D3cold
[    0.141091] pci 0000:00:16.1: PME# disabled
[    0.141311] pci 0000:00:16.2: [15ad:07a0] type 1 class 0x000604
[    0.141992] pci 0000:00:16.2: PME# supported from D0 D3hot D3cold
[    0.142013] pci 0000:00:16.2: PME# disabled
[    0.142236] pci 0000:00:16.3: [15ad:07a0] type 1 class 0x000604
[    0.143022] pci 0000:00:16.3: PME# supported from D0 D3hot D3cold
[    0.143044] pci 0000:00:16.3: PME# disabled
[    0.143260] pci 0000:00:16.4: [15ad:07a0] type 1 class 0x000604
[    0.143956] pci 0000:00:16.4: PME# supported from D0 D3hot D3cold
[    0.143977] pci 0000:00:16.4: PME# disabled
[    0.144196] pci 0000:00:16.5: [15ad:07a0] type 1 class 0x000604
[    0.144886] pci 0000:00:16.5: PME# supported from D0 D3hot D3cold
[    0.144907] pci 0000:00:16.5: PME# disabled
[    0.145120] pci 0000:00:16.6: [15ad:07a0] type 1 class 0x000604
[    0.145813] pci 0000:00:16.6: PME# supported from D0 D3hot D3cold
[    0.145834] pci 0000:00:16.6: PME# disabled
[    0.146047] pci 0000:00:16.7: [15ad:07a0] type 1 class 0x000604
[    0.146737] pci 0000:00:16.7: PME# supported from D0 D3hot D3cold
[    0.146758] pci 0000:00:16.7: PME# disabled
[    0.146971] pci 0000:00:17.0: [15ad:07a0] type 1 class 0x000604
[    0.147661] pci 0000:00:17.0: PME# supported from D0 D3hot D3cold
[    0.147683] pci 0000:00:17.0: PME# disabled
[    0.147908] pci 0000:00:17.1: [15ad:07a0] type 1 class 0x000604
[    0.148602] pci 0000:00:17.1: PME# supported from D0 D3hot D3cold
[    0.148623] pci 0000:00:17.1: PME# disabled
[    0.148835] pci 0000:00:17.2: [15ad:07a0] type 1 class 0x000604
[    0.149523] pci 0000:00:17.2: PME# supported from D0 D3hot D3cold
[    0.149545] pci 0000:00:17.2: PME# disabled
[    0.149757] pci 0000:00:17.3: [15ad:07a0] type 1 class 0x000604
[    0.150447] pci 0000:00:17.3: PME# supported from D0 D3hot D3cold
[    0.150468] pci 0000:00:17.3: PME# disabled
[    0.150681] pci 0000:00:17.4: [15ad:07a0] type 1 class 0x000604
[    0.151363] pci 0000:00:17.4: PME# supported from D0 D3hot D3cold
[    0.151385] pci 0000:00:17.4: PME# disabled
[    0.151603] pci 0000:00:17.5: [15ad:07a0] type 1 class 0x000604
[    0.152304] pci 0000:00:17.5: PME# supported from D0 D3hot D3cold
[    0.152326] pci 0000:00:17.5: PME# disabled
[    0.152539] pci 0000:00:17.6: [15ad:07a0] type 1 class 0x000604
[    0.153227] pci 0000:00:17.6: PME# supported from D0 D3hot D3cold
[    0.153249] pci 0000:00:17.6: PME# disabled
[    0.153462] pci 0000:00:17.7: [15ad:07a0] type 1 class 0x000604
[    0.154142] pci 0000:00:17.7: PME# supported from D0 D3hot D3cold
[    0.154163] pci 0000:00:17.7: PME# disabled
[    0.154385] pci 0000:00:18.0: [15ad:07a0] type 1 class 0x000604
[    0.155066] pci 0000:00:18.0: PME# supported from D0 D3hot D3cold
[    0.155087] pci 0000:00:18.0: PME# disabled
[    0.155312] pci 0000:00:18.1: [15ad:07a0] type 1 class 0x000604
[    0.156008] pci 0000:00:18.1: PME# supported from D0 D3hot D3cold
[    0.156030] pci 0000:00:18.1: PME# disabled
[    0.156252] pci 0000:00:18.2: [15ad:07a0] type 1 class 0x000604
[    0.156933] pci 0000:00:18.2: PME# supported from D0 D3hot D3cold
[    0.156955] pci 0000:00:18.2: PME# disabled
[    0.157168] pci 0000:00:18.3: [15ad:07a0] type 1 class 0x000604
[    0.157857] pci 0000:00:18.3: PME# supported from D0 D3hot D3cold
[    0.157878] pci 0000:00:18.3: PME# disabled
[    0.158091] pci 0000:00:18.4: [15ad:07a0] type 1 class 0x000604
[    0.158780] pci 0000:00:18.4: PME# supported from D0 D3hot D3cold
[    0.158802] pci 0000:00:18.4: PME# disabled
[    0.159021] pci 0000:00:18.5: [15ad:07a0] type 1 class 0x000604
[    0.159709] pci 0000:00:18.5: PME# supported from D0 D3hot D3cold
[    0.159730] pci 0000:00:18.5: PME# disabled
[    0.159957] pci 0000:00:18.6: [15ad:07a0] type 1 class 0x000604
[    0.160693] pci 0000:00:18.6: PME# supported from D0 D3hot D3cold
[    0.160715] pci 0000:00:18.6: PME# disabled
[    0.160930] pci 0000:00:18.7: [15ad:07a0] type 1 class 0x000604
[    0.161611] pci 0000:00:18.7: PME# supported from D0 D3hot D3cold
[    0.161633] pci 0000:00:18.7: PME# disabled
[    0.162172] pci 0000:00:01.0: PCI bridge to [bus 01-01]
[    0.162460] pci 0000:02:00.0: [15ad:0774] type 0 class 0x000c03
[    0.163731] pci 0000:02:00.0: reg 20: [io  0x20c0-0x20df]
[    0.164358] pci 0000:02:01.0: [1022:2000] type 0 class 0x000200
[    0.164629] pci 0000:02:01.0: reg 10: [io  0x2000-0x207f]
[    0.166076] pci 0000:02:01.0: reg 30: [mem 0x00000000-0x0000ffff pref]
[    0.166196] pci 0000:02:02.0: [1274:1371] type 0 class 0x000401
[    0.166517] pci 0000:02:02.0: reg 10: [io  0x2080-0x20bf]
[    0.168460] pci 0000:02:03.0: [15ad:0770] type 0 class 0x000c03
[    0.168728] pci 0000:02:03.0: reg 10: [mem 0xc9000000-0xc9000fff]
[    0.170404] pci 0000:00:11.0: PCI bridge to [bus 02-02] (subtractive decode)
[    0.170430] pci 0000:00:11.0:   bridge window [io  0x2000-0x3fff]
[    0.170452] pci 0000:00:11.0:   bridge window [mem 0xc9000000-0xca3fffff]
[    0.170497] pci 0000:00:11.0:   bridge window [mem 0xd8400000-0xd89fffff 64bit pref]
[    0.170499] pci 0000:00:11.0:   bridge window [mem 0x000a0000-0x000bffff] (subtractive decode)
[    0.170501] pci 0000:00:11.0:   bridge window [mem 0x000cc000-0x000cffff] (subtractive decode)
[    0.170503] pci 0000:00:11.0:   bridge window [mem 0x000d0000-0x000d3fff] (subtractive decode)
[    0.170504] pci 0000:00:11.0:   bridge window [mem 0x000d4000-0x000d7fff] (subtractive decode)
[    0.170506] pci 0000:00:11.0:   bridge window [mem 0x000d8000-0x000dbfff] (subtractive decode)
[    0.170508] pci 0000:00:11.0:   bridge window [mem 0xc0000000-0xfebfffff] (subtractive decode)
[    0.170509] pci 0000:00:11.0:   bridge window [io  0x0000-0x0cf7] (subtractive decode)
[    0.170511] pci 0000:00:11.0:   bridge window [io  0x0d00-0xfeff] (subtractive decode)
[    0.170943] pci 0000:00:15.0: PCI bridge to [bus 03-03]
[    0.170964] pci 0000:00:15.0:   bridge window [io  0x4000-0x4fff]
[    0.170984] pci 0000:00:15.0:   bridge window [mem 0xca400000-0xca4fffff]
[    0.171024] pci 0000:00:15.0:   bridge window [mem 0xd8a00000-0xd8afffff 64bit pref]
[    0.171447] pci 0000:00:15.1: PCI bridge to [bus 04-04]
[    0.171467] pci 0000:00:15.1:   bridge window [io  0x8000-0x8fff]
[    0.171487] pci 0000:00:15.1:   bridge window [mem 0xca800000-0xca8fffff]
[    0.171527] pci 0000:00:15.1:   bridge window [mem 0xd8e00000-0xd8efffff 64bit pref]
[    0.171965] pci 0000:00:15.2: PCI bridge to [bus 05-05]
[    0.171985] pci 0000:00:15.2:   bridge window [io  0xc000-0xcfff]
[    0.172006] pci 0000:00:15.2:   bridge window [mem 0xcac00000-0xcacfffff]
[    0.172046] pci 0000:00:15.2:   bridge window [mem 0xd9200000-0xd92fffff 64bit pref]
[    0.172542] pci 0000:00:15.3: PCI bridge to [bus 06-06]
[    0.172590] pci 0000:00:15.3:   bridge window [mem 0xcb000000-0xcb0fffff]
[    0.172639] pci 0000:00:15.3:   bridge window [mem 0xd9600000-0xd96fffff 64bit pref]
[    0.173149] pci 0000:00:15.4: PCI bridge to [bus 07-07]
[    0.173207] pci 0000:00:15.4:   bridge window [mem 0xcb400000-0xcb4fffff]
[    0.173256] pci 0000:00:15.4:   bridge window [mem 0xd9a00000-0xd9afffff 64bit pref]
[    0.173765] pci 0000:00:15.5: PCI bridge to [bus 08-08]
[    0.173813] pci 0000:00:15.5:   bridge window [mem 0xcb800000-0xcb8fffff]
[    0.173861] pci 0000:00:15.5:   bridge window [mem 0xd9e00000-0xd9efffff 64bit pref]
[    0.174372] pci 0000:00:15.6: PCI bridge to [bus 09-09]
[    0.174420] pci 0000:00:15.6:   bridge window [mem 0xcbc00000-0xcbcfffff]
[    0.174468] pci 0000:00:15.6:   bridge window [mem 0xda200000-0xda2fffff 64bit pref]
[    0.174984] pci 0000:00:15.7: PCI bridge to [bus 0a-0a]
[    0.175032] pci 0000:00:15.7:   bridge window [mem 0xcc000000-0xcc0fffff]
[    0.175081] pci 0000:00:15.7:   bridge window [mem 0xda600000-0xda6fffff 64bit pref]
[    0.175601] pci 0000:00:16.0: PCI bridge to [bus 0b-0b]
[    0.175627] pci 0000:00:16.0:   bridge window [io  0x5000-0x5fff]
[    0.175652] pci 0000:00:16.0:   bridge window [mem 0xca500000-0xca5fffff]
[    0.175701] pci 0000:00:16.0:   bridge window [mem 0xd8b00000-0xd8bfffff 64bit pref]
[    0.176247] pci 0000:00:16.1: PCI bridge to [bus 0c-0c]
[    0.176272] pci 0000:00:16.1:   bridge window [io  0x9000-0x9fff]
[    0.176296] pci 0000:00:16.1:   bridge window [mem 0xca900000-0xca9fffff]
[    0.176341] pci 0000:00:16.1:   bridge window [mem 0xd8f00000-0xd8ffffff 64bit pref]
[    0.176810] pci 0000:00:16.2: PCI bridge to [bus 0d-0d]
[    0.176833] pci 0000:00:16.2:   bridge window [io  0xd000-0xdfff]
[    0.176856] pci 0000:00:16.2:   bridge window [mem 0xcad00000-0xcadfffff]
[    0.176900] pci 0000:00:16.2:   bridge window [mem 0xd9300000-0xd93fffff 64bit pref]
[    0.177373] pci 0000:00:16.3: PCI bridge to [bus 0e-0e]
[    0.177417] pci 0000:00:16.3:   bridge window [mem 0xcb100000-0xcb1fffff]
[    0.177461] pci 0000:00:16.3:   bridge window [mem 0xd9700000-0xd97fffff 64bit pref]
[    0.177924] pci 0000:00:16.4: PCI bridge to [bus 0f-0f]
[    0.177968] pci 0000:00:16.4:   bridge window [mem 0xcb500000-0xcb5fffff]
[    0.178012] pci 0000:00:16.4:   bridge window [mem 0xd9b00000-0xd9bfffff 64bit pref]
[    0.178502] pci 0000:00:16.5: PCI bridge to [bus 10-10]
[    0.178546] pci 0000:00:16.5:   bridge window [mem 0xcb900000-0xcb9fffff]
[    0.178590] pci 0000:00:16.5:   bridge window [mem 0xd9f00000-0xd9ffffff 64bit pref]
[    0.179055] pci 0000:00:16.6: PCI bridge to [bus 11-11]
[    0.179098] pci 0000:00:16.6:   bridge window [mem 0xcbd00000-0xcbdfffff]
[    0.179142] pci 0000:00:16.6:   bridge window [mem 0xda300000-0xda3fffff 64bit pref]
[    0.179611] pci 0000:00:16.7: PCI bridge to [bus 12-12]
[    0.179655] pci 0000:00:16.7:   bridge window [mem 0xcc100000-0xcc1fffff]
[    0.179699] pci 0000:00:16.7:   bridge window [mem 0xda700000-0xda7fffff 64bit pref]
[    0.180197] pci 0000:00:17.0: PCI bridge to [bus 13-13]
[    0.180228] pci 0000:00:17.0:   bridge window [io  0x6000-0x6fff]
[    0.180252] pci 0000:00:17.0:   bridge window [mem 0xca600000-0xca6fffff]
[    0.180296] pci 0000:00:17.0:   bridge window [mem 0xd8c00000-0xd8cfffff 64bit pref]
[    0.180760] pci 0000:00:17.1: PCI bridge to [bus 14-14]
[    0.180783] pci 0000:00:17.1:   bridge window [io  0xa000-0xafff]
[    0.180805] pci 0000:00:17.1:   bridge window [mem 0xcaa00000-0xcaafffff]
[    0.180849] pci 0000:00:17.1:   bridge window [mem 0xd9000000-0xd90fffff 64bit pref]
[    0.181315] pci 0000:00:17.2: PCI bridge to [bus 15-15]
[    0.181338] pci 0000:00:17.2:   bridge window [io  0xe000-0xefff]
[    0.181361] pci 0000:00:17.2:   bridge window [mem 0xcae00000-0xcaefffff]
[    0.181404] pci 0000:00:17.2:   bridge window [mem 0xd9400000-0xd94fffff 64bit pref]
[    0.181870] pci 0000:00:17.3: PCI bridge to [bus 16-16]
[    0.181913] pci 0000:00:17.3:   bridge window [mem 0xcb200000-0xcb2fffff]
[    0.181956] pci 0000:00:17.3:   bridge window [mem 0xd9800000-0xd98fffff 64bit pref]
[    0.182424] pci 0000:00:17.4: PCI bridge to [bus 17-17]
[    0.182468] pci 0000:00:17.4:   bridge window [mem 0xcb600000-0xcb6fffff]
[    0.182511] pci 0000:00:17.4:   bridge window [mem 0xd9c00000-0xd9cfffff 64bit pref]
[    0.182973] pci 0000:00:17.5: PCI bridge to [bus 18-18]
[    0.183017] pci 0000:00:17.5:   bridge window [mem 0xcba00000-0xcbafffff]
[    0.183061] pci 0000:00:17.5:   bridge window [mem 0xda000000-0xda0fffff 64bit pref]
[    0.183532] pci 0000:00:17.6: PCI bridge to [bus 19-19]
[    0.183575] pci 0000:00:17.6:   bridge window [mem 0xcbe00000-0xcbefffff]
[    0.183619] pci 0000:00:17.6:   bridge window [mem 0xda400000-0xda4fffff 64bit pref]
[    0.184100] pci 0000:00:17.7: PCI bridge to [bus 1a-1a]
[    0.184144] pci 0000:00:17.7:   bridge window [mem 0xcc200000-0xcc2fffff]
[    0.184198] pci 0000:00:17.7:   bridge window [mem 0xda800000-0xda8fffff 64bit pref]
[    0.184662] pci 0000:00:18.0: PCI bridge to [bus 1b-1b]
[    0.184685] pci 0000:00:18.0:   bridge window [io  0x7000-0x7fff]
[    0.184708] pci 0000:00:18.0:   bridge window [mem 0xca700000-0xca7fffff]
[    0.184752] pci 0000:00:18.0:   bridge window [mem 0xd8d00000-0xd8dfffff 64bit pref]
[    0.185221] pci 0000:00:18.1: PCI bridge to [bus 1c-1c]
[    0.185244] pci 0000:00:18.1:   bridge window [io  0xb000-0xbfff]
[    0.185267] pci 0000:00:18.1:   bridge window [mem 0xcab00000-0xcabfffff]
[    0.185311] pci 0000:00:18.1:   bridge window [mem 0xd9100000-0xd91fffff 64bit pref]
[    0.185774] pci 0000:00:18.2: PCI bridge to [bus 1d-1d]
[    0.185796] pci 0000:00:18.2:   bridge window [io  0xf000-0xffff]
[    0.185819] pci 0000:00:18.2:   bridge window [mem 0xcaf00000-0xcaffffff]
[    0.185863] pci 0000:00:18.2:   bridge window [mem 0xd9500000-0xd95fffff 64bit pref]
[    0.186338] pci 0000:00:18.3: PCI bridge to [bus 1e-1e]
[    0.186381] pci 0000:00:18.3:   bridge window [mem 0xcb300000-0xcb3fffff]
[    0.186425] pci 0000:00:18.3:   bridge window [mem 0xd9900000-0xd99fffff 64bit pref]
[    0.186887] pci 0000:00:18.4: PCI bridge to [bus 1f-1f]
[    0.186931] pci 0000:00:18.4:   bridge window [mem 0xcb700000-0xcb7fffff]
[    0.186975] pci 0000:00:18.4:   bridge window [mem 0xd9d00000-0xd9dfffff 64bit pref]
[    0.187449] pci 0000:00:18.5: PCI bridge to [bus 20-20]
[    0.187492] pci 0000:00:18.5:   bridge window [mem 0xcbb00000-0xcbbfffff]
[    0.187536] pci 0000:00:18.5:   bridge window [mem 0xda100000-0xda1fffff 64bit pref]
[    0.188014] pci 0000:00:18.6: PCI bridge to [bus 21-21]
[    0.188057] pci 0000:00:18.6:   bridge window [mem 0xcbf00000-0xcbffffff]
[    0.188101] pci 0000:00:18.6:   bridge window [mem 0xda500000-0xda5fffff 64bit pref]
[    0.188566] pci 0000:00:18.7: PCI bridge to [bus 22-22]
[    0.188609] pci 0000:00:18.7:   bridge window [mem 0xcc300000-0xcc3fffff]
[    0.188652] pci 0000:00:18.7:   bridge window [mem 0xda900000-0xda9fffff 64bit pref]
[    0.190360] pci_bus 0000:00: on NUMA node 0
[    0.190366] ACPI: PCI Interrupt Routing Table [\_SB_.PCI0._PRT]
[    0.190957]  pci0000:00: Requesting ACPI _OSC control (0x1d)
[    0.191172]  pci0000:00: ACPI _OSC control (0x15) granted
[    0.268472] ACPI: PCI Interrupt Link [LNKA] (IRQs 3 4 5 6 7 *9 10 11 14 15)
[    0.268539] ACPI: PCI Interrupt Link [LNKB] (IRQs 3 4 5 6 7 9 10 *11 14 15)
[    0.268601] ACPI: PCI Interrupt Link [LNKC] (IRQs 3 4 5 6 7 9 *10 11 14 15)
[    0.268662] ACPI: PCI Interrupt Link [LNKD] (IRQs 3 4 *5 6 7 9 10 11 14 15)
[    0.268790] vgaarb: device added: PCI:0000:00:0f.0,decodes=io+mem,owns=io+mem,locks=none
[    0.268799] vgaarb: loaded
[    0.268800] vgaarb: bridge control possible 0000:00:0f.0
[    0.268881] i2c-core: driver [aat2870] using legacy suspend method
[    0.268882] i2c-core: driver [aat2870] using legacy resume method
[    0.268943] SCSI subsystem initialized
[    0.268979] libata version 3.00 loaded.
[    0.269007] usbcore: registered new interface driver usbfs
[    0.269016] usbcore: registered new interface driver hub
[    0.269037] usbcore: registered new device driver usb
[    0.269116] PCI: Using ACPI for IRQ routing
[    0.336892] PCI: pci_cache_line_size set to 64 bytes
[    0.336914] pci 0000:00:18.2: no compatible bridge window for [io  0xf000-0xffff]
[    0.337838] reserve RAM buffer: 000000000009f000 - 000000000009ffff 
[    0.337840] reserve RAM buffer: 000000003fee0000 - 000000003fffffff 
[    0.337931] NetLabel: Initializing
[    0.337933] NetLabel:  domain hash size = 128
[    0.337933] NetLabel:  protocols = UNLABELED CIPSOv4
[    0.337941] NetLabel:  unlabeled traffic allowed by default
[    0.338006] hpet0: at MMIO 0xfed00000, IRQs 2, 8, 0, 0, 0, 0, 0, 0, 0, 0, 0, 0, 0, 0, 0, 0
[    0.338012] hpet0: 16 comparators, 64-bit 14.318180 MHz counter
[    0.340042] Switching to clocksource hpet
[    0.345289] AppArmor: AppArmor Filesystem Enabled
[    0.345307] pnp: PnP ACPI init
[    0.345321] ACPI: bus type pnp registered
[    0.345915] pnp 00:00: [bus 00-ff]
[    0.345918] pnp 00:00: [mem 0x000a0000-0x000bffff window]
[    0.345919] pnp 00:00: [mem 0x000c0000-0x000c3fff window]
[    0.345921] pnp 00:00: [mem 0x000c4000-0x000c7fff window]
[    0.345922] pnp 00:00: [mem 0x000c8000-0x000cbfff window]
[    0.345924] pnp 00:00: [mem 0x000cc000-0x000cffff window]
[    0.345925] pnp 00:00: [mem 0x000d0000-0x000d3fff window]
[    0.345926] pnp 00:00: [mem 0x000d4000-0x000d7fff window]
[    0.345928] pnp 00:00: [mem 0x000d8000-0x000dbfff window]
[    0.345929] pnp 00:00: [mem 0x000dc000-0x000dffff window]
[    0.345931] pnp 00:00: [mem 0x000e0000-0x000e3fff window]
[    0.345932] pnp 00:00: [mem 0x000e4000-0x000e7fff window]
[    0.345934] pnp 00:00: [mem 0x000e8000-0x000ebfff window]
[    0.345945] pnp 00:00: [mem 0x000ec000-0x000effff window]
[    0.345947] pnp 00:00: [mem 0xc0000000-0xfebfffff window]
[    0.345949] pnp 00:00: [io  0x0cf8-0x0cff]
[    0.345951] pnp 00:00: [io  0x0000-0x0cf7 window]
[    0.345953] pnp 00:00: [io  0x0d00-0xfeff window]
[    0.345993] pnp 00:00: Plug and Play ACPI device, IDs PNP0a03 PNP0a08 (active)
[    0.346055] pnp 00:01: [io  0x0010-0x001f]
[    0.346057] pnp 00:01: [io  0x0024-0x0025]
[    0.346058] pnp 00:01: [io  0x0028-0x0029]
[    0.346059] pnp 00:01: [io  0x002c-0x002d]
[    0.346060] pnp 00:01: [io  0x002e-0x002f]
[    0.346061] pnp 00:01: [io  0x0030-0x0031]
[    0.346063] pnp 00:01: [io  0x0034-0x0035]
[    0.346064] pnp 00:01: [io  0x0038-0x0039]
[    0.346065] pnp 00:01: [io  0x003c-0x003d]
[    0.346066] pnp 00:01: [io  0x0050-0x0053]
[    0.346067] pnp 00:01: [io  0x0072-0x0077]
[    0.346068] pnp 00:01: [io  0x0080]
[    0.346069] pnp 00:01: [io  0x0090-0x009f]
[    0.346071] pnp 00:01: [io  0x00a4-0x00a5]
[    0.346072] pnp 00:01: [io  0x00a8-0x00a9]
[    0.346073] pnp 00:01: [io  0x00ac-0x00ad]
[    0.346074] pnp 00:01: [io  0x00b0-0x00b5]
[    0.346075] pnp 00:01: [io  0x00b8-0x00b9]
[    0.346077] pnp 00:01: [io  0x00bc-0x00bd]
[    0.346078] pnp 00:01: [io  0x1000-0x103f]
[    0.346079] pnp 00:01: [io  0x1040-0x104f]
[    0.346080] pnp 00:01: [io  0x0cf0-0x0cf1]
[    0.346136] system 00:01: [io  0x1000-0x103f] has been reserved
[    0.346140] system 00:01: [io  0x1040-0x104f] has been reserved
[    0.346142] system 00:01: [io  0x0cf0-0x0cf1] has been reserved
[    0.346145] system 00:01: Plug and Play ACPI device, IDs PNP0c02 (active)
[    0.346151] pnp 00:02: [io  0x0000-0x000f]
[    0.346152] pnp 00:02: [io  0x0081-0x008f]
[    0.346153] pnp 00:02: [io  0x00c0-0x00df]
[    0.346155] pnp 00:02: [dma 4]
[    0.346170] pnp 00:02: Plug and Play ACPI device, IDs PNP0200 (active)
[    0.346176] pnp 00:03: [io  0x0020-0x0021]
[    0.346177] pnp 00:03: [io  0x00a0-0x00a1]
[    0.346178] pnp 00:03: [io  0x04d0-0x04d1]
[    0.346180] pnp 00:03: [irq 2 disabled]
[    0.346195] pnp 00:03: Plug and Play ACPI device, IDs PNP0001 (active)
[    0.346201] pnp 00:04: [io  0x0070-0x0071]
[    0.346203] pnp 00:04: [irq 8]
[    0.346216] pnp 00:04: Plug and Play ACPI device, IDs PNP0b00 (active)
[    0.346221] pnp 00:05: [io  0x0061]
[    0.346233] pnp 00:05: Plug and Play ACPI device, IDs PNP0800 (active)
[    0.346238] pnp 00:06: [io  0x0060]
[    0.346239] pnp 00:06: [io  0x0064]
[    0.346240] pnp 00:06: [irq 1]
[    0.346255] pnp 00:06: Plug and Play ACPI device, IDs PNP0303 (active)
[    0.346260] pnp 00:07: [irq 12]
[    0.346273] pnp 00:07: Plug and Play ACPI device, IDs PNP0f13 (active)
[    0.346423] pnp 00:08: [mem 0xfed00000-0xfed003ff]
[    0.346456] system 00:08: [mem 0xfed00000-0xfed003ff] has been reserved
[    0.346458] system 00:08: Plug and Play ACPI device, IDs PNP0103 PNP0c01 (active)
[    0.350951] pnp 00:09: [io  0x0378-0x037f]
[    0.350954] pnp 00:09: [irq 7]
[    0.352043] pnp 00:09: Plug and Play ACPI device, IDs PNP0400 (active)
[    0.355774] pnp 00:0a: [io  0x03f8-0x03ff]
[    0.355777] pnp 00:0a: [irq 4]
[    0.356848] pnp 00:0a: Plug and Play ACPI device, IDs PNP0501 (active)
[    0.360059] pnp 00:0b: [io  0x02f8-0x02ff]
[    0.360061] pnp 00:0b: [irq 3]
[    0.361143] pnp 00:0b: Plug and Play ACPI device, IDs PNP0501 (active)
[    0.365875] pnp 00:0c: [io  0x03f0-0x03f5]
[    0.365877] pnp 00:0c: [io  0x03f7]
[    0.365879] pnp 00:0c: [irq 6]
[    0.365880] pnp 00:0c: [dma 2]
[    0.366848] pnp 00:0c: Plug and Play ACPI device, IDs PNP0700 (active)
[    0.367004] pnp 00:0d: [mem 0xe0000000-0xefffffff]
[    0.367006] pnp 00:0d: [io  0x1060-0x107f]
[    0.367007] pnp 00:0d: [mem 0xc8200000-0xc83fffff]
[    0.367047] system 00:0d: [io  0x1060-0x107f] has been reserved
[    0.367050] system 00:0d: [mem 0xe0000000-0xefffffff] has been reserved
[    0.367052] system 00:0d: [mem 0xc8200000-0xc83fffff] has been reserved
[    0.367054] system 00:0d: Plug and Play ACPI device, IDs PNP0c02 (active)
[    0.371591] pnp: PnP ACPI: found 14 devices
[    0.371593] ACPI: ACPI bus type pnp unregistered
[    0.371596] PnPBIOS: Disabled by ACPI PNP
[    0.407239] PCI: max bus depth: 1 pci_try_num: 2
[    0.408008] pci 0000:00:0f.0: BAR 6: assigned [mem 0xc0000000-0xc0007fff pref]
[    0.408014] pci 0000:00:10.0: BAR 6: assigned [mem 0xc0008000-0xc000bfff pref]
[    0.408020] pci 0000:00:18.7: BAR 13: can't assign io (size 0x1000)
[    0.408025] pci 0000:00:18.6: BAR 13: can't assign io (size 0x1000)
[    0.408029] pci 0000:00:18.5: BAR 13: can't assign io (size 0x1000)
[    0.408033] pci 0000:00:18.4: BAR 13: can't assign io (size 0x1000)
[    0.408037] pci 0000:00:18.3: BAR 13: can't assign io (size 0x1000)
[    0.408041] pci 0000:00:18.2: BAR 13: can't assign io (size 0x1000)
[    0.408046] pci 0000:00:17.7: BAR 13: can't assign io (size 0x1000)
[    0.408050] pci 0000:00:17.6: BAR 13: can't assign io (size 0x1000)
[    0.408054] pci 0000:00:17.5: BAR 13: can't assign io (size 0x1000)
[    0.408058] pci 0000:00:17.4: BAR 13: can't assign io (size 0x1000)
[    0.408062] pci 0000:00:17.3: BAR 13: can't assign io (size 0x1000)
[    0.408066] pci 0000:00:16.7: BAR 13: can't assign io (size 0x1000)
[    0.408070] pci 0000:00:16.6: BAR 13: can't assign io (size 0x1000)
[    0.408074] pci 0000:00:16.5: BAR 13: can't assign io (size 0x1000)
[    0.408079] pci 0000:00:16.4: BAR 13: can't assign io (size 0x1000)
[    0.408083] pci 0000:00:16.3: BAR 13: can't assign io (size 0x1000)
[    0.408087] pci 0000:00:15.7: BAR 13: can't assign io (size 0x1000)
[    0.408091] pci 0000:00:15.6: BAR 13: can't assign io (size 0x1000)
[    0.408095] pci 0000:00:15.5: BAR 13: can't assign io (size 0x1000)
[    0.408099] pci 0000:00:15.4: BAR 13: can't assign io (size 0x1000)
[    0.408104] pci 0000:00:15.3: BAR 13: can't assign io (size 0x1000)
[    0.408108] pci 0000:00:01.0: PCI bridge to [bus 01-01]
[    0.408162] pci 0000:02:01.0: BAR 6: assigned [mem 0xd8400000-0xd840ffff pref]
[    0.408166] pci 0000:00:11.0: PCI bridge to [bus 02-02]
[    0.408183] pci 0000:00:11.0:   bridge window [io  0x2000-0x3fff]
[    0.408225] pci 0000:00:11.0:   bridge window [mem 0xc9000000-0xca3fffff]
[    0.408255] pci 0000:00:11.0:   bridge window [mem 0xd8400000-0xd89fffff 64bit pref]
[    0.408309] pci 0000:00:15.0: PCI bridge to [bus 03-03]
[    0.408325] pci 0000:00:15.0:   bridge window [io  0x4000-0x4fff]
[    0.408367] pci 0000:00:15.0:   bridge window [mem 0xca400000-0xca4fffff]
[    0.408397] pci 0000:00:15.0:   bridge window [mem 0xd8a00000-0xd8afffff 64bit pref]
[    0.408451] pci 0000:00:15.1: PCI bridge to [bus 04-04]
[    0.408469] pci 0000:00:15.1:   bridge window [io  0x8000-0x8fff]
[    0.408510] pci 0000:00:15.1:   bridge window [mem 0xca800000-0xca8fffff]
[    0.408539] pci 0000:00:15.1:   bridge window [mem 0xd8e00000-0xd8efffff 64bit pref]
[    0.408594] pci 0000:00:15.2: PCI bridge to [bus 05-05]
[    0.408611] pci 0000:00:15.2:   bridge window [io  0xc000-0xcfff]
[    0.408653] pci 0000:00:15.2:   bridge window [mem 0xcac00000-0xcacfffff]
[    0.408682] pci 0000:00:15.2:   bridge window [mem 0xd9200000-0xd92fffff 64bit pref]
[    0.408737] pci 0000:00:15.3: PCI bridge to [bus 06-06]
[    0.408779] pci 0000:00:15.3:   bridge window [mem 0xcb000000-0xcb0fffff]
[    0.408808] pci 0000:00:15.3:   bridge window [mem 0xd9600000-0xd96fffff 64bit pref]
[    0.408863] pci 0000:00:15.4: PCI bridge to [bus 07-07]
[    0.408918] pci 0000:00:15.4:   bridge window [mem 0xcb400000-0xcb4fffff]
[    0.408947] pci 0000:00:15.4:   bridge window [mem 0xd9a00000-0xd9afffff 64bit pref]
[    0.409002] pci 0000:00:15.5: PCI bridge to [bus 08-08]
[    0.409045] pci 0000:00:15.5:   bridge window [mem 0xcb800000-0xcb8fffff]
[    0.409073] pci 0000:00:15.5:   bridge window [mem 0xd9e00000-0xd9efffff 64bit pref]
[    0.409128] pci 0000:00:15.6: PCI bridge to [bus 09-09]
[    0.409170] pci 0000:00:15.6:   bridge window [mem 0xcbc00000-0xcbcfffff]
[    0.409199] pci 0000:00:15.6:   bridge window [mem 0xda200000-0xda2fffff 64bit pref]
[    0.409254] pci 0000:00:15.7: PCI bridge to [bus 0a-0a]
[    0.409296] pci 0000:00:15.7:   bridge window [mem 0xcc000000-0xcc0fffff]
[    0.409325] pci 0000:00:15.7:   bridge window [mem 0xda600000-0xda6fffff 64bit pref]
[    0.409380] pci 0000:00:16.0: PCI bridge to [bus 0b-0b]
[    0.409397] pci 0000:00:16.0:   bridge window [io  0x5000-0x5fff]
[    0.409438] pci 0000:00:16.0:   bridge window [mem 0xca500000-0xca5fffff]
[    0.409467] pci 0000:00:16.0:   bridge window [mem 0xd8b00000-0xd8bfffff 64bit pref]
[    0.409522] pci 0000:00:16.1: PCI bridge to [bus 0c-0c]
[    0.409539] pci 0000:00:16.1:   bridge window [io  0x9000-0x9fff]
[    0.409581] pci 0000:00:16.1:   bridge window [mem 0xca900000-0xca9fffff]
[    0.409610] pci 0000:00:16.1:   bridge window [mem 0xd8f00000-0xd8ffffff 64bit pref]
[    0.409664] pci 0000:00:16.2: PCI bridge to [bus 0d-0d]
[    0.409682] pci 0000:00:16.2:   bridge window [io  0xd000-0xdfff]
[    0.409723] pci 0000:00:16.2:   bridge window [mem 0xcad00000-0xcadfffff]
[    0.409753] pci 0000:00:16.2:   bridge window [mem 0xd9300000-0xd93fffff 64bit pref]
[    0.409807] pci 0000:00:16.3: PCI bridge to [bus 0e-0e]
[    0.409850] pci 0000:00:16.3:   bridge window [mem 0xcb100000-0xcb1fffff]
[    0.409879] pci 0000:00:16.3:   bridge window [mem 0xd9700000-0xd97fffff 64bit pref]
[    0.409934] pci 0000:00:16.4: PCI bridge to [bus 0f-0f]
[    0.409976] pci 0000:00:16.4:   bridge window [mem 0xcb500000-0xcb5fffff]
[    0.410004] pci 0000:00:16.4:   bridge window [mem 0xd9b00000-0xd9bfffff 64bit pref]
[    0.410059] pci 0000:00:16.5: PCI bridge to [bus 10-10]
[    0.410101] pci 0000:00:16.5:   bridge window [mem 0xcb900000-0xcb9fffff]
[    0.410131] pci 0000:00:16.5:   bridge window [mem 0xd9f00000-0xd9ffffff 64bit pref]
[    0.410185] pci 0000:00:16.6: PCI bridge to [bus 11-11]
[    0.410228] pci 0000:00:16.6:   bridge window [mem 0xcbd00000-0xcbdfffff]
[    0.410256] pci 0000:00:16.6:   bridge window [mem 0xda300000-0xda3fffff 64bit pref]
[    0.410311] pci 0000:00:16.7: PCI bridge to [bus 12-12]
[    0.410353] pci 0000:00:16.7:   bridge window [mem 0xcc100000-0xcc1fffff]
[    0.410382] pci 0000:00:16.7:   bridge window [mem 0xda700000-0xda7fffff 64bit pref]
[    0.410437] pci 0000:00:17.0: PCI bridge to [bus 13-13]
[    0.410453] pci 0000:00:17.0:   bridge window [io  0x6000-0x6fff]
[    0.410495] pci 0000:00:17.0:   bridge window [mem 0xca600000-0xca6fffff]
[    0.410524] pci 0000:00:17.0:   bridge window [mem 0xd8c00000-0xd8cfffff 64bit pref]
[    0.410579] pci 0000:00:17.1: PCI bridge to [bus 14-14]
[    0.410596] pci 0000:00:17.1:   bridge window [io  0xa000-0xafff]
[    0.410637] pci 0000:00:17.1:   bridge window [mem 0xcaa00000-0xcaafffff]
[    0.410666] pci 0000:00:17.1:   bridge window [mem 0xd9000000-0xd90fffff 64bit pref]
[    0.410721] pci 0000:00:17.2: PCI bridge to [bus 15-15]
[    0.410739] pci 0000:00:17.2:   bridge window [io  0xe000-0xefff]
[    0.410781] pci 0000:00:17.2:   bridge window [mem 0xcae00000-0xcaefffff]
[    0.410810] pci 0000:00:17.2:   bridge window [mem 0xd9400000-0xd94fffff 64bit pref]
[    0.410864] pci 0000:00:17.3: PCI bridge to [bus 16-16]
[    0.410906] pci 0000:00:17.3:   bridge window [mem 0xcb200000-0xcb2fffff]
[    0.410936] pci 0000:00:17.3:   bridge window [mem 0xd9800000-0xd98fffff 64bit pref]
[    0.410990] pci 0000:00:17.4: PCI bridge to [bus 17-17]
[    0.411032] pci 0000:00:17.4:   bridge window [mem 0xcb600000-0xcb6fffff]
[    0.411061] pci 0000:00:17.4:   bridge window [mem 0xd9c00000-0xd9cfffff 64bit pref]
[    0.411115] pci 0000:00:17.5: PCI bridge to [bus 18-18]
[    0.411157] pci 0000:00:17.5:   bridge window [mem 0xcba00000-0xcbafffff]
[    0.411186] pci 0000:00:17.5:   bridge window [mem 0xda000000-0xda0fffff 64bit pref]
[    0.411241] pci 0000:00:17.6: PCI bridge to [bus 19-19]
[    0.411283] pci 0000:00:17.6:   bridge window [mem 0xcbe00000-0xcbefffff]
[    0.411312] pci 0000:00:17.6:   bridge window [mem 0xda400000-0xda4fffff 64bit pref]
[    0.411367] pci 0000:00:17.7: PCI bridge to [bus 1a-1a]
[    0.411409] pci 0000:00:17.7:   bridge window [mem 0xcc200000-0xcc2fffff]
[    0.411438] pci 0000:00:17.7:   bridge window [mem 0xda800000-0xda8fffff 64bit pref]
[    0.411493] pci 0000:00:18.0: PCI bridge to [bus 1b-1b]
[    0.411510] pci 0000:00:18.0:   bridge window [io  0x7000-0x7fff]
[    0.411551] pci 0000:00:18.0:   bridge window [mem 0xca700000-0xca7fffff]
[    0.411581] pci 0000:00:18.0:   bridge window [mem 0xd8d00000-0xd8dfffff 64bit pref]
[    0.411635] pci 0000:00:18.1: PCI bridge to [bus 1c-1c]
[    0.411653] pci 0000:00:18.1:   bridge window [io  0xb000-0xbfff]
[    0.411694] pci 0000:00:18.1:   bridge window [mem 0xcab00000-0xcabfffff]
[    0.411723] pci 0000:00:18.1:   bridge window [mem 0xd9100000-0xd91fffff 64bit pref]
[    0.411778] pci 0000:00:18.2: PCI bridge to [bus 1d-1d]
[    0.411819] pci 0000:00:18.2:   bridge window [mem 0xcaf00000-0xcaffffff]
[    0.411848] pci 0000:00:18.2:   bridge window [mem 0xd9500000-0xd95fffff 64bit pref]
[    0.411903] pci 0000:00:18.3: PCI bridge to [bus 1e-1e]
[    0.411952] pci 0000:00:18.3:   bridge window [mem 0xcb300000-0xcb3fffff]
[    0.411982] pci 0000:00:18.3:   bridge window [mem 0xd9900000-0xd99fffff 64bit pref]
[    0.412036] pci 0000:00:18.4: PCI bridge to [bus 1f-1f]
[    0.412079] pci 0000:00:18.4:   bridge window [mem 0xcb700000-0xcb7fffff]
[    0.412108] pci 0000:00:18.4:   bridge window [mem 0xd9d00000-0xd9dfffff 64bit pref]
[    0.412162] pci 0000:00:18.5: PCI bridge to [bus 20-20]
[    0.412204] pci 0000:00:18.5:   bridge window [mem 0xcbb00000-0xcbbfffff]
[    0.412234] pci 0000:00:18.5:   bridge window [mem 0xda100000-0xda1fffff 64bit pref]
[    0.412288] pci 0000:00:18.6: PCI bridge to [bus 21-21]
[    0.412330] pci 0000:00:18.6:   bridge window [mem 0xcbf00000-0xcbffffff]
[    0.412360] pci 0000:00:18.6:   bridge window [mem 0xda500000-0xda5fffff 64bit pref]
[    0.412414] pci 0000:00:18.7: PCI bridge to [bus 22-22]
[    0.412457] pci 0000:00:18.7:   bridge window [mem 0xcc300000-0xcc3fffff]
[    0.412486] pci 0000:00:18.7:   bridge window [mem 0xda900000-0xda9fffff 64bit pref]
[    0.412540] pci 0000:00:01.0: setting latency timer to 64
[    0.412595] pci 0000:00:15.0: setting latency timer to 64
[    0.412650] pci 0000:00:15.1: setting latency timer to 64
[    0.412705] pci 0000:00:15.2: setting latency timer to 64
[    0.412759] pci 0000:00:15.3: setting latency timer to 64
[    0.412814] pci 0000:00:15.4: setting latency timer to 64
[    0.412869] pci 0000:00:15.5: setting latency timer to 64
[    0.412924] pci 0000:00:15.6: setting latency timer to 64
[    0.412978] pci 0000:00:15.7: setting latency timer to 64
[    0.413033] pci 0000:00:16.0: setting latency timer to 64
[    0.413088] pci 0000:00:16.1: setting latency timer to 64
[    0.413143] pci 0000:00:16.2: setting latency timer to 64
[    0.413197] pci 0000:00:16.3: setting latency timer to 64
[    0.413252] pci 0000:00:16.4: setting latency timer to 64
[    0.413307] pci 0000:00:16.5: setting latency timer to 64
[    0.413362] pci 0000:00:16.6: setting latency timer to 64
[    0.413416] pci 0000:00:16.7: setting latency timer to 64
[    0.413471] pci 0000:00:17.0: setting latency timer to 64
[    0.413526] pci 0000:00:17.1: setting latency timer to 64
[    0.413581] pci 0000:00:17.2: setting latency timer to 64
[    0.413635] pci 0000:00:17.3: setting latency timer to 64
[    0.413690] pci 0000:00:17.4: setting latency timer to 64
[    0.413745] pci 0000:00:17.5: setting latency timer to 64
[    0.413800] pci 0000:00:17.6: setting latency timer to 64
[    0.413854] pci 0000:00:17.7: setting latency timer to 64
[    0.413909] pci 0000:00:18.0: setting latency timer to 64
[    0.413964] pci 0000:00:18.1: setting latency timer to 64
[    0.414018] pci 0000:00:18.2: setting latency timer to 64
[    0.414073] pci 0000:00:18.3: setting latency timer to 64
[    0.414128] pci 0000:00:18.4: setting latency timer to 64
[    0.414183] pci 0000:00:18.5: setting latency timer to 64
[    0.414237] pci 0000:00:18.6: setting latency timer to 64
[    0.414292] pci 0000:00:18.7: setting latency timer to 64
[    0.414307] pci_bus 0000:00: resource 4 [mem 0x000a0000-0x000bffff]
[    0.414309] pci_bus 0000:00: resource 5 [mem 0x000cc000-0x000cffff]
[    0.414311] pci_bus 0000:00: resource 6 [mem 0x000d0000-0x000d3fff]
[    0.414313] pci_bus 0000:00: resource 7 [mem 0x000d4000-0x000d7fff]
[    0.414315] pci_bus 0000:00: resource 8 [mem 0x000d8000-0x000dbfff]
[    0.414317] pci_bus 0000:00: resource 9 [mem 0xc0000000-0xfebfffff]
[    0.414320] pci_bus 0000:00: resource 10 [io  0x0000-0x0cf7]
[    0.414322] pci_bus 0000:00: resource 11 [io  0x0d00-0xfeff]
[    0.414324] pci_bus 0000:02: resource 0 [io  0x2000-0x3fff]
[    0.414326] pci_bus 0000:02: resource 1 [mem 0xc9000000-0xca3fffff]
[    0.414328] pci_bus 0000:02: resource 2 [mem 0xd8400000-0xd89fffff 64bit pref]
[    0.414331] pci_bus 0000:02: resource 4 [mem 0x000a0000-0x000bffff]
[    0.414333] pci_bus 0000:02: resource 5 [mem 0x000cc000-0x000cffff]
[    0.414335] pci_bus 0000:02: resource 6 [mem 0x000d0000-0x000d3fff]
[    0.414337] pci_bus 0000:02: resource 7 [mem 0x000d4000-0x000d7fff]
[    0.414339] pci_bus 0000:02: resource 8 [mem 0x000d8000-0x000dbfff]
[    0.414341] pci_bus 0000:02: resource 9 [mem 0xc0000000-0xfebfffff]
[    0.414343] pci_bus 0000:02: resource 10 [io  0x0000-0x0cf7]
[    0.414345] pci_bus 0000:02: resource 11 [io  0x0d00-0xfeff]
[    0.414347] pci_bus 0000:03: resource 0 [io  0x4000-0x4fff]
[    0.414349] pci_bus 0000:03: resource 1 [mem 0xca400000-0xca4fffff]
[    0.414351] pci_bus 0000:03: resource 2 [mem 0xd8a00000-0xd8afffff 64bit pref]
[    0.414353] pci_bus 0000:04: resource 0 [io  0x8000-0x8fff]
[    0.414355] pci_bus 0000:04: resource 1 [mem 0xca800000-0xca8fffff]
[    0.414357] pci_bus 0000:04: resource 2 [mem 0xd8e00000-0xd8efffff 64bit pref]
[    0.414359] pci_bus 0000:05: resource 0 [io  0xc000-0xcfff]
[    0.414361] pci_bus 0000:05: resource 1 [mem 0xcac00000-0xcacfffff]
[    0.414363] pci_bus 0000:05: resource 2 [mem 0xd9200000-0xd92fffff 64bit pref]
[    0.414366] pci_bus 0000:06: resource 1 [mem 0xcb000000-0xcb0fffff]
[    0.414368] pci_bus 0000:06: resource 2 [mem 0xd9600000-0xd96fffff 64bit pref]
[    0.414370] pci_bus 0000:07: resource 1 [mem 0xcb400000-0xcb4fffff]
[    0.414372] pci_bus 0000:07: resource 2 [mem 0xd9a00000-0xd9afffff 64bit pref]
[    0.414374] pci_bus 0000:08: resource 1 [mem 0xcb800000-0xcb8fffff]
[    0.414377] pci_bus 0000:08: resource 2 [mem 0xd9e00000-0xd9efffff 64bit pref]
[    0.414379] pci_bus 0000:09: resource 1 [mem 0xcbc00000-0xcbcfffff]
[    0.414381] pci_bus 0000:09: resource 2 [mem 0xda200000-0xda2fffff 64bit pref]
[    0.414383] pci_bus 0000:0a: resource 1 [mem 0xcc000000-0xcc0fffff]
[    0.414385] pci_bus 0000:0a: resource 2 [mem 0xda600000-0xda6fffff 64bit pref]
[    0.414387] pci_bus 0000:0b: resource 0 [io  0x5000-0x5fff]
[    0.414389] pci_bus 0000:0b: resource 1 [mem 0xca500000-0xca5fffff]
[    0.414392] pci_bus 0000:0b: resource 2 [mem 0xd8b00000-0xd8bfffff 64bit pref]
[    0.414394] pci_bus 0000:0c: resource 0 [io  0x9000-0x9fff]
[    0.414396] pci_bus 0000:0c: resource 1 [mem 0xca900000-0xca9fffff]
[    0.414398] pci_bus 0000:0c: resource 2 [mem 0xd8f00000-0xd8ffffff 64bit pref]
[    0.414400] pci_bus 0000:0d: resource 0 [io  0xd000-0xdfff]
[    0.414402] pci_bus 0000:0d: resource 1 [mem 0xcad00000-0xcadfffff]
[    0.414404] pci_bus 0000:0d: resource 2 [mem 0xd9300000-0xd93fffff 64bit pref]
[    0.414406] pci_bus 0000:0e: resource 1 [mem 0xcb100000-0xcb1fffff]
[    0.414409] pci_bus 0000:0e: resource 2 [mem 0xd9700000-0xd97fffff 64bit pref]
[    0.414411] pci_bus 0000:0f: resource 1 [mem 0xcb500000-0xcb5fffff]
[    0.414413] pci_bus 0000:0f: resource 2 [mem 0xd9b00000-0xd9bfffff 64bit pref]
[    0.414415] pci_bus 0000:10: resource 1 [mem 0xcb900000-0xcb9fffff]
[    0.414417] pci_bus 0000:10: resource 2 [mem 0xd9f00000-0xd9ffffff 64bit pref]
[    0.414419] pci_bus 0000:11: resource 1 [mem 0xcbd00000-0xcbdfffff]
[    0.414422] pci_bus 0000:11: resource 2 [mem 0xda300000-0xda3fffff 64bit pref]
[    0.414424] pci_bus 0000:12: resource 1 [mem 0xcc100000-0xcc1fffff]
[    0.414426] pci_bus 0000:12: resource 2 [mem 0xda700000-0xda7fffff 64bit pref]
[    0.414428] pci_bus 0000:13: resource 0 [io  0x6000-0x6fff]
[    0.414430] pci_bus 0000:13: resource 1 [mem 0xca600000-0xca6fffff]
[    0.414432] pci_bus 0000:13: resource 2 [mem 0xd8c00000-0xd8cfffff 64bit pref]
[    0.414434] pci_bus 0000:14: resource 0 [io  0xa000-0xafff]
[    0.414436] pci_bus 0000:14: resource 1 [mem 0xcaa00000-0xcaafffff]
[    0.414439] pci_bus 0000:14: resource 2 [mem 0xd9000000-0xd90fffff 64bit pref]
[    0.414441] pci_bus 0000:15: resource 0 [io  0xe000-0xefff]
[    0.414443] pci_bus 0000:15: resource 1 [mem 0xcae00000-0xcaefffff]
[    0.414445] pci_bus 0000:15: resource 2 [mem 0xd9400000-0xd94fffff 64bit pref]
[    0.414447] pci_bus 0000:16: resource 1 [mem 0xcb200000-0xcb2fffff]
[    0.414449] pci_bus 0000:16: resource 2 [mem 0xd9800000-0xd98fffff 64bit pref]
[    0.414452] pci_bus 0000:17: resource 1 [mem 0xcb600000-0xcb6fffff]
[    0.414454] pci_bus 0000:17: resource 2 [mem 0xd9c00000-0xd9cfffff 64bit pref]
[    0.414456] pci_bus 0000:18: resource 1 [mem 0xcba00000-0xcbafffff]
[    0.414458] pci_bus 0000:18: resource 2 [mem 0xda000000-0xda0fffff 64bit pref]
[    0.414460] pci_bus 0000:19: resource 1 [mem 0xcbe00000-0xcbefffff]
[    0.414462] pci_bus 0000:19: resource 2 [mem 0xda400000-0xda4fffff 64bit pref]
[    0.414464] pci_bus 0000:1a: resource 1 [mem 0xcc200000-0xcc2fffff]
[    0.414467] pci_bus 0000:1a: resource 2 [mem 0xda800000-0xda8fffff 64bit pref]
[    0.414469] pci_bus 0000:1b: resource 0 [io  0x7000-0x7fff]
[    0.414471] pci_bus 0000:1b: resource 1 [mem 0xca700000-0xca7fffff]
[    0.414473] pci_bus 0000:1b: resource 2 [mem 0xd8d00000-0xd8dfffff 64bit pref]
[    0.414475] pci_bus 0000:1c: resource 0 [io  0xb000-0xbfff]
[    0.414477] pci_bus 0000:1c: resource 1 [mem 0xcab00000-0xcabfffff]
[    0.414479] pci_bus 0000:1c: resource 2 [mem 0xd9100000-0xd91fffff 64bit pref]
[    0.414481] pci_bus 0000:1d: resource 1 [mem 0xcaf00000-0xcaffffff]
[    0.414484] pci_bus 0000:1d: resource 2 [mem 0xd9500000-0xd95fffff 64bit pref]
[    0.414486] pci_bus 0000:1e: resource 1 [mem 0xcb300000-0xcb3fffff]
[    0.414488] pci_bus 0000:1e: resource 2 [mem 0xd9900000-0xd99fffff 64bit pref]
[    0.414490] pci_bus 0000:1f: resource 1 [mem 0xcb700000-0xcb7fffff]
[    0.414492] pci_bus 0000:1f: resource 2 [mem 0xd9d00000-0xd9dfffff 64bit pref]
[    0.414494] pci_bus 0000:20: resource 1 [mem 0xcbb00000-0xcbbfffff]
[    0.414497] pci_bus 0000:20: resource 2 [mem 0xda100000-0xda1fffff 64bit pref]
[    0.414499] pci_bus 0000:21: resource 1 [mem 0xcbf00000-0xcbffffff]
[    0.414501] pci_bus 0000:21: resource 2 [mem 0xda500000-0xda5fffff 64bit pref]
[    0.414503] pci_bus 0000:22: resource 1 [mem 0xcc300000-0xcc3fffff]
[    0.414505] pci_bus 0000:22: resource 2 [mem 0xda900000-0xda9fffff 64bit pref]
[    0.414539] NET: Registered protocol family 2
[    0.414592] IP route cache hash table entries: 32768 (order: 5, 131072 bytes)
[    0.414646] TCP established hash table entries: 131072 (order: 8, 1048576 bytes)
[    0.414701] TCP bind hash table entries: 65536 (order: 7, 524288 bytes)
[    0.414756] TCP: Hash tables configured (established 131072 bind 65536)
[    0.414758] TCP reno registered
[    0.414761] UDP hash table entries: 512 (order: 2, 16384 bytes)
[    0.414769] UDP-Lite hash table entries: 512 (order: 2, 16384 bytes)
[    0.414806] NET: Registered protocol family 1
[    0.414814] pci 0000:00:00.0: Limiting direct PCI/PCI transfers
[    0.414868] pci 0000:00:0f.0: Boot video device
[    0.414923] ACPI: PCI Interrupt Link [LNKC] enabled at IRQ 10
[    0.414926] PCI: setting IRQ 10 as level-triggered
[    0.414933] pci 0000:02:00.0: PCI INT A -> Link[LNKC] -> GSI 10 (level, low) -> IRQ 10
[    0.415036] pci 0000:02:00.0: PCI INT A disabled
[    0.415091] ACPI: PCI Interrupt Link [LNKB] enabled at IRQ 11
[    0.415093] PCI: setting IRQ 11 as level-triggered
[    0.415097] pci 0000:02:03.0: PCI INT A -> Link[LNKB] -> GSI 11 (level, low) -> IRQ 11
[    0.415152] pci 0000:02:03.0: PCI INT A disabled
[    0.415167] PCI: CLS 32 bytes, default 64
[    0.415209] Simple Boot Flag at 0x36 set to 0x1
[    0.415213] Switching to clocksource tsc
[    0.415442] audit: initializing netlink socket (disabled)
[    0.415449] type=2000 audit(1369654159.399:1): initialized
[    0.432041] Trying to unpack rootfs image as initramfs...
[    0.455979] highmem bounce pool size: 64 pages
[    0.455984] HugeTLB registered 2 MB page size, pre-allocated 0 pages
[    0.459984] VFS: Disk quotas dquot_6.5.2
[    0.460032] Dquot-cache hash table entries: 1024 (order 0, 4096 bytes)
[    0.460150] fuse init (API version 7.17)
[    0.460210] msgmni has been set to 1710
[    0.471975] Block layer SCSI generic (bsg) driver version 0.4 loaded (major 253)
[    0.475915] io scheduler noop registered
[    0.475917] io scheduler deadline registered
[    0.475925] io scheduler cfq registered (default)
[    0.475979] pcieport 0000:00:15.0: setting latency timer to 64
[    0.476034] pcieport 0000:00:15.0: irq 40 for MSI/MSI-X
[    0.476089] pcieport 0000:00:15.1: setting latency timer to 64
[    0.476144] pcieport 0000:00:15.1: irq 41 for MSI/MSI-X
[    0.476198] pcieport 0000:00:15.2: setting latency timer to 64
[    0.476253] pcieport 0000:00:15.2: irq 42 for MSI/MSI-X
[    0.476308] pcieport 0000:00:15.3: setting latency timer to 64
[    0.476363] pcieport 0000:00:15.3: irq 43 for MSI/MSI-X
[    0.476417] pcieport 0000:00:15.4: setting latency timer to 64
[    0.476472] pcieport 0000:00:15.4: irq 44 for MSI/MSI-X
[    0.476527] pcieport 0000:00:15.5: setting latency timer to 64
[    0.476582] pcieport 0000:00:15.5: irq 45 for MSI/MSI-X
[    0.476636] pcieport 0000:00:15.6: setting latency timer to 64
[    0.476691] pcieport 0000:00:15.6: irq 46 for MSI/MSI-X
[    0.476746] pcieport 0000:00:15.7: setting latency timer to 64
[    0.476801] pcieport 0000:00:15.7: irq 47 for MSI/MSI-X
[    0.476855] pcieport 0000:00:16.0: setting latency timer to 64
[    0.476910] pcieport 0000:00:16.0: irq 48 for MSI/MSI-X
[    0.476965] pcieport 0000:00:16.1: setting latency timer to 64
[    0.477020] pcieport 0000:00:16.1: irq 49 for MSI/MSI-X
[    0.477074] pcieport 0000:00:16.2: setting latency timer to 64
[    0.477129] pcieport 0000:00:16.2: irq 50 for MSI/MSI-X
[    0.477184] pcieport 0000:00:16.3: setting latency timer to 64
[    0.477239] pcieport 0000:00:16.3: irq 51 for MSI/MSI-X
[    0.477293] pcieport 0000:00:16.4: setting latency timer to 64
[    0.477348] pcieport 0000:00:16.4: irq 52 for MSI/MSI-X
[    0.477403] pcieport 0000:00:16.5: setting latency timer to 64
[    0.477457] pcieport 0000:00:16.5: irq 53 for MSI/MSI-X
[    0.477512] pcieport 0000:00:16.6: setting latency timer to 64
[    0.477567] pcieport 0000:00:16.6: irq 54 for MSI/MSI-X
[    0.477622] pcieport 0000:00:16.7: setting latency timer to 64
[    0.477676] pcieport 0000:00:16.7: irq 55 for MSI/MSI-X
[    0.477731] pcieport 0000:00:17.0: setting latency timer to 64
[    0.477786] pcieport 0000:00:17.0: irq 56 for MSI/MSI-X
[    0.477841] pcieport 0000:00:17.1: setting latency timer to 64
[    0.477895] pcieport 0000:00:17.1: irq 57 for MSI/MSI-X
[    0.477950] pcieport 0000:00:17.2: setting latency timer to 64
[    0.478005] pcieport 0000:00:17.2: irq 58 for MSI/MSI-X
[    0.478060] pcieport 0000:00:17.3: setting latency timer to 64
[    0.478114] pcieport 0000:00:17.3: irq 59 for MSI/MSI-X
[    0.478169] pcieport 0000:00:17.4: setting latency timer to 64
[    0.478224] pcieport 0000:00:17.4: irq 60 for MSI/MSI-X
[    0.478279] pcieport 0000:00:17.5: setting latency timer to 64
[    0.478333] pcieport 0000:00:17.5: irq 61 for MSI/MSI-X
[    0.478388] pcieport 0000:00:17.6: setting latency timer to 64
[    0.478443] pcieport 0000:00:17.6: irq 62 for MSI/MSI-X
[    0.478498] pcieport 0000:00:17.7: setting latency timer to 64
[    0.478552] pcieport 0000:00:17.7: irq 63 for MSI/MSI-X
[    0.478607] pcieport 0000:00:18.0: setting latency timer to 64
[    0.478662] pcieport 0000:00:18.0: irq 64 for MSI/MSI-X
[    0.478717] pcieport 0000:00:18.1: setting latency timer to 64
[    0.478771] pcieport 0000:00:18.1: irq 65 for MSI/MSI-X
[    0.478826] pcieport 0000:00:18.2: setting latency timer to 64
[    0.478881] pcieport 0000:00:18.2: irq 66 for MSI/MSI-X
[    0.478936] pcieport 0000:00:18.3: setting latency timer to 64
[    0.478990] pcieport 0000:00:18.3: irq 67 for MSI/MSI-X
[    0.479045] pcieport 0000:00:18.4: setting latency timer to 64
[    0.479100] pcieport 0000:00:18.4: irq 68 for MSI/MSI-X
[    0.479155] pcieport 0000:00:18.5: setting latency timer to 64
[    0.479209] pcieport 0000:00:18.5: irq 69 for MSI/MSI-X
[    0.479264] pcieport 0000:00:18.6: setting latency timer to 64
[    0.479319] pcieport 0000:00:18.6: irq 70 for MSI/MSI-X
[    0.479890] pcieport 0000:00:18.7: setting latency timer to 64
[    0.480005] pcieport 0000:00:18.7: irq 71 for MSI/MSI-X
[    0.480060] pcieport 0000:00:15.0: Signaling PME through PCIe PME interrupt
[    0.480086] pcie_pme 0000:00:15.0:pcie01: service driver pcie_pme loaded
[    0.480140] pcieport 0000:00:15.1: Signaling PME through PCIe PME interrupt
[    0.480165] pcie_pme 0000:00:15.1:pcie01: service driver pcie_pme loaded
[    0.480220] pcieport 0000:00:15.2: Signaling PME through PCIe PME interrupt
[    0.480245] pcie_pme 0000:00:15.2:pcie01: service driver pcie_pme loaded
[    0.480300] pcieport 0000:00:15.3: Signaling PME through PCIe PME interrupt
[    0.480325] pcie_pme 0000:00:15.3:pcie01: service driver pcie_pme loaded
[    0.480380] pcieport 0000:00:15.4: Signaling PME through PCIe PME interrupt
[    0.480415] pcie_pme 0000:00:15.4:pcie01: service driver pcie_pme loaded
[    0.480469] pcieport 0000:00:15.5: Signaling PME through PCIe PME interrupt
[    0.480495] pcie_pme 0000:00:15.5:pcie01: service driver pcie_pme loaded
[    0.480550] pcieport 0000:00:15.6: Signaling PME through PCIe PME interrupt
[    0.480575] pcie_pme 0000:00:15.6:pcie01: service driver pcie_pme loaded
[    0.480630] pcieport 0000:00:15.7: Signaling PME through PCIe PME interrupt
[    0.480655] pcie_pme 0000:00:15.7:pcie01: service driver pcie_pme loaded
[    0.480710] pcieport 0000:00:16.0: Signaling PME through PCIe PME interrupt
[    0.480735] pcie_pme 0000:00:16.0:pcie01: service driver pcie_pme loaded
[    0.480790] pcieport 0000:00:16.1: Signaling PME through PCIe PME interrupt
[    0.480815] pcie_pme 0000:00:16.1:pcie01: service driver pcie_pme loaded
[    0.480870] pcieport 0000:00:16.2: Signaling PME through PCIe PME interrupt
[    0.480895] pcie_pme 0000:00:16.2:pcie01: service driver pcie_pme loaded
[    0.480950] pcieport 0000:00:16.3: Signaling PME through PCIe PME interrupt
[    0.480975] pcie_pme 0000:00:16.3:pcie01: service driver pcie_pme loaded
[    0.481030] pcieport 0000:00:16.4: Signaling PME through PCIe PME interrupt
[    0.481055] pcie_pme 0000:00:16.4:pcie01: service driver pcie_pme loaded
[    0.481109] pcieport 0000:00:16.5: Signaling PME through PCIe PME interrupt
[    0.481135] pcie_pme 0000:00:16.5:pcie01: service driver pcie_pme loaded
[    0.481189] pcieport 0000:00:16.6: Signaling PME through PCIe PME interrupt
[    0.481215] pcie_pme 0000:00:16.6:pcie01: service driver pcie_pme loaded
[    0.481270] pcieport 0000:00:16.7: Signaling PME through PCIe PME interrupt
[    0.481295] pcie_pme 0000:00:16.7:pcie01: service driver pcie_pme loaded
[    0.481350] pcieport 0000:00:17.0: Signaling PME through PCIe PME interrupt
[    0.481375] pcie_pme 0000:00:17.0:pcie01: service driver pcie_pme loaded
[    0.481430] pcieport 0000:00:17.1: Signaling PME through PCIe PME interrupt
[    0.481455] pcie_pme 0000:00:17.1:pcie01: service driver pcie_pme loaded
[    0.481510] pcieport 0000:00:17.2: Signaling PME through PCIe PME interrupt
[    0.481536] pcie_pme 0000:00:17.2:pcie01: service driver pcie_pme loaded
[    0.481590] pcieport 0000:00:17.3: Signaling PME through PCIe PME interrupt
[    0.481615] pcie_pme 0000:00:17.3:pcie01: service driver pcie_pme loaded
[    0.481670] pcieport 0000:00:17.4: Signaling PME through PCIe PME interrupt
[    0.481696] pcie_pme 0000:00:17.4:pcie01: service driver pcie_pme loaded
[    0.481750] pcieport 0000:00:17.5: Signaling PME through PCIe PME interrupt
[    0.481775] pcie_pme 0000:00:17.5:pcie01: service driver pcie_pme loaded
[    0.481830] pcieport 0000:00:17.6: Signaling PME through PCIe PME interrupt
[    0.481856] pcie_pme 0000:00:17.6:pcie01: service driver pcie_pme loaded
[    0.481911] pcieport 0000:00:17.7: Signaling PME through PCIe PME interrupt
[    0.481936] pcie_pme 0000:00:17.7:pcie01: service driver pcie_pme loaded
[    0.481991] pcieport 0000:00:18.0: Signaling PME through PCIe PME interrupt
[    0.482016] pcie_pme 0000:00:18.0:pcie01: service driver pcie_pme loaded
[    0.482071] pcieport 0000:00:18.1: Signaling PME through PCIe PME interrupt
[    0.482096] pcie_pme 0000:00:18.1:pcie01: service driver pcie_pme loaded
[    0.482151] pcieport 0000:00:18.2: Signaling PME through PCIe PME interrupt
[    0.482176] pcie_pme 0000:00:18.2:pcie01: service driver pcie_pme loaded
[    0.482231] pcieport 0000:00:18.3: Signaling PME through PCIe PME interrupt
[    0.482256] pcie_pme 0000:00:18.3:pcie01: service driver pcie_pme loaded
[    0.482311] pcieport 0000:00:18.4: Signaling PME through PCIe PME interrupt
[    0.482336] pcie_pme 0000:00:18.4:pcie01: service driver pcie_pme loaded
[    0.482391] pcieport 0000:00:18.5: Signaling PME through PCIe PME interrupt
[    0.482416] pcie_pme 0000:00:18.5:pcie01: service driver pcie_pme loaded
[    0.482471] pcieport 0000:00:18.6: Signaling PME through PCIe PME interrupt
[    0.482496] pcie_pme 0000:00:18.6:pcie01: service driver pcie_pme loaded
[    0.482551] pcieport 0000:00:18.7: Signaling PME through PCIe PME interrupt
[    0.482576] pcie_pme 0000:00:18.7:pcie01: service driver pcie_pme loaded
[    0.482593] pci_hotplug: PCI Hot Plug PCI Core version: 0.5
[    0.482648] pciehp 0000:00:15.0:pcie04: HPC vendor_id 15ad device_id 7a0 ss_vid 15ad ss_did 7a0
[    0.482703] pciehp 0000:00:15.0:pcie04: service driver pciehp loaded
[    0.482758] pciehp 0000:00:15.1:pcie04: HPC vendor_id 15ad device_id 7a0 ss_vid 15ad ss_did 7a0
[    0.482812] pciehp 0000:00:15.1:pcie04: service driver pciehp loaded
[    0.482867] pciehp 0000:00:15.2:pcie04: HPC vendor_id 15ad device_id 7a0 ss_vid 15ad ss_did 7a0
[    0.482922] pciehp 0000:00:15.2:pcie04: service driver pciehp loaded
[    0.482977] pciehp 0000:00:15.3:pcie04: HPC vendor_id 15ad device_id 7a0 ss_vid 15ad ss_did 7a0
[    0.483031] pciehp 0000:00:15.3:pcie04: service driver pciehp loaded
[    0.483086] pciehp 0000:00:15.4:pcie04: HPC vendor_id 15ad device_id 7a0 ss_vid 15ad ss_did 7a0
[    0.483141] pciehp 0000:00:15.4:pcie04: service driver pciehp loaded
[    0.483196] pciehp 0000:00:15.5:pcie04: HPC vendor_id 15ad device_id 7a0 ss_vid 15ad ss_did 7a0
[    0.483250] pciehp 0000:00:15.5:pcie04: service driver pciehp loaded
[    0.483305] pciehp 0000:00:15.6:pcie04: HPC vendor_id 15ad device_id 7a0 ss_vid 15ad ss_did 7a0
[    0.483360] pciehp 0000:00:15.6:pcie04: service driver pciehp loaded
[    0.483415] pciehp 0000:00:15.7:pcie04: HPC vendor_id 15ad device_id 7a0 ss_vid 15ad ss_did 7a0
[    0.483469] pciehp 0000:00:15.7:pcie04: service driver pciehp loaded
[    0.483524] pciehp 0000:00:16.0:pcie04: HPC vendor_id 15ad device_id 7a0 ss_vid 15ad ss_did 7a0
[    0.483579] pciehp 0000:00:16.0:pcie04: service driver pciehp loaded
[    0.483633] pciehp 0000:00:16.1:pcie04: HPC vendor_id 15ad device_id 7a0 ss_vid 15ad ss_did 7a0
[    0.483688] pciehp 0000:00:16.1:pcie04: service driver pciehp loaded
[    0.483743] pciehp 0000:00:16.2:pcie04: HPC vendor_id 15ad device_id 7a0 ss_vid 15ad ss_did 7a0
[    0.483798] pciehp 0000:00:16.2:pcie04: service driver pciehp loaded
[    0.487922] pciehp 0000:00:16.3:pcie04: HPC vendor_id 15ad device_id 7a0 ss_vid 15ad ss_did 7a0
[    0.487977] pciehp 0000:00:16.3:pcie04: service driver pciehp loaded
[    0.488032] pciehp 0000:00:16.4:pcie04: HPC vendor_id 15ad device_id 7a0 ss_vid 15ad ss_did 7a0
[    0.488086] pciehp 0000:00:16.4:pcie04: service driver pciehp loaded
[    0.488141] pciehp 0000:00:16.5:pcie04: HPC vendor_id 15ad device_id 7a0 ss_vid 15ad ss_did 7a0
[    0.488196] pciehp 0000:00:16.5:pcie04: service driver pciehp loaded
[    0.488251] pciehp 0000:00:16.6:pcie04: HPC vendor_id 15ad device_id 7a0 ss_vid 15ad ss_did 7a0
[    0.488305] pciehp 0000:00:16.6:pcie04: service driver pciehp loaded
[    0.488360] pciehp 0000:00:16.7:pcie04: HPC vendor_id 15ad device_id 7a0 ss_vid 15ad ss_did 7a0
[    0.488415] pciehp 0000:00:16.7:pcie04: service driver pciehp loaded
[    0.488470] pciehp 0000:00:17.0:pcie04: HPC vendor_id 15ad device_id 7a0 ss_vid 15ad ss_did 7a0
[    0.488524] pciehp 0000:00:17.0:pcie04: service driver pciehp loaded
[    0.488579] pciehp 0000:00:17.1:pcie04: HPC vendor_id 15ad device_id 7a0 ss_vid 15ad ss_did 7a0
[    0.488634] pciehp 0000:00:17.1:pcie04: service driver pciehp loaded
[    0.488689] pciehp 0000:00:17.2:pcie04: HPC vendor_id 15ad device_id 7a0 ss_vid 15ad ss_did 7a0
[    0.488743] pciehp 0000:00:17.2:pcie04: service driver pciehp loaded
[    0.488798] pciehp 0000:00:17.3:pcie04: HPC vendor_id 15ad device_id 7a0 ss_vid 15ad ss_did 7a0
[    0.488853] pciehp 0000:00:17.3:pcie04: service driver pciehp loaded
[    0.488907] pciehp 0000:00:17.4:pcie04: HPC vendor_id 15ad device_id 7a0 ss_vid 15ad ss_did 7a0
[    0.488962] pciehp 0000:00:17.4:pcie04: service driver pciehp loaded
[    0.489017] pciehp 0000:00:17.5:pcie04: HPC vendor_id 15ad device_id 7a0 ss_vid 15ad ss_did 7a0
[    0.489072] pciehp 0000:00:17.5:pcie04: service driver pciehp loaded
[    0.489126] pciehp 0000:00:17.6:pcie04: HPC vendor_id 15ad device_id 7a0 ss_vid 15ad ss_did 7a0
[    0.489181] pciehp 0000:00:17.6:pcie04: service driver pciehp loaded
[    0.489236] pciehp 0000:00:17.7:pcie04: HPC vendor_id 15ad device_id 7a0 ss_vid 15ad ss_did 7a0
[    0.489291] pciehp 0000:00:17.7:pcie04: service driver pciehp loaded
[    0.489345] pciehp 0000:00:18.0:pcie04: HPC vendor_id 15ad device_id 7a0 ss_vid 15ad ss_did 7a0
[    0.489400] pciehp 0000:00:18.0:pcie04: service driver pciehp loaded
[    0.489455] pciehp 0000:00:18.1:pcie04: HPC vendor_id 15ad device_id 7a0 ss_vid 15ad ss_did 7a0
[    0.489510] pciehp 0000:00:18.1:pcie04: service driver pciehp loaded
[    0.489564] pciehp 0000:00:18.2:pcie04: HPC vendor_id 15ad device_id 7a0 ss_vid 15ad ss_did 7a0
[    0.489619] pciehp 0000:00:18.2:pcie04: service driver pciehp loaded
[    0.489674] pciehp 0000:00:18.3:pcie04: HPC vendor_id 15ad device_id 7a0 ss_vid 15ad ss_did 7a0
[    0.489729] pciehp 0000:00:18.3:pcie04: service driver pciehp loaded
[    0.489783] pciehp 0000:00:18.4:pcie04: HPC vendor_id 15ad device_id 7a0 ss_vid 15ad ss_did 7a0
[    0.489838] pciehp 0000:00:18.4:pcie04: service driver pciehp loaded
[    0.489893] pciehp 0000:00:18.5:pcie04: HPC vendor_id 15ad device_id 7a0 ss_vid 15ad ss_did 7a0
[    0.489948] pciehp 0000:00:18.5:pcie04: service driver pciehp loaded
[    0.490002] pciehp 0000:00:18.6:pcie04: HPC vendor_id 15ad device_id 7a0 ss_vid 15ad ss_did 7a0
[    0.490057] pciehp 0000:00:18.6:pcie04: service driver pciehp loaded
[    0.490112] pciehp 0000:00:18.7:pcie04: HPC vendor_id 15ad device_id 7a0 ss_vid 15ad ss_did 7a0
[    0.490167] pciehp 0000:00:18.7:pcie04: service driver pciehp loaded
[    0.490178] pciehp: PCI Express Hot Plug Controller Driver version: 0.4
[    0.490232] ACPI: Deprecated procfs I/F for AC is loaded, please retry with CONFIG_ACPI_PROCFS_POWER cleared
[    0.490291] ACPI: AC Adapter [ACAD] (on-line)
[    0.495882] input: Power Button as /devices/LNXSYSTM:00/LNXPWRBN:00/input/input0
[    0.495887] ACPI: Power Button [PWRF]
[    0.507869] ERST: Table is not found!
[    0.507872] GHES: HEST is not enabled!
[    0.507969] Serial: 8250/16550 driver, 32 ports, IRQ sharing enabled
[    0.531827] serial8250: ttyS0 at I/O 0x3f8 (irq = 4) is a 16550A
[    0.535792] isapnp: Scanning for PnP cards...
[    0.667630] serial8250: ttyS1 at I/O 0x2f8 (irq = 3) is a 16550A
[    0.715468] 00:0a: ttyS0 at I/O 0x3f8 (irq = 4) is a 16550A
[    0.799512] 00:0b: ttyS1 at I/O 0x2f8 (irq = 3) is a 16550A
[    0.823623] Linux agpgart interface v0.103
[    0.823678] agpgart-intel 0000:00:00.0: Intel 440BX Chipset
[    0.823771] agpgart-intel 0000:00:00.0: AGP aperture is 256M @ 0x0
[    0.824743] brd: module loaded
[    0.825273] loop: module loaded
[    0.825328] ata_piix 0000:00:07.1: version 2.13
[    0.825414] scsi0 : ata_piix
[    0.831399] scsi1 : ata_piix
[    0.831439] ata1: PATA max UDMA/33 cmd 0x1f0 ctl 0x3f6 bmdma 0x10c0 irq 14
[    0.831442] ata2: PATA max UDMA/33 cmd 0x170 ctl 0x376 bmdma 0x10c8 irq 15
[    0.831499] Fixed MDIO Bus: probed
[    0.831512] tun: Universal TUN/TAP device driver, 1.6
[    0.831514] tun: (C) 1999-2004 Max Krasnyansky <maxk@qualcomm.com>
[    0.831567] PPP generic driver version 2.4.2
[    0.831627] ehci_hcd: USB 2.0 'Enhanced' Host Controller (EHCI) Driver
[    0.831658] ehci_hcd 0000:02:03.0: PCI INT A -> Link[LNKB] -> GSI 11 (level, low) -> IRQ 11
[    0.831705] ehci_hcd 0000:02:03.0: EHCI Host Controller
[    0.831741] ehci_hcd 0000:02:03.0: new USB bus registered, assigned bus number 1
[    0.831796] ehci_hcd 0000:02:03.0: cache line size of 32 is not supported
[    0.831804] ehci_hcd 0000:02:03.0: irq 11, io mem 0xc9000000
[    0.843342] ehci_hcd 0000:02:03.0: USB 2.0 started, EHCI 1.00
[    0.843466] hub 1-0:1.0: USB hub found
[    0.843470] hub 1-0:1.0: 6 ports detected
[    0.843525] ohci_hcd: USB 1.1 'Open' Host Controller (OHCI) Driver
[    0.843539] uhci_hcd: USB Universal Host Controller Interface driver
[    0.843579] uhci_hcd 0000:02:00.0: PCI INT A -> Link[LNKC] -> GSI 10 (level, low) -> IRQ 10
[    0.843620] uhci_hcd 0000:02:00.0: UHCI Host Controller
[    0.843660] uhci_hcd 0000:02:00.0: new USB bus registered, assigned bus number 2
[    0.843773] uhci_hcd 0000:02:00.0: irq 10, io base 0x000020c0
[    0.843892] hub 2-0:1.0: USB hub found
[    0.843895] hub 2-0:1.0: 2 ports detected
[    0.843950] usbcore: registered new interface driver libusual
[    0.843989] i8042: PNP: PS/2 Controller [PNP0303:KBC,PNP0f13:MOUS] at 0x60,0x64 irq 1,12
[    0.844333] serio: i8042 KBD port at 0x60,0x64 irq 1
[    0.844345] serio: i8042 AUX port at 0x60,0x64 irq 12
[    0.844498] mousedev: PS/2 mouse device common for all mice
[    0.844861] rtc_cmos 00:04: rtc core: registered rtc_cmos as rtc0
[    0.844887] rtc0: alarms up to one month, y3k, 114 bytes nvram, hpet irqs
[    0.844942] device-mapper: uevent: version 1.0.3
[    0.845016] device-mapper: ioctl: 4.22.0-ioctl (2011-10-19) initialised: dm-devel@redhat.com
[    0.845058] EISA: Probing bus 0 at eisa.0
[    0.845061] EISA: Cannot allocate resource for mainboard
[    0.845064] Cannot allocate resource for EISA slot 1
[    0.845066] Cannot allocate resource for EISA slot 2
[    0.845068] Cannot allocate resource for EISA slot 3
[    0.845071] Cannot allocate resource for EISA slot 4
[    0.845073] Cannot allocate resource for EISA slot 5
[    0.845075] Cannot allocate resource for EISA slot 6
[    0.845077] Cannot allocate resource for EISA slot 7
[    0.845079] Cannot allocate resource for EISA slot 8
[    0.845082] EISA: Detected 0 cards.
[    0.845092] cpufreq-nforce2: No nForce2 chipset.
[    0.845095] cpuidle: using governor ladder
[    0.845098] cpuidle: using governor menu
[    0.845101] EFI Variables Facility v0.08 2004-May-17
[    0.845155] TCP cubic registered
[    0.845210] NET: Registered protocol family 10
[    0.845358] NET: Registered protocol family 17
[    0.845364] Registering the dns_resolver key type
[    0.845381] Using IPI No-Shortcut mode
[    0.845485] PM: Hibernation image not present or could not be loaded.
[    0.845497] registered taskstats version 1
[    0.963248] Freeing initrd memory: 13836k freed
[    0.964112] input: AT Translated Set 2 keyboard as /devices/platform/i8042/serio0/input/input1
[    1.047108]   Magic number: 13:115:480
[    1.067049] rtc_cmos 00:04: setting system clock to 2013-05-27 11:29:20 UTC (1369654160)
[    1.067134] BIOS EDD facility v0.16 2004-Jun-25, 0 devices found
[    1.067136] EDD information not available.
[    1.067220] ata2.00: ATAPI: VMware Virtual IDE CDROM Drive, 00000001, max UDMA/33
[    1.067496] ata2.00: configured for UDMA/33
[    1.154747] isapnp: No Plug & Play device found
[    1.155061] scsi 1:0:0:0: CD-ROM            NECVMWar VMware IDE CDR10 1.00 PQ: 0 ANSI: 5
[    1.155635] sr0: scsi3-mmc drive: 306x/306x cd/rw xa/form2 cdda tray
[    1.155639] cdrom: Uniform CD-ROM driver Revision: 3.20
[    1.155758] sr 1:0:0:0: Attached scsi CD-ROM sr0
[    1.155910] sr 1:0:0:0: Attached scsi generic sg0 type 5
[    1.155994] Freeing unused kernel memory: 740k freed
[    1.156047] Write protecting the kernel text: 5816k
[    1.156061] Write protecting the kernel read-only data: 2376k
[    1.156064] NX-protecting the kernel data: 4424k
[    1.166820] udevd[85]: starting version 175
[    1.183255] VMware vmxnet3 virtual NIC driver - version 1.1.29.0-k-NAPI
[    1.185645] VMware PVSCSI driver - version 1.0.1.0-k
[    1.191164] VMware vmxnet virtual NIC driver
[    1.191217] ACPI: PCI Interrupt Link [LNKD] enabled at IRQ 5
[    1.191221] PCI: setting IRQ 5 as level-triggered
[    1.191228] vmxnet 0000:02:01.0: PCI INT A -> Link[LNKD] -> GSI 5 (level, low) -> IRQ 5
[    1.191282] Found vmxnet/PCI at 0x2024, irq 5.
[    1.191335] features:
[    1.191349] numRxBuffers = 100, numRxBuffers2 = 1
[    1.191402] vmxnet 0000:02:01.0: eth0: set_features() failed (-1); wanted 0x00004000, left 0x00004800
[    1.210841] usb 2-1: new full-speed USB device number 2 using uhci_hcd
[    1.214905] Fusion MPT base driver 3.04.20
[    1.214908] Copyright (c) 1999-2008 LSI Corporation
[    1.215116] Fusion MPT SPI Host driver 3.04.20
[    1.215168] mptspi 0000:00:10.0: PCI INT A -> Link[LNKB] -> GSI 11 (level, low) -> IRQ 11
[    1.226851] mptbase: ioc0: Initiating bringup
[    1.243296] Floppy drive(s): fd0 is 1.44M
[    1.258984] FDC 0 is a post-1991 82077
[    1.298709] ioc0: LSI53C1030 B0: Capabilities={Initiator}
[    1.343013] input: VMware VMware Virtual USB Mouse as /devices/pci0000:00/0000:00:11.0/0000:02:00.0/usb2/2-1/2-1:1.0/input/input2
[    1.343179] generic-usb 0003:0E0F:0003.0001: input,hidraw0: USB HID v1.10 Mouse [VMware VMware Virtual USB Mouse] on usb-0000:02:00.0-1/input0
[    1.343651] input: VMware VMware Virtual USB Mouse as /devices/pci0000:00/0000:00:11.0/0000:02:00.0/usb2/2-1/2-1:1.1/input/input3
[    1.343802] generic-usb 0003:0E0F:0003.0002: input,hidraw1: USB HID v1.10 Mouse [VMware VMware Virtual USB Mouse] on usb-0000:02:00.0-1/input1
[    1.343815] usbcore: registered new interface driver usbhid
[    1.343816] usbhid: USB HID core driver
[    1.450444] usb 2-2: new full-speed USB device number 3 using uhci_hcd
[    1.458500] scsi2 : ioc0: LSI53C1030 B0, FwRev=01032920h, Ports=1, MaxQ=128, IRQ=11
[    1.571041] scsi 2:0:0:0: Direct-Access     VMware,  VMware Virtual S 1.0  PQ: 0 ANSI: 2
[    1.571050] scsi target2:0:0: Beginning Domain Validation
[    1.571634] scsi target2:0:0: Domain Validation skipping write tests
[    1.571637] scsi target2:0:0: Ending Domain Validation
[    1.571690] scsi target2:0:0: FAST-40 WIDE SCSI 80.0 MB/s ST (25 ns, offset 127)
[    1.573811] sd 2:0:0:0: [sda] 41943040 512-byte logical blocks: (21.4 GB/20.0 GiB)
[    1.573868] sd 2:0:0:0: [sda] Write Protect is off
[    1.573871] sd 2:0:0:0: [sda] Mode Sense: 61 00 00 00
[    1.573927] sd 2:0:0:0: [sda] Cache data unavailable
[    1.573929] sd 2:0:0:0: [sda] Assuming drive cache: write through
[    1.574210] sd 2:0:0:0: [sda] Cache data unavailable
[    1.574213] sd 2:0:0:0: [sda] Assuming drive cache: write through
[    1.574861] sd 2:0:0:0: Attached scsi generic sg1 type 0
[    1.575489]  sda: sda1 sda2 < sda5 >
[    1.575857] sd 2:0:0:0: [sda] Cache data unavailable
[    1.575860] sd 2:0:0:0: [sda] Assuming drive cache: write through
[    1.575862] sd 2:0:0:0: [sda] Attached SCSI disk
[    1.592770] hub 2-2:1.0: USB hub found
[    1.594343] hub 2-2:1.0: 7 ports detected
[    1.613775] EXT4-fs (sda1): INFO: recovery required on readonly filesystem
[    1.613779] EXT4-fs (sda1): write access will be enabled during recovery
[    1.774576] EXT4-fs (sda1): recovery complete
[    1.775156] EXT4-fs (sda1): mounted filesystem with ordered data mode. Opts: (null)
[    3.394029] ADDRCONF(NETDEV_UP): eth0: link is not ready
[    3.401228] udevd[330]: starting version 175
[    3.452267] lp: driver loaded but no devices found
[    3.492816] Adding 1046524k swap on /dev/sda5.  Priority:-1 extents:1 across:1046524k 
[    3.524751] shpchp: Standard Hot Plug PCI Controller Driver version: 0.4
[    3.525488] EXT4-fs (sda1): re-mounted. Opts: errors=remount-ro
[    3.549706] [382]: VMCI: shared components initialized.
[    3.549732] Probing for vmci/PCI.
[    3.552651] ACPI: PCI Interrupt Link [LNKA] enabled at IRQ 9
[    3.552654] PCI: setting IRQ 9 as level-triggered
[    3.552660] vmci 0000:00:07.7: PCI INT A -> Link[LNKA] -> GSI 9 (level, low) -> IRQ 9
[    3.552698] Found vmci/PCI at 0x1080, irq 9.
[    3.552729] VMCI: using capabilities 0xc.
[    3.552795] [382]: VMCI: Host capability check passed.
[    3.553021] vmci 0000:00:07.7: irq 72 for MSI/MSI-X
[    3.553049] vmci 0000:00:07.7: irq 73 for MSI/MSI-X
[    3.553225] Registered vmci device.
[    3.566445] [382]: VMCI: Using guest personality
[    3.566450] [382]: VMCI: host components initialized.
[    3.566600] piix4_smbus 0000:00:07.3: Host SMBus controller not enabled!
[    3.567305] [382]: VMCI: Module registered (name=vmci,major=10,minor=57).
[    3.567305] [382]: VMCI: Using host personality
[    3.567305] [382]: VMCI: Module (name=vmci) is initialized
[    3.637967] Bluetooth: Core ver 2.16
[    3.639965] NET: Registered protocol family 31
[    3.639969] Bluetooth: HCI device and connection manager initialized
[    3.639972] Bluetooth: HCI socket layer initialized
[    3.639974] Bluetooth: L2CAP socket layer initialized
[    3.639981] Bluetooth: SCO socket layer initialized
[    3.654134] Bluetooth: BNEP (Ethernet Emulation) ver 1.3
[    3.654138] Bluetooth: BNEP filters: protocol multicast
[    3.655456] ppdev: user-space parallel port driver
[    3.656147] parport_pc 00:09: reported by Plug and Play ACPI
[    3.656335] parport0: PC-style at 0x378, irq 7 [PCSPP,TRISTATE]
[    3.670245] Bluetooth: RFCOMM TTY layer initialized
[    3.670251] Bluetooth: RFCOMM socket layer initialized
[    3.670252] Bluetooth: RFCOMM ver 1.11
[    3.751367] lp0: using parport0 (interrupt-driven).
[    3.763274] type=1400 audit(1369654163.198:2): apparmor="STATUS" operation="profile_load" name="/usr/lib/cups/backend/cups-pdf" pid=575 comm="apparmor_parser"
[    3.763513] type=1400 audit(1369654163.198:3): apparmor="STATUS" operation="profile_load" name="/usr/sbin/cupsd" pid=575 comm="apparmor_parser"
[    3.811204] type=1400 audit(1369654163.246:4): apparmor="STATUS" operation="profile_load" name="/sbin/dhclient" pid=595 comm="apparmor_parser"
[    3.811749] type=1400 audit(1369654163.246:5): apparmor="STATUS" operation="profile_load" name="/usr/lib/NetworkManager/nm-dhcp-client.action" pid=595 comm="apparmor_parser"
[    3.811949] type=1400 audit(1369654163.246:6): apparmor="STATUS" operation="profile_load" name="/usr/lib/connman/scripts/dhclient-script" pid=595 comm="apparmor_parser"
[    4.041968] input: ImPS/2 Generic Wheel Mouse as /devices/platform/i8042/serio1/input/input4
[    4.117282] init: failsafe main process (666) killed by TERM signal
[    4.138840] snd_ens1371 0000:02:02.0: PCI INT A -> Link[LNKA] -> GSI 9 (level, low) -> IRQ 9
[    4.230654] type=1400 audit(1369654163.666:7): apparmor="STATUS" operation="profile_load" name="/usr/lib/lightdm/lightdm/lightdm-guest-session-wrapper" pid=785 comm="apparmor_parser"
[    4.231793] type=1400 audit(1369654163.666:8): apparmor="STATUS" operation="profile_replace" name="/sbin/dhclient" pid=786 comm="apparmor_parser"
[    4.232197] type=1400 audit(1369654163.666:9): apparmor="STATUS" operation="profile_replace" name="/usr/lib/NetworkManager/nm-dhcp-client.action" pid=786 comm="apparmor_parser"
[    4.232248] type=1400 audit(1369654163.666:10): apparmor="STATUS" operation="profile_replace" name="/usr/lib/connman/scripts/dhclient-script" pid=786 comm="apparmor_parser"
[    4.400432] init: alsa-restore main process (876) terminated with status 19
