[    0.000000] Initializing cgroup subsys cpuset
[    0.000000] Initializing cgroup subsys cpu
[    0.000000] Linux version 3.2.0-29-generic-pae (buildd@roseapple) (gcc version 4.6.3 (Ubuntu/Linaro 4.6.3-1ubuntu5) ) #46-Ubuntu SMP Fri Jul 27 17:25:43 UTC 2012 (Ubuntu 3.2.0-29.46-generic-pae 3.2.24)
[    0.000000] KERNEL supported cpus:
[    0.000000]   Intel GenuineIntel
[    0.000000]   AMD AuthenticAMD
[    0.000000]   NSC Geode by NSC
[    0.000000]   Cyrix CyrixInstead
[    0.000000]   Centaur CentaurHauls
[    0.000000]   Transmeta GenuineTMx86
[    0.000000]   Transmeta TransmetaCPU
[    0.000000]   UMC UMC UMC UMC
[    0.000000] Disabled fast string operations
[    0.000000] BIOS-provided physical RAM map:
[    0.000000]  BIOS-e820: 0000000000000000 - 000000000009f000 (usable)
[    0.000000]  BIOS-e820: 000000000009f000 - 00000000000a0000 (reserved)
[    0.000000]  BIOS-e820: 00000000000ca000 - 00000000000cc000 (reserved)
[    0.000000]  BIOS-e820: 00000000000dc000 - 0000000000100000 (reserved)
[    0.000000]  BIOS-e820: 0000000000100000 - 000000003fee0000 (usable)
[    0.000000]  BIOS-e820: 000000003fee0000 - 000000003feff000 (ACPI data)
[    0.000000]  BIOS-e820: 000000003feff000 - 000000003ff00000 (ACPI NVS)
[    0.000000]  BIOS-e820: 000000003ff00000 - 0000000040000000 (usable)
[    0.000000]  BIOS-e820: 00000000e0000000 - 00000000f0000000 (reserved)
[    0.000000]  BIOS-e820: 00000000fec00000 - 00000000fec10000 (reserved)
[    0.000000]  BIOS-e820: 00000000fee00000 - 00000000fee01000 (reserved)
[    0.000000]  BIOS-e820: 00000000fffe0000 - 0000000100000000 (reserved)
[    0.000000] NX (Execute Disable) protection: active
[    0.000000] DMI present.
[    0.000000] DMI: VMware, Inc. VMware Virtual Platform/440BX Desktop Reference Platform, BIOS 6.00 07/02/2012
[    0.000000] Hypervisor detected: VMware
[    0.000000] e820 update range: 0000000000000000 - 0000000000010000 (usable) ==> (reserved)
[    0.000000] e820 remove range: 00000000000a0000 - 0000000000100000 (usable)
[    0.000000] last_pfn = 0x40000 max_arch_pfn = 0x1000000
[    0.000000] MTRR default type: uncachable
[    0.000000] MTRR fixed ranges enabled:
[    0.000000]   00000-9FFFF write-back
[    0.000000]   A0000-BFFFF uncachable
[    0.000000]   C0000-CBFFF write-protect
[    0.000000]   CC000-EFFFF uncachable
[    0.000000]   F0000-FFFFF write-protect
[    0.000000] MTRR variable ranges enabled:
[    0.000000]   0 base 0000000000 mask FFC0000000 write-back
[    0.000000]   1 disabled
[    0.000000]   2 disabled
[    0.000000]   3 disabled
[    0.000000]   4 disabled
[    0.000000]   5 disabled
[    0.000000]   6 disabled
[    0.000000]   7 disabled
[    0.000000] x86 PAT enabled: cpu 0, old 0x0, new 0x7010600070106
[    0.000000] found SMP MP-table at [c00f6bf0] f6bf0
[    0.000000] initial memory mapped : 0 - 02000000
[    0.000000] Base memory trampoline at [c009b000] 9b000 size 16384
[    0.000000] init_memory_mapping: 0000000000000000-0000000037bfe000
[    0.000000]  0000000000 - 0000200000 page 4k
[    0.000000]  0000200000 - 0037a00000 page 2M
[    0.000000]  0037a00000 - 0037bfe000 page 4k
[    0.000000] kernel direct mapping tables up to 37bfe000 @ 1ffb000-2000000
[    0.000000] RAMDISK: 364ea000 - 3726d000
[    0.000000] ACPI: RSDP 000f6b80 00024 (v02 PTLTD )
[    0.000000] ACPI: XSDT 3feed636 0005C (v01 INTEL  440BX    06040000 VMW  01324272)
[    0.000000] ACPI: FACP 3fefee98 000F4 (v04 INTEL  440BX    06040000 PTL  000F4240)
[    0.000000] ACPI: DSDT 3feee366 10B32 (v01 PTLTD  Custom   06040000 MSFT 03000001)
[    0.000000] ACPI: FACS 3fefffc0 00040
[    0.000000] ACPI: BOOT 3feee33e 00028 (v01 PTLTD  $SBFTBL$ 06040000  LTP 00000001)
[    0.000000] ACPI: APIC 3feedc3e 003C2 (v01 PTLTD  ? APIC   06040000  LTP 00000000)
[    0.000000] ACPI: MCFG 3feedc02 0003C (v01 PTLTD  $PCITBL$ 06040000  LTP 00000001)
[    0.000000] ACPI: SRAT 3feed732 004D0 (v02 VMWARE MEMPLUG  06040000 VMW  00000001)
[    0.000000] ACPI: HPET 3feed6fa 00038 (v01 VMWARE VMW HPET 06040000 VMW  00000001)
[    0.000000] ACPI: WAET 3feed6d2 00028 (v01 VMWARE VMW WAET 06040000 VMW  00000001)
[    0.000000] ACPI: Local APIC address 0xfee00000
[    0.000000] 132MB HIGHMEM available.
[    0.000000] 891MB LOWMEM available.
[    0.000000]   mapped low ram: 0 - 37bfe000
[    0.000000]   low ram: 0 - 37bfe000
[    0.000000] Zone PFN ranges:
[    0.000000]   DMA      0x00000010 -> 0x00001000
[    0.000000]   Normal   0x00001000 -> 0x00037bfe
[    0.000000]   HighMem  0x00037bfe -> 0x00040000
[    0.000000] Movable zone start PFN for each node
[    0.000000] early_node_map[3] active PFN ranges
[    0.000000]     0: 0x00000010 -> 0x0000009f
[    0.000000]     0: 0x00000100 -> 0x0003fee0
[    0.000000]     0: 0x0003ff00 -> 0x00040000
[    0.000000] On node 0 totalpages: 261999
[    0.000000] free_area_init_node: node 0, pgdat c1866a40, node_mem_map f73fd200
[    0.000000]   DMA zone: 32 pages used for memmap
[    0.000000]   DMA zone: 0 pages reserved
[    0.000000]   DMA zone: 3951 pages, LIFO batch:0
[    0.000000]   Normal zone: 1752 pages used for memmap
[    0.000000]   Normal zone: 222502 pages, LIFO batch:31
[    0.000000]   HighMem zone: 265 pages used for memmap
[    0.000000]   HighMem zone: 33497 pages, LIFO batch:7
[    0.000000] Using APIC driver default
[    0.000000] ACPI: PM-Timer IO Port: 0x1008
[    0.000000] ACPI: Local APIC address 0xfee00000
[    0.000000] ACPI: LAPIC (acpi_id[0x00] lapic_id[0x00] enabled)
[    0.000000] ACPI: LAPIC (acpi_id[0x01] lapic_id[0x02] disabled)
[    0.000000] ACPI: LAPIC (acpi_id[0x02] lapic_id[0x04] disabled)
[    0.000000] ACPI: LAPIC (acpi_id[0x03] lapic_id[0x06] disabled)
[    0.000000] ACPI: LAPIC (acpi_id[0x04] lapic_id[0x08] disabled)
[    0.000000] ACPI: LAPIC (acpi_id[0x05] lapic_id[0x0a] disabled)
[    0.000000] ACPI: LAPIC (acpi_id[0x06] lapic_id[0x0c] disabled)
[    0.000000] ACPI: LAPIC (acpi_id[0x07] lapic_id[0x0e] disabled)
[    0.000000] ACPI: LAPIC (acpi_id[0x08] lapic_id[0x10] disabled)
[    0.000000] ACPI: LAPIC (acpi_id[0x09] lapic_id[0x12] disabled)
[    0.000000] ACPI: LAPIC (acpi_id[0x0a] lapic_id[0x14] disabled)
[    0.000000] ACPI: LAPIC (acpi_id[0x0b] lapic_id[0x16] disabled)
[    0.000000] ACPI: LAPIC (acpi_id[0x0c] lapic_id[0x18] disabled)
[    0.000000] ACPI: LAPIC (acpi_id[0x0d] lapic_id[0x1a] disabled)
[    0.000000] ACPI: LAPIC (acpi_id[0x0e] lapic_id[0x1c] disabled)
[    0.000000] ACPI: LAPIC (acpi_id[0x0f] lapic_id[0x1e] disabled)
[    0.000000] ACPI: LAPIC (acpi_id[0x10] lapic_id[0x20] disabled)
[    0.000000] ACPI: LAPIC (acpi_id[0x11] lapic_id[0x22] disabled)
[    0.000000] ACPI: LAPIC (acpi_id[0x12] lapic_id[0x24] disabled)
[    0.000000] ACPI: LAPIC (acpi_id[0x13] lapic_id[0x26] disabled)
[    0.000000] ACPI: LAPIC (acpi_id[0x14] lapic_id[0x28] disabled)
[    0.000000] ACPI: LAPIC (acpi_id[0x15] lapic_id[0x2a] disabled)
[    0.000000] ACPI: LAPIC (acpi_id[0x16] lapic_id[0x2c] disabled)
[    0.000000] ACPI: LAPIC (acpi_id[0x17] lapic_id[0x2e] disabled)
[    0.000000] ACPI: LAPIC (acpi_id[0x18] lapic_id[0x30] disabled)
[    0.000000] ACPI: LAPIC (acpi_id[0x19] lapic_id[0x32] disabled)
[    0.000000] ACPI: LAPIC (acpi_id[0x1a] lapic_id[0x34] disabled)
[    0.000000] ACPI: LAPIC (acpi_id[0x1b] lapic_id[0x36] disabled)
[    0.000000] ACPI: LAPIC (acpi_id[0x1c] lapic_id[0x38] disabled)
[    0.000000] ACPI: LAPIC (acpi_id[0x1d] lapic_id[0x3a] disabled)
[    0.000000] ACPI: LAPIC (acpi_id[0x1e] lapic_id[0x3c] disabled)
[    0.000000] ACPI: LAPIC (acpi_id[0x1f] lapic_id[0x3e] disabled)
[    0.000000] ACPI: LAPIC (acpi_id[0x20] lapic_id[0x40] disabled)
[    0.000000] ACPI: LAPIC (acpi_id[0x21] lapic_id[0x42] disabled)
[    0.000000] ACPI: LAPIC (acpi_id[0x22] lapic_id[0x44] disabled)
[    0.000000] ACPI: LAPIC (acpi_id[0x23] lapic_id[0x46] disabled)
[    0.000000] ACPI: LAPIC (acpi_id[0x24] lapic_id[0x48] disabled)
[    0.000000] ACPI: LAPIC (acpi_id[0x25] lapic_id[0x4a] disabled)
[    0.000000] ACPI: LAPIC (acpi_id[0x26] lapic_id[0x4c] disabled)
[    0.000000] ACPI: LAPIC (acpi_id[0x27] lapic_id[0x4e] disabled)
[    0.000000] ACPI: LAPIC (acpi_id[0x28] lapic_id[0x50] disabled)
[    0.000000] ACPI: LAPIC (acpi_id[0x29] lapic_id[0x52] disabled)
[    0.000000] ACPI: LAPIC (acpi_id[0x2a] lapic_id[0x54] disabled)
[    0.000000] ACPI: LAPIC (acpi_id[0x2b] lapic_id[0x56] disabled)
[    0.000000] ACPI: LAPIC (acpi_id[0x2c] lapic_id[0x58] disabled)
[    0.000000] ACPI: LAPIC (acpi_id[0x2d] lapic_id[0x5a] disabled)
[    0.000000] ACPI: LAPIC (acpi_id[0x2e] lapic_id[0x5c] disabled)
[    0.000000] ACPI: LAPIC (acpi_id[0x2f] lapic_id[0x5e] disabled)
[    0.000000] ACPI: LAPIC (acpi_id[0x30] lapic_id[0x60] disabled)
[    0.000000] ACPI: LAPIC (acpi_id[0x31] lapic_id[0x62] disabled)
[    0.000000] ACPI: LAPIC (acpi_id[0x32] lapic_id[0x64] disabled)
[    0.000000] ACPI: LAPIC (acpi_id[0x33] lapic_id[0x66] disabled)
[    0.000000] ACPI: LAPIC (acpi_id[0x34] lapic_id[0x68] disabled)
[    0.000000] ACPI: LAPIC (acpi_id[0x35] lapic_id[0x6a] disabled)
[    0.000000] ACPI: LAPIC (acpi_id[0x36] lapic_id[0x6c] disabled)
[    0.000000] ACPI: LAPIC (acpi_id[0x37] lapic_id[0x6e] disabled)
[    0.000000] ACPI: LAPIC (acpi_id[0x38] lapic_id[0x70] disabled)
[    0.000000] ACPI: LAPIC (acpi_id[0x39] lapic_id[0x72] disabled)
[    0.000000] ACPI: LAPIC (acpi_id[0x3a] lapic_id[0x74] disabled)
[    0.000000] ACPI: LAPIC (acpi_id[0x3b] lapic_id[0x76] disabled)
[    0.000000] ACPI: LAPIC (acpi_id[0x3c] lapic_id[0x78] disabled)
[    0.000000] ACPI: LAPIC (acpi_id[0x3d] lapic_id[0x7a] disabled)
[    0.000000] ACPI: LAPIC (acpi_id[0x3e] lapic_id[0x7c] disabled)
[    0.000000] ACPI: LAPIC (acpi_id[0x3f] lapic_id[0x7e] disabled)
[    0.000000] ACPI: LAPIC_NMI (acpi_id[0x00] high edge lint[0x1])
[    0.000000] ACPI: LAPIC_NMI (acpi_id[0x01] high edge lint[0x1])
[    0.000000] ACPI: LAPIC_NMI (acpi_id[0x02] high edge lint[0x1])
[    0.000000] ACPI: LAPIC_NMI (acpi_id[0x03] high edge lint[0x1])
[    0.000000] ACPI: LAPIC_NMI (acpi_id[0x04] high edge lint[0x1])
[    0.000000] ACPI: LAPIC_NMI (acpi_id[0x05] high edge lint[0x1])
[    0.000000] ACPI: LAPIC_NMI (acpi_id[0x06] high edge lint[0x1])
[    0.000000] ACPI: LAPIC_NMI (acpi_id[0x07] high edge lint[0x1])
[    0.000000] ACPI: LAPIC_NMI (acpi_id[0x08] high edge lint[0x1])
[    0.000000] ACPI: LAPIC_NMI (acpi_id[0x09] high edge lint[0x1])
[    0.000000] ACPI: LAPIC_NMI (acpi_id[0x0a] high edge lint[0x1])
[    0.000000] ACPI: LAPIC_NMI (acpi_id[0x0b] high edge lint[0x1])
[    0.000000] ACPI: LAPIC_NMI (acpi_id[0x0c] high edge lint[0x1])
[    0.000000] ACPI: LAPIC_NMI (acpi_id[0x0d] high edge lint[0x1])
[    0.000000] ACPI: LAPIC_NMI (acpi_id[0x0e] high edge lint[0x1])
[    0.000000] ACPI: LAPIC_NMI (acpi_id[0x0f] high edge lint[0x1])
[    0.000000] ACPI: LAPIC_NMI (acpi_id[0x10] high edge lint[0x1])
[    0.000000] ACPI: LAPIC_NMI (acpi_id[0x11] high edge lint[0x1])
[    0.000000] ACPI: LAPIC_NMI (acpi_id[0x12] high edge lint[0x1])
[    0.000000] ACPI: LAPIC_NMI (acpi_id[0x13] high edge lint[0x1])
[    0.000000] ACPI: LAPIC_NMI (acpi_id[0x14] high edge lint[0x1])
[    0.000000] ACPI: LAPIC_NMI (acpi_id[0x15] high edge lint[0x1])
[    0.000000] ACPI: LAPIC_NMI (acpi_id[0x16] high edge lint[0x1])
[    0.000000] ACPI: LAPIC_NMI (acpi_id[0x17] high edge lint[0x1])
[    0.000000] ACPI: LAPIC_NMI (acpi_id[0x18] high edge lint[0x1])
[    0.000000] ACPI: LAPIC_NMI (acpi_id[0x19] high edge lint[0x1])
[    0.000000] ACPI: LAPIC_NMI (acpi_id[0x1a] high edge lint[0x1])
[    0.000000] ACPI: LAPIC_NMI (acpi_id[0x1b] high edge lint[0x1])
[    0.000000] ACPI: LAPIC_NMI (acpi_id[0x1c] high edge lint[0x1])
[    0.000000] ACPI: LAPIC_NMI (acpi_id[0x1d] high edge lint[0x1])
[    0.000000] ACPI: LAPIC_NMI (acpi_id[0x1e] high edge lint[0x1])
[    0.000000] ACPI: LAPIC_NMI (acpi_id[0x1f] high edge lint[0x1])
[    0.000000] ACPI: LAPIC_NMI (acpi_id[0x20] high edge lint[0x1])
[    0.000000] ACPI: LAPIC_NMI (acpi_id[0x21] high edge lint[0x1])
[    0.000000] ACPI: LAPIC_NMI (acpi_id[0x22] high edge lint[0x1])
[    0.000000] ACPI: LAPIC_NMI (acpi_id[0x23] high edge lint[0x1])
[    0.000000] ACPI: LAPIC_NMI (acpi_id[0x24] high edge lint[0x1])
[    0.000000] ACPI: LAPIC_NMI (acpi_id[0x25] high edge lint[0x1])
[    0.000000] ACPI: LAPIC_NMI (acpi_id[0x26] high edge lint[0x1])
[    0.000000] ACPI: LAPIC_NMI (acpi_id[0x27] high edge lint[0x1])
[    0.000000] ACPI: LAPIC_NMI (acpi_id[0x28] high edge lint[0x1])
[    0.000000] ACPI: LAPIC_NMI (acpi_id[0x29] high edge lint[0x1])
[    0.000000] ACPI: LAPIC_NMI (acpi_id[0x2a] high edge lint[0x1])
[    0.000000] ACPI: LAPIC_NMI (acpi_id[0x2b] high edge lint[0x1])
[    0.000000] ACPI: LAPIC_NMI (acpi_id[0x2c] high edge lint[0x1])
[    0.000000] ACPI: LAPIC_NMI (acpi_id[0x2d] high edge lint[0x1])
[    0.000000] ACPI: LAPIC_NMI (acpi_id[0x2e] high edge lint[0x1])
[    0.000000] ACPI: LAPIC_NMI (acpi_id[0x2f] high edge lint[0x1])
[    0.000000] ACPI: LAPIC_NMI (acpi_id[0x30] high edge lint[0x1])
[    0.000000] ACPI: LAPIC_NMI (acpi_id[0x31] high edge lint[0x1])
[    0.000000] ACPI: LAPIC_NMI (acpi_id[0x32] high edge lint[0x1])
[    0.000000] ACPI: LAPIC_NMI (acpi_id[0x33] high edge lint[0x1])
[    0.000000] ACPI: LAPIC_NMI (acpi_id[0x34] high edge lint[0x1])
[    0.000000] ACPI: LAPIC_NMI (acpi_id[0x35] high edge lint[0x1])
[    0.000000] ACPI: LAPIC_NMI (acpi_id[0x36] high edge lint[0x1])
[    0.000000] ACPI: LAPIC_NMI (acpi_id[0x37] high edge lint[0x1])
[    0.000000] ACPI: LAPIC_NMI (acpi_id[0x38] high edge lint[0x1])
[    0.000000] ACPI: LAPIC_NMI (acpi_id[0x39] high edge lint[0x1])
[    0.000000] ACPI: LAPIC_NMI (acpi_id[0x3a] high edge lint[0x1])
[    0.000000] ACPI: LAPIC_NMI (acpi_id[0x3b] high edge lint[0x1])
[    0.000000] ACPI: LAPIC_NMI (acpi_id[0x3c] high edge lint[0x1])
[    0.000000] ACPI: LAPIC_NMI (acpi_id[0x3d] high edge lint[0x1])
[    0.000000] ACPI: LAPIC_NMI (acpi_id[0x3e] high edge lint[0x1])
[    0.000000] ACPI: LAPIC_NMI (acpi_id[0x3f] high edge lint[0x1])
[    0.000000] ACPI: Skipping IOAPIC probe due to 'noapic' option.
[    0.000000] Using ACPI for processor (LAPIC) configuration information
[    0.000000] ACPI: HPET id: 0x8086af01 base: 0xfed00000
[    0.000000] Intel MultiProcessor Specification v1.4
[    0.000000]     Virtual Wire compatibility mode.
[    0.000000] MPTABLE: OEM ID: INTEL   
[    0.000000] MPTABLE: Product ID: 440BX       
[    0.000000] MPTABLE: APIC at: 0xFEE00000
[    0.000000] IOAPIC[0]: apic_id 1, version 17, address 0xfec00000, GSI 0-23
[    0.000000] Processors: 1
[    0.000000] SMP: Allowing 1 CPUs, 0 hotplug CPUs
[    0.000000] nr_irqs_gsi: 40
[    0.000000] PM: Registered nosave memory: 000000000009f000 - 00000000000a0000
[    0.000000] PM: Registered nosave memory: 00000000000a0000 - 00000000000ca000
[    0.000000] PM: Registered nosave memory: 00000000000ca000 - 00000000000cc000
[    0.000000] PM: Registered nosave memory: 00000000000cc000 - 00000000000dc000
[    0.000000] PM: Registered nosave memory: 00000000000dc000 - 0000000000100000
[    0.000000] Allocating PCI resources starting at 40000000 (gap: 40000000:a0000000)
[    0.000000] Booting paravirtualized kernel on bare hardware
[    0.000000] setup_percpu: NR_CPUS:8 nr_cpumask_bits:8 nr_cpu_ids:1 nr_node_ids:1
[    0.000000] PERCPU: Embedded 14 pages/cpu @f73e8000 s34240 r0 d23104 u57344
[    0.000000] pcpu-alloc: s34240 r0 d23104 u57344 alloc=14*4096
[    0.000000] pcpu-alloc: [0] 0 
[    0.000000] Built 1 zonelists in Zone order, mobility grouping on.  Total pages: 259950
[    0.000000] Kernel command line: BOOT_IMAGE=/boot/vmlinuz-3.2.0-29-generic-pae root=UUID=007b598c-390d-4c65-84a1-4ff752d48633 ro quiet splash maxcpus=0
[    0.000000] PID hash table entries: 4096 (order: 2, 16384 bytes)
[    0.000000] Dentry cache hash table entries: 131072 (order: 7, 524288 bytes)
[    0.000000] Inode-cache hash table entries: 65536 (order: 6, 262144 bytes)
[    0.000000] Initializing CPU#0
[    0.000000] xsave/xrstor: enabled xstate_bv 0x7, cntxt size 0x340
[    0.000000] allocated 4194048 bytes of page_cgroup
[    0.000000] please try 'cgroup_disable=memory' option if you don't want memory cgroups
[    0.000000] Initializing HighMem for node 0 (00037bfe:00040000)
[    0.000000] Memory: 1010624k/1048576k available (5814k kernel code, 37372k reserved, 2841k data, 740k init, 135048k highmem)
[    0.000000] virtual kernel memory layout:
[    0.000000]     fixmap  : 0xfff16000 - 0xfffff000   ( 932 kB)
[    0.000000]     pkmap   : 0xffc00000 - 0xffe00000   (2048 kB)
[    0.000000]     vmalloc : 0xf83fe000 - 0xffbfe000   ( 120 MB)
[    0.000000]     lowmem  : 0xc0000000 - 0xf7bfe000   ( 891 MB)
[    0.000000]       .init : 0xc1875000 - 0xc192e000   ( 740 kB)
[    0.000000]       .data : 0xc15adb64 - 0xc1874240   (2841 kB)
[    0.000000]       .text : 0xc1000000 - 0xc15adb64   (5814 kB)
[    0.000000] Checking if this processor honours the WP bit even in supervisor mode...Ok.
[    0.000000] SLUB: Genslabs=15, HWalign=64, Order=0-3, MinObjects=0, CPUs=1, Nodes=1
[    0.000000] Hierarchical RCU implementation.
[    0.000000] 	RCU dyntick-idle grace-period acceleration is enabled.
[    0.000000] NR_IRQS:2304 nr_irqs:256 16
[    0.000000] CPU 0 irqstacks, hard=f5c08000 soft=f5c0a000
[    0.000000] Extended CMOS year: 2000
[    0.000000] Console: colour VGA+ 80x25
[    0.000000] console [tty0] enabled
[    0.000000] hpet clockevent registered
[    0.000000] TSC freq read from hypervisor : 2394.620 MHz
[    0.000000] Detected 2394.620 MHz processor.
[    0.000001] Calibrating delay loop (skipped) preset value.. 4789.24 BogoMIPS (lpj=9578480)
[    0.000004] pid_max: default: 32768 minimum: 301
[    0.000019] Security Framework initialized
[    0.000033] AppArmor: AppArmor initialized
[    0.000034] Yama: becoming mindful.
[    0.000069] Mount-cache hash table entries: 512
[    0.000148] Initializing cgroup subsys cpuacct
[    0.000152] Initializing cgroup subsys memory
[    0.000157] Initializing cgroup subsys devices
[    0.000158] Initializing cgroup subsys freezer
[    0.000160] Initializing cgroup subsys blkio
[    0.000164] Initializing cgroup subsys perf_event
[    0.000207] Disabled fast string operations
[    0.000211] CPU: Physical Processor ID: 0
[    0.000220] ENERGY_PERF_BIAS: Set to 'normal', was 'performance'
[    0.000221] ENERGY_PERF_BIAS: View and update with x86_energy_perf_policy(8)
[    0.000874] mce: CPU supports 0 MCE banks
[    0.001616] SMP alternatives: switching to UP code
[    0.021898] Freeing SMP alternatives: 24k freed
[    0.021904] ACPI: Core revision 20110623
[    0.029088] ACPI: setting ELCR to 0200 (from 0e20)
[    0.030156] ftrace: allocating 26545 entries in 52 pages
[    0.052798] SMP mode deactivated.
[    0.052836] SMP disabled
[    0.052838] Performance Events: generic architected perfmon v1, core PMU driver.
[    0.052852] ... version:                1
[    0.052853] ... bit width:              48
[    0.052854] ... generic registers:      4
[    0.052856] ... value mask:             0000ffffffffffff
[    0.052857] ... max period:             000000007fffffff
[    0.052858] ... fixed-purpose events:   0
[    0.052860] ... event mask:             000000000000000f
[    0.052975] NMI watchdog enabled, takes one hw-pmu counter.
[    0.052999] Brought up 1 CPUs
[    0.053001] Total of 1 processors activated (4789.24 BogoMIPS).
[    0.053138] devtmpfs: initialized
[    0.053229] EVM: security.selinux
[    0.053230] EVM: security.SMACK64
[    0.053231] EVM: security.capability
[    0.053264] PM: Registering ACPI NVS region at 3feff000 (4096 bytes)
[    0.054230] print_constraints: dummy: 
[    0.054316] RTC time: 11:00:59, date: 05/27/13
[    0.054352] NET: Registered protocol family 16
[    0.054451] EISA bus registered
[    0.054475] ACPI: bus type pci registered
[    0.054608] PCI: MMCONFIG for domain 0000 [bus 00-ff] at [mem 0xe0000000-0xefffffff] (base 0xe0000000)
[    0.054611] PCI: MMCONFIG at [mem 0xe0000000-0xefffffff] reserved in E820
[    0.054613] PCI: Using MMCONFIG for extended config space
[    0.054615] PCI: Using configuration type 1 for base access
[    0.055647] bio: create slab <bio-0> at 0
[    0.055735] ACPI: Added _OSI(Module Device)
[    0.055737] ACPI: Added _OSI(Processor Device)
[    0.055739] ACPI: Added _OSI(3.0 _SCP Extensions)
[    0.055741] ACPI: Added _OSI(Processor Aggregator Device)
[    0.058393] ACPI: EC: Look up EC in DSDT
[    0.062861] [Firmware Bug]: ACPI: BIOS _OSI(Linux) query ignored
[    0.070369] ACPI: Interpreter enabled
[    0.070377] ACPI: (supports S0 S1 S4 S5)
[    0.070387] ACPI: Using PIC for interrupt routing
[    0.110012] ACPI: No dock devices found.
[    0.110015] HEST: Table not found.
[    0.110019] PCI: Using host bridge windows from ACPI; if necessary, use "pci=nocrs" and report a bug
[    0.110677] ACPI: PCI Root Bridge [PCI0] (domain 0000 [bus 00-ff])
[    0.111797] pci_root PNP0A03:00: host bridge window [mem 0x000a0000-0x000bffff]
[    0.111799] pci_root PNP0A03:00: host bridge window [mem 0x000cc000-0x000cffff]
[    0.111801] pci_root PNP0A03:00: host bridge window [mem 0x000d0000-0x000d3fff]
[    0.111802] pci_root PNP0A03:00: host bridge window [mem 0x000d4000-0x000d7fff]
[    0.111804] pci_root PNP0A03:00: host bridge window [mem 0x000d8000-0x000dbfff]
[    0.111806] pci_root PNP0A03:00: host bridge window [mem 0xc0000000-0xfebfffff]
[    0.111807] pci_root PNP0A03:00: host bridge window [io  0x0000-0x0cf7]
[    0.111809] pci_root PNP0A03:00: host bridge window [io  0x0d00-0xfeff]
[    0.111872] pci 0000:00:00.0: [8086:7190] type 0 class 0x000600
[    0.112278] pci 0000:00:01.0: [8086:7191] type 1 class 0x000604
[    0.112651] pci 0000:00:07.0: [8086:7110] type 0 class 0x000601
[    0.113245] pci 0000:00:07.1: [8086:7111] type 0 class 0x000101
[    0.114739] pci 0000:00:07.1: reg 20: [io  0x10c0-0x10cf]
[    0.115451] pci 0000:00:07.3: [8086:7113] type 0 class 0x000680
[    0.117062] pci 0000:00:07.3: quirk: [io  0x1000-0x103f] claimed by PIIX4 ACPI
[    0.117075] pci 0000:00:07.3: quirk: [io  0x1040-0x104f] claimed by PIIX4 SMB
[    0.117292] pci 0000:00:07.7: [15ad:0740] type 0 class 0x000880
[    0.117772] pci 0000:00:07.7: reg 10: [io  0x1080-0x10bf]
[    0.118336] pci 0000:00:07.7: reg 14: [mem 0xc8000000-0xc8001fff 64bit]
[    0.120349] pci 0000:00:0f.0: [15ad:0405] type 0 class 0x000300
[    0.122362] pci 0000:00:0f.0: reg 10: [io  0x10d0-0x10df]
[    0.124314] pci 0000:00:0f.0: reg 14: [mem 0xd0000000-0xd7ffffff pref]
[    0.126265] pci 0000:00:0f.0: reg 18: [mem 0xc8800000-0xc8ffffff]
[    0.134014] pci 0000:00:0f.0: reg 30: [mem 0x00000000-0x00007fff pref]
[    0.134296] pci 0000:00:10.0: [1000:0030] type 0 class 0x000100
[    0.134907] pci 0000:00:10.0: reg 10: [io  0x1400-0x14ff]
[    0.135620] pci 0000:00:10.0: reg 14: [mem 0xc8040000-0xc805ffff 64bit]
[    0.136334] pci 0000:00:10.0: reg 1c: [mem 0xc8020000-0xc803ffff 64bit]
[    0.137372] pci 0000:00:10.0: reg 30: [mem 0x00000000-0x00003fff pref]
[    0.137519] pci 0000:00:11.0: [15ad:0790] type 1 class 0x000604
[    0.138169] pci 0000:00:15.0: [15ad:07a0] type 1 class 0x000604
[    0.138858] pci 0000:00:15.0: PME# supported from D0 D3hot D3cold
[    0.138879] pci 0000:00:15.0: PME# disabled
[    0.139092] pci 0000:00:15.1: [15ad:07a0] type 1 class 0x000604
[    0.139788] pci 0000:00:15.1: PME# supported from D0 D3hot D3cold
[    0.139810] pci 0000:00:15.1: PME# disabled
[    0.140023] pci 0000:00:15.2: [15ad:07a0] type 1 class 0x000604
[    0.140715] pci 0000:00:15.2: PME# supported from D0 D3hot D3cold
[    0.140737] pci 0000:00:15.2: PME# disabled
[    0.140949] pci 0000:00:15.3: [15ad:07a0] type 1 class 0x000604
[    0.141637] pci 0000:00:15.3: PME# supported from D0 D3hot D3cold
[    0.141658] pci 0000:00:15.3: PME# disabled
[    0.141870] pci 0000:00:15.4: [15ad:07a0] type 1 class 0x000604
[    0.142549] pci 0000:00:15.4: PME# supported from D0 D3hot D3cold
[    0.142570] pci 0000:00:15.4: PME# disabled
[    0.142788] pci 0000:00:15.5: [15ad:07a0] type 1 class 0x000604
[    0.143474] pci 0000:00:15.5: PME# supported from D0 D3hot D3cold
[    0.143495] pci 0000:00:15.5: PME# disabled
[    0.143707] pci 0000:00:15.6: [15ad:07a0] type 1 class 0x000604
[    0.144412] pci 0000:00:15.6: PME# supported from D0 D3hot D3cold
[    0.144434] pci 0000:00:15.6: PME# disabled
[    0.144647] pci 0000:00:15.7: [15ad:07a0] type 1 class 0x000604
[    0.145326] pci 0000:00:15.7: PME# supported from D0 D3hot D3cold
[    0.145349] pci 0000:00:15.7: PME# disabled
[    0.145561] pci 0000:00:16.0: [15ad:07a0] type 1 class 0x000604
[    0.146239] pci 0000:00:16.0: PME# supported from D0 D3hot D3cold
[    0.146260] pci 0000:00:16.0: PME# disabled
[    0.146480] pci 0000:00:16.1: [15ad:07a0] type 1 class 0x000604
[    0.147157] pci 0000:00:16.1: PME# supported from D0 D3hot D3cold
[    0.147178] pci 0000:00:16.1: PME# disabled
[    0.147392] pci 0000:00:16.2: [15ad:07a0] type 1 class 0x000604
[    0.148081] pci 0000:00:16.2: PME# supported from D0 D3hot D3cold
[    0.148102] pci 0000:00:16.2: PME# disabled
[    0.148314] pci 0000:00:16.3: [15ad:07a0] type 1 class 0x000604
[    0.149009] pci 0000:00:16.3: PME# supported from D0 D3hot D3cold
[    0.149030] pci 0000:00:16.3: PME# disabled
[    0.149242] pci 0000:00:16.4: [15ad:07a0] type 1 class 0x000604
[    0.149933] pci 0000:00:16.4: PME# supported from D0 D3hot D3cold
[    0.149954] pci 0000:00:16.4: PME# disabled
[    0.150171] pci 0000:00:16.5: [15ad:07a0] type 1 class 0x000604
[    0.150927] pci 0000:00:16.5: PME# supported from D0 D3hot D3cold
[    0.150948] pci 0000:00:16.5: PME# disabled
[    0.151161] pci 0000:00:16.6: [15ad:07a0] type 1 class 0x000604
[    0.151863] pci 0000:00:16.6: PME# supported from D0 D3hot D3cold
[    0.151884] pci 0000:00:16.6: PME# disabled
[    0.152097] pci 0000:00:16.7: [15ad:07a0] type 1 class 0x000604
[    0.152783] pci 0000:00:16.7: PME# supported from D0 D3hot D3cold
[    0.152804] pci 0000:00:16.7: PME# disabled
[    0.153016] pci 0000:00:17.0: [15ad:07a0] type 1 class 0x000604
[    0.153695] pci 0000:00:17.0: PME# supported from D0 D3hot D3cold
[    0.153716] pci 0000:00:17.0: PME# disabled
[    0.153927] pci 0000:00:17.1: [15ad:07a0] type 1 class 0x000604
[    0.154616] pci 0000:00:17.1: PME# supported from D0 D3hot D3cold
[    0.154638] pci 0000:00:17.1: PME# disabled
[    0.154850] pci 0000:00:17.2: [15ad:07a0] type 1 class 0x000604
[    0.155536] pci 0000:00:17.2: PME# supported from D0 D3hot D3cold
[    0.155557] pci 0000:00:17.2: PME# disabled
[    0.155784] pci 0000:00:17.3: [15ad:07a0] type 1 class 0x000604
[    0.156471] pci 0000:00:17.3: PME# supported from D0 D3hot D3cold
[    0.156493] pci 0000:00:17.3: PME# disabled
[    0.156705] pci 0000:00:17.4: [15ad:07a0] type 1 class 0x000604
[    0.157406] pci 0000:00:17.4: PME# supported from D0 D3hot D3cold
[    0.157434] pci 0000:00:17.4: PME# disabled
[    0.157662] pci 0000:00:17.5: [15ad:07a0] type 1 class 0x000604
[    0.158348] pci 0000:00:17.5: PME# supported from D0 D3hot D3cold
[    0.158370] pci 0000:00:17.5: PME# disabled
[    0.158582] pci 0000:00:17.6: [15ad:07a0] type 1 class 0x000604
[    0.159259] pci 0000:00:17.6: PME# supported from D0 D3hot D3cold
[    0.159281] pci 0000:00:17.6: PME# disabled
[    0.159498] pci 0000:00:17.7: [15ad:07a0] type 1 class 0x000604
[    0.160193] pci 0000:00:17.7: PME# supported from D0 D3hot D3cold
[    0.160215] pci 0000:00:17.7: PME# disabled
[    0.160431] pci 0000:00:18.0: [15ad:07a0] type 1 class 0x000604
[    0.161109] pci 0000:00:18.0: PME# supported from D0 D3hot D3cold
[    0.161131] pci 0000:00:18.0: PME# disabled
[    0.161346] pci 0000:00:18.1: [15ad:07a0] type 1 class 0x000604
[    0.162025] pci 0000:00:18.1: PME# supported from D0 D3hot D3cold
[    0.162046] pci 0000:00:18.1: PME# disabled
[    0.162258] pci 0000:00:18.2: [15ad:07a0] type 1 class 0x000604
[    0.162945] pci 0000:00:18.2: PME# supported from D0 D3hot D3cold
[    0.162967] pci 0000:00:18.2: PME# disabled
[    0.163178] pci 0000:00:18.3: [15ad:07a0] type 1 class 0x000604
[    0.163878] pci 0000:00:18.3: PME# supported from D0 D3hot D3cold
[    0.163900] pci 0000:00:18.3: PME# disabled
[    0.164112] pci 0000:00:18.4: [15ad:07a0] type 1 class 0x000604
[    0.164801] pci 0000:00:18.4: PME# supported from D0 D3hot D3cold
[    0.164822] pci 0000:00:18.4: PME# disabled
[    0.165040] pci 0000:00:18.5: [15ad:07a0] type 1 class 0x000604
[    0.165730] pci 0000:00:18.5: PME# supported from D0 D3hot D3cold
[    0.165752] pci 0000:00:18.5: PME# disabled
[    0.165964] pci 0000:00:18.6: [15ad:07a0] type 1 class 0x000604
[    0.166652] pci 0000:00:18.6: PME# supported from D0 D3hot D3cold
[    0.166673] pci 0000:00:18.6: PME# disabled
[    0.166885] pci 0000:00:18.7: [15ad:07a0] type 1 class 0x000604
[    0.167568] pci 0000:00:18.7: PME# supported from D0 D3hot D3cold
[    0.167589] pci 0000:00:18.7: PME# disabled
[    0.168139] pci 0000:00:01.0: PCI bridge to [bus 01-01]
[    0.168440] pci 0000:02:00.0: [15ad:0774] type 0 class 0x000c03
[    0.169726] pci 0000:02:00.0: reg 20: [io  0x20c0-0x20df]
[    0.170364] pci 0000:02:01.0: [1022:2000] type 0 class 0x000200
[    0.170637] pci 0000:02:01.0: reg 10: [io  0x2000-0x207f]
[    0.172101] pci 0000:02:01.0: reg 30: [mem 0x00000000-0x0000ffff pref]
[    0.172219] pci 0000:02:02.0: [1274:1371] type 0 class 0x000401
[    0.172539] pci 0000:02:02.0: reg 10: [io  0x2080-0x20bf]
[    0.174388] pci 0000:02:03.0: [15ad:0770] type 0 class 0x000c03
[    0.174644] pci 0000:02:03.0: reg 10: [mem 0xc9000000-0xc9000fff]
[    0.176280] pci 0000:00:11.0: PCI bridge to [bus 02-02] (subtractive decode)
[    0.176305] pci 0000:00:11.0:   bridge window [io  0x2000-0x3fff]
[    0.176326] pci 0000:00:11.0:   bridge window [mem 0xc9000000-0xca3fffff]
[    0.176365] pci 0000:00:11.0:   bridge window [mem 0xd8400000-0xd89fffff 64bit pref]
[    0.176367] pci 0000:00:11.0:   bridge window [mem 0x000a0000-0x000bffff] (subtractive decode)
[    0.176369] pci 0000:00:11.0:   bridge window [mem 0x000cc000-0x000cffff] (subtractive decode)
[    0.176371] pci 0000:00:11.0:   bridge window [mem 0x000d0000-0x000d3fff] (subtractive decode)
[    0.176372] pci 0000:00:11.0:   bridge window [mem 0x000d4000-0x000d7fff] (subtractive decode)
[    0.176374] pci 0000:00:11.0:   bridge window [mem 0x000d8000-0x000dbfff] (subtractive decode)
[    0.176375] pci 0000:00:11.0:   bridge window [mem 0xc0000000-0xfebfffff] (subtractive decode)
[    0.176377] pci 0000:00:11.0:   bridge window [io  0x0000-0x0cf7] (subtractive decode)
[    0.176379] pci 0000:00:11.0:   bridge window [io  0x0d00-0xfeff] (subtractive decode)
[    0.176792] pci 0000:00:15.0: PCI bridge to [bus 03-03]
[    0.176813] pci 0000:00:15.0:   bridge window [io  0x4000-0x4fff]
[    0.176834] pci 0000:00:15.0:   bridge window [mem 0xca400000-0xca4fffff]
[    0.176872] pci 0000:00:15.0:   bridge window [mem 0xd8a00000-0xd8afffff 64bit pref]
[    0.177284] pci 0000:00:15.1: PCI bridge to [bus 04-04]
[    0.177319] pci 0000:00:15.1:   bridge window [io  0x8000-0x8fff]
[    0.177347] pci 0000:00:15.1:   bridge window [mem 0xca800000-0xca8fffff]
[    0.177399] pci 0000:00:15.1:   bridge window [mem 0xd8e00000-0xd8efffff 64bit pref]
[    0.177894] pci 0000:00:15.2: PCI bridge to [bus 05-05]
[    0.177915] pci 0000:00:15.2:   bridge window [io  0xc000-0xcfff]
[    0.177936] pci 0000:00:15.2:   bridge window [mem 0xcac00000-0xcacfffff]
[    0.177975] pci 0000:00:15.2:   bridge window [mem 0xd9200000-0xd92fffff 64bit pref]
[    0.178400] pci 0000:00:15.3: PCI bridge to [bus 06-06]
[    0.178439] pci 0000:00:15.3:   bridge window [mem 0xcb000000-0xcb0fffff]
[    0.178478] pci 0000:00:15.3:   bridge window [mem 0xd9600000-0xd96fffff 64bit pref]
[    0.178889] pci 0000:00:15.4: PCI bridge to [bus 07-07]
[    0.178928] pci 0000:00:15.4:   bridge window [mem 0xcb400000-0xcb4fffff]
[    0.178967] pci 0000:00:15.4:   bridge window [mem 0xd9a00000-0xd9afffff 64bit pref]
[    0.179867] pci 0000:00:15.5: PCI bridge to [bus 08-08]
[    0.179906] pci 0000:00:15.5:   bridge window [mem 0xcb800000-0xcb8fffff]
[    0.179946] pci 0000:00:15.5:   bridge window [mem 0xd9e00000-0xd9efffff 64bit pref]
[    0.180362] pci 0000:00:15.6: PCI bridge to [bus 09-09]
[    0.180401] pci 0000:00:15.6:   bridge window [mem 0xcbc00000-0xcbcfffff]
[    0.180440] pci 0000:00:15.6:   bridge window [mem 0xda200000-0xda2fffff 64bit pref]
[    0.180851] pci 0000:00:15.7: PCI bridge to [bus 0a-0a]
[    0.180890] pci 0000:00:15.7:   bridge window [mem 0xcc000000-0xcc0fffff]
[    0.180929] pci 0000:00:15.7:   bridge window [mem 0xda600000-0xda6fffff 64bit pref]
[    0.181381] pci 0000:00:16.0: PCI bridge to [bus 0b-0b]
[    0.181411] pci 0000:00:16.0:   bridge window [io  0x5000-0x5fff]
[    0.181443] pci 0000:00:16.0:   bridge window [mem 0xca500000-0xca5fffff]
[    0.181501] pci 0000:00:16.0:   bridge window [mem 0xd8b00000-0xd8bfffff 64bit pref]
[    0.181940] pci 0000:00:16.1: PCI bridge to [bus 0c-0c]
[    0.181961] pci 0000:00:16.1:   bridge window [io  0x9000-0x9fff]
[    0.181981] pci 0000:00:16.1:   bridge window [mem 0xca900000-0xca9fffff]
[    0.182020] pci 0000:00:16.1:   bridge window [mem 0xd8f00000-0xd8ffffff 64bit pref]
[    0.182446] pci 0000:00:16.2: PCI bridge to [bus 0d-0d]
[    0.182467] pci 0000:00:16.2:   bridge window [io  0xd000-0xdfff]
[    0.182487] pci 0000:00:16.2:   bridge window [mem 0xcad00000-0xcadfffff]
[    0.182526] pci 0000:00:16.2:   bridge window [mem 0xd9300000-0xd93fffff 64bit pref]
[    0.182940] pci 0000:00:16.3: PCI bridge to [bus 0e-0e]
[    0.182979] pci 0000:00:16.3:   bridge window [mem 0xcb100000-0xcb1fffff]
[    0.183018] pci 0000:00:16.3:   bridge window [mem 0xd9700000-0xd97fffff 64bit pref]
[    0.183429] pci 0000:00:16.4: PCI bridge to [bus 0f-0f]
[    0.183468] pci 0000:00:16.4:   bridge window [mem 0xcb500000-0xcb5fffff]
[    0.183507] pci 0000:00:16.4:   bridge window [mem 0xd9b00000-0xd9bfffff 64bit pref]
[    0.183934] pci 0000:00:16.5: PCI bridge to [bus 10-10]
[    0.183973] pci 0000:00:16.5:   bridge window [mem 0xcb900000-0xcb9fffff]
[    0.184012] pci 0000:00:16.5:   bridge window [mem 0xd9f00000-0xd9ffffff 64bit pref]
[    0.184437] pci 0000:00:16.6: PCI bridge to [bus 11-11]
[    0.184476] pci 0000:00:16.6:   bridge window [mem 0xcbd00000-0xcbdfffff]
[    0.184514] pci 0000:00:16.6:   bridge window [mem 0xda300000-0xda3fffff 64bit pref]
[    0.184925] pci 0000:00:16.7: PCI bridge to [bus 12-12]
[    0.184964] pci 0000:00:16.7:   bridge window [mem 0xcc100000-0xcc1fffff]
[    0.185003] pci 0000:00:16.7:   bridge window [mem 0xda700000-0xda7fffff 64bit pref]
[    0.185429] pci 0000:00:17.0: PCI bridge to [bus 13-13]
[    0.185449] pci 0000:00:17.0:   bridge window [io  0x6000-0x6fff]
[    0.185470] pci 0000:00:17.0:   bridge window [mem 0xca600000-0xca6fffff]
[    0.185509] pci 0000:00:17.0:   bridge window [mem 0xd8c00000-0xd8cfffff 64bit pref]
[    0.185920] pci 0000:00:17.1: PCI bridge to [bus 14-14]
[    0.185940] pci 0000:00:17.1:   bridge window [io  0xa000-0xafff]
[    0.185961] pci 0000:00:17.1:   bridge window [mem 0xcaa00000-0xcaafffff]
[    0.185999] pci 0000:00:17.1:   bridge window [mem 0xd9000000-0xd90fffff 64bit pref]
[    0.186433] pci 0000:00:17.2: PCI bridge to [bus 15-15]
[    0.186462] pci 0000:00:17.2:   bridge window [io  0xe000-0xefff]
[    0.186489] pci 0000:00:17.2:   bridge window [mem 0xcae00000-0xcaefffff]
[    0.186529] pci 0000:00:17.2:   bridge window [mem 0xd9400000-0xd94fffff 64bit pref]
[    0.186943] pci 0000:00:17.3: PCI bridge to [bus 16-16]
[    0.186982] pci 0000:00:17.3:   bridge window [mem 0xcb200000-0xcb2fffff]
[    0.187021] pci 0000:00:17.3:   bridge window [mem 0xd9800000-0xd98fffff 64bit pref]
[    0.187433] pci 0000:00:17.4: PCI bridge to [bus 17-17]
[    0.187472] pci 0000:00:17.4:   bridge window [mem 0xcb600000-0xcb6fffff]
[    0.187511] pci 0000:00:17.4:   bridge window [mem 0xd9c00000-0xd9cfffff 64bit pref]
[    0.187935] pci 0000:00:17.5: PCI bridge to [bus 18-18]
[    0.187974] pci 0000:00:17.5:   bridge window [mem 0xcba00000-0xcbafffff]
[    0.188013] pci 0000:00:17.5:   bridge window [mem 0xda000000-0xda0fffff 64bit pref]
[    0.188431] pci 0000:00:17.6: PCI bridge to [bus 19-19]
[    0.188470] pci 0000:00:17.6:   bridge window [mem 0xcbe00000-0xcbefffff]
[    0.188509] pci 0000:00:17.6:   bridge window [mem 0xda400000-0xda4fffff 64bit pref]
[    0.188919] pci 0000:00:17.7: PCI bridge to [bus 1a-1a]
[    0.188958] pci 0000:00:17.7:   bridge window [mem 0xcc200000-0xcc2fffff]
[    0.188997] pci 0000:00:17.7:   bridge window [mem 0xda800000-0xda8fffff 64bit pref]
[    0.189418] pci 0000:00:18.0: PCI bridge to [bus 1b-1b]
[    0.189439] pci 0000:00:18.0:   bridge window [io  0x7000-0x7fff]
[    0.189459] pci 0000:00:18.0:   bridge window [mem 0xca700000-0xca7fffff]
[    0.189499] pci 0000:00:18.0:   bridge window [mem 0xd8d00000-0xd8dfffff 64bit pref]
[    0.189910] pci 0000:00:18.1: PCI bridge to [bus 1c-1c]
[    0.189930] pci 0000:00:18.1:   bridge window [io  0xb000-0xbfff]
[    0.189951] pci 0000:00:18.1:   bridge window [mem 0xcab00000-0xcabfffff]
[    0.189990] pci 0000:00:18.1:   bridge window [mem 0xd9100000-0xd91fffff 64bit pref]
[    0.190401] pci 0000:00:18.2: PCI bridge to [bus 1d-1d]
[    0.190422] pci 0000:00:18.2:   bridge window [io  0xf000-0xffff]
[    0.190442] pci 0000:00:18.2:   bridge window [mem 0xcaf00000-0xcaffffff]
[    0.190481] pci 0000:00:18.2:   bridge window [mem 0xd9500000-0xd95fffff 64bit pref]
[    0.190894] pci 0000:00:18.3: PCI bridge to [bus 1e-1e]
[    0.190933] pci 0000:00:18.3:   bridge window [mem 0xcb300000-0xcb3fffff]
[    0.190972] pci 0000:00:18.3:   bridge window [mem 0xd9900000-0xd99fffff 64bit pref]
[    0.191387] pci 0000:00:18.4: PCI bridge to [bus 1f-1f]
[    0.191426] pci 0000:00:18.4:   bridge window [mem 0xcb700000-0xcb7fffff]
[    0.191465] pci 0000:00:18.4:   bridge window [mem 0xd9d00000-0xd9dfffff 64bit pref]
[    0.191893] pci 0000:00:18.5: PCI bridge to [bus 20-20]
[    0.191933] pci 0000:00:18.5:   bridge window [mem 0xcbb00000-0xcbbfffff]
[    0.191972] pci 0000:00:18.5:   bridge window [mem 0xda100000-0xda1fffff 64bit pref]
[    0.192392] pci 0000:00:18.6: PCI bridge to [bus 21-21]
[    0.192432] pci 0000:00:18.6:   bridge window [mem 0xcbf00000-0xcbffffff]
[    0.192471] pci 0000:00:18.6:   bridge window [mem 0xda500000-0xda5fffff 64bit pref]
[    0.192881] pci 0000:00:18.7: PCI bridge to [bus 22-22]
[    0.192920] pci 0000:00:18.7:   bridge window [mem 0xcc300000-0xcc3fffff]
[    0.192959] pci 0000:00:18.7:   bridge window [mem 0xda900000-0xda9fffff 64bit pref]
[    0.194500] pci_bus 0000:00: on NUMA node 0
[    0.194506] ACPI: PCI Interrupt Routing Table [\_SB_.PCI0._PRT]
[    0.195095]  pci0000:00: Requesting ACPI _OSC control (0x1d)
[    0.195313]  pci0000:00: ACPI _OSC control (0x15) granted
[    0.267058] ACPI: PCI Interrupt Link [LNKA] (IRQs 3 4 5 6 7 *9 10 11 14 15)
[    0.267129] ACPI: PCI Interrupt Link [LNKB] (IRQs 3 4 5 6 7 9 10 *11 14 15)
[    0.267197] ACPI: PCI Interrupt Link [LNKC] (IRQs 3 4 5 6 7 9 *10 11 14 15)
[    0.267263] ACPI: PCI Interrupt Link [LNKD] (IRQs 3 4 *5 6 7 9 10 11 14 15)
[    0.267397] vgaarb: device added: PCI:0000:00:0f.0,decodes=io+mem,owns=io+mem,locks=none
[    0.267406] vgaarb: loaded
[    0.267407] vgaarb: bridge control possible 0000:00:0f.0
[    0.267488] i2c-core: driver [aat2870] using legacy suspend method
[    0.267489] i2c-core: driver [aat2870] using legacy resume method
[    0.267551] SCSI subsystem initialized
[    0.267589] libata version 3.00 loaded.
[    0.267618] usbcore: registered new interface driver usbfs
[    0.267627] usbcore: registered new interface driver hub
[    0.267649] usbcore: registered new device driver usb
[    0.267711] PCI: Using ACPI for IRQ routing
[    0.333791] PCI: pci_cache_line_size set to 64 bytes
[    0.333813] pci 0000:00:18.2: no compatible bridge window for [io  0xf000-0xffff]
[    0.334794] reserve RAM buffer: 000000000009f000 - 000000000009ffff 
[    0.334796] reserve RAM buffer: 000000003fee0000 - 000000003fffffff 
[    0.334889] NetLabel: Initializing
[    0.334891] NetLabel:  domain hash size = 128
[    0.334892] NetLabel:  protocols = UNLABELED CIPSOv4
[    0.334899] NetLabel:  unlabeled traffic allowed by default
[    0.334954] hpet0: at MMIO 0xfed00000, IRQs 2, 8, 0, 0, 0, 0, 0, 0, 0, 0, 0, 0, 0, 0, 0, 0
[    0.334960] hpet0: 16 comparators, 64-bit 14.318180 MHz counter
[    0.337991] Switching to clocksource hpet
[    0.343223] AppArmor: AppArmor Filesystem Enabled
[    0.343240] pnp: PnP ACPI init
[    0.343255] ACPI: bus type pnp registered
[    0.343853] pnp 00:00: [bus 00-ff]
[    0.343855] pnp 00:00: [mem 0x000a0000-0x000bffff window]
[    0.343857] pnp 00:00: [mem 0x000c0000-0x000c3fff window]
[    0.343858] pnp 00:00: [mem 0x000c4000-0x000c7fff window]
[    0.343859] pnp 00:00: [mem 0x000c8000-0x000cbfff window]
[    0.343861] pnp 00:00: [mem 0x000cc000-0x000cffff window]
[    0.343862] pnp 00:00: [mem 0x000d0000-0x000d3fff window]
[    0.343864] pnp 00:00: [mem 0x000d4000-0x000d7fff window]
[    0.343865] pnp 00:00: [mem 0x000d8000-0x000dbfff window]
[    0.343867] pnp 00:00: [mem 0x000dc000-0x000dffff window]
[    0.343868] pnp 00:00: [mem 0x000e0000-0x000e3fff window]
[    0.343869] pnp 00:00: [mem 0x000e4000-0x000e7fff window]
[    0.343871] pnp 00:00: [mem 0x000e8000-0x000ebfff window]
[    0.343872] pnp 00:00: [mem 0x000ec000-0x000effff window]
[    0.343874] pnp 00:00: [mem 0xc0000000-0xfebfffff window]
[    0.343875] pnp 00:00: [io  0x0cf8-0x0cff]
[    0.343877] pnp 00:00: [io  0x0000-0x0cf7 window]
[    0.343878] pnp 00:00: [io  0x0d00-0xfeff window]
[    0.343914] pnp 00:00: Plug and Play ACPI device, IDs PNP0a03 PNP0a08 (active)
[    0.343974] pnp 00:01: [io  0x0010-0x001f]
[    0.343975] pnp 00:01: [io  0x0024-0x0025]
[    0.343976] pnp 00:01: [io  0x0028-0x0029]
[    0.343977] pnp 00:01: [io  0x002c-0x002d]
[    0.343979] pnp 00:01: [io  0x002e-0x002f]
[    0.343980] pnp 00:01: [io  0x0030-0x0031]
[    0.343981] pnp 00:01: [io  0x0034-0x0035]
[    0.343982] pnp 00:01: [io  0x0038-0x0039]
[    0.343983] pnp 00:01: [io  0x003c-0x003d]
[    0.343984] pnp 00:01: [io  0x0050-0x0053]
[    0.343986] pnp 00:01: [io  0x0072-0x0077]
[    0.343987] pnp 00:01: [io  0x0080]
[    0.343988] pnp 00:01: [io  0x0090-0x009f]
[    0.343989] pnp 00:01: [io  0x00a4-0x00a5]
[    0.343990] pnp 00:01: [io  0x00a8-0x00a9]
[    0.343991] pnp 00:01: [io  0x00ac-0x00ad]
[    0.343993] pnp 00:01: [io  0x00b0-0x00b5]
[    0.343994] pnp 00:01: [io  0x00b8-0x00b9]
[    0.343995] pnp 00:01: [io  0x00bc-0x00bd]
[    0.343996] pnp 00:01: [io  0x1000-0x103f]
[    0.343997] pnp 00:01: [io  0x1040-0x104f]
[    0.343999] pnp 00:01: [io  0x0cf0-0x0cf1]
[    0.344068] system 00:01: [io  0x1000-0x103f] has been reserved
[    0.344073] system 00:01: [io  0x1040-0x104f] has been reserved
[    0.344075] system 00:01: [io  0x0cf0-0x0cf1] has been reserved
[    0.344077] system 00:01: Plug and Play ACPI device, IDs PNP0c02 (active)
[    0.344085] pnp 00:02: [io  0x0000-0x000f]
[    0.344086] pnp 00:02: [io  0x0081-0x008f]
[    0.344087] pnp 00:02: [io  0x00c0-0x00df]
[    0.344089] pnp 00:02: [dma 4]
[    0.344105] pnp 00:02: Plug and Play ACPI device, IDs PNP0200 (active)
[    0.344110] pnp 00:03: [io  0x0020-0x0021]
[    0.344111] pnp 00:03: [io  0x00a0-0x00a1]
[    0.344113] pnp 00:03: [io  0x04d0-0x04d1]
[    0.344114] pnp 00:03: [irq 2 disabled]
[    0.344129] pnp 00:03: Plug and Play ACPI device, IDs PNP0001 (active)
[    0.344135] pnp 00:04: [io  0x0070-0x0071]
[    0.344137] pnp 00:04: [irq 8]
[    0.344150] pnp 00:04: Plug and Play ACPI device, IDs PNP0b00 (active)
[    0.344155] pnp 00:05: [io  0x0061]
[    0.344167] pnp 00:05: Plug and Play ACPI device, IDs PNP0800 (active)
[    0.344172] pnp 00:06: [io  0x0060]
[    0.344173] pnp 00:06: [io  0x0064]
[    0.344174] pnp 00:06: [irq 1]
[    0.344189] pnp 00:06: Plug and Play ACPI device, IDs PNP0303 (active)
[    0.344194] pnp 00:07: [irq 12]
[    0.344207] pnp 00:07: Plug and Play ACPI device, IDs PNP0f13 (active)
[    0.344357] pnp 00:08: [mem 0xfed00000-0xfed003ff]
[    0.344391] system 00:08: [mem 0xfed00000-0xfed003ff] has been reserved
[    0.344393] system 00:08: Plug and Play ACPI device, IDs PNP0103 PNP0c01 (active)
[    0.348478] pnp 00:09: [io  0x0378-0x037f]
[    0.348480] pnp 00:09: [irq 7]
[    0.349550] pnp 00:09: Plug and Play ACPI device, IDs PNP0400 (active)
[    0.353226] pnp 00:0a: [io  0x03f8-0x03ff]
[    0.353229] pnp 00:0a: [irq 4]
[    0.354286] pnp 00:0a: Plug and Play ACPI device, IDs PNP0501 (active)
[    0.357356] pnp 00:0b: [io  0x02f8-0x02ff]
[    0.357358] pnp 00:0b: [irq 3]
[    0.358435] pnp 00:0b: Plug and Play ACPI device, IDs PNP0501 (active)
[    0.363098] pnp 00:0c: [io  0x03f0-0x03f5]
[    0.363100] pnp 00:0c: [io  0x03f7]
[    0.363102] pnp 00:0c: [irq 6]
[    0.363103] pnp 00:0c: [dma 2]
[    0.364120] pnp 00:0c: Plug and Play ACPI device, IDs PNP0700 (active)
[    0.364347] pnp 00:0d: [mem 0xe0000000-0xefffffff]
[    0.364349] pnp 00:0d: [io  0x1060-0x107f]
[    0.364350] pnp 00:0d: [mem 0xc8200000-0xc83fffff]
[    0.364395] system 00:0d: [io  0x1060-0x107f] has been reserved
[    0.364399] system 00:0d: [mem 0xe0000000-0xefffffff] has been reserved
[    0.364400] system 00:0d: [mem 0xc8200000-0xc83fffff] has been reserved
[    0.364403] system 00:0d: Plug and Play ACPI device, IDs PNP0c02 (active)
[    0.368937] pnp: PnP ACPI: found 14 devices
[    0.368939] ACPI: ACPI bus type pnp unregistered
[    0.368942] PnPBIOS: Disabled by ACPI PNP
[    0.404581] PCI: max bus depth: 1 pci_try_num: 2
[    0.406139] pci 0000:00:0f.0: BAR 6: assigned [mem 0xc0000000-0xc0007fff pref]
[    0.406143] pci 0000:00:10.0: BAR 6: assigned [mem 0xc0008000-0xc000bfff pref]
[    0.406148] pci 0000:00:18.7: BAR 13: can't assign io (size 0x1000)
[    0.406151] pci 0000:00:18.6: BAR 13: can't assign io (size 0x1000)
[    0.406154] pci 0000:00:18.5: BAR 13: can't assign io (size 0x1000)
[    0.406157] pci 0000:00:18.4: BAR 13: can't assign io (size 0x1000)
[    0.406160] pci 0000:00:18.3: BAR 13: can't assign io (size 0x1000)
[    0.406163] pci 0000:00:18.2: BAR 13: can't assign io (size 0x1000)
[    0.406166] pci 0000:00:17.7: BAR 13: can't assign io (size 0x1000)
[    0.406169] pci 0000:00:17.6: BAR 13: can't assign io (size 0x1000)
[    0.406172] pci 0000:00:17.5: BAR 13: can't assign io (size 0x1000)
[    0.406175] pci 0000:00:17.4: BAR 13: can't assign io (size 0x1000)
[    0.406178] pci 0000:00:17.3: BAR 13: can't assign io (size 0x1000)
[    0.406181] pci 0000:00:16.7: BAR 13: can't assign io (size 0x1000)
[    0.406184] pci 0000:00:16.6: BAR 13: can't assign io (size 0x1000)
[    0.406187] pci 0000:00:16.5: BAR 13: can't assign io (size 0x1000)
[    0.406190] pci 0000:00:16.4: BAR 13: can't assign io (size 0x1000)
[    0.406193] pci 0000:00:16.3: BAR 13: can't assign io (size 0x1000)
[    0.406196] pci 0000:00:15.7: BAR 13: can't assign io (size 0x1000)
[    0.406199] pci 0000:00:15.6: BAR 13: can't assign io (size 0x1000)
[    0.406202] pci 0000:00:15.5: BAR 13: can't assign io (size 0x1000)
[    0.406205] pci 0000:00:15.4: BAR 13: can't assign io (size 0x1000)
[    0.406208] pci 0000:00:15.3: BAR 13: can't assign io (size 0x1000)
[    0.406210] pci 0000:00:01.0: PCI bridge to [bus 01-01]
[    0.406299] pci 0000:02:01.0: BAR 6: assigned [mem 0xd8400000-0xd840ffff pref]
[    0.406301] pci 0000:00:11.0: PCI bridge to [bus 02-02]
[    0.406314] pci 0000:00:11.0:   bridge window [io  0x2000-0x3fff]
[    0.406345] pci 0000:00:11.0:   bridge window [mem 0xc9000000-0xca3fffff]
[    0.406367] pci 0000:00:11.0:   bridge window [mem 0xd8400000-0xd89fffff 64bit pref]
[    0.406407] pci 0000:00:15.0: PCI bridge to [bus 03-03]
[    0.406419] pci 0000:00:15.0:   bridge window [io  0x4000-0x4fff]
[    0.406459] pci 0000:00:15.0:   bridge window [mem 0xca400000-0xca4fffff]
[    0.406481] pci 0000:00:15.0:   bridge window [mem 0xd8a00000-0xd8afffff 64bit pref]
[    0.406533] pci 0000:00:15.1: PCI bridge to [bus 04-04]
[    0.406546] pci 0000:00:15.1:   bridge window [io  0x8000-0x8fff]
[    0.406577] pci 0000:00:15.1:   bridge window [mem 0xca800000-0xca8fffff]
[    0.406598] pci 0000:00:15.1:   bridge window [mem 0xd8e00000-0xd8efffff 64bit pref]
[    0.406643] pci 0000:00:15.2: PCI bridge to [bus 05-05]
[    0.406655] pci 0000:00:15.2:   bridge window [io  0xc000-0xcfff]
[    0.406686] pci 0000:00:15.2:   bridge window [mem 0xcac00000-0xcacfffff]
[    0.406707] pci 0000:00:15.2:   bridge window [mem 0xd9200000-0xd92fffff 64bit pref]
[    0.406751] pci 0000:00:15.3: PCI bridge to [bus 06-06]
[    0.406782] pci 0000:00:15.3:   bridge window [mem 0xcb000000-0xcb0fffff]
[    0.406803] pci 0000:00:15.3:   bridge window [mem 0xd9600000-0xd96fffff 64bit pref]
[    0.406847] pci 0000:00:15.4: PCI bridge to [bus 07-07]
[    0.406877] pci 0000:00:15.4:   bridge window [mem 0xcb400000-0xcb4fffff]
[    0.406899] pci 0000:00:15.4:   bridge window [mem 0xd9a00000-0xd9afffff 64bit pref]
[    0.406942] pci 0000:00:15.5: PCI bridge to [bus 08-08]
[    0.406973] pci 0000:00:15.5:   bridge window [mem 0xcb800000-0xcb8fffff]
[    0.406994] pci 0000:00:15.5:   bridge window [mem 0xd9e00000-0xd9efffff 64bit pref]
[    0.407037] pci 0000:00:15.6: PCI bridge to [bus 09-09]
[    0.407068] pci 0000:00:15.6:   bridge window [mem 0xcbc00000-0xcbcfffff]
[    0.407089] pci 0000:00:15.6:   bridge window [mem 0xda200000-0xda2fffff 64bit pref]
[    0.407133] pci 0000:00:15.7: PCI bridge to [bus 0a-0a]
[    0.407164] pci 0000:00:15.7:   bridge window [mem 0xcc000000-0xcc0fffff]
[    0.407185] pci 0000:00:15.7:   bridge window [mem 0xda600000-0xda6fffff 64bit pref]
[    0.407229] pci 0000:00:16.0: PCI bridge to [bus 0b-0b]
[    0.407241] pci 0000:00:16.0:   bridge window [io  0x5000-0x5fff]
[    0.407272] pci 0000:00:16.0:   bridge window [mem 0xca500000-0xca5fffff]
[    0.407293] pci 0000:00:16.0:   bridge window [mem 0xd8b00000-0xd8bfffff 64bit pref]
[    0.407336] pci 0000:00:16.1: PCI bridge to [bus 0c-0c]
[    0.407349] pci 0000:00:16.1:   bridge window [io  0x9000-0x9fff]
[    0.407380] pci 0000:00:16.1:   bridge window [mem 0xca900000-0xca9fffff]
[    0.407401] pci 0000:00:16.1:   bridge window [mem 0xd8f00000-0xd8ffffff 64bit pref]
[    0.407445] pci 0000:00:16.2: PCI bridge to [bus 0d-0d]
[    0.407462] pci 0000:00:16.2:   bridge window [io  0xd000-0xdfff]
[    0.407498] pci 0000:00:16.2:   bridge window [mem 0xcad00000-0xcadfffff]
[    0.407519] pci 0000:00:16.2:   bridge window [mem 0xd9300000-0xd93fffff 64bit pref]
[    0.407563] pci 0000:00:16.3: PCI bridge to [bus 0e-0e]
[    0.407594] pci 0000:00:16.3:   bridge window [mem 0xcb100000-0xcb1fffff]
[    0.407615] pci 0000:00:16.3:   bridge window [mem 0xd9700000-0xd97fffff 64bit pref]
[    0.407660] pci 0000:00:16.4: PCI bridge to [bus 0f-0f]
[    0.407690] pci 0000:00:16.4:   bridge window [mem 0xcb500000-0xcb5fffff]
[    0.407712] pci 0000:00:16.4:   bridge window [mem 0xd9b00000-0xd9bfffff 64bit pref]
[    0.407755] pci 0000:00:16.5: PCI bridge to [bus 10-10]
[    0.407785] pci 0000:00:16.5:   bridge window [mem 0xcb900000-0xcb9fffff]
[    0.407807] pci 0000:00:16.5:   bridge window [mem 0xd9f00000-0xd9ffffff 64bit pref]
[    0.407850] pci 0000:00:16.6: PCI bridge to [bus 11-11]
[    0.407881] pci 0000:00:16.6:   bridge window [mem 0xcbd00000-0xcbdfffff]
[    0.407902] pci 0000:00:16.6:   bridge window [mem 0xda300000-0xda3fffff 64bit pref]
[    0.407946] pci 0000:00:16.7: PCI bridge to [bus 12-12]
[    0.407976] pci 0000:00:16.7:   bridge window [mem 0xcc100000-0xcc1fffff]
[    0.407998] pci 0000:00:16.7:   bridge window [mem 0xda700000-0xda7fffff 64bit pref]
[    0.408041] pci 0000:00:17.0: PCI bridge to [bus 13-13]
[    0.408053] pci 0000:00:17.0:   bridge window [io  0x6000-0x6fff]
[    0.408085] pci 0000:00:17.0:   bridge window [mem 0xca600000-0xca6fffff]
[    0.408106] pci 0000:00:17.0:   bridge window [mem 0xd8c00000-0xd8cfffff 64bit pref]
[    0.408149] pci 0000:00:17.1: PCI bridge to [bus 14-14]
[    0.408162] pci 0000:00:17.1:   bridge window [io  0xa000-0xafff]
[    0.408193] pci 0000:00:17.1:   bridge window [mem 0xcaa00000-0xcaafffff]
[    0.408214] pci 0000:00:17.1:   bridge window [mem 0xd9000000-0xd90fffff 64bit pref]
[    0.408257] pci 0000:00:17.2: PCI bridge to [bus 15-15]
[    0.408270] pci 0000:00:17.2:   bridge window [io  0xe000-0xefff]
[    0.408301] pci 0000:00:17.2:   bridge window [mem 0xcae00000-0xcaefffff]
[    0.408322] pci 0000:00:17.2:   bridge window [mem 0xd9400000-0xd94fffff 64bit pref]
[    0.408366] pci 0000:00:17.3: PCI bridge to [bus 16-16]
[    0.408396] pci 0000:00:17.3:   bridge window [mem 0xcb200000-0xcb2fffff]
[    0.408417] pci 0000:00:17.3:   bridge window [mem 0xd9800000-0xd98fffff 64bit pref]
[    0.408514] pci 0000:00:17.4: PCI bridge to [bus 17-17]
[    0.408554] pci 0000:00:17.4:   bridge window [mem 0xcb600000-0xcb6fffff]
[    0.408584] pci 0000:00:17.4:   bridge window [mem 0xd9c00000-0xd9cfffff 64bit pref]
[    0.408647] pci 0000:00:17.5: PCI bridge to [bus 18-18]
[    0.408689] pci 0000:00:17.5:   bridge window [mem 0xcba00000-0xcbafffff]
[    0.408718] pci 0000:00:17.5:   bridge window [mem 0xda000000-0xda0fffff 64bit pref]
[    0.408776] pci 0000:00:17.6: PCI bridge to [bus 19-19]
[    0.408812] pci 0000:00:17.6:   bridge window [mem 0xcbe00000-0xcbefffff]
[    0.408838] pci 0000:00:17.6:   bridge window [mem 0xda400000-0xda4fffff 64bit pref]
[    0.408899] pci 0000:00:17.7: PCI bridge to [bus 1a-1a]
[    0.408943] pci 0000:00:17.7:   bridge window [mem 0xcc200000-0xcc2fffff]
[    0.408971] pci 0000:00:17.7:   bridge window [mem 0xda800000-0xda8fffff 64bit pref]
[    0.409033] pci 0000:00:18.0: PCI bridge to [bus 1b-1b]
[    0.409050] pci 0000:00:18.0:   bridge window [io  0x7000-0x7fff]
[    0.409087] pci 0000:00:18.0:   bridge window [mem 0xca700000-0xca7fffff]
[    0.409109] pci 0000:00:18.0:   bridge window [mem 0xd8d00000-0xd8dfffff 64bit pref]
[    0.409154] pci 0000:00:18.1: PCI bridge to [bus 1c-1c]
[    0.409166] pci 0000:00:18.1:   bridge window [io  0xb000-0xbfff]
[    0.409197] pci 0000:00:18.1:   bridge window [mem 0xcab00000-0xcabfffff]
[    0.409218] pci 0000:00:18.1:   bridge window [mem 0xd9100000-0xd91fffff 64bit pref]
[    0.409262] pci 0000:00:18.2: PCI bridge to [bus 1d-1d]
[    0.409293] pci 0000:00:18.2:   bridge window [mem 0xcaf00000-0xcaffffff]
[    0.409314] pci 0000:00:18.2:   bridge window [mem 0xd9500000-0xd95fffff 64bit pref]
[    0.409358] pci 0000:00:18.3: PCI bridge to [bus 1e-1e]
[    0.409388] pci 0000:00:18.3:   bridge window [mem 0xcb300000-0xcb3fffff]
[    0.409410] pci 0000:00:18.3:   bridge window [mem 0xd9900000-0xd99fffff 64bit pref]
[    0.409456] pci 0000:00:18.4: PCI bridge to [bus 1f-1f]
[    0.409487] pci 0000:00:18.4:   bridge window [mem 0xcb700000-0xcb7fffff]
[    0.409508] pci 0000:00:18.4:   bridge window [mem 0xd9d00000-0xd9dfffff 64bit pref]
[    0.409552] pci 0000:00:18.5: PCI bridge to [bus 20-20]
[    0.409583] pci 0000:00:18.5:   bridge window [mem 0xcbb00000-0xcbbfffff]
[    0.409604] pci 0000:00:18.5:   bridge window [mem 0xda100000-0xda1fffff 64bit pref]
[    0.409647] pci 0000:00:18.6: PCI bridge to [bus 21-21]
[    0.409678] pci 0000:00:18.6:   bridge window [mem 0xcbf00000-0xcbffffff]
[    0.409700] pci 0000:00:18.6:   bridge window [mem 0xda500000-0xda5fffff 64bit pref]
[    0.409743] pci 0000:00:18.7: PCI bridge to [bus 22-22]
[    0.409774] pci 0000:00:18.7:   bridge window [mem 0xcc300000-0xcc3fffff]
[    0.409795] pci 0000:00:18.7:   bridge window [mem 0xda900000-0xda9fffff 64bit pref]
[    0.409872] pci 0000:00:01.0: setting latency timer to 64
[    0.409970] pci 0000:00:15.0: setting latency timer to 64
[    0.410021] pci 0000:00:15.1: setting latency timer to 64
[    0.410071] pci 0000:00:15.2: setting latency timer to 64
[    0.410121] pci 0000:00:15.3: setting latency timer to 64
[    0.410171] pci 0000:00:15.4: setting latency timer to 64
[    0.410221] pci 0000:00:15.5: setting latency timer to 64
[    0.410271] pci 0000:00:15.6: setting latency timer to 64
[    0.410321] pci 0000:00:15.7: setting latency timer to 64
[    0.410371] pci 0000:00:16.0: setting latency timer to 64
[    0.410421] pci 0000:00:16.1: setting latency timer to 64
[    0.410472] pci 0000:00:16.2: setting latency timer to 64
[    0.410523] pci 0000:00:16.3: setting latency timer to 64
[    0.410573] pci 0000:00:16.4: setting latency timer to 64
[    0.410623] pci 0000:00:16.5: setting latency timer to 64
[    0.410673] pci 0000:00:16.6: setting latency timer to 64
[    0.410722] pci 0000:00:16.7: setting latency timer to 64
[    0.410773] pci 0000:00:17.0: setting latency timer to 64
[    0.410823] pci 0000:00:17.1: setting latency timer to 64
[    0.410873] pci 0000:00:17.2: setting latency timer to 64
[    0.410923] pci 0000:00:17.3: setting latency timer to 64
[    0.410973] pci 0000:00:17.4: setting latency timer to 64
[    0.411022] pci 0000:00:17.5: setting latency timer to 64
[    0.411072] pci 0000:00:17.6: setting latency timer to 64
[    0.411122] pci 0000:00:17.7: setting latency timer to 64
[    0.411172] pci 0000:00:18.0: setting latency timer to 64
[    0.411222] pci 0000:00:18.1: setting latency timer to 64
[    0.411272] pci 0000:00:18.2: setting latency timer to 64
[    0.411321] pci 0000:00:18.3: setting latency timer to 64
[    0.411371] pci 0000:00:18.4: setting latency timer to 64
[    0.411421] pci 0000:00:18.5: setting latency timer to 64
[    0.411484] pci 0000:00:18.6: setting latency timer to 64
[    0.411538] pci 0000:00:18.7: setting latency timer to 64
[    0.411551] pci_bus 0000:00: resource 4 [mem 0x000a0000-0x000bffff]
[    0.411553] pci_bus 0000:00: resource 5 [mem 0x000cc000-0x000cffff]
[    0.411555] pci_bus 0000:00: resource 6 [mem 0x000d0000-0x000d3fff]
[    0.411557] pci_bus 0000:00: resource 7 [mem 0x000d4000-0x000d7fff]
[    0.411559] pci_bus 0000:00: resource 8 [mem 0x000d8000-0x000dbfff]
[    0.411561] pci_bus 0000:00: resource 9 [mem 0xc0000000-0xfebfffff]
[    0.411563] pci_bus 0000:00: resource 10 [io  0x0000-0x0cf7]
[    0.411565] pci_bus 0000:00: resource 11 [io  0x0d00-0xfeff]
[    0.411568] pci_bus 0000:02: resource 0 [io  0x2000-0x3fff]
[    0.411570] pci_bus 0000:02: resource 1 [mem 0xc9000000-0xca3fffff]
[    0.411572] pci_bus 0000:02: resource 2 [mem 0xd8400000-0xd89fffff 64bit pref]
[    0.411574] pci_bus 0000:02: resource 4 [mem 0x000a0000-0x000bffff]
[    0.411576] pci_bus 0000:02: resource 5 [mem 0x000cc000-0x000cffff]
[    0.411578] pci_bus 0000:02: resource 6 [mem 0x000d0000-0x000d3fff]
[    0.411580] pci_bus 0000:02: resource 7 [mem 0x000d4000-0x000d7fff]
[    0.411582] pci_bus 0000:02: resource 8 [mem 0x000d8000-0x000dbfff]
[    0.411584] pci_bus 0000:02: resource 9 [mem 0xc0000000-0xfebfffff]
[    0.411586] pci_bus 0000:02: resource 10 [io  0x0000-0x0cf7]
[    0.411588] pci_bus 0000:02: resource 11 [io  0x0d00-0xfeff]
[    0.411591] pci_bus 0000:03: resource 0 [io  0x4000-0x4fff]
[    0.411593] pci_bus 0000:03: resource 1 [mem 0xca400000-0xca4fffff]
[    0.411595] pci_bus 0000:03: resource 2 [mem 0xd8a00000-0xd8afffff 64bit pref]
[    0.411597] pci_bus 0000:04: resource 0 [io  0x8000-0x8fff]
[    0.411599] pci_bus 0000:04: resource 1 [mem 0xca800000-0xca8fffff]
[    0.411601] pci_bus 0000:04: resource 2 [mem 0xd8e00000-0xd8efffff 64bit pref]
[    0.411603] pci_bus 0000:05: resource 0 [io  0xc000-0xcfff]
[    0.411605] pci_bus 0000:05: resource 1 [mem 0xcac00000-0xcacfffff]
[    0.411607] pci_bus 0000:05: resource 2 [mem 0xd9200000-0xd92fffff 64bit pref]
[    0.411610] pci_bus 0000:06: resource 1 [mem 0xcb000000-0xcb0fffff]
[    0.411612] pci_bus 0000:06: resource 2 [mem 0xd9600000-0xd96fffff 64bit pref]
[    0.411614] pci_bus 0000:07: resource 1 [mem 0xcb400000-0xcb4fffff]
[    0.411616] pci_bus 0000:07: resource 2 [mem 0xd9a00000-0xd9afffff 64bit pref]
[    0.411619] pci_bus 0000:08: resource 1 [mem 0xcb800000-0xcb8fffff]
[    0.411621] pci_bus 0000:08: resource 2 [mem 0xd9e00000-0xd9efffff 64bit pref]
[    0.411623] pci_bus 0000:09: resource 1 [mem 0xcbc00000-0xcbcfffff]
[    0.411625] pci_bus 0000:09: resource 2 [mem 0xda200000-0xda2fffff 64bit pref]
[    0.411627] pci_bus 0000:0a: resource 1 [mem 0xcc000000-0xcc0fffff]
[    0.411629] pci_bus 0000:0a: resource 2 [mem 0xda600000-0xda6fffff 64bit pref]
[    0.411632] pci_bus 0000:0b: resource 0 [io  0x5000-0x5fff]
[    0.411634] pci_bus 0000:0b: resource 1 [mem 0xca500000-0xca5fffff]
[    0.411636] pci_bus 0000:0b: resource 2 [mem 0xd8b00000-0xd8bfffff 64bit pref]
[    0.411638] pci_bus 0000:0c: resource 0 [io  0x9000-0x9fff]
[    0.411640] pci_bus 0000:0c: resource 1 [mem 0xca900000-0xca9fffff]
[    0.411642] pci_bus 0000:0c: resource 2 [mem 0xd8f00000-0xd8ffffff 64bit pref]
[    0.411644] pci_bus 0000:0d: resource 0 [io  0xd000-0xdfff]
[    0.411646] pci_bus 0000:0d: resource 1 [mem 0xcad00000-0xcadfffff]
[    0.411648] pci_bus 0000:0d: resource 2 [mem 0xd9300000-0xd93fffff 64bit pref]
[    0.411651] pci_bus 0000:0e: resource 1 [mem 0xcb100000-0xcb1fffff]
[    0.411653] pci_bus 0000:0e: resource 2 [mem 0xd9700000-0xd97fffff 64bit pref]
[    0.411655] pci_bus 0000:0f: resource 1 [mem 0xcb500000-0xcb5fffff]
[    0.411657] pci_bus 0000:0f: resource 2 [mem 0xd9b00000-0xd9bfffff 64bit pref]
[    0.411660] pci_bus 0000:10: resource 1 [mem 0xcb900000-0xcb9fffff]
[    0.411662] pci_bus 0000:10: resource 2 [mem 0xd9f00000-0xd9ffffff 64bit pref]
[    0.411664] pci_bus 0000:11: resource 1 [mem 0xcbd00000-0xcbdfffff]
[    0.411666] pci_bus 0000:11: resource 2 [mem 0xda300000-0xda3fffff 64bit pref]
[    0.411668] pci_bus 0000:12: resource 1 [mem 0xcc100000-0xcc1fffff]
[    0.411670] pci_bus 0000:12: resource 2 [mem 0xda700000-0xda7fffff 64bit pref]
[    0.411673] pci_bus 0000:13: resource 0 [io  0x6000-0x6fff]
[    0.411675] pci_bus 0000:13: resource 1 [mem 0xca600000-0xca6fffff]
[    0.411677] pci_bus 0000:13: resource 2 [mem 0xd8c00000-0xd8cfffff 64bit pref]
[    0.411679] pci_bus 0000:14: resource 0 [io  0xa000-0xafff]
[    0.411681] pci_bus 0000:14: resource 1 [mem 0xcaa00000-0xcaafffff]
[    0.411683] pci_bus 0000:14: resource 2 [mem 0xd9000000-0xd90fffff 64bit pref]
[    0.411685] pci_bus 0000:15: resource 0 [io  0xe000-0xefff]
[    0.411687] pci_bus 0000:15: resource 1 [mem 0xcae00000-0xcaefffff]
[    0.411689] pci_bus 0000:15: resource 2 [mem 0xd9400000-0xd94fffff 64bit pref]
[    0.411692] pci_bus 0000:16: resource 1 [mem 0xcb200000-0xcb2fffff]
[    0.411694] pci_bus 0000:16: resource 2 [mem 0xd9800000-0xd98fffff 64bit pref]
[    0.411696] pci_bus 0000:17: resource 1 [mem 0xcb600000-0xcb6fffff]
[    0.411698] pci_bus 0000:17: resource 2 [mem 0xd9c00000-0xd9cfffff 64bit pref]
[    0.411701] pci_bus 0000:18: resource 1 [mem 0xcba00000-0xcbafffff]
[    0.411703] pci_bus 0000:18: resource 2 [mem 0xda000000-0xda0fffff 64bit pref]
[    0.411705] pci_bus 0000:19: resource 1 [mem 0xcbe00000-0xcbefffff]
[    0.411707] pci_bus 0000:19: resource 2 [mem 0xda400000-0xda4fffff 64bit pref]
[    0.411709] pci_bus 0000:1a: resource 1 [mem 0xcc200000-0xcc2fffff]
[    0.411711] pci_bus 0000:1a: resource 2 [mem 0xda800000-0xda8fffff 64bit pref]
[    0.411714] pci_bus 0000:1b: resource 0 [io  0x7000-0x7fff]
[    0.411716] pci_bus 0000:1b: resource 1 [mem 0xca700000-0xca7fffff]
[    0.411718] pci_bus 0000:1b: resource 2 [mem 0xd8d00000-0xd8dfffff 64bit pref]
[    0.411720] pci_bus 0000:1c: resource 0 [io  0xb000-0xbfff]
[    0.411722] pci_bus 0000:1c: resource 1 [mem 0xcab00000-0xcabfffff]
[    0.411724] pci_bus 0000:1c: resource 2 [mem 0xd9100000-0xd91fffff 64bit pref]
[    0.411726] pci_bus 0000:1d: resource 1 [mem 0xcaf00000-0xcaffffff]
[    0.411728] pci_bus 0000:1d: resource 2 [mem 0xd9500000-0xd95fffff 64bit pref]
[    0.411730] pci_bus 0000:1e: resource 1 [mem 0xcb300000-0xcb3fffff]
[    0.411733] pci_bus 0000:1e: resource 2 [mem 0xd9900000-0xd99fffff 64bit pref]
[    0.411735] pci_bus 0000:1f: resource 1 [mem 0xcb700000-0xcb7fffff]
[    0.411737] pci_bus 0000:1f: resource 2 [mem 0xd9d00000-0xd9dfffff 64bit pref]
[    0.411739] pci_bus 0000:20: resource 1 [mem 0xcbb00000-0xcbbfffff]
[    0.411741] pci_bus 0000:20: resource 2 [mem 0xda100000-0xda1fffff 64bit pref]
[    0.411744] pci_bus 0000:21: resource 1 [mem 0xcbf00000-0xcbffffff]
[    0.411746] pci_bus 0000:21: resource 2 [mem 0xda500000-0xda5fffff 64bit pref]
[    0.411748] pci_bus 0000:22: resource 1 [mem 0xcc300000-0xcc3fffff]
[    0.411750] pci_bus 0000:22: resource 2 [mem 0xda900000-0xda9fffff 64bit pref]
[    0.411784] NET: Registered protocol family 2
[    0.411823] IP route cache hash table entries: 32768 (order: 5, 131072 bytes)
[    0.411954] TCP established hash table entries: 131072 (order: 8, 1048576 bytes)
[    0.412191] TCP bind hash table entries: 65536 (order: 7, 524288 bytes)
[    0.412427] TCP: Hash tables configured (established 131072 bind 65536)
[    0.412431] TCP reno registered
[    0.412435] UDP hash table entries: 512 (order: 2, 16384 bytes)
[    0.412446] UDP-Lite hash table entries: 512 (order: 2, 16384 bytes)
[    0.412492] NET: Registered protocol family 1
[    0.412501] pci 0000:00:00.0: Limiting direct PCI/PCI transfers
[    0.412584] pci 0000:00:0f.0: Boot video device
[    0.412820] ACPI: PCI Interrupt Link [LNKC] enabled at IRQ 10
[    0.412823] PCI: setting IRQ 10 as level-triggered
[    0.412830] pci 0000:02:00.0: PCI INT A -> Link[LNKC] -> GSI 10 (level, low) -> IRQ 10
[    0.412938] pci 0000:02:00.0: PCI INT A disabled
[    0.413067] ACPI: PCI Interrupt Link [LNKB] enabled at IRQ 11
[    0.413069] PCI: setting IRQ 11 as level-triggered
[    0.413073] pci 0000:02:03.0: PCI INT A -> Link[LNKB] -> GSI 11 (level, low) -> IRQ 11
[    0.413142] pci 0000:02:03.0: PCI INT A disabled
[    0.413155] PCI: CLS 32 bytes, default 64
[    0.413196] Simple Boot Flag at 0x36 set to 0x1
[    0.413201] Switching to clocksource tsc
[    0.413412] audit: initializing netlink socket (disabled)
[    0.413419] type=2000 audit(1369652459.391:1): initialized
[    0.426160] Trying to unpack rootfs image as initramfs...
[    0.445921] highmem bounce pool size: 64 pages
[    0.445926] HugeTLB registered 2 MB page size, pre-allocated 0 pages
[    0.450253] VFS: Disk quotas dquot_6.5.2
[    0.450302] Dquot-cache hash table entries: 1024 (order 0, 4096 bytes)
[    0.450603] fuse init (API version 7.17)
[    0.450663] msgmni has been set to 1710
[    0.466003] Block layer SCSI generic (bsg) driver version 0.4 loaded (major 253)
[    0.466033] io scheduler noop registered
[    0.466035] io scheduler deadline registered
[    0.466041] io scheduler cfq registered (default)
[    0.466263] pcieport 0000:00:15.0: setting latency timer to 64
[    0.466499] pcieport 0000:00:15.0: irq 40 for MSI/MSI-X
[    0.466736] pcieport 0000:00:15.1: setting latency timer to 64
[    0.466972] pcieport 0000:00:15.1: irq 41 for MSI/MSI-X
[    0.467208] pcieport 0000:00:15.2: setting latency timer to 64
[    0.467445] pcieport 0000:00:15.2: irq 42 for MSI/MSI-X
[    0.467681] pcieport 0000:00:15.3: setting latency timer to 64
[    0.467918] pcieport 0000:00:15.3: irq 43 for MSI/MSI-X
[    0.468154] pcieport 0000:00:15.4: setting latency timer to 64
[    0.468390] pcieport 0000:00:15.4: irq 44 for MSI/MSI-X
[    0.468627] pcieport 0000:00:15.5: setting latency timer to 64
[    0.468863] pcieport 0000:00:15.5: irq 45 for MSI/MSI-X
[    0.469100] pcieport 0000:00:15.6: setting latency timer to 64
[    0.469336] pcieport 0000:00:15.6: irq 46 for MSI/MSI-X
[    0.469884] pcieport 0000:00:15.7: setting latency timer to 64
[    0.470207] pcieport 0000:00:15.7: irq 47 for MSI/MSI-X
[    0.470443] pcieport 0000:00:16.0: setting latency timer to 64
[    0.470680] pcieport 0000:00:16.0: irq 48 for MSI/MSI-X
[    0.470916] pcieport 0000:00:16.1: setting latency timer to 64
[    0.471152] pcieport 0000:00:16.1: irq 49 for MSI/MSI-X
[    0.471389] pcieport 0000:00:16.2: setting latency timer to 64
[    0.471625] pcieport 0000:00:16.2: irq 50 for MSI/MSI-X
[    0.471862] pcieport 0000:00:16.3: setting latency timer to 64
[    0.472098] pcieport 0000:00:16.3: irq 51 for MSI/MSI-X
[    0.472334] pcieport 0000:00:16.4: setting latency timer to 64
[    0.472571] pcieport 0000:00:16.4: irq 52 for MSI/MSI-X
[    0.472807] pcieport 0000:00:16.5: setting latency timer to 64
[    0.473044] pcieport 0000:00:16.5: irq 53 for MSI/MSI-X
[    0.473280] pcieport 0000:00:16.6: setting latency timer to 64
[    0.473343] pcieport 0000:00:16.6: irq 54 for MSI/MSI-X
[    0.478036] pcieport 0000:00:16.7: setting latency timer to 64
[    0.478273] pcieport 0000:00:16.7: irq 55 for MSI/MSI-X
[    0.478509] pcieport 0000:00:17.0: setting latency timer to 64
[    0.478746] pcieport 0000:00:17.0: irq 56 for MSI/MSI-X
[    0.478982] pcieport 0000:00:17.1: setting latency timer to 64
[    0.479218] pcieport 0000:00:17.1: irq 57 for MSI/MSI-X
[    0.479455] pcieport 0000:00:17.2: setting latency timer to 64
[    0.479691] pcieport 0000:00:17.2: irq 58 for MSI/MSI-X
[    0.479927] pcieport 0000:00:17.3: setting latency timer to 64
[    0.480164] pcieport 0000:00:17.3: irq 59 for MSI/MSI-X
[    0.480400] pcieport 0000:00:17.4: setting latency timer to 64
[    0.480637] pcieport 0000:00:17.4: irq 60 for MSI/MSI-X
[    0.480873] pcieport 0000:00:17.5: setting latency timer to 64
[    0.481109] pcieport 0000:00:17.5: irq 61 for MSI/MSI-X
[    0.481346] pcieport 0000:00:17.6: setting latency timer to 64
[    0.485907] pcieport 0000:00:17.6: irq 62 for MSI/MSI-X
[    0.486143] pcieport 0000:00:17.7: setting latency timer to 64
[    0.486380] pcieport 0000:00:17.7: irq 63 for MSI/MSI-X
[    0.486616] pcieport 0000:00:18.0: setting latency timer to 64
[    0.486853] pcieport 0000:00:18.0: irq 64 for MSI/MSI-X
[    0.487089] pcieport 0000:00:18.1: setting latency timer to 64
[    0.487325] pcieport 0000:00:18.1: irq 65 for MSI/MSI-X
[    0.487562] pcieport 0000:00:18.2: setting latency timer to 64
[    0.487798] pcieport 0000:00:18.2: irq 66 for MSI/MSI-X
[    0.488035] pcieport 0000:00:18.3: setting latency timer to 64
[    0.488271] pcieport 0000:00:18.3: irq 67 for MSI/MSI-X
[    0.488507] pcieport 0000:00:18.4: setting latency timer to 64
[    0.488744] pcieport 0000:00:18.4: irq 68 for MSI/MSI-X
[    0.488980] pcieport 0000:00:18.5: setting latency timer to 64
[    0.489217] pcieport 0000:00:18.5: irq 69 for MSI/MSI-X
[    0.489453] pcieport 0000:00:18.6: setting latency timer to 64
[    0.493978] pcieport 0000:00:18.6: irq 70 for MSI/MSI-X
[    0.494214] pcieport 0000:00:18.7: setting latency timer to 64
[    0.494451] pcieport 0000:00:18.7: irq 71 for MSI/MSI-X
[    0.494687] pcieport 0000:00:15.0: Signaling PME through PCIe PME interrupt
[    0.494713] pcie_pme 0000:00:15.0:pcie01: service driver pcie_pme loaded
[    0.494836] pcieport 0000:00:15.1: Signaling PME through PCIe PME interrupt
[    0.494863] pcie_pme 0000:00:15.1:pcie01: service driver pcie_pme loaded
[    0.494982] pcieport 0000:00:15.2: Signaling PME through PCIe PME interrupt
[    0.495007] pcie_pme 0000:00:15.2:pcie01: service driver pcie_pme loaded
[    0.495125] pcieport 0000:00:15.3: Signaling PME through PCIe PME interrupt
[    0.495151] pcie_pme 0000:00:15.3:pcie01: service driver pcie_pme loaded
[    0.495269] pcieport 0000:00:15.4: Signaling PME through PCIe PME interrupt
[    0.495294] pcie_pme 0000:00:15.4:pcie01: service driver pcie_pme loaded
[    0.495413] pcieport 0000:00:15.5: Signaling PME through PCIe PME interrupt
[    0.495438] pcie_pme 0000:00:15.5:pcie01: service driver pcie_pme loaded
[    0.495556] pcieport 0000:00:15.6: Signaling PME through PCIe PME interrupt
[    0.495581] pcie_pme 0000:00:15.6:pcie01: service driver pcie_pme loaded
[    0.495699] pcieport 0000:00:15.7: Signaling PME through PCIe PME interrupt
[    0.495724] pcie_pme 0000:00:15.7:pcie01: service driver pcie_pme loaded
[    0.495856] pcieport 0000:00:16.0: Signaling PME through PCIe PME interrupt
[    0.495882] pcie_pme 0000:00:16.0:pcie01: service driver pcie_pme loaded
[    0.496001] pcieport 0000:00:16.1: Signaling PME through PCIe PME interrupt
[    0.496026] pcie_pme 0000:00:16.1:pcie01: service driver pcie_pme loaded
[    0.496149] pcieport 0000:00:16.2: Signaling PME through PCIe PME interrupt
[    0.496174] pcie_pme 0000:00:16.2:pcie01: service driver pcie_pme loaded
[    0.496294] pcieport 0000:00:16.3: Signaling PME through PCIe PME interrupt
[    0.496319] pcie_pme 0000:00:16.3:pcie01: service driver pcie_pme loaded
[    0.496437] pcieport 0000:00:16.4: Signaling PME through PCIe PME interrupt
[    0.496462] pcie_pme 0000:00:16.4:pcie01: service driver pcie_pme loaded
[    0.496580] pcieport 0000:00:16.5: Signaling PME through PCIe PME interrupt
[    0.496605] pcie_pme 0000:00:16.5:pcie01: service driver pcie_pme loaded
[    0.496724] pcieport 0000:00:16.6: Signaling PME through PCIe PME interrupt
[    0.496749] pcie_pme 0000:00:16.6:pcie01: service driver pcie_pme loaded
[    0.496877] pcieport 0000:00:16.7: Signaling PME through PCIe PME interrupt
[    0.496903] pcie_pme 0000:00:16.7:pcie01: service driver pcie_pme loaded
[    0.497021] pcieport 0000:00:17.0: Signaling PME through PCIe PME interrupt
[    0.497046] pcie_pme 0000:00:17.0:pcie01: service driver pcie_pme loaded
[    0.497164] pcieport 0000:00:17.1: Signaling PME through PCIe PME interrupt
[    0.497189] pcie_pme 0000:00:17.1:pcie01: service driver pcie_pme loaded
[    0.497307] pcieport 0000:00:17.2: Signaling PME through PCIe PME interrupt
[    0.497332] pcie_pme 0000:00:17.2:pcie01: service driver pcie_pme loaded
[    0.497450] pcieport 0000:00:17.3: Signaling PME through PCIe PME interrupt
[    0.497475] pcie_pme 0000:00:17.3:pcie01: service driver pcie_pme loaded
[    0.497593] pcieport 0000:00:17.4: Signaling PME through PCIe PME interrupt
[    0.497619] pcie_pme 0000:00:17.4:pcie01: service driver pcie_pme loaded
[    0.497737] pcieport 0000:00:17.5: Signaling PME through PCIe PME interrupt
[    0.497769] pcie_pme 0000:00:17.5:pcie01: service driver pcie_pme loaded
[    0.502061] pcieport 0000:00:17.6: Signaling PME through PCIe PME interrupt
[    0.502094] pcie_pme 0000:00:17.6:pcie01: service driver pcie_pme loaded
[    0.502241] pcieport 0000:00:17.7: Signaling PME through PCIe PME interrupt
[    0.502272] pcie_pme 0000:00:17.7:pcie01: service driver pcie_pme loaded
[    0.502418] pcieport 0000:00:18.0: Signaling PME through PCIe PME interrupt
[    0.502449] pcie_pme 0000:00:18.0:pcie01: service driver pcie_pme loaded
[    0.502594] pcieport 0000:00:18.1: Signaling PME through PCIe PME interrupt
[    0.502624] pcie_pme 0000:00:18.1:pcie01: service driver pcie_pme loaded
[    0.502771] pcieport 0000:00:18.2: Signaling PME through PCIe PME interrupt
[    0.502803] pcie_pme 0000:00:18.2:pcie01: service driver pcie_pme loaded
[    0.502947] pcieport 0000:00:18.3: Signaling PME through PCIe PME interrupt
[    0.502978] pcie_pme 0000:00:18.3:pcie01: service driver pcie_pme loaded
[    0.503123] pcieport 0000:00:18.4: Signaling PME through PCIe PME interrupt
[    0.503153] pcie_pme 0000:00:18.4:pcie01: service driver pcie_pme loaded
[    0.503299] pcieport 0000:00:18.5: Signaling PME through PCIe PME interrupt
[    0.503329] pcie_pme 0000:00:18.5:pcie01: service driver pcie_pme loaded
[    0.503474] pcieport 0000:00:18.6: Signaling PME through PCIe PME interrupt
[    0.503504] pcie_pme 0000:00:18.6:pcie01: service driver pcie_pme loaded
[    0.503648] pcieport 0000:00:18.7: Signaling PME through PCIe PME interrupt
[    0.503679] pcie_pme 0000:00:18.7:pcie01: service driver pcie_pme loaded
[    0.503706] pci_hotplug: PCI Hot Plug PCI Core version: 0.5
[    0.503942] pciehp 0000:00:15.0:pcie04: HPC vendor_id 15ad device_id 7a0 ss_vid 15ad ss_did 7a0
[    0.504026] pciehp 0000:00:15.0:pcie04: service driver pciehp loaded
[    0.504111] pciehp 0000:00:15.1:pcie04: HPC vendor_id 15ad device_id 7a0 ss_vid 15ad ss_did 7a0
[    0.504192] pciehp 0000:00:15.1:pcie04: service driver pciehp loaded
[    0.504279] pciehp 0000:00:15.2:pcie04: HPC vendor_id 15ad device_id 7a0 ss_vid 15ad ss_did 7a0
[    0.504373] pciehp 0000:00:15.2:pcie04: service driver pciehp loaded
[    0.504458] pciehp 0000:00:15.3:pcie04: HPC vendor_id 15ad device_id 7a0 ss_vid 15ad ss_did 7a0
[    0.504537] pciehp 0000:00:15.3:pcie04: service driver pciehp loaded
[    0.504622] pciehp 0000:00:15.4:pcie04: HPC vendor_id 15ad device_id 7a0 ss_vid 15ad ss_did 7a0
[    0.504701] pciehp 0000:00:15.4:pcie04: service driver pciehp loaded
[    0.504786] pciehp 0000:00:15.5:pcie04: HPC vendor_id 15ad device_id 7a0 ss_vid 15ad ss_did 7a0
[    0.504869] pciehp 0000:00:15.5:pcie04: service driver pciehp loaded
[    0.504954] pciehp 0000:00:15.6:pcie04: HPC vendor_id 15ad device_id 7a0 ss_vid 15ad ss_did 7a0
[    0.505033] pciehp 0000:00:15.6:pcie04: service driver pciehp loaded
[    0.505119] pciehp 0000:00:15.7:pcie04: HPC vendor_id 15ad device_id 7a0 ss_vid 15ad ss_did 7a0
[    0.505198] pciehp 0000:00:15.7:pcie04: service driver pciehp loaded
[    0.505282] pciehp 0000:00:16.0:pcie04: HPC vendor_id 15ad device_id 7a0 ss_vid 15ad ss_did 7a0
[    0.505374] pciehp 0000:00:16.0:pcie04: service driver pciehp loaded
[    0.505459] pciehp 0000:00:16.1:pcie04: HPC vendor_id 15ad device_id 7a0 ss_vid 15ad ss_did 7a0
[    0.505539] pciehp 0000:00:16.1:pcie04: service driver pciehp loaded
[    0.505624] pciehp 0000:00:16.2:pcie04: HPC vendor_id 15ad device_id 7a0 ss_vid 15ad ss_did 7a0
[    0.505704] pciehp 0000:00:16.2:pcie04: service driver pciehp loaded
[    0.509791] pciehp 0000:00:16.3:pcie04: HPC vendor_id 15ad device_id 7a0 ss_vid 15ad ss_did 7a0
[    0.509857] pciehp 0000:00:16.3:pcie04: service driver pciehp loaded
[    0.509922] pciehp 0000:00:16.4:pcie04: HPC vendor_id 15ad device_id 7a0 ss_vid 15ad ss_did 7a0
[    0.509982] pciehp 0000:00:16.4:pcie04: service driver pciehp loaded
[    0.510045] pciehp 0000:00:16.5:pcie04: HPC vendor_id 15ad device_id 7a0 ss_vid 15ad ss_did 7a0
[    0.510104] pciehp 0000:00:16.5:pcie04: service driver pciehp loaded
[    0.510167] pciehp 0000:00:16.6:pcie04: HPC vendor_id 15ad device_id 7a0 ss_vid 15ad ss_did 7a0
[    0.510225] pciehp 0000:00:16.6:pcie04: service driver pciehp loaded
[    0.510289] pciehp 0000:00:16.7:pcie04: HPC vendor_id 15ad device_id 7a0 ss_vid 15ad ss_did 7a0
[    0.510347] pciehp 0000:00:16.7:pcie04: service driver pciehp loaded
[    0.510410] pciehp 0000:00:17.0:pcie04: HPC vendor_id 15ad device_id 7a0 ss_vid 15ad ss_did 7a0
[    0.510473] pciehp 0000:00:17.0:pcie04: service driver pciehp loaded
[    0.510536] pciehp 0000:00:17.1:pcie04: HPC vendor_id 15ad device_id 7a0 ss_vid 15ad ss_did 7a0
[    0.510595] pciehp 0000:00:17.1:pcie04: service driver pciehp loaded
[    0.510660] pciehp 0000:00:17.2:pcie04: HPC vendor_id 15ad device_id 7a0 ss_vid 15ad ss_did 7a0
[    0.510727] pciehp 0000:00:17.2:pcie04: service driver pciehp loaded
[    0.510791] pciehp 0000:00:17.3:pcie04: HPC vendor_id 15ad device_id 7a0 ss_vid 15ad ss_did 7a0
[    0.510850] pciehp 0000:00:17.3:pcie04: service driver pciehp loaded
[    0.510912] pciehp 0000:00:17.4:pcie04: HPC vendor_id 15ad device_id 7a0 ss_vid 15ad ss_did 7a0
[    0.510971] pciehp 0000:00:17.4:pcie04: service driver pciehp loaded
[    0.511034] pciehp 0000:00:17.5:pcie04: HPC vendor_id 15ad device_id 7a0 ss_vid 15ad ss_did 7a0
[    0.511098] pciehp 0000:00:17.5:pcie04: service driver pciehp loaded
[    0.511161] pciehp 0000:00:17.6:pcie04: HPC vendor_id 15ad device_id 7a0 ss_vid 15ad ss_did 7a0
[    0.511222] pciehp 0000:00:17.6:pcie04: service driver pciehp loaded
[    0.511285] pciehp 0000:00:17.7:pcie04: HPC vendor_id 15ad device_id 7a0 ss_vid 15ad ss_did 7a0
[    0.511344] pciehp 0000:00:17.7:pcie04: service driver pciehp loaded
[    0.511407] pciehp 0000:00:18.0:pcie04: HPC vendor_id 15ad device_id 7a0 ss_vid 15ad ss_did 7a0
[    0.511465] pciehp 0000:00:18.0:pcie04: service driver pciehp loaded
[    0.511527] pciehp 0000:00:18.1:pcie04: HPC vendor_id 15ad device_id 7a0 ss_vid 15ad ss_did 7a0
[    0.511586] pciehp 0000:00:18.1:pcie04: service driver pciehp loaded
[    0.511649] pciehp 0000:00:18.2:pcie04: HPC vendor_id 15ad device_id 7a0 ss_vid 15ad ss_did 7a0
[    0.511707] pciehp 0000:00:18.2:pcie04: service driver pciehp loaded
[    0.511776] pciehp 0000:00:18.3:pcie04: HPC vendor_id 15ad device_id 7a0 ss_vid 15ad ss_did 7a0
[    0.511836] pciehp 0000:00:18.3:pcie04: service driver pciehp loaded
[    0.511902] pciehp 0000:00:18.4:pcie04: HPC vendor_id 15ad device_id 7a0 ss_vid 15ad ss_did 7a0
[    0.511961] pciehp 0000:00:18.4:pcie04: service driver pciehp loaded
[    0.512024] pciehp 0000:00:18.5:pcie04: HPC vendor_id 15ad device_id 7a0 ss_vid 15ad ss_did 7a0
[    0.512083] pciehp 0000:00:18.5:pcie04: service driver pciehp loaded
[    0.512146] pciehp 0000:00:18.6:pcie04: HPC vendor_id 15ad device_id 7a0 ss_vid 15ad ss_did 7a0
[    0.512205] pciehp 0000:00:18.6:pcie04: service driver pciehp loaded
[    0.512268] pciehp 0000:00:18.7:pcie04: HPC vendor_id 15ad device_id 7a0 ss_vid 15ad ss_did 7a0
[    0.512326] pciehp 0000:00:18.7:pcie04: service driver pciehp loaded
[    0.512333] pciehp: PCI Express Hot Plug Controller Driver version: 0.4
[    0.512498] ACPI: Deprecated procfs I/F for AC is loaded, please retry with CONFIG_ACPI_PROCFS_POWER cleared
[    0.512590] ACPI: AC Adapter [ACAD] (on-line)
[    0.517865] input: Power Button as /devices/LNXSYSTM:00/LNXPWRBN:00/input/input0
[    0.517870] ACPI: Power Button [PWRF]
[    0.538171] ERST: Table is not found!
[    0.538191] GHES: HEST is not enabled!
[    0.538309] Serial: 8250/16550 driver, 32 ports, IRQ sharing enabled
[    0.561927] serial8250: ttyS0 at I/O 0x3f8 (irq = 4) is a 16550A
[    0.565802] isapnp: Scanning for PnP cards...
[    0.658122] serial8250: ttyS1 at I/O 0x2f8 (irq = 3) is a 16550A
[    0.701720] 00:0a: ttyS0 at I/O 0x3f8 (irq = 4) is a 16550A
[    0.789784] 00:0b: ttyS1 at I/O 0x2f8 (irq = 3) is a 16550A
[    0.809691] Linux agpgart interface v0.103
[    0.809835] agpgart-intel 0000:00:00.0: Intel 440BX Chipset
[    0.810108] agpgart-intel 0000:00:00.0: AGP aperture is 256M @ 0x0
[    0.811043] brd: module loaded
[    0.813926] loop: module loaded
[    0.814047] ata_piix 0000:00:07.1: version 2.13
[    0.857806] scsi0 : ata_piix
[    0.861344] scsi1 : ata_piix
[    0.861385] ata1: PATA max UDMA/33 cmd 0x1f0 ctl 0x3f6 bmdma 0x10c0 irq 14
[    0.861388] ata2: PATA max UDMA/33 cmd 0x170 ctl 0x376 bmdma 0x10c8 irq 15
[    0.861628] Fixed MDIO Bus: probed
[    0.861641] tun: Universal TUN/TAP device driver, 1.6
[    0.861643] tun: (C) 1999-2004 Max Krasnyansky <maxk@qualcomm.com>
[    0.861700] PPP generic driver version 2.4.2
[    0.861763] ehci_hcd: USB 2.0 'Enhanced' Host Controller (EHCI) Driver
[    0.861800] ehci_hcd 0000:02:03.0: PCI INT A -> Link[LNKB] -> GSI 11 (level, low) -> IRQ 11
[    0.861853] ehci_hcd 0000:02:03.0: EHCI Host Controller
[    0.861894] ehci_hcd 0000:02:03.0: new USB bus registered, assigned bus number 1
[    0.862003] ehci_hcd 0000:02:03.0: cache line size of 32 is not supported
[    0.862012] ehci_hcd 0000:02:03.0: irq 11, io mem 0xc9000000
[    0.905852] ehci_hcd 0000:02:03.0: USB 2.0 started, EHCI 1.00
[    0.981138] hub 1-0:1.0: USB hub found
[    0.981144] hub 1-0:1.0: 6 ports detected
[    0.981196] ohci_hcd: USB 1.1 'Open' Host Controller (OHCI) Driver
[    0.981211] uhci_hcd: USB Universal Host Controller Interface driver
[    0.981255] uhci_hcd 0000:02:00.0: PCI INT A -> Link[LNKC] -> GSI 10 (level, low) -> IRQ 10
[    0.981297] uhci_hcd 0000:02:00.0: UHCI Host Controller
[    0.981339] uhci_hcd 0000:02:00.0: new USB bus registered, assigned bus number 2
[    0.981447] uhci_hcd 0000:02:00.0: irq 10, io base 0x000020c0
[    0.981562] hub 2-0:1.0: USB hub found
[    0.981566] hub 2-0:1.0: 2 ports detected
[    0.981617] usbcore: registered new interface driver libusual
[    0.981656] i8042: PNP: PS/2 Controller [PNP0303:KBC,PNP0f13:MOUS] at 0x60,0x64 irq 1,12
[    0.981990] serio: i8042 KBD port at 0x60,0x64 irq 1
[    0.981998] serio: i8042 AUX port at 0x60,0x64 irq 12
[    0.982089] mousedev: PS/2 mouse device common for all mice
[    0.982368] rtc_cmos 00:04: rtc core: registered rtc_cmos as rtc0
[    0.982386] rtc0: alarms up to one month, y3k, 114 bytes nvram, hpet irqs
[    0.982430] device-mapper: uevent: version 1.0.3
[    0.982531] device-mapper: ioctl: 4.22.0-ioctl (2011-10-19) initialised: dm-devel@redhat.com
[    0.982556] EISA: Probing bus 0 at eisa.0
[    0.982558] EISA: Cannot allocate resource for mainboard
[    0.982560] Cannot allocate resource for EISA slot 1
[    0.982562] Cannot allocate resource for EISA slot 2
[    0.982563] Cannot allocate resource for EISA slot 3
[    0.982565] Cannot allocate resource for EISA slot 4
[    0.982567] Cannot allocate resource for EISA slot 5
[    0.982568] Cannot allocate resource for EISA slot 6
[    0.982570] Cannot allocate resource for EISA slot 7
[    0.982571] Cannot allocate resource for EISA slot 8
[    0.982573] EISA: Detected 0 cards.
[    0.982580] cpufreq-nforce2: No nForce2 chipset.
[    0.982582] cpuidle: using governor ladder
[    0.982584] cpuidle: using governor menu
[    0.982586] EFI Variables Facility v0.08 2004-May-17
[    0.982637] TCP cubic registered
[    0.982689] NET: Registered protocol family 10
[    0.982740] NET: Registered protocol family 17
[    0.982744] Registering the dns_resolver key type
[    0.982759] Using IPI No-Shortcut mode
[    0.982821] PM: Hibernation image not present or could not be loaded.
[    0.982833] registered taskstats version 1
[    0.983237] input: AT Translated Set 2 keyboard as /devices/platform/i8042/serio0/input/input1
[    0.989157] Freeing initrd memory: 13836k freed
[    1.049074]   Magic number: 13:150:25
[    1.069014] rtc_cmos 00:04: setting system clock to 2013-05-27 11:01:00 UTC (1369652460)
[    1.092232] BIOS EDD facility v0.16 2004-Jun-25, 0 devices found
[    1.092235] EDD information not available.
[    1.135839] ata2.00: ATAPI: VMware Virtual IDE CDROM Drive, 00000001, max UDMA/33
[    1.136120] ata2.00: configured for UDMA/33
[    1.179804] isapnp: No Plug & Play device found
[    1.180012] scsi 1:0:0:0: CD-ROM            NECVMWar VMware IDE CDR10 1.00 PQ: 0 ANSI: 5
[    1.180569] sr0: scsi3-mmc drive: 306x/306x cd/rw xa/form2 cdda tray
[    1.180572] cdrom: Uniform CD-ROM driver Revision: 3.20
[    1.180663] sr 1:0:0:0: Attached scsi CD-ROM sr0
[    1.180746] sr 1:0:0:0: Attached scsi generic sg0 type 5
[    1.180746] Freeing unused kernel memory: 740k freed
[    1.180746] Write protecting the kernel text: 5816k
[    1.180746] Write protecting the kernel read-only data: 2376k
[    1.180746] NX-protecting the kernel data: 4424k
[    1.191746] udevd[85]: starting version 175
[    1.213128] VMware vmxnet3 virtual NIC driver - version 1.1.29.0-k-NAPI
[    1.213869] VMware PVSCSI driver - version 1.0.1.0-k
[    1.218118] VMware vmxnet virtual NIC driver
[    1.218169] ACPI: PCI Interrupt Link [LNKD] enabled at IRQ 5
[    1.218173] PCI: setting IRQ 5 as level-triggered
[    1.218180] vmxnet 0000:02:01.0: PCI INT A -> Link[LNKD] -> GSI 5 (level, low) -> IRQ 5
[    1.218232] Found vmxnet/PCI at 0x2024, irq 5.
[    1.218283] features:
[    1.218298] numRxBuffers = 100, numRxBuffers2 = 1
[    1.218349] vmxnet 0000:02:01.0: eth0: set_features() failed (-1); wanted 0x00004000, left 0x00004800
[    1.245577] Fusion MPT base driver 3.04.20
[    1.245580] Copyright (c) 1999-2008 LSI Corporation
[    1.245762] Fusion MPT SPI Host driver 3.04.20
[    1.245808] mptspi 0000:00:10.0: PCI INT A -> Link[LNKB] -> GSI 11 (level, low) -> IRQ 11
[    1.252744] mptbase: ioc0: Initiating bringup
[    1.262748] Floppy drive(s): fd0 is 1.44M
[    1.277019] FDC 0 is a post-1991 82077
[    1.300615] usb 2-1: new full-speed USB device number 2 using uhci_hcd
[    1.324621] ioc0: LSI53C1030 B0: Capabilities={Initiator}
[    1.432908] input: VMware VMware Virtual USB Mouse as /devices/pci0000:00/0000:00:11.0/0000:02:00.0/usb2/2-1/2-1:1.0/input/input2
[    1.433066] generic-usb 0003:0E0F:0003.0001: input,hidraw0: USB HID v1.10 Mouse [VMware VMware Virtual USB Mouse] on usb-0000:02:00.0-1/input0
[    1.433604] input: VMware VMware Virtual USB Mouse as /devices/pci0000:00/0000:00:11.0/0000:02:00.0/usb2/2-1/2-1:1.1/input/input3
[    1.433788] generic-usb 0003:0E0F:0003.0002: input,hidraw1: USB HID v1.10 Mouse [VMware VMware Virtual USB Mouse] on usb-0000:02:00.0-1/input1
[    1.433941] usbcore: registered new interface driver usbhid
[    1.433943] usbhid: USB HID core driver
[    1.484540] scsi2 : ioc0: LSI53C1030 B0, FwRev=01032920h, Ports=1, MaxQ=128, IRQ=11
[    1.540266] usb 2-2: new full-speed USB device number 3 using uhci_hcd
[    1.597380] scsi 2:0:0:0: Direct-Access     VMware,  VMware Virtual S 1.0  PQ: 0 ANSI: 2
[    1.597389] scsi target2:0:0: Beginning Domain Validation
[    1.598075] scsi target2:0:0: Domain Validation skipping write tests
[    1.598078] scsi target2:0:0: Ending Domain Validation
[    1.598132] scsi target2:0:0: FAST-40 WIDE SCSI 80.0 MB/s ST (25 ns, offset 127)
[    1.600383] sd 2:0:0:0: [sda] 41943040 512-byte logical blocks: (21.4 GB/20.0 GiB)
[    1.600441] sd 2:0:0:0: [sda] Write Protect is off
[    1.600444] sd 2:0:0:0: [sda] Mode Sense: 61 00 00 00
[    1.600515] sd 2:0:0:0: [sda] Cache data unavailable
[    1.600518] sd 2:0:0:0: [sda] Assuming drive cache: write through
[    1.600811] sd 2:0:0:0: [sda] Cache data unavailable
[    1.600813] sd 2:0:0:0: [sda] Assuming drive cache: write through
[    1.601550] sd 2:0:0:0: Attached scsi generic sg1 type 0
[    1.602282]  sda: sda1 sda2 < sda5 >
[    1.602759] sd 2:0:0:0: [sda] Cache data unavailable
[    1.602762] sd 2:0:0:0: [sda] Assuming drive cache: write through
[    1.602765] sd 2:0:0:0: [sda] Attached SCSI disk
[    1.638971] EXT4-fs (sda1): INFO: recovery required on readonly filesystem
[    1.638975] EXT4-fs (sda1): write access will be enabled during recovery
[    1.680917] hub 2-2:1.0: USB hub found
[    1.682849] hub 2-2:1.0: 7 ports detected
[    1.800337] EXT4-fs (sda1): recovery complete
[    1.800924] EXT4-fs (sda1): mounted filesystem with ordered data mode. Opts: (null)
[    3.414252] ADDRCONF(NETDEV_UP): eth0: link is not ready
[    3.427753] udevd[329]: starting version 175
[    3.464830] lp: driver loaded but no devices found
[    3.512000] Adding 1046524k swap on /dev/sda5.  Priority:-1 extents:1 across:1046524k 
[    3.555243] EXT4-fs (sda1): re-mounted. Opts: errors=remount-ro
[    3.569081] shpchp: Standard Hot Plug PCI Controller Driver version: 0.4
[    3.585090] piix4_smbus 0000:00:07.3: Host SMBus controller not enabled!
[    3.593432] [397]: VMCI: shared components initialized.
[    3.593458] Probing for vmci/PCI.
[    3.593619] ACPI: PCI Interrupt Link [LNKA] enabled at IRQ 9
[    3.593622] PCI: setting IRQ 9 as level-triggered
[    3.593628] vmci 0000:00:07.7: PCI INT A -> Link[LNKA] -> GSI 9 (level, low) -> IRQ 9
[    3.593670] Found vmci/PCI at 0x1080, irq 9.
[    3.593707] VMCI: using capabilities 0xc.
[    3.593778] [397]: VMCI: Host capability check passed.
[    3.594031] vmci 0000:00:07.7: irq 72 for MSI/MSI-X
[    3.594063] vmci 0000:00:07.7: irq 73 for MSI/MSI-X
[    3.594268] Registered vmci device.
[    3.626192] [397]: VMCI: Using guest personality
[    3.626198] [397]: VMCI: host components initialized.
[    3.631558] [397]: VMCI: Module registered (name=vmci,major=10,minor=57).
[    3.631561] [397]: VMCI: Using host personality
[    3.631563] [397]: VMCI: Module (name=vmci) is initialized
[    3.710142] ppdev: user-space parallel port driver
[    3.710785] parport_pc 00:09: reported by Plug and Play ACPI
[    3.710891] parport0: PC-style at 0x378, irq 7 [PCSPP,TRISTATE]
[    3.714398] Bluetooth: Core ver 2.16
[    3.715151] NET: Registered protocol family 31
[    3.715154] Bluetooth: HCI device and connection manager initialized
[    3.715156] Bluetooth: HCI socket layer initialized
[    3.715158] Bluetooth: L2CAP socket layer initialized
[    3.715164] Bluetooth: SCO socket layer initialized
[    3.733785] Bluetooth: BNEP (Ethernet Emulation) ver 1.3
[    3.733789] Bluetooth: BNEP filters: protocol multicast
[    3.744183] Bluetooth: RFCOMM TTY layer initialized
[    3.744189] Bluetooth: RFCOMM socket layer initialized
[    3.744192] Bluetooth: RFCOMM ver 1.11
[    3.809156] type=1400 audit(1369652463.242:2): apparmor="STATUS" operation="profile_load" name="/sbin/dhclient" pid=584 comm="apparmor_parser"
[    3.809281] type=1400 audit(1369652463.242:3): apparmor="STATUS" operation="profile_load" name="/usr/lib/NetworkManager/nm-dhcp-client.action" pid=584 comm="apparmor_parser"
[    3.809387] type=1400 audit(1369652463.242:4): apparmor="STATUS" operation="profile_load" name="/usr/lib/connman/scripts/dhclient-script" pid=584 comm="apparmor_parser"
[    3.813558] lp0: using parport0 (interrupt-driven).
[    3.827940] type=1400 audit(1369652463.258:5): apparmor="STATUS" operation="profile_load" name="/usr/lib/cups/backend/cups-pdf" pid=595 comm="apparmor_parser"
[    3.828059] type=1400 audit(1369652463.258:6): apparmor="STATUS" operation="profile_load" name="/usr/sbin/cupsd" pid=595 comm="apparmor_parser"
[    3.946267] snd_ens1371 0000:02:02.0: PCI INT A -> Link[LNKA] -> GSI 9 (level, low) -> IRQ 9
[    4.008819] input: ImPS/2 Generic Wheel Mouse as /devices/platform/i8042/serio1/input/input4
[    4.179459] init: failsafe main process (682) killed by TERM signal
[    4.342021] type=1400 audit(1369652463.774:7): apparmor="STATUS" operation="profile_load" name="/usr/lib/lightdm/lightdm/lightdm-guest-session-wrapper" pid=799 comm="apparmor_parser"
[    4.342428] type=1400 audit(1369652463.774:8): apparmor="STATUS" operation="profile_replace" name="/sbin/dhclient" pid=800 comm="apparmor_parser"
[    4.342509] type=1400 audit(1369652463.774:9): apparmor="STATUS" operation="profile_replace" name="/usr/lib/NetworkManager/nm-dhcp-client.action" pid=800 comm="apparmor_parser"
[    4.342569] type=1400 audit(1369652463.774:10): apparmor="STATUS" operation="profile_replace" name="/usr/lib/connman/scripts/dhclient-script" pid=800 comm="apparmor_parser"
[    4.592665] init: alsa-restore main process (867) terminated with status 19
[    4.838757] init: udev-fallback-graphics main process (1079) terminated with status 1
