[    0.000000] Initializing cgroup subsys cpuset
[    0.000000] Initializing cgroup subsys cpu
[    0.000000] Linux version 3.2.0-29-generic-pae (buildd@roseapple) (gcc version 4.6.3 (Ubuntu/Linaro 4.6.3-1ubuntu5) ) #46-Ubuntu SMP Fri Jul 27 17:25:43 UTC 2012 (Ubuntu 3.2.0-29.46-generic-pae 3.2.24)
[    0.000000] KERNEL supported cpus:
[    0.000000]   Intel GenuineIntel
[    0.000000]   AMD AuthenticAMD
[    0.000000]   NSC Geode by NSC
[    0.000000]   Cyrix CyrixInstead
[    0.000000]   Centaur CentaurHauls
[    0.000000]   Transmeta GenuineTMx86
[    0.000000]   Transmeta TransmetaCPU
[    0.000000]   UMC UMC UMC UMC
[    0.000000] Disabled fast string operations
[    0.000000] BIOS-provided physical RAM map:
[    0.000000]  BIOS-e820: 0000000000000000 - 000000000009f000 (usable)
[    0.000000]  BIOS-e820: 000000000009f000 - 00000000000a0000 (reserved)
[    0.000000]  BIOS-e820: 00000000000ca000 - 00000000000cc000 (reserved)
[    0.000000]  BIOS-e820: 00000000000dc000 - 0000000000100000 (reserved)
[    0.000000]  BIOS-e820: 0000000000100000 - 000000003fee0000 (usable)
[    0.000000]  BIOS-e820: 000000003fee0000 - 000000003feff000 (ACPI data)
[    0.000000]  BIOS-e820: 000000003feff000 - 000000003ff00000 (ACPI NVS)
[    0.000000]  BIOS-e820: 000000003ff00000 - 0000000040000000 (usable)
[    0.000000]  BIOS-e820: 00000000e0000000 - 00000000f0000000 (reserved)
[    0.000000]  BIOS-e820: 00000000fec00000 - 00000000fec10000 (reserved)
[    0.000000]  BIOS-e820: 00000000fee00000 - 00000000fee01000 (reserved)
[    0.000000]  BIOS-e820: 00000000fffe0000 - 0000000100000000 (reserved)
[    0.000000] NX (Execute Disable) protection: active
[    0.000000] DMI present.
[    0.000000] DMI: VMware, Inc. VMware Virtual Platform/440BX Desktop Reference Platform, BIOS 6.00 07/02/2012
[    0.000000] Hypervisor detected: VMware
[    0.000000] e820 update range: 0000000000000000 - 0000000000010000 (usable) ==> (reserved)
[    0.000000] e820 remove range: 00000000000a0000 - 0000000000100000 (usable)
[    0.000000] last_pfn = 0x40000 max_arch_pfn = 0x1000000
[    0.000000] MTRR default type: uncachable
[    0.000000] MTRR fixed ranges enabled:
[    0.000000]   00000-9FFFF write-back
[    0.000000]   A0000-BFFFF uncachable
[    0.000000]   C0000-CBFFF write-protect
[    0.000000]   CC000-EFFFF uncachable
[    0.000000]   F0000-FFFFF write-protect
[    0.000000] MTRR variable ranges enabled:
[    0.000000]   0 base 0000000000 mask FFC0000000 write-back
[    0.000000]   1 disabled
[    0.000000]   2 disabled
[    0.000000]   3 disabled
[    0.000000]   4 disabled
[    0.000000]   5 disabled
[    0.000000]   6 disabled
[    0.000000]   7 disabled
[    0.000000] x86 PAT enabled: cpu 0, old 0x0, new 0x7010600070106
[    0.000000] found SMP MP-table at [c00f6bf0] f6bf0
[    0.000000] initial memory mapped : 0 - 02000000
[    0.000000] Base memory trampoline at [c009b000] 9b000 size 16384
[    0.000000] init_memory_mapping: 0000000000000000-0000000037bfe000
[    0.000000]  0000000000 - 0000200000 page 4k
[    0.000000]  0000200000 - 0037a00000 page 2M
[    0.000000]  0037a00000 - 0037bfe000 page 4k
[    0.000000] kernel direct mapping tables up to 37bfe000 @ 1ffb000-2000000
[    0.000000] RAMDISK: 364ea000 - 3726d000
[    0.000000] ACPI: RSDP 000f6b80 00024 (v02 PTLTD )
[    0.000000] ACPI: XSDT 3feed636 0005C (v01 INTEL  440BX    06040000 VMW  01324272)
[    0.000000] ACPI: FACP 3fefee98 000F4 (v04 INTEL  440BX    06040000 PTL  000F4240)
[    0.000000] ACPI: DSDT 3feee366 10B32 (v01 PTLTD  Custom   06040000 MSFT 03000001)
[    0.000000] ACPI: FACS 3fefffc0 00040
[    0.000000] ACPI: BOOT 3feee33e 00028 (v01 PTLTD  $SBFTBL$ 06040000  LTP 00000001)
[    0.000000] ACPI: APIC 3feedc3e 003C2 (v01 PTLTD  ? APIC   06040000  LTP 00000000)
[    0.000000] ACPI: MCFG 3feedc02 0003C (v01 PTLTD  $PCITBL$ 06040000  LTP 00000001)
[    0.000000] ACPI: SRAT 3feed732 004D0 (v02 VMWARE MEMPLUG  06040000 VMW  00000001)
[    0.000000] ACPI: HPET 3feed6fa 00038 (v01 VMWARE VMW HPET 06040000 VMW  00000001)
[    0.000000] ACPI: WAET 3feed6d2 00028 (v01 VMWARE VMW WAET 06040000 VMW  00000001)
[    0.000000] ACPI: Local APIC address 0xfee00000
[    0.000000] 132MB HIGHMEM available.
[    0.000000] 891MB LOWMEM available.
[    0.000000]   mapped low ram: 0 - 37bfe000
[    0.000000]   low ram: 0 - 37bfe000
[    0.000000] Zone PFN ranges:
[    0.000000]   DMA      0x00000010 -> 0x00001000
[    0.000000]   Normal   0x00001000 -> 0x00037bfe
[    0.000000]   HighMem  0x00037bfe -> 0x00040000
[    0.000000] Movable zone start PFN for each node
[    0.000000] early_node_map[3] active PFN ranges
[    0.000000]     0: 0x00000010 -> 0x0000009f
[    0.000000]     0: 0x00000100 -> 0x0003fee0
[    0.000000]     0: 0x0003ff00 -> 0x00040000
[    0.000000] On node 0 totalpages: 261999
[    0.000000] free_area_init_node: node 0, pgdat c1866a40, node_mem_map f73fd200
[    0.000000]   DMA zone: 32 pages used for memmap
[    0.000000]   DMA zone: 0 pages reserved
[    0.000000]   DMA zone: 3951 pages, LIFO batch:0
[    0.000000]   Normal zone: 1752 pages used for memmap
[    0.000000]   Normal zone: 222502 pages, LIFO batch:31
[    0.000000]   HighMem zone: 265 pages used for memmap
[    0.000000]   HighMem zone: 33497 pages, LIFO batch:7
[    0.000000] Using APIC driver default
[    0.000000] ACPI: PM-Timer IO Port: 0x1008
[    0.000000] ACPI: Local APIC address 0xfee00000
[    0.000000] ACPI: LAPIC (acpi_id[0x00] lapic_id[0x00] enabled)
[    0.000000] ACPI: LAPIC (acpi_id[0x01] lapic_id[0x02] disabled)
[    0.000000] ACPI: LAPIC (acpi_id[0x02] lapic_id[0x04] disabled)
[    0.000000] ACPI: LAPIC (acpi_id[0x03] lapic_id[0x06] disabled)
[    0.000000] ACPI: LAPIC (acpi_id[0x04] lapic_id[0x08] disabled)
[    0.000000] ACPI: LAPIC (acpi_id[0x05] lapic_id[0x0a] disabled)
[    0.000000] ACPI: LAPIC (acpi_id[0x06] lapic_id[0x0c] disabled)
[    0.000000] ACPI: LAPIC (acpi_id[0x07] lapic_id[0x0e] disabled)
[    0.000000] ACPI: LAPIC (acpi_id[0x08] lapic_id[0x10] disabled)
[    0.000000] ACPI: LAPIC (acpi_id[0x09] lapic_id[0x12] disabled)
[    0.000000] ACPI: LAPIC (acpi_id[0x0a] lapic_id[0x14] disabled)
[    0.000000] ACPI: LAPIC (acpi_id[0x0b] lapic_id[0x16] disabled)
[    0.000000] ACPI: LAPIC (acpi_id[0x0c] lapic_id[0x18] disabled)
[    0.000000] ACPI: LAPIC (acpi_id[0x0d] lapic_id[0x1a] disabled)
[    0.000000] ACPI: LAPIC (acpi_id[0x0e] lapic_id[0x1c] disabled)
[    0.000000] ACPI: LAPIC (acpi_id[0x0f] lapic_id[0x1e] disabled)
[    0.000000] ACPI: LAPIC (acpi_id[0x10] lapic_id[0x20] disabled)
[    0.000000] ACPI: LAPIC (acpi_id[0x11] lapic_id[0x22] disabled)
[    0.000000] ACPI: LAPIC (acpi_id[0x12] lapic_id[0x24] disabled)
[    0.000000] ACPI: LAPIC (acpi_id[0x13] lapic_id[0x26] disabled)
[    0.000000] ACPI: LAPIC (acpi_id[0x14] lapic_id[0x28] disabled)
[    0.000000] ACPI: LAPIC (acpi_id[0x15] lapic_id[0x2a] disabled)
[    0.000000] ACPI: LAPIC (acpi_id[0x16] lapic_id[0x2c] disabled)
[    0.000000] ACPI: LAPIC (acpi_id[0x17] lapic_id[0x2e] disabled)
[    0.000000] ACPI: LAPIC (acpi_id[0x18] lapic_id[0x30] disabled)
[    0.000000] ACPI: LAPIC (acpi_id[0x19] lapic_id[0x32] disabled)
[    0.000000] ACPI: LAPIC (acpi_id[0x1a] lapic_id[0x34] disabled)
[    0.000000] ACPI: LAPIC (acpi_id[0x1b] lapic_id[0x36] disabled)
[    0.000000] ACPI: LAPIC (acpi_id[0x1c] lapic_id[0x38] disabled)
[    0.000000] ACPI: LAPIC (acpi_id[0x1d] lapic_id[0x3a] disabled)
[    0.000000] ACPI: LAPIC (acpi_id[0x1e] lapic_id[0x3c] disabled)
[    0.000000] ACPI: LAPIC (acpi_id[0x1f] lapic_id[0x3e] disabled)
[    0.000000] ACPI: LAPIC (acpi_id[0x20] lapic_id[0x40] disabled)
[    0.000000] ACPI: LAPIC (acpi_id[0x21] lapic_id[0x42] disabled)
[    0.000000] ACPI: LAPIC (acpi_id[0x22] lapic_id[0x44] disabled)
[    0.000000] ACPI: LAPIC (acpi_id[0x23] lapic_id[0x46] disabled)
[    0.000000] ACPI: LAPIC (acpi_id[0x24] lapic_id[0x48] disabled)
[    0.000000] ACPI: LAPIC (acpi_id[0x25] lapic_id[0x4a] disabled)
[    0.000000] ACPI: LAPIC (acpi_id[0x26] lapic_id[0x4c] disabled)
[    0.000000] ACPI: LAPIC (acpi_id[0x27] lapic_id[0x4e] disabled)
[    0.000000] ACPI: LAPIC (acpi_id[0x28] lapic_id[0x50] disabled)
[    0.000000] ACPI: LAPIC (acpi_id[0x29] lapic_id[0x52] disabled)
[    0.000000] ACPI: LAPIC (acpi_id[0x2a] lapic_id[0x54] disabled)
[    0.000000] ACPI: LAPIC (acpi_id[0x2b] lapic_id[0x56] disabled)
[    0.000000] ACPI: LAPIC (acpi_id[0x2c] lapic_id[0x58] disabled)
[    0.000000] ACPI: LAPIC (acpi_id[0x2d] lapic_id[0x5a] disabled)
[    0.000000] ACPI: LAPIC (acpi_id[0x2e] lapic_id[0x5c] disabled)
[    0.000000] ACPI: LAPIC (acpi_id[0x2f] lapic_id[0x5e] disabled)
[    0.000000] ACPI: LAPIC (acpi_id[0x30] lapic_id[0x60] disabled)
[    0.000000] ACPI: LAPIC (acpi_id[0x31] lapic_id[0x62] disabled)
[    0.000000] ACPI: LAPIC (acpi_id[0x32] lapic_id[0x64] disabled)
[    0.000000] ACPI: LAPIC (acpi_id[0x33] lapic_id[0x66] disabled)
[    0.000000] ACPI: LAPIC (acpi_id[0x34] lapic_id[0x68] disabled)
[    0.000000] ACPI: LAPIC (acpi_id[0x35] lapic_id[0x6a] disabled)
[    0.000000] ACPI: LAPIC (acpi_id[0x36] lapic_id[0x6c] disabled)
[    0.000000] ACPI: LAPIC (acpi_id[0x37] lapic_id[0x6e] disabled)
[    0.000000] ACPI: LAPIC (acpi_id[0x38] lapic_id[0x70] disabled)
[    0.000000] ACPI: LAPIC (acpi_id[0x39] lapic_id[0x72] disabled)
[    0.000000] ACPI: LAPIC (acpi_id[0x3a] lapic_id[0x74] disabled)
[    0.000000] ACPI: LAPIC (acpi_id[0x3b] lapic_id[0x76] disabled)
[    0.000000] ACPI: LAPIC (acpi_id[0x3c] lapic_id[0x78] disabled)
[    0.000000] ACPI: LAPIC (acpi_id[0x3d] lapic_id[0x7a] disabled)
[    0.000000] ACPI: LAPIC (acpi_id[0x3e] lapic_id[0x7c] disabled)
[    0.000000] ACPI: LAPIC (acpi_id[0x3f] lapic_id[0x7e] disabled)
[    0.000000] ACPI: LAPIC_NMI (acpi_id[0x00] high edge lint[0x1])
[    0.000000] ACPI: LAPIC_NMI (acpi_id[0x01] high edge lint[0x1])
[    0.000000] ACPI: LAPIC_NMI (acpi_id[0x02] high edge lint[0x1])
[    0.000000] ACPI: LAPIC_NMI (acpi_id[0x03] high edge lint[0x1])
[    0.000000] ACPI: LAPIC_NMI (acpi_id[0x04] high edge lint[0x1])
[    0.000000] ACPI: LAPIC_NMI (acpi_id[0x05] high edge lint[0x1])
[    0.000000] ACPI: LAPIC_NMI (acpi_id[0x06] high edge lint[0x1])
[    0.000000] ACPI: LAPIC_NMI (acpi_id[0x07] high edge lint[0x1])
[    0.000000] ACPI: LAPIC_NMI (acpi_id[0x08] high edge lint[0x1])
[    0.000000] ACPI: LAPIC_NMI (acpi_id[0x09] high edge lint[0x1])
[    0.000000] ACPI: LAPIC_NMI (acpi_id[0x0a] high edge lint[0x1])
[    0.000000] ACPI: LAPIC_NMI (acpi_id[0x0b] high edge lint[0x1])
[    0.000000] ACPI: LAPIC_NMI (acpi_id[0x0c] high edge lint[0x1])
[    0.000000] ACPI: LAPIC_NMI (acpi_id[0x0d] high edge lint[0x1])
[    0.000000] ACPI: LAPIC_NMI (acpi_id[0x0e] high edge lint[0x1])
[    0.000000] ACPI: LAPIC_NMI (acpi_id[0x0f] high edge lint[0x1])
[    0.000000] ACPI: LAPIC_NMI (acpi_id[0x10] high edge lint[0x1])
[    0.000000] ACPI: LAPIC_NMI (acpi_id[0x11] high edge lint[0x1])
[    0.000000] ACPI: LAPIC_NMI (acpi_id[0x12] high edge lint[0x1])
[    0.000000] ACPI: LAPIC_NMI (acpi_id[0x13] high edge lint[0x1])
[    0.000000] ACPI: LAPIC_NMI (acpi_id[0x14] high edge lint[0x1])
[    0.000000] ACPI: LAPIC_NMI (acpi_id[0x15] high edge lint[0x1])
[    0.000000] ACPI: LAPIC_NMI (acpi_id[0x16] high edge lint[0x1])
[    0.000000] ACPI: LAPIC_NMI (acpi_id[0x17] high edge lint[0x1])
[    0.000000] ACPI: LAPIC_NMI (acpi_id[0x18] high edge lint[0x1])
[    0.000000] ACPI: LAPIC_NMI (acpi_id[0x19] high edge lint[0x1])
[    0.000000] ACPI: LAPIC_NMI (acpi_id[0x1a] high edge lint[0x1])
[    0.000000] ACPI: LAPIC_NMI (acpi_id[0x1b] high edge lint[0x1])
[    0.000000] ACPI: LAPIC_NMI (acpi_id[0x1c] high edge lint[0x1])
[    0.000000] ACPI: LAPIC_NMI (acpi_id[0x1d] high edge lint[0x1])
[    0.000000] ACPI: LAPIC_NMI (acpi_id[0x1e] high edge lint[0x1])
[    0.000000] ACPI: LAPIC_NMI (acpi_id[0x1f] high edge lint[0x1])
[    0.000000] ACPI: LAPIC_NMI (acpi_id[0x20] high edge lint[0x1])
[    0.000000] ACPI: LAPIC_NMI (acpi_id[0x21] high edge lint[0x1])
[    0.000000] ACPI: LAPIC_NMI (acpi_id[0x22] high edge lint[0x1])
[    0.000000] ACPI: LAPIC_NMI (acpi_id[0x23] high edge lint[0x1])
[    0.000000] ACPI: LAPIC_NMI (acpi_id[0x24] high edge lint[0x1])
[    0.000000] ACPI: LAPIC_NMI (acpi_id[0x25] high edge lint[0x1])
[    0.000000] ACPI: LAPIC_NMI (acpi_id[0x26] high edge lint[0x1])
[    0.000000] ACPI: LAPIC_NMI (acpi_id[0x27] high edge lint[0x1])
[    0.000000] ACPI: LAPIC_NMI (acpi_id[0x28] high edge lint[0x1])
[    0.000000] ACPI: LAPIC_NMI (acpi_id[0x29] high edge lint[0x1])
[    0.000000] ACPI: LAPIC_NMI (acpi_id[0x2a] high edge lint[0x1])
[    0.000000] ACPI: LAPIC_NMI (acpi_id[0x2b] high edge lint[0x1])
[    0.000000] ACPI: LAPIC_NMI (acpi_id[0x2c] high edge lint[0x1])
[    0.000000] ACPI: LAPIC_NMI (acpi_id[0x2d] high edge lint[0x1])
[    0.000000] ACPI: LAPIC_NMI (acpi_id[0x2e] high edge lint[0x1])
[    0.000000] ACPI: LAPIC_NMI (acpi_id[0x2f] high edge lint[0x1])
[    0.000000] ACPI: LAPIC_NMI (acpi_id[0x30] high edge lint[0x1])
[    0.000000] ACPI: LAPIC_NMI (acpi_id[0x31] high edge lint[0x1])
[    0.000000] ACPI: LAPIC_NMI (acpi_id[0x32] high edge lint[0x1])
[    0.000000] ACPI: LAPIC_NMI (acpi_id[0x33] high edge lint[0x1])
[    0.000000] ACPI: LAPIC_NMI (acpi_id[0x34] high edge lint[0x1])
[    0.000000] ACPI: LAPIC_NMI (acpi_id[0x35] high edge lint[0x1])
[    0.000000] ACPI: LAPIC_NMI (acpi_id[0x36] high edge lint[0x1])
[    0.000000] ACPI: LAPIC_NMI (acpi_id[0x37] high edge lint[0x1])
[    0.000000] ACPI: LAPIC_NMI (acpi_id[0x38] high edge lint[0x1])
[    0.000000] ACPI: LAPIC_NMI (acpi_id[0x39] high edge lint[0x1])
[    0.000000] ACPI: LAPIC_NMI (acpi_id[0x3a] high edge lint[0x1])
[    0.000000] ACPI: LAPIC_NMI (acpi_id[0x3b] high edge lint[0x1])
[    0.000000] ACPI: LAPIC_NMI (acpi_id[0x3c] high edge lint[0x1])
[    0.000000] ACPI: LAPIC_NMI (acpi_id[0x3d] high edge lint[0x1])
[    0.000000] ACPI: LAPIC_NMI (acpi_id[0x3e] high edge lint[0x1])
[    0.000000] ACPI: LAPIC_NMI (acpi_id[0x3f] high edge lint[0x1])
[    0.000000] ACPI: Skipping IOAPIC probe due to 'noapic' option.
[    0.000000] Using ACPI for processor (LAPIC) configuration information
[    0.000000] ACPI: HPET id: 0x8086af01 base: 0xfed00000
[    0.000000] Intel MultiProcessor Specification v1.4
[    0.000000]     Virtual Wire compatibility mode.
[    0.000000] MPTABLE: OEM ID: INTEL   
[    0.000000] MPTABLE: Product ID: 440BX       
[    0.000000] MPTABLE: APIC at: 0xFEE00000
[    0.000000] IOAPIC[0]: apic_id 1, version 17, address 0xfec00000, GSI 0-23
[    0.000000] Processors: 1
[    0.000000] SMP: Allowing 1 CPUs, 0 hotplug CPUs
[    0.000000] nr_irqs_gsi: 40
[    0.000000] PM: Registered nosave memory: 000000000009f000 - 00000000000a0000
[    0.000000] PM: Registered nosave memory: 00000000000a0000 - 00000000000ca000
[    0.000000] PM: Registered nosave memory: 00000000000ca000 - 00000000000cc000
[    0.000000] PM: Registered nosave memory: 00000000000cc000 - 00000000000dc000
[    0.000000] PM: Registered nosave memory: 00000000000dc000 - 0000000000100000
[    0.000000] Allocating PCI resources starting at 40000000 (gap: 40000000:a0000000)
[    0.000000] Booting paravirtualized kernel on bare hardware
[    0.000000] setup_percpu: NR_CPUS:8 nr_cpumask_bits:8 nr_cpu_ids:1 nr_node_ids:1
[    0.000000] PERCPU: Embedded 14 pages/cpu @f73e8000 s34240 r0 d23104 u57344
[    0.000000] pcpu-alloc: s34240 r0 d23104 u57344 alloc=14*4096
[    0.000000] pcpu-alloc: [0] 0 
[    0.000000] Built 1 zonelists in Zone order, mobility grouping on.  Total pages: 259950
[    0.000000] Kernel command line: BOOT_IMAGE=/boot/vmlinuz-3.2.0-29-generic-pae root=UUID=007b598c-390d-4c65-84a1-4ff752d48633 ro quiet splash maxcpus=0
[    0.000000] PID hash table entries: 4096 (order: 2, 16384 bytes)
[    0.000000] Dentry cache hash table entries: 131072 (order: 7, 524288 bytes)
[    0.000000] Inode-cache hash table entries: 65536 (order: 6, 262144 bytes)
[    0.000000] Initializing CPU#0
[    0.000000] xsave/xrstor: enabled xstate_bv 0x7, cntxt size 0x340
[    0.000000] allocated 4194048 bytes of page_cgroup
[    0.000000] please try 'cgroup_disable=memory' option if you don't want memory cgroups
[    0.000000] Initializing HighMem for node 0 (00037bfe:00040000)
[    0.000000] Memory: 1010624k/1048576k available (5814k kernel code, 37372k reserved, 2841k data, 740k init, 135048k highmem)
[    0.000000] virtual kernel memory layout:
[    0.000000]     fixmap  : 0xfff16000 - 0xfffff000   ( 932 kB)
[    0.000000]     pkmap   : 0xffc00000 - 0xffe00000   (2048 kB)
[    0.000000]     vmalloc : 0xf83fe000 - 0xffbfe000   ( 120 MB)
[    0.000000]     lowmem  : 0xc0000000 - 0xf7bfe000   ( 891 MB)
[    0.000000]       .init : 0xc1875000 - 0xc192e000   ( 740 kB)
[    0.000000]       .data : 0xc15adb64 - 0xc1874240   (2841 kB)
[    0.000000]       .text : 0xc1000000 - 0xc15adb64   (5814 kB)
[    0.000000] Checking if this processor honours the WP bit even in supervisor mode...Ok.
[    0.000000] SLUB: Genslabs=15, HWalign=64, Order=0-3, MinObjects=0, CPUs=1, Nodes=1
[    0.000000] Hierarchical RCU implementation.
[    0.000000] 	RCU dyntick-idle grace-period acceleration is enabled.
[    0.000000] NR_IRQS:2304 nr_irqs:256 16
[    0.000000] CPU 0 irqstacks, hard=f5c08000 soft=f5c0a000
[    0.000000] Extended CMOS year: 2000
[    0.000000] Console: colour VGA+ 80x25
[    0.000000] console [tty0] enabled
[    0.000000] hpet clockevent registered
[    0.000000] TSC freq read from hypervisor : 2394.620 MHz
[    0.000000] Detected 2394.620 MHz processor.
[    0.000001] Calibrating delay loop (skipped) preset value.. 4789.24 BogoMIPS (lpj=9578480)
[    0.000004] pid_max: default: 32768 minimum: 301
[    0.000020] Security Framework initialized
[    0.000044] AppArmor: AppArmor initialized
[    0.000045] Yama: becoming mindful.
[    0.000091] Mount-cache hash table entries: 512
[    0.000192] Initializing cgroup subsys cpuacct
[    0.000196] Initializing cgroup subsys memory
[    0.000200] Initializing cgroup subsys devices
[    0.000202] Initializing cgroup subsys freezer
[    0.000203] Initializing cgroup subsys blkio
[    0.000209] Initializing cgroup subsys perf_event
[    0.000441] Disabled fast string operations
[    0.000445] CPU: Physical Processor ID: 0
[    0.000454] ENERGY_PERF_BIAS: Set to 'normal', was 'performance'
[    0.000455] ENERGY_PERF_BIAS: View and update with x86_energy_perf_policy(8)
[    0.001275] mce: CPU supports 0 MCE banks
[    0.002284] SMP alternatives: switching to UP code
[    0.018439] Freeing SMP alternatives: 24k freed
[    0.018445] ACPI: Core revision 20110623
[    0.024763] ACPI: setting ELCR to 0200 (from 0e20)
[    0.025791] ftrace: allocating 26545 entries in 52 pages
[    0.046069] SMP mode deactivated.
[    0.046099] SMP disabled
[    0.046102] Performance Events: generic architected perfmon v1, core PMU driver.
[    0.046113] ... version:                1
[    0.046114] ... bit width:              48
[    0.046115] ... generic registers:      4
[    0.046116] ... value mask:             0000ffffffffffff
[    0.046117] ... max period:             000000007fffffff
[    0.046118] ... fixed-purpose events:   0
[    0.046119] ... event mask:             000000000000000f
[    0.046260] NMI watchdog enabled, takes one hw-pmu counter.
[    0.046282] Brought up 1 CPUs
[    0.046284] Total of 1 processors activated (4789.24 BogoMIPS).
[    0.046392] devtmpfs: initialized
[    0.046463] EVM: security.selinux
[    0.046464] EVM: security.SMACK64
[    0.046465] EVM: security.capability
[    0.046490] PM: Registering ACPI NVS region at 3feff000 (4096 bytes)
[    0.047190] print_constraints: dummy: 
[    0.047261] RTC time: 23:48:39, date: 05/26/13
[    0.047289] NET: Registered protocol family 16
[    0.047360] EISA bus registered
[    0.047371] ACPI: bus type pci registered
[    0.047477] PCI: MMCONFIG for domain 0000 [bus 00-ff] at [mem 0xe0000000-0xefffffff] (base 0xe0000000)
[    0.047480] PCI: MMCONFIG at [mem 0xe0000000-0xefffffff] reserved in E820
[    0.047481] PCI: Using MMCONFIG for extended config space
[    0.047482] PCI: Using configuration type 1 for base access
[    0.048144] bio: create slab <bio-0> at 0
[    0.048207] ACPI: Added _OSI(Module Device)
[    0.048209] ACPI: Added _OSI(Processor Device)
[    0.048210] ACPI: Added _OSI(3.0 _SCP Extensions)
[    0.048211] ACPI: Added _OSI(Processor Aggregator Device)
[    0.050100] ACPI: EC: Look up EC in DSDT
[    0.054549] [Firmware Bug]: ACPI: BIOS _OSI(Linux) query ignored
[    0.062077] ACPI: Interpreter enabled
[    0.062086] ACPI: (supports S0 S1 S4 S5)
[    0.062095] ACPI: Using PIC for interrupt routing
[    0.099191] ACPI: No dock devices found.
[    0.099194] HEST: Table not found.
[    0.099198] PCI: Using host bridge windows from ACPI; if necessary, use "pci=nocrs" and report a bug
[    0.099810] ACPI: PCI Root Bridge [PCI0] (domain 0000 [bus 00-ff])
[    0.100920] pci_root PNP0A03:00: host bridge window [mem 0x000a0000-0x000bffff]
[    0.100922] pci_root PNP0A03:00: host bridge window [mem 0x000cc000-0x000cffff]
[    0.100923] pci_root PNP0A03:00: host bridge window [mem 0x000d0000-0x000d3fff]
[    0.100924] pci_root PNP0A03:00: host bridge window [mem 0x000d4000-0x000d7fff]
[    0.100926] pci_root PNP0A03:00: host bridge window [mem 0x000d8000-0x000dbfff]
[    0.100928] pci_root PNP0A03:00: host bridge window [mem 0xc0000000-0xfebfffff]
[    0.100929] pci_root PNP0A03:00: host bridge window [io  0x0000-0x0cf7]
[    0.100931] pci_root PNP0A03:00: host bridge window [io  0x0d00-0xfeff]
[    0.100976] pci 0000:00:00.0: [8086:7190] type 0 class 0x000600
[    0.101417] pci 0000:00:01.0: [8086:7191] type 1 class 0x000604
[    0.101794] pci 0000:00:07.0: [8086:7110] type 0 class 0x000601
[    0.102404] pci 0000:00:07.1: [8086:7111] type 0 class 0x000101
[    0.103854] pci 0000:00:07.1: reg 20: [io  0x10c0-0x10cf]
[    0.104542] pci 0000:00:07.3: [8086:7113] type 0 class 0x000680
[    0.106057] pci 0000:00:07.3: quirk: [io  0x1000-0x103f] claimed by PIIX4 ACPI
[    0.106069] pci 0000:00:07.3: quirk: [io  0x1040-0x104f] claimed by PIIX4 SMB
[    0.106326] pci 0000:00:07.7: [15ad:0740] type 0 class 0x000880
[    0.106767] pci 0000:00:07.7: reg 10: [io  0x1080-0x10bf]
[    0.107316] pci 0000:00:07.7: reg 14: [mem 0xc8000000-0xc8001fff 64bit]
[    0.109237] pci 0000:00:0f.0: [15ad:0405] type 0 class 0x000300
[    0.111146] pci 0000:00:0f.0: reg 10: [io  0x10d0-0x10df]
[    0.113189] pci 0000:00:0f.0: reg 14: [mem 0xd0000000-0xd7ffffff pref]
[    0.115020] pci 0000:00:0f.0: reg 18: [mem 0xc8800000-0xc8ffffff]
[    0.122566] pci 0000:00:0f.0: reg 30: [mem 0x00000000-0x00007fff pref]
[    0.122835] pci 0000:00:10.0: [1000:0030] type 0 class 0x000100
[    0.123395] pci 0000:00:10.0: reg 10: [io  0x1400-0x14ff]
[    0.124063] pci 0000:00:10.0: reg 14: [mem 0xc8040000-0xc805ffff 64bit]
[    0.124751] pci 0000:00:10.0: reg 1c: [mem 0xc8020000-0xc803ffff 64bit]
[    0.125727] pci 0000:00:10.0: reg 30: [mem 0x00000000-0x00003fff pref]
[    0.125866] pci 0000:00:11.0: [15ad:0790] type 1 class 0x000604
[    0.126614] pci 0000:00:15.0: [15ad:07a0] type 1 class 0x000604
[    0.127312] pci 0000:00:15.0: PME# supported from D0 D3hot D3cold
[    0.127335] pci 0000:00:15.0: PME# disabled
[    0.127550] pci 0000:00:15.1: [15ad:07a0] type 1 class 0x000604
[    0.128287] pci 0000:00:15.1: PME# supported from D0 D3hot D3cold
[    0.128309] pci 0000:00:15.1: PME# disabled
[    0.128510] pci 0000:00:15.2: [15ad:07a0] type 1 class 0x000604
[    0.129162] pci 0000:00:15.2: PME# supported from D0 D3hot D3cold
[    0.129191] pci 0000:00:15.2: PME# disabled
[    0.129391] pci 0000:00:15.3: [15ad:07a0] type 1 class 0x000604
[    0.130028] pci 0000:00:15.3: PME# supported from D0 D3hot D3cold
[    0.130048] pci 0000:00:15.3: PME# disabled
[    0.130360] pci 0000:00:15.4: [15ad:07a0] type 1 class 0x000604
[    0.131070] pci 0000:00:15.4: PME# supported from D0 D3hot D3cold
[    0.131093] pci 0000:00:15.4: PME# disabled
[    0.131323] pci 0000:00:15.5: [15ad:07a0] type 1 class 0x000604
[    0.132029] pci 0000:00:15.5: PME# supported from D0 D3hot D3cold
[    0.132052] pci 0000:00:15.5: PME# disabled
[    0.132322] pci 0000:00:15.6: [15ad:07a0] type 1 class 0x000604
[    0.133272] pci 0000:00:15.6: PME# supported from D0 D3hot D3cold
[    0.133296] pci 0000:00:15.6: PME# disabled
[    0.133513] pci 0000:00:15.7: [15ad:07a0] type 1 class 0x000604
[    0.134255] pci 0000:00:15.7: PME# supported from D0 D3hot D3cold
[    0.134277] pci 0000:00:15.7: PME# disabled
[    0.134492] pci 0000:00:16.0: [15ad:07a0] type 1 class 0x000604
[    0.135184] pci 0000:00:16.0: PME# supported from D0 D3hot D3cold
[    0.135205] pci 0000:00:16.0: PME# disabled
[    0.135419] pci 0000:00:16.1: [15ad:07a0] type 1 class 0x000604
[    0.136144] pci 0000:00:16.1: PME# supported from D0 D3hot D3cold
[    0.136166] pci 0000:00:16.1: PME# disabled
[    0.136381] pci 0000:00:16.2: [15ad:07a0] type 1 class 0x000604
[    0.137065] pci 0000:00:16.2: PME# supported from D0 D3hot D3cold
[    0.137087] pci 0000:00:16.2: PME# disabled
[    0.137302] pci 0000:00:16.3: [15ad:07a0] type 1 class 0x000604
[    0.137987] pci 0000:00:16.3: PME# supported from D0 D3hot D3cold
[    0.138008] pci 0000:00:16.3: PME# disabled
[    0.138313] pci 0000:00:16.4: [15ad:07a0] type 1 class 0x000604
[    0.139003] pci 0000:00:16.4: PME# supported from D0 D3hot D3cold
[    0.139024] pci 0000:00:16.4: PME# disabled
[    0.139253] pci 0000:00:16.5: [15ad:07a0] type 1 class 0x000604
[    0.139953] pci 0000:00:16.5: PME# supported from D0 D3hot D3cold
[    0.139975] pci 0000:00:16.5: PME# disabled
[    0.140197] pci 0000:00:16.6: [15ad:07a0] type 1 class 0x000604
[    0.140883] pci 0000:00:16.6: PME# supported from D0 D3hot D3cold
[    0.140904] pci 0000:00:16.6: PME# disabled
[    0.141284] pci 0000:00:16.7: [15ad:07a0] type 1 class 0x000604
[    0.142568] pci 0000:00:16.7: PME# supported from D0 D3hot D3cold
[    0.142592] pci 0000:00:16.7: PME# disabled
[    0.142811] pci 0000:00:17.0: [15ad:07a0] type 1 class 0x000604
[    0.143530] pci 0000:00:17.0: PME# supported from D0 D3hot D3cold
[    0.143551] pci 0000:00:17.0: PME# disabled
[    0.143790] pci 0000:00:17.1: [15ad:07a0] type 1 class 0x000604
[    0.144479] pci 0000:00:17.1: PME# supported from D0 D3hot D3cold
[    0.144501] pci 0000:00:17.1: PME# disabled
[    0.144716] pci 0000:00:17.2: [15ad:07a0] type 1 class 0x000604
[    0.145408] pci 0000:00:17.2: PME# supported from D0 D3hot D3cold
[    0.145429] pci 0000:00:17.2: PME# disabled
[    0.145642] pci 0000:00:17.3: [15ad:07a0] type 1 class 0x000604
[    0.146355] pci 0000:00:17.3: PME# supported from D0 D3hot D3cold
[    0.146377] pci 0000:00:17.3: PME# disabled
[    0.146591] pci 0000:00:17.4: [15ad:07a0] type 1 class 0x000604
[    0.147284] pci 0000:00:17.4: PME# supported from D0 D3hot D3cold
[    0.147305] pci 0000:00:17.4: PME# disabled
[    0.147562] pci 0000:00:17.5: [15ad:07a0] type 1 class 0x000604
[    0.148287] pci 0000:00:17.5: PME# supported from D0 D3hot D3cold
[    0.148309] pci 0000:00:17.5: PME# disabled
[    0.148511] pci 0000:00:17.6: [15ad:07a0] type 1 class 0x000604
[    0.149175] pci 0000:00:17.6: PME# supported from D0 D3hot D3cold
[    0.149196] pci 0000:00:17.6: PME# disabled
[    0.149405] pci 0000:00:17.7: [15ad:07a0] type 1 class 0x000604
[    0.150042] pci 0000:00:17.7: PME# supported from D0 D3hot D3cold
[    0.150062] pci 0000:00:17.7: PME# disabled
[    0.150290] pci 0000:00:18.0: [15ad:07a0] type 1 class 0x000604
[    0.150927] pci 0000:00:18.0: PME# supported from D0 D3hot D3cold
[    0.150947] pci 0000:00:18.0: PME# disabled
[    0.151181] pci 0000:00:18.1: [15ad:07a0] type 1 class 0x000604
[    0.151860] pci 0000:00:18.1: PME# supported from D0 D3hot D3cold
[    0.151883] pci 0000:00:18.1: PME# disabled
[    0.152104] pci 0000:00:18.2: [15ad:07a0] type 1 class 0x000604
[    0.152758] pci 0000:00:18.2: PME# supported from D0 D3hot D3cold
[    0.152778] pci 0000:00:18.2: PME# disabled
[    0.152978] pci 0000:00:18.3: [15ad:07a0] type 1 class 0x000604
[    0.153643] pci 0000:00:18.3: PME# supported from D0 D3hot D3cold
[    0.153662] pci 0000:00:18.3: PME# disabled
[    0.153861] pci 0000:00:18.4: [15ad:07a0] type 1 class 0x000604
[    0.154525] pci 0000:00:18.4: PME# supported from D0 D3hot D3cold
[    0.154545] pci 0000:00:18.4: PME# disabled
[    0.154751] pci 0000:00:18.5: [15ad:07a0] type 1 class 0x000604
[    0.155414] pci 0000:00:18.5: PME# supported from D0 D3hot D3cold
[    0.155433] pci 0000:00:18.5: PME# disabled
[    0.155633] pci 0000:00:18.6: [15ad:07a0] type 1 class 0x000604
[    0.156322] pci 0000:00:18.6: PME# supported from D0 D3hot D3cold
[    0.156342] pci 0000:00:18.6: PME# disabled
[    0.156541] pci 0000:00:18.7: [15ad:07a0] type 1 class 0x000604
[    0.157198] pci 0000:00:18.7: PME# supported from D0 D3hot D3cold
[    0.157218] pci 0000:00:18.7: PME# disabled
[    0.157724] pci 0000:00:01.0: PCI bridge to [bus 01-01]
[    0.157987] pci 0000:02:00.0: [15ad:0774] type 0 class 0x000c03
[    0.159268] pci 0000:02:00.0: reg 20: [io  0x20c0-0x20df]
[    0.159909] pci 0000:02:01.0: [1022:2000] type 0 class 0x000200
[    0.160187] pci 0000:02:01.0: reg 10: [io  0x2000-0x207f]
[    0.161642] pci 0000:02:01.0: reg 30: [mem 0x00000000-0x0000ffff pref]
[    0.161761] pci 0000:02:02.0: [1274:1371] type 0 class 0x000401
[    0.162087] pci 0000:02:02.0: reg 10: [io  0x2080-0x20bf]
[    0.163946] pci 0000:02:03.0: [15ad:0770] type 0 class 0x000c03
[    0.164220] pci 0000:02:03.0: reg 10: [mem 0xc9000000-0xc9000fff]
[    0.165860] pci 0000:00:11.0: PCI bridge to [bus 02-02] (subtractive decode)
[    0.165882] pci 0000:00:11.0:   bridge window [io  0x2000-0x3fff]
[    0.165903] pci 0000:00:11.0:   bridge window [mem 0xc9000000-0xca3fffff]
[    0.165942] pci 0000:00:11.0:   bridge window [mem 0xd8400000-0xd89fffff 64bit pref]
[    0.165944] pci 0000:00:11.0:   bridge window [mem 0x000a0000-0x000bffff] (subtractive decode)
[    0.165946] pci 0000:00:11.0:   bridge window [mem 0x000cc000-0x000cffff] (subtractive decode)
[    0.165948] pci 0000:00:11.0:   bridge window [mem 0x000d0000-0x000d3fff] (subtractive decode)
[    0.165949] pci 0000:00:11.0:   bridge window [mem 0x000d4000-0x000d7fff] (subtractive decode)
[    0.165951] pci 0000:00:11.0:   bridge window [mem 0x000d8000-0x000dbfff] (subtractive decode)
[    0.165952] pci 0000:00:11.0:   bridge window [mem 0xc0000000-0xfebfffff] (subtractive decode)
[    0.165954] pci 0000:00:11.0:   bridge window [io  0x0000-0x0cf7] (subtractive decode)
[    0.165956] pci 0000:00:11.0:   bridge window [io  0x0d00-0xfeff] (subtractive decode)
[    0.166400] pci 0000:00:15.0: PCI bridge to [bus 03-03]
[    0.166421] pci 0000:00:15.0:   bridge window [io  0x4000-0x4fff]
[    0.166442] pci 0000:00:15.0:   bridge window [mem 0xca400000-0xca4fffff]
[    0.166481] pci 0000:00:15.0:   bridge window [mem 0xd8a00000-0xd8afffff 64bit pref]
[    0.166899] pci 0000:00:15.1: PCI bridge to [bus 04-04]
[    0.166919] pci 0000:00:15.1:   bridge window [io  0x8000-0x8fff]
[    0.166940] pci 0000:00:15.1:   bridge window [mem 0xca800000-0xca8fffff]
[    0.166979] pci 0000:00:15.1:   bridge window [mem 0xd8e00000-0xd8efffff 64bit pref]
[    0.167401] pci 0000:00:15.2: PCI bridge to [bus 05-05]
[    0.167421] pci 0000:00:15.2:   bridge window [io  0xc000-0xcfff]
[    0.167441] pci 0000:00:15.2:   bridge window [mem 0xcac00000-0xcacfffff]
[    0.167481] pci 0000:00:15.2:   bridge window [mem 0xd9200000-0xd92fffff 64bit pref]
[    0.167915] pci 0000:00:15.3: PCI bridge to [bus 06-06]
[    0.167954] pci 0000:00:15.3:   bridge window [mem 0xcb000000-0xcb0fffff]
[    0.167994] pci 0000:00:15.3:   bridge window [mem 0xd9600000-0xd96fffff 64bit pref]
[    0.168420] pci 0000:00:15.4: PCI bridge to [bus 07-07]
[    0.168458] pci 0000:00:15.4:   bridge window [mem 0xcb400000-0xcb4fffff]
[    0.168498] pci 0000:00:15.4:   bridge window [mem 0xd9a00000-0xd9afffff 64bit pref]
[    0.168910] pci 0000:00:15.5: PCI bridge to [bus 08-08]
[    0.168949] pci 0000:00:15.5:   bridge window [mem 0xcb800000-0xcb8fffff]
[    0.168989] pci 0000:00:15.5:   bridge window [mem 0xd9e00000-0xd9efffff 64bit pref]
[    0.169403] pci 0000:00:15.6: PCI bridge to [bus 09-09]
[    0.169442] pci 0000:00:15.6:   bridge window [mem 0xcbc00000-0xcbcfffff]
[    0.169481] pci 0000:00:15.6:   bridge window [mem 0xda200000-0xda2fffff 64bit pref]
[    0.169894] pci 0000:00:15.7: PCI bridge to [bus 0a-0a]
[    0.169933] pci 0000:00:15.7:   bridge window [mem 0xcc000000-0xcc0fffff]
[    0.169972] pci 0000:00:15.7:   bridge window [mem 0xda600000-0xda6fffff 64bit pref]
[    0.170389] pci 0000:00:16.0: PCI bridge to [bus 0b-0b]
[    0.170409] pci 0000:00:16.0:   bridge window [io  0x5000-0x5fff]
[    0.170430] pci 0000:00:16.0:   bridge window [mem 0xca500000-0xca5fffff]
[    0.170469] pci 0000:00:16.0:   bridge window [mem 0xd8b00000-0xd8bfffff 64bit pref]
[    0.170883] pci 0000:00:16.1: PCI bridge to [bus 0c-0c]
[    0.170903] pci 0000:00:16.1:   bridge window [io  0x9000-0x9fff]
[    0.170924] pci 0000:00:16.1:   bridge window [mem 0xca900000-0xca9fffff]
[    0.170963] pci 0000:00:16.1:   bridge window [mem 0xd8f00000-0xd8ffffff 64bit pref]
[    0.171391] pci 0000:00:16.2: PCI bridge to [bus 0d-0d]
[    0.171411] pci 0000:00:16.2:   bridge window [io  0xd000-0xdfff]
[    0.171432] pci 0000:00:16.2:   bridge window [mem 0xcad00000-0xcadfffff]
[    0.171471] pci 0000:00:16.2:   bridge window [mem 0xd9300000-0xd93fffff 64bit pref]
[    0.171904] pci 0000:00:16.3: PCI bridge to [bus 0e-0e]
[    0.171944] pci 0000:00:16.3:   bridge window [mem 0xcb100000-0xcb1fffff]
[    0.171983] pci 0000:00:16.3:   bridge window [mem 0xd9700000-0xd97fffff 64bit pref]
[    0.172406] pci 0000:00:16.4: PCI bridge to [bus 0f-0f]
[    0.172446] pci 0000:00:16.4:   bridge window [mem 0xcb500000-0xcb5fffff]
[    0.172485] pci 0000:00:16.4:   bridge window [mem 0xd9b00000-0xd9bfffff 64bit pref]
[    0.172898] pci 0000:00:16.5: PCI bridge to [bus 10-10]
[    0.172937] pci 0000:00:16.5:   bridge window [mem 0xcb900000-0xcb9fffff]
[    0.172976] pci 0000:00:16.5:   bridge window [mem 0xd9f00000-0xd9ffffff 64bit pref]
[    0.173387] pci 0000:00:16.6: PCI bridge to [bus 11-11]
[    0.173424] pci 0000:00:16.6:   bridge window [mem 0xcbd00000-0xcbdfffff]
[    0.173461] pci 0000:00:16.6:   bridge window [mem 0xda300000-0xda3fffff 64bit pref]
[    0.173851] pci 0000:00:16.7: PCI bridge to [bus 12-12]
[    0.173887] pci 0000:00:16.7:   bridge window [mem 0xcc100000-0xcc1fffff]
[    0.173924] pci 0000:00:16.7:   bridge window [mem 0xda700000-0xda7fffff 64bit pref]
[    0.174337] pci 0000:00:17.0: PCI bridge to [bus 13-13]
[    0.174356] pci 0000:00:17.0:   bridge window [io  0x6000-0x6fff]
[    0.174376] pci 0000:00:17.0:   bridge window [mem 0xca600000-0xca6fffff]
[    0.174412] pci 0000:00:17.0:   bridge window [mem 0xd8c00000-0xd8cfffff 64bit pref]
[    0.174796] pci 0000:00:17.1: PCI bridge to [bus 14-14]
[    0.174815] pci 0000:00:17.1:   bridge window [io  0xa000-0xafff]
[    0.174834] pci 0000:00:17.1:   bridge window [mem 0xcaa00000-0xcaafffff]
[    0.174871] pci 0000:00:17.1:   bridge window [mem 0xd9000000-0xd90fffff 64bit pref]
[    0.175282] pci 0000:00:17.2: PCI bridge to [bus 15-15]
[    0.175301] pci 0000:00:17.2:   bridge window [io  0xe000-0xefff]
[    0.175320] pci 0000:00:17.2:   bridge window [mem 0xcae00000-0xcaefffff]
[    0.175357] pci 0000:00:17.2:   bridge window [mem 0xd9400000-0xd94fffff 64bit pref]
[    0.175761] pci 0000:00:17.3: PCI bridge to [bus 16-16]
[    0.175798] pci 0000:00:17.3:   bridge window [mem 0xcb200000-0xcb2fffff]
[    0.175836] pci 0000:00:17.3:   bridge window [mem 0xd9800000-0xd98fffff 64bit pref]
[    0.176252] pci 0000:00:17.4: PCI bridge to [bus 17-17]
[    0.176289] pci 0000:00:17.4:   bridge window [mem 0xcb600000-0xcb6fffff]
[    0.176326] pci 0000:00:17.4:   bridge window [mem 0xd9c00000-0xd9cfffff 64bit pref]
[    0.176716] pci 0000:00:17.5: PCI bridge to [bus 18-18]
[    0.176752] pci 0000:00:17.5:   bridge window [mem 0xcba00000-0xcbafffff]
[    0.176789] pci 0000:00:17.5:   bridge window [mem 0xda000000-0xda0fffff 64bit pref]
[    0.177227] pci 0000:00:17.6: PCI bridge to [bus 19-19]
[    0.177268] pci 0000:00:17.6:   bridge window [mem 0xcbe00000-0xcbefffff]
[    0.177308] pci 0000:00:17.6:   bridge window [mem 0xda400000-0xda4fffff 64bit pref]
[    0.177731] pci 0000:00:17.7: PCI bridge to [bus 1a-1a]
[    0.177770] pci 0000:00:17.7:   bridge window [mem 0xcc200000-0xcc2fffff]
[    0.177809] pci 0000:00:17.7:   bridge window [mem 0xda800000-0xda8fffff 64bit pref]
[    0.178241] pci 0000:00:18.0: PCI bridge to [bus 1b-1b]
[    0.178262] pci 0000:00:18.0:   bridge window [io  0x7000-0x7fff]
[    0.178283] pci 0000:00:18.0:   bridge window [mem 0xca700000-0xca7fffff]
[    0.178322] pci 0000:00:18.0:   bridge window [mem 0xd8d00000-0xd8dfffff 64bit pref]
[    0.178737] pci 0000:00:18.1: PCI bridge to [bus 1c-1c]
[    0.178758] pci 0000:00:18.1:   bridge window [io  0xb000-0xbfff]
[    0.178778] pci 0000:00:18.1:   bridge window [mem 0xcab00000-0xcabfffff]
[    0.178818] pci 0000:00:18.1:   bridge window [mem 0xd9100000-0xd91fffff 64bit pref]
[    0.179239] pci 0000:00:18.2: PCI bridge to [bus 1d-1d]
[    0.179260] pci 0000:00:18.2:   bridge window [io  0xf000-0xffff]
[    0.179280] pci 0000:00:18.2:   bridge window [mem 0xcaf00000-0xcaffffff]
[    0.179319] pci 0000:00:18.2:   bridge window [mem 0xd9500000-0xd95fffff 64bit pref]
[    0.179760] pci 0000:00:18.3: PCI bridge to [bus 1e-1e]
[    0.179801] pci 0000:00:18.3:   bridge window [mem 0xcb300000-0xcb3fffff]
[    0.179840] pci 0000:00:18.3:   bridge window [mem 0xd9900000-0xd99fffff 64bit pref]
[    0.180257] pci 0000:00:18.4: PCI bridge to [bus 1f-1f]
[    0.180297] pci 0000:00:18.4:   bridge window [mem 0xcb700000-0xcb7fffff]
[    0.180336] pci 0000:00:18.4:   bridge window [mem 0xd9d00000-0xd9dfffff 64bit pref]
[    0.180749] pci 0000:00:18.5: PCI bridge to [bus 20-20]
[    0.180787] pci 0000:00:18.5:   bridge window [mem 0xcbb00000-0xcbbfffff]
[    0.180827] pci 0000:00:18.5:   bridge window [mem 0xda100000-0xda1fffff 64bit pref]
[    0.181284] pci 0000:00:18.6: PCI bridge to [bus 21-21]
[    0.181325] pci 0000:00:18.6:   bridge window [mem 0xcbf00000-0xcbffffff]
[    0.181364] pci 0000:00:18.6:   bridge window [mem 0xda500000-0xda5fffff 64bit pref]
[    0.181780] pci 0000:00:18.7: PCI bridge to [bus 22-22]
[    0.181819] pci 0000:00:18.7:   bridge window [mem 0xcc300000-0xcc3fffff]
[    0.181858] pci 0000:00:18.7:   bridge window [mem 0xda900000-0xda9fffff 64bit pref]
[    0.183418] pci_bus 0000:00: on NUMA node 0
[    0.183424] ACPI: PCI Interrupt Routing Table [\_SB_.PCI0._PRT]
[    0.184047]  pci0000:00: Requesting ACPI _OSC control (0x1d)
[    0.184244]  pci0000:00: ACPI _OSC control (0x15) granted
[    0.251923] ACPI: PCI Interrupt Link [LNKA] (IRQs 3 4 5 6 7 *9 10 11 14 15)
[    0.252043] ACPI: PCI Interrupt Link [LNKB] (IRQs 3 4 5 6 7 9 10 *11 14 15)
[    0.252114] ACPI: PCI Interrupt Link [LNKC] (IRQs 3 4 5 6 7 9 *10 11 14 15)
[    0.252170] ACPI: PCI Interrupt Link [LNKD] (IRQs 3 4 *5 6 7 9 10 11 14 15)
[    0.252293] vgaarb: device added: PCI:0000:00:0f.0,decodes=io+mem,owns=io+mem,locks=none
[    0.252301] vgaarb: loaded
[    0.252302] vgaarb: bridge control possible 0000:00:0f.0
[    0.252375] i2c-core: driver [aat2870] using legacy suspend method
[    0.252376] i2c-core: driver [aat2870] using legacy resume method
[    0.252434] SCSI subsystem initialized
[    0.252469] libata version 3.00 loaded.
[    0.252496] usbcore: registered new interface driver usbfs
[    0.252505] usbcore: registered new interface driver hub
[    0.252524] usbcore: registered new device driver usb
[    0.252581] PCI: Using ACPI for IRQ routing
[    0.314178] PCI: pci_cache_line_size set to 64 bytes
[    0.314198] pci 0000:00:18.2: no compatible bridge window for [io  0xf000-0xffff]
[    0.315087] reserve RAM buffer: 000000000009f000 - 000000000009ffff 
[    0.315089] reserve RAM buffer: 000000003fee0000 - 000000003fffffff 
[    0.315182] NetLabel: Initializing
[    0.315183] NetLabel:  domain hash size = 128
[    0.315184] NetLabel:  protocols = UNLABELED CIPSOv4
[    0.315191] NetLabel:  unlabeled traffic allowed by default
[    0.315245] hpet0: at MMIO 0xfed00000, IRQs 2, 8, 0, 0, 0, 0, 0, 0, 0, 0, 0, 0, 0, 0, 0, 0
[    0.315251] hpet0: 16 comparators, 64-bit 14.318180 MHz counter
[    0.318281] Switching to clocksource hpet
[    0.323434] AppArmor: AppArmor Filesystem Enabled
[    0.323452] pnp: PnP ACPI init
[    0.323467] ACPI: bus type pnp registered
[    0.324052] pnp 00:00: [bus 00-ff]
[    0.324054] pnp 00:00: [mem 0x000a0000-0x000bffff window]
[    0.324055] pnp 00:00: [mem 0x000c0000-0x000c3fff window]
[    0.324056] pnp 00:00: [mem 0x000c4000-0x000c7fff window]
[    0.324058] pnp 00:00: [mem 0x000c8000-0x000cbfff window]
[    0.324059] pnp 00:00: [mem 0x000cc000-0x000cffff window]
[    0.324061] pnp 00:00: [mem 0x000d0000-0x000d3fff window]
[    0.324062] pnp 00:00: [mem 0x000d4000-0x000d7fff window]
[    0.324063] pnp 00:00: [mem 0x000d8000-0x000dbfff window]
[    0.324065] pnp 00:00: [mem 0x000dc000-0x000dffff window]
[    0.324066] pnp 00:00: [mem 0x000e0000-0x000e3fff window]
[    0.324067] pnp 00:00: [mem 0x000e4000-0x000e7fff window]
[    0.324069] pnp 00:00: [mem 0x000e8000-0x000ebfff window]
[    0.324070] pnp 00:00: [mem 0x000ec000-0x000effff window]
[    0.324071] pnp 00:00: [mem 0xc0000000-0xfebfffff window]
[    0.324073] pnp 00:00: [io  0x0cf8-0x0cff]
[    0.324074] pnp 00:00: [io  0x0000-0x0cf7 window]
[    0.324075] pnp 00:00: [io  0x0d00-0xfeff window]
[    0.324111] pnp 00:00: Plug and Play ACPI device, IDs PNP0a03 PNP0a08 (active)
[    0.324168] pnp 00:01: [io  0x0010-0x001f]
[    0.324169] pnp 00:01: [io  0x0024-0x0025]
[    0.324170] pnp 00:01: [io  0x0028-0x0029]
[    0.324171] pnp 00:01: [io  0x002c-0x002d]
[    0.324172] pnp 00:01: [io  0x002e-0x002f]
[    0.324173] pnp 00:01: [io  0x0030-0x0031]
[    0.324174] pnp 00:01: [io  0x0034-0x0035]
[    0.324175] pnp 00:01: [io  0x0038-0x0039]
[    0.324176] pnp 00:01: [io  0x003c-0x003d]
[    0.324178] pnp 00:01: [io  0x0050-0x0053]
[    0.324179] pnp 00:01: [io  0x0072-0x0077]
[    0.324180] pnp 00:01: [io  0x0080]
[    0.324181] pnp 00:01: [io  0x0090-0x009f]
[    0.324182] pnp 00:01: [io  0x00a4-0x00a5]
[    0.324183] pnp 00:01: [io  0x00a8-0x00a9]
[    0.324184] pnp 00:01: [io  0x00ac-0x00ad]
[    0.324185] pnp 00:01: [io  0x00b0-0x00b5]
[    0.324186] pnp 00:01: [io  0x00b8-0x00b9]
[    0.324187] pnp 00:01: [io  0x00bc-0x00bd]
[    0.324188] pnp 00:01: [io  0x1000-0x103f]
[    0.324189] pnp 00:01: [io  0x1040-0x104f]
[    0.324191] pnp 00:01: [io  0x0cf0-0x0cf1]
[    0.324245] system 00:01: [io  0x1000-0x103f] has been reserved
[    0.324248] system 00:01: [io  0x1040-0x104f] has been reserved
[    0.324250] system 00:01: [io  0x0cf0-0x0cf1] has been reserved
[    0.324253] system 00:01: Plug and Play ACPI device, IDs PNP0c02 (active)
[    0.324259] pnp 00:02: [io  0x0000-0x000f]
[    0.324260] pnp 00:02: [io  0x0081-0x008f]
[    0.324261] pnp 00:02: [io  0x00c0-0x00df]
[    0.324262] pnp 00:02: [dma 4]
[    0.324277] pnp 00:02: Plug and Play ACPI device, IDs PNP0200 (active)
[    0.324282] pnp 00:03: [io  0x0020-0x0021]
[    0.324283] pnp 00:03: [io  0x00a0-0x00a1]
[    0.324284] pnp 00:03: [io  0x04d0-0x04d1]
[    0.324286] pnp 00:03: [irq 2 disabled]
[    0.324300] pnp 00:03: Plug and Play ACPI device, IDs PNP0001 (active)
[    0.324306] pnp 00:04: [io  0x0070-0x0071]
[    0.324308] pnp 00:04: [irq 8]
[    0.324320] pnp 00:04: Plug and Play ACPI device, IDs PNP0b00 (active)
[    0.324324] pnp 00:05: [io  0x0061]
[    0.324336] pnp 00:05: Plug and Play ACPI device, IDs PNP0800 (active)
[    0.324340] pnp 00:06: [io  0x0060]
[    0.324341] pnp 00:06: [io  0x0064]
[    0.324342] pnp 00:06: [irq 1]
[    0.324356] pnp 00:06: Plug and Play ACPI device, IDs PNP0303 (active)
[    0.324361] pnp 00:07: [irq 12]
[    0.324373] pnp 00:07: Plug and Play ACPI device, IDs PNP0f13 (active)
[    0.324513] pnp 00:08: [mem 0xfed00000-0xfed003ff]
[    0.324545] system 00:08: [mem 0xfed00000-0xfed003ff] has been reserved
[    0.324547] system 00:08: Plug and Play ACPI device, IDs PNP0103 PNP0c01 (active)
[    0.328665] pnp 00:09: [io  0x0378-0x037f]
[    0.328667] pnp 00:09: [irq 7]
[    0.329720] pnp 00:09: Plug and Play ACPI device, IDs PNP0400 (active)
[    0.333422] pnp 00:0a: [io  0x03f8-0x03ff]
[    0.333424] pnp 00:0a: [irq 4]
[    0.334493] pnp 00:0a: Plug and Play ACPI device, IDs PNP0501 (active)
[    0.337553] pnp 00:0b: [io  0x02f8-0x02ff]
[    0.337555] pnp 00:0b: [irq 3]
[    0.338673] pnp 00:0b: Plug and Play ACPI device, IDs PNP0501 (active)
[    0.343271] pnp 00:0c: [io  0x03f0-0x03f5]
[    0.343274] pnp 00:0c: [io  0x03f7]
[    0.343275] pnp 00:0c: [irq 6]
[    0.343276] pnp 00:0c: [dma 2]
[    0.344205] pnp 00:0c: Plug and Play ACPI device, IDs PNP0700 (active)
[    0.344350] pnp 00:0d: [mem 0xe0000000-0xefffffff]
[    0.344351] pnp 00:0d: [io  0x1060-0x107f]
[    0.344352] pnp 00:0d: [mem 0xc8200000-0xc83fffff]
[    0.344390] system 00:0d: [io  0x1060-0x107f] has been reserved
[    0.344392] system 00:0d: [mem 0xe0000000-0xefffffff] has been reserved
[    0.344394] system 00:0d: [mem 0xc8200000-0xc83fffff] has been reserved
[    0.344396] system 00:0d: Plug and Play ACPI device, IDs PNP0c02 (active)
[    0.348779] pnp: PnP ACPI: found 14 devices
[    0.348781] ACPI: ACPI bus type pnp unregistered
[    0.348784] PnPBIOS: Disabled by ACPI PNP
[    0.384403] PCI: max bus depth: 1 pci_try_num: 2
[    0.386252] pci 0000:00:0f.0: BAR 6: assigned [mem 0xc0000000-0xc0007fff pref]
[    0.386256] pci 0000:00:10.0: BAR 6: assigned [mem 0xc0008000-0xc000bfff pref]
[    0.386261] pci 0000:00:18.7: BAR 13: can't assign io (size 0x1000)
[    0.386264] pci 0000:00:18.6: BAR 13: can't assign io (size 0x1000)
[    0.386267] pci 0000:00:18.5: BAR 13: can't assign io (size 0x1000)
[    0.386270] pci 0000:00:18.4: BAR 13: can't assign io (size 0x1000)
[    0.386272] pci 0000:00:18.3: BAR 13: can't assign io (size 0x1000)
[    0.386275] pci 0000:00:18.2: BAR 13: can't assign io (size 0x1000)
[    0.386278] pci 0000:00:17.7: BAR 13: can't assign io (size 0x1000)
[    0.386281] pci 0000:00:17.6: BAR 13: can't assign io (size 0x1000)
[    0.386284] pci 0000:00:17.5: BAR 13: can't assign io (size 0x1000)
[    0.386286] pci 0000:00:17.4: BAR 13: can't assign io (size 0x1000)
[    0.386289] pci 0000:00:17.3: BAR 13: can't assign io (size 0x1000)
[    0.386292] pci 0000:00:16.7: BAR 13: can't assign io (size 0x1000)
[    0.386295] pci 0000:00:16.6: BAR 13: can't assign io (size 0x1000)
[    0.386297] pci 0000:00:16.5: BAR 13: can't assign io (size 0x1000)
[    0.386300] pci 0000:00:16.4: BAR 13: can't assign io (size 0x1000)
[    0.386303] pci 0000:00:16.3: BAR 13: can't assign io (size 0x1000)
[    0.386306] pci 0000:00:15.7: BAR 13: can't assign io (size 0x1000)
[    0.386308] pci 0000:00:15.6: BAR 13: can't assign io (size 0x1000)
[    0.386311] pci 0000:00:15.5: BAR 13: can't assign io (size 0x1000)
[    0.386314] pci 0000:00:15.4: BAR 13: can't assign io (size 0x1000)
[    0.386316] pci 0000:00:15.3: BAR 13: can't assign io (size 0x1000)
[    0.386319] pci 0000:00:01.0: PCI bridge to [bus 01-01]
[    0.386371] pci 0000:02:01.0: BAR 6: assigned [mem 0xd8400000-0xd840ffff pref]
[    0.386374] pci 0000:00:11.0: PCI bridge to [bus 02-02]
[    0.386386] pci 0000:00:11.0:   bridge window [io  0x2000-0x3fff]
[    0.386415] pci 0000:00:11.0:   bridge window [mem 0xc9000000-0xca3fffff]
[    0.386435] pci 0000:00:11.0:   bridge window [mem 0xd8400000-0xd89fffff 64bit pref]
[    0.386473] pci 0000:00:15.0: PCI bridge to [bus 03-03]
[    0.386484] pci 0000:00:15.0:   bridge window [io  0x4000-0x4fff]
[    0.386513] pci 0000:00:15.0:   bridge window [mem 0xca400000-0xca4fffff]
[    0.386533] pci 0000:00:15.0:   bridge window [mem 0xd8a00000-0xd8afffff 64bit pref]
[    0.386584] pci 0000:00:15.1: PCI bridge to [bus 04-04]
[    0.386595] pci 0000:00:15.1:   bridge window [io  0x8000-0x8fff]
[    0.386624] pci 0000:00:15.1:   bridge window [mem 0xca800000-0xca8fffff]
[    0.386644] pci 0000:00:15.1:   bridge window [mem 0xd8e00000-0xd8efffff 64bit pref]
[    0.386686] pci 0000:00:15.2: PCI bridge to [bus 05-05]
[    0.386698] pci 0000:00:15.2:   bridge window [io  0xc000-0xcfff]
[    0.386727] pci 0000:00:15.2:   bridge window [mem 0xcac00000-0xcacfffff]
[    0.386747] pci 0000:00:15.2:   bridge window [mem 0xd9200000-0xd92fffff 64bit pref]
[    0.386788] pci 0000:00:15.3: PCI bridge to [bus 06-06]
[    0.386817] pci 0000:00:15.3:   bridge window [mem 0xcb000000-0xcb0fffff]
[    0.386837] pci 0000:00:15.3:   bridge window [mem 0xd9600000-0xd96fffff 64bit pref]
[    0.386878] pci 0000:00:15.4: PCI bridge to [bus 07-07]
[    0.386907] pci 0000:00:15.4:   bridge window [mem 0xcb400000-0xcb4fffff]
[    0.386927] pci 0000:00:15.4:   bridge window [mem 0xd9a00000-0xd9afffff 64bit pref]
[    0.386968] pci 0000:00:15.5: PCI bridge to [bus 08-08]
[    0.386997] pci 0000:00:15.5:   bridge window [mem 0xcb800000-0xcb8fffff]
[    0.387017] pci 0000:00:15.5:   bridge window [mem 0xd9e00000-0xd9efffff 64bit pref]
[    0.387057] pci 0000:00:15.6: PCI bridge to [bus 09-09]
[    0.387098] pci 0000:00:15.6:   bridge window [mem 0xcbc00000-0xcbcfffff]
[    0.387131] pci 0000:00:15.6:   bridge window [mem 0xda200000-0xda2fffff 64bit pref]
[    0.387173] pci 0000:00:15.7: PCI bridge to [bus 0a-0a]
[    0.387201] pci 0000:00:15.7:   bridge window [mem 0xcc000000-0xcc0fffff]
[    0.387222] pci 0000:00:15.7:   bridge window [mem 0xda600000-0xda6fffff 64bit pref]
[    0.387262] pci 0000:00:16.0: PCI bridge to [bus 0b-0b]
[    0.387274] pci 0000:00:16.0:   bridge window [io  0x5000-0x5fff]
[    0.387303] pci 0000:00:16.0:   bridge window [mem 0xca500000-0xca5fffff]
[    0.387323] pci 0000:00:16.0:   bridge window [mem 0xd8b00000-0xd8bfffff 64bit pref]
[    0.387364] pci 0000:00:16.1: PCI bridge to [bus 0c-0c]
[    0.387376] pci 0000:00:16.1:   bridge window [io  0x9000-0x9fff]
[    0.387405] pci 0000:00:16.1:   bridge window [mem 0xca900000-0xca9fffff]
[    0.387425] pci 0000:00:16.1:   bridge window [mem 0xd8f00000-0xd8ffffff 64bit pref]
[    0.387466] pci 0000:00:16.2: PCI bridge to [bus 0d-0d]
[    0.387477] pci 0000:00:16.2:   bridge window [io  0xd000-0xdfff]
[    0.387506] pci 0000:00:16.2:   bridge window [mem 0xcad00000-0xcadfffff]
[    0.387526] pci 0000:00:16.2:   bridge window [mem 0xd9300000-0xd93fffff 64bit pref]
[    0.387567] pci 0000:00:16.3: PCI bridge to [bus 0e-0e]
[    0.387595] pci 0000:00:16.3:   bridge window [mem 0xcb100000-0xcb1fffff]
[    0.387615] pci 0000:00:16.3:   bridge window [mem 0xd9700000-0xd97fffff 64bit pref]
[    0.387657] pci 0000:00:16.4: PCI bridge to [bus 0f-0f]
[    0.387686] pci 0000:00:16.4:   bridge window [mem 0xcb500000-0xcb5fffff]
[    0.387705] pci 0000:00:16.4:   bridge window [mem 0xd9b00000-0xd9bfffff 64bit pref]
[    0.387746] pci 0000:00:16.5: PCI bridge to [bus 10-10]
[    0.387775] pci 0000:00:16.5:   bridge window [mem 0xcb900000-0xcb9fffff]
[    0.387795] pci 0000:00:16.5:   bridge window [mem 0xd9f00000-0xd9ffffff 64bit pref]
[    0.387836] pci 0000:00:16.6: PCI bridge to [bus 11-11]
[    0.387865] pci 0000:00:16.6:   bridge window [mem 0xcbd00000-0xcbdfffff]
[    0.387885] pci 0000:00:16.6:   bridge window [mem 0xda300000-0xda3fffff 64bit pref]
[    0.387925] pci 0000:00:16.7: PCI bridge to [bus 12-12]
[    0.387954] pci 0000:00:16.7:   bridge window [mem 0xcc100000-0xcc1fffff]
[    0.387974] pci 0000:00:16.7:   bridge window [mem 0xda700000-0xda7fffff 64bit pref]
[    0.388015] pci 0000:00:17.0: PCI bridge to [bus 13-13]
[    0.388027] pci 0000:00:17.0:   bridge window [io  0x6000-0x6fff]
[    0.388056] pci 0000:00:17.0:   bridge window [mem 0xca600000-0xca6fffff]
[    0.388085] pci 0000:00:17.0:   bridge window [mem 0xd8c00000-0xd8cfffff 64bit pref]
[    0.388137] pci 0000:00:17.1: PCI bridge to [bus 14-14]
[    0.388152] pci 0000:00:17.1:   bridge window [io  0xa000-0xafff]
[    0.388183] pci 0000:00:17.1:   bridge window [mem 0xcaa00000-0xcaafffff]
[    0.388212] pci 0000:00:17.1:   bridge window [mem 0xd9000000-0xd90fffff 64bit pref]
[    0.388253] pci 0000:00:17.2: PCI bridge to [bus 15-15]
[    0.388265] pci 0000:00:17.2:   bridge window [io  0xe000-0xefff]
[    0.388294] pci 0000:00:17.2:   bridge window [mem 0xcae00000-0xcaefffff]
[    0.388314] pci 0000:00:17.2:   bridge window [mem 0xd9400000-0xd94fffff 64bit pref]
[    0.388355] pci 0000:00:17.3: PCI bridge to [bus 16-16]
[    0.388384] pci 0000:00:17.3:   bridge window [mem 0xcb200000-0xcb2fffff]
[    0.388403] pci 0000:00:17.3:   bridge window [mem 0xd9800000-0xd98fffff 64bit pref]
[    0.388445] pci 0000:00:17.4: PCI bridge to [bus 17-17]
[    0.388473] pci 0000:00:17.4:   bridge window [mem 0xcb600000-0xcb6fffff]
[    0.388493] pci 0000:00:17.4:   bridge window [mem 0xd9c00000-0xd9cfffff 64bit pref]
[    0.388534] pci 0000:00:17.5: PCI bridge to [bus 18-18]
[    0.388563] pci 0000:00:17.5:   bridge window [mem 0xcba00000-0xcbafffff]
[    0.388583] pci 0000:00:17.5:   bridge window [mem 0xda000000-0xda0fffff 64bit pref]
[    0.388623] pci 0000:00:17.6: PCI bridge to [bus 19-19]
[    0.388652] pci 0000:00:17.6:   bridge window [mem 0xcbe00000-0xcbefffff]
[    0.388672] pci 0000:00:17.6:   bridge window [mem 0xda400000-0xda4fffff 64bit pref]
[    0.388713] pci 0000:00:17.7: PCI bridge to [bus 1a-1a]
[    0.388742] pci 0000:00:17.7:   bridge window [mem 0xcc200000-0xcc2fffff]
[    0.388762] pci 0000:00:17.7:   bridge window [mem 0xda800000-0xda8fffff 64bit pref]
[    0.388803] pci 0000:00:18.0: PCI bridge to [bus 1b-1b]
[    0.388814] pci 0000:00:18.0:   bridge window [io  0x7000-0x7fff]
[    0.388843] pci 0000:00:18.0:   bridge window [mem 0xca700000-0xca7fffff]
[    0.388863] pci 0000:00:18.0:   bridge window [mem 0xd8d00000-0xd8dfffff 64bit pref]
[    0.388904] pci 0000:00:18.1: PCI bridge to [bus 1c-1c]
[    0.388916] pci 0000:00:18.1:   bridge window [io  0xb000-0xbfff]
[    0.388945] pci 0000:00:18.1:   bridge window [mem 0xcab00000-0xcabfffff]
[    0.388965] pci 0000:00:18.1:   bridge window [mem 0xd9100000-0xd91fffff 64bit pref]
[    0.389006] pci 0000:00:18.2: PCI bridge to [bus 1d-1d]
[    0.389034] pci 0000:00:18.2:   bridge window [mem 0xcaf00000-0xcaffffff]
[    0.389055] pci 0000:00:18.2:   bridge window [mem 0xd9500000-0xd95fffff 64bit pref]
[    0.389107] pci 0000:00:18.3: PCI bridge to [bus 1e-1e]
[    0.389136] pci 0000:00:18.3:   bridge window [mem 0xcb300000-0xcb3fffff]
[    0.389156] pci 0000:00:18.3:   bridge window [mem 0xd9900000-0xd99fffff 64bit pref]
[    0.389197] pci 0000:00:18.4: PCI bridge to [bus 1f-1f]
[    0.389225] pci 0000:00:18.4:   bridge window [mem 0xcb700000-0xcb7fffff]
[    0.389245] pci 0000:00:18.4:   bridge window [mem 0xd9d00000-0xd9dfffff 64bit pref]
[    0.389286] pci 0000:00:18.5: PCI bridge to [bus 20-20]
[    0.389315] pci 0000:00:18.5:   bridge window [mem 0xcbb00000-0xcbbfffff]
[    0.389335] pci 0000:00:18.5:   bridge window [mem 0xda100000-0xda1fffff 64bit pref]
[    0.389376] pci 0000:00:18.6: PCI bridge to [bus 21-21]
[    0.389405] pci 0000:00:18.6:   bridge window [mem 0xcbf00000-0xcbffffff]
[    0.389425] pci 0000:00:18.6:   bridge window [mem 0xda500000-0xda5fffff 64bit pref]
[    0.389465] pci 0000:00:18.7: PCI bridge to [bus 22-22]
[    0.389494] pci 0000:00:18.7:   bridge window [mem 0xcc300000-0xcc3fffff]
[    0.389514] pci 0000:00:18.7:   bridge window [mem 0xda900000-0xda9fffff 64bit pref]
[    0.389566] pci 0000:00:01.0: setting latency timer to 64
[    0.389619] pci 0000:00:15.0: setting latency timer to 64
[    0.389666] pci 0000:00:15.1: setting latency timer to 64
[    0.389713] pci 0000:00:15.2: setting latency timer to 64
[    0.389760] pci 0000:00:15.3: setting latency timer to 64
[    0.389807] pci 0000:00:15.4: setting latency timer to 64
[    0.389853] pci 0000:00:15.5: setting latency timer to 64
[    0.389900] pci 0000:00:15.6: setting latency timer to 64
[    0.389947] pci 0000:00:15.7: setting latency timer to 64
[    0.389994] pci 0000:00:16.0: setting latency timer to 64
[    0.390046] pci 0000:00:16.1: setting latency timer to 64
[    0.390093] pci 0000:00:16.2: setting latency timer to 64
[    0.390140] pci 0000:00:16.3: setting latency timer to 64
[    0.390195] pci 0000:00:16.4: setting latency timer to 64
[    0.390243] pci 0000:00:16.5: setting latency timer to 64
[    0.390290] pci 0000:00:16.6: setting latency timer to 64
[    0.390337] pci 0000:00:16.7: setting latency timer to 64
[    0.390384] pci 0000:00:17.0: setting latency timer to 64
[    0.390431] pci 0000:00:17.1: setting latency timer to 64
[    0.390478] pci 0000:00:17.2: setting latency timer to 64
[    0.390525] pci 0000:00:17.3: setting latency timer to 64
[    0.390572] pci 0000:00:17.4: setting latency timer to 64
[    0.390618] pci 0000:00:17.5: setting latency timer to 64
[    0.390665] pci 0000:00:17.6: setting latency timer to 64
[    0.390712] pci 0000:00:17.7: setting latency timer to 64
[    0.390759] pci 0000:00:18.0: setting latency timer to 64
[    0.390806] pci 0000:00:18.1: setting latency timer to 64
[    0.390853] pci 0000:00:18.2: setting latency timer to 64
[    0.390900] pci 0000:00:18.3: setting latency timer to 64
[    0.390946] pci 0000:00:18.4: setting latency timer to 64
[    0.390999] pci 0000:00:18.5: setting latency timer to 64
[    0.391051] pci 0000:00:18.6: setting latency timer to 64
[    0.391098] pci 0000:00:18.7: setting latency timer to 64
[    0.391110] pci_bus 0000:00: resource 4 [mem 0x000a0000-0x000bffff]
[    0.391112] pci_bus 0000:00: resource 5 [mem 0x000cc000-0x000cffff]
[    0.391114] pci_bus 0000:00: resource 6 [mem 0x000d0000-0x000d3fff]
[    0.391116] pci_bus 0000:00: resource 7 [mem 0x000d4000-0x000d7fff]
[    0.391118] pci_bus 0000:00: resource 8 [mem 0x000d8000-0x000dbfff]
[    0.391120] pci_bus 0000:00: resource 9 [mem 0xc0000000-0xfebfffff]
[    0.391122] pci_bus 0000:00: resource 10 [io  0x0000-0x0cf7]
[    0.391124] pci_bus 0000:00: resource 11 [io  0x0d00-0xfeff]
[    0.391126] pci_bus 0000:02: resource 0 [io  0x2000-0x3fff]
[    0.391128] pci_bus 0000:02: resource 1 [mem 0xc9000000-0xca3fffff]
[    0.391130] pci_bus 0000:02: resource 2 [mem 0xd8400000-0xd89fffff 64bit pref]
[    0.391132] pci_bus 0000:02: resource 4 [mem 0x000a0000-0x000bffff]
[    0.391134] pci_bus 0000:02: resource 5 [mem 0x000cc000-0x000cffff]
[    0.391136] pci_bus 0000:02: resource 6 [mem 0x000d0000-0x000d3fff]
[    0.391138] pci_bus 0000:02: resource 7 [mem 0x000d4000-0x000d7fff]
[    0.391139] pci_bus 0000:02: resource 8 [mem 0x000d8000-0x000dbfff]
[    0.391141] pci_bus 0000:02: resource 9 [mem 0xc0000000-0xfebfffff]
[    0.391143] pci_bus 0000:02: resource 10 [io  0x0000-0x0cf7]
[    0.391145] pci_bus 0000:02: resource 11 [io  0x0d00-0xfeff]
[    0.391147] pci_bus 0000:03: resource 0 [io  0x4000-0x4fff]
[    0.391149] pci_bus 0000:03: resource 1 [mem 0xca400000-0xca4fffff]
[    0.391151] pci_bus 0000:03: resource 2 [mem 0xd8a00000-0xd8afffff 64bit pref]
[    0.391153] pci_bus 0000:04: resource 0 [io  0x8000-0x8fff]
[    0.391155] pci_bus 0000:04: resource 1 [mem 0xca800000-0xca8fffff]
[    0.391157] pci_bus 0000:04: resource 2 [mem 0xd8e00000-0xd8efffff 64bit pref]
[    0.391159] pci_bus 0000:05: resource 0 [io  0xc000-0xcfff]
[    0.391161] pci_bus 0000:05: resource 1 [mem 0xcac00000-0xcacfffff]
[    0.391163] pci_bus 0000:05: resource 2 [mem 0xd9200000-0xd92fffff 64bit pref]
[    0.391165] pci_bus 0000:06: resource 1 [mem 0xcb000000-0xcb0fffff]
[    0.391167] pci_bus 0000:06: resource 2 [mem 0xd9600000-0xd96fffff 64bit pref]
[    0.391169] pci_bus 0000:07: resource 1 [mem 0xcb400000-0xcb4fffff]
[    0.391171] pci_bus 0000:07: resource 2 [mem 0xd9a00000-0xd9afffff 64bit pref]
[    0.391173] pci_bus 0000:08: resource 1 [mem 0xcb800000-0xcb8fffff]
[    0.391175] pci_bus 0000:08: resource 2 [mem 0xd9e00000-0xd9efffff 64bit pref]
[    0.391177] pci_bus 0000:09: resource 1 [mem 0xcbc00000-0xcbcfffff]
[    0.391179] pci_bus 0000:09: resource 2 [mem 0xda200000-0xda2fffff 64bit pref]
[    0.391181] pci_bus 0000:0a: resource 1 [mem 0xcc000000-0xcc0fffff]
[    0.391183] pci_bus 0000:0a: resource 2 [mem 0xda600000-0xda6fffff 64bit pref]
[    0.391185] pci_bus 0000:0b: resource 0 [io  0x5000-0x5fff]
[    0.391187] pci_bus 0000:0b: resource 1 [mem 0xca500000-0xca5fffff]
[    0.391189] pci_bus 0000:0b: resource 2 [mem 0xd8b00000-0xd8bfffff 64bit pref]
[    0.391191] pci_bus 0000:0c: resource 0 [io  0x9000-0x9fff]
[    0.391193] pci_bus 0000:0c: resource 1 [mem 0xca900000-0xca9fffff]
[    0.391195] pci_bus 0000:0c: resource 2 [mem 0xd8f00000-0xd8ffffff 64bit pref]
[    0.391197] pci_bus 0000:0d: resource 0 [io  0xd000-0xdfff]
[    0.391199] pci_bus 0000:0d: resource 1 [mem 0xcad00000-0xcadfffff]
[    0.391201] pci_bus 0000:0d: resource 2 [mem 0xd9300000-0xd93fffff 64bit pref]
[    0.391203] pci_bus 0000:0e: resource 1 [mem 0xcb100000-0xcb1fffff]
[    0.391205] pci_bus 0000:0e: resource 2 [mem 0xd9700000-0xd97fffff 64bit pref]
[    0.391207] pci_bus 0000:0f: resource 1 [mem 0xcb500000-0xcb5fffff]
[    0.391209] pci_bus 0000:0f: resource 2 [mem 0xd9b00000-0xd9bfffff 64bit pref]
[    0.391211] pci_bus 0000:10: resource 1 [mem 0xcb900000-0xcb9fffff]
[    0.391213] pci_bus 0000:10: resource 2 [mem 0xd9f00000-0xd9ffffff 64bit pref]
[    0.391215] pci_bus 0000:11: resource 1 [mem 0xcbd00000-0xcbdfffff]
[    0.391217] pci_bus 0000:11: resource 2 [mem 0xda300000-0xda3fffff 64bit pref]
[    0.391219] pci_bus 0000:12: resource 1 [mem 0xcc100000-0xcc1fffff]
[    0.391221] pci_bus 0000:12: resource 2 [mem 0xda700000-0xda7fffff 64bit pref]
[    0.391223] pci_bus 0000:13: resource 0 [io  0x6000-0x6fff]
[    0.391225] pci_bus 0000:13: resource 1 [mem 0xca600000-0xca6fffff]
[    0.391227] pci_bus 0000:13: resource 2 [mem 0xd8c00000-0xd8cfffff 64bit pref]
[    0.391229] pci_bus 0000:14: resource 0 [io  0xa000-0xafff]
[    0.391231] pci_bus 0000:14: resource 1 [mem 0xcaa00000-0xcaafffff]
[    0.391233] pci_bus 0000:14: resource 2 [mem 0xd9000000-0xd90fffff 64bit pref]
[    0.391235] pci_bus 0000:15: resource 0 [io  0xe000-0xefff]
[    0.391237] pci_bus 0000:15: resource 1 [mem 0xcae00000-0xcaefffff]
[    0.391239] pci_bus 0000:15: resource 2 [mem 0xd9400000-0xd94fffff 64bit pref]
[    0.391241] pci_bus 0000:16: resource 1 [mem 0xcb200000-0xcb2fffff]
[    0.391243] pci_bus 0000:16: resource 2 [mem 0xd9800000-0xd98fffff 64bit pref]
[    0.391245] pci_bus 0000:17: resource 1 [mem 0xcb600000-0xcb6fffff]
[    0.391247] pci_bus 0000:17: resource 2 [mem 0xd9c00000-0xd9cfffff 64bit pref]
[    0.391249] pci_bus 0000:18: resource 1 [mem 0xcba00000-0xcbafffff]
[    0.391251] pci_bus 0000:18: resource 2 [mem 0xda000000-0xda0fffff 64bit pref]
[    0.391253] pci_bus 0000:19: resource 1 [mem 0xcbe00000-0xcbefffff]
[    0.391255] pci_bus 0000:19: resource 2 [mem 0xda400000-0xda4fffff 64bit pref]
[    0.391257] pci_bus 0000:1a: resource 1 [mem 0xcc200000-0xcc2fffff]
[    0.391259] pci_bus 0000:1a: resource 2 [mem 0xda800000-0xda8fffff 64bit pref]
[    0.391261] pci_bus 0000:1b: resource 0 [io  0x7000-0x7fff]
[    0.391263] pci_bus 0000:1b: resource 1 [mem 0xca700000-0xca7fffff]
[    0.391265] pci_bus 0000:1b: resource 2 [mem 0xd8d00000-0xd8dfffff 64bit pref]
[    0.391267] pci_bus 0000:1c: resource 0 [io  0xb000-0xbfff]
[    0.391269] pci_bus 0000:1c: resource 1 [mem 0xcab00000-0xcabfffff]
[    0.391271] pci_bus 0000:1c: resource 2 [mem 0xd9100000-0xd91fffff 64bit pref]
[    0.391273] pci_bus 0000:1d: resource 1 [mem 0xcaf00000-0xcaffffff]
[    0.391275] pci_bus 0000:1d: resource 2 [mem 0xd9500000-0xd95fffff 64bit pref]
[    0.391277] pci_bus 0000:1e: resource 1 [mem 0xcb300000-0xcb3fffff]
[    0.391279] pci_bus 0000:1e: resource 2 [mem 0xd9900000-0xd99fffff 64bit pref]
[    0.391281] pci_bus 0000:1f: resource 1 [mem 0xcb700000-0xcb7fffff]
[    0.391283] pci_bus 0000:1f: resource 2 [mem 0xd9d00000-0xd9dfffff 64bit pref]
[    0.391285] pci_bus 0000:20: resource 1 [mem 0xcbb00000-0xcbbfffff]
[    0.391287] pci_bus 0000:20: resource 2 [mem 0xda100000-0xda1fffff 64bit pref]
[    0.391289] pci_bus 0000:21: resource 1 [mem 0xcbf00000-0xcbffffff]
[    0.391291] pci_bus 0000:21: resource 2 [mem 0xda500000-0xda5fffff 64bit pref]
[    0.391293] pci_bus 0000:22: resource 1 [mem 0xcc300000-0xcc3fffff]
[    0.391295] pci_bus 0000:22: resource 2 [mem 0xda900000-0xda9fffff 64bit pref]
[    0.391328] NET: Registered protocol family 2
[    0.391365] IP route cache hash table entries: 32768 (order: 5, 131072 bytes)
[    0.391417] TCP established hash table entries: 131072 (order: 8, 1048576 bytes)
[    0.391470] TCP bind hash table entries: 65536 (order: 7, 524288 bytes)
[    0.391522] TCP: Hash tables configured (established 131072 bind 65536)
[    0.391526] TCP reno registered
[    0.391537] UDP hash table entries: 512 (order: 2, 16384 bytes)
[    0.391545] UDP-Lite hash table entries: 512 (order: 2, 16384 bytes)
[    0.391580] NET: Registered protocol family 1
[    0.391587] pci 0000:00:00.0: Limiting direct PCI/PCI transfers
[    0.391639] pci 0000:00:0f.0: Boot video device
[    0.391692] ACPI: PCI Interrupt Link [LNKC] enabled at IRQ 10
[    0.391694] PCI: setting IRQ 10 as level-triggered
[    0.391701] pci 0000:02:00.0: PCI INT A -> Link[LNKC] -> GSI 10 (level, low) -> IRQ 10
[    0.391794] pci 0000:02:00.0: PCI INT A disabled
[    0.391847] ACPI: PCI Interrupt Link [LNKB] enabled at IRQ 11
[    0.391849] PCI: setting IRQ 11 as level-triggered
[    0.391852] pci 0000:02:03.0: PCI INT A -> Link[LNKB] -> GSI 11 (level, low) -> IRQ 11
[    0.391904] pci 0000:02:03.0: PCI INT A disabled
[    0.391917] PCI: CLS 32 bytes, default 64
[    0.391956] Simple Boot Flag at 0x36 set to 0x1
[    0.391970] Switching to clocksource tsc
[    0.392189] audit: initializing netlink socket (disabled)
[    0.392195] type=2000 audit(1369612119.373:1): initialized
[    0.406286] Trying to unpack rootfs image as initramfs...
[    0.426332] highmem bounce pool size: 64 pages
[    0.426337] HugeTLB registered 2 MB page size, pre-allocated 0 pages
[    0.430301] VFS: Disk quotas dquot_6.5.2
[    0.430347] Dquot-cache hash table entries: 1024 (order 0, 4096 bytes)
[    0.434268] fuse init (API version 7.17)
[    0.434340] msgmni has been set to 1710
[    0.446216] Block layer SCSI generic (bsg) driver version 0.4 loaded (major 253)
[    0.446246] io scheduler noop registered
[    0.446248] io scheduler deadline registered
[    0.446255] io scheduler cfq registered (default)
[    0.446307] pcieport 0000:00:15.0: setting latency timer to 64
[    0.446359] pcieport 0000:00:15.0: irq 40 for MSI/MSI-X
[    0.446411] pcieport 0000:00:15.1: setting latency timer to 64
[    0.446464] pcieport 0000:00:15.1: irq 41 for MSI/MSI-X
[    0.446516] pcieport 0000:00:15.2: setting latency timer to 64
[    0.446568] pcieport 0000:00:15.2: irq 42 for MSI/MSI-X
[    0.446620] pcieport 0000:00:15.3: setting latency timer to 64
[    0.446673] pcieport 0000:00:15.3: irq 43 for MSI/MSI-X
[    0.446725] pcieport 0000:00:15.4: setting latency timer to 64
[    0.446777] pcieport 0000:00:15.4: irq 44 for MSI/MSI-X
[    0.446829] pcieport 0000:00:15.5: setting latency timer to 64
[    0.446882] pcieport 0000:00:15.5: irq 45 for MSI/MSI-X
[    0.446934] pcieport 0000:00:15.6: setting latency timer to 64
[    0.446986] pcieport 0000:00:15.6: irq 46 for MSI/MSI-X
[    0.447039] pcieport 0000:00:15.7: setting latency timer to 64
[    0.447091] pcieport 0000:00:15.7: irq 47 for MSI/MSI-X
[    0.447143] pcieport 0000:00:16.0: setting latency timer to 64
[    0.447195] pcieport 0000:00:16.0: irq 48 for MSI/MSI-X
[    0.447248] pcieport 0000:00:16.1: setting latency timer to 64
[    0.447300] pcieport 0000:00:16.1: irq 49 for MSI/MSI-X
[    0.447352] pcieport 0000:00:16.2: setting latency timer to 64
[    0.447404] pcieport 0000:00:16.2: irq 50 for MSI/MSI-X
[    0.447457] pcieport 0000:00:16.3: setting latency timer to 64
[    0.447509] pcieport 0000:00:16.3: irq 51 for MSI/MSI-X
[    0.447561] pcieport 0000:00:16.4: setting latency timer to 64
[    0.447613] pcieport 0000:00:16.4: irq 52 for MSI/MSI-X
[    0.447666] pcieport 0000:00:16.5: setting latency timer to 64
[    0.447718] pcieport 0000:00:16.5: irq 53 for MSI/MSI-X
[    0.447770] pcieport 0000:00:16.6: setting latency timer to 64
[    0.447823] pcieport 0000:00:16.6: irq 54 for MSI/MSI-X
[    0.447875] pcieport 0000:00:16.7: setting latency timer to 64
[    0.447927] pcieport 0000:00:16.7: irq 55 for MSI/MSI-X
[    0.447979] pcieport 0000:00:17.0: setting latency timer to 64
[    0.448032] pcieport 0000:00:17.0: irq 56 for MSI/MSI-X
[    0.448084] pcieport 0000:00:17.1: setting latency timer to 64
[    0.448136] pcieport 0000:00:17.1: irq 57 for MSI/MSI-X
[    0.448188] pcieport 0000:00:17.2: setting latency timer to 64
[    0.448241] pcieport 0000:00:17.2: irq 58 for MSI/MSI-X
[    0.448293] pcieport 0000:00:17.3: setting latency timer to 64
[    0.448345] pcieport 0000:00:17.3: irq 59 for MSI/MSI-X
[    0.448398] pcieport 0000:00:17.4: setting latency timer to 64
[    0.448450] pcieport 0000:00:17.4: irq 60 for MSI/MSI-X
[    0.448502] pcieport 0000:00:17.5: setting latency timer to 64
[    0.448554] pcieport 0000:00:17.5: irq 61 for MSI/MSI-X
[    0.448607] pcieport 0000:00:17.6: setting latency timer to 64
[    0.448659] pcieport 0000:00:17.6: irq 62 for MSI/MSI-X
[    0.448711] pcieport 0000:00:17.7: setting latency timer to 64
[    0.448763] pcieport 0000:00:17.7: irq 63 for MSI/MSI-X
[    0.448816] pcieport 0000:00:18.0: setting latency timer to 64
[    0.448868] pcieport 0000:00:18.0: irq 64 for MSI/MSI-X
[    0.448920] pcieport 0000:00:18.1: setting latency timer to 64
[    0.448972] pcieport 0000:00:18.1: irq 65 for MSI/MSI-X
[    0.449025] pcieport 0000:00:18.2: setting latency timer to 64
[    0.449077] pcieport 0000:00:18.2: irq 66 for MSI/MSI-X
[    0.449129] pcieport 0000:00:18.3: setting latency timer to 64
[    0.449182] pcieport 0000:00:18.3: irq 67 for MSI/MSI-X
[    0.449234] pcieport 0000:00:18.4: setting latency timer to 64
[    0.449286] pcieport 0000:00:18.4: irq 68 for MSI/MSI-X
[    0.449338] pcieport 0000:00:18.5: setting latency timer to 64
[    0.449391] pcieport 0000:00:18.5: irq 69 for MSI/MSI-X
[    0.449443] pcieport 0000:00:18.6: setting latency timer to 64
[    0.449495] pcieport 0000:00:18.6: irq 70 for MSI/MSI-X
[    0.449547] pcieport 0000:00:18.7: setting latency timer to 64
[    0.449600] pcieport 0000:00:18.7: irq 71 for MSI/MSI-X
[    0.450135] pcieport 0000:00:15.0: Signaling PME through PCIe PME interrupt
[    0.450160] pcie_pme 0000:00:15.0:pcie01: service driver pcie_pme loaded
[    0.450212] pcieport 0000:00:15.1: Signaling PME through PCIe PME interrupt
[    0.450236] pcie_pme 0000:00:15.1:pcie01: service driver pcie_pme loaded
[    0.450288] pcieport 0000:00:15.2: Signaling PME through PCIe PME interrupt
[    0.450311] pcie_pme 0000:00:15.2:pcie01: service driver pcie_pme loaded
[    0.450363] pcieport 0000:00:15.3: Signaling PME through PCIe PME interrupt
[    0.450386] pcie_pme 0000:00:15.3:pcie01: service driver pcie_pme loaded
[    0.450438] pcieport 0000:00:15.4: Signaling PME through PCIe PME interrupt
[    0.450460] pcie_pme 0000:00:15.4:pcie01: service driver pcie_pme loaded
[    0.450513] pcieport 0000:00:15.5: Signaling PME through PCIe PME interrupt
[    0.450535] pcie_pme 0000:00:15.5:pcie01: service driver pcie_pme loaded
[    0.450588] pcieport 0000:00:15.6: Signaling PME through PCIe PME interrupt
[    0.450611] pcie_pme 0000:00:15.6:pcie01: service driver pcie_pme loaded
[    0.450663] pcieport 0000:00:15.7: Signaling PME through PCIe PME interrupt
[    0.450685] pcie_pme 0000:00:15.7:pcie01: service driver pcie_pme loaded
[    0.450738] pcieport 0000:00:16.0: Signaling PME through PCIe PME interrupt
[    0.450760] pcie_pme 0000:00:16.0:pcie01: service driver pcie_pme loaded
[    0.450813] pcieport 0000:00:16.1: Signaling PME through PCIe PME interrupt
[    0.450836] pcie_pme 0000:00:16.1:pcie01: service driver pcie_pme loaded
[    0.450888] pcieport 0000:00:16.2: Signaling PME through PCIe PME interrupt
[    0.450911] pcie_pme 0000:00:16.2:pcie01: service driver pcie_pme loaded
[    0.450963] pcieport 0000:00:16.3: Signaling PME through PCIe PME interrupt
[    0.450986] pcie_pme 0000:00:16.3:pcie01: service driver pcie_pme loaded
[    0.451038] pcieport 0000:00:16.4: Signaling PME through PCIe PME interrupt
[    0.451070] pcie_pme 0000:00:16.4:pcie01: service driver pcie_pme loaded
[    0.451122] pcieport 0000:00:16.5: Signaling PME through PCIe PME interrupt
[    0.451145] pcie_pme 0000:00:16.5:pcie01: service driver pcie_pme loaded
[    0.451197] pcieport 0000:00:16.6: Signaling PME through PCIe PME interrupt
[    0.451220] pcie_pme 0000:00:16.6:pcie01: service driver pcie_pme loaded
[    0.451272] pcieport 0000:00:16.7: Signaling PME through PCIe PME interrupt
[    0.451295] pcie_pme 0000:00:16.7:pcie01: service driver pcie_pme loaded
[    0.451347] pcieport 0000:00:17.0: Signaling PME through PCIe PME interrupt
[    0.451370] pcie_pme 0000:00:17.0:pcie01: service driver pcie_pme loaded
[    0.451422] pcieport 0000:00:17.1: Signaling PME through PCIe PME interrupt
[    0.451445] pcie_pme 0000:00:17.1:pcie01: service driver pcie_pme loaded
[    0.451497] pcieport 0000:00:17.2: Signaling PME through PCIe PME interrupt
[    0.451520] pcie_pme 0000:00:17.2:pcie01: service driver pcie_pme loaded
[    0.451572] pcieport 0000:00:17.3: Signaling PME through PCIe PME interrupt
[    0.451595] pcie_pme 0000:00:17.3:pcie01: service driver pcie_pme loaded
[    0.451648] pcieport 0000:00:17.4: Signaling PME through PCIe PME interrupt
[    0.451671] pcie_pme 0000:00:17.4:pcie01: service driver pcie_pme loaded
[    0.451723] pcieport 0000:00:17.5: Signaling PME through PCIe PME interrupt
[    0.451746] pcie_pme 0000:00:17.5:pcie01: service driver pcie_pme loaded
[    0.451798] pcieport 0000:00:17.6: Signaling PME through PCIe PME interrupt
[    0.451821] pcie_pme 0000:00:17.6:pcie01: service driver pcie_pme loaded
[    0.451873] pcieport 0000:00:17.7: Signaling PME through PCIe PME interrupt
[    0.451896] pcie_pme 0000:00:17.7:pcie01: service driver pcie_pme loaded
[    0.451948] pcieport 0000:00:18.0: Signaling PME through PCIe PME interrupt
[    0.451971] pcie_pme 0000:00:18.0:pcie01: service driver pcie_pme loaded
[    0.452023] pcieport 0000:00:18.1: Signaling PME through PCIe PME interrupt
[    0.452046] pcie_pme 0000:00:18.1:pcie01: service driver pcie_pme loaded
[    0.452098] pcieport 0000:00:18.2: Signaling PME through PCIe PME interrupt
[    0.452121] pcie_pme 0000:00:18.2:pcie01: service driver pcie_pme loaded
[    0.452173] pcieport 0000:00:18.3: Signaling PME through PCIe PME interrupt
[    0.452195] pcie_pme 0000:00:18.3:pcie01: service driver pcie_pme loaded
[    0.452248] pcieport 0000:00:18.4: Signaling PME through PCIe PME interrupt
[    0.452271] pcie_pme 0000:00:18.4:pcie01: service driver pcie_pme loaded
[    0.452323] pcieport 0000:00:18.5: Signaling PME through PCIe PME interrupt
[    0.452346] pcie_pme 0000:00:18.5:pcie01: service driver pcie_pme loaded
[    0.452398] pcieport 0000:00:18.6: Signaling PME through PCIe PME interrupt
[    0.452421] pcie_pme 0000:00:18.6:pcie01: service driver pcie_pme loaded
[    0.452473] pcieport 0000:00:18.7: Signaling PME through PCIe PME interrupt
[    0.452496] pcie_pme 0000:00:18.7:pcie01: service driver pcie_pme loaded
[    0.452514] pci_hotplug: PCI Hot Plug PCI Core version: 0.5
[    0.452567] pciehp 0000:00:15.0:pcie04: HPC vendor_id 15ad device_id 7a0 ss_vid 15ad ss_did 7a0
[    0.452619] pciehp 0000:00:15.0:pcie04: service driver pciehp loaded
[    0.452671] pciehp 0000:00:15.1:pcie04: HPC vendor_id 15ad device_id 7a0 ss_vid 15ad ss_did 7a0
[    0.452723] pciehp 0000:00:15.1:pcie04: service driver pciehp loaded
[    0.452776] pciehp 0000:00:15.2:pcie04: HPC vendor_id 15ad device_id 7a0 ss_vid 15ad ss_did 7a0
[    0.452828] pciehp 0000:00:15.2:pcie04: service driver pciehp loaded
[    0.452880] pciehp 0000:00:15.3:pcie04: HPC vendor_id 15ad device_id 7a0 ss_vid 15ad ss_did 7a0
[    0.452932] pciehp 0000:00:15.3:pcie04: service driver pciehp loaded
[    0.452985] pciehp 0000:00:15.4:pcie04: HPC vendor_id 15ad device_id 7a0 ss_vid 15ad ss_did 7a0
[    0.453037] pciehp 0000:00:15.4:pcie04: service driver pciehp loaded
[    0.453089] pciehp 0000:00:15.5:pcie04: HPC vendor_id 15ad device_id 7a0 ss_vid 15ad ss_did 7a0
[    0.453141] pciehp 0000:00:15.5:pcie04: service driver pciehp loaded
[    0.453194] pciehp 0000:00:15.6:pcie04: HPC vendor_id 15ad device_id 7a0 ss_vid 15ad ss_did 7a0
[    0.453246] pciehp 0000:00:15.6:pcie04: service driver pciehp loaded
[    0.453298] pciehp 0000:00:15.7:pcie04: HPC vendor_id 15ad device_id 7a0 ss_vid 15ad ss_did 7a0
[    0.453351] pciehp 0000:00:15.7:pcie04: service driver pciehp loaded
[    0.453403] pciehp 0000:00:16.0:pcie04: HPC vendor_id 15ad device_id 7a0 ss_vid 15ad ss_did 7a0
[    0.453455] pciehp 0000:00:16.0:pcie04: service driver pciehp loaded
[    0.453507] pciehp 0000:00:16.1:pcie04: HPC vendor_id 15ad device_id 7a0 ss_vid 15ad ss_did 7a0
[    0.453560] pciehp 0000:00:16.1:pcie04: service driver pciehp loaded
[    0.453612] pciehp 0000:00:16.2:pcie04: HPC vendor_id 15ad device_id 7a0 ss_vid 15ad ss_did 7a0
[    0.453664] pciehp 0000:00:16.2:pcie04: service driver pciehp loaded
[    0.453716] pciehp 0000:00:16.3:pcie04: HPC vendor_id 15ad device_id 7a0 ss_vid 15ad ss_did 7a0
[    0.453769] pciehp 0000:00:16.3:pcie04: service driver pciehp loaded
[    0.453821] pciehp 0000:00:16.4:pcie04: HPC vendor_id 15ad device_id 7a0 ss_vid 15ad ss_did 7a0
[    0.453873] pciehp 0000:00:16.4:pcie04: service driver pciehp loaded
[    0.453926] pciehp 0000:00:16.5:pcie04: HPC vendor_id 15ad device_id 7a0 ss_vid 15ad ss_did 7a0
[    0.453978] pciehp 0000:00:16.5:pcie04: service driver pciehp loaded
[    0.454030] pciehp 0000:00:16.6:pcie04: HPC vendor_id 15ad device_id 7a0 ss_vid 15ad ss_did 7a0
[    0.454100] pciehp 0000:00:16.6:pcie04: service driver pciehp loaded
[    0.458200] pciehp 0000:00:16.7:pcie04: HPC vendor_id 15ad device_id 7a0 ss_vid 15ad ss_did 7a0
[    0.458253] pciehp 0000:00:16.7:pcie04: service driver pciehp loaded
[    0.458305] pciehp 0000:00:17.0:pcie04: HPC vendor_id 15ad device_id 7a0 ss_vid 15ad ss_did 7a0
[    0.458357] pciehp 0000:00:17.0:pcie04: service driver pciehp loaded
[    0.458410] pciehp 0000:00:17.1:pcie04: HPC vendor_id 15ad device_id 7a0 ss_vid 15ad ss_did 7a0
[    0.458462] pciehp 0000:00:17.1:pcie04: service driver pciehp loaded
[    0.458514] pciehp 0000:00:17.2:pcie04: HPC vendor_id 15ad device_id 7a0 ss_vid 15ad ss_did 7a0
[    0.458566] pciehp 0000:00:17.2:pcie04: service driver pciehp loaded
[    0.458619] pciehp 0000:00:17.3:pcie04: HPC vendor_id 15ad device_id 7a0 ss_vid 15ad ss_did 7a0
[    0.458671] pciehp 0000:00:17.3:pcie04: service driver pciehp loaded
[    0.458723] pciehp 0000:00:17.4:pcie04: HPC vendor_id 15ad device_id 7a0 ss_vid 15ad ss_did 7a0
[    0.458775] pciehp 0000:00:17.4:pcie04: service driver pciehp loaded
[    0.458828] pciehp 0000:00:17.5:pcie04: HPC vendor_id 15ad device_id 7a0 ss_vid 15ad ss_did 7a0
[    0.458880] pciehp 0000:00:17.5:pcie04: service driver pciehp loaded
[    0.458932] pciehp 0000:00:17.6:pcie04: HPC vendor_id 15ad device_id 7a0 ss_vid 15ad ss_did 7a0
[    0.458984] pciehp 0000:00:17.6:pcie04: service driver pciehp loaded
[    0.459037] pciehp 0000:00:17.7:pcie04: HPC vendor_id 15ad device_id 7a0 ss_vid 15ad ss_did 7a0
[    0.459089] pciehp 0000:00:17.7:pcie04: service driver pciehp loaded
[    0.459141] pciehp 0000:00:18.0:pcie04: HPC vendor_id 15ad device_id 7a0 ss_vid 15ad ss_did 7a0
[    0.459194] pciehp 0000:00:18.0:pcie04: service driver pciehp loaded
[    0.459246] pciehp 0000:00:18.1:pcie04: HPC vendor_id 15ad device_id 7a0 ss_vid 15ad ss_did 7a0
[    0.459298] pciehp 0000:00:18.1:pcie04: service driver pciehp loaded
[    0.459350] pciehp 0000:00:18.2:pcie04: HPC vendor_id 15ad device_id 7a0 ss_vid 15ad ss_did 7a0
[    0.459403] pciehp 0000:00:18.2:pcie04: service driver pciehp loaded
[    0.459455] pciehp 0000:00:18.3:pcie04: HPC vendor_id 15ad device_id 7a0 ss_vid 15ad ss_did 7a0
[    0.459507] pciehp 0000:00:18.3:pcie04: service driver pciehp loaded
[    0.459559] pciehp 0000:00:18.4:pcie04: HPC vendor_id 15ad device_id 7a0 ss_vid 15ad ss_did 7a0
[    0.459612] pciehp 0000:00:18.4:pcie04: service driver pciehp loaded
[    0.459664] pciehp 0000:00:18.5:pcie04: HPC vendor_id 15ad device_id 7a0 ss_vid 15ad ss_did 7a0
[    0.459716] pciehp 0000:00:18.5:pcie04: service driver pciehp loaded
[    0.459768] pciehp 0000:00:18.6:pcie04: HPC vendor_id 15ad device_id 7a0 ss_vid 15ad ss_did 7a0
[    0.459821] pciehp 0000:00:18.6:pcie04: service driver pciehp loaded
[    0.459873] pciehp 0000:00:18.7:pcie04: HPC vendor_id 15ad device_id 7a0 ss_vid 15ad ss_did 7a0
[    0.459925] pciehp 0000:00:18.7:pcie04: service driver pciehp loaded
[    0.459932] pciehp: PCI Express Hot Plug Controller Driver version: 0.4
[    0.459985] ACPI: Deprecated procfs I/F for AC is loaded, please retry with CONFIG_ACPI_PROCFS_POWER cleared
[    0.460040] ACPI: AC Adapter [ACAD] (on-line)
[    0.462160] input: Power Button as /devices/LNXSYSTM:00/LNXPWRBN:00/input/input0
[    0.462165] ACPI: Power Button [PWRF]
[    0.478154] ERST: Table is not found!
[    0.478157] GHES: HEST is not enabled!
[    0.478254] Serial: 8250/16550 driver, 32 ports, IRQ sharing enabled
[    0.501973] serial8250: ttyS0 at I/O 0x3f8 (irq = 4) is a 16550A
[    0.506103] isapnp: Scanning for PnP cards...
[    0.637910] serial8250: ttyS1 at I/O 0x2f8 (irq = 3) is a 16550A
[    0.681995] 00:0a: ttyS0 at I/O 0x3f8 (irq = 4) is a 16550A
[    0.765747] 00:0b: ttyS1 at I/O 0x2f8 (irq = 3) is a 16550A
[    0.785811] Linux agpgart interface v0.103
[    0.785863] agpgart-intel 0000:00:00.0: Intel 440BX Chipset
[    0.785947] agpgart-intel 0000:00:00.0: AGP aperture is 256M @ 0x0
[    0.786610] brd: module loaded
[    0.787062] loop: module loaded
[    0.787114] ata_piix 0000:00:07.1: version 2.13
[    0.787192] scsi0 : ata_piix
[    0.789674] scsi1 : ata_piix
[    0.789710] ata1: PATA max UDMA/33 cmd 0x1f0 ctl 0x3f6 bmdma 0x10c0 irq 14
[    0.789712] ata2: PATA max UDMA/33 cmd 0x170 ctl 0x376 bmdma 0x10c8 irq 15
[    0.789767] Fixed MDIO Bus: probed
[    0.789780] tun: Universal TUN/TAP device driver, 1.6
[    0.789781] tun: (C) 1999-2004 Max Krasnyansky <maxk@qualcomm.com>
[    0.789830] PPP generic driver version 2.4.2
[    0.789890] ehci_hcd: USB 2.0 'Enhanced' Host Controller (EHCI) Driver
[    0.789919] ehci_hcd 0000:02:03.0: PCI INT A -> Link[LNKB] -> GSI 11 (level, low) -> IRQ 11
[    0.789963] ehci_hcd 0000:02:03.0: EHCI Host Controller
[    0.789997] ehci_hcd 0000:02:03.0: new USB bus registered, assigned bus number 1
[    0.790050] ehci_hcd 0000:02:03.0: cache line size of 32 is not supported
[    0.790057] ehci_hcd 0000:02:03.0: irq 11, io mem 0xc9000000
[    0.801651] ehci_hcd 0000:02:03.0: USB 2.0 started, EHCI 1.00
[    0.801771] hub 1-0:1.0: USB hub found
[    0.801775] hub 1-0:1.0: 6 ports detected
[    0.801827] ohci_hcd: USB 1.1 'Open' Host Controller (OHCI) Driver
[    0.801841] uhci_hcd: USB Universal Host Controller Interface driver
[    0.801879] uhci_hcd 0000:02:00.0: PCI INT A -> Link[LNKC] -> GSI 10 (level, low) -> IRQ 10
[    0.801918] uhci_hcd 0000:02:00.0: UHCI Host Controller
[    0.801952] uhci_hcd 0000:02:00.0: new USB bus registered, assigned bus number 2
[    0.802060] uhci_hcd 0000:02:00.0: irq 10, io base 0x000020c0
[    0.802175] hub 2-0:1.0: USB hub found
[    0.802178] hub 2-0:1.0: 2 ports detected
[    0.802230] usbcore: registered new interface driver libusual
[    0.802266] i8042: PNP: PS/2 Controller [PNP0303:KBC,PNP0f13:MOUS] at 0x60,0x64 irq 1,12
[    0.802600] serio: i8042 KBD port at 0x60,0x64 irq 1
[    0.802607] serio: i8042 AUX port at 0x60,0x64 irq 12
[    0.802690] mousedev: PS/2 mouse device common for all mice
[    0.802996] rtc_cmos 00:04: rtc core: registered rtc_cmos as rtc0
[    0.803053] rtc0: alarms up to one month, y3k, 114 bytes nvram, hpet irqs
[    0.803097] device-mapper: uevent: version 1.0.3
[    0.803144] device-mapper: ioctl: 4.22.0-ioctl (2011-10-19) initialised: dm-devel@redhat.com
[    0.803165] EISA: Probing bus 0 at eisa.0
[    0.803167] EISA: Cannot allocate resource for mainboard
[    0.803169] Cannot allocate resource for EISA slot 1
[    0.803171] Cannot allocate resource for EISA slot 2
[    0.803172] Cannot allocate resource for EISA slot 3
[    0.803174] Cannot allocate resource for EISA slot 4
[    0.803175] Cannot allocate resource for EISA slot 5
[    0.803176] Cannot allocate resource for EISA slot 6
[    0.803178] Cannot allocate resource for EISA slot 7
[    0.803179] Cannot allocate resource for EISA slot 8
[    0.803181] EISA: Detected 0 cards.
[    0.803188] cpufreq-nforce2: No nForce2 chipset.
[    0.803190] cpuidle: using governor ladder
[    0.803191] cpuidle: using governor menu
[    0.803193] EFI Variables Facility v0.08 2004-May-17
[    0.803245] TCP cubic registered
[    0.803298] NET: Registered protocol family 10
[    0.803350] NET: Registered protocol family 17
[    0.803354] Registering the dns_resolver key type
[    0.803366] Using IPI No-Shortcut mode
[    0.803423] PM: Hibernation image not present or could not be loaded.
[    0.803435] registered taskstats version 1
[    0.803899] input: AT Translated Set 2 keyboard as /devices/platform/i8042/serio0/input/input1
[    0.877549] Freeing initrd memory: 13836k freed
[    0.925549]   Magic number: 13:177:859
[    0.925662] rtc_cmos 00:04: setting system clock to 2013-05-26 23:48:40 UTC (1369612120)
[    0.925675] BIOS EDD facility v0.16 2004-Jun-25, 0 devices found
[    0.925676] EDD information not available.
[    1.047166] ata2.00: ATAPI: VMware Virtual IDE CDROM Drive, 00000001, max UDMA/33
[    1.090772] isapnp: No Plug & Play device found
[    1.090961] ata2.00: configured for UDMA/33
[    1.091367] scsi 1:0:0:0: CD-ROM            NECVMWar VMware IDE CDR10 1.00 PQ: 0 ANSI: 5
[    1.091954] sr0: scsi3-mmc drive: 306x/306x cd/rw xa/form2 cdda tray
[    1.091958] cdrom: Uniform CD-ROM driver Revision: 3.20
[    1.092055] sr 1:0:0:0: Attached scsi CD-ROM sr0
[    1.092101] sr 1:0:0:0: Attached scsi generic sg0 type 5
[    1.092161] Freeing unused kernel memory: 740k freed
[    1.092213] Write protecting the kernel text: 5816k
[    1.092222] Write protecting the kernel read-only data: 2376k
[    1.092224] NX-protecting the kernel data: 4424k
[    1.102693] udevd[85]: starting version 175
[    1.117540] VMware vmxnet3 virtual NIC driver - version 1.1.29.0-k-NAPI
[    1.121558] VMware PVSCSI driver - version 1.0.1.0-k
[    1.126539] VMware vmxnet virtual NIC driver
[    1.126592] ACPI: PCI Interrupt Link [LNKD] enabled at IRQ 5
[    1.126595] PCI: setting IRQ 5 as level-triggered
[    1.126601] vmxnet 0000:02:01.0: PCI INT A -> Link[LNKD] -> GSI 5 (level, low) -> IRQ 5
[    1.126654] Found vmxnet/PCI at 0x2024, irq 5.
[    1.126706] features:
[    1.126717] numRxBuffers = 100, numRxBuffers2 = 1
[    1.126770] vmxnet 0000:02:01.0: eth0: set_features() failed (-1); wanted 0x00004000, left 0x00004800
[    1.144036] Fusion MPT base driver 3.04.20
[    1.144039] Copyright (c) 1999-2008 LSI Corporation
[    1.144219] Fusion MPT SPI Host driver 3.04.20
[    1.144266] mptspi 0000:00:10.0: PCI INT A -> Link[LNKB] -> GSI 11 (level, low) -> IRQ 11
[    1.150219] mptbase: ioc0: Initiating bringup
[    1.157102] usb 2-1: new full-speed USB device number 2 using uhci_hcd
[    1.163387] Floppy drive(s): fd0 is 1.44M
[    1.177297] FDC 0 is a post-1991 82077
[    1.221086] ioc0: LSI53C1030 B0: Capabilities={Initiator}
[    1.290123] input: VMware VMware Virtual USB Mouse as /devices/pci0000:00/0000:00:11.0/0000:02:00.0/usb2/2-1/2-1:1.0/input/input2
[    1.290285] generic-usb 0003:0E0F:0003.0001: input,hidraw0: USB HID v1.10 Mouse [VMware VMware Virtual USB Mouse] on usb-0000:02:00.0-1/input0
[    1.290779] input: VMware VMware Virtual USB Mouse as /devices/pci0000:00/0000:00:11.0/0000:02:00.0/usb2/2-1/2-1:1.1/input/input3
[    1.290947] generic-usb 0003:0E0F:0003.0002: input,hidraw1: USB HID v1.10 Mouse [VMware VMware Virtual USB Mouse] on usb-0000:02:00.0-1/input1
[    1.290958] usbcore: registered new interface driver usbhid
[    1.290959] usbhid: USB HID core driver
[    1.380892] scsi2 : ioc0: LSI53C1030 B0, FwRev=01032920h, Ports=1, MaxQ=128, IRQ=11
[    1.400794] usb 2-2: new full-speed USB device number 3 using uhci_hcd
[    1.493503] scsi 2:0:0:0: Direct-Access     VMware,  VMware Virtual S 1.0  PQ: 0 ANSI: 2
[    1.493512] scsi target2:0:0: Beginning Domain Validation
[    1.494085] scsi target2:0:0: Domain Validation skipping write tests
[    1.494088] scsi target2:0:0: Ending Domain Validation
[    1.494139] scsi target2:0:0: FAST-40 WIDE SCSI 80.0 MB/s ST (25 ns, offset 127)
[    1.496182] sd 2:0:0:0: [sda] 41943040 512-byte logical blocks: (21.4 GB/20.0 GiB)
[    1.496238] sd 2:0:0:0: [sda] Write Protect is off
[    1.496241] sd 2:0:0:0: [sda] Mode Sense: 61 00 00 00
[    1.496295] sd 2:0:0:0: [sda] Cache data unavailable
[    1.496298] sd 2:0:0:0: [sda] Assuming drive cache: write through
[    1.496588] sd 2:0:0:0: [sda] Cache data unavailable
[    1.496591] sd 2:0:0:0: [sda] Assuming drive cache: write through
[    1.497272] sd 2:0:0:0: Attached scsi generic sg1 type 0
[    1.497825]  sda: sda1 sda2 < sda5 >
[    1.498179] sd 2:0:0:0: [sda] Cache data unavailable
[    1.498182] sd 2:0:0:0: [sda] Assuming drive cache: write through
[    1.498184] sd 2:0:0:0: [sda] Attached SCSI disk
[    1.529379] EXT4-fs (sda1): INFO: recovery required on readonly filesystem
[    1.529383] EXT4-fs (sda1): write access will be enabled during recovery
[    1.538481] hub 2-2:1.0: USB hub found
[    1.540609] hub 2-2:1.0: 7 ports detected
[    1.680797] EXT4-fs (sda1): recovery complete
[    1.681335] EXT4-fs (sda1): mounted filesystem with ordered data mode. Opts: (null)
[    2.800828] ADDRCONF(NETDEV_UP): eth0: link is not ready
[    2.807471] udevd[326]: starting version 175
[    2.846985] Adding 1046524k swap on /dev/sda5.  Priority:-1 extents:1 across:1046524k 
[    2.848183] lp: driver loaded but no devices found
[    2.927581] shpchp: Standard Hot Plug PCI Controller Driver version: 0.4
[    2.936648] piix4_smbus 0000:00:07.3: Host SMBus controller not enabled!
[    2.940614] EXT4-fs (sda1): re-mounted. Opts: errors=remount-ro
[    2.943566] [386]: VMCI: shared components initialized.
[    2.943587] Probing for vmci/PCI.
[    2.943733] ACPI: PCI Interrupt Link [LNKA] enabled at IRQ 9
[    2.943736] PCI: setting IRQ 9 as level-triggered
[    2.943741] vmci 0000:00:07.7: PCI INT A -> Link[LNKA] -> GSI 9 (level, low) -> IRQ 9
[    2.943780] Found vmci/PCI at 0x1080, irq 9.
[    2.943813] VMCI: using capabilities 0xc.
[    2.943878] [386]: VMCI: Host capability check passed.
[    2.944082] vmci 0000:00:07.7: irq 72 for MSI/MSI-X
[    2.944111] vmci 0000:00:07.7: irq 73 for MSI/MSI-X
[    2.944309] Registered vmci device.
[    2.962246] [386]: VMCI: Using guest personality
[    2.962250] [386]: VMCI: host components initialized.
[    2.974250] [386]: VMCI: Module registered (name=vmci,major=10,minor=57).
[    2.974253] [386]: VMCI: Using host personality
[    2.974255] [386]: VMCI: Module (name=vmci) is initialized
[    3.054755] ppdev: user-space parallel port driver
[    3.055413] parport_pc 00:09: reported by Plug and Play ACPI
[    3.055580] parport0: PC-style at 0x378, irq 7 [PCSPP,TRISTATE]
[    3.086687] Bluetooth: Core ver 2.16
[    3.088600] NET: Registered protocol family 31
[    3.088604] Bluetooth: HCI device and connection manager initialized
[    3.088606] Bluetooth: HCI socket layer initialized
[    3.088608] Bluetooth: L2CAP socket layer initialized
[    3.088613] Bluetooth: SCO socket layer initialized
[    3.106784] Bluetooth: RFCOMM TTY layer initialized
[    3.106788] Bluetooth: RFCOMM socket layer initialized
[    3.106790] Bluetooth: RFCOMM ver 1.11
[    3.112830] Bluetooth: BNEP (Ethernet Emulation) ver 1.3
[    3.112833] Bluetooth: BNEP filters: protocol multicast
[    3.150378] lp0: using parport0 (interrupt-driven).
[    3.162353] type=1400 audit(1369612122.738:2): apparmor="STATUS" operation="profile_load" name="/usr/lib/cups/backend/cups-pdf" pid=585 comm="apparmor_parser"
[    3.163798] type=1400 audit(1369612122.738:3): apparmor="STATUS" operation="profile_load" name="/usr/sbin/cupsd" pid=585 comm="apparmor_parser"
[    3.218402] type=1400 audit(1369612122.794:4): apparmor="STATUS" operation="profile_load" name="/sbin/dhclient" pid=605 comm="apparmor_parser"
[    3.218611] type=1400 audit(1369612122.794:5): apparmor="STATUS" operation="profile_load" name="/usr/lib/NetworkManager/nm-dhcp-client.action" pid=605 comm="apparmor_parser"
[    3.218815] type=1400 audit(1369612122.794:6): apparmor="STATUS" operation="profile_load" name="/usr/lib/connman/scripts/dhclient-script" pid=605 comm="apparmor_parser"
[    3.334087] input: ImPS/2 Generic Wheel Mouse as /devices/platform/i8042/serio1/input/input4
[    3.497666] snd_ens1371 0000:02:02.0: PCI INT A -> Link[LNKA] -> GSI 9 (level, low) -> IRQ 9
[    3.517500] init: failsafe main process (675) killed by TERM signal
[    3.623174] type=1400 audit(1369612123.198:7): apparmor="STATUS" operation="profile_load" name="/usr/lib/lightdm/lightdm/lightdm-guest-session-wrapper" pid=807 comm="apparmor_parser"
[    3.626670] type=1400 audit(1369612123.202:8): apparmor="STATUS" operation="profile_replace" name="/sbin/dhclient" pid=808 comm="apparmor_parser"
[    3.630404] type=1400 audit(1369612123.206:9): apparmor="STATUS" operation="profile_replace" name="/usr/lib/NetworkManager/nm-dhcp-client.action" pid=808 comm="apparmor_parser"
[    3.630588] type=1400 audit(1369612123.206:10): apparmor="STATUS" operation="profile_replace" name="/usr/lib/connman/scripts/dhclient-script" pid=808 comm="apparmor_parser"
[    3.768313] init: alsa-restore main process (871) terminated with status 19
