[    0.000000] Initializing cgroup subsys cpuset
[    0.000000] Initializing cgroup subsys cpu
[    0.000000] Linux version 3.2.0-29-generic-pae (buildd@roseapple) (gcc version 4.6.3 (Ubuntu/Linaro 4.6.3-1ubuntu5) ) #46-Ubuntu SMP Fri Jul 27 17:25:43 UTC 2012 (Ubuntu 3.2.0-29.46-generic-pae 3.2.24)
[    0.000000] KERNEL supported cpus:
[    0.000000]   Intel GenuineIntel
[    0.000000]   AMD AuthenticAMD
[    0.000000]   NSC Geode by NSC
[    0.000000]   Cyrix CyrixInstead
[    0.000000]   Centaur CentaurHauls
[    0.000000]   Transmeta GenuineTMx86
[    0.000000]   Transmeta TransmetaCPU
[    0.000000]   UMC UMC UMC UMC
[    0.000000] Disabled fast string operations
[    0.000000] BIOS-provided physical RAM map:
[    0.000000]  BIOS-e820: 0000000000000000 - 000000000009f000 (usable)
[    0.000000]  BIOS-e820: 000000000009f000 - 00000000000a0000 (reserved)
[    0.000000]  BIOS-e820: 00000000000ca000 - 00000000000cc000 (reserved)
[    0.000000]  BIOS-e820: 00000000000dc000 - 0000000000100000 (reserved)
[    0.000000]  BIOS-e820: 0000000000100000 - 000000003fee0000 (usable)
[    0.000000]  BIOS-e820: 000000003fee0000 - 000000003feff000 (ACPI data)
[    0.000000]  BIOS-e820: 000000003feff000 - 000000003ff00000 (ACPI NVS)
[    0.000000]  BIOS-e820: 000000003ff00000 - 0000000040000000 (usable)
[    0.000000]  BIOS-e820: 00000000e0000000 - 00000000f0000000 (reserved)
[    0.000000]  BIOS-e820: 00000000fec00000 - 00000000fec10000 (reserved)
[    0.000000]  BIOS-e820: 00000000fee00000 - 00000000fee01000 (reserved)
[    0.000000]  BIOS-e820: 00000000fffe0000 - 0000000100000000 (reserved)
[    0.000000] NX (Execute Disable) protection: active
[    0.000000] DMI present.
[    0.000000] DMI: VMware, Inc. VMware Virtual Platform/440BX Desktop Reference Platform, BIOS 6.00 07/02/2012
[    0.000000] Hypervisor detected: VMware
[    0.000000] e820 update range: 0000000000000000 - 0000000000010000 (usable) ==> (reserved)
[    0.000000] e820 remove range: 00000000000a0000 - 0000000000100000 (usable)
[    0.000000] last_pfn = 0x40000 max_arch_pfn = 0x1000000
[    0.000000] MTRR default type: uncachable
[    0.000000] MTRR fixed ranges enabled:
[    0.000000]   00000-9FFFF write-back
[    0.000000]   A0000-BFFFF uncachable
[    0.000000]   C0000-CBFFF write-protect
[    0.000000]   CC000-EFFFF uncachable
[    0.000000]   F0000-FFFFF write-protect
[    0.000000] MTRR variable ranges enabled:
[    0.000000]   0 base 0000000000 mask FFC0000000 write-back
[    0.000000]   1 disabled
[    0.000000]   2 disabled
[    0.000000]   3 disabled
[    0.000000]   4 disabled
[    0.000000]   5 disabled
[    0.000000]   6 disabled
[    0.000000]   7 disabled
[    0.000000] x86 PAT enabled: cpu 0, old 0x0, new 0x7010600070106
[    0.000000] found SMP MP-table at [c00f6bf0] f6bf0
[    0.000000] initial memory mapped : 0 - 02000000
[    0.000000] Base memory trampoline at [c009b000] 9b000 size 16384
[    0.000000] init_memory_mapping: 0000000000000000-0000000037bfe000
[    0.000000]  0000000000 - 0000200000 page 4k
[    0.000000]  0000200000 - 0037a00000 page 2M
[    0.000000]  0037a00000 - 0037bfe000 page 4k
[    0.000000] kernel direct mapping tables up to 37bfe000 @ 1ffb000-2000000
[    0.000000] RAMDISK: 364ea000 - 3726d000
[    0.000000] ACPI: RSDP 000f6b80 00024 (v02 PTLTD )
[    0.000000] ACPI: XSDT 3feed636 0005C (v01 INTEL  440BX    06040000 VMW  01324272)
[    0.000000] ACPI: FACP 3fefee98 000F4 (v04 INTEL  440BX    06040000 PTL  000F4240)
[    0.000000] ACPI: DSDT 3feee366 10B32 (v01 PTLTD  Custom   06040000 MSFT 03000001)
[    0.000000] ACPI: FACS 3fefffc0 00040
[    0.000000] ACPI: BOOT 3feee33e 00028 (v01 PTLTD  $SBFTBL$ 06040000  LTP 00000001)
[    0.000000] ACPI: APIC 3feedc3e 003C2 (v01 PTLTD  ? APIC   06040000  LTP 00000000)
[    0.000000] ACPI: MCFG 3feedc02 0003C (v01 PTLTD  $PCITBL$ 06040000  LTP 00000001)
[    0.000000] ACPI: SRAT 3feed732 004D0 (v02 VMWARE MEMPLUG  06040000 VMW  00000001)
[    0.000000] ACPI: HPET 3feed6fa 00038 (v01 VMWARE VMW HPET 06040000 VMW  00000001)
[    0.000000] ACPI: WAET 3feed6d2 00028 (v01 VMWARE VMW WAET 06040000 VMW  00000001)
[    0.000000] ACPI: Local APIC address 0xfee00000
[    0.000000] 132MB HIGHMEM available.
[    0.000000] 891MB LOWMEM available.
[    0.000000]   mapped low ram: 0 - 37bfe000
[    0.000000]   low ram: 0 - 37bfe000
[    0.000000] Zone PFN ranges:
[    0.000000]   DMA      0x00000010 -> 0x00001000
[    0.000000]   Normal   0x00001000 -> 0x00037bfe
[    0.000000]   HighMem  0x00037bfe -> 0x00040000
[    0.000000] Movable zone start PFN for each node
[    0.000000] early_node_map[3] active PFN ranges
[    0.000000]     0: 0x00000010 -> 0x0000009f
[    0.000000]     0: 0x00000100 -> 0x0003fee0
[    0.000000]     0: 0x0003ff00 -> 0x00040000
[    0.000000] On node 0 totalpages: 261999
[    0.000000] free_area_init_node: node 0, pgdat c1866a40, node_mem_map f73fd200
[    0.000000]   DMA zone: 32 pages used for memmap
[    0.000000]   DMA zone: 0 pages reserved
[    0.000000]   DMA zone: 3951 pages, LIFO batch:0
[    0.000000]   Normal zone: 1752 pages used for memmap
[    0.000000]   Normal zone: 222502 pages, LIFO batch:31
[    0.000000]   HighMem zone: 265 pages used for memmap
[    0.000000]   HighMem zone: 33497 pages, LIFO batch:7
[    0.000000] Using APIC driver default
[    0.000000] ACPI: PM-Timer IO Port: 0x1008
[    0.000000] ACPI: Local APIC address 0xfee00000
[    0.000000] ACPI: LAPIC (acpi_id[0x00] lapic_id[0x00] enabled)
[    0.000000] ACPI: LAPIC (acpi_id[0x01] lapic_id[0x02] disabled)
[    0.000000] ACPI: LAPIC (acpi_id[0x02] lapic_id[0x04] disabled)
[    0.000000] ACPI: LAPIC (acpi_id[0x03] lapic_id[0x06] disabled)
[    0.000000] ACPI: LAPIC (acpi_id[0x04] lapic_id[0x08] disabled)
[    0.000000] ACPI: LAPIC (acpi_id[0x05] lapic_id[0x0a] disabled)
[    0.000000] ACPI: LAPIC (acpi_id[0x06] lapic_id[0x0c] disabled)
[    0.000000] ACPI: LAPIC (acpi_id[0x07] lapic_id[0x0e] disabled)
[    0.000000] ACPI: LAPIC (acpi_id[0x08] lapic_id[0x10] disabled)
[    0.000000] ACPI: LAPIC (acpi_id[0x09] lapic_id[0x12] disabled)
[    0.000000] ACPI: LAPIC (acpi_id[0x0a] lapic_id[0x14] disabled)
[    0.000000] ACPI: LAPIC (acpi_id[0x0b] lapic_id[0x16] disabled)
[    0.000000] ACPI: LAPIC (acpi_id[0x0c] lapic_id[0x18] disabled)
[    0.000000] ACPI: LAPIC (acpi_id[0x0d] lapic_id[0x1a] disabled)
[    0.000000] ACPI: LAPIC (acpi_id[0x0e] lapic_id[0x1c] disabled)
[    0.000000] ACPI: LAPIC (acpi_id[0x0f] lapic_id[0x1e] disabled)
[    0.000000] ACPI: LAPIC (acpi_id[0x10] lapic_id[0x20] disabled)
[    0.000000] ACPI: LAPIC (acpi_id[0x11] lapic_id[0x22] disabled)
[    0.000000] ACPI: LAPIC (acpi_id[0x12] lapic_id[0x24] disabled)
[    0.000000] ACPI: LAPIC (acpi_id[0x13] lapic_id[0x26] disabled)
[    0.000000] ACPI: LAPIC (acpi_id[0x14] lapic_id[0x28] disabled)
[    0.000000] ACPI: LAPIC (acpi_id[0x15] lapic_id[0x2a] disabled)
[    0.000000] ACPI: LAPIC (acpi_id[0x16] lapic_id[0x2c] disabled)
[    0.000000] ACPI: LAPIC (acpi_id[0x17] lapic_id[0x2e] disabled)
[    0.000000] ACPI: LAPIC (acpi_id[0x18] lapic_id[0x30] disabled)
[    0.000000] ACPI: LAPIC (acpi_id[0x19] lapic_id[0x32] disabled)
[    0.000000] ACPI: LAPIC (acpi_id[0x1a] lapic_id[0x34] disabled)
[    0.000000] ACPI: LAPIC (acpi_id[0x1b] lapic_id[0x36] disabled)
[    0.000000] ACPI: LAPIC (acpi_id[0x1c] lapic_id[0x38] disabled)
[    0.000000] ACPI: LAPIC (acpi_id[0x1d] lapic_id[0x3a] disabled)
[    0.000000] ACPI: LAPIC (acpi_id[0x1e] lapic_id[0x3c] disabled)
[    0.000000] ACPI: LAPIC (acpi_id[0x1f] lapic_id[0x3e] disabled)
[    0.000000] ACPI: LAPIC (acpi_id[0x20] lapic_id[0x40] disabled)
[    0.000000] ACPI: LAPIC (acpi_id[0x21] lapic_id[0x42] disabled)
[    0.000000] ACPI: LAPIC (acpi_id[0x22] lapic_id[0x44] disabled)
[    0.000000] ACPI: LAPIC (acpi_id[0x23] lapic_id[0x46] disabled)
[    0.000000] ACPI: LAPIC (acpi_id[0x24] lapic_id[0x48] disabled)
[    0.000000] ACPI: LAPIC (acpi_id[0x25] lapic_id[0x4a] disabled)
[    0.000000] ACPI: LAPIC (acpi_id[0x26] lapic_id[0x4c] disabled)
[    0.000000] ACPI: LAPIC (acpi_id[0x27] lapic_id[0x4e] disabled)
[    0.000000] ACPI: LAPIC (acpi_id[0x28] lapic_id[0x50] disabled)
[    0.000000] ACPI: LAPIC (acpi_id[0x29] lapic_id[0x52] disabled)
[    0.000000] ACPI: LAPIC (acpi_id[0x2a] lapic_id[0x54] disabled)
[    0.000000] ACPI: LAPIC (acpi_id[0x2b] lapic_id[0x56] disabled)
[    0.000000] ACPI: LAPIC (acpi_id[0x2c] lapic_id[0x58] disabled)
[    0.000000] ACPI: LAPIC (acpi_id[0x2d] lapic_id[0x5a] disabled)
[    0.000000] ACPI: LAPIC (acpi_id[0x2e] lapic_id[0x5c] disabled)
[    0.000000] ACPI: LAPIC (acpi_id[0x2f] lapic_id[0x5e] disabled)
[    0.000000] ACPI: LAPIC (acpi_id[0x30] lapic_id[0x60] disabled)
[    0.000000] ACPI: LAPIC (acpi_id[0x31] lapic_id[0x62] disabled)
[    0.000000] ACPI: LAPIC (acpi_id[0x32] lapic_id[0x64] disabled)
[    0.000000] ACPI: LAPIC (acpi_id[0x33] lapic_id[0x66] disabled)
[    0.000000] ACPI: LAPIC (acpi_id[0x34] lapic_id[0x68] disabled)
[    0.000000] ACPI: LAPIC (acpi_id[0x35] lapic_id[0x6a] disabled)
[    0.000000] ACPI: LAPIC (acpi_id[0x36] lapic_id[0x6c] disabled)
[    0.000000] ACPI: LAPIC (acpi_id[0x37] lapic_id[0x6e] disabled)
[    0.000000] ACPI: LAPIC (acpi_id[0x38] lapic_id[0x70] disabled)
[    0.000000] ACPI: LAPIC (acpi_id[0x39] lapic_id[0x72] disabled)
[    0.000000] ACPI: LAPIC (acpi_id[0x3a] lapic_id[0x74] disabled)
[    0.000000] ACPI: LAPIC (acpi_id[0x3b] lapic_id[0x76] disabled)
[    0.000000] ACPI: LAPIC (acpi_id[0x3c] lapic_id[0x78] disabled)
[    0.000000] ACPI: LAPIC (acpi_id[0x3d] lapic_id[0x7a] disabled)
[    0.000000] ACPI: LAPIC (acpi_id[0x3e] lapic_id[0x7c] disabled)
[    0.000000] ACPI: LAPIC (acpi_id[0x3f] lapic_id[0x7e] disabled)
[    0.000000] ACPI: LAPIC_NMI (acpi_id[0x00] high edge lint[0x1])
[    0.000000] ACPI: LAPIC_NMI (acpi_id[0x01] high edge lint[0x1])
[    0.000000] ACPI: LAPIC_NMI (acpi_id[0x02] high edge lint[0x1])
[    0.000000] ACPI: LAPIC_NMI (acpi_id[0x03] high edge lint[0x1])
[    0.000000] ACPI: LAPIC_NMI (acpi_id[0x04] high edge lint[0x1])
[    0.000000] ACPI: LAPIC_NMI (acpi_id[0x05] high edge lint[0x1])
[    0.000000] ACPI: LAPIC_NMI (acpi_id[0x06] high edge lint[0x1])
[    0.000000] ACPI: LAPIC_NMI (acpi_id[0x07] high edge lint[0x1])
[    0.000000] ACPI: LAPIC_NMI (acpi_id[0x08] high edge lint[0x1])
[    0.000000] ACPI: LAPIC_NMI (acpi_id[0x09] high edge lint[0x1])
[    0.000000] ACPI: LAPIC_NMI (acpi_id[0x0a] high edge lint[0x1])
[    0.000000] ACPI: LAPIC_NMI (acpi_id[0x0b] high edge lint[0x1])
[    0.000000] ACPI: LAPIC_NMI (acpi_id[0x0c] high edge lint[0x1])
[    0.000000] ACPI: LAPIC_NMI (acpi_id[0x0d] high edge lint[0x1])
[    0.000000] ACPI: LAPIC_NMI (acpi_id[0x0e] high edge lint[0x1])
[    0.000000] ACPI: LAPIC_NMI (acpi_id[0x0f] high edge lint[0x1])
[    0.000000] ACPI: LAPIC_NMI (acpi_id[0x10] high edge lint[0x1])
[    0.000000] ACPI: LAPIC_NMI (acpi_id[0x11] high edge lint[0x1])
[    0.000000] ACPI: LAPIC_NMI (acpi_id[0x12] high edge lint[0x1])
[    0.000000] ACPI: LAPIC_NMI (acpi_id[0x13] high edge lint[0x1])
[    0.000000] ACPI: LAPIC_NMI (acpi_id[0x14] high edge lint[0x1])
[    0.000000] ACPI: LAPIC_NMI (acpi_id[0x15] high edge lint[0x1])
[    0.000000] ACPI: LAPIC_NMI (acpi_id[0x16] high edge lint[0x1])
[    0.000000] ACPI: LAPIC_NMI (acpi_id[0x17] high edge lint[0x1])
[    0.000000] ACPI: LAPIC_NMI (acpi_id[0x18] high edge lint[0x1])
[    0.000000] ACPI: LAPIC_NMI (acpi_id[0x19] high edge lint[0x1])
[    0.000000] ACPI: LAPIC_NMI (acpi_id[0x1a] high edge lint[0x1])
[    0.000000] ACPI: LAPIC_NMI (acpi_id[0x1b] high edge lint[0x1])
[    0.000000] ACPI: LAPIC_NMI (acpi_id[0x1c] high edge lint[0x1])
[    0.000000] ACPI: LAPIC_NMI (acpi_id[0x1d] high edge lint[0x1])
[    0.000000] ACPI: LAPIC_NMI (acpi_id[0x1e] high edge lint[0x1])
[    0.000000] ACPI: LAPIC_NMI (acpi_id[0x1f] high edge lint[0x1])
[    0.000000] ACPI: LAPIC_NMI (acpi_id[0x20] high edge lint[0x1])
[    0.000000] ACPI: LAPIC_NMI (acpi_id[0x21] high edge lint[0x1])
[    0.000000] ACPI: LAPIC_NMI (acpi_id[0x22] high edge lint[0x1])
[    0.000000] ACPI: LAPIC_NMI (acpi_id[0x23] high edge lint[0x1])
[    0.000000] ACPI: LAPIC_NMI (acpi_id[0x24] high edge lint[0x1])
[    0.000000] ACPI: LAPIC_NMI (acpi_id[0x25] high edge lint[0x1])
[    0.000000] ACPI: LAPIC_NMI (acpi_id[0x26] high edge lint[0x1])
[    0.000000] ACPI: LAPIC_NMI (acpi_id[0x27] high edge lint[0x1])
[    0.000000] ACPI: LAPIC_NMI (acpi_id[0x28] high edge lint[0x1])
[    0.000000] ACPI: LAPIC_NMI (acpi_id[0x29] high edge lint[0x1])
[    0.000000] ACPI: LAPIC_NMI (acpi_id[0x2a] high edge lint[0x1])
[    0.000000] ACPI: LAPIC_NMI (acpi_id[0x2b] high edge lint[0x1])
[    0.000000] ACPI: LAPIC_NMI (acpi_id[0x2c] high edge lint[0x1])
[    0.000000] ACPI: LAPIC_NMI (acpi_id[0x2d] high edge lint[0x1])
[    0.000000] ACPI: LAPIC_NMI (acpi_id[0x2e] high edge lint[0x1])
[    0.000000] ACPI: LAPIC_NMI (acpi_id[0x2f] high edge lint[0x1])
[    0.000000] ACPI: LAPIC_NMI (acpi_id[0x30] high edge lint[0x1])
[    0.000000] ACPI: LAPIC_NMI (acpi_id[0x31] high edge lint[0x1])
[    0.000000] ACPI: LAPIC_NMI (acpi_id[0x32] high edge lint[0x1])
[    0.000000] ACPI: LAPIC_NMI (acpi_id[0x33] high edge lint[0x1])
[    0.000000] ACPI: LAPIC_NMI (acpi_id[0x34] high edge lint[0x1])
[    0.000000] ACPI: LAPIC_NMI (acpi_id[0x35] high edge lint[0x1])
[    0.000000] ACPI: LAPIC_NMI (acpi_id[0x36] high edge lint[0x1])
[    0.000000] ACPI: LAPIC_NMI (acpi_id[0x37] high edge lint[0x1])
[    0.000000] ACPI: LAPIC_NMI (acpi_id[0x38] high edge lint[0x1])
[    0.000000] ACPI: LAPIC_NMI (acpi_id[0x39] high edge lint[0x1])
[    0.000000] ACPI: LAPIC_NMI (acpi_id[0x3a] high edge lint[0x1])
[    0.000000] ACPI: LAPIC_NMI (acpi_id[0x3b] high edge lint[0x1])
[    0.000000] ACPI: LAPIC_NMI (acpi_id[0x3c] high edge lint[0x1])
[    0.000000] ACPI: LAPIC_NMI (acpi_id[0x3d] high edge lint[0x1])
[    0.000000] ACPI: LAPIC_NMI (acpi_id[0x3e] high edge lint[0x1])
[    0.000000] ACPI: LAPIC_NMI (acpi_id[0x3f] high edge lint[0x1])
[    0.000000] ACPI: Skipping IOAPIC probe due to 'noapic' option.
[    0.000000] Using ACPI for processor (LAPIC) configuration information
[    0.000000] ACPI: HPET id: 0x8086af01 base: 0xfed00000
[    0.000000] Intel MultiProcessor Specification v1.4
[    0.000000]     Virtual Wire compatibility mode.
[    0.000000] MPTABLE: OEM ID: INTEL   
[    0.000000] MPTABLE: Product ID: 440BX       
[    0.000000] MPTABLE: APIC at: 0xFEE00000
[    0.000000] IOAPIC[0]: apic_id 1, version 17, address 0xfec00000, GSI 0-23
[    0.000000] Processors: 1
[    0.000000] SMP: Allowing 1 CPUs, 0 hotplug CPUs
[    0.000000] nr_irqs_gsi: 40
[    0.000000] PM: Registered nosave memory: 000000000009f000 - 00000000000a0000
[    0.000000] PM: Registered nosave memory: 00000000000a0000 - 00000000000ca000
[    0.000000] PM: Registered nosave memory: 00000000000ca000 - 00000000000cc000
[    0.000000] PM: Registered nosave memory: 00000000000cc000 - 00000000000dc000
[    0.000000] PM: Registered nosave memory: 00000000000dc000 - 0000000000100000
[    0.000000] Allocating PCI resources starting at 40000000 (gap: 40000000:a0000000)
[    0.000000] Booting paravirtualized kernel on bare hardware
[    0.000000] setup_percpu: NR_CPUS:8 nr_cpumask_bits:8 nr_cpu_ids:1 nr_node_ids:1
[    0.000000] PERCPU: Embedded 14 pages/cpu @f73e8000 s34240 r0 d23104 u57344
[    0.000000] pcpu-alloc: s34240 r0 d23104 u57344 alloc=14*4096
[    0.000000] pcpu-alloc: [0] 0 
[    0.000000] Built 1 zonelists in Zone order, mobility grouping on.  Total pages: 259950
[    0.000000] Kernel command line: BOOT_IMAGE=/boot/vmlinuz-3.2.0-29-generic-pae root=UUID=007b598c-390d-4c65-84a1-4ff752d48633 ro quiet splash maxcpus=0
[    0.000000] PID hash table entries: 4096 (order: 2, 16384 bytes)
[    0.000000] Dentry cache hash table entries: 131072 (order: 7, 524288 bytes)
[    0.000000] Inode-cache hash table entries: 65536 (order: 6, 262144 bytes)
[    0.000000] Initializing CPU#0
[    0.000000] xsave/xrstor: enabled xstate_bv 0x7, cntxt size 0x340
[    0.000000] allocated 4194048 bytes of page_cgroup
[    0.000000] please try 'cgroup_disable=memory' option if you don't want memory cgroups
[    0.000000] Initializing HighMem for node 0 (00037bfe:00040000)
[    0.000000] Memory: 1010624k/1048576k available (5814k kernel code, 37372k reserved, 2841k data, 740k init, 135048k highmem)
[    0.000000] virtual kernel memory layout:
[    0.000000]     fixmap  : 0xfff16000 - 0xfffff000   ( 932 kB)
[    0.000000]     pkmap   : 0xffc00000 - 0xffe00000   (2048 kB)
[    0.000000]     vmalloc : 0xf83fe000 - 0xffbfe000   ( 120 MB)
[    0.000000]     lowmem  : 0xc0000000 - 0xf7bfe000   ( 891 MB)
[    0.000000]       .init : 0xc1875000 - 0xc192e000   ( 740 kB)
[    0.000000]       .data : 0xc15adb64 - 0xc1874240   (2841 kB)
[    0.000000]       .text : 0xc1000000 - 0xc15adb64   (5814 kB)
[    0.000000] Checking if this processor honours the WP bit even in supervisor mode...Ok.
[    0.000000] SLUB: Genslabs=15, HWalign=64, Order=0-3, MinObjects=0, CPUs=1, Nodes=1
[    0.000000] Hierarchical RCU implementation.
[    0.000000] 	RCU dyntick-idle grace-period acceleration is enabled.
[    0.000000] NR_IRQS:2304 nr_irqs:256 16
[    0.000000] CPU 0 irqstacks, hard=f5c08000 soft=f5c0a000
[    0.000000] Extended CMOS year: 2000
[    0.000000] Console: colour VGA+ 80x25
[    0.000000] console [tty0] enabled
[    0.000000] hpet clockevent registered
[    0.000000] TSC freq read from hypervisor : 2394.620 MHz
[    0.000000] Detected 2394.620 MHz processor.
[    0.000001] Calibrating delay loop (skipped) preset value.. 4789.24 BogoMIPS (lpj=9578480)
[    0.000005] pid_max: default: 32768 minimum: 301
[    0.000024] Security Framework initialized
[    0.000044] AppArmor: AppArmor initialized
[    0.000046] Yama: becoming mindful.
[    0.000102] Mount-cache hash table entries: 512
[    0.000219] Initializing cgroup subsys cpuacct
[    0.000224] Initializing cgroup subsys memory
[    0.000231] Initializing cgroup subsys devices
[    0.000233] Initializing cgroup subsys freezer
[    0.000235] Initializing cgroup subsys blkio
[    0.000242] Initializing cgroup subsys perf_event
[    0.000300] Disabled fast string operations
[    0.000304] CPU: Physical Processor ID: 0
[    0.000316] ENERGY_PERF_BIAS: Set to 'normal', was 'performance'
[    0.000318] ENERGY_PERF_BIAS: View and update with x86_energy_perf_policy(8)
[    0.000999] mce: CPU supports 0 MCE banks
[    0.001953] SMP alternatives: switching to UP code
[    0.025218] Freeing SMP alternatives: 24k freed
[    0.025226] ACPI: Core revision 20110623
[    0.034312] ACPI: setting ELCR to 0200 (from 0e20)
[    0.035840] ftrace: allocating 26545 entries in 52 pages
[    0.065419] SMP mode deactivated.
[    0.065458] SMP disabled
[    0.065460] Performance Events: generic architected perfmon v1, core PMU driver.
[    0.065475] ... version:                1
[    0.065477] ... bit width:              48
[    0.065478] ... generic registers:      4
[    0.065479] ... value mask:             0000ffffffffffff
[    0.065481] ... max period:             000000007fffffff
[    0.065482] ... fixed-purpose events:   0
[    0.065484] ... event mask:             000000000000000f
[    0.065611] NMI watchdog enabled, takes one hw-pmu counter.
[    0.065637] Brought up 1 CPUs
[    0.065639] Total of 1 processors activated (4789.24 BogoMIPS).
[    0.065810] devtmpfs: initialized
[    0.065908] EVM: security.selinux
[    0.065910] EVM: security.SMACK64
[    0.065911] EVM: security.capability
[    0.065946] PM: Registering ACPI NVS region at 3feff000 (4096 bytes)
[    0.066978] print_constraints: dummy: 
[    0.067070] RTC time:  6:57:02, date: 05/27/13
[    0.067107] NET: Registered protocol family 16
[    0.067210] EISA bus registered
[    0.067225] ACPI: bus type pci registered
[    0.067366] PCI: MMCONFIG for domain 0000 [bus 00-ff] at [mem 0xe0000000-0xefffffff] (base 0xe0000000)
[    0.067369] PCI: MMCONFIG at [mem 0xe0000000-0xefffffff] reserved in E820
[    0.067370] PCI: Using MMCONFIG for extended config space
[    0.067372] PCI: Using configuration type 1 for base access
[    0.068423] bio: create slab <bio-0> at 0
[    0.068515] ACPI: Added _OSI(Module Device)
[    0.068517] ACPI: Added _OSI(Processor Device)
[    0.068519] ACPI: Added _OSI(3.0 _SCP Extensions)
[    0.068521] ACPI: Added _OSI(Processor Aggregator Device)
[    0.072150] ACPI: EC: Look up EC in DSDT
[    0.078774] [Firmware Bug]: ACPI: BIOS _OSI(Linux) query ignored
[    0.090417] ACPI: Interpreter enabled
[    0.090431] ACPI: (supports S0 S1 S4 S5)
[    0.090449] ACPI: Using PIC for interrupt routing
[    0.147289] ACPI: No dock devices found.
[    0.147295] HEST: Table not found.
[    0.147301] PCI: Using host bridge windows from ACPI; if necessary, use "pci=nocrs" and report a bug
[    0.148282] ACPI: PCI Root Bridge [PCI0] (domain 0000 [bus 00-ff])
[    0.149951] pci_root PNP0A03:00: host bridge window [mem 0x000a0000-0x000bffff]
[    0.149955] pci_root PNP0A03:00: host bridge window [mem 0x000cc000-0x000cffff]
[    0.149959] pci_root PNP0A03:00: host bridge window [mem 0x000d0000-0x000d3fff]
[    0.149961] pci_root PNP0A03:00: host bridge window [mem 0x000d4000-0x000d7fff]
[    0.149963] pci_root PNP0A03:00: host bridge window [mem 0x000d8000-0x000dbfff]
[    0.149966] pci_root PNP0A03:00: host bridge window [mem 0xc0000000-0xfebfffff]
[    0.149968] pci_root PNP0A03:00: host bridge window [io  0x0000-0x0cf7]
[    0.149970] pci_root PNP0A03:00: host bridge window [io  0x0d00-0xfeff]
[    0.150037] pci 0000:00:00.0: [8086:7190] type 0 class 0x000600
[    0.150610] pci 0000:00:01.0: [8086:7191] type 1 class 0x000604
[    0.151121] pci 0000:00:07.0: [8086:7110] type 0 class 0x000601
[    0.152002] pci 0000:00:07.1: [8086:7111] type 0 class 0x000101
[    0.154179] pci 0000:00:07.1: reg 20: [io  0x10c0-0x10cf]
[    0.155006] pci 0000:00:07.3: [8086:7113] type 0 class 0x000680
[    0.156949] pci 0000:00:07.3: quirk: [io  0x1000-0x103f] claimed by PIIX4 ACPI
[    0.156964] pci 0000:00:07.3: quirk: [io  0x1040-0x104f] claimed by PIIX4 SMB
[    0.157270] pci 0000:00:07.7: [15ad:0740] type 0 class 0x000880
[    0.157837] pci 0000:00:07.7: reg 10: [io  0x1080-0x10bf]
[    0.158447] pci 0000:00:07.7: reg 14: [mem 0xc8000000-0xc8001fff 64bit]
[    0.160661] pci 0000:00:0f.0: [15ad:0405] type 0 class 0x000300
[    0.162843] pci 0000:00:0f.0: reg 10: [io  0x10d0-0x10df]
[    0.164895] pci 0000:00:0f.0: reg 14: [mem 0xd0000000-0xd7ffffff pref]
[    0.166939] pci 0000:00:0f.0: reg 18: [mem 0xc8800000-0xc8ffffff]
[    0.175926] pci 0000:00:0f.0: reg 30: [mem 0x00000000-0x00007fff pref]
[    0.176260] pci 0000:00:10.0: [1000:0030] type 0 class 0x000100
[    0.176853] pci 0000:00:10.0: reg 10: [io  0x1400-0x14ff]
[    0.177625] pci 0000:00:10.0: reg 14: [mem 0xc8040000-0xc805ffff 64bit]
[    0.178372] pci 0000:00:10.0: reg 1c: [mem 0xc8020000-0xc803ffff 64bit]
[    0.179471] pci 0000:00:10.0: reg 30: [mem 0x00000000-0x00003fff pref]
[    0.179651] pci 0000:00:11.0: [15ad:0790] type 1 class 0x000604
[    0.180428] pci 0000:00:15.0: [15ad:07a0] type 1 class 0x000604
[    0.181239] pci 0000:00:15.0: PME# supported from D0 D3hot D3cold
[    0.181266] pci 0000:00:15.0: PME# disabled
[    0.181544] pci 0000:00:15.1: [15ad:07a0] type 1 class 0x000604
[    0.182524] pci 0000:00:15.1: PME# supported from D0 D3hot D3cold
[    0.182563] pci 0000:00:15.1: PME# disabled
[    0.182855] pci 0000:00:15.2: [15ad:07a0] type 1 class 0x000604
[    0.183823] pci 0000:00:15.2: PME# supported from D0 D3hot D3cold
[    0.183853] pci 0000:00:15.2: PME# disabled
[    0.184148] pci 0000:00:15.3: [15ad:07a0] type 1 class 0x000604
[    0.185095] pci 0000:00:15.3: PME# supported from D0 D3hot D3cold
[    0.185125] pci 0000:00:15.3: PME# disabled
[    0.185416] pci 0000:00:15.4: [15ad:07a0] type 1 class 0x000604
[    0.186362] pci 0000:00:15.4: PME# supported from D0 D3hot D3cold
[    0.186392] pci 0000:00:15.4: PME# disabled
[    0.186710] pci 0000:00:15.5: [15ad:07a0] type 1 class 0x000604
[    0.187726] pci 0000:00:15.5: PME# supported from D0 D3hot D3cold
[    0.187759] pci 0000:00:15.5: PME# disabled
[    0.188065] pci 0000:00:15.6: [15ad:07a0] type 1 class 0x000604
[    0.188966] pci 0000:00:15.6: PME# supported from D0 D3hot D3cold
[    0.188992] pci 0000:00:15.6: PME# disabled
[    0.189235] pci 0000:00:15.7: [15ad:07a0] type 1 class 0x000604
[    0.190129] pci 0000:00:15.7: PME# supported from D0 D3hot D3cold
[    0.190155] pci 0000:00:15.7: PME# disabled
[    0.190406] pci 0000:00:16.0: [15ad:07a0] type 1 class 0x000604
[    0.191393] pci 0000:00:16.0: PME# supported from D0 D3hot D3cold
[    0.191418] pci 0000:00:16.0: PME# disabled
[    0.191683] pci 0000:00:16.1: [15ad:07a0] type 1 class 0x000604
[    0.192517] pci 0000:00:16.1: PME# supported from D0 D3hot D3cold
[    0.192542] pci 0000:00:16.1: PME# disabled
[    0.192790] pci 0000:00:16.2: [15ad:07a0] type 1 class 0x000604
[    0.193594] pci 0000:00:16.2: PME# supported from D0 D3hot D3cold
[    0.193618] pci 0000:00:16.2: PME# disabled
[    0.193866] pci 0000:00:16.3: [15ad:07a0] type 1 class 0x000604
[    0.194666] pci 0000:00:16.3: PME# supported from D0 D3hot D3cold
[    0.194691] pci 0000:00:16.3: PME# disabled
[    0.194937] pci 0000:00:16.4: [15ad:07a0] type 1 class 0x000604
[    0.195766] pci 0000:00:16.4: PME# supported from D0 D3hot D3cold
[    0.195791] pci 0000:00:16.4: PME# disabled
[    0.196049] pci 0000:00:16.5: [15ad:07a0] type 1 class 0x000604
[    0.196850] pci 0000:00:16.5: PME# supported from D0 D3hot D3cold
[    0.196874] pci 0000:00:16.5: PME# disabled
[    0.197121] pci 0000:00:16.6: [15ad:07a0] type 1 class 0x000604
[    0.197930] pci 0000:00:16.6: PME# supported from D0 D3hot D3cold
[    0.197955] pci 0000:00:16.6: PME# disabled
[    0.198203] pci 0000:00:16.7: [15ad:07a0] type 1 class 0x000604
[    0.198994] pci 0000:00:16.7: PME# supported from D0 D3hot D3cold
[    0.199019] pci 0000:00:16.7: PME# disabled
[    0.199266] pci 0000:00:17.0: [15ad:07a0] type 1 class 0x000604
[    0.200077] pci 0000:00:17.0: PME# supported from D0 D3hot D3cold
[    0.200101] pci 0000:00:17.0: PME# disabled
[    0.200349] pci 0000:00:17.1: [15ad:07a0] type 1 class 0x000604
[    0.201227] pci 0000:00:17.1: PME# supported from D0 D3hot D3cold
[    0.201257] pci 0000:00:17.1: PME# disabled
[    0.201535] pci 0000:00:17.2: [15ad:07a0] type 1 class 0x000604
[    0.202378] pci 0000:00:17.2: PME# supported from D0 D3hot D3cold
[    0.202404] pci 0000:00:17.2: PME# disabled
[    0.202705] pci 0000:00:17.3: [15ad:07a0] type 1 class 0x000604
[    0.203515] pci 0000:00:17.3: PME# supported from D0 D3hot D3cold
[    0.203568] pci 0000:00:17.3: PME# disabled
[    0.203886] pci 0000:00:17.4: [15ad:07a0] type 1 class 0x000604
[    0.204718] pci 0000:00:17.4: PME# supported from D0 D3hot D3cold
[    0.204743] pci 0000:00:17.4: PME# disabled
[    0.204997] pci 0000:00:17.5: [15ad:07a0] type 1 class 0x000604
[    0.205802] pci 0000:00:17.5: PME# supported from D0 D3hot D3cold
[    0.205827] pci 0000:00:17.5: PME# disabled
[    0.206107] pci 0000:00:17.6: [15ad:07a0] type 1 class 0x000604
[    0.207017] pci 0000:00:17.6: PME# supported from D0 D3hot D3cold
[    0.207049] pci 0000:00:17.6: PME# disabled
[    0.207301] pci 0000:00:17.7: [15ad:07a0] type 1 class 0x000604
[    0.208111] pci 0000:00:17.7: PME# supported from D0 D3hot D3cold
[    0.208136] pci 0000:00:17.7: PME# disabled
[    0.208375] pci 0000:00:18.0: [15ad:07a0] type 1 class 0x000604
[    0.209145] pci 0000:00:18.0: PME# supported from D0 D3hot D3cold
[    0.209170] pci 0000:00:18.0: PME# disabled
[    0.209409] pci 0000:00:18.1: [15ad:07a0] type 1 class 0x000604
[    0.210187] pci 0000:00:18.1: PME# supported from D0 D3hot D3cold
[    0.210211] pci 0000:00:18.1: PME# disabled
[    0.210474] pci 0000:00:18.2: [15ad:07a0] type 1 class 0x000604
[    0.211336] pci 0000:00:18.2: PME# supported from D0 D3hot D3cold
[    0.211363] pci 0000:00:18.2: PME# disabled
[    0.211637] pci 0000:00:18.3: [15ad:07a0] type 1 class 0x000604
[    0.212511] pci 0000:00:18.3: PME# supported from D0 D3hot D3cold
[    0.212538] pci 0000:00:18.3: PME# disabled
[    0.212805] pci 0000:00:18.4: [15ad:07a0] type 1 class 0x000604
[    0.213673] pci 0000:00:18.4: PME# supported from D0 D3hot D3cold
[    0.213697] pci 0000:00:18.4: PME# disabled
[    0.213971] pci 0000:00:18.5: [15ad:07a0] type 1 class 0x000604
[    0.214831] pci 0000:00:18.5: PME# supported from D0 D3hot D3cold
[    0.214860] pci 0000:00:18.5: PME# disabled
[    0.215130] pci 0000:00:18.6: [15ad:07a0] type 1 class 0x000604
[    0.215996] pci 0000:00:18.6: PME# supported from D0 D3hot D3cold
[    0.216026] pci 0000:00:18.6: PME# disabled
[    0.216288] pci 0000:00:18.7: [15ad:07a0] type 1 class 0x000604
[    0.217185] pci 0000:00:18.7: PME# supported from D0 D3hot D3cold
[    0.217213] pci 0000:00:18.7: PME# disabled
[    0.217914] pci 0000:00:01.0: PCI bridge to [bus 01-01]
[    0.218321] pci 0000:02:00.0: [15ad:0774] type 0 class 0x000c03
[    0.219918] pci 0000:02:00.0: reg 20: [io  0x20c0-0x20df]
[    0.221010] pci 0000:02:01.0: [1022:2000] type 0 class 0x000200
[    0.221563] pci 0000:02:01.0: reg 10: [io  0x2000-0x207f]
[    0.224122] pci 0000:02:01.0: reg 30: [mem 0x00000000-0x0000ffff pref]
[    0.224283] pci 0000:02:02.0: [1274:1371] type 0 class 0x000401
[    0.224667] pci 0000:02:02.0: reg 10: [io  0x2080-0x20bf]
[    0.226995] pci 0000:02:03.0: [15ad:0770] type 0 class 0x000c03
[    0.227309] pci 0000:02:03.0: reg 10: [mem 0xc9000000-0xc9000fff]
[    0.229376] pci 0000:00:11.0: PCI bridge to [bus 02-02] (subtractive decode)
[    0.229407] pci 0000:00:11.0:   bridge window [io  0x2000-0x3fff]
[    0.229463] pci 0000:00:11.0:   bridge window [mem 0xc9000000-0xca3fffff]
[    0.229520] pci 0000:00:11.0:   bridge window [mem 0xd8400000-0xd89fffff 64bit pref]
[    0.229524] pci 0000:00:11.0:   bridge window [mem 0x000a0000-0x000bffff] (subtractive decode)
[    0.229527] pci 0000:00:11.0:   bridge window [mem 0x000cc000-0x000cffff] (subtractive decode)
[    0.229529] pci 0000:00:11.0:   bridge window [mem 0x000d0000-0x000d3fff] (subtractive decode)
[    0.229532] pci 0000:00:11.0:   bridge window [mem 0x000d4000-0x000d7fff] (subtractive decode)
[    0.229535] pci 0000:00:11.0:   bridge window [mem 0x000d8000-0x000dbfff] (subtractive decode)
[    0.229537] pci 0000:00:11.0:   bridge window [mem 0xc0000000-0xfebfffff] (subtractive decode)
[    0.229540] pci 0000:00:11.0:   bridge window [io  0x0000-0x0cf7] (subtractive decode)
[    0.229543] pci 0000:00:11.0:   bridge window [io  0x0d00-0xfeff] (subtractive decode)
[    0.230140] pci 0000:00:15.0: PCI bridge to [bus 03-03]
[    0.230169] pci 0000:00:15.0:   bridge window [io  0x4000-0x4fff]
[    0.230199] pci 0000:00:15.0:   bridge window [mem 0xca400000-0xca4fffff]
[    0.230254] pci 0000:00:15.0:   bridge window [mem 0xd8a00000-0xd8afffff 64bit pref]
[    0.230851] pci 0000:00:15.1: PCI bridge to [bus 04-04]
[    0.230880] pci 0000:00:15.1:   bridge window [io  0x8000-0x8fff]
[    0.230909] pci 0000:00:15.1:   bridge window [mem 0xca800000-0xca8fffff]
[    0.230965] pci 0000:00:15.1:   bridge window [mem 0xd8e00000-0xd8efffff 64bit pref]
[    0.231579] pci 0000:00:15.2: PCI bridge to [bus 05-05]
[    0.231612] pci 0000:00:15.2:   bridge window [io  0xc000-0xcfff]
[    0.231662] pci 0000:00:15.2:   bridge window [mem 0xcac00000-0xcacfffff]
[    0.231723] pci 0000:00:15.2:   bridge window [mem 0xd9200000-0xd92fffff 64bit pref]
[    0.232351] pci 0000:00:15.3: PCI bridge to [bus 06-06]
[    0.232410] pci 0000:00:15.3:   bridge window [mem 0xcb000000-0xcb0fffff]
[    0.232481] pci 0000:00:15.3:   bridge window [mem 0xd9600000-0xd96fffff 64bit pref]
[    0.233090] pci 0000:00:15.4: PCI bridge to [bus 07-07]
[    0.233145] pci 0000:00:15.4:   bridge window [mem 0xcb400000-0xcb4fffff]
[    0.233202] pci 0000:00:15.4:   bridge window [mem 0xd9a00000-0xd9afffff 64bit pref]
[    0.233819] pci 0000:00:15.5: PCI bridge to [bus 08-08]
[    0.233873] pci 0000:00:15.5:   bridge window [mem 0xcb800000-0xcb8fffff]
[    0.233926] pci 0000:00:15.5:   bridge window [mem 0xd9e00000-0xd9efffff 64bit pref]
[    0.234495] pci 0000:00:15.6: PCI bridge to [bus 09-09]
[    0.234548] pci 0000:00:15.6:   bridge window [mem 0xcbc00000-0xcbcfffff]
[    0.234602] pci 0000:00:15.6:   bridge window [mem 0xda200000-0xda2fffff 64bit pref]
[    0.235171] pci 0000:00:15.7: PCI bridge to [bus 0a-0a]
[    0.235225] pci 0000:00:15.7:   bridge window [mem 0xcc000000-0xcc0fffff]
[    0.235279] pci 0000:00:15.7:   bridge window [mem 0xda600000-0xda6fffff 64bit pref]
[    0.235880] pci 0000:00:16.0: PCI bridge to [bus 0b-0b]
[    0.235908] pci 0000:00:16.0:   bridge window [io  0x5000-0x5fff]
[    0.235938] pci 0000:00:16.0:   bridge window [mem 0xca500000-0xca5fffff]
[    0.235992] pci 0000:00:16.0:   bridge window [mem 0xd8b00000-0xd8bfffff 64bit pref]
[    0.236574] pci 0000:00:16.1: PCI bridge to [bus 0c-0c]
[    0.236602] pci 0000:00:16.1:   bridge window [io  0x9000-0x9fff]
[    0.236631] pci 0000:00:16.1:   bridge window [mem 0xca900000-0xca9fffff]
[    0.236685] pci 0000:00:16.1:   bridge window [mem 0xd8f00000-0xd8ffffff 64bit pref]
[    0.237280] pci 0000:00:16.2: PCI bridge to [bus 0d-0d]
[    0.237309] pci 0000:00:16.2:   bridge window [io  0xd000-0xdfff]
[    0.237338] pci 0000:00:16.2:   bridge window [mem 0xcad00000-0xcadfffff]
[    0.237394] pci 0000:00:16.2:   bridge window [mem 0xd9300000-0xd93fffff 64bit pref]
[    0.238098] pci 0000:00:16.3: PCI bridge to [bus 0e-0e]
[    0.238153] pci 0000:00:16.3:   bridge window [mem 0xcb100000-0xcb1fffff]
[    0.238209] pci 0000:00:16.3:   bridge window [mem 0xd9700000-0xd97fffff 64bit pref]
[    0.239272] pci 0000:00:16.4: PCI bridge to [bus 0f-0f]
[    0.239333] pci 0000:00:16.4:   bridge window [mem 0xcb500000-0xcb5fffff]
[    0.239393] pci 0000:00:16.4:   bridge window [mem 0xd9b00000-0xd9bfffff 64bit pref]
[    0.240075] pci 0000:00:16.5: PCI bridge to [bus 10-10]
[    0.240134] pci 0000:00:16.5:   bridge window [mem 0xcb900000-0xcb9fffff]
[    0.240195] pci 0000:00:16.5:   bridge window [mem 0xd9f00000-0xd9ffffff 64bit pref]
[    0.240955] pci 0000:00:16.6: PCI bridge to [bus 11-11]
[    0.241008] pci 0000:00:16.6:   bridge window [mem 0xcbd00000-0xcbdfffff]
[    0.241054] pci 0000:00:16.6:   bridge window [mem 0xda300000-0xda3fffff 64bit pref]
[    0.241632] pci 0000:00:16.7: PCI bridge to [bus 12-12]
[    0.241690] pci 0000:00:16.7:   bridge window [mem 0xcc100000-0xcc1fffff]
[    0.241749] pci 0000:00:16.7:   bridge window [mem 0xda700000-0xda7fffff 64bit pref]
[    0.242369] pci 0000:00:17.0: PCI bridge to [bus 13-13]
[    0.242427] pci 0000:00:17.0:   bridge window [io  0x6000-0x6fff]
[    0.242461] pci 0000:00:17.0:   bridge window [mem 0xca600000-0xca6fffff]
[    0.242509] pci 0000:00:17.0:   bridge window [mem 0xd8c00000-0xd8cfffff 64bit pref]
[    0.243051] pci 0000:00:17.1: PCI bridge to [bus 14-14]
[    0.243078] pci 0000:00:17.1:   bridge window [io  0xa000-0xafff]
[    0.243107] pci 0000:00:17.1:   bridge window [mem 0xcaa00000-0xcaafffff]
[    0.243152] pci 0000:00:17.1:   bridge window [mem 0xd9000000-0xd90fffff 64bit pref]
[    0.243732] pci 0000:00:17.2: PCI bridge to [bus 15-15]
[    0.243762] pci 0000:00:17.2:   bridge window [io  0xe000-0xefff]
[    0.243789] pci 0000:00:17.2:   bridge window [mem 0xcae00000-0xcaefffff]
[    0.243835] pci 0000:00:17.2:   bridge window [mem 0xd9400000-0xd94fffff 64bit pref]
[    0.244378] pci 0000:00:17.3: PCI bridge to [bus 16-16]
[    0.244451] pci 0000:00:17.3:   bridge window [mem 0xcb200000-0xcb2fffff]
[    0.244497] pci 0000:00:17.3:   bridge window [mem 0xd9800000-0xd98fffff 64bit pref]
[    0.245031] pci 0000:00:17.4: PCI bridge to [bus 17-17]
[    0.245085] pci 0000:00:17.4:   bridge window [mem 0xcb600000-0xcb6fffff]
[    0.245136] pci 0000:00:17.4:   bridge window [mem 0xd9c00000-0xd9cfffff 64bit pref]
[    0.245704] pci 0000:00:17.5: PCI bridge to [bus 18-18]
[    0.245757] pci 0000:00:17.5:   bridge window [mem 0xcba00000-0xcbafffff]
[    0.245809] pci 0000:00:17.5:   bridge window [mem 0xda000000-0xda0fffff 64bit pref]
[    0.246335] pci 0000:00:17.6: PCI bridge to [bus 19-19]
[    0.246387] pci 0000:00:17.6:   bridge window [mem 0xcbe00000-0xcbefffff]
[    0.246444] pci 0000:00:17.6:   bridge window [mem 0xda400000-0xda4fffff 64bit pref]
[    0.247029] pci 0000:00:17.7: PCI bridge to [bus 1a-1a]
[    0.247084] pci 0000:00:17.7:   bridge window [mem 0xcc200000-0xcc2fffff]
[    0.247139] pci 0000:00:17.7:   bridge window [mem 0xda800000-0xda8fffff 64bit pref]
[    0.247745] pci 0000:00:18.0: PCI bridge to [bus 1b-1b]
[    0.247774] pci 0000:00:18.0:   bridge window [io  0x7000-0x7fff]
[    0.247804] pci 0000:00:18.0:   bridge window [mem 0xca700000-0xca7fffff]
[    0.247860] pci 0000:00:18.0:   bridge window [mem 0xd8d00000-0xd8dfffff 64bit pref]
[    0.248453] pci 0000:00:18.1: PCI bridge to [bus 1c-1c]
[    0.248482] pci 0000:00:18.1:   bridge window [io  0xb000-0xbfff]
[    0.248507] pci 0000:00:18.1:   bridge window [mem 0xcab00000-0xcabfffff]
[    0.248552] pci 0000:00:18.1:   bridge window [mem 0xd9100000-0xd91fffff 64bit pref]
[    0.249084] pci 0000:00:18.2: PCI bridge to [bus 1d-1d]
[    0.249114] pci 0000:00:18.2:   bridge window [io  0xf000-0xffff]
[    0.249141] pci 0000:00:18.2:   bridge window [mem 0xcaf00000-0xcaffffff]
[    0.249191] pci 0000:00:18.2:   bridge window [mem 0xd9500000-0xd95fffff 64bit pref]
[    0.249807] pci 0000:00:18.3: PCI bridge to [bus 1e-1e]
[    0.249863] pci 0000:00:18.3:   bridge window [mem 0xcb300000-0xcb3fffff]
[    0.249919] pci 0000:00:18.3:   bridge window [mem 0xd9900000-0xd99fffff 64bit pref]
[    0.250505] pci 0000:00:18.4: PCI bridge to [bus 1f-1f]
[    0.250549] pci 0000:00:18.4:   bridge window [mem 0xcb700000-0xcb7fffff]
[    0.250595] pci 0000:00:18.4:   bridge window [mem 0xd9d00000-0xd9dfffff 64bit pref]
[    0.251135] pci 0000:00:18.5: PCI bridge to [bus 20-20]
[    0.251190] pci 0000:00:18.5:   bridge window [mem 0xcbb00000-0xcbbfffff]
[    0.251245] pci 0000:00:18.5:   bridge window [mem 0xda100000-0xda1fffff 64bit pref]
[    0.251874] pci 0000:00:18.6: PCI bridge to [bus 21-21]
[    0.251918] pci 0000:00:18.6:   bridge window [mem 0xcbf00000-0xcbffffff]
[    0.251968] pci 0000:00:18.6:   bridge window [mem 0xda500000-0xda5fffff 64bit pref]
[    0.252504] pci 0000:00:18.7: PCI bridge to [bus 22-22]
[    0.252563] pci 0000:00:18.7:   bridge window [mem 0xcc300000-0xcc3fffff]
[    0.252608] pci 0000:00:18.7:   bridge window [mem 0xda900000-0xda9fffff 64bit pref]
[    0.255489] pci_bus 0000:00: on NUMA node 0
[    0.255499] ACPI: PCI Interrupt Routing Table [\_SB_.PCI0._PRT]
[    0.256796]  pci0000:00: Requesting ACPI _OSC control (0x1d)
[    0.257155]  pci0000:00: ACPI _OSC control (0x15) granted
[    0.366796] ACPI: PCI Interrupt Link [LNKA] (IRQs 3 4 5 6 7 *9 10 11 14 15)
[    0.366871] ACPI: PCI Interrupt Link [LNKB] (IRQs 3 4 5 6 7 9 10 *11 14 15)
[    0.366958] ACPI: PCI Interrupt Link [LNKC] (IRQs 3 4 5 6 7 9 *10 11 14 15)
[    0.367035] ACPI: PCI Interrupt Link [LNKD] (IRQs 3 4 *5 6 7 9 10 11 14 15)
[    0.367192] vgaarb: device added: PCI:0000:00:0f.0,decodes=io+mem,owns=io+mem,locks=none
[    0.367207] vgaarb: loaded
[    0.367208] vgaarb: bridge control possible 0000:00:0f.0
[    0.367505] i2c-core: driver [aat2870] using legacy suspend method
[    0.367507] i2c-core: driver [aat2870] using legacy resume method
[    0.367594] SCSI subsystem initialized
[    0.367644] libata version 3.00 loaded.
[    0.367686] usbcore: registered new interface driver usbfs
[    0.367701] usbcore: registered new interface driver hub
[    0.367733] usbcore: registered new device driver usb
[    0.368065] PCI: Using ACPI for IRQ routing
[    0.447060] PCI: pci_cache_line_size set to 64 bytes
[    0.447083] pci 0000:00:18.2: no compatible bridge window for [io  0xf000-0xffff]
[    0.448207] reserve RAM buffer: 000000000009f000 - 000000000009ffff 
[    0.448210] reserve RAM buffer: 000000003fee0000 - 000000003fffffff 
[    0.448315] NetLabel: Initializing
[    0.448316] NetLabel:  domain hash size = 128
[    0.448317] NetLabel:  protocols = UNLABELED CIPSOv4
[    0.448325] NetLabel:  unlabeled traffic allowed by default
[    0.448387] hpet0: at MMIO 0xfed00000, IRQs 2, 8, 0, 0, 0, 0, 0, 0, 0, 0, 0, 0, 0, 0, 0, 0
[    0.448393] hpet0: 16 comparators, 64-bit 14.318180 MHz counter
[    0.450412] Switching to clocksource hpet
[    0.457375] AppArmor: AppArmor Filesystem Enabled
[    0.457397] pnp: PnP ACPI init
[    0.457415] ACPI: bus type pnp registered
[    0.458052] pnp 00:00: [bus 00-ff]
[    0.458055] pnp 00:00: [mem 0x000a0000-0x000bffff window]
[    0.458056] pnp 00:00: [mem 0x000c0000-0x000c3fff window]
[    0.458058] pnp 00:00: [mem 0x000c4000-0x000c7fff window]
[    0.458059] pnp 00:00: [mem 0x000c8000-0x000cbfff window]
[    0.458061] pnp 00:00: [mem 0x000cc000-0x000cffff window]
[    0.458062] pnp 00:00: [mem 0x000d0000-0x000d3fff window]
[    0.458064] pnp 00:00: [mem 0x000d4000-0x000d7fff window]
[    0.458065] pnp 00:00: [mem 0x000d8000-0x000dbfff window]
[    0.458067] pnp 00:00: [mem 0x000dc000-0x000dffff window]
[    0.458068] pnp 00:00: [mem 0x000e0000-0x000e3fff window]
[    0.458070] pnp 00:00: [mem 0x000e4000-0x000e7fff window]
[    0.458071] pnp 00:00: [mem 0x000e8000-0x000ebfff window]
[    0.458072] pnp 00:00: [mem 0x000ec000-0x000effff window]
[    0.458074] pnp 00:00: [mem 0xc0000000-0xfebfffff window]
[    0.458076] pnp 00:00: [io  0x0cf8-0x0cff]
[    0.458077] pnp 00:00: [io  0x0000-0x0cf7 window]
[    0.458078] pnp 00:00: [io  0x0d00-0xfeff window]
[    0.458134] pnp 00:00: Plug and Play ACPI device, IDs PNP0a03 PNP0a08 (active)
[    0.458199] pnp 00:01: [io  0x0010-0x001f]
[    0.458200] pnp 00:01: [io  0x0024-0x0025]
[    0.458202] pnp 00:01: [io  0x0028-0x0029]
[    0.458203] pnp 00:01: [io  0x002c-0x002d]
[    0.458204] pnp 00:01: [io  0x002e-0x002f]
[    0.458205] pnp 00:01: [io  0x0030-0x0031]
[    0.458206] pnp 00:01: [io  0x0034-0x0035]
[    0.458207] pnp 00:01: [io  0x0038-0x0039]
[    0.458208] pnp 00:01: [io  0x003c-0x003d]
[    0.458210] pnp 00:01: [io  0x0050-0x0053]
[    0.458211] pnp 00:01: [io  0x0072-0x0077]
[    0.458212] pnp 00:01: [io  0x0080]
[    0.458213] pnp 00:01: [io  0x0090-0x009f]
[    0.458214] pnp 00:01: [io  0x00a4-0x00a5]
[    0.458215] pnp 00:01: [io  0x00a8-0x00a9]
[    0.458216] pnp 00:01: [io  0x00ac-0x00ad]
[    0.458218] pnp 00:01: [io  0x00b0-0x00b5]
[    0.458219] pnp 00:01: [io  0x00b8-0x00b9]
[    0.458220] pnp 00:01: [io  0x00bc-0x00bd]
[    0.458221] pnp 00:01: [io  0x1000-0x103f]
[    0.458222] pnp 00:01: [io  0x1040-0x104f]
[    0.458223] pnp 00:01: [io  0x0cf0-0x0cf1]
[    0.458285] system 00:01: [io  0x1000-0x103f] has been reserved
[    0.458289] system 00:01: [io  0x1040-0x104f] has been reserved
[    0.458291] system 00:01: [io  0x0cf0-0x0cf1] has been reserved
[    0.458293] system 00:01: Plug and Play ACPI device, IDs PNP0c02 (active)
[    0.458300] pnp 00:02: [io  0x0000-0x000f]
[    0.458301] pnp 00:02: [io  0x0081-0x008f]
[    0.458302] pnp 00:02: [io  0x00c0-0x00df]
[    0.458304] pnp 00:02: [dma 4]
[    0.458319] pnp 00:02: Plug and Play ACPI device, IDs PNP0200 (active)
[    0.458325] pnp 00:03: [io  0x0020-0x0021]
[    0.458326] pnp 00:03: [io  0x00a0-0x00a1]
[    0.458328] pnp 00:03: [io  0x04d0-0x04d1]
[    0.458329] pnp 00:03: [irq 2 disabled]
[    0.458344] pnp 00:03: Plug and Play ACPI device, IDs PNP0001 (active)
[    0.458351] pnp 00:04: [io  0x0070-0x0071]
[    0.458353] pnp 00:04: [irq 8]
[    0.458365] pnp 00:04: Plug and Play ACPI device, IDs PNP0b00 (active)
[    0.458370] pnp 00:05: [io  0x0061]
[    0.458382] pnp 00:05: Plug and Play ACPI device, IDs PNP0800 (active)
[    0.458387] pnp 00:06: [io  0x0060]
[    0.458388] pnp 00:06: [io  0x0064]
[    0.458389] pnp 00:06: [irq 1]
[    0.458404] pnp 00:06: Plug and Play ACPI device, IDs PNP0303 (active)
[    0.458409] pnp 00:07: [irq 12]
[    0.458422] pnp 00:07: Plug and Play ACPI device, IDs PNP0f13 (active)
[    0.458629] pnp 00:08: [mem 0xfed00000-0xfed003ff]
[    0.458664] system 00:08: [mem 0xfed00000-0xfed003ff] has been reserved
[    0.458666] system 00:08: Plug and Play ACPI device, IDs PNP0103 PNP0c01 (active)
[    0.464249] pnp 00:09: [io  0x0378-0x037f]
[    0.464252] pnp 00:09: [irq 7]
[    0.465823] pnp 00:09: Plug and Play ACPI device, IDs PNP0400 (active)
[    0.471852] pnp 00:0a: [io  0x03f8-0x03ff]
[    0.471857] pnp 00:0a: [irq 4]
[    0.473797] pnp 00:0a: Plug and Play ACPI device, IDs PNP0501 (active)
[    0.479014] pnp 00:0b: [io  0x02f8-0x02ff]
[    0.479019] pnp 00:0b: [irq 3]
[    0.480474] pnp 00:0b: Plug and Play ACPI device, IDs PNP0501 (active)
[    0.487725] pnp 00:0c: [io  0x03f0-0x03f5]
[    0.487729] pnp 00:0c: [io  0x03f7]
[    0.487732] pnp 00:0c: [irq 6]
[    0.487734] pnp 00:0c: [dma 2]
[    0.489421] pnp 00:0c: Plug and Play ACPI device, IDs PNP0700 (active)
[    0.489643] pnp 00:0d: [mem 0xe0000000-0xefffffff]
[    0.489646] pnp 00:0d: [io  0x1060-0x107f]
[    0.489647] pnp 00:0d: [mem 0xc8200000-0xc83fffff]
[    0.489707] system 00:0d: [io  0x1060-0x107f] has been reserved
[    0.489711] system 00:0d: [mem 0xe0000000-0xefffffff] has been reserved
[    0.489714] system 00:0d: [mem 0xc8200000-0xc83fffff] has been reserved
[    0.489717] system 00:0d: Plug and Play ACPI device, IDs PNP0c02 (active)
[    0.496197] pnp: PnP ACPI: found 14 devices
[    0.496200] ACPI: ACPI bus type pnp unregistered
[    0.496205] PnPBIOS: Disabled by ACPI PNP
[    0.532377] PCI: max bus depth: 1 pci_try_num: 2
[    0.534348] pci 0000:00:0f.0: BAR 6: assigned [mem 0xc0000000-0xc0007fff pref]
[    0.534355] pci 0000:00:10.0: BAR 6: assigned [mem 0xc0008000-0xc000bfff pref]
[    0.534363] pci 0000:00:18.7: BAR 13: can't assign io (size 0x1000)
[    0.534369] pci 0000:00:18.6: BAR 13: can't assign io (size 0x1000)
[    0.534374] pci 0000:00:18.5: BAR 13: can't assign io (size 0x1000)
[    0.534379] pci 0000:00:18.4: BAR 13: can't assign io (size 0x1000)
[    0.534384] pci 0000:00:18.3: BAR 13: can't assign io (size 0x1000)
[    0.534389] pci 0000:00:18.2: BAR 13: can't assign io (size 0x1000)
[    0.534394] pci 0000:00:17.7: BAR 13: can't assign io (size 0x1000)
[    0.534399] pci 0000:00:17.6: BAR 13: can't assign io (size 0x1000)
[    0.534404] pci 0000:00:17.5: BAR 13: can't assign io (size 0x1000)
[    0.534409] pci 0000:00:17.4: BAR 13: can't assign io (size 0x1000)
[    0.534414] pci 0000:00:17.3: BAR 13: can't assign io (size 0x1000)
[    0.534419] pci 0000:00:16.7: BAR 13: can't assign io (size 0x1000)
[    0.534424] pci 0000:00:16.6: BAR 13: can't assign io (size 0x1000)
[    0.534429] pci 0000:00:16.5: BAR 13: can't assign io (size 0x1000)
[    0.534434] pci 0000:00:16.4: BAR 13: can't assign io (size 0x1000)
[    0.534439] pci 0000:00:16.3: BAR 13: can't assign io (size 0x1000)
[    0.534444] pci 0000:00:15.7: BAR 13: can't assign io (size 0x1000)
[    0.534449] pci 0000:00:15.6: BAR 13: can't assign io (size 0x1000)
[    0.534454] pci 0000:00:15.5: BAR 13: can't assign io (size 0x1000)
[    0.534459] pci 0000:00:15.4: BAR 13: can't assign io (size 0x1000)
[    0.534464] pci 0000:00:15.3: BAR 13: can't assign io (size 0x1000)
[    0.534469] pci 0000:00:01.0: PCI bridge to [bus 01-01]
[    0.534501] pci 0000:02:01.0: BAR 6: assigned [mem 0xd8400000-0xd840ffff pref]
[    0.534505] pci 0000:00:11.0: PCI bridge to [bus 02-02]
[    0.534522] pci 0000:00:11.0:   bridge window [io  0x2000-0x3fff]
[    0.534555] pci 0000:00:11.0:   bridge window [mem 0xc9000000-0xca3fffff]
[    0.534586] pci 0000:00:11.0:   bridge window [mem 0xd8400000-0xd89fffff 64bit pref]
[    0.534618] pci 0000:00:15.0: PCI bridge to [bus 03-03]
[    0.534636] pci 0000:00:15.0:   bridge window [io  0x4000-0x4fff]
[    0.534669] pci 0000:00:15.0:   bridge window [mem 0xca400000-0xca4fffff]
[    0.534699] pci 0000:00:15.0:   bridge window [mem 0xd8a00000-0xd8afffff 64bit pref]
[    0.534731] pci 0000:00:15.1: PCI bridge to [bus 04-04]
[    0.534749] pci 0000:00:15.1:   bridge window [io  0x8000-0x8fff]
[    0.534782] pci 0000:00:15.1:   bridge window [mem 0xca800000-0xca8fffff]
[    0.534812] pci 0000:00:15.1:   bridge window [mem 0xd8e00000-0xd8efffff 64bit pref]
[    0.534845] pci 0000:00:15.2: PCI bridge to [bus 05-05]
[    0.534862] pci 0000:00:15.2:   bridge window [io  0xc000-0xcfff]
[    0.534895] pci 0000:00:15.2:   bridge window [mem 0xcac00000-0xcacfffff]
[    0.534925] pci 0000:00:15.2:   bridge window [mem 0xd9200000-0xd92fffff 64bit pref]
[    0.534957] pci 0000:00:15.3: PCI bridge to [bus 06-06]
[    0.534990] pci 0000:00:15.3:   bridge window [mem 0xcb000000-0xcb0fffff]
[    0.535019] pci 0000:00:15.3:   bridge window [mem 0xd9600000-0xd96fffff 64bit pref]
[    0.535051] pci 0000:00:15.4: PCI bridge to [bus 07-07]
[    0.535084] pci 0000:00:15.4:   bridge window [mem 0xcb400000-0xcb4fffff]
[    0.535114] pci 0000:00:15.4:   bridge window [mem 0xd9a00000-0xd9afffff 64bit pref]
[    0.535147] pci 0000:00:15.5: PCI bridge to [bus 08-08]
[    0.535179] pci 0000:00:15.5:   bridge window [mem 0xcb800000-0xcb8fffff]
[    0.535210] pci 0000:00:15.5:   bridge window [mem 0xd9e00000-0xd9efffff 64bit pref]
[    0.535242] pci 0000:00:15.6: PCI bridge to [bus 09-09]
[    0.535274] pci 0000:00:15.6:   bridge window [mem 0xcbc00000-0xcbcfffff]
[    0.535305] pci 0000:00:15.6:   bridge window [mem 0xda200000-0xda2fffff 64bit pref]
[    0.535338] pci 0000:00:15.7: PCI bridge to [bus 0a-0a]
[    0.535370] pci 0000:00:15.7:   bridge window [mem 0xcc000000-0xcc0fffff]
[    0.535400] pci 0000:00:15.7:   bridge window [mem 0xda600000-0xda6fffff 64bit pref]
[    0.535432] pci 0000:00:16.0: PCI bridge to [bus 0b-0b]
[    0.535450] pci 0000:00:16.0:   bridge window [io  0x5000-0x5fff]
[    0.535483] pci 0000:00:16.0:   bridge window [mem 0xca500000-0xca5fffff]
[    0.535513] pci 0000:00:16.0:   bridge window [mem 0xd8b00000-0xd8bfffff 64bit pref]
[    0.535545] pci 0000:00:16.1: PCI bridge to [bus 0c-0c]
[    0.535563] pci 0000:00:16.1:   bridge window [io  0x9000-0x9fff]
[    0.535596] pci 0000:00:16.1:   bridge window [mem 0xca900000-0xca9fffff]
[    0.535625] pci 0000:00:16.1:   bridge window [mem 0xd8f00000-0xd8ffffff 64bit pref]
[    0.535658] pci 0000:00:16.2: PCI bridge to [bus 0d-0d]
[    0.535675] pci 0000:00:16.2:   bridge window [io  0xd000-0xdfff]
[    0.535707] pci 0000:00:16.2:   bridge window [mem 0xcad00000-0xcadfffff]
[    0.535738] pci 0000:00:16.2:   bridge window [mem 0xd9300000-0xd93fffff 64bit pref]
[    0.535770] pci 0000:00:16.3: PCI bridge to [bus 0e-0e]
[    0.535803] pci 0000:00:16.3:   bridge window [mem 0xcb100000-0xcb1fffff]
[    0.535833] pci 0000:00:16.3:   bridge window [mem 0xd9700000-0xd97fffff 64bit pref]
[    0.535865] pci 0000:00:16.4: PCI bridge to [bus 0f-0f]
[    0.535898] pci 0000:00:16.4:   bridge window [mem 0xcb500000-0xcb5fffff]
[    0.535929] pci 0000:00:16.4:   bridge window [mem 0xd9b00000-0xd9bfffff 64bit pref]
[    0.535961] pci 0000:00:16.5: PCI bridge to [bus 10-10]
[    0.535993] pci 0000:00:16.5:   bridge window [mem 0xcb900000-0xcb9fffff]
[    0.536023] pci 0000:00:16.5:   bridge window [mem 0xd9f00000-0xd9ffffff 64bit pref]
[    0.536056] pci 0000:00:16.6: PCI bridge to [bus 11-11]
[    0.536088] pci 0000:00:16.6:   bridge window [mem 0xcbd00000-0xcbdfffff]
[    0.536119] pci 0000:00:16.6:   bridge window [mem 0xda300000-0xda3fffff 64bit pref]
[    0.536151] pci 0000:00:16.7: PCI bridge to [bus 12-12]
[    0.536183] pci 0000:00:16.7:   bridge window [mem 0xcc100000-0xcc1fffff]
[    0.536214] pci 0000:00:16.7:   bridge window [mem 0xda700000-0xda7fffff 64bit pref]
[    0.536246] pci 0000:00:17.0: PCI bridge to [bus 13-13]
[    0.536264] pci 0000:00:17.0:   bridge window [io  0x6000-0x6fff]
[    0.536296] pci 0000:00:17.0:   bridge window [mem 0xca600000-0xca6fffff]
[    0.536326] pci 0000:00:17.0:   bridge window [mem 0xd8c00000-0xd8cfffff 64bit pref]
[    0.536358] pci 0000:00:17.1: PCI bridge to [bus 14-14]
[    0.536376] pci 0000:00:17.1:   bridge window [io  0xa000-0xafff]
[    0.536408] pci 0000:00:17.1:   bridge window [mem 0xcaa00000-0xcaafffff]
[    0.536439] pci 0000:00:17.1:   bridge window [mem 0xd9000000-0xd90fffff 64bit pref]
[    0.536471] pci 0000:00:17.2: PCI bridge to [bus 15-15]
[    0.536489] pci 0000:00:17.2:   bridge window [io  0xe000-0xefff]
[    0.536521] pci 0000:00:17.2:   bridge window [mem 0xcae00000-0xcaefffff]
[    0.536551] pci 0000:00:17.2:   bridge window [mem 0xd9400000-0xd94fffff 64bit pref]
[    0.536584] pci 0000:00:17.3: PCI bridge to [bus 16-16]
[    0.536616] pci 0000:00:17.3:   bridge window [mem 0xcb200000-0xcb2fffff]
[    0.536647] pci 0000:00:17.3:   bridge window [mem 0xd9800000-0xd98fffff 64bit pref]
[    0.536679] pci 0000:00:17.4: PCI bridge to [bus 17-17]
[    0.536712] pci 0000:00:17.4:   bridge window [mem 0xcb600000-0xcb6fffff]
[    0.536742] pci 0000:00:17.4:   bridge window [mem 0xd9c00000-0xd9cfffff 64bit pref]
[    0.536775] pci 0000:00:17.5: PCI bridge to [bus 18-18]
[    0.536807] pci 0000:00:17.5:   bridge window [mem 0xcba00000-0xcbafffff]
[    0.536838] pci 0000:00:17.5:   bridge window [mem 0xda000000-0xda0fffff 64bit pref]
[    0.536870] pci 0000:00:17.6: PCI bridge to [bus 19-19]
[    0.536903] pci 0000:00:17.6:   bridge window [mem 0xcbe00000-0xcbefffff]
[    0.536934] pci 0000:00:17.6:   bridge window [mem 0xda400000-0xda4fffff 64bit pref]
[    0.536966] pci 0000:00:17.7: PCI bridge to [bus 1a-1a]
[    0.536998] pci 0000:00:17.7:   bridge window [mem 0xcc200000-0xcc2fffff]
[    0.537028] pci 0000:00:17.7:   bridge window [mem 0xda800000-0xda8fffff 64bit pref]
[    0.537061] pci 0000:00:18.0: PCI bridge to [bus 1b-1b]
[    0.537078] pci 0000:00:18.0:   bridge window [io  0x7000-0x7fff]
[    0.537111] pci 0000:00:18.0:   bridge window [mem 0xca700000-0xca7fffff]
[    0.537141] pci 0000:00:18.0:   bridge window [mem 0xd8d00000-0xd8dfffff 64bit pref]
[    0.537174] pci 0000:00:18.1: PCI bridge to [bus 1c-1c]
[    0.537191] pci 0000:00:18.1:   bridge window [io  0xb000-0xbfff]
[    0.537224] pci 0000:00:18.1:   bridge window [mem 0xcab00000-0xcabfffff]
[    0.537254] pci 0000:00:18.1:   bridge window [mem 0xd9100000-0xd91fffff 64bit pref]
[    0.537286] pci 0000:00:18.2: PCI bridge to [bus 1d-1d]
[    0.537319] pci 0000:00:18.2:   bridge window [mem 0xcaf00000-0xcaffffff]
[    0.537349] pci 0000:00:18.2:   bridge window [mem 0xd9500000-0xd95fffff 64bit pref]
[    0.537382] pci 0000:00:18.3: PCI bridge to [bus 1e-1e]
[    0.537414] pci 0000:00:18.3:   bridge window [mem 0xcb300000-0xcb3fffff]
[    0.537445] pci 0000:00:18.3:   bridge window [mem 0xd9900000-0xd99fffff 64bit pref]
[    0.537477] pci 0000:00:18.4: PCI bridge to [bus 1f-1f]
[    0.537510] pci 0000:00:18.4:   bridge window [mem 0xcb700000-0xcb7fffff]
[    0.537540] pci 0000:00:18.4:   bridge window [mem 0xd9d00000-0xd9dfffff 64bit pref]
[    0.537573] pci 0000:00:18.5: PCI bridge to [bus 20-20]
[    0.537605] pci 0000:00:18.5:   bridge window [mem 0xcbb00000-0xcbbfffff]
[    0.537635] pci 0000:00:18.5:   bridge window [mem 0xda100000-0xda1fffff 64bit pref]
[    0.537668] pci 0000:00:18.6: PCI bridge to [bus 21-21]
[    0.537700] pci 0000:00:18.6:   bridge window [mem 0xcbf00000-0xcbffffff]
[    0.537730] pci 0000:00:18.6:   bridge window [mem 0xda500000-0xda5fffff 64bit pref]
[    0.537763] pci 0000:00:18.7: PCI bridge to [bus 22-22]
[    0.537795] pci 0000:00:18.7:   bridge window [mem 0xcc300000-0xcc3fffff]
[    0.537825] pci 0000:00:18.7:   bridge window [mem 0xda900000-0xda9fffff 64bit pref]
[    0.537857] pci 0000:00:01.0: setting latency timer to 64
[    0.537890] pci 0000:00:15.0: setting latency timer to 64
[    0.537922] pci 0000:00:15.1: setting latency timer to 64
[    0.537955] pci 0000:00:15.2: setting latency timer to 64
[    0.537987] pci 0000:00:15.3: setting latency timer to 64
[    0.538019] pci 0000:00:15.4: setting latency timer to 64
[    0.538052] pci 0000:00:15.5: setting latency timer to 64
[    0.538084] pci 0000:00:15.6: setting latency timer to 64
[    0.538117] pci 0000:00:15.7: setting latency timer to 64
[    0.538149] pci 0000:00:16.0: setting latency timer to 64
[    0.538181] pci 0000:00:16.1: setting latency timer to 64
[    0.538192] pci 0000:00:16.2: setting latency timer to 64
[    0.538328] pci 0000:00:16.3: setting latency timer to 64
[    0.538360] pci 0000:00:16.4: setting latency timer to 64
[    0.538393] pci 0000:00:16.5: setting latency timer to 64
[    0.538425] pci 0000:00:16.6: setting latency timer to 64
[    0.538458] pci 0000:00:16.7: setting latency timer to 64
[    0.538490] pci 0000:00:17.0: setting latency timer to 64
[    0.538522] pci 0000:00:17.1: setting latency timer to 64
[    0.538555] pci 0000:00:17.2: setting latency timer to 64
[    0.538587] pci 0000:00:17.3: setting latency timer to 64
[    0.538620] pci 0000:00:17.4: setting latency timer to 64
[    0.538652] pci 0000:00:17.5: setting latency timer to 64
[    0.538684] pci 0000:00:17.6: setting latency timer to 64
[    0.538717] pci 0000:00:17.7: setting latency timer to 64
[    0.538749] pci 0000:00:18.0: setting latency timer to 64
[    0.538782] pci 0000:00:18.1: setting latency timer to 64
[    0.538814] pci 0000:00:18.2: setting latency timer to 64
[    0.538846] pci 0000:00:18.3: setting latency timer to 64
[    0.538879] pci 0000:00:18.4: setting latency timer to 64
[    0.538911] pci 0000:00:18.5: setting latency timer to 64
[    0.538944] pci 0000:00:18.6: setting latency timer to 64
[    0.538976] pci 0000:00:18.7: setting latency timer to 64
[    0.538994] pci_bus 0000:00: resource 4 [mem 0x000a0000-0x000bffff]
[    0.538997] pci_bus 0000:00: resource 5 [mem 0x000cc000-0x000cffff]
[    0.539000] pci_bus 0000:00: resource 6 [mem 0x000d0000-0x000d3fff]
[    0.539003] pci_bus 0000:00: resource 7 [mem 0x000d4000-0x000d7fff]
[    0.539006] pci_bus 0000:00: resource 8 [mem 0x000d8000-0x000dbfff]
[    0.539009] pci_bus 0000:00: resource 9 [mem 0xc0000000-0xfebfffff]
[    0.539012] pci_bus 0000:00: resource 10 [io  0x0000-0x0cf7]
[    0.539015] pci_bus 0000:00: resource 11 [io  0x0d00-0xfeff]
[    0.539019] pci_bus 0000:02: resource 0 [io  0x2000-0x3fff]
[    0.539022] pci_bus 0000:02: resource 1 [mem 0xc9000000-0xca3fffff]
[    0.539025] pci_bus 0000:02: resource 2 [mem 0xd8400000-0xd89fffff 64bit pref]
[    0.539028] pci_bus 0000:02: resource 4 [mem 0x000a0000-0x000bffff]
[    0.539031] pci_bus 0000:02: resource 5 [mem 0x000cc000-0x000cffff]
[    0.539034] pci_bus 0000:02: resource 6 [mem 0x000d0000-0x000d3fff]
[    0.539037] pci_bus 0000:02: resource 7 [mem 0x000d4000-0x000d7fff]
[    0.539040] pci_bus 0000:02: resource 8 [mem 0x000d8000-0x000dbfff]
[    0.539043] pci_bus 0000:02: resource 9 [mem 0xc0000000-0xfebfffff]
[    0.539046] pci_bus 0000:02: resource 10 [io  0x0000-0x0cf7]
[    0.539048] pci_bus 0000:02: resource 11 [io  0x0d00-0xfeff]
[    0.539051] pci_bus 0000:03: resource 0 [io  0x4000-0x4fff]
[    0.539054] pci_bus 0000:03: resource 1 [mem 0xca400000-0xca4fffff]
[    0.539058] pci_bus 0000:03: resource 2 [mem 0xd8a00000-0xd8afffff 64bit pref]
[    0.539061] pci_bus 0000:04: resource 0 [io  0x8000-0x8fff]
[    0.539064] pci_bus 0000:04: resource 1 [mem 0xca800000-0xca8fffff]
[    0.539067] pci_bus 0000:04: resource 2 [mem 0xd8e00000-0xd8efffff 64bit pref]
[    0.539070] pci_bus 0000:05: resource 0 [io  0xc000-0xcfff]
[    0.539073] pci_bus 0000:05: resource 1 [mem 0xcac00000-0xcacfffff]
[    0.539076] pci_bus 0000:05: resource 2 [mem 0xd9200000-0xd92fffff 64bit pref]
[    0.539079] pci_bus 0000:06: resource 1 [mem 0xcb000000-0xcb0fffff]
[    0.539082] pci_bus 0000:06: resource 2 [mem 0xd9600000-0xd96fffff 64bit pref]
[    0.539085] pci_bus 0000:07: resource 1 [mem 0xcb400000-0xcb4fffff]
[    0.539088] pci_bus 0000:07: resource 2 [mem 0xd9a00000-0xd9afffff 64bit pref]
[    0.539092] pci_bus 0000:08: resource 1 [mem 0xcb800000-0xcb8fffff]
[    0.539095] pci_bus 0000:08: resource 2 [mem 0xd9e00000-0xd9efffff 64bit pref]
[    0.539098] pci_bus 0000:09: resource 1 [mem 0xcbc00000-0xcbcfffff]
[    0.539101] pci_bus 0000:09: resource 2 [mem 0xda200000-0xda2fffff 64bit pref]
[    0.539104] pci_bus 0000:0a: resource 1 [mem 0xcc000000-0xcc0fffff]
[    0.539107] pci_bus 0000:0a: resource 2 [mem 0xda600000-0xda6fffff 64bit pref]
[    0.539110] pci_bus 0000:0b: resource 0 [io  0x5000-0x5fff]
[    0.539113] pci_bus 0000:0b: resource 1 [mem 0xca500000-0xca5fffff]
[    0.539117] pci_bus 0000:0b: resource 2 [mem 0xd8b00000-0xd8bfffff 64bit pref]
[    0.539120] pci_bus 0000:0c: resource 0 [io  0x9000-0x9fff]
[    0.539123] pci_bus 0000:0c: resource 1 [mem 0xca900000-0xca9fffff]
[    0.539126] pci_bus 0000:0c: resource 2 [mem 0xd8f00000-0xd8ffffff 64bit pref]
[    0.539129] pci_bus 0000:0d: resource 0 [io  0xd000-0xdfff]
[    0.539132] pci_bus 0000:0d: resource 1 [mem 0xcad00000-0xcadfffff]
[    0.539135] pci_bus 0000:0d: resource 2 [mem 0xd9300000-0xd93fffff 64bit pref]
[    0.539138] pci_bus 0000:0e: resource 1 [mem 0xcb100000-0xcb1fffff]
[    0.539141] pci_bus 0000:0e: resource 2 [mem 0xd9700000-0xd97fffff 64bit pref]
[    0.539144] pci_bus 0000:0f: resource 1 [mem 0xcb500000-0xcb5fffff]
[    0.539147] pci_bus 0000:0f: resource 2 [mem 0xd9b00000-0xd9bfffff 64bit pref]
[    0.539151] pci_bus 0000:10: resource 1 [mem 0xcb900000-0xcb9fffff]
[    0.539154] pci_bus 0000:10: resource 2 [mem 0xd9f00000-0xd9ffffff 64bit pref]
[    0.539157] pci_bus 0000:11: resource 1 [mem 0xcbd00000-0xcbdfffff]
[    0.539160] pci_bus 0000:11: resource 2 [mem 0xda300000-0xda3fffff 64bit pref]
[    0.539163] pci_bus 0000:12: resource 1 [mem 0xcc100000-0xcc1fffff]
[    0.539166] pci_bus 0000:12: resource 2 [mem 0xda700000-0xda7fffff 64bit pref]
[    0.539169] pci_bus 0000:13: resource 0 [io  0x6000-0x6fff]
[    0.539172] pci_bus 0000:13: resource 1 [mem 0xca600000-0xca6fffff]
[    0.539175] pci_bus 0000:13: resource 2 [mem 0xd8c00000-0xd8cfffff 64bit pref]
[    0.539178] pci_bus 0000:14: resource 0 [io  0xa000-0xafff]
[    0.539181] pci_bus 0000:14: resource 1 [mem 0xcaa00000-0xcaafffff]
[    0.539184] pci_bus 0000:14: resource 2 [mem 0xd9000000-0xd90fffff 64bit pref]
[    0.539188] pci_bus 0000:15: resource 0 [io  0xe000-0xefff]
[    0.539190] pci_bus 0000:15: resource 1 [mem 0xcae00000-0xcaefffff]
[    0.539194] pci_bus 0000:15: resource 2 [mem 0xd9400000-0xd94fffff 64bit pref]
[    0.539197] pci_bus 0000:16: resource 1 [mem 0xcb200000-0xcb2fffff]
[    0.539200] pci_bus 0000:16: resource 2 [mem 0xd9800000-0xd98fffff 64bit pref]
[    0.539203] pci_bus 0000:17: resource 1 [mem 0xcb600000-0xcb6fffff]
[    0.539215] pci_bus 0000:17: resource 2 [mem 0xd9c00000-0xd9cfffff 64bit pref]
[    0.539218] pci_bus 0000:18: resource 1 [mem 0xcba00000-0xcbafffff]
[    0.539221] pci_bus 0000:18: resource 2 [mem 0xda000000-0xda0fffff 64bit pref]
[    0.539224] pci_bus 0000:19: resource 1 [mem 0xcbe00000-0xcbefffff]
[    0.539227] pci_bus 0000:19: resource 2 [mem 0xda400000-0xda4fffff 64bit pref]
[    0.539230] pci_bus 0000:1a: resource 1 [mem 0xcc200000-0xcc2fffff]
[    0.539233] pci_bus 0000:1a: resource 2 [mem 0xda800000-0xda8fffff 64bit pref]
[    0.539236] pci_bus 0000:1b: resource 0 [io  0x7000-0x7fff]
[    0.539239] pci_bus 0000:1b: resource 1 [mem 0xca700000-0xca7fffff]
[    0.539242] pci_bus 0000:1b: resource 2 [mem 0xd8d00000-0xd8dfffff 64bit pref]
[    0.539245] pci_bus 0000:1c: resource 0 [io  0xb000-0xbfff]
[    0.539248] pci_bus 0000:1c: resource 1 [mem 0xcab00000-0xcabfffff]
[    0.539251] pci_bus 0000:1c: resource 2 [mem 0xd9100000-0xd91fffff 64bit pref]
[    0.539254] pci_bus 0000:1d: resource 1 [mem 0xcaf00000-0xcaffffff]
[    0.539257] pci_bus 0000:1d: resource 2 [mem 0xd9500000-0xd95fffff 64bit pref]
[    0.539260] pci_bus 0000:1e: resource 1 [mem 0xcb300000-0xcb3fffff]
[    0.539263] pci_bus 0000:1e: resource 2 [mem 0xd9900000-0xd99fffff 64bit pref]
[    0.539266] pci_bus 0000:1f: resource 1 [mem 0xcb700000-0xcb7fffff]
[    0.539269] pci_bus 0000:1f: resource 2 [mem 0xd9d00000-0xd9dfffff 64bit pref]
[    0.539272] pci_bus 0000:20: resource 1 [mem 0xcbb00000-0xcbbfffff]
[    0.539275] pci_bus 0000:20: resource 2 [mem 0xda100000-0xda1fffff 64bit pref]
[    0.539278] pci_bus 0000:21: resource 1 [mem 0xcbf00000-0xcbffffff]
[    0.539281] pci_bus 0000:21: resource 2 [mem 0xda500000-0xda5fffff 64bit pref]
[    0.539284] pci_bus 0000:22: resource 1 [mem 0xcc300000-0xcc3fffff]
[    0.539287] pci_bus 0000:22: resource 2 [mem 0xda900000-0xda9fffff 64bit pref]
[    0.539319] NET: Registered protocol family 2
[    0.539352] IP route cache hash table entries: 32768 (order: 5, 131072 bytes)
[    0.539384] TCP established hash table entries: 131072 (order: 8, 1048576 bytes)
[    0.539416] TCP bind hash table entries: 65536 (order: 7, 524288 bytes)
[    0.539449] TCP: Hash tables configured (established 131072 bind 65536)
[    0.539452] TCP reno registered
[    0.539456] UDP hash table entries: 512 (order: 2, 16384 bytes)
[    0.539466] UDP-Lite hash table entries: 512 (order: 2, 16384 bytes)
[    0.539499] NET: Registered protocol family 1
[    0.539511] pci 0000:00:00.0: Limiting direct PCI/PCI transfers
[    0.539543] pci 0000:00:0f.0: Boot video device
[    0.539576] ACPI: PCI Interrupt Link [LNKC] enabled at IRQ 10
[    0.539579] PCI: setting IRQ 10 as level-triggered
[    0.539588] pci 0000:02:00.0: PCI INT A -> Link[LNKC] -> GSI 10 (level, low) -> IRQ 10
[    0.539666] pci 0000:02:00.0: PCI INT A disabled
[    0.539698] ACPI: PCI Interrupt Link [LNKB] enabled at IRQ 11
[    0.539701] PCI: setting IRQ 11 as level-triggered
[    0.539707] pci 0000:02:03.0: PCI INT A -> Link[LNKB] -> GSI 11 (level, low) -> IRQ 11
[    0.539739] pci 0000:02:03.0: PCI INT A disabled
[    0.539756] PCI: CLS 32 bytes, default 64
[    0.539809] Simple Boot Flag at 0x36 set to 0x1
[    0.539816] Switching to clocksource tsc
[    0.540005] audit: initializing netlink socket (disabled)
[    0.540014] type=2000 audit(1369637822.509:1): initialized
[    0.558391] Trying to unpack rootfs image as initramfs...
[    0.582422] highmem bounce pool size: 64 pages
[    0.582432] HugeTLB registered 2 MB page size, pre-allocated 0 pages
[    0.586417] VFS: Disk quotas dquot_6.5.2
[    0.586449] Dquot-cache hash table entries: 1024 (order 0, 4096 bytes)
[    0.590346] fuse init (API version 7.17)
[    0.590410] msgmni has been set to 1710
[    0.602282] Block layer SCSI generic (bsg) driver version 0.4 loaded (major 253)
[    0.602320] io scheduler noop registered
[    0.602322] io scheduler deadline registered
[    0.602328] io scheduler cfq registered (default)
[    0.602360] pcieport 0000:00:15.0: setting latency timer to 64
[    0.602393] pcieport 0000:00:15.0: irq 40 for MSI/MSI-X
[    0.602425] pcieport 0000:00:15.1: setting latency timer to 64
[    0.602458] pcieport 0000:00:15.1: irq 41 for MSI/MSI-X
[    0.602490] pcieport 0000:00:15.2: setting latency timer to 64
[    0.602522] pcieport 0000:00:15.2: irq 42 for MSI/MSI-X
[    0.602555] pcieport 0000:00:15.3: setting latency timer to 64
[    0.602587] pcieport 0000:00:15.3: irq 43 for MSI/MSI-X
[    0.602620] pcieport 0000:00:15.4: setting latency timer to 64
[    0.602652] pcieport 0000:00:15.4: irq 44 for MSI/MSI-X
[    0.602684] pcieport 0000:00:15.5: setting latency timer to 64
[    0.602717] pcieport 0000:00:15.5: irq 45 for MSI/MSI-X
[    0.602749] pcieport 0000:00:15.6: setting latency timer to 64
[    0.602782] pcieport 0000:00:15.6: irq 46 for MSI/MSI-X
[    0.602814] pcieport 0000:00:15.7: setting latency timer to 64
[    0.602847] pcieport 0000:00:15.7: irq 47 for MSI/MSI-X
[    0.602879] pcieport 0000:00:16.0: setting latency timer to 64
[    0.602911] pcieport 0000:00:16.0: irq 48 for MSI/MSI-X
[    0.602944] pcieport 0000:00:16.1: setting latency timer to 64
[    0.602976] pcieport 0000:00:16.1: irq 49 for MSI/MSI-X
[    0.603009] pcieport 0000:00:16.2: setting latency timer to 64
[    0.603041] pcieport 0000:00:16.2: irq 50 for MSI/MSI-X
[    0.603073] pcieport 0000:00:16.3: setting latency timer to 64
[    0.603106] pcieport 0000:00:16.3: irq 51 for MSI/MSI-X
[    0.603138] pcieport 0000:00:16.4: setting latency timer to 64
[    0.603171] pcieport 0000:00:16.4: irq 52 for MSI/MSI-X
[    0.603203] pcieport 0000:00:16.5: setting latency timer to 64
[    0.603235] pcieport 0000:00:16.5: irq 53 for MSI/MSI-X
[    0.603268] pcieport 0000:00:16.6: setting latency timer to 64
[    0.603300] pcieport 0000:00:16.6: irq 54 for MSI/MSI-X
[    0.603333] pcieport 0000:00:16.7: setting latency timer to 64
[    0.603365] pcieport 0000:00:16.7: irq 55 for MSI/MSI-X
[    0.603397] pcieport 0000:00:17.0: setting latency timer to 64
[    0.603430] pcieport 0000:00:17.0: irq 56 for MSI/MSI-X
[    0.603462] pcieport 0000:00:17.1: setting latency timer to 64
[    0.603495] pcieport 0000:00:17.1: irq 57 for MSI/MSI-X
[    0.603527] pcieport 0000:00:17.2: setting latency timer to 64
[    0.603559] pcieport 0000:00:17.2: irq 58 for MSI/MSI-X
[    0.603592] pcieport 0000:00:17.3: setting latency timer to 64
[    0.603624] pcieport 0000:00:17.3: irq 59 for MSI/MSI-X
[    0.603657] pcieport 0000:00:17.4: setting latency timer to 64
[    0.603689] pcieport 0000:00:17.4: irq 60 for MSI/MSI-X
[    0.603721] pcieport 0000:00:17.5: setting latency timer to 64
[    0.603754] pcieport 0000:00:17.5: irq 61 for MSI/MSI-X
[    0.603786] pcieport 0000:00:17.6: setting latency timer to 64
[    0.603819] pcieport 0000:00:17.6: irq 62 for MSI/MSI-X
[    0.603851] pcieport 0000:00:17.7: setting latency timer to 64
[    0.603883] pcieport 0000:00:17.7: irq 63 for MSI/MSI-X
[    0.603916] pcieport 0000:00:18.0: setting latency timer to 64
[    0.603948] pcieport 0000:00:18.0: irq 64 for MSI/MSI-X
[    0.603981] pcieport 0000:00:18.1: setting latency timer to 64
[    0.604013] pcieport 0000:00:18.1: irq 65 for MSI/MSI-X
[    0.604045] pcieport 0000:00:18.2: setting latency timer to 64
[    0.604078] pcieport 0000:00:18.2: irq 66 for MSI/MSI-X
[    0.604110] pcieport 0000:00:18.3: setting latency timer to 64
[    0.604143] pcieport 0000:00:18.3: irq 67 for MSI/MSI-X
[    0.604175] pcieport 0000:00:18.4: setting latency timer to 64
[    0.604207] pcieport 0000:00:18.4: irq 68 for MSI/MSI-X
[    0.604240] pcieport 0000:00:18.5: setting latency timer to 64
[    0.604272] pcieport 0000:00:18.5: irq 69 for MSI/MSI-X
[    0.604305] pcieport 0000:00:18.6: setting latency timer to 64
[    0.604337] pcieport 0000:00:18.6: irq 70 for MSI/MSI-X
[    0.604369] pcieport 0000:00:18.7: setting latency timer to 64
[    0.604402] pcieport 0000:00:18.7: irq 71 for MSI/MSI-X
[    0.604434] pcieport 0000:00:15.0: Signaling PME through PCIe PME interrupt
[    0.604460] pcie_pme 0000:00:15.0:pcie01: service driver pcie_pme loaded
[    0.604493] pcieport 0000:00:15.1: Signaling PME through PCIe PME interrupt
[    0.604519] pcie_pme 0000:00:15.1:pcie01: service driver pcie_pme loaded
[    0.604551] pcieport 0000:00:15.2: Signaling PME through PCIe PME interrupt
[    0.604576] pcie_pme 0000:00:15.2:pcie01: service driver pcie_pme loaded
[    0.604609] pcieport 0000:00:15.3: Signaling PME through PCIe PME interrupt
[    0.604635] pcie_pme 0000:00:15.3:pcie01: service driver pcie_pme loaded
[    0.604667] pcieport 0000:00:15.4: Signaling PME through PCIe PME interrupt
[    0.604694] pcie_pme 0000:00:15.4:pcie01: service driver pcie_pme loaded
[    0.604726] pcieport 0000:00:15.5: Signaling PME through PCIe PME interrupt
[    0.604758] pcie_pme 0000:00:15.5:pcie01: service driver pcie_pme loaded
[    0.604791] pcieport 0000:00:15.6: Signaling PME through PCIe PME interrupt
[    0.604823] pcie_pme 0000:00:15.6:pcie01: service driver pcie_pme loaded
[    0.604856] pcieport 0000:00:15.7: Signaling PME through PCIe PME interrupt
[    0.604888] pcie_pme 0000:00:15.7:pcie01: service driver pcie_pme loaded
[    0.604920] pcieport 0000:00:16.0: Signaling PME through PCIe PME interrupt
[    0.604953] pcie_pme 0000:00:16.0:pcie01: service driver pcie_pme loaded
[    0.604985] pcieport 0000:00:16.1: Signaling PME through PCIe PME interrupt
[    0.605018] pcie_pme 0000:00:16.1:pcie01: service driver pcie_pme loaded
[    0.605050] pcieport 0000:00:16.2: Signaling PME through PCIe PME interrupt
[    0.605077] pcie_pme 0000:00:16.2:pcie01: service driver pcie_pme loaded
[    0.605109] pcieport 0000:00:16.3: Signaling PME through PCIe PME interrupt
[    0.605135] pcie_pme 0000:00:16.3:pcie01: service driver pcie_pme loaded
[    0.605168] pcieport 0000:00:16.4: Signaling PME through PCIe PME interrupt
[    0.605194] pcie_pme 0000:00:16.4:pcie01: service driver pcie_pme loaded
[    0.605226] pcieport 0000:00:16.5: Signaling PME through PCIe PME interrupt
[    0.605252] pcie_pme 0000:00:16.5:pcie01: service driver pcie_pme loaded
[    0.605285] pcieport 0000:00:16.6: Signaling PME through PCIe PME interrupt
[    0.605311] pcie_pme 0000:00:16.6:pcie01: service driver pcie_pme loaded
[    0.605343] pcieport 0000:00:16.7: Signaling PME through PCIe PME interrupt
[    0.605370] pcie_pme 0000:00:16.7:pcie01: service driver pcie_pme loaded
[    0.605402] pcieport 0000:00:17.0: Signaling PME through PCIe PME interrupt
[    0.605429] pcie_pme 0000:00:17.0:pcie01: service driver pcie_pme loaded
[    0.605461] pcieport 0000:00:17.1: Signaling PME through PCIe PME interrupt
[    0.605487] pcie_pme 0000:00:17.1:pcie01: service driver pcie_pme loaded
[    0.605520] pcieport 0000:00:17.2: Signaling PME through PCIe PME interrupt
[    0.605546] pcie_pme 0000:00:17.2:pcie01: service driver pcie_pme loaded
[    0.605579] pcieport 0000:00:17.3: Signaling PME through PCIe PME interrupt
[    0.605611] pcie_pme 0000:00:17.3:pcie01: service driver pcie_pme loaded
[    0.605643] pcieport 0000:00:17.4: Signaling PME through PCIe PME interrupt
[    0.605670] pcie_pme 0000:00:17.4:pcie01: service driver pcie_pme loaded
[    0.605702] pcieport 0000:00:17.5: Signaling PME through PCIe PME interrupt
[    0.605729] pcie_pme 0000:00:17.5:pcie01: service driver pcie_pme loaded
[    0.605761] pcieport 0000:00:17.6: Signaling PME through PCIe PME interrupt
[    0.605793] pcie_pme 0000:00:17.6:pcie01: service driver pcie_pme loaded
[    0.605826] pcieport 0000:00:17.7: Signaling PME through PCIe PME interrupt
[    0.605853] pcie_pme 0000:00:17.7:pcie01: service driver pcie_pme loaded
[    0.605886] pcieport 0000:00:18.0: Signaling PME through PCIe PME interrupt
[    0.605918] pcie_pme 0000:00:18.0:pcie01: service driver pcie_pme loaded
[    0.605951] pcieport 0000:00:18.1: Signaling PME through PCIe PME interrupt
[    0.605980] pcie_pme 0000:00:18.1:pcie01: service driver pcie_pme loaded
[    0.606013] pcieport 0000:00:18.2: Signaling PME through PCIe PME interrupt
[    0.606039] pcie_pme 0000:00:18.2:pcie01: service driver pcie_pme loaded
[    0.606071] pcieport 0000:00:18.3: Signaling PME through PCIe PME interrupt
[    0.606098] pcie_pme 0000:00:18.3:pcie01: service driver pcie_pme loaded
[    0.606257] pcieport 0000:00:18.4: Signaling PME through PCIe PME interrupt
[    0.606286] pcie_pme 0000:00:18.4:pcie01: service driver pcie_pme loaded
[    0.606318] pcieport 0000:00:18.5: Signaling PME through PCIe PME interrupt
[    0.606344] pcie_pme 0000:00:18.5:pcie01: service driver pcie_pme loaded
[    0.606377] pcieport 0000:00:18.6: Signaling PME through PCIe PME interrupt
[    0.606403] pcie_pme 0000:00:18.6:pcie01: service driver pcie_pme loaded
[    0.606435] pcieport 0000:00:18.7: Signaling PME through PCIe PME interrupt
[    0.606461] pcie_pme 0000:00:18.7:pcie01: service driver pcie_pme loaded
[    0.606489] pci_hotplug: PCI Hot Plug PCI Core version: 0.5
[    0.606522] pciehp 0000:00:15.0:pcie04: HPC vendor_id 15ad device_id 7a0 ss_vid 15ad ss_did 7a0
[    0.606554] pciehp 0000:00:15.0:pcie04: service driver pciehp loaded
[    0.606587] pciehp 0000:00:15.1:pcie04: HPC vendor_id 15ad device_id 7a0 ss_vid 15ad ss_did 7a0
[    0.606619] pciehp 0000:00:15.1:pcie04: service driver pciehp loaded
[    0.606651] pciehp 0000:00:15.2:pcie04: HPC vendor_id 15ad device_id 7a0 ss_vid 15ad ss_did 7a0
[    0.606684] pciehp 0000:00:15.2:pcie04: service driver pciehp loaded
[    0.606716] pciehp 0000:00:15.3:pcie04: HPC vendor_id 15ad device_id 7a0 ss_vid 15ad ss_did 7a0
[    0.606749] pciehp 0000:00:15.3:pcie04: service driver pciehp loaded
[    0.606781] pciehp 0000:00:15.4:pcie04: HPC vendor_id 15ad device_id 7a0 ss_vid 15ad ss_did 7a0
[    0.606813] pciehp 0000:00:15.4:pcie04: service driver pciehp loaded
[    0.606846] pciehp 0000:00:15.5:pcie04: HPC vendor_id 15ad device_id 7a0 ss_vid 15ad ss_did 7a0
[    0.606878] pciehp 0000:00:15.5:pcie04: service driver pciehp loaded
[    0.606911] pciehp 0000:00:15.6:pcie04: HPC vendor_id 15ad device_id 7a0 ss_vid 15ad ss_did 7a0
[    0.606943] pciehp 0000:00:15.6:pcie04: service driver pciehp loaded
[    0.606975] pciehp 0000:00:15.7:pcie04: HPC vendor_id 15ad device_id 7a0 ss_vid 15ad ss_did 7a0
[    0.607008] pciehp 0000:00:15.7:pcie04: service driver pciehp loaded
[    0.607040] pciehp 0000:00:16.0:pcie04: HPC vendor_id 15ad device_id 7a0 ss_vid 15ad ss_did 7a0
[    0.607073] pciehp 0000:00:16.0:pcie04: service driver pciehp loaded
[    0.607105] pciehp 0000:00:16.1:pcie04: HPC vendor_id 15ad device_id 7a0 ss_vid 15ad ss_did 7a0
[    0.607137] pciehp 0000:00:16.1:pcie04: service driver pciehp loaded
[    0.607170] pciehp 0000:00:16.2:pcie04: HPC vendor_id 15ad device_id 7a0 ss_vid 15ad ss_did 7a0
[    0.607202] pciehp 0000:00:16.2:pcie04: service driver pciehp loaded
[    0.607235] pciehp 0000:00:16.3:pcie04: HPC vendor_id 15ad device_id 7a0 ss_vid 15ad ss_did 7a0
[    0.607267] pciehp 0000:00:16.3:pcie04: service driver pciehp loaded
[    0.607299] pciehp 0000:00:16.4:pcie04: HPC vendor_id 15ad device_id 7a0 ss_vid 15ad ss_did 7a0
[    0.607332] pciehp 0000:00:16.4:pcie04: service driver pciehp loaded
[    0.607364] pciehp 0000:00:16.5:pcie04: HPC vendor_id 15ad device_id 7a0 ss_vid 15ad ss_did 7a0
[    0.607397] pciehp 0000:00:16.5:pcie04: service driver pciehp loaded
[    0.607429] pciehp 0000:00:16.6:pcie04: HPC vendor_id 15ad device_id 7a0 ss_vid 15ad ss_did 7a0
[    0.607461] pciehp 0000:00:16.6:pcie04: service driver pciehp loaded
[    0.607494] pciehp 0000:00:16.7:pcie04: HPC vendor_id 15ad device_id 7a0 ss_vid 15ad ss_did 7a0
[    0.607526] pciehp 0000:00:16.7:pcie04: service driver pciehp loaded
[    0.607559] pciehp 0000:00:17.0:pcie04: HPC vendor_id 15ad device_id 7a0 ss_vid 15ad ss_did 7a0
[    0.607591] pciehp 0000:00:17.0:pcie04: service driver pciehp loaded
[    0.607624] pciehp 0000:00:17.1:pcie04: HPC vendor_id 15ad device_id 7a0 ss_vid 15ad ss_did 7a0
[    0.607656] pciehp 0000:00:17.1:pcie04: service driver pciehp loaded
[    0.607688] pciehp 0000:00:17.2:pcie04: HPC vendor_id 15ad device_id 7a0 ss_vid 15ad ss_did 7a0
[    0.607721] pciehp 0000:00:17.2:pcie04: service driver pciehp loaded
[    0.607753] pciehp 0000:00:17.3:pcie04: HPC vendor_id 15ad device_id 7a0 ss_vid 15ad ss_did 7a0
[    0.607786] pciehp 0000:00:17.3:pcie04: service driver pciehp loaded
[    0.607818] pciehp 0000:00:17.4:pcie04: HPC vendor_id 15ad device_id 7a0 ss_vid 15ad ss_did 7a0
[    0.607850] pciehp 0000:00:17.4:pcie04: service driver pciehp loaded
[    0.607883] pciehp 0000:00:17.5:pcie04: HPC vendor_id 15ad device_id 7a0 ss_vid 15ad ss_did 7a0
[    0.607915] pciehp 0000:00:17.5:pcie04: service driver pciehp loaded
[    0.607948] pciehp 0000:00:17.6:pcie04: HPC vendor_id 15ad device_id 7a0 ss_vid 15ad ss_did 7a0
[    0.607980] pciehp 0000:00:17.6:pcie04: service driver pciehp loaded
[    0.608012] pciehp 0000:00:17.7:pcie04: HPC vendor_id 15ad device_id 7a0 ss_vid 15ad ss_did 7a0
[    0.608045] pciehp 0000:00:17.7:pcie04: service driver pciehp loaded
[    0.608077] pciehp 0000:00:18.0:pcie04: HPC vendor_id 15ad device_id 7a0 ss_vid 15ad ss_did 7a0
[    0.608110] pciehp 0000:00:18.0:pcie04: service driver pciehp loaded
[    0.608142] pciehp 0000:00:18.1:pcie04: HPC vendor_id 15ad device_id 7a0 ss_vid 15ad ss_did 7a0
[    0.608174] pciehp 0000:00:18.1:pcie04: service driver pciehp loaded
[    0.608207] pciehp 0000:00:18.2:pcie04: HPC vendor_id 15ad device_id 7a0 ss_vid 15ad ss_did 7a0
[    0.608239] pciehp 0000:00:18.2:pcie04: service driver pciehp loaded
[    0.608272] pciehp 0000:00:18.3:pcie04: HPC vendor_id 15ad device_id 7a0 ss_vid 15ad ss_did 7a0
[    0.608304] pciehp 0000:00:18.3:pcie04: service driver pciehp loaded
[    0.608336] pciehp 0000:00:18.4:pcie04: HPC vendor_id 15ad device_id 7a0 ss_vid 15ad ss_did 7a0
[    0.608369] pciehp 0000:00:18.4:pcie04: service driver pciehp loaded
[    0.608401] pciehp 0000:00:18.5:pcie04: HPC vendor_id 15ad device_id 7a0 ss_vid 15ad ss_did 7a0
[    0.608434] pciehp 0000:00:18.5:pcie04: service driver pciehp loaded
[    0.608466] pciehp 0000:00:18.6:pcie04: HPC vendor_id 15ad device_id 7a0 ss_vid 15ad ss_did 7a0
[    0.608498] pciehp 0000:00:18.6:pcie04: service driver pciehp loaded
[    0.608531] pciehp 0000:00:18.7:pcie04: HPC vendor_id 15ad device_id 7a0 ss_vid 15ad ss_did 7a0
[    0.608563] pciehp 0000:00:18.7:pcie04: service driver pciehp loaded
[    0.608571] pciehp: PCI Express Hot Plug Controller Driver version: 0.4
[    0.608604] ACPI: Deprecated procfs I/F for AC is loaded, please retry with CONFIG_ACPI_PROCFS_POWER cleared
[    0.608640] ACPI: AC Adapter [ACAD] (on-line)
[    0.614355] input: Power Button as /devices/LNXSYSTM:00/LNXPWRBN:00/input/input0
[    0.614363] ACPI: Power Button [PWRF]
[    0.638242] ERST: Table is not found!
[    0.638248] GHES: HEST is not enabled!
[    0.638366] Serial: 8250/16550 driver, 32 ports, IRQ sharing enabled
[    0.662063] serial8250: ttyS0 at I/O 0x3f8 (irq = 4) is a 16550A
[    0.662088] isapnp: Scanning for PnP cards...
[    0.797974] serial8250: ttyS1 at I/O 0x2f8 (irq = 3) is a 16550A
[    0.841883] 00:0a: ttyS0 at I/O 0x3f8 (irq = 4) is a 16550A
[    0.933688] 00:0b: ttyS1 at I/O 0x2f8 (irq = 3) is a 16550A
[    0.957963] Linux agpgart interface v0.103
[    0.958013] agpgart-intel 0000:00:00.0: Intel 440BX Chipset
[    0.958117] agpgart-intel 0000:00:00.0: AGP aperture is 256M @ 0x0
[    0.959079] brd: module loaded
[    0.959599] loop: module loaded
[    0.959649] ata_piix 0000:00:07.1: version 2.13
[    0.959738] scsi0 : ata_piix
[    0.965738] scsi1 : ata_piix
[    0.965789] ata1: PATA max UDMA/33 cmd 0x1f0 ctl 0x3f6 bmdma 0x10c0 irq 14
[    0.965793] ata2: PATA max UDMA/33 cmd 0x170 ctl 0x376 bmdma 0x10c8 irq 15
[    0.965849] Fixed MDIO Bus: probed
[    0.965871] tun: Universal TUN/TAP device driver, 1.6
[    0.965873] tun: (C) 1999-2004 Max Krasnyansky <maxk@qualcomm.com>
[    0.965961] PPP generic driver version 2.4.2
[    0.966071] ehci_hcd: USB 2.0 'Enhanced' Host Controller (EHCI) Driver
[    0.966117] ehci_hcd 0000:02:03.0: PCI INT A -> Link[LNKB] -> GSI 11 (level, low) -> IRQ 11
[    0.966168] ehci_hcd 0000:02:03.0: EHCI Host Controller
[    0.966228] ehci_hcd 0000:02:03.0: new USB bus registered, assigned bus number 1
[    0.966279] ehci_hcd 0000:02:03.0: cache line size of 32 is not supported
[    0.966290] ehci_hcd 0000:02:03.0: irq 11, io mem 0xc9000000
[    1.017498] ehci_hcd 0000:02:03.0: USB 2.0 started, EHCI 1.00
[    1.101588] hub 1-0:1.0: USB hub found
[    1.101595] hub 1-0:1.0: 6 ports detected
[    1.101646] ohci_hcd: USB 1.1 'Open' Host Controller (OHCI) Driver
[    1.101666] uhci_hcd: USB Universal Host Controller Interface driver
[    1.101717] uhci_hcd 0000:02:00.0: PCI INT A -> Link[LNKC] -> GSI 10 (level, low) -> IRQ 10
[    1.101767] uhci_hcd 0000:02:00.0: UHCI Host Controller
[    1.101822] uhci_hcd 0000:02:00.0: new USB bus registered, assigned bus number 2
[    1.101928] uhci_hcd 0000:02:00.0: irq 10, io base 0x000020c0
[    1.102044] hub 2-0:1.0: USB hub found
[    1.102049] hub 2-0:1.0: 2 ports detected
[    1.102100] usbcore: registered new interface driver libusual
[    1.102150] i8042: PNP: PS/2 Controller [PNP0303:KBC,PNP0f13:MOUS] at 0x60,0x64 irq 1,12
[    1.102490] serio: i8042 KBD port at 0x60,0x64 irq 1
[    1.102518] serio: i8042 AUX port at 0x60,0x64 irq 12
[    1.102647] mousedev: PS/2 mouse device common for all mice
[    1.159808] rtc_cmos 00:04: rtc core: registered rtc_cmos as rtc0
[    1.159839] rtc0: alarms up to one month, y3k, 114 bytes nvram, hpet irqs
[    1.159890] device-mapper: uevent: version 1.0.3
[    1.160005] device-mapper: ioctl: 4.22.0-ioctl (2011-10-19) initialised: dm-devel@redhat.com
[    1.160056] EISA: Probing bus 0 at eisa.0
[    1.160059] EISA: Cannot allocate resource for mainboard
[    1.160063] Cannot allocate resource for EISA slot 1
[    1.160065] Cannot allocate resource for EISA slot 2
[    1.160067] Cannot allocate resource for EISA slot 3
[    1.160070] Cannot allocate resource for EISA slot 4
[    1.160072] Cannot allocate resource for EISA slot 5
[    1.160074] Cannot allocate resource for EISA slot 6
[    1.160077] Cannot allocate resource for EISA slot 7
[    1.160079] Cannot allocate resource for EISA slot 8
[    1.160082] EISA: Detected 0 cards.
[    1.160092] cpufreq-nforce2: No nForce2 chipset.
[    1.160095] cpuidle: using governor ladder
[    1.160098] cpuidle: using governor menu
[    1.160101] EFI Variables Facility v0.08 2004-May-17
[    1.160151] TCP cubic registered
[    1.160202] NET: Registered protocol family 10
[    1.160252] NET: Registered protocol family 17
[    1.160258] Registering the dns_resolver key type
[    1.160278] Using IPI No-Shortcut mode
[    1.160396] PM: Hibernation image not present or could not be loaded.
[    1.160415] registered taskstats version 1
[    1.265737] input: AT Translated Set 2 keyboard as /devices/platform/i8042/serio0/input/input1
[    1.269319] ata2.00: ATAPI: VMware Virtual IDE CDROM Drive, 00000001, max UDMA/33
[    1.273458] ata2.00: configured for UDMA/33
[    1.349044] isapnp: No Plug & Play device found
[    1.349249] scsi 1:0:0:0: CD-ROM            NECVMWar VMware IDE CDR10 1.00 PQ: 0 ANSI: 5
[    1.349863] sr0: scsi3-mmc drive: 306x/306x cd/rw xa/form2 cdda tray
[    1.349867] cdrom: Uniform CD-ROM driver Revision: 3.20
[    1.349988] sr 1:0:0:0: Attached scsi CD-ROM sr0
[    1.350185] sr 1:0:0:0: Attached scsi generic sg0 type 5
[    1.353172] Freeing initrd memory: 13836k freed
[    1.361244]   Magic number: 13:100:975
[    1.361289] pcieport 0000:00:15.6: hash matches
[    1.361377] rtc_cmos 00:04: setting system clock to 2013-05-27 06:57:04 UTC (1369637824)
[    1.361399] BIOS EDD facility v0.16 2004-Jun-25, 0 devices found
[    1.361402] EDD information not available.
[    1.361572] Freeing unused kernel memory: 740k freed
[    1.361622] Write protecting the kernel text: 5816k
[    1.361639] Write protecting the kernel read-only data: 2376k
[    1.361641] NX-protecting the kernel data: 4424k
[    1.374774] udevd[85]: starting version 175
[    1.391801] VMware vmxnet3 virtual NIC driver - version 1.1.29.0-k-NAPI
[    1.400382] VMware PVSCSI driver - version 1.0.1.0-k
[    1.403717] VMware vmxnet virtual NIC driver
[    1.403767] ACPI: PCI Interrupt Link [LNKD] enabled at IRQ 5
[    1.403772] PCI: setting IRQ 5 as level-triggered
[    1.403780] vmxnet 0000:02:01.0: PCI INT A -> Link[LNKD] -> GSI 5 (level, low) -> IRQ 5
[    1.403830] Found vmxnet/PCI at 0x2024, irq 5.
[    1.403881] features:
[    1.403893] numRxBuffers = 100, numRxBuffers2 = 1
[    1.403943] vmxnet 0000:02:01.0: eth0: set_features() failed (-1); wanted 0x00004000, left 0x00004800
[    1.443380] Floppy drive(s): fd0 is 1.44M
[    1.446485] Fusion MPT base driver 3.04.20
[    1.446489] Copyright (c) 1999-2008 LSI Corporation
[    1.446689] Fusion MPT SPI Host driver 3.04.20
[    1.446739] mptspi 0000:00:10.0: PCI INT A -> Link[LNKB] -> GSI 11 (level, low) -> IRQ 11
[    1.452061] mptbase: ioc0: Initiating bringup
[    1.457242] FDC 0 is a post-1991 82077
[    1.476962] usb 2-1: new full-speed USB device number 2 using uhci_hcd
[    1.520929] ioc0: LSI53C1030 B0: Capabilities={Initiator}
[    1.612297] input: VMware VMware Virtual USB Mouse as /devices/pci0000:00/0000:00:11.0/0000:02:00.0/usb2/2-1/2-1:1.0/input/input2
[    1.612541] generic-usb 0003:0E0F:0003.0001: input,hidraw0: USB HID v1.10 Mouse [VMware VMware Virtual USB Mouse] on usb-0000:02:00.0-1/input0
[    1.613267] input: VMware VMware Virtual USB Mouse as /devices/pci0000:00/0000:00:11.0/0000:02:00.0/usb2/2-1/2-1:1.1/input/input3
[    1.613525] generic-usb 0003:0E0F:0003.0002: input,hidraw1: USB HID v1.10 Mouse [VMware VMware Virtual USB Mouse] on usb-0000:02:00.0-1/input1
[    1.613758] usbcore: registered new interface driver usbhid
[    1.613761] usbhid: USB HID core driver
[    1.680751] scsi2 : ioc0: LSI53C1030 B0, FwRev=01032920h, Ports=1, MaxQ=128, IRQ=11
[    1.720593] usb 2-2: new full-speed USB device number 3 using uhci_hcd
[    1.793376] scsi 2:0:0:0: Direct-Access     VMware,  VMware Virtual S 1.0  PQ: 0 ANSI: 2
[    1.793386] scsi target2:0:0: Beginning Domain Validation
[    1.794075] scsi target2:0:0: Domain Validation skipping write tests
[    1.794079] scsi target2:0:0: Ending Domain Validation
[    1.794137] scsi target2:0:0: FAST-40 WIDE SCSI 80.0 MB/s ST (25 ns, offset 127)
[    1.797118] sd 2:0:0:0: [sda] 41943040 512-byte logical blocks: (21.4 GB/20.0 GiB)
[    1.797180] sd 2:0:0:0: [sda] Write Protect is off
[    1.797183] sd 2:0:0:0: [sda] Mode Sense: 61 00 00 00
[    1.797249] sd 2:0:0:0: [sda] Cache data unavailable
[    1.797252] sd 2:0:0:0: [sda] Assuming drive cache: write through
[    1.797579] sd 2:0:0:0: [sda] Cache data unavailable
[    1.797584] sd 2:0:0:0: [sda] Assuming drive cache: write through
[    1.798500] sd 2:0:0:0: Attached scsi generic sg1 type 0
[    1.799189]  sda: sda1 sda2 < sda5 >
[    1.799604] sd 2:0:0:0: [sda] Cache data unavailable
[    1.799607] sd 2:0:0:0: [sda] Assuming drive cache: write through
[    1.799609] sd 2:0:0:0: [sda] Attached SCSI disk
[    1.837335] EXT4-fs (sda1): INFO: recovery required on readonly filesystem
[    1.837340] EXT4-fs (sda1): write access will be enabled during recovery
[    1.860040] hub 2-2:1.0: USB hub found
[    1.862005] hub 2-2:1.0: 7 ports detected
[    1.964121] EXT4-fs (sda1): recovery complete
[    1.964811] EXT4-fs (sda1): mounted filesystem with ordered data mode. Opts: (null)
[    3.358394] ADDRCONF(NETDEV_UP): eth0: link is not ready
[    3.363483] udevd[324]: starting version 175
[    3.403807] Adding 1046524k swap on /dev/sda5.  Priority:-1 extents:1 across:1046524k 
[    3.404826] lp: driver loaded but no devices found
[    3.483675] shpchp: Standard Hot Plug PCI Controller Driver version: 0.4
[    3.504522] EXT4-fs (sda1): re-mounted. Opts: errors=remount-ro
[    3.643604] Bluetooth: Core ver 2.16
[    3.643637] NET: Registered protocol family 31
[    3.643639] Bluetooth: HCI device and connection manager initialized
[    3.643642] Bluetooth: HCI socket layer initialized
[    3.643643] Bluetooth: L2CAP socket layer initialized
[    3.643648] Bluetooth: SCO socket layer initialized
[    3.649673] ppdev: user-space parallel port driver
[    3.650163] parport_pc 00:09: reported by Plug and Play ACPI
[    3.650359] parport0: PC-style at 0x378, irq 7 [PCSPP,TRISTATE]
[    3.660134] Bluetooth: BNEP (Ethernet Emulation) ver 1.3
[    3.660138] Bluetooth: BNEP filters: protocol multicast
[    3.712673] piix4_smbus 0000:00:07.3: Host SMBus controller not enabled!
[    3.723976] [542]: VMCI: shared components initialized.
[    3.724002] Probing for vmci/PCI.
[    3.724167] ACPI: PCI Interrupt Link [LNKA] enabled at IRQ 9
[    3.724170] PCI: setting IRQ 9 as level-triggered
[    3.724176] vmci 0000:00:07.7: PCI INT A -> Link[LNKA] -> GSI 9 (level, low) -> IRQ 9
[    3.724215] Found vmci/PCI at 0x1080, irq 9.
[    3.724248] VMCI: using capabilities 0xc.
[    3.724314] [542]: VMCI: Host capability check passed.
[    3.724511] vmci 0000:00:07.7: irq 72 for MSI/MSI-X
[    3.724540] vmci 0000:00:07.7: irq 73 for MSI/MSI-X
[    3.724718] Registered vmci device.
[    3.745566] [542]: VMCI: Using guest personality
[    3.745566] [542]: VMCI: host components initialized.
[    3.745569] [542]: VMCI: Module registered (name=vmci,major=10,minor=57).
[    3.745570] [542]: VMCI: Using host personality
[    3.745570] [542]: VMCI: Module (name=vmci) is initialized
[    3.745817] lp0: using parport0 (interrupt-driven).
[    3.754900] Bluetooth: RFCOMM TTY layer initialized
[    3.754905] Bluetooth: RFCOMM socket layer initialized
[    3.754906] Bluetooth: RFCOMM ver 1.11
[    3.756366] type=1400 audit(1369637826.895:2): apparmor="STATUS" operation="profile_load" name="/usr/lib/cups/backend/cups-pdf" pid=582 comm="apparmor_parser"
[    3.757996] type=1400 audit(1369637826.899:3): apparmor="STATUS" operation="profile_load" name="/usr/sbin/cupsd" pid=582 comm="apparmor_parser"
[    3.797723] type=1400 audit(1369637826.939:4): apparmor="STATUS" operation="profile_load" name="/sbin/dhclient" pid=595 comm="apparmor_parser"
[    3.797926] type=1400 audit(1369637826.939:5): apparmor="STATUS" operation="profile_load" name="/usr/lib/NetworkManager/nm-dhcp-client.action" pid=595 comm="apparmor_parser"
[    3.798122] type=1400 audit(1369637826.939:6): apparmor="STATUS" operation="profile_load" name="/usr/lib/connman/scripts/dhclient-script" pid=595 comm="apparmor_parser"
[    4.021466] input: ImPS/2 Generic Wheel Mouse as /devices/platform/i8042/serio1/input/input4
[    4.072016] snd_ens1371 0000:02:02.0: PCI INT A -> Link[LNKA] -> GSI 9 (level, low) -> IRQ 9
[    4.084459] init: failsafe main process (664) killed by TERM signal
[    4.205390] type=1400 audit(1369637827.347:7): apparmor="STATUS" operation="profile_load" name="/usr/lib/lightdm/lightdm/lightdm-guest-session-wrapper" pid=772 comm="apparmor_parser"
[    4.207445] type=1400 audit(1369637827.347:8): apparmor="STATUS" operation="profile_replace" name="/sbin/dhclient" pid=774 comm="apparmor_parser"
[    4.208286] type=1400 audit(1369637827.347:9): apparmor="STATUS" operation="profile_replace" name="/usr/lib/NetworkManager/nm-dhcp-client.action" pid=774 comm="apparmor_parser"
[    4.208338] type=1400 audit(1369637827.347:10): apparmor="STATUS" operation="profile_replace" name="/usr/lib/connman/scripts/dhclient-script" pid=774 comm="apparmor_parser"
[    4.393200] init: alsa-restore main process (858) terminated with status 19
