[    0.000000] Initializing cgroup subsys cpuset
[    0.000000] Initializing cgroup subsys cpu
[    0.000000] Linux version 3.2.0-29-generic-pae (buildd@roseapple) (gcc version 4.6.3 (Ubuntu/Linaro 4.6.3-1ubuntu5) ) #46-Ubuntu SMP Fri Jul 27 17:25:43 UTC 2012 (Ubuntu 3.2.0-29.46-generic-pae 3.2.24)
[    0.000000] KERNEL supported cpus:
[    0.000000]   Intel GenuineIntel
[    0.000000]   AMD AuthenticAMD
[    0.000000]   NSC Geode by NSC
[    0.000000]   Cyrix CyrixInstead
[    0.000000]   Centaur CentaurHauls
[    0.000000]   Transmeta GenuineTMx86
[    0.000000]   Transmeta TransmetaCPU
[    0.000000]   UMC UMC UMC UMC
[    0.000000] Disabled fast string operations
[    0.000000] BIOS-provided physical RAM map:
[    0.000000]  BIOS-e820: 0000000000000000 - 000000000009f000 (usable)
[    0.000000]  BIOS-e820: 000000000009f000 - 00000000000a0000 (reserved)
[    0.000000]  BIOS-e820: 00000000000ca000 - 00000000000cc000 (reserved)
[    0.000000]  BIOS-e820: 00000000000dc000 - 0000000000100000 (reserved)
[    0.000000]  BIOS-e820: 0000000000100000 - 000000003fee0000 (usable)
[    0.000000]  BIOS-e820: 000000003fee0000 - 000000003feff000 (ACPI data)
[    0.000000]  BIOS-e820: 000000003feff000 - 000000003ff00000 (ACPI NVS)
[    0.000000]  BIOS-e820: 000000003ff00000 - 0000000040000000 (usable)
[    0.000000]  BIOS-e820: 00000000e0000000 - 00000000f0000000 (reserved)
[    0.000000]  BIOS-e820: 00000000fec00000 - 00000000fec10000 (reserved)
[    0.000000]  BIOS-e820: 00000000fee00000 - 00000000fee01000 (reserved)
[    0.000000]  BIOS-e820: 00000000fffe0000 - 0000000100000000 (reserved)
[    0.000000] NX (Execute Disable) protection: active
[    0.000000] DMI present.
[    0.000000] DMI: VMware, Inc. VMware Virtual Platform/440BX Desktop Reference Platform, BIOS 6.00 07/02/2012
[    0.000000] Hypervisor detected: VMware
[    0.000000] e820 update range: 0000000000000000 - 0000000000010000 (usable) ==> (reserved)
[    0.000000] e820 remove range: 00000000000a0000 - 0000000000100000 (usable)
[    0.000000] last_pfn = 0x40000 max_arch_pfn = 0x1000000
[    0.000000] MTRR default type: uncachable
[    0.000000] MTRR fixed ranges enabled:
[    0.000000]   00000-9FFFF write-back
[    0.000000]   A0000-BFFFF uncachable
[    0.000000]   C0000-CBFFF write-protect
[    0.000000]   CC000-EFFFF uncachable
[    0.000000]   F0000-FFFFF write-protect
[    0.000000] MTRR variable ranges enabled:
[    0.000000]   0 base 0000000000 mask FFC0000000 write-back
[    0.000000]   1 disabled
[    0.000000]   2 disabled
[    0.000000]   3 disabled
[    0.000000]   4 disabled
[    0.000000]   5 disabled
[    0.000000]   6 disabled
[    0.000000]   7 disabled
[    0.000000] x86 PAT enabled: cpu 0, old 0x0, new 0x7010600070106
[    0.000000] found SMP MP-table at [c00f6bf0] f6bf0
[    0.000000] initial memory mapped : 0 - 02000000
[    0.000000] Base memory trampoline at [c009b000] 9b000 size 16384
[    0.000000] init_memory_mapping: 0000000000000000-0000000037bfe000
[    0.000000]  0000000000 - 0000200000 page 4k
[    0.000000]  0000200000 - 0037a00000 page 2M
[    0.000000]  0037a00000 - 0037bfe000 page 4k
[    0.000000] kernel direct mapping tables up to 37bfe000 @ 1ffb000-2000000
[    0.000000] RAMDISK: 364ea000 - 3726d000
[    0.000000] ACPI: RSDP 000f6b80 00024 (v02 PTLTD )
[    0.000000] ACPI: XSDT 3feed636 0005C (v01 INTEL  440BX    06040000 VMW  01324272)
[    0.000000] ACPI: FACP 3fefee98 000F4 (v04 INTEL  440BX    06040000 PTL  000F4240)
[    0.000000] ACPI: DSDT 3feee366 10B32 (v01 PTLTD  Custom   06040000 MSFT 03000001)
[    0.000000] ACPI: FACS 3fefffc0 00040
[    0.000000] ACPI: BOOT 3feee33e 00028 (v01 PTLTD  $SBFTBL$ 06040000  LTP 00000001)
[    0.000000] ACPI: APIC 3feedc3e 003C2 (v01 PTLTD  ? APIC   06040000  LTP 00000000)
[    0.000000] ACPI: MCFG 3feedc02 0003C (v01 PTLTD  $PCITBL$ 06040000  LTP 00000001)
[    0.000000] ACPI: SRAT 3feed732 004D0 (v02 VMWARE MEMPLUG  06040000 VMW  00000001)
[    0.000000] ACPI: HPET 3feed6fa 00038 (v01 VMWARE VMW HPET 06040000 VMW  00000001)
[    0.000000] ACPI: WAET 3feed6d2 00028 (v01 VMWARE VMW WAET 06040000 VMW  00000001)
[    0.000000] ACPI: Local APIC address 0xfee00000
[    0.000000] 132MB HIGHMEM available.
[    0.000000] 891MB LOWMEM available.
[    0.000000]   mapped low ram: 0 - 37bfe000
[    0.000000]   low ram: 0 - 37bfe000
[    0.000000] Zone PFN ranges:
[    0.000000]   DMA      0x00000010 -> 0x00001000
[    0.000000]   Normal   0x00001000 -> 0x00037bfe
[    0.000000]   HighMem  0x00037bfe -> 0x00040000
[    0.000000] Movable zone start PFN for each node
[    0.000000] early_node_map[3] active PFN ranges
[    0.000000]     0: 0x00000010 -> 0x0000009f
[    0.000000]     0: 0x00000100 -> 0x0003fee0
[    0.000000]     0: 0x0003ff00 -> 0x00040000
[    0.000000] On node 0 totalpages: 261999
[    0.000000] free_area_init_node: node 0, pgdat c1866a40, node_mem_map f73fd200
[    0.000000]   DMA zone: 32 pages used for memmap
[    0.000000]   DMA zone: 0 pages reserved
[    0.000000]   DMA zone: 3951 pages, LIFO batch:0
[    0.000000]   Normal zone: 1752 pages used for memmap
[    0.000000]   Normal zone: 222502 pages, LIFO batch:31
[    0.000000]   HighMem zone: 265 pages used for memmap
[    0.000000]   HighMem zone: 33497 pages, LIFO batch:7
[    0.000000] Using APIC driver default
[    0.000000] ACPI: PM-Timer IO Port: 0x1008
[    0.000000] ACPI: Local APIC address 0xfee00000
[    0.000000] ACPI: LAPIC (acpi_id[0x00] lapic_id[0x00] enabled)
[    0.000000] ACPI: LAPIC (acpi_id[0x01] lapic_id[0x02] disabled)
[    0.000000] ACPI: LAPIC (acpi_id[0x02] lapic_id[0x04] disabled)
[    0.000000] ACPI: LAPIC (acpi_id[0x03] lapic_id[0x06] disabled)
[    0.000000] ACPI: LAPIC (acpi_id[0x04] lapic_id[0x08] disabled)
[    0.000000] ACPI: LAPIC (acpi_id[0x05] lapic_id[0x0a] disabled)
[    0.000000] ACPI: LAPIC (acpi_id[0x06] lapic_id[0x0c] disabled)
[    0.000000] ACPI: LAPIC (acpi_id[0x07] lapic_id[0x0e] disabled)
[    0.000000] ACPI: LAPIC (acpi_id[0x08] lapic_id[0x10] disabled)
[    0.000000] ACPI: LAPIC (acpi_id[0x09] lapic_id[0x12] disabled)
[    0.000000] ACPI: LAPIC (acpi_id[0x0a] lapic_id[0x14] disabled)
[    0.000000] ACPI: LAPIC (acpi_id[0x0b] lapic_id[0x16] disabled)
[    0.000000] ACPI: LAPIC (acpi_id[0x0c] lapic_id[0x18] disabled)
[    0.000000] ACPI: LAPIC (acpi_id[0x0d] lapic_id[0x1a] disabled)
[    0.000000] ACPI: LAPIC (acpi_id[0x0e] lapic_id[0x1c] disabled)
[    0.000000] ACPI: LAPIC (acpi_id[0x0f] lapic_id[0x1e] disabled)
[    0.000000] ACPI: LAPIC (acpi_id[0x10] lapic_id[0x20] disabled)
[    0.000000] ACPI: LAPIC (acpi_id[0x11] lapic_id[0x22] disabled)
[    0.000000] ACPI: LAPIC (acpi_id[0x12] lapic_id[0x24] disabled)
[    0.000000] ACPI: LAPIC (acpi_id[0x13] lapic_id[0x26] disabled)
[    0.000000] ACPI: LAPIC (acpi_id[0x14] lapic_id[0x28] disabled)
[    0.000000] ACPI: LAPIC (acpi_id[0x15] lapic_id[0x2a] disabled)
[    0.000000] ACPI: LAPIC (acpi_id[0x16] lapic_id[0x2c] disabled)
[    0.000000] ACPI: LAPIC (acpi_id[0x17] lapic_id[0x2e] disabled)
[    0.000000] ACPI: LAPIC (acpi_id[0x18] lapic_id[0x30] disabled)
[    0.000000] ACPI: LAPIC (acpi_id[0x19] lapic_id[0x32] disabled)
[    0.000000] ACPI: LAPIC (acpi_id[0x1a] lapic_id[0x34] disabled)
[    0.000000] ACPI: LAPIC (acpi_id[0x1b] lapic_id[0x36] disabled)
[    0.000000] ACPI: LAPIC (acpi_id[0x1c] lapic_id[0x38] disabled)
[    0.000000] ACPI: LAPIC (acpi_id[0x1d] lapic_id[0x3a] disabled)
[    0.000000] ACPI: LAPIC (acpi_id[0x1e] lapic_id[0x3c] disabled)
[    0.000000] ACPI: LAPIC (acpi_id[0x1f] lapic_id[0x3e] disabled)
[    0.000000] ACPI: LAPIC (acpi_id[0x20] lapic_id[0x40] disabled)
[    0.000000] ACPI: LAPIC (acpi_id[0x21] lapic_id[0x42] disabled)
[    0.000000] ACPI: LAPIC (acpi_id[0x22] lapic_id[0x44] disabled)
[    0.000000] ACPI: LAPIC (acpi_id[0x23] lapic_id[0x46] disabled)
[    0.000000] ACPI: LAPIC (acpi_id[0x24] lapic_id[0x48] disabled)
[    0.000000] ACPI: LAPIC (acpi_id[0x25] lapic_id[0x4a] disabled)
[    0.000000] ACPI: LAPIC (acpi_id[0x26] lapic_id[0x4c] disabled)
[    0.000000] ACPI: LAPIC (acpi_id[0x27] lapic_id[0x4e] disabled)
[    0.000000] ACPI: LAPIC (acpi_id[0x28] lapic_id[0x50] disabled)
[    0.000000] ACPI: LAPIC (acpi_id[0x29] lapic_id[0x52] disabled)
[    0.000000] ACPI: LAPIC (acpi_id[0x2a] lapic_id[0x54] disabled)
[    0.000000] ACPI: LAPIC (acpi_id[0x2b] lapic_id[0x56] disabled)
[    0.000000] ACPI: LAPIC (acpi_id[0x2c] lapic_id[0x58] disabled)
[    0.000000] ACPI: LAPIC (acpi_id[0x2d] lapic_id[0x5a] disabled)
[    0.000000] ACPI: LAPIC (acpi_id[0x2e] lapic_id[0x5c] disabled)
[    0.000000] ACPI: LAPIC (acpi_id[0x2f] lapic_id[0x5e] disabled)
[    0.000000] ACPI: LAPIC (acpi_id[0x30] lapic_id[0x60] disabled)
[    0.000000] ACPI: LAPIC (acpi_id[0x31] lapic_id[0x62] disabled)
[    0.000000] ACPI: LAPIC (acpi_id[0x32] lapic_id[0x64] disabled)
[    0.000000] ACPI: LAPIC (acpi_id[0x33] lapic_id[0x66] disabled)
[    0.000000] ACPI: LAPIC (acpi_id[0x34] lapic_id[0x68] disabled)
[    0.000000] ACPI: LAPIC (acpi_id[0x35] lapic_id[0x6a] disabled)
[    0.000000] ACPI: LAPIC (acpi_id[0x36] lapic_id[0x6c] disabled)
[    0.000000] ACPI: LAPIC (acpi_id[0x37] lapic_id[0x6e] disabled)
[    0.000000] ACPI: LAPIC (acpi_id[0x38] lapic_id[0x70] disabled)
[    0.000000] ACPI: LAPIC (acpi_id[0x39] lapic_id[0x72] disabled)
[    0.000000] ACPI: LAPIC (acpi_id[0x3a] lapic_id[0x74] disabled)
[    0.000000] ACPI: LAPIC (acpi_id[0x3b] lapic_id[0x76] disabled)
[    0.000000] ACPI: LAPIC (acpi_id[0x3c] lapic_id[0x78] disabled)
[    0.000000] ACPI: LAPIC (acpi_id[0x3d] lapic_id[0x7a] disabled)
[    0.000000] ACPI: LAPIC (acpi_id[0x3e] lapic_id[0x7c] disabled)
[    0.000000] ACPI: LAPIC (acpi_id[0x3f] lapic_id[0x7e] disabled)
[    0.000000] ACPI: LAPIC_NMI (acpi_id[0x00] high edge lint[0x1])
[    0.000000] ACPI: LAPIC_NMI (acpi_id[0x01] high edge lint[0x1])
[    0.000000] ACPI: LAPIC_NMI (acpi_id[0x02] high edge lint[0x1])
[    0.000000] ACPI: LAPIC_NMI (acpi_id[0x03] high edge lint[0x1])
[    0.000000] ACPI: LAPIC_NMI (acpi_id[0x04] high edge lint[0x1])
[    0.000000] ACPI: LAPIC_NMI (acpi_id[0x05] high edge lint[0x1])
[    0.000000] ACPI: LAPIC_NMI (acpi_id[0x06] high edge lint[0x1])
[    0.000000] ACPI: LAPIC_NMI (acpi_id[0x07] high edge lint[0x1])
[    0.000000] ACPI: LAPIC_NMI (acpi_id[0x08] high edge lint[0x1])
[    0.000000] ACPI: LAPIC_NMI (acpi_id[0x09] high edge lint[0x1])
[    0.000000] ACPI: LAPIC_NMI (acpi_id[0x0a] high edge lint[0x1])
[    0.000000] ACPI: LAPIC_NMI (acpi_id[0x0b] high edge lint[0x1])
[    0.000000] ACPI: LAPIC_NMI (acpi_id[0x0c] high edge lint[0x1])
[    0.000000] ACPI: LAPIC_NMI (acpi_id[0x0d] high edge lint[0x1])
[    0.000000] ACPI: LAPIC_NMI (acpi_id[0x0e] high edge lint[0x1])
[    0.000000] ACPI: LAPIC_NMI (acpi_id[0x0f] high edge lint[0x1])
[    0.000000] ACPI: LAPIC_NMI (acpi_id[0x10] high edge lint[0x1])
[    0.000000] ACPI: LAPIC_NMI (acpi_id[0x11] high edge lint[0x1])
[    0.000000] ACPI: LAPIC_NMI (acpi_id[0x12] high edge lint[0x1])
[    0.000000] ACPI: LAPIC_NMI (acpi_id[0x13] high edge lint[0x1])
[    0.000000] ACPI: LAPIC_NMI (acpi_id[0x14] high edge lint[0x1])
[    0.000000] ACPI: LAPIC_NMI (acpi_id[0x15] high edge lint[0x1])
[    0.000000] ACPI: LAPIC_NMI (acpi_id[0x16] high edge lint[0x1])
[    0.000000] ACPI: LAPIC_NMI (acpi_id[0x17] high edge lint[0x1])
[    0.000000] ACPI: LAPIC_NMI (acpi_id[0x18] high edge lint[0x1])
[    0.000000] ACPI: LAPIC_NMI (acpi_id[0x19] high edge lint[0x1])
[    0.000000] ACPI: LAPIC_NMI (acpi_id[0x1a] high edge lint[0x1])
[    0.000000] ACPI: LAPIC_NMI (acpi_id[0x1b] high edge lint[0x1])
[    0.000000] ACPI: LAPIC_NMI (acpi_id[0x1c] high edge lint[0x1])
[    0.000000] ACPI: LAPIC_NMI (acpi_id[0x1d] high edge lint[0x1])
[    0.000000] ACPI: LAPIC_NMI (acpi_id[0x1e] high edge lint[0x1])
[    0.000000] ACPI: LAPIC_NMI (acpi_id[0x1f] high edge lint[0x1])
[    0.000000] ACPI: LAPIC_NMI (acpi_id[0x20] high edge lint[0x1])
[    0.000000] ACPI: LAPIC_NMI (acpi_id[0x21] high edge lint[0x1])
[    0.000000] ACPI: LAPIC_NMI (acpi_id[0x22] high edge lint[0x1])
[    0.000000] ACPI: LAPIC_NMI (acpi_id[0x23] high edge lint[0x1])
[    0.000000] ACPI: LAPIC_NMI (acpi_id[0x24] high edge lint[0x1])
[    0.000000] ACPI: LAPIC_NMI (acpi_id[0x25] high edge lint[0x1])
[    0.000000] ACPI: LAPIC_NMI (acpi_id[0x26] high edge lint[0x1])
[    0.000000] ACPI: LAPIC_NMI (acpi_id[0x27] high edge lint[0x1])
[    0.000000] ACPI: LAPIC_NMI (acpi_id[0x28] high edge lint[0x1])
[    0.000000] ACPI: LAPIC_NMI (acpi_id[0x29] high edge lint[0x1])
[    0.000000] ACPI: LAPIC_NMI (acpi_id[0x2a] high edge lint[0x1])
[    0.000000] ACPI: LAPIC_NMI (acpi_id[0x2b] high edge lint[0x1])
[    0.000000] ACPI: LAPIC_NMI (acpi_id[0x2c] high edge lint[0x1])
[    0.000000] ACPI: LAPIC_NMI (acpi_id[0x2d] high edge lint[0x1])
[    0.000000] ACPI: LAPIC_NMI (acpi_id[0x2e] high edge lint[0x1])
[    0.000000] ACPI: LAPIC_NMI (acpi_id[0x2f] high edge lint[0x1])
[    0.000000] ACPI: LAPIC_NMI (acpi_id[0x30] high edge lint[0x1])
[    0.000000] ACPI: LAPIC_NMI (acpi_id[0x31] high edge lint[0x1])
[    0.000000] ACPI: LAPIC_NMI (acpi_id[0x32] high edge lint[0x1])
[    0.000000] ACPI: LAPIC_NMI (acpi_id[0x33] high edge lint[0x1])
[    0.000000] ACPI: LAPIC_NMI (acpi_id[0x34] high edge lint[0x1])
[    0.000000] ACPI: LAPIC_NMI (acpi_id[0x35] high edge lint[0x1])
[    0.000000] ACPI: LAPIC_NMI (acpi_id[0x36] high edge lint[0x1])
[    0.000000] ACPI: LAPIC_NMI (acpi_id[0x37] high edge lint[0x1])
[    0.000000] ACPI: LAPIC_NMI (acpi_id[0x38] high edge lint[0x1])
[    0.000000] ACPI: LAPIC_NMI (acpi_id[0x39] high edge lint[0x1])
[    0.000000] ACPI: LAPIC_NMI (acpi_id[0x3a] high edge lint[0x1])
[    0.000000] ACPI: LAPIC_NMI (acpi_id[0x3b] high edge lint[0x1])
[    0.000000] ACPI: LAPIC_NMI (acpi_id[0x3c] high edge lint[0x1])
[    0.000000] ACPI: LAPIC_NMI (acpi_id[0x3d] high edge lint[0x1])
[    0.000000] ACPI: LAPIC_NMI (acpi_id[0x3e] high edge lint[0x1])
[    0.000000] ACPI: LAPIC_NMI (acpi_id[0x3f] high edge lint[0x1])
[    0.000000] ACPI: Skipping IOAPIC probe due to 'noapic' option.
[    0.000000] Using ACPI for processor (LAPIC) configuration information
[    0.000000] ACPI: HPET id: 0x8086af01 base: 0xfed00000
[    0.000000] Intel MultiProcessor Specification v1.4
[    0.000000]     Virtual Wire compatibility mode.
[    0.000000] MPTABLE: OEM ID: INTEL   
[    0.000000] MPTABLE: Product ID: 440BX       
[    0.000000] MPTABLE: APIC at: 0xFEE00000
[    0.000000] IOAPIC[0]: apic_id 1, version 17, address 0xfec00000, GSI 0-23
[    0.000000] Processors: 1
[    0.000000] SMP: Allowing 1 CPUs, 0 hotplug CPUs
[    0.000000] nr_irqs_gsi: 40
[    0.000000] PM: Registered nosave memory: 000000000009f000 - 00000000000a0000
[    0.000000] PM: Registered nosave memory: 00000000000a0000 - 00000000000ca000
[    0.000000] PM: Registered nosave memory: 00000000000ca000 - 00000000000cc000
[    0.000000] PM: Registered nosave memory: 00000000000cc000 - 00000000000dc000
[    0.000000] PM: Registered nosave memory: 00000000000dc000 - 0000000000100000
[    0.000000] Allocating PCI resources starting at 40000000 (gap: 40000000:a0000000)
[    0.000000] Booting paravirtualized kernel on bare hardware
[    0.000000] setup_percpu: NR_CPUS:8 nr_cpumask_bits:8 nr_cpu_ids:1 nr_node_ids:1
[    0.000000] PERCPU: Embedded 14 pages/cpu @f73e8000 s34240 r0 d23104 u57344
[    0.000000] pcpu-alloc: s34240 r0 d23104 u57344 alloc=14*4096
[    0.000000] pcpu-alloc: [0] 0 
[    0.000000] Built 1 zonelists in Zone order, mobility grouping on.  Total pages: 259950
[    0.000000] Kernel command line: BOOT_IMAGE=/boot/vmlinuz-3.2.0-29-generic-pae root=UUID=007b598c-390d-4c65-84a1-4ff752d48633 ro quiet splash maxcpus=0
[    0.000000] PID hash table entries: 4096 (order: 2, 16384 bytes)
[    0.000000] Dentry cache hash table entries: 131072 (order: 7, 524288 bytes)
[    0.000000] Inode-cache hash table entries: 65536 (order: 6, 262144 bytes)
[    0.000000] Initializing CPU#0
[    0.000000] xsave/xrstor: enabled xstate_bv 0x7, cntxt size 0x340
[    0.000000] allocated 4194048 bytes of page_cgroup
[    0.000000] please try 'cgroup_disable=memory' option if you don't want memory cgroups
[    0.000000] Initializing HighMem for node 0 (00037bfe:00040000)
[    0.000000] Memory: 1010624k/1048576k available (5814k kernel code, 37372k reserved, 2841k data, 740k init, 135048k highmem)
[    0.000000] virtual kernel memory layout:
[    0.000000]     fixmap  : 0xfff16000 - 0xfffff000   ( 932 kB)
[    0.000000]     pkmap   : 0xffc00000 - 0xffe00000   (2048 kB)
[    0.000000]     vmalloc : 0xf83fe000 - 0xffbfe000   ( 120 MB)
[    0.000000]     lowmem  : 0xc0000000 - 0xf7bfe000   ( 891 MB)
[    0.000000]       .init : 0xc1875000 - 0xc192e000   ( 740 kB)
[    0.000000]       .data : 0xc15adb64 - 0xc1874240   (2841 kB)
[    0.000000]       .text : 0xc1000000 - 0xc15adb64   (5814 kB)
[    0.000000] Checking if this processor honours the WP bit even in supervisor mode...Ok.
[    0.000000] SLUB: Genslabs=15, HWalign=64, Order=0-3, MinObjects=0, CPUs=1, Nodes=1
[    0.000000] Hierarchical RCU implementation.
[    0.000000] 	RCU dyntick-idle grace-period acceleration is enabled.
[    0.000000] NR_IRQS:2304 nr_irqs:256 16
[    0.000000] CPU 0 irqstacks, hard=f5c08000 soft=f5c0a000
[    0.000000] Extended CMOS year: 2000
[    0.000000] Console: colour VGA+ 80x25
[    0.000000] console [tty0] enabled
[    0.000000] hpet clockevent registered
[    0.000000] TSC freq read from hypervisor : 2394.620 MHz
[    0.000000] Detected 2394.620 MHz processor.
[    0.000001] Calibrating delay loop (skipped) preset value.. 4789.24 BogoMIPS (lpj=9578480)
[    0.000004] pid_max: default: 32768 minimum: 301
[    0.000021] Security Framework initialized
[    0.000039] AppArmor: AppArmor initialized
[    0.000041] Yama: becoming mindful.
[    0.000089] Mount-cache hash table entries: 512
[    0.000192] Initializing cgroup subsys cpuacct
[    0.000197] Initializing cgroup subsys memory
[    0.000203] Initializing cgroup subsys devices
[    0.000205] Initializing cgroup subsys freezer
[    0.000207] Initializing cgroup subsys blkio
[    0.000213] Initializing cgroup subsys perf_event
[    0.000265] Disabled fast string operations
[    0.000269] CPU: Physical Processor ID: 0
[    0.000280] ENERGY_PERF_BIAS: Set to 'normal', was 'performance'
[    0.000282] ENERGY_PERF_BIAS: View and update with x86_energy_perf_policy(8)
[    0.000933] mce: CPU supports 0 MCE banks
[    0.001660] SMP alternatives: switching to UP code
[    0.018365] Freeing SMP alternatives: 24k freed
[    0.018370] ACPI: Core revision 20110623
[    0.024512] ACPI: setting ELCR to 0200 (from 0e20)
[    0.025547] ftrace: allocating 26545 entries in 52 pages
[    0.045962] SMP mode deactivated.
[    0.045991] SMP disabled
[    0.045993] Performance Events: generic architected perfmon v1, core PMU driver.
[    0.046004] ... version:                1
[    0.046005] ... bit width:              48
[    0.046006] ... generic registers:      4
[    0.046007] ... value mask:             0000ffffffffffff
[    0.046008] ... max period:             000000007fffffff
[    0.046009] ... fixed-purpose events:   0
[    0.046010] ... event mask:             000000000000000f
[    0.046126] NMI watchdog enabled, takes one hw-pmu counter.
[    0.046164] Brought up 1 CPUs
[    0.046166] Total of 1 processors activated (4789.24 BogoMIPS).
[    0.046268] devtmpfs: initialized
[    0.046338] EVM: security.selinux
[    0.046339] EVM: security.SMACK64
[    0.046340] EVM: security.capability
[    0.046364] PM: Registering ACPI NVS region at 3feff000 (4096 bytes)
[    0.047076] print_constraints: dummy: 
[    0.047143] RTC time:  9:40:23, date: 05/27/13
[    0.047171] NET: Registered protocol family 16
[    0.047241] EISA bus registered
[    0.047251] ACPI: bus type pci registered
[    0.047353] PCI: MMCONFIG for domain 0000 [bus 00-ff] at [mem 0xe0000000-0xefffffff] (base 0xe0000000)
[    0.047356] PCI: MMCONFIG at [mem 0xe0000000-0xefffffff] reserved in E820
[    0.047357] PCI: Using MMCONFIG for extended config space
[    0.047358] PCI: Using configuration type 1 for base access
[    0.048039] bio: create slab <bio-0> at 0
[    0.048102] ACPI: Added _OSI(Module Device)
[    0.048103] ACPI: Added _OSI(Processor Device)
[    0.048104] ACPI: Added _OSI(3.0 _SCP Extensions)
[    0.048105] ACPI: Added _OSI(Processor Aggregator Device)
[    0.049987] ACPI: EC: Look up EC in DSDT
[    0.054452] [Firmware Bug]: ACPI: BIOS _OSI(Linux) query ignored
[    0.062144] ACPI: Interpreter enabled
[    0.062152] ACPI: (supports S0 S1 S4 S5)
[    0.062161] ACPI: Using PIC for interrupt routing
[    0.100091] ACPI: No dock devices found.
[    0.100094] HEST: Table not found.
[    0.100099] PCI: Using host bridge windows from ACPI; if necessary, use "pci=nocrs" and report a bug
[    0.100756] ACPI: PCI Root Bridge [PCI0] (domain 0000 [bus 00-ff])
[    0.101883] pci_root PNP0A03:00: host bridge window [mem 0x000a0000-0x000bffff]
[    0.101885] pci_root PNP0A03:00: host bridge window [mem 0x000cc000-0x000cffff]
[    0.101886] pci_root PNP0A03:00: host bridge window [mem 0x000d0000-0x000d3fff]
[    0.101888] pci_root PNP0A03:00: host bridge window [mem 0x000d4000-0x000d7fff]
[    0.101889] pci_root PNP0A03:00: host bridge window [mem 0x000d8000-0x000dbfff]
[    0.101891] pci_root PNP0A03:00: host bridge window [mem 0xc0000000-0xfebfffff]
[    0.101893] pci_root PNP0A03:00: host bridge window [io  0x0000-0x0cf7]
[    0.101894] pci_root PNP0A03:00: host bridge window [io  0x0d00-0xfeff]
[    0.101943] pci 0000:00:00.0: [8086:7190] type 0 class 0x000600
[    0.102346] pci 0000:00:01.0: [8086:7191] type 1 class 0x000604
[    0.102723] pci 0000:00:07.0: [8086:7110] type 0 class 0x000601
[    0.103320] pci 0000:00:07.1: [8086:7111] type 0 class 0x000101
[    0.104816] pci 0000:00:07.1: reg 20: [io  0x10c0-0x10cf]
[    0.105528] pci 0000:00:07.3: [8086:7113] type 0 class 0x000680
[    0.107138] pci 0000:00:07.3: quirk: [io  0x1000-0x103f] claimed by PIIX4 ACPI
[    0.107150] pci 0000:00:07.3: quirk: [io  0x1040-0x104f] claimed by PIIX4 SMB
[    0.107368] pci 0000:00:07.7: [15ad:0740] type 0 class 0x000880
[    0.107860] pci 0000:00:07.7: reg 10: [io  0x1080-0x10bf]
[    0.108426] pci 0000:00:07.7: reg 14: [mem 0xc8000000-0xc8001fff 64bit]
[    0.110418] pci 0000:00:0f.0: [15ad:0405] type 0 class 0x000300
[    0.112440] pci 0000:00:0f.0: reg 10: [io  0x10d0-0x10df]
[    0.114371] pci 0000:00:0f.0: reg 14: [mem 0xd0000000-0xd7ffffff pref]
[    0.116325] pci 0000:00:0f.0: reg 18: [mem 0xc8800000-0xc8ffffff]
[    0.124084] pci 0000:00:0f.0: reg 30: [mem 0x00000000-0x00007fff pref]
[    0.124367] pci 0000:00:10.0: [1000:0030] type 0 class 0x000100
[    0.124933] pci 0000:00:10.0: reg 10: [io  0x1400-0x14ff]
[    0.125642] pci 0000:00:10.0: reg 14: [mem 0xc8040000-0xc805ffff 64bit]
[    0.126340] pci 0000:00:10.0: reg 1c: [mem 0xc8020000-0xc803ffff 64bit]
[    0.127364] pci 0000:00:10.0: reg 30: [mem 0x00000000-0x00003fff pref]
[    0.127511] pci 0000:00:11.0: [15ad:0790] type 1 class 0x000604
[    0.128190] pci 0000:00:15.0: [15ad:07a0] type 1 class 0x000604
[    0.128971] pci 0000:00:15.0: PME# supported from D0 D3hot D3cold
[    0.129002] pci 0000:00:15.0: PME# disabled
[    0.129263] pci 0000:00:15.1: [15ad:07a0] type 1 class 0x000604
[    0.129955] pci 0000:00:15.1: PME# supported from D0 D3hot D3cold
[    0.129976] pci 0000:00:15.1: PME# disabled
[    0.130190] pci 0000:00:15.2: [15ad:07a0] type 1 class 0x000604
[    0.130876] pci 0000:00:15.2: PME# supported from D0 D3hot D3cold
[    0.130898] pci 0000:00:15.2: PME# disabled
[    0.131111] pci 0000:00:15.3: [15ad:07a0] type 1 class 0x000604
[    0.131810] pci 0000:00:15.3: PME# supported from D0 D3hot D3cold
[    0.131832] pci 0000:00:15.3: PME# disabled
[    0.132045] pci 0000:00:15.4: [15ad:07a0] type 1 class 0x000604
[    0.132740] pci 0000:00:15.4: PME# supported from D0 D3hot D3cold
[    0.132761] pci 0000:00:15.4: PME# disabled
[    0.132982] pci 0000:00:15.5: [15ad:07a0] type 1 class 0x000604
[    0.133674] pci 0000:00:15.5: PME# supported from D0 D3hot D3cold
[    0.133695] pci 0000:00:15.5: PME# disabled
[    0.133908] pci 0000:00:15.6: [15ad:07a0] type 1 class 0x000604
[    0.134590] pci 0000:00:15.6: PME# supported from D0 D3hot D3cold
[    0.134621] pci 0000:00:15.6: PME# disabled
[    0.134837] pci 0000:00:15.7: [15ad:07a0] type 1 class 0x000604
[    0.135520] pci 0000:00:15.7: PME# supported from D0 D3hot D3cold
[    0.135541] pci 0000:00:15.7: PME# disabled
[    0.135775] pci 0000:00:16.0: [15ad:07a0] type 1 class 0x000604
[    0.136456] pci 0000:00:16.0: PME# supported from D0 D3hot D3cold
[    0.136477] pci 0000:00:16.0: PME# disabled
[    0.136698] pci 0000:00:16.1: [15ad:07a0] type 1 class 0x000604
[    0.137376] pci 0000:00:16.1: PME# supported from D0 D3hot D3cold
[    0.137397] pci 0000:00:16.1: PME# disabled
[    0.137622] pci 0000:00:16.2: [15ad:07a0] type 1 class 0x000604
[    0.138302] pci 0000:00:16.2: PME# supported from D0 D3hot D3cold
[    0.138324] pci 0000:00:16.2: PME# disabled
[    0.138535] pci 0000:00:16.3: [15ad:07a0] type 1 class 0x000604
[    0.139224] pci 0000:00:16.3: PME# supported from D0 D3hot D3cold
[    0.139246] pci 0000:00:16.3: PME# disabled
[    0.139457] pci 0000:00:16.4: [15ad:07a0] type 1 class 0x000604
[    0.140163] pci 0000:00:16.4: PME# supported from D0 D3hot D3cold
[    0.140185] pci 0000:00:16.4: PME# disabled
[    0.140404] pci 0000:00:16.5: [15ad:07a0] type 1 class 0x000604
[    0.141087] pci 0000:00:16.5: PME# supported from D0 D3hot D3cold
[    0.141109] pci 0000:00:16.5: PME# disabled
[    0.141322] pci 0000:00:16.6: [15ad:07a0] type 1 class 0x000604
[    0.142004] pci 0000:00:16.6: PME# supported from D0 D3hot D3cold
[    0.142026] pci 0000:00:16.6: PME# disabled
[    0.142238] pci 0000:00:16.7: [15ad:07a0] type 1 class 0x000604
[    0.142920] pci 0000:00:16.7: PME# supported from D0 D3hot D3cold
[    0.142942] pci 0000:00:16.7: PME# disabled
[    0.143154] pci 0000:00:17.0: [15ad:07a0] type 1 class 0x000604
[    0.143850] pci 0000:00:17.0: PME# supported from D0 D3hot D3cold
[    0.143871] pci 0000:00:17.0: PME# disabled
[    0.144084] pci 0000:00:17.1: [15ad:07a0] type 1 class 0x000604
[    0.144776] pci 0000:00:17.1: PME# supported from D0 D3hot D3cold
[    0.144798] pci 0000:00:17.1: PME# disabled
[    0.145038] pci 0000:00:17.2: [15ad:07a0] type 1 class 0x000604
[    0.145773] pci 0000:00:17.2: PME# supported from D0 D3hot D3cold
[    0.145800] pci 0000:00:17.2: PME# disabled
[    0.146073] pci 0000:00:17.3: [15ad:07a0] type 1 class 0x000604
[    0.146805] pci 0000:00:17.3: PME# supported from D0 D3hot D3cold
[    0.146827] pci 0000:00:17.3: PME# disabled
[    0.147040] pci 0000:00:17.4: [15ad:07a0] type 1 class 0x000604
[    0.147723] pci 0000:00:17.4: PME# supported from D0 D3hot D3cold
[    0.147759] pci 0000:00:17.4: PME# disabled
[    0.147980] pci 0000:00:17.5: [15ad:07a0] type 1 class 0x000604
[    0.148670] pci 0000:00:17.5: PME# supported from D0 D3hot D3cold
[    0.148691] pci 0000:00:17.5: PME# disabled
[    0.148903] pci 0000:00:17.6: [15ad:07a0] type 1 class 0x000604
[    0.149582] pci 0000:00:17.6: PME# supported from D0 D3hot D3cold
[    0.149609] pci 0000:00:17.6: PME# disabled
[    0.149823] pci 0000:00:17.7: [15ad:07a0] type 1 class 0x000604
[    0.150502] pci 0000:00:17.7: PME# supported from D0 D3hot D3cold
[    0.150523] pci 0000:00:17.7: PME# disabled
[    0.150747] pci 0000:00:18.0: [15ad:07a0] type 1 class 0x000604
[    0.151428] pci 0000:00:18.0: PME# supported from D0 D3hot D3cold
[    0.151449] pci 0000:00:18.0: PME# disabled
[    0.151664] pci 0000:00:18.1: [15ad:07a0] type 1 class 0x000604
[    0.152363] pci 0000:00:18.1: PME# supported from D0 D3hot D3cold
[    0.152385] pci 0000:00:18.1: PME# disabled
[    0.152612] pci 0000:00:18.2: [15ad:07a0] type 1 class 0x000604
[    0.153295] pci 0000:00:18.2: PME# supported from D0 D3hot D3cold
[    0.153317] pci 0000:00:18.2: PME# disabled
[    0.153531] pci 0000:00:18.3: [15ad:07a0] type 1 class 0x000604
[    0.154225] pci 0000:00:18.3: PME# supported from D0 D3hot D3cold
[    0.154246] pci 0000:00:18.3: PME# disabled
[    0.154459] pci 0000:00:18.4: [15ad:07a0] type 1 class 0x000604
[    0.155153] pci 0000:00:18.4: PME# supported from D0 D3hot D3cold
[    0.155175] pci 0000:00:18.4: PME# disabled
[    0.155393] pci 0000:00:18.5: [15ad:07a0] type 1 class 0x000604
[    0.156090] pci 0000:00:18.5: PME# supported from D0 D3hot D3cold
[    0.156111] pci 0000:00:18.5: PME# disabled
[    0.156324] pci 0000:00:18.6: [15ad:07a0] type 1 class 0x000604
[    0.157021] pci 0000:00:18.6: PME# supported from D0 D3hot D3cold
[    0.157042] pci 0000:00:18.6: PME# disabled
[    0.157256] pci 0000:00:18.7: [15ad:07a0] type 1 class 0x000604
[    0.157945] pci 0000:00:18.7: PME# supported from D0 D3hot D3cold
[    0.157967] pci 0000:00:18.7: PME# disabled
[    0.158505] pci 0000:00:01.0: PCI bridge to [bus 01-01]
[    0.158799] pci 0000:02:00.0: [15ad:0774] type 0 class 0x000c03
[    0.160087] pci 0000:02:00.0: reg 20: [io  0x20c0-0x20df]
[    0.160699] pci 0000:02:01.0: [1022:2000] type 0 class 0x000200
[    0.160971] pci 0000:02:01.0: reg 10: [io  0x2000-0x207f]
[    0.162417] pci 0000:02:01.0: reg 30: [mem 0x00000000-0x0000ffff pref]
[    0.162535] pci 0000:02:02.0: [1274:1371] type 0 class 0x000401
[    0.162857] pci 0000:02:02.0: reg 10: [io  0x2080-0x20bf]
[    0.164708] pci 0000:02:03.0: [15ad:0770] type 0 class 0x000c03
[    0.164966] pci 0000:02:03.0: reg 10: [mem 0xc9000000-0xc9000fff]
[    0.166591] pci 0000:00:11.0: PCI bridge to [bus 02-02] (subtractive decode)
[    0.166613] pci 0000:00:11.0:   bridge window [io  0x2000-0x3fff]
[    0.166634] pci 0000:00:11.0:   bridge window [mem 0xc9000000-0xca3fffff]
[    0.166674] pci 0000:00:11.0:   bridge window [mem 0xd8400000-0xd89fffff 64bit pref]
[    0.166676] pci 0000:00:11.0:   bridge window [mem 0x000a0000-0x000bffff] (subtractive decode)
[    0.166678] pci 0000:00:11.0:   bridge window [mem 0x000cc000-0x000cffff] (subtractive decode)
[    0.166679] pci 0000:00:11.0:   bridge window [mem 0x000d0000-0x000d3fff] (subtractive decode)
[    0.166681] pci 0000:00:11.0:   bridge window [mem 0x000d4000-0x000d7fff] (subtractive decode)
[    0.166682] pci 0000:00:11.0:   bridge window [mem 0x000d8000-0x000dbfff] (subtractive decode)
[    0.166684] pci 0000:00:11.0:   bridge window [mem 0xc0000000-0xfebfffff] (subtractive decode)
[    0.166686] pci 0000:00:11.0:   bridge window [io  0x0000-0x0cf7] (subtractive decode)
[    0.166687] pci 0000:00:11.0:   bridge window [io  0x0d00-0xfeff] (subtractive decode)
[    0.167103] pci 0000:00:15.0: PCI bridge to [bus 03-03]
[    0.167123] pci 0000:00:15.0:   bridge window [io  0x4000-0x4fff]
[    0.167144] pci 0000:00:15.0:   bridge window [mem 0xca400000-0xca4fffff]
[    0.167183] pci 0000:00:15.0:   bridge window [mem 0xd8a00000-0xd8afffff 64bit pref]
[    0.167608] pci 0000:00:15.1: PCI bridge to [bus 04-04]
[    0.167628] pci 0000:00:15.1:   bridge window [io  0x8000-0x8fff]
[    0.167649] pci 0000:00:15.1:   bridge window [mem 0xca800000-0xca8fffff]
[    0.167688] pci 0000:00:15.1:   bridge window [mem 0xd8e00000-0xd8efffff 64bit pref]
[    0.168115] pci 0000:00:15.2: PCI bridge to [bus 05-05]
[    0.168136] pci 0000:00:15.2:   bridge window [io  0xc000-0xcfff]
[    0.168157] pci 0000:00:15.2:   bridge window [mem 0xcac00000-0xcacfffff]
[    0.168196] pci 0000:00:15.2:   bridge window [mem 0xd9200000-0xd92fffff 64bit pref]
[    0.168614] pci 0000:00:15.3: PCI bridge to [bus 06-06]
[    0.168653] pci 0000:00:15.3:   bridge window [mem 0xcb000000-0xcb0fffff]
[    0.168692] pci 0000:00:15.3:   bridge window [mem 0xd9600000-0xd96fffff 64bit pref]
[    0.169102] pci 0000:00:15.4: PCI bridge to [bus 07-07]
[    0.169141] pci 0000:00:15.4:   bridge window [mem 0xcb400000-0xcb4fffff]
[    0.169180] pci 0000:00:15.4:   bridge window [mem 0xd9a00000-0xd9afffff 64bit pref]
[    0.169596] pci 0000:00:15.5: PCI bridge to [bus 08-08]
[    0.169635] pci 0000:00:15.5:   bridge window [mem 0xcb800000-0xcb8fffff]
[    0.169675] pci 0000:00:15.5:   bridge window [mem 0xd9e00000-0xd9efffff 64bit pref]
[    0.170086] pci 0000:00:15.6: PCI bridge to [bus 09-09]
[    0.170125] pci 0000:00:15.6:   bridge window [mem 0xcbc00000-0xcbcfffff]
[    0.170164] pci 0000:00:15.6:   bridge window [mem 0xda200000-0xda2fffff 64bit pref]
[    0.170584] pci 0000:00:15.7: PCI bridge to [bus 0a-0a]
[    0.170623] pci 0000:00:15.7:   bridge window [mem 0xcc000000-0xcc0fffff]
[    0.170662] pci 0000:00:15.7:   bridge window [mem 0xda600000-0xda6fffff 64bit pref]
[    0.171071] pci 0000:00:16.0: PCI bridge to [bus 0b-0b]
[    0.171091] pci 0000:00:16.0:   bridge window [io  0x5000-0x5fff]
[    0.171112] pci 0000:00:16.0:   bridge window [mem 0xca500000-0xca5fffff]
[    0.171152] pci 0000:00:16.0:   bridge window [mem 0xd8b00000-0xd8bfffff 64bit pref]
[    0.171566] pci 0000:00:16.1: PCI bridge to [bus 0c-0c]
[    0.171595] pci 0000:00:16.1:   bridge window [io  0x9000-0x9fff]
[    0.171627] pci 0000:00:16.1:   bridge window [mem 0xca900000-0xca9fffff]
[    0.171687] pci 0000:00:16.1:   bridge window [mem 0xd8f00000-0xd8ffffff 64bit pref]
[    0.172165] pci 0000:00:16.2: PCI bridge to [bus 0d-0d]
[    0.172185] pci 0000:00:16.2:   bridge window [io  0xd000-0xdfff]
[    0.172206] pci 0000:00:16.2:   bridge window [mem 0xcad00000-0xcadfffff]
[    0.172245] pci 0000:00:16.2:   bridge window [mem 0xd9300000-0xd93fffff 64bit pref]
[    0.172694] pci 0000:00:16.3: PCI bridge to [bus 0e-0e]
[    0.172737] pci 0000:00:16.3:   bridge window [mem 0xcb100000-0xcb1fffff]
[    0.172776] pci 0000:00:16.3:   bridge window [mem 0xd9700000-0xd97fffff 64bit pref]
[    0.173188] pci 0000:00:16.4: PCI bridge to [bus 0f-0f]
[    0.173227] pci 0000:00:16.4:   bridge window [mem 0xcb500000-0xcb5fffff]
[    0.173266] pci 0000:00:16.4:   bridge window [mem 0xd9b00000-0xd9bfffff 64bit pref]
[    0.173678] pci 0000:00:16.5: PCI bridge to [bus 10-10]
[    0.173717] pci 0000:00:16.5:   bridge window [mem 0xcb900000-0xcb9fffff]
[    0.173756] pci 0000:00:16.5:   bridge window [mem 0xd9f00000-0xd9ffffff 64bit pref]
[    0.174167] pci 0000:00:16.6: PCI bridge to [bus 11-11]
[    0.174206] pci 0000:00:16.6:   bridge window [mem 0xcbd00000-0xcbdfffff]
[    0.174245] pci 0000:00:16.6:   bridge window [mem 0xda300000-0xda3fffff 64bit pref]
[    0.174668] pci 0000:00:16.7: PCI bridge to [bus 12-12]
[    0.174707] pci 0000:00:16.7:   bridge window [mem 0xcc100000-0xcc1fffff]
[    0.174746] pci 0000:00:16.7:   bridge window [mem 0xda700000-0xda7fffff 64bit pref]
[    0.175158] pci 0000:00:17.0: PCI bridge to [bus 13-13]
[    0.175179] pci 0000:00:17.0:   bridge window [io  0x6000-0x6fff]
[    0.175199] pci 0000:00:17.0:   bridge window [mem 0xca600000-0xca6fffff]
[    0.175238] pci 0000:00:17.0:   bridge window [mem 0xd8c00000-0xd8cfffff 64bit pref]
[    0.175650] pci 0000:00:17.1: PCI bridge to [bus 14-14]
[    0.175671] pci 0000:00:17.1:   bridge window [io  0xa000-0xafff]
[    0.175692] pci 0000:00:17.1:   bridge window [mem 0xcaa00000-0xcaafffff]
[    0.175745] pci 0000:00:17.1:   bridge window [mem 0xd9000000-0xd90fffff 64bit pref]
[    0.176160] pci 0000:00:17.2: PCI bridge to [bus 15-15]
[    0.176180] pci 0000:00:17.2:   bridge window [io  0xe000-0xefff]
[    0.176201] pci 0000:00:17.2:   bridge window [mem 0xcae00000-0xcaefffff]
[    0.176240] pci 0000:00:17.2:   bridge window [mem 0xd9400000-0xd94fffff 64bit pref]
[    0.176656] pci 0000:00:17.3: PCI bridge to [bus 16-16]
[    0.176695] pci 0000:00:17.3:   bridge window [mem 0xcb200000-0xcb2fffff]
[    0.176734] pci 0000:00:17.3:   bridge window [mem 0xd9800000-0xd98fffff 64bit pref]
[    0.177145] pci 0000:00:17.4: PCI bridge to [bus 17-17]
[    0.177184] pci 0000:00:17.4:   bridge window [mem 0xcb600000-0xcb6fffff]
[    0.177223] pci 0000:00:17.4:   bridge window [mem 0xd9c00000-0xd9cfffff 64bit pref]
[    0.177648] pci 0000:00:17.5: PCI bridge to [bus 18-18]
[    0.177687] pci 0000:00:17.5:   bridge window [mem 0xcba00000-0xcbafffff]
[    0.177726] pci 0000:00:17.5:   bridge window [mem 0xda000000-0xda0fffff 64bit pref]
[    0.178138] pci 0000:00:17.6: PCI bridge to [bus 19-19]
[    0.178177] pci 0000:00:17.6:   bridge window [mem 0xcbe00000-0xcbefffff]
[    0.178216] pci 0000:00:17.6:   bridge window [mem 0xda400000-0xda4fffff 64bit pref]
[    0.178706] pci 0000:00:17.7: PCI bridge to [bus 1a-1a]
[    0.178757] pci 0000:00:17.7:   bridge window [mem 0xcc200000-0xcc2fffff]
[    0.178808] pci 0000:00:17.7:   bridge window [mem 0xda800000-0xda8fffff 64bit pref]
[    0.179341] pci 0000:00:18.0: PCI bridge to [bus 1b-1b]
[    0.179368] pci 0000:00:18.0:   bridge window [io  0x7000-0x7fff]
[    0.179394] pci 0000:00:18.0:   bridge window [mem 0xca700000-0xca7fffff]
[    0.179444] pci 0000:00:18.0:   bridge window [mem 0xd8d00000-0xd8dfffff 64bit pref]
[    0.180011] pci 0000:00:18.1: PCI bridge to [bus 1c-1c]
[    0.180038] pci 0000:00:18.1:   bridge window [io  0xb000-0xbfff]
[    0.180065] pci 0000:00:18.1:   bridge window [mem 0xcab00000-0xcabfffff]
[    0.180115] pci 0000:00:18.1:   bridge window [mem 0xd9100000-0xd91fffff 64bit pref]
[    0.180671] pci 0000:00:18.2: PCI bridge to [bus 1d-1d]
[    0.180697] pci 0000:00:18.2:   bridge window [io  0xf000-0xffff]
[    0.180724] pci 0000:00:18.2:   bridge window [mem 0xcaf00000-0xcaffffff]
[    0.180774] pci 0000:00:18.2:   bridge window [mem 0xd9500000-0xd95fffff 64bit pref]
[    0.181303] pci 0000:00:18.3: PCI bridge to [bus 1e-1e]
[    0.181352] pci 0000:00:18.3:   bridge window [mem 0xcb300000-0xcb3fffff]
[    0.181403] pci 0000:00:18.3:   bridge window [mem 0xd9900000-0xd99fffff 64bit pref]
[    0.181955] pci 0000:00:18.4: PCI bridge to [bus 1f-1f]
[    0.182004] pci 0000:00:18.4:   bridge window [mem 0xcb700000-0xcb7fffff]
[    0.182054] pci 0000:00:18.4:   bridge window [mem 0xd9d00000-0xd9dfffff 64bit pref]
[    0.182608] pci 0000:00:18.5: PCI bridge to [bus 20-20]
[    0.182658] pci 0000:00:18.5:   bridge window [mem 0xcbb00000-0xcbbfffff]
[    0.182708] pci 0000:00:18.5:   bridge window [mem 0xda100000-0xda1fffff 64bit pref]
[    0.183234] pci 0000:00:18.6: PCI bridge to [bus 21-21]
[    0.183283] pci 0000:00:18.6:   bridge window [mem 0xcbf00000-0xcbffffff]
[    0.183333] pci 0000:00:18.6:   bridge window [mem 0xda500000-0xda5fffff 64bit pref]
[    0.183845] pci 0000:00:18.7: PCI bridge to [bus 22-22]
[    0.183884] pci 0000:00:18.7:   bridge window [mem 0xcc300000-0xcc3fffff]
[    0.183924] pci 0000:00:18.7:   bridge window [mem 0xda900000-0xda9fffff 64bit pref]
[    0.185513] pci_bus 0000:00: on NUMA node 0
[    0.185518] ACPI: PCI Interrupt Routing Table [\_SB_.PCI0._PRT]
[    0.186115]  pci0000:00: Requesting ACPI _OSC control (0x1d)
[    0.186310]  pci0000:00: ACPI _OSC control (0x15) granted
[    0.261640] ACPI: PCI Interrupt Link [LNKA] (IRQs 3 4 5 6 7 *9 10 11 14 15)
[    0.261712] ACPI: PCI Interrupt Link [LNKB] (IRQs 3 4 5 6 7 9 10 *11 14 15)
[    0.261778] ACPI: PCI Interrupt Link [LNKC] (IRQs 3 4 5 6 7 9 *10 11 14 15)
[    0.261844] ACPI: PCI Interrupt Link [LNKD] (IRQs 3 4 *5 6 7 9 10 11 14 15)
[    0.261978] vgaarb: device added: PCI:0000:00:0f.0,decodes=io+mem,owns=io+mem,locks=none
[    0.261987] vgaarb: loaded
[    0.261988] vgaarb: bridge control possible 0000:00:0f.0
[    0.262066] i2c-core: driver [aat2870] using legacy suspend method
[    0.262067] i2c-core: driver [aat2870] using legacy resume method
[    0.262129] SCSI subsystem initialized
[    0.262166] libata version 3.00 loaded.
[    0.262194] usbcore: registered new interface driver usbfs
[    0.262204] usbcore: registered new interface driver hub
[    0.262226] usbcore: registered new device driver usb
[    0.262288] PCI: Using ACPI for IRQ routing
[    0.336140] PCI: pci_cache_line_size set to 64 bytes
[    0.336162] pci 0000:00:18.2: no compatible bridge window for [io  0xf000-0xffff]
[    0.337215] reserve RAM buffer: 000000000009f000 - 000000000009ffff 
[    0.337218] reserve RAM buffer: 000000003fee0000 - 000000003fffffff 
[    0.337316] NetLabel: Initializing
[    0.337328] NetLabel:  domain hash size = 128
[    0.337329] NetLabel:  protocols = UNLABELED CIPSOv4
[    0.337337] NetLabel:  unlabeled traffic allowed by default
[    0.337397] hpet0: at MMIO 0xfed00000, IRQs 2, 8, 0, 0, 0, 0, 0, 0, 0, 0, 0, 0, 0, 0, 0, 0
[    0.337403] hpet0: 16 comparators, 64-bit 14.318180 MHz counter
[    0.339422] Switching to clocksource hpet
[    0.344706] AppArmor: AppArmor Filesystem Enabled
[    0.344724] pnp: PnP ACPI init
[    0.344739] ACPI: bus type pnp registered
[    0.345381] pnp 00:00: [bus 00-ff]
[    0.345383] pnp 00:00: [mem 0x000a0000-0x000bffff window]
[    0.345385] pnp 00:00: [mem 0x000c0000-0x000c3fff window]
[    0.345386] pnp 00:00: [mem 0x000c4000-0x000c7fff window]
[    0.345387] pnp 00:00: [mem 0x000c8000-0x000cbfff window]
[    0.345389] pnp 00:00: [mem 0x000cc000-0x000cffff window]
[    0.345390] pnp 00:00: [mem 0x000d0000-0x000d3fff window]
[    0.345392] pnp 00:00: [mem 0x000d4000-0x000d7fff window]
[    0.345393] pnp 00:00: [mem 0x000d8000-0x000dbfff window]
[    0.345395] pnp 00:00: [mem 0x000dc000-0x000dffff window]
[    0.345396] pnp 00:00: [mem 0x000e0000-0x000e3fff window]
[    0.345397] pnp 00:00: [mem 0x000e4000-0x000e7fff window]
[    0.345399] pnp 00:00: [mem 0x000e8000-0x000ebfff window]
[    0.345400] pnp 00:00: [mem 0x000ec000-0x000effff window]
[    0.345402] pnp 00:00: [mem 0xc0000000-0xfebfffff window]
[    0.345403] pnp 00:00: [io  0x0cf8-0x0cff]
[    0.345405] pnp 00:00: [io  0x0000-0x0cf7 window]
[    0.345406] pnp 00:00: [io  0x0d00-0xfeff window]
[    0.345443] pnp 00:00: Plug and Play ACPI device, IDs PNP0a03 PNP0a08 (active)
[    0.345506] pnp 00:01: [io  0x0010-0x001f]
[    0.345507] pnp 00:01: [io  0x0024-0x0025]
[    0.345508] pnp 00:01: [io  0x0028-0x0029]
[    0.345509] pnp 00:01: [io  0x002c-0x002d]
[    0.345511] pnp 00:01: [io  0x002e-0x002f]
[    0.345512] pnp 00:01: [io  0x0030-0x0031]
[    0.345513] pnp 00:01: [io  0x0034-0x0035]
[    0.345514] pnp 00:01: [io  0x0038-0x0039]
[    0.345515] pnp 00:01: [io  0x003c-0x003d]
[    0.345516] pnp 00:01: [io  0x0050-0x0053]
[    0.345518] pnp 00:01: [io  0x0072-0x0077]
[    0.345519] pnp 00:01: [io  0x0080]
[    0.345520] pnp 00:01: [io  0x0090-0x009f]
[    0.345521] pnp 00:01: [io  0x00a4-0x00a5]
[    0.345522] pnp 00:01: [io  0x00a8-0x00a9]
[    0.345523] pnp 00:01: [io  0x00ac-0x00ad]
[    0.345524] pnp 00:01: [io  0x00b0-0x00b5]
[    0.345526] pnp 00:01: [io  0x00b8-0x00b9]
[    0.345527] pnp 00:01: [io  0x00bc-0x00bd]
[    0.345528] pnp 00:01: [io  0x1000-0x103f]
[    0.345529] pnp 00:01: [io  0x1040-0x104f]
[    0.345530] pnp 00:01: [io  0x0cf0-0x0cf1]
[    0.345587] system 00:01: [io  0x1000-0x103f] has been reserved
[    0.345591] system 00:01: [io  0x1040-0x104f] has been reserved
[    0.345593] system 00:01: [io  0x0cf0-0x0cf1] has been reserved
[    0.345595] system 00:01: Plug and Play ACPI device, IDs PNP0c02 (active)
[    0.345601] pnp 00:02: [io  0x0000-0x000f]
[    0.345603] pnp 00:02: [io  0x0081-0x008f]
[    0.345604] pnp 00:02: [io  0x00c0-0x00df]
[    0.345605] pnp 00:02: [dma 4]
[    0.345621] pnp 00:02: Plug and Play ACPI device, IDs PNP0200 (active)
[    0.345626] pnp 00:03: [io  0x0020-0x0021]
[    0.345627] pnp 00:03: [io  0x00a0-0x00a1]
[    0.345628] pnp 00:03: [io  0x04d0-0x04d1]
[    0.345630] pnp 00:03: [irq 2 disabled]
[    0.345645] pnp 00:03: Plug and Play ACPI device, IDs PNP0001 (active)
[    0.345651] pnp 00:04: [io  0x0070-0x0071]
[    0.345653] pnp 00:04: [irq 8]
[    0.345666] pnp 00:04: Plug and Play ACPI device, IDs PNP0b00 (active)
[    0.345671] pnp 00:05: [io  0x0061]
[    0.345683] pnp 00:05: Plug and Play ACPI device, IDs PNP0800 (active)
[    0.345688] pnp 00:06: [io  0x0060]
[    0.345689] pnp 00:06: [io  0x0064]
[    0.345690] pnp 00:06: [irq 1]
[    0.345705] pnp 00:06: Plug and Play ACPI device, IDs PNP0303 (active)
[    0.345710] pnp 00:07: [irq 12]
[    0.345723] pnp 00:07: Plug and Play ACPI device, IDs PNP0f13 (active)
[    0.345885] pnp 00:08: [mem 0xfed00000-0xfed003ff]
[    0.345918] system 00:08: [mem 0xfed00000-0xfed003ff] has been reserved
[    0.345921] system 00:08: Plug and Play ACPI device, IDs PNP0103 PNP0c01 (active)
[    0.355309] pnp 00:09: [io  0x0378-0x037f]
[    0.355312] pnp 00:09: [irq 7]
[    0.356580] pnp 00:09: Plug and Play ACPI device, IDs PNP0400 (active)
[    0.360648] pnp 00:0a: [io  0x03f8-0x03ff]
[    0.360651] pnp 00:0a: [irq 4]
[    0.361802] pnp 00:0a: Plug and Play ACPI device, IDs PNP0501 (active)
[    0.365344] pnp 00:0b: [io  0x02f8-0x02ff]
[    0.365346] pnp 00:0b: [irq 3]
[    0.366499] pnp 00:0b: Plug and Play ACPI device, IDs PNP0501 (active)
[    0.371785] pnp 00:0c: [io  0x03f0-0x03f5]
[    0.371787] pnp 00:0c: [io  0x03f7]
[    0.371789] pnp 00:0c: [irq 6]
[    0.371790] pnp 00:0c: [dma 2]
[    0.372850] pnp 00:0c: Plug and Play ACPI device, IDs PNP0700 (active)
[    0.373052] pnp 00:0d: [mem 0xe0000000-0xefffffff]
[    0.373054] pnp 00:0d: [io  0x1060-0x107f]
[    0.373055] pnp 00:0d: [mem 0xc8200000-0xc83fffff]
[    0.373097] system 00:0d: [io  0x1060-0x107f] has been reserved
[    0.373100] system 00:0d: [mem 0xe0000000-0xefffffff] has been reserved
[    0.373102] system 00:0d: [mem 0xc8200000-0xc83fffff] has been reserved
[    0.373104] system 00:0d: Plug and Play ACPI device, IDs PNP0c02 (active)
[    0.378057] pnp: PnP ACPI: found 14 devices
[    0.378060] ACPI: ACPI bus type pnp unregistered
[    0.378063] PnPBIOS: Disabled by ACPI PNP
[    0.413805] PCI: max bus depth: 1 pci_try_num: 2
[    0.415342] pci 0000:00:0f.0: BAR 6: assigned [mem 0xc0000000-0xc0007fff pref]
[    0.415347] pci 0000:00:10.0: BAR 6: assigned [mem 0xc0008000-0xc000bfff pref]
[    0.415351] pci 0000:00:18.7: BAR 13: can't assign io (size 0x1000)
[    0.415355] pci 0000:00:18.6: BAR 13: can't assign io (size 0x1000)
[    0.415358] pci 0000:00:18.5: BAR 13: can't assign io (size 0x1000)
[    0.415361] pci 0000:00:18.4: BAR 13: can't assign io (size 0x1000)
[    0.415364] pci 0000:00:18.3: BAR 13: can't assign io (size 0x1000)
[    0.415366] pci 0000:00:18.2: BAR 13: can't assign io (size 0x1000)
[    0.415369] pci 0000:00:17.7: BAR 13: can't assign io (size 0x1000)
[    0.415372] pci 0000:00:17.6: BAR 13: can't assign io (size 0x1000)
[    0.415375] pci 0000:00:17.5: BAR 13: can't assign io (size 0x1000)
[    0.415378] pci 0000:00:17.4: BAR 13: can't assign io (size 0x1000)
[    0.415381] pci 0000:00:17.3: BAR 13: can't assign io (size 0x1000)
[    0.415384] pci 0000:00:16.7: BAR 13: can't assign io (size 0x1000)
[    0.415387] pci 0000:00:16.6: BAR 13: can't assign io (size 0x1000)
[    0.415390] pci 0000:00:16.5: BAR 13: can't assign io (size 0x1000)
[    0.415393] pci 0000:00:16.4: BAR 13: can't assign io (size 0x1000)
[    0.415396] pci 0000:00:16.3: BAR 13: can't assign io (size 0x1000)
[    0.415399] pci 0000:00:15.7: BAR 13: can't assign io (size 0x1000)
[    0.415402] pci 0000:00:15.6: BAR 13: can't assign io (size 0x1000)
[    0.415405] pci 0000:00:15.5: BAR 13: can't assign io (size 0x1000)
[    0.415408] pci 0000:00:15.4: BAR 13: can't assign io (size 0x1000)
[    0.415411] pci 0000:00:15.3: BAR 13: can't assign io (size 0x1000)
[    0.415414] pci 0000:00:01.0: PCI bridge to [bus 01-01]
[    0.415440] pci 0000:02:01.0: BAR 6: assigned [mem 0xd8400000-0xd840ffff pref]
[    0.415442] pci 0000:00:11.0: PCI bridge to [bus 02-02]
[    0.415455] pci 0000:00:11.0:   bridge window [io  0x2000-0x3fff]
[    0.415481] pci 0000:00:11.0:   bridge window [mem 0xc9000000-0xca3fffff]
[    0.415503] pci 0000:00:11.0:   bridge window [mem 0xd8400000-0xd89fffff 64bit pref]
[    0.415529] pci 0000:00:15.0: PCI bridge to [bus 03-03]
[    0.415541] pci 0000:00:15.0:   bridge window [io  0x4000-0x4fff]
[    0.415568] pci 0000:00:15.0:   bridge window [mem 0xca400000-0xca4fffff]
[    0.415589] pci 0000:00:15.0:   bridge window [mem 0xd8a00000-0xd8afffff 64bit pref]
[    0.415615] pci 0000:00:15.1: PCI bridge to [bus 04-04]
[    0.415628] pci 0000:00:15.1:   bridge window [io  0x8000-0x8fff]
[    0.415654] pci 0000:00:15.1:   bridge window [mem 0xca800000-0xca8fffff]
[    0.415676] pci 0000:00:15.1:   bridge window [mem 0xd8e00000-0xd8efffff 64bit pref]
[    0.415702] pci 0000:00:15.2: PCI bridge to [bus 05-05]
[    0.415714] pci 0000:00:15.2:   bridge window [io  0xc000-0xcfff]
[    0.415741] pci 0000:00:15.2:   bridge window [mem 0xcac00000-0xcacfffff]
[    0.415767] pci 0000:00:15.2:   bridge window [mem 0xd9200000-0xd92fffff 64bit pref]
[    0.415793] pci 0000:00:15.3: PCI bridge to [bus 06-06]
[    0.415819] pci 0000:00:15.3:   bridge window [mem 0xcb000000-0xcb0fffff]
[    0.415845] pci 0000:00:15.3:   bridge window [mem 0xd9600000-0xd96fffff 64bit pref]
[    0.415871] pci 0000:00:15.4: PCI bridge to [bus 07-07]
[    0.415897] pci 0000:00:15.4:   bridge window [mem 0xcb400000-0xcb4fffff]
[    0.415923] pci 0000:00:15.4:   bridge window [mem 0xd9a00000-0xd9afffff 64bit pref]
[    0.415950] pci 0000:00:15.5: PCI bridge to [bus 08-08]
[    0.415976] pci 0000:00:15.5:   bridge window [mem 0xcb800000-0xcb8fffff]
[    0.416002] pci 0000:00:15.5:   bridge window [mem 0xd9e00000-0xd9efffff 64bit pref]
[    0.416028] pci 0000:00:15.6: PCI bridge to [bus 09-09]
[    0.416054] pci 0000:00:15.6:   bridge window [mem 0xcbc00000-0xcbcfffff]
[    0.416080] pci 0000:00:15.6:   bridge window [mem 0xda200000-0xda2fffff 64bit pref]
[    0.416106] pci 0000:00:15.7: PCI bridge to [bus 0a-0a]
[    0.416133] pci 0000:00:15.7:   bridge window [mem 0xcc000000-0xcc0fffff]
[    0.416159] pci 0000:00:15.7:   bridge window [mem 0xda600000-0xda6fffff 64bit pref]
[    0.416185] pci 0000:00:16.0: PCI bridge to [bus 0b-0b]
[    0.416202] pci 0000:00:16.0:   bridge window [io  0x5000-0x5fff]
[    0.416228] pci 0000:00:16.0:   bridge window [mem 0xca500000-0xca5fffff]
[    0.416254] pci 0000:00:16.0:   bridge window [mem 0xd8b00000-0xd8bfffff 64bit pref]
[    0.416280] pci 0000:00:16.1: PCI bridge to [bus 0c-0c]
[    0.416298] pci 0000:00:16.1:   bridge window [io  0x9000-0x9fff]
[    0.416324] pci 0000:00:16.1:   bridge window [mem 0xca900000-0xca9fffff]
[    0.416350] pci 0000:00:16.1:   bridge window [mem 0xd8f00000-0xd8ffffff 64bit pref]
[    0.416376] pci 0000:00:16.2: PCI bridge to [bus 0d-0d]
[    0.416392] pci 0000:00:16.2:   bridge window [io  0xd000-0xdfff]
[    0.416418] pci 0000:00:16.2:   bridge window [mem 0xcad00000-0xcadfffff]
[    0.416444] pci 0000:00:16.2:   bridge window [mem 0xd9300000-0xd93fffff 64bit pref]
[    0.416470] pci 0000:00:16.3: PCI bridge to [bus 0e-0e]
[    0.416496] pci 0000:00:16.3:   bridge window [mem 0xcb100000-0xcb1fffff]
[    0.416522] pci 0000:00:16.3:   bridge window [mem 0xd9700000-0xd97fffff 64bit pref]
[    0.416548] pci 0000:00:16.4: PCI bridge to [bus 0f-0f]
[    0.416575] pci 0000:00:16.4:   bridge window [mem 0xcb500000-0xcb5fffff]
[    0.416601] pci 0000:00:16.4:   bridge window [mem 0xd9b00000-0xd9bfffff 64bit pref]
[    0.416627] pci 0000:00:16.5: PCI bridge to [bus 10-10]
[    0.416653] pci 0000:00:16.5:   bridge window [mem 0xcb900000-0xcb9fffff]
[    0.416679] pci 0000:00:16.5:   bridge window [mem 0xd9f00000-0xd9ffffff 64bit pref]
[    0.416705] pci 0000:00:16.6: PCI bridge to [bus 11-11]
[    0.416731] pci 0000:00:16.6:   bridge window [mem 0xcbd00000-0xcbdfffff]
[    0.416758] pci 0000:00:16.6:   bridge window [mem 0xda300000-0xda3fffff 64bit pref]
[    0.416784] pci 0000:00:16.7: PCI bridge to [bus 12-12]
[    0.416810] pci 0000:00:16.7:   bridge window [mem 0xcc100000-0xcc1fffff]
[    0.416836] pci 0000:00:16.7:   bridge window [mem 0xda700000-0xda7fffff 64bit pref]
[    0.416862] pci 0000:00:17.0: PCI bridge to [bus 13-13]
[    0.416878] pci 0000:00:17.0:   bridge window [io  0x6000-0x6fff]
[    0.416904] pci 0000:00:17.0:   bridge window [mem 0xca600000-0xca6fffff]
[    0.416931] pci 0000:00:17.0:   bridge window [mem 0xd8c00000-0xd8cfffff 64bit pref]
[    0.416957] pci 0000:00:17.1: PCI bridge to [bus 14-14]
[    0.416972] pci 0000:00:17.1:   bridge window [io  0xa000-0xafff]
[    0.416998] pci 0000:00:17.1:   bridge window [mem 0xcaa00000-0xcaafffff]
[    0.417025] pci 0000:00:17.1:   bridge window [mem 0xd9000000-0xd90fffff 64bit pref]
[    0.417051] pci 0000:00:17.2: PCI bridge to [bus 15-15]
[    0.417066] pci 0000:00:17.2:   bridge window [io  0xe000-0xefff]
[    0.417092] pci 0000:00:17.2:   bridge window [mem 0xcae00000-0xcaefffff]
[    0.417119] pci 0000:00:17.2:   bridge window [mem 0xd9400000-0xd94fffff 64bit pref]
[    0.417145] pci 0000:00:17.3: PCI bridge to [bus 16-16]
[    0.417171] pci 0000:00:17.3:   bridge window [mem 0xcb200000-0xcb2fffff]
[    0.417197] pci 0000:00:17.3:   bridge window [mem 0xd9800000-0xd98fffff 64bit pref]
[    0.417223] pci 0000:00:17.4: PCI bridge to [bus 17-17]
[    0.417249] pci 0000:00:17.4:   bridge window [mem 0xcb600000-0xcb6fffff]
[    0.417275] pci 0000:00:17.4:   bridge window [mem 0xd9c00000-0xd9cfffff 64bit pref]
[    0.417302] pci 0000:00:17.5: PCI bridge to [bus 18-18]
[    0.417328] pci 0000:00:17.5:   bridge window [mem 0xcba00000-0xcbafffff]
[    0.417354] pci 0000:00:17.5:   bridge window [mem 0xda000000-0xda0fffff 64bit pref]
[    0.417380] pci 0000:00:17.6: PCI bridge to [bus 19-19]
[    0.417406] pci 0000:00:17.6:   bridge window [mem 0xcbe00000-0xcbefffff]
[    0.417432] pci 0000:00:17.6:   bridge window [mem 0xda400000-0xda4fffff 64bit pref]
[    0.417458] pci 0000:00:17.7: PCI bridge to [bus 1a-1a]
[    0.417485] pci 0000:00:17.7:   bridge window [mem 0xcc200000-0xcc2fffff]
[    0.417511] pci 0000:00:17.7:   bridge window [mem 0xda800000-0xda8fffff 64bit pref]
[    0.417537] pci 0000:00:18.0: PCI bridge to [bus 1b-1b]
[    0.417552] pci 0000:00:18.0:   bridge window [io  0x7000-0x7fff]
[    0.417579] pci 0000:00:18.0:   bridge window [mem 0xca700000-0xca7fffff]
[    0.417605] pci 0000:00:18.0:   bridge window [mem 0xd8d00000-0xd8dfffff 64bit pref]
[    0.417631] pci 0000:00:18.1: PCI bridge to [bus 1c-1c]
[    0.417647] pci 0000:00:18.1:   bridge window [io  0xb000-0xbfff]
[    0.417673] pci 0000:00:18.1:   bridge window [mem 0xcab00000-0xcabfffff]
[    0.417699] pci 0000:00:18.1:   bridge window [mem 0xd9100000-0xd91fffff 64bit pref]
[    0.417725] pci 0000:00:18.2: PCI bridge to [bus 1d-1d]
[    0.417751] pci 0000:00:18.2:   bridge window [mem 0xcaf00000-0xcaffffff]
[    0.417777] pci 0000:00:18.2:   bridge window [mem 0xd9500000-0xd95fffff 64bit pref]
[    0.417803] pci 0000:00:18.3: PCI bridge to [bus 1e-1e]
[    0.417830] pci 0000:00:18.3:   bridge window [mem 0xcb300000-0xcb3fffff]
[    0.417856] pci 0000:00:18.3:   bridge window [mem 0xd9900000-0xd99fffff 64bit pref]
[    0.417882] pci 0000:00:18.4: PCI bridge to [bus 1f-1f]
[    0.417908] pci 0000:00:18.4:   bridge window [mem 0xcb700000-0xcb7fffff]
[    0.417934] pci 0000:00:18.4:   bridge window [mem 0xd9d00000-0xd9dfffff 64bit pref]
[    0.417960] pci 0000:00:18.5: PCI bridge to [bus 20-20]
[    0.417986] pci 0000:00:18.5:   bridge window [mem 0xcbb00000-0xcbbfffff]
[    0.418013] pci 0000:00:18.5:   bridge window [mem 0xda100000-0xda1fffff 64bit pref]
[    0.418039] pci 0000:00:18.6: PCI bridge to [bus 21-21]
[    0.418065] pci 0000:00:18.6:   bridge window [mem 0xcbf00000-0xcbffffff]
[    0.418091] pci 0000:00:18.6:   bridge window [mem 0xda500000-0xda5fffff 64bit pref]
[    0.418117] pci 0000:00:18.7: PCI bridge to [bus 22-22]
[    0.418143] pci 0000:00:18.7:   bridge window [mem 0xcc300000-0xcc3fffff]
[    0.418169] pci 0000:00:18.7:   bridge window [mem 0xda900000-0xda9fffff 64bit pref]
[    0.418195] pci 0000:00:01.0: setting latency timer to 64
[    0.418222] pci 0000:00:15.0: setting latency timer to 64
[    0.418248] pci 0000:00:15.1: setting latency timer to 64
[    0.418274] pci 0000:00:15.2: setting latency timer to 64
[    0.418300] pci 0000:00:15.3: setting latency timer to 64
[    0.418326] pci 0000:00:15.4: setting latency timer to 64
[    0.418352] pci 0000:00:15.5: setting latency timer to 64
[    0.418378] pci 0000:00:15.6: setting latency timer to 64
[    0.418405] pci 0000:00:15.7: setting latency timer to 64
[    0.418431] pci 0000:00:16.0: setting latency timer to 64
[    0.418457] pci 0000:00:16.1: setting latency timer to 64
[    0.418483] pci 0000:00:16.2: setting latency timer to 64
[    0.418509] pci 0000:00:16.3: setting latency timer to 64
[    0.418535] pci 0000:00:16.4: setting latency timer to 64
[    0.418561] pci 0000:00:16.5: setting latency timer to 64
[    0.418588] pci 0000:00:16.6: setting latency timer to 64
[    0.418614] pci 0000:00:16.7: setting latency timer to 64
[    0.418640] pci 0000:00:17.0: setting latency timer to 64
[    0.418666] pci 0000:00:17.1: setting latency timer to 64
[    0.418692] pci 0000:00:17.2: setting latency timer to 64
[    0.418718] pci 0000:00:17.3: setting latency timer to 64
[    0.418744] pci 0000:00:17.4: setting latency timer to 64
[    0.418770] pci 0000:00:17.5: setting latency timer to 64
[    0.418797] pci 0000:00:17.6: setting latency timer to 64
[    0.418823] pci 0000:00:17.7: setting latency timer to 64
[    0.418849] pci 0000:00:18.0: setting latency timer to 64
[    0.418875] pci 0000:00:18.1: setting latency timer to 64
[    0.418901] pci 0000:00:18.2: setting latency timer to 64
[    0.418927] pci 0000:00:18.3: setting latency timer to 64
[    0.418953] pci 0000:00:18.4: setting latency timer to 64
[    0.418980] pci 0000:00:18.5: setting latency timer to 64
[    0.419006] pci 0000:00:18.6: setting latency timer to 64
[    0.419032] pci 0000:00:18.7: setting latency timer to 64
[    0.419048] pci_bus 0000:00: resource 4 [mem 0x000a0000-0x000bffff]
[    0.419051] pci_bus 0000:00: resource 5 [mem 0x000cc000-0x000cffff]
[    0.419054] pci_bus 0000:00: resource 6 [mem 0x000d0000-0x000d3fff]
[    0.419056] pci_bus 0000:00: resource 7 [mem 0x000d4000-0x000d7fff]
[    0.419059] pci_bus 0000:00: resource 8 [mem 0x000d8000-0x000dbfff]
[    0.419062] pci_bus 0000:00: resource 9 [mem 0xc0000000-0xfebfffff]
[    0.419064] pci_bus 0000:00: resource 10 [io  0x0000-0x0cf7]
[    0.419067] pci_bus 0000:00: resource 11 [io  0x0d00-0xfeff]
[    0.419070] pci_bus 0000:02: resource 0 [io  0x2000-0x3fff]
[    0.419073] pci_bus 0000:02: resource 1 [mem 0xc9000000-0xca3fffff]
[    0.419076] pci_bus 0000:02: resource 2 [mem 0xd8400000-0xd89fffff 64bit pref]
[    0.419078] pci_bus 0000:02: resource 4 [mem 0x000a0000-0x000bffff]
[    0.419081] pci_bus 0000:02: resource 5 [mem 0x000cc000-0x000cffff]
[    0.419084] pci_bus 0000:02: resource 6 [mem 0x000d0000-0x000d3fff]
[    0.419086] pci_bus 0000:02: resource 7 [mem 0x000d4000-0x000d7fff]
[    0.419089] pci_bus 0000:02: resource 8 [mem 0x000d8000-0x000dbfff]
[    0.419092] pci_bus 0000:02: resource 9 [mem 0xc0000000-0xfebfffff]
[    0.419094] pci_bus 0000:02: resource 10 [io  0x0000-0x0cf7]
[    0.419097] pci_bus 0000:02: resource 11 [io  0x0d00-0xfeff]
[    0.419100] pci_bus 0000:03: resource 0 [io  0x4000-0x4fff]
[    0.419102] pci_bus 0000:03: resource 1 [mem 0xca400000-0xca4fffff]
[    0.419105] pci_bus 0000:03: resource 2 [mem 0xd8a00000-0xd8afffff 64bit pref]
[    0.419108] pci_bus 0000:04: resource 0 [io  0x8000-0x8fff]
[    0.419111] pci_bus 0000:04: resource 1 [mem 0xca800000-0xca8fffff]
[    0.419113] pci_bus 0000:04: resource 2 [mem 0xd8e00000-0xd8efffff 64bit pref]
[    0.419116] pci_bus 0000:05: resource 0 [io  0xc000-0xcfff]
[    0.419119] pci_bus 0000:05: resource 1 [mem 0xcac00000-0xcacfffff]
[    0.419122] pci_bus 0000:05: resource 2 [mem 0xd9200000-0xd92fffff 64bit pref]
[    0.419125] pci_bus 0000:06: resource 1 [mem 0xcb000000-0xcb0fffff]
[    0.419127] pci_bus 0000:06: resource 2 [mem 0xd9600000-0xd96fffff 64bit pref]
[    0.419130] pci_bus 0000:07: resource 1 [mem 0xcb400000-0xcb4fffff]
[    0.419133] pci_bus 0000:07: resource 2 [mem 0xd9a00000-0xd9afffff 64bit pref]
[    0.419136] pci_bus 0000:08: resource 1 [mem 0xcb800000-0xcb8fffff]
[    0.419139] pci_bus 0000:08: resource 2 [mem 0xd9e00000-0xd9efffff 64bit pref]
[    0.419142] pci_bus 0000:09: resource 1 [mem 0xcbc00000-0xcbcfffff]
[    0.419145] pci_bus 0000:09: resource 2 [mem 0xda200000-0xda2fffff 64bit pref]
[    0.419147] pci_bus 0000:0a: resource 1 [mem 0xcc000000-0xcc0fffff]
[    0.419150] pci_bus 0000:0a: resource 2 [mem 0xda600000-0xda6fffff 64bit pref]
[    0.419153] pci_bus 0000:0b: resource 0 [io  0x5000-0x5fff]
[    0.419156] pci_bus 0000:0b: resource 1 [mem 0xca500000-0xca5fffff]
[    0.419158] pci_bus 0000:0b: resource 2 [mem 0xd8b00000-0xd8bfffff 64bit pref]
[    0.419161] pci_bus 0000:0c: resource 0 [io  0x9000-0x9fff]
[    0.419164] pci_bus 0000:0c: resource 1 [mem 0xca900000-0xca9fffff]
[    0.419167] pci_bus 0000:0c: resource 2 [mem 0xd8f00000-0xd8ffffff 64bit pref]
[    0.419170] pci_bus 0000:0d: resource 0 [io  0xd000-0xdfff]
[    0.419172] pci_bus 0000:0d: resource 1 [mem 0xcad00000-0xcadfffff]
[    0.419175] pci_bus 0000:0d: resource 2 [mem 0xd9300000-0xd93fffff 64bit pref]
[    0.419178] pci_bus 0000:0e: resource 1 [mem 0xcb100000-0xcb1fffff]
[    0.419181] pci_bus 0000:0e: resource 2 [mem 0xd9700000-0xd97fffff 64bit pref]
[    0.419183] pci_bus 0000:0f: resource 1 [mem 0xcb500000-0xcb5fffff]
[    0.419186] pci_bus 0000:0f: resource 2 [mem 0xd9b00000-0xd9bfffff 64bit pref]
[    0.419189] pci_bus 0000:10: resource 1 [mem 0xcb900000-0xcb9fffff]
[    0.419192] pci_bus 0000:10: resource 2 [mem 0xd9f00000-0xd9ffffff 64bit pref]
[    0.419195] pci_bus 0000:11: resource 1 [mem 0xcbd00000-0xcbdfffff]
[    0.419198] pci_bus 0000:11: resource 2 [mem 0xda300000-0xda3fffff 64bit pref]
[    0.419201] pci_bus 0000:12: resource 1 [mem 0xcc100000-0xcc1fffff]
[    0.419203] pci_bus 0000:12: resource 2 [mem 0xda700000-0xda7fffff 64bit pref]
[    0.419206] pci_bus 0000:13: resource 0 [io  0x6000-0x6fff]
[    0.419209] pci_bus 0000:13: resource 1 [mem 0xca600000-0xca6fffff]
[    0.419212] pci_bus 0000:13: resource 2 [mem 0xd8c00000-0xd8cfffff 64bit pref]
[    0.419214] pci_bus 0000:14: resource 0 [io  0xa000-0xafff]
[    0.419217] pci_bus 0000:14: resource 1 [mem 0xcaa00000-0xcaafffff]
[    0.419220] pci_bus 0000:14: resource 2 [mem 0xd9000000-0xd90fffff 64bit pref]
[    0.419223] pci_bus 0000:15: resource 0 [io  0xe000-0xefff]
[    0.419225] pci_bus 0000:15: resource 1 [mem 0xcae00000-0xcaefffff]
[    0.419228] pci_bus 0000:15: resource 2 [mem 0xd9400000-0xd94fffff 64bit pref]
[    0.419231] pci_bus 0000:16: resource 1 [mem 0xcb200000-0xcb2fffff]
[    0.419234] pci_bus 0000:16: resource 2 [mem 0xd9800000-0xd98fffff 64bit pref]
[    0.419237] pci_bus 0000:17: resource 1 [mem 0xcb600000-0xcb6fffff]
[    0.419240] pci_bus 0000:17: resource 2 [mem 0xd9c00000-0xd9cfffff 64bit pref]
[    0.419242] pci_bus 0000:18: resource 1 [mem 0xcba00000-0xcbafffff]
[    0.419245] pci_bus 0000:18: resource 2 [mem 0xda000000-0xda0fffff 64bit pref]
[    0.419248] pci_bus 0000:19: resource 1 [mem 0xcbe00000-0xcbefffff]
[    0.419251] pci_bus 0000:19: resource 2 [mem 0xda400000-0xda4fffff 64bit pref]
[    0.419254] pci_bus 0000:1a: resource 1 [mem 0xcc200000-0xcc2fffff]
[    0.419257] pci_bus 0000:1a: resource 2 [mem 0xda800000-0xda8fffff 64bit pref]
[    0.419259] pci_bus 0000:1b: resource 0 [io  0x7000-0x7fff]
[    0.419262] pci_bus 0000:1b: resource 1 [mem 0xca700000-0xca7fffff]
[    0.419265] pci_bus 0000:1b: resource 2 [mem 0xd8d00000-0xd8dfffff 64bit pref]
[    0.419268] pci_bus 0000:1c: resource 0 [io  0xb000-0xbfff]
[    0.419270] pci_bus 0000:1c: resource 1 [mem 0xcab00000-0xcabfffff]
[    0.419273] pci_bus 0000:1c: resource 2 [mem 0xd9100000-0xd91fffff 64bit pref]
[    0.419276] pci_bus 0000:1d: resource 1 [mem 0xcaf00000-0xcaffffff]
[    0.419279] pci_bus 0000:1d: resource 2 [mem 0xd9500000-0xd95fffff 64bit pref]
[    0.419281] pci_bus 0000:1e: resource 1 [mem 0xcb300000-0xcb3fffff]
[    0.419284] pci_bus 0000:1e: resource 2 [mem 0xd9900000-0xd99fffff 64bit pref]
[    0.419287] pci_bus 0000:1f: resource 1 [mem 0xcb700000-0xcb7fffff]
[    0.419290] pci_bus 0000:1f: resource 2 [mem 0xd9d00000-0xd9dfffff 64bit pref]
[    0.419290] pci_bus 0000:20: resource 1 [mem 0xcbb00000-0xcbbfffff]
[    0.419290] pci_bus 0000:20: resource 2 [mem 0xda100000-0xda1fffff 64bit pref]
[    0.419291] pci_bus 0000:21: resource 1 [mem 0xcbf00000-0xcbffffff]
[    0.419291] pci_bus 0000:21: resource 2 [mem 0xda500000-0xda5fffff 64bit pref]
[    0.419291] pci_bus 0000:22: resource 1 [mem 0xcc300000-0xcc3fffff]
[    0.419291] pci_bus 0000:22: resource 2 [mem 0xda900000-0xda9fffff 64bit pref]
[    0.419291] NET: Registered protocol family 2
[    0.419291] IP route cache hash table entries: 32768 (order: 5, 131072 bytes)
[    0.419342] TCP established hash table entries: 131072 (order: 8, 1048576 bytes)
[    0.419368] TCP bind hash table entries: 65536 (order: 7, 524288 bytes)
[    0.419394] TCP: Hash tables configured (established 131072 bind 65536)
[    0.419397] TCP reno registered
[    0.419401] UDP hash table entries: 512 (order: 2, 16384 bytes)
[    0.419411] UDP-Lite hash table entries: 512 (order: 2, 16384 bytes)
[    0.419437] NET: Registered protocol family 1
[    0.419447] pci 0000:00:00.0: Limiting direct PCI/PCI transfers
[    0.419474] pci 0000:00:0f.0: Boot video device
[    0.419500] ACPI: PCI Interrupt Link [LNKC] enabled at IRQ 10
[    0.419503] PCI: setting IRQ 10 as level-triggered
[    0.419529] pci 0000:02:00.0: PCI INT A -> Link[LNKC] -> GSI 10 (level, low) -> IRQ 10
[    0.419587] pci 0000:02:00.0: PCI INT A disabled
[    0.419613] ACPI: PCI Interrupt Link [LNKB] enabled at IRQ 11
[    0.419616] PCI: setting IRQ 11 as level-triggered
[    0.419621] pci 0000:02:03.0: PCI INT A -> Link[LNKB] -> GSI 11 (level, low) -> IRQ 11
[    0.419647] pci 0000:02:03.0: PCI INT A disabled
[    0.419665] PCI: CLS 32 bytes, default 64
[    0.419729] Simple Boot Flag at 0x36 set to 0x1
[    0.419755] Switching to clocksource tsc
[    0.419924] audit: initializing netlink socket (disabled)
[    0.419932] type=2000 audit(1369647623.400:1): initialized
[    0.435360] Trying to unpack rootfs image as initramfs...
[    0.455414] highmem bounce pool size: 64 pages
[    0.455419] HugeTLB registered 2 MB page size, pre-allocated 0 pages
[    0.459434] VFS: Disk quotas dquot_6.5.2
[    0.459460] Dquot-cache hash table entries: 1024 (order 0, 4096 bytes)
[    0.463342] fuse init (API version 7.17)
[    0.463391] msgmni has been set to 1710
[    0.475314] Block layer SCSI generic (bsg) driver version 0.4 loaded (major 253)
[    0.475341] io scheduler noop registered
[    0.475343] io scheduler deadline registered
[    0.475349] io scheduler cfq registered (default)
[    0.475376] pcieport 0000:00:15.0: setting latency timer to 64
[    0.475402] pcieport 0000:00:15.0: irq 40 for MSI/MSI-X
[    0.475428] pcieport 0000:00:15.1: setting latency timer to 64
[    0.475454] pcieport 0000:00:15.1: irq 41 for MSI/MSI-X
[    0.475480] pcieport 0000:00:15.2: setting latency timer to 64
[    0.475506] pcieport 0000:00:15.2: irq 42 for MSI/MSI-X
[    0.475532] pcieport 0000:00:15.3: setting latency timer to 64
[    0.475559] pcieport 0000:00:15.3: irq 43 for MSI/MSI-X
[    0.475585] pcieport 0000:00:15.4: setting latency timer to 64
[    0.475611] pcieport 0000:00:15.4: irq 44 for MSI/MSI-X
[    0.475637] pcieport 0000:00:15.5: setting latency timer to 64
[    0.475663] pcieport 0000:00:15.5: irq 45 for MSI/MSI-X
[    0.475689] pcieport 0000:00:15.6: setting latency timer to 64
[    0.475715] pcieport 0000:00:15.6: irq 46 for MSI/MSI-X
[    0.475741] pcieport 0000:00:15.7: setting latency timer to 64
[    0.475768] pcieport 0000:00:15.7: irq 47 for MSI/MSI-X
[    0.475794] pcieport 0000:00:16.0: setting latency timer to 64
[    0.475820] pcieport 0000:00:16.0: irq 48 for MSI/MSI-X
[    0.475846] pcieport 0000:00:16.1: setting latency timer to 64
[    0.475872] pcieport 0000:00:16.1: irq 49 for MSI/MSI-X
[    0.475898] pcieport 0000:00:16.2: setting latency timer to 64
[    0.475924] pcieport 0000:00:16.2: irq 50 for MSI/MSI-X
[    0.475951] pcieport 0000:00:16.3: setting latency timer to 64
[    0.475977] pcieport 0000:00:16.3: irq 51 for MSI/MSI-X
[    0.476003] pcieport 0000:00:16.4: setting latency timer to 64
[    0.476029] pcieport 0000:00:16.4: irq 52 for MSI/MSI-X
[    0.476055] pcieport 0000:00:16.5: setting latency timer to 64
[    0.476081] pcieport 0000:00:16.5: irq 53 for MSI/MSI-X
[    0.476107] pcieport 0000:00:16.6: setting latency timer to 64
[    0.476133] pcieport 0000:00:16.6: irq 54 for MSI/MSI-X
[    0.476160] pcieport 0000:00:16.7: setting latency timer to 64
[    0.476186] pcieport 0000:00:16.7: irq 55 for MSI/MSI-X
[    0.476212] pcieport 0000:00:17.0: setting latency timer to 64
[    0.476238] pcieport 0000:00:17.0: irq 56 for MSI/MSI-X
[    0.476264] pcieport 0000:00:17.1: setting latency timer to 64
[    0.476290] pcieport 0000:00:17.1: irq 57 for MSI/MSI-X
[    0.476316] pcieport 0000:00:17.2: setting latency timer to 64
[    0.476343] pcieport 0000:00:17.2: irq 58 for MSI/MSI-X
[    0.476369] pcieport 0000:00:17.3: setting latency timer to 64
[    0.476395] pcieport 0000:00:17.3: irq 59 for MSI/MSI-X
[    0.476421] pcieport 0000:00:17.4: setting latency timer to 64
[    0.476447] pcieport 0000:00:17.4: irq 60 for MSI/MSI-X
[    0.476473] pcieport 0000:00:17.5: setting latency timer to 64
[    0.476499] pcieport 0000:00:17.5: irq 61 for MSI/MSI-X
[    0.476526] pcieport 0000:00:17.6: setting latency timer to 64
[    0.476552] pcieport 0000:00:17.6: irq 62 for MSI/MSI-X
[    0.476578] pcieport 0000:00:17.7: setting latency timer to 64
[    0.476604] pcieport 0000:00:17.7: irq 63 for MSI/MSI-X
[    0.476630] pcieport 0000:00:18.0: setting latency timer to 64
[    0.476656] pcieport 0000:00:18.0: irq 64 for MSI/MSI-X
[    0.476682] pcieport 0000:00:18.1: setting latency timer to 64
[    0.476708] pcieport 0000:00:18.1: irq 65 for MSI/MSI-X
[    0.476735] pcieport 0000:00:18.2: setting latency timer to 64
[    0.476761] pcieport 0000:00:18.2: irq 66 for MSI/MSI-X
[    0.476787] pcieport 0000:00:18.3: setting latency timer to 64
[    0.476813] pcieport 0000:00:18.3: irq 67 for MSI/MSI-X
[    0.476839] pcieport 0000:00:18.4: setting latency timer to 64
[    0.476865] pcieport 0000:00:18.4: irq 68 for MSI/MSI-X
[    0.476891] pcieport 0000:00:18.5: setting latency timer to 64
[    0.476918] pcieport 0000:00:18.5: irq 69 for MSI/MSI-X
[    0.476944] pcieport 0000:00:18.6: setting latency timer to 64
[    0.476970] pcieport 0000:00:18.6: irq 70 for MSI/MSI-X
[    0.476996] pcieport 0000:00:18.7: setting latency timer to 64
[    0.477022] pcieport 0000:00:18.7: irq 71 for MSI/MSI-X
[    0.477048] pcieport 0000:00:15.0: Signaling PME through PCIe PME interrupt
[    0.477072] pcie_pme 0000:00:15.0:pcie01: service driver pcie_pme loaded
[    0.477098] pcieport 0000:00:15.1: Signaling PME through PCIe PME interrupt
[    0.477121] pcie_pme 0000:00:15.1:pcie01: service driver pcie_pme loaded
[    0.477147] pcieport 0000:00:15.2: Signaling PME through PCIe PME interrupt
[    0.477170] pcie_pme 0000:00:15.2:pcie01: service driver pcie_pme loaded
[    0.477196] pcieport 0000:00:15.3: Signaling PME through PCIe PME interrupt
[    0.477218] pcie_pme 0000:00:15.3:pcie01: service driver pcie_pme loaded
[    0.477245] pcieport 0000:00:15.4: Signaling PME through PCIe PME interrupt
[    0.477271] pcie_pme 0000:00:15.4:pcie01: service driver pcie_pme loaded
[    0.477297] pcieport 0000:00:15.5: Signaling PME through PCIe PME interrupt
[    0.477320] pcie_pme 0000:00:15.5:pcie01: service driver pcie_pme loaded
[    0.477346] pcieport 0000:00:15.6: Signaling PME through PCIe PME interrupt
[    0.477368] pcie_pme 0000:00:15.6:pcie01: service driver pcie_pme loaded
[    0.477394] pcieport 0000:00:15.7: Signaling PME through PCIe PME interrupt
[    0.477417] pcie_pme 0000:00:15.7:pcie01: service driver pcie_pme loaded
[    0.477443] pcieport 0000:00:16.0: Signaling PME through PCIe PME interrupt
[    0.477466] pcie_pme 0000:00:16.0:pcie01: service driver pcie_pme loaded
[    0.477492] pcieport 0000:00:16.1: Signaling PME through PCIe PME interrupt
[    0.477514] pcie_pme 0000:00:16.1:pcie01: service driver pcie_pme loaded
[    0.477541] pcieport 0000:00:16.2: Signaling PME through PCIe PME interrupt
[    0.477563] pcie_pme 0000:00:16.2:pcie01: service driver pcie_pme loaded
[    0.477590] pcieport 0000:00:16.3: Signaling PME through PCIe PME interrupt
[    0.477612] pcie_pme 0000:00:16.3:pcie01: service driver pcie_pme loaded
[    0.477639] pcieport 0000:00:16.4: Signaling PME through PCIe PME interrupt
[    0.477661] pcie_pme 0000:00:16.4:pcie01: service driver pcie_pme loaded
[    0.477687] pcieport 0000:00:16.5: Signaling PME through PCIe PME interrupt
[    0.477710] pcie_pme 0000:00:16.5:pcie01: service driver pcie_pme loaded
[    0.477736] pcieport 0000:00:16.6: Signaling PME through PCIe PME interrupt
[    0.477758] pcie_pme 0000:00:16.6:pcie01: service driver pcie_pme loaded
[    0.477785] pcieport 0000:00:16.7: Signaling PME through PCIe PME interrupt
[    0.477807] pcie_pme 0000:00:16.7:pcie01: service driver pcie_pme loaded
[    0.477833] pcieport 0000:00:17.0: Signaling PME through PCIe PME interrupt
[    0.477856] pcie_pme 0000:00:17.0:pcie01: service driver pcie_pme loaded
[    0.477882] pcieport 0000:00:17.1: Signaling PME through PCIe PME interrupt
[    0.477905] pcie_pme 0000:00:17.1:pcie01: service driver pcie_pme loaded
[    0.477931] pcieport 0000:00:17.2: Signaling PME through PCIe PME interrupt
[    0.477954] pcie_pme 0000:00:17.2:pcie01: service driver pcie_pme loaded
[    0.477980] pcieport 0000:00:17.3: Signaling PME through PCIe PME interrupt
[    0.478002] pcie_pme 0000:00:17.3:pcie01: service driver pcie_pme loaded
[    0.478029] pcieport 0000:00:17.4: Signaling PME through PCIe PME interrupt
[    0.478051] pcie_pme 0000:00:17.4:pcie01: service driver pcie_pme loaded
[    0.478077] pcieport 0000:00:17.5: Signaling PME through PCIe PME interrupt
[    0.478100] pcie_pme 0000:00:17.5:pcie01: service driver pcie_pme loaded
[    0.478126] pcieport 0000:00:17.6: Signaling PME through PCIe PME interrupt
[    0.478149] pcie_pme 0000:00:17.6:pcie01: service driver pcie_pme loaded
[    0.478175] pcieport 0000:00:17.7: Signaling PME through PCIe PME interrupt
[    0.478198] pcie_pme 0000:00:17.7:pcie01: service driver pcie_pme loaded
[    0.478224] pcieport 0000:00:18.0: Signaling PME through PCIe PME interrupt
[    0.478247] pcie_pme 0000:00:18.0:pcie01: service driver pcie_pme loaded
[    0.478273] pcieport 0000:00:18.1: Signaling PME through PCIe PME interrupt
[    0.478296] pcie_pme 0000:00:18.1:pcie01: service driver pcie_pme loaded
[    0.478322] pcieport 0000:00:18.2: Signaling PME through PCIe PME interrupt
[    0.478344] pcie_pme 0000:00:18.2:pcie01: service driver pcie_pme loaded
[    0.478371] pcieport 0000:00:18.3: Signaling PME through PCIe PME interrupt
[    0.478393] pcie_pme 0000:00:18.3:pcie01: service driver pcie_pme loaded
[    0.478419] pcieport 0000:00:18.4: Signaling PME through PCIe PME interrupt
[    0.478442] pcie_pme 0000:00:18.4:pcie01: service driver pcie_pme loaded
[    0.478468] pcieport 0000:00:18.5: Signaling PME through PCIe PME interrupt
[    0.478491] pcie_pme 0000:00:18.5:pcie01: service driver pcie_pme loaded
[    0.478517] pcieport 0000:00:18.6: Signaling PME through PCIe PME interrupt
[    0.478540] pcie_pme 0000:00:18.6:pcie01: service driver pcie_pme loaded
[    0.478566] pcieport 0000:00:18.7: Signaling PME through PCIe PME interrupt
[    0.478588] pcie_pme 0000:00:18.7:pcie01: service driver pcie_pme loaded
[    0.478606] pci_hotplug: PCI Hot Plug PCI Core version: 0.5
[    0.478632] pciehp 0000:00:15.0:pcie04: HPC vendor_id 15ad device_id 7a0 ss_vid 15ad ss_did 7a0
[    0.478658] pciehp 0000:00:15.0:pcie04: service driver pciehp loaded
[    0.478685] pciehp 0000:00:15.1:pcie04: HPC vendor_id 15ad device_id 7a0 ss_vid 15ad ss_did 7a0
[    0.478711] pciehp 0000:00:15.1:pcie04: service driver pciehp loaded
[    0.478737] pciehp 0000:00:15.2:pcie04: HPC vendor_id 15ad device_id 7a0 ss_vid 15ad ss_did 7a0
[    0.478763] pciehp 0000:00:15.2:pcie04: service driver pciehp loaded
[    0.478789] pciehp 0000:00:15.3:pcie04: HPC vendor_id 15ad device_id 7a0 ss_vid 15ad ss_did 7a0
[    0.478815] pciehp 0000:00:15.3:pcie04: service driver pciehp loaded
[    0.478841] pciehp 0000:00:15.4:pcie04: HPC vendor_id 15ad device_id 7a0 ss_vid 15ad ss_did 7a0
[    0.478867] pciehp 0000:00:15.4:pcie04: service driver pciehp loaded
[    0.478894] pciehp 0000:00:15.5:pcie04: HPC vendor_id 15ad device_id 7a0 ss_vid 15ad ss_did 7a0
[    0.478920] pciehp 0000:00:15.5:pcie04: service driver pciehp loaded
[    0.478946] pciehp 0000:00:15.6:pcie04: HPC vendor_id 15ad device_id 7a0 ss_vid 15ad ss_did 7a0
[    0.478972] pciehp 0000:00:15.6:pcie04: service driver pciehp loaded
[    0.478998] pciehp 0000:00:15.7:pcie04: HPC vendor_id 15ad device_id 7a0 ss_vid 15ad ss_did 7a0
[    0.479024] pciehp 0000:00:15.7:pcie04: service driver pciehp loaded
[    0.479050] pciehp 0000:00:16.0:pcie04: HPC vendor_id 15ad device_id 7a0 ss_vid 15ad ss_did 7a0
[    0.479077] pciehp 0000:00:16.0:pcie04: service driver pciehp loaded
[    0.479103] pciehp 0000:00:16.1:pcie04: HPC vendor_id 15ad device_id 7a0 ss_vid 15ad ss_did 7a0
[    0.479129] pciehp 0000:00:16.1:pcie04: service driver pciehp loaded
[    0.479155] pciehp 0000:00:16.2:pcie04: HPC vendor_id 15ad device_id 7a0 ss_vid 15ad ss_did 7a0
[    0.479241] pciehp 0000:00:16.2:pcie04: service driver pciehp loaded
[    0.483277] pciehp 0000:00:16.3:pcie04: HPC vendor_id 15ad device_id 7a0 ss_vid 15ad ss_did 7a0
[    0.483303] pciehp 0000:00:16.3:pcie04: service driver pciehp loaded
[    0.483329] pciehp 0000:00:16.4:pcie04: HPC vendor_id 15ad device_id 7a0 ss_vid 15ad ss_did 7a0
[    0.483355] pciehp 0000:00:16.4:pcie04: service driver pciehp loaded
[    0.483381] pciehp 0000:00:16.5:pcie04: HPC vendor_id 15ad device_id 7a0 ss_vid 15ad ss_did 7a0
[    0.483407] pciehp 0000:00:16.5:pcie04: service driver pciehp loaded
[    0.483433] pciehp 0000:00:16.6:pcie04: HPC vendor_id 15ad device_id 7a0 ss_vid 15ad ss_did 7a0
[    0.483459] pciehp 0000:00:16.6:pcie04: service driver pciehp loaded
[    0.483486] pciehp 0000:00:16.7:pcie04: HPC vendor_id 15ad device_id 7a0 ss_vid 15ad ss_did 7a0
[    0.483512] pciehp 0000:00:16.7:pcie04: service driver pciehp loaded
[    0.483538] pciehp 0000:00:17.0:pcie04: HPC vendor_id 15ad device_id 7a0 ss_vid 15ad ss_did 7a0
[    0.483564] pciehp 0000:00:17.0:pcie04: service driver pciehp loaded
[    0.483590] pciehp 0000:00:17.1:pcie04: HPC vendor_id 15ad device_id 7a0 ss_vid 15ad ss_did 7a0
[    0.483616] pciehp 0000:00:17.1:pcie04: service driver pciehp loaded
[    0.483642] pciehp 0000:00:17.2:pcie04: HPC vendor_id 15ad device_id 7a0 ss_vid 15ad ss_did 7a0
[    0.483669] pciehp 0000:00:17.2:pcie04: service driver pciehp loaded
[    0.483695] pciehp 0000:00:17.3:pcie04: HPC vendor_id 15ad device_id 7a0 ss_vid 15ad ss_did 7a0
[    0.483721] pciehp 0000:00:17.3:pcie04: service driver pciehp loaded
[    0.483747] pciehp 0000:00:17.4:pcie04: HPC vendor_id 15ad device_id 7a0 ss_vid 15ad ss_did 7a0
[    0.483773] pciehp 0000:00:17.4:pcie04: service driver pciehp loaded
[    0.483799] pciehp 0000:00:17.5:pcie04: HPC vendor_id 15ad device_id 7a0 ss_vid 15ad ss_did 7a0
[    0.483825] pciehp 0000:00:17.5:pcie04: service driver pciehp loaded
[    0.483852] pciehp 0000:00:17.6:pcie04: HPC vendor_id 15ad device_id 7a0 ss_vid 15ad ss_did 7a0
[    0.483878] pciehp 0000:00:17.6:pcie04: service driver pciehp loaded
[    0.483904] pciehp 0000:00:17.7:pcie04: HPC vendor_id 15ad device_id 7a0 ss_vid 15ad ss_did 7a0
[    0.483930] pciehp 0000:00:17.7:pcie04: service driver pciehp loaded
[    0.483956] pciehp 0000:00:18.0:pcie04: HPC vendor_id 15ad device_id 7a0 ss_vid 15ad ss_did 7a0
[    0.483982] pciehp 0000:00:18.0:pcie04: service driver pciehp loaded
[    0.484008] pciehp 0000:00:18.1:pcie04: HPC vendor_id 15ad device_id 7a0 ss_vid 15ad ss_did 7a0
[    0.484034] pciehp 0000:00:18.1:pcie04: service driver pciehp loaded
[    0.484061] pciehp 0000:00:18.2:pcie04: HPC vendor_id 15ad device_id 7a0 ss_vid 15ad ss_did 7a0
[    0.484087] pciehp 0000:00:18.2:pcie04: service driver pciehp loaded
[    0.484113] pciehp 0000:00:18.3:pcie04: HPC vendor_id 15ad device_id 7a0 ss_vid 15ad ss_did 7a0
[    0.484139] pciehp 0000:00:18.3:pcie04: service driver pciehp loaded
[    0.484165] pciehp 0000:00:18.4:pcie04: HPC vendor_id 15ad device_id 7a0 ss_vid 15ad ss_did 7a0
[    0.484191] pciehp 0000:00:18.4:pcie04: service driver pciehp loaded
[    0.484217] pciehp 0000:00:18.5:pcie04: HPC vendor_id 15ad device_id 7a0 ss_vid 15ad ss_did 7a0
[    0.484244] pciehp 0000:00:18.5:pcie04: service driver pciehp loaded
[    0.484270] pciehp 0000:00:18.6:pcie04: HPC vendor_id 15ad device_id 7a0 ss_vid 15ad ss_did 7a0
[    0.484296] pciehp 0000:00:18.6:pcie04: service driver pciehp loaded
[    0.484322] pciehp 0000:00:18.7:pcie04: HPC vendor_id 15ad device_id 7a0 ss_vid 15ad ss_did 7a0
[    0.484348] pciehp 0000:00:18.7:pcie04: service driver pciehp loaded
[    0.484356] pciehp: PCI Express Hot Plug Controller Driver version: 0.4
[    0.484382] ACPI: Deprecated procfs I/F for AC is loaded, please retry with CONFIG_ACPI_PROCFS_POWER cleared
[    0.484412] ACPI: AC Adapter [ACAD] (on-line)
[    0.484459] input: Power Button as /devices/LNXSYSTM:00/LNXPWRBN:00/input/input0
[    0.484464] ACPI: Power Button [PWRF]
[    0.499247] ERST: Table is not found!
[    0.499250] GHES: HEST is not enabled!
[    0.499334] Serial: 8250/16550 driver, 32 ports, IRQ sharing enabled
[    0.523085] serial8250: ttyS0 at I/O 0x3f8 (irq = 4) is a 16550A
[    0.523137] isapnp: Scanning for PnP cards...
[    0.618991] serial8250: ttyS1 at I/O 0x2f8 (irq = 3) is a 16550A
[    0.710799] 00:0a: ttyS0 at I/O 0x3f8 (irq = 4) is a 16550A
[    0.754850] 00:0b: ttyS1 at I/O 0x2f8 (irq = 3) is a 16550A
[    0.818915] Linux agpgart interface v0.103
[    0.818941] agpgart-intel 0000:00:00.0: Intel 440BX Chipset
[    0.819002] agpgart-intel 0000:00:00.0: AGP aperture is 256M @ 0x0
[    0.819542] brd: module loaded
[    0.819827] loop: module loaded
[    0.819854] ata_piix 0000:00:07.1: version 2.13
[    0.819907] scsi0 : ata_piix
[    0.819950] scsi1 : ata_piix
[    0.819976] ata1: PATA max UDMA/33 cmd 0x1f0 ctl 0x3f6 bmdma 0x10c0 irq 14
[    0.819979] ata2: PATA max UDMA/33 cmd 0x170 ctl 0x376 bmdma 0x10c8 irq 15
[    0.820008] Fixed MDIO Bus: probed
[    0.820021] tun: Universal TUN/TAP device driver, 1.6
[    0.820022] tun: (C) 1999-2004 Max Krasnyansky <maxk@qualcomm.com>
[    0.820073] PPP generic driver version 2.4.2
[    0.820132] ehci_hcd: USB 2.0 'Enhanced' Host Controller (EHCI) Driver
[    0.820158] ehci_hcd 0000:02:03.0: PCI INT A -> Link[LNKB] -> GSI 11 (level, low) -> IRQ 11
[    0.820184] ehci_hcd 0000:02:03.0: EHCI Host Controller
[    0.820220] ehci_hcd 0000:02:03.0: new USB bus registered, assigned bus number 1
[    0.820246] ehci_hcd 0000:02:03.0: cache line size of 32 is not supported
[    0.820254] ehci_hcd 0000:02:03.0: irq 11, io mem 0xc9000000
[    0.830767] ehci_hcd 0000:02:03.0: USB 2.0 started, EHCI 1.00
[    0.830840] hub 1-0:1.0: USB hub found
[    0.830844] hub 1-0:1.0: 6 ports detected
[    0.830870] ohci_hcd: USB 1.1 'Open' Host Controller (OHCI) Driver
[    0.830885] uhci_hcd: USB Universal Host Controller Interface driver
[    0.830911] uhci_hcd 0000:02:00.0: PCI INT A -> Link[LNKC] -> GSI 10 (level, low) -> IRQ 10
[    0.830937] uhci_hcd 0000:02:00.0: UHCI Host Controller
[    0.830974] uhci_hcd 0000:02:00.0: new USB bus registered, assigned bus number 2
[    0.831031] uhci_hcd 0000:02:00.0: irq 10, io base 0x000020c0
[    0.831096] hub 2-0:1.0: USB hub found
[    0.831100] hub 2-0:1.0: 2 ports detected
[    0.831126] usbcore: registered new interface driver libusual
[    0.831152] i8042: PNP: PS/2 Controller [PNP0303:KBC,PNP0f13:MOUS] at 0x60,0x64 irq 1,12
[    0.831406] serio: i8042 KBD port at 0x60,0x64 irq 1
[    0.831414] serio: i8042 AUX port at 0x60,0x64 irq 12
[    0.831513] mousedev: PS/2 mouse device common for all mice
[    0.831701] rtc_cmos 00:04: rtc core: registered rtc_cmos as rtc0
[    0.831780] rtc0: alarms up to one month, y3k, 114 bytes nvram, hpet irqs
[    0.831833] device-mapper: uevent: version 1.0.3
[    0.831883] device-mapper: ioctl: 4.22.0-ioctl (2011-10-19) initialised: dm-devel@redhat.com
[    0.831906] EISA: Probing bus 0 at eisa.0
[    0.831908] EISA: Cannot allocate resource for mainboard
[    0.831910] Cannot allocate resource for EISA slot 1
[    0.831912] Cannot allocate resource for EISA slot 2
[    0.831913] Cannot allocate resource for EISA slot 3
[    0.831915] Cannot allocate resource for EISA slot 4
[    0.831916] Cannot allocate resource for EISA slot 5
[    0.831918] Cannot allocate resource for EISA slot 6
[    0.831920] Cannot allocate resource for EISA slot 7
[    0.831921] Cannot allocate resource for EISA slot 8
[    0.831923] EISA: Detected 0 cards.
[    0.831930] cpufreq-nforce2: No nForce2 chipset.
[    0.831932] cpuidle: using governor ladder
[    0.831934] cpuidle: using governor menu
[    0.831936] EFI Variables Facility v0.08 2004-May-17
[    0.831962] TCP cubic registered
[    0.831988] NET: Registered protocol family 10
[    0.832066] NET: Registered protocol family 17
[    0.832071] Registering the dns_resolver key type
[    0.832088] Using IPI No-Shortcut mode
[    0.832149] PM: Hibernation image not present or could not be loaded.
[    0.832157] registered taskstats version 1
[    0.832392] input: AT Translated Set 2 keyboard as /devices/platform/i8042/serio0/input/input1
[    0.958630] Freeing initrd memory: 13836k freed
[    1.042520]   Magic number: 13:109:678
[    1.042539] pciehp 0000:00:18.2:pcie04: hash matches
[    1.062461] rtc_cmos 00:04: setting system clock to 2013-05-27 09:40:24 UTC (1369647624)
[    1.062478] BIOS EDD facility v0.16 2004-Jun-25, 0 devices found
[    1.062480] EDD information not available.
[    1.106224] ata2.00: ATAPI: VMware Virtual IDE CDROM Drive, 00000001, max UDMA/33
[    1.106610] ata2.00: configured for UDMA/33
[    1.150278] isapnp: No Plug & Play device found
[    1.150483] scsi 1:0:0:0: CD-ROM            NECVMWar VMware IDE CDR10 1.00 PQ: 0 ANSI: 5
[    1.151112] sr0: scsi3-mmc drive: 306x/306x cd/rw xa/form2 cdda tray
[    1.151115] cdrom: Uniform CD-ROM driver Revision: 3.20
[    1.151205] sr 1:0:0:0: Attached scsi CD-ROM sr0
[    1.151328] sr 1:0:0:0: Attached scsi generic sg0 type 5
[    1.151390] Freeing unused kernel memory: 740k freed
[    1.151442] Write protecting the kernel text: 5816k
[    1.151452] Write protecting the kernel read-only data: 2376k
[    1.151454] NX-protecting the kernel data: 4424k
[    1.158317] usb 2-1: new full-speed USB device number 2 using uhci_hcd
[    1.162186] udevd[85]: starting version 175
[    1.178619] VMware vmxnet3 virtual NIC driver - version 1.1.29.0-k-NAPI
[    1.182369] VMware PVSCSI driver - version 1.0.1.0-k
[    1.187314] VMware vmxnet virtual NIC driver
[    1.187367] ACPI: PCI Interrupt Link [LNKD] enabled at IRQ 5
[    1.187370] PCI: setting IRQ 5 as level-triggered
[    1.187376] vmxnet 0000:02:01.0: PCI INT A -> Link[LNKD] -> GSI 5 (level, low) -> IRQ 5
[    1.187429] Found vmxnet/PCI at 0x2024, irq 5.
[    1.187482] features:
[    1.187494] numRxBuffers = 100, numRxBuffers2 = 1
[    1.187546] vmxnet 0000:02:01.0: eth0: set_features() failed (-1); wanted 0x00004000, left 0x00004800
[    1.205296] Fusion MPT base driver 3.04.20
[    1.205298] Copyright (c) 1999-2008 LSI Corporation
[    1.205498] Fusion MPT SPI Host driver 3.04.20
[    1.205544] mptspi 0000:00:10.0: PCI INT A -> Link[LNKB] -> GSI 11 (level, low) -> IRQ 11
[    1.212307] mptbase: ioc0: Initiating bringup
[    1.228879] Floppy drive(s): fd0 is 1.44M
[    1.242417] FDC 0 is a post-1991 82077
[    1.282122] ioc0: LSI53C1030 B0: Capabilities={Initiator}
[    1.290455] input: VMware VMware Virtual USB Mouse as /devices/pci0000:00/0000:00:11.0/0000:02:00.0/usb2/2-1/2-1:1.0/input/input2
[    1.290654] generic-usb 0003:0E0F:0003.0001: input,hidraw0: USB HID v1.10 Mouse [VMware VMware Virtual USB Mouse] on usb-0000:02:00.0-1/input0
[    1.291243] input: VMware VMware Virtual USB Mouse as /devices/pci0000:00/0000:00:11.0/0000:02:00.0/usb2/2-1/2-1:1.1/input/input3
[    1.291424] generic-usb 0003:0E0F:0003.0002: input,hidraw1: USB HID v1.10 Mouse [VMware VMware Virtual USB Mouse] on usb-0000:02:00.0-1/input1
[    1.291580] usbcore: registered new interface driver usbhid
[    1.291583] usbhid: USB HID core driver
[    1.397902] usb 2-2: new full-speed USB device number 3 using uhci_hcd
[    1.441913] scsi2 : ioc0: LSI53C1030 B0, FwRev=01032920h, Ports=1, MaxQ=128, IRQ=11
[    1.527213] hub 2-2:1.0: USB hub found
[    1.527544] hub 2-2:1.0: 7 ports detected
[    1.554502] scsi 2:0:0:0: Direct-Access     VMware,  VMware Virtual S 1.0  PQ: 0 ANSI: 2
[    1.554538] scsi target2:0:0: Beginning Domain Validation
[    1.555213] scsi target2:0:0: Domain Validation skipping write tests
[    1.555216] scsi target2:0:0: Ending Domain Validation
[    1.555270] scsi target2:0:0: FAST-40 WIDE SCSI 80.0 MB/s ST (25 ns, offset 127)
[    1.557741] sd 2:0:0:0: [sda] 41943040 512-byte logical blocks: (21.4 GB/20.0 GiB)
[    1.557799] sd 2:0:0:0: [sda] Write Protect is off
[    1.557802] sd 2:0:0:0: [sda] Mode Sense: 61 00 00 00
[    1.557875] sd 2:0:0:0: [sda] Cache data unavailable
[    1.557879] sd 2:0:0:0: [sda] Assuming drive cache: write through
[    1.558174] sd 2:0:0:0: [sda] Cache data unavailable
[    1.558176] sd 2:0:0:0: [sda] Assuming drive cache: write through
[    1.558886] sd 2:0:0:0: Attached scsi generic sg1 type 0
[    1.559503]  sda: sda1 sda2 < sda5 >
[    1.559860] sd 2:0:0:0: [sda] Cache data unavailable
[    1.559863] sd 2:0:0:0: [sda] Assuming drive cache: write through
[    1.559865] sd 2:0:0:0: [sda] Attached SCSI disk
[    1.594571] EXT4-fs (sda1): INFO: recovery required on readonly filesystem
[    1.594576] EXT4-fs (sda1): write access will be enabled during recovery
[    1.722063] EXT4-fs (sda1): recovery complete
[    1.722605] EXT4-fs (sda1): mounted filesystem with ordered data mode. Opts: (null)
[    2.787924] ADDRCONF(NETDEV_UP): eth0: link is not ready
[    2.797740] udevd[331]: starting version 175
[    2.832554] lp: driver loaded but no devices found
[    2.857167] Adding 1046524k swap on /dev/sda5.  Priority:-1 extents:1 across:1046524k 
[    2.930086] EXT4-fs (sda1): re-mounted. Opts: errors=remount-ro
[    2.949198] piix4_smbus 0000:00:07.3: Host SMBus controller not enabled!
[    2.954273] [394]: VMCI: shared components initialized.
[    2.954292] Probing for vmci/PCI.
[    2.954445] ACPI: PCI Interrupt Link [LNKA] enabled at IRQ 9
[    2.954448] PCI: setting IRQ 9 as level-triggered
[    2.954453] vmci 0000:00:07.7: PCI INT A -> Link[LNKA] -> GSI 9 (level, low) -> IRQ 9
[    2.954496] Found vmci/PCI at 0x1080, irq 9.
[    2.954529] VMCI: using capabilities 0xc.
[    2.954599] [394]: VMCI: Host capability check passed.
[    2.954752] vmci 0000:00:07.7: irq 72 for MSI/MSI-X
[    2.954785] vmci 0000:00:07.7: irq 73 for MSI/MSI-X
[    2.954938] Registered vmci device.
[    2.960242] [394]: VMCI: Using guest personality
[    2.960246] [394]: VMCI: host components initialized.
[    2.960461] shpchp: Standard Hot Plug PCI Controller Driver version: 0.4
[    2.961249] [394]: VMCI: Module registered (name=vmci,major=10,minor=57).
[    2.961252] [394]: VMCI: Using host personality
[    2.961254] [394]: VMCI: Module (name=vmci) is initialized
[    3.040239] Bluetooth: Core ver 2.16
[    3.040484] NET: Registered protocol family 31
[    3.040487] Bluetooth: HCI device and connection manager initialized
[    3.040489] Bluetooth: HCI socket layer initialized
[    3.040491] Bluetooth: L2CAP socket layer initialized
[    3.040495] Bluetooth: SCO socket layer initialized
[    3.055198] Bluetooth: BNEP (Ethernet Emulation) ver 1.3
[    3.055201] Bluetooth: BNEP filters: protocol multicast
[    3.066878] ppdev: user-space parallel port driver
[    3.074490] parport_pc 00:09: reported by Plug and Play ACPI
[    3.074760] parport0: PC-style at 0x378, irq 7 [PCSPP,TRISTATE]
[    3.083391] Bluetooth: RFCOMM TTY layer initialized
[    3.083391] Bluetooth: RFCOMM socket layer initialized
[    3.083391] Bluetooth: RFCOMM ver 1.11
[    3.148431] type=1400 audit(1369647626.586:2): apparmor="STATUS" operation="profile_load" name="/sbin/dhclient" pid=583 comm="apparmor_parser"
[    3.148596] type=1400 audit(1369647626.586:3): apparmor="STATUS" operation="profile_load" name="/usr/lib/NetworkManager/nm-dhcp-client.action" pid=583 comm="apparmor_parser"
[    3.148749] type=1400 audit(1369647626.586:4): apparmor="STATUS" operation="profile_load" name="/usr/lib/connman/scripts/dhclient-script" pid=583 comm="apparmor_parser"
[    3.180371] lp0: using parport0 (interrupt-driven).
[    3.189926] type=1400 audit(1369647626.626:5): apparmor="STATUS" operation="profile_load" name="/usr/lib/cups/backend/cups-pdf" pid=608 comm="apparmor_parser"
[    3.190092] type=1400 audit(1369647626.626:6): apparmor="STATUS" operation="profile_load" name="/usr/sbin/cupsd" pid=608 comm="apparmor_parser"
[    3.287426] snd_ens1371 0000:02:02.0: PCI INT A -> Link[LNKA] -> GSI 9 (level, low) -> IRQ 9
[    3.347230] input: ImPS/2 Generic Wheel Mouse as /devices/platform/i8042/serio1/input/input4
[    3.506290] init: failsafe main process (688) killed by TERM signal
[    3.637925] type=1400 audit(1369647627.074:7): apparmor="STATUS" operation="profile_load" name="/usr/lib/lightdm/lightdm/lightdm-guest-session-wrapper" pid=805 comm="apparmor_parser"
[    3.640823] type=1400 audit(1369647627.078:8): apparmor="STATUS" operation="profile_replace" name="/sbin/dhclient" pid=806 comm="apparmor_parser"
[    3.643960] type=1400 audit(1369647627.082:9): apparmor="STATUS" operation="profile_replace" name="/usr/lib/NetworkManager/nm-dhcp-client.action" pid=806 comm="apparmor_parser"
[    3.644113] type=1400 audit(1369647627.082:10): apparmor="STATUS" operation="profile_replace" name="/usr/lib/connman/scripts/dhclient-script" pid=806 comm="apparmor_parser"
[    3.811404] init: alsa-restore main process (875) terminated with status 19
