[    0.000000] Initializing cgroup subsys cpuset
[    0.000000] Initializing cgroup subsys cpu
[    0.000000] Linux version 3.2.0-29-generic-pae (buildd@roseapple) (gcc version 4.6.3 (Ubuntu/Linaro 4.6.3-1ubuntu5) ) #46-Ubuntu SMP Fri Jul 27 17:25:43 UTC 2012 (Ubuntu 3.2.0-29.46-generic-pae 3.2.24)
[    0.000000] KERNEL supported cpus:
[    0.000000]   Intel GenuineIntel
[    0.000000]   AMD AuthenticAMD
[    0.000000]   NSC Geode by NSC
[    0.000000]   Cyrix CyrixInstead
[    0.000000]   Centaur CentaurHauls
[    0.000000]   Transmeta GenuineTMx86
[    0.000000]   Transmeta TransmetaCPU
[    0.000000]   UMC UMC UMC UMC
[    0.000000] Disabled fast string operations
[    0.000000] BIOS-provided physical RAM map:
[    0.000000]  BIOS-e820: 0000000000000000 - 000000000009f000 (usable)
[    0.000000]  BIOS-e820: 000000000009f000 - 00000000000a0000 (reserved)
[    0.000000]  BIOS-e820: 00000000000ca000 - 00000000000cc000 (reserved)
[    0.000000]  BIOS-e820: 00000000000dc000 - 0000000000100000 (reserved)
[    0.000000]  BIOS-e820: 0000000000100000 - 000000003fee0000 (usable)
[    0.000000]  BIOS-e820: 000000003fee0000 - 000000003feff000 (ACPI data)
[    0.000000]  BIOS-e820: 000000003feff000 - 000000003ff00000 (ACPI NVS)
[    0.000000]  BIOS-e820: 000000003ff00000 - 0000000040000000 (usable)
[    0.000000]  BIOS-e820: 00000000e0000000 - 00000000f0000000 (reserved)
[    0.000000]  BIOS-e820: 00000000fec00000 - 00000000fec10000 (reserved)
[    0.000000]  BIOS-e820: 00000000fee00000 - 00000000fee01000 (reserved)
[    0.000000]  BIOS-e820: 00000000fffe0000 - 0000000100000000 (reserved)
[    0.000000] NX (Execute Disable) protection: active
[    0.000000] DMI present.
[    0.000000] DMI: VMware, Inc. VMware Virtual Platform/440BX Desktop Reference Platform, BIOS 6.00 07/02/2012
[    0.000000] Hypervisor detected: VMware
[    0.000000] e820 update range: 0000000000000000 - 0000000000010000 (usable) ==> (reserved)
[    0.000000] e820 remove range: 00000000000a0000 - 0000000000100000 (usable)
[    0.000000] last_pfn = 0x40000 max_arch_pfn = 0x1000000
[    0.000000] MTRR default type: uncachable
[    0.000000] MTRR fixed ranges enabled:
[    0.000000]   00000-9FFFF write-back
[    0.000000]   A0000-BFFFF uncachable
[    0.000000]   C0000-CBFFF write-protect
[    0.000000]   CC000-EFFFF uncachable
[    0.000000]   F0000-FFFFF write-protect
[    0.000000] MTRR variable ranges enabled:
[    0.000000]   0 base 0000000000 mask FFC0000000 write-back
[    0.000000]   1 disabled
[    0.000000]   2 disabled
[    0.000000]   3 disabled
[    0.000000]   4 disabled
[    0.000000]   5 disabled
[    0.000000]   6 disabled
[    0.000000]   7 disabled
[    0.000000] x86 PAT enabled: cpu 0, old 0x0, new 0x7010600070106
[    0.000000] found SMP MP-table at [c00f6bf0] f6bf0
[    0.000000] initial memory mapped : 0 - 02000000
[    0.000000] Base memory trampoline at [c009b000] 9b000 size 16384
[    0.000000] init_memory_mapping: 0000000000000000-0000000037bfe000
[    0.000000]  0000000000 - 0000200000 page 4k
[    0.000000]  0000200000 - 0037a00000 page 2M
[    0.000000]  0037a00000 - 0037bfe000 page 4k
[    0.000000] kernel direct mapping tables up to 37bfe000 @ 1ffb000-2000000
[    0.000000] RAMDISK: 364ea000 - 3726d000
[    0.000000] ACPI: RSDP 000f6b80 00024 (v02 PTLTD )
[    0.000000] ACPI: XSDT 3feed636 0005C (v01 INTEL  440BX    06040000 VMW  01324272)
[    0.000000] ACPI: FACP 3fefee98 000F4 (v04 INTEL  440BX    06040000 PTL  000F4240)
[    0.000000] ACPI: DSDT 3feee366 10B32 (v01 PTLTD  Custom   06040000 MSFT 03000001)
[    0.000000] ACPI: FACS 3fefffc0 00040
[    0.000000] ACPI: BOOT 3feee33e 00028 (v01 PTLTD  $SBFTBL$ 06040000  LTP 00000001)
[    0.000000] ACPI: APIC 3feedc3e 003C2 (v01 PTLTD  ? APIC   06040000  LTP 00000000)
[    0.000000] ACPI: MCFG 3feedc02 0003C (v01 PTLTD  $PCITBL$ 06040000  LTP 00000001)
[    0.000000] ACPI: SRAT 3feed732 004D0 (v02 VMWARE MEMPLUG  06040000 VMW  00000001)
[    0.000000] ACPI: HPET 3feed6fa 00038 (v01 VMWARE VMW HPET 06040000 VMW  00000001)
[    0.000000] ACPI: WAET 3feed6d2 00028 (v01 VMWARE VMW WAET 06040000 VMW  00000001)
[    0.000000] ACPI: Local APIC address 0xfee00000
[    0.000000] 132MB HIGHMEM available.
[    0.000000] 891MB LOWMEM available.
[    0.000000]   mapped low ram: 0 - 37bfe000
[    0.000000]   low ram: 0 - 37bfe000
[    0.000000] Zone PFN ranges:
[    0.000000]   DMA      0x00000010 -> 0x00001000
[    0.000000]   Normal   0x00001000 -> 0x00037bfe
[    0.000000]   HighMem  0x00037bfe -> 0x00040000
[    0.000000] Movable zone start PFN for each node
[    0.000000] early_node_map[3] active PFN ranges
[    0.000000]     0: 0x00000010 -> 0x0000009f
[    0.000000]     0: 0x00000100 -> 0x0003fee0
[    0.000000]     0: 0x0003ff00 -> 0x00040000
[    0.000000] On node 0 totalpages: 261999
[    0.000000] free_area_init_node: node 0, pgdat c1866a40, node_mem_map f73fd200
[    0.000000]   DMA zone: 32 pages used for memmap
[    0.000000]   DMA zone: 0 pages reserved
[    0.000000]   DMA zone: 3951 pages, LIFO batch:0
[    0.000000]   Normal zone: 1752 pages used for memmap
[    0.000000]   Normal zone: 222502 pages, LIFO batch:31
[    0.000000]   HighMem zone: 265 pages used for memmap
[    0.000000]   HighMem zone: 33497 pages, LIFO batch:7
[    0.000000] Using APIC driver default
[    0.000000] ACPI: PM-Timer IO Port: 0x1008
[    0.000000] ACPI: Local APIC address 0xfee00000
[    0.000000] ACPI: LAPIC (acpi_id[0x00] lapic_id[0x00] enabled)
[    0.000000] ACPI: LAPIC (acpi_id[0x01] lapic_id[0x02] disabled)
[    0.000000] ACPI: LAPIC (acpi_id[0x02] lapic_id[0x04] disabled)
[    0.000000] ACPI: LAPIC (acpi_id[0x03] lapic_id[0x06] disabled)
[    0.000000] ACPI: LAPIC (acpi_id[0x04] lapic_id[0x08] disabled)
[    0.000000] ACPI: LAPIC (acpi_id[0x05] lapic_id[0x0a] disabled)
[    0.000000] ACPI: LAPIC (acpi_id[0x06] lapic_id[0x0c] disabled)
[    0.000000] ACPI: LAPIC (acpi_id[0x07] lapic_id[0x0e] disabled)
[    0.000000] ACPI: LAPIC (acpi_id[0x08] lapic_id[0x10] disabled)
[    0.000000] ACPI: LAPIC (acpi_id[0x09] lapic_id[0x12] disabled)
[    0.000000] ACPI: LAPIC (acpi_id[0x0a] lapic_id[0x14] disabled)
[    0.000000] ACPI: LAPIC (acpi_id[0x0b] lapic_id[0x16] disabled)
[    0.000000] ACPI: LAPIC (acpi_id[0x0c] lapic_id[0x18] disabled)
[    0.000000] ACPI: LAPIC (acpi_id[0x0d] lapic_id[0x1a] disabled)
[    0.000000] ACPI: LAPIC (acpi_id[0x0e] lapic_id[0x1c] disabled)
[    0.000000] ACPI: LAPIC (acpi_id[0x0f] lapic_id[0x1e] disabled)
[    0.000000] ACPI: LAPIC (acpi_id[0x10] lapic_id[0x20] disabled)
[    0.000000] ACPI: LAPIC (acpi_id[0x11] lapic_id[0x22] disabled)
[    0.000000] ACPI: LAPIC (acpi_id[0x12] lapic_id[0x24] disabled)
[    0.000000] ACPI: LAPIC (acpi_id[0x13] lapic_id[0x26] disabled)
[    0.000000] ACPI: LAPIC (acpi_id[0x14] lapic_id[0x28] disabled)
[    0.000000] ACPI: LAPIC (acpi_id[0x15] lapic_id[0x2a] disabled)
[    0.000000] ACPI: LAPIC (acpi_id[0x16] lapic_id[0x2c] disabled)
[    0.000000] ACPI: LAPIC (acpi_id[0x17] lapic_id[0x2e] disabled)
[    0.000000] ACPI: LAPIC (acpi_id[0x18] lapic_id[0x30] disabled)
[    0.000000] ACPI: LAPIC (acpi_id[0x19] lapic_id[0x32] disabled)
[    0.000000] ACPI: LAPIC (acpi_id[0x1a] lapic_id[0x34] disabled)
[    0.000000] ACPI: LAPIC (acpi_id[0x1b] lapic_id[0x36] disabled)
[    0.000000] ACPI: LAPIC (acpi_id[0x1c] lapic_id[0x38] disabled)
[    0.000000] ACPI: LAPIC (acpi_id[0x1d] lapic_id[0x3a] disabled)
[    0.000000] ACPI: LAPIC (acpi_id[0x1e] lapic_id[0x3c] disabled)
[    0.000000] ACPI: LAPIC (acpi_id[0x1f] lapic_id[0x3e] disabled)
[    0.000000] ACPI: LAPIC (acpi_id[0x20] lapic_id[0x40] disabled)
[    0.000000] ACPI: LAPIC (acpi_id[0x21] lapic_id[0x42] disabled)
[    0.000000] ACPI: LAPIC (acpi_id[0x22] lapic_id[0x44] disabled)
[    0.000000] ACPI: LAPIC (acpi_id[0x23] lapic_id[0x46] disabled)
[    0.000000] ACPI: LAPIC (acpi_id[0x24] lapic_id[0x48] disabled)
[    0.000000] ACPI: LAPIC (acpi_id[0x25] lapic_id[0x4a] disabled)
[    0.000000] ACPI: LAPIC (acpi_id[0x26] lapic_id[0x4c] disabled)
[    0.000000] ACPI: LAPIC (acpi_id[0x27] lapic_id[0x4e] disabled)
[    0.000000] ACPI: LAPIC (acpi_id[0x28] lapic_id[0x50] disabled)
[    0.000000] ACPI: LAPIC (acpi_id[0x29] lapic_id[0x52] disabled)
[    0.000000] ACPI: LAPIC (acpi_id[0x2a] lapic_id[0x54] disabled)
[    0.000000] ACPI: LAPIC (acpi_id[0x2b] lapic_id[0x56] disabled)
[    0.000000] ACPI: LAPIC (acpi_id[0x2c] lapic_id[0x58] disabled)
[    0.000000] ACPI: LAPIC (acpi_id[0x2d] lapic_id[0x5a] disabled)
[    0.000000] ACPI: LAPIC (acpi_id[0x2e] lapic_id[0x5c] disabled)
[    0.000000] ACPI: LAPIC (acpi_id[0x2f] lapic_id[0x5e] disabled)
[    0.000000] ACPI: LAPIC (acpi_id[0x30] lapic_id[0x60] disabled)
[    0.000000] ACPI: LAPIC (acpi_id[0x31] lapic_id[0x62] disabled)
[    0.000000] ACPI: LAPIC (acpi_id[0x32] lapic_id[0x64] disabled)
[    0.000000] ACPI: LAPIC (acpi_id[0x33] lapic_id[0x66] disabled)
[    0.000000] ACPI: LAPIC (acpi_id[0x34] lapic_id[0x68] disabled)
[    0.000000] ACPI: LAPIC (acpi_id[0x35] lapic_id[0x6a] disabled)
[    0.000000] ACPI: LAPIC (acpi_id[0x36] lapic_id[0x6c] disabled)
[    0.000000] ACPI: LAPIC (acpi_id[0x37] lapic_id[0x6e] disabled)
[    0.000000] ACPI: LAPIC (acpi_id[0x38] lapic_id[0x70] disabled)
[    0.000000] ACPI: LAPIC (acpi_id[0x39] lapic_id[0x72] disabled)
[    0.000000] ACPI: LAPIC (acpi_id[0x3a] lapic_id[0x74] disabled)
[    0.000000] ACPI: LAPIC (acpi_id[0x3b] lapic_id[0x76] disabled)
[    0.000000] ACPI: LAPIC (acpi_id[0x3c] lapic_id[0x78] disabled)
[    0.000000] ACPI: LAPIC (acpi_id[0x3d] lapic_id[0x7a] disabled)
[    0.000000] ACPI: LAPIC (acpi_id[0x3e] lapic_id[0x7c] disabled)
[    0.000000] ACPI: LAPIC (acpi_id[0x3f] lapic_id[0x7e] disabled)
[    0.000000] ACPI: LAPIC_NMI (acpi_id[0x00] high edge lint[0x1])
[    0.000000] ACPI: LAPIC_NMI (acpi_id[0x01] high edge lint[0x1])
[    0.000000] ACPI: LAPIC_NMI (acpi_id[0x02] high edge lint[0x1])
[    0.000000] ACPI: LAPIC_NMI (acpi_id[0x03] high edge lint[0x1])
[    0.000000] ACPI: LAPIC_NMI (acpi_id[0x04] high edge lint[0x1])
[    0.000000] ACPI: LAPIC_NMI (acpi_id[0x05] high edge lint[0x1])
[    0.000000] ACPI: LAPIC_NMI (acpi_id[0x06] high edge lint[0x1])
[    0.000000] ACPI: LAPIC_NMI (acpi_id[0x07] high edge lint[0x1])
[    0.000000] ACPI: LAPIC_NMI (acpi_id[0x08] high edge lint[0x1])
[    0.000000] ACPI: LAPIC_NMI (acpi_id[0x09] high edge lint[0x1])
[    0.000000] ACPI: LAPIC_NMI (acpi_id[0x0a] high edge lint[0x1])
[    0.000000] ACPI: LAPIC_NMI (acpi_id[0x0b] high edge lint[0x1])
[    0.000000] ACPI: LAPIC_NMI (acpi_id[0x0c] high edge lint[0x1])
[    0.000000] ACPI: LAPIC_NMI (acpi_id[0x0d] high edge lint[0x1])
[    0.000000] ACPI: LAPIC_NMI (acpi_id[0x0e] high edge lint[0x1])
[    0.000000] ACPI: LAPIC_NMI (acpi_id[0x0f] high edge lint[0x1])
[    0.000000] ACPI: LAPIC_NMI (acpi_id[0x10] high edge lint[0x1])
[    0.000000] ACPI: LAPIC_NMI (acpi_id[0x11] high edge lint[0x1])
[    0.000000] ACPI: LAPIC_NMI (acpi_id[0x12] high edge lint[0x1])
[    0.000000] ACPI: LAPIC_NMI (acpi_id[0x13] high edge lint[0x1])
[    0.000000] ACPI: LAPIC_NMI (acpi_id[0x14] high edge lint[0x1])
[    0.000000] ACPI: LAPIC_NMI (acpi_id[0x15] high edge lint[0x1])
[    0.000000] ACPI: LAPIC_NMI (acpi_id[0x16] high edge lint[0x1])
[    0.000000] ACPI: LAPIC_NMI (acpi_id[0x17] high edge lint[0x1])
[    0.000000] ACPI: LAPIC_NMI (acpi_id[0x18] high edge lint[0x1])
[    0.000000] ACPI: LAPIC_NMI (acpi_id[0x19] high edge lint[0x1])
[    0.000000] ACPI: LAPIC_NMI (acpi_id[0x1a] high edge lint[0x1])
[    0.000000] ACPI: LAPIC_NMI (acpi_id[0x1b] high edge lint[0x1])
[    0.000000] ACPI: LAPIC_NMI (acpi_id[0x1c] high edge lint[0x1])
[    0.000000] ACPI: LAPIC_NMI (acpi_id[0x1d] high edge lint[0x1])
[    0.000000] ACPI: LAPIC_NMI (acpi_id[0x1e] high edge lint[0x1])
[    0.000000] ACPI: LAPIC_NMI (acpi_id[0x1f] high edge lint[0x1])
[    0.000000] ACPI: LAPIC_NMI (acpi_id[0x20] high edge lint[0x1])
[    0.000000] ACPI: LAPIC_NMI (acpi_id[0x21] high edge lint[0x1])
[    0.000000] ACPI: LAPIC_NMI (acpi_id[0x22] high edge lint[0x1])
[    0.000000] ACPI: LAPIC_NMI (acpi_id[0x23] high edge lint[0x1])
[    0.000000] ACPI: LAPIC_NMI (acpi_id[0x24] high edge lint[0x1])
[    0.000000] ACPI: LAPIC_NMI (acpi_id[0x25] high edge lint[0x1])
[    0.000000] ACPI: LAPIC_NMI (acpi_id[0x26] high edge lint[0x1])
[    0.000000] ACPI: LAPIC_NMI (acpi_id[0x27] high edge lint[0x1])
[    0.000000] ACPI: LAPIC_NMI (acpi_id[0x28] high edge lint[0x1])
[    0.000000] ACPI: LAPIC_NMI (acpi_id[0x29] high edge lint[0x1])
[    0.000000] ACPI: LAPIC_NMI (acpi_id[0x2a] high edge lint[0x1])
[    0.000000] ACPI: LAPIC_NMI (acpi_id[0x2b] high edge lint[0x1])
[    0.000000] ACPI: LAPIC_NMI (acpi_id[0x2c] high edge lint[0x1])
[    0.000000] ACPI: LAPIC_NMI (acpi_id[0x2d] high edge lint[0x1])
[    0.000000] ACPI: LAPIC_NMI (acpi_id[0x2e] high edge lint[0x1])
[    0.000000] ACPI: LAPIC_NMI (acpi_id[0x2f] high edge lint[0x1])
[    0.000000] ACPI: LAPIC_NMI (acpi_id[0x30] high edge lint[0x1])
[    0.000000] ACPI: LAPIC_NMI (acpi_id[0x31] high edge lint[0x1])
[    0.000000] ACPI: LAPIC_NMI (acpi_id[0x32] high edge lint[0x1])
[    0.000000] ACPI: LAPIC_NMI (acpi_id[0x33] high edge lint[0x1])
[    0.000000] ACPI: LAPIC_NMI (acpi_id[0x34] high edge lint[0x1])
[    0.000000] ACPI: LAPIC_NMI (acpi_id[0x35] high edge lint[0x1])
[    0.000000] ACPI: LAPIC_NMI (acpi_id[0x36] high edge lint[0x1])
[    0.000000] ACPI: LAPIC_NMI (acpi_id[0x37] high edge lint[0x1])
[    0.000000] ACPI: LAPIC_NMI (acpi_id[0x38] high edge lint[0x1])
[    0.000000] ACPI: LAPIC_NMI (acpi_id[0x39] high edge lint[0x1])
[    0.000000] ACPI: LAPIC_NMI (acpi_id[0x3a] high edge lint[0x1])
[    0.000000] ACPI: LAPIC_NMI (acpi_id[0x3b] high edge lint[0x1])
[    0.000000] ACPI: LAPIC_NMI (acpi_id[0x3c] high edge lint[0x1])
[    0.000000] ACPI: LAPIC_NMI (acpi_id[0x3d] high edge lint[0x1])
[    0.000000] ACPI: LAPIC_NMI (acpi_id[0x3e] high edge lint[0x1])
[    0.000000] ACPI: LAPIC_NMI (acpi_id[0x3f] high edge lint[0x1])
[    0.000000] ACPI: Skipping IOAPIC probe due to 'noapic' option.
[    0.000000] Using ACPI for processor (LAPIC) configuration information
[    0.000000] ACPI: HPET id: 0x8086af01 base: 0xfed00000
[    0.000000] Intel MultiProcessor Specification v1.4
[    0.000000]     Virtual Wire compatibility mode.
[    0.000000] MPTABLE: OEM ID: INTEL   
[    0.000000] MPTABLE: Product ID: 440BX       
[    0.000000] MPTABLE: APIC at: 0xFEE00000
[    0.000000] IOAPIC[0]: apic_id 1, version 17, address 0xfec00000, GSI 0-23
[    0.000000] Processors: 1
[    0.000000] SMP: Allowing 1 CPUs, 0 hotplug CPUs
[    0.000000] nr_irqs_gsi: 40
[    0.000000] PM: Registered nosave memory: 000000000009f000 - 00000000000a0000
[    0.000000] PM: Registered nosave memory: 00000000000a0000 - 00000000000ca000
[    0.000000] PM: Registered nosave memory: 00000000000ca000 - 00000000000cc000
[    0.000000] PM: Registered nosave memory: 00000000000cc000 - 00000000000dc000
[    0.000000] PM: Registered nosave memory: 00000000000dc000 - 0000000000100000
[    0.000000] Allocating PCI resources starting at 40000000 (gap: 40000000:a0000000)
[    0.000000] Booting paravirtualized kernel on bare hardware
[    0.000000] setup_percpu: NR_CPUS:8 nr_cpumask_bits:8 nr_cpu_ids:1 nr_node_ids:1
[    0.000000] PERCPU: Embedded 14 pages/cpu @f73e8000 s34240 r0 d23104 u57344
[    0.000000] pcpu-alloc: s34240 r0 d23104 u57344 alloc=14*4096
[    0.000000] pcpu-alloc: [0] 0 
[    0.000000] Built 1 zonelists in Zone order, mobility grouping on.  Total pages: 259950
[    0.000000] Kernel command line: BOOT_IMAGE=/boot/vmlinuz-3.2.0-29-generic-pae root=UUID=007b598c-390d-4c65-84a1-4ff752d48633 ro quiet splash maxcpus=0
[    0.000000] PID hash table entries: 4096 (order: 2, 16384 bytes)
[    0.000000] Dentry cache hash table entries: 131072 (order: 7, 524288 bytes)
[    0.000000] Inode-cache hash table entries: 65536 (order: 6, 262144 bytes)
[    0.000000] Initializing CPU#0
[    0.000000] xsave/xrstor: enabled xstate_bv 0x7, cntxt size 0x340
[    0.000000] allocated 4194048 bytes of page_cgroup
[    0.000000] please try 'cgroup_disable=memory' option if you don't want memory cgroups
[    0.000000] Initializing HighMem for node 0 (00037bfe:00040000)
[    0.000000] Memory: 1010624k/1048576k available (5814k kernel code, 37372k reserved, 2841k data, 740k init, 135048k highmem)
[    0.000000] virtual kernel memory layout:
[    0.000000]     fixmap  : 0xfff16000 - 0xfffff000   ( 932 kB)
[    0.000000]     pkmap   : 0xffc00000 - 0xffe00000   (2048 kB)
[    0.000000]     vmalloc : 0xf83fe000 - 0xffbfe000   ( 120 MB)
[    0.000000]     lowmem  : 0xc0000000 - 0xf7bfe000   ( 891 MB)
[    0.000000]       .init : 0xc1875000 - 0xc192e000   ( 740 kB)
[    0.000000]       .data : 0xc15adb64 - 0xc1874240   (2841 kB)
[    0.000000]       .text : 0xc1000000 - 0xc15adb64   (5814 kB)
[    0.000000] Checking if this processor honours the WP bit even in supervisor mode...Ok.
[    0.000000] SLUB: Genslabs=15, HWalign=64, Order=0-3, MinObjects=0, CPUs=1, Nodes=1
[    0.000000] Hierarchical RCU implementation.
[    0.000000] 	RCU dyntick-idle grace-period acceleration is enabled.
[    0.000000] NR_IRQS:2304 nr_irqs:256 16
[    0.000000] CPU 0 irqstacks, hard=f5c08000 soft=f5c0a000
[    0.000000] Extended CMOS year: 2000
[    0.000000] Console: colour VGA+ 80x25
[    0.000000] console [tty0] enabled
[    0.000000] hpet clockevent registered
[    0.000000] TSC freq read from hypervisor : 2394.620 MHz
[    0.000000] Detected 2394.620 MHz processor.
[    0.000001] Calibrating delay loop (skipped) preset value.. 4789.24 BogoMIPS (lpj=9578480)
[    0.000004] pid_max: default: 32768 minimum: 301
[    0.000018] Security Framework initialized
[    0.000032] AppArmor: AppArmor initialized
[    0.000033] Yama: becoming mindful.
[    0.000069] Mount-cache hash table entries: 512
[    0.000146] Initializing cgroup subsys cpuacct
[    0.000149] Initializing cgroup subsys memory
[    0.000153] Initializing cgroup subsys devices
[    0.000155] Initializing cgroup subsys freezer
[    0.000156] Initializing cgroup subsys blkio
[    0.000161] Initializing cgroup subsys perf_event
[    0.000204] Disabled fast string operations
[    0.000207] CPU: Physical Processor ID: 0
[    0.000216] ENERGY_PERF_BIAS: Set to 'normal', was 'performance'
[    0.000217] ENERGY_PERF_BIAS: View and update with x86_energy_perf_policy(8)
[    0.000860] mce: CPU supports 0 MCE banks
[    0.001595] SMP alternatives: switching to UP code
[    0.018309] Freeing SMP alternatives: 24k freed
[    0.018314] ACPI: Core revision 20110623
[    0.024533] ACPI: setting ELCR to 0200 (from 0e20)
[    0.025554] ftrace: allocating 26545 entries in 52 pages
[    0.045848] SMP mode deactivated.
[    0.045876] SMP disabled
[    0.045878] Performance Events: generic architected perfmon v1, core PMU driver.
[    0.045888] ... version:                1
[    0.045889] ... bit width:              48
[    0.045890] ... generic registers:      4
[    0.045891] ... value mask:             0000ffffffffffff
[    0.045892] ... max period:             000000007fffffff
[    0.045893] ... fixed-purpose events:   0
[    0.045894] ... event mask:             000000000000000f
[    0.045982] NMI watchdog enabled, takes one hw-pmu counter.
[    0.046000] Brought up 1 CPUs
[    0.046001] Total of 1 processors activated (4789.24 BogoMIPS).
[    0.046103] devtmpfs: initialized
[    0.046171] EVM: security.selinux
[    0.046172] EVM: security.SMACK64
[    0.046173] EVM: security.capability
[    0.046197] PM: Registering ACPI NVS region at 3feff000 (4096 bytes)
[    0.046914] print_constraints: dummy: 
[    0.046983] RTC time: 10:52:41, date: 05/27/13
[    0.047010] NET: Registered protocol family 16
[    0.047080] EISA bus registered
[    0.047089] ACPI: bus type pci registered
[    0.047192] PCI: MMCONFIG for domain 0000 [bus 00-ff] at [mem 0xe0000000-0xefffffff] (base 0xe0000000)
[    0.047194] PCI: MMCONFIG at [mem 0xe0000000-0xefffffff] reserved in E820
[    0.047195] PCI: Using MMCONFIG for extended config space
[    0.047197] PCI: Using configuration type 1 for base access
[    0.047901] bio: create slab <bio-0> at 0
[    0.047965] ACPI: Added _OSI(Module Device)
[    0.047966] ACPI: Added _OSI(Processor Device)
[    0.047967] ACPI: Added _OSI(3.0 _SCP Extensions)
[    0.047969] ACPI: Added _OSI(Processor Aggregator Device)
[    0.049860] ACPI: EC: Look up EC in DSDT
[    0.054544] [Firmware Bug]: ACPI: BIOS _OSI(Linux) query ignored
[    0.062318] ACPI: Interpreter enabled
[    0.062327] ACPI: (supports S0 S1 S4 S5)
[    0.062338] ACPI: Using PIC for interrupt routing
[    0.103276] ACPI: No dock devices found.
[    0.103279] HEST: Table not found.
[    0.103283] PCI: Using host bridge windows from ACPI; if necessary, use "pci=nocrs" and report a bug
[    0.103996] ACPI: PCI Root Bridge [PCI0] (domain 0000 [bus 00-ff])
[    0.105188] pci_root PNP0A03:00: host bridge window [mem 0x000a0000-0x000bffff]
[    0.105190] pci_root PNP0A03:00: host bridge window [mem 0x000cc000-0x000cffff]
[    0.105191] pci_root PNP0A03:00: host bridge window [mem 0x000d0000-0x000d3fff]
[    0.105193] pci_root PNP0A03:00: host bridge window [mem 0x000d4000-0x000d7fff]
[    0.105194] pci_root PNP0A03:00: host bridge window [mem 0x000d8000-0x000dbfff]
[    0.105196] pci_root PNP0A03:00: host bridge window [mem 0xc0000000-0xfebfffff]
[    0.105198] pci_root PNP0A03:00: host bridge window [io  0x0000-0x0cf7]
[    0.105199] pci_root PNP0A03:00: host bridge window [io  0x0d00-0xfeff]
[    0.105252] pci 0000:00:00.0: [8086:7190] type 0 class 0x000600
[    0.105715] pci 0000:00:01.0: [8086:7191] type 1 class 0x000604
[    0.106132] pci 0000:00:07.0: [8086:7110] type 0 class 0x000601
[    0.106809] pci 0000:00:07.1: [8086:7111] type 0 class 0x000101
[    0.108347] pci 0000:00:07.1: reg 20: [io  0x10c0-0x10cf]
[    0.109093] pci 0000:00:07.3: [8086:7113] type 0 class 0x000680
[    0.110779] pci 0000:00:07.3: quirk: [io  0x1000-0x103f] claimed by PIIX4 ACPI
[    0.110793] pci 0000:00:07.3: quirk: [io  0x1040-0x104f] claimed by PIIX4 SMB
[    0.111038] pci 0000:00:07.7: [15ad:0740] type 0 class 0x000880
[    0.111536] pci 0000:00:07.7: reg 10: [io  0x1080-0x10bf]
[    0.112137] pci 0000:00:07.7: reg 14: [mem 0xc8000000-0xc8001fff 64bit]
[    0.114245] pci 0000:00:0f.0: [15ad:0405] type 0 class 0x000300
[    0.116304] pci 0000:00:0f.0: reg 10: [io  0x10d0-0x10df]
[    0.118280] pci 0000:00:0f.0: reg 14: [mem 0xd0000000-0xd7ffffff pref]
[    0.120336] pci 0000:00:0f.0: reg 18: [mem 0xc8800000-0xc8ffffff]
[    0.128270] pci 0000:00:0f.0: reg 30: [mem 0x00000000-0x00007fff pref]
[    0.128588] pci 0000:00:10.0: [1000:0030] type 0 class 0x000100
[    0.129152] pci 0000:00:10.0: reg 10: [io  0x1400-0x14ff]
[    0.129876] pci 0000:00:10.0: reg 14: [mem 0xc8040000-0xc805ffff 64bit]
[    0.130599] pci 0000:00:10.0: reg 1c: [mem 0xc8020000-0xc803ffff 64bit]
[    0.131687] pci 0000:00:10.0: reg 30: [mem 0x00000000-0x00003fff pref]
[    0.131868] pci 0000:00:11.0: [15ad:0790] type 1 class 0x000604
[    0.132602] pci 0000:00:15.0: [15ad:07a0] type 1 class 0x000604
[    0.133379] pci 0000:00:15.0: PME# supported from D0 D3hot D3cold
[    0.133404] pci 0000:00:15.0: PME# disabled
[    0.133643] pci 0000:00:15.1: [15ad:07a0] type 1 class 0x000604
[    0.134415] pci 0000:00:15.1: PME# supported from D0 D3hot D3cold
[    0.134439] pci 0000:00:15.1: PME# disabled
[    0.134678] pci 0000:00:15.2: [15ad:07a0] type 1 class 0x000604
[    0.135453] pci 0000:00:15.2: PME# supported from D0 D3hot D3cold
[    0.135477] pci 0000:00:15.2: PME# disabled
[    0.135715] pci 0000:00:15.3: [15ad:07a0] type 1 class 0x000604
[    0.136499] pci 0000:00:15.3: PME# supported from D0 D3hot D3cold
[    0.136524] pci 0000:00:15.3: PME# disabled
[    0.136763] pci 0000:00:15.4: [15ad:07a0] type 1 class 0x000604
[    0.137532] pci 0000:00:15.4: PME# supported from D0 D3hot D3cold
[    0.137556] pci 0000:00:15.4: PME# disabled
[    0.137801] pci 0000:00:15.5: [15ad:07a0] type 1 class 0x000604
[    0.138568] pci 0000:00:15.5: PME# supported from D0 D3hot D3cold
[    0.138592] pci 0000:00:15.5: PME# disabled
[    0.138831] pci 0000:00:15.6: [15ad:07a0] type 1 class 0x000604
[    0.139600] pci 0000:00:15.6: PME# supported from D0 D3hot D3cold
[    0.139624] pci 0000:00:15.6: PME# disabled
[    0.139876] pci 0000:00:15.7: [15ad:07a0] type 1 class 0x000604
[    0.140650] pci 0000:00:15.7: PME# supported from D0 D3hot D3cold
[    0.140674] pci 0000:00:15.7: PME# disabled
[    0.140912] pci 0000:00:16.0: [15ad:07a0] type 1 class 0x000604
[    0.141678] pci 0000:00:16.0: PME# supported from D0 D3hot D3cold
[    0.141702] pci 0000:00:16.0: PME# disabled
[    0.141940] pci 0000:00:16.1: [15ad:07a0] type 1 class 0x000604
[    0.142712] pci 0000:00:16.1: PME# supported from D0 D3hot D3cold
[    0.142735] pci 0000:00:16.1: PME# disabled
[    0.142974] pci 0000:00:16.2: [15ad:07a0] type 1 class 0x000604
[    0.143742] pci 0000:00:16.2: PME# supported from D0 D3hot D3cold
[    0.143764] pci 0000:00:16.2: PME# disabled
[    0.143998] pci 0000:00:16.3: [15ad:07a0] type 1 class 0x000604
[    0.144683] pci 0000:00:16.3: PME# supported from D0 D3hot D3cold
[    0.144705] pci 0000:00:16.3: PME# disabled
[    0.144918] pci 0000:00:16.4: [15ad:07a0] type 1 class 0x000604
[    0.145614] pci 0000:00:16.4: PME# supported from D0 D3hot D3cold
[    0.145635] pci 0000:00:16.4: PME# disabled
[    0.145855] pci 0000:00:16.5: [15ad:07a0] type 1 class 0x000604
[    0.146550] pci 0000:00:16.5: PME# supported from D0 D3hot D3cold
[    0.146572] pci 0000:00:16.5: PME# disabled
[    0.146785] pci 0000:00:16.6: [15ad:07a0] type 1 class 0x000604
[    0.147477] pci 0000:00:16.6: PME# supported from D0 D3hot D3cold
[    0.147499] pci 0000:00:16.6: PME# disabled
[    0.147712] pci 0000:00:16.7: [15ad:07a0] type 1 class 0x000604
[    0.148422] pci 0000:00:16.7: PME# supported from D0 D3hot D3cold
[    0.148444] pci 0000:00:16.7: PME# disabled
[    0.148658] pci 0000:00:17.0: [15ad:07a0] type 1 class 0x000604
[    0.149368] pci 0000:00:17.0: PME# supported from D0 D3hot D3cold
[    0.149395] pci 0000:00:17.0: PME# disabled
[    0.149654] pci 0000:00:17.1: [15ad:07a0] type 1 class 0x000604
[    0.150535] pci 0000:00:17.1: PME# supported from D0 D3hot D3cold
[    0.150563] pci 0000:00:17.1: PME# disabled
[    0.150841] pci 0000:00:17.2: [15ad:07a0] type 1 class 0x000604
[    0.151738] pci 0000:00:17.2: PME# supported from D0 D3hot D3cold
[    0.151787] pci 0000:00:17.2: PME# disabled
[    0.152067] pci 0000:00:17.3: [15ad:07a0] type 1 class 0x000604
[    0.153024] pci 0000:00:17.3: PME# supported from D0 D3hot D3cold
[    0.153055] pci 0000:00:17.3: PME# disabled
[    0.153337] pci 0000:00:17.4: [15ad:07a0] type 1 class 0x000604
[    0.154228] pci 0000:00:17.4: PME# supported from D0 D3hot D3cold
[    0.154265] pci 0000:00:17.4: PME# disabled
[    0.154560] pci 0000:00:17.5: [15ad:07a0] type 1 class 0x000604
[    0.155466] pci 0000:00:17.5: PME# supported from D0 D3hot D3cold
[    0.155494] pci 0000:00:17.5: PME# disabled
[    0.155799] pci 0000:00:17.6: [15ad:07a0] type 1 class 0x000604
[    0.156697] pci 0000:00:17.6: PME# supported from D0 D3hot D3cold
[    0.156726] pci 0000:00:17.6: PME# disabled
[    0.157008] pci 0000:00:17.7: [15ad:07a0] type 1 class 0x000604
[    0.157903] pci 0000:00:17.7: PME# supported from D0 D3hot D3cold
[    0.157932] pci 0000:00:17.7: PME# disabled
[    0.158217] pci 0000:00:18.0: [15ad:07a0] type 1 class 0x000604
[    0.159118] pci 0000:00:18.0: PME# supported from D0 D3hot D3cold
[    0.159147] pci 0000:00:18.0: PME# disabled
[    0.159431] pci 0000:00:18.1: [15ad:07a0] type 1 class 0x000604
[    0.160350] pci 0000:00:18.1: PME# supported from D0 D3hot D3cold
[    0.160380] pci 0000:00:18.1: PME# disabled
[    0.160662] pci 0000:00:18.2: [15ad:07a0] type 1 class 0x000604
[    0.161570] pci 0000:00:18.2: PME# supported from D0 D3hot D3cold
[    0.161592] pci 0000:00:18.2: PME# disabled
[    0.161808] pci 0000:00:18.3: [15ad:07a0] type 1 class 0x000604
[    0.162498] pci 0000:00:18.3: PME# supported from D0 D3hot D3cold
[    0.162519] pci 0000:00:18.3: PME# disabled
[    0.162733] pci 0000:00:18.4: [15ad:07a0] type 1 class 0x000604
[    0.163417] pci 0000:00:18.4: PME# supported from D0 D3hot D3cold
[    0.163439] pci 0000:00:18.4: PME# disabled
[    0.163661] pci 0000:00:18.5: [15ad:07a0] type 1 class 0x000604
[    0.164372] pci 0000:00:18.5: PME# supported from D0 D3hot D3cold
[    0.164395] pci 0000:00:18.5: PME# disabled
[    0.164609] pci 0000:00:18.6: [15ad:07a0] type 1 class 0x000604
[    0.165329] pci 0000:00:18.6: PME# supported from D0 D3hot D3cold
[    0.165351] pci 0000:00:18.6: PME# disabled
[    0.165565] pci 0000:00:18.7: [15ad:07a0] type 1 class 0x000604
[    0.166259] pci 0000:00:18.7: PME# supported from D0 D3hot D3cold
[    0.166286] pci 0000:00:18.7: PME# disabled
[    0.166894] pci 0000:00:01.0: PCI bridge to [bus 01-01]
[    0.167177] pci 0000:02:00.0: [15ad:0774] type 0 class 0x000c03
[    0.168485] pci 0000:02:00.0: reg 20: [io  0x20c0-0x20df]
[    0.169096] pci 0000:02:01.0: [1022:2000] type 0 class 0x000200
[    0.169396] pci 0000:02:01.0: reg 10: [io  0x2000-0x207f]
[    0.170855] pci 0000:02:01.0: reg 30: [mem 0x00000000-0x0000ffff pref]
[    0.170974] pci 0000:02:02.0: [1274:1371] type 0 class 0x000401
[    0.171304] pci 0000:02:02.0: reg 10: [io  0x2080-0x20bf]
[    0.173176] pci 0000:02:03.0: [15ad:0770] type 0 class 0x000c03
[    0.173458] pci 0000:02:03.0: reg 10: [mem 0xc9000000-0xc9000fff]
[    0.175088] pci 0000:00:11.0: PCI bridge to [bus 02-02] (subtractive decode)
[    0.175111] pci 0000:00:11.0:   bridge window [io  0x2000-0x3fff]
[    0.175132] pci 0000:00:11.0:   bridge window [mem 0xc9000000-0xca3fffff]
[    0.175172] pci 0000:00:11.0:   bridge window [mem 0xd8400000-0xd89fffff 64bit pref]
[    0.175174] pci 0000:00:11.0:   bridge window [mem 0x000a0000-0x000bffff] (subtractive decode)
[    0.175176] pci 0000:00:11.0:   bridge window [mem 0x000cc000-0x000cffff] (subtractive decode)
[    0.175177] pci 0000:00:11.0:   bridge window [mem 0x000d0000-0x000d3fff] (subtractive decode)
[    0.175179] pci 0000:00:11.0:   bridge window [mem 0x000d4000-0x000d7fff] (subtractive decode)
[    0.175180] pci 0000:00:11.0:   bridge window [mem 0x000d8000-0x000dbfff] (subtractive decode)
[    0.175182] pci 0000:00:11.0:   bridge window [mem 0xc0000000-0xfebfffff] (subtractive decode)
[    0.175184] pci 0000:00:11.0:   bridge window [io  0x0000-0x0cf7] (subtractive decode)
[    0.175185] pci 0000:00:11.0:   bridge window [io  0x0d00-0xfeff] (subtractive decode)
[    0.175634] pci 0000:00:15.0: PCI bridge to [bus 03-03]
[    0.175655] pci 0000:00:15.0:   bridge window [io  0x4000-0x4fff]
[    0.175676] pci 0000:00:15.0:   bridge window [mem 0xca400000-0xca4fffff]
[    0.175715] pci 0000:00:15.0:   bridge window [mem 0xd8a00000-0xd8afffff 64bit pref]
[    0.176153] pci 0000:00:15.1: PCI bridge to [bus 04-04]
[    0.176173] pci 0000:00:15.1:   bridge window [io  0x8000-0x8fff]
[    0.176194] pci 0000:00:15.1:   bridge window [mem 0xca800000-0xca8fffff]
[    0.176244] pci 0000:00:15.1:   bridge window [mem 0xd8e00000-0xd8efffff 64bit pref]
[    0.176657] pci 0000:00:15.2: PCI bridge to [bus 05-05]
[    0.176677] pci 0000:00:15.2:   bridge window [io  0xc000-0xcfff]
[    0.176698] pci 0000:00:15.2:   bridge window [mem 0xcac00000-0xcacfffff]
[    0.176737] pci 0000:00:15.2:   bridge window [mem 0xd9200000-0xd92fffff 64bit pref]
[    0.177155] pci 0000:00:15.3: PCI bridge to [bus 06-06]
[    0.177195] pci 0000:00:15.3:   bridge window [mem 0xcb000000-0xcb0fffff]
[    0.177243] pci 0000:00:15.3:   bridge window [mem 0xd9600000-0xd96fffff 64bit pref]
[    0.177656] pci 0000:00:15.4: PCI bridge to [bus 07-07]
[    0.177695] pci 0000:00:15.4:   bridge window [mem 0xcb400000-0xcb4fffff]
[    0.177734] pci 0000:00:15.4:   bridge window [mem 0xd9a00000-0xd9afffff 64bit pref]
[    0.178145] pci 0000:00:15.5: PCI bridge to [bus 08-08]
[    0.178183] pci 0000:00:15.5:   bridge window [mem 0xcb800000-0xcb8fffff]
[    0.178225] pci 0000:00:15.5:   bridge window [mem 0xd9e00000-0xd9efffff 64bit pref]
[    0.178637] pci 0000:00:15.6: PCI bridge to [bus 09-09]
[    0.178675] pci 0000:00:15.6:   bridge window [mem 0xcbc00000-0xcbcfffff]
[    0.178715] pci 0000:00:15.6:   bridge window [mem 0xda200000-0xda2fffff 64bit pref]
[    0.179126] pci 0000:00:15.7: PCI bridge to [bus 0a-0a]
[    0.179165] pci 0000:00:15.7:   bridge window [mem 0xcc000000-0xcc0fffff]
[    0.179204] pci 0000:00:15.7:   bridge window [mem 0xda600000-0xda6fffff 64bit pref]
[    0.179626] pci 0000:00:16.0: PCI bridge to [bus 0b-0b]
[    0.179646] pci 0000:00:16.0:   bridge window [io  0x5000-0x5fff]
[    0.179667] pci 0000:00:16.0:   bridge window [mem 0xca500000-0xca5fffff]
[    0.179706] pci 0000:00:16.0:   bridge window [mem 0xd8b00000-0xd8bfffff 64bit pref]
[    0.180131] pci 0000:00:16.1: PCI bridge to [bus 0c-0c]
[    0.180152] pci 0000:00:16.1:   bridge window [io  0x9000-0x9fff]
[    0.180172] pci 0000:00:16.1:   bridge window [mem 0xca900000-0xca9fffff]
[    0.180211] pci 0000:00:16.1:   bridge window [mem 0xd8f00000-0xd8ffffff 64bit pref]
[    0.180653] pci 0000:00:16.2: PCI bridge to [bus 0d-0d]
[    0.180673] pci 0000:00:16.2:   bridge window [io  0xd000-0xdfff]
[    0.180694] pci 0000:00:16.2:   bridge window [mem 0xcad00000-0xcadfffff]
[    0.180733] pci 0000:00:16.2:   bridge window [mem 0xd9300000-0xd93fffff 64bit pref]
[    0.181146] pci 0000:00:16.3: PCI bridge to [bus 0e-0e]
[    0.181185] pci 0000:00:16.3:   bridge window [mem 0xcb100000-0xcb1fffff]
[    0.181236] pci 0000:00:16.3:   bridge window [mem 0xd9700000-0xd97fffff 64bit pref]
[    0.181647] pci 0000:00:16.4: PCI bridge to [bus 0f-0f]
[    0.181686] pci 0000:00:16.4:   bridge window [mem 0xcb500000-0xcb5fffff]
[    0.181725] pci 0000:00:16.4:   bridge window [mem 0xd9b00000-0xd9bfffff 64bit pref]
[    0.182134] pci 0000:00:16.5: PCI bridge to [bus 10-10]
[    0.182173] pci 0000:00:16.5:   bridge window [mem 0xcb900000-0xcb9fffff]
[    0.182222] pci 0000:00:16.5:   bridge window [mem 0xd9f00000-0xd9ffffff 64bit pref]
[    0.182639] pci 0000:00:16.6: PCI bridge to [bus 11-11]
[    0.182678] pci 0000:00:16.6:   bridge window [mem 0xcbd00000-0xcbdfffff]
[    0.182717] pci 0000:00:16.6:   bridge window [mem 0xda300000-0xda3fffff 64bit pref]
[    0.183126] pci 0000:00:16.7: PCI bridge to [bus 12-12]
[    0.183165] pci 0000:00:16.7:   bridge window [mem 0xcc100000-0xcc1fffff]
[    0.183204] pci 0000:00:16.7:   bridge window [mem 0xda700000-0xda7fffff 64bit pref]
[    0.183618] pci 0000:00:17.0: PCI bridge to [bus 13-13]
[    0.183638] pci 0000:00:17.0:   bridge window [io  0x6000-0x6fff]
[    0.183658] pci 0000:00:17.0:   bridge window [mem 0xca600000-0xca6fffff]
[    0.183697] pci 0000:00:17.0:   bridge window [mem 0xd8c00000-0xd8cfffff 64bit pref]
[    0.184124] pci 0000:00:17.1: PCI bridge to [bus 14-14]
[    0.184145] pci 0000:00:17.1:   bridge window [io  0xa000-0xafff]
[    0.184165] pci 0000:00:17.1:   bridge window [mem 0xcaa00000-0xcaafffff]
[    0.184204] pci 0000:00:17.1:   bridge window [mem 0xd9000000-0xd90fffff 64bit pref]
[    0.184626] pci 0000:00:17.2: PCI bridge to [bus 15-15]
[    0.184646] pci 0000:00:17.2:   bridge window [io  0xe000-0xefff]
[    0.184667] pci 0000:00:17.2:   bridge window [mem 0xcae00000-0xcaefffff]
[    0.184706] pci 0000:00:17.2:   bridge window [mem 0xd9400000-0xd94fffff 64bit pref]
[    0.185120] pci 0000:00:17.3: PCI bridge to [bus 16-16]
[    0.185158] pci 0000:00:17.3:   bridge window [mem 0xcb200000-0xcb2fffff]
[    0.185197] pci 0000:00:17.3:   bridge window [mem 0xd9800000-0xd98fffff 64bit pref]
[    0.185609] pci 0000:00:17.4: PCI bridge to [bus 17-17]
[    0.185647] pci 0000:00:17.4:   bridge window [mem 0xcb600000-0xcb6fffff]
[    0.185686] pci 0000:00:17.4:   bridge window [mem 0xd9c00000-0xd9cfffff 64bit pref]
[    0.186096] pci 0000:00:17.5: PCI bridge to [bus 18-18]
[    0.186135] pci 0000:00:17.5:   bridge window [mem 0xcba00000-0xcbafffff]
[    0.186174] pci 0000:00:17.5:   bridge window [mem 0xda000000-0xda0fffff 64bit pref]
[    0.186593] pci 0000:00:17.6: PCI bridge to [bus 19-19]
[    0.186632] pci 0000:00:17.6:   bridge window [mem 0xcbe00000-0xcbefffff]
[    0.186671] pci 0000:00:17.6:   bridge window [mem 0xda400000-0xda4fffff 64bit pref]
[    0.187082] pci 0000:00:17.7: PCI bridge to [bus 1a-1a]
[    0.187120] pci 0000:00:17.7:   bridge window [mem 0xcc200000-0xcc2fffff]
[    0.187159] pci 0000:00:17.7:   bridge window [mem 0xda800000-0xda8fffff 64bit pref]
[    0.187582] pci 0000:00:18.0: PCI bridge to [bus 1b-1b]
[    0.187602] pci 0000:00:18.0:   bridge window [io  0x7000-0x7fff]
[    0.187623] pci 0000:00:18.0:   bridge window [mem 0xca700000-0xca7fffff]
[    0.187662] pci 0000:00:18.0:   bridge window [mem 0xd8d00000-0xd8dfffff 64bit pref]
[    0.188085] pci 0000:00:18.1: PCI bridge to [bus 1c-1c]
[    0.188106] pci 0000:00:18.1:   bridge window [io  0xb000-0xbfff]
[    0.188127] pci 0000:00:18.1:   bridge window [mem 0xcab00000-0xcabfffff]
[    0.188165] pci 0000:00:18.1:   bridge window [mem 0xd9100000-0xd91fffff 64bit pref]
[    0.188580] pci 0000:00:18.2: PCI bridge to [bus 1d-1d]
[    0.188600] pci 0000:00:18.2:   bridge window [io  0xf000-0xffff]
[    0.188621] pci 0000:00:18.2:   bridge window [mem 0xcaf00000-0xcaffffff]
[    0.188660] pci 0000:00:18.2:   bridge window [mem 0xd9500000-0xd95fffff 64bit pref]
[    0.189074] pci 0000:00:18.3: PCI bridge to [bus 1e-1e]
[    0.189112] pci 0000:00:18.3:   bridge window [mem 0xcb300000-0xcb3fffff]
[    0.189151] pci 0000:00:18.3:   bridge window [mem 0xd9900000-0xd99fffff 64bit pref]
[    0.189570] pci 0000:00:18.4: PCI bridge to [bus 1f-1f]
[    0.189610] pci 0000:00:18.4:   bridge window [mem 0xcb700000-0xcb7fffff]
[    0.189648] pci 0000:00:18.4:   bridge window [mem 0xd9d00000-0xd9dfffff 64bit pref]
[    0.190060] pci 0000:00:18.5: PCI bridge to [bus 20-20]
[    0.190100] pci 0000:00:18.5:   bridge window [mem 0xcbb00000-0xcbbfffff]
[    0.190139] pci 0000:00:18.5:   bridge window [mem 0xda100000-0xda1fffff 64bit pref]
[    0.190559] pci 0000:00:18.6: PCI bridge to [bus 21-21]
[    0.190598] pci 0000:00:18.6:   bridge window [mem 0xcbf00000-0xcbffffff]
[    0.190637] pci 0000:00:18.6:   bridge window [mem 0xda500000-0xda5fffff 64bit pref]
[    0.191047] pci 0000:00:18.7: PCI bridge to [bus 22-22]
[    0.191086] pci 0000:00:18.7:   bridge window [mem 0xcc300000-0xcc3fffff]
[    0.191125] pci 0000:00:18.7:   bridge window [mem 0xda900000-0xda9fffff 64bit pref]
[    0.192686] pci_bus 0000:00: on NUMA node 0
[    0.192691] ACPI: PCI Interrupt Routing Table [\_SB_.PCI0._PRT]
[    0.193294]  pci0000:00: Requesting ACPI _OSC control (0x1d)
[    0.193488]  pci0000:00: ACPI _OSC control (0x15) granted
[    0.263547] ACPI: PCI Interrupt Link [LNKA] (IRQs 3 4 5 6 7 *9 10 11 14 15)
[    0.263628] ACPI: PCI Interrupt Link [LNKB] (IRQs 3 4 5 6 7 9 10 *11 14 15)
[    0.263690] ACPI: PCI Interrupt Link [LNKC] (IRQs 3 4 5 6 7 9 *10 11 14 15)
[    0.263750] ACPI: PCI Interrupt Link [LNKD] (IRQs 3 4 *5 6 7 9 10 11 14 15)
[    0.263877] vgaarb: device added: PCI:0000:00:0f.0,decodes=io+mem,owns=io+mem,locks=none
[    0.263886] vgaarb: loaded
[    0.263887] vgaarb: bridge control possible 0000:00:0f.0
[    0.263964] i2c-core: driver [aat2870] using legacy suspend method
[    0.263965] i2c-core: driver [aat2870] using legacy resume method
[    0.264026] SCSI subsystem initialized
[    0.264062] libata version 3.00 loaded.
[    0.264090] usbcore: registered new interface driver usbfs
[    0.264116] usbcore: registered new interface driver hub
[    0.264151] usbcore: registered new device driver usb
[    0.264215] PCI: Using ACPI for IRQ routing
[    0.339430] PCI: pci_cache_line_size set to 64 bytes
[    0.339452] pci 0000:00:18.2: no compatible bridge window for [io  0xf000-0xffff]
[    0.340519] reserve RAM buffer: 000000000009f000 - 000000000009ffff 
[    0.340521] reserve RAM buffer: 000000003fee0000 - 000000003fffffff 
[    0.340625] NetLabel: Initializing
[    0.340626] NetLabel:  domain hash size = 128
[    0.340627] NetLabel:  protocols = UNLABELED CIPSOv4
[    0.340634] NetLabel:  unlabeled traffic allowed by default
[    0.340695] hpet0: at MMIO 0xfed00000, IRQs 2, 8, 0, 0, 0, 0, 0, 0, 0, 0, 0, 0, 0, 0, 0, 0
[    0.340701] hpet0: 16 comparators, 64-bit 14.318180 MHz counter
[    0.342720] Switching to clocksource hpet
[    0.347969] AppArmor: AppArmor Filesystem Enabled
[    0.347999] pnp: PnP ACPI init
[    0.348015] ACPI: bus type pnp registered
[    0.348645] pnp 00:00: [bus 00-ff]
[    0.348647] pnp 00:00: [mem 0x000a0000-0x000bffff window]
[    0.348649] pnp 00:00: [mem 0x000c0000-0x000c3fff window]
[    0.348650] pnp 00:00: [mem 0x000c4000-0x000c7fff window]
[    0.348652] pnp 00:00: [mem 0x000c8000-0x000cbfff window]
[    0.348653] pnp 00:00: [mem 0x000cc000-0x000cffff window]
[    0.348655] pnp 00:00: [mem 0x000d0000-0x000d3fff window]
[    0.348656] pnp 00:00: [mem 0x000d4000-0x000d7fff window]
[    0.348657] pnp 00:00: [mem 0x000d8000-0x000dbfff window]
[    0.348659] pnp 00:00: [mem 0x000dc000-0x000dffff window]
[    0.348660] pnp 00:00: [mem 0x000e0000-0x000e3fff window]
[    0.348662] pnp 00:00: [mem 0x000e4000-0x000e7fff window]
[    0.348663] pnp 00:00: [mem 0x000e8000-0x000ebfff window]
[    0.348664] pnp 00:00: [mem 0x000ec000-0x000effff window]
[    0.348666] pnp 00:00: [mem 0xc0000000-0xfebfffff window]
[    0.348668] pnp 00:00: [io  0x0cf8-0x0cff]
[    0.348669] pnp 00:00: [io  0x0000-0x0cf7 window]
[    0.348670] pnp 00:00: [io  0x0d00-0xfeff window]
[    0.348707] pnp 00:00: Plug and Play ACPI device, IDs PNP0a03 PNP0a08 (active)
[    0.348770] pnp 00:01: [io  0x0010-0x001f]
[    0.348771] pnp 00:01: [io  0x0024-0x0025]
[    0.348772] pnp 00:01: [io  0x0028-0x0029]
[    0.348774] pnp 00:01: [io  0x002c-0x002d]
[    0.348775] pnp 00:01: [io  0x002e-0x002f]
[    0.348776] pnp 00:01: [io  0x0030-0x0031]
[    0.348777] pnp 00:01: [io  0x0034-0x0035]
[    0.348778] pnp 00:01: [io  0x0038-0x0039]
[    0.348779] pnp 00:01: [io  0x003c-0x003d]
[    0.348780] pnp 00:01: [io  0x0050-0x0053]
[    0.348782] pnp 00:01: [io  0x0072-0x0077]
[    0.348783] pnp 00:01: [io  0x0080]
[    0.348784] pnp 00:01: [io  0x0090-0x009f]
[    0.348785] pnp 00:01: [io  0x00a4-0x00a5]
[    0.348786] pnp 00:01: [io  0x00a8-0x00a9]
[    0.348787] pnp 00:01: [io  0x00ac-0x00ad]
[    0.348788] pnp 00:01: [io  0x00b0-0x00b5]
[    0.348789] pnp 00:01: [io  0x00b8-0x00b9]
[    0.348791] pnp 00:01: [io  0x00bc-0x00bd]
[    0.348792] pnp 00:01: [io  0x1000-0x103f]
[    0.348793] pnp 00:01: [io  0x1040-0x104f]
[    0.348794] pnp 00:01: [io  0x0cf0-0x0cf1]
[    0.348850] system 00:01: [io  0x1000-0x103f] has been reserved
[    0.348854] system 00:01: [io  0x1040-0x104f] has been reserved
[    0.348856] system 00:01: [io  0x0cf0-0x0cf1] has been reserved
[    0.348858] system 00:01: Plug and Play ACPI device, IDs PNP0c02 (active)
[    0.348865] pnp 00:02: [io  0x0000-0x000f]
[    0.348866] pnp 00:02: [io  0x0081-0x008f]
[    0.348867] pnp 00:02: [io  0x00c0-0x00df]
[    0.348869] pnp 00:02: [dma 4]
[    0.348884] pnp 00:02: Plug and Play ACPI device, IDs PNP0200 (active)
[    0.348890] pnp 00:03: [io  0x0020-0x0021]
[    0.348891] pnp 00:03: [io  0x00a0-0x00a1]
[    0.348892] pnp 00:03: [io  0x04d0-0x04d1]
[    0.348894] pnp 00:03: [irq 2 disabled]
[    0.348909] pnp 00:03: Plug and Play ACPI device, IDs PNP0001 (active)
[    0.348915] pnp 00:04: [io  0x0070-0x0071]
[    0.348917] pnp 00:04: [irq 8]
[    0.348930] pnp 00:04: Plug and Play ACPI device, IDs PNP0b00 (active)
[    0.348935] pnp 00:05: [io  0x0061]
[    0.348947] pnp 00:05: Plug and Play ACPI device, IDs PNP0800 (active)
[    0.348952] pnp 00:06: [io  0x0060]
[    0.348953] pnp 00:06: [io  0x0064]
[    0.348954] pnp 00:06: [irq 1]
[    0.348969] pnp 00:06: Plug and Play ACPI device, IDs PNP0303 (active)
[    0.348995] pnp 00:07: [irq 12]
[    0.349018] pnp 00:07: Plug and Play ACPI device, IDs PNP0f13 (active)
[    0.349185] pnp 00:08: [mem 0xfed00000-0xfed003ff]
[    0.349219] system 00:08: [mem 0xfed00000-0xfed003ff] has been reserved
[    0.349222] system 00:08: Plug and Play ACPI device, IDs PNP0103 PNP0c01 (active)
[    0.353771] pnp 00:09: [io  0x0378-0x037f]
[    0.353774] pnp 00:09: [irq 7]
[    0.354993] pnp 00:09: Plug and Play ACPI device, IDs PNP0400 (active)
[    0.359048] pnp 00:0a: [io  0x03f8-0x03ff]
[    0.359051] pnp 00:0a: [irq 4]
[    0.360193] pnp 00:0a: Plug and Play ACPI device, IDs PNP0501 (active)
[    0.363757] pnp 00:0b: [io  0x02f8-0x02ff]
[    0.363759] pnp 00:0b: [irq 3]
[    0.364893] pnp 00:0b: Plug and Play ACPI device, IDs PNP0501 (active)
[    0.369689] pnp 00:0c: [io  0x03f0-0x03f5]
[    0.369691] pnp 00:0c: [io  0x03f7]
[    0.369693] pnp 00:0c: [irq 6]
[    0.369694] pnp 00:0c: [dma 2]
[    0.370660] pnp 00:0c: Plug and Play ACPI device, IDs PNP0700 (active)
[    0.370839] pnp 00:0d: [mem 0xe0000000-0xefffffff]
[    0.370841] pnp 00:0d: [io  0x1060-0x107f]
[    0.370842] pnp 00:0d: [mem 0xc8200000-0xc83fffff]
[    0.370885] system 00:0d: [io  0x1060-0x107f] has been reserved
[    0.370888] system 00:0d: [mem 0xe0000000-0xefffffff] has been reserved
[    0.370890] system 00:0d: [mem 0xc8200000-0xc83fffff] has been reserved
[    0.370892] system 00:0d: Plug and Play ACPI device, IDs PNP0c02 (active)
[    0.375403] pnp: PnP ACPI: found 14 devices
[    0.375405] ACPI: ACPI bus type pnp unregistered
[    0.375408] PnPBIOS: Disabled by ACPI PNP
[    0.411019] PCI: max bus depth: 1 pci_try_num: 2
[    0.411087] pci 0000:00:0f.0: BAR 6: assigned [mem 0xc0000000-0xc0007fff pref]
[    0.411094] pci 0000:00:10.0: BAR 6: assigned [mem 0xc0008000-0xc000bfff pref]
[    0.411099] pci 0000:00:18.7: BAR 13: can't assign io (size 0x1000)
[    0.411103] pci 0000:00:18.6: BAR 13: can't assign io (size 0x1000)
[    0.411106] pci 0000:00:18.5: BAR 13: can't assign io (size 0x1000)
[    0.411109] pci 0000:00:18.4: BAR 13: can't assign io (size 0x1000)
[    0.411112] pci 0000:00:18.3: BAR 13: can't assign io (size 0x1000)
[    0.411115] pci 0000:00:18.2: BAR 13: can't assign io (size 0x1000)
[    0.411118] pci 0000:00:17.7: BAR 13: can't assign io (size 0x1000)
[    0.411121] pci 0000:00:17.6: BAR 13: can't assign io (size 0x1000)
[    0.411124] pci 0000:00:17.5: BAR 13: can't assign io (size 0x1000)
[    0.411126] pci 0000:00:17.4: BAR 13: can't assign io (size 0x1000)
[    0.411129] pci 0000:00:17.3: BAR 13: can't assign io (size 0x1000)
[    0.411132] pci 0000:00:16.7: BAR 13: can't assign io (size 0x1000)
[    0.411135] pci 0000:00:16.6: BAR 13: can't assign io (size 0x1000)
[    0.411138] pci 0000:00:16.5: BAR 13: can't assign io (size 0x1000)
[    0.411142] pci 0000:00:16.4: BAR 13: can't assign io (size 0x1000)
[    0.411145] pci 0000:00:16.3: BAR 13: can't assign io (size 0x1000)
[    0.411148] pci 0000:00:15.7: BAR 13: can't assign io (size 0x1000)
[    0.411151] pci 0000:00:15.6: BAR 13: can't assign io (size 0x1000)
[    0.411154] pci 0000:00:15.5: BAR 13: can't assign io (size 0x1000)
[    0.411157] pci 0000:00:15.4: BAR 13: can't assign io (size 0x1000)
[    0.411160] pci 0000:00:15.3: BAR 13: can't assign io (size 0x1000)
[    0.411162] pci 0000:00:01.0: PCI bridge to [bus 01-01]
[    0.411230] pci 0000:02:01.0: BAR 6: assigned [mem 0xd8400000-0xd840ffff pref]
[    0.411233] pci 0000:00:11.0: PCI bridge to [bus 02-02]
[    0.411246] pci 0000:00:11.0:   bridge window [io  0x2000-0x3fff]
[    0.411277] pci 0000:00:11.0:   bridge window [mem 0xc9000000-0xca3fffff]
[    0.411299] pci 0000:00:11.0:   bridge window [mem 0xd8400000-0xd89fffff 64bit pref]
[    0.411339] pci 0000:00:15.0: PCI bridge to [bus 03-03]
[    0.411351] pci 0000:00:15.0:   bridge window [io  0x4000-0x4fff]
[    0.411382] pci 0000:00:15.0:   bridge window [mem 0xca400000-0xca4fffff]
[    0.411403] pci 0000:00:15.0:   bridge window [mem 0xd8a00000-0xd8afffff 64bit pref]
[    0.411454] pci 0000:00:15.1: PCI bridge to [bus 04-04]
[    0.411467] pci 0000:00:15.1:   bridge window [io  0x8000-0x8fff]
[    0.411497] pci 0000:00:15.1:   bridge window [mem 0xca800000-0xca8fffff]
[    0.411519] pci 0000:00:15.1:   bridge window [mem 0xd8e00000-0xd8efffff 64bit pref]
[    0.411563] pci 0000:00:15.2: PCI bridge to [bus 05-05]
[    0.411575] pci 0000:00:15.2:   bridge window [io  0xc000-0xcfff]
[    0.411606] pci 0000:00:15.2:   bridge window [mem 0xcac00000-0xcacfffff]
[    0.411628] pci 0000:00:15.2:   bridge window [mem 0xd9200000-0xd92fffff 64bit pref]
[    0.411671] pci 0000:00:15.3: PCI bridge to [bus 06-06]
[    0.411702] pci 0000:00:15.3:   bridge window [mem 0xcb000000-0xcb0fffff]
[    0.411724] pci 0000:00:15.3:   bridge window [mem 0xd9600000-0xd96fffff 64bit pref]
[    0.411767] pci 0000:00:15.4: PCI bridge to [bus 07-07]
[    0.411798] pci 0000:00:15.4:   bridge window [mem 0xcb400000-0xcb4fffff]
[    0.411820] pci 0000:00:15.4:   bridge window [mem 0xd9a00000-0xd9afffff 64bit pref]
[    0.411864] pci 0000:00:15.5: PCI bridge to [bus 08-08]
[    0.411894] pci 0000:00:15.5:   bridge window [mem 0xcb800000-0xcb8fffff]
[    0.411916] pci 0000:00:15.5:   bridge window [mem 0xd9e00000-0xd9efffff 64bit pref]
[    0.411961] pci 0000:00:15.6: PCI bridge to [bus 09-09]
[    0.411992] pci 0000:00:15.6:   bridge window [mem 0xcbc00000-0xcbcfffff]
[    0.412013] pci 0000:00:15.6:   bridge window [mem 0xda200000-0xda2fffff 64bit pref]
[    0.412057] pci 0000:00:15.7: PCI bridge to [bus 0a-0a]
[    0.412087] pci 0000:00:15.7:   bridge window [mem 0xcc000000-0xcc0fffff]
[    0.412109] pci 0000:00:15.7:   bridge window [mem 0xda600000-0xda6fffff 64bit pref]
[    0.412153] pci 0000:00:16.0: PCI bridge to [bus 0b-0b]
[    0.412165] pci 0000:00:16.0:   bridge window [io  0x5000-0x5fff]
[    0.412196] pci 0000:00:16.0:   bridge window [mem 0xca500000-0xca5fffff]
[    0.412217] pci 0000:00:16.0:   bridge window [mem 0xd8b00000-0xd8bfffff 64bit pref]
[    0.412261] pci 0000:00:16.1: PCI bridge to [bus 0c-0c]
[    0.412274] pci 0000:00:16.1:   bridge window [io  0x9000-0x9fff]
[    0.412304] pci 0000:00:16.1:   bridge window [mem 0xca900000-0xca9fffff]
[    0.412326] pci 0000:00:16.1:   bridge window [mem 0xd8f00000-0xd8ffffff 64bit pref]
[    0.412370] pci 0000:00:16.2: PCI bridge to [bus 0d-0d]
[    0.412382] pci 0000:00:16.2:   bridge window [io  0xd000-0xdfff]
[    0.412413] pci 0000:00:16.2:   bridge window [mem 0xcad00000-0xcadfffff]
[    0.412434] pci 0000:00:16.2:   bridge window [mem 0xd9300000-0xd93fffff 64bit pref]
[    0.412478] pci 0000:00:16.3: PCI bridge to [bus 0e-0e]
[    0.412509] pci 0000:00:16.3:   bridge window [mem 0xcb100000-0xcb1fffff]
[    0.412530] pci 0000:00:16.3:   bridge window [mem 0xd9700000-0xd97fffff 64bit pref]
[    0.412574] pci 0000:00:16.4: PCI bridge to [bus 0f-0f]
[    0.412605] pci 0000:00:16.4:   bridge window [mem 0xcb500000-0xcb5fffff]
[    0.412626] pci 0000:00:16.4:   bridge window [mem 0xd9b00000-0xd9bfffff 64bit pref]
[    0.412670] pci 0000:00:16.5: PCI bridge to [bus 10-10]
[    0.412700] pci 0000:00:16.5:   bridge window [mem 0xcb900000-0xcb9fffff]
[    0.412722] pci 0000:00:16.5:   bridge window [mem 0xd9f00000-0xd9ffffff 64bit pref]
[    0.412765] pci 0000:00:16.6: PCI bridge to [bus 11-11]
[    0.412796] pci 0000:00:16.6:   bridge window [mem 0xcbd00000-0xcbdfffff]
[    0.412817] pci 0000:00:16.6:   bridge window [mem 0xda300000-0xda3fffff 64bit pref]
[    0.412861] pci 0000:00:16.7: PCI bridge to [bus 12-12]
[    0.412892] pci 0000:00:16.7:   bridge window [mem 0xcc100000-0xcc1fffff]
[    0.412913] pci 0000:00:16.7:   bridge window [mem 0xda700000-0xda7fffff 64bit pref]
[    0.412959] pci 0000:00:17.0: PCI bridge to [bus 13-13]
[    0.412972] pci 0000:00:17.0:   bridge window [io  0x6000-0x6fff]
[    0.413003] pci 0000:00:17.0:   bridge window [mem 0xca600000-0xca6fffff]
[    0.413024] pci 0000:00:17.0:   bridge window [mem 0xd8c00000-0xd8cfffff 64bit pref]
[    0.413068] pci 0000:00:17.1: PCI bridge to [bus 14-14]
[    0.413080] pci 0000:00:17.1:   bridge window [io  0xa000-0xafff]
[    0.413111] pci 0000:00:17.1:   bridge window [mem 0xcaa00000-0xcaafffff]
[    0.413132] pci 0000:00:17.1:   bridge window [mem 0xd9000000-0xd90fffff 64bit pref]
[    0.413176] pci 0000:00:17.2: PCI bridge to [bus 15-15]
[    0.413189] pci 0000:00:17.2:   bridge window [io  0xe000-0xefff]
[    0.413219] pci 0000:00:17.2:   bridge window [mem 0xcae00000-0xcaefffff]
[    0.413241] pci 0000:00:17.2:   bridge window [mem 0xd9400000-0xd94fffff 64bit pref]
[    0.413285] pci 0000:00:17.3: PCI bridge to [bus 16-16]
[    0.413316] pci 0000:00:17.3:   bridge window [mem 0xcb200000-0xcb2fffff]
[    0.413337] pci 0000:00:17.3:   bridge window [mem 0xd9800000-0xd98fffff 64bit pref]
[    0.413380] pci 0000:00:17.4: PCI bridge to [bus 17-17]
[    0.413411] pci 0000:00:17.4:   bridge window [mem 0xcb600000-0xcb6fffff]
[    0.413433] pci 0000:00:17.4:   bridge window [mem 0xd9c00000-0xd9cfffff 64bit pref]
[    0.413476] pci 0000:00:17.5: PCI bridge to [bus 18-18]
[    0.413507] pci 0000:00:17.5:   bridge window [mem 0xcba00000-0xcbafffff]
[    0.413529] pci 0000:00:17.5:   bridge window [mem 0xda000000-0xda0fffff 64bit pref]
[    0.413572] pci 0000:00:17.6: PCI bridge to [bus 19-19]
[    0.413603] pci 0000:00:17.6:   bridge window [mem 0xcbe00000-0xcbefffff]
[    0.413625] pci 0000:00:17.6:   bridge window [mem 0xda400000-0xda4fffff 64bit pref]
[    0.413668] pci 0000:00:17.7: PCI bridge to [bus 1a-1a]
[    0.413699] pci 0000:00:17.7:   bridge window [mem 0xcc200000-0xcc2fffff]
[    0.413720] pci 0000:00:17.7:   bridge window [mem 0xda800000-0xda8fffff 64bit pref]
[    0.413764] pci 0000:00:18.0: PCI bridge to [bus 1b-1b]
[    0.413777] pci 0000:00:18.0:   bridge window [io  0x7000-0x7fff]
[    0.413807] pci 0000:00:18.0:   bridge window [mem 0xca700000-0xca7fffff]
[    0.413829] pci 0000:00:18.0:   bridge window [mem 0xd8d00000-0xd8dfffff 64bit pref]
[    0.413873] pci 0000:00:18.1: PCI bridge to [bus 1c-1c]
[    0.413885] pci 0000:00:18.1:   bridge window [io  0xb000-0xbfff]
[    0.413916] pci 0000:00:18.1:   bridge window [mem 0xcab00000-0xcabfffff]
[    0.413937] pci 0000:00:18.1:   bridge window [mem 0xd9100000-0xd91fffff 64bit pref]
[    0.413993] pci 0000:00:18.2: PCI bridge to [bus 1d-1d]
[    0.414024] pci 0000:00:18.2:   bridge window [mem 0xcaf00000-0xcaffffff]
[    0.414045] pci 0000:00:18.2:   bridge window [mem 0xd9500000-0xd95fffff 64bit pref]
[    0.414089] pci 0000:00:18.3: PCI bridge to [bus 1e-1e]
[    0.414120] pci 0000:00:18.3:   bridge window [mem 0xcb300000-0xcb3fffff]
[    0.414141] pci 0000:00:18.3:   bridge window [mem 0xd9900000-0xd99fffff 64bit pref]
[    0.414185] pci 0000:00:18.4: PCI bridge to [bus 1f-1f]
[    0.414215] pci 0000:00:18.4:   bridge window [mem 0xcb700000-0xcb7fffff]
[    0.414237] pci 0000:00:18.4:   bridge window [mem 0xd9d00000-0xd9dfffff 64bit pref]
[    0.414281] pci 0000:00:18.5: PCI bridge to [bus 20-20]
[    0.414311] pci 0000:00:18.5:   bridge window [mem 0xcbb00000-0xcbbfffff]
[    0.414333] pci 0000:00:18.5:   bridge window [mem 0xda100000-0xda1fffff 64bit pref]
[    0.414376] pci 0000:00:18.6: PCI bridge to [bus 21-21]
[    0.414407] pci 0000:00:18.6:   bridge window [mem 0xcbf00000-0xcbffffff]
[    0.414428] pci 0000:00:18.6:   bridge window [mem 0xda500000-0xda5fffff 64bit pref]
[    0.414472] pci 0000:00:18.7: PCI bridge to [bus 22-22]
[    0.414503] pci 0000:00:18.7:   bridge window [mem 0xcc300000-0xcc3fffff]
[    0.414524] pci 0000:00:18.7:   bridge window [mem 0xda900000-0xda9fffff 64bit pref]
[    0.414592] pci 0000:00:01.0: setting latency timer to 64
[    0.414683] pci 0000:00:15.0: setting latency timer to 64
[    0.414734] pci 0000:00:15.1: setting latency timer to 64
[    0.414785] pci 0000:00:15.2: setting latency timer to 64
[    0.414835] pci 0000:00:15.3: setting latency timer to 64
[    0.414885] pci 0000:00:15.4: setting latency timer to 64
[    0.414953] pci 0000:00:15.5: setting latency timer to 64
[    0.415005] pci 0000:00:15.6: setting latency timer to 64
[    0.415055] pci 0000:00:15.7: setting latency timer to 64
[    0.415106] pci 0000:00:16.0: setting latency timer to 64
[    0.415156] pci 0000:00:16.1: setting latency timer to 64
[    0.415206] pci 0000:00:16.2: setting latency timer to 64
[    0.415256] pci 0000:00:16.3: setting latency timer to 64
[    0.415306] pci 0000:00:16.4: setting latency timer to 64
[    0.415356] pci 0000:00:16.5: setting latency timer to 64
[    0.415406] pci 0000:00:16.6: setting latency timer to 64
[    0.415456] pci 0000:00:16.7: setting latency timer to 64
[    0.415506] pci 0000:00:17.0: setting latency timer to 64
[    0.415556] pci 0000:00:17.1: setting latency timer to 64
[    0.415606] pci 0000:00:17.2: setting latency timer to 64
[    0.415656] pci 0000:00:17.3: setting latency timer to 64
[    0.415706] pci 0000:00:17.4: setting latency timer to 64
[    0.415756] pci 0000:00:17.5: setting latency timer to 64
[    0.415806] pci 0000:00:17.6: setting latency timer to 64
[    0.415856] pci 0000:00:17.7: setting latency timer to 64
[    0.415906] pci 0000:00:18.0: setting latency timer to 64
[    0.415974] pci 0000:00:18.1: setting latency timer to 64
[    0.416033] pci 0000:00:18.2: setting latency timer to 64
[    0.416084] pci 0000:00:18.3: setting latency timer to 64
[    0.416134] pci 0000:00:18.4: setting latency timer to 64
[    0.416184] pci 0000:00:18.5: setting latency timer to 64
[    0.416234] pci 0000:00:18.6: setting latency timer to 64
[    0.416284] pci 0000:00:18.7: setting latency timer to 64
[    0.416297] pci_bus 0000:00: resource 4 [mem 0x000a0000-0x000bffff]
[    0.416299] pci_bus 0000:00: resource 5 [mem 0x000cc000-0x000cffff]
[    0.416302] pci_bus 0000:00: resource 6 [mem 0x000d0000-0x000d3fff]
[    0.416304] pci_bus 0000:00: resource 7 [mem 0x000d4000-0x000d7fff]
[    0.416306] pci_bus 0000:00: resource 8 [mem 0x000d8000-0x000dbfff]
[    0.416308] pci_bus 0000:00: resource 9 [mem 0xc0000000-0xfebfffff]
[    0.416310] pci_bus 0000:00: resource 10 [io  0x0000-0x0cf7]
[    0.416312] pci_bus 0000:00: resource 11 [io  0x0d00-0xfeff]
[    0.416314] pci_bus 0000:02: resource 0 [io  0x2000-0x3fff]
[    0.416316] pci_bus 0000:02: resource 1 [mem 0xc9000000-0xca3fffff]
[    0.416319] pci_bus 0000:02: resource 2 [mem 0xd8400000-0xd89fffff 64bit pref]
[    0.416321] pci_bus 0000:02: resource 4 [mem 0x000a0000-0x000bffff]
[    0.416323] pci_bus 0000:02: resource 5 [mem 0x000cc000-0x000cffff]
[    0.416325] pci_bus 0000:02: resource 6 [mem 0x000d0000-0x000d3fff]
[    0.416327] pci_bus 0000:02: resource 7 [mem 0x000d4000-0x000d7fff]
[    0.416329] pci_bus 0000:02: resource 8 [mem 0x000d8000-0x000dbfff]
[    0.416331] pci_bus 0000:02: resource 9 [mem 0xc0000000-0xfebfffff]
[    0.416333] pci_bus 0000:02: resource 10 [io  0x0000-0x0cf7]
[    0.416335] pci_bus 0000:02: resource 11 [io  0x0d00-0xfeff]
[    0.416337] pci_bus 0000:03: resource 0 [io  0x4000-0x4fff]
[    0.416339] pci_bus 0000:03: resource 1 [mem 0xca400000-0xca4fffff]
[    0.416341] pci_bus 0000:03: resource 2 [mem 0xd8a00000-0xd8afffff 64bit pref]
[    0.416343] pci_bus 0000:04: resource 0 [io  0x8000-0x8fff]
[    0.416345] pci_bus 0000:04: resource 1 [mem 0xca800000-0xca8fffff]
[    0.416347] pci_bus 0000:04: resource 2 [mem 0xd8e00000-0xd8efffff 64bit pref]
[    0.416350] pci_bus 0000:05: resource 0 [io  0xc000-0xcfff]
[    0.416352] pci_bus 0000:05: resource 1 [mem 0xcac00000-0xcacfffff]
[    0.416354] pci_bus 0000:05: resource 2 [mem 0xd9200000-0xd92fffff 64bit pref]
[    0.416356] pci_bus 0000:06: resource 1 [mem 0xcb000000-0xcb0fffff]
[    0.416358] pci_bus 0000:06: resource 2 [mem 0xd9600000-0xd96fffff 64bit pref]
[    0.416360] pci_bus 0000:07: resource 1 [mem 0xcb400000-0xcb4fffff]
[    0.416362] pci_bus 0000:07: resource 2 [mem 0xd9a00000-0xd9afffff 64bit pref]
[    0.416365] pci_bus 0000:08: resource 1 [mem 0xcb800000-0xcb8fffff]
[    0.416367] pci_bus 0000:08: resource 2 [mem 0xd9e00000-0xd9efffff 64bit pref]
[    0.416369] pci_bus 0000:09: resource 1 [mem 0xcbc00000-0xcbcfffff]
[    0.416371] pci_bus 0000:09: resource 2 [mem 0xda200000-0xda2fffff 64bit pref]
[    0.416373] pci_bus 0000:0a: resource 1 [mem 0xcc000000-0xcc0fffff]
[    0.416375] pci_bus 0000:0a: resource 2 [mem 0xda600000-0xda6fffff 64bit pref]
[    0.416378] pci_bus 0000:0b: resource 0 [io  0x5000-0x5fff]
[    0.416380] pci_bus 0000:0b: resource 1 [mem 0xca500000-0xca5fffff]
[    0.416382] pci_bus 0000:0b: resource 2 [mem 0xd8b00000-0xd8bfffff 64bit pref]
[    0.416384] pci_bus 0000:0c: resource 0 [io  0x9000-0x9fff]
[    0.416386] pci_bus 0000:0c: resource 1 [mem 0xca900000-0xca9fffff]
[    0.416388] pci_bus 0000:0c: resource 2 [mem 0xd8f00000-0xd8ffffff 64bit pref]
[    0.416390] pci_bus 0000:0d: resource 0 [io  0xd000-0xdfff]
[    0.416392] pci_bus 0000:0d: resource 1 [mem 0xcad00000-0xcadfffff]
[    0.416394] pci_bus 0000:0d: resource 2 [mem 0xd9300000-0xd93fffff 64bit pref]
[    0.416397] pci_bus 0000:0e: resource 1 [mem 0xcb100000-0xcb1fffff]
[    0.416399] pci_bus 0000:0e: resource 2 [mem 0xd9700000-0xd97fffff 64bit pref]
[    0.416401] pci_bus 0000:0f: resource 1 [mem 0xcb500000-0xcb5fffff]
[    0.416403] pci_bus 0000:0f: resource 2 [mem 0xd9b00000-0xd9bfffff 64bit pref]
[    0.416405] pci_bus 0000:10: resource 1 [mem 0xcb900000-0xcb9fffff]
[    0.416407] pci_bus 0000:10: resource 2 [mem 0xd9f00000-0xd9ffffff 64bit pref]
[    0.416410] pci_bus 0000:11: resource 1 [mem 0xcbd00000-0xcbdfffff]
[    0.416412] pci_bus 0000:11: resource 2 [mem 0xda300000-0xda3fffff 64bit pref]
[    0.416414] pci_bus 0000:12: resource 1 [mem 0xcc100000-0xcc1fffff]
[    0.416416] pci_bus 0000:12: resource 2 [mem 0xda700000-0xda7fffff 64bit pref]
[    0.416418] pci_bus 0000:13: resource 0 [io  0x6000-0x6fff]
[    0.416420] pci_bus 0000:13: resource 1 [mem 0xca600000-0xca6fffff]
[    0.416422] pci_bus 0000:13: resource 2 [mem 0xd8c00000-0xd8cfffff 64bit pref]
[    0.416425] pci_bus 0000:14: resource 0 [io  0xa000-0xafff]
[    0.416427] pci_bus 0000:14: resource 1 [mem 0xcaa00000-0xcaafffff]
[    0.416429] pci_bus 0000:14: resource 2 [mem 0xd9000000-0xd90fffff 64bit pref]
[    0.416431] pci_bus 0000:15: resource 0 [io  0xe000-0xefff]
[    0.416433] pci_bus 0000:15: resource 1 [mem 0xcae00000-0xcaefffff]
[    0.416435] pci_bus 0000:15: resource 2 [mem 0xd9400000-0xd94fffff 64bit pref]
[    0.416437] pci_bus 0000:16: resource 1 [mem 0xcb200000-0xcb2fffff]
[    0.416439] pci_bus 0000:16: resource 2 [mem 0xd9800000-0xd98fffff 64bit pref]
[    0.416442] pci_bus 0000:17: resource 1 [mem 0xcb600000-0xcb6fffff]
[    0.416444] pci_bus 0000:17: resource 2 [mem 0xd9c00000-0xd9cfffff 64bit pref]
[    0.416446] pci_bus 0000:18: resource 1 [mem 0xcba00000-0xcbafffff]
[    0.416448] pci_bus 0000:18: resource 2 [mem 0xda000000-0xda0fffff 64bit pref]
[    0.416450] pci_bus 0000:19: resource 1 [mem 0xcbe00000-0xcbefffff]
[    0.416452] pci_bus 0000:19: resource 2 [mem 0xda400000-0xda4fffff 64bit pref]
[    0.416455] pci_bus 0000:1a: resource 1 [mem 0xcc200000-0xcc2fffff]
[    0.416457] pci_bus 0000:1a: resource 2 [mem 0xda800000-0xda8fffff 64bit pref]
[    0.416459] pci_bus 0000:1b: resource 0 [io  0x7000-0x7fff]
[    0.416461] pci_bus 0000:1b: resource 1 [mem 0xca700000-0xca7fffff]
[    0.416463] pci_bus 0000:1b: resource 2 [mem 0xd8d00000-0xd8dfffff 64bit pref]
[    0.416465] pci_bus 0000:1c: resource 0 [io  0xb000-0xbfff]
[    0.416467] pci_bus 0000:1c: resource 1 [mem 0xcab00000-0xcabfffff]
[    0.416469] pci_bus 0000:1c: resource 2 [mem 0xd9100000-0xd91fffff 64bit pref]
[    0.416471] pci_bus 0000:1d: resource 1 [mem 0xcaf00000-0xcaffffff]
[    0.416474] pci_bus 0000:1d: resource 2 [mem 0xd9500000-0xd95fffff 64bit pref]
[    0.416476] pci_bus 0000:1e: resource 1 [mem 0xcb300000-0xcb3fffff]
[    0.416478] pci_bus 0000:1e: resource 2 [mem 0xd9900000-0xd99fffff 64bit pref]
[    0.416480] pci_bus 0000:1f: resource 1 [mem 0xcb700000-0xcb7fffff]
[    0.416482] pci_bus 0000:1f: resource 2 [mem 0xd9d00000-0xd9dfffff 64bit pref]
[    0.416485] pci_bus 0000:20: resource 1 [mem 0xcbb00000-0xcbbfffff]
[    0.416487] pci_bus 0000:20: resource 2 [mem 0xda100000-0xda1fffff 64bit pref]
[    0.416489] pci_bus 0000:21: resource 1 [mem 0xcbf00000-0xcbffffff]
[    0.416491] pci_bus 0000:21: resource 2 [mem 0xda500000-0xda5fffff 64bit pref]
[    0.416493] pci_bus 0000:22: resource 1 [mem 0xcc300000-0xcc3fffff]
[    0.416495] pci_bus 0000:22: resource 2 [mem 0xda900000-0xda9fffff 64bit pref]
[    0.416530] NET: Registered protocol family 2
[    0.416569] IP route cache hash table entries: 32768 (order: 5, 131072 bytes)
[    0.416637] TCP established hash table entries: 131072 (order: 8, 1048576 bytes)
[    0.416705] TCP bind hash table entries: 65536 (order: 7, 524288 bytes)
[    0.416773] TCP: Hash tables configured (established 131072 bind 65536)
[    0.416776] TCP reno registered
[    0.416779] UDP hash table entries: 512 (order: 2, 16384 bytes)
[    0.416786] UDP-Lite hash table entries: 512 (order: 2, 16384 bytes)
[    0.416823] NET: Registered protocol family 1
[    0.416831] pci 0000:00:00.0: Limiting direct PCI/PCI transfers
[    0.416899] pci 0000:00:0f.0: Boot video device
[    0.416967] ACPI: PCI Interrupt Link [LNKC] enabled at IRQ 10
[    0.416969] PCI: setting IRQ 10 as level-triggered
[    0.416976] pci 0000:02:00.0: PCI INT A -> Link[LNKC] -> GSI 10 (level, low) -> IRQ 10
[    0.417110] pci 0000:02:00.0: PCI INT A disabled
[    0.417178] ACPI: PCI Interrupt Link [LNKB] enabled at IRQ 11
[    0.417181] PCI: setting IRQ 11 as level-triggered
[    0.417185] pci 0000:02:03.0: PCI INT A -> Link[LNKB] -> GSI 11 (level, low) -> IRQ 11
[    0.417245] pci 0000:02:03.0: PCI INT A disabled
[    0.417259] PCI: CLS 32 bytes, default 64
[    0.417300] Simple Boot Flag at 0x36 set to 0x1
[    0.417304] Switching to clocksource tsc
[    0.417519] audit: initializing netlink socket (disabled)
[    0.417525] type=2000 audit(1369651961.398:1): initialized
[    0.430727] Trying to unpack rootfs image as initramfs...
[    0.450697] highmem bounce pool size: 64 pages
[    0.450702] HugeTLB registered 2 MB page size, pre-allocated 0 pages
[    0.454803] VFS: Disk quotas dquot_6.5.2
[    0.454851] Dquot-cache hash table entries: 1024 (order 0, 4096 bytes)
[    0.454984] fuse init (API version 7.17)
[    0.455042] msgmni has been set to 1710
[    0.470682] Block layer SCSI generic (bsg) driver version 0.4 loaded (major 253)
[    0.470714] io scheduler noop registered
[    0.470716] io scheduler deadline registered
[    0.470723] io scheduler cfq registered (default)
[    0.470791] pcieport 0000:00:15.0: setting latency timer to 64
[    0.470859] pcieport 0000:00:15.0: irq 40 for MSI/MSI-X
[    0.470927] pcieport 0000:00:15.1: setting latency timer to 64
[    0.470995] pcieport 0000:00:15.1: irq 41 for MSI/MSI-X
[    0.471063] pcieport 0000:00:15.2: setting latency timer to 64
[    0.471130] pcieport 0000:00:15.2: irq 42 for MSI/MSI-X
[    0.471198] pcieport 0000:00:15.3: setting latency timer to 64
[    0.471266] pcieport 0000:00:15.3: irq 43 for MSI/MSI-X
[    0.471334] pcieport 0000:00:15.4: setting latency timer to 64
[    0.471402] pcieport 0000:00:15.4: irq 44 for MSI/MSI-X
[    0.471470] pcieport 0000:00:15.5: setting latency timer to 64
[    0.471538] pcieport 0000:00:15.5: irq 45 for MSI/MSI-X
[    0.471606] pcieport 0000:00:15.6: setting latency timer to 64
[    0.471674] pcieport 0000:00:15.6: irq 46 for MSI/MSI-X
[    0.471742] pcieport 0000:00:15.7: setting latency timer to 64
[    0.471810] pcieport 0000:00:15.7: irq 47 for MSI/MSI-X
[    0.471878] pcieport 0000:00:16.0: setting latency timer to 64
[    0.471946] pcieport 0000:00:16.0: irq 48 for MSI/MSI-X
[    0.472014] pcieport 0000:00:16.1: setting latency timer to 64
[    0.472082] pcieport 0000:00:16.1: irq 49 for MSI/MSI-X
[    0.472150] pcieport 0000:00:16.2: setting latency timer to 64
[    0.472218] pcieport 0000:00:16.2: irq 50 for MSI/MSI-X
[    0.472286] pcieport 0000:00:16.3: setting latency timer to 64
[    0.472354] pcieport 0000:00:16.3: irq 51 for MSI/MSI-X
[    0.472422] pcieport 0000:00:16.4: setting latency timer to 64
[    0.472490] pcieport 0000:00:16.4: irq 52 for MSI/MSI-X
[    0.472558] pcieport 0000:00:16.5: setting latency timer to 64
[    0.472626] pcieport 0000:00:16.5: irq 53 for MSI/MSI-X
[    0.472694] pcieport 0000:00:16.6: setting latency timer to 64
[    0.472762] pcieport 0000:00:16.6: irq 54 for MSI/MSI-X
[    0.472830] pcieport 0000:00:16.7: setting latency timer to 64
[    0.472898] pcieport 0000:00:16.7: irq 55 for MSI/MSI-X
[    0.472966] pcieport 0000:00:17.0: setting latency timer to 64
[    0.473034] pcieport 0000:00:17.0: irq 56 for MSI/MSI-X
[    0.473102] pcieport 0000:00:17.1: setting latency timer to 64
[    0.473170] pcieport 0000:00:17.1: irq 57 for MSI/MSI-X
[    0.473238] pcieport 0000:00:17.2: setting latency timer to 64
[    0.473306] pcieport 0000:00:17.2: irq 58 for MSI/MSI-X
[    0.473374] pcieport 0000:00:17.3: setting latency timer to 64
[    0.473442] pcieport 0000:00:17.3: irq 59 for MSI/MSI-X
[    0.473510] pcieport 0000:00:17.4: setting latency timer to 64
[    0.473578] pcieport 0000:00:17.4: irq 60 for MSI/MSI-X
[    0.473646] pcieport 0000:00:17.5: setting latency timer to 64
[    0.473714] pcieport 0000:00:17.5: irq 61 for MSI/MSI-X
[    0.473782] pcieport 0000:00:17.6: setting latency timer to 64
[    0.473850] pcieport 0000:00:17.6: irq 62 for MSI/MSI-X
[    0.473918] pcieport 0000:00:17.7: setting latency timer to 64
[    0.474581] pcieport 0000:00:17.7: irq 63 for MSI/MSI-X
[    0.474649] pcieport 0000:00:18.0: setting latency timer to 64
[    0.474717] pcieport 0000:00:18.0: irq 64 for MSI/MSI-X
[    0.474785] pcieport 0000:00:18.1: setting latency timer to 64
[    0.474853] pcieport 0000:00:18.1: irq 65 for MSI/MSI-X
[    0.474921] pcieport 0000:00:18.2: setting latency timer to 64
[    0.474989] pcieport 0000:00:18.2: irq 66 for MSI/MSI-X
[    0.475057] pcieport 0000:00:18.3: setting latency timer to 64
[    0.475125] pcieport 0000:00:18.3: irq 67 for MSI/MSI-X
[    0.475193] pcieport 0000:00:18.4: setting latency timer to 64
[    0.475261] pcieport 0000:00:18.4: irq 68 for MSI/MSI-X
[    0.475329] pcieport 0000:00:18.5: setting latency timer to 64
[    0.475397] pcieport 0000:00:18.5: irq 69 for MSI/MSI-X
[    0.475465] pcieport 0000:00:18.6: setting latency timer to 64
[    0.475533] pcieport 0000:00:18.6: irq 70 for MSI/MSI-X
[    0.475601] pcieport 0000:00:18.7: setting latency timer to 64
[    0.475669] pcieport 0000:00:18.7: irq 71 for MSI/MSI-X
[    0.475737] pcieport 0000:00:15.0: Signaling PME through PCIe PME interrupt
[    0.475763] pcie_pme 0000:00:15.0:pcie01: service driver pcie_pme loaded
[    0.475831] pcieport 0000:00:15.1: Signaling PME through PCIe PME interrupt
[    0.475857] pcie_pme 0000:00:15.1:pcie01: service driver pcie_pme loaded
[    0.475925] pcieport 0000:00:15.2: Signaling PME through PCIe PME interrupt
[    0.475950] pcie_pme 0000:00:15.2:pcie01: service driver pcie_pme loaded
[    0.476018] pcieport 0000:00:15.3: Signaling PME through PCIe PME interrupt
[    0.476043] pcie_pme 0000:00:15.3:pcie01: service driver pcie_pme loaded
[    0.476111] pcieport 0000:00:15.4: Signaling PME through PCIe PME interrupt
[    0.476136] pcie_pme 0000:00:15.4:pcie01: service driver pcie_pme loaded
[    0.476204] pcieport 0000:00:15.5: Signaling PME through PCIe PME interrupt
[    0.476230] pcie_pme 0000:00:15.5:pcie01: service driver pcie_pme loaded
[    0.476298] pcieport 0000:00:15.6: Signaling PME through PCIe PME interrupt
[    0.476323] pcie_pme 0000:00:15.6:pcie01: service driver pcie_pme loaded
[    0.476391] pcieport 0000:00:15.7: Signaling PME through PCIe PME interrupt
[    0.476417] pcie_pme 0000:00:15.7:pcie01: service driver pcie_pme loaded
[    0.476485] pcieport 0000:00:16.0: Signaling PME through PCIe PME interrupt
[    0.476511] pcie_pme 0000:00:16.0:pcie01: service driver pcie_pme loaded
[    0.476579] pcieport 0000:00:16.1: Signaling PME through PCIe PME interrupt
[    0.476604] pcie_pme 0000:00:16.1:pcie01: service driver pcie_pme loaded
[    0.476672] pcieport 0000:00:16.2: Signaling PME through PCIe PME interrupt
[    0.476697] pcie_pme 0000:00:16.2:pcie01: service driver pcie_pme loaded
[    0.476765] pcieport 0000:00:16.3: Signaling PME through PCIe PME interrupt
[    0.476790] pcie_pme 0000:00:16.3:pcie01: service driver pcie_pme loaded
[    0.476858] pcieport 0000:00:16.4: Signaling PME through PCIe PME interrupt
[    0.476883] pcie_pme 0000:00:16.4:pcie01: service driver pcie_pme loaded
[    0.476951] pcieport 0000:00:16.5: Signaling PME through PCIe PME interrupt
[    0.476976] pcie_pme 0000:00:16.5:pcie01: service driver pcie_pme loaded
[    0.477044] pcieport 0000:00:16.6: Signaling PME through PCIe PME interrupt
[    0.477069] pcie_pme 0000:00:16.6:pcie01: service driver pcie_pme loaded
[    0.477137] pcieport 0000:00:16.7: Signaling PME through PCIe PME interrupt
[    0.477162] pcie_pme 0000:00:16.7:pcie01: service driver pcie_pme loaded
[    0.477230] pcieport 0000:00:17.0: Signaling PME through PCIe PME interrupt
[    0.477255] pcie_pme 0000:00:17.0:pcie01: service driver pcie_pme loaded
[    0.477323] pcieport 0000:00:17.1: Signaling PME through PCIe PME interrupt
[    0.477348] pcie_pme 0000:00:17.1:pcie01: service driver pcie_pme loaded
[    0.477416] pcieport 0000:00:17.2: Signaling PME through PCIe PME interrupt
[    0.477441] pcie_pme 0000:00:17.2:pcie01: service driver pcie_pme loaded
[    0.477509] pcieport 0000:00:17.3: Signaling PME through PCIe PME interrupt
[    0.477534] pcie_pme 0000:00:17.3:pcie01: service driver pcie_pme loaded
[    0.477602] pcieport 0000:00:17.4: Signaling PME through PCIe PME interrupt
[    0.477627] pcie_pme 0000:00:17.4:pcie01: service driver pcie_pme loaded
[    0.477695] pcieport 0000:00:17.5: Signaling PME through PCIe PME interrupt
[    0.477720] pcie_pme 0000:00:17.5:pcie01: service driver pcie_pme loaded
[    0.477788] pcieport 0000:00:17.6: Signaling PME through PCIe PME interrupt
[    0.477814] pcie_pme 0000:00:17.6:pcie01: service driver pcie_pme loaded
[    0.477882] pcieport 0000:00:17.7: Signaling PME through PCIe PME interrupt
[    0.477907] pcie_pme 0000:00:17.7:pcie01: service driver pcie_pme loaded
[    0.477975] pcieport 0000:00:18.0: Signaling PME through PCIe PME interrupt
[    0.478000] pcie_pme 0000:00:18.0:pcie01: service driver pcie_pme loaded
[    0.478068] pcieport 0000:00:18.1: Signaling PME through PCIe PME interrupt
[    0.478093] pcie_pme 0000:00:18.1:pcie01: service driver pcie_pme loaded
[    0.478161] pcieport 0000:00:18.2: Signaling PME through PCIe PME interrupt
[    0.478186] pcie_pme 0000:00:18.2:pcie01: service driver pcie_pme loaded
[    0.478254] pcieport 0000:00:18.3: Signaling PME through PCIe PME interrupt
[    0.478279] pcie_pme 0000:00:18.3:pcie01: service driver pcie_pme loaded
[    0.478347] pcieport 0000:00:18.4: Signaling PME through PCIe PME interrupt
[    0.478384] pcie_pme 0000:00:18.4:pcie01: service driver pcie_pme loaded
[    0.478400] pcieport 0000:00:18.5: Signaling PME through PCIe PME interrupt
[    0.478555] pcie_pme 0000:00:18.5:pcie01: service driver pcie_pme loaded
[    0.482620] pcieport 0000:00:18.6: Signaling PME through PCIe PME interrupt
[    0.482663] pcie_pme 0000:00:18.6:pcie01: service driver pcie_pme loaded
[    0.482731] pcieport 0000:00:18.7: Signaling PME through PCIe PME interrupt
[    0.482765] pcie_pme 0000:00:18.7:pcie01: service driver pcie_pme loaded
[    0.482805] pci_hotplug: PCI Hot Plug PCI Core version: 0.5
[    0.482873] pciehp 0000:00:15.0:pcie04: HPC vendor_id 15ad device_id 7a0 ss_vid 15ad ss_did 7a0
[    0.482941] pciehp 0000:00:15.0:pcie04: service driver pciehp loaded
[    0.483009] pciehp 0000:00:15.1:pcie04: HPC vendor_id 15ad device_id 7a0 ss_vid 15ad ss_did 7a0
[    0.483077] pciehp 0000:00:15.1:pcie04: service driver pciehp loaded
[    0.483145] pciehp 0000:00:15.2:pcie04: HPC vendor_id 15ad device_id 7a0 ss_vid 15ad ss_did 7a0
[    0.483213] pciehp 0000:00:15.2:pcie04: service driver pciehp loaded
[    0.483281] pciehp 0000:00:15.3:pcie04: HPC vendor_id 15ad device_id 7a0 ss_vid 15ad ss_did 7a0
[    0.483349] pciehp 0000:00:15.3:pcie04: service driver pciehp loaded
[    0.483417] pciehp 0000:00:15.4:pcie04: HPC vendor_id 15ad device_id 7a0 ss_vid 15ad ss_did 7a0
[    0.483485] pciehp 0000:00:15.4:pcie04: service driver pciehp loaded
[    0.483553] pciehp 0000:00:15.5:pcie04: HPC vendor_id 15ad device_id 7a0 ss_vid 15ad ss_did 7a0
[    0.483620] pciehp 0000:00:15.5:pcie04: service driver pciehp loaded
[    0.483688] pciehp 0000:00:15.6:pcie04: HPC vendor_id 15ad device_id 7a0 ss_vid 15ad ss_did 7a0
[    0.483756] pciehp 0000:00:15.6:pcie04: service driver pciehp loaded
[    0.483824] pciehp 0000:00:15.7:pcie04: HPC vendor_id 15ad device_id 7a0 ss_vid 15ad ss_did 7a0
[    0.483892] pciehp 0000:00:15.7:pcie04: service driver pciehp loaded
[    0.483960] pciehp 0000:00:16.0:pcie04: HPC vendor_id 15ad device_id 7a0 ss_vid 15ad ss_did 7a0
[    0.484028] pciehp 0000:00:16.0:pcie04: service driver pciehp loaded
[    0.484096] pciehp 0000:00:16.1:pcie04: HPC vendor_id 15ad device_id 7a0 ss_vid 15ad ss_did 7a0
[    0.484164] pciehp 0000:00:16.1:pcie04: service driver pciehp loaded
[    0.484232] pciehp 0000:00:16.2:pcie04: HPC vendor_id 15ad device_id 7a0 ss_vid 15ad ss_did 7a0
[    0.484300] pciehp 0000:00:16.2:pcie04: service driver pciehp loaded
[    0.484368] pciehp 0000:00:16.3:pcie04: HPC vendor_id 15ad device_id 7a0 ss_vid 15ad ss_did 7a0
[    0.484436] pciehp 0000:00:16.3:pcie04: service driver pciehp loaded
[    0.484504] pciehp 0000:00:16.4:pcie04: HPC vendor_id 15ad device_id 7a0 ss_vid 15ad ss_did 7a0
[    0.484572] pciehp 0000:00:16.4:pcie04: service driver pciehp loaded
[    0.484640] pciehp 0000:00:16.5:pcie04: HPC vendor_id 15ad device_id 7a0 ss_vid 15ad ss_did 7a0
[    0.484708] pciehp 0000:00:16.5:pcie04: service driver pciehp loaded
[    0.484776] pciehp 0000:00:16.6:pcie04: HPC vendor_id 15ad device_id 7a0 ss_vid 15ad ss_did 7a0
[    0.484844] pciehp 0000:00:16.6:pcie04: service driver pciehp loaded
[    0.484912] pciehp 0000:00:16.7:pcie04: HPC vendor_id 15ad device_id 7a0 ss_vid 15ad ss_did 7a0
[    0.484980] pciehp 0000:00:16.7:pcie04: service driver pciehp loaded
[    0.485048] pciehp 0000:00:17.0:pcie04: HPC vendor_id 15ad device_id 7a0 ss_vid 15ad ss_did 7a0
[    0.485116] pciehp 0000:00:17.0:pcie04: service driver pciehp loaded
[    0.485184] pciehp 0000:00:17.1:pcie04: HPC vendor_id 15ad device_id 7a0 ss_vid 15ad ss_did 7a0
[    0.485252] pciehp 0000:00:17.1:pcie04: service driver pciehp loaded
[    0.485320] pciehp 0000:00:17.2:pcie04: HPC vendor_id 15ad device_id 7a0 ss_vid 15ad ss_did 7a0
[    0.485388] pciehp 0000:00:17.2:pcie04: service driver pciehp loaded
[    0.485456] pciehp 0000:00:17.3:pcie04: HPC vendor_id 15ad device_id 7a0 ss_vid 15ad ss_did 7a0
[    0.485524] pciehp 0000:00:17.3:pcie04: service driver pciehp loaded
[    0.485592] pciehp 0000:00:17.4:pcie04: HPC vendor_id 15ad device_id 7a0 ss_vid 15ad ss_did 7a0
[    0.485660] pciehp 0000:00:17.4:pcie04: service driver pciehp loaded
[    0.485728] pciehp 0000:00:17.5:pcie04: HPC vendor_id 15ad device_id 7a0 ss_vid 15ad ss_did 7a0
[    0.485796] pciehp 0000:00:17.5:pcie04: service driver pciehp loaded
[    0.485864] pciehp 0000:00:17.6:pcie04: HPC vendor_id 15ad device_id 7a0 ss_vid 15ad ss_did 7a0
[    0.485932] pciehp 0000:00:17.6:pcie04: service driver pciehp loaded
[    0.486000] pciehp 0000:00:17.7:pcie04: HPC vendor_id 15ad device_id 7a0 ss_vid 15ad ss_did 7a0
[    0.486068] pciehp 0000:00:17.7:pcie04: service driver pciehp loaded
[    0.486136] pciehp 0000:00:18.0:pcie04: HPC vendor_id 15ad device_id 7a0 ss_vid 15ad ss_did 7a0
[    0.486204] pciehp 0000:00:18.0:pcie04: service driver pciehp loaded
[    0.486272] pciehp 0000:00:18.1:pcie04: HPC vendor_id 15ad device_id 7a0 ss_vid 15ad ss_did 7a0
[    0.486340] pciehp 0000:00:18.1:pcie04: service driver pciehp loaded
[    0.486408] pciehp 0000:00:18.2:pcie04: HPC vendor_id 15ad device_id 7a0 ss_vid 15ad ss_did 7a0
[    0.486476] pciehp 0000:00:18.2:pcie04: service driver pciehp loaded
[    0.490640] pciehp 0000:00:18.3:pcie04: HPC vendor_id 15ad device_id 7a0 ss_vid 15ad ss_did 7a0
[    0.490708] pciehp 0000:00:18.3:pcie04: service driver pciehp loaded
[    0.490776] pciehp 0000:00:18.4:pcie04: HPC vendor_id 15ad device_id 7a0 ss_vid 15ad ss_did 7a0
[    0.490844] pciehp 0000:00:18.4:pcie04: service driver pciehp loaded
[    0.490912] pciehp 0000:00:18.5:pcie04: HPC vendor_id 15ad device_id 7a0 ss_vid 15ad ss_did 7a0
[    0.490980] pciehp 0000:00:18.5:pcie04: service driver pciehp loaded
[    0.491048] pciehp 0000:00:18.6:pcie04: HPC vendor_id 15ad device_id 7a0 ss_vid 15ad ss_did 7a0
[    0.491116] pciehp 0000:00:18.6:pcie04: service driver pciehp loaded
[    0.491184] pciehp 0000:00:18.7:pcie04: HPC vendor_id 15ad device_id 7a0 ss_vid 15ad ss_did 7a0
[    0.491252] pciehp 0000:00:18.7:pcie04: service driver pciehp loaded
[    0.491265] pciehp: PCI Express Hot Plug Controller Driver version: 0.4
[    0.491333] ACPI: Deprecated procfs I/F for AC is loaded, please retry with CONFIG_ACPI_PROCFS_POWER cleared
[    0.491407] ACPI: AC Adapter [ACAD] (on-line)
[    0.491512] input: Power Button as /devices/LNXSYSTM:00/LNXPWRBN:00/input/input0
[    0.491518] ACPI: Power Button [PWRF]
[    0.514592] ERST: Table is not found!
[    0.514596] GHES: HEST is not enabled!
[    0.514695] Serial: 8250/16550 driver, 32 ports, IRQ sharing enabled
[    0.538444] serial8250: ttyS0 at I/O 0x3f8 (irq = 4) is a 16550A
[    0.538480] isapnp: Scanning for PnP cards...
[    0.674335] serial8250: ttyS1 at I/O 0x2f8 (irq = 3) is a 16550A
[    0.718183] 00:0a: ttyS0 at I/O 0x3f8 (irq = 4) is a 16550A
[    0.806218] 00:0b: ttyS1 at I/O 0x2f8 (irq = 3) is a 16550A
[    0.826243] Linux agpgart interface v0.103
[    0.826311] agpgart-intel 0000:00:00.0: Intel 440BX Chipset
[    0.826412] agpgart-intel 0000:00:00.0: AGP aperture is 256M @ 0x0
[    0.827141] brd: module loaded
[    0.827630] loop: module loaded
[    0.827698] ata_piix 0000:00:07.1: version 2.13
[    0.830073] scsi0 : ata_piix
[    0.830138] scsi1 : ata_piix
[    0.830169] ata1: PATA max UDMA/33 cmd 0x1f0 ctl 0x3f6 bmdma 0x10c0 irq 14
[    0.830171] ata2: PATA max UDMA/33 cmd 0x170 ctl 0x376 bmdma 0x10c8 irq 15
[    0.830242] Fixed MDIO Bus: probed
[    0.830255] tun: Universal TUN/TAP device driver, 1.6
[    0.830257] tun: (C) 1999-2004 Max Krasnyansky <maxk@qualcomm.com>
[    0.830307] PPP generic driver version 2.4.2
[    0.830370] ehci_hcd: USB 2.0 'Enhanced' Host Controller (EHCI) Driver
[    0.830401] ehci_hcd 0000:02:03.0: PCI INT A -> Link[LNKB] -> GSI 11 (level, low) -> IRQ 11
[    0.830446] ehci_hcd 0000:02:03.0: EHCI Host Controller
[    0.830482] ehci_hcd 0000:02:03.0: new USB bus registered, assigned bus number 1
[    0.830550] ehci_hcd 0000:02:03.0: cache line size of 32 is not supported
[    0.830558] ehci_hcd 0000:02:03.0: irq 11, io mem 0xc9000000
[    0.877950] ehci_hcd 0000:02:03.0: USB 2.0 started, EHCI 1.00
[    0.957932] hub 1-0:1.0: USB hub found
[    0.957937] hub 1-0:1.0: 6 ports detected
[    0.957990] ohci_hcd: USB 1.1 'Open' Host Controller (OHCI) Driver
[    0.958005] uhci_hcd: USB Universal Host Controller Interface driver
[    0.958050] uhci_hcd 0000:02:00.0: PCI INT A -> Link[LNKC] -> GSI 10 (level, low) -> IRQ 10
[    0.958092] uhci_hcd 0000:02:00.0: UHCI Host Controller
[    0.958138] uhci_hcd 0000:02:00.0: new USB bus registered, assigned bus number 2
[    0.958248] uhci_hcd 0000:02:00.0: irq 10, io base 0x000020c0
[    0.958366] hub 2-0:1.0: USB hub found
[    0.958370] hub 2-0:1.0: 2 ports detected
[    0.958423] usbcore: registered new interface driver libusual
[    0.958461] i8042: PNP: PS/2 Controller [PNP0303:KBC,PNP0f13:MOUS] at 0x60,0x64 irq 1,12
[    0.958799] serio: i8042 KBD port at 0x60,0x64 irq 1
[    0.958806] serio: i8042 AUX port at 0x60,0x64 irq 12
[    0.958895] mousedev: PS/2 mouse device common for all mice
[    0.959179] rtc_cmos 00:04: rtc core: registered rtc_cmos as rtc0
[    0.959257] rtc0: alarms up to one month, y3k, 114 bytes nvram, hpet irqs
[    0.959303] device-mapper: uevent: version 1.0.3
[    0.959354] device-mapper: ioctl: 4.22.0-ioctl (2011-10-19) initialised: dm-devel@redhat.com
[    0.959377] EISA: Probing bus 0 at eisa.0
[    0.959379] EISA: Cannot allocate resource for mainboard
[    0.959381] Cannot allocate resource for EISA slot 1
[    0.959383] Cannot allocate resource for EISA slot 2
[    0.959384] Cannot allocate resource for EISA slot 3
[    0.959386] Cannot allocate resource for EISA slot 4
[    0.959388] Cannot allocate resource for EISA slot 5
[    0.959389] Cannot allocate resource for EISA slot 6
[    0.959391] Cannot allocate resource for EISA slot 7
[    0.959392] Cannot allocate resource for EISA slot 8
[    0.959394] EISA: Detected 0 cards.
[    0.959401] cpufreq-nforce2: No nForce2 chipset.
[    0.959403] cpuidle: using governor ladder
[    0.959405] cpuidle: using governor menu
[    0.959407] EFI Variables Facility v0.08 2004-May-17
[    0.959459] TCP cubic registered
[    0.959512] NET: Registered protocol family 10
[    0.959565] NET: Registered protocol family 17
[    0.959569] Registering the dns_resolver key type
[    0.959582] Using IPI No-Shortcut mode
[    0.959643] PM: Hibernation image not present or could not be loaded.
[    0.959651] registered taskstats version 1
[    0.960218] input: AT Translated Set 2 keyboard as /devices/platform/i8042/serio0/input/input1
[    0.965929] Freeing initrd memory: 13836k freed
[    1.049825]   Magic number: 13:421:882
[    1.069772] rtc_cmos 00:04: setting system clock to 2013-05-27 10:52:42 UTC (1369651962)
[    1.069870] BIOS EDD facility v0.16 2004-Jun-25, 0 devices found
[    1.069872] EDD information not available.
[    1.069921] ata2.00: ATAPI: VMware Virtual IDE CDROM Drive, 00000001, max UDMA/33
[    1.070243] ata2.00: configured for UDMA/33
[    1.157337] isapnp: No Plug & Play device found
[    1.157588] scsi 1:0:0:0: CD-ROM            NECVMWar VMware IDE CDR10 1.00 PQ: 0 ANSI: 5
[    1.158151] sr0: scsi3-mmc drive: 306x/306x cd/rw xa/form2 cdda tray
[    1.158154] cdrom: Uniform CD-ROM driver Revision: 3.20
[    1.158244] sr 1:0:0:0: Attached scsi CD-ROM sr0
[    1.158364] sr 1:0:0:0: Attached scsi generic sg0 type 5
[    1.158423] Freeing unused kernel memory: 740k freed
[    1.158476] Write protecting the kernel text: 5816k
[    1.158485] Write protecting the kernel read-only data: 2376k
[    1.158487] NX-protecting the kernel data: 4424k
[    1.169058] udevd[85]: starting version 175
[    1.182068] VMware vmxnet3 virtual NIC driver - version 1.1.29.0-k-NAPI
[    1.185936] VMware PVSCSI driver - version 1.0.1.0-k
[    1.190861] VMware vmxnet virtual NIC driver
[    1.190914] ACPI: PCI Interrupt Link [LNKD] enabled at IRQ 5
[    1.190917] PCI: setting IRQ 5 as level-triggered
[    1.190924] vmxnet 0000:02:01.0: PCI INT A -> Link[LNKD] -> GSI 5 (level, low) -> IRQ 5
[    1.190976] Found vmxnet/PCI at 0x2024, irq 5.
[    1.191029] features:
[    1.191043] numRxBuffers = 100, numRxBuffers2 = 1
[    1.191096] vmxnet 0000:02:01.0: eth0: set_features() failed (-1); wanted 0x00004000, left 0x00004800
[    1.216166] Fusion MPT base driver 3.04.20
[    1.216168] Copyright (c) 1999-2008 LSI Corporation
[    1.216355] Fusion MPT SPI Host driver 3.04.20
[    1.216404] mptspi 0000:00:10.0: PCI INT A -> Link[LNKB] -> GSI 11 (level, low) -> IRQ 11
[    1.222585] mptbase: ioc0: Initiating bringup
[    1.231476] Floppy drive(s): fd0 is 1.44M
[    1.245739] FDC 0 is a post-1991 82077
[    1.281385] usb 2-1: new full-speed USB device number 2 using uhci_hcd
[    1.293397] ioc0: LSI53C1030 B0: Capabilities={Initiator}
[    1.413791] input: VMware VMware Virtual USB Mouse as /devices/pci0000:00/0000:00:11.0/0000:02:00.0/usb2/2-1/2-1:1.0/input/input2
[    1.413974] generic-usb 0003:0E0F:0003.0001: input,hidraw0: USB HID v1.10 Mouse [VMware VMware Virtual USB Mouse] on usb-0000:02:00.0-1/input0
[    1.414585] input: VMware VMware Virtual USB Mouse as /devices/pci0000:00/0000:00:11.0/0000:02:00.0/usb2/2-1/2-1:1.1/input/input3
[    1.414800] generic-usb 0003:0E0F:0003.0002: input,hidraw1: USB HID v1.10 Mouse [VMware VMware Virtual USB Mouse] on usb-0000:02:00.0-1/input1
[    1.414990] usbcore: registered new interface driver usbhid
[    1.414992] usbhid: USB HID core driver
[    1.453198] scsi2 : ioc0: LSI53C1030 B0, FwRev=01032920h, Ports=1, MaxQ=128, IRQ=11
[    1.521026] usb 2-2: new full-speed USB device number 3 using uhci_hcd
[    1.565756] scsi 2:0:0:0: Direct-Access     VMware,  VMware Virtual S 1.0  PQ: 0 ANSI: 2
[    1.565765] scsi target2:0:0: Beginning Domain Validation
[    1.566346] scsi target2:0:0: Domain Validation skipping write tests
[    1.566349] scsi target2:0:0: Ending Domain Validation
[    1.566402] scsi target2:0:0: FAST-40 WIDE SCSI 80.0 MB/s ST (25 ns, offset 127)
[    1.568613] sd 2:0:0:0: [sda] 41943040 512-byte logical blocks: (21.4 GB/20.0 GiB)
[    1.568670] sd 2:0:0:0: [sda] Write Protect is off
[    1.568673] sd 2:0:0:0: [sda] Mode Sense: 61 00 00 00
[    1.568728] sd 2:0:0:0: [sda] Cache data unavailable
[    1.568731] sd 2:0:0:0: [sda] Assuming drive cache: write through
[    1.569017] sd 2:0:0:0: [sda] Cache data unavailable
[    1.569020] sd 2:0:0:0: [sda] Assuming drive cache: write through
[    1.569746] sd 2:0:0:0: Attached scsi generic sg1 type 0
[    1.570322]  sda: sda1 sda2 < sda5 >
[    1.570661] sd 2:0:0:0: [sda] Cache data unavailable
[    1.570664] sd 2:0:0:0: [sda] Assuming drive cache: write through
[    1.570666] sd 2:0:0:0: [sda] Attached SCSI disk
[    1.606533] EXT4-fs (sda1): INFO: recovery required on readonly filesystem
[    1.606538] EXT4-fs (sda1): write access will be enabled during recovery
[    1.659909] hub 2-2:1.0: USB hub found
[    1.661973] hub 2-2:1.0: 7 ports detected
[    1.703081] EXT4-fs (sda1): recovery complete
[    1.703644] EXT4-fs (sda1): mounted filesystem with ordered data mode. Opts: (null)
[    3.040124] ADDRCONF(NETDEV_UP): eth0: link is not ready
[    3.053928] udevd[328]: starting version 175
[    3.104400] Adding 1046524k swap on /dev/sda5.  Priority:-1 extents:1 across:1046524k 
[    3.105518] lp: driver loaded but no devices found
[    3.190686] EXT4-fs (sda1): re-mounted. Opts: errors=remount-ro
[    3.197616] shpchp: Standard Hot Plug PCI Controller Driver version: 0.4
[    3.229356] piix4_smbus 0000:00:07.3: Host SMBus controller not enabled!
[    3.231784] [388]: VMCI: shared components initialized.
[    3.231830] Probing for vmci/PCI.
[    3.232001] ACPI: PCI Interrupt Link [LNKA] enabled at IRQ 9
[    3.232005] PCI: setting IRQ 9 as level-triggered
[    3.232012] vmci 0000:00:07.7: PCI INT A -> Link[LNKA] -> GSI 9 (level, low) -> IRQ 9
[    3.232060] Found vmci/PCI at 0x1080, irq 9.
[    3.232090] VMCI: using capabilities 0xc.
[    3.232170] [388]: VMCI: Host capability check passed.
[    3.232474] vmci 0000:00:07.7: irq 72 for MSI/MSI-X
[    3.232512] vmci 0000:00:07.7: irq 73 for MSI/MSI-X
[    3.232741] Registered vmci device.
[    3.235510] [388]: VMCI: Using guest personality
[    3.235515] [388]: VMCI: host components initialized.
[    3.246193] [388]: VMCI: Module registered (name=vmci,major=10,minor=57).
[    3.246196] [388]: VMCI: Using host personality
[    3.246198] [388]: VMCI: Module (name=vmci) is initialized
[    3.329754] ppdev: user-space parallel port driver
[    3.330217] parport_pc 00:09: reported by Plug and Play ACPI
[    3.330484] parport0: PC-style at 0x378, irq 7 [PCSPP,TRISTATE]
[    3.344952] Bluetooth: Core ver 2.16
[    3.345378] NET: Registered protocol family 31
[    3.345381] Bluetooth: HCI device and connection manager initialized
[    3.345383] Bluetooth: HCI socket layer initialized
[    3.345384] Bluetooth: L2CAP socket layer initialized
[    3.345389] Bluetooth: SCO socket layer initialized
[    3.358290] Bluetooth: BNEP (Ethernet Emulation) ver 1.3
[    3.358291] Bluetooth: BNEP filters: protocol multicast
[    3.370458] Bluetooth: RFCOMM TTY layer initialized
[    3.370462] Bluetooth: RFCOMM socket layer initialized
[    3.370464] Bluetooth: RFCOMM ver 1.11
[    3.426463] lp0: using parport0 (interrupt-driven).
[    3.436898] type=1400 audit(1369651964.866:2): apparmor="STATUS" operation="profile_load" name="/usr/lib/cups/backend/cups-pdf" pid=590 comm="apparmor_parser"
[    3.437034] type=1400 audit(1369651964.866:3): apparmor="STATUS" operation="profile_load" name="/usr/sbin/cupsd" pid=590 comm="apparmor_parser"
[    3.470753] type=1400 audit(1369651964.902:4): apparmor="STATUS" operation="profile_load" name="/sbin/dhclient" pid=602 comm="apparmor_parser"
[    3.470873] type=1400 audit(1369651964.902:5): apparmor="STATUS" operation="profile_load" name="/usr/lib/NetworkManager/nm-dhcp-client.action" pid=602 comm="apparmor_parser"
[    3.470988] type=1400 audit(1369651964.902:6): apparmor="STATUS" operation="profile_load" name="/usr/lib/connman/scripts/dhclient-script" pid=602 comm="apparmor_parser"
[    3.586190] input: ImPS/2 Generic Wheel Mouse as /devices/platform/i8042/serio1/input/input4
[    3.735696] snd_ens1371 0000:02:02.0: PCI INT A -> Link[LNKA] -> GSI 9 (level, low) -> IRQ 9
[    3.761110] init: failsafe main process (672) killed by TERM signal
[    3.851847] type=1400 audit(1369651965.282:7): apparmor="STATUS" operation="profile_load" name="/usr/lib/lightdm/lightdm/lightdm-guest-session-wrapper" pid=797 comm="apparmor_parser"
[    3.854609] type=1400 audit(1369651965.286:8): apparmor="STATUS" operation="profile_replace" name="/sbin/dhclient" pid=798 comm="apparmor_parser"
[    3.856135] type=1400 audit(1369651965.286:9): apparmor="STATUS" operation="profile_replace" name="/usr/lib/NetworkManager/nm-dhcp-client.action" pid=798 comm="apparmor_parser"
[    3.856249] type=1400 audit(1369651965.286:10): apparmor="STATUS" operation="profile_replace" name="/usr/lib/connman/scripts/dhclient-script" pid=798 comm="apparmor_parser"
[    4.011339] init: alsa-restore main process (871) terminated with status 19
