[    0.000000] Initializing cgroup subsys cpuset
[    0.000000] Initializing cgroup subsys cpu
[    0.000000] Linux version 3.2.0-29-generic-pae (buildd@roseapple) (gcc version 4.6.3 (Ubuntu/Linaro 4.6.3-1ubuntu5) ) #46-Ubuntu SMP Fri Jul 27 17:25:43 UTC 2012 (Ubuntu 3.2.0-29.46-generic-pae 3.2.24)
[    0.000000] KERNEL supported cpus:
[    0.000000]   Intel GenuineIntel
[    0.000000]   AMD AuthenticAMD
[    0.000000]   NSC Geode by NSC
[    0.000000]   Cyrix CyrixInstead
[    0.000000]   Centaur CentaurHauls
[    0.000000]   Transmeta GenuineTMx86
[    0.000000]   Transmeta TransmetaCPU
[    0.000000]   UMC UMC UMC UMC
[    0.000000] Disabled fast string operations
[    0.000000] BIOS-provided physical RAM map:
[    0.000000]  BIOS-e820: 0000000000000000 - 000000000009f000 (usable)
[    0.000000]  BIOS-e820: 000000000009f000 - 00000000000a0000 (reserved)
[    0.000000]  BIOS-e820: 00000000000ca000 - 00000000000cc000 (reserved)
[    0.000000]  BIOS-e820: 00000000000dc000 - 0000000000100000 (reserved)
[    0.000000]  BIOS-e820: 0000000000100000 - 000000003fee0000 (usable)
[    0.000000]  BIOS-e820: 000000003fee0000 - 000000003feff000 (ACPI data)
[    0.000000]  BIOS-e820: 000000003feff000 - 000000003ff00000 (ACPI NVS)
[    0.000000]  BIOS-e820: 000000003ff00000 - 0000000040000000 (usable)
[    0.000000]  BIOS-e820: 00000000e0000000 - 00000000f0000000 (reserved)
[    0.000000]  BIOS-e820: 00000000fec00000 - 00000000fec10000 (reserved)
[    0.000000]  BIOS-e820: 00000000fee00000 - 00000000fee01000 (reserved)
[    0.000000]  BIOS-e820: 00000000fffe0000 - 0000000100000000 (reserved)
[    0.000000] NX (Execute Disable) protection: active
[    0.000000] DMI present.
[    0.000000] DMI: VMware, Inc. VMware Virtual Platform/440BX Desktop Reference Platform, BIOS 6.00 07/02/2012
[    0.000000] Hypervisor detected: VMware
[    0.000000] e820 update range: 0000000000000000 - 0000000000010000 (usable) ==> (reserved)
[    0.000000] e820 remove range: 00000000000a0000 - 0000000000100000 (usable)
[    0.000000] last_pfn = 0x40000 max_arch_pfn = 0x1000000
[    0.000000] MTRR default type: uncachable
[    0.000000] MTRR fixed ranges enabled:
[    0.000000]   00000-9FFFF write-back
[    0.000000]   A0000-BFFFF uncachable
[    0.000000]   C0000-CBFFF write-protect
[    0.000000]   CC000-EFFFF uncachable
[    0.000000]   F0000-FFFFF write-protect
[    0.000000] MTRR variable ranges enabled:
[    0.000000]   0 base 0000000000 mask FFC0000000 write-back
[    0.000000]   1 disabled
[    0.000000]   2 disabled
[    0.000000]   3 disabled
[    0.000000]   4 disabled
[    0.000000]   5 disabled
[    0.000000]   6 disabled
[    0.000000]   7 disabled
[    0.000000] x86 PAT enabled: cpu 0, old 0x0, new 0x7010600070106
[    0.000000] found SMP MP-table at [c00f6bf0] f6bf0
[    0.000000] initial memory mapped : 0 - 02000000
[    0.000000] Base memory trampoline at [c009b000] 9b000 size 16384
[    0.000000] init_memory_mapping: 0000000000000000-0000000037bfe000
[    0.000000]  0000000000 - 0000200000 page 4k
[    0.000000]  0000200000 - 0037a00000 page 2M
[    0.000000]  0037a00000 - 0037bfe000 page 4k
[    0.000000] kernel direct mapping tables up to 37bfe000 @ 1ffb000-2000000
[    0.000000] RAMDISK: 364ea000 - 3726d000
[    0.000000] ACPI: RSDP 000f6b80 00024 (v02 PTLTD )
[    0.000000] ACPI: XSDT 3feed636 0005C (v01 INTEL  440BX    06040000 VMW  01324272)
[    0.000000] ACPI: FACP 3fefee98 000F4 (v04 INTEL  440BX    06040000 PTL  000F4240)
[    0.000000] ACPI: DSDT 3feee366 10B32 (v01 PTLTD  Custom   06040000 MSFT 03000001)
[    0.000000] ACPI: FACS 3fefffc0 00040
[    0.000000] ACPI: BOOT 3feee33e 00028 (v01 PTLTD  $SBFTBL$ 06040000  LTP 00000001)
[    0.000000] ACPI: APIC 3feedc3e 003C2 (v01 PTLTD  ? APIC   06040000  LTP 00000000)
[    0.000000] ACPI: MCFG 3feedc02 0003C (v01 PTLTD  $PCITBL$ 06040000  LTP 00000001)
[    0.000000] ACPI: SRAT 3feed732 004D0 (v02 VMWARE MEMPLUG  06040000 VMW  00000001)
[    0.000000] ACPI: HPET 3feed6fa 00038 (v01 VMWARE VMW HPET 06040000 VMW  00000001)
[    0.000000] ACPI: WAET 3feed6d2 00028 (v01 VMWARE VMW WAET 06040000 VMW  00000001)
[    0.000000] ACPI: Local APIC address 0xfee00000
[    0.000000] 132MB HIGHMEM available.
[    0.000000] 891MB LOWMEM available.
[    0.000000]   mapped low ram: 0 - 37bfe000
[    0.000000]   low ram: 0 - 37bfe000
[    0.000000] Zone PFN ranges:
[    0.000000]   DMA      0x00000010 -> 0x00001000
[    0.000000]   Normal   0x00001000 -> 0x00037bfe
[    0.000000]   HighMem  0x00037bfe -> 0x00040000
[    0.000000] Movable zone start PFN for each node
[    0.000000] early_node_map[3] active PFN ranges
[    0.000000]     0: 0x00000010 -> 0x0000009f
[    0.000000]     0: 0x00000100 -> 0x0003fee0
[    0.000000]     0: 0x0003ff00 -> 0x00040000
[    0.000000] On node 0 totalpages: 261999
[    0.000000] free_area_init_node: node 0, pgdat c1866a40, node_mem_map f73fd200
[    0.000000]   DMA zone: 32 pages used for memmap
[    0.000000]   DMA zone: 0 pages reserved
[    0.000000]   DMA zone: 3951 pages, LIFO batch:0
[    0.000000]   Normal zone: 1752 pages used for memmap
[    0.000000]   Normal zone: 222502 pages, LIFO batch:31
[    0.000000]   HighMem zone: 265 pages used for memmap
[    0.000000]   HighMem zone: 33497 pages, LIFO batch:7
[    0.000000] Using APIC driver default
[    0.000000] ACPI: PM-Timer IO Port: 0x1008
[    0.000000] ACPI: Local APIC address 0xfee00000
[    0.000000] ACPI: LAPIC (acpi_id[0x00] lapic_id[0x00] enabled)
[    0.000000] ACPI: LAPIC (acpi_id[0x01] lapic_id[0x02] disabled)
[    0.000000] ACPI: LAPIC (acpi_id[0x02] lapic_id[0x04] disabled)
[    0.000000] ACPI: LAPIC (acpi_id[0x03] lapic_id[0x06] disabled)
[    0.000000] ACPI: LAPIC (acpi_id[0x04] lapic_id[0x08] disabled)
[    0.000000] ACPI: LAPIC (acpi_id[0x05] lapic_id[0x0a] disabled)
[    0.000000] ACPI: LAPIC (acpi_id[0x06] lapic_id[0x0c] disabled)
[    0.000000] ACPI: LAPIC (acpi_id[0x07] lapic_id[0x0e] disabled)
[    0.000000] ACPI: LAPIC (acpi_id[0x08] lapic_id[0x10] disabled)
[    0.000000] ACPI: LAPIC (acpi_id[0x09] lapic_id[0x12] disabled)
[    0.000000] ACPI: LAPIC (acpi_id[0x0a] lapic_id[0x14] disabled)
[    0.000000] ACPI: LAPIC (acpi_id[0x0b] lapic_id[0x16] disabled)
[    0.000000] ACPI: LAPIC (acpi_id[0x0c] lapic_id[0x18] disabled)
[    0.000000] ACPI: LAPIC (acpi_id[0x0d] lapic_id[0x1a] disabled)
[    0.000000] ACPI: LAPIC (acpi_id[0x0e] lapic_id[0x1c] disabled)
[    0.000000] ACPI: LAPIC (acpi_id[0x0f] lapic_id[0x1e] disabled)
[    0.000000] ACPI: LAPIC (acpi_id[0x10] lapic_id[0x20] disabled)
[    0.000000] ACPI: LAPIC (acpi_id[0x11] lapic_id[0x22] disabled)
[    0.000000] ACPI: LAPIC (acpi_id[0x12] lapic_id[0x24] disabled)
[    0.000000] ACPI: LAPIC (acpi_id[0x13] lapic_id[0x26] disabled)
[    0.000000] ACPI: LAPIC (acpi_id[0x14] lapic_id[0x28] disabled)
[    0.000000] ACPI: LAPIC (acpi_id[0x15] lapic_id[0x2a] disabled)
[    0.000000] ACPI: LAPIC (acpi_id[0x16] lapic_id[0x2c] disabled)
[    0.000000] ACPI: LAPIC (acpi_id[0x17] lapic_id[0x2e] disabled)
[    0.000000] ACPI: LAPIC (acpi_id[0x18] lapic_id[0x30] disabled)
[    0.000000] ACPI: LAPIC (acpi_id[0x19] lapic_id[0x32] disabled)
[    0.000000] ACPI: LAPIC (acpi_id[0x1a] lapic_id[0x34] disabled)
[    0.000000] ACPI: LAPIC (acpi_id[0x1b] lapic_id[0x36] disabled)
[    0.000000] ACPI: LAPIC (acpi_id[0x1c] lapic_id[0x38] disabled)
[    0.000000] ACPI: LAPIC (acpi_id[0x1d] lapic_id[0x3a] disabled)
[    0.000000] ACPI: LAPIC (acpi_id[0x1e] lapic_id[0x3c] disabled)
[    0.000000] ACPI: LAPIC (acpi_id[0x1f] lapic_id[0x3e] disabled)
[    0.000000] ACPI: LAPIC (acpi_id[0x20] lapic_id[0x40] disabled)
[    0.000000] ACPI: LAPIC (acpi_id[0x21] lapic_id[0x42] disabled)
[    0.000000] ACPI: LAPIC (acpi_id[0x22] lapic_id[0x44] disabled)
[    0.000000] ACPI: LAPIC (acpi_id[0x23] lapic_id[0x46] disabled)
[    0.000000] ACPI: LAPIC (acpi_id[0x24] lapic_id[0x48] disabled)
[    0.000000] ACPI: LAPIC (acpi_id[0x25] lapic_id[0x4a] disabled)
[    0.000000] ACPI: LAPIC (acpi_id[0x26] lapic_id[0x4c] disabled)
[    0.000000] ACPI: LAPIC (acpi_id[0x27] lapic_id[0x4e] disabled)
[    0.000000] ACPI: LAPIC (acpi_id[0x28] lapic_id[0x50] disabled)
[    0.000000] ACPI: LAPIC (acpi_id[0x29] lapic_id[0x52] disabled)
[    0.000000] ACPI: LAPIC (acpi_id[0x2a] lapic_id[0x54] disabled)
[    0.000000] ACPI: LAPIC (acpi_id[0x2b] lapic_id[0x56] disabled)
[    0.000000] ACPI: LAPIC (acpi_id[0x2c] lapic_id[0x58] disabled)
[    0.000000] ACPI: LAPIC (acpi_id[0x2d] lapic_id[0x5a] disabled)
[    0.000000] ACPI: LAPIC (acpi_id[0x2e] lapic_id[0x5c] disabled)
[    0.000000] ACPI: LAPIC (acpi_id[0x2f] lapic_id[0x5e] disabled)
[    0.000000] ACPI: LAPIC (acpi_id[0x30] lapic_id[0x60] disabled)
[    0.000000] ACPI: LAPIC (acpi_id[0x31] lapic_id[0x62] disabled)
[    0.000000] ACPI: LAPIC (acpi_id[0x32] lapic_id[0x64] disabled)
[    0.000000] ACPI: LAPIC (acpi_id[0x33] lapic_id[0x66] disabled)
[    0.000000] ACPI: LAPIC (acpi_id[0x34] lapic_id[0x68] disabled)
[    0.000000] ACPI: LAPIC (acpi_id[0x35] lapic_id[0x6a] disabled)
[    0.000000] ACPI: LAPIC (acpi_id[0x36] lapic_id[0x6c] disabled)
[    0.000000] ACPI: LAPIC (acpi_id[0x37] lapic_id[0x6e] disabled)
[    0.000000] ACPI: LAPIC (acpi_id[0x38] lapic_id[0x70] disabled)
[    0.000000] ACPI: LAPIC (acpi_id[0x39] lapic_id[0x72] disabled)
[    0.000000] ACPI: LAPIC (acpi_id[0x3a] lapic_id[0x74] disabled)
[    0.000000] ACPI: LAPIC (acpi_id[0x3b] lapic_id[0x76] disabled)
[    0.000000] ACPI: LAPIC (acpi_id[0x3c] lapic_id[0x78] disabled)
[    0.000000] ACPI: LAPIC (acpi_id[0x3d] lapic_id[0x7a] disabled)
[    0.000000] ACPI: LAPIC (acpi_id[0x3e] lapic_id[0x7c] disabled)
[    0.000000] ACPI: LAPIC (acpi_id[0x3f] lapic_id[0x7e] disabled)
[    0.000000] ACPI: LAPIC_NMI (acpi_id[0x00] high edge lint[0x1])
[    0.000000] ACPI: LAPIC_NMI (acpi_id[0x01] high edge lint[0x1])
[    0.000000] ACPI: LAPIC_NMI (acpi_id[0x02] high edge lint[0x1])
[    0.000000] ACPI: LAPIC_NMI (acpi_id[0x03] high edge lint[0x1])
[    0.000000] ACPI: LAPIC_NMI (acpi_id[0x04] high edge lint[0x1])
[    0.000000] ACPI: LAPIC_NMI (acpi_id[0x05] high edge lint[0x1])
[    0.000000] ACPI: LAPIC_NMI (acpi_id[0x06] high edge lint[0x1])
[    0.000000] ACPI: LAPIC_NMI (acpi_id[0x07] high edge lint[0x1])
[    0.000000] ACPI: LAPIC_NMI (acpi_id[0x08] high edge lint[0x1])
[    0.000000] ACPI: LAPIC_NMI (acpi_id[0x09] high edge lint[0x1])
[    0.000000] ACPI: LAPIC_NMI (acpi_id[0x0a] high edge lint[0x1])
[    0.000000] ACPI: LAPIC_NMI (acpi_id[0x0b] high edge lint[0x1])
[    0.000000] ACPI: LAPIC_NMI (acpi_id[0x0c] high edge lint[0x1])
[    0.000000] ACPI: LAPIC_NMI (acpi_id[0x0d] high edge lint[0x1])
[    0.000000] ACPI: LAPIC_NMI (acpi_id[0x0e] high edge lint[0x1])
[    0.000000] ACPI: LAPIC_NMI (acpi_id[0x0f] high edge lint[0x1])
[    0.000000] ACPI: LAPIC_NMI (acpi_id[0x10] high edge lint[0x1])
[    0.000000] ACPI: LAPIC_NMI (acpi_id[0x11] high edge lint[0x1])
[    0.000000] ACPI: LAPIC_NMI (acpi_id[0x12] high edge lint[0x1])
[    0.000000] ACPI: LAPIC_NMI (acpi_id[0x13] high edge lint[0x1])
[    0.000000] ACPI: LAPIC_NMI (acpi_id[0x14] high edge lint[0x1])
[    0.000000] ACPI: LAPIC_NMI (acpi_id[0x15] high edge lint[0x1])
[    0.000000] ACPI: LAPIC_NMI (acpi_id[0x16] high edge lint[0x1])
[    0.000000] ACPI: LAPIC_NMI (acpi_id[0x17] high edge lint[0x1])
[    0.000000] ACPI: LAPIC_NMI (acpi_id[0x18] high edge lint[0x1])
[    0.000000] ACPI: LAPIC_NMI (acpi_id[0x19] high edge lint[0x1])
[    0.000000] ACPI: LAPIC_NMI (acpi_id[0x1a] high edge lint[0x1])
[    0.000000] ACPI: LAPIC_NMI (acpi_id[0x1b] high edge lint[0x1])
[    0.000000] ACPI: LAPIC_NMI (acpi_id[0x1c] high edge lint[0x1])
[    0.000000] ACPI: LAPIC_NMI (acpi_id[0x1d] high edge lint[0x1])
[    0.000000] ACPI: LAPIC_NMI (acpi_id[0x1e] high edge lint[0x1])
[    0.000000] ACPI: LAPIC_NMI (acpi_id[0x1f] high edge lint[0x1])
[    0.000000] ACPI: LAPIC_NMI (acpi_id[0x20] high edge lint[0x1])
[    0.000000] ACPI: LAPIC_NMI (acpi_id[0x21] high edge lint[0x1])
[    0.000000] ACPI: LAPIC_NMI (acpi_id[0x22] high edge lint[0x1])
[    0.000000] ACPI: LAPIC_NMI (acpi_id[0x23] high edge lint[0x1])
[    0.000000] ACPI: LAPIC_NMI (acpi_id[0x24] high edge lint[0x1])
[    0.000000] ACPI: LAPIC_NMI (acpi_id[0x25] high edge lint[0x1])
[    0.000000] ACPI: LAPIC_NMI (acpi_id[0x26] high edge lint[0x1])
[    0.000000] ACPI: LAPIC_NMI (acpi_id[0x27] high edge lint[0x1])
[    0.000000] ACPI: LAPIC_NMI (acpi_id[0x28] high edge lint[0x1])
[    0.000000] ACPI: LAPIC_NMI (acpi_id[0x29] high edge lint[0x1])
[    0.000000] ACPI: LAPIC_NMI (acpi_id[0x2a] high edge lint[0x1])
[    0.000000] ACPI: LAPIC_NMI (acpi_id[0x2b] high edge lint[0x1])
[    0.000000] ACPI: LAPIC_NMI (acpi_id[0x2c] high edge lint[0x1])
[    0.000000] ACPI: LAPIC_NMI (acpi_id[0x2d] high edge lint[0x1])
[    0.000000] ACPI: LAPIC_NMI (acpi_id[0x2e] high edge lint[0x1])
[    0.000000] ACPI: LAPIC_NMI (acpi_id[0x2f] high edge lint[0x1])
[    0.000000] ACPI: LAPIC_NMI (acpi_id[0x30] high edge lint[0x1])
[    0.000000] ACPI: LAPIC_NMI (acpi_id[0x31] high edge lint[0x1])
[    0.000000] ACPI: LAPIC_NMI (acpi_id[0x32] high edge lint[0x1])
[    0.000000] ACPI: LAPIC_NMI (acpi_id[0x33] high edge lint[0x1])
[    0.000000] ACPI: LAPIC_NMI (acpi_id[0x34] high edge lint[0x1])
[    0.000000] ACPI: LAPIC_NMI (acpi_id[0x35] high edge lint[0x1])
[    0.000000] ACPI: LAPIC_NMI (acpi_id[0x36] high edge lint[0x1])
[    0.000000] ACPI: LAPIC_NMI (acpi_id[0x37] high edge lint[0x1])
[    0.000000] ACPI: LAPIC_NMI (acpi_id[0x38] high edge lint[0x1])
[    0.000000] ACPI: LAPIC_NMI (acpi_id[0x39] high edge lint[0x1])
[    0.000000] ACPI: LAPIC_NMI (acpi_id[0x3a] high edge lint[0x1])
[    0.000000] ACPI: LAPIC_NMI (acpi_id[0x3b] high edge lint[0x1])
[    0.000000] ACPI: LAPIC_NMI (acpi_id[0x3c] high edge lint[0x1])
[    0.000000] ACPI: LAPIC_NMI (acpi_id[0x3d] high edge lint[0x1])
[    0.000000] ACPI: LAPIC_NMI (acpi_id[0x3e] high edge lint[0x1])
[    0.000000] ACPI: LAPIC_NMI (acpi_id[0x3f] high edge lint[0x1])
[    0.000000] ACPI: Skipping IOAPIC probe due to 'noapic' option.
[    0.000000] Using ACPI for processor (LAPIC) configuration information
[    0.000000] ACPI: HPET id: 0x8086af01 base: 0xfed00000
[    0.000000] Intel MultiProcessor Specification v1.4
[    0.000000]     Virtual Wire compatibility mode.
[    0.000000] MPTABLE: OEM ID: INTEL   
[    0.000000] MPTABLE: Product ID: 440BX       
[    0.000000] MPTABLE: APIC at: 0xFEE00000
[    0.000000] IOAPIC[0]: apic_id 1, version 17, address 0xfec00000, GSI 0-23
[    0.000000] Processors: 1
[    0.000000] SMP: Allowing 1 CPUs, 0 hotplug CPUs
[    0.000000] nr_irqs_gsi: 40
[    0.000000] PM: Registered nosave memory: 000000000009f000 - 00000000000a0000
[    0.000000] PM: Registered nosave memory: 00000000000a0000 - 00000000000ca000
[    0.000000] PM: Registered nosave memory: 00000000000ca000 - 00000000000cc000
[    0.000000] PM: Registered nosave memory: 00000000000cc000 - 00000000000dc000
[    0.000000] PM: Registered nosave memory: 00000000000dc000 - 0000000000100000
[    0.000000] Allocating PCI resources starting at 40000000 (gap: 40000000:a0000000)
[    0.000000] Booting paravirtualized kernel on bare hardware
[    0.000000] setup_percpu: NR_CPUS:8 nr_cpumask_bits:8 nr_cpu_ids:1 nr_node_ids:1
[    0.000000] PERCPU: Embedded 14 pages/cpu @f73e8000 s34240 r0 d23104 u57344
[    0.000000] pcpu-alloc: s34240 r0 d23104 u57344 alloc=14*4096
[    0.000000] pcpu-alloc: [0] 0 
[    0.000000] Built 1 zonelists in Zone order, mobility grouping on.  Total pages: 259950
[    0.000000] Kernel command line: BOOT_IMAGE=/boot/vmlinuz-3.2.0-29-generic-pae root=UUID=007b598c-390d-4c65-84a1-4ff752d48633 ro quiet splash maxcpus=0
[    0.000000] PID hash table entries: 4096 (order: 2, 16384 bytes)
[    0.000000] Dentry cache hash table entries: 131072 (order: 7, 524288 bytes)
[    0.000000] Inode-cache hash table entries: 65536 (order: 6, 262144 bytes)
[    0.000000] Initializing CPU#0
[    0.000000] xsave/xrstor: enabled xstate_bv 0x7, cntxt size 0x340
[    0.000000] allocated 4194048 bytes of page_cgroup
[    0.000000] please try 'cgroup_disable=memory' option if you don't want memory cgroups
[    0.000000] Initializing HighMem for node 0 (00037bfe:00040000)
[    0.000000] Memory: 1010624k/1048576k available (5814k kernel code, 37372k reserved, 2841k data, 740k init, 135048k highmem)
[    0.000000] virtual kernel memory layout:
[    0.000000]     fixmap  : 0xfff16000 - 0xfffff000   ( 932 kB)
[    0.000000]     pkmap   : 0xffc00000 - 0xffe00000   (2048 kB)
[    0.000000]     vmalloc : 0xf83fe000 - 0xffbfe000   ( 120 MB)
[    0.000000]     lowmem  : 0xc0000000 - 0xf7bfe000   ( 891 MB)
[    0.000000]       .init : 0xc1875000 - 0xc192e000   ( 740 kB)
[    0.000000]       .data : 0xc15adb64 - 0xc1874240   (2841 kB)
[    0.000000]       .text : 0xc1000000 - 0xc15adb64   (5814 kB)
[    0.000000] Checking if this processor honours the WP bit even in supervisor mode...Ok.
[    0.000000] SLUB: Genslabs=15, HWalign=64, Order=0-3, MinObjects=0, CPUs=1, Nodes=1
[    0.000000] Hierarchical RCU implementation.
[    0.000000] 	RCU dyntick-idle grace-period acceleration is enabled.
[    0.000000] NR_IRQS:2304 nr_irqs:256 16
[    0.000000] CPU 0 irqstacks, hard=f5c08000 soft=f5c0a000
[    0.000000] Extended CMOS year: 2000
[    0.000000] Console: colour VGA+ 80x25
[    0.000000] console [tty0] enabled
[    0.000000] hpet clockevent registered
[    0.000000] TSC freq read from hypervisor : 2394.620 MHz
[    0.000000] Detected 2394.620 MHz processor.
[    0.000001] Calibrating delay loop (skipped) preset value.. 4789.24 BogoMIPS (lpj=9578480)
[    0.000005] pid_max: default: 32768 minimum: 301
[    0.000023] Security Framework initialized
[    0.000054] AppArmor: AppArmor initialized
[    0.000056] Yama: becoming mindful.
[    0.000106] Mount-cache hash table entries: 512
[    0.000219] Initializing cgroup subsys cpuacct
[    0.000224] Initializing cgroup subsys memory
[    0.000230] Initializing cgroup subsys devices
[    0.000232] Initializing cgroup subsys freezer
[    0.000235] Initializing cgroup subsys blkio
[    0.000242] Initializing cgroup subsys perf_event
[    0.000297] Disabled fast string operations
[    0.000301] CPU: Physical Processor ID: 0
[    0.000313] ENERGY_PERF_BIAS: Set to 'normal', was 'performance'
[    0.000314] ENERGY_PERF_BIAS: View and update with x86_energy_perf_policy(8)
[    0.001378] mce: CPU supports 0 MCE banks
[    0.002293] SMP alternatives: switching to UP code
[    0.027890] Freeing SMP alternatives: 24k freed
[    0.027897] ACPI: Core revision 20110623
[    0.037340] ACPI: setting ELCR to 0200 (from 0e20)
[    0.038868] ftrace: allocating 26545 entries in 52 pages
[    0.065858] SMP mode deactivated.
[    0.065898] SMP disabled
[    0.065900] Performance Events: generic architected perfmon v1, core PMU driver.
[    0.065916] ... version:                1
[    0.065917] ... bit width:              48
[    0.065918] ... generic registers:      4
[    0.065920] ... value mask:             0000ffffffffffff
[    0.065922] ... max period:             000000007fffffff
[    0.065923] ... fixed-purpose events:   0
[    0.065925] ... event mask:             000000000000000f
[    0.066131] NMI watchdog enabled, takes one hw-pmu counter.
[    0.066186] Brought up 1 CPUs
[    0.066188] Total of 1 processors activated (4789.24 BogoMIPS).
[    0.066358] devtmpfs: initialized
[    0.066466] EVM: security.selinux
[    0.066468] EVM: security.SMACK64
[    0.066469] EVM: security.capability
[    0.066509] PM: Registering ACPI NVS region at 3feff000 (4096 bytes)
[    0.067578] print_constraints: dummy: 
[    0.067675] RTC time:  6:08:25, date: 05/27/13
[    0.067716] NET: Registered protocol family 16
[    0.067833] EISA bus registered
[    0.067849] ACPI: bus type pci registered
[    0.068032] PCI: MMCONFIG for domain 0000 [bus 00-ff] at [mem 0xe0000000-0xefffffff] (base 0xe0000000)
[    0.068036] PCI: MMCONFIG at [mem 0xe0000000-0xefffffff] reserved in E820
[    0.068038] PCI: Using MMCONFIG for extended config space
[    0.068040] PCI: Using configuration type 1 for base access
[    0.069195] bio: create slab <bio-0> at 0
[    0.069297] ACPI: Added _OSI(Module Device)
[    0.069300] ACPI: Added _OSI(Processor Device)
[    0.069301] ACPI: Added _OSI(3.0 _SCP Extensions)
[    0.069304] ACPI: Added _OSI(Processor Aggregator Device)
[    0.072538] ACPI: EC: Look up EC in DSDT
[    0.080558] [Firmware Bug]: ACPI: BIOS _OSI(Linux) query ignored
[    0.093266] ACPI: Interpreter enabled
[    0.093277] ACPI: (supports S0 S1 S4 S5)
[    0.093292] ACPI: Using PIC for interrupt routing
[    0.153035] ACPI: No dock devices found.
[    0.153039] HEST: Table not found.
[    0.153045] PCI: Using host bridge windows from ACPI; if necessary, use "pci=nocrs" and report a bug
[    0.153888] ACPI: PCI Root Bridge [PCI0] (domain 0000 [bus 00-ff])
[    0.155309] pci_root PNP0A03:00: host bridge window [mem 0x000a0000-0x000bffff]
[    0.155312] pci_root PNP0A03:00: host bridge window [mem 0x000cc000-0x000cffff]
[    0.155315] pci_root PNP0A03:00: host bridge window [mem 0x000d0000-0x000d3fff]
[    0.155316] pci_root PNP0A03:00: host bridge window [mem 0x000d4000-0x000d7fff]
[    0.155318] pci_root PNP0A03:00: host bridge window [mem 0x000d8000-0x000dbfff]
[    0.155320] pci_root PNP0A03:00: host bridge window [mem 0xc0000000-0xfebfffff]
[    0.155321] pci_root PNP0A03:00: host bridge window [io  0x0000-0x0cf7]
[    0.155323] pci_root PNP0A03:00: host bridge window [io  0x0d00-0xfeff]
[    0.155384] pci 0000:00:00.0: [8086:7190] type 0 class 0x000600
[    0.155939] pci 0000:00:01.0: [8086:7191] type 1 class 0x000604
[    0.156405] pci 0000:00:07.0: [8086:7110] type 0 class 0x000601
[    0.157150] pci 0000:00:07.1: [8086:7111] type 0 class 0x000101
[    0.158845] pci 0000:00:07.1: reg 20: [io  0x10c0-0x10cf]
[    0.159688] pci 0000:00:07.3: [8086:7113] type 0 class 0x000680
[    0.161728] pci 0000:00:07.3: quirk: [io  0x1000-0x103f] claimed by PIIX4 ACPI
[    0.161744] pci 0000:00:07.3: quirk: [io  0x1040-0x104f] claimed by PIIX4 SMB
[    0.162027] pci 0000:00:07.7: [15ad:0740] type 0 class 0x000880
[    0.162577] pci 0000:00:07.7: reg 10: [io  0x1080-0x10bf]
[    0.163255] pci 0000:00:07.7: reg 14: [mem 0xc8000000-0xc8001fff 64bit]
[    0.165655] pci 0000:00:0f.0: [15ad:0405] type 0 class 0x000300
[    0.168694] pci 0000:00:0f.0: reg 10: [io  0x10d0-0x10df]
[    0.171775] pci 0000:00:0f.0: reg 14: [mem 0xd0000000-0xd7ffffff pref]
[    0.174676] pci 0000:00:0f.0: reg 18: [mem 0xc8800000-0xc8ffffff]
[    0.185366] pci 0000:00:0f.0: reg 30: [mem 0x00000000-0x00007fff pref]
[    0.185720] pci 0000:00:10.0: [1000:0030] type 0 class 0x000100
[    0.186568] pci 0000:00:10.0: reg 10: [io  0x1400-0x14ff]
[    0.187643] pci 0000:00:10.0: reg 14: [mem 0xc8040000-0xc805ffff 64bit]
[    0.188735] pci 0000:00:10.0: reg 1c: [mem 0xc8020000-0xc803ffff 64bit]
[    0.190326] pci 0000:00:10.0: reg 30: [mem 0x00000000-0x00003fff pref]
[    0.190538] pci 0000:00:11.0: [15ad:0790] type 1 class 0x000604
[    0.191397] pci 0000:00:15.0: [15ad:07a0] type 1 class 0x000604
[    0.192278] pci 0000:00:15.0: PME# supported from D0 D3hot D3cold
[    0.192307] pci 0000:00:15.0: PME# disabled
[    0.192578] pci 0000:00:15.1: [15ad:07a0] type 1 class 0x000604
[    0.193447] pci 0000:00:15.1: PME# supported from D0 D3hot D3cold
[    0.193474] pci 0000:00:15.1: PME# disabled
[    0.193736] pci 0000:00:15.2: [15ad:07a0] type 1 class 0x000604
[    0.194777] pci 0000:00:15.2: PME# supported from D0 D3hot D3cold
[    0.194801] pci 0000:00:15.2: PME# disabled
[    0.195069] pci 0000:00:15.3: [15ad:07a0] type 1 class 0x000604
[    0.195943] pci 0000:00:15.3: PME# supported from D0 D3hot D3cold
[    0.195972] pci 0000:00:15.3: PME# disabled
[    0.196240] pci 0000:00:15.4: [15ad:07a0] type 1 class 0x000604
[    0.197093] pci 0000:00:15.4: PME# supported from D0 D3hot D3cold
[    0.197117] pci 0000:00:15.4: PME# disabled
[    0.197390] pci 0000:00:15.5: [15ad:07a0] type 1 class 0x000604
[    0.198321] pci 0000:00:15.5: PME# supported from D0 D3hot D3cold
[    0.198352] pci 0000:00:15.5: PME# disabled
[    0.198659] pci 0000:00:15.6: [15ad:07a0] type 1 class 0x000604
[    0.199681] pci 0000:00:15.6: PME# supported from D0 D3hot D3cold
[    0.199714] pci 0000:00:15.6: PME# disabled
[    0.199974] pci 0000:00:15.7: [15ad:07a0] type 1 class 0x000604
[    0.200822] pci 0000:00:15.7: PME# supported from D0 D3hot D3cold
[    0.200851] pci 0000:00:15.7: PME# disabled
[    0.201143] pci 0000:00:16.0: [15ad:07a0] type 1 class 0x000604
[    0.202112] pci 0000:00:16.0: PME# supported from D0 D3hot D3cold
[    0.202142] pci 0000:00:16.0: PME# disabled
[    0.202431] pci 0000:00:16.1: [15ad:07a0] type 1 class 0x000604
[    0.203402] pci 0000:00:16.1: PME# supported from D0 D3hot D3cold
[    0.203431] pci 0000:00:16.1: PME# disabled
[    0.203778] pci 0000:00:16.2: [15ad:07a0] type 1 class 0x000604
[    0.204728] pci 0000:00:16.2: PME# supported from D0 D3hot D3cold
[    0.204767] pci 0000:00:16.2: PME# disabled
[    0.205059] pci 0000:00:16.3: [15ad:07a0] type 1 class 0x000604
[    0.206043] pci 0000:00:16.3: PME# supported from D0 D3hot D3cold
[    0.206073] pci 0000:00:16.3: PME# disabled
[    0.206363] pci 0000:00:16.4: [15ad:07a0] type 1 class 0x000604
[    0.207344] pci 0000:00:16.4: PME# supported from D0 D3hot D3cold
[    0.207373] pci 0000:00:16.4: PME# disabled
[    0.207695] pci 0000:00:16.5: [15ad:07a0] type 1 class 0x000604
[    0.208635] pci 0000:00:16.5: PME# supported from D0 D3hot D3cold
[    0.208664] pci 0000:00:16.5: PME# disabled
[    0.208965] pci 0000:00:16.6: [15ad:07a0] type 1 class 0x000604
[    0.209903] pci 0000:00:16.6: PME# supported from D0 D3hot D3cold
[    0.209932] pci 0000:00:16.6: PME# disabled
[    0.210223] pci 0000:00:16.7: [15ad:07a0] type 1 class 0x000604
[    0.211162] pci 0000:00:16.7: PME# supported from D0 D3hot D3cold
[    0.211190] pci 0000:00:16.7: PME# disabled
[    0.211480] pci 0000:00:17.0: [15ad:07a0] type 1 class 0x000604
[    0.212457] pci 0000:00:17.0: PME# supported from D0 D3hot D3cold
[    0.212486] pci 0000:00:17.0: PME# disabled
[    0.212779] pci 0000:00:17.1: [15ad:07a0] type 1 class 0x000604
[    0.213709] pci 0000:00:17.1: PME# supported from D0 D3hot D3cold
[    0.213741] pci 0000:00:17.1: PME# disabled
[    0.214031] pci 0000:00:17.2: [15ad:07a0] type 1 class 0x000604
[    0.214970] pci 0000:00:17.2: PME# supported from D0 D3hot D3cold
[    0.214999] pci 0000:00:17.2: PME# disabled
[    0.215287] pci 0000:00:17.3: [15ad:07a0] type 1 class 0x000604
[    0.216258] pci 0000:00:17.3: PME# supported from D0 D3hot D3cold
[    0.216288] pci 0000:00:17.3: PME# disabled
[    0.216577] pci 0000:00:17.4: [15ad:07a0] type 1 class 0x000604
[    0.217537] pci 0000:00:17.4: PME# supported from D0 D3hot D3cold
[    0.217566] pci 0000:00:17.4: PME# disabled
[    0.217877] pci 0000:00:17.5: [15ad:07a0] type 1 class 0x000604
[    0.218642] pci 0000:00:17.5: PME# supported from D0 D3hot D3cold
[    0.218665] pci 0000:00:17.5: PME# disabled
[    0.218907] pci 0000:00:17.6: [15ad:07a0] type 1 class 0x000604
[    0.219693] pci 0000:00:17.6: PME# supported from D0 D3hot D3cold
[    0.219717] pci 0000:00:17.6: PME# disabled
[    0.219966] pci 0000:00:17.7: [15ad:07a0] type 1 class 0x000604
[    0.220920] pci 0000:00:17.7: PME# supported from D0 D3hot D3cold
[    0.220950] pci 0000:00:17.7: PME# disabled
[    0.221212] pci 0000:00:18.0: [15ad:07a0] type 1 class 0x000604
[    0.222002] pci 0000:00:18.0: PME# supported from D0 D3hot D3cold
[    0.222027] pci 0000:00:18.0: PME# disabled
[    0.222266] pci 0000:00:18.1: [15ad:07a0] type 1 class 0x000604
[    0.223043] pci 0000:00:18.1: PME# supported from D0 D3hot D3cold
[    0.223066] pci 0000:00:18.1: PME# disabled
[    0.223306] pci 0000:00:18.2: [15ad:07a0] type 1 class 0x000604
[    0.224099] pci 0000:00:18.2: PME# supported from D0 D3hot D3cold
[    0.224124] pci 0000:00:18.2: PME# disabled
[    0.224364] pci 0000:00:18.3: [15ad:07a0] type 1 class 0x000604
[    0.225136] pci 0000:00:18.3: PME# supported from D0 D3hot D3cold
[    0.225160] pci 0000:00:18.3: PME# disabled
[    0.225401] pci 0000:00:18.4: [15ad:07a0] type 1 class 0x000604
[    0.226169] pci 0000:00:18.4: PME# supported from D0 D3hot D3cold
[    0.226193] pci 0000:00:18.4: PME# disabled
[    0.226442] pci 0000:00:18.5: [15ad:07a0] type 1 class 0x000604
[    0.227206] pci 0000:00:18.5: PME# supported from D0 D3hot D3cold
[    0.227230] pci 0000:00:18.5: PME# disabled
[    0.227469] pci 0000:00:18.6: [15ad:07a0] type 1 class 0x000604
[    0.228258] pci 0000:00:18.6: PME# supported from D0 D3hot D3cold
[    0.228282] pci 0000:00:18.6: PME# disabled
[    0.228521] pci 0000:00:18.7: [15ad:07a0] type 1 class 0x000604
[    0.229304] pci 0000:00:18.7: PME# supported from D0 D3hot D3cold
[    0.229328] pci 0000:00:18.7: PME# disabled
[    0.229943] pci 0000:00:01.0: PCI bridge to [bus 01-01]
[    0.230259] pci 0000:02:00.0: [15ad:0774] type 0 class 0x000c03
[    0.231604] pci 0000:02:00.0: reg 20: [io  0x20c0-0x20df]
[    0.232375] pci 0000:02:01.0: [1022:2000] type 0 class 0x000200
[    0.232664] pci 0000:02:01.0: reg 10: [io  0x2000-0x207f]
[    0.234283] pci 0000:02:01.0: reg 30: [mem 0x00000000-0x0000ffff pref]
[    0.234417] pci 0000:02:02.0: [1274:1371] type 0 class 0x000401
[    0.234752] pci 0000:02:02.0: reg 10: [io  0x2080-0x20bf]
[    0.236706] pci 0000:02:03.0: [15ad:0770] type 0 class 0x000c03
[    0.236987] pci 0000:02:03.0: reg 10: [mem 0xc9000000-0xc9000fff]
[    0.238724] pci 0000:00:11.0: PCI bridge to [bus 02-02] (subtractive decode)
[    0.238748] pci 0000:00:11.0:   bridge window [io  0x2000-0x3fff]
[    0.238772] pci 0000:00:11.0:   bridge window [mem 0xc9000000-0xca3fffff]
[    0.238815] pci 0000:00:11.0:   bridge window [mem 0xd8400000-0xd89fffff 64bit pref]
[    0.238818] pci 0000:00:11.0:   bridge window [mem 0x000a0000-0x000bffff] (subtractive decode)
[    0.238819] pci 0000:00:11.0:   bridge window [mem 0x000cc000-0x000cffff] (subtractive decode)
[    0.238821] pci 0000:00:11.0:   bridge window [mem 0x000d0000-0x000d3fff] (subtractive decode)
[    0.238823] pci 0000:00:11.0:   bridge window [mem 0x000d4000-0x000d7fff] (subtractive decode)
[    0.238824] pci 0000:00:11.0:   bridge window [mem 0x000d8000-0x000dbfff] (subtractive decode)
[    0.238826] pci 0000:00:11.0:   bridge window [mem 0xc0000000-0xfebfffff] (subtractive decode)
[    0.238827] pci 0000:00:11.0:   bridge window [io  0x0000-0x0cf7] (subtractive decode)
[    0.238829] pci 0000:00:11.0:   bridge window [io  0x0d00-0xfeff] (subtractive decode)
[    0.239306] pci 0000:00:15.0: PCI bridge to [bus 03-03]
[    0.239328] pci 0000:00:15.0:   bridge window [io  0x4000-0x4fff]
[    0.239351] pci 0000:00:15.0:   bridge window [mem 0xca400000-0xca4fffff]
[    0.239395] pci 0000:00:15.0:   bridge window [mem 0xd8a00000-0xd8afffff 64bit pref]
[    0.239885] pci 0000:00:15.1: PCI bridge to [bus 04-04]
[    0.239908] pci 0000:00:15.1:   bridge window [io  0x8000-0x8fff]
[    0.239931] pci 0000:00:15.1:   bridge window [mem 0xca800000-0xca8fffff]
[    0.239975] pci 0000:00:15.1:   bridge window [mem 0xd8e00000-0xd8efffff 64bit pref]
[    0.240438] pci 0000:00:15.2: PCI bridge to [bus 05-05]
[    0.240461] pci 0000:00:15.2:   bridge window [io  0xc000-0xcfff]
[    0.240484] pci 0000:00:15.2:   bridge window [mem 0xcac00000-0xcacfffff]
[    0.240527] pci 0000:00:15.2:   bridge window [mem 0xd9200000-0xd92fffff 64bit pref]
[    0.241006] pci 0000:00:15.3: PCI bridge to [bus 06-06]
[    0.241050] pci 0000:00:15.3:   bridge window [mem 0xcb000000-0xcb0fffff]
[    0.241094] pci 0000:00:15.3:   bridge window [mem 0xd9600000-0xd96fffff 64bit pref]
[    0.241558] pci 0000:00:15.4: PCI bridge to [bus 07-07]
[    0.241601] pci 0000:00:15.4:   bridge window [mem 0xcb400000-0xcb4fffff]
[    0.241645] pci 0000:00:15.4:   bridge window [mem 0xd9a00000-0xd9afffff 64bit pref]
[    0.242140] pci 0000:00:15.5: PCI bridge to [bus 08-08]
[    0.242184] pci 0000:00:15.5:   bridge window [mem 0xcb800000-0xcb8fffff]
[    0.242228] pci 0000:00:15.5:   bridge window [mem 0xd9e00000-0xd9efffff 64bit pref]
[    0.242694] pci 0000:00:15.6: PCI bridge to [bus 09-09]
[    0.242738] pci 0000:00:15.6:   bridge window [mem 0xcbc00000-0xcbcfffff]
[    0.242782] pci 0000:00:15.6:   bridge window [mem 0xda200000-0xda2fffff 64bit pref]
[    0.243244] pci 0000:00:15.7: PCI bridge to [bus 0a-0a]
[    0.243287] pci 0000:00:15.7:   bridge window [mem 0xcc000000-0xcc0fffff]
[    0.243330] pci 0000:00:15.7:   bridge window [mem 0xda600000-0xda6fffff 64bit pref]
[    0.243830] pci 0000:00:16.0: PCI bridge to [bus 0b-0b]
[    0.243853] pci 0000:00:16.0:   bridge window [io  0x5000-0x5fff]
[    0.243876] pci 0000:00:16.0:   bridge window [mem 0xca500000-0xca5fffff]
[    0.243920] pci 0000:00:16.0:   bridge window [mem 0xd8b00000-0xd8bfffff 64bit pref]
[    0.244383] pci 0000:00:16.1: PCI bridge to [bus 0c-0c]
[    0.244405] pci 0000:00:16.1:   bridge window [io  0x9000-0x9fff]
[    0.244428] pci 0000:00:16.1:   bridge window [mem 0xca900000-0xca9fffff]
[    0.244472] pci 0000:00:16.1:   bridge window [mem 0xd8f00000-0xd8ffffff 64bit pref]
[    0.244934] pci 0000:00:16.2: PCI bridge to [bus 0d-0d]
[    0.244957] pci 0000:00:16.2:   bridge window [io  0xd000-0xdfff]
[    0.244980] pci 0000:00:16.2:   bridge window [mem 0xcad00000-0xcadfffff]
[    0.245023] pci 0000:00:16.2:   bridge window [mem 0xd9300000-0xd93fffff 64bit pref]
[    0.245487] pci 0000:00:16.3: PCI bridge to [bus 0e-0e]
[    0.245531] pci 0000:00:16.3:   bridge window [mem 0xcb100000-0xcb1fffff]
[    0.245574] pci 0000:00:16.3:   bridge window [mem 0xd9700000-0xd97fffff 64bit pref]
[    0.246127] pci 0000:00:16.4: PCI bridge to [bus 0f-0f]
[    0.246180] pci 0000:00:16.4:   bridge window [mem 0xcb500000-0xcb5fffff]
[    0.246234] pci 0000:00:16.4:   bridge window [mem 0xd9b00000-0xd9bfffff 64bit pref]
[    0.246803] pci 0000:00:16.5: PCI bridge to [bus 10-10]
[    0.246856] pci 0000:00:16.5:   bridge window [mem 0xcb900000-0xcb9fffff]
[    0.246909] pci 0000:00:16.5:   bridge window [mem 0xd9f00000-0xd9ffffff 64bit pref]
[    0.247469] pci 0000:00:16.6: PCI bridge to [bus 11-11]
[    0.247521] pci 0000:00:16.6:   bridge window [mem 0xcbd00000-0xcbdfffff]
[    0.247576] pci 0000:00:16.6:   bridge window [mem 0xda300000-0xda3fffff 64bit pref]
[    0.248164] pci 0000:00:16.7: PCI bridge to [bus 12-12]
[    0.248216] pci 0000:00:16.7:   bridge window [mem 0xcc100000-0xcc1fffff]
[    0.248270] pci 0000:00:16.7:   bridge window [mem 0xda700000-0xda7fffff 64bit pref]
[    0.248844] pci 0000:00:17.0: PCI bridge to [bus 13-13]
[    0.248872] pci 0000:00:17.0:   bridge window [io  0x6000-0x6fff]
[    0.248901] pci 0000:00:17.0:   bridge window [mem 0xca600000-0xca6fffff]
[    0.248954] pci 0000:00:17.0:   bridge window [mem 0xd8c00000-0xd8cfffff 64bit pref]
[    0.249517] pci 0000:00:17.1: PCI bridge to [bus 14-14]
[    0.249545] pci 0000:00:17.1:   bridge window [io  0xa000-0xafff]
[    0.249574] pci 0000:00:17.1:   bridge window [mem 0xcaa00000-0xcaafffff]
[    0.249627] pci 0000:00:17.1:   bridge window [mem 0xd9000000-0xd90fffff 64bit pref]
[    0.250188] pci 0000:00:17.2: PCI bridge to [bus 15-15]
[    0.250216] pci 0000:00:17.2:   bridge window [io  0xe000-0xefff]
[    0.250244] pci 0000:00:17.2:   bridge window [mem 0xcae00000-0xcaefffff]
[    0.250297] pci 0000:00:17.2:   bridge window [mem 0xd9400000-0xd94fffff 64bit pref]
[    0.250877] pci 0000:00:17.3: PCI bridge to [bus 16-16]
[    0.250930] pci 0000:00:17.3:   bridge window [mem 0xcb200000-0xcb2fffff]
[    0.250984] pci 0000:00:17.3:   bridge window [mem 0xd9800000-0xd98fffff 64bit pref]
[    0.251546] pci 0000:00:17.4: PCI bridge to [bus 17-17]
[    0.251614] pci 0000:00:17.4:   bridge window [mem 0xcb600000-0xcb6fffff]
[    0.251668] pci 0000:00:17.4:   bridge window [mem 0xd9c00000-0xd9cfffff 64bit pref]
[    0.252231] pci 0000:00:17.5: PCI bridge to [bus 18-18]
[    0.252286] pci 0000:00:17.5:   bridge window [mem 0xcba00000-0xcbafffff]
[    0.252340] pci 0000:00:17.5:   bridge window [mem 0xda000000-0xda0fffff 64bit pref]
[    0.252914] pci 0000:00:17.6: PCI bridge to [bus 19-19]
[    0.252967] pci 0000:00:17.6:   bridge window [mem 0xcbe00000-0xcbefffff]
[    0.253021] pci 0000:00:17.6:   bridge window [mem 0xda400000-0xda4fffff 64bit pref]
[    0.253585] pci 0000:00:17.7: PCI bridge to [bus 1a-1a]
[    0.253639] pci 0000:00:17.7:   bridge window [mem 0xcc200000-0xcc2fffff]
[    0.253694] pci 0000:00:17.7:   bridge window [mem 0xda800000-0xda8fffff 64bit pref]
[    0.254256] pci 0000:00:18.0: PCI bridge to [bus 1b-1b]
[    0.254284] pci 0000:00:18.0:   bridge window [io  0x7000-0x7fff]
[    0.254312] pci 0000:00:18.0:   bridge window [mem 0xca700000-0xca7fffff]
[    0.254366] pci 0000:00:18.0:   bridge window [mem 0xd8d00000-0xd8dfffff 64bit pref]
[    0.254927] pci 0000:00:18.1: PCI bridge to [bus 1c-1c]
[    0.254954] pci 0000:00:18.1:   bridge window [io  0xb000-0xbfff]
[    0.254983] pci 0000:00:18.1:   bridge window [mem 0xcab00000-0xcabfffff]
[    0.255036] pci 0000:00:18.1:   bridge window [mem 0xd9100000-0xd91fffff 64bit pref]
[    0.255612] pci 0000:00:18.2: PCI bridge to [bus 1d-1d]
[    0.255639] pci 0000:00:18.2:   bridge window [io  0xf000-0xffff]
[    0.255678] pci 0000:00:18.2:   bridge window [mem 0xcaf00000-0xcaffffff]
[    0.255735] pci 0000:00:18.2:   bridge window [mem 0xd9500000-0xd95fffff 64bit pref]
[    0.256302] pci 0000:00:18.3: PCI bridge to [bus 1e-1e]
[    0.256355] pci 0000:00:18.3:   bridge window [mem 0xcb300000-0xcb3fffff]
[    0.256409] pci 0000:00:18.3:   bridge window [mem 0xd9900000-0xd99fffff 64bit pref]
[    0.256973] pci 0000:00:18.4: PCI bridge to [bus 1f-1f]
[    0.257026] pci 0000:00:18.4:   bridge window [mem 0xcb700000-0xcb7fffff]
[    0.257079] pci 0000:00:18.4:   bridge window [mem 0xd9d00000-0xd9dfffff 64bit pref]
[    0.257640] pci 0000:00:18.5: PCI bridge to [bus 20-20]
[    0.257703] pci 0000:00:18.5:   bridge window [mem 0xcbb00000-0xcbbfffff]
[    0.257757] pci 0000:00:18.5:   bridge window [mem 0xda100000-0xda1fffff 64bit pref]
[    0.258316] pci 0000:00:18.6: PCI bridge to [bus 21-21]
[    0.258369] pci 0000:00:18.6:   bridge window [mem 0xcbf00000-0xcbffffff]
[    0.258424] pci 0000:00:18.6:   bridge window [mem 0xda500000-0xda5fffff 64bit pref]
[    0.258997] pci 0000:00:18.7: PCI bridge to [bus 22-22]
[    0.259050] pci 0000:00:18.7:   bridge window [mem 0xcc300000-0xcc3fffff]
[    0.259103] pci 0000:00:18.7:   bridge window [mem 0xda900000-0xda9fffff 64bit pref]
[    0.261151] pci_bus 0000:00: on NUMA node 0
[    0.261157] ACPI: PCI Interrupt Routing Table [\_SB_.PCI0._PRT]
[    0.261782]  pci0000:00: Requesting ACPI _OSC control (0x1d)
[    0.261986]  pci0000:00: ACPI _OSC control (0x15) granted
[    0.343070] ACPI: PCI Interrupt Link [LNKA] (IRQs 3 4 5 6 7 *9 10 11 14 15)
[    0.343143] ACPI: PCI Interrupt Link [LNKB] (IRQs 3 4 5 6 7 9 10 *11 14 15)
[    0.343210] ACPI: PCI Interrupt Link [LNKC] (IRQs 3 4 5 6 7 9 *10 11 14 15)
[    0.343277] ACPI: PCI Interrupt Link [LNKD] (IRQs 3 4 *5 6 7 9 10 11 14 15)
[    0.343413] vgaarb: device added: PCI:0000:00:0f.0,decodes=io+mem,owns=io+mem,locks=none
[    0.343422] vgaarb: loaded
[    0.343423] vgaarb: bridge control possible 0000:00:0f.0
[    0.343502] i2c-core: driver [aat2870] using legacy suspend method
[    0.343503] i2c-core: driver [aat2870] using legacy resume method
[    0.343596] SCSI subsystem initialized
[    0.343635] libata version 3.00 loaded.
[    0.343664] usbcore: registered new interface driver usbfs
[    0.343673] usbcore: registered new interface driver hub
[    0.343695] usbcore: registered new device driver usb
[    0.343758] PCI: Using ACPI for IRQ routing
[    0.438778] PCI: pci_cache_line_size set to 64 bytes
[    0.438804] pci 0000:00:18.2: no compatible bridge window for [io  0xf000-0xffff]
[    0.440006] reserve RAM buffer: 000000000009f000 - 000000000009ffff 
[    0.440009] reserve RAM buffer: 000000003fee0000 - 000000003fffffff 
[    0.440133] NetLabel: Initializing
[    0.440134] NetLabel:  domain hash size = 128
[    0.440135] NetLabel:  protocols = UNLABELED CIPSOv4
[    0.440142] NetLabel:  unlabeled traffic allowed by default
[    0.440210] hpet0: at MMIO 0xfed00000, IRQs 2, 8, 0, 0, 0, 0, 0, 0, 0, 0, 0, 0, 0, 0, 0, 0
[    0.440216] hpet0: 16 comparators, 64-bit 14.318180 MHz counter
[    0.442245] Switching to clocksource hpet
[    0.450052] AppArmor: AppArmor Filesystem Enabled
[    0.450073] pnp: PnP ACPI init
[    0.450092] ACPI: bus type pnp registered
[    0.450897] pnp 00:00: [bus 00-ff]
[    0.450899] pnp 00:00: [mem 0x000a0000-0x000bffff window]
[    0.450901] pnp 00:00: [mem 0x000c0000-0x000c3fff window]
[    0.450902] pnp 00:00: [mem 0x000c4000-0x000c7fff window]
[    0.450904] pnp 00:00: [mem 0x000c8000-0x000cbfff window]
[    0.450905] pnp 00:00: [mem 0x000cc000-0x000cffff window]
[    0.450907] pnp 00:00: [mem 0x000d0000-0x000d3fff window]
[    0.450908] pnp 00:00: [mem 0x000d4000-0x000d7fff window]
[    0.450909] pnp 00:00: [mem 0x000d8000-0x000dbfff window]
[    0.450911] pnp 00:00: [mem 0x000dc000-0x000dffff window]
[    0.450912] pnp 00:00: [mem 0x000e0000-0x000e3fff window]
[    0.450914] pnp 00:00: [mem 0x000e4000-0x000e7fff window]
[    0.450915] pnp 00:00: [mem 0x000e8000-0x000ebfff window]
[    0.450916] pnp 00:00: [mem 0x000ec000-0x000effff window]
[    0.450918] pnp 00:00: [mem 0xc0000000-0xfebfffff window]
[    0.450920] pnp 00:00: [io  0x0cf8-0x0cff]
[    0.450921] pnp 00:00: [io  0x0000-0x0cf7 window]
[    0.450922] pnp 00:00: [io  0x0d00-0xfeff window]
[    0.450967] pnp 00:00: Plug and Play ACPI device, IDs PNP0a03 PNP0a08 (active)
[    0.451052] pnp 00:01: [io  0x0010-0x001f]
[    0.451054] pnp 00:01: [io  0x0024-0x0025]
[    0.451056] pnp 00:01: [io  0x0028-0x0029]
[    0.451058] pnp 00:01: [io  0x002c-0x002d]
[    0.451060] pnp 00:01: [io  0x002e-0x002f]
[    0.451062] pnp 00:01: [io  0x0030-0x0031]
[    0.451064] pnp 00:01: [io  0x0034-0x0035]
[    0.451066] pnp 00:01: [io  0x0038-0x0039]
[    0.451067] pnp 00:01: [io  0x003c-0x003d]
[    0.451068] pnp 00:01: [io  0x0050-0x0053]
[    0.451069] pnp 00:01: [io  0x0072-0x0077]
[    0.451070] pnp 00:01: [io  0x0080]
[    0.451071] pnp 00:01: [io  0x0090-0x009f]
[    0.451073] pnp 00:01: [io  0x00a4-0x00a5]
[    0.451074] pnp 00:01: [io  0x00a8-0x00a9]
[    0.451075] pnp 00:01: [io  0x00ac-0x00ad]
[    0.451076] pnp 00:01: [io  0x00b0-0x00b5]
[    0.451077] pnp 00:01: [io  0x00b8-0x00b9]
[    0.451078] pnp 00:01: [io  0x00bc-0x00bd]
[    0.451080] pnp 00:01: [io  0x1000-0x103f]
[    0.451081] pnp 00:01: [io  0x1040-0x104f]
[    0.451082] pnp 00:01: [io  0x0cf0-0x0cf1]
[    0.451143] system 00:01: [io  0x1000-0x103f] has been reserved
[    0.451147] system 00:01: [io  0x1040-0x104f] has been reserved
[    0.451149] system 00:01: [io  0x0cf0-0x0cf1] has been reserved
[    0.451151] system 00:01: Plug and Play ACPI device, IDs PNP0c02 (active)
[    0.451161] pnp 00:02: [io  0x0000-0x000f]
[    0.451163] pnp 00:02: [io  0x0081-0x008f]
[    0.451165] pnp 00:02: [io  0x00c0-0x00df]
[    0.451168] pnp 00:02: [dma 4]
[    0.451189] pnp 00:02: Plug and Play ACPI device, IDs PNP0200 (active)
[    0.451199] pnp 00:03: [io  0x0020-0x0021]
[    0.451201] pnp 00:03: [io  0x00a0-0x00a1]
[    0.451202] pnp 00:03: [io  0x04d0-0x04d1]
[    0.451203] pnp 00:03: [irq 2 disabled]
[    0.451225] pnp 00:03: Plug and Play ACPI device, IDs PNP0001 (active)
[    0.451236] pnp 00:04: [io  0x0070-0x0071]
[    0.451240] pnp 00:04: [irq 8]
[    0.451255] pnp 00:04: Plug and Play ACPI device, IDs PNP0b00 (active)
[    0.451263] pnp 00:05: [io  0x0061]
[    0.451284] pnp 00:05: Plug and Play ACPI device, IDs PNP0800 (active)
[    0.451290] pnp 00:06: [io  0x0060]
[    0.451291] pnp 00:06: [io  0x0064]
[    0.451293] pnp 00:06: [irq 1]
[    0.451309] pnp 00:06: Plug and Play ACPI device, IDs PNP0303 (active)
[    0.451315] pnp 00:07: [irq 12]
[    0.451328] pnp 00:07: Plug and Play ACPI device, IDs PNP0f13 (active)
[    0.451524] pnp 00:08: [mem 0xfed00000-0xfed003ff]
[    0.451558] system 00:08: [mem 0xfed00000-0xfed003ff] has been reserved
[    0.451561] system 00:08: Plug and Play ACPI device, IDs PNP0103 PNP0c01 (active)
[    0.463904] pnp 00:09: [io  0x0378-0x037f]
[    0.463910] pnp 00:09: [irq 7]
[    0.465333] pnp 00:09: Plug and Play ACPI device, IDs PNP0400 (active)
[    0.471026] pnp 00:0a: [io  0x03f8-0x03ff]
[    0.471029] pnp 00:0a: [irq 4]
[    0.472695] pnp 00:0a: Plug and Play ACPI device, IDs PNP0501 (active)
[    0.477659] pnp 00:0b: [io  0x02f8-0x02ff]
[    0.477662] pnp 00:0b: [irq 3]
[    0.479268] pnp 00:0b: Plug and Play ACPI device, IDs PNP0501 (active)
[    0.485849] pnp 00:0c: [io  0x03f0-0x03f5]
[    0.485852] pnp 00:0c: [io  0x03f7]
[    0.485855] pnp 00:0c: [irq 6]
[    0.485857] pnp 00:0c: [dma 2]
[    0.487081] pnp 00:0c: Plug and Play ACPI device, IDs PNP0700 (active)
[    0.487336] pnp 00:0d: [mem 0xe0000000-0xefffffff]
[    0.487351] pnp 00:0d: [io  0x1060-0x107f]
[    0.487353] pnp 00:0d: [mem 0xc8200000-0xc83fffff]
[    0.487420] system 00:0d: [io  0x1060-0x107f] has been reserved
[    0.487424] system 00:0d: [mem 0xe0000000-0xefffffff] has been reserved
[    0.487427] system 00:0d: [mem 0xc8200000-0xc83fffff] has been reserved
[    0.487430] system 00:0d: Plug and Play ACPI device, IDs PNP0c02 (active)
[    0.494014] pnp: PnP ACPI: found 14 devices
[    0.494018] ACPI: ACPI bus type pnp unregistered
[    0.494022] PnPBIOS: Disabled by ACPI PNP
[    0.530276] PCI: max bus depth: 1 pci_try_num: 2
[    0.530328] pci 0000:00:0f.0: BAR 6: assigned [mem 0xc0000000-0xc0007fff pref]
[    0.530334] pci 0000:00:10.0: BAR 6: assigned [mem 0xc0008000-0xc000bfff pref]
[    0.530341] pci 0000:00:18.7: BAR 13: can't assign io (size 0x1000)
[    0.530346] pci 0000:00:18.6: BAR 13: can't assign io (size 0x1000)
[    0.530351] pci 0000:00:18.5: BAR 13: can't assign io (size 0x1000)
[    0.530356] pci 0000:00:18.4: BAR 13: can't assign io (size 0x1000)
[    0.530361] pci 0000:00:18.3: BAR 13: can't assign io (size 0x1000)
[    0.530365] pci 0000:00:18.2: BAR 13: can't assign io (size 0x1000)
[    0.530370] pci 0000:00:17.7: BAR 13: can't assign io (size 0x1000)
[    0.530375] pci 0000:00:17.6: BAR 13: can't assign io (size 0x1000)
[    0.530380] pci 0000:00:17.5: BAR 13: can't assign io (size 0x1000)
[    0.530384] pci 0000:00:17.4: BAR 13: can't assign io (size 0x1000)
[    0.530389] pci 0000:00:17.3: BAR 13: can't assign io (size 0x1000)
[    0.530394] pci 0000:00:16.7: BAR 13: can't assign io (size 0x1000)
[    0.530399] pci 0000:00:16.6: BAR 13: can't assign io (size 0x1000)
[    0.530404] pci 0000:00:16.5: BAR 13: can't assign io (size 0x1000)
[    0.530409] pci 0000:00:16.4: BAR 13: can't assign io (size 0x1000)
[    0.530414] pci 0000:00:16.3: BAR 13: can't assign io (size 0x1000)
[    0.530419] pci 0000:00:15.7: BAR 13: can't assign io (size 0x1000)
[    0.530423] pci 0000:00:15.6: BAR 13: can't assign io (size 0x1000)
[    0.530428] pci 0000:00:15.5: BAR 13: can't assign io (size 0x1000)
[    0.530433] pci 0000:00:15.4: BAR 13: can't assign io (size 0x1000)
[    0.530438] pci 0000:00:15.3: BAR 13: can't assign io (size 0x1000)
[    0.530442] pci 0000:00:01.0: PCI bridge to [bus 01-01]
[    0.530494] pci 0000:02:01.0: BAR 6: assigned [mem 0xd8400000-0xd840ffff pref]
[    0.530498] pci 0000:00:11.0: PCI bridge to [bus 02-02]
[    0.530515] pci 0000:00:11.0:   bridge window [io  0x2000-0x3fff]
[    0.530557] pci 0000:00:11.0:   bridge window [mem 0xc9000000-0xca3fffff]
[    0.530587] pci 0000:00:11.0:   bridge window [mem 0xd8400000-0xd89fffff 64bit pref]
[    0.530639] pci 0000:00:15.0: PCI bridge to [bus 03-03]
[    0.530656] pci 0000:00:15.0:   bridge window [io  0x4000-0x4fff]
[    0.530697] pci 0000:00:15.0:   bridge window [mem 0xca400000-0xca4fffff]
[    0.530726] pci 0000:00:15.0:   bridge window [mem 0xd8a00000-0xd8afffff 64bit pref]
[    0.530778] pci 0000:00:15.1: PCI bridge to [bus 04-04]
[    0.530795] pci 0000:00:15.1:   bridge window [io  0x8000-0x8fff]
[    0.530837] pci 0000:00:15.1:   bridge window [mem 0xca800000-0xca8fffff]
[    0.530868] pci 0000:00:15.1:   bridge window [mem 0xd8e00000-0xd8efffff 64bit pref]
[    0.530920] pci 0000:00:15.2: PCI bridge to [bus 05-05]
[    0.530937] pci 0000:00:15.2:   bridge window [io  0xc000-0xcfff]
[    0.530979] pci 0000:00:15.2:   bridge window [mem 0xcac00000-0xcacfffff]
[    0.531007] pci 0000:00:15.2:   bridge window [mem 0xd9200000-0xd92fffff 64bit pref]
[    0.531059] pci 0000:00:15.3: PCI bridge to [bus 06-06]
[    0.531101] pci 0000:00:15.3:   bridge window [mem 0xcb000000-0xcb0fffff]
[    0.531130] pci 0000:00:15.3:   bridge window [mem 0xd9600000-0xd96fffff 64bit pref]
[    0.531182] pci 0000:00:15.4: PCI bridge to [bus 07-07]
[    0.531224] pci 0000:00:15.4:   bridge window [mem 0xcb400000-0xcb4fffff]
[    0.531253] pci 0000:00:15.4:   bridge window [mem 0xd9a00000-0xd9afffff 64bit pref]
[    0.531305] pci 0000:00:15.5: PCI bridge to [bus 08-08]
[    0.531347] pci 0000:00:15.5:   bridge window [mem 0xcb800000-0xcb8fffff]
[    0.531377] pci 0000:00:15.5:   bridge window [mem 0xd9e00000-0xd9efffff 64bit pref]
[    0.531429] pci 0000:00:15.6: PCI bridge to [bus 09-09]
[    0.531470] pci 0000:00:15.6:   bridge window [mem 0xcbc00000-0xcbcfffff]
[    0.531499] pci 0000:00:15.6:   bridge window [mem 0xda200000-0xda2fffff 64bit pref]
[    0.531551] pci 0000:00:15.7: PCI bridge to [bus 0a-0a]
[    0.531593] pci 0000:00:15.7:   bridge window [mem 0xcc000000-0xcc0fffff]
[    0.531622] pci 0000:00:15.7:   bridge window [mem 0xda600000-0xda6fffff 64bit pref]
[    0.531674] pci 0000:00:16.0: PCI bridge to [bus 0b-0b]
[    0.531690] pci 0000:00:16.0:   bridge window [io  0x5000-0x5fff]
[    0.531732] pci 0000:00:16.0:   bridge window [mem 0xca500000-0xca5fffff]
[    0.531761] pci 0000:00:16.0:   bridge window [mem 0xd8b00000-0xd8bfffff 64bit pref]
[    0.531813] pci 0000:00:16.1: PCI bridge to [bus 0c-0c]
[    0.531830] pci 0000:00:16.1:   bridge window [io  0x9000-0x9fff]
[    0.531871] pci 0000:00:16.1:   bridge window [mem 0xca900000-0xca9fffff]
[    0.531900] pci 0000:00:16.1:   bridge window [mem 0xd8f00000-0xd8ffffff 64bit pref]
[    0.531952] pci 0000:00:16.2: PCI bridge to [bus 0d-0d]
[    0.531970] pci 0000:00:16.2:   bridge window [io  0xd000-0xdfff]
[    0.532011] pci 0000:00:16.2:   bridge window [mem 0xcad00000-0xcadfffff]
[    0.532040] pci 0000:00:16.2:   bridge window [mem 0xd9300000-0xd93fffff 64bit pref]
[    0.532092] pci 0000:00:16.3: PCI bridge to [bus 0e-0e]
[    0.532134] pci 0000:00:16.3:   bridge window [mem 0xcb100000-0xcb1fffff]
[    0.532164] pci 0000:00:16.3:   bridge window [mem 0xd9700000-0xd97fffff 64bit pref]
[    0.532216] pci 0000:00:16.4: PCI bridge to [bus 0f-0f]
[    0.532266] pci 0000:00:16.4:   bridge window [mem 0xcb500000-0xcb5fffff]
[    0.532295] pci 0000:00:16.4:   bridge window [mem 0xd9b00000-0xd9bfffff 64bit pref]
[    0.532347] pci 0000:00:16.5: PCI bridge to [bus 10-10]
[    0.532389] pci 0000:00:16.5:   bridge window [mem 0xcb900000-0xcb9fffff]
[    0.532418] pci 0000:00:16.5:   bridge window [mem 0xd9f00000-0xd9ffffff 64bit pref]
[    0.532470] pci 0000:00:16.6: PCI bridge to [bus 11-11]
[    0.532511] pci 0000:00:16.6:   bridge window [mem 0xcbd00000-0xcbdfffff]
[    0.532540] pci 0000:00:16.6:   bridge window [mem 0xda300000-0xda3fffff 64bit pref]
[    0.532592] pci 0000:00:16.7: PCI bridge to [bus 12-12]
[    0.532634] pci 0000:00:16.7:   bridge window [mem 0xcc100000-0xcc1fffff]
[    0.532664] pci 0000:00:16.7:   bridge window [mem 0xda700000-0xda7fffff 64bit pref]
[    0.532716] pci 0000:00:17.0: PCI bridge to [bus 13-13]
[    0.532732] pci 0000:00:17.0:   bridge window [io  0x6000-0x6fff]
[    0.532774] pci 0000:00:17.0:   bridge window [mem 0xca600000-0xca6fffff]
[    0.532803] pci 0000:00:17.0:   bridge window [mem 0xd8c00000-0xd8cfffff 64bit pref]
[    0.532855] pci 0000:00:17.1: PCI bridge to [bus 14-14]
[    0.532872] pci 0000:00:17.1:   bridge window [io  0xa000-0xafff]
[    0.532913] pci 0000:00:17.1:   bridge window [mem 0xcaa00000-0xcaafffff]
[    0.532942] pci 0000:00:17.1:   bridge window [mem 0xd9000000-0xd90fffff 64bit pref]
[    0.532994] pci 0000:00:17.2: PCI bridge to [bus 15-15]
[    0.533012] pci 0000:00:17.2:   bridge window [io  0xe000-0xefff]
[    0.533053] pci 0000:00:17.2:   bridge window [mem 0xcae00000-0xcaefffff]
[    0.533082] pci 0000:00:17.2:   bridge window [mem 0xd9400000-0xd94fffff 64bit pref]
[    0.533134] pci 0000:00:17.3: PCI bridge to [bus 16-16]
[    0.533176] pci 0000:00:17.3:   bridge window [mem 0xcb200000-0xcb2fffff]
[    0.533213] pci 0000:00:17.3:   bridge window [mem 0xd9800000-0xd98fffff 64bit pref]
[    0.533265] pci 0000:00:17.4: PCI bridge to [bus 17-17]
[    0.533307] pci 0000:00:17.4:   bridge window [mem 0xcb600000-0xcb6fffff]
[    0.533336] pci 0000:00:17.4:   bridge window [mem 0xd9c00000-0xd9cfffff 64bit pref]
[    0.533388] pci 0000:00:17.5: PCI bridge to [bus 18-18]
[    0.533430] pci 0000:00:17.5:   bridge window [mem 0xcba00000-0xcbafffff]
[    0.533459] pci 0000:00:17.5:   bridge window [mem 0xda000000-0xda0fffff 64bit pref]
[    0.533511] pci 0000:00:17.6: PCI bridge to [bus 19-19]
[    0.533553] pci 0000:00:17.6:   bridge window [mem 0xcbe00000-0xcbefffff]
[    0.533582] pci 0000:00:17.6:   bridge window [mem 0xda400000-0xda4fffff 64bit pref]
[    0.533634] pci 0000:00:17.7: PCI bridge to [bus 1a-1a]
[    0.533676] pci 0000:00:17.7:   bridge window [mem 0xcc200000-0xcc2fffff]
[    0.533705] pci 0000:00:17.7:   bridge window [mem 0xda800000-0xda8fffff 64bit pref]
[    0.533758] pci 0000:00:18.0: PCI bridge to [bus 1b-1b]
[    0.533774] pci 0000:00:18.0:   bridge window [io  0x7000-0x7fff]
[    0.533816] pci 0000:00:18.0:   bridge window [mem 0xca700000-0xca7fffff]
[    0.533846] pci 0000:00:18.0:   bridge window [mem 0xd8d00000-0xd8dfffff 64bit pref]
[    0.533898] pci 0000:00:18.1: PCI bridge to [bus 1c-1c]
[    0.533914] pci 0000:00:18.1:   bridge window [io  0xb000-0xbfff]
[    0.533956] pci 0000:00:18.1:   bridge window [mem 0xcab00000-0xcabfffff]
[    0.533985] pci 0000:00:18.1:   bridge window [mem 0xd9100000-0xd91fffff 64bit pref]
[    0.534037] pci 0000:00:18.2: PCI bridge to [bus 1d-1d]
[    0.534079] pci 0000:00:18.2:   bridge window [mem 0xcaf00000-0xcaffffff]
[    0.534135] pci 0000:00:18.2:   bridge window [mem 0xd9500000-0xd95fffff 64bit pref]
[    0.534187] pci 0000:00:18.3: PCI bridge to [bus 1e-1e]
[    0.534230] pci 0000:00:18.3:   bridge window [mem 0xcb300000-0xcb3fffff]
[    0.534259] pci 0000:00:18.3:   bridge window [mem 0xd9900000-0xd99fffff 64bit pref]
[    0.534311] pci 0000:00:18.4: PCI bridge to [bus 1f-1f]
[    0.534353] pci 0000:00:18.4:   bridge window [mem 0xcb700000-0xcb7fffff]
[    0.534382] pci 0000:00:18.4:   bridge window [mem 0xd9d00000-0xd9dfffff 64bit pref]
[    0.534434] pci 0000:00:18.5: PCI bridge to [bus 20-20]
[    0.534476] pci 0000:00:18.5:   bridge window [mem 0xcbb00000-0xcbbfffff]
[    0.534506] pci 0000:00:18.5:   bridge window [mem 0xda100000-0xda1fffff 64bit pref]
[    0.534558] pci 0000:00:18.6: PCI bridge to [bus 21-21]
[    0.534599] pci 0000:00:18.6:   bridge window [mem 0xcbf00000-0xcbffffff]
[    0.534628] pci 0000:00:18.6:   bridge window [mem 0xda500000-0xda5fffff 64bit pref]
[    0.534680] pci 0000:00:18.7: PCI bridge to [bus 22-22]
[    0.534723] pci 0000:00:18.7:   bridge window [mem 0xcc300000-0xcc3fffff]
[    0.534752] pci 0000:00:18.7:   bridge window [mem 0xda900000-0xda9fffff 64bit pref]
[    0.534804] pci 0000:00:01.0: setting latency timer to 64
[    0.534856] pci 0000:00:15.0: setting latency timer to 64
[    0.534908] pci 0000:00:15.1: setting latency timer to 64
[    0.534960] pci 0000:00:15.2: setting latency timer to 64
[    0.535012] pci 0000:00:15.3: setting latency timer to 64
[    0.535064] pci 0000:00:15.4: setting latency timer to 64
[    0.535116] pci 0000:00:15.5: setting latency timer to 64
[    0.535168] pci 0000:00:15.6: setting latency timer to 64
[    0.535220] pci 0000:00:15.7: setting latency timer to 64
[    0.535272] pci 0000:00:16.0: setting latency timer to 64
[    0.535324] pci 0000:00:16.1: setting latency timer to 64
[    0.535376] pci 0000:00:16.2: setting latency timer to 64
[    0.535428] pci 0000:00:16.3: setting latency timer to 64
[    0.535480] pci 0000:00:16.4: setting latency timer to 64
[    0.535532] pci 0000:00:16.5: setting latency timer to 64
[    0.535584] pci 0000:00:16.6: setting latency timer to 64
[    0.535636] pci 0000:00:16.7: setting latency timer to 64
[    0.535688] pci 0000:00:17.0: setting latency timer to 64
[    0.535740] pci 0000:00:17.1: setting latency timer to 64
[    0.535792] pci 0000:00:17.2: setting latency timer to 64
[    0.535844] pci 0000:00:17.3: setting latency timer to 64
[    0.535896] pci 0000:00:17.4: setting latency timer to 64
[    0.535948] pci 0000:00:17.5: setting latency timer to 64
[    0.536000] pci 0000:00:17.6: setting latency timer to 64
[    0.536052] pci 0000:00:17.7: setting latency timer to 64
[    0.536104] pci 0000:00:18.0: setting latency timer to 64
[    0.536156] pci 0000:00:18.1: setting latency timer to 64
[    0.536208] pci 0000:00:18.2: setting latency timer to 64
[    0.536260] pci 0000:00:18.3: setting latency timer to 64
[    0.536312] pci 0000:00:18.4: setting latency timer to 64
[    0.536364] pci 0000:00:18.5: setting latency timer to 64
[    0.536416] pci 0000:00:18.6: setting latency timer to 64
[    0.536468] pci 0000:00:18.7: setting latency timer to 64
[    0.536485] pci_bus 0000:00: resource 4 [mem 0x000a0000-0x000bffff]
[    0.536488] pci_bus 0000:00: resource 5 [mem 0x000cc000-0x000cffff]
[    0.536491] pci_bus 0000:00: resource 6 [mem 0x000d0000-0x000d3fff]
[    0.536494] pci_bus 0000:00: resource 7 [mem 0x000d4000-0x000d7fff]
[    0.536497] pci_bus 0000:00: resource 8 [mem 0x000d8000-0x000dbfff]
[    0.536500] pci_bus 0000:00: resource 9 [mem 0xc0000000-0xfebfffff]
[    0.536503] pci_bus 0000:00: resource 10 [io  0x0000-0x0cf7]
[    0.536506] pci_bus 0000:00: resource 11 [io  0x0d00-0xfeff]
[    0.536509] pci_bus 0000:02: resource 0 [io  0x2000-0x3fff]
[    0.536512] pci_bus 0000:02: resource 1 [mem 0xc9000000-0xca3fffff]
[    0.536515] pci_bus 0000:02: resource 2 [mem 0xd8400000-0xd89fffff 64bit pref]
[    0.536518] pci_bus 0000:02: resource 4 [mem 0x000a0000-0x000bffff]
[    0.536521] pci_bus 0000:02: resource 5 [mem 0x000cc000-0x000cffff]
[    0.536524] pci_bus 0000:02: resource 6 [mem 0x000d0000-0x000d3fff]
[    0.536527] pci_bus 0000:02: resource 7 [mem 0x000d4000-0x000d7fff]
[    0.536529] pci_bus 0000:02: resource 8 [mem 0x000d8000-0x000dbfff]
[    0.536532] pci_bus 0000:02: resource 9 [mem 0xc0000000-0xfebfffff]
[    0.536535] pci_bus 0000:02: resource 10 [io  0x0000-0x0cf7]
[    0.536538] pci_bus 0000:02: resource 11 [io  0x0d00-0xfeff]
[    0.536541] pci_bus 0000:03: resource 0 [io  0x4000-0x4fff]
[    0.536544] pci_bus 0000:03: resource 1 [mem 0xca400000-0xca4fffff]
[    0.536547] pci_bus 0000:03: resource 2 [mem 0xd8a00000-0xd8afffff 64bit pref]
[    0.536550] pci_bus 0000:04: resource 0 [io  0x8000-0x8fff]
[    0.536553] pci_bus 0000:04: resource 1 [mem 0xca800000-0xca8fffff]
[    0.536556] pci_bus 0000:04: resource 2 [mem 0xd8e00000-0xd8efffff 64bit pref]
[    0.536559] pci_bus 0000:05: resource 0 [io  0xc000-0xcfff]
[    0.536562] pci_bus 0000:05: resource 1 [mem 0xcac00000-0xcacfffff]
[    0.536565] pci_bus 0000:05: resource 2 [mem 0xd9200000-0xd92fffff 64bit pref]
[    0.536568] pci_bus 0000:06: resource 1 [mem 0xcb000000-0xcb0fffff]
[    0.536571] pci_bus 0000:06: resource 2 [mem 0xd9600000-0xd96fffff 64bit pref]
[    0.536574] pci_bus 0000:07: resource 1 [mem 0xcb400000-0xcb4fffff]
[    0.536577] pci_bus 0000:07: resource 2 [mem 0xd9a00000-0xd9afffff 64bit pref]
[    0.536580] pci_bus 0000:08: resource 1 [mem 0xcb800000-0xcb8fffff]
[    0.536583] pci_bus 0000:08: resource 2 [mem 0xd9e00000-0xd9efffff 64bit pref]
[    0.536586] pci_bus 0000:09: resource 1 [mem 0xcbc00000-0xcbcfffff]
[    0.536589] pci_bus 0000:09: resource 2 [mem 0xda200000-0xda2fffff 64bit pref]
[    0.536592] pci_bus 0000:0a: resource 1 [mem 0xcc000000-0xcc0fffff]
[    0.536595] pci_bus 0000:0a: resource 2 [mem 0xda600000-0xda6fffff 64bit pref]
[    0.536598] pci_bus 0000:0b: resource 0 [io  0x5000-0x5fff]
[    0.536601] pci_bus 0000:0b: resource 1 [mem 0xca500000-0xca5fffff]
[    0.536604] pci_bus 0000:0b: resource 2 [mem 0xd8b00000-0xd8bfffff 64bit pref]
[    0.536607] pci_bus 0000:0c: resource 0 [io  0x9000-0x9fff]
[    0.536610] pci_bus 0000:0c: resource 1 [mem 0xca900000-0xca9fffff]
[    0.536613] pci_bus 0000:0c: resource 2 [mem 0xd8f00000-0xd8ffffff 64bit pref]
[    0.536616] pci_bus 0000:0d: resource 0 [io  0xd000-0xdfff]
[    0.536619] pci_bus 0000:0d: resource 1 [mem 0xcad00000-0xcadfffff]
[    0.536622] pci_bus 0000:0d: resource 2 [mem 0xd9300000-0xd93fffff 64bit pref]
[    0.536625] pci_bus 0000:0e: resource 1 [mem 0xcb100000-0xcb1fffff]
[    0.536628] pci_bus 0000:0e: resource 2 [mem 0xd9700000-0xd97fffff 64bit pref]
[    0.536631] pci_bus 0000:0f: resource 1 [mem 0xcb500000-0xcb5fffff]
[    0.536634] pci_bus 0000:0f: resource 2 [mem 0xd9b00000-0xd9bfffff 64bit pref]
[    0.536637] pci_bus 0000:10: resource 1 [mem 0xcb900000-0xcb9fffff]
[    0.536640] pci_bus 0000:10: resource 2 [mem 0xd9f00000-0xd9ffffff 64bit pref]
[    0.536643] pci_bus 0000:11: resource 1 [mem 0xcbd00000-0xcbdfffff]
[    0.536646] pci_bus 0000:11: resource 2 [mem 0xda300000-0xda3fffff 64bit pref]
[    0.536649] pci_bus 0000:12: resource 1 [mem 0xcc100000-0xcc1fffff]
[    0.536652] pci_bus 0000:12: resource 2 [mem 0xda700000-0xda7fffff 64bit pref]
[    0.536655] pci_bus 0000:13: resource 0 [io  0x6000-0x6fff]
[    0.536658] pci_bus 0000:13: resource 1 [mem 0xca600000-0xca6fffff]
[    0.536661] pci_bus 0000:13: resource 2 [mem 0xd8c00000-0xd8cfffff 64bit pref]
[    0.536664] pci_bus 0000:14: resource 0 [io  0xa000-0xafff]
[    0.536667] pci_bus 0000:14: resource 1 [mem 0xcaa00000-0xcaafffff]
[    0.536670] pci_bus 0000:14: resource 2 [mem 0xd9000000-0xd90fffff 64bit pref]
[    0.536673] pci_bus 0000:15: resource 0 [io  0xe000-0xefff]
[    0.536676] pci_bus 0000:15: resource 1 [mem 0xcae00000-0xcaefffff]
[    0.536679] pci_bus 0000:15: resource 2 [mem 0xd9400000-0xd94fffff 64bit pref]
[    0.536682] pci_bus 0000:16: resource 1 [mem 0xcb200000-0xcb2fffff]
[    0.536685] pci_bus 0000:16: resource 2 [mem 0xd9800000-0xd98fffff 64bit pref]
[    0.536688] pci_bus 0000:17: resource 1 [mem 0xcb600000-0xcb6fffff]
[    0.536691] pci_bus 0000:17: resource 2 [mem 0xd9c00000-0xd9cfffff 64bit pref]
[    0.536694] pci_bus 0000:18: resource 1 [mem 0xcba00000-0xcbafffff]
[    0.536697] pci_bus 0000:18: resource 2 [mem 0xda000000-0xda0fffff 64bit pref]
[    0.536700] pci_bus 0000:19: resource 1 [mem 0xcbe00000-0xcbefffff]
[    0.536703] pci_bus 0000:19: resource 2 [mem 0xda400000-0xda4fffff 64bit pref]
[    0.536706] pci_bus 0000:1a: resource 1 [mem 0xcc200000-0xcc2fffff]
[    0.536709] pci_bus 0000:1a: resource 2 [mem 0xda800000-0xda8fffff 64bit pref]
[    0.536712] pci_bus 0000:1b: resource 0 [io  0x7000-0x7fff]
[    0.536715] pci_bus 0000:1b: resource 1 [mem 0xca700000-0xca7fffff]
[    0.536718] pci_bus 0000:1b: resource 2 [mem 0xd8d00000-0xd8dfffff 64bit pref]
[    0.536721] pci_bus 0000:1c: resource 0 [io  0xb000-0xbfff]
[    0.536724] pci_bus 0000:1c: resource 1 [mem 0xcab00000-0xcabfffff]
[    0.536727] pci_bus 0000:1c: resource 2 [mem 0xd9100000-0xd91fffff 64bit pref]
[    0.536730] pci_bus 0000:1d: resource 1 [mem 0xcaf00000-0xcaffffff]
[    0.536733] pci_bus 0000:1d: resource 2 [mem 0xd9500000-0xd95fffff 64bit pref]
[    0.536736] pci_bus 0000:1e: resource 1 [mem 0xcb300000-0xcb3fffff]
[    0.536739] pci_bus 0000:1e: resource 2 [mem 0xd9900000-0xd99fffff 64bit pref]
[    0.536742] pci_bus 0000:1f: resource 1 [mem 0xcb700000-0xcb7fffff]
[    0.536745] pci_bus 0000:1f: resource 2 [mem 0xd9d00000-0xd9dfffff 64bit pref]
[    0.536748] pci_bus 0000:20: resource 1 [mem 0xcbb00000-0xcbbfffff]
[    0.536751] pci_bus 0000:20: resource 2 [mem 0xda100000-0xda1fffff 64bit pref]
[    0.536754] pci_bus 0000:21: resource 1 [mem 0xcbf00000-0xcbffffff]
[    0.536757] pci_bus 0000:21: resource 2 [mem 0xda500000-0xda5fffff 64bit pref]
[    0.536760] pci_bus 0000:22: resource 1 [mem 0xcc300000-0xcc3fffff]
[    0.536763] pci_bus 0000:22: resource 2 [mem 0xda900000-0xda9fffff 64bit pref]
[    0.536806] NET: Registered protocol family 2
[    0.536858] IP route cache hash table entries: 32768 (order: 5, 131072 bytes)
[    0.536910] TCP established hash table entries: 131072 (order: 8, 1048576 bytes)
[    0.536962] TCP bind hash table entries: 65536 (order: 7, 524288 bytes)
[    0.537014] TCP: Hash tables configured (established 131072 bind 65536)
[    0.537018] TCP reno registered
[    0.537022] UDP hash table entries: 512 (order: 2, 16384 bytes)
[    0.537033] UDP-Lite hash table entries: 512 (order: 2, 16384 bytes)
[    0.537085] NET: Registered protocol family 1
[    0.537097] pci 0000:00:00.0: Limiting direct PCI/PCI transfers
[    0.537149] pci 0000:00:0f.0: Boot video device
[    0.537201] ACPI: PCI Interrupt Link [LNKC] enabled at IRQ 10
[    0.537204] PCI: setting IRQ 10 as level-triggered
[    0.537241] pci 0000:02:00.0: PCI INT A -> Link[LNKC] -> GSI 10 (level, low) -> IRQ 10
[    0.537351] pci 0000:02:00.0: PCI INT A disabled
[    0.537403] ACPI: PCI Interrupt Link [LNKB] enabled at IRQ 11
[    0.537406] PCI: setting IRQ 11 as level-triggered
[    0.537412] pci 0000:02:03.0: PCI INT A -> Link[LNKB] -> GSI 11 (level, low) -> IRQ 11
[    0.537464] pci 0000:02:03.0: PCI INT A disabled
[    0.537482] PCI: CLS 32 bytes, default 64
[    0.537552] Simple Boot Flag at 0x36 set to 0x1
[    0.537573] Switching to clocksource tsc
[    0.537822] audit: initializing netlink socket (disabled)
[    0.537830] type=2000 audit(1369634905.511:1): initialized
[    0.550214] Trying to unpack rootfs image as initramfs...
[    0.570140] highmem bounce pool size: 64 pages
[    0.570147] HugeTLB registered 2 MB page size, pre-allocated 0 pages
[    0.574162] VFS: Disk quotas dquot_6.5.2
[    0.574214] Dquot-cache hash table entries: 1024 (order 0, 4096 bytes)
[    0.574330] fuse init (API version 7.17)
[    0.574391] msgmni has been set to 1710
[    0.586203] Block layer SCSI generic (bsg) driver version 0.4 loaded (major 253)
[    0.590097] io scheduler noop registered
[    0.590100] io scheduler deadline registered
[    0.590107] io scheduler cfq registered (default)
[    0.590159] pcieport 0000:00:15.0: setting latency timer to 64
[    0.590211] pcieport 0000:00:15.0: irq 40 for MSI/MSI-X
[    0.590263] pcieport 0000:00:15.1: setting latency timer to 64
[    0.590316] pcieport 0000:00:15.1: irq 41 for MSI/MSI-X
[    0.590368] pcieport 0000:00:15.2: setting latency timer to 64
[    0.590420] pcieport 0000:00:15.2: irq 42 for MSI/MSI-X
[    0.590472] pcieport 0000:00:15.3: setting latency timer to 64
[    0.590524] pcieport 0000:00:15.3: irq 43 for MSI/MSI-X
[    0.590576] pcieport 0000:00:15.4: setting latency timer to 64
[    0.590628] pcieport 0000:00:15.4: irq 44 for MSI/MSI-X
[    0.590680] pcieport 0000:00:15.5: setting latency timer to 64
[    0.590732] pcieport 0000:00:15.5: irq 45 for MSI/MSI-X
[    0.590784] pcieport 0000:00:15.6: setting latency timer to 64
[    0.590836] pcieport 0000:00:15.6: irq 46 for MSI/MSI-X
[    0.590888] pcieport 0000:00:15.7: setting latency timer to 64
[    0.590940] pcieport 0000:00:15.7: irq 47 for MSI/MSI-X
[    0.590992] pcieport 0000:00:16.0: setting latency timer to 64
[    0.591044] pcieport 0000:00:16.0: irq 48 for MSI/MSI-X
[    0.591096] pcieport 0000:00:16.1: setting latency timer to 64
[    0.591148] pcieport 0000:00:16.1: irq 49 for MSI/MSI-X
[    0.591200] pcieport 0000:00:16.2: setting latency timer to 64
[    0.591252] pcieport 0000:00:16.2: irq 50 for MSI/MSI-X
[    0.591304] pcieport 0000:00:16.3: setting latency timer to 64
[    0.591356] pcieport 0000:00:16.3: irq 51 for MSI/MSI-X
[    0.591408] pcieport 0000:00:16.4: setting latency timer to 64
[    0.591460] pcieport 0000:00:16.4: irq 52 for MSI/MSI-X
[    0.591512] pcieport 0000:00:16.5: setting latency timer to 64
[    0.591564] pcieport 0000:00:16.5: irq 53 for MSI/MSI-X
[    0.591616] pcieport 0000:00:16.6: setting latency timer to 64
[    0.591668] pcieport 0000:00:16.6: irq 54 for MSI/MSI-X
[    0.591720] pcieport 0000:00:16.7: setting latency timer to 64
[    0.591772] pcieport 0000:00:16.7: irq 55 for MSI/MSI-X
[    0.591824] pcieport 0000:00:17.0: setting latency timer to 64
[    0.591876] pcieport 0000:00:17.0: irq 56 for MSI/MSI-X
[    0.591928] pcieport 0000:00:17.1: setting latency timer to 64
[    0.591980] pcieport 0000:00:17.1: irq 57 for MSI/MSI-X
[    0.592032] pcieport 0000:00:17.2: setting latency timer to 64
[    0.592084] pcieport 0000:00:17.2: irq 58 for MSI/MSI-X
[    0.592136] pcieport 0000:00:17.3: setting latency timer to 64
[    0.592188] pcieport 0000:00:17.3: irq 59 for MSI/MSI-X
[    0.592240] pcieport 0000:00:17.4: setting latency timer to 64
[    0.592292] pcieport 0000:00:17.4: irq 60 for MSI/MSI-X
[    0.592344] pcieport 0000:00:17.5: setting latency timer to 64
[    0.592396] pcieport 0000:00:17.5: irq 61 for MSI/MSI-X
[    0.592448] pcieport 0000:00:17.6: setting latency timer to 64
[    0.592500] pcieport 0000:00:17.6: irq 62 for MSI/MSI-X
[    0.592552] pcieport 0000:00:17.7: setting latency timer to 64
[    0.592604] pcieport 0000:00:17.7: irq 63 for MSI/MSI-X
[    0.592656] pcieport 0000:00:18.0: setting latency timer to 64
[    0.592708] pcieport 0000:00:18.0: irq 64 for MSI/MSI-X
[    0.592760] pcieport 0000:00:18.1: setting latency timer to 64
[    0.592812] pcieport 0000:00:18.1: irq 65 for MSI/MSI-X
[    0.592864] pcieport 0000:00:18.2: setting latency timer to 64
[    0.592916] pcieport 0000:00:18.2: irq 66 for MSI/MSI-X
[    0.592968] pcieport 0000:00:18.3: setting latency timer to 64
[    0.593020] pcieport 0000:00:18.3: irq 67 for MSI/MSI-X
[    0.593072] pcieport 0000:00:18.4: setting latency timer to 64
[    0.593124] pcieport 0000:00:18.4: irq 68 for MSI/MSI-X
[    0.593176] pcieport 0000:00:18.5: setting latency timer to 64
[    0.593228] pcieport 0000:00:18.5: irq 69 for MSI/MSI-X
[    0.593280] pcieport 0000:00:18.6: setting latency timer to 64
[    0.593332] pcieport 0000:00:18.6: irq 70 for MSI/MSI-X
[    0.593384] pcieport 0000:00:18.7: setting latency timer to 64
[    0.593436] pcieport 0000:00:18.7: irq 71 for MSI/MSI-X
[    0.594130] pcieport 0000:00:15.0: Signaling PME through PCIe PME interrupt
[    0.594162] pcie_pme 0000:00:15.0:pcie01: service driver pcie_pme loaded
[    0.594214] pcieport 0000:00:15.1: Signaling PME through PCIe PME interrupt
[    0.594245] pcie_pme 0000:00:15.1:pcie01: service driver pcie_pme loaded
[    0.594297] pcieport 0000:00:15.2: Signaling PME through PCIe PME interrupt
[    0.594328] pcie_pme 0000:00:15.2:pcie01: service driver pcie_pme loaded
[    0.594380] pcieport 0000:00:15.3: Signaling PME through PCIe PME interrupt
[    0.594411] pcie_pme 0000:00:15.3:pcie01: service driver pcie_pme loaded
[    0.594463] pcieport 0000:00:15.4: Signaling PME through PCIe PME interrupt
[    0.594493] pcie_pme 0000:00:15.4:pcie01: service driver pcie_pme loaded
[    0.594545] pcieport 0000:00:15.5: Signaling PME through PCIe PME interrupt
[    0.594575] pcie_pme 0000:00:15.5:pcie01: service driver pcie_pme loaded
[    0.594627] pcieport 0000:00:15.6: Signaling PME through PCIe PME interrupt
[    0.594658] pcie_pme 0000:00:15.6:pcie01: service driver pcie_pme loaded
[    0.594710] pcieport 0000:00:15.7: Signaling PME through PCIe PME interrupt
[    0.594740] pcie_pme 0000:00:15.7:pcie01: service driver pcie_pme loaded
[    0.594792] pcieport 0000:00:16.0: Signaling PME through PCIe PME interrupt
[    0.594823] pcie_pme 0000:00:16.0:pcie01: service driver pcie_pme loaded
[    0.594875] pcieport 0000:00:16.1: Signaling PME through PCIe PME interrupt
[    0.594906] pcie_pme 0000:00:16.1:pcie01: service driver pcie_pme loaded
[    0.594958] pcieport 0000:00:16.2: Signaling PME through PCIe PME interrupt
[    0.594989] pcie_pme 0000:00:16.2:pcie01: service driver pcie_pme loaded
[    0.595041] pcieport 0000:00:16.3: Signaling PME through PCIe PME interrupt
[    0.595071] pcie_pme 0000:00:16.3:pcie01: service driver pcie_pme loaded
[    0.595123] pcieport 0000:00:16.4: Signaling PME through PCIe PME interrupt
[    0.595155] pcie_pme 0000:00:16.4:pcie01: service driver pcie_pme loaded
[    0.595207] pcieport 0000:00:16.5: Signaling PME through PCIe PME interrupt
[    0.595238] pcie_pme 0000:00:16.5:pcie01: service driver pcie_pme loaded
[    0.595290] pcieport 0000:00:16.6: Signaling PME through PCIe PME interrupt
[    0.595320] pcie_pme 0000:00:16.6:pcie01: service driver pcie_pme loaded
[    0.595372] pcieport 0000:00:16.7: Signaling PME through PCIe PME interrupt
[    0.595403] pcie_pme 0000:00:16.7:pcie01: service driver pcie_pme loaded
[    0.595455] pcieport 0000:00:17.0: Signaling PME through PCIe PME interrupt
[    0.595485] pcie_pme 0000:00:17.0:pcie01: service driver pcie_pme loaded
[    0.595537] pcieport 0000:00:17.1: Signaling PME through PCIe PME interrupt
[    0.595567] pcie_pme 0000:00:17.1:pcie01: service driver pcie_pme loaded
[    0.595619] pcieport 0000:00:17.2: Signaling PME through PCIe PME interrupt
[    0.595650] pcie_pme 0000:00:17.2:pcie01: service driver pcie_pme loaded
[    0.595702] pcieport 0000:00:17.3: Signaling PME through PCIe PME interrupt
[    0.595733] pcie_pme 0000:00:17.3:pcie01: service driver pcie_pme loaded
[    0.595785] pcieport 0000:00:17.4: Signaling PME through PCIe PME interrupt
[    0.595826] pcie_pme 0000:00:17.4:pcie01: service driver pcie_pme loaded
[    0.595878] pcieport 0000:00:17.5: Signaling PME through PCIe PME interrupt
[    0.595908] pcie_pme 0000:00:17.5:pcie01: service driver pcie_pme loaded
[    0.595960] pcieport 0000:00:17.6: Signaling PME through PCIe PME interrupt
[    0.595992] pcie_pme 0000:00:17.6:pcie01: service driver pcie_pme loaded
[    0.596044] pcieport 0000:00:17.7: Signaling PME through PCIe PME interrupt
[    0.596074] pcie_pme 0000:00:17.7:pcie01: service driver pcie_pme loaded
[    0.596126] pcieport 0000:00:18.0: Signaling PME through PCIe PME interrupt
[    0.596153] pcie_pme 0000:00:18.0:pcie01: service driver pcie_pme loaded
[    0.596205] pcieport 0000:00:18.1: Signaling PME through PCIe PME interrupt
[    0.596230] pcie_pme 0000:00:18.1:pcie01: service driver pcie_pme loaded
[    0.596282] pcieport 0000:00:18.2: Signaling PME through PCIe PME interrupt
[    0.596307] pcie_pme 0000:00:18.2:pcie01: service driver pcie_pme loaded
[    0.596359] pcieport 0000:00:18.3: Signaling PME through PCIe PME interrupt
[    0.596384] pcie_pme 0000:00:18.3:pcie01: service driver pcie_pme loaded
[    0.596436] pcieport 0000:00:18.4: Signaling PME through PCIe PME interrupt
[    0.596462] pcie_pme 0000:00:18.4:pcie01: service driver pcie_pme loaded
[    0.596514] pcieport 0000:00:18.5: Signaling PME through PCIe PME interrupt
[    0.596539] pcie_pme 0000:00:18.5:pcie01: service driver pcie_pme loaded
[    0.596591] pcieport 0000:00:18.6: Signaling PME through PCIe PME interrupt
[    0.596616] pcie_pme 0000:00:18.6:pcie01: service driver pcie_pme loaded
[    0.596668] pcieport 0000:00:18.7: Signaling PME through PCIe PME interrupt
[    0.596694] pcie_pme 0000:00:18.7:pcie01: service driver pcie_pme loaded
[    0.596718] pci_hotplug: PCI Hot Plug PCI Core version: 0.5
[    0.596770] pciehp 0000:00:15.0:pcie04: HPC vendor_id 15ad device_id 7a0 ss_vid 15ad ss_did 7a0
[    0.596822] pciehp 0000:00:15.0:pcie04: service driver pciehp loaded
[    0.596874] pciehp 0000:00:15.1:pcie04: HPC vendor_id 15ad device_id 7a0 ss_vid 15ad ss_did 7a0
[    0.596926] pciehp 0000:00:15.1:pcie04: service driver pciehp loaded
[    0.596978] pciehp 0000:00:15.2:pcie04: HPC vendor_id 15ad device_id 7a0 ss_vid 15ad ss_did 7a0
[    0.597030] pciehp 0000:00:15.2:pcie04: service driver pciehp loaded
[    0.597082] pciehp 0000:00:15.3:pcie04: HPC vendor_id 15ad device_id 7a0 ss_vid 15ad ss_did 7a0
[    0.597134] pciehp 0000:00:15.3:pcie04: service driver pciehp loaded
[    0.597186] pciehp 0000:00:15.4:pcie04: HPC vendor_id 15ad device_id 7a0 ss_vid 15ad ss_did 7a0
[    0.597238] pciehp 0000:00:15.4:pcie04: service driver pciehp loaded
[    0.597290] pciehp 0000:00:15.5:pcie04: HPC vendor_id 15ad device_id 7a0 ss_vid 15ad ss_did 7a0
[    0.597342] pciehp 0000:00:15.5:pcie04: service driver pciehp loaded
[    0.597394] pciehp 0000:00:15.6:pcie04: HPC vendor_id 15ad device_id 7a0 ss_vid 15ad ss_did 7a0
[    0.597446] pciehp 0000:00:15.6:pcie04: service driver pciehp loaded
[    0.597498] pciehp 0000:00:15.7:pcie04: HPC vendor_id 15ad device_id 7a0 ss_vid 15ad ss_did 7a0
[    0.597550] pciehp 0000:00:15.7:pcie04: service driver pciehp loaded
[    0.597602] pciehp 0000:00:16.0:pcie04: HPC vendor_id 15ad device_id 7a0 ss_vid 15ad ss_did 7a0
[    0.597654] pciehp 0000:00:16.0:pcie04: service driver pciehp loaded
[    0.597706] pciehp 0000:00:16.1:pcie04: HPC vendor_id 15ad device_id 7a0 ss_vid 15ad ss_did 7a0
[    0.597758] pciehp 0000:00:16.1:pcie04: service driver pciehp loaded
[    0.597810] pciehp 0000:00:16.2:pcie04: HPC vendor_id 15ad device_id 7a0 ss_vid 15ad ss_did 7a0
[    0.597862] pciehp 0000:00:16.2:pcie04: service driver pciehp loaded
[    0.597914] pciehp 0000:00:16.3:pcie04: HPC vendor_id 15ad device_id 7a0 ss_vid 15ad ss_did 7a0
[    0.597966] pciehp 0000:00:16.3:pcie04: service driver pciehp loaded
[    0.602122] pciehp 0000:00:16.4:pcie04: HPC vendor_id 15ad device_id 7a0 ss_vid 15ad ss_did 7a0
[    0.602174] pciehp 0000:00:16.4:pcie04: service driver pciehp loaded
[    0.602226] pciehp 0000:00:16.5:pcie04: HPC vendor_id 15ad device_id 7a0 ss_vid 15ad ss_did 7a0
[    0.602278] pciehp 0000:00:16.5:pcie04: service driver pciehp loaded
[    0.602330] pciehp 0000:00:16.6:pcie04: HPC vendor_id 15ad device_id 7a0 ss_vid 15ad ss_did 7a0
[    0.602382] pciehp 0000:00:16.6:pcie04: service driver pciehp loaded
[    0.602434] pciehp 0000:00:16.7:pcie04: HPC vendor_id 15ad device_id 7a0 ss_vid 15ad ss_did 7a0
[    0.602486] pciehp 0000:00:16.7:pcie04: service driver pciehp loaded
[    0.602538] pciehp 0000:00:17.0:pcie04: HPC vendor_id 15ad device_id 7a0 ss_vid 15ad ss_did 7a0
[    0.602590] pciehp 0000:00:17.0:pcie04: service driver pciehp loaded
[    0.602642] pciehp 0000:00:17.1:pcie04: HPC vendor_id 15ad device_id 7a0 ss_vid 15ad ss_did 7a0
[    0.602694] pciehp 0000:00:17.1:pcie04: service driver pciehp loaded
[    0.602746] pciehp 0000:00:17.2:pcie04: HPC vendor_id 15ad device_id 7a0 ss_vid 15ad ss_did 7a0
[    0.602798] pciehp 0000:00:17.2:pcie04: service driver pciehp loaded
[    0.602850] pciehp 0000:00:17.3:pcie04: HPC vendor_id 15ad device_id 7a0 ss_vid 15ad ss_did 7a0
[    0.602902] pciehp 0000:00:17.3:pcie04: service driver pciehp loaded
[    0.602954] pciehp 0000:00:17.4:pcie04: HPC vendor_id 15ad device_id 7a0 ss_vid 15ad ss_did 7a0
[    0.603006] pciehp 0000:00:17.4:pcie04: service driver pciehp loaded
[    0.603058] pciehp 0000:00:17.5:pcie04: HPC vendor_id 15ad device_id 7a0 ss_vid 15ad ss_did 7a0
[    0.603110] pciehp 0000:00:17.5:pcie04: service driver pciehp loaded
[    0.603162] pciehp 0000:00:17.6:pcie04: HPC vendor_id 15ad device_id 7a0 ss_vid 15ad ss_did 7a0
[    0.603214] pciehp 0000:00:17.6:pcie04: service driver pciehp loaded
[    0.603266] pciehp 0000:00:17.7:pcie04: HPC vendor_id 15ad device_id 7a0 ss_vid 15ad ss_did 7a0
[    0.603318] pciehp 0000:00:17.7:pcie04: service driver pciehp loaded
[    0.603370] pciehp 0000:00:18.0:pcie04: HPC vendor_id 15ad device_id 7a0 ss_vid 15ad ss_did 7a0
[    0.603422] pciehp 0000:00:18.0:pcie04: service driver pciehp loaded
[    0.603474] pciehp 0000:00:18.1:pcie04: HPC vendor_id 15ad device_id 7a0 ss_vid 15ad ss_did 7a0
[    0.603526] pciehp 0000:00:18.1:pcie04: service driver pciehp loaded
[    0.603578] pciehp 0000:00:18.2:pcie04: HPC vendor_id 15ad device_id 7a0 ss_vid 15ad ss_did 7a0
[    0.603630] pciehp 0000:00:18.2:pcie04: service driver pciehp loaded
[    0.603682] pciehp 0000:00:18.3:pcie04: HPC vendor_id 15ad device_id 7a0 ss_vid 15ad ss_did 7a0
[    0.603734] pciehp 0000:00:18.3:pcie04: service driver pciehp loaded
[    0.603786] pciehp 0000:00:18.4:pcie04: HPC vendor_id 15ad device_id 7a0 ss_vid 15ad ss_did 7a0
[    0.603838] pciehp 0000:00:18.4:pcie04: service driver pciehp loaded
[    0.603890] pciehp 0000:00:18.5:pcie04: HPC vendor_id 15ad device_id 7a0 ss_vid 15ad ss_did 7a0
[    0.603942] pciehp 0000:00:18.5:pcie04: service driver pciehp loaded
[    0.603994] pciehp 0000:00:18.6:pcie04: HPC vendor_id 15ad device_id 7a0 ss_vid 15ad ss_did 7a0
[    0.604046] pciehp 0000:00:18.6:pcie04: service driver pciehp loaded
[    0.604098] pciehp 0000:00:18.7:pcie04: HPC vendor_id 15ad device_id 7a0 ss_vid 15ad ss_did 7a0
[    0.604150] pciehp 0000:00:18.7:pcie04: service driver pciehp loaded
[    0.604158] pciehp: PCI Express Hot Plug Controller Driver version: 0.4
[    0.604210] ACPI: Deprecated procfs I/F for AC is loaded, please retry with CONFIG_ACPI_PROCFS_POWER cleared
[    0.604267] ACPI: AC Adapter [ACAD] (on-line)
[    0.610113] input: Power Button as /devices/LNXSYSTM:00/LNXPWRBN:00/input/input0
[    0.610118] ACPI: Power Button [PWRF]
[    0.622105] ERST: Table is not found!
[    0.622109] GHES: HEST is not enabled!
[    0.622222] Serial: 8250/16550 driver, 32 ports, IRQ sharing enabled
[    0.645933] serial8250: ttyS0 at I/O 0x3f8 (irq = 4) is a 16550A
[    0.645986] isapnp: Scanning for PnP cards...
[    0.785720] serial8250: ttyS1 at I/O 0x2f8 (irq = 3) is a 16550A
[    0.833656] 00:0a: ttyS0 at I/O 0x3f8 (irq = 4) is a 16550A
[    0.925509] 00:0b: ttyS1 at I/O 0x2f8 (irq = 3) is a 16550A
[    0.949799] Linux agpgart interface v0.103
[    0.949849] agpgart-intel 0000:00:00.0: Intel 440BX Chipset
[    0.949941] agpgart-intel 0000:00:00.0: AGP aperture is 256M @ 0x0
[    0.950875] brd: module loaded
[    0.951378] loop: module loaded
[    0.951428] ata_piix 0000:00:07.1: version 2.13
[    0.957571] scsi0 : ata_piix
[    0.957653] scsi1 : ata_piix
[    0.957700] ata1: PATA max UDMA/33 cmd 0x1f0 ctl 0x3f6 bmdma 0x10c0 irq 14
[    0.957703] ata2: PATA max UDMA/33 cmd 0x170 ctl 0x376 bmdma 0x10c8 irq 15
[    0.957758] Fixed MDIO Bus: probed
[    0.957781] tun: Universal TUN/TAP device driver, 1.6
[    0.957784] tun: (C) 1999-2004 Max Krasnyansky <maxk@qualcomm.com>
[    0.957856] PPP generic driver version 2.4.2
[    0.957946] ehci_hcd: USB 2.0 'Enhanced' Host Controller (EHCI) Driver
[    0.957990] ehci_hcd 0000:02:03.0: PCI INT A -> Link[LNKB] -> GSI 11 (level, low) -> IRQ 11
[    0.958040] ehci_hcd 0000:02:03.0: EHCI Host Controller
[    0.958095] ehci_hcd 0000:02:03.0: new USB bus registered, assigned bus number 1
[    0.958145] ehci_hcd 0000:02:03.0: cache line size of 32 is not supported
[    0.958158] ehci_hcd 0000:02:03.0: irq 11, io mem 0xc9000000
[    1.009360] ehci_hcd 0000:02:03.0: USB 2.0 started, EHCI 1.00
[    1.093454] hub 1-0:1.0: USB hub found
[    1.093460] hub 1-0:1.0: 6 ports detected
[    1.093510] ohci_hcd: USB 1.1 'Open' Host Controller (OHCI) Driver
[    1.093525] uhci_hcd: USB Universal Host Controller Interface driver
[    1.093569] uhci_hcd 0000:02:00.0: PCI INT A -> Link[LNKC] -> GSI 10 (level, low) -> IRQ 10
[    1.093612] uhci_hcd 0000:02:00.0: UHCI Host Controller
[    1.093648] uhci_hcd 0000:02:00.0: new USB bus registered, assigned bus number 2
[    1.093753] uhci_hcd 0000:02:00.0: irq 10, io base 0x000020c0
[    1.093865] hub 2-0:1.0: USB hub found
[    1.093868] hub 2-0:1.0: 2 ports detected
[    1.093918] usbcore: registered new interface driver libusual
[    1.093968] i8042: PNP: PS/2 Controller [PNP0303:KBC,PNP0f13:MOUS] at 0x60,0x64 irq 1,12
[    1.094308] serio: i8042 KBD port at 0x60,0x64 irq 1
[    1.094318] serio: i8042 AUX port at 0x60,0x64 irq 12
[    1.094462] mousedev: PS/2 mouse device common for all mice
[    1.150800] rtc_cmos 00:04: rtc core: registered rtc_cmos as rtc0
[    1.150927] rtc0: alarms up to one month, y3k, 114 bytes nvram, hpet irqs
[    1.150977] device-mapper: uevent: version 1.0.3
[    1.151062] device-mapper: ioctl: 4.22.0-ioctl (2011-10-19) initialised: dm-devel@redhat.com
[    1.151112] EISA: Probing bus 0 at eisa.0
[    1.151116] EISA: Cannot allocate resource for mainboard
[    1.151119] Cannot allocate resource for EISA slot 1
[    1.151121] Cannot allocate resource for EISA slot 2
[    1.151124] Cannot allocate resource for EISA slot 3
[    1.151126] Cannot allocate resource for EISA slot 4
[    1.151129] Cannot allocate resource for EISA slot 5
[    1.151131] Cannot allocate resource for EISA slot 6
[    1.151134] Cannot allocate resource for EISA slot 7
[    1.151136] Cannot allocate resource for EISA slot 8
[    1.151139] EISA: Detected 0 cards.
[    1.151149] cpufreq-nforce2: No nForce2 chipset.
[    1.151152] cpuidle: using governor ladder
[    1.151155] cpuidle: using governor menu
[    1.151158] EFI Variables Facility v0.08 2004-May-17
[    1.151208] TCP cubic registered
[    1.151258] NET: Registered protocol family 10
[    1.151308] NET: Registered protocol family 17
[    1.151314] Registering the dns_resolver key type
[    1.151339] Using IPI No-Shortcut mode
[    1.151463] PM: Hibernation image not present or could not be loaded.
[    1.151475] registered taskstats version 1
[    1.209236] Freeing initrd memory: 13836k freed
[    1.209794] input: AT Translated Set 2 keyboard as /devices/platform/i8042/serio0/input/input1
[    1.210328] ata2.00: ATAPI: VMware Virtual IDE CDROM Drive, 00000001, max UDMA/33
[    1.210969] ata2.00: configured for UDMA/33
[    1.217249]   Magic number: 13:720:115
[    1.217361] rtc_cmos 00:04: setting system clock to 2013-05-27 06:08:27 UTC (1369634907)
[    1.217380] BIOS EDD facility v0.16 2004-Jun-25, 0 devices found
[    1.217382] EDD information not available.
[    1.305494] isapnp: No Plug & Play device found
[    1.305731] scsi 1:0:0:0: CD-ROM            NECVMWar VMware IDE CDR10 1.00 PQ: 0 ANSI: 5
[    1.306518] sr0: scsi3-mmc drive: 306x/306x cd/rw xa/form2 cdda tray
[    1.306523] cdrom: Uniform CD-ROM driver Revision: 3.20
[    1.306648] sr 1:0:0:0: Attached scsi CD-ROM sr0
[    1.306977] sr 1:0:0:0: Attached scsi generic sg0 type 5
[    1.307184] Freeing unused kernel memory: 740k freed
[    1.307234] Write protecting the kernel text: 5816k
[    1.307247] Write protecting the kernel read-only data: 2376k
[    1.307249] NX-protecting the kernel data: 4424k
[    1.318497] udevd[85]: starting version 175
[    1.333351] VMware vmxnet3 virtual NIC driver - version 1.1.29.0-k-NAPI
[    1.337394] VMware PVSCSI driver - version 1.0.1.0-k
[    1.342646] VMware vmxnet virtual NIC driver
[    1.342696] ACPI: PCI Interrupt Link [LNKD] enabled at IRQ 5
[    1.342700] PCI: setting IRQ 5 as level-triggered
[    1.342708] vmxnet 0000:02:01.0: PCI INT A -> Link[LNKD] -> GSI 5 (level, low) -> IRQ 5
[    1.342758] Found vmxnet/PCI at 0x2024, irq 5.
[    1.342808] features:
[    1.342820] numRxBuffers = 100, numRxBuffers2 = 1
[    1.342870] vmxnet 0000:02:01.0: eth0: set_features() failed (-1); wanted 0x00004000, left 0x00004800
[    1.369653] Fusion MPT base driver 3.04.20
[    1.369656] Copyright (c) 1999-2008 LSI Corporation
[    1.369859] Fusion MPT SPI Host driver 3.04.20
[    1.369909] mptspi 0000:00:10.0: PCI INT A -> Link[LNKB] -> GSI 11 (level, low) -> IRQ 11
[    1.376335] mptbase: ioc0: Initiating bringup
[    1.389395] Floppy drive(s): fd0 is 1.44M
[    1.405123] FDC 0 is a post-1991 82077
[    1.420853] usb 2-1: new full-speed USB device number 2 using uhci_hcd
[    1.444843] ioc0: LSI53C1030 B0: Capabilities={Initiator}
[    1.553229] input: VMware VMware Virtual USB Mouse as /devices/pci0000:00/0000:00:11.0/0000:02:00.0/usb2/2-1/2-1:1.0/input/input2
[    1.553428] generic-usb 0003:0E0F:0003.0001: input,hidraw0: USB HID v1.10 Mouse [VMware VMware Virtual USB Mouse] on usb-0000:02:00.0-1/input0
[    1.554039] input: VMware VMware Virtual USB Mouse as /devices/pci0000:00/0000:00:11.0/0000:02:00.0/usb2/2-1/2-1:1.1/input/input3
[    1.554196] generic-usb 0003:0E0F:0003.0002: input,hidraw1: USB HID v1.10 Mouse [VMware VMware Virtual USB Mouse] on usb-0000:02:00.0-1/input1
[    1.554330] usbcore: registered new interface driver usbhid
[    1.554332] usbhid: USB HID core driver
[    1.605288] scsi2 : ioc0: LSI53C1030 B0, FwRev=01032920h, Ports=1, MaxQ=128, IRQ=11
[    1.660533] usb 2-2: new full-speed USB device number 3 using uhci_hcd
[    1.717575] scsi 2:0:0:0: Direct-Access     VMware,  VMware Virtual S 1.0  PQ: 0 ANSI: 2
[    1.717586] scsi target2:0:0: Beginning Domain Validation
[    1.718344] scsi target2:0:0: Domain Validation skipping write tests
[    1.718348] scsi target2:0:0: Ending Domain Validation
[    1.718405] scsi target2:0:0: FAST-40 WIDE SCSI 80.0 MB/s ST (25 ns, offset 127)
[    1.721002] sd 2:0:0:0: [sda] 41943040 512-byte logical blocks: (21.4 GB/20.0 GiB)
[    1.721071] sd 2:0:0:0: [sda] Write Protect is off
[    1.721075] sd 2:0:0:0: [sda] Mode Sense: 61 00 00 00
[    1.721150] sd 2:0:0:0: [sda] Cache data unavailable
[    1.721154] sd 2:0:0:0: [sda] Assuming drive cache: write through
[    1.721502] sd 2:0:0:0: [sda] Cache data unavailable
[    1.721506] sd 2:0:0:0: [sda] Assuming drive cache: write through
[    1.722387] sd 2:0:0:0: Attached scsi generic sg1 type 0
[    1.723153]  sda: sda1 sda2 < sda5 >
[    1.723637] sd 2:0:0:0: [sda] Cache data unavailable
[    1.723641] sd 2:0:0:0: [sda] Assuming drive cache: write through
[    1.723644] sd 2:0:0:0: [sda] Attached SCSI disk
[    1.763595] EXT4-fs (sda1): mounted filesystem with ordered data mode. Opts: (null)
[    1.797572] hub 2-2:1.0: USB hub found
[    1.799525] hub 2-2:1.0: 7 ports detected
[    3.143517] ADDRCONF(NETDEV_UP): eth0: link is not ready
[    3.154125] udevd[326]: starting version 175
[    3.189831] Adding 1046524k swap on /dev/sda5.  Priority:-1 extents:1 across:1046524k 
[    3.196168] lp: driver loaded but no devices found
[    3.290213] EXT4-fs (sda1): re-mounted. Opts: errors=remount-ro
[    3.298904] shpchp: Standard Hot Plug PCI Controller Driver version: 0.4
[    3.317896] piix4_smbus 0000:00:07.3: Host SMBus controller not enabled!
[    3.320556] [391]: VMCI: shared components initialized.
[    3.320585] Probing for vmci/PCI.
[    3.320739] ACPI: PCI Interrupt Link [LNKA] enabled at IRQ 9
[    3.320741] PCI: setting IRQ 9 as level-triggered
[    3.320747] vmci 0000:00:07.7: PCI INT A -> Link[LNKA] -> GSI 9 (level, low) -> IRQ 9
[    3.320788] Found vmci/PCI at 0x1080, irq 9.
[    3.320819] VMCI: using capabilities 0xc.
[    3.320888] [391]: VMCI: Host capability check passed.
[    3.321171] vmci 0000:00:07.7: irq 72 for MSI/MSI-X
[    3.321203] vmci 0000:00:07.7: irq 73 for MSI/MSI-X
[    3.321453] Registered vmci device.
[    3.350482] [391]: VMCI: Using guest personality
[    3.350486] [391]: VMCI: host components initialized.
[    3.350574] [391]: VMCI: Module registered (name=vmci,major=10,minor=57).
[    3.350577] [391]: VMCI: Using host personality
[    3.350578] [391]: VMCI: Module (name=vmci) is initialized
[    3.448639] ppdev: user-space parallel port driver
[    3.449217] parport_pc 00:09: reported by Plug and Play ACPI
[    3.449312] parport0: PC-style at 0x378, irq 7 [PCSPP,TRISTATE]
[    3.458423] Bluetooth: Core ver 2.16
[    3.458907] NET: Registered protocol family 31
[    3.458910] Bluetooth: HCI device and connection manager initialized
[    3.458914] Bluetooth: HCI socket layer initialized
[    3.458916] Bluetooth: L2CAP socket layer initialized
[    3.458923] Bluetooth: SCO socket layer initialized
[    3.474218] Bluetooth: BNEP (Ethernet Emulation) ver 1.3
[    3.474221] Bluetooth: BNEP filters: protocol multicast
[    3.486960] Bluetooth: RFCOMM TTY layer initialized
[    3.486965] Bluetooth: RFCOMM socket layer initialized
[    3.486967] Bluetooth: RFCOMM ver 1.11
[    3.546239] lp0: using parport0 (interrupt-driven).
[    3.551796] type=1400 audit(1369634909.835:2): apparmor="STATUS" operation="profile_load" name="/usr/lib/cups/backend/cups-pdf" pid=580 comm="apparmor_parser"
[    3.552019] type=1400 audit(1369634909.835:3): apparmor="STATUS" operation="profile_load" name="/usr/sbin/cupsd" pid=580 comm="apparmor_parser"
[    3.590653] type=1400 audit(1369634909.875:4): apparmor="STATUS" operation="profile_load" name="/sbin/dhclient" pid=600 comm="apparmor_parser"
[    3.590754] type=1400 audit(1369634909.875:5): apparmor="STATUS" operation="profile_load" name="/usr/lib/NetworkManager/nm-dhcp-client.action" pid=600 comm="apparmor_parser"
[    3.590849] type=1400 audit(1369634909.875:6): apparmor="STATUS" operation="profile_load" name="/usr/lib/connman/scripts/dhclient-script" pid=600 comm="apparmor_parser"
[    3.823007] input: ImPS/2 Generic Wheel Mouse as /devices/platform/i8042/serio1/input/input4
[    3.883174] snd_ens1371 0000:02:02.0: PCI INT A -> Link[LNKA] -> GSI 9 (level, low) -> IRQ 9
[    3.898082] init: failsafe main process (670) killed by TERM signal
[    4.023524] type=1400 audit(1369634910.307:7): apparmor="STATUS" operation="profile_load" name="/usr/lib/lightdm/lightdm/lightdm-guest-session-wrapper" pid=792 comm="apparmor_parser"
[    4.025331] type=1400 audit(1369634910.311:8): apparmor="STATUS" operation="profile_replace" name="/sbin/dhclient" pid=793 comm="apparmor_parser"
[    4.025699] type=1400 audit(1369634910.311:9): apparmor="STATUS" operation="profile_replace" name="/usr/lib/NetworkManager/nm-dhcp-client.action" pid=793 comm="apparmor_parser"
[    4.025795] type=1400 audit(1369634910.311:10): apparmor="STATUS" operation="profile_replace" name="/usr/lib/connman/scripts/dhclient-script" pid=793 comm="apparmor_parser"
[    4.220874] init: alsa-restore main process (860) terminated with status 19
