[    0.000000] Initializing cgroup subsys cpuset
[    0.000000] Initializing cgroup subsys cpu
[    0.000000] Linux version 3.2.0-29-generic-pae (buildd@roseapple) (gcc version 4.6.3 (Ubuntu/Linaro 4.6.3-1ubuntu5) ) #46-Ubuntu SMP Fri Jul 27 17:25:43 UTC 2012 (Ubuntu 3.2.0-29.46-generic-pae 3.2.24)
[    0.000000] KERNEL supported cpus:
[    0.000000]   Intel GenuineIntel
[    0.000000]   AMD AuthenticAMD
[    0.000000]   NSC Geode by NSC
[    0.000000]   Cyrix CyrixInstead
[    0.000000]   Centaur CentaurHauls
[    0.000000]   Transmeta GenuineTMx86
[    0.000000]   Transmeta TransmetaCPU
[    0.000000]   UMC UMC UMC UMC
[    0.000000] Disabled fast string operations
[    0.000000] BIOS-provided physical RAM map:
[    0.000000]  BIOS-e820: 0000000000000000 - 000000000009f000 (usable)
[    0.000000]  BIOS-e820: 000000000009f000 - 00000000000a0000 (reserved)
[    0.000000]  BIOS-e820: 00000000000ca000 - 00000000000cc000 (reserved)
[    0.000000]  BIOS-e820: 00000000000dc000 - 0000000000100000 (reserved)
[    0.000000]  BIOS-e820: 0000000000100000 - 000000003fee0000 (usable)
[    0.000000]  BIOS-e820: 000000003fee0000 - 000000003feff000 (ACPI data)
[    0.000000]  BIOS-e820: 000000003feff000 - 000000003ff00000 (ACPI NVS)
[    0.000000]  BIOS-e820: 000000003ff00000 - 0000000040000000 (usable)
[    0.000000]  BIOS-e820: 00000000e0000000 - 00000000f0000000 (reserved)
[    0.000000]  BIOS-e820: 00000000fec00000 - 00000000fec10000 (reserved)
[    0.000000]  BIOS-e820: 00000000fee00000 - 00000000fee01000 (reserved)
[    0.000000]  BIOS-e820: 00000000fffe0000 - 0000000100000000 (reserved)
[    0.000000] NX (Execute Disable) protection: active
[    0.000000] DMI present.
[    0.000000] DMI: VMware, Inc. VMware Virtual Platform/440BX Desktop Reference Platform, BIOS 6.00 07/02/2012
[    0.000000] Hypervisor detected: VMware
[    0.000000] e820 update range: 0000000000000000 - 0000000000010000 (usable) ==> (reserved)
[    0.000000] e820 remove range: 00000000000a0000 - 0000000000100000 (usable)
[    0.000000] last_pfn = 0x40000 max_arch_pfn = 0x1000000
[    0.000000] MTRR default type: uncachable
[    0.000000] MTRR fixed ranges enabled:
[    0.000000]   00000-9FFFF write-back
[    0.000000]   A0000-BFFFF uncachable
[    0.000000]   C0000-CBFFF write-protect
[    0.000000]   CC000-EFFFF uncachable
[    0.000000]   F0000-FFFFF write-protect
[    0.000000] MTRR variable ranges enabled:
[    0.000000]   0 base 0000000000 mask FFC0000000 write-back
[    0.000000]   1 disabled
[    0.000000]   2 disabled
[    0.000000]   3 disabled
[    0.000000]   4 disabled
[    0.000000]   5 disabled
[    0.000000]   6 disabled
[    0.000000]   7 disabled
[    0.000000] x86 PAT enabled: cpu 0, old 0x0, new 0x7010600070106
[    0.000000] found SMP MP-table at [c00f6bf0] f6bf0
[    0.000000] initial memory mapped : 0 - 02000000
[    0.000000] Base memory trampoline at [c009b000] 9b000 size 16384
[    0.000000] init_memory_mapping: 0000000000000000-0000000037bfe000
[    0.000000]  0000000000 - 0000200000 page 4k
[    0.000000]  0000200000 - 0037a00000 page 2M
[    0.000000]  0037a00000 - 0037bfe000 page 4k
[    0.000000] kernel direct mapping tables up to 37bfe000 @ 1ffb000-2000000
[    0.000000] RAMDISK: 364ea000 - 3726d000
[    0.000000] ACPI: RSDP 000f6b80 00024 (v02 PTLTD )
[    0.000000] ACPI: XSDT 3feed636 0005C (v01 INTEL  440BX    06040000 VMW  01324272)
[    0.000000] ACPI: FACP 3fefee98 000F4 (v04 INTEL  440BX    06040000 PTL  000F4240)
[    0.000000] ACPI: DSDT 3feee366 10B32 (v01 PTLTD  Custom   06040000 MSFT 03000001)
[    0.000000] ACPI: FACS 3fefffc0 00040
[    0.000000] ACPI: BOOT 3feee33e 00028 (v01 PTLTD  $SBFTBL$ 06040000  LTP 00000001)
[    0.000000] ACPI: APIC 3feedc3e 003C2 (v01 PTLTD  ? APIC   06040000  LTP 00000000)
[    0.000000] ACPI: MCFG 3feedc02 0003C (v01 PTLTD  $PCITBL$ 06040000  LTP 00000001)
[    0.000000] ACPI: SRAT 3feed732 004D0 (v02 VMWARE MEMPLUG  06040000 VMW  00000001)
[    0.000000] ACPI: HPET 3feed6fa 00038 (v01 VMWARE VMW HPET 06040000 VMW  00000001)
[    0.000000] ACPI: WAET 3feed6d2 00028 (v01 VMWARE VMW WAET 06040000 VMW  00000001)
[    0.000000] ACPI: Local APIC address 0xfee00000
[    0.000000] 132MB HIGHMEM available.
[    0.000000] 891MB LOWMEM available.
[    0.000000]   mapped low ram: 0 - 37bfe000
[    0.000000]   low ram: 0 - 37bfe000
[    0.000000] Zone PFN ranges:
[    0.000000]   DMA      0x00000010 -> 0x00001000
[    0.000000]   Normal   0x00001000 -> 0x00037bfe
[    0.000000]   HighMem  0x00037bfe -> 0x00040000
[    0.000000] Movable zone start PFN for each node
[    0.000000] early_node_map[3] active PFN ranges
[    0.000000]     0: 0x00000010 -> 0x0000009f
[    0.000000]     0: 0x00000100 -> 0x0003fee0
[    0.000000]     0: 0x0003ff00 -> 0x00040000
[    0.000000] On node 0 totalpages: 261999
[    0.000000] free_area_init_node: node 0, pgdat c1866a40, node_mem_map f73fd200
[    0.000000]   DMA zone: 32 pages used for memmap
[    0.000000]   DMA zone: 0 pages reserved
[    0.000000]   DMA zone: 3951 pages, LIFO batch:0
[    0.000000]   Normal zone: 1752 pages used for memmap
[    0.000000]   Normal zone: 222502 pages, LIFO batch:31
[    0.000000]   HighMem zone: 265 pages used for memmap
[    0.000000]   HighMem zone: 33497 pages, LIFO batch:7
[    0.000000] Using APIC driver default
[    0.000000] ACPI: PM-Timer IO Port: 0x1008
[    0.000000] ACPI: Local APIC address 0xfee00000
[    0.000000] ACPI: LAPIC (acpi_id[0x00] lapic_id[0x00] enabled)
[    0.000000] ACPI: LAPIC (acpi_id[0x01] lapic_id[0x02] disabled)
[    0.000000] ACPI: LAPIC (acpi_id[0x02] lapic_id[0x04] disabled)
[    0.000000] ACPI: LAPIC (acpi_id[0x03] lapic_id[0x06] disabled)
[    0.000000] ACPI: LAPIC (acpi_id[0x04] lapic_id[0x08] disabled)
[    0.000000] ACPI: LAPIC (acpi_id[0x05] lapic_id[0x0a] disabled)
[    0.000000] ACPI: LAPIC (acpi_id[0x06] lapic_id[0x0c] disabled)
[    0.000000] ACPI: LAPIC (acpi_id[0x07] lapic_id[0x0e] disabled)
[    0.000000] ACPI: LAPIC (acpi_id[0x08] lapic_id[0x10] disabled)
[    0.000000] ACPI: LAPIC (acpi_id[0x09] lapic_id[0x12] disabled)
[    0.000000] ACPI: LAPIC (acpi_id[0x0a] lapic_id[0x14] disabled)
[    0.000000] ACPI: LAPIC (acpi_id[0x0b] lapic_id[0x16] disabled)
[    0.000000] ACPI: LAPIC (acpi_id[0x0c] lapic_id[0x18] disabled)
[    0.000000] ACPI: LAPIC (acpi_id[0x0d] lapic_id[0x1a] disabled)
[    0.000000] ACPI: LAPIC (acpi_id[0x0e] lapic_id[0x1c] disabled)
[    0.000000] ACPI: LAPIC (acpi_id[0x0f] lapic_id[0x1e] disabled)
[    0.000000] ACPI: LAPIC (acpi_id[0x10] lapic_id[0x20] disabled)
[    0.000000] ACPI: LAPIC (acpi_id[0x11] lapic_id[0x22] disabled)
[    0.000000] ACPI: LAPIC (acpi_id[0x12] lapic_id[0x24] disabled)
[    0.000000] ACPI: LAPIC (acpi_id[0x13] lapic_id[0x26] disabled)
[    0.000000] ACPI: LAPIC (acpi_id[0x14] lapic_id[0x28] disabled)
[    0.000000] ACPI: LAPIC (acpi_id[0x15] lapic_id[0x2a] disabled)
[    0.000000] ACPI: LAPIC (acpi_id[0x16] lapic_id[0x2c] disabled)
[    0.000000] ACPI: LAPIC (acpi_id[0x17] lapic_id[0x2e] disabled)
[    0.000000] ACPI: LAPIC (acpi_id[0x18] lapic_id[0x30] disabled)
[    0.000000] ACPI: LAPIC (acpi_id[0x19] lapic_id[0x32] disabled)
[    0.000000] ACPI: LAPIC (acpi_id[0x1a] lapic_id[0x34] disabled)
[    0.000000] ACPI: LAPIC (acpi_id[0x1b] lapic_id[0x36] disabled)
[    0.000000] ACPI: LAPIC (acpi_id[0x1c] lapic_id[0x38] disabled)
[    0.000000] ACPI: LAPIC (acpi_id[0x1d] lapic_id[0x3a] disabled)
[    0.000000] ACPI: LAPIC (acpi_id[0x1e] lapic_id[0x3c] disabled)
[    0.000000] ACPI: LAPIC (acpi_id[0x1f] lapic_id[0x3e] disabled)
[    0.000000] ACPI: LAPIC (acpi_id[0x20] lapic_id[0x40] disabled)
[    0.000000] ACPI: LAPIC (acpi_id[0x21] lapic_id[0x42] disabled)
[    0.000000] ACPI: LAPIC (acpi_id[0x22] lapic_id[0x44] disabled)
[    0.000000] ACPI: LAPIC (acpi_id[0x23] lapic_id[0x46] disabled)
[    0.000000] ACPI: LAPIC (acpi_id[0x24] lapic_id[0x48] disabled)
[    0.000000] ACPI: LAPIC (acpi_id[0x25] lapic_id[0x4a] disabled)
[    0.000000] ACPI: LAPIC (acpi_id[0x26] lapic_id[0x4c] disabled)
[    0.000000] ACPI: LAPIC (acpi_id[0x27] lapic_id[0x4e] disabled)
[    0.000000] ACPI: LAPIC (acpi_id[0x28] lapic_id[0x50] disabled)
[    0.000000] ACPI: LAPIC (acpi_id[0x29] lapic_id[0x52] disabled)
[    0.000000] ACPI: LAPIC (acpi_id[0x2a] lapic_id[0x54] disabled)
[    0.000000] ACPI: LAPIC (acpi_id[0x2b] lapic_id[0x56] disabled)
[    0.000000] ACPI: LAPIC (acpi_id[0x2c] lapic_id[0x58] disabled)
[    0.000000] ACPI: LAPIC (acpi_id[0x2d] lapic_id[0x5a] disabled)
[    0.000000] ACPI: LAPIC (acpi_id[0x2e] lapic_id[0x5c] disabled)
[    0.000000] ACPI: LAPIC (acpi_id[0x2f] lapic_id[0x5e] disabled)
[    0.000000] ACPI: LAPIC (acpi_id[0x30] lapic_id[0x60] disabled)
[    0.000000] ACPI: LAPIC (acpi_id[0x31] lapic_id[0x62] disabled)
[    0.000000] ACPI: LAPIC (acpi_id[0x32] lapic_id[0x64] disabled)
[    0.000000] ACPI: LAPIC (acpi_id[0x33] lapic_id[0x66] disabled)
[    0.000000] ACPI: LAPIC (acpi_id[0x34] lapic_id[0x68] disabled)
[    0.000000] ACPI: LAPIC (acpi_id[0x35] lapic_id[0x6a] disabled)
[    0.000000] ACPI: LAPIC (acpi_id[0x36] lapic_id[0x6c] disabled)
[    0.000000] ACPI: LAPIC (acpi_id[0x37] lapic_id[0x6e] disabled)
[    0.000000] ACPI: LAPIC (acpi_id[0x38] lapic_id[0x70] disabled)
[    0.000000] ACPI: LAPIC (acpi_id[0x39] lapic_id[0x72] disabled)
[    0.000000] ACPI: LAPIC (acpi_id[0x3a] lapic_id[0x74] disabled)
[    0.000000] ACPI: LAPIC (acpi_id[0x3b] lapic_id[0x76] disabled)
[    0.000000] ACPI: LAPIC (acpi_id[0x3c] lapic_id[0x78] disabled)
[    0.000000] ACPI: LAPIC (acpi_id[0x3d] lapic_id[0x7a] disabled)
[    0.000000] ACPI: LAPIC (acpi_id[0x3e] lapic_id[0x7c] disabled)
[    0.000000] ACPI: LAPIC (acpi_id[0x3f] lapic_id[0x7e] disabled)
[    0.000000] ACPI: LAPIC_NMI (acpi_id[0x00] high edge lint[0x1])
[    0.000000] ACPI: LAPIC_NMI (acpi_id[0x01] high edge lint[0x1])
[    0.000000] ACPI: LAPIC_NMI (acpi_id[0x02] high edge lint[0x1])
[    0.000000] ACPI: LAPIC_NMI (acpi_id[0x03] high edge lint[0x1])
[    0.000000] ACPI: LAPIC_NMI (acpi_id[0x04] high edge lint[0x1])
[    0.000000] ACPI: LAPIC_NMI (acpi_id[0x05] high edge lint[0x1])
[    0.000000] ACPI: LAPIC_NMI (acpi_id[0x06] high edge lint[0x1])
[    0.000000] ACPI: LAPIC_NMI (acpi_id[0x07] high edge lint[0x1])
[    0.000000] ACPI: LAPIC_NMI (acpi_id[0x08] high edge lint[0x1])
[    0.000000] ACPI: LAPIC_NMI (acpi_id[0x09] high edge lint[0x1])
[    0.000000] ACPI: LAPIC_NMI (acpi_id[0x0a] high edge lint[0x1])
[    0.000000] ACPI: LAPIC_NMI (acpi_id[0x0b] high edge lint[0x1])
[    0.000000] ACPI: LAPIC_NMI (acpi_id[0x0c] high edge lint[0x1])
[    0.000000] ACPI: LAPIC_NMI (acpi_id[0x0d] high edge lint[0x1])
[    0.000000] ACPI: LAPIC_NMI (acpi_id[0x0e] high edge lint[0x1])
[    0.000000] ACPI: LAPIC_NMI (acpi_id[0x0f] high edge lint[0x1])
[    0.000000] ACPI: LAPIC_NMI (acpi_id[0x10] high edge lint[0x1])
[    0.000000] ACPI: LAPIC_NMI (acpi_id[0x11] high edge lint[0x1])
[    0.000000] ACPI: LAPIC_NMI (acpi_id[0x12] high edge lint[0x1])
[    0.000000] ACPI: LAPIC_NMI (acpi_id[0x13] high edge lint[0x1])
[    0.000000] ACPI: LAPIC_NMI (acpi_id[0x14] high edge lint[0x1])
[    0.000000] ACPI: LAPIC_NMI (acpi_id[0x15] high edge lint[0x1])
[    0.000000] ACPI: LAPIC_NMI (acpi_id[0x16] high edge lint[0x1])
[    0.000000] ACPI: LAPIC_NMI (acpi_id[0x17] high edge lint[0x1])
[    0.000000] ACPI: LAPIC_NMI (acpi_id[0x18] high edge lint[0x1])
[    0.000000] ACPI: LAPIC_NMI (acpi_id[0x19] high edge lint[0x1])
[    0.000000] ACPI: LAPIC_NMI (acpi_id[0x1a] high edge lint[0x1])
[    0.000000] ACPI: LAPIC_NMI (acpi_id[0x1b] high edge lint[0x1])
[    0.000000] ACPI: LAPIC_NMI (acpi_id[0x1c] high edge lint[0x1])
[    0.000000] ACPI: LAPIC_NMI (acpi_id[0x1d] high edge lint[0x1])
[    0.000000] ACPI: LAPIC_NMI (acpi_id[0x1e] high edge lint[0x1])
[    0.000000] ACPI: LAPIC_NMI (acpi_id[0x1f] high edge lint[0x1])
[    0.000000] ACPI: LAPIC_NMI (acpi_id[0x20] high edge lint[0x1])
[    0.000000] ACPI: LAPIC_NMI (acpi_id[0x21] high edge lint[0x1])
[    0.000000] ACPI: LAPIC_NMI (acpi_id[0x22] high edge lint[0x1])
[    0.000000] ACPI: LAPIC_NMI (acpi_id[0x23] high edge lint[0x1])
[    0.000000] ACPI: LAPIC_NMI (acpi_id[0x24] high edge lint[0x1])
[    0.000000] ACPI: LAPIC_NMI (acpi_id[0x25] high edge lint[0x1])
[    0.000000] ACPI: LAPIC_NMI (acpi_id[0x26] high edge lint[0x1])
[    0.000000] ACPI: LAPIC_NMI (acpi_id[0x27] high edge lint[0x1])
[    0.000000] ACPI: LAPIC_NMI (acpi_id[0x28] high edge lint[0x1])
[    0.000000] ACPI: LAPIC_NMI (acpi_id[0x29] high edge lint[0x1])
[    0.000000] ACPI: LAPIC_NMI (acpi_id[0x2a] high edge lint[0x1])
[    0.000000] ACPI: LAPIC_NMI (acpi_id[0x2b] high edge lint[0x1])
[    0.000000] ACPI: LAPIC_NMI (acpi_id[0x2c] high edge lint[0x1])
[    0.000000] ACPI: LAPIC_NMI (acpi_id[0x2d] high edge lint[0x1])
[    0.000000] ACPI: LAPIC_NMI (acpi_id[0x2e] high edge lint[0x1])
[    0.000000] ACPI: LAPIC_NMI (acpi_id[0x2f] high edge lint[0x1])
[    0.000000] ACPI: LAPIC_NMI (acpi_id[0x30] high edge lint[0x1])
[    0.000000] ACPI: LAPIC_NMI (acpi_id[0x31] high edge lint[0x1])
[    0.000000] ACPI: LAPIC_NMI (acpi_id[0x32] high edge lint[0x1])
[    0.000000] ACPI: LAPIC_NMI (acpi_id[0x33] high edge lint[0x1])
[    0.000000] ACPI: LAPIC_NMI (acpi_id[0x34] high edge lint[0x1])
[    0.000000] ACPI: LAPIC_NMI (acpi_id[0x35] high edge lint[0x1])
[    0.000000] ACPI: LAPIC_NMI (acpi_id[0x36] high edge lint[0x1])
[    0.000000] ACPI: LAPIC_NMI (acpi_id[0x37] high edge lint[0x1])
[    0.000000] ACPI: LAPIC_NMI (acpi_id[0x38] high edge lint[0x1])
[    0.000000] ACPI: LAPIC_NMI (acpi_id[0x39] high edge lint[0x1])
[    0.000000] ACPI: LAPIC_NMI (acpi_id[0x3a] high edge lint[0x1])
[    0.000000] ACPI: LAPIC_NMI (acpi_id[0x3b] high edge lint[0x1])
[    0.000000] ACPI: LAPIC_NMI (acpi_id[0x3c] high edge lint[0x1])
[    0.000000] ACPI: LAPIC_NMI (acpi_id[0x3d] high edge lint[0x1])
[    0.000000] ACPI: LAPIC_NMI (acpi_id[0x3e] high edge lint[0x1])
[    0.000000] ACPI: LAPIC_NMI (acpi_id[0x3f] high edge lint[0x1])
[    0.000000] ACPI: Skipping IOAPIC probe due to 'noapic' option.
[    0.000000] Using ACPI for processor (LAPIC) configuration information
[    0.000000] ACPI: HPET id: 0x8086af01 base: 0xfed00000
[    0.000000] Intel MultiProcessor Specification v1.4
[    0.000000]     Virtual Wire compatibility mode.
[    0.000000] MPTABLE: OEM ID: INTEL   
[    0.000000] MPTABLE: Product ID: 440BX       
[    0.000000] MPTABLE: APIC at: 0xFEE00000
[    0.000000] IOAPIC[0]: apic_id 1, version 17, address 0xfec00000, GSI 0-23
[    0.000000] Processors: 1
[    0.000000] SMP: Allowing 1 CPUs, 0 hotplug CPUs
[    0.000000] nr_irqs_gsi: 40
[    0.000000] PM: Registered nosave memory: 000000000009f000 - 00000000000a0000
[    0.000000] PM: Registered nosave memory: 00000000000a0000 - 00000000000ca000
[    0.000000] PM: Registered nosave memory: 00000000000ca000 - 00000000000cc000
[    0.000000] PM: Registered nosave memory: 00000000000cc000 - 00000000000dc000
[    0.000000] PM: Registered nosave memory: 00000000000dc000 - 0000000000100000
[    0.000000] Allocating PCI resources starting at 40000000 (gap: 40000000:a0000000)
[    0.000000] Booting paravirtualized kernel on bare hardware
[    0.000000] setup_percpu: NR_CPUS:8 nr_cpumask_bits:8 nr_cpu_ids:1 nr_node_ids:1
[    0.000000] PERCPU: Embedded 14 pages/cpu @f73e8000 s34240 r0 d23104 u57344
[    0.000000] pcpu-alloc: s34240 r0 d23104 u57344 alloc=14*4096
[    0.000000] pcpu-alloc: [0] 0 
[    0.000000] Built 1 zonelists in Zone order, mobility grouping on.  Total pages: 259950
[    0.000000] Kernel command line: BOOT_IMAGE=/boot/vmlinuz-3.2.0-29-generic-pae root=UUID=007b598c-390d-4c65-84a1-4ff752d48633 ro quiet splash maxcpus=0
[    0.000000] PID hash table entries: 4096 (order: 2, 16384 bytes)
[    0.000000] Dentry cache hash table entries: 131072 (order: 7, 524288 bytes)
[    0.000000] Inode-cache hash table entries: 65536 (order: 6, 262144 bytes)
[    0.000000] Initializing CPU#0
[    0.000000] xsave/xrstor: enabled xstate_bv 0x7, cntxt size 0x340
[    0.000000] allocated 4194048 bytes of page_cgroup
[    0.000000] please try 'cgroup_disable=memory' option if you don't want memory cgroups
[    0.000000] Initializing HighMem for node 0 (00037bfe:00040000)
[    0.000000] Memory: 1010624k/1048576k available (5814k kernel code, 37372k reserved, 2841k data, 740k init, 135048k highmem)
[    0.000000] virtual kernel memory layout:
[    0.000000]     fixmap  : 0xfff16000 - 0xfffff000   ( 932 kB)
[    0.000000]     pkmap   : 0xffc00000 - 0xffe00000   (2048 kB)
[    0.000000]     vmalloc : 0xf83fe000 - 0xffbfe000   ( 120 MB)
[    0.000000]     lowmem  : 0xc0000000 - 0xf7bfe000   ( 891 MB)
[    0.000000]       .init : 0xc1875000 - 0xc192e000   ( 740 kB)
[    0.000000]       .data : 0xc15adb64 - 0xc1874240   (2841 kB)
[    0.000000]       .text : 0xc1000000 - 0xc15adb64   (5814 kB)
[    0.000000] Checking if this processor honours the WP bit even in supervisor mode...Ok.
[    0.000000] SLUB: Genslabs=15, HWalign=64, Order=0-3, MinObjects=0, CPUs=1, Nodes=1
[    0.000000] Hierarchical RCU implementation.
[    0.000000] 	RCU dyntick-idle grace-period acceleration is enabled.
[    0.000000] NR_IRQS:2304 nr_irqs:256 16
[    0.000000] CPU 0 irqstacks, hard=f5c08000 soft=f5c0a000
[    0.000000] Extended CMOS year: 2000
[    0.000000] Console: colour VGA+ 80x25
[    0.000000] console [tty0] enabled
[    0.000000] hpet clockevent registered
[    0.000000] TSC freq read from hypervisor : 2394.620 MHz
[    0.000000] Detected 2394.620 MHz processor.
[    0.000001] Calibrating delay loop (skipped) preset value.. 4789.24 BogoMIPS (lpj=9578480)
[    0.000004] pid_max: default: 32768 minimum: 301
[    0.000022] Security Framework initialized
[    0.000039] AppArmor: AppArmor initialized
[    0.000041] Yama: becoming mindful.
[    0.000091] Mount-cache hash table entries: 512
[    0.000196] Initializing cgroup subsys cpuacct
[    0.000201] Initializing cgroup subsys memory
[    0.000207] Initializing cgroup subsys devices
[    0.000209] Initializing cgroup subsys freezer
[    0.000211] Initializing cgroup subsys blkio
[    0.000217] Initializing cgroup subsys perf_event
[    0.000269] Disabled fast string operations
[    0.000273] CPU: Physical Processor ID: 0
[    0.000284] ENERGY_PERF_BIAS: Set to 'normal', was 'performance'
[    0.000286] ENERGY_PERF_BIAS: View and update with x86_energy_perf_policy(8)
[    0.000929] mce: CPU supports 0 MCE banks
[    0.001821] SMP alternatives: switching to UP code
[    0.021373] Freeing SMP alternatives: 24k freed
[    0.021379] ACPI: Core revision 20110623
[    0.028399] ACPI: setting ELCR to 0200 (from 0e20)
[    0.029890] ftrace: allocating 26545 entries in 52 pages
[    0.054574] SMP mode deactivated.
[    0.054619] SMP disabled
[    0.054621] Performance Events: generic architected perfmon v1, core PMU driver.
[    0.054634] ... version:                1
[    0.054636] ... bit width:              48
[    0.054637] ... generic registers:      4
[    0.054638] ... value mask:             0000ffffffffffff
[    0.054640] ... max period:             000000007fffffff
[    0.054641] ... fixed-purpose events:   0
[    0.054642] ... event mask:             000000000000000f
[    0.054759] NMI watchdog enabled, takes one hw-pmu counter.
[    0.054783] Brought up 1 CPUs
[    0.054785] Total of 1 processors activated (4789.24 BogoMIPS).
[    0.054922] devtmpfs: initialized
[    0.055019] EVM: security.selinux
[    0.055021] EVM: security.SMACK64
[    0.055022] EVM: security.capability
[    0.055055] PM: Registering ACPI NVS region at 3feff000 (4096 bytes)
[    0.055981] print_constraints: dummy: 
[    0.056089] RTC time:  6:40:24, date: 05/27/13
[    0.056127] NET: Registered protocol family 16
[    0.056222] EISA bus registered
[    0.056236] ACPI: bus type pci registered
[    0.056370] PCI: MMCONFIG for domain 0000 [bus 00-ff] at [mem 0xe0000000-0xefffffff] (base 0xe0000000)
[    0.056373] PCI: MMCONFIG at [mem 0xe0000000-0xefffffff] reserved in E820
[    0.056374] PCI: Using MMCONFIG for extended config space
[    0.056376] PCI: Using configuration type 1 for base access
[    0.057163] bio: create slab <bio-0> at 0
[    0.057227] ACPI: Added _OSI(Module Device)
[    0.057228] ACPI: Added _OSI(Processor Device)
[    0.057229] ACPI: Added _OSI(3.0 _SCP Extensions)
[    0.057231] ACPI: Added _OSI(Processor Aggregator Device)
[    0.059103] ACPI: EC: Look up EC in DSDT
[    0.063607] [Firmware Bug]: ACPI: BIOS _OSI(Linux) query ignored
[    0.071223] ACPI: Interpreter enabled
[    0.071232] ACPI: (supports S0 S1 S4 S5)
[    0.071242] ACPI: Using PIC for interrupt routing
[    0.114146] ACPI: No dock devices found.
[    0.114149] HEST: Table not found.
[    0.114154] PCI: Using host bridge windows from ACPI; if necessary, use "pci=nocrs" and report a bug
[    0.114867] ACPI: PCI Root Bridge [PCI0] (domain 0000 [bus 00-ff])
[    0.116173] pci_root PNP0A03:00: host bridge window [mem 0x000a0000-0x000bffff]
[    0.116175] pci_root PNP0A03:00: host bridge window [mem 0x000cc000-0x000cffff]
[    0.116177] pci_root PNP0A03:00: host bridge window [mem 0x000d0000-0x000d3fff]
[    0.116178] pci_root PNP0A03:00: host bridge window [mem 0x000d4000-0x000d7fff]
[    0.116180] pci_root PNP0A03:00: host bridge window [mem 0x000d8000-0x000dbfff]
[    0.116182] pci_root PNP0A03:00: host bridge window [mem 0xc0000000-0xfebfffff]
[    0.116183] pci_root PNP0A03:00: host bridge window [io  0x0000-0x0cf7]
[    0.116185] pci_root PNP0A03:00: host bridge window [io  0x0d00-0xfeff]
[    0.116241] pci 0000:00:00.0: [8086:7190] type 0 class 0x000600
[    0.116781] pci 0000:00:01.0: [8086:7191] type 1 class 0x000604
[    0.117304] pci 0000:00:07.0: [8086:7110] type 0 class 0x000601
[    0.118182] pci 0000:00:07.1: [8086:7111] type 0 class 0x000101
[    0.120588] pci 0000:00:07.1: reg 20: [io  0x10c0-0x10cf]
[    0.121596] pci 0000:00:07.3: [8086:7113] type 0 class 0x000680
[    0.123210] pci 0000:00:07.3: quirk: [io  0x1000-0x103f] claimed by PIIX4 ACPI
[    0.123223] pci 0000:00:07.3: quirk: [io  0x1040-0x104f] claimed by PIIX4 SMB
[    0.123447] pci 0000:00:07.7: [15ad:0740] type 0 class 0x000880
[    0.123949] pci 0000:00:07.7: reg 10: [io  0x1080-0x10bf]
[    0.124593] pci 0000:00:07.7: reg 14: [mem 0xc8000000-0xc8001fff 64bit]
[    0.127508] pci 0000:00:0f.0: [15ad:0405] type 0 class 0x000300
[    0.130102] pci 0000:00:0f.0: reg 10: [io  0x10d0-0x10df]
[    0.132067] pci 0000:00:0f.0: reg 14: [mem 0xd0000000-0xd7ffffff pref]
[    0.134008] pci 0000:00:0f.0: reg 18: [mem 0xc8800000-0xc8ffffff]
[    0.141850] pci 0000:00:0f.0: reg 30: [mem 0x00000000-0x00007fff pref]
[    0.142133] pci 0000:00:10.0: [1000:0030] type 0 class 0x000100
[    0.142681] pci 0000:00:10.0: reg 10: [io  0x1400-0x14ff]
[    0.143380] pci 0000:00:10.0: reg 14: [mem 0xc8040000-0xc805ffff 64bit]
[    0.144097] pci 0000:00:10.0: reg 1c: [mem 0xc8020000-0xc803ffff 64bit]
[    0.145128] pci 0000:00:10.0: reg 30: [mem 0x00000000-0x00003fff pref]
[    0.145276] pci 0000:00:11.0: [15ad:0790] type 1 class 0x000604
[    0.145943] pci 0000:00:15.0: [15ad:07a0] type 1 class 0x000604
[    0.146634] pci 0000:00:15.0: PME# supported from D0 D3hot D3cold
[    0.146657] pci 0000:00:15.0: PME# disabled
[    0.146871] pci 0000:00:15.1: [15ad:07a0] type 1 class 0x000604
[    0.147554] pci 0000:00:15.1: PME# supported from D0 D3hot D3cold
[    0.147576] pci 0000:00:15.1: PME# disabled
[    0.147805] pci 0000:00:15.2: [15ad:07a0] type 1 class 0x000604
[    0.148490] pci 0000:00:15.2: PME# supported from D0 D3hot D3cold
[    0.148512] pci 0000:00:15.2: PME# disabled
[    0.148726] pci 0000:00:15.3: [15ad:07a0] type 1 class 0x000604
[    0.149421] pci 0000:00:15.3: PME# supported from D0 D3hot D3cold
[    0.149443] pci 0000:00:15.3: PME# disabled
[    0.149655] pci 0000:00:15.4: [15ad:07a0] type 1 class 0x000604
[    0.150337] pci 0000:00:15.4: PME# supported from D0 D3hot D3cold
[    0.150358] pci 0000:00:15.4: PME# disabled
[    0.150594] pci 0000:00:15.5: [15ad:07a0] type 1 class 0x000604
[    0.151275] pci 0000:00:15.5: PME# supported from D0 D3hot D3cold
[    0.151296] pci 0000:00:15.5: PME# disabled
[    0.151522] pci 0000:00:15.6: [15ad:07a0] type 1 class 0x000604
[    0.152219] pci 0000:00:15.6: PME# supported from D0 D3hot D3cold
[    0.152240] pci 0000:00:15.6: PME# disabled
[    0.152462] pci 0000:00:15.7: [15ad:07a0] type 1 class 0x000604
[    0.153143] pci 0000:00:15.7: PME# supported from D0 D3hot D3cold
[    0.153165] pci 0000:00:15.7: PME# disabled
[    0.153378] pci 0000:00:16.0: [15ad:07a0] type 1 class 0x000604
[    0.154135] pci 0000:00:16.0: PME# supported from D0 D3hot D3cold
[    0.154157] pci 0000:00:16.0: PME# disabled
[    0.154370] pci 0000:00:16.1: [15ad:07a0] type 1 class 0x000604
[    0.155063] pci 0000:00:16.1: PME# supported from D0 D3hot D3cold
[    0.155084] pci 0000:00:16.1: PME# disabled
[    0.155298] pci 0000:00:16.2: [15ad:07a0] type 1 class 0x000604
[    0.156002] pci 0000:00:16.2: PME# supported from D0 D3hot D3cold
[    0.156023] pci 0000:00:16.2: PME# disabled
[    0.156236] pci 0000:00:16.3: [15ad:07a0] type 1 class 0x000604
[    0.156930] pci 0000:00:16.3: PME# supported from D0 D3hot D3cold
[    0.156952] pci 0000:00:16.3: PME# disabled
[    0.157165] pci 0000:00:16.4: [15ad:07a0] type 1 class 0x000604
[    0.157873] pci 0000:00:16.4: PME# supported from D0 D3hot D3cold
[    0.157895] pci 0000:00:16.4: PME# disabled
[    0.158114] pci 0000:00:16.5: [15ad:07a0] type 1 class 0x000604
[    0.158804] pci 0000:00:16.5: PME# supported from D0 D3hot D3cold
[    0.158825] pci 0000:00:16.5: PME# disabled
[    0.159038] pci 0000:00:16.6: [15ad:07a0] type 1 class 0x000604
[    0.159760] pci 0000:00:16.6: PME# supported from D0 D3hot D3cold
[    0.159782] pci 0000:00:16.6: PME# disabled
[    0.159996] pci 0000:00:16.7: [15ad:07a0] type 1 class 0x000604
[    0.160694] pci 0000:00:16.7: PME# supported from D0 D3hot D3cold
[    0.160716] pci 0000:00:16.7: PME# disabled
[    0.160929] pci 0000:00:17.0: [15ad:07a0] type 1 class 0x000604
[    0.161628] pci 0000:00:17.0: PME# supported from D0 D3hot D3cold
[    0.161649] pci 0000:00:17.0: PME# disabled
[    0.161863] pci 0000:00:17.1: [15ad:07a0] type 1 class 0x000604
[    0.162553] pci 0000:00:17.1: PME# supported from D0 D3hot D3cold
[    0.162574] pci 0000:00:17.1: PME# disabled
[    0.162788] pci 0000:00:17.2: [15ad:07a0] type 1 class 0x000604
[    0.163548] pci 0000:00:17.2: PME# supported from D0 D3hot D3cold
[    0.163578] pci 0000:00:17.2: PME# disabled
[    0.163873] pci 0000:00:17.3: [15ad:07a0] type 1 class 0x000604
[    0.164768] pci 0000:00:17.3: PME# supported from D0 D3hot D3cold
[    0.164797] pci 0000:00:17.3: PME# disabled
[    0.165070] pci 0000:00:17.4: [15ad:07a0] type 1 class 0x000604
[    0.165974] pci 0000:00:17.4: PME# supported from D0 D3hot D3cold
[    0.166002] pci 0000:00:17.4: PME# disabled
[    0.166280] pci 0000:00:17.5: [15ad:07a0] type 1 class 0x000604
[    0.167182] pci 0000:00:17.5: PME# supported from D0 D3hot D3cold
[    0.167209] pci 0000:00:17.5: PME# disabled
[    0.167510] pci 0000:00:17.6: [15ad:07a0] type 1 class 0x000604
[    0.168567] pci 0000:00:17.6: PME# supported from D0 D3hot D3cold
[    0.168595] pci 0000:00:17.6: PME# disabled
[    0.168867] pci 0000:00:17.7: [15ad:07a0] type 1 class 0x000604
[    0.169767] pci 0000:00:17.7: PME# supported from D0 D3hot D3cold
[    0.169794] pci 0000:00:17.7: PME# disabled
[    0.170067] pci 0000:00:18.0: [15ad:07a0] type 1 class 0x000604
[    0.170969] pci 0000:00:18.0: PME# supported from D0 D3hot D3cold
[    0.170996] pci 0000:00:18.0: PME# disabled
[    0.171267] pci 0000:00:18.1: [15ad:07a0] type 1 class 0x000604
[    0.172029] pci 0000:00:18.1: PME# supported from D0 D3hot D3cold
[    0.172051] pci 0000:00:18.1: PME# disabled
[    0.172267] pci 0000:00:18.2: [15ad:07a0] type 1 class 0x000604
[    0.172953] pci 0000:00:18.2: PME# supported from D0 D3hot D3cold
[    0.172974] pci 0000:00:18.2: PME# disabled
[    0.173187] pci 0000:00:18.3: [15ad:07a0] type 1 class 0x000604
[    0.173904] pci 0000:00:18.3: PME# supported from D0 D3hot D3cold
[    0.173925] pci 0000:00:18.3: PME# disabled
[    0.174138] pci 0000:00:18.4: [15ad:07a0] type 1 class 0x000604
[    0.174830] pci 0000:00:18.4: PME# supported from D0 D3hot D3cold
[    0.174852] pci 0000:00:18.4: PME# disabled
[    0.175072] pci 0000:00:18.5: [15ad:07a0] type 1 class 0x000604
[    0.175776] pci 0000:00:18.5: PME# supported from D0 D3hot D3cold
[    0.175798] pci 0000:00:18.5: PME# disabled
[    0.176013] pci 0000:00:18.6: [15ad:07a0] type 1 class 0x000604
[    0.176700] pci 0000:00:18.6: PME# supported from D0 D3hot D3cold
[    0.176722] pci 0000:00:18.6: PME# disabled
[    0.176936] pci 0000:00:18.7: [15ad:07a0] type 1 class 0x000604
[    0.177626] pci 0000:00:18.7: PME# supported from D0 D3hot D3cold
[    0.177648] pci 0000:00:18.7: PME# disabled
[    0.178186] pci 0000:00:01.0: PCI bridge to [bus 01-01]
[    0.178469] pci 0000:02:00.0: [15ad:0774] type 0 class 0x000c03
[    0.179758] pci 0000:02:00.0: reg 20: [io  0x20c0-0x20df]
[    0.180382] pci 0000:02:01.0: [1022:2000] type 0 class 0x000200
[    0.180656] pci 0000:02:01.0: reg 10: [io  0x2000-0x207f]
[    0.182479] pci 0000:02:01.0: reg 30: [mem 0x00000000-0x0000ffff pref]
[    0.182630] pci 0000:02:02.0: [1274:1371] type 0 class 0x000401
[    0.183087] pci 0000:02:02.0: reg 10: [io  0x2080-0x20bf]
[    0.185474] pci 0000:02:03.0: [15ad:0770] type 0 class 0x000c03
[    0.185750] pci 0000:02:03.0: reg 10: [mem 0xc9000000-0xc9000fff]
[    0.187500] pci 0000:00:11.0: PCI bridge to [bus 02-02] (subtractive decode)
[    0.187525] pci 0000:00:11.0:   bridge window [io  0x2000-0x3fff]
[    0.187549] pci 0000:00:11.0:   bridge window [mem 0xc9000000-0xca3fffff]
[    0.187592] pci 0000:00:11.0:   bridge window [mem 0xd8400000-0xd89fffff 64bit pref]
[    0.187595] pci 0000:00:11.0:   bridge window [mem 0x000a0000-0x000bffff] (subtractive decode)
[    0.187596] pci 0000:00:11.0:   bridge window [mem 0x000cc000-0x000cffff] (subtractive decode)
[    0.187598] pci 0000:00:11.0:   bridge window [mem 0x000d0000-0x000d3fff] (subtractive decode)
[    0.187599] pci 0000:00:11.0:   bridge window [mem 0x000d4000-0x000d7fff] (subtractive decode)
[    0.187601] pci 0000:00:11.0:   bridge window [mem 0x000d8000-0x000dbfff] (subtractive decode)
[    0.187603] pci 0000:00:11.0:   bridge window [mem 0xc0000000-0xfebfffff] (subtractive decode)
[    0.187604] pci 0000:00:11.0:   bridge window [io  0x0000-0x0cf7] (subtractive decode)
[    0.187606] pci 0000:00:11.0:   bridge window [io  0x0d00-0xfeff] (subtractive decode)
[    0.188093] pci 0000:00:15.0: PCI bridge to [bus 03-03]
[    0.188116] pci 0000:00:15.0:   bridge window [io  0x4000-0x4fff]
[    0.188140] pci 0000:00:15.0:   bridge window [mem 0xca400000-0xca4fffff]
[    0.188185] pci 0000:00:15.0:   bridge window [mem 0xd8a00000-0xd8afffff 64bit pref]
[    0.188659] pci 0000:00:15.1: PCI bridge to [bus 04-04]
[    0.188682] pci 0000:00:15.1:   bridge window [io  0x8000-0x8fff]
[    0.188705] pci 0000:00:15.1:   bridge window [mem 0xca800000-0xca8fffff]
[    0.188749] pci 0000:00:15.1:   bridge window [mem 0xd8e00000-0xd8efffff 64bit pref]
[    0.189211] pci 0000:00:15.2: PCI bridge to [bus 05-05]
[    0.189234] pci 0000:00:15.2:   bridge window [io  0xc000-0xcfff]
[    0.189257] pci 0000:00:15.2:   bridge window [mem 0xcac00000-0xcacfffff]
[    0.189300] pci 0000:00:15.2:   bridge window [mem 0xd9200000-0xd92fffff 64bit pref]
[    0.189775] pci 0000:00:15.3: PCI bridge to [bus 06-06]
[    0.189818] pci 0000:00:15.3:   bridge window [mem 0xcb000000-0xcb0fffff]
[    0.189862] pci 0000:00:15.3:   bridge window [mem 0xd9600000-0xd96fffff 64bit pref]
[    0.190325] pci 0000:00:15.4: PCI bridge to [bus 07-07]
[    0.190377] pci 0000:00:15.4:   bridge window [mem 0xcb400000-0xcb4fffff]
[    0.190421] pci 0000:00:15.4:   bridge window [mem 0xd9a00000-0xd9afffff 64bit pref]
[    0.190889] pci 0000:00:15.5: PCI bridge to [bus 08-08]
[    0.190932] pci 0000:00:15.5:   bridge window [mem 0xcb800000-0xcb8fffff]
[    0.190976] pci 0000:00:15.5:   bridge window [mem 0xd9e00000-0xd9efffff 64bit pref]
[    0.191441] pci 0000:00:15.6: PCI bridge to [bus 09-09]
[    0.191484] pci 0000:00:15.6:   bridge window [mem 0xcbc00000-0xcbcfffff]
[    0.191528] pci 0000:00:15.6:   bridge window [mem 0xda200000-0xda2fffff 64bit pref]
[    0.192006] pci 0000:00:15.7: PCI bridge to [bus 0a-0a]
[    0.192049] pci 0000:00:15.7:   bridge window [mem 0xcc000000-0xcc0fffff]
[    0.192093] pci 0000:00:15.7:   bridge window [mem 0xda600000-0xda6fffff 64bit pref]
[    0.192564] pci 0000:00:16.0: PCI bridge to [bus 0b-0b]
[    0.192587] pci 0000:00:16.0:   bridge window [io  0x5000-0x5fff]
[    0.192609] pci 0000:00:16.0:   bridge window [mem 0xca500000-0xca5fffff]
[    0.192653] pci 0000:00:16.0:   bridge window [mem 0xd8b00000-0xd8bfffff 64bit pref]
[    0.193114] pci 0000:00:16.1: PCI bridge to [bus 0c-0c]
[    0.193136] pci 0000:00:16.1:   bridge window [io  0x9000-0x9fff]
[    0.193159] pci 0000:00:16.1:   bridge window [mem 0xca900000-0xca9fffff]
[    0.193203] pci 0000:00:16.1:   bridge window [mem 0xd8f00000-0xd8ffffff 64bit pref]
[    0.193681] pci 0000:00:16.2: PCI bridge to [bus 0d-0d]
[    0.193704] pci 0000:00:16.2:   bridge window [io  0xd000-0xdfff]
[    0.193727] pci 0000:00:16.2:   bridge window [mem 0xcad00000-0xcadfffff]
[    0.193771] pci 0000:00:16.2:   bridge window [mem 0xd9300000-0xd93fffff 64bit pref]
[    0.194236] pci 0000:00:16.3: PCI bridge to [bus 0e-0e]
[    0.194280] pci 0000:00:16.3:   bridge window [mem 0xcb100000-0xcb1fffff]
[    0.194323] pci 0000:00:16.3:   bridge window [mem 0xd9700000-0xd97fffff 64bit pref]
[    0.194812] pci 0000:00:16.4: PCI bridge to [bus 0f-0f]
[    0.194855] pci 0000:00:16.4:   bridge window [mem 0xcb500000-0xcb5fffff]
[    0.194899] pci 0000:00:16.4:   bridge window [mem 0xd9b00000-0xd9bfffff 64bit pref]
[    0.195372] pci 0000:00:16.5: PCI bridge to [bus 10-10]
[    0.195416] pci 0000:00:16.5:   bridge window [mem 0xcb900000-0xcb9fffff]
[    0.195460] pci 0000:00:16.5:   bridge window [mem 0xd9f00000-0xd9ffffff 64bit pref]
[    0.195938] pci 0000:00:16.6: PCI bridge to [bus 11-11]
[    0.195982] pci 0000:00:16.6:   bridge window [mem 0xcbd00000-0xcbdfffff]
[    0.196026] pci 0000:00:16.6:   bridge window [mem 0xda300000-0xda3fffff 64bit pref]
[    0.196490] pci 0000:00:16.7: PCI bridge to [bus 12-12]
[    0.196534] pci 0000:00:16.7:   bridge window [mem 0xcc100000-0xcc1fffff]
[    0.196578] pci 0000:00:16.7:   bridge window [mem 0xda700000-0xda7fffff 64bit pref]
[    0.197041] pci 0000:00:17.0: PCI bridge to [bus 13-13]
[    0.197063] pci 0000:00:17.0:   bridge window [io  0x6000-0x6fff]
[    0.197086] pci 0000:00:17.0:   bridge window [mem 0xca600000-0xca6fffff]
[    0.197130] pci 0000:00:17.0:   bridge window [mem 0xd8c00000-0xd8cfffff 64bit pref]
[    0.197599] pci 0000:00:17.1: PCI bridge to [bus 14-14]
[    0.197622] pci 0000:00:17.1:   bridge window [io  0xa000-0xafff]
[    0.197645] pci 0000:00:17.1:   bridge window [mem 0xcaa00000-0xcaafffff]
[    0.197688] pci 0000:00:17.1:   bridge window [mem 0xd9000000-0xd90fffff 64bit pref]
[    0.198151] pci 0000:00:17.2: PCI bridge to [bus 15-15]
[    0.198174] pci 0000:00:17.2:   bridge window [io  0xe000-0xefff]
[    0.198197] pci 0000:00:17.2:   bridge window [mem 0xcae00000-0xcaefffff]
[    0.198240] pci 0000:00:17.2:   bridge window [mem 0xd9400000-0xd94fffff 64bit pref]
[    0.198715] pci 0000:00:17.3: PCI bridge to [bus 16-16]
[    0.198758] pci 0000:00:17.3:   bridge window [mem 0xcb200000-0xcb2fffff]
[    0.198802] pci 0000:00:17.3:   bridge window [mem 0xd9800000-0xd98fffff 64bit pref]
[    0.199264] pci 0000:00:17.4: PCI bridge to [bus 17-17]
[    0.199307] pci 0000:00:17.4:   bridge window [mem 0xcb600000-0xcb6fffff]
[    0.199364] pci 0000:00:17.4:   bridge window [mem 0xd9c00000-0xd9cfffff 64bit pref]
[    0.199842] pci 0000:00:17.5: PCI bridge to [bus 18-18]
[    0.199886] pci 0000:00:17.5:   bridge window [mem 0xcba00000-0xcbafffff]
[    0.199931] pci 0000:00:17.5:   bridge window [mem 0xda000000-0xda0fffff 64bit pref]
[    0.200401] pci 0000:00:17.6: PCI bridge to [bus 19-19]
[    0.200445] pci 0000:00:17.6:   bridge window [mem 0xcbe00000-0xcbefffff]
[    0.200489] pci 0000:00:17.6:   bridge window [mem 0xda400000-0xda4fffff 64bit pref]
[    0.200950] pci 0000:00:17.7: PCI bridge to [bus 1a-1a]
[    0.200993] pci 0000:00:17.7:   bridge window [mem 0xcc200000-0xcc2fffff]
[    0.201036] pci 0000:00:17.7:   bridge window [mem 0xda800000-0xda8fffff 64bit pref]
[    0.201511] pci 0000:00:18.0: PCI bridge to [bus 1b-1b]
[    0.201533] pci 0000:00:18.0:   bridge window [io  0x7000-0x7fff]
[    0.201557] pci 0000:00:18.0:   bridge window [mem 0xca700000-0xca7fffff]
[    0.201600] pci 0000:00:18.0:   bridge window [mem 0xd8d00000-0xd8dfffff 64bit pref]
[    0.202062] pci 0000:00:18.1: PCI bridge to [bus 1c-1c]
[    0.202085] pci 0000:00:18.1:   bridge window [io  0xb000-0xbfff]
[    0.202108] pci 0000:00:18.1:   bridge window [mem 0xcab00000-0xcabfffff]
[    0.202152] pci 0000:00:18.1:   bridge window [mem 0xd9100000-0xd91fffff 64bit pref]
[    0.202615] pci 0000:00:18.2: PCI bridge to [bus 1d-1d]
[    0.202637] pci 0000:00:18.2:   bridge window [io  0xf000-0xffff]
[    0.202660] pci 0000:00:18.2:   bridge window [mem 0xcaf00000-0xcaffffff]
[    0.202704] pci 0000:00:18.2:   bridge window [mem 0xd9500000-0xd95fffff 64bit pref]
[    0.203170] pci 0000:00:18.3: PCI bridge to [bus 1e-1e]
[    0.203214] pci 0000:00:18.3:   bridge window [mem 0xcb300000-0xcb3fffff]
[    0.203257] pci 0000:00:18.3:   bridge window [mem 0xd9900000-0xd99fffff 64bit pref]
[    0.203746] pci 0000:00:18.4: PCI bridge to [bus 1f-1f]
[    0.203790] pci 0000:00:18.4:   bridge window [mem 0xcb700000-0xcb7fffff]
[    0.203834] pci 0000:00:18.4:   bridge window [mem 0xd9d00000-0xd9dfffff 64bit pref]
[    0.204298] pci 0000:00:18.5: PCI bridge to [bus 20-20]
[    0.204374] pci 0000:00:18.5:   bridge window [mem 0xcbb00000-0xcbbfffff]
[    0.204418] pci 0000:00:18.5:   bridge window [mem 0xda100000-0xda1fffff 64bit pref]
[    0.204882] pci 0000:00:18.6: PCI bridge to [bus 21-21]
[    0.204926] pci 0000:00:18.6:   bridge window [mem 0xcbf00000-0xcbffffff]
[    0.204969] pci 0000:00:18.6:   bridge window [mem 0xda500000-0xda5fffff 64bit pref]
[    0.205452] pci 0000:00:18.7: PCI bridge to [bus 22-22]
[    0.205496] pci 0000:00:18.7:   bridge window [mem 0xcc300000-0xcc3fffff]
[    0.205539] pci 0000:00:18.7:   bridge window [mem 0xda900000-0xda9fffff 64bit pref]
[    0.207257] pci_bus 0000:00: on NUMA node 0
[    0.207265] ACPI: PCI Interrupt Routing Table [\_SB_.PCI0._PRT]
[    0.207887]  pci0000:00: Requesting ACPI _OSC control (0x1d)
[    0.208091]  pci0000:00: ACPI _OSC control (0x15) granted
[    0.283531] ACPI: PCI Interrupt Link [LNKA] (IRQs 3 4 5 6 7 *9 10 11 14 15)
[    0.283623] ACPI: PCI Interrupt Link [LNKB] (IRQs 3 4 5 6 7 9 10 *11 14 15)
[    0.283690] ACPI: PCI Interrupt Link [LNKC] (IRQs 3 4 5 6 7 9 *10 11 14 15)
[    0.283756] ACPI: PCI Interrupt Link [LNKD] (IRQs 3 4 *5 6 7 9 10 11 14 15)
[    0.283892] vgaarb: device added: PCI:0000:00:0f.0,decodes=io+mem,owns=io+mem,locks=none
[    0.283901] vgaarb: loaded
[    0.283902] vgaarb: bridge control possible 0000:00:0f.0
[    0.283980] i2c-core: driver [aat2870] using legacy suspend method
[    0.283981] i2c-core: driver [aat2870] using legacy resume method
[    0.284043] SCSI subsystem initialized
[    0.284080] libata version 3.00 loaded.
[    0.284109] usbcore: registered new interface driver usbfs
[    0.284119] usbcore: registered new interface driver hub
[    0.284141] usbcore: registered new device driver usb
[    0.284223] PCI: Using ACPI for IRQ routing
[    0.356576] PCI: pci_cache_line_size set to 64 bytes
[    0.356598] pci 0000:00:18.2: no compatible bridge window for [io  0xf000-0xffff]
[    0.357667] reserve RAM buffer: 000000000009f000 - 000000000009ffff 
[    0.357669] reserve RAM buffer: 000000003fee0000 - 000000003fffffff 
[    0.357771] NetLabel: Initializing
[    0.357773] NetLabel:  domain hash size = 128
[    0.357773] NetLabel:  protocols = UNLABELED CIPSOv4
[    0.357781] NetLabel:  unlabeled traffic allowed by default
[    0.357842] hpet0: at MMIO 0xfed00000, IRQs 2, 8, 0, 0, 0, 0, 0, 0, 0, 0, 0, 0, 0, 0, 0, 0
[    0.357848] hpet0: 16 comparators, 64-bit 14.318180 MHz counter
[    0.359880] Switching to clocksource hpet
[    0.365194] AppArmor: AppArmor Filesystem Enabled
[    0.365213] pnp: PnP ACPI init
[    0.365228] ACPI: bus type pnp registered
[    0.365859] pnp 00:00: [bus 00-ff]
[    0.365862] pnp 00:00: [mem 0x000a0000-0x000bffff window]
[    0.365863] pnp 00:00: [mem 0x000c0000-0x000c3fff window]
[    0.365865] pnp 00:00: [mem 0x000c4000-0x000c7fff window]
[    0.365866] pnp 00:00: [mem 0x000c8000-0x000cbfff window]
[    0.365868] pnp 00:00: [mem 0x000cc000-0x000cffff window]
[    0.365869] pnp 00:00: [mem 0x000d0000-0x000d3fff window]
[    0.365870] pnp 00:00: [mem 0x000d4000-0x000d7fff window]
[    0.365872] pnp 00:00: [mem 0x000d8000-0x000dbfff window]
[    0.365873] pnp 00:00: [mem 0x000dc000-0x000dffff window]
[    0.365875] pnp 00:00: [mem 0x000e0000-0x000e3fff window]
[    0.365876] pnp 00:00: [mem 0x000e4000-0x000e7fff window]
[    0.365877] pnp 00:00: [mem 0x000e8000-0x000ebfff window]
[    0.365879] pnp 00:00: [mem 0x000ec000-0x000effff window]
[    0.365880] pnp 00:00: [mem 0xc0000000-0xfebfffff window]
[    0.365882] pnp 00:00: [io  0x0cf8-0x0cff]
[    0.365884] pnp 00:00: [io  0x0000-0x0cf7 window]
[    0.365885] pnp 00:00: [io  0x0d00-0xfeff window]
[    0.365922] pnp 00:00: Plug and Play ACPI device, IDs PNP0a03 PNP0a08 (active)
[    0.365985] pnp 00:01: [io  0x0010-0x001f]
[    0.365986] pnp 00:01: [io  0x0024-0x0025]
[    0.365987] pnp 00:01: [io  0x0028-0x0029]
[    0.365988] pnp 00:01: [io  0x002c-0x002d]
[    0.365990] pnp 00:01: [io  0x002e-0x002f]
[    0.365991] pnp 00:01: [io  0x0030-0x0031]
[    0.365992] pnp 00:01: [io  0x0034-0x0035]
[    0.365993] pnp 00:01: [io  0x0038-0x0039]
[    0.365994] pnp 00:01: [io  0x003c-0x003d]
[    0.365995] pnp 00:01: [io  0x0050-0x0053]
[    0.365996] pnp 00:01: [io  0x0072-0x0077]
[    0.365997] pnp 00:01: [io  0x0080]
[    0.365999] pnp 00:01: [io  0x0090-0x009f]
[    0.366000] pnp 00:01: [io  0x00a4-0x00a5]
[    0.366001] pnp 00:01: [io  0x00a8-0x00a9]
[    0.366002] pnp 00:01: [io  0x00ac-0x00ad]
[    0.366003] pnp 00:01: [io  0x00b0-0x00b5]
[    0.366004] pnp 00:01: [io  0x00b8-0x00b9]
[    0.366005] pnp 00:01: [io  0x00bc-0x00bd]
[    0.366007] pnp 00:01: [io  0x1000-0x103f]
[    0.366008] pnp 00:01: [io  0x1040-0x104f]
[    0.366009] pnp 00:01: [io  0x0cf0-0x0cf1]
[    0.366065] system 00:01: [io  0x1000-0x103f] has been reserved
[    0.366069] system 00:01: [io  0x1040-0x104f] has been reserved
[    0.366071] system 00:01: [io  0x0cf0-0x0cf1] has been reserved
[    0.366073] system 00:01: Plug and Play ACPI device, IDs PNP0c02 (active)
[    0.366096] pnp 00:02: [io  0x0000-0x000f]
[    0.366099] pnp 00:02: [io  0x0081-0x008f]
[    0.366100] pnp 00:02: [io  0x00c0-0x00df]
[    0.366101] pnp 00:02: [dma 4]
[    0.366121] pnp 00:02: Plug and Play ACPI device, IDs PNP0200 (active)
[    0.366127] pnp 00:03: [io  0x0020-0x0021]
[    0.366128] pnp 00:03: [io  0x00a0-0x00a1]
[    0.366129] pnp 00:03: [io  0x04d0-0x04d1]
[    0.366131] pnp 00:03: [irq 2 disabled]
[    0.366146] pnp 00:03: Plug and Play ACPI device, IDs PNP0001 (active)
[    0.366153] pnp 00:04: [io  0x0070-0x0071]
[    0.366155] pnp 00:04: [irq 8]
[    0.366168] pnp 00:04: Plug and Play ACPI device, IDs PNP0b00 (active)
[    0.366173] pnp 00:05: [io  0x0061]
[    0.366185] pnp 00:05: Plug and Play ACPI device, IDs PNP0800 (active)
[    0.366190] pnp 00:06: [io  0x0060]
[    0.366191] pnp 00:06: [io  0x0064]
[    0.366192] pnp 00:06: [irq 1]
[    0.366207] pnp 00:06: Plug and Play ACPI device, IDs PNP0303 (active)
[    0.366212] pnp 00:07: [irq 12]
[    0.366225] pnp 00:07: Plug and Play ACPI device, IDs PNP0f13 (active)
[    0.366388] pnp 00:08: [mem 0xfed00000-0xfed003ff]
[    0.366422] system 00:08: [mem 0xfed00000-0xfed003ff] has been reserved
[    0.366424] system 00:08: Plug and Play ACPI device, IDs PNP0103 PNP0c01 (active)
[    0.371128] pnp 00:09: [io  0x0378-0x037f]
[    0.371131] pnp 00:09: [irq 7]
[    0.372374] pnp 00:09: Plug and Play ACPI device, IDs PNP0400 (active)
[    0.376724] pnp 00:0a: [io  0x03f8-0x03ff]
[    0.376727] pnp 00:0a: [irq 4]
[    0.377930] pnp 00:0a: Plug and Play ACPI device, IDs PNP0501 (active)
[    0.381495] pnp 00:0b: [io  0x02f8-0x02ff]
[    0.381498] pnp 00:0b: [irq 3]
[    0.382698] pnp 00:0b: Plug and Play ACPI device, IDs PNP0501 (active)
[    0.388044] pnp 00:0c: [io  0x03f0-0x03f5]
[    0.388046] pnp 00:0c: [io  0x03f7]
[    0.388048] pnp 00:0c: [irq 6]
[    0.388066] pnp 00:0c: [dma 2]
[    0.389168] pnp 00:0c: Plug and Play ACPI device, IDs PNP0700 (active)
[    0.389331] pnp 00:0d: [mem 0xe0000000-0xefffffff]
[    0.389333] pnp 00:0d: [io  0x1060-0x107f]
[    0.389334] pnp 00:0d: [mem 0xc8200000-0xc83fffff]
[    0.389377] system 00:0d: [io  0x1060-0x107f] has been reserved
[    0.389380] system 00:0d: [mem 0xe0000000-0xefffffff] has been reserved
[    0.389382] system 00:0d: [mem 0xc8200000-0xc83fffff] has been reserved
[    0.389384] system 00:0d: Plug and Play ACPI device, IDs PNP0c02 (active)
[    0.394270] pnp: PnP ACPI: found 14 devices
[    0.394272] ACPI: ACPI bus type pnp unregistered
[    0.394275] PnPBIOS: Disabled by ACPI PNP
[    0.429954] PCI: max bus depth: 1 pci_try_num: 2
[    0.431821] pci 0000:00:0f.0: BAR 6: assigned [mem 0xc0000000-0xc0007fff pref]
[    0.431827] pci 0000:00:10.0: BAR 6: assigned [mem 0xc0008000-0xc000bfff pref]
[    0.431834] pci 0000:00:18.7: BAR 13: can't assign io (size 0x1000)
[    0.431838] pci 0000:00:18.6: BAR 13: can't assign io (size 0x1000)
[    0.431842] pci 0000:00:18.5: BAR 13: can't assign io (size 0x1000)
[    0.431846] pci 0000:00:18.4: BAR 13: can't assign io (size 0x1000)
[    0.431851] pci 0000:00:18.3: BAR 13: can't assign io (size 0x1000)
[    0.431855] pci 0000:00:18.2: BAR 13: can't assign io (size 0x1000)
[    0.431859] pci 0000:00:17.7: BAR 13: can't assign io (size 0x1000)
[    0.431863] pci 0000:00:17.6: BAR 13: can't assign io (size 0x1000)
[    0.431867] pci 0000:00:17.5: BAR 13: can't assign io (size 0x1000)
[    0.431871] pci 0000:00:17.4: BAR 13: can't assign io (size 0x1000)
[    0.431875] pci 0000:00:17.3: BAR 13: can't assign io (size 0x1000)
[    0.431879] pci 0000:00:16.7: BAR 13: can't assign io (size 0x1000)
[    0.431883] pci 0000:00:16.6: BAR 13: can't assign io (size 0x1000)
[    0.431887] pci 0000:00:16.5: BAR 13: can't assign io (size 0x1000)
[    0.431892] pci 0000:00:16.4: BAR 13: can't assign io (size 0x1000)
[    0.431896] pci 0000:00:16.3: BAR 13: can't assign io (size 0x1000)
[    0.431900] pci 0000:00:15.7: BAR 13: can't assign io (size 0x1000)
[    0.431904] pci 0000:00:15.6: BAR 13: can't assign io (size 0x1000)
[    0.431908] pci 0000:00:15.5: BAR 13: can't assign io (size 0x1000)
[    0.431912] pci 0000:00:15.4: BAR 13: can't assign io (size 0x1000)
[    0.431916] pci 0000:00:15.3: BAR 13: can't assign io (size 0x1000)
[    0.431920] pci 0000:00:01.0: PCI bridge to [bus 01-01]
[    0.431957] pci 0000:02:01.0: BAR 6: assigned [mem 0xd8400000-0xd840ffff pref]
[    0.431961] pci 0000:00:11.0: PCI bridge to [bus 02-02]
[    0.431977] pci 0000:00:11.0:   bridge window [io  0x2000-0x3fff]
[    0.432014] pci 0000:00:11.0:   bridge window [mem 0xc9000000-0xca3fffff]
[    0.432041] pci 0000:00:11.0:   bridge window [mem 0xd8400000-0xd89fffff 64bit pref]
[    0.432079] pci 0000:00:15.0: PCI bridge to [bus 03-03]
[    0.432095] pci 0000:00:15.0:   bridge window [io  0x4000-0x4fff]
[    0.432132] pci 0000:00:15.0:   bridge window [mem 0xca400000-0xca4fffff]
[    0.432159] pci 0000:00:15.0:   bridge window [mem 0xd8a00000-0xd8afffff 64bit pref]
[    0.432197] pci 0000:00:15.1: PCI bridge to [bus 04-04]
[    0.432212] pci 0000:00:15.1:   bridge window [io  0x8000-0x8fff]
[    0.432250] pci 0000:00:15.1:   bridge window [mem 0xca800000-0xca8fffff]
[    0.432277] pci 0000:00:15.1:   bridge window [mem 0xd8e00000-0xd8efffff 64bit pref]
[    0.432314] pci 0000:00:15.2: PCI bridge to [bus 05-05]
[    0.432329] pci 0000:00:15.2:   bridge window [io  0xc000-0xcfff]
[    0.432367] pci 0000:00:15.2:   bridge window [mem 0xcac00000-0xcacfffff]
[    0.432393] pci 0000:00:15.2:   bridge window [mem 0xd9200000-0xd92fffff 64bit pref]
[    0.432431] pci 0000:00:15.3: PCI bridge to [bus 06-06]
[    0.432468] pci 0000:00:15.3:   bridge window [mem 0xcb000000-0xcb0fffff]
[    0.432495] pci 0000:00:15.3:   bridge window [mem 0xd9600000-0xd96fffff 64bit pref]
[    0.432533] pci 0000:00:15.4: PCI bridge to [bus 07-07]
[    0.432570] pci 0000:00:15.4:   bridge window [mem 0xcb400000-0xcb4fffff]
[    0.432597] pci 0000:00:15.4:   bridge window [mem 0xd9a00000-0xd9afffff 64bit pref]
[    0.432634] pci 0000:00:15.5: PCI bridge to [bus 08-08]
[    0.432671] pci 0000:00:15.5:   bridge window [mem 0xcb800000-0xcb8fffff]
[    0.432698] pci 0000:00:15.5:   bridge window [mem 0xd9e00000-0xd9efffff 64bit pref]
[    0.432736] pci 0000:00:15.6: PCI bridge to [bus 09-09]
[    0.432773] pci 0000:00:15.6:   bridge window [mem 0xcbc00000-0xcbcfffff]
[    0.432800] pci 0000:00:15.6:   bridge window [mem 0xda200000-0xda2fffff 64bit pref]
[    0.432838] pci 0000:00:15.7: PCI bridge to [bus 0a-0a]
[    0.432875] pci 0000:00:15.7:   bridge window [mem 0xcc000000-0xcc0fffff]
[    0.432902] pci 0000:00:15.7:   bridge window [mem 0xda600000-0xda6fffff 64bit pref]
[    0.432940] pci 0000:00:16.0: PCI bridge to [bus 0b-0b]
[    0.432955] pci 0000:00:16.0:   bridge window [io  0x5000-0x5fff]
[    0.432992] pci 0000:00:16.0:   bridge window [mem 0xca500000-0xca5fffff]
[    0.433019] pci 0000:00:16.0:   bridge window [mem 0xd8b00000-0xd8bfffff 64bit pref]
[    0.433057] pci 0000:00:16.1: PCI bridge to [bus 0c-0c]
[    0.433073] pci 0000:00:16.1:   bridge window [io  0x9000-0x9fff]
[    0.433110] pci 0000:00:16.1:   bridge window [mem 0xca900000-0xca9fffff]
[    0.433137] pci 0000:00:16.1:   bridge window [mem 0xd8f00000-0xd8ffffff 64bit pref]
[    0.433175] pci 0000:00:16.2: PCI bridge to [bus 0d-0d]
[    0.433190] pci 0000:00:16.2:   bridge window [io  0xd000-0xdfff]
[    0.433228] pci 0000:00:16.2:   bridge window [mem 0xcad00000-0xcadfffff]
[    0.433254] pci 0000:00:16.2:   bridge window [mem 0xd9300000-0xd93fffff 64bit pref]
[    0.433291] pci 0000:00:16.3: PCI bridge to [bus 0e-0e]
[    0.433329] pci 0000:00:16.3:   bridge window [mem 0xcb100000-0xcb1fffff]
[    0.433356] pci 0000:00:16.3:   bridge window [mem 0xd9700000-0xd97fffff 64bit pref]
[    0.433393] pci 0000:00:16.4: PCI bridge to [bus 0f-0f]
[    0.433430] pci 0000:00:16.4:   bridge window [mem 0xcb500000-0xcb5fffff]
[    0.433457] pci 0000:00:16.4:   bridge window [mem 0xd9b00000-0xd9bfffff 64bit pref]
[    0.433495] pci 0000:00:16.5: PCI bridge to [bus 10-10]
[    0.433532] pci 0000:00:16.5:   bridge window [mem 0xcb900000-0xcb9fffff]
[    0.433559] pci 0000:00:16.5:   bridge window [mem 0xd9f00000-0xd9ffffff 64bit pref]
[    0.433597] pci 0000:00:16.6: PCI bridge to [bus 11-11]
[    0.433634] pci 0000:00:16.6:   bridge window [mem 0xcbd00000-0xcbdfffff]
[    0.433661] pci 0000:00:16.6:   bridge window [mem 0xda300000-0xda3fffff 64bit pref]
[    0.433698] pci 0000:00:16.7: PCI bridge to [bus 12-12]
[    0.433736] pci 0000:00:16.7:   bridge window [mem 0xcc100000-0xcc1fffff]
[    0.433762] pci 0000:00:16.7:   bridge window [mem 0xda700000-0xda7fffff 64bit pref]
[    0.433800] pci 0000:00:17.0: PCI bridge to [bus 13-13]
[    0.433837] pci 0000:00:17.0:   bridge window [io  0x6000-0x6fff]
[    0.433875] pci 0000:00:17.0:   bridge window [mem 0xca600000-0xca6fffff]
[    0.433901] pci 0000:00:17.0:   bridge window [mem 0xd8c00000-0xd8cfffff 64bit pref]
[    0.433939] pci 0000:00:17.1: PCI bridge to [bus 14-14]
[    0.433955] pci 0000:00:17.1:   bridge window [io  0xa000-0xafff]
[    0.433992] pci 0000:00:17.1:   bridge window [mem 0xcaa00000-0xcaafffff]
[    0.434019] pci 0000:00:17.1:   bridge window [mem 0xd9000000-0xd90fffff 64bit pref]
[    0.434056] pci 0000:00:17.2: PCI bridge to [bus 15-15]
[    0.434072] pci 0000:00:17.2:   bridge window [io  0xe000-0xefff]
[    0.434109] pci 0000:00:17.2:   bridge window [mem 0xcae00000-0xcaefffff]
[    0.434136] pci 0000:00:17.2:   bridge window [mem 0xd9400000-0xd94fffff 64bit pref]
[    0.434173] pci 0000:00:17.3: PCI bridge to [bus 16-16]
[    0.434211] pci 0000:00:17.3:   bridge window [mem 0xcb200000-0xcb2fffff]
[    0.434237] pci 0000:00:17.3:   bridge window [mem 0xd9800000-0xd98fffff 64bit pref]
[    0.434275] pci 0000:00:17.4: PCI bridge to [bus 17-17]
[    0.434312] pci 0000:00:17.4:   bridge window [mem 0xcb600000-0xcb6fffff]
[    0.434339] pci 0000:00:17.4:   bridge window [mem 0xd9c00000-0xd9cfffff 64bit pref]
[    0.434377] pci 0000:00:17.5: PCI bridge to [bus 18-18]
[    0.434414] pci 0000:00:17.5:   bridge window [mem 0xcba00000-0xcbafffff]
[    0.434441] pci 0000:00:17.5:   bridge window [mem 0xda000000-0xda0fffff 64bit pref]
[    0.434478] pci 0000:00:17.6: PCI bridge to [bus 19-19]
[    0.434516] pci 0000:00:17.6:   bridge window [mem 0xcbe00000-0xcbefffff]
[    0.434542] pci 0000:00:17.6:   bridge window [mem 0xda400000-0xda4fffff 64bit pref]
[    0.434580] pci 0000:00:17.7: PCI bridge to [bus 1a-1a]
[    0.434617] pci 0000:00:17.7:   bridge window [mem 0xcc200000-0xcc2fffff]
[    0.434644] pci 0000:00:17.7:   bridge window [mem 0xda800000-0xda8fffff 64bit pref]
[    0.434681] pci 0000:00:18.0: PCI bridge to [bus 1b-1b]
[    0.434697] pci 0000:00:18.0:   bridge window [io  0x7000-0x7fff]
[    0.434734] pci 0000:00:18.0:   bridge window [mem 0xca700000-0xca7fffff]
[    0.434761] pci 0000:00:18.0:   bridge window [mem 0xd8d00000-0xd8dfffff 64bit pref]
[    0.434799] pci 0000:00:18.1: PCI bridge to [bus 1c-1c]
[    0.434814] pci 0000:00:18.1:   bridge window [io  0xb000-0xbfff]
[    0.434851] pci 0000:00:18.1:   bridge window [mem 0xcab00000-0xcabfffff]
[    0.434878] pci 0000:00:18.1:   bridge window [mem 0xd9100000-0xd91fffff 64bit pref]
[    0.434915] pci 0000:00:18.2: PCI bridge to [bus 1d-1d]
[    0.434953] pci 0000:00:18.2:   bridge window [mem 0xcaf00000-0xcaffffff]
[    0.434980] pci 0000:00:18.2:   bridge window [mem 0xd9500000-0xd95fffff 64bit pref]
[    0.435017] pci 0000:00:18.3: PCI bridge to [bus 1e-1e]
[    0.435055] pci 0000:00:18.3:   bridge window [mem 0xcb300000-0xcb3fffff]
[    0.435082] pci 0000:00:18.3:   bridge window [mem 0xd9900000-0xd99fffff 64bit pref]
[    0.435119] pci 0000:00:18.4: PCI bridge to [bus 1f-1f]
[    0.435157] pci 0000:00:18.4:   bridge window [mem 0xcb700000-0xcb7fffff]
[    0.435184] pci 0000:00:18.4:   bridge window [mem 0xd9d00000-0xd9dfffff 64bit pref]
[    0.435221] pci 0000:00:18.5: PCI bridge to [bus 20-20]
[    0.435259] pci 0000:00:18.5:   bridge window [mem 0xcbb00000-0xcbbfffff]
[    0.435286] pci 0000:00:18.5:   bridge window [mem 0xda100000-0xda1fffff 64bit pref]
[    0.435323] pci 0000:00:18.6: PCI bridge to [bus 21-21]
[    0.435361] pci 0000:00:18.6:   bridge window [mem 0xcbf00000-0xcbffffff]
[    0.435388] pci 0000:00:18.6:   bridge window [mem 0xda500000-0xda5fffff 64bit pref]
[    0.435425] pci 0000:00:18.7: PCI bridge to [bus 22-22]
[    0.435462] pci 0000:00:18.7:   bridge window [mem 0xcc300000-0xcc3fffff]
[    0.435489] pci 0000:00:18.7:   bridge window [mem 0xda900000-0xda9fffff 64bit pref]
[    0.435527] pci 0000:00:01.0: setting latency timer to 64
[    0.435564] pci 0000:00:15.0: setting latency timer to 64
[    0.435601] pci 0000:00:15.1: setting latency timer to 64
[    0.435639] pci 0000:00:15.2: setting latency timer to 64
[    0.435676] pci 0000:00:15.3: setting latency timer to 64
[    0.435714] pci 0000:00:15.4: setting latency timer to 64
[    0.435795] pci 0000:00:15.5: setting latency timer to 64
[    0.435832] pci 0000:00:15.6: setting latency timer to 64
[    0.435870] pci 0000:00:15.7: setting latency timer to 64
[    0.435907] pci 0000:00:16.0: setting latency timer to 64
[    0.435945] pci 0000:00:16.1: setting latency timer to 64
[    0.435982] pci 0000:00:16.2: setting latency timer to 64
[    0.436019] pci 0000:00:16.3: setting latency timer to 64
[    0.436057] pci 0000:00:16.4: setting latency timer to 64
[    0.436094] pci 0000:00:16.5: setting latency timer to 64
[    0.436132] pci 0000:00:16.6: setting latency timer to 64
[    0.436169] pci 0000:00:16.7: setting latency timer to 64
[    0.436206] pci 0000:00:17.0: setting latency timer to 64
[    0.436244] pci 0000:00:17.1: setting latency timer to 64
[    0.436281] pci 0000:00:17.2: setting latency timer to 64
[    0.436319] pci 0000:00:17.3: setting latency timer to 64
[    0.436356] pci 0000:00:17.4: setting latency timer to 64
[    0.436393] pci 0000:00:17.5: setting latency timer to 64
[    0.436431] pci 0000:00:17.6: setting latency timer to 64
[    0.436468] pci 0000:00:17.7: setting latency timer to 64
[    0.436506] pci 0000:00:18.0: setting latency timer to 64
[    0.436543] pci 0000:00:18.1: setting latency timer to 64
[    0.436581] pci 0000:00:18.2: setting latency timer to 64
[    0.436618] pci 0000:00:18.3: setting latency timer to 64
[    0.436655] pci 0000:00:18.4: setting latency timer to 64
[    0.436693] pci 0000:00:18.5: setting latency timer to 64
[    0.436730] pci 0000:00:18.6: setting latency timer to 64
[    0.436768] pci 0000:00:18.7: setting latency timer to 64
[    0.436784] pci_bus 0000:00: resource 4 [mem 0x000a0000-0x000bffff]
[    0.436787] pci_bus 0000:00: resource 5 [mem 0x000cc000-0x000cffff]
[    0.436789] pci_bus 0000:00: resource 6 [mem 0x000d0000-0x000d3fff]
[    0.436792] pci_bus 0000:00: resource 7 [mem 0x000d4000-0x000d7fff]
[    0.436795] pci_bus 0000:00: resource 8 [mem 0x000d8000-0x000dbfff]
[    0.436798] pci_bus 0000:00: resource 9 [mem 0xc0000000-0xfebfffff]
[    0.436801] pci_bus 0000:00: resource 10 [io  0x0000-0x0cf7]
[    0.436804] pci_bus 0000:00: resource 11 [io  0x0d00-0xfeff]
[    0.436807] pci_bus 0000:02: resource 0 [io  0x2000-0x3fff]
[    0.436810] pci_bus 0000:02: resource 1 [mem 0xc9000000-0xca3fffff]
[    0.436813] pci_bus 0000:02: resource 2 [mem 0xd8400000-0xd89fffff 64bit pref]
[    0.436816] pci_bus 0000:02: resource 4 [mem 0x000a0000-0x000bffff]
[    0.436819] pci_bus 0000:02: resource 5 [mem 0x000cc000-0x000cffff]
[    0.436821] pci_bus 0000:02: resource 6 [mem 0x000d0000-0x000d3fff]
[    0.436824] pci_bus 0000:02: resource 7 [mem 0x000d4000-0x000d7fff]
[    0.436827] pci_bus 0000:02: resource 8 [mem 0x000d8000-0x000dbfff]
[    0.436830] pci_bus 0000:02: resource 9 [mem 0xc0000000-0xfebfffff]
[    0.436833] pci_bus 0000:02: resource 10 [io  0x0000-0x0cf7]
[    0.436836] pci_bus 0000:02: resource 11 [io  0x0d00-0xfeff]
[    0.436839] pci_bus 0000:03: resource 0 [io  0x4000-0x4fff]
[    0.436841] pci_bus 0000:03: resource 1 [mem 0xca400000-0xca4fffff]
[    0.436844] pci_bus 0000:03: resource 2 [mem 0xd8a00000-0xd8afffff 64bit pref]
[    0.436847] pci_bus 0000:04: resource 0 [io  0x8000-0x8fff]
[    0.436850] pci_bus 0000:04: resource 1 [mem 0xca800000-0xca8fffff]
[    0.436853] pci_bus 0000:04: resource 2 [mem 0xd8e00000-0xd8efffff 64bit pref]
[    0.436856] pci_bus 0000:05: resource 0 [io  0xc000-0xcfff]
[    0.436859] pci_bus 0000:05: resource 1 [mem 0xcac00000-0xcacfffff]
[    0.436862] pci_bus 0000:05: resource 2 [mem 0xd9200000-0xd92fffff 64bit pref]
[    0.436865] pci_bus 0000:06: resource 1 [mem 0xcb000000-0xcb0fffff]
[    0.436868] pci_bus 0000:06: resource 2 [mem 0xd9600000-0xd96fffff 64bit pref]
[    0.436871] pci_bus 0000:07: resource 1 [mem 0xcb400000-0xcb4fffff]
[    0.436874] pci_bus 0000:07: resource 2 [mem 0xd9a00000-0xd9afffff 64bit pref]
[    0.436877] pci_bus 0000:08: resource 1 [mem 0xcb800000-0xcb8fffff]
[    0.436880] pci_bus 0000:08: resource 2 [mem 0xd9e00000-0xd9efffff 64bit pref]
[    0.436883] pci_bus 0000:09: resource 1 [mem 0xcbc00000-0xcbcfffff]
[    0.436886] pci_bus 0000:09: resource 2 [mem 0xda200000-0xda2fffff 64bit pref]
[    0.436889] pci_bus 0000:0a: resource 1 [mem 0xcc000000-0xcc0fffff]
[    0.436892] pci_bus 0000:0a: resource 2 [mem 0xda600000-0xda6fffff 64bit pref]
[    0.436895] pci_bus 0000:0b: resource 0 [io  0x5000-0x5fff]
[    0.436898] pci_bus 0000:0b: resource 1 [mem 0xca500000-0xca5fffff]
[    0.436901] pci_bus 0000:0b: resource 2 [mem 0xd8b00000-0xd8bfffff 64bit pref]
[    0.436904] pci_bus 0000:0c: resource 0 [io  0x9000-0x9fff]
[    0.436907] pci_bus 0000:0c: resource 1 [mem 0xca900000-0xca9fffff]
[    0.436910] pci_bus 0000:0c: resource 2 [mem 0xd8f00000-0xd8ffffff 64bit pref]
[    0.436913] pci_bus 0000:0d: resource 0 [io  0xd000-0xdfff]
[    0.436916] pci_bus 0000:0d: resource 1 [mem 0xcad00000-0xcadfffff]
[    0.436919] pci_bus 0000:0d: resource 2 [mem 0xd9300000-0xd93fffff 64bit pref]
[    0.436922] pci_bus 0000:0e: resource 1 [mem 0xcb100000-0xcb1fffff]
[    0.436925] pci_bus 0000:0e: resource 2 [mem 0xd9700000-0xd97fffff 64bit pref]
[    0.436928] pci_bus 0000:0f: resource 1 [mem 0xcb500000-0xcb5fffff]
[    0.436931] pci_bus 0000:0f: resource 2 [mem 0xd9b00000-0xd9bfffff 64bit pref]
[    0.436934] pci_bus 0000:10: resource 1 [mem 0xcb900000-0xcb9fffff]
[    0.436937] pci_bus 0000:10: resource 2 [mem 0xd9f00000-0xd9ffffff 64bit pref]
[    0.436940] pci_bus 0000:11: resource 1 [mem 0xcbd00000-0xcbdfffff]
[    0.436943] pci_bus 0000:11: resource 2 [mem 0xda300000-0xda3fffff 64bit pref]
[    0.436946] pci_bus 0000:12: resource 1 [mem 0xcc100000-0xcc1fffff]
[    0.436949] pci_bus 0000:12: resource 2 [mem 0xda700000-0xda7fffff 64bit pref]
[    0.436952] pci_bus 0000:13: resource 0 [io  0x6000-0x6fff]
[    0.436955] pci_bus 0000:13: resource 1 [mem 0xca600000-0xca6fffff]
[    0.436958] pci_bus 0000:13: resource 2 [mem 0xd8c00000-0xd8cfffff 64bit pref]
[    0.436961] pci_bus 0000:14: resource 0 [io  0xa000-0xafff]
[    0.436964] pci_bus 0000:14: resource 1 [mem 0xcaa00000-0xcaafffff]
[    0.436966] pci_bus 0000:14: resource 2 [mem 0xd9000000-0xd90fffff 64bit pref]
[    0.436969] pci_bus 0000:15: resource 0 [io  0xe000-0xefff]
[    0.436972] pci_bus 0000:15: resource 1 [mem 0xcae00000-0xcaefffff]
[    0.436975] pci_bus 0000:15: resource 2 [mem 0xd9400000-0xd94fffff 64bit pref]
[    0.436978] pci_bus 0000:16: resource 1 [mem 0xcb200000-0xcb2fffff]
[    0.436981] pci_bus 0000:16: resource 2 [mem 0xd9800000-0xd98fffff 64bit pref]
[    0.436984] pci_bus 0000:17: resource 1 [mem 0xcb600000-0xcb6fffff]
[    0.436987] pci_bus 0000:17: resource 2 [mem 0xd9c00000-0xd9cfffff 64bit pref]
[    0.436990] pci_bus 0000:18: resource 1 [mem 0xcba00000-0xcbafffff]
[    0.436993] pci_bus 0000:18: resource 2 [mem 0xda000000-0xda0fffff 64bit pref]
[    0.436996] pci_bus 0000:19: resource 1 [mem 0xcbe00000-0xcbefffff]
[    0.436999] pci_bus 0000:19: resource 2 [mem 0xda400000-0xda4fffff 64bit pref]
[    0.437002] pci_bus 0000:1a: resource 1 [mem 0xcc200000-0xcc2fffff]
[    0.437005] pci_bus 0000:1a: resource 2 [mem 0xda800000-0xda8fffff 64bit pref]
[    0.437008] pci_bus 0000:1b: resource 0 [io  0x7000-0x7fff]
[    0.437011] pci_bus 0000:1b: resource 1 [mem 0xca700000-0xca7fffff]
[    0.437014] pci_bus 0000:1b: resource 2 [mem 0xd8d00000-0xd8dfffff 64bit pref]
[    0.437017] pci_bus 0000:1c: resource 0 [io  0xb000-0xbfff]
[    0.437020] pci_bus 0000:1c: resource 1 [mem 0xcab00000-0xcabfffff]
[    0.437023] pci_bus 0000:1c: resource 2 [mem 0xd9100000-0xd91fffff 64bit pref]
[    0.437026] pci_bus 0000:1d: resource 1 [mem 0xcaf00000-0xcaffffff]
[    0.437029] pci_bus 0000:1d: resource 2 [mem 0xd9500000-0xd95fffff 64bit pref]
[    0.437032] pci_bus 0000:1e: resource 1 [mem 0xcb300000-0xcb3fffff]
[    0.437035] pci_bus 0000:1e: resource 2 [mem 0xd9900000-0xd99fffff 64bit pref]
[    0.437038] pci_bus 0000:1f: resource 1 [mem 0xcb700000-0xcb7fffff]
[    0.437041] pci_bus 0000:1f: resource 2 [mem 0xd9d00000-0xd9dfffff 64bit pref]
[    0.437044] pci_bus 0000:20: resource 1 [mem 0xcbb00000-0xcbbfffff]
[    0.437047] pci_bus 0000:20: resource 2 [mem 0xda100000-0xda1fffff 64bit pref]
[    0.437050] pci_bus 0000:21: resource 1 [mem 0xcbf00000-0xcbffffff]
[    0.437053] pci_bus 0000:21: resource 2 [mem 0xda500000-0xda5fffff 64bit pref]
[    0.437056] pci_bus 0000:22: resource 1 [mem 0xcc300000-0xcc3fffff]
[    0.437059] pci_bus 0000:22: resource 2 [mem 0xda900000-0xda9fffff 64bit pref]
[    0.437096] NET: Registered protocol family 2
[    0.437134] IP route cache hash table entries: 32768 (order: 5, 131072 bytes)
[    0.437171] TCP established hash table entries: 131072 (order: 8, 1048576 bytes)
[    0.437208] TCP bind hash table entries: 65536 (order: 7, 524288 bytes)
[    0.437246] TCP: Hash tables configured (established 131072 bind 65536)
[    0.437249] TCP reno registered
[    0.437253] UDP hash table entries: 512 (order: 2, 16384 bytes)
[    0.437264] UDP-Lite hash table entries: 512 (order: 2, 16384 bytes)
[    0.437301] NET: Registered protocol family 1
[    0.437313] pci 0000:00:00.0: Limiting direct PCI/PCI transfers
[    0.437350] pci 0000:00:0f.0: Boot video device
[    0.437388] ACPI: PCI Interrupt Link [LNKC] enabled at IRQ 10
[    0.437391] PCI: setting IRQ 10 as level-triggered
[    0.437397] pci 0000:02:00.0: PCI INT A -> Link[LNKC] -> GSI 10 (level, low) -> IRQ 10
[    0.437477] pci 0000:02:00.0: PCI INT A disabled
[    0.437515] ACPI: PCI Interrupt Link [LNKB] enabled at IRQ 11
[    0.437517] PCI: setting IRQ 11 as level-triggered
[    0.437521] pci 0000:02:03.0: PCI INT A -> Link[LNKB] -> GSI 11 (level, low) -> IRQ 11
[    0.437558] pci 0000:02:03.0: PCI INT A disabled
[    0.437572] PCI: CLS 32 bytes, default 64
[    0.437613] Simple Boot Flag at 0x36 set to 0x1
[    0.437618] Switching to clocksource tsc
[    0.437798] audit: initializing netlink socket (disabled)
[    0.437805] type=2000 audit(1369636824.417:1): initialized
[    0.451854] Trying to unpack rootfs image as initramfs...
[    0.471897] highmem bounce pool size: 64 pages
[    0.471903] HugeTLB registered 2 MB page size, pre-allocated 0 pages
[    0.475865] VFS: Disk quotas dquot_6.5.2
[    0.475902] Dquot-cache hash table entries: 1024 (order 0, 4096 bytes)
[    0.479820] fuse init (API version 7.17)
[    0.479881] msgmni has been set to 1710
[    0.491785] Block layer SCSI generic (bsg) driver version 0.4 loaded (major 253)
[    0.491819] io scheduler noop registered
[    0.491821] io scheduler deadline registered
[    0.491828] io scheduler cfq registered (default)
[    0.491865] pcieport 0000:00:15.0: setting latency timer to 64
[    0.491902] pcieport 0000:00:15.0: irq 40 for MSI/MSI-X
[    0.491940] pcieport 0000:00:15.1: setting latency timer to 64
[    0.491977] pcieport 0000:00:15.1: irq 41 for MSI/MSI-X
[    0.492015] pcieport 0000:00:15.2: setting latency timer to 64
[    0.492052] pcieport 0000:00:15.2: irq 42 for MSI/MSI-X
[    0.492090] pcieport 0000:00:15.3: setting latency timer to 64
[    0.492127] pcieport 0000:00:15.3: irq 43 for MSI/MSI-X
[    0.492164] pcieport 0000:00:15.4: setting latency timer to 64
[    0.492202] pcieport 0000:00:15.4: irq 44 for MSI/MSI-X
[    0.492239] pcieport 0000:00:15.5: setting latency timer to 64
[    0.492277] pcieport 0000:00:15.5: irq 45 for MSI/MSI-X
[    0.492314] pcieport 0000:00:15.6: setting latency timer to 64
[    0.492351] pcieport 0000:00:15.6: irq 46 for MSI/MSI-X
[    0.492389] pcieport 0000:00:15.7: setting latency timer to 64
[    0.492426] pcieport 0000:00:15.7: irq 47 for MSI/MSI-X
[    0.492464] pcieport 0000:00:16.0: setting latency timer to 64
[    0.492501] pcieport 0000:00:16.0: irq 48 for MSI/MSI-X
[    0.492539] pcieport 0000:00:16.1: setting latency timer to 64
[    0.492576] pcieport 0000:00:16.1: irq 49 for MSI/MSI-X
[    0.492613] pcieport 0000:00:16.2: setting latency timer to 64
[    0.492651] pcieport 0000:00:16.2: irq 50 for MSI/MSI-X
[    0.492688] pcieport 0000:00:16.3: setting latency timer to 64
[    0.492726] pcieport 0000:00:16.3: irq 51 for MSI/MSI-X
[    0.492763] pcieport 0000:00:16.4: setting latency timer to 64
[    0.492800] pcieport 0000:00:16.4: irq 52 for MSI/MSI-X
[    0.492838] pcieport 0000:00:16.5: setting latency timer to 64
[    0.492875] pcieport 0000:00:16.5: irq 53 for MSI/MSI-X
[    0.492913] pcieport 0000:00:16.6: setting latency timer to 64
[    0.492950] pcieport 0000:00:16.6: irq 54 for MSI/MSI-X
[    0.492987] pcieport 0000:00:16.7: setting latency timer to 64
[    0.493025] pcieport 0000:00:16.7: irq 55 for MSI/MSI-X
[    0.493062] pcieport 0000:00:17.0: setting latency timer to 64
[    0.493100] pcieport 0000:00:17.0: irq 56 for MSI/MSI-X
[    0.493137] pcieport 0000:00:17.1: setting latency timer to 64
[    0.493175] pcieport 0000:00:17.1: irq 57 for MSI/MSI-X
[    0.493212] pcieport 0000:00:17.2: setting latency timer to 64
[    0.493249] pcieport 0000:00:17.2: irq 58 for MSI/MSI-X
[    0.493287] pcieport 0000:00:17.3: setting latency timer to 64
[    0.493324] pcieport 0000:00:17.3: irq 59 for MSI/MSI-X
[    0.493362] pcieport 0000:00:17.4: setting latency timer to 64
[    0.493399] pcieport 0000:00:17.4: irq 60 for MSI/MSI-X
[    0.493436] pcieport 0000:00:17.5: setting latency timer to 64
[    0.493474] pcieport 0000:00:17.5: irq 61 for MSI/MSI-X
[    0.493511] pcieport 0000:00:17.6: setting latency timer to 64
[    0.493549] pcieport 0000:00:17.6: irq 62 for MSI/MSI-X
[    0.493586] pcieport 0000:00:17.7: setting latency timer to 64
[    0.493624] pcieport 0000:00:17.7: irq 63 for MSI/MSI-X
[    0.493661] pcieport 0000:00:18.0: setting latency timer to 64
[    0.493698] pcieport 0000:00:18.0: irq 64 for MSI/MSI-X
[    0.493736] pcieport 0000:00:18.1: setting latency timer to 64
[    0.493773] pcieport 0000:00:18.1: irq 65 for MSI/MSI-X
[    0.493811] pcieport 0000:00:18.2: setting latency timer to 64
[    0.493848] pcieport 0000:00:18.2: irq 66 for MSI/MSI-X
[    0.493885] pcieport 0000:00:18.3: setting latency timer to 64
[    0.493923] pcieport 0000:00:18.3: irq 67 for MSI/MSI-X
[    0.493960] pcieport 0000:00:18.4: setting latency timer to 64
[    0.493998] pcieport 0000:00:18.4: irq 68 for MSI/MSI-X
[    0.494035] pcieport 0000:00:18.5: setting latency timer to 64
[    0.494073] pcieport 0000:00:18.5: irq 69 for MSI/MSI-X
[    0.494110] pcieport 0000:00:18.6: setting latency timer to 64
[    0.494147] pcieport 0000:00:18.6: irq 70 for MSI/MSI-X
[    0.494185] pcieport 0000:00:18.7: setting latency timer to 64
[    0.494222] pcieport 0000:00:18.7: irq 71 for MSI/MSI-X
[    0.494260] pcieport 0000:00:15.0: Signaling PME through PCIe PME interrupt
[    0.494286] pcie_pme 0000:00:15.0:pcie01: service driver pcie_pme loaded
[    0.494323] pcieport 0000:00:15.1: Signaling PME through PCIe PME interrupt
[    0.494348] pcie_pme 0000:00:15.1:pcie01: service driver pcie_pme loaded
[    0.494386] pcieport 0000:00:15.2: Signaling PME through PCIe PME interrupt
[    0.494411] pcie_pme 0000:00:15.2:pcie01: service driver pcie_pme loaded
[    0.494448] pcieport 0000:00:15.3: Signaling PME through PCIe PME interrupt
[    0.494474] pcie_pme 0000:00:15.3:pcie01: service driver pcie_pme loaded
[    0.494511] pcieport 0000:00:15.4: Signaling PME through PCIe PME interrupt
[    0.494545] pcie_pme 0000:00:15.4:pcie01: service driver pcie_pme loaded
[    0.494582] pcieport 0000:00:15.5: Signaling PME through PCIe PME interrupt
[    0.494608] pcie_pme 0000:00:15.5:pcie01: service driver pcie_pme loaded
[    0.494645] pcieport 0000:00:15.6: Signaling PME through PCIe PME interrupt
[    0.494671] pcie_pme 0000:00:15.6:pcie01: service driver pcie_pme loaded
[    0.494708] pcieport 0000:00:15.7: Signaling PME through PCIe PME interrupt
[    0.494733] pcie_pme 0000:00:15.7:pcie01: service driver pcie_pme loaded
[    0.494770] pcieport 0000:00:16.0: Signaling PME through PCIe PME interrupt
[    0.494795] pcie_pme 0000:00:16.0:pcie01: service driver pcie_pme loaded
[    0.494833] pcieport 0000:00:16.1: Signaling PME through PCIe PME interrupt
[    0.494858] pcie_pme 0000:00:16.1:pcie01: service driver pcie_pme loaded
[    0.494895] pcieport 0000:00:16.2: Signaling PME through PCIe PME interrupt
[    0.494921] pcie_pme 0000:00:16.2:pcie01: service driver pcie_pme loaded
[    0.494958] pcieport 0000:00:16.3: Signaling PME through PCIe PME interrupt
[    0.494983] pcie_pme 0000:00:16.3:pcie01: service driver pcie_pme loaded
[    0.495021] pcieport 0000:00:16.4: Signaling PME through PCIe PME interrupt
[    0.495046] pcie_pme 0000:00:16.4:pcie01: service driver pcie_pme loaded
[    0.495084] pcieport 0000:00:16.5: Signaling PME through PCIe PME interrupt
[    0.495109] pcie_pme 0000:00:16.5:pcie01: service driver pcie_pme loaded
[    0.495146] pcieport 0000:00:16.6: Signaling PME through PCIe PME interrupt
[    0.495171] pcie_pme 0000:00:16.6:pcie01: service driver pcie_pme loaded
[    0.495209] pcieport 0000:00:16.7: Signaling PME through PCIe PME interrupt
[    0.495234] pcie_pme 0000:00:16.7:pcie01: service driver pcie_pme loaded
[    0.495271] pcieport 0000:00:17.0: Signaling PME through PCIe PME interrupt
[    0.495297] pcie_pme 0000:00:17.0:pcie01: service driver pcie_pme loaded
[    0.495334] pcieport 0000:00:17.1: Signaling PME through PCIe PME interrupt
[    0.495359] pcie_pme 0000:00:17.1:pcie01: service driver pcie_pme loaded
[    0.495397] pcieport 0000:00:17.2: Signaling PME through PCIe PME interrupt
[    0.495422] pcie_pme 0000:00:17.2:pcie01: service driver pcie_pme loaded
[    0.495459] pcieport 0000:00:17.3: Signaling PME through PCIe PME interrupt
[    0.495485] pcie_pme 0000:00:17.3:pcie01: service driver pcie_pme loaded
[    0.495522] pcieport 0000:00:17.4: Signaling PME through PCIe PME interrupt
[    0.495548] pcie_pme 0000:00:17.4:pcie01: service driver pcie_pme loaded
[    0.495585] pcieport 0000:00:17.5: Signaling PME through PCIe PME interrupt
[    0.495610] pcie_pme 0000:00:17.5:pcie01: service driver pcie_pme loaded
[    0.495756] pcieport 0000:00:17.6: Signaling PME through PCIe PME interrupt
[    0.495783] pcie_pme 0000:00:17.6:pcie01: service driver pcie_pme loaded
[    0.495820] pcieport 0000:00:17.7: Signaling PME through PCIe PME interrupt
[    0.495846] pcie_pme 0000:00:17.7:pcie01: service driver pcie_pme loaded
[    0.495883] pcieport 0000:00:18.0: Signaling PME through PCIe PME interrupt
[    0.495921] pcie_pme 0000:00:18.0:pcie01: service driver pcie_pme loaded
[    0.495958] pcieport 0000:00:18.1: Signaling PME through PCIe PME interrupt
[    0.495983] pcie_pme 0000:00:18.1:pcie01: service driver pcie_pme loaded
[    0.496021] pcieport 0000:00:18.2: Signaling PME through PCIe PME interrupt
[    0.496046] pcie_pme 0000:00:18.2:pcie01: service driver pcie_pme loaded
[    0.496083] pcieport 0000:00:18.3: Signaling PME through PCIe PME interrupt
[    0.496108] pcie_pme 0000:00:18.3:pcie01: service driver pcie_pme loaded
[    0.496146] pcieport 0000:00:18.4: Signaling PME through PCIe PME interrupt
[    0.496171] pcie_pme 0000:00:18.4:pcie01: service driver pcie_pme loaded
[    0.496208] pcieport 0000:00:18.5: Signaling PME through PCIe PME interrupt
[    0.496234] pcie_pme 0000:00:18.5:pcie01: service driver pcie_pme loaded
[    0.496271] pcieport 0000:00:18.6: Signaling PME through PCIe PME interrupt
[    0.496296] pcie_pme 0000:00:18.6:pcie01: service driver pcie_pme loaded
[    0.496334] pcieport 0000:00:18.7: Signaling PME through PCIe PME interrupt
[    0.496370] pcie_pme 0000:00:18.7:pcie01: service driver pcie_pme loaded
[    0.496407] pci_hotplug: PCI Hot Plug PCI Core version: 0.5
[    0.496444] pciehp 0000:00:15.0:pcie04: HPC vendor_id 15ad device_id 7a0 ss_vid 15ad ss_did 7a0
[    0.496482] pciehp 0000:00:15.0:pcie04: service driver pciehp loaded
[    0.496519] pciehp 0000:00:15.1:pcie04: HPC vendor_id 15ad device_id 7a0 ss_vid 15ad ss_did 7a0
[    0.496557] pciehp 0000:00:15.1:pcie04: service driver pciehp loaded
[    0.496594] pciehp 0000:00:15.2:pcie04: HPC vendor_id 15ad device_id 7a0 ss_vid 15ad ss_did 7a0
[    0.496631] pciehp 0000:00:15.2:pcie04: service driver pciehp loaded
[    0.496669] pciehp 0000:00:15.3:pcie04: HPC vendor_id 15ad device_id 7a0 ss_vid 15ad ss_did 7a0
[    0.496706] pciehp 0000:00:15.3:pcie04: service driver pciehp loaded
[    0.496744] pciehp 0000:00:15.4:pcie04: HPC vendor_id 15ad device_id 7a0 ss_vid 15ad ss_did 7a0
[    0.496781] pciehp 0000:00:15.4:pcie04: service driver pciehp loaded
[    0.496818] pciehp 0000:00:15.5:pcie04: HPC vendor_id 15ad device_id 7a0 ss_vid 15ad ss_did 7a0
[    0.496856] pciehp 0000:00:15.5:pcie04: service driver pciehp loaded
[    0.496893] pciehp 0000:00:15.6:pcie04: HPC vendor_id 15ad device_id 7a0 ss_vid 15ad ss_did 7a0
[    0.496931] pciehp 0000:00:15.6:pcie04: service driver pciehp loaded
[    0.496968] pciehp 0000:00:15.7:pcie04: HPC vendor_id 15ad device_id 7a0 ss_vid 15ad ss_did 7a0
[    0.497006] pciehp 0000:00:15.7:pcie04: service driver pciehp loaded
[    0.497043] pciehp 0000:00:16.0:pcie04: HPC vendor_id 15ad device_id 7a0 ss_vid 15ad ss_did 7a0
[    0.497080] pciehp 0000:00:16.0:pcie04: service driver pciehp loaded
[    0.497118] pciehp 0000:00:16.1:pcie04: HPC vendor_id 15ad device_id 7a0 ss_vid 15ad ss_did 7a0
[    0.497155] pciehp 0000:00:16.1:pcie04: service driver pciehp loaded
[    0.497193] pciehp 0000:00:16.2:pcie04: HPC vendor_id 15ad device_id 7a0 ss_vid 15ad ss_did 7a0
[    0.497230] pciehp 0000:00:16.2:pcie04: service driver pciehp loaded
[    0.497267] pciehp 0000:00:16.3:pcie04: HPC vendor_id 15ad device_id 7a0 ss_vid 15ad ss_did 7a0
[    0.497305] pciehp 0000:00:16.3:pcie04: service driver pciehp loaded
[    0.497342] pciehp 0000:00:16.4:pcie04: HPC vendor_id 15ad device_id 7a0 ss_vid 15ad ss_did 7a0
[    0.497380] pciehp 0000:00:16.4:pcie04: service driver pciehp loaded
[    0.497417] pciehp 0000:00:16.5:pcie04: HPC vendor_id 15ad device_id 7a0 ss_vid 15ad ss_did 7a0
[    0.497455] pciehp 0000:00:16.5:pcie04: service driver pciehp loaded
[    0.497492] pciehp 0000:00:16.6:pcie04: HPC vendor_id 15ad device_id 7a0 ss_vid 15ad ss_did 7a0
[    0.497529] pciehp 0000:00:16.6:pcie04: service driver pciehp loaded
[    0.497567] pciehp 0000:00:16.7:pcie04: HPC vendor_id 15ad device_id 7a0 ss_vid 15ad ss_did 7a0
[    0.497604] pciehp 0000:00:16.7:pcie04: service driver pciehp loaded
[    0.497642] pciehp 0000:00:17.0:pcie04: HPC vendor_id 15ad device_id 7a0 ss_vid 15ad ss_did 7a0
[    0.497679] pciehp 0000:00:17.0:pcie04: service driver pciehp loaded
[    0.497716] pciehp 0000:00:17.1:pcie04: HPC vendor_id 15ad device_id 7a0 ss_vid 15ad ss_did 7a0
[    0.497754] pciehp 0000:00:17.1:pcie04: service driver pciehp loaded
[    0.497791] pciehp 0000:00:17.2:pcie04: HPC vendor_id 15ad device_id 7a0 ss_vid 15ad ss_did 7a0
[    0.497829] pciehp 0000:00:17.2:pcie04: service driver pciehp loaded
[    0.497866] pciehp 0000:00:17.3:pcie04: HPC vendor_id 15ad device_id 7a0 ss_vid 15ad ss_did 7a0
[    0.497904] pciehp 0000:00:17.3:pcie04: service driver pciehp loaded
[    0.497941] pciehp 0000:00:17.4:pcie04: HPC vendor_id 15ad device_id 7a0 ss_vid 15ad ss_did 7a0
[    0.497978] pciehp 0000:00:17.4:pcie04: service driver pciehp loaded
[    0.498016] pciehp 0000:00:17.5:pcie04: HPC vendor_id 15ad device_id 7a0 ss_vid 15ad ss_did 7a0
[    0.498053] pciehp 0000:00:17.5:pcie04: service driver pciehp loaded
[    0.498091] pciehp 0000:00:17.6:pcie04: HPC vendor_id 15ad device_id 7a0 ss_vid 15ad ss_did 7a0
[    0.498128] pciehp 0000:00:17.6:pcie04: service driver pciehp loaded
[    0.498165] pciehp 0000:00:17.7:pcie04: HPC vendor_id 15ad device_id 7a0 ss_vid 15ad ss_did 7a0
[    0.498203] pciehp 0000:00:17.7:pcie04: service driver pciehp loaded
[    0.498240] pciehp 0000:00:18.0:pcie04: HPC vendor_id 15ad device_id 7a0 ss_vid 15ad ss_did 7a0
[    0.498278] pciehp 0000:00:18.0:pcie04: service driver pciehp loaded
[    0.498315] pciehp 0000:00:18.1:pcie04: HPC vendor_id 15ad device_id 7a0 ss_vid 15ad ss_did 7a0
[    0.498352] pciehp 0000:00:18.1:pcie04: service driver pciehp loaded
[    0.498390] pciehp 0000:00:18.2:pcie04: HPC vendor_id 15ad device_id 7a0 ss_vid 15ad ss_did 7a0
[    0.498427] pciehp 0000:00:18.2:pcie04: service driver pciehp loaded
[    0.498465] pciehp 0000:00:18.3:pcie04: HPC vendor_id 15ad device_id 7a0 ss_vid 15ad ss_did 7a0
[    0.498502] pciehp 0000:00:18.3:pcie04: service driver pciehp loaded
[    0.498540] pciehp 0000:00:18.4:pcie04: HPC vendor_id 15ad device_id 7a0 ss_vid 15ad ss_did 7a0
[    0.498577] pciehp 0000:00:18.4:pcie04: service driver pciehp loaded
[    0.498614] pciehp 0000:00:18.5:pcie04: HPC vendor_id 15ad device_id 7a0 ss_vid 15ad ss_did 7a0
[    0.498652] pciehp 0000:00:18.5:pcie04: service driver pciehp loaded
[    0.498689] pciehp 0000:00:18.6:pcie04: HPC vendor_id 15ad device_id 7a0 ss_vid 15ad ss_did 7a0
[    0.498727] pciehp 0000:00:18.6:pcie04: service driver pciehp loaded
[    0.498764] pciehp 0000:00:18.7:pcie04: HPC vendor_id 15ad device_id 7a0 ss_vid 15ad ss_did 7a0
[    0.498801] pciehp 0000:00:18.7:pcie04: service driver pciehp loaded
[    0.498819] pciehp: PCI Express Hot Plug Controller Driver version: 0.4
[    0.498857] ACPI: Deprecated procfs I/F for AC is loaded, please retry with CONFIG_ACPI_PROCFS_POWER cleared
[    0.498899] ACPI: AC Adapter [ACAD] (on-line)
[    0.503808] input: Power Button as /devices/LNXSYSTM:00/LNXPWRBN:00/input/input0
[    0.503814] ACPI: Power Button [PWRF]
[    0.519731] ERST: Table is not found!
[    0.519734] GHES: HEST is not enabled!
[    0.519829] Serial: 8250/16550 driver, 32 ports, IRQ sharing enabled
[    0.543576] serial8250: ttyS0 at I/O 0x3f8 (irq = 4) is a 16550A
[    0.543600] isapnp: Scanning for PnP cards...
[    0.639436] serial8250: ttyS1 at I/O 0x2f8 (irq = 3) is a 16550A
[    0.731295] 00:0a: ttyS0 at I/O 0x3f8 (irq = 4) is a 16550A
[    0.823150] 00:0b: ttyS1 at I/O 0x2f8 (irq = 3) is a 16550A
[    0.847347] Linux agpgart interface v0.103
[    0.847384] agpgart-intel 0000:00:00.0: Intel 440BX Chipset
[    0.847455] agpgart-intel 0000:00:00.0: AGP aperture is 256M @ 0x0
[    0.848133] brd: module loaded
[    0.848507] loop: module loaded
[    0.848544] ata_piix 0000:00:07.1: version 2.13
[    0.848608] scsi0 : ata_piix
[    0.851222] scsi1 : ata_piix
[    0.851259] ata1: PATA max UDMA/33 cmd 0x1f0 ctl 0x3f6 bmdma 0x10c0 irq 14
[    0.851262] ata2: PATA max UDMA/33 cmd 0x170 ctl 0x376 bmdma 0x10c8 irq 15
[    0.851302] Fixed MDIO Bus: probed
[    0.851315] tun: Universal TUN/TAP device driver, 1.6
[    0.851317] tun: (C) 1999-2004 Max Krasnyansky <maxk@qualcomm.com>
[    0.851368] PPP generic driver version 2.4.2
[    0.851432] ehci_hcd: USB 2.0 'Enhanced' Host Controller (EHCI) Driver
[    0.851463] ehci_hcd 0000:02:03.0: PCI INT A -> Link[LNKB] -> GSI 11 (level, low) -> IRQ 11
[    0.851500] ehci_hcd 0000:02:03.0: EHCI Host Controller
[    0.851538] ehci_hcd 0000:02:03.0: new USB bus registered, assigned bus number 1
[    0.851575] ehci_hcd 0000:02:03.0: cache line size of 32 is not supported
[    0.851583] ehci_hcd 0000:02:03.0: irq 11, io mem 0xc9000000
[    0.863182] ehci_hcd 0000:02:03.0: USB 2.0 started, EHCI 1.00
[    0.863302] hub 1-0:1.0: USB hub found
[    0.863307] hub 1-0:1.0: 6 ports detected
[    0.863359] ohci_hcd: USB 1.1 'Open' Host Controller (OHCI) Driver
[    0.863374] uhci_hcd: USB Universal Host Controller Interface driver
[    0.863416] uhci_hcd 0000:02:00.0: PCI INT A -> Link[LNKC] -> GSI 10 (level, low) -> IRQ 10
[    0.863458] uhci_hcd 0000:02:00.0: UHCI Host Controller
[    0.863496] uhci_hcd 0000:02:00.0: new USB bus registered, assigned bus number 2
[    0.863606] uhci_hcd 0000:02:00.0: irq 10, io base 0x000020c0
[    0.863723] hub 2-0:1.0: USB hub found
[    0.863726] hub 2-0:1.0: 2 ports detected
[    0.863779] usbcore: registered new interface driver libusual
[    0.863818] i8042: PNP: PS/2 Controller [PNP0303:KBC,PNP0f13:MOUS] at 0x60,0x64 irq 1,12
[    0.864154] serio: i8042 KBD port at 0x60,0x64 irq 1
[    0.864161] serio: i8042 AUX port at 0x60,0x64 irq 12
[    0.864249] mousedev: PS/2 mouse device common for all mice
[    0.864540] rtc_cmos 00:04: rtc core: registered rtc_cmos as rtc0
[    0.864557] rtc0: alarms up to one month, y3k, 114 bytes nvram, hpet irqs
[    0.864609] device-mapper: uevent: version 1.0.3
[    0.864694] device-mapper: ioctl: 4.22.0-ioctl (2011-10-19) initialised: dm-devel@redhat.com
[    0.864718] EISA: Probing bus 0 at eisa.0
[    0.864720] EISA: Cannot allocate resource for mainboard
[    0.864722] Cannot allocate resource for EISA slot 1
[    0.864724] Cannot allocate resource for EISA slot 2
[    0.864725] Cannot allocate resource for EISA slot 3
[    0.864727] Cannot allocate resource for EISA slot 4
[    0.864729] Cannot allocate resource for EISA slot 5
[    0.864730] Cannot allocate resource for EISA slot 6
[    0.864732] Cannot allocate resource for EISA slot 7
[    0.864733] Cannot allocate resource for EISA slot 8
[    0.864735] EISA: Detected 0 cards.
[    0.864742] cpufreq-nforce2: No nForce2 chipset.
[    0.864745] cpuidle: using governor ladder
[    0.864746] cpuidle: using governor menu
[    0.864748] EFI Variables Facility v0.08 2004-May-17
[    0.864800] TCP cubic registered
[    0.864853] NET: Registered protocol family 10
[    0.864905] NET: Registered protocol family 17
[    0.864909] Registering the dns_resolver key type
[    0.864922] Using IPI No-Shortcut mode
[    0.864988] PM: Hibernation image not present or could not be loaded.
[    0.864998] registered taskstats version 1
[    0.995284] input: AT Translated Set 2 keyboard as /devices/platform/i8042/serio0/input/input1
[    1.126825] Freeing initrd memory: 13836k freed
[    1.171774] isapnp: No Plug & Play device found
[    1.172178] ata2.00: ATAPI: VMware Virtual IDE CDROM Drive, 00000001, max UDMA/33
[    1.174830]   Magic number: 13:788:671
[    1.194773] rtc_cmos 00:04: setting system clock to 2013-05-27 06:40:25 UTC (1369636825)
[    1.194921] BIOS EDD facility v0.16 2004-Jun-25, 0 devices found
[    1.194923] EDD information not available.
[    1.195200] ata2.00: configured for UDMA/33
[    1.195654] scsi 1:0:0:0: CD-ROM            NECVMWar VMware IDE CDR10 1.00 PQ: 0 ANSI: 5
[    1.196251] sr0: scsi3-mmc drive: 306x/306x cd/rw xa/form2 cdda tray
[    1.196254] cdrom: Uniform CD-ROM driver Revision: 3.20
[    1.196349] sr 1:0:0:0: Attached scsi CD-ROM sr0
[    1.196507] sr 1:0:0:0: Attached scsi generic sg0 type 5
[    1.196623] Freeing unused kernel memory: 740k freed
[    1.196675] Write protecting the kernel text: 5816k
[    1.196684] Write protecting the kernel read-only data: 2376k
[    1.196686] NX-protecting the kernel data: 4424k
[    1.206208] udevd[85]: starting version 175
[    1.227046] VMware vmxnet3 virtual NIC driver - version 1.1.29.0-k-NAPI
[    1.227833] VMware PVSCSI driver - version 1.0.1.0-k
[    1.232294] VMware vmxnet virtual NIC driver
[    1.232346] ACPI: PCI Interrupt Link [LNKD] enabled at IRQ 5
[    1.232350] PCI: setting IRQ 5 as level-triggered
[    1.232358] vmxnet 0000:02:01.0: PCI INT A -> Link[LNKD] -> GSI 5 (level, low) -> IRQ 5
[    1.232410] Found vmxnet/PCI at 0x2024, irq 5.
[    1.232462] features:
[    1.232476] numRxBuffers = 100, numRxBuffers2 = 1
[    1.232528] vmxnet 0000:02:01.0: eth0: set_features() failed (-1); wanted 0x00004000, left 0x00004800
[    1.250666] usb 2-1: new full-speed USB device number 2 using uhci_hcd
[    1.252396] Fusion MPT base driver 3.04.20
[    1.252400] Copyright (c) 1999-2008 LSI Corporation
[    1.252594] Fusion MPT SPI Host driver 3.04.20
[    1.252645] mptspi 0000:00:10.0: PCI INT A -> Link[LNKB] -> GSI 11 (level, low) -> IRQ 11
[    1.258733] mptbase: ioc0: Initiating bringup
[    1.277875] Floppy drive(s): fd0 is 1.44M
[    1.290833] FDC 0 is a post-1991 82077
[    1.330532] ioc0: LSI53C1030 B0: Capabilities={Initiator}
[    1.383611] input: VMware VMware Virtual USB Mouse as /devices/pci0000:00/0000:00:11.0/0000:02:00.0/usb2/2-1/2-1:1.0/input/input2
[    1.383815] generic-usb 0003:0E0F:0003.0001: input,hidraw0: USB HID v1.10 Mouse [VMware VMware Virtual USB Mouse] on usb-0000:02:00.0-1/input0
[    1.384341] input: VMware VMware Virtual USB Mouse as /devices/pci0000:00/0000:00:11.0/0000:02:00.0/usb2/2-1/2-1:1.1/input/input3
[    1.384537] generic-usb 0003:0E0F:0003.0002: input,hidraw1: USB HID v1.10 Mouse [VMware VMware Virtual USB Mouse] on usb-0000:02:00.0-1/input1
[    1.384554] usbcore: registered new interface driver usbhid
[    1.384556] usbhid: USB HID core driver
[    1.490331] scsi2 : ioc0: LSI53C1030 B0, FwRev=01032920h, Ports=1, MaxQ=128, IRQ=11
[    1.494266] usb 2-2: new full-speed USB device number 3 using uhci_hcd
[    1.602970] scsi 2:0:0:0: Direct-Access     VMware,  VMware Virtual S 1.0  PQ: 0 ANSI: 2
[    1.602980] scsi target2:0:0: Beginning Domain Validation
[    1.603674] scsi target2:0:0: Domain Validation skipping write tests
[    1.603677] scsi target2:0:0: Ending Domain Validation
[    1.603731] scsi target2:0:0: FAST-40 WIDE SCSI 80.0 MB/s ST (25 ns, offset 127)
[    1.606665] sd 2:0:0:0: [sda] 41943040 512-byte logical blocks: (21.4 GB/20.0 GiB)
[    1.606724] sd 2:0:0:0: [sda] Write Protect is off
[    1.606727] sd 2:0:0:0: [sda] Mode Sense: 61 00 00 00
[    1.606800] sd 2:0:0:0: [sda] Cache data unavailable
[    1.606803] sd 2:0:0:0: [sda] Assuming drive cache: write through
[    1.607098] sd 2:0:0:0: [sda] Cache data unavailable
[    1.607100] sd 2:0:0:0: [sda] Assuming drive cache: write through
[    1.607902] sd 2:0:0:0: Attached scsi generic sg1 type 0
[    1.608521]  sda: sda1 sda2 < sda5 >
[    1.608919] sd 2:0:0:0: [sda] Cache data unavailable
[    1.608922] sd 2:0:0:0: [sda] Assuming drive cache: write through
[    1.608924] sd 2:0:0:0: [sda] Attached SCSI disk
[    1.633938] hub 2-2:1.0: USB hub found
[    1.635651] hub 2-2:1.0: 7 ports detected
[    1.647312] EXT4-fs (sda1): INFO: recovery required on readonly filesystem
[    1.647315] EXT4-fs (sda1): write access will be enabled during recovery
[    1.768399] EXT4-fs (sda1): recovery complete
[    1.769045] EXT4-fs (sda1): mounted filesystem with ordered data mode. Opts: (null)
[    3.072991] ADDRCONF(NETDEV_UP): eth0: link is not ready
[    3.088969] udevd[329]: starting version 175
[    3.128612] lp: driver loaded but no devices found
[    3.153198] Adding 1046524k swap on /dev/sda5.  Priority:-1 extents:1 across:1046524k 
[    3.238240] EXT4-fs (sda1): re-mounted. Opts: errors=remount-ro
[    3.242015] shpchp: Standard Hot Plug PCI Controller Driver version: 0.4
[    3.293964] [398]: VMCI: shared components initialized.
[    3.293988] Probing for vmci/PCI.
[    3.294148] ACPI: PCI Interrupt Link [LNKA] enabled at IRQ 9
[    3.294151] PCI: setting IRQ 9 as level-triggered
[    3.294157] vmci 0000:00:07.7: PCI INT A -> Link[LNKA] -> GSI 9 (level, low) -> IRQ 9
[    3.294199] Found vmci/PCI at 0x1080, irq 9.
[    3.294231] VMCI: using capabilities 0xc.
[    3.294302] [398]: VMCI: Host capability check passed.
[    3.294578] vmci 0000:00:07.7: irq 72 for MSI/MSI-X
[    3.294621] vmci 0000:00:07.7: irq 73 for MSI/MSI-X
[    3.294863] Registered vmci device.
[    3.374343] [398]: VMCI: Using guest personality
[    3.374349] [398]: VMCI: host components initialized.
[    3.374900] piix4_smbus 0000:00:07.3: Host SMBus controller not enabled!
[    3.379102] [398]: VMCI: Module registered (name=vmci,major=10,minor=57).
[    3.379105] [398]: VMCI: Using host personality
[    3.379107] [398]: VMCI: Module (name=vmci) is initialized
[    3.390985] ppdev: user-space parallel port driver
[    3.393554] parport_pc 00:09: reported by Plug and Play ACPI
[    3.393736] parport0: PC-style at 0x378, irq 7 [PCSPP,TRISTATE]
[    3.395828] Bluetooth: Core ver 2.16
[    3.396986] NET: Registered protocol family 31
[    3.396989] Bluetooth: HCI device and connection manager initialized
[    3.396992] Bluetooth: HCI socket layer initialized
[    3.396993] Bluetooth: L2CAP socket layer initialized
[    3.396998] Bluetooth: SCO socket layer initialized
[    3.418779] Bluetooth: BNEP (Ethernet Emulation) ver 1.3
[    3.418782] Bluetooth: BNEP filters: protocol multicast
[    3.426177] Bluetooth: RFCOMM TTY layer initialized
[    3.426183] Bluetooth: RFCOMM socket layer initialized
[    3.426186] Bluetooth: RFCOMM ver 1.11
[    3.491558] lp0: using parport0 (interrupt-driven).
[    3.497575] type=1400 audit(1369636827.802:2): apparmor="STATUS" operation="profile_load" name="/usr/lib/cups/backend/cups-pdf" pid=588 comm="apparmor_parser"
[    3.497678] type=1400 audit(1369636827.802:3): apparmor="STATUS" operation="profile_load" name="/usr/sbin/cupsd" pid=588 comm="apparmor_parser"
[    3.543325] type=1400 audit(1369636827.850:4): apparmor="STATUS" operation="profile_load" name="/sbin/dhclient" pid=607 comm="apparmor_parser"
[    3.543434] type=1400 audit(1369636827.850:5): apparmor="STATUS" operation="profile_load" name="/usr/lib/NetworkManager/nm-dhcp-client.action" pid=607 comm="apparmor_parser"
[    3.543524] type=1400 audit(1369636827.850:6): apparmor="STATUS" operation="profile_load" name="/usr/lib/connman/scripts/dhclient-script" pid=607 comm="apparmor_parser"
[    3.655204] input: ImPS/2 Generic Wheel Mouse as /devices/platform/i8042/serio1/input/input4
[    3.797397] snd_ens1371 0000:02:02.0: PCI INT A -> Link[LNKA] -> GSI 9 (level, low) -> IRQ 9
[    3.833272] init: failsafe main process (681) killed by TERM signal
[    3.924469] type=1400 audit(1369636828.230:7): apparmor="STATUS" operation="profile_load" name="/usr/lib/lightdm/lightdm/lightdm-guest-session-wrapper" pid=800 comm="apparmor_parser"
[    3.928591] type=1400 audit(1369636828.234:8): apparmor="STATUS" operation="profile_replace" name="/sbin/dhclient" pid=801 comm="apparmor_parser"
[    3.928887] type=1400 audit(1369636828.234:9): apparmor="STATUS" operation="profile_replace" name="/usr/lib/NetworkManager/nm-dhcp-client.action" pid=801 comm="apparmor_parser"
[    3.928977] type=1400 audit(1369636828.234:10): apparmor="STATUS" operation="profile_replace" name="/usr/lib/connman/scripts/dhclient-script" pid=801 comm="apparmor_parser"
[    4.106630] init: alsa-restore main process (872) terminated with status 19
