[    0.000000] Initializing cgroup subsys cpuset
[    0.000000] Initializing cgroup subsys cpu
[    0.000000] Linux version 3.2.0-29-generic-pae (buildd@roseapple) (gcc version 4.6.3 (Ubuntu/Linaro 4.6.3-1ubuntu5) ) #46-Ubuntu SMP Fri Jul 27 17:25:43 UTC 2012 (Ubuntu 3.2.0-29.46-generic-pae 3.2.24)
[    0.000000] KERNEL supported cpus:
[    0.000000]   Intel GenuineIntel
[    0.000000]   AMD AuthenticAMD
[    0.000000]   NSC Geode by NSC
[    0.000000]   Cyrix CyrixInstead
[    0.000000]   Centaur CentaurHauls
[    0.000000]   Transmeta GenuineTMx86
[    0.000000]   Transmeta TransmetaCPU
[    0.000000]   UMC UMC UMC UMC
[    0.000000] Disabled fast string operations
[    0.000000] BIOS-provided physical RAM map:
[    0.000000]  BIOS-e820: 0000000000000000 - 000000000009f000 (usable)
[    0.000000]  BIOS-e820: 000000000009f000 - 00000000000a0000 (reserved)
[    0.000000]  BIOS-e820: 00000000000ca000 - 00000000000cc000 (reserved)
[    0.000000]  BIOS-e820: 00000000000dc000 - 0000000000100000 (reserved)
[    0.000000]  BIOS-e820: 0000000000100000 - 000000003fee0000 (usable)
[    0.000000]  BIOS-e820: 000000003fee0000 - 000000003feff000 (ACPI data)
[    0.000000]  BIOS-e820: 000000003feff000 - 000000003ff00000 (ACPI NVS)
[    0.000000]  BIOS-e820: 000000003ff00000 - 0000000040000000 (usable)
[    0.000000]  BIOS-e820: 00000000e0000000 - 00000000f0000000 (reserved)
[    0.000000]  BIOS-e820: 00000000fec00000 - 00000000fec10000 (reserved)
[    0.000000]  BIOS-e820: 00000000fee00000 - 00000000fee01000 (reserved)
[    0.000000]  BIOS-e820: 00000000fffe0000 - 0000000100000000 (reserved)
[    0.000000] NX (Execute Disable) protection: active
[    0.000000] DMI present.
[    0.000000] DMI: VMware, Inc. VMware Virtual Platform/440BX Desktop Reference Platform, BIOS 6.00 07/02/2012
[    0.000000] Hypervisor detected: VMware
[    0.000000] e820 update range: 0000000000000000 - 0000000000010000 (usable) ==> (reserved)
[    0.000000] e820 remove range: 00000000000a0000 - 0000000000100000 (usable)
[    0.000000] last_pfn = 0x40000 max_arch_pfn = 0x1000000
[    0.000000] MTRR default type: uncachable
[    0.000000] MTRR fixed ranges enabled:
[    0.000000]   00000-9FFFF write-back
[    0.000000]   A0000-BFFFF uncachable
[    0.000000]   C0000-CBFFF write-protect
[    0.000000]   CC000-EFFFF uncachable
[    0.000000]   F0000-FFFFF write-protect
[    0.000000] MTRR variable ranges enabled:
[    0.000000]   0 base 0000000000 mask FFC0000000 write-back
[    0.000000]   1 disabled
[    0.000000]   2 disabled
[    0.000000]   3 disabled
[    0.000000]   4 disabled
[    0.000000]   5 disabled
[    0.000000]   6 disabled
[    0.000000]   7 disabled
[    0.000000] x86 PAT enabled: cpu 0, old 0x0, new 0x7010600070106
[    0.000000] found SMP MP-table at [c00f6bf0] f6bf0
[    0.000000] initial memory mapped : 0 - 02000000
[    0.000000] Base memory trampoline at [c009b000] 9b000 size 16384
[    0.000000] init_memory_mapping: 0000000000000000-0000000037bfe000
[    0.000000]  0000000000 - 0000200000 page 4k
[    0.000000]  0000200000 - 0037a00000 page 2M
[    0.000000]  0037a00000 - 0037bfe000 page 4k
[    0.000000] kernel direct mapping tables up to 37bfe000 @ 1ffb000-2000000
[    0.000000] RAMDISK: 364ea000 - 3726d000
[    0.000000] ACPI: RSDP 000f6b80 00024 (v02 PTLTD )
[    0.000000] ACPI: XSDT 3feed636 0005C (v01 INTEL  440BX    06040000 VMW  01324272)
[    0.000000] ACPI: FACP 3fefee98 000F4 (v04 INTEL  440BX    06040000 PTL  000F4240)
[    0.000000] ACPI: DSDT 3feee366 10B32 (v01 PTLTD  Custom   06040000 MSFT 03000001)
[    0.000000] ACPI: FACS 3fefffc0 00040
[    0.000000] ACPI: BOOT 3feee33e 00028 (v01 PTLTD  $SBFTBL$ 06040000  LTP 00000001)
[    0.000000] ACPI: APIC 3feedc3e 003C2 (v01 PTLTD  ? APIC   06040000  LTP 00000000)
[    0.000000] ACPI: MCFG 3feedc02 0003C (v01 PTLTD  $PCITBL$ 06040000  LTP 00000001)
[    0.000000] ACPI: SRAT 3feed732 004D0 (v02 VMWARE MEMPLUG  06040000 VMW  00000001)
[    0.000000] ACPI: HPET 3feed6fa 00038 (v01 VMWARE VMW HPET 06040000 VMW  00000001)
[    0.000000] ACPI: WAET 3feed6d2 00028 (v01 VMWARE VMW WAET 06040000 VMW  00000001)
[    0.000000] ACPI: Local APIC address 0xfee00000
[    0.000000] 132MB HIGHMEM available.
[    0.000000] 891MB LOWMEM available.
[    0.000000]   mapped low ram: 0 - 37bfe000
[    0.000000]   low ram: 0 - 37bfe000
[    0.000000] Zone PFN ranges:
[    0.000000]   DMA      0x00000010 -> 0x00001000
[    0.000000]   Normal   0x00001000 -> 0x00037bfe
[    0.000000]   HighMem  0x00037bfe -> 0x00040000
[    0.000000] Movable zone start PFN for each node
[    0.000000] early_node_map[3] active PFN ranges
[    0.000000]     0: 0x00000010 -> 0x0000009f
[    0.000000]     0: 0x00000100 -> 0x0003fee0
[    0.000000]     0: 0x0003ff00 -> 0x00040000
[    0.000000] On node 0 totalpages: 261999
[    0.000000] free_area_init_node: node 0, pgdat c1866a40, node_mem_map f73fd200
[    0.000000]   DMA zone: 32 pages used for memmap
[    0.000000]   DMA zone: 0 pages reserved
[    0.000000]   DMA zone: 3951 pages, LIFO batch:0
[    0.000000]   Normal zone: 1752 pages used for memmap
[    0.000000]   Normal zone: 222502 pages, LIFO batch:31
[    0.000000]   HighMem zone: 265 pages used for memmap
[    0.000000]   HighMem zone: 33497 pages, LIFO batch:7
[    0.000000] Using APIC driver default
[    0.000000] ACPI: PM-Timer IO Port: 0x1008
[    0.000000] ACPI: Local APIC address 0xfee00000
[    0.000000] ACPI: LAPIC (acpi_id[0x00] lapic_id[0x00] enabled)
[    0.000000] ACPI: LAPIC (acpi_id[0x01] lapic_id[0x02] disabled)
[    0.000000] ACPI: LAPIC (acpi_id[0x02] lapic_id[0x04] disabled)
[    0.000000] ACPI: LAPIC (acpi_id[0x03] lapic_id[0x06] disabled)
[    0.000000] ACPI: LAPIC (acpi_id[0x04] lapic_id[0x08] disabled)
[    0.000000] ACPI: LAPIC (acpi_id[0x05] lapic_id[0x0a] disabled)
[    0.000000] ACPI: LAPIC (acpi_id[0x06] lapic_id[0x0c] disabled)
[    0.000000] ACPI: LAPIC (acpi_id[0x07] lapic_id[0x0e] disabled)
[    0.000000] ACPI: LAPIC (acpi_id[0x08] lapic_id[0x10] disabled)
[    0.000000] ACPI: LAPIC (acpi_id[0x09] lapic_id[0x12] disabled)
[    0.000000] ACPI: LAPIC (acpi_id[0x0a] lapic_id[0x14] disabled)
[    0.000000] ACPI: LAPIC (acpi_id[0x0b] lapic_id[0x16] disabled)
[    0.000000] ACPI: LAPIC (acpi_id[0x0c] lapic_id[0x18] disabled)
[    0.000000] ACPI: LAPIC (acpi_id[0x0d] lapic_id[0x1a] disabled)
[    0.000000] ACPI: LAPIC (acpi_id[0x0e] lapic_id[0x1c] disabled)
[    0.000000] ACPI: LAPIC (acpi_id[0x0f] lapic_id[0x1e] disabled)
[    0.000000] ACPI: LAPIC (acpi_id[0x10] lapic_id[0x20] disabled)
[    0.000000] ACPI: LAPIC (acpi_id[0x11] lapic_id[0x22] disabled)
[    0.000000] ACPI: LAPIC (acpi_id[0x12] lapic_id[0x24] disabled)
[    0.000000] ACPI: LAPIC (acpi_id[0x13] lapic_id[0x26] disabled)
[    0.000000] ACPI: LAPIC (acpi_id[0x14] lapic_id[0x28] disabled)
[    0.000000] ACPI: LAPIC (acpi_id[0x15] lapic_id[0x2a] disabled)
[    0.000000] ACPI: LAPIC (acpi_id[0x16] lapic_id[0x2c] disabled)
[    0.000000] ACPI: LAPIC (acpi_id[0x17] lapic_id[0x2e] disabled)
[    0.000000] ACPI: LAPIC (acpi_id[0x18] lapic_id[0x30] disabled)
[    0.000000] ACPI: LAPIC (acpi_id[0x19] lapic_id[0x32] disabled)
[    0.000000] ACPI: LAPIC (acpi_id[0x1a] lapic_id[0x34] disabled)
[    0.000000] ACPI: LAPIC (acpi_id[0x1b] lapic_id[0x36] disabled)
[    0.000000] ACPI: LAPIC (acpi_id[0x1c] lapic_id[0x38] disabled)
[    0.000000] ACPI: LAPIC (acpi_id[0x1d] lapic_id[0x3a] disabled)
[    0.000000] ACPI: LAPIC (acpi_id[0x1e] lapic_id[0x3c] disabled)
[    0.000000] ACPI: LAPIC (acpi_id[0x1f] lapic_id[0x3e] disabled)
[    0.000000] ACPI: LAPIC (acpi_id[0x20] lapic_id[0x40] disabled)
[    0.000000] ACPI: LAPIC (acpi_id[0x21] lapic_id[0x42] disabled)
[    0.000000] ACPI: LAPIC (acpi_id[0x22] lapic_id[0x44] disabled)
[    0.000000] ACPI: LAPIC (acpi_id[0x23] lapic_id[0x46] disabled)
[    0.000000] ACPI: LAPIC (acpi_id[0x24] lapic_id[0x48] disabled)
[    0.000000] ACPI: LAPIC (acpi_id[0x25] lapic_id[0x4a] disabled)
[    0.000000] ACPI: LAPIC (acpi_id[0x26] lapic_id[0x4c] disabled)
[    0.000000] ACPI: LAPIC (acpi_id[0x27] lapic_id[0x4e] disabled)
[    0.000000] ACPI: LAPIC (acpi_id[0x28] lapic_id[0x50] disabled)
[    0.000000] ACPI: LAPIC (acpi_id[0x29] lapic_id[0x52] disabled)
[    0.000000] ACPI: LAPIC (acpi_id[0x2a] lapic_id[0x54] disabled)
[    0.000000] ACPI: LAPIC (acpi_id[0x2b] lapic_id[0x56] disabled)
[    0.000000] ACPI: LAPIC (acpi_id[0x2c] lapic_id[0x58] disabled)
[    0.000000] ACPI: LAPIC (acpi_id[0x2d] lapic_id[0x5a] disabled)
[    0.000000] ACPI: LAPIC (acpi_id[0x2e] lapic_id[0x5c] disabled)
[    0.000000] ACPI: LAPIC (acpi_id[0x2f] lapic_id[0x5e] disabled)
[    0.000000] ACPI: LAPIC (acpi_id[0x30] lapic_id[0x60] disabled)
[    0.000000] ACPI: LAPIC (acpi_id[0x31] lapic_id[0x62] disabled)
[    0.000000] ACPI: LAPIC (acpi_id[0x32] lapic_id[0x64] disabled)
[    0.000000] ACPI: LAPIC (acpi_id[0x33] lapic_id[0x66] disabled)
[    0.000000] ACPI: LAPIC (acpi_id[0x34] lapic_id[0x68] disabled)
[    0.000000] ACPI: LAPIC (acpi_id[0x35] lapic_id[0x6a] disabled)
[    0.000000] ACPI: LAPIC (acpi_id[0x36] lapic_id[0x6c] disabled)
[    0.000000] ACPI: LAPIC (acpi_id[0x37] lapic_id[0x6e] disabled)
[    0.000000] ACPI: LAPIC (acpi_id[0x38] lapic_id[0x70] disabled)
[    0.000000] ACPI: LAPIC (acpi_id[0x39] lapic_id[0x72] disabled)
[    0.000000] ACPI: LAPIC (acpi_id[0x3a] lapic_id[0x74] disabled)
[    0.000000] ACPI: LAPIC (acpi_id[0x3b] lapic_id[0x76] disabled)
[    0.000000] ACPI: LAPIC (acpi_id[0x3c] lapic_id[0x78] disabled)
[    0.000000] ACPI: LAPIC (acpi_id[0x3d] lapic_id[0x7a] disabled)
[    0.000000] ACPI: LAPIC (acpi_id[0x3e] lapic_id[0x7c] disabled)
[    0.000000] ACPI: LAPIC (acpi_id[0x3f] lapic_id[0x7e] disabled)
[    0.000000] ACPI: LAPIC_NMI (acpi_id[0x00] high edge lint[0x1])
[    0.000000] ACPI: LAPIC_NMI (acpi_id[0x01] high edge lint[0x1])
[    0.000000] ACPI: LAPIC_NMI (acpi_id[0x02] high edge lint[0x1])
[    0.000000] ACPI: LAPIC_NMI (acpi_id[0x03] high edge lint[0x1])
[    0.000000] ACPI: LAPIC_NMI (acpi_id[0x04] high edge lint[0x1])
[    0.000000] ACPI: LAPIC_NMI (acpi_id[0x05] high edge lint[0x1])
[    0.000000] ACPI: LAPIC_NMI (acpi_id[0x06] high edge lint[0x1])
[    0.000000] ACPI: LAPIC_NMI (acpi_id[0x07] high edge lint[0x1])
[    0.000000] ACPI: LAPIC_NMI (acpi_id[0x08] high edge lint[0x1])
[    0.000000] ACPI: LAPIC_NMI (acpi_id[0x09] high edge lint[0x1])
[    0.000000] ACPI: LAPIC_NMI (acpi_id[0x0a] high edge lint[0x1])
[    0.000000] ACPI: LAPIC_NMI (acpi_id[0x0b] high edge lint[0x1])
[    0.000000] ACPI: LAPIC_NMI (acpi_id[0x0c] high edge lint[0x1])
[    0.000000] ACPI: LAPIC_NMI (acpi_id[0x0d] high edge lint[0x1])
[    0.000000] ACPI: LAPIC_NMI (acpi_id[0x0e] high edge lint[0x1])
[    0.000000] ACPI: LAPIC_NMI (acpi_id[0x0f] high edge lint[0x1])
[    0.000000] ACPI: LAPIC_NMI (acpi_id[0x10] high edge lint[0x1])
[    0.000000] ACPI: LAPIC_NMI (acpi_id[0x11] high edge lint[0x1])
[    0.000000] ACPI: LAPIC_NMI (acpi_id[0x12] high edge lint[0x1])
[    0.000000] ACPI: LAPIC_NMI (acpi_id[0x13] high edge lint[0x1])
[    0.000000] ACPI: LAPIC_NMI (acpi_id[0x14] high edge lint[0x1])
[    0.000000] ACPI: LAPIC_NMI (acpi_id[0x15] high edge lint[0x1])
[    0.000000] ACPI: LAPIC_NMI (acpi_id[0x16] high edge lint[0x1])
[    0.000000] ACPI: LAPIC_NMI (acpi_id[0x17] high edge lint[0x1])
[    0.000000] ACPI: LAPIC_NMI (acpi_id[0x18] high edge lint[0x1])
[    0.000000] ACPI: LAPIC_NMI (acpi_id[0x19] high edge lint[0x1])
[    0.000000] ACPI: LAPIC_NMI (acpi_id[0x1a] high edge lint[0x1])
[    0.000000] ACPI: LAPIC_NMI (acpi_id[0x1b] high edge lint[0x1])
[    0.000000] ACPI: LAPIC_NMI (acpi_id[0x1c] high edge lint[0x1])
[    0.000000] ACPI: LAPIC_NMI (acpi_id[0x1d] high edge lint[0x1])
[    0.000000] ACPI: LAPIC_NMI (acpi_id[0x1e] high edge lint[0x1])
[    0.000000] ACPI: LAPIC_NMI (acpi_id[0x1f] high edge lint[0x1])
[    0.000000] ACPI: LAPIC_NMI (acpi_id[0x20] high edge lint[0x1])
[    0.000000] ACPI: LAPIC_NMI (acpi_id[0x21] high edge lint[0x1])
[    0.000000] ACPI: LAPIC_NMI (acpi_id[0x22] high edge lint[0x1])
[    0.000000] ACPI: LAPIC_NMI (acpi_id[0x23] high edge lint[0x1])
[    0.000000] ACPI: LAPIC_NMI (acpi_id[0x24] high edge lint[0x1])
[    0.000000] ACPI: LAPIC_NMI (acpi_id[0x25] high edge lint[0x1])
[    0.000000] ACPI: LAPIC_NMI (acpi_id[0x26] high edge lint[0x1])
[    0.000000] ACPI: LAPIC_NMI (acpi_id[0x27] high edge lint[0x1])
[    0.000000] ACPI: LAPIC_NMI (acpi_id[0x28] high edge lint[0x1])
[    0.000000] ACPI: LAPIC_NMI (acpi_id[0x29] high edge lint[0x1])
[    0.000000] ACPI: LAPIC_NMI (acpi_id[0x2a] high edge lint[0x1])
[    0.000000] ACPI: LAPIC_NMI (acpi_id[0x2b] high edge lint[0x1])
[    0.000000] ACPI: LAPIC_NMI (acpi_id[0x2c] high edge lint[0x1])
[    0.000000] ACPI: LAPIC_NMI (acpi_id[0x2d] high edge lint[0x1])
[    0.000000] ACPI: LAPIC_NMI (acpi_id[0x2e] high edge lint[0x1])
[    0.000000] ACPI: LAPIC_NMI (acpi_id[0x2f] high edge lint[0x1])
[    0.000000] ACPI: LAPIC_NMI (acpi_id[0x30] high edge lint[0x1])
[    0.000000] ACPI: LAPIC_NMI (acpi_id[0x31] high edge lint[0x1])
[    0.000000] ACPI: LAPIC_NMI (acpi_id[0x32] high edge lint[0x1])
[    0.000000] ACPI: LAPIC_NMI (acpi_id[0x33] high edge lint[0x1])
[    0.000000] ACPI: LAPIC_NMI (acpi_id[0x34] high edge lint[0x1])
[    0.000000] ACPI: LAPIC_NMI (acpi_id[0x35] high edge lint[0x1])
[    0.000000] ACPI: LAPIC_NMI (acpi_id[0x36] high edge lint[0x1])
[    0.000000] ACPI: LAPIC_NMI (acpi_id[0x37] high edge lint[0x1])
[    0.000000] ACPI: LAPIC_NMI (acpi_id[0x38] high edge lint[0x1])
[    0.000000] ACPI: LAPIC_NMI (acpi_id[0x39] high edge lint[0x1])
[    0.000000] ACPI: LAPIC_NMI (acpi_id[0x3a] high edge lint[0x1])
[    0.000000] ACPI: LAPIC_NMI (acpi_id[0x3b] high edge lint[0x1])
[    0.000000] ACPI: LAPIC_NMI (acpi_id[0x3c] high edge lint[0x1])
[    0.000000] ACPI: LAPIC_NMI (acpi_id[0x3d] high edge lint[0x1])
[    0.000000] ACPI: LAPIC_NMI (acpi_id[0x3e] high edge lint[0x1])
[    0.000000] ACPI: LAPIC_NMI (acpi_id[0x3f] high edge lint[0x1])
[    0.000000] ACPI: Skipping IOAPIC probe due to 'noapic' option.
[    0.000000] Using ACPI for processor (LAPIC) configuration information
[    0.000000] ACPI: HPET id: 0x8086af01 base: 0xfed00000
[    0.000000] Intel MultiProcessor Specification v1.4
[    0.000000]     Virtual Wire compatibility mode.
[    0.000000] MPTABLE: OEM ID: INTEL   
[    0.000000] MPTABLE: Product ID: 440BX       
[    0.000000] MPTABLE: APIC at: 0xFEE00000
[    0.000000] IOAPIC[0]: apic_id 1, version 17, address 0xfec00000, GSI 0-23
[    0.000000] Processors: 1
[    0.000000] SMP: Allowing 1 CPUs, 0 hotplug CPUs
[    0.000000] nr_irqs_gsi: 40
[    0.000000] PM: Registered nosave memory: 000000000009f000 - 00000000000a0000
[    0.000000] PM: Registered nosave memory: 00000000000a0000 - 00000000000ca000
[    0.000000] PM: Registered nosave memory: 00000000000ca000 - 00000000000cc000
[    0.000000] PM: Registered nosave memory: 00000000000cc000 - 00000000000dc000
[    0.000000] PM: Registered nosave memory: 00000000000dc000 - 0000000000100000
[    0.000000] Allocating PCI resources starting at 40000000 (gap: 40000000:a0000000)
[    0.000000] Booting paravirtualized kernel on bare hardware
[    0.000000] setup_percpu: NR_CPUS:8 nr_cpumask_bits:8 nr_cpu_ids:1 nr_node_ids:1
[    0.000000] PERCPU: Embedded 14 pages/cpu @f73e8000 s34240 r0 d23104 u57344
[    0.000000] pcpu-alloc: s34240 r0 d23104 u57344 alloc=14*4096
[    0.000000] pcpu-alloc: [0] 0 
[    0.000000] Built 1 zonelists in Zone order, mobility grouping on.  Total pages: 259950
[    0.000000] Kernel command line: BOOT_IMAGE=/boot/vmlinuz-3.2.0-29-generic-pae root=UUID=007b598c-390d-4c65-84a1-4ff752d48633 ro quiet splash maxcpus=0
[    0.000000] PID hash table entries: 4096 (order: 2, 16384 bytes)
[    0.000000] Dentry cache hash table entries: 131072 (order: 7, 524288 bytes)
[    0.000000] Inode-cache hash table entries: 65536 (order: 6, 262144 bytes)
[    0.000000] Initializing CPU#0
[    0.000000] xsave/xrstor: enabled xstate_bv 0x7, cntxt size 0x340
[    0.000000] allocated 4194048 bytes of page_cgroup
[    0.000000] please try 'cgroup_disable=memory' option if you don't want memory cgroups
[    0.000000] Initializing HighMem for node 0 (00037bfe:00040000)
[    0.000000] Memory: 1010624k/1048576k available (5814k kernel code, 37372k reserved, 2841k data, 740k init, 135048k highmem)
[    0.000000] virtual kernel memory layout:
[    0.000000]     fixmap  : 0xfff16000 - 0xfffff000   ( 932 kB)
[    0.000000]     pkmap   : 0xffc00000 - 0xffe00000   (2048 kB)
[    0.000000]     vmalloc : 0xf83fe000 - 0xffbfe000   ( 120 MB)
[    0.000000]     lowmem  : 0xc0000000 - 0xf7bfe000   ( 891 MB)
[    0.000000]       .init : 0xc1875000 - 0xc192e000   ( 740 kB)
[    0.000000]       .data : 0xc15adb64 - 0xc1874240   (2841 kB)
[    0.000000]       .text : 0xc1000000 - 0xc15adb64   (5814 kB)
[    0.000000] Checking if this processor honours the WP bit even in supervisor mode...Ok.
[    0.000000] SLUB: Genslabs=15, HWalign=64, Order=0-3, MinObjects=0, CPUs=1, Nodes=1
[    0.000000] Hierarchical RCU implementation.
[    0.000000] 	RCU dyntick-idle grace-period acceleration is enabled.
[    0.000000] NR_IRQS:2304 nr_irqs:256 16
[    0.000000] CPU 0 irqstacks, hard=f5c08000 soft=f5c0a000
[    0.000000] Extended CMOS year: 2000
[    0.000000] Console: colour VGA+ 80x25
[    0.000000] console [tty0] enabled
[    0.000000] hpet clockevent registered
[    0.000000] TSC freq read from hypervisor : 2394.620 MHz
[    0.000000] Detected 2394.620 MHz processor.
[    0.000001] Calibrating delay loop (skipped) preset value.. 4789.24 BogoMIPS (lpj=9578480)
[    0.000005] pid_max: default: 32768 minimum: 301
[    0.000024] Security Framework initialized
[    0.000043] AppArmor: AppArmor initialized
[    0.000044] Yama: becoming mindful.
[    0.000098] Mount-cache hash table entries: 512
[    0.000211] Initializing cgroup subsys cpuacct
[    0.000217] Initializing cgroup subsys memory
[    0.000223] Initializing cgroup subsys devices
[    0.000225] Initializing cgroup subsys freezer
[    0.000227] Initializing cgroup subsys blkio
[    0.000234] Initializing cgroup subsys perf_event
[    0.000290] Disabled fast string operations
[    0.000294] CPU: Physical Processor ID: 0
[    0.000306] ENERGY_PERF_BIAS: Set to 'normal', was 'performance'
[    0.000307] ENERGY_PERF_BIAS: View and update with x86_energy_perf_policy(8)
[    0.000972] mce: CPU supports 0 MCE banks
[    0.001896] SMP alternatives: switching to UP code
[    0.021670] Freeing SMP alternatives: 24k freed
[    0.021676] ACPI: Core revision 20110623
[    0.029330] ACPI: setting ELCR to 0200 (from 0e20)
[    0.030777] ftrace: allocating 26545 entries in 52 pages
[    0.052805] SMP mode deactivated.
[    0.052844] SMP disabled
[    0.052846] Performance Events: generic architected perfmon v1, core PMU driver.
[    0.052859] ... version:                1
[    0.052860] ... bit width:              48
[    0.052862] ... generic registers:      4
[    0.052874] ... value mask:             0000ffffffffffff
[    0.052876] ... max period:             000000007fffffff
[    0.052877] ... fixed-purpose events:   0
[    0.052879] ... event mask:             000000000000000f
[    0.052975] NMI watchdog enabled, takes one hw-pmu counter.
[    0.052996] Brought up 1 CPUs
[    0.052997] Total of 1 processors activated (4789.24 BogoMIPS).
[    0.053104] devtmpfs: initialized
[    0.053173] EVM: security.selinux
[    0.053174] EVM: security.SMACK64
[    0.053175] EVM: security.capability
[    0.053200] PM: Registering ACPI NVS region at 3feff000 (4096 bytes)
[    0.053920] print_constraints: dummy: 
[    0.053998] RTC time:  7:12:33, date: 05/27/13
[    0.054027] NET: Registered protocol family 16
[    0.054098] EISA bus registered
[    0.054109] ACPI: bus type pci registered
[    0.054219] PCI: MMCONFIG for domain 0000 [bus 00-ff] at [mem 0xe0000000-0xefffffff] (base 0xe0000000)
[    0.054222] PCI: MMCONFIG at [mem 0xe0000000-0xefffffff] reserved in E820
[    0.054223] PCI: Using MMCONFIG for extended config space
[    0.054224] PCI: Using configuration type 1 for base access
[    0.054902] bio: create slab <bio-0> at 0
[    0.054966] ACPI: Added _OSI(Module Device)
[    0.054967] ACPI: Added _OSI(Processor Device)
[    0.054969] ACPI: Added _OSI(3.0 _SCP Extensions)
[    0.054970] ACPI: Added _OSI(Processor Aggregator Device)
[    0.056877] ACPI: EC: Look up EC in DSDT
[    0.061360] [Firmware Bug]: ACPI: BIOS _OSI(Linux) query ignored
[    0.069953] ACPI: Interpreter enabled
[    0.069964] ACPI: (supports S0 S1 S4 S5)
[    0.069976] ACPI: Using PIC for interrupt routing
[    0.112927] ACPI: No dock devices found.
[    0.112932] HEST: Table not found.
[    0.112938] PCI: Using host bridge windows from ACPI; if necessary, use "pci=nocrs" and report a bug
[    0.113673] ACPI: PCI Root Bridge [PCI0] (domain 0000 [bus 00-ff])
[    0.114983] pci_root PNP0A03:00: host bridge window [mem 0x000a0000-0x000bffff]
[    0.114986] pci_root PNP0A03:00: host bridge window [mem 0x000cc000-0x000cffff]
[    0.114987] pci_root PNP0A03:00: host bridge window [mem 0x000d0000-0x000d3fff]
[    0.114989] pci_root PNP0A03:00: host bridge window [mem 0x000d4000-0x000d7fff]
[    0.114990] pci_root PNP0A03:00: host bridge window [mem 0x000d8000-0x000dbfff]
[    0.114992] pci_root PNP0A03:00: host bridge window [mem 0xc0000000-0xfebfffff]
[    0.114994] pci_root PNP0A03:00: host bridge window [io  0x0000-0x0cf7]
[    0.114995] pci_root PNP0A03:00: host bridge window [io  0x0d00-0xfeff]
[    0.115049] pci 0000:00:00.0: [8086:7190] type 0 class 0x000600
[    0.115503] pci 0000:00:01.0: [8086:7191] type 1 class 0x000604
[    0.115940] pci 0000:00:07.0: [8086:7110] type 0 class 0x000601
[    0.116611] pci 0000:00:07.1: [8086:7111] type 0 class 0x000101
[    0.118153] pci 0000:00:07.1: reg 20: [io  0x10c0-0x10cf]
[    0.118939] pci 0000:00:07.3: [8086:7113] type 0 class 0x000680
[    0.120653] pci 0000:00:07.3: quirk: [io  0x1000-0x103f] claimed by PIIX4 ACPI
[    0.120667] pci 0000:00:07.3: quirk: [io  0x1040-0x104f] claimed by PIIX4 SMB
[    0.120976] pci 0000:00:07.7: [15ad:0740] type 0 class 0x000880
[    0.121469] pci 0000:00:07.7: reg 10: [io  0x1080-0x10bf]
[    0.122057] pci 0000:00:07.7: reg 14: [mem 0xc8000000-0xc8001fff 64bit]
[    0.124181] pci 0000:00:0f.0: [15ad:0405] type 0 class 0x000300
[    0.126243] pci 0000:00:0f.0: reg 10: [io  0x10d0-0x10df]
[    0.128232] pci 0000:00:0f.0: reg 14: [mem 0xd0000000-0xd7ffffff pref]
[    0.130202] pci 0000:00:0f.0: reg 18: [mem 0xc8800000-0xc8ffffff]
[    0.138103] pci 0000:00:0f.0: reg 30: [mem 0x00000000-0x00007fff pref]
[    0.138420] pci 0000:00:10.0: [1000:0030] type 0 class 0x000100
[    0.138994] pci 0000:00:10.0: reg 10: [io  0x1400-0x14ff]
[    0.139716] pci 0000:00:10.0: reg 14: [mem 0xc8040000-0xc805ffff 64bit]
[    0.140460] pci 0000:00:10.0: reg 1c: [mem 0xc8020000-0xc803ffff 64bit]
[    0.141526] pci 0000:00:10.0: reg 30: [mem 0x00000000-0x00003fff pref]
[    0.141691] pci 0000:00:11.0: [15ad:0790] type 1 class 0x000604
[    0.142425] pci 0000:00:15.0: [15ad:07a0] type 1 class 0x000604
[    0.143222] pci 0000:00:15.0: PME# supported from D0 D3hot D3cold
[    0.143247] pci 0000:00:15.0: PME# disabled
[    0.143487] pci 0000:00:15.1: [15ad:07a0] type 1 class 0x000604
[    0.144289] pci 0000:00:15.1: PME# supported from D0 D3hot D3cold
[    0.144313] pci 0000:00:15.1: PME# disabled
[    0.144553] pci 0000:00:15.2: [15ad:07a0] type 1 class 0x000604
[    0.145365] pci 0000:00:15.2: PME# supported from D0 D3hot D3cold
[    0.145389] pci 0000:00:15.2: PME# disabled
[    0.145629] pci 0000:00:15.3: [15ad:07a0] type 1 class 0x000604
[    0.146397] pci 0000:00:15.3: PME# supported from D0 D3hot D3cold
[    0.146420] pci 0000:00:15.3: PME# disabled
[    0.146659] pci 0000:00:15.4: [15ad:07a0] type 1 class 0x000604
[    0.147457] pci 0000:00:15.4: PME# supported from D0 D3hot D3cold
[    0.147481] pci 0000:00:15.4: PME# disabled
[    0.147738] pci 0000:00:15.5: [15ad:07a0] type 1 class 0x000604
[    0.148522] pci 0000:00:15.5: PME# supported from D0 D3hot D3cold
[    0.148546] pci 0000:00:15.5: PME# disabled
[    0.148801] pci 0000:00:15.6: [15ad:07a0] type 1 class 0x000604
[    0.149749] pci 0000:00:15.6: PME# supported from D0 D3hot D3cold
[    0.149778] pci 0000:00:15.6: PME# disabled
[    0.150070] pci 0000:00:15.7: [15ad:07a0] type 1 class 0x000604
[    0.151005] pci 0000:00:15.7: PME# supported from D0 D3hot D3cold
[    0.151034] pci 0000:00:15.7: PME# disabled
[    0.151326] pci 0000:00:16.0: [15ad:07a0] type 1 class 0x000604
[    0.152276] pci 0000:00:16.0: PME# supported from D0 D3hot D3cold
[    0.152304] pci 0000:00:16.0: PME# disabled
[    0.152594] pci 0000:00:16.1: [15ad:07a0] type 1 class 0x000604
[    0.153539] pci 0000:00:16.1: PME# supported from D0 D3hot D3cold
[    0.153567] pci 0000:00:16.1: PME# disabled
[    0.153869] pci 0000:00:16.2: [15ad:07a0] type 1 class 0x000604
[    0.154815] pci 0000:00:16.2: PME# supported from D0 D3hot D3cold
[    0.154844] pci 0000:00:16.2: PME# disabled
[    0.155134] pci 0000:00:16.3: [15ad:07a0] type 1 class 0x000604
[    0.156090] pci 0000:00:16.3: PME# supported from D0 D3hot D3cold
[    0.156119] pci 0000:00:16.3: PME# disabled
[    0.156412] pci 0000:00:16.4: [15ad:07a0] type 1 class 0x000604
[    0.157343] pci 0000:00:16.4: PME# supported from D0 D3hot D3cold
[    0.157372] pci 0000:00:16.4: PME# disabled
[    0.157670] pci 0000:00:16.5: [15ad:07a0] type 1 class 0x000604
[    0.158609] pci 0000:00:16.5: PME# supported from D0 D3hot D3cold
[    0.158638] pci 0000:00:16.5: PME# disabled
[    0.158937] pci 0000:00:16.6: [15ad:07a0] type 1 class 0x000604
[    0.159892] pci 0000:00:16.6: PME# supported from D0 D3hot D3cold
[    0.159922] pci 0000:00:16.6: PME# disabled
[    0.160213] pci 0000:00:16.7: [15ad:07a0] type 1 class 0x000604
[    0.161154] pci 0000:00:16.7: PME# supported from D0 D3hot D3cold
[    0.161183] pci 0000:00:16.7: PME# disabled
[    0.161476] pci 0000:00:17.0: [15ad:07a0] type 1 class 0x000604
[    0.162415] pci 0000:00:17.0: PME# supported from D0 D3hot D3cold
[    0.162444] pci 0000:00:17.0: PME# disabled
[    0.162744] pci 0000:00:17.1: [15ad:07a0] type 1 class 0x000604
[    0.163674] pci 0000:00:17.1: PME# supported from D0 D3hot D3cold
[    0.163703] pci 0000:00:17.1: PME# disabled
[    0.164021] pci 0000:00:17.2: [15ad:07a0] type 1 class 0x000604
[    0.164973] pci 0000:00:17.2: PME# supported from D0 D3hot D3cold
[    0.165002] pci 0000:00:17.2: PME# disabled
[    0.165293] pci 0000:00:17.3: [15ad:07a0] type 1 class 0x000604
[    0.166233] pci 0000:00:17.3: PME# supported from D0 D3hot D3cold
[    0.166261] pci 0000:00:17.3: PME# disabled
[    0.166553] pci 0000:00:17.4: [15ad:07a0] type 1 class 0x000604
[    0.167487] pci 0000:00:17.4: PME# supported from D0 D3hot D3cold
[    0.167516] pci 0000:00:17.4: PME# disabled
[    0.167842] pci 0000:00:17.5: [15ad:07a0] type 1 class 0x000604
[    0.168783] pci 0000:00:17.5: PME# supported from D0 D3hot D3cold
[    0.168811] pci 0000:00:17.5: PME# disabled
[    0.169102] pci 0000:00:17.6: [15ad:07a0] type 1 class 0x000604
[    0.170044] pci 0000:00:17.6: PME# supported from D0 D3hot D3cold
[    0.170074] pci 0000:00:17.6: PME# disabled
[    0.170364] pci 0000:00:17.7: [15ad:07a0] type 1 class 0x000604
[    0.171301] pci 0000:00:17.7: PME# supported from D0 D3hot D3cold
[    0.171330] pci 0000:00:17.7: PME# disabled
[    0.171620] pci 0000:00:18.0: [15ad:07a0] type 1 class 0x000604
[    0.172572] pci 0000:00:18.0: PME# supported from D0 D3hot D3cold
[    0.172601] pci 0000:00:18.0: PME# disabled
[    0.172904] pci 0000:00:18.1: [15ad:07a0] type 1 class 0x000604
[    0.173876] pci 0000:00:18.1: PME# supported from D0 D3hot D3cold
[    0.173901] pci 0000:00:18.1: PME# disabled
[    0.174142] pci 0000:00:18.2: [15ad:07a0] type 1 class 0x000604
[    0.174911] pci 0000:00:18.2: PME# supported from D0 D3hot D3cold
[    0.174935] pci 0000:00:18.2: PME# disabled
[    0.175175] pci 0000:00:18.3: [15ad:07a0] type 1 class 0x000604
[    0.175967] pci 0000:00:18.3: PME# supported from D0 D3hot D3cold
[    0.175992] pci 0000:00:18.3: PME# disabled
[    0.176232] pci 0000:00:18.4: [15ad:07a0] type 1 class 0x000604
[    0.177014] pci 0000:00:18.4: PME# supported from D0 D3hot D3cold
[    0.177039] pci 0000:00:18.4: PME# disabled
[    0.177284] pci 0000:00:18.5: [15ad:07a0] type 1 class 0x000604
[    0.178062] pci 0000:00:18.5: PME# supported from D0 D3hot D3cold
[    0.178085] pci 0000:00:18.5: PME# disabled
[    0.178324] pci 0000:00:18.6: [15ad:07a0] type 1 class 0x000604
[    0.179102] pci 0000:00:18.6: PME# supported from D0 D3hot D3cold
[    0.179126] pci 0000:00:18.6: PME# disabled
[    0.179365] pci 0000:00:18.7: [15ad:07a0] type 1 class 0x000604
[    0.180160] pci 0000:00:18.7: PME# supported from D0 D3hot D3cold
[    0.180184] pci 0000:00:18.7: PME# disabled
[    0.180807] pci 0000:00:01.0: PCI bridge to [bus 01-01]
[    0.181125] pci 0000:02:00.0: [15ad:0774] type 0 class 0x000c03
[    0.182462] pci 0000:02:00.0: reg 20: [io  0x20c0-0x20df]
[    0.183109] pci 0000:02:01.0: [1022:2000] type 0 class 0x000200
[    0.183396] pci 0000:02:01.0: reg 10: [io  0x2000-0x207f]
[    0.185055] pci 0000:02:01.0: reg 30: [mem 0x00000000-0x0000ffff pref]
[    0.185217] pci 0000:02:02.0: [1274:1371] type 0 class 0x000401
[    0.185696] pci 0000:02:02.0: reg 10: [io  0x2080-0x20bf]
[    0.188578] pci 0000:02:03.0: [15ad:0770] type 0 class 0x000c03
[    0.188973] pci 0000:02:03.0: reg 10: [mem 0xc9000000-0xc9000fff]
[    0.191372] pci 0000:00:11.0: PCI bridge to [bus 02-02] (subtractive decode)
[    0.191402] pci 0000:00:11.0:   bridge window [io  0x2000-0x3fff]
[    0.191430] pci 0000:00:11.0:   bridge window [mem 0xc9000000-0xca3fffff]
[    0.191484] pci 0000:00:11.0:   bridge window [mem 0xd8400000-0xd89fffff 64bit pref]
[    0.191487] pci 0000:00:11.0:   bridge window [mem 0x000a0000-0x000bffff] (subtractive decode)
[    0.191489] pci 0000:00:11.0:   bridge window [mem 0x000cc000-0x000cffff] (subtractive decode)
[    0.191491] pci 0000:00:11.0:   bridge window [mem 0x000d0000-0x000d3fff] (subtractive decode)
[    0.191494] pci 0000:00:11.0:   bridge window [mem 0x000d4000-0x000d7fff] (subtractive decode)
[    0.191496] pci 0000:00:11.0:   bridge window [mem 0x000d8000-0x000dbfff] (subtractive decode)
[    0.191498] pci 0000:00:11.0:   bridge window [mem 0xc0000000-0xfebfffff] (subtractive decode)
[    0.191500] pci 0000:00:11.0:   bridge window [io  0x0000-0x0cf7] (subtractive decode)
[    0.191503] pci 0000:00:11.0:   bridge window [io  0x0d00-0xfeff] (subtractive decode)
[    0.192092] pci 0000:00:15.0: PCI bridge to [bus 03-03]
[    0.192120] pci 0000:00:15.0:   bridge window [io  0x4000-0x4fff]
[    0.192149] pci 0000:00:15.0:   bridge window [mem 0xca400000-0xca4fffff]
[    0.192202] pci 0000:00:15.0:   bridge window [mem 0xd8a00000-0xd8afffff 64bit pref]
[    0.192777] pci 0000:00:15.1: PCI bridge to [bus 04-04]
[    0.192805] pci 0000:00:15.1:   bridge window [io  0x8000-0x8fff]
[    0.192833] pci 0000:00:15.1:   bridge window [mem 0xca800000-0xca8fffff]
[    0.192886] pci 0000:00:15.1:   bridge window [mem 0xd8e00000-0xd8efffff 64bit pref]
[    0.193451] pci 0000:00:15.2: PCI bridge to [bus 05-05]
[    0.193479] pci 0000:00:15.2:   bridge window [io  0xc000-0xcfff]
[    0.193506] pci 0000:00:15.2:   bridge window [mem 0xcac00000-0xcacfffff]
[    0.193560] pci 0000:00:15.2:   bridge window [mem 0xd9200000-0xd92fffff 64bit pref]
[    0.194127] pci 0000:00:15.3: PCI bridge to [bus 06-06]
[    0.194181] pci 0000:00:15.3:   bridge window [mem 0xcb000000-0xcb0fffff]
[    0.194234] pci 0000:00:15.3:   bridge window [mem 0xd9600000-0xd96fffff 64bit pref]
[    0.194799] pci 0000:00:15.4: PCI bridge to [bus 07-07]
[    0.194852] pci 0000:00:15.4:   bridge window [mem 0xcb400000-0xcb4fffff]
[    0.194906] pci 0000:00:15.4:   bridge window [mem 0xd9a00000-0xd9afffff 64bit pref]
[    0.195471] pci 0000:00:15.5: PCI bridge to [bus 08-08]
[    0.195524] pci 0000:00:15.5:   bridge window [mem 0xcb800000-0xcb8fffff]
[    0.195578] pci 0000:00:15.5:   bridge window [mem 0xd9e00000-0xd9efffff 64bit pref]
[    0.196166] pci 0000:00:15.6: PCI bridge to [bus 09-09]
[    0.196220] pci 0000:00:15.6:   bridge window [mem 0xcbc00000-0xcbcfffff]
[    0.196273] pci 0000:00:15.6:   bridge window [mem 0xda200000-0xda2fffff 64bit pref]
[    0.196840] pci 0000:00:15.7: PCI bridge to [bus 0a-0a]
[    0.196883] pci 0000:00:15.7:   bridge window [mem 0xcc000000-0xcc0fffff]
[    0.196927] pci 0000:00:15.7:   bridge window [mem 0xda600000-0xda6fffff 64bit pref]
[    0.197393] pci 0000:00:16.0: PCI bridge to [bus 0b-0b]
[    0.197416] pci 0000:00:16.0:   bridge window [io  0x5000-0x5fff]
[    0.197439] pci 0000:00:16.0:   bridge window [mem 0xca500000-0xca5fffff]
[    0.197483] pci 0000:00:16.0:   bridge window [mem 0xd8b00000-0xd8bfffff 64bit pref]
[    0.197948] pci 0000:00:16.1: PCI bridge to [bus 0c-0c]
[    0.197971] pci 0000:00:16.1:   bridge window [io  0x9000-0x9fff]
[    0.197994] pci 0000:00:16.1:   bridge window [mem 0xca900000-0xca9fffff]
[    0.198038] pci 0000:00:16.1:   bridge window [mem 0xd8f00000-0xd8ffffff 64bit pref]
[    0.198500] pci 0000:00:16.2: PCI bridge to [bus 0d-0d]
[    0.198523] pci 0000:00:16.2:   bridge window [io  0xd000-0xdfff]
[    0.198546] pci 0000:00:16.2:   bridge window [mem 0xcad00000-0xcadfffff]
[    0.198589] pci 0000:00:16.2:   bridge window [mem 0xd9300000-0xd93fffff 64bit pref]
[    0.199066] pci 0000:00:16.3: PCI bridge to [bus 0e-0e]
[    0.199109] pci 0000:00:16.3:   bridge window [mem 0xcb100000-0xcb1fffff]
[    0.199153] pci 0000:00:16.3:   bridge window [mem 0xd9700000-0xd97fffff 64bit pref]
[    0.199616] pci 0000:00:16.4: PCI bridge to [bus 0f-0f]
[    0.199661] pci 0000:00:16.4:   bridge window [mem 0xcb500000-0xcb5fffff]
[    0.199720] pci 0000:00:16.4:   bridge window [mem 0xd9b00000-0xd9bfffff 64bit pref]
[    0.200183] pci 0000:00:16.5: PCI bridge to [bus 10-10]
[    0.200226] pci 0000:00:16.5:   bridge window [mem 0xcb900000-0xcb9fffff]
[    0.200270] pci 0000:00:16.5:   bridge window [mem 0xd9f00000-0xd9ffffff 64bit pref]
[    0.200742] pci 0000:00:16.6: PCI bridge to [bus 11-11]
[    0.200785] pci 0000:00:16.6:   bridge window [mem 0xcbd00000-0xcbdfffff]
[    0.200829] pci 0000:00:16.6:   bridge window [mem 0xda300000-0xda3fffff 64bit pref]
[    0.201292] pci 0000:00:16.7: PCI bridge to [bus 12-12]
[    0.201335] pci 0000:00:16.7:   bridge window [mem 0xcc100000-0xcc1fffff]
[    0.201378] pci 0000:00:16.7:   bridge window [mem 0xda700000-0xda7fffff 64bit pref]
[    0.201852] pci 0000:00:17.0: PCI bridge to [bus 13-13]
[    0.201875] pci 0000:00:17.0:   bridge window [io  0x6000-0x6fff]
[    0.201898] pci 0000:00:17.0:   bridge window [mem 0xca600000-0xca6fffff]
[    0.201941] pci 0000:00:17.0:   bridge window [mem 0xd8c00000-0xd8cfffff 64bit pref]
[    0.202404] pci 0000:00:17.1: PCI bridge to [bus 14-14]
[    0.202426] pci 0000:00:17.1:   bridge window [io  0xa000-0xafff]
[    0.202450] pci 0000:00:17.1:   bridge window [mem 0xcaa00000-0xcaafffff]
[    0.202493] pci 0000:00:17.1:   bridge window [mem 0xd9000000-0xd90fffff 64bit pref]
[    0.202963] pci 0000:00:17.2: PCI bridge to [bus 15-15]
[    0.202985] pci 0000:00:17.2:   bridge window [io  0xe000-0xefff]
[    0.203008] pci 0000:00:17.2:   bridge window [mem 0xcae00000-0xcaefffff]
[    0.203052] pci 0000:00:17.2:   bridge window [mem 0xd9400000-0xd94fffff 64bit pref]
[    0.203517] pci 0000:00:17.3: PCI bridge to [bus 16-16]
[    0.203560] pci 0000:00:17.3:   bridge window [mem 0xcb200000-0xcb2fffff]
[    0.203604] pci 0000:00:17.3:   bridge window [mem 0xd9800000-0xd98fffff 64bit pref]
[    0.204092] pci 0000:00:17.4: PCI bridge to [bus 17-17]
[    0.204136] pci 0000:00:17.4:   bridge window [mem 0xcb600000-0xcb6fffff]
[    0.204179] pci 0000:00:17.4:   bridge window [mem 0xd9c00000-0xd9cfffff 64bit pref]
[    0.204643] pci 0000:00:17.5: PCI bridge to [bus 18-18]
[    0.204700] pci 0000:00:17.5:   bridge window [mem 0xcba00000-0xcbafffff]
[    0.204744] pci 0000:00:17.5:   bridge window [mem 0xda000000-0xda0fffff 64bit pref]
[    0.205207] pci 0000:00:17.6: PCI bridge to [bus 19-19]
[    0.205250] pci 0000:00:17.6:   bridge window [mem 0xcbe00000-0xcbefffff]
[    0.205294] pci 0000:00:17.6:   bridge window [mem 0xda400000-0xda4fffff 64bit pref]
[    0.205758] pci 0000:00:17.7: PCI bridge to [bus 1a-1a]
[    0.205801] pci 0000:00:17.7:   bridge window [mem 0xcc200000-0xcc2fffff]
[    0.205845] pci 0000:00:17.7:   bridge window [mem 0xda800000-0xda8fffff 64bit pref]
[    0.206308] pci 0000:00:18.0: PCI bridge to [bus 1b-1b]
[    0.206330] pci 0000:00:18.0:   bridge window [io  0x7000-0x7fff]
[    0.206354] pci 0000:00:18.0:   bridge window [mem 0xca700000-0xca7fffff]
[    0.206397] pci 0000:00:18.0:   bridge window [mem 0xd8d00000-0xd8dfffff 64bit pref]
[    0.206868] pci 0000:00:18.1: PCI bridge to [bus 1c-1c]
[    0.206891] pci 0000:00:18.1:   bridge window [io  0xb000-0xbfff]
[    0.206914] pci 0000:00:18.1:   bridge window [mem 0xcab00000-0xcabfffff]
[    0.206958] pci 0000:00:18.1:   bridge window [mem 0xd9100000-0xd91fffff 64bit pref]
[    0.207421] pci 0000:00:18.2: PCI bridge to [bus 1d-1d]
[    0.207444] pci 0000:00:18.2:   bridge window [io  0xf000-0xffff]
[    0.207467] pci 0000:00:18.2:   bridge window [mem 0xcaf00000-0xcaffffff]
[    0.207511] pci 0000:00:18.2:   bridge window [mem 0xd9500000-0xd95fffff 64bit pref]
[    0.208000] pci 0000:00:18.3: PCI bridge to [bus 1e-1e]
[    0.208043] pci 0000:00:18.3:   bridge window [mem 0xcb300000-0xcb3fffff]
[    0.208087] pci 0000:00:18.3:   bridge window [mem 0xd9900000-0xd99fffff 64bit pref]
[    0.208550] pci 0000:00:18.4: PCI bridge to [bus 1f-1f]
[    0.208594] pci 0000:00:18.4:   bridge window [mem 0xcb700000-0xcb7fffff]
[    0.208637] pci 0000:00:18.4:   bridge window [mem 0xd9d00000-0xd9dfffff 64bit pref]
[    0.209112] pci 0000:00:18.5: PCI bridge to [bus 20-20]
[    0.209156] pci 0000:00:18.5:   bridge window [mem 0xcbb00000-0xcbbfffff]
[    0.209199] pci 0000:00:18.5:   bridge window [mem 0xda100000-0xda1fffff 64bit pref]
[    0.209683] pci 0000:00:18.6: PCI bridge to [bus 21-21]
[    0.209739] pci 0000:00:18.6:   bridge window [mem 0xcbf00000-0xcbffffff]
[    0.209794] pci 0000:00:18.6:   bridge window [mem 0xda500000-0xda5fffff 64bit pref]
[    0.210257] pci 0000:00:18.7: PCI bridge to [bus 22-22]
[    0.210301] pci 0000:00:18.7:   bridge window [mem 0xcc300000-0xcc3fffff]
[    0.210344] pci 0000:00:18.7:   bridge window [mem 0xda900000-0xda9fffff 64bit pref]
[    0.212172] pci_bus 0000:00: on NUMA node 0
[    0.212179] ACPI: PCI Interrupt Routing Table [\_SB_.PCI0._PRT]
[    0.212863]  pci0000:00: Requesting ACPI _OSC control (0x1d)
[    0.213173]  pci0000:00: ACPI _OSC control (0x15) granted
[    0.295792] ACPI: PCI Interrupt Link [LNKA] (IRQs 3 4 5 6 7 *9 10 11 14 15)
[    0.295882] ACPI: PCI Interrupt Link [LNKB] (IRQs 3 4 5 6 7 9 10 *11 14 15)
[    0.295964] ACPI: PCI Interrupt Link [LNKC] (IRQs 3 4 5 6 7 9 *10 11 14 15)
[    0.296046] ACPI: PCI Interrupt Link [LNKD] (IRQs 3 4 *5 6 7 9 10 11 14 15)
[    0.296219] vgaarb: device added: PCI:0000:00:0f.0,decodes=io+mem,owns=io+mem,locks=none
[    0.296232] vgaarb: loaded
[    0.296233] vgaarb: bridge control possible 0000:00:0f.0
[    0.296353] i2c-core: driver [aat2870] using legacy suspend method
[    0.296354] i2c-core: driver [aat2870] using legacy resume method
[    0.296440] SCSI subsystem initialized
[    0.296490] libata version 3.00 loaded.
[    0.296544] usbcore: registered new interface driver usbfs
[    0.296558] usbcore: registered new interface driver hub
[    0.296590] usbcore: registered new device driver usb
[    0.296681] PCI: Using ACPI for IRQ routing
[    0.373110] PCI: pci_cache_line_size set to 64 bytes
[    0.373133] pci 0000:00:18.2: no compatible bridge window for [io  0xf000-0xffff]
[    0.374190] reserve RAM buffer: 000000000009f000 - 000000000009ffff 
[    0.374192] reserve RAM buffer: 000000003fee0000 - 000000003fffffff 
[    0.374294] NetLabel: Initializing
[    0.374296] NetLabel:  domain hash size = 128
[    0.374296] NetLabel:  protocols = UNLABELED CIPSOv4
[    0.374304] NetLabel:  unlabeled traffic allowed by default
[    0.374363] hpet0: at MMIO 0xfed00000, IRQs 2, 8, 0, 0, 0, 0, 0, 0, 0, 0, 0, 0, 0, 0, 0, 0
[    0.374369] hpet0: 16 comparators, 64-bit 14.318180 MHz counter
[    0.376415] Switching to clocksource hpet
[    0.381698] AppArmor: AppArmor Filesystem Enabled
[    0.381716] pnp: PnP ACPI init
[    0.381732] ACPI: bus type pnp registered
[    0.382362] pnp 00:00: [bus 00-ff]
[    0.382364] pnp 00:00: [mem 0x000a0000-0x000bffff window]
[    0.382366] pnp 00:00: [mem 0x000c0000-0x000c3fff window]
[    0.382367] pnp 00:00: [mem 0x000c4000-0x000c7fff window]
[    0.382368] pnp 00:00: [mem 0x000c8000-0x000cbfff window]
[    0.382370] pnp 00:00: [mem 0x000cc000-0x000cffff window]
[    0.382371] pnp 00:00: [mem 0x000d0000-0x000d3fff window]
[    0.382373] pnp 00:00: [mem 0x000d4000-0x000d7fff window]
[    0.382374] pnp 00:00: [mem 0x000d8000-0x000dbfff window]
[    0.382375] pnp 00:00: [mem 0x000dc000-0x000dffff window]
[    0.382377] pnp 00:00: [mem 0x000e0000-0x000e3fff window]
[    0.382378] pnp 00:00: [mem 0x000e4000-0x000e7fff window]
[    0.382380] pnp 00:00: [mem 0x000e8000-0x000ebfff window]
[    0.382381] pnp 00:00: [mem 0x000ec000-0x000effff window]
[    0.382383] pnp 00:00: [mem 0xc0000000-0xfebfffff window]
[    0.382384] pnp 00:00: [io  0x0cf8-0x0cff]
[    0.382386] pnp 00:00: [io  0x0000-0x0cf7 window]
[    0.382387] pnp 00:00: [io  0x0d00-0xfeff window]
[    0.382435] pnp 00:00: Plug and Play ACPI device, IDs PNP0a03 PNP0a08 (active)
[    0.382500] pnp 00:01: [io  0x0010-0x001f]
[    0.382502] pnp 00:01: [io  0x0024-0x0025]
[    0.382503] pnp 00:01: [io  0x0028-0x0029]
[    0.382504] pnp 00:01: [io  0x002c-0x002d]
[    0.382505] pnp 00:01: [io  0x002e-0x002f]
[    0.382506] pnp 00:01: [io  0x0030-0x0031]
[    0.382507] pnp 00:01: [io  0x0034-0x0035]
[    0.382508] pnp 00:01: [io  0x0038-0x0039]
[    0.382510] pnp 00:01: [io  0x003c-0x003d]
[    0.382511] pnp 00:01: [io  0x0050-0x0053]
[    0.382512] pnp 00:01: [io  0x0072-0x0077]
[    0.382513] pnp 00:01: [io  0x0080]
[    0.382514] pnp 00:01: [io  0x0090-0x009f]
[    0.382515] pnp 00:01: [io  0x00a4-0x00a5]
[    0.382516] pnp 00:01: [io  0x00a8-0x00a9]
[    0.382517] pnp 00:01: [io  0x00ac-0x00ad]
[    0.382519] pnp 00:01: [io  0x00b0-0x00b5]
[    0.382520] pnp 00:01: [io  0x00b8-0x00b9]
[    0.382521] pnp 00:01: [io  0x00bc-0x00bd]
[    0.382522] pnp 00:01: [io  0x1000-0x103f]
[    0.382523] pnp 00:01: [io  0x1040-0x104f]
[    0.382525] pnp 00:01: [io  0x0cf0-0x0cf1]
[    0.382582] system 00:01: [io  0x1000-0x103f] has been reserved
[    0.382586] system 00:01: [io  0x1040-0x104f] has been reserved
[    0.382588] system 00:01: [io  0x0cf0-0x0cf1] has been reserved
[    0.382590] system 00:01: Plug and Play ACPI device, IDs PNP0c02 (active)
[    0.382597] pnp 00:02: [io  0x0000-0x000f]
[    0.382598] pnp 00:02: [io  0x0081-0x008f]
[    0.382599] pnp 00:02: [io  0x00c0-0x00df]
[    0.382601] pnp 00:02: [dma 4]
[    0.382616] pnp 00:02: Plug and Play ACPI device, IDs PNP0200 (active)
[    0.382622] pnp 00:03: [io  0x0020-0x0021]
[    0.382623] pnp 00:03: [io  0x00a0-0x00a1]
[    0.382624] pnp 00:03: [io  0x04d0-0x04d1]
[    0.382626] pnp 00:03: [irq 2 disabled]
[    0.382641] pnp 00:03: Plug and Play ACPI device, IDs PNP0001 (active)
[    0.382647] pnp 00:04: [io  0x0070-0x0071]
[    0.382650] pnp 00:04: [irq 8]
[    0.382662] pnp 00:04: Plug and Play ACPI device, IDs PNP0b00 (active)
[    0.382667] pnp 00:05: [io  0x0061]
[    0.382679] pnp 00:05: Plug and Play ACPI device, IDs PNP0800 (active)
[    0.382684] pnp 00:06: [io  0x0060]
[    0.382685] pnp 00:06: [io  0x0064]
[    0.382687] pnp 00:06: [irq 1]
[    0.382702] pnp 00:06: Plug and Play ACPI device, IDs PNP0303 (active)
[    0.382707] pnp 00:07: [irq 12]
[    0.382719] pnp 00:07: Plug and Play ACPI device, IDs PNP0f13 (active)
[    0.382882] pnp 00:08: [mem 0xfed00000-0xfed003ff]
[    0.382916] system 00:08: [mem 0xfed00000-0xfed003ff] has been reserved
[    0.382918] system 00:08: Plug and Play ACPI device, IDs PNP0103 PNP0c01 (active)
[    0.387602] pnp 00:09: [io  0x0378-0x037f]
[    0.387605] pnp 00:09: [irq 7]
[    0.388835] pnp 00:09: Plug and Play ACPI device, IDs PNP0400 (active)
[    0.392996] pnp 00:0a: [io  0x03f8-0x03ff]
[    0.392999] pnp 00:0a: [irq 4]
[    0.394161] pnp 00:0a: Plug and Play ACPI device, IDs PNP0501 (active)
[    0.397676] pnp 00:0b: [io  0x02f8-0x02ff]
[    0.397679] pnp 00:0b: [irq 3]
[    0.398940] pnp 00:0b: Plug and Play ACPI device, IDs PNP0501 (active)
[    0.404186] pnp 00:0c: [io  0x03f0-0x03f5]
[    0.404188] pnp 00:0c: [io  0x03f7]
[    0.404190] pnp 00:0c: [irq 6]
[    0.404191] pnp 00:0c: [dma 2]
[    0.405296] pnp 00:0c: Plug and Play ACPI device, IDs PNP0700 (active)
[    0.405466] pnp 00:0d: [mem 0xe0000000-0xefffffff]
[    0.405468] pnp 00:0d: [io  0x1060-0x107f]
[    0.405469] pnp 00:0d: [mem 0xc8200000-0xc83fffff]
[    0.405512] system 00:0d: [io  0x1060-0x107f] has been reserved
[    0.405514] system 00:0d: [mem 0xe0000000-0xefffffff] has been reserved
[    0.405516] system 00:0d: [mem 0xc8200000-0xc83fffff] has been reserved
[    0.405518] system 00:0d: Plug and Play ACPI device, IDs PNP0c02 (active)
[    0.410786] pnp: PnP ACPI: found 14 devices
[    0.410789] ACPI: ACPI bus type pnp unregistered
[    0.410793] PnPBIOS: Disabled by ACPI PNP
[    0.447116] PCI: max bus depth: 1 pci_try_num: 2
[    0.448456] pci 0000:00:0f.0: BAR 6: assigned [mem 0xc0000000-0xc0007fff pref]
[    0.448461] pci 0000:00:10.0: BAR 6: assigned [mem 0xc0008000-0xc000bfff pref]
[    0.448466] pci 0000:00:18.7: BAR 13: can't assign io (size 0x1000)
[    0.448469] pci 0000:00:18.6: BAR 13: can't assign io (size 0x1000)
[    0.448472] pci 0000:00:18.5: BAR 13: can't assign io (size 0x1000)
[    0.448475] pci 0000:00:18.4: BAR 13: can't assign io (size 0x1000)
[    0.448478] pci 0000:00:18.3: BAR 13: can't assign io (size 0x1000)
[    0.448481] pci 0000:00:18.2: BAR 13: can't assign io (size 0x1000)
[    0.448484] pci 0000:00:17.7: BAR 13: can't assign io (size 0x1000)
[    0.448487] pci 0000:00:17.6: BAR 13: can't assign io (size 0x1000)
[    0.448490] pci 0000:00:17.5: BAR 13: can't assign io (size 0x1000)
[    0.448493] pci 0000:00:17.4: BAR 13: can't assign io (size 0x1000)
[    0.448496] pci 0000:00:17.3: BAR 13: can't assign io (size 0x1000)
[    0.448499] pci 0000:00:16.7: BAR 13: can't assign io (size 0x1000)
[    0.448502] pci 0000:00:16.6: BAR 13: can't assign io (size 0x1000)
[    0.448505] pci 0000:00:16.5: BAR 13: can't assign io (size 0x1000)
[    0.448508] pci 0000:00:16.4: BAR 13: can't assign io (size 0x1000)
[    0.448511] pci 0000:00:16.3: BAR 13: can't assign io (size 0x1000)
[    0.448514] pci 0000:00:15.7: BAR 13: can't assign io (size 0x1000)
[    0.448517] pci 0000:00:15.6: BAR 13: can't assign io (size 0x1000)
[    0.448520] pci 0000:00:15.5: BAR 13: can't assign io (size 0x1000)
[    0.448523] pci 0000:00:15.4: BAR 13: can't assign io (size 0x1000)
[    0.448526] pci 0000:00:15.3: BAR 13: can't assign io (size 0x1000)
[    0.448528] pci 0000:00:01.0: PCI bridge to [bus 01-01]
[    0.448628] pci 0000:02:01.0: BAR 6: assigned [mem 0xd8400000-0xd840ffff pref]
[    0.448630] pci 0000:00:11.0: PCI bridge to [bus 02-02]
[    0.448645] pci 0000:00:11.0:   bridge window [io  0x2000-0x3fff]
[    0.448679] pci 0000:00:11.0:   bridge window [mem 0xc9000000-0xca3fffff]
[    0.448703] pci 0000:00:11.0:   bridge window [mem 0xd8400000-0xd89fffff 64bit pref]
[    0.448747] pci 0000:00:15.0: PCI bridge to [bus 03-03]
[    0.448761] pci 0000:00:15.0:   bridge window [io  0x4000-0x4fff]
[    0.448795] pci 0000:00:15.0:   bridge window [mem 0xca400000-0xca4fffff]
[    0.448819] pci 0000:00:15.0:   bridge window [mem 0xd8a00000-0xd8afffff 64bit pref]
[    0.448877] pci 0000:00:15.1: PCI bridge to [bus 04-04]
[    0.448891] pci 0000:00:15.1:   bridge window [io  0x8000-0x8fff]
[    0.448925] pci 0000:00:15.1:   bridge window [mem 0xca800000-0xca8fffff]
[    0.448949] pci 0000:00:15.1:   bridge window [mem 0xd8e00000-0xd8efffff 64bit pref]
[    0.448998] pci 0000:00:15.2: PCI bridge to [bus 05-05]
[    0.449012] pci 0000:00:15.2:   bridge window [io  0xc000-0xcfff]
[    0.449046] pci 0000:00:15.2:   bridge window [mem 0xcac00000-0xcacfffff]
[    0.449070] pci 0000:00:15.2:   bridge window [mem 0xd9200000-0xd92fffff 64bit pref]
[    0.449118] pci 0000:00:15.3: PCI bridge to [bus 06-06]
[    0.449152] pci 0000:00:15.3:   bridge window [mem 0xcb000000-0xcb0fffff]
[    0.449176] pci 0000:00:15.3:   bridge window [mem 0xd9600000-0xd96fffff 64bit pref]
[    0.449225] pci 0000:00:15.4: PCI bridge to [bus 07-07]
[    0.449259] pci 0000:00:15.4:   bridge window [mem 0xcb400000-0xcb4fffff]
[    0.449283] pci 0000:00:15.4:   bridge window [mem 0xd9a00000-0xd9afffff 64bit pref]
[    0.449332] pci 0000:00:15.5: PCI bridge to [bus 08-08]
[    0.449365] pci 0000:00:15.5:   bridge window [mem 0xcb800000-0xcb8fffff]
[    0.449389] pci 0000:00:15.5:   bridge window [mem 0xd9e00000-0xd9efffff 64bit pref]
[    0.449447] pci 0000:00:15.6: PCI bridge to [bus 09-09]
[    0.449481] pci 0000:00:15.6:   bridge window [mem 0xcbc00000-0xcbcfffff]
[    0.449505] pci 0000:00:15.6:   bridge window [mem 0xda200000-0xda2fffff 64bit pref]
[    0.449553] pci 0000:00:15.7: PCI bridge to [bus 0a-0a]
[    0.449588] pci 0000:00:15.7:   bridge window [mem 0xcc000000-0xcc0fffff]
[    0.449612] pci 0000:00:15.7:   bridge window [mem 0xda600000-0xda6fffff 64bit pref]
[    0.449660] pci 0000:00:16.0: PCI bridge to [bus 0b-0b]
[    0.449674] pci 0000:00:16.0:   bridge window [io  0x5000-0x5fff]
[    0.449708] pci 0000:00:16.0:   bridge window [mem 0xca500000-0xca5fffff]
[    0.449732] pci 0000:00:16.0:   bridge window [mem 0xd8b00000-0xd8bfffff 64bit pref]
[    0.449781] pci 0000:00:16.1: PCI bridge to [bus 0c-0c]
[    0.449794] pci 0000:00:16.1:   bridge window [io  0x9000-0x9fff]
[    0.449828] pci 0000:00:16.1:   bridge window [mem 0xca900000-0xca9fffff]
[    0.449852] pci 0000:00:16.1:   bridge window [mem 0xd8f00000-0xd8ffffff 64bit pref]
[    0.449901] pci 0000:00:16.2: PCI bridge to [bus 0d-0d]
[    0.449915] pci 0000:00:16.2:   bridge window [io  0xd000-0xdfff]
[    0.449949] pci 0000:00:16.2:   bridge window [mem 0xcad00000-0xcadfffff]
[    0.449972] pci 0000:00:16.2:   bridge window [mem 0xd9300000-0xd93fffff 64bit pref]
[    0.450021] pci 0000:00:16.3: PCI bridge to [bus 0e-0e]
[    0.450055] pci 0000:00:16.3:   bridge window [mem 0xcb100000-0xcb1fffff]
[    0.450079] pci 0000:00:16.3:   bridge window [mem 0xd9700000-0xd97fffff 64bit pref]
[    0.450128] pci 0000:00:16.4: PCI bridge to [bus 0f-0f]
[    0.450161] pci 0000:00:16.4:   bridge window [mem 0xcb500000-0xcb5fffff]
[    0.450185] pci 0000:00:16.4:   bridge window [mem 0xd9b00000-0xd9bfffff 64bit pref]
[    0.450234] pci 0000:00:16.5: PCI bridge to [bus 10-10]
[    0.450267] pci 0000:00:16.5:   bridge window [mem 0xcb900000-0xcb9fffff]
[    0.450291] pci 0000:00:16.5:   bridge window [mem 0xd9f00000-0xd9ffffff 64bit pref]
[    0.450340] pci 0000:00:16.6: PCI bridge to [bus 11-11]
[    0.450374] pci 0000:00:16.6:   bridge window [mem 0xcbd00000-0xcbdfffff]
[    0.450398] pci 0000:00:16.6:   bridge window [mem 0xda300000-0xda3fffff 64bit pref]
[    0.450460] pci 0000:00:16.7: PCI bridge to [bus 12-12]
[    0.450495] pci 0000:00:16.7:   bridge window [mem 0xcc100000-0xcc1fffff]
[    0.450518] pci 0000:00:16.7:   bridge window [mem 0xda700000-0xda7fffff 64bit pref]
[    0.450567] pci 0000:00:17.0: PCI bridge to [bus 13-13]
[    0.450581] pci 0000:00:17.0:   bridge window [io  0x6000-0x6fff]
[    0.450615] pci 0000:00:17.0:   bridge window [mem 0xca600000-0xca6fffff]
[    0.450639] pci 0000:00:17.0:   bridge window [mem 0xd8c00000-0xd8cfffff 64bit pref]
[    0.450688] pci 0000:00:17.1: PCI bridge to [bus 14-14]
[    0.450702] pci 0000:00:17.1:   bridge window [io  0xa000-0xafff]
[    0.450736] pci 0000:00:17.1:   bridge window [mem 0xcaa00000-0xcaafffff]
[    0.450760] pci 0000:00:17.1:   bridge window [mem 0xd9000000-0xd90fffff 64bit pref]
[    0.450808] pci 0000:00:17.2: PCI bridge to [bus 15-15]
[    0.450822] pci 0000:00:17.2:   bridge window [io  0xe000-0xefff]
[    0.450857] pci 0000:00:17.2:   bridge window [mem 0xcae00000-0xcaefffff]
[    0.450880] pci 0000:00:17.2:   bridge window [mem 0xd9400000-0xd94fffff 64bit pref]
[    0.450929] pci 0000:00:17.3: PCI bridge to [bus 16-16]
[    0.450963] pci 0000:00:17.3:   bridge window [mem 0xcb200000-0xcb2fffff]
[    0.450986] pci 0000:00:17.3:   bridge window [mem 0xd9800000-0xd98fffff 64bit pref]
[    0.451035] pci 0000:00:17.4: PCI bridge to [bus 17-17]
[    0.451069] pci 0000:00:17.4:   bridge window [mem 0xcb600000-0xcb6fffff]
[    0.451093] pci 0000:00:17.4:   bridge window [mem 0xd9c00000-0xd9cfffff 64bit pref]
[    0.451142] pci 0000:00:17.5: PCI bridge to [bus 18-18]
[    0.451176] pci 0000:00:17.5:   bridge window [mem 0xcba00000-0xcbafffff]
[    0.451200] pci 0000:00:17.5:   bridge window [mem 0xda000000-0xda0fffff 64bit pref]
[    0.451248] pci 0000:00:17.6: PCI bridge to [bus 19-19]
[    0.451282] pci 0000:00:17.6:   bridge window [mem 0xcbe00000-0xcbefffff]
[    0.451305] pci 0000:00:17.6:   bridge window [mem 0xda400000-0xda4fffff 64bit pref]
[    0.451354] pci 0000:00:17.7: PCI bridge to [bus 1a-1a]
[    0.451388] pci 0000:00:17.7:   bridge window [mem 0xcc200000-0xcc2fffff]
[    0.451412] pci 0000:00:17.7:   bridge window [mem 0xda800000-0xda8fffff 64bit pref]
[    0.451470] pci 0000:00:18.0: PCI bridge to [bus 1b-1b]
[    0.451484] pci 0000:00:18.0:   bridge window [io  0x7000-0x7fff]
[    0.451518] pci 0000:00:18.0:   bridge window [mem 0xca700000-0xca7fffff]
[    0.451542] pci 0000:00:18.0:   bridge window [mem 0xd8d00000-0xd8dfffff 64bit pref]
[    0.451591] pci 0000:00:18.1: PCI bridge to [bus 1c-1c]
[    0.451604] pci 0000:00:18.1:   bridge window [io  0xb000-0xbfff]
[    0.451638] pci 0000:00:18.1:   bridge window [mem 0xcab00000-0xcabfffff]
[    0.451662] pci 0000:00:18.1:   bridge window [mem 0xd9100000-0xd91fffff 64bit pref]
[    0.451711] pci 0000:00:18.2: PCI bridge to [bus 1d-1d]
[    0.451745] pci 0000:00:18.2:   bridge window [mem 0xcaf00000-0xcaffffff]
[    0.451769] pci 0000:00:18.2:   bridge window [mem 0xd9500000-0xd95fffff 64bit pref]
[    0.451817] pci 0000:00:18.3: PCI bridge to [bus 1e-1e]
[    0.451852] pci 0000:00:18.3:   bridge window [mem 0xcb300000-0xcb3fffff]
[    0.451875] pci 0000:00:18.3:   bridge window [mem 0xd9900000-0xd99fffff 64bit pref]
[    0.451924] pci 0000:00:18.4: PCI bridge to [bus 1f-1f]
[    0.451958] pci 0000:00:18.4:   bridge window [mem 0xcb700000-0xcb7fffff]
[    0.451982] pci 0000:00:18.4:   bridge window [mem 0xd9d00000-0xd9dfffff 64bit pref]
[    0.452031] pci 0000:00:18.5: PCI bridge to [bus 20-20]
[    0.452065] pci 0000:00:18.5:   bridge window [mem 0xcbb00000-0xcbbfffff]
[    0.452089] pci 0000:00:18.5:   bridge window [mem 0xda100000-0xda1fffff 64bit pref]
[    0.452137] pci 0000:00:18.6: PCI bridge to [bus 21-21]
[    0.452171] pci 0000:00:18.6:   bridge window [mem 0xcbf00000-0xcbffffff]
[    0.452195] pci 0000:00:18.6:   bridge window [mem 0xda500000-0xda5fffff 64bit pref]
[    0.452244] pci 0000:00:18.7: PCI bridge to [bus 22-22]
[    0.452281] pci 0000:00:18.7:   bridge window [mem 0xcc300000-0xcc3fffff]
[    0.452316] pci 0000:00:18.7:   bridge window [mem 0xda900000-0xda9fffff 64bit pref]
[    0.452403] pci 0000:00:01.0: setting latency timer to 64
[    0.452506] pci 0000:00:15.0: setting latency timer to 64
[    0.452562] pci 0000:00:15.1: setting latency timer to 64
[    0.452618] pci 0000:00:15.2: setting latency timer to 64
[    0.452674] pci 0000:00:15.3: setting latency timer to 64
[    0.452730] pci 0000:00:15.4: setting latency timer to 64
[    0.452786] pci 0000:00:15.5: setting latency timer to 64
[    0.452842] pci 0000:00:15.6: setting latency timer to 64
[    0.452898] pci 0000:00:15.7: setting latency timer to 64
[    0.452954] pci 0000:00:16.0: setting latency timer to 64
[    0.453010] pci 0000:00:16.1: setting latency timer to 64
[    0.453066] pci 0000:00:16.2: setting latency timer to 64
[    0.453122] pci 0000:00:16.3: setting latency timer to 64
[    0.453178] pci 0000:00:16.4: setting latency timer to 64
[    0.453234] pci 0000:00:16.5: setting latency timer to 64
[    0.453290] pci 0000:00:16.6: setting latency timer to 64
[    0.453346] pci 0000:00:16.7: setting latency timer to 64
[    0.453402] pci 0000:00:17.0: setting latency timer to 64
[    0.453469] pci 0000:00:17.1: setting latency timer to 64
[    0.453525] pci 0000:00:17.2: setting latency timer to 64
[    0.453581] pci 0000:00:17.3: setting latency timer to 64
[    0.453637] pci 0000:00:17.4: setting latency timer to 64
[    0.453693] pci 0000:00:17.5: setting latency timer to 64
[    0.453750] pci 0000:00:17.6: setting latency timer to 64
[    0.453806] pci 0000:00:17.7: setting latency timer to 64
[    0.453862] pci 0000:00:18.0: setting latency timer to 64
[    0.453918] pci 0000:00:18.1: setting latency timer to 64
[    0.453974] pci 0000:00:18.2: setting latency timer to 64
[    0.454030] pci 0000:00:18.3: setting latency timer to 64
[    0.454086] pci 0000:00:18.4: setting latency timer to 64
[    0.454142] pci 0000:00:18.5: setting latency timer to 64
[    0.454198] pci 0000:00:18.6: setting latency timer to 64
[    0.454254] pci 0000:00:18.7: setting latency timer to 64
[    0.454268] pci_bus 0000:00: resource 4 [mem 0x000a0000-0x000bffff]
[    0.454270] pci_bus 0000:00: resource 5 [mem 0x000cc000-0x000cffff]
[    0.454272] pci_bus 0000:00: resource 6 [mem 0x000d0000-0x000d3fff]
[    0.454274] pci_bus 0000:00: resource 7 [mem 0x000d4000-0x000d7fff]
[    0.454276] pci_bus 0000:00: resource 8 [mem 0x000d8000-0x000dbfff]
[    0.454279] pci_bus 0000:00: resource 9 [mem 0xc0000000-0xfebfffff]
[    0.454281] pci_bus 0000:00: resource 10 [io  0x0000-0x0cf7]
[    0.454283] pci_bus 0000:00: resource 11 [io  0x0d00-0xfeff]
[    0.454285] pci_bus 0000:02: resource 0 [io  0x2000-0x3fff]
[    0.454287] pci_bus 0000:02: resource 1 [mem 0xc9000000-0xca3fffff]
[    0.454289] pci_bus 0000:02: resource 2 [mem 0xd8400000-0xd89fffff 64bit pref]
[    0.454291] pci_bus 0000:02: resource 4 [mem 0x000a0000-0x000bffff]
[    0.454294] pci_bus 0000:02: resource 5 [mem 0x000cc000-0x000cffff]
[    0.454296] pci_bus 0000:02: resource 6 [mem 0x000d0000-0x000d3fff]
[    0.454298] pci_bus 0000:02: resource 7 [mem 0x000d4000-0x000d7fff]
[    0.454300] pci_bus 0000:02: resource 8 [mem 0x000d8000-0x000dbfff]
[    0.454302] pci_bus 0000:02: resource 9 [mem 0xc0000000-0xfebfffff]
[    0.454304] pci_bus 0000:02: resource 10 [io  0x0000-0x0cf7]
[    0.454306] pci_bus 0000:02: resource 11 [io  0x0d00-0xfeff]
[    0.454308] pci_bus 0000:03: resource 0 [io  0x4000-0x4fff]
[    0.454310] pci_bus 0000:03: resource 1 [mem 0xca400000-0xca4fffff]
[    0.454312] pci_bus 0000:03: resource 2 [mem 0xd8a00000-0xd8afffff 64bit pref]
[    0.454314] pci_bus 0000:04: resource 0 [io  0x8000-0x8fff]
[    0.454316] pci_bus 0000:04: resource 1 [mem 0xca800000-0xca8fffff]
[    0.454318] pci_bus 0000:04: resource 2 [mem 0xd8e00000-0xd8efffff 64bit pref]
[    0.454320] pci_bus 0000:05: resource 0 [io  0xc000-0xcfff]
[    0.454322] pci_bus 0000:05: resource 1 [mem 0xcac00000-0xcacfffff]
[    0.454325] pci_bus 0000:05: resource 2 [mem 0xd9200000-0xd92fffff 64bit pref]
[    0.454327] pci_bus 0000:06: resource 1 [mem 0xcb000000-0xcb0fffff]
[    0.454329] pci_bus 0000:06: resource 2 [mem 0xd9600000-0xd96fffff 64bit pref]
[    0.454331] pci_bus 0000:07: resource 1 [mem 0xcb400000-0xcb4fffff]
[    0.454333] pci_bus 0000:07: resource 2 [mem 0xd9a00000-0xd9afffff 64bit pref]
[    0.454336] pci_bus 0000:08: resource 1 [mem 0xcb800000-0xcb8fffff]
[    0.454338] pci_bus 0000:08: resource 2 [mem 0xd9e00000-0xd9efffff 64bit pref]
[    0.454340] pci_bus 0000:09: resource 1 [mem 0xcbc00000-0xcbcfffff]
[    0.454342] pci_bus 0000:09: resource 2 [mem 0xda200000-0xda2fffff 64bit pref]
[    0.454344] pci_bus 0000:0a: resource 1 [mem 0xcc000000-0xcc0fffff]
[    0.454347] pci_bus 0000:0a: resource 2 [mem 0xda600000-0xda6fffff 64bit pref]
[    0.454349] pci_bus 0000:0b: resource 0 [io  0x5000-0x5fff]
[    0.454351] pci_bus 0000:0b: resource 1 [mem 0xca500000-0xca5fffff]
[    0.454353] pci_bus 0000:0b: resource 2 [mem 0xd8b00000-0xd8bfffff 64bit pref]
[    0.454355] pci_bus 0000:0c: resource 0 [io  0x9000-0x9fff]
[    0.454357] pci_bus 0000:0c: resource 1 [mem 0xca900000-0xca9fffff]
[    0.454359] pci_bus 0000:0c: resource 2 [mem 0xd8f00000-0xd8ffffff 64bit pref]
[    0.454361] pci_bus 0000:0d: resource 0 [io  0xd000-0xdfff]
[    0.454363] pci_bus 0000:0d: resource 1 [mem 0xcad00000-0xcadfffff]
[    0.454366] pci_bus 0000:0d: resource 2 [mem 0xd9300000-0xd93fffff 64bit pref]
[    0.454368] pci_bus 0000:0e: resource 1 [mem 0xcb100000-0xcb1fffff]
[    0.454370] pci_bus 0000:0e: resource 2 [mem 0xd9700000-0xd97fffff 64bit pref]
[    0.454372] pci_bus 0000:0f: resource 1 [mem 0xcb500000-0xcb5fffff]
[    0.454374] pci_bus 0000:0f: resource 2 [mem 0xd9b00000-0xd9bfffff 64bit pref]
[    0.454376] pci_bus 0000:10: resource 1 [mem 0xcb900000-0xcb9fffff]
[    0.454379] pci_bus 0000:10: resource 2 [mem 0xd9f00000-0xd9ffffff 64bit pref]
[    0.454381] pci_bus 0000:11: resource 1 [mem 0xcbd00000-0xcbdfffff]
[    0.454383] pci_bus 0000:11: resource 2 [mem 0xda300000-0xda3fffff 64bit pref]
[    0.454385] pci_bus 0000:12: resource 1 [mem 0xcc100000-0xcc1fffff]
[    0.454387] pci_bus 0000:12: resource 2 [mem 0xda700000-0xda7fffff 64bit pref]
[    0.454390] pci_bus 0000:13: resource 0 [io  0x6000-0x6fff]
[    0.454392] pci_bus 0000:13: resource 1 [mem 0xca600000-0xca6fffff]
[    0.454394] pci_bus 0000:13: resource 2 [mem 0xd8c00000-0xd8cfffff 64bit pref]
[    0.454396] pci_bus 0000:14: resource 0 [io  0xa000-0xafff]
[    0.454398] pci_bus 0000:14: resource 1 [mem 0xcaa00000-0xcaafffff]
[    0.454400] pci_bus 0000:14: resource 2 [mem 0xd9000000-0xd90fffff 64bit pref]
[    0.454402] pci_bus 0000:15: resource 0 [io  0xe000-0xefff]
[    0.454416] pci_bus 0000:15: resource 1 [mem 0xcae00000-0xcaefffff]
[    0.454419] pci_bus 0000:15: resource 2 [mem 0xd9400000-0xd94fffff 64bit pref]
[    0.454422] pci_bus 0000:16: resource 1 [mem 0xcb200000-0xcb2fffff]
[    0.454425] pci_bus 0000:16: resource 2 [mem 0xd9800000-0xd98fffff 64bit pref]
[    0.454429] pci_bus 0000:17: resource 1 [mem 0xcb600000-0xcb6fffff]
[    0.454432] pci_bus 0000:17: resource 2 [mem 0xd9c00000-0xd9cfffff 64bit pref]
[    0.454435] pci_bus 0000:18: resource 1 [mem 0xcba00000-0xcbafffff]
[    0.454437] pci_bus 0000:18: resource 2 [mem 0xda000000-0xda0fffff 64bit pref]
[    0.454440] pci_bus 0000:19: resource 1 [mem 0xcbe00000-0xcbefffff]
[    0.454442] pci_bus 0000:19: resource 2 [mem 0xda400000-0xda4fffff 64bit pref]
[    0.454444] pci_bus 0000:1a: resource 1 [mem 0xcc200000-0xcc2fffff]
[    0.454446] pci_bus 0000:1a: resource 2 [mem 0xda800000-0xda8fffff 64bit pref]
[    0.454448] pci_bus 0000:1b: resource 0 [io  0x7000-0x7fff]
[    0.454450] pci_bus 0000:1b: resource 1 [mem 0xca700000-0xca7fffff]
[    0.454452] pci_bus 0000:1b: resource 2 [mem 0xd8d00000-0xd8dfffff 64bit pref]
[    0.454455] pci_bus 0000:1c: resource 0 [io  0xb000-0xbfff]
[    0.454457] pci_bus 0000:1c: resource 1 [mem 0xcab00000-0xcabfffff]
[    0.454459] pci_bus 0000:1c: resource 2 [mem 0xd9100000-0xd91fffff 64bit pref]
[    0.454461] pci_bus 0000:1d: resource 1 [mem 0xcaf00000-0xcaffffff]
[    0.454463] pci_bus 0000:1d: resource 2 [mem 0xd9500000-0xd95fffff 64bit pref]
[    0.454465] pci_bus 0000:1e: resource 1 [mem 0xcb300000-0xcb3fffff]
[    0.454467] pci_bus 0000:1e: resource 2 [mem 0xd9900000-0xd99fffff 64bit pref]
[    0.454470] pci_bus 0000:1f: resource 1 [mem 0xcb700000-0xcb7fffff]
[    0.454472] pci_bus 0000:1f: resource 2 [mem 0xd9d00000-0xd9dfffff 64bit pref]
[    0.454474] pci_bus 0000:20: resource 1 [mem 0xcbb00000-0xcbbfffff]
[    0.454476] pci_bus 0000:20: resource 2 [mem 0xda100000-0xda1fffff 64bit pref]
[    0.454478] pci_bus 0000:21: resource 1 [mem 0xcbf00000-0xcbffffff]
[    0.454480] pci_bus 0000:21: resource 2 [mem 0xda500000-0xda5fffff 64bit pref]
[    0.454483] pci_bus 0000:22: resource 1 [mem 0xcc300000-0xcc3fffff]
[    0.454485] pci_bus 0000:22: resource 2 [mem 0xda900000-0xda9fffff 64bit pref]
[    0.454520] NET: Registered protocol family 2
[    0.454560] IP route cache hash table entries: 32768 (order: 5, 131072 bytes)
[    0.454692] TCP established hash table entries: 131072 (order: 8, 1048576 bytes)
[    0.454829] TCP bind hash table entries: 65536 (order: 7, 524288 bytes)
[    0.454966] TCP: Hash tables configured (established 131072 bind 65536)
[    0.454968] TCP reno registered
[    0.454971] UDP hash table entries: 512 (order: 2, 16384 bytes)
[    0.454978] UDP-Lite hash table entries: 512 (order: 2, 16384 bytes)
[    0.455017] NET: Registered protocol family 1
[    0.455025] pci 0000:00:00.0: Limiting direct PCI/PCI transfers
[    0.455117] pci 0000:00:0f.0: Boot video device
[    0.455254] ACPI: PCI Interrupt Link [LNKC] enabled at IRQ 10
[    0.455257] PCI: setting IRQ 10 as level-triggered
[    0.455264] pci 0000:02:00.0: PCI INT A -> Link[LNKC] -> GSI 10 (level, low) -> IRQ 10
[    0.455380] pci 0000:02:00.0: PCI INT A disabled
[    0.455516] ACPI: PCI Interrupt Link [LNKB] enabled at IRQ 11
[    0.455519] PCI: setting IRQ 11 as level-triggered
[    0.455523] pci 0000:02:03.0: PCI INT A -> Link[LNKB] -> GSI 11 (level, low) -> IRQ 11
[    0.455586] pci 0000:02:03.0: PCI INT A disabled
[    0.455601] PCI: CLS 32 bytes, default 64
[    0.455644] Simple Boot Flag at 0x36 set to 0x1
[    0.455649] Switching to clocksource tsc
[    0.455909] audit: initializing netlink socket (disabled)
[    0.455916] type=2000 audit(1369638753.439:1): initialized
[    0.468499] Trying to unpack rootfs image as initramfs...
[    0.488325] highmem bounce pool size: 64 pages
[    0.488330] HugeTLB registered 2 MB page size, pre-allocated 0 pages
[    0.492444] VFS: Disk quotas dquot_6.5.2
[    0.492492] Dquot-cache hash table entries: 1024 (order 0, 4096 bytes)
[    0.492693] fuse init (API version 7.17)
[    0.492753] msgmni has been set to 1710
[    0.504544] Block layer SCSI generic (bsg) driver version 0.4 loaded (major 253)
[    0.508384] io scheduler noop registered
[    0.508386] io scheduler deadline registered
[    0.508394] io scheduler cfq registered (default)
[    0.508531] pcieport 0000:00:15.0: setting latency timer to 64
[    0.508668] pcieport 0000:00:15.0: irq 40 for MSI/MSI-X
[    0.508805] pcieport 0000:00:15.1: setting latency timer to 64
[    0.508942] pcieport 0000:00:15.1: irq 41 for MSI/MSI-X
[    0.509079] pcieport 0000:00:15.2: setting latency timer to 64
[    0.509216] pcieport 0000:00:15.2: irq 42 for MSI/MSI-X
[    0.509352] pcieport 0000:00:15.3: setting latency timer to 64
[    0.509489] pcieport 0000:00:15.3: irq 43 for MSI/MSI-X
[    0.509626] pcieport 0000:00:15.4: setting latency timer to 64
[    0.509763] pcieport 0000:00:15.4: irq 44 for MSI/MSI-X
[    0.509900] pcieport 0000:00:15.5: setting latency timer to 64
[    0.510037] pcieport 0000:00:15.5: irq 45 for MSI/MSI-X
[    0.510174] pcieport 0000:00:15.6: setting latency timer to 64
[    0.510311] pcieport 0000:00:15.6: irq 46 for MSI/MSI-X
[    0.510447] pcieport 0000:00:15.7: setting latency timer to 64
[    0.510584] pcieport 0000:00:15.7: irq 47 for MSI/MSI-X
[    0.510721] pcieport 0000:00:16.0: setting latency timer to 64
[    0.510858] pcieport 0000:00:16.0: irq 48 for MSI/MSI-X
[    0.510995] pcieport 0000:00:16.1: setting latency timer to 64
[    0.511132] pcieport 0000:00:16.1: irq 49 for MSI/MSI-X
[    0.511269] pcieport 0000:00:16.2: setting latency timer to 64
[    0.511405] pcieport 0000:00:16.2: irq 50 for MSI/MSI-X
[    0.511542] pcieport 0000:00:16.3: setting latency timer to 64
[    0.511679] pcieport 0000:00:16.3: irq 51 for MSI/MSI-X
[    0.512254] pcieport 0000:00:16.4: setting latency timer to 64
[    0.512478] pcieport 0000:00:16.4: irq 52 for MSI/MSI-X
[    0.512615] pcieport 0000:00:16.5: setting latency timer to 64
[    0.512752] pcieport 0000:00:16.5: irq 53 for MSI/MSI-X
[    0.512889] pcieport 0000:00:16.6: setting latency timer to 64
[    0.513026] pcieport 0000:00:16.6: irq 54 for MSI/MSI-X
[    0.513162] pcieport 0000:00:16.7: setting latency timer to 64
[    0.513299] pcieport 0000:00:16.7: irq 55 for MSI/MSI-X
[    0.513436] pcieport 0000:00:17.0: setting latency timer to 64
[    0.513573] pcieport 0000:00:17.0: irq 56 for MSI/MSI-X
[    0.513710] pcieport 0000:00:17.1: setting latency timer to 64
[    0.513847] pcieport 0000:00:17.1: irq 57 for MSI/MSI-X
[    0.513984] pcieport 0000:00:17.2: setting latency timer to 64
[    0.514120] pcieport 0000:00:17.2: irq 58 for MSI/MSI-X
[    0.514257] pcieport 0000:00:17.3: setting latency timer to 64
[    0.514394] pcieport 0000:00:17.3: irq 59 for MSI/MSI-X
[    0.514531] pcieport 0000:00:17.4: setting latency timer to 64
[    0.514668] pcieport 0000:00:17.4: irq 60 for MSI/MSI-X
[    0.514805] pcieport 0000:00:17.5: setting latency timer to 64
[    0.514942] pcieport 0000:00:17.5: irq 61 for MSI/MSI-X
[    0.515079] pcieport 0000:00:17.6: setting latency timer to 64
[    0.515215] pcieport 0000:00:17.6: irq 62 for MSI/MSI-X
[    0.515352] pcieport 0000:00:17.7: setting latency timer to 64
[    0.515489] pcieport 0000:00:17.7: irq 63 for MSI/MSI-X
[    0.515626] pcieport 0000:00:18.0: setting latency timer to 64
[    0.515763] pcieport 0000:00:18.0: irq 64 for MSI/MSI-X
[    0.516316] pcieport 0000:00:18.1: setting latency timer to 64
[    0.520372] pcieport 0000:00:18.1: irq 65 for MSI/MSI-X
[    0.520508] pcieport 0000:00:18.2: setting latency timer to 64
[    0.520645] pcieport 0000:00:18.2: irq 66 for MSI/MSI-X
[    0.520782] pcieport 0000:00:18.3: setting latency timer to 64
[    0.520919] pcieport 0000:00:18.3: irq 67 for MSI/MSI-X
[    0.521056] pcieport 0000:00:18.4: setting latency timer to 64
[    0.521193] pcieport 0000:00:18.4: irq 68 for MSI/MSI-X
[    0.521330] pcieport 0000:00:18.5: setting latency timer to 64
[    0.521466] pcieport 0000:00:18.5: irq 69 for MSI/MSI-X
[    0.521603] pcieport 0000:00:18.6: setting latency timer to 64
[    0.521740] pcieport 0000:00:18.6: irq 70 for MSI/MSI-X
[    0.521877] pcieport 0000:00:18.7: setting latency timer to 64
[    0.522014] pcieport 0000:00:18.7: irq 71 for MSI/MSI-X
[    0.522151] pcieport 0000:00:15.0: Signaling PME through PCIe PME interrupt
[    0.522182] pcie_pme 0000:00:15.0:pcie01: service driver pcie_pme loaded
[    0.522319] pcieport 0000:00:15.1: Signaling PME through PCIe PME interrupt
[    0.522350] pcie_pme 0000:00:15.1:pcie01: service driver pcie_pme loaded
[    0.522487] pcieport 0000:00:15.2: Signaling PME through PCIe PME interrupt
[    0.522518] pcie_pme 0000:00:15.2:pcie01: service driver pcie_pme loaded
[    0.522655] pcieport 0000:00:15.3: Signaling PME through PCIe PME interrupt
[    0.522686] pcie_pme 0000:00:15.3:pcie01: service driver pcie_pme loaded
[    0.522823] pcieport 0000:00:15.4: Signaling PME through PCIe PME interrupt
[    0.522853] pcie_pme 0000:00:15.4:pcie01: service driver pcie_pme loaded
[    0.522990] pcieport 0000:00:15.5: Signaling PME through PCIe PME interrupt
[    0.523020] pcie_pme 0000:00:15.5:pcie01: service driver pcie_pme loaded
[    0.523157] pcieport 0000:00:15.6: Signaling PME through PCIe PME interrupt
[    0.523187] pcie_pme 0000:00:15.6:pcie01: service driver pcie_pme loaded
[    0.523323] pcieport 0000:00:15.7: Signaling PME through PCIe PME interrupt
[    0.523354] pcie_pme 0000:00:15.7:pcie01: service driver pcie_pme loaded
[    0.523491] pcieport 0000:00:16.0: Signaling PME through PCIe PME interrupt
[    0.523522] pcie_pme 0000:00:16.0:pcie01: service driver pcie_pme loaded
[    0.523659] pcieport 0000:00:16.1: Signaling PME through PCIe PME interrupt
[    0.523691] pcie_pme 0000:00:16.1:pcie01: service driver pcie_pme loaded
[    0.523828] pcieport 0000:00:16.2: Signaling PME through PCIe PME interrupt
[    0.523858] pcie_pme 0000:00:16.2:pcie01: service driver pcie_pme loaded
[    0.523995] pcieport 0000:00:16.3: Signaling PME through PCIe PME interrupt
[    0.524026] pcie_pme 0000:00:16.3:pcie01: service driver pcie_pme loaded
[    0.524162] pcieport 0000:00:16.4: Signaling PME through PCIe PME interrupt
[    0.524166] pcie_pme 0000:00:16.4:pcie01: service driver pcie_pme loaded
[    0.528365] pcieport 0000:00:16.5: Signaling PME through PCIe PME interrupt
[    0.528397] pcie_pme 0000:00:16.5:pcie01: service driver pcie_pme loaded
[    0.528534] pcieport 0000:00:16.6: Signaling PME through PCIe PME interrupt
[    0.528565] pcie_pme 0000:00:16.6:pcie01: service driver pcie_pme loaded
[    0.528702] pcieport 0000:00:16.7: Signaling PME through PCIe PME interrupt
[    0.528733] pcie_pme 0000:00:16.7:pcie01: service driver pcie_pme loaded
[    0.528870] pcieport 0000:00:17.0: Signaling PME through PCIe PME interrupt
[    0.528901] pcie_pme 0000:00:17.0:pcie01: service driver pcie_pme loaded
[    0.529038] pcieport 0000:00:17.1: Signaling PME through PCIe PME interrupt
[    0.529069] pcie_pme 0000:00:17.1:pcie01: service driver pcie_pme loaded
[    0.529206] pcieport 0000:00:17.2: Signaling PME through PCIe PME interrupt
[    0.529236] pcie_pme 0000:00:17.2:pcie01: service driver pcie_pme loaded
[    0.529373] pcieport 0000:00:17.3: Signaling PME through PCIe PME interrupt
[    0.529403] pcie_pme 0000:00:17.3:pcie01: service driver pcie_pme loaded
[    0.529540] pcieport 0000:00:17.4: Signaling PME through PCIe PME interrupt
[    0.529570] pcie_pme 0000:00:17.4:pcie01: service driver pcie_pme loaded
[    0.529707] pcieport 0000:00:17.5: Signaling PME through PCIe PME interrupt
[    0.529738] pcie_pme 0000:00:17.5:pcie01: service driver pcie_pme loaded
[    0.529875] pcieport 0000:00:17.6: Signaling PME through PCIe PME interrupt
[    0.529906] pcie_pme 0000:00:17.6:pcie01: service driver pcie_pme loaded
[    0.530043] pcieport 0000:00:17.7: Signaling PME through PCIe PME interrupt
[    0.530073] pcie_pme 0000:00:17.7:pcie01: service driver pcie_pme loaded
[    0.530210] pcieport 0000:00:18.0: Signaling PME through PCIe PME interrupt
[    0.530241] pcie_pme 0000:00:18.0:pcie01: service driver pcie_pme loaded
[    0.530377] pcieport 0000:00:18.1: Signaling PME through PCIe PME interrupt
[    0.530408] pcie_pme 0000:00:18.1:pcie01: service driver pcie_pme loaded
[    0.530545] pcieport 0000:00:18.2: Signaling PME through PCIe PME interrupt
[    0.530576] pcie_pme 0000:00:18.2:pcie01: service driver pcie_pme loaded
[    0.530712] pcieport 0000:00:18.3: Signaling PME through PCIe PME interrupt
[    0.530743] pcie_pme 0000:00:18.3:pcie01: service driver pcie_pme loaded
[    0.530880] pcieport 0000:00:18.4: Signaling PME through PCIe PME interrupt
[    0.530911] pcie_pme 0000:00:18.4:pcie01: service driver pcie_pme loaded
[    0.531048] pcieport 0000:00:18.5: Signaling PME through PCIe PME interrupt
[    0.531079] pcie_pme 0000:00:18.5:pcie01: service driver pcie_pme loaded
[    0.531216] pcieport 0000:00:18.6: Signaling PME through PCIe PME interrupt
[    0.531247] pcie_pme 0000:00:18.6:pcie01: service driver pcie_pme loaded
[    0.531384] pcieport 0000:00:18.7: Signaling PME through PCIe PME interrupt
[    0.531415] pcie_pme 0000:00:18.7:pcie01: service driver pcie_pme loaded
[    0.531443] pci_hotplug: PCI Hot Plug PCI Core version: 0.5
[    0.531580] pciehp 0000:00:15.0:pcie04: HPC vendor_id 15ad device_id 7a0 ss_vid 15ad ss_did 7a0
[    0.531664] pciehp 0000:00:15.0:pcie04: service driver pciehp loaded
[    0.531750] pciehp 0000:00:15.1:pcie04: HPC vendor_id 15ad device_id 7a0 ss_vid 15ad ss_did 7a0
[    0.531829] pciehp 0000:00:15.1:pcie04: service driver pciehp loaded
[    0.531919] pciehp 0000:00:15.2:pcie04: HPC vendor_id 15ad device_id 7a0 ss_vid 15ad ss_did 7a0
[    0.531999] pciehp 0000:00:15.2:pcie04: service driver pciehp loaded
[    0.532084] pciehp 0000:00:15.3:pcie04: HPC vendor_id 15ad device_id 7a0 ss_vid 15ad ss_did 7a0
[    0.532167] pciehp 0000:00:15.3:pcie04: service driver pciehp loaded
[    0.536372] pciehp 0000:00:15.4:pcie04: HPC vendor_id 15ad device_id 7a0 ss_vid 15ad ss_did 7a0
[    0.536438] pciehp 0000:00:15.4:pcie04: service driver pciehp loaded
[    0.536504] pciehp 0000:00:15.5:pcie04: HPC vendor_id 15ad device_id 7a0 ss_vid 15ad ss_did 7a0
[    0.536569] pciehp 0000:00:15.5:pcie04: service driver pciehp loaded
[    0.536633] pciehp 0000:00:15.6:pcie04: HPC vendor_id 15ad device_id 7a0 ss_vid 15ad ss_did 7a0
[    0.536692] pciehp 0000:00:15.6:pcie04: service driver pciehp loaded
[    0.536755] pciehp 0000:00:15.7:pcie04: HPC vendor_id 15ad device_id 7a0 ss_vid 15ad ss_did 7a0
[    0.536814] pciehp 0000:00:15.7:pcie04: service driver pciehp loaded
[    0.536877] pciehp 0000:00:16.0:pcie04: HPC vendor_id 15ad device_id 7a0 ss_vid 15ad ss_did 7a0
[    0.536936] pciehp 0000:00:16.0:pcie04: service driver pciehp loaded
[    0.536999] pciehp 0000:00:16.1:pcie04: HPC vendor_id 15ad device_id 7a0 ss_vid 15ad ss_did 7a0
[    0.537059] pciehp 0000:00:16.1:pcie04: service driver pciehp loaded
[    0.537122] pciehp 0000:00:16.2:pcie04: HPC vendor_id 15ad device_id 7a0 ss_vid 15ad ss_did 7a0
[    0.537200] pciehp 0000:00:16.2:pcie04: service driver pciehp loaded
[    0.537268] pciehp 0000:00:16.3:pcie04: HPC vendor_id 15ad device_id 7a0 ss_vid 15ad ss_did 7a0
[    0.537327] pciehp 0000:00:16.3:pcie04: service driver pciehp loaded
[    0.537390] pciehp 0000:00:16.4:pcie04: HPC vendor_id 15ad device_id 7a0 ss_vid 15ad ss_did 7a0
[    0.537449] pciehp 0000:00:16.4:pcie04: service driver pciehp loaded
[    0.537512] pciehp 0000:00:16.5:pcie04: HPC vendor_id 15ad device_id 7a0 ss_vid 15ad ss_did 7a0
[    0.537571] pciehp 0000:00:16.5:pcie04: service driver pciehp loaded
[    0.537633] pciehp 0000:00:16.6:pcie04: HPC vendor_id 15ad device_id 7a0 ss_vid 15ad ss_did 7a0
[    0.537692] pciehp 0000:00:16.6:pcie04: service driver pciehp loaded
[    0.537755] pciehp 0000:00:16.7:pcie04: HPC vendor_id 15ad device_id 7a0 ss_vid 15ad ss_did 7a0
[    0.537814] pciehp 0000:00:16.7:pcie04: service driver pciehp loaded
[    0.537877] pciehp 0000:00:17.0:pcie04: HPC vendor_id 15ad device_id 7a0 ss_vid 15ad ss_did 7a0
[    0.537939] pciehp 0000:00:17.0:pcie04: service driver pciehp loaded
[    0.538002] pciehp 0000:00:17.1:pcie04: HPC vendor_id 15ad device_id 7a0 ss_vid 15ad ss_did 7a0
[    0.538061] pciehp 0000:00:17.1:pcie04: service driver pciehp loaded
[    0.538136] pciehp 0000:00:17.2:pcie04: HPC vendor_id 15ad device_id 7a0 ss_vid 15ad ss_did 7a0
[    0.538199] pciehp 0000:00:17.2:pcie04: service driver pciehp loaded
[    0.538262] pciehp 0000:00:17.3:pcie04: HPC vendor_id 15ad device_id 7a0 ss_vid 15ad ss_did 7a0
[    0.538321] pciehp 0000:00:17.3:pcie04: service driver pciehp loaded
[    0.538384] pciehp 0000:00:17.4:pcie04: HPC vendor_id 15ad device_id 7a0 ss_vid 15ad ss_did 7a0
[    0.538443] pciehp 0000:00:17.4:pcie04: service driver pciehp loaded
[    0.538506] pciehp 0000:00:17.5:pcie04: HPC vendor_id 15ad device_id 7a0 ss_vid 15ad ss_did 7a0
[    0.538568] pciehp 0000:00:17.5:pcie04: service driver pciehp loaded
[    0.538631] pciehp 0000:00:17.6:pcie04: HPC vendor_id 15ad device_id 7a0 ss_vid 15ad ss_did 7a0
[    0.538692] pciehp 0000:00:17.6:pcie04: service driver pciehp loaded
[    0.538755] pciehp 0000:00:17.7:pcie04: HPC vendor_id 15ad device_id 7a0 ss_vid 15ad ss_did 7a0
[    0.538814] pciehp 0000:00:17.7:pcie04: service driver pciehp loaded
[    0.538877] pciehp 0000:00:18.0:pcie04: HPC vendor_id 15ad device_id 7a0 ss_vid 15ad ss_did 7a0
[    0.538938] pciehp 0000:00:18.0:pcie04: service driver pciehp loaded
[    0.539002] pciehp 0000:00:18.1:pcie04: HPC vendor_id 15ad device_id 7a0 ss_vid 15ad ss_did 7a0
[    0.539060] pciehp 0000:00:18.1:pcie04: service driver pciehp loaded
[    0.539133] pciehp 0000:00:18.2:pcie04: HPC vendor_id 15ad device_id 7a0 ss_vid 15ad ss_did 7a0
[    0.539193] pciehp 0000:00:18.2:pcie04: service driver pciehp loaded
[    0.539256] pciehp 0000:00:18.3:pcie04: HPC vendor_id 15ad device_id 7a0 ss_vid 15ad ss_did 7a0
[    0.539315] pciehp 0000:00:18.3:pcie04: service driver pciehp loaded
[    0.539381] pciehp 0000:00:18.4:pcie04: HPC vendor_id 15ad device_id 7a0 ss_vid 15ad ss_did 7a0
[    0.539439] pciehp 0000:00:18.4:pcie04: service driver pciehp loaded
[    0.539503] pciehp 0000:00:18.5:pcie04: HPC vendor_id 15ad device_id 7a0 ss_vid 15ad ss_did 7a0
[    0.539562] pciehp 0000:00:18.5:pcie04: service driver pciehp loaded
[    0.539624] pciehp 0000:00:18.6:pcie04: HPC vendor_id 15ad device_id 7a0 ss_vid 15ad ss_did 7a0
[    0.539683] pciehp 0000:00:18.6:pcie04: service driver pciehp loaded
[    0.539745] pciehp 0000:00:18.7:pcie04: HPC vendor_id 15ad device_id 7a0 ss_vid 15ad ss_did 7a0
[    0.539804] pciehp 0000:00:18.7:pcie04: service driver pciehp loaded
[    0.539812] pciehp: PCI Express Hot Plug Controller Driver version: 0.4
[    0.539948] ACPI: Deprecated procfs I/F for AC is loaded, please retry with CONFIG_ACPI_PROCFS_POWER cleared
[    0.540041] ACPI: AC Adapter [ACAD] (on-line)
[    0.544416] input: Power Button as /devices/LNXSYSTM:00/LNXPWRBN:00/input/input0
[    0.544421] ACPI: Power Button [PWRF]
[    0.568290] ERST: Table is not found!
[    0.568294] GHES: HEST is not enabled!
[    0.568424] Serial: 8250/16550 driver, 32 ports, IRQ sharing enabled
[    0.592325] serial8250: ttyS0 at I/O 0x3f8 (irq = 4) is a 16550A
[    0.592363] isapnp: Scanning for PnP cards...
[    0.684302] serial8250: ttyS1 at I/O 0x2f8 (irq = 3) is a 16550A
[    0.732047] 00:0a: ttyS0 at I/O 0x3f8 (irq = 4) is a 16550A
[    0.820159] 00:0b: ttyS1 at I/O 0x2f8 (irq = 3) is a 16550A
[    0.840145] Linux agpgart interface v0.103
[    0.840251] agpgart-intel 0000:00:00.0: Intel 440BX Chipset
[    0.840421] agpgart-intel 0000:00:00.0: AGP aperture is 256M @ 0x0
[    0.841213] brd: module loaded
[    0.841704] loop: module loaded
[    0.841822] ata_piix 0000:00:07.1: version 2.13
[    0.887754] scsi0 : ata_piix
[    0.887832] scsi1 : ata_piix
[    0.887865] ata1: PATA max UDMA/33 cmd 0x1f0 ctl 0x3f6 bmdma 0x10c0 irq 14
[    0.887868] ata2: PATA max UDMA/33 cmd 0x170 ctl 0x376 bmdma 0x10c8 irq 15
[    0.887923] Fixed MDIO Bus: probed
[    0.887936] tun: Universal TUN/TAP device driver, 1.6
[    0.887938] tun: (C) 1999-2004 Max Krasnyansky <maxk@qualcomm.com>
[    0.887996] PPP generic driver version 2.4.2
[    0.888061] ehci_hcd: USB 2.0 'Enhanced' Host Controller (EHCI) Driver
[    0.888097] ehci_hcd 0000:02:03.0: PCI INT A -> Link[LNKB] -> GSI 11 (level, low) -> IRQ 11
[    0.888149] ehci_hcd 0000:02:03.0: EHCI Host Controller
[    0.888186] ehci_hcd 0000:02:03.0: new USB bus registered, assigned bus number 1
[    0.888238] ehci_hcd 0000:02:03.0: cache line size of 32 is not supported
[    0.888247] ehci_hcd 0000:02:03.0: irq 11, io mem 0xc9000000
[    0.899697] ehci_hcd 0000:02:03.0: USB 2.0 started, EHCI 1.00
[    0.899815] hub 1-0:1.0: USB hub found
[    0.899820] hub 1-0:1.0: 6 ports detected
[    0.899872] ohci_hcd: USB 1.1 'Open' Host Controller (OHCI) Driver
[    0.899887] uhci_hcd: USB Universal Host Controller Interface driver
[    0.899927] uhci_hcd 0000:02:00.0: PCI INT A -> Link[LNKC] -> GSI 10 (level, low) -> IRQ 10
[    0.899969] uhci_hcd 0000:02:00.0: UHCI Host Controller
[    0.900006] uhci_hcd 0000:02:00.0: new USB bus registered, assigned bus number 2
[    0.900115] uhci_hcd 0000:02:00.0: irq 10, io base 0x000020c0
[    0.900230] hub 2-0:1.0: USB hub found
[    0.900234] hub 2-0:1.0: 2 ports detected
[    0.900286] usbcore: registered new interface driver libusual
[    0.900324] i8042: PNP: PS/2 Controller [PNP0303:KBC,PNP0f13:MOUS] at 0x60,0x64 irq 1,12
[    0.900659] serio: i8042 KBD port at 0x60,0x64 irq 1
[    0.900666] serio: i8042 AUX port at 0x60,0x64 irq 12
[    0.900755] mousedev: PS/2 mouse device common for all mice
[    0.901041] rtc_cmos 00:04: rtc core: registered rtc_cmos as rtc0
[    0.901059] rtc0: alarms up to one month, y3k, 114 bytes nvram, hpet irqs
[    0.901111] device-mapper: uevent: version 1.0.3
[    0.901231] device-mapper: ioctl: 4.22.0-ioctl (2011-10-19) initialised: dm-devel@redhat.com
[    0.901265] EISA: Probing bus 0 at eisa.0
[    0.901268] EISA: Cannot allocate resource for mainboard
[    0.901269] Cannot allocate resource for EISA slot 1
[    0.901271] Cannot allocate resource for EISA slot 2
[    0.901273] Cannot allocate resource for EISA slot 3
[    0.901274] Cannot allocate resource for EISA slot 4
[    0.901276] Cannot allocate resource for EISA slot 5
[    0.901277] Cannot allocate resource for EISA slot 6
[    0.901279] Cannot allocate resource for EISA slot 7
[    0.901280] Cannot allocate resource for EISA slot 8
[    0.901282] EISA: Detected 0 cards.
[    0.901289] cpufreq-nforce2: No nForce2 chipset.
[    0.901292] cpuidle: using governor ladder
[    0.901293] cpuidle: using governor menu
[    0.901295] EFI Variables Facility v0.08 2004-May-17
[    0.901347] TCP cubic registered
[    0.901398] NET: Registered protocol family 10
[    0.901450] NET: Registered protocol family 17
[    0.901454] Registering the dns_resolver key type
[    0.901468] Using IPI No-Shortcut mode
[    0.901529] PM: Hibernation image not present or could not be loaded.
[    0.901541] registered taskstats version 1
[    0.902049] input: AT Translated Set 2 keyboard as /devices/platform/i8042/serio0/input/input1
[    0.983603] Freeing initrd memory: 13836k freed
[    1.031607]   Magic number: 13:929:218
[    1.051552] rtc_cmos 00:04: setting system clock to 2013-05-27 07:12:34 UTC (1369638754)
[    1.129860] BIOS EDD facility v0.16 2004-Jun-25, 0 devices found
[    1.129863] EDD information not available.
[    1.130080] ata2.00: ATAPI: VMware Virtual IDE CDROM Drive, 00000001, max UDMA/33
[    1.130365] ata2.00: configured for UDMA/33
[    1.217545] isapnp: No Plug & Play device found
[    1.217753] scsi 1:0:0:0: CD-ROM            NECVMWar VMware IDE CDR10 1.00 PQ: 0 ANSI: 5
[    1.218367] sr0: scsi3-mmc drive: 306x/306x cd/rw xa/form2 cdda tray
[    1.218370] cdrom: Uniform CD-ROM driver Revision: 3.20
[    1.218460] sr 1:0:0:0: Attached scsi CD-ROM sr0
[    1.218581] sr 1:0:0:0: Attached scsi generic sg0 type 5
[    1.218646] Freeing unused kernel memory: 740k freed
[    1.218698] Write protecting the kernel text: 5816k
[    1.218707] Write protecting the kernel read-only data: 2376k
[    1.218709] NX-protecting the kernel data: 4424k
[    1.229550] udevd[85]: starting version 175
[    1.247569] VMware vmxnet3 virtual NIC driver - version 1.1.29.0-k-NAPI
[    1.251920] VMware PVSCSI driver - version 1.0.1.0-k
[    1.256581] VMware vmxnet virtual NIC driver
[    1.256633] ACPI: PCI Interrupt Link [LNKD] enabled at IRQ 5
[    1.256637] PCI: setting IRQ 5 as level-triggered
[    1.256645] vmxnet 0000:02:01.0: PCI INT A -> Link[LNKD] -> GSI 5 (level, low) -> IRQ 5
[    1.256697] Found vmxnet/PCI at 0x2024, irq 5.
[    1.256749] features:
[    1.256764] numRxBuffers = 100, numRxBuffers2 = 1
[    1.256816] vmxnet 0000:02:01.0: eth0: set_features() failed (-1); wanted 0x00004000, left 0x00004800
[    1.280731] Fusion MPT base driver 3.04.20
[    1.280734] Copyright (c) 1999-2008 LSI Corporation
[    1.280957] Fusion MPT SPI Host driver 3.04.20
[    1.281009] mptspi 0000:00:10.0: PCI INT A -> Link[LNKB] -> GSI 11 (level, low) -> IRQ 11
[    1.287066] mptbase: ioc0: Initiating bringup
[    1.297250] Floppy drive(s): fd0 is 1.44M
[    1.311393] FDC 0 is a post-1991 82077
[    1.339052] usb 2-1: new full-speed USB device number 2 using uhci_hcd
[    1.359048] ioc0: LSI53C1030 B0: Capabilities={Initiator}
[    1.471354] input: VMware VMware Virtual USB Mouse as /devices/pci0000:00/0000:00:11.0/0000:02:00.0/usb2/2-1/2-1:1.0/input/input2
[    1.471530] generic-usb 0003:0E0F:0003.0001: input,hidraw0: USB HID v1.10 Mouse [VMware VMware Virtual USB Mouse] on usb-0000:02:00.0-1/input0
[    1.472089] input: VMware VMware Virtual USB Mouse as /devices/pci0000:00/0000:00:11.0/0000:02:00.0/usb2/2-1/2-1:1.1/input/input3
[    1.472240] generic-usb 0003:0E0F:0003.0002: input,hidraw1: USB HID v1.10 Mouse [VMware VMware Virtual USB Mouse] on usb-0000:02:00.0-1/input1
[    1.472378] usbcore: registered new interface driver usbhid
[    1.472380] usbhid: USB HID core driver
[    1.518844] scsi2 : ioc0: LSI53C1030 B0, FwRev=01032920h, Ports=1, MaxQ=128, IRQ=11
[    1.578688] usb 2-2: new full-speed USB device number 3 using uhci_hcd
[    1.631509] scsi 2:0:0:0: Direct-Access     VMware,  VMware Virtual S 1.0  PQ: 0 ANSI: 2
[    1.631519] scsi target2:0:0: Beginning Domain Validation
[    1.632210] scsi target2:0:0: Domain Validation skipping write tests
[    1.632213] scsi target2:0:0: Ending Domain Validation
[    1.632270] scsi target2:0:0: FAST-40 WIDE SCSI 80.0 MB/s ST (25 ns, offset 127)
[    1.635034] sd 2:0:0:0: [sda] 41943040 512-byte logical blocks: (21.4 GB/20.0 GiB)
[    1.635095] sd 2:0:0:0: [sda] Write Protect is off
[    1.635099] sd 2:0:0:0: [sda] Mode Sense: 61 00 00 00
[    1.635169] sd 2:0:0:0: [sda] Cache data unavailable
[    1.635172] sd 2:0:0:0: [sda] Assuming drive cache: write through
[    1.635479] sd 2:0:0:0: [sda] Cache data unavailable
[    1.635482] sd 2:0:0:0: [sda] Assuming drive cache: write through
[    1.636210] sd 2:0:0:0: Attached scsi generic sg1 type 0
[    1.636838]  sda: sda1 sda2 < sda5 >
[    1.637206] sd 2:0:0:0: [sda] Cache data unavailable
[    1.637208] sd 2:0:0:0: [sda] Assuming drive cache: write through
[    1.637211] sd 2:0:0:0: [sda] Attached SCSI disk
[    1.673419] EXT4-fs (sda1): INFO: recovery required on readonly filesystem
[    1.673423] EXT4-fs (sda1): write access will be enabled during recovery
[    1.718432] hub 2-2:1.0: USB hub found
[    1.720207] hub 2-2:1.0: 7 ports detected
[    1.816249] EXT4-fs (sda1): recovery complete
[    1.816789] EXT4-fs (sda1): mounted filesystem with ordered data mode. Opts: (null)
[    3.215298] ADDRCONF(NETDEV_UP): eth0: link is not ready
[    3.230156] udevd[329]: starting version 175
[    3.279901] lp: driver loaded but no devices found
[    3.333649] Adding 1046524k swap on /dev/sda5.  Priority:-1 extents:1 across:1046524k 
[    3.378124] EXT4-fs (sda1): re-mounted. Opts: errors=remount-ro
[    3.397518] [380]: VMCI: shared components initialized.
[    3.397538] Probing for vmci/PCI.
[    3.397718] ACPI: PCI Interrupt Link [LNKA] enabled at IRQ 9
[    3.397721] PCI: setting IRQ 9 as level-triggered
[    3.397728] vmci 0000:00:07.7: PCI INT A -> Link[LNKA] -> GSI 9 (level, low) -> IRQ 9
[    3.397779] Found vmci/PCI at 0x1080, irq 9.
[    3.397816] VMCI: using capabilities 0xc.
[    3.397900] [380]: VMCI: Host capability check passed.
[    3.398201] vmci 0000:00:07.7: irq 72 for MSI/MSI-X
[    3.398239] vmci 0000:00:07.7: irq 73 for MSI/MSI-X
[    3.398471] Registered vmci device.
[    3.404163] piix4_smbus 0000:00:07.3: Host SMBus controller not enabled!
[    3.407964] shpchp: Standard Hot Plug PCI Controller Driver version: 0.4
[    3.426478] [380]: VMCI: Using guest personality
[    3.426484] [380]: VMCI: host components initialized.
[    3.426565] [380]: VMCI: Module registered (name=vmci,major=10,minor=57).
[    3.426568] [380]: VMCI: Using host personality
[    3.426571] [380]: VMCI: Module (name=vmci) is initialized
[    3.501195] ppdev: user-space parallel port driver
[    3.501900] parport_pc 00:09: reported by Plug and Play ACPI
[    3.502014] parport0: PC-style at 0x378, irq 7 [PCSPP,TRISTATE]
[    3.511909] Bluetooth: Core ver 2.16
[    3.513470] NET: Registered protocol family 31
[    3.513474] Bluetooth: HCI device and connection manager initialized
[    3.513477] Bluetooth: HCI socket layer initialized
[    3.513480] Bluetooth: L2CAP socket layer initialized
[    3.513488] Bluetooth: SCO socket layer initialized
[    3.528720] Bluetooth: BNEP (Ethernet Emulation) ver 1.3
[    3.528723] Bluetooth: BNEP filters: protocol multicast
[    3.555835] Bluetooth: RFCOMM TTY layer initialized
[    3.555840] Bluetooth: RFCOMM socket layer initialized
[    3.555842] Bluetooth: RFCOMM ver 1.11
[    3.599889] lp0: using parport0 (interrupt-driven).
[    3.611811] type=1400 audit(1369638757.062:2): apparmor="STATUS" operation="profile_load" name="/usr/lib/cups/backend/cups-pdf" pid=580 comm="apparmor_parser"
[    3.611940] type=1400 audit(1369638757.062:3): apparmor="STATUS" operation="profile_load" name="/usr/sbin/cupsd" pid=580 comm="apparmor_parser"
[    3.683709] type=1400 audit(1369638757.134:4): apparmor="STATUS" operation="profile_load" name="/sbin/dhclient" pid=602 comm="apparmor_parser"
[    3.683831] type=1400 audit(1369638757.134:5): apparmor="STATUS" operation="profile_load" name="/usr/lib/NetworkManager/nm-dhcp-client.action" pid=602 comm="apparmor_parser"
[    3.683945] type=1400 audit(1369638757.134:6): apparmor="STATUS" operation="profile_load" name="/usr/lib/connman/scripts/dhclient-script" pid=602 comm="apparmor_parser"
[    3.791582] input: ImPS/2 Generic Wheel Mouse as /devices/platform/i8042/serio1/input/input4
[    3.947266] init: failsafe main process (671) killed by TERM signal
[    3.967949] snd_ens1371 0000:02:02.0: PCI INT A -> Link[LNKA] -> GSI 9 (level, low) -> IRQ 9
[    4.055269] type=1400 audit(1369638757.506:7): apparmor="STATUS" operation="profile_load" name="/usr/lib/lightdm/lightdm/lightdm-guest-session-wrapper" pid=777 comm="apparmor_parser"
[    4.056882] type=1400 audit(1369638757.506:8): apparmor="STATUS" operation="profile_replace" name="/sbin/dhclient" pid=778 comm="apparmor_parser"
[    4.060611] type=1400 audit(1369638757.510:9): apparmor="STATUS" operation="profile_replace" name="/usr/lib/NetworkManager/nm-dhcp-client.action" pid=778 comm="apparmor_parser"
[    4.060725] type=1400 audit(1369638757.510:10): apparmor="STATUS" operation="profile_replace" name="/usr/lib/connman/scripts/dhclient-script" pid=778 comm="apparmor_parser"
[    4.332106] init: alsa-restore main process (858) terminated with status 19
