[    0.000000] Initializing cgroup subsys cpuset
[    0.000000] Initializing cgroup subsys cpu
[    0.000000] Linux version 3.2.0-29-generic-pae (buildd@roseapple) (gcc version 4.6.3 (Ubuntu/Linaro 4.6.3-1ubuntu5) ) #46-Ubuntu SMP Fri Jul 27 17:25:43 UTC 2012 (Ubuntu 3.2.0-29.46-generic-pae 3.2.24)
[    0.000000] KERNEL supported cpus:
[    0.000000]   Intel GenuineIntel
[    0.000000]   AMD AuthenticAMD
[    0.000000]   NSC Geode by NSC
[    0.000000]   Cyrix CyrixInstead
[    0.000000]   Centaur CentaurHauls
[    0.000000]   Transmeta GenuineTMx86
[    0.000000]   Transmeta TransmetaCPU
[    0.000000]   UMC UMC UMC UMC
[    0.000000] Disabled fast string operations
[    0.000000] BIOS-provided physical RAM map:
[    0.000000]  BIOS-e820: 0000000000000000 - 000000000009f000 (usable)
[    0.000000]  BIOS-e820: 000000000009f000 - 00000000000a0000 (reserved)
[    0.000000]  BIOS-e820: 00000000000ca000 - 00000000000cc000 (reserved)
[    0.000000]  BIOS-e820: 00000000000dc000 - 0000000000100000 (reserved)
[    0.000000]  BIOS-e820: 0000000000100000 - 000000003fee0000 (usable)
[    0.000000]  BIOS-e820: 000000003fee0000 - 000000003feff000 (ACPI data)
[    0.000000]  BIOS-e820: 000000003feff000 - 000000003ff00000 (ACPI NVS)
[    0.000000]  BIOS-e820: 000000003ff00000 - 0000000040000000 (usable)
[    0.000000]  BIOS-e820: 00000000e0000000 - 00000000f0000000 (reserved)
[    0.000000]  BIOS-e820: 00000000fec00000 - 00000000fec10000 (reserved)
[    0.000000]  BIOS-e820: 00000000fee00000 - 00000000fee01000 (reserved)
[    0.000000]  BIOS-e820: 00000000fffe0000 - 0000000100000000 (reserved)
[    0.000000] NX (Execute Disable) protection: active
[    0.000000] DMI present.
[    0.000000] DMI: VMware, Inc. VMware Virtual Platform/440BX Desktop Reference Platform, BIOS 6.00 07/02/2012
[    0.000000] Hypervisor detected: VMware
[    0.000000] e820 update range: 0000000000000000 - 0000000000010000 (usable) ==> (reserved)
[    0.000000] e820 remove range: 00000000000a0000 - 0000000000100000 (usable)
[    0.000000] last_pfn = 0x40000 max_arch_pfn = 0x1000000
[    0.000000] MTRR default type: uncachable
[    0.000000] MTRR fixed ranges enabled:
[    0.000000]   00000-9FFFF write-back
[    0.000000]   A0000-BFFFF uncachable
[    0.000000]   C0000-CBFFF write-protect
[    0.000000]   CC000-EFFFF uncachable
[    0.000000]   F0000-FFFFF write-protect
[    0.000000] MTRR variable ranges enabled:
[    0.000000]   0 base 0000000000 mask FFC0000000 write-back
[    0.000000]   1 disabled
[    0.000000]   2 disabled
[    0.000000]   3 disabled
[    0.000000]   4 disabled
[    0.000000]   5 disabled
[    0.000000]   6 disabled
[    0.000000]   7 disabled
[    0.000000] x86 PAT enabled: cpu 0, old 0x0, new 0x7010600070106
[    0.000000] found SMP MP-table at [c00f6bf0] f6bf0
[    0.000000] initial memory mapped : 0 - 02000000
[    0.000000] Base memory trampoline at [c009b000] 9b000 size 16384
[    0.000000] init_memory_mapping: 0000000000000000-0000000037bfe000
[    0.000000]  0000000000 - 0000200000 page 4k
[    0.000000]  0000200000 - 0037a00000 page 2M
[    0.000000]  0037a00000 - 0037bfe000 page 4k
[    0.000000] kernel direct mapping tables up to 37bfe000 @ 1ffb000-2000000
[    0.000000] RAMDISK: 364ea000 - 3726d000
[    0.000000] ACPI: RSDP 000f6b80 00024 (v02 PTLTD )
[    0.000000] ACPI: XSDT 3feed636 0005C (v01 INTEL  440BX    06040000 VMW  01324272)
[    0.000000] ACPI: FACP 3fefee98 000F4 (v04 INTEL  440BX    06040000 PTL  000F4240)
[    0.000000] ACPI: DSDT 3feee366 10B32 (v01 PTLTD  Custom   06040000 MSFT 03000001)
[    0.000000] ACPI: FACS 3fefffc0 00040
[    0.000000] ACPI: BOOT 3feee33e 00028 (v01 PTLTD  $SBFTBL$ 06040000  LTP 00000001)
[    0.000000] ACPI: APIC 3feedc3e 003C2 (v01 PTLTD  ? APIC   06040000  LTP 00000000)
[    0.000000] ACPI: MCFG 3feedc02 0003C (v01 PTLTD  $PCITBL$ 06040000  LTP 00000001)
[    0.000000] ACPI: SRAT 3feed732 004D0 (v02 VMWARE MEMPLUG  06040000 VMW  00000001)
[    0.000000] ACPI: HPET 3feed6fa 00038 (v01 VMWARE VMW HPET 06040000 VMW  00000001)
[    0.000000] ACPI: WAET 3feed6d2 00028 (v01 VMWARE VMW WAET 06040000 VMW  00000001)
[    0.000000] ACPI: Local APIC address 0xfee00000
[    0.000000] 132MB HIGHMEM available.
[    0.000000] 891MB LOWMEM available.
[    0.000000]   mapped low ram: 0 - 37bfe000
[    0.000000]   low ram: 0 - 37bfe000
[    0.000000] Zone PFN ranges:
[    0.000000]   DMA      0x00000010 -> 0x00001000
[    0.000000]   Normal   0x00001000 -> 0x00037bfe
[    0.000000]   HighMem  0x00037bfe -> 0x00040000
[    0.000000] Movable zone start PFN for each node
[    0.000000] early_node_map[3] active PFN ranges
[    0.000000]     0: 0x00000010 -> 0x0000009f
[    0.000000]     0: 0x00000100 -> 0x0003fee0
[    0.000000]     0: 0x0003ff00 -> 0x00040000
[    0.000000] On node 0 totalpages: 261999
[    0.000000] free_area_init_node: node 0, pgdat c1866a40, node_mem_map f73fd200
[    0.000000]   DMA zone: 32 pages used for memmap
[    0.000000]   DMA zone: 0 pages reserved
[    0.000000]   DMA zone: 3951 pages, LIFO batch:0
[    0.000000]   Normal zone: 1752 pages used for memmap
[    0.000000]   Normal zone: 222502 pages, LIFO batch:31
[    0.000000]   HighMem zone: 265 pages used for memmap
[    0.000000]   HighMem zone: 33497 pages, LIFO batch:7
[    0.000000] Using APIC driver default
[    0.000000] ACPI: PM-Timer IO Port: 0x1008
[    0.000000] ACPI: Local APIC address 0xfee00000
[    0.000000] ACPI: LAPIC (acpi_id[0x00] lapic_id[0x00] enabled)
[    0.000000] ACPI: LAPIC (acpi_id[0x01] lapic_id[0x02] disabled)
[    0.000000] ACPI: LAPIC (acpi_id[0x02] lapic_id[0x04] disabled)
[    0.000000] ACPI: LAPIC (acpi_id[0x03] lapic_id[0x06] disabled)
[    0.000000] ACPI: LAPIC (acpi_id[0x04] lapic_id[0x08] disabled)
[    0.000000] ACPI: LAPIC (acpi_id[0x05] lapic_id[0x0a] disabled)
[    0.000000] ACPI: LAPIC (acpi_id[0x06] lapic_id[0x0c] disabled)
[    0.000000] ACPI: LAPIC (acpi_id[0x07] lapic_id[0x0e] disabled)
[    0.000000] ACPI: LAPIC (acpi_id[0x08] lapic_id[0x10] disabled)
[    0.000000] ACPI: LAPIC (acpi_id[0x09] lapic_id[0x12] disabled)
[    0.000000] ACPI: LAPIC (acpi_id[0x0a] lapic_id[0x14] disabled)
[    0.000000] ACPI: LAPIC (acpi_id[0x0b] lapic_id[0x16] disabled)
[    0.000000] ACPI: LAPIC (acpi_id[0x0c] lapic_id[0x18] disabled)
[    0.000000] ACPI: LAPIC (acpi_id[0x0d] lapic_id[0x1a] disabled)
[    0.000000] ACPI: LAPIC (acpi_id[0x0e] lapic_id[0x1c] disabled)
[    0.000000] ACPI: LAPIC (acpi_id[0x0f] lapic_id[0x1e] disabled)
[    0.000000] ACPI: LAPIC (acpi_id[0x10] lapic_id[0x20] disabled)
[    0.000000] ACPI: LAPIC (acpi_id[0x11] lapic_id[0x22] disabled)
[    0.000000] ACPI: LAPIC (acpi_id[0x12] lapic_id[0x24] disabled)
[    0.000000] ACPI: LAPIC (acpi_id[0x13] lapic_id[0x26] disabled)
[    0.000000] ACPI: LAPIC (acpi_id[0x14] lapic_id[0x28] disabled)
[    0.000000] ACPI: LAPIC (acpi_id[0x15] lapic_id[0x2a] disabled)
[    0.000000] ACPI: LAPIC (acpi_id[0x16] lapic_id[0x2c] disabled)
[    0.000000] ACPI: LAPIC (acpi_id[0x17] lapic_id[0x2e] disabled)
[    0.000000] ACPI: LAPIC (acpi_id[0x18] lapic_id[0x30] disabled)
[    0.000000] ACPI: LAPIC (acpi_id[0x19] lapic_id[0x32] disabled)
[    0.000000] ACPI: LAPIC (acpi_id[0x1a] lapic_id[0x34] disabled)
[    0.000000] ACPI: LAPIC (acpi_id[0x1b] lapic_id[0x36] disabled)
[    0.000000] ACPI: LAPIC (acpi_id[0x1c] lapic_id[0x38] disabled)
[    0.000000] ACPI: LAPIC (acpi_id[0x1d] lapic_id[0x3a] disabled)
[    0.000000] ACPI: LAPIC (acpi_id[0x1e] lapic_id[0x3c] disabled)
[    0.000000] ACPI: LAPIC (acpi_id[0x1f] lapic_id[0x3e] disabled)
[    0.000000] ACPI: LAPIC (acpi_id[0x20] lapic_id[0x40] disabled)
[    0.000000] ACPI: LAPIC (acpi_id[0x21] lapic_id[0x42] disabled)
[    0.000000] ACPI: LAPIC (acpi_id[0x22] lapic_id[0x44] disabled)
[    0.000000] ACPI: LAPIC (acpi_id[0x23] lapic_id[0x46] disabled)
[    0.000000] ACPI: LAPIC (acpi_id[0x24] lapic_id[0x48] disabled)
[    0.000000] ACPI: LAPIC (acpi_id[0x25] lapic_id[0x4a] disabled)
[    0.000000] ACPI: LAPIC (acpi_id[0x26] lapic_id[0x4c] disabled)
[    0.000000] ACPI: LAPIC (acpi_id[0x27] lapic_id[0x4e] disabled)
[    0.000000] ACPI: LAPIC (acpi_id[0x28] lapic_id[0x50] disabled)
[    0.000000] ACPI: LAPIC (acpi_id[0x29] lapic_id[0x52] disabled)
[    0.000000] ACPI: LAPIC (acpi_id[0x2a] lapic_id[0x54] disabled)
[    0.000000] ACPI: LAPIC (acpi_id[0x2b] lapic_id[0x56] disabled)
[    0.000000] ACPI: LAPIC (acpi_id[0x2c] lapic_id[0x58] disabled)
[    0.000000] ACPI: LAPIC (acpi_id[0x2d] lapic_id[0x5a] disabled)
[    0.000000] ACPI: LAPIC (acpi_id[0x2e] lapic_id[0x5c] disabled)
[    0.000000] ACPI: LAPIC (acpi_id[0x2f] lapic_id[0x5e] disabled)
[    0.000000] ACPI: LAPIC (acpi_id[0x30] lapic_id[0x60] disabled)
[    0.000000] ACPI: LAPIC (acpi_id[0x31] lapic_id[0x62] disabled)
[    0.000000] ACPI: LAPIC (acpi_id[0x32] lapic_id[0x64] disabled)
[    0.000000] ACPI: LAPIC (acpi_id[0x33] lapic_id[0x66] disabled)
[    0.000000] ACPI: LAPIC (acpi_id[0x34] lapic_id[0x68] disabled)
[    0.000000] ACPI: LAPIC (acpi_id[0x35] lapic_id[0x6a] disabled)
[    0.000000] ACPI: LAPIC (acpi_id[0x36] lapic_id[0x6c] disabled)
[    0.000000] ACPI: LAPIC (acpi_id[0x37] lapic_id[0x6e] disabled)
[    0.000000] ACPI: LAPIC (acpi_id[0x38] lapic_id[0x70] disabled)
[    0.000000] ACPI: LAPIC (acpi_id[0x39] lapic_id[0x72] disabled)
[    0.000000] ACPI: LAPIC (acpi_id[0x3a] lapic_id[0x74] disabled)
[    0.000000] ACPI: LAPIC (acpi_id[0x3b] lapic_id[0x76] disabled)
[    0.000000] ACPI: LAPIC (acpi_id[0x3c] lapic_id[0x78] disabled)
[    0.000000] ACPI: LAPIC (acpi_id[0x3d] lapic_id[0x7a] disabled)
[    0.000000] ACPI: LAPIC (acpi_id[0x3e] lapic_id[0x7c] disabled)
[    0.000000] ACPI: LAPIC (acpi_id[0x3f] lapic_id[0x7e] disabled)
[    0.000000] ACPI: LAPIC_NMI (acpi_id[0x00] high edge lint[0x1])
[    0.000000] ACPI: LAPIC_NMI (acpi_id[0x01] high edge lint[0x1])
[    0.000000] ACPI: LAPIC_NMI (acpi_id[0x02] high edge lint[0x1])
[    0.000000] ACPI: LAPIC_NMI (acpi_id[0x03] high edge lint[0x1])
[    0.000000] ACPI: LAPIC_NMI (acpi_id[0x04] high edge lint[0x1])
[    0.000000] ACPI: LAPIC_NMI (acpi_id[0x05] high edge lint[0x1])
[    0.000000] ACPI: LAPIC_NMI (acpi_id[0x06] high edge lint[0x1])
[    0.000000] ACPI: LAPIC_NMI (acpi_id[0x07] high edge lint[0x1])
[    0.000000] ACPI: LAPIC_NMI (acpi_id[0x08] high edge lint[0x1])
[    0.000000] ACPI: LAPIC_NMI (acpi_id[0x09] high edge lint[0x1])
[    0.000000] ACPI: LAPIC_NMI (acpi_id[0x0a] high edge lint[0x1])
[    0.000000] ACPI: LAPIC_NMI (acpi_id[0x0b] high edge lint[0x1])
[    0.000000] ACPI: LAPIC_NMI (acpi_id[0x0c] high edge lint[0x1])
[    0.000000] ACPI: LAPIC_NMI (acpi_id[0x0d] high edge lint[0x1])
[    0.000000] ACPI: LAPIC_NMI (acpi_id[0x0e] high edge lint[0x1])
[    0.000000] ACPI: LAPIC_NMI (acpi_id[0x0f] high edge lint[0x1])
[    0.000000] ACPI: LAPIC_NMI (acpi_id[0x10] high edge lint[0x1])
[    0.000000] ACPI: LAPIC_NMI (acpi_id[0x11] high edge lint[0x1])
[    0.000000] ACPI: LAPIC_NMI (acpi_id[0x12] high edge lint[0x1])
[    0.000000] ACPI: LAPIC_NMI (acpi_id[0x13] high edge lint[0x1])
[    0.000000] ACPI: LAPIC_NMI (acpi_id[0x14] high edge lint[0x1])
[    0.000000] ACPI: LAPIC_NMI (acpi_id[0x15] high edge lint[0x1])
[    0.000000] ACPI: LAPIC_NMI (acpi_id[0x16] high edge lint[0x1])
[    0.000000] ACPI: LAPIC_NMI (acpi_id[0x17] high edge lint[0x1])
[    0.000000] ACPI: LAPIC_NMI (acpi_id[0x18] high edge lint[0x1])
[    0.000000] ACPI: LAPIC_NMI (acpi_id[0x19] high edge lint[0x1])
[    0.000000] ACPI: LAPIC_NMI (acpi_id[0x1a] high edge lint[0x1])
[    0.000000] ACPI: LAPIC_NMI (acpi_id[0x1b] high edge lint[0x1])
[    0.000000] ACPI: LAPIC_NMI (acpi_id[0x1c] high edge lint[0x1])
[    0.000000] ACPI: LAPIC_NMI (acpi_id[0x1d] high edge lint[0x1])
[    0.000000] ACPI: LAPIC_NMI (acpi_id[0x1e] high edge lint[0x1])
[    0.000000] ACPI: LAPIC_NMI (acpi_id[0x1f] high edge lint[0x1])
[    0.000000] ACPI: LAPIC_NMI (acpi_id[0x20] high edge lint[0x1])
[    0.000000] ACPI: LAPIC_NMI (acpi_id[0x21] high edge lint[0x1])
[    0.000000] ACPI: LAPIC_NMI (acpi_id[0x22] high edge lint[0x1])
[    0.000000] ACPI: LAPIC_NMI (acpi_id[0x23] high edge lint[0x1])
[    0.000000] ACPI: LAPIC_NMI (acpi_id[0x24] high edge lint[0x1])
[    0.000000] ACPI: LAPIC_NMI (acpi_id[0x25] high edge lint[0x1])
[    0.000000] ACPI: LAPIC_NMI (acpi_id[0x26] high edge lint[0x1])
[    0.000000] ACPI: LAPIC_NMI (acpi_id[0x27] high edge lint[0x1])
[    0.000000] ACPI: LAPIC_NMI (acpi_id[0x28] high edge lint[0x1])
[    0.000000] ACPI: LAPIC_NMI (acpi_id[0x29] high edge lint[0x1])
[    0.000000] ACPI: LAPIC_NMI (acpi_id[0x2a] high edge lint[0x1])
[    0.000000] ACPI: LAPIC_NMI (acpi_id[0x2b] high edge lint[0x1])
[    0.000000] ACPI: LAPIC_NMI (acpi_id[0x2c] high edge lint[0x1])
[    0.000000] ACPI: LAPIC_NMI (acpi_id[0x2d] high edge lint[0x1])
[    0.000000] ACPI: LAPIC_NMI (acpi_id[0x2e] high edge lint[0x1])
[    0.000000] ACPI: LAPIC_NMI (acpi_id[0x2f] high edge lint[0x1])
[    0.000000] ACPI: LAPIC_NMI (acpi_id[0x30] high edge lint[0x1])
[    0.000000] ACPI: LAPIC_NMI (acpi_id[0x31] high edge lint[0x1])
[    0.000000] ACPI: LAPIC_NMI (acpi_id[0x32] high edge lint[0x1])
[    0.000000] ACPI: LAPIC_NMI (acpi_id[0x33] high edge lint[0x1])
[    0.000000] ACPI: LAPIC_NMI (acpi_id[0x34] high edge lint[0x1])
[    0.000000] ACPI: LAPIC_NMI (acpi_id[0x35] high edge lint[0x1])
[    0.000000] ACPI: LAPIC_NMI (acpi_id[0x36] high edge lint[0x1])
[    0.000000] ACPI: LAPIC_NMI (acpi_id[0x37] high edge lint[0x1])
[    0.000000] ACPI: LAPIC_NMI (acpi_id[0x38] high edge lint[0x1])
[    0.000000] ACPI: LAPIC_NMI (acpi_id[0x39] high edge lint[0x1])
[    0.000000] ACPI: LAPIC_NMI (acpi_id[0x3a] high edge lint[0x1])
[    0.000000] ACPI: LAPIC_NMI (acpi_id[0x3b] high edge lint[0x1])
[    0.000000] ACPI: LAPIC_NMI (acpi_id[0x3c] high edge lint[0x1])
[    0.000000] ACPI: LAPIC_NMI (acpi_id[0x3d] high edge lint[0x1])
[    0.000000] ACPI: LAPIC_NMI (acpi_id[0x3e] high edge lint[0x1])
[    0.000000] ACPI: LAPIC_NMI (acpi_id[0x3f] high edge lint[0x1])
[    0.000000] ACPI: Skipping IOAPIC probe due to 'noapic' option.
[    0.000000] Using ACPI for processor (LAPIC) configuration information
[    0.000000] ACPI: HPET id: 0x8086af01 base: 0xfed00000
[    0.000000] Intel MultiProcessor Specification v1.4
[    0.000000]     Virtual Wire compatibility mode.
[    0.000000] MPTABLE: OEM ID: INTEL   
[    0.000000] MPTABLE: Product ID: 440BX       
[    0.000000] MPTABLE: APIC at: 0xFEE00000
[    0.000000] IOAPIC[0]: apic_id 1, version 17, address 0xfec00000, GSI 0-23
[    0.000000] Processors: 1
[    0.000000] SMP: Allowing 1 CPUs, 0 hotplug CPUs
[    0.000000] nr_irqs_gsi: 40
[    0.000000] PM: Registered nosave memory: 000000000009f000 - 00000000000a0000
[    0.000000] PM: Registered nosave memory: 00000000000a0000 - 00000000000ca000
[    0.000000] PM: Registered nosave memory: 00000000000ca000 - 00000000000cc000
[    0.000000] PM: Registered nosave memory: 00000000000cc000 - 00000000000dc000
[    0.000000] PM: Registered nosave memory: 00000000000dc000 - 0000000000100000
[    0.000000] Allocating PCI resources starting at 40000000 (gap: 40000000:a0000000)
[    0.000000] Booting paravirtualized kernel on bare hardware
[    0.000000] setup_percpu: NR_CPUS:8 nr_cpumask_bits:8 nr_cpu_ids:1 nr_node_ids:1
[    0.000000] PERCPU: Embedded 14 pages/cpu @f73e8000 s34240 r0 d23104 u57344
[    0.000000] pcpu-alloc: s34240 r0 d23104 u57344 alloc=14*4096
[    0.000000] pcpu-alloc: [0] 0 
[    0.000000] Built 1 zonelists in Zone order, mobility grouping on.  Total pages: 259950
[    0.000000] Kernel command line: BOOT_IMAGE=/boot/vmlinuz-3.2.0-29-generic-pae root=UUID=007b598c-390d-4c65-84a1-4ff752d48633 ro quiet splash maxcpus=0
[    0.000000] PID hash table entries: 4096 (order: 2, 16384 bytes)
[    0.000000] Dentry cache hash table entries: 131072 (order: 7, 524288 bytes)
[    0.000000] Inode-cache hash table entries: 65536 (order: 6, 262144 bytes)
[    0.000000] Initializing CPU#0
[    0.000000] xsave/xrstor: enabled xstate_bv 0x7, cntxt size 0x340
[    0.000000] allocated 4194048 bytes of page_cgroup
[    0.000000] please try 'cgroup_disable=memory' option if you don't want memory cgroups
[    0.000000] Initializing HighMem for node 0 (00037bfe:00040000)
[    0.000000] Memory: 1010624k/1048576k available (5814k kernel code, 37372k reserved, 2841k data, 740k init, 135048k highmem)
[    0.000000] virtual kernel memory layout:
[    0.000000]     fixmap  : 0xfff16000 - 0xfffff000   ( 932 kB)
[    0.000000]     pkmap   : 0xffc00000 - 0xffe00000   (2048 kB)
[    0.000000]     vmalloc : 0xf83fe000 - 0xffbfe000   ( 120 MB)
[    0.000000]     lowmem  : 0xc0000000 - 0xf7bfe000   ( 891 MB)
[    0.000000]       .init : 0xc1875000 - 0xc192e000   ( 740 kB)
[    0.000000]       .data : 0xc15adb64 - 0xc1874240   (2841 kB)
[    0.000000]       .text : 0xc1000000 - 0xc15adb64   (5814 kB)
[    0.000000] Checking if this processor honours the WP bit even in supervisor mode...Ok.
[    0.000000] SLUB: Genslabs=15, HWalign=64, Order=0-3, MinObjects=0, CPUs=1, Nodes=1
[    0.000000] Hierarchical RCU implementation.
[    0.000000] 	RCU dyntick-idle grace-period acceleration is enabled.
[    0.000000] NR_IRQS:2304 nr_irqs:256 16
[    0.000000] CPU 0 irqstacks, hard=f5c08000 soft=f5c0a000
[    0.000000] Extended CMOS year: 2000
[    0.000000] Console: colour VGA+ 80x25
[    0.000000] console [tty0] enabled
[    0.000000] hpet clockevent registered
[    0.000000] TSC freq read from hypervisor : 2394.620 MHz
[    0.000000] Detected 2394.620 MHz processor.
[    0.000001] Calibrating delay loop (skipped) preset value.. 4789.24 BogoMIPS (lpj=9578480)
[    0.000004] pid_max: default: 32768 minimum: 301
[    0.000023] Security Framework initialized
[    0.000042] AppArmor: AppArmor initialized
[    0.000043] Yama: becoming mindful.
[    0.000090] Mount-cache hash table entries: 512
[    0.000202] Initializing cgroup subsys cpuacct
[    0.000208] Initializing cgroup subsys memory
[    0.000214] Initializing cgroup subsys devices
[    0.000216] Initializing cgroup subsys freezer
[    0.000218] Initializing cgroup subsys blkio
[    0.000224] Initializing cgroup subsys perf_event
[    0.000280] Disabled fast string operations
[    0.000296] CPU: Physical Processor ID: 0
[    0.000309] ENERGY_PERF_BIAS: Set to 'normal', was 'performance'
[    0.000310] ENERGY_PERF_BIAS: View and update with x86_energy_perf_policy(8)
[    0.000974] mce: CPU supports 0 MCE banks
[    0.001905] SMP alternatives: switching to UP code
[    0.021213] Freeing SMP alternatives: 24k freed
[    0.021219] ACPI: Core revision 20110623
[    0.028799] ACPI: setting ELCR to 0200 (from 0e20)
[    0.030425] ftrace: allocating 26545 entries in 52 pages
[    0.051125] SMP mode deactivated.
[    0.051155] SMP disabled
[    0.051157] Performance Events: generic architected perfmon v1, core PMU driver.
[    0.051168] ... version:                1
[    0.051169] ... bit width:              48
[    0.051170] ... generic registers:      4
[    0.051171] ... value mask:             0000ffffffffffff
[    0.051172] ... max period:             000000007fffffff
[    0.051173] ... fixed-purpose events:   0
[    0.051174] ... event mask:             000000000000000f
[    0.051303] NMI watchdog enabled, takes one hw-pmu counter.
[    0.051329] Brought up 1 CPUs
[    0.051330] Total of 1 processors activated (4789.24 BogoMIPS).
[    0.051435] devtmpfs: initialized
[    0.051505] EVM: security.selinux
[    0.051506] EVM: security.SMACK64
[    0.051507] EVM: security.capability
[    0.051531] PM: Registering ACPI NVS region at 3feff000 (4096 bytes)
[    0.052272] print_constraints: dummy: 
[    0.052343] RTC time:  6:21:49, date: 05/27/13
[    0.052371] NET: Registered protocol family 16
[    0.052442] EISA bus registered
[    0.052452] ACPI: bus type pci registered
[    0.052591] PCI: MMCONFIG for domain 0000 [bus 00-ff] at [mem 0xe0000000-0xefffffff] (base 0xe0000000)
[    0.052593] PCI: MMCONFIG at [mem 0xe0000000-0xefffffff] reserved in E820
[    0.052595] PCI: Using MMCONFIG for extended config space
[    0.052596] PCI: Using configuration type 1 for base access
[    0.053273] bio: create slab <bio-0> at 0
[    0.053335] ACPI: Added _OSI(Module Device)
[    0.053336] ACPI: Added _OSI(Processor Device)
[    0.053337] ACPI: Added _OSI(3.0 _SCP Extensions)
[    0.053339] ACPI: Added _OSI(Processor Aggregator Device)
[    0.055217] ACPI: EC: Look up EC in DSDT
[    0.059751] [Firmware Bug]: ACPI: BIOS _OSI(Linux) query ignored
[    0.067436] ACPI: Interpreter enabled
[    0.067444] ACPI: (supports S0 S1 S4 S5)
[    0.067453] ACPI: Using PIC for interrupt routing
[    0.107883] ACPI: No dock devices found.
[    0.107886] HEST: Table not found.
[    0.107891] PCI: Using host bridge windows from ACPI; if necessary, use "pci=nocrs" and report a bug
[    0.108586] ACPI: PCI Root Bridge [PCI0] (domain 0000 [bus 00-ff])
[    0.109705] pci_root PNP0A03:00: host bridge window [mem 0x000a0000-0x000bffff]
[    0.109707] pci_root PNP0A03:00: host bridge window [mem 0x000cc000-0x000cffff]
[    0.109709] pci_root PNP0A03:00: host bridge window [mem 0x000d0000-0x000d3fff]
[    0.109710] pci_root PNP0A03:00: host bridge window [mem 0x000d4000-0x000d7fff]
[    0.109712] pci_root PNP0A03:00: host bridge window [mem 0x000d8000-0x000dbfff]
[    0.109713] pci_root PNP0A03:00: host bridge window [mem 0xc0000000-0xfebfffff]
[    0.109715] pci_root PNP0A03:00: host bridge window [io  0x0000-0x0cf7]
[    0.109717] pci_root PNP0A03:00: host bridge window [io  0x0d00-0xfeff]
[    0.109765] pci 0000:00:00.0: [8086:7190] type 0 class 0x000600
[    0.110183] pci 0000:00:01.0: [8086:7191] type 1 class 0x000604
[    0.110556] pci 0000:00:07.0: [8086:7110] type 0 class 0x000601
[    0.111152] pci 0000:00:07.1: [8086:7111] type 0 class 0x000101
[    0.112644] pci 0000:00:07.1: reg 20: [io  0x10c0-0x10cf]
[    0.113356] pci 0000:00:07.3: [8086:7113] type 0 class 0x000680
[    0.115026] pci 0000:00:07.3: quirk: [io  0x1000-0x103f] claimed by PIIX4 ACPI
[    0.115039] pci 0000:00:07.3: quirk: [io  0x1040-0x104f] claimed by PIIX4 SMB
[    0.115264] pci 0000:00:07.7: [15ad:0740] type 0 class 0x000880
[    0.115733] pci 0000:00:07.7: reg 10: [io  0x1080-0x10bf]
[    0.116333] pci 0000:00:07.7: reg 14: [mem 0xc8000000-0xc8001fff 64bit]
[    0.118336] pci 0000:00:0f.0: [15ad:0405] type 0 class 0x000300
[    0.120368] pci 0000:00:0f.0: reg 10: [io  0x10d0-0x10df]
[    0.122328] pci 0000:00:0f.0: reg 14: [mem 0xd0000000-0xd7ffffff pref]
[    0.124278] pci 0000:00:0f.0: reg 18: [mem 0xc8800000-0xc8ffffff]
[    0.132103] pci 0000:00:0f.0: reg 30: [mem 0x00000000-0x00007fff pref]
[    0.132386] pci 0000:00:10.0: [1000:0030] type 0 class 0x000100
[    0.132934] pci 0000:00:10.0: reg 10: [io  0x1400-0x14ff]
[    0.133643] pci 0000:00:10.0: reg 14: [mem 0xc8040000-0xc805ffff 64bit]
[    0.134347] pci 0000:00:10.0: reg 1c: [mem 0xc8020000-0xc803ffff 64bit]
[    0.135381] pci 0000:00:10.0: reg 30: [mem 0x00000000-0x00003fff pref]
[    0.135528] pci 0000:00:11.0: [15ad:0790] type 1 class 0x000604
[    0.136200] pci 0000:00:15.0: [15ad:07a0] type 1 class 0x000604
[    0.136885] pci 0000:00:15.0: PME# supported from D0 D3hot D3cold
[    0.136906] pci 0000:00:15.0: PME# disabled
[    0.137128] pci 0000:00:15.1: [15ad:07a0] type 1 class 0x000604
[    0.137808] pci 0000:00:15.1: PME# supported from D0 D3hot D3cold
[    0.137829] pci 0000:00:15.1: PME# disabled
[    0.138042] pci 0000:00:15.2: [15ad:07a0] type 1 class 0x000604
[    0.138737] pci 0000:00:15.2: PME# supported from D0 D3hot D3cold
[    0.138758] pci 0000:00:15.2: PME# disabled
[    0.138971] pci 0000:00:15.3: [15ad:07a0] type 1 class 0x000604
[    0.139719] pci 0000:00:15.3: PME# supported from D0 D3hot D3cold
[    0.139741] pci 0000:00:15.3: PME# disabled
[    0.139971] pci 0000:00:15.4: [15ad:07a0] type 1 class 0x000604
[    0.140661] pci 0000:00:15.4: PME# supported from D0 D3hot D3cold
[    0.140682] pci 0000:00:15.4: PME# disabled
[    0.140902] pci 0000:00:15.5: [15ad:07a0] type 1 class 0x000604
[    0.141594] pci 0000:00:15.5: PME# supported from D0 D3hot D3cold
[    0.141615] pci 0000:00:15.5: PME# disabled
[    0.141828] pci 0000:00:15.6: [15ad:07a0] type 1 class 0x000604
[    0.142525] pci 0000:00:15.6: PME# supported from D0 D3hot D3cold
[    0.142546] pci 0000:00:15.6: PME# disabled
[    0.142760] pci 0000:00:15.7: [15ad:07a0] type 1 class 0x000604
[    0.143455] pci 0000:00:15.7: PME# supported from D0 D3hot D3cold
[    0.143476] pci 0000:00:15.7: PME# disabled
[    0.143689] pci 0000:00:16.0: [15ad:07a0] type 1 class 0x000604
[    0.144395] pci 0000:00:16.0: PME# supported from D0 D3hot D3cold
[    0.144417] pci 0000:00:16.0: PME# disabled
[    0.144630] pci 0000:00:16.1: [15ad:07a0] type 1 class 0x000604
[    0.145319] pci 0000:00:16.1: PME# supported from D0 D3hot D3cold
[    0.145341] pci 0000:00:16.1: PME# disabled
[    0.145553] pci 0000:00:16.2: [15ad:07a0] type 1 class 0x000604
[    0.146243] pci 0000:00:16.2: PME# supported from D0 D3hot D3cold
[    0.146265] pci 0000:00:16.2: PME# disabled
[    0.146478] pci 0000:00:16.3: [15ad:07a0] type 1 class 0x000604
[    0.147159] pci 0000:00:16.3: PME# supported from D0 D3hot D3cold
[    0.147181] pci 0000:00:16.3: PME# disabled
[    0.147393] pci 0000:00:16.4: [15ad:07a0] type 1 class 0x000604
[    0.148088] pci 0000:00:16.4: PME# supported from D0 D3hot D3cold
[    0.148110] pci 0000:00:16.4: PME# disabled
[    0.148328] pci 0000:00:16.5: [15ad:07a0] type 1 class 0x000604
[    0.149008] pci 0000:00:16.5: PME# supported from D0 D3hot D3cold
[    0.149030] pci 0000:00:16.5: PME# disabled
[    0.149244] pci 0000:00:16.6: [15ad:07a0] type 1 class 0x000604
[    0.149925] pci 0000:00:16.6: PME# supported from D0 D3hot D3cold
[    0.149946] pci 0000:00:16.6: PME# disabled
[    0.150176] pci 0000:00:16.7: [15ad:07a0] type 1 class 0x000604
[    0.150857] pci 0000:00:16.7: PME# supported from D0 D3hot D3cold
[    0.150878] pci 0000:00:16.7: PME# disabled
[    0.151093] pci 0000:00:17.0: [15ad:07a0] type 1 class 0x000604
[    0.151787] pci 0000:00:17.0: PME# supported from D0 D3hot D3cold
[    0.151809] pci 0000:00:17.0: PME# disabled
[    0.152023] pci 0000:00:17.1: [15ad:07a0] type 1 class 0x000604
[    0.152707] pci 0000:00:17.1: PME# supported from D0 D3hot D3cold
[    0.152729] pci 0000:00:17.1: PME# disabled
[    0.152942] pci 0000:00:17.2: [15ad:07a0] type 1 class 0x000604
[    0.153635] pci 0000:00:17.2: PME# supported from D0 D3hot D3cold
[    0.153656] pci 0000:00:17.2: PME# disabled
[    0.153869] pci 0000:00:17.3: [15ad:07a0] type 1 class 0x000604
[    0.154631] pci 0000:00:17.3: PME# supported from D0 D3hot D3cold
[    0.154653] pci 0000:00:17.3: PME# disabled
[    0.154867] pci 0000:00:17.4: [15ad:07a0] type 1 class 0x000604
[    0.155559] pci 0000:00:17.4: PME# supported from D0 D3hot D3cold
[    0.155580] pci 0000:00:17.4: PME# disabled
[    0.155815] pci 0000:00:17.5: [15ad:07a0] type 1 class 0x000604
[    0.156509] pci 0000:00:17.5: PME# supported from D0 D3hot D3cold
[    0.156531] pci 0000:00:17.5: PME# disabled
[    0.156744] pci 0000:00:17.6: [15ad:07a0] type 1 class 0x000604
[    0.157438] pci 0000:00:17.6: PME# supported from D0 D3hot D3cold
[    0.157459] pci 0000:00:17.6: PME# disabled
[    0.157683] pci 0000:00:17.7: [15ad:07a0] type 1 class 0x000604
[    0.158508] pci 0000:00:17.7: PME# supported from D0 D3hot D3cold
[    0.158535] pci 0000:00:17.7: PME# disabled
[    0.158801] pci 0000:00:18.0: [15ad:07a0] type 1 class 0x000604
[    0.159654] pci 0000:00:18.0: PME# supported from D0 D3hot D3cold
[    0.159680] pci 0000:00:18.0: PME# disabled
[    0.159967] pci 0000:00:18.1: [15ad:07a0] type 1 class 0x000604
[    0.160825] pci 0000:00:18.1: PME# supported from D0 D3hot D3cold
[    0.160852] pci 0000:00:18.1: PME# disabled
[    0.161120] pci 0000:00:18.2: [15ad:07a0] type 1 class 0x000604
[    0.161972] pci 0000:00:18.2: PME# supported from D0 D3hot D3cold
[    0.161998] pci 0000:00:18.2: PME# disabled
[    0.162266] pci 0000:00:18.3: [15ad:07a0] type 1 class 0x000604
[    0.163126] pci 0000:00:18.3: PME# supported from D0 D3hot D3cold
[    0.163152] pci 0000:00:18.3: PME# disabled
[    0.163417] pci 0000:00:18.4: [15ad:07a0] type 1 class 0x000604
[    0.164294] pci 0000:00:18.4: PME# supported from D0 D3hot D3cold
[    0.164321] pci 0000:00:18.4: PME# disabled
[    0.164595] pci 0000:00:18.5: [15ad:07a0] type 1 class 0x000604
[    0.165453] pci 0000:00:18.5: PME# supported from D0 D3hot D3cold
[    0.165479] pci 0000:00:18.5: PME# disabled
[    0.165744] pci 0000:00:18.6: [15ad:07a0] type 1 class 0x000604
[    0.166613] pci 0000:00:18.6: PME# supported from D0 D3hot D3cold
[    0.166641] pci 0000:00:18.6: PME# disabled
[    0.166912] pci 0000:00:18.7: [15ad:07a0] type 1 class 0x000604
[    0.167794] pci 0000:00:18.7: PME# supported from D0 D3hot D3cold
[    0.167821] pci 0000:00:18.7: PME# disabled
[    0.168493] pci 0000:00:01.0: PCI bridge to [bus 01-01]
[    0.168844] pci 0000:02:00.0: [15ad:0774] type 0 class 0x000c03
[    0.170758] pci 0000:02:00.0: reg 20: [io  0x20c0-0x20df]
[    0.171651] pci 0000:02:01.0: [1022:2000] type 0 class 0x000200
[    0.172076] pci 0000:02:01.0: reg 10: [io  0x2000-0x207f]
[    0.174281] pci 0000:02:01.0: reg 30: [mem 0x00000000-0x0000ffff pref]
[    0.174430] pci 0000:02:02.0: [1274:1371] type 0 class 0x000401
[    0.174893] pci 0000:02:02.0: reg 10: [io  0x2080-0x20bf]
[    0.176892] pci 0000:02:03.0: [15ad:0770] type 0 class 0x000c03
[    0.177212] pci 0000:02:03.0: reg 10: [mem 0xc9000000-0xc9000fff]
[    0.178947] pci 0000:00:11.0: PCI bridge to [bus 02-02] (subtractive decode)
[    0.178968] pci 0000:00:11.0:   bridge window [io  0x2000-0x3fff]
[    0.178990] pci 0000:00:11.0:   bridge window [mem 0xc9000000-0xca3fffff]
[    0.179037] pci 0000:00:11.0:   bridge window [mem 0xd8400000-0xd89fffff 64bit pref]
[    0.179040] pci 0000:00:11.0:   bridge window [mem 0x000a0000-0x000bffff] (subtractive decode)
[    0.179041] pci 0000:00:11.0:   bridge window [mem 0x000cc000-0x000cffff] (subtractive decode)
[    0.179043] pci 0000:00:11.0:   bridge window [mem 0x000d0000-0x000d3fff] (subtractive decode)
[    0.179045] pci 0000:00:11.0:   bridge window [mem 0x000d4000-0x000d7fff] (subtractive decode)
[    0.179046] pci 0000:00:11.0:   bridge window [mem 0x000d8000-0x000dbfff] (subtractive decode)
[    0.179048] pci 0000:00:11.0:   bridge window [mem 0xc0000000-0xfebfffff] (subtractive decode)
[    0.179050] pci 0000:00:11.0:   bridge window [io  0x0000-0x0cf7] (subtractive decode)
[    0.179051] pci 0000:00:11.0:   bridge window [io  0x0d00-0xfeff] (subtractive decode)
[    0.179471] pci 0000:00:15.0: PCI bridge to [bus 03-03]
[    0.179491] pci 0000:00:15.0:   bridge window [io  0x4000-0x4fff]
[    0.179512] pci 0000:00:15.0:   bridge window [mem 0xca400000-0xca4fffff]
[    0.179551] pci 0000:00:15.0:   bridge window [mem 0xd8a00000-0xd8afffff 64bit pref]
[    0.179982] pci 0000:00:15.1: PCI bridge to [bus 04-04]
[    0.180003] pci 0000:00:15.1:   bridge window [io  0x8000-0x8fff]
[    0.180023] pci 0000:00:15.1:   bridge window [mem 0xca800000-0xca8fffff]
[    0.180076] pci 0000:00:15.1:   bridge window [mem 0xd8e00000-0xd8efffff 64bit pref]
[    0.180491] pci 0000:00:15.2: PCI bridge to [bus 05-05]
[    0.180511] pci 0000:00:15.2:   bridge window [io  0xc000-0xcfff]
[    0.180532] pci 0000:00:15.2:   bridge window [mem 0xcac00000-0xcacfffff]
[    0.180571] pci 0000:00:15.2:   bridge window [mem 0xd9200000-0xd92fffff 64bit pref]
[    0.180988] pci 0000:00:15.3: PCI bridge to [bus 06-06]
[    0.181038] pci 0000:00:15.3:   bridge window [mem 0xcb000000-0xcb0fffff]
[    0.181079] pci 0000:00:15.3:   bridge window [mem 0xd9600000-0xd96fffff 64bit pref]
[    0.181494] pci 0000:00:15.4: PCI bridge to [bus 07-07]
[    0.181532] pci 0000:00:15.4:   bridge window [mem 0xcb400000-0xcb4fffff]
[    0.181571] pci 0000:00:15.4:   bridge window [mem 0xd9a00000-0xd9afffff 64bit pref]
[    0.181984] pci 0000:00:15.5: PCI bridge to [bus 08-08]
[    0.182034] pci 0000:00:15.5:   bridge window [mem 0xcb800000-0xcb8fffff]
[    0.182083] pci 0000:00:15.5:   bridge window [mem 0xd9e00000-0xd9efffff 64bit pref]
[    0.182598] pci 0000:00:15.6: PCI bridge to [bus 09-09]
[    0.182647] pci 0000:00:15.6:   bridge window [mem 0xcbc00000-0xcbcfffff]
[    0.182695] pci 0000:00:15.6:   bridge window [mem 0xda200000-0xda2fffff 64bit pref]
[    0.183211] pci 0000:00:15.7: PCI bridge to [bus 0a-0a]
[    0.183260] pci 0000:00:15.7:   bridge window [mem 0xcc000000-0xcc0fffff]
[    0.183309] pci 0000:00:15.7:   bridge window [mem 0xda600000-0xda6fffff 64bit pref]
[    0.183839] pci 0000:00:16.0: PCI bridge to [bus 0b-0b]
[    0.183865] pci 0000:00:16.0:   bridge window [io  0x5000-0x5fff]
[    0.183890] pci 0000:00:16.0:   bridge window [mem 0xca500000-0xca5fffff]
[    0.183939] pci 0000:00:16.0:   bridge window [mem 0xd8b00000-0xd8bfffff 64bit pref]
[    0.184476] pci 0000:00:16.1: PCI bridge to [bus 0c-0c]
[    0.184500] pci 0000:00:16.1:   bridge window [io  0x9000-0x9fff]
[    0.184523] pci 0000:00:16.1:   bridge window [mem 0xca900000-0xca9fffff]
[    0.184567] pci 0000:00:16.1:   bridge window [mem 0xd8f00000-0xd8ffffff 64bit pref]
[    0.185045] pci 0000:00:16.2: PCI bridge to [bus 0d-0d]
[    0.185068] pci 0000:00:16.2:   bridge window [io  0xd000-0xdfff]
[    0.185091] pci 0000:00:16.2:   bridge window [mem 0xcad00000-0xcadfffff]
[    0.185135] pci 0000:00:16.2:   bridge window [mem 0xd9300000-0xd93fffff 64bit pref]
[    0.185602] pci 0000:00:16.3: PCI bridge to [bus 0e-0e]
[    0.185646] pci 0000:00:16.3:   bridge window [mem 0xcb100000-0xcb1fffff]
[    0.185689] pci 0000:00:16.3:   bridge window [mem 0xd9700000-0xd97fffff 64bit pref]
[    0.186187] pci 0000:00:16.4: PCI bridge to [bus 0f-0f]
[    0.186235] pci 0000:00:16.4:   bridge window [mem 0xcb500000-0xcb5fffff]
[    0.186284] pci 0000:00:16.4:   bridge window [mem 0xd9b00000-0xd9bfffff 64bit pref]
[    0.186798] pci 0000:00:16.5: PCI bridge to [bus 10-10]
[    0.186847] pci 0000:00:16.5:   bridge window [mem 0xcb900000-0xcb9fffff]
[    0.186895] pci 0000:00:16.5:   bridge window [mem 0xd9f00000-0xd9ffffff 64bit pref]
[    0.187419] pci 0000:00:16.6: PCI bridge to [bus 11-11]
[    0.187468] pci 0000:00:16.6:   bridge window [mem 0xcbd00000-0xcbdfffff]
[    0.187517] pci 0000:00:16.6:   bridge window [mem 0xda300000-0xda3fffff 64bit pref]
[    0.188048] pci 0000:00:16.7: PCI bridge to [bus 12-12]
[    0.188096] pci 0000:00:16.7:   bridge window [mem 0xcc100000-0xcc1fffff]
[    0.188145] pci 0000:00:16.7:   bridge window [mem 0xda700000-0xda7fffff 64bit pref]
[    0.188660] pci 0000:00:17.0: PCI bridge to [bus 13-13]
[    0.188685] pci 0000:00:17.0:   bridge window [io  0x6000-0x6fff]
[    0.188712] pci 0000:00:17.0:   bridge window [mem 0xca600000-0xca6fffff]
[    0.188761] pci 0000:00:17.0:   bridge window [mem 0xd8c00000-0xd8cfffff 64bit pref]
[    0.189284] pci 0000:00:17.1: PCI bridge to [bus 14-14]
[    0.189310] pci 0000:00:17.1:   bridge window [io  0xa000-0xafff]
[    0.189335] pci 0000:00:17.1:   bridge window [mem 0xcaa00000-0xcaafffff]
[    0.189384] pci 0000:00:17.1:   bridge window [mem 0xd9000000-0xd90fffff 64bit pref]
[    0.189902] pci 0000:00:17.2: PCI bridge to [bus 15-15]
[    0.189927] pci 0000:00:17.2:   bridge window [io  0xe000-0xefff]
[    0.189953] pci 0000:00:17.2:   bridge window [mem 0xcae00000-0xcaefffff]
[    0.190003] pci 0000:00:17.2:   bridge window [mem 0xd9400000-0xd94fffff 64bit pref]
[    0.190524] pci 0000:00:17.3: PCI bridge to [bus 16-16]
[    0.190573] pci 0000:00:17.3:   bridge window [mem 0xcb200000-0xcb2fffff]
[    0.190622] pci 0000:00:17.3:   bridge window [mem 0xd9800000-0xd98fffff 64bit pref]
[    0.191130] pci 0000:00:17.4: PCI bridge to [bus 17-17]
[    0.191169] pci 0000:00:17.4:   bridge window [mem 0xcb600000-0xcb6fffff]
[    0.191208] pci 0000:00:17.4:   bridge window [mem 0xd9c00000-0xd9cfffff 64bit pref]
[    0.191621] pci 0000:00:17.5: PCI bridge to [bus 18-18]
[    0.191660] pci 0000:00:17.5:   bridge window [mem 0xcba00000-0xcbafffff]
[    0.191713] pci 0000:00:17.5:   bridge window [mem 0xda000000-0xda0fffff 64bit pref]
[    0.192129] pci 0000:00:17.6: PCI bridge to [bus 19-19]
[    0.192168] pci 0000:00:17.6:   bridge window [mem 0xcbe00000-0xcbefffff]
[    0.192207] pci 0000:00:17.6:   bridge window [mem 0xda400000-0xda4fffff 64bit pref]
[    0.192620] pci 0000:00:17.7: PCI bridge to [bus 1a-1a]
[    0.192659] pci 0000:00:17.7:   bridge window [mem 0xcc200000-0xcc2fffff]
[    0.192698] pci 0000:00:17.7:   bridge window [mem 0xda800000-0xda8fffff 64bit pref]
[    0.193119] pci 0000:00:18.0: PCI bridge to [bus 1b-1b]
[    0.193140] pci 0000:00:18.0:   bridge window [io  0x7000-0x7fff]
[    0.193160] pci 0000:00:18.0:   bridge window [mem 0xca700000-0xca7fffff]
[    0.193199] pci 0000:00:18.0:   bridge window [mem 0xd8d00000-0xd8dfffff 64bit pref]
[    0.193611] pci 0000:00:18.1: PCI bridge to [bus 1c-1c]
[    0.193632] pci 0000:00:18.1:   bridge window [io  0xb000-0xbfff]
[    0.193652] pci 0000:00:18.1:   bridge window [mem 0xcab00000-0xcabfffff]
[    0.193692] pci 0000:00:18.1:   bridge window [mem 0xd9100000-0xd91fffff 64bit pref]
[    0.194111] pci 0000:00:18.2: PCI bridge to [bus 1d-1d]
[    0.194132] pci 0000:00:18.2:   bridge window [io  0xf000-0xffff]
[    0.194152] pci 0000:00:18.2:   bridge window [mem 0xcaf00000-0xcaffffff]
[    0.194191] pci 0000:00:18.2:   bridge window [mem 0xd9500000-0xd95fffff 64bit pref]
[    0.194609] pci 0000:00:18.3: PCI bridge to [bus 1e-1e]
[    0.194647] pci 0000:00:18.3:   bridge window [mem 0xcb300000-0xcb3fffff]
[    0.194687] pci 0000:00:18.3:   bridge window [mem 0xd9900000-0xd99fffff 64bit pref]
[    0.195114] pci 0000:00:18.4: PCI bridge to [bus 1f-1f]
[    0.195153] pci 0000:00:18.4:   bridge window [mem 0xcb700000-0xcb7fffff]
[    0.195192] pci 0000:00:18.4:   bridge window [mem 0xd9d00000-0xd9dfffff 64bit pref]
[    0.195604] pci 0000:00:18.5: PCI bridge to [bus 20-20]
[    0.195643] pci 0000:00:18.5:   bridge window [mem 0xcbb00000-0xcbbfffff]
[    0.195698] pci 0000:00:18.5:   bridge window [mem 0xda100000-0xda1fffff 64bit pref]
[    0.196124] pci 0000:00:18.6: PCI bridge to [bus 21-21]
[    0.196164] pci 0000:00:18.6:   bridge window [mem 0xcbf00000-0xcbffffff]
[    0.196204] pci 0000:00:18.6:   bridge window [mem 0xda500000-0xda5fffff 64bit pref]
[    0.196616] pci 0000:00:18.7: PCI bridge to [bus 22-22]
[    0.196655] pci 0000:00:18.7:   bridge window [mem 0xcc300000-0xcc3fffff]
[    0.196694] pci 0000:00:18.7:   bridge window [mem 0xda900000-0xda9fffff 64bit pref]
[    0.198241] pci_bus 0000:00: on NUMA node 0
[    0.198247] ACPI: PCI Interrupt Routing Table [\_SB_.PCI0._PRT]
[    0.198841]  pci0000:00: Requesting ACPI _OSC control (0x1d)
[    0.199049]  pci0000:00: ACPI _OSC control (0x15) granted
[    0.272407] ACPI: PCI Interrupt Link [LNKA] (IRQs 3 4 5 6 7 *9 10 11 14 15)
[    0.272478] ACPI: PCI Interrupt Link [LNKB] (IRQs 3 4 5 6 7 9 10 *11 14 15)
[    0.272544] ACPI: PCI Interrupt Link [LNKC] (IRQs 3 4 5 6 7 9 *10 11 14 15)
[    0.272610] ACPI: PCI Interrupt Link [LNKD] (IRQs 3 4 *5 6 7 9 10 11 14 15)
[    0.272745] vgaarb: device added: PCI:0000:00:0f.0,decodes=io+mem,owns=io+mem,locks=none
[    0.272754] vgaarb: loaded
[    0.272755] vgaarb: bridge control possible 0000:00:0f.0
[    0.272834] i2c-core: driver [aat2870] using legacy suspend method
[    0.272835] i2c-core: driver [aat2870] using legacy resume method
[    0.272908] SCSI subsystem initialized
[    0.272947] libata version 3.00 loaded.
[    0.272976] usbcore: registered new interface driver usbfs
[    0.272986] usbcore: registered new interface driver hub
[    0.273008] usbcore: registered new device driver usb
[    0.273071] PCI: Using ACPI for IRQ routing
[    0.347551] PCI: pci_cache_line_size set to 64 bytes
[    0.347577] pci 0000:00:18.2: no compatible bridge window for [io  0xf000-0xffff]
[    0.348795] reserve RAM buffer: 000000000009f000 - 000000000009ffff 
[    0.348807] reserve RAM buffer: 000000003fee0000 - 000000003fffffff 
[    0.348937] NetLabel: Initializing
[    0.348939] NetLabel:  domain hash size = 128
[    0.348940] NetLabel:  protocols = UNLABELED CIPSOv4
[    0.348949] NetLabel:  unlabeled traffic allowed by default
[    0.349124] hpet0: at MMIO 0xfed00000, IRQs 2, 8, 0, 0, 0, 0, 0, 0, 0, 0, 0, 0, 0, 0, 0, 0
[    0.349133] hpet0: 16 comparators, 64-bit 14.318180 MHz counter
[    0.351236] Switching to clocksource hpet
[    0.358945] AppArmor: AppArmor Filesystem Enabled
[    0.358968] pnp: PnP ACPI init
[    0.358987] ACPI: bus type pnp registered
[    0.359762] pnp 00:00: [bus 00-ff]
[    0.359765] pnp 00:00: [mem 0x000a0000-0x000bffff window]
[    0.359778] pnp 00:00: [mem 0x000c0000-0x000c3fff window]
[    0.359781] pnp 00:00: [mem 0x000c4000-0x000c7fff window]
[    0.359791] pnp 00:00: [mem 0x000c8000-0x000cbfff window]
[    0.359793] pnp 00:00: [mem 0x000cc000-0x000cffff window]
[    0.359795] pnp 00:00: [mem 0x000d0000-0x000d3fff window]
[    0.359797] pnp 00:00: [mem 0x000d4000-0x000d7fff window]
[    0.359799] pnp 00:00: [mem 0x000d8000-0x000dbfff window]
[    0.359801] pnp 00:00: [mem 0x000dc000-0x000dffff window]
[    0.359803] pnp 00:00: [mem 0x000e0000-0x000e3fff window]
[    0.359805] pnp 00:00: [mem 0x000e4000-0x000e7fff window]
[    0.359807] pnp 00:00: [mem 0x000e8000-0x000ebfff window]
[    0.359809] pnp 00:00: [mem 0x000ec000-0x000effff window]
[    0.359811] pnp 00:00: [mem 0xc0000000-0xfebfffff window]
[    0.359813] pnp 00:00: [io  0x0cf8-0x0cff]
[    0.359815] pnp 00:00: [io  0x0000-0x0cf7 window]
[    0.359817] pnp 00:00: [io  0x0d00-0xfeff window]
[    0.359863] pnp 00:00: Plug and Play ACPI device, IDs PNP0a03 PNP0a08 (active)
[    0.359946] pnp 00:01: [io  0x0010-0x001f]
[    0.359948] pnp 00:01: [io  0x0024-0x0025]
[    0.359950] pnp 00:01: [io  0x0028-0x0029]
[    0.359952] pnp 00:01: [io  0x002c-0x002d]
[    0.359954] pnp 00:01: [io  0x002e-0x002f]
[    0.359956] pnp 00:01: [io  0x0030-0x0031]
[    0.359958] pnp 00:01: [io  0x0034-0x0035]
[    0.359960] pnp 00:01: [io  0x0038-0x0039]
[    0.359962] pnp 00:01: [io  0x003c-0x003d]
[    0.359964] pnp 00:01: [io  0x0050-0x0053]
[    0.359966] pnp 00:01: [io  0x0072-0x0077]
[    0.359976] pnp 00:01: [io  0x0080]
[    0.359978] pnp 00:01: [io  0x0090-0x009f]
[    0.359979] pnp 00:01: [io  0x00a4-0x00a5]
[    0.359981] pnp 00:01: [io  0x00a8-0x00a9]
[    0.359982] pnp 00:01: [io  0x00ac-0x00ad]
[    0.359984] pnp 00:01: [io  0x00b0-0x00b5]
[    0.359985] pnp 00:01: [io  0x00b8-0x00b9]
[    0.359987] pnp 00:01: [io  0x00bc-0x00bd]
[    0.359988] pnp 00:01: [io  0x1000-0x103f]
[    0.359990] pnp 00:01: [io  0x1040-0x104f]
[    0.359991] pnp 00:01: [io  0x0cf0-0x0cf1]
[    0.360065] system 00:01: [io  0x1000-0x103f] has been reserved
[    0.360070] system 00:01: [io  0x1040-0x104f] has been reserved
[    0.360073] system 00:01: [io  0x0cf0-0x0cf1] has been reserved
[    0.360077] system 00:01: Plug and Play ACPI device, IDs PNP0c02 (active)
[    0.360086] pnp 00:02: [io  0x0000-0x000f]
[    0.360088] pnp 00:02: [io  0x0081-0x008f]
[    0.360090] pnp 00:02: [io  0x00c0-0x00df]
[    0.360092] pnp 00:02: [dma 4]
[    0.360115] pnp 00:02: Plug and Play ACPI device, IDs PNP0200 (active)
[    0.360123] pnp 00:03: [io  0x0020-0x0021]
[    0.360125] pnp 00:03: [io  0x00a0-0x00a1]
[    0.360127] pnp 00:03: [io  0x04d0-0x04d1]
[    0.360129] pnp 00:03: [irq 2 disabled]
[    0.360151] pnp 00:03: Plug and Play ACPI device, IDs PNP0001 (active)
[    0.360161] pnp 00:04: [io  0x0070-0x0071]
[    0.360164] pnp 00:04: [irq 8]
[    0.360183] pnp 00:04: Plug and Play ACPI device, IDs PNP0b00 (active)
[    0.360190] pnp 00:05: [io  0x0061]
[    0.360210] pnp 00:05: Plug and Play ACPI device, IDs PNP0800 (active)
[    0.360217] pnp 00:06: [io  0x0060]
[    0.360219] pnp 00:06: [io  0x0064]
[    0.360221] pnp 00:06: [irq 1]
[    0.360243] pnp 00:06: Plug and Play ACPI device, IDs PNP0303 (active)
[    0.360251] pnp 00:07: [irq 12]
[    0.360271] pnp 00:07: Plug and Play ACPI device, IDs PNP0f13 (active)
[    0.360457] pnp 00:08: [mem 0xfed00000-0xfed003ff]
[    0.360505] system 00:08: [mem 0xfed00000-0xfed003ff] has been reserved
[    0.360508] system 00:08: Plug and Play ACPI device, IDs PNP0103 PNP0c01 (active)
[    0.364961] pnp 00:09: [io  0x0378-0x037f]
[    0.364964] pnp 00:09: [irq 7]
[    0.366051] pnp 00:09: Plug and Play ACPI device, IDs PNP0400 (active)
[    0.369741] pnp 00:0a: [io  0x03f8-0x03ff]
[    0.369744] pnp 00:0a: [irq 4]
[    0.370789] pnp 00:0a: Plug and Play ACPI device, IDs PNP0501 (active)
[    0.374134] pnp 00:0b: [io  0x02f8-0x02ff]
[    0.374137] pnp 00:0b: [irq 3]
[    0.375211] pnp 00:0b: Plug and Play ACPI device, IDs PNP0501 (active)
[    0.380509] pnp 00:0c: [io  0x03f0-0x03f5]
[    0.380512] pnp 00:0c: [io  0x03f7]
[    0.380515] pnp 00:0c: [irq 6]
[    0.380516] pnp 00:0c: [dma 2]
[    0.381478] pnp 00:0c: Plug and Play ACPI device, IDs PNP0700 (active)
[    0.381637] pnp 00:0d: [mem 0xe0000000-0xefffffff]
[    0.381638] pnp 00:0d: [io  0x1060-0x107f]
[    0.381640] pnp 00:0d: [mem 0xc8200000-0xc83fffff]
[    0.381689] system 00:0d: [io  0x1060-0x107f] has been reserved
[    0.381692] system 00:0d: [mem 0xe0000000-0xefffffff] has been reserved
[    0.381694] system 00:0d: [mem 0xc8200000-0xc83fffff] has been reserved
[    0.381696] system 00:0d: Plug and Play ACPI device, IDs PNP0c02 (active)
[    0.386600] pnp: PnP ACPI: found 14 devices
[    0.386601] ACPI: ACPI bus type pnp unregistered
[    0.386605] PnPBIOS: Disabled by ACPI PNP
[    0.422319] PCI: max bus depth: 1 pci_try_num: 2
[    0.423169] pci 0000:00:0f.0: BAR 6: assigned [mem 0xc0000000-0xc0007fff pref]
[    0.423175] pci 0000:00:10.0: BAR 6: assigned [mem 0xc0008000-0xc000bfff pref]
[    0.423181] pci 0000:00:18.7: BAR 13: can't assign io (size 0x1000)
[    0.423186] pci 0000:00:18.6: BAR 13: can't assign io (size 0x1000)
[    0.423190] pci 0000:00:18.5: BAR 13: can't assign io (size 0x1000)
[    0.423194] pci 0000:00:18.4: BAR 13: can't assign io (size 0x1000)
[    0.423199] pci 0000:00:18.3: BAR 13: can't assign io (size 0x1000)
[    0.423203] pci 0000:00:18.2: BAR 13: can't assign io (size 0x1000)
[    0.423207] pci 0000:00:17.7: BAR 13: can't assign io (size 0x1000)
[    0.423211] pci 0000:00:17.6: BAR 13: can't assign io (size 0x1000)
[    0.423215] pci 0000:00:17.5: BAR 13: can't assign io (size 0x1000)
[    0.423219] pci 0000:00:17.4: BAR 13: can't assign io (size 0x1000)
[    0.423223] pci 0000:00:17.3: BAR 13: can't assign io (size 0x1000)
[    0.423227] pci 0000:00:16.7: BAR 13: can't assign io (size 0x1000)
[    0.423231] pci 0000:00:16.6: BAR 13: can't assign io (size 0x1000)
[    0.423236] pci 0000:00:16.5: BAR 13: can't assign io (size 0x1000)
[    0.423240] pci 0000:00:16.4: BAR 13: can't assign io (size 0x1000)
[    0.423244] pci 0000:00:16.3: BAR 13: can't assign io (size 0x1000)
[    0.423248] pci 0000:00:15.7: BAR 13: can't assign io (size 0x1000)
[    0.423252] pci 0000:00:15.6: BAR 13: can't assign io (size 0x1000)
[    0.423257] pci 0000:00:15.5: BAR 13: can't assign io (size 0x1000)
[    0.423261] pci 0000:00:15.4: BAR 13: can't assign io (size 0x1000)
[    0.423265] pci 0000:00:15.3: BAR 13: can't assign io (size 0x1000)
[    0.423269] pci 0000:00:01.0: PCI bridge to [bus 01-01]
[    0.423295] pci 0000:02:01.0: BAR 6: assigned [mem 0xd8400000-0xd840ffff pref]
[    0.423298] pci 0000:00:11.0: PCI bridge to [bus 02-02]
[    0.423314] pci 0000:00:11.0:   bridge window [io  0x2000-0x3fff]
[    0.423340] pci 0000:00:11.0:   bridge window [mem 0xc9000000-0xca3fffff]
[    0.423366] pci 0000:00:11.0:   bridge window [mem 0xd8400000-0xd89fffff 64bit pref]
[    0.423393] pci 0000:00:15.0: PCI bridge to [bus 03-03]
[    0.423409] pci 0000:00:15.0:   bridge window [io  0x4000-0x4fff]
[    0.423435] pci 0000:00:15.0:   bridge window [mem 0xca400000-0xca4fffff]
[    0.423461] pci 0000:00:15.0:   bridge window [mem 0xd8a00000-0xd8afffff 64bit pref]
[    0.423487] pci 0000:00:15.1: PCI bridge to [bus 04-04]
[    0.423503] pci 0000:00:15.1:   bridge window [io  0x8000-0x8fff]
[    0.423530] pci 0000:00:15.1:   bridge window [mem 0xca800000-0xca8fffff]
[    0.423556] pci 0000:00:15.1:   bridge window [mem 0xd8e00000-0xd8efffff 64bit pref]
[    0.423582] pci 0000:00:15.2: PCI bridge to [bus 05-05]
[    0.423598] pci 0000:00:15.2:   bridge window [io  0xc000-0xcfff]
[    0.423625] pci 0000:00:15.2:   bridge window [mem 0xcac00000-0xcacfffff]
[    0.423651] pci 0000:00:15.2:   bridge window [mem 0xd9200000-0xd92fffff 64bit pref]
[    0.423677] pci 0000:00:15.3: PCI bridge to [bus 06-06]
[    0.423703] pci 0000:00:15.3:   bridge window [mem 0xcb000000-0xcb0fffff]
[    0.423729] pci 0000:00:15.3:   bridge window [mem 0xd9600000-0xd96fffff 64bit pref]
[    0.423756] pci 0000:00:15.4: PCI bridge to [bus 07-07]
[    0.423782] pci 0000:00:15.4:   bridge window [mem 0xcb400000-0xcb4fffff]
[    0.423808] pci 0000:00:15.4:   bridge window [mem 0xd9a00000-0xd9afffff 64bit pref]
[    0.423834] pci 0000:00:15.5: PCI bridge to [bus 08-08]
[    0.423861] pci 0000:00:15.5:   bridge window [mem 0xcb800000-0xcb8fffff]
[    0.423887] pci 0000:00:15.5:   bridge window [mem 0xd9e00000-0xd9efffff 64bit pref]
[    0.423913] pci 0000:00:15.6: PCI bridge to [bus 09-09]
[    0.423940] pci 0000:00:15.6:   bridge window [mem 0xcbc00000-0xcbcfffff]
[    0.423966] pci 0000:00:15.6:   bridge window [mem 0xda200000-0xda2fffff 64bit pref]
[    0.423992] pci 0000:00:15.7: PCI bridge to [bus 0a-0a]
[    0.424018] pci 0000:00:15.7:   bridge window [mem 0xcc000000-0xcc0fffff]
[    0.424045] pci 0000:00:15.7:   bridge window [mem 0xda600000-0xda6fffff 64bit pref]
[    0.424071] pci 0000:00:16.0: PCI bridge to [bus 0b-0b]
[    0.424087] pci 0000:00:16.0:   bridge window [io  0x5000-0x5fff]
[    0.424113] pci 0000:00:16.0:   bridge window [mem 0xca500000-0xca5fffff]
[    0.424139] pci 0000:00:16.0:   bridge window [mem 0xd8b00000-0xd8bfffff 64bit pref]
[    0.424166] pci 0000:00:16.1: PCI bridge to [bus 0c-0c]
[    0.424181] pci 0000:00:16.1:   bridge window [io  0x9000-0x9fff]
[    0.424207] pci 0000:00:16.1:   bridge window [mem 0xca900000-0xca9fffff]
[    0.424233] pci 0000:00:16.1:   bridge window [mem 0xd8f00000-0xd8ffffff 64bit pref]
[    0.424260] pci 0000:00:16.2: PCI bridge to [bus 0d-0d]
[    0.424275] pci 0000:00:16.2:   bridge window [io  0xd000-0xdfff]
[    0.424301] pci 0000:00:16.2:   bridge window [mem 0xcad00000-0xcadfffff]
[    0.424327] pci 0000:00:16.2:   bridge window [mem 0xd9300000-0xd93fffff 64bit pref]
[    0.424354] pci 0000:00:16.3: PCI bridge to [bus 0e-0e]
[    0.424380] pci 0000:00:16.3:   bridge window [mem 0xcb100000-0xcb1fffff]
[    0.424406] pci 0000:00:16.3:   bridge window [mem 0xd9700000-0xd97fffff 64bit pref]
[    0.424433] pci 0000:00:16.4: PCI bridge to [bus 0f-0f]
[    0.424459] pci 0000:00:16.4:   bridge window [mem 0xcb500000-0xcb5fffff]
[    0.424485] pci 0000:00:16.4:   bridge window [mem 0xd9b00000-0xd9bfffff 64bit pref]
[    0.424511] pci 0000:00:16.5: PCI bridge to [bus 10-10]
[    0.424538] pci 0000:00:16.5:   bridge window [mem 0xcb900000-0xcb9fffff]
[    0.424564] pci 0000:00:16.5:   bridge window [mem 0xd9f00000-0xd9ffffff 64bit pref]
[    0.424590] pci 0000:00:16.6: PCI bridge to [bus 11-11]
[    0.424616] pci 0000:00:16.6:   bridge window [mem 0xcbd00000-0xcbdfffff]
[    0.424643] pci 0000:00:16.6:   bridge window [mem 0xda300000-0xda3fffff 64bit pref]
[    0.424669] pci 0000:00:16.7: PCI bridge to [bus 12-12]
[    0.424695] pci 0000:00:16.7:   bridge window [mem 0xcc100000-0xcc1fffff]
[    0.424721] pci 0000:00:16.7:   bridge window [mem 0xda700000-0xda7fffff 64bit pref]
[    0.424748] pci 0000:00:17.0: PCI bridge to [bus 13-13]
[    0.424764] pci 0000:00:17.0:   bridge window [io  0x6000-0x6fff]
[    0.424790] pci 0000:00:17.0:   bridge window [mem 0xca600000-0xca6fffff]
[    0.424816] pci 0000:00:17.0:   bridge window [mem 0xd8c00000-0xd8cfffff 64bit pref]
[    0.424842] pci 0000:00:17.1: PCI bridge to [bus 14-14]
[    0.424858] pci 0000:00:17.1:   bridge window [io  0xa000-0xafff]
[    0.424884] pci 0000:00:17.1:   bridge window [mem 0xcaa00000-0xcaafffff]
[    0.424910] pci 0000:00:17.1:   bridge window [mem 0xd9000000-0xd90fffff 64bit pref]
[    0.424937] pci 0000:00:17.2: PCI bridge to [bus 15-15]
[    0.424953] pci 0000:00:17.2:   bridge window [io  0xe000-0xefff]
[    0.424979] pci 0000:00:17.2:   bridge window [mem 0xcae00000-0xcaefffff]
[    0.425005] pci 0000:00:17.2:   bridge window [mem 0xd9400000-0xd94fffff 64bit pref]
[    0.425032] pci 0000:00:17.3: PCI bridge to [bus 16-16]
[    0.425058] pci 0000:00:17.3:   bridge window [mem 0xcb200000-0xcb2fffff]
[    0.425084] pci 0000:00:17.3:   bridge window [mem 0xd9800000-0xd98fffff 64bit pref]
[    0.425110] pci 0000:00:17.4: PCI bridge to [bus 17-17]
[    0.425137] pci 0000:00:17.4:   bridge window [mem 0xcb600000-0xcb6fffff]
[    0.425163] pci 0000:00:17.4:   bridge window [mem 0xd9c00000-0xd9cfffff 64bit pref]
[    0.425189] pci 0000:00:17.5: PCI bridge to [bus 18-18]
[    0.425215] pci 0000:00:17.5:   bridge window [mem 0xcba00000-0xcbafffff]
[    0.425241] pci 0000:00:17.5:   bridge window [mem 0xda000000-0xda0fffff 64bit pref]
[    0.425268] pci 0000:00:17.6: PCI bridge to [bus 19-19]
[    0.425294] pci 0000:00:17.6:   bridge window [mem 0xcbe00000-0xcbefffff]
[    0.425320] pci 0000:00:17.6:   bridge window [mem 0xda400000-0xda4fffff 64bit pref]
[    0.425347] pci 0000:00:17.7: PCI bridge to [bus 1a-1a]
[    0.425373] pci 0000:00:17.7:   bridge window [mem 0xcc200000-0xcc2fffff]
[    0.425399] pci 0000:00:17.7:   bridge window [mem 0xda800000-0xda8fffff 64bit pref]
[    0.425425] pci 0000:00:18.0: PCI bridge to [bus 1b-1b]
[    0.425441] pci 0000:00:18.0:   bridge window [io  0x7000-0x7fff]
[    0.425467] pci 0000:00:18.0:   bridge window [mem 0xca700000-0xca7fffff]
[    0.425494] pci 0000:00:18.0:   bridge window [mem 0xd8d00000-0xd8dfffff 64bit pref]
[    0.425520] pci 0000:00:18.1: PCI bridge to [bus 1c-1c]
[    0.425536] pci 0000:00:18.1:   bridge window [io  0xb000-0xbfff]
[    0.425562] pci 0000:00:18.1:   bridge window [mem 0xcab00000-0xcabfffff]
[    0.425589] pci 0000:00:18.1:   bridge window [mem 0xd9100000-0xd91fffff 64bit pref]
[    0.425615] pci 0000:00:18.2: PCI bridge to [bus 1d-1d]
[    0.425641] pci 0000:00:18.2:   bridge window [mem 0xcaf00000-0xcaffffff]
[    0.425667] pci 0000:00:18.2:   bridge window [mem 0xd9500000-0xd95fffff 64bit pref]
[    0.425694] pci 0000:00:18.3: PCI bridge to [bus 1e-1e]
[    0.425720] pci 0000:00:18.3:   bridge window [mem 0xcb300000-0xcb3fffff]
[    0.425746] pci 0000:00:18.3:   bridge window [mem 0xd9900000-0xd99fffff 64bit pref]
[    0.425772] pci 0000:00:18.4: PCI bridge to [bus 1f-1f]
[    0.425799] pci 0000:00:18.4:   bridge window [mem 0xcb700000-0xcb7fffff]
[    0.425825] pci 0000:00:18.4:   bridge window [mem 0xd9d00000-0xd9dfffff 64bit pref]
[    0.425851] pci 0000:00:18.5: PCI bridge to [bus 20-20]
[    0.425878] pci 0000:00:18.5:   bridge window [mem 0xcbb00000-0xcbbfffff]
[    0.425904] pci 0000:00:18.5:   bridge window [mem 0xda100000-0xda1fffff 64bit pref]
[    0.425930] pci 0000:00:18.6: PCI bridge to [bus 21-21]
[    0.425956] pci 0000:00:18.6:   bridge window [mem 0xcbf00000-0xcbffffff]
[    0.425983] pci 0000:00:18.6:   bridge window [mem 0xda500000-0xda5fffff 64bit pref]
[    0.426009] pci 0000:00:18.7: PCI bridge to [bus 22-22]
[    0.426035] pci 0000:00:18.7:   bridge window [mem 0xcc300000-0xcc3fffff]
[    0.426061] pci 0000:00:18.7:   bridge window [mem 0xda900000-0xda9fffff 64bit pref]
[    0.426088] pci 0000:00:01.0: setting latency timer to 64
[    0.426114] pci 0000:00:15.0: setting latency timer to 64
[    0.426140] pci 0000:00:15.1: setting latency timer to 64
[    0.426166] pci 0000:00:15.2: setting latency timer to 64
[    0.426193] pci 0000:00:15.3: setting latency timer to 64
[    0.426219] pci 0000:00:15.4: setting latency timer to 64
[    0.426245] pci 0000:00:15.5: setting latency timer to 64
[    0.426272] pci 0000:00:15.6: setting latency timer to 64
[    0.426298] pci 0000:00:15.7: setting latency timer to 64
[    0.426324] pci 0000:00:16.0: setting latency timer to 64
[    0.426350] pci 0000:00:16.1: setting latency timer to 64
[    0.426377] pci 0000:00:16.2: setting latency timer to 64
[    0.426403] pci 0000:00:16.3: setting latency timer to 64
[    0.426429] pci 0000:00:16.4: setting latency timer to 64
[    0.426455] pci 0000:00:16.5: setting latency timer to 64
[    0.426482] pci 0000:00:16.6: setting latency timer to 64
[    0.426508] pci 0000:00:16.7: setting latency timer to 64
[    0.426534] pci 0000:00:17.0: setting latency timer to 64
[    0.426560] pci 0000:00:17.1: setting latency timer to 64
[    0.426587] pci 0000:00:17.2: setting latency timer to 64
[    0.426613] pci 0000:00:17.3: setting latency timer to 64
[    0.426639] pci 0000:00:17.4: setting latency timer to 64
[    0.426666] pci 0000:00:17.5: setting latency timer to 64
[    0.426692] pci 0000:00:17.6: setting latency timer to 64
[    0.426718] pci 0000:00:17.7: setting latency timer to 64
[    0.426744] pci 0000:00:18.0: setting latency timer to 64
[    0.426771] pci 0000:00:18.1: setting latency timer to 64
[    0.426797] pci 0000:00:18.2: setting latency timer to 64
[    0.426823] pci 0000:00:18.3: setting latency timer to 64
[    0.426849] pci 0000:00:18.4: setting latency timer to 64
[    0.426876] pci 0000:00:18.5: setting latency timer to 64
[    0.426902] pci 0000:00:18.6: setting latency timer to 64
[    0.426928] pci 0000:00:18.7: setting latency timer to 64
[    0.426944] pci_bus 0000:00: resource 4 [mem 0x000a0000-0x000bffff]
[    0.426947] pci_bus 0000:00: resource 5 [mem 0x000cc000-0x000cffff]
[    0.426950] pci_bus 0000:00: resource 6 [mem 0x000d0000-0x000d3fff]
[    0.426953] pci_bus 0000:00: resource 7 [mem 0x000d4000-0x000d7fff]
[    0.426956] pci_bus 0000:00: resource 8 [mem 0x000d8000-0x000dbfff]
[    0.426959] pci_bus 0000:00: resource 9 [mem 0xc0000000-0xfebfffff]
[    0.426962] pci_bus 0000:00: resource 10 [io  0x0000-0x0cf7]
[    0.426964] pci_bus 0000:00: resource 11 [io  0x0d00-0xfeff]
[    0.426968] pci_bus 0000:02: resource 0 [io  0x2000-0x3fff]
[    0.426970] pci_bus 0000:02: resource 1 [mem 0xc9000000-0xca3fffff]
[    0.426973] pci_bus 0000:02: resource 2 [mem 0xd8400000-0xd89fffff 64bit pref]
[    0.426976] pci_bus 0000:02: resource 4 [mem 0x000a0000-0x000bffff]
[    0.426979] pci_bus 0000:02: resource 5 [mem 0x000cc000-0x000cffff]
[    0.426982] pci_bus 0000:02: resource 6 [mem 0x000d0000-0x000d3fff]
[    0.426985] pci_bus 0000:02: resource 7 [mem 0x000d4000-0x000d7fff]
[    0.426988] pci_bus 0000:02: resource 8 [mem 0x000d8000-0x000dbfff]
[    0.426991] pci_bus 0000:02: resource 9 [mem 0xc0000000-0xfebfffff]
[    0.426993] pci_bus 0000:02: resource 10 [io  0x0000-0x0cf7]
[    0.426996] pci_bus 0000:02: resource 11 [io  0x0d00-0xfeff]
[    0.426999] pci_bus 0000:03: resource 0 [io  0x4000-0x4fff]
[    0.427002] pci_bus 0000:03: resource 1 [mem 0xca400000-0xca4fffff]
[    0.427005] pci_bus 0000:03: resource 2 [mem 0xd8a00000-0xd8afffff 64bit pref]
[    0.427008] pci_bus 0000:04: resource 0 [io  0x8000-0x8fff]
[    0.427011] pci_bus 0000:04: resource 1 [mem 0xca800000-0xca8fffff]
[    0.427014] pci_bus 0000:04: resource 2 [mem 0xd8e00000-0xd8efffff 64bit pref]
[    0.427017] pci_bus 0000:05: resource 0 [io  0xc000-0xcfff]
[    0.427020] pci_bus 0000:05: resource 1 [mem 0xcac00000-0xcacfffff]
[    0.427022] pci_bus 0000:05: resource 2 [mem 0xd9200000-0xd92fffff 64bit pref]
[    0.427026] pci_bus 0000:06: resource 1 [mem 0xcb000000-0xcb0fffff]
[    0.427029] pci_bus 0000:06: resource 2 [mem 0xd9600000-0xd96fffff 64bit pref]
[    0.427032] pci_bus 0000:07: resource 1 [mem 0xcb400000-0xcb4fffff]
[    0.427035] pci_bus 0000:07: resource 2 [mem 0xd9a00000-0xd9afffff 64bit pref]
[    0.427038] pci_bus 0000:08: resource 1 [mem 0xcb800000-0xcb8fffff]
[    0.427041] pci_bus 0000:08: resource 2 [mem 0xd9e00000-0xd9efffff 64bit pref]
[    0.427044] pci_bus 0000:09: resource 1 [mem 0xcbc00000-0xcbcfffff]
[    0.427047] pci_bus 0000:09: resource 2 [mem 0xda200000-0xda2fffff 64bit pref]
[    0.427050] pci_bus 0000:0a: resource 1 [mem 0xcc000000-0xcc0fffff]
[    0.427053] pci_bus 0000:0a: resource 2 [mem 0xda600000-0xda6fffff 64bit pref]
[    0.427056] pci_bus 0000:0b: resource 0 [io  0x5000-0x5fff]
[    0.427059] pci_bus 0000:0b: resource 1 [mem 0xca500000-0xca5fffff]
[    0.427062] pci_bus 0000:0b: resource 2 [mem 0xd8b00000-0xd8bfffff 64bit pref]
[    0.427065] pci_bus 0000:0c: resource 0 [io  0x9000-0x9fff]
[    0.427067] pci_bus 0000:0c: resource 1 [mem 0xca900000-0xca9fffff]
[    0.427070] pci_bus 0000:0c: resource 2 [mem 0xd8f00000-0xd8ffffff 64bit pref]
[    0.427073] pci_bus 0000:0d: resource 0 [io  0xd000-0xdfff]
[    0.427076] pci_bus 0000:0d: resource 1 [mem 0xcad00000-0xcadfffff]
[    0.427079] pci_bus 0000:0d: resource 2 [mem 0xd9300000-0xd93fffff 64bit pref]
[    0.427082] pci_bus 0000:0e: resource 1 [mem 0xcb100000-0xcb1fffff]
[    0.427085] pci_bus 0000:0e: resource 2 [mem 0xd9700000-0xd97fffff 64bit pref]
[    0.427088] pci_bus 0000:0f: resource 1 [mem 0xcb500000-0xcb5fffff]
[    0.427091] pci_bus 0000:0f: resource 2 [mem 0xd9b00000-0xd9bfffff 64bit pref]
[    0.427094] pci_bus 0000:10: resource 1 [mem 0xcb900000-0xcb9fffff]
[    0.427097] pci_bus 0000:10: resource 2 [mem 0xd9f00000-0xd9ffffff 64bit pref]
[    0.427100] pci_bus 0000:11: resource 1 [mem 0xcbd00000-0xcbdfffff]
[    0.427103] pci_bus 0000:11: resource 2 [mem 0xda300000-0xda3fffff 64bit pref]
[    0.427106] pci_bus 0000:12: resource 1 [mem 0xcc100000-0xcc1fffff]
[    0.427109] pci_bus 0000:12: resource 2 [mem 0xda700000-0xda7fffff 64bit pref]
[    0.427112] pci_bus 0000:13: resource 0 [io  0x6000-0x6fff]
[    0.427112] pci_bus 0000:13: resource 1 [mem 0xca600000-0xca6fffff]
[    0.427112] pci_bus 0000:13: resource 2 [mem 0xd8c00000-0xd8cfffff 64bit pref]
[    0.427112] pci_bus 0000:14: resource 0 [io  0xa000-0xafff]
[    0.427112] pci_bus 0000:14: resource 1 [mem 0xcaa00000-0xcaafffff]
[    0.427112] pci_bus 0000:14: resource 2 [mem 0xd9000000-0xd90fffff 64bit pref]
[    0.427112] pci_bus 0000:15: resource 0 [io  0xe000-0xefff]
[    0.427112] pci_bus 0000:15: resource 1 [mem 0xcae00000-0xcaefffff]
[    0.427112] pci_bus 0000:15: resource 2 [mem 0xd9400000-0xd94fffff 64bit pref]
[    0.427112] pci_bus 0000:16: resource 1 [mem 0xcb200000-0xcb2fffff]
[    0.427112] pci_bus 0000:16: resource 2 [mem 0xd9800000-0xd98fffff 64bit pref]
[    0.427112] pci_bus 0000:17: resource 1 [mem 0xcb600000-0xcb6fffff]
[    0.427112] pci_bus 0000:17: resource 2 [mem 0xd9c00000-0xd9cfffff 64bit pref]
[    0.427113] pci_bus 0000:18: resource 1 [mem 0xcba00000-0xcbafffff]
[    0.427113] pci_bus 0000:18: resource 2 [mem 0xda000000-0xda0fffff 64bit pref]
[    0.427113] pci_bus 0000:19: resource 1 [mem 0xcbe00000-0xcbefffff]
[    0.427113] pci_bus 0000:19: resource 2 [mem 0xda400000-0xda4fffff 64bit pref]
[    0.427113] pci_bus 0000:1a: resource 1 [mem 0xcc200000-0xcc2fffff]
[    0.427113] pci_bus 0000:1a: resource 2 [mem 0xda800000-0xda8fffff 64bit pref]
[    0.427113] pci_bus 0000:1b: resource 0 [io  0x7000-0x7fff]
[    0.427113] pci_bus 0000:1b: resource 1 [mem 0xca700000-0xca7fffff]
[    0.427113] pci_bus 0000:1b: resource 2 [mem 0xd8d00000-0xd8dfffff 64bit pref]
[    0.427113] pci_bus 0000:1c: resource 0 [io  0xb000-0xbfff]
[    0.427113] pci_bus 0000:1c: resource 1 [mem 0xcab00000-0xcabfffff]
[    0.427113] pci_bus 0000:1c: resource 2 [mem 0xd9100000-0xd91fffff 64bit pref]
[    0.427113] pci_bus 0000:1d: resource 1 [mem 0xcaf00000-0xcaffffff]
[    0.427113] pci_bus 0000:1d: resource 2 [mem 0xd9500000-0xd95fffff 64bit pref]
[    0.427113] pci_bus 0000:1e: resource 1 [mem 0xcb300000-0xcb3fffff]
[    0.427113] pci_bus 0000:1e: resource 2 [mem 0xd9900000-0xd99fffff 64bit pref]
[    0.427113] pci_bus 0000:1f: resource 1 [mem 0xcb700000-0xcb7fffff]
[    0.427113] pci_bus 0000:1f: resource 2 [mem 0xd9d00000-0xd9dfffff 64bit pref]
[    0.427113] pci_bus 0000:20: resource 1 [mem 0xcbb00000-0xcbbfffff]
[    0.427113] pci_bus 0000:20: resource 2 [mem 0xda100000-0xda1fffff 64bit pref]
[    0.427113] pci_bus 0000:21: resource 1 [mem 0xcbf00000-0xcbffffff]
[    0.427113] pci_bus 0000:21: resource 2 [mem 0xda500000-0xda5fffff 64bit pref]
[    0.427113] pci_bus 0000:22: resource 1 [mem 0xcc300000-0xcc3fffff]
[    0.427113] pci_bus 0000:22: resource 2 [mem 0xda900000-0xda9fffff 64bit pref]
[    0.427158] NET: Registered protocol family 2
[    0.427184] IP route cache hash table entries: 32768 (order: 5, 131072 bytes)
[    0.427210] TCP established hash table entries: 131072 (order: 8, 1048576 bytes)
[    0.427237] TCP bind hash table entries: 65536 (order: 7, 524288 bytes)
[    0.427263] TCP: Hash tables configured (established 131072 bind 65536)
[    0.427266] TCP reno registered
[    0.427269] UDP hash table entries: 512 (order: 2, 16384 bytes)
[    0.427276] UDP-Lite hash table entries: 512 (order: 2, 16384 bytes)
[    0.427302] NET: Registered protocol family 1
[    0.427311] pci 0000:00:00.0: Limiting direct PCI/PCI transfers
[    0.427338] pci 0000:00:0f.0: Boot video device
[    0.427364] ACPI: PCI Interrupt Link [LNKC] enabled at IRQ 10
[    0.427368] PCI: setting IRQ 10 as level-triggered
[    0.427377] pci 0000:02:00.0: PCI INT A -> Link[LNKC] -> GSI 10 (level, low) -> IRQ 10
[    0.427435] pci 0000:02:00.0: PCI INT A disabled
[    0.427461] ACPI: PCI Interrupt Link [LNKB] enabled at IRQ 11
[    0.427464] PCI: setting IRQ 11 as level-triggered
[    0.427468] pci 0000:02:03.0: PCI INT A -> Link[LNKB] -> GSI 11 (level, low) -> IRQ 11
[    0.427494] pci 0000:02:03.0: PCI INT A disabled
[    0.427507] PCI: CLS 32 bytes, default 64
[    0.427549] Simple Boot Flag at 0x36 set to 0x1
[    0.427554] Switching to clocksource tsc
[    0.427705] audit: initializing netlink socket (disabled)
[    0.427712] type=2000 audit(1369635709.408:1): initialized
[    0.439192] Trying to unpack rootfs image as initramfs...
[    0.455250] highmem bounce pool size: 64 pages
[    0.455256] HugeTLB registered 2 MB page size, pre-allocated 0 pages
[    0.459302] VFS: Disk quotas dquot_6.5.2
[    0.459328] Dquot-cache hash table entries: 1024 (order 0, 4096 bytes)
[    0.463164] fuse init (API version 7.17)
[    0.463213] msgmni has been set to 1710
[    0.475167] Block layer SCSI generic (bsg) driver version 0.4 loaded (major 253)
[    0.475197] io scheduler noop registered
[    0.475199] io scheduler deadline registered
[    0.475206] io scheduler cfq registered (default)
[    0.475233] pcieport 0000:00:15.0: setting latency timer to 64
[    0.475259] pcieport 0000:00:15.0: irq 40 for MSI/MSI-X
[    0.475285] pcieport 0000:00:15.1: setting latency timer to 64
[    0.475311] pcieport 0000:00:15.1: irq 41 for MSI/MSI-X
[    0.475338] pcieport 0000:00:15.2: setting latency timer to 64
[    0.475364] pcieport 0000:00:15.2: irq 42 for MSI/MSI-X
[    0.475390] pcieport 0000:00:15.3: setting latency timer to 64
[    0.475416] pcieport 0000:00:15.3: irq 43 for MSI/MSI-X
[    0.475443] pcieport 0000:00:15.4: setting latency timer to 64
[    0.475469] pcieport 0000:00:15.4: irq 44 for MSI/MSI-X
[    0.475495] pcieport 0000:00:15.5: setting latency timer to 64
[    0.475521] pcieport 0000:00:15.5: irq 45 for MSI/MSI-X
[    0.475548] pcieport 0000:00:15.6: setting latency timer to 64
[    0.475574] pcieport 0000:00:15.6: irq 46 for MSI/MSI-X
[    0.475600] pcieport 0000:00:15.7: setting latency timer to 64
[    0.475627] pcieport 0000:00:15.7: irq 47 for MSI/MSI-X
[    0.475653] pcieport 0000:00:16.0: setting latency timer to 64
[    0.475679] pcieport 0000:00:16.0: irq 48 for MSI/MSI-X
[    0.475705] pcieport 0000:00:16.1: setting latency timer to 64
[    0.475732] pcieport 0000:00:16.1: irq 49 for MSI/MSI-X
[    0.475758] pcieport 0000:00:16.2: setting latency timer to 64
[    0.475784] pcieport 0000:00:16.2: irq 50 for MSI/MSI-X
[    0.475810] pcieport 0000:00:16.3: setting latency timer to 64
[    0.475837] pcieport 0000:00:16.3: irq 51 for MSI/MSI-X
[    0.475863] pcieport 0000:00:16.4: setting latency timer to 64
[    0.475889] pcieport 0000:00:16.4: irq 52 for MSI/MSI-X
[    0.475915] pcieport 0000:00:16.5: setting latency timer to 64
[    0.475942] pcieport 0000:00:16.5: irq 53 for MSI/MSI-X
[    0.475968] pcieport 0000:00:16.6: setting latency timer to 64
[    0.475994] pcieport 0000:00:16.6: irq 54 for MSI/MSI-X
[    0.476021] pcieport 0000:00:16.7: setting latency timer to 64
[    0.476047] pcieport 0000:00:16.7: irq 55 for MSI/MSI-X
[    0.476073] pcieport 0000:00:17.0: setting latency timer to 64
[    0.476099] pcieport 0000:00:17.0: irq 56 for MSI/MSI-X
[    0.476126] pcieport 0000:00:17.1: setting latency timer to 64
[    0.476152] pcieport 0000:00:17.1: irq 57 for MSI/MSI-X
[    0.476178] pcieport 0000:00:17.2: setting latency timer to 64
[    0.476204] pcieport 0000:00:17.2: irq 58 for MSI/MSI-X
[    0.476231] pcieport 0000:00:17.3: setting latency timer to 64
[    0.476257] pcieport 0000:00:17.3: irq 59 for MSI/MSI-X
[    0.476283] pcieport 0000:00:17.4: setting latency timer to 64
[    0.476309] pcieport 0000:00:17.4: irq 60 for MSI/MSI-X
[    0.476336] pcieport 0000:00:17.5: setting latency timer to 64
[    0.476388] pcieport 0000:00:17.5: irq 61 for MSI/MSI-X
[    0.476415] pcieport 0000:00:17.6: setting latency timer to 64
[    0.476441] pcieport 0000:00:17.6: irq 62 for MSI/MSI-X
[    0.476467] pcieport 0000:00:17.7: setting latency timer to 64
[    0.476493] pcieport 0000:00:17.7: irq 63 for MSI/MSI-X
[    0.476520] pcieport 0000:00:18.0: setting latency timer to 64
[    0.476546] pcieport 0000:00:18.0: irq 64 for MSI/MSI-X
[    0.476572] pcieport 0000:00:18.1: setting latency timer to 64
[    0.476598] pcieport 0000:00:18.1: irq 65 for MSI/MSI-X
[    0.476625] pcieport 0000:00:18.2: setting latency timer to 64
[    0.476651] pcieport 0000:00:18.2: irq 66 for MSI/MSI-X
[    0.476677] pcieport 0000:00:18.3: setting latency timer to 64
[    0.476703] pcieport 0000:00:18.3: irq 67 for MSI/MSI-X
[    0.476730] pcieport 0000:00:18.4: setting latency timer to 64
[    0.476756] pcieport 0000:00:18.4: irq 68 for MSI/MSI-X
[    0.476782] pcieport 0000:00:18.5: setting latency timer to 64
[    0.476809] pcieport 0000:00:18.5: irq 69 for MSI/MSI-X
[    0.476835] pcieport 0000:00:18.6: setting latency timer to 64
[    0.476861] pcieport 0000:00:18.6: irq 70 for MSI/MSI-X
[    0.476887] pcieport 0000:00:18.7: setting latency timer to 64
[    0.476914] pcieport 0000:00:18.7: irq 71 for MSI/MSI-X
[    0.476940] pcieport 0000:00:15.0: Signaling PME through PCIe PME interrupt
[    0.476963] pcie_pme 0000:00:15.0:pcie01: service driver pcie_pme loaded
[    0.476990] pcieport 0000:00:15.1: Signaling PME through PCIe PME interrupt
[    0.477013] pcie_pme 0000:00:15.1:pcie01: service driver pcie_pme loaded
[    0.477039] pcieport 0000:00:15.2: Signaling PME through PCIe PME interrupt
[    0.477062] pcie_pme 0000:00:15.2:pcie01: service driver pcie_pme loaded
[    0.477088] pcieport 0000:00:15.3: Signaling PME through PCIe PME interrupt
[    0.477112] pcie_pme 0000:00:15.3:pcie01: service driver pcie_pme loaded
[    0.477138] pcieport 0000:00:15.4: Signaling PME through PCIe PME interrupt
[    0.477160] pcie_pme 0000:00:15.4:pcie01: service driver pcie_pme loaded
[    0.477187] pcieport 0000:00:15.5: Signaling PME through PCIe PME interrupt
[    0.477210] pcie_pme 0000:00:15.5:pcie01: service driver pcie_pme loaded
[    0.477236] pcieport 0000:00:15.6: Signaling PME through PCIe PME interrupt
[    0.477259] pcie_pme 0000:00:15.6:pcie01: service driver pcie_pme loaded
[    0.477285] pcieport 0000:00:15.7: Signaling PME through PCIe PME interrupt
[    0.477308] pcie_pme 0000:00:15.7:pcie01: service driver pcie_pme loaded
[    0.477334] pcieport 0000:00:16.0: Signaling PME through PCIe PME interrupt
[    0.477357] pcie_pme 0000:00:16.0:pcie01: service driver pcie_pme loaded
[    0.477384] pcieport 0000:00:16.1: Signaling PME through PCIe PME interrupt
[    0.477406] pcie_pme 0000:00:16.1:pcie01: service driver pcie_pme loaded
[    0.477433] pcieport 0000:00:16.2: Signaling PME through PCIe PME interrupt
[    0.477455] pcie_pme 0000:00:16.2:pcie01: service driver pcie_pme loaded
[    0.477482] pcieport 0000:00:16.3: Signaling PME through PCIe PME interrupt
[    0.477508] pcie_pme 0000:00:16.3:pcie01: service driver pcie_pme loaded
[    0.477534] pcieport 0000:00:16.4: Signaling PME through PCIe PME interrupt
[    0.477558] pcie_pme 0000:00:16.4:pcie01: service driver pcie_pme loaded
[    0.477584] pcieport 0000:00:16.5: Signaling PME through PCIe PME interrupt
[    0.477607] pcie_pme 0000:00:16.5:pcie01: service driver pcie_pme loaded
[    0.477633] pcieport 0000:00:16.6: Signaling PME through PCIe PME interrupt
[    0.477656] pcie_pme 0000:00:16.6:pcie01: service driver pcie_pme loaded
[    0.477682] pcieport 0000:00:16.7: Signaling PME through PCIe PME interrupt
[    0.477705] pcie_pme 0000:00:16.7:pcie01: service driver pcie_pme loaded
[    0.477731] pcieport 0000:00:17.0: Signaling PME through PCIe PME interrupt
[    0.477754] pcie_pme 0000:00:17.0:pcie01: service driver pcie_pme loaded
[    0.477781] pcieport 0000:00:17.1: Signaling PME through PCIe PME interrupt
[    0.477803] pcie_pme 0000:00:17.1:pcie01: service driver pcie_pme loaded
[    0.477830] pcieport 0000:00:17.2: Signaling PME through PCIe PME interrupt
[    0.477852] pcie_pme 0000:00:17.2:pcie01: service driver pcie_pme loaded
[    0.477879] pcieport 0000:00:17.3: Signaling PME through PCIe PME interrupt
[    0.477901] pcie_pme 0000:00:17.3:pcie01: service driver pcie_pme loaded
[    0.477928] pcieport 0000:00:17.4: Signaling PME through PCIe PME interrupt
[    0.477951] pcie_pme 0000:00:17.4:pcie01: service driver pcie_pme loaded
[    0.477977] pcieport 0000:00:17.5: Signaling PME through PCIe PME interrupt
[    0.478000] pcie_pme 0000:00:17.5:pcie01: service driver pcie_pme loaded
[    0.478026] pcieport 0000:00:17.6: Signaling PME through PCIe PME interrupt
[    0.478049] pcie_pme 0000:00:17.6:pcie01: service driver pcie_pme loaded
[    0.478076] pcieport 0000:00:17.7: Signaling PME through PCIe PME interrupt
[    0.478099] pcie_pme 0000:00:17.7:pcie01: service driver pcie_pme loaded
[    0.478125] pcieport 0000:00:18.0: Signaling PME through PCIe PME interrupt
[    0.478148] pcie_pme 0000:00:18.0:pcie01: service driver pcie_pme loaded
[    0.478174] pcieport 0000:00:18.1: Signaling PME through PCIe PME interrupt
[    0.478201] pcie_pme 0000:00:18.1:pcie01: service driver pcie_pme loaded
[    0.478227] pcieport 0000:00:18.2: Signaling PME through PCIe PME interrupt
[    0.478250] pcie_pme 0000:00:18.2:pcie01: service driver pcie_pme loaded
[    0.478276] pcieport 0000:00:18.3: Signaling PME through PCIe PME interrupt
[    0.478299] pcie_pme 0000:00:18.3:pcie01: service driver pcie_pme loaded
[    0.478325] pcieport 0000:00:18.4: Signaling PME through PCIe PME interrupt
[    0.478348] pcie_pme 0000:00:18.4:pcie01: service driver pcie_pme loaded
[    0.478374] pcieport 0000:00:18.5: Signaling PME through PCIe PME interrupt
[    0.478397] pcie_pme 0000:00:18.5:pcie01: service driver pcie_pme loaded
[    0.478424] pcieport 0000:00:18.6: Signaling PME through PCIe PME interrupt
[    0.478446] pcie_pme 0000:00:18.6:pcie01: service driver pcie_pme loaded
[    0.478473] pcieport 0000:00:18.7: Signaling PME through PCIe PME interrupt
[    0.478495] pcie_pme 0000:00:18.7:pcie01: service driver pcie_pme loaded
[    0.478519] pci_hotplug: PCI Hot Plug PCI Core version: 0.5
[    0.483111] pciehp 0000:00:15.0:pcie04: HPC vendor_id 15ad device_id 7a0 ss_vid 15ad ss_did 7a0
[    0.483137] pciehp 0000:00:15.0:pcie04: service driver pciehp loaded
[    0.483163] pciehp 0000:00:15.1:pcie04: HPC vendor_id 15ad device_id 7a0 ss_vid 15ad ss_did 7a0
[    0.483190] pciehp 0000:00:15.1:pcie04: service driver pciehp loaded
[    0.483216] pciehp 0000:00:15.2:pcie04: HPC vendor_id 15ad device_id 7a0 ss_vid 15ad ss_did 7a0
[    0.483242] pciehp 0000:00:15.2:pcie04: service driver pciehp loaded
[    0.483268] pciehp 0000:00:15.3:pcie04: HPC vendor_id 15ad device_id 7a0 ss_vid 15ad ss_did 7a0
[    0.483295] pciehp 0000:00:15.3:pcie04: service driver pciehp loaded
[    0.483321] pciehp 0000:00:15.4:pcie04: HPC vendor_id 15ad device_id 7a0 ss_vid 15ad ss_did 7a0
[    0.483347] pciehp 0000:00:15.4:pcie04: service driver pciehp loaded
[    0.483374] pciehp 0000:00:15.5:pcie04: HPC vendor_id 15ad device_id 7a0 ss_vid 15ad ss_did 7a0
[    0.483400] pciehp 0000:00:15.5:pcie04: service driver pciehp loaded
[    0.483426] pciehp 0000:00:15.6:pcie04: HPC vendor_id 15ad device_id 7a0 ss_vid 15ad ss_did 7a0
[    0.483452] pciehp 0000:00:15.6:pcie04: service driver pciehp loaded
[    0.483479] pciehp 0000:00:15.7:pcie04: HPC vendor_id 15ad device_id 7a0 ss_vid 15ad ss_did 7a0
[    0.483505] pciehp 0000:00:15.7:pcie04: service driver pciehp loaded
[    0.483531] pciehp 0000:00:16.0:pcie04: HPC vendor_id 15ad device_id 7a0 ss_vid 15ad ss_did 7a0
[    0.483557] pciehp 0000:00:16.0:pcie04: service driver pciehp loaded
[    0.483584] pciehp 0000:00:16.1:pcie04: HPC vendor_id 15ad device_id 7a0 ss_vid 15ad ss_did 7a0
[    0.483610] pciehp 0000:00:16.1:pcie04: service driver pciehp loaded
[    0.483636] pciehp 0000:00:16.2:pcie04: HPC vendor_id 15ad device_id 7a0 ss_vid 15ad ss_did 7a0
[    0.483662] pciehp 0000:00:16.2:pcie04: service driver pciehp loaded
[    0.483689] pciehp 0000:00:16.3:pcie04: HPC vendor_id 15ad device_id 7a0 ss_vid 15ad ss_did 7a0
[    0.483715] pciehp 0000:00:16.3:pcie04: service driver pciehp loaded
[    0.483741] pciehp 0000:00:16.4:pcie04: HPC vendor_id 15ad device_id 7a0 ss_vid 15ad ss_did 7a0
[    0.483768] pciehp 0000:00:16.4:pcie04: service driver pciehp loaded
[    0.483794] pciehp 0000:00:16.5:pcie04: HPC vendor_id 15ad device_id 7a0 ss_vid 15ad ss_did 7a0
[    0.483820] pciehp 0000:00:16.5:pcie04: service driver pciehp loaded
[    0.483846] pciehp 0000:00:16.6:pcie04: HPC vendor_id 15ad device_id 7a0 ss_vid 15ad ss_did 7a0
[    0.483873] pciehp 0000:00:16.6:pcie04: service driver pciehp loaded
[    0.483899] pciehp 0000:00:16.7:pcie04: HPC vendor_id 15ad device_id 7a0 ss_vid 15ad ss_did 7a0
[    0.483925] pciehp 0000:00:16.7:pcie04: service driver pciehp loaded
[    0.483951] pciehp 0000:00:17.0:pcie04: HPC vendor_id 15ad device_id 7a0 ss_vid 15ad ss_did 7a0
[    0.483978] pciehp 0000:00:17.0:pcie04: service driver pciehp loaded
[    0.484004] pciehp 0000:00:17.1:pcie04: HPC vendor_id 15ad device_id 7a0 ss_vid 15ad ss_did 7a0
[    0.484030] pciehp 0000:00:17.1:pcie04: service driver pciehp loaded
[    0.484056] pciehp 0000:00:17.2:pcie04: HPC vendor_id 15ad device_id 7a0 ss_vid 15ad ss_did 7a0
[    0.484083] pciehp 0000:00:17.2:pcie04: service driver pciehp loaded
[    0.484109] pciehp 0000:00:17.3:pcie04: HPC vendor_id 15ad device_id 7a0 ss_vid 15ad ss_did 7a0
[    0.484135] pciehp 0000:00:17.3:pcie04: service driver pciehp loaded
[    0.484162] pciehp 0000:00:17.4:pcie04: HPC vendor_id 15ad device_id 7a0 ss_vid 15ad ss_did 7a0
[    0.484188] pciehp 0000:00:17.4:pcie04: service driver pciehp loaded
[    0.484214] pciehp 0000:00:17.5:pcie04: HPC vendor_id 15ad device_id 7a0 ss_vid 15ad ss_did 7a0
[    0.484240] pciehp 0000:00:17.5:pcie04: service driver pciehp loaded
[    0.484267] pciehp 0000:00:17.6:pcie04: HPC vendor_id 15ad device_id 7a0 ss_vid 15ad ss_did 7a0
[    0.484293] pciehp 0000:00:17.6:pcie04: service driver pciehp loaded
[    0.484319] pciehp 0000:00:17.7:pcie04: HPC vendor_id 15ad device_id 7a0 ss_vid 15ad ss_did 7a0
[    0.484345] pciehp 0000:00:17.7:pcie04: service driver pciehp loaded
[    0.484372] pciehp 0000:00:18.0:pcie04: HPC vendor_id 15ad device_id 7a0 ss_vid 15ad ss_did 7a0
[    0.484398] pciehp 0000:00:18.0:pcie04: service driver pciehp loaded
[    0.484424] pciehp 0000:00:18.1:pcie04: HPC vendor_id 15ad device_id 7a0 ss_vid 15ad ss_did 7a0
[    0.484450] pciehp 0000:00:18.1:pcie04: service driver pciehp loaded
[    0.484477] pciehp 0000:00:18.2:pcie04: HPC vendor_id 15ad device_id 7a0 ss_vid 15ad ss_did 7a0
[    0.484503] pciehp 0000:00:18.2:pcie04: service driver pciehp loaded
[    0.484529] pciehp 0000:00:18.3:pcie04: HPC vendor_id 15ad device_id 7a0 ss_vid 15ad ss_did 7a0
[    0.484556] pciehp 0000:00:18.3:pcie04: service driver pciehp loaded
[    0.484582] pciehp 0000:00:18.4:pcie04: HPC vendor_id 15ad device_id 7a0 ss_vid 15ad ss_did 7a0
[    0.484608] pciehp 0000:00:18.4:pcie04: service driver pciehp loaded
[    0.484634] pciehp 0000:00:18.5:pcie04: HPC vendor_id 15ad device_id 7a0 ss_vid 15ad ss_did 7a0
[    0.484661] pciehp 0000:00:18.5:pcie04: service driver pciehp loaded
[    0.484687] pciehp 0000:00:18.6:pcie04: HPC vendor_id 15ad device_id 7a0 ss_vid 15ad ss_did 7a0
[    0.484713] pciehp 0000:00:18.6:pcie04: service driver pciehp loaded
[    0.484739] pciehp 0000:00:18.7:pcie04: HPC vendor_id 15ad device_id 7a0 ss_vid 15ad ss_did 7a0
[    0.484766] pciehp 0000:00:18.7:pcie04: service driver pciehp loaded
[    0.484774] pciehp: PCI Express Hot Plug Controller Driver version: 0.4
[    0.484800] ACPI: Deprecated procfs I/F for AC is loaded, please retry with CONFIG_ACPI_PROCFS_POWER cleared
[    0.484831] ACPI: AC Adapter [ACAD] (on-line)
[    0.484895] input: Power Button as /devices/LNXSYSTM:00/LNXPWRBN:00/input/input0
[    0.484899] ACPI: Power Button [PWRF]
[    0.507070] ERST: Table is not found!
[    0.507073] GHES: HEST is not enabled!
[    0.507166] Serial: 8250/16550 driver, 32 ports, IRQ sharing enabled
[    0.530904] serial8250: ttyS0 at I/O 0x3f8 (irq = 4) is a 16550A
[    0.530961] isapnp: Scanning for PnP cards...
[    0.666822] serial8250: ttyS1 at I/O 0x2f8 (irq = 3) is a 16550A
[    0.710652] 00:0a: ttyS0 at I/O 0x3f8 (irq = 4) is a 16550A
[    0.798631] 00:0b: ttyS1 at I/O 0x2f8 (irq = 3) is a 16550A
[    0.818757] Linux agpgart interface v0.103
[    0.818783] agpgart-intel 0000:00:00.0: Intel 440BX Chipset
[    0.818845] agpgart-intel 0000:00:00.0: AGP aperture is 256M @ 0x0
[    0.819363] brd: module loaded
[    0.819640] loop: module loaded
[    0.819666] ata_piix 0000:00:07.1: version 2.13
[    0.819721] scsi0 : ata_piix
[    0.819764] scsi1 : ata_piix
[    0.819791] ata1: PATA max UDMA/33 cmd 0x1f0 ctl 0x3f6 bmdma 0x10c0 irq 14
[    0.819793] ata2: PATA max UDMA/33 cmd 0x170 ctl 0x376 bmdma 0x10c8 irq 15
[    0.819822] Fixed MDIO Bus: probed
[    0.819835] tun: Universal TUN/TAP device driver, 1.6
[    0.819837] tun: (C) 1999-2004 Max Krasnyansky <maxk@qualcomm.com>
[    0.819888] PPP generic driver version 2.4.2
[    0.819947] ehci_hcd: USB 2.0 'Enhanced' Host Controller (EHCI) Driver
[    0.819973] ehci_hcd 0000:02:03.0: PCI INT A -> Link[LNKB] -> GSI 11 (level, low) -> IRQ 11
[    0.820000] ehci_hcd 0000:02:03.0: EHCI Host Controller
[    0.820036] ehci_hcd 0000:02:03.0: new USB bus registered, assigned bus number 1
[    0.820062] ehci_hcd 0000:02:03.0: cache line size of 32 is not supported
[    0.820070] ehci_hcd 0000:02:03.0: irq 11, io mem 0xc9000000
[    0.830566] ehci_hcd 0000:02:03.0: USB 2.0 started, EHCI 1.00
[    0.830639] hub 1-0:1.0: USB hub found
[    0.830644] hub 1-0:1.0: 6 ports detected
[    0.830670] ohci_hcd: USB 1.1 'Open' Host Controller (OHCI) Driver
[    0.830683] uhci_hcd: USB Universal Host Controller Interface driver
[    0.830709] uhci_hcd 0000:02:00.0: PCI INT A -> Link[LNKC] -> GSI 10 (level, low) -> IRQ 10
[    0.830736] uhci_hcd 0000:02:00.0: UHCI Host Controller
[    0.830772] uhci_hcd 0000:02:00.0: new USB bus registered, assigned bus number 2
[    0.830829] uhci_hcd 0000:02:00.0: irq 10, io base 0x000020c0
[    0.830894] hub 2-0:1.0: USB hub found
[    0.830898] hub 2-0:1.0: 2 ports detected
[    0.830924] usbcore: registered new interface driver libusual
[    0.830950] i8042: PNP: PS/2 Controller [PNP0303:KBC,PNP0f13:MOUS] at 0x60,0x64 irq 1,12
[    0.831205] serio: i8042 KBD port at 0x60,0x64 irq 1
[    0.831212] serio: i8042 AUX port at 0x60,0x64 irq 12
[    0.831300] mousedev: PS/2 mouse device common for all mice
[    0.831484] rtc_cmos 00:04: rtc core: registered rtc_cmos as rtc0
[    0.831502] rtc0: alarms up to one month, y3k, 114 bytes nvram, hpet irqs
[    0.831528] device-mapper: uevent: version 1.0.3
[    0.831617] device-mapper: ioctl: 4.22.0-ioctl (2011-10-19) initialised: dm-devel@redhat.com
[    0.831644] EISA: Probing bus 0 at eisa.0
[    0.831647] EISA: Cannot allocate resource for mainboard
[    0.831649] Cannot allocate resource for EISA slot 1
[    0.831652] Cannot allocate resource for EISA slot 2
[    0.831654] Cannot allocate resource for EISA slot 3
[    0.831656] Cannot allocate resource for EISA slot 4
[    0.831658] Cannot allocate resource for EISA slot 5
[    0.831660] Cannot allocate resource for EISA slot 6
[    0.831663] Cannot allocate resource for EISA slot 7
[    0.831665] Cannot allocate resource for EISA slot 8
[    0.831667] EISA: Detected 0 cards.
[    0.831676] cpufreq-nforce2: No nForce2 chipset.
[    0.831679] cpuidle: using governor ladder
[    0.831681] cpuidle: using governor menu
[    0.831684] EFI Variables Facility v0.08 2004-May-17
[    0.831710] TCP cubic registered
[    0.831736] NET: Registered protocol family 10
[    0.831762] NET: Registered protocol family 17
[    0.831768] Registering the dns_resolver key type
[    0.831788] Using IPI No-Shortcut mode
[    0.831932] PM: Hibernation image not present or could not be loaded.
[    0.831942] registered taskstats version 1
[    0.832231] input: AT Translated Set 2 keyboard as /devices/platform/i8042/serio0/input/input1
[    0.970398] Freeing initrd memory: 13836k freed
[    1.098256]   Magic number: 13:479:368
[    1.118205] rtc_cmos 00:04: setting system clock to 2013-05-27 06:21:50 UTC (1369635710)
[    1.118246] BIOS EDD facility v0.16 2004-Jun-25, 0 devices found
[    1.118248] EDD information not available.
[    1.118475] ata2.00: ATAPI: VMware Virtual IDE CDROM Drive, 00000001, max UDMA/33
[    1.118753] ata2.00: configured for UDMA/33
[    1.162434] isapnp: No Plug & Play device found
[    1.162655] scsi 1:0:0:0: CD-ROM            NECVMWar VMware IDE CDR10 1.00 PQ: 0 ANSI: 5
[    1.163261] sr0: scsi3-mmc drive: 306x/306x cd/rw xa/form2 cdda tray
[    1.163265] cdrom: Uniform CD-ROM driver Revision: 3.20
[    1.163361] sr 1:0:0:0: Attached scsi CD-ROM sr0
[    1.163482] sr 1:0:0:0: Attached scsi generic sg0 type 5
[    1.163546] Freeing unused kernel memory: 740k freed
[    1.163600] Write protecting the kernel text: 5816k
[    1.163610] Write protecting the kernel read-only data: 2376k
[    1.163612] NX-protecting the kernel data: 4424k
[    1.175606] udevd[85]: starting version 175
[    1.191264] VMware vmxnet3 virtual NIC driver - version 1.1.29.0-k-NAPI
[    1.198762] VMware PVSCSI driver - version 1.0.1.0-k
[    1.203731] VMware vmxnet virtual NIC driver
[    1.203785] ACPI: PCI Interrupt Link [LNKD] enabled at IRQ 5
[    1.203789] PCI: setting IRQ 5 as level-triggered
[    1.203799] vmxnet 0000:02:01.0: PCI INT A -> Link[LNKD] -> GSI 5 (level, low) -> IRQ 5
[    1.203852] Found vmxnet/PCI at 0x2024, irq 5.
[    1.203906] features:
[    1.203922] numRxBuffers = 100, numRxBuffers2 = 1
[    1.203976] vmxnet 0000:02:01.0: eth0: set_features() failed (-1); wanted 0x00004000, left 0x00004800
[    1.226350] Fusion MPT base driver 3.04.20
[    1.226352] Copyright (c) 1999-2008 LSI Corporation
[    1.226557] Fusion MPT SPI Host driver 3.04.20
[    1.226602] mptspi 0000:00:10.0: PCI INT A -> Link[LNKB] -> GSI 11 (level, low) -> IRQ 11
[    1.232914] mptbase: ioc0: Initiating bringup
[    1.246509] Floppy drive(s): fd0 is 1.44M
[    1.262215] FDC 0 is a post-1991 82077
[    1.301921] ioc0: LSI53C1030 B0: Capabilities={Initiator}
[    1.329833] usb 2-1: new full-speed USB device number 2 using uhci_hcd
[    1.462477] scsi2 : ioc0: LSI53C1030 B0, FwRev=01032920h, Ports=1, MaxQ=128, IRQ=11
[    1.463064] input: VMware VMware Virtual USB Mouse as /devices/pci0000:00/0000:00:11.0/0000:02:00.0/usb2/2-1/2-1:1.0/input/input2
[    1.463223] generic-usb 0003:0E0F:0003.0001: input,hidraw0: USB HID v1.10 Mouse [VMware VMware Virtual USB Mouse] on usb-0000:02:00.0-1/input0
[    1.463798] input: VMware VMware Virtual USB Mouse as /devices/pci0000:00/0000:00:11.0/0000:02:00.0/usb2/2-1/2-1:1.1/input/input3
[    1.463942] generic-usb 0003:0E0F:0003.0002: input,hidraw1: USB HID v1.10 Mouse [VMware VMware Virtual USB Mouse] on usb-0000:02:00.0-1/input1
[    1.464074] usbcore: registered new interface driver usbhid
[    1.464077] usbhid: USB HID core driver
[    1.573550] usb 2-2: new full-speed USB device number 3 using uhci_hcd
[    1.574532] scsi 2:0:0:0: Direct-Access     VMware,  VMware Virtual S 1.0  PQ: 0 ANSI: 2
[    1.574543] scsi target2:0:0: Beginning Domain Validation
[    1.575288] scsi target2:0:0: Domain Validation skipping write tests
[    1.575292] scsi target2:0:0: Ending Domain Validation
[    1.575357] scsi target2:0:0: FAST-40 WIDE SCSI 80.0 MB/s ST (25 ns, offset 127)
[    1.577943] sd 2:0:0:0: [sda] 41943040 512-byte logical blocks: (21.4 GB/20.0 GiB)
[    1.578002] sd 2:0:0:0: [sda] Write Protect is off
[    1.578005] sd 2:0:0:0: [sda] Mode Sense: 61 00 00 00
[    1.578077] sd 2:0:0:0: [sda] Cache data unavailable
[    1.578080] sd 2:0:0:0: [sda] Assuming drive cache: write through
[    1.578386] sd 2:0:0:0: [sda] Cache data unavailable
[    1.578388] sd 2:0:0:0: [sda] Assuming drive cache: write through
[    1.579248] sd 2:0:0:0: Attached scsi generic sg1 type 0
[    1.579620]  sda: sda1 sda2 < sda5 >
[    1.579983] sd 2:0:0:0: [sda] Cache data unavailable
[    1.579986] sd 2:0:0:0: [sda] Assuming drive cache: write through
[    1.579988] sd 2:0:0:0: [sda] Attached SCSI disk
[    1.616907] EXT4-fs (sda1): INFO: recovery required on readonly filesystem
[    1.616911] EXT4-fs (sda1): write access will be enabled during recovery
[    1.714058] hub 2-2:1.0: USB hub found
[    1.715985] hub 2-2:1.0: 7 ports detected
[    1.755516] EXT4-fs (sda1): recovery complete
[    1.756090] EXT4-fs (sda1): mounted filesystem with ordered data mode. Opts: (null)
[    2.829708] ADDRCONF(NETDEV_UP): eth0: link is not ready
[    2.836766] udevd[327]: starting version 175
[    2.879121] lp: driver loaded but no devices found
[    2.932797] Adding 1046524k swap on /dev/sda5.  Priority:-1 extents:1 across:1046524k 
[    2.964924] EXT4-fs (sda1): re-mounted. Opts: errors=remount-ro
[    2.981961] shpchp: Standard Hot Plug PCI Controller Driver version: 0.4
[    3.092176] ppdev: user-space parallel port driver
[    3.092891] parport_pc 00:09: reported by Plug and Play ACPI
[    3.093084] parport0: PC-style at 0x378, irq 7 [PCSPP,TRISTATE]
[    3.101424] Bluetooth: Core ver 2.16
[    3.103141] NET: Registered protocol family 31
[    3.103145] Bluetooth: HCI device and connection manager initialized
[    3.103148] Bluetooth: HCI socket layer initialized
[    3.103150] Bluetooth: L2CAP socket layer initialized
[    3.103157] Bluetooth: SCO socket layer initialized
[    3.119595] Bluetooth: BNEP (Ethernet Emulation) ver 1.3
[    3.119599] Bluetooth: BNEP filters: protocol multicast
[    3.132147] Bluetooth: RFCOMM TTY layer initialized
[    3.132152] Bluetooth: RFCOMM socket layer initialized
[    3.132153] Bluetooth: RFCOMM ver 1.11
[    3.187413] lp0: using parport0 (interrupt-driven).
[    3.200646] type=1400 audit(1369635712.582:2): apparmor="STATUS" operation="profile_load" name="/usr/lib/cups/backend/cups-pdf" pid=572 comm="apparmor_parser"
[    3.201072] type=1400 audit(1369635712.582:3): apparmor="STATUS" operation="profile_load" name="/usr/sbin/cupsd" pid=572 comm="apparmor_parser"
[    3.224575] [569]: VMCI: shared components initialized.
[    3.224606] Probing for vmci/PCI.
[    3.224783] ACPI: PCI Interrupt Link [LNKA] enabled at IRQ 9
[    3.224786] PCI: setting IRQ 9 as level-triggered
[    3.224793] vmci 0000:00:07.7: PCI INT A -> Link[LNKA] -> GSI 9 (level, low) -> IRQ 9
[    3.224839] Found vmci/PCI at 0x1080, irq 9.
[    3.224880] VMCI: using capabilities 0xc.
[    3.224961] [569]: VMCI: Host capability check passed.
[    3.225192] vmci 0000:00:07.7: irq 72 for MSI/MSI-X
[    3.225226] vmci 0000:00:07.7: irq 73 for MSI/MSI-X
[    3.225452] Registered vmci device.
[    3.235953] [569]: VMCI: Using guest personality
[    3.235958] [569]: VMCI: host components initialized.
[    3.236105] piix4_smbus 0000:00:07.3: Host SMBus controller not enabled!
[    3.237254] [569]: VMCI: Module registered (name=vmci,major=10,minor=57).
[    3.237257] [569]: VMCI: Using host personality
[    3.237259] [569]: VMCI: Module (name=vmci) is initialized
[    3.271236] type=1400 audit(1369635712.654:4): apparmor="STATUS" operation="profile_load" name="/sbin/dhclient" pid=589 comm="apparmor_parser"
[    3.271480] type=1400 audit(1369635712.654:5): apparmor="STATUS" operation="profile_load" name="/usr/lib/NetworkManager/nm-dhcp-client.action" pid=589 comm="apparmor_parser"
[    3.271679] type=1400 audit(1369635712.654:6): apparmor="STATUS" operation="profile_load" name="/usr/lib/connman/scripts/dhclient-script" pid=589 comm="apparmor_parser"
[    3.486971] input: ImPS/2 Generic Wheel Mouse as /devices/platform/i8042/serio1/input/input4
[    3.538830] init: failsafe main process (657) killed by TERM signal
[    3.627587] snd_ens1371 0000:02:02.0: PCI INT A -> Link[LNKA] -> GSI 9 (level, low) -> IRQ 9
[    3.696158] type=1400 audit(1369635713.078:7): apparmor="STATUS" operation="profile_load" name="/usr/lib/lightdm/lightdm/lightdm-guest-session-wrapper" pid=776 comm="apparmor_parser"
[    3.709842] type=1400 audit(1369635713.090:8): apparmor="STATUS" operation="profile_replace" name="/sbin/dhclient" pid=777 comm="apparmor_parser"
[    3.710133] type=1400 audit(1369635713.090:9): apparmor="STATUS" operation="profile_replace" name="/usr/lib/NetworkManager/nm-dhcp-client.action" pid=777 comm="apparmor_parser"
[    3.710155] type=1400 audit(1369635713.090:10): apparmor="STATUS" operation="profile_replace" name="/usr/lib/connman/scripts/dhclient-script" pid=777 comm="apparmor_parser"
[    3.935043] init: alsa-restore main process (876) terminated with status 19
