[    0.000000] Initializing cgroup subsys cpuset
[    0.000000] Initializing cgroup subsys cpu
[    0.000000] Linux version 3.2.0-29-generic-pae (buildd@roseapple) (gcc version 4.6.3 (Ubuntu/Linaro 4.6.3-1ubuntu5) ) #46-Ubuntu SMP Fri Jul 27 17:25:43 UTC 2012 (Ubuntu 3.2.0-29.46-generic-pae 3.2.24)
[    0.000000] KERNEL supported cpus:
[    0.000000]   Intel GenuineIntel
[    0.000000]   AMD AuthenticAMD
[    0.000000]   NSC Geode by NSC
[    0.000000]   Cyrix CyrixInstead
[    0.000000]   Centaur CentaurHauls
[    0.000000]   Transmeta GenuineTMx86
[    0.000000]   Transmeta TransmetaCPU
[    0.000000]   UMC UMC UMC UMC
[    0.000000] Disabled fast string operations
[    0.000000] BIOS-provided physical RAM map:
[    0.000000]  BIOS-e820: 0000000000000000 - 000000000009f000 (usable)
[    0.000000]  BIOS-e820: 000000000009f000 - 00000000000a0000 (reserved)
[    0.000000]  BIOS-e820: 00000000000ca000 - 00000000000cc000 (reserved)
[    0.000000]  BIOS-e820: 00000000000dc000 - 0000000000100000 (reserved)
[    0.000000]  BIOS-e820: 0000000000100000 - 000000003fee0000 (usable)
[    0.000000]  BIOS-e820: 000000003fee0000 - 000000003feff000 (ACPI data)
[    0.000000]  BIOS-e820: 000000003feff000 - 000000003ff00000 (ACPI NVS)
[    0.000000]  BIOS-e820: 000000003ff00000 - 0000000040000000 (usable)
[    0.000000]  BIOS-e820: 00000000e0000000 - 00000000f0000000 (reserved)
[    0.000000]  BIOS-e820: 00000000fec00000 - 00000000fec10000 (reserved)
[    0.000000]  BIOS-e820: 00000000fee00000 - 00000000fee01000 (reserved)
[    0.000000]  BIOS-e820: 00000000fffe0000 - 0000000100000000 (reserved)
[    0.000000] NX (Execute Disable) protection: active
[    0.000000] DMI present.
[    0.000000] DMI: VMware, Inc. VMware Virtual Platform/440BX Desktop Reference Platform, BIOS 6.00 07/02/2012
[    0.000000] Hypervisor detected: VMware
[    0.000000] e820 update range: 0000000000000000 - 0000000000010000 (usable) ==> (reserved)
[    0.000000] e820 remove range: 00000000000a0000 - 0000000000100000 (usable)
[    0.000000] last_pfn = 0x40000 max_arch_pfn = 0x1000000
[    0.000000] MTRR default type: uncachable
[    0.000000] MTRR fixed ranges enabled:
[    0.000000]   00000-9FFFF write-back
[    0.000000]   A0000-BFFFF uncachable
[    0.000000]   C0000-CBFFF write-protect
[    0.000000]   CC000-EFFFF uncachable
[    0.000000]   F0000-FFFFF write-protect
[    0.000000] MTRR variable ranges enabled:
[    0.000000]   0 base 0000000000 mask FFC0000000 write-back
[    0.000000]   1 disabled
[    0.000000]   2 disabled
[    0.000000]   3 disabled
[    0.000000]   4 disabled
[    0.000000]   5 disabled
[    0.000000]   6 disabled
[    0.000000]   7 disabled
[    0.000000] x86 PAT enabled: cpu 0, old 0x0, new 0x7010600070106
[    0.000000] found SMP MP-table at [c00f6bf0] f6bf0
[    0.000000] initial memory mapped : 0 - 02000000
[    0.000000] Base memory trampoline at [c009b000] 9b000 size 16384
[    0.000000] init_memory_mapping: 0000000000000000-0000000037bfe000
[    0.000000]  0000000000 - 0000200000 page 4k
[    0.000000]  0000200000 - 0037a00000 page 2M
[    0.000000]  0037a00000 - 0037bfe000 page 4k
[    0.000000] kernel direct mapping tables up to 37bfe000 @ 1ffb000-2000000
[    0.000000] RAMDISK: 364ea000 - 3726d000
[    0.000000] ACPI: RSDP 000f6b80 00024 (v02 PTLTD )
[    0.000000] ACPI: XSDT 3feed636 0005C (v01 INTEL  440BX    06040000 VMW  01324272)
[    0.000000] ACPI: FACP 3fefee98 000F4 (v04 INTEL  440BX    06040000 PTL  000F4240)
[    0.000000] ACPI: DSDT 3feee366 10B32 (v01 PTLTD  Custom   06040000 MSFT 03000001)
[    0.000000] ACPI: FACS 3fefffc0 00040
[    0.000000] ACPI: BOOT 3feee33e 00028 (v01 PTLTD  $SBFTBL$ 06040000  LTP 00000001)
[    0.000000] ACPI: APIC 3feedc3e 003C2 (v01 PTLTD  ? APIC   06040000  LTP 00000000)
[    0.000000] ACPI: MCFG 3feedc02 0003C (v01 PTLTD  $PCITBL$ 06040000  LTP 00000001)
[    0.000000] ACPI: SRAT 3feed732 004D0 (v02 VMWARE MEMPLUG  06040000 VMW  00000001)
[    0.000000] ACPI: HPET 3feed6fa 00038 (v01 VMWARE VMW HPET 06040000 VMW  00000001)
[    0.000000] ACPI: WAET 3feed6d2 00028 (v01 VMWARE VMW WAET 06040000 VMW  00000001)
[    0.000000] ACPI: Local APIC address 0xfee00000
[    0.000000] 132MB HIGHMEM available.
[    0.000000] 891MB LOWMEM available.
[    0.000000]   mapped low ram: 0 - 37bfe000
[    0.000000]   low ram: 0 - 37bfe000
[    0.000000] Zone PFN ranges:
[    0.000000]   DMA      0x00000010 -> 0x00001000
[    0.000000]   Normal   0x00001000 -> 0x00037bfe
[    0.000000]   HighMem  0x00037bfe -> 0x00040000
[    0.000000] Movable zone start PFN for each node
[    0.000000] early_node_map[3] active PFN ranges
[    0.000000]     0: 0x00000010 -> 0x0000009f
[    0.000000]     0: 0x00000100 -> 0x0003fee0
[    0.000000]     0: 0x0003ff00 -> 0x00040000
[    0.000000] On node 0 totalpages: 261999
[    0.000000] free_area_init_node: node 0, pgdat c1866a40, node_mem_map f73fd200
[    0.000000]   DMA zone: 32 pages used for memmap
[    0.000000]   DMA zone: 0 pages reserved
[    0.000000]   DMA zone: 3951 pages, LIFO batch:0
[    0.000000]   Normal zone: 1752 pages used for memmap
[    0.000000]   Normal zone: 222502 pages, LIFO batch:31
[    0.000000]   HighMem zone: 265 pages used for memmap
[    0.000000]   HighMem zone: 33497 pages, LIFO batch:7
[    0.000000] Using APIC driver default
[    0.000000] ACPI: PM-Timer IO Port: 0x1008
[    0.000000] ACPI: Local APIC address 0xfee00000
[    0.000000] ACPI: LAPIC (acpi_id[0x00] lapic_id[0x00] enabled)
[    0.000000] ACPI: LAPIC (acpi_id[0x01] lapic_id[0x02] disabled)
[    0.000000] ACPI: LAPIC (acpi_id[0x02] lapic_id[0x04] disabled)
[    0.000000] ACPI: LAPIC (acpi_id[0x03] lapic_id[0x06] disabled)
[    0.000000] ACPI: LAPIC (acpi_id[0x04] lapic_id[0x08] disabled)
[    0.000000] ACPI: LAPIC (acpi_id[0x05] lapic_id[0x0a] disabled)
[    0.000000] ACPI: LAPIC (acpi_id[0x06] lapic_id[0x0c] disabled)
[    0.000000] ACPI: LAPIC (acpi_id[0x07] lapic_id[0x0e] disabled)
[    0.000000] ACPI: LAPIC (acpi_id[0x08] lapic_id[0x10] disabled)
[    0.000000] ACPI: LAPIC (acpi_id[0x09] lapic_id[0x12] disabled)
[    0.000000] ACPI: LAPIC (acpi_id[0x0a] lapic_id[0x14] disabled)
[    0.000000] ACPI: LAPIC (acpi_id[0x0b] lapic_id[0x16] disabled)
[    0.000000] ACPI: LAPIC (acpi_id[0x0c] lapic_id[0x18] disabled)
[    0.000000] ACPI: LAPIC (acpi_id[0x0d] lapic_id[0x1a] disabled)
[    0.000000] ACPI: LAPIC (acpi_id[0x0e] lapic_id[0x1c] disabled)
[    0.000000] ACPI: LAPIC (acpi_id[0x0f] lapic_id[0x1e] disabled)
[    0.000000] ACPI: LAPIC (acpi_id[0x10] lapic_id[0x20] disabled)
[    0.000000] ACPI: LAPIC (acpi_id[0x11] lapic_id[0x22] disabled)
[    0.000000] ACPI: LAPIC (acpi_id[0x12] lapic_id[0x24] disabled)
[    0.000000] ACPI: LAPIC (acpi_id[0x13] lapic_id[0x26] disabled)
[    0.000000] ACPI: LAPIC (acpi_id[0x14] lapic_id[0x28] disabled)
[    0.000000] ACPI: LAPIC (acpi_id[0x15] lapic_id[0x2a] disabled)
[    0.000000] ACPI: LAPIC (acpi_id[0x16] lapic_id[0x2c] disabled)
[    0.000000] ACPI: LAPIC (acpi_id[0x17] lapic_id[0x2e] disabled)
[    0.000000] ACPI: LAPIC (acpi_id[0x18] lapic_id[0x30] disabled)
[    0.000000] ACPI: LAPIC (acpi_id[0x19] lapic_id[0x32] disabled)
[    0.000000] ACPI: LAPIC (acpi_id[0x1a] lapic_id[0x34] disabled)
[    0.000000] ACPI: LAPIC (acpi_id[0x1b] lapic_id[0x36] disabled)
[    0.000000] ACPI: LAPIC (acpi_id[0x1c] lapic_id[0x38] disabled)
[    0.000000] ACPI: LAPIC (acpi_id[0x1d] lapic_id[0x3a] disabled)
[    0.000000] ACPI: LAPIC (acpi_id[0x1e] lapic_id[0x3c] disabled)
[    0.000000] ACPI: LAPIC (acpi_id[0x1f] lapic_id[0x3e] disabled)
[    0.000000] ACPI: LAPIC (acpi_id[0x20] lapic_id[0x40] disabled)
[    0.000000] ACPI: LAPIC (acpi_id[0x21] lapic_id[0x42] disabled)
[    0.000000] ACPI: LAPIC (acpi_id[0x22] lapic_id[0x44] disabled)
[    0.000000] ACPI: LAPIC (acpi_id[0x23] lapic_id[0x46] disabled)
[    0.000000] ACPI: LAPIC (acpi_id[0x24] lapic_id[0x48] disabled)
[    0.000000] ACPI: LAPIC (acpi_id[0x25] lapic_id[0x4a] disabled)
[    0.000000] ACPI: LAPIC (acpi_id[0x26] lapic_id[0x4c] disabled)
[    0.000000] ACPI: LAPIC (acpi_id[0x27] lapic_id[0x4e] disabled)
[    0.000000] ACPI: LAPIC (acpi_id[0x28] lapic_id[0x50] disabled)
[    0.000000] ACPI: LAPIC (acpi_id[0x29] lapic_id[0x52] disabled)
[    0.000000] ACPI: LAPIC (acpi_id[0x2a] lapic_id[0x54] disabled)
[    0.000000] ACPI: LAPIC (acpi_id[0x2b] lapic_id[0x56] disabled)
[    0.000000] ACPI: LAPIC (acpi_id[0x2c] lapic_id[0x58] disabled)
[    0.000000] ACPI: LAPIC (acpi_id[0x2d] lapic_id[0x5a] disabled)
[    0.000000] ACPI: LAPIC (acpi_id[0x2e] lapic_id[0x5c] disabled)
[    0.000000] ACPI: LAPIC (acpi_id[0x2f] lapic_id[0x5e] disabled)
[    0.000000] ACPI: LAPIC (acpi_id[0x30] lapic_id[0x60] disabled)
[    0.000000] ACPI: LAPIC (acpi_id[0x31] lapic_id[0x62] disabled)
[    0.000000] ACPI: LAPIC (acpi_id[0x32] lapic_id[0x64] disabled)
[    0.000000] ACPI: LAPIC (acpi_id[0x33] lapic_id[0x66] disabled)
[    0.000000] ACPI: LAPIC (acpi_id[0x34] lapic_id[0x68] disabled)
[    0.000000] ACPI: LAPIC (acpi_id[0x35] lapic_id[0x6a] disabled)
[    0.000000] ACPI: LAPIC (acpi_id[0x36] lapic_id[0x6c] disabled)
[    0.000000] ACPI: LAPIC (acpi_id[0x37] lapic_id[0x6e] disabled)
[    0.000000] ACPI: LAPIC (acpi_id[0x38] lapic_id[0x70] disabled)
[    0.000000] ACPI: LAPIC (acpi_id[0x39] lapic_id[0x72] disabled)
[    0.000000] ACPI: LAPIC (acpi_id[0x3a] lapic_id[0x74] disabled)
[    0.000000] ACPI: LAPIC (acpi_id[0x3b] lapic_id[0x76] disabled)
[    0.000000] ACPI: LAPIC (acpi_id[0x3c] lapic_id[0x78] disabled)
[    0.000000] ACPI: LAPIC (acpi_id[0x3d] lapic_id[0x7a] disabled)
[    0.000000] ACPI: LAPIC (acpi_id[0x3e] lapic_id[0x7c] disabled)
[    0.000000] ACPI: LAPIC (acpi_id[0x3f] lapic_id[0x7e] disabled)
[    0.000000] ACPI: LAPIC_NMI (acpi_id[0x00] high edge lint[0x1])
[    0.000000] ACPI: LAPIC_NMI (acpi_id[0x01] high edge lint[0x1])
[    0.000000] ACPI: LAPIC_NMI (acpi_id[0x02] high edge lint[0x1])
[    0.000000] ACPI: LAPIC_NMI (acpi_id[0x03] high edge lint[0x1])
[    0.000000] ACPI: LAPIC_NMI (acpi_id[0x04] high edge lint[0x1])
[    0.000000] ACPI: LAPIC_NMI (acpi_id[0x05] high edge lint[0x1])
[    0.000000] ACPI: LAPIC_NMI (acpi_id[0x06] high edge lint[0x1])
[    0.000000] ACPI: LAPIC_NMI (acpi_id[0x07] high edge lint[0x1])
[    0.000000] ACPI: LAPIC_NMI (acpi_id[0x08] high edge lint[0x1])
[    0.000000] ACPI: LAPIC_NMI (acpi_id[0x09] high edge lint[0x1])
[    0.000000] ACPI: LAPIC_NMI (acpi_id[0x0a] high edge lint[0x1])
[    0.000000] ACPI: LAPIC_NMI (acpi_id[0x0b] high edge lint[0x1])
[    0.000000] ACPI: LAPIC_NMI (acpi_id[0x0c] high edge lint[0x1])
[    0.000000] ACPI: LAPIC_NMI (acpi_id[0x0d] high edge lint[0x1])
[    0.000000] ACPI: LAPIC_NMI (acpi_id[0x0e] high edge lint[0x1])
[    0.000000] ACPI: LAPIC_NMI (acpi_id[0x0f] high edge lint[0x1])
[    0.000000] ACPI: LAPIC_NMI (acpi_id[0x10] high edge lint[0x1])
[    0.000000] ACPI: LAPIC_NMI (acpi_id[0x11] high edge lint[0x1])
[    0.000000] ACPI: LAPIC_NMI (acpi_id[0x12] high edge lint[0x1])
[    0.000000] ACPI: LAPIC_NMI (acpi_id[0x13] high edge lint[0x1])
[    0.000000] ACPI: LAPIC_NMI (acpi_id[0x14] high edge lint[0x1])
[    0.000000] ACPI: LAPIC_NMI (acpi_id[0x15] high edge lint[0x1])
[    0.000000] ACPI: LAPIC_NMI (acpi_id[0x16] high edge lint[0x1])
[    0.000000] ACPI: LAPIC_NMI (acpi_id[0x17] high edge lint[0x1])
[    0.000000] ACPI: LAPIC_NMI (acpi_id[0x18] high edge lint[0x1])
[    0.000000] ACPI: LAPIC_NMI (acpi_id[0x19] high edge lint[0x1])
[    0.000000] ACPI: LAPIC_NMI (acpi_id[0x1a] high edge lint[0x1])
[    0.000000] ACPI: LAPIC_NMI (acpi_id[0x1b] high edge lint[0x1])
[    0.000000] ACPI: LAPIC_NMI (acpi_id[0x1c] high edge lint[0x1])
[    0.000000] ACPI: LAPIC_NMI (acpi_id[0x1d] high edge lint[0x1])
[    0.000000] ACPI: LAPIC_NMI (acpi_id[0x1e] high edge lint[0x1])
[    0.000000] ACPI: LAPIC_NMI (acpi_id[0x1f] high edge lint[0x1])
[    0.000000] ACPI: LAPIC_NMI (acpi_id[0x20] high edge lint[0x1])
[    0.000000] ACPI: LAPIC_NMI (acpi_id[0x21] high edge lint[0x1])
[    0.000000] ACPI: LAPIC_NMI (acpi_id[0x22] high edge lint[0x1])
[    0.000000] ACPI: LAPIC_NMI (acpi_id[0x23] high edge lint[0x1])
[    0.000000] ACPI: LAPIC_NMI (acpi_id[0x24] high edge lint[0x1])
[    0.000000] ACPI: LAPIC_NMI (acpi_id[0x25] high edge lint[0x1])
[    0.000000] ACPI: LAPIC_NMI (acpi_id[0x26] high edge lint[0x1])
[    0.000000] ACPI: LAPIC_NMI (acpi_id[0x27] high edge lint[0x1])
[    0.000000] ACPI: LAPIC_NMI (acpi_id[0x28] high edge lint[0x1])
[    0.000000] ACPI: LAPIC_NMI (acpi_id[0x29] high edge lint[0x1])
[    0.000000] ACPI: LAPIC_NMI (acpi_id[0x2a] high edge lint[0x1])
[    0.000000] ACPI: LAPIC_NMI (acpi_id[0x2b] high edge lint[0x1])
[    0.000000] ACPI: LAPIC_NMI (acpi_id[0x2c] high edge lint[0x1])
[    0.000000] ACPI: LAPIC_NMI (acpi_id[0x2d] high edge lint[0x1])
[    0.000000] ACPI: LAPIC_NMI (acpi_id[0x2e] high edge lint[0x1])
[    0.000000] ACPI: LAPIC_NMI (acpi_id[0x2f] high edge lint[0x1])
[    0.000000] ACPI: LAPIC_NMI (acpi_id[0x30] high edge lint[0x1])
[    0.000000] ACPI: LAPIC_NMI (acpi_id[0x31] high edge lint[0x1])
[    0.000000] ACPI: LAPIC_NMI (acpi_id[0x32] high edge lint[0x1])
[    0.000000] ACPI: LAPIC_NMI (acpi_id[0x33] high edge lint[0x1])
[    0.000000] ACPI: LAPIC_NMI (acpi_id[0x34] high edge lint[0x1])
[    0.000000] ACPI: LAPIC_NMI (acpi_id[0x35] high edge lint[0x1])
[    0.000000] ACPI: LAPIC_NMI (acpi_id[0x36] high edge lint[0x1])
[    0.000000] ACPI: LAPIC_NMI (acpi_id[0x37] high edge lint[0x1])
[    0.000000] ACPI: LAPIC_NMI (acpi_id[0x38] high edge lint[0x1])
[    0.000000] ACPI: LAPIC_NMI (acpi_id[0x39] high edge lint[0x1])
[    0.000000] ACPI: LAPIC_NMI (acpi_id[0x3a] high edge lint[0x1])
[    0.000000] ACPI: LAPIC_NMI (acpi_id[0x3b] high edge lint[0x1])
[    0.000000] ACPI: LAPIC_NMI (acpi_id[0x3c] high edge lint[0x1])
[    0.000000] ACPI: LAPIC_NMI (acpi_id[0x3d] high edge lint[0x1])
[    0.000000] ACPI: LAPIC_NMI (acpi_id[0x3e] high edge lint[0x1])
[    0.000000] ACPI: LAPIC_NMI (acpi_id[0x3f] high edge lint[0x1])
[    0.000000] ACPI: Skipping IOAPIC probe due to 'noapic' option.
[    0.000000] Using ACPI for processor (LAPIC) configuration information
[    0.000000] ACPI: HPET id: 0x8086af01 base: 0xfed00000
[    0.000000] Intel MultiProcessor Specification v1.4
[    0.000000]     Virtual Wire compatibility mode.
[    0.000000] MPTABLE: OEM ID: INTEL   
[    0.000000] MPTABLE: Product ID: 440BX       
[    0.000000] MPTABLE: APIC at: 0xFEE00000
[    0.000000] IOAPIC[0]: apic_id 1, version 17, address 0xfec00000, GSI 0-23
[    0.000000] Processors: 1
[    0.000000] SMP: Allowing 1 CPUs, 0 hotplug CPUs
[    0.000000] nr_irqs_gsi: 40
[    0.000000] PM: Registered nosave memory: 000000000009f000 - 00000000000a0000
[    0.000000] PM: Registered nosave memory: 00000000000a0000 - 00000000000ca000
[    0.000000] PM: Registered nosave memory: 00000000000ca000 - 00000000000cc000
[    0.000000] PM: Registered nosave memory: 00000000000cc000 - 00000000000dc000
[    0.000000] PM: Registered nosave memory: 00000000000dc000 - 0000000000100000
[    0.000000] Allocating PCI resources starting at 40000000 (gap: 40000000:a0000000)
[    0.000000] Booting paravirtualized kernel on bare hardware
[    0.000000] setup_percpu: NR_CPUS:8 nr_cpumask_bits:8 nr_cpu_ids:1 nr_node_ids:1
[    0.000000] PERCPU: Embedded 14 pages/cpu @f73e8000 s34240 r0 d23104 u57344
[    0.000000] pcpu-alloc: s34240 r0 d23104 u57344 alloc=14*4096
[    0.000000] pcpu-alloc: [0] 0 
[    0.000000] Built 1 zonelists in Zone order, mobility grouping on.  Total pages: 259950
[    0.000000] Kernel command line: BOOT_IMAGE=/boot/vmlinuz-3.2.0-29-generic-pae root=UUID=007b598c-390d-4c65-84a1-4ff752d48633 ro quiet splash maxcpus=0
[    0.000000] PID hash table entries: 4096 (order: 2, 16384 bytes)
[    0.000000] Dentry cache hash table entries: 131072 (order: 7, 524288 bytes)
[    0.000000] Inode-cache hash table entries: 65536 (order: 6, 262144 bytes)
[    0.000000] Initializing CPU#0
[    0.000000] xsave/xrstor: enabled xstate_bv 0x7, cntxt size 0x340
[    0.000000] allocated 4194048 bytes of page_cgroup
[    0.000000] please try 'cgroup_disable=memory' option if you don't want memory cgroups
[    0.000000] Initializing HighMem for node 0 (00037bfe:00040000)
[    0.000000] Memory: 1010624k/1048576k available (5814k kernel code, 37372k reserved, 2841k data, 740k init, 135048k highmem)
[    0.000000] virtual kernel memory layout:
[    0.000000]     fixmap  : 0xfff16000 - 0xfffff000   ( 932 kB)
[    0.000000]     pkmap   : 0xffc00000 - 0xffe00000   (2048 kB)
[    0.000000]     vmalloc : 0xf83fe000 - 0xffbfe000   ( 120 MB)
[    0.000000]     lowmem  : 0xc0000000 - 0xf7bfe000   ( 891 MB)
[    0.000000]       .init : 0xc1875000 - 0xc192e000   ( 740 kB)
[    0.000000]       .data : 0xc15adb64 - 0xc1874240   (2841 kB)
[    0.000000]       .text : 0xc1000000 - 0xc15adb64   (5814 kB)
[    0.000000] Checking if this processor honours the WP bit even in supervisor mode...Ok.
[    0.000000] SLUB: Genslabs=15, HWalign=64, Order=0-3, MinObjects=0, CPUs=1, Nodes=1
[    0.000000] Hierarchical RCU implementation.
[    0.000000] 	RCU dyntick-idle grace-period acceleration is enabled.
[    0.000000] NR_IRQS:2304 nr_irqs:256 16
[    0.000000] CPU 0 irqstacks, hard=f5c08000 soft=f5c0a000
[    0.000000] Extended CMOS year: 2000
[    0.000000] Console: colour VGA+ 80x25
[    0.000000] console [tty0] enabled
[    0.000000] hpet clockevent registered
[    0.000000] TSC freq read from hypervisor : 2394.620 MHz
[    0.000000] Detected 2394.620 MHz processor.
[    0.000001] Calibrating delay loop (skipped) preset value.. 4789.24 BogoMIPS (lpj=9578480)
[    0.000005] pid_max: default: 32768 minimum: 301
[    0.000073] Security Framework initialized
[    0.000094] AppArmor: AppArmor initialized
[    0.000096] Yama: becoming mindful.
[    0.000149] Mount-cache hash table entries: 512
[    0.000268] Initializing cgroup subsys cpuacct
[    0.000274] Initializing cgroup subsys memory
[    0.000280] Initializing cgroup subsys devices
[    0.000283] Initializing cgroup subsys freezer
[    0.000284] Initializing cgroup subsys blkio
[    0.000292] Initializing cgroup subsys perf_event
[    0.000350] Disabled fast string operations
[    0.000355] CPU: Physical Processor ID: 0
[    0.000368] ENERGY_PERF_BIAS: Set to 'normal', was 'performance'
[    0.000369] ENERGY_PERF_BIAS: View and update with x86_energy_perf_policy(8)
[    0.001093] mce: CPU supports 0 MCE banks
[    0.001960] SMP alternatives: switching to UP code
[    0.022866] Freeing SMP alternatives: 24k freed
[    0.022873] ACPI: Core revision 20110623
[    0.031102] ACPI: setting ELCR to 0200 (from 0e20)
[    0.032534] ftrace: allocating 26545 entries in 52 pages
[    0.056694] SMP mode deactivated.
[    0.056732] SMP disabled
[    0.056734] Performance Events: generic architected perfmon v1, core PMU driver.
[    0.056749] ... version:                1
[    0.056751] ... bit width:              48
[    0.056752] ... generic registers:      4
[    0.056754] ... value mask:             0000ffffffffffff
[    0.056755] ... max period:             000000007fffffff
[    0.056757] ... fixed-purpose events:   0
[    0.056758] ... event mask:             000000000000000f
[    0.056883] NMI watchdog enabled, takes one hw-pmu counter.
[    0.056909] Brought up 1 CPUs
[    0.056911] Total of 1 processors activated (4789.24 BogoMIPS).
[    0.057072] devtmpfs: initialized
[    0.057165] EVM: security.selinux
[    0.057166] EVM: security.SMACK64
[    0.057167] EVM: security.capability
[    0.057201] PM: Registering ACPI NVS region at 3feff000 (4096 bytes)
[    0.058285] print_constraints: dummy: 
[    0.058376] RTC time:  7:15:03, date: 05/27/13
[    0.058415] NET: Registered protocol family 16
[    0.058515] EISA bus registered
[    0.058529] ACPI: bus type pci registered
[    0.058670] PCI: MMCONFIG for domain 0000 [bus 00-ff] at [mem 0xe0000000-0xefffffff] (base 0xe0000000)
[    0.058673] PCI: MMCONFIG at [mem 0xe0000000-0xefffffff] reserved in E820
[    0.058675] PCI: Using MMCONFIG for extended config space
[    0.058676] PCI: Using configuration type 1 for base access
[    0.059705] bio: create slab <bio-0> at 0
[    0.059794] ACPI: Added _OSI(Module Device)
[    0.059796] ACPI: Added _OSI(Processor Device)
[    0.059798] ACPI: Added _OSI(3.0 _SCP Extensions)
[    0.059800] ACPI: Added _OSI(Processor Aggregator Device)
[    0.062868] ACPI: EC: Look up EC in DSDT
[    0.070217] [Firmware Bug]: ACPI: BIOS _OSI(Linux) query ignored
[    0.078535] ACPI: Interpreter enabled
[    0.078544] ACPI: (supports S0 S1 S4 S5)
[    0.078555] ACPI: Using PIC for interrupt routing
[    0.126765] ACPI: No dock devices found.
[    0.126769] HEST: Table not found.
[    0.126774] PCI: Using host bridge windows from ACPI; if necessary, use "pci=nocrs" and report a bug
[    0.127504] ACPI: PCI Root Bridge [PCI0] (domain 0000 [bus 00-ff])
[    0.128742] pci_root PNP0A03:00: host bridge window [mem 0x000a0000-0x000bffff]
[    0.128744] pci_root PNP0A03:00: host bridge window [mem 0x000cc000-0x000cffff]
[    0.128746] pci_root PNP0A03:00: host bridge window [mem 0x000d0000-0x000d3fff]
[    0.128747] pci_root PNP0A03:00: host bridge window [mem 0x000d4000-0x000d7fff]
[    0.128749] pci_root PNP0A03:00: host bridge window [mem 0x000d8000-0x000dbfff]
[    0.128751] pci_root PNP0A03:00: host bridge window [mem 0xc0000000-0xfebfffff]
[    0.128752] pci_root PNP0A03:00: host bridge window [io  0x0000-0x0cf7]
[    0.128754] pci_root PNP0A03:00: host bridge window [io  0x0d00-0xfeff]
[    0.128809] pci 0000:00:00.0: [8086:7190] type 0 class 0x000600
[    0.129328] pci 0000:00:01.0: [8086:7191] type 1 class 0x000604
[    0.129746] pci 0000:00:07.0: [8086:7110] type 0 class 0x000601
[    0.130439] pci 0000:00:07.1: [8086:7111] type 0 class 0x000101
[    0.132082] pci 0000:00:07.1: reg 20: [io  0x10c0-0x10cf]
[    0.132858] pci 0000:00:07.3: [8086:7113] type 0 class 0x000680
[    0.134568] pci 0000:00:07.3: quirk: [io  0x1000-0x103f] claimed by PIIX4 ACPI
[    0.134582] pci 0000:00:07.3: quirk: [io  0x1040-0x104f] claimed by PIIX4 SMB
[    0.134845] pci 0000:00:07.7: [15ad:0740] type 0 class 0x000880
[    0.135574] pci 0000:00:07.7: reg 10: [io  0x1080-0x10bf]
[    0.136307] pci 0000:00:07.7: reg 14: [mem 0xc8000000-0xc8001fff 64bit]
[    0.138422] pci 0000:00:0f.0: [15ad:0405] type 0 class 0x000300
[    0.140490] pci 0000:00:0f.0: reg 10: [io  0x10d0-0x10df]
[    0.142561] pci 0000:00:0f.0: reg 14: [mem 0xd0000000-0xd7ffffff pref]
[    0.144552] pci 0000:00:0f.0: reg 18: [mem 0xc8800000-0xc8ffffff]
[    0.152505] pci 0000:00:0f.0: reg 30: [mem 0x00000000-0x00007fff pref]
[    0.152835] pci 0000:00:10.0: [1000:0030] type 0 class 0x000100
[    0.153707] pci 0000:00:10.0: reg 10: [io  0x1400-0x14ff]
[    0.154828] pci 0000:00:10.0: reg 14: [mem 0xc8040000-0xc805ffff 64bit]
[    0.155967] pci 0000:00:10.0: reg 1c: [mem 0xc8020000-0xc803ffff 64bit]
[    0.157616] pci 0000:00:10.0: reg 30: [mem 0x00000000-0x00003fff pref]
[    0.157819] pci 0000:00:11.0: [15ad:0790] type 1 class 0x000604
[    0.158711] pci 0000:00:15.0: [15ad:07a0] type 1 class 0x000604
[    0.159655] pci 0000:00:15.0: PME# supported from D0 D3hot D3cold
[    0.159684] pci 0000:00:15.0: PME# disabled
[    0.160006] pci 0000:00:15.1: [15ad:07a0] type 1 class 0x000604
[    0.160950] pci 0000:00:15.1: PME# supported from D0 D3hot D3cold
[    0.160980] pci 0000:00:15.1: PME# disabled
[    0.161272] pci 0000:00:15.2: [15ad:07a0] type 1 class 0x000604
[    0.162219] pci 0000:00:15.2: PME# supported from D0 D3hot D3cold
[    0.162248] pci 0000:00:15.2: PME# disabled
[    0.162539] pci 0000:00:15.3: [15ad:07a0] type 1 class 0x000604
[    0.163494] pci 0000:00:15.3: PME# supported from D0 D3hot D3cold
[    0.163523] pci 0000:00:15.3: PME# disabled
[    0.163836] pci 0000:00:15.4: [15ad:07a0] type 1 class 0x000604
[    0.164769] pci 0000:00:15.4: PME# supported from D0 D3hot D3cold
[    0.164807] pci 0000:00:15.4: PME# disabled
[    0.165108] pci 0000:00:15.5: [15ad:07a0] type 1 class 0x000604
[    0.166052] pci 0000:00:15.5: PME# supported from D0 D3hot D3cold
[    0.166081] pci 0000:00:15.5: PME# disabled
[    0.166372] pci 0000:00:15.6: [15ad:07a0] type 1 class 0x000604
[    0.167311] pci 0000:00:15.6: PME# supported from D0 D3hot D3cold
[    0.167340] pci 0000:00:15.6: PME# disabled
[    0.167630] pci 0000:00:15.7: [15ad:07a0] type 1 class 0x000604
[    0.168586] pci 0000:00:15.7: PME# supported from D0 D3hot D3cold
[    0.168616] pci 0000:00:15.7: PME# disabled
[    0.168918] pci 0000:00:16.0: [15ad:07a0] type 1 class 0x000604
[    0.169884] pci 0000:00:16.0: PME# supported from D0 D3hot D3cold
[    0.169915] pci 0000:00:16.0: PME# disabled
[    0.170207] pci 0000:00:16.1: [15ad:07a0] type 1 class 0x000604
[    0.171130] pci 0000:00:16.1: PME# supported from D0 D3hot D3cold
[    0.171155] pci 0000:00:16.1: PME# disabled
[    0.171395] pci 0000:00:16.2: [15ad:07a0] type 1 class 0x000604
[    0.172184] pci 0000:00:16.2: PME# supported from D0 D3hot D3cold
[    0.172208] pci 0000:00:16.2: PME# disabled
[    0.172446] pci 0000:00:16.3: [15ad:07a0] type 1 class 0x000604
[    0.173228] pci 0000:00:16.3: PME# supported from D0 D3hot D3cold
[    0.173252] pci 0000:00:16.3: PME# disabled
[    0.173490] pci 0000:00:16.4: [15ad:07a0] type 1 class 0x000604
[    0.174262] pci 0000:00:16.4: PME# supported from D0 D3hot D3cold
[    0.174286] pci 0000:00:16.4: PME# disabled
[    0.174531] pci 0000:00:16.5: [15ad:07a0] type 1 class 0x000604
[    0.175302] pci 0000:00:16.5: PME# supported from D0 D3hot D3cold
[    0.175326] pci 0000:00:16.5: PME# disabled
[    0.175564] pci 0000:00:16.6: [15ad:07a0] type 1 class 0x000604
[    0.176353] pci 0000:00:16.6: PME# supported from D0 D3hot D3cold
[    0.176376] pci 0000:00:16.6: PME# disabled
[    0.176615] pci 0000:00:16.7: [15ad:07a0] type 1 class 0x000604
[    0.177388] pci 0000:00:16.7: PME# supported from D0 D3hot D3cold
[    0.177412] pci 0000:00:16.7: PME# disabled
[    0.177651] pci 0000:00:17.0: [15ad:07a0] type 1 class 0x000604
[    0.178417] pci 0000:00:17.0: PME# supported from D0 D3hot D3cold
[    0.178440] pci 0000:00:17.0: PME# disabled
[    0.178679] pci 0000:00:17.1: [15ad:07a0] type 1 class 0x000604
[    0.179456] pci 0000:00:17.1: PME# supported from D0 D3hot D3cold
[    0.179479] pci 0000:00:17.1: PME# disabled
[    0.179735] pci 0000:00:17.2: [15ad:07a0] type 1 class 0x000604
[    0.180506] pci 0000:00:17.2: PME# supported from D0 D3hot D3cold
[    0.180530] pci 0000:00:17.2: PME# disabled
[    0.180773] pci 0000:00:17.3: [15ad:07a0] type 1 class 0x000604
[    0.181550] pci 0000:00:17.3: PME# supported from D0 D3hot D3cold
[    0.181574] pci 0000:00:17.3: PME# disabled
[    0.181827] pci 0000:00:17.4: [15ad:07a0] type 1 class 0x000604
[    0.182591] pci 0000:00:17.4: PME# supported from D0 D3hot D3cold
[    0.182614] pci 0000:00:17.4: PME# disabled
[    0.182925] pci 0000:00:17.5: [15ad:07a0] type 1 class 0x000604
[    0.183689] pci 0000:00:17.5: PME# supported from D0 D3hot D3cold
[    0.183727] pci 0000:00:17.5: PME# disabled
[    0.183968] pci 0000:00:17.6: [15ad:07a0] type 1 class 0x000604
[    0.184730] pci 0000:00:17.6: PME# supported from D0 D3hot D3cold
[    0.184762] pci 0000:00:17.6: PME# disabled
[    0.185002] pci 0000:00:17.7: [15ad:07a0] type 1 class 0x000604
[    0.185776] pci 0000:00:17.7: PME# supported from D0 D3hot D3cold
[    0.185800] pci 0000:00:17.7: PME# disabled
[    0.186040] pci 0000:00:18.0: [15ad:07a0] type 1 class 0x000604
[    0.186833] pci 0000:00:18.0: PME# supported from D0 D3hot D3cold
[    0.186864] pci 0000:00:18.0: PME# disabled
[    0.187118] pci 0000:00:18.1: [15ad:07a0] type 1 class 0x000604
[    0.187900] pci 0000:00:18.1: PME# supported from D0 D3hot D3cold
[    0.187924] pci 0000:00:18.1: PME# disabled
[    0.188163] pci 0000:00:18.2: [15ad:07a0] type 1 class 0x000604
[    0.188927] pci 0000:00:18.2: PME# supported from D0 D3hot D3cold
[    0.188951] pci 0000:00:18.2: PME# disabled
[    0.189190] pci 0000:00:18.3: [15ad:07a0] type 1 class 0x000604
[    0.189961] pci 0000:00:18.3: PME# supported from D0 D3hot D3cold
[    0.189984] pci 0000:00:18.3: PME# disabled
[    0.190224] pci 0000:00:18.4: [15ad:07a0] type 1 class 0x000604
[    0.190993] pci 0000:00:18.4: PME# supported from D0 D3hot D3cold
[    0.191016] pci 0000:00:18.4: PME# disabled
[    0.191261] pci 0000:00:18.5: [15ad:07a0] type 1 class 0x000604
[    0.192047] pci 0000:00:18.5: PME# supported from D0 D3hot D3cold
[    0.192071] pci 0000:00:18.5: PME# disabled
[    0.192310] pci 0000:00:18.6: [15ad:07a0] type 1 class 0x000604
[    0.193098] pci 0000:00:18.6: PME# supported from D0 D3hot D3cold
[    0.193122] pci 0000:00:18.6: PME# disabled
[    0.193361] pci 0000:00:18.7: [15ad:07a0] type 1 class 0x000604
[    0.194126] pci 0000:00:18.7: PME# supported from D0 D3hot D3cold
[    0.194150] pci 0000:00:18.7: PME# disabled
[    0.194768] pci 0000:00:01.0: PCI bridge to [bus 01-01]
[    0.195086] pci 0000:02:00.0: [15ad:0774] type 0 class 0x000c03
[    0.196493] pci 0000:02:00.0: reg 20: [io  0x20c0-0x20df]
[    0.197145] pci 0000:02:01.0: [1022:2000] type 0 class 0x000200
[    0.197432] pci 0000:02:01.0: reg 10: [io  0x2000-0x207f]
[    0.198947] pci 0000:02:01.0: reg 30: [mem 0x00000000-0x0000ffff pref]
[    0.199079] pci 0000:02:02.0: [1274:1371] type 0 class 0x000401
[    0.199410] pci 0000:02:02.0: reg 10: [io  0x2080-0x20bf]
[    0.202040] pci 0000:02:03.0: [15ad:0770] type 0 class 0x000c03
[    0.202385] pci 0000:02:03.0: reg 10: [mem 0xc9000000-0xc9000fff]
[    0.204739] pci 0000:00:11.0: PCI bridge to [bus 02-02] (subtractive decode)
[    0.204769] pci 0000:00:11.0:   bridge window [io  0x2000-0x3fff]
[    0.204800] pci 0000:00:11.0:   bridge window [mem 0xc9000000-0xca3fffff]
[    0.204855] pci 0000:00:11.0:   bridge window [mem 0xd8400000-0xd89fffff 64bit pref]
[    0.204859] pci 0000:00:11.0:   bridge window [mem 0x000a0000-0x000bffff] (subtractive decode)
[    0.204861] pci 0000:00:11.0:   bridge window [mem 0x000cc000-0x000cffff] (subtractive decode)
[    0.204863] pci 0000:00:11.0:   bridge window [mem 0x000d0000-0x000d3fff] (subtractive decode)
[    0.204865] pci 0000:00:11.0:   bridge window [mem 0x000d4000-0x000d7fff] (subtractive decode)
[    0.204867] pci 0000:00:11.0:   bridge window [mem 0x000d8000-0x000dbfff] (subtractive decode)
[    0.204868] pci 0000:00:11.0:   bridge window [mem 0xc0000000-0xfebfffff] (subtractive decode)
[    0.204871] pci 0000:00:11.0:   bridge window [io  0x0000-0x0cf7] (subtractive decode)
[    0.204872] pci 0000:00:11.0:   bridge window [io  0x0d00-0xfeff] (subtractive decode)
[    0.205430] pci 0000:00:15.0: PCI bridge to [bus 03-03]
[    0.205453] pci 0000:00:15.0:   bridge window [io  0x4000-0x4fff]
[    0.205477] pci 0000:00:15.0:   bridge window [mem 0xca400000-0xca4fffff]
[    0.205520] pci 0000:00:15.0:   bridge window [mem 0xd8a00000-0xd8afffff 64bit pref]
[    0.205998] pci 0000:00:15.1: PCI bridge to [bus 04-04]
[    0.206021] pci 0000:00:15.1:   bridge window [io  0x8000-0x8fff]
[    0.206044] pci 0000:00:15.1:   bridge window [mem 0xca800000-0xca8fffff]
[    0.206087] pci 0000:00:15.1:   bridge window [mem 0xd8e00000-0xd8efffff 64bit pref]
[    0.206550] pci 0000:00:15.2: PCI bridge to [bus 05-05]
[    0.206573] pci 0000:00:15.2:   bridge window [io  0xc000-0xcfff]
[    0.206596] pci 0000:00:15.2:   bridge window [mem 0xcac00000-0xcacfffff]
[    0.206640] pci 0000:00:15.2:   bridge window [mem 0xd9200000-0xd92fffff 64bit pref]
[    0.207183] pci 0000:00:15.3: PCI bridge to [bus 06-06]
[    0.207235] pci 0000:00:15.3:   bridge window [mem 0xcb000000-0xcb0fffff]
[    0.207288] pci 0000:00:15.3:   bridge window [mem 0xd9600000-0xd96fffff 64bit pref]
[    0.207863] pci 0000:00:15.4: PCI bridge to [bus 07-07]
[    0.207919] pci 0000:00:15.4:   bridge window [mem 0xcb400000-0xcb4fffff]
[    0.207970] pci 0000:00:15.4:   bridge window [mem 0xd9a00000-0xd9afffff 64bit pref]
[    0.208669] pci 0000:00:15.5: PCI bridge to [bus 08-08]
[    0.208742] pci 0000:00:15.5:   bridge window [mem 0xcb800000-0xcb8fffff]
[    0.208803] pci 0000:00:15.5:   bridge window [mem 0xd9e00000-0xd9efffff 64bit pref]
[    0.209389] pci 0000:00:15.6: PCI bridge to [bus 09-09]
[    0.209444] pci 0000:00:15.6:   bridge window [mem 0xcbc00000-0xcbcfffff]
[    0.209497] pci 0000:00:15.6:   bridge window [mem 0xda200000-0xda2fffff 64bit pref]
[    0.210063] pci 0000:00:15.7: PCI bridge to [bus 0a-0a]
[    0.210117] pci 0000:00:15.7:   bridge window [mem 0xcc000000-0xcc0fffff]
[    0.210170] pci 0000:00:15.7:   bridge window [mem 0xda600000-0xda6fffff 64bit pref]
[    0.210847] pci 0000:00:16.0: PCI bridge to [bus 0b-0b]
[    0.210881] pci 0000:00:16.0:   bridge window [io  0x5000-0x5fff]
[    0.210915] pci 0000:00:16.0:   bridge window [mem 0xca500000-0xca5fffff]
[    0.210978] pci 0000:00:16.0:   bridge window [mem 0xd8b00000-0xd8bfffff 64bit pref]
[    0.211585] pci 0000:00:16.1: PCI bridge to [bus 0c-0c]
[    0.211744] pci 0000:00:16.1:   bridge window [io  0x9000-0x9fff]
[    0.211774] pci 0000:00:16.1:   bridge window [mem 0xca900000-0xca9fffff]
[    0.211828] pci 0000:00:16.1:   bridge window [mem 0xd8f00000-0xd8ffffff 64bit pref]
[    0.212405] pci 0000:00:16.2: PCI bridge to [bus 0d-0d]
[    0.212434] pci 0000:00:16.2:   bridge window [io  0xd000-0xdfff]
[    0.212463] pci 0000:00:16.2:   bridge window [mem 0xcad00000-0xcadfffff]
[    0.212517] pci 0000:00:16.2:   bridge window [mem 0xd9300000-0xd93fffff 64bit pref]
[    0.213132] pci 0000:00:16.3: PCI bridge to [bus 0e-0e]
[    0.213187] pci 0000:00:16.3:   bridge window [mem 0xcb100000-0xcb1fffff]
[    0.213240] pci 0000:00:16.3:   bridge window [mem 0xd9700000-0xd97fffff 64bit pref]
[    0.213824] pci 0000:00:16.4: PCI bridge to [bus 0f-0f]
[    0.213878] pci 0000:00:16.4:   bridge window [mem 0xcb500000-0xcb5fffff]
[    0.213931] pci 0000:00:16.4:   bridge window [mem 0xd9b00000-0xd9bfffff 64bit pref]
[    0.214502] pci 0000:00:16.5: PCI bridge to [bus 10-10]
[    0.214554] pci 0000:00:16.5:   bridge window [mem 0xcb900000-0xcb9fffff]
[    0.214607] pci 0000:00:16.5:   bridge window [mem 0xd9f00000-0xd9ffffff 64bit pref]
[    0.215237] pci 0000:00:16.6: PCI bridge to [bus 11-11]
[    0.215290] pci 0000:00:16.6:   bridge window [mem 0xcbd00000-0xcbdfffff]
[    0.215344] pci 0000:00:16.6:   bridge window [mem 0xda300000-0xda3fffff 64bit pref]
[    0.215958] pci 0000:00:16.7: PCI bridge to [bus 12-12]
[    0.216011] pci 0000:00:16.7:   bridge window [mem 0xcc100000-0xcc1fffff]
[    0.216065] pci 0000:00:16.7:   bridge window [mem 0xda700000-0xda7fffff 64bit pref]
[    0.216628] pci 0000:00:17.0: PCI bridge to [bus 13-13]
[    0.216656] pci 0000:00:17.0:   bridge window [io  0x6000-0x6fff]
[    0.216683] pci 0000:00:17.0:   bridge window [mem 0xca600000-0xca6fffff]
[    0.216749] pci 0000:00:17.0:   bridge window [mem 0xd8c00000-0xd8cfffff 64bit pref]
[    0.217315] pci 0000:00:17.1: PCI bridge to [bus 14-14]
[    0.217342] pci 0000:00:17.1:   bridge window [io  0xa000-0xafff]
[    0.217370] pci 0000:00:17.1:   bridge window [mem 0xcaa00000-0xcaafffff]
[    0.217423] pci 0000:00:17.1:   bridge window [mem 0xd9000000-0xd90fffff 64bit pref]
[    0.217999] pci 0000:00:17.2: PCI bridge to [bus 15-15]
[    0.218026] pci 0000:00:17.2:   bridge window [io  0xe000-0xefff]
[    0.218054] pci 0000:00:17.2:   bridge window [mem 0xcae00000-0xcaefffff]
[    0.218106] pci 0000:00:17.2:   bridge window [mem 0xd9400000-0xd94fffff 64bit pref]
[    0.218678] pci 0000:00:17.3: PCI bridge to [bus 16-16]
[    0.218784] pci 0000:00:17.3:   bridge window [mem 0xcb200000-0xcb2fffff]
[    0.218838] pci 0000:00:17.3:   bridge window [mem 0xd9800000-0xd98fffff 64bit pref]
[    0.219402] pci 0000:00:17.4: PCI bridge to [bus 17-17]
[    0.219455] pci 0000:00:17.4:   bridge window [mem 0xcb600000-0xcb6fffff]
[    0.219508] pci 0000:00:17.4:   bridge window [mem 0xd9c00000-0xd9cfffff 64bit pref]
[    0.220102] pci 0000:00:17.5: PCI bridge to [bus 18-18]
[    0.220155] pci 0000:00:17.5:   bridge window [mem 0xcba00000-0xcbafffff]
[    0.220209] pci 0000:00:17.5:   bridge window [mem 0xda000000-0xda0fffff 64bit pref]
[    0.220867] pci 0000:00:17.6: PCI bridge to [bus 19-19]
[    0.220928] pci 0000:00:17.6:   bridge window [mem 0xcbe00000-0xcbefffff]
[    0.220985] pci 0000:00:17.6:   bridge window [mem 0xda400000-0xda4fffff 64bit pref]
[    0.221620] pci 0000:00:17.7: PCI bridge to [bus 1a-1a]
[    0.221679] pci 0000:00:17.7:   bridge window [mem 0xcc200000-0xcc2fffff]
[    0.221739] pci 0000:00:17.7:   bridge window [mem 0xda800000-0xda8fffff 64bit pref]
[    0.222367] pci 0000:00:18.0: PCI bridge to [bus 1b-1b]
[    0.222399] pci 0000:00:18.0:   bridge window [io  0x7000-0x7fff]
[    0.222423] pci 0000:00:18.0:   bridge window [mem 0xca700000-0xca7fffff]
[    0.222467] pci 0000:00:18.0:   bridge window [mem 0xd8d00000-0xd8dfffff 64bit pref]
[    0.222944] pci 0000:00:18.1: PCI bridge to [bus 1c-1c]
[    0.222967] pci 0000:00:18.1:   bridge window [io  0xb000-0xbfff]
[    0.222990] pci 0000:00:18.1:   bridge window [mem 0xcab00000-0xcabfffff]
[    0.223033] pci 0000:00:18.1:   bridge window [mem 0xd9100000-0xd91fffff 64bit pref]
[    0.223496] pci 0000:00:18.2: PCI bridge to [bus 1d-1d]
[    0.223519] pci 0000:00:18.2:   bridge window [io  0xf000-0xffff]
[    0.223542] pci 0000:00:18.2:   bridge window [mem 0xcaf00000-0xcaffffff]
[    0.223586] pci 0000:00:18.2:   bridge window [mem 0xd9500000-0xd95fffff 64bit pref]
[    0.224078] pci 0000:00:18.3: PCI bridge to [bus 1e-1e]
[    0.224122] pci 0000:00:18.3:   bridge window [mem 0xcb300000-0xcb3fffff]
[    0.224167] pci 0000:00:18.3:   bridge window [mem 0xd9900000-0xd99fffff 64bit pref]
[    0.224629] pci 0000:00:18.4: PCI bridge to [bus 1f-1f]
[    0.224673] pci 0000:00:18.4:   bridge window [mem 0xcb700000-0xcb7fffff]
[    0.224735] pci 0000:00:18.4:   bridge window [mem 0xd9d00000-0xd9dfffff 64bit pref]
[    0.225215] pci 0000:00:18.5: PCI bridge to [bus 20-20]
[    0.225260] pci 0000:00:18.5:   bridge window [mem 0xcbb00000-0xcbbfffff]
[    0.225305] pci 0000:00:18.5:   bridge window [mem 0xda100000-0xda1fffff 64bit pref]
[    0.225805] pci 0000:00:18.6: PCI bridge to [bus 21-21]
[    0.225864] pci 0000:00:18.6:   bridge window [mem 0xcbf00000-0xcbffffff]
[    0.225924] pci 0000:00:18.6:   bridge window [mem 0xda500000-0xda5fffff 64bit pref]
[    0.226569] pci 0000:00:18.7: PCI bridge to [bus 22-22]
[    0.226630] pci 0000:00:18.7:   bridge window [mem 0xcc300000-0xcc3fffff]
[    0.226685] pci 0000:00:18.7:   bridge window [mem 0xda900000-0xda9fffff 64bit pref]
[    0.228881] pci_bus 0000:00: on NUMA node 0
[    0.228889] ACPI: PCI Interrupt Routing Table [\_SB_.PCI0._PRT]
[    0.229707]  pci0000:00: Requesting ACPI _OSC control (0x1d)
[    0.229989]  pci0000:00: ACPI _OSC control (0x15) granted
[    0.311350] ACPI: PCI Interrupt Link [LNKA] (IRQs 3 4 5 6 7 *9 10 11 14 15)
[    0.311464] ACPI: PCI Interrupt Link [LNKB] (IRQs 3 4 5 6 7 9 10 *11 14 15)
[    0.311626] ACPI: PCI Interrupt Link [LNKC] (IRQs 3 4 5 6 7 9 *10 11 14 15)
[    0.311735] ACPI: PCI Interrupt Link [LNKD] (IRQs 3 4 *5 6 7 9 10 11 14 15)
[    0.311950] vgaarb: device added: PCI:0000:00:0f.0,decodes=io+mem,owns=io+mem,locks=none
[    0.311967] vgaarb: loaded
[    0.311969] vgaarb: bridge control possible 0000:00:0f.0
[    0.312089] i2c-core: driver [aat2870] using legacy suspend method
[    0.312091] i2c-core: driver [aat2870] using legacy resume method
[    0.312174] SCSI subsystem initialized
[    0.312225] libata version 3.00 loaded.
[    0.312266] usbcore: registered new interface driver usbfs
[    0.312368] usbcore: registered new interface driver hub
[    0.312404] usbcore: registered new device driver usb
[    0.312498] PCI: Using ACPI for IRQ routing
[    0.390336] PCI: pci_cache_line_size set to 64 bytes
[    0.390358] pci 0000:00:18.2: no compatible bridge window for [io  0xf000-0xffff]
[    0.391426] reserve RAM buffer: 000000000009f000 - 000000000009ffff 
[    0.391429] reserve RAM buffer: 000000003fee0000 - 000000003fffffff 
[    0.391551] NetLabel: Initializing
[    0.391553] NetLabel:  domain hash size = 128
[    0.391553] NetLabel:  protocols = UNLABELED CIPSOv4
[    0.391561] NetLabel:  unlabeled traffic allowed by default
[    0.391624] hpet0: at MMIO 0xfed00000, IRQs 2, 8, 0, 0, 0, 0, 0, 0, 0, 0, 0, 0, 0, 0, 0, 0
[    0.391630] hpet0: 16 comparators, 64-bit 14.318180 MHz counter
[    0.394649] Switching to clocksource hpet
[    0.400000] AppArmor: AppArmor Filesystem Enabled
[    0.400018] pnp: PnP ACPI init
[    0.400033] ACPI: bus type pnp registered
[    0.400855] pnp 00:00: [bus 00-ff]
[    0.400858] pnp 00:00: [mem 0x000a0000-0x000bffff window]
[    0.400861] pnp 00:00: [mem 0x000c0000-0x000c3fff window]
[    0.400921] pnp 00:00: [mem 0x000c4000-0x000c7fff window]
[    0.400924] pnp 00:00: [mem 0x000c8000-0x000cbfff window]
[    0.400926] pnp 00:00: [mem 0x000cc000-0x000cffff window]
[    0.400928] pnp 00:00: [mem 0x000d0000-0x000d3fff window]
[    0.400930] pnp 00:00: [mem 0x000d4000-0x000d7fff window]
[    0.400932] pnp 00:00: [mem 0x000d8000-0x000dbfff window]
[    0.400934] pnp 00:00: [mem 0x000dc000-0x000dffff window]
[    0.400936] pnp 00:00: [mem 0x000e0000-0x000e3fff window]
[    0.400938] pnp 00:00: [mem 0x000e4000-0x000e7fff window]
[    0.400940] pnp 00:00: [mem 0x000e8000-0x000ebfff window]
[    0.400942] pnp 00:00: [mem 0x000ec000-0x000effff window]
[    0.400944] pnp 00:00: [mem 0xc0000000-0xfebfffff window]
[    0.400946] pnp 00:00: [io  0x0cf8-0x0cff]
[    0.400948] pnp 00:00: [io  0x0000-0x0cf7 window]
[    0.400950] pnp 00:00: [io  0x0d00-0xfeff window]
[    0.401003] pnp 00:00: Plug and Play ACPI device, IDs PNP0a03 PNP0a08 (active)
[    0.401099] pnp 00:01: [io  0x0010-0x001f]
[    0.401100] pnp 00:01: [io  0x0024-0x0025]
[    0.401102] pnp 00:01: [io  0x0028-0x0029]
[    0.401104] pnp 00:01: [io  0x002c-0x002d]
[    0.401105] pnp 00:01: [io  0x002e-0x002f]
[    0.401107] pnp 00:01: [io  0x0030-0x0031]
[    0.401109] pnp 00:01: [io  0x0034-0x0035]
[    0.401110] pnp 00:01: [io  0x0038-0x0039]
[    0.401112] pnp 00:01: [io  0x003c-0x003d]
[    0.401113] pnp 00:01: [io  0x0050-0x0053]
[    0.401115] pnp 00:01: [io  0x0072-0x0077]
[    0.401117] pnp 00:01: [io  0x0080]
[    0.401118] pnp 00:01: [io  0x0090-0x009f]
[    0.401120] pnp 00:01: [io  0x00a4-0x00a5]
[    0.401122] pnp 00:01: [io  0x00a8-0x00a9]
[    0.401123] pnp 00:01: [io  0x00ac-0x00ad]
[    0.401125] pnp 00:01: [io  0x00b0-0x00b5]
[    0.401126] pnp 00:01: [io  0x00b8-0x00b9]
[    0.401128] pnp 00:01: [io  0x00bc-0x00bd]
[    0.401130] pnp 00:01: [io  0x1000-0x103f]
[    0.401131] pnp 00:01: [io  0x1040-0x104f]
[    0.401133] pnp 00:01: [io  0x0cf0-0x0cf1]
[    0.401214] system 00:01: [io  0x1000-0x103f] has been reserved
[    0.401220] system 00:01: [io  0x1040-0x104f] has been reserved
[    0.401223] system 00:01: [io  0x0cf0-0x0cf1] has been reserved
[    0.401227] system 00:01: Plug and Play ACPI device, IDs PNP0c02 (active)
[    0.401238] pnp 00:02: [io  0x0000-0x000f]
[    0.401240] pnp 00:02: [io  0x0081-0x008f]
[    0.401242] pnp 00:02: [io  0x00c0-0x00df]
[    0.401244] pnp 00:02: [dma 4]
[    0.401269] pnp 00:02: Plug and Play ACPI device, IDs PNP0200 (active)
[    0.401279] pnp 00:03: [io  0x0020-0x0021]
[    0.401281] pnp 00:03: [io  0x00a0-0x00a1]
[    0.401283] pnp 00:03: [io  0x04d0-0x04d1]
[    0.401285] pnp 00:03: [irq 2 disabled]
[    0.401309] pnp 00:03: Plug and Play ACPI device, IDs PNP0001 (active)
[    0.401320] pnp 00:04: [io  0x0070-0x0071]
[    0.401323] pnp 00:04: [irq 8]
[    0.401344] pnp 00:04: Plug and Play ACPI device, IDs PNP0b00 (active)
[    0.401352] pnp 00:05: [io  0x0061]
[    0.401373] pnp 00:05: Plug and Play ACPI device, IDs PNP0800 (active)
[    0.401381] pnp 00:06: [io  0x0060]
[    0.401382] pnp 00:06: [io  0x0064]
[    0.401384] pnp 00:06: [irq 1]
[    0.401409] pnp 00:06: Plug and Play ACPI device, IDs PNP0303 (active)
[    0.401417] pnp 00:07: [irq 12]
[    0.401438] pnp 00:07: Plug and Play ACPI device, IDs PNP0f13 (active)
[    0.401643] pnp 00:08: [mem 0xfed00000-0xfed003ff]
[    0.401694] system 00:08: [mem 0xfed00000-0xfed003ff] has been reserved
[    0.401697] system 00:08: Plug and Play ACPI device, IDs PNP0103 PNP0c01 (active)
[    0.414017] pnp 00:09: [io  0x0378-0x037f]
[    0.414023] pnp 00:09: [irq 7]
[    0.415822] pnp 00:09: Plug and Play ACPI device, IDs PNP0400 (active)
[    0.421409] pnp 00:0a: [io  0x03f8-0x03ff]
[    0.421414] pnp 00:0a: [irq 4]
[    0.423138] pnp 00:0a: Plug and Play ACPI device, IDs PNP0501 (active)
[    0.429231] pnp 00:0b: [io  0x02f8-0x02ff]
[    0.429236] pnp 00:0b: [irq 3]
[    0.430558] pnp 00:0b: Plug and Play ACPI device, IDs PNP0501 (active)
[    0.436324] pnp 00:0c: [io  0x03f0-0x03f5]
[    0.436326] pnp 00:0c: [io  0x03f7]
[    0.436328] pnp 00:0c: [irq 6]
[    0.436330] pnp 00:0c: [dma 2]
[    0.437445] pnp 00:0c: Plug and Play ACPI device, IDs PNP0700 (active)
[    0.437658] pnp 00:0d: [mem 0xe0000000-0xefffffff]
[    0.437660] pnp 00:0d: [io  0x1060-0x107f]
[    0.437661] pnp 00:0d: [mem 0xc8200000-0xc83fffff]
[    0.437712] system 00:0d: [io  0x1060-0x107f] has been reserved
[    0.437715] system 00:0d: [mem 0xe0000000-0xefffffff] has been reserved
[    0.437717] system 00:0d: [mem 0xc8200000-0xc83fffff] has been reserved
[    0.437719] system 00:0d: Plug and Play ACPI device, IDs PNP0c02 (active)
[    0.443976] pnp: PnP ACPI: found 14 devices
[    0.443981] ACPI: ACPI bus type pnp unregistered
[    0.443986] PnPBIOS: Disabled by ACPI PNP
[    0.480342] PCI: max bus depth: 1 pci_try_num: 2
[    0.482573] pci 0000:00:0f.0: BAR 6: assigned [mem 0xc0000000-0xc0007fff pref]
[    0.482578] pci 0000:00:10.0: BAR 6: assigned [mem 0xc0008000-0xc000bfff pref]
[    0.482582] pci 0000:00:18.7: BAR 13: can't assign io (size 0x1000)
[    0.482586] pci 0000:00:18.6: BAR 13: can't assign io (size 0x1000)
[    0.482589] pci 0000:00:18.5: BAR 13: can't assign io (size 0x1000)
[    0.482592] pci 0000:00:18.4: BAR 13: can't assign io (size 0x1000)
[    0.482595] pci 0000:00:18.3: BAR 13: can't assign io (size 0x1000)
[    0.482598] pci 0000:00:18.2: BAR 13: can't assign io (size 0x1000)
[    0.482601] pci 0000:00:17.7: BAR 13: can't assign io (size 0x1000)
[    0.482604] pci 0000:00:17.6: BAR 13: can't assign io (size 0x1000)
[    0.482606] pci 0000:00:17.5: BAR 13: can't assign io (size 0x1000)
[    0.482609] pci 0000:00:17.4: BAR 13: can't assign io (size 0x1000)
[    0.482612] pci 0000:00:17.3: BAR 13: can't assign io (size 0x1000)
[    0.482615] pci 0000:00:16.7: BAR 13: can't assign io (size 0x1000)
[    0.482618] pci 0000:00:16.6: BAR 13: can't assign io (size 0x1000)
[    0.482621] pci 0000:00:16.5: BAR 13: can't assign io (size 0x1000)
[    0.482625] pci 0000:00:16.4: BAR 13: can't assign io (size 0x1000)
[    0.482628] pci 0000:00:16.3: BAR 13: can't assign io (size 0x1000)
[    0.482631] pci 0000:00:15.7: BAR 13: can't assign io (size 0x1000)
[    0.482634] pci 0000:00:15.6: BAR 13: can't assign io (size 0x1000)
[    0.482636] pci 0000:00:15.5: BAR 13: can't assign io (size 0x1000)
[    0.482639] pci 0000:00:15.4: BAR 13: can't assign io (size 0x1000)
[    0.482642] pci 0000:00:15.3: BAR 13: can't assign io (size 0x1000)
[    0.482645] pci 0000:00:01.0: PCI bridge to [bus 01-01]
[    0.482732] pci 0000:02:01.0: BAR 6: assigned [mem 0xd8400000-0xd840ffff pref]
[    0.482734] pci 0000:00:11.0: PCI bridge to [bus 02-02]
[    0.482749] pci 0000:00:11.0:   bridge window [io  0x2000-0x3fff]
[    0.482784] pci 0000:00:11.0:   bridge window [mem 0xc9000000-0xca3fffff]
[    0.482807] pci 0000:00:11.0:   bridge window [mem 0xd8400000-0xd89fffff 64bit pref]
[    0.482852] pci 0000:00:15.0: PCI bridge to [bus 03-03]
[    0.482865] pci 0000:00:15.0:   bridge window [io  0x4000-0x4fff]
[    0.482900] pci 0000:00:15.0:   bridge window [mem 0xca400000-0xca4fffff]
[    0.482923] pci 0000:00:15.0:   bridge window [mem 0xd8a00000-0xd8afffff 64bit pref]
[    0.482981] pci 0000:00:15.1: PCI bridge to [bus 04-04]
[    0.482995] pci 0000:00:15.1:   bridge window [io  0x8000-0x8fff]
[    0.483030] pci 0000:00:15.1:   bridge window [mem 0xca800000-0xca8fffff]
[    0.483053] pci 0000:00:15.1:   bridge window [mem 0xd8e00000-0xd8efffff 64bit pref]
[    0.483103] pci 0000:00:15.2: PCI bridge to [bus 05-05]
[    0.483117] pci 0000:00:15.2:   bridge window [io  0xc000-0xcfff]
[    0.483151] pci 0000:00:15.2:   bridge window [mem 0xcac00000-0xcacfffff]
[    0.483174] pci 0000:00:15.2:   bridge window [mem 0xd9200000-0xd92fffff 64bit pref]
[    0.483223] pci 0000:00:15.3: PCI bridge to [bus 06-06]
[    0.483257] pci 0000:00:15.3:   bridge window [mem 0xcb000000-0xcb0fffff]
[    0.483281] pci 0000:00:15.3:   bridge window [mem 0xd9600000-0xd96fffff 64bit pref]
[    0.483330] pci 0000:00:15.4: PCI bridge to [bus 07-07]
[    0.483363] pci 0000:00:15.4:   bridge window [mem 0xcb400000-0xcb4fffff]
[    0.483387] pci 0000:00:15.4:   bridge window [mem 0xd9a00000-0xd9afffff 64bit pref]
[    0.483456] pci 0000:00:15.5: PCI bridge to [bus 08-08]
[    0.483496] pci 0000:00:15.5:   bridge window [mem 0xcb800000-0xcb8fffff]
[    0.483520] pci 0000:00:15.5:   bridge window [mem 0xd9e00000-0xd9efffff 64bit pref]
[    0.483571] pci 0000:00:15.6: PCI bridge to [bus 09-09]
[    0.483605] pci 0000:00:15.6:   bridge window [mem 0xcbc00000-0xcbcfffff]
[    0.483629] pci 0000:00:15.6:   bridge window [mem 0xda200000-0xda2fffff 64bit pref]
[    0.483678] pci 0000:00:15.7: PCI bridge to [bus 0a-0a]
[    0.483712] pci 0000:00:15.7:   bridge window [mem 0xcc000000-0xcc0fffff]
[    0.483736] pci 0000:00:15.7:   bridge window [mem 0xda600000-0xda6fffff 64bit pref]
[    0.483785] pci 0000:00:16.0: PCI bridge to [bus 0b-0b]
[    0.483799] pci 0000:00:16.0:   bridge window [io  0x5000-0x5fff]
[    0.483833] pci 0000:00:16.0:   bridge window [mem 0xca500000-0xca5fffff]
[    0.483857] pci 0000:00:16.0:   bridge window [mem 0xd8b00000-0xd8bfffff 64bit pref]
[    0.483906] pci 0000:00:16.1: PCI bridge to [bus 0c-0c]
[    0.483919] pci 0000:00:16.1:   bridge window [io  0x9000-0x9fff]
[    0.483954] pci 0000:00:16.1:   bridge window [mem 0xca900000-0xca9fffff]
[    0.483977] pci 0000:00:16.1:   bridge window [mem 0xd8f00000-0xd8ffffff 64bit pref]
[    0.484025] pci 0000:00:16.2: PCI bridge to [bus 0d-0d]
[    0.484039] pci 0000:00:16.2:   bridge window [io  0xd000-0xdfff]
[    0.484074] pci 0000:00:16.2:   bridge window [mem 0xcad00000-0xcadfffff]
[    0.484097] pci 0000:00:16.2:   bridge window [mem 0xd9300000-0xd93fffff 64bit pref]
[    0.484146] pci 0000:00:16.3: PCI bridge to [bus 0e-0e]
[    0.484180] pci 0000:00:16.3:   bridge window [mem 0xcb100000-0xcb1fffff]
[    0.484204] pci 0000:00:16.3:   bridge window [mem 0xd9700000-0xd97fffff 64bit pref]
[    0.484252] pci 0000:00:16.4: PCI bridge to [bus 0f-0f]
[    0.484287] pci 0000:00:16.4:   bridge window [mem 0xcb500000-0xcb5fffff]
[    0.484310] pci 0000:00:16.4:   bridge window [mem 0xd9b00000-0xd9bfffff 64bit pref]
[    0.484359] pci 0000:00:16.5: PCI bridge to [bus 10-10]
[    0.484393] pci 0000:00:16.5:   bridge window [mem 0xcb900000-0xcb9fffff]
[    0.484416] pci 0000:00:16.5:   bridge window [mem 0xd9f00000-0xd9ffffff 64bit pref]
[    0.484470] pci 0000:00:16.6: PCI bridge to [bus 11-11]
[    0.484504] pci 0000:00:16.6:   bridge window [mem 0xcbd00000-0xcbdfffff]
[    0.484528] pci 0000:00:16.6:   bridge window [mem 0xda300000-0xda3fffff 64bit pref]
[    0.484576] pci 0000:00:16.7: PCI bridge to [bus 12-12]
[    0.484610] pci 0000:00:16.7:   bridge window [mem 0xcc100000-0xcc1fffff]
[    0.484634] pci 0000:00:16.7:   bridge window [mem 0xda700000-0xda7fffff 64bit pref]
[    0.484683] pci 0000:00:17.0: PCI bridge to [bus 13-13]
[    0.484696] pci 0000:00:17.0:   bridge window [io  0x6000-0x6fff]
[    0.484731] pci 0000:00:17.0:   bridge window [mem 0xca600000-0xca6fffff]
[    0.484754] pci 0000:00:17.0:   bridge window [mem 0xd8c00000-0xd8cfffff 64bit pref]
[    0.484803] pci 0000:00:17.1: PCI bridge to [bus 14-14]
[    0.484817] pci 0000:00:17.1:   bridge window [io  0xa000-0xafff]
[    0.484851] pci 0000:00:17.1:   bridge window [mem 0xcaa00000-0xcaafffff]
[    0.484875] pci 0000:00:17.1:   bridge window [mem 0xd9000000-0xd90fffff 64bit pref]
[    0.484923] pci 0000:00:17.2: PCI bridge to [bus 15-15]
[    0.484937] pci 0000:00:17.2:   bridge window [io  0xe000-0xefff]
[    0.484971] pci 0000:00:17.2:   bridge window [mem 0xcae00000-0xcaefffff]
[    0.484995] pci 0000:00:17.2:   bridge window [mem 0xd9400000-0xd94fffff 64bit pref]
[    0.485044] pci 0000:00:17.3: PCI bridge to [bus 16-16]
[    0.485078] pci 0000:00:17.3:   bridge window [mem 0xcb200000-0xcb2fffff]
[    0.485101] pci 0000:00:17.3:   bridge window [mem 0xd9800000-0xd98fffff 64bit pref]
[    0.485150] pci 0000:00:17.4: PCI bridge to [bus 17-17]
[    0.485184] pci 0000:00:17.4:   bridge window [mem 0xcb600000-0xcb6fffff]
[    0.485208] pci 0000:00:17.4:   bridge window [mem 0xd9c00000-0xd9cfffff 64bit pref]
[    0.485256] pci 0000:00:17.5: PCI bridge to [bus 18-18]
[    0.485291] pci 0000:00:17.5:   bridge window [mem 0xcba00000-0xcbafffff]
[    0.485314] pci 0000:00:17.5:   bridge window [mem 0xda000000-0xda0fffff 64bit pref]
[    0.485363] pci 0000:00:17.6: PCI bridge to [bus 19-19]
[    0.485397] pci 0000:00:17.6:   bridge window [mem 0xcbe00000-0xcbefffff]
[    0.485421] pci 0000:00:17.6:   bridge window [mem 0xda400000-0xda4fffff 64bit pref]
[    0.485479] pci 0000:00:17.7: PCI bridge to [bus 1a-1a]
[    0.485513] pci 0000:00:17.7:   bridge window [mem 0xcc200000-0xcc2fffff]
[    0.485537] pci 0000:00:17.7:   bridge window [mem 0xda800000-0xda8fffff 64bit pref]
[    0.485585] pci 0000:00:18.0: PCI bridge to [bus 1b-1b]
[    0.485600] pci 0000:00:18.0:   bridge window [io  0x7000-0x7fff]
[    0.485634] pci 0000:00:18.0:   bridge window [mem 0xca700000-0xca7fffff]
[    0.485657] pci 0000:00:18.0:   bridge window [mem 0xd8d00000-0xd8dfffff 64bit pref]
[    0.485706] pci 0000:00:18.1: PCI bridge to [bus 1c-1c]
[    0.485720] pci 0000:00:18.1:   bridge window [io  0xb000-0xbfff]
[    0.485754] pci 0000:00:18.1:   bridge window [mem 0xcab00000-0xcabfffff]
[    0.485778] pci 0000:00:18.1:   bridge window [mem 0xd9100000-0xd91fffff 64bit pref]
[    0.485826] pci 0000:00:18.2: PCI bridge to [bus 1d-1d]
[    0.485861] pci 0000:00:18.2:   bridge window [mem 0xcaf00000-0xcaffffff]
[    0.485884] pci 0000:00:18.2:   bridge window [mem 0xd9500000-0xd95fffff 64bit pref]
[    0.485933] pci 0000:00:18.3: PCI bridge to [bus 1e-1e]
[    0.485967] pci 0000:00:18.3:   bridge window [mem 0xcb300000-0xcb3fffff]
[    0.485991] pci 0000:00:18.3:   bridge window [mem 0xd9900000-0xd99fffff 64bit pref]
[    0.486039] pci 0000:00:18.4: PCI bridge to [bus 1f-1f]
[    0.486074] pci 0000:00:18.4:   bridge window [mem 0xcb700000-0xcb7fffff]
[    0.486098] pci 0000:00:18.4:   bridge window [mem 0xd9d00000-0xd9dfffff 64bit pref]
[    0.486146] pci 0000:00:18.5: PCI bridge to [bus 20-20]
[    0.486180] pci 0000:00:18.5:   bridge window [mem 0xcbb00000-0xcbbfffff]
[    0.486204] pci 0000:00:18.5:   bridge window [mem 0xda100000-0xda1fffff 64bit pref]
[    0.486253] pci 0000:00:18.6: PCI bridge to [bus 21-21]
[    0.486287] pci 0000:00:18.6:   bridge window [mem 0xcbf00000-0xcbffffff]
[    0.486311] pci 0000:00:18.6:   bridge window [mem 0xda500000-0xda5fffff 64bit pref]
[    0.486359] pci 0000:00:18.7: PCI bridge to [bus 22-22]
[    0.486393] pci 0000:00:18.7:   bridge window [mem 0xcc300000-0xcc3fffff]
[    0.486417] pci 0000:00:18.7:   bridge window [mem 0xda900000-0xda9fffff 64bit pref]
[    0.486524] pci 0000:00:01.0: setting latency timer to 64
[    0.486610] pci 0000:00:15.0: setting latency timer to 64
[    0.486667] pci 0000:00:15.1: setting latency timer to 64
[    0.486723] pci 0000:00:15.2: setting latency timer to 64
[    0.486780] pci 0000:00:15.3: setting latency timer to 64
[    0.486836] pci 0000:00:15.4: setting latency timer to 64
[    0.486892] pci 0000:00:15.5: setting latency timer to 64
[    0.486948] pci 0000:00:15.6: setting latency timer to 64
[    0.487004] pci 0000:00:15.7: setting latency timer to 64
[    0.487060] pci 0000:00:16.0: setting latency timer to 64
[    0.487116] pci 0000:00:16.1: setting latency timer to 64
[    0.487172] pci 0000:00:16.2: setting latency timer to 64
[    0.487228] pci 0000:00:16.3: setting latency timer to 64
[    0.487284] pci 0000:00:16.4: setting latency timer to 64
[    0.487340] pci 0000:00:16.5: setting latency timer to 64
[    0.487396] pci 0000:00:16.6: setting latency timer to 64
[    0.487459] pci 0000:00:16.7: setting latency timer to 64
[    0.487515] pci 0000:00:17.0: setting latency timer to 64
[    0.487571] pci 0000:00:17.1: setting latency timer to 64
[    0.487627] pci 0000:00:17.2: setting latency timer to 64
[    0.487683] pci 0000:00:17.3: setting latency timer to 64
[    0.487740] pci 0000:00:17.4: setting latency timer to 64
[    0.487796] pci 0000:00:17.5: setting latency timer to 64
[    0.487851] pci 0000:00:17.6: setting latency timer to 64
[    0.487907] pci 0000:00:17.7: setting latency timer to 64
[    0.487964] pci 0000:00:18.0: setting latency timer to 64
[    0.488020] pci 0000:00:18.1: setting latency timer to 64
[    0.488076] pci 0000:00:18.2: setting latency timer to 64
[    0.488132] pci 0000:00:18.3: setting latency timer to 64
[    0.488187] pci 0000:00:18.4: setting latency timer to 64
[    0.488244] pci 0000:00:18.5: setting latency timer to 64
[    0.488300] pci 0000:00:18.6: setting latency timer to 64
[    0.488356] pci 0000:00:18.7: setting latency timer to 64
[    0.488370] pci_bus 0000:00: resource 4 [mem 0x000a0000-0x000bffff]
[    0.488372] pci_bus 0000:00: resource 5 [mem 0x000cc000-0x000cffff]
[    0.488374] pci_bus 0000:00: resource 6 [mem 0x000d0000-0x000d3fff]
[    0.488376] pci_bus 0000:00: resource 7 [mem 0x000d4000-0x000d7fff]
[    0.488378] pci_bus 0000:00: resource 8 [mem 0x000d8000-0x000dbfff]
[    0.488380] pci_bus 0000:00: resource 9 [mem 0xc0000000-0xfebfffff]
[    0.488383] pci_bus 0000:00: resource 10 [io  0x0000-0x0cf7]
[    0.488385] pci_bus 0000:00: resource 11 [io  0x0d00-0xfeff]
[    0.488387] pci_bus 0000:02: resource 0 [io  0x2000-0x3fff]
[    0.488389] pci_bus 0000:02: resource 1 [mem 0xc9000000-0xca3fffff]
[    0.488391] pci_bus 0000:02: resource 2 [mem 0xd8400000-0xd89fffff 64bit pref]
[    0.488394] pci_bus 0000:02: resource 4 [mem 0x000a0000-0x000bffff]
[    0.488396] pci_bus 0000:02: resource 5 [mem 0x000cc000-0x000cffff]
[    0.488398] pci_bus 0000:02: resource 6 [mem 0x000d0000-0x000d3fff]
[    0.488400] pci_bus 0000:02: resource 7 [mem 0x000d4000-0x000d7fff]
[    0.488402] pci_bus 0000:02: resource 8 [mem 0x000d8000-0x000dbfff]
[    0.488404] pci_bus 0000:02: resource 9 [mem 0xc0000000-0xfebfffff]
[    0.488406] pci_bus 0000:02: resource 10 [io  0x0000-0x0cf7]
[    0.488408] pci_bus 0000:02: resource 11 [io  0x0d00-0xfeff]
[    0.488421] pci_bus 0000:03: resource 0 [io  0x4000-0x4fff]
[    0.488423] pci_bus 0000:03: resource 1 [mem 0xca400000-0xca4fffff]
[    0.488425] pci_bus 0000:03: resource 2 [mem 0xd8a00000-0xd8afffff 64bit pref]
[    0.488427] pci_bus 0000:04: resource 0 [io  0x8000-0x8fff]
[    0.488429] pci_bus 0000:04: resource 1 [mem 0xca800000-0xca8fffff]
[    0.488432] pci_bus 0000:04: resource 2 [mem 0xd8e00000-0xd8efffff 64bit pref]
[    0.488434] pci_bus 0000:05: resource 0 [io  0xc000-0xcfff]
[    0.488436] pci_bus 0000:05: resource 1 [mem 0xcac00000-0xcacfffff]
[    0.488438] pci_bus 0000:05: resource 2 [mem 0xd9200000-0xd92fffff 64bit pref]
[    0.488440] pci_bus 0000:06: resource 1 [mem 0xcb000000-0xcb0fffff]
[    0.488442] pci_bus 0000:06: resource 2 [mem 0xd9600000-0xd96fffff 64bit pref]
[    0.488445] pci_bus 0000:07: resource 1 [mem 0xcb400000-0xcb4fffff]
[    0.488447] pci_bus 0000:07: resource 2 [mem 0xd9a00000-0xd9afffff 64bit pref]
[    0.488449] pci_bus 0000:08: resource 1 [mem 0xcb800000-0xcb8fffff]
[    0.488451] pci_bus 0000:08: resource 2 [mem 0xd9e00000-0xd9efffff 64bit pref]
[    0.488453] pci_bus 0000:09: resource 1 [mem 0xcbc00000-0xcbcfffff]
[    0.488455] pci_bus 0000:09: resource 2 [mem 0xda200000-0xda2fffff 64bit pref]
[    0.488458] pci_bus 0000:0a: resource 1 [mem 0xcc000000-0xcc0fffff]
[    0.488460] pci_bus 0000:0a: resource 2 [mem 0xda600000-0xda6fffff 64bit pref]
[    0.488462] pci_bus 0000:0b: resource 0 [io  0x5000-0x5fff]
[    0.488464] pci_bus 0000:0b: resource 1 [mem 0xca500000-0xca5fffff]
[    0.488466] pci_bus 0000:0b: resource 2 [mem 0xd8b00000-0xd8bfffff 64bit pref]
[    0.488468] pci_bus 0000:0c: resource 0 [io  0x9000-0x9fff]
[    0.488470] pci_bus 0000:0c: resource 1 [mem 0xca900000-0xca9fffff]
[    0.488472] pci_bus 0000:0c: resource 2 [mem 0xd8f00000-0xd8ffffff 64bit pref]
[    0.488475] pci_bus 0000:0d: resource 0 [io  0xd000-0xdfff]
[    0.488477] pci_bus 0000:0d: resource 1 [mem 0xcad00000-0xcadfffff]
[    0.488479] pci_bus 0000:0d: resource 2 [mem 0xd9300000-0xd93fffff 64bit pref]
[    0.488481] pci_bus 0000:0e: resource 1 [mem 0xcb100000-0xcb1fffff]
[    0.488483] pci_bus 0000:0e: resource 2 [mem 0xd9700000-0xd97fffff 64bit pref]
[    0.488485] pci_bus 0000:0f: resource 1 [mem 0xcb500000-0xcb5fffff]
[    0.488488] pci_bus 0000:0f: resource 2 [mem 0xd9b00000-0xd9bfffff 64bit pref]
[    0.488490] pci_bus 0000:10: resource 1 [mem 0xcb900000-0xcb9fffff]
[    0.488492] pci_bus 0000:10: resource 2 [mem 0xd9f00000-0xd9ffffff 64bit pref]
[    0.488494] pci_bus 0000:11: resource 1 [mem 0xcbd00000-0xcbdfffff]
[    0.488496] pci_bus 0000:11: resource 2 [mem 0xda300000-0xda3fffff 64bit pref]
[    0.488499] pci_bus 0000:12: resource 1 [mem 0xcc100000-0xcc1fffff]
[    0.488501] pci_bus 0000:12: resource 2 [mem 0xda700000-0xda7fffff 64bit pref]
[    0.488503] pci_bus 0000:13: resource 0 [io  0x6000-0x6fff]
[    0.488505] pci_bus 0000:13: resource 1 [mem 0xca600000-0xca6fffff]
[    0.488507] pci_bus 0000:13: resource 2 [mem 0xd8c00000-0xd8cfffff 64bit pref]
[    0.488509] pci_bus 0000:14: resource 0 [io  0xa000-0xafff]
[    0.488511] pci_bus 0000:14: resource 1 [mem 0xcaa00000-0xcaafffff]
[    0.488513] pci_bus 0000:14: resource 2 [mem 0xd9000000-0xd90fffff 64bit pref]
[    0.488516] pci_bus 0000:15: resource 0 [io  0xe000-0xefff]
[    0.488518] pci_bus 0000:15: resource 1 [mem 0xcae00000-0xcaefffff]
[    0.488520] pci_bus 0000:15: resource 2 [mem 0xd9400000-0xd94fffff 64bit pref]
[    0.488522] pci_bus 0000:16: resource 1 [mem 0xcb200000-0xcb2fffff]
[    0.488524] pci_bus 0000:16: resource 2 [mem 0xd9800000-0xd98fffff 64bit pref]
[    0.488526] pci_bus 0000:17: resource 1 [mem 0xcb600000-0xcb6fffff]
[    0.488528] pci_bus 0000:17: resource 2 [mem 0xd9c00000-0xd9cfffff 64bit pref]
[    0.488531] pci_bus 0000:18: resource 1 [mem 0xcba00000-0xcbafffff]
[    0.488533] pci_bus 0000:18: resource 2 [mem 0xda000000-0xda0fffff 64bit pref]
[    0.488535] pci_bus 0000:19: resource 1 [mem 0xcbe00000-0xcbefffff]
[    0.488537] pci_bus 0000:19: resource 2 [mem 0xda400000-0xda4fffff 64bit pref]
[    0.488539] pci_bus 0000:1a: resource 1 [mem 0xcc200000-0xcc2fffff]
[    0.488542] pci_bus 0000:1a: resource 2 [mem 0xda800000-0xda8fffff 64bit pref]
[    0.488544] pci_bus 0000:1b: resource 0 [io  0x7000-0x7fff]
[    0.488546] pci_bus 0000:1b: resource 1 [mem 0xca700000-0xca7fffff]
[    0.488548] pci_bus 0000:1b: resource 2 [mem 0xd8d00000-0xd8dfffff 64bit pref]
[    0.488550] pci_bus 0000:1c: resource 0 [io  0xb000-0xbfff]
[    0.488552] pci_bus 0000:1c: resource 1 [mem 0xcab00000-0xcabfffff]
[    0.488554] pci_bus 0000:1c: resource 2 [mem 0xd9100000-0xd91fffff 64bit pref]
[    0.488556] pci_bus 0000:1d: resource 1 [mem 0xcaf00000-0xcaffffff]
[    0.488558] pci_bus 0000:1d: resource 2 [mem 0xd9500000-0xd95fffff 64bit pref]
[    0.488561] pci_bus 0000:1e: resource 1 [mem 0xcb300000-0xcb3fffff]
[    0.488563] pci_bus 0000:1e: resource 2 [mem 0xd9900000-0xd99fffff 64bit pref]
[    0.488565] pci_bus 0000:1f: resource 1 [mem 0xcb700000-0xcb7fffff]
[    0.488567] pci_bus 0000:1f: resource 2 [mem 0xd9d00000-0xd9dfffff 64bit pref]
[    0.488569] pci_bus 0000:20: resource 1 [mem 0xcbb00000-0xcbbfffff]
[    0.488571] pci_bus 0000:20: resource 2 [mem 0xda100000-0xda1fffff 64bit pref]
[    0.488574] pci_bus 0000:21: resource 1 [mem 0xcbf00000-0xcbffffff]
[    0.488576] pci_bus 0000:21: resource 2 [mem 0xda500000-0xda5fffff 64bit pref]
[    0.488578] pci_bus 0000:22: resource 1 [mem 0xcc300000-0xcc3fffff]
[    0.488580] pci_bus 0000:22: resource 2 [mem 0xda900000-0xda9fffff 64bit pref]
[    0.488616] NET: Registered protocol family 2
[    0.488656] IP route cache hash table entries: 32768 (order: 5, 131072 bytes)
[    0.488743] TCP established hash table entries: 131072 (order: 8, 1048576 bytes)
[    0.488829] TCP bind hash table entries: 65536 (order: 7, 524288 bytes)
[    0.488916] TCP: Hash tables configured (established 131072 bind 65536)
[    0.488919] TCP reno registered
[    0.488922] UDP hash table entries: 512 (order: 2, 16384 bytes)
[    0.488929] UDP-Lite hash table entries: 512 (order: 2, 16384 bytes)
[    0.488981] NET: Registered protocol family 1
[    0.488989] pci 0000:00:00.0: Limiting direct PCI/PCI transfers
[    0.489076] pci 0000:00:0f.0: Boot video device
[    0.489163] ACPI: PCI Interrupt Link [LNKC] enabled at IRQ 10
[    0.489165] PCI: setting IRQ 10 as level-triggered
[    0.489192] pci 0000:02:00.0: PCI INT A -> Link[LNKC] -> GSI 10 (level, low) -> IRQ 10
[    0.489351] pci 0000:02:00.0: PCI INT A disabled
[    0.489438] ACPI: PCI Interrupt Link [LNKB] enabled at IRQ 11
[    0.489441] PCI: setting IRQ 11 as level-triggered
[    0.489445] pci 0000:02:03.0: PCI INT A -> Link[LNKB] -> GSI 11 (level, low) -> IRQ 11
[    0.489531] pci 0000:02:03.0: PCI INT A disabled
[    0.489547] PCI: CLS 32 bytes, default 64
[    0.489603] Simple Boot Flag at 0x36 set to 0x1
[    0.489617] Switching to clocksource tsc
[    0.489838] audit: initializing netlink socket (disabled)
[    0.489845] type=2000 audit(1369638903.467:1): initialized
[    0.502741] Trying to unpack rootfs image as initramfs...
[    0.522615] highmem bounce pool size: 64 pages
[    0.522620] HugeTLB registered 2 MB page size, pre-allocated 0 pages
[    0.526623] VFS: Disk quotas dquot_6.5.2
[    0.526673] Dquot-cache hash table entries: 1024 (order 0, 4096 bytes)
[    0.526826] fuse init (API version 7.17)
[    0.526887] msgmni has been set to 1710
[    0.542608] Block layer SCSI generic (bsg) driver version 0.4 loaded (major 253)
[    0.542642] io scheduler noop registered
[    0.542644] io scheduler deadline registered
[    0.542650] io scheduler cfq registered (default)
[    0.542737] pcieport 0000:00:15.0: setting latency timer to 64
[    0.542824] pcieport 0000:00:15.0: irq 40 for MSI/MSI-X
[    0.542910] pcieport 0000:00:15.1: setting latency timer to 64
[    0.542997] pcieport 0000:00:15.1: irq 41 for MSI/MSI-X
[    0.543084] pcieport 0000:00:15.2: setting latency timer to 64
[    0.543170] pcieport 0000:00:15.2: irq 42 for MSI/MSI-X
[    0.543257] pcieport 0000:00:15.3: setting latency timer to 64
[    0.543344] pcieport 0000:00:15.3: irq 43 for MSI/MSI-X
[    0.543430] pcieport 0000:00:15.4: setting latency timer to 64
[    0.543517] pcieport 0000:00:15.4: irq 44 for MSI/MSI-X
[    0.543604] pcieport 0000:00:15.5: setting latency timer to 64
[    0.543690] pcieport 0000:00:15.5: irq 45 for MSI/MSI-X
[    0.543777] pcieport 0000:00:15.6: setting latency timer to 64
[    0.543864] pcieport 0000:00:15.6: irq 46 for MSI/MSI-X
[    0.543950] pcieport 0000:00:15.7: setting latency timer to 64
[    0.544037] pcieport 0000:00:15.7: irq 47 for MSI/MSI-X
[    0.544124] pcieport 0000:00:16.0: setting latency timer to 64
[    0.544210] pcieport 0000:00:16.0: irq 48 for MSI/MSI-X
[    0.544297] pcieport 0000:00:16.1: setting latency timer to 64
[    0.544384] pcieport 0000:00:16.1: irq 49 for MSI/MSI-X
[    0.544470] pcieport 0000:00:16.2: setting latency timer to 64
[    0.544557] pcieport 0000:00:16.2: irq 50 for MSI/MSI-X
[    0.544644] pcieport 0000:00:16.3: setting latency timer to 64
[    0.544730] pcieport 0000:00:16.3: irq 51 for MSI/MSI-X
[    0.544817] pcieport 0000:00:16.4: setting latency timer to 64
[    0.544904] pcieport 0000:00:16.4: irq 52 for MSI/MSI-X
[    0.544991] pcieport 0000:00:16.5: setting latency timer to 64
[    0.545077] pcieport 0000:00:16.5: irq 53 for MSI/MSI-X
[    0.545164] pcieport 0000:00:16.6: setting latency timer to 64
[    0.545251] pcieport 0000:00:16.6: irq 54 for MSI/MSI-X
[    0.545337] pcieport 0000:00:16.7: setting latency timer to 64
[    0.545424] pcieport 0000:00:16.7: irq 55 for MSI/MSI-X
[    0.545511] pcieport 0000:00:17.0: setting latency timer to 64
[    0.545597] pcieport 0000:00:17.0: irq 56 for MSI/MSI-X
[    0.545684] pcieport 0000:00:17.1: setting latency timer to 64
[    0.546617] pcieport 0000:00:17.1: irq 57 for MSI/MSI-X
[    0.546704] pcieport 0000:00:17.2: setting latency timer to 64
[    0.546791] pcieport 0000:00:17.2: irq 58 for MSI/MSI-X
[    0.546877] pcieport 0000:00:17.3: setting latency timer to 64
[    0.546964] pcieport 0000:00:17.3: irq 59 for MSI/MSI-X
[    0.547051] pcieport 0000:00:17.4: setting latency timer to 64
[    0.547137] pcieport 0000:00:17.4: irq 60 for MSI/MSI-X
[    0.547224] pcieport 0000:00:17.5: setting latency timer to 64
[    0.547311] pcieport 0000:00:17.5: irq 61 for MSI/MSI-X
[    0.547397] pcieport 0000:00:17.6: setting latency timer to 64
[    0.547484] pcieport 0000:00:17.6: irq 62 for MSI/MSI-X
[    0.547571] pcieport 0000:00:17.7: setting latency timer to 64
[    0.547657] pcieport 0000:00:17.7: irq 63 for MSI/MSI-X
[    0.547744] pcieport 0000:00:18.0: setting latency timer to 64
[    0.547831] pcieport 0000:00:18.0: irq 64 for MSI/MSI-X
[    0.547917] pcieport 0000:00:18.1: setting latency timer to 64
[    0.548004] pcieport 0000:00:18.1: irq 65 for MSI/MSI-X
[    0.548091] pcieport 0000:00:18.2: setting latency timer to 64
[    0.548178] pcieport 0000:00:18.2: irq 66 for MSI/MSI-X
[    0.548264] pcieport 0000:00:18.3: setting latency timer to 64
[    0.548351] pcieport 0000:00:18.3: irq 67 for MSI/MSI-X
[    0.548438] pcieport 0000:00:18.4: setting latency timer to 64
[    0.548524] pcieport 0000:00:18.4: irq 68 for MSI/MSI-X
[    0.548611] pcieport 0000:00:18.5: setting latency timer to 64
[    0.548698] pcieport 0000:00:18.5: irq 69 for MSI/MSI-X
[    0.548784] pcieport 0000:00:18.6: setting latency timer to 64
[    0.548871] pcieport 0000:00:18.6: irq 70 for MSI/MSI-X
[    0.548958] pcieport 0000:00:18.7: setting latency timer to 64
[    0.549044] pcieport 0000:00:18.7: irq 71 for MSI/MSI-X
[    0.549131] pcieport 0000:00:15.0: Signaling PME through PCIe PME interrupt
[    0.549171] pcie_pme 0000:00:15.0:pcie01: service driver pcie_pme loaded
[    0.549257] pcieport 0000:00:15.1: Signaling PME through PCIe PME interrupt
[    0.549295] pcie_pme 0000:00:15.1:pcie01: service driver pcie_pme loaded
[    0.549382] pcieport 0000:00:15.2: Signaling PME through PCIe PME interrupt
[    0.549414] pcie_pme 0000:00:15.2:pcie01: service driver pcie_pme loaded
[    0.549500] pcieport 0000:00:15.3: Signaling PME through PCIe PME interrupt
[    0.549531] pcie_pme 0000:00:15.3:pcie01: service driver pcie_pme loaded
[    0.549618] pcieport 0000:00:15.4: Signaling PME through PCIe PME interrupt
[    0.549648] pcie_pme 0000:00:15.4:pcie01: service driver pcie_pme loaded
[    0.549735] pcieport 0000:00:15.5: Signaling PME through PCIe PME interrupt
[    0.549766] pcie_pme 0000:00:15.5:pcie01: service driver pcie_pme loaded
[    0.549853] pcieport 0000:00:15.6: Signaling PME through PCIe PME interrupt
[    0.549883] pcie_pme 0000:00:15.6:pcie01: service driver pcie_pme loaded
[    0.549970] pcieport 0000:00:15.7: Signaling PME through PCIe PME interrupt
[    0.550005] pcie_pme 0000:00:15.7:pcie01: service driver pcie_pme loaded
[    0.550092] pcieport 0000:00:16.0: Signaling PME through PCIe PME interrupt
[    0.550119] pcie_pme 0000:00:16.0:pcie01: service driver pcie_pme loaded
[    0.550205] pcieport 0000:00:16.1: Signaling PME through PCIe PME interrupt
[    0.550232] pcie_pme 0000:00:16.1:pcie01: service driver pcie_pme loaded
[    0.550318] pcieport 0000:00:16.2: Signaling PME through PCIe PME interrupt
[    0.550344] pcie_pme 0000:00:16.2:pcie01: service driver pcie_pme loaded
[    0.554539] pcieport 0000:00:16.3: Signaling PME through PCIe PME interrupt
[    0.554585] pcie_pme 0000:00:16.3:pcie01: service driver pcie_pme loaded
[    0.554672] pcieport 0000:00:16.4: Signaling PME through PCIe PME interrupt
[    0.554707] pcie_pme 0000:00:16.4:pcie01: service driver pcie_pme loaded
[    0.554794] pcieport 0000:00:16.5: Signaling PME through PCIe PME interrupt
[    0.554820] pcie_pme 0000:00:16.5:pcie01: service driver pcie_pme loaded
[    0.554907] pcieport 0000:00:16.6: Signaling PME through PCIe PME interrupt
[    0.554937] pcie_pme 0000:00:16.6:pcie01: service driver pcie_pme loaded
[    0.555024] pcieport 0000:00:16.7: Signaling PME through PCIe PME interrupt
[    0.555063] pcie_pme 0000:00:16.7:pcie01: service driver pcie_pme loaded
[    0.555150] pcieport 0000:00:17.0: Signaling PME through PCIe PME interrupt
[    0.555186] pcie_pme 0000:00:17.0:pcie01: service driver pcie_pme loaded
[    0.555273] pcieport 0000:00:17.1: Signaling PME through PCIe PME interrupt
[    0.555310] pcie_pme 0000:00:17.1:pcie01: service driver pcie_pme loaded
[    0.555396] pcieport 0000:00:17.2: Signaling PME through PCIe PME interrupt
[    0.555434] pcie_pme 0000:00:17.2:pcie01: service driver pcie_pme loaded
[    0.555521] pcieport 0000:00:17.3: Signaling PME through PCIe PME interrupt
[    0.555559] pcie_pme 0000:00:17.3:pcie01: service driver pcie_pme loaded
[    0.555646] pcieport 0000:00:17.4: Signaling PME through PCIe PME interrupt
[    0.555686] pcie_pme 0000:00:17.4:pcie01: service driver pcie_pme loaded
[    0.555772] pcieport 0000:00:17.5: Signaling PME through PCIe PME interrupt
[    0.555808] pcie_pme 0000:00:17.5:pcie01: service driver pcie_pme loaded
[    0.555894] pcieport 0000:00:17.6: Signaling PME through PCIe PME interrupt
[    0.555931] pcie_pme 0000:00:17.6:pcie01: service driver pcie_pme loaded
[    0.556017] pcieport 0000:00:17.7: Signaling PME through PCIe PME interrupt
[    0.556056] pcie_pme 0000:00:17.7:pcie01: service driver pcie_pme loaded
[    0.556142] pcieport 0000:00:18.0: Signaling PME through PCIe PME interrupt
[    0.556178] pcie_pme 0000:00:18.0:pcie01: service driver pcie_pme loaded
[    0.556265] pcieport 0000:00:18.1: Signaling PME through PCIe PME interrupt
[    0.556313] pcie_pme 0000:00:18.1:pcie01: service driver pcie_pme loaded
[    0.556400] pcieport 0000:00:18.2: Signaling PME through PCIe PME interrupt
[    0.556435] pcie_pme 0000:00:18.2:pcie01: service driver pcie_pme loaded
[    0.556522] pcieport 0000:00:18.3: Signaling PME through PCIe PME interrupt
[    0.556556] pcie_pme 0000:00:18.3:pcie01: service driver pcie_pme loaded
[    0.556642] pcieport 0000:00:18.4: Signaling PME through PCIe PME interrupt
[    0.556681] pcie_pme 0000:00:18.4:pcie01: service driver pcie_pme loaded
[    0.556768] pcieport 0000:00:18.5: Signaling PME through PCIe PME interrupt
[    0.556805] pcie_pme 0000:00:18.5:pcie01: service driver pcie_pme loaded
[    0.556892] pcieport 0000:00:18.6: Signaling PME through PCIe PME interrupt
[    0.556979] pcie_pme 0000:00:18.6:pcie01: service driver pcie_pme loaded
[    0.557065] pcieport 0000:00:18.7: Signaling PME through PCIe PME interrupt
[    0.557102] pcie_pme 0000:00:18.7:pcie01: service driver pcie_pme loaded
[    0.557145] pci_hotplug: PCI Hot Plug PCI Core version: 0.5
[    0.557232] pciehp 0000:00:15.0:pcie04: HPC vendor_id 15ad device_id 7a0 ss_vid 15ad ss_did 7a0
[    0.557318] pciehp 0000:00:15.0:pcie04: service driver pciehp loaded
[    0.557405] pciehp 0000:00:15.1:pcie04: HPC vendor_id 15ad device_id 7a0 ss_vid 15ad ss_did 7a0
[    0.557492] pciehp 0000:00:15.1:pcie04: service driver pciehp loaded
[    0.557578] pciehp 0000:00:15.2:pcie04: HPC vendor_id 15ad device_id 7a0 ss_vid 15ad ss_did 7a0
[    0.557665] pciehp 0000:00:15.2:pcie04: service driver pciehp loaded
[    0.557752] pciehp 0000:00:15.3:pcie04: HPC vendor_id 15ad device_id 7a0 ss_vid 15ad ss_did 7a0
[    0.557838] pciehp 0000:00:15.3:pcie04: service driver pciehp loaded
[    0.557925] pciehp 0000:00:15.4:pcie04: HPC vendor_id 15ad device_id 7a0 ss_vid 15ad ss_did 7a0
[    0.558012] pciehp 0000:00:15.4:pcie04: service driver pciehp loaded
[    0.558099] pciehp 0000:00:15.5:pcie04: HPC vendor_id 15ad device_id 7a0 ss_vid 15ad ss_did 7a0
[    0.558185] pciehp 0000:00:15.5:pcie04: service driver pciehp loaded
[    0.558272] pciehp 0000:00:15.6:pcie04: HPC vendor_id 15ad device_id 7a0 ss_vid 15ad ss_did 7a0
[    0.558359] pciehp 0000:00:15.6:pcie04: service driver pciehp loaded
[    0.562577] pciehp 0000:00:15.7:pcie04: HPC vendor_id 15ad device_id 7a0 ss_vid 15ad ss_did 7a0
[    0.562664] pciehp 0000:00:15.7:pcie04: service driver pciehp loaded
[    0.562740] pciehp 0000:00:16.0:pcie04: HPC vendor_id 15ad device_id 7a0 ss_vid 15ad ss_did 7a0
[    0.562809] pciehp 0000:00:16.0:pcie04: service driver pciehp loaded
[    0.562882] pciehp 0000:00:16.1:pcie04: HPC vendor_id 15ad device_id 7a0 ss_vid 15ad ss_did 7a0
[    0.562957] pciehp 0000:00:16.1:pcie04: service driver pciehp loaded
[    0.563031] pciehp 0000:00:16.2:pcie04: HPC vendor_id 15ad device_id 7a0 ss_vid 15ad ss_did 7a0
[    0.563103] pciehp 0000:00:16.2:pcie04: service driver pciehp loaded
[    0.563183] pciehp 0000:00:16.3:pcie04: HPC vendor_id 15ad device_id 7a0 ss_vid 15ad ss_did 7a0
[    0.563252] pciehp 0000:00:16.3:pcie04: service driver pciehp loaded
[    0.563325] pciehp 0000:00:16.4:pcie04: HPC vendor_id 15ad device_id 7a0 ss_vid 15ad ss_did 7a0
[    0.563412] pciehp 0000:00:16.4:pcie04: service driver pciehp loaded
[    0.563499] pciehp 0000:00:16.5:pcie04: HPC vendor_id 15ad device_id 7a0 ss_vid 15ad ss_did 7a0
[    0.563573] pciehp 0000:00:16.5:pcie04: service driver pciehp loaded
[    0.563645] pciehp 0000:00:16.6:pcie04: HPC vendor_id 15ad device_id 7a0 ss_vid 15ad ss_did 7a0
[    0.563715] pciehp 0000:00:16.6:pcie04: service driver pciehp loaded
[    0.563789] pciehp 0000:00:16.7:pcie04: HPC vendor_id 15ad device_id 7a0 ss_vid 15ad ss_did 7a0
[    0.563855] pciehp 0000:00:16.7:pcie04: service driver pciehp loaded
[    0.563926] pciehp 0000:00:17.0:pcie04: HPC vendor_id 15ad device_id 7a0 ss_vid 15ad ss_did 7a0
[    0.563997] pciehp 0000:00:17.0:pcie04: service driver pciehp loaded
[    0.564072] pciehp 0000:00:17.1:pcie04: HPC vendor_id 15ad device_id 7a0 ss_vid 15ad ss_did 7a0
[    0.564147] pciehp 0000:00:17.1:pcie04: service driver pciehp loaded
[    0.564222] pciehp 0000:00:17.2:pcie04: HPC vendor_id 15ad device_id 7a0 ss_vid 15ad ss_did 7a0
[    0.564289] pciehp 0000:00:17.2:pcie04: service driver pciehp loaded
[    0.564361] pciehp 0000:00:17.3:pcie04: HPC vendor_id 15ad device_id 7a0 ss_vid 15ad ss_did 7a0
[    0.564427] pciehp 0000:00:17.3:pcie04: service driver pciehp loaded
[    0.564498] pciehp 0000:00:17.4:pcie04: HPC vendor_id 15ad device_id 7a0 ss_vid 15ad ss_did 7a0
[    0.564564] pciehp 0000:00:17.4:pcie04: service driver pciehp loaded
[    0.564636] pciehp 0000:00:17.5:pcie04: HPC vendor_id 15ad device_id 7a0 ss_vid 15ad ss_did 7a0
[    0.564705] pciehp 0000:00:17.5:pcie04: service driver pciehp loaded
[    0.564777] pciehp 0000:00:17.6:pcie04: HPC vendor_id 15ad device_id 7a0 ss_vid 15ad ss_did 7a0
[    0.564847] pciehp 0000:00:17.6:pcie04: service driver pciehp loaded
[    0.564918] pciehp 0000:00:17.7:pcie04: HPC vendor_id 15ad device_id 7a0 ss_vid 15ad ss_did 7a0
[    0.564988] pciehp 0000:00:17.7:pcie04: service driver pciehp loaded
[    0.565064] pciehp 0000:00:18.0:pcie04: HPC vendor_id 15ad device_id 7a0 ss_vid 15ad ss_did 7a0
[    0.565134] pciehp 0000:00:18.0:pcie04: service driver pciehp loaded
[    0.565205] pciehp 0000:00:18.1:pcie04: HPC vendor_id 15ad device_id 7a0 ss_vid 15ad ss_did 7a0
[    0.565271] pciehp 0000:00:18.1:pcie04: service driver pciehp loaded
[    0.565342] pciehp 0000:00:18.2:pcie04: HPC vendor_id 15ad device_id 7a0 ss_vid 15ad ss_did 7a0
[    0.565425] pciehp 0000:00:18.2:pcie04: service driver pciehp loaded
[    0.565497] pciehp 0000:00:18.3:pcie04: HPC vendor_id 15ad device_id 7a0 ss_vid 15ad ss_did 7a0
[    0.565563] pciehp 0000:00:18.3:pcie04: service driver pciehp loaded
[    0.565638] pciehp 0000:00:18.4:pcie04: HPC vendor_id 15ad device_id 7a0 ss_vid 15ad ss_did 7a0
[    0.565704] pciehp 0000:00:18.4:pcie04: service driver pciehp loaded
[    0.565775] pciehp 0000:00:18.5:pcie04: HPC vendor_id 15ad device_id 7a0 ss_vid 15ad ss_did 7a0
[    0.565841] pciehp 0000:00:18.5:pcie04: service driver pciehp loaded
[    0.565912] pciehp 0000:00:18.6:pcie04: HPC vendor_id 15ad device_id 7a0 ss_vid 15ad ss_did 7a0
[    0.565977] pciehp 0000:00:18.6:pcie04: service driver pciehp loaded
[    0.566049] pciehp 0000:00:18.7:pcie04: HPC vendor_id 15ad device_id 7a0 ss_vid 15ad ss_did 7a0
[    0.566114] pciehp 0000:00:18.7:pcie04: service driver pciehp loaded
[    0.566122] pciehp: PCI Express Hot Plug Controller Driver version: 0.4
[    0.566209] ACPI: Deprecated procfs I/F for AC is loaded, please retry with CONFIG_ACPI_PROCFS_POWER cleared
[    0.566301] ACPI: AC Adapter [ACAD] (on-line)
[    0.570694] input: Power Button as /devices/LNXSYSTM:00/LNXPWRBN:00/input/input0
[    0.570701] ACPI: Power Button [PWRF]
[    0.594542] ERST: Table is not found!
[    0.594546] GHES: HEST is not enabled!
[    0.594689] Serial: 8250/16550 driver, 32 ports, IRQ sharing enabled
[    0.618384] serial8250: ttyS0 at I/O 0x3f8 (irq = 4) is a 16550A
[    0.618433] isapnp: Scanning for PnP cards...
[    0.710405] serial8250: ttyS1 at I/O 0x2f8 (irq = 3) is a 16550A
[    0.754168] 00:0a: ttyS0 at I/O 0x3f8 (irq = 4) is a 16550A
[    0.846041] 00:0b: ttyS1 at I/O 0x2f8 (irq = 3) is a 16550A
[    0.913750] Linux agpgart interface v0.103
[    0.913803] agpgart-intel 0000:00:00.0: Intel 440BX Chipset
[    0.913992] agpgart-intel 0000:00:00.0: AGP aperture is 256M @ 0x0
[    0.917955] brd: module loaded
[    0.918430] loop: module loaded
[    0.918482] ata_piix 0000:00:07.1: version 2.13
[    0.918564] scsi0 : ata_piix
[    0.918619] scsi1 : ata_piix
[    0.918647] ata1: PATA max UDMA/33 cmd 0x1f0 ctl 0x3f6 bmdma 0x10c0 irq 14
[    0.918650] ata2: PATA max UDMA/33 cmd 0x170 ctl 0x376 bmdma 0x10c8 irq 15
[    0.918705] Fixed MDIO Bus: probed
[    0.918720] tun: Universal TUN/TAP device driver, 1.6
[    0.918722] tun: (C) 1999-2004 Max Krasnyansky <maxk@qualcomm.com>
[    0.918771] PPP generic driver version 2.4.2
[    0.918834] ehci_hcd: USB 2.0 'Enhanced' Host Controller (EHCI) Driver
[    0.918864] ehci_hcd 0000:02:03.0: PCI INT A -> Link[LNKB] -> GSI 11 (level, low) -> IRQ 11
[    0.918911] ehci_hcd 0000:02:03.0: EHCI Host Controller
[    0.918946] ehci_hcd 0000:02:03.0: new USB bus registered, assigned bus number 1
[    0.918999] ehci_hcd 0000:02:03.0: cache line size of 32 is not supported
[    0.919007] ehci_hcd 0000:02:03.0: irq 11, io mem 0xc9000000
[    0.929965] ehci_hcd 0000:02:03.0: USB 2.0 started, EHCI 1.00
[    0.930096] hub 1-0:1.0: USB hub found
[    0.930103] hub 1-0:1.0: 6 ports detected
[    0.930155] ohci_hcd: USB 1.1 'Open' Host Controller (OHCI) Driver
[    0.930175] uhci_hcd: USB Universal Host Controller Interface driver
[    0.930222] uhci_hcd 0000:02:00.0: PCI INT A -> Link[LNKC] -> GSI 10 (level, low) -> IRQ 10
[    0.930270] uhci_hcd 0000:02:00.0: UHCI Host Controller
[    0.930318] uhci_hcd 0000:02:00.0: new USB bus registered, assigned bus number 2
[    0.930428] uhci_hcd 0000:02:00.0: irq 10, io base 0x000020c0
[    0.930549] hub 2-0:1.0: USB hub found
[    0.930554] hub 2-0:1.0: 2 ports detected
[    0.930606] usbcore: registered new interface driver libusual
[    0.930658] i8042: PNP: PS/2 Controller [PNP0303:KBC,PNP0f13:MOUS] at 0x60,0x64 irq 1,12
[    0.931001] serio: i8042 KBD port at 0x60,0x64 irq 1
[    0.931010] serio: i8042 AUX port at 0x60,0x64 irq 12
[    0.931137] mousedev: PS/2 mouse device common for all mice
[    0.931489] rtc_cmos 00:04: rtc core: registered rtc_cmos as rtc0
[    0.931573] rtc0: alarms up to one month, y3k, 114 bytes nvram, hpet irqs
[    0.931625] device-mapper: uevent: version 1.0.3
[    0.931698] device-mapper: ioctl: 4.22.0-ioctl (2011-10-19) initialised: dm-devel@redhat.com
[    0.931731] EISA: Probing bus 0 at eisa.0
[    0.931733] EISA: Cannot allocate resource for mainboard
[    0.931736] Cannot allocate resource for EISA slot 1
[    0.931738] Cannot allocate resource for EISA slot 2
[    0.931740] Cannot allocate resource for EISA slot 3
[    0.931742] Cannot allocate resource for EISA slot 4
[    0.931745] Cannot allocate resource for EISA slot 5
[    0.931747] Cannot allocate resource for EISA slot 6
[    0.931749] Cannot allocate resource for EISA slot 7
[    0.931751] Cannot allocate resource for EISA slot 8
[    0.931753] EISA: Detected 0 cards.
[    0.931762] cpufreq-nforce2: No nForce2 chipset.
[    0.931765] cpuidle: using governor ladder
[    0.931768] cpuidle: using governor menu
[    0.931770] EFI Variables Facility v0.08 2004-May-17
[    0.931822] TCP cubic registered
[    0.931875] NET: Registered protocol family 10
[    0.931993] NET: Registered protocol family 17
[    0.931999] Registering the dns_resolver key type
[    0.932014] Using IPI No-Shortcut mode
[    0.932106] PM: Hibernation image not present or could not be loaded.
[    0.932117] registered taskstats version 1
[    0.932618] input: AT Translated Set 2 keyboard as /devices/platform/i8042/serio0/input/input1
[    1.021846] Freeing initrd memory: 13836k freed
[    1.150455]   Magic number: 13:482:269
[    1.170403] rtc_cmos 00:04: setting system clock to 2013-05-27 07:15:05 UTC (1369638905)
[    1.214174] BIOS EDD facility v0.16 2004-Jun-25, 0 devices found
[    1.214178] EDD information not available.
[    1.214444] ata2.00: ATAPI: VMware Virtual IDE CDROM Drive, 00000001, max UDMA/33
[    1.214751] ata2.00: configured for UDMA/33
[    1.258454] isapnp: No Plug & Play device found
[    1.258711] scsi 1:0:0:0: CD-ROM            NECVMWar VMware IDE CDR10 1.00 PQ: 0 ANSI: 5
[    1.259396] sr0: scsi3-mmc drive: 306x/306x cd/rw xa/form2 cdda tray
[    1.259399] cdrom: Uniform CD-ROM driver Revision: 3.20
[    1.259492] sr 1:0:0:0: Attached scsi CD-ROM sr0
[    1.259617] sr 1:0:0:0: Attached scsi generic sg0 type 5
[    1.259681] Freeing unused kernel memory: 740k freed
[    1.259734] Write protecting the kernel text: 5816k
[    1.259743] Write protecting the kernel read-only data: 2376k
[    1.259745] NX-protecting the kernel data: 4424k
[    1.270844] udevd[85]: starting version 175
[    1.290070] VMware vmxnet3 virtual NIC driver - version 1.1.29.0-k-NAPI
[    1.293541] VMware PVSCSI driver - version 1.0.1.0-k
[    1.298594] VMware vmxnet virtual NIC driver
[    1.298646] ACPI: PCI Interrupt Link [LNKD] enabled at IRQ 5
[    1.298650] PCI: setting IRQ 5 as level-triggered
[    1.298657] vmxnet 0000:02:01.0: PCI INT A -> Link[LNKD] -> GSI 5 (level, low) -> IRQ 5
[    1.298709] Found vmxnet/PCI at 0x2024, irq 5.
[    1.298761] features:
[    1.298773] numRxBuffers = 100, numRxBuffers2 = 1
[    1.298825] vmxnet 0000:02:01.0: eth0: set_features() failed (-1); wanted 0x00004000, left 0x00004800
[    1.339118] Floppy drive(s): fd0 is 1.44M
[    1.341877] Fusion MPT base driver 3.04.20
[    1.341879] Copyright (c) 1999-2008 LSI Corporation
[    1.342064] Fusion MPT SPI Host driver 3.04.20
[    1.342113] mptspi 0000:00:10.0: PCI INT A -> Link[LNKB] -> GSI 11 (level, low) -> IRQ 11
[    1.348467] mptbase: ioc0: Initiating bringup
[    1.353551] FDC 0 is a post-1991 82077
[    1.417225] ioc0: LSI53C1030 B0: Capabilities={Initiator}
[    1.425185] usb 2-1: new full-speed USB device number 2 using uhci_hcd
[    1.558153] input: VMware VMware Virtual USB Mouse as /devices/pci0000:00/0000:00:11.0/0000:02:00.0/usb2/2-1/2-1:1.0/input/input2
[    1.558331] generic-usb 0003:0E0F:0003.0001: input,hidraw0: USB HID v1.10 Mouse [VMware VMware Virtual USB Mouse] on usb-0000:02:00.0-1/input0
[    1.558831] input: VMware VMware Virtual USB Mouse as /devices/pci0000:00/0000:00:11.0/0000:02:00.0/usb2/2-1/2-1:1.1/input/input3
[    1.558980] generic-usb 0003:0E0F:0003.0002: input,hidraw1: USB HID v1.10 Mouse [VMware VMware Virtual USB Mouse] on usb-0000:02:00.0-1/input1
[    1.558993] usbcore: registered new interface driver usbhid
[    1.558995] usbhid: USB HID core driver
[    1.577067] scsi2 : ioc0: LSI53C1030 B0, FwRev=01032920h, Ports=1, MaxQ=128, IRQ=11
[    1.668806] usb 2-2: new full-speed USB device number 3 using uhci_hcd
[    1.690017] scsi 2:0:0:0: Direct-Access     VMware,  VMware Virtual S 1.0  PQ: 0 ANSI: 2
[    1.690030] scsi target2:0:0: Beginning Domain Validation
[    1.690797] scsi target2:0:0: Domain Validation skipping write tests
[    1.690802] scsi target2:0:0: Ending Domain Validation
[    1.690871] scsi target2:0:0: FAST-40 WIDE SCSI 80.0 MB/s ST (25 ns, offset 127)
[    1.693411] sd 2:0:0:0: [sda] 41943040 512-byte logical blocks: (21.4 GB/20.0 GiB)
[    1.693481] sd 2:0:0:0: [sda] Write Protect is off
[    1.693485] sd 2:0:0:0: [sda] Mode Sense: 61 00 00 00
[    1.693558] sd 2:0:0:0: [sda] Cache data unavailable
[    1.693561] sd 2:0:0:0: [sda] Assuming drive cache: write through
[    1.693915] sd 2:0:0:0: [sda] Cache data unavailable
[    1.693918] sd 2:0:0:0: [sda] Assuming drive cache: write through
[    1.694771] sd 2:0:0:0: Attached scsi generic sg1 type 0
[    1.695420]  sda: sda1 sda2 < sda5 >
[    1.695840] sd 2:0:0:0: [sda] Cache data unavailable
[    1.695843] sd 2:0:0:0: [sda] Assuming drive cache: write through
[    1.695846] sd 2:0:0:0: [sda] Attached SCSI disk
[    1.732417] EXT4-fs (sda1): INFO: recovery required on readonly filesystem
[    1.732421] EXT4-fs (sda1): write access will be enabled during recovery
[    1.808685] hub 2-2:1.0: USB hub found
[    1.810816] hub 2-2:1.0: 7 ports detected
[    1.858772] EXT4-fs (sda1): recovery complete
[    1.859357] EXT4-fs (sda1): mounted filesystem with ordered data mode. Opts: (null)
[    3.427608] ADDRCONF(NETDEV_UP): eth0: link is not ready
[    3.444012] udevd[328]: starting version 175
[    3.490689] lp: driver loaded but no devices found
[    3.503612] Adding 1046524k swap on /dev/sda5.  Priority:-1 extents:1 across:1046524k 
[    3.578402] EXT4-fs (sda1): re-mounted. Opts: errors=remount-ro
[    3.594876] shpchp: Standard Hot Plug PCI Controller Driver version: 0.4
[    3.734509] ppdev: user-space parallel port driver
[    3.735747] parport_pc 00:09: reported by Plug and Play ACPI
[    3.735936] parport0: PC-style at 0x378, irq 7 [PCSPP,TRISTATE]
[    3.747719] Bluetooth: Core ver 2.16
[    3.748706] NET: Registered protocol family 31
[    3.748709] Bluetooth: HCI device and connection manager initialized
[    3.748711] Bluetooth: HCI socket layer initialized
[    3.748713] Bluetooth: L2CAP socket layer initialized
[    3.748717] Bluetooth: SCO socket layer initialized
[    3.769161] Bluetooth: BNEP (Ethernet Emulation) ver 1.3
[    3.769166] Bluetooth: BNEP filters: protocol multicast
[    3.777784] Bluetooth: RFCOMM TTY layer initialized
[    3.777792] Bluetooth: RFCOMM socket layer initialized
[    3.777795] Bluetooth: RFCOMM ver 1.11
[    3.829860] lp0: using parport0 (interrupt-driven).
[    3.846323] type=1400 audit(1369638908.178:2): apparmor="STATUS" operation="profile_load" name="/usr/lib/cups/backend/cups-pdf" pid=555 comm="apparmor_parser"
[    3.848328] type=1400 audit(1369638908.178:3): apparmor="STATUS" operation="profile_load" name="/usr/sbin/cupsd" pid=555 comm="apparmor_parser"
[    3.900244] piix4_smbus 0000:00:07.3: Host SMBus controller not enabled!
[    3.902056] [557]: VMCI: shared components initialized.
[    3.902076] Probing for vmci/PCI.
[    3.902221] ACPI: PCI Interrupt Link [LNKA] enabled at IRQ 9
[    3.902223] PCI: setting IRQ 9 as level-triggered
[    3.902228] vmci 0000:00:07.7: PCI INT A -> Link[LNKA] -> GSI 9 (level, low) -> IRQ 9
[    3.902266] Found vmci/PCI at 0x1080, irq 9.
[    3.902298] VMCI: using capabilities 0xc.
[    3.902363] [557]: VMCI: Host capability check passed.
[    3.902629] vmci 0000:00:07.7: irq 72 for MSI/MSI-X
[    3.902658] vmci 0000:00:07.7: irq 73 for MSI/MSI-X
[    3.902878] Registered vmci device.
[    3.912883] [557]: VMCI: Using guest personality
[    3.912888] [557]: VMCI: host components initialized.
[    3.916176] [557]: VMCI: Module registered (name=vmci,major=10,minor=57).
[    3.916179] [557]: VMCI: Using host personality
[    3.916181] [557]: VMCI: Module (name=vmci) is initialized
[    3.972904] type=1400 audit(1369638908.302:4): apparmor="STATUS" operation="profile_load" name="/sbin/dhclient" pid=596 comm="apparmor_parser"
[    3.973870] type=1400 audit(1369638908.306:5): apparmor="STATUS" operation="profile_load" name="/usr/lib/NetworkManager/nm-dhcp-client.action" pid=596 comm="apparmor_parser"
[    3.974067] type=1400 audit(1369638908.306:6): apparmor="STATUS" operation="profile_load" name="/usr/lib/connman/scripts/dhclient-script" pid=596 comm="apparmor_parser"
[    4.169235] input: ImPS/2 Generic Wheel Mouse as /devices/platform/i8042/serio1/input/input4
[    4.239405] snd_ens1371 0000:02:02.0: PCI INT A -> Link[LNKA] -> GSI 9 (level, low) -> IRQ 9
[    4.254480] init: failsafe main process (660) killed by TERM signal
[    4.370234] type=1400 audit(1369638908.702:7): apparmor="STATUS" operation="profile_load" name="/usr/lib/lightdm/lightdm/lightdm-guest-session-wrapper" pid=798 comm="apparmor_parser"
[    4.371111] type=1400 audit(1369638908.702:8): apparmor="STATUS" operation="profile_replace" name="/sbin/dhclient" pid=799 comm="apparmor_parser"
[    4.371602] type=1400 audit(1369638908.702:9): apparmor="STATUS" operation="profile_replace" name="/usr/lib/NetworkManager/nm-dhcp-client.action" pid=799 comm="apparmor_parser"
[    4.371652] type=1400 audit(1369638908.702:10): apparmor="STATUS" operation="profile_replace" name="/usr/lib/connman/scripts/dhclient-script" pid=799 comm="apparmor_parser"
[    4.549172] init: alsa-restore main process (868) terminated with status 19
