[    0.000000] Initializing cgroup subsys cpuset
[    0.000000] Initializing cgroup subsys cpu
[    0.000000] Linux version 3.2.0-29-generic-pae (buildd@roseapple) (gcc version 4.6.3 (Ubuntu/Linaro 4.6.3-1ubuntu5) ) #46-Ubuntu SMP Fri Jul 27 17:25:43 UTC 2012 (Ubuntu 3.2.0-29.46-generic-pae 3.2.24)
[    0.000000] KERNEL supported cpus:
[    0.000000]   Intel GenuineIntel
[    0.000000]   AMD AuthenticAMD
[    0.000000]   NSC Geode by NSC
[    0.000000]   Cyrix CyrixInstead
[    0.000000]   Centaur CentaurHauls
[    0.000000]   Transmeta GenuineTMx86
[    0.000000]   Transmeta TransmetaCPU
[    0.000000]   UMC UMC UMC UMC
[    0.000000] Disabled fast string operations
[    0.000000] BIOS-provided physical RAM map:
[    0.000000]  BIOS-e820: 0000000000000000 - 000000000009f000 (usable)
[    0.000000]  BIOS-e820: 000000000009f000 - 00000000000a0000 (reserved)
[    0.000000]  BIOS-e820: 00000000000ca000 - 00000000000cc000 (reserved)
[    0.000000]  BIOS-e820: 00000000000dc000 - 0000000000100000 (reserved)
[    0.000000]  BIOS-e820: 0000000000100000 - 000000003fee0000 (usable)
[    0.000000]  BIOS-e820: 000000003fee0000 - 000000003feff000 (ACPI data)
[    0.000000]  BIOS-e820: 000000003feff000 - 000000003ff00000 (ACPI NVS)
[    0.000000]  BIOS-e820: 000000003ff00000 - 0000000040000000 (usable)
[    0.000000]  BIOS-e820: 00000000e0000000 - 00000000f0000000 (reserved)
[    0.000000]  BIOS-e820: 00000000fec00000 - 00000000fec10000 (reserved)
[    0.000000]  BIOS-e820: 00000000fee00000 - 00000000fee01000 (reserved)
[    0.000000]  BIOS-e820: 00000000fffe0000 - 0000000100000000 (reserved)
[    0.000000] NX (Execute Disable) protection: active
[    0.000000] DMI present.
[    0.000000] DMI: VMware, Inc. VMware Virtual Platform/440BX Desktop Reference Platform, BIOS 6.00 07/02/2012
[    0.000000] Hypervisor detected: VMware
[    0.000000] e820 update range: 0000000000000000 - 0000000000010000 (usable) ==> (reserved)
[    0.000000] e820 remove range: 00000000000a0000 - 0000000000100000 (usable)
[    0.000000] last_pfn = 0x40000 max_arch_pfn = 0x1000000
[    0.000000] MTRR default type: uncachable
[    0.000000] MTRR fixed ranges enabled:
[    0.000000]   00000-9FFFF write-back
[    0.000000]   A0000-BFFFF uncachable
[    0.000000]   C0000-CBFFF write-protect
[    0.000000]   CC000-EFFFF uncachable
[    0.000000]   F0000-FFFFF write-protect
[    0.000000] MTRR variable ranges enabled:
[    0.000000]   0 base 0000000000 mask FFC0000000 write-back
[    0.000000]   1 disabled
[    0.000000]   2 disabled
[    0.000000]   3 disabled
[    0.000000]   4 disabled
[    0.000000]   5 disabled
[    0.000000]   6 disabled
[    0.000000]   7 disabled
[    0.000000] x86 PAT enabled: cpu 0, old 0x0, new 0x7010600070106
[    0.000000] found SMP MP-table at [c00f6bf0] f6bf0
[    0.000000] initial memory mapped : 0 - 02000000
[    0.000000] Base memory trampoline at [c009b000] 9b000 size 16384
[    0.000000] init_memory_mapping: 0000000000000000-0000000037bfe000
[    0.000000]  0000000000 - 0000200000 page 4k
[    0.000000]  0000200000 - 0037a00000 page 2M
[    0.000000]  0037a00000 - 0037bfe000 page 4k
[    0.000000] kernel direct mapping tables up to 37bfe000 @ 1ffb000-2000000
[    0.000000] RAMDISK: 364ea000 - 3726d000
[    0.000000] ACPI: RSDP 000f6b80 00024 (v02 PTLTD )
[    0.000000] ACPI: XSDT 3feed636 0005C (v01 INTEL  440BX    06040000 VMW  01324272)
[    0.000000] ACPI: FACP 3fefee98 000F4 (v04 INTEL  440BX    06040000 PTL  000F4240)
[    0.000000] ACPI: DSDT 3feee366 10B32 (v01 PTLTD  Custom   06040000 MSFT 03000001)
[    0.000000] ACPI: FACS 3fefffc0 00040
[    0.000000] ACPI: BOOT 3feee33e 00028 (v01 PTLTD  $SBFTBL$ 06040000  LTP 00000001)
[    0.000000] ACPI: APIC 3feedc3e 003C2 (v01 PTLTD  ? APIC   06040000  LTP 00000000)
[    0.000000] ACPI: MCFG 3feedc02 0003C (v01 PTLTD  $PCITBL$ 06040000  LTP 00000001)
[    0.000000] ACPI: SRAT 3feed732 004D0 (v02 VMWARE MEMPLUG  06040000 VMW  00000001)
[    0.000000] ACPI: HPET 3feed6fa 00038 (v01 VMWARE VMW HPET 06040000 VMW  00000001)
[    0.000000] ACPI: WAET 3feed6d2 00028 (v01 VMWARE VMW WAET 06040000 VMW  00000001)
[    0.000000] ACPI: Local APIC address 0xfee00000
[    0.000000] 132MB HIGHMEM available.
[    0.000000] 891MB LOWMEM available.
[    0.000000]   mapped low ram: 0 - 37bfe000
[    0.000000]   low ram: 0 - 37bfe000
[    0.000000] Zone PFN ranges:
[    0.000000]   DMA      0x00000010 -> 0x00001000
[    0.000000]   Normal   0x00001000 -> 0x00037bfe
[    0.000000]   HighMem  0x00037bfe -> 0x00040000
[    0.000000] Movable zone start PFN for each node
[    0.000000] early_node_map[3] active PFN ranges
[    0.000000]     0: 0x00000010 -> 0x0000009f
[    0.000000]     0: 0x00000100 -> 0x0003fee0
[    0.000000]     0: 0x0003ff00 -> 0x00040000
[    0.000000] On node 0 totalpages: 261999
[    0.000000] free_area_init_node: node 0, pgdat c1866a40, node_mem_map f73fd200
[    0.000000]   DMA zone: 32 pages used for memmap
[    0.000000]   DMA zone: 0 pages reserved
[    0.000000]   DMA zone: 3951 pages, LIFO batch:0
[    0.000000]   Normal zone: 1752 pages used for memmap
[    0.000000]   Normal zone: 222502 pages, LIFO batch:31
[    0.000000]   HighMem zone: 265 pages used for memmap
[    0.000000]   HighMem zone: 33497 pages, LIFO batch:7
[    0.000000] Using APIC driver default
[    0.000000] ACPI: PM-Timer IO Port: 0x1008
[    0.000000] ACPI: Local APIC address 0xfee00000
[    0.000000] ACPI: LAPIC (acpi_id[0x00] lapic_id[0x00] enabled)
[    0.000000] ACPI: LAPIC (acpi_id[0x01] lapic_id[0x02] disabled)
[    0.000000] ACPI: LAPIC (acpi_id[0x02] lapic_id[0x04] disabled)
[    0.000000] ACPI: LAPIC (acpi_id[0x03] lapic_id[0x06] disabled)
[    0.000000] ACPI: LAPIC (acpi_id[0x04] lapic_id[0x08] disabled)
[    0.000000] ACPI: LAPIC (acpi_id[0x05] lapic_id[0x0a] disabled)
[    0.000000] ACPI: LAPIC (acpi_id[0x06] lapic_id[0x0c] disabled)
[    0.000000] ACPI: LAPIC (acpi_id[0x07] lapic_id[0x0e] disabled)
[    0.000000] ACPI: LAPIC (acpi_id[0x08] lapic_id[0x10] disabled)
[    0.000000] ACPI: LAPIC (acpi_id[0x09] lapic_id[0x12] disabled)
[    0.000000] ACPI: LAPIC (acpi_id[0x0a] lapic_id[0x14] disabled)
[    0.000000] ACPI: LAPIC (acpi_id[0x0b] lapic_id[0x16] disabled)
[    0.000000] ACPI: LAPIC (acpi_id[0x0c] lapic_id[0x18] disabled)
[    0.000000] ACPI: LAPIC (acpi_id[0x0d] lapic_id[0x1a] disabled)
[    0.000000] ACPI: LAPIC (acpi_id[0x0e] lapic_id[0x1c] disabled)
[    0.000000] ACPI: LAPIC (acpi_id[0x0f] lapic_id[0x1e] disabled)
[    0.000000] ACPI: LAPIC (acpi_id[0x10] lapic_id[0x20] disabled)
[    0.000000] ACPI: LAPIC (acpi_id[0x11] lapic_id[0x22] disabled)
[    0.000000] ACPI: LAPIC (acpi_id[0x12] lapic_id[0x24] disabled)
[    0.000000] ACPI: LAPIC (acpi_id[0x13] lapic_id[0x26] disabled)
[    0.000000] ACPI: LAPIC (acpi_id[0x14] lapic_id[0x28] disabled)
[    0.000000] ACPI: LAPIC (acpi_id[0x15] lapic_id[0x2a] disabled)
[    0.000000] ACPI: LAPIC (acpi_id[0x16] lapic_id[0x2c] disabled)
[    0.000000] ACPI: LAPIC (acpi_id[0x17] lapic_id[0x2e] disabled)
[    0.000000] ACPI: LAPIC (acpi_id[0x18] lapic_id[0x30] disabled)
[    0.000000] ACPI: LAPIC (acpi_id[0x19] lapic_id[0x32] disabled)
[    0.000000] ACPI: LAPIC (acpi_id[0x1a] lapic_id[0x34] disabled)
[    0.000000] ACPI: LAPIC (acpi_id[0x1b] lapic_id[0x36] disabled)
[    0.000000] ACPI: LAPIC (acpi_id[0x1c] lapic_id[0x38] disabled)
[    0.000000] ACPI: LAPIC (acpi_id[0x1d] lapic_id[0x3a] disabled)
[    0.000000] ACPI: LAPIC (acpi_id[0x1e] lapic_id[0x3c] disabled)
[    0.000000] ACPI: LAPIC (acpi_id[0x1f] lapic_id[0x3e] disabled)
[    0.000000] ACPI: LAPIC (acpi_id[0x20] lapic_id[0x40] disabled)
[    0.000000] ACPI: LAPIC (acpi_id[0x21] lapic_id[0x42] disabled)
[    0.000000] ACPI: LAPIC (acpi_id[0x22] lapic_id[0x44] disabled)
[    0.000000] ACPI: LAPIC (acpi_id[0x23] lapic_id[0x46] disabled)
[    0.000000] ACPI: LAPIC (acpi_id[0x24] lapic_id[0x48] disabled)
[    0.000000] ACPI: LAPIC (acpi_id[0x25] lapic_id[0x4a] disabled)
[    0.000000] ACPI: LAPIC (acpi_id[0x26] lapic_id[0x4c] disabled)
[    0.000000] ACPI: LAPIC (acpi_id[0x27] lapic_id[0x4e] disabled)
[    0.000000] ACPI: LAPIC (acpi_id[0x28] lapic_id[0x50] disabled)
[    0.000000] ACPI: LAPIC (acpi_id[0x29] lapic_id[0x52] disabled)
[    0.000000] ACPI: LAPIC (acpi_id[0x2a] lapic_id[0x54] disabled)
[    0.000000] ACPI: LAPIC (acpi_id[0x2b] lapic_id[0x56] disabled)
[    0.000000] ACPI: LAPIC (acpi_id[0x2c] lapic_id[0x58] disabled)
[    0.000000] ACPI: LAPIC (acpi_id[0x2d] lapic_id[0x5a] disabled)
[    0.000000] ACPI: LAPIC (acpi_id[0x2e] lapic_id[0x5c] disabled)
[    0.000000] ACPI: LAPIC (acpi_id[0x2f] lapic_id[0x5e] disabled)
[    0.000000] ACPI: LAPIC (acpi_id[0x30] lapic_id[0x60] disabled)
[    0.000000] ACPI: LAPIC (acpi_id[0x31] lapic_id[0x62] disabled)
[    0.000000] ACPI: LAPIC (acpi_id[0x32] lapic_id[0x64] disabled)
[    0.000000] ACPI: LAPIC (acpi_id[0x33] lapic_id[0x66] disabled)
[    0.000000] ACPI: LAPIC (acpi_id[0x34] lapic_id[0x68] disabled)
[    0.000000] ACPI: LAPIC (acpi_id[0x35] lapic_id[0x6a] disabled)
[    0.000000] ACPI: LAPIC (acpi_id[0x36] lapic_id[0x6c] disabled)
[    0.000000] ACPI: LAPIC (acpi_id[0x37] lapic_id[0x6e] disabled)
[    0.000000] ACPI: LAPIC (acpi_id[0x38] lapic_id[0x70] disabled)
[    0.000000] ACPI: LAPIC (acpi_id[0x39] lapic_id[0x72] disabled)
[    0.000000] ACPI: LAPIC (acpi_id[0x3a] lapic_id[0x74] disabled)
[    0.000000] ACPI: LAPIC (acpi_id[0x3b] lapic_id[0x76] disabled)
[    0.000000] ACPI: LAPIC (acpi_id[0x3c] lapic_id[0x78] disabled)
[    0.000000] ACPI: LAPIC (acpi_id[0x3d] lapic_id[0x7a] disabled)
[    0.000000] ACPI: LAPIC (acpi_id[0x3e] lapic_id[0x7c] disabled)
[    0.000000] ACPI: LAPIC (acpi_id[0x3f] lapic_id[0x7e] disabled)
[    0.000000] ACPI: LAPIC_NMI (acpi_id[0x00] high edge lint[0x1])
[    0.000000] ACPI: LAPIC_NMI (acpi_id[0x01] high edge lint[0x1])
[    0.000000] ACPI: LAPIC_NMI (acpi_id[0x02] high edge lint[0x1])
[    0.000000] ACPI: LAPIC_NMI (acpi_id[0x03] high edge lint[0x1])
[    0.000000] ACPI: LAPIC_NMI (acpi_id[0x04] high edge lint[0x1])
[    0.000000] ACPI: LAPIC_NMI (acpi_id[0x05] high edge lint[0x1])
[    0.000000] ACPI: LAPIC_NMI (acpi_id[0x06] high edge lint[0x1])
[    0.000000] ACPI: LAPIC_NMI (acpi_id[0x07] high edge lint[0x1])
[    0.000000] ACPI: LAPIC_NMI (acpi_id[0x08] high edge lint[0x1])
[    0.000000] ACPI: LAPIC_NMI (acpi_id[0x09] high edge lint[0x1])
[    0.000000] ACPI: LAPIC_NMI (acpi_id[0x0a] high edge lint[0x1])
[    0.000000] ACPI: LAPIC_NMI (acpi_id[0x0b] high edge lint[0x1])
[    0.000000] ACPI: LAPIC_NMI (acpi_id[0x0c] high edge lint[0x1])
[    0.000000] ACPI: LAPIC_NMI (acpi_id[0x0d] high edge lint[0x1])
[    0.000000] ACPI: LAPIC_NMI (acpi_id[0x0e] high edge lint[0x1])
[    0.000000] ACPI: LAPIC_NMI (acpi_id[0x0f] high edge lint[0x1])
[    0.000000] ACPI: LAPIC_NMI (acpi_id[0x10] high edge lint[0x1])
[    0.000000] ACPI: LAPIC_NMI (acpi_id[0x11] high edge lint[0x1])
[    0.000000] ACPI: LAPIC_NMI (acpi_id[0x12] high edge lint[0x1])
[    0.000000] ACPI: LAPIC_NMI (acpi_id[0x13] high edge lint[0x1])
[    0.000000] ACPI: LAPIC_NMI (acpi_id[0x14] high edge lint[0x1])
[    0.000000] ACPI: LAPIC_NMI (acpi_id[0x15] high edge lint[0x1])
[    0.000000] ACPI: LAPIC_NMI (acpi_id[0x16] high edge lint[0x1])
[    0.000000] ACPI: LAPIC_NMI (acpi_id[0x17] high edge lint[0x1])
[    0.000000] ACPI: LAPIC_NMI (acpi_id[0x18] high edge lint[0x1])
[    0.000000] ACPI: LAPIC_NMI (acpi_id[0x19] high edge lint[0x1])
[    0.000000] ACPI: LAPIC_NMI (acpi_id[0x1a] high edge lint[0x1])
[    0.000000] ACPI: LAPIC_NMI (acpi_id[0x1b] high edge lint[0x1])
[    0.000000] ACPI: LAPIC_NMI (acpi_id[0x1c] high edge lint[0x1])
[    0.000000] ACPI: LAPIC_NMI (acpi_id[0x1d] high edge lint[0x1])
[    0.000000] ACPI: LAPIC_NMI (acpi_id[0x1e] high edge lint[0x1])
[    0.000000] ACPI: LAPIC_NMI (acpi_id[0x1f] high edge lint[0x1])
[    0.000000] ACPI: LAPIC_NMI (acpi_id[0x20] high edge lint[0x1])
[    0.000000] ACPI: LAPIC_NMI (acpi_id[0x21] high edge lint[0x1])
[    0.000000] ACPI: LAPIC_NMI (acpi_id[0x22] high edge lint[0x1])
[    0.000000] ACPI: LAPIC_NMI (acpi_id[0x23] high edge lint[0x1])
[    0.000000] ACPI: LAPIC_NMI (acpi_id[0x24] high edge lint[0x1])
[    0.000000] ACPI: LAPIC_NMI (acpi_id[0x25] high edge lint[0x1])
[    0.000000] ACPI: LAPIC_NMI (acpi_id[0x26] high edge lint[0x1])
[    0.000000] ACPI: LAPIC_NMI (acpi_id[0x27] high edge lint[0x1])
[    0.000000] ACPI: LAPIC_NMI (acpi_id[0x28] high edge lint[0x1])
[    0.000000] ACPI: LAPIC_NMI (acpi_id[0x29] high edge lint[0x1])
[    0.000000] ACPI: LAPIC_NMI (acpi_id[0x2a] high edge lint[0x1])
[    0.000000] ACPI: LAPIC_NMI (acpi_id[0x2b] high edge lint[0x1])
[    0.000000] ACPI: LAPIC_NMI (acpi_id[0x2c] high edge lint[0x1])
[    0.000000] ACPI: LAPIC_NMI (acpi_id[0x2d] high edge lint[0x1])
[    0.000000] ACPI: LAPIC_NMI (acpi_id[0x2e] high edge lint[0x1])
[    0.000000] ACPI: LAPIC_NMI (acpi_id[0x2f] high edge lint[0x1])
[    0.000000] ACPI: LAPIC_NMI (acpi_id[0x30] high edge lint[0x1])
[    0.000000] ACPI: LAPIC_NMI (acpi_id[0x31] high edge lint[0x1])
[    0.000000] ACPI: LAPIC_NMI (acpi_id[0x32] high edge lint[0x1])
[    0.000000] ACPI: LAPIC_NMI (acpi_id[0x33] high edge lint[0x1])
[    0.000000] ACPI: LAPIC_NMI (acpi_id[0x34] high edge lint[0x1])
[    0.000000] ACPI: LAPIC_NMI (acpi_id[0x35] high edge lint[0x1])
[    0.000000] ACPI: LAPIC_NMI (acpi_id[0x36] high edge lint[0x1])
[    0.000000] ACPI: LAPIC_NMI (acpi_id[0x37] high edge lint[0x1])
[    0.000000] ACPI: LAPIC_NMI (acpi_id[0x38] high edge lint[0x1])
[    0.000000] ACPI: LAPIC_NMI (acpi_id[0x39] high edge lint[0x1])
[    0.000000] ACPI: LAPIC_NMI (acpi_id[0x3a] high edge lint[0x1])
[    0.000000] ACPI: LAPIC_NMI (acpi_id[0x3b] high edge lint[0x1])
[    0.000000] ACPI: LAPIC_NMI (acpi_id[0x3c] high edge lint[0x1])
[    0.000000] ACPI: LAPIC_NMI (acpi_id[0x3d] high edge lint[0x1])
[    0.000000] ACPI: LAPIC_NMI (acpi_id[0x3e] high edge lint[0x1])
[    0.000000] ACPI: LAPIC_NMI (acpi_id[0x3f] high edge lint[0x1])
[    0.000000] ACPI: Skipping IOAPIC probe due to 'noapic' option.
[    0.000000] Using ACPI for processor (LAPIC) configuration information
[    0.000000] ACPI: HPET id: 0x8086af01 base: 0xfed00000
[    0.000000] Intel MultiProcessor Specification v1.4
[    0.000000]     Virtual Wire compatibility mode.
[    0.000000] MPTABLE: OEM ID: INTEL   
[    0.000000] MPTABLE: Product ID: 440BX       
[    0.000000] MPTABLE: APIC at: 0xFEE00000
[    0.000000] IOAPIC[0]: apic_id 1, version 17, address 0xfec00000, GSI 0-23
[    0.000000] Processors: 1
[    0.000000] SMP: Allowing 1 CPUs, 0 hotplug CPUs
[    0.000000] nr_irqs_gsi: 40
[    0.000000] PM: Registered nosave memory: 000000000009f000 - 00000000000a0000
[    0.000000] PM: Registered nosave memory: 00000000000a0000 - 00000000000ca000
[    0.000000] PM: Registered nosave memory: 00000000000ca000 - 00000000000cc000
[    0.000000] PM: Registered nosave memory: 00000000000cc000 - 00000000000dc000
[    0.000000] PM: Registered nosave memory: 00000000000dc000 - 0000000000100000
[    0.000000] Allocating PCI resources starting at 40000000 (gap: 40000000:a0000000)
[    0.000000] Booting paravirtualized kernel on bare hardware
[    0.000000] setup_percpu: NR_CPUS:8 nr_cpumask_bits:8 nr_cpu_ids:1 nr_node_ids:1
[    0.000000] PERCPU: Embedded 14 pages/cpu @f73e8000 s34240 r0 d23104 u57344
[    0.000000] pcpu-alloc: s34240 r0 d23104 u57344 alloc=14*4096
[    0.000000] pcpu-alloc: [0] 0 
[    0.000000] Built 1 zonelists in Zone order, mobility grouping on.  Total pages: 259950
[    0.000000] Kernel command line: BOOT_IMAGE=/boot/vmlinuz-3.2.0-29-generic-pae root=UUID=007b598c-390d-4c65-84a1-4ff752d48633 ro quiet splash maxcpus=0
[    0.000000] PID hash table entries: 4096 (order: 2, 16384 bytes)
[    0.000000] Dentry cache hash table entries: 131072 (order: 7, 524288 bytes)
[    0.000000] Inode-cache hash table entries: 65536 (order: 6, 262144 bytes)
[    0.000000] Initializing CPU#0
[    0.000000] xsave/xrstor: enabled xstate_bv 0x7, cntxt size 0x340
[    0.000000] allocated 4194048 bytes of page_cgroup
[    0.000000] please try 'cgroup_disable=memory' option if you don't want memory cgroups
[    0.000000] Initializing HighMem for node 0 (00037bfe:00040000)
[    0.000000] Memory: 1010624k/1048576k available (5814k kernel code, 37372k reserved, 2841k data, 740k init, 135048k highmem)
[    0.000000] virtual kernel memory layout:
[    0.000000]     fixmap  : 0xfff16000 - 0xfffff000   ( 932 kB)
[    0.000000]     pkmap   : 0xffc00000 - 0xffe00000   (2048 kB)
[    0.000000]     vmalloc : 0xf83fe000 - 0xffbfe000   ( 120 MB)
[    0.000000]     lowmem  : 0xc0000000 - 0xf7bfe000   ( 891 MB)
[    0.000000]       .init : 0xc1875000 - 0xc192e000   ( 740 kB)
[    0.000000]       .data : 0xc15adb64 - 0xc1874240   (2841 kB)
[    0.000000]       .text : 0xc1000000 - 0xc15adb64   (5814 kB)
[    0.000000] Checking if this processor honours the WP bit even in supervisor mode...Ok.
[    0.000000] SLUB: Genslabs=15, HWalign=64, Order=0-3, MinObjects=0, CPUs=1, Nodes=1
[    0.000000] Hierarchical RCU implementation.
[    0.000000] 	RCU dyntick-idle grace-period acceleration is enabled.
[    0.000000] NR_IRQS:2304 nr_irqs:256 16
[    0.000000] CPU 0 irqstacks, hard=f5c08000 soft=f5c0a000
[    0.000000] Extended CMOS year: 2000
[    0.000000] Console: colour VGA+ 80x25
[    0.000000] console [tty0] enabled
[    0.000000] hpet clockevent registered
[    0.000000] TSC freq read from hypervisor : 2394.620 MHz
[    0.000000] Detected 2394.620 MHz processor.
[    0.000001] Calibrating delay loop (skipped) preset value.. 4789.24 BogoMIPS (lpj=9578480)
[    0.000004] pid_max: default: 32768 minimum: 301
[    0.000018] Security Framework initialized
[    0.000032] AppArmor: AppArmor initialized
[    0.000034] Yama: becoming mindful.
[    0.000069] Mount-cache hash table entries: 512
[    0.000148] Initializing cgroup subsys cpuacct
[    0.000151] Initializing cgroup subsys memory
[    0.000156] Initializing cgroup subsys devices
[    0.000157] Initializing cgroup subsys freezer
[    0.000159] Initializing cgroup subsys blkio
[    0.000163] Initializing cgroup subsys perf_event
[    0.000207] Disabled fast string operations
[    0.000210] CPU: Physical Processor ID: 0
[    0.000219] ENERGY_PERF_BIAS: Set to 'normal', was 'performance'
[    0.000220] ENERGY_PERF_BIAS: View and update with x86_energy_perf_policy(8)
[    0.000877] mce: CPU supports 0 MCE banks
[    0.001613] SMP alternatives: switching to UP code
[    0.018636] Freeing SMP alternatives: 24k freed
[    0.018642] ACPI: Core revision 20110623
[    0.024783] ACPI: setting ELCR to 0200 (from 0e20)
[    0.025845] ftrace: allocating 26545 entries in 52 pages
[    0.046142] SMP mode deactivated.
[    0.046170] SMP disabled
[    0.046172] Performance Events: generic architected perfmon v1, core PMU driver.
[    0.046184] ... version:                1
[    0.046185] ... bit width:              48
[    0.046185] ... generic registers:      4
[    0.046187] ... value mask:             0000ffffffffffff
[    0.046188] ... max period:             000000007fffffff
[    0.046189] ... fixed-purpose events:   0
[    0.046189] ... event mask:             000000000000000f
[    0.046277] NMI watchdog enabled, takes one hw-pmu counter.
[    0.046295] Brought up 1 CPUs
[    0.046297] Total of 1 processors activated (4789.24 BogoMIPS).
[    0.046414] devtmpfs: initialized
[    0.046482] EVM: security.selinux
[    0.046483] EVM: security.SMACK64
[    0.046484] EVM: security.capability
[    0.046509] PM: Registering ACPI NVS region at 3feff000 (4096 bytes)
[    0.047205] print_constraints: dummy: 
[    0.047275] RTC time: 11:10:22, date: 05/27/13
[    0.047303] NET: Registered protocol family 16
[    0.047385] EISA bus registered
[    0.047395] ACPI: bus type pci registered
[    0.047499] PCI: MMCONFIG for domain 0000 [bus 00-ff] at [mem 0xe0000000-0xefffffff] (base 0xe0000000)
[    0.047501] PCI: MMCONFIG at [mem 0xe0000000-0xefffffff] reserved in E820
[    0.047502] PCI: Using MMCONFIG for extended config space
[    0.047504] PCI: Using configuration type 1 for base access
[    0.048162] bio: create slab <bio-0> at 0
[    0.048223] ACPI: Added _OSI(Module Device)
[    0.048224] ACPI: Added _OSI(Processor Device)
[    0.048226] ACPI: Added _OSI(3.0 _SCP Extensions)
[    0.048227] ACPI: Added _OSI(Processor Aggregator Device)
[    0.050107] ACPI: EC: Look up EC in DSDT
[    0.056215] [Firmware Bug]: ACPI: BIOS _OSI(Linux) query ignored
[    0.066650] ACPI: Interpreter enabled
[    0.066660] ACPI: (supports S0 S1 S4 S5)
[    0.066671] ACPI: Using PIC for interrupt routing
[    0.105961] ACPI: No dock devices found.
[    0.105965] HEST: Table not found.
[    0.105970] PCI: Using host bridge windows from ACPI; if necessary, use "pci=nocrs" and report a bug
[    0.106826] ACPI: PCI Root Bridge [PCI0] (domain 0000 [bus 00-ff])
[    0.108354] pci_root PNP0A03:00: host bridge window [mem 0x000a0000-0x000bffff]
[    0.108357] pci_root PNP0A03:00: host bridge window [mem 0x000cc000-0x000cffff]
[    0.108359] pci_root PNP0A03:00: host bridge window [mem 0x000d0000-0x000d3fff]
[    0.108361] pci_root PNP0A03:00: host bridge window [mem 0x000d4000-0x000d7fff]
[    0.108364] pci_root PNP0A03:00: host bridge window [mem 0x000d8000-0x000dbfff]
[    0.108366] pci_root PNP0A03:00: host bridge window [mem 0xc0000000-0xfebfffff]
[    0.108369] pci_root PNP0A03:00: host bridge window [io  0x0000-0x0cf7]
[    0.108371] pci_root PNP0A03:00: host bridge window [io  0x0d00-0xfeff]
[    0.108432] pci 0000:00:00.0: [8086:7190] type 0 class 0x000600
[    0.108948] pci 0000:00:01.0: [8086:7191] type 1 class 0x000604
[    0.109442] pci 0000:00:07.0: [8086:7110] type 0 class 0x000601
[    0.110201] pci 0000:00:07.1: [8086:7111] type 0 class 0x000101
[    0.112285] pci 0000:00:07.1: reg 20: [io  0x10c0-0x10cf]
[    0.113033] pci 0000:00:07.3: [8086:7113] type 0 class 0x000680
[    0.114718] pci 0000:00:07.3: quirk: [io  0x1000-0x103f] claimed by PIIX4 ACPI
[    0.114732] pci 0000:00:07.3: quirk: [io  0x1040-0x104f] claimed by PIIX4 SMB
[    0.114977] pci 0000:00:07.7: [15ad:0740] type 0 class 0x000880
[    0.115473] pci 0000:00:07.7: reg 10: [io  0x1080-0x10bf]
[    0.116073] pci 0000:00:07.7: reg 14: [mem 0xc8000000-0xc8001fff 64bit]
[    0.118180] pci 0000:00:0f.0: [15ad:0405] type 0 class 0x000300
[    0.120249] pci 0000:00:0f.0: reg 10: [io  0x10d0-0x10df]
[    0.122206] pci 0000:00:0f.0: reg 14: [mem 0xd0000000-0xd7ffffff pref]
[    0.124178] pci 0000:00:0f.0: reg 18: [mem 0xc8800000-0xc8ffffff]
[    0.132127] pci 0000:00:0f.0: reg 30: [mem 0x00000000-0x00007fff pref]
[    0.132444] pci 0000:00:10.0: [1000:0030] type 0 class 0x000100
[    0.133009] pci 0000:00:10.0: reg 10: [io  0x1400-0x14ff]
[    0.133730] pci 0000:00:10.0: reg 14: [mem 0xc8040000-0xc805ffff 64bit]
[    0.134451] pci 0000:00:10.0: reg 1c: [mem 0xc8020000-0xc803ffff 64bit]
[    0.135515] pci 0000:00:10.0: reg 30: [mem 0x00000000-0x00003fff pref]
[    0.135680] pci 0000:00:11.0: [15ad:0790] type 1 class 0x000604
[    0.136438] pci 0000:00:15.0: [15ad:07a0] type 1 class 0x000604
[    0.137214] pci 0000:00:15.0: PME# supported from D0 D3hot D3cold
[    0.137239] pci 0000:00:15.0: PME# disabled
[    0.137478] pci 0000:00:15.1: [15ad:07a0] type 1 class 0x000604
[    0.138253] pci 0000:00:15.1: PME# supported from D0 D3hot D3cold
[    0.138277] pci 0000:00:15.1: PME# disabled
[    0.138516] pci 0000:00:15.2: [15ad:07a0] type 1 class 0x000604
[    0.139289] pci 0000:00:15.2: PME# supported from D0 D3hot D3cold
[    0.139313] pci 0000:00:15.2: PME# disabled
[    0.139552] pci 0000:00:15.3: [15ad:07a0] type 1 class 0x000604
[    0.140342] pci 0000:00:15.3: PME# supported from D0 D3hot D3cold
[    0.140365] pci 0000:00:15.3: PME# disabled
[    0.140604] pci 0000:00:15.4: [15ad:07a0] type 1 class 0x000604
[    0.141383] pci 0000:00:15.4: PME# supported from D0 D3hot D3cold
[    0.141407] pci 0000:00:15.4: PME# disabled
[    0.141653] pci 0000:00:15.5: [15ad:07a0] type 1 class 0x000604
[    0.142429] pci 0000:00:15.5: PME# supported from D0 D3hot D3cold
[    0.142453] pci 0000:00:15.5: PME# disabled
[    0.142692] pci 0000:00:15.6: [15ad:07a0] type 1 class 0x000604
[    0.143466] pci 0000:00:15.6: PME# supported from D0 D3hot D3cold
[    0.143490] pci 0000:00:15.6: PME# disabled
[    0.143729] pci 0000:00:15.7: [15ad:07a0] type 1 class 0x000604
[    0.144518] pci 0000:00:15.7: PME# supported from D0 D3hot D3cold
[    0.144541] pci 0000:00:15.7: PME# disabled
[    0.144781] pci 0000:00:16.0: [15ad:07a0] type 1 class 0x000604
[    0.145547] pci 0000:00:16.0: PME# supported from D0 D3hot D3cold
[    0.145570] pci 0000:00:16.0: PME# disabled
[    0.145809] pci 0000:00:16.1: [15ad:07a0] type 1 class 0x000604
[    0.146577] pci 0000:00:16.1: PME# supported from D0 D3hot D3cold
[    0.146601] pci 0000:00:16.1: PME# disabled
[    0.146839] pci 0000:00:16.2: [15ad:07a0] type 1 class 0x000604
[    0.147603] pci 0000:00:16.2: PME# supported from D0 D3hot D3cold
[    0.147627] pci 0000:00:16.2: PME# disabled
[    0.147881] pci 0000:00:16.3: [15ad:07a0] type 1 class 0x000604
[    0.148653] pci 0000:00:16.3: PME# supported from D0 D3hot D3cold
[    0.148678] pci 0000:00:16.3: PME# disabled
[    0.148917] pci 0000:00:16.4: [15ad:07a0] type 1 class 0x000604
[    0.149683] pci 0000:00:16.4: PME# supported from D0 D3hot D3cold
[    0.149706] pci 0000:00:16.4: PME# disabled
[    0.149950] pci 0000:00:16.5: [15ad:07a0] type 1 class 0x000604
[    0.150726] pci 0000:00:16.5: PME# supported from D0 D3hot D3cold
[    0.150750] pci 0000:00:16.5: PME# disabled
[    0.150988] pci 0000:00:16.6: [15ad:07a0] type 1 class 0x000604
[    0.151853] pci 0000:00:16.6: PME# supported from D0 D3hot D3cold
[    0.151878] pci 0000:00:16.6: PME# disabled
[    0.152119] pci 0000:00:16.7: [15ad:07a0] type 1 class 0x000604
[    0.152896] pci 0000:00:16.7: PME# supported from D0 D3hot D3cold
[    0.152920] pci 0000:00:16.7: PME# disabled
[    0.153160] pci 0000:00:17.0: [15ad:07a0] type 1 class 0x000604
[    0.153942] pci 0000:00:17.0: PME# supported from D0 D3hot D3cold
[    0.153966] pci 0000:00:17.0: PME# disabled
[    0.154213] pci 0000:00:17.1: [15ad:07a0] type 1 class 0x000604
[    0.154977] pci 0000:00:17.1: PME# supported from D0 D3hot D3cold
[    0.155000] pci 0000:00:17.1: PME# disabled
[    0.155252] pci 0000:00:17.2: [15ad:07a0] type 1 class 0x000604
[    0.156031] pci 0000:00:17.2: PME# supported from D0 D3hot D3cold
[    0.156055] pci 0000:00:17.2: PME# disabled
[    0.156306] pci 0000:00:17.3: [15ad:07a0] type 1 class 0x000604
[    0.157070] pci 0000:00:17.3: PME# supported from D0 D3hot D3cold
[    0.157093] pci 0000:00:17.3: PME# disabled
[    0.157340] pci 0000:00:17.4: [15ad:07a0] type 1 class 0x000604
[    0.158103] pci 0000:00:17.4: PME# supported from D0 D3hot D3cold
[    0.158127] pci 0000:00:17.4: PME# disabled
[    0.158374] pci 0000:00:17.5: [15ad:07a0] type 1 class 0x000604
[    0.159139] pci 0000:00:17.5: PME# supported from D0 D3hot D3cold
[    0.159171] pci 0000:00:17.5: PME# disabled
[    0.159410] pci 0000:00:17.6: [15ad:07a0] type 1 class 0x000604
[    0.160193] pci 0000:00:17.6: PME# supported from D0 D3hot D3cold
[    0.160217] pci 0000:00:17.6: PME# disabled
[    0.160456] pci 0000:00:17.7: [15ad:07a0] type 1 class 0x000604
[    0.161229] pci 0000:00:17.7: PME# supported from D0 D3hot D3cold
[    0.161253] pci 0000:00:17.7: PME# disabled
[    0.161492] pci 0000:00:18.0: [15ad:07a0] type 1 class 0x000604
[    0.162258] pci 0000:00:18.0: PME# supported from D0 D3hot D3cold
[    0.162281] pci 0000:00:18.0: PME# disabled
[    0.162520] pci 0000:00:18.1: [15ad:07a0] type 1 class 0x000604
[    0.163321] pci 0000:00:18.1: PME# supported from D0 D3hot D3cold
[    0.163346] pci 0000:00:18.1: PME# disabled
[    0.163586] pci 0000:00:18.2: [15ad:07a0] type 1 class 0x000604
[    0.164368] pci 0000:00:18.2: PME# supported from D0 D3hot D3cold
[    0.164391] pci 0000:00:18.2: PME# disabled
[    0.164631] pci 0000:00:18.3: [15ad:07a0] type 1 class 0x000604
[    0.165408] pci 0000:00:18.3: PME# supported from D0 D3hot D3cold
[    0.165432] pci 0000:00:18.3: PME# disabled
[    0.165670] pci 0000:00:18.4: [15ad:07a0] type 1 class 0x000604
[    0.166442] pci 0000:00:18.4: PME# supported from D0 D3hot D3cold
[    0.166466] pci 0000:00:18.4: PME# disabled
[    0.166710] pci 0000:00:18.5: [15ad:07a0] type 1 class 0x000604
[    0.167480] pci 0000:00:18.5: PME# supported from D0 D3hot D3cold
[    0.167504] pci 0000:00:18.5: PME# disabled
[    0.167758] pci 0000:00:18.6: [15ad:07a0] type 1 class 0x000604
[    0.168524] pci 0000:00:18.6: PME# supported from D0 D3hot D3cold
[    0.168548] pci 0000:00:18.6: PME# disabled
[    0.168787] pci 0000:00:18.7: [15ad:07a0] type 1 class 0x000604
[    0.169560] pci 0000:00:18.7: PME# supported from D0 D3hot D3cold
[    0.169584] pci 0000:00:18.7: PME# disabled
[    0.170203] pci 0000:00:01.0: PCI bridge to [bus 01-01]
[    0.170520] pci 0000:02:00.0: [15ad:0774] type 0 class 0x000c03
[    0.171858] pci 0000:02:00.0: reg 20: [io  0x20c0-0x20df]
[    0.172502] pci 0000:02:01.0: [1022:2000] type 0 class 0x000200
[    0.172787] pci 0000:02:01.0: reg 10: [io  0x2000-0x207f]
[    0.174306] pci 0000:02:01.0: reg 30: [mem 0x00000000-0x0000ffff pref]
[    0.174438] pci 0000:02:02.0: [1274:1371] type 0 class 0x000401
[    0.174769] pci 0000:02:02.0: reg 10: [io  0x2080-0x20bf]
[    0.176706] pci 0000:02:03.0: [15ad:0770] type 0 class 0x000c03
[    0.176977] pci 0000:02:03.0: reg 10: [mem 0xc9000000-0xc9000fff]
[    0.178736] pci 0000:00:11.0: PCI bridge to [bus 02-02] (subtractive decode)
[    0.178760] pci 0000:00:11.0:   bridge window [io  0x2000-0x3fff]
[    0.178783] pci 0000:00:11.0:   bridge window [mem 0xc9000000-0xca3fffff]
[    0.178827] pci 0000:00:11.0:   bridge window [mem 0xd8400000-0xd89fffff 64bit pref]
[    0.178829] pci 0000:00:11.0:   bridge window [mem 0x000a0000-0x000bffff] (subtractive decode)
[    0.178831] pci 0000:00:11.0:   bridge window [mem 0x000cc000-0x000cffff] (subtractive decode)
[    0.178833] pci 0000:00:11.0:   bridge window [mem 0x000d0000-0x000d3fff] (subtractive decode)
[    0.178834] pci 0000:00:11.0:   bridge window [mem 0x000d4000-0x000d7fff] (subtractive decode)
[    0.178836] pci 0000:00:11.0:   bridge window [mem 0x000d8000-0x000dbfff] (subtractive decode)
[    0.178837] pci 0000:00:11.0:   bridge window [mem 0xc0000000-0xfebfffff] (subtractive decode)
[    0.178839] pci 0000:00:11.0:   bridge window [io  0x0000-0x0cf7] (subtractive decode)
[    0.178841] pci 0000:00:11.0:   bridge window [io  0x0d00-0xfeff] (subtractive decode)
[    0.179489] pci 0000:00:15.0: PCI bridge to [bus 03-03]
[    0.179568] pci 0000:00:15.0:   bridge window [io  0x4000-0x4fff]
[    0.179596] pci 0000:00:15.0:   bridge window [mem 0xca400000-0xca4fffff]
[    0.179657] pci 0000:00:15.0:   bridge window [mem 0xd8a00000-0xd8afffff 64bit pref]
[    0.180409] pci 0000:00:15.1: PCI bridge to [bus 04-04]
[    0.180438] pci 0000:00:15.1:   bridge window [io  0x8000-0x8fff]
[    0.180467] pci 0000:00:15.1:   bridge window [mem 0xca800000-0xca8fffff]
[    0.180521] pci 0000:00:15.1:   bridge window [mem 0xd8e00000-0xd8efffff 64bit pref]
[    0.181088] pci 0000:00:15.2: PCI bridge to [bus 05-05]
[    0.181116] pci 0000:00:15.2:   bridge window [io  0xc000-0xcfff]
[    0.181154] pci 0000:00:15.2:   bridge window [mem 0xcac00000-0xcacfffff]
[    0.181209] pci 0000:00:15.2:   bridge window [mem 0xd9200000-0xd92fffff 64bit pref]
[    0.181777] pci 0000:00:15.3: PCI bridge to [bus 06-06]
[    0.181831] pci 0000:00:15.3:   bridge window [mem 0xcb000000-0xcb0fffff]
[    0.181885] pci 0000:00:15.3:   bridge window [mem 0xd9600000-0xd96fffff 64bit pref]
[    0.182450] pci 0000:00:15.4: PCI bridge to [bus 07-07]
[    0.182503] pci 0000:00:15.4:   bridge window [mem 0xcb400000-0xcb4fffff]
[    0.182557] pci 0000:00:15.4:   bridge window [mem 0xd9a00000-0xd9afffff 64bit pref]
[    0.183140] pci 0000:00:15.5: PCI bridge to [bus 08-08]
[    0.183194] pci 0000:00:15.5:   bridge window [mem 0xcb800000-0xcb8fffff]
[    0.183248] pci 0000:00:15.5:   bridge window [mem 0xd9e00000-0xd9efffff 64bit pref]
[    0.183836] pci 0000:00:15.6: PCI bridge to [bus 09-09]
[    0.183891] pci 0000:00:15.6:   bridge window [mem 0xcbc00000-0xcbcfffff]
[    0.183945] pci 0000:00:15.6:   bridge window [mem 0xda200000-0xda2fffff 64bit pref]
[    0.184518] pci 0000:00:15.7: PCI bridge to [bus 0a-0a]
[    0.184573] pci 0000:00:15.7:   bridge window [mem 0xcc000000-0xcc0fffff]
[    0.184627] pci 0000:00:15.7:   bridge window [mem 0xda600000-0xda6fffff 64bit pref]
[    0.185203] pci 0000:00:16.0: PCI bridge to [bus 0b-0b]
[    0.185231] pci 0000:00:16.0:   bridge window [io  0x5000-0x5fff]
[    0.185259] pci 0000:00:16.0:   bridge window [mem 0xca500000-0xca5fffff]
[    0.185320] pci 0000:00:16.0:   bridge window [mem 0xd8b00000-0xd8bfffff 64bit pref]
[    0.185846] pci 0000:00:16.1: PCI bridge to [bus 0c-0c]
[    0.185872] pci 0000:00:16.1:   bridge window [io  0x9000-0x9fff]
[    0.185898] pci 0000:00:16.1:   bridge window [mem 0xca900000-0xca9fffff]
[    0.185948] pci 0000:00:16.1:   bridge window [mem 0xd8f00000-0xd8ffffff 64bit pref]
[    0.186512] pci 0000:00:16.2: PCI bridge to [bus 0d-0d]
[    0.186538] pci 0000:00:16.2:   bridge window [io  0xd000-0xdfff]
[    0.186565] pci 0000:00:16.2:   bridge window [mem 0xcad00000-0xcadfffff]
[    0.186614] pci 0000:00:16.2:   bridge window [mem 0xd9300000-0xd93fffff 64bit pref]
[    0.187163] pci 0000:00:16.3: PCI bridge to [bus 0e-0e]
[    0.187216] pci 0000:00:16.3:   bridge window [mem 0xcb100000-0xcb1fffff]
[    0.187275] pci 0000:00:16.3:   bridge window [mem 0xd9700000-0xd97fffff 64bit pref]
[    0.187819] pci 0000:00:16.4: PCI bridge to [bus 0f-0f]
[    0.187868] pci 0000:00:16.4:   bridge window [mem 0xcb500000-0xcb5fffff]
[    0.187918] pci 0000:00:16.4:   bridge window [mem 0xd9b00000-0xd9bfffff 64bit pref]
[    0.188466] pci 0000:00:16.5: PCI bridge to [bus 10-10]
[    0.188515] pci 0000:00:16.5:   bridge window [mem 0xcb900000-0xcb9fffff]
[    0.188565] pci 0000:00:16.5:   bridge window [mem 0xd9f00000-0xd9ffffff 64bit pref]
[    0.189087] pci 0000:00:16.6: PCI bridge to [bus 11-11]
[    0.189154] pci 0000:00:16.6:   bridge window [mem 0xcbd00000-0xcbdfffff]
[    0.189214] pci 0000:00:16.6:   bridge window [mem 0xda300000-0xda3fffff 64bit pref]
[    0.189738] pci 0000:00:16.7: PCI bridge to [bus 12-12]
[    0.189787] pci 0000:00:16.7:   bridge window [mem 0xcc100000-0xcc1fffff]
[    0.189837] pci 0000:00:16.7:   bridge window [mem 0xda700000-0xda7fffff 64bit pref]
[    0.190392] pci 0000:00:17.0: PCI bridge to [bus 13-13]
[    0.190417] pci 0000:00:17.0:   bridge window [io  0x6000-0x6fff]
[    0.190444] pci 0000:00:17.0:   bridge window [mem 0xca600000-0xca6fffff]
[    0.190494] pci 0000:00:17.0:   bridge window [mem 0xd8c00000-0xd8cfffff 64bit pref]
[    0.191019] pci 0000:00:17.1: PCI bridge to [bus 14-14]
[    0.191045] pci 0000:00:17.1:   bridge window [io  0xa000-0xafff]
[    0.191071] pci 0000:00:17.1:   bridge window [mem 0xcaa00000-0xcaafffff]
[    0.191120] pci 0000:00:17.1:   bridge window [mem 0xd9000000-0xd90fffff 64bit pref]
[    0.191663] pci 0000:00:17.2: PCI bridge to [bus 15-15]
[    0.191689] pci 0000:00:17.2:   bridge window [io  0xe000-0xefff]
[    0.191729] pci 0000:00:17.2:   bridge window [mem 0xcae00000-0xcaefffff]
[    0.191779] pci 0000:00:17.2:   bridge window [mem 0xd9400000-0xd94fffff 64bit pref]
[    0.192333] pci 0000:00:17.3: PCI bridge to [bus 16-16]
[    0.192382] pci 0000:00:17.3:   bridge window [mem 0xcb200000-0xcb2fffff]
[    0.192432] pci 0000:00:17.3:   bridge window [mem 0xd9800000-0xd98fffff 64bit pref]
[    0.192957] pci 0000:00:17.4: PCI bridge to [bus 17-17]
[    0.193006] pci 0000:00:17.4:   bridge window [mem 0xcb600000-0xcb6fffff]
[    0.193056] pci 0000:00:17.4:   bridge window [mem 0xd9c00000-0xd9cfffff 64bit pref]
[    0.193610] pci 0000:00:17.5: PCI bridge to [bus 18-18]
[    0.193659] pci 0000:00:17.5:   bridge window [mem 0xcba00000-0xcbafffff]
[    0.193709] pci 0000:00:17.5:   bridge window [mem 0xda000000-0xda0fffff 64bit pref]
[    0.194260] pci 0000:00:17.6: PCI bridge to [bus 19-19]
[    0.194310] pci 0000:00:17.6:   bridge window [mem 0xcbe00000-0xcbefffff]
[    0.194360] pci 0000:00:17.6:   bridge window [mem 0xda400000-0xda4fffff 64bit pref]
[    0.194887] pci 0000:00:17.7: PCI bridge to [bus 1a-1a]
[    0.194936] pci 0000:00:17.7:   bridge window [mem 0xcc200000-0xcc2fffff]
[    0.194986] pci 0000:00:17.7:   bridge window [mem 0xda800000-0xda8fffff 64bit pref]
[    0.195530] pci 0000:00:18.0: PCI bridge to [bus 1b-1b]
[    0.195556] pci 0000:00:18.0:   bridge window [io  0x7000-0x7fff]
[    0.195582] pci 0000:00:18.0:   bridge window [mem 0xca700000-0xca7fffff]
[    0.195632] pci 0000:00:18.0:   bridge window [mem 0xd8d00000-0xd8dfffff 64bit pref]
[    0.196202] pci 0000:00:18.1: PCI bridge to [bus 1c-1c]
[    0.196229] pci 0000:00:18.1:   bridge window [io  0xb000-0xbfff]
[    0.196256] pci 0000:00:18.1:   bridge window [mem 0xcab00000-0xcabfffff]
[    0.196307] pci 0000:00:18.1:   bridge window [mem 0xd9100000-0xd91fffff 64bit pref]
[    0.196834] pci 0000:00:18.2: PCI bridge to [bus 1d-1d]
[    0.196859] pci 0000:00:18.2:   bridge window [io  0xf000-0xffff]
[    0.196886] pci 0000:00:18.2:   bridge window [mem 0xcaf00000-0xcaffffff]
[    0.196936] pci 0000:00:18.2:   bridge window [mem 0xd9500000-0xd95fffff 64bit pref]
[    0.197503] pci 0000:00:18.3: PCI bridge to [bus 1e-1e]
[    0.197553] pci 0000:00:18.3:   bridge window [mem 0xcb300000-0xcb3fffff]
[    0.197602] pci 0000:00:18.3:   bridge window [mem 0xd9900000-0xd99fffff 64bit pref]
[    0.198199] pci 0000:00:18.4: PCI bridge to [bus 1f-1f]
[    0.198249] pci 0000:00:18.4:   bridge window [mem 0xcb700000-0xcb7fffff]
[    0.198298] pci 0000:00:18.4:   bridge window [mem 0xd9d00000-0xd9dfffff 64bit pref]
[    0.198825] pci 0000:00:18.5: PCI bridge to [bus 20-20]
[    0.198875] pci 0000:00:18.5:   bridge window [mem 0xcbb00000-0xcbbfffff]
[    0.198924] pci 0000:00:18.5:   bridge window [mem 0xda100000-0xda1fffff 64bit pref]
[    0.199465] pci 0000:00:18.6: PCI bridge to [bus 21-21]
[    0.199514] pci 0000:00:18.6:   bridge window [mem 0xcbf00000-0xcbffffff]
[    0.199565] pci 0000:00:18.6:   bridge window [mem 0xda500000-0xda5fffff 64bit pref]
[    0.200105] pci 0000:00:18.7: PCI bridge to [bus 22-22]
[    0.200183] pci 0000:00:18.7:   bridge window [mem 0xcc300000-0xcc3fffff]
[    0.200233] pci 0000:00:18.7:   bridge window [mem 0xda900000-0xda9fffff 64bit pref]
[    0.202235] pci_bus 0000:00: on NUMA node 0
[    0.202242] ACPI: PCI Interrupt Routing Table [\_SB_.PCI0._PRT]
[    0.203055]  pci0000:00: Requesting ACPI _OSC control (0x1d)
[    0.203343]  pci0000:00: ACPI _OSC control (0x15) granted
[    0.280901] ACPI: PCI Interrupt Link [LNKA] (IRQs 3 4 5 6 7 *9 10 11 14 15)
[    0.280973] ACPI: PCI Interrupt Link [LNKB] (IRQs 3 4 5 6 7 9 10 *11 14 15)
[    0.281044] ACPI: PCI Interrupt Link [LNKC] (IRQs 3 4 5 6 7 9 *10 11 14 15)
[    0.281110] ACPI: PCI Interrupt Link [LNKD] (IRQs 3 4 *5 6 7 9 10 11 14 15)
[    0.281244] vgaarb: device added: PCI:0000:00:0f.0,decodes=io+mem,owns=io+mem,locks=none
[    0.281253] vgaarb: loaded
[    0.281254] vgaarb: bridge control possible 0000:00:0f.0
[    0.281332] i2c-core: driver [aat2870] using legacy suspend method
[    0.281333] i2c-core: driver [aat2870] using legacy resume method
[    0.281394] SCSI subsystem initialized
[    0.281432] libata version 3.00 loaded.
[    0.281460] usbcore: registered new interface driver usbfs
[    0.281469] usbcore: registered new interface driver hub
[    0.281491] usbcore: registered new device driver usb
[    0.281553] PCI: Using ACPI for IRQ routing
[    0.353188] PCI: pci_cache_line_size set to 64 bytes
[    0.353217] pci 0000:00:18.2: no compatible bridge window for [io  0xf000-0xffff]
[    0.354366] reserve RAM buffer: 000000000009f000 - 000000000009ffff 
[    0.354369] reserve RAM buffer: 000000003fee0000 - 000000003fffffff 
[    0.354483] NetLabel: Initializing
[    0.354485] NetLabel:  domain hash size = 128
[    0.354486] NetLabel:  protocols = UNLABELED CIPSOv4
[    0.354497] NetLabel:  unlabeled traffic allowed by default
[    0.354558] hpet0: at MMIO 0xfed00000, IRQs 2, 8, 0, 0, 0, 0, 0, 0, 0, 0, 0, 0, 0, 0, 0, 0
[    0.354567] hpet0: 16 comparators, 64-bit 14.318180 MHz counter
[    0.356605] Switching to clocksource hpet
[    0.362249] AppArmor: AppArmor Filesystem Enabled
[    0.362267] pnp: PnP ACPI init
[    0.362282] ACPI: bus type pnp registered
[    0.362891] pnp 00:00: [bus 00-ff]
[    0.362893] pnp 00:00: [mem 0x000a0000-0x000bffff window]
[    0.362895] pnp 00:00: [mem 0x000c0000-0x000c3fff window]
[    0.362896] pnp 00:00: [mem 0x000c4000-0x000c7fff window]
[    0.362898] pnp 00:00: [mem 0x000c8000-0x000cbfff window]
[    0.362899] pnp 00:00: [mem 0x000cc000-0x000cffff window]
[    0.362901] pnp 00:00: [mem 0x000d0000-0x000d3fff window]
[    0.362902] pnp 00:00: [mem 0x000d4000-0x000d7fff window]
[    0.362903] pnp 00:00: [mem 0x000d8000-0x000dbfff window]
[    0.362905] pnp 00:00: [mem 0x000dc000-0x000dffff window]
[    0.362906] pnp 00:00: [mem 0x000e0000-0x000e3fff window]
[    0.362908] pnp 00:00: [mem 0x000e4000-0x000e7fff window]
[    0.362909] pnp 00:00: [mem 0x000e8000-0x000ebfff window]
[    0.362910] pnp 00:00: [mem 0x000ec000-0x000effff window]
[    0.362912] pnp 00:00: [mem 0xc0000000-0xfebfffff window]
[    0.362914] pnp 00:00: [io  0x0cf8-0x0cff]
[    0.362915] pnp 00:00: [io  0x0000-0x0cf7 window]
[    0.362916] pnp 00:00: [io  0x0d00-0xfeff window]
[    0.362953] pnp 00:00: Plug and Play ACPI device, IDs PNP0a03 PNP0a08 (active)
[    0.363015] pnp 00:01: [io  0x0010-0x001f]
[    0.363016] pnp 00:01: [io  0x0024-0x0025]
[    0.363017] pnp 00:01: [io  0x0028-0x0029]
[    0.363018] pnp 00:01: [io  0x002c-0x002d]
[    0.363019] pnp 00:01: [io  0x002e-0x002f]
[    0.363021] pnp 00:01: [io  0x0030-0x0031]
[    0.363022] pnp 00:01: [io  0x0034-0x0035]
[    0.363023] pnp 00:01: [io  0x0038-0x0039]
[    0.363024] pnp 00:01: [io  0x003c-0x003d]
[    0.363025] pnp 00:01: [io  0x0050-0x0053]
[    0.363026] pnp 00:01: [io  0x0072-0x0077]
[    0.363027] pnp 00:01: [io  0x0080]
[    0.363029] pnp 00:01: [io  0x0090-0x009f]
[    0.363030] pnp 00:01: [io  0x00a4-0x00a5]
[    0.363031] pnp 00:01: [io  0x00a8-0x00a9]
[    0.363032] pnp 00:01: [io  0x00ac-0x00ad]
[    0.363033] pnp 00:01: [io  0x00b0-0x00b5]
[    0.363034] pnp 00:01: [io  0x00b8-0x00b9]
[    0.363036] pnp 00:01: [io  0x00bc-0x00bd]
[    0.363037] pnp 00:01: [io  0x1000-0x103f]
[    0.363038] pnp 00:01: [io  0x1040-0x104f]
[    0.363039] pnp 00:01: [io  0x0cf0-0x0cf1]
[    0.363094] system 00:01: [io  0x1000-0x103f] has been reserved
[    0.363098] system 00:01: [io  0x1040-0x104f] has been reserved
[    0.363100] system 00:01: [io  0x0cf0-0x0cf1] has been reserved
[    0.363102] system 00:01: Plug and Play ACPI device, IDs PNP0c02 (active)
[    0.363109] pnp 00:02: [io  0x0000-0x000f]
[    0.363110] pnp 00:02: [io  0x0081-0x008f]
[    0.363111] pnp 00:02: [io  0x00c0-0x00df]
[    0.363113] pnp 00:02: [dma 4]
[    0.363128] pnp 00:02: Plug and Play ACPI device, IDs PNP0200 (active)
[    0.363133] pnp 00:03: [io  0x0020-0x0021]
[    0.363135] pnp 00:03: [io  0x00a0-0x00a1]
[    0.363136] pnp 00:03: [io  0x04d0-0x04d1]
[    0.363137] pnp 00:03: [irq 2 disabled]
[    0.363152] pnp 00:03: Plug and Play ACPI device, IDs PNP0001 (active)
[    0.363158] pnp 00:04: [io  0x0070-0x0071]
[    0.363160] pnp 00:04: [irq 8]
[    0.363173] pnp 00:04: Plug and Play ACPI device, IDs PNP0b00 (active)
[    0.363177] pnp 00:05: [io  0x0061]
[    0.363190] pnp 00:05: Plug and Play ACPI device, IDs PNP0800 (active)
[    0.363195] pnp 00:06: [io  0x0060]
[    0.363196] pnp 00:06: [io  0x0064]
[    0.363197] pnp 00:06: [irq 1]
[    0.363212] pnp 00:06: Plug and Play ACPI device, IDs PNP0303 (active)
[    0.363217] pnp 00:07: [irq 12]
[    0.363229] pnp 00:07: Plug and Play ACPI device, IDs PNP0f13 (active)
[    0.363380] pnp 00:08: [mem 0xfed00000-0xfed003ff]
[    0.363414] system 00:08: [mem 0xfed00000-0xfed003ff] has been reserved
[    0.363416] system 00:08: Plug and Play ACPI device, IDs PNP0103 PNP0c01 (active)
[    0.367671] pnp 00:09: [io  0x0378-0x037f]
[    0.367674] pnp 00:09: [irq 7]
[    0.368799] pnp 00:09: Plug and Play ACPI device, IDs PNP0400 (active)
[    0.373231] pnp 00:0a: [io  0x03f8-0x03ff]
[    0.373233] pnp 00:0a: [irq 4]
[    0.374408] pnp 00:0a: Plug and Play ACPI device, IDs PNP0501 (active)
[    0.377982] pnp 00:0b: [io  0x02f8-0x02ff]
[    0.377985] pnp 00:0b: [irq 3]
[    0.379186] pnp 00:0b: Plug and Play ACPI device, IDs PNP0501 (active)
[    0.384604] pnp 00:0c: [io  0x03f0-0x03f5]
[    0.384606] pnp 00:0c: [io  0x03f7]
[    0.384609] pnp 00:0c: [irq 6]
[    0.384611] pnp 00:0c: [dma 2]
[    0.385701] pnp 00:0c: Plug and Play ACPI device, IDs PNP0700 (active)
[    0.385893] pnp 00:0d: [mem 0xe0000000-0xefffffff]
[    0.385896] pnp 00:0d: [io  0x1060-0x107f]
[    0.385898] pnp 00:0d: [mem 0xc8200000-0xc83fffff]
[    0.385954] system 00:0d: [io  0x1060-0x107f] has been reserved
[    0.385958] system 00:0d: [mem 0xe0000000-0xefffffff] has been reserved
[    0.385960] system 00:0d: [mem 0xc8200000-0xc83fffff] has been reserved
[    0.385962] system 00:0d: Plug and Play ACPI device, IDs PNP0c02 (active)
[    0.390866] pnp: PnP ACPI: found 14 devices
[    0.390867] ACPI: ACPI bus type pnp unregistered
[    0.390871] PnPBIOS: Disabled by ACPI PNP
[    0.427089] PCI: max bus depth: 1 pci_try_num: 2
[    0.428605] pci 0000:00:0f.0: BAR 6: assigned [mem 0xc0000000-0xc0007fff pref]
[    0.428610] pci 0000:00:10.0: BAR 6: assigned [mem 0xc0008000-0xc000bfff pref]
[    0.428614] pci 0000:00:18.7: BAR 13: can't assign io (size 0x1000)
[    0.428618] pci 0000:00:18.6: BAR 13: can't assign io (size 0x1000)
[    0.428621] pci 0000:00:18.5: BAR 13: can't assign io (size 0x1000)
[    0.428624] pci 0000:00:18.4: BAR 13: can't assign io (size 0x1000)
[    0.428627] pci 0000:00:18.3: BAR 13: can't assign io (size 0x1000)
[    0.428630] pci 0000:00:18.2: BAR 13: can't assign io (size 0x1000)
[    0.428633] pci 0000:00:17.7: BAR 13: can't assign io (size 0x1000)
[    0.428636] pci 0000:00:17.6: BAR 13: can't assign io (size 0x1000)
[    0.428639] pci 0000:00:17.5: BAR 13: can't assign io (size 0x1000)
[    0.428642] pci 0000:00:17.4: BAR 13: can't assign io (size 0x1000)
[    0.428645] pci 0000:00:17.3: BAR 13: can't assign io (size 0x1000)
[    0.428648] pci 0000:00:16.7: BAR 13: can't assign io (size 0x1000)
[    0.428651] pci 0000:00:16.6: BAR 13: can't assign io (size 0x1000)
[    0.428654] pci 0000:00:16.5: BAR 13: can't assign io (size 0x1000)
[    0.428657] pci 0000:00:16.4: BAR 13: can't assign io (size 0x1000)
[    0.428660] pci 0000:00:16.3: BAR 13: can't assign io (size 0x1000)
[    0.428663] pci 0000:00:15.7: BAR 13: can't assign io (size 0x1000)
[    0.428666] pci 0000:00:15.6: BAR 13: can't assign io (size 0x1000)
[    0.428669] pci 0000:00:15.5: BAR 13: can't assign io (size 0x1000)
[    0.428672] pci 0000:00:15.4: BAR 13: can't assign io (size 0x1000)
[    0.428675] pci 0000:00:15.3: BAR 13: can't assign io (size 0x1000)
[    0.428677] pci 0000:00:01.0: PCI bridge to [bus 01-01]
[    0.428766] pci 0000:02:01.0: BAR 6: assigned [mem 0xd8400000-0xd840ffff pref]
[    0.428769] pci 0000:00:11.0: PCI bridge to [bus 02-02]
[    0.428782] pci 0000:00:11.0:   bridge window [io  0x2000-0x3fff]
[    0.428813] pci 0000:00:11.0:   bridge window [mem 0xc9000000-0xca3fffff]
[    0.428834] pci 0000:00:11.0:   bridge window [mem 0xd8400000-0xd89fffff 64bit pref]
[    0.428874] pci 0000:00:15.0: PCI bridge to [bus 03-03]
[    0.428886] pci 0000:00:15.0:   bridge window [io  0x4000-0x4fff]
[    0.428917] pci 0000:00:15.0:   bridge window [mem 0xca400000-0xca4fffff]
[    0.428938] pci 0000:00:15.0:   bridge window [mem 0xd8a00000-0xd8afffff 64bit pref]
[    0.428990] pci 0000:00:15.1: PCI bridge to [bus 04-04]
[    0.429003] pci 0000:00:15.1:   bridge window [io  0x8000-0x8fff]
[    0.429034] pci 0000:00:15.1:   bridge window [mem 0xca800000-0xca8fffff]
[    0.429055] pci 0000:00:15.1:   bridge window [mem 0xd8e00000-0xd8efffff 64bit pref]
[    0.429109] pci 0000:00:15.2: PCI bridge to [bus 05-05]
[    0.429122] pci 0000:00:15.2:   bridge window [io  0xc000-0xcfff]
[    0.429153] pci 0000:00:15.2:   bridge window [mem 0xcac00000-0xcacfffff]
[    0.429174] pci 0000:00:15.2:   bridge window [mem 0xd9200000-0xd92fffff 64bit pref]
[    0.429218] pci 0000:00:15.3: PCI bridge to [bus 06-06]
[    0.429249] pci 0000:00:15.3:   bridge window [mem 0xcb000000-0xcb0fffff]
[    0.429270] pci 0000:00:15.3:   bridge window [mem 0xd9600000-0xd96fffff 64bit pref]
[    0.429313] pci 0000:00:15.4: PCI bridge to [bus 07-07]
[    0.429344] pci 0000:00:15.4:   bridge window [mem 0xcb400000-0xcb4fffff]
[    0.429366] pci 0000:00:15.4:   bridge window [mem 0xd9a00000-0xd9afffff 64bit pref]
[    0.429409] pci 0000:00:15.5: PCI bridge to [bus 08-08]
[    0.429440] pci 0000:00:15.5:   bridge window [mem 0xcb800000-0xcb8fffff]
[    0.429461] pci 0000:00:15.5:   bridge window [mem 0xd9e00000-0xd9efffff 64bit pref]
[    0.429505] pci 0000:00:15.6: PCI bridge to [bus 09-09]
[    0.429536] pci 0000:00:15.6:   bridge window [mem 0xcbc00000-0xcbcfffff]
[    0.429557] pci 0000:00:15.6:   bridge window [mem 0xda200000-0xda2fffff 64bit pref]
[    0.429601] pci 0000:00:15.7: PCI bridge to [bus 0a-0a]
[    0.429631] pci 0000:00:15.7:   bridge window [mem 0xcc000000-0xcc0fffff]
[    0.429653] pci 0000:00:15.7:   bridge window [mem 0xda600000-0xda6fffff 64bit pref]
[    0.429696] pci 0000:00:16.0: PCI bridge to [bus 0b-0b]
[    0.429709] pci 0000:00:16.0:   bridge window [io  0x5000-0x5fff]
[    0.429740] pci 0000:00:16.0:   bridge window [mem 0xca500000-0xca5fffff]
[    0.429761] pci 0000:00:16.0:   bridge window [mem 0xd8b00000-0xd8bfffff 64bit pref]
[    0.429805] pci 0000:00:16.1: PCI bridge to [bus 0c-0c]
[    0.429818] pci 0000:00:16.1:   bridge window [io  0x9000-0x9fff]
[    0.429849] pci 0000:00:16.1:   bridge window [mem 0xca900000-0xca9fffff]
[    0.429870] pci 0000:00:16.1:   bridge window [mem 0xd8f00000-0xd8ffffff 64bit pref]
[    0.429913] pci 0000:00:16.2: PCI bridge to [bus 0d-0d]
[    0.429926] pci 0000:00:16.2:   bridge window [io  0xd000-0xdfff]
[    0.429957] pci 0000:00:16.2:   bridge window [mem 0xcad00000-0xcadfffff]
[    0.429978] pci 0000:00:16.2:   bridge window [mem 0xd9300000-0xd93fffff 64bit pref]
[    0.430022] pci 0000:00:16.3: PCI bridge to [bus 0e-0e]
[    0.430052] pci 0000:00:16.3:   bridge window [mem 0xcb100000-0xcb1fffff]
[    0.430082] pci 0000:00:16.3:   bridge window [mem 0xd9700000-0xd97fffff 64bit pref]
[    0.430126] pci 0000:00:16.4: PCI bridge to [bus 0f-0f]
[    0.430157] pci 0000:00:16.4:   bridge window [mem 0xcb500000-0xcb5fffff]
[    0.430178] pci 0000:00:16.4:   bridge window [mem 0xd9b00000-0xd9bfffff 64bit pref]
[    0.430222] pci 0000:00:16.5: PCI bridge to [bus 10-10]
[    0.430252] pci 0000:00:16.5:   bridge window [mem 0xcb900000-0xcb9fffff]
[    0.430274] pci 0000:00:16.5:   bridge window [mem 0xd9f00000-0xd9ffffff 64bit pref]
[    0.430318] pci 0000:00:16.6: PCI bridge to [bus 11-11]
[    0.430348] pci 0000:00:16.6:   bridge window [mem 0xcbd00000-0xcbdfffff]
[    0.430370] pci 0000:00:16.6:   bridge window [mem 0xda300000-0xda3fffff 64bit pref]
[    0.430413] pci 0000:00:16.7: PCI bridge to [bus 12-12]
[    0.430444] pci 0000:00:16.7:   bridge window [mem 0xcc100000-0xcc1fffff]
[    0.430466] pci 0000:00:16.7:   bridge window [mem 0xda700000-0xda7fffff 64bit pref]
[    0.430509] pci 0000:00:17.0: PCI bridge to [bus 13-13]
[    0.430522] pci 0000:00:17.0:   bridge window [io  0x6000-0x6fff]
[    0.430553] pci 0000:00:17.0:   bridge window [mem 0xca600000-0xca6fffff]
[    0.430574] pci 0000:00:17.0:   bridge window [mem 0xd8c00000-0xd8cfffff 64bit pref]
[    0.430618] pci 0000:00:17.1: PCI bridge to [bus 14-14]
[    0.430630] pci 0000:00:17.1:   bridge window [io  0xa000-0xafff]
[    0.430661] pci 0000:00:17.1:   bridge window [mem 0xcaa00000-0xcaafffff]
[    0.430683] pci 0000:00:17.1:   bridge window [mem 0xd9000000-0xd90fffff 64bit pref]
[    0.430726] pci 0000:00:17.2: PCI bridge to [bus 15-15]
[    0.430738] pci 0000:00:17.2:   bridge window [io  0xe000-0xefff]
[    0.430769] pci 0000:00:17.2:   bridge window [mem 0xcae00000-0xcaefffff]
[    0.430791] pci 0000:00:17.2:   bridge window [mem 0xd9400000-0xd94fffff 64bit pref]
[    0.430834] pci 0000:00:17.3: PCI bridge to [bus 16-16]
[    0.430865] pci 0000:00:17.3:   bridge window [mem 0xcb200000-0xcb2fffff]
[    0.430886] pci 0000:00:17.3:   bridge window [mem 0xd9800000-0xd98fffff 64bit pref]
[    0.430930] pci 0000:00:17.4: PCI bridge to [bus 17-17]
[    0.430960] pci 0000:00:17.4:   bridge window [mem 0xcb600000-0xcb6fffff]
[    0.430982] pci 0000:00:17.4:   bridge window [mem 0xd9c00000-0xd9cfffff 64bit pref]
[    0.431026] pci 0000:00:17.5: PCI bridge to [bus 18-18]
[    0.431066] pci 0000:00:17.5:   bridge window [mem 0xcba00000-0xcbafffff]
[    0.431089] pci 0000:00:17.5:   bridge window [mem 0xda000000-0xda0fffff 64bit pref]
[    0.431134] pci 0000:00:17.6: PCI bridge to [bus 19-19]
[    0.431164] pci 0000:00:17.6:   bridge window [mem 0xcbe00000-0xcbefffff]
[    0.431186] pci 0000:00:17.6:   bridge window [mem 0xda400000-0xda4fffff 64bit pref]
[    0.431229] pci 0000:00:17.7: PCI bridge to [bus 1a-1a]
[    0.431260] pci 0000:00:17.7:   bridge window [mem 0xcc200000-0xcc2fffff]
[    0.431281] pci 0000:00:17.7:   bridge window [mem 0xda800000-0xda8fffff 64bit pref]
[    0.431325] pci 0000:00:18.0: PCI bridge to [bus 1b-1b]
[    0.431337] pci 0000:00:18.0:   bridge window [io  0x7000-0x7fff]
[    0.431368] pci 0000:00:18.0:   bridge window [mem 0xca700000-0xca7fffff]
[    0.431390] pci 0000:00:18.0:   bridge window [mem 0xd8d00000-0xd8dfffff 64bit pref]
[    0.431433] pci 0000:00:18.1: PCI bridge to [bus 1c-1c]
[    0.431446] pci 0000:00:18.1:   bridge window [io  0xb000-0xbfff]
[    0.431477] pci 0000:00:18.1:   bridge window [mem 0xcab00000-0xcabfffff]
[    0.431498] pci 0000:00:18.1:   bridge window [mem 0xd9100000-0xd91fffff 64bit pref]
[    0.431542] pci 0000:00:18.2: PCI bridge to [bus 1d-1d]
[    0.431572] pci 0000:00:18.2:   bridge window [mem 0xcaf00000-0xcaffffff]
[    0.431594] pci 0000:00:18.2:   bridge window [mem 0xd9500000-0xd95fffff 64bit pref]
[    0.431638] pci 0000:00:18.3: PCI bridge to [bus 1e-1e]
[    0.431668] pci 0000:00:18.3:   bridge window [mem 0xcb300000-0xcb3fffff]
[    0.431689] pci 0000:00:18.3:   bridge window [mem 0xd9900000-0xd99fffff 64bit pref]
[    0.431733] pci 0000:00:18.4: PCI bridge to [bus 1f-1f]
[    0.431764] pci 0000:00:18.4:   bridge window [mem 0xcb700000-0xcb7fffff]
[    0.431785] pci 0000:00:18.4:   bridge window [mem 0xd9d00000-0xd9dfffff 64bit pref]
[    0.431829] pci 0000:00:18.5: PCI bridge to [bus 20-20]
[    0.431859] pci 0000:00:18.5:   bridge window [mem 0xcbb00000-0xcbbfffff]
[    0.431881] pci 0000:00:18.5:   bridge window [mem 0xda100000-0xda1fffff 64bit pref]
[    0.431924] pci 0000:00:18.6: PCI bridge to [bus 21-21]
[    0.431955] pci 0000:00:18.6:   bridge window [mem 0xcbf00000-0xcbffffff]
[    0.431976] pci 0000:00:18.6:   bridge window [mem 0xda500000-0xda5fffff 64bit pref]
[    0.432020] pci 0000:00:18.7: PCI bridge to [bus 22-22]
[    0.432051] pci 0000:00:18.7:   bridge window [mem 0xcc300000-0xcc3fffff]
[    0.432081] pci 0000:00:18.7:   bridge window [mem 0xda900000-0xda9fffff 64bit pref]
[    0.432158] pci 0000:00:01.0: setting latency timer to 64
[    0.432238] pci 0000:00:15.0: setting latency timer to 64
[    0.432288] pci 0000:00:15.1: setting latency timer to 64
[    0.432338] pci 0000:00:15.2: setting latency timer to 64
[    0.432388] pci 0000:00:15.3: setting latency timer to 64
[    0.432438] pci 0000:00:15.4: setting latency timer to 64
[    0.432502] pci 0000:00:15.5: setting latency timer to 64
[    0.432553] pci 0000:00:15.6: setting latency timer to 64
[    0.432603] pci 0000:00:15.7: setting latency timer to 64
[    0.432653] pci 0000:00:16.0: setting latency timer to 64
[    0.432703] pci 0000:00:16.1: setting latency timer to 64
[    0.432753] pci 0000:00:16.2: setting latency timer to 64
[    0.432803] pci 0000:00:16.3: setting latency timer to 64
[    0.432853] pci 0000:00:16.4: setting latency timer to 64
[    0.432902] pci 0000:00:16.5: setting latency timer to 64
[    0.432952] pci 0000:00:16.6: setting latency timer to 64
[    0.433002] pci 0000:00:16.7: setting latency timer to 64
[    0.433062] pci 0000:00:17.0: setting latency timer to 64
[    0.433113] pci 0000:00:17.1: setting latency timer to 64
[    0.433164] pci 0000:00:17.2: setting latency timer to 64
[    0.433214] pci 0000:00:17.3: setting latency timer to 64
[    0.433263] pci 0000:00:17.4: setting latency timer to 64
[    0.433314] pci 0000:00:17.5: setting latency timer to 64
[    0.433363] pci 0000:00:17.6: setting latency timer to 64
[    0.433414] pci 0000:00:17.7: setting latency timer to 64
[    0.433463] pci 0000:00:18.0: setting latency timer to 64
[    0.433513] pci 0000:00:18.1: setting latency timer to 64
[    0.433563] pci 0000:00:18.2: setting latency timer to 64
[    0.433613] pci 0000:00:18.3: setting latency timer to 64
[    0.433663] pci 0000:00:18.4: setting latency timer to 64
[    0.433713] pci 0000:00:18.5: setting latency timer to 64
[    0.433763] pci 0000:00:18.6: setting latency timer to 64
[    0.433812] pci 0000:00:18.7: setting latency timer to 64
[    0.433825] pci_bus 0000:00: resource 4 [mem 0x000a0000-0x000bffff]
[    0.433827] pci_bus 0000:00: resource 5 [mem 0x000cc000-0x000cffff]
[    0.433829] pci_bus 0000:00: resource 6 [mem 0x000d0000-0x000d3fff]
[    0.433831] pci_bus 0000:00: resource 7 [mem 0x000d4000-0x000d7fff]
[    0.433833] pci_bus 0000:00: resource 8 [mem 0x000d8000-0x000dbfff]
[    0.433835] pci_bus 0000:00: resource 9 [mem 0xc0000000-0xfebfffff]
[    0.433838] pci_bus 0000:00: resource 10 [io  0x0000-0x0cf7]
[    0.433840] pci_bus 0000:00: resource 11 [io  0x0d00-0xfeff]
[    0.433842] pci_bus 0000:02: resource 0 [io  0x2000-0x3fff]
[    0.433844] pci_bus 0000:02: resource 1 [mem 0xc9000000-0xca3fffff]
[    0.433846] pci_bus 0000:02: resource 2 [mem 0xd8400000-0xd89fffff 64bit pref]
[    0.433848] pci_bus 0000:02: resource 4 [mem 0x000a0000-0x000bffff]
[    0.433850] pci_bus 0000:02: resource 5 [mem 0x000cc000-0x000cffff]
[    0.433852] pci_bus 0000:02: resource 6 [mem 0x000d0000-0x000d3fff]
[    0.433854] pci_bus 0000:02: resource 7 [mem 0x000d4000-0x000d7fff]
[    0.433856] pci_bus 0000:02: resource 8 [mem 0x000d8000-0x000dbfff]
[    0.433858] pci_bus 0000:02: resource 9 [mem 0xc0000000-0xfebfffff]
[    0.433860] pci_bus 0000:02: resource 10 [io  0x0000-0x0cf7]
[    0.433862] pci_bus 0000:02: resource 11 [io  0x0d00-0xfeff]
[    0.433864] pci_bus 0000:03: resource 0 [io  0x4000-0x4fff]
[    0.433867] pci_bus 0000:03: resource 1 [mem 0xca400000-0xca4fffff]
[    0.433869] pci_bus 0000:03: resource 2 [mem 0xd8a00000-0xd8afffff 64bit pref]
[    0.433871] pci_bus 0000:04: resource 0 [io  0x8000-0x8fff]
[    0.433873] pci_bus 0000:04: resource 1 [mem 0xca800000-0xca8fffff]
[    0.433875] pci_bus 0000:04: resource 2 [mem 0xd8e00000-0xd8efffff 64bit pref]
[    0.433877] pci_bus 0000:05: resource 0 [io  0xc000-0xcfff]
[    0.433879] pci_bus 0000:05: resource 1 [mem 0xcac00000-0xcacfffff]
[    0.433881] pci_bus 0000:05: resource 2 [mem 0xd9200000-0xd92fffff 64bit pref]
[    0.433884] pci_bus 0000:06: resource 1 [mem 0xcb000000-0xcb0fffff]
[    0.433886] pci_bus 0000:06: resource 2 [mem 0xd9600000-0xd96fffff 64bit pref]
[    0.433888] pci_bus 0000:07: resource 1 [mem 0xcb400000-0xcb4fffff]
[    0.433890] pci_bus 0000:07: resource 2 [mem 0xd9a00000-0xd9afffff 64bit pref]
[    0.433892] pci_bus 0000:08: resource 1 [mem 0xcb800000-0xcb8fffff]
[    0.433895] pci_bus 0000:08: resource 2 [mem 0xd9e00000-0xd9efffff 64bit pref]
[    0.433897] pci_bus 0000:09: resource 1 [mem 0xcbc00000-0xcbcfffff]
[    0.433899] pci_bus 0000:09: resource 2 [mem 0xda200000-0xda2fffff 64bit pref]
[    0.433901] pci_bus 0000:0a: resource 1 [mem 0xcc000000-0xcc0fffff]
[    0.433903] pci_bus 0000:0a: resource 2 [mem 0xda600000-0xda6fffff 64bit pref]
[    0.433905] pci_bus 0000:0b: resource 0 [io  0x5000-0x5fff]
[    0.433907] pci_bus 0000:0b: resource 1 [mem 0xca500000-0xca5fffff]
[    0.433910] pci_bus 0000:0b: resource 2 [mem 0xd8b00000-0xd8bfffff 64bit pref]
[    0.433912] pci_bus 0000:0c: resource 0 [io  0x9000-0x9fff]
[    0.433914] pci_bus 0000:0c: resource 1 [mem 0xca900000-0xca9fffff]
[    0.433916] pci_bus 0000:0c: resource 2 [mem 0xd8f00000-0xd8ffffff 64bit pref]
[    0.433918] pci_bus 0000:0d: resource 0 [io  0xd000-0xdfff]
[    0.433920] pci_bus 0000:0d: resource 1 [mem 0xcad00000-0xcadfffff]
[    0.433922] pci_bus 0000:0d: resource 2 [mem 0xd9300000-0xd93fffff 64bit pref]
[    0.433924] pci_bus 0000:0e: resource 1 [mem 0xcb100000-0xcb1fffff]
[    0.433927] pci_bus 0000:0e: resource 2 [mem 0xd9700000-0xd97fffff 64bit pref]
[    0.433929] pci_bus 0000:0f: resource 1 [mem 0xcb500000-0xcb5fffff]
[    0.433931] pci_bus 0000:0f: resource 2 [mem 0xd9b00000-0xd9bfffff 64bit pref]
[    0.433933] pci_bus 0000:10: resource 1 [mem 0xcb900000-0xcb9fffff]
[    0.433935] pci_bus 0000:10: resource 2 [mem 0xd9f00000-0xd9ffffff 64bit pref]
[    0.433937] pci_bus 0000:11: resource 1 [mem 0xcbd00000-0xcbdfffff]
[    0.433940] pci_bus 0000:11: resource 2 [mem 0xda300000-0xda3fffff 64bit pref]
[    0.433942] pci_bus 0000:12: resource 1 [mem 0xcc100000-0xcc1fffff]
[    0.433944] pci_bus 0000:12: resource 2 [mem 0xda700000-0xda7fffff 64bit pref]
[    0.433946] pci_bus 0000:13: resource 0 [io  0x6000-0x6fff]
[    0.433948] pci_bus 0000:13: resource 1 [mem 0xca600000-0xca6fffff]
[    0.433950] pci_bus 0000:13: resource 2 [mem 0xd8c00000-0xd8cfffff 64bit pref]
[    0.433953] pci_bus 0000:14: resource 0 [io  0xa000-0xafff]
[    0.433955] pci_bus 0000:14: resource 1 [mem 0xcaa00000-0xcaafffff]
[    0.433957] pci_bus 0000:14: resource 2 [mem 0xd9000000-0xd90fffff 64bit pref]
[    0.433959] pci_bus 0000:15: resource 0 [io  0xe000-0xefff]
[    0.433961] pci_bus 0000:15: resource 1 [mem 0xcae00000-0xcaefffff]
[    0.433963] pci_bus 0000:15: resource 2 [mem 0xd9400000-0xd94fffff 64bit pref]
[    0.433965] pci_bus 0000:16: resource 1 [mem 0xcb200000-0xcb2fffff]
[    0.433967] pci_bus 0000:16: resource 2 [mem 0xd9800000-0xd98fffff 64bit pref]
[    0.433970] pci_bus 0000:17: resource 1 [mem 0xcb600000-0xcb6fffff]
[    0.433972] pci_bus 0000:17: resource 2 [mem 0xd9c00000-0xd9cfffff 64bit pref]
[    0.433974] pci_bus 0000:18: resource 1 [mem 0xcba00000-0xcbafffff]
[    0.433976] pci_bus 0000:18: resource 2 [mem 0xda000000-0xda0fffff 64bit pref]
[    0.433978] pci_bus 0000:19: resource 1 [mem 0xcbe00000-0xcbefffff]
[    0.433980] pci_bus 0000:19: resource 2 [mem 0xda400000-0xda4fffff 64bit pref]
[    0.433983] pci_bus 0000:1a: resource 1 [mem 0xcc200000-0xcc2fffff]
[    0.433985] pci_bus 0000:1a: resource 2 [mem 0xda800000-0xda8fffff 64bit pref]
[    0.433987] pci_bus 0000:1b: resource 0 [io  0x7000-0x7fff]
[    0.433989] pci_bus 0000:1b: resource 1 [mem 0xca700000-0xca7fffff]
[    0.433991] pci_bus 0000:1b: resource 2 [mem 0xd8d00000-0xd8dfffff 64bit pref]
[    0.433993] pci_bus 0000:1c: resource 0 [io  0xb000-0xbfff]
[    0.433995] pci_bus 0000:1c: resource 1 [mem 0xcab00000-0xcabfffff]
[    0.433997] pci_bus 0000:1c: resource 2 [mem 0xd9100000-0xd91fffff 64bit pref]
[    0.433999] pci_bus 0000:1d: resource 1 [mem 0xcaf00000-0xcaffffff]
[    0.434002] pci_bus 0000:1d: resource 2 [mem 0xd9500000-0xd95fffff 64bit pref]
[    0.434004] pci_bus 0000:1e: resource 1 [mem 0xcb300000-0xcb3fffff]
[    0.434006] pci_bus 0000:1e: resource 2 [mem 0xd9900000-0xd99fffff 64bit pref]
[    0.434008] pci_bus 0000:1f: resource 1 [mem 0xcb700000-0xcb7fffff]
[    0.434010] pci_bus 0000:1f: resource 2 [mem 0xd9d00000-0xd9dfffff 64bit pref]
[    0.434012] pci_bus 0000:20: resource 1 [mem 0xcbb00000-0xcbbfffff]
[    0.434014] pci_bus 0000:20: resource 2 [mem 0xda100000-0xda1fffff 64bit pref]
[    0.434017] pci_bus 0000:21: resource 1 [mem 0xcbf00000-0xcbffffff]
[    0.434019] pci_bus 0000:21: resource 2 [mem 0xda500000-0xda5fffff 64bit pref]
[    0.434021] pci_bus 0000:22: resource 1 [mem 0xcc300000-0xcc3fffff]
[    0.434023] pci_bus 0000:22: resource 2 [mem 0xda900000-0xda9fffff 64bit pref]
[    0.434069] NET: Registered protocol family 2
[    0.434108] IP route cache hash table entries: 32768 (order: 5, 131072 bytes)
[    0.434209] TCP established hash table entries: 131072 (order: 8, 1048576 bytes)
[    0.434310] TCP bind hash table entries: 65536 (order: 7, 524288 bytes)
[    0.434411] TCP: Hash tables configured (established 131072 bind 65536)
[    0.434414] TCP reno registered
[    0.434417] UDP hash table entries: 512 (order: 2, 16384 bytes)
[    0.434424] UDP-Lite hash table entries: 512 (order: 2, 16384 bytes)
[    0.434462] NET: Registered protocol family 1
[    0.434470] pci 0000:00:00.0: Limiting direct PCI/PCI transfers
[    0.434552] pci 0000:00:0f.0: Boot video device
[    0.434653] ACPI: PCI Interrupt Link [LNKC] enabled at IRQ 10
[    0.434656] PCI: setting IRQ 10 as level-triggered
[    0.434663] pci 0000:02:00.0: PCI INT A -> Link[LNKC] -> GSI 10 (level, low) -> IRQ 10
[    0.434768] pci 0000:02:00.0: PCI INT A disabled
[    0.434869] ACPI: PCI Interrupt Link [LNKB] enabled at IRQ 11
[    0.434871] PCI: setting IRQ 11 as level-triggered
[    0.434875] pci 0000:02:03.0: PCI INT A -> Link[LNKB] -> GSI 11 (level, low) -> IRQ 11
[    0.434934] pci 0000:02:03.0: PCI INT A disabled
[    0.434948] PCI: CLS 32 bytes, default 64
[    0.434988] Simple Boot Flag at 0x36 set to 0x1
[    0.434992] Switching to clocksource tsc
[    0.435204] audit: initializing netlink socket (disabled)
[    0.435210] type=2000 audit(1369653022.418:1): initialized
[    0.444651] Trying to unpack rootfs image as initramfs...
[    0.460696] highmem bounce pool size: 64 pages
[    0.460701] HugeTLB registered 2 MB page size, pre-allocated 0 pages
[    0.464708] VFS: Disk quotas dquot_6.5.2
[    0.464758] Dquot-cache hash table entries: 1024 (order 0, 4096 bytes)
[    0.464922] fuse init (API version 7.17)
[    0.464982] msgmni has been set to 1710
[    0.480634] Block layer SCSI generic (bsg) driver version 0.4 loaded (major 253)
[    0.480675] io scheduler noop registered
[    0.480678] io scheduler deadline registered
[    0.480686] io scheduler cfq registered (default)
[    0.480787] pcieport 0000:00:15.0: setting latency timer to 64
[    0.480888] pcieport 0000:00:15.0: irq 40 for MSI/MSI-X
[    0.480989] pcieport 0000:00:15.1: setting latency timer to 64
[    0.481090] pcieport 0000:00:15.1: irq 41 for MSI/MSI-X
[    0.481191] pcieport 0000:00:15.2: setting latency timer to 64
[    0.481292] pcieport 0000:00:15.2: irq 42 for MSI/MSI-X
[    0.481393] pcieport 0000:00:15.3: setting latency timer to 64
[    0.481494] pcieport 0000:00:15.3: irq 43 for MSI/MSI-X
[    0.481595] pcieport 0000:00:15.4: setting latency timer to 64
[    0.481696] pcieport 0000:00:15.4: irq 44 for MSI/MSI-X
[    0.481797] pcieport 0000:00:15.5: setting latency timer to 64
[    0.481898] pcieport 0000:00:15.5: irq 45 for MSI/MSI-X
[    0.481999] pcieport 0000:00:15.6: setting latency timer to 64
[    0.482100] pcieport 0000:00:15.6: irq 46 for MSI/MSI-X
[    0.482201] pcieport 0000:00:15.7: setting latency timer to 64
[    0.482302] pcieport 0000:00:15.7: irq 47 for MSI/MSI-X
[    0.482403] pcieport 0000:00:16.0: setting latency timer to 64
[    0.482504] pcieport 0000:00:16.0: irq 48 for MSI/MSI-X
[    0.482605] pcieport 0000:00:16.1: setting latency timer to 64
[    0.482706] pcieport 0000:00:16.1: irq 49 for MSI/MSI-X
[    0.482807] pcieport 0000:00:16.2: setting latency timer to 64
[    0.482908] pcieport 0000:00:16.2: irq 50 for MSI/MSI-X
[    0.483009] pcieport 0000:00:16.3: setting latency timer to 64
[    0.483110] pcieport 0000:00:16.3: irq 51 for MSI/MSI-X
[    0.483211] pcieport 0000:00:16.4: setting latency timer to 64
[    0.483312] pcieport 0000:00:16.4: irq 52 for MSI/MSI-X
[    0.483413] pcieport 0000:00:16.5: setting latency timer to 64
[    0.483514] pcieport 0000:00:16.5: irq 53 for MSI/MSI-X
[    0.483615] pcieport 0000:00:16.6: setting latency timer to 64
[    0.483715] pcieport 0000:00:16.6: irq 54 for MSI/MSI-X
[    0.483816] pcieport 0000:00:16.7: setting latency timer to 64
[    0.483917] pcieport 0000:00:16.7: irq 55 for MSI/MSI-X
[    0.484517] pcieport 0000:00:17.0: setting latency timer to 64
[    0.484706] pcieport 0000:00:17.0: irq 56 for MSI/MSI-X
[    0.484807] pcieport 0000:00:17.1: setting latency timer to 64
[    0.484908] pcieport 0000:00:17.1: irq 57 for MSI/MSI-X
[    0.485009] pcieport 0000:00:17.2: setting latency timer to 64
[    0.485110] pcieport 0000:00:17.2: irq 58 for MSI/MSI-X
[    0.485211] pcieport 0000:00:17.3: setting latency timer to 64
[    0.485312] pcieport 0000:00:17.3: irq 59 for MSI/MSI-X
[    0.485413] pcieport 0000:00:17.4: setting latency timer to 64
[    0.485514] pcieport 0000:00:17.4: irq 60 for MSI/MSI-X
[    0.485615] pcieport 0000:00:17.5: setting latency timer to 64
[    0.485716] pcieport 0000:00:17.5: irq 61 for MSI/MSI-X
[    0.485817] pcieport 0000:00:17.6: setting latency timer to 64
[    0.485918] pcieport 0000:00:17.6: irq 62 for MSI/MSI-X
[    0.486019] pcieport 0000:00:17.7: setting latency timer to 64
[    0.486120] pcieport 0000:00:17.7: irq 63 for MSI/MSI-X
[    0.486221] pcieport 0000:00:18.0: setting latency timer to 64
[    0.486322] pcieport 0000:00:18.0: irq 64 for MSI/MSI-X
[    0.486423] pcieport 0000:00:18.1: setting latency timer to 64
[    0.486524] pcieport 0000:00:18.1: irq 65 for MSI/MSI-X
[    0.486625] pcieport 0000:00:18.2: setting latency timer to 64
[    0.486726] pcieport 0000:00:18.2: irq 66 for MSI/MSI-X
[    0.486827] pcieport 0000:00:18.3: setting latency timer to 64
[    0.486928] pcieport 0000:00:18.3: irq 67 for MSI/MSI-X
[    0.487029] pcieport 0000:00:18.4: setting latency timer to 64
[    0.487130] pcieport 0000:00:18.4: irq 68 for MSI/MSI-X
[    0.487231] pcieport 0000:00:18.5: setting latency timer to 64
[    0.487332] pcieport 0000:00:18.5: irq 69 for MSI/MSI-X
[    0.487433] pcieport 0000:00:18.6: setting latency timer to 64
[    0.487534] pcieport 0000:00:18.6: irq 70 for MSI/MSI-X
[    0.487635] pcieport 0000:00:18.7: setting latency timer to 64
[    0.487736] pcieport 0000:00:18.7: irq 71 for MSI/MSI-X
[    0.487837] pcieport 0000:00:15.0: Signaling PME through PCIe PME interrupt
[    0.487860] pcie_pme 0000:00:15.0:pcie01: service driver pcie_pme loaded
[    0.487961] pcieport 0000:00:15.1: Signaling PME through PCIe PME interrupt
[    0.487984] pcie_pme 0000:00:15.1:pcie01: service driver pcie_pme loaded
[    0.488085] pcieport 0000:00:15.2: Signaling PME through PCIe PME interrupt
[    0.488108] pcie_pme 0000:00:15.2:pcie01: service driver pcie_pme loaded
[    0.488209] pcieport 0000:00:15.3: Signaling PME through PCIe PME interrupt
[    0.488232] pcie_pme 0000:00:15.3:pcie01: service driver pcie_pme loaded
[    0.488333] pcieport 0000:00:15.4: Signaling PME through PCIe PME interrupt
[    0.488356] pcie_pme 0000:00:15.4:pcie01: service driver pcie_pme loaded
[    0.492522] pcieport 0000:00:15.5: Signaling PME through PCIe PME interrupt
[    0.492550] pcie_pme 0000:00:15.5:pcie01: service driver pcie_pme loaded
[    0.492651] pcieport 0000:00:15.6: Signaling PME through PCIe PME interrupt
[    0.492675] pcie_pme 0000:00:15.6:pcie01: service driver pcie_pme loaded
[    0.492776] pcieport 0000:00:15.7: Signaling PME through PCIe PME interrupt
[    0.492798] pcie_pme 0000:00:15.7:pcie01: service driver pcie_pme loaded
[    0.492899] pcieport 0000:00:16.0: Signaling PME through PCIe PME interrupt
[    0.492922] pcie_pme 0000:00:16.0:pcie01: service driver pcie_pme loaded
[    0.493023] pcieport 0000:00:16.1: Signaling PME through PCIe PME interrupt
[    0.493046] pcie_pme 0000:00:16.1:pcie01: service driver pcie_pme loaded
[    0.493147] pcieport 0000:00:16.2: Signaling PME through PCIe PME interrupt
[    0.493170] pcie_pme 0000:00:16.2:pcie01: service driver pcie_pme loaded
[    0.493271] pcieport 0000:00:16.3: Signaling PME through PCIe PME interrupt
[    0.493293] pcie_pme 0000:00:16.3:pcie01: service driver pcie_pme loaded
[    0.493394] pcieport 0000:00:16.4: Signaling PME through PCIe PME interrupt
[    0.493417] pcie_pme 0000:00:16.4:pcie01: service driver pcie_pme loaded
[    0.493518] pcieport 0000:00:16.5: Signaling PME through PCIe PME interrupt
[    0.493541] pcie_pme 0000:00:16.5:pcie01: service driver pcie_pme loaded
[    0.493642] pcieport 0000:00:16.6: Signaling PME through PCIe PME interrupt
[    0.493664] pcie_pme 0000:00:16.6:pcie01: service driver pcie_pme loaded
[    0.493765] pcieport 0000:00:16.7: Signaling PME through PCIe PME interrupt
[    0.493788] pcie_pme 0000:00:16.7:pcie01: service driver pcie_pme loaded
[    0.493889] pcieport 0000:00:17.0: Signaling PME through PCIe PME interrupt
[    0.493912] pcie_pme 0000:00:17.0:pcie01: service driver pcie_pme loaded
[    0.494013] pcieport 0000:00:17.1: Signaling PME through PCIe PME interrupt
[    0.494036] pcie_pme 0000:00:17.1:pcie01: service driver pcie_pme loaded
[    0.494137] pcieport 0000:00:17.2: Signaling PME through PCIe PME interrupt
[    0.494160] pcie_pme 0000:00:17.2:pcie01: service driver pcie_pme loaded
[    0.494260] pcieport 0000:00:17.3: Signaling PME through PCIe PME interrupt
[    0.494296] pcie_pme 0000:00:17.3:pcie01: service driver pcie_pme loaded
[    0.494397] pcieport 0000:00:17.4: Signaling PME through PCIe PME interrupt
[    0.494420] pcie_pme 0000:00:17.4:pcie01: service driver pcie_pme loaded
[    0.494521] pcieport 0000:00:17.5: Signaling PME through PCIe PME interrupt
[    0.494544] pcie_pme 0000:00:17.5:pcie01: service driver pcie_pme loaded
[    0.494645] pcieport 0000:00:17.6: Signaling PME through PCIe PME interrupt
[    0.494668] pcie_pme 0000:00:17.6:pcie01: service driver pcie_pme loaded
[    0.494769] pcieport 0000:00:17.7: Signaling PME through PCIe PME interrupt
[    0.494791] pcie_pme 0000:00:17.7:pcie01: service driver pcie_pme loaded
[    0.494892] pcieport 0000:00:18.0: Signaling PME through PCIe PME interrupt
[    0.494915] pcie_pme 0000:00:18.0:pcie01: service driver pcie_pme loaded
[    0.495016] pcieport 0000:00:18.1: Signaling PME through PCIe PME interrupt
[    0.495039] pcie_pme 0000:00:18.1:pcie01: service driver pcie_pme loaded
[    0.495140] pcieport 0000:00:18.2: Signaling PME through PCIe PME interrupt
[    0.495169] pcie_pme 0000:00:18.2:pcie01: service driver pcie_pme loaded
[    0.495270] pcieport 0000:00:18.3: Signaling PME through PCIe PME interrupt
[    0.495293] pcie_pme 0000:00:18.3:pcie01: service driver pcie_pme loaded
[    0.495394] pcieport 0000:00:18.4: Signaling PME through PCIe PME interrupt
[    0.495417] pcie_pme 0000:00:18.4:pcie01: service driver pcie_pme loaded
[    0.495518] pcieport 0000:00:18.5: Signaling PME through PCIe PME interrupt
[    0.495542] pcie_pme 0000:00:18.5:pcie01: service driver pcie_pme loaded
[    0.495643] pcieport 0000:00:18.6: Signaling PME through PCIe PME interrupt
[    0.495665] pcie_pme 0000:00:18.6:pcie01: service driver pcie_pme loaded
[    0.495766] pcieport 0000:00:18.7: Signaling PME through PCIe PME interrupt
[    0.495789] pcie_pme 0000:00:18.7:pcie01: service driver pcie_pme loaded
[    0.495809] pci_hotplug: PCI Hot Plug PCI Core version: 0.5
[    0.495910] pciehp 0000:00:15.0:pcie04: HPC vendor_id 15ad device_id 7a0 ss_vid 15ad ss_did 7a0
[    0.495972] pciehp 0000:00:15.0:pcie04: service driver pciehp loaded
[    0.496035] pciehp 0000:00:15.1:pcie04: HPC vendor_id 15ad device_id 7a0 ss_vid 15ad ss_did 7a0
[    0.496098] pciehp 0000:00:15.1:pcie04: service driver pciehp loaded
[    0.496162] pciehp 0000:00:15.2:pcie04: HPC vendor_id 15ad device_id 7a0 ss_vid 15ad ss_did 7a0
[    0.496225] pciehp 0000:00:15.2:pcie04: service driver pciehp loaded
[    0.496288] pciehp 0000:00:15.3:pcie04: HPC vendor_id 15ad device_id 7a0 ss_vid 15ad ss_did 7a0
[    0.496350] pciehp 0000:00:15.3:pcie04: service driver pciehp loaded
[    0.496425] pciehp 0000:00:15.4:pcie04: HPC vendor_id 15ad device_id 7a0 ss_vid 15ad ss_did 7a0
[    0.500493] pciehp 0000:00:15.4:pcie04: service driver pciehp loaded
[    0.500558] pciehp 0000:00:15.5:pcie04: HPC vendor_id 15ad device_id 7a0 ss_vid 15ad ss_did 7a0
[    0.500622] pciehp 0000:00:15.5:pcie04: service driver pciehp loaded
[    0.500685] pciehp 0000:00:15.6:pcie04: HPC vendor_id 15ad device_id 7a0 ss_vid 15ad ss_did 7a0
[    0.500744] pciehp 0000:00:15.6:pcie04: service driver pciehp loaded
[    0.500807] pciehp 0000:00:15.7:pcie04: HPC vendor_id 15ad device_id 7a0 ss_vid 15ad ss_did 7a0
[    0.500866] pciehp 0000:00:15.7:pcie04: service driver pciehp loaded
[    0.500929] pciehp 0000:00:16.0:pcie04: HPC vendor_id 15ad device_id 7a0 ss_vid 15ad ss_did 7a0
[    0.500987] pciehp 0000:00:16.0:pcie04: service driver pciehp loaded
[    0.501049] pciehp 0000:00:16.1:pcie04: HPC vendor_id 15ad device_id 7a0 ss_vid 15ad ss_did 7a0
[    0.501108] pciehp 0000:00:16.1:pcie04: service driver pciehp loaded
[    0.501171] pciehp 0000:00:16.2:pcie04: HPC vendor_id 15ad device_id 7a0 ss_vid 15ad ss_did 7a0
[    0.501229] pciehp 0000:00:16.2:pcie04: service driver pciehp loaded
[    0.501295] pciehp 0000:00:16.3:pcie04: HPC vendor_id 15ad device_id 7a0 ss_vid 15ad ss_did 7a0
[    0.501354] pciehp 0000:00:16.3:pcie04: service driver pciehp loaded
[    0.501418] pciehp 0000:00:16.4:pcie04: HPC vendor_id 15ad device_id 7a0 ss_vid 15ad ss_did 7a0
[    0.501477] pciehp 0000:00:16.4:pcie04: service driver pciehp loaded
[    0.501540] pciehp 0000:00:16.5:pcie04: HPC vendor_id 15ad device_id 7a0 ss_vid 15ad ss_did 7a0
[    0.501599] pciehp 0000:00:16.5:pcie04: service driver pciehp loaded
[    0.501661] pciehp 0000:00:16.6:pcie04: HPC vendor_id 15ad device_id 7a0 ss_vid 15ad ss_did 7a0
[    0.501720] pciehp 0000:00:16.6:pcie04: service driver pciehp loaded
[    0.501783] pciehp 0000:00:16.7:pcie04: HPC vendor_id 15ad device_id 7a0 ss_vid 15ad ss_did 7a0
[    0.501841] pciehp 0000:00:16.7:pcie04: service driver pciehp loaded
[    0.501904] pciehp 0000:00:17.0:pcie04: HPC vendor_id 15ad device_id 7a0 ss_vid 15ad ss_did 7a0
[    0.501966] pciehp 0000:00:17.0:pcie04: service driver pciehp loaded
[    0.502029] pciehp 0000:00:17.1:pcie04: HPC vendor_id 15ad device_id 7a0 ss_vid 15ad ss_did 7a0
[    0.502088] pciehp 0000:00:17.1:pcie04: service driver pciehp loaded
[    0.502153] pciehp 0000:00:17.2:pcie04: HPC vendor_id 15ad device_id 7a0 ss_vid 15ad ss_did 7a0
[    0.502212] pciehp 0000:00:17.2:pcie04: service driver pciehp loaded
[    0.502275] pciehp 0000:00:17.3:pcie04: HPC vendor_id 15ad device_id 7a0 ss_vid 15ad ss_did 7a0
[    0.502333] pciehp 0000:00:17.3:pcie04: service driver pciehp loaded
[    0.502426] pciehp 0000:00:17.4:pcie04: HPC vendor_id 15ad device_id 7a0 ss_vid 15ad ss_did 7a0
[    0.502494] pciehp 0000:00:17.4:pcie04: service driver pciehp loaded
[    0.502565] pciehp 0000:00:17.5:pcie04: HPC vendor_id 15ad device_id 7a0 ss_vid 15ad ss_did 7a0
[    0.502634] pciehp 0000:00:17.5:pcie04: service driver pciehp loaded
[    0.502704] pciehp 0000:00:17.6:pcie04: HPC vendor_id 15ad device_id 7a0 ss_vid 15ad ss_did 7a0
[    0.502772] pciehp 0000:00:17.6:pcie04: service driver pciehp loaded
[    0.502843] pciehp 0000:00:17.7:pcie04: HPC vendor_id 15ad device_id 7a0 ss_vid 15ad ss_did 7a0
[    0.502908] pciehp 0000:00:17.7:pcie04: service driver pciehp loaded
[    0.502978] pciehp 0000:00:18.0:pcie04: HPC vendor_id 15ad device_id 7a0 ss_vid 15ad ss_did 7a0
[    0.503046] pciehp 0000:00:18.0:pcie04: service driver pciehp loaded
[    0.503116] pciehp 0000:00:18.1:pcie04: HPC vendor_id 15ad device_id 7a0 ss_vid 15ad ss_did 7a0
[    0.503181] pciehp 0000:00:18.1:pcie04: service driver pciehp loaded
[    0.503251] pciehp 0000:00:18.2:pcie04: HPC vendor_id 15ad device_id 7a0 ss_vid 15ad ss_did 7a0
[    0.503316] pciehp 0000:00:18.2:pcie04: service driver pciehp loaded
[    0.503390] pciehp 0000:00:18.3:pcie04: HPC vendor_id 15ad device_id 7a0 ss_vid 15ad ss_did 7a0
[    0.503456] pciehp 0000:00:18.3:pcie04: service driver pciehp loaded
[    0.503529] pciehp 0000:00:18.4:pcie04: HPC vendor_id 15ad device_id 7a0 ss_vid 15ad ss_did 7a0
[    0.503595] pciehp 0000:00:18.4:pcie04: service driver pciehp loaded
[    0.503665] pciehp 0000:00:18.5:pcie04: HPC vendor_id 15ad device_id 7a0 ss_vid 15ad ss_did 7a0
[    0.503730] pciehp 0000:00:18.5:pcie04: service driver pciehp loaded
[    0.503800] pciehp 0000:00:18.6:pcie04: HPC vendor_id 15ad device_id 7a0 ss_vid 15ad ss_did 7a0
[    0.503865] pciehp 0000:00:18.6:pcie04: service driver pciehp loaded
[    0.503935] pciehp 0000:00:18.7:pcie04: HPC vendor_id 15ad device_id 7a0 ss_vid 15ad ss_did 7a0
[    0.504000] pciehp 0000:00:18.7:pcie04: service driver pciehp loaded
[    0.504007] pciehp: PCI Express Hot Plug Controller Driver version: 0.4
[    0.504108] ACPI: Deprecated procfs I/F for AC is loaded, please retry with CONFIG_ACPI_PROCFS_POWER cleared
[    0.504206] ACPI: AC Adapter [ACAD] (on-line)
[    0.508575] input: Power Button as /devices/LNXSYSTM:00/LNXPWRBN:00/input/input0
[    0.508580] ACPI: Power Button [PWRF]
[    0.532606] ERST: Table is not found!
[    0.532609] GHES: HEST is not enabled!
[    0.532709] Serial: 8250/16550 driver, 32 ports, IRQ sharing enabled
[    0.556415] serial8250: ttyS0 at I/O 0x3f8 (irq = 4) is a 16550A
[    0.556465] isapnp: Scanning for PnP cards...
[    0.648411] serial8250: ttyS1 at I/O 0x2f8 (irq = 3) is a 16550A
[    0.692194] 00:0a: ttyS0 at I/O 0x3f8 (irq = 4) is a 16550A
[    0.780252] 00:0b: ttyS1 at I/O 0x2f8 (irq = 3) is a 16550A
[    0.800292] Linux agpgart interface v0.103
[    0.800393] agpgart-intel 0000:00:00.0: Intel 440BX Chipset
[    0.800525] agpgart-intel 0000:00:00.0: AGP aperture is 256M @ 0x0
[    0.801281] brd: module loaded
[    0.804501] loop: module loaded
[    0.804602] ata_piix 0000:00:07.1: version 2.13
[    0.848244] scsi0 : ata_piix
[    0.851999] scsi1 : ata_piix
[    0.852040] ata1: PATA max UDMA/33 cmd 0x1f0 ctl 0x3f6 bmdma 0x10c0 irq 14
[    0.852042] ata2: PATA max UDMA/33 cmd 0x170 ctl 0x376 bmdma 0x10c8 irq 15
[    0.852147] Fixed MDIO Bus: probed
[    0.852160] tun: Universal TUN/TAP device driver, 1.6
[    0.852162] tun: (C) 1999-2004 Max Krasnyansky <maxk@qualcomm.com>
[    0.852218] PPP generic driver version 2.4.2
[    0.852280] ehci_hcd: USB 2.0 'Enhanced' Host Controller (EHCI) Driver
[    0.852316] ehci_hcd 0000:02:03.0: PCI INT A -> Link[LNKB] -> GSI 11 (level, low) -> IRQ 11
[    0.852368] ehci_hcd 0000:02:03.0: EHCI Host Controller
[    0.852405] ehci_hcd 0000:02:03.0: new USB bus registered, assigned bus number 1
[    0.852506] ehci_hcd 0000:02:03.0: cache line size of 32 is not supported
[    0.852515] ehci_hcd 0000:02:03.0: irq 11, io mem 0xc9000000
[    0.896372] ehci_hcd 0000:02:03.0: USB 2.0 started, EHCI 1.00
[    0.971816] hub 1-0:1.0: USB hub found
[    0.971822] hub 1-0:1.0: 6 ports detected
[    0.971874] ohci_hcd: USB 1.1 'Open' Host Controller (OHCI) Driver
[    0.971889] uhci_hcd: USB Universal Host Controller Interface driver
[    0.971932] uhci_hcd 0000:02:00.0: PCI INT A -> Link[LNKC] -> GSI 10 (level, low) -> IRQ 10
[    0.971974] uhci_hcd 0000:02:00.0: UHCI Host Controller
[    0.972016] uhci_hcd 0000:02:00.0: new USB bus registered, assigned bus number 2
[    0.972125] uhci_hcd 0000:02:00.0: irq 10, io base 0x000020c0
[    0.972241] hub 2-0:1.0: USB hub found
[    0.972244] hub 2-0:1.0: 2 ports detected
[    0.972296] usbcore: registered new interface driver libusual
[    0.972336] i8042: PNP: PS/2 Controller [PNP0303:KBC,PNP0f13:MOUS] at 0x60,0x64 irq 1,12
[    0.972670] serio: i8042 KBD port at 0x60,0x64 irq 1
[    0.972678] serio: i8042 AUX port at 0x60,0x64 irq 12
[    0.972768] mousedev: PS/2 mouse device common for all mice
[    0.973087] rtc_cmos 00:04: rtc core: registered rtc_cmos as rtc0
[    0.973106] rtc0: alarms up to one month, y3k, 114 bytes nvram, hpet irqs
[    0.973151] device-mapper: uevent: version 1.0.3
[    0.973201] device-mapper: ioctl: 4.22.0-ioctl (2011-10-19) initialised: dm-devel@redhat.com
[    0.973224] EISA: Probing bus 0 at eisa.0
[    0.973226] EISA: Cannot allocate resource for mainboard
[    0.973228] Cannot allocate resource for EISA slot 1
[    0.973229] Cannot allocate resource for EISA slot 2
[    0.973231] Cannot allocate resource for EISA slot 3
[    0.973232] Cannot allocate resource for EISA slot 4
[    0.973234] Cannot allocate resource for EISA slot 5
[    0.973236] Cannot allocate resource for EISA slot 6
[    0.973237] Cannot allocate resource for EISA slot 7
[    0.973239] Cannot allocate resource for EISA slot 8
[    0.973240] EISA: Detected 0 cards.
[    0.973247] cpufreq-nforce2: No nForce2 chipset.
[    0.973250] cpuidle: using governor ladder
[    0.973251] cpuidle: using governor menu
[    0.973253] EFI Variables Facility v0.08 2004-May-17
[    0.973305] TCP cubic registered
[    0.973357] NET: Registered protocol family 10
[    0.973409] NET: Registered protocol family 17
[    0.973413] Registering the dns_resolver key type
[    0.973425] Using IPI No-Shortcut mode
[    0.973489] PM: Hibernation image not present or could not be loaded.
[    0.973497] registered taskstats version 1
[    0.974064] input: AT Translated Set 2 keyboard as /devices/platform/i8042/serio0/input/input1
[    0.983800] Freeing initrd memory: 13836k freed
[    1.043724]   Magic number: 13:803:176
[    1.043765] acpi device:0c: hash matches
[    1.063665] rtc_cmos 00:04: setting system clock to 2013-05-27 11:10:23 UTC (1369653023)
[    1.086853] BIOS EDD facility v0.16 2004-Jun-25, 0 devices found
[    1.086855] EDD information not available.
[    1.130638] ata2.00: ATAPI: VMware Virtual IDE CDROM Drive, 00000001, max UDMA/33
[    1.130914] ata2.00: configured for UDMA/33
[    1.174583] isapnp: No Plug & Play device found
[    1.174822] scsi 1:0:0:0: CD-ROM            NECVMWar VMware IDE CDR10 1.00 PQ: 0 ANSI: 5
[    1.175400] sr0: scsi3-mmc drive: 306x/306x cd/rw xa/form2 cdda tray
[    1.175404] cdrom: Uniform CD-ROM driver Revision: 3.20
[    1.175405] sr 1:0:0:0: Attached scsi CD-ROM sr0
[    1.175406] sr 1:0:0:0: Attached scsi generic sg0 type 5
[    1.175406] Freeing unused kernel memory: 740k freed
[    1.175406] Write protecting the kernel text: 5816k
[    1.175406] Write protecting the kernel read-only data: 2376k
[    1.175406] NX-protecting the kernel data: 4424k
[    1.186849] udevd[85]: starting version 175
[    1.203789] VMware vmxnet3 virtual NIC driver - version 1.1.29.0-k-NAPI
[    1.205786] VMware PVSCSI driver - version 1.0.1.0-k
[    1.211434] VMware vmxnet virtual NIC driver
[    1.211486] ACPI: PCI Interrupt Link [LNKD] enabled at IRQ 5
[    1.211490] PCI: setting IRQ 5 as level-triggered
[    1.211497] vmxnet 0000:02:01.0: PCI INT A -> Link[LNKD] -> GSI 5 (level, low) -> IRQ 5
[    1.211549] Found vmxnet/PCI at 0x2024, irq 5.
[    1.211601] features:
[    1.211613] numRxBuffers = 100, numRxBuffers2 = 1
[    1.211665] vmxnet 0000:02:01.0: eth0: set_features() failed (-1); wanted 0x00004000, left 0x00004800
[    1.232853] Fusion MPT base driver 3.04.20
[    1.232857] Copyright (c) 1999-2008 LSI Corporation
[    1.233049] Fusion MPT SPI Host driver 3.04.20
[    1.233098] mptspi 0000:00:10.0: PCI INT A -> Link[LNKB] -> GSI 11 (level, low) -> IRQ 11
[    1.239423] mptbase: ioc0: Initiating bringup
[    1.257403] Floppy drive(s): fd0 is 1.44M
[    1.271548] FDC 0 is a post-1991 82077
[    1.311296] ioc0: LSI53C1030 B0: Capabilities={Initiator}
[    1.339189] usb 2-1: new full-speed USB device number 2 using uhci_hcd
[    1.471181] scsi2 : ioc0: LSI53C1030 B0, FwRev=01032920h, Ports=1, MaxQ=128, IRQ=11
[    1.471667] input: VMware VMware Virtual USB Mouse as /devices/pci0000:00/0000:00:11.0/0000:02:00.0/usb2/2-1/2-1:1.0/input/input2
[    1.471837] generic-usb 0003:0E0F:0003.0001: input,hidraw0: USB HID v1.10 Mouse [VMware VMware Virtual USB Mouse] on usb-0000:02:00.0-1/input0
[    1.472371] input: VMware VMware Virtual USB Mouse as /devices/pci0000:00/0000:00:11.0/0000:02:00.0/usb2/2-1/2-1:1.1/input/input3
[    1.472531] generic-usb 0003:0E0F:0003.0002: input,hidraw1: USB HID v1.10 Mouse [VMware VMware Virtual USB Mouse] on usb-0000:02:00.0-1/input1
[    1.472542] usbcore: registered new interface driver usbhid
[    1.472544] usbhid: USB HID core driver
[    1.578845] usb 2-2: new full-speed USB device number 3 using uhci_hcd
[    1.583744] scsi 2:0:0:0: Direct-Access     VMware,  VMware Virtual S 1.0  PQ: 0 ANSI: 2
[    1.583753] scsi target2:0:0: Beginning Domain Validation
[    1.584325] scsi target2:0:0: Domain Validation skipping write tests
[    1.584329] scsi target2:0:0: Ending Domain Validation
[    1.584381] scsi target2:0:0: FAST-40 WIDE SCSI 80.0 MB/s ST (25 ns, offset 127)
[    1.586559] sd 2:0:0:0: [sda] 41943040 512-byte logical blocks: (21.4 GB/20.0 GiB)
[    1.586616] sd 2:0:0:0: [sda] Write Protect is off
[    1.586620] sd 2:0:0:0: [sda] Mode Sense: 61 00 00 00
[    1.586675] sd 2:0:0:0: [sda] Cache data unavailable
[    1.586678] sd 2:0:0:0: [sda] Assuming drive cache: write through
[    1.587038] sd 2:0:0:0: [sda] Cache data unavailable
[    1.587041] sd 2:0:0:0: [sda] Assuming drive cache: write through
[    1.587794] sd 2:0:0:0: Attached scsi generic sg1 type 0
[    1.588459]  sda: sda1 sda2 < sda5 >
[    1.588967] sd 2:0:0:0: [sda] Cache data unavailable
[    1.588971] sd 2:0:0:0: [sda] Assuming drive cache: write through
[    1.588974] sd 2:0:0:0: [sda] Attached SCSI disk
[    1.625209] EXT4-fs (sda1): INFO: recovery required on readonly filesystem
[    1.625212] EXT4-fs (sda1): write access will be enabled during recovery
[    1.722917] hub 2-2:1.0: USB hub found
[    1.725178] hub 2-2:1.0: 7 ports detected
[    1.759798] EXT4-fs (sda1): recovery complete
[    1.760351] EXT4-fs (sda1): mounted filesystem with ordered data mode. Opts: (null)
[    3.106157] ADDRCONF(NETDEV_UP): eth0: link is not ready
[    3.111705] udevd[326]: starting version 175
[    3.150014] Adding 1046524k swap on /dev/sda5.  Priority:-1 extents:1 across:1046524k 
[    3.161883] lp: driver loaded but no devices found
[    3.241098] EXT4-fs (sda1): re-mounted. Opts: errors=remount-ro
[    3.273848] shpchp: Standard Hot Plug PCI Controller Driver version: 0.4
[    3.280406] piix4_smbus 0000:00:07.3: Host SMBus controller not enabled!
[    3.283600] [402]: VMCI: shared components initialized.
[    3.283621] Probing for vmci/PCI.
[    3.283774] ACPI: PCI Interrupt Link [LNKA] enabled at IRQ 9
[    3.283777] PCI: setting IRQ 9 as level-triggered
[    3.283782] vmci 0000:00:07.7: PCI INT A -> Link[LNKA] -> GSI 9 (level, low) -> IRQ 9
[    3.283824] Found vmci/PCI at 0x1080, irq 9.
[    3.283854] VMCI: using capabilities 0xc.
[    3.283925] [402]: VMCI: Host capability check passed.
[    3.284196] vmci 0000:00:07.7: irq 72 for MSI/MSI-X
[    3.284227] vmci 0000:00:07.7: irq 73 for MSI/MSI-X
[    3.304061] Registered vmci device.
[    3.326127] [402]: VMCI: Using guest personality
[    3.326131] [402]: VMCI: host components initialized.
[    3.327567] [402]: VMCI: Module registered (name=vmci,major=10,minor=57).
[    3.327570] [402]: VMCI: Using host personality
[    3.327572] [402]: VMCI: Module (name=vmci) is initialized
[    3.360196] ppdev: user-space parallel port driver
[    3.361220] parport_pc 00:09: reported by Plug and Play ACPI
[    3.361481] parport0: PC-style at 0x378, irq 7 [PCSPP,TRISTATE]
[    3.372689] Bluetooth: Core ver 2.16
[    3.374277] NET: Registered protocol family 31
[    3.374280] Bluetooth: HCI device and connection manager initialized
[    3.374282] Bluetooth: HCI socket layer initialized
[    3.374284] Bluetooth: L2CAP socket layer initialized
[    3.374289] Bluetooth: SCO socket layer initialized
[    3.402863] Bluetooth: BNEP (Ethernet Emulation) ver 1.3
[    3.402866] Bluetooth: BNEP filters: protocol multicast
[    3.410157] Bluetooth: RFCOMM TTY layer initialized
[    3.410162] Bluetooth: RFCOMM socket layer initialized
[    3.410163] Bluetooth: RFCOMM ver 1.11
[    3.456254] lp0: using parport0 (interrupt-driven).
[    3.467298] type=1400 audit(1369653025.902:2): apparmor="STATUS" operation="profile_load" name="/usr/lib/cups/backend/cups-pdf" pid=573 comm="apparmor_parser"
[    3.471190] type=1400 audit(1369653025.906:3): apparmor="STATUS" operation="profile_load" name="/usr/sbin/cupsd" pid=573 comm="apparmor_parser"
[    3.545995] type=1400 audit(1369653025.982:4): apparmor="STATUS" operation="profile_load" name="/sbin/dhclient" pid=600 comm="apparmor_parser"
[    3.546082] type=1400 audit(1369653025.982:5): apparmor="STATUS" operation="profile_load" name="/usr/lib/NetworkManager/nm-dhcp-client.action" pid=600 comm="apparmor_parser"
[    3.546163] type=1400 audit(1369653025.982:6): apparmor="STATUS" operation="profile_load" name="/usr/lib/connman/scripts/dhclient-script" pid=600 comm="apparmor_parser"
[    3.759782] input: ImPS/2 Generic Wheel Mouse as /devices/platform/i8042/serio1/input/input4
[    3.784217] init: failsafe main process (667) killed by TERM signal
[    3.854015] snd_ens1371 0000:02:02.0: PCI INT A -> Link[LNKA] -> GSI 9 (level, low) -> IRQ 9
[    3.860416] type=1400 audit(1369653026.298:7): apparmor="STATUS" operation="profile_load" name="/usr/lib/lightdm/lightdm/lightdm-guest-session-wrapper" pid=774 comm="apparmor_parser"
[    3.865071] type=1400 audit(1369653026.302:8): apparmor="STATUS" operation="profile_replace" name="/sbin/dhclient" pid=776 comm="apparmor_parser"
[    3.865166] type=1400 audit(1369653026.302:9): apparmor="STATUS" operation="profile_replace" name="/usr/lib/NetworkManager/nm-dhcp-client.action" pid=776 comm="apparmor_parser"
[    3.865248] type=1400 audit(1369653026.302:10): apparmor="STATUS" operation="profile_replace" name="/usr/lib/connman/scripts/dhclient-script" pid=776 comm="apparmor_parser"
[    4.104303] init: alsa-restore main process (852) terminated with status 19
