[    0.000000] Initializing cgroup subsys cpuset
[    0.000000] Initializing cgroup subsys cpu
[    0.000000] Linux version 3.2.0-29-generic-pae (buildd@roseapple) (gcc version 4.6.3 (Ubuntu/Linaro 4.6.3-1ubuntu5) ) #46-Ubuntu SMP Fri Jul 27 17:25:43 UTC 2012 (Ubuntu 3.2.0-29.46-generic-pae 3.2.24)
[    0.000000] KERNEL supported cpus:
[    0.000000]   Intel GenuineIntel
[    0.000000]   AMD AuthenticAMD
[    0.000000]   NSC Geode by NSC
[    0.000000]   Cyrix CyrixInstead
[    0.000000]   Centaur CentaurHauls
[    0.000000]   Transmeta GenuineTMx86
[    0.000000]   Transmeta TransmetaCPU
[    0.000000]   UMC UMC UMC UMC
[    0.000000] Disabled fast string operations
[    0.000000] BIOS-provided physical RAM map:
[    0.000000]  BIOS-e820: 0000000000000000 - 000000000009f000 (usable)
[    0.000000]  BIOS-e820: 000000000009f000 - 00000000000a0000 (reserved)
[    0.000000]  BIOS-e820: 00000000000ca000 - 00000000000cc000 (reserved)
[    0.000000]  BIOS-e820: 00000000000dc000 - 0000000000100000 (reserved)
[    0.000000]  BIOS-e820: 0000000000100000 - 000000003fee0000 (usable)
[    0.000000]  BIOS-e820: 000000003fee0000 - 000000003feff000 (ACPI data)
[    0.000000]  BIOS-e820: 000000003feff000 - 000000003ff00000 (ACPI NVS)
[    0.000000]  BIOS-e820: 000000003ff00000 - 0000000040000000 (usable)
[    0.000000]  BIOS-e820: 00000000e0000000 - 00000000f0000000 (reserved)
[    0.000000]  BIOS-e820: 00000000fec00000 - 00000000fec10000 (reserved)
[    0.000000]  BIOS-e820: 00000000fee00000 - 00000000fee01000 (reserved)
[    0.000000]  BIOS-e820: 00000000fffe0000 - 0000000100000000 (reserved)
[    0.000000] NX (Execute Disable) protection: active
[    0.000000] DMI present.
[    0.000000] DMI: VMware, Inc. VMware Virtual Platform/440BX Desktop Reference Platform, BIOS 6.00 07/02/2012
[    0.000000] Hypervisor detected: VMware
[    0.000000] e820 update range: 0000000000000000 - 0000000000010000 (usable) ==> (reserved)
[    0.000000] e820 remove range: 00000000000a0000 - 0000000000100000 (usable)
[    0.000000] last_pfn = 0x40000 max_arch_pfn = 0x1000000
[    0.000000] MTRR default type: uncachable
[    0.000000] MTRR fixed ranges enabled:
[    0.000000]   00000-9FFFF write-back
[    0.000000]   A0000-BFFFF uncachable
[    0.000000]   C0000-CBFFF write-protect
[    0.000000]   CC000-EFFFF uncachable
[    0.000000]   F0000-FFFFF write-protect
[    0.000000] MTRR variable ranges enabled:
[    0.000000]   0 base 0000000000 mask FFC0000000 write-back
[    0.000000]   1 disabled
[    0.000000]   2 disabled
[    0.000000]   3 disabled
[    0.000000]   4 disabled
[    0.000000]   5 disabled
[    0.000000]   6 disabled
[    0.000000]   7 disabled
[    0.000000] x86 PAT enabled: cpu 0, old 0x0, new 0x7010600070106
[    0.000000] found SMP MP-table at [c00f6bf0] f6bf0
[    0.000000] initial memory mapped : 0 - 02000000
[    0.000000] Base memory trampoline at [c009b000] 9b000 size 16384
[    0.000000] init_memory_mapping: 0000000000000000-0000000037bfe000
[    0.000000]  0000000000 - 0000200000 page 4k
[    0.000000]  0000200000 - 0037a00000 page 2M
[    0.000000]  0037a00000 - 0037bfe000 page 4k
[    0.000000] kernel direct mapping tables up to 37bfe000 @ 1ffb000-2000000
[    0.000000] RAMDISK: 364ea000 - 3726d000
[    0.000000] ACPI: RSDP 000f6b80 00024 (v02 PTLTD )
[    0.000000] ACPI: XSDT 3feed636 0005C (v01 INTEL  440BX    06040000 VMW  01324272)
[    0.000000] ACPI: FACP 3fefee98 000F4 (v04 INTEL  440BX    06040000 PTL  000F4240)
[    0.000000] ACPI: DSDT 3feee366 10B32 (v01 PTLTD  Custom   06040000 MSFT 03000001)
[    0.000000] ACPI: FACS 3fefffc0 00040
[    0.000000] ACPI: BOOT 3feee33e 00028 (v01 PTLTD  $SBFTBL$ 06040000  LTP 00000001)
[    0.000000] ACPI: APIC 3feedc3e 003C2 (v01 PTLTD  ? APIC   06040000  LTP 00000000)
[    0.000000] ACPI: MCFG 3feedc02 0003C (v01 PTLTD  $PCITBL$ 06040000  LTP 00000001)
[    0.000000] ACPI: SRAT 3feed732 004D0 (v02 VMWARE MEMPLUG  06040000 VMW  00000001)
[    0.000000] ACPI: HPET 3feed6fa 00038 (v01 VMWARE VMW HPET 06040000 VMW  00000001)
[    0.000000] ACPI: WAET 3feed6d2 00028 (v01 VMWARE VMW WAET 06040000 VMW  00000001)
[    0.000000] ACPI: Local APIC address 0xfee00000
[    0.000000] 132MB HIGHMEM available.
[    0.000000] 891MB LOWMEM available.
[    0.000000]   mapped low ram: 0 - 37bfe000
[    0.000000]   low ram: 0 - 37bfe000
[    0.000000] Zone PFN ranges:
[    0.000000]   DMA      0x00000010 -> 0x00001000
[    0.000000]   Normal   0x00001000 -> 0x00037bfe
[    0.000000]   HighMem  0x00037bfe -> 0x00040000
[    0.000000] Movable zone start PFN for each node
[    0.000000] early_node_map[3] active PFN ranges
[    0.000000]     0: 0x00000010 -> 0x0000009f
[    0.000000]     0: 0x00000100 -> 0x0003fee0
[    0.000000]     0: 0x0003ff00 -> 0x00040000
[    0.000000] On node 0 totalpages: 261999
[    0.000000] free_area_init_node: node 0, pgdat c1866a40, node_mem_map f73fd200
[    0.000000]   DMA zone: 32 pages used for memmap
[    0.000000]   DMA zone: 0 pages reserved
[    0.000000]   DMA zone: 3951 pages, LIFO batch:0
[    0.000000]   Normal zone: 1752 pages used for memmap
[    0.000000]   Normal zone: 222502 pages, LIFO batch:31
[    0.000000]   HighMem zone: 265 pages used for memmap
[    0.000000]   HighMem zone: 33497 pages, LIFO batch:7
[    0.000000] Using APIC driver default
[    0.000000] ACPI: PM-Timer IO Port: 0x1008
[    0.000000] ACPI: Local APIC address 0xfee00000
[    0.000000] ACPI: LAPIC (acpi_id[0x00] lapic_id[0x00] enabled)
[    0.000000] ACPI: LAPIC (acpi_id[0x01] lapic_id[0x02] disabled)
[    0.000000] ACPI: LAPIC (acpi_id[0x02] lapic_id[0x04] disabled)
[    0.000000] ACPI: LAPIC (acpi_id[0x03] lapic_id[0x06] disabled)
[    0.000000] ACPI: LAPIC (acpi_id[0x04] lapic_id[0x08] disabled)
[    0.000000] ACPI: LAPIC (acpi_id[0x05] lapic_id[0x0a] disabled)
[    0.000000] ACPI: LAPIC (acpi_id[0x06] lapic_id[0x0c] disabled)
[    0.000000] ACPI: LAPIC (acpi_id[0x07] lapic_id[0x0e] disabled)
[    0.000000] ACPI: LAPIC (acpi_id[0x08] lapic_id[0x10] disabled)
[    0.000000] ACPI: LAPIC (acpi_id[0x09] lapic_id[0x12] disabled)
[    0.000000] ACPI: LAPIC (acpi_id[0x0a] lapic_id[0x14] disabled)
[    0.000000] ACPI: LAPIC (acpi_id[0x0b] lapic_id[0x16] disabled)
[    0.000000] ACPI: LAPIC (acpi_id[0x0c] lapic_id[0x18] disabled)
[    0.000000] ACPI: LAPIC (acpi_id[0x0d] lapic_id[0x1a] disabled)
[    0.000000] ACPI: LAPIC (acpi_id[0x0e] lapic_id[0x1c] disabled)
[    0.000000] ACPI: LAPIC (acpi_id[0x0f] lapic_id[0x1e] disabled)
[    0.000000] ACPI: LAPIC (acpi_id[0x10] lapic_id[0x20] disabled)
[    0.000000] ACPI: LAPIC (acpi_id[0x11] lapic_id[0x22] disabled)
[    0.000000] ACPI: LAPIC (acpi_id[0x12] lapic_id[0x24] disabled)
[    0.000000] ACPI: LAPIC (acpi_id[0x13] lapic_id[0x26] disabled)
[    0.000000] ACPI: LAPIC (acpi_id[0x14] lapic_id[0x28] disabled)
[    0.000000] ACPI: LAPIC (acpi_id[0x15] lapic_id[0x2a] disabled)
[    0.000000] ACPI: LAPIC (acpi_id[0x16] lapic_id[0x2c] disabled)
[    0.000000] ACPI: LAPIC (acpi_id[0x17] lapic_id[0x2e] disabled)
[    0.000000] ACPI: LAPIC (acpi_id[0x18] lapic_id[0x30] disabled)
[    0.000000] ACPI: LAPIC (acpi_id[0x19] lapic_id[0x32] disabled)
[    0.000000] ACPI: LAPIC (acpi_id[0x1a] lapic_id[0x34] disabled)
[    0.000000] ACPI: LAPIC (acpi_id[0x1b] lapic_id[0x36] disabled)
[    0.000000] ACPI: LAPIC (acpi_id[0x1c] lapic_id[0x38] disabled)
[    0.000000] ACPI: LAPIC (acpi_id[0x1d] lapic_id[0x3a] disabled)
[    0.000000] ACPI: LAPIC (acpi_id[0x1e] lapic_id[0x3c] disabled)
[    0.000000] ACPI: LAPIC (acpi_id[0x1f] lapic_id[0x3e] disabled)
[    0.000000] ACPI: LAPIC (acpi_id[0x20] lapic_id[0x40] disabled)
[    0.000000] ACPI: LAPIC (acpi_id[0x21] lapic_id[0x42] disabled)
[    0.000000] ACPI: LAPIC (acpi_id[0x22] lapic_id[0x44] disabled)
[    0.000000] ACPI: LAPIC (acpi_id[0x23] lapic_id[0x46] disabled)
[    0.000000] ACPI: LAPIC (acpi_id[0x24] lapic_id[0x48] disabled)
[    0.000000] ACPI: LAPIC (acpi_id[0x25] lapic_id[0x4a] disabled)
[    0.000000] ACPI: LAPIC (acpi_id[0x26] lapic_id[0x4c] disabled)
[    0.000000] ACPI: LAPIC (acpi_id[0x27] lapic_id[0x4e] disabled)
[    0.000000] ACPI: LAPIC (acpi_id[0x28] lapic_id[0x50] disabled)
[    0.000000] ACPI: LAPIC (acpi_id[0x29] lapic_id[0x52] disabled)
[    0.000000] ACPI: LAPIC (acpi_id[0x2a] lapic_id[0x54] disabled)
[    0.000000] ACPI: LAPIC (acpi_id[0x2b] lapic_id[0x56] disabled)
[    0.000000] ACPI: LAPIC (acpi_id[0x2c] lapic_id[0x58] disabled)
[    0.000000] ACPI: LAPIC (acpi_id[0x2d] lapic_id[0x5a] disabled)
[    0.000000] ACPI: LAPIC (acpi_id[0x2e] lapic_id[0x5c] disabled)
[    0.000000] ACPI: LAPIC (acpi_id[0x2f] lapic_id[0x5e] disabled)
[    0.000000] ACPI: LAPIC (acpi_id[0x30] lapic_id[0x60] disabled)
[    0.000000] ACPI: LAPIC (acpi_id[0x31] lapic_id[0x62] disabled)
[    0.000000] ACPI: LAPIC (acpi_id[0x32] lapic_id[0x64] disabled)
[    0.000000] ACPI: LAPIC (acpi_id[0x33] lapic_id[0x66] disabled)
[    0.000000] ACPI: LAPIC (acpi_id[0x34] lapic_id[0x68] disabled)
[    0.000000] ACPI: LAPIC (acpi_id[0x35] lapic_id[0x6a] disabled)
[    0.000000] ACPI: LAPIC (acpi_id[0x36] lapic_id[0x6c] disabled)
[    0.000000] ACPI: LAPIC (acpi_id[0x37] lapic_id[0x6e] disabled)
[    0.000000] ACPI: LAPIC (acpi_id[0x38] lapic_id[0x70] disabled)
[    0.000000] ACPI: LAPIC (acpi_id[0x39] lapic_id[0x72] disabled)
[    0.000000] ACPI: LAPIC (acpi_id[0x3a] lapic_id[0x74] disabled)
[    0.000000] ACPI: LAPIC (acpi_id[0x3b] lapic_id[0x76] disabled)
[    0.000000] ACPI: LAPIC (acpi_id[0x3c] lapic_id[0x78] disabled)
[    0.000000] ACPI: LAPIC (acpi_id[0x3d] lapic_id[0x7a] disabled)
[    0.000000] ACPI: LAPIC (acpi_id[0x3e] lapic_id[0x7c] disabled)
[    0.000000] ACPI: LAPIC (acpi_id[0x3f] lapic_id[0x7e] disabled)
[    0.000000] ACPI: LAPIC_NMI (acpi_id[0x00] high edge lint[0x1])
[    0.000000] ACPI: LAPIC_NMI (acpi_id[0x01] high edge lint[0x1])
[    0.000000] ACPI: LAPIC_NMI (acpi_id[0x02] high edge lint[0x1])
[    0.000000] ACPI: LAPIC_NMI (acpi_id[0x03] high edge lint[0x1])
[    0.000000] ACPI: LAPIC_NMI (acpi_id[0x04] high edge lint[0x1])
[    0.000000] ACPI: LAPIC_NMI (acpi_id[0x05] high edge lint[0x1])
[    0.000000] ACPI: LAPIC_NMI (acpi_id[0x06] high edge lint[0x1])
[    0.000000] ACPI: LAPIC_NMI (acpi_id[0x07] high edge lint[0x1])
[    0.000000] ACPI: LAPIC_NMI (acpi_id[0x08] high edge lint[0x1])
[    0.000000] ACPI: LAPIC_NMI (acpi_id[0x09] high edge lint[0x1])
[    0.000000] ACPI: LAPIC_NMI (acpi_id[0x0a] high edge lint[0x1])
[    0.000000] ACPI: LAPIC_NMI (acpi_id[0x0b] high edge lint[0x1])
[    0.000000] ACPI: LAPIC_NMI (acpi_id[0x0c] high edge lint[0x1])
[    0.000000] ACPI: LAPIC_NMI (acpi_id[0x0d] high edge lint[0x1])
[    0.000000] ACPI: LAPIC_NMI (acpi_id[0x0e] high edge lint[0x1])
[    0.000000] ACPI: LAPIC_NMI (acpi_id[0x0f] high edge lint[0x1])
[    0.000000] ACPI: LAPIC_NMI (acpi_id[0x10] high edge lint[0x1])
[    0.000000] ACPI: LAPIC_NMI (acpi_id[0x11] high edge lint[0x1])
[    0.000000] ACPI: LAPIC_NMI (acpi_id[0x12] high edge lint[0x1])
[    0.000000] ACPI: LAPIC_NMI (acpi_id[0x13] high edge lint[0x1])
[    0.000000] ACPI: LAPIC_NMI (acpi_id[0x14] high edge lint[0x1])
[    0.000000] ACPI: LAPIC_NMI (acpi_id[0x15] high edge lint[0x1])
[    0.000000] ACPI: LAPIC_NMI (acpi_id[0x16] high edge lint[0x1])
[    0.000000] ACPI: LAPIC_NMI (acpi_id[0x17] high edge lint[0x1])
[    0.000000] ACPI: LAPIC_NMI (acpi_id[0x18] high edge lint[0x1])
[    0.000000] ACPI: LAPIC_NMI (acpi_id[0x19] high edge lint[0x1])
[    0.000000] ACPI: LAPIC_NMI (acpi_id[0x1a] high edge lint[0x1])
[    0.000000] ACPI: LAPIC_NMI (acpi_id[0x1b] high edge lint[0x1])
[    0.000000] ACPI: LAPIC_NMI (acpi_id[0x1c] high edge lint[0x1])
[    0.000000] ACPI: LAPIC_NMI (acpi_id[0x1d] high edge lint[0x1])
[    0.000000] ACPI: LAPIC_NMI (acpi_id[0x1e] high edge lint[0x1])
[    0.000000] ACPI: LAPIC_NMI (acpi_id[0x1f] high edge lint[0x1])
[    0.000000] ACPI: LAPIC_NMI (acpi_id[0x20] high edge lint[0x1])
[    0.000000] ACPI: LAPIC_NMI (acpi_id[0x21] high edge lint[0x1])
[    0.000000] ACPI: LAPIC_NMI (acpi_id[0x22] high edge lint[0x1])
[    0.000000] ACPI: LAPIC_NMI (acpi_id[0x23] high edge lint[0x1])
[    0.000000] ACPI: LAPIC_NMI (acpi_id[0x24] high edge lint[0x1])
[    0.000000] ACPI: LAPIC_NMI (acpi_id[0x25] high edge lint[0x1])
[    0.000000] ACPI: LAPIC_NMI (acpi_id[0x26] high edge lint[0x1])
[    0.000000] ACPI: LAPIC_NMI (acpi_id[0x27] high edge lint[0x1])
[    0.000000] ACPI: LAPIC_NMI (acpi_id[0x28] high edge lint[0x1])
[    0.000000] ACPI: LAPIC_NMI (acpi_id[0x29] high edge lint[0x1])
[    0.000000] ACPI: LAPIC_NMI (acpi_id[0x2a] high edge lint[0x1])
[    0.000000] ACPI: LAPIC_NMI (acpi_id[0x2b] high edge lint[0x1])
[    0.000000] ACPI: LAPIC_NMI (acpi_id[0x2c] high edge lint[0x1])
[    0.000000] ACPI: LAPIC_NMI (acpi_id[0x2d] high edge lint[0x1])
[    0.000000] ACPI: LAPIC_NMI (acpi_id[0x2e] high edge lint[0x1])
[    0.000000] ACPI: LAPIC_NMI (acpi_id[0x2f] high edge lint[0x1])
[    0.000000] ACPI: LAPIC_NMI (acpi_id[0x30] high edge lint[0x1])
[    0.000000] ACPI: LAPIC_NMI (acpi_id[0x31] high edge lint[0x1])
[    0.000000] ACPI: LAPIC_NMI (acpi_id[0x32] high edge lint[0x1])
[    0.000000] ACPI: LAPIC_NMI (acpi_id[0x33] high edge lint[0x1])
[    0.000000] ACPI: LAPIC_NMI (acpi_id[0x34] high edge lint[0x1])
[    0.000000] ACPI: LAPIC_NMI (acpi_id[0x35] high edge lint[0x1])
[    0.000000] ACPI: LAPIC_NMI (acpi_id[0x36] high edge lint[0x1])
[    0.000000] ACPI: LAPIC_NMI (acpi_id[0x37] high edge lint[0x1])
[    0.000000] ACPI: LAPIC_NMI (acpi_id[0x38] high edge lint[0x1])
[    0.000000] ACPI: LAPIC_NMI (acpi_id[0x39] high edge lint[0x1])
[    0.000000] ACPI: LAPIC_NMI (acpi_id[0x3a] high edge lint[0x1])
[    0.000000] ACPI: LAPIC_NMI (acpi_id[0x3b] high edge lint[0x1])
[    0.000000] ACPI: LAPIC_NMI (acpi_id[0x3c] high edge lint[0x1])
[    0.000000] ACPI: LAPIC_NMI (acpi_id[0x3d] high edge lint[0x1])
[    0.000000] ACPI: LAPIC_NMI (acpi_id[0x3e] high edge lint[0x1])
[    0.000000] ACPI: LAPIC_NMI (acpi_id[0x3f] high edge lint[0x1])
[    0.000000] ACPI: Skipping IOAPIC probe due to 'noapic' option.
[    0.000000] Using ACPI for processor (LAPIC) configuration information
[    0.000000] ACPI: HPET id: 0x8086af01 base: 0xfed00000
[    0.000000] Intel MultiProcessor Specification v1.4
[    0.000000]     Virtual Wire compatibility mode.
[    0.000000] MPTABLE: OEM ID: INTEL   
[    0.000000] MPTABLE: Product ID: 440BX       
[    0.000000] MPTABLE: APIC at: 0xFEE00000
[    0.000000] IOAPIC[0]: apic_id 1, version 17, address 0xfec00000, GSI 0-23
[    0.000000] Processors: 1
[    0.000000] SMP: Allowing 1 CPUs, 0 hotplug CPUs
[    0.000000] nr_irqs_gsi: 40
[    0.000000] PM: Registered nosave memory: 000000000009f000 - 00000000000a0000
[    0.000000] PM: Registered nosave memory: 00000000000a0000 - 00000000000ca000
[    0.000000] PM: Registered nosave memory: 00000000000ca000 - 00000000000cc000
[    0.000000] PM: Registered nosave memory: 00000000000cc000 - 00000000000dc000
[    0.000000] PM: Registered nosave memory: 00000000000dc000 - 0000000000100000
[    0.000000] Allocating PCI resources starting at 40000000 (gap: 40000000:a0000000)
[    0.000000] Booting paravirtualized kernel on bare hardware
[    0.000000] setup_percpu: NR_CPUS:8 nr_cpumask_bits:8 nr_cpu_ids:1 nr_node_ids:1
[    0.000000] PERCPU: Embedded 14 pages/cpu @f73e8000 s34240 r0 d23104 u57344
[    0.000000] pcpu-alloc: s34240 r0 d23104 u57344 alloc=14*4096
[    0.000000] pcpu-alloc: [0] 0 
[    0.000000] Built 1 zonelists in Zone order, mobility grouping on.  Total pages: 259950
[    0.000000] Kernel command line: BOOT_IMAGE=/boot/vmlinuz-3.2.0-29-generic-pae root=UUID=007b598c-390d-4c65-84a1-4ff752d48633 ro quiet splash maxcpus=0
[    0.000000] PID hash table entries: 4096 (order: 2, 16384 bytes)
[    0.000000] Dentry cache hash table entries: 131072 (order: 7, 524288 bytes)
[    0.000000] Inode-cache hash table entries: 65536 (order: 6, 262144 bytes)
[    0.000000] Initializing CPU#0
[    0.000000] xsave/xrstor: enabled xstate_bv 0x7, cntxt size 0x340
[    0.000000] allocated 4194048 bytes of page_cgroup
[    0.000000] please try 'cgroup_disable=memory' option if you don't want memory cgroups
[    0.000000] Initializing HighMem for node 0 (00037bfe:00040000)
[    0.000000] Memory: 1010624k/1048576k available (5814k kernel code, 37372k reserved, 2841k data, 740k init, 135048k highmem)
[    0.000000] virtual kernel memory layout:
[    0.000000]     fixmap  : 0xfff16000 - 0xfffff000   ( 932 kB)
[    0.000000]     pkmap   : 0xffc00000 - 0xffe00000   (2048 kB)
[    0.000000]     vmalloc : 0xf83fe000 - 0xffbfe000   ( 120 MB)
[    0.000000]     lowmem  : 0xc0000000 - 0xf7bfe000   ( 891 MB)
[    0.000000]       .init : 0xc1875000 - 0xc192e000   ( 740 kB)
[    0.000000]       .data : 0xc15adb64 - 0xc1874240   (2841 kB)
[    0.000000]       .text : 0xc1000000 - 0xc15adb64   (5814 kB)
[    0.000000] Checking if this processor honours the WP bit even in supervisor mode...Ok.
[    0.000000] SLUB: Genslabs=15, HWalign=64, Order=0-3, MinObjects=0, CPUs=1, Nodes=1
[    0.000000] Hierarchical RCU implementation.
[    0.000000] 	RCU dyntick-idle grace-period acceleration is enabled.
[    0.000000] NR_IRQS:2304 nr_irqs:256 16
[    0.000000] CPU 0 irqstacks, hard=f5c08000 soft=f5c0a000
[    0.000000] Extended CMOS year: 2000
[    0.000000] Console: colour VGA+ 80x25
[    0.000000] console [tty0] enabled
[    0.000000] hpet clockevent registered
[    0.000000] TSC freq read from hypervisor : 2394.620 MHz
[    0.000000] Detected 2394.620 MHz processor.
[    0.000001] Calibrating delay loop (skipped) preset value.. 4789.24 BogoMIPS (lpj=9578480)
[    0.000005] pid_max: default: 32768 minimum: 301
[    0.000031] Security Framework initialized
[    0.000052] AppArmor: AppArmor initialized
[    0.000054] Yama: becoming mindful.
[    0.000107] Mount-cache hash table entries: 512
[    0.000188] Initializing cgroup subsys cpuacct
[    0.000192] Initializing cgroup subsys memory
[    0.000196] Initializing cgroup subsys devices
[    0.000198] Initializing cgroup subsys freezer
[    0.000199] Initializing cgroup subsys blkio
[    0.000204] Initializing cgroup subsys perf_event
[    0.000247] Disabled fast string operations
[    0.000250] CPU: Physical Processor ID: 0
[    0.000259] ENERGY_PERF_BIAS: Set to 'normal', was 'performance'
[    0.000260] ENERGY_PERF_BIAS: View and update with x86_energy_perf_policy(8)
[    0.000918] mce: CPU supports 0 MCE banks
[    0.001652] SMP alternatives: switching to UP code
[    0.018267] Freeing SMP alternatives: 24k freed
[    0.018272] ACPI: Core revision 20110623
[    0.024403] ACPI: setting ELCR to 0200 (from 0e20)
[    0.025431] ftrace: allocating 26545 entries in 52 pages
[    0.045671] SMP mode deactivated.
[    0.045700] SMP disabled
[    0.045702] Performance Events: generic architected perfmon v1, core PMU driver.
[    0.045713] ... version:                1
[    0.045714] ... bit width:              48
[    0.045715] ... generic registers:      4
[    0.045716] ... value mask:             0000ffffffffffff
[    0.045717] ... max period:             000000007fffffff
[    0.045718] ... fixed-purpose events:   0
[    0.045719] ... event mask:             000000000000000f
[    0.045805] NMI watchdog enabled, takes one hw-pmu counter.
[    0.045824] Brought up 1 CPUs
[    0.045826] Total of 1 processors activated (4789.24 BogoMIPS).
[    0.045928] devtmpfs: initialized
[    0.045995] EVM: security.selinux
[    0.045996] EVM: security.SMACK64
[    0.045997] EVM: security.capability
[    0.046021] PM: Registering ACPI NVS region at 3feff000 (4096 bytes)
[    0.046736] print_constraints: dummy: 
[    0.046805] RTC time:  9:28:59, date: 05/27/13
[    0.046832] NET: Registered protocol family 16
[    0.046902] EISA bus registered
[    0.046911] ACPI: bus type pci registered
[    0.047014] PCI: MMCONFIG for domain 0000 [bus 00-ff] at [mem 0xe0000000-0xefffffff] (base 0xe0000000)
[    0.047016] PCI: MMCONFIG at [mem 0xe0000000-0xefffffff] reserved in E820
[    0.047017] PCI: Using MMCONFIG for extended config space
[    0.047019] PCI: Using configuration type 1 for base access
[    0.047691] bio: create slab <bio-0> at 0
[    0.047753] ACPI: Added _OSI(Module Device)
[    0.047754] ACPI: Added _OSI(Processor Device)
[    0.047756] ACPI: Added _OSI(3.0 _SCP Extensions)
[    0.047757] ACPI: Added _OSI(Processor Aggregator Device)
[    0.049631] ACPI: EC: Look up EC in DSDT
[    0.054072] [Firmware Bug]: ACPI: BIOS _OSI(Linux) query ignored
[    0.061726] ACPI: Interpreter enabled
[    0.061733] ACPI: (supports S0 S1 S4 S5)
[    0.061743] ACPI: Using PIC for interrupt routing
[    0.107806] ACPI: No dock devices found.
[    0.107810] HEST: Table not found.
[    0.107814] PCI: Using host bridge windows from ACPI; if necessary, use "pci=nocrs" and report a bug
[    0.108638] ACPI: PCI Root Bridge [PCI0] (domain 0000 [bus 00-ff])
[    0.109769] pci_root PNP0A03:00: host bridge window [mem 0x000a0000-0x000bffff]
[    0.109771] pci_root PNP0A03:00: host bridge window [mem 0x000cc000-0x000cffff]
[    0.109773] pci_root PNP0A03:00: host bridge window [mem 0x000d0000-0x000d3fff]
[    0.109774] pci_root PNP0A03:00: host bridge window [mem 0x000d4000-0x000d7fff]
[    0.109776] pci_root PNP0A03:00: host bridge window [mem 0x000d8000-0x000dbfff]
[    0.109778] pci_root PNP0A03:00: host bridge window [mem 0xc0000000-0xfebfffff]
[    0.109779] pci_root PNP0A03:00: host bridge window [io  0x0000-0x0cf7]
[    0.109781] pci_root PNP0A03:00: host bridge window [io  0x0d00-0xfeff]
[    0.109830] pci 0000:00:00.0: [8086:7190] type 0 class 0x000600
[    0.110249] pci 0000:00:01.0: [8086:7191] type 1 class 0x000604
[    0.110622] pci 0000:00:07.0: [8086:7110] type 0 class 0x000601
[    0.111233] pci 0000:00:07.1: [8086:7111] type 0 class 0x000101
[    0.112717] pci 0000:00:07.1: reg 20: [io  0x10c0-0x10cf]
[    0.113436] pci 0000:00:07.3: [8086:7113] type 0 class 0x000680
[    0.115039] pci 0000:00:07.3: quirk: [io  0x1000-0x103f] claimed by PIIX4 ACPI
[    0.115051] pci 0000:00:07.3: quirk: [io  0x1040-0x104f] claimed by PIIX4 SMB
[    0.115291] pci 0000:00:07.7: [15ad:0740] type 0 class 0x000880
[    0.115762] pci 0000:00:07.7: reg 10: [io  0x1080-0x10bf]
[    0.116349] pci 0000:00:07.7: reg 14: [mem 0xc8000000-0xc8001fff 64bit]
[    0.118333] pci 0000:00:0f.0: [15ad:0405] type 0 class 0x000300
[    0.120380] pci 0000:00:0f.0: reg 10: [io  0x10d0-0x10df]
[    0.122318] pci 0000:00:0f.0: reg 14: [mem 0xd0000000-0xd7ffffff pref]
[    0.124261] pci 0000:00:0f.0: reg 18: [mem 0xc8800000-0xc8ffffff]
[    0.132009] pci 0000:00:0f.0: reg 30: [mem 0x00000000-0x00007fff pref]
[    0.132307] pci 0000:00:10.0: [1000:0030] type 0 class 0x000100
[    0.132855] pci 0000:00:10.0: reg 10: [io  0x1400-0x14ff]
[    0.133555] pci 0000:00:10.0: reg 14: [mem 0xc8040000-0xc805ffff 64bit]
[    0.134255] pci 0000:00:10.0: reg 1c: [mem 0xc8020000-0xc803ffff 64bit]
[    0.135292] pci 0000:00:10.0: reg 30: [mem 0x00000000-0x00003fff pref]
[    0.135440] pci 0000:00:11.0: [15ad:0790] type 1 class 0x000604
[    0.136120] pci 0000:00:15.0: [15ad:07a0] type 1 class 0x000604
[    0.136804] pci 0000:00:15.0: PME# supported from D0 D3hot D3cold
[    0.136826] pci 0000:00:15.0: PME# disabled
[    0.137040] pci 0000:00:15.1: [15ad:07a0] type 1 class 0x000604
[    0.137728] pci 0000:00:15.1: PME# supported from D0 D3hot D3cold
[    0.137750] pci 0000:00:15.1: PME# disabled
[    0.137962] pci 0000:00:15.2: [15ad:07a0] type 1 class 0x000604
[    0.138690] pci 0000:00:15.2: PME# supported from D0 D3hot D3cold
[    0.138711] pci 0000:00:15.2: PME# disabled
[    0.138924] pci 0000:00:15.3: [15ad:07a0] type 1 class 0x000604
[    0.139620] pci 0000:00:15.3: PME# supported from D0 D3hot D3cold
[    0.139642] pci 0000:00:15.3: PME# disabled
[    0.139869] pci 0000:00:15.4: [15ad:07a0] type 1 class 0x000604
[    0.140555] pci 0000:00:15.4: PME# supported from D0 D3hot D3cold
[    0.140576] pci 0000:00:15.4: PME# disabled
[    0.140795] pci 0000:00:15.5: [15ad:07a0] type 1 class 0x000604
[    0.141490] pci 0000:00:15.5: PME# supported from D0 D3hot D3cold
[    0.141511] pci 0000:00:15.5: PME# disabled
[    0.141724] pci 0000:00:15.6: [15ad:07a0] type 1 class 0x000604
[    0.142412] pci 0000:00:15.6: PME# supported from D0 D3hot D3cold
[    0.142433] pci 0000:00:15.6: PME# disabled
[    0.142645] pci 0000:00:15.7: [15ad:07a0] type 1 class 0x000604
[    0.143328] pci 0000:00:15.7: PME# supported from D0 D3hot D3cold
[    0.143349] pci 0000:00:15.7: PME# disabled
[    0.143561] pci 0000:00:16.0: [15ad:07a0] type 1 class 0x000604
[    0.144265] pci 0000:00:16.0: PME# supported from D0 D3hot D3cold
[    0.144287] pci 0000:00:16.0: PME# disabled
[    0.144500] pci 0000:00:16.1: [15ad:07a0] type 1 class 0x000604
[    0.145181] pci 0000:00:16.1: PME# supported from D0 D3hot D3cold
[    0.145203] pci 0000:00:16.1: PME# disabled
[    0.145415] pci 0000:00:16.2: [15ad:07a0] type 1 class 0x000604
[    0.146102] pci 0000:00:16.2: PME# supported from D0 D3hot D3cold
[    0.146123] pci 0000:00:16.2: PME# disabled
[    0.146336] pci 0000:00:16.3: [15ad:07a0] type 1 class 0x000604
[    0.147016] pci 0000:00:16.3: PME# supported from D0 D3hot D3cold
[    0.147037] pci 0000:00:16.3: PME# disabled
[    0.147255] pci 0000:00:16.4: [15ad:07a0] type 1 class 0x000604
[    0.147947] pci 0000:00:16.4: PME# supported from D0 D3hot D3cold
[    0.147968] pci 0000:00:16.4: PME# disabled
[    0.148202] pci 0000:00:16.5: [15ad:07a0] type 1 class 0x000604
[    0.148888] pci 0000:00:16.5: PME# supported from D0 D3hot D3cold
[    0.148909] pci 0000:00:16.5: PME# disabled
[    0.149124] pci 0000:00:16.6: [15ad:07a0] type 1 class 0x000604
[    0.149804] pci 0000:00:16.6: PME# supported from D0 D3hot D3cold
[    0.149825] pci 0000:00:16.6: PME# disabled
[    0.150038] pci 0000:00:16.7: [15ad:07a0] type 1 class 0x000604
[    0.150734] pci 0000:00:16.7: PME# supported from D0 D3hot D3cold
[    0.150755] pci 0000:00:16.7: PME# disabled
[    0.150968] pci 0000:00:17.0: [15ad:07a0] type 1 class 0x000604
[    0.151661] pci 0000:00:17.0: PME# supported from D0 D3hot D3cold
[    0.151682] pci 0000:00:17.0: PME# disabled
[    0.151909] pci 0000:00:17.1: [15ad:07a0] type 1 class 0x000604
[    0.152592] pci 0000:00:17.1: PME# supported from D0 D3hot D3cold
[    0.152613] pci 0000:00:17.1: PME# disabled
[    0.152825] pci 0000:00:17.2: [15ad:07a0] type 1 class 0x000604
[    0.153526] pci 0000:00:17.2: PME# supported from D0 D3hot D3cold
[    0.153547] pci 0000:00:17.2: PME# disabled
[    0.153759] pci 0000:00:17.3: [15ad:07a0] type 1 class 0x000604
[    0.154452] pci 0000:00:17.3: PME# supported from D0 D3hot D3cold
[    0.154473] pci 0000:00:17.3: PME# disabled
[    0.154686] pci 0000:00:17.4: [15ad:07a0] type 1 class 0x000604
[    0.155374] pci 0000:00:17.4: PME# supported from D0 D3hot D3cold
[    0.155395] pci 0000:00:17.4: PME# disabled
[    0.155614] pci 0000:00:17.5: [15ad:07a0] type 1 class 0x000604
[    0.156313] pci 0000:00:17.5: PME# supported from D0 D3hot D3cold
[    0.156335] pci 0000:00:17.5: PME# disabled
[    0.156548] pci 0000:00:17.6: [15ad:07a0] type 1 class 0x000604
[    0.157325] pci 0000:00:17.6: PME# supported from D0 D3hot D3cold
[    0.157353] pci 0000:00:17.6: PME# disabled
[    0.157568] pci 0000:00:17.7: [15ad:07a0] type 1 class 0x000604
[    0.158254] pci 0000:00:17.7: PME# supported from D0 D3hot D3cold
[    0.158276] pci 0000:00:17.7: PME# disabled
[    0.158488] pci 0000:00:18.0: [15ad:07a0] type 1 class 0x000604
[    0.159217] pci 0000:00:18.0: PME# supported from D0 D3hot D3cold
[    0.159239] pci 0000:00:18.0: PME# disabled
[    0.159453] pci 0000:00:18.1: [15ad:07a0] type 1 class 0x000604
[    0.160230] pci 0000:00:18.1: PME# supported from D0 D3hot D3cold
[    0.160252] pci 0000:00:18.1: PME# disabled
[    0.160467] pci 0000:00:18.2: [15ad:07a0] type 1 class 0x000604
[    0.161155] pci 0000:00:18.2: PME# supported from D0 D3hot D3cold
[    0.161177] pci 0000:00:18.2: PME# disabled
[    0.161390] pci 0000:00:18.3: [15ad:07a0] type 1 class 0x000604
[    0.162073] pci 0000:00:18.3: PME# supported from D0 D3hot D3cold
[    0.162094] pci 0000:00:18.3: PME# disabled
[    0.162307] pci 0000:00:18.4: [15ad:07a0] type 1 class 0x000604
[    0.162989] pci 0000:00:18.4: PME# supported from D0 D3hot D3cold
[    0.163011] pci 0000:00:18.4: PME# disabled
[    0.163238] pci 0000:00:18.5: [15ad:07a0] type 1 class 0x000604
[    0.163933] pci 0000:00:18.5: PME# supported from D0 D3hot D3cold
[    0.163954] pci 0000:00:18.5: PME# disabled
[    0.164177] pci 0000:00:18.6: [15ad:07a0] type 1 class 0x000604
[    0.164859] pci 0000:00:18.6: PME# supported from D0 D3hot D3cold
[    0.164880] pci 0000:00:18.6: PME# disabled
[    0.165114] pci 0000:00:18.7: [15ad:07a0] type 1 class 0x000604
[    0.165797] pci 0000:00:18.7: PME# supported from D0 D3hot D3cold
[    0.165818] pci 0000:00:18.7: PME# disabled
[    0.166385] pci 0000:00:01.0: PCI bridge to [bus 01-01]
[    0.166669] pci 0000:02:00.0: [15ad:0774] type 0 class 0x000c03
[    0.167954] pci 0000:02:00.0: reg 20: [io  0x20c0-0x20df]
[    0.168563] pci 0000:02:01.0: [1022:2000] type 0 class 0x000200
[    0.168835] pci 0000:02:01.0: reg 10: [io  0x2000-0x207f]
[    0.170287] pci 0000:02:01.0: reg 30: [mem 0x00000000-0x0000ffff pref]
[    0.170405] pci 0000:02:02.0: [1274:1371] type 0 class 0x000401
[    0.170721] pci 0000:02:02.0: reg 10: [io  0x2080-0x20bf]
[    0.172566] pci 0000:02:03.0: [15ad:0770] type 0 class 0x000c03
[    0.172821] pci 0000:02:03.0: reg 10: [mem 0xc9000000-0xc9000fff]
[    0.174444] pci 0000:00:11.0: PCI bridge to [bus 02-02] (subtractive decode)
[    0.174465] pci 0000:00:11.0:   bridge window [io  0x2000-0x3fff]
[    0.174486] pci 0000:00:11.0:   bridge window [mem 0xc9000000-0xca3fffff]
[    0.174525] pci 0000:00:11.0:   bridge window [mem 0xd8400000-0xd89fffff 64bit pref]
[    0.174527] pci 0000:00:11.0:   bridge window [mem 0x000a0000-0x000bffff] (subtractive decode)
[    0.174529] pci 0000:00:11.0:   bridge window [mem 0x000cc000-0x000cffff] (subtractive decode)
[    0.174530] pci 0000:00:11.0:   bridge window [mem 0x000d0000-0x000d3fff] (subtractive decode)
[    0.174532] pci 0000:00:11.0:   bridge window [mem 0x000d4000-0x000d7fff] (subtractive decode)
[    0.174533] pci 0000:00:11.0:   bridge window [mem 0x000d8000-0x000dbfff] (subtractive decode)
[    0.174535] pci 0000:00:11.0:   bridge window [mem 0xc0000000-0xfebfffff] (subtractive decode)
[    0.174537] pci 0000:00:11.0:   bridge window [io  0x0000-0x0cf7] (subtractive decode)
[    0.174538] pci 0000:00:11.0:   bridge window [io  0x0d00-0xfeff] (subtractive decode)
[    0.174954] pci 0000:00:15.0: PCI bridge to [bus 03-03]
[    0.174974] pci 0000:00:15.0:   bridge window [io  0x4000-0x4fff]
[    0.174994] pci 0000:00:15.0:   bridge window [mem 0xca400000-0xca4fffff]
[    0.175044] pci 0000:00:15.0:   bridge window [mem 0xd8a00000-0xd8afffff 64bit pref]
[    0.175460] pci 0000:00:15.1: PCI bridge to [bus 04-04]
[    0.175480] pci 0000:00:15.1:   bridge window [io  0x8000-0x8fff]
[    0.175501] pci 0000:00:15.1:   bridge window [mem 0xca800000-0xca8fffff]
[    0.175540] pci 0000:00:15.1:   bridge window [mem 0xd8e00000-0xd8efffff 64bit pref]
[    0.175966] pci 0000:00:15.2: PCI bridge to [bus 05-05]
[    0.175987] pci 0000:00:15.2:   bridge window [io  0xc000-0xcfff]
[    0.176008] pci 0000:00:15.2:   bridge window [mem 0xcac00000-0xcacfffff]
[    0.176058] pci 0000:00:15.2:   bridge window [mem 0xd9200000-0xd92fffff 64bit pref]
[    0.176476] pci 0000:00:15.3: PCI bridge to [bus 06-06]
[    0.176515] pci 0000:00:15.3:   bridge window [mem 0xcb000000-0xcb0fffff]
[    0.176554] pci 0000:00:15.3:   bridge window [mem 0xd9600000-0xd96fffff 64bit pref]
[    0.176967] pci 0000:00:15.4: PCI bridge to [bus 07-07]
[    0.177006] pci 0000:00:15.4:   bridge window [mem 0xcb400000-0xcb4fffff]
[    0.177046] pci 0000:00:15.4:   bridge window [mem 0xd9a00000-0xd9afffff 64bit pref]
[    0.177459] pci 0000:00:15.5: PCI bridge to [bus 08-08]
[    0.177497] pci 0000:00:15.5:   bridge window [mem 0xcb800000-0xcb8fffff]
[    0.177536] pci 0000:00:15.5:   bridge window [mem 0xd9e00000-0xd9efffff 64bit pref]
[    0.177947] pci 0000:00:15.6: PCI bridge to [bus 09-09]
[    0.177986] pci 0000:00:15.6:   bridge window [mem 0xcbc00000-0xcbcfffff]
[    0.178025] pci 0000:00:15.6:   bridge window [mem 0xda200000-0xda2fffff 64bit pref]
[    0.178445] pci 0000:00:15.7: PCI bridge to [bus 0a-0a]
[    0.178483] pci 0000:00:15.7:   bridge window [mem 0xcc000000-0xcc0fffff]
[    0.178523] pci 0000:00:15.7:   bridge window [mem 0xda600000-0xda6fffff 64bit pref]
[    0.178933] pci 0000:00:16.0: PCI bridge to [bus 0b-0b]
[    0.178954] pci 0000:00:16.0:   bridge window [io  0x5000-0x5fff]
[    0.178974] pci 0000:00:16.0:   bridge window [mem 0xca500000-0xca5fffff]
[    0.179013] pci 0000:00:16.0:   bridge window [mem 0xd8b00000-0xd8bfffff 64bit pref]
[    0.179432] pci 0000:00:16.1: PCI bridge to [bus 0c-0c]
[    0.179452] pci 0000:00:16.1:   bridge window [io  0x9000-0x9fff]
[    0.179473] pci 0000:00:16.1:   bridge window [mem 0xca900000-0xca9fffff]
[    0.179512] pci 0000:00:16.1:   bridge window [mem 0xd8f00000-0xd8ffffff 64bit pref]
[    0.179935] pci 0000:00:16.2: PCI bridge to [bus 0d-0d]
[    0.179956] pci 0000:00:16.2:   bridge window [io  0xd000-0xdfff]
[    0.179977] pci 0000:00:16.2:   bridge window [mem 0xcad00000-0xcadfffff]
[    0.180016] pci 0000:00:16.2:   bridge window [mem 0xd9300000-0xd93fffff 64bit pref]
[    0.180439] pci 0000:00:16.3: PCI bridge to [bus 0e-0e]
[    0.180478] pci 0000:00:16.3:   bridge window [mem 0xcb100000-0xcb1fffff]
[    0.180517] pci 0000:00:16.3:   bridge window [mem 0xd9700000-0xd97fffff 64bit pref]
[    0.180930] pci 0000:00:16.4: PCI bridge to [bus 0f-0f]
[    0.180969] pci 0000:00:16.4:   bridge window [mem 0xcb500000-0xcb5fffff]
[    0.181008] pci 0000:00:16.4:   bridge window [mem 0xd9b00000-0xd9bfffff 64bit pref]
[    0.181445] pci 0000:00:16.5: PCI bridge to [bus 10-10]
[    0.181484] pci 0000:00:16.5:   bridge window [mem 0xcb900000-0xcb9fffff]
[    0.181523] pci 0000:00:16.5:   bridge window [mem 0xd9f00000-0xd9ffffff 64bit pref]
[    0.181935] pci 0000:00:16.6: PCI bridge to [bus 11-11]
[    0.181974] pci 0000:00:16.6:   bridge window [mem 0xcbd00000-0xcbdfffff]
[    0.182013] pci 0000:00:16.6:   bridge window [mem 0xda300000-0xda3fffff 64bit pref]
[    0.182427] pci 0000:00:16.7: PCI bridge to [bus 12-12]
[    0.182466] pci 0000:00:16.7:   bridge window [mem 0xcc100000-0xcc1fffff]
[    0.182505] pci 0000:00:16.7:   bridge window [mem 0xda700000-0xda7fffff 64bit pref]
[    0.182916] pci 0000:00:17.0: PCI bridge to [bus 13-13]
[    0.182936] pci 0000:00:17.0:   bridge window [io  0x6000-0x6fff]
[    0.182957] pci 0000:00:17.0:   bridge window [mem 0xca600000-0xca6fffff]
[    0.182996] pci 0000:00:17.0:   bridge window [mem 0xd8c00000-0xd8cfffff 64bit pref]
[    0.183416] pci 0000:00:17.1: PCI bridge to [bus 14-14]
[    0.183436] pci 0000:00:17.1:   bridge window [io  0xa000-0xafff]
[    0.183457] pci 0000:00:17.1:   bridge window [mem 0xcaa00000-0xcaafffff]
[    0.183496] pci 0000:00:17.1:   bridge window [mem 0xd9000000-0xd90fffff 64bit pref]
[    0.183922] pci 0000:00:17.2: PCI bridge to [bus 15-15]
[    0.183943] pci 0000:00:17.2:   bridge window [io  0xe000-0xefff]
[    0.183964] pci 0000:00:17.2:   bridge window [mem 0xcae00000-0xcaefffff]
[    0.184003] pci 0000:00:17.2:   bridge window [mem 0xd9400000-0xd94fffff 64bit pref]
[    0.184429] pci 0000:00:17.3: PCI bridge to [bus 16-16]
[    0.184468] pci 0000:00:17.3:   bridge window [mem 0xcb200000-0xcb2fffff]
[    0.184508] pci 0000:00:17.3:   bridge window [mem 0xd9800000-0xd98fffff 64bit pref]
[    0.184919] pci 0000:00:17.4: PCI bridge to [bus 17-17]
[    0.184958] pci 0000:00:17.4:   bridge window [mem 0xcb600000-0xcb6fffff]
[    0.184997] pci 0000:00:17.4:   bridge window [mem 0xd9c00000-0xd9cfffff 64bit pref]
[    0.185423] pci 0000:00:17.5: PCI bridge to [bus 18-18]
[    0.185462] pci 0000:00:17.5:   bridge window [mem 0xcba00000-0xcbafffff]
[    0.185501] pci 0000:00:17.5:   bridge window [mem 0xda000000-0xda0fffff 64bit pref]
[    0.185913] pci 0000:00:17.6: PCI bridge to [bus 19-19]
[    0.185952] pci 0000:00:17.6:   bridge window [mem 0xcbe00000-0xcbefffff]
[    0.185991] pci 0000:00:17.6:   bridge window [mem 0xda400000-0xda4fffff 64bit pref]
[    0.186416] pci 0000:00:17.7: PCI bridge to [bus 1a-1a]
[    0.186455] pci 0000:00:17.7:   bridge window [mem 0xcc200000-0xcc2fffff]
[    0.186494] pci 0000:00:17.7:   bridge window [mem 0xda800000-0xda8fffff 64bit pref]
[    0.186904] pci 0000:00:18.0: PCI bridge to [bus 1b-1b]
[    0.186924] pci 0000:00:18.0:   bridge window [io  0x7000-0x7fff]
[    0.186945] pci 0000:00:18.0:   bridge window [mem 0xca700000-0xca7fffff]
[    0.186984] pci 0000:00:18.0:   bridge window [mem 0xd8d00000-0xd8dfffff 64bit pref]
[    0.187397] pci 0000:00:18.1: PCI bridge to [bus 1c-1c]
[    0.187418] pci 0000:00:18.1:   bridge window [io  0xb000-0xbfff]
[    0.187438] pci 0000:00:18.1:   bridge window [mem 0xcab00000-0xcabfffff]
[    0.187477] pci 0000:00:18.1:   bridge window [mem 0xd9100000-0xd91fffff 64bit pref]
[    0.187904] pci 0000:00:18.2: PCI bridge to [bus 1d-1d]
[    0.187925] pci 0000:00:18.2:   bridge window [io  0xf000-0xffff]
[    0.187947] pci 0000:00:18.2:   bridge window [mem 0xcaf00000-0xcaffffff]
[    0.187986] pci 0000:00:18.2:   bridge window [mem 0xd9500000-0xd95fffff 64bit pref]
[    0.188411] pci 0000:00:18.3: PCI bridge to [bus 1e-1e]
[    0.188450] pci 0000:00:18.3:   bridge window [mem 0xcb300000-0xcb3fffff]
[    0.188489] pci 0000:00:18.3:   bridge window [mem 0xd9900000-0xd99fffff 64bit pref]
[    0.188902] pci 0000:00:18.4: PCI bridge to [bus 1f-1f]
[    0.188941] pci 0000:00:18.4:   bridge window [mem 0xcb700000-0xcb7fffff]
[    0.188980] pci 0000:00:18.4:   bridge window [mem 0xd9d00000-0xd9dfffff 64bit pref]
[    0.189425] pci 0000:00:18.5: PCI bridge to [bus 20-20]
[    0.189464] pci 0000:00:18.5:   bridge window [mem 0xcbb00000-0xcbbfffff]
[    0.189503] pci 0000:00:18.5:   bridge window [mem 0xda100000-0xda1fffff 64bit pref]
[    0.189916] pci 0000:00:18.6: PCI bridge to [bus 21-21]
[    0.189955] pci 0000:00:18.6:   bridge window [mem 0xcbf00000-0xcbffffff]
[    0.189994] pci 0000:00:18.6:   bridge window [mem 0xda500000-0xda5fffff 64bit pref]
[    0.190420] pci 0000:00:18.7: PCI bridge to [bus 22-22]
[    0.190459] pci 0000:00:18.7:   bridge window [mem 0xcc300000-0xcc3fffff]
[    0.190498] pci 0000:00:18.7:   bridge window [mem 0xda900000-0xda9fffff 64bit pref]
[    0.192053] pci_bus 0000:00: on NUMA node 0
[    0.192058] ACPI: PCI Interrupt Routing Table [\_SB_.PCI0._PRT]
[    0.192641]  pci0000:00: Requesting ACPI _OSC control (0x1d)
[    0.192836]  pci0000:00: ACPI _OSC control (0x15) granted
[    0.263089] ACPI: PCI Interrupt Link [LNKA] (IRQs 3 4 5 6 7 *9 10 11 14 15)
[    0.263156] ACPI: PCI Interrupt Link [LNKB] (IRQs 3 4 5 6 7 9 10 *11 14 15)
[    0.263219] ACPI: PCI Interrupt Link [LNKC] (IRQs 3 4 5 6 7 9 *10 11 14 15)
[    0.263281] ACPI: PCI Interrupt Link [LNKD] (IRQs 3 4 *5 6 7 9 10 11 14 15)
[    0.263409] vgaarb: device added: PCI:0000:00:0f.0,decodes=io+mem,owns=io+mem,locks=none
[    0.263418] vgaarb: loaded
[    0.263419] vgaarb: bridge control possible 0000:00:0f.0
[    0.263495] i2c-core: driver [aat2870] using legacy suspend method
[    0.263497] i2c-core: driver [aat2870] using legacy resume method
[    0.263558] SCSI subsystem initialized
[    0.263594] libata version 3.00 loaded.
[    0.263623] usbcore: registered new interface driver usbfs
[    0.263632] usbcore: registered new interface driver hub
[    0.263653] usbcore: registered new device driver usb
[    0.263715] PCI: Using ACPI for IRQ routing
[    0.328466] PCI: pci_cache_line_size set to 64 bytes
[    0.328488] pci 0000:00:18.2: no compatible bridge window for [io  0xf000-0xffff]
[    0.329421] reserve RAM buffer: 000000000009f000 - 000000000009ffff 
[    0.329424] reserve RAM buffer: 000000003fee0000 - 000000003fffffff 
[    0.329524] NetLabel: Initializing
[    0.329525] NetLabel:  domain hash size = 128
[    0.329526] NetLabel:  protocols = UNLABELED CIPSOv4
[    0.329533] NetLabel:  unlabeled traffic allowed by default
[    0.329592] hpet0: at MMIO 0xfed00000, IRQs 2, 8, 0, 0, 0, 0, 0, 0, 0, 0, 0, 0, 0, 0, 0, 0
[    0.329598] hpet0: 16 comparators, 64-bit 14.318180 MHz counter
[    0.331628] Switching to clocksource hpet
[    0.336886] AppArmor: AppArmor Filesystem Enabled
[    0.336904] pnp: PnP ACPI init
[    0.336918] ACPI: bus type pnp registered
[    0.337512] pnp 00:00: [bus 00-ff]
[    0.337514] pnp 00:00: [mem 0x000a0000-0x000bffff window]
[    0.337516] pnp 00:00: [mem 0x000c0000-0x000c3fff window]
[    0.337517] pnp 00:00: [mem 0x000c4000-0x000c7fff window]
[    0.337518] pnp 00:00: [mem 0x000c8000-0x000cbfff window]
[    0.337520] pnp 00:00: [mem 0x000cc000-0x000cffff window]
[    0.337521] pnp 00:00: [mem 0x000d0000-0x000d3fff window]
[    0.337523] pnp 00:00: [mem 0x000d4000-0x000d7fff window]
[    0.337524] pnp 00:00: [mem 0x000d8000-0x000dbfff window]
[    0.337526] pnp 00:00: [mem 0x000dc000-0x000dffff window]
[    0.337527] pnp 00:00: [mem 0x000e0000-0x000e3fff window]
[    0.337529] pnp 00:00: [mem 0x000e4000-0x000e7fff window]
[    0.337530] pnp 00:00: [mem 0x000e8000-0x000ebfff window]
[    0.337531] pnp 00:00: [mem 0x000ec000-0x000effff window]
[    0.337533] pnp 00:00: [mem 0xc0000000-0xfebfffff window]
[    0.337535] pnp 00:00: [io  0x0cf8-0x0cff]
[    0.337536] pnp 00:00: [io  0x0000-0x0cf7 window]
[    0.337537] pnp 00:00: [io  0x0d00-0xfeff window]
[    0.337574] pnp 00:00: Plug and Play ACPI device, IDs PNP0a03 PNP0a08 (active)
[    0.337634] pnp 00:01: [io  0x0010-0x001f]
[    0.337635] pnp 00:01: [io  0x0024-0x0025]
[    0.337636] pnp 00:01: [io  0x0028-0x0029]
[    0.337638] pnp 00:01: [io  0x002c-0x002d]
[    0.337639] pnp 00:01: [io  0x002e-0x002f]
[    0.337640] pnp 00:01: [io  0x0030-0x0031]
[    0.337641] pnp 00:01: [io  0x0034-0x0035]
[    0.337642] pnp 00:01: [io  0x0038-0x0039]
[    0.337643] pnp 00:01: [io  0x003c-0x003d]
[    0.337645] pnp 00:01: [io  0x0050-0x0053]
[    0.337646] pnp 00:01: [io  0x0072-0x0077]
[    0.337647] pnp 00:01: [io  0x0080]
[    0.337648] pnp 00:01: [io  0x0090-0x009f]
[    0.337649] pnp 00:01: [io  0x00a4-0x00a5]
[    0.337650] pnp 00:01: [io  0x00a8-0x00a9]
[    0.337651] pnp 00:01: [io  0x00ac-0x00ad]
[    0.337653] pnp 00:01: [io  0x00b0-0x00b5]
[    0.337654] pnp 00:01: [io  0x00b8-0x00b9]
[    0.337655] pnp 00:01: [io  0x00bc-0x00bd]
[    0.337656] pnp 00:01: [io  0x1000-0x103f]
[    0.337657] pnp 00:01: [io  0x1040-0x104f]
[    0.337658] pnp 00:01: [io  0x0cf0-0x0cf1]
[    0.337713] system 00:01: [io  0x1000-0x103f] has been reserved
[    0.337717] system 00:01: [io  0x1040-0x104f] has been reserved
[    0.337719] system 00:01: [io  0x0cf0-0x0cf1] has been reserved
[    0.337722] system 00:01: Plug and Play ACPI device, IDs PNP0c02 (active)
[    0.337728] pnp 00:02: [io  0x0000-0x000f]
[    0.337729] pnp 00:02: [io  0x0081-0x008f]
[    0.337730] pnp 00:02: [io  0x00c0-0x00df]
[    0.337732] pnp 00:02: [dma 4]
[    0.337747] pnp 00:02: Plug and Play ACPI device, IDs PNP0200 (active)
[    0.337753] pnp 00:03: [io  0x0020-0x0021]
[    0.337754] pnp 00:03: [io  0x00a0-0x00a1]
[    0.337755] pnp 00:03: [io  0x04d0-0x04d1]
[    0.337756] pnp 00:03: [irq 2 disabled]
[    0.337772] pnp 00:03: Plug and Play ACPI device, IDs PNP0001 (active)
[    0.337778] pnp 00:04: [io  0x0070-0x0071]
[    0.337780] pnp 00:04: [irq 8]
[    0.337793] pnp 00:04: Plug and Play ACPI device, IDs PNP0b00 (active)
[    0.337807] pnp 00:05: [io  0x0061]
[    0.337822] pnp 00:05: Plug and Play ACPI device, IDs PNP0800 (active)
[    0.337828] pnp 00:06: [io  0x0060]
[    0.337829] pnp 00:06: [io  0x0064]
[    0.337830] pnp 00:06: [irq 1]
[    0.337846] pnp 00:06: Plug and Play ACPI device, IDs PNP0303 (active)
[    0.337851] pnp 00:07: [irq 12]
[    0.337864] pnp 00:07: Plug and Play ACPI device, IDs PNP0f13 (active)
[    0.338014] pnp 00:08: [mem 0xfed00000-0xfed003ff]
[    0.338047] system 00:08: [mem 0xfed00000-0xfed003ff] has been reserved
[    0.338049] system 00:08: Plug and Play ACPI device, IDs PNP0103 PNP0c01 (active)
[    0.342265] pnp 00:09: [io  0x0378-0x037f]
[    0.342268] pnp 00:09: [irq 7]
[    0.343391] pnp 00:09: Plug and Play ACPI device, IDs PNP0400 (active)
[    0.347377] pnp 00:0a: [io  0x03f8-0x03ff]
[    0.347380] pnp 00:0a: [irq 4]
[    0.348468] pnp 00:0a: Plug and Play ACPI device, IDs PNP0501 (active)
[    0.351641] pnp 00:0b: [io  0x02f8-0x02ff]
[    0.351644] pnp 00:0b: [irq 3]
[    0.352718] pnp 00:0b: Plug and Play ACPI device, IDs PNP0501 (active)
[    0.357503] pnp 00:0c: [io  0x03f0-0x03f5]
[    0.357505] pnp 00:0c: [io  0x03f7]
[    0.357507] pnp 00:0c: [irq 6]
[    0.357508] pnp 00:0c: [dma 2]
[    0.358480] pnp 00:0c: Plug and Play ACPI device, IDs PNP0700 (active)
[    0.358636] pnp 00:0d: [mem 0xe0000000-0xefffffff]
[    0.358638] pnp 00:0d: [io  0x1060-0x107f]
[    0.358639] pnp 00:0d: [mem 0xc8200000-0xc83fffff]
[    0.358682] system 00:0d: [io  0x1060-0x107f] has been reserved
[    0.358685] system 00:0d: [mem 0xe0000000-0xefffffff] has been reserved
[    0.358687] system 00:0d: [mem 0xc8200000-0xc83fffff] has been reserved
[    0.358689] system 00:0d: Plug and Play ACPI device, IDs PNP0c02 (active)
[    0.363260] pnp: PnP ACPI: found 14 devices
[    0.363262] ACPI: ACPI bus type pnp unregistered
[    0.363266] PnPBIOS: Disabled by ACPI PNP
[    0.398887] PCI: max bus depth: 1 pci_try_num: 2
[    0.399556] pci 0000:00:0f.0: BAR 6: assigned [mem 0xc0000000-0xc0007fff pref]
[    0.399561] pci 0000:00:10.0: BAR 6: assigned [mem 0xc0008000-0xc000bfff pref]
[    0.399566] pci 0000:00:18.7: BAR 13: can't assign io (size 0x1000)
[    0.399569] pci 0000:00:18.6: BAR 13: can't assign io (size 0x1000)
[    0.399572] pci 0000:00:18.5: BAR 13: can't assign io (size 0x1000)
[    0.399575] pci 0000:00:18.4: BAR 13: can't assign io (size 0x1000)
[    0.399578] pci 0000:00:18.3: BAR 13: can't assign io (size 0x1000)
[    0.399581] pci 0000:00:18.2: BAR 13: can't assign io (size 0x1000)
[    0.399584] pci 0000:00:17.7: BAR 13: can't assign io (size 0x1000)
[    0.399587] pci 0000:00:17.6: BAR 13: can't assign io (size 0x1000)
[    0.399590] pci 0000:00:17.5: BAR 13: can't assign io (size 0x1000)
[    0.399593] pci 0000:00:17.4: BAR 13: can't assign io (size 0x1000)
[    0.399596] pci 0000:00:17.3: BAR 13: can't assign io (size 0x1000)
[    0.399599] pci 0000:00:16.7: BAR 13: can't assign io (size 0x1000)
[    0.399602] pci 0000:00:16.6: BAR 13: can't assign io (size 0x1000)
[    0.399605] pci 0000:00:16.5: BAR 13: can't assign io (size 0x1000)
[    0.399608] pci 0000:00:16.4: BAR 13: can't assign io (size 0x1000)
[    0.399611] pci 0000:00:16.3: BAR 13: can't assign io (size 0x1000)
[    0.399614] pci 0000:00:15.7: BAR 13: can't assign io (size 0x1000)
[    0.399617] pci 0000:00:15.6: BAR 13: can't assign io (size 0x1000)
[    0.399620] pci 0000:00:15.5: BAR 13: can't assign io (size 0x1000)
[    0.399623] pci 0000:00:15.4: BAR 13: can't assign io (size 0x1000)
[    0.399626] pci 0000:00:15.3: BAR 13: can't assign io (size 0x1000)
[    0.399629] pci 0000:00:01.0: PCI bridge to [bus 01-01]
[    0.399647] pci 0000:02:01.0: BAR 6: assigned [mem 0xd8400000-0xd840ffff pref]
[    0.399650] pci 0000:00:11.0: PCI bridge to [bus 02-02]
[    0.399663] pci 0000:00:11.0:   bridge window [io  0x2000-0x3fff]
[    0.399681] pci 0000:00:11.0:   bridge window [mem 0xc9000000-0xca3fffff]
[    0.399700] pci 0000:00:11.0:   bridge window [mem 0xd8400000-0xd89fffff 64bit pref]
[    0.399718] pci 0000:00:15.0: PCI bridge to [bus 03-03]
[    0.399730] pci 0000:00:15.0:   bridge window [io  0x4000-0x4fff]
[    0.399749] pci 0000:00:15.0:   bridge window [mem 0xca400000-0xca4fffff]
[    0.399767] pci 0000:00:15.0:   bridge window [mem 0xd8a00000-0xd8afffff 64bit pref]
[    0.399786] pci 0000:00:15.1: PCI bridge to [bus 04-04]
[    0.399799] pci 0000:00:15.1:   bridge window [io  0x8000-0x8fff]
[    0.399817] pci 0000:00:15.1:   bridge window [mem 0xca800000-0xca8fffff]
[    0.399836] pci 0000:00:15.1:   bridge window [mem 0xd8e00000-0xd8efffff 64bit pref]
[    0.399854] pci 0000:00:15.2: PCI bridge to [bus 05-05]
[    0.399867] pci 0000:00:15.2:   bridge window [io  0xc000-0xcfff]
[    0.399885] pci 0000:00:15.2:   bridge window [mem 0xcac00000-0xcacfffff]
[    0.399903] pci 0000:00:15.2:   bridge window [mem 0xd9200000-0xd92fffff 64bit pref]
[    0.399922] pci 0000:00:15.3: PCI bridge to [bus 06-06]
[    0.399940] pci 0000:00:15.3:   bridge window [mem 0xcb000000-0xcb0fffff]
[    0.399959] pci 0000:00:15.3:   bridge window [mem 0xd9600000-0xd96fffff 64bit pref]
[    0.399977] pci 0000:00:15.4: PCI bridge to [bus 07-07]
[    0.399996] pci 0000:00:15.4:   bridge window [mem 0xcb400000-0xcb4fffff]
[    0.400014] pci 0000:00:15.4:   bridge window [mem 0xd9a00000-0xd9afffff 64bit pref]
[    0.400033] pci 0000:00:15.5: PCI bridge to [bus 08-08]
[    0.400051] pci 0000:00:15.5:   bridge window [mem 0xcb800000-0xcb8fffff]
[    0.400069] pci 0000:00:15.5:   bridge window [mem 0xd9e00000-0xd9efffff 64bit pref]
[    0.400088] pci 0000:00:15.6: PCI bridge to [bus 09-09]
[    0.400106] pci 0000:00:15.6:   bridge window [mem 0xcbc00000-0xcbcfffff]
[    0.400125] pci 0000:00:15.6:   bridge window [mem 0xda200000-0xda2fffff 64bit pref]
[    0.400143] pci 0000:00:15.7: PCI bridge to [bus 0a-0a]
[    0.400162] pci 0000:00:15.7:   bridge window [mem 0xcc000000-0xcc0fffff]
[    0.400180] pci 0000:00:15.7:   bridge window [mem 0xda600000-0xda6fffff 64bit pref]
[    0.400199] pci 0000:00:16.0: PCI bridge to [bus 0b-0b]
[    0.400212] pci 0000:00:16.0:   bridge window [io  0x5000-0x5fff]
[    0.400230] pci 0000:00:16.0:   bridge window [mem 0xca500000-0xca5fffff]
[    0.400248] pci 0000:00:16.0:   bridge window [mem 0xd8b00000-0xd8bfffff 64bit pref]
[    0.400267] pci 0000:00:16.1: PCI bridge to [bus 0c-0c]
[    0.400280] pci 0000:00:16.1:   bridge window [io  0x9000-0x9fff]
[    0.400298] pci 0000:00:16.1:   bridge window [mem 0xca900000-0xca9fffff]
[    0.400317] pci 0000:00:16.1:   bridge window [mem 0xd8f00000-0xd8ffffff 64bit pref]
[    0.400335] pci 0000:00:16.2: PCI bridge to [bus 0d-0d]
[    0.400348] pci 0000:00:16.2:   bridge window [io  0xd000-0xdfff]
[    0.400366] pci 0000:00:16.2:   bridge window [mem 0xcad00000-0xcadfffff]
[    0.400385] pci 0000:00:16.2:   bridge window [mem 0xd9300000-0xd93fffff 64bit pref]
[    0.400403] pci 0000:00:16.3: PCI bridge to [bus 0e-0e]
[    0.400422] pci 0000:00:16.3:   bridge window [mem 0xcb100000-0xcb1fffff]
[    0.400440] pci 0000:00:16.3:   bridge window [mem 0xd9700000-0xd97fffff 64bit pref]
[    0.400458] pci 0000:00:16.4: PCI bridge to [bus 0f-0f]
[    0.400477] pci 0000:00:16.4:   bridge window [mem 0xcb500000-0xcb5fffff]
[    0.400495] pci 0000:00:16.4:   bridge window [mem 0xd9b00000-0xd9bfffff 64bit pref]
[    0.400514] pci 0000:00:16.5: PCI bridge to [bus 10-10]
[    0.400532] pci 0000:00:16.5:   bridge window [mem 0xcb900000-0xcb9fffff]
[    0.400551] pci 0000:00:16.5:   bridge window [mem 0xd9f00000-0xd9ffffff 64bit pref]
[    0.400569] pci 0000:00:16.6: PCI bridge to [bus 11-11]
[    0.400588] pci 0000:00:16.6:   bridge window [mem 0xcbd00000-0xcbdfffff]
[    0.400606] pci 0000:00:16.6:   bridge window [mem 0xda300000-0xda3fffff 64bit pref]
[    0.400624] pci 0000:00:16.7: PCI bridge to [bus 12-12]
[    0.400643] pci 0000:00:16.7:   bridge window [mem 0xcc100000-0xcc1fffff]
[    0.400661] pci 0000:00:16.7:   bridge window [mem 0xda700000-0xda7fffff 64bit pref]
[    0.400680] pci 0000:00:17.0: PCI bridge to [bus 13-13]
[    0.400693] pci 0000:00:17.0:   bridge window [io  0x6000-0x6fff]
[    0.400711] pci 0000:00:17.0:   bridge window [mem 0xca600000-0xca6fffff]
[    0.400730] pci 0000:00:17.0:   bridge window [mem 0xd8c00000-0xd8cfffff 64bit pref]
[    0.400748] pci 0000:00:17.1: PCI bridge to [bus 14-14]
[    0.400761] pci 0000:00:17.1:   bridge window [io  0xa000-0xafff]
[    0.400780] pci 0000:00:17.1:   bridge window [mem 0xcaa00000-0xcaafffff]
[    0.400798] pci 0000:00:17.1:   bridge window [mem 0xd9000000-0xd90fffff 64bit pref]
[    0.400816] pci 0000:00:17.2: PCI bridge to [bus 15-15]
[    0.400829] pci 0000:00:17.2:   bridge window [io  0xe000-0xefff]
[    0.400848] pci 0000:00:17.2:   bridge window [mem 0xcae00000-0xcaefffff]
[    0.400866] pci 0000:00:17.2:   bridge window [mem 0xd9400000-0xd94fffff 64bit pref]
[    0.400885] pci 0000:00:17.3: PCI bridge to [bus 16-16]
[    0.400903] pci 0000:00:17.3:   bridge window [mem 0xcb200000-0xcb2fffff]
[    0.400922] pci 0000:00:17.3:   bridge window [mem 0xd9800000-0xd98fffff 64bit pref]
[    0.400940] pci 0000:00:17.4: PCI bridge to [bus 17-17]
[    0.400959] pci 0000:00:17.4:   bridge window [mem 0xcb600000-0xcb6fffff]
[    0.400977] pci 0000:00:17.4:   bridge window [mem 0xd9c00000-0xd9cfffff 64bit pref]
[    0.400995] pci 0000:00:17.5: PCI bridge to [bus 18-18]
[    0.401014] pci 0000:00:17.5:   bridge window [mem 0xcba00000-0xcbafffff]
[    0.401032] pci 0000:00:17.5:   bridge window [mem 0xda000000-0xda0fffff 64bit pref]
[    0.401051] pci 0000:00:17.6: PCI bridge to [bus 19-19]
[    0.401069] pci 0000:00:17.6:   bridge window [mem 0xcbe00000-0xcbefffff]
[    0.401088] pci 0000:00:17.6:   bridge window [mem 0xda400000-0xda4fffff 64bit pref]
[    0.401106] pci 0000:00:17.7: PCI bridge to [bus 1a-1a]
[    0.401125] pci 0000:00:17.7:   bridge window [mem 0xcc200000-0xcc2fffff]
[    0.401143] pci 0000:00:17.7:   bridge window [mem 0xda800000-0xda8fffff 64bit pref]
[    0.401161] pci 0000:00:18.0: PCI bridge to [bus 1b-1b]
[    0.401174] pci 0000:00:18.0:   bridge window [io  0x7000-0x7fff]
[    0.401192] pci 0000:00:18.0:   bridge window [mem 0xca700000-0xca7fffff]
[    0.401211] pci 0000:00:18.0:   bridge window [mem 0xd8d00000-0xd8dfffff 64bit pref]
[    0.401229] pci 0000:00:18.1: PCI bridge to [bus 1c-1c]
[    0.401242] pci 0000:00:18.1:   bridge window [io  0xb000-0xbfff]
[    0.401261] pci 0000:00:18.1:   bridge window [mem 0xcab00000-0xcabfffff]
[    0.401279] pci 0000:00:18.1:   bridge window [mem 0xd9100000-0xd91fffff 64bit pref]
[    0.401298] pci 0000:00:18.2: PCI bridge to [bus 1d-1d]
[    0.401316] pci 0000:00:18.2:   bridge window [mem 0xcaf00000-0xcaffffff]
[    0.401335] pci 0000:00:18.2:   bridge window [mem 0xd9500000-0xd95fffff 64bit pref]
[    0.401353] pci 0000:00:18.3: PCI bridge to [bus 1e-1e]
[    0.401371] pci 0000:00:18.3:   bridge window [mem 0xcb300000-0xcb3fffff]
[    0.401390] pci 0000:00:18.3:   bridge window [mem 0xd9900000-0xd99fffff 64bit pref]
[    0.401408] pci 0000:00:18.4: PCI bridge to [bus 1f-1f]
[    0.401427] pci 0000:00:18.4:   bridge window [mem 0xcb700000-0xcb7fffff]
[    0.401445] pci 0000:00:18.4:   bridge window [mem 0xd9d00000-0xd9dfffff 64bit pref]
[    0.401464] pci 0000:00:18.5: PCI bridge to [bus 20-20]
[    0.401482] pci 0000:00:18.5:   bridge window [mem 0xcbb00000-0xcbbfffff]
[    0.401500] pci 0000:00:18.5:   bridge window [mem 0xda100000-0xda1fffff 64bit pref]
[    0.401519] pci 0000:00:18.6: PCI bridge to [bus 21-21]
[    0.401537] pci 0000:00:18.6:   bridge window [mem 0xcbf00000-0xcbffffff]
[    0.401556] pci 0000:00:18.6:   bridge window [mem 0xda500000-0xda5fffff 64bit pref]
[    0.401574] pci 0000:00:18.7: PCI bridge to [bus 22-22]
[    0.401593] pci 0000:00:18.7:   bridge window [mem 0xcc300000-0xcc3fffff]
[    0.401611] pci 0000:00:18.7:   bridge window [mem 0xda900000-0xda9fffff 64bit pref]
[    0.401630] pci 0000:00:01.0: setting latency timer to 64
[    0.401648] pci 0000:00:15.0: setting latency timer to 64
[    0.401666] pci 0000:00:15.1: setting latency timer to 64
[    0.401685] pci 0000:00:15.2: setting latency timer to 64
[    0.401703] pci 0000:00:15.3: setting latency timer to 64
[    0.401722] pci 0000:00:15.4: setting latency timer to 64
[    0.401740] pci 0000:00:15.5: setting latency timer to 64
[    0.401759] pci 0000:00:15.6: setting latency timer to 64
[    0.401777] pci 0000:00:15.7: setting latency timer to 64
[    0.401796] pci 0000:00:16.0: setting latency timer to 64
[    0.401814] pci 0000:00:16.1: setting latency timer to 64
[    0.401832] pci 0000:00:16.2: setting latency timer to 64
[    0.401851] pci 0000:00:16.3: setting latency timer to 64
[    0.401869] pci 0000:00:16.4: setting latency timer to 64
[    0.401888] pci 0000:00:16.5: setting latency timer to 64
[    0.401906] pci 0000:00:16.6: setting latency timer to 64
[    0.401925] pci 0000:00:16.7: setting latency timer to 64
[    0.401943] pci 0000:00:17.0: setting latency timer to 64
[    0.401962] pci 0000:00:17.1: setting latency timer to 64
[    0.401980] pci 0000:00:17.2: setting latency timer to 64
[    0.401998] pci 0000:00:17.3: setting latency timer to 64
[    0.402017] pci 0000:00:17.4: setting latency timer to 64
[    0.402035] pci 0000:00:17.5: setting latency timer to 64
[    0.402054] pci 0000:00:17.6: setting latency timer to 64
[    0.402072] pci 0000:00:17.7: setting latency timer to 64
[    0.402091] pci 0000:00:18.0: setting latency timer to 64
[    0.402109] pci 0000:00:18.1: setting latency timer to 64
[    0.402128] pci 0000:00:18.2: setting latency timer to 64
[    0.402146] pci 0000:00:18.3: setting latency timer to 64
[    0.402164] pci 0000:00:18.4: setting latency timer to 64
[    0.402183] pci 0000:00:18.5: setting latency timer to 64
[    0.402201] pci 0000:00:18.6: setting latency timer to 64
[    0.402220] pci 0000:00:18.7: setting latency timer to 64
[    0.402233] pci_bus 0000:00: resource 4 [mem 0x000a0000-0x000bffff]
[    0.402235] pci_bus 0000:00: resource 5 [mem 0x000cc000-0x000cffff]
[    0.402237] pci_bus 0000:00: resource 6 [mem 0x000d0000-0x000d3fff]
[    0.402239] pci_bus 0000:00: resource 7 [mem 0x000d4000-0x000d7fff]
[    0.402241] pci_bus 0000:00: resource 8 [mem 0x000d8000-0x000dbfff]
[    0.402243] pci_bus 0000:00: resource 9 [mem 0xc0000000-0xfebfffff]
[    0.402245] pci_bus 0000:00: resource 10 [io  0x0000-0x0cf7]
[    0.402247] pci_bus 0000:00: resource 11 [io  0x0d00-0xfeff]
[    0.402250] pci_bus 0000:02: resource 0 [io  0x2000-0x3fff]
[    0.402252] pci_bus 0000:02: resource 1 [mem 0xc9000000-0xca3fffff]
[    0.402254] pci_bus 0000:02: resource 2 [mem 0xd8400000-0xd89fffff 64bit pref]
[    0.402256] pci_bus 0000:02: resource 4 [mem 0x000a0000-0x000bffff]
[    0.402258] pci_bus 0000:02: resource 5 [mem 0x000cc000-0x000cffff]
[    0.402260] pci_bus 0000:02: resource 6 [mem 0x000d0000-0x000d3fff]
[    0.402262] pci_bus 0000:02: resource 7 [mem 0x000d4000-0x000d7fff]
[    0.402264] pci_bus 0000:02: resource 8 [mem 0x000d8000-0x000dbfff]
[    0.402266] pci_bus 0000:02: resource 9 [mem 0xc0000000-0xfebfffff]
[    0.402268] pci_bus 0000:02: resource 10 [io  0x0000-0x0cf7]
[    0.402270] pci_bus 0000:02: resource 11 [io  0x0d00-0xfeff]
[    0.402272] pci_bus 0000:03: resource 0 [io  0x4000-0x4fff]
[    0.402274] pci_bus 0000:03: resource 1 [mem 0xca400000-0xca4fffff]
[    0.402276] pci_bus 0000:03: resource 2 [mem 0xd8a00000-0xd8afffff 64bit pref]
[    0.402279] pci_bus 0000:04: resource 0 [io  0x8000-0x8fff]
[    0.402281] pci_bus 0000:04: resource 1 [mem 0xca800000-0xca8fffff]
[    0.402283] pci_bus 0000:04: resource 2 [mem 0xd8e00000-0xd8efffff 64bit pref]
[    0.402285] pci_bus 0000:05: resource 0 [io  0xc000-0xcfff]
[    0.402287] pci_bus 0000:05: resource 1 [mem 0xcac00000-0xcacfffff]
[    0.402289] pci_bus 0000:05: resource 2 [mem 0xd9200000-0xd92fffff 64bit pref]
[    0.402291] pci_bus 0000:06: resource 1 [mem 0xcb000000-0xcb0fffff]
[    0.402293] pci_bus 0000:06: resource 2 [mem 0xd9600000-0xd96fffff 64bit pref]
[    0.402296] pci_bus 0000:07: resource 1 [mem 0xcb400000-0xcb4fffff]
[    0.402298] pci_bus 0000:07: resource 2 [mem 0xd9a00000-0xd9afffff 64bit pref]
[    0.402300] pci_bus 0000:08: resource 1 [mem 0xcb800000-0xcb8fffff]
[    0.402302] pci_bus 0000:08: resource 2 [mem 0xd9e00000-0xd9efffff 64bit pref]
[    0.402305] pci_bus 0000:09: resource 1 [mem 0xcbc00000-0xcbcfffff]
[    0.402307] pci_bus 0000:09: resource 2 [mem 0xda200000-0xda2fffff 64bit pref]
[    0.402309] pci_bus 0000:0a: resource 1 [mem 0xcc000000-0xcc0fffff]
[    0.402311] pci_bus 0000:0a: resource 2 [mem 0xda600000-0xda6fffff 64bit pref]
[    0.402313] pci_bus 0000:0b: resource 0 [io  0x5000-0x5fff]
[    0.402315] pci_bus 0000:0b: resource 1 [mem 0xca500000-0xca5fffff]
[    0.402317] pci_bus 0000:0b: resource 2 [mem 0xd8b00000-0xd8bfffff 64bit pref]
[    0.402320] pci_bus 0000:0c: resource 0 [io  0x9000-0x9fff]
[    0.402322] pci_bus 0000:0c: resource 1 [mem 0xca900000-0xca9fffff]
[    0.402324] pci_bus 0000:0c: resource 2 [mem 0xd8f00000-0xd8ffffff 64bit pref]
[    0.402326] pci_bus 0000:0d: resource 0 [io  0xd000-0xdfff]
[    0.402328] pci_bus 0000:0d: resource 1 [mem 0xcad00000-0xcadfffff]
[    0.402330] pci_bus 0000:0d: resource 2 [mem 0xd9300000-0xd93fffff 64bit pref]
[    0.402333] pci_bus 0000:0e: resource 1 [mem 0xcb100000-0xcb1fffff]
[    0.402335] pci_bus 0000:0e: resource 2 [mem 0xd9700000-0xd97fffff 64bit pref]
[    0.402337] pci_bus 0000:0f: resource 1 [mem 0xcb500000-0xcb5fffff]
[    0.402339] pci_bus 0000:0f: resource 2 [mem 0xd9b00000-0xd9bfffff 64bit pref]
[    0.402341] pci_bus 0000:10: resource 1 [mem 0xcb900000-0xcb9fffff]
[    0.402343] pci_bus 0000:10: resource 2 [mem 0xd9f00000-0xd9ffffff 64bit pref]
[    0.402346] pci_bus 0000:11: resource 1 [mem 0xcbd00000-0xcbdfffff]
[    0.402348] pci_bus 0000:11: resource 2 [mem 0xda300000-0xda3fffff 64bit pref]
[    0.402350] pci_bus 0000:12: resource 1 [mem 0xcc100000-0xcc1fffff]
[    0.402352] pci_bus 0000:12: resource 2 [mem 0xda700000-0xda7fffff 64bit pref]
[    0.402354] pci_bus 0000:13: resource 0 [io  0x6000-0x6fff]
[    0.402356] pci_bus 0000:13: resource 1 [mem 0xca600000-0xca6fffff]
[    0.402359] pci_bus 0000:13: resource 2 [mem 0xd8c00000-0xd8cfffff 64bit pref]
[    0.402361] pci_bus 0000:14: resource 0 [io  0xa000-0xafff]
[    0.402363] pci_bus 0000:14: resource 1 [mem 0xcaa00000-0xcaafffff]
[    0.402365] pci_bus 0000:14: resource 2 [mem 0xd9000000-0xd90fffff 64bit pref]
[    0.402367] pci_bus 0000:15: resource 0 [io  0xe000-0xefff]
[    0.402378] pci_bus 0000:15: resource 1 [mem 0xcae00000-0xcaefffff]
[    0.402381] pci_bus 0000:15: resource 2 [mem 0xd9400000-0xd94fffff 64bit pref]
[    0.402383] pci_bus 0000:16: resource 1 [mem 0xcb200000-0xcb2fffff]
[    0.402385] pci_bus 0000:16: resource 2 [mem 0xd9800000-0xd98fffff 64bit pref]
[    0.402387] pci_bus 0000:17: resource 1 [mem 0xcb600000-0xcb6fffff]
[    0.402390] pci_bus 0000:17: resource 2 [mem 0xd9c00000-0xd9cfffff 64bit pref]
[    0.402392] pci_bus 0000:18: resource 1 [mem 0xcba00000-0xcbafffff]
[    0.402394] pci_bus 0000:18: resource 2 [mem 0xda000000-0xda0fffff 64bit pref]
[    0.402396] pci_bus 0000:19: resource 1 [mem 0xcbe00000-0xcbefffff]
[    0.402398] pci_bus 0000:19: resource 2 [mem 0xda400000-0xda4fffff 64bit pref]
[    0.402401] pci_bus 0000:1a: resource 1 [mem 0xcc200000-0xcc2fffff]
[    0.402403] pci_bus 0000:1a: resource 2 [mem 0xda800000-0xda8fffff 64bit pref]
[    0.402405] pci_bus 0000:1b: resource 0 [io  0x7000-0x7fff]
[    0.402407] pci_bus 0000:1b: resource 1 [mem 0xca700000-0xca7fffff]
[    0.402409] pci_bus 0000:1b: resource 2 [mem 0xd8d00000-0xd8dfffff 64bit pref]
[    0.402411] pci_bus 0000:1c: resource 0 [io  0xb000-0xbfff]
[    0.402413] pci_bus 0000:1c: resource 1 [mem 0xcab00000-0xcabfffff]
[    0.402415] pci_bus 0000:1c: resource 2 [mem 0xd9100000-0xd91fffff 64bit pref]
[    0.402417] pci_bus 0000:1d: resource 1 [mem 0xcaf00000-0xcaffffff]
[    0.402420] pci_bus 0000:1d: resource 2 [mem 0xd9500000-0xd95fffff 64bit pref]
[    0.402422] pci_bus 0000:1e: resource 1 [mem 0xcb300000-0xcb3fffff]
[    0.402424] pci_bus 0000:1e: resource 2 [mem 0xd9900000-0xd99fffff 64bit pref]
[    0.402426] pci_bus 0000:1f: resource 1 [mem 0xcb700000-0xcb7fffff]
[    0.402428] pci_bus 0000:1f: resource 2 [mem 0xd9d00000-0xd9dfffff 64bit pref]
[    0.402430] pci_bus 0000:20: resource 1 [mem 0xcbb00000-0xcbbfffff]
[    0.402432] pci_bus 0000:20: resource 2 [mem 0xda100000-0xda1fffff 64bit pref]
[    0.402435] pci_bus 0000:21: resource 1 [mem 0xcbf00000-0xcbffffff]
[    0.402437] pci_bus 0000:21: resource 2 [mem 0xda500000-0xda5fffff 64bit pref]
[    0.402439] pci_bus 0000:22: resource 1 [mem 0xcc300000-0xcc3fffff]
[    0.402441] pci_bus 0000:22: resource 2 [mem 0xda900000-0xda9fffff 64bit pref]
[    0.402460] NET: Registered protocol family 2
[    0.402478] IP route cache hash table entries: 32768 (order: 5, 131072 bytes)
[    0.402496] TCP established hash table entries: 131072 (order: 8, 1048576 bytes)
[    0.402515] TCP bind hash table entries: 65536 (order: 7, 524288 bytes)
[    0.402533] TCP: Hash tables configured (established 131072 bind 65536)
[    0.402536] TCP reno registered
[    0.402539] UDP hash table entries: 512 (order: 2, 16384 bytes)
[    0.402546] UDP-Lite hash table entries: 512 (order: 2, 16384 bytes)
[    0.402564] NET: Registered protocol family 1
[    0.402572] pci 0000:00:00.0: Limiting direct PCI/PCI transfers
[    0.402591] pci 0000:00:0f.0: Boot video device
[    0.402609] ACPI: PCI Interrupt Link [LNKC] enabled at IRQ 10
[    0.402612] PCI: setting IRQ 10 as level-triggered
[    0.402619] pci 0000:02:00.0: PCI INT A -> Link[LNKC] -> GSI 10 (level, low) -> IRQ 10
[    0.402661] pci 0000:02:00.0: PCI INT A disabled
[    0.402679] ACPI: PCI Interrupt Link [LNKB] enabled at IRQ 11
[    0.402681] PCI: setting IRQ 11 as level-triggered
[    0.402685] pci 0000:02:03.0: PCI INT A -> Link[LNKB] -> GSI 11 (level, low) -> IRQ 11
[    0.402703] pci 0000:02:03.0: PCI INT A disabled
[    0.402716] PCI: CLS 32 bytes, default 64
[    0.402757] Simple Boot Flag at 0x36 set to 0x1
[    0.402761] Switching to clocksource tsc
[    0.402879] audit: initializing netlink socket (disabled)
[    0.402887] type=2000 audit(1369646939.387:1): initialized
[    0.415571] Trying to unpack rootfs image as initramfs...
[    0.435547] highmem bounce pool size: 64 pages
[    0.435552] HugeTLB registered 2 MB page size, pre-allocated 0 pages
[    0.439541] VFS: Disk quotas dquot_6.5.2
[    0.439560] Dquot-cache hash table entries: 1024 (order 0, 4096 bytes)
[    0.439640] fuse init (API version 7.17)
[    0.439680] msgmni has been set to 1710
[    0.451550] Block layer SCSI generic (bsg) driver version 0.4 loaded (major 253)
[    0.455482] io scheduler noop registered
[    0.455485] io scheduler deadline registered
[    0.455492] io scheduler cfq registered (default)
[    0.455510] pcieport 0000:00:15.0: setting latency timer to 64
[    0.455529] pcieport 0000:00:15.0: irq 40 for MSI/MSI-X
[    0.455547] pcieport 0000:00:15.1: setting latency timer to 64
[    0.455566] pcieport 0000:00:15.1: irq 41 for MSI/MSI-X
[    0.455584] pcieport 0000:00:15.2: setting latency timer to 64
[    0.455603] pcieport 0000:00:15.2: irq 42 for MSI/MSI-X
[    0.455621] pcieport 0000:00:15.3: setting latency timer to 64
[    0.455640] pcieport 0000:00:15.3: irq 43 for MSI/MSI-X
[    0.455658] pcieport 0000:00:15.4: setting latency timer to 64
[    0.455676] pcieport 0000:00:15.4: irq 44 for MSI/MSI-X
[    0.455695] pcieport 0000:00:15.5: setting latency timer to 64
[    0.455713] pcieport 0000:00:15.5: irq 45 for MSI/MSI-X
[    0.455732] pcieport 0000:00:15.6: setting latency timer to 64
[    0.455750] pcieport 0000:00:15.6: irq 46 for MSI/MSI-X
[    0.455769] pcieport 0000:00:15.7: setting latency timer to 64
[    0.455787] pcieport 0000:00:15.7: irq 47 for MSI/MSI-X
[    0.455806] pcieport 0000:00:16.0: setting latency timer to 64
[    0.455824] pcieport 0000:00:16.0: irq 48 for MSI/MSI-X
[    0.455842] pcieport 0000:00:16.1: setting latency timer to 64
[    0.455861] pcieport 0000:00:16.1: irq 49 for MSI/MSI-X
[    0.455879] pcieport 0000:00:16.2: setting latency timer to 64
[    0.455898] pcieport 0000:00:16.2: irq 50 for MSI/MSI-X
[    0.455916] pcieport 0000:00:16.3: setting latency timer to 64
[    0.455935] pcieport 0000:00:16.3: irq 51 for MSI/MSI-X
[    0.455953] pcieport 0000:00:16.4: setting latency timer to 64
[    0.455972] pcieport 0000:00:16.4: irq 52 for MSI/MSI-X
[    0.455990] pcieport 0000:00:16.5: setting latency timer to 64
[    0.456008] pcieport 0000:00:16.5: irq 53 for MSI/MSI-X
[    0.456027] pcieport 0000:00:16.6: setting latency timer to 64
[    0.456045] pcieport 0000:00:16.6: irq 54 for MSI/MSI-X
[    0.456064] pcieport 0000:00:16.7: setting latency timer to 64
[    0.456082] pcieport 0000:00:16.7: irq 55 for MSI/MSI-X
[    0.456101] pcieport 0000:00:17.0: setting latency timer to 64
[    0.456119] pcieport 0000:00:17.0: irq 56 for MSI/MSI-X
[    0.456138] pcieport 0000:00:17.1: setting latency timer to 64
[    0.456156] pcieport 0000:00:17.1: irq 57 for MSI/MSI-X
[    0.456174] pcieport 0000:00:17.2: setting latency timer to 64
[    0.456193] pcieport 0000:00:17.2: irq 58 for MSI/MSI-X
[    0.456211] pcieport 0000:00:17.3: setting latency timer to 64
[    0.456230] pcieport 0000:00:17.3: irq 59 for MSI/MSI-X
[    0.456248] pcieport 0000:00:17.4: setting latency timer to 64
[    0.456267] pcieport 0000:00:17.4: irq 60 for MSI/MSI-X
[    0.456285] pcieport 0000:00:17.5: setting latency timer to 64
[    0.456304] pcieport 0000:00:17.5: irq 61 for MSI/MSI-X
[    0.456322] pcieport 0000:00:17.6: setting latency timer to 64
[    0.456340] pcieport 0000:00:17.6: irq 62 for MSI/MSI-X
[    0.456359] pcieport 0000:00:17.7: setting latency timer to 64
[    0.456377] pcieport 0000:00:17.7: irq 63 for MSI/MSI-X
[    0.456396] pcieport 0000:00:18.0: setting latency timer to 64
[    0.456414] pcieport 0000:00:18.0: irq 64 for MSI/MSI-X
[    0.456433] pcieport 0000:00:18.1: setting latency timer to 64
[    0.456451] pcieport 0000:00:18.1: irq 65 for MSI/MSI-X
[    0.456469] pcieport 0000:00:18.2: setting latency timer to 64
[    0.456488] pcieport 0000:00:18.2: irq 66 for MSI/MSI-X
[    0.456506] pcieport 0000:00:18.3: setting latency timer to 64
[    0.456525] pcieport 0000:00:18.3: irq 67 for MSI/MSI-X
[    0.456543] pcieport 0000:00:18.4: setting latency timer to 64
[    0.456562] pcieport 0000:00:18.4: irq 68 for MSI/MSI-X
[    0.456580] pcieport 0000:00:18.5: setting latency timer to 64
[    0.456599] pcieport 0000:00:18.5: irq 69 for MSI/MSI-X
[    0.456617] pcieport 0000:00:18.6: setting latency timer to 64
[    0.456635] pcieport 0000:00:18.6: irq 70 for MSI/MSI-X
[    0.456654] pcieport 0000:00:18.7: setting latency timer to 64
[    0.456672] pcieport 0000:00:18.7: irq 71 for MSI/MSI-X
[    0.456691] pcieport 0000:00:15.0: Signaling PME through PCIe PME interrupt
[    0.456709] pcie_pme 0000:00:15.0:pcie01: service driver pcie_pme loaded
[    0.456728] pcieport 0000:00:15.1: Signaling PME through PCIe PME interrupt
[    0.456746] pcie_pme 0000:00:15.1:pcie01: service driver pcie_pme loaded
[    0.456765] pcieport 0000:00:15.2: Signaling PME through PCIe PME interrupt
[    0.456783] pcie_pme 0000:00:15.2:pcie01: service driver pcie_pme loaded
[    0.456801] pcieport 0000:00:15.3: Signaling PME through PCIe PME interrupt
[    0.456820] pcie_pme 0000:00:15.3:pcie01: service driver pcie_pme loaded
[    0.456838] pcieport 0000:00:15.4: Signaling PME through PCIe PME interrupt
[    0.456857] pcie_pme 0000:00:15.4:pcie01: service driver pcie_pme loaded
[    0.456875] pcieport 0000:00:15.5: Signaling PME through PCIe PME interrupt
[    0.456894] pcie_pme 0000:00:15.5:pcie01: service driver pcie_pme loaded
[    0.456912] pcieport 0000:00:15.6: Signaling PME through PCIe PME interrupt
[    0.456931] pcie_pme 0000:00:15.6:pcie01: service driver pcie_pme loaded
[    0.456949] pcieport 0000:00:15.7: Signaling PME through PCIe PME interrupt
[    0.456967] pcie_pme 0000:00:15.7:pcie01: service driver pcie_pme loaded
[    0.456986] pcieport 0000:00:16.0: Signaling PME through PCIe PME interrupt
[    0.457004] pcie_pme 0000:00:16.0:pcie01: service driver pcie_pme loaded
[    0.457023] pcieport 0000:00:16.1: Signaling PME through PCIe PME interrupt
[    0.457041] pcie_pme 0000:00:16.1:pcie01: service driver pcie_pme loaded
[    0.457060] pcieport 0000:00:16.2: Signaling PME through PCIe PME interrupt
[    0.457078] pcie_pme 0000:00:16.2:pcie01: service driver pcie_pme loaded
[    0.457097] pcieport 0000:00:16.3: Signaling PME through PCIe PME interrupt
[    0.457115] pcie_pme 0000:00:16.3:pcie01: service driver pcie_pme loaded
[    0.457133] pcieport 0000:00:16.4: Signaling PME through PCIe PME interrupt
[    0.457152] pcie_pme 0000:00:16.4:pcie01: service driver pcie_pme loaded
[    0.457170] pcieport 0000:00:16.5: Signaling PME through PCIe PME interrupt
[    0.457189] pcie_pme 0000:00:16.5:pcie01: service driver pcie_pme loaded
[    0.457207] pcieport 0000:00:16.6: Signaling PME through PCIe PME interrupt
[    0.457226] pcie_pme 0000:00:16.6:pcie01: service driver pcie_pme loaded
[    0.457244] pcieport 0000:00:16.7: Signaling PME through PCIe PME interrupt
[    0.457263] pcie_pme 0000:00:16.7:pcie01: service driver pcie_pme loaded
[    0.457281] pcieport 0000:00:17.0: Signaling PME through PCIe PME interrupt
[    0.457299] pcie_pme 0000:00:17.0:pcie01: service driver pcie_pme loaded
[    0.457318] pcieport 0000:00:17.1: Signaling PME through PCIe PME interrupt
[    0.457336] pcie_pme 0000:00:17.1:pcie01: service driver pcie_pme loaded
[    0.457355] pcieport 0000:00:17.2: Signaling PME through PCIe PME interrupt
[    0.457373] pcie_pme 0000:00:17.2:pcie01: service driver pcie_pme loaded
[    0.457392] pcieport 0000:00:17.3: Signaling PME through PCIe PME interrupt
[    0.457410] pcie_pme 0000:00:17.3:pcie01: service driver pcie_pme loaded
[    0.457428] pcieport 0000:00:17.4: Signaling PME through PCIe PME interrupt
[    0.457447] pcie_pme 0000:00:17.4:pcie01: service driver pcie_pme loaded
[    0.457465] pcieport 0000:00:17.5: Signaling PME through PCIe PME interrupt
[    0.457484] pcie_pme 0000:00:17.5:pcie01: service driver pcie_pme loaded
[    0.457502] pcieport 0000:00:17.6: Signaling PME through PCIe PME interrupt
[    0.457521] pcie_pme 0000:00:17.6:pcie01: service driver pcie_pme loaded
[    0.457539] pcieport 0000:00:17.7: Signaling PME through PCIe PME interrupt
[    0.457558] pcie_pme 0000:00:17.7:pcie01: service driver pcie_pme loaded
[    0.457576] pcieport 0000:00:18.0: Signaling PME through PCIe PME interrupt
[    0.457594] pcie_pme 0000:00:18.0:pcie01: service driver pcie_pme loaded
[    0.457613] pcieport 0000:00:18.1: Signaling PME through PCIe PME interrupt
[    0.457631] pcie_pme 0000:00:18.1:pcie01: service driver pcie_pme loaded
[    0.457650] pcieport 0000:00:18.2: Signaling PME through PCIe PME interrupt
[    0.457668] pcie_pme 0000:00:18.2:pcie01: service driver pcie_pme loaded
[    0.457687] pcieport 0000:00:18.3: Signaling PME through PCIe PME interrupt
[    0.457705] pcie_pme 0000:00:18.3:pcie01: service driver pcie_pme loaded
[    0.457724] pcieport 0000:00:18.4: Signaling PME through PCIe PME interrupt
[    0.457742] pcie_pme 0000:00:18.4:pcie01: service driver pcie_pme loaded
[    0.457760] pcieport 0000:00:18.5: Signaling PME through PCIe PME interrupt
[    0.457779] pcie_pme 0000:00:18.5:pcie01: service driver pcie_pme loaded
[    0.457797] pcieport 0000:00:18.6: Signaling PME through PCIe PME interrupt
[    0.457816] pcie_pme 0000:00:18.6:pcie01: service driver pcie_pme loaded
[    0.457834] pcieport 0000:00:18.7: Signaling PME through PCIe PME interrupt
[    0.457853] pcie_pme 0000:00:18.7:pcie01: service driver pcie_pme loaded
[    0.457871] pci_hotplug: PCI Hot Plug PCI Core version: 0.5
[    0.457890] pciehp 0000:00:15.0:pcie04: HPC vendor_id 15ad device_id 7a0 ss_vid 15ad ss_did 7a0
[    0.457908] pciehp 0000:00:15.0:pcie04: service driver pciehp loaded
[    0.457926] pciehp 0000:00:15.1:pcie04: HPC vendor_id 15ad device_id 7a0 ss_vid 15ad ss_did 7a0
[    0.457945] pciehp 0000:00:15.1:pcie04: service driver pciehp loaded
[    0.457963] pciehp 0000:00:15.2:pcie04: HPC vendor_id 15ad device_id 7a0 ss_vid 15ad ss_did 7a0
[    0.457982] pciehp 0000:00:15.2:pcie04: service driver pciehp loaded
[    0.458000] pciehp 0000:00:15.3:pcie04: HPC vendor_id 15ad device_id 7a0 ss_vid 15ad ss_did 7a0
[    0.458019] pciehp 0000:00:15.3:pcie04: service driver pciehp loaded
[    0.458037] pciehp 0000:00:15.4:pcie04: HPC vendor_id 15ad device_id 7a0 ss_vid 15ad ss_did 7a0
[    0.458056] pciehp 0000:00:15.4:pcie04: service driver pciehp loaded
[    0.458074] pciehp 0000:00:15.5:pcie04: HPC vendor_id 15ad device_id 7a0 ss_vid 15ad ss_did 7a0
[    0.458092] pciehp 0000:00:15.5:pcie04: service driver pciehp loaded
[    0.458111] pciehp 0000:00:15.6:pcie04: HPC vendor_id 15ad device_id 7a0 ss_vid 15ad ss_did 7a0
[    0.458129] pciehp 0000:00:15.6:pcie04: service driver pciehp loaded
[    0.458148] pciehp 0000:00:15.7:pcie04: HPC vendor_id 15ad device_id 7a0 ss_vid 15ad ss_did 7a0
[    0.458166] pciehp 0000:00:15.7:pcie04: service driver pciehp loaded
[    0.458185] pciehp 0000:00:16.0:pcie04: HPC vendor_id 15ad device_id 7a0 ss_vid 15ad ss_did 7a0
[    0.458203] pciehp 0000:00:16.0:pcie04: service driver pciehp loaded
[    0.458222] pciehp 0000:00:16.1:pcie04: HPC vendor_id 15ad device_id 7a0 ss_vid 15ad ss_did 7a0
[    0.458240] pciehp 0000:00:16.1:pcie04: service driver pciehp loaded
[    0.458258] pciehp 0000:00:16.2:pcie04: HPC vendor_id 15ad device_id 7a0 ss_vid 15ad ss_did 7a0
[    0.458277] pciehp 0000:00:16.2:pcie04: service driver pciehp loaded
[    0.458295] pciehp 0000:00:16.3:pcie04: HPC vendor_id 15ad device_id 7a0 ss_vid 15ad ss_did 7a0
[    0.458314] pciehp 0000:00:16.3:pcie04: service driver pciehp loaded
[    0.458332] pciehp 0000:00:16.4:pcie04: HPC vendor_id 15ad device_id 7a0 ss_vid 15ad ss_did 7a0
[    0.458351] pciehp 0000:00:16.4:pcie04: service driver pciehp loaded
[    0.458369] pciehp 0000:00:16.5:pcie04: HPC vendor_id 15ad device_id 7a0 ss_vid 15ad ss_did 7a0
[    0.458387] pciehp 0000:00:16.5:pcie04: service driver pciehp loaded
[    0.458406] pciehp 0000:00:16.6:pcie04: HPC vendor_id 15ad device_id 7a0 ss_vid 15ad ss_did 7a0
[    0.458424] pciehp 0000:00:16.6:pcie04: service driver pciehp loaded
[    0.458443] pciehp 0000:00:16.7:pcie04: HPC vendor_id 15ad device_id 7a0 ss_vid 15ad ss_did 7a0
[    0.458461] pciehp 0000:00:16.7:pcie04: service driver pciehp loaded
[    0.458480] pciehp 0000:00:17.0:pcie04: HPC vendor_id 15ad device_id 7a0 ss_vid 15ad ss_did 7a0
[    0.458498] pciehp 0000:00:17.0:pcie04: service driver pciehp loaded
[    0.458517] pciehp 0000:00:17.1:pcie04: HPC vendor_id 15ad device_id 7a0 ss_vid 15ad ss_did 7a0
[    0.458535] pciehp 0000:00:17.1:pcie04: service driver pciehp loaded
[    0.458553] pciehp 0000:00:17.2:pcie04: HPC vendor_id 15ad device_id 7a0 ss_vid 15ad ss_did 7a0
[    0.458572] pciehp 0000:00:17.2:pcie04: service driver pciehp loaded
[    0.458590] pciehp 0000:00:17.3:pcie04: HPC vendor_id 15ad device_id 7a0 ss_vid 15ad ss_did 7a0
[    0.458609] pciehp 0000:00:17.3:pcie04: service driver pciehp loaded
[    0.458627] pciehp 0000:00:17.4:pcie04: HPC vendor_id 15ad device_id 7a0 ss_vid 15ad ss_did 7a0
[    0.458646] pciehp 0000:00:17.4:pcie04: service driver pciehp loaded
[    0.458664] pciehp 0000:00:17.5:pcie04: HPC vendor_id 15ad device_id 7a0 ss_vid 15ad ss_did 7a0
[    0.458683] pciehp 0000:00:17.5:pcie04: service driver pciehp loaded
[    0.458701] pciehp 0000:00:17.6:pcie04: HPC vendor_id 15ad device_id 7a0 ss_vid 15ad ss_did 7a0
[    0.458719] pciehp 0000:00:17.6:pcie04: service driver pciehp loaded
[    0.458738] pciehp 0000:00:17.7:pcie04: HPC vendor_id 15ad device_id 7a0 ss_vid 15ad ss_did 7a0
[    0.458756] pciehp 0000:00:17.7:pcie04: service driver pciehp loaded
[    0.458775] pciehp 0000:00:18.0:pcie04: HPC vendor_id 15ad device_id 7a0 ss_vid 15ad ss_did 7a0
[    0.458793] pciehp 0000:00:18.0:pcie04: service driver pciehp loaded
[    0.458812] pciehp 0000:00:18.1:pcie04: HPC vendor_id 15ad device_id 7a0 ss_vid 15ad ss_did 7a0
[    0.458830] pciehp 0000:00:18.1:pcie04: service driver pciehp loaded
[    0.458849] pciehp 0000:00:18.2:pcie04: HPC vendor_id 15ad device_id 7a0 ss_vid 15ad ss_did 7a0
[    0.458867] pciehp 0000:00:18.2:pcie04: service driver pciehp loaded
[    0.458885] pciehp 0000:00:18.3:pcie04: HPC vendor_id 15ad device_id 7a0 ss_vid 15ad ss_did 7a0
[    0.458904] pciehp 0000:00:18.3:pcie04: service driver pciehp loaded
[    0.458922] pciehp 0000:00:18.4:pcie04: HPC vendor_id 15ad device_id 7a0 ss_vid 15ad ss_did 7a0
[    0.458941] pciehp 0000:00:18.4:pcie04: service driver pciehp loaded
[    0.458959] pciehp 0000:00:18.5:pcie04: HPC vendor_id 15ad device_id 7a0 ss_vid 15ad ss_did 7a0
[    0.458978] pciehp 0000:00:18.5:pcie04: service driver pciehp loaded
[    0.458996] pciehp 0000:00:18.6:pcie04: HPC vendor_id 15ad device_id 7a0 ss_vid 15ad ss_did 7a0
[    0.459015] pciehp 0000:00:18.6:pcie04: service driver pciehp loaded
[    0.459033] pciehp 0000:00:18.7:pcie04: HPC vendor_id 15ad device_id 7a0 ss_vid 15ad ss_did 7a0
[    0.459051] pciehp 0000:00:18.7:pcie04: service driver pciehp loaded
[    0.459060] pciehp: PCI Express Hot Plug Controller Driver version: 0.4
[    0.459078] ACPI: Deprecated procfs I/F for AC is loaded, please retry with CONFIG_ACPI_PROCFS_POWER cleared
[    0.459102] ACPI: AC Adapter [ACAD] (on-line)
[    0.459160] input: Power Button as /devices/LNXSYSTM:00/LNXPWRBN:00/input/input0
[    0.459167] ACPI: Power Button [PWRF]
[    0.475464] ERST: Table is not found!
[    0.475467] GHES: HEST is not enabled!
[    0.475543] Serial: 8250/16550 driver, 32 ports, IRQ sharing enabled
[    0.499429] serial8250: ttyS0 at I/O 0x3f8 (irq = 4) is a 16550A
[    0.499467] isapnp: Scanning for PnP cards...
[    0.591280] serial8250: ttyS1 at I/O 0x2f8 (irq = 3) is a 16550A
[    0.679026] 00:0a: ttyS0 at I/O 0x3f8 (irq = 4) is a 16550A
[    0.726962] 00:0b: ttyS1 at I/O 0x2f8 (irq = 3) is a 16550A
[    0.795095] Linux agpgart interface v0.103
[    0.795114] agpgart-intel 0000:00:00.0: Intel 440BX Chipset
[    0.795158] agpgart-intel 0000:00:00.0: AGP aperture is 256M @ 0x0
[    0.795535] brd: module loaded
[    0.795759] loop: module loaded
[    0.795777] ata_piix 0000:00:07.1: version 2.13
[    0.795822] scsi0 : ata_piix
[    0.798985] scsi1 : ata_piix
[    0.799004] ata1: PATA max UDMA/33 cmd 0x1f0 ctl 0x3f6 bmdma 0x10c0 irq 14
[    0.799007] ata2: PATA max UDMA/33 cmd 0x170 ctl 0x376 bmdma 0x10c8 irq 15
[    0.799028] Fixed MDIO Bus: probed
[    0.799041] tun: Universal TUN/TAP device driver, 1.6
[    0.799043] tun: (C) 1999-2004 Max Krasnyansky <maxk@qualcomm.com>
[    0.799095] PPP generic driver version 2.4.2
[    0.799147] ehci_hcd: USB 2.0 'Enhanced' Host Controller (EHCI) Driver
[    0.799165] ehci_hcd 0000:02:03.0: PCI INT A -> Link[LNKB] -> GSI 11 (level, low) -> IRQ 11
[    0.799184] ehci_hcd 0000:02:03.0: EHCI Host Controller
[    0.799222] ehci_hcd 0000:02:03.0: new USB bus registered, assigned bus number 1
[    0.799241] ehci_hcd 0000:02:03.0: cache line size of 32 is not supported
[    0.799248] ehci_hcd 0000:02:03.0: irq 11, io mem 0xc9000000
[    0.810967] ehci_hcd 0000:02:03.0: USB 2.0 started, EHCI 1.00
[    0.811023] hub 1-0:1.0: USB hub found
[    0.811027] hub 1-0:1.0: 6 ports detected
[    0.811046] ohci_hcd: USB 1.1 'Open' Host Controller (OHCI) Driver
[    0.811059] uhci_hcd: USB Universal Host Controller Interface driver
[    0.811078] uhci_hcd 0000:02:00.0: PCI INT A -> Link[LNKC] -> GSI 10 (level, low) -> IRQ 10
[    0.811096] uhci_hcd 0000:02:00.0: UHCI Host Controller
[    0.811131] uhci_hcd 0000:02:00.0: new USB bus registered, assigned bus number 2
[    0.811173] uhci_hcd 0000:02:00.0: irq 10, io base 0x000020c0
[    0.811222] hub 2-0:1.0: USB hub found
[    0.811225] hub 2-0:1.0: 2 ports detected
[    0.811243] usbcore: registered new interface driver libusual
[    0.811262] i8042: PNP: PS/2 Controller [PNP0303:KBC,PNP0f13:MOUS] at 0x60,0x64 irq 1,12
[    0.811485] serio: i8042 KBD port at 0x60,0x64 irq 1
[    0.811492] serio: i8042 AUX port at 0x60,0x64 irq 12
[    0.811570] mousedev: PS/2 mouse device common for all mice
[    0.811717] rtc_cmos 00:04: rtc core: registered rtc_cmos as rtc0
[    0.811758] rtc0: alarms up to one month, y3k, 114 bytes nvram, hpet irqs
[    0.811777] device-mapper: uevent: version 1.0.3
[    0.811831] device-mapper: ioctl: 4.22.0-ioctl (2011-10-19) initialised: dm-devel@redhat.com
[    0.811849] EISA: Probing bus 0 at eisa.0
[    0.811852] EISA: Cannot allocate resource for mainboard
[    0.811854] Cannot allocate resource for EISA slot 1
[    0.811855] Cannot allocate resource for EISA slot 2
[    0.811857] Cannot allocate resource for EISA slot 3
[    0.811859] Cannot allocate resource for EISA slot 4
[    0.811860] Cannot allocate resource for EISA slot 5
[    0.811862] Cannot allocate resource for EISA slot 6
[    0.811863] Cannot allocate resource for EISA slot 7
[    0.811865] Cannot allocate resource for EISA slot 8
[    0.811866] EISA: Detected 0 cards.
[    0.811874] cpufreq-nforce2: No nForce2 chipset.
[    0.811876] cpuidle: using governor ladder
[    0.811878] cpuidle: using governor menu
[    0.811879] EFI Variables Facility v0.08 2004-May-17
[    0.811898] TCP cubic registered
[    0.811916] NET: Registered protocol family 10
[    0.811935] NET: Registered protocol family 17
[    0.811939] Registering the dns_resolver key type
[    0.811952] Using IPI No-Shortcut mode
[    0.812019] PM: Hibernation image not present or could not be loaded.
[    0.812031] registered taskstats version 1
[    0.812197] input: AT Translated Set 2 keyboard as /devices/platform/i8042/serio0/input/input1
[    0.942802] Freeing initrd memory: 13836k freed
[    1.070688]   Magic number: 13:900:475
[    1.090633] rtc_cmos 00:04: setting system clock to 2013-05-27 09:29:00 UTC (1369646940)
[    1.090757] BIOS EDD facility v0.16 2004-Jun-25, 0 devices found
[    1.090759] EDD information not available.
[    1.090815] ata2.00: ATAPI: VMware Virtual IDE CDROM Drive, 00000001, max UDMA/33
[    1.091148] ata2.00: configured for UDMA/33
[    1.134809] isapnp: No Plug & Play device found
[    1.135026] scsi 1:0:0:0: CD-ROM            NECVMWar VMware IDE CDR10 1.00 PQ: 0 ANSI: 5
[    1.135642] sr0: scsi3-mmc drive: 306x/306x cd/rw xa/form2 cdda tray
[    1.135646] cdrom: Uniform CD-ROM driver Revision: 3.20
[    1.135750] sr 1:0:0:0: Attached scsi CD-ROM sr0
[    1.135874] sr 1:0:0:0: Attached scsi generic sg0 type 5
[    1.135935] Freeing unused kernel memory: 740k freed
[    1.135990] Write protecting the kernel text: 5816k
[    1.135999] Write protecting the kernel read-only data: 2376k
[    1.136001] NX-protecting the kernel data: 4424k
[    1.146487] usb 2-1: new full-speed USB device number 2 using uhci_hcd
[    1.147994] udevd[85]: starting version 175
[    1.162853] VMware vmxnet3 virtual NIC driver - version 1.1.29.0-k-NAPI
[    1.166868] VMware PVSCSI driver - version 1.0.1.0-k
[    1.171561] VMware vmxnet virtual NIC driver
[    1.171615] ACPI: PCI Interrupt Link [LNKD] enabled at IRQ 5
[    1.171619] PCI: setting IRQ 5 as level-triggered
[    1.171626] vmxnet 0000:02:01.0: PCI INT A -> Link[LNKD] -> GSI 5 (level, low) -> IRQ 5
[    1.171680] Found vmxnet/PCI at 0x2024, irq 5.
[    1.171735] features:
[    1.171746] numRxBuffers = 100, numRxBuffers2 = 1
[    1.171801] vmxnet 0000:02:01.0: eth0: set_features() failed (-1); wanted 0x00004000, left 0x00004800
[    1.195043] Fusion MPT base driver 3.04.20
[    1.195046] Copyright (c) 1999-2008 LSI Corporation
[    1.195235] Fusion MPT SPI Host driver 3.04.20
[    1.195289] mptspi 0000:00:10.0: PCI INT A -> Link[LNKB] -> GSI 11 (level, low) -> IRQ 11
[    1.201576] mptbase: ioc0: Initiating bringup
[    1.216186] Floppy drive(s): fd0 is 1.44M
[    1.230634] FDC 0 is a post-1991 82077
[    1.270322] ioc0: LSI53C1030 B0: Capabilities={Initiator}
[    1.279529] input: VMware VMware Virtual USB Mouse as /devices/pci0000:00/0000:00:11.0/0000:02:00.0/usb2/2-1/2-1:1.0/input/input2
[    1.279700] generic-usb 0003:0E0F:0003.0001: input,hidraw0: USB HID v1.10 Mouse [VMware VMware Virtual USB Mouse] on usb-0000:02:00.0-1/input0
[    1.280309] input: VMware VMware Virtual USB Mouse as /devices/pci0000:00/0000:00:11.0/0000:02:00.0/usb2/2-1/2-1:1.1/input/input3
[    1.280462] generic-usb 0003:0E0F:0003.0002: input,hidraw1: USB HID v1.10 Mouse [VMware VMware Virtual USB Mouse] on usb-0000:02:00.0-1/input1
[    1.280605] usbcore: registered new interface driver usbhid
[    1.280607] usbhid: USB HID core driver
[    1.390114] usb 2-2: new full-speed USB device number 3 using uhci_hcd
[    1.430140] scsi2 : ioc0: LSI53C1030 B0, FwRev=01032920h, Ports=1, MaxQ=128, IRQ=11
[    1.519744] hub 2-2:1.0: USB hub found
[    1.521993] hub 2-2:1.0: 7 ports detected
[    1.542767] scsi 2:0:0:0: Direct-Access     VMware,  VMware Virtual S 1.0  PQ: 0 ANSI: 2
[    1.542777] scsi target2:0:0: Beginning Domain Validation
[    1.543373] scsi target2:0:0: Domain Validation skipping write tests
[    1.543376] scsi target2:0:0: Ending Domain Validation
[    1.543430] scsi target2:0:0: FAST-40 WIDE SCSI 80.0 MB/s ST (25 ns, offset 127)
[    1.545685] sd 2:0:0:0: [sda] 41943040 512-byte logical blocks: (21.4 GB/20.0 GiB)
[    1.545744] sd 2:0:0:0: [sda] Write Protect is off
[    1.545747] sd 2:0:0:0: [sda] Mode Sense: 61 00 00 00
[    1.545804] sd 2:0:0:0: [sda] Cache data unavailable
[    1.545807] sd 2:0:0:0: [sda] Assuming drive cache: write through
[    1.546227] sd 2:0:0:0: [sda] Cache data unavailable
[    1.546230] sd 2:0:0:0: [sda] Assuming drive cache: write through
[    1.546965] sd 2:0:0:0: Attached scsi generic sg1 type 0
[    1.547619]  sda: sda1 sda2 < sda5 >
[    1.547980] sd 2:0:0:0: [sda] Cache data unavailable
[    1.547982] sd 2:0:0:0: [sda] Assuming drive cache: write through
[    1.547984] sd 2:0:0:0: [sda] Attached SCSI disk
[    1.583892] EXT4-fs (sda1): INFO: recovery required on readonly filesystem
[    1.583896] EXT4-fs (sda1): write access will be enabled during recovery
[    1.723776] EXT4-fs (sda1): recovery complete
[    1.724306] EXT4-fs (sda1): mounted filesystem with ordered data mode. Opts: (null)
[    2.818131] ADDRCONF(NETDEV_UP): eth0: link is not ready
[    2.825605] udevd[326]: starting version 175
[    2.862499] Adding 1046524k swap on /dev/sda5.  Priority:-1 extents:1 across:1046524k 
[    2.871588] lp: driver loaded but no devices found
[    2.938735] shpchp: Standard Hot Plug PCI Controller Driver version: 0.4
[    2.958518] EXT4-fs (sda1): re-mounted. Opts: errors=remount-ro
[    2.969510] [379]: VMCI: shared components initialized.
[    2.969533] Probing for vmci/PCI.
[    2.969689] ACPI: PCI Interrupt Link [LNKA] enabled at IRQ 9
[    2.969691] PCI: setting IRQ 9 as level-triggered
[    2.969696] vmci 0000:00:07.7: PCI INT A -> Link[LNKA] -> GSI 9 (level, low) -> IRQ 9
[    2.969737] Found vmci/PCI at 0x1080, irq 9.
[    2.969783] VMCI: using capabilities 0xc.
[    2.969853] [379]: VMCI: Host capability check passed.
[    2.970106] vmci 0000:00:07.7: irq 72 for MSI/MSI-X
[    2.970138] vmci 0000:00:07.7: irq 73 for MSI/MSI-X
[    2.970330] Registered vmci device.
[    2.975741] [379]: VMCI: Using guest personality
[    2.975741] [379]: VMCI: host components initialized.
[    2.975825] piix4_smbus 0000:00:07.3: Host SMBus controller not enabled!
[    3.006065] [379]: VMCI: Module registered (name=vmci,major=10,minor=57).
[    3.006068] [379]: VMCI: Using host personality
[    3.006070] [379]: VMCI: Module (name=vmci) is initialized
[    3.064792] Bluetooth: Core ver 2.16
[    3.067609] NET: Registered protocol family 31
[    3.067609] Bluetooth: HCI device and connection manager initialized
[    3.067610] Bluetooth: HCI socket layer initialized
[    3.067610] Bluetooth: L2CAP socket layer initialized
[    3.067611] Bluetooth: SCO socket layer initialized
[    3.079828] Bluetooth: BNEP (Ethernet Emulation) ver 1.3
[    3.079831] Bluetooth: BNEP filters: protocol multicast
[    3.086943] Bluetooth: RFCOMM TTY layer initialized
[    3.086948] Bluetooth: RFCOMM socket layer initialized
[    3.086949] Bluetooth: RFCOMM ver 1.11
[    3.091426] ppdev: user-space parallel port driver
[    3.092006] parport_pc 00:09: reported by Plug and Play ACPI
[    3.092127] parport0: PC-style at 0x378, irq 7 [PCSPP,TRISTATE]
[    3.187632] lp0: using parport0 (interrupt-driven).
[    3.193467] type=1400 audit(1369646942.602:2): apparmor="STATUS" operation="profile_load" name="/usr/lib/cups/backend/cups-pdf" pid=581 comm="apparmor_parser"
[    3.193601] type=1400 audit(1369646942.602:3): apparmor="STATUS" operation="profile_load" name="/usr/sbin/cupsd" pid=581 comm="apparmor_parser"
[    3.219575] type=1400 audit(1369646942.630:4): apparmor="STATUS" operation="profile_load" name="/sbin/dhclient" pid=592 comm="apparmor_parser"
[    3.219708] type=1400 audit(1369646942.630:5): apparmor="STATUS" operation="profile_load" name="/usr/lib/NetworkManager/nm-dhcp-client.action" pid=592 comm="apparmor_parser"
[    3.219829] type=1400 audit(1369646942.630:6): apparmor="STATUS" operation="profile_load" name="/usr/lib/connman/scripts/dhclient-script" pid=592 comm="apparmor_parser"
[    3.470922] input: ImPS/2 Generic Wheel Mouse as /devices/platform/i8042/serio1/input/input4
[    3.491100] init: failsafe main process (665) killed by TERM signal
[    3.576745] type=1400 audit(1369646942.986:7): apparmor="STATUS" operation="profile_load" name="/usr/lib/lightdm/lightdm/lightdm-guest-session-wrapper" pid=765 comm="apparmor_parser"
[    3.579838] type=1400 audit(1369646942.990:8): apparmor="STATUS" operation="profile_replace" name="/sbin/dhclient" pid=767 comm="apparmor_parser"
[    3.580701] type=1400 audit(1369646942.990:9): apparmor="STATUS" operation="profile_replace" name="/usr/lib/NetworkManager/nm-dhcp-client.action" pid=767 comm="apparmor_parser"
[    3.580822] type=1400 audit(1369646942.990:10): apparmor="STATUS" operation="profile_replace" name="/usr/lib/connman/scripts/dhclient-script" pid=767 comm="apparmor_parser"
[    3.600890] snd_ens1371 0000:02:02.0: PCI INT A -> Link[LNKA] -> GSI 9 (level, low) -> IRQ 9
[    3.858455] init: alsa-restore main process (859) terminated with status 19
