[    0.000000] Initializing cgroup subsys cpuset
[    0.000000] Initializing cgroup subsys cpu
[    0.000000] Linux version 3.2.0-29-generic-pae (buildd@roseapple) (gcc version 4.6.3 (Ubuntu/Linaro 4.6.3-1ubuntu5) ) #46-Ubuntu SMP Fri Jul 27 17:25:43 UTC 2012 (Ubuntu 3.2.0-29.46-generic-pae 3.2.24)
[    0.000000] KERNEL supported cpus:
[    0.000000]   Intel GenuineIntel
[    0.000000]   AMD AuthenticAMD
[    0.000000]   NSC Geode by NSC
[    0.000000]   Cyrix CyrixInstead
[    0.000000]   Centaur CentaurHauls
[    0.000000]   Transmeta GenuineTMx86
[    0.000000]   Transmeta TransmetaCPU
[    0.000000]   UMC UMC UMC UMC
[    0.000000] Disabled fast string operations
[    0.000000] BIOS-provided physical RAM map:
[    0.000000]  BIOS-e820: 0000000000000000 - 000000000009f000 (usable)
[    0.000000]  BIOS-e820: 000000000009f000 - 00000000000a0000 (reserved)
[    0.000000]  BIOS-e820: 00000000000ca000 - 00000000000cc000 (reserved)
[    0.000000]  BIOS-e820: 00000000000dc000 - 0000000000100000 (reserved)
[    0.000000]  BIOS-e820: 0000000000100000 - 000000003fee0000 (usable)
[    0.000000]  BIOS-e820: 000000003fee0000 - 000000003feff000 (ACPI data)
[    0.000000]  BIOS-e820: 000000003feff000 - 000000003ff00000 (ACPI NVS)
[    0.000000]  BIOS-e820: 000000003ff00000 - 0000000040000000 (usable)
[    0.000000]  BIOS-e820: 00000000e0000000 - 00000000f0000000 (reserved)
[    0.000000]  BIOS-e820: 00000000fec00000 - 00000000fec10000 (reserved)
[    0.000000]  BIOS-e820: 00000000fee00000 - 00000000fee01000 (reserved)
[    0.000000]  BIOS-e820: 00000000fffe0000 - 0000000100000000 (reserved)
[    0.000000] NX (Execute Disable) protection: active
[    0.000000] DMI present.
[    0.000000] DMI: VMware, Inc. VMware Virtual Platform/440BX Desktop Reference Platform, BIOS 6.00 07/02/2012
[    0.000000] Hypervisor detected: VMware
[    0.000000] e820 update range: 0000000000000000 - 0000000000010000 (usable) ==> (reserved)
[    0.000000] e820 remove range: 00000000000a0000 - 0000000000100000 (usable)
[    0.000000] last_pfn = 0x40000 max_arch_pfn = 0x1000000
[    0.000000] MTRR default type: uncachable
[    0.000000] MTRR fixed ranges enabled:
[    0.000000]   00000-9FFFF write-back
[    0.000000]   A0000-BFFFF uncachable
[    0.000000]   C0000-CBFFF write-protect
[    0.000000]   CC000-EFFFF uncachable
[    0.000000]   F0000-FFFFF write-protect
[    0.000000] MTRR variable ranges enabled:
[    0.000000]   0 base 0000000000 mask FFC0000000 write-back
[    0.000000]   1 disabled
[    0.000000]   2 disabled
[    0.000000]   3 disabled
[    0.000000]   4 disabled
[    0.000000]   5 disabled
[    0.000000]   6 disabled
[    0.000000]   7 disabled
[    0.000000] x86 PAT enabled: cpu 0, old 0x0, new 0x7010600070106
[    0.000000] found SMP MP-table at [c00f6bf0] f6bf0
[    0.000000] initial memory mapped : 0 - 02000000
[    0.000000] Base memory trampoline at [c009b000] 9b000 size 16384
[    0.000000] init_memory_mapping: 0000000000000000-0000000037bfe000
[    0.000000]  0000000000 - 0000200000 page 4k
[    0.000000]  0000200000 - 0037a00000 page 2M
[    0.000000]  0037a00000 - 0037bfe000 page 4k
[    0.000000] kernel direct mapping tables up to 37bfe000 @ 1ffb000-2000000
[    0.000000] RAMDISK: 364ea000 - 3726d000
[    0.000000] ACPI: RSDP 000f6b80 00024 (v02 PTLTD )
[    0.000000] ACPI: XSDT 3feed636 0005C (v01 INTEL  440BX    06040000 VMW  01324272)
[    0.000000] ACPI: FACP 3fefee98 000F4 (v04 INTEL  440BX    06040000 PTL  000F4240)
[    0.000000] ACPI: DSDT 3feee366 10B32 (v01 PTLTD  Custom   06040000 MSFT 03000001)
[    0.000000] ACPI: FACS 3fefffc0 00040
[    0.000000] ACPI: BOOT 3feee33e 00028 (v01 PTLTD  $SBFTBL$ 06040000  LTP 00000001)
[    0.000000] ACPI: APIC 3feedc3e 003C2 (v01 PTLTD  ? APIC   06040000  LTP 00000000)
[    0.000000] ACPI: MCFG 3feedc02 0003C (v01 PTLTD  $PCITBL$ 06040000  LTP 00000001)
[    0.000000] ACPI: SRAT 3feed732 004D0 (v02 VMWARE MEMPLUG  06040000 VMW  00000001)
[    0.000000] ACPI: HPET 3feed6fa 00038 (v01 VMWARE VMW HPET 06040000 VMW  00000001)
[    0.000000] ACPI: WAET 3feed6d2 00028 (v01 VMWARE VMW WAET 06040000 VMW  00000001)
[    0.000000] ACPI: Local APIC address 0xfee00000
[    0.000000] 132MB HIGHMEM available.
[    0.000000] 891MB LOWMEM available.
[    0.000000]   mapped low ram: 0 - 37bfe000
[    0.000000]   low ram: 0 - 37bfe000
[    0.000000] Zone PFN ranges:
[    0.000000]   DMA      0x00000010 -> 0x00001000
[    0.000000]   Normal   0x00001000 -> 0x00037bfe
[    0.000000]   HighMem  0x00037bfe -> 0x00040000
[    0.000000] Movable zone start PFN for each node
[    0.000000] early_node_map[3] active PFN ranges
[    0.000000]     0: 0x00000010 -> 0x0000009f
[    0.000000]     0: 0x00000100 -> 0x0003fee0
[    0.000000]     0: 0x0003ff00 -> 0x00040000
[    0.000000] On node 0 totalpages: 261999
[    0.000000] free_area_init_node: node 0, pgdat c1866a40, node_mem_map f73fd200
[    0.000000]   DMA zone: 32 pages used for memmap
[    0.000000]   DMA zone: 0 pages reserved
[    0.000000]   DMA zone: 3951 pages, LIFO batch:0
[    0.000000]   Normal zone: 1752 pages used for memmap
[    0.000000]   Normal zone: 222502 pages, LIFO batch:31
[    0.000000]   HighMem zone: 265 pages used for memmap
[    0.000000]   HighMem zone: 33497 pages, LIFO batch:7
[    0.000000] Using APIC driver default
[    0.000000] ACPI: PM-Timer IO Port: 0x1008
[    0.000000] ACPI: Local APIC address 0xfee00000
[    0.000000] ACPI: LAPIC (acpi_id[0x00] lapic_id[0x00] enabled)
[    0.000000] ACPI: LAPIC (acpi_id[0x01] lapic_id[0x02] disabled)
[    0.000000] ACPI: LAPIC (acpi_id[0x02] lapic_id[0x04] disabled)
[    0.000000] ACPI: LAPIC (acpi_id[0x03] lapic_id[0x06] disabled)
[    0.000000] ACPI: LAPIC (acpi_id[0x04] lapic_id[0x08] disabled)
[    0.000000] ACPI: LAPIC (acpi_id[0x05] lapic_id[0x0a] disabled)
[    0.000000] ACPI: LAPIC (acpi_id[0x06] lapic_id[0x0c] disabled)
[    0.000000] ACPI: LAPIC (acpi_id[0x07] lapic_id[0x0e] disabled)
[    0.000000] ACPI: LAPIC (acpi_id[0x08] lapic_id[0x10] disabled)
[    0.000000] ACPI: LAPIC (acpi_id[0x09] lapic_id[0x12] disabled)
[    0.000000] ACPI: LAPIC (acpi_id[0x0a] lapic_id[0x14] disabled)
[    0.000000] ACPI: LAPIC (acpi_id[0x0b] lapic_id[0x16] disabled)
[    0.000000] ACPI: LAPIC (acpi_id[0x0c] lapic_id[0x18] disabled)
[    0.000000] ACPI: LAPIC (acpi_id[0x0d] lapic_id[0x1a] disabled)
[    0.000000] ACPI: LAPIC (acpi_id[0x0e] lapic_id[0x1c] disabled)
[    0.000000] ACPI: LAPIC (acpi_id[0x0f] lapic_id[0x1e] disabled)
[    0.000000] ACPI: LAPIC (acpi_id[0x10] lapic_id[0x20] disabled)
[    0.000000] ACPI: LAPIC (acpi_id[0x11] lapic_id[0x22] disabled)
[    0.000000] ACPI: LAPIC (acpi_id[0x12] lapic_id[0x24] disabled)
[    0.000000] ACPI: LAPIC (acpi_id[0x13] lapic_id[0x26] disabled)
[    0.000000] ACPI: LAPIC (acpi_id[0x14] lapic_id[0x28] disabled)
[    0.000000] ACPI: LAPIC (acpi_id[0x15] lapic_id[0x2a] disabled)
[    0.000000] ACPI: LAPIC (acpi_id[0x16] lapic_id[0x2c] disabled)
[    0.000000] ACPI: LAPIC (acpi_id[0x17] lapic_id[0x2e] disabled)
[    0.000000] ACPI: LAPIC (acpi_id[0x18] lapic_id[0x30] disabled)
[    0.000000] ACPI: LAPIC (acpi_id[0x19] lapic_id[0x32] disabled)
[    0.000000] ACPI: LAPIC (acpi_id[0x1a] lapic_id[0x34] disabled)
[    0.000000] ACPI: LAPIC (acpi_id[0x1b] lapic_id[0x36] disabled)
[    0.000000] ACPI: LAPIC (acpi_id[0x1c] lapic_id[0x38] disabled)
[    0.000000] ACPI: LAPIC (acpi_id[0x1d] lapic_id[0x3a] disabled)
[    0.000000] ACPI: LAPIC (acpi_id[0x1e] lapic_id[0x3c] disabled)
[    0.000000] ACPI: LAPIC (acpi_id[0x1f] lapic_id[0x3e] disabled)
[    0.000000] ACPI: LAPIC (acpi_id[0x20] lapic_id[0x40] disabled)
[    0.000000] ACPI: LAPIC (acpi_id[0x21] lapic_id[0x42] disabled)
[    0.000000] ACPI: LAPIC (acpi_id[0x22] lapic_id[0x44] disabled)
[    0.000000] ACPI: LAPIC (acpi_id[0x23] lapic_id[0x46] disabled)
[    0.000000] ACPI: LAPIC (acpi_id[0x24] lapic_id[0x48] disabled)
[    0.000000] ACPI: LAPIC (acpi_id[0x25] lapic_id[0x4a] disabled)
[    0.000000] ACPI: LAPIC (acpi_id[0x26] lapic_id[0x4c] disabled)
[    0.000000] ACPI: LAPIC (acpi_id[0x27] lapic_id[0x4e] disabled)
[    0.000000] ACPI: LAPIC (acpi_id[0x28] lapic_id[0x50] disabled)
[    0.000000] ACPI: LAPIC (acpi_id[0x29] lapic_id[0x52] disabled)
[    0.000000] ACPI: LAPIC (acpi_id[0x2a] lapic_id[0x54] disabled)
[    0.000000] ACPI: LAPIC (acpi_id[0x2b] lapic_id[0x56] disabled)
[    0.000000] ACPI: LAPIC (acpi_id[0x2c] lapic_id[0x58] disabled)
[    0.000000] ACPI: LAPIC (acpi_id[0x2d] lapic_id[0x5a] disabled)
[    0.000000] ACPI: LAPIC (acpi_id[0x2e] lapic_id[0x5c] disabled)
[    0.000000] ACPI: LAPIC (acpi_id[0x2f] lapic_id[0x5e] disabled)
[    0.000000] ACPI: LAPIC (acpi_id[0x30] lapic_id[0x60] disabled)
[    0.000000] ACPI: LAPIC (acpi_id[0x31] lapic_id[0x62] disabled)
[    0.000000] ACPI: LAPIC (acpi_id[0x32] lapic_id[0x64] disabled)
[    0.000000] ACPI: LAPIC (acpi_id[0x33] lapic_id[0x66] disabled)
[    0.000000] ACPI: LAPIC (acpi_id[0x34] lapic_id[0x68] disabled)
[    0.000000] ACPI: LAPIC (acpi_id[0x35] lapic_id[0x6a] disabled)
[    0.000000] ACPI: LAPIC (acpi_id[0x36] lapic_id[0x6c] disabled)
[    0.000000] ACPI: LAPIC (acpi_id[0x37] lapic_id[0x6e] disabled)
[    0.000000] ACPI: LAPIC (acpi_id[0x38] lapic_id[0x70] disabled)
[    0.000000] ACPI: LAPIC (acpi_id[0x39] lapic_id[0x72] disabled)
[    0.000000] ACPI: LAPIC (acpi_id[0x3a] lapic_id[0x74] disabled)
[    0.000000] ACPI: LAPIC (acpi_id[0x3b] lapic_id[0x76] disabled)
[    0.000000] ACPI: LAPIC (acpi_id[0x3c] lapic_id[0x78] disabled)
[    0.000000] ACPI: LAPIC (acpi_id[0x3d] lapic_id[0x7a] disabled)
[    0.000000] ACPI: LAPIC (acpi_id[0x3e] lapic_id[0x7c] disabled)
[    0.000000] ACPI: LAPIC (acpi_id[0x3f] lapic_id[0x7e] disabled)
[    0.000000] ACPI: LAPIC_NMI (acpi_id[0x00] high edge lint[0x1])
[    0.000000] ACPI: LAPIC_NMI (acpi_id[0x01] high edge lint[0x1])
[    0.000000] ACPI: LAPIC_NMI (acpi_id[0x02] high edge lint[0x1])
[    0.000000] ACPI: LAPIC_NMI (acpi_id[0x03] high edge lint[0x1])
[    0.000000] ACPI: LAPIC_NMI (acpi_id[0x04] high edge lint[0x1])
[    0.000000] ACPI: LAPIC_NMI (acpi_id[0x05] high edge lint[0x1])
[    0.000000] ACPI: LAPIC_NMI (acpi_id[0x06] high edge lint[0x1])
[    0.000000] ACPI: LAPIC_NMI (acpi_id[0x07] high edge lint[0x1])
[    0.000000] ACPI: LAPIC_NMI (acpi_id[0x08] high edge lint[0x1])
[    0.000000] ACPI: LAPIC_NMI (acpi_id[0x09] high edge lint[0x1])
[    0.000000] ACPI: LAPIC_NMI (acpi_id[0x0a] high edge lint[0x1])
[    0.000000] ACPI: LAPIC_NMI (acpi_id[0x0b] high edge lint[0x1])
[    0.000000] ACPI: LAPIC_NMI (acpi_id[0x0c] high edge lint[0x1])
[    0.000000] ACPI: LAPIC_NMI (acpi_id[0x0d] high edge lint[0x1])
[    0.000000] ACPI: LAPIC_NMI (acpi_id[0x0e] high edge lint[0x1])
[    0.000000] ACPI: LAPIC_NMI (acpi_id[0x0f] high edge lint[0x1])
[    0.000000] ACPI: LAPIC_NMI (acpi_id[0x10] high edge lint[0x1])
[    0.000000] ACPI: LAPIC_NMI (acpi_id[0x11] high edge lint[0x1])
[    0.000000] ACPI: LAPIC_NMI (acpi_id[0x12] high edge lint[0x1])
[    0.000000] ACPI: LAPIC_NMI (acpi_id[0x13] high edge lint[0x1])
[    0.000000] ACPI: LAPIC_NMI (acpi_id[0x14] high edge lint[0x1])
[    0.000000] ACPI: LAPIC_NMI (acpi_id[0x15] high edge lint[0x1])
[    0.000000] ACPI: LAPIC_NMI (acpi_id[0x16] high edge lint[0x1])
[    0.000000] ACPI: LAPIC_NMI (acpi_id[0x17] high edge lint[0x1])
[    0.000000] ACPI: LAPIC_NMI (acpi_id[0x18] high edge lint[0x1])
[    0.000000] ACPI: LAPIC_NMI (acpi_id[0x19] high edge lint[0x1])
[    0.000000] ACPI: LAPIC_NMI (acpi_id[0x1a] high edge lint[0x1])
[    0.000000] ACPI: LAPIC_NMI (acpi_id[0x1b] high edge lint[0x1])
[    0.000000] ACPI: LAPIC_NMI (acpi_id[0x1c] high edge lint[0x1])
[    0.000000] ACPI: LAPIC_NMI (acpi_id[0x1d] high edge lint[0x1])
[    0.000000] ACPI: LAPIC_NMI (acpi_id[0x1e] high edge lint[0x1])
[    0.000000] ACPI: LAPIC_NMI (acpi_id[0x1f] high edge lint[0x1])
[    0.000000] ACPI: LAPIC_NMI (acpi_id[0x20] high edge lint[0x1])
[    0.000000] ACPI: LAPIC_NMI (acpi_id[0x21] high edge lint[0x1])
[    0.000000] ACPI: LAPIC_NMI (acpi_id[0x22] high edge lint[0x1])
[    0.000000] ACPI: LAPIC_NMI (acpi_id[0x23] high edge lint[0x1])
[    0.000000] ACPI: LAPIC_NMI (acpi_id[0x24] high edge lint[0x1])
[    0.000000] ACPI: LAPIC_NMI (acpi_id[0x25] high edge lint[0x1])
[    0.000000] ACPI: LAPIC_NMI (acpi_id[0x26] high edge lint[0x1])
[    0.000000] ACPI: LAPIC_NMI (acpi_id[0x27] high edge lint[0x1])
[    0.000000] ACPI: LAPIC_NMI (acpi_id[0x28] high edge lint[0x1])
[    0.000000] ACPI: LAPIC_NMI (acpi_id[0x29] high edge lint[0x1])
[    0.000000] ACPI: LAPIC_NMI (acpi_id[0x2a] high edge lint[0x1])
[    0.000000] ACPI: LAPIC_NMI (acpi_id[0x2b] high edge lint[0x1])
[    0.000000] ACPI: LAPIC_NMI (acpi_id[0x2c] high edge lint[0x1])
[    0.000000] ACPI: LAPIC_NMI (acpi_id[0x2d] high edge lint[0x1])
[    0.000000] ACPI: LAPIC_NMI (acpi_id[0x2e] high edge lint[0x1])
[    0.000000] ACPI: LAPIC_NMI (acpi_id[0x2f] high edge lint[0x1])
[    0.000000] ACPI: LAPIC_NMI (acpi_id[0x30] high edge lint[0x1])
[    0.000000] ACPI: LAPIC_NMI (acpi_id[0x31] high edge lint[0x1])
[    0.000000] ACPI: LAPIC_NMI (acpi_id[0x32] high edge lint[0x1])
[    0.000000] ACPI: LAPIC_NMI (acpi_id[0x33] high edge lint[0x1])
[    0.000000] ACPI: LAPIC_NMI (acpi_id[0x34] high edge lint[0x1])
[    0.000000] ACPI: LAPIC_NMI (acpi_id[0x35] high edge lint[0x1])
[    0.000000] ACPI: LAPIC_NMI (acpi_id[0x36] high edge lint[0x1])
[    0.000000] ACPI: LAPIC_NMI (acpi_id[0x37] high edge lint[0x1])
[    0.000000] ACPI: LAPIC_NMI (acpi_id[0x38] high edge lint[0x1])
[    0.000000] ACPI: LAPIC_NMI (acpi_id[0x39] high edge lint[0x1])
[    0.000000] ACPI: LAPIC_NMI (acpi_id[0x3a] high edge lint[0x1])
[    0.000000] ACPI: LAPIC_NMI (acpi_id[0x3b] high edge lint[0x1])
[    0.000000] ACPI: LAPIC_NMI (acpi_id[0x3c] high edge lint[0x1])
[    0.000000] ACPI: LAPIC_NMI (acpi_id[0x3d] high edge lint[0x1])
[    0.000000] ACPI: LAPIC_NMI (acpi_id[0x3e] high edge lint[0x1])
[    0.000000] ACPI: LAPIC_NMI (acpi_id[0x3f] high edge lint[0x1])
[    0.000000] ACPI: Skipping IOAPIC probe due to 'noapic' option.
[    0.000000] Using ACPI for processor (LAPIC) configuration information
[    0.000000] ACPI: HPET id: 0x8086af01 base: 0xfed00000
[    0.000000] Intel MultiProcessor Specification v1.4
[    0.000000]     Virtual Wire compatibility mode.
[    0.000000] MPTABLE: OEM ID: INTEL   
[    0.000000] MPTABLE: Product ID: 440BX       
[    0.000000] MPTABLE: APIC at: 0xFEE00000
[    0.000000] IOAPIC[0]: apic_id 1, version 17, address 0xfec00000, GSI 0-23
[    0.000000] Processors: 1
[    0.000000] SMP: Allowing 1 CPUs, 0 hotplug CPUs
[    0.000000] nr_irqs_gsi: 40
[    0.000000] PM: Registered nosave memory: 000000000009f000 - 00000000000a0000
[    0.000000] PM: Registered nosave memory: 00000000000a0000 - 00000000000ca000
[    0.000000] PM: Registered nosave memory: 00000000000ca000 - 00000000000cc000
[    0.000000] PM: Registered nosave memory: 00000000000cc000 - 00000000000dc000
[    0.000000] PM: Registered nosave memory: 00000000000dc000 - 0000000000100000
[    0.000000] Allocating PCI resources starting at 40000000 (gap: 40000000:a0000000)
[    0.000000] Booting paravirtualized kernel on bare hardware
[    0.000000] setup_percpu: NR_CPUS:8 nr_cpumask_bits:8 nr_cpu_ids:1 nr_node_ids:1
[    0.000000] PERCPU: Embedded 14 pages/cpu @f73e8000 s34240 r0 d23104 u57344
[    0.000000] pcpu-alloc: s34240 r0 d23104 u57344 alloc=14*4096
[    0.000000] pcpu-alloc: [0] 0 
[    0.000000] Built 1 zonelists in Zone order, mobility grouping on.  Total pages: 259950
[    0.000000] Kernel command line: BOOT_IMAGE=/boot/vmlinuz-3.2.0-29-generic-pae root=UUID=007b598c-390d-4c65-84a1-4ff752d48633 ro quiet splash maxcpus=0
[    0.000000] PID hash table entries: 4096 (order: 2, 16384 bytes)
[    0.000000] Dentry cache hash table entries: 131072 (order: 7, 524288 bytes)
[    0.000000] Inode-cache hash table entries: 65536 (order: 6, 262144 bytes)
[    0.000000] Initializing CPU#0
[    0.000000] xsave/xrstor: enabled xstate_bv 0x7, cntxt size 0x340
[    0.000000] allocated 4194048 bytes of page_cgroup
[    0.000000] please try 'cgroup_disable=memory' option if you don't want memory cgroups
[    0.000000] Initializing HighMem for node 0 (00037bfe:00040000)
[    0.000000] Memory: 1010624k/1048576k available (5814k kernel code, 37372k reserved, 2841k data, 740k init, 135048k highmem)
[    0.000000] virtual kernel memory layout:
[    0.000000]     fixmap  : 0xfff16000 - 0xfffff000   ( 932 kB)
[    0.000000]     pkmap   : 0xffc00000 - 0xffe00000   (2048 kB)
[    0.000000]     vmalloc : 0xf83fe000 - 0xffbfe000   ( 120 MB)
[    0.000000]     lowmem  : 0xc0000000 - 0xf7bfe000   ( 891 MB)
[    0.000000]       .init : 0xc1875000 - 0xc192e000   ( 740 kB)
[    0.000000]       .data : 0xc15adb64 - 0xc1874240   (2841 kB)
[    0.000000]       .text : 0xc1000000 - 0xc15adb64   (5814 kB)
[    0.000000] Checking if this processor honours the WP bit even in supervisor mode...Ok.
[    0.000000] SLUB: Genslabs=15, HWalign=64, Order=0-3, MinObjects=0, CPUs=1, Nodes=1
[    0.000000] Hierarchical RCU implementation.
[    0.000000] 	RCU dyntick-idle grace-period acceleration is enabled.
[    0.000000] NR_IRQS:2304 nr_irqs:256 16
[    0.000000] CPU 0 irqstacks, hard=f5c08000 soft=f5c0a000
[    0.000000] Extended CMOS year: 2000
[    0.000000] Console: colour VGA+ 80x25
[    0.000000] console [tty0] enabled
[    0.000000] hpet clockevent registered
[    0.000000] TSC freq read from hypervisor : 2394.620 MHz
[    0.000000] Detected 2394.620 MHz processor.
[    0.000001] Calibrating delay loop (skipped) preset value.. 4789.24 BogoMIPS (lpj=9578480)
[    0.000004] pid_max: default: 32768 minimum: 301
[    0.000024] Security Framework initialized
[    0.000044] AppArmor: AppArmor initialized
[    0.000047] Yama: becoming mindful.
[    0.000084] Mount-cache hash table entries: 512
[    0.000265] Initializing cgroup subsys cpuacct
[    0.000269] Initializing cgroup subsys memory
[    0.000274] Initializing cgroup subsys devices
[    0.000275] Initializing cgroup subsys freezer
[    0.000276] Initializing cgroup subsys blkio
[    0.000281] Initializing cgroup subsys perf_event
[    0.000325] Disabled fast string operations
[    0.000328] CPU: Physical Processor ID: 0
[    0.000340] ENERGY_PERF_BIAS: Set to 'normal', was 'performance'
[    0.000341] ENERGY_PERF_BIAS: View and update with x86_energy_perf_policy(8)
[    0.000979] mce: CPU supports 0 MCE banks
[    0.001720] SMP alternatives: switching to UP code
[    0.021470] Freeing SMP alternatives: 24k freed
[    0.021476] ACPI: Core revision 20110623
[    0.028324] ACPI: setting ELCR to 0200 (from 0e20)
[    0.029518] ftrace: allocating 26545 entries in 52 pages
[    0.052360] SMP mode deactivated.
[    0.052390] SMP disabled
[    0.052392] Performance Events: generic architected perfmon v1, core PMU driver.
[    0.052404] ... version:                1
[    0.052405] ... bit width:              48
[    0.052406] ... generic registers:      4
[    0.052407] ... value mask:             0000ffffffffffff
[    0.052408] ... max period:             000000007fffffff
[    0.052409] ... fixed-purpose events:   0
[    0.052410] ... event mask:             000000000000000f
[    0.052501] NMI watchdog enabled, takes one hw-pmu counter.
[    0.052521] Brought up 1 CPUs
[    0.052523] Total of 1 processors activated (4789.24 BogoMIPS).
[    0.052633] devtmpfs: initialized
[    0.052704] EVM: security.selinux
[    0.052705] EVM: security.SMACK64
[    0.052706] EVM: security.capability
[    0.052731] PM: Registering ACPI NVS region at 3feff000 (4096 bytes)
[    0.053448] print_constraints: dummy: 
[    0.053525] RTC time:  8:16:03, date: 05/27/13
[    0.053553] NET: Registered protocol family 16
[    0.053646] EISA bus registered
[    0.053658] ACPI: bus type pci registered
[    0.053770] PCI: MMCONFIG for domain 0000 [bus 00-ff] at [mem 0xe0000000-0xefffffff] (base 0xe0000000)
[    0.053772] PCI: MMCONFIG at [mem 0xe0000000-0xefffffff] reserved in E820
[    0.053773] PCI: Using MMCONFIG for extended config space
[    0.053775] PCI: Using configuration type 1 for base access
[    0.054496] bio: create slab <bio-0> at 0
[    0.054559] ACPI: Added _OSI(Module Device)
[    0.054561] ACPI: Added _OSI(Processor Device)
[    0.054562] ACPI: Added _OSI(3.0 _SCP Extensions)
[    0.054563] ACPI: Added _OSI(Processor Aggregator Device)
[    0.056560] ACPI: EC: Look up EC in DSDT
[    0.061124] [Firmware Bug]: ACPI: BIOS _OSI(Linux) query ignored
[    0.069132] ACPI: Interpreter enabled
[    0.069141] ACPI: (supports S0 S1 S4 S5)
[    0.069151] ACPI: Using PIC for interrupt routing
[    0.110287] ACPI: No dock devices found.
[    0.110291] HEST: Table not found.
[    0.110296] PCI: Using host bridge windows from ACPI; if necessary, use "pci=nocrs" and report a bug
[    0.111000] ACPI: PCI Root Bridge [PCI0] (domain 0000 [bus 00-ff])
[    0.112221] pci_root PNP0A03:00: host bridge window [mem 0x000a0000-0x000bffff]
[    0.112223] pci_root PNP0A03:00: host bridge window [mem 0x000cc000-0x000cffff]
[    0.112225] pci_root PNP0A03:00: host bridge window [mem 0x000d0000-0x000d3fff]
[    0.112226] pci_root PNP0A03:00: host bridge window [mem 0x000d4000-0x000d7fff]
[    0.112228] pci_root PNP0A03:00: host bridge window [mem 0x000d8000-0x000dbfff]
[    0.112229] pci_root PNP0A03:00: host bridge window [mem 0xc0000000-0xfebfffff]
[    0.112231] pci_root PNP0A03:00: host bridge window [io  0x0000-0x0cf7]
[    0.112233] pci_root PNP0A03:00: host bridge window [io  0x0d00-0xfeff]
[    0.112290] pci 0000:00:00.0: [8086:7190] type 0 class 0x000600
[    0.112746] pci 0000:00:01.0: [8086:7191] type 1 class 0x000604
[    0.113174] pci 0000:00:07.0: [8086:7110] type 0 class 0x000601
[    0.113845] pci 0000:00:07.1: [8086:7111] type 0 class 0x000101
[    0.115380] pci 0000:00:07.1: reg 20: [io  0x10c0-0x10cf]
[    0.116149] pci 0000:00:07.3: [8086:7113] type 0 class 0x000680
[    0.117826] pci 0000:00:07.3: quirk: [io  0x1000-0x103f] claimed by PIIX4 ACPI
[    0.117840] pci 0000:00:07.3: quirk: [io  0x1040-0x104f] claimed by PIIX4 SMB
[    0.118094] pci 0000:00:07.7: [15ad:0740] type 0 class 0x000880
[    0.118583] pci 0000:00:07.7: reg 10: [io  0x1080-0x10bf]
[    0.119300] pci 0000:00:07.7: reg 14: [mem 0xc8000000-0xc8001fff 64bit]
[    0.122238] pci 0000:00:0f.0: [15ad:0405] type 0 class 0x000300
[    0.124989] pci 0000:00:0f.0: reg 10: [io  0x10d0-0x10df]
[    0.127612] pci 0000:00:0f.0: reg 14: [mem 0xd0000000-0xd7ffffff pref]
[    0.130418] pci 0000:00:0f.0: reg 18: [mem 0xc8800000-0xc8ffffff]
[    0.139454] pci 0000:00:0f.0: reg 30: [mem 0x00000000-0x00007fff pref]
[    0.139785] pci 0000:00:10.0: [1000:0030] type 0 class 0x000100
[    0.140353] pci 0000:00:10.0: reg 10: [io  0x1400-0x14ff]
[    0.141081] pci 0000:00:10.0: reg 14: [mem 0xc8040000-0xc805ffff 64bit]
[    0.141802] pci 0000:00:10.0: reg 1c: [mem 0xc8020000-0xc803ffff 64bit]
[    0.142855] pci 0000:00:10.0: reg 30: [mem 0x00000000-0x00003fff pref]
[    0.143028] pci 0000:00:11.0: [15ad:0790] type 1 class 0x000604
[    0.143776] pci 0000:00:15.0: [15ad:07a0] type 1 class 0x000604
[    0.144566] pci 0000:00:15.0: PME# supported from D0 D3hot D3cold
[    0.144591] pci 0000:00:15.0: PME# disabled
[    0.144831] pci 0000:00:15.1: [15ad:07a0] type 1 class 0x000604
[    0.145610] pci 0000:00:15.1: PME# supported from D0 D3hot D3cold
[    0.145634] pci 0000:00:15.1: PME# disabled
[    0.145873] pci 0000:00:15.2: [15ad:07a0] type 1 class 0x000604
[    0.146646] pci 0000:00:15.2: PME# supported from D0 D3hot D3cold
[    0.146670] pci 0000:00:15.2: PME# disabled
[    0.146911] pci 0000:00:15.3: [15ad:07a0] type 1 class 0x000604
[    0.147677] pci 0000:00:15.3: PME# supported from D0 D3hot D3cold
[    0.147701] pci 0000:00:15.3: PME# disabled
[    0.147963] pci 0000:00:15.4: [15ad:07a0] type 1 class 0x000604
[    0.148728] pci 0000:00:15.4: PME# supported from D0 D3hot D3cold
[    0.148753] pci 0000:00:15.4: PME# disabled
[    0.149014] pci 0000:00:15.5: [15ad:07a0] type 1 class 0x000604
[    0.149783] pci 0000:00:15.5: PME# supported from D0 D3hot D3cold
[    0.149806] pci 0000:00:15.5: PME# disabled
[    0.150048] pci 0000:00:15.6: [15ad:07a0] type 1 class 0x000604
[    0.150813] pci 0000:00:15.6: PME# supported from D0 D3hot D3cold
[    0.150836] pci 0000:00:15.6: PME# disabled
[    0.151118] pci 0000:00:15.7: [15ad:07a0] type 1 class 0x000604
[    0.151902] pci 0000:00:15.7: PME# supported from D0 D3hot D3cold
[    0.151926] pci 0000:00:15.7: PME# disabled
[    0.152165] pci 0000:00:16.0: [15ad:07a0] type 1 class 0x000604
[    0.152931] pci 0000:00:16.0: PME# supported from D0 D3hot D3cold
[    0.152955] pci 0000:00:16.0: PME# disabled
[    0.153194] pci 0000:00:16.1: [15ad:07a0] type 1 class 0x000604
[    0.154027] pci 0000:00:16.1: PME# supported from D0 D3hot D3cold
[    0.154052] pci 0000:00:16.1: PME# disabled
[    0.154293] pci 0000:00:16.2: [15ad:07a0] type 1 class 0x000604
[    0.155066] pci 0000:00:16.2: PME# supported from D0 D3hot D3cold
[    0.155090] pci 0000:00:16.2: PME# disabled
[    0.155330] pci 0000:00:16.3: [15ad:07a0] type 1 class 0x000604
[    0.156124] pci 0000:00:16.3: PME# supported from D0 D3hot D3cold
[    0.156147] pci 0000:00:16.3: PME# disabled
[    0.156390] pci 0000:00:16.4: [15ad:07a0] type 1 class 0x000604
[    0.157191] pci 0000:00:16.4: PME# supported from D0 D3hot D3cold
[    0.157215] pci 0000:00:16.4: PME# disabled
[    0.157464] pci 0000:00:16.5: [15ad:07a0] type 1 class 0x000604
[    0.158230] pci 0000:00:16.5: PME# supported from D0 D3hot D3cold
[    0.158254] pci 0000:00:16.5: PME# disabled
[    0.158493] pci 0000:00:16.6: [15ad:07a0] type 1 class 0x000604
[    0.159280] pci 0000:00:16.6: PME# supported from D0 D3hot D3cold
[    0.159304] pci 0000:00:16.6: PME# disabled
[    0.159543] pci 0000:00:16.7: [15ad:07a0] type 1 class 0x000604
[    0.160382] pci 0000:00:16.7: PME# supported from D0 D3hot D3cold
[    0.160407] pci 0000:00:16.7: PME# disabled
[    0.160648] pci 0000:00:17.0: [15ad:07a0] type 1 class 0x000604
[    0.161423] pci 0000:00:17.0: PME# supported from D0 D3hot D3cold
[    0.161447] pci 0000:00:17.0: PME# disabled
[    0.161687] pci 0000:00:17.1: [15ad:07a0] type 1 class 0x000604
[    0.162582] pci 0000:00:17.1: PME# supported from D0 D3hot D3cold
[    0.162607] pci 0000:00:17.1: PME# disabled
[    0.162848] pci 0000:00:17.2: [15ad:07a0] type 1 class 0x000604
[    0.163627] pci 0000:00:17.2: PME# supported from D0 D3hot D3cold
[    0.163651] pci 0000:00:17.2: PME# disabled
[    0.163923] pci 0000:00:17.3: [15ad:07a0] type 1 class 0x000604
[    0.164691] pci 0000:00:17.3: PME# supported from D0 D3hot D3cold
[    0.164715] pci 0000:00:17.3: PME# disabled
[    0.164999] pci 0000:00:17.4: [15ad:07a0] type 1 class 0x000604
[    0.166023] pci 0000:00:17.4: PME# supported from D0 D3hot D3cold
[    0.166055] pci 0000:00:17.4: PME# disabled
[    0.166358] pci 0000:00:17.5: [15ad:07a0] type 1 class 0x000604
[    0.167145] pci 0000:00:17.5: PME# supported from D0 D3hot D3cold
[    0.167169] pci 0000:00:17.5: PME# disabled
[    0.167409] pci 0000:00:17.6: [15ad:07a0] type 1 class 0x000604
[    0.168211] pci 0000:00:17.6: PME# supported from D0 D3hot D3cold
[    0.168236] pci 0000:00:17.6: PME# disabled
[    0.168478] pci 0000:00:17.7: [15ad:07a0] type 1 class 0x000604
[    0.169441] pci 0000:00:17.7: PME# supported from D0 D3hot D3cold
[    0.169476] pci 0000:00:17.7: PME# disabled
[    0.169729] pci 0000:00:18.0: [15ad:07a0] type 1 class 0x000604
[    0.170559] pci 0000:00:18.0: PME# supported from D0 D3hot D3cold
[    0.170584] pci 0000:00:18.0: PME# disabled
[    0.170830] pci 0000:00:18.1: [15ad:07a0] type 1 class 0x000604
[    0.171607] pci 0000:00:18.1: PME# supported from D0 D3hot D3cold
[    0.171630] pci 0000:00:18.1: PME# disabled
[    0.171911] pci 0000:00:18.2: [15ad:07a0] type 1 class 0x000604
[    0.172676] pci 0000:00:18.2: PME# supported from D0 D3hot D3cold
[    0.172699] pci 0000:00:18.2: PME# disabled
[    0.172947] pci 0000:00:18.3: [15ad:07a0] type 1 class 0x000604
[    0.173713] pci 0000:00:18.3: PME# supported from D0 D3hot D3cold
[    0.173737] pci 0000:00:18.3: PME# disabled
[    0.173991] pci 0000:00:18.4: [15ad:07a0] type 1 class 0x000604
[    0.174760] pci 0000:00:18.4: PME# supported from D0 D3hot D3cold
[    0.174783] pci 0000:00:18.4: PME# disabled
[    0.175052] pci 0000:00:18.5: [15ad:07a0] type 1 class 0x000604
[    0.175836] pci 0000:00:18.5: PME# supported from D0 D3hot D3cold
[    0.175862] pci 0000:00:18.5: PME# disabled
[    0.176103] pci 0000:00:18.6: [15ad:07a0] type 1 class 0x000604
[    0.176876] pci 0000:00:18.6: PME# supported from D0 D3hot D3cold
[    0.176900] pci 0000:00:18.6: PME# disabled
[    0.177139] pci 0000:00:18.7: [15ad:07a0] type 1 class 0x000604
[    0.177990] pci 0000:00:18.7: PME# supported from D0 D3hot D3cold
[    0.178014] pci 0000:00:18.7: PME# disabled
[    0.178623] pci 0000:00:01.0: PCI bridge to [bus 01-01]
[    0.178946] pci 0000:02:00.0: [15ad:0774] type 0 class 0x000c03
[    0.180306] pci 0000:02:00.0: reg 20: [io  0x20c0-0x20df]
[    0.181013] pci 0000:02:01.0: [1022:2000] type 0 class 0x000200
[    0.181431] pci 0000:02:01.0: reg 10: [io  0x2000-0x207f]
[    0.183916] pci 0000:02:01.0: reg 30: [mem 0x00000000-0x0000ffff pref]
[    0.184107] pci 0000:02:02.0: [1274:1371] type 0 class 0x000401
[    0.184640] pci 0000:02:02.0: reg 10: [io  0x2080-0x20bf]
[    0.187134] pci 0000:02:03.0: [15ad:0770] type 0 class 0x000c03
[    0.187417] pci 0000:02:03.0: reg 10: [mem 0xc9000000-0xc9000fff]
[    0.189668] pci 0000:00:11.0: PCI bridge to [bus 02-02] (subtractive decode)
[    0.189704] pci 0000:00:11.0:   bridge window [io  0x2000-0x3fff]
[    0.189738] pci 0000:00:11.0:   bridge window [mem 0xc9000000-0xca3fffff]
[    0.189801] pci 0000:00:11.0:   bridge window [mem 0xd8400000-0xd89fffff 64bit pref]
[    0.189805] pci 0000:00:11.0:   bridge window [mem 0x000a0000-0x000bffff] (subtractive decode)
[    0.189808] pci 0000:00:11.0:   bridge window [mem 0x000cc000-0x000cffff] (subtractive decode)
[    0.189810] pci 0000:00:11.0:   bridge window [mem 0x000d0000-0x000d3fff] (subtractive decode)
[    0.189812] pci 0000:00:11.0:   bridge window [mem 0x000d4000-0x000d7fff] (subtractive decode)
[    0.189815] pci 0000:00:11.0:   bridge window [mem 0x000d8000-0x000dbfff] (subtractive decode)
[    0.189817] pci 0000:00:11.0:   bridge window [mem 0xc0000000-0xfebfffff] (subtractive decode)
[    0.189848] pci 0000:00:11.0:   bridge window [io  0x0000-0x0cf7] (subtractive decode)
[    0.189851] pci 0000:00:11.0:   bridge window [io  0x0d00-0xfeff] (subtractive decode)
[    0.190374] pci 0000:00:15.0: PCI bridge to [bus 03-03]
[    0.190397] pci 0000:00:15.0:   bridge window [io  0x4000-0x4fff]
[    0.190420] pci 0000:00:15.0:   bridge window [mem 0xca400000-0xca4fffff]
[    0.190464] pci 0000:00:15.0:   bridge window [mem 0xd8a00000-0xd8afffff 64bit pref]
[    0.190943] pci 0000:00:15.1: PCI bridge to [bus 04-04]
[    0.190966] pci 0000:00:15.1:   bridge window [io  0x8000-0x8fff]
[    0.190989] pci 0000:00:15.1:   bridge window [mem 0xca800000-0xca8fffff]
[    0.191033] pci 0000:00:15.1:   bridge window [mem 0xd8e00000-0xd8efffff 64bit pref]
[    0.191501] pci 0000:00:15.2: PCI bridge to [bus 05-05]
[    0.191524] pci 0000:00:15.2:   bridge window [io  0xc000-0xcfff]
[    0.191548] pci 0000:00:15.2:   bridge window [mem 0xcac00000-0xcacfffff]
[    0.191592] pci 0000:00:15.2:   bridge window [mem 0xd9200000-0xd92fffff 64bit pref]
[    0.192103] pci 0000:00:15.3: PCI bridge to [bus 06-06]
[    0.192148] pci 0000:00:15.3:   bridge window [mem 0xcb000000-0xcb0fffff]
[    0.192192] pci 0000:00:15.3:   bridge window [mem 0xd9600000-0xd96fffff 64bit pref]
[    0.192662] pci 0000:00:15.4: PCI bridge to [bus 07-07]
[    0.192707] pci 0000:00:15.4:   bridge window [mem 0xcb400000-0xcb4fffff]
[    0.192750] pci 0000:00:15.4:   bridge window [mem 0xd9a00000-0xd9afffff 64bit pref]
[    0.193224] pci 0000:00:15.5: PCI bridge to [bus 08-08]
[    0.193268] pci 0000:00:15.5:   bridge window [mem 0xcb800000-0xcb8fffff]
[    0.193312] pci 0000:00:15.5:   bridge window [mem 0xd9e00000-0xd9efffff 64bit pref]
[    0.193783] pci 0000:00:15.6: PCI bridge to [bus 09-09]
[    0.193840] pci 0000:00:15.6:   bridge window [mem 0xcbc00000-0xcbcfffff]
[    0.193895] pci 0000:00:15.6:   bridge window [mem 0xda200000-0xda2fffff 64bit pref]
[    0.194417] pci 0000:00:15.7: PCI bridge to [bus 0a-0a]
[    0.194462] pci 0000:00:15.7:   bridge window [mem 0xcc000000-0xcc0fffff]
[    0.194506] pci 0000:00:15.7:   bridge window [mem 0xda600000-0xda6fffff 64bit pref]
[    0.194975] pci 0000:00:16.0: PCI bridge to [bus 0b-0b]
[    0.194997] pci 0000:00:16.0:   bridge window [io  0x5000-0x5fff]
[    0.195021] pci 0000:00:16.0:   bridge window [mem 0xca500000-0xca5fffff]
[    0.195064] pci 0000:00:16.0:   bridge window [mem 0xd8b00000-0xd8bfffff 64bit pref]
[    0.195530] pci 0000:00:16.1: PCI bridge to [bus 0c-0c]
[    0.195553] pci 0000:00:16.1:   bridge window [io  0x9000-0x9fff]
[    0.195576] pci 0000:00:16.1:   bridge window [mem 0xca900000-0xca9fffff]
[    0.195620] pci 0000:00:16.1:   bridge window [mem 0xd8f00000-0xd8ffffff 64bit pref]
[    0.196114] pci 0000:00:16.2: PCI bridge to [bus 0d-0d]
[    0.196137] pci 0000:00:16.2:   bridge window [io  0xd000-0xdfff]
[    0.196161] pci 0000:00:16.2:   bridge window [mem 0xcad00000-0xcadfffff]
[    0.196206] pci 0000:00:16.2:   bridge window [mem 0xd9300000-0xd93fffff 64bit pref]
[    0.196675] pci 0000:00:16.3: PCI bridge to [bus 0e-0e]
[    0.196719] pci 0000:00:16.3:   bridge window [mem 0xcb100000-0xcb1fffff]
[    0.196763] pci 0000:00:16.3:   bridge window [mem 0xd9700000-0xd97fffff 64bit pref]
[    0.197227] pci 0000:00:16.4: PCI bridge to [bus 0f-0f]
[    0.197270] pci 0000:00:16.4:   bridge window [mem 0xcb500000-0xcb5fffff]
[    0.197314] pci 0000:00:16.4:   bridge window [mem 0xd9b00000-0xd9bfffff 64bit pref]
[    0.197777] pci 0000:00:16.5: PCI bridge to [bus 10-10]
[    0.197833] pci 0000:00:16.5:   bridge window [mem 0xcb900000-0xcb9fffff]
[    0.197877] pci 0000:00:16.5:   bridge window [mem 0xd9f00000-0xd9ffffff 64bit pref]
[    0.198341] pci 0000:00:16.6: PCI bridge to [bus 11-11]
[    0.198385] pci 0000:00:16.6:   bridge window [mem 0xcbd00000-0xcbdfffff]
[    0.198428] pci 0000:00:16.6:   bridge window [mem 0xda300000-0xda3fffff 64bit pref]
[    0.198905] pci 0000:00:16.7: PCI bridge to [bus 12-12]
[    0.198948] pci 0000:00:16.7:   bridge window [mem 0xcc100000-0xcc1fffff]
[    0.198992] pci 0000:00:16.7:   bridge window [mem 0xda700000-0xda7fffff 64bit pref]
[    0.199456] pci 0000:00:17.0: PCI bridge to [bus 13-13]
[    0.199479] pci 0000:00:17.0:   bridge window [io  0x6000-0x6fff]
[    0.199502] pci 0000:00:17.0:   bridge window [mem 0xca600000-0xca6fffff]
[    0.199545] pci 0000:00:17.0:   bridge window [mem 0xd8c00000-0xd8cfffff 64bit pref]
[    0.200122] pci 0000:00:17.1: PCI bridge to [bus 14-14]
[    0.200145] pci 0000:00:17.1:   bridge window [io  0xa000-0xafff]
[    0.200168] pci 0000:00:17.1:   bridge window [mem 0xcaa00000-0xcaafffff]
[    0.200212] pci 0000:00:17.1:   bridge window [mem 0xd9000000-0xd90fffff 64bit pref]
[    0.200679] pci 0000:00:17.2: PCI bridge to [bus 15-15]
[    0.200702] pci 0000:00:17.2:   bridge window [io  0xe000-0xefff]
[    0.200725] pci 0000:00:17.2:   bridge window [mem 0xcae00000-0xcaefffff]
[    0.200768] pci 0000:00:17.2:   bridge window [mem 0xd9400000-0xd94fffff 64bit pref]
[    0.201244] pci 0000:00:17.3: PCI bridge to [bus 16-16]
[    0.201287] pci 0000:00:17.3:   bridge window [mem 0xcb200000-0xcb2fffff]
[    0.201331] pci 0000:00:17.3:   bridge window [mem 0xd9800000-0xd98fffff 64bit pref]
[    0.201794] pci 0000:00:17.4: PCI bridge to [bus 17-17]
[    0.201846] pci 0000:00:17.4:   bridge window [mem 0xcb600000-0xcb6fffff]
[    0.201889] pci 0000:00:17.4:   bridge window [mem 0xd9c00000-0xd9cfffff 64bit pref]
[    0.202352] pci 0000:00:17.5: PCI bridge to [bus 18-18]
[    0.202396] pci 0000:00:17.5:   bridge window [mem 0xcba00000-0xcbafffff]
[    0.202439] pci 0000:00:17.5:   bridge window [mem 0xda000000-0xda0fffff 64bit pref]
[    0.202911] pci 0000:00:17.6: PCI bridge to [bus 19-19]
[    0.202955] pci 0000:00:17.6:   bridge window [mem 0xcbe00000-0xcbefffff]
[    0.202998] pci 0000:00:17.6:   bridge window [mem 0xda400000-0xda4fffff 64bit pref]
[    0.203462] pci 0000:00:17.7: PCI bridge to [bus 1a-1a]
[    0.203505] pci 0000:00:17.7:   bridge window [mem 0xcc200000-0xcc2fffff]
[    0.203549] pci 0000:00:17.7:   bridge window [mem 0xda800000-0xda8fffff 64bit pref]
[    0.204030] pci 0000:00:18.0: PCI bridge to [bus 1b-1b]
[    0.204053] pci 0000:00:18.0:   bridge window [io  0x7000-0x7fff]
[    0.204076] pci 0000:00:18.0:   bridge window [mem 0xca700000-0xca7fffff]
[    0.204119] pci 0000:00:18.0:   bridge window [mem 0xd8d00000-0xd8dfffff 64bit pref]
[    0.204586] pci 0000:00:18.1: PCI bridge to [bus 1c-1c]
[    0.204609] pci 0000:00:18.1:   bridge window [io  0xb000-0xbfff]
[    0.204632] pci 0000:00:18.1:   bridge window [mem 0xcab00000-0xcabfffff]
[    0.204676] pci 0000:00:18.1:   bridge window [mem 0xd9100000-0xd91fffff 64bit pref]
[    0.205155] pci 0000:00:18.2: PCI bridge to [bus 1d-1d]
[    0.205177] pci 0000:00:18.2:   bridge window [io  0xf000-0xffff]
[    0.205200] pci 0000:00:18.2:   bridge window [mem 0xcaf00000-0xcaffffff]
[    0.205244] pci 0000:00:18.2:   bridge window [mem 0xd9500000-0xd95fffff 64bit pref]
[    0.205714] pci 0000:00:18.3: PCI bridge to [bus 1e-1e]
[    0.205757] pci 0000:00:18.3:   bridge window [mem 0xcb300000-0xcb3fffff]
[    0.205810] pci 0000:00:18.3:   bridge window [mem 0xd9900000-0xd99fffff 64bit pref]
[    0.206274] pci 0000:00:18.4: PCI bridge to [bus 1f-1f]
[    0.206318] pci 0000:00:18.4:   bridge window [mem 0xcb700000-0xcb7fffff]
[    0.206362] pci 0000:00:18.4:   bridge window [mem 0xd9d00000-0xd9dfffff 64bit pref]
[    0.206827] pci 0000:00:18.5: PCI bridge to [bus 20-20]
[    0.206870] pci 0000:00:18.5:   bridge window [mem 0xcbb00000-0xcbbfffff]
[    0.206915] pci 0000:00:18.5:   bridge window [mem 0xda100000-0xda1fffff 64bit pref]
[    0.207379] pci 0000:00:18.6: PCI bridge to [bus 21-21]
[    0.207422] pci 0000:00:18.6:   bridge window [mem 0xcbf00000-0xcbffffff]
[    0.207466] pci 0000:00:18.6:   bridge window [mem 0xda500000-0xda5fffff 64bit pref]
[    0.207945] pci 0000:00:18.7: PCI bridge to [bus 22-22]
[    0.207989] pci 0000:00:18.7:   bridge window [mem 0xcc300000-0xcc3fffff]
[    0.208032] pci 0000:00:18.7:   bridge window [mem 0xda900000-0xda9fffff 64bit pref]
[    0.209752] pci_bus 0000:00: on NUMA node 0
[    0.209759] ACPI: PCI Interrupt Routing Table [\_SB_.PCI0._PRT]
[    0.210382]  pci0000:00: Requesting ACPI _OSC control (0x1d)
[    0.210594]  pci0000:00: ACPI _OSC control (0x15) granted
[    0.287873] ACPI: PCI Interrupt Link [LNKA] (IRQs 3 4 5 6 7 *9 10 11 14 15)
[    0.287945] ACPI: PCI Interrupt Link [LNKB] (IRQs 3 4 5 6 7 9 10 *11 14 15)
[    0.288012] ACPI: PCI Interrupt Link [LNKC] (IRQs 3 4 5 6 7 9 *10 11 14 15)
[    0.288078] ACPI: PCI Interrupt Link [LNKD] (IRQs 3 4 *5 6 7 9 10 11 14 15)
[    0.288216] vgaarb: device added: PCI:0000:00:0f.0,decodes=io+mem,owns=io+mem,locks=none
[    0.288225] vgaarb: loaded
[    0.288226] vgaarb: bridge control possible 0000:00:0f.0
[    0.288304] i2c-core: driver [aat2870] using legacy suspend method
[    0.288305] i2c-core: driver [aat2870] using legacy resume method
[    0.288368] SCSI subsystem initialized
[    0.288406] libata version 3.00 loaded.
[    0.288436] usbcore: registered new interface driver usbfs
[    0.288445] usbcore: registered new interface driver hub
[    0.288467] usbcore: registered new device driver usb
[    0.288530] PCI: Using ACPI for IRQ routing
[    0.363387] PCI: pci_cache_line_size set to 64 bytes
[    0.363409] pci 0000:00:18.2: no compatible bridge window for [io  0xf000-0xffff]
[    0.364355] reserve RAM buffer: 000000000009f000 - 000000000009ffff 
[    0.364357] reserve RAM buffer: 000000003fee0000 - 000000003fffffff 
[    0.364457] NetLabel: Initializing
[    0.364459] NetLabel:  domain hash size = 128
[    0.364460] NetLabel:  protocols = UNLABELED CIPSOv4
[    0.364467] NetLabel:  unlabeled traffic allowed by default
[    0.364527] hpet0: at MMIO 0xfed00000, IRQs 2, 8, 0, 0, 0, 0, 0, 0, 0, 0, 0, 0, 0, 0, 0, 0
[    0.364533] hpet0: 16 comparators, 64-bit 14.318180 MHz counter
[    0.366552] Switching to clocksource hpet
[    0.371836] AppArmor: AppArmor Filesystem Enabled
[    0.371853] pnp: PnP ACPI init
[    0.371869] ACPI: bus type pnp registered
[    0.372468] pnp 00:00: [bus 00-ff]
[    0.372470] pnp 00:00: [mem 0x000a0000-0x000bffff window]
[    0.372472] pnp 00:00: [mem 0x000c0000-0x000c3fff window]
[    0.372473] pnp 00:00: [mem 0x000c4000-0x000c7fff window]
[    0.372475] pnp 00:00: [mem 0x000c8000-0x000cbfff window]
[    0.372476] pnp 00:00: [mem 0x000cc000-0x000cffff window]
[    0.372478] pnp 00:00: [mem 0x000d0000-0x000d3fff window]
[    0.372479] pnp 00:00: [mem 0x000d4000-0x000d7fff window]
[    0.372481] pnp 00:00: [mem 0x000d8000-0x000dbfff window]
[    0.372482] pnp 00:00: [mem 0x000dc000-0x000dffff window]
[    0.372483] pnp 00:00: [mem 0x000e0000-0x000e3fff window]
[    0.372485] pnp 00:00: [mem 0x000e4000-0x000e7fff window]
[    0.372486] pnp 00:00: [mem 0x000e8000-0x000ebfff window]
[    0.372488] pnp 00:00: [mem 0x000ec000-0x000effff window]
[    0.372489] pnp 00:00: [mem 0xc0000000-0xfebfffff window]
[    0.372491] pnp 00:00: [io  0x0cf8-0x0cff]
[    0.372492] pnp 00:00: [io  0x0000-0x0cf7 window]
[    0.372494] pnp 00:00: [io  0x0d00-0xfeff window]
[    0.372530] pnp 00:00: Plug and Play ACPI device, IDs PNP0a03 PNP0a08 (active)
[    0.372600] pnp 00:01: [io  0x0010-0x001f]
[    0.372601] pnp 00:01: [io  0x0024-0x0025]
[    0.372602] pnp 00:01: [io  0x0028-0x0029]
[    0.372603] pnp 00:01: [io  0x002c-0x002d]
[    0.372605] pnp 00:01: [io  0x002e-0x002f]
[    0.372606] pnp 00:01: [io  0x0030-0x0031]
[    0.372607] pnp 00:01: [io  0x0034-0x0035]
[    0.372608] pnp 00:01: [io  0x0038-0x0039]
[    0.372609] pnp 00:01: [io  0x003c-0x003d]
[    0.372610] pnp 00:01: [io  0x0050-0x0053]
[    0.372611] pnp 00:01: [io  0x0072-0x0077]
[    0.372612] pnp 00:01: [io  0x0080]
[    0.372614] pnp 00:01: [io  0x0090-0x009f]
[    0.372615] pnp 00:01: [io  0x00a4-0x00a5]
[    0.372616] pnp 00:01: [io  0x00a8-0x00a9]
[    0.372617] pnp 00:01: [io  0x00ac-0x00ad]
[    0.372618] pnp 00:01: [io  0x00b0-0x00b5]
[    0.372619] pnp 00:01: [io  0x00b8-0x00b9]
[    0.372620] pnp 00:01: [io  0x00bc-0x00bd]
[    0.372622] pnp 00:01: [io  0x1000-0x103f]
[    0.372623] pnp 00:01: [io  0x1040-0x104f]
[    0.372624] pnp 00:01: [io  0x0cf0-0x0cf1]
[    0.372680] system 00:01: [io  0x1000-0x103f] has been reserved
[    0.372684] system 00:01: [io  0x1040-0x104f] has been reserved
[    0.372686] system 00:01: [io  0x0cf0-0x0cf1] has been reserved
[    0.372689] system 00:01: Plug and Play ACPI device, IDs PNP0c02 (active)
[    0.372695] pnp 00:02: [io  0x0000-0x000f]
[    0.372697] pnp 00:02: [io  0x0081-0x008f]
[    0.372698] pnp 00:02: [io  0x00c0-0x00df]
[    0.372699] pnp 00:02: [dma 4]
[    0.372714] pnp 00:02: Plug and Play ACPI device, IDs PNP0200 (active)
[    0.372720] pnp 00:03: [io  0x0020-0x0021]
[    0.372721] pnp 00:03: [io  0x00a0-0x00a1]
[    0.372722] pnp 00:03: [io  0x04d0-0x04d1]
[    0.372724] pnp 00:03: [irq 2 disabled]
[    0.372739] pnp 00:03: Plug and Play ACPI device, IDs PNP0001 (active)
[    0.372745] pnp 00:04: [io  0x0070-0x0071]
[    0.372747] pnp 00:04: [irq 8]
[    0.372760] pnp 00:04: Plug and Play ACPI device, IDs PNP0b00 (active)
[    0.372764] pnp 00:05: [io  0x0061]
[    0.372777] pnp 00:05: Plug and Play ACPI device, IDs PNP0800 (active)
[    0.372782] pnp 00:06: [io  0x0060]
[    0.372783] pnp 00:06: [io  0x0064]
[    0.372784] pnp 00:06: [irq 1]
[    0.372799] pnp 00:06: Plug and Play ACPI device, IDs PNP0303 (active)
[    0.372804] pnp 00:07: [irq 12]
[    0.372816] pnp 00:07: Plug and Play ACPI device, IDs PNP0f13 (active)
[    0.372966] pnp 00:08: [mem 0xfed00000-0xfed003ff]
[    0.373000] system 00:08: [mem 0xfed00000-0xfed003ff] has been reserved
[    0.373002] system 00:08: Plug and Play ACPI device, IDs PNP0103 PNP0c01 (active)
[    0.377190] pnp 00:09: [io  0x0378-0x037f]
[    0.377193] pnp 00:09: [irq 7]
[    0.378333] pnp 00:09: Plug and Play ACPI device, IDs PNP0400 (active)
[    0.382977] pnp 00:0a: [io  0x03f8-0x03ff]
[    0.382980] pnp 00:0a: [irq 4]
[    0.384063] pnp 00:0a: Plug and Play ACPI device, IDs PNP0501 (active)
[    0.388400] pnp 00:0b: [io  0x02f8-0x02ff]
[    0.388403] pnp 00:0b: [irq 3]
[    0.389873] pnp 00:0b: Plug and Play ACPI device, IDs PNP0501 (active)
[    0.395277] pnp 00:0c: [io  0x03f0-0x03f5]
[    0.395280] pnp 00:0c: [io  0x03f7]
[    0.395282] pnp 00:0c: [irq 6]
[    0.395283] pnp 00:0c: [dma 2]
[    0.396340] pnp 00:0c: Plug and Play ACPI device, IDs PNP0700 (active)
[    0.396504] pnp 00:0d: [mem 0xe0000000-0xefffffff]
[    0.396506] pnp 00:0d: [io  0x1060-0x107f]
[    0.396507] pnp 00:0d: [mem 0xc8200000-0xc83fffff]
[    0.396566] system 00:0d: [io  0x1060-0x107f] has been reserved
[    0.396570] system 00:0d: [mem 0xe0000000-0xefffffff] has been reserved
[    0.396572] system 00:0d: [mem 0xc8200000-0xc83fffff] has been reserved
[    0.396574] system 00:0d: Plug and Play ACPI device, IDs PNP0c02 (active)
[    0.402785] pnp: PnP ACPI: found 14 devices
[    0.402788] ACPI: ACPI bus type pnp unregistered
[    0.402792] PnPBIOS: Disabled by ACPI PNP
[    0.438425] PCI: max bus depth: 1 pci_try_num: 2
[    0.438506] pci 0000:00:0f.0: BAR 6: assigned [mem 0xc0000000-0xc0007fff pref]
[    0.438511] pci 0000:00:10.0: BAR 6: assigned [mem 0xc0008000-0xc000bfff pref]
[    0.438516] pci 0000:00:18.7: BAR 13: can't assign io (size 0x1000)
[    0.438519] pci 0000:00:18.6: BAR 13: can't assign io (size 0x1000)
[    0.438522] pci 0000:00:18.5: BAR 13: can't assign io (size 0x1000)
[    0.438525] pci 0000:00:18.4: BAR 13: can't assign io (size 0x1000)
[    0.438528] pci 0000:00:18.3: BAR 13: can't assign io (size 0x1000)
[    0.438531] pci 0000:00:18.2: BAR 13: can't assign io (size 0x1000)
[    0.438534] pci 0000:00:17.7: BAR 13: can't assign io (size 0x1000)
[    0.438537] pci 0000:00:17.6: BAR 13: can't assign io (size 0x1000)
[    0.438540] pci 0000:00:17.5: BAR 13: can't assign io (size 0x1000)
[    0.438543] pci 0000:00:17.4: BAR 13: can't assign io (size 0x1000)
[    0.438546] pci 0000:00:17.3: BAR 13: can't assign io (size 0x1000)
[    0.438549] pci 0000:00:16.7: BAR 13: can't assign io (size 0x1000)
[    0.438552] pci 0000:00:16.6: BAR 13: can't assign io (size 0x1000)
[    0.438555] pci 0000:00:16.5: BAR 13: can't assign io (size 0x1000)
[    0.438558] pci 0000:00:16.4: BAR 13: can't assign io (size 0x1000)
[    0.438561] pci 0000:00:16.3: BAR 13: can't assign io (size 0x1000)
[    0.438564] pci 0000:00:15.7: BAR 13: can't assign io (size 0x1000)
[    0.438567] pci 0000:00:15.6: BAR 13: can't assign io (size 0x1000)
[    0.438570] pci 0000:00:15.5: BAR 13: can't assign io (size 0x1000)
[    0.438572] pci 0000:00:15.4: BAR 13: can't assign io (size 0x1000)
[    0.438575] pci 0000:00:15.3: BAR 13: can't assign io (size 0x1000)
[    0.438578] pci 0000:00:01.0: PCI bridge to [bus 01-01]
[    0.438632] pci 0000:02:01.0: BAR 6: assigned [mem 0xd8400000-0xd840ffff pref]
[    0.438635] pci 0000:00:11.0: PCI bridge to [bus 02-02]
[    0.438649] pci 0000:00:11.0:   bridge window [io  0x2000-0x3fff]
[    0.438684] pci 0000:00:11.0:   bridge window [mem 0xc9000000-0xca3fffff]
[    0.438708] pci 0000:00:11.0:   bridge window [mem 0xd8400000-0xd89fffff 64bit pref]
[    0.438752] pci 0000:00:15.0: PCI bridge to [bus 03-03]
[    0.438766] pci 0000:00:15.0:   bridge window [io  0x4000-0x4fff]
[    0.438800] pci 0000:00:15.0:   bridge window [mem 0xca400000-0xca4fffff]
[    0.438824] pci 0000:00:15.0:   bridge window [mem 0xd8a00000-0xd8afffff 64bit pref]
[    0.438878] pci 0000:00:15.1: PCI bridge to [bus 04-04]
[    0.438892] pci 0000:00:15.1:   bridge window [io  0x8000-0x8fff]
[    0.438926] pci 0000:00:15.1:   bridge window [mem 0xca800000-0xca8fffff]
[    0.438950] pci 0000:00:15.1:   bridge window [mem 0xd8e00000-0xd8efffff 64bit pref]
[    0.439000] pci 0000:00:15.2: PCI bridge to [bus 05-05]
[    0.439014] pci 0000:00:15.2:   bridge window [io  0xc000-0xcfff]
[    0.439048] pci 0000:00:15.2:   bridge window [mem 0xcac00000-0xcacfffff]
[    0.439071] pci 0000:00:15.2:   bridge window [mem 0xd9200000-0xd92fffff 64bit pref]
[    0.439120] pci 0000:00:15.3: PCI bridge to [bus 06-06]
[    0.439154] pci 0000:00:15.3:   bridge window [mem 0xcb000000-0xcb0fffff]
[    0.439178] pci 0000:00:15.3:   bridge window [mem 0xd9600000-0xd96fffff 64bit pref]
[    0.439231] pci 0000:00:15.4: PCI bridge to [bus 07-07]
[    0.439270] pci 0000:00:15.4:   bridge window [mem 0xcb400000-0xcb4fffff]
[    0.439293] pci 0000:00:15.4:   bridge window [mem 0xd9a00000-0xd9afffff 64bit pref]
[    0.439343] pci 0000:00:15.5: PCI bridge to [bus 08-08]
[    0.439377] pci 0000:00:15.5:   bridge window [mem 0xcb800000-0xcb8fffff]
[    0.439400] pci 0000:00:15.5:   bridge window [mem 0xd9e00000-0xd9efffff 64bit pref]
[    0.439449] pci 0000:00:15.6: PCI bridge to [bus 09-09]
[    0.439483] pci 0000:00:15.6:   bridge window [mem 0xcbc00000-0xcbcfffff]
[    0.439507] pci 0000:00:15.6:   bridge window [mem 0xda200000-0xda2fffff 64bit pref]
[    0.439555] pci 0000:00:15.7: PCI bridge to [bus 0a-0a]
[    0.439590] pci 0000:00:15.7:   bridge window [mem 0xcc000000-0xcc0fffff]
[    0.439614] pci 0000:00:15.7:   bridge window [mem 0xda600000-0xda6fffff 64bit pref]
[    0.439662] pci 0000:00:16.0: PCI bridge to [bus 0b-0b]
[    0.439676] pci 0000:00:16.0:   bridge window [io  0x5000-0x5fff]
[    0.439710] pci 0000:00:16.0:   bridge window [mem 0xca500000-0xca5fffff]
[    0.439734] pci 0000:00:16.0:   bridge window [mem 0xd8b00000-0xd8bfffff 64bit pref]
[    0.439782] pci 0000:00:16.1: PCI bridge to [bus 0c-0c]
[    0.439796] pci 0000:00:16.1:   bridge window [io  0x9000-0x9fff]
[    0.439830] pci 0000:00:16.1:   bridge window [mem 0xca900000-0xca9fffff]
[    0.439854] pci 0000:00:16.1:   bridge window [mem 0xd8f00000-0xd8ffffff 64bit pref]
[    0.439902] pci 0000:00:16.2: PCI bridge to [bus 0d-0d]
[    0.439917] pci 0000:00:16.2:   bridge window [io  0xd000-0xdfff]
[    0.439951] pci 0000:00:16.2:   bridge window [mem 0xcad00000-0xcadfffff]
[    0.439974] pci 0000:00:16.2:   bridge window [mem 0xd9300000-0xd93fffff 64bit pref]
[    0.440023] pci 0000:00:16.3: PCI bridge to [bus 0e-0e]
[    0.440057] pci 0000:00:16.3:   bridge window [mem 0xcb100000-0xcb1fffff]
[    0.440081] pci 0000:00:16.3:   bridge window [mem 0xd9700000-0xd97fffff 64bit pref]
[    0.440129] pci 0000:00:16.4: PCI bridge to [bus 0f-0f]
[    0.440163] pci 0000:00:16.4:   bridge window [mem 0xcb500000-0xcb5fffff]
[    0.440187] pci 0000:00:16.4:   bridge window [mem 0xd9b00000-0xd9bfffff 64bit pref]
[    0.440241] pci 0000:00:16.5: PCI bridge to [bus 10-10]
[    0.440276] pci 0000:00:16.5:   bridge window [mem 0xcb900000-0xcb9fffff]
[    0.440299] pci 0000:00:16.5:   bridge window [mem 0xd9f00000-0xd9ffffff 64bit pref]
[    0.440348] pci 0000:00:16.6: PCI bridge to [bus 11-11]
[    0.440382] pci 0000:00:16.6:   bridge window [mem 0xcbd00000-0xcbdfffff]
[    0.440406] pci 0000:00:16.6:   bridge window [mem 0xda300000-0xda3fffff 64bit pref]
[    0.440455] pci 0000:00:16.7: PCI bridge to [bus 12-12]
[    0.440488] pci 0000:00:16.7:   bridge window [mem 0xcc100000-0xcc1fffff]
[    0.440512] pci 0000:00:16.7:   bridge window [mem 0xda700000-0xda7fffff 64bit pref]
[    0.440561] pci 0000:00:17.0: PCI bridge to [bus 13-13]
[    0.440575] pci 0000:00:17.0:   bridge window [io  0x6000-0x6fff]
[    0.440609] pci 0000:00:17.0:   bridge window [mem 0xca600000-0xca6fffff]
[    0.440633] pci 0000:00:17.0:   bridge window [mem 0xd8c00000-0xd8cfffff 64bit pref]
[    0.440682] pci 0000:00:17.1: PCI bridge to [bus 14-14]
[    0.440696] pci 0000:00:17.1:   bridge window [io  0xa000-0xafff]
[    0.440730] pci 0000:00:17.1:   bridge window [mem 0xcaa00000-0xcaafffff]
[    0.440754] pci 0000:00:17.1:   bridge window [mem 0xd9000000-0xd90fffff 64bit pref]
[    0.440802] pci 0000:00:17.2: PCI bridge to [bus 15-15]
[    0.440816] pci 0000:00:17.2:   bridge window [io  0xe000-0xefff]
[    0.440851] pci 0000:00:17.2:   bridge window [mem 0xcae00000-0xcaefffff]
[    0.440874] pci 0000:00:17.2:   bridge window [mem 0xd9400000-0xd94fffff 64bit pref]
[    0.440923] pci 0000:00:17.3: PCI bridge to [bus 16-16]
[    0.440957] pci 0000:00:17.3:   bridge window [mem 0xcb200000-0xcb2fffff]
[    0.440980] pci 0000:00:17.3:   bridge window [mem 0xd9800000-0xd98fffff 64bit pref]
[    0.441029] pci 0000:00:17.4: PCI bridge to [bus 17-17]
[    0.441063] pci 0000:00:17.4:   bridge window [mem 0xcb600000-0xcb6fffff]
[    0.441087] pci 0000:00:17.4:   bridge window [mem 0xd9c00000-0xd9cfffff 64bit pref]
[    0.441136] pci 0000:00:17.5: PCI bridge to [bus 18-18]
[    0.441170] pci 0000:00:17.5:   bridge window [mem 0xcba00000-0xcbafffff]
[    0.441193] pci 0000:00:17.5:   bridge window [mem 0xda000000-0xda0fffff 64bit pref]
[    0.441248] pci 0000:00:17.6: PCI bridge to [bus 19-19]
[    0.441282] pci 0000:00:17.6:   bridge window [mem 0xcbe00000-0xcbefffff]
[    0.441306] pci 0000:00:17.6:   bridge window [mem 0xda400000-0xda4fffff 64bit pref]
[    0.441354] pci 0000:00:17.7: PCI bridge to [bus 1a-1a]
[    0.441388] pci 0000:00:17.7:   bridge window [mem 0xcc200000-0xcc2fffff]
[    0.441412] pci 0000:00:17.7:   bridge window [mem 0xda800000-0xda8fffff 64bit pref]
[    0.441460] pci 0000:00:18.0: PCI bridge to [bus 1b-1b]
[    0.441474] pci 0000:00:18.0:   bridge window [io  0x7000-0x7fff]
[    0.441509] pci 0000:00:18.0:   bridge window [mem 0xca700000-0xca7fffff]
[    0.441532] pci 0000:00:18.0:   bridge window [mem 0xd8d00000-0xd8dfffff 64bit pref]
[    0.441581] pci 0000:00:18.1: PCI bridge to [bus 1c-1c]
[    0.441595] pci 0000:00:18.1:   bridge window [io  0xb000-0xbfff]
[    0.441629] pci 0000:00:18.1:   bridge window [mem 0xcab00000-0xcabfffff]
[    0.441653] pci 0000:00:18.1:   bridge window [mem 0xd9100000-0xd91fffff 64bit pref]
[    0.441701] pci 0000:00:18.2: PCI bridge to [bus 1d-1d]
[    0.441735] pci 0000:00:18.2:   bridge window [mem 0xcaf00000-0xcaffffff]
[    0.441759] pci 0000:00:18.2:   bridge window [mem 0xd9500000-0xd95fffff 64bit pref]
[    0.441808] pci 0000:00:18.3: PCI bridge to [bus 1e-1e]
[    0.441842] pci 0000:00:18.3:   bridge window [mem 0xcb300000-0xcb3fffff]
[    0.441866] pci 0000:00:18.3:   bridge window [mem 0xd9900000-0xd99fffff 64bit pref]
[    0.441914] pci 0000:00:18.4: PCI bridge to [bus 1f-1f]
[    0.441948] pci 0000:00:18.4:   bridge window [mem 0xcb700000-0xcb7fffff]
[    0.441972] pci 0000:00:18.4:   bridge window [mem 0xd9d00000-0xd9dfffff 64bit pref]
[    0.442020] pci 0000:00:18.5: PCI bridge to [bus 20-20]
[    0.442055] pci 0000:00:18.5:   bridge window [mem 0xcbb00000-0xcbbfffff]
[    0.442079] pci 0000:00:18.5:   bridge window [mem 0xda100000-0xda1fffff 64bit pref]
[    0.442127] pci 0000:00:18.6: PCI bridge to [bus 21-21]
[    0.442161] pci 0000:00:18.6:   bridge window [mem 0xcbf00000-0xcbffffff]
[    0.442185] pci 0000:00:18.6:   bridge window [mem 0xda500000-0xda5fffff 64bit pref]
[    0.442240] pci 0000:00:18.7: PCI bridge to [bus 22-22]
[    0.442274] pci 0000:00:18.7:   bridge window [mem 0xcc300000-0xcc3fffff]
[    0.442298] pci 0000:00:18.7:   bridge window [mem 0xda900000-0xda9fffff 64bit pref]
[    0.442352] pci 0000:00:01.0: setting latency timer to 64
[    0.442450] pci 0000:00:15.0: setting latency timer to 64
[    0.442504] pci 0000:00:15.1: setting latency timer to 64
[    0.442559] pci 0000:00:15.2: setting latency timer to 64
[    0.442613] pci 0000:00:15.3: setting latency timer to 64
[    0.442667] pci 0000:00:15.4: setting latency timer to 64
[    0.442721] pci 0000:00:15.5: setting latency timer to 64
[    0.442775] pci 0000:00:15.6: setting latency timer to 64
[    0.442829] pci 0000:00:15.7: setting latency timer to 64
[    0.442884] pci 0000:00:16.0: setting latency timer to 64
[    0.442938] pci 0000:00:16.1: setting latency timer to 64
[    0.442992] pci 0000:00:16.2: setting latency timer to 64
[    0.443046] pci 0000:00:16.3: setting latency timer to 64
[    0.443100] pci 0000:00:16.4: setting latency timer to 64
[    0.443154] pci 0000:00:16.5: setting latency timer to 64
[    0.443209] pci 0000:00:16.6: setting latency timer to 64
[    0.443263] pci 0000:00:16.7: setting latency timer to 64
[    0.443317] pci 0000:00:17.0: setting latency timer to 64
[    0.443371] pci 0000:00:17.1: setting latency timer to 64
[    0.443425] pci 0000:00:17.2: setting latency timer to 64
[    0.443479] pci 0000:00:17.3: setting latency timer to 64
[    0.443534] pci 0000:00:17.4: setting latency timer to 64
[    0.443588] pci 0000:00:17.5: setting latency timer to 64
[    0.443642] pci 0000:00:17.6: setting latency timer to 64
[    0.443696] pci 0000:00:17.7: setting latency timer to 64
[    0.443750] pci 0000:00:18.0: setting latency timer to 64
[    0.443805] pci 0000:00:18.1: setting latency timer to 64
[    0.443859] pci 0000:00:18.2: setting latency timer to 64
[    0.443913] pci 0000:00:18.3: setting latency timer to 64
[    0.443967] pci 0000:00:18.4: setting latency timer to 64
[    0.444021] pci 0000:00:18.5: setting latency timer to 64
[    0.444075] pci 0000:00:18.6: setting latency timer to 64
[    0.444130] pci 0000:00:18.7: setting latency timer to 64
[    0.444144] pci_bus 0000:00: resource 4 [mem 0x000a0000-0x000bffff]
[    0.444146] pci_bus 0000:00: resource 5 [mem 0x000cc000-0x000cffff]
[    0.444148] pci_bus 0000:00: resource 6 [mem 0x000d0000-0x000d3fff]
[    0.444150] pci_bus 0000:00: resource 7 [mem 0x000d4000-0x000d7fff]
[    0.444152] pci_bus 0000:00: resource 8 [mem 0x000d8000-0x000dbfff]
[    0.444154] pci_bus 0000:00: resource 9 [mem 0xc0000000-0xfebfffff]
[    0.444157] pci_bus 0000:00: resource 10 [io  0x0000-0x0cf7]
[    0.444159] pci_bus 0000:00: resource 11 [io  0x0d00-0xfeff]
[    0.444161] pci_bus 0000:02: resource 0 [io  0x2000-0x3fff]
[    0.444163] pci_bus 0000:02: resource 1 [mem 0xc9000000-0xca3fffff]
[    0.444165] pci_bus 0000:02: resource 2 [mem 0xd8400000-0xd89fffff 64bit pref]
[    0.444168] pci_bus 0000:02: resource 4 [mem 0x000a0000-0x000bffff]
[    0.444170] pci_bus 0000:02: resource 5 [mem 0x000cc000-0x000cffff]
[    0.444172] pci_bus 0000:02: resource 6 [mem 0x000d0000-0x000d3fff]
[    0.444174] pci_bus 0000:02: resource 7 [mem 0x000d4000-0x000d7fff]
[    0.444176] pci_bus 0000:02: resource 8 [mem 0x000d8000-0x000dbfff]
[    0.444178] pci_bus 0000:02: resource 9 [mem 0xc0000000-0xfebfffff]
[    0.444180] pci_bus 0000:02: resource 10 [io  0x0000-0x0cf7]
[    0.444182] pci_bus 0000:02: resource 11 [io  0x0d00-0xfeff]
[    0.444184] pci_bus 0000:03: resource 0 [io  0x4000-0x4fff]
[    0.444186] pci_bus 0000:03: resource 1 [mem 0xca400000-0xca4fffff]
[    0.444188] pci_bus 0000:03: resource 2 [mem 0xd8a00000-0xd8afffff 64bit pref]
[    0.444190] pci_bus 0000:04: resource 0 [io  0x8000-0x8fff]
[    0.444192] pci_bus 0000:04: resource 1 [mem 0xca800000-0xca8fffff]
[    0.444194] pci_bus 0000:04: resource 2 [mem 0xd8e00000-0xd8efffff 64bit pref]
[    0.444196] pci_bus 0000:05: resource 0 [io  0xc000-0xcfff]
[    0.444198] pci_bus 0000:05: resource 1 [mem 0xcac00000-0xcacfffff]
[    0.444201] pci_bus 0000:05: resource 2 [mem 0xd9200000-0xd92fffff 64bit pref]
[    0.444203] pci_bus 0000:06: resource 1 [mem 0xcb000000-0xcb0fffff]
[    0.444205] pci_bus 0000:06: resource 2 [mem 0xd9600000-0xd96fffff 64bit pref]
[    0.444207] pci_bus 0000:07: resource 1 [mem 0xcb400000-0xcb4fffff]
[    0.444209] pci_bus 0000:07: resource 2 [mem 0xd9a00000-0xd9afffff 64bit pref]
[    0.444212] pci_bus 0000:08: resource 1 [mem 0xcb800000-0xcb8fffff]
[    0.444214] pci_bus 0000:08: resource 2 [mem 0xd9e00000-0xd9efffff 64bit pref]
[    0.444216] pci_bus 0000:09: resource 1 [mem 0xcbc00000-0xcbcfffff]
[    0.444218] pci_bus 0000:09: resource 2 [mem 0xda200000-0xda2fffff 64bit pref]
[    0.444220] pci_bus 0000:0a: resource 1 [mem 0xcc000000-0xcc0fffff]
[    0.444222] pci_bus 0000:0a: resource 2 [mem 0xda600000-0xda6fffff 64bit pref]
[    0.444225] pci_bus 0000:0b: resource 0 [io  0x5000-0x5fff]
[    0.444227] pci_bus 0000:0b: resource 1 [mem 0xca500000-0xca5fffff]
[    0.444229] pci_bus 0000:0b: resource 2 [mem 0xd8b00000-0xd8bfffff 64bit pref]
[    0.444231] pci_bus 0000:0c: resource 0 [io  0x9000-0x9fff]
[    0.444233] pci_bus 0000:0c: resource 1 [mem 0xca900000-0xca9fffff]
[    0.444235] pci_bus 0000:0c: resource 2 [mem 0xd8f00000-0xd8ffffff 64bit pref]
[    0.444237] pci_bus 0000:0d: resource 0 [io  0xd000-0xdfff]
[    0.444239] pci_bus 0000:0d: resource 1 [mem 0xcad00000-0xcadfffff]
[    0.444241] pci_bus 0000:0d: resource 2 [mem 0xd9300000-0xd93fffff 64bit pref]
[    0.444244] pci_bus 0000:0e: resource 1 [mem 0xcb100000-0xcb1fffff]
[    0.444246] pci_bus 0000:0e: resource 2 [mem 0xd9700000-0xd97fffff 64bit pref]
[    0.444248] pci_bus 0000:0f: resource 1 [mem 0xcb500000-0xcb5fffff]
[    0.444250] pci_bus 0000:0f: resource 2 [mem 0xd9b00000-0xd9bfffff 64bit pref]
[    0.444252] pci_bus 0000:10: resource 1 [mem 0xcb900000-0xcb9fffff]
[    0.444254] pci_bus 0000:10: resource 2 [mem 0xd9f00000-0xd9ffffff 64bit pref]
[    0.444257] pci_bus 0000:11: resource 1 [mem 0xcbd00000-0xcbdfffff]
[    0.444259] pci_bus 0000:11: resource 2 [mem 0xda300000-0xda3fffff 64bit pref]
[    0.444261] pci_bus 0000:12: resource 1 [mem 0xcc100000-0xcc1fffff]
[    0.444263] pci_bus 0000:12: resource 2 [mem 0xda700000-0xda7fffff 64bit pref]
[    0.444265] pci_bus 0000:13: resource 0 [io  0x6000-0x6fff]
[    0.444267] pci_bus 0000:13: resource 1 [mem 0xca600000-0xca6fffff]
[    0.444269] pci_bus 0000:13: resource 2 [mem 0xd8c00000-0xd8cfffff 64bit pref]
[    0.444272] pci_bus 0000:14: resource 0 [io  0xa000-0xafff]
[    0.444274] pci_bus 0000:14: resource 1 [mem 0xcaa00000-0xcaafffff]
[    0.444276] pci_bus 0000:14: resource 2 [mem 0xd9000000-0xd90fffff 64bit pref]
[    0.444278] pci_bus 0000:15: resource 0 [io  0xe000-0xefff]
[    0.444280] pci_bus 0000:15: resource 1 [mem 0xcae00000-0xcaefffff]
[    0.444282] pci_bus 0000:15: resource 2 [mem 0xd9400000-0xd94fffff 64bit pref]
[    0.444284] pci_bus 0000:16: resource 1 [mem 0xcb200000-0xcb2fffff]
[    0.444286] pci_bus 0000:16: resource 2 [mem 0xd9800000-0xd98fffff 64bit pref]
[    0.444289] pci_bus 0000:17: resource 1 [mem 0xcb600000-0xcb6fffff]
[    0.444291] pci_bus 0000:17: resource 2 [mem 0xd9c00000-0xd9cfffff 64bit pref]
[    0.444293] pci_bus 0000:18: resource 1 [mem 0xcba00000-0xcbafffff]
[    0.444295] pci_bus 0000:18: resource 2 [mem 0xda000000-0xda0fffff 64bit pref]
[    0.444297] pci_bus 0000:19: resource 1 [mem 0xcbe00000-0xcbefffff]
[    0.444299] pci_bus 0000:19: resource 2 [mem 0xda400000-0xda4fffff 64bit pref]
[    0.444302] pci_bus 0000:1a: resource 1 [mem 0xcc200000-0xcc2fffff]
[    0.444304] pci_bus 0000:1a: resource 2 [mem 0xda800000-0xda8fffff 64bit pref]
[    0.444306] pci_bus 0000:1b: resource 0 [io  0x7000-0x7fff]
[    0.444308] pci_bus 0000:1b: resource 1 [mem 0xca700000-0xca7fffff]
[    0.444310] pci_bus 0000:1b: resource 2 [mem 0xd8d00000-0xd8dfffff 64bit pref]
[    0.444312] pci_bus 0000:1c: resource 0 [io  0xb000-0xbfff]
[    0.444314] pci_bus 0000:1c: resource 1 [mem 0xcab00000-0xcabfffff]
[    0.444316] pci_bus 0000:1c: resource 2 [mem 0xd9100000-0xd91fffff 64bit pref]
[    0.444319] pci_bus 0000:1d: resource 1 [mem 0xcaf00000-0xcaffffff]
[    0.444321] pci_bus 0000:1d: resource 2 [mem 0xd9500000-0xd95fffff 64bit pref]
[    0.444323] pci_bus 0000:1e: resource 1 [mem 0xcb300000-0xcb3fffff]
[    0.444325] pci_bus 0000:1e: resource 2 [mem 0xd9900000-0xd99fffff 64bit pref]
[    0.444327] pci_bus 0000:1f: resource 1 [mem 0xcb700000-0xcb7fffff]
[    0.444329] pci_bus 0000:1f: resource 2 [mem 0xd9d00000-0xd9dfffff 64bit pref]
[    0.444332] pci_bus 0000:20: resource 1 [mem 0xcbb00000-0xcbbfffff]
[    0.444334] pci_bus 0000:20: resource 2 [mem 0xda100000-0xda1fffff 64bit pref]
[    0.444336] pci_bus 0000:21: resource 1 [mem 0xcbf00000-0xcbffffff]
[    0.444338] pci_bus 0000:21: resource 2 [mem 0xda500000-0xda5fffff 64bit pref]
[    0.444340] pci_bus 0000:22: resource 1 [mem 0xcc300000-0xcc3fffff]
[    0.444342] pci_bus 0000:22: resource 2 [mem 0xda900000-0xda9fffff 64bit pref]
[    0.444376] NET: Registered protocol family 2
[    0.444416] IP route cache hash table entries: 32768 (order: 5, 131072 bytes)
[    0.444470] TCP established hash table entries: 131072 (order: 8, 1048576 bytes)
[    0.444524] TCP bind hash table entries: 65536 (order: 7, 524288 bytes)
[    0.444578] TCP: Hash tables configured (established 131072 bind 65536)
[    0.444581] TCP reno registered
[    0.444584] UDP hash table entries: 512 (order: 2, 16384 bytes)
[    0.444591] UDP-Lite hash table entries: 512 (order: 2, 16384 bytes)
[    0.444629] NET: Registered protocol family 1
[    0.444637] pci 0000:00:00.0: Limiting direct PCI/PCI transfers
[    0.444691] pci 0000:00:0f.0: Boot video device
[    0.444745] ACPI: PCI Interrupt Link [LNKC] enabled at IRQ 10
[    0.444748] PCI: setting IRQ 10 as level-triggered
[    0.444755] pci 0000:02:00.0: PCI INT A -> Link[LNKC] -> GSI 10 (level, low) -> IRQ 10
[    0.444857] pci 0000:02:00.0: PCI INT A disabled
[    0.444911] ACPI: PCI Interrupt Link [LNKB] enabled at IRQ 11
[    0.444914] PCI: setting IRQ 11 as level-triggered
[    0.444917] pci 0000:02:03.0: PCI INT A -> Link[LNKB] -> GSI 11 (level, low) -> IRQ 11
[    0.444972] pci 0000:02:03.0: PCI INT A disabled
[    0.444987] PCI: CLS 32 bytes, default 64
[    0.445028] Simple Boot Flag at 0x36 set to 0x1
[    0.445032] Switching to clocksource tsc
[    0.445241] audit: initializing netlink socket (disabled)
[    0.445248] type=2000 audit(1369642563.422:1): initialized
[    0.458535] Trying to unpack rootfs image as initramfs...
[    0.478505] highmem bounce pool size: 64 pages
[    0.478510] HugeTLB registered 2 MB page size, pre-allocated 0 pages
[    0.482592] VFS: Disk quotas dquot_6.5.2
[    0.482643] Dquot-cache hash table entries: 1024 (order 0, 4096 bytes)
[    0.482764] fuse init (API version 7.17)
[    0.482825] msgmni has been set to 1710
[    0.498494] Block layer SCSI generic (bsg) driver version 0.4 loaded (major 253)
[    0.498529] io scheduler noop registered
[    0.498531] io scheduler deadline registered
[    0.498537] io scheduler cfq registered (default)
[    0.498592] pcieport 0000:00:15.0: setting latency timer to 64
[    0.498646] pcieport 0000:00:15.0: irq 40 for MSI/MSI-X
[    0.498700] pcieport 0000:00:15.1: setting latency timer to 64
[    0.498754] pcieport 0000:00:15.1: irq 41 for MSI/MSI-X
[    0.498808] pcieport 0000:00:15.2: setting latency timer to 64
[    0.498862] pcieport 0000:00:15.2: irq 42 for MSI/MSI-X
[    0.498917] pcieport 0000:00:15.3: setting latency timer to 64
[    0.498971] pcieport 0000:00:15.3: irq 43 for MSI/MSI-X
[    0.499025] pcieport 0000:00:15.4: setting latency timer to 64
[    0.499079] pcieport 0000:00:15.4: irq 44 for MSI/MSI-X
[    0.499133] pcieport 0000:00:15.5: setting latency timer to 64
[    0.499188] pcieport 0000:00:15.5: irq 45 for MSI/MSI-X
[    0.499242] pcieport 0000:00:15.6: setting latency timer to 64
[    0.499296] pcieport 0000:00:15.6: irq 46 for MSI/MSI-X
[    0.499350] pcieport 0000:00:15.7: setting latency timer to 64
[    0.499404] pcieport 0000:00:15.7: irq 47 for MSI/MSI-X
[    0.499458] pcieport 0000:00:16.0: setting latency timer to 64
[    0.499513] pcieport 0000:00:16.0: irq 48 for MSI/MSI-X
[    0.499567] pcieport 0000:00:16.1: setting latency timer to 64
[    0.499621] pcieport 0000:00:16.1: irq 49 for MSI/MSI-X
[    0.499675] pcieport 0000:00:16.2: setting latency timer to 64
[    0.499729] pcieport 0000:00:16.2: irq 50 for MSI/MSI-X
[    0.499783] pcieport 0000:00:16.3: setting latency timer to 64
[    0.499838] pcieport 0000:00:16.3: irq 51 for MSI/MSI-X
[    0.499892] pcieport 0000:00:16.4: setting latency timer to 64
[    0.499946] pcieport 0000:00:16.4: irq 52 for MSI/MSI-X
[    0.500000] pcieport 0000:00:16.5: setting latency timer to 64
[    0.500054] pcieport 0000:00:16.5: irq 53 for MSI/MSI-X
[    0.500108] pcieport 0000:00:16.6: setting latency timer to 64
[    0.500163] pcieport 0000:00:16.6: irq 54 for MSI/MSI-X
[    0.500217] pcieport 0000:00:16.7: setting latency timer to 64
[    0.500271] pcieport 0000:00:16.7: irq 55 for MSI/MSI-X
[    0.500325] pcieport 0000:00:17.0: setting latency timer to 64
[    0.500379] pcieport 0000:00:17.0: irq 56 for MSI/MSI-X
[    0.500434] pcieport 0000:00:17.1: setting latency timer to 64
[    0.500488] pcieport 0000:00:17.1: irq 57 for MSI/MSI-X
[    0.500542] pcieport 0000:00:17.2: setting latency timer to 64
[    0.500596] pcieport 0000:00:17.2: irq 58 for MSI/MSI-X
[    0.500650] pcieport 0000:00:17.3: setting latency timer to 64
[    0.500704] pcieport 0000:00:17.3: irq 59 for MSI/MSI-X
[    0.500759] pcieport 0000:00:17.4: setting latency timer to 64
[    0.500813] pcieport 0000:00:17.4: irq 60 for MSI/MSI-X
[    0.500867] pcieport 0000:00:17.5: setting latency timer to 64
[    0.500921] pcieport 0000:00:17.5: irq 61 for MSI/MSI-X
[    0.500975] pcieport 0000:00:17.6: setting latency timer to 64
[    0.501029] pcieport 0000:00:17.6: irq 62 for MSI/MSI-X
[    0.501084] pcieport 0000:00:17.7: setting latency timer to 64
[    0.501138] pcieport 0000:00:17.7: irq 63 for MSI/MSI-X
[    0.501192] pcieport 0000:00:18.0: setting latency timer to 64
[    0.501246] pcieport 0000:00:18.0: irq 64 for MSI/MSI-X
[    0.501300] pcieport 0000:00:18.1: setting latency timer to 64
[    0.501354] pcieport 0000:00:18.1: irq 65 for MSI/MSI-X
[    0.501409] pcieport 0000:00:18.2: setting latency timer to 64
[    0.501463] pcieport 0000:00:18.2: irq 66 for MSI/MSI-X
[    0.501517] pcieport 0000:00:18.3: setting latency timer to 64
[    0.501571] pcieport 0000:00:18.3: irq 67 for MSI/MSI-X
[    0.501625] pcieport 0000:00:18.4: setting latency timer to 64
[    0.501680] pcieport 0000:00:18.4: irq 68 for MSI/MSI-X
[    0.501734] pcieport 0000:00:18.5: setting latency timer to 64
[    0.501788] pcieport 0000:00:18.5: irq 69 for MSI/MSI-X
[    0.501842] pcieport 0000:00:18.6: setting latency timer to 64
[    0.501896] pcieport 0000:00:18.6: irq 70 for MSI/MSI-X
[    0.502397] pcieport 0000:00:18.7: setting latency timer to 64
[    0.502513] pcieport 0000:00:18.7: irq 71 for MSI/MSI-X
[    0.502568] pcieport 0000:00:15.0: Signaling PME through PCIe PME interrupt
[    0.502591] pcie_pme 0000:00:15.0:pcie01: service driver pcie_pme loaded
[    0.502645] pcieport 0000:00:15.1: Signaling PME through PCIe PME interrupt
[    0.502668] pcie_pme 0000:00:15.1:pcie01: service driver pcie_pme loaded
[    0.502722] pcieport 0000:00:15.2: Signaling PME through PCIe PME interrupt
[    0.502744] pcie_pme 0000:00:15.2:pcie01: service driver pcie_pme loaded
[    0.502799] pcieport 0000:00:15.3: Signaling PME through PCIe PME interrupt
[    0.502822] pcie_pme 0000:00:15.3:pcie01: service driver pcie_pme loaded
[    0.502876] pcieport 0000:00:15.4: Signaling PME through PCIe PME interrupt
[    0.502898] pcie_pme 0000:00:15.4:pcie01: service driver pcie_pme loaded
[    0.502952] pcieport 0000:00:15.5: Signaling PME through PCIe PME interrupt
[    0.502975] pcie_pme 0000:00:15.5:pcie01: service driver pcie_pme loaded
[    0.503029] pcieport 0000:00:15.6: Signaling PME through PCIe PME interrupt
[    0.503052] pcie_pme 0000:00:15.6:pcie01: service driver pcie_pme loaded
[    0.503106] pcieport 0000:00:15.7: Signaling PME through PCIe PME interrupt
[    0.503128] pcie_pme 0000:00:15.7:pcie01: service driver pcie_pme loaded
[    0.503183] pcieport 0000:00:16.0: Signaling PME through PCIe PME interrupt
[    0.503205] pcie_pme 0000:00:16.0:pcie01: service driver pcie_pme loaded
[    0.503259] pcieport 0000:00:16.1: Signaling PME through PCIe PME interrupt
[    0.503282] pcie_pme 0000:00:16.1:pcie01: service driver pcie_pme loaded
[    0.503336] pcieport 0000:00:16.2: Signaling PME through PCIe PME interrupt
[    0.503359] pcie_pme 0000:00:16.2:pcie01: service driver pcie_pme loaded
[    0.503413] pcieport 0000:00:16.3: Signaling PME through PCIe PME interrupt
[    0.503436] pcie_pme 0000:00:16.3:pcie01: service driver pcie_pme loaded
[    0.503490] pcieport 0000:00:16.4: Signaling PME through PCIe PME interrupt
[    0.503512] pcie_pme 0000:00:16.4:pcie01: service driver pcie_pme loaded
[    0.503567] pcieport 0000:00:16.5: Signaling PME through PCIe PME interrupt
[    0.503590] pcie_pme 0000:00:16.5:pcie01: service driver pcie_pme loaded
[    0.503644] pcieport 0000:00:16.6: Signaling PME through PCIe PME interrupt
[    0.503666] pcie_pme 0000:00:16.6:pcie01: service driver pcie_pme loaded
[    0.503721] pcieport 0000:00:16.7: Signaling PME through PCIe PME interrupt
[    0.503743] pcie_pme 0000:00:16.7:pcie01: service driver pcie_pme loaded
[    0.503797] pcieport 0000:00:17.0: Signaling PME through PCIe PME interrupt
[    0.503820] pcie_pme 0000:00:17.0:pcie01: service driver pcie_pme loaded
[    0.503874] pcieport 0000:00:17.1: Signaling PME through PCIe PME interrupt
[    0.503897] pcie_pme 0000:00:17.1:pcie01: service driver pcie_pme loaded
[    0.503951] pcieport 0000:00:17.2: Signaling PME through PCIe PME interrupt
[    0.503974] pcie_pme 0000:00:17.2:pcie01: service driver pcie_pme loaded
[    0.504028] pcieport 0000:00:17.3: Signaling PME through PCIe PME interrupt
[    0.504051] pcie_pme 0000:00:17.3:pcie01: service driver pcie_pme loaded
[    0.504105] pcieport 0000:00:17.4: Signaling PME through PCIe PME interrupt
[    0.504128] pcie_pme 0000:00:17.4:pcie01: service driver pcie_pme loaded
[    0.504182] pcieport 0000:00:17.5: Signaling PME through PCIe PME interrupt
[    0.504204] pcie_pme 0000:00:17.5:pcie01: service driver pcie_pme loaded
[    0.504259] pcieport 0000:00:17.6: Signaling PME through PCIe PME interrupt
[    0.504282] pcie_pme 0000:00:17.6:pcie01: service driver pcie_pme loaded
[    0.504336] pcieport 0000:00:17.7: Signaling PME through PCIe PME interrupt
[    0.504358] pcie_pme 0000:00:17.7:pcie01: service driver pcie_pme loaded
[    0.504413] pcieport 0000:00:18.0: Signaling PME through PCIe PME interrupt
[    0.504435] pcie_pme 0000:00:18.0:pcie01: service driver pcie_pme loaded
[    0.504489] pcieport 0000:00:18.1: Signaling PME through PCIe PME interrupt
[    0.504512] pcie_pme 0000:00:18.1:pcie01: service driver pcie_pme loaded
[    0.504566] pcieport 0000:00:18.2: Signaling PME through PCIe PME interrupt
[    0.504598] pcie_pme 0000:00:18.2:pcie01: service driver pcie_pme loaded
[    0.504652] pcieport 0000:00:18.3: Signaling PME through PCIe PME interrupt
[    0.504674] pcie_pme 0000:00:18.3:pcie01: service driver pcie_pme loaded
[    0.504729] pcieport 0000:00:18.4: Signaling PME through PCIe PME interrupt
[    0.504752] pcie_pme 0000:00:18.4:pcie01: service driver pcie_pme loaded
[    0.504806] pcieport 0000:00:18.5: Signaling PME through PCIe PME interrupt
[    0.504829] pcie_pme 0000:00:18.5:pcie01: service driver pcie_pme loaded
[    0.504883] pcieport 0000:00:18.6: Signaling PME through PCIe PME interrupt
[    0.504906] pcie_pme 0000:00:18.6:pcie01: service driver pcie_pme loaded
[    0.504960] pcieport 0000:00:18.7: Signaling PME through PCIe PME interrupt
[    0.504983] pcie_pme 0000:00:18.7:pcie01: service driver pcie_pme loaded
[    0.505001] pci_hotplug: PCI Hot Plug PCI Core version: 0.5
[    0.505055] pciehp 0000:00:15.0:pcie04: HPC vendor_id 15ad device_id 7a0 ss_vid 15ad ss_did 7a0
[    0.505109] pciehp 0000:00:15.0:pcie04: service driver pciehp loaded
[    0.505164] pciehp 0000:00:15.1:pcie04: HPC vendor_id 15ad device_id 7a0 ss_vid 15ad ss_did 7a0
[    0.505218] pciehp 0000:00:15.1:pcie04: service driver pciehp loaded
[    0.505272] pciehp 0000:00:15.2:pcie04: HPC vendor_id 15ad device_id 7a0 ss_vid 15ad ss_did 7a0
[    0.505326] pciehp 0000:00:15.2:pcie04: service driver pciehp loaded
[    0.505380] pciehp 0000:00:15.3:pcie04: HPC vendor_id 15ad device_id 7a0 ss_vid 15ad ss_did 7a0
[    0.505434] pciehp 0000:00:15.3:pcie04: service driver pciehp loaded
[    0.505489] pciehp 0000:00:15.4:pcie04: HPC vendor_id 15ad device_id 7a0 ss_vid 15ad ss_did 7a0
[    0.505543] pciehp 0000:00:15.4:pcie04: service driver pciehp loaded
[    0.505597] pciehp 0000:00:15.5:pcie04: HPC vendor_id 15ad device_id 7a0 ss_vid 15ad ss_did 7a0
[    0.505651] pciehp 0000:00:15.5:pcie04: service driver pciehp loaded
[    0.505705] pciehp 0000:00:15.6:pcie04: HPC vendor_id 15ad device_id 7a0 ss_vid 15ad ss_did 7a0
[    0.505760] pciehp 0000:00:15.6:pcie04: service driver pciehp loaded
[    0.505814] pciehp 0000:00:15.7:pcie04: HPC vendor_id 15ad device_id 7a0 ss_vid 15ad ss_did 7a0
[    0.505868] pciehp 0000:00:15.7:pcie04: service driver pciehp loaded
[    0.505922] pciehp 0000:00:16.0:pcie04: HPC vendor_id 15ad device_id 7a0 ss_vid 15ad ss_did 7a0
[    0.505976] pciehp 0000:00:16.0:pcie04: service driver pciehp loaded
[    0.506030] pciehp 0000:00:16.1:pcie04: HPC vendor_id 15ad device_id 7a0 ss_vid 15ad ss_did 7a0
[    0.506085] pciehp 0000:00:16.1:pcie04: service driver pciehp loaded
[    0.506139] pciehp 0000:00:16.2:pcie04: HPC vendor_id 15ad device_id 7a0 ss_vid 15ad ss_did 7a0
[    0.506193] pciehp 0000:00:16.2:pcie04: service driver pciehp loaded
[    0.506247] pciehp 0000:00:16.3:pcie04: HPC vendor_id 15ad device_id 7a0 ss_vid 15ad ss_did 7a0
[    0.506301] pciehp 0000:00:16.3:pcie04: service driver pciehp loaded
[    0.506385] pciehp 0000:00:16.4:pcie04: HPC vendor_id 15ad device_id 7a0 ss_vid 15ad ss_did 7a0
[    0.510457] pciehp 0000:00:16.4:pcie04: service driver pciehp loaded
[    0.510512] pciehp 0000:00:16.5:pcie04: HPC vendor_id 15ad device_id 7a0 ss_vid 15ad ss_did 7a0
[    0.510566] pciehp 0000:00:16.5:pcie04: service driver pciehp loaded
[    0.510620] pciehp 0000:00:16.6:pcie04: HPC vendor_id 15ad device_id 7a0 ss_vid 15ad ss_did 7a0
[    0.510674] pciehp 0000:00:16.6:pcie04: service driver pciehp loaded
[    0.510728] pciehp 0000:00:16.7:pcie04: HPC vendor_id 15ad device_id 7a0 ss_vid 15ad ss_did 7a0
[    0.510782] pciehp 0000:00:16.7:pcie04: service driver pciehp loaded
[    0.510837] pciehp 0000:00:17.0:pcie04: HPC vendor_id 15ad device_id 7a0 ss_vid 15ad ss_did 7a0
[    0.510891] pciehp 0000:00:17.0:pcie04: service driver pciehp loaded
[    0.510945] pciehp 0000:00:17.1:pcie04: HPC vendor_id 15ad device_id 7a0 ss_vid 15ad ss_did 7a0
[    0.510999] pciehp 0000:00:17.1:pcie04: service driver pciehp loaded
[    0.511053] pciehp 0000:00:17.2:pcie04: HPC vendor_id 15ad device_id 7a0 ss_vid 15ad ss_did 7a0
[    0.511107] pciehp 0000:00:17.2:pcie04: service driver pciehp loaded
[    0.511162] pciehp 0000:00:17.3:pcie04: HPC vendor_id 15ad device_id 7a0 ss_vid 15ad ss_did 7a0
[    0.511216] pciehp 0000:00:17.3:pcie04: service driver pciehp loaded
[    0.511270] pciehp 0000:00:17.4:pcie04: HPC vendor_id 15ad device_id 7a0 ss_vid 15ad ss_did 7a0
[    0.511324] pciehp 0000:00:17.4:pcie04: service driver pciehp loaded
[    0.511378] pciehp 0000:00:17.5:pcie04: HPC vendor_id 15ad device_id 7a0 ss_vid 15ad ss_did 7a0
[    0.511433] pciehp 0000:00:17.5:pcie04: service driver pciehp loaded
[    0.511487] pciehp 0000:00:17.6:pcie04: HPC vendor_id 15ad device_id 7a0 ss_vid 15ad ss_did 7a0
[    0.511541] pciehp 0000:00:17.6:pcie04: service driver pciehp loaded
[    0.511595] pciehp 0000:00:17.7:pcie04: HPC vendor_id 15ad device_id 7a0 ss_vid 15ad ss_did 7a0
[    0.511649] pciehp 0000:00:17.7:pcie04: service driver pciehp loaded
[    0.511703] pciehp 0000:00:18.0:pcie04: HPC vendor_id 15ad device_id 7a0 ss_vid 15ad ss_did 7a0
[    0.511758] pciehp 0000:00:18.0:pcie04: service driver pciehp loaded
[    0.511812] pciehp 0000:00:18.1:pcie04: HPC vendor_id 15ad device_id 7a0 ss_vid 15ad ss_did 7a0
[    0.511866] pciehp 0000:00:18.1:pcie04: service driver pciehp loaded
[    0.511920] pciehp 0000:00:18.2:pcie04: HPC vendor_id 15ad device_id 7a0 ss_vid 15ad ss_did 7a0
[    0.511974] pciehp 0000:00:18.2:pcie04: service driver pciehp loaded
[    0.512028] pciehp 0000:00:18.3:pcie04: HPC vendor_id 15ad device_id 7a0 ss_vid 15ad ss_did 7a0
[    0.512083] pciehp 0000:00:18.3:pcie04: service driver pciehp loaded
[    0.512137] pciehp 0000:00:18.4:pcie04: HPC vendor_id 15ad device_id 7a0 ss_vid 15ad ss_did 7a0
[    0.512191] pciehp 0000:00:18.4:pcie04: service driver pciehp loaded
[    0.512245] pciehp 0000:00:18.5:pcie04: HPC vendor_id 15ad device_id 7a0 ss_vid 15ad ss_did 7a0
[    0.512299] pciehp 0000:00:18.5:pcie04: service driver pciehp loaded
[    0.512353] pciehp 0000:00:18.6:pcie04: HPC vendor_id 15ad device_id 7a0 ss_vid 15ad ss_did 7a0
[    0.512408] pciehp 0000:00:18.6:pcie04: service driver pciehp loaded
[    0.512462] pciehp 0000:00:18.7:pcie04: HPC vendor_id 15ad device_id 7a0 ss_vid 15ad ss_did 7a0
[    0.512516] pciehp 0000:00:18.7:pcie04: service driver pciehp loaded
[    0.512523] pciehp: PCI Express Hot Plug Controller Driver version: 0.4
[    0.512578] ACPI: Deprecated procfs I/F for AC is loaded, please retry with CONFIG_ACPI_PROCFS_POWER cleared
[    0.512636] ACPI: AC Adapter [ACAD] (on-line)
[    0.518445] input: Power Button as /devices/LNXSYSTM:00/LNXPWRBN:00/input/input0
[    0.518450] ACPI: Power Button [PWRF]
[    0.530428] ERST: Table is not found!
[    0.530432] GHES: HEST is not enabled!
[    0.530539] Serial: 8250/16550 driver, 32 ports, IRQ sharing enabled
[    0.554268] serial8250: ttyS0 at I/O 0x3f8 (irq = 4) is a 16550A
[    0.558395] isapnp: Scanning for PnP cards...
[    0.690145] serial8250: ttyS1 at I/O 0x2f8 (irq = 3) is a 16550A
[    0.737989] 00:0a: ttyS0 at I/O 0x3f8 (irq = 4) is a 16550A
[    0.822021] 00:0b: ttyS1 at I/O 0x2f8 (irq = 3) is a 16550A
[    0.846128] Linux agpgart interface v0.103
[    0.846183] agpgart-intel 0000:00:00.0: Intel 440BX Chipset
[    0.846279] agpgart-intel 0000:00:00.0: AGP aperture is 256M @ 0x0
[    0.847268] brd: module loaded
[    0.847797] loop: module loaded
[    0.847851] ata_piix 0000:00:07.1: version 2.13
[    0.847938] scsi0 : ata_piix
[    0.853919] scsi1 : ata_piix
[    0.853964] ata1: PATA max UDMA/33 cmd 0x1f0 ctl 0x3f6 bmdma 0x10c0 irq 14
[    0.853966] ata2: PATA max UDMA/33 cmd 0x170 ctl 0x376 bmdma 0x10c8 irq 15
[    0.854024] Fixed MDIO Bus: probed
[    0.854037] tun: Universal TUN/TAP device driver, 1.6
[    0.854039] tun: (C) 1999-2004 Max Krasnyansky <maxk@qualcomm.com>
[    0.854095] PPP generic driver version 2.4.2
[    0.854161] ehci_hcd: USB 2.0 'Enhanced' Host Controller (EHCI) Driver
[    0.854193] ehci_hcd 0000:02:03.0: PCI INT A -> Link[LNKB] -> GSI 11 (level, low) -> IRQ 11
[    0.854243] ehci_hcd 0000:02:03.0: EHCI Host Controller
[    0.854280] ehci_hcd 0000:02:03.0: new USB bus registered, assigned bus number 1
[    0.854334] ehci_hcd 0000:02:03.0: cache line size of 32 is not supported
[    0.854343] ehci_hcd 0000:02:03.0: irq 11, io mem 0xc9000000
[    0.865850] ehci_hcd 0000:02:03.0: USB 2.0 started, EHCI 1.00
[    0.865987] hub 1-0:1.0: USB hub found
[    0.865994] hub 1-0:1.0: 6 ports detected
[    0.866048] ohci_hcd: USB 1.1 'Open' Host Controller (OHCI) Driver
[    0.866070] uhci_hcd: USB Universal Host Controller Interface driver
[    0.866120] uhci_hcd 0000:02:00.0: PCI INT A -> Link[LNKC] -> GSI 10 (level, low) -> IRQ 10
[    0.866171] uhci_hcd 0000:02:00.0: UHCI Host Controller
[    0.866218] uhci_hcd 0000:02:00.0: new USB bus registered, assigned bus number 2
[    0.866331] uhci_hcd 0000:02:00.0: irq 10, io base 0x000020c0
[    0.866452] hub 2-0:1.0: USB hub found
[    0.866455] hub 2-0:1.0: 2 ports detected
[    0.866510] usbcore: registered new interface driver libusual
[    0.866564] i8042: PNP: PS/2 Controller [PNP0303:KBC,PNP0f13:MOUS] at 0x60,0x64 irq 1,12
[    0.866906] serio: i8042 KBD port at 0x60,0x64 irq 1
[    0.866914] serio: i8042 AUX port at 0x60,0x64 irq 12
[    0.867002] mousedev: PS/2 mouse device common for all mice
[    0.867291] rtc_cmos 00:04: rtc core: registered rtc_cmos as rtc0
[    0.867309] rtc0: alarms up to one month, y3k, 114 bytes nvram, hpet irqs
[    0.867353] device-mapper: uevent: version 1.0.3
[    0.867402] device-mapper: ioctl: 4.22.0-ioctl (2011-10-19) initialised: dm-devel@redhat.com
[    0.867425] EISA: Probing bus 0 at eisa.0
[    0.867427] EISA: Cannot allocate resource for mainboard
[    0.867429] Cannot allocate resource for EISA slot 1
[    0.867431] Cannot allocate resource for EISA slot 2
[    0.867432] Cannot allocate resource for EISA slot 3
[    0.867434] Cannot allocate resource for EISA slot 4
[    0.867435] Cannot allocate resource for EISA slot 5
[    0.867437] Cannot allocate resource for EISA slot 6
[    0.867439] Cannot allocate resource for EISA slot 7
[    0.867440] Cannot allocate resource for EISA slot 8
[    0.867442] EISA: Detected 0 cards.
[    0.867449] cpufreq-nforce2: No nForce2 chipset.
[    0.867451] cpuidle: using governor ladder
[    0.867453] cpuidle: using governor menu
[    0.867455] EFI Variables Facility v0.08 2004-May-17
[    0.867509] TCP cubic registered
[    0.867563] NET: Registered protocol family 10
[    0.867617] NET: Registered protocol family 17
[    0.867621] Registering the dns_resolver key type
[    0.867634] Using IPI No-Shortcut mode
[    0.867694] PM: Hibernation image not present or could not be loaded.
[    0.867702] registered taskstats version 1
[    0.993968] input: AT Translated Set 2 keyboard as /devices/platform/i8042/serio0/input/input1
[    1.077577] Freeing initrd memory: 13836k freed
[    1.123334] ata2.00: ATAPI: VMware Virtual IDE CDROM Drive, 00000001, max UDMA/33
[    1.125620]   Magic number: 13:588:271
[    1.145562] rtc_cmos 00:04: setting system clock to 2013-05-27 08:16:04 UTC (1369642564)
[    1.189181] isapnp: No Plug & Play device found
[    1.189528] ata2.00: configured for UDMA/33
[    1.189663] BIOS EDD facility v0.16 2004-Jun-25, 0 devices found
[    1.189666] EDD information not available.
[    1.189916] scsi 1:0:0:0: CD-ROM            NECVMWar VMware IDE CDR10 1.00 PQ: 0 ANSI: 5
[    1.190507] sr0: scsi3-mmc drive: 306x/306x cd/rw xa/form2 cdda tray
[    1.190510] cdrom: Uniform CD-ROM driver Revision: 3.20
[    1.190600] sr 1:0:0:0: Attached scsi CD-ROM sr0
[    1.190757] sr 1:0:0:0: Attached scsi generic sg0 type 5
[    1.190872] Freeing unused kernel memory: 740k freed
[    1.190924] Write protecting the kernel text: 5816k
[    1.190939] Write protecting the kernel read-only data: 2376k
[    1.190942] NX-protecting the kernel data: 4424k
[    1.202965] udevd[85]: starting version 175
[    1.217739] VMware vmxnet3 virtual NIC driver - version 1.1.29.0-k-NAPI
[    1.221750] VMware PVSCSI driver - version 1.0.1.0-k
[    1.226810] VMware vmxnet virtual NIC driver
[    1.226861] ACPI: PCI Interrupt Link [LNKD] enabled at IRQ 5
[    1.226865] PCI: setting IRQ 5 as level-triggered
[    1.226871] vmxnet 0000:02:01.0: PCI INT A -> Link[LNKD] -> GSI 5 (level, low) -> IRQ 5
[    1.226923] Found vmxnet/PCI at 0x2024, irq 5.
[    1.226975] features:
[    1.226986] numRxBuffers = 100, numRxBuffers2 = 1
[    1.227038] vmxnet 0000:02:01.0: eth0: set_features() failed (-1); wanted 0x00004000, left 0x00004800
[    1.241323] usb 2-1: new full-speed USB device number 2 using uhci_hcd
[    1.245989] Fusion MPT base driver 3.04.20
[    1.245993] Copyright (c) 1999-2008 LSI Corporation
[    1.246202] Fusion MPT SPI Host driver 3.04.20
[    1.246254] mptspi 0000:00:10.0: PCI INT A -> Link[LNKB] -> GSI 11 (level, low) -> IRQ 11
[    1.252390] mptbase: ioc0: Initiating bringup
[    1.272601] Floppy drive(s): fd0 is 1.44M
[    1.285479] FDC 0 is a post-1991 82077
[    1.321216] ioc0: LSI53C1030 B0: Capabilities={Initiator}
[    1.374219] input: VMware VMware Virtual USB Mouse as /devices/pci0000:00/0000:00:11.0/0000:02:00.0/usb2/2-1/2-1:1.0/input/input2
[    1.374492] generic-usb 0003:0E0F:0003.0001: input,hidraw0: USB HID v1.10 Mouse [VMware VMware Virtual USB Mouse] on usb-0000:02:00.0-1/input0
[    1.375031] input: VMware VMware Virtual USB Mouse as /devices/pci0000:00/0000:00:11.0/0000:02:00.0/usb2/2-1/2-1:1.1/input/input3
[    1.375237] generic-usb 0003:0E0F:0003.0002: input,hidraw1: USB HID v1.10 Mouse [VMware VMware Virtual USB Mouse] on usb-0000:02:00.0-1/input1
[    1.375256] usbcore: registered new interface driver usbhid
[    1.375258] usbhid: USB HID core driver
[    1.481028] scsi2 : ioc0: LSI53C1030 B0, FwRev=01032920h, Ports=1, MaxQ=128, IRQ=11
[    1.484944] usb 2-2: new full-speed USB device number 3 using uhci_hcd
[    1.593687] scsi 2:0:0:0: Direct-Access     VMware,  VMware Virtual S 1.0  PQ: 0 ANSI: 2
[    1.593696] scsi target2:0:0: Beginning Domain Validation
[    1.594392] scsi target2:0:0: Domain Validation skipping write tests
[    1.594395] scsi target2:0:0: Ending Domain Validation
[    1.594452] scsi target2:0:0: FAST-40 WIDE SCSI 80.0 MB/s ST (25 ns, offset 127)
[    1.597111] sd 2:0:0:0: [sda] 41943040 512-byte logical blocks: (21.4 GB/20.0 GiB)
[    1.597173] sd 2:0:0:0: [sda] Write Protect is off
[    1.597176] sd 2:0:0:0: [sda] Mode Sense: 61 00 00 00
[    1.597248] sd 2:0:0:0: [sda] Cache data unavailable
[    1.597251] sd 2:0:0:0: [sda] Assuming drive cache: write through
[    1.597559] sd 2:0:0:0: [sda] Cache data unavailable
[    1.597562] sd 2:0:0:0: [sda] Assuming drive cache: write through
[    1.598319] sd 2:0:0:0: Attached scsi generic sg1 type 0
[    1.599050]  sda: sda1 sda2 < sda5 >
[    1.599463] sd 2:0:0:0: [sda] Cache data unavailable
[    1.599466] sd 2:0:0:0: [sda] Assuming drive cache: write through
[    1.599468] sd 2:0:0:0: [sda] Attached SCSI disk
[    1.624055] hub 2-2:1.0: USB hub found
[    1.625686] hub 2-2:1.0: 7 ports detected
[    1.637709] EXT4-fs (sda1): INFO: recovery required on readonly filesystem
[    1.637712] EXT4-fs (sda1): write access will be enabled during recovery
[    1.759255] EXT4-fs (sda1): recovery complete
[    1.759814] EXT4-fs (sda1): mounted filesystem with ordered data mode. Opts: (null)
[    3.164447] ADDRCONF(NETDEV_UP): eth0: link is not ready
[    3.170929] udevd[327]: starting version 175
[    3.220004] Adding 1046524k swap on /dev/sda5.  Priority:-1 extents:1 across:1046524k 
[    3.225193] lp: driver loaded but no devices found
[    3.319744] shpchp: Standard Hot Plug PCI Controller Driver version: 0.4
[    3.323716] EXT4-fs (sda1): re-mounted. Opts: errors=remount-ro
[    3.338159] [379]: VMCI: shared components initialized.
[    3.338163] Probing for vmci/PCI.
[    3.344588] ACPI: PCI Interrupt Link [LNKA] enabled at IRQ 9
[    3.344591] PCI: setting IRQ 9 as level-triggered
[    3.344598] vmci 0000:00:07.7: PCI INT A -> Link[LNKA] -> GSI 9 (level, low) -> IRQ 9
[    3.344640] Found vmci/PCI at 0x1080, irq 9.
[    3.344672] VMCI: using capabilities 0xc.
[    3.344745] [379]: VMCI: Host capability check passed.
[    3.345001] vmci 0000:00:07.7: irq 72 for MSI/MSI-X
[    3.345033] vmci 0000:00:07.7: irq 73 for MSI/MSI-X
[    3.345271] Registered vmci device.
[    3.353404] [379]: VMCI: Using guest personality
[    3.353408] [379]: VMCI: host components initialized.
[    3.369228] piix4_smbus 0000:00:07.3: Host SMBus controller not enabled!
[    3.370599] [379]: VMCI: Module registered (name=vmci,major=10,minor=57).
[    3.370603] [379]: VMCI: Using host personality
[    3.370606] [379]: VMCI: Module (name=vmci) is initialized
[    3.452228] ppdev: user-space parallel port driver
[    3.453024] parport_pc 00:09: reported by Plug and Play ACPI
[    3.453202] parport0: PC-style at 0x378, irq 7 [PCSPP,TRISTATE]
[    3.470767] Bluetooth: Core ver 2.16
[    3.473170] NET: Registered protocol family 31
[    3.473173] Bluetooth: HCI device and connection manager initialized
[    3.473176] Bluetooth: HCI socket layer initialized
[    3.473178] Bluetooth: L2CAP socket layer initialized
[    3.473183] Bluetooth: SCO socket layer initialized
[    3.495220] Bluetooth: BNEP (Ethernet Emulation) ver 1.3
[    3.495224] Bluetooth: BNEP filters: protocol multicast
[    3.550101] lp0: using parport0 (interrupt-driven).
[    3.559894] type=1400 audit(1369642566.913:2): apparmor="STATUS" operation="profile_load" name="/usr/lib/cups/backend/cups-pdf" pid=580 comm="apparmor_parser"
[    3.561186] type=1400 audit(1369642566.913:3): apparmor="STATUS" operation="profile_load" name="/usr/sbin/cupsd" pid=580 comm="apparmor_parser"
[    3.582213] type=1400 audit(1369642566.937:4): apparmor="STATUS" operation="profile_load" name="/sbin/dhclient" pid=590 comm="apparmor_parser"
[    3.582544] type=1400 audit(1369642566.937:5): apparmor="STATUS" operation="profile_load" name="/usr/lib/NetworkManager/nm-dhcp-client.action" pid=590 comm="apparmor_parser"
[    3.582755] type=1400 audit(1369642566.937:6): apparmor="STATUS" operation="profile_load" name="/usr/lib/connman/scripts/dhclient-script" pid=590 comm="apparmor_parser"
[    3.597015] Bluetooth: RFCOMM TTY layer initialized
[    3.597023] Bluetooth: RFCOMM socket layer initialized
[    3.597026] Bluetooth: RFCOMM ver 1.11
[    3.861858] input: ImPS/2 Generic Wheel Mouse as /devices/platform/i8042/serio1/input/input4
[    3.887648] init: failsafe main process (668) killed by TERM signal
[    3.998684] snd_ens1371 0000:02:02.0: PCI INT A -> Link[LNKA] -> GSI 9 (level, low) -> IRQ 9
[    4.046060] type=1400 audit(1369642567.401:7): apparmor="STATUS" operation="profile_load" name="/usr/lib/lightdm/lightdm/lightdm-guest-session-wrapper" pid=786 comm="apparmor_parser"
[    4.054623] type=1400 audit(1369642567.409:8): apparmor="STATUS" operation="profile_replace" name="/sbin/dhclient" pid=789 comm="apparmor_parser"
[    4.054796] type=1400 audit(1369642567.409:9): apparmor="STATUS" operation="profile_replace" name="/usr/lib/NetworkManager/nm-dhcp-client.action" pid=789 comm="apparmor_parser"
[    4.054847] type=1400 audit(1369642567.409:10): apparmor="STATUS" operation="profile_replace" name="/usr/lib/connman/scripts/dhclient-script" pid=789 comm="apparmor_parser"
[    4.237190] init: alsa-restore main process (879) terminated with status 19
