[    0.000000] Initializing cgroup subsys cpuset
[    0.000000] Initializing cgroup subsys cpu
[    0.000000] Linux version 3.2.0-29-generic-pae (buildd@roseapple) (gcc version 4.6.3 (Ubuntu/Linaro 4.6.3-1ubuntu5) ) #46-Ubuntu SMP Fri Jul 27 17:25:43 UTC 2012 (Ubuntu 3.2.0-29.46-generic-pae 3.2.24)
[    0.000000] KERNEL supported cpus:
[    0.000000]   Intel GenuineIntel
[    0.000000]   AMD AuthenticAMD
[    0.000000]   NSC Geode by NSC
[    0.000000]   Cyrix CyrixInstead
[    0.000000]   Centaur CentaurHauls
[    0.000000]   Transmeta GenuineTMx86
[    0.000000]   Transmeta TransmetaCPU
[    0.000000]   UMC UMC UMC UMC
[    0.000000] Disabled fast string operations
[    0.000000] BIOS-provided physical RAM map:
[    0.000000]  BIOS-e820: 0000000000000000 - 000000000009f000 (usable)
[    0.000000]  BIOS-e820: 000000000009f000 - 00000000000a0000 (reserved)
[    0.000000]  BIOS-e820: 00000000000ca000 - 00000000000cc000 (reserved)
[    0.000000]  BIOS-e820: 00000000000dc000 - 0000000000100000 (reserved)
[    0.000000]  BIOS-e820: 0000000000100000 - 000000003fee0000 (usable)
[    0.000000]  BIOS-e820: 000000003fee0000 - 000000003feff000 (ACPI data)
[    0.000000]  BIOS-e820: 000000003feff000 - 000000003ff00000 (ACPI NVS)
[    0.000000]  BIOS-e820: 000000003ff00000 - 0000000040000000 (usable)
[    0.000000]  BIOS-e820: 00000000e0000000 - 00000000f0000000 (reserved)
[    0.000000]  BIOS-e820: 00000000fec00000 - 00000000fec10000 (reserved)
[    0.000000]  BIOS-e820: 00000000fee00000 - 00000000fee01000 (reserved)
[    0.000000]  BIOS-e820: 00000000fffe0000 - 0000000100000000 (reserved)
[    0.000000] NX (Execute Disable) protection: active
[    0.000000] DMI present.
[    0.000000] DMI: VMware, Inc. VMware Virtual Platform/440BX Desktop Reference Platform, BIOS 6.00 07/02/2012
[    0.000000] Hypervisor detected: VMware
[    0.000000] e820 update range: 0000000000000000 - 0000000000010000 (usable) ==> (reserved)
[    0.000000] e820 remove range: 00000000000a0000 - 0000000000100000 (usable)
[    0.000000] last_pfn = 0x40000 max_arch_pfn = 0x1000000
[    0.000000] MTRR default type: uncachable
[    0.000000] MTRR fixed ranges enabled:
[    0.000000]   00000-9FFFF write-back
[    0.000000]   A0000-BFFFF uncachable
[    0.000000]   C0000-CBFFF write-protect
[    0.000000]   CC000-EFFFF uncachable
[    0.000000]   F0000-FFFFF write-protect
[    0.000000] MTRR variable ranges enabled:
[    0.000000]   0 base 0000000000 mask FFC0000000 write-back
[    0.000000]   1 disabled
[    0.000000]   2 disabled
[    0.000000]   3 disabled
[    0.000000]   4 disabled
[    0.000000]   5 disabled
[    0.000000]   6 disabled
[    0.000000]   7 disabled
[    0.000000] x86 PAT enabled: cpu 0, old 0x0, new 0x7010600070106
[    0.000000] found SMP MP-table at [c00f6bf0] f6bf0
[    0.000000] initial memory mapped : 0 - 02000000
[    0.000000] Base memory trampoline at [c009b000] 9b000 size 16384
[    0.000000] init_memory_mapping: 0000000000000000-0000000037bfe000
[    0.000000]  0000000000 - 0000200000 page 4k
[    0.000000]  0000200000 - 0037a00000 page 2M
[    0.000000]  0037a00000 - 0037bfe000 page 4k
[    0.000000] kernel direct mapping tables up to 37bfe000 @ 1ffb000-2000000
[    0.000000] RAMDISK: 364ea000 - 3726d000
[    0.000000] ACPI: RSDP 000f6b80 00024 (v02 PTLTD )
[    0.000000] ACPI: XSDT 3feed636 0005C (v01 INTEL  440BX    06040000 VMW  01324272)
[    0.000000] ACPI: FACP 3fefee98 000F4 (v04 INTEL  440BX    06040000 PTL  000F4240)
[    0.000000] ACPI: DSDT 3feee366 10B32 (v01 PTLTD  Custom   06040000 MSFT 03000001)
[    0.000000] ACPI: FACS 3fefffc0 00040
[    0.000000] ACPI: BOOT 3feee33e 00028 (v01 PTLTD  $SBFTBL$ 06040000  LTP 00000001)
[    0.000000] ACPI: APIC 3feedc3e 003C2 (v01 PTLTD  ? APIC   06040000  LTP 00000000)
[    0.000000] ACPI: MCFG 3feedc02 0003C (v01 PTLTD  $PCITBL$ 06040000  LTP 00000001)
[    0.000000] ACPI: SRAT 3feed732 004D0 (v02 VMWARE MEMPLUG  06040000 VMW  00000001)
[    0.000000] ACPI: HPET 3feed6fa 00038 (v01 VMWARE VMW HPET 06040000 VMW  00000001)
[    0.000000] ACPI: WAET 3feed6d2 00028 (v01 VMWARE VMW WAET 06040000 VMW  00000001)
[    0.000000] ACPI: Local APIC address 0xfee00000
[    0.000000] 132MB HIGHMEM available.
[    0.000000] 891MB LOWMEM available.
[    0.000000]   mapped low ram: 0 - 37bfe000
[    0.000000]   low ram: 0 - 37bfe000
[    0.000000] Zone PFN ranges:
[    0.000000]   DMA      0x00000010 -> 0x00001000
[    0.000000]   Normal   0x00001000 -> 0x00037bfe
[    0.000000]   HighMem  0x00037bfe -> 0x00040000
[    0.000000] Movable zone start PFN for each node
[    0.000000] early_node_map[3] active PFN ranges
[    0.000000]     0: 0x00000010 -> 0x0000009f
[    0.000000]     0: 0x00000100 -> 0x0003fee0
[    0.000000]     0: 0x0003ff00 -> 0x00040000
[    0.000000] On node 0 totalpages: 261999
[    0.000000] free_area_init_node: node 0, pgdat c1866a40, node_mem_map f73fd200
[    0.000000]   DMA zone: 32 pages used for memmap
[    0.000000]   DMA zone: 0 pages reserved
[    0.000000]   DMA zone: 3951 pages, LIFO batch:0
[    0.000000]   Normal zone: 1752 pages used for memmap
[    0.000000]   Normal zone: 222502 pages, LIFO batch:31
[    0.000000]   HighMem zone: 265 pages used for memmap
[    0.000000]   HighMem zone: 33497 pages, LIFO batch:7
[    0.000000] Using APIC driver default
[    0.000000] ACPI: PM-Timer IO Port: 0x1008
[    0.000000] ACPI: Local APIC address 0xfee00000
[    0.000000] ACPI: LAPIC (acpi_id[0x00] lapic_id[0x00] enabled)
[    0.000000] ACPI: LAPIC (acpi_id[0x01] lapic_id[0x02] disabled)
[    0.000000] ACPI: LAPIC (acpi_id[0x02] lapic_id[0x04] disabled)
[    0.000000] ACPI: LAPIC (acpi_id[0x03] lapic_id[0x06] disabled)
[    0.000000] ACPI: LAPIC (acpi_id[0x04] lapic_id[0x08] disabled)
[    0.000000] ACPI: LAPIC (acpi_id[0x05] lapic_id[0x0a] disabled)
[    0.000000] ACPI: LAPIC (acpi_id[0x06] lapic_id[0x0c] disabled)
[    0.000000] ACPI: LAPIC (acpi_id[0x07] lapic_id[0x0e] disabled)
[    0.000000] ACPI: LAPIC (acpi_id[0x08] lapic_id[0x10] disabled)
[    0.000000] ACPI: LAPIC (acpi_id[0x09] lapic_id[0x12] disabled)
[    0.000000] ACPI: LAPIC (acpi_id[0x0a] lapic_id[0x14] disabled)
[    0.000000] ACPI: LAPIC (acpi_id[0x0b] lapic_id[0x16] disabled)
[    0.000000] ACPI: LAPIC (acpi_id[0x0c] lapic_id[0x18] disabled)
[    0.000000] ACPI: LAPIC (acpi_id[0x0d] lapic_id[0x1a] disabled)
[    0.000000] ACPI: LAPIC (acpi_id[0x0e] lapic_id[0x1c] disabled)
[    0.000000] ACPI: LAPIC (acpi_id[0x0f] lapic_id[0x1e] disabled)
[    0.000000] ACPI: LAPIC (acpi_id[0x10] lapic_id[0x20] disabled)
[    0.000000] ACPI: LAPIC (acpi_id[0x11] lapic_id[0x22] disabled)
[    0.000000] ACPI: LAPIC (acpi_id[0x12] lapic_id[0x24] disabled)
[    0.000000] ACPI: LAPIC (acpi_id[0x13] lapic_id[0x26] disabled)
[    0.000000] ACPI: LAPIC (acpi_id[0x14] lapic_id[0x28] disabled)
[    0.000000] ACPI: LAPIC (acpi_id[0x15] lapic_id[0x2a] disabled)
[    0.000000] ACPI: LAPIC (acpi_id[0x16] lapic_id[0x2c] disabled)
[    0.000000] ACPI: LAPIC (acpi_id[0x17] lapic_id[0x2e] disabled)
[    0.000000] ACPI: LAPIC (acpi_id[0x18] lapic_id[0x30] disabled)
[    0.000000] ACPI: LAPIC (acpi_id[0x19] lapic_id[0x32] disabled)
[    0.000000] ACPI: LAPIC (acpi_id[0x1a] lapic_id[0x34] disabled)
[    0.000000] ACPI: LAPIC (acpi_id[0x1b] lapic_id[0x36] disabled)
[    0.000000] ACPI: LAPIC (acpi_id[0x1c] lapic_id[0x38] disabled)
[    0.000000] ACPI: LAPIC (acpi_id[0x1d] lapic_id[0x3a] disabled)
[    0.000000] ACPI: LAPIC (acpi_id[0x1e] lapic_id[0x3c] disabled)
[    0.000000] ACPI: LAPIC (acpi_id[0x1f] lapic_id[0x3e] disabled)
[    0.000000] ACPI: LAPIC (acpi_id[0x20] lapic_id[0x40] disabled)
[    0.000000] ACPI: LAPIC (acpi_id[0x21] lapic_id[0x42] disabled)
[    0.000000] ACPI: LAPIC (acpi_id[0x22] lapic_id[0x44] disabled)
[    0.000000] ACPI: LAPIC (acpi_id[0x23] lapic_id[0x46] disabled)
[    0.000000] ACPI: LAPIC (acpi_id[0x24] lapic_id[0x48] disabled)
[    0.000000] ACPI: LAPIC (acpi_id[0x25] lapic_id[0x4a] disabled)
[    0.000000] ACPI: LAPIC (acpi_id[0x26] lapic_id[0x4c] disabled)
[    0.000000] ACPI: LAPIC (acpi_id[0x27] lapic_id[0x4e] disabled)
[    0.000000] ACPI: LAPIC (acpi_id[0x28] lapic_id[0x50] disabled)
[    0.000000] ACPI: LAPIC (acpi_id[0x29] lapic_id[0x52] disabled)
[    0.000000] ACPI: LAPIC (acpi_id[0x2a] lapic_id[0x54] disabled)
[    0.000000] ACPI: LAPIC (acpi_id[0x2b] lapic_id[0x56] disabled)
[    0.000000] ACPI: LAPIC (acpi_id[0x2c] lapic_id[0x58] disabled)
[    0.000000] ACPI: LAPIC (acpi_id[0x2d] lapic_id[0x5a] disabled)
[    0.000000] ACPI: LAPIC (acpi_id[0x2e] lapic_id[0x5c] disabled)
[    0.000000] ACPI: LAPIC (acpi_id[0x2f] lapic_id[0x5e] disabled)
[    0.000000] ACPI: LAPIC (acpi_id[0x30] lapic_id[0x60] disabled)
[    0.000000] ACPI: LAPIC (acpi_id[0x31] lapic_id[0x62] disabled)
[    0.000000] ACPI: LAPIC (acpi_id[0x32] lapic_id[0x64] disabled)
[    0.000000] ACPI: LAPIC (acpi_id[0x33] lapic_id[0x66] disabled)
[    0.000000] ACPI: LAPIC (acpi_id[0x34] lapic_id[0x68] disabled)
[    0.000000] ACPI: LAPIC (acpi_id[0x35] lapic_id[0x6a] disabled)
[    0.000000] ACPI: LAPIC (acpi_id[0x36] lapic_id[0x6c] disabled)
[    0.000000] ACPI: LAPIC (acpi_id[0x37] lapic_id[0x6e] disabled)
[    0.000000] ACPI: LAPIC (acpi_id[0x38] lapic_id[0x70] disabled)
[    0.000000] ACPI: LAPIC (acpi_id[0x39] lapic_id[0x72] disabled)
[    0.000000] ACPI: LAPIC (acpi_id[0x3a] lapic_id[0x74] disabled)
[    0.000000] ACPI: LAPIC (acpi_id[0x3b] lapic_id[0x76] disabled)
[    0.000000] ACPI: LAPIC (acpi_id[0x3c] lapic_id[0x78] disabled)
[    0.000000] ACPI: LAPIC (acpi_id[0x3d] lapic_id[0x7a] disabled)
[    0.000000] ACPI: LAPIC (acpi_id[0x3e] lapic_id[0x7c] disabled)
[    0.000000] ACPI: LAPIC (acpi_id[0x3f] lapic_id[0x7e] disabled)
[    0.000000] ACPI: LAPIC_NMI (acpi_id[0x00] high edge lint[0x1])
[    0.000000] ACPI: LAPIC_NMI (acpi_id[0x01] high edge lint[0x1])
[    0.000000] ACPI: LAPIC_NMI (acpi_id[0x02] high edge lint[0x1])
[    0.000000] ACPI: LAPIC_NMI (acpi_id[0x03] high edge lint[0x1])
[    0.000000] ACPI: LAPIC_NMI (acpi_id[0x04] high edge lint[0x1])
[    0.000000] ACPI: LAPIC_NMI (acpi_id[0x05] high edge lint[0x1])
[    0.000000] ACPI: LAPIC_NMI (acpi_id[0x06] high edge lint[0x1])
[    0.000000] ACPI: LAPIC_NMI (acpi_id[0x07] high edge lint[0x1])
[    0.000000] ACPI: LAPIC_NMI (acpi_id[0x08] high edge lint[0x1])
[    0.000000] ACPI: LAPIC_NMI (acpi_id[0x09] high edge lint[0x1])
[    0.000000] ACPI: LAPIC_NMI (acpi_id[0x0a] high edge lint[0x1])
[    0.000000] ACPI: LAPIC_NMI (acpi_id[0x0b] high edge lint[0x1])
[    0.000000] ACPI: LAPIC_NMI (acpi_id[0x0c] high edge lint[0x1])
[    0.000000] ACPI: LAPIC_NMI (acpi_id[0x0d] high edge lint[0x1])
[    0.000000] ACPI: LAPIC_NMI (acpi_id[0x0e] high edge lint[0x1])
[    0.000000] ACPI: LAPIC_NMI (acpi_id[0x0f] high edge lint[0x1])
[    0.000000] ACPI: LAPIC_NMI (acpi_id[0x10] high edge lint[0x1])
[    0.000000] ACPI: LAPIC_NMI (acpi_id[0x11] high edge lint[0x1])
[    0.000000] ACPI: LAPIC_NMI (acpi_id[0x12] high edge lint[0x1])
[    0.000000] ACPI: LAPIC_NMI (acpi_id[0x13] high edge lint[0x1])
[    0.000000] ACPI: LAPIC_NMI (acpi_id[0x14] high edge lint[0x1])
[    0.000000] ACPI: LAPIC_NMI (acpi_id[0x15] high edge lint[0x1])
[    0.000000] ACPI: LAPIC_NMI (acpi_id[0x16] high edge lint[0x1])
[    0.000000] ACPI: LAPIC_NMI (acpi_id[0x17] high edge lint[0x1])
[    0.000000] ACPI: LAPIC_NMI (acpi_id[0x18] high edge lint[0x1])
[    0.000000] ACPI: LAPIC_NMI (acpi_id[0x19] high edge lint[0x1])
[    0.000000] ACPI: LAPIC_NMI (acpi_id[0x1a] high edge lint[0x1])
[    0.000000] ACPI: LAPIC_NMI (acpi_id[0x1b] high edge lint[0x1])
[    0.000000] ACPI: LAPIC_NMI (acpi_id[0x1c] high edge lint[0x1])
[    0.000000] ACPI: LAPIC_NMI (acpi_id[0x1d] high edge lint[0x1])
[    0.000000] ACPI: LAPIC_NMI (acpi_id[0x1e] high edge lint[0x1])
[    0.000000] ACPI: LAPIC_NMI (acpi_id[0x1f] high edge lint[0x1])
[    0.000000] ACPI: LAPIC_NMI (acpi_id[0x20] high edge lint[0x1])
[    0.000000] ACPI: LAPIC_NMI (acpi_id[0x21] high edge lint[0x1])
[    0.000000] ACPI: LAPIC_NMI (acpi_id[0x22] high edge lint[0x1])
[    0.000000] ACPI: LAPIC_NMI (acpi_id[0x23] high edge lint[0x1])
[    0.000000] ACPI: LAPIC_NMI (acpi_id[0x24] high edge lint[0x1])
[    0.000000] ACPI: LAPIC_NMI (acpi_id[0x25] high edge lint[0x1])
[    0.000000] ACPI: LAPIC_NMI (acpi_id[0x26] high edge lint[0x1])
[    0.000000] ACPI: LAPIC_NMI (acpi_id[0x27] high edge lint[0x1])
[    0.000000] ACPI: LAPIC_NMI (acpi_id[0x28] high edge lint[0x1])
[    0.000000] ACPI: LAPIC_NMI (acpi_id[0x29] high edge lint[0x1])
[    0.000000] ACPI: LAPIC_NMI (acpi_id[0x2a] high edge lint[0x1])
[    0.000000] ACPI: LAPIC_NMI (acpi_id[0x2b] high edge lint[0x1])
[    0.000000] ACPI: LAPIC_NMI (acpi_id[0x2c] high edge lint[0x1])
[    0.000000] ACPI: LAPIC_NMI (acpi_id[0x2d] high edge lint[0x1])
[    0.000000] ACPI: LAPIC_NMI (acpi_id[0x2e] high edge lint[0x1])
[    0.000000] ACPI: LAPIC_NMI (acpi_id[0x2f] high edge lint[0x1])
[    0.000000] ACPI: LAPIC_NMI (acpi_id[0x30] high edge lint[0x1])
[    0.000000] ACPI: LAPIC_NMI (acpi_id[0x31] high edge lint[0x1])
[    0.000000] ACPI: LAPIC_NMI (acpi_id[0x32] high edge lint[0x1])
[    0.000000] ACPI: LAPIC_NMI (acpi_id[0x33] high edge lint[0x1])
[    0.000000] ACPI: LAPIC_NMI (acpi_id[0x34] high edge lint[0x1])
[    0.000000] ACPI: LAPIC_NMI (acpi_id[0x35] high edge lint[0x1])
[    0.000000] ACPI: LAPIC_NMI (acpi_id[0x36] high edge lint[0x1])
[    0.000000] ACPI: LAPIC_NMI (acpi_id[0x37] high edge lint[0x1])
[    0.000000] ACPI: LAPIC_NMI (acpi_id[0x38] high edge lint[0x1])
[    0.000000] ACPI: LAPIC_NMI (acpi_id[0x39] high edge lint[0x1])
[    0.000000] ACPI: LAPIC_NMI (acpi_id[0x3a] high edge lint[0x1])
[    0.000000] ACPI: LAPIC_NMI (acpi_id[0x3b] high edge lint[0x1])
[    0.000000] ACPI: LAPIC_NMI (acpi_id[0x3c] high edge lint[0x1])
[    0.000000] ACPI: LAPIC_NMI (acpi_id[0x3d] high edge lint[0x1])
[    0.000000] ACPI: LAPIC_NMI (acpi_id[0x3e] high edge lint[0x1])
[    0.000000] ACPI: LAPIC_NMI (acpi_id[0x3f] high edge lint[0x1])
[    0.000000] ACPI: Skipping IOAPIC probe due to 'noapic' option.
[    0.000000] Using ACPI for processor (LAPIC) configuration information
[    0.000000] ACPI: HPET id: 0x8086af01 base: 0xfed00000
[    0.000000] Intel MultiProcessor Specification v1.4
[    0.000000]     Virtual Wire compatibility mode.
[    0.000000] MPTABLE: OEM ID: INTEL   
[    0.000000] MPTABLE: Product ID: 440BX       
[    0.000000] MPTABLE: APIC at: 0xFEE00000
[    0.000000] IOAPIC[0]: apic_id 1, version 17, address 0xfec00000, GSI 0-23
[    0.000000] Processors: 1
[    0.000000] SMP: Allowing 1 CPUs, 0 hotplug CPUs
[    0.000000] nr_irqs_gsi: 40
[    0.000000] PM: Registered nosave memory: 000000000009f000 - 00000000000a0000
[    0.000000] PM: Registered nosave memory: 00000000000a0000 - 00000000000ca000
[    0.000000] PM: Registered nosave memory: 00000000000ca000 - 00000000000cc000
[    0.000000] PM: Registered nosave memory: 00000000000cc000 - 00000000000dc000
[    0.000000] PM: Registered nosave memory: 00000000000dc000 - 0000000000100000
[    0.000000] Allocating PCI resources starting at 40000000 (gap: 40000000:a0000000)
[    0.000000] Booting paravirtualized kernel on bare hardware
[    0.000000] setup_percpu: NR_CPUS:8 nr_cpumask_bits:8 nr_cpu_ids:1 nr_node_ids:1
[    0.000000] PERCPU: Embedded 14 pages/cpu @f73e8000 s34240 r0 d23104 u57344
[    0.000000] pcpu-alloc: s34240 r0 d23104 u57344 alloc=14*4096
[    0.000000] pcpu-alloc: [0] 0 
[    0.000000] Built 1 zonelists in Zone order, mobility grouping on.  Total pages: 259950
[    0.000000] Kernel command line: BOOT_IMAGE=/boot/vmlinuz-3.2.0-29-generic-pae root=UUID=007b598c-390d-4c65-84a1-4ff752d48633 ro quiet splash maxcpus=0
[    0.000000] PID hash table entries: 4096 (order: 2, 16384 bytes)
[    0.000000] Dentry cache hash table entries: 131072 (order: 7, 524288 bytes)
[    0.000000] Inode-cache hash table entries: 65536 (order: 6, 262144 bytes)
[    0.000000] Initializing CPU#0
[    0.000000] xsave/xrstor: enabled xstate_bv 0x7, cntxt size 0x340
[    0.000000] allocated 4194048 bytes of page_cgroup
[    0.000000] please try 'cgroup_disable=memory' option if you don't want memory cgroups
[    0.000000] Initializing HighMem for node 0 (00037bfe:00040000)
[    0.000000] Memory: 1010624k/1048576k available (5814k kernel code, 37372k reserved, 2841k data, 740k init, 135048k highmem)
[    0.000000] virtual kernel memory layout:
[    0.000000]     fixmap  : 0xfff16000 - 0xfffff000   ( 932 kB)
[    0.000000]     pkmap   : 0xffc00000 - 0xffe00000   (2048 kB)
[    0.000000]     vmalloc : 0xf83fe000 - 0xffbfe000   ( 120 MB)
[    0.000000]     lowmem  : 0xc0000000 - 0xf7bfe000   ( 891 MB)
[    0.000000]       .init : 0xc1875000 - 0xc192e000   ( 740 kB)
[    0.000000]       .data : 0xc15adb64 - 0xc1874240   (2841 kB)
[    0.000000]       .text : 0xc1000000 - 0xc15adb64   (5814 kB)
[    0.000000] Checking if this processor honours the WP bit even in supervisor mode...Ok.
[    0.000000] SLUB: Genslabs=15, HWalign=64, Order=0-3, MinObjects=0, CPUs=1, Nodes=1
[    0.000000] Hierarchical RCU implementation.
[    0.000000] 	RCU dyntick-idle grace-period acceleration is enabled.
[    0.000000] NR_IRQS:2304 nr_irqs:256 16
[    0.000000] CPU 0 irqstacks, hard=f5c08000 soft=f5c0a000
[    0.000000] Extended CMOS year: 2000
[    0.000000] Console: colour VGA+ 80x25
[    0.000000] console [tty0] enabled
[    0.000000] hpet clockevent registered
[    0.000000] TSC freq read from hypervisor : 2394.620 MHz
[    0.000000] Detected 2394.620 MHz processor.
[    0.000001] Calibrating delay loop (skipped) preset value.. 4789.24 BogoMIPS (lpj=9578480)
[    0.000004] pid_max: default: 32768 minimum: 301
[    0.000019] Security Framework initialized
[    0.000034] AppArmor: AppArmor initialized
[    0.000035] Yama: becoming mindful.
[    0.000070] Mount-cache hash table entries: 512
[    0.000149] Initializing cgroup subsys cpuacct
[    0.000153] Initializing cgroup subsys memory
[    0.000157] Initializing cgroup subsys devices
[    0.000159] Initializing cgroup subsys freezer
[    0.000160] Initializing cgroup subsys blkio
[    0.000165] Initializing cgroup subsys perf_event
[    0.000208] Disabled fast string operations
[    0.000212] CPU: Physical Processor ID: 0
[    0.000221] ENERGY_PERF_BIAS: Set to 'normal', was 'performance'
[    0.000222] ENERGY_PERF_BIAS: View and update with x86_energy_perf_policy(8)
[    0.000867] mce: CPU supports 0 MCE banks
[    0.001609] SMP alternatives: switching to UP code
[    0.021001] Freeing SMP alternatives: 24k freed
[    0.021006] ACPI: Core revision 20110623
[    0.027261] ACPI: setting ELCR to 0200 (from 0e20)
[    0.028889] ftrace: allocating 26545 entries in 52 pages
[    0.049522] SMP mode deactivated.
[    0.049560] SMP disabled
[    0.049563] Performance Events: generic architected perfmon v1, core PMU driver.
[    0.049577] ... version:                1
[    0.049579] ... bit width:              48
[    0.049580] ... generic registers:      4
[    0.049581] ... value mask:             0000ffffffffffff
[    0.049583] ... max period:             000000007fffffff
[    0.049584] ... fixed-purpose events:   0
[    0.049585] ... event mask:             000000000000000f
[    0.049728] NMI watchdog enabled, takes one hw-pmu counter.
[    0.049760] Brought up 1 CPUs
[    0.049761] Total of 1 processors activated (4789.24 BogoMIPS).
[    0.049870] devtmpfs: initialized
[    0.049941] EVM: security.selinux
[    0.049942] EVM: security.SMACK64
[    0.049943] EVM: security.capability
[    0.049968] PM: Registering ACPI NVS region at 3feff000 (4096 bytes)
[    0.050687] print_constraints: dummy: 
[    0.050763] RTC time:  6:41:06, date: 05/27/13
[    0.050791] NET: Registered protocol family 16
[    0.050863] EISA bus registered
[    0.050874] ACPI: bus type pci registered
[    0.051019] PCI: MMCONFIG for domain 0000 [bus 00-ff] at [mem 0xe0000000-0xefffffff] (base 0xe0000000)
[    0.051021] PCI: MMCONFIG at [mem 0xe0000000-0xefffffff] reserved in E820
[    0.051023] PCI: Using MMCONFIG for extended config space
[    0.051024] PCI: Using configuration type 1 for base access
[    0.051706] bio: create slab <bio-0> at 0
[    0.051770] ACPI: Added _OSI(Module Device)
[    0.051771] ACPI: Added _OSI(Processor Device)
[    0.051773] ACPI: Added _OSI(3.0 _SCP Extensions)
[    0.051774] ACPI: Added _OSI(Processor Aggregator Device)
[    0.053711] ACPI: EC: Look up EC in DSDT
[    0.058203] [Firmware Bug]: ACPI: BIOS _OSI(Linux) query ignored
[    0.066215] ACPI: Interpreter enabled
[    0.066224] ACPI: (supports S0 S1 S4 S5)
[    0.066233] ACPI: Using PIC for interrupt routing
[    0.107456] ACPI: No dock devices found.
[    0.107459] HEST: Table not found.
[    0.107464] PCI: Using host bridge windows from ACPI; if necessary, use "pci=nocrs" and report a bug
[    0.108197] ACPI: PCI Root Bridge [PCI0] (domain 0000 [bus 00-ff])
[    0.109416] pci_root PNP0A03:00: host bridge window [mem 0x000a0000-0x000bffff]
[    0.109418] pci_root PNP0A03:00: host bridge window [mem 0x000cc000-0x000cffff]
[    0.109420] pci_root PNP0A03:00: host bridge window [mem 0x000d0000-0x000d3fff]
[    0.109421] pci_root PNP0A03:00: host bridge window [mem 0x000d4000-0x000d7fff]
[    0.109423] pci_root PNP0A03:00: host bridge window [mem 0x000d8000-0x000dbfff]
[    0.109425] pci_root PNP0A03:00: host bridge window [mem 0xc0000000-0xfebfffff]
[    0.109426] pci_root PNP0A03:00: host bridge window [io  0x0000-0x0cf7]
[    0.109428] pci_root PNP0A03:00: host bridge window [io  0x0d00-0xfeff]
[    0.109481] pci 0000:00:00.0: [8086:7190] type 0 class 0x000600
[    0.109933] pci 0000:00:01.0: [8086:7191] type 1 class 0x000604
[    0.110348] pci 0000:00:07.0: [8086:7110] type 0 class 0x000601
[    0.111025] pci 0000:00:07.1: [8086:7111] type 0 class 0x000101
[    0.112592] pci 0000:00:07.1: reg 20: [io  0x10c0-0x10cf]
[    0.113339] pci 0000:00:07.3: [8086:7113] type 0 class 0x000680
[    0.115820] pci 0000:00:07.3: quirk: [io  0x1000-0x103f] claimed by PIIX4 ACPI
[    0.115838] pci 0000:00:07.3: quirk: [io  0x1040-0x104f] claimed by PIIX4 SMB
[    0.116160] pci 0000:00:07.7: [15ad:0740] type 0 class 0x000880
[    0.116864] pci 0000:00:07.7: reg 10: [io  0x1080-0x10bf]
[    0.117742] pci 0000:00:07.7: reg 14: [mem 0xc8000000-0xc8001fff 64bit]
[    0.120470] pci 0000:00:0f.0: [15ad:0405] type 0 class 0x000300
[    0.122491] pci 0000:00:0f.0: reg 10: [io  0x10d0-0x10df]
[    0.124460] pci 0000:00:0f.0: reg 14: [mem 0xd0000000-0xd7ffffff pref]
[    0.126419] pci 0000:00:0f.0: reg 18: [mem 0xc8800000-0xc8ffffff]
[    0.134244] pci 0000:00:0f.0: reg 30: [mem 0x00000000-0x00007fff pref]
[    0.134540] pci 0000:00:10.0: [1000:0030] type 0 class 0x000100
[    0.135088] pci 0000:00:10.0: reg 10: [io  0x1400-0x14ff]
[    0.135809] pci 0000:00:10.0: reg 14: [mem 0xc8040000-0xc805ffff 64bit]
[    0.136521] pci 0000:00:10.0: reg 1c: [mem 0xc8020000-0xc803ffff 64bit]
[    0.137556] pci 0000:00:10.0: reg 30: [mem 0x00000000-0x00003fff pref]
[    0.137704] pci 0000:00:11.0: [15ad:0790] type 1 class 0x000604
[    0.138359] pci 0000:00:15.0: [15ad:07a0] type 1 class 0x000604
[    0.139043] pci 0000:00:15.0: PME# supported from D0 D3hot D3cold
[    0.139065] pci 0000:00:15.0: PME# disabled
[    0.139278] pci 0000:00:15.1: [15ad:07a0] type 1 class 0x000604
[    0.139978] pci 0000:00:15.1: PME# supported from D0 D3hot D3cold
[    0.139999] pci 0000:00:15.1: PME# disabled
[    0.140212] pci 0000:00:15.2: [15ad:07a0] type 1 class 0x000604
[    0.140922] pci 0000:00:15.2: PME# supported from D0 D3hot D3cold
[    0.140943] pci 0000:00:15.2: PME# disabled
[    0.141156] pci 0000:00:15.3: [15ad:07a0] type 1 class 0x000604
[    0.141859] pci 0000:00:15.3: PME# supported from D0 D3hot D3cold
[    0.141880] pci 0000:00:15.3: PME# disabled
[    0.142093] pci 0000:00:15.4: [15ad:07a0] type 1 class 0x000604
[    0.142819] pci 0000:00:15.4: PME# supported from D0 D3hot D3cold
[    0.142840] pci 0000:00:15.4: PME# disabled
[    0.143061] pci 0000:00:15.5: [15ad:07a0] type 1 class 0x000604
[    0.143772] pci 0000:00:15.5: PME# supported from D0 D3hot D3cold
[    0.143795] pci 0000:00:15.5: PME# disabled
[    0.144008] pci 0000:00:15.6: [15ad:07a0] type 1 class 0x000604
[    0.144690] pci 0000:00:15.6: PME# supported from D0 D3hot D3cold
[    0.144711] pci 0000:00:15.6: PME# disabled
[    0.144925] pci 0000:00:15.7: [15ad:07a0] type 1 class 0x000604
[    0.145753] pci 0000:00:15.7: PME# supported from D0 D3hot D3cold
[    0.145778] pci 0000:00:15.7: PME# disabled
[    0.146020] pci 0000:00:16.0: [15ad:07a0] type 1 class 0x000604
[    0.146792] pci 0000:00:16.0: PME# supported from D0 D3hot D3cold
[    0.146816] pci 0000:00:16.0: PME# disabled
[    0.147055] pci 0000:00:16.1: [15ad:07a0] type 1 class 0x000604
[    0.147848] pci 0000:00:16.1: PME# supported from D0 D3hot D3cold
[    0.147873] pci 0000:00:16.1: PME# disabled
[    0.148112] pci 0000:00:16.2: [15ad:07a0] type 1 class 0x000604
[    0.148882] pci 0000:00:16.2: PME# supported from D0 D3hot D3cold
[    0.148906] pci 0000:00:16.2: PME# disabled
[    0.149145] pci 0000:00:16.3: [15ad:07a0] type 1 class 0x000604
[    0.149924] pci 0000:00:16.3: PME# supported from D0 D3hot D3cold
[    0.149948] pci 0000:00:16.3: PME# disabled
[    0.150186] pci 0000:00:16.4: [15ad:07a0] type 1 class 0x000604
[    0.151106] pci 0000:00:16.4: PME# supported from D0 D3hot D3cold
[    0.151135] pci 0000:00:16.4: PME# disabled
[    0.151444] pci 0000:00:16.5: [15ad:07a0] type 1 class 0x000604
[    0.152398] pci 0000:00:16.5: PME# supported from D0 D3hot D3cold
[    0.152428] pci 0000:00:16.5: PME# disabled
[    0.152719] pci 0000:00:16.6: [15ad:07a0] type 1 class 0x000604
[    0.153660] pci 0000:00:16.6: PME# supported from D0 D3hot D3cold
[    0.153689] pci 0000:00:16.6: PME# disabled
[    0.153981] pci 0000:00:16.7: [15ad:07a0] type 1 class 0x000604
[    0.154914] pci 0000:00:16.7: PME# supported from D0 D3hot D3cold
[    0.154943] pci 0000:00:16.7: PME# disabled
[    0.155235] pci 0000:00:17.0: [15ad:07a0] type 1 class 0x000604
[    0.156194] pci 0000:00:17.0: PME# supported from D0 D3hot D3cold
[    0.156222] pci 0000:00:17.0: PME# disabled
[    0.156522] pci 0000:00:17.1: [15ad:07a0] type 1 class 0x000604
[    0.157464] pci 0000:00:17.1: PME# supported from D0 D3hot D3cold
[    0.157493] pci 0000:00:17.1: PME# disabled
[    0.157784] pci 0000:00:17.2: [15ad:07a0] type 1 class 0x000604
[    0.158727] pci 0000:00:17.2: PME# supported from D0 D3hot D3cold
[    0.158756] pci 0000:00:17.2: PME# disabled
[    0.159048] pci 0000:00:17.3: [15ad:07a0] type 1 class 0x000604
[    0.160007] pci 0000:00:17.3: PME# supported from D0 D3hot D3cold
[    0.160037] pci 0000:00:17.3: PME# disabled
[    0.160339] pci 0000:00:17.4: [15ad:07a0] type 1 class 0x000604
[    0.161273] pci 0000:00:17.4: PME# supported from D0 D3hot D3cold
[    0.161313] pci 0000:00:17.4: PME# disabled
[    0.161613] pci 0000:00:17.5: [15ad:07a0] type 1 class 0x000604
[    0.162556] pci 0000:00:17.5: PME# supported from D0 D3hot D3cold
[    0.162585] pci 0000:00:17.5: PME# disabled
[    0.162876] pci 0000:00:17.6: [15ad:07a0] type 1 class 0x000604
[    0.163832] pci 0000:00:17.6: PME# supported from D0 D3hot D3cold
[    0.163861] pci 0000:00:17.6: PME# disabled
[    0.164153] pci 0000:00:17.7: [15ad:07a0] type 1 class 0x000604
[    0.165100] pci 0000:00:17.7: PME# supported from D0 D3hot D3cold
[    0.165129] pci 0000:00:17.7: PME# disabled
[    0.165431] pci 0000:00:18.0: [15ad:07a0] type 1 class 0x000604
[    0.166382] pci 0000:00:18.0: PME# supported from D0 D3hot D3cold
[    0.166411] pci 0000:00:18.0: PME# disabled
[    0.166705] pci 0000:00:18.1: [15ad:07a0] type 1 class 0x000604
[    0.167645] pci 0000:00:18.1: PME# supported from D0 D3hot D3cold
[    0.167674] pci 0000:00:18.1: PME# disabled
[    0.167983] pci 0000:00:18.2: [15ad:07a0] type 1 class 0x000604
[    0.168917] pci 0000:00:18.2: PME# supported from D0 D3hot D3cold
[    0.168946] pci 0000:00:18.2: PME# disabled
[    0.169237] pci 0000:00:18.3: [15ad:07a0] type 1 class 0x000604
[    0.170180] pci 0000:00:18.3: PME# supported from D0 D3hot D3cold
[    0.170209] pci 0000:00:18.3: PME# disabled
[    0.170502] pci 0000:00:18.4: [15ad:07a0] type 1 class 0x000604
[    0.171446] pci 0000:00:18.4: PME# supported from D0 D3hot D3cold
[    0.171475] pci 0000:00:18.4: PME# disabled
[    0.171798] pci 0000:00:18.5: [15ad:07a0] type 1 class 0x000604
[    0.172629] pci 0000:00:18.5: PME# supported from D0 D3hot D3cold
[    0.172652] pci 0000:00:18.5: PME# disabled
[    0.172868] pci 0000:00:18.6: [15ad:07a0] type 1 class 0x000604
[    0.173570] pci 0000:00:18.6: PME# supported from D0 D3hot D3cold
[    0.173592] pci 0000:00:18.6: PME# disabled
[    0.173806] pci 0000:00:18.7: [15ad:07a0] type 1 class 0x000604
[    0.174497] pci 0000:00:18.7: PME# supported from D0 D3hot D3cold
[    0.174519] pci 0000:00:18.7: PME# disabled
[    0.175058] pci 0000:00:01.0: PCI bridge to [bus 01-01]
[    0.175355] pci 0000:02:00.0: [15ad:0774] type 0 class 0x000c03
[    0.176649] pci 0000:02:00.0: reg 20: [io  0x20c0-0x20df]
[    0.177260] pci 0000:02:01.0: [1022:2000] type 0 class 0x000200
[    0.177539] pci 0000:02:01.0: reg 10: [io  0x2000-0x207f]
[    0.178993] pci 0000:02:01.0: reg 30: [mem 0x00000000-0x0000ffff pref]
[    0.179110] pci 0000:02:02.0: [1274:1371] type 0 class 0x000401
[    0.179439] pci 0000:02:02.0: reg 10: [io  0x2080-0x20bf]
[    0.181302] pci 0000:02:03.0: [15ad:0770] type 0 class 0x000c03
[    0.181559] pci 0000:02:03.0: reg 10: [mem 0xc9000000-0xc9000fff]
[    0.183188] pci 0000:00:11.0: PCI bridge to [bus 02-02] (subtractive decode)
[    0.183209] pci 0000:00:11.0:   bridge window [io  0x2000-0x3fff]
[    0.183230] pci 0000:00:11.0:   bridge window [mem 0xc9000000-0xca3fffff]
[    0.183278] pci 0000:00:11.0:   bridge window [mem 0xd8400000-0xd89fffff 64bit pref]
[    0.183280] pci 0000:00:11.0:   bridge window [mem 0x000a0000-0x000bffff] (subtractive decode)
[    0.183281] pci 0000:00:11.0:   bridge window [mem 0x000cc000-0x000cffff] (subtractive decode)
[    0.183283] pci 0000:00:11.0:   bridge window [mem 0x000d0000-0x000d3fff] (subtractive decode)
[    0.183285] pci 0000:00:11.0:   bridge window [mem 0x000d4000-0x000d7fff] (subtractive decode)
[    0.183286] pci 0000:00:11.0:   bridge window [mem 0x000d8000-0x000dbfff] (subtractive decode)
[    0.183288] pci 0000:00:11.0:   bridge window [mem 0xc0000000-0xfebfffff] (subtractive decode)
[    0.183290] pci 0000:00:11.0:   bridge window [io  0x0000-0x0cf7] (subtractive decode)
[    0.183291] pci 0000:00:11.0:   bridge window [io  0x0d00-0xfeff] (subtractive decode)
[    0.183723] pci 0000:00:15.0: PCI bridge to [bus 03-03]
[    0.183744] pci 0000:00:15.0:   bridge window [io  0x4000-0x4fff]
[    0.183765] pci 0000:00:15.0:   bridge window [mem 0xca400000-0xca4fffff]
[    0.183804] pci 0000:00:15.0:   bridge window [mem 0xd8a00000-0xd8afffff 64bit pref]
[    0.184218] pci 0000:00:15.1: PCI bridge to [bus 04-04]
[    0.184239] pci 0000:00:15.1:   bridge window [io  0x8000-0x8fff]
[    0.184267] pci 0000:00:15.1:   bridge window [mem 0xca800000-0xca8fffff]
[    0.184306] pci 0000:00:15.1:   bridge window [mem 0xd8e00000-0xd8efffff 64bit pref]
[    0.184718] pci 0000:00:15.2: PCI bridge to [bus 05-05]
[    0.184739] pci 0000:00:15.2:   bridge window [io  0xc000-0xcfff]
[    0.184759] pci 0000:00:15.2:   bridge window [mem 0xcac00000-0xcacfffff]
[    0.184799] pci 0000:00:15.2:   bridge window [mem 0xd9200000-0xd92fffff 64bit pref]
[    0.185213] pci 0000:00:15.3: PCI bridge to [bus 06-06]
[    0.185252] pci 0000:00:15.3:   bridge window [mem 0xcb000000-0xcb0fffff]
[    0.185327] pci 0000:00:15.3:   bridge window [mem 0xd9600000-0xd96fffff 64bit pref]
[    0.185899] pci 0000:00:15.4: PCI bridge to [bus 07-07]
[    0.185951] pci 0000:00:15.4:   bridge window [mem 0xcb400000-0xcb4fffff]
[    0.186006] pci 0000:00:15.4:   bridge window [mem 0xd9a00000-0xd9afffff 64bit pref]
[    0.186570] pci 0000:00:15.5: PCI bridge to [bus 08-08]
[    0.186622] pci 0000:00:15.5:   bridge window [mem 0xcb800000-0xcb8fffff]
[    0.186676] pci 0000:00:15.5:   bridge window [mem 0xd9e00000-0xd9efffff 64bit pref]
[    0.187240] pci 0000:00:15.6: PCI bridge to [bus 09-09]
[    0.187293] pci 0000:00:15.6:   bridge window [mem 0xcbc00000-0xcbcfffff]
[    0.187347] pci 0000:00:15.6:   bridge window [mem 0xda200000-0xda2fffff 64bit pref]
[    0.187930] pci 0000:00:15.7: PCI bridge to [bus 0a-0a]
[    0.187984] pci 0000:00:15.7:   bridge window [mem 0xcc000000-0xcc0fffff]
[    0.188039] pci 0000:00:15.7:   bridge window [mem 0xda600000-0xda6fffff 64bit pref]
[    0.188602] pci 0000:00:16.0: PCI bridge to [bus 0b-0b]
[    0.188631] pci 0000:00:16.0:   bridge window [io  0x5000-0x5fff]
[    0.188659] pci 0000:00:16.0:   bridge window [mem 0xca500000-0xca5fffff]
[    0.188713] pci 0000:00:16.0:   bridge window [mem 0xd8b00000-0xd8bfffff 64bit pref]
[    0.189273] pci 0000:00:16.1: PCI bridge to [bus 0c-0c]
[    0.189301] pci 0000:00:16.1:   bridge window [io  0x9000-0x9fff]
[    0.189329] pci 0000:00:16.1:   bridge window [mem 0xca900000-0xca9fffff]
[    0.189382] pci 0000:00:16.1:   bridge window [mem 0xd8f00000-0xd8ffffff 64bit pref]
[    0.189943] pci 0000:00:16.2: PCI bridge to [bus 0d-0d]
[    0.189970] pci 0000:00:16.2:   bridge window [io  0xd000-0xdfff]
[    0.189998] pci 0000:00:16.2:   bridge window [mem 0xcad00000-0xcadfffff]
[    0.190051] pci 0000:00:16.2:   bridge window [mem 0xd9300000-0xd93fffff 64bit pref]
[    0.190628] pci 0000:00:16.3: PCI bridge to [bus 0e-0e]
[    0.190680] pci 0000:00:16.3:   bridge window [mem 0xcb100000-0xcb1fffff]
[    0.190733] pci 0000:00:16.3:   bridge window [mem 0xd9700000-0xd97fffff 64bit pref]
[    0.191295] pci 0000:00:16.4: PCI bridge to [bus 0f-0f]
[    0.191348] pci 0000:00:16.4:   bridge window [mem 0xcb500000-0xcb5fffff]
[    0.191401] pci 0000:00:16.4:   bridge window [mem 0xd9b00000-0xd9bfffff 64bit pref]
[    0.191978] pci 0000:00:16.5: PCI bridge to [bus 10-10]
[    0.192031] pci 0000:00:16.5:   bridge window [mem 0xcb900000-0xcb9fffff]
[    0.192084] pci 0000:00:16.5:   bridge window [mem 0xd9f00000-0xd9ffffff 64bit pref]
[    0.192647] pci 0000:00:16.6: PCI bridge to [bus 11-11]
[    0.192699] pci 0000:00:16.6:   bridge window [mem 0xcbd00000-0xcbdfffff]
[    0.192752] pci 0000:00:16.6:   bridge window [mem 0xda300000-0xda3fffff 64bit pref]
[    0.193315] pci 0000:00:16.7: PCI bridge to [bus 12-12]
[    0.193367] pci 0000:00:16.7:   bridge window [mem 0xcc100000-0xcc1fffff]
[    0.193421] pci 0000:00:16.7:   bridge window [mem 0xda700000-0xda7fffff 64bit pref]
[    0.193981] pci 0000:00:17.0: PCI bridge to [bus 13-13]
[    0.194009] pci 0000:00:17.0:   bridge window [io  0x6000-0x6fff]
[    0.194037] pci 0000:00:17.0:   bridge window [mem 0xca600000-0xca6fffff]
[    0.194090] pci 0000:00:17.0:   bridge window [mem 0xd8c00000-0xd8cfffff 64bit pref]
[    0.194665] pci 0000:00:17.1: PCI bridge to [bus 14-14]
[    0.194693] pci 0000:00:17.1:   bridge window [io  0xa000-0xafff]
[    0.194721] pci 0000:00:17.1:   bridge window [mem 0xcaa00000-0xcaafffff]
[    0.194774] pci 0000:00:17.1:   bridge window [mem 0xd9000000-0xd90fffff 64bit pref]
[    0.195347] pci 0000:00:17.2: PCI bridge to [bus 15-15]
[    0.195374] pci 0000:00:17.2:   bridge window [io  0xe000-0xefff]
[    0.195402] pci 0000:00:17.2:   bridge window [mem 0xcae00000-0xcaefffff]
[    0.195455] pci 0000:00:17.2:   bridge window [mem 0xd9400000-0xd94fffff 64bit pref]
[    0.196035] pci 0000:00:17.3: PCI bridge to [bus 16-16]
[    0.196088] pci 0000:00:17.3:   bridge window [mem 0xcb200000-0xcb2fffff]
[    0.196142] pci 0000:00:17.3:   bridge window [mem 0xd9800000-0xd98fffff 64bit pref]
[    0.196707] pci 0000:00:17.4: PCI bridge to [bus 17-17]
[    0.196759] pci 0000:00:17.4:   bridge window [mem 0xcb600000-0xcb6fffff]
[    0.196812] pci 0000:00:17.4:   bridge window [mem 0xd9c00000-0xd9cfffff 64bit pref]
[    0.197380] pci 0000:00:17.5: PCI bridge to [bus 18-18]
[    0.197424] pci 0000:00:17.5:   bridge window [mem 0xcba00000-0xcbafffff]
[    0.197467] pci 0000:00:17.5:   bridge window [mem 0xda000000-0xda0fffff 64bit pref]
[    0.197929] pci 0000:00:17.6: PCI bridge to [bus 19-19]
[    0.197972] pci 0000:00:17.6:   bridge window [mem 0xcbe00000-0xcbefffff]
[    0.198015] pci 0000:00:17.6:   bridge window [mem 0xda400000-0xda4fffff 64bit pref]
[    0.198479] pci 0000:00:17.7: PCI bridge to [bus 1a-1a]
[    0.198522] pci 0000:00:17.7:   bridge window [mem 0xcc200000-0xcc2fffff]
[    0.198566] pci 0000:00:17.7:   bridge window [mem 0xda800000-0xda8fffff 64bit pref]
[    0.199032] pci 0000:00:18.0: PCI bridge to [bus 1b-1b]
[    0.199061] pci 0000:00:18.0:   bridge window [io  0x7000-0x7fff]
[    0.199084] pci 0000:00:18.0:   bridge window [mem 0xca700000-0xca7fffff]
[    0.199128] pci 0000:00:18.0:   bridge window [mem 0xd8d00000-0xd8dfffff 64bit pref]
[    0.199595] pci 0000:00:18.1: PCI bridge to [bus 1c-1c]
[    0.199618] pci 0000:00:18.1:   bridge window [io  0xb000-0xbfff]
[    0.199641] pci 0000:00:18.1:   bridge window [mem 0xcab00000-0xcabfffff]
[    0.199699] pci 0000:00:18.1:   bridge window [mem 0xd9100000-0xd91fffff 64bit pref]
[    0.200162] pci 0000:00:18.2: PCI bridge to [bus 1d-1d]
[    0.200184] pci 0000:00:18.2:   bridge window [io  0xf000-0xffff]
[    0.200207] pci 0000:00:18.2:   bridge window [mem 0xcaf00000-0xcaffffff]
[    0.200254] pci 0000:00:18.2:   bridge window [mem 0xd9500000-0xd95fffff 64bit pref]
[    0.200719] pci 0000:00:18.3: PCI bridge to [bus 1e-1e]
[    0.200763] pci 0000:00:18.3:   bridge window [mem 0xcb300000-0xcb3fffff]
[    0.200806] pci 0000:00:18.3:   bridge window [mem 0xd9900000-0xd99fffff 64bit pref]
[    0.201319] pci 0000:00:18.4: PCI bridge to [bus 1f-1f]
[    0.201379] pci 0000:00:18.4:   bridge window [mem 0xcb700000-0xcb7fffff]
[    0.201439] pci 0000:00:18.4:   bridge window [mem 0xd9d00000-0xd9dfffff 64bit pref]
[    0.201912] pci 0000:00:18.5: PCI bridge to [bus 20-20]
[    0.201955] pci 0000:00:18.5:   bridge window [mem 0xcbb00000-0xcbbfffff]
[    0.201999] pci 0000:00:18.5:   bridge window [mem 0xda100000-0xda1fffff 64bit pref]
[    0.202463] pci 0000:00:18.6: PCI bridge to [bus 21-21]
[    0.202507] pci 0000:00:18.6:   bridge window [mem 0xcbf00000-0xcbffffff]
[    0.202550] pci 0000:00:18.6:   bridge window [mem 0xda500000-0xda5fffff 64bit pref]
[    0.203011] pci 0000:00:18.7: PCI bridge to [bus 22-22]
[    0.203055] pci 0000:00:18.7:   bridge window [mem 0xcc300000-0xcc3fffff]
[    0.203098] pci 0000:00:18.7:   bridge window [mem 0xda900000-0xda9fffff 64bit pref]
[    0.204838] pci_bus 0000:00: on NUMA node 0
[    0.204844] ACPI: PCI Interrupt Routing Table [\_SB_.PCI0._PRT]
[    0.205549]  pci0000:00: Requesting ACPI _OSC control (0x1d)
[    0.205820]  pci0000:00: ACPI _OSC control (0x15) granted
[    0.279621] ACPI: PCI Interrupt Link [LNKA] (IRQs 3 4 5 6 7 *9 10 11 14 15)
[    0.279695] ACPI: PCI Interrupt Link [LNKB] (IRQs 3 4 5 6 7 9 10 *11 14 15)
[    0.279762] ACPI: PCI Interrupt Link [LNKC] (IRQs 3 4 5 6 7 9 *10 11 14 15)
[    0.279828] ACPI: PCI Interrupt Link [LNKD] (IRQs 3 4 *5 6 7 9 10 11 14 15)
[    0.279963] vgaarb: device added: PCI:0000:00:0f.0,decodes=io+mem,owns=io+mem,locks=none
[    0.279972] vgaarb: loaded
[    0.279973] vgaarb: bridge control possible 0000:00:0f.0
[    0.280050] i2c-core: driver [aat2870] using legacy suspend method
[    0.280051] i2c-core: driver [aat2870] using legacy resume method
[    0.280124] SCSI subsystem initialized
[    0.280166] libata version 3.00 loaded.
[    0.280195] usbcore: registered new interface driver usbfs
[    0.280204] usbcore: registered new interface driver hub
[    0.280226] usbcore: registered new device driver usb
[    0.280289] PCI: Using ACPI for IRQ routing
[    0.353087] PCI: pci_cache_line_size set to 64 bytes
[    0.353109] pci 0000:00:18.2: no compatible bridge window for [io  0xf000-0xffff]
[    0.354161] reserve RAM buffer: 000000000009f000 - 000000000009ffff 
[    0.354164] reserve RAM buffer: 000000003fee0000 - 000000003fffffff 
[    0.354262] NetLabel: Initializing
[    0.354264] NetLabel:  domain hash size = 128
[    0.354264] NetLabel:  protocols = UNLABELED CIPSOv4
[    0.354272] NetLabel:  unlabeled traffic allowed by default
[    0.354407] hpet0: at MMIO 0xfed00000, IRQs 2, 8, 0, 0, 0, 0, 0, 0, 0, 0, 0, 0, 0, 0, 0, 0
[    0.354413] hpet0: 16 comparators, 64-bit 14.318180 MHz counter
[    0.357504] Switching to clocksource hpet
[    0.362824] AppArmor: AppArmor Filesystem Enabled
[    0.362843] pnp: PnP ACPI init
[    0.362859] ACPI: bus type pnp registered
[    0.363509] pnp 00:00: [bus 00-ff]
[    0.363511] pnp 00:00: [mem 0x000a0000-0x000bffff window]
[    0.363513] pnp 00:00: [mem 0x000c0000-0x000c3fff window]
[    0.363514] pnp 00:00: [mem 0x000c4000-0x000c7fff window]
[    0.363516] pnp 00:00: [mem 0x000c8000-0x000cbfff window]
[    0.363517] pnp 00:00: [mem 0x000cc000-0x000cffff window]
[    0.363519] pnp 00:00: [mem 0x000d0000-0x000d3fff window]
[    0.363520] pnp 00:00: [mem 0x000d4000-0x000d7fff window]
[    0.363521] pnp 00:00: [mem 0x000d8000-0x000dbfff window]
[    0.363523] pnp 00:00: [mem 0x000dc000-0x000dffff window]
[    0.363524] pnp 00:00: [mem 0x000e0000-0x000e3fff window]
[    0.363526] pnp 00:00: [mem 0x000e4000-0x000e7fff window]
[    0.363527] pnp 00:00: [mem 0x000e8000-0x000ebfff window]
[    0.363528] pnp 00:00: [mem 0x000ec000-0x000effff window]
[    0.363530] pnp 00:00: [mem 0xc0000000-0xfebfffff window]
[    0.363532] pnp 00:00: [io  0x0cf8-0x0cff]
[    0.363533] pnp 00:00: [io  0x0000-0x0cf7 window]
[    0.363534] pnp 00:00: [io  0x0d00-0xfeff window]
[    0.363572] pnp 00:00: Plug and Play ACPI device, IDs PNP0a03 PNP0a08 (active)
[    0.363635] pnp 00:01: [io  0x0010-0x001f]
[    0.363637] pnp 00:01: [io  0x0024-0x0025]
[    0.363638] pnp 00:01: [io  0x0028-0x0029]
[    0.363639] pnp 00:01: [io  0x002c-0x002d]
[    0.363640] pnp 00:01: [io  0x002e-0x002f]
[    0.363642] pnp 00:01: [io  0x0030-0x0031]
[    0.363643] pnp 00:01: [io  0x0034-0x0035]
[    0.363644] pnp 00:01: [io  0x0038-0x0039]
[    0.363645] pnp 00:01: [io  0x003c-0x003d]
[    0.363646] pnp 00:01: [io  0x0050-0x0053]
[    0.363647] pnp 00:01: [io  0x0072-0x0077]
[    0.363648] pnp 00:01: [io  0x0080]
[    0.363649] pnp 00:01: [io  0x0090-0x009f]
[    0.363651] pnp 00:01: [io  0x00a4-0x00a5]
[    0.363652] pnp 00:01: [io  0x00a8-0x00a9]
[    0.363653] pnp 00:01: [io  0x00ac-0x00ad]
[    0.363654] pnp 00:01: [io  0x00b0-0x00b5]
[    0.363655] pnp 00:01: [io  0x00b8-0x00b9]
[    0.363657] pnp 00:01: [io  0x00bc-0x00bd]
[    0.363658] pnp 00:01: [io  0x1000-0x103f]
[    0.363659] pnp 00:01: [io  0x1040-0x104f]
[    0.363660] pnp 00:01: [io  0x0cf0-0x0cf1]
[    0.363718] system 00:01: [io  0x1000-0x103f] has been reserved
[    0.363721] system 00:01: [io  0x1040-0x104f] has been reserved
[    0.363724] system 00:01: [io  0x0cf0-0x0cf1] has been reserved
[    0.363726] system 00:01: Plug and Play ACPI device, IDs PNP0c02 (active)
[    0.363733] pnp 00:02: [io  0x0000-0x000f]
[    0.363734] pnp 00:02: [io  0x0081-0x008f]
[    0.363735] pnp 00:02: [io  0x00c0-0x00df]
[    0.363737] pnp 00:02: [dma 4]
[    0.363752] pnp 00:02: Plug and Play ACPI device, IDs PNP0200 (active)
[    0.363758] pnp 00:03: [io  0x0020-0x0021]
[    0.363759] pnp 00:03: [io  0x00a0-0x00a1]
[    0.363760] pnp 00:03: [io  0x04d0-0x04d1]
[    0.363761] pnp 00:03: [irq 2 disabled]
[    0.363777] pnp 00:03: Plug and Play ACPI device, IDs PNP0001 (active)
[    0.363783] pnp 00:04: [io  0x0070-0x0071]
[    0.363785] pnp 00:04: [irq 8]
[    0.363798] pnp 00:04: Plug and Play ACPI device, IDs PNP0b00 (active)
[    0.363802] pnp 00:05: [io  0x0061]
[    0.363815] pnp 00:05: Plug and Play ACPI device, IDs PNP0800 (active)
[    0.363820] pnp 00:06: [io  0x0060]
[    0.363821] pnp 00:06: [io  0x0064]
[    0.363822] pnp 00:06: [irq 1]
[    0.363837] pnp 00:06: Plug and Play ACPI device, IDs PNP0303 (active)
[    0.363842] pnp 00:07: [irq 12]
[    0.363855] pnp 00:07: Plug and Play ACPI device, IDs PNP0f13 (active)
[    0.364090] pnp 00:08: [mem 0xfed00000-0xfed003ff]
[    0.364125] system 00:08: [mem 0xfed00000-0xfed003ff] has been reserved
[    0.364128] system 00:08: Plug and Play ACPI device, IDs PNP0103 PNP0c01 (active)
[    0.368612] pnp 00:09: [io  0x0378-0x037f]
[    0.368615] pnp 00:09: [irq 7]
[    0.369761] pnp 00:09: Plug and Play ACPI device, IDs PNP0400 (active)
[    0.373582] pnp 00:0a: [io  0x03f8-0x03ff]
[    0.373585] pnp 00:0a: [irq 4]
[    0.374669] pnp 00:0a: Plug and Play ACPI device, IDs PNP0501 (active)
[    0.377895] pnp 00:0b: [io  0x02f8-0x02ff]
[    0.377898] pnp 00:0b: [irq 3]
[    0.379004] pnp 00:0b: Plug and Play ACPI device, IDs PNP0501 (active)
[    0.383786] pnp 00:0c: [io  0x03f0-0x03f5]
[    0.383788] pnp 00:0c: [io  0x03f7]
[    0.383790] pnp 00:0c: [irq 6]
[    0.383791] pnp 00:0c: [dma 2]
[    0.384767] pnp 00:0c: Plug and Play ACPI device, IDs PNP0700 (active)
[    0.384923] pnp 00:0d: [mem 0xe0000000-0xefffffff]
[    0.384924] pnp 00:0d: [io  0x1060-0x107f]
[    0.384926] pnp 00:0d: [mem 0xc8200000-0xc83fffff]
[    0.384988] system 00:0d: [io  0x1060-0x107f] has been reserved
[    0.384993] system 00:0d: [mem 0xe0000000-0xefffffff] has been reserved
[    0.384996] system 00:0d: [mem 0xc8200000-0xc83fffff] has been reserved
[    0.385000] system 00:0d: Plug and Play ACPI device, IDs PNP0c02 (active)
[    0.389548] pnp: PnP ACPI: found 14 devices
[    0.389550] ACPI: ACPI bus type pnp unregistered
[    0.389554] PnPBIOS: Disabled by ACPI PNP
[    0.425218] PCI: max bus depth: 1 pci_try_num: 2
[    0.425443] pci 0000:00:0f.0: BAR 6: assigned [mem 0xc0000000-0xc0007fff pref]
[    0.425448] pci 0000:00:10.0: BAR 6: assigned [mem 0xc0008000-0xc000bfff pref]
[    0.425453] pci 0000:00:18.7: BAR 13: can't assign io (size 0x1000)
[    0.425456] pci 0000:00:18.6: BAR 13: can't assign io (size 0x1000)
[    0.425459] pci 0000:00:18.5: BAR 13: can't assign io (size 0x1000)
[    0.425462] pci 0000:00:18.4: BAR 13: can't assign io (size 0x1000)
[    0.425465] pci 0000:00:18.3: BAR 13: can't assign io (size 0x1000)
[    0.425468] pci 0000:00:18.2: BAR 13: can't assign io (size 0x1000)
[    0.425471] pci 0000:00:17.7: BAR 13: can't assign io (size 0x1000)
[    0.425474] pci 0000:00:17.6: BAR 13: can't assign io (size 0x1000)
[    0.425477] pci 0000:00:17.5: BAR 13: can't assign io (size 0x1000)
[    0.425480] pci 0000:00:17.4: BAR 13: can't assign io (size 0x1000)
[    0.425483] pci 0000:00:17.3: BAR 13: can't assign io (size 0x1000)
[    0.425486] pci 0000:00:16.7: BAR 13: can't assign io (size 0x1000)
[    0.425489] pci 0000:00:16.6: BAR 13: can't assign io (size 0x1000)
[    0.425492] pci 0000:00:16.5: BAR 13: can't assign io (size 0x1000)
[    0.425495] pci 0000:00:16.4: BAR 13: can't assign io (size 0x1000)
[    0.425498] pci 0000:00:16.3: BAR 13: can't assign io (size 0x1000)
[    0.425501] pci 0000:00:15.7: BAR 13: can't assign io (size 0x1000)
[    0.425504] pci 0000:00:15.6: BAR 13: can't assign io (size 0x1000)
[    0.425507] pci 0000:00:15.5: BAR 13: can't assign io (size 0x1000)
[    0.425510] pci 0000:00:15.4: BAR 13: can't assign io (size 0x1000)
[    0.425513] pci 0000:00:15.3: BAR 13: can't assign io (size 0x1000)
[    0.425516] pci 0000:00:01.0: PCI bridge to [bus 01-01]
[    0.425547] pci 0000:02:01.0: BAR 6: assigned [mem 0xd8400000-0xd840ffff pref]
[    0.425549] pci 0000:00:11.0: PCI bridge to [bus 02-02]
[    0.425563] pci 0000:00:11.0:   bridge window [io  0x2000-0x3fff]
[    0.425595] pci 0000:00:11.0:   bridge window [mem 0xc9000000-0xca3fffff]
[    0.425619] pci 0000:00:11.0:   bridge window [mem 0xd8400000-0xd89fffff 64bit pref]
[    0.425650] pci 0000:00:15.0: PCI bridge to [bus 03-03]
[    0.425663] pci 0000:00:15.0:   bridge window [io  0x4000-0x4fff]
[    0.425695] pci 0000:00:15.0:   bridge window [mem 0xca400000-0xca4fffff]
[    0.425719] pci 0000:00:15.0:   bridge window [mem 0xd8a00000-0xd8afffff 64bit pref]
[    0.425750] pci 0000:00:15.1: PCI bridge to [bus 04-04]
[    0.425764] pci 0000:00:15.1:   bridge window [io  0x8000-0x8fff]
[    0.425795] pci 0000:00:15.1:   bridge window [mem 0xca800000-0xca8fffff]
[    0.425819] pci 0000:00:15.1:   bridge window [mem 0xd8e00000-0xd8efffff 64bit pref]
[    0.425850] pci 0000:00:15.2: PCI bridge to [bus 05-05]
[    0.425864] pci 0000:00:15.2:   bridge window [io  0xc000-0xcfff]
[    0.425895] pci 0000:00:15.2:   bridge window [mem 0xcac00000-0xcacfffff]
[    0.425919] pci 0000:00:15.2:   bridge window [mem 0xd9200000-0xd92fffff 64bit pref]
[    0.425950] pci 0000:00:15.3: PCI bridge to [bus 06-06]
[    0.425981] pci 0000:00:15.3:   bridge window [mem 0xcb000000-0xcb0fffff]
[    0.426005] pci 0000:00:15.3:   bridge window [mem 0xd9600000-0xd96fffff 64bit pref]
[    0.426037] pci 0000:00:15.4: PCI bridge to [bus 07-07]
[    0.426068] pci 0000:00:15.4:   bridge window [mem 0xcb400000-0xcb4fffff]
[    0.426092] pci 0000:00:15.4:   bridge window [mem 0xd9a00000-0xd9afffff 64bit pref]
[    0.426123] pci 0000:00:15.5: PCI bridge to [bus 08-08]
[    0.426154] pci 0000:00:15.5:   bridge window [mem 0xcb800000-0xcb8fffff]
[    0.426185] pci 0000:00:15.5:   bridge window [mem 0xd9e00000-0xd9efffff 64bit pref]
[    0.426217] pci 0000:00:15.6: PCI bridge to [bus 09-09]
[    0.426248] pci 0000:00:15.6:   bridge window [mem 0xcbc00000-0xcbcfffff]
[    0.426279] pci 0000:00:15.6:   bridge window [mem 0xda200000-0xda2fffff 64bit pref]
[    0.426310] pci 0000:00:15.7: PCI bridge to [bus 0a-0a]
[    0.426342] pci 0000:00:15.7:   bridge window [mem 0xcc000000-0xcc0fffff]
[    0.426366] pci 0000:00:15.7:   bridge window [mem 0xda600000-0xda6fffff 64bit pref]
[    0.426397] pci 0000:00:16.0: PCI bridge to [bus 0b-0b]
[    0.426411] pci 0000:00:16.0:   bridge window [io  0x5000-0x5fff]
[    0.426442] pci 0000:00:16.0:   bridge window [mem 0xca500000-0xca5fffff]
[    0.426466] pci 0000:00:16.0:   bridge window [mem 0xd8b00000-0xd8bfffff 64bit pref]
[    0.426497] pci 0000:00:16.1: PCI bridge to [bus 0c-0c]
[    0.426511] pci 0000:00:16.1:   bridge window [io  0x9000-0x9fff]
[    0.426542] pci 0000:00:16.1:   bridge window [mem 0xca900000-0xca9fffff]
[    0.426566] pci 0000:00:16.1:   bridge window [mem 0xd8f00000-0xd8ffffff 64bit pref]
[    0.426598] pci 0000:00:16.2: PCI bridge to [bus 0d-0d]
[    0.426611] pci 0000:00:16.2:   bridge window [io  0xd000-0xdfff]
[    0.426643] pci 0000:00:16.2:   bridge window [mem 0xcad00000-0xcadfffff]
[    0.426667] pci 0000:00:16.2:   bridge window [mem 0xd9300000-0xd93fffff 64bit pref]
[    0.426698] pci 0000:00:16.3: PCI bridge to [bus 0e-0e]
[    0.426729] pci 0000:00:16.3:   bridge window [mem 0xcb100000-0xcb1fffff]
[    0.426753] pci 0000:00:16.3:   bridge window [mem 0xd9700000-0xd97fffff 64bit pref]
[    0.426784] pci 0000:00:16.4: PCI bridge to [bus 0f-0f]
[    0.426815] pci 0000:00:16.4:   bridge window [mem 0xcb500000-0xcb5fffff]
[    0.426840] pci 0000:00:16.4:   bridge window [mem 0xd9b00000-0xd9bfffff 64bit pref]
[    0.426871] pci 0000:00:16.5: PCI bridge to [bus 10-10]
[    0.426902] pci 0000:00:16.5:   bridge window [mem 0xcb900000-0xcb9fffff]
[    0.426933] pci 0000:00:16.5:   bridge window [mem 0xd9f00000-0xd9ffffff 64bit pref]
[    0.426964] pci 0000:00:16.6: PCI bridge to [bus 11-11]
[    0.426996] pci 0000:00:16.6:   bridge window [mem 0xcbd00000-0xcbdfffff]
[    0.427020] pci 0000:00:16.6:   bridge window [mem 0xda300000-0xda3fffff 64bit pref]
[    0.427051] pci 0000:00:16.7: PCI bridge to [bus 12-12]
[    0.427082] pci 0000:00:16.7:   bridge window [mem 0xcc100000-0xcc1fffff]
[    0.427106] pci 0000:00:16.7:   bridge window [mem 0xda700000-0xda7fffff 64bit pref]
[    0.427137] pci 0000:00:17.0: PCI bridge to [bus 13-13]
[    0.427151] pci 0000:00:17.0:   bridge window [io  0x6000-0x6fff]
[    0.427182] pci 0000:00:17.0:   bridge window [mem 0xca600000-0xca6fffff]
[    0.427206] pci 0000:00:17.0:   bridge window [mem 0xd8c00000-0xd8cfffff 64bit pref]
[    0.427237] pci 0000:00:17.1: PCI bridge to [bus 14-14]
[    0.427251] pci 0000:00:17.1:   bridge window [io  0xa000-0xafff]
[    0.427282] pci 0000:00:17.1:   bridge window [mem 0xcaa00000-0xcaafffff]
[    0.427306] pci 0000:00:17.1:   bridge window [mem 0xd9000000-0xd90fffff 64bit pref]
[    0.427337] pci 0000:00:17.2: PCI bridge to [bus 15-15]
[    0.427351] pci 0000:00:17.2:   bridge window [io  0xe000-0xefff]
[    0.427382] pci 0000:00:17.2:   bridge window [mem 0xcae00000-0xcaefffff]
[    0.427406] pci 0000:00:17.2:   bridge window [mem 0xd9400000-0xd94fffff 64bit pref]
[    0.427437] pci 0000:00:17.3: PCI bridge to [bus 16-16]
[    0.427468] pci 0000:00:17.3:   bridge window [mem 0xcb200000-0xcb2fffff]
[    0.427492] pci 0000:00:17.3:   bridge window [mem 0xd9800000-0xd98fffff 64bit pref]
[    0.427524] pci 0000:00:17.4: PCI bridge to [bus 17-17]
[    0.427555] pci 0000:00:17.4:   bridge window [mem 0xcb600000-0xcb6fffff]
[    0.427579] pci 0000:00:17.4:   bridge window [mem 0xd9c00000-0xd9cfffff 64bit pref]
[    0.427610] pci 0000:00:17.5: PCI bridge to [bus 18-18]
[    0.427641] pci 0000:00:17.5:   bridge window [mem 0xcba00000-0xcbafffff]
[    0.427665] pci 0000:00:17.5:   bridge window [mem 0xda000000-0xda0fffff 64bit pref]
[    0.427696] pci 0000:00:17.6: PCI bridge to [bus 19-19]
[    0.427727] pci 0000:00:17.6:   bridge window [mem 0xcbe00000-0xcbefffff]
[    0.427759] pci 0000:00:17.6:   bridge window [mem 0xda400000-0xda4fffff 64bit pref]
[    0.427790] pci 0000:00:17.7: PCI bridge to [bus 1a-1a]
[    0.427821] pci 0000:00:17.7:   bridge window [mem 0xcc200000-0xcc2fffff]
[    0.427844] pci 0000:00:17.7:   bridge window [mem 0xda800000-0xda8fffff 64bit pref]
[    0.427876] pci 0000:00:18.0: PCI bridge to [bus 1b-1b]
[    0.427890] pci 0000:00:18.0:   bridge window [io  0x7000-0x7fff]
[    0.427921] pci 0000:00:18.0:   bridge window [mem 0xca700000-0xca7fffff]
[    0.427945] pci 0000:00:18.0:   bridge window [mem 0xd8d00000-0xd8dfffff 64bit pref]
[    0.427976] pci 0000:00:18.1: PCI bridge to [bus 1c-1c]
[    0.427990] pci 0000:00:18.1:   bridge window [io  0xb000-0xbfff]
[    0.428022] pci 0000:00:18.1:   bridge window [mem 0xcab00000-0xcabfffff]
[    0.428046] pci 0000:00:18.1:   bridge window [mem 0xd9100000-0xd91fffff 64bit pref]
[    0.428077] pci 0000:00:18.2: PCI bridge to [bus 1d-1d]
[    0.428108] pci 0000:00:18.2:   bridge window [mem 0xcaf00000-0xcaffffff]
[    0.428132] pci 0000:00:18.2:   bridge window [mem 0xd9500000-0xd95fffff 64bit pref]
[    0.428163] pci 0000:00:18.3: PCI bridge to [bus 1e-1e]
[    0.428194] pci 0000:00:18.3:   bridge window [mem 0xcb300000-0xcb3fffff]
[    0.428218] pci 0000:00:18.3:   bridge window [mem 0xd9900000-0xd99fffff 64bit pref]
[    0.428249] pci 0000:00:18.4: PCI bridge to [bus 1f-1f]
[    0.428281] pci 0000:00:18.4:   bridge window [mem 0xcb700000-0xcb7fffff]
[    0.428304] pci 0000:00:18.4:   bridge window [mem 0xd9d00000-0xd9dfffff 64bit pref]
[    0.428335] pci 0000:00:18.5: PCI bridge to [bus 20-20]
[    0.428367] pci 0000:00:18.5:   bridge window [mem 0xcbb00000-0xcbbfffff]
[    0.428390] pci 0000:00:18.5:   bridge window [mem 0xda100000-0xda1fffff 64bit pref]
[    0.428422] pci 0000:00:18.6: PCI bridge to [bus 21-21]
[    0.428453] pci 0000:00:18.6:   bridge window [mem 0xcbf00000-0xcbffffff]
[    0.428477] pci 0000:00:18.6:   bridge window [mem 0xda500000-0xda5fffff 64bit pref]
[    0.428508] pci 0000:00:18.7: PCI bridge to [bus 22-22]
[    0.428539] pci 0000:00:18.7:   bridge window [mem 0xcc300000-0xcc3fffff]
[    0.428568] pci 0000:00:18.7:   bridge window [mem 0xda900000-0xda9fffff 64bit pref]
[    0.428599] pci 0000:00:01.0: setting latency timer to 64
[    0.428630] pci 0000:00:15.0: setting latency timer to 64
[    0.428662] pci 0000:00:15.1: setting latency timer to 64
[    0.428693] pci 0000:00:15.2: setting latency timer to 64
[    0.428724] pci 0000:00:15.3: setting latency timer to 64
[    0.428755] pci 0000:00:15.4: setting latency timer to 64
[    0.428787] pci 0000:00:15.5: setting latency timer to 64
[    0.428818] pci 0000:00:15.6: setting latency timer to 64
[    0.428849] pci 0000:00:15.7: setting latency timer to 64
[    0.428880] pci 0000:00:16.0: setting latency timer to 64
[    0.428911] pci 0000:00:16.1: setting latency timer to 64
[    0.428943] pci 0000:00:16.2: setting latency timer to 64
[    0.428974] pci 0000:00:16.3: setting latency timer to 64
[    0.429005] pci 0000:00:16.4: setting latency timer to 64
[    0.429036] pci 0000:00:16.5: setting latency timer to 64
[    0.429068] pci 0000:00:16.6: setting latency timer to 64
[    0.429099] pci 0000:00:16.7: setting latency timer to 64
[    0.429130] pci 0000:00:17.0: setting latency timer to 64
[    0.429161] pci 0000:00:17.1: setting latency timer to 64
[    0.429193] pci 0000:00:17.2: setting latency timer to 64
[    0.429224] pci 0000:00:17.3: setting latency timer to 64
[    0.429255] pci 0000:00:17.4: setting latency timer to 64
[    0.429286] pci 0000:00:17.5: setting latency timer to 64
[    0.429318] pci 0000:00:17.6: setting latency timer to 64
[    0.429349] pci 0000:00:17.7: setting latency timer to 64
[    0.429423] pci 0000:00:18.0: setting latency timer to 64
[    0.429454] pci 0000:00:18.1: setting latency timer to 64
[    0.429485] pci 0000:00:18.2: setting latency timer to 64
[    0.429516] pci 0000:00:18.3: setting latency timer to 64
[    0.429548] pci 0000:00:18.4: setting latency timer to 64
[    0.429579] pci 0000:00:18.5: setting latency timer to 64
[    0.429610] pci 0000:00:18.6: setting latency timer to 64
[    0.429641] pci 0000:00:18.7: setting latency timer to 64
[    0.429658] pci_bus 0000:00: resource 4 [mem 0x000a0000-0x000bffff]
[    0.429678] pci_bus 0000:00: resource 5 [mem 0x000cc000-0x000cffff]
[    0.429682] pci_bus 0000:00: resource 6 [mem 0x000d0000-0x000d3fff]
[    0.429685] pci_bus 0000:00: resource 7 [mem 0x000d4000-0x000d7fff]
[    0.429688] pci_bus 0000:00: resource 8 [mem 0x000d8000-0x000dbfff]
[    0.429691] pci_bus 0000:00: resource 9 [mem 0xc0000000-0xfebfffff]
[    0.429694] pci_bus 0000:00: resource 10 [io  0x0000-0x0cf7]
[    0.429697] pci_bus 0000:00: resource 11 [io  0x0d00-0xfeff]
[    0.429700] pci_bus 0000:02: resource 0 [io  0x2000-0x3fff]
[    0.429703] pci_bus 0000:02: resource 1 [mem 0xc9000000-0xca3fffff]
[    0.429706] pci_bus 0000:02: resource 2 [mem 0xd8400000-0xd89fffff 64bit pref]
[    0.429709] pci_bus 0000:02: resource 4 [mem 0x000a0000-0x000bffff]
[    0.429712] pci_bus 0000:02: resource 5 [mem 0x000cc000-0x000cffff]
[    0.429715] pci_bus 0000:02: resource 6 [mem 0x000d0000-0x000d3fff]
[    0.429718] pci_bus 0000:02: resource 7 [mem 0x000d4000-0x000d7fff]
[    0.429721] pci_bus 0000:02: resource 8 [mem 0x000d8000-0x000dbfff]
[    0.429724] pci_bus 0000:02: resource 9 [mem 0xc0000000-0xfebfffff]
[    0.429727] pci_bus 0000:02: resource 10 [io  0x0000-0x0cf7]
[    0.429729] pci_bus 0000:02: resource 11 [io  0x0d00-0xfeff]
[    0.429732] pci_bus 0000:03: resource 0 [io  0x4000-0x4fff]
[    0.429735] pci_bus 0000:03: resource 1 [mem 0xca400000-0xca4fffff]
[    0.429738] pci_bus 0000:03: resource 2 [mem 0xd8a00000-0xd8afffff 64bit pref]
[    0.429741] pci_bus 0000:04: resource 0 [io  0x8000-0x8fff]
[    0.429744] pci_bus 0000:04: resource 1 [mem 0xca800000-0xca8fffff]
[    0.429747] pci_bus 0000:04: resource 2 [mem 0xd8e00000-0xd8efffff 64bit pref]
[    0.429750] pci_bus 0000:05: resource 0 [io  0xc000-0xcfff]
[    0.429753] pci_bus 0000:05: resource 1 [mem 0xcac00000-0xcacfffff]
[    0.429756] pci_bus 0000:05: resource 2 [mem 0xd9200000-0xd92fffff 64bit pref]
[    0.429759] pci_bus 0000:06: resource 1 [mem 0xcb000000-0xcb0fffff]
[    0.429762] pci_bus 0000:06: resource 2 [mem 0xd9600000-0xd96fffff 64bit pref]
[    0.429765] pci_bus 0000:07: resource 1 [mem 0xcb400000-0xcb4fffff]
[    0.429768] pci_bus 0000:07: resource 2 [mem 0xd9a00000-0xd9afffff 64bit pref]
[    0.429771] pci_bus 0000:08: resource 1 [mem 0xcb800000-0xcb8fffff]
[    0.429774] pci_bus 0000:08: resource 2 [mem 0xd9e00000-0xd9efffff 64bit pref]
[    0.429777] pci_bus 0000:09: resource 1 [mem 0xcbc00000-0xcbcfffff]
[    0.429780] pci_bus 0000:09: resource 2 [mem 0xda200000-0xda2fffff 64bit pref]
[    0.429783] pci_bus 0000:0a: resource 1 [mem 0xcc000000-0xcc0fffff]
[    0.429786] pci_bus 0000:0a: resource 2 [mem 0xda600000-0xda6fffff 64bit pref]
[    0.429789] pci_bus 0000:0b: resource 0 [io  0x5000-0x5fff]
[    0.429792] pci_bus 0000:0b: resource 1 [mem 0xca500000-0xca5fffff]
[    0.429795] pci_bus 0000:0b: resource 2 [mem 0xd8b00000-0xd8bfffff 64bit pref]
[    0.429798] pci_bus 0000:0c: resource 0 [io  0x9000-0x9fff]
[    0.429801] pci_bus 0000:0c: resource 1 [mem 0xca900000-0xca9fffff]
[    0.429804] pci_bus 0000:0c: resource 2 [mem 0xd8f00000-0xd8ffffff 64bit pref]
[    0.429807] pci_bus 0000:0d: resource 0 [io  0xd000-0xdfff]
[    0.429810] pci_bus 0000:0d: resource 1 [mem 0xcad00000-0xcadfffff]
[    0.429812] pci_bus 0000:0d: resource 2 [mem 0xd9300000-0xd93fffff 64bit pref]
[    0.429816] pci_bus 0000:0e: resource 1 [mem 0xcb100000-0xcb1fffff]
[    0.429819] pci_bus 0000:0e: resource 2 [mem 0xd9700000-0xd97fffff 64bit pref]
[    0.429822] pci_bus 0000:0f: resource 1 [mem 0xcb500000-0xcb5fffff]
[    0.429825] pci_bus 0000:0f: resource 2 [mem 0xd9b00000-0xd9bfffff 64bit pref]
[    0.429828] pci_bus 0000:10: resource 1 [mem 0xcb900000-0xcb9fffff]
[    0.429831] pci_bus 0000:10: resource 2 [mem 0xd9f00000-0xd9ffffff 64bit pref]
[    0.429834] pci_bus 0000:11: resource 1 [mem 0xcbd00000-0xcbdfffff]
[    0.429837] pci_bus 0000:11: resource 2 [mem 0xda300000-0xda3fffff 64bit pref]
[    0.429840] pci_bus 0000:12: resource 1 [mem 0xcc100000-0xcc1fffff]
[    0.429843] pci_bus 0000:12: resource 2 [mem 0xda700000-0xda7fffff 64bit pref]
[    0.429846] pci_bus 0000:13: resource 0 [io  0x6000-0x6fff]
[    0.429849] pci_bus 0000:13: resource 1 [mem 0xca600000-0xca6fffff]
[    0.429852] pci_bus 0000:13: resource 2 [mem 0xd8c00000-0xd8cfffff 64bit pref]
[    0.429855] pci_bus 0000:14: resource 0 [io  0xa000-0xafff]
[    0.429858] pci_bus 0000:14: resource 1 [mem 0xcaa00000-0xcaafffff]
[    0.429861] pci_bus 0000:14: resource 2 [mem 0xd9000000-0xd90fffff 64bit pref]
[    0.429863] pci_bus 0000:15: resource 0 [io  0xe000-0xefff]
[    0.429866] pci_bus 0000:15: resource 1 [mem 0xcae00000-0xcaefffff]
[    0.429869] pci_bus 0000:15: resource 2 [mem 0xd9400000-0xd94fffff 64bit pref]
[    0.429872] pci_bus 0000:16: resource 1 [mem 0xcb200000-0xcb2fffff]
[    0.429875] pci_bus 0000:16: resource 2 [mem 0xd9800000-0xd98fffff 64bit pref]
[    0.429879] pci_bus 0000:17: resource 1 [mem 0xcb600000-0xcb6fffff]
[    0.429882] pci_bus 0000:17: resource 2 [mem 0xd9c00000-0xd9cfffff 64bit pref]
[    0.429885] pci_bus 0000:18: resource 1 [mem 0xcba00000-0xcbafffff]
[    0.429888] pci_bus 0000:18: resource 2 [mem 0xda000000-0xda0fffff 64bit pref]
[    0.429891] pci_bus 0000:19: resource 1 [mem 0xcbe00000-0xcbefffff]
[    0.429894] pci_bus 0000:19: resource 2 [mem 0xda400000-0xda4fffff 64bit pref]
[    0.429897] pci_bus 0000:1a: resource 1 [mem 0xcc200000-0xcc2fffff]
[    0.429900] pci_bus 0000:1a: resource 2 [mem 0xda800000-0xda8fffff 64bit pref]
[    0.429903] pci_bus 0000:1b: resource 0 [io  0x7000-0x7fff]
[    0.429906] pci_bus 0000:1b: resource 1 [mem 0xca700000-0xca7fffff]
[    0.429908] pci_bus 0000:1b: resource 2 [mem 0xd8d00000-0xd8dfffff 64bit pref]
[    0.429911] pci_bus 0000:1c: resource 0 [io  0xb000-0xbfff]
[    0.429914] pci_bus 0000:1c: resource 1 [mem 0xcab00000-0xcabfffff]
[    0.429917] pci_bus 0000:1c: resource 2 [mem 0xd9100000-0xd91fffff 64bit pref]
[    0.429920] pci_bus 0000:1d: resource 1 [mem 0xcaf00000-0xcaffffff]
[    0.429923] pci_bus 0000:1d: resource 2 [mem 0xd9500000-0xd95fffff 64bit pref]
[    0.429927] pci_bus 0000:1e: resource 1 [mem 0xcb300000-0xcb3fffff]
[    0.429929] pci_bus 0000:1e: resource 2 [mem 0xd9900000-0xd99fffff 64bit pref]
[    0.429933] pci_bus 0000:1f: resource 1 [mem 0xcb700000-0xcb7fffff]
[    0.429936] pci_bus 0000:1f: resource 2 [mem 0xd9d00000-0xd9dfffff 64bit pref]
[    0.429939] pci_bus 0000:20: resource 1 [mem 0xcbb00000-0xcbbfffff]
[    0.429942] pci_bus 0000:20: resource 2 [mem 0xda100000-0xda1fffff 64bit pref]
[    0.429945] pci_bus 0000:21: resource 1 [mem 0xcbf00000-0xcbffffff]
[    0.429948] pci_bus 0000:21: resource 2 [mem 0xda500000-0xda5fffff 64bit pref]
[    0.429951] pci_bus 0000:22: resource 1 [mem 0xcc300000-0xcc3fffff]
[    0.429954] pci_bus 0000:22: resource 2 [mem 0xda900000-0xda9fffff 64bit pref]
[    0.429985] NET: Registered protocol family 2
[    0.430016] IP route cache hash table entries: 32768 (order: 5, 131072 bytes)
[    0.430047] TCP established hash table entries: 131072 (order: 8, 1048576 bytes)
[    0.430079] TCP bind hash table entries: 65536 (order: 7, 524288 bytes)
[    0.430110] TCP: Hash tables configured (established 131072 bind 65536)
[    0.430113] TCP reno registered
[    0.430117] UDP hash table entries: 512 (order: 2, 16384 bytes)
[    0.430128] UDP-Lite hash table entries: 512 (order: 2, 16384 bytes)
[    0.430159] NET: Registered protocol family 1
[    0.430170] pci 0000:00:00.0: Limiting direct PCI/PCI transfers
[    0.430201] pci 0000:00:0f.0: Boot video device
[    0.430233] ACPI: PCI Interrupt Link [LNKC] enabled at IRQ 10
[    0.430236] PCI: setting IRQ 10 as level-triggered
[    0.430245] pci 0000:02:00.0: PCI INT A -> Link[LNKC] -> GSI 10 (level, low) -> IRQ 10
[    0.430313] pci 0000:02:00.0: PCI INT A disabled
[    0.430344] ACPI: PCI Interrupt Link [LNKB] enabled at IRQ 11
[    0.430347] PCI: setting IRQ 11 as level-triggered
[    0.430352] pci 0000:02:03.0: PCI INT A -> Link[LNKB] -> GSI 11 (level, low) -> IRQ 11
[    0.430384] pci 0000:02:03.0: PCI INT A disabled
[    0.430400] PCI: CLS 32 bytes, default 64
[    0.430449] Simple Boot Flag at 0x36 set to 0x1
[    0.430455] Switching to clocksource tsc
[    0.430639] audit: initializing netlink socket (disabled)
[    0.430648] type=2000 audit(1369636866.413:1): initialized
[    0.445477] Trying to unpack rootfs image as initramfs...
[    0.465545] highmem bounce pool size: 64 pages
[    0.465553] HugeTLB registered 2 MB page size, pre-allocated 0 pages
[    0.469612] VFS: Disk quotas dquot_6.5.2
[    0.469643] Dquot-cache hash table entries: 1024 (order 0, 4096 bytes)
[    0.473462] fuse init (API version 7.17)
[    0.473531] msgmni has been set to 1710
[    0.485434] Block layer SCSI generic (bsg) driver version 0.4 loaded (major 253)
[    0.485464] io scheduler noop registered
[    0.485466] io scheduler deadline registered
[    0.485472] io scheduler cfq registered (default)
[    0.485503] pcieport 0000:00:15.0: setting latency timer to 64
[    0.485534] pcieport 0000:00:15.0: irq 40 for MSI/MSI-X
[    0.485566] pcieport 0000:00:15.1: setting latency timer to 64
[    0.485597] pcieport 0000:00:15.1: irq 41 for MSI/MSI-X
[    0.485628] pcieport 0000:00:15.2: setting latency timer to 64
[    0.485659] pcieport 0000:00:15.2: irq 42 for MSI/MSI-X
[    0.485691] pcieport 0000:00:15.3: setting latency timer to 64
[    0.485722] pcieport 0000:00:15.3: irq 43 for MSI/MSI-X
[    0.485753] pcieport 0000:00:15.4: setting latency timer to 64
[    0.485784] pcieport 0000:00:15.4: irq 44 for MSI/MSI-X
[    0.485816] pcieport 0000:00:15.5: setting latency timer to 64
[    0.485847] pcieport 0000:00:15.5: irq 45 for MSI/MSI-X
[    0.485878] pcieport 0000:00:15.6: setting latency timer to 64
[    0.485909] pcieport 0000:00:15.6: irq 46 for MSI/MSI-X
[    0.485941] pcieport 0000:00:15.7: setting latency timer to 64
[    0.485972] pcieport 0000:00:15.7: irq 47 for MSI/MSI-X
[    0.486003] pcieport 0000:00:16.0: setting latency timer to 64
[    0.486034] pcieport 0000:00:16.0: irq 48 for MSI/MSI-X
[    0.486065] pcieport 0000:00:16.1: setting latency timer to 64
[    0.486097] pcieport 0000:00:16.1: irq 49 for MSI/MSI-X
[    0.486128] pcieport 0000:00:16.2: setting latency timer to 64
[    0.486159] pcieport 0000:00:16.2: irq 50 for MSI/MSI-X
[    0.486190] pcieport 0000:00:16.3: setting latency timer to 64
[    0.486222] pcieport 0000:00:16.3: irq 51 for MSI/MSI-X
[    0.486253] pcieport 0000:00:16.4: setting latency timer to 64
[    0.486284] pcieport 0000:00:16.4: irq 52 for MSI/MSI-X
[    0.486315] pcieport 0000:00:16.5: setting latency timer to 64
[    0.486347] pcieport 0000:00:16.5: irq 53 for MSI/MSI-X
[    0.486378] pcieport 0000:00:16.6: setting latency timer to 64
[    0.486409] pcieport 0000:00:16.6: irq 54 for MSI/MSI-X
[    0.486440] pcieport 0000:00:16.7: setting latency timer to 64
[    0.486472] pcieport 0000:00:16.7: irq 55 for MSI/MSI-X
[    0.486503] pcieport 0000:00:17.0: setting latency timer to 64
[    0.486534] pcieport 0000:00:17.0: irq 56 for MSI/MSI-X
[    0.486565] pcieport 0000:00:17.1: setting latency timer to 64
[    0.486596] pcieport 0000:00:17.1: irq 57 for MSI/MSI-X
[    0.486628] pcieport 0000:00:17.2: setting latency timer to 64
[    0.486659] pcieport 0000:00:17.2: irq 58 for MSI/MSI-X
[    0.486690] pcieport 0000:00:17.3: setting latency timer to 64
[    0.486721] pcieport 0000:00:17.3: irq 59 for MSI/MSI-X
[    0.486753] pcieport 0000:00:17.4: setting latency timer to 64
[    0.486784] pcieport 0000:00:17.4: irq 60 for MSI/MSI-X
[    0.486815] pcieport 0000:00:17.5: setting latency timer to 64
[    0.486846] pcieport 0000:00:17.5: irq 61 for MSI/MSI-X
[    0.486878] pcieport 0000:00:17.6: setting latency timer to 64
[    0.486909] pcieport 0000:00:17.6: irq 62 for MSI/MSI-X
[    0.486940] pcieport 0000:00:17.7: setting latency timer to 64
[    0.486971] pcieport 0000:00:17.7: irq 63 for MSI/MSI-X
[    0.487003] pcieport 0000:00:18.0: setting latency timer to 64
[    0.487034] pcieport 0000:00:18.0: irq 64 for MSI/MSI-X
[    0.487065] pcieport 0000:00:18.1: setting latency timer to 64
[    0.487096] pcieport 0000:00:18.1: irq 65 for MSI/MSI-X
[    0.487127] pcieport 0000:00:18.2: setting latency timer to 64
[    0.487159] pcieport 0000:00:18.2: irq 66 for MSI/MSI-X
[    0.487190] pcieport 0000:00:18.3: setting latency timer to 64
[    0.487221] pcieport 0000:00:18.3: irq 67 for MSI/MSI-X
[    0.487252] pcieport 0000:00:18.4: setting latency timer to 64
[    0.487284] pcieport 0000:00:18.4: irq 68 for MSI/MSI-X
[    0.487315] pcieport 0000:00:18.5: setting latency timer to 64
[    0.487346] pcieport 0000:00:18.5: irq 69 for MSI/MSI-X
[    0.487377] pcieport 0000:00:18.6: setting latency timer to 64
[    0.487409] pcieport 0000:00:18.6: irq 70 for MSI/MSI-X
[    0.487440] pcieport 0000:00:18.7: setting latency timer to 64
[    0.487471] pcieport 0000:00:18.7: irq 71 for MSI/MSI-X
[    0.487502] pcieport 0000:00:15.0: Signaling PME through PCIe PME interrupt
[    0.487528] pcie_pme 0000:00:15.0:pcie01: service driver pcie_pme loaded
[    0.487560] pcieport 0000:00:15.1: Signaling PME through PCIe PME interrupt
[    0.487585] pcie_pme 0000:00:15.1:pcie01: service driver pcie_pme loaded
[    0.487616] pcieport 0000:00:15.2: Signaling PME through PCIe PME interrupt
[    0.487642] pcie_pme 0000:00:15.2:pcie01: service driver pcie_pme loaded
[    0.487673] pcieport 0000:00:15.3: Signaling PME through PCIe PME interrupt
[    0.487698] pcie_pme 0000:00:15.3:pcie01: service driver pcie_pme loaded
[    0.487729] pcieport 0000:00:15.4: Signaling PME through PCIe PME interrupt
[    0.487754] pcie_pme 0000:00:15.4:pcie01: service driver pcie_pme loaded
[    0.487786] pcieport 0000:00:15.5: Signaling PME through PCIe PME interrupt
[    0.487812] pcie_pme 0000:00:15.5:pcie01: service driver pcie_pme loaded
[    0.487843] pcieport 0000:00:15.6: Signaling PME through PCIe PME interrupt
[    0.487868] pcie_pme 0000:00:15.6:pcie01: service driver pcie_pme loaded
[    0.487900] pcieport 0000:00:15.7: Signaling PME through PCIe PME interrupt
[    0.487925] pcie_pme 0000:00:15.7:pcie01: service driver pcie_pme loaded
[    0.487956] pcieport 0000:00:16.0: Signaling PME through PCIe PME interrupt
[    0.487981] pcie_pme 0000:00:16.0:pcie01: service driver pcie_pme loaded
[    0.488013] pcieport 0000:00:16.1: Signaling PME through PCIe PME interrupt
[    0.488038] pcie_pme 0000:00:16.1:pcie01: service driver pcie_pme loaded
[    0.488069] pcieport 0000:00:16.2: Signaling PME through PCIe PME interrupt
[    0.488094] pcie_pme 0000:00:16.2:pcie01: service driver pcie_pme loaded
[    0.488125] pcieport 0000:00:16.3: Signaling PME through PCIe PME interrupt
[    0.488156] pcie_pme 0000:00:16.3:pcie01: service driver pcie_pme loaded
[    0.488187] pcieport 0000:00:16.4: Signaling PME through PCIe PME interrupt
[    0.488213] pcie_pme 0000:00:16.4:pcie01: service driver pcie_pme loaded
[    0.488244] pcieport 0000:00:16.5: Signaling PME through PCIe PME interrupt
[    0.488270] pcie_pme 0000:00:16.5:pcie01: service driver pcie_pme loaded
[    0.488301] pcieport 0000:00:16.6: Signaling PME through PCIe PME interrupt
[    0.488326] pcie_pme 0000:00:16.6:pcie01: service driver pcie_pme loaded
[    0.488358] pcieport 0000:00:16.7: Signaling PME through PCIe PME interrupt
[    0.488383] pcie_pme 0000:00:16.7:pcie01: service driver pcie_pme loaded
[    0.488414] pcieport 0000:00:17.0: Signaling PME through PCIe PME interrupt
[    0.488440] pcie_pme 0000:00:17.0:pcie01: service driver pcie_pme loaded
[    0.488471] pcieport 0000:00:17.1: Signaling PME through PCIe PME interrupt
[    0.488496] pcie_pme 0000:00:17.1:pcie01: service driver pcie_pme loaded
[    0.488528] pcieport 0000:00:17.2: Signaling PME through PCIe PME interrupt
[    0.488553] pcie_pme 0000:00:17.2:pcie01: service driver pcie_pme loaded
[    0.488584] pcieport 0000:00:17.3: Signaling PME through PCIe PME interrupt
[    0.488609] pcie_pme 0000:00:17.3:pcie01: service driver pcie_pme loaded
[    0.488641] pcieport 0000:00:17.4: Signaling PME through PCIe PME interrupt
[    0.488666] pcie_pme 0000:00:17.4:pcie01: service driver pcie_pme loaded
[    0.488697] pcieport 0000:00:17.5: Signaling PME through PCIe PME interrupt
[    0.488723] pcie_pme 0000:00:17.5:pcie01: service driver pcie_pme loaded
[    0.488754] pcieport 0000:00:17.6: Signaling PME through PCIe PME interrupt
[    0.488779] pcie_pme 0000:00:17.6:pcie01: service driver pcie_pme loaded
[    0.488811] pcieport 0000:00:17.7: Signaling PME through PCIe PME interrupt
[    0.488836] pcie_pme 0000:00:17.7:pcie01: service driver pcie_pme loaded
[    0.488867] pcieport 0000:00:18.0: Signaling PME through PCIe PME interrupt
[    0.488893] pcie_pme 0000:00:18.0:pcie01: service driver pcie_pme loaded
[    0.488924] pcieport 0000:00:18.1: Signaling PME through PCIe PME interrupt
[    0.488950] pcie_pme 0000:00:18.1:pcie01: service driver pcie_pme loaded
[    0.488981] pcieport 0000:00:18.2: Signaling PME through PCIe PME interrupt
[    0.489007] pcie_pme 0000:00:18.2:pcie01: service driver pcie_pme loaded
[    0.489038] pcieport 0000:00:18.3: Signaling PME through PCIe PME interrupt
[    0.489063] pcie_pme 0000:00:18.3:pcie01: service driver pcie_pme loaded
[    0.489094] pcieport 0000:00:18.4: Signaling PME through PCIe PME interrupt
[    0.489119] pcie_pme 0000:00:18.4:pcie01: service driver pcie_pme loaded
[    0.489151] pcieport 0000:00:18.5: Signaling PME through PCIe PME interrupt
[    0.489176] pcie_pme 0000:00:18.5:pcie01: service driver pcie_pme loaded
[    0.489207] pcieport 0000:00:18.6: Signaling PME through PCIe PME interrupt
[    0.489233] pcie_pme 0000:00:18.6:pcie01: service driver pcie_pme loaded
[    0.493344] pcieport 0000:00:18.7: Signaling PME through PCIe PME interrupt
[    0.493375] pcie_pme 0000:00:18.7:pcie01: service driver pcie_pme loaded
[    0.493399] pci_hotplug: PCI Hot Plug PCI Core version: 0.5
[    0.493430] pciehp 0000:00:15.0:pcie04: HPC vendor_id 15ad device_id 7a0 ss_vid 15ad ss_did 7a0
[    0.493462] pciehp 0000:00:15.0:pcie04: service driver pciehp loaded
[    0.493493] pciehp 0000:00:15.1:pcie04: HPC vendor_id 15ad device_id 7a0 ss_vid 15ad ss_did 7a0
[    0.493524] pciehp 0000:00:15.1:pcie04: service driver pciehp loaded
[    0.493555] pciehp 0000:00:15.2:pcie04: HPC vendor_id 15ad device_id 7a0 ss_vid 15ad ss_did 7a0
[    0.493586] pciehp 0000:00:15.2:pcie04: service driver pciehp loaded
[    0.493618] pciehp 0000:00:15.3:pcie04: HPC vendor_id 15ad device_id 7a0 ss_vid 15ad ss_did 7a0
[    0.493649] pciehp 0000:00:15.3:pcie04: service driver pciehp loaded
[    0.493680] pciehp 0000:00:15.4:pcie04: HPC vendor_id 15ad device_id 7a0 ss_vid 15ad ss_did 7a0
[    0.493711] pciehp 0000:00:15.4:pcie04: service driver pciehp loaded
[    0.493743] pciehp 0000:00:15.5:pcie04: HPC vendor_id 15ad device_id 7a0 ss_vid 15ad ss_did 7a0
[    0.493774] pciehp 0000:00:15.5:pcie04: service driver pciehp loaded
[    0.493805] pciehp 0000:00:15.6:pcie04: HPC vendor_id 15ad device_id 7a0 ss_vid 15ad ss_did 7a0
[    0.493836] pciehp 0000:00:15.6:pcie04: service driver pciehp loaded
[    0.493868] pciehp 0000:00:15.7:pcie04: HPC vendor_id 15ad device_id 7a0 ss_vid 15ad ss_did 7a0
[    0.493899] pciehp 0000:00:15.7:pcie04: service driver pciehp loaded
[    0.493930] pciehp 0000:00:16.0:pcie04: HPC vendor_id 15ad device_id 7a0 ss_vid 15ad ss_did 7a0
[    0.493961] pciehp 0000:00:16.0:pcie04: service driver pciehp loaded
[    0.493993] pciehp 0000:00:16.1:pcie04: HPC vendor_id 15ad device_id 7a0 ss_vid 15ad ss_did 7a0
[    0.494024] pciehp 0000:00:16.1:pcie04: service driver pciehp loaded
[    0.494055] pciehp 0000:00:16.2:pcie04: HPC vendor_id 15ad device_id 7a0 ss_vid 15ad ss_did 7a0
[    0.494086] pciehp 0000:00:16.2:pcie04: service driver pciehp loaded
[    0.494117] pciehp 0000:00:16.3:pcie04: HPC vendor_id 15ad device_id 7a0 ss_vid 15ad ss_did 7a0
[    0.494149] pciehp 0000:00:16.3:pcie04: service driver pciehp loaded
[    0.494180] pciehp 0000:00:16.4:pcie04: HPC vendor_id 15ad device_id 7a0 ss_vid 15ad ss_did 7a0
[    0.494211] pciehp 0000:00:16.4:pcie04: service driver pciehp loaded
[    0.494242] pciehp 0000:00:16.5:pcie04: HPC vendor_id 15ad device_id 7a0 ss_vid 15ad ss_did 7a0
[    0.494274] pciehp 0000:00:16.5:pcie04: service driver pciehp loaded
[    0.494305] pciehp 0000:00:16.6:pcie04: HPC vendor_id 15ad device_id 7a0 ss_vid 15ad ss_did 7a0
[    0.494336] pciehp 0000:00:16.6:pcie04: service driver pciehp loaded
[    0.494367] pciehp 0000:00:16.7:pcie04: HPC vendor_id 15ad device_id 7a0 ss_vid 15ad ss_did 7a0
[    0.494399] pciehp 0000:00:16.7:pcie04: service driver pciehp loaded
[    0.494430] pciehp 0000:00:17.0:pcie04: HPC vendor_id 15ad device_id 7a0 ss_vid 15ad ss_did 7a0
[    0.494461] pciehp 0000:00:17.0:pcie04: service driver pciehp loaded
[    0.494492] pciehp 0000:00:17.1:pcie04: HPC vendor_id 15ad device_id 7a0 ss_vid 15ad ss_did 7a0
[    0.494524] pciehp 0000:00:17.1:pcie04: service driver pciehp loaded
[    0.494555] pciehp 0000:00:17.2:pcie04: HPC vendor_id 15ad device_id 7a0 ss_vid 15ad ss_did 7a0
[    0.494586] pciehp 0000:00:17.2:pcie04: service driver pciehp loaded
[    0.494617] pciehp 0000:00:17.3:pcie04: HPC vendor_id 15ad device_id 7a0 ss_vid 15ad ss_did 7a0
[    0.494648] pciehp 0000:00:17.3:pcie04: service driver pciehp loaded
[    0.494680] pciehp 0000:00:17.4:pcie04: HPC vendor_id 15ad device_id 7a0 ss_vid 15ad ss_did 7a0
[    0.494711] pciehp 0000:00:17.4:pcie04: service driver pciehp loaded
[    0.494742] pciehp 0000:00:17.5:pcie04: HPC vendor_id 15ad device_id 7a0 ss_vid 15ad ss_did 7a0
[    0.494773] pciehp 0000:00:17.5:pcie04: service driver pciehp loaded
[    0.494805] pciehp 0000:00:17.6:pcie04: HPC vendor_id 15ad device_id 7a0 ss_vid 15ad ss_did 7a0
[    0.494836] pciehp 0000:00:17.6:pcie04: service driver pciehp loaded
[    0.494867] pciehp 0000:00:17.7:pcie04: HPC vendor_id 15ad device_id 7a0 ss_vid 15ad ss_did 7a0
[    0.494898] pciehp 0000:00:17.7:pcie04: service driver pciehp loaded
[    0.494930] pciehp 0000:00:18.0:pcie04: HPC vendor_id 15ad device_id 7a0 ss_vid 15ad ss_did 7a0
[    0.494961] pciehp 0000:00:18.0:pcie04: service driver pciehp loaded
[    0.494992] pciehp 0000:00:18.1:pcie04: HPC vendor_id 15ad device_id 7a0 ss_vid 15ad ss_did 7a0
[    0.495023] pciehp 0000:00:18.1:pcie04: service driver pciehp loaded
[    0.495055] pciehp 0000:00:18.2:pcie04: HPC vendor_id 15ad device_id 7a0 ss_vid 15ad ss_did 7a0
[    0.495086] pciehp 0000:00:18.2:pcie04: service driver pciehp loaded
[    0.495117] pciehp 0000:00:18.3:pcie04: HPC vendor_id 15ad device_id 7a0 ss_vid 15ad ss_did 7a0
[    0.495148] pciehp 0000:00:18.3:pcie04: service driver pciehp loaded
[    0.495179] pciehp 0000:00:18.4:pcie04: HPC vendor_id 15ad device_id 7a0 ss_vid 15ad ss_did 7a0
[    0.495211] pciehp 0000:00:18.4:pcie04: service driver pciehp loaded
[    0.495242] pciehp 0000:00:18.5:pcie04: HPC vendor_id 15ad device_id 7a0 ss_vid 15ad ss_did 7a0
[    0.495273] pciehp 0000:00:18.5:pcie04: service driver pciehp loaded
[    0.495304] pciehp 0000:00:18.6:pcie04: HPC vendor_id 15ad device_id 7a0 ss_vid 15ad ss_did 7a0
[    0.495336] pciehp 0000:00:18.6:pcie04: service driver pciehp loaded
[    0.495367] pciehp 0000:00:18.7:pcie04: HPC vendor_id 15ad device_id 7a0 ss_vid 15ad ss_did 7a0
[    0.495398] pciehp 0000:00:18.7:pcie04: service driver pciehp loaded
[    0.495417] pciehp: PCI Express Hot Plug Controller Driver version: 0.4
[    0.495448] ACPI: Deprecated procfs I/F for AC is loaded, please retry with CONFIG_ACPI_PROCFS_POWER cleared
[    0.495483] ACPI: AC Adapter [ACAD] (on-line)
[    0.495537] input: Power Button as /devices/LNXSYSTM:00/LNXPWRBN:00/input/input0
[    0.495542] ACPI: Power Button [PWRF]
[    0.517345] ERST: Table is not found!
[    0.517349] GHES: HEST is not enabled!
[    0.517454] Serial: 8250/16550 driver, 32 ports, IRQ sharing enabled
[    0.541166] serial8250: ttyS0 at I/O 0x3f8 (irq = 4) is a 16550A
[    0.541202] isapnp: Scanning for PnP cards...
[    0.680964] serial8250: ttyS1 at I/O 0x2f8 (irq = 3) is a 16550A
[    0.728906] 00:0a: ttyS0 at I/O 0x3f8 (irq = 4) is a 16550A
[    0.812916] 00:0b: ttyS1 at I/O 0x2f8 (irq = 3) is a 16550A
[    0.833020] Linux agpgart interface v0.103
[    0.833051] agpgart-intel 0000:00:00.0: Intel 440BX Chipset
[    0.833115] agpgart-intel 0000:00:00.0: AGP aperture is 256M @ 0x0
[    0.837401] brd: module loaded
[    0.837720] loop: module loaded
[    0.837751] ata_piix 0000:00:07.1: version 2.13
[    0.837810] scsi0 : ata_piix
[    0.837858] scsi1 : ata_piix
[    0.837889] ata1: PATA max UDMA/33 cmd 0x1f0 ctl 0x3f6 bmdma 0x10c0 irq 14
[    0.837891] ata2: PATA max UDMA/33 cmd 0x170 ctl 0x376 bmdma 0x10c8 irq 15
[    0.837926] Fixed MDIO Bus: probed
[    0.837939] tun: Universal TUN/TAP device driver, 1.6
[    0.837941] tun: (C) 1999-2004 Max Krasnyansky <maxk@qualcomm.com>
[    0.837992] PPP generic driver version 2.4.2
[    0.838053] ehci_hcd: USB 2.0 'Enhanced' Host Controller (EHCI) Driver
[    0.838084] ehci_hcd 0000:02:03.0: PCI INT A -> Link[LNKB] -> GSI 11 (level, low) -> IRQ 11
[    0.838115] ehci_hcd 0000:02:03.0: EHCI Host Controller
[    0.838151] ehci_hcd 0000:02:03.0: new USB bus registered, assigned bus number 1
[    0.838182] ehci_hcd 0000:02:03.0: cache line size of 32 is not supported
[    0.838190] ehci_hcd 0000:02:03.0: irq 11, io mem 0xc9000000
[    0.848821] ehci_hcd 0000:02:03.0: USB 2.0 started, EHCI 1.00
[    0.848903] hub 1-0:1.0: USB hub found
[    0.848908] hub 1-0:1.0: 6 ports detected
[    0.848939] ohci_hcd: USB 1.1 'Open' Host Controller (OHCI) Driver
[    0.848954] uhci_hcd: USB Universal Host Controller Interface driver
[    0.848985] uhci_hcd 0000:02:00.0: PCI INT A -> Link[LNKC] -> GSI 10 (level, low) -> IRQ 10
[    0.849016] uhci_hcd 0000:02:00.0: UHCI Host Controller
[    0.849053] uhci_hcd 0000:02:00.0: new USB bus registered, assigned bus number 2
[    0.849120] uhci_hcd 0000:02:00.0: irq 10, io base 0x000020c0
[    0.849195] hub 2-0:1.0: USB hub found
[    0.849199] hub 2-0:1.0: 2 ports detected
[    0.849230] usbcore: registered new interface driver libusual
[    0.849261] i8042: PNP: PS/2 Controller [PNP0303:KBC,PNP0f13:MOUS] at 0x60,0x64 irq 1,12
[    0.849534] serio: i8042 KBD port at 0x60,0x64 irq 1
[    0.849542] serio: i8042 AUX port at 0x60,0x64 irq 12
[    0.849628] mousedev: PS/2 mouse device common for all mice
[    0.849832] rtc_cmos 00:04: rtc core: registered rtc_cmos as rtc0
[    0.849850] rtc0: alarms up to one month, y3k, 114 bytes nvram, hpet irqs
[    0.849882] device-mapper: uevent: version 1.0.3
[    0.849979] device-mapper: ioctl: 4.22.0-ioctl (2011-10-19) initialised: dm-devel@redhat.com
[    0.850011] EISA: Probing bus 0 at eisa.0
[    0.850014] EISA: Cannot allocate resource for mainboard
[    0.850017] Cannot allocate resource for EISA slot 1
[    0.850019] Cannot allocate resource for EISA slot 2
[    0.850022] Cannot allocate resource for EISA slot 3
[    0.850024] Cannot allocate resource for EISA slot 4
[    0.850026] Cannot allocate resource for EISA slot 5
[    0.850029] Cannot allocate resource for EISA slot 6
[    0.850031] Cannot allocate resource for EISA slot 7
[    0.850034] Cannot allocate resource for EISA slot 8
[    0.850036] EISA: Detected 0 cards.
[    0.850045] cpufreq-nforce2: No nForce2 chipset.
[    0.850048] cpuidle: using governor ladder
[    0.850051] cpuidle: using governor menu
[    0.850053] EFI Variables Facility v0.08 2004-May-17
[    0.850085] TCP cubic registered
[    0.850116] NET: Registered protocol family 10
[    0.850147] NET: Registered protocol family 17
[    0.850154] Registering the dns_resolver key type
[    0.850232] Using IPI No-Shortcut mode
[    0.850321] PM: Hibernation image not present or could not be loaded.
[    0.850337] registered taskstats version 1
[    0.850681] input: AT Translated Set 2 keyboard as /devices/platform/i8042/serio0/input/input1
[    0.988700] Freeing initrd memory: 13836k freed
[    1.116474]   Magic number: 13:788:671
[    1.136458] rtc_cmos 00:04: setting system clock to 2013-05-27 06:41:07 UTC (1369636867)
[    1.136511] BIOS EDD facility v0.16 2004-Jun-25, 0 devices found
[    1.136514] EDD information not available.
[    1.136752] ata2.00: ATAPI: VMware Virtual IDE CDROM Drive, 00000001, max UDMA/33
[    1.137058] ata2.00: configured for UDMA/33
[    1.180915] isapnp: No Plug & Play device found
[    1.181148] scsi 1:0:0:0: CD-ROM            NECVMWar VMware IDE CDR10 1.00 PQ: 0 ANSI: 5
[    1.181764] sr0: scsi3-mmc drive: 306x/306x cd/rw xa/form2 cdda tray
[    1.181768] cdrom: Uniform CD-ROM driver Revision: 3.20
[    1.181885] sr 1:0:0:0: Attached scsi CD-ROM sr0
[    1.182043] sr 1:0:0:0: Attached scsi generic sg0 type 5
[    1.182129] Freeing unused kernel memory: 740k freed
[    1.182182] Write protecting the kernel text: 5816k
[    1.182196] Write protecting the kernel read-only data: 2376k
[    1.182199] NX-protecting the kernel data: 4424k
[    1.194245] udevd[85]: starting version 175
[    1.208687] VMware vmxnet3 virtual NIC driver - version 1.1.29.0-k-NAPI
[    1.212695] VMware PVSCSI driver - version 1.0.1.0-k
[    1.217601] VMware vmxnet virtual NIC driver
[    1.217653] ACPI: PCI Interrupt Link [LNKD] enabled at IRQ 5
[    1.217657] PCI: setting IRQ 5 as level-triggered
[    1.217663] vmxnet 0000:02:01.0: PCI INT A -> Link[LNKD] -> GSI 5 (level, low) -> IRQ 5
[    1.217716] Found vmxnet/PCI at 0x2024, irq 5.
[    1.217769] features:
[    1.217780] numRxBuffers = 100, numRxBuffers2 = 1
[    1.217833] vmxnet 0000:02:01.0: eth0: set_features() failed (-1); wanted 0x00004000, left 0x00004800
[    1.237007] Fusion MPT base driver 3.04.20
[    1.237011] Copyright (c) 1999-2008 LSI Corporation
[    1.237224] Fusion MPT SPI Host driver 3.04.20
[    1.237275] mptspi 0000:00:10.0: PCI INT A -> Link[LNKB] -> GSI 11 (level, low) -> IRQ 11
[    1.244297] mptbase: ioc0: Initiating bringup
[    1.258816] Floppy drive(s): fd0 is 1.44M
[    1.272387] FDC 0 is a post-1991 82077
[    1.316180] ioc0: LSI53C1030 B0: Capabilities={Initiator}
[    1.348100] usb 2-1: new full-speed USB device number 2 using uhci_hcd
[    1.475992] scsi2 : ioc0: LSI53C1030 B0, FwRev=01032920h, Ports=1, MaxQ=128, IRQ=11
[    1.484056] input: VMware VMware Virtual USB Mouse as /devices/pci0000:00/0000:00:11.0/0000:02:00.0/usb2/2-1/2-1:1.0/input/input2
[    1.484269] generic-usb 0003:0E0F:0003.0001: input,hidraw0: USB HID v1.10 Mouse [VMware VMware Virtual USB Mouse] on usb-0000:02:00.0-1/input0
[    1.484906] input: VMware VMware Virtual USB Mouse as /devices/pci0000:00/0000:00:11.0/0000:02:00.0/usb2/2-1/2-1:1.1/input/input3
[    1.485087] generic-usb 0003:0E0F:0003.0002: input,hidraw1: USB HID v1.10 Mouse [VMware VMware Virtual USB Mouse] on usb-0000:02:00.0-1/input1
[    1.485104] usbcore: registered new interface driver usbhid
[    1.485106] usbhid: USB HID core driver
[    1.588495] scsi 2:0:0:0: Direct-Access     VMware,  VMware Virtual S 1.0  PQ: 0 ANSI: 2
[    1.588532] scsi target2:0:0: Beginning Domain Validation
[    1.589112] scsi target2:0:0: Domain Validation skipping write tests
[    1.589115] scsi target2:0:0: Ending Domain Validation
[    1.589168] scsi target2:0:0: FAST-40 WIDE SCSI 80.0 MB/s ST (25 ns, offset 127)
[    1.591395] sd 2:0:0:0: [sda] 41943040 512-byte logical blocks: (21.4 GB/20.0 GiB)
[    1.591452] sd 2:0:0:0: [sda] Write Protect is off
[    1.591455] sd 2:0:0:0: [sda] Mode Sense: 61 00 00 00
[    1.591510] sd 2:0:0:0: [sda] Cache data unavailable
[    1.591513] sd 2:0:0:0: [sda] Assuming drive cache: write through
[    1.591809] sd 2:0:0:0: [sda] Cache data unavailable
[    1.591812] sd 2:0:0:0: [sda] Assuming drive cache: write through
[    1.591916] usb 2-2: new full-speed USB device number 3 using uhci_hcd
[    1.592606] sd 2:0:0:0: Attached scsi generic sg1 type 0
[    1.593368]  sda: sda1 sda2 < sda5 >
[    1.593759] sd 2:0:0:0: [sda] Cache data unavailable
[    1.593762] sd 2:0:0:0: [sda] Assuming drive cache: write through
[    1.593765] sd 2:0:0:0: [sda] Attached SCSI disk
[    1.630062] EXT4-fs (sda1): INFO: recovery required on readonly filesystem
[    1.630066] EXT4-fs (sda1): write access will be enabled during recovery
[    1.731474] hub 2-2:1.0: USB hub found
[    1.733232] hub 2-2:1.0: 7 ports detected
[    1.787844] EXT4-fs (sda1): recovery complete
[    1.788432] EXT4-fs (sda1): mounted filesystem with ordered data mode. Opts: (null)
[    3.157575] ADDRCONF(NETDEV_UP): eth0: link is not ready
[    3.161369] udevd[326]: starting version 175
[    3.196129] lp: driver loaded but no devices found
[    3.201858] Adding 1046524k swap on /dev/sda5.  Priority:-1 extents:1 across:1046524k 
[    3.303275] EXT4-fs (sda1): re-mounted. Opts: errors=remount-ro
[    3.309122] shpchp: Standard Hot Plug PCI Controller Driver version: 0.4
[    3.309474] [368]: VMCI: shared components initialized.
[    3.309495] Probing for vmci/PCI.
[    3.309662] ACPI: PCI Interrupt Link [LNKA] enabled at IRQ 9
[    3.309664] PCI: setting IRQ 9 as level-triggered
[    3.309670] vmci 0000:00:07.7: PCI INT A -> Link[LNKA] -> GSI 9 (level, low) -> IRQ 9
[    3.309712] Found vmci/PCI at 0x1080, irq 9.
[    3.309745] VMCI: using capabilities 0xc.
[    3.309834] [368]: VMCI: Host capability check passed.
[    3.310112] vmci 0000:00:07.7: irq 72 for MSI/MSI-X
[    3.310144] vmci 0000:00:07.7: irq 73 for MSI/MSI-X
[    3.310422] Registered vmci device.
[    3.322783] [368]: VMCI: Using guest personality
[    3.322788] [368]: VMCI: host components initialized.
[    3.327166] piix4_smbus 0000:00:07.3: Host SMBus controller not enabled!
[    3.329574] [368]: VMCI: Module registered (name=vmci,major=10,minor=57).
[    3.329579] [368]: VMCI: Using host personality
[    3.329582] [368]: VMCI: Module (name=vmci) is initialized
[    3.450763] ppdev: user-space parallel port driver
[    3.451499] parport_pc 00:09: reported by Plug and Play ACPI
[    3.451617] parport0: PC-style at 0x378, irq 7 [PCSPP,TRISTATE]
[    3.459948] Bluetooth: Core ver 2.16
[    3.462371] NET: Registered protocol family 31
[    3.462375] Bluetooth: HCI device and connection manager initialized
[    3.462379] Bluetooth: HCI socket layer initialized
[    3.462381] Bluetooth: L2CAP socket layer initialized
[    3.462390] Bluetooth: SCO socket layer initialized
[    3.481543] Bluetooth: BNEP (Ethernet Emulation) ver 1.3
[    3.481546] Bluetooth: BNEP filters: protocol multicast
[    3.491850] Bluetooth: RFCOMM TTY layer initialized
[    3.491857] Bluetooth: RFCOMM socket layer initialized
[    3.491860] Bluetooth: RFCOMM ver 1.11
[    3.549069] lp0: using parport0 (interrupt-driven).
[    3.561277] type=1400 audit(1369636869.926:2): apparmor="STATUS" operation="profile_load" name="/usr/lib/cups/backend/cups-pdf" pid=574 comm="apparmor_parser"
[    3.561411] type=1400 audit(1369636869.926:3): apparmor="STATUS" operation="profile_load" name="/usr/sbin/cupsd" pid=574 comm="apparmor_parser"
[    3.617468] type=1400 audit(1369636869.982:4): apparmor="STATUS" operation="profile_load" name="/sbin/dhclient" pid=598 comm="apparmor_parser"
[    3.617592] type=1400 audit(1369636869.982:5): apparmor="STATUS" operation="profile_load" name="/usr/lib/NetworkManager/nm-dhcp-client.action" pid=598 comm="apparmor_parser"
[    3.617710] type=1400 audit(1369636869.982:6): apparmor="STATUS" operation="profile_load" name="/usr/lib/connman/scripts/dhclient-script" pid=598 comm="apparmor_parser"
[    3.836654] input: ImPS/2 Generic Wheel Mouse as /devices/platform/i8042/serio1/input/input4
[    3.901027] init: failsafe main process (663) killed by TERM signal
[    3.945484] snd_ens1371 0000:02:02.0: PCI INT A -> Link[LNKA] -> GSI 9 (level, low) -> IRQ 9
[    4.104536] type=1400 audit(1369636870.470:7): apparmor="STATUS" operation="profile_load" name="/usr/lib/lightdm/lightdm/lightdm-guest-session-wrapper" pid=802 comm="apparmor_parser"
[    4.105371] type=1400 audit(1369636870.470:8): apparmor="STATUS" operation="profile_replace" name="/sbin/dhclient" pid=804 comm="apparmor_parser"
[    4.105622] type=1400 audit(1369636870.470:9): apparmor="STATUS" operation="profile_replace" name="/usr/lib/NetworkManager/nm-dhcp-client.action" pid=804 comm="apparmor_parser"
[    4.105680] type=1400 audit(1369636870.470:10): apparmor="STATUS" operation="profile_replace" name="/usr/lib/connman/scripts/dhclient-script" pid=804 comm="apparmor_parser"
[    4.257859] init: alsa-restore main process (862) terminated with status 19
