[    0.000000] Initializing cgroup subsys cpuset
[    0.000000] Initializing cgroup subsys cpu
[    0.000000] Linux version 3.2.0-29-generic-pae (buildd@roseapple) (gcc version 4.6.3 (Ubuntu/Linaro 4.6.3-1ubuntu5) ) #46-Ubuntu SMP Fri Jul 27 17:25:43 UTC 2012 (Ubuntu 3.2.0-29.46-generic-pae 3.2.24)
[    0.000000] KERNEL supported cpus:
[    0.000000]   Intel GenuineIntel
[    0.000000]   AMD AuthenticAMD
[    0.000000]   NSC Geode by NSC
[    0.000000]   Cyrix CyrixInstead
[    0.000000]   Centaur CentaurHauls
[    0.000000]   Transmeta GenuineTMx86
[    0.000000]   Transmeta TransmetaCPU
[    0.000000]   UMC UMC UMC UMC
[    0.000000] Disabled fast string operations
[    0.000000] BIOS-provided physical RAM map:
[    0.000000]  BIOS-e820: 0000000000000000 - 000000000009f000 (usable)
[    0.000000]  BIOS-e820: 000000000009f000 - 00000000000a0000 (reserved)
[    0.000000]  BIOS-e820: 00000000000ca000 - 00000000000cc000 (reserved)
[    0.000000]  BIOS-e820: 00000000000dc000 - 0000000000100000 (reserved)
[    0.000000]  BIOS-e820: 0000000000100000 - 000000003fee0000 (usable)
[    0.000000]  BIOS-e820: 000000003fee0000 - 000000003feff000 (ACPI data)
[    0.000000]  BIOS-e820: 000000003feff000 - 000000003ff00000 (ACPI NVS)
[    0.000000]  BIOS-e820: 000000003ff00000 - 0000000040000000 (usable)
[    0.000000]  BIOS-e820: 00000000e0000000 - 00000000f0000000 (reserved)
[    0.000000]  BIOS-e820: 00000000fec00000 - 00000000fec10000 (reserved)
[    0.000000]  BIOS-e820: 00000000fee00000 - 00000000fee01000 (reserved)
[    0.000000]  BIOS-e820: 00000000fffe0000 - 0000000100000000 (reserved)
[    0.000000] NX (Execute Disable) protection: active
[    0.000000] DMI present.
[    0.000000] DMI: VMware, Inc. VMware Virtual Platform/440BX Desktop Reference Platform, BIOS 6.00 07/02/2012
[    0.000000] Hypervisor detected: VMware
[    0.000000] e820 update range: 0000000000000000 - 0000000000010000 (usable) ==> (reserved)
[    0.000000] e820 remove range: 00000000000a0000 - 0000000000100000 (usable)
[    0.000000] last_pfn = 0x40000 max_arch_pfn = 0x1000000
[    0.000000] MTRR default type: uncachable
[    0.000000] MTRR fixed ranges enabled:
[    0.000000]   00000-9FFFF write-back
[    0.000000]   A0000-BFFFF uncachable
[    0.000000]   C0000-CBFFF write-protect
[    0.000000]   CC000-EFFFF uncachable
[    0.000000]   F0000-FFFFF write-protect
[    0.000000] MTRR variable ranges enabled:
[    0.000000]   0 base 0000000000 mask FFC0000000 write-back
[    0.000000]   1 disabled
[    0.000000]   2 disabled
[    0.000000]   3 disabled
[    0.000000]   4 disabled
[    0.000000]   5 disabled
[    0.000000]   6 disabled
[    0.000000]   7 disabled
[    0.000000] x86 PAT enabled: cpu 0, old 0x0, new 0x7010600070106
[    0.000000] found SMP MP-table at [c00f6bf0] f6bf0
[    0.000000] initial memory mapped : 0 - 02000000
[    0.000000] Base memory trampoline at [c009b000] 9b000 size 16384
[    0.000000] init_memory_mapping: 0000000000000000-0000000037bfe000
[    0.000000]  0000000000 - 0000200000 page 4k
[    0.000000]  0000200000 - 0037a00000 page 2M
[    0.000000]  0037a00000 - 0037bfe000 page 4k
[    0.000000] kernel direct mapping tables up to 37bfe000 @ 1ffb000-2000000
[    0.000000] RAMDISK: 364ea000 - 3726d000
[    0.000000] ACPI: RSDP 000f6b80 00024 (v02 PTLTD )
[    0.000000] ACPI: XSDT 3feed636 0005C (v01 INTEL  440BX    06040000 VMW  01324272)
[    0.000000] ACPI: FACP 3fefee98 000F4 (v04 INTEL  440BX    06040000 PTL  000F4240)
[    0.000000] ACPI: DSDT 3feee366 10B32 (v01 PTLTD  Custom   06040000 MSFT 03000001)
[    0.000000] ACPI: FACS 3fefffc0 00040
[    0.000000] ACPI: BOOT 3feee33e 00028 (v01 PTLTD  $SBFTBL$ 06040000  LTP 00000001)
[    0.000000] ACPI: APIC 3feedc3e 003C2 (v01 PTLTD  ? APIC   06040000  LTP 00000000)
[    0.000000] ACPI: MCFG 3feedc02 0003C (v01 PTLTD  $PCITBL$ 06040000  LTP 00000001)
[    0.000000] ACPI: SRAT 3feed732 004D0 (v02 VMWARE MEMPLUG  06040000 VMW  00000001)
[    0.000000] ACPI: HPET 3feed6fa 00038 (v01 VMWARE VMW HPET 06040000 VMW  00000001)
[    0.000000] ACPI: WAET 3feed6d2 00028 (v01 VMWARE VMW WAET 06040000 VMW  00000001)
[    0.000000] ACPI: Local APIC address 0xfee00000
[    0.000000] 132MB HIGHMEM available.
[    0.000000] 891MB LOWMEM available.
[    0.000000]   mapped low ram: 0 - 37bfe000
[    0.000000]   low ram: 0 - 37bfe000
[    0.000000] Zone PFN ranges:
[    0.000000]   DMA      0x00000010 -> 0x00001000
[    0.000000]   Normal   0x00001000 -> 0x00037bfe
[    0.000000]   HighMem  0x00037bfe -> 0x00040000
[    0.000000] Movable zone start PFN for each node
[    0.000000] early_node_map[3] active PFN ranges
[    0.000000]     0: 0x00000010 -> 0x0000009f
[    0.000000]     0: 0x00000100 -> 0x0003fee0
[    0.000000]     0: 0x0003ff00 -> 0x00040000
[    0.000000] On node 0 totalpages: 261999
[    0.000000] free_area_init_node: node 0, pgdat c1866a40, node_mem_map f73fd200
[    0.000000]   DMA zone: 32 pages used for memmap
[    0.000000]   DMA zone: 0 pages reserved
[    0.000000]   DMA zone: 3951 pages, LIFO batch:0
[    0.000000]   Normal zone: 1752 pages used for memmap
[    0.000000]   Normal zone: 222502 pages, LIFO batch:31
[    0.000000]   HighMem zone: 265 pages used for memmap
[    0.000000]   HighMem zone: 33497 pages, LIFO batch:7
[    0.000000] Using APIC driver default
[    0.000000] ACPI: PM-Timer IO Port: 0x1008
[    0.000000] ACPI: Local APIC address 0xfee00000
[    0.000000] ACPI: LAPIC (acpi_id[0x00] lapic_id[0x00] enabled)
[    0.000000] ACPI: LAPIC (acpi_id[0x01] lapic_id[0x02] disabled)
[    0.000000] ACPI: LAPIC (acpi_id[0x02] lapic_id[0x04] disabled)
[    0.000000] ACPI: LAPIC (acpi_id[0x03] lapic_id[0x06] disabled)
[    0.000000] ACPI: LAPIC (acpi_id[0x04] lapic_id[0x08] disabled)
[    0.000000] ACPI: LAPIC (acpi_id[0x05] lapic_id[0x0a] disabled)
[    0.000000] ACPI: LAPIC (acpi_id[0x06] lapic_id[0x0c] disabled)
[    0.000000] ACPI: LAPIC (acpi_id[0x07] lapic_id[0x0e] disabled)
[    0.000000] ACPI: LAPIC (acpi_id[0x08] lapic_id[0x10] disabled)
[    0.000000] ACPI: LAPIC (acpi_id[0x09] lapic_id[0x12] disabled)
[    0.000000] ACPI: LAPIC (acpi_id[0x0a] lapic_id[0x14] disabled)
[    0.000000] ACPI: LAPIC (acpi_id[0x0b] lapic_id[0x16] disabled)
[    0.000000] ACPI: LAPIC (acpi_id[0x0c] lapic_id[0x18] disabled)
[    0.000000] ACPI: LAPIC (acpi_id[0x0d] lapic_id[0x1a] disabled)
[    0.000000] ACPI: LAPIC (acpi_id[0x0e] lapic_id[0x1c] disabled)
[    0.000000] ACPI: LAPIC (acpi_id[0x0f] lapic_id[0x1e] disabled)
[    0.000000] ACPI: LAPIC (acpi_id[0x10] lapic_id[0x20] disabled)
[    0.000000] ACPI: LAPIC (acpi_id[0x11] lapic_id[0x22] disabled)
[    0.000000] ACPI: LAPIC (acpi_id[0x12] lapic_id[0x24] disabled)
[    0.000000] ACPI: LAPIC (acpi_id[0x13] lapic_id[0x26] disabled)
[    0.000000] ACPI: LAPIC (acpi_id[0x14] lapic_id[0x28] disabled)
[    0.000000] ACPI: LAPIC (acpi_id[0x15] lapic_id[0x2a] disabled)
[    0.000000] ACPI: LAPIC (acpi_id[0x16] lapic_id[0x2c] disabled)
[    0.000000] ACPI: LAPIC (acpi_id[0x17] lapic_id[0x2e] disabled)
[    0.000000] ACPI: LAPIC (acpi_id[0x18] lapic_id[0x30] disabled)
[    0.000000] ACPI: LAPIC (acpi_id[0x19] lapic_id[0x32] disabled)
[    0.000000] ACPI: LAPIC (acpi_id[0x1a] lapic_id[0x34] disabled)
[    0.000000] ACPI: LAPIC (acpi_id[0x1b] lapic_id[0x36] disabled)
[    0.000000] ACPI: LAPIC (acpi_id[0x1c] lapic_id[0x38] disabled)
[    0.000000] ACPI: LAPIC (acpi_id[0x1d] lapic_id[0x3a] disabled)
[    0.000000] ACPI: LAPIC (acpi_id[0x1e] lapic_id[0x3c] disabled)
[    0.000000] ACPI: LAPIC (acpi_id[0x1f] lapic_id[0x3e] disabled)
[    0.000000] ACPI: LAPIC (acpi_id[0x20] lapic_id[0x40] disabled)
[    0.000000] ACPI: LAPIC (acpi_id[0x21] lapic_id[0x42] disabled)
[    0.000000] ACPI: LAPIC (acpi_id[0x22] lapic_id[0x44] disabled)
[    0.000000] ACPI: LAPIC (acpi_id[0x23] lapic_id[0x46] disabled)
[    0.000000] ACPI: LAPIC (acpi_id[0x24] lapic_id[0x48] disabled)
[    0.000000] ACPI: LAPIC (acpi_id[0x25] lapic_id[0x4a] disabled)
[    0.000000] ACPI: LAPIC (acpi_id[0x26] lapic_id[0x4c] disabled)
[    0.000000] ACPI: LAPIC (acpi_id[0x27] lapic_id[0x4e] disabled)
[    0.000000] ACPI: LAPIC (acpi_id[0x28] lapic_id[0x50] disabled)
[    0.000000] ACPI: LAPIC (acpi_id[0x29] lapic_id[0x52] disabled)
[    0.000000] ACPI: LAPIC (acpi_id[0x2a] lapic_id[0x54] disabled)
[    0.000000] ACPI: LAPIC (acpi_id[0x2b] lapic_id[0x56] disabled)
[    0.000000] ACPI: LAPIC (acpi_id[0x2c] lapic_id[0x58] disabled)
[    0.000000] ACPI: LAPIC (acpi_id[0x2d] lapic_id[0x5a] disabled)
[    0.000000] ACPI: LAPIC (acpi_id[0x2e] lapic_id[0x5c] disabled)
[    0.000000] ACPI: LAPIC (acpi_id[0x2f] lapic_id[0x5e] disabled)
[    0.000000] ACPI: LAPIC (acpi_id[0x30] lapic_id[0x60] disabled)
[    0.000000] ACPI: LAPIC (acpi_id[0x31] lapic_id[0x62] disabled)
[    0.000000] ACPI: LAPIC (acpi_id[0x32] lapic_id[0x64] disabled)
[    0.000000] ACPI: LAPIC (acpi_id[0x33] lapic_id[0x66] disabled)
[    0.000000] ACPI: LAPIC (acpi_id[0x34] lapic_id[0x68] disabled)
[    0.000000] ACPI: LAPIC (acpi_id[0x35] lapic_id[0x6a] disabled)
[    0.000000] ACPI: LAPIC (acpi_id[0x36] lapic_id[0x6c] disabled)
[    0.000000] ACPI: LAPIC (acpi_id[0x37] lapic_id[0x6e] disabled)
[    0.000000] ACPI: LAPIC (acpi_id[0x38] lapic_id[0x70] disabled)
[    0.000000] ACPI: LAPIC (acpi_id[0x39] lapic_id[0x72] disabled)
[    0.000000] ACPI: LAPIC (acpi_id[0x3a] lapic_id[0x74] disabled)
[    0.000000] ACPI: LAPIC (acpi_id[0x3b] lapic_id[0x76] disabled)
[    0.000000] ACPI: LAPIC (acpi_id[0x3c] lapic_id[0x78] disabled)
[    0.000000] ACPI: LAPIC (acpi_id[0x3d] lapic_id[0x7a] disabled)
[    0.000000] ACPI: LAPIC (acpi_id[0x3e] lapic_id[0x7c] disabled)
[    0.000000] ACPI: LAPIC (acpi_id[0x3f] lapic_id[0x7e] disabled)
[    0.000000] ACPI: LAPIC_NMI (acpi_id[0x00] high edge lint[0x1])
[    0.000000] ACPI: LAPIC_NMI (acpi_id[0x01] high edge lint[0x1])
[    0.000000] ACPI: LAPIC_NMI (acpi_id[0x02] high edge lint[0x1])
[    0.000000] ACPI: LAPIC_NMI (acpi_id[0x03] high edge lint[0x1])
[    0.000000] ACPI: LAPIC_NMI (acpi_id[0x04] high edge lint[0x1])
[    0.000000] ACPI: LAPIC_NMI (acpi_id[0x05] high edge lint[0x1])
[    0.000000] ACPI: LAPIC_NMI (acpi_id[0x06] high edge lint[0x1])
[    0.000000] ACPI: LAPIC_NMI (acpi_id[0x07] high edge lint[0x1])
[    0.000000] ACPI: LAPIC_NMI (acpi_id[0x08] high edge lint[0x1])
[    0.000000] ACPI: LAPIC_NMI (acpi_id[0x09] high edge lint[0x1])
[    0.000000] ACPI: LAPIC_NMI (acpi_id[0x0a] high edge lint[0x1])
[    0.000000] ACPI: LAPIC_NMI (acpi_id[0x0b] high edge lint[0x1])
[    0.000000] ACPI: LAPIC_NMI (acpi_id[0x0c] high edge lint[0x1])
[    0.000000] ACPI: LAPIC_NMI (acpi_id[0x0d] high edge lint[0x1])
[    0.000000] ACPI: LAPIC_NMI (acpi_id[0x0e] high edge lint[0x1])
[    0.000000] ACPI: LAPIC_NMI (acpi_id[0x0f] high edge lint[0x1])
[    0.000000] ACPI: LAPIC_NMI (acpi_id[0x10] high edge lint[0x1])
[    0.000000] ACPI: LAPIC_NMI (acpi_id[0x11] high edge lint[0x1])
[    0.000000] ACPI: LAPIC_NMI (acpi_id[0x12] high edge lint[0x1])
[    0.000000] ACPI: LAPIC_NMI (acpi_id[0x13] high edge lint[0x1])
[    0.000000] ACPI: LAPIC_NMI (acpi_id[0x14] high edge lint[0x1])
[    0.000000] ACPI: LAPIC_NMI (acpi_id[0x15] high edge lint[0x1])
[    0.000000] ACPI: LAPIC_NMI (acpi_id[0x16] high edge lint[0x1])
[    0.000000] ACPI: LAPIC_NMI (acpi_id[0x17] high edge lint[0x1])
[    0.000000] ACPI: LAPIC_NMI (acpi_id[0x18] high edge lint[0x1])
[    0.000000] ACPI: LAPIC_NMI (acpi_id[0x19] high edge lint[0x1])
[    0.000000] ACPI: LAPIC_NMI (acpi_id[0x1a] high edge lint[0x1])
[    0.000000] ACPI: LAPIC_NMI (acpi_id[0x1b] high edge lint[0x1])
[    0.000000] ACPI: LAPIC_NMI (acpi_id[0x1c] high edge lint[0x1])
[    0.000000] ACPI: LAPIC_NMI (acpi_id[0x1d] high edge lint[0x1])
[    0.000000] ACPI: LAPIC_NMI (acpi_id[0x1e] high edge lint[0x1])
[    0.000000] ACPI: LAPIC_NMI (acpi_id[0x1f] high edge lint[0x1])
[    0.000000] ACPI: LAPIC_NMI (acpi_id[0x20] high edge lint[0x1])
[    0.000000] ACPI: LAPIC_NMI (acpi_id[0x21] high edge lint[0x1])
[    0.000000] ACPI: LAPIC_NMI (acpi_id[0x22] high edge lint[0x1])
[    0.000000] ACPI: LAPIC_NMI (acpi_id[0x23] high edge lint[0x1])
[    0.000000] ACPI: LAPIC_NMI (acpi_id[0x24] high edge lint[0x1])
[    0.000000] ACPI: LAPIC_NMI (acpi_id[0x25] high edge lint[0x1])
[    0.000000] ACPI: LAPIC_NMI (acpi_id[0x26] high edge lint[0x1])
[    0.000000] ACPI: LAPIC_NMI (acpi_id[0x27] high edge lint[0x1])
[    0.000000] ACPI: LAPIC_NMI (acpi_id[0x28] high edge lint[0x1])
[    0.000000] ACPI: LAPIC_NMI (acpi_id[0x29] high edge lint[0x1])
[    0.000000] ACPI: LAPIC_NMI (acpi_id[0x2a] high edge lint[0x1])
[    0.000000] ACPI: LAPIC_NMI (acpi_id[0x2b] high edge lint[0x1])
[    0.000000] ACPI: LAPIC_NMI (acpi_id[0x2c] high edge lint[0x1])
[    0.000000] ACPI: LAPIC_NMI (acpi_id[0x2d] high edge lint[0x1])
[    0.000000] ACPI: LAPIC_NMI (acpi_id[0x2e] high edge lint[0x1])
[    0.000000] ACPI: LAPIC_NMI (acpi_id[0x2f] high edge lint[0x1])
[    0.000000] ACPI: LAPIC_NMI (acpi_id[0x30] high edge lint[0x1])
[    0.000000] ACPI: LAPIC_NMI (acpi_id[0x31] high edge lint[0x1])
[    0.000000] ACPI: LAPIC_NMI (acpi_id[0x32] high edge lint[0x1])
[    0.000000] ACPI: LAPIC_NMI (acpi_id[0x33] high edge lint[0x1])
[    0.000000] ACPI: LAPIC_NMI (acpi_id[0x34] high edge lint[0x1])
[    0.000000] ACPI: LAPIC_NMI (acpi_id[0x35] high edge lint[0x1])
[    0.000000] ACPI: LAPIC_NMI (acpi_id[0x36] high edge lint[0x1])
[    0.000000] ACPI: LAPIC_NMI (acpi_id[0x37] high edge lint[0x1])
[    0.000000] ACPI: LAPIC_NMI (acpi_id[0x38] high edge lint[0x1])
[    0.000000] ACPI: LAPIC_NMI (acpi_id[0x39] high edge lint[0x1])
[    0.000000] ACPI: LAPIC_NMI (acpi_id[0x3a] high edge lint[0x1])
[    0.000000] ACPI: LAPIC_NMI (acpi_id[0x3b] high edge lint[0x1])
[    0.000000] ACPI: LAPIC_NMI (acpi_id[0x3c] high edge lint[0x1])
[    0.000000] ACPI: LAPIC_NMI (acpi_id[0x3d] high edge lint[0x1])
[    0.000000] ACPI: LAPIC_NMI (acpi_id[0x3e] high edge lint[0x1])
[    0.000000] ACPI: LAPIC_NMI (acpi_id[0x3f] high edge lint[0x1])
[    0.000000] ACPI: Skipping IOAPIC probe due to 'noapic' option.
[    0.000000] Using ACPI for processor (LAPIC) configuration information
[    0.000000] ACPI: HPET id: 0x8086af01 base: 0xfed00000
[    0.000000] Intel MultiProcessor Specification v1.4
[    0.000000]     Virtual Wire compatibility mode.
[    0.000000] MPTABLE: OEM ID: INTEL   
[    0.000000] MPTABLE: Product ID: 440BX       
[    0.000000] MPTABLE: APIC at: 0xFEE00000
[    0.000000] IOAPIC[0]: apic_id 1, version 17, address 0xfec00000, GSI 0-23
[    0.000000] Processors: 1
[    0.000000] SMP: Allowing 1 CPUs, 0 hotplug CPUs
[    0.000000] nr_irqs_gsi: 40
[    0.000000] PM: Registered nosave memory: 000000000009f000 - 00000000000a0000
[    0.000000] PM: Registered nosave memory: 00000000000a0000 - 00000000000ca000
[    0.000000] PM: Registered nosave memory: 00000000000ca000 - 00000000000cc000
[    0.000000] PM: Registered nosave memory: 00000000000cc000 - 00000000000dc000
[    0.000000] PM: Registered nosave memory: 00000000000dc000 - 0000000000100000
[    0.000000] Allocating PCI resources starting at 40000000 (gap: 40000000:a0000000)
[    0.000000] Booting paravirtualized kernel on bare hardware
[    0.000000] setup_percpu: NR_CPUS:8 nr_cpumask_bits:8 nr_cpu_ids:1 nr_node_ids:1
[    0.000000] PERCPU: Embedded 14 pages/cpu @f73e8000 s34240 r0 d23104 u57344
[    0.000000] pcpu-alloc: s34240 r0 d23104 u57344 alloc=14*4096
[    0.000000] pcpu-alloc: [0] 0 
[    0.000000] Built 1 zonelists in Zone order, mobility grouping on.  Total pages: 259950
[    0.000000] Kernel command line: BOOT_IMAGE=/boot/vmlinuz-3.2.0-29-generic-pae root=UUID=007b598c-390d-4c65-84a1-4ff752d48633 ro quiet splash maxcpus=0
[    0.000000] PID hash table entries: 4096 (order: 2, 16384 bytes)
[    0.000000] Dentry cache hash table entries: 131072 (order: 7, 524288 bytes)
[    0.000000] Inode-cache hash table entries: 65536 (order: 6, 262144 bytes)
[    0.000000] Initializing CPU#0
[    0.000000] xsave/xrstor: enabled xstate_bv 0x7, cntxt size 0x340
[    0.000000] allocated 4194048 bytes of page_cgroup
[    0.000000] please try 'cgroup_disable=memory' option if you don't want memory cgroups
[    0.000000] Initializing HighMem for node 0 (00037bfe:00040000)
[    0.000000] Memory: 1010624k/1048576k available (5814k kernel code, 37372k reserved, 2841k data, 740k init, 135048k highmem)
[    0.000000] virtual kernel memory layout:
[    0.000000]     fixmap  : 0xfff16000 - 0xfffff000   ( 932 kB)
[    0.000000]     pkmap   : 0xffc00000 - 0xffe00000   (2048 kB)
[    0.000000]     vmalloc : 0xf83fe000 - 0xffbfe000   ( 120 MB)
[    0.000000]     lowmem  : 0xc0000000 - 0xf7bfe000   ( 891 MB)
[    0.000000]       .init : 0xc1875000 - 0xc192e000   ( 740 kB)
[    0.000000]       .data : 0xc15adb64 - 0xc1874240   (2841 kB)
[    0.000000]       .text : 0xc1000000 - 0xc15adb64   (5814 kB)
[    0.000000] Checking if this processor honours the WP bit even in supervisor mode...Ok.
[    0.000000] SLUB: Genslabs=15, HWalign=64, Order=0-3, MinObjects=0, CPUs=1, Nodes=1
[    0.000000] Hierarchical RCU implementation.
[    0.000000] 	RCU dyntick-idle grace-period acceleration is enabled.
[    0.000000] NR_IRQS:2304 nr_irqs:256 16
[    0.000000] CPU 0 irqstacks, hard=f5c08000 soft=f5c0a000
[    0.000000] Extended CMOS year: 2000
[    0.000000] Console: colour VGA+ 80x25
[    0.000000] console [tty0] enabled
[    0.000000] hpet clockevent registered
[    0.000000] TSC freq read from hypervisor : 2394.620 MHz
[    0.000000] Detected 2394.620 MHz processor.
[    0.000001] Calibrating delay loop (skipped) preset value.. 4789.24 BogoMIPS (lpj=9578480)
[    0.000004] pid_max: default: 32768 minimum: 301
[    0.000019] Security Framework initialized
[    0.000033] AppArmor: AppArmor initialized
[    0.000034] Yama: becoming mindful.
[    0.000070] Mount-cache hash table entries: 512
[    0.000150] Initializing cgroup subsys cpuacct
[    0.000154] Initializing cgroup subsys memory
[    0.000158] Initializing cgroup subsys devices
[    0.000159] Initializing cgroup subsys freezer
[    0.000161] Initializing cgroup subsys blkio
[    0.000165] Initializing cgroup subsys perf_event
[    0.000209] Disabled fast string operations
[    0.000212] CPU: Physical Processor ID: 0
[    0.000221] ENERGY_PERF_BIAS: Set to 'normal', was 'performance'
[    0.000222] ENERGY_PERF_BIAS: View and update with x86_energy_perf_policy(8)
[    0.000876] mce: CPU supports 0 MCE banks
[    0.001625] SMP alternatives: switching to UP code
[    0.021115] Freeing SMP alternatives: 24k freed
[    0.021121] ACPI: Core revision 20110623
[    0.029017] ACPI: setting ELCR to 0200 (from 0e20)
[    0.030837] ftrace: allocating 26545 entries in 52 pages
[    0.051362] SMP mode deactivated.
[    0.051392] SMP disabled
[    0.051394] Performance Events: generic architected perfmon v1, core PMU driver.
[    0.051406] ... version:                1
[    0.051407] ... bit width:              48
[    0.051408] ... generic registers:      4
[    0.051409] ... value mask:             0000ffffffffffff
[    0.051410] ... max period:             000000007fffffff
[    0.051411] ... fixed-purpose events:   0
[    0.051412] ... event mask:             000000000000000f
[    0.051502] NMI watchdog enabled, takes one hw-pmu counter.
[    0.051551] Brought up 1 CPUs
[    0.051553] Total of 1 processors activated (4789.24 BogoMIPS).
[    0.051660] devtmpfs: initialized
[    0.051730] EVM: security.selinux
[    0.051731] EVM: security.SMACK64
[    0.051732] EVM: security.capability
[    0.051757] PM: Registering ACPI NVS region at 3feff000 (4096 bytes)
[    0.052492] print_constraints: dummy: 
[    0.052567] RTC time:  7:11:09, date: 05/27/13
[    0.052595] NET: Registered protocol family 16
[    0.052666] EISA bus registered
[    0.052677] ACPI: bus type pci registered
[    0.052822] PCI: MMCONFIG for domain 0000 [bus 00-ff] at [mem 0xe0000000-0xefffffff] (base 0xe0000000)
[    0.052825] PCI: MMCONFIG at [mem 0xe0000000-0xefffffff] reserved in E820
[    0.052826] PCI: Using MMCONFIG for extended config space
[    0.052827] PCI: Using configuration type 1 for base access
[    0.053522] bio: create slab <bio-0> at 0
[    0.053585] ACPI: Added _OSI(Module Device)
[    0.053587] ACPI: Added _OSI(Processor Device)
[    0.053588] ACPI: Added _OSI(3.0 _SCP Extensions)
[    0.053589] ACPI: Added _OSI(Processor Aggregator Device)
[    0.055660] ACPI: EC: Look up EC in DSDT
[    0.060199] [Firmware Bug]: ACPI: BIOS _OSI(Linux) query ignored
[    0.070568] ACPI: Interpreter enabled
[    0.070578] ACPI: (supports S0 S1 S4 S5)
[    0.070592] ACPI: Using PIC for interrupt routing
[    0.113607] ACPI: No dock devices found.
[    0.113610] HEST: Table not found.
[    0.113614] PCI: Using host bridge windows from ACPI; if necessary, use "pci=nocrs" and report a bug
[    0.114439] ACPI: PCI Root Bridge [PCI0] (domain 0000 [bus 00-ff])
[    0.115643] pci_root PNP0A03:00: host bridge window [mem 0x000a0000-0x000bffff]
[    0.115645] pci_root PNP0A03:00: host bridge window [mem 0x000cc000-0x000cffff]
[    0.115647] pci_root PNP0A03:00: host bridge window [mem 0x000d0000-0x000d3fff]
[    0.115648] pci_root PNP0A03:00: host bridge window [mem 0x000d4000-0x000d7fff]
[    0.115650] pci_root PNP0A03:00: host bridge window [mem 0x000d8000-0x000dbfff]
[    0.115652] pci_root PNP0A03:00: host bridge window [mem 0xc0000000-0xfebfffff]
[    0.115653] pci_root PNP0A03:00: host bridge window [io  0x0000-0x0cf7]
[    0.115655] pci_root PNP0A03:00: host bridge window [io  0x0d00-0xfeff]
[    0.115709] pci 0000:00:00.0: [8086:7190] type 0 class 0x000600
[    0.116194] pci 0000:00:01.0: [8086:7191] type 1 class 0x000604
[    0.116611] pci 0000:00:07.0: [8086:7110] type 0 class 0x000601
[    0.117306] pci 0000:00:07.1: [8086:7111] type 0 class 0x000101
[    0.118830] pci 0000:00:07.1: reg 20: [io  0x10c0-0x10cf]
[    0.119656] pci 0000:00:07.3: [8086:7113] type 0 class 0x000680
[    0.121544] pci 0000:00:07.3: quirk: [io  0x1000-0x103f] claimed by PIIX4 ACPI
[    0.121561] pci 0000:00:07.3: quirk: [io  0x1040-0x104f] claimed by PIIX4 SMB
[    0.121861] pci 0000:00:07.7: [15ad:0740] type 0 class 0x000880
[    0.122429] pci 0000:00:07.7: reg 10: [io  0x1080-0x10bf]
[    0.123019] pci 0000:00:07.7: reg 14: [mem 0xc8000000-0xc8001fff 64bit]
[    0.125602] pci 0000:00:0f.0: [15ad:0405] type 0 class 0x000300
[    0.128489] pci 0000:00:0f.0: reg 10: [io  0x10d0-0x10df]
[    0.130630] pci 0000:00:0f.0: reg 14: [mem 0xd0000000-0xd7ffffff pref]
[    0.132773] pci 0000:00:0f.0: reg 18: [mem 0xc8800000-0xc8ffffff]
[    0.140767] pci 0000:00:0f.0: reg 30: [mem 0x00000000-0x00007fff pref]
[    0.141096] pci 0000:00:10.0: [1000:0030] type 0 class 0x000100
[    0.141661] pci 0000:00:10.0: reg 10: [io  0x1400-0x14ff]
[    0.142384] pci 0000:00:10.0: reg 14: [mem 0xc8040000-0xc805ffff 64bit]
[    0.143107] pci 0000:00:10.0: reg 1c: [mem 0xc8020000-0xc803ffff 64bit]
[    0.144181] pci 0000:00:10.0: reg 30: [mem 0x00000000-0x00003fff pref]
[    0.144347] pci 0000:00:11.0: [15ad:0790] type 1 class 0x000604
[    0.145085] pci 0000:00:15.0: [15ad:07a0] type 1 class 0x000604
[    0.145853] pci 0000:00:15.0: PME# supported from D0 D3hot D3cold
[    0.145877] pci 0000:00:15.0: PME# disabled
[    0.146195] pci 0000:00:15.1: [15ad:07a0] type 1 class 0x000604
[    0.146962] pci 0000:00:15.1: PME# supported from D0 D3hot D3cold
[    0.146986] pci 0000:00:15.1: PME# disabled
[    0.147336] pci 0000:00:15.2: [15ad:07a0] type 1 class 0x000604
[    0.148130] pci 0000:00:15.2: PME# supported from D0 D3hot D3cold
[    0.148154] pci 0000:00:15.2: PME# disabled
[    0.148394] pci 0000:00:15.3: [15ad:07a0] type 1 class 0x000604
[    0.149173] pci 0000:00:15.3: PME# supported from D0 D3hot D3cold
[    0.149197] pci 0000:00:15.3: PME# disabled
[    0.149436] pci 0000:00:15.4: [15ad:07a0] type 1 class 0x000604
[    0.150224] pci 0000:00:15.4: PME# supported from D0 D3hot D3cold
[    0.150248] pci 0000:00:15.4: PME# disabled
[    0.150495] pci 0000:00:15.5: [15ad:07a0] type 1 class 0x000604
[    0.151261] pci 0000:00:15.5: PME# supported from D0 D3hot D3cold
[    0.151285] pci 0000:00:15.5: PME# disabled
[    0.151523] pci 0000:00:15.6: [15ad:07a0] type 1 class 0x000604
[    0.152318] pci 0000:00:15.6: PME# supported from D0 D3hot D3cold
[    0.152342] pci 0000:00:15.6: PME# disabled
[    0.152581] pci 0000:00:15.7: [15ad:07a0] type 1 class 0x000604
[    0.153359] pci 0000:00:15.7: PME# supported from D0 D3hot D3cold
[    0.153383] pci 0000:00:15.7: PME# disabled
[    0.153622] pci 0000:00:16.0: [15ad:07a0] type 1 class 0x000604
[    0.154398] pci 0000:00:16.0: PME# supported from D0 D3hot D3cold
[    0.154421] pci 0000:00:16.0: PME# disabled
[    0.154660] pci 0000:00:16.1: [15ad:07a0] type 1 class 0x000604
[    0.155432] pci 0000:00:16.1: PME# supported from D0 D3hot D3cold
[    0.155456] pci 0000:00:16.1: PME# disabled
[    0.155699] pci 0000:00:16.2: [15ad:07a0] type 1 class 0x000604
[    0.156578] pci 0000:00:16.2: PME# supported from D0 D3hot D3cold
[    0.156604] pci 0000:00:16.2: PME# disabled
[    0.156843] pci 0000:00:16.3: [15ad:07a0] type 1 class 0x000604
[    0.157638] pci 0000:00:16.3: PME# supported from D0 D3hot D3cold
[    0.157663] pci 0000:00:16.3: PME# disabled
[    0.157902] pci 0000:00:16.4: [15ad:07a0] type 1 class 0x000604
[    0.158674] pci 0000:00:16.4: PME# supported from D0 D3hot D3cold
[    0.158698] pci 0000:00:16.4: PME# disabled
[    0.158943] pci 0000:00:16.5: [15ad:07a0] type 1 class 0x000604
[    0.159721] pci 0000:00:16.5: PME# supported from D0 D3hot D3cold
[    0.159747] pci 0000:00:16.5: PME# disabled
[    0.159987] pci 0000:00:16.6: [15ad:07a0] type 1 class 0x000604
[    0.160763] pci 0000:00:16.6: PME# supported from D0 D3hot D3cold
[    0.160787] pci 0000:00:16.6: PME# disabled
[    0.161034] pci 0000:00:16.7: [15ad:07a0] type 1 class 0x000604
[    0.161799] pci 0000:00:16.7: PME# supported from D0 D3hot D3cold
[    0.161823] pci 0000:00:16.7: PME# disabled
[    0.162081] pci 0000:00:17.0: [15ad:07a0] type 1 class 0x000604
[    0.162845] pci 0000:00:17.0: PME# supported from D0 D3hot D3cold
[    0.162869] pci 0000:00:17.0: PME# disabled
[    0.163117] pci 0000:00:17.1: [15ad:07a0] type 1 class 0x000604
[    0.163895] pci 0000:00:17.1: PME# supported from D0 D3hot D3cold
[    0.163919] pci 0000:00:17.1: PME# disabled
[    0.164167] pci 0000:00:17.2: [15ad:07a0] type 1 class 0x000604
[    0.164981] pci 0000:00:17.2: PME# supported from D0 D3hot D3cold
[    0.165035] pci 0000:00:17.2: PME# disabled
[    0.165352] pci 0000:00:17.3: [15ad:07a0] type 1 class 0x000604
[    0.166392] pci 0000:00:17.3: PME# supported from D0 D3hot D3cold
[    0.166428] pci 0000:00:17.3: PME# disabled
[    0.166797] pci 0000:00:17.4: [15ad:07a0] type 1 class 0x000604
[    0.167764] pci 0000:00:17.4: PME# supported from D0 D3hot D3cold
[    0.167795] pci 0000:00:17.4: PME# disabled
[    0.168101] pci 0000:00:17.5: [15ad:07a0] type 1 class 0x000604
[    0.169043] pci 0000:00:17.5: PME# supported from D0 D3hot D3cold
[    0.169069] pci 0000:00:17.5: PME# disabled
[    0.169312] pci 0000:00:17.6: [15ad:07a0] type 1 class 0x000604
[    0.170093] pci 0000:00:17.6: PME# supported from D0 D3hot D3cold
[    0.170117] pci 0000:00:17.6: PME# disabled
[    0.170356] pci 0000:00:17.7: [15ad:07a0] type 1 class 0x000604
[    0.171122] pci 0000:00:17.7: PME# supported from D0 D3hot D3cold
[    0.171146] pci 0000:00:17.7: PME# disabled
[    0.171385] pci 0000:00:18.0: [15ad:07a0] type 1 class 0x000604
[    0.172182] pci 0000:00:18.0: PME# supported from D0 D3hot D3cold
[    0.172206] pci 0000:00:18.0: PME# disabled
[    0.172445] pci 0000:00:18.1: [15ad:07a0] type 1 class 0x000604
[    0.173232] pci 0000:00:18.1: PME# supported from D0 D3hot D3cold
[    0.173256] pci 0000:00:18.1: PME# disabled
[    0.173496] pci 0000:00:18.2: [15ad:07a0] type 1 class 0x000604
[    0.174265] pci 0000:00:18.2: PME# supported from D0 D3hot D3cold
[    0.174290] pci 0000:00:18.2: PME# disabled
[    0.174528] pci 0000:00:18.3: [15ad:07a0] type 1 class 0x000604
[    0.175302] pci 0000:00:18.3: PME# supported from D0 D3hot D3cold
[    0.175326] pci 0000:00:18.3: PME# disabled
[    0.175565] pci 0000:00:18.4: [15ad:07a0] type 1 class 0x000604
[    0.176352] pci 0000:00:18.4: PME# supported from D0 D3hot D3cold
[    0.176377] pci 0000:00:18.4: PME# disabled
[    0.176628] pci 0000:00:18.5: [15ad:07a0] type 1 class 0x000604
[    0.177517] pci 0000:00:18.5: PME# supported from D0 D3hot D3cold
[    0.177547] pci 0000:00:18.5: PME# disabled
[    0.177841] pci 0000:00:18.6: [15ad:07a0] type 1 class 0x000604
[    0.178785] pci 0000:00:18.6: PME# supported from D0 D3hot D3cold
[    0.178814] pci 0000:00:18.6: PME# disabled
[    0.179106] pci 0000:00:18.7: [15ad:07a0] type 1 class 0x000604
[    0.180069] pci 0000:00:18.7: PME# supported from D0 D3hot D3cold
[    0.180097] pci 0000:00:18.7: PME# disabled
[    0.180840] pci 0000:00:01.0: PCI bridge to [bus 01-01]
[    0.181234] pci 0000:02:00.0: [15ad:0774] type 0 class 0x000c03
[    0.183142] pci 0000:02:00.0: reg 20: [io  0x20c0-0x20df]
[    0.183801] pci 0000:02:01.0: [1022:2000] type 0 class 0x000200
[    0.184104] pci 0000:02:01.0: reg 10: [io  0x2000-0x207f]
[    0.185663] pci 0000:02:01.0: reg 30: [mem 0x00000000-0x0000ffff pref]
[    0.185795] pci 0000:02:02.0: [1274:1371] type 0 class 0x000401
[    0.186135] pci 0000:02:02.0: reg 10: [io  0x2080-0x20bf]
[    0.188662] pci 0000:02:03.0: [15ad:0770] type 0 class 0x000c03
[    0.189035] pci 0000:02:03.0: reg 10: [mem 0xc9000000-0xc9000fff]
[    0.190776] pci 0000:00:11.0: PCI bridge to [bus 02-02] (subtractive decode)
[    0.190801] pci 0000:00:11.0:   bridge window [io  0x2000-0x3fff]
[    0.190824] pci 0000:00:11.0:   bridge window [mem 0xc9000000-0xca3fffff]
[    0.190868] pci 0000:00:11.0:   bridge window [mem 0xd8400000-0xd89fffff 64bit pref]
[    0.190871] pci 0000:00:11.0:   bridge window [mem 0x000a0000-0x000bffff] (subtractive decode)
[    0.190872] pci 0000:00:11.0:   bridge window [mem 0x000cc000-0x000cffff] (subtractive decode)
[    0.190874] pci 0000:00:11.0:   bridge window [mem 0x000d0000-0x000d3fff] (subtractive decode)
[    0.190876] pci 0000:00:11.0:   bridge window [mem 0x000d4000-0x000d7fff] (subtractive decode)
[    0.190877] pci 0000:00:11.0:   bridge window [mem 0x000d8000-0x000dbfff] (subtractive decode)
[    0.190879] pci 0000:00:11.0:   bridge window [mem 0xc0000000-0xfebfffff] (subtractive decode)
[    0.190880] pci 0000:00:11.0:   bridge window [io  0x0000-0x0cf7] (subtractive decode)
[    0.190882] pci 0000:00:11.0:   bridge window [io  0x0d00-0xfeff] (subtractive decode)
[    0.191362] pci 0000:00:15.0: PCI bridge to [bus 03-03]
[    0.191385] pci 0000:00:15.0:   bridge window [io  0x4000-0x4fff]
[    0.191408] pci 0000:00:15.0:   bridge window [mem 0xca400000-0xca4fffff]
[    0.191452] pci 0000:00:15.0:   bridge window [mem 0xd8a00000-0xd8afffff 64bit pref]
[    0.191939] pci 0000:00:15.1: PCI bridge to [bus 04-04]
[    0.191967] pci 0000:00:15.1:   bridge window [io  0x8000-0x8fff]
[    0.191991] pci 0000:00:15.1:   bridge window [mem 0xca800000-0xca8fffff]
[    0.192035] pci 0000:00:15.1:   bridge window [mem 0xd8e00000-0xd8efffff 64bit pref]
[    0.192499] pci 0000:00:15.2: PCI bridge to [bus 05-05]
[    0.192522] pci 0000:00:15.2:   bridge window [io  0xc000-0xcfff]
[    0.192545] pci 0000:00:15.2:   bridge window [mem 0xcac00000-0xcacfffff]
[    0.192589] pci 0000:00:15.2:   bridge window [mem 0xd9200000-0xd92fffff 64bit pref]
[    0.193088] pci 0000:00:15.3: PCI bridge to [bus 06-06]
[    0.193131] pci 0000:00:15.3:   bridge window [mem 0xcb000000-0xcb0fffff]
[    0.193175] pci 0000:00:15.3:   bridge window [mem 0xd9600000-0xd96fffff 64bit pref]
[    0.193640] pci 0000:00:15.4: PCI bridge to [bus 07-07]
[    0.193683] pci 0000:00:15.4:   bridge window [mem 0xcb400000-0xcb4fffff]
[    0.193727] pci 0000:00:15.4:   bridge window [mem 0xd9a00000-0xd9afffff 64bit pref]
[    0.194250] pci 0000:00:15.5: PCI bridge to [bus 08-08]
[    0.194294] pci 0000:00:15.5:   bridge window [mem 0xcb800000-0xcb8fffff]
[    0.194337] pci 0000:00:15.5:   bridge window [mem 0xd9e00000-0xd9efffff 64bit pref]
[    0.194803] pci 0000:00:15.6: PCI bridge to [bus 09-09]
[    0.194847] pci 0000:00:15.6:   bridge window [mem 0xcbc00000-0xcbcfffff]
[    0.194890] pci 0000:00:15.6:   bridge window [mem 0xda200000-0xda2fffff 64bit pref]
[    0.195390] pci 0000:00:15.7: PCI bridge to [bus 0a-0a]
[    0.195447] pci 0000:00:15.7:   bridge window [mem 0xcc000000-0xcc0fffff]
[    0.195502] pci 0000:00:15.7:   bridge window [mem 0xda600000-0xda6fffff 64bit pref]
[    0.196201] pci 0000:00:16.0: PCI bridge to [bus 0b-0b]
[    0.196225] pci 0000:00:16.0:   bridge window [io  0x5000-0x5fff]
[    0.196248] pci 0000:00:16.0:   bridge window [mem 0xca500000-0xca5fffff]
[    0.196292] pci 0000:00:16.0:   bridge window [mem 0xd8b00000-0xd8bfffff 64bit pref]
[    0.196757] pci 0000:00:16.1: PCI bridge to [bus 0c-0c]
[    0.196779] pci 0000:00:16.1:   bridge window [io  0x9000-0x9fff]
[    0.196802] pci 0000:00:16.1:   bridge window [mem 0xca900000-0xca9fffff]
[    0.196846] pci 0000:00:16.1:   bridge window [mem 0xd8f00000-0xd8ffffff 64bit pref]
[    0.197333] pci 0000:00:16.2: PCI bridge to [bus 0d-0d]
[    0.197357] pci 0000:00:16.2:   bridge window [io  0xd000-0xdfff]
[    0.197380] pci 0000:00:16.2:   bridge window [mem 0xcad00000-0xcadfffff]
[    0.197424] pci 0000:00:16.2:   bridge window [mem 0xd9300000-0xd93fffff 64bit pref]
[    0.197937] pci 0000:00:16.3: PCI bridge to [bus 0e-0e]
[    0.198001] pci 0000:00:16.3:   bridge window [mem 0xcb100000-0xcb1fffff]
[    0.198057] pci 0000:00:16.3:   bridge window [mem 0xd9700000-0xd97fffff 64bit pref]
[    0.198747] pci 0000:00:16.4: PCI bridge to [bus 0f-0f]
[    0.198791] pci 0000:00:16.4:   bridge window [mem 0xcb500000-0xcb5fffff]
[    0.198835] pci 0000:00:16.4:   bridge window [mem 0xd9b00000-0xd9bfffff 64bit pref]
[    0.199335] pci 0000:00:16.5: PCI bridge to [bus 10-10]
[    0.199380] pci 0000:00:16.5:   bridge window [mem 0xcb900000-0xcb9fffff]
[    0.199424] pci 0000:00:16.5:   bridge window [mem 0xd9f00000-0xd9ffffff 64bit pref]
[    0.199927] pci 0000:00:16.6: PCI bridge to [bus 11-11]
[    0.199981] pci 0000:00:16.6:   bridge window [mem 0xcbd00000-0xcbdfffff]
[    0.200026] pci 0000:00:16.6:   bridge window [mem 0xda300000-0xda3fffff 64bit pref]
[    0.200501] pci 0000:00:16.7: PCI bridge to [bus 12-12]
[    0.200546] pci 0000:00:16.7:   bridge window [mem 0xcc100000-0xcc1fffff]
[    0.200590] pci 0000:00:16.7:   bridge window [mem 0xda700000-0xda7fffff 64bit pref]
[    0.201072] pci 0000:00:17.0: PCI bridge to [bus 13-13]
[    0.201094] pci 0000:00:17.0:   bridge window [io  0x6000-0x6fff]
[    0.201118] pci 0000:00:17.0:   bridge window [mem 0xca600000-0xca6fffff]
[    0.201162] pci 0000:00:17.0:   bridge window [mem 0xd8c00000-0xd8cfffff 64bit pref]
[    0.201632] pci 0000:00:17.1: PCI bridge to [bus 14-14]
[    0.201655] pci 0000:00:17.1:   bridge window [io  0xa000-0xafff]
[    0.201678] pci 0000:00:17.1:   bridge window [mem 0xcaa00000-0xcaafffff]
[    0.201721] pci 0000:00:17.1:   bridge window [mem 0xd9000000-0xd90fffff 64bit pref]
[    0.202198] pci 0000:00:17.2: PCI bridge to [bus 15-15]
[    0.202220] pci 0000:00:17.2:   bridge window [io  0xe000-0xefff]
[    0.202244] pci 0000:00:17.2:   bridge window [mem 0xcae00000-0xcaefffff]
[    0.202287] pci 0000:00:17.2:   bridge window [mem 0xd9400000-0xd94fffff 64bit pref]
[    0.202757] pci 0000:00:17.3: PCI bridge to [bus 16-16]
[    0.202800] pci 0000:00:17.3:   bridge window [mem 0xcb200000-0xcb2fffff]
[    0.202844] pci 0000:00:17.3:   bridge window [mem 0xd9800000-0xd98fffff 64bit pref]
[    0.203314] pci 0000:00:17.4: PCI bridge to [bus 17-17]
[    0.203358] pci 0000:00:17.4:   bridge window [mem 0xcb600000-0xcb6fffff]
[    0.203401] pci 0000:00:17.4:   bridge window [mem 0xd9c00000-0xd9cfffff 64bit pref]
[    0.203888] pci 0000:00:17.5: PCI bridge to [bus 18-18]
[    0.203932] pci 0000:00:17.5:   bridge window [mem 0xcba00000-0xcbafffff]
[    0.203986] pci 0000:00:17.5:   bridge window [mem 0xda000000-0xda0fffff 64bit pref]
[    0.204449] pci 0000:00:17.6: PCI bridge to [bus 19-19]
[    0.204493] pci 0000:00:17.6:   bridge window [mem 0xcbe00000-0xcbefffff]
[    0.204537] pci 0000:00:17.6:   bridge window [mem 0xda400000-0xda4fffff 64bit pref]
[    0.205018] pci 0000:00:17.7: PCI bridge to [bus 1a-1a]
[    0.205062] pci 0000:00:17.7:   bridge window [mem 0xcc200000-0xcc2fffff]
[    0.205105] pci 0000:00:17.7:   bridge window [mem 0xda800000-0xda8fffff 64bit pref]
[    0.205631] pci 0000:00:18.0: PCI bridge to [bus 1b-1b]
[    0.205661] pci 0000:00:18.0:   bridge window [io  0x7000-0x7fff]
[    0.205692] pci 0000:00:18.0:   bridge window [mem 0xca700000-0xca7fffff]
[    0.205751] pci 0000:00:18.0:   bridge window [mem 0xd8d00000-0xd8dfffff 64bit pref]
[    0.206251] pci 0000:00:18.1: PCI bridge to [bus 1c-1c]
[    0.206274] pci 0000:00:18.1:   bridge window [io  0xb000-0xbfff]
[    0.206297] pci 0000:00:18.1:   bridge window [mem 0xcab00000-0xcabfffff]
[    0.206341] pci 0000:00:18.1:   bridge window [mem 0xd9100000-0xd91fffff 64bit pref]
[    0.206805] pci 0000:00:18.2: PCI bridge to [bus 1d-1d]
[    0.206828] pci 0000:00:18.2:   bridge window [io  0xf000-0xffff]
[    0.206851] pci 0000:00:18.2:   bridge window [mem 0xcaf00000-0xcaffffff]
[    0.206895] pci 0000:00:18.2:   bridge window [mem 0xd9500000-0xd95fffff 64bit pref]
[    0.207373] pci 0000:00:18.3: PCI bridge to [bus 1e-1e]
[    0.207416] pci 0000:00:18.3:   bridge window [mem 0xcb300000-0xcb3fffff]
[    0.207460] pci 0000:00:18.3:   bridge window [mem 0xd9900000-0xd99fffff 64bit pref]
[    0.207950] pci 0000:00:18.4: PCI bridge to [bus 1f-1f]
[    0.207994] pci 0000:00:18.4:   bridge window [mem 0xcb700000-0xcb7fffff]
[    0.208037] pci 0000:00:18.4:   bridge window [mem 0xd9d00000-0xd9dfffff 64bit pref]
[    0.208501] pci 0000:00:18.5: PCI bridge to [bus 20-20]
[    0.208545] pci 0000:00:18.5:   bridge window [mem 0xcbb00000-0xcbbfffff]
[    0.208588] pci 0000:00:18.5:   bridge window [mem 0xda100000-0xda1fffff 64bit pref]
[    0.209080] pci 0000:00:18.6: PCI bridge to [bus 21-21]
[    0.209124] pci 0000:00:18.6:   bridge window [mem 0xcbf00000-0xcbffffff]
[    0.209168] pci 0000:00:18.6:   bridge window [mem 0xda500000-0xda5fffff 64bit pref]
[    0.209633] pci 0000:00:18.7: PCI bridge to [bus 22-22]
[    0.209677] pci 0000:00:18.7:   bridge window [mem 0xcc300000-0xcc3fffff]
[    0.209721] pci 0000:00:18.7:   bridge window [mem 0xda900000-0xda9fffff 64bit pref]
[    0.211459] pci_bus 0000:00: on NUMA node 0
[    0.211465] ACPI: PCI Interrupt Routing Table [\_SB_.PCI0._PRT]
[    0.212099]  pci0000:00: Requesting ACPI _OSC control (0x1d)
[    0.212302]  pci0000:00: ACPI _OSC control (0x15) granted
[    0.289885] ACPI: PCI Interrupt Link [LNKA] (IRQs 3 4 5 6 7 *9 10 11 14 15)
[    0.289957] ACPI: PCI Interrupt Link [LNKB] (IRQs 3 4 5 6 7 9 10 *11 14 15)
[    0.290023] ACPI: PCI Interrupt Link [LNKC] (IRQs 3 4 5 6 7 9 *10 11 14 15)
[    0.290088] ACPI: PCI Interrupt Link [LNKD] (IRQs 3 4 *5 6 7 9 10 11 14 15)
[    0.290223] vgaarb: device added: PCI:0000:00:0f.0,decodes=io+mem,owns=io+mem,locks=none
[    0.290232] vgaarb: loaded
[    0.290233] vgaarb: bridge control possible 0000:00:0f.0
[    0.290311] i2c-core: driver [aat2870] using legacy suspend method
[    0.290313] i2c-core: driver [aat2870] using legacy resume method
[    0.290374] SCSI subsystem initialized
[    0.290412] libata version 3.00 loaded.
[    0.290441] usbcore: registered new interface driver usbfs
[    0.290450] usbcore: registered new interface driver hub
[    0.290472] usbcore: registered new device driver usb
[    0.290535] PCI: Using ACPI for IRQ routing
[    0.369982] PCI: pci_cache_line_size set to 64 bytes
[    0.370013] pci 0000:00:18.2: no compatible bridge window for [io  0xf000-0xffff]
[    0.371363] reserve RAM buffer: 000000000009f000 - 000000000009ffff 
[    0.371368] reserve RAM buffer: 000000003fee0000 - 000000003fffffff 
[    0.371513] NetLabel: Initializing
[    0.371515] NetLabel:  domain hash size = 128
[    0.371516] NetLabel:  protocols = UNLABELED CIPSOv4
[    0.371527] NetLabel:  unlabeled traffic allowed by default
[    0.371770] hpet0: at MMIO 0xfed00000, IRQs 2, 8, 0, 0, 0, 0, 0, 0, 0, 0, 0, 0, 0, 0, 0, 0
[    0.371780] hpet0: 16 comparators, 64-bit 14.318180 MHz counter
[    0.374913] Switching to clocksource hpet
[    0.384081] AppArmor: AppArmor Filesystem Enabled
[    0.384107] pnp: PnP ACPI init
[    0.384130] ACPI: bus type pnp registered
[    0.385110] pnp 00:00: [bus 00-ff]
[    0.385114] pnp 00:00: [mem 0x000a0000-0x000bffff window]
[    0.385116] pnp 00:00: [mem 0x000c0000-0x000c3fff window]
[    0.385118] pnp 00:00: [mem 0x000c4000-0x000c7fff window]
[    0.385120] pnp 00:00: [mem 0x000c8000-0x000cbfff window]
[    0.385123] pnp 00:00: [mem 0x000cc000-0x000cffff window]
[    0.385125] pnp 00:00: [mem 0x000d0000-0x000d3fff window]
[    0.385127] pnp 00:00: [mem 0x000d4000-0x000d7fff window]
[    0.385129] pnp 00:00: [mem 0x000d8000-0x000dbfff window]
[    0.385132] pnp 00:00: [mem 0x000dc000-0x000dffff window]
[    0.385134] pnp 00:00: [mem 0x000e0000-0x000e3fff window]
[    0.385137] pnp 00:00: [mem 0x000e4000-0x000e7fff window]
[    0.385139] pnp 00:00: [mem 0x000e8000-0x000ebfff window]
[    0.385141] pnp 00:00: [mem 0x000ec000-0x000effff window]
[    0.385143] pnp 00:00: [mem 0xc0000000-0xfebfffff window]
[    0.385146] pnp 00:00: [io  0x0cf8-0x0cff]
[    0.385148] pnp 00:00: [io  0x0000-0x0cf7 window]
[    0.385150] pnp 00:00: [io  0x0d00-0xfeff window]
[    0.385205] pnp 00:00: Plug and Play ACPI device, IDs PNP0a03 PNP0a08 (active)
[    0.385301] pnp 00:01: [io  0x0010-0x001f]
[    0.385304] pnp 00:01: [io  0x0024-0x0025]
[    0.385306] pnp 00:01: [io  0x0028-0x0029]
[    0.385308] pnp 00:01: [io  0x002c-0x002d]
[    0.385310] pnp 00:01: [io  0x002e-0x002f]
[    0.385312] pnp 00:01: [io  0x0030-0x0031]
[    0.385314] pnp 00:01: [io  0x0034-0x0035]
[    0.385316] pnp 00:01: [io  0x0038-0x0039]
[    0.385317] pnp 00:01: [io  0x003c-0x003d]
[    0.385319] pnp 00:01: [io  0x0050-0x0053]
[    0.385321] pnp 00:01: [io  0x0072-0x0077]
[    0.385323] pnp 00:01: [io  0x0080]
[    0.385325] pnp 00:01: [io  0x0090-0x009f]
[    0.385327] pnp 00:01: [io  0x00a4-0x00a5]
[    0.385329] pnp 00:01: [io  0x00a8-0x00a9]
[    0.385331] pnp 00:01: [io  0x00ac-0x00ad]
[    0.385333] pnp 00:01: [io  0x00b0-0x00b5]
[    0.385335] pnp 00:01: [io  0x00b8-0x00b9]
[    0.385337] pnp 00:01: [io  0x00bc-0x00bd]
[    0.385339] pnp 00:01: [io  0x1000-0x103f]
[    0.385341] pnp 00:01: [io  0x1040-0x104f]
[    0.385343] pnp 00:01: [io  0x0cf0-0x0cf1]
[    0.385429] system 00:01: [io  0x1000-0x103f] has been reserved
[    0.385436] system 00:01: [io  0x1040-0x104f] has been reserved
[    0.385439] system 00:01: [io  0x0cf0-0x0cf1] has been reserved
[    0.385443] system 00:01: Plug and Play ACPI device, IDs PNP0c02 (active)
[    0.385454] pnp 00:02: [io  0x0000-0x000f]
[    0.385456] pnp 00:02: [io  0x0081-0x008f]
[    0.385458] pnp 00:02: [io  0x00c0-0x00df]
[    0.385461] pnp 00:02: [dma 4]
[    0.385488] pnp 00:02: Plug and Play ACPI device, IDs PNP0200 (active)
[    0.385498] pnp 00:03: [io  0x0020-0x0021]
[    0.385500] pnp 00:03: [io  0x00a0-0x00a1]
[    0.385502] pnp 00:03: [io  0x04d0-0x04d1]
[    0.385504] pnp 00:03: [irq 2 disabled]
[    0.385531] pnp 00:03: Plug and Play ACPI device, IDs PNP0001 (active)
[    0.385543] pnp 00:04: [io  0x0070-0x0071]
[    0.385546] pnp 00:04: [irq 8]
[    0.385569] pnp 00:04: Plug and Play ACPI device, IDs PNP0b00 (active)
[    0.385578] pnp 00:05: [io  0x0061]
[    0.385601] pnp 00:05: Plug and Play ACPI device, IDs PNP0800 (active)
[    0.385609] pnp 00:06: [io  0x0060]
[    0.385611] pnp 00:06: [io  0x0064]
[    0.385613] pnp 00:06: [irq 1]
[    0.385640] pnp 00:06: Plug and Play ACPI device, IDs PNP0303 (active)
[    0.385650] pnp 00:07: [irq 12]
[    0.385673] pnp 00:07: Plug and Play ACPI device, IDs PNP0f13 (active)
[    0.385909] pnp 00:08: [mem 0xfed00000-0xfed003ff]
[    0.385963] system 00:08: [mem 0xfed00000-0xfed003ff] has been reserved
[    0.385967] system 00:08: Plug and Play ACPI device, IDs PNP0103 PNP0c01 (active)
[    0.392413] pnp 00:09: [io  0x0378-0x037f]
[    0.392417] pnp 00:09: [irq 7]
[    0.394140] pnp 00:09: Plug and Play ACPI device, IDs PNP0400 (active)
[    0.400037] pnp 00:0a: [io  0x03f8-0x03ff]
[    0.400042] pnp 00:0a: [irq 4]
[    0.401734] pnp 00:0a: Plug and Play ACPI device, IDs PNP0501 (active)
[    0.406659] pnp 00:0b: [io  0x02f8-0x02ff]
[    0.406664] pnp 00:0b: [irq 3]
[    0.408362] pnp 00:0b: Plug and Play ACPI device, IDs PNP0501 (active)
[    0.415680] pnp 00:0c: [io  0x03f0-0x03f5]
[    0.415683] pnp 00:0c: [io  0x03f7]
[    0.415686] pnp 00:0c: [irq 6]
[    0.415688] pnp 00:0c: [dma 2]
[    0.417189] pnp 00:0c: Plug and Play ACPI device, IDs PNP0700 (active)
[    0.417435] pnp 00:0d: [mem 0xe0000000-0xefffffff]
[    0.417438] pnp 00:0d: [io  0x1060-0x107f]
[    0.417440] pnp 00:0d: [mem 0xc8200000-0xc83fffff]
[    0.417512] system 00:0d: [io  0x1060-0x107f] has been reserved
[    0.417517] system 00:0d: [mem 0xe0000000-0xefffffff] has been reserved
[    0.417520] system 00:0d: [mem 0xc8200000-0xc83fffff] has been reserved
[    0.417524] system 00:0d: Plug and Play ACPI device, IDs PNP0c02 (active)
[    0.424968] pnp: PnP ACPI: found 14 devices
[    0.424970] ACPI: ACPI bus type pnp unregistered
[    0.424975] PnPBIOS: Disabled by ACPI PNP
[    0.461646] PCI: max bus depth: 1 pci_try_num: 2
[    0.462838] pci 0000:00:0f.0: BAR 6: assigned [mem 0xc0000000-0xc0007fff pref]
[    0.462843] pci 0000:00:10.0: BAR 6: assigned [mem 0xc0008000-0xc000bfff pref]
[    0.462848] pci 0000:00:18.7: BAR 13: can't assign io (size 0x1000)
[    0.462851] pci 0000:00:18.6: BAR 13: can't assign io (size 0x1000)
[    0.462854] pci 0000:00:18.5: BAR 13: can't assign io (size 0x1000)
[    0.462857] pci 0000:00:18.4: BAR 13: can't assign io (size 0x1000)
[    0.462860] pci 0000:00:18.3: BAR 13: can't assign io (size 0x1000)
[    0.462863] pci 0000:00:18.2: BAR 13: can't assign io (size 0x1000)
[    0.462866] pci 0000:00:17.7: BAR 13: can't assign io (size 0x1000)
[    0.462869] pci 0000:00:17.6: BAR 13: can't assign io (size 0x1000)
[    0.462873] pci 0000:00:17.5: BAR 13: can't assign io (size 0x1000)
[    0.462878] pci 0000:00:17.4: BAR 13: can't assign io (size 0x1000)
[    0.462883] pci 0000:00:17.3: BAR 13: can't assign io (size 0x1000)
[    0.462887] pci 0000:00:16.7: BAR 13: can't assign io (size 0x1000)
[    0.462890] pci 0000:00:16.6: BAR 13: can't assign io (size 0x1000)
[    0.462893] pci 0000:00:16.5: BAR 13: can't assign io (size 0x1000)
[    0.462896] pci 0000:00:16.4: BAR 13: can't assign io (size 0x1000)
[    0.462900] pci 0000:00:16.3: BAR 13: can't assign io (size 0x1000)
[    0.462905] pci 0000:00:15.7: BAR 13: can't assign io (size 0x1000)
[    0.462910] pci 0000:00:15.6: BAR 13: can't assign io (size 0x1000)
[    0.462915] pci 0000:00:15.5: BAR 13: can't assign io (size 0x1000)
[    0.462918] pci 0000:00:15.4: BAR 13: can't assign io (size 0x1000)
[    0.462921] pci 0000:00:15.3: BAR 13: can't assign io (size 0x1000)
[    0.462924] pci 0000:00:01.0: PCI bridge to [bus 01-01]
[    0.462966] pci 0000:02:01.0: BAR 6: assigned [mem 0xd8400000-0xd840ffff pref]
[    0.462968] pci 0000:00:11.0: PCI bridge to [bus 02-02]
[    0.462983] pci 0000:00:11.0:   bridge window [io  0x2000-0x3fff]
[    0.463018] pci 0000:00:11.0:   bridge window [mem 0xc9000000-0xca3fffff]
[    0.463045] pci 0000:00:11.0:   bridge window [mem 0xd8400000-0xd89fffff 64bit pref]
[    0.463087] pci 0000:00:15.0: PCI bridge to [bus 03-03]
[    0.463103] pci 0000:00:15.0:   bridge window [io  0x4000-0x4fff]
[    0.463143] pci 0000:00:15.0:   bridge window [mem 0xca400000-0xca4fffff]
[    0.463167] pci 0000:00:15.0:   bridge window [mem 0xd8a00000-0xd8afffff 64bit pref]
[    0.463209] pci 0000:00:15.1: PCI bridge to [bus 04-04]
[    0.463226] pci 0000:00:15.1:   bridge window [io  0x8000-0x8fff]
[    0.463265] pci 0000:00:15.1:   bridge window [mem 0xca800000-0xca8fffff]
[    0.463303] pci 0000:00:15.1:   bridge window [mem 0xd8e00000-0xd8efffff 64bit pref]
[    0.463345] pci 0000:00:15.2: PCI bridge to [bus 05-05]
[    0.463360] pci 0000:00:15.2:   bridge window [io  0xc000-0xcfff]
[    0.463394] pci 0000:00:15.2:   bridge window [mem 0xcac00000-0xcacfffff]
[    0.463417] pci 0000:00:15.2:   bridge window [mem 0xd9200000-0xd92fffff 64bit pref]
[    0.463459] pci 0000:00:15.3: PCI bridge to [bus 06-06]
[    0.463500] pci 0000:00:15.3:   bridge window [mem 0xcb000000-0xcb0fffff]
[    0.463528] pci 0000:00:15.3:   bridge window [mem 0xd9600000-0xd96fffff 64bit pref]
[    0.463570] pci 0000:00:15.4: PCI bridge to [bus 07-07]
[    0.463604] pci 0000:00:15.4:   bridge window [mem 0xcb400000-0xcb4fffff]
[    0.463630] pci 0000:00:15.4:   bridge window [mem 0xd9a00000-0xd9afffff 64bit pref]
[    0.463672] pci 0000:00:15.5: PCI bridge to [bus 08-08]
[    0.463713] pci 0000:00:15.5:   bridge window [mem 0xcb800000-0xcb8fffff]
[    0.463743] pci 0000:00:15.5:   bridge window [mem 0xd9e00000-0xd9efffff 64bit pref]
[    0.463784] pci 0000:00:15.6: PCI bridge to [bus 09-09]
[    0.463821] pci 0000:00:15.6:   bridge window [mem 0xcbc00000-0xcbcfffff]
[    0.463849] pci 0000:00:15.6:   bridge window [mem 0xda200000-0xda2fffff 64bit pref]
[    0.463890] pci 0000:00:15.7: PCI bridge to [bus 0a-0a]
[    0.463931] pci 0000:00:15.7:   bridge window [mem 0xcc000000-0xcc0fffff]
[    0.463955] pci 0000:00:15.7:   bridge window [mem 0xda600000-0xda6fffff 64bit pref]
[    0.463996] pci 0000:00:16.0: PCI bridge to [bus 0b-0b]
[    0.464013] pci 0000:00:16.0:   bridge window [io  0x5000-0x5fff]
[    0.464053] pci 0000:00:16.0:   bridge window [mem 0xca500000-0xca5fffff]
[    0.464082] pci 0000:00:16.0:   bridge window [mem 0xd8b00000-0xd8bfffff 64bit pref]
[    0.464124] pci 0000:00:16.1: PCI bridge to [bus 0c-0c]
[    0.464138] pci 0000:00:16.1:   bridge window [io  0x9000-0x9fff]
[    0.464180] pci 0000:00:16.1:   bridge window [mem 0xca900000-0xca9fffff]
[    0.464209] pci 0000:00:16.1:   bridge window [mem 0xd8f00000-0xd8ffffff 64bit pref]
[    0.464251] pci 0000:00:16.2: PCI bridge to [bus 0d-0d]
[    0.464269] pci 0000:00:16.2:   bridge window [io  0xd000-0xdfff]
[    0.464310] pci 0000:00:16.2:   bridge window [mem 0xcad00000-0xcadfffff]
[    0.464334] pci 0000:00:16.2:   bridge window [mem 0xd9300000-0xd93fffff 64bit pref]
[    0.464376] pci 0000:00:16.3: PCI bridge to [bus 0e-0e]
[    0.464413] pci 0000:00:16.3:   bridge window [mem 0xcb100000-0xcb1fffff]
[    0.464441] pci 0000:00:16.3:   bridge window [mem 0xd9700000-0xd97fffff 64bit pref]
[    0.464483] pci 0000:00:16.4: PCI bridge to [bus 0f-0f]
[    0.464523] pci 0000:00:16.4:   bridge window [mem 0xcb500000-0xcb5fffff]
[    0.464547] pci 0000:00:16.4:   bridge window [mem 0xd9b00000-0xd9bfffff 64bit pref]
[    0.464589] pci 0000:00:16.5: PCI bridge to [bus 10-10]
[    0.464630] pci 0000:00:16.5:   bridge window [mem 0xcb900000-0xcb9fffff]
[    0.464661] pci 0000:00:16.5:   bridge window [mem 0xd9f00000-0xd9ffffff 64bit pref]
[    0.464703] pci 0000:00:16.6: PCI bridge to [bus 11-11]
[    0.464744] pci 0000:00:16.6:   bridge window [mem 0xcbd00000-0xcbdfffff]
[    0.464774] pci 0000:00:16.6:   bridge window [mem 0xda300000-0xda3fffff 64bit pref]
[    0.464815] pci 0000:00:16.7: PCI bridge to [bus 12-12]
[    0.464857] pci 0000:00:16.7:   bridge window [mem 0xcc100000-0xcc1fffff]
[    0.464899] pci 0000:00:16.7:   bridge window [mem 0xda700000-0xda7fffff 64bit pref]
[    0.464940] pci 0000:00:17.0: PCI bridge to [bus 13-13]
[    0.464956] pci 0000:00:17.0:   bridge window [io  0x6000-0x6fff]
[    0.464996] pci 0000:00:17.0:   bridge window [mem 0xca600000-0xca6fffff]
[    0.465029] pci 0000:00:17.0:   bridge window [mem 0xd8c00000-0xd8cfffff 64bit pref]
[    0.465070] pci 0000:00:17.1: PCI bridge to [bus 14-14]
[    0.465087] pci 0000:00:17.1:   bridge window [io  0xa000-0xafff]
[    0.465129] pci 0000:00:17.1:   bridge window [mem 0xcaa00000-0xcaafffff]
[    0.465167] pci 0000:00:17.1:   bridge window [mem 0xd9000000-0xd90fffff 64bit pref]
[    0.465209] pci 0000:00:17.2: PCI bridge to [bus 15-15]
[    0.465229] pci 0000:00:17.2:   bridge window [io  0xe000-0xefff]
[    0.465271] pci 0000:00:17.2:   bridge window [mem 0xcae00000-0xcaefffff]
[    0.465302] pci 0000:00:17.2:   bridge window [mem 0xd9400000-0xd94fffff 64bit pref]
[    0.465343] pci 0000:00:17.3: PCI bridge to [bus 16-16]
[    0.465385] pci 0000:00:17.3:   bridge window [mem 0xcb200000-0xcb2fffff]
[    0.465417] pci 0000:00:17.3:   bridge window [mem 0xd9800000-0xd98fffff 64bit pref]
[    0.465458] pci 0000:00:17.4: PCI bridge to [bus 17-17]
[    0.465500] pci 0000:00:17.4:   bridge window [mem 0xcb600000-0xcb6fffff]
[    0.465532] pci 0000:00:17.4:   bridge window [mem 0xd9c00000-0xd9cfffff 64bit pref]
[    0.465573] pci 0000:00:17.5: PCI bridge to [bus 18-18]
[    0.465615] pci 0000:00:17.5:   bridge window [mem 0xcba00000-0xcbafffff]
[    0.465648] pci 0000:00:17.5:   bridge window [mem 0xda000000-0xda0fffff 64bit pref]
[    0.465689] pci 0000:00:17.6: PCI bridge to [bus 19-19]
[    0.465731] pci 0000:00:17.6:   bridge window [mem 0xcbe00000-0xcbefffff]
[    0.465762] pci 0000:00:17.6:   bridge window [mem 0xda400000-0xda4fffff 64bit pref]
[    0.465804] pci 0000:00:17.7: PCI bridge to [bus 1a-1a]
[    0.465845] pci 0000:00:17.7:   bridge window [mem 0xcc200000-0xcc2fffff]
[    0.465876] pci 0000:00:17.7:   bridge window [mem 0xda800000-0xda8fffff 64bit pref]
[    0.465918] pci 0000:00:18.0: PCI bridge to [bus 1b-1b]
[    0.465938] pci 0000:00:18.0:   bridge window [io  0x7000-0x7fff]
[    0.465979] pci 0000:00:18.0:   bridge window [mem 0xca700000-0xca7fffff]
[    0.466011] pci 0000:00:18.0:   bridge window [mem 0xd8d00000-0xd8dfffff 64bit pref]
[    0.466052] pci 0000:00:18.1: PCI bridge to [bus 1c-1c]
[    0.466071] pci 0000:00:18.1:   bridge window [io  0xb000-0xbfff]
[    0.466113] pci 0000:00:18.1:   bridge window [mem 0xcab00000-0xcabfffff]
[    0.466145] pci 0000:00:18.1:   bridge window [mem 0xd9100000-0xd91fffff 64bit pref]
[    0.466187] pci 0000:00:18.2: PCI bridge to [bus 1d-1d]
[    0.466228] pci 0000:00:18.2:   bridge window [mem 0xcaf00000-0xcaffffff]
[    0.466261] pci 0000:00:18.2:   bridge window [mem 0xd9500000-0xd95fffff 64bit pref]
[    0.466302] pci 0000:00:18.3: PCI bridge to [bus 1e-1e]
[    0.466344] pci 0000:00:18.3:   bridge window [mem 0xcb300000-0xcb3fffff]
[    0.466375] pci 0000:00:18.3:   bridge window [mem 0xd9900000-0xd99fffff 64bit pref]
[    0.466416] pci 0000:00:18.4: PCI bridge to [bus 1f-1f]
[    0.466458] pci 0000:00:18.4:   bridge window [mem 0xcb700000-0xcb7fffff]
[    0.466490] pci 0000:00:18.4:   bridge window [mem 0xd9d00000-0xd9dfffff 64bit pref]
[    0.466532] pci 0000:00:18.5: PCI bridge to [bus 20-20]
[    0.466573] pci 0000:00:18.5:   bridge window [mem 0xcbb00000-0xcbbfffff]
[    0.466603] pci 0000:00:18.5:   bridge window [mem 0xda100000-0xda1fffff 64bit pref]
[    0.466645] pci 0000:00:18.6: PCI bridge to [bus 21-21]
[    0.466686] pci 0000:00:18.6:   bridge window [mem 0xcbf00000-0xcbffffff]
[    0.466716] pci 0000:00:18.6:   bridge window [mem 0xda500000-0xda5fffff 64bit pref]
[    0.466804] pci 0000:00:18.7: PCI bridge to [bus 22-22]
[    0.466846] pci 0000:00:18.7:   bridge window [mem 0xcc300000-0xcc3fffff]
[    0.466875] pci 0000:00:18.7:   bridge window [mem 0xda900000-0xda9fffff 64bit pref]
[    0.466916] pci 0000:00:01.0: setting latency timer to 64
[    0.466958] pci 0000:00:15.0: setting latency timer to 64
[    0.466999] pci 0000:00:15.1: setting latency timer to 64
[    0.467041] pci 0000:00:15.2: setting latency timer to 64
[    0.467083] pci 0000:00:15.3: setting latency timer to 64
[    0.467124] pci 0000:00:15.4: setting latency timer to 64
[    0.467166] pci 0000:00:15.5: setting latency timer to 64
[    0.467208] pci 0000:00:15.6: setting latency timer to 64
[    0.467249] pci 0000:00:15.7: setting latency timer to 64
[    0.467291] pci 0000:00:16.0: setting latency timer to 64
[    0.467332] pci 0000:00:16.1: setting latency timer to 64
[    0.467374] pci 0000:00:16.2: setting latency timer to 64
[    0.467416] pci 0000:00:16.3: setting latency timer to 64
[    0.467457] pci 0000:00:16.4: setting latency timer to 64
[    0.467499] pci 0000:00:16.5: setting latency timer to 64
[    0.467540] pci 0000:00:16.6: setting latency timer to 64
[    0.467582] pci 0000:00:16.7: setting latency timer to 64
[    0.467624] pci 0000:00:17.0: setting latency timer to 64
[    0.467665] pci 0000:00:17.1: setting latency timer to 64
[    0.467707] pci 0000:00:17.2: setting latency timer to 64
[    0.467748] pci 0000:00:17.3: setting latency timer to 64
[    0.467790] pci 0000:00:17.4: setting latency timer to 64
[    0.467832] pci 0000:00:17.5: setting latency timer to 64
[    0.467873] pci 0000:00:17.6: setting latency timer to 64
[    0.467915] pci 0000:00:17.7: setting latency timer to 64
[    0.467956] pci 0000:00:18.0: setting latency timer to 64
[    0.467998] pci 0000:00:18.1: setting latency timer to 64
[    0.468040] pci 0000:00:18.2: setting latency timer to 64
[    0.468081] pci 0000:00:18.3: setting latency timer to 64
[    0.468123] pci 0000:00:18.4: setting latency timer to 64
[    0.468164] pci 0000:00:18.5: setting latency timer to 64
[    0.468206] pci 0000:00:18.6: setting latency timer to 64
[    0.468248] pci 0000:00:18.7: setting latency timer to 64
[    0.468265] pci_bus 0000:00: resource 4 [mem 0x000a0000-0x000bffff]
[    0.468269] pci_bus 0000:00: resource 5 [mem 0x000cc000-0x000cffff]
[    0.468271] pci_bus 0000:00: resource 6 [mem 0x000d0000-0x000d3fff]
[    0.468274] pci_bus 0000:00: resource 7 [mem 0x000d4000-0x000d7fff]
[    0.468277] pci_bus 0000:00: resource 8 [mem 0x000d8000-0x000dbfff]
[    0.468280] pci_bus 0000:00: resource 9 [mem 0xc0000000-0xfebfffff]
[    0.468283] pci_bus 0000:00: resource 10 [io  0x0000-0x0cf7]
[    0.468286] pci_bus 0000:00: resource 11 [io  0x0d00-0xfeff]
[    0.468289] pci_bus 0000:02: resource 0 [io  0x2000-0x3fff]
[    0.468292] pci_bus 0000:02: resource 1 [mem 0xc9000000-0xca3fffff]
[    0.468295] pci_bus 0000:02: resource 2 [mem 0xd8400000-0xd89fffff 64bit pref]
[    0.468298] pci_bus 0000:02: resource 4 [mem 0x000a0000-0x000bffff]
[    0.468301] pci_bus 0000:02: resource 5 [mem 0x000cc000-0x000cffff]
[    0.468304] pci_bus 0000:02: resource 6 [mem 0x000d0000-0x000d3fff]
[    0.468307] pci_bus 0000:02: resource 7 [mem 0x000d4000-0x000d7fff]
[    0.468310] pci_bus 0000:02: resource 8 [mem 0x000d8000-0x000dbfff]
[    0.468312] pci_bus 0000:02: resource 9 [mem 0xc0000000-0xfebfffff]
[    0.468315] pci_bus 0000:02: resource 10 [io  0x0000-0x0cf7]
[    0.468318] pci_bus 0000:02: resource 11 [io  0x0d00-0xfeff]
[    0.468321] pci_bus 0000:03: resource 0 [io  0x4000-0x4fff]
[    0.468324] pci_bus 0000:03: resource 1 [mem 0xca400000-0xca4fffff]
[    0.468327] pci_bus 0000:03: resource 2 [mem 0xd8a00000-0xd8afffff 64bit pref]
[    0.468330] pci_bus 0000:04: resource 0 [io  0x8000-0x8fff]
[    0.468333] pci_bus 0000:04: resource 1 [mem 0xca800000-0xca8fffff]
[    0.468336] pci_bus 0000:04: resource 2 [mem 0xd8e00000-0xd8efffff 64bit pref]
[    0.468339] pci_bus 0000:05: resource 0 [io  0xc000-0xcfff]
[    0.468342] pci_bus 0000:05: resource 1 [mem 0xcac00000-0xcacfffff]
[    0.468345] pci_bus 0000:05: resource 2 [mem 0xd9200000-0xd92fffff 64bit pref]
[    0.468348] pci_bus 0000:06: resource 1 [mem 0xcb000000-0xcb0fffff]
[    0.468351] pci_bus 0000:06: resource 2 [mem 0xd9600000-0xd96fffff 64bit pref]
[    0.468354] pci_bus 0000:07: resource 1 [mem 0xcb400000-0xcb4fffff]
[    0.468357] pci_bus 0000:07: resource 2 [mem 0xd9a00000-0xd9afffff 64bit pref]
[    0.468360] pci_bus 0000:08: resource 1 [mem 0xcb800000-0xcb8fffff]
[    0.468363] pci_bus 0000:08: resource 2 [mem 0xd9e00000-0xd9efffff 64bit pref]
[    0.468366] pci_bus 0000:09: resource 1 [mem 0xcbc00000-0xcbcfffff]
[    0.468369] pci_bus 0000:09: resource 2 [mem 0xda200000-0xda2fffff 64bit pref]
[    0.468372] pci_bus 0000:0a: resource 1 [mem 0xcc000000-0xcc0fffff]
[    0.468375] pci_bus 0000:0a: resource 2 [mem 0xda600000-0xda6fffff 64bit pref]
[    0.468378] pci_bus 0000:0b: resource 0 [io  0x5000-0x5fff]
[    0.468381] pci_bus 0000:0b: resource 1 [mem 0xca500000-0xca5fffff]
[    0.468384] pci_bus 0000:0b: resource 2 [mem 0xd8b00000-0xd8bfffff 64bit pref]
[    0.468387] pci_bus 0000:0c: resource 0 [io  0x9000-0x9fff]
[    0.468390] pci_bus 0000:0c: resource 1 [mem 0xca900000-0xca9fffff]
[    0.468393] pci_bus 0000:0c: resource 2 [mem 0xd8f00000-0xd8ffffff 64bit pref]
[    0.468396] pci_bus 0000:0d: resource 0 [io  0xd000-0xdfff]
[    0.468399] pci_bus 0000:0d: resource 1 [mem 0xcad00000-0xcadfffff]
[    0.468401] pci_bus 0000:0d: resource 2 [mem 0xd9300000-0xd93fffff 64bit pref]
[    0.468405] pci_bus 0000:0e: resource 1 [mem 0xcb100000-0xcb1fffff]
[    0.468408] pci_bus 0000:0e: resource 2 [mem 0xd9700000-0xd97fffff 64bit pref]
[    0.468411] pci_bus 0000:0f: resource 1 [mem 0xcb500000-0xcb5fffff]
[    0.468414] pci_bus 0000:0f: resource 2 [mem 0xd9b00000-0xd9bfffff 64bit pref]
[    0.468417] pci_bus 0000:10: resource 1 [mem 0xcb900000-0xcb9fffff]
[    0.468420] pci_bus 0000:10: resource 2 [mem 0xd9f00000-0xd9ffffff 64bit pref]
[    0.468423] pci_bus 0000:11: resource 1 [mem 0xcbd00000-0xcbdfffff]
[    0.468426] pci_bus 0000:11: resource 2 [mem 0xda300000-0xda3fffff 64bit pref]
[    0.468429] pci_bus 0000:12: resource 1 [mem 0xcc100000-0xcc1fffff]
[    0.468432] pci_bus 0000:12: resource 2 [mem 0xda700000-0xda7fffff 64bit pref]
[    0.468435] pci_bus 0000:13: resource 0 [io  0x6000-0x6fff]
[    0.468438] pci_bus 0000:13: resource 1 [mem 0xca600000-0xca6fffff]
[    0.468441] pci_bus 0000:13: resource 2 [mem 0xd8c00000-0xd8cfffff 64bit pref]
[    0.468461] pci_bus 0000:14: resource 0 [io  0xa000-0xafff]
[    0.468466] pci_bus 0000:14: resource 1 [mem 0xcaa00000-0xcaafffff]
[    0.468469] pci_bus 0000:14: resource 2 [mem 0xd9000000-0xd90fffff 64bit pref]
[    0.468472] pci_bus 0000:15: resource 0 [io  0xe000-0xefff]
[    0.468476] pci_bus 0000:15: resource 1 [mem 0xcae00000-0xcaefffff]
[    0.468479] pci_bus 0000:15: resource 2 [mem 0xd9400000-0xd94fffff 64bit pref]
[    0.468483] pci_bus 0000:16: resource 1 [mem 0xcb200000-0xcb2fffff]
[    0.468486] pci_bus 0000:16: resource 2 [mem 0xd9800000-0xd98fffff 64bit pref]
[    0.468490] pci_bus 0000:17: resource 1 [mem 0xcb600000-0xcb6fffff]
[    0.468493] pci_bus 0000:17: resource 2 [mem 0xd9c00000-0xd9cfffff 64bit pref]
[    0.468497] pci_bus 0000:18: resource 1 [mem 0xcba00000-0xcbafffff]
[    0.468500] pci_bus 0000:18: resource 2 [mem 0xda000000-0xda0fffff 64bit pref]
[    0.468503] pci_bus 0000:19: resource 1 [mem 0xcbe00000-0xcbefffff]
[    0.468507] pci_bus 0000:19: resource 2 [mem 0xda400000-0xda4fffff 64bit pref]
[    0.468510] pci_bus 0000:1a: resource 1 [mem 0xcc200000-0xcc2fffff]
[    0.468514] pci_bus 0000:1a: resource 2 [mem 0xda800000-0xda8fffff 64bit pref]
[    0.468517] pci_bus 0000:1b: resource 0 [io  0x7000-0x7fff]
[    0.468520] pci_bus 0000:1b: resource 1 [mem 0xca700000-0xca7fffff]
[    0.468523] pci_bus 0000:1b: resource 2 [mem 0xd8d00000-0xd8dfffff 64bit pref]
[    0.468527] pci_bus 0000:1c: resource 0 [io  0xb000-0xbfff]
[    0.468530] pci_bus 0000:1c: resource 1 [mem 0xcab00000-0xcabfffff]
[    0.468533] pci_bus 0000:1c: resource 2 [mem 0xd9100000-0xd91fffff 64bit pref]
[    0.468537] pci_bus 0000:1d: resource 1 [mem 0xcaf00000-0xcaffffff]
[    0.468540] pci_bus 0000:1d: resource 2 [mem 0xd9500000-0xd95fffff 64bit pref]
[    0.468544] pci_bus 0000:1e: resource 1 [mem 0xcb300000-0xcb3fffff]
[    0.468547] pci_bus 0000:1e: resource 2 [mem 0xd9900000-0xd99fffff 64bit pref]
[    0.468551] pci_bus 0000:1f: resource 1 [mem 0xcb700000-0xcb7fffff]
[    0.468554] pci_bus 0000:1f: resource 2 [mem 0xd9d00000-0xd9dfffff 64bit pref]
[    0.468558] pci_bus 0000:20: resource 1 [mem 0xcbb00000-0xcbbfffff]
[    0.468561] pci_bus 0000:20: resource 2 [mem 0xda100000-0xda1fffff 64bit pref]
[    0.468565] pci_bus 0000:21: resource 1 [mem 0xcbf00000-0xcbffffff]
[    0.468568] pci_bus 0000:21: resource 2 [mem 0xda500000-0xda5fffff 64bit pref]
[    0.468572] pci_bus 0000:22: resource 1 [mem 0xcc300000-0xcc3fffff]
[    0.468575] pci_bus 0000:22: resource 2 [mem 0xda900000-0xda9fffff 64bit pref]
[    0.468617] NET: Registered protocol family 2
[    0.468658] IP route cache hash table entries: 32768 (order: 5, 131072 bytes)
[    0.468700] TCP established hash table entries: 131072 (order: 8, 1048576 bytes)
[    0.468741] TCP bind hash table entries: 65536 (order: 7, 524288 bytes)
[    0.468783] TCP: Hash tables configured (established 131072 bind 65536)
[    0.468787] TCP reno registered
[    0.468791] UDP hash table entries: 512 (order: 2, 16384 bytes)
[    0.468802] UDP-Lite hash table entries: 512 (order: 2, 16384 bytes)
[    0.468844] NET: Registered protocol family 1
[    0.468857] pci 0000:00:00.0: Limiting direct PCI/PCI transfers
[    0.468898] pci 0000:00:0f.0: Boot video device
[    0.468940] ACPI: PCI Interrupt Link [LNKC] enabled at IRQ 10
[    0.468944] PCI: setting IRQ 10 as level-triggered
[    0.468954] pci 0000:02:00.0: PCI INT A -> Link[LNKC] -> GSI 10 (level, low) -> IRQ 10
[    0.469042] pci 0000:02:00.0: PCI INT A disabled
[    0.469084] ACPI: PCI Interrupt Link [LNKB] enabled at IRQ 11
[    0.469087] PCI: setting IRQ 11 as level-triggered
[    0.469093] pci 0000:02:03.0: PCI INT A -> Link[LNKB] -> GSI 11 (level, low) -> IRQ 11
[    0.469135] pci 0000:02:03.0: PCI INT A disabled
[    0.469154] PCI: CLS 32 bytes, default 64
[    0.469212] Simple Boot Flag at 0x36 set to 0x1
[    0.469219] Switching to clocksource tsc
[    0.469466] audit: initializing netlink socket (disabled)
[    0.469475] type=2000 audit(1369638669.450:1): initialized
[    0.486878] Trying to unpack rootfs image as initramfs...
[    0.510920] highmem bounce pool size: 64 pages
[    0.510927] HugeTLB registered 2 MB page size, pre-allocated 0 pages
[    0.514868] VFS: Disk quotas dquot_6.5.2
[    0.514909] Dquot-cache hash table entries: 1024 (order 0, 4096 bytes)
[    0.515017] fuse init (API version 7.17)
[    0.515077] msgmni has been set to 1710
[    0.530789] Block layer SCSI generic (bsg) driver version 0.4 loaded (major 253)
[    0.530820] io scheduler noop registered
[    0.530822] io scheduler deadline registered
[    0.530829] io scheduler cfq registered (default)
[    0.530870] pcieport 0000:00:15.0: setting latency timer to 64
[    0.530912] pcieport 0000:00:15.0: irq 40 for MSI/MSI-X
[    0.530953] pcieport 0000:00:15.1: setting latency timer to 64
[    0.530995] pcieport 0000:00:15.1: irq 41 for MSI/MSI-X
[    0.531037] pcieport 0000:00:15.2: setting latency timer to 64
[    0.531078] pcieport 0000:00:15.2: irq 42 for MSI/MSI-X
[    0.531120] pcieport 0000:00:15.3: setting latency timer to 64
[    0.531162] pcieport 0000:00:15.3: irq 43 for MSI/MSI-X
[    0.531203] pcieport 0000:00:15.4: setting latency timer to 64
[    0.531245] pcieport 0000:00:15.4: irq 44 for MSI/MSI-X
[    0.531286] pcieport 0000:00:15.5: setting latency timer to 64
[    0.531328] pcieport 0000:00:15.5: irq 45 for MSI/MSI-X
[    0.531370] pcieport 0000:00:15.6: setting latency timer to 64
[    0.531411] pcieport 0000:00:15.6: irq 46 for MSI/MSI-X
[    0.531453] pcieport 0000:00:15.7: setting latency timer to 64
[    0.531494] pcieport 0000:00:15.7: irq 47 for MSI/MSI-X
[    0.531536] pcieport 0000:00:16.0: setting latency timer to 64
[    0.531578] pcieport 0000:00:16.0: irq 48 for MSI/MSI-X
[    0.531619] pcieport 0000:00:16.1: setting latency timer to 64
[    0.531661] pcieport 0000:00:16.1: irq 49 for MSI/MSI-X
[    0.531702] pcieport 0000:00:16.2: setting latency timer to 64
[    0.531744] pcieport 0000:00:16.2: irq 50 for MSI/MSI-X
[    0.531786] pcieport 0000:00:16.3: setting latency timer to 64
[    0.531827] pcieport 0000:00:16.3: irq 51 for MSI/MSI-X
[    0.531869] pcieport 0000:00:16.4: setting latency timer to 64
[    0.531910] pcieport 0000:00:16.4: irq 52 for MSI/MSI-X
[    0.531952] pcieport 0000:00:16.5: setting latency timer to 64
[    0.531994] pcieport 0000:00:16.5: irq 53 for MSI/MSI-X
[    0.532035] pcieport 0000:00:16.6: setting latency timer to 64
[    0.532077] pcieport 0000:00:16.6: irq 54 for MSI/MSI-X
[    0.532118] pcieport 0000:00:16.7: setting latency timer to 64
[    0.532160] pcieport 0000:00:16.7: irq 55 for MSI/MSI-X
[    0.532202] pcieport 0000:00:17.0: setting latency timer to 64
[    0.532243] pcieport 0000:00:17.0: irq 56 for MSI/MSI-X
[    0.532285] pcieport 0000:00:17.1: setting latency timer to 64
[    0.532326] pcieport 0000:00:17.1: irq 57 for MSI/MSI-X
[    0.532368] pcieport 0000:00:17.2: setting latency timer to 64
[    0.532410] pcieport 0000:00:17.2: irq 58 for MSI/MSI-X
[    0.532451] pcieport 0000:00:17.3: setting latency timer to 64
[    0.532493] pcieport 0000:00:17.3: irq 59 for MSI/MSI-X
[    0.532535] pcieport 0000:00:17.4: setting latency timer to 64
[    0.532576] pcieport 0000:00:17.4: irq 60 for MSI/MSI-X
[    0.532618] pcieport 0000:00:17.5: setting latency timer to 64
[    0.532659] pcieport 0000:00:17.5: irq 61 for MSI/MSI-X
[    0.532701] pcieport 0000:00:17.6: setting latency timer to 64
[    0.532743] pcieport 0000:00:17.6: irq 62 for MSI/MSI-X
[    0.532784] pcieport 0000:00:17.7: setting latency timer to 64
[    0.532826] pcieport 0000:00:17.7: irq 63 for MSI/MSI-X
[    0.532867] pcieport 0000:00:18.0: setting latency timer to 64
[    0.532909] pcieport 0000:00:18.0: irq 64 for MSI/MSI-X
[    0.532951] pcieport 0000:00:18.1: setting latency timer to 64
[    0.532992] pcieport 0000:00:18.1: irq 65 for MSI/MSI-X
[    0.533034] pcieport 0000:00:18.2: setting latency timer to 64
[    0.533075] pcieport 0000:00:18.2: irq 66 for MSI/MSI-X
[    0.533117] pcieport 0000:00:18.3: setting latency timer to 64
[    0.533159] pcieport 0000:00:18.3: irq 67 for MSI/MSI-X
[    0.533200] pcieport 0000:00:18.4: setting latency timer to 64
[    0.533242] pcieport 0000:00:18.4: irq 68 for MSI/MSI-X
[    0.533283] pcieport 0000:00:18.5: setting latency timer to 64
[    0.533325] pcieport 0000:00:18.5: irq 69 for MSI/MSI-X
[    0.533367] pcieport 0000:00:18.6: setting latency timer to 64
[    0.533408] pcieport 0000:00:18.6: irq 70 for MSI/MSI-X
[    0.533450] pcieport 0000:00:18.7: setting latency timer to 64
[    0.533491] pcieport 0000:00:18.7: irq 71 for MSI/MSI-X
[    0.533533] pcieport 0000:00:15.0: Signaling PME through PCIe PME interrupt
[    0.533559] pcie_pme 0000:00:15.0:pcie01: service driver pcie_pme loaded
[    0.533601] pcieport 0000:00:15.1: Signaling PME through PCIe PME interrupt
[    0.533627] pcie_pme 0000:00:15.1:pcie01: service driver pcie_pme loaded
[    0.533669] pcieport 0000:00:15.2: Signaling PME through PCIe PME interrupt
[    0.533694] pcie_pme 0000:00:15.2:pcie01: service driver pcie_pme loaded
[    0.533736] pcieport 0000:00:15.3: Signaling PME through PCIe PME interrupt
[    0.533761] pcie_pme 0000:00:15.3:pcie01: service driver pcie_pme loaded
[    0.533802] pcieport 0000:00:15.4: Signaling PME through PCIe PME interrupt
[    0.533828] pcie_pme 0000:00:15.4:pcie01: service driver pcie_pme loaded
[    0.533869] pcieport 0000:00:15.5: Signaling PME through PCIe PME interrupt
[    0.533895] pcie_pme 0000:00:15.5:pcie01: service driver pcie_pme loaded
[    0.533936] pcieport 0000:00:15.6: Signaling PME through PCIe PME interrupt
[    0.533962] pcie_pme 0000:00:15.6:pcie01: service driver pcie_pme loaded
[    0.534003] pcieport 0000:00:15.7: Signaling PME through PCIe PME interrupt
[    0.534031] pcie_pme 0000:00:15.7:pcie01: service driver pcie_pme loaded
[    0.534072] pcieport 0000:00:16.0: Signaling PME through PCIe PME interrupt
[    0.534098] pcie_pme 0000:00:16.0:pcie01: service driver pcie_pme loaded
[    0.534139] pcieport 0000:00:16.1: Signaling PME through PCIe PME interrupt
[    0.534165] pcie_pme 0000:00:16.1:pcie01: service driver pcie_pme loaded
[    0.534207] pcieport 0000:00:16.2: Signaling PME through PCIe PME interrupt
[    0.534232] pcie_pme 0000:00:16.2:pcie01: service driver pcie_pme loaded
[    0.534273] pcieport 0000:00:16.3: Signaling PME through PCIe PME interrupt
[    0.534298] pcie_pme 0000:00:16.3:pcie01: service driver pcie_pme loaded
[    0.534340] pcieport 0000:00:16.4: Signaling PME through PCIe PME interrupt
[    0.534365] pcie_pme 0000:00:16.4:pcie01: service driver pcie_pme loaded
[    0.534407] pcieport 0000:00:16.5: Signaling PME through PCIe PME interrupt
[    0.534432] pcie_pme 0000:00:16.5:pcie01: service driver pcie_pme loaded
[    0.534474] pcieport 0000:00:16.6: Signaling PME through PCIe PME interrupt
[    0.534499] pcie_pme 0000:00:16.6:pcie01: service driver pcie_pme loaded
[    0.534541] pcieport 0000:00:16.7: Signaling PME through PCIe PME interrupt
[    0.534566] pcie_pme 0000:00:16.7:pcie01: service driver pcie_pme loaded
[    0.534724] pcieport 0000:00:17.0: Signaling PME through PCIe PME interrupt
[    0.534752] pcie_pme 0000:00:17.0:pcie01: service driver pcie_pme loaded
[    0.534794] pcieport 0000:00:17.1: Signaling PME through PCIe PME interrupt
[    0.534819] pcie_pme 0000:00:17.1:pcie01: service driver pcie_pme loaded
[    0.534861] pcieport 0000:00:17.2: Signaling PME through PCIe PME interrupt
[    0.534886] pcie_pme 0000:00:17.2:pcie01: service driver pcie_pme loaded
[    0.534928] pcieport 0000:00:17.3: Signaling PME through PCIe PME interrupt
[    0.534953] pcie_pme 0000:00:17.3:pcie01: service driver pcie_pme loaded
[    0.534995] pcieport 0000:00:17.4: Signaling PME through PCIe PME interrupt
[    0.535020] pcie_pme 0000:00:17.4:pcie01: service driver pcie_pme loaded
[    0.535062] pcieport 0000:00:17.5: Signaling PME through PCIe PME interrupt
[    0.535087] pcie_pme 0000:00:17.5:pcie01: service driver pcie_pme loaded
[    0.535129] pcieport 0000:00:17.6: Signaling PME through PCIe PME interrupt
[    0.535155] pcie_pme 0000:00:17.6:pcie01: service driver pcie_pme loaded
[    0.535196] pcieport 0000:00:17.7: Signaling PME through PCIe PME interrupt
[    0.535221] pcie_pme 0000:00:17.7:pcie01: service driver pcie_pme loaded
[    0.535263] pcieport 0000:00:18.0: Signaling PME through PCIe PME interrupt
[    0.535289] pcie_pme 0000:00:18.0:pcie01: service driver pcie_pme loaded
[    0.535330] pcieport 0000:00:18.1: Signaling PME through PCIe PME interrupt
[    0.535356] pcie_pme 0000:00:18.1:pcie01: service driver pcie_pme loaded
[    0.535397] pcieport 0000:00:18.2: Signaling PME through PCIe PME interrupt
[    0.535422] pcie_pme 0000:00:18.2:pcie01: service driver pcie_pme loaded
[    0.535464] pcieport 0000:00:18.3: Signaling PME through PCIe PME interrupt
[    0.535490] pcie_pme 0000:00:18.3:pcie01: service driver pcie_pme loaded
[    0.535531] pcieport 0000:00:18.4: Signaling PME through PCIe PME interrupt
[    0.535557] pcie_pme 0000:00:18.4:pcie01: service driver pcie_pme loaded
[    0.535598] pcieport 0000:00:18.5: Signaling PME through PCIe PME interrupt
[    0.535624] pcie_pme 0000:00:18.5:pcie01: service driver pcie_pme loaded
[    0.535665] pcieport 0000:00:18.6: Signaling PME through PCIe PME interrupt
[    0.535691] pcie_pme 0000:00:18.6:pcie01: service driver pcie_pme loaded
[    0.535732] pcieport 0000:00:18.7: Signaling PME through PCIe PME interrupt
[    0.535757] pcie_pme 0000:00:18.7:pcie01: service driver pcie_pme loaded
[    0.535778] pci_hotplug: PCI Hot Plug PCI Core version: 0.5
[    0.535820] pciehp 0000:00:15.0:pcie04: HPC vendor_id 15ad device_id 7a0 ss_vid 15ad ss_did 7a0
[    0.535861] pciehp 0000:00:15.0:pcie04: service driver pciehp loaded
[    0.535903] pciehp 0000:00:15.1:pcie04: HPC vendor_id 15ad device_id 7a0 ss_vid 15ad ss_did 7a0
[    0.535944] pciehp 0000:00:15.1:pcie04: service driver pciehp loaded
[    0.535986] pciehp 0000:00:15.2:pcie04: HPC vendor_id 15ad device_id 7a0 ss_vid 15ad ss_did 7a0
[    0.536028] pciehp 0000:00:15.2:pcie04: service driver pciehp loaded
[    0.536069] pciehp 0000:00:15.3:pcie04: HPC vendor_id 15ad device_id 7a0 ss_vid 15ad ss_did 7a0
[    0.536111] pciehp 0000:00:15.3:pcie04: service driver pciehp loaded
[    0.536152] pciehp 0000:00:15.4:pcie04: HPC vendor_id 15ad device_id 7a0 ss_vid 15ad ss_did 7a0
[    0.536194] pciehp 0000:00:15.4:pcie04: service driver pciehp loaded
[    0.536236] pciehp 0000:00:15.5:pcie04: HPC vendor_id 15ad device_id 7a0 ss_vid 15ad ss_did 7a0
[    0.536277] pciehp 0000:00:15.5:pcie04: service driver pciehp loaded
[    0.536319] pciehp 0000:00:15.6:pcie04: HPC vendor_id 15ad device_id 7a0 ss_vid 15ad ss_did 7a0
[    0.536360] pciehp 0000:00:15.6:pcie04: service driver pciehp loaded
[    0.536402] pciehp 0000:00:15.7:pcie04: HPC vendor_id 15ad device_id 7a0 ss_vid 15ad ss_did 7a0
[    0.536444] pciehp 0000:00:15.7:pcie04: service driver pciehp loaded
[    0.536485] pciehp 0000:00:16.0:pcie04: HPC vendor_id 15ad device_id 7a0 ss_vid 15ad ss_did 7a0
[    0.536527] pciehp 0000:00:16.0:pcie04: service driver pciehp loaded
[    0.536568] pciehp 0000:00:16.1:pcie04: HPC vendor_id 15ad device_id 7a0 ss_vid 15ad ss_did 7a0
[    0.536610] pciehp 0000:00:16.1:pcie04: service driver pciehp loaded
[    0.536652] pciehp 0000:00:16.2:pcie04: HPC vendor_id 15ad device_id 7a0 ss_vid 15ad ss_did 7a0
[    0.536693] pciehp 0000:00:16.2:pcie04: service driver pciehp loaded
[    0.536735] pciehp 0000:00:16.3:pcie04: HPC vendor_id 15ad device_id 7a0 ss_vid 15ad ss_did 7a0
[    0.536776] pciehp 0000:00:16.3:pcie04: service driver pciehp loaded
[    0.536818] pciehp 0000:00:16.4:pcie04: HPC vendor_id 15ad device_id 7a0 ss_vid 15ad ss_did 7a0
[    0.536860] pciehp 0000:00:16.4:pcie04: service driver pciehp loaded
[    0.536901] pciehp 0000:00:16.5:pcie04: HPC vendor_id 15ad device_id 7a0 ss_vid 15ad ss_did 7a0
[    0.536943] pciehp 0000:00:16.5:pcie04: service driver pciehp loaded
[    0.536984] pciehp 0000:00:16.6:pcie04: HPC vendor_id 15ad device_id 7a0 ss_vid 15ad ss_did 7a0
[    0.537026] pciehp 0000:00:16.6:pcie04: service driver pciehp loaded
[    0.537068] pciehp 0000:00:16.7:pcie04: HPC vendor_id 15ad device_id 7a0 ss_vid 15ad ss_did 7a0
[    0.537109] pciehp 0000:00:16.7:pcie04: service driver pciehp loaded
[    0.537151] pciehp 0000:00:17.0:pcie04: HPC vendor_id 15ad device_id 7a0 ss_vid 15ad ss_did 7a0
[    0.537193] pciehp 0000:00:17.0:pcie04: service driver pciehp loaded
[    0.537234] pciehp 0000:00:17.1:pcie04: HPC vendor_id 15ad device_id 7a0 ss_vid 15ad ss_did 7a0
[    0.537276] pciehp 0000:00:17.1:pcie04: service driver pciehp loaded
[    0.537317] pciehp 0000:00:17.2:pcie04: HPC vendor_id 15ad device_id 7a0 ss_vid 15ad ss_did 7a0
[    0.537359] pciehp 0000:00:17.2:pcie04: service driver pciehp loaded
[    0.537401] pciehp 0000:00:17.3:pcie04: HPC vendor_id 15ad device_id 7a0 ss_vid 15ad ss_did 7a0
[    0.537442] pciehp 0000:00:17.3:pcie04: service driver pciehp loaded
[    0.537484] pciehp 0000:00:17.4:pcie04: HPC vendor_id 15ad device_id 7a0 ss_vid 15ad ss_did 7a0
[    0.537525] pciehp 0000:00:17.4:pcie04: service driver pciehp loaded
[    0.537567] pciehp 0000:00:17.5:pcie04: HPC vendor_id 15ad device_id 7a0 ss_vid 15ad ss_did 7a0
[    0.537609] pciehp 0000:00:17.5:pcie04: service driver pciehp loaded
[    0.537650] pciehp 0000:00:17.6:pcie04: HPC vendor_id 15ad device_id 7a0 ss_vid 15ad ss_did 7a0
[    0.537692] pciehp 0000:00:17.6:pcie04: service driver pciehp loaded
[    0.537733] pciehp 0000:00:17.7:pcie04: HPC vendor_id 15ad device_id 7a0 ss_vid 15ad ss_did 7a0
[    0.537775] pciehp 0000:00:17.7:pcie04: service driver pciehp loaded
[    0.537817] pciehp 0000:00:18.0:pcie04: HPC vendor_id 15ad device_id 7a0 ss_vid 15ad ss_did 7a0
[    0.537858] pciehp 0000:00:18.0:pcie04: service driver pciehp loaded
[    0.537900] pciehp 0000:00:18.1:pcie04: HPC vendor_id 15ad device_id 7a0 ss_vid 15ad ss_did 7a0
[    0.537941] pciehp 0000:00:18.1:pcie04: service driver pciehp loaded
[    0.537983] pciehp 0000:00:18.2:pcie04: HPC vendor_id 15ad device_id 7a0 ss_vid 15ad ss_did 7a0
[    0.538025] pciehp 0000:00:18.2:pcie04: service driver pciehp loaded
[    0.538066] pciehp 0000:00:18.3:pcie04: HPC vendor_id 15ad device_id 7a0 ss_vid 15ad ss_did 7a0
[    0.538108] pciehp 0000:00:18.3:pcie04: service driver pciehp loaded
[    0.538149] pciehp 0000:00:18.4:pcie04: HPC vendor_id 15ad device_id 7a0 ss_vid 15ad ss_did 7a0
[    0.538191] pciehp 0000:00:18.4:pcie04: service driver pciehp loaded
[    0.538233] pciehp 0000:00:18.5:pcie04: HPC vendor_id 15ad device_id 7a0 ss_vid 15ad ss_did 7a0
[    0.538274] pciehp 0000:00:18.5:pcie04: service driver pciehp loaded
[    0.538316] pciehp 0000:00:18.6:pcie04: HPC vendor_id 15ad device_id 7a0 ss_vid 15ad ss_did 7a0
[    0.538357] pciehp 0000:00:18.6:pcie04: service driver pciehp loaded
[    0.538399] pciehp 0000:00:18.7:pcie04: HPC vendor_id 15ad device_id 7a0 ss_vid 15ad ss_did 7a0
[    0.538441] pciehp 0000:00:18.7:pcie04: service driver pciehp loaded
[    0.538453] pciehp: PCI Express Hot Plug Controller Driver version: 0.4
[    0.538494] ACPI: Deprecated procfs I/F for AC is loaded, please retry with CONFIG_ACPI_PROCFS_POWER cleared
[    0.538540] ACPI: AC Adapter [ACAD] (on-line)
[    0.542830] input: Power Button as /devices/LNXSYSTM:00/LNXPWRBN:00/input/input0
[    0.542836] ACPI: Power Button [PWRF]
[    0.574709] ERST: Table is not found!
[    0.574713] GHES: HEST is not enabled!
[    0.574825] Serial: 8250/16550 driver, 32 ports, IRQ sharing enabled
[    0.598571] serial8250: ttyS0 at I/O 0x3f8 (irq = 4) is a 16550A
[    0.598649] isapnp: Scanning for PnP cards...
[    0.738360] serial8250: ttyS1 at I/O 0x2f8 (irq = 3) is a 16550A
[    0.786290] 00:0a: ttyS0 at I/O 0x3f8 (irq = 4) is a 16550A
[    0.878157] 00:0b: ttyS1 at I/O 0x2f8 (irq = 3) is a 16550A
[    0.945975] Linux agpgart interface v0.103
[    0.946140] agpgart-intel 0000:00:00.0: Intel 440BX Chipset
[    0.946225] agpgart-intel 0000:00:00.0: AGP aperture is 256M @ 0x0
[    0.946935] brd: module loaded
[    0.947145] loop: module loaded
[    0.947196] ata_piix 0000:00:07.1: version 2.13
[    0.950155] scsi0 : ata_piix
[    0.950235] scsi1 : ata_piix
[    0.950284] ata1: PATA max UDMA/33 cmd 0x1f0 ctl 0x3f6 bmdma 0x10c0 irq 14
[    0.950288] ata2: PATA max UDMA/33 cmd 0x170 ctl 0x376 bmdma 0x10c8 irq 15
[    0.950343] Fixed MDIO Bus: probed
[    0.950363] tun: Universal TUN/TAP device driver, 1.6
[    0.950366] tun: (C) 1999-2004 Max Krasnyansky <maxk@qualcomm.com>
[    0.950432] PPP generic driver version 2.4.2
[    0.950521] ehci_hcd: USB 2.0 'Enhanced' Host Controller (EHCI) Driver
[    0.950562] ehci_hcd 0000:02:03.0: PCI INT A -> Link[LNKB] -> GSI 11 (level, low) -> IRQ 11
[    0.950613] ehci_hcd 0000:02:03.0: EHCI Host Controller
[    0.950664] ehci_hcd 0000:02:03.0: new USB bus registered, assigned bus number 1
[    0.950715] ehci_hcd 0000:02:03.0: cache line size of 32 is not supported
[    0.950724] ehci_hcd 0000:02:03.0: irq 11, io mem 0xc9000000
[    0.962093] ehci_hcd 0000:02:03.0: USB 2.0 started, EHCI 1.00
[    0.962223] hub 1-0:1.0: USB hub found
[    0.962229] hub 1-0:1.0: 6 ports detected
[    0.962280] ohci_hcd: USB 1.1 'Open' Host Controller (OHCI) Driver
[    0.962300] uhci_hcd: USB Universal Host Controller Interface driver
[    0.962348] uhci_hcd 0000:02:00.0: PCI INT A -> Link[LNKC] -> GSI 10 (level, low) -> IRQ 10
[    0.962398] uhci_hcd 0000:02:00.0: UHCI Host Controller
[    0.962445] uhci_hcd 0000:02:00.0: new USB bus registered, assigned bus number 2
[    0.962553] uhci_hcd 0000:02:00.0: irq 10, io base 0x000020c0
[    0.962671] hub 2-0:1.0: USB hub found
[    0.962676] hub 2-0:1.0: 2 ports detected
[    0.962727] usbcore: registered new interface driver libusual
[    0.962778] i8042: PNP: PS/2 Controller [PNP0303:KBC,PNP0f13:MOUS] at 0x60,0x64 irq 1,12
[    0.963121] serio: i8042 KBD port at 0x60,0x64 irq 1
[    0.963132] serio: i8042 AUX port at 0x60,0x64 irq 12
[    0.963303] mousedev: PS/2 mouse device common for all mice
[    0.963637] rtc_cmos 00:04: rtc core: registered rtc_cmos as rtc0
[    0.963661] rtc0: alarms up to one month, y3k, 114 bytes nvram, hpet irqs
[    0.963713] device-mapper: uevent: version 1.0.3
[    0.963781] device-mapper: ioctl: 4.22.0-ioctl (2011-10-19) initialised: dm-devel@redhat.com
[    0.963816] EISA: Probing bus 0 at eisa.0
[    0.963818] EISA: Cannot allocate resource for mainboard
[    0.963821] Cannot allocate resource for EISA slot 1
[    0.963823] Cannot allocate resource for EISA slot 2
[    0.963826] Cannot allocate resource for EISA slot 3
[    0.963828] Cannot allocate resource for EISA slot 4
[    0.963830] Cannot allocate resource for EISA slot 5
[    0.963833] Cannot allocate resource for EISA slot 6
[    0.963835] Cannot allocate resource for EISA slot 7
[    0.963838] Cannot allocate resource for EISA slot 8
[    0.963840] EISA: Detected 0 cards.
[    0.963849] cpufreq-nforce2: No nForce2 chipset.
[    0.963852] cpuidle: using governor ladder
[    0.963855] cpuidle: using governor menu
[    0.963858] EFI Variables Facility v0.08 2004-May-17
[    0.963909] TCP cubic registered
[    0.964017] NET: Registered protocol family 10
[    0.964069] NET: Registered protocol family 17
[    0.964074] Registering the dns_resolver key type
[    0.964091] Using IPI No-Shortcut mode
[    0.964184] PM: Hibernation image not present or could not be loaded.
[    0.964198] registered taskstats version 1
[    0.964632] input: AT Translated Set 2 keyboard as /devices/platform/i8042/serio0/input/input1
[    1.074024] Freeing initrd memory: 13836k freed
[    1.157890]   Magic number: 13:379:168
[    1.177832] rtc_cmos 00:04: setting system clock to 2013-05-27 07:11:10 UTC (1369638670)
[    1.177919] ata2.00: ATAPI: VMware Virtual IDE CDROM Drive, 00000001, max UDMA/33
[    1.178061] BIOS EDD facility v0.16 2004-Jun-25, 0 devices found
[    1.178063] EDD information not available.
[    1.178303] ata2.00: configured for UDMA/33
[    1.265563] isapnp: No Plug & Play device found
[    1.265938] scsi 1:0:0:0: CD-ROM            NECVMWar VMware IDE CDR10 1.00 PQ: 0 ANSI: 5
[    1.266573] sr0: scsi3-mmc drive: 306x/306x cd/rw xa/form2 cdda tray
[    1.266576] cdrom: Uniform CD-ROM driver Revision: 3.20
[    1.266692] sr 1:0:0:0: Attached scsi CD-ROM sr0
[    1.266849] sr 1:0:0:0: Attached scsi generic sg0 type 5
[    1.266937] Freeing unused kernel memory: 740k freed
[    1.266988] Write protecting the kernel text: 5816k
[    1.267002] Write protecting the kernel read-only data: 2376k
[    1.267004] NX-protecting the kernel data: 4424k
[    1.277766] udevd[85]: starting version 175
[    1.298040] VMware vmxnet3 virtual NIC driver - version 1.1.29.0-k-NAPI
[    1.300471] VMware PVSCSI driver - version 1.0.1.0-k
[    1.305976] VMware vmxnet virtual NIC driver
[    1.306027] ACPI: PCI Interrupt Link [LNKD] enabled at IRQ 5
[    1.306031] PCI: setting IRQ 5 as level-triggered
[    1.306039] vmxnet 0000:02:01.0: PCI INT A -> Link[LNKD] -> GSI 5 (level, low) -> IRQ 5
[    1.306090] Found vmxnet/PCI at 0x2024, irq 5.
[    1.306142] features:
[    1.306157] numRxBuffers = 100, numRxBuffers2 = 1
[    1.306208] vmxnet 0000:02:01.0: eth0: set_features() failed (-1); wanted 0x00004000, left 0x00004800
[    1.321587] usb 2-1: new full-speed USB device number 2 using uhci_hcd
[    1.349679] Floppy drive(s): fd0 is 1.44M
[    1.351755] Fusion MPT base driver 3.04.20
[    1.351759] Copyright (c) 1999-2008 LSI Corporation
[    1.351966] Fusion MPT SPI Host driver 3.04.20
[    1.352017] mptspi 0000:00:10.0: PCI INT A -> Link[LNKB] -> GSI 11 (level, low) -> IRQ 11
[    1.358486] mptbase: ioc0: Initiating bringup
[    1.365771] FDC 0 is a post-1991 82077
[    1.429446] ioc0: LSI53C1030 B0: Capabilities={Initiator}
[    1.453846] input: VMware VMware Virtual USB Mouse as /devices/pci0000:00/0000:00:11.0/0000:02:00.0/usb2/2-1/2-1:1.0/input/input2
[    1.454021] generic-usb 0003:0E0F:0003.0001: input,hidraw0: USB HID v1.10 Mouse [VMware VMware Virtual USB Mouse] on usb-0000:02:00.0-1/input0
[    1.454604] input: VMware VMware Virtual USB Mouse as /devices/pci0000:00/0000:00:11.0/0000:02:00.0/usb2/2-1/2-1:1.1/input/input3
[    1.454754] generic-usb 0003:0E0F:0003.0002: input,hidraw1: USB HID v1.10 Mouse [VMware VMware Virtual USB Mouse] on usb-0000:02:00.0-1/input1
[    1.454895] usbcore: registered new interface driver usbhid
[    1.454897] usbhid: USB HID core driver
[    1.561216] usb 2-2: new full-speed USB device number 3 using uhci_hcd
[    1.589268] scsi2 : ioc0: LSI53C1030 B0, FwRev=01032920h, Ports=1, MaxQ=128, IRQ=11
[    1.695130] hub 2-2:1.0: USB hub found
[    1.697192] hub 2-2:1.0: 7 ports detected
[    1.702085] scsi 2:0:0:0: Direct-Access     VMware,  VMware Virtual S 1.0  PQ: 0 ANSI: 2
[    1.702097] scsi target2:0:0: Beginning Domain Validation
[    1.702830] scsi target2:0:0: Domain Validation skipping write tests
[    1.702834] scsi target2:0:0: Ending Domain Validation
[    1.702901] scsi target2:0:0: FAST-40 WIDE SCSI 80.0 MB/s ST (25 ns, offset 127)
[    1.705570] sd 2:0:0:0: [sda] 41943040 512-byte logical blocks: (21.4 GB/20.0 GiB)
[    1.705642] sd 2:0:0:0: [sda] Write Protect is off
[    1.705647] sd 2:0:0:0: [sda] Mode Sense: 61 00 00 00
[    1.705717] sd 2:0:0:0: [sda] Cache data unavailable
[    1.705722] sd 2:0:0:0: [sda] Assuming drive cache: write through
[    1.706089] sd 2:0:0:0: [sda] Cache data unavailable
[    1.706093] sd 2:0:0:0: [sda] Assuming drive cache: write through
[    1.707082] sd 2:0:0:0: Attached scsi generic sg1 type 0
[    1.707816]  sda: sda1 sda2 < sda5 >
[    1.708260] sd 2:0:0:0: [sda] Cache data unavailable
[    1.708264] sd 2:0:0:0: [sda] Assuming drive cache: write through
[    1.708267] sd 2:0:0:0: [sda] Attached SCSI disk
[    1.749462] EXT4-fs (sda1): INFO: recovery required on readonly filesystem
[    1.749467] EXT4-fs (sda1): write access will be enabled during recovery
[    1.790604] EXT4-fs (sda1): recovery complete
[    1.791367] EXT4-fs (sda1): mounted filesystem with ordered data mode. Opts: (null)
[    3.340086] ADDRCONF(NETDEV_UP): eth0: link is not ready
[    3.350522] udevd[326]: starting version 175
[    3.388286] Adding 1046524k swap on /dev/sda5.  Priority:-1 extents:1 across:1046524k 
[    3.400817] lp: driver loaded but no devices found
[    3.483516] EXT4-fs (sda1): re-mounted. Opts: errors=remount-ro
[    3.503917] shpchp: Standard Hot Plug PCI Controller Driver version: 0.4
[    3.506673] piix4_smbus 0000:00:07.3: Host SMBus controller not enabled!
[    3.511365] [390]: VMCI: shared components initialized.
[    3.511392] Probing for vmci/PCI.
[    3.511583] ACPI: PCI Interrupt Link [LNKA] enabled at IRQ 9
[    3.511587] PCI: setting IRQ 9 as level-triggered
[    3.511594] vmci 0000:00:07.7: PCI INT A -> Link[LNKA] -> GSI 9 (level, low) -> IRQ 9
[    3.511643] Found vmci/PCI at 0x1080, irq 9.
[    3.511685] VMCI: using capabilities 0xc.
[    3.511769] [390]: VMCI: Host capability check passed.
[    3.512074] vmci 0000:00:07.7: irq 72 for MSI/MSI-X
[    3.512113] vmci 0000:00:07.7: irq 73 for MSI/MSI-X
[    3.512357] Registered vmci device.
[    3.520823] [390]: VMCI: Using guest personality
[    3.520828] [390]: VMCI: host components initialized.
[    3.521389] [390]: VMCI: Module registered (name=vmci,major=10,minor=57).
[    3.521392] [390]: VMCI: Using host personality
[    3.521394] [390]: VMCI: Module (name=vmci) is initialized
[    3.599896] Bluetooth: Core ver 2.16
[    3.600112] NET: Registered protocol family 31
[    3.600114] Bluetooth: HCI device and connection manager initialized
[    3.600117] Bluetooth: HCI socket layer initialized
[    3.600119] Bluetooth: L2CAP socket layer initialized
[    3.600124] Bluetooth: SCO socket layer initialized
[    3.616812] Bluetooth: BNEP (Ethernet Emulation) ver 1.3
[    3.616815] Bluetooth: BNEP filters: protocol multicast
[    3.623233] ppdev: user-space parallel port driver
[    3.624006] parport_pc 00:09: reported by Plug and Play ACPI
[    3.624136] parport0: PC-style at 0x378, irq 7 [PCSPP,TRISTATE]
[    3.635406] Bluetooth: RFCOMM TTY layer initialized
[    3.635411] Bluetooth: RFCOMM socket layer initialized
[    3.635413] Bluetooth: RFCOMM ver 1.11
[    3.718215] lp0: using parport0 (interrupt-driven).
[    3.726153] type=1400 audit(1369638673.051:2): apparmor="STATUS" operation="profile_load" name="/usr/lib/cups/backend/cups-pdf" pid=579 comm="apparmor_parser"
[    3.728578] type=1400 audit(1369638673.051:3): apparmor="STATUS" operation="profile_load" name="/usr/sbin/cupsd" pid=579 comm="apparmor_parser"
[    3.762718] type=1400 audit(1369638673.087:4): apparmor="STATUS" operation="profile_load" name="/sbin/dhclient" pid=593 comm="apparmor_parser"
[    3.762865] type=1400 audit(1369638673.087:5): apparmor="STATUS" operation="profile_load" name="/usr/lib/NetworkManager/nm-dhcp-client.action" pid=593 comm="apparmor_parser"
[    3.762995] type=1400 audit(1369638673.087:6): apparmor="STATUS" operation="profile_load" name="/usr/lib/connman/scripts/dhclient-script" pid=593 comm="apparmor_parser"
[    3.913927] input: ImPS/2 Generic Wheel Mouse as /devices/platform/i8042/serio1/input/input4
[    4.090261] snd_ens1371 0000:02:02.0: PCI INT A -> Link[LNKA] -> GSI 9 (level, low) -> IRQ 9
[    4.136000] init: failsafe main process (665) killed by TERM signal
[    4.230096] type=1400 audit(1369638673.555:7): apparmor="STATUS" operation="profile_load" name="/usr/lib/lightdm/lightdm/lightdm-guest-session-wrapper" pid=791 comm="apparmor_parser"
[    4.235317] type=1400 audit(1369638673.559:8): apparmor="STATUS" operation="profile_replace" name="/sbin/dhclient" pid=793 comm="apparmor_parser"
[    4.236739] type=1400 audit(1369638673.559:9): apparmor="STATUS" operation="profile_replace" name="/usr/lib/NetworkManager/nm-dhcp-client.action" pid=793 comm="apparmor_parser"
[    4.236869] type=1400 audit(1369638673.559:10): apparmor="STATUS" operation="profile_replace" name="/usr/lib/connman/scripts/dhclient-script" pid=793 comm="apparmor_parser"
[    4.454924] init: alsa-restore main process (858) terminated with status 19
