[    0.000000] Initializing cgroup subsys cpuset
[    0.000000] Initializing cgroup subsys cpu
[    0.000000] Linux version 3.2.0-29-generic-pae (buildd@roseapple) (gcc version 4.6.3 (Ubuntu/Linaro 4.6.3-1ubuntu5) ) #46-Ubuntu SMP Fri Jul 27 17:25:43 UTC 2012 (Ubuntu 3.2.0-29.46-generic-pae 3.2.24)
[    0.000000] KERNEL supported cpus:
[    0.000000]   Intel GenuineIntel
[    0.000000]   AMD AuthenticAMD
[    0.000000]   NSC Geode by NSC
[    0.000000]   Cyrix CyrixInstead
[    0.000000]   Centaur CentaurHauls
[    0.000000]   Transmeta GenuineTMx86
[    0.000000]   Transmeta TransmetaCPU
[    0.000000]   UMC UMC UMC UMC
[    0.000000] Disabled fast string operations
[    0.000000] BIOS-provided physical RAM map:
[    0.000000]  BIOS-e820: 0000000000000000 - 000000000009f000 (usable)
[    0.000000]  BIOS-e820: 000000000009f000 - 00000000000a0000 (reserved)
[    0.000000]  BIOS-e820: 00000000000ca000 - 00000000000cc000 (reserved)
[    0.000000]  BIOS-e820: 00000000000dc000 - 0000000000100000 (reserved)
[    0.000000]  BIOS-e820: 0000000000100000 - 000000003fee0000 (usable)
[    0.000000]  BIOS-e820: 000000003fee0000 - 000000003feff000 (ACPI data)
[    0.000000]  BIOS-e820: 000000003feff000 - 000000003ff00000 (ACPI NVS)
[    0.000000]  BIOS-e820: 000000003ff00000 - 0000000040000000 (usable)
[    0.000000]  BIOS-e820: 00000000e0000000 - 00000000f0000000 (reserved)
[    0.000000]  BIOS-e820: 00000000fec00000 - 00000000fec10000 (reserved)
[    0.000000]  BIOS-e820: 00000000fee00000 - 00000000fee01000 (reserved)
[    0.000000]  BIOS-e820: 00000000fffe0000 - 0000000100000000 (reserved)
[    0.000000] NX (Execute Disable) protection: active
[    0.000000] DMI present.
[    0.000000] DMI: VMware, Inc. VMware Virtual Platform/440BX Desktop Reference Platform, BIOS 6.00 07/02/2012
[    0.000000] Hypervisor detected: VMware
[    0.000000] e820 update range: 0000000000000000 - 0000000000010000 (usable) ==> (reserved)
[    0.000000] e820 remove range: 00000000000a0000 - 0000000000100000 (usable)
[    0.000000] last_pfn = 0x40000 max_arch_pfn = 0x1000000
[    0.000000] MTRR default type: uncachable
[    0.000000] MTRR fixed ranges enabled:
[    0.000000]   00000-9FFFF write-back
[    0.000000]   A0000-BFFFF uncachable
[    0.000000]   C0000-CBFFF write-protect
[    0.000000]   CC000-EFFFF uncachable
[    0.000000]   F0000-FFFFF write-protect
[    0.000000] MTRR variable ranges enabled:
[    0.000000]   0 base 0000000000 mask FFC0000000 write-back
[    0.000000]   1 disabled
[    0.000000]   2 disabled
[    0.000000]   3 disabled
[    0.000000]   4 disabled
[    0.000000]   5 disabled
[    0.000000]   6 disabled
[    0.000000]   7 disabled
[    0.000000] x86 PAT enabled: cpu 0, old 0x0, new 0x7010600070106
[    0.000000] found SMP MP-table at [c00f6bf0] f6bf0
[    0.000000] initial memory mapped : 0 - 02000000
[    0.000000] Base memory trampoline at [c009b000] 9b000 size 16384
[    0.000000] init_memory_mapping: 0000000000000000-0000000037bfe000
[    0.000000]  0000000000 - 0000200000 page 4k
[    0.000000]  0000200000 - 0037a00000 page 2M
[    0.000000]  0037a00000 - 0037bfe000 page 4k
[    0.000000] kernel direct mapping tables up to 37bfe000 @ 1ffb000-2000000
[    0.000000] RAMDISK: 364ea000 - 3726d000
[    0.000000] ACPI: RSDP 000f6b80 00024 (v02 PTLTD )
[    0.000000] ACPI: XSDT 3feed636 0005C (v01 INTEL  440BX    06040000 VMW  01324272)
[    0.000000] ACPI: FACP 3fefee98 000F4 (v04 INTEL  440BX    06040000 PTL  000F4240)
[    0.000000] ACPI: DSDT 3feee366 10B32 (v01 PTLTD  Custom   06040000 MSFT 03000001)
[    0.000000] ACPI: FACS 3fefffc0 00040
[    0.000000] ACPI: BOOT 3feee33e 00028 (v01 PTLTD  $SBFTBL$ 06040000  LTP 00000001)
[    0.000000] ACPI: APIC 3feedc3e 003C2 (v01 PTLTD  ? APIC   06040000  LTP 00000000)
[    0.000000] ACPI: MCFG 3feedc02 0003C (v01 PTLTD  $PCITBL$ 06040000  LTP 00000001)
[    0.000000] ACPI: SRAT 3feed732 004D0 (v02 VMWARE MEMPLUG  06040000 VMW  00000001)
[    0.000000] ACPI: HPET 3feed6fa 00038 (v01 VMWARE VMW HPET 06040000 VMW  00000001)
[    0.000000] ACPI: WAET 3feed6d2 00028 (v01 VMWARE VMW WAET 06040000 VMW  00000001)
[    0.000000] ACPI: Local APIC address 0xfee00000
[    0.000000] 132MB HIGHMEM available.
[    0.000000] 891MB LOWMEM available.
[    0.000000]   mapped low ram: 0 - 37bfe000
[    0.000000]   low ram: 0 - 37bfe000
[    0.000000] Zone PFN ranges:
[    0.000000]   DMA      0x00000010 -> 0x00001000
[    0.000000]   Normal   0x00001000 -> 0x00037bfe
[    0.000000]   HighMem  0x00037bfe -> 0x00040000
[    0.000000] Movable zone start PFN for each node
[    0.000000] early_node_map[3] active PFN ranges
[    0.000000]     0: 0x00000010 -> 0x0000009f
[    0.000000]     0: 0x00000100 -> 0x0003fee0
[    0.000000]     0: 0x0003ff00 -> 0x00040000
[    0.000000] On node 0 totalpages: 261999
[    0.000000] free_area_init_node: node 0, pgdat c1866a40, node_mem_map f73fd200
[    0.000000]   DMA zone: 32 pages used for memmap
[    0.000000]   DMA zone: 0 pages reserved
[    0.000000]   DMA zone: 3951 pages, LIFO batch:0
[    0.000000]   Normal zone: 1752 pages used for memmap
[    0.000000]   Normal zone: 222502 pages, LIFO batch:31
[    0.000000]   HighMem zone: 265 pages used for memmap
[    0.000000]   HighMem zone: 33497 pages, LIFO batch:7
[    0.000000] Using APIC driver default
[    0.000000] ACPI: PM-Timer IO Port: 0x1008
[    0.000000] ACPI: Local APIC address 0xfee00000
[    0.000000] ACPI: LAPIC (acpi_id[0x00] lapic_id[0x00] enabled)
[    0.000000] ACPI: LAPIC (acpi_id[0x01] lapic_id[0x02] disabled)
[    0.000000] ACPI: LAPIC (acpi_id[0x02] lapic_id[0x04] disabled)
[    0.000000] ACPI: LAPIC (acpi_id[0x03] lapic_id[0x06] disabled)
[    0.000000] ACPI: LAPIC (acpi_id[0x04] lapic_id[0x08] disabled)
[    0.000000] ACPI: LAPIC (acpi_id[0x05] lapic_id[0x0a] disabled)
[    0.000000] ACPI: LAPIC (acpi_id[0x06] lapic_id[0x0c] disabled)
[    0.000000] ACPI: LAPIC (acpi_id[0x07] lapic_id[0x0e] disabled)
[    0.000000] ACPI: LAPIC (acpi_id[0x08] lapic_id[0x10] disabled)
[    0.000000] ACPI: LAPIC (acpi_id[0x09] lapic_id[0x12] disabled)
[    0.000000] ACPI: LAPIC (acpi_id[0x0a] lapic_id[0x14] disabled)
[    0.000000] ACPI: LAPIC (acpi_id[0x0b] lapic_id[0x16] disabled)
[    0.000000] ACPI: LAPIC (acpi_id[0x0c] lapic_id[0x18] disabled)
[    0.000000] ACPI: LAPIC (acpi_id[0x0d] lapic_id[0x1a] disabled)
[    0.000000] ACPI: LAPIC (acpi_id[0x0e] lapic_id[0x1c] disabled)
[    0.000000] ACPI: LAPIC (acpi_id[0x0f] lapic_id[0x1e] disabled)
[    0.000000] ACPI: LAPIC (acpi_id[0x10] lapic_id[0x20] disabled)
[    0.000000] ACPI: LAPIC (acpi_id[0x11] lapic_id[0x22] disabled)
[    0.000000] ACPI: LAPIC (acpi_id[0x12] lapic_id[0x24] disabled)
[    0.000000] ACPI: LAPIC (acpi_id[0x13] lapic_id[0x26] disabled)
[    0.000000] ACPI: LAPIC (acpi_id[0x14] lapic_id[0x28] disabled)
[    0.000000] ACPI: LAPIC (acpi_id[0x15] lapic_id[0x2a] disabled)
[    0.000000] ACPI: LAPIC (acpi_id[0x16] lapic_id[0x2c] disabled)
[    0.000000] ACPI: LAPIC (acpi_id[0x17] lapic_id[0x2e] disabled)
[    0.000000] ACPI: LAPIC (acpi_id[0x18] lapic_id[0x30] disabled)
[    0.000000] ACPI: LAPIC (acpi_id[0x19] lapic_id[0x32] disabled)
[    0.000000] ACPI: LAPIC (acpi_id[0x1a] lapic_id[0x34] disabled)
[    0.000000] ACPI: LAPIC (acpi_id[0x1b] lapic_id[0x36] disabled)
[    0.000000] ACPI: LAPIC (acpi_id[0x1c] lapic_id[0x38] disabled)
[    0.000000] ACPI: LAPIC (acpi_id[0x1d] lapic_id[0x3a] disabled)
[    0.000000] ACPI: LAPIC (acpi_id[0x1e] lapic_id[0x3c] disabled)
[    0.000000] ACPI: LAPIC (acpi_id[0x1f] lapic_id[0x3e] disabled)
[    0.000000] ACPI: LAPIC (acpi_id[0x20] lapic_id[0x40] disabled)
[    0.000000] ACPI: LAPIC (acpi_id[0x21] lapic_id[0x42] disabled)
[    0.000000] ACPI: LAPIC (acpi_id[0x22] lapic_id[0x44] disabled)
[    0.000000] ACPI: LAPIC (acpi_id[0x23] lapic_id[0x46] disabled)
[    0.000000] ACPI: LAPIC (acpi_id[0x24] lapic_id[0x48] disabled)
[    0.000000] ACPI: LAPIC (acpi_id[0x25] lapic_id[0x4a] disabled)
[    0.000000] ACPI: LAPIC (acpi_id[0x26] lapic_id[0x4c] disabled)
[    0.000000] ACPI: LAPIC (acpi_id[0x27] lapic_id[0x4e] disabled)
[    0.000000] ACPI: LAPIC (acpi_id[0x28] lapic_id[0x50] disabled)
[    0.000000] ACPI: LAPIC (acpi_id[0x29] lapic_id[0x52] disabled)
[    0.000000] ACPI: LAPIC (acpi_id[0x2a] lapic_id[0x54] disabled)
[    0.000000] ACPI: LAPIC (acpi_id[0x2b] lapic_id[0x56] disabled)
[    0.000000] ACPI: LAPIC (acpi_id[0x2c] lapic_id[0x58] disabled)
[    0.000000] ACPI: LAPIC (acpi_id[0x2d] lapic_id[0x5a] disabled)
[    0.000000] ACPI: LAPIC (acpi_id[0x2e] lapic_id[0x5c] disabled)
[    0.000000] ACPI: LAPIC (acpi_id[0x2f] lapic_id[0x5e] disabled)
[    0.000000] ACPI: LAPIC (acpi_id[0x30] lapic_id[0x60] disabled)
[    0.000000] ACPI: LAPIC (acpi_id[0x31] lapic_id[0x62] disabled)
[    0.000000] ACPI: LAPIC (acpi_id[0x32] lapic_id[0x64] disabled)
[    0.000000] ACPI: LAPIC (acpi_id[0x33] lapic_id[0x66] disabled)
[    0.000000] ACPI: LAPIC (acpi_id[0x34] lapic_id[0x68] disabled)
[    0.000000] ACPI: LAPIC (acpi_id[0x35] lapic_id[0x6a] disabled)
[    0.000000] ACPI: LAPIC (acpi_id[0x36] lapic_id[0x6c] disabled)
[    0.000000] ACPI: LAPIC (acpi_id[0x37] lapic_id[0x6e] disabled)
[    0.000000] ACPI: LAPIC (acpi_id[0x38] lapic_id[0x70] disabled)
[    0.000000] ACPI: LAPIC (acpi_id[0x39] lapic_id[0x72] disabled)
[    0.000000] ACPI: LAPIC (acpi_id[0x3a] lapic_id[0x74] disabled)
[    0.000000] ACPI: LAPIC (acpi_id[0x3b] lapic_id[0x76] disabled)
[    0.000000] ACPI: LAPIC (acpi_id[0x3c] lapic_id[0x78] disabled)
[    0.000000] ACPI: LAPIC (acpi_id[0x3d] lapic_id[0x7a] disabled)
[    0.000000] ACPI: LAPIC (acpi_id[0x3e] lapic_id[0x7c] disabled)
[    0.000000] ACPI: LAPIC (acpi_id[0x3f] lapic_id[0x7e] disabled)
[    0.000000] ACPI: LAPIC_NMI (acpi_id[0x00] high edge lint[0x1])
[    0.000000] ACPI: LAPIC_NMI (acpi_id[0x01] high edge lint[0x1])
[    0.000000] ACPI: LAPIC_NMI (acpi_id[0x02] high edge lint[0x1])
[    0.000000] ACPI: LAPIC_NMI (acpi_id[0x03] high edge lint[0x1])
[    0.000000] ACPI: LAPIC_NMI (acpi_id[0x04] high edge lint[0x1])
[    0.000000] ACPI: LAPIC_NMI (acpi_id[0x05] high edge lint[0x1])
[    0.000000] ACPI: LAPIC_NMI (acpi_id[0x06] high edge lint[0x1])
[    0.000000] ACPI: LAPIC_NMI (acpi_id[0x07] high edge lint[0x1])
[    0.000000] ACPI: LAPIC_NMI (acpi_id[0x08] high edge lint[0x1])
[    0.000000] ACPI: LAPIC_NMI (acpi_id[0x09] high edge lint[0x1])
[    0.000000] ACPI: LAPIC_NMI (acpi_id[0x0a] high edge lint[0x1])
[    0.000000] ACPI: LAPIC_NMI (acpi_id[0x0b] high edge lint[0x1])
[    0.000000] ACPI: LAPIC_NMI (acpi_id[0x0c] high edge lint[0x1])
[    0.000000] ACPI: LAPIC_NMI (acpi_id[0x0d] high edge lint[0x1])
[    0.000000] ACPI: LAPIC_NMI (acpi_id[0x0e] high edge lint[0x1])
[    0.000000] ACPI: LAPIC_NMI (acpi_id[0x0f] high edge lint[0x1])
[    0.000000] ACPI: LAPIC_NMI (acpi_id[0x10] high edge lint[0x1])
[    0.000000] ACPI: LAPIC_NMI (acpi_id[0x11] high edge lint[0x1])
[    0.000000] ACPI: LAPIC_NMI (acpi_id[0x12] high edge lint[0x1])
[    0.000000] ACPI: LAPIC_NMI (acpi_id[0x13] high edge lint[0x1])
[    0.000000] ACPI: LAPIC_NMI (acpi_id[0x14] high edge lint[0x1])
[    0.000000] ACPI: LAPIC_NMI (acpi_id[0x15] high edge lint[0x1])
[    0.000000] ACPI: LAPIC_NMI (acpi_id[0x16] high edge lint[0x1])
[    0.000000] ACPI: LAPIC_NMI (acpi_id[0x17] high edge lint[0x1])
[    0.000000] ACPI: LAPIC_NMI (acpi_id[0x18] high edge lint[0x1])
[    0.000000] ACPI: LAPIC_NMI (acpi_id[0x19] high edge lint[0x1])
[    0.000000] ACPI: LAPIC_NMI (acpi_id[0x1a] high edge lint[0x1])
[    0.000000] ACPI: LAPIC_NMI (acpi_id[0x1b] high edge lint[0x1])
[    0.000000] ACPI: LAPIC_NMI (acpi_id[0x1c] high edge lint[0x1])
[    0.000000] ACPI: LAPIC_NMI (acpi_id[0x1d] high edge lint[0x1])
[    0.000000] ACPI: LAPIC_NMI (acpi_id[0x1e] high edge lint[0x1])
[    0.000000] ACPI: LAPIC_NMI (acpi_id[0x1f] high edge lint[0x1])
[    0.000000] ACPI: LAPIC_NMI (acpi_id[0x20] high edge lint[0x1])
[    0.000000] ACPI: LAPIC_NMI (acpi_id[0x21] high edge lint[0x1])
[    0.000000] ACPI: LAPIC_NMI (acpi_id[0x22] high edge lint[0x1])
[    0.000000] ACPI: LAPIC_NMI (acpi_id[0x23] high edge lint[0x1])
[    0.000000] ACPI: LAPIC_NMI (acpi_id[0x24] high edge lint[0x1])
[    0.000000] ACPI: LAPIC_NMI (acpi_id[0x25] high edge lint[0x1])
[    0.000000] ACPI: LAPIC_NMI (acpi_id[0x26] high edge lint[0x1])
[    0.000000] ACPI: LAPIC_NMI (acpi_id[0x27] high edge lint[0x1])
[    0.000000] ACPI: LAPIC_NMI (acpi_id[0x28] high edge lint[0x1])
[    0.000000] ACPI: LAPIC_NMI (acpi_id[0x29] high edge lint[0x1])
[    0.000000] ACPI: LAPIC_NMI (acpi_id[0x2a] high edge lint[0x1])
[    0.000000] ACPI: LAPIC_NMI (acpi_id[0x2b] high edge lint[0x1])
[    0.000000] ACPI: LAPIC_NMI (acpi_id[0x2c] high edge lint[0x1])
[    0.000000] ACPI: LAPIC_NMI (acpi_id[0x2d] high edge lint[0x1])
[    0.000000] ACPI: LAPIC_NMI (acpi_id[0x2e] high edge lint[0x1])
[    0.000000] ACPI: LAPIC_NMI (acpi_id[0x2f] high edge lint[0x1])
[    0.000000] ACPI: LAPIC_NMI (acpi_id[0x30] high edge lint[0x1])
[    0.000000] ACPI: LAPIC_NMI (acpi_id[0x31] high edge lint[0x1])
[    0.000000] ACPI: LAPIC_NMI (acpi_id[0x32] high edge lint[0x1])
[    0.000000] ACPI: LAPIC_NMI (acpi_id[0x33] high edge lint[0x1])
[    0.000000] ACPI: LAPIC_NMI (acpi_id[0x34] high edge lint[0x1])
[    0.000000] ACPI: LAPIC_NMI (acpi_id[0x35] high edge lint[0x1])
[    0.000000] ACPI: LAPIC_NMI (acpi_id[0x36] high edge lint[0x1])
[    0.000000] ACPI: LAPIC_NMI (acpi_id[0x37] high edge lint[0x1])
[    0.000000] ACPI: LAPIC_NMI (acpi_id[0x38] high edge lint[0x1])
[    0.000000] ACPI: LAPIC_NMI (acpi_id[0x39] high edge lint[0x1])
[    0.000000] ACPI: LAPIC_NMI (acpi_id[0x3a] high edge lint[0x1])
[    0.000000] ACPI: LAPIC_NMI (acpi_id[0x3b] high edge lint[0x1])
[    0.000000] ACPI: LAPIC_NMI (acpi_id[0x3c] high edge lint[0x1])
[    0.000000] ACPI: LAPIC_NMI (acpi_id[0x3d] high edge lint[0x1])
[    0.000000] ACPI: LAPIC_NMI (acpi_id[0x3e] high edge lint[0x1])
[    0.000000] ACPI: LAPIC_NMI (acpi_id[0x3f] high edge lint[0x1])
[    0.000000] ACPI: Skipping IOAPIC probe due to 'noapic' option.
[    0.000000] Using ACPI for processor (LAPIC) configuration information
[    0.000000] ACPI: HPET id: 0x8086af01 base: 0xfed00000
[    0.000000] Intel MultiProcessor Specification v1.4
[    0.000000]     Virtual Wire compatibility mode.
[    0.000000] MPTABLE: OEM ID: INTEL   
[    0.000000] MPTABLE: Product ID: 440BX       
[    0.000000] MPTABLE: APIC at: 0xFEE00000
[    0.000000] IOAPIC[0]: apic_id 1, version 17, address 0xfec00000, GSI 0-23
[    0.000000] Processors: 1
[    0.000000] SMP: Allowing 1 CPUs, 0 hotplug CPUs
[    0.000000] nr_irqs_gsi: 40
[    0.000000] PM: Registered nosave memory: 000000000009f000 - 00000000000a0000
[    0.000000] PM: Registered nosave memory: 00000000000a0000 - 00000000000ca000
[    0.000000] PM: Registered nosave memory: 00000000000ca000 - 00000000000cc000
[    0.000000] PM: Registered nosave memory: 00000000000cc000 - 00000000000dc000
[    0.000000] PM: Registered nosave memory: 00000000000dc000 - 0000000000100000
[    0.000000] Allocating PCI resources starting at 40000000 (gap: 40000000:a0000000)
[    0.000000] Booting paravirtualized kernel on bare hardware
[    0.000000] setup_percpu: NR_CPUS:8 nr_cpumask_bits:8 nr_cpu_ids:1 nr_node_ids:1
[    0.000000] PERCPU: Embedded 14 pages/cpu @f73e8000 s34240 r0 d23104 u57344
[    0.000000] pcpu-alloc: s34240 r0 d23104 u57344 alloc=14*4096
[    0.000000] pcpu-alloc: [0] 0 
[    0.000000] Built 1 zonelists in Zone order, mobility grouping on.  Total pages: 259950
[    0.000000] Kernel command line: BOOT_IMAGE=/boot/vmlinuz-3.2.0-29-generic-pae root=UUID=007b598c-390d-4c65-84a1-4ff752d48633 ro quiet splash maxcpus=0
[    0.000000] PID hash table entries: 4096 (order: 2, 16384 bytes)
[    0.000000] Dentry cache hash table entries: 131072 (order: 7, 524288 bytes)
[    0.000000] Inode-cache hash table entries: 65536 (order: 6, 262144 bytes)
[    0.000000] Initializing CPU#0
[    0.000000] xsave/xrstor: enabled xstate_bv 0x7, cntxt size 0x340
[    0.000000] allocated 4194048 bytes of page_cgroup
[    0.000000] please try 'cgroup_disable=memory' option if you don't want memory cgroups
[    0.000000] Initializing HighMem for node 0 (00037bfe:00040000)
[    0.000000] Memory: 1010624k/1048576k available (5814k kernel code, 37372k reserved, 2841k data, 740k init, 135048k highmem)
[    0.000000] virtual kernel memory layout:
[    0.000000]     fixmap  : 0xfff16000 - 0xfffff000   ( 932 kB)
[    0.000000]     pkmap   : 0xffc00000 - 0xffe00000   (2048 kB)
[    0.000000]     vmalloc : 0xf83fe000 - 0xffbfe000   ( 120 MB)
[    0.000000]     lowmem  : 0xc0000000 - 0xf7bfe000   ( 891 MB)
[    0.000000]       .init : 0xc1875000 - 0xc192e000   ( 740 kB)
[    0.000000]       .data : 0xc15adb64 - 0xc1874240   (2841 kB)
[    0.000000]       .text : 0xc1000000 - 0xc15adb64   (5814 kB)
[    0.000000] Checking if this processor honours the WP bit even in supervisor mode...Ok.
[    0.000000] SLUB: Genslabs=15, HWalign=64, Order=0-3, MinObjects=0, CPUs=1, Nodes=1
[    0.000000] Hierarchical RCU implementation.
[    0.000000] 	RCU dyntick-idle grace-period acceleration is enabled.
[    0.000000] NR_IRQS:2304 nr_irqs:256 16
[    0.000000] CPU 0 irqstacks, hard=f5c08000 soft=f5c0a000
[    0.000000] Extended CMOS year: 2000
[    0.000000] Console: colour VGA+ 80x25
[    0.000000] console [tty0] enabled
[    0.000000] hpet clockevent registered
[    0.000000] TSC freq read from hypervisor : 2394.620 MHz
[    0.000000] Detected 2394.620 MHz processor.
[    0.000001] Calibrating delay loop (skipped) preset value.. 4789.24 BogoMIPS (lpj=9578480)
[    0.000004] pid_max: default: 32768 minimum: 301
[    0.000018] Security Framework initialized
[    0.000032] AppArmor: AppArmor initialized
[    0.000034] Yama: becoming mindful.
[    0.000068] Mount-cache hash table entries: 512
[    0.000147] Initializing cgroup subsys cpuacct
[    0.000151] Initializing cgroup subsys memory
[    0.000155] Initializing cgroup subsys devices
[    0.000156] Initializing cgroup subsys freezer
[    0.000158] Initializing cgroup subsys blkio
[    0.000163] Initializing cgroup subsys perf_event
[    0.000206] Disabled fast string operations
[    0.000209] CPU: Physical Processor ID: 0
[    0.000218] ENERGY_PERF_BIAS: Set to 'normal', was 'performance'
[    0.000219] ENERGY_PERF_BIAS: View and update with x86_energy_perf_policy(8)
[    0.000876] mce: CPU supports 0 MCE banks
[    0.001622] SMP alternatives: switching to UP code
[    0.020385] Freeing SMP alternatives: 24k freed
[    0.020391] ACPI: Core revision 20110623
[    0.026543] ACPI: setting ELCR to 0200 (from 0e20)
[    0.027710] ftrace: allocating 26545 entries in 52 pages
[    0.048163] SMP mode deactivated.
[    0.048202] SMP disabled
[    0.048205] Performance Events: generic architected perfmon v1, core PMU driver.
[    0.048217] ... version:                1
[    0.048218] ... bit width:              48
[    0.048220] ... generic registers:      4
[    0.048221] ... value mask:             0000ffffffffffff
[    0.048222] ... max period:             000000007fffffff
[    0.048223] ... fixed-purpose events:   0
[    0.048224] ... event mask:             000000000000000f
[    0.048316] NMI watchdog enabled, takes one hw-pmu counter.
[    0.048335] Brought up 1 CPUs
[    0.048337] Total of 1 processors activated (4789.24 BogoMIPS).
[    0.048464] devtmpfs: initialized
[    0.048534] EVM: security.selinux
[    0.048535] EVM: security.SMACK64
[    0.048536] EVM: security.capability
[    0.048561] PM: Registering ACPI NVS region at 3feff000 (4096 bytes)
[    0.049259] print_constraints: dummy: 
[    0.049337] RTC time: 11:14:39, date: 05/27/13
[    0.049365] NET: Registered protocol family 16
[    0.049450] EISA bus registered
[    0.049461] ACPI: bus type pci registered
[    0.049572] PCI: MMCONFIG for domain 0000 [bus 00-ff] at [mem 0xe0000000-0xefffffff] (base 0xe0000000)
[    0.049574] PCI: MMCONFIG at [mem 0xe0000000-0xefffffff] reserved in E820
[    0.049575] PCI: Using MMCONFIG for extended config space
[    0.049577] PCI: Using configuration type 1 for base access
[    0.050240] bio: create slab <bio-0> at 0
[    0.050303] ACPI: Added _OSI(Module Device)
[    0.050304] ACPI: Added _OSI(Processor Device)
[    0.050305] ACPI: Added _OSI(3.0 _SCP Extensions)
[    0.050306] ACPI: Added _OSI(Processor Aggregator Device)
[    0.052240] ACPI: EC: Look up EC in DSDT
[    0.056707] [Firmware Bug]: ACPI: BIOS _OSI(Linux) query ignored
[    0.064600] ACPI: Interpreter enabled
[    0.064608] ACPI: (supports S0 S1 S4 S5)
[    0.064619] ACPI: Using PIC for interrupt routing
[    0.105595] ACPI: No dock devices found.
[    0.105597] HEST: Table not found.
[    0.105601] PCI: Using host bridge windows from ACPI; if necessary, use "pci=nocrs" and report a bug
[    0.106284] ACPI: PCI Root Bridge [PCI0] (domain 0000 [bus 00-ff])
[    0.107582] pci_root PNP0A03:00: host bridge window [mem 0x000a0000-0x000bffff]
[    0.107585] pci_root PNP0A03:00: host bridge window [mem 0x000cc000-0x000cffff]
[    0.107586] pci_root PNP0A03:00: host bridge window [mem 0x000d0000-0x000d3fff]
[    0.107588] pci_root PNP0A03:00: host bridge window [mem 0x000d4000-0x000d7fff]
[    0.107589] pci_root PNP0A03:00: host bridge window [mem 0x000d8000-0x000dbfff]
[    0.107591] pci_root PNP0A03:00: host bridge window [mem 0xc0000000-0xfebfffff]
[    0.107593] pci_root PNP0A03:00: host bridge window [io  0x0000-0x0cf7]
[    0.107594] pci_root PNP0A03:00: host bridge window [io  0x0d00-0xfeff]
[    0.107650] pci 0000:00:00.0: [8086:7190] type 0 class 0x000600
[    0.108124] pci 0000:00:01.0: [8086:7191] type 1 class 0x000604
[    0.108555] pci 0000:00:07.0: [8086:7110] type 0 class 0x000601
[    0.109226] pci 0000:00:07.1: [8086:7111] type 0 class 0x000101
[    0.110749] pci 0000:00:07.1: reg 20: [io  0x10c0-0x10cf]
[    0.111499] pci 0000:00:07.3: [8086:7113] type 0 class 0x000680
[    0.113189] pci 0000:00:07.3: quirk: [io  0x1000-0x103f] claimed by PIIX4 ACPI
[    0.113203] pci 0000:00:07.3: quirk: [io  0x1040-0x104f] claimed by PIIX4 SMB
[    0.113457] pci 0000:00:07.7: [15ad:0740] type 0 class 0x000880
[    0.113943] pci 0000:00:07.7: reg 10: [io  0x1080-0x10bf]
[    0.114536] pci 0000:00:07.7: reg 14: [mem 0xc8000000-0xc8001fff 64bit]
[    0.116658] pci 0000:00:0f.0: [15ad:0405] type 0 class 0x000300
[    0.118704] pci 0000:00:0f.0: reg 10: [io  0x10d0-0x10df]
[    0.120682] pci 0000:00:0f.0: reg 14: [mem 0xd0000000-0xd7ffffff pref]
[    0.122719] pci 0000:00:0f.0: reg 18: [mem 0xc8800000-0xc8ffffff]
[    0.130610] pci 0000:00:0f.0: reg 30: [mem 0x00000000-0x00007fff pref]
[    0.130926] pci 0000:00:10.0: [1000:0030] type 0 class 0x000100
[    0.131493] pci 0000:00:10.0: reg 10: [io  0x1400-0x14ff]
[    0.132230] pci 0000:00:10.0: reg 14: [mem 0xc8040000-0xc805ffff 64bit]
[    0.132956] pci 0000:00:10.0: reg 1c: [mem 0xc8020000-0xc803ffff 64bit]
[    0.134010] pci 0000:00:10.0: reg 30: [mem 0x00000000-0x00003fff pref]
[    0.134175] pci 0000:00:11.0: [15ad:0790] type 1 class 0x000604
[    0.134917] pci 0000:00:15.0: [15ad:07a0] type 1 class 0x000604
[    0.135698] pci 0000:00:15.0: PME# supported from D0 D3hot D3cold
[    0.135723] pci 0000:00:15.0: PME# disabled
[    0.135978] pci 0000:00:15.1: [15ad:07a0] type 1 class 0x000604
[    0.136752] pci 0000:00:15.1: PME# supported from D0 D3hot D3cold
[    0.136776] pci 0000:00:15.1: PME# disabled
[    0.137015] pci 0000:00:15.2: [15ad:07a0] type 1 class 0x000604
[    0.137789] pci 0000:00:15.2: PME# supported from D0 D3hot D3cold
[    0.137812] pci 0000:00:15.2: PME# disabled
[    0.138052] pci 0000:00:15.3: [15ad:07a0] type 1 class 0x000604
[    0.138824] pci 0000:00:15.3: PME# supported from D0 D3hot D3cold
[    0.138848] pci 0000:00:15.3: PME# disabled
[    0.139087] pci 0000:00:15.4: [15ad:07a0] type 1 class 0x000604
[    0.139883] pci 0000:00:15.4: PME# supported from D0 D3hot D3cold
[    0.139907] pci 0000:00:15.4: PME# disabled
[    0.140154] pci 0000:00:15.5: [15ad:07a0] type 1 class 0x000604
[    0.140928] pci 0000:00:15.5: PME# supported from D0 D3hot D3cold
[    0.140952] pci 0000:00:15.5: PME# disabled
[    0.141192] pci 0000:00:15.6: [15ad:07a0] type 1 class 0x000604
[    0.141966] pci 0000:00:15.6: PME# supported from D0 D3hot D3cold
[    0.141990] pci 0000:00:15.6: PME# disabled
[    0.142229] pci 0000:00:15.7: [15ad:07a0] type 1 class 0x000604
[    0.143055] pci 0000:00:15.7: PME# supported from D0 D3hot D3cold
[    0.143079] pci 0000:00:15.7: PME# disabled
[    0.143328] pci 0000:00:16.0: [15ad:07a0] type 1 class 0x000604
[    0.144111] pci 0000:00:16.0: PME# supported from D0 D3hot D3cold
[    0.144135] pci 0000:00:16.0: PME# disabled
[    0.144386] pci 0000:00:16.1: [15ad:07a0] type 1 class 0x000604
[    0.145154] pci 0000:00:16.1: PME# supported from D0 D3hot D3cold
[    0.145177] pci 0000:00:16.1: PME# disabled
[    0.145429] pci 0000:00:16.2: [15ad:07a0] type 1 class 0x000604
[    0.146194] pci 0000:00:16.2: PME# supported from D0 D3hot D3cold
[    0.146218] pci 0000:00:16.2: PME# disabled
[    0.146479] pci 0000:00:16.3: [15ad:07a0] type 1 class 0x000604
[    0.147245] pci 0000:00:16.3: PME# supported from D0 D3hot D3cold
[    0.147277] pci 0000:00:16.3: PME# disabled
[    0.147517] pci 0000:00:16.4: [15ad:07a0] type 1 class 0x000604
[    0.148308] pci 0000:00:16.4: PME# supported from D0 D3hot D3cold
[    0.148332] pci 0000:00:16.4: PME# disabled
[    0.148578] pci 0000:00:16.5: [15ad:07a0] type 1 class 0x000604
[    0.149346] pci 0000:00:16.5: PME# supported from D0 D3hot D3cold
[    0.149370] pci 0000:00:16.5: PME# disabled
[    0.149609] pci 0000:00:16.6: [15ad:07a0] type 1 class 0x000604
[    0.150381] pci 0000:00:16.6: PME# supported from D0 D3hot D3cold
[    0.150405] pci 0000:00:16.6: PME# disabled
[    0.150644] pci 0000:00:16.7: [15ad:07a0] type 1 class 0x000604
[    0.151451] pci 0000:00:16.7: PME# supported from D0 D3hot D3cold
[    0.151480] pci 0000:00:16.7: PME# disabled
[    0.151749] pci 0000:00:17.0: [15ad:07a0] type 1 class 0x000604
[    0.152629] pci 0000:00:17.0: PME# supported from D0 D3hot D3cold
[    0.152655] pci 0000:00:17.0: PME# disabled
[    0.152920] pci 0000:00:17.1: [15ad:07a0] type 1 class 0x000604
[    0.153777] pci 0000:00:17.1: PME# supported from D0 D3hot D3cold
[    0.153803] pci 0000:00:17.1: PME# disabled
[    0.154069] pci 0000:00:17.2: [15ad:07a0] type 1 class 0x000604
[    0.154925] pci 0000:00:17.2: PME# supported from D0 D3hot D3cold
[    0.154951] pci 0000:00:17.2: PME# disabled
[    0.155214] pci 0000:00:17.3: [15ad:07a0] type 1 class 0x000604
[    0.156089] pci 0000:00:17.3: PME# supported from D0 D3hot D3cold
[    0.156115] pci 0000:00:17.3: PME# disabled
[    0.156392] pci 0000:00:17.4: [15ad:07a0] type 1 class 0x000604
[    0.157236] pci 0000:00:17.4: PME# supported from D0 D3hot D3cold
[    0.157263] pci 0000:00:17.4: PME# disabled
[    0.157535] pci 0000:00:17.5: [15ad:07a0] type 1 class 0x000604
[    0.158396] pci 0000:00:17.5: PME# supported from D0 D3hot D3cold
[    0.158425] pci 0000:00:17.5: PME# disabled
[    0.158670] pci 0000:00:17.6: [15ad:07a0] type 1 class 0x000604
[    0.159361] pci 0000:00:17.6: PME# supported from D0 D3hot D3cold
[    0.159382] pci 0000:00:17.6: PME# disabled
[    0.159596] pci 0000:00:17.7: [15ad:07a0] type 1 class 0x000604
[    0.160307] pci 0000:00:17.7: PME# supported from D0 D3hot D3cold
[    0.160329] pci 0000:00:17.7: PME# disabled
[    0.160542] pci 0000:00:18.0: [15ad:07a0] type 1 class 0x000604
[    0.161226] pci 0000:00:18.0: PME# supported from D0 D3hot D3cold
[    0.161258] pci 0000:00:18.0: PME# disabled
[    0.161474] pci 0000:00:18.1: [15ad:07a0] type 1 class 0x000604
[    0.162158] pci 0000:00:18.1: PME# supported from D0 D3hot D3cold
[    0.162179] pci 0000:00:18.1: PME# disabled
[    0.162398] pci 0000:00:18.2: [15ad:07a0] type 1 class 0x000604
[    0.163079] pci 0000:00:18.2: PME# supported from D0 D3hot D3cold
[    0.163100] pci 0000:00:18.2: PME# disabled
[    0.163323] pci 0000:00:18.3: [15ad:07a0] type 1 class 0x000604
[    0.164019] pci 0000:00:18.3: PME# supported from D0 D3hot D3cold
[    0.164041] pci 0000:00:18.3: PME# disabled
[    0.164265] pci 0000:00:18.4: [15ad:07a0] type 1 class 0x000604
[    0.164948] pci 0000:00:18.4: PME# supported from D0 D3hot D3cold
[    0.164969] pci 0000:00:18.4: PME# disabled
[    0.165188] pci 0000:00:18.5: [15ad:07a0] type 1 class 0x000604
[    0.165882] pci 0000:00:18.5: PME# supported from D0 D3hot D3cold
[    0.165903] pci 0000:00:18.5: PME# disabled
[    0.166116] pci 0000:00:18.6: [15ad:07a0] type 1 class 0x000604
[    0.166810] pci 0000:00:18.6: PME# supported from D0 D3hot D3cold
[    0.166831] pci 0000:00:18.6: PME# disabled
[    0.167045] pci 0000:00:18.7: [15ad:07a0] type 1 class 0x000604
[    0.167744] pci 0000:00:18.7: PME# supported from D0 D3hot D3cold
[    0.167767] pci 0000:00:18.7: PME# disabled
[    0.168327] pci 0000:00:01.0: PCI bridge to [bus 01-01]
[    0.168610] pci 0000:02:00.0: [15ad:0774] type 0 class 0x000c03
[    0.169877] pci 0000:02:00.0: reg 20: [io  0x20c0-0x20df]
[    0.170493] pci 0000:02:01.0: [1022:2000] type 0 class 0x000200
[    0.170766] pci 0000:02:01.0: reg 10: [io  0x2000-0x207f]
[    0.172242] pci 0000:02:01.0: reg 30: [mem 0x00000000-0x0000ffff pref]
[    0.172361] pci 0000:02:02.0: [1274:1371] type 0 class 0x000401
[    0.172679] pci 0000:02:02.0: reg 10: [io  0x2080-0x20bf]
[    0.174523] pci 0000:02:03.0: [15ad:0770] type 0 class 0x000c03
[    0.174782] pci 0000:02:03.0: reg 10: [mem 0xc9000000-0xc9000fff]
[    0.176467] pci 0000:00:11.0: PCI bridge to [bus 02-02] (subtractive decode)
[    0.176490] pci 0000:00:11.0:   bridge window [io  0x2000-0x3fff]
[    0.176511] pci 0000:00:11.0:   bridge window [mem 0xc9000000-0xca3fffff]
[    0.176551] pci 0000:00:11.0:   bridge window [mem 0xd8400000-0xd89fffff 64bit pref]
[    0.176554] pci 0000:00:11.0:   bridge window [mem 0x000a0000-0x000bffff] (subtractive decode)
[    0.176555] pci 0000:00:11.0:   bridge window [mem 0x000cc000-0x000cffff] (subtractive decode)
[    0.176557] pci 0000:00:11.0:   bridge window [mem 0x000d0000-0x000d3fff] (subtractive decode)
[    0.176558] pci 0000:00:11.0:   bridge window [mem 0x000d4000-0x000d7fff] (subtractive decode)
[    0.176560] pci 0000:00:11.0:   bridge window [mem 0x000d8000-0x000dbfff] (subtractive decode)
[    0.176562] pci 0000:00:11.0:   bridge window [mem 0xc0000000-0xfebfffff] (subtractive decode)
[    0.176563] pci 0000:00:11.0:   bridge window [io  0x0000-0x0cf7] (subtractive decode)
[    0.176565] pci 0000:00:11.0:   bridge window [io  0x0d00-0xfeff] (subtractive decode)
[    0.176982] pci 0000:00:15.0: PCI bridge to [bus 03-03]
[    0.177002] pci 0000:00:15.0:   bridge window [io  0x4000-0x4fff]
[    0.177023] pci 0000:00:15.0:   bridge window [mem 0xca400000-0xca4fffff]
[    0.177062] pci 0000:00:15.0:   bridge window [mem 0xd8a00000-0xd8afffff 64bit pref]
[    0.177477] pci 0000:00:15.1: PCI bridge to [bus 04-04]
[    0.177497] pci 0000:00:15.1:   bridge window [io  0x8000-0x8fff]
[    0.177518] pci 0000:00:15.1:   bridge window [mem 0xca800000-0xca8fffff]
[    0.177557] pci 0000:00:15.1:   bridge window [mem 0xd8e00000-0xd8efffff 64bit pref]
[    0.177969] pci 0000:00:15.2: PCI bridge to [bus 05-05]
[    0.177990] pci 0000:00:15.2:   bridge window [io  0xc000-0xcfff]
[    0.178010] pci 0000:00:15.2:   bridge window [mem 0xcac00000-0xcacfffff]
[    0.178049] pci 0000:00:15.2:   bridge window [mem 0xd9200000-0xd92fffff 64bit pref]
[    0.178469] pci 0000:00:15.3: PCI bridge to [bus 06-06]
[    0.178507] pci 0000:00:15.3:   bridge window [mem 0xcb000000-0xcb0fffff]
[    0.178547] pci 0000:00:15.3:   bridge window [mem 0xd9600000-0xd96fffff 64bit pref]
[    0.178959] pci 0000:00:15.4: PCI bridge to [bus 07-07]
[    0.178998] pci 0000:00:15.4:   bridge window [mem 0xcb400000-0xcb4fffff]
[    0.179037] pci 0000:00:15.4:   bridge window [mem 0xd9a00000-0xd9afffff 64bit pref]
[    0.179457] pci 0000:00:15.5: PCI bridge to [bus 08-08]
[    0.179496] pci 0000:00:15.5:   bridge window [mem 0xcb800000-0xcb8fffff]
[    0.179535] pci 0000:00:15.5:   bridge window [mem 0xd9e00000-0xd9efffff 64bit pref]
[    0.179960] pci 0000:00:15.6: PCI bridge to [bus 09-09]
[    0.179999] pci 0000:00:15.6:   bridge window [mem 0xcbc00000-0xcbcfffff]
[    0.180038] pci 0000:00:15.6:   bridge window [mem 0xda200000-0xda2fffff 64bit pref]
[    0.180458] pci 0000:00:15.7: PCI bridge to [bus 0a-0a]
[    0.180496] pci 0000:00:15.7:   bridge window [mem 0xcc000000-0xcc0fffff]
[    0.180535] pci 0000:00:15.7:   bridge window [mem 0xda600000-0xda6fffff 64bit pref]
[    0.180946] pci 0000:00:16.0: PCI bridge to [bus 0b-0b]
[    0.180966] pci 0000:00:16.0:   bridge window [io  0x5000-0x5fff]
[    0.180987] pci 0000:00:16.0:   bridge window [mem 0xca500000-0xca5fffff]
[    0.181025] pci 0000:00:16.0:   bridge window [mem 0xd8b00000-0xd8bfffff 64bit pref]
[    0.181449] pci 0000:00:16.1: PCI bridge to [bus 0c-0c]
[    0.181469] pci 0000:00:16.1:   bridge window [io  0x9000-0x9fff]
[    0.181490] pci 0000:00:16.1:   bridge window [mem 0xca900000-0xca9fffff]
[    0.181529] pci 0000:00:16.1:   bridge window [mem 0xd8f00000-0xd8ffffff 64bit pref]
[    0.181940] pci 0000:00:16.2: PCI bridge to [bus 0d-0d]
[    0.181961] pci 0000:00:16.2:   bridge window [io  0xd000-0xdfff]
[    0.181981] pci 0000:00:16.2:   bridge window [mem 0xcad00000-0xcadfffff]
[    0.182020] pci 0000:00:16.2:   bridge window [mem 0xd9300000-0xd93fffff 64bit pref]
[    0.182537] pci 0000:00:16.3: PCI bridge to [bus 0e-0e]
[    0.182592] pci 0000:00:16.3:   bridge window [mem 0xcb100000-0xcb1fffff]
[    0.182645] pci 0000:00:16.3:   bridge window [mem 0xd9700000-0xd97fffff 64bit pref]
[    0.183227] pci 0000:00:16.4: PCI bridge to [bus 0f-0f]
[    0.183281] pci 0000:00:16.4:   bridge window [mem 0xcb500000-0xcb5fffff]
[    0.183335] pci 0000:00:16.4:   bridge window [mem 0xd9b00000-0xd9bfffff 64bit pref]
[    0.183918] pci 0000:00:16.5: PCI bridge to [bus 10-10]
[    0.183972] pci 0000:00:16.5:   bridge window [mem 0xcb900000-0xcb9fffff]
[    0.184025] pci 0000:00:16.5:   bridge window [mem 0xd9f00000-0xd9ffffff 64bit pref]
[    0.184598] pci 0000:00:16.6: PCI bridge to [bus 11-11]
[    0.184651] pci 0000:00:16.6:   bridge window [mem 0xcbd00000-0xcbdfffff]
[    0.184704] pci 0000:00:16.6:   bridge window [mem 0xda300000-0xda3fffff 64bit pref]
[    0.185279] pci 0000:00:16.7: PCI bridge to [bus 12-12]
[    0.185331] pci 0000:00:16.7:   bridge window [mem 0xcc100000-0xcc1fffff]
[    0.185385] pci 0000:00:16.7:   bridge window [mem 0xda700000-0xda7fffff 64bit pref]
[    0.185947] pci 0000:00:17.0: PCI bridge to [bus 13-13]
[    0.185975] pci 0000:00:17.0:   bridge window [io  0x6000-0x6fff]
[    0.186003] pci 0000:00:17.0:   bridge window [mem 0xca600000-0xca6fffff]
[    0.186057] pci 0000:00:17.0:   bridge window [mem 0xd8c00000-0xd8cfffff 64bit pref]
[    0.186629] pci 0000:00:17.1: PCI bridge to [bus 14-14]
[    0.186656] pci 0000:00:17.1:   bridge window [io  0xa000-0xafff]
[    0.186684] pci 0000:00:17.1:   bridge window [mem 0xcaa00000-0xcaafffff]
[    0.186738] pci 0000:00:17.1:   bridge window [mem 0xd9000000-0xd90fffff 64bit pref]
[    0.187308] pci 0000:00:17.2: PCI bridge to [bus 15-15]
[    0.187335] pci 0000:00:17.2:   bridge window [io  0xe000-0xefff]
[    0.187364] pci 0000:00:17.2:   bridge window [mem 0xcae00000-0xcaefffff]
[    0.187417] pci 0000:00:17.2:   bridge window [mem 0xd9400000-0xd94fffff 64bit pref]
[    0.188001] pci 0000:00:17.3: PCI bridge to [bus 16-16]
[    0.188054] pci 0000:00:17.3:   bridge window [mem 0xcb200000-0xcb2fffff]
[    0.188106] pci 0000:00:17.3:   bridge window [mem 0xd9800000-0xd98fffff 64bit pref]
[    0.188678] pci 0000:00:17.4: PCI bridge to [bus 17-17]
[    0.188731] pci 0000:00:17.4:   bridge window [mem 0xcb600000-0xcb6fffff]
[    0.188785] pci 0000:00:17.4:   bridge window [mem 0xd9c00000-0xd9cfffff 64bit pref]
[    0.189358] pci 0000:00:17.5: PCI bridge to [bus 18-18]
[    0.189411] pci 0000:00:17.5:   bridge window [mem 0xcba00000-0xcbafffff]
[    0.189464] pci 0000:00:17.5:   bridge window [mem 0xda000000-0xda0fffff 64bit pref]
[    0.190027] pci 0000:00:17.6: PCI bridge to [bus 19-19]
[    0.190080] pci 0000:00:17.6:   bridge window [mem 0xcbe00000-0xcbefffff]
[    0.190134] pci 0000:00:17.6:   bridge window [mem 0xda400000-0xda4fffff 64bit pref]
[    0.190698] pci 0000:00:17.7: PCI bridge to [bus 1a-1a]
[    0.190751] pci 0000:00:17.7:   bridge window [mem 0xcc200000-0xcc2fffff]
[    0.190804] pci 0000:00:17.7:   bridge window [mem 0xda800000-0xda8fffff 64bit pref]
[    0.191376] pci 0000:00:18.0: PCI bridge to [bus 1b-1b]
[    0.191404] pci 0000:00:18.0:   bridge window [io  0x7000-0x7fff]
[    0.191433] pci 0000:00:18.0:   bridge window [mem 0xca700000-0xca7fffff]
[    0.191486] pci 0000:00:18.0:   bridge window [mem 0xd8d00000-0xd8dfffff 64bit pref]
[    0.192067] pci 0000:00:18.1: PCI bridge to [bus 1c-1c]
[    0.192095] pci 0000:00:18.1:   bridge window [io  0xb000-0xbfff]
[    0.192123] pci 0000:00:18.1:   bridge window [mem 0xcab00000-0xcabfffff]
[    0.192176] pci 0000:00:18.1:   bridge window [mem 0xd9100000-0xd91fffff 64bit pref]
[    0.192739] pci 0000:00:18.2: PCI bridge to [bus 1d-1d]
[    0.192767] pci 0000:00:18.2:   bridge window [io  0xf000-0xffff]
[    0.192795] pci 0000:00:18.2:   bridge window [mem 0xcaf00000-0xcaffffff]
[    0.192849] pci 0000:00:18.2:   bridge window [mem 0xd9500000-0xd95fffff 64bit pref]
[    0.193425] pci 0000:00:18.3: PCI bridge to [bus 1e-1e]
[    0.193477] pci 0000:00:18.3:   bridge window [mem 0xcb300000-0xcb3fffff]
[    0.193530] pci 0000:00:18.3:   bridge window [mem 0xd9900000-0xd99fffff 64bit pref]
[    0.194093] pci 0000:00:18.4: PCI bridge to [bus 1f-1f]
[    0.194146] pci 0000:00:18.4:   bridge window [mem 0xcb700000-0xcb7fffff]
[    0.194210] pci 0000:00:18.4:   bridge window [mem 0xd9d00000-0xd9dfffff 64bit pref]
[    0.194772] pci 0000:00:18.5: PCI bridge to [bus 20-20]
[    0.194825] pci 0000:00:18.5:   bridge window [mem 0xcbb00000-0xcbbfffff]
[    0.194879] pci 0000:00:18.5:   bridge window [mem 0xda100000-0xda1fffff 64bit pref]
[    0.195397] pci 0000:00:18.6: PCI bridge to [bus 21-21]
[    0.195437] pci 0000:00:18.6:   bridge window [mem 0xcbf00000-0xcbffffff]
[    0.195476] pci 0000:00:18.6:   bridge window [mem 0xda500000-0xda5fffff 64bit pref]
[    0.195906] pci 0000:00:18.7: PCI bridge to [bus 22-22]
[    0.195945] pci 0000:00:18.7:   bridge window [mem 0xcc300000-0xcc3fffff]
[    0.195984] pci 0000:00:18.7:   bridge window [mem 0xda900000-0xda9fffff 64bit pref]
[    0.197536] pci_bus 0000:00: on NUMA node 0
[    0.197541] ACPI: PCI Interrupt Routing Table [\_SB_.PCI0._PRT]
[    0.198126]  pci0000:00: Requesting ACPI _OSC control (0x1d)
[    0.198339]  pci0000:00: ACPI _OSC control (0x15) granted
[    0.268051] ACPI: PCI Interrupt Link [LNKA] (IRQs 3 4 5 6 7 *9 10 11 14 15)
[    0.268129] ACPI: PCI Interrupt Link [LNKB] (IRQs 3 4 5 6 7 9 10 *11 14 15)
[    0.268191] ACPI: PCI Interrupt Link [LNKC] (IRQs 3 4 5 6 7 9 *10 11 14 15)
[    0.268251] ACPI: PCI Interrupt Link [LNKD] (IRQs 3 4 *5 6 7 9 10 11 14 15)
[    0.268380] vgaarb: device added: PCI:0000:00:0f.0,decodes=io+mem,owns=io+mem,locks=none
[    0.268389] vgaarb: loaded
[    0.268390] vgaarb: bridge control possible 0000:00:0f.0
[    0.268468] i2c-core: driver [aat2870] using legacy suspend method
[    0.268469] i2c-core: driver [aat2870] using legacy resume method
[    0.268530] SCSI subsystem initialized
[    0.268566] libata version 3.00 loaded.
[    0.268595] usbcore: registered new interface driver usbfs
[    0.268604] usbcore: registered new interface driver hub
[    0.268625] usbcore: registered new device driver usb
[    0.268686] PCI: Using ACPI for IRQ routing
[    0.337738] PCI: pci_cache_line_size set to 64 bytes
[    0.337758] pci 0000:00:18.2: no compatible bridge window for [io  0xf000-0xffff]
[    0.338854] reserve RAM buffer: 000000000009f000 - 000000000009ffff 
[    0.338856] reserve RAM buffer: 000000003fee0000 - 000000003fffffff 
[    0.338947] NetLabel: Initializing
[    0.338948] NetLabel:  domain hash size = 128
[    0.338949] NetLabel:  protocols = UNLABELED CIPSOv4
[    0.338956] NetLabel:  unlabeled traffic allowed by default
[    0.339024] hpet0: at MMIO 0xfed00000, IRQs 2, 8, 0, 0, 0, 0, 0, 0, 0, 0, 0, 0, 0, 0, 0, 0
[    0.339030] hpet0: 16 comparators, 64-bit 14.318180 MHz counter
[    0.342062] Switching to clocksource hpet
[    0.347483] AppArmor: AppArmor Filesystem Enabled
[    0.347502] pnp: PnP ACPI init
[    0.347518] ACPI: bus type pnp registered
[    0.348177] pnp 00:00: [bus 00-ff]
[    0.348179] pnp 00:00: [mem 0x000a0000-0x000bffff window]
[    0.348180] pnp 00:00: [mem 0x000c0000-0x000c3fff window]
[    0.348182] pnp 00:00: [mem 0x000c4000-0x000c7fff window]
[    0.348183] pnp 00:00: [mem 0x000c8000-0x000cbfff window]
[    0.348185] pnp 00:00: [mem 0x000cc000-0x000cffff window]
[    0.348186] pnp 00:00: [mem 0x000d0000-0x000d3fff window]
[    0.348188] pnp 00:00: [mem 0x000d4000-0x000d7fff window]
[    0.348189] pnp 00:00: [mem 0x000d8000-0x000dbfff window]
[    0.348190] pnp 00:00: [mem 0x000dc000-0x000dffff window]
[    0.348192] pnp 00:00: [mem 0x000e0000-0x000e3fff window]
[    0.348193] pnp 00:00: [mem 0x000e4000-0x000e7fff window]
[    0.348194] pnp 00:00: [mem 0x000e8000-0x000ebfff window]
[    0.348196] pnp 00:00: [mem 0x000ec000-0x000effff window]
[    0.348197] pnp 00:00: [mem 0xc0000000-0xfebfffff window]
[    0.348199] pnp 00:00: [io  0x0cf8-0x0cff]
[    0.348201] pnp 00:00: [io  0x0000-0x0cf7 window]
[    0.348202] pnp 00:00: [io  0x0d00-0xfeff window]
[    0.348239] pnp 00:00: Plug and Play ACPI device, IDs PNP0a03 PNP0a08 (active)
[    0.348303] pnp 00:01: [io  0x0010-0x001f]
[    0.348304] pnp 00:01: [io  0x0024-0x0025]
[    0.348305] pnp 00:01: [io  0x0028-0x0029]
[    0.348306] pnp 00:01: [io  0x002c-0x002d]
[    0.348308] pnp 00:01: [io  0x002e-0x002f]
[    0.348309] pnp 00:01: [io  0x0030-0x0031]
[    0.348310] pnp 00:01: [io  0x0034-0x0035]
[    0.348311] pnp 00:01: [io  0x0038-0x0039]
[    0.348312] pnp 00:01: [io  0x003c-0x003d]
[    0.348313] pnp 00:01: [io  0x0050-0x0053]
[    0.348314] pnp 00:01: [io  0x0072-0x0077]
[    0.348316] pnp 00:01: [io  0x0080]
[    0.348317] pnp 00:01: [io  0x0090-0x009f]
[    0.348318] pnp 00:01: [io  0x00a4-0x00a5]
[    0.348319] pnp 00:01: [io  0x00a8-0x00a9]
[    0.348320] pnp 00:01: [io  0x00ac-0x00ad]
[    0.348321] pnp 00:01: [io  0x00b0-0x00b5]
[    0.348322] pnp 00:01: [io  0x00b8-0x00b9]
[    0.348324] pnp 00:01: [io  0x00bc-0x00bd]
[    0.348325] pnp 00:01: [io  0x1000-0x103f]
[    0.348326] pnp 00:01: [io  0x1040-0x104f]
[    0.348327] pnp 00:01: [io  0x0cf0-0x0cf1]
[    0.348384] system 00:01: [io  0x1000-0x103f] has been reserved
[    0.348388] system 00:01: [io  0x1040-0x104f] has been reserved
[    0.348390] system 00:01: [io  0x0cf0-0x0cf1] has been reserved
[    0.348393] system 00:01: Plug and Play ACPI device, IDs PNP0c02 (active)
[    0.348399] pnp 00:02: [io  0x0000-0x000f]
[    0.348401] pnp 00:02: [io  0x0081-0x008f]
[    0.348402] pnp 00:02: [io  0x00c0-0x00df]
[    0.348403] pnp 00:02: [dma 4]
[    0.348419] pnp 00:02: Plug and Play ACPI device, IDs PNP0200 (active)
[    0.348424] pnp 00:03: [io  0x0020-0x0021]
[    0.348426] pnp 00:03: [io  0x00a0-0x00a1]
[    0.348427] pnp 00:03: [io  0x04d0-0x04d1]
[    0.348428] pnp 00:03: [irq 2 disabled]
[    0.348444] pnp 00:03: Plug and Play ACPI device, IDs PNP0001 (active)
[    0.348450] pnp 00:04: [io  0x0070-0x0071]
[    0.348452] pnp 00:04: [irq 8]
[    0.348465] pnp 00:04: Plug and Play ACPI device, IDs PNP0b00 (active)
[    0.348469] pnp 00:05: [io  0x0061]
[    0.348482] pnp 00:05: Plug and Play ACPI device, IDs PNP0800 (active)
[    0.348487] pnp 00:06: [io  0x0060]
[    0.348488] pnp 00:06: [io  0x0064]
[    0.348489] pnp 00:06: [irq 1]
[    0.348504] pnp 00:06: Plug and Play ACPI device, IDs PNP0303 (active)
[    0.348509] pnp 00:07: [irq 12]
[    0.348521] pnp 00:07: Plug and Play ACPI device, IDs PNP0f13 (active)
[    0.348684] pnp 00:08: [mem 0xfed00000-0xfed003ff]
[    0.348718] system 00:08: [mem 0xfed00000-0xfed003ff] has been reserved
[    0.348721] system 00:08: Plug and Play ACPI device, IDs PNP0103 PNP0c01 (active)
[    0.353261] pnp 00:09: [io  0x0378-0x037f]
[    0.353264] pnp 00:09: [irq 7]
[    0.354481] pnp 00:09: Plug and Play ACPI device, IDs PNP0400 (active)
[    0.358546] pnp 00:0a: [io  0x03f8-0x03ff]
[    0.358549] pnp 00:0a: [irq 4]
[    0.359690] pnp 00:0a: Plug and Play ACPI device, IDs PNP0501 (active)
[    0.363187] pnp 00:0b: [io  0x02f8-0x02ff]
[    0.363190] pnp 00:0b: [irq 3]
[    0.364371] pnp 00:0b: Plug and Play ACPI device, IDs PNP0501 (active)
[    0.369564] pnp 00:0c: [io  0x03f0-0x03f5]
[    0.369567] pnp 00:0c: [io  0x03f7]
[    0.369569] pnp 00:0c: [irq 6]
[    0.369570] pnp 00:0c: [dma 2]
[    0.370655] pnp 00:0c: Plug and Play ACPI device, IDs PNP0700 (active)
[    0.370816] pnp 00:0d: [mem 0xe0000000-0xefffffff]
[    0.370818] pnp 00:0d: [io  0x1060-0x107f]
[    0.370819] pnp 00:0d: [mem 0xc8200000-0xc83fffff]
[    0.370860] system 00:0d: [io  0x1060-0x107f] has been reserved
[    0.370863] system 00:0d: [mem 0xe0000000-0xefffffff] has been reserved
[    0.370865] system 00:0d: [mem 0xc8200000-0xc83fffff] has been reserved
[    0.370867] system 00:0d: Plug and Play ACPI device, IDs PNP0c02 (active)
[    0.375727] pnp: PnP ACPI: found 14 devices
[    0.375728] ACPI: ACPI bus type pnp unregistered
[    0.375732] PnPBIOS: Disabled by ACPI PNP
[    0.411965] PCI: max bus depth: 1 pci_try_num: 2
[    0.413886] pci 0000:00:0f.0: BAR 6: assigned [mem 0xc0000000-0xc0007fff pref]
[    0.413890] pci 0000:00:10.0: BAR 6: assigned [mem 0xc0008000-0xc000bfff pref]
[    0.413895] pci 0000:00:18.7: BAR 13: can't assign io (size 0x1000)
[    0.413898] pci 0000:00:18.6: BAR 13: can't assign io (size 0x1000)
[    0.413901] pci 0000:00:18.5: BAR 13: can't assign io (size 0x1000)
[    0.413904] pci 0000:00:18.4: BAR 13: can't assign io (size 0x1000)
[    0.413907] pci 0000:00:18.3: BAR 13: can't assign io (size 0x1000)
[    0.413910] pci 0000:00:18.2: BAR 13: can't assign io (size 0x1000)
[    0.413913] pci 0000:00:17.7: BAR 13: can't assign io (size 0x1000)
[    0.413916] pci 0000:00:17.6: BAR 13: can't assign io (size 0x1000)
[    0.413919] pci 0000:00:17.5: BAR 13: can't assign io (size 0x1000)
[    0.413922] pci 0000:00:17.4: BAR 13: can't assign io (size 0x1000)
[    0.413925] pci 0000:00:17.3: BAR 13: can't assign io (size 0x1000)
[    0.413938] pci 0000:00:16.7: BAR 13: can't assign io (size 0x1000)
[    0.413941] pci 0000:00:16.6: BAR 13: can't assign io (size 0x1000)
[    0.413944] pci 0000:00:16.5: BAR 13: can't assign io (size 0x1000)
[    0.413944] pci 0000:00:16.4: BAR 13: can't assign io (size 0x1000)
[    0.413944] pci 0000:00:16.3: BAR 13: can't assign io (size 0x1000)
[    0.413944] pci 0000:00:15.7: BAR 13: can't assign io (size 0x1000)
[    0.413945] pci 0000:00:15.6: BAR 13: can't assign io (size 0x1000)
[    0.413945] pci 0000:00:15.5: BAR 13: can't assign io (size 0x1000)
[    0.413945] pci 0000:00:15.4: BAR 13: can't assign io (size 0x1000)
[    0.413945] pci 0000:00:15.3: BAR 13: can't assign io (size 0x1000)
[    0.413945] pci 0000:00:01.0: PCI bridge to [bus 01-01]
[    0.414043] pci 0000:02:01.0: BAR 6: assigned [mem 0xd8400000-0xd840ffff pref]
[    0.414046] pci 0000:00:11.0: PCI bridge to [bus 02-02]
[    0.414059] pci 0000:00:11.0:   bridge window [io  0x2000-0x3fff]
[    0.414090] pci 0000:00:11.0:   bridge window [mem 0xc9000000-0xca3fffff]
[    0.414111] pci 0000:00:11.0:   bridge window [mem 0xd8400000-0xd89fffff 64bit pref]
[    0.414151] pci 0000:00:15.0: PCI bridge to [bus 03-03]
[    0.414163] pci 0000:00:15.0:   bridge window [io  0x4000-0x4fff]
[    0.414194] pci 0000:00:15.0:   bridge window [mem 0xca400000-0xca4fffff]
[    0.414216] pci 0000:00:15.0:   bridge window [mem 0xd8a00000-0xd8afffff 64bit pref]
[    0.414268] pci 0000:00:15.1: PCI bridge to [bus 04-04]
[    0.414281] pci 0000:00:15.1:   bridge window [io  0x8000-0x8fff]
[    0.414312] pci 0000:00:15.1:   bridge window [mem 0xca800000-0xca8fffff]
[    0.414333] pci 0000:00:15.1:   bridge window [mem 0xd8e00000-0xd8efffff 64bit pref]
[    0.414378] pci 0000:00:15.2: PCI bridge to [bus 05-05]
[    0.414390] pci 0000:00:15.2:   bridge window [io  0xc000-0xcfff]
[    0.414421] pci 0000:00:15.2:   bridge window [mem 0xcac00000-0xcacfffff]
[    0.414443] pci 0000:00:15.2:   bridge window [mem 0xd9200000-0xd92fffff 64bit pref]
[    0.414486] pci 0000:00:15.3: PCI bridge to [bus 06-06]
[    0.414517] pci 0000:00:15.3:   bridge window [mem 0xcb000000-0xcb0fffff]
[    0.414538] pci 0000:00:15.3:   bridge window [mem 0xd9600000-0xd96fffff 64bit pref]
[    0.414582] pci 0000:00:15.4: PCI bridge to [bus 07-07]
[    0.414613] pci 0000:00:15.4:   bridge window [mem 0xcb400000-0xcb4fffff]
[    0.414634] pci 0000:00:15.4:   bridge window [mem 0xd9a00000-0xd9afffff 64bit pref]
[    0.414678] pci 0000:00:15.5: PCI bridge to [bus 08-08]
[    0.414709] pci 0000:00:15.5:   bridge window [mem 0xcb800000-0xcb8fffff]
[    0.414730] pci 0000:00:15.5:   bridge window [mem 0xd9e00000-0xd9efffff 64bit pref]
[    0.414773] pci 0000:00:15.6: PCI bridge to [bus 09-09]
[    0.414804] pci 0000:00:15.6:   bridge window [mem 0xcbc00000-0xcbcfffff]
[    0.414826] pci 0000:00:15.6:   bridge window [mem 0xda200000-0xda2fffff 64bit pref]
[    0.414869] pci 0000:00:15.7: PCI bridge to [bus 0a-0a]
[    0.414905] pci 0000:00:15.7:   bridge window [mem 0xcc000000-0xcc0fffff]
[    0.414927] pci 0000:00:15.7:   bridge window [mem 0xda600000-0xda6fffff 64bit pref]
[    0.414971] pci 0000:00:16.0: PCI bridge to [bus 0b-0b]
[    0.414984] pci 0000:00:16.0:   bridge window [io  0x5000-0x5fff]
[    0.415014] pci 0000:00:16.0:   bridge window [mem 0xca500000-0xca5fffff]
[    0.415036] pci 0000:00:16.0:   bridge window [mem 0xd8b00000-0xd8bfffff 64bit pref]
[    0.415080] pci 0000:00:16.1: PCI bridge to [bus 0c-0c]
[    0.415092] pci 0000:00:16.1:   bridge window [io  0x9000-0x9fff]
[    0.415123] pci 0000:00:16.1:   bridge window [mem 0xca900000-0xca9fffff]
[    0.415144] pci 0000:00:16.1:   bridge window [mem 0xd8f00000-0xd8ffffff 64bit pref]
[    0.415188] pci 0000:00:16.2: PCI bridge to [bus 0d-0d]
[    0.415200] pci 0000:00:16.2:   bridge window [io  0xd000-0xdfff]
[    0.415231] pci 0000:00:16.2:   bridge window [mem 0xcad00000-0xcadfffff]
[    0.415252] pci 0000:00:16.2:   bridge window [mem 0xd9300000-0xd93fffff 64bit pref]
[    0.415296] pci 0000:00:16.3: PCI bridge to [bus 0e-0e]
[    0.415326] pci 0000:00:16.3:   bridge window [mem 0xcb100000-0xcb1fffff]
[    0.415348] pci 0000:00:16.3:   bridge window [mem 0xd9700000-0xd97fffff 64bit pref]
[    0.415392] pci 0000:00:16.4: PCI bridge to [bus 0f-0f]
[    0.415422] pci 0000:00:16.4:   bridge window [mem 0xcb500000-0xcb5fffff]
[    0.415444] pci 0000:00:16.4:   bridge window [mem 0xd9b00000-0xd9bfffff 64bit pref]
[    0.415487] pci 0000:00:16.5: PCI bridge to [bus 10-10]
[    0.415518] pci 0000:00:16.5:   bridge window [mem 0xcb900000-0xcb9fffff]
[    0.415539] pci 0000:00:16.5:   bridge window [mem 0xd9f00000-0xd9ffffff 64bit pref]
[    0.415583] pci 0000:00:16.6: PCI bridge to [bus 11-11]
[    0.415613] pci 0000:00:16.6:   bridge window [mem 0xcbd00000-0xcbdfffff]
[    0.415635] pci 0000:00:16.6:   bridge window [mem 0xda300000-0xda3fffff 64bit pref]
[    0.415678] pci 0000:00:16.7: PCI bridge to [bus 12-12]
[    0.415709] pci 0000:00:16.7:   bridge window [mem 0xcc100000-0xcc1fffff]
[    0.415731] pci 0000:00:16.7:   bridge window [mem 0xda700000-0xda7fffff 64bit pref]
[    0.415774] pci 0000:00:17.0: PCI bridge to [bus 13-13]
[    0.415786] pci 0000:00:17.0:   bridge window [io  0x6000-0x6fff]
[    0.415817] pci 0000:00:17.0:   bridge window [mem 0xca600000-0xca6fffff]
[    0.415838] pci 0000:00:17.0:   bridge window [mem 0xd8c00000-0xd8cfffff 64bit pref]
[    0.415882] pci 0000:00:17.1: PCI bridge to [bus 14-14]
[    0.415903] pci 0000:00:17.1:   bridge window [io  0xa000-0xafff]
[    0.415934] pci 0000:00:17.1:   bridge window [mem 0xcaa00000-0xcaafffff]
[    0.415955] pci 0000:00:17.1:   bridge window [mem 0xd9000000-0xd90fffff 64bit pref]
[    0.415999] pci 0000:00:17.2: PCI bridge to [bus 15-15]
[    0.416011] pci 0000:00:17.2:   bridge window [io  0xe000-0xefff]
[    0.416042] pci 0000:00:17.2:   bridge window [mem 0xcae00000-0xcaefffff]
[    0.416064] pci 0000:00:17.2:   bridge window [mem 0xd9400000-0xd94fffff 64bit pref]
[    0.416107] pci 0000:00:17.3: PCI bridge to [bus 16-16]
[    0.416138] pci 0000:00:17.3:   bridge window [mem 0xcb200000-0xcb2fffff]
[    0.416160] pci 0000:00:17.3:   bridge window [mem 0xd9800000-0xd98fffff 64bit pref]
[    0.416203] pci 0000:00:17.4: PCI bridge to [bus 17-17]
[    0.416234] pci 0000:00:17.4:   bridge window [mem 0xcb600000-0xcb6fffff]
[    0.416255] pci 0000:00:17.4:   bridge window [mem 0xd9c00000-0xd9cfffff 64bit pref]
[    0.416299] pci 0000:00:17.5: PCI bridge to [bus 18-18]
[    0.416330] pci 0000:00:17.5:   bridge window [mem 0xcba00000-0xcbafffff]
[    0.416351] pci 0000:00:17.5:   bridge window [mem 0xda000000-0xda0fffff 64bit pref]
[    0.416394] pci 0000:00:17.6: PCI bridge to [bus 19-19]
[    0.416425] pci 0000:00:17.6:   bridge window [mem 0xcbe00000-0xcbefffff]
[    0.416446] pci 0000:00:17.6:   bridge window [mem 0xda400000-0xda4fffff 64bit pref]
[    0.416490] pci 0000:00:17.7: PCI bridge to [bus 1a-1a]
[    0.416521] pci 0000:00:17.7:   bridge window [mem 0xcc200000-0xcc2fffff]
[    0.416542] pci 0000:00:17.7:   bridge window [mem 0xda800000-0xda8fffff 64bit pref]
[    0.416586] pci 0000:00:18.0: PCI bridge to [bus 1b-1b]
[    0.416599] pci 0000:00:18.0:   bridge window [io  0x7000-0x7fff]
[    0.416629] pci 0000:00:18.0:   bridge window [mem 0xca700000-0xca7fffff]
[    0.416651] pci 0000:00:18.0:   bridge window [mem 0xd8d00000-0xd8dfffff 64bit pref]
[    0.416694] pci 0000:00:18.1: PCI bridge to [bus 1c-1c]
[    0.416707] pci 0000:00:18.1:   bridge window [io  0xb000-0xbfff]
[    0.416738] pci 0000:00:18.1:   bridge window [mem 0xcab00000-0xcabfffff]
[    0.416759] pci 0000:00:18.1:   bridge window [mem 0xd9100000-0xd91fffff 64bit pref]
[    0.416802] pci 0000:00:18.2: PCI bridge to [bus 1d-1d]
[    0.416833] pci 0000:00:18.2:   bridge window [mem 0xcaf00000-0xcaffffff]
[    0.416855] pci 0000:00:18.2:   bridge window [mem 0xd9500000-0xd95fffff 64bit pref]
[    0.416901] pci 0000:00:18.3: PCI bridge to [bus 1e-1e]
[    0.416932] pci 0000:00:18.3:   bridge window [mem 0xcb300000-0xcb3fffff]
[    0.416953] pci 0000:00:18.3:   bridge window [mem 0xd9900000-0xd99fffff 64bit pref]
[    0.416997] pci 0000:00:18.4: PCI bridge to [bus 1f-1f]
[    0.417028] pci 0000:00:18.4:   bridge window [mem 0xcb700000-0xcb7fffff]
[    0.417049] pci 0000:00:18.4:   bridge window [mem 0xd9d00000-0xd9dfffff 64bit pref]
[    0.417093] pci 0000:00:18.5: PCI bridge to [bus 20-20]
[    0.417123] pci 0000:00:18.5:   bridge window [mem 0xcbb00000-0xcbbfffff]
[    0.417145] pci 0000:00:18.5:   bridge window [mem 0xda100000-0xda1fffff 64bit pref]
[    0.417189] pci 0000:00:18.6: PCI bridge to [bus 21-21]
[    0.417219] pci 0000:00:18.6:   bridge window [mem 0xcbf00000-0xcbffffff]
[    0.417240] pci 0000:00:18.6:   bridge window [mem 0xda500000-0xda5fffff 64bit pref]
[    0.417284] pci 0000:00:18.7: PCI bridge to [bus 22-22]
[    0.417315] pci 0000:00:18.7:   bridge window [mem 0xcc300000-0xcc3fffff]
[    0.417336] pci 0000:00:18.7:   bridge window [mem 0xda900000-0xda9fffff 64bit pref]
[    0.417412] pci 0000:00:01.0: setting latency timer to 64
[    0.417493] pci 0000:00:15.0: setting latency timer to 64
[    0.417543] pci 0000:00:15.1: setting latency timer to 64
[    0.417593] pci 0000:00:15.2: setting latency timer to 64
[    0.417643] pci 0000:00:15.3: setting latency timer to 64
[    0.417693] pci 0000:00:15.4: setting latency timer to 64
[    0.417742] pci 0000:00:15.5: setting latency timer to 64
[    0.417792] pci 0000:00:15.6: setting latency timer to 64
[    0.417842] pci 0000:00:15.7: setting latency timer to 64
[    0.417902] pci 0000:00:16.0: setting latency timer to 64
[    0.417969] pci 0000:00:16.1: setting latency timer to 64
[    0.418020] pci 0000:00:16.2: setting latency timer to 64
[    0.418070] pci 0000:00:16.3: setting latency timer to 64
[    0.418120] pci 0000:00:16.4: setting latency timer to 64
[    0.418170] pci 0000:00:16.5: setting latency timer to 64
[    0.418220] pci 0000:00:16.6: setting latency timer to 64
[    0.418270] pci 0000:00:16.7: setting latency timer to 64
[    0.418320] pci 0000:00:17.0: setting latency timer to 64
[    0.418370] pci 0000:00:17.1: setting latency timer to 64
[    0.418420] pci 0000:00:17.2: setting latency timer to 64
[    0.418470] pci 0000:00:17.3: setting latency timer to 64
[    0.418520] pci 0000:00:17.4: setting latency timer to 64
[    0.418570] pci 0000:00:17.5: setting latency timer to 64
[    0.418620] pci 0000:00:17.6: setting latency timer to 64
[    0.418670] pci 0000:00:17.7: setting latency timer to 64
[    0.418720] pci 0000:00:18.0: setting latency timer to 64
[    0.418770] pci 0000:00:18.1: setting latency timer to 64
[    0.418820] pci 0000:00:18.2: setting latency timer to 64
[    0.418870] pci 0000:00:18.3: setting latency timer to 64
[    0.418931] pci 0000:00:18.4: setting latency timer to 64
[    0.418981] pci 0000:00:18.5: setting latency timer to 64
[    0.419031] pci 0000:00:18.6: setting latency timer to 64
[    0.419081] pci 0000:00:18.7: setting latency timer to 64
[    0.419094] pci_bus 0000:00: resource 4 [mem 0x000a0000-0x000bffff]
[    0.419096] pci_bus 0000:00: resource 5 [mem 0x000cc000-0x000cffff]
[    0.419098] pci_bus 0000:00: resource 6 [mem 0x000d0000-0x000d3fff]
[    0.419100] pci_bus 0000:00: resource 7 [mem 0x000d4000-0x000d7fff]
[    0.419102] pci_bus 0000:00: resource 8 [mem 0x000d8000-0x000dbfff]
[    0.419104] pci_bus 0000:00: resource 9 [mem 0xc0000000-0xfebfffff]
[    0.419106] pci_bus 0000:00: resource 10 [io  0x0000-0x0cf7]
[    0.419108] pci_bus 0000:00: resource 11 [io  0x0d00-0xfeff]
[    0.419111] pci_bus 0000:02: resource 0 [io  0x2000-0x3fff]
[    0.419113] pci_bus 0000:02: resource 1 [mem 0xc9000000-0xca3fffff]
[    0.419115] pci_bus 0000:02: resource 2 [mem 0xd8400000-0xd89fffff 64bit pref]
[    0.419117] pci_bus 0000:02: resource 4 [mem 0x000a0000-0x000bffff]
[    0.419119] pci_bus 0000:02: resource 5 [mem 0x000cc000-0x000cffff]
[    0.419121] pci_bus 0000:02: resource 6 [mem 0x000d0000-0x000d3fff]
[    0.419123] pci_bus 0000:02: resource 7 [mem 0x000d4000-0x000d7fff]
[    0.419125] pci_bus 0000:02: resource 8 [mem 0x000d8000-0x000dbfff]
[    0.419127] pci_bus 0000:02: resource 9 [mem 0xc0000000-0xfebfffff]
[    0.419129] pci_bus 0000:02: resource 10 [io  0x0000-0x0cf7]
[    0.419131] pci_bus 0000:02: resource 11 [io  0x0d00-0xfeff]
[    0.419134] pci_bus 0000:03: resource 0 [io  0x4000-0x4fff]
[    0.419136] pci_bus 0000:03: resource 1 [mem 0xca400000-0xca4fffff]
[    0.419138] pci_bus 0000:03: resource 2 [mem 0xd8a00000-0xd8afffff 64bit pref]
[    0.419140] pci_bus 0000:04: resource 0 [io  0x8000-0x8fff]
[    0.419142] pci_bus 0000:04: resource 1 [mem 0xca800000-0xca8fffff]
[    0.419144] pci_bus 0000:04: resource 2 [mem 0xd8e00000-0xd8efffff 64bit pref]
[    0.419146] pci_bus 0000:05: resource 0 [io  0xc000-0xcfff]
[    0.419148] pci_bus 0000:05: resource 1 [mem 0xcac00000-0xcacfffff]
[    0.419150] pci_bus 0000:05: resource 2 [mem 0xd9200000-0xd92fffff 64bit pref]
[    0.419153] pci_bus 0000:06: resource 1 [mem 0xcb000000-0xcb0fffff]
[    0.419155] pci_bus 0000:06: resource 2 [mem 0xd9600000-0xd96fffff 64bit pref]
[    0.419157] pci_bus 0000:07: resource 1 [mem 0xcb400000-0xcb4fffff]
[    0.419159] pci_bus 0000:07: resource 2 [mem 0xd9a00000-0xd9afffff 64bit pref]
[    0.419161] pci_bus 0000:08: resource 1 [mem 0xcb800000-0xcb8fffff]
[    0.419164] pci_bus 0000:08: resource 2 [mem 0xd9e00000-0xd9efffff 64bit pref]
[    0.419166] pci_bus 0000:09: resource 1 [mem 0xcbc00000-0xcbcfffff]
[    0.419168] pci_bus 0000:09: resource 2 [mem 0xda200000-0xda2fffff 64bit pref]
[    0.419170] pci_bus 0000:0a: resource 1 [mem 0xcc000000-0xcc0fffff]
[    0.419172] pci_bus 0000:0a: resource 2 [mem 0xda600000-0xda6fffff 64bit pref]
[    0.419174] pci_bus 0000:0b: resource 0 [io  0x5000-0x5fff]
[    0.419176] pci_bus 0000:0b: resource 1 [mem 0xca500000-0xca5fffff]
[    0.419179] pci_bus 0000:0b: resource 2 [mem 0xd8b00000-0xd8bfffff 64bit pref]
[    0.419181] pci_bus 0000:0c: resource 0 [io  0x9000-0x9fff]
[    0.419183] pci_bus 0000:0c: resource 1 [mem 0xca900000-0xca9fffff]
[    0.419185] pci_bus 0000:0c: resource 2 [mem 0xd8f00000-0xd8ffffff 64bit pref]
[    0.419187] pci_bus 0000:0d: resource 0 [io  0xd000-0xdfff]
[    0.419189] pci_bus 0000:0d: resource 1 [mem 0xcad00000-0xcadfffff]
[    0.419191] pci_bus 0000:0d: resource 2 [mem 0xd9300000-0xd93fffff 64bit pref]
[    0.419194] pci_bus 0000:0e: resource 1 [mem 0xcb100000-0xcb1fffff]
[    0.419196] pci_bus 0000:0e: resource 2 [mem 0xd9700000-0xd97fffff 64bit pref]
[    0.419198] pci_bus 0000:0f: resource 1 [mem 0xcb500000-0xcb5fffff]
[    0.419200] pci_bus 0000:0f: resource 2 [mem 0xd9b00000-0xd9bfffff 64bit pref]
[    0.419202] pci_bus 0000:10: resource 1 [mem 0xcb900000-0xcb9fffff]
[    0.419204] pci_bus 0000:10: resource 2 [mem 0xd9f00000-0xd9ffffff 64bit pref]
[    0.419207] pci_bus 0000:11: resource 1 [mem 0xcbd00000-0xcbdfffff]
[    0.419209] pci_bus 0000:11: resource 2 [mem 0xda300000-0xda3fffff 64bit pref]
[    0.419211] pci_bus 0000:12: resource 1 [mem 0xcc100000-0xcc1fffff]
[    0.419213] pci_bus 0000:12: resource 2 [mem 0xda700000-0xda7fffff 64bit pref]
[    0.419215] pci_bus 0000:13: resource 0 [io  0x6000-0x6fff]
[    0.419217] pci_bus 0000:13: resource 1 [mem 0xca600000-0xca6fffff]
[    0.419220] pci_bus 0000:13: resource 2 [mem 0xd8c00000-0xd8cfffff 64bit pref]
[    0.419222] pci_bus 0000:14: resource 0 [io  0xa000-0xafff]
[    0.419224] pci_bus 0000:14: resource 1 [mem 0xcaa00000-0xcaafffff]
[    0.419226] pci_bus 0000:14: resource 2 [mem 0xd9000000-0xd90fffff 64bit pref]
[    0.419228] pci_bus 0000:15: resource 0 [io  0xe000-0xefff]
[    0.419230] pci_bus 0000:15: resource 1 [mem 0xcae00000-0xcaefffff]
[    0.419232] pci_bus 0000:15: resource 2 [mem 0xd9400000-0xd94fffff 64bit pref]
[    0.419234] pci_bus 0000:16: resource 1 [mem 0xcb200000-0xcb2fffff]
[    0.419236] pci_bus 0000:16: resource 2 [mem 0xd9800000-0xd98fffff 64bit pref]
[    0.419239] pci_bus 0000:17: resource 1 [mem 0xcb600000-0xcb6fffff]
[    0.419241] pci_bus 0000:17: resource 2 [mem 0xd9c00000-0xd9cfffff 64bit pref]
[    0.419243] pci_bus 0000:18: resource 1 [mem 0xcba00000-0xcbafffff]
[    0.419245] pci_bus 0000:18: resource 2 [mem 0xda000000-0xda0fffff 64bit pref]
[    0.419247] pci_bus 0000:19: resource 1 [mem 0xcbe00000-0xcbefffff]
[    0.419250] pci_bus 0000:19: resource 2 [mem 0xda400000-0xda4fffff 64bit pref]
[    0.419252] pci_bus 0000:1a: resource 1 [mem 0xcc200000-0xcc2fffff]
[    0.419254] pci_bus 0000:1a: resource 2 [mem 0xda800000-0xda8fffff 64bit pref]
[    0.419256] pci_bus 0000:1b: resource 0 [io  0x7000-0x7fff]
[    0.419258] pci_bus 0000:1b: resource 1 [mem 0xca700000-0xca7fffff]
[    0.419260] pci_bus 0000:1b: resource 2 [mem 0xd8d00000-0xd8dfffff 64bit pref]
[    0.419262] pci_bus 0000:1c: resource 0 [io  0xb000-0xbfff]
[    0.419264] pci_bus 0000:1c: resource 1 [mem 0xcab00000-0xcabfffff]
[    0.419267] pci_bus 0000:1c: resource 2 [mem 0xd9100000-0xd91fffff 64bit pref]
[    0.419269] pci_bus 0000:1d: resource 1 [mem 0xcaf00000-0xcaffffff]
[    0.419271] pci_bus 0000:1d: resource 2 [mem 0xd9500000-0xd95fffff 64bit pref]
[    0.419273] pci_bus 0000:1e: resource 1 [mem 0xcb300000-0xcb3fffff]
[    0.419275] pci_bus 0000:1e: resource 2 [mem 0xd9900000-0xd99fffff 64bit pref]
[    0.419277] pci_bus 0000:1f: resource 1 [mem 0xcb700000-0xcb7fffff]
[    0.419279] pci_bus 0000:1f: resource 2 [mem 0xd9d00000-0xd9dfffff 64bit pref]
[    0.419282] pci_bus 0000:20: resource 1 [mem 0xcbb00000-0xcbbfffff]
[    0.419284] pci_bus 0000:20: resource 2 [mem 0xda100000-0xda1fffff 64bit pref]
[    0.419286] pci_bus 0000:21: resource 1 [mem 0xcbf00000-0xcbffffff]
[    0.419288] pci_bus 0000:21: resource 2 [mem 0xda500000-0xda5fffff 64bit pref]
[    0.419290] pci_bus 0000:22: resource 1 [mem 0xcc300000-0xcc3fffff]
[    0.419292] pci_bus 0000:22: resource 2 [mem 0xda900000-0xda9fffff 64bit pref]
[    0.419325] NET: Registered protocol family 2
[    0.419363] IP route cache hash table entries: 32768 (order: 5, 131072 bytes)
[    0.419518] TCP established hash table entries: 131072 (order: 8, 1048576 bytes)
[    0.419844] TCP bind hash table entries: 65536 (order: 7, 524288 bytes)
[    0.420037] TCP: Hash tables configured (established 131072 bind 65536)
[    0.420039] TCP reno registered
[    0.420042] UDP hash table entries: 512 (order: 2, 16384 bytes)
[    0.420049] UDP-Lite hash table entries: 512 (order: 2, 16384 bytes)
[    0.420086] NET: Registered protocol family 1
[    0.420094] pci 0000:00:00.0: Limiting direct PCI/PCI transfers
[    0.420176] pci 0000:00:0f.0: Boot video device
[    0.420648] ACPI: PCI Interrupt Link [LNKC] enabled at IRQ 10
[    0.420651] PCI: setting IRQ 10 as level-triggered
[    0.420658] pci 0000:02:00.0: PCI INT A -> Link[LNKC] -> GSI 10 (level, low) -> IRQ 10
[    0.420762] pci 0000:02:00.0: PCI INT A disabled
[    0.420898] ACPI: PCI Interrupt Link [LNKB] enabled at IRQ 11
[    0.420900] PCI: setting IRQ 11 as level-triggered
[    0.420904] pci 0000:02:03.0: PCI INT A -> Link[LNKB] -> GSI 11 (level, low) -> IRQ 11
[    0.420963] pci 0000:02:03.0: PCI INT A disabled
[    0.420976] PCI: CLS 32 bytes, default 64
[    0.421015] Simple Boot Flag at 0x36 set to 0x1
[    0.421019] Switching to clocksource tsc
[    0.421231] audit: initializing netlink socket (disabled)
[    0.421238] type=2000 audit(1369653279.403:1): initialized
[    0.434400] Trying to unpack rootfs image as initramfs...
[    0.454715] highmem bounce pool size: 64 pages
[    0.454720] HugeTLB registered 2 MB page size, pre-allocated 0 pages
[    0.463315] VFS: Disk quotas dquot_6.5.2
[    0.463363] Dquot-cache hash table entries: 1024 (order 0, 4096 bytes)
[    0.463727] fuse init (API version 7.17)
[    0.463786] msgmni has been set to 1710
[    0.474233] Block layer SCSI generic (bsg) driver version 0.4 loaded (major 253)
[    0.477901] io scheduler noop registered
[    0.477904] io scheduler deadline registered
[    0.477911] io scheduler cfq registered (default)
[    0.478124] pcieport 0000:00:15.0: setting latency timer to 64
[    0.478582] pcieport 0000:00:15.0: irq 40 for MSI/MSI-X
[    0.479070] pcieport 0000:00:15.1: setting latency timer to 64
[    0.479523] pcieport 0000:00:15.1: irq 41 for MSI/MSI-X
[    0.480019] pcieport 0000:00:15.2: setting latency timer to 64
[    0.480472] pcieport 0000:00:15.2: irq 42 for MSI/MSI-X
[    0.480964] pcieport 0000:00:15.3: setting latency timer to 64
[    0.481417] pcieport 0000:00:15.3: irq 43 for MSI/MSI-X
[    0.481925] pcieport 0000:00:15.4: setting latency timer to 64
[    0.482385] pcieport 0000:00:15.4: irq 44 for MSI/MSI-X
[    0.482858] pcieport 0000:00:15.5: setting latency timer to 64
[    0.483310] pcieport 0000:00:15.5: irq 45 for MSI/MSI-X
[    0.483784] pcieport 0000:00:15.6: setting latency timer to 64
[    0.484242] pcieport 0000:00:15.6: irq 46 for MSI/MSI-X
[    0.484714] pcieport 0000:00:15.7: setting latency timer to 64
[    0.485169] pcieport 0000:00:15.7: irq 47 for MSI/MSI-X
[    0.485641] pcieport 0000:00:16.0: setting latency timer to 64
[    0.490172] pcieport 0000:00:16.0: irq 48 for MSI/MSI-X
[    0.490872] pcieport 0000:00:16.1: setting latency timer to 64
[    0.491464] pcieport 0000:00:16.1: irq 49 for MSI/MSI-X
[    0.492013] pcieport 0000:00:16.2: setting latency timer to 64
[    0.492568] pcieport 0000:00:16.2: irq 50 for MSI/MSI-X
[    0.493140] pcieport 0000:00:16.3: setting latency timer to 64
[    0.493594] pcieport 0000:00:16.3: irq 51 for MSI/MSI-X
[    0.498153] pcieport 0000:00:16.4: setting latency timer to 64
[    0.498607] pcieport 0000:00:16.4: irq 52 for MSI/MSI-X
[    0.499090] pcieport 0000:00:16.5: setting latency timer to 64
[    0.499542] pcieport 0000:00:16.5: irq 53 for MSI/MSI-X
[    0.500023] pcieport 0000:00:16.6: setting latency timer to 64
[    0.500473] pcieport 0000:00:16.6: irq 54 for MSI/MSI-X
[    0.500961] pcieport 0000:00:16.7: setting latency timer to 64
[    0.501412] pcieport 0000:00:16.7: irq 55 for MSI/MSI-X
[    0.501909] pcieport 0000:00:17.0: setting latency timer to 64
[    0.505949] pcieport 0000:00:17.0: irq 56 for MSI/MSI-X
[    0.506431] pcieport 0000:00:17.1: setting latency timer to 64
[    0.506893] pcieport 0000:00:17.1: irq 57 for MSI/MSI-X
[    0.507370] pcieport 0000:00:17.2: setting latency timer to 64
[    0.507834] pcieport 0000:00:17.2: irq 58 for MSI/MSI-X
[    0.508306] pcieport 0000:00:17.3: setting latency timer to 64
[    0.508758] pcieport 0000:00:17.3: irq 59 for MSI/MSI-X
[    0.509244] pcieport 0000:00:17.4: setting latency timer to 64
[    0.509696] pcieport 0000:00:17.4: irq 60 for MSI/MSI-X
[    0.514052] pcieport 0000:00:17.5: setting latency timer to 64
[    0.514505] pcieport 0000:00:17.5: irq 61 for MSI/MSI-X
[    0.515000] pcieport 0000:00:17.6: setting latency timer to 64
[    0.515451] pcieport 0000:00:17.6: irq 62 for MSI/MSI-X
[    0.515936] pcieport 0000:00:17.7: setting latency timer to 64
[    0.516387] pcieport 0000:00:17.7: irq 63 for MSI/MSI-X
[    0.516865] pcieport 0000:00:18.0: setting latency timer to 64
[    0.517315] pcieport 0000:00:18.0: irq 64 for MSI/MSI-X
[    0.517375] pcieport 0000:00:18.1: setting latency timer to 64
[    0.521890] pcieport 0000:00:18.1: irq 65 for MSI/MSI-X
[    0.522372] pcieport 0000:00:18.2: setting latency timer to 64
[    0.522838] pcieport 0000:00:18.2: irq 66 for MSI/MSI-X
[    0.523320] pcieport 0000:00:18.3: setting latency timer to 64
[    0.523774] pcieport 0000:00:18.3: irq 67 for MSI/MSI-X
[    0.524261] pcieport 0000:00:18.4: setting latency timer to 64
[    0.524713] pcieport 0000:00:18.4: irq 68 for MSI/MSI-X
[    0.525188] pcieport 0000:00:18.5: setting latency timer to 64
[    0.525641] pcieport 0000:00:18.5: irq 69 for MSI/MSI-X
[    0.530000] pcieport 0000:00:18.6: setting latency timer to 64
[    0.530454] pcieport 0000:00:18.6: irq 70 for MSI/MSI-X
[    0.530933] pcieport 0000:00:18.7: setting latency timer to 64
[    0.531384] pcieport 0000:00:18.7: irq 71 for MSI/MSI-X
[    0.531899] pcieport 0000:00:15.0: Signaling PME through PCIe PME interrupt
[    0.531923] pcie_pme 0000:00:15.0:pcie01: service driver pcie_pme loaded
[    0.532033] pcieport 0000:00:15.1: Signaling PME through PCIe PME interrupt
[    0.532056] pcie_pme 0000:00:15.1:pcie01: service driver pcie_pme loaded
[    0.532163] pcieport 0000:00:15.2: Signaling PME through PCIe PME interrupt
[    0.532185] pcie_pme 0000:00:15.2:pcie01: service driver pcie_pme loaded
[    0.532292] pcieport 0000:00:15.3: Signaling PME through PCIe PME interrupt
[    0.532314] pcie_pme 0000:00:15.3:pcie01: service driver pcie_pme loaded
[    0.532421] pcieport 0000:00:15.4: Signaling PME through PCIe PME interrupt
[    0.532443] pcie_pme 0000:00:15.4:pcie01: service driver pcie_pme loaded
[    0.532549] pcieport 0000:00:15.5: Signaling PME through PCIe PME interrupt
[    0.532572] pcie_pme 0000:00:15.5:pcie01: service driver pcie_pme loaded
[    0.532678] pcieport 0000:00:15.6: Signaling PME through PCIe PME interrupt
[    0.532701] pcie_pme 0000:00:15.6:pcie01: service driver pcie_pme loaded
[    0.532813] pcieport 0000:00:15.7: Signaling PME through PCIe PME interrupt
[    0.532836] pcie_pme 0000:00:15.7:pcie01: service driver pcie_pme loaded
[    0.532947] pcieport 0000:00:16.0: Signaling PME through PCIe PME interrupt
[    0.532971] pcie_pme 0000:00:16.0:pcie01: service driver pcie_pme loaded
[    0.533077] pcieport 0000:00:16.1: Signaling PME through PCIe PME interrupt
[    0.533100] pcie_pme 0000:00:16.1:pcie01: service driver pcie_pme loaded
[    0.533208] pcieport 0000:00:16.2: Signaling PME through PCIe PME interrupt
[    0.533230] pcie_pme 0000:00:16.2:pcie01: service driver pcie_pme loaded
[    0.533339] pcieport 0000:00:16.3: Signaling PME through PCIe PME interrupt
[    0.533361] pcie_pme 0000:00:16.3:pcie01: service driver pcie_pme loaded
[    0.533467] pcieport 0000:00:16.4: Signaling PME through PCIe PME interrupt
[    0.533490] pcie_pme 0000:00:16.4:pcie01: service driver pcie_pme loaded
[    0.533595] pcieport 0000:00:16.5: Signaling PME through PCIe PME interrupt
[    0.533618] pcie_pme 0000:00:16.5:pcie01: service driver pcie_pme loaded
[    0.533725] pcieport 0000:00:16.6: Signaling PME through PCIe PME interrupt
[    0.533747] pcie_pme 0000:00:16.6:pcie01: service driver pcie_pme loaded
[    0.537874] pcieport 0000:00:16.7: Signaling PME through PCIe PME interrupt
[    0.537899] pcie_pme 0000:00:16.7:pcie01: service driver pcie_pme loaded
[    0.538008] pcieport 0000:00:17.0: Signaling PME through PCIe PME interrupt
[    0.538031] pcie_pme 0000:00:17.0:pcie01: service driver pcie_pme loaded
[    0.538138] pcieport 0000:00:17.1: Signaling PME through PCIe PME interrupt
[    0.538161] pcie_pme 0000:00:17.1:pcie01: service driver pcie_pme loaded
[    0.538268] pcieport 0000:00:17.2: Signaling PME through PCIe PME interrupt
[    0.538291] pcie_pme 0000:00:17.2:pcie01: service driver pcie_pme loaded
[    0.538397] pcieport 0000:00:17.3: Signaling PME through PCIe PME interrupt
[    0.538420] pcie_pme 0000:00:17.3:pcie01: service driver pcie_pme loaded
[    0.538527] pcieport 0000:00:17.4: Signaling PME through PCIe PME interrupt
[    0.538550] pcie_pme 0000:00:17.4:pcie01: service driver pcie_pme loaded
[    0.538657] pcieport 0000:00:17.5: Signaling PME through PCIe PME interrupt
[    0.538680] pcie_pme 0000:00:17.5:pcie01: service driver pcie_pme loaded
[    0.538796] pcieport 0000:00:17.6: Signaling PME through PCIe PME interrupt
[    0.538819] pcie_pme 0000:00:17.6:pcie01: service driver pcie_pme loaded
[    0.538926] pcieport 0000:00:17.7: Signaling PME through PCIe PME interrupt
[    0.538949] pcie_pme 0000:00:17.7:pcie01: service driver pcie_pme loaded
[    0.539055] pcieport 0000:00:18.0: Signaling PME through PCIe PME interrupt
[    0.539078] pcie_pme 0000:00:18.0:pcie01: service driver pcie_pme loaded
[    0.539184] pcieport 0000:00:18.1: Signaling PME through PCIe PME interrupt
[    0.539207] pcie_pme 0000:00:18.1:pcie01: service driver pcie_pme loaded
[    0.539316] pcieport 0000:00:18.2: Signaling PME through PCIe PME interrupt
[    0.539339] pcie_pme 0000:00:18.2:pcie01: service driver pcie_pme loaded
[    0.539445] pcieport 0000:00:18.3: Signaling PME through PCIe PME interrupt
[    0.539468] pcie_pme 0000:00:18.3:pcie01: service driver pcie_pme loaded
[    0.539577] pcieport 0000:00:18.4: Signaling PME through PCIe PME interrupt
[    0.539600] pcie_pme 0000:00:18.4:pcie01: service driver pcie_pme loaded
[    0.539707] pcieport 0000:00:18.5: Signaling PME through PCIe PME interrupt
[    0.539729] pcie_pme 0000:00:18.5:pcie01: service driver pcie_pme loaded
[    0.539844] pcieport 0000:00:18.6: Signaling PME through PCIe PME interrupt
[    0.539867] pcie_pme 0000:00:18.6:pcie01: service driver pcie_pme loaded
[    0.539973] pcieport 0000:00:18.7: Signaling PME through PCIe PME interrupt
[    0.539996] pcie_pme 0000:00:18.7:pcie01: service driver pcie_pme loaded
[    0.540017] pci_hotplug: PCI Hot Plug PCI Core version: 0.5
[    0.540501] pciehp 0000:00:15.0:pcie04: HPC vendor_id 15ad device_id 7a0 ss_vid 15ad ss_did 7a0
[    0.540564] pciehp 0000:00:15.0:pcie04: service driver pciehp loaded
[    0.540627] pciehp 0000:00:15.1:pcie04: HPC vendor_id 15ad device_id 7a0 ss_vid 15ad ss_did 7a0
[    0.540686] pciehp 0000:00:15.1:pcie04: service driver pciehp loaded
[    0.540760] pciehp 0000:00:15.2:pcie04: HPC vendor_id 15ad device_id 7a0 ss_vid 15ad ss_did 7a0
[    0.540820] pciehp 0000:00:15.2:pcie04: service driver pciehp loaded
[    0.540883] pciehp 0000:00:15.3:pcie04: HPC vendor_id 15ad device_id 7a0 ss_vid 15ad ss_did 7a0
[    0.540942] pciehp 0000:00:15.3:pcie04: service driver pciehp loaded
[    0.541005] pciehp 0000:00:15.4:pcie04: HPC vendor_id 15ad device_id 7a0 ss_vid 15ad ss_did 7a0
[    0.541063] pciehp 0000:00:15.4:pcie04: service driver pciehp loaded
[    0.541126] pciehp 0000:00:15.5:pcie04: HPC vendor_id 15ad device_id 7a0 ss_vid 15ad ss_did 7a0
[    0.541188] pciehp 0000:00:15.5:pcie04: service driver pciehp loaded
[    0.541251] pciehp 0000:00:15.6:pcie04: HPC vendor_id 15ad device_id 7a0 ss_vid 15ad ss_did 7a0
[    0.541309] pciehp 0000:00:15.6:pcie04: service driver pciehp loaded
[    0.541372] pciehp 0000:00:15.7:pcie04: HPC vendor_id 15ad device_id 7a0 ss_vid 15ad ss_did 7a0
[    0.541431] pciehp 0000:00:15.7:pcie04: service driver pciehp loaded
[    0.541494] pciehp 0000:00:16.0:pcie04: HPC vendor_id 15ad device_id 7a0 ss_vid 15ad ss_did 7a0
[    0.541553] pciehp 0000:00:16.0:pcie04: service driver pciehp loaded
[    0.541616] pciehp 0000:00:16.1:pcie04: HPC vendor_id 15ad device_id 7a0 ss_vid 15ad ss_did 7a0
[    0.541674] pciehp 0000:00:16.1:pcie04: service driver pciehp loaded
[    0.541737] pciehp 0000:00:16.2:pcie04: HPC vendor_id 15ad device_id 7a0 ss_vid 15ad ss_did 7a0
[    0.541813] pciehp 0000:00:16.2:pcie04: service driver pciehp loaded
[    0.546027] pciehp 0000:00:16.3:pcie04: HPC vendor_id 15ad device_id 7a0 ss_vid 15ad ss_did 7a0
[    0.546094] pciehp 0000:00:16.3:pcie04: service driver pciehp loaded
[    0.546159] pciehp 0000:00:16.4:pcie04: HPC vendor_id 15ad device_id 7a0 ss_vid 15ad ss_did 7a0
[    0.546220] pciehp 0000:00:16.4:pcie04: service driver pciehp loaded
[    0.546284] pciehp 0000:00:16.5:pcie04: HPC vendor_id 15ad device_id 7a0 ss_vid 15ad ss_did 7a0
[    0.546344] pciehp 0000:00:16.5:pcie04: service driver pciehp loaded
[    0.546407] pciehp 0000:00:16.6:pcie04: HPC vendor_id 15ad device_id 7a0 ss_vid 15ad ss_did 7a0
[    0.546467] pciehp 0000:00:16.6:pcie04: service driver pciehp loaded
[    0.546530] pciehp 0000:00:16.7:pcie04: HPC vendor_id 15ad device_id 7a0 ss_vid 15ad ss_did 7a0
[    0.546589] pciehp 0000:00:16.7:pcie04: service driver pciehp loaded
[    0.546652] pciehp 0000:00:17.0:pcie04: HPC vendor_id 15ad device_id 7a0 ss_vid 15ad ss_did 7a0
[    0.546715] pciehp 0000:00:17.0:pcie04: service driver pciehp loaded
[    0.546780] pciehp 0000:00:17.1:pcie04: HPC vendor_id 15ad device_id 7a0 ss_vid 15ad ss_did 7a0
[    0.546840] pciehp 0000:00:17.1:pcie04: service driver pciehp loaded
[    0.546905] pciehp 0000:00:17.2:pcie04: HPC vendor_id 15ad device_id 7a0 ss_vid 15ad ss_did 7a0
[    0.546969] pciehp 0000:00:17.2:pcie04: service driver pciehp loaded
[    0.547033] pciehp 0000:00:17.3:pcie04: HPC vendor_id 15ad device_id 7a0 ss_vid 15ad ss_did 7a0
[    0.547092] pciehp 0000:00:17.3:pcie04: service driver pciehp loaded
[    0.547154] pciehp 0000:00:17.4:pcie04: HPC vendor_id 15ad device_id 7a0 ss_vid 15ad ss_did 7a0
[    0.547213] pciehp 0000:00:17.4:pcie04: service driver pciehp loaded
[    0.547276] pciehp 0000:00:17.5:pcie04: HPC vendor_id 15ad device_id 7a0 ss_vid 15ad ss_did 7a0
[    0.547336] pciehp 0000:00:17.5:pcie04: service driver pciehp loaded
[    0.547399] pciehp 0000:00:17.6:pcie04: HPC vendor_id 15ad device_id 7a0 ss_vid 15ad ss_did 7a0
[    0.547461] pciehp 0000:00:17.6:pcie04: service driver pciehp loaded
[    0.547524] pciehp 0000:00:17.7:pcie04: HPC vendor_id 15ad device_id 7a0 ss_vid 15ad ss_did 7a0
[    0.547583] pciehp 0000:00:17.7:pcie04: service driver pciehp loaded
[    0.547646] pciehp 0000:00:18.0:pcie04: HPC vendor_id 15ad device_id 7a0 ss_vid 15ad ss_did 7a0
[    0.547704] pciehp 0000:00:18.0:pcie04: service driver pciehp loaded
[    0.547782] pciehp 0000:00:18.1:pcie04: HPC vendor_id 15ad device_id 7a0 ss_vid 15ad ss_did 7a0
[    0.547842] pciehp 0000:00:18.1:pcie04: service driver pciehp loaded
[    0.547905] pciehp 0000:00:18.2:pcie04: HPC vendor_id 15ad device_id 7a0 ss_vid 15ad ss_did 7a0
[    0.547965] pciehp 0000:00:18.2:pcie04: service driver pciehp loaded
[    0.548028] pciehp 0000:00:18.3:pcie04: HPC vendor_id 15ad device_id 7a0 ss_vid 15ad ss_did 7a0
[    0.548088] pciehp 0000:00:18.3:pcie04: service driver pciehp loaded
[    0.548155] pciehp 0000:00:18.4:pcie04: HPC vendor_id 15ad device_id 7a0 ss_vid 15ad ss_did 7a0
[    0.548214] pciehp 0000:00:18.4:pcie04: service driver pciehp loaded
[    0.548277] pciehp 0000:00:18.5:pcie04: HPC vendor_id 15ad device_id 7a0 ss_vid 15ad ss_did 7a0
[    0.548336] pciehp 0000:00:18.5:pcie04: service driver pciehp loaded
[    0.548400] pciehp 0000:00:18.6:pcie04: HPC vendor_id 15ad device_id 7a0 ss_vid 15ad ss_did 7a0
[    0.548459] pciehp 0000:00:18.6:pcie04: service driver pciehp loaded
[    0.548522] pciehp 0000:00:18.7:pcie04: HPC vendor_id 15ad device_id 7a0 ss_vid 15ad ss_did 7a0
[    0.548581] pciehp 0000:00:18.7:pcie04: service driver pciehp loaded
[    0.548588] pciehp: PCI Express Hot Plug Controller Driver version: 0.4
[    0.548762] ACPI: Deprecated procfs I/F for AC is loaded, please retry with CONFIG_ACPI_PROCFS_POWER cleared
[    0.548856] ACPI: AC Adapter [ACAD] (on-line)
[    0.554033] input: Power Button as /devices/LNXSYSTM:00/LNXPWRBN:00/input/input0
[    0.554038] ACPI: Power Button [PWRF]
[    0.587895] ERST: Table is not found!
[    0.587898] GHES: HEST is not enabled!
[    0.587998] Serial: 8250/16550 driver, 32 ports, IRQ sharing enabled
[    0.611756] serial8250: ttyS0 at I/O 0x3f8 (irq = 4) is a 16550A
[    0.617946] isapnp: Scanning for PnP cards...
[    0.708093] serial8250: ttyS1 at I/O 0x2f8 (irq = 3) is a 16550A
[    0.754172] 00:0a: ttyS0 at I/O 0x3f8 (irq = 4) is a 16550A
[    0.844105] 00:0b: ttyS1 at I/O 0x2f8 (irq = 3) is a 16550A
[    0.913465] Linux agpgart interface v0.103
[    0.913515] agpgart-intel 0000:00:00.0: Intel 440BX Chipset
[    0.913598] agpgart-intel 0000:00:00.0: AGP aperture is 256M @ 0x0
[    0.914318] brd: module loaded
[    0.914776] loop: module loaded
[    0.914825] ata_piix 0000:00:07.1: version 2.13
[    0.914902] scsi0 : ata_piix
[    0.917289] scsi1 : ata_piix
[    0.917329] ata1: PATA max UDMA/33 cmd 0x1f0 ctl 0x3f6 bmdma 0x10c0 irq 14
[    0.917331] ata2: PATA max UDMA/33 cmd 0x170 ctl 0x376 bmdma 0x10c8 irq 15
[    0.917384] Fixed MDIO Bus: probed
[    0.917397] tun: Universal TUN/TAP device driver, 1.6
[    0.917399] tun: (C) 1999-2004 Max Krasnyansky <maxk@qualcomm.com>
[    0.917451] PPP generic driver version 2.4.2
[    0.917513] ehci_hcd: USB 2.0 'Enhanced' Host Controller (EHCI) Driver
[    0.917544] ehci_hcd 0000:02:03.0: PCI INT A -> Link[LNKB] -> GSI 11 (level, low) -> IRQ 11
[    0.917590] ehci_hcd 0000:02:03.0: EHCI Host Controller
[    0.917626] ehci_hcd 0000:02:03.0: new USB bus registered, assigned bus number 1
[    0.917675] ehci_hcd 0000:02:03.0: cache line size of 32 is not supported
[    0.917683] ehci_hcd 0000:02:03.0: irq 11, io mem 0xc9000000
[    0.917922] Freeing initrd memory: 13836k freed
[    0.961662] ehci_hcd 0000:02:03.0: USB 2.0 started, EHCI 1.00
[    0.961790] hub 1-0:1.0: USB hub found
[    0.961794] hub 1-0:1.0: 6 ports detected
[    0.961844] ohci_hcd: USB 1.1 'Open' Host Controller (OHCI) Driver
[    0.961858] uhci_hcd: USB Universal Host Controller Interface driver
[    0.961897] uhci_hcd 0000:02:00.0: PCI INT A -> Link[LNKC] -> GSI 10 (level, low) -> IRQ 10
[    0.961935] uhci_hcd 0000:02:00.0: UHCI Host Controller
[    0.961970] uhci_hcd 0000:02:00.0: new USB bus registered, assigned bus number 2
[    0.962074] uhci_hcd 0000:02:00.0: irq 10, io base 0x000020c0
[    0.962185] hub 2-0:1.0: USB hub found
[    0.962189] hub 2-0:1.0: 2 ports detected
[    0.962238] usbcore: registered new interface driver libusual
[    0.962277] i8042: PNP: PS/2 Controller [PNP0303:KBC,PNP0f13:MOUS] at 0x60,0x64 irq 1,12
[    0.962602] serio: i8042 KBD port at 0x60,0x64 irq 1
[    0.962609] serio: i8042 AUX port at 0x60,0x64 irq 12
[    0.962694] mousedev: PS/2 mouse device common for all mice
[    0.962974] rtc_cmos 00:04: rtc core: registered rtc_cmos as rtc0
[    0.962992] rtc0: alarms up to one month, y3k, 114 bytes nvram, hpet irqs
[    0.963034] device-mapper: uevent: version 1.0.3
[    0.963081] device-mapper: ioctl: 4.22.0-ioctl (2011-10-19) initialised: dm-devel@redhat.com
[    0.963104] EISA: Probing bus 0 at eisa.0
[    0.963106] EISA: Cannot allocate resource for mainboard
[    0.963107] Cannot allocate resource for EISA slot 1
[    0.963109] Cannot allocate resource for EISA slot 2
[    0.963111] Cannot allocate resource for EISA slot 3
[    0.963112] Cannot allocate resource for EISA slot 4
[    0.963114] Cannot allocate resource for EISA slot 5
[    0.963115] Cannot allocate resource for EISA slot 6
[    0.963117] Cannot allocate resource for EISA slot 7
[    0.963118] Cannot allocate resource for EISA slot 8
[    0.963120] EISA: Detected 0 cards.
[    0.963127] cpufreq-nforce2: No nForce2 chipset.
[    0.963129] cpuidle: using governor ladder
[    0.963131] cpuidle: using governor menu
[    0.963133] EFI Variables Facility v0.08 2004-May-17
[    0.963182] TCP cubic registered
[    0.963232] NET: Registered protocol family 10
[    0.963281] NET: Registered protocol family 17
[    0.963285] Registering the dns_resolver key type
[    0.963298] Using IPI No-Shortcut mode
[    0.963356] PM: Hibernation image not present or could not be loaded.
[    0.963370] registered taskstats version 1
[    1.057113]   Magic number: 13:356:227
[    1.057158] acpi PNP0200:00: hash matches
[    1.077058] rtc_cmos 00:04: setting system clock to 2013-05-27 11:14:40 UTC (1369653280)
[    1.111832] BIOS EDD facility v0.16 2004-Jun-25, 0 devices found
[    1.111835] EDD information not available.
[    1.155693] input: AT Translated Set 2 keyboard as /devices/platform/i8042/serio0/input/input1
[    1.199361] isapnp: No Plug & Play device found
[    1.199389] ata2.00: ATAPI: VMware Virtual IDE CDROM Drive, 00000001, max UDMA/33
[    1.199817] ata2.00: configured for UDMA/33
[    1.200201] scsi 1:0:0:0: CD-ROM            NECVMWar VMware IDE CDR10 1.00 PQ: 0 ANSI: 5
[    1.200793] sr0: scsi3-mmc drive: 306x/306x cd/rw xa/form2 cdda tray
[    1.200796] cdrom: Uniform CD-ROM driver Revision: 3.20
[    1.200799] sr 1:0:0:0: Attached scsi CD-ROM sr0
[    1.200800] sr 1:0:0:0: Attached scsi generic sg0 type 5
[    1.200801] Freeing unused kernel memory: 740k freed
[    1.200801] Write protecting the kernel text: 5816k
[    1.200801] Write protecting the kernel read-only data: 2376k
[    1.200801] NX-protecting the kernel data: 4424k
[    1.211524] udevd[85]: starting version 175
[    1.226160] VMware vmxnet3 virtual NIC driver - version 1.1.29.0-k-NAPI
[    1.231484] VMware PVSCSI driver - version 1.0.1.0-k
[    1.235952] VMware vmxnet virtual NIC driver
[    1.236002] ACPI: PCI Interrupt Link [LNKD] enabled at IRQ 5
[    1.236006] PCI: setting IRQ 5 as level-triggered
[    1.236014] vmxnet 0000:02:01.0: PCI INT A -> Link[LNKD] -> GSI 5 (level, low) -> IRQ 5
[    1.236849] Found vmxnet/PCI at 0x2024, irq 5.
[    1.236898] features:
[    1.236913] numRxBuffers = 100, numRxBuffers2 = 1
[    1.236963] vmxnet 0000:02:01.0: eth0: set_features() failed (-1); wanted 0x00004000, left 0x00004800
[    1.268872] Floppy drive(s): fd0 is 1.44M
[    1.270583] Fusion MPT base driver 3.04.20
[    1.270586] Copyright (c) 1999-2008 LSI Corporation
[    1.270766] Fusion MPT SPI Host driver 3.04.20
[    1.270807] mptspi 0000:00:10.0: PCI INT A -> Link[LNKB] -> GSI 11 (level, low) -> IRQ 11
[    1.277222] mptbase: ioc0: Initiating bringup
[    1.285002] FDC 0 is a post-1991 82077
[    1.320688] usb 2-1: new full-speed USB device number 2 using uhci_hcd
[    1.348662] ioc0: LSI53C1030 B0: Capabilities={Initiator}
[    1.453683] input: VMware VMware Virtual USB Mouse as /devices/pci0000:00/0000:00:11.0/0000:02:00.0/usb2/2-1/2-1:1.0/input/input2
[    1.453858] generic-usb 0003:0E0F:0003.0001: input,hidraw0: USB HID v1.10 Mouse [VMware VMware Virtual USB Mouse] on usb-0000:02:00.0-1/input0
[    1.454425] input: VMware VMware Virtual USB Mouse as /devices/pci0000:00/0000:00:11.0/0000:02:00.0/usb2/2-1/2-1:1.1/input/input3
[    1.454575] generic-usb 0003:0E0F:0003.0002: input,hidraw1: USB HID v1.10 Mouse [VMware VMware Virtual USB Mouse] on usb-0000:02:00.0-1/input1
[    1.454714] usbcore: registered new interface driver usbhid
[    1.454716] usbhid: USB HID core driver
[    1.508551] scsi2 : ioc0: LSI53C1030 B0, FwRev=01032920h, Ports=1, MaxQ=128, IRQ=11
[    1.564322] usb 2-2: new full-speed USB device number 3 using uhci_hcd
[    1.621123] scsi 2:0:0:0: Direct-Access     VMware,  VMware Virtual S 1.0  PQ: 0 ANSI: 2
[    1.621132] scsi target2:0:0: Beginning Domain Validation
[    1.621677] scsi target2:0:0: Domain Validation skipping write tests
[    1.621681] scsi target2:0:0: Ending Domain Validation
[    1.621731] scsi target2:0:0: FAST-40 WIDE SCSI 80.0 MB/s ST (25 ns, offset 127)
[    1.623970] sd 2:0:0:0: [sda] 41943040 512-byte logical blocks: (21.4 GB/20.0 GiB)
[    1.624024] sd 2:0:0:0: [sda] Write Protect is off
[    1.624028] sd 2:0:0:0: [sda] Mode Sense: 61 00 00 00
[    1.624081] sd 2:0:0:0: [sda] Cache data unavailable
[    1.624084] sd 2:0:0:0: [sda] Assuming drive cache: write through
[    1.624384] sd 2:0:0:0: [sda] Cache data unavailable
[    1.624387] sd 2:0:0:0: [sda] Assuming drive cache: write through
[    1.625092] sd 2:0:0:0: Attached scsi generic sg1 type 0
[    1.625633]  sda: sda1 sda2 < sda5 >
[    1.625956] sd 2:0:0:0: [sda] Cache data unavailable
[    1.625960] sd 2:0:0:0: [sda] Assuming drive cache: write through
[    1.625963] sd 2:0:0:0: [sda] Attached SCSI disk
[    1.660000] EXT4-fs (sda1): INFO: recovery required on readonly filesystem
[    1.660004] EXT4-fs (sda1): write access will be enabled during recovery
[    1.703856] hub 2-2:1.0: USB hub found
[    1.706115] hub 2-2:1.0: 7 ports detected
[    1.788242] EXT4-fs (sda1): recovery complete
[    1.788829] EXT4-fs (sda1): mounted filesystem with ordered data mode. Opts: (null)
[    3.462051] ADDRCONF(NETDEV_UP): eth0: link is not ready
[    3.472810] udevd[324]: starting version 175
[    3.515094] lp: driver loaded but no devices found
[    3.523351] Adding 1046524k swap on /dev/sda5.  Priority:-1 extents:1 across:1046524k 
[    3.605717] EXT4-fs (sda1): re-mounted. Opts: errors=remount-ro
[    3.614786] piix4_smbus 0000:00:07.3: Host SMBus controller not enabled!
[    3.618718] shpchp: Standard Hot Plug PCI Controller Driver version: 0.4
[    3.649324] [407]: VMCI: shared components initialized.
[    3.649352] Probing for vmci/PCI.
[    3.649819] ACPI: PCI Interrupt Link [LNKA] enabled at IRQ 9
[    3.649822] PCI: setting IRQ 9 as level-triggered
[    3.649827] vmci 0000:00:07.7: PCI INT A -> Link[LNKA] -> GSI 9 (level, low) -> IRQ 9
[    3.649869] Found vmci/PCI at 0x1080, irq 9.
[    3.649897] VMCI: using capabilities 0xc.
[    3.649965] [407]: VMCI: Host capability check passed.
[    3.650218] vmci 0000:00:07.7: irq 72 for MSI/MSI-X
[    3.650249] vmci 0000:00:07.7: irq 73 for MSI/MSI-X
[    3.650443] Registered vmci device.
[    3.692479] [407]: VMCI: Using guest personality
[    3.692486] [407]: VMCI: host components initialized.
[    3.693139] [407]: VMCI: Module registered (name=vmci,major=10,minor=57).
[    3.693140] [407]: VMCI: Using host personality
[    3.693141] [407]: VMCI: Module (name=vmci) is initialized
[    3.743030] ppdev: user-space parallel port driver
[    3.743643] parport_pc 00:09: reported by Plug and Play ACPI
[    3.743760] parport0: PC-style at 0x378, irq 7 [PCSPP,TRISTATE]
[    3.756350] Bluetooth: Core ver 2.16
[    3.757661] NET: Registered protocol family 31
[    3.757664] Bluetooth: HCI device and connection manager initialized
[    3.757666] Bluetooth: HCI socket layer initialized
[    3.757668] Bluetooth: L2CAP socket layer initialized
[    3.757674] Bluetooth: SCO socket layer initialized
[    3.780572] Bluetooth: BNEP (Ethernet Emulation) ver 1.3
[    3.780575] Bluetooth: BNEP filters: protocol multicast
[    3.841140] lp0: using parport0 (interrupt-driven).
[    3.849059] type=1400 audit(1369653283.274:2): apparmor="STATUS" operation="profile_load" name="/usr/lib/cups/backend/cups-pdf" pid=576 comm="apparmor_parser"
[    3.851663] type=1400 audit(1369653283.274:3): apparmor="STATUS" operation="profile_load" name="/usr/sbin/cupsd" pid=576 comm="apparmor_parser"
[    3.870744] type=1400 audit(1369653283.294:4): apparmor="STATUS" operation="profile_load" name="/sbin/dhclient" pid=589 comm="apparmor_parser"
[    3.870876] type=1400 audit(1369653283.294:5): apparmor="STATUS" operation="profile_load" name="/usr/lib/NetworkManager/nm-dhcp-client.action" pid=589 comm="apparmor_parser"
[    3.870993] type=1400 audit(1369653283.294:6): apparmor="STATUS" operation="profile_load" name="/usr/lib/connman/scripts/dhclient-script" pid=589 comm="apparmor_parser"
[    3.885954] Bluetooth: RFCOMM TTY layer initialized
[    3.885960] Bluetooth: RFCOMM socket layer initialized
[    3.885962] Bluetooth: RFCOMM ver 1.11
[    4.081883] input: ImPS/2 Generic Wheel Mouse as /devices/platform/i8042/serio1/input/input4
[    4.136952] snd_ens1371 0000:02:02.0: PCI INT A -> Link[LNKA] -> GSI 9 (level, low) -> IRQ 9
[    4.169854] init: failsafe main process (660) killed by TERM signal
[    4.288432] type=1400 audit(1369653283.714:7): apparmor="STATUS" operation="profile_load" name="/usr/lib/lightdm/lightdm/lightdm-guest-session-wrapper" pid=792 comm="apparmor_parser"
[    4.290358] type=1400 audit(1369653283.714:8): apparmor="STATUS" operation="profile_replace" name="/sbin/dhclient" pid=794 comm="apparmor_parser"
[    4.290723] type=1400 audit(1369653283.714:9): apparmor="STATUS" operation="profile_replace" name="/usr/lib/NetworkManager/nm-dhcp-client.action" pid=794 comm="apparmor_parser"
[    4.290840] type=1400 audit(1369653283.714:10): apparmor="STATUS" operation="profile_replace" name="/usr/lib/connman/scripts/dhclient-script" pid=794 comm="apparmor_parser"
[    4.445900] init: alsa-restore main process (856) terminated with status 19
