[    0.000000] Initializing cgroup subsys cpuset
[    0.000000] Initializing cgroup subsys cpu
[    0.000000] Linux version 3.2.0-29-generic-pae (buildd@roseapple) (gcc version 4.6.3 (Ubuntu/Linaro 4.6.3-1ubuntu5) ) #46-Ubuntu SMP Fri Jul 27 17:25:43 UTC 2012 (Ubuntu 3.2.0-29.46-generic-pae 3.2.24)
[    0.000000] KERNEL supported cpus:
[    0.000000]   Intel GenuineIntel
[    0.000000]   AMD AuthenticAMD
[    0.000000]   NSC Geode by NSC
[    0.000000]   Cyrix CyrixInstead
[    0.000000]   Centaur CentaurHauls
[    0.000000]   Transmeta GenuineTMx86
[    0.000000]   Transmeta TransmetaCPU
[    0.000000]   UMC UMC UMC UMC
[    0.000000] Disabled fast string operations
[    0.000000] BIOS-provided physical RAM map:
[    0.000000]  BIOS-e820: 0000000000000000 - 000000000009f000 (usable)
[    0.000000]  BIOS-e820: 000000000009f000 - 00000000000a0000 (reserved)
[    0.000000]  BIOS-e820: 00000000000ca000 - 00000000000cc000 (reserved)
[    0.000000]  BIOS-e820: 00000000000dc000 - 0000000000100000 (reserved)
[    0.000000]  BIOS-e820: 0000000000100000 - 000000003fee0000 (usable)
[    0.000000]  BIOS-e820: 000000003fee0000 - 000000003feff000 (ACPI data)
[    0.000000]  BIOS-e820: 000000003feff000 - 000000003ff00000 (ACPI NVS)
[    0.000000]  BIOS-e820: 000000003ff00000 - 0000000040000000 (usable)
[    0.000000]  BIOS-e820: 00000000e0000000 - 00000000f0000000 (reserved)
[    0.000000]  BIOS-e820: 00000000fec00000 - 00000000fec10000 (reserved)
[    0.000000]  BIOS-e820: 00000000fee00000 - 00000000fee01000 (reserved)
[    0.000000]  BIOS-e820: 00000000fffe0000 - 0000000100000000 (reserved)
[    0.000000] NX (Execute Disable) protection: active
[    0.000000] DMI present.
[    0.000000] DMI: VMware, Inc. VMware Virtual Platform/440BX Desktop Reference Platform, BIOS 6.00 07/02/2012
[    0.000000] Hypervisor detected: VMware
[    0.000000] e820 update range: 0000000000000000 - 0000000000010000 (usable) ==> (reserved)
[    0.000000] e820 remove range: 00000000000a0000 - 0000000000100000 (usable)
[    0.000000] last_pfn = 0x40000 max_arch_pfn = 0x1000000
[    0.000000] MTRR default type: uncachable
[    0.000000] MTRR fixed ranges enabled:
[    0.000000]   00000-9FFFF write-back
[    0.000000]   A0000-BFFFF uncachable
[    0.000000]   C0000-CBFFF write-protect
[    0.000000]   CC000-EFFFF uncachable
[    0.000000]   F0000-FFFFF write-protect
[    0.000000] MTRR variable ranges enabled:
[    0.000000]   0 base 0000000000 mask FFC0000000 write-back
[    0.000000]   1 disabled
[    0.000000]   2 disabled
[    0.000000]   3 disabled
[    0.000000]   4 disabled
[    0.000000]   5 disabled
[    0.000000]   6 disabled
[    0.000000]   7 disabled
[    0.000000] x86 PAT enabled: cpu 0, old 0x0, new 0x7010600070106
[    0.000000] found SMP MP-table at [c00f6bf0] f6bf0
[    0.000000] initial memory mapped : 0 - 02000000
[    0.000000] Base memory trampoline at [c009b000] 9b000 size 16384
[    0.000000] init_memory_mapping: 0000000000000000-0000000037bfe000
[    0.000000]  0000000000 - 0000200000 page 4k
[    0.000000]  0000200000 - 0037a00000 page 2M
[    0.000000]  0037a00000 - 0037bfe000 page 4k
[    0.000000] kernel direct mapping tables up to 37bfe000 @ 1ffb000-2000000
[    0.000000] RAMDISK: 364ea000 - 3726d000
[    0.000000] ACPI: RSDP 000f6b80 00024 (v02 PTLTD )
[    0.000000] ACPI: XSDT 3feed636 0005C (v01 INTEL  440BX    06040000 VMW  01324272)
[    0.000000] ACPI: FACP 3fefee98 000F4 (v04 INTEL  440BX    06040000 PTL  000F4240)
[    0.000000] ACPI: DSDT 3feee366 10B32 (v01 PTLTD  Custom   06040000 MSFT 03000001)
[    0.000000] ACPI: FACS 3fefffc0 00040
[    0.000000] ACPI: BOOT 3feee33e 00028 (v01 PTLTD  $SBFTBL$ 06040000  LTP 00000001)
[    0.000000] ACPI: APIC 3feedc3e 003C2 (v01 PTLTD  ? APIC   06040000  LTP 00000000)
[    0.000000] ACPI: MCFG 3feedc02 0003C (v01 PTLTD  $PCITBL$ 06040000  LTP 00000001)
[    0.000000] ACPI: SRAT 3feed732 004D0 (v02 VMWARE MEMPLUG  06040000 VMW  00000001)
[    0.000000] ACPI: HPET 3feed6fa 00038 (v01 VMWARE VMW HPET 06040000 VMW  00000001)
[    0.000000] ACPI: WAET 3feed6d2 00028 (v01 VMWARE VMW WAET 06040000 VMW  00000001)
[    0.000000] ACPI: Local APIC address 0xfee00000
[    0.000000] 132MB HIGHMEM available.
[    0.000000] 891MB LOWMEM available.
[    0.000000]   mapped low ram: 0 - 37bfe000
[    0.000000]   low ram: 0 - 37bfe000
[    0.000000] Zone PFN ranges:
[    0.000000]   DMA      0x00000010 -> 0x00001000
[    0.000000]   Normal   0x00001000 -> 0x00037bfe
[    0.000000]   HighMem  0x00037bfe -> 0x00040000
[    0.000000] Movable zone start PFN for each node
[    0.000000] early_node_map[3] active PFN ranges
[    0.000000]     0: 0x00000010 -> 0x0000009f
[    0.000000]     0: 0x00000100 -> 0x0003fee0
[    0.000000]     0: 0x0003ff00 -> 0x00040000
[    0.000000] On node 0 totalpages: 261999
[    0.000000] free_area_init_node: node 0, pgdat c1866a40, node_mem_map f73fd200
[    0.000000]   DMA zone: 32 pages used for memmap
[    0.000000]   DMA zone: 0 pages reserved
[    0.000000]   DMA zone: 3951 pages, LIFO batch:0
[    0.000000]   Normal zone: 1752 pages used for memmap
[    0.000000]   Normal zone: 222502 pages, LIFO batch:31
[    0.000000]   HighMem zone: 265 pages used for memmap
[    0.000000]   HighMem zone: 33497 pages, LIFO batch:7
[    0.000000] Using APIC driver default
[    0.000000] ACPI: PM-Timer IO Port: 0x1008
[    0.000000] ACPI: Local APIC address 0xfee00000
[    0.000000] ACPI: LAPIC (acpi_id[0x00] lapic_id[0x00] enabled)
[    0.000000] ACPI: LAPIC (acpi_id[0x01] lapic_id[0x02] disabled)
[    0.000000] ACPI: LAPIC (acpi_id[0x02] lapic_id[0x04] disabled)
[    0.000000] ACPI: LAPIC (acpi_id[0x03] lapic_id[0x06] disabled)
[    0.000000] ACPI: LAPIC (acpi_id[0x04] lapic_id[0x08] disabled)
[    0.000000] ACPI: LAPIC (acpi_id[0x05] lapic_id[0x0a] disabled)
[    0.000000] ACPI: LAPIC (acpi_id[0x06] lapic_id[0x0c] disabled)
[    0.000000] ACPI: LAPIC (acpi_id[0x07] lapic_id[0x0e] disabled)
[    0.000000] ACPI: LAPIC (acpi_id[0x08] lapic_id[0x10] disabled)
[    0.000000] ACPI: LAPIC (acpi_id[0x09] lapic_id[0x12] disabled)
[    0.000000] ACPI: LAPIC (acpi_id[0x0a] lapic_id[0x14] disabled)
[    0.000000] ACPI: LAPIC (acpi_id[0x0b] lapic_id[0x16] disabled)
[    0.000000] ACPI: LAPIC (acpi_id[0x0c] lapic_id[0x18] disabled)
[    0.000000] ACPI: LAPIC (acpi_id[0x0d] lapic_id[0x1a] disabled)
[    0.000000] ACPI: LAPIC (acpi_id[0x0e] lapic_id[0x1c] disabled)
[    0.000000] ACPI: LAPIC (acpi_id[0x0f] lapic_id[0x1e] disabled)
[    0.000000] ACPI: LAPIC (acpi_id[0x10] lapic_id[0x20] disabled)
[    0.000000] ACPI: LAPIC (acpi_id[0x11] lapic_id[0x22] disabled)
[    0.000000] ACPI: LAPIC (acpi_id[0x12] lapic_id[0x24] disabled)
[    0.000000] ACPI: LAPIC (acpi_id[0x13] lapic_id[0x26] disabled)
[    0.000000] ACPI: LAPIC (acpi_id[0x14] lapic_id[0x28] disabled)
[    0.000000] ACPI: LAPIC (acpi_id[0x15] lapic_id[0x2a] disabled)
[    0.000000] ACPI: LAPIC (acpi_id[0x16] lapic_id[0x2c] disabled)
[    0.000000] ACPI: LAPIC (acpi_id[0x17] lapic_id[0x2e] disabled)
[    0.000000] ACPI: LAPIC (acpi_id[0x18] lapic_id[0x30] disabled)
[    0.000000] ACPI: LAPIC (acpi_id[0x19] lapic_id[0x32] disabled)
[    0.000000] ACPI: LAPIC (acpi_id[0x1a] lapic_id[0x34] disabled)
[    0.000000] ACPI: LAPIC (acpi_id[0x1b] lapic_id[0x36] disabled)
[    0.000000] ACPI: LAPIC (acpi_id[0x1c] lapic_id[0x38] disabled)
[    0.000000] ACPI: LAPIC (acpi_id[0x1d] lapic_id[0x3a] disabled)
[    0.000000] ACPI: LAPIC (acpi_id[0x1e] lapic_id[0x3c] disabled)
[    0.000000] ACPI: LAPIC (acpi_id[0x1f] lapic_id[0x3e] disabled)
[    0.000000] ACPI: LAPIC (acpi_id[0x20] lapic_id[0x40] disabled)
[    0.000000] ACPI: LAPIC (acpi_id[0x21] lapic_id[0x42] disabled)
[    0.000000] ACPI: LAPIC (acpi_id[0x22] lapic_id[0x44] disabled)
[    0.000000] ACPI: LAPIC (acpi_id[0x23] lapic_id[0x46] disabled)
[    0.000000] ACPI: LAPIC (acpi_id[0x24] lapic_id[0x48] disabled)
[    0.000000] ACPI: LAPIC (acpi_id[0x25] lapic_id[0x4a] disabled)
[    0.000000] ACPI: LAPIC (acpi_id[0x26] lapic_id[0x4c] disabled)
[    0.000000] ACPI: LAPIC (acpi_id[0x27] lapic_id[0x4e] disabled)
[    0.000000] ACPI: LAPIC (acpi_id[0x28] lapic_id[0x50] disabled)
[    0.000000] ACPI: LAPIC (acpi_id[0x29] lapic_id[0x52] disabled)
[    0.000000] ACPI: LAPIC (acpi_id[0x2a] lapic_id[0x54] disabled)
[    0.000000] ACPI: LAPIC (acpi_id[0x2b] lapic_id[0x56] disabled)
[    0.000000] ACPI: LAPIC (acpi_id[0x2c] lapic_id[0x58] disabled)
[    0.000000] ACPI: LAPIC (acpi_id[0x2d] lapic_id[0x5a] disabled)
[    0.000000] ACPI: LAPIC (acpi_id[0x2e] lapic_id[0x5c] disabled)
[    0.000000] ACPI: LAPIC (acpi_id[0x2f] lapic_id[0x5e] disabled)
[    0.000000] ACPI: LAPIC (acpi_id[0x30] lapic_id[0x60] disabled)
[    0.000000] ACPI: LAPIC (acpi_id[0x31] lapic_id[0x62] disabled)
[    0.000000] ACPI: LAPIC (acpi_id[0x32] lapic_id[0x64] disabled)
[    0.000000] ACPI: LAPIC (acpi_id[0x33] lapic_id[0x66] disabled)
[    0.000000] ACPI: LAPIC (acpi_id[0x34] lapic_id[0x68] disabled)
[    0.000000] ACPI: LAPIC (acpi_id[0x35] lapic_id[0x6a] disabled)
[    0.000000] ACPI: LAPIC (acpi_id[0x36] lapic_id[0x6c] disabled)
[    0.000000] ACPI: LAPIC (acpi_id[0x37] lapic_id[0x6e] disabled)
[    0.000000] ACPI: LAPIC (acpi_id[0x38] lapic_id[0x70] disabled)
[    0.000000] ACPI: LAPIC (acpi_id[0x39] lapic_id[0x72] disabled)
[    0.000000] ACPI: LAPIC (acpi_id[0x3a] lapic_id[0x74] disabled)
[    0.000000] ACPI: LAPIC (acpi_id[0x3b] lapic_id[0x76] disabled)
[    0.000000] ACPI: LAPIC (acpi_id[0x3c] lapic_id[0x78] disabled)
[    0.000000] ACPI: LAPIC (acpi_id[0x3d] lapic_id[0x7a] disabled)
[    0.000000] ACPI: LAPIC (acpi_id[0x3e] lapic_id[0x7c] disabled)
[    0.000000] ACPI: LAPIC (acpi_id[0x3f] lapic_id[0x7e] disabled)
[    0.000000] ACPI: LAPIC_NMI (acpi_id[0x00] high edge lint[0x1])
[    0.000000] ACPI: LAPIC_NMI (acpi_id[0x01] high edge lint[0x1])
[    0.000000] ACPI: LAPIC_NMI (acpi_id[0x02] high edge lint[0x1])
[    0.000000] ACPI: LAPIC_NMI (acpi_id[0x03] high edge lint[0x1])
[    0.000000] ACPI: LAPIC_NMI (acpi_id[0x04] high edge lint[0x1])
[    0.000000] ACPI: LAPIC_NMI (acpi_id[0x05] high edge lint[0x1])
[    0.000000] ACPI: LAPIC_NMI (acpi_id[0x06] high edge lint[0x1])
[    0.000000] ACPI: LAPIC_NMI (acpi_id[0x07] high edge lint[0x1])
[    0.000000] ACPI: LAPIC_NMI (acpi_id[0x08] high edge lint[0x1])
[    0.000000] ACPI: LAPIC_NMI (acpi_id[0x09] high edge lint[0x1])
[    0.000000] ACPI: LAPIC_NMI (acpi_id[0x0a] high edge lint[0x1])
[    0.000000] ACPI: LAPIC_NMI (acpi_id[0x0b] high edge lint[0x1])
[    0.000000] ACPI: LAPIC_NMI (acpi_id[0x0c] high edge lint[0x1])
[    0.000000] ACPI: LAPIC_NMI (acpi_id[0x0d] high edge lint[0x1])
[    0.000000] ACPI: LAPIC_NMI (acpi_id[0x0e] high edge lint[0x1])
[    0.000000] ACPI: LAPIC_NMI (acpi_id[0x0f] high edge lint[0x1])
[    0.000000] ACPI: LAPIC_NMI (acpi_id[0x10] high edge lint[0x1])
[    0.000000] ACPI: LAPIC_NMI (acpi_id[0x11] high edge lint[0x1])
[    0.000000] ACPI: LAPIC_NMI (acpi_id[0x12] high edge lint[0x1])
[    0.000000] ACPI: LAPIC_NMI (acpi_id[0x13] high edge lint[0x1])
[    0.000000] ACPI: LAPIC_NMI (acpi_id[0x14] high edge lint[0x1])
[    0.000000] ACPI: LAPIC_NMI (acpi_id[0x15] high edge lint[0x1])
[    0.000000] ACPI: LAPIC_NMI (acpi_id[0x16] high edge lint[0x1])
[    0.000000] ACPI: LAPIC_NMI (acpi_id[0x17] high edge lint[0x1])
[    0.000000] ACPI: LAPIC_NMI (acpi_id[0x18] high edge lint[0x1])
[    0.000000] ACPI: LAPIC_NMI (acpi_id[0x19] high edge lint[0x1])
[    0.000000] ACPI: LAPIC_NMI (acpi_id[0x1a] high edge lint[0x1])
[    0.000000] ACPI: LAPIC_NMI (acpi_id[0x1b] high edge lint[0x1])
[    0.000000] ACPI: LAPIC_NMI (acpi_id[0x1c] high edge lint[0x1])
[    0.000000] ACPI: LAPIC_NMI (acpi_id[0x1d] high edge lint[0x1])
[    0.000000] ACPI: LAPIC_NMI (acpi_id[0x1e] high edge lint[0x1])
[    0.000000] ACPI: LAPIC_NMI (acpi_id[0x1f] high edge lint[0x1])
[    0.000000] ACPI: LAPIC_NMI (acpi_id[0x20] high edge lint[0x1])
[    0.000000] ACPI: LAPIC_NMI (acpi_id[0x21] high edge lint[0x1])
[    0.000000] ACPI: LAPIC_NMI (acpi_id[0x22] high edge lint[0x1])
[    0.000000] ACPI: LAPIC_NMI (acpi_id[0x23] high edge lint[0x1])
[    0.000000] ACPI: LAPIC_NMI (acpi_id[0x24] high edge lint[0x1])
[    0.000000] ACPI: LAPIC_NMI (acpi_id[0x25] high edge lint[0x1])
[    0.000000] ACPI: LAPIC_NMI (acpi_id[0x26] high edge lint[0x1])
[    0.000000] ACPI: LAPIC_NMI (acpi_id[0x27] high edge lint[0x1])
[    0.000000] ACPI: LAPIC_NMI (acpi_id[0x28] high edge lint[0x1])
[    0.000000] ACPI: LAPIC_NMI (acpi_id[0x29] high edge lint[0x1])
[    0.000000] ACPI: LAPIC_NMI (acpi_id[0x2a] high edge lint[0x1])
[    0.000000] ACPI: LAPIC_NMI (acpi_id[0x2b] high edge lint[0x1])
[    0.000000] ACPI: LAPIC_NMI (acpi_id[0x2c] high edge lint[0x1])
[    0.000000] ACPI: LAPIC_NMI (acpi_id[0x2d] high edge lint[0x1])
[    0.000000] ACPI: LAPIC_NMI (acpi_id[0x2e] high edge lint[0x1])
[    0.000000] ACPI: LAPIC_NMI (acpi_id[0x2f] high edge lint[0x1])
[    0.000000] ACPI: LAPIC_NMI (acpi_id[0x30] high edge lint[0x1])
[    0.000000] ACPI: LAPIC_NMI (acpi_id[0x31] high edge lint[0x1])
[    0.000000] ACPI: LAPIC_NMI (acpi_id[0x32] high edge lint[0x1])
[    0.000000] ACPI: LAPIC_NMI (acpi_id[0x33] high edge lint[0x1])
[    0.000000] ACPI: LAPIC_NMI (acpi_id[0x34] high edge lint[0x1])
[    0.000000] ACPI: LAPIC_NMI (acpi_id[0x35] high edge lint[0x1])
[    0.000000] ACPI: LAPIC_NMI (acpi_id[0x36] high edge lint[0x1])
[    0.000000] ACPI: LAPIC_NMI (acpi_id[0x37] high edge lint[0x1])
[    0.000000] ACPI: LAPIC_NMI (acpi_id[0x38] high edge lint[0x1])
[    0.000000] ACPI: LAPIC_NMI (acpi_id[0x39] high edge lint[0x1])
[    0.000000] ACPI: LAPIC_NMI (acpi_id[0x3a] high edge lint[0x1])
[    0.000000] ACPI: LAPIC_NMI (acpi_id[0x3b] high edge lint[0x1])
[    0.000000] ACPI: LAPIC_NMI (acpi_id[0x3c] high edge lint[0x1])
[    0.000000] ACPI: LAPIC_NMI (acpi_id[0x3d] high edge lint[0x1])
[    0.000000] ACPI: LAPIC_NMI (acpi_id[0x3e] high edge lint[0x1])
[    0.000000] ACPI: LAPIC_NMI (acpi_id[0x3f] high edge lint[0x1])
[    0.000000] ACPI: Skipping IOAPIC probe due to 'noapic' option.
[    0.000000] Using ACPI for processor (LAPIC) configuration information
[    0.000000] ACPI: HPET id: 0x8086af01 base: 0xfed00000
[    0.000000] Intel MultiProcessor Specification v1.4
[    0.000000]     Virtual Wire compatibility mode.
[    0.000000] MPTABLE: OEM ID: INTEL   
[    0.000000] MPTABLE: Product ID: 440BX       
[    0.000000] MPTABLE: APIC at: 0xFEE00000
[    0.000000] IOAPIC[0]: apic_id 1, version 17, address 0xfec00000, GSI 0-23
[    0.000000] Processors: 1
[    0.000000] SMP: Allowing 1 CPUs, 0 hotplug CPUs
[    0.000000] nr_irqs_gsi: 40
[    0.000000] PM: Registered nosave memory: 000000000009f000 - 00000000000a0000
[    0.000000] PM: Registered nosave memory: 00000000000a0000 - 00000000000ca000
[    0.000000] PM: Registered nosave memory: 00000000000ca000 - 00000000000cc000
[    0.000000] PM: Registered nosave memory: 00000000000cc000 - 00000000000dc000
[    0.000000] PM: Registered nosave memory: 00000000000dc000 - 0000000000100000
[    0.000000] Allocating PCI resources starting at 40000000 (gap: 40000000:a0000000)
[    0.000000] Booting paravirtualized kernel on bare hardware
[    0.000000] setup_percpu: NR_CPUS:8 nr_cpumask_bits:8 nr_cpu_ids:1 nr_node_ids:1
[    0.000000] PERCPU: Embedded 14 pages/cpu @f73e8000 s34240 r0 d23104 u57344
[    0.000000] pcpu-alloc: s34240 r0 d23104 u57344 alloc=14*4096
[    0.000000] pcpu-alloc: [0] 0 
[    0.000000] Built 1 zonelists in Zone order, mobility grouping on.  Total pages: 259950
[    0.000000] Kernel command line: BOOT_IMAGE=/boot/vmlinuz-3.2.0-29-generic-pae root=UUID=007b598c-390d-4c65-84a1-4ff752d48633 ro quiet splash maxcpus=0
[    0.000000] PID hash table entries: 4096 (order: 2, 16384 bytes)
[    0.000000] Dentry cache hash table entries: 131072 (order: 7, 524288 bytes)
[    0.000000] Inode-cache hash table entries: 65536 (order: 6, 262144 bytes)
[    0.000000] Initializing CPU#0
[    0.000000] xsave/xrstor: enabled xstate_bv 0x7, cntxt size 0x340
[    0.000000] allocated 4194048 bytes of page_cgroup
[    0.000000] please try 'cgroup_disable=memory' option if you don't want memory cgroups
[    0.000000] Initializing HighMem for node 0 (00037bfe:00040000)
[    0.000000] Memory: 1010624k/1048576k available (5814k kernel code, 37372k reserved, 2841k data, 740k init, 135048k highmem)
[    0.000000] virtual kernel memory layout:
[    0.000000]     fixmap  : 0xfff16000 - 0xfffff000   ( 932 kB)
[    0.000000]     pkmap   : 0xffc00000 - 0xffe00000   (2048 kB)
[    0.000000]     vmalloc : 0xf83fe000 - 0xffbfe000   ( 120 MB)
[    0.000000]     lowmem  : 0xc0000000 - 0xf7bfe000   ( 891 MB)
[    0.000000]       .init : 0xc1875000 - 0xc192e000   ( 740 kB)
[    0.000000]       .data : 0xc15adb64 - 0xc1874240   (2841 kB)
[    0.000000]       .text : 0xc1000000 - 0xc15adb64   (5814 kB)
[    0.000000] Checking if this processor honours the WP bit even in supervisor mode...Ok.
[    0.000000] SLUB: Genslabs=15, HWalign=64, Order=0-3, MinObjects=0, CPUs=1, Nodes=1
[    0.000000] Hierarchical RCU implementation.
[    0.000000] 	RCU dyntick-idle grace-period acceleration is enabled.
[    0.000000] NR_IRQS:2304 nr_irqs:256 16
[    0.000000] CPU 0 irqstacks, hard=f5c08000 soft=f5c0a000
[    0.000000] Extended CMOS year: 2000
[    0.000000] Console: colour VGA+ 80x25
[    0.000000] console [tty0] enabled
[    0.000000] hpet clockevent registered
[    0.000000] TSC freq read from hypervisor : 2394.620 MHz
[    0.000000] Detected 2394.620 MHz processor.
[    0.000001] Calibrating delay loop (skipped) preset value.. 4789.24 BogoMIPS (lpj=9578480)
[    0.000004] pid_max: default: 32768 minimum: 301
[    0.000020] Security Framework initialized
[    0.000035] AppArmor: AppArmor initialized
[    0.000036] Yama: becoming mindful.
[    0.000072] Mount-cache hash table entries: 512
[    0.000152] Initializing cgroup subsys cpuacct
[    0.000156] Initializing cgroup subsys memory
[    0.000160] Initializing cgroup subsys devices
[    0.000162] Initializing cgroup subsys freezer
[    0.000163] Initializing cgroup subsys blkio
[    0.000168] Initializing cgroup subsys perf_event
[    0.000211] Disabled fast string operations
[    0.000215] CPU: Physical Processor ID: 0
[    0.000224] ENERGY_PERF_BIAS: Set to 'normal', was 'performance'
[    0.000225] ENERGY_PERF_BIAS: View and update with x86_energy_perf_policy(8)
[    0.000877] mce: CPU supports 0 MCE banks
[    0.001730] SMP alternatives: switching to UP code
[    0.022993] Freeing SMP alternatives: 24k freed
[    0.023001] ACPI: Core revision 20110623
[    0.031499] ACPI: setting ELCR to 0200 (from 0e20)
[    0.033240] ftrace: allocating 26545 entries in 52 pages
[    0.053584] SMP mode deactivated.
[    0.053612] SMP disabled
[    0.053614] Performance Events: generic architected perfmon v1, core PMU driver.
[    0.053625] ... version:                1
[    0.053626] ... bit width:              48
[    0.053627] ... generic registers:      4
[    0.053628] ... value mask:             0000ffffffffffff
[    0.053629] ... max period:             000000007fffffff
[    0.053630] ... fixed-purpose events:   0
[    0.053631] ... event mask:             000000000000000f
[    0.053720] NMI watchdog enabled, takes one hw-pmu counter.
[    0.053739] Brought up 1 CPUs
[    0.053741] Total of 1 processors activated (4789.24 BogoMIPS).
[    0.053845] devtmpfs: initialized
[    0.053914] EVM: security.selinux
[    0.053915] EVM: security.SMACK64
[    0.053916] EVM: security.capability
[    0.053941] PM: Registering ACPI NVS region at 3feff000 (4096 bytes)
[    0.054655] print_constraints: dummy: 
[    0.054730] RTC time: 11:34:39, date: 05/27/13
[    0.054758] NET: Registered protocol family 16
[    0.054828] EISA bus registered
[    0.054839] ACPI: bus type pci registered
[    0.054978] PCI: MMCONFIG for domain 0000 [bus 00-ff] at [mem 0xe0000000-0xefffffff] (base 0xe0000000)
[    0.054980] PCI: MMCONFIG at [mem 0xe0000000-0xefffffff] reserved in E820
[    0.054982] PCI: Using MMCONFIG for extended config space
[    0.054983] PCI: Using configuration type 1 for base access
[    0.055662] bio: create slab <bio-0> at 0
[    0.055725] ACPI: Added _OSI(Module Device)
[    0.055726] ACPI: Added _OSI(Processor Device)
[    0.055727] ACPI: Added _OSI(3.0 _SCP Extensions)
[    0.055728] ACPI: Added _OSI(Processor Aggregator Device)
[    0.057651] ACPI: EC: Look up EC in DSDT
[    0.062114] [Firmware Bug]: ACPI: BIOS _OSI(Linux) query ignored
[    0.071274] ACPI: Interpreter enabled
[    0.071282] ACPI: (supports S0 S1 S4 S5)
[    0.071292] ACPI: Using PIC for interrupt routing
[    0.121209] ACPI: No dock devices found.
[    0.121213] HEST: Table not found.
[    0.121218] PCI: Using host bridge windows from ACPI; if necessary, use "pci=nocrs" and report a bug
[    0.122078] ACPI: PCI Root Bridge [PCI0] (domain 0000 [bus 00-ff])
[    0.123565] pci_root PNP0A03:00: host bridge window [mem 0x000a0000-0x000bffff]
[    0.123568] pci_root PNP0A03:00: host bridge window [mem 0x000cc000-0x000cffff]
[    0.123570] pci_root PNP0A03:00: host bridge window [mem 0x000d0000-0x000d3fff]
[    0.123572] pci_root PNP0A03:00: host bridge window [mem 0x000d4000-0x000d7fff]
[    0.123574] pci_root PNP0A03:00: host bridge window [mem 0x000d8000-0x000dbfff]
[    0.123577] pci_root PNP0A03:00: host bridge window [mem 0xc0000000-0xfebfffff]
[    0.123579] pci_root PNP0A03:00: host bridge window [io  0x0000-0x0cf7]
[    0.123581] pci_root PNP0A03:00: host bridge window [io  0x0d00-0xfeff]
[    0.123645] pci 0000:00:00.0: [8086:7190] type 0 class 0x000600
[    0.124219] pci 0000:00:01.0: [8086:7191] type 1 class 0x000604
[    0.124730] pci 0000:00:07.0: [8086:7110] type 0 class 0x000601
[    0.125555] pci 0000:00:07.1: [8086:7111] type 0 class 0x000101
[    0.127734] pci 0000:00:07.1: reg 20: [io  0x10c0-0x10cf]
[    0.128795] pci 0000:00:07.3: [8086:7113] type 0 class 0x000680
[    0.131244] pci 0000:00:07.3: quirk: [io  0x1000-0x103f] claimed by PIIX4 ACPI
[    0.131258] pci 0000:00:07.3: quirk: [io  0x1040-0x104f] claimed by PIIX4 SMB
[    0.131524] pci 0000:00:07.7: [15ad:0740] type 0 class 0x000880
[    0.132094] pci 0000:00:07.7: reg 10: [io  0x1080-0x10bf]
[    0.132900] pci 0000:00:07.7: reg 14: [mem 0xc8000000-0xc8001fff 64bit]
[    0.135938] pci 0000:00:0f.0: [15ad:0405] type 0 class 0x000300
[    0.138800] pci 0000:00:0f.0: reg 10: [io  0x10d0-0x10df]
[    0.141598] pci 0000:00:0f.0: reg 14: [mem 0xd0000000-0xd7ffffff pref]
[    0.144462] pci 0000:00:0f.0: reg 18: [mem 0xc8800000-0xc8ffffff]
[    0.155853] pci 0000:00:0f.0: reg 30: [mem 0x00000000-0x00007fff pref]
[    0.156214] pci 0000:00:10.0: [1000:0030] type 0 class 0x000100
[    0.157055] pci 0000:00:10.0: reg 10: [io  0x1400-0x14ff]
[    0.158133] pci 0000:00:10.0: reg 14: [mem 0xc8040000-0xc805ffff 64bit]
[    0.159218] pci 0000:00:10.0: reg 1c: [mem 0xc8020000-0xc803ffff 64bit]
[    0.160835] pci 0000:00:10.0: reg 30: [mem 0x00000000-0x00003fff pref]
[    0.161017] pci 0000:00:11.0: [15ad:0790] type 1 class 0x000604
[    0.161835] pci 0000:00:15.0: [15ad:07a0] type 1 class 0x000604
[    0.162689] pci 0000:00:15.0: PME# supported from D0 D3hot D3cold
[    0.162716] pci 0000:00:15.0: PME# disabled
[    0.162980] pci 0000:00:15.1: [15ad:07a0] type 1 class 0x000604
[    0.164074] pci 0000:00:15.1: PME# supported from D0 D3hot D3cold
[    0.164106] pci 0000:00:15.1: PME# disabled
[    0.164416] pci 0000:00:15.2: [15ad:07a0] type 1 class 0x000604
[    0.165404] pci 0000:00:15.2: PME# supported from D0 D3hot D3cold
[    0.165436] pci 0000:00:15.2: PME# disabled
[    0.165742] pci 0000:00:15.3: [15ad:07a0] type 1 class 0x000604
[    0.166746] pci 0000:00:15.3: PME# supported from D0 D3hot D3cold
[    0.166776] pci 0000:00:15.3: PME# disabled
[    0.167093] pci 0000:00:15.4: [15ad:07a0] type 1 class 0x000604
[    0.167964] pci 0000:00:15.4: PME# supported from D0 D3hot D3cold
[    0.167995] pci 0000:00:15.4: PME# disabled
[    0.168282] pci 0000:00:15.5: [15ad:07a0] type 1 class 0x000604
[    0.169141] pci 0000:00:15.5: PME# supported from D0 D3hot D3cold
[    0.169165] pci 0000:00:15.5: PME# disabled
[    0.169429] pci 0000:00:15.6: [15ad:07a0] type 1 class 0x000604
[    0.170306] pci 0000:00:15.6: PME# supported from D0 D3hot D3cold
[    0.170334] pci 0000:00:15.6: PME# disabled
[    0.170597] pci 0000:00:15.7: [15ad:07a0] type 1 class 0x000604
[    0.171450] pci 0000:00:15.7: PME# supported from D0 D3hot D3cold
[    0.171475] pci 0000:00:15.7: PME# disabled
[    0.171761] pci 0000:00:16.0: [15ad:07a0] type 1 class 0x000604
[    0.172620] pci 0000:00:16.0: PME# supported from D0 D3hot D3cold
[    0.172648] pci 0000:00:16.0: PME# disabled
[    0.172918] pci 0000:00:16.1: [15ad:07a0] type 1 class 0x000604
[    0.173888] pci 0000:00:16.1: PME# supported from D0 D3hot D3cold
[    0.173919] pci 0000:00:16.1: PME# disabled
[    0.174236] pci 0000:00:16.2: [15ad:07a0] type 1 class 0x000604
[    0.175227] pci 0000:00:16.2: PME# supported from D0 D3hot D3cold
[    0.175258] pci 0000:00:16.2: PME# disabled
[    0.175565] pci 0000:00:16.3: [15ad:07a0] type 1 class 0x000604
[    0.176578] pci 0000:00:16.3: PME# supported from D0 D3hot D3cold
[    0.176609] pci 0000:00:16.3: PME# disabled
[    0.176918] pci 0000:00:16.4: [15ad:07a0] type 1 class 0x000604
[    0.177909] pci 0000:00:16.4: PME# supported from D0 D3hot D3cold
[    0.177940] pci 0000:00:16.4: PME# disabled
[    0.178259] pci 0000:00:16.5: [15ad:07a0] type 1 class 0x000604
[    0.179248] pci 0000:00:16.5: PME# supported from D0 D3hot D3cold
[    0.179279] pci 0000:00:16.5: PME# disabled
[    0.179586] pci 0000:00:16.6: [15ad:07a0] type 1 class 0x000604
[    0.180599] pci 0000:00:16.6: PME# supported from D0 D3hot D3cold
[    0.180631] pci 0000:00:16.6: PME# disabled
[    0.180940] pci 0000:00:16.7: [15ad:07a0] type 1 class 0x000604
[    0.181934] pci 0000:00:16.7: PME# supported from D0 D3hot D3cold
[    0.181966] pci 0000:00:16.7: PME# disabled
[    0.182288] pci 0000:00:17.0: [15ad:07a0] type 1 class 0x000604
[    0.183374] pci 0000:00:17.0: PME# supported from D0 D3hot D3cold
[    0.183400] pci 0000:00:17.0: PME# disabled
[    0.183670] pci 0000:00:17.1: [15ad:07a0] type 1 class 0x000604
[    0.184551] pci 0000:00:17.1: PME# supported from D0 D3hot D3cold
[    0.184578] pci 0000:00:17.1: PME# disabled
[    0.184845] pci 0000:00:17.2: [15ad:07a0] type 1 class 0x000604
[    0.185697] pci 0000:00:17.2: PME# supported from D0 D3hot D3cold
[    0.185721] pci 0000:00:17.2: PME# disabled
[    0.185984] pci 0000:00:17.3: [15ad:07a0] type 1 class 0x000604
[    0.186838] pci 0000:00:17.3: PME# supported from D0 D3hot D3cold
[    0.186862] pci 0000:00:17.3: PME# disabled
[    0.187138] pci 0000:00:17.4: [15ad:07a0] type 1 class 0x000604
[    0.188007] pci 0000:00:17.4: PME# supported from D0 D3hot D3cold
[    0.188048] pci 0000:00:17.4: PME# disabled
[    0.188365] pci 0000:00:17.5: [15ad:07a0] type 1 class 0x000604
[    0.189361] pci 0000:00:17.5: PME# supported from D0 D3hot D3cold
[    0.189392] pci 0000:00:17.5: PME# disabled
[    0.189701] pci 0000:00:17.6: [15ad:07a0] type 1 class 0x000604
[    0.190683] pci 0000:00:17.6: PME# supported from D0 D3hot D3cold
[    0.190715] pci 0000:00:17.6: PME# disabled
[    0.191038] pci 0000:00:17.7: [15ad:07a0] type 1 class 0x000604
[    0.191914] pci 0000:00:17.7: PME# supported from D0 D3hot D3cold
[    0.191939] pci 0000:00:17.7: PME# disabled
[    0.192210] pci 0000:00:18.0: [15ad:07a0] type 1 class 0x000604
[    0.193078] pci 0000:00:18.0: PME# supported from D0 D3hot D3cold
[    0.193105] pci 0000:00:18.0: PME# disabled
[    0.193373] pci 0000:00:18.1: [15ad:07a0] type 1 class 0x000604
[    0.194306] pci 0000:00:18.1: PME# supported from D0 D3hot D3cold
[    0.194340] pci 0000:00:18.1: PME# disabled
[    0.194613] pci 0000:00:18.2: [15ad:07a0] type 1 class 0x000604
[    0.195466] pci 0000:00:18.2: PME# supported from D0 D3hot D3cold
[    0.195493] pci 0000:00:18.2: PME# disabled
[    0.195784] pci 0000:00:18.3: [15ad:07a0] type 1 class 0x000604
[    0.196643] pci 0000:00:18.3: PME# supported from D0 D3hot D3cold
[    0.196667] pci 0000:00:18.3: PME# disabled
[    0.196929] pci 0000:00:18.4: [15ad:07a0] type 1 class 0x000604
[    0.197793] pci 0000:00:18.4: PME# supported from D0 D3hot D3cold
[    0.197817] pci 0000:00:18.4: PME# disabled
[    0.198103] pci 0000:00:18.5: [15ad:07a0] type 1 class 0x000604
[    0.198950] pci 0000:00:18.5: PME# supported from D0 D3hot D3cold
[    0.198977] pci 0000:00:18.5: PME# disabled
[    0.199315] pci 0000:00:18.6: [15ad:07a0] type 1 class 0x000604
[    0.200249] pci 0000:00:18.6: PME# supported from D0 D3hot D3cold
[    0.200277] pci 0000:00:18.6: PME# disabled
[    0.200548] pci 0000:00:18.7: [15ad:07a0] type 1 class 0x000604
[    0.201412] pci 0000:00:18.7: PME# supported from D0 D3hot D3cold
[    0.201442] pci 0000:00:18.7: PME# disabled
[    0.202123] pci 0000:00:01.0: PCI bridge to [bus 01-01]
[    0.202473] pci 0000:02:00.0: [15ad:0774] type 0 class 0x000c03
[    0.204296] pci 0000:02:00.0: reg 20: [io  0x20c0-0x20df]
[    0.205230] pci 0000:02:01.0: [1022:2000] type 0 class 0x000200
[    0.205651] pci 0000:02:01.0: reg 10: [io  0x2000-0x207f]
[    0.207925] pci 0000:02:01.0: reg 30: [mem 0x00000000-0x0000ffff pref]
[    0.208106] pci 0000:02:02.0: [1274:1371] type 0 class 0x000401
[    0.208588] pci 0000:02:02.0: reg 10: [io  0x2080-0x20bf]
[    0.211316] pci 0000:02:03.0: [15ad:0770] type 0 class 0x000c03
[    0.211622] pci 0000:02:03.0: reg 10: [mem 0xc9000000-0xc9000fff]
[    0.213603] pci 0000:00:11.0: PCI bridge to [bus 02-02] (subtractive decode)
[    0.213631] pci 0000:00:11.0:   bridge window [io  0x2000-0x3fff]
[    0.213661] pci 0000:00:11.0:   bridge window [mem 0xc9000000-0xca3fffff]
[    0.213711] pci 0000:00:11.0:   bridge window [mem 0xd8400000-0xd89fffff 64bit pref]
[    0.213713] pci 0000:00:11.0:   bridge window [mem 0x000a0000-0x000bffff] (subtractive decode)
[    0.213715] pci 0000:00:11.0:   bridge window [mem 0x000cc000-0x000cffff] (subtractive decode)
[    0.213717] pci 0000:00:11.0:   bridge window [mem 0x000d0000-0x000d3fff] (subtractive decode)
[    0.213718] pci 0000:00:11.0:   bridge window [mem 0x000d4000-0x000d7fff] (subtractive decode)
[    0.213720] pci 0000:00:11.0:   bridge window [mem 0x000d8000-0x000dbfff] (subtractive decode)
[    0.213722] pci 0000:00:11.0:   bridge window [mem 0xc0000000-0xfebfffff] (subtractive decode)
[    0.213723] pci 0000:00:11.0:   bridge window [io  0x0000-0x0cf7] (subtractive decode)
[    0.213725] pci 0000:00:11.0:   bridge window [io  0x0d00-0xfeff] (subtractive decode)
[    0.214248] pci 0000:00:15.0: PCI bridge to [bus 03-03]
[    0.214275] pci 0000:00:15.0:   bridge window [io  0x4000-0x4fff]
[    0.214303] pci 0000:00:15.0:   bridge window [mem 0xca400000-0xca4fffff]
[    0.214355] pci 0000:00:15.0:   bridge window [mem 0xd8a00000-0xd8afffff 64bit pref]
[    0.214863] pci 0000:00:15.1: PCI bridge to [bus 04-04]
[    0.214889] pci 0000:00:15.1:   bridge window [io  0x8000-0x8fff]
[    0.214917] pci 0000:00:15.1:   bridge window [mem 0xca800000-0xca8fffff]
[    0.214968] pci 0000:00:15.1:   bridge window [mem 0xd8e00000-0xd8efffff 64bit pref]
[    0.215482] pci 0000:00:15.2: PCI bridge to [bus 05-05]
[    0.215505] pci 0000:00:15.2:   bridge window [io  0xc000-0xcfff]
[    0.215532] pci 0000:00:15.2:   bridge window [mem 0xcac00000-0xcacfffff]
[    0.215585] pci 0000:00:15.2:   bridge window [mem 0xd9200000-0xd92fffff 64bit pref]
[    0.216155] pci 0000:00:15.3: PCI bridge to [bus 06-06]
[    0.216210] pci 0000:00:15.3:   bridge window [mem 0xcb000000-0xcb0fffff]
[    0.216266] pci 0000:00:15.3:   bridge window [mem 0xd9600000-0xd96fffff 64bit pref]
[    0.216795] pci 0000:00:15.4: PCI bridge to [bus 07-07]
[    0.216847] pci 0000:00:15.4:   bridge window [mem 0xcb400000-0xcb4fffff]
[    0.216899] pci 0000:00:15.4:   bridge window [mem 0xd9a00000-0xd9afffff 64bit pref]
[    0.217498] pci 0000:00:15.5: PCI bridge to [bus 08-08]
[    0.217560] pci 0000:00:15.5:   bridge window [mem 0xcb800000-0xcb8fffff]
[    0.217614] pci 0000:00:15.5:   bridge window [mem 0xd9e00000-0xd9efffff 64bit pref]
[    0.218181] pci 0000:00:15.6: PCI bridge to [bus 09-09]
[    0.218233] pci 0000:00:15.6:   bridge window [mem 0xcbc00000-0xcbcfffff]
[    0.218284] pci 0000:00:15.6:   bridge window [mem 0xda200000-0xda2fffff 64bit pref]
[    0.218804] pci 0000:00:15.7: PCI bridge to [bus 0a-0a]
[    0.218847] pci 0000:00:15.7:   bridge window [mem 0xcc000000-0xcc0fffff]
[    0.218897] pci 0000:00:15.7:   bridge window [mem 0xda600000-0xda6fffff 64bit pref]
[    0.219425] pci 0000:00:16.0: PCI bridge to [bus 0b-0b]
[    0.219448] pci 0000:00:16.0:   bridge window [io  0x5000-0x5fff]
[    0.219471] pci 0000:00:16.0:   bridge window [mem 0xca500000-0xca5fffff]
[    0.219518] pci 0000:00:16.0:   bridge window [mem 0xd8b00000-0xd8bfffff 64bit pref]
[    0.220062] pci 0000:00:16.1: PCI bridge to [bus 0c-0c]
[    0.220086] pci 0000:00:16.1:   bridge window [io  0x9000-0x9fff]
[    0.220109] pci 0000:00:16.1:   bridge window [mem 0xca900000-0xca9fffff]
[    0.220154] pci 0000:00:16.1:   bridge window [mem 0xd8f00000-0xd8ffffff 64bit pref]
[    0.220676] pci 0000:00:16.2: PCI bridge to [bus 0d-0d]
[    0.220704] pci 0000:00:16.2:   bridge window [io  0xd000-0xdfff]
[    0.220728] pci 0000:00:16.2:   bridge window [mem 0xcad00000-0xcadfffff]
[    0.220771] pci 0000:00:16.2:   bridge window [mem 0xd9300000-0xd93fffff 64bit pref]
[    0.221318] pci 0000:00:16.3: PCI bridge to [bus 0e-0e]
[    0.221368] pci 0000:00:16.3:   bridge window [mem 0xcb100000-0xcb1fffff]
[    0.221412] pci 0000:00:16.3:   bridge window [mem 0xd9700000-0xd97fffff 64bit pref]
[    0.221930] pci 0000:00:16.4: PCI bridge to [bus 0f-0f]
[    0.221984] pci 0000:00:16.4:   bridge window [mem 0xcb500000-0xcb5fffff]
[    0.222029] pci 0000:00:16.4:   bridge window [mem 0xd9b00000-0xd9bfffff 64bit pref]
[    0.222545] pci 0000:00:16.5: PCI bridge to [bus 10-10]
[    0.222595] pci 0000:00:16.5:   bridge window [mem 0xcb900000-0xcb9fffff]
[    0.222646] pci 0000:00:16.5:   bridge window [mem 0xd9f00000-0xd9ffffff 64bit pref]
[    0.223167] pci 0000:00:16.6: PCI bridge to [bus 11-11]
[    0.223219] pci 0000:00:16.6:   bridge window [mem 0xcbd00000-0xcbdfffff]
[    0.223263] pci 0000:00:16.6:   bridge window [mem 0xda300000-0xda3fffff 64bit pref]
[    0.223789] pci 0000:00:16.7: PCI bridge to [bus 12-12]
[    0.223837] pci 0000:00:16.7:   bridge window [mem 0xcc100000-0xcc1fffff]
[    0.223888] pci 0000:00:16.7:   bridge window [mem 0xda700000-0xda7fffff 64bit pref]
[    0.224394] pci 0000:00:17.0: PCI bridge to [bus 13-13]
[    0.224424] pci 0000:00:17.0:   bridge window [io  0x6000-0x6fff]
[    0.224447] pci 0000:00:17.0:   bridge window [mem 0xca600000-0xca6fffff]
[    0.224491] pci 0000:00:17.0:   bridge window [mem 0xd8c00000-0xd8cfffff 64bit pref]
[    0.225003] pci 0000:00:17.1: PCI bridge to [bus 14-14]
[    0.225029] pci 0000:00:17.1:   bridge window [io  0xa000-0xafff]
[    0.225056] pci 0000:00:17.1:   bridge window [mem 0xcaa00000-0xcaafffff]
[    0.225108] pci 0000:00:17.1:   bridge window [mem 0xd9000000-0xd90fffff 64bit pref]
[    0.225622] pci 0000:00:17.2: PCI bridge to [bus 15-15]
[    0.225645] pci 0000:00:17.2:   bridge window [io  0xe000-0xefff]
[    0.225672] pci 0000:00:17.2:   bridge window [mem 0xcae00000-0xcaefffff]
[    0.225726] pci 0000:00:17.2:   bridge window [mem 0xd9400000-0xd94fffff 64bit pref]
[    0.226248] pci 0000:00:17.3: PCI bridge to [bus 16-16]
[    0.226293] pci 0000:00:17.3:   bridge window [mem 0xcb200000-0xcb2fffff]
[    0.226343] pci 0000:00:17.3:   bridge window [mem 0xd9800000-0xd98fffff 64bit pref]
[    0.226866] pci 0000:00:17.4: PCI bridge to [bus 17-17]
[    0.226910] pci 0000:00:17.4:   bridge window [mem 0xcb600000-0xcb6fffff]
[    0.226957] pci 0000:00:17.4:   bridge window [mem 0xd9c00000-0xd9cfffff 64bit pref]
[    0.227488] pci 0000:00:17.5: PCI bridge to [bus 18-18]
[    0.227532] pci 0000:00:17.5:   bridge window [mem 0xcba00000-0xcbafffff]
[    0.227578] pci 0000:00:17.5:   bridge window [mem 0xda000000-0xda0fffff 64bit pref]
[    0.228134] pci 0000:00:17.6: PCI bridge to [bus 19-19]
[    0.228180] pci 0000:00:17.6:   bridge window [mem 0xcbe00000-0xcbefffff]
[    0.228224] pci 0000:00:17.6:   bridge window [mem 0xda400000-0xda4fffff 64bit pref]
[    0.228744] pci 0000:00:17.7: PCI bridge to [bus 1a-1a]
[    0.228795] pci 0000:00:17.7:   bridge window [mem 0xcc200000-0xcc2fffff]
[    0.228838] pci 0000:00:17.7:   bridge window [mem 0xda800000-0xda8fffff 64bit pref]
[    0.229355] pci 0000:00:18.0: PCI bridge to [bus 1b-1b]
[    0.229385] pci 0000:00:18.0:   bridge window [io  0x7000-0x7fff]
[    0.229411] pci 0000:00:18.0:   bridge window [mem 0xca700000-0xca7fffff]
[    0.229459] pci 0000:00:18.0:   bridge window [mem 0xd8d00000-0xd8dfffff 64bit pref]
[    0.229970] pci 0000:00:18.1: PCI bridge to [bus 1c-1c]
[    0.229993] pci 0000:00:18.1:   bridge window [io  0xb000-0xbfff]
[    0.230016] pci 0000:00:18.1:   bridge window [mem 0xcab00000-0xcabfffff]
[    0.230060] pci 0000:00:18.1:   bridge window [mem 0xd9100000-0xd91fffff 64bit pref]
[    0.230525] pci 0000:00:18.2: PCI bridge to [bus 1d-1d]
[    0.230547] pci 0000:00:18.2:   bridge window [io  0xf000-0xffff]
[    0.230570] pci 0000:00:18.2:   bridge window [mem 0xcaf00000-0xcaffffff]
[    0.230614] pci 0000:00:18.2:   bridge window [mem 0xd9500000-0xd95fffff 64bit pref]
[    0.231084] pci 0000:00:18.3: PCI bridge to [bus 1e-1e]
[    0.231128] pci 0000:00:18.3:   bridge window [mem 0xcb300000-0xcb3fffff]
[    0.231172] pci 0000:00:18.3:   bridge window [mem 0xd9900000-0xd99fffff 64bit pref]
[    0.231650] pci 0000:00:18.4: PCI bridge to [bus 1f-1f]
[    0.231694] pci 0000:00:18.4:   bridge window [mem 0xcb700000-0xcb7fffff]
[    0.231737] pci 0000:00:18.4:   bridge window [mem 0xd9d00000-0xd9dfffff 64bit pref]
[    0.232218] pci 0000:00:18.5: PCI bridge to [bus 20-20]
[    0.232262] pci 0000:00:18.5:   bridge window [mem 0xcbb00000-0xcbbfffff]
[    0.232306] pci 0000:00:18.5:   bridge window [mem 0xda100000-0xda1fffff 64bit pref]
[    0.232770] pci 0000:00:18.6: PCI bridge to [bus 21-21]
[    0.232813] pci 0000:00:18.6:   bridge window [mem 0xcbf00000-0xcbffffff]
[    0.232856] pci 0000:00:18.6:   bridge window [mem 0xda500000-0xda5fffff 64bit pref]
[    0.233331] pci 0000:00:18.7: PCI bridge to [bus 22-22]
[    0.233374] pci 0000:00:18.7:   bridge window [mem 0xcc300000-0xcc3fffff]
[    0.233418] pci 0000:00:18.7:   bridge window [mem 0xda900000-0xda9fffff 64bit pref]
[    0.235151] pci_bus 0000:00: on NUMA node 0
[    0.235157] ACPI: PCI Interrupt Routing Table [\_SB_.PCI0._PRT]
[    0.235768]  pci0000:00: Requesting ACPI _OSC control (0x1d)
[    0.235984]  pci0000:00: ACPI _OSC control (0x15) granted
[    0.311799] ACPI: PCI Interrupt Link [LNKA] (IRQs 3 4 5 6 7 *9 10 11 14 15)
[    0.311891] ACPI: PCI Interrupt Link [LNKB] (IRQs 3 4 5 6 7 9 10 *11 14 15)
[    0.311973] ACPI: PCI Interrupt Link [LNKC] (IRQs 3 4 5 6 7 9 *10 11 14 15)
[    0.312053] ACPI: PCI Interrupt Link [LNKD] (IRQs 3 4 *5 6 7 9 10 11 14 15)
[    0.312206] vgaarb: device added: PCI:0000:00:0f.0,decodes=io+mem,owns=io+mem,locks=none
[    0.312216] vgaarb: loaded
[    0.312217] vgaarb: bridge control possible 0000:00:0f.0
[    0.312307] i2c-core: driver [aat2870] using legacy suspend method
[    0.312309] i2c-core: driver [aat2870] using legacy resume method
[    0.312384] SCSI subsystem initialized
[    0.312433] libata version 3.00 loaded.
[    0.312472] usbcore: registered new interface driver usbfs
[    0.312483] usbcore: registered new interface driver hub
[    0.312507] usbcore: registered new device driver usb
[    0.312577] PCI: Using ACPI for IRQ routing
[    0.397648] PCI: pci_cache_line_size set to 64 bytes
[    0.397675] pci 0000:00:18.2: no compatible bridge window for [io  0xf000-0xffff]
[    0.399046] reserve RAM buffer: 000000000009f000 - 000000000009ffff 
[    0.399050] reserve RAM buffer: 000000003fee0000 - 000000003fffffff 
[    0.399191] NetLabel: Initializing
[    0.399193] NetLabel:  domain hash size = 128
[    0.399194] NetLabel:  protocols = UNLABELED CIPSOv4
[    0.399205] NetLabel:  unlabeled traffic allowed by default
[    0.399414] hpet0: at MMIO 0xfed00000, IRQs 2, 8, 0, 0, 0, 0, 0, 0, 0, 0, 0, 0, 0, 0, 0, 0
[    0.399424] hpet0: 16 comparators, 64-bit 14.318180 MHz counter
[    0.403598] Switching to clocksource hpet
[    0.411241] AppArmor: AppArmor Filesystem Enabled
[    0.411266] pnp: PnP ACPI init
[    0.411288] ACPI: bus type pnp registered
[    0.412125] pnp 00:00: [bus 00-ff]
[    0.412128] pnp 00:00: [mem 0x000a0000-0x000bffff window]
[    0.412131] pnp 00:00: [mem 0x000c0000-0x000c3fff window]
[    0.412133] pnp 00:00: [mem 0x000c4000-0x000c7fff window]
[    0.412135] pnp 00:00: [mem 0x000c8000-0x000cbfff window]
[    0.412138] pnp 00:00: [mem 0x000cc000-0x000cffff window]
[    0.412140] pnp 00:00: [mem 0x000d0000-0x000d3fff window]
[    0.412143] pnp 00:00: [mem 0x000d4000-0x000d7fff window]
[    0.412145] pnp 00:00: [mem 0x000d8000-0x000dbfff window]
[    0.412147] pnp 00:00: [mem 0x000dc000-0x000dffff window]
[    0.412150] pnp 00:00: [mem 0x000e0000-0x000e3fff window]
[    0.412152] pnp 00:00: [mem 0x000e4000-0x000e7fff window]
[    0.412154] pnp 00:00: [mem 0x000e8000-0x000ebfff window]
[    0.412157] pnp 00:00: [mem 0x000ec000-0x000effff window]
[    0.412159] pnp 00:00: [mem 0xc0000000-0xfebfffff window]
[    0.412162] pnp 00:00: [io  0x0cf8-0x0cff]
[    0.412164] pnp 00:00: [io  0x0000-0x0cf7 window]
[    0.412166] pnp 00:00: [io  0x0d00-0xfeff window]
[    0.412218] pnp 00:00: Plug and Play ACPI device, IDs PNP0a03 PNP0a08 (active)
[    0.412299] pnp 00:01: [io  0x0010-0x001f]
[    0.412301] pnp 00:01: [io  0x0024-0x0025]
[    0.412303] pnp 00:01: [io  0x0028-0x0029]
[    0.412305] pnp 00:01: [io  0x002c-0x002d]
[    0.412306] pnp 00:01: [io  0x002e-0x002f]
[    0.412308] pnp 00:01: [io  0x0030-0x0031]
[    0.412310] pnp 00:01: [io  0x0034-0x0035]
[    0.412312] pnp 00:01: [io  0x0038-0x0039]
[    0.412314] pnp 00:01: [io  0x003c-0x003d]
[    0.412316] pnp 00:01: [io  0x0050-0x0053]
[    0.412318] pnp 00:01: [io  0x0072-0x0077]
[    0.412320] pnp 00:01: [io  0x0080]
[    0.412322] pnp 00:01: [io  0x0090-0x009f]
[    0.412324] pnp 00:01: [io  0x00a4-0x00a5]
[    0.412326] pnp 00:01: [io  0x00a8-0x00a9]
[    0.412328] pnp 00:01: [io  0x00ac-0x00ad]
[    0.412330] pnp 00:01: [io  0x00b0-0x00b5]
[    0.412332] pnp 00:01: [io  0x00b8-0x00b9]
[    0.412334] pnp 00:01: [io  0x00bc-0x00bd]
[    0.412336] pnp 00:01: [io  0x1000-0x103f]
[    0.412338] pnp 00:01: [io  0x1040-0x104f]
[    0.412340] pnp 00:01: [io  0x0cf0-0x0cf1]
[    0.412417] system 00:01: [io  0x1000-0x103f] has been reserved
[    0.412423] system 00:01: [io  0x1040-0x104f] has been reserved
[    0.412426] system 00:01: [io  0x0cf0-0x0cf1] has been reserved
[    0.412430] system 00:01: Plug and Play ACPI device, IDs PNP0c02 (active)
[    0.412439] pnp 00:02: [io  0x0000-0x000f]
[    0.412441] pnp 00:02: [io  0x0081-0x008f]
[    0.412443] pnp 00:02: [io  0x00c0-0x00df]
[    0.412445] pnp 00:02: [dma 4]
[    0.412469] pnp 00:02: Plug and Play ACPI device, IDs PNP0200 (active)
[    0.412478] pnp 00:03: [io  0x0020-0x0021]
[    0.412480] pnp 00:03: [io  0x00a0-0x00a1]
[    0.412482] pnp 00:03: [io  0x04d0-0x04d1]
[    0.412484] pnp 00:03: [irq 2 disabled]
[    0.412507] pnp 00:03: Plug and Play ACPI device, IDs PNP0001 (active)
[    0.412517] pnp 00:04: [io  0x0070-0x0071]
[    0.412520] pnp 00:04: [irq 8]
[    0.412540] pnp 00:04: Plug and Play ACPI device, IDs PNP0b00 (active)
[    0.412548] pnp 00:05: [io  0x0061]
[    0.412568] pnp 00:05: Plug and Play ACPI device, IDs PNP0800 (active)
[    0.412576] pnp 00:06: [io  0x0060]
[    0.412578] pnp 00:06: [io  0x0064]
[    0.412580] pnp 00:06: [irq 1]
[    0.412603] pnp 00:06: Plug and Play ACPI device, IDs PNP0303 (active)
[    0.412611] pnp 00:07: [irq 12]
[    0.412632] pnp 00:07: Plug and Play ACPI device, IDs PNP0f13 (active)
[    0.412845] pnp 00:08: [mem 0xfed00000-0xfed003ff]
[    0.412893] system 00:08: [mem 0xfed00000-0xfed003ff] has been reserved
[    0.412896] system 00:08: Plug and Play ACPI device, IDs PNP0103 PNP0c01 (active)
[    0.418516] pnp 00:09: [io  0x0378-0x037f]
[    0.418520] pnp 00:09: [irq 7]
[    0.420178] pnp 00:09: Plug and Play ACPI device, IDs PNP0400 (active)
[    0.425889] pnp 00:0a: [io  0x03f8-0x03ff]
[    0.425893] pnp 00:0a: [irq 4]
[    0.427457] pnp 00:0a: Plug and Play ACPI device, IDs PNP0501 (active)
[    0.432166] pnp 00:0b: [io  0x02f8-0x02ff]
[    0.432170] pnp 00:0b: [irq 3]
[    0.433764] pnp 00:0b: Plug and Play ACPI device, IDs PNP0501 (active)
[    0.440632] pnp 00:0c: [io  0x03f0-0x03f5]
[    0.440635] pnp 00:0c: [io  0x03f7]
[    0.440637] pnp 00:0c: [irq 6]
[    0.440639] pnp 00:0c: [dma 2]
[    0.442012] pnp 00:0c: Plug and Play ACPI device, IDs PNP0700 (active)
[    0.442227] pnp 00:0d: [mem 0xe0000000-0xefffffff]
[    0.442230] pnp 00:0d: [io  0x1060-0x107f]
[    0.442232] pnp 00:0d: [mem 0xc8200000-0xc83fffff]
[    0.442294] system 00:0d: [io  0x1060-0x107f] has been reserved
[    0.442298] system 00:0d: [mem 0xe0000000-0xefffffff] has been reserved
[    0.442301] system 00:0d: [mem 0xc8200000-0xc83fffff] has been reserved
[    0.442304] system 00:0d: Plug and Play ACPI device, IDs PNP0c02 (active)
[    0.448440] pnp: PnP ACPI: found 14 devices
[    0.448443] ACPI: ACPI bus type pnp unregistered
[    0.448446] PnPBIOS: Disabled by ACPI PNP
[    0.484725] PCI: max bus depth: 1 pci_try_num: 2
[    0.486211] pci 0000:00:0f.0: BAR 6: assigned [mem 0xc0000000-0xc0007fff pref]
[    0.486215] pci 0000:00:10.0: BAR 6: assigned [mem 0xc0008000-0xc000bfff pref]
[    0.486220] pci 0000:00:18.7: BAR 13: can't assign io (size 0x1000)
[    0.486223] pci 0000:00:18.6: BAR 13: can't assign io (size 0x1000)
[    0.486226] pci 0000:00:18.5: BAR 13: can't assign io (size 0x1000)
[    0.486229] pci 0000:00:18.4: BAR 13: can't assign io (size 0x1000)
[    0.486232] pci 0000:00:18.3: BAR 13: can't assign io (size 0x1000)
[    0.486235] pci 0000:00:18.2: BAR 13: can't assign io (size 0x1000)
[    0.486238] pci 0000:00:17.7: BAR 13: can't assign io (size 0x1000)
[    0.486241] pci 0000:00:17.6: BAR 13: can't assign io (size 0x1000)
[    0.486244] pci 0000:00:17.5: BAR 13: can't assign io (size 0x1000)
[    0.486247] pci 0000:00:17.4: BAR 13: can't assign io (size 0x1000)
[    0.486250] pci 0000:00:17.3: BAR 13: can't assign io (size 0x1000)
[    0.486253] pci 0000:00:16.7: BAR 13: can't assign io (size 0x1000)
[    0.486256] pci 0000:00:16.6: BAR 13: can't assign io (size 0x1000)
[    0.486259] pci 0000:00:16.5: BAR 13: can't assign io (size 0x1000)
[    0.486262] pci 0000:00:16.4: BAR 13: can't assign io (size 0x1000)
[    0.486265] pci 0000:00:16.3: BAR 13: can't assign io (size 0x1000)
[    0.486268] pci 0000:00:15.7: BAR 13: can't assign io (size 0x1000)
[    0.486271] pci 0000:00:15.6: BAR 13: can't assign io (size 0x1000)
[    0.486274] pci 0000:00:15.5: BAR 13: can't assign io (size 0x1000)
[    0.486277] pci 0000:00:15.4: BAR 13: can't assign io (size 0x1000)
[    0.486280] pci 0000:00:15.3: BAR 13: can't assign io (size 0x1000)
[    0.486283] pci 0000:00:01.0: PCI bridge to [bus 01-01]
[    0.486383] pci 0000:02:01.0: BAR 6: assigned [mem 0xd8400000-0xd840ffff pref]
[    0.486385] pci 0000:00:11.0: PCI bridge to [bus 02-02]
[    0.486399] pci 0000:00:11.0:   bridge window [io  0x2000-0x3fff]
[    0.486434] pci 0000:00:11.0:   bridge window [mem 0xc9000000-0xca3fffff]
[    0.486458] pci 0000:00:11.0:   bridge window [mem 0xd8400000-0xd89fffff 64bit pref]
[    0.486502] pci 0000:00:15.0: PCI bridge to [bus 03-03]
[    0.486516] pci 0000:00:15.0:   bridge window [io  0x4000-0x4fff]
[    0.486550] pci 0000:00:15.0:   bridge window [mem 0xca400000-0xca4fffff]
[    0.486574] pci 0000:00:15.0:   bridge window [mem 0xd8a00000-0xd8afffff 64bit pref]
[    0.486631] pci 0000:00:15.1: PCI bridge to [bus 04-04]
[    0.486645] pci 0000:00:15.1:   bridge window [io  0x8000-0x8fff]
[    0.486680] pci 0000:00:15.1:   bridge window [mem 0xca800000-0xca8fffff]
[    0.486704] pci 0000:00:15.1:   bridge window [mem 0xd8e00000-0xd8efffff 64bit pref]
[    0.486752] pci 0000:00:15.2: PCI bridge to [bus 05-05]
[    0.486766] pci 0000:00:15.2:   bridge window [io  0xc000-0xcfff]
[    0.486809] pci 0000:00:15.2:   bridge window [mem 0xcac00000-0xcacfffff]
[    0.486833] pci 0000:00:15.2:   bridge window [mem 0xd9200000-0xd92fffff 64bit pref]
[    0.486882] pci 0000:00:15.3: PCI bridge to [bus 06-06]
[    0.486916] pci 0000:00:15.3:   bridge window [mem 0xcb000000-0xcb0fffff]
[    0.486940] pci 0000:00:15.3:   bridge window [mem 0xd9600000-0xd96fffff 64bit pref]
[    0.486989] pci 0000:00:15.4: PCI bridge to [bus 07-07]
[    0.487023] pci 0000:00:15.4:   bridge window [mem 0xcb400000-0xcb4fffff]
[    0.487047] pci 0000:00:15.4:   bridge window [mem 0xd9a00000-0xd9afffff 64bit pref]
[    0.487096] pci 0000:00:15.5: PCI bridge to [bus 08-08]
[    0.487130] pci 0000:00:15.5:   bridge window [mem 0xcb800000-0xcb8fffff]
[    0.487154] pci 0000:00:15.5:   bridge window [mem 0xd9e00000-0xd9efffff 64bit pref]
[    0.487203] pci 0000:00:15.6: PCI bridge to [bus 09-09]
[    0.487237] pci 0000:00:15.6:   bridge window [mem 0xcbc00000-0xcbcfffff]
[    0.487260] pci 0000:00:15.6:   bridge window [mem 0xda200000-0xda2fffff 64bit pref]
[    0.487309] pci 0000:00:15.7: PCI bridge to [bus 0a-0a]
[    0.487344] pci 0000:00:15.7:   bridge window [mem 0xcc000000-0xcc0fffff]
[    0.487367] pci 0000:00:15.7:   bridge window [mem 0xda600000-0xda6fffff 64bit pref]
[    0.487416] pci 0000:00:16.0: PCI bridge to [bus 0b-0b]
[    0.487430] pci 0000:00:16.0:   bridge window [io  0x5000-0x5fff]
[    0.487434] pci 0000:00:16.0:   bridge window [mem 0xca500000-0xca5fffff]
[    0.487497] pci 0000:00:16.0:   bridge window [mem 0xd8b00000-0xd8bfffff 64bit pref]
[    0.487547] pci 0000:00:16.1: PCI bridge to [bus 0c-0c]
[    0.487561] pci 0000:00:16.1:   bridge window [io  0x9000-0x9fff]
[    0.487595] pci 0000:00:16.1:   bridge window [mem 0xca900000-0xca9fffff]
[    0.487619] pci 0000:00:16.1:   bridge window [mem 0xd8f00000-0xd8ffffff 64bit pref]
[    0.487668] pci 0000:00:16.2: PCI bridge to [bus 0d-0d]
[    0.487682] pci 0000:00:16.2:   bridge window [io  0xd000-0xdfff]
[    0.487716] pci 0000:00:16.2:   bridge window [mem 0xcad00000-0xcadfffff]
[    0.487740] pci 0000:00:16.2:   bridge window [mem 0xd9300000-0xd93fffff 64bit pref]
[    0.487798] pci 0000:00:16.3: PCI bridge to [bus 0e-0e]
[    0.487833] pci 0000:00:16.3:   bridge window [mem 0xcb100000-0xcb1fffff]
[    0.487857] pci 0000:00:16.3:   bridge window [mem 0xd9700000-0xd97fffff 64bit pref]
[    0.487905] pci 0000:00:16.4: PCI bridge to [bus 0f-0f]
[    0.487939] pci 0000:00:16.4:   bridge window [mem 0xcb500000-0xcb5fffff]
[    0.487963] pci 0000:00:16.4:   bridge window [mem 0xd9b00000-0xd9bfffff 64bit pref]
[    0.488012] pci 0000:00:16.5: PCI bridge to [bus 10-10]
[    0.488046] pci 0000:00:16.5:   bridge window [mem 0xcb900000-0xcb9fffff]
[    0.488070] pci 0000:00:16.5:   bridge window [mem 0xd9f00000-0xd9ffffff 64bit pref]
[    0.488119] pci 0000:00:16.6: PCI bridge to [bus 11-11]
[    0.488153] pci 0000:00:16.6:   bridge window [mem 0xcbd00000-0xcbdfffff]
[    0.488176] pci 0000:00:16.6:   bridge window [mem 0xda300000-0xda3fffff 64bit pref]
[    0.488225] pci 0000:00:16.7: PCI bridge to [bus 12-12]
[    0.488260] pci 0000:00:16.7:   bridge window [mem 0xcc100000-0xcc1fffff]
[    0.488283] pci 0000:00:16.7:   bridge window [mem 0xda700000-0xda7fffff 64bit pref]
[    0.488332] pci 0000:00:17.0: PCI bridge to [bus 13-13]
[    0.488346] pci 0000:00:17.0:   bridge window [io  0x6000-0x6fff]
[    0.488380] pci 0000:00:17.0:   bridge window [mem 0xca600000-0xca6fffff]
[    0.488404] pci 0000:00:17.0:   bridge window [mem 0xd8c00000-0xd8cfffff 64bit pref]
[    0.488453] pci 0000:00:17.1: PCI bridge to [bus 14-14]
[    0.488467] pci 0000:00:17.1:   bridge window [io  0xa000-0xafff]
[    0.488501] pci 0000:00:17.1:   bridge window [mem 0xcaa00000-0xcaafffff]
[    0.488524] pci 0000:00:17.1:   bridge window [mem 0xd9000000-0xd90fffff 64bit pref]
[    0.488573] pci 0000:00:17.2: PCI bridge to [bus 15-15]
[    0.488587] pci 0000:00:17.2:   bridge window [io  0xe000-0xefff]
[    0.488621] pci 0000:00:17.2:   bridge window [mem 0xcae00000-0xcaefffff]
[    0.488645] pci 0000:00:17.2:   bridge window [mem 0xd9400000-0xd94fffff 64bit pref]
[    0.488693] pci 0000:00:17.3: PCI bridge to [bus 16-16]
[    0.488728] pci 0000:00:17.3:   bridge window [mem 0xcb200000-0xcb2fffff]
[    0.488752] pci 0000:00:17.3:   bridge window [mem 0xd9800000-0xd98fffff 64bit pref]
[    0.488816] pci 0000:00:17.4: PCI bridge to [bus 17-17]
[    0.488850] pci 0000:00:17.4:   bridge window [mem 0xcb600000-0xcb6fffff]
[    0.488874] pci 0000:00:17.4:   bridge window [mem 0xd9c00000-0xd9cfffff 64bit pref]
[    0.488923] pci 0000:00:17.5: PCI bridge to [bus 18-18]
[    0.488957] pci 0000:00:17.5:   bridge window [mem 0xcba00000-0xcbafffff]
[    0.488981] pci 0000:00:17.5:   bridge window [mem 0xda000000-0xda0fffff 64bit pref]
[    0.489029] pci 0000:00:17.6: PCI bridge to [bus 19-19]
[    0.489064] pci 0000:00:17.6:   bridge window [mem 0xcbe00000-0xcbefffff]
[    0.489088] pci 0000:00:17.6:   bridge window [mem 0xda400000-0xda4fffff 64bit pref]
[    0.489137] pci 0000:00:17.7: PCI bridge to [bus 1a-1a]
[    0.489170] pci 0000:00:17.7:   bridge window [mem 0xcc200000-0xcc2fffff]
[    0.489194] pci 0000:00:17.7:   bridge window [mem 0xda800000-0xda8fffff 64bit pref]
[    0.489243] pci 0000:00:18.0: PCI bridge to [bus 1b-1b]
[    0.489257] pci 0000:00:18.0:   bridge window [io  0x7000-0x7fff]
[    0.489292] pci 0000:00:18.0:   bridge window [mem 0xca700000-0xca7fffff]
[    0.489315] pci 0000:00:18.0:   bridge window [mem 0xd8d00000-0xd8dfffff 64bit pref]
[    0.489365] pci 0000:00:18.1: PCI bridge to [bus 1c-1c]
[    0.489379] pci 0000:00:18.1:   bridge window [io  0xb000-0xbfff]
[    0.489413] pci 0000:00:18.1:   bridge window [mem 0xcab00000-0xcabfffff]
[    0.489437] pci 0000:00:18.1:   bridge window [mem 0xd9100000-0xd91fffff 64bit pref]
[    0.489485] pci 0000:00:18.2: PCI bridge to [bus 1d-1d]
[    0.489520] pci 0000:00:18.2:   bridge window [mem 0xcaf00000-0xcaffffff]
[    0.489544] pci 0000:00:18.2:   bridge window [mem 0xd9500000-0xd95fffff 64bit pref]
[    0.489592] pci 0000:00:18.3: PCI bridge to [bus 1e-1e]
[    0.489626] pci 0000:00:18.3:   bridge window [mem 0xcb300000-0xcb3fffff]
[    0.489650] pci 0000:00:18.3:   bridge window [mem 0xd9900000-0xd99fffff 64bit pref]
[    0.489699] pci 0000:00:18.4: PCI bridge to [bus 1f-1f]
[    0.489733] pci 0000:00:18.4:   bridge window [mem 0xcb700000-0xcb7fffff]
[    0.489757] pci 0000:00:18.4:   bridge window [mem 0xd9d00000-0xd9dfffff 64bit pref]
[    0.489820] pci 0000:00:18.5: PCI bridge to [bus 20-20]
[    0.489854] pci 0000:00:18.5:   bridge window [mem 0xcbb00000-0xcbbfffff]
[    0.489878] pci 0000:00:18.5:   bridge window [mem 0xda100000-0xda1fffff 64bit pref]
[    0.489927] pci 0000:00:18.6: PCI bridge to [bus 21-21]
[    0.489961] pci 0000:00:18.6:   bridge window [mem 0xcbf00000-0xcbffffff]
[    0.489985] pci 0000:00:18.6:   bridge window [mem 0xda500000-0xda5fffff 64bit pref]
[    0.490033] pci 0000:00:18.7: PCI bridge to [bus 22-22]
[    0.490068] pci 0000:00:18.7:   bridge window [mem 0xcc300000-0xcc3fffff]
[    0.490091] pci 0000:00:18.7:   bridge window [mem 0xda900000-0xda9fffff 64bit pref]
[    0.490177] pci 0000:00:01.0: setting latency timer to 64
[    0.490267] pci 0000:00:15.0: setting latency timer to 64
[    0.490324] pci 0000:00:15.1: setting latency timer to 64
[    0.490380] pci 0000:00:15.2: setting latency timer to 64
[    0.490437] pci 0000:00:15.3: setting latency timer to 64
[    0.490492] pci 0000:00:15.4: setting latency timer to 64
[    0.490549] pci 0000:00:15.5: setting latency timer to 64
[    0.490605] pci 0000:00:15.6: setting latency timer to 64
[    0.490661] pci 0000:00:15.7: setting latency timer to 64
[    0.490717] pci 0000:00:16.0: setting latency timer to 64
[    0.490785] pci 0000:00:16.1: setting latency timer to 64
[    0.490844] pci 0000:00:16.2: setting latency timer to 64
[    0.490900] pci 0000:00:16.3: setting latency timer to 64
[    0.490957] pci 0000:00:16.4: setting latency timer to 64
[    0.491013] pci 0000:00:16.5: setting latency timer to 64
[    0.491069] pci 0000:00:16.6: setting latency timer to 64
[    0.491125] pci 0000:00:16.7: setting latency timer to 64
[    0.491182] pci 0000:00:17.0: setting latency timer to 64
[    0.491238] pci 0000:00:17.1: setting latency timer to 64
[    0.491294] pci 0000:00:17.2: setting latency timer to 64
[    0.491351] pci 0000:00:17.3: setting latency timer to 64
[    0.491407] pci 0000:00:17.4: setting latency timer to 64
[    0.491479] pci 0000:00:17.5: setting latency timer to 64
[    0.491536] pci 0000:00:17.6: setting latency timer to 64
[    0.491593] pci 0000:00:17.7: setting latency timer to 64
[    0.491649] pci 0000:00:18.0: setting latency timer to 64
[    0.491705] pci 0000:00:18.1: setting latency timer to 64
[    0.491762] pci 0000:00:18.2: setting latency timer to 64
[    0.491828] pci 0000:00:18.3: setting latency timer to 64
[    0.491884] pci 0000:00:18.4: setting latency timer to 64
[    0.491940] pci 0000:00:18.5: setting latency timer to 64
[    0.491997] pci 0000:00:18.6: setting latency timer to 64
[    0.492053] pci 0000:00:18.7: setting latency timer to 64
[    0.492067] pci_bus 0000:00: resource 4 [mem 0x000a0000-0x000bffff]
[    0.492069] pci_bus 0000:00: resource 5 [mem 0x000cc000-0x000cffff]
[    0.492071] pci_bus 0000:00: resource 6 [mem 0x000d0000-0x000d3fff]
[    0.492073] pci_bus 0000:00: resource 7 [mem 0x000d4000-0x000d7fff]
[    0.492075] pci_bus 0000:00: resource 8 [mem 0x000d8000-0x000dbfff]
[    0.492077] pci_bus 0000:00: resource 9 [mem 0xc0000000-0xfebfffff]
[    0.492080] pci_bus 0000:00: resource 10 [io  0x0000-0x0cf7]
[    0.492082] pci_bus 0000:00: resource 11 [io  0x0d00-0xfeff]
[    0.492084] pci_bus 0000:02: resource 0 [io  0x2000-0x3fff]
[    0.492086] pci_bus 0000:02: resource 1 [mem 0xc9000000-0xca3fffff]
[    0.492088] pci_bus 0000:02: resource 2 [mem 0xd8400000-0xd89fffff 64bit pref]
[    0.492090] pci_bus 0000:02: resource 4 [mem 0x000a0000-0x000bffff]
[    0.492092] pci_bus 0000:02: resource 5 [mem 0x000cc000-0x000cffff]
[    0.492095] pci_bus 0000:02: resource 6 [mem 0x000d0000-0x000d3fff]
[    0.492097] pci_bus 0000:02: resource 7 [mem 0x000d4000-0x000d7fff]
[    0.492099] pci_bus 0000:02: resource 8 [mem 0x000d8000-0x000dbfff]
[    0.492101] pci_bus 0000:02: resource 9 [mem 0xc0000000-0xfebfffff]
[    0.492103] pci_bus 0000:02: resource 10 [io  0x0000-0x0cf7]
[    0.492105] pci_bus 0000:02: resource 11 [io  0x0d00-0xfeff]
[    0.492107] pci_bus 0000:03: resource 0 [io  0x4000-0x4fff]
[    0.492109] pci_bus 0000:03: resource 1 [mem 0xca400000-0xca4fffff]
[    0.492111] pci_bus 0000:03: resource 2 [mem 0xd8a00000-0xd8afffff 64bit pref]
[    0.492113] pci_bus 0000:04: resource 0 [io  0x8000-0x8fff]
[    0.492115] pci_bus 0000:04: resource 1 [mem 0xca800000-0xca8fffff]
[    0.492117] pci_bus 0000:04: resource 2 [mem 0xd8e00000-0xd8efffff 64bit pref]
[    0.492119] pci_bus 0000:05: resource 0 [io  0xc000-0xcfff]
[    0.492121] pci_bus 0000:05: resource 1 [mem 0xcac00000-0xcacfffff]
[    0.492124] pci_bus 0000:05: resource 2 [mem 0xd9200000-0xd92fffff 64bit pref]
[    0.492126] pci_bus 0000:06: resource 1 [mem 0xcb000000-0xcb0fffff]
[    0.492128] pci_bus 0000:06: resource 2 [mem 0xd9600000-0xd96fffff 64bit pref]
[    0.492130] pci_bus 0000:07: resource 1 [mem 0xcb400000-0xcb4fffff]
[    0.492132] pci_bus 0000:07: resource 2 [mem 0xd9a00000-0xd9afffff 64bit pref]
[    0.492135] pci_bus 0000:08: resource 1 [mem 0xcb800000-0xcb8fffff]
[    0.492137] pci_bus 0000:08: resource 2 [mem 0xd9e00000-0xd9efffff 64bit pref]
[    0.492139] pci_bus 0000:09: resource 1 [mem 0xcbc00000-0xcbcfffff]
[    0.492141] pci_bus 0000:09: resource 2 [mem 0xda200000-0xda2fffff 64bit pref]
[    0.492143] pci_bus 0000:0a: resource 1 [mem 0xcc000000-0xcc0fffff]
[    0.492146] pci_bus 0000:0a: resource 2 [mem 0xda600000-0xda6fffff 64bit pref]
[    0.492148] pci_bus 0000:0b: resource 0 [io  0x5000-0x5fff]
[    0.492150] pci_bus 0000:0b: resource 1 [mem 0xca500000-0xca5fffff]
[    0.492152] pci_bus 0000:0b: resource 2 [mem 0xd8b00000-0xd8bfffff 64bit pref]
[    0.492154] pci_bus 0000:0c: resource 0 [io  0x9000-0x9fff]
[    0.492156] pci_bus 0000:0c: resource 1 [mem 0xca900000-0xca9fffff]
[    0.492158] pci_bus 0000:0c: resource 2 [mem 0xd8f00000-0xd8ffffff 64bit pref]
[    0.492160] pci_bus 0000:0d: resource 0 [io  0xd000-0xdfff]
[    0.492162] pci_bus 0000:0d: resource 1 [mem 0xcad00000-0xcadfffff]
[    0.492165] pci_bus 0000:0d: resource 2 [mem 0xd9300000-0xd93fffff 64bit pref]
[    0.492167] pci_bus 0000:0e: resource 1 [mem 0xcb100000-0xcb1fffff]
[    0.492169] pci_bus 0000:0e: resource 2 [mem 0xd9700000-0xd97fffff 64bit pref]
[    0.492171] pci_bus 0000:0f: resource 1 [mem 0xcb500000-0xcb5fffff]
[    0.492173] pci_bus 0000:0f: resource 2 [mem 0xd9b00000-0xd9bfffff 64bit pref]
[    0.492176] pci_bus 0000:10: resource 1 [mem 0xcb900000-0xcb9fffff]
[    0.492178] pci_bus 0000:10: resource 2 [mem 0xd9f00000-0xd9ffffff 64bit pref]
[    0.492180] pci_bus 0000:11: resource 1 [mem 0xcbd00000-0xcbdfffff]
[    0.492182] pci_bus 0000:11: resource 2 [mem 0xda300000-0xda3fffff 64bit pref]
[    0.492184] pci_bus 0000:12: resource 1 [mem 0xcc100000-0xcc1fffff]
[    0.492187] pci_bus 0000:12: resource 2 [mem 0xda700000-0xda7fffff 64bit pref]
[    0.492189] pci_bus 0000:13: resource 0 [io  0x6000-0x6fff]
[    0.492191] pci_bus 0000:13: resource 1 [mem 0xca600000-0xca6fffff]
[    0.492193] pci_bus 0000:13: resource 2 [mem 0xd8c00000-0xd8cfffff 64bit pref]
[    0.492195] pci_bus 0000:14: resource 0 [io  0xa000-0xafff]
[    0.492197] pci_bus 0000:14: resource 1 [mem 0xcaa00000-0xcaafffff]
[    0.492199] pci_bus 0000:14: resource 2 [mem 0xd9000000-0xd90fffff 64bit pref]
[    0.492201] pci_bus 0000:15: resource 0 [io  0xe000-0xefff]
[    0.492203] pci_bus 0000:15: resource 1 [mem 0xcae00000-0xcaefffff]
[    0.492206] pci_bus 0000:15: resource 2 [mem 0xd9400000-0xd94fffff 64bit pref]
[    0.492208] pci_bus 0000:16: resource 1 [mem 0xcb200000-0xcb2fffff]
[    0.492210] pci_bus 0000:16: resource 2 [mem 0xd9800000-0xd98fffff 64bit pref]
[    0.492212] pci_bus 0000:17: resource 1 [mem 0xcb600000-0xcb6fffff]
[    0.492214] pci_bus 0000:17: resource 2 [mem 0xd9c00000-0xd9cfffff 64bit pref]
[    0.492217] pci_bus 0000:18: resource 1 [mem 0xcba00000-0xcbafffff]
[    0.492219] pci_bus 0000:18: resource 2 [mem 0xda000000-0xda0fffff 64bit pref]
[    0.492221] pci_bus 0000:19: resource 1 [mem 0xcbe00000-0xcbefffff]
[    0.492223] pci_bus 0000:19: resource 2 [mem 0xda400000-0xda4fffff 64bit pref]
[    0.492225] pci_bus 0000:1a: resource 1 [mem 0xcc200000-0xcc2fffff]
[    0.492227] pci_bus 0000:1a: resource 2 [mem 0xda800000-0xda8fffff 64bit pref]
[    0.492230] pci_bus 0000:1b: resource 0 [io  0x7000-0x7fff]
[    0.492232] pci_bus 0000:1b: resource 1 [mem 0xca700000-0xca7fffff]
[    0.492234] pci_bus 0000:1b: resource 2 [mem 0xd8d00000-0xd8dfffff 64bit pref]
[    0.492236] pci_bus 0000:1c: resource 0 [io  0xb000-0xbfff]
[    0.492238] pci_bus 0000:1c: resource 1 [mem 0xcab00000-0xcabfffff]
[    0.492240] pci_bus 0000:1c: resource 2 [mem 0xd9100000-0xd91fffff 64bit pref]
[    0.492242] pci_bus 0000:1d: resource 1 [mem 0xcaf00000-0xcaffffff]
[    0.492244] pci_bus 0000:1d: resource 2 [mem 0xd9500000-0xd95fffff 64bit pref]
[    0.492246] pci_bus 0000:1e: resource 1 [mem 0xcb300000-0xcb3fffff]
[    0.492249] pci_bus 0000:1e: resource 2 [mem 0xd9900000-0xd99fffff 64bit pref]
[    0.492251] pci_bus 0000:1f: resource 1 [mem 0xcb700000-0xcb7fffff]
[    0.492253] pci_bus 0000:1f: resource 2 [mem 0xd9d00000-0xd9dfffff 64bit pref]
[    0.492255] pci_bus 0000:20: resource 1 [mem 0xcbb00000-0xcbbfffff]
[    0.492257] pci_bus 0000:20: resource 2 [mem 0xda100000-0xda1fffff 64bit pref]
[    0.492259] pci_bus 0000:21: resource 1 [mem 0xcbf00000-0xcbffffff]
[    0.492262] pci_bus 0000:21: resource 2 [mem 0xda500000-0xda5fffff 64bit pref]
[    0.492264] pci_bus 0000:22: resource 1 [mem 0xcc300000-0xcc3fffff]
[    0.492266] pci_bus 0000:22: resource 2 [mem 0xda900000-0xda9fffff 64bit pref]
[    0.492301] NET: Registered protocol family 2
[    0.492340] IP route cache hash table entries: 32768 (order: 5, 131072 bytes)
[    0.492521] TCP established hash table entries: 131072 (order: 8, 1048576 bytes)
[    0.492860] TCP bind hash table entries: 65536 (order: 7, 524288 bytes)
[    0.493058] TCP: Hash tables configured (established 131072 bind 65536)
[    0.493060] TCP reno registered
[    0.493063] UDP hash table entries: 512 (order: 2, 16384 bytes)
[    0.493070] UDP-Lite hash table entries: 512 (order: 2, 16384 bytes)
[    0.493108] NET: Registered protocol family 1
[    0.493116] pci 0000:00:00.0: Limiting direct PCI/PCI transfers
[    0.493208] pci 0000:00:0f.0: Boot video device
[    0.493734] ACPI: PCI Interrupt Link [LNKC] enabled at IRQ 10
[    0.493737] PCI: setting IRQ 10 as level-triggered
[    0.493744] pci 0000:02:00.0: PCI INT A -> Link[LNKC] -> GSI 10 (level, low) -> IRQ 10
[    0.493888] pci 0000:02:00.0: PCI INT A disabled
[    0.494081] ACPI: PCI Interrupt Link [LNKB] enabled at IRQ 11
[    0.494084] PCI: setting IRQ 11 as level-triggered
[    0.494088] pci 0000:02:03.0: PCI INT A -> Link[LNKB] -> GSI 11 (level, low) -> IRQ 11
[    0.494154] pci 0000:02:03.0: PCI INT A disabled
[    0.494168] PCI: CLS 32 bytes, default 64
[    0.494211] Simple Boot Flag at 0x36 set to 0x1
[    0.494216] Switching to clocksource tsc
[    0.494435] audit: initializing netlink socket (disabled)
[    0.494441] type=2000 audit(1369654479.478:1): initialized
[    0.508232] Trying to unpack rootfs image as initramfs...
[    0.528286] highmem bounce pool size: 64 pages
[    0.528291] HugeTLB registered 2 MB page size, pre-allocated 0 pages
[    0.536904] VFS: Disk quotas dquot_6.5.2
[    0.536953] Dquot-cache hash table entries: 1024 (order 0, 4096 bytes)
[    0.537318] fuse init (API version 7.17)
[    0.537377] msgmni has been set to 1710
[    0.547654] Block layer SCSI generic (bsg) driver version 0.4 loaded (major 253)
[    0.551600] io scheduler noop registered
[    0.551603] io scheduler deadline registered
[    0.551615] io scheduler cfq registered (default)
[    0.551912] pcieport 0000:00:15.0: setting latency timer to 64
[    0.552550] pcieport 0000:00:15.0: irq 40 for MSI/MSI-X
[    0.553205] pcieport 0000:00:15.1: setting latency timer to 64
[    0.553835] pcieport 0000:00:15.1: irq 41 for MSI/MSI-X
[    0.554488] pcieport 0000:00:15.2: setting latency timer to 64
[    0.555085] pcieport 0000:00:15.2: irq 42 for MSI/MSI-X
[    0.555747] pcieport 0000:00:15.3: setting latency timer to 64
[    0.556361] pcieport 0000:00:15.3: irq 43 for MSI/MSI-X
[    0.556985] pcieport 0000:00:15.4: setting latency timer to 64
[    0.557578] pcieport 0000:00:15.4: irq 44 for MSI/MSI-X
[    0.558201] pcieport 0000:00:15.5: setting latency timer to 64
[    0.558804] pcieport 0000:00:15.5: irq 45 for MSI/MSI-X
[    0.559454] pcieport 0000:00:15.6: setting latency timer to 64
[    0.563505] pcieport 0000:00:15.6: irq 46 for MSI/MSI-X
[    0.564138] pcieport 0000:00:15.7: setting latency timer to 64
[    0.564747] pcieport 0000:00:15.7: irq 47 for MSI/MSI-X
[    0.565395] pcieport 0000:00:16.0: setting latency timer to 64
[    0.565985] pcieport 0000:00:16.0: irq 48 for MSI/MSI-X
[    0.566606] pcieport 0000:00:16.1: setting latency timer to 64
[    0.567197] pcieport 0000:00:16.1: irq 49 for MSI/MSI-X
[    0.571561] pcieport 0000:00:16.2: setting latency timer to 64
[    0.572161] pcieport 0000:00:16.2: irq 50 for MSI/MSI-X
[    0.572924] pcieport 0000:00:16.3: setting latency timer to 64
[    0.573528] pcieport 0000:00:16.3: irq 51 for MSI/MSI-X
[    0.574152] pcieport 0000:00:16.4: setting latency timer to 64
[    0.574770] pcieport 0000:00:16.4: irq 52 for MSI/MSI-X
[    0.575433] pcieport 0000:00:16.5: setting latency timer to 64
[    0.584239] pcieport 0000:00:16.5: irq 53 for MSI/MSI-X
[    0.584935] pcieport 0000:00:16.6: setting latency timer to 64
[    0.585573] pcieport 0000:00:16.6: irq 54 for MSI/MSI-X
[    0.586242] pcieport 0000:00:16.7: setting latency timer to 64
[    0.586837] pcieport 0000:00:16.7: irq 55 for MSI/MSI-X
[    0.591588] pcieport 0000:00:17.0: setting latency timer to 64
[    0.592237] pcieport 0000:00:17.0: irq 56 for MSI/MSI-X
[    0.593009] pcieport 0000:00:17.1: setting latency timer to 64
[    0.593657] pcieport 0000:00:17.1: irq 57 for MSI/MSI-X
[    0.594335] pcieport 0000:00:17.2: setting latency timer to 64
[    0.594940] pcieport 0000:00:17.2: irq 58 for MSI/MSI-X
[    0.599624] pcieport 0000:00:17.3: setting latency timer to 64
[    0.600273] pcieport 0000:00:17.3: irq 59 for MSI/MSI-X
[    0.600932] pcieport 0000:00:17.4: setting latency timer to 64
[    0.601462] pcieport 0000:00:17.4: irq 60 for MSI/MSI-X
[    0.601991] pcieport 0000:00:17.5: setting latency timer to 64
[    0.602509] pcieport 0000:00:17.5: irq 61 for MSI/MSI-X
[    0.603049] pcieport 0000:00:17.6: setting latency timer to 64
[    0.607419] pcieport 0000:00:17.6: irq 62 for MSI/MSI-X
[    0.608027] pcieport 0000:00:17.7: setting latency timer to 64
[    0.608590] pcieport 0000:00:17.7: irq 63 for MSI/MSI-X
[    0.609181] pcieport 0000:00:18.0: setting latency timer to 64
[    0.609811] pcieport 0000:00:18.0: irq 64 for MSI/MSI-X
[    0.610474] pcieport 0000:00:18.1: setting latency timer to 64
[    0.611096] pcieport 0000:00:18.1: irq 65 for MSI/MSI-X
[    0.615505] pcieport 0000:00:18.2: setting latency timer to 64
[    0.616131] pcieport 0000:00:18.2: irq 66 for MSI/MSI-X
[    0.616803] pcieport 0000:00:18.3: setting latency timer to 64
[    0.617438] pcieport 0000:00:18.3: irq 67 for MSI/MSI-X
[    0.618092] pcieport 0000:00:18.4: setting latency timer to 64
[    0.618715] pcieport 0000:00:18.4: irq 68 for MSI/MSI-X
[    0.619395] pcieport 0000:00:18.5: setting latency timer to 64
[    0.623590] pcieport 0000:00:18.5: irq 69 for MSI/MSI-X
[    0.624195] pcieport 0000:00:18.6: setting latency timer to 64
[    0.624762] pcieport 0000:00:18.6: irq 70 for MSI/MSI-X
[    0.625379] pcieport 0000:00:18.7: setting latency timer to 64
[    0.625950] pcieport 0000:00:18.7: irq 71 for MSI/MSI-X
[    0.626634] pcieport 0000:00:15.0: Signaling PME through PCIe PME interrupt
[    0.626664] pcie_pme 0000:00:15.0:pcie01: service driver pcie_pme loaded
[    0.626804] pcieport 0000:00:15.1: Signaling PME through PCIe PME interrupt
[    0.626829] pcie_pme 0000:00:15.1:pcie01: service driver pcie_pme loaded
[    0.626970] pcieport 0000:00:15.2: Signaling PME through PCIe PME interrupt
[    0.626997] pcie_pme 0000:00:15.2:pcie01: service driver pcie_pme loaded
[    0.627126] pcieport 0000:00:15.3: Signaling PME through PCIe PME interrupt
[    0.627158] pcie_pme 0000:00:15.3:pcie01: service driver pcie_pme loaded
[    0.631409] pcieport 0000:00:15.4: Signaling PME through PCIe PME interrupt
[    0.631437] pcie_pme 0000:00:15.4:pcie01: service driver pcie_pme loaded
[    0.631571] pcieport 0000:00:15.5: Signaling PME through PCIe PME interrupt
[    0.631596] pcie_pme 0000:00:15.5:pcie01: service driver pcie_pme loaded
[    0.631713] pcieport 0000:00:15.6: Signaling PME through PCIe PME interrupt
[    0.631742] pcie_pme 0000:00:15.6:pcie01: service driver pcie_pme loaded
[    0.631858] pcieport 0000:00:15.7: Signaling PME through PCIe PME interrupt
[    0.631883] pcie_pme 0000:00:15.7:pcie01: service driver pcie_pme loaded
[    0.632016] pcieport 0000:00:16.0: Signaling PME through PCIe PME interrupt
[    0.632040] pcie_pme 0000:00:16.0:pcie01: service driver pcie_pme loaded
[    0.632159] pcieport 0000:00:16.1: Signaling PME through PCIe PME interrupt
[    0.632186] pcie_pme 0000:00:16.1:pcie01: service driver pcie_pme loaded
[    0.632373] pcieport 0000:00:16.2: Signaling PME through PCIe PME interrupt
[    0.632403] pcie_pme 0000:00:16.2:pcie01: service driver pcie_pme loaded
[    0.632519] pcieport 0000:00:16.3: Signaling PME through PCIe PME interrupt
[    0.632545] pcie_pme 0000:00:16.3:pcie01: service driver pcie_pme loaded
[    0.632671] pcieport 0000:00:16.4: Signaling PME through PCIe PME interrupt
[    0.632694] pcie_pme 0000:00:16.4:pcie01: service driver pcie_pme loaded
[    0.632811] pcieport 0000:00:16.5: Signaling PME through PCIe PME interrupt
[    0.632839] pcie_pme 0000:00:16.5:pcie01: service driver pcie_pme loaded
[    0.632954] pcieport 0000:00:16.6: Signaling PME through PCIe PME interrupt
[    0.632980] pcie_pme 0000:00:16.6:pcie01: service driver pcie_pme loaded
[    0.633110] pcieport 0000:00:16.7: Signaling PME through PCIe PME interrupt
[    0.633133] pcie_pme 0000:00:16.7:pcie01: service driver pcie_pme loaded
[    0.633266] pcieport 0000:00:17.0: Signaling PME through PCIe PME interrupt
[    0.633296] pcie_pme 0000:00:17.0:pcie01: service driver pcie_pme loaded
[    0.633438] pcieport 0000:00:17.1: Signaling PME through PCIe PME interrupt
[    0.633467] pcie_pme 0000:00:17.1:pcie01: service driver pcie_pme loaded
[    0.633608] pcieport 0000:00:17.2: Signaling PME through PCIe PME interrupt
[    0.633639] pcie_pme 0000:00:17.2:pcie01: service driver pcie_pme loaded
[    0.633782] pcieport 0000:00:17.3: Signaling PME through PCIe PME interrupt
[    0.633811] pcie_pme 0000:00:17.3:pcie01: service driver pcie_pme loaded
[    0.633953] pcieport 0000:00:17.4: Signaling PME through PCIe PME interrupt
[    0.633983] pcie_pme 0000:00:17.4:pcie01: service driver pcie_pme loaded
[    0.634124] pcieport 0000:00:17.5: Signaling PME through PCIe PME interrupt
[    0.634154] pcie_pme 0000:00:17.5:pcie01: service driver pcie_pme loaded
[    0.634301] pcieport 0000:00:17.6: Signaling PME through PCIe PME interrupt
[    0.634331] pcie_pme 0000:00:17.6:pcie01: service driver pcie_pme loaded
[    0.634472] pcieport 0000:00:17.7: Signaling PME through PCIe PME interrupt
[    0.634503] pcie_pme 0000:00:17.7:pcie01: service driver pcie_pme loaded
[    0.634645] pcieport 0000:00:18.0: Signaling PME through PCIe PME interrupt
[    0.634674] pcie_pme 0000:00:18.0:pcie01: service driver pcie_pme loaded
[    0.634817] pcieport 0000:00:18.1: Signaling PME through PCIe PME interrupt
[    0.634847] pcie_pme 0000:00:18.1:pcie01: service driver pcie_pme loaded
[    0.634988] pcieport 0000:00:18.2: Signaling PME through PCIe PME interrupt
[    0.635018] pcie_pme 0000:00:18.2:pcie01: service driver pcie_pme loaded
[    0.635161] pcieport 0000:00:18.3: Signaling PME through PCIe PME interrupt
[    0.635192] pcie_pme 0000:00:18.3:pcie01: service driver pcie_pme loaded
[    0.639429] pcieport 0000:00:18.4: Signaling PME through PCIe PME interrupt
[    0.639463] pcie_pme 0000:00:18.4:pcie01: service driver pcie_pme loaded
[    0.639583] pcieport 0000:00:18.5: Signaling PME through PCIe PME interrupt
[    0.639611] pcie_pme 0000:00:18.5:pcie01: service driver pcie_pme loaded
[    0.639730] pcieport 0000:00:18.6: Signaling PME through PCIe PME interrupt
[    0.639753] pcie_pme 0000:00:18.6:pcie01: service driver pcie_pme loaded
[    0.639882] pcieport 0000:00:18.7: Signaling PME through PCIe PME interrupt
[    0.639905] pcie_pme 0000:00:18.7:pcie01: service driver pcie_pme loaded
[    0.639927] pci_hotplug: PCI Hot Plug PCI Core version: 0.5
[    0.640508] pciehp 0000:00:15.0:pcie04: HPC vendor_id 15ad device_id 7a0 ss_vid 15ad ss_did 7a0
[    0.640584] pciehp 0000:00:15.0:pcie04: service driver pciehp loaded
[    0.640662] pciehp 0000:00:15.1:pcie04: HPC vendor_id 15ad device_id 7a0 ss_vid 15ad ss_did 7a0
[    0.640735] pciehp 0000:00:15.1:pcie04: service driver pciehp loaded
[    0.640817] pciehp 0000:00:15.2:pcie04: HPC vendor_id 15ad device_id 7a0 ss_vid 15ad ss_did 7a0
[    0.640890] pciehp 0000:00:15.2:pcie04: service driver pciehp loaded
[    0.640967] pciehp 0000:00:15.3:pcie04: HPC vendor_id 15ad device_id 7a0 ss_vid 15ad ss_did 7a0
[    0.641039] pciehp 0000:00:15.3:pcie04: service driver pciehp loaded
[    0.641115] pciehp 0000:00:15.4:pcie04: HPC vendor_id 15ad device_id 7a0 ss_vid 15ad ss_did 7a0
[    0.641188] pciehp 0000:00:15.4:pcie04: service driver pciehp loaded
[    0.641275] pciehp 0000:00:15.5:pcie04: HPC vendor_id 15ad device_id 7a0 ss_vid 15ad ss_did 7a0
[    0.641352] pciehp 0000:00:15.5:pcie04: service driver pciehp loaded
[    0.641430] pciehp 0000:00:15.6:pcie04: HPC vendor_id 15ad device_id 7a0 ss_vid 15ad ss_did 7a0
[    0.641502] pciehp 0000:00:15.6:pcie04: service driver pciehp loaded
[    0.641580] pciehp 0000:00:15.7:pcie04: HPC vendor_id 15ad device_id 7a0 ss_vid 15ad ss_did 7a0
[    0.641652] pciehp 0000:00:15.7:pcie04: service driver pciehp loaded
[    0.641730] pciehp 0000:00:16.0:pcie04: HPC vendor_id 15ad device_id 7a0 ss_vid 15ad ss_did 7a0
[    0.641803] pciehp 0000:00:16.0:pcie04: service driver pciehp loaded
[    0.641881] pciehp 0000:00:16.1:pcie04: HPC vendor_id 15ad device_id 7a0 ss_vid 15ad ss_did 7a0
[    0.641953] pciehp 0000:00:16.1:pcie04: service driver pciehp loaded
[    0.642031] pciehp 0000:00:16.2:pcie04: HPC vendor_id 15ad device_id 7a0 ss_vid 15ad ss_did 7a0
[    0.642102] pciehp 0000:00:16.2:pcie04: service driver pciehp loaded
[    0.642183] pciehp 0000:00:16.3:pcie04: HPC vendor_id 15ad device_id 7a0 ss_vid 15ad ss_did 7a0
[    0.642268] pciehp 0000:00:16.3:pcie04: service driver pciehp loaded
[    0.642336] pciehp 0000:00:16.4:pcie04: HPC vendor_id 15ad device_id 7a0 ss_vid 15ad ss_did 7a0
[    0.642409] pciehp 0000:00:16.4:pcie04: service driver pciehp loaded
[    0.642479] pciehp 0000:00:16.5:pcie04: HPC vendor_id 15ad device_id 7a0 ss_vid 15ad ss_did 7a0
[    0.642541] pciehp 0000:00:16.5:pcie04: service driver pciehp loaded
[    0.642617] pciehp 0000:00:16.6:pcie04: HPC vendor_id 15ad device_id 7a0 ss_vid 15ad ss_did 7a0
[    0.642683] pciehp 0000:00:16.6:pcie04: service driver pciehp loaded
[    0.642747] pciehp 0000:00:16.7:pcie04: HPC vendor_id 15ad device_id 7a0 ss_vid 15ad ss_did 7a0
[    0.642819] pciehp 0000:00:16.7:pcie04: service driver pciehp loaded
[    0.642893] pciehp 0000:00:17.0:pcie04: HPC vendor_id 15ad device_id 7a0 ss_vid 15ad ss_did 7a0
[    0.642956] pciehp 0000:00:17.0:pcie04: service driver pciehp loaded
[    0.643031] pciehp 0000:00:17.1:pcie04: HPC vendor_id 15ad device_id 7a0 ss_vid 15ad ss_did 7a0
[    0.643102] pciehp 0000:00:17.1:pcie04: service driver pciehp loaded
[    0.643169] pciehp 0000:00:17.2:pcie04: HPC vendor_id 15ad device_id 7a0 ss_vid 15ad ss_did 7a0
[    0.643263] pciehp 0000:00:17.2:pcie04: service driver pciehp loaded
[    0.647541] pciehp 0000:00:17.3:pcie04: HPC vendor_id 15ad device_id 7a0 ss_vid 15ad ss_did 7a0
[    0.647622] pciehp 0000:00:17.3:pcie04: service driver pciehp loaded
[    0.647690] pciehp 0000:00:17.4:pcie04: HPC vendor_id 15ad device_id 7a0 ss_vid 15ad ss_did 7a0
[    0.647758] pciehp 0000:00:17.4:pcie04: service driver pciehp loaded
[    0.647835] pciehp 0000:00:17.5:pcie04: HPC vendor_id 15ad device_id 7a0 ss_vid 15ad ss_did 7a0
[    0.647899] pciehp 0000:00:17.5:pcie04: service driver pciehp loaded
[    0.647970] pciehp 0000:00:17.6:pcie04: HPC vendor_id 15ad device_id 7a0 ss_vid 15ad ss_did 7a0
[    0.648048] pciehp 0000:00:17.6:pcie04: service driver pciehp loaded
[    0.648116] pciehp 0000:00:17.7:pcie04: HPC vendor_id 15ad device_id 7a0 ss_vid 15ad ss_did 7a0
[    0.648182] pciehp 0000:00:17.7:pcie04: service driver pciehp loaded
[    0.648259] pciehp 0000:00:18.0:pcie04: HPC vendor_id 15ad device_id 7a0 ss_vid 15ad ss_did 7a0
[    0.648325] pciehp 0000:00:18.0:pcie04: service driver pciehp loaded
[    0.648394] pciehp 0000:00:18.1:pcie04: HPC vendor_id 15ad device_id 7a0 ss_vid 15ad ss_did 7a0
[    0.648467] pciehp 0000:00:18.1:pcie04: service driver pciehp loaded
[    0.648538] pciehp 0000:00:18.2:pcie04: HPC vendor_id 15ad device_id 7a0 ss_vid 15ad ss_did 7a0
[    0.648602] pciehp 0000:00:18.2:pcie04: service driver pciehp loaded
[    0.648677] pciehp 0000:00:18.3:pcie04: HPC vendor_id 15ad device_id 7a0 ss_vid 15ad ss_did 7a0
[    0.648745] pciehp 0000:00:18.3:pcie04: service driver pciehp loaded
[    0.648816] pciehp 0000:00:18.4:pcie04: HPC vendor_id 15ad device_id 7a0 ss_vid 15ad ss_did 7a0
[    0.648889] pciehp 0000:00:18.4:pcie04: service driver pciehp loaded
[    0.648960] pciehp 0000:00:18.5:pcie04: HPC vendor_id 15ad device_id 7a0 ss_vid 15ad ss_did 7a0
[    0.649024] pciehp 0000:00:18.5:pcie04: service driver pciehp loaded
[    0.649099] pciehp 0000:00:18.6:pcie04: HPC vendor_id 15ad device_id 7a0 ss_vid 15ad ss_did 7a0
[    0.649166] pciehp 0000:00:18.6:pcie04: service driver pciehp loaded
[    0.649237] pciehp 0000:00:18.7:pcie04: HPC vendor_id 15ad device_id 7a0 ss_vid 15ad ss_did 7a0
[    0.649312] pciehp 0000:00:18.7:pcie04: service driver pciehp loaded
[    0.649322] pciehp: PCI Express Hot Plug Controller Driver version: 0.4
[    0.649538] ACPI: Deprecated procfs I/F for AC is loaded, please retry with CONFIG_ACPI_PROCFS_POWER cleared
[    0.649656] ACPI: AC Adapter [ACAD] (on-line)
[    0.655558] input: Power Button as /devices/LNXSYSTM:00/LNXPWRBN:00/input/input0
[    0.655565] ACPI: Power Button [PWRF]
[    0.699826] ERST: Table is not found!
[    0.699829] GHES: HEST is not enabled!
[    0.699933] Serial: 8250/16550 driver, 32 ports, IRQ sharing enabled
[    0.724252] serial8250: ttyS0 at I/O 0x3f8 (irq = 4) is a 16550A
[    0.727162] isapnp: Scanning for PnP cards...
[    0.821064] serial8250: ttyS1 at I/O 0x2f8 (irq = 3) is a 16550A
[    0.868462] 00:0a: ttyS0 at I/O 0x3f8 (irq = 4) is a 16550A
[    0.962798] 00:0b: ttyS1 at I/O 0x2f8 (irq = 3) is a 16550A
[    1.026923] Linux agpgart interface v0.103
[    1.026971] agpgart-intel 0000:00:00.0: Intel 440BX Chipset
[    1.027068] agpgart-intel 0000:00:00.0: AGP aperture is 256M @ 0x0
[    1.031333] brd: module loaded
[    1.031778] loop: module loaded
[    1.031826] ata_piix 0000:00:07.1: version 2.13
[    1.031900] scsi0 : ata_piix
[    1.031955] scsi1 : ata_piix
[    1.031983] ata1: PATA max UDMA/33 cmd 0x1f0 ctl 0x3f6 bmdma 0x10c0 irq 14
[    1.031986] ata2: PATA max UDMA/33 cmd 0x170 ctl 0x376 bmdma 0x10c8 irq 15
[    1.032037] Fixed MDIO Bus: probed
[    1.032058] tun: Universal TUN/TAP device driver, 1.6
[    1.032060] tun: (C) 1999-2004 Max Krasnyansky <maxk@qualcomm.com>
[    1.032131] PPP generic driver version 2.4.2
[    1.032191] ehci_hcd: USB 2.0 'Enhanced' Host Controller (EHCI) Driver
[    1.032221] ehci_hcd 0000:02:03.0: PCI INT A -> Link[LNKB] -> GSI 11 (level, low) -> IRQ 11
[    1.032267] ehci_hcd 0000:02:03.0: EHCI Host Controller
[    1.032303] ehci_hcd 0000:02:03.0: new USB bus registered, assigned bus number 1
[    1.032351] ehci_hcd 0000:02:03.0: cache line size of 32 is not supported
[    1.032358] ehci_hcd 0000:02:03.0: irq 11, io mem 0xc9000000
[    1.042741] ehci_hcd 0000:02:03.0: USB 2.0 started, EHCI 1.00
[    1.042866] hub 1-0:1.0: USB hub found
[    1.042874] hub 1-0:1.0: 6 ports detected
[    1.042922] ohci_hcd: USB 1.1 'Open' Host Controller (OHCI) Driver
[    1.042942] uhci_hcd: USB Universal Host Controller Interface driver
[    1.042989] uhci_hcd 0000:02:00.0: PCI INT A -> Link[LNKC] -> GSI 10 (level, low) -> IRQ 10
[    1.043037] uhci_hcd 0000:02:00.0: UHCI Host Controller
[    1.043087] uhci_hcd 0000:02:00.0: new USB bus registered, assigned bus number 2
[    1.043188] uhci_hcd 0000:02:00.0: irq 10, io base 0x000020c0
[    1.043300] hub 2-0:1.0: USB hub found
[    1.043305] hub 2-0:1.0: 2 ports detected
[    1.043353] usbcore: registered new interface driver libusual
[    1.043401] i8042: PNP: PS/2 Controller [PNP0303:KBC,PNP0f13:MOUS] at 0x60,0x64 irq 1,12
[    1.043731] serio: i8042 KBD port at 0x60,0x64 irq 1
[    1.043741] serio: i8042 AUX port at 0x60,0x64 irq 12
[    1.043873] mousedev: PS/2 mouse device common for all mice
[    1.064027] rtc_cmos 00:04: rtc core: registered rtc_cmos as rtc0
[    1.064052] rtc0: alarms up to one month, y3k, 114 bytes nvram, hpet irqs
[    1.064100] device-mapper: uevent: version 1.0.3
[    1.064172] device-mapper: ioctl: 4.22.0-ioctl (2011-10-19) initialised: dm-devel@redhat.com
[    1.064216] EISA: Probing bus 0 at eisa.0
[    1.064219] EISA: Cannot allocate resource for mainboard
[    1.064222] Cannot allocate resource for EISA slot 1
[    1.064224] Cannot allocate resource for EISA slot 2
[    1.064227] Cannot allocate resource for EISA slot 3
[    1.064229] Cannot allocate resource for EISA slot 4
[    1.064231] Cannot allocate resource for EISA slot 5
[    1.064234] Cannot allocate resource for EISA slot 6
[    1.064236] Cannot allocate resource for EISA slot 7
[    1.064239] Cannot allocate resource for EISA slot 8
[    1.064241] EISA: Detected 0 cards.
[    1.064251] cpufreq-nforce2: No nForce2 chipset.
[    1.064254] cpuidle: using governor ladder
[    1.064256] cpuidle: using governor menu
[    1.064259] EFI Variables Facility v0.08 2004-May-17
[    1.064307] TCP cubic registered
[    1.064402] NET: Registered protocol family 10
[    1.064450] NET: Registered protocol family 17
[    1.064456] Registering the dns_resolver key type
[    1.064473] Using IPI No-Shortcut mode
[    1.064569] PM: Hibernation image not present or could not be loaded.
[    1.064580] registered taskstats version 1
[    1.066753] Freeing initrd memory: 13836k freed
[    1.068566] input: AT Translated Set 2 keyboard as /devices/platform/i8042/serio0/input/input1
[    1.118703]   Magic number: 13:218:581
[    1.118745] pci_bus 0000:02: hash matches
[    1.118828] rtc_cmos 00:04: setting system clock to 2013-05-27 11:34:40 UTC (1369654480)
[    1.118846] BIOS EDD facility v0.16 2004-Jun-25, 0 devices found
[    1.118848] EDD information not available.
[    1.284702] ata2.00: ATAPI: VMware Virtual IDE CDROM Drive, 00000001, max UDMA/33
[    1.284978] ata2.00: configured for UDMA/33
[    1.328581] isapnp: No Plug & Play device found
[    1.328792] scsi 1:0:0:0: CD-ROM            NECVMWar VMware IDE CDR10 1.00 PQ: 0 ANSI: 5
[    1.329423] sr0: scsi3-mmc drive: 306x/306x cd/rw xa/form2 cdda tray
[    1.329427] cdrom: Uniform CD-ROM driver Revision: 3.20
[    1.329542] sr 1:0:0:0: Attached scsi CD-ROM sr0
[    1.329700] sr 1:0:0:0: Attached scsi generic sg0 type 5
[    1.329795] Freeing unused kernel memory: 740k freed
[    1.329843] Write protecting the kernel text: 5816k
[    1.329857] Write protecting the kernel read-only data: 2376k
[    1.329860] NX-protecting the kernel data: 4424k
[    1.340467] udevd[85]: starting version 175
[    1.354735] VMware vmxnet3 virtual NIC driver - version 1.1.29.0-k-NAPI
[    1.358631] VMware PVSCSI driver - version 1.0.1.0-k
[    1.363708] VMware vmxnet virtual NIC driver
[    1.363756] ACPI: PCI Interrupt Link [LNKD] enabled at IRQ 5
[    1.363759] PCI: setting IRQ 5 as level-triggered
[    1.363765] vmxnet 0000:02:01.0: PCI INT A -> Link[LNKD] -> GSI 5 (level, low) -> IRQ 5
[    1.363813] Found vmxnet/PCI at 0x2024, irq 5.
[    1.363861] features:
[    1.363875] numRxBuffers = 100, numRxBuffers2 = 1
[    1.363923] vmxnet 0000:02:01.0: eth0: set_features() failed (-1); wanted 0x00004000, left 0x00004800
[    1.399832] Fusion MPT base driver 3.04.20
[    1.399834] Copyright (c) 1999-2008 LSI Corporation
[    1.400011] Fusion MPT SPI Host driver 3.04.20
[    1.400059] mptspi 0000:00:10.0: PCI INT A -> Link[LNKB] -> GSI 11 (level, low) -> IRQ 11
[    1.402754] Floppy drive(s): fd0 is 1.44M
[    1.405837] mptbase: ioc0: Initiating bringup
[    1.418375] FDC 0 is a post-1991 82077
[    1.450127] usb 2-1: new full-speed USB device number 2 using uhci_hcd
[    1.474096] ioc0: LSI53C1030 B0: Capabilities={Initiator}
[    1.582294] input: VMware VMware Virtual USB Mouse as /devices/pci0000:00/0000:00:11.0/0000:02:00.0/usb2/2-1/2-1:1.0/input/input2
[    1.582465] generic-usb 0003:0E0F:0003.0001: input,hidraw0: USB HID v1.10 Mouse [VMware VMware Virtual USB Mouse] on usb-0000:02:00.0-1/input0
[    1.582924] input: VMware VMware Virtual USB Mouse as /devices/pci0000:00/0000:00:11.0/0000:02:00.0/usb2/2-1/2-1:1.1/input/input3
[    1.583081] generic-usb 0003:0E0F:0003.0002: input,hidraw1: USB HID v1.10 Mouse [VMware VMware Virtual USB Mouse] on usb-0000:02:00.0-1/input1
[    1.583093] usbcore: registered new interface driver usbhid
[    1.583095] usbhid: USB HID core driver
[    1.633998] scsi2 : ioc0: LSI53C1030 B0, FwRev=01032920h, Ports=1, MaxQ=128, IRQ=11
[    1.689747] usb 2-2: new full-speed USB device number 3 using uhci_hcd
[    1.746660] scsi 2:0:0:0: Direct-Access     VMware,  VMware Virtual S 1.0  PQ: 0 ANSI: 2
[    1.746668] scsi target2:0:0: Beginning Domain Validation
[    1.747343] scsi target2:0:0: Domain Validation skipping write tests
[    1.747346] scsi target2:0:0: Ending Domain Validation
[    1.747399] scsi target2:0:0: FAST-40 WIDE SCSI 80.0 MB/s ST (25 ns, offset 127)
[    1.750169] sd 2:0:0:0: [sda] 41943040 512-byte logical blocks: (21.4 GB/20.0 GiB)
[    1.750228] sd 2:0:0:0: [sda] Write Protect is off
[    1.750231] sd 2:0:0:0: [sda] Mode Sense: 61 00 00 00
[    1.750303] sd 2:0:0:0: [sda] Cache data unavailable
[    1.750306] sd 2:0:0:0: [sda] Assuming drive cache: write through
[    1.750619] sd 2:0:0:0: [sda] Cache data unavailable
[    1.750622] sd 2:0:0:0: [sda] Assuming drive cache: write through
[    1.751351] sd 2:0:0:0: Attached scsi generic sg1 type 0
[    1.752026]  sda: sda1 sda2 < sda5 >
[    1.752396] sd 2:0:0:0: [sda] Cache data unavailable
[    1.752399] sd 2:0:0:0: [sda] Assuming drive cache: write through
[    1.752401] sd 2:0:0:0: [sda] Attached SCSI disk
[    1.787442] EXT4-fs (sda1): INFO: recovery required on readonly filesystem
[    1.787446] EXT4-fs (sda1): write access will be enabled during recovery
[    1.831402] hub 2-2:1.0: USB hub found
[    1.833189] hub 2-2:1.0: 7 ports detected
[    1.910014] EXT4-fs (sda1): recovery complete
[    1.910553] EXT4-fs (sda1): mounted filesystem with ordered data mode. Opts: (null)
[    3.134332] ADDRCONF(NETDEV_UP): eth0: link is not ready
[    3.145714] udevd[327]: starting version 175
[    3.192580] lp: driver loaded but no devices found
[    3.201131] Adding 1046524k swap on /dev/sda5.  Priority:-1 extents:1 across:1046524k 
[    3.285906] EXT4-fs (sda1): re-mounted. Opts: errors=remount-ro
[    3.287362] [379]: VMCI: shared components initialized.
[    3.287362] Probing for vmci/PCI.
[    3.287535] ACPI: PCI Interrupt Link [LNKA] enabled at IRQ 9
[    3.287538] PCI: setting IRQ 9 as level-triggered
[    3.287543] vmci 0000:00:07.7: PCI INT A -> Link[LNKA] -> GSI 9 (level, low) -> IRQ 9
[    3.287584] Found vmci/PCI at 0x1080, irq 9.
[    3.287619] VMCI: using capabilities 0xc.
[    3.287689] [379]: VMCI: Host capability check passed.
[    3.287943] vmci 0000:00:07.7: irq 72 for MSI/MSI-X
[    3.287974] vmci 0000:00:07.7: irq 73 for MSI/MSI-X
[    3.288177] Registered vmci device.
[    3.300469] piix4_smbus 0000:00:07.3: Host SMBus controller not enabled!
[    3.303336] shpchp: Standard Hot Plug PCI Controller Driver version: 0.4
[    3.315313] [379]: VMCI: Using guest personality
[    3.315314] [379]: VMCI: host components initialized.
[    3.315320] [379]: VMCI: Module registered (name=vmci,major=10,minor=57).
[    3.315320] [379]: VMCI: Using host personality
[    3.315321] [379]: VMCI: Module (name=vmci) is initialized
[    3.413836] ppdev: user-space parallel port driver
[    3.415074] parport_pc 00:09: reported by Plug and Play ACPI
[    3.415318] parport0: PC-style at 0x378, irq 7 [PCSPP,TRISTATE]
[    3.424944] Bluetooth: Core ver 2.16
[    3.426768] NET: Registered protocol family 31
[    3.426771] Bluetooth: HCI device and connection manager initialized
[    3.426774] Bluetooth: HCI socket layer initialized
[    3.426775] Bluetooth: L2CAP socket layer initialized
[    3.426781] Bluetooth: SCO socket layer initialized
[    3.450318] Bluetooth: BNEP (Ethernet Emulation) ver 1.3
[    3.450322] Bluetooth: BNEP filters: protocol multicast
[    3.459893] Bluetooth: RFCOMM TTY layer initialized
[    3.459898] Bluetooth: RFCOMM socket layer initialized
[    3.459899] Bluetooth: RFCOMM ver 1.11
[    3.511373] lp0: using parport0 (interrupt-driven).
[    3.522131] type=1400 audit(1369654482.902:2): apparmor="STATUS" operation="profile_load" name="/usr/lib/cups/backend/cups-pdf" pid=579 comm="apparmor_parser"
[    3.522715] type=1400 audit(1369654482.902:3): apparmor="STATUS" operation="profile_load" name="/usr/sbin/cupsd" pid=579 comm="apparmor_parser"
[    3.601031] type=1400 audit(1369654482.982:4): apparmor="STATUS" operation="profile_load" name="/sbin/dhclient" pid=602 comm="apparmor_parser"
[    3.601114] type=1400 audit(1369654482.982:5): apparmor="STATUS" operation="profile_load" name="/usr/lib/NetworkManager/nm-dhcp-client.action" pid=602 comm="apparmor_parser"
[    3.601191] type=1400 audit(1369654482.982:6): apparmor="STATUS" operation="profile_load" name="/usr/lib/connman/scripts/dhclient-script" pid=602 comm="apparmor_parser"
[    3.700554] input: ImPS/2 Generic Wheel Mouse as /devices/platform/i8042/serio1/input/input4
[    3.845556] snd_ens1371 0000:02:02.0: PCI INT A -> Link[LNKA] -> GSI 9 (level, low) -> IRQ 9
[    3.867205] init: failsafe main process (671) killed by TERM signal
[    3.962858] type=1400 audit(1369654483.346:7): apparmor="STATUS" operation="profile_load" name="/usr/lib/lightdm/lightdm/lightdm-guest-session-wrapper" pid=796 comm="apparmor_parser"
[    3.963515] type=1400 audit(1369654483.346:8): apparmor="STATUS" operation="profile_replace" name="/sbin/dhclient" pid=798 comm="apparmor_parser"
[    3.964663] type=1400 audit(1369654483.346:9): apparmor="STATUS" operation="profile_replace" name="/usr/lib/NetworkManager/nm-dhcp-client.action" pid=798 comm="apparmor_parser"
[    3.964741] type=1400 audit(1369654483.346:10): apparmor="STATUS" operation="profile_replace" name="/usr/lib/connman/scripts/dhclient-script" pid=798 comm="apparmor_parser"
[    4.165778] init: alsa-restore main process (875) terminated with status 19
