[    0.000000] Initializing cgroup subsys cpuset
[    0.000000] Initializing cgroup subsys cpu
[    0.000000] Linux version 3.2.0-29-generic-pae (buildd@roseapple) (gcc version 4.6.3 (Ubuntu/Linaro 4.6.3-1ubuntu5) ) #46-Ubuntu SMP Fri Jul 27 17:25:43 UTC 2012 (Ubuntu 3.2.0-29.46-generic-pae 3.2.24)
[    0.000000] KERNEL supported cpus:
[    0.000000]   Intel GenuineIntel
[    0.000000]   AMD AuthenticAMD
[    0.000000]   NSC Geode by NSC
[    0.000000]   Cyrix CyrixInstead
[    0.000000]   Centaur CentaurHauls
[    0.000000]   Transmeta GenuineTMx86
[    0.000000]   Transmeta TransmetaCPU
[    0.000000]   UMC UMC UMC UMC
[    0.000000] Disabled fast string operations
[    0.000000] BIOS-provided physical RAM map:
[    0.000000]  BIOS-e820: 0000000000000000 - 000000000009f000 (usable)
[    0.000000]  BIOS-e820: 000000000009f000 - 00000000000a0000 (reserved)
[    0.000000]  BIOS-e820: 00000000000ca000 - 00000000000cc000 (reserved)
[    0.000000]  BIOS-e820: 00000000000dc000 - 0000000000100000 (reserved)
[    0.000000]  BIOS-e820: 0000000000100000 - 000000003fee0000 (usable)
[    0.000000]  BIOS-e820: 000000003fee0000 - 000000003feff000 (ACPI data)
[    0.000000]  BIOS-e820: 000000003feff000 - 000000003ff00000 (ACPI NVS)
[    0.000000]  BIOS-e820: 000000003ff00000 - 0000000040000000 (usable)
[    0.000000]  BIOS-e820: 00000000e0000000 - 00000000f0000000 (reserved)
[    0.000000]  BIOS-e820: 00000000fec00000 - 00000000fec10000 (reserved)
[    0.000000]  BIOS-e820: 00000000fee00000 - 00000000fee01000 (reserved)
[    0.000000]  BIOS-e820: 00000000fffe0000 - 0000000100000000 (reserved)
[    0.000000] NX (Execute Disable) protection: active
[    0.000000] DMI present.
[    0.000000] DMI: VMware, Inc. VMware Virtual Platform/440BX Desktop Reference Platform, BIOS 6.00 07/02/2012
[    0.000000] Hypervisor detected: VMware
[    0.000000] e820 update range: 0000000000000000 - 0000000000010000 (usable) ==> (reserved)
[    0.000000] e820 remove range: 00000000000a0000 - 0000000000100000 (usable)
[    0.000000] last_pfn = 0x40000 max_arch_pfn = 0x1000000
[    0.000000] MTRR default type: uncachable
[    0.000000] MTRR fixed ranges enabled:
[    0.000000]   00000-9FFFF write-back
[    0.000000]   A0000-BFFFF uncachable
[    0.000000]   C0000-CBFFF write-protect
[    0.000000]   CC000-EFFFF uncachable
[    0.000000]   F0000-FFFFF write-protect
[    0.000000] MTRR variable ranges enabled:
[    0.000000]   0 base 0000000000 mask FFC0000000 write-back
[    0.000000]   1 disabled
[    0.000000]   2 disabled
[    0.000000]   3 disabled
[    0.000000]   4 disabled
[    0.000000]   5 disabled
[    0.000000]   6 disabled
[    0.000000]   7 disabled
[    0.000000] x86 PAT enabled: cpu 0, old 0x0, new 0x7010600070106
[    0.000000] found SMP MP-table at [c00f6bf0] f6bf0
[    0.000000] initial memory mapped : 0 - 02000000
[    0.000000] Base memory trampoline at [c009b000] 9b000 size 16384
[    0.000000] init_memory_mapping: 0000000000000000-0000000037bfe000
[    0.000000]  0000000000 - 0000200000 page 4k
[    0.000000]  0000200000 - 0037a00000 page 2M
[    0.000000]  0037a00000 - 0037bfe000 page 4k
[    0.000000] kernel direct mapping tables up to 37bfe000 @ 1ffb000-2000000
[    0.000000] RAMDISK: 364ea000 - 3726d000
[    0.000000] ACPI: RSDP 000f6b80 00024 (v02 PTLTD )
[    0.000000] ACPI: XSDT 3feed636 0005C (v01 INTEL  440BX    06040000 VMW  01324272)
[    0.000000] ACPI: FACP 3fefee98 000F4 (v04 INTEL  440BX    06040000 PTL  000F4240)
[    0.000000] ACPI: DSDT 3feee366 10B32 (v01 PTLTD  Custom   06040000 MSFT 03000001)
[    0.000000] ACPI: FACS 3fefffc0 00040
[    0.000000] ACPI: BOOT 3feee33e 00028 (v01 PTLTD  $SBFTBL$ 06040000  LTP 00000001)
[    0.000000] ACPI: APIC 3feedc3e 003C2 (v01 PTLTD  ? APIC   06040000  LTP 00000000)
[    0.000000] ACPI: MCFG 3feedc02 0003C (v01 PTLTD  $PCITBL$ 06040000  LTP 00000001)
[    0.000000] ACPI: SRAT 3feed732 004D0 (v02 VMWARE MEMPLUG  06040000 VMW  00000001)
[    0.000000] ACPI: HPET 3feed6fa 00038 (v01 VMWARE VMW HPET 06040000 VMW  00000001)
[    0.000000] ACPI: WAET 3feed6d2 00028 (v01 VMWARE VMW WAET 06040000 VMW  00000001)
[    0.000000] ACPI: Local APIC address 0xfee00000
[    0.000000] 132MB HIGHMEM available.
[    0.000000] 891MB LOWMEM available.
[    0.000000]   mapped low ram: 0 - 37bfe000
[    0.000000]   low ram: 0 - 37bfe000
[    0.000000] Zone PFN ranges:
[    0.000000]   DMA      0x00000010 -> 0x00001000
[    0.000000]   Normal   0x00001000 -> 0x00037bfe
[    0.000000]   HighMem  0x00037bfe -> 0x00040000
[    0.000000] Movable zone start PFN for each node
[    0.000000] early_node_map[3] active PFN ranges
[    0.000000]     0: 0x00000010 -> 0x0000009f
[    0.000000]     0: 0x00000100 -> 0x0003fee0
[    0.000000]     0: 0x0003ff00 -> 0x00040000
[    0.000000] On node 0 totalpages: 261999
[    0.000000] free_area_init_node: node 0, pgdat c1866a40, node_mem_map f73fd200
[    0.000000]   DMA zone: 32 pages used for memmap
[    0.000000]   DMA zone: 0 pages reserved
[    0.000000]   DMA zone: 3951 pages, LIFO batch:0
[    0.000000]   Normal zone: 1752 pages used for memmap
[    0.000000]   Normal zone: 222502 pages, LIFO batch:31
[    0.000000]   HighMem zone: 265 pages used for memmap
[    0.000000]   HighMem zone: 33497 pages, LIFO batch:7
[    0.000000] Using APIC driver default
[    0.000000] ACPI: PM-Timer IO Port: 0x1008
[    0.000000] ACPI: Local APIC address 0xfee00000
[    0.000000] ACPI: LAPIC (acpi_id[0x00] lapic_id[0x00] enabled)
[    0.000000] ACPI: LAPIC (acpi_id[0x01] lapic_id[0x02] disabled)
[    0.000000] ACPI: LAPIC (acpi_id[0x02] lapic_id[0x04] disabled)
[    0.000000] ACPI: LAPIC (acpi_id[0x03] lapic_id[0x06] disabled)
[    0.000000] ACPI: LAPIC (acpi_id[0x04] lapic_id[0x08] disabled)
[    0.000000] ACPI: LAPIC (acpi_id[0x05] lapic_id[0x0a] disabled)
[    0.000000] ACPI: LAPIC (acpi_id[0x06] lapic_id[0x0c] disabled)
[    0.000000] ACPI: LAPIC (acpi_id[0x07] lapic_id[0x0e] disabled)
[    0.000000] ACPI: LAPIC (acpi_id[0x08] lapic_id[0x10] disabled)
[    0.000000] ACPI: LAPIC (acpi_id[0x09] lapic_id[0x12] disabled)
[    0.000000] ACPI: LAPIC (acpi_id[0x0a] lapic_id[0x14] disabled)
[    0.000000] ACPI: LAPIC (acpi_id[0x0b] lapic_id[0x16] disabled)
[    0.000000] ACPI: LAPIC (acpi_id[0x0c] lapic_id[0x18] disabled)
[    0.000000] ACPI: LAPIC (acpi_id[0x0d] lapic_id[0x1a] disabled)
[    0.000000] ACPI: LAPIC (acpi_id[0x0e] lapic_id[0x1c] disabled)
[    0.000000] ACPI: LAPIC (acpi_id[0x0f] lapic_id[0x1e] disabled)
[    0.000000] ACPI: LAPIC (acpi_id[0x10] lapic_id[0x20] disabled)
[    0.000000] ACPI: LAPIC (acpi_id[0x11] lapic_id[0x22] disabled)
[    0.000000] ACPI: LAPIC (acpi_id[0x12] lapic_id[0x24] disabled)
[    0.000000] ACPI: LAPIC (acpi_id[0x13] lapic_id[0x26] disabled)
[    0.000000] ACPI: LAPIC (acpi_id[0x14] lapic_id[0x28] disabled)
[    0.000000] ACPI: LAPIC (acpi_id[0x15] lapic_id[0x2a] disabled)
[    0.000000] ACPI: LAPIC (acpi_id[0x16] lapic_id[0x2c] disabled)
[    0.000000] ACPI: LAPIC (acpi_id[0x17] lapic_id[0x2e] disabled)
[    0.000000] ACPI: LAPIC (acpi_id[0x18] lapic_id[0x30] disabled)
[    0.000000] ACPI: LAPIC (acpi_id[0x19] lapic_id[0x32] disabled)
[    0.000000] ACPI: LAPIC (acpi_id[0x1a] lapic_id[0x34] disabled)
[    0.000000] ACPI: LAPIC (acpi_id[0x1b] lapic_id[0x36] disabled)
[    0.000000] ACPI: LAPIC (acpi_id[0x1c] lapic_id[0x38] disabled)
[    0.000000] ACPI: LAPIC (acpi_id[0x1d] lapic_id[0x3a] disabled)
[    0.000000] ACPI: LAPIC (acpi_id[0x1e] lapic_id[0x3c] disabled)
[    0.000000] ACPI: LAPIC (acpi_id[0x1f] lapic_id[0x3e] disabled)
[    0.000000] ACPI: LAPIC (acpi_id[0x20] lapic_id[0x40] disabled)
[    0.000000] ACPI: LAPIC (acpi_id[0x21] lapic_id[0x42] disabled)
[    0.000000] ACPI: LAPIC (acpi_id[0x22] lapic_id[0x44] disabled)
[    0.000000] ACPI: LAPIC (acpi_id[0x23] lapic_id[0x46] disabled)
[    0.000000] ACPI: LAPIC (acpi_id[0x24] lapic_id[0x48] disabled)
[    0.000000] ACPI: LAPIC (acpi_id[0x25] lapic_id[0x4a] disabled)
[    0.000000] ACPI: LAPIC (acpi_id[0x26] lapic_id[0x4c] disabled)
[    0.000000] ACPI: LAPIC (acpi_id[0x27] lapic_id[0x4e] disabled)
[    0.000000] ACPI: LAPIC (acpi_id[0x28] lapic_id[0x50] disabled)
[    0.000000] ACPI: LAPIC (acpi_id[0x29] lapic_id[0x52] disabled)
[    0.000000] ACPI: LAPIC (acpi_id[0x2a] lapic_id[0x54] disabled)
[    0.000000] ACPI: LAPIC (acpi_id[0x2b] lapic_id[0x56] disabled)
[    0.000000] ACPI: LAPIC (acpi_id[0x2c] lapic_id[0x58] disabled)
[    0.000000] ACPI: LAPIC (acpi_id[0x2d] lapic_id[0x5a] disabled)
[    0.000000] ACPI: LAPIC (acpi_id[0x2e] lapic_id[0x5c] disabled)
[    0.000000] ACPI: LAPIC (acpi_id[0x2f] lapic_id[0x5e] disabled)
[    0.000000] ACPI: LAPIC (acpi_id[0x30] lapic_id[0x60] disabled)
[    0.000000] ACPI: LAPIC (acpi_id[0x31] lapic_id[0x62] disabled)
[    0.000000] ACPI: LAPIC (acpi_id[0x32] lapic_id[0x64] disabled)
[    0.000000] ACPI: LAPIC (acpi_id[0x33] lapic_id[0x66] disabled)
[    0.000000] ACPI: LAPIC (acpi_id[0x34] lapic_id[0x68] disabled)
[    0.000000] ACPI: LAPIC (acpi_id[0x35] lapic_id[0x6a] disabled)
[    0.000000] ACPI: LAPIC (acpi_id[0x36] lapic_id[0x6c] disabled)
[    0.000000] ACPI: LAPIC (acpi_id[0x37] lapic_id[0x6e] disabled)
[    0.000000] ACPI: LAPIC (acpi_id[0x38] lapic_id[0x70] disabled)
[    0.000000] ACPI: LAPIC (acpi_id[0x39] lapic_id[0x72] disabled)
[    0.000000] ACPI: LAPIC (acpi_id[0x3a] lapic_id[0x74] disabled)
[    0.000000] ACPI: LAPIC (acpi_id[0x3b] lapic_id[0x76] disabled)
[    0.000000] ACPI: LAPIC (acpi_id[0x3c] lapic_id[0x78] disabled)
[    0.000000] ACPI: LAPIC (acpi_id[0x3d] lapic_id[0x7a] disabled)
[    0.000000] ACPI: LAPIC (acpi_id[0x3e] lapic_id[0x7c] disabled)
[    0.000000] ACPI: LAPIC (acpi_id[0x3f] lapic_id[0x7e] disabled)
[    0.000000] ACPI: LAPIC_NMI (acpi_id[0x00] high edge lint[0x1])
[    0.000000] ACPI: LAPIC_NMI (acpi_id[0x01] high edge lint[0x1])
[    0.000000] ACPI: LAPIC_NMI (acpi_id[0x02] high edge lint[0x1])
[    0.000000] ACPI: LAPIC_NMI (acpi_id[0x03] high edge lint[0x1])
[    0.000000] ACPI: LAPIC_NMI (acpi_id[0x04] high edge lint[0x1])
[    0.000000] ACPI: LAPIC_NMI (acpi_id[0x05] high edge lint[0x1])
[    0.000000] ACPI: LAPIC_NMI (acpi_id[0x06] high edge lint[0x1])
[    0.000000] ACPI: LAPIC_NMI (acpi_id[0x07] high edge lint[0x1])
[    0.000000] ACPI: LAPIC_NMI (acpi_id[0x08] high edge lint[0x1])
[    0.000000] ACPI: LAPIC_NMI (acpi_id[0x09] high edge lint[0x1])
[    0.000000] ACPI: LAPIC_NMI (acpi_id[0x0a] high edge lint[0x1])
[    0.000000] ACPI: LAPIC_NMI (acpi_id[0x0b] high edge lint[0x1])
[    0.000000] ACPI: LAPIC_NMI (acpi_id[0x0c] high edge lint[0x1])
[    0.000000] ACPI: LAPIC_NMI (acpi_id[0x0d] high edge lint[0x1])
[    0.000000] ACPI: LAPIC_NMI (acpi_id[0x0e] high edge lint[0x1])
[    0.000000] ACPI: LAPIC_NMI (acpi_id[0x0f] high edge lint[0x1])
[    0.000000] ACPI: LAPIC_NMI (acpi_id[0x10] high edge lint[0x1])
[    0.000000] ACPI: LAPIC_NMI (acpi_id[0x11] high edge lint[0x1])
[    0.000000] ACPI: LAPIC_NMI (acpi_id[0x12] high edge lint[0x1])
[    0.000000] ACPI: LAPIC_NMI (acpi_id[0x13] high edge lint[0x1])
[    0.000000] ACPI: LAPIC_NMI (acpi_id[0x14] high edge lint[0x1])
[    0.000000] ACPI: LAPIC_NMI (acpi_id[0x15] high edge lint[0x1])
[    0.000000] ACPI: LAPIC_NMI (acpi_id[0x16] high edge lint[0x1])
[    0.000000] ACPI: LAPIC_NMI (acpi_id[0x17] high edge lint[0x1])
[    0.000000] ACPI: LAPIC_NMI (acpi_id[0x18] high edge lint[0x1])
[    0.000000] ACPI: LAPIC_NMI (acpi_id[0x19] high edge lint[0x1])
[    0.000000] ACPI: LAPIC_NMI (acpi_id[0x1a] high edge lint[0x1])
[    0.000000] ACPI: LAPIC_NMI (acpi_id[0x1b] high edge lint[0x1])
[    0.000000] ACPI: LAPIC_NMI (acpi_id[0x1c] high edge lint[0x1])
[    0.000000] ACPI: LAPIC_NMI (acpi_id[0x1d] high edge lint[0x1])
[    0.000000] ACPI: LAPIC_NMI (acpi_id[0x1e] high edge lint[0x1])
[    0.000000] ACPI: LAPIC_NMI (acpi_id[0x1f] high edge lint[0x1])
[    0.000000] ACPI: LAPIC_NMI (acpi_id[0x20] high edge lint[0x1])
[    0.000000] ACPI: LAPIC_NMI (acpi_id[0x21] high edge lint[0x1])
[    0.000000] ACPI: LAPIC_NMI (acpi_id[0x22] high edge lint[0x1])
[    0.000000] ACPI: LAPIC_NMI (acpi_id[0x23] high edge lint[0x1])
[    0.000000] ACPI: LAPIC_NMI (acpi_id[0x24] high edge lint[0x1])
[    0.000000] ACPI: LAPIC_NMI (acpi_id[0x25] high edge lint[0x1])
[    0.000000] ACPI: LAPIC_NMI (acpi_id[0x26] high edge lint[0x1])
[    0.000000] ACPI: LAPIC_NMI (acpi_id[0x27] high edge lint[0x1])
[    0.000000] ACPI: LAPIC_NMI (acpi_id[0x28] high edge lint[0x1])
[    0.000000] ACPI: LAPIC_NMI (acpi_id[0x29] high edge lint[0x1])
[    0.000000] ACPI: LAPIC_NMI (acpi_id[0x2a] high edge lint[0x1])
[    0.000000] ACPI: LAPIC_NMI (acpi_id[0x2b] high edge lint[0x1])
[    0.000000] ACPI: LAPIC_NMI (acpi_id[0x2c] high edge lint[0x1])
[    0.000000] ACPI: LAPIC_NMI (acpi_id[0x2d] high edge lint[0x1])
[    0.000000] ACPI: LAPIC_NMI (acpi_id[0x2e] high edge lint[0x1])
[    0.000000] ACPI: LAPIC_NMI (acpi_id[0x2f] high edge lint[0x1])
[    0.000000] ACPI: LAPIC_NMI (acpi_id[0x30] high edge lint[0x1])
[    0.000000] ACPI: LAPIC_NMI (acpi_id[0x31] high edge lint[0x1])
[    0.000000] ACPI: LAPIC_NMI (acpi_id[0x32] high edge lint[0x1])
[    0.000000] ACPI: LAPIC_NMI (acpi_id[0x33] high edge lint[0x1])
[    0.000000] ACPI: LAPIC_NMI (acpi_id[0x34] high edge lint[0x1])
[    0.000000] ACPI: LAPIC_NMI (acpi_id[0x35] high edge lint[0x1])
[    0.000000] ACPI: LAPIC_NMI (acpi_id[0x36] high edge lint[0x1])
[    0.000000] ACPI: LAPIC_NMI (acpi_id[0x37] high edge lint[0x1])
[    0.000000] ACPI: LAPIC_NMI (acpi_id[0x38] high edge lint[0x1])
[    0.000000] ACPI: LAPIC_NMI (acpi_id[0x39] high edge lint[0x1])
[    0.000000] ACPI: LAPIC_NMI (acpi_id[0x3a] high edge lint[0x1])
[    0.000000] ACPI: LAPIC_NMI (acpi_id[0x3b] high edge lint[0x1])
[    0.000000] ACPI: LAPIC_NMI (acpi_id[0x3c] high edge lint[0x1])
[    0.000000] ACPI: LAPIC_NMI (acpi_id[0x3d] high edge lint[0x1])
[    0.000000] ACPI: LAPIC_NMI (acpi_id[0x3e] high edge lint[0x1])
[    0.000000] ACPI: LAPIC_NMI (acpi_id[0x3f] high edge lint[0x1])
[    0.000000] ACPI: Skipping IOAPIC probe due to 'noapic' option.
[    0.000000] Using ACPI for processor (LAPIC) configuration information
[    0.000000] ACPI: HPET id: 0x8086af01 base: 0xfed00000
[    0.000000] Intel MultiProcessor Specification v1.4
[    0.000000]     Virtual Wire compatibility mode.
[    0.000000] MPTABLE: OEM ID: INTEL   
[    0.000000] MPTABLE: Product ID: 440BX       
[    0.000000] MPTABLE: APIC at: 0xFEE00000
[    0.000000] IOAPIC[0]: apic_id 1, version 17, address 0xfec00000, GSI 0-23
[    0.000000] Processors: 1
[    0.000000] SMP: Allowing 1 CPUs, 0 hotplug CPUs
[    0.000000] nr_irqs_gsi: 40
[    0.000000] PM: Registered nosave memory: 000000000009f000 - 00000000000a0000
[    0.000000] PM: Registered nosave memory: 00000000000a0000 - 00000000000ca000
[    0.000000] PM: Registered nosave memory: 00000000000ca000 - 00000000000cc000
[    0.000000] PM: Registered nosave memory: 00000000000cc000 - 00000000000dc000
[    0.000000] PM: Registered nosave memory: 00000000000dc000 - 0000000000100000
[    0.000000] Allocating PCI resources starting at 40000000 (gap: 40000000:a0000000)
[    0.000000] Booting paravirtualized kernel on bare hardware
[    0.000000] setup_percpu: NR_CPUS:8 nr_cpumask_bits:8 nr_cpu_ids:1 nr_node_ids:1
[    0.000000] PERCPU: Embedded 14 pages/cpu @f73e8000 s34240 r0 d23104 u57344
[    0.000000] pcpu-alloc: s34240 r0 d23104 u57344 alloc=14*4096
[    0.000000] pcpu-alloc: [0] 0 
[    0.000000] Built 1 zonelists in Zone order, mobility grouping on.  Total pages: 259950
[    0.000000] Kernel command line: BOOT_IMAGE=/boot/vmlinuz-3.2.0-29-generic-pae root=UUID=007b598c-390d-4c65-84a1-4ff752d48633 ro quiet splash maxcpus=0
[    0.000000] PID hash table entries: 4096 (order: 2, 16384 bytes)
[    0.000000] Dentry cache hash table entries: 131072 (order: 7, 524288 bytes)
[    0.000000] Inode-cache hash table entries: 65536 (order: 6, 262144 bytes)
[    0.000000] Initializing CPU#0
[    0.000000] xsave/xrstor: enabled xstate_bv 0x7, cntxt size 0x340
[    0.000000] allocated 4194048 bytes of page_cgroup
[    0.000000] please try 'cgroup_disable=memory' option if you don't want memory cgroups
[    0.000000] Initializing HighMem for node 0 (00037bfe:00040000)
[    0.000000] Memory: 1010624k/1048576k available (5814k kernel code, 37372k reserved, 2841k data, 740k init, 135048k highmem)
[    0.000000] virtual kernel memory layout:
[    0.000000]     fixmap  : 0xfff16000 - 0xfffff000   ( 932 kB)
[    0.000000]     pkmap   : 0xffc00000 - 0xffe00000   (2048 kB)
[    0.000000]     vmalloc : 0xf83fe000 - 0xffbfe000   ( 120 MB)
[    0.000000]     lowmem  : 0xc0000000 - 0xf7bfe000   ( 891 MB)
[    0.000000]       .init : 0xc1875000 - 0xc192e000   ( 740 kB)
[    0.000000]       .data : 0xc15adb64 - 0xc1874240   (2841 kB)
[    0.000000]       .text : 0xc1000000 - 0xc15adb64   (5814 kB)
[    0.000000] Checking if this processor honours the WP bit even in supervisor mode...Ok.
[    0.000000] SLUB: Genslabs=15, HWalign=64, Order=0-3, MinObjects=0, CPUs=1, Nodes=1
[    0.000000] Hierarchical RCU implementation.
[    0.000000] 	RCU dyntick-idle grace-period acceleration is enabled.
[    0.000000] NR_IRQS:2304 nr_irqs:256 16
[    0.000000] CPU 0 irqstacks, hard=f5c08000 soft=f5c0a000
[    0.000000] Extended CMOS year: 2000
[    0.000000] Console: colour VGA+ 80x25
[    0.000000] console [tty0] enabled
[    0.000000] hpet clockevent registered
[    0.000000] TSC freq read from hypervisor : 2394.620 MHz
[    0.000000] Detected 2394.620 MHz processor.
[    0.000001] Calibrating delay loop (skipped) preset value.. 4789.24 BogoMIPS (lpj=9578480)
[    0.000004] pid_max: default: 32768 minimum: 301
[    0.000018] Security Framework initialized
[    0.000033] AppArmor: AppArmor initialized
[    0.000034] Yama: becoming mindful.
[    0.000070] Mount-cache hash table entries: 512
[    0.000163] Initializing cgroup subsys cpuacct
[    0.000167] Initializing cgroup subsys memory
[    0.000171] Initializing cgroup subsys devices
[    0.000173] Initializing cgroup subsys freezer
[    0.000174] Initializing cgroup subsys blkio
[    0.000179] Initializing cgroup subsys perf_event
[    0.000222] Disabled fast string operations
[    0.000226] CPU: Physical Processor ID: 0
[    0.000235] ENERGY_PERF_BIAS: Set to 'normal', was 'performance'
[    0.000235] ENERGY_PERF_BIAS: View and update with x86_energy_perf_policy(8)
[    0.000879] mce: CPU supports 0 MCE banks
[    0.001629] SMP alternatives: switching to UP code
[    0.020377] Freeing SMP alternatives: 24k freed
[    0.020382] ACPI: Core revision 20110623
[    0.026729] ACPI: setting ELCR to 0200 (from 0e20)
[    0.027890] ftrace: allocating 26545 entries in 52 pages
[    0.048332] SMP mode deactivated.
[    0.048361] SMP disabled
[    0.048363] Performance Events: generic architected perfmon v1, core PMU driver.
[    0.048375] ... version:                1
[    0.048376] ... bit width:              48
[    0.048376] ... generic registers:      4
[    0.048378] ... value mask:             0000ffffffffffff
[    0.048379] ... max period:             000000007fffffff
[    0.048380] ... fixed-purpose events:   0
[    0.048381] ... event mask:             000000000000000f
[    0.048470] NMI watchdog enabled, takes one hw-pmu counter.
[    0.048490] Brought up 1 CPUs
[    0.048491] Total of 1 processors activated (4789.24 BogoMIPS).
[    0.048597] devtmpfs: initialized
[    0.048666] EVM: security.selinux
[    0.048667] EVM: security.SMACK64
[    0.048668] EVM: security.capability
[    0.048694] PM: Registering ACPI NVS region at 3feff000 (4096 bytes)
[    0.049411] print_constraints: dummy: 
[    0.049487] RTC time:  7:46:03, date: 05/27/13
[    0.049515] NET: Registered protocol family 16
[    0.049586] EISA bus registered
[    0.049597] ACPI: bus type pci registered
[    0.049707] PCI: MMCONFIG for domain 0000 [bus 00-ff] at [mem 0xe0000000-0xefffffff] (base 0xe0000000)
[    0.049710] PCI: MMCONFIG at [mem 0xe0000000-0xefffffff] reserved in E820
[    0.049711] PCI: Using MMCONFIG for extended config space
[    0.049712] PCI: Using configuration type 1 for base access
[    0.050437] bio: create slab <bio-0> at 0
[    0.050501] ACPI: Added _OSI(Module Device)
[    0.050502] ACPI: Added _OSI(Processor Device)
[    0.050504] ACPI: Added _OSI(3.0 _SCP Extensions)
[    0.050505] ACPI: Added _OSI(Processor Aggregator Device)
[    0.052430] ACPI: EC: Look up EC in DSDT
[    0.056893] [Firmware Bug]: ACPI: BIOS _OSI(Linux) query ignored
[    0.064896] ACPI: Interpreter enabled
[    0.064904] ACPI: (supports S0 S1 S4 S5)
[    0.064914] ACPI: Using PIC for interrupt routing
[    0.106495] ACPI: No dock devices found.
[    0.106498] HEST: Table not found.
[    0.106503] PCI: Using host bridge windows from ACPI; if necessary, use "pci=nocrs" and report a bug
[    0.107217] ACPI: PCI Root Bridge [PCI0] (domain 0000 [bus 00-ff])
[    0.108436] pci_root PNP0A03:00: host bridge window [mem 0x000a0000-0x000bffff]
[    0.108438] pci_root PNP0A03:00: host bridge window [mem 0x000cc000-0x000cffff]
[    0.108440] pci_root PNP0A03:00: host bridge window [mem 0x000d0000-0x000d3fff]
[    0.108442] pci_root PNP0A03:00: host bridge window [mem 0x000d4000-0x000d7fff]
[    0.108443] pci_root PNP0A03:00: host bridge window [mem 0x000d8000-0x000dbfff]
[    0.108445] pci_root PNP0A03:00: host bridge window [mem 0xc0000000-0xfebfffff]
[    0.108447] pci_root PNP0A03:00: host bridge window [io  0x0000-0x0cf7]
[    0.108448] pci_root PNP0A03:00: host bridge window [io  0x0d00-0xfeff]
[    0.108503] pci 0000:00:00.0: [8086:7190] type 0 class 0x000600
[    0.108957] pci 0000:00:01.0: [8086:7191] type 1 class 0x000604
[    0.109389] pci 0000:00:07.0: [8086:7110] type 0 class 0x000601
[    0.110065] pci 0000:00:07.1: [8086:7111] type 0 class 0x000101
[    0.111584] pci 0000:00:07.1: reg 20: [io  0x10c0-0x10cf]
[    0.112349] pci 0000:00:07.3: [8086:7113] type 0 class 0x000680
[    0.114160] pci 0000:00:07.3: quirk: [io  0x1000-0x103f] claimed by PIIX4 ACPI
[    0.114174] pci 0000:00:07.3: quirk: [io  0x1040-0x104f] claimed by PIIX4 SMB
[    0.114420] pci 0000:00:07.7: [15ad:0740] type 0 class 0x000880
[    0.114913] pci 0000:00:07.7: reg 10: [io  0x1080-0x10bf]
[    0.115499] pci 0000:00:07.7: reg 14: [mem 0xc8000000-0xc8001fff 64bit]
[    0.117616] pci 0000:00:0f.0: [15ad:0405] type 0 class 0x000300
[    0.119675] pci 0000:00:0f.0: reg 10: [io  0x10d0-0x10df]
[    0.121660] pci 0000:00:0f.0: reg 14: [mem 0xd0000000-0xd7ffffff pref]
[    0.123734] pci 0000:00:0f.0: reg 18: [mem 0xc8800000-0xc8ffffff]
[    0.131636] pci 0000:00:0f.0: reg 30: [mem 0x00000000-0x00007fff pref]
[    0.131977] pci 0000:00:10.0: [1000:0030] type 0 class 0x000100
[    0.132544] pci 0000:00:10.0: reg 10: [io  0x1400-0x14ff]
[    0.133271] pci 0000:00:10.0: reg 14: [mem 0xc8040000-0xc805ffff 64bit]
[    0.134003] pci 0000:00:10.0: reg 1c: [mem 0xc8020000-0xc803ffff 64bit]
[    0.135062] pci 0000:00:10.0: reg 30: [mem 0x00000000-0x00003fff pref]
[    0.135228] pci 0000:00:11.0: [15ad:0790] type 1 class 0x000604
[    0.135992] pci 0000:00:15.0: [15ad:07a0] type 1 class 0x000604
[    0.136761] pci 0000:00:15.0: PME# supported from D0 D3hot D3cold
[    0.136786] pci 0000:00:15.0: PME# disabled
[    0.137028] pci 0000:00:15.1: [15ad:07a0] type 1 class 0x000604
[    0.137795] pci 0000:00:15.1: PME# supported from D0 D3hot D3cold
[    0.137819] pci 0000:00:15.1: PME# disabled
[    0.138069] pci 0000:00:15.2: [15ad:07a0] type 1 class 0x000604
[    0.138835] pci 0000:00:15.2: PME# supported from D0 D3hot D3cold
[    0.138858] pci 0000:00:15.2: PME# disabled
[    0.139103] pci 0000:00:15.3: [15ad:07a0] type 1 class 0x000604
[    0.139906] pci 0000:00:15.3: PME# supported from D0 D3hot D3cold
[    0.139931] pci 0000:00:15.3: PME# disabled
[    0.140171] pci 0000:00:15.4: [15ad:07a0] type 1 class 0x000604
[    0.140944] pci 0000:00:15.4: PME# supported from D0 D3hot D3cold
[    0.140968] pci 0000:00:15.4: PME# disabled
[    0.141214] pci 0000:00:15.5: [15ad:07a0] type 1 class 0x000604
[    0.141985] pci 0000:00:15.5: PME# supported from D0 D3hot D3cold
[    0.142009] pci 0000:00:15.5: PME# disabled
[    0.142249] pci 0000:00:15.6: [15ad:07a0] type 1 class 0x000604
[    0.143022] pci 0000:00:15.6: PME# supported from D0 D3hot D3cold
[    0.143046] pci 0000:00:15.6: PME# disabled
[    0.143285] pci 0000:00:15.7: [15ad:07a0] type 1 class 0x000604
[    0.144072] pci 0000:00:15.7: PME# supported from D0 D3hot D3cold
[    0.144097] pci 0000:00:15.7: PME# disabled
[    0.144337] pci 0000:00:16.0: [15ad:07a0] type 1 class 0x000604
[    0.145175] pci 0000:00:16.0: PME# supported from D0 D3hot D3cold
[    0.145208] pci 0000:00:16.0: PME# disabled
[    0.145457] pci 0000:00:16.1: [15ad:07a0] type 1 class 0x000604
[    0.146229] pci 0000:00:16.1: PME# supported from D0 D3hot D3cold
[    0.146253] pci 0000:00:16.1: PME# disabled
[    0.146492] pci 0000:00:16.2: [15ad:07a0] type 1 class 0x000604
[    0.147262] pci 0000:00:16.2: PME# supported from D0 D3hot D3cold
[    0.147286] pci 0000:00:16.2: PME# disabled
[    0.147525] pci 0000:00:16.3: [15ad:07a0] type 1 class 0x000604
[    0.148317] pci 0000:00:16.3: PME# supported from D0 D3hot D3cold
[    0.148342] pci 0000:00:16.3: PME# disabled
[    0.148581] pci 0000:00:16.4: [15ad:07a0] type 1 class 0x000604
[    0.149361] pci 0000:00:16.4: PME# supported from D0 D3hot D3cold
[    0.149386] pci 0000:00:16.4: PME# disabled
[    0.149631] pci 0000:00:16.5: [15ad:07a0] type 1 class 0x000604
[    0.150486] pci 0000:00:16.5: PME# supported from D0 D3hot D3cold
[    0.150511] pci 0000:00:16.5: PME# disabled
[    0.150750] pci 0000:00:16.6: [15ad:07a0] type 1 class 0x000604
[    0.151528] pci 0000:00:16.6: PME# supported from D0 D3hot D3cold
[    0.151552] pci 0000:00:16.6: PME# disabled
[    0.151808] pci 0000:00:16.7: [15ad:07a0] type 1 class 0x000604
[    0.152580] pci 0000:00:16.7: PME# supported from D0 D3hot D3cold
[    0.152604] pci 0000:00:16.7: PME# disabled
[    0.152843] pci 0000:00:17.0: [15ad:07a0] type 1 class 0x000604
[    0.153654] pci 0000:00:17.0: PME# supported from D0 D3hot D3cold
[    0.153678] pci 0000:00:17.0: PME# disabled
[    0.153946] pci 0000:00:17.1: [15ad:07a0] type 1 class 0x000604
[    0.154887] pci 0000:00:17.1: PME# supported from D0 D3hot D3cold
[    0.154948] pci 0000:00:17.1: PME# disabled
[    0.155240] pci 0000:00:17.2: [15ad:07a0] type 1 class 0x000604
[    0.156208] pci 0000:00:17.2: PME# supported from D0 D3hot D3cold
[    0.156238] pci 0000:00:17.2: PME# disabled
[    0.156530] pci 0000:00:17.3: [15ad:07a0] type 1 class 0x000604
[    0.157478] pci 0000:00:17.3: PME# supported from D0 D3hot D3cold
[    0.157508] pci 0000:00:17.3: PME# disabled
[    0.157799] pci 0000:00:17.4: [15ad:07a0] type 1 class 0x000604
[    0.158739] pci 0000:00:17.4: PME# supported from D0 D3hot D3cold
[    0.158768] pci 0000:00:17.4: PME# disabled
[    0.159071] pci 0000:00:17.5: [15ad:07a0] type 1 class 0x000604
[    0.160053] pci 0000:00:17.5: PME# supported from D0 D3hot D3cold
[    0.160083] pci 0000:00:17.5: PME# disabled
[    0.160375] pci 0000:00:17.6: [15ad:07a0] type 1 class 0x000604
[    0.161325] pci 0000:00:17.6: PME# supported from D0 D3hot D3cold
[    0.161354] pci 0000:00:17.6: PME# disabled
[    0.161646] pci 0000:00:17.7: [15ad:07a0] type 1 class 0x000604
[    0.162625] pci 0000:00:17.7: PME# supported from D0 D3hot D3cold
[    0.162654] pci 0000:00:17.7: PME# disabled
[    0.162957] pci 0000:00:18.0: [15ad:07a0] type 1 class 0x000604
[    0.163931] pci 0000:00:18.0: PME# supported from D0 D3hot D3cold
[    0.163966] pci 0000:00:18.0: PME# disabled
[    0.164275] pci 0000:00:18.1: [15ad:07a0] type 1 class 0x000604
[    0.165169] pci 0000:00:18.1: PME# supported from D0 D3hot D3cold
[    0.165198] pci 0000:00:18.1: PME# disabled
[    0.165491] pci 0000:00:18.2: [15ad:07a0] type 1 class 0x000604
[    0.166434] pci 0000:00:18.2: PME# supported from D0 D3hot D3cold
[    0.166463] pci 0000:00:18.2: PME# disabled
[    0.166754] pci 0000:00:18.3: [15ad:07a0] type 1 class 0x000604
[    0.167714] pci 0000:00:18.3: PME# supported from D0 D3hot D3cold
[    0.167764] pci 0000:00:18.3: PME# disabled
[    0.168070] pci 0000:00:18.4: [15ad:07a0] type 1 class 0x000604
[    0.169003] pci 0000:00:18.4: PME# supported from D0 D3hot D3cold
[    0.169033] pci 0000:00:18.4: PME# disabled
[    0.169334] pci 0000:00:18.5: [15ad:07a0] type 1 class 0x000604
[    0.170298] pci 0000:00:18.5: PME# supported from D0 D3hot D3cold
[    0.170327] pci 0000:00:18.5: PME# disabled
[    0.170618] pci 0000:00:18.6: [15ad:07a0] type 1 class 0x000604
[    0.171582] pci 0000:00:18.6: PME# supported from D0 D3hot D3cold
[    0.171611] pci 0000:00:18.6: PME# disabled
[    0.171933] pci 0000:00:18.7: [15ad:07a0] type 1 class 0x000604
[    0.172874] pci 0000:00:18.7: PME# supported from D0 D3hot D3cold
[    0.172914] pci 0000:00:18.7: PME# disabled
[    0.173677] pci 0000:00:01.0: PCI bridge to [bus 01-01]
[    0.174057] pci 0000:02:00.0: [15ad:0774] type 0 class 0x000c03
[    0.175386] pci 0000:02:00.0: reg 20: [io  0x20c0-0x20df]
[    0.176051] pci 0000:02:01.0: [1022:2000] type 0 class 0x000200
[    0.176363] pci 0000:02:01.0: reg 10: [io  0x2000-0x207f]
[    0.177882] pci 0000:02:01.0: reg 30: [mem 0x00000000-0x0000ffff pref]
[    0.178053] pci 0000:02:02.0: [1274:1371] type 0 class 0x000401
[    0.178388] pci 0000:02:02.0: reg 10: [io  0x2080-0x20bf]
[    0.180323] pci 0000:02:03.0: [15ad:0770] type 0 class 0x000c03
[    0.180601] pci 0000:02:03.0: reg 10: [mem 0xc9000000-0xc9000fff]
[    0.182346] pci 0000:00:11.0: PCI bridge to [bus 02-02] (subtractive decode)
[    0.182371] pci 0000:00:11.0:   bridge window [io  0x2000-0x3fff]
[    0.182395] pci 0000:00:11.0:   bridge window [mem 0xc9000000-0xca3fffff]
[    0.182439] pci 0000:00:11.0:   bridge window [mem 0xd8400000-0xd89fffff 64bit pref]
[    0.182441] pci 0000:00:11.0:   bridge window [mem 0x000a0000-0x000bffff] (subtractive decode)
[    0.182443] pci 0000:00:11.0:   bridge window [mem 0x000cc000-0x000cffff] (subtractive decode)
[    0.182444] pci 0000:00:11.0:   bridge window [mem 0x000d0000-0x000d3fff] (subtractive decode)
[    0.182446] pci 0000:00:11.0:   bridge window [mem 0x000d4000-0x000d7fff] (subtractive decode)
[    0.182448] pci 0000:00:11.0:   bridge window [mem 0x000d8000-0x000dbfff] (subtractive decode)
[    0.182449] pci 0000:00:11.0:   bridge window [mem 0xc0000000-0xfebfffff] (subtractive decode)
[    0.182451] pci 0000:00:11.0:   bridge window [io  0x0000-0x0cf7] (subtractive decode)
[    0.182452] pci 0000:00:11.0:   bridge window [io  0x0d00-0xfeff] (subtractive decode)
[    0.182927] pci 0000:00:15.0: PCI bridge to [bus 03-03]
[    0.182950] pci 0000:00:15.0:   bridge window [io  0x4000-0x4fff]
[    0.182973] pci 0000:00:15.0:   bridge window [mem 0xca400000-0xca4fffff]
[    0.183016] pci 0000:00:15.0:   bridge window [mem 0xd8a00000-0xd8afffff 64bit pref]
[    0.183482] pci 0000:00:15.1: PCI bridge to [bus 04-04]
[    0.183504] pci 0000:00:15.1:   bridge window [io  0x8000-0x8fff]
[    0.183528] pci 0000:00:15.1:   bridge window [mem 0xca800000-0xca8fffff]
[    0.183572] pci 0000:00:15.1:   bridge window [mem 0xd8e00000-0xd8efffff 64bit pref]
[    0.184056] pci 0000:00:15.2: PCI bridge to [bus 05-05]
[    0.184079] pci 0000:00:15.2:   bridge window [io  0xc000-0xcfff]
[    0.184102] pci 0000:00:15.2:   bridge window [mem 0xcac00000-0xcacfffff]
[    0.184146] pci 0000:00:15.2:   bridge window [mem 0xd9200000-0xd92fffff 64bit pref]
[    0.184615] pci 0000:00:15.3: PCI bridge to [bus 06-06]
[    0.184658] pci 0000:00:15.3:   bridge window [mem 0xcb000000-0xcb0fffff]
[    0.184702] pci 0000:00:15.3:   bridge window [mem 0xd9600000-0xd96fffff 64bit pref]
[    0.185176] pci 0000:00:15.4: PCI bridge to [bus 07-07]
[    0.185220] pci 0000:00:15.4:   bridge window [mem 0xcb400000-0xcb4fffff]
[    0.185264] pci 0000:00:15.4:   bridge window [mem 0xd9a00000-0xd9afffff 64bit pref]
[    0.185727] pci 0000:00:15.5: PCI bridge to [bus 08-08]
[    0.185771] pci 0000:00:15.5:   bridge window [mem 0xcb800000-0xcb8fffff]
[    0.185815] pci 0000:00:15.5:   bridge window [mem 0xd9e00000-0xd9efffff 64bit pref]
[    0.186284] pci 0000:00:15.6: PCI bridge to [bus 09-09]
[    0.186327] pci 0000:00:15.6:   bridge window [mem 0xcbc00000-0xcbcfffff]
[    0.186371] pci 0000:00:15.6:   bridge window [mem 0xda200000-0xda2fffff 64bit pref]
[    0.186835] pci 0000:00:15.7: PCI bridge to [bus 0a-0a]
[    0.186887] pci 0000:00:15.7:   bridge window [mem 0xcc000000-0xcc0fffff]
[    0.186931] pci 0000:00:15.7:   bridge window [mem 0xda600000-0xda6fffff 64bit pref]
[    0.187393] pci 0000:00:16.0: PCI bridge to [bus 0b-0b]
[    0.187416] pci 0000:00:16.0:   bridge window [io  0x5000-0x5fff]
[    0.187439] pci 0000:00:16.0:   bridge window [mem 0xca500000-0xca5fffff]
[    0.187483] pci 0000:00:16.0:   bridge window [mem 0xd8b00000-0xd8bfffff 64bit pref]
[    0.187984] pci 0000:00:16.1: PCI bridge to [bus 0c-0c]
[    0.188008] pci 0000:00:16.1:   bridge window [io  0x9000-0x9fff]
[    0.188032] pci 0000:00:16.1:   bridge window [mem 0xca900000-0xca9fffff]
[    0.188076] pci 0000:00:16.1:   bridge window [mem 0xd8f00000-0xd8ffffff 64bit pref]
[    0.188542] pci 0000:00:16.2: PCI bridge to [bus 0d-0d]
[    0.188564] pci 0000:00:16.2:   bridge window [io  0xd000-0xdfff]
[    0.188588] pci 0000:00:16.2:   bridge window [mem 0xcad00000-0xcadfffff]
[    0.188631] pci 0000:00:16.2:   bridge window [mem 0xd9300000-0xd93fffff 64bit pref]
[    0.189111] pci 0000:00:16.3: PCI bridge to [bus 0e-0e]
[    0.189154] pci 0000:00:16.3:   bridge window [mem 0xcb100000-0xcb1fffff]
[    0.189198] pci 0000:00:16.3:   bridge window [mem 0xd9700000-0xd97fffff 64bit pref]
[    0.189660] pci 0000:00:16.4: PCI bridge to [bus 0f-0f]
[    0.189704] pci 0000:00:16.4:   bridge window [mem 0xcb500000-0xcb5fffff]
[    0.189747] pci 0000:00:16.4:   bridge window [mem 0xd9b00000-0xd9bfffff 64bit pref]
[    0.190222] pci 0000:00:16.5: PCI bridge to [bus 10-10]
[    0.190265] pci 0000:00:16.5:   bridge window [mem 0xcb900000-0xcb9fffff]
[    0.190309] pci 0000:00:16.5:   bridge window [mem 0xd9f00000-0xd9ffffff 64bit pref]
[    0.190771] pci 0000:00:16.6: PCI bridge to [bus 11-11]
[    0.190815] pci 0000:00:16.6:   bridge window [mem 0xcbd00000-0xcbdfffff]
[    0.190868] pci 0000:00:16.6:   bridge window [mem 0xda300000-0xda3fffff 64bit pref]
[    0.191330] pci 0000:00:16.7: PCI bridge to [bus 12-12]
[    0.191373] pci 0000:00:16.7:   bridge window [mem 0xcc100000-0xcc1fffff]
[    0.191417] pci 0000:00:16.7:   bridge window [mem 0xda700000-0xda7fffff 64bit pref]
[    0.191903] pci 0000:00:17.0: PCI bridge to [bus 13-13]
[    0.191927] pci 0000:00:17.0:   bridge window [io  0x6000-0x6fff]
[    0.191951] pci 0000:00:17.0:   bridge window [mem 0xca600000-0xca6fffff]
[    0.191995] pci 0000:00:17.0:   bridge window [mem 0xd8c00000-0xd8cfffff 64bit pref]
[    0.192459] pci 0000:00:17.1: PCI bridge to [bus 14-14]
[    0.192482] pci 0000:00:17.1:   bridge window [io  0xa000-0xafff]
[    0.192505] pci 0000:00:17.1:   bridge window [mem 0xcaa00000-0xcaafffff]
[    0.192549] pci 0000:00:17.1:   bridge window [mem 0xd9000000-0xd90fffff 64bit pref]
[    0.193020] pci 0000:00:17.2: PCI bridge to [bus 15-15]
[    0.193043] pci 0000:00:17.2:   bridge window [io  0xe000-0xefff]
[    0.193066] pci 0000:00:17.2:   bridge window [mem 0xcae00000-0xcaefffff]
[    0.193110] pci 0000:00:17.2:   bridge window [mem 0xd9400000-0xd94fffff 64bit pref]
[    0.193575] pci 0000:00:17.3: PCI bridge to [bus 16-16]
[    0.193618] pci 0000:00:17.3:   bridge window [mem 0xcb200000-0xcb2fffff]
[    0.193683] pci 0000:00:17.3:   bridge window [mem 0xd9800000-0xd98fffff 64bit pref]
[    0.194202] pci 0000:00:17.4: PCI bridge to [bus 17-17]
[    0.194246] pci 0000:00:17.4:   bridge window [mem 0xcb600000-0xcb6fffff]
[    0.194290] pci 0000:00:17.4:   bridge window [mem 0xd9c00000-0xd9cfffff 64bit pref]
[    0.194754] pci 0000:00:17.5: PCI bridge to [bus 18-18]
[    0.194798] pci 0000:00:17.5:   bridge window [mem 0xcba00000-0xcbafffff]
[    0.194842] pci 0000:00:17.5:   bridge window [mem 0xda000000-0xda0fffff 64bit pref]
[    0.195316] pci 0000:00:17.6: PCI bridge to [bus 19-19]
[    0.195360] pci 0000:00:17.6:   bridge window [mem 0xcbe00000-0xcbefffff]
[    0.195403] pci 0000:00:17.6:   bridge window [mem 0xda400000-0xda4fffff 64bit pref]
[    0.195894] pci 0000:00:17.7: PCI bridge to [bus 1a-1a]
[    0.195938] pci 0000:00:17.7:   bridge window [mem 0xcc200000-0xcc2fffff]
[    0.195981] pci 0000:00:17.7:   bridge window [mem 0xda800000-0xda8fffff 64bit pref]
[    0.196444] pci 0000:00:18.0: PCI bridge to [bus 1b-1b]
[    0.196467] pci 0000:00:18.0:   bridge window [io  0x7000-0x7fff]
[    0.196490] pci 0000:00:18.0:   bridge window [mem 0xca700000-0xca7fffff]
[    0.196534] pci 0000:00:18.0:   bridge window [mem 0xd8d00000-0xd8dfffff 64bit pref]
[    0.197005] pci 0000:00:18.1: PCI bridge to [bus 1c-1c]
[    0.197028] pci 0000:00:18.1:   bridge window [io  0xb000-0xbfff]
[    0.197051] pci 0000:00:18.1:   bridge window [mem 0xcab00000-0xcabfffff]
[    0.197095] pci 0000:00:18.1:   bridge window [mem 0xd9100000-0xd91fffff 64bit pref]
[    0.197557] pci 0000:00:18.2: PCI bridge to [bus 1d-1d]
[    0.197580] pci 0000:00:18.2:   bridge window [io  0xf000-0xffff]
[    0.197603] pci 0000:00:18.2:   bridge window [mem 0xcaf00000-0xcaffffff]
[    0.197647] pci 0000:00:18.2:   bridge window [mem 0xd9500000-0xd95fffff 64bit pref]
[    0.198118] pci 0000:00:18.3: PCI bridge to [bus 1e-1e]
[    0.198162] pci 0000:00:18.3:   bridge window [mem 0xcb300000-0xcb3fffff]
[    0.198206] pci 0000:00:18.3:   bridge window [mem 0xd9900000-0xd99fffff 64bit pref]
[    0.198669] pci 0000:00:18.4: PCI bridge to [bus 1f-1f]
[    0.198712] pci 0000:00:18.4:   bridge window [mem 0xcb700000-0xcb7fffff]
[    0.198756] pci 0000:00:18.4:   bridge window [mem 0xd9d00000-0xd9dfffff 64bit pref]
[    0.199230] pci 0000:00:18.5: PCI bridge to [bus 20-20]
[    0.199274] pci 0000:00:18.5:   bridge window [mem 0xcbb00000-0xcbbfffff]
[    0.199318] pci 0000:00:18.5:   bridge window [mem 0xda100000-0xda1fffff 64bit pref]
[    0.199795] pci 0000:00:18.6: PCI bridge to [bus 21-21]
[    0.199847] pci 0000:00:18.6:   bridge window [mem 0xcbf00000-0xcbffffff]
[    0.199891] pci 0000:00:18.6:   bridge window [mem 0xda500000-0xda5fffff 64bit pref]
[    0.200355] pci 0000:00:18.7: PCI bridge to [bus 22-22]
[    0.200398] pci 0000:00:18.7:   bridge window [mem 0xcc300000-0xcc3fffff]
[    0.200442] pci 0000:00:18.7:   bridge window [mem 0xda900000-0xda9fffff 64bit pref]
[    0.202168] pci_bus 0000:00: on NUMA node 0
[    0.202174] ACPI: PCI Interrupt Routing Table [\_SB_.PCI0._PRT]
[    0.202769]  pci0000:00: Requesting ACPI _OSC control (0x1d)
[    0.203001]  pci0000:00: ACPI _OSC control (0x15) granted
[    0.299402] ACPI: PCI Interrupt Link [LNKA] (IRQs 3 4 5 6 7 *9 10 11 14 15)
[    0.299492] ACPI: PCI Interrupt Link [LNKB] (IRQs 3 4 5 6 7 9 10 *11 14 15)
[    0.299599] ACPI: PCI Interrupt Link [LNKC] (IRQs 3 4 5 6 7 9 *10 11 14 15)
[    0.299686] ACPI: PCI Interrupt Link [LNKD] (IRQs 3 4 *5 6 7 9 10 11 14 15)
[    0.299946] vgaarb: device added: PCI:0000:00:0f.0,decodes=io+mem,owns=io+mem,locks=none
[    0.299960] vgaarb: loaded
[    0.299961] vgaarb: bridge control possible 0000:00:0f.0
[    0.300074] i2c-core: driver [aat2870] using legacy suspend method
[    0.300075] i2c-core: driver [aat2870] using legacy resume method
[    0.300160] SCSI subsystem initialized
[    0.300210] libata version 3.00 loaded.
[    0.300251] usbcore: registered new interface driver usbfs
[    0.300265] usbcore: registered new interface driver hub
[    0.300335] usbcore: registered new device driver usb
[    0.300428] PCI: Using ACPI for IRQ routing
[    0.382303] PCI: pci_cache_line_size set to 64 bytes
[    0.382342] pci 0000:00:18.2: no compatible bridge window for [io  0xf000-0xffff]
[    0.383458] reserve RAM buffer: 000000000009f000 - 000000000009ffff 
[    0.383461] reserve RAM buffer: 000000003fee0000 - 000000003fffffff 
[    0.383567] NetLabel: Initializing
[    0.383568] NetLabel:  domain hash size = 128
[    0.383569] NetLabel:  protocols = UNLABELED CIPSOv4
[    0.383590] NetLabel:  unlabeled traffic allowed by default
[    0.383655] hpet0: at MMIO 0xfed00000, IRQs 2, 8, 0, 0, 0, 0, 0, 0, 0, 0, 0, 0, 0, 0, 0, 0
[    0.383661] hpet0: 16 comparators, 64-bit 14.318180 MHz counter
[    0.385685] Switching to clocksource hpet
[    0.391043] AppArmor: AppArmor Filesystem Enabled
[    0.391065] pnp: PnP ACPI init
[    0.391082] ACPI: bus type pnp registered
[    0.391731] pnp 00:00: [bus 00-ff]
[    0.391734] pnp 00:00: [mem 0x000a0000-0x000bffff window]
[    0.391735] pnp 00:00: [mem 0x000c0000-0x000c3fff window]
[    0.391737] pnp 00:00: [mem 0x000c4000-0x000c7fff window]
[    0.391738] pnp 00:00: [mem 0x000c8000-0x000cbfff window]
[    0.391740] pnp 00:00: [mem 0x000cc000-0x000cffff window]
[    0.391741] pnp 00:00: [mem 0x000d0000-0x000d3fff window]
[    0.391742] pnp 00:00: [mem 0x000d4000-0x000d7fff window]
[    0.391744] pnp 00:00: [mem 0x000d8000-0x000dbfff window]
[    0.391745] pnp 00:00: [mem 0x000dc000-0x000dffff window]
[    0.391747] pnp 00:00: [mem 0x000e0000-0x000e3fff window]
[    0.391748] pnp 00:00: [mem 0x000e4000-0x000e7fff window]
[    0.391749] pnp 00:00: [mem 0x000e8000-0x000ebfff window]
[    0.391751] pnp 00:00: [mem 0x000ec000-0x000effff window]
[    0.391752] pnp 00:00: [mem 0xc0000000-0xfebfffff window]
[    0.391754] pnp 00:00: [io  0x0cf8-0x0cff]
[    0.391756] pnp 00:00: [io  0x0000-0x0cf7 window]
[    0.391757] pnp 00:00: [io  0x0d00-0xfeff window]
[    0.391794] pnp 00:00: Plug and Play ACPI device, IDs PNP0a03 PNP0a08 (active)
[    0.391858] pnp 00:01: [io  0x0010-0x001f]
[    0.391859] pnp 00:01: [io  0x0024-0x0025]
[    0.391860] pnp 00:01: [io  0x0028-0x0029]
[    0.391862] pnp 00:01: [io  0x002c-0x002d]
[    0.391863] pnp 00:01: [io  0x002e-0x002f]
[    0.391864] pnp 00:01: [io  0x0030-0x0031]
[    0.391865] pnp 00:01: [io  0x0034-0x0035]
[    0.391866] pnp 00:01: [io  0x0038-0x0039]
[    0.391867] pnp 00:01: [io  0x003c-0x003d]
[    0.391869] pnp 00:01: [io  0x0050-0x0053]
[    0.391870] pnp 00:01: [io  0x0072-0x0077]
[    0.391871] pnp 00:01: [io  0x0080]
[    0.391872] pnp 00:01: [io  0x0090-0x009f]
[    0.391873] pnp 00:01: [io  0x00a4-0x00a5]
[    0.391874] pnp 00:01: [io  0x00a8-0x00a9]
[    0.391875] pnp 00:01: [io  0x00ac-0x00ad]
[    0.391877] pnp 00:01: [io  0x00b0-0x00b5]
[    0.391878] pnp 00:01: [io  0x00b8-0x00b9]
[    0.391879] pnp 00:01: [io  0x00bc-0x00bd]
[    0.391880] pnp 00:01: [io  0x1000-0x103f]
[    0.391881] pnp 00:01: [io  0x1040-0x104f]
[    0.391882] pnp 00:01: [io  0x0cf0-0x0cf1]
[    0.391940] system 00:01: [io  0x1000-0x103f] has been reserved
[    0.391944] system 00:01: [io  0x1040-0x104f] has been reserved
[    0.391946] system 00:01: [io  0x0cf0-0x0cf1] has been reserved
[    0.391948] system 00:01: Plug and Play ACPI device, IDs PNP0c02 (active)
[    0.391955] pnp 00:02: [io  0x0000-0x000f]
[    0.391956] pnp 00:02: [io  0x0081-0x008f]
[    0.391957] pnp 00:02: [io  0x00c0-0x00df]
[    0.391959] pnp 00:02: [dma 4]
[    0.391974] pnp 00:02: Plug and Play ACPI device, IDs PNP0200 (active)
[    0.391980] pnp 00:03: [io  0x0020-0x0021]
[    0.391981] pnp 00:03: [io  0x00a0-0x00a1]
[    0.391982] pnp 00:03: [io  0x04d0-0x04d1]
[    0.391984] pnp 00:03: [irq 2 disabled]
[    0.391999] pnp 00:03: Plug and Play ACPI device, IDs PNP0001 (active)
[    0.392005] pnp 00:04: [io  0x0070-0x0071]
[    0.392008] pnp 00:04: [irq 8]
[    0.392020] pnp 00:04: Plug and Play ACPI device, IDs PNP0b00 (active)
[    0.392025] pnp 00:05: [io  0x0061]
[    0.392038] pnp 00:05: Plug and Play ACPI device, IDs PNP0800 (active)
[    0.392042] pnp 00:06: [io  0x0060]
[    0.392043] pnp 00:06: [io  0x0064]
[    0.392045] pnp 00:06: [irq 1]
[    0.392059] pnp 00:06: Plug and Play ACPI device, IDs PNP0303 (active)
[    0.392065] pnp 00:07: [irq 12]
[    0.392077] pnp 00:07: Plug and Play ACPI device, IDs PNP0f13 (active)
[    0.392239] pnp 00:08: [mem 0xfed00000-0xfed003ff]
[    0.392273] system 00:08: [mem 0xfed00000-0xfed003ff] has been reserved
[    0.392276] system 00:08: Plug and Play ACPI device, IDs PNP0103 PNP0c01 (active)
[    0.397255] pnp 00:09: [io  0x0378-0x037f]
[    0.397260] pnp 00:09: [irq 7]
[    0.399119] pnp 00:09: Plug and Play ACPI device, IDs PNP0400 (active)
[    0.404049] pnp 00:0a: [io  0x03f8-0x03ff]
[    0.404053] pnp 00:0a: [irq 4]
[    0.405206] pnp 00:0a: Plug and Play ACPI device, IDs PNP0501 (active)
[    0.408673] pnp 00:0b: [io  0x02f8-0x02ff]
[    0.408675] pnp 00:0b: [irq 3]
[    0.409924] pnp 00:0b: Plug and Play ACPI device, IDs PNP0501 (active)
[    0.415304] pnp 00:0c: [io  0x03f0-0x03f5]
[    0.415307] pnp 00:0c: [io  0x03f7]
[    0.415310] pnp 00:0c: [irq 6]
[    0.415312] pnp 00:0c: [dma 2]
[    0.416949] pnp 00:0c: Plug and Play ACPI device, IDs PNP0700 (active)
[    0.417317] pnp 00:0d: [mem 0xe0000000-0xefffffff]
[    0.417320] pnp 00:0d: [io  0x1060-0x107f]
[    0.417322] pnp 00:0d: [mem 0xc8200000-0xc83fffff]
[    0.417399] system 00:0d: [io  0x1060-0x107f] has been reserved
[    0.417404] system 00:0d: [mem 0xe0000000-0xefffffff] has been reserved
[    0.417407] system 00:0d: [mem 0xc8200000-0xc83fffff] has been reserved
[    0.417410] system 00:0d: Plug and Play ACPI device, IDs PNP0c02 (active)
[    0.424198] pnp: PnP ACPI: found 14 devices
[    0.424203] ACPI: ACPI bus type pnp unregistered
[    0.424208] PnPBIOS: Disabled by ACPI PNP
[    0.460598] PCI: max bus depth: 1 pci_try_num: 2
[    0.461640] pci 0000:00:0f.0: BAR 6: assigned [mem 0xc0000000-0xc0007fff pref]
[    0.461645] pci 0000:00:10.0: BAR 6: assigned [mem 0xc0008000-0xc000bfff pref]
[    0.461650] pci 0000:00:18.7: BAR 13: can't assign io (size 0x1000)
[    0.461653] pci 0000:00:18.6: BAR 13: can't assign io (size 0x1000)
[    0.461656] pci 0000:00:18.5: BAR 13: can't assign io (size 0x1000)
[    0.461659] pci 0000:00:18.4: BAR 13: can't assign io (size 0x1000)
[    0.461662] pci 0000:00:18.3: BAR 13: can't assign io (size 0x1000)
[    0.461665] pci 0000:00:18.2: BAR 13: can't assign io (size 0x1000)
[    0.461668] pci 0000:00:17.7: BAR 13: can't assign io (size 0x1000)
[    0.461671] pci 0000:00:17.6: BAR 13: can't assign io (size 0x1000)
[    0.461674] pci 0000:00:17.5: BAR 13: can't assign io (size 0x1000)
[    0.461677] pci 0000:00:17.4: BAR 13: can't assign io (size 0x1000)
[    0.461680] pci 0000:00:17.3: BAR 13: can't assign io (size 0x1000)
[    0.461683] pci 0000:00:16.7: BAR 13: can't assign io (size 0x1000)
[    0.461686] pci 0000:00:16.6: BAR 13: can't assign io (size 0x1000)
[    0.461688] pci 0000:00:16.5: BAR 13: can't assign io (size 0x1000)
[    0.461692] pci 0000:00:16.4: BAR 13: can't assign io (size 0x1000)
[    0.461695] pci 0000:00:16.3: BAR 13: can't assign io (size 0x1000)
[    0.461697] pci 0000:00:15.7: BAR 13: can't assign io (size 0x1000)
[    0.461700] pci 0000:00:15.6: BAR 13: can't assign io (size 0x1000)
[    0.461703] pci 0000:00:15.5: BAR 13: can't assign io (size 0x1000)
[    0.461706] pci 0000:00:15.4: BAR 13: can't assign io (size 0x1000)
[    0.461709] pci 0000:00:15.3: BAR 13: can't assign io (size 0x1000)
[    0.461712] pci 0000:00:01.0: PCI bridge to [bus 01-01]
[    0.461767] pci 0000:02:01.0: BAR 6: assigned [mem 0xd8400000-0xd840ffff pref]
[    0.461769] pci 0000:00:11.0: PCI bridge to [bus 02-02]
[    0.461784] pci 0000:00:11.0:   bridge window [io  0x2000-0x3fff]
[    0.461818] pci 0000:00:11.0:   bridge window [mem 0xc9000000-0xca3fffff]
[    0.461842] pci 0000:00:11.0:   bridge window [mem 0xd8400000-0xd89fffff 64bit pref]
[    0.461886] pci 0000:00:15.0: PCI bridge to [bus 03-03]
[    0.461900] pci 0000:00:15.0:   bridge window [io  0x4000-0x4fff]
[    0.461934] pci 0000:00:15.0:   bridge window [mem 0xca400000-0xca4fffff]
[    0.461958] pci 0000:00:15.0:   bridge window [mem 0xd8a00000-0xd8afffff 64bit pref]
[    0.462013] pci 0000:00:15.1: PCI bridge to [bus 04-04]
[    0.462027] pci 0000:00:15.1:   bridge window [io  0x8000-0x8fff]
[    0.462062] pci 0000:00:15.1:   bridge window [mem 0xca800000-0xca8fffff]
[    0.462085] pci 0000:00:15.1:   bridge window [mem 0xd8e00000-0xd8efffff 64bit pref]
[    0.462135] pci 0000:00:15.2: PCI bridge to [bus 05-05]
[    0.462149] pci 0000:00:15.2:   bridge window [io  0xc000-0xcfff]
[    0.462183] pci 0000:00:15.2:   bridge window [mem 0xcac00000-0xcacfffff]
[    0.462208] pci 0000:00:15.2:   bridge window [mem 0xd9200000-0xd92fffff 64bit pref]
[    0.462257] pci 0000:00:15.3: PCI bridge to [bus 06-06]
[    0.462291] pci 0000:00:15.3:   bridge window [mem 0xcb000000-0xcb0fffff]
[    0.462315] pci 0000:00:15.3:   bridge window [mem 0xd9600000-0xd96fffff 64bit pref]
[    0.462369] pci 0000:00:15.4: PCI bridge to [bus 07-07]
[    0.462404] pci 0000:00:15.4:   bridge window [mem 0xcb400000-0xcb4fffff]
[    0.462428] pci 0000:00:15.4:   bridge window [mem 0xd9a00000-0xd9afffff 64bit pref]
[    0.462477] pci 0000:00:15.5: PCI bridge to [bus 08-08]
[    0.462511] pci 0000:00:15.5:   bridge window [mem 0xcb800000-0xcb8fffff]
[    0.462534] pci 0000:00:15.5:   bridge window [mem 0xd9e00000-0xd9efffff 64bit pref]
[    0.462583] pci 0000:00:15.6: PCI bridge to [bus 09-09]
[    0.462617] pci 0000:00:15.6:   bridge window [mem 0xcbc00000-0xcbcfffff]
[    0.462641] pci 0000:00:15.6:   bridge window [mem 0xda200000-0xda2fffff 64bit pref]
[    0.462690] pci 0000:00:15.7: PCI bridge to [bus 0a-0a]
[    0.462724] pci 0000:00:15.7:   bridge window [mem 0xcc000000-0xcc0fffff]
[    0.462748] pci 0000:00:15.7:   bridge window [mem 0xda600000-0xda6fffff 64bit pref]
[    0.462796] pci 0000:00:16.0: PCI bridge to [bus 0b-0b]
[    0.462810] pci 0000:00:16.0:   bridge window [io  0x5000-0x5fff]
[    0.462844] pci 0000:00:16.0:   bridge window [mem 0xca500000-0xca5fffff]
[    0.462868] pci 0000:00:16.0:   bridge window [mem 0xd8b00000-0xd8bfffff 64bit pref]
[    0.462916] pci 0000:00:16.1: PCI bridge to [bus 0c-0c]
[    0.462931] pci 0000:00:16.1:   bridge window [io  0x9000-0x9fff]
[    0.462965] pci 0000:00:16.1:   bridge window [mem 0xca900000-0xca9fffff]
[    0.462988] pci 0000:00:16.1:   bridge window [mem 0xd8f00000-0xd8ffffff 64bit pref]
[    0.463037] pci 0000:00:16.2: PCI bridge to [bus 0d-0d]
[    0.463051] pci 0000:00:16.2:   bridge window [io  0xd000-0xdfff]
[    0.463085] pci 0000:00:16.2:   bridge window [mem 0xcad00000-0xcadfffff]
[    0.463109] pci 0000:00:16.2:   bridge window [mem 0xd9300000-0xd93fffff 64bit pref]
[    0.463157] pci 0000:00:16.3: PCI bridge to [bus 0e-0e]
[    0.463192] pci 0000:00:16.3:   bridge window [mem 0xcb100000-0xcb1fffff]
[    0.463215] pci 0000:00:16.3:   bridge window [mem 0xd9700000-0xd97fffff 64bit pref]
[    0.463264] pci 0000:00:16.4: PCI bridge to [bus 0f-0f]
[    0.463298] pci 0000:00:16.4:   bridge window [mem 0xcb500000-0xcb5fffff]
[    0.463322] pci 0000:00:16.4:   bridge window [mem 0xd9b00000-0xd9bfffff 64bit pref]
[    0.463377] pci 0000:00:16.5: PCI bridge to [bus 10-10]
[    0.463411] pci 0000:00:16.5:   bridge window [mem 0xcb900000-0xcb9fffff]
[    0.463435] pci 0000:00:16.5:   bridge window [mem 0xd9f00000-0xd9ffffff 64bit pref]
[    0.463483] pci 0000:00:16.6: PCI bridge to [bus 11-11]
[    0.463517] pci 0000:00:16.6:   bridge window [mem 0xcbd00000-0xcbdfffff]
[    0.463541] pci 0000:00:16.6:   bridge window [mem 0xda300000-0xda3fffff 64bit pref]
[    0.463589] pci 0000:00:16.7: PCI bridge to [bus 12-12]
[    0.463623] pci 0000:00:16.7:   bridge window [mem 0xcc100000-0xcc1fffff]
[    0.463647] pci 0000:00:16.7:   bridge window [mem 0xda700000-0xda7fffff 64bit pref]
[    0.463696] pci 0000:00:17.0: PCI bridge to [bus 13-13]
[    0.463709] pci 0000:00:17.0:   bridge window [io  0x6000-0x6fff]
[    0.463744] pci 0000:00:17.0:   bridge window [mem 0xca600000-0xca6fffff]
[    0.463767] pci 0000:00:17.0:   bridge window [mem 0xd8c00000-0xd8cfffff 64bit pref]
[    0.463816] pci 0000:00:17.1: PCI bridge to [bus 14-14]
[    0.463829] pci 0000:00:17.1:   bridge window [io  0xa000-0xafff]
[    0.463864] pci 0000:00:17.1:   bridge window [mem 0xcaa00000-0xcaafffff]
[    0.463887] pci 0000:00:17.1:   bridge window [mem 0xd9000000-0xd90fffff 64bit pref]
[    0.463936] pci 0000:00:17.2: PCI bridge to [bus 15-15]
[    0.463949] pci 0000:00:17.2:   bridge window [io  0xe000-0xefff]
[    0.463984] pci 0000:00:17.2:   bridge window [mem 0xcae00000-0xcaefffff]
[    0.464007] pci 0000:00:17.2:   bridge window [mem 0xd9400000-0xd94fffff 64bit pref]
[    0.464056] pci 0000:00:17.3: PCI bridge to [bus 16-16]
[    0.464090] pci 0000:00:17.3:   bridge window [mem 0xcb200000-0xcb2fffff]
[    0.464113] pci 0000:00:17.3:   bridge window [mem 0xd9800000-0xd98fffff 64bit pref]
[    0.464162] pci 0000:00:17.4: PCI bridge to [bus 17-17]
[    0.464196] pci 0000:00:17.4:   bridge window [mem 0xcb600000-0xcb6fffff]
[    0.464220] pci 0000:00:17.4:   bridge window [mem 0xd9c00000-0xd9cfffff 64bit pref]
[    0.464268] pci 0000:00:17.5: PCI bridge to [bus 18-18]
[    0.464303] pci 0000:00:17.5:   bridge window [mem 0xcba00000-0xcbafffff]
[    0.464326] pci 0000:00:17.5:   bridge window [mem 0xda000000-0xda0fffff 64bit pref]
[    0.464381] pci 0000:00:17.6: PCI bridge to [bus 19-19]
[    0.464415] pci 0000:00:17.6:   bridge window [mem 0xcbe00000-0xcbefffff]
[    0.464439] pci 0000:00:17.6:   bridge window [mem 0xda400000-0xda4fffff 64bit pref]
[    0.464494] pci 0000:00:17.7: PCI bridge to [bus 1a-1a]
[    0.464532] pci 0000:00:17.7:   bridge window [mem 0xcc200000-0xcc2fffff]
[    0.464556] pci 0000:00:17.7:   bridge window [mem 0xda800000-0xda8fffff 64bit pref]
[    0.464606] pci 0000:00:18.0: PCI bridge to [bus 1b-1b]
[    0.464620] pci 0000:00:18.0:   bridge window [io  0x7000-0x7fff]
[    0.464654] pci 0000:00:18.0:   bridge window [mem 0xca700000-0xca7fffff]
[    0.464678] pci 0000:00:18.0:   bridge window [mem 0xd8d00000-0xd8dfffff 64bit pref]
[    0.464726] pci 0000:00:18.1: PCI bridge to [bus 1c-1c]
[    0.464740] pci 0000:00:18.1:   bridge window [io  0xb000-0xbfff]
[    0.464775] pci 0000:00:18.1:   bridge window [mem 0xcab00000-0xcabfffff]
[    0.464799] pci 0000:00:18.1:   bridge window [mem 0xd9100000-0xd91fffff 64bit pref]
[    0.464847] pci 0000:00:18.2: PCI bridge to [bus 1d-1d]
[    0.464881] pci 0000:00:18.2:   bridge window [mem 0xcaf00000-0xcaffffff]
[    0.464905] pci 0000:00:18.2:   bridge window [mem 0xd9500000-0xd95fffff 64bit pref]
[    0.464953] pci 0000:00:18.3: PCI bridge to [bus 1e-1e]
[    0.464987] pci 0000:00:18.3:   bridge window [mem 0xcb300000-0xcb3fffff]
[    0.465011] pci 0000:00:18.3:   bridge window [mem 0xd9900000-0xd99fffff 64bit pref]
[    0.465060] pci 0000:00:18.4: PCI bridge to [bus 1f-1f]
[    0.465094] pci 0000:00:18.4:   bridge window [mem 0xcb700000-0xcb7fffff]
[    0.465118] pci 0000:00:18.4:   bridge window [mem 0xd9d00000-0xd9dfffff 64bit pref]
[    0.465167] pci 0000:00:18.5: PCI bridge to [bus 20-20]
[    0.465201] pci 0000:00:18.5:   bridge window [mem 0xcbb00000-0xcbbfffff]
[    0.465224] pci 0000:00:18.5:   bridge window [mem 0xda100000-0xda1fffff 64bit pref]
[    0.465273] pci 0000:00:18.6: PCI bridge to [bus 21-21]
[    0.465307] pci 0000:00:18.6:   bridge window [mem 0xcbf00000-0xcbffffff]
[    0.465339] pci 0000:00:18.6:   bridge window [mem 0xda500000-0xda5fffff 64bit pref]
[    0.465394] pci 0000:00:18.7: PCI bridge to [bus 22-22]
[    0.465440] pci 0000:00:18.7:   bridge window [mem 0xcc300000-0xcc3fffff]
[    0.465472] pci 0000:00:18.7:   bridge window [mem 0xda900000-0xda9fffff 64bit pref]
[    0.465608] pci 0000:00:01.0: setting latency timer to 64
[    0.465663] pci 0000:00:15.0: setting latency timer to 64
[    0.465718] pci 0000:00:15.1: setting latency timer to 64
[    0.465772] pci 0000:00:15.2: setting latency timer to 64
[    0.465827] pci 0000:00:15.3: setting latency timer to 64
[    0.465882] pci 0000:00:15.4: setting latency timer to 64
[    0.465937] pci 0000:00:15.5: setting latency timer to 64
[    0.465991] pci 0000:00:15.6: setting latency timer to 64
[    0.466046] pci 0000:00:15.7: setting latency timer to 64
[    0.466101] pci 0000:00:16.0: setting latency timer to 64
[    0.466156] pci 0000:00:16.1: setting latency timer to 64
[    0.466210] pci 0000:00:16.2: setting latency timer to 64
[    0.466265] pci 0000:00:16.3: setting latency timer to 64
[    0.466320] pci 0000:00:16.4: setting latency timer to 64
[    0.466375] pci 0000:00:16.5: setting latency timer to 64
[    0.466429] pci 0000:00:16.6: setting latency timer to 64
[    0.466484] pci 0000:00:16.7: setting latency timer to 64
[    0.466539] pci 0000:00:17.0: setting latency timer to 64
[    0.466593] pci 0000:00:17.1: setting latency timer to 64
[    0.466648] pci 0000:00:17.2: setting latency timer to 64
[    0.466703] pci 0000:00:17.3: setting latency timer to 64
[    0.466758] pci 0000:00:17.4: setting latency timer to 64
[    0.466812] pci 0000:00:17.5: setting latency timer to 64
[    0.466867] pci 0000:00:17.6: setting latency timer to 64
[    0.466922] pci 0000:00:17.7: setting latency timer to 64
[    0.466977] pci 0000:00:18.0: setting latency timer to 64
[    0.467031] pci 0000:00:18.1: setting latency timer to 64
[    0.467086] pci 0000:00:18.2: setting latency timer to 64
[    0.467141] pci 0000:00:18.3: setting latency timer to 64
[    0.467196] pci 0000:00:18.4: setting latency timer to 64
[    0.467250] pci 0000:00:18.5: setting latency timer to 64
[    0.467305] pci 0000:00:18.6: setting latency timer to 64
[    0.467360] pci 0000:00:18.7: setting latency timer to 64
[    0.467374] pci_bus 0000:00: resource 4 [mem 0x000a0000-0x000bffff]
[    0.467377] pci_bus 0000:00: resource 5 [mem 0x000cc000-0x000cffff]
[    0.467379] pci_bus 0000:00: resource 6 [mem 0x000d0000-0x000d3fff]
[    0.467381] pci_bus 0000:00: resource 7 [mem 0x000d4000-0x000d7fff]
[    0.467383] pci_bus 0000:00: resource 8 [mem 0x000d8000-0x000dbfff]
[    0.467385] pci_bus 0000:00: resource 9 [mem 0xc0000000-0xfebfffff]
[    0.467387] pci_bus 0000:00: resource 10 [io  0x0000-0x0cf7]
[    0.467389] pci_bus 0000:00: resource 11 [io  0x0d00-0xfeff]
[    0.467392] pci_bus 0000:02: resource 0 [io  0x2000-0x3fff]
[    0.467394] pci_bus 0000:02: resource 1 [mem 0xc9000000-0xca3fffff]
[    0.467396] pci_bus 0000:02: resource 2 [mem 0xd8400000-0xd89fffff 64bit pref]
[    0.467398] pci_bus 0000:02: resource 4 [mem 0x000a0000-0x000bffff]
[    0.467400] pci_bus 0000:02: resource 5 [mem 0x000cc000-0x000cffff]
[    0.467402] pci_bus 0000:02: resource 6 [mem 0x000d0000-0x000d3fff]
[    0.467404] pci_bus 0000:02: resource 7 [mem 0x000d4000-0x000d7fff]
[    0.467406] pci_bus 0000:02: resource 8 [mem 0x000d8000-0x000dbfff]
[    0.467408] pci_bus 0000:02: resource 9 [mem 0xc0000000-0xfebfffff]
[    0.467410] pci_bus 0000:02: resource 10 [io  0x0000-0x0cf7]
[    0.467412] pci_bus 0000:02: resource 11 [io  0x0d00-0xfeff]
[    0.467414] pci_bus 0000:03: resource 0 [io  0x4000-0x4fff]
[    0.467416] pci_bus 0000:03: resource 1 [mem 0xca400000-0xca4fffff]
[    0.467418] pci_bus 0000:03: resource 2 [mem 0xd8a00000-0xd8afffff 64bit pref]
[    0.467421] pci_bus 0000:04: resource 0 [io  0x8000-0x8fff]
[    0.467423] pci_bus 0000:04: resource 1 [mem 0xca800000-0xca8fffff]
[    0.467425] pci_bus 0000:04: resource 2 [mem 0xd8e00000-0xd8efffff 64bit pref]
[    0.467427] pci_bus 0000:05: resource 0 [io  0xc000-0xcfff]
[    0.467429] pci_bus 0000:05: resource 1 [mem 0xcac00000-0xcacfffff]
[    0.467431] pci_bus 0000:05: resource 2 [mem 0xd9200000-0xd92fffff 64bit pref]
[    0.467434] pci_bus 0000:06: resource 1 [mem 0xcb000000-0xcb0fffff]
[    0.467437] pci_bus 0000:06: resource 2 [mem 0xd9600000-0xd96fffff 64bit pref]
[    0.467440] pci_bus 0000:07: resource 1 [mem 0xcb400000-0xcb4fffff]
[    0.467443] pci_bus 0000:07: resource 2 [mem 0xd9a00000-0xd9afffff 64bit pref]
[    0.467447] pci_bus 0000:08: resource 1 [mem 0xcb800000-0xcb8fffff]
[    0.467450] pci_bus 0000:08: resource 2 [mem 0xd9e00000-0xd9efffff 64bit pref]
[    0.467452] pci_bus 0000:09: resource 1 [mem 0xcbc00000-0xcbcfffff]
[    0.467454] pci_bus 0000:09: resource 2 [mem 0xda200000-0xda2fffff 64bit pref]
[    0.467457] pci_bus 0000:0a: resource 1 [mem 0xcc000000-0xcc0fffff]
[    0.467459] pci_bus 0000:0a: resource 2 [mem 0xda600000-0xda6fffff 64bit pref]
[    0.467461] pci_bus 0000:0b: resource 0 [io  0x5000-0x5fff]
[    0.467463] pci_bus 0000:0b: resource 1 [mem 0xca500000-0xca5fffff]
[    0.467465] pci_bus 0000:0b: resource 2 [mem 0xd8b00000-0xd8bfffff 64bit pref]
[    0.467467] pci_bus 0000:0c: resource 0 [io  0x9000-0x9fff]
[    0.467469] pci_bus 0000:0c: resource 1 [mem 0xca900000-0xca9fffff]
[    0.467471] pci_bus 0000:0c: resource 2 [mem 0xd8f00000-0xd8ffffff 64bit pref]
[    0.467474] pci_bus 0000:0d: resource 0 [io  0xd000-0xdfff]
[    0.467476] pci_bus 0000:0d: resource 1 [mem 0xcad00000-0xcadfffff]
[    0.467478] pci_bus 0000:0d: resource 2 [mem 0xd9300000-0xd93fffff 64bit pref]
[    0.467480] pci_bus 0000:0e: resource 1 [mem 0xcb100000-0xcb1fffff]
[    0.467482] pci_bus 0000:0e: resource 2 [mem 0xd9700000-0xd97fffff 64bit pref]
[    0.467484] pci_bus 0000:0f: resource 1 [mem 0xcb500000-0xcb5fffff]
[    0.467487] pci_bus 0000:0f: resource 2 [mem 0xd9b00000-0xd9bfffff 64bit pref]
[    0.467489] pci_bus 0000:10: resource 1 [mem 0xcb900000-0xcb9fffff]
[    0.467491] pci_bus 0000:10: resource 2 [mem 0xd9f00000-0xd9ffffff 64bit pref]
[    0.467493] pci_bus 0000:11: resource 1 [mem 0xcbd00000-0xcbdfffff]
[    0.467495] pci_bus 0000:11: resource 2 [mem 0xda300000-0xda3fffff 64bit pref]
[    0.467499] pci_bus 0000:12: resource 1 [mem 0xcc100000-0xcc1fffff]
[    0.467520] pci_bus 0000:12: resource 2 [mem 0xda700000-0xda7fffff 64bit pref]
[    0.467524] pci_bus 0000:13: resource 0 [io  0x6000-0x6fff]
[    0.467526] pci_bus 0000:13: resource 1 [mem 0xca600000-0xca6fffff]
[    0.467529] pci_bus 0000:13: resource 2 [mem 0xd8c00000-0xd8cfffff 64bit pref]
[    0.467533] pci_bus 0000:14: resource 0 [io  0xa000-0xafff]
[    0.467535] pci_bus 0000:14: resource 1 [mem 0xcaa00000-0xcaafffff]
[    0.467539] pci_bus 0000:14: resource 2 [mem 0xd9000000-0xd90fffff 64bit pref]
[    0.467542] pci_bus 0000:15: resource 0 [io  0xe000-0xefff]
[    0.467545] pci_bus 0000:15: resource 1 [mem 0xcae00000-0xcaefffff]
[    0.467548] pci_bus 0000:15: resource 2 [mem 0xd9400000-0xd94fffff 64bit pref]
[    0.467552] pci_bus 0000:16: resource 1 [mem 0xcb200000-0xcb2fffff]
[    0.467555] pci_bus 0000:16: resource 2 [mem 0xd9800000-0xd98fffff 64bit pref]
[    0.467559] pci_bus 0000:17: resource 1 [mem 0xcb600000-0xcb6fffff]
[    0.467563] pci_bus 0000:17: resource 2 [mem 0xd9c00000-0xd9cfffff 64bit pref]
[    0.467566] pci_bus 0000:18: resource 1 [mem 0xcba00000-0xcbafffff]
[    0.467592] pci_bus 0000:18: resource 2 [mem 0xda000000-0xda0fffff 64bit pref]
[    0.467596] pci_bus 0000:19: resource 1 [mem 0xcbe00000-0xcbefffff]
[    0.467599] pci_bus 0000:19: resource 2 [mem 0xda400000-0xda4fffff 64bit pref]
[    0.467602] pci_bus 0000:1a: resource 1 [mem 0xcc200000-0xcc2fffff]
[    0.467605] pci_bus 0000:1a: resource 2 [mem 0xda800000-0xda8fffff 64bit pref]
[    0.467608] pci_bus 0000:1b: resource 0 [io  0x7000-0x7fff]
[    0.467611] pci_bus 0000:1b: resource 1 [mem 0xca700000-0xca7fffff]
[    0.467615] pci_bus 0000:1b: resource 2 [mem 0xd8d00000-0xd8dfffff 64bit pref]
[    0.467618] pci_bus 0000:1c: resource 0 [io  0xb000-0xbfff]
[    0.467621] pci_bus 0000:1c: resource 1 [mem 0xcab00000-0xcabfffff]
[    0.467624] pci_bus 0000:1c: resource 2 [mem 0xd9100000-0xd91fffff 64bit pref]
[    0.467628] pci_bus 0000:1d: resource 1 [mem 0xcaf00000-0xcaffffff]
[    0.467631] pci_bus 0000:1d: resource 2 [mem 0xd9500000-0xd95fffff 64bit pref]
[    0.467635] pci_bus 0000:1e: resource 1 [mem 0xcb300000-0xcb3fffff]
[    0.467638] pci_bus 0000:1e: resource 2 [mem 0xd9900000-0xd99fffff 64bit pref]
[    0.467642] pci_bus 0000:1f: resource 1 [mem 0xcb700000-0xcb7fffff]
[    0.467645] pci_bus 0000:1f: resource 2 [mem 0xd9d00000-0xd9dfffff 64bit pref]
[    0.467649] pci_bus 0000:20: resource 1 [mem 0xcbb00000-0xcbbfffff]
[    0.467652] pci_bus 0000:20: resource 2 [mem 0xda100000-0xda1fffff 64bit pref]
[    0.467656] pci_bus 0000:21: resource 1 [mem 0xcbf00000-0xcbffffff]
[    0.467659] pci_bus 0000:21: resource 2 [mem 0xda500000-0xda5fffff 64bit pref]
[    0.467663] pci_bus 0000:22: resource 1 [mem 0xcc300000-0xcc3fffff]
[    0.467666] pci_bus 0000:22: resource 2 [mem 0xda900000-0xda9fffff 64bit pref]
[    0.467715] NET: Registered protocol family 2
[    0.467758] IP route cache hash table entries: 32768 (order: 5, 131072 bytes)
[    0.467813] TCP established hash table entries: 131072 (order: 8, 1048576 bytes)
[    0.467868] TCP bind hash table entries: 65536 (order: 7, 524288 bytes)
[    0.467922] TCP: Hash tables configured (established 131072 bind 65536)
[    0.467925] TCP reno registered
[    0.467928] UDP hash table entries: 512 (order: 2, 16384 bytes)
[    0.467935] UDP-Lite hash table entries: 512 (order: 2, 16384 bytes)
[    0.467977] NET: Registered protocol family 1
[    0.467986] pci 0000:00:00.0: Limiting direct PCI/PCI transfers
[    0.468041] pci 0000:00:0f.0: Boot video device
[    0.468151] ACPI: PCI Interrupt Link [LNKC] enabled at IRQ 10
[    0.468155] PCI: setting IRQ 10 as level-triggered
[    0.468166] pci 0000:02:00.0: PCI INT A -> Link[LNKC] -> GSI 10 (level, low) -> IRQ 10
[    0.468280] pci 0000:02:00.0: PCI INT A disabled
[    0.468335] ACPI: PCI Interrupt Link [LNKB] enabled at IRQ 11
[    0.468338] PCI: setting IRQ 11 as level-triggered
[    0.468342] pci 0000:02:03.0: PCI INT A -> Link[LNKB] -> GSI 11 (level, low) -> IRQ 11
[    0.468397] pci 0000:02:03.0: PCI INT A disabled
[    0.468412] PCI: CLS 32 bytes, default 64
[    0.468459] Simple Boot Flag at 0x36 set to 0x1
[    0.468464] Switching to clocksource tsc
[    0.468698] audit: initializing netlink socket (disabled)
[    0.468708] type=2000 audit(1369640763.446:1): initialized
[    0.485709] Trying to unpack rootfs image as initramfs...
[    0.509646] highmem bounce pool size: 64 pages
[    0.509651] HugeTLB registered 2 MB page size, pre-allocated 0 pages
[    0.513765] VFS: Disk quotas dquot_6.5.2
[    0.513820] Dquot-cache hash table entries: 1024 (order 0, 4096 bytes)
[    0.513977] fuse init (API version 7.17)
[    0.514066] msgmni has been set to 1710
[    0.529606] Block layer SCSI generic (bsg) driver version 0.4 loaded (major 253)
[    0.529648] io scheduler noop registered
[    0.529651] io scheduler deadline registered
[    0.529660] io scheduler cfq registered (default)
[    0.529715] pcieport 0000:00:15.0: setting latency timer to 64
[    0.529769] pcieport 0000:00:15.0: irq 40 for MSI/MSI-X
[    0.529824] pcieport 0000:00:15.1: setting latency timer to 64
[    0.529879] pcieport 0000:00:15.1: irq 41 for MSI/MSI-X
[    0.529934] pcieport 0000:00:15.2: setting latency timer to 64
[    0.529988] pcieport 0000:00:15.2: irq 42 for MSI/MSI-X
[    0.530043] pcieport 0000:00:15.3: setting latency timer to 64
[    0.530098] pcieport 0000:00:15.3: irq 43 for MSI/MSI-X
[    0.530153] pcieport 0000:00:15.4: setting latency timer to 64
[    0.530207] pcieport 0000:00:15.4: irq 44 for MSI/MSI-X
[    0.530262] pcieport 0000:00:15.5: setting latency timer to 64
[    0.530317] pcieport 0000:00:15.5: irq 45 for MSI/MSI-X
[    0.530372] pcieport 0000:00:15.6: setting latency timer to 64
[    0.530426] pcieport 0000:00:15.6: irq 46 for MSI/MSI-X
[    0.530481] pcieport 0000:00:15.7: setting latency timer to 64
[    0.530536] pcieport 0000:00:15.7: irq 47 for MSI/MSI-X
[    0.530591] pcieport 0000:00:16.0: setting latency timer to 64
[    0.530645] pcieport 0000:00:16.0: irq 48 for MSI/MSI-X
[    0.530700] pcieport 0000:00:16.1: setting latency timer to 64
[    0.530755] pcieport 0000:00:16.1: irq 49 for MSI/MSI-X
[    0.530810] pcieport 0000:00:16.2: setting latency timer to 64
[    0.530864] pcieport 0000:00:16.2: irq 50 for MSI/MSI-X
[    0.530919] pcieport 0000:00:16.3: setting latency timer to 64
[    0.530974] pcieport 0000:00:16.3: irq 51 for MSI/MSI-X
[    0.531029] pcieport 0000:00:16.4: setting latency timer to 64
[    0.531083] pcieport 0000:00:16.4: irq 52 for MSI/MSI-X
[    0.531138] pcieport 0000:00:16.5: setting latency timer to 64
[    0.531193] pcieport 0000:00:16.5: irq 53 for MSI/MSI-X
[    0.531248] pcieport 0000:00:16.6: setting latency timer to 64
[    0.531302] pcieport 0000:00:16.6: irq 54 for MSI/MSI-X
[    0.531357] pcieport 0000:00:16.7: setting latency timer to 64
[    0.531412] pcieport 0000:00:16.7: irq 55 for MSI/MSI-X
[    0.531466] pcieport 0000:00:17.0: setting latency timer to 64
[    0.531521] pcieport 0000:00:17.0: irq 56 for MSI/MSI-X
[    0.531576] pcieport 0000:00:17.1: setting latency timer to 64
[    0.531631] pcieport 0000:00:17.1: irq 57 for MSI/MSI-X
[    0.531685] pcieport 0000:00:17.2: setting latency timer to 64
[    0.531740] pcieport 0000:00:17.2: irq 58 for MSI/MSI-X
[    0.531795] pcieport 0000:00:17.3: setting latency timer to 64
[    0.531850] pcieport 0000:00:17.3: irq 59 for MSI/MSI-X
[    0.531904] pcieport 0000:00:17.4: setting latency timer to 64
[    0.531959] pcieport 0000:00:17.4: irq 60 for MSI/MSI-X
[    0.532014] pcieport 0000:00:17.5: setting latency timer to 64
[    0.532069] pcieport 0000:00:17.5: irq 61 for MSI/MSI-X
[    0.532123] pcieport 0000:00:17.6: setting latency timer to 64
[    0.532178] pcieport 0000:00:17.6: irq 62 for MSI/MSI-X
[    0.532233] pcieport 0000:00:17.7: setting latency timer to 64
[    0.532288] pcieport 0000:00:17.7: irq 63 for MSI/MSI-X
[    0.532342] pcieport 0000:00:18.0: setting latency timer to 64
[    0.532397] pcieport 0000:00:18.0: irq 64 for MSI/MSI-X
[    0.532452] pcieport 0000:00:18.1: setting latency timer to 64
[    0.532507] pcieport 0000:00:18.1: irq 65 for MSI/MSI-X
[    0.532561] pcieport 0000:00:18.2: setting latency timer to 64
[    0.532616] pcieport 0000:00:18.2: irq 66 for MSI/MSI-X
[    0.532671] pcieport 0000:00:18.3: setting latency timer to 64
[    0.532726] pcieport 0000:00:18.3: irq 67 for MSI/MSI-X
[    0.533619] pcieport 0000:00:18.4: setting latency timer to 64
[    0.533673] pcieport 0000:00:18.4: irq 68 for MSI/MSI-X
[    0.533728] pcieport 0000:00:18.5: setting latency timer to 64
[    0.533783] pcieport 0000:00:18.5: irq 69 for MSI/MSI-X
[    0.533838] pcieport 0000:00:18.6: setting latency timer to 64
[    0.533892] pcieport 0000:00:18.6: irq 70 for MSI/MSI-X
[    0.533947] pcieport 0000:00:18.7: setting latency timer to 64
[    0.534002] pcieport 0000:00:18.7: irq 71 for MSI/MSI-X
[    0.534057] pcieport 0000:00:15.0: Signaling PME through PCIe PME interrupt
[    0.534095] pcie_pme 0000:00:15.0:pcie01: service driver pcie_pme loaded
[    0.534150] pcieport 0000:00:15.1: Signaling PME through PCIe PME interrupt
[    0.534188] pcie_pme 0000:00:15.1:pcie01: service driver pcie_pme loaded
[    0.534243] pcieport 0000:00:15.2: Signaling PME through PCIe PME interrupt
[    0.534281] pcie_pme 0000:00:15.2:pcie01: service driver pcie_pme loaded
[    0.534336] pcieport 0000:00:15.3: Signaling PME through PCIe PME interrupt
[    0.534373] pcie_pme 0000:00:15.3:pcie01: service driver pcie_pme loaded
[    0.534427] pcieport 0000:00:15.4: Signaling PME through PCIe PME interrupt
[    0.534463] pcie_pme 0000:00:15.4:pcie01: service driver pcie_pme loaded
[    0.534518] pcieport 0000:00:15.5: Signaling PME through PCIe PME interrupt
[    0.534554] pcie_pme 0000:00:15.5:pcie01: service driver pcie_pme loaded
[    0.534609] pcieport 0000:00:15.6: Signaling PME through PCIe PME interrupt
[    0.534644] pcie_pme 0000:00:15.6:pcie01: service driver pcie_pme loaded
[    0.534699] pcieport 0000:00:15.7: Signaling PME through PCIe PME interrupt
[    0.534736] pcie_pme 0000:00:15.7:pcie01: service driver pcie_pme loaded
[    0.534791] pcieport 0000:00:16.0: Signaling PME through PCIe PME interrupt
[    0.534830] pcie_pme 0000:00:16.0:pcie01: service driver pcie_pme loaded
[    0.534884] pcieport 0000:00:16.1: Signaling PME through PCIe PME interrupt
[    0.534922] pcie_pme 0000:00:16.1:pcie01: service driver pcie_pme loaded
[    0.534977] pcieport 0000:00:16.2: Signaling PME through PCIe PME interrupt
[    0.535011] pcie_pme 0000:00:16.2:pcie01: service driver pcie_pme loaded
[    0.535066] pcieport 0000:00:16.3: Signaling PME through PCIe PME interrupt
[    0.535101] pcie_pme 0000:00:16.3:pcie01: service driver pcie_pme loaded
[    0.535156] pcieport 0000:00:16.4: Signaling PME through PCIe PME interrupt
[    0.535191] pcie_pme 0000:00:16.4:pcie01: service driver pcie_pme loaded
[    0.535246] pcieport 0000:00:16.5: Signaling PME through PCIe PME interrupt
[    0.535281] pcie_pme 0000:00:16.5:pcie01: service driver pcie_pme loaded
[    0.535336] pcieport 0000:00:16.6: Signaling PME through PCIe PME interrupt
[    0.535363] pcie_pme 0000:00:16.6:pcie01: service driver pcie_pme loaded
[    0.535418] pcieport 0000:00:16.7: Signaling PME through PCIe PME interrupt
[    0.535443] pcie_pme 0000:00:16.7:pcie01: service driver pcie_pme loaded
[    0.535498] pcieport 0000:00:17.0: Signaling PME through PCIe PME interrupt
[    0.535524] pcie_pme 0000:00:17.0:pcie01: service driver pcie_pme loaded
[    0.535578] pcieport 0000:00:17.1: Signaling PME through PCIe PME interrupt
[    0.535614] pcie_pme 0000:00:17.1:pcie01: service driver pcie_pme loaded
[    0.535669] pcieport 0000:00:17.2: Signaling PME through PCIe PME interrupt
[    0.535694] pcie_pme 0000:00:17.2:pcie01: service driver pcie_pme loaded
[    0.535749] pcieport 0000:00:17.3: Signaling PME through PCIe PME interrupt
[    0.535776] pcie_pme 0000:00:17.3:pcie01: service driver pcie_pme loaded
[    0.535830] pcieport 0000:00:17.4: Signaling PME through PCIe PME interrupt
[    0.535856] pcie_pme 0000:00:17.4:pcie01: service driver pcie_pme loaded
[    0.535911] pcieport 0000:00:17.5: Signaling PME through PCIe PME interrupt
[    0.535936] pcie_pme 0000:00:17.5:pcie01: service driver pcie_pme loaded
[    0.535990] pcieport 0000:00:17.6: Signaling PME through PCIe PME interrupt
[    0.536016] pcie_pme 0000:00:17.6:pcie01: service driver pcie_pme loaded
[    0.536071] pcieport 0000:00:17.7: Signaling PME through PCIe PME interrupt
[    0.536096] pcie_pme 0000:00:17.7:pcie01: service driver pcie_pme loaded
[    0.536151] pcieport 0000:00:18.0: Signaling PME through PCIe PME interrupt
[    0.536177] pcie_pme 0000:00:18.0:pcie01: service driver pcie_pme loaded
[    0.536231] pcieport 0000:00:18.1: Signaling PME through PCIe PME interrupt
[    0.536257] pcie_pme 0000:00:18.1:pcie01: service driver pcie_pme loaded
[    0.536311] pcieport 0000:00:18.2: Signaling PME through PCIe PME interrupt
[    0.536337] pcie_pme 0000:00:18.2:pcie01: service driver pcie_pme loaded
[    0.536392] pcieport 0000:00:18.3: Signaling PME through PCIe PME interrupt
[    0.536417] pcie_pme 0000:00:18.3:pcie01: service driver pcie_pme loaded
[    0.536472] pcieport 0000:00:18.4: Signaling PME through PCIe PME interrupt
[    0.536497] pcie_pme 0000:00:18.4:pcie01: service driver pcie_pme loaded
[    0.536552] pcieport 0000:00:18.5: Signaling PME through PCIe PME interrupt
[    0.536578] pcie_pme 0000:00:18.5:pcie01: service driver pcie_pme loaded
[    0.536632] pcieport 0000:00:18.6: Signaling PME through PCIe PME interrupt
[    0.536658] pcie_pme 0000:00:18.6:pcie01: service driver pcie_pme loaded
[    0.536713] pcieport 0000:00:18.7: Signaling PME through PCIe PME interrupt
[    0.536738] pcie_pme 0000:00:18.7:pcie01: service driver pcie_pme loaded
[    0.536763] pci_hotplug: PCI Hot Plug PCI Core version: 0.5
[    0.536817] pciehp 0000:00:15.0:pcie04: HPC vendor_id 15ad device_id 7a0 ss_vid 15ad ss_did 7a0
[    0.536872] pciehp 0000:00:15.0:pcie04: service driver pciehp loaded
[    0.536927] pciehp 0000:00:15.1:pcie04: HPC vendor_id 15ad device_id 7a0 ss_vid 15ad ss_did 7a0
[    0.536982] pciehp 0000:00:15.1:pcie04: service driver pciehp loaded
[    0.537036] pciehp 0000:00:15.2:pcie04: HPC vendor_id 15ad device_id 7a0 ss_vid 15ad ss_did 7a0
[    0.537091] pciehp 0000:00:15.2:pcie04: service driver pciehp loaded
[    0.537146] pciehp 0000:00:15.3:pcie04: HPC vendor_id 15ad device_id 7a0 ss_vid 15ad ss_did 7a0
[    0.537201] pciehp 0000:00:15.3:pcie04: service driver pciehp loaded
[    0.537255] pciehp 0000:00:15.4:pcie04: HPC vendor_id 15ad device_id 7a0 ss_vid 15ad ss_did 7a0
[    0.537310] pciehp 0000:00:15.4:pcie04: service driver pciehp loaded
[    0.537365] pciehp 0000:00:15.5:pcie04: HPC vendor_id 15ad device_id 7a0 ss_vid 15ad ss_did 7a0
[    0.537420] pciehp 0000:00:15.5:pcie04: service driver pciehp loaded
[    0.537525] pciehp 0000:00:15.6:pcie04: HPC vendor_id 15ad device_id 7a0 ss_vid 15ad ss_did 7a0
[    0.541589] pciehp 0000:00:15.6:pcie04: service driver pciehp loaded
[    0.541644] pciehp 0000:00:15.7:pcie04: HPC vendor_id 15ad device_id 7a0 ss_vid 15ad ss_did 7a0
[    0.541698] pciehp 0000:00:15.7:pcie04: service driver pciehp loaded
[    0.541753] pciehp 0000:00:16.0:pcie04: HPC vendor_id 15ad device_id 7a0 ss_vid 15ad ss_did 7a0
[    0.541808] pciehp 0000:00:16.0:pcie04: service driver pciehp loaded
[    0.541863] pciehp 0000:00:16.1:pcie04: HPC vendor_id 15ad device_id 7a0 ss_vid 15ad ss_did 7a0
[    0.541917] pciehp 0000:00:16.1:pcie04: service driver pciehp loaded
[    0.541972] pciehp 0000:00:16.2:pcie04: HPC vendor_id 15ad device_id 7a0 ss_vid 15ad ss_did 7a0
[    0.542027] pciehp 0000:00:16.2:pcie04: service driver pciehp loaded
[    0.542082] pciehp 0000:00:16.3:pcie04: HPC vendor_id 15ad device_id 7a0 ss_vid 15ad ss_did 7a0
[    0.542136] pciehp 0000:00:16.3:pcie04: service driver pciehp loaded
[    0.542191] pciehp 0000:00:16.4:pcie04: HPC vendor_id 15ad device_id 7a0 ss_vid 15ad ss_did 7a0
[    0.542246] pciehp 0000:00:16.4:pcie04: service driver pciehp loaded
[    0.542301] pciehp 0000:00:16.5:pcie04: HPC vendor_id 15ad device_id 7a0 ss_vid 15ad ss_did 7a0
[    0.542355] pciehp 0000:00:16.5:pcie04: service driver pciehp loaded
[    0.542410] pciehp 0000:00:16.6:pcie04: HPC vendor_id 15ad device_id 7a0 ss_vid 15ad ss_did 7a0
[    0.542465] pciehp 0000:00:16.6:pcie04: service driver pciehp loaded
[    0.542520] pciehp 0000:00:16.7:pcie04: HPC vendor_id 15ad device_id 7a0 ss_vid 15ad ss_did 7a0
[    0.542574] pciehp 0000:00:16.7:pcie04: service driver pciehp loaded
[    0.542629] pciehp 0000:00:17.0:pcie04: HPC vendor_id 15ad device_id 7a0 ss_vid 15ad ss_did 7a0
[    0.542684] pciehp 0000:00:17.0:pcie04: service driver pciehp loaded
[    0.542739] pciehp 0000:00:17.1:pcie04: HPC vendor_id 15ad device_id 7a0 ss_vid 15ad ss_did 7a0
[    0.542793] pciehp 0000:00:17.1:pcie04: service driver pciehp loaded
[    0.542848] pciehp 0000:00:17.2:pcie04: HPC vendor_id 15ad device_id 7a0 ss_vid 15ad ss_did 7a0
[    0.542903] pciehp 0000:00:17.2:pcie04: service driver pciehp loaded
[    0.542958] pciehp 0000:00:17.3:pcie04: HPC vendor_id 15ad device_id 7a0 ss_vid 15ad ss_did 7a0
[    0.543012] pciehp 0000:00:17.3:pcie04: service driver pciehp loaded
[    0.543067] pciehp 0000:00:17.4:pcie04: HPC vendor_id 15ad device_id 7a0 ss_vid 15ad ss_did 7a0
[    0.543122] pciehp 0000:00:17.4:pcie04: service driver pciehp loaded
[    0.543177] pciehp 0000:00:17.5:pcie04: HPC vendor_id 15ad device_id 7a0 ss_vid 15ad ss_did 7a0
[    0.543231] pciehp 0000:00:17.5:pcie04: service driver pciehp loaded
[    0.543286] pciehp 0000:00:17.6:pcie04: HPC vendor_id 15ad device_id 7a0 ss_vid 15ad ss_did 7a0
[    0.543341] pciehp 0000:00:17.6:pcie04: service driver pciehp loaded
[    0.543396] pciehp 0000:00:17.7:pcie04: HPC vendor_id 15ad device_id 7a0 ss_vid 15ad ss_did 7a0
[    0.543450] pciehp 0000:00:17.7:pcie04: service driver pciehp loaded
[    0.543505] pciehp 0000:00:18.0:pcie04: HPC vendor_id 15ad device_id 7a0 ss_vid 15ad ss_did 7a0
[    0.543560] pciehp 0000:00:18.0:pcie04: service driver pciehp loaded
[    0.543615] pciehp 0000:00:18.1:pcie04: HPC vendor_id 15ad device_id 7a0 ss_vid 15ad ss_did 7a0
[    0.543669] pciehp 0000:00:18.1:pcie04: service driver pciehp loaded
[    0.543724] pciehp 0000:00:18.2:pcie04: HPC vendor_id 15ad device_id 7a0 ss_vid 15ad ss_did 7a0
[    0.543779] pciehp 0000:00:18.2:pcie04: service driver pciehp loaded
[    0.543834] pciehp 0000:00:18.3:pcie04: HPC vendor_id 15ad device_id 7a0 ss_vid 15ad ss_did 7a0
[    0.543888] pciehp 0000:00:18.3:pcie04: service driver pciehp loaded
[    0.543943] pciehp 0000:00:18.4:pcie04: HPC vendor_id 15ad device_id 7a0 ss_vid 15ad ss_did 7a0
[    0.543998] pciehp 0000:00:18.4:pcie04: service driver pciehp loaded
[    0.544052] pciehp 0000:00:18.5:pcie04: HPC vendor_id 15ad device_id 7a0 ss_vid 15ad ss_did 7a0
[    0.544107] pciehp 0000:00:18.5:pcie04: service driver pciehp loaded
[    0.544162] pciehp 0000:00:18.6:pcie04: HPC vendor_id 15ad device_id 7a0 ss_vid 15ad ss_did 7a0
[    0.544217] pciehp 0000:00:18.6:pcie04: service driver pciehp loaded
[    0.544271] pciehp 0000:00:18.7:pcie04: HPC vendor_id 15ad device_id 7a0 ss_vid 15ad ss_did 7a0
[    0.544326] pciehp 0000:00:18.7:pcie04: service driver pciehp loaded
[    0.544335] pciehp: PCI Express Hot Plug Controller Driver version: 0.4
[    0.544390] ACPI: Deprecated procfs I/F for AC is loaded, please retry with CONFIG_ACPI_PROCFS_POWER cleared
[    0.544449] ACPI: AC Adapter [ACAD] (on-line)
[    0.549559] input: Power Button as /devices/LNXSYSTM:00/LNXPWRBN:00/input/input0
[    0.549564] ACPI: Power Button [PWRF]
[    0.565544] ERST: Table is not found!
[    0.565547] GHES: HEST is not enabled!
[    0.565649] Serial: 8250/16550 driver, 32 ports, IRQ sharing enabled
[    0.589368] serial8250: ttyS0 at I/O 0x3f8 (irq = 4) is a 16550A
[    0.589371] isapnp: Scanning for PnP cards...
[    0.725267] serial8250: ttyS1 at I/O 0x2f8 (irq = 3) is a 16550A
[    0.769105] 00:0a: ttyS0 at I/O 0x3f8 (irq = 4) is a 16550A
[    0.857125] 00:0b: ttyS1 at I/O 0x2f8 (irq = 3) is a 16550A
[    0.877255] Linux agpgart interface v0.103
[    0.877307] agpgart-intel 0000:00:00.0: Intel 440BX Chipset
[    0.877393] agpgart-intel 0000:00:00.0: AGP aperture is 256M @ 0x0
[    0.878171] brd: module loaded
[    0.878651] loop: module loaded
[    0.878703] ata_piix 0000:00:07.1: version 2.13
[    0.878794] scsi0 : ata_piix
[    0.881063] scsi1 : ata_piix
[    0.881115] ata1: PATA max UDMA/33 cmd 0x1f0 ctl 0x3f6 bmdma 0x10c0 irq 14
[    0.881120] ata2: PATA max UDMA/33 cmd 0x170 ctl 0x376 bmdma 0x10c8 irq 15
[    0.881177] Fixed MDIO Bus: probed
[    0.881201] tun: Universal TUN/TAP device driver, 1.6
[    0.881203] tun: (C) 1999-2004 Max Krasnyansky <maxk@qualcomm.com>
[    0.881293] PPP generic driver version 2.4.2
[    0.881385] ehci_hcd: USB 2.0 'Enhanced' Host Controller (EHCI) Driver
[    0.881433] ehci_hcd 0000:02:03.0: PCI INT A -> Link[LNKB] -> GSI 11 (level, low) -> IRQ 11
[    0.881486] ehci_hcd 0000:02:03.0: EHCI Host Controller
[    0.881566] ehci_hcd 0000:02:03.0: new USB bus registered, assigned bus number 1
[    0.881618] ehci_hcd 0000:02:03.0: cache line size of 32 is not supported
[    0.881631] ehci_hcd 0000:02:03.0: irq 11, io mem 0xc9000000
[    0.893012] ehci_hcd 0000:02:03.0: USB 2.0 started, EHCI 1.00
[    0.893144] hub 1-0:1.0: USB hub found
[    0.893150] hub 1-0:1.0: 6 ports detected
[    0.893203] ohci_hcd: USB 1.1 'Open' Host Controller (OHCI) Driver
[    0.893223] uhci_hcd: USB Universal Host Controller Interface driver
[    0.893272] uhci_hcd 0000:02:00.0: PCI INT A -> Link[LNKC] -> GSI 10 (level, low) -> IRQ 10
[    0.893321] uhci_hcd 0000:02:00.0: UHCI Host Controller
[    0.893371] uhci_hcd 0000:02:00.0: new USB bus registered, assigned bus number 2
[    0.893480] uhci_hcd 0000:02:00.0: irq 10, io base 0x000020c0
[    0.893600] hub 2-0:1.0: USB hub found
[    0.893605] hub 2-0:1.0: 2 ports detected
[    0.893658] usbcore: registered new interface driver libusual
[    0.893710] i8042: PNP: PS/2 Controller [PNP0303:KBC,PNP0f13:MOUS] at 0x60,0x64 irq 1,12
[    0.894054] serio: i8042 KBD port at 0x60,0x64 irq 1
[    0.894063] serio: i8042 AUX port at 0x60,0x64 irq 12
[    0.894230] mousedev: PS/2 mouse device common for all mice
[    0.894602] rtc_cmos 00:04: rtc core: registered rtc_cmos as rtc0
[    0.894630] rtc0: alarms up to one month, y3k, 114 bytes nvram, hpet irqs
[    0.894681] device-mapper: uevent: version 1.0.3
[    0.894735] device-mapper: ioctl: 4.22.0-ioctl (2011-10-19) initialised: dm-devel@redhat.com
[    0.894761] EISA: Probing bus 0 at eisa.0
[    0.894763] EISA: Cannot allocate resource for mainboard
[    0.894765] Cannot allocate resource for EISA slot 1
[    0.894766] Cannot allocate resource for EISA slot 2
[    0.894768] Cannot allocate resource for EISA slot 3
[    0.894769] Cannot allocate resource for EISA slot 4
[    0.894771] Cannot allocate resource for EISA slot 5
[    0.894773] Cannot allocate resource for EISA slot 6
[    0.894774] Cannot allocate resource for EISA slot 7
[    0.894776] Cannot allocate resource for EISA slot 8
[    0.894777] EISA: Detected 0 cards.
[    0.894784] cpufreq-nforce2: No nForce2 chipset.
[    0.894787] cpuidle: using governor ladder
[    0.894788] cpuidle: using governor menu
[    0.894790] EFI Variables Facility v0.08 2004-May-17
[    0.894843] TCP cubic registered
[    0.894895] NET: Registered protocol family 10
[    0.895030] NET: Registered protocol family 17
[    0.895035] Registering the dns_resolver key type
[    0.895053] Using IPI No-Shortcut mode
[    0.895117] PM: Hibernation image not present or could not be loaded.
[    0.895125] registered taskstats version 1
[    1.024865] input: AT Translated Set 2 keyboard as /devices/platform/i8042/serio0/input/input1
[    1.108688] Freeing initrd memory: 13836k freed
[    1.198286] isapnp: No Plug & Play device found
[    1.198358] ata2.00: ATAPI: VMware Virtual IDE CDROM Drive, 00000001, max UDMA/33
[    1.200646]   Magic number: 13:0:775
[    1.200652] misc psaux: hash matches
[    1.200674] misc fuse: hash matches
[    1.220597] rtc_cmos 00:04: setting system clock to 2013-05-27 07:46:05 UTC (1369640765)
[    1.220738] BIOS EDD facility v0.16 2004-Jun-25, 0 devices found
[    1.220740] EDD information not available.
[    1.221006] ata2.00: configured for UDMA/33
[    1.221541] scsi 1:0:0:0: CD-ROM            NECVMWar VMware IDE CDR10 1.00 PQ: 0 ANSI: 5
[    1.222141] sr0: scsi3-mmc drive: 306x/306x cd/rw xa/form2 cdda tray
[    1.222144] cdrom: Uniform CD-ROM driver Revision: 3.20
[    1.222235] sr 1:0:0:0: Attached scsi CD-ROM sr0
[    1.222356] sr 1:0:0:0: Attached scsi generic sg0 type 5
[    1.222419] Freeing unused kernel memory: 740k freed
[    1.222472] Write protecting the kernel text: 5816k
[    1.222482] Write protecting the kernel read-only data: 2376k
[    1.222483] NX-protecting the kernel data: 4424k
[    1.234082] udevd[85]: starting version 175
[    1.248854] VMware vmxnet3 virtual NIC driver - version 1.1.29.0-k-NAPI
[    1.252869] VMware PVSCSI driver - version 1.0.1.0-k
[    1.257540] VMware vmxnet virtual NIC driver
[    1.257593] ACPI: PCI Interrupt Link [LNKD] enabled at IRQ 5
[    1.257598] PCI: setting IRQ 5 as level-triggered
[    1.257605] vmxnet 0000:02:01.0: PCI INT A -> Link[LNKD] -> GSI 5 (level, low) -> IRQ 5
[    1.257658] Found vmxnet/PCI at 0x2024, irq 5.
[    1.257710] features:
[    1.257722] numRxBuffers = 100, numRxBuffers2 = 1
[    1.257774] vmxnet 0000:02:01.0: eth0: set_features() failed (-1); wanted 0x00004000, left 0x00004800
[    1.276438] usb 2-1: new full-speed USB device number 2 using uhci_hcd
[    1.300996] Floppy drive(s): fd0 is 1.44M
[    1.302506] Fusion MPT base driver 3.04.20
[    1.302508] Copyright (c) 1999-2008 LSI Corporation
[    1.302694] Fusion MPT SPI Host driver 3.04.20
[    1.302740] mptspi 0000:00:10.0: PCI INT A -> Link[LNKB] -> GSI 11 (level, low) -> IRQ 11
[    1.308430] mptbase: ioc0: Initiating bringup
[    1.316690] FDC 0 is a post-1991 82077
[    1.380304] ioc0: LSI53C1030 B0: Capabilities={Initiator}
[    1.412414] input: VMware VMware Virtual USB Mouse as /devices/pci0000:00/0000:00:11.0/0000:02:00.0/usb2/2-1/2-1:1.0/input/input2
[    1.412632] generic-usb 0003:0E0F:0003.0001: input,hidraw0: USB HID v1.10 Mouse [VMware VMware Virtual USB Mouse] on usb-0000:02:00.0-1/input0
[    1.413274] input: VMware VMware Virtual USB Mouse as /devices/pci0000:00/0000:00:11.0/0000:02:00.0/usb2/2-1/2-1:1.1/input/input3
[    1.413467] generic-usb 0003:0E0F:0003.0002: input,hidraw1: USB HID v1.10 Mouse [VMware VMware Virtual USB Mouse] on usb-0000:02:00.0-1/input1
[    1.413674] usbcore: registered new interface driver usbhid
[    1.413676] usbhid: USB HID core driver
[    1.520055] usb 2-2: new full-speed USB device number 3 using uhci_hcd
[    1.540110] scsi2 : ioc0: LSI53C1030 B0, FwRev=01032920h, Ports=1, MaxQ=128, IRQ=11
[    1.652777] scsi 2:0:0:0: Direct-Access     VMware,  VMware Virtual S 1.0  PQ: 0 ANSI: 2
[    1.652787] scsi target2:0:0: Beginning Domain Validation
[    1.653449] scsi target2:0:0: Domain Validation skipping write tests
[    1.653452] scsi target2:0:0: Ending Domain Validation
[    1.653505] scsi target2:0:0: FAST-40 WIDE SCSI 80.0 MB/s ST (25 ns, offset 127)
[    1.655989] sd 2:0:0:0: [sda] 41943040 512-byte logical blocks: (21.4 GB/20.0 GiB)
[    1.656047] sd 2:0:0:0: [sda] Write Protect is off
[    1.656050] sd 2:0:0:0: [sda] Mode Sense: 61 00 00 00
[    1.656120] sd 2:0:0:0: [sda] Cache data unavailable
[    1.656123] sd 2:0:0:0: [sda] Assuming drive cache: write through
[    1.656418] sd 2:0:0:0: [sda] Cache data unavailable
[    1.656420] sd 2:0:0:0: [sda] Assuming drive cache: write through
[    1.657156] sd 2:0:0:0: Attached scsi generic sg1 type 0
[    1.657918]  sda: sda1 sda2 < sda5 >
[    1.658313] sd 2:0:0:0: [sda] Cache data unavailable
[    1.658317] sd 2:0:0:0: [sda] Assuming drive cache: write through
[    1.658319] sd 2:0:0:0: [sda] Attached SCSI disk
[    1.665899] hub 2-2:1.0: USB hub found
[    1.668516] hub 2-2:1.0: 7 ports detected
[    1.704966] EXT4-fs (sda1): INFO: recovery required on readonly filesystem
[    1.704971] EXT4-fs (sda1): write access will be enabled during recovery
[    1.868134] EXT4-fs (sda1): recovery complete
[    1.868745] EXT4-fs (sda1): mounted filesystem with ordered data mode. Opts: (null)
[    3.278274] ADDRCONF(NETDEV_UP): eth0: link is not ready
[    3.290570] udevd[328]: starting version 175
[    3.334551] lp: driver loaded but no devices found
[    3.379766] Adding 1046524k swap on /dev/sda5.  Priority:-1 extents:1 across:1046524k 
[    3.420888] EXT4-fs (sda1): re-mounted. Opts: errors=remount-ro
[    3.427146] shpchp: Standard Hot Plug PCI Controller Driver version: 0.4
[    3.542479] Bluetooth: Core ver 2.16
[    3.547391] NET: Registered protocol family 31
[    3.547395] Bluetooth: HCI device and connection manager initialized
[    3.547398] Bluetooth: HCI socket layer initialized
[    3.547400] Bluetooth: L2CAP socket layer initialized
[    3.547407] Bluetooth: SCO socket layer initialized
[    3.562681] Bluetooth: BNEP (Ethernet Emulation) ver 1.3
[    3.562684] Bluetooth: BNEP filters: protocol multicast
[    3.573277] ppdev: user-space parallel port driver
[    3.574508] parport_pc 00:09: reported by Plug and Play ACPI
[    3.574712] parport0: PC-style at 0x378, irq 7 [PCSPP,TRISTATE]
[    3.583992] Bluetooth: RFCOMM TTY layer initialized
[    3.583997] Bluetooth: RFCOMM socket layer initialized
[    3.583999] Bluetooth: RFCOMM ver 1.11
[    3.669155] lp0: using parport0 (interrupt-driven).
[    3.681962] type=1400 audit(1369640767.962:2): apparmor="STATUS" operation="profile_load" name="/usr/lib/cups/backend/cups-pdf" pid=574 comm="apparmor_parser"
[    3.683613] type=1400 audit(1369640767.962:3): apparmor="STATUS" operation="profile_load" name="/usr/sbin/cupsd" pid=574 comm="apparmor_parser"
[    3.690553] [562]: VMCI: shared components initialized.
[    3.690577] Probing for vmci/PCI.
[    3.701680] ACPI: PCI Interrupt Link [LNKA] enabled at IRQ 9
[    3.701684] PCI: setting IRQ 9 as level-triggered
[    3.701692] vmci 0000:00:07.7: PCI INT A -> Link[LNKA] -> GSI 9 (level, low) -> IRQ 9
[    3.701743] Found vmci/PCI at 0x1080, irq 9.
[    3.701782] VMCI: using capabilities 0xc.
[    3.701847] [562]: VMCI: Host capability check passed.
[    3.702051] vmci 0000:00:07.7: irq 72 for MSI/MSI-X
[    3.702080] vmci 0000:00:07.7: irq 73 for MSI/MSI-X
[    3.702257] Registered vmci device.
[    3.715546] [562]: VMCI: Using guest personality
[    3.715550] [562]: VMCI: host components initialized.
[    3.715693] piix4_smbus 0000:00:07.3: Host SMBus controller not enabled!
[    3.719487] [562]: VMCI: Module registered (name=vmci,major=10,minor=57).
[    3.719490] [562]: VMCI: Using host personality
[    3.719492] [562]: VMCI: Module (name=vmci) is initialized
[    3.735633] type=1400 audit(1369640768.014:4): apparmor="STATUS" operation="profile_load" name="/sbin/dhclient" pid=590 comm="apparmor_parser"
[    3.740907] type=1400 audit(1369640768.022:5): apparmor="STATUS" operation="profile_load" name="/usr/lib/NetworkManager/nm-dhcp-client.action" pid=590 comm="apparmor_parser"
[    3.741108] type=1400 audit(1369640768.022:6): apparmor="STATUS" operation="profile_load" name="/usr/lib/connman/scripts/dhclient-script" pid=590 comm="apparmor_parser"
[    3.972166] input: ImPS/2 Generic Wheel Mouse as /devices/platform/i8042/serio1/input/input4
[    4.008367] snd_ens1371 0000:02:02.0: PCI INT A -> Link[LNKA] -> GSI 9 (level, low) -> IRQ 9
[    4.120861] init: failsafe main process (705) killed by TERM signal
[    4.188276] type=1400 audit(1369640768.470:7): apparmor="STATUS" operation="profile_load" name="/usr/lib/lightdm/lightdm/lightdm-guest-session-wrapper" pid=785 comm="apparmor_parser"
[    4.190728] type=1400 audit(1369640768.470:8): apparmor="STATUS" operation="profile_replace" name="/sbin/dhclient" pid=786 comm="apparmor_parser"
[    4.190796] type=1400 audit(1369640768.470:9): apparmor="STATUS" operation="profile_replace" name="/usr/lib/NetworkManager/nm-dhcp-client.action" pid=786 comm="apparmor_parser"
[    4.190849] type=1400 audit(1369640768.470:10): apparmor="STATUS" operation="profile_replace" name="/usr/lib/connman/scripts/dhclient-script" pid=786 comm="apparmor_parser"
[    4.406231] init: alsa-restore main process (857) terminated with status 19
