[    0.000000] Initializing cgroup subsys cpuset
[    0.000000] Initializing cgroup subsys cpu
[    0.000000] Linux version 3.2.0-29-generic-pae (buildd@roseapple) (gcc version 4.6.3 (Ubuntu/Linaro 4.6.3-1ubuntu5) ) #46-Ubuntu SMP Fri Jul 27 17:25:43 UTC 2012 (Ubuntu 3.2.0-29.46-generic-pae 3.2.24)
[    0.000000] KERNEL supported cpus:
[    0.000000]   Intel GenuineIntel
[    0.000000]   AMD AuthenticAMD
[    0.000000]   NSC Geode by NSC
[    0.000000]   Cyrix CyrixInstead
[    0.000000]   Centaur CentaurHauls
[    0.000000]   Transmeta GenuineTMx86
[    0.000000]   Transmeta TransmetaCPU
[    0.000000]   UMC UMC UMC UMC
[    0.000000] Disabled fast string operations
[    0.000000] BIOS-provided physical RAM map:
[    0.000000]  BIOS-e820: 0000000000000000 - 000000000009f000 (usable)
[    0.000000]  BIOS-e820: 000000000009f000 - 00000000000a0000 (reserved)
[    0.000000]  BIOS-e820: 00000000000ca000 - 00000000000cc000 (reserved)
[    0.000000]  BIOS-e820: 00000000000dc000 - 0000000000100000 (reserved)
[    0.000000]  BIOS-e820: 0000000000100000 - 000000003fee0000 (usable)
[    0.000000]  BIOS-e820: 000000003fee0000 - 000000003feff000 (ACPI data)
[    0.000000]  BIOS-e820: 000000003feff000 - 000000003ff00000 (ACPI NVS)
[    0.000000]  BIOS-e820: 000000003ff00000 - 0000000040000000 (usable)
[    0.000000]  BIOS-e820: 00000000e0000000 - 00000000f0000000 (reserved)
[    0.000000]  BIOS-e820: 00000000fec00000 - 00000000fec10000 (reserved)
[    0.000000]  BIOS-e820: 00000000fee00000 - 00000000fee01000 (reserved)
[    0.000000]  BIOS-e820: 00000000fffe0000 - 0000000100000000 (reserved)
[    0.000000] NX (Execute Disable) protection: active
[    0.000000] DMI present.
[    0.000000] DMI: VMware, Inc. VMware Virtual Platform/440BX Desktop Reference Platform, BIOS 6.00 07/02/2012
[    0.000000] Hypervisor detected: VMware
[    0.000000] e820 update range: 0000000000000000 - 0000000000010000 (usable) ==> (reserved)
[    0.000000] e820 remove range: 00000000000a0000 - 0000000000100000 (usable)
[    0.000000] last_pfn = 0x40000 max_arch_pfn = 0x1000000
[    0.000000] MTRR default type: uncachable
[    0.000000] MTRR fixed ranges enabled:
[    0.000000]   00000-9FFFF write-back
[    0.000000]   A0000-BFFFF uncachable
[    0.000000]   C0000-CBFFF write-protect
[    0.000000]   CC000-EFFFF uncachable
[    0.000000]   F0000-FFFFF write-protect
[    0.000000] MTRR variable ranges enabled:
[    0.000000]   0 base 0000000000 mask FFC0000000 write-back
[    0.000000]   1 disabled
[    0.000000]   2 disabled
[    0.000000]   3 disabled
[    0.000000]   4 disabled
[    0.000000]   5 disabled
[    0.000000]   6 disabled
[    0.000000]   7 disabled
[    0.000000] x86 PAT enabled: cpu 0, old 0x0, new 0x7010600070106
[    0.000000] found SMP MP-table at [c00f6bf0] f6bf0
[    0.000000] initial memory mapped : 0 - 02000000
[    0.000000] Base memory trampoline at [c009b000] 9b000 size 16384
[    0.000000] init_memory_mapping: 0000000000000000-0000000037bfe000
[    0.000000]  0000000000 - 0000200000 page 4k
[    0.000000]  0000200000 - 0037a00000 page 2M
[    0.000000]  0037a00000 - 0037bfe000 page 4k
[    0.000000] kernel direct mapping tables up to 37bfe000 @ 1ffb000-2000000
[    0.000000] RAMDISK: 364ea000 - 3726d000
[    0.000000] ACPI: RSDP 000f6b80 00024 (v02 PTLTD )
[    0.000000] ACPI: XSDT 3feed636 0005C (v01 INTEL  440BX    06040000 VMW  01324272)
[    0.000000] ACPI: FACP 3fefee98 000F4 (v04 INTEL  440BX    06040000 PTL  000F4240)
[    0.000000] ACPI: DSDT 3feee366 10B32 (v01 PTLTD  Custom   06040000 MSFT 03000001)
[    0.000000] ACPI: FACS 3fefffc0 00040
[    0.000000] ACPI: BOOT 3feee33e 00028 (v01 PTLTD  $SBFTBL$ 06040000  LTP 00000001)
[    0.000000] ACPI: APIC 3feedc3e 003C2 (v01 PTLTD  ? APIC   06040000  LTP 00000000)
[    0.000000] ACPI: MCFG 3feedc02 0003C (v01 PTLTD  $PCITBL$ 06040000  LTP 00000001)
[    0.000000] ACPI: SRAT 3feed732 004D0 (v02 VMWARE MEMPLUG  06040000 VMW  00000001)
[    0.000000] ACPI: HPET 3feed6fa 00038 (v01 VMWARE VMW HPET 06040000 VMW  00000001)
[    0.000000] ACPI: WAET 3feed6d2 00028 (v01 VMWARE VMW WAET 06040000 VMW  00000001)
[    0.000000] ACPI: Local APIC address 0xfee00000
[    0.000000] 132MB HIGHMEM available.
[    0.000000] 891MB LOWMEM available.
[    0.000000]   mapped low ram: 0 - 37bfe000
[    0.000000]   low ram: 0 - 37bfe000
[    0.000000] Zone PFN ranges:
[    0.000000]   DMA      0x00000010 -> 0x00001000
[    0.000000]   Normal   0x00001000 -> 0x00037bfe
[    0.000000]   HighMem  0x00037bfe -> 0x00040000
[    0.000000] Movable zone start PFN for each node
[    0.000000] early_node_map[3] active PFN ranges
[    0.000000]     0: 0x00000010 -> 0x0000009f
[    0.000000]     0: 0x00000100 -> 0x0003fee0
[    0.000000]     0: 0x0003ff00 -> 0x00040000
[    0.000000] On node 0 totalpages: 261999
[    0.000000] free_area_init_node: node 0, pgdat c1866a40, node_mem_map f73fd200
[    0.000000]   DMA zone: 32 pages used for memmap
[    0.000000]   DMA zone: 0 pages reserved
[    0.000000]   DMA zone: 3951 pages, LIFO batch:0
[    0.000000]   Normal zone: 1752 pages used for memmap
[    0.000000]   Normal zone: 222502 pages, LIFO batch:31
[    0.000000]   HighMem zone: 265 pages used for memmap
[    0.000000]   HighMem zone: 33497 pages, LIFO batch:7
[    0.000000] Using APIC driver default
[    0.000000] ACPI: PM-Timer IO Port: 0x1008
[    0.000000] ACPI: Local APIC address 0xfee00000
[    0.000000] ACPI: LAPIC (acpi_id[0x00] lapic_id[0x00] enabled)
[    0.000000] ACPI: LAPIC (acpi_id[0x01] lapic_id[0x02] disabled)
[    0.000000] ACPI: LAPIC (acpi_id[0x02] lapic_id[0x04] disabled)
[    0.000000] ACPI: LAPIC (acpi_id[0x03] lapic_id[0x06] disabled)
[    0.000000] ACPI: LAPIC (acpi_id[0x04] lapic_id[0x08] disabled)
[    0.000000] ACPI: LAPIC (acpi_id[0x05] lapic_id[0x0a] disabled)
[    0.000000] ACPI: LAPIC (acpi_id[0x06] lapic_id[0x0c] disabled)
[    0.000000] ACPI: LAPIC (acpi_id[0x07] lapic_id[0x0e] disabled)
[    0.000000] ACPI: LAPIC (acpi_id[0x08] lapic_id[0x10] disabled)
[    0.000000] ACPI: LAPIC (acpi_id[0x09] lapic_id[0x12] disabled)
[    0.000000] ACPI: LAPIC (acpi_id[0x0a] lapic_id[0x14] disabled)
[    0.000000] ACPI: LAPIC (acpi_id[0x0b] lapic_id[0x16] disabled)
[    0.000000] ACPI: LAPIC (acpi_id[0x0c] lapic_id[0x18] disabled)
[    0.000000] ACPI: LAPIC (acpi_id[0x0d] lapic_id[0x1a] disabled)
[    0.000000] ACPI: LAPIC (acpi_id[0x0e] lapic_id[0x1c] disabled)
[    0.000000] ACPI: LAPIC (acpi_id[0x0f] lapic_id[0x1e] disabled)
[    0.000000] ACPI: LAPIC (acpi_id[0x10] lapic_id[0x20] disabled)
[    0.000000] ACPI: LAPIC (acpi_id[0x11] lapic_id[0x22] disabled)
[    0.000000] ACPI: LAPIC (acpi_id[0x12] lapic_id[0x24] disabled)
[    0.000000] ACPI: LAPIC (acpi_id[0x13] lapic_id[0x26] disabled)
[    0.000000] ACPI: LAPIC (acpi_id[0x14] lapic_id[0x28] disabled)
[    0.000000] ACPI: LAPIC (acpi_id[0x15] lapic_id[0x2a] disabled)
[    0.000000] ACPI: LAPIC (acpi_id[0x16] lapic_id[0x2c] disabled)
[    0.000000] ACPI: LAPIC (acpi_id[0x17] lapic_id[0x2e] disabled)
[    0.000000] ACPI: LAPIC (acpi_id[0x18] lapic_id[0x30] disabled)
[    0.000000] ACPI: LAPIC (acpi_id[0x19] lapic_id[0x32] disabled)
[    0.000000] ACPI: LAPIC (acpi_id[0x1a] lapic_id[0x34] disabled)
[    0.000000] ACPI: LAPIC (acpi_id[0x1b] lapic_id[0x36] disabled)
[    0.000000] ACPI: LAPIC (acpi_id[0x1c] lapic_id[0x38] disabled)
[    0.000000] ACPI: LAPIC (acpi_id[0x1d] lapic_id[0x3a] disabled)
[    0.000000] ACPI: LAPIC (acpi_id[0x1e] lapic_id[0x3c] disabled)
[    0.000000] ACPI: LAPIC (acpi_id[0x1f] lapic_id[0x3e] disabled)
[    0.000000] ACPI: LAPIC (acpi_id[0x20] lapic_id[0x40] disabled)
[    0.000000] ACPI: LAPIC (acpi_id[0x21] lapic_id[0x42] disabled)
[    0.000000] ACPI: LAPIC (acpi_id[0x22] lapic_id[0x44] disabled)
[    0.000000] ACPI: LAPIC (acpi_id[0x23] lapic_id[0x46] disabled)
[    0.000000] ACPI: LAPIC (acpi_id[0x24] lapic_id[0x48] disabled)
[    0.000000] ACPI: LAPIC (acpi_id[0x25] lapic_id[0x4a] disabled)
[    0.000000] ACPI: LAPIC (acpi_id[0x26] lapic_id[0x4c] disabled)
[    0.000000] ACPI: LAPIC (acpi_id[0x27] lapic_id[0x4e] disabled)
[    0.000000] ACPI: LAPIC (acpi_id[0x28] lapic_id[0x50] disabled)
[    0.000000] ACPI: LAPIC (acpi_id[0x29] lapic_id[0x52] disabled)
[    0.000000] ACPI: LAPIC (acpi_id[0x2a] lapic_id[0x54] disabled)
[    0.000000] ACPI: LAPIC (acpi_id[0x2b] lapic_id[0x56] disabled)
[    0.000000] ACPI: LAPIC (acpi_id[0x2c] lapic_id[0x58] disabled)
[    0.000000] ACPI: LAPIC (acpi_id[0x2d] lapic_id[0x5a] disabled)
[    0.000000] ACPI: LAPIC (acpi_id[0x2e] lapic_id[0x5c] disabled)
[    0.000000] ACPI: LAPIC (acpi_id[0x2f] lapic_id[0x5e] disabled)
[    0.000000] ACPI: LAPIC (acpi_id[0x30] lapic_id[0x60] disabled)
[    0.000000] ACPI: LAPIC (acpi_id[0x31] lapic_id[0x62] disabled)
[    0.000000] ACPI: LAPIC (acpi_id[0x32] lapic_id[0x64] disabled)
[    0.000000] ACPI: LAPIC (acpi_id[0x33] lapic_id[0x66] disabled)
[    0.000000] ACPI: LAPIC (acpi_id[0x34] lapic_id[0x68] disabled)
[    0.000000] ACPI: LAPIC (acpi_id[0x35] lapic_id[0x6a] disabled)
[    0.000000] ACPI: LAPIC (acpi_id[0x36] lapic_id[0x6c] disabled)
[    0.000000] ACPI: LAPIC (acpi_id[0x37] lapic_id[0x6e] disabled)
[    0.000000] ACPI: LAPIC (acpi_id[0x38] lapic_id[0x70] disabled)
[    0.000000] ACPI: LAPIC (acpi_id[0x39] lapic_id[0x72] disabled)
[    0.000000] ACPI: LAPIC (acpi_id[0x3a] lapic_id[0x74] disabled)
[    0.000000] ACPI: LAPIC (acpi_id[0x3b] lapic_id[0x76] disabled)
[    0.000000] ACPI: LAPIC (acpi_id[0x3c] lapic_id[0x78] disabled)
[    0.000000] ACPI: LAPIC (acpi_id[0x3d] lapic_id[0x7a] disabled)
[    0.000000] ACPI: LAPIC (acpi_id[0x3e] lapic_id[0x7c] disabled)
[    0.000000] ACPI: LAPIC (acpi_id[0x3f] lapic_id[0x7e] disabled)
[    0.000000] ACPI: LAPIC_NMI (acpi_id[0x00] high edge lint[0x1])
[    0.000000] ACPI: LAPIC_NMI (acpi_id[0x01] high edge lint[0x1])
[    0.000000] ACPI: LAPIC_NMI (acpi_id[0x02] high edge lint[0x1])
[    0.000000] ACPI: LAPIC_NMI (acpi_id[0x03] high edge lint[0x1])
[    0.000000] ACPI: LAPIC_NMI (acpi_id[0x04] high edge lint[0x1])
[    0.000000] ACPI: LAPIC_NMI (acpi_id[0x05] high edge lint[0x1])
[    0.000000] ACPI: LAPIC_NMI (acpi_id[0x06] high edge lint[0x1])
[    0.000000] ACPI: LAPIC_NMI (acpi_id[0x07] high edge lint[0x1])
[    0.000000] ACPI: LAPIC_NMI (acpi_id[0x08] high edge lint[0x1])
[    0.000000] ACPI: LAPIC_NMI (acpi_id[0x09] high edge lint[0x1])
[    0.000000] ACPI: LAPIC_NMI (acpi_id[0x0a] high edge lint[0x1])
[    0.000000] ACPI: LAPIC_NMI (acpi_id[0x0b] high edge lint[0x1])
[    0.000000] ACPI: LAPIC_NMI (acpi_id[0x0c] high edge lint[0x1])
[    0.000000] ACPI: LAPIC_NMI (acpi_id[0x0d] high edge lint[0x1])
[    0.000000] ACPI: LAPIC_NMI (acpi_id[0x0e] high edge lint[0x1])
[    0.000000] ACPI: LAPIC_NMI (acpi_id[0x0f] high edge lint[0x1])
[    0.000000] ACPI: LAPIC_NMI (acpi_id[0x10] high edge lint[0x1])
[    0.000000] ACPI: LAPIC_NMI (acpi_id[0x11] high edge lint[0x1])
[    0.000000] ACPI: LAPIC_NMI (acpi_id[0x12] high edge lint[0x1])
[    0.000000] ACPI: LAPIC_NMI (acpi_id[0x13] high edge lint[0x1])
[    0.000000] ACPI: LAPIC_NMI (acpi_id[0x14] high edge lint[0x1])
[    0.000000] ACPI: LAPIC_NMI (acpi_id[0x15] high edge lint[0x1])
[    0.000000] ACPI: LAPIC_NMI (acpi_id[0x16] high edge lint[0x1])
[    0.000000] ACPI: LAPIC_NMI (acpi_id[0x17] high edge lint[0x1])
[    0.000000] ACPI: LAPIC_NMI (acpi_id[0x18] high edge lint[0x1])
[    0.000000] ACPI: LAPIC_NMI (acpi_id[0x19] high edge lint[0x1])
[    0.000000] ACPI: LAPIC_NMI (acpi_id[0x1a] high edge lint[0x1])
[    0.000000] ACPI: LAPIC_NMI (acpi_id[0x1b] high edge lint[0x1])
[    0.000000] ACPI: LAPIC_NMI (acpi_id[0x1c] high edge lint[0x1])
[    0.000000] ACPI: LAPIC_NMI (acpi_id[0x1d] high edge lint[0x1])
[    0.000000] ACPI: LAPIC_NMI (acpi_id[0x1e] high edge lint[0x1])
[    0.000000] ACPI: LAPIC_NMI (acpi_id[0x1f] high edge lint[0x1])
[    0.000000] ACPI: LAPIC_NMI (acpi_id[0x20] high edge lint[0x1])
[    0.000000] ACPI: LAPIC_NMI (acpi_id[0x21] high edge lint[0x1])
[    0.000000] ACPI: LAPIC_NMI (acpi_id[0x22] high edge lint[0x1])
[    0.000000] ACPI: LAPIC_NMI (acpi_id[0x23] high edge lint[0x1])
[    0.000000] ACPI: LAPIC_NMI (acpi_id[0x24] high edge lint[0x1])
[    0.000000] ACPI: LAPIC_NMI (acpi_id[0x25] high edge lint[0x1])
[    0.000000] ACPI: LAPIC_NMI (acpi_id[0x26] high edge lint[0x1])
[    0.000000] ACPI: LAPIC_NMI (acpi_id[0x27] high edge lint[0x1])
[    0.000000] ACPI: LAPIC_NMI (acpi_id[0x28] high edge lint[0x1])
[    0.000000] ACPI: LAPIC_NMI (acpi_id[0x29] high edge lint[0x1])
[    0.000000] ACPI: LAPIC_NMI (acpi_id[0x2a] high edge lint[0x1])
[    0.000000] ACPI: LAPIC_NMI (acpi_id[0x2b] high edge lint[0x1])
[    0.000000] ACPI: LAPIC_NMI (acpi_id[0x2c] high edge lint[0x1])
[    0.000000] ACPI: LAPIC_NMI (acpi_id[0x2d] high edge lint[0x1])
[    0.000000] ACPI: LAPIC_NMI (acpi_id[0x2e] high edge lint[0x1])
[    0.000000] ACPI: LAPIC_NMI (acpi_id[0x2f] high edge lint[0x1])
[    0.000000] ACPI: LAPIC_NMI (acpi_id[0x30] high edge lint[0x1])
[    0.000000] ACPI: LAPIC_NMI (acpi_id[0x31] high edge lint[0x1])
[    0.000000] ACPI: LAPIC_NMI (acpi_id[0x32] high edge lint[0x1])
[    0.000000] ACPI: LAPIC_NMI (acpi_id[0x33] high edge lint[0x1])
[    0.000000] ACPI: LAPIC_NMI (acpi_id[0x34] high edge lint[0x1])
[    0.000000] ACPI: LAPIC_NMI (acpi_id[0x35] high edge lint[0x1])
[    0.000000] ACPI: LAPIC_NMI (acpi_id[0x36] high edge lint[0x1])
[    0.000000] ACPI: LAPIC_NMI (acpi_id[0x37] high edge lint[0x1])
[    0.000000] ACPI: LAPIC_NMI (acpi_id[0x38] high edge lint[0x1])
[    0.000000] ACPI: LAPIC_NMI (acpi_id[0x39] high edge lint[0x1])
[    0.000000] ACPI: LAPIC_NMI (acpi_id[0x3a] high edge lint[0x1])
[    0.000000] ACPI: LAPIC_NMI (acpi_id[0x3b] high edge lint[0x1])
[    0.000000] ACPI: LAPIC_NMI (acpi_id[0x3c] high edge lint[0x1])
[    0.000000] ACPI: LAPIC_NMI (acpi_id[0x3d] high edge lint[0x1])
[    0.000000] ACPI: LAPIC_NMI (acpi_id[0x3e] high edge lint[0x1])
[    0.000000] ACPI: LAPIC_NMI (acpi_id[0x3f] high edge lint[0x1])
[    0.000000] ACPI: Skipping IOAPIC probe due to 'noapic' option.
[    0.000000] Using ACPI for processor (LAPIC) configuration information
[    0.000000] ACPI: HPET id: 0x8086af01 base: 0xfed00000
[    0.000000] Intel MultiProcessor Specification v1.4
[    0.000000]     Virtual Wire compatibility mode.
[    0.000000] MPTABLE: OEM ID: INTEL   
[    0.000000] MPTABLE: Product ID: 440BX       
[    0.000000] MPTABLE: APIC at: 0xFEE00000
[    0.000000] IOAPIC[0]: apic_id 1, version 17, address 0xfec00000, GSI 0-23
[    0.000000] Processors: 1
[    0.000000] SMP: Allowing 1 CPUs, 0 hotplug CPUs
[    0.000000] nr_irqs_gsi: 40
[    0.000000] PM: Registered nosave memory: 000000000009f000 - 00000000000a0000
[    0.000000] PM: Registered nosave memory: 00000000000a0000 - 00000000000ca000
[    0.000000] PM: Registered nosave memory: 00000000000ca000 - 00000000000cc000
[    0.000000] PM: Registered nosave memory: 00000000000cc000 - 00000000000dc000
[    0.000000] PM: Registered nosave memory: 00000000000dc000 - 0000000000100000
[    0.000000] Allocating PCI resources starting at 40000000 (gap: 40000000:a0000000)
[    0.000000] Booting paravirtualized kernel on bare hardware
[    0.000000] setup_percpu: NR_CPUS:8 nr_cpumask_bits:8 nr_cpu_ids:1 nr_node_ids:1
[    0.000000] PERCPU: Embedded 14 pages/cpu @f73e8000 s34240 r0 d23104 u57344
[    0.000000] pcpu-alloc: s34240 r0 d23104 u57344 alloc=14*4096
[    0.000000] pcpu-alloc: [0] 0 
[    0.000000] Built 1 zonelists in Zone order, mobility grouping on.  Total pages: 259950
[    0.000000] Kernel command line: BOOT_IMAGE=/boot/vmlinuz-3.2.0-29-generic-pae root=UUID=007b598c-390d-4c65-84a1-4ff752d48633 ro quiet splash maxcpus=0
[    0.000000] PID hash table entries: 4096 (order: 2, 16384 bytes)
[    0.000000] Dentry cache hash table entries: 131072 (order: 7, 524288 bytes)
[    0.000000] Inode-cache hash table entries: 65536 (order: 6, 262144 bytes)
[    0.000000] Initializing CPU#0
[    0.000000] xsave/xrstor: enabled xstate_bv 0x7, cntxt size 0x340
[    0.000000] allocated 4194048 bytes of page_cgroup
[    0.000000] please try 'cgroup_disable=memory' option if you don't want memory cgroups
[    0.000000] Initializing HighMem for node 0 (00037bfe:00040000)
[    0.000000] Memory: 1010624k/1048576k available (5814k kernel code, 37372k reserved, 2841k data, 740k init, 135048k highmem)
[    0.000000] virtual kernel memory layout:
[    0.000000]     fixmap  : 0xfff16000 - 0xfffff000   ( 932 kB)
[    0.000000]     pkmap   : 0xffc00000 - 0xffe00000   (2048 kB)
[    0.000000]     vmalloc : 0xf83fe000 - 0xffbfe000   ( 120 MB)
[    0.000000]     lowmem  : 0xc0000000 - 0xf7bfe000   ( 891 MB)
[    0.000000]       .init : 0xc1875000 - 0xc192e000   ( 740 kB)
[    0.000000]       .data : 0xc15adb64 - 0xc1874240   (2841 kB)
[    0.000000]       .text : 0xc1000000 - 0xc15adb64   (5814 kB)
[    0.000000] Checking if this processor honours the WP bit even in supervisor mode...Ok.
[    0.000000] SLUB: Genslabs=15, HWalign=64, Order=0-3, MinObjects=0, CPUs=1, Nodes=1
[    0.000000] Hierarchical RCU implementation.
[    0.000000] 	RCU dyntick-idle grace-period acceleration is enabled.
[    0.000000] NR_IRQS:2304 nr_irqs:256 16
[    0.000000] CPU 0 irqstacks, hard=f5c08000 soft=f5c0a000
[    0.000000] Extended CMOS year: 2000
[    0.000000] Console: colour VGA+ 80x25
[    0.000000] console [tty0] enabled
[    0.000000] hpet clockevent registered
[    0.000000] TSC freq read from hypervisor : 2394.620 MHz
[    0.000000] Detected 2394.620 MHz processor.
[    0.000001] Calibrating delay loop (skipped) preset value.. 4789.24 BogoMIPS (lpj=9578480)
[    0.000004] pid_max: default: 32768 minimum: 301
[    0.000018] Security Framework initialized
[    0.000032] AppArmor: AppArmor initialized
[    0.000033] Yama: becoming mindful.
[    0.000068] Mount-cache hash table entries: 512
[    0.000145] Initializing cgroup subsys cpuacct
[    0.000149] Initializing cgroup subsys memory
[    0.000166] Initializing cgroup subsys devices
[    0.000169] Initializing cgroup subsys freezer
[    0.000171] Initializing cgroup subsys blkio
[    0.000178] Initializing cgroup subsys perf_event
[    0.000221] Disabled fast string operations
[    0.000224] CPU: Physical Processor ID: 0
[    0.000234] ENERGY_PERF_BIAS: Set to 'normal', was 'performance'
[    0.000234] ENERGY_PERF_BIAS: View and update with x86_energy_perf_policy(8)
[    0.000865] mce: CPU supports 0 MCE banks
[    0.001597] SMP alternatives: switching to UP code
[    0.018293] Freeing SMP alternatives: 24k freed
[    0.018299] ACPI: Core revision 20110623
[    0.024618] ACPI: setting ELCR to 0200 (from 0e20)
[    0.025762] ftrace: allocating 26545 entries in 52 pages
[    0.046038] SMP mode deactivated.
[    0.046066] SMP disabled
[    0.046068] Performance Events: generic architected perfmon v1, core PMU driver.
[    0.046079] ... version:                1
[    0.046080] ... bit width:              48
[    0.046081] ... generic registers:      4
[    0.046082] ... value mask:             0000ffffffffffff
[    0.046083] ... max period:             000000007fffffff
[    0.046084] ... fixed-purpose events:   0
[    0.046085] ... event mask:             000000000000000f
[    0.046214] NMI watchdog enabled, takes one hw-pmu counter.
[    0.046234] Brought up 1 CPUs
[    0.046235] Total of 1 processors activated (4789.24 BogoMIPS).
[    0.046336] devtmpfs: initialized
[    0.046405] EVM: security.selinux
[    0.046406] EVM: security.SMACK64
[    0.046407] EVM: security.capability
[    0.046432] PM: Registering ACPI NVS region at 3feff000 (4096 bytes)
[    0.047147] print_constraints: dummy: 
[    0.047215] RTC time:  8:03:30, date: 05/27/13
[    0.047242] NET: Registered protocol family 16
[    0.047313] EISA bus registered
[    0.047322] ACPI: bus type pci registered
[    0.047426] PCI: MMCONFIG for domain 0000 [bus 00-ff] at [mem 0xe0000000-0xefffffff] (base 0xe0000000)
[    0.047429] PCI: MMCONFIG at [mem 0xe0000000-0xefffffff] reserved in E820
[    0.047430] PCI: Using MMCONFIG for extended config space
[    0.047431] PCI: Using configuration type 1 for base access
[    0.048118] bio: create slab <bio-0> at 0
[    0.048184] ACPI: Added _OSI(Module Device)
[    0.048185] ACPI: Added _OSI(Processor Device)
[    0.048187] ACPI: Added _OSI(3.0 _SCP Extensions)
[    0.048188] ACPI: Added _OSI(Processor Aggregator Device)
[    0.050038] ACPI: EC: Look up EC in DSDT
[    0.054503] [Firmware Bug]: ACPI: BIOS _OSI(Linux) query ignored
[    0.062056] ACPI: Interpreter enabled
[    0.062074] ACPI: (supports S0 S1 S4 S5)
[    0.062085] ACPI: Using PIC for interrupt routing
[    0.107953] ACPI: No dock devices found.
[    0.107957] HEST: Table not found.
[    0.107962] PCI: Using host bridge windows from ACPI; if necessary, use "pci=nocrs" and report a bug
[    0.108624] ACPI: PCI Root Bridge [PCI0] (domain 0000 [bus 00-ff])
[    0.109742] pci_root PNP0A03:00: host bridge window [mem 0x000a0000-0x000bffff]
[    0.109744] pci_root PNP0A03:00: host bridge window [mem 0x000cc000-0x000cffff]
[    0.109746] pci_root PNP0A03:00: host bridge window [mem 0x000d0000-0x000d3fff]
[    0.109747] pci_root PNP0A03:00: host bridge window [mem 0x000d4000-0x000d7fff]
[    0.109749] pci_root PNP0A03:00: host bridge window [mem 0x000d8000-0x000dbfff]
[    0.109751] pci_root PNP0A03:00: host bridge window [mem 0xc0000000-0xfebfffff]
[    0.109752] pci_root PNP0A03:00: host bridge window [io  0x0000-0x0cf7]
[    0.109754] pci_root PNP0A03:00: host bridge window [io  0x0d00-0xfeff]
[    0.109804] pci 0000:00:00.0: [8086:7190] type 0 class 0x000600
[    0.110258] pci 0000:00:01.0: [8086:7191] type 1 class 0x000604
[    0.110630] pci 0000:00:07.0: [8086:7110] type 0 class 0x000601
[    0.111229] pci 0000:00:07.1: [8086:7111] type 0 class 0x000101
[    0.112710] pci 0000:00:07.1: reg 20: [io  0x10c0-0x10cf]
[    0.113424] pci 0000:00:07.3: [8086:7113] type 0 class 0x000680
[    0.115040] pci 0000:00:07.3: quirk: [io  0x1000-0x103f] claimed by PIIX4 ACPI
[    0.115052] pci 0000:00:07.3: quirk: [io  0x1040-0x104f] claimed by PIIX4 SMB
[    0.115272] pci 0000:00:07.7: [15ad:0740] type 0 class 0x000880
[    0.115739] pci 0000:00:07.7: reg 10: [io  0x1080-0x10bf]
[    0.116321] pci 0000:00:07.7: reg 14: [mem 0xc8000000-0xc8001fff 64bit]
[    0.118309] pci 0000:00:0f.0: [15ad:0405] type 0 class 0x000300
[    0.120363] pci 0000:00:0f.0: reg 10: [io  0x10d0-0x10df]
[    0.122295] pci 0000:00:0f.0: reg 14: [mem 0xd0000000-0xd7ffffff pref]
[    0.124242] pci 0000:00:0f.0: reg 18: [mem 0xc8800000-0xc8ffffff]
[    0.132089] pci 0000:00:0f.0: reg 30: [mem 0x00000000-0x00007fff pref]
[    0.132372] pci 0000:00:10.0: [1000:0030] type 0 class 0x000100
[    0.132919] pci 0000:00:10.0: reg 10: [io  0x1400-0x14ff]
[    0.133634] pci 0000:00:10.0: reg 14: [mem 0xc8040000-0xc805ffff 64bit]
[    0.134561] pci 0000:00:10.0: reg 1c: [mem 0xc8020000-0xc803ffff 64bit]
[    0.136153] pci 0000:00:10.0: reg 30: [mem 0x00000000-0x00003fff pref]
[    0.136343] pci 0000:00:11.0: [15ad:0790] type 1 class 0x000604
[    0.137228] pci 0000:00:15.0: [15ad:07a0] type 1 class 0x000604
[    0.138129] pci 0000:00:15.0: PME# supported from D0 D3hot D3cold
[    0.138157] pci 0000:00:15.0: PME# disabled
[    0.138429] pci 0000:00:15.1: [15ad:07a0] type 1 class 0x000604
[    0.139266] pci 0000:00:15.1: PME# supported from D0 D3hot D3cold
[    0.139289] pci 0000:00:15.1: PME# disabled
[    0.139505] pci 0000:00:15.2: [15ad:07a0] type 1 class 0x000604
[    0.140219] pci 0000:00:15.2: PME# supported from D0 D3hot D3cold
[    0.140241] pci 0000:00:15.2: PME# disabled
[    0.140453] pci 0000:00:15.3: [15ad:07a0] type 1 class 0x000604
[    0.141146] pci 0000:00:15.3: PME# supported from D0 D3hot D3cold
[    0.141167] pci 0000:00:15.3: PME# disabled
[    0.141380] pci 0000:00:15.4: [15ad:07a0] type 1 class 0x000604
[    0.142069] pci 0000:00:15.4: PME# supported from D0 D3hot D3cold
[    0.142090] pci 0000:00:15.4: PME# disabled
[    0.142310] pci 0000:00:15.5: [15ad:07a0] type 1 class 0x000604
[    0.142994] pci 0000:00:15.5: PME# supported from D0 D3hot D3cold
[    0.143015] pci 0000:00:15.5: PME# disabled
[    0.143228] pci 0000:00:15.6: [15ad:07a0] type 1 class 0x000604
[    0.143921] pci 0000:00:15.6: PME# supported from D0 D3hot D3cold
[    0.143943] pci 0000:00:15.6: PME# disabled
[    0.144160] pci 0000:00:15.7: [15ad:07a0] type 1 class 0x000604
[    0.144841] pci 0000:00:15.7: PME# supported from D0 D3hot D3cold
[    0.144862] pci 0000:00:15.7: PME# disabled
[    0.145091] pci 0000:00:16.0: [15ad:07a0] type 1 class 0x000604
[    0.145768] pci 0000:00:16.0: PME# supported from D0 D3hot D3cold
[    0.145789] pci 0000:00:16.0: PME# disabled
[    0.146009] pci 0000:00:16.1: [15ad:07a0] type 1 class 0x000604
[    0.146689] pci 0000:00:16.1: PME# supported from D0 D3hot D3cold
[    0.146710] pci 0000:00:16.1: PME# disabled
[    0.146922] pci 0000:00:16.2: [15ad:07a0] type 1 class 0x000604
[    0.147609] pci 0000:00:16.2: PME# supported from D0 D3hot D3cold
[    0.147630] pci 0000:00:16.2: PME# disabled
[    0.147856] pci 0000:00:16.3: [15ad:07a0] type 1 class 0x000604
[    0.148544] pci 0000:00:16.3: PME# supported from D0 D3hot D3cold
[    0.148566] pci 0000:00:16.3: PME# disabled
[    0.148778] pci 0000:00:16.4: [15ad:07a0] type 1 class 0x000604
[    0.149464] pci 0000:00:16.4: PME# supported from D0 D3hot D3cold
[    0.149485] pci 0000:00:16.4: PME# disabled
[    0.149703] pci 0000:00:16.5: [15ad:07a0] type 1 class 0x000604
[    0.150399] pci 0000:00:16.5: PME# supported from D0 D3hot D3cold
[    0.150420] pci 0000:00:16.5: PME# disabled
[    0.150633] pci 0000:00:16.6: [15ad:07a0] type 1 class 0x000604
[    0.151321] pci 0000:00:16.6: PME# supported from D0 D3hot D3cold
[    0.151343] pci 0000:00:16.6: PME# disabled
[    0.151556] pci 0000:00:16.7: [15ad:07a0] type 1 class 0x000604
[    0.152261] pci 0000:00:16.7: PME# supported from D0 D3hot D3cold
[    0.152283] pci 0000:00:16.7: PME# disabled
[    0.152497] pci 0000:00:17.0: [15ad:07a0] type 1 class 0x000604
[    0.153188] pci 0000:00:17.0: PME# supported from D0 D3hot D3cold
[    0.153210] pci 0000:00:17.0: PME# disabled
[    0.153423] pci 0000:00:17.1: [15ad:07a0] type 1 class 0x000604
[    0.154112] pci 0000:00:17.1: PME# supported from D0 D3hot D3cold
[    0.154133] pci 0000:00:17.1: PME# disabled
[    0.154345] pci 0000:00:17.2: [15ad:07a0] type 1 class 0x000604
[    0.155027] pci 0000:00:17.2: PME# supported from D0 D3hot D3cold
[    0.155049] pci 0000:00:17.2: PME# disabled
[    0.155260] pci 0000:00:17.3: [15ad:07a0] type 1 class 0x000604
[    0.155955] pci 0000:00:17.3: PME# supported from D0 D3hot D3cold
[    0.155977] pci 0000:00:17.3: PME# disabled
[    0.156191] pci 0000:00:17.4: [15ad:07a0] type 1 class 0x000604
[    0.156870] pci 0000:00:17.4: PME# supported from D0 D3hot D3cold
[    0.156892] pci 0000:00:17.4: PME# disabled
[    0.157118] pci 0000:00:17.5: [15ad:07a0] type 1 class 0x000604
[    0.157798] pci 0000:00:17.5: PME# supported from D0 D3hot D3cold
[    0.157819] pci 0000:00:17.5: PME# disabled
[    0.158039] pci 0000:00:17.6: [15ad:07a0] type 1 class 0x000604
[    0.158719] pci 0000:00:17.6: PME# supported from D0 D3hot D3cold
[    0.158740] pci 0000:00:17.6: PME# disabled
[    0.158953] pci 0000:00:17.7: [15ad:07a0] type 1 class 0x000604
[    0.159633] pci 0000:00:17.7: PME# supported from D0 D3hot D3cold
[    0.159654] pci 0000:00:17.7: PME# disabled
[    0.159879] pci 0000:00:18.0: [15ad:07a0] type 1 class 0x000604
[    0.160568] pci 0000:00:18.0: PME# supported from D0 D3hot D3cold
[    0.160589] pci 0000:00:18.0: PME# disabled
[    0.160802] pci 0000:00:18.1: [15ad:07a0] type 1 class 0x000604
[    0.161491] pci 0000:00:18.1: PME# supported from D0 D3hot D3cold
[    0.161513] pci 0000:00:18.1: PME# disabled
[    0.161726] pci 0000:00:18.2: [15ad:07a0] type 1 class 0x000604
[    0.162409] pci 0000:00:18.2: PME# supported from D0 D3hot D3cold
[    0.162430] pci 0000:00:18.2: PME# disabled
[    0.162643] pci 0000:00:18.3: [15ad:07a0] type 1 class 0x000604
[    0.163326] pci 0000:00:18.3: PME# supported from D0 D3hot D3cold
[    0.163348] pci 0000:00:18.3: PME# disabled
[    0.163560] pci 0000:00:18.4: [15ad:07a0] type 1 class 0x000604
[    0.164265] pci 0000:00:18.4: PME# supported from D0 D3hot D3cold
[    0.164286] pci 0000:00:18.4: PME# disabled
[    0.164505] pci 0000:00:18.5: [15ad:07a0] type 1 class 0x000604
[    0.165198] pci 0000:00:18.5: PME# supported from D0 D3hot D3cold
[    0.165220] pci 0000:00:18.5: PME# disabled
[    0.165434] pci 0000:00:18.6: [15ad:07a0] type 1 class 0x000604
[    0.166133] pci 0000:00:18.6: PME# supported from D0 D3hot D3cold
[    0.166154] pci 0000:00:18.6: PME# disabled
[    0.166367] pci 0000:00:18.7: [15ad:07a0] type 1 class 0x000604
[    0.167048] pci 0000:00:18.7: PME# supported from D0 D3hot D3cold
[    0.167069] pci 0000:00:18.7: PME# disabled
[    0.167607] pci 0000:00:01.0: PCI bridge to [bus 01-01]
[    0.167903] pci 0000:02:00.0: [15ad:0774] type 0 class 0x000c03
[    0.169247] pci 0000:02:00.0: reg 20: [io  0x20c0-0x20df]
[    0.169858] pci 0000:02:01.0: [1022:2000] type 0 class 0x000200
[    0.170270] pci 0000:02:01.0: reg 10: [io  0x2000-0x207f]
[    0.172416] pci 0000:02:01.0: reg 30: [mem 0x00000000-0x0000ffff pref]
[    0.172567] pci 0000:02:02.0: [1274:1371] type 0 class 0x000401
[    0.173041] pci 0000:02:02.0: reg 10: [io  0x2080-0x20bf]
[    0.175227] pci 0000:02:03.0: [15ad:0770] type 0 class 0x000c03
[    0.175494] pci 0000:02:03.0: reg 10: [mem 0xc9000000-0xc9000fff]
[    0.177389] pci 0000:00:11.0: PCI bridge to [bus 02-02] (subtractive decode)
[    0.177414] pci 0000:00:11.0:   bridge window [io  0x2000-0x3fff]
[    0.177438] pci 0000:00:11.0:   bridge window [mem 0xc9000000-0xca3fffff]
[    0.177482] pci 0000:00:11.0:   bridge window [mem 0xd8400000-0xd89fffff 64bit pref]
[    0.177485] pci 0000:00:11.0:   bridge window [mem 0x000a0000-0x000bffff] (subtractive decode)
[    0.177487] pci 0000:00:11.0:   bridge window [mem 0x000cc000-0x000cffff] (subtractive decode)
[    0.177489] pci 0000:00:11.0:   bridge window [mem 0x000d0000-0x000d3fff] (subtractive decode)
[    0.177490] pci 0000:00:11.0:   bridge window [mem 0x000d4000-0x000d7fff] (subtractive decode)
[    0.177492] pci 0000:00:11.0:   bridge window [mem 0x000d8000-0x000dbfff] (subtractive decode)
[    0.177494] pci 0000:00:11.0:   bridge window [mem 0xc0000000-0xfebfffff] (subtractive decode)
[    0.177495] pci 0000:00:11.0:   bridge window [io  0x0000-0x0cf7] (subtractive decode)
[    0.177497] pci 0000:00:11.0:   bridge window [io  0x0d00-0xfeff] (subtractive decode)
[    0.177972] pci 0000:00:15.0: PCI bridge to [bus 03-03]
[    0.177995] pci 0000:00:15.0:   bridge window [io  0x4000-0x4fff]
[    0.178018] pci 0000:00:15.0:   bridge window [mem 0xca400000-0xca4fffff]
[    0.178062] pci 0000:00:15.0:   bridge window [mem 0xd8a00000-0xd8afffff 64bit pref]
[    0.178525] pci 0000:00:15.1: PCI bridge to [bus 04-04]
[    0.178548] pci 0000:00:15.1:   bridge window [io  0x8000-0x8fff]
[    0.178571] pci 0000:00:15.1:   bridge window [mem 0xca800000-0xca8fffff]
[    0.178615] pci 0000:00:15.1:   bridge window [mem 0xd8e00000-0xd8efffff 64bit pref]
[    0.179083] pci 0000:00:15.2: PCI bridge to [bus 05-05]
[    0.179107] pci 0000:00:15.2:   bridge window [io  0xc000-0xcfff]
[    0.179138] pci 0000:00:15.2:   bridge window [mem 0xcac00000-0xcacfffff]
[    0.179199] pci 0000:00:15.2:   bridge window [mem 0xd9200000-0xd92fffff 64bit pref]
[    0.179769] pci 0000:00:15.3: PCI bridge to [bus 06-06]
[    0.179813] pci 0000:00:15.3:   bridge window [mem 0xcb000000-0xcb0fffff]
[    0.179858] pci 0000:00:15.3:   bridge window [mem 0xd9600000-0xd96fffff 64bit pref]
[    0.180331] pci 0000:00:15.4: PCI bridge to [bus 07-07]
[    0.180375] pci 0000:00:15.4:   bridge window [mem 0xcb400000-0xcb4fffff]
[    0.180449] pci 0000:00:15.4:   bridge window [mem 0xd9a00000-0xd9afffff 64bit pref]
[    0.181027] pci 0000:00:15.5: PCI bridge to [bus 08-08]
[    0.181080] pci 0000:00:15.5:   bridge window [mem 0xcb800000-0xcb8fffff]
[    0.181129] pci 0000:00:15.5:   bridge window [mem 0xd9e00000-0xd9efffff 64bit pref]
[    0.181644] pci 0000:00:15.6: PCI bridge to [bus 09-09]
[    0.181693] pci 0000:00:15.6:   bridge window [mem 0xcbc00000-0xcbcfffff]
[    0.181742] pci 0000:00:15.6:   bridge window [mem 0xda200000-0xda2fffff 64bit pref]
[    0.182344] pci 0000:00:15.7: PCI bridge to [bus 0a-0a]
[    0.182405] pci 0000:00:15.7:   bridge window [mem 0xcc000000-0xcc0fffff]
[    0.182461] pci 0000:00:15.7:   bridge window [mem 0xda600000-0xda6fffff 64bit pref]
[    0.182951] pci 0000:00:16.0: PCI bridge to [bus 0b-0b]
[    0.182975] pci 0000:00:16.0:   bridge window [io  0x5000-0x5fff]
[    0.182998] pci 0000:00:16.0:   bridge window [mem 0xca500000-0xca5fffff]
[    0.183042] pci 0000:00:16.0:   bridge window [mem 0xd8b00000-0xd8bfffff 64bit pref]
[    0.183533] pci 0000:00:16.1: PCI bridge to [bus 0c-0c]
[    0.183556] pci 0000:00:16.1:   bridge window [io  0x9000-0x9fff]
[    0.183579] pci 0000:00:16.1:   bridge window [mem 0xca900000-0xca9fffff]
[    0.183623] pci 0000:00:16.1:   bridge window [mem 0xd8f00000-0xd8ffffff 64bit pref]
[    0.184140] pci 0000:00:16.2: PCI bridge to [bus 0d-0d]
[    0.184163] pci 0000:00:16.2:   bridge window [io  0xd000-0xdfff]
[    0.184186] pci 0000:00:16.2:   bridge window [mem 0xcad00000-0xcadfffff]
[    0.184230] pci 0000:00:16.2:   bridge window [mem 0xd9300000-0xd93fffff 64bit pref]
[    0.184700] pci 0000:00:16.3: PCI bridge to [bus 0e-0e]
[    0.184744] pci 0000:00:16.3:   bridge window [mem 0xcb100000-0xcb1fffff]
[    0.184787] pci 0000:00:16.3:   bridge window [mem 0xd9700000-0xd97fffff 64bit pref]
[    0.185253] pci 0000:00:16.4: PCI bridge to [bus 0f-0f]
[    0.185297] pci 0000:00:16.4:   bridge window [mem 0xcb500000-0xcb5fffff]
[    0.185341] pci 0000:00:16.4:   bridge window [mem 0xd9b00000-0xd9bfffff 64bit pref]
[    0.185850] pci 0000:00:16.5: PCI bridge to [bus 10-10]
[    0.185897] pci 0000:00:16.5:   bridge window [mem 0xcb900000-0xcb9fffff]
[    0.185949] pci 0000:00:16.5:   bridge window [mem 0xd9f00000-0xd9ffffff 64bit pref]
[    0.186416] pci 0000:00:16.6: PCI bridge to [bus 11-11]
[    0.186460] pci 0000:00:16.6:   bridge window [mem 0xcbd00000-0xcbdfffff]
[    0.186504] pci 0000:00:16.6:   bridge window [mem 0xda300000-0xda3fffff 64bit pref]
[    0.187007] pci 0000:00:16.7: PCI bridge to [bus 12-12]
[    0.187053] pci 0000:00:16.7:   bridge window [mem 0xcc100000-0xcc1fffff]
[    0.187097] pci 0000:00:16.7:   bridge window [mem 0xda700000-0xda7fffff 64bit pref]
[    0.187581] pci 0000:00:17.0: PCI bridge to [bus 13-13]
[    0.187604] pci 0000:00:17.0:   bridge window [io  0x6000-0x6fff]
[    0.187627] pci 0000:00:17.0:   bridge window [mem 0xca600000-0xca6fffff]
[    0.187670] pci 0000:00:17.0:   bridge window [mem 0xd8c00000-0xd8cfffff 64bit pref]
[    0.188158] pci 0000:00:17.1: PCI bridge to [bus 14-14]
[    0.188181] pci 0000:00:17.1:   bridge window [io  0xa000-0xafff]
[    0.188203] pci 0000:00:17.1:   bridge window [mem 0xcaa00000-0xcaafffff]
[    0.188247] pci 0000:00:17.1:   bridge window [mem 0xd9000000-0xd90fffff 64bit pref]
[    0.188751] pci 0000:00:17.2: PCI bridge to [bus 15-15]
[    0.188774] pci 0000:00:17.2:   bridge window [io  0xe000-0xefff]
[    0.188797] pci 0000:00:17.2:   bridge window [mem 0xcae00000-0xcaefffff]
[    0.188841] pci 0000:00:17.2:   bridge window [mem 0xd9400000-0xd94fffff 64bit pref]
[    0.189327] pci 0000:00:17.3: PCI bridge to [bus 16-16]
[    0.189370] pci 0000:00:17.3:   bridge window [mem 0xcb200000-0xcb2fffff]
[    0.189414] pci 0000:00:17.3:   bridge window [mem 0xd9800000-0xd98fffff 64bit pref]
[    0.189933] pci 0000:00:17.4: PCI bridge to [bus 17-17]
[    0.189986] pci 0000:00:17.4:   bridge window [mem 0xcb600000-0xcb6fffff]
[    0.190040] pci 0000:00:17.4:   bridge window [mem 0xd9c00000-0xd9cfffff 64bit pref]
[    0.190630] pci 0000:00:17.5: PCI bridge to [bus 18-18]
[    0.190691] pci 0000:00:17.5:   bridge window [mem 0xcba00000-0xcbafffff]
[    0.190754] pci 0000:00:17.5:   bridge window [mem 0xda000000-0xda0fffff 64bit pref]
[    0.191269] pci 0000:00:17.6: PCI bridge to [bus 19-19]
[    0.191313] pci 0000:00:17.6:   bridge window [mem 0xcbe00000-0xcbefffff]
[    0.191357] pci 0000:00:17.6:   bridge window [mem 0xda400000-0xda4fffff 64bit pref]
[    0.191859] pci 0000:00:17.7: PCI bridge to [bus 1a-1a]
[    0.191913] pci 0000:00:17.7:   bridge window [mem 0xcc200000-0xcc2fffff]
[    0.191963] pci 0000:00:17.7:   bridge window [mem 0xda800000-0xda8fffff 64bit pref]
[    0.192430] pci 0000:00:18.0: PCI bridge to [bus 1b-1b]
[    0.192454] pci 0000:00:18.0:   bridge window [io  0x7000-0x7fff]
[    0.192477] pci 0000:00:18.0:   bridge window [mem 0xca700000-0xca7fffff]
[    0.192521] pci 0000:00:18.0:   bridge window [mem 0xd8d00000-0xd8dfffff 64bit pref]
[    0.192989] pci 0000:00:18.1: PCI bridge to [bus 1c-1c]
[    0.193012] pci 0000:00:18.1:   bridge window [io  0xb000-0xbfff]
[    0.193035] pci 0000:00:18.1:   bridge window [mem 0xcab00000-0xcabfffff]
[    0.193079] pci 0000:00:18.1:   bridge window [mem 0xd9100000-0xd91fffff 64bit pref]
[    0.193559] pci 0000:00:18.2: PCI bridge to [bus 1d-1d]
[    0.193582] pci 0000:00:18.2:   bridge window [io  0xf000-0xffff]
[    0.193605] pci 0000:00:18.2:   bridge window [mem 0xcaf00000-0xcaffffff]
[    0.193649] pci 0000:00:18.2:   bridge window [mem 0xd9500000-0xd95fffff 64bit pref]
[    0.194125] pci 0000:00:18.3: PCI bridge to [bus 1e-1e]
[    0.194169] pci 0000:00:18.3:   bridge window [mem 0xcb300000-0xcb3fffff]
[    0.194213] pci 0000:00:18.3:   bridge window [mem 0xd9900000-0xd99fffff 64bit pref]
[    0.194676] pci 0000:00:18.4: PCI bridge to [bus 1f-1f]
[    0.194720] pci 0000:00:18.4:   bridge window [mem 0xcb700000-0xcb7fffff]
[    0.194771] pci 0000:00:18.4:   bridge window [mem 0xd9d00000-0xd9dfffff 64bit pref]
[    0.195291] pci 0000:00:18.5: PCI bridge to [bus 20-20]
[    0.195335] pci 0000:00:18.5:   bridge window [mem 0xcbb00000-0xcbbfffff]
[    0.195379] pci 0000:00:18.5:   bridge window [mem 0xda100000-0xda1fffff 64bit pref]
[    0.195863] pci 0000:00:18.6: PCI bridge to [bus 21-21]
[    0.195916] pci 0000:00:18.6:   bridge window [mem 0xcbf00000-0xcbffffff]
[    0.195961] pci 0000:00:18.6:   bridge window [mem 0xda500000-0xda5fffff 64bit pref]
[    0.196423] pci 0000:00:18.7: PCI bridge to [bus 22-22]
[    0.196467] pci 0000:00:18.7:   bridge window [mem 0xcc300000-0xcc3fffff]
[    0.196511] pci 0000:00:18.7:   bridge window [mem 0xda900000-0xda9fffff 64bit pref]
[    0.198297] pci_bus 0000:00: on NUMA node 0
[    0.198303] ACPI: PCI Interrupt Routing Table [\_SB_.PCI0._PRT]
[    0.198959]  pci0000:00: Requesting ACPI _OSC control (0x1d)
[    0.199200]  pci0000:00: ACPI _OSC control (0x15) granted
[    0.279171] ACPI: PCI Interrupt Link [LNKA] (IRQs 3 4 5 6 7 *9 10 11 14 15)
[    0.279244] ACPI: PCI Interrupt Link [LNKB] (IRQs 3 4 5 6 7 9 10 *11 14 15)
[    0.279311] ACPI: PCI Interrupt Link [LNKC] (IRQs 3 4 5 6 7 9 *10 11 14 15)
[    0.279376] ACPI: PCI Interrupt Link [LNKD] (IRQs 3 4 *5 6 7 9 10 11 14 15)
[    0.279512] vgaarb: device added: PCI:0000:00:0f.0,decodes=io+mem,owns=io+mem,locks=none
[    0.279521] vgaarb: loaded
[    0.279522] vgaarb: bridge control possible 0000:00:0f.0
[    0.279601] i2c-core: driver [aat2870] using legacy suspend method
[    0.279602] i2c-core: driver [aat2870] using legacy resume method
[    0.279664] SCSI subsystem initialized
[    0.279702] libata version 3.00 loaded.
[    0.279731] usbcore: registered new interface driver usbfs
[    0.279740] usbcore: registered new interface driver hub
[    0.279804] usbcore: registered new device driver usb
[    0.279884] PCI: Using ACPI for IRQ routing
[    0.355576] PCI: pci_cache_line_size set to 64 bytes
[    0.355606] pci 0000:00:18.2: no compatible bridge window for [io  0xf000-0xffff]
[    0.356817] reserve RAM buffer: 000000000009f000 - 000000000009ffff 
[    0.356820] reserve RAM buffer: 000000003fee0000 - 000000003fffffff 
[    0.356925] NetLabel: Initializing
[    0.356926] NetLabel:  domain hash size = 128
[    0.356927] NetLabel:  protocols = UNLABELED CIPSOv4
[    0.356935] NetLabel:  unlabeled traffic allowed by default
[    0.356997] hpet0: at MMIO 0xfed00000, IRQs 2, 8, 0, 0, 0, 0, 0, 0, 0, 0, 0, 0, 0, 0, 0, 0
[    0.357003] hpet0: 16 comparators, 64-bit 14.318180 MHz counter
[    0.359021] Switching to clocksource hpet
[    0.364278] AppArmor: AppArmor Filesystem Enabled
[    0.364295] pnp: PnP ACPI init
[    0.364310] ACPI: bus type pnp registered
[    0.364946] pnp 00:00: [bus 00-ff]
[    0.364949] pnp 00:00: [mem 0x000a0000-0x000bffff window]
[    0.364950] pnp 00:00: [mem 0x000c0000-0x000c3fff window]
[    0.364952] pnp 00:00: [mem 0x000c4000-0x000c7fff window]
[    0.364953] pnp 00:00: [mem 0x000c8000-0x000cbfff window]
[    0.364954] pnp 00:00: [mem 0x000cc000-0x000cffff window]
[    0.364956] pnp 00:00: [mem 0x000d0000-0x000d3fff window]
[    0.364957] pnp 00:00: [mem 0x000d4000-0x000d7fff window]
[    0.364959] pnp 00:00: [mem 0x000d8000-0x000dbfff window]
[    0.364960] pnp 00:00: [mem 0x000dc000-0x000dffff window]
[    0.364962] pnp 00:00: [mem 0x000e0000-0x000e3fff window]
[    0.364963] pnp 00:00: [mem 0x000e4000-0x000e7fff window]
[    0.364964] pnp 00:00: [mem 0x000e8000-0x000ebfff window]
[    0.364966] pnp 00:00: [mem 0x000ec000-0x000effff window]
[    0.364967] pnp 00:00: [mem 0xc0000000-0xfebfffff window]
[    0.364969] pnp 00:00: [io  0x0cf8-0x0cff]
[    0.364970] pnp 00:00: [io  0x0000-0x0cf7 window]
[    0.364972] pnp 00:00: [io  0x0d00-0xfeff window]
[    0.365009] pnp 00:00: Plug and Play ACPI device, IDs PNP0a03 PNP0a08 (active)
[    0.365072] pnp 00:01: [io  0x0010-0x001f]
[    0.365074] pnp 00:01: [io  0x0024-0x0025]
[    0.365075] pnp 00:01: [io  0x0028-0x0029]
[    0.365076] pnp 00:01: [io  0x002c-0x002d]
[    0.365077] pnp 00:01: [io  0x002e-0x002f]
[    0.365078] pnp 00:01: [io  0x0030-0x0031]
[    0.365080] pnp 00:01: [io  0x0034-0x0035]
[    0.365081] pnp 00:01: [io  0x0038-0x0039]
[    0.365082] pnp 00:01: [io  0x003c-0x003d]
[    0.365083] pnp 00:01: [io  0x0050-0x0053]
[    0.365084] pnp 00:01: [io  0x0072-0x0077]
[    0.365085] pnp 00:01: [io  0x0080]
[    0.365086] pnp 00:01: [io  0x0090-0x009f]
[    0.365088] pnp 00:01: [io  0x00a4-0x00a5]
[    0.365089] pnp 00:01: [io  0x00a8-0x00a9]
[    0.365090] pnp 00:01: [io  0x00ac-0x00ad]
[    0.365091] pnp 00:01: [io  0x00b0-0x00b5]
[    0.365092] pnp 00:01: [io  0x00b8-0x00b9]
[    0.365093] pnp 00:01: [io  0x00bc-0x00bd]
[    0.365095] pnp 00:01: [io  0x1000-0x103f]
[    0.365096] pnp 00:01: [io  0x1040-0x104f]
[    0.365097] pnp 00:01: [io  0x0cf0-0x0cf1]
[    0.365151] system 00:01: [io  0x1000-0x103f] has been reserved
[    0.365155] system 00:01: [io  0x1040-0x104f] has been reserved
[    0.365157] system 00:01: [io  0x0cf0-0x0cf1] has been reserved
[    0.365160] system 00:01: Plug and Play ACPI device, IDs PNP0c02 (active)
[    0.365166] pnp 00:02: [io  0x0000-0x000f]
[    0.365167] pnp 00:02: [io  0x0081-0x008f]
[    0.365169] pnp 00:02: [io  0x00c0-0x00df]
[    0.365170] pnp 00:02: [dma 4]
[    0.365185] pnp 00:02: Plug and Play ACPI device, IDs PNP0200 (active)
[    0.365191] pnp 00:03: [io  0x0020-0x0021]
[    0.365192] pnp 00:03: [io  0x00a0-0x00a1]
[    0.365194] pnp 00:03: [io  0x04d0-0x04d1]
[    0.365195] pnp 00:03: [irq 2 disabled]
[    0.365210] pnp 00:03: Plug and Play ACPI device, IDs PNP0001 (active)
[    0.365216] pnp 00:04: [io  0x0070-0x0071]
[    0.365219] pnp 00:04: [irq 8]
[    0.365232] pnp 00:04: Plug and Play ACPI device, IDs PNP0b00 (active)
[    0.365236] pnp 00:05: [io  0x0061]
[    0.365249] pnp 00:05: Plug and Play ACPI device, IDs PNP0800 (active)
[    0.365253] pnp 00:06: [io  0x0060]
[    0.365254] pnp 00:06: [io  0x0064]
[    0.365256] pnp 00:06: [irq 1]
[    0.365271] pnp 00:06: Plug and Play ACPI device, IDs PNP0303 (active)
[    0.365276] pnp 00:07: [irq 12]
[    0.365289] pnp 00:07: Plug and Play ACPI device, IDs PNP0f13 (active)
[    0.365451] pnp 00:08: [mem 0xfed00000-0xfed003ff]
[    0.365486] system 00:08: [mem 0xfed00000-0xfed003ff] has been reserved
[    0.365488] system 00:08: Plug and Play ACPI device, IDs PNP0103 PNP0c01 (active)
[    0.370038] pnp 00:09: [io  0x0378-0x037f]
[    0.370041] pnp 00:09: [irq 7]
[    0.371250] pnp 00:09: Plug and Play ACPI device, IDs PNP0400 (active)
[    0.375308] pnp 00:0a: [io  0x03f8-0x03ff]
[    0.375310] pnp 00:0a: [irq 4]
[    0.376453] pnp 00:0a: Plug and Play ACPI device, IDs PNP0501 (active)
[    0.379877] pnp 00:0b: [io  0x02f8-0x02ff]
[    0.379880] pnp 00:0b: [irq 3]
[    0.381053] pnp 00:0b: Plug and Play ACPI device, IDs PNP0501 (active)
[    0.386243] pnp 00:0c: [io  0x03f0-0x03f5]
[    0.386246] pnp 00:0c: [io  0x03f7]
[    0.386248] pnp 00:0c: [irq 6]
[    0.386249] pnp 00:0c: [dma 2]
[    0.387333] pnp 00:0c: Plug and Play ACPI device, IDs PNP0700 (active)
[    0.387495] pnp 00:0d: [mem 0xe0000000-0xefffffff]
[    0.387496] pnp 00:0d: [io  0x1060-0x107f]
[    0.387498] pnp 00:0d: [mem 0xc8200000-0xc83fffff]
[    0.387538] system 00:0d: [io  0x1060-0x107f] has been reserved
[    0.387540] system 00:0d: [mem 0xe0000000-0xefffffff] has been reserved
[    0.387542] system 00:0d: [mem 0xc8200000-0xc83fffff] has been reserved
[    0.387544] system 00:0d: Plug and Play ACPI device, IDs PNP0c02 (active)
[    0.392402] pnp: PnP ACPI: found 14 devices
[    0.392404] ACPI: ACPI bus type pnp unregistered
[    0.392407] PnPBIOS: Disabled by ACPI PNP
[    0.428076] PCI: max bus depth: 1 pci_try_num: 2
[    0.428118] pci 0000:00:0f.0: BAR 6: assigned [mem 0xc0000000-0xc0007fff pref]
[    0.428124] pci 0000:00:10.0: BAR 6: assigned [mem 0xc0008000-0xc000bfff pref]
[    0.428131] pci 0000:00:18.7: BAR 13: can't assign io (size 0x1000)
[    0.428135] pci 0000:00:18.6: BAR 13: can't assign io (size 0x1000)
[    0.428139] pci 0000:00:18.5: BAR 13: can't assign io (size 0x1000)
[    0.428143] pci 0000:00:18.4: BAR 13: can't assign io (size 0x1000)
[    0.428148] pci 0000:00:18.3: BAR 13: can't assign io (size 0x1000)
[    0.428152] pci 0000:00:18.2: BAR 13: can't assign io (size 0x1000)
[    0.428156] pci 0000:00:17.7: BAR 13: can't assign io (size 0x1000)
[    0.428160] pci 0000:00:17.6: BAR 13: can't assign io (size 0x1000)
[    0.428164] pci 0000:00:17.5: BAR 13: can't assign io (size 0x1000)
[    0.428168] pci 0000:00:17.4: BAR 13: can't assign io (size 0x1000)
[    0.428172] pci 0000:00:17.3: BAR 13: can't assign io (size 0x1000)
[    0.428177] pci 0000:00:16.7: BAR 13: can't assign io (size 0x1000)
[    0.428181] pci 0000:00:16.6: BAR 13: can't assign io (size 0x1000)
[    0.428185] pci 0000:00:16.5: BAR 13: can't assign io (size 0x1000)
[    0.428190] pci 0000:00:16.4: BAR 13: can't assign io (size 0x1000)
[    0.428194] pci 0000:00:16.3: BAR 13: can't assign io (size 0x1000)
[    0.428198] pci 0000:00:15.7: BAR 13: can't assign io (size 0x1000)
[    0.428202] pci 0000:00:15.6: BAR 13: can't assign io (size 0x1000)
[    0.428206] pci 0000:00:15.5: BAR 13: can't assign io (size 0x1000)
[    0.428210] pci 0000:00:15.4: BAR 13: can't assign io (size 0x1000)
[    0.428214] pci 0000:00:15.3: BAR 13: can't assign io (size 0x1000)
[    0.428218] pci 0000:00:01.0: PCI bridge to [bus 01-01]
[    0.428261] pci 0000:02:01.0: BAR 6: assigned [mem 0xd8400000-0xd840ffff pref]
[    0.428264] pci 0000:00:11.0: PCI bridge to [bus 02-02]
[    0.428282] pci 0000:00:11.0:   bridge window [io  0x2000-0x3fff]
[    0.428324] pci 0000:00:11.0:   bridge window [mem 0xc9000000-0xca3fffff]
[    0.428354] pci 0000:00:11.0:   bridge window [mem 0xd8400000-0xd89fffff 64bit pref]
[    0.428397] pci 0000:00:15.0: PCI bridge to [bus 03-03]
[    0.428414] pci 0000:00:15.0:   bridge window [io  0x4000-0x4fff]
[    0.428456] pci 0000:00:15.0:   bridge window [mem 0xca400000-0xca4fffff]
[    0.428485] pci 0000:00:15.0:   bridge window [mem 0xd8a00000-0xd8afffff 64bit pref]
[    0.428528] pci 0000:00:15.1: PCI bridge to [bus 04-04]
[    0.428545] pci 0000:00:15.1:   bridge window [io  0x8000-0x8fff]
[    0.428588] pci 0000:00:15.1:   bridge window [mem 0xca800000-0xca8fffff]
[    0.428617] pci 0000:00:15.1:   bridge window [mem 0xd8e00000-0xd8efffff 64bit pref]
[    0.428660] pci 0000:00:15.2: PCI bridge to [bus 05-05]
[    0.428677] pci 0000:00:15.2:   bridge window [io  0xc000-0xcfff]
[    0.428719] pci 0000:00:15.2:   bridge window [mem 0xcac00000-0xcacfffff]
[    0.428748] pci 0000:00:15.2:   bridge window [mem 0xd9200000-0xd92fffff 64bit pref]
[    0.428791] pci 0000:00:15.3: PCI bridge to [bus 06-06]
[    0.428833] pci 0000:00:15.3:   bridge window [mem 0xcb000000-0xcb0fffff]
[    0.428862] pci 0000:00:15.3:   bridge window [mem 0xd9600000-0xd96fffff 64bit pref]
[    0.428905] pci 0000:00:15.4: PCI bridge to [bus 07-07]
[    0.428946] pci 0000:00:15.4:   bridge window [mem 0xcb400000-0xcb4fffff]
[    0.428975] pci 0000:00:15.4:   bridge window [mem 0xd9a00000-0xd9afffff 64bit pref]
[    0.429018] pci 0000:00:15.5: PCI bridge to [bus 08-08]
[    0.429060] pci 0000:00:15.5:   bridge window [mem 0xcb800000-0xcb8fffff]
[    0.429088] pci 0000:00:15.5:   bridge window [mem 0xd9e00000-0xd9efffff 64bit pref]
[    0.429131] pci 0000:00:15.6: PCI bridge to [bus 09-09]
[    0.429173] pci 0000:00:15.6:   bridge window [mem 0xcbc00000-0xcbcfffff]
[    0.429202] pci 0000:00:15.6:   bridge window [mem 0xda200000-0xda2fffff 64bit pref]
[    0.429244] pci 0000:00:15.7: PCI bridge to [bus 0a-0a]
[    0.429286] pci 0000:00:15.7:   bridge window [mem 0xcc000000-0xcc0fffff]
[    0.429315] pci 0000:00:15.7:   bridge window [mem 0xda600000-0xda6fffff 64bit pref]
[    0.429358] pci 0000:00:16.0: PCI bridge to [bus 0b-0b]
[    0.429375] pci 0000:00:16.0:   bridge window [io  0x5000-0x5fff]
[    0.429416] pci 0000:00:16.0:   bridge window [mem 0xca500000-0xca5fffff]
[    0.429445] pci 0000:00:16.0:   bridge window [mem 0xd8b00000-0xd8bfffff 64bit pref]
[    0.429488] pci 0000:00:16.1: PCI bridge to [bus 0c-0c]
[    0.429506] pci 0000:00:16.1:   bridge window [io  0x9000-0x9fff]
[    0.429547] pci 0000:00:16.1:   bridge window [mem 0xca900000-0xca9fffff]
[    0.429576] pci 0000:00:16.1:   bridge window [mem 0xd8f00000-0xd8ffffff 64bit pref]
[    0.429618] pci 0000:00:16.2: PCI bridge to [bus 0d-0d]
[    0.429635] pci 0000:00:16.2:   bridge window [io  0xd000-0xdfff]
[    0.429677] pci 0000:00:16.2:   bridge window [mem 0xcad00000-0xcadfffff]
[    0.429707] pci 0000:00:16.2:   bridge window [mem 0xd9300000-0xd93fffff 64bit pref]
[    0.429750] pci 0000:00:16.3: PCI bridge to [bus 0e-0e]
[    0.429792] pci 0000:00:16.3:   bridge window [mem 0xcb100000-0xcb1fffff]
[    0.429821] pci 0000:00:16.3:   bridge window [mem 0xd9700000-0xd97fffff 64bit pref]
[    0.429863] pci 0000:00:16.4: PCI bridge to [bus 0f-0f]
[    0.429906] pci 0000:00:16.4:   bridge window [mem 0xcb500000-0xcb5fffff]
[    0.429935] pci 0000:00:16.4:   bridge window [mem 0xd9b00000-0xd9bfffff 64bit pref]
[    0.429978] pci 0000:00:16.5: PCI bridge to [bus 10-10]
[    0.430020] pci 0000:00:16.5:   bridge window [mem 0xcb900000-0xcb9fffff]
[    0.430049] pci 0000:00:16.5:   bridge window [mem 0xd9f00000-0xd9ffffff 64bit pref]
[    0.430091] pci 0000:00:16.6: PCI bridge to [bus 11-11]
[    0.430134] pci 0000:00:16.6:   bridge window [mem 0xcbd00000-0xcbdfffff]
[    0.430164] pci 0000:00:16.6:   bridge window [mem 0xda300000-0xda3fffff 64bit pref]
[    0.430206] pci 0000:00:16.7: PCI bridge to [bus 12-12]
[    0.430248] pci 0000:00:16.7:   bridge window [mem 0xcc100000-0xcc1fffff]
[    0.430277] pci 0000:00:16.7:   bridge window [mem 0xda700000-0xda7fffff 64bit pref]
[    0.430320] pci 0000:00:17.0: PCI bridge to [bus 13-13]
[    0.430337] pci 0000:00:17.0:   bridge window [io  0x6000-0x6fff]
[    0.430378] pci 0000:00:17.0:   bridge window [mem 0xca600000-0xca6fffff]
[    0.430407] pci 0000:00:17.0:   bridge window [mem 0xd8c00000-0xd8cfffff 64bit pref]
[    0.430450] pci 0000:00:17.1: PCI bridge to [bus 14-14]
[    0.430466] pci 0000:00:17.1:   bridge window [io  0xa000-0xafff]
[    0.430508] pci 0000:00:17.1:   bridge window [mem 0xcaa00000-0xcaafffff]
[    0.430537] pci 0000:00:17.1:   bridge window [mem 0xd9000000-0xd90fffff 64bit pref]
[    0.430579] pci 0000:00:17.2: PCI bridge to [bus 15-15]
[    0.430596] pci 0000:00:17.2:   bridge window [io  0xe000-0xefff]
[    0.430639] pci 0000:00:17.2:   bridge window [mem 0xcae00000-0xcaefffff]
[    0.430667] pci 0000:00:17.2:   bridge window [mem 0xd9400000-0xd94fffff 64bit pref]
[    0.430710] pci 0000:00:17.3: PCI bridge to [bus 16-16]
[    0.430752] pci 0000:00:17.3:   bridge window [mem 0xcb200000-0xcb2fffff]
[    0.430781] pci 0000:00:17.3:   bridge window [mem 0xd9800000-0xd98fffff 64bit pref]
[    0.430824] pci 0000:00:17.4: PCI bridge to [bus 17-17]
[    0.430866] pci 0000:00:17.4:   bridge window [mem 0xcb600000-0xcb6fffff]
[    0.430895] pci 0000:00:17.4:   bridge window [mem 0xd9c00000-0xd9cfffff 64bit pref]
[    0.430970] pci 0000:00:17.5: PCI bridge to [bus 18-18]
[    0.431013] pci 0000:00:17.5:   bridge window [mem 0xcba00000-0xcbafffff]
[    0.431043] pci 0000:00:17.5:   bridge window [mem 0xda000000-0xda0fffff 64bit pref]
[    0.431085] pci 0000:00:17.6: PCI bridge to [bus 19-19]
[    0.431127] pci 0000:00:17.6:   bridge window [mem 0xcbe00000-0xcbefffff]
[    0.431156] pci 0000:00:17.6:   bridge window [mem 0xda400000-0xda4fffff 64bit pref]
[    0.431199] pci 0000:00:17.7: PCI bridge to [bus 1a-1a]
[    0.431242] pci 0000:00:17.7:   bridge window [mem 0xcc200000-0xcc2fffff]
[    0.431270] pci 0000:00:17.7:   bridge window [mem 0xda800000-0xda8fffff 64bit pref]
[    0.431313] pci 0000:00:18.0: PCI bridge to [bus 1b-1b]
[    0.431330] pci 0000:00:18.0:   bridge window [io  0x7000-0x7fff]
[    0.431372] pci 0000:00:18.0:   bridge window [mem 0xca700000-0xca7fffff]
[    0.431401] pci 0000:00:18.0:   bridge window [mem 0xd8d00000-0xd8dfffff 64bit pref]
[    0.431444] pci 0000:00:18.1: PCI bridge to [bus 1c-1c]
[    0.431461] pci 0000:00:18.1:   bridge window [io  0xb000-0xbfff]
[    0.431502] pci 0000:00:18.1:   bridge window [mem 0xcab00000-0xcabfffff]
[    0.431531] pci 0000:00:18.1:   bridge window [mem 0xd9100000-0xd91fffff 64bit pref]
[    0.431574] pci 0000:00:18.2: PCI bridge to [bus 1d-1d]
[    0.431616] pci 0000:00:18.2:   bridge window [mem 0xcaf00000-0xcaffffff]
[    0.431645] pci 0000:00:18.2:   bridge window [mem 0xd9500000-0xd95fffff 64bit pref]
[    0.431688] pci 0000:00:18.3: PCI bridge to [bus 1e-1e]
[    0.431730] pci 0000:00:18.3:   bridge window [mem 0xcb300000-0xcb3fffff]
[    0.431759] pci 0000:00:18.3:   bridge window [mem 0xd9900000-0xd99fffff 64bit pref]
[    0.431802] pci 0000:00:18.4: PCI bridge to [bus 1f-1f]
[    0.431844] pci 0000:00:18.4:   bridge window [mem 0xcb700000-0xcb7fffff]
[    0.431883] pci 0000:00:18.4:   bridge window [mem 0xd9d00000-0xd9dfffff 64bit pref]
[    0.431925] pci 0000:00:18.5: PCI bridge to [bus 20-20]
[    0.431968] pci 0000:00:18.5:   bridge window [mem 0xcbb00000-0xcbbfffff]
[    0.431996] pci 0000:00:18.5:   bridge window [mem 0xda100000-0xda1fffff 64bit pref]
[    0.432039] pci 0000:00:18.6: PCI bridge to [bus 21-21]
[    0.432081] pci 0000:00:18.6:   bridge window [mem 0xcbf00000-0xcbffffff]
[    0.432110] pci 0000:00:18.6:   bridge window [mem 0xda500000-0xda5fffff 64bit pref]
[    0.432153] pci 0000:00:18.7: PCI bridge to [bus 22-22]
[    0.432195] pci 0000:00:18.7:   bridge window [mem 0xcc300000-0xcc3fffff]
[    0.432224] pci 0000:00:18.7:   bridge window [mem 0xda900000-0xda9fffff 64bit pref]
[    0.432266] pci 0000:00:01.0: setting latency timer to 64
[    0.432309] pci 0000:00:15.0: setting latency timer to 64
[    0.432351] pci 0000:00:15.1: setting latency timer to 64
[    0.432394] pci 0000:00:15.2: setting latency timer to 64
[    0.432437] pci 0000:00:15.3: setting latency timer to 64
[    0.432479] pci 0000:00:15.4: setting latency timer to 64
[    0.432522] pci 0000:00:15.5: setting latency timer to 64
[    0.432565] pci 0000:00:15.6: setting latency timer to 64
[    0.432607] pci 0000:00:15.7: setting latency timer to 64
[    0.432650] pci 0000:00:16.0: setting latency timer to 64
[    0.432692] pci 0000:00:16.1: setting latency timer to 64
[    0.432735] pci 0000:00:16.2: setting latency timer to 64
[    0.432778] pci 0000:00:16.3: setting latency timer to 64
[    0.432820] pci 0000:00:16.4: setting latency timer to 64
[    0.432863] pci 0000:00:16.5: setting latency timer to 64
[    0.432906] pci 0000:00:16.6: setting latency timer to 64
[    0.432948] pci 0000:00:16.7: setting latency timer to 64
[    0.432991] pci 0000:00:17.0: setting latency timer to 64
[    0.433034] pci 0000:00:17.1: setting latency timer to 64
[    0.433076] pci 0000:00:17.2: setting latency timer to 64
[    0.433119] pci 0000:00:17.3: setting latency timer to 64
[    0.433161] pci 0000:00:17.4: setting latency timer to 64
[    0.433204] pci 0000:00:17.5: setting latency timer to 64
[    0.433247] pci 0000:00:17.6: setting latency timer to 64
[    0.433289] pci 0000:00:17.7: setting latency timer to 64
[    0.433332] pci 0000:00:18.0: setting latency timer to 64
[    0.433375] pci 0000:00:18.1: setting latency timer to 64
[    0.433417] pci 0000:00:18.2: setting latency timer to 64
[    0.433460] pci 0000:00:18.3: setting latency timer to 64
[    0.433502] pci 0000:00:18.4: setting latency timer to 64
[    0.433545] pci 0000:00:18.5: setting latency timer to 64
[    0.433588] pci 0000:00:18.6: setting latency timer to 64
[    0.433630] pci 0000:00:18.7: setting latency timer to 64
[    0.433648] pci_bus 0000:00: resource 4 [mem 0x000a0000-0x000bffff]
[    0.433651] pci_bus 0000:00: resource 5 [mem 0x000cc000-0x000cffff]
[    0.433654] pci_bus 0000:00: resource 6 [mem 0x000d0000-0x000d3fff]
[    0.433657] pci_bus 0000:00: resource 7 [mem 0x000d4000-0x000d7fff]
[    0.433660] pci_bus 0000:00: resource 8 [mem 0x000d8000-0x000dbfff]
[    0.433663] pci_bus 0000:00: resource 9 [mem 0xc0000000-0xfebfffff]
[    0.433666] pci_bus 0000:00: resource 10 [io  0x0000-0x0cf7]
[    0.433669] pci_bus 0000:00: resource 11 [io  0x0d00-0xfeff]
[    0.433672] pci_bus 0000:02: resource 0 [io  0x2000-0x3fff]
[    0.433675] pci_bus 0000:02: resource 1 [mem 0xc9000000-0xca3fffff]
[    0.433678] pci_bus 0000:02: resource 2 [mem 0xd8400000-0xd89fffff 64bit pref]
[    0.433681] pci_bus 0000:02: resource 4 [mem 0x000a0000-0x000bffff]
[    0.433684] pci_bus 0000:02: resource 5 [mem 0x000cc000-0x000cffff]
[    0.433686] pci_bus 0000:02: resource 6 [mem 0x000d0000-0x000d3fff]
[    0.433689] pci_bus 0000:02: resource 7 [mem 0x000d4000-0x000d7fff]
[    0.433692] pci_bus 0000:02: resource 8 [mem 0x000d8000-0x000dbfff]
[    0.433695] pci_bus 0000:02: resource 9 [mem 0xc0000000-0xfebfffff]
[    0.433698] pci_bus 0000:02: resource 10 [io  0x0000-0x0cf7]
[    0.433701] pci_bus 0000:02: resource 11 [io  0x0d00-0xfeff]
[    0.433704] pci_bus 0000:03: resource 0 [io  0x4000-0x4fff]
[    0.433706] pci_bus 0000:03: resource 1 [mem 0xca400000-0xca4fffff]
[    0.433709] pci_bus 0000:03: resource 2 [mem 0xd8a00000-0xd8afffff 64bit pref]
[    0.433712] pci_bus 0000:04: resource 0 [io  0x8000-0x8fff]
[    0.433715] pci_bus 0000:04: resource 1 [mem 0xca800000-0xca8fffff]
[    0.433718] pci_bus 0000:04: resource 2 [mem 0xd8e00000-0xd8efffff 64bit pref]
[    0.433721] pci_bus 0000:05: resource 0 [io  0xc000-0xcfff]
[    0.433724] pci_bus 0000:05: resource 1 [mem 0xcac00000-0xcacfffff]
[    0.433727] pci_bus 0000:05: resource 2 [mem 0xd9200000-0xd92fffff 64bit pref]
[    0.433730] pci_bus 0000:06: resource 1 [mem 0xcb000000-0xcb0fffff]
[    0.433733] pci_bus 0000:06: resource 2 [mem 0xd9600000-0xd96fffff 64bit pref]
[    0.433736] pci_bus 0000:07: resource 1 [mem 0xcb400000-0xcb4fffff]
[    0.433739] pci_bus 0000:07: resource 2 [mem 0xd9a00000-0xd9afffff 64bit pref]
[    0.433742] pci_bus 0000:08: resource 1 [mem 0xcb800000-0xcb8fffff]
[    0.433745] pci_bus 0000:08: resource 2 [mem 0xd9e00000-0xd9efffff 64bit pref]
[    0.433749] pci_bus 0000:09: resource 1 [mem 0xcbc00000-0xcbcfffff]
[    0.433752] pci_bus 0000:09: resource 2 [mem 0xda200000-0xda2fffff 64bit pref]
[    0.433755] pci_bus 0000:0a: resource 1 [mem 0xcc000000-0xcc0fffff]
[    0.433758] pci_bus 0000:0a: resource 2 [mem 0xda600000-0xda6fffff 64bit pref]
[    0.433761] pci_bus 0000:0b: resource 0 [io  0x5000-0x5fff]
[    0.433764] pci_bus 0000:0b: resource 1 [mem 0xca500000-0xca5fffff]
[    0.433767] pci_bus 0000:0b: resource 2 [mem 0xd8b00000-0xd8bfffff 64bit pref]
[    0.433770] pci_bus 0000:0c: resource 0 [io  0x9000-0x9fff]
[    0.433772] pci_bus 0000:0c: resource 1 [mem 0xca900000-0xca9fffff]
[    0.433775] pci_bus 0000:0c: resource 2 [mem 0xd8f00000-0xd8ffffff 64bit pref]
[    0.433778] pci_bus 0000:0d: resource 0 [io  0xd000-0xdfff]
[    0.433781] pci_bus 0000:0d: resource 1 [mem 0xcad00000-0xcadfffff]
[    0.433784] pci_bus 0000:0d: resource 2 [mem 0xd9300000-0xd93fffff 64bit pref]
[    0.433787] pci_bus 0000:0e: resource 1 [mem 0xcb100000-0xcb1fffff]
[    0.433790] pci_bus 0000:0e: resource 2 [mem 0xd9700000-0xd97fffff 64bit pref]
[    0.433793] pci_bus 0000:0f: resource 1 [mem 0xcb500000-0xcb5fffff]
[    0.433796] pci_bus 0000:0f: resource 2 [mem 0xd9b00000-0xd9bfffff 64bit pref]
[    0.433800] pci_bus 0000:10: resource 1 [mem 0xcb900000-0xcb9fffff]
[    0.433803] pci_bus 0000:10: resource 2 [mem 0xd9f00000-0xd9ffffff 64bit pref]
[    0.433806] pci_bus 0000:11: resource 1 [mem 0xcbd00000-0xcbdfffff]
[    0.433809] pci_bus 0000:11: resource 2 [mem 0xda300000-0xda3fffff 64bit pref]
[    0.433812] pci_bus 0000:12: resource 1 [mem 0xcc100000-0xcc1fffff]
[    0.433815] pci_bus 0000:12: resource 2 [mem 0xda700000-0xda7fffff 64bit pref]
[    0.433818] pci_bus 0000:13: resource 0 [io  0x6000-0x6fff]
[    0.433821] pci_bus 0000:13: resource 1 [mem 0xca600000-0xca6fffff]
[    0.433824] pci_bus 0000:13: resource 2 [mem 0xd8c00000-0xd8cfffff 64bit pref]
[    0.433827] pci_bus 0000:14: resource 0 [io  0xa000-0xafff]
[    0.433829] pci_bus 0000:14: resource 1 [mem 0xcaa00000-0xcaafffff]
[    0.433832] pci_bus 0000:14: resource 2 [mem 0xd9000000-0xd90fffff 64bit pref]
[    0.433835] pci_bus 0000:15: resource 0 [io  0xe000-0xefff]
[    0.433838] pci_bus 0000:15: resource 1 [mem 0xcae00000-0xcaefffff]
[    0.433841] pci_bus 0000:15: resource 2 [mem 0xd9400000-0xd94fffff 64bit pref]
[    0.433855] pci_bus 0000:16: resource 1 [mem 0xcb200000-0xcb2fffff]
[    0.433859] pci_bus 0000:16: resource 2 [mem 0xd9800000-0xd98fffff 64bit pref]
[    0.433862] pci_bus 0000:17: resource 1 [mem 0xcb600000-0xcb6fffff]
[    0.433865] pci_bus 0000:17: resource 2 [mem 0xd9c00000-0xd9cfffff 64bit pref]
[    0.433868] pci_bus 0000:18: resource 1 [mem 0xcba00000-0xcbafffff]
[    0.433871] pci_bus 0000:18: resource 2 [mem 0xda000000-0xda0fffff 64bit pref]
[    0.433874] pci_bus 0000:19: resource 1 [mem 0xcbe00000-0xcbefffff]
[    0.433877] pci_bus 0000:19: resource 2 [mem 0xda400000-0xda4fffff 64bit pref]
[    0.433880] pci_bus 0000:1a: resource 1 [mem 0xcc200000-0xcc2fffff]
[    0.433883] pci_bus 0000:1a: resource 2 [mem 0xda800000-0xda8fffff 64bit pref]
[    0.433886] pci_bus 0000:1b: resource 0 [io  0x7000-0x7fff]
[    0.433889] pci_bus 0000:1b: resource 1 [mem 0xca700000-0xca7fffff]
[    0.433892] pci_bus 0000:1b: resource 2 [mem 0xd8d00000-0xd8dfffff 64bit pref]
[    0.433895] pci_bus 0000:1c: resource 0 [io  0xb000-0xbfff]
[    0.433898] pci_bus 0000:1c: resource 1 [mem 0xcab00000-0xcabfffff]
[    0.433901] pci_bus 0000:1c: resource 2 [mem 0xd9100000-0xd91fffff 64bit pref]
[    0.433904] pci_bus 0000:1d: resource 1 [mem 0xcaf00000-0xcaffffff]
[    0.433907] pci_bus 0000:1d: resource 2 [mem 0xd9500000-0xd95fffff 64bit pref]
[    0.433910] pci_bus 0000:1e: resource 1 [mem 0xcb300000-0xcb3fffff]
[    0.433913] pci_bus 0000:1e: resource 2 [mem 0xd9900000-0xd99fffff 64bit pref]
[    0.433916] pci_bus 0000:1f: resource 1 [mem 0xcb700000-0xcb7fffff]
[    0.433919] pci_bus 0000:1f: resource 2 [mem 0xd9d00000-0xd9dfffff 64bit pref]
[    0.433922] pci_bus 0000:20: resource 1 [mem 0xcbb00000-0xcbbfffff]
[    0.433925] pci_bus 0000:20: resource 2 [mem 0xda100000-0xda1fffff 64bit pref]
[    0.433928] pci_bus 0000:21: resource 1 [mem 0xcbf00000-0xcbffffff]
[    0.433931] pci_bus 0000:21: resource 2 [mem 0xda500000-0xda5fffff 64bit pref]
[    0.433934] pci_bus 0000:22: resource 1 [mem 0xcc300000-0xcc3fffff]
[    0.433937] pci_bus 0000:22: resource 2 [mem 0xda900000-0xda9fffff 64bit pref]
[    0.433980] NET: Registered protocol family 2
[    0.434022] IP route cache hash table entries: 32768 (order: 5, 131072 bytes)
[    0.434065] TCP established hash table entries: 131072 (order: 8, 1048576 bytes)
[    0.434108] TCP bind hash table entries: 65536 (order: 7, 524288 bytes)
[    0.434150] TCP: Hash tables configured (established 131072 bind 65536)
[    0.434154] TCP reno registered
[    0.434157] UDP hash table entries: 512 (order: 2, 16384 bytes)
[    0.434168] UDP-Lite hash table entries: 512 (order: 2, 16384 bytes)
[    0.434211] NET: Registered protocol family 1
[    0.434222] pci 0000:00:00.0: Limiting direct PCI/PCI transfers
[    0.434264] pci 0000:00:0f.0: Boot video device
[    0.434944] ACPI: PCI Interrupt Link [LNKC] enabled at IRQ 10
[    0.434948] PCI: setting IRQ 10 as level-triggered
[    0.434957] pci 0000:02:00.0: PCI INT A -> Link[LNKC] -> GSI 10 (level, low) -> IRQ 10
[    0.435048] pci 0000:02:00.0: PCI INT A disabled
[    0.435090] ACPI: PCI Interrupt Link [LNKB] enabled at IRQ 11
[    0.435093] PCI: setting IRQ 11 as level-triggered
[    0.435098] pci 0000:02:03.0: PCI INT A -> Link[LNKB] -> GSI 11 (level, low) -> IRQ 11
[    0.435141] pci 0000:02:03.0: PCI INT A disabled
[    0.435159] PCI: CLS 32 bytes, default 64
[    0.435209] Simple Boot Flag at 0x36 set to 0x1
[    0.435214] Switching to clocksource tsc
[    0.435443] audit: initializing netlink socket (disabled)
[    0.435451] type=2000 audit(1369641810.416:1): initialized
[    0.450996] Trying to unpack rootfs image as initramfs...
[    0.471052] highmem bounce pool size: 64 pages
[    0.471057] HugeTLB registered 2 MB page size, pre-allocated 0 pages
[    0.478948] VFS: Disk quotas dquot_6.5.2
[    0.478990] Dquot-cache hash table entries: 1024 (order 0, 4096 bytes)
[    0.479096] fuse init (API version 7.17)
[    0.479158] msgmni has been set to 1710
[    0.490979] Block layer SCSI generic (bsg) driver version 0.4 loaded (major 253)
[    0.491015] io scheduler noop registered
[    0.491018] io scheduler deadline registered
[    0.491026] io scheduler cfq registered (default)
[    0.491069] pcieport 0000:00:15.0: setting latency timer to 64
[    0.491112] pcieport 0000:00:15.0: irq 40 for MSI/MSI-X
[    0.491154] pcieport 0000:00:15.1: setting latency timer to 64
[    0.491197] pcieport 0000:00:15.1: irq 41 for MSI/MSI-X
[    0.491239] pcieport 0000:00:15.2: setting latency timer to 64
[    0.491282] pcieport 0000:00:15.2: irq 42 for MSI/MSI-X
[    0.491325] pcieport 0000:00:15.3: setting latency timer to 64
[    0.491367] pcieport 0000:00:15.3: irq 43 for MSI/MSI-X
[    0.491410] pcieport 0000:00:15.4: setting latency timer to 64
[    0.491453] pcieport 0000:00:15.4: irq 44 for MSI/MSI-X
[    0.491495] pcieport 0000:00:15.5: setting latency timer to 64
[    0.491538] pcieport 0000:00:15.5: irq 45 for MSI/MSI-X
[    0.491580] pcieport 0000:00:15.6: setting latency timer to 64
[    0.491623] pcieport 0000:00:15.6: irq 46 for MSI/MSI-X
[    0.491666] pcieport 0000:00:15.7: setting latency timer to 64
[    0.491708] pcieport 0000:00:15.7: irq 47 for MSI/MSI-X
[    0.491751] pcieport 0000:00:16.0: setting latency timer to 64
[    0.491794] pcieport 0000:00:16.0: irq 48 for MSI/MSI-X
[    0.491836] pcieport 0000:00:16.1: setting latency timer to 64
[    0.491879] pcieport 0000:00:16.1: irq 49 for MSI/MSI-X
[    0.491921] pcieport 0000:00:16.2: setting latency timer to 64
[    0.491964] pcieport 0000:00:16.2: irq 50 for MSI/MSI-X
[    0.492007] pcieport 0000:00:16.3: setting latency timer to 64
[    0.492049] pcieport 0000:00:16.3: irq 51 for MSI/MSI-X
[    0.492092] pcieport 0000:00:16.4: setting latency timer to 64
[    0.492135] pcieport 0000:00:16.4: irq 52 for MSI/MSI-X
[    0.492177] pcieport 0000:00:16.5: setting latency timer to 64
[    0.492220] pcieport 0000:00:16.5: irq 53 for MSI/MSI-X
[    0.492263] pcieport 0000:00:16.6: setting latency timer to 64
[    0.492305] pcieport 0000:00:16.6: irq 54 for MSI/MSI-X
[    0.492348] pcieport 0000:00:16.7: setting latency timer to 64
[    0.492390] pcieport 0000:00:16.7: irq 55 for MSI/MSI-X
[    0.492433] pcieport 0000:00:17.0: setting latency timer to 64
[    0.492476] pcieport 0000:00:17.0: irq 56 for MSI/MSI-X
[    0.492518] pcieport 0000:00:17.1: setting latency timer to 64
[    0.492561] pcieport 0000:00:17.1: irq 57 for MSI/MSI-X
[    0.492604] pcieport 0000:00:17.2: setting latency timer to 64
[    0.492646] pcieport 0000:00:17.2: irq 58 for MSI/MSI-X
[    0.492689] pcieport 0000:00:17.3: setting latency timer to 64
[    0.492731] pcieport 0000:00:17.3: irq 59 for MSI/MSI-X
[    0.492774] pcieport 0000:00:17.4: setting latency timer to 64
[    0.492817] pcieport 0000:00:17.4: irq 60 for MSI/MSI-X
[    0.492859] pcieport 0000:00:17.5: setting latency timer to 64
[    0.492902] pcieport 0000:00:17.5: irq 61 for MSI/MSI-X
[    0.492945] pcieport 0000:00:17.6: setting latency timer to 64
[    0.492987] pcieport 0000:00:17.6: irq 62 for MSI/MSI-X
[    0.493030] pcieport 0000:00:17.7: setting latency timer to 64
[    0.493072] pcieport 0000:00:17.7: irq 63 for MSI/MSI-X
[    0.493115] pcieport 0000:00:18.0: setting latency timer to 64
[    0.493158] pcieport 0000:00:18.0: irq 64 for MSI/MSI-X
[    0.493200] pcieport 0000:00:18.1: setting latency timer to 64
[    0.493243] pcieport 0000:00:18.1: irq 65 for MSI/MSI-X
[    0.493286] pcieport 0000:00:18.2: setting latency timer to 64
[    0.493328] pcieport 0000:00:18.2: irq 66 for MSI/MSI-X
[    0.493371] pcieport 0000:00:18.3: setting latency timer to 64
[    0.493413] pcieport 0000:00:18.3: irq 67 for MSI/MSI-X
[    0.493456] pcieport 0000:00:18.4: setting latency timer to 64
[    0.493499] pcieport 0000:00:18.4: irq 68 for MSI/MSI-X
[    0.493541] pcieport 0000:00:18.5: setting latency timer to 64
[    0.493584] pcieport 0000:00:18.5: irq 69 for MSI/MSI-X
[    0.493627] pcieport 0000:00:18.6: setting latency timer to 64
[    0.493669] pcieport 0000:00:18.6: irq 70 for MSI/MSI-X
[    0.493712] pcieport 0000:00:18.7: setting latency timer to 64
[    0.493755] pcieport 0000:00:18.7: irq 71 for MSI/MSI-X
[    0.493797] pcieport 0000:00:15.0: Signaling PME through PCIe PME interrupt
[    0.493821] pcie_pme 0000:00:15.0:pcie01: service driver pcie_pme loaded
[    0.493863] pcieport 0000:00:15.1: Signaling PME through PCIe PME interrupt
[    0.493886] pcie_pme 0000:00:15.1:pcie01: service driver pcie_pme loaded
[    0.493929] pcieport 0000:00:15.2: Signaling PME through PCIe PME interrupt
[    0.493952] pcie_pme 0000:00:15.2:pcie01: service driver pcie_pme loaded
[    0.493994] pcieport 0000:00:15.3: Signaling PME through PCIe PME interrupt
[    0.494017] pcie_pme 0000:00:15.3:pcie01: service driver pcie_pme loaded
[    0.494060] pcieport 0000:00:15.4: Signaling PME through PCIe PME interrupt
[    0.494083] pcie_pme 0000:00:15.4:pcie01: service driver pcie_pme loaded
[    0.494126] pcieport 0000:00:15.5: Signaling PME through PCIe PME interrupt
[    0.494148] pcie_pme 0000:00:15.5:pcie01: service driver pcie_pme loaded
[    0.494191] pcieport 0000:00:15.6: Signaling PME through PCIe PME interrupt
[    0.494214] pcie_pme 0000:00:15.6:pcie01: service driver pcie_pme loaded
[    0.494256] pcieport 0000:00:15.7: Signaling PME through PCIe PME interrupt
[    0.494279] pcie_pme 0000:00:15.7:pcie01: service driver pcie_pme loaded
[    0.494322] pcieport 0000:00:16.0: Signaling PME through PCIe PME interrupt
[    0.494345] pcie_pme 0000:00:16.0:pcie01: service driver pcie_pme loaded
[    0.494387] pcieport 0000:00:16.1: Signaling PME through PCIe PME interrupt
[    0.494410] pcie_pme 0000:00:16.1:pcie01: service driver pcie_pme loaded
[    0.494453] pcieport 0000:00:16.2: Signaling PME through PCIe PME interrupt
[    0.494475] pcie_pme 0000:00:16.2:pcie01: service driver pcie_pme loaded
[    0.494518] pcieport 0000:00:16.3: Signaling PME through PCIe PME interrupt
[    0.494540] pcie_pme 0000:00:16.3:pcie01: service driver pcie_pme loaded
[    0.494583] pcieport 0000:00:16.4: Signaling PME through PCIe PME interrupt
[    0.494606] pcie_pme 0000:00:16.4:pcie01: service driver pcie_pme loaded
[    0.494649] pcieport 0000:00:16.5: Signaling PME through PCIe PME interrupt
[    0.494671] pcie_pme 0000:00:16.5:pcie01: service driver pcie_pme loaded
[    0.494714] pcieport 0000:00:16.6: Signaling PME through PCIe PME interrupt
[    0.494738] pcie_pme 0000:00:16.6:pcie01: service driver pcie_pme loaded
[    0.498863] pcieport 0000:00:16.7: Signaling PME through PCIe PME interrupt
[    0.498891] pcie_pme 0000:00:16.7:pcie01: service driver pcie_pme loaded
[    0.498934] pcieport 0000:00:17.0: Signaling PME through PCIe PME interrupt
[    0.498957] pcie_pme 0000:00:17.0:pcie01: service driver pcie_pme loaded
[    0.499000] pcieport 0000:00:17.1: Signaling PME through PCIe PME interrupt
[    0.499023] pcie_pme 0000:00:17.1:pcie01: service driver pcie_pme loaded
[    0.499065] pcieport 0000:00:17.2: Signaling PME through PCIe PME interrupt
[    0.499088] pcie_pme 0000:00:17.2:pcie01: service driver pcie_pme loaded
[    0.499131] pcieport 0000:00:17.3: Signaling PME through PCIe PME interrupt
[    0.499153] pcie_pme 0000:00:17.3:pcie01: service driver pcie_pme loaded
[    0.499196] pcieport 0000:00:17.4: Signaling PME through PCIe PME interrupt
[    0.499219] pcie_pme 0000:00:17.4:pcie01: service driver pcie_pme loaded
[    0.499261] pcieport 0000:00:17.5: Signaling PME through PCIe PME interrupt
[    0.499284] pcie_pme 0000:00:17.5:pcie01: service driver pcie_pme loaded
[    0.499327] pcieport 0000:00:17.6: Signaling PME through PCIe PME interrupt
[    0.499353] pcie_pme 0000:00:17.6:pcie01: service driver pcie_pme loaded
[    0.499395] pcieport 0000:00:17.7: Signaling PME through PCIe PME interrupt
[    0.499418] pcie_pme 0000:00:17.7:pcie01: service driver pcie_pme loaded
[    0.499461] pcieport 0000:00:18.0: Signaling PME through PCIe PME interrupt
[    0.499483] pcie_pme 0000:00:18.0:pcie01: service driver pcie_pme loaded
[    0.499526] pcieport 0000:00:18.1: Signaling PME through PCIe PME interrupt
[    0.499548] pcie_pme 0000:00:18.1:pcie01: service driver pcie_pme loaded
[    0.499591] pcieport 0000:00:18.2: Signaling PME through PCIe PME interrupt
[    0.499614] pcie_pme 0000:00:18.2:pcie01: service driver pcie_pme loaded
[    0.499656] pcieport 0000:00:18.3: Signaling PME through PCIe PME interrupt
[    0.499679] pcie_pme 0000:00:18.3:pcie01: service driver pcie_pme loaded
[    0.499722] pcieport 0000:00:18.4: Signaling PME through PCIe PME interrupt
[    0.499745] pcie_pme 0000:00:18.4:pcie01: service driver pcie_pme loaded
[    0.499787] pcieport 0000:00:18.5: Signaling PME through PCIe PME interrupt
[    0.499810] pcie_pme 0000:00:18.5:pcie01: service driver pcie_pme loaded
[    0.499853] pcieport 0000:00:18.6: Signaling PME through PCIe PME interrupt
[    0.499876] pcie_pme 0000:00:18.6:pcie01: service driver pcie_pme loaded
[    0.499919] pcieport 0000:00:18.7: Signaling PME through PCIe PME interrupt
[    0.499941] pcie_pme 0000:00:18.7:pcie01: service driver pcie_pme loaded
[    0.499965] pci_hotplug: PCI Hot Plug PCI Core version: 0.5
[    0.500008] pciehp 0000:00:15.0:pcie04: HPC vendor_id 15ad device_id 7a0 ss_vid 15ad ss_did 7a0
[    0.500050] pciehp 0000:00:15.0:pcie04: service driver pciehp loaded
[    0.500093] pciehp 0000:00:15.1:pcie04: HPC vendor_id 15ad device_id 7a0 ss_vid 15ad ss_did 7a0
[    0.500135] pciehp 0000:00:15.1:pcie04: service driver pciehp loaded
[    0.500178] pciehp 0000:00:15.2:pcie04: HPC vendor_id 15ad device_id 7a0 ss_vid 15ad ss_did 7a0
[    0.500221] pciehp 0000:00:15.2:pcie04: service driver pciehp loaded
[    0.500263] pciehp 0000:00:15.3:pcie04: HPC vendor_id 15ad device_id 7a0 ss_vid 15ad ss_did 7a0
[    0.500306] pciehp 0000:00:15.3:pcie04: service driver pciehp loaded
[    0.500349] pciehp 0000:00:15.4:pcie04: HPC vendor_id 15ad device_id 7a0 ss_vid 15ad ss_did 7a0
[    0.500391] pciehp 0000:00:15.4:pcie04: service driver pciehp loaded
[    0.500434] pciehp 0000:00:15.5:pcie04: HPC vendor_id 15ad device_id 7a0 ss_vid 15ad ss_did 7a0
[    0.500476] pciehp 0000:00:15.5:pcie04: service driver pciehp loaded
[    0.500519] pciehp 0000:00:15.6:pcie04: HPC vendor_id 15ad device_id 7a0 ss_vid 15ad ss_did 7a0
[    0.500562] pciehp 0000:00:15.6:pcie04: service driver pciehp loaded
[    0.500604] pciehp 0000:00:15.7:pcie04: HPC vendor_id 15ad device_id 7a0 ss_vid 15ad ss_did 7a0
[    0.500647] pciehp 0000:00:15.7:pcie04: service driver pciehp loaded
[    0.500690] pciehp 0000:00:16.0:pcie04: HPC vendor_id 15ad device_id 7a0 ss_vid 15ad ss_did 7a0
[    0.500732] pciehp 0000:00:16.0:pcie04: service driver pciehp loaded
[    0.500775] pciehp 0000:00:16.1:pcie04: HPC vendor_id 15ad device_id 7a0 ss_vid 15ad ss_did 7a0
[    0.500818] pciehp 0000:00:16.1:pcie04: service driver pciehp loaded
[    0.500860] pciehp 0000:00:16.2:pcie04: HPC vendor_id 15ad device_id 7a0 ss_vid 15ad ss_did 7a0
[    0.500903] pciehp 0000:00:16.2:pcie04: service driver pciehp loaded
[    0.500945] pciehp 0000:00:16.3:pcie04: HPC vendor_id 15ad device_id 7a0 ss_vid 15ad ss_did 7a0
[    0.500988] pciehp 0000:00:16.3:pcie04: service driver pciehp loaded
[    0.501031] pciehp 0000:00:16.4:pcie04: HPC vendor_id 15ad device_id 7a0 ss_vid 15ad ss_did 7a0
[    0.501073] pciehp 0000:00:16.4:pcie04: service driver pciehp loaded
[    0.501116] pciehp 0000:00:16.5:pcie04: HPC vendor_id 15ad device_id 7a0 ss_vid 15ad ss_did 7a0
[    0.501159] pciehp 0000:00:16.5:pcie04: service driver pciehp loaded
[    0.501201] pciehp 0000:00:16.6:pcie04: HPC vendor_id 15ad device_id 7a0 ss_vid 15ad ss_did 7a0
[    0.501244] pciehp 0000:00:16.6:pcie04: service driver pciehp loaded
[    0.501286] pciehp 0000:00:16.7:pcie04: HPC vendor_id 15ad device_id 7a0 ss_vid 15ad ss_did 7a0
[    0.501329] pciehp 0000:00:16.7:pcie04: service driver pciehp loaded
[    0.501372] pciehp 0000:00:17.0:pcie04: HPC vendor_id 15ad device_id 7a0 ss_vid 15ad ss_did 7a0
[    0.501414] pciehp 0000:00:17.0:pcie04: service driver pciehp loaded
[    0.501457] pciehp 0000:00:17.1:pcie04: HPC vendor_id 15ad device_id 7a0 ss_vid 15ad ss_did 7a0
[    0.501500] pciehp 0000:00:17.1:pcie04: service driver pciehp loaded
[    0.501542] pciehp 0000:00:17.2:pcie04: HPC vendor_id 15ad device_id 7a0 ss_vid 15ad ss_did 7a0
[    0.501585] pciehp 0000:00:17.2:pcie04: service driver pciehp loaded
[    0.501627] pciehp 0000:00:17.3:pcie04: HPC vendor_id 15ad device_id 7a0 ss_vid 15ad ss_did 7a0
[    0.501670] pciehp 0000:00:17.3:pcie04: service driver pciehp loaded
[    0.501713] pciehp 0000:00:17.4:pcie04: HPC vendor_id 15ad device_id 7a0 ss_vid 15ad ss_did 7a0
[    0.501755] pciehp 0000:00:17.4:pcie04: service driver pciehp loaded
[    0.501798] pciehp 0000:00:17.5:pcie04: HPC vendor_id 15ad device_id 7a0 ss_vid 15ad ss_did 7a0
[    0.501841] pciehp 0000:00:17.5:pcie04: service driver pciehp loaded
[    0.501883] pciehp 0000:00:17.6:pcie04: HPC vendor_id 15ad device_id 7a0 ss_vid 15ad ss_did 7a0
[    0.501926] pciehp 0000:00:17.6:pcie04: service driver pciehp loaded
[    0.501969] pciehp 0000:00:17.7:pcie04: HPC vendor_id 15ad device_id 7a0 ss_vid 15ad ss_did 7a0
[    0.502011] pciehp 0000:00:17.7:pcie04: service driver pciehp loaded
[    0.502054] pciehp 0000:00:18.0:pcie04: HPC vendor_id 15ad device_id 7a0 ss_vid 15ad ss_did 7a0
[    0.502096] pciehp 0000:00:18.0:pcie04: service driver pciehp loaded
[    0.502139] pciehp 0000:00:18.1:pcie04: HPC vendor_id 15ad device_id 7a0 ss_vid 15ad ss_did 7a0
[    0.502182] pciehp 0000:00:18.1:pcie04: service driver pciehp loaded
[    0.502224] pciehp 0000:00:18.2:pcie04: HPC vendor_id 15ad device_id 7a0 ss_vid 15ad ss_did 7a0
[    0.502267] pciehp 0000:00:18.2:pcie04: service driver pciehp loaded
[    0.502310] pciehp 0000:00:18.3:pcie04: HPC vendor_id 15ad device_id 7a0 ss_vid 15ad ss_did 7a0
[    0.502352] pciehp 0000:00:18.3:pcie04: service driver pciehp loaded
[    0.502395] pciehp 0000:00:18.4:pcie04: HPC vendor_id 15ad device_id 7a0 ss_vid 15ad ss_did 7a0
[    0.502437] pciehp 0000:00:18.4:pcie04: service driver pciehp loaded
[    0.502480] pciehp 0000:00:18.5:pcie04: HPC vendor_id 15ad device_id 7a0 ss_vid 15ad ss_did 7a0
[    0.502523] pciehp 0000:00:18.5:pcie04: service driver pciehp loaded
[    0.502565] pciehp 0000:00:18.6:pcie04: HPC vendor_id 15ad device_id 7a0 ss_vid 15ad ss_did 7a0
[    0.502608] pciehp 0000:00:18.6:pcie04: service driver pciehp loaded
[    0.502651] pciehp 0000:00:18.7:pcie04: HPC vendor_id 15ad device_id 7a0 ss_vid 15ad ss_did 7a0
[    0.502693] pciehp 0000:00:18.7:pcie04: service driver pciehp loaded
[    0.502700] pciehp: PCI Express Hot Plug Controller Driver version: 0.4
[    0.506905] ACPI: Deprecated procfs I/F for AC is loaded, please retry with CONFIG_ACPI_PROCFS_POWER cleared
[    0.506952] ACPI: AC Adapter [ACAD] (on-line)
[    0.507034] input: Power Button as /devices/LNXSYSTM:00/LNXPWRBN:00/input/input0
[    0.507041] ACPI: Power Button [PWRF]
[    0.530933] ERST: Table is not found!
[    0.530938] GHES: HEST is not enabled!
[    0.531054] Serial: 8250/16550 driver, 32 ports, IRQ sharing enabled
[    0.554705] serial8250: ttyS0 at I/O 0x3f8 (irq = 4) is a 16550A
[    0.554721] isapnp: Scanning for PnP cards...
[    0.690596] serial8250: ttyS1 at I/O 0x2f8 (irq = 3) is a 16550A
[    0.734436] 00:0a: ttyS0 at I/O 0x3f8 (irq = 4) is a 16550A
[    0.822497] 00:0b: ttyS1 at I/O 0x2f8 (irq = 3) is a 16550A
[    0.842545] Linux agpgart interface v0.103
[    0.842588] agpgart-intel 0000:00:00.0: Intel 440BX Chipset
[    0.842665] agpgart-intel 0000:00:00.0: AGP aperture is 256M @ 0x0
[    0.843369] brd: module loaded
[    0.843777] loop: module loaded
[    0.843819] ata_piix 0000:00:07.1: version 2.13
[    0.843895] scsi0 : ata_piix
[    0.843961] scsi1 : ata_piix
[    0.843991] ata1: PATA max UDMA/33 cmd 0x1f0 ctl 0x3f6 bmdma 0x10c0 irq 14
[    0.843994] ata2: PATA max UDMA/33 cmd 0x170 ctl 0x376 bmdma 0x10c8 irq 15
[    0.844039] Fixed MDIO Bus: probed
[    0.844052] tun: Universal TUN/TAP device driver, 1.6
[    0.844054] tun: (C) 1999-2004 Max Krasnyansky <maxk@qualcomm.com>
[    0.844107] PPP generic driver version 2.4.2
[    0.844170] ehci_hcd: USB 2.0 'Enhanced' Host Controller (EHCI) Driver
[    0.844201] ehci_hcd 0000:02:03.0: PCI INT A -> Link[LNKB] -> GSI 11 (level, low) -> IRQ 11
[    0.844243] ehci_hcd 0000:02:03.0: EHCI Host Controller
[    0.844280] ehci_hcd 0000:02:03.0: new USB bus registered, assigned bus number 1
[    0.844323] ehci_hcd 0000:02:03.0: cache line size of 32 is not supported
[    0.844330] ehci_hcd 0000:02:03.0: irq 11, io mem 0xc9000000
[    0.854367] ehci_hcd 0000:02:03.0: USB 2.0 started, EHCI 1.00
[    0.854491] hub 1-0:1.0: USB hub found
[    0.854496] hub 1-0:1.0: 6 ports detected
[    0.854549] ohci_hcd: USB 1.1 'Open' Host Controller (OHCI) Driver
[    0.854563] uhci_hcd: USB Universal Host Controller Interface driver
[    0.854599] uhci_hcd 0000:02:00.0: PCI INT A -> Link[LNKC] -> GSI 10 (level, low) -> IRQ 10
[    0.854640] uhci_hcd 0000:02:00.0: UHCI Host Controller
[    0.854676] uhci_hcd 0000:02:00.0: new USB bus registered, assigned bus number 2
[    0.854787] uhci_hcd 0000:02:00.0: irq 10, io base 0x000020c0
[    0.854904] hub 2-0:1.0: USB hub found
[    0.854908] hub 2-0:1.0: 2 ports detected
[    0.854961] usbcore: registered new interface driver libusual
[    0.855000] i8042: PNP: PS/2 Controller [PNP0303:KBC,PNP0f13:MOUS] at 0x60,0x64 irq 1,12
[    0.855337] serio: i8042 KBD port at 0x60,0x64 irq 1
[    0.855345] serio: i8042 AUX port at 0x60,0x64 irq 12
[    0.855432] mousedev: PS/2 mouse device common for all mice
[    0.855760] rtc_cmos 00:04: rtc core: registered rtc_cmos as rtc0
[    0.855786] rtc0: alarms up to one month, y3k, 114 bytes nvram, hpet irqs
[    0.855838] device-mapper: uevent: version 1.0.3
[    0.855893] device-mapper: ioctl: 4.22.0-ioctl (2011-10-19) initialised: dm-devel@redhat.com
[    0.855917] EISA: Probing bus 0 at eisa.0
[    0.855919] EISA: Cannot allocate resource for mainboard
[    0.855921] Cannot allocate resource for EISA slot 1
[    0.855922] Cannot allocate resource for EISA slot 2
[    0.855924] Cannot allocate resource for EISA slot 3
[    0.855925] Cannot allocate resource for EISA slot 4
[    0.855927] Cannot allocate resource for EISA slot 5
[    0.855929] Cannot allocate resource for EISA slot 6
[    0.855930] Cannot allocate resource for EISA slot 7
[    0.855932] Cannot allocate resource for EISA slot 8
[    0.855933] EISA: Detected 0 cards.
[    0.855940] cpufreq-nforce2: No nForce2 chipset.
[    0.855943] cpuidle: using governor ladder
[    0.855944] cpuidle: using governor menu
[    0.855946] EFI Variables Facility v0.08 2004-May-17
[    0.855999] TCP cubic registered
[    0.856052] NET: Registered protocol family 10
[    0.856104] NET: Registered protocol family 17
[    0.856109] Registering the dns_resolver key type
[    0.856121] Using IPI No-Shortcut mode
[    0.856186] PM: Hibernation image not present or could not be loaded.
[    0.856194] registered taskstats version 1
[    0.986215] input: AT Translated Set 2 keyboard as /devices/platform/i8042/serio0/input/input1
[    1.074087] Freeing initrd memory: 13836k freed
[    1.119056] ata2.00: ATAPI: VMware Virtual IDE CDROM Drive, 00000001, max UDMA/33
[    1.163872] isapnp: No Plug & Play device found
[    1.165917]   Magic number: 13:382:69
[    1.185890] rtc_cmos 00:04: setting system clock to 2013-05-27 08:03:31 UTC (1369641811)
[    1.186044] BIOS EDD facility v0.16 2004-Jun-25, 0 devices found
[    1.186047] EDD information not available.
[    1.186334] ata2.00: configured for UDMA/33
[    1.186690] scsi 1:0:0:0: CD-ROM            NECVMWar VMware IDE CDR10 1.00 PQ: 0 ANSI: 5
[    1.187269] sr0: scsi3-mmc drive: 306x/306x cd/rw xa/form2 cdda tray
[    1.187273] cdrom: Uniform CD-ROM driver Revision: 3.20
[    1.187396] sr 1:0:0:0: Attached scsi CD-ROM sr0
[    1.187615] sr 1:0:0:0: Attached scsi generic sg0 type 5
[    1.187684] Freeing unused kernel memory: 740k freed
[    1.187737] Write protecting the kernel text: 5816k
[    1.187746] Write protecting the kernel read-only data: 2376k
[    1.187748] NX-protecting the kernel data: 4424k
[    1.199360] udevd[85]: starting version 175
[    1.214194] VMware vmxnet3 virtual NIC driver - version 1.1.29.0-k-NAPI
[    1.218217] VMware PVSCSI driver - version 1.0.1.0-k
[    1.223313] VMware vmxnet virtual NIC driver
[    1.223366] ACPI: PCI Interrupt Link [LNKD] enabled at IRQ 5
[    1.223369] PCI: setting IRQ 5 as level-triggered
[    1.223376] vmxnet 0000:02:01.0: PCI INT A -> Link[LNKD] -> GSI 5 (level, low) -> IRQ 5
[    1.223428] Found vmxnet/PCI at 0x2024, irq 5.
[    1.223481] features:
[    1.223496] numRxBuffers = 100, numRxBuffers2 = 1
[    1.223549] vmxnet 0000:02:01.0: eth0: set_features() failed (-1); wanted 0x00004000, left 0x00004800
[    1.241803] usb 2-1: new full-speed USB device number 2 using uhci_hcd
[    1.248886] Fusion MPT base driver 3.04.20
[    1.248889] Copyright (c) 1999-2008 LSI Corporation
[    1.249076] Fusion MPT SPI Host driver 3.04.20
[    1.249121] mptspi 0000:00:10.0: PCI INT A -> Link[LNKB] -> GSI 11 (level, low) -> IRQ 11
[    1.255065] mptbase: ioc0: Initiating bringup
[    1.262262] Floppy drive(s): fd0 is 1.44M
[    1.277947] FDC 0 is a post-1991 82077
[    1.325680] ioc0: LSI53C1030 B0: Capabilities={Initiator}
[    1.375956] input: VMware VMware Virtual USB Mouse as /devices/pci0000:00/0000:00:11.0/0000:02:00.0/usb2/2-1/2-1:1.0/input/input2
[    1.376180] generic-usb 0003:0E0F:0003.0001: input,hidraw0: USB HID v1.10 Mouse [VMware VMware Virtual USB Mouse] on usb-0000:02:00.0-1/input0
[    1.376840] input: VMware VMware Virtual USB Mouse as /devices/pci0000:00/0000:00:11.0/0000:02:00.0/usb2/2-1/2-1:1.1/input/input3
[    1.376995] generic-usb 0003:0E0F:0003.0002: input,hidraw1: USB HID v1.10 Mouse [VMware VMware Virtual USB Mouse] on usb-0000:02:00.0-1/input1
[    1.377141] usbcore: registered new interface driver usbhid
[    1.377144] usbhid: USB HID core driver
[    1.485418] usb 2-2: new full-speed USB device number 3 using uhci_hcd
[    1.485509] scsi2 : ioc0: LSI53C1030 B0, FwRev=01032920h, Ports=1, MaxQ=128, IRQ=11
[    1.598322] scsi 2:0:0:0: Direct-Access     VMware,  VMware Virtual S 1.0  PQ: 0 ANSI: 2
[    1.598333] scsi target2:0:0: Beginning Domain Validation
[    1.599103] scsi target2:0:0: Domain Validation skipping write tests
[    1.599106] scsi target2:0:0: Ending Domain Validation
[    1.599172] scsi target2:0:0: FAST-40 WIDE SCSI 80.0 MB/s ST (25 ns, offset 127)
[    1.602002] sd 2:0:0:0: [sda] 41943040 512-byte logical blocks: (21.4 GB/20.0 GiB)
[    1.602072] sd 2:0:0:0: [sda] Write Protect is off
[    1.602075] sd 2:0:0:0: [sda] Mode Sense: 61 00 00 00
[    1.602149] sd 2:0:0:0: [sda] Cache data unavailable
[    1.602152] sd 2:0:0:0: [sda] Assuming drive cache: write through
[    1.602519] sd 2:0:0:0: [sda] Cache data unavailable
[    1.602522] sd 2:0:0:0: [sda] Assuming drive cache: write through
[    1.603231]  sda: sda1 sda2 < sda5 >
[    1.603670] sd 2:0:0:0: [sda] Cache data unavailable
[    1.603672] sd 2:0:0:0: [sda] Assuming drive cache: write through
[    1.603674] sd 2:0:0:0: [sda] Attached SCSI disk
[    1.605502] sd 2:0:0:0: Attached scsi generic sg1 type 0
[    1.624091] hub 2-2:1.0: USB hub found
[    1.626317] hub 2-2:1.0: 7 ports detected
[    1.643404] EXT4-fs (sda1): INFO: recovery required on readonly filesystem
[    1.643408] EXT4-fs (sda1): write access will be enabled during recovery
[    1.784890] EXT4-fs (sda1): orphan cleanup on readonly fs
[    1.784894] EXT4-fs (sda1): ext4_orphan_cleanup: deleting unreferenced inode 789102
[    1.784900] EXT4-fs (sda1): ext4_orphan_cleanup: deleting unreferenced inode 789095
[    1.784903] EXT4-fs (sda1): ext4_orphan_cleanup: deleting unreferenced inode 789093
[    1.784909] EXT4-fs (sda1): ext4_orphan_cleanup: deleting unreferenced inode 789094
[    1.784910] EXT4-fs (sda1): ext4_orphan_cleanup: deleting unreferenced inode 789092
[    1.784911] EXT4-fs (sda1): ext4_orphan_cleanup: deleting unreferenced inode 789058
[    1.784914] EXT4-fs (sda1): ext4_orphan_cleanup: deleting unreferenced inode 789052
[    1.784915] EXT4-fs (sda1): ext4_orphan_cleanup: deleting unreferenced inode 789091
[    1.784916] EXT4-fs (sda1): 8 orphan inodes deleted
[    1.784916] EXT4-fs (sda1): recovery complete
[    1.786702] EXT4-fs (sda1): mounted filesystem with ordered data mode. Opts: (null)
[    3.110865] ADDRCONF(NETDEV_UP): eth0: link is not ready
[    3.123648] udevd[328]: starting version 175
[    3.168311] lp: driver loaded but no devices found
[    3.188353] Adding 1046524k swap on /dev/sda5.  Priority:-1 extents:1 across:1046524k 
[    3.278973] shpchp: Standard Hot Plug PCI Controller Driver version: 0.4
[    3.281790] EXT4-fs (sda1): re-mounted. Opts: errors=remount-ro
[    3.293628] [371]: VMCI: shared components initialized.
[    3.293655] Probing for vmci/PCI.
[    3.293817] ACPI: PCI Interrupt Link [LNKA] enabled at IRQ 9
[    3.293821] PCI: setting IRQ 9 as level-triggered
[    3.293828] vmci 0000:00:07.7: PCI INT A -> Link[LNKA] -> GSI 9 (level, low) -> IRQ 9
[    3.293877] Found vmci/PCI at 0x1080, irq 9.
[    3.293909] VMCI: using capabilities 0xc.
[    3.294002] [371]: VMCI: Host capability check passed.
[    3.294165] vmci 0000:00:07.7: irq 72 for MSI/MSI-X
[    3.294202] vmci 0000:00:07.7: irq 73 for MSI/MSI-X
[    3.294364] Registered vmci device.
[    3.296281] [371]: VMCI: Using guest personality
[    3.296285] [371]: VMCI: host components initialized.
[    3.296426] piix4_smbus 0000:00:07.3: Host SMBus controller not enabled!
[    3.313936] [371]: VMCI: Module registered (name=vmci,major=10,minor=57).
[    3.313941] [371]: VMCI: Using host personality
[    3.313944] [371]: VMCI: Module (name=vmci) is initialized
[    3.414894] Bluetooth: Core ver 2.16
[    3.416803] NET: Registered protocol family 31
[    3.416806] Bluetooth: HCI device and connection manager initialized
[    3.416808] Bluetooth: HCI socket layer initialized
[    3.416810] Bluetooth: L2CAP socket layer initialized
[    3.416815] Bluetooth: SCO socket layer initialized
[    3.421506] ppdev: user-space parallel port driver
[    3.422929] parport_pc 00:09: reported by Plug and Play ACPI
[    3.423092] parport0: PC-style at 0x378, irq 7 [PCSPP,TRISTATE]
[    3.436003] Bluetooth: BNEP (Ethernet Emulation) ver 1.3
[    3.436007] Bluetooth: BNEP filters: protocol multicast
[    3.442422] Bluetooth: RFCOMM TTY layer initialized
[    3.442428] Bluetooth: RFCOMM socket layer initialized
[    3.442430] Bluetooth: RFCOMM ver 1.11
[    3.518689] lp0: using parport0 (interrupt-driven).
[    3.532305] type=1400 audit(1369641813.844:2): apparmor="STATUS" operation="profile_load" name="/usr/lib/cups/backend/cups-pdf" pid=580 comm="apparmor_parser"
[    3.533760] type=1400 audit(1369641813.844:3): apparmor="STATUS" operation="profile_load" name="/usr/sbin/cupsd" pid=580 comm="apparmor_parser"
[    3.615155] type=1400 audit(1369641813.928:4): apparmor="STATUS" operation="profile_load" name="/sbin/dhclient" pid=605 comm="apparmor_parser"
[    3.615323] type=1400 audit(1369641813.928:5): apparmor="STATUS" operation="profile_load" name="/usr/lib/NetworkManager/nm-dhcp-client.action" pid=605 comm="apparmor_parser"
[    3.615485] type=1400 audit(1369641813.928:6): apparmor="STATUS" operation="profile_load" name="/usr/lib/connman/scripts/dhclient-script" pid=605 comm="apparmor_parser"
[    3.721533] input: ImPS/2 Generic Wheel Mouse as /devices/platform/i8042/serio1/input/input4
[    3.893629] snd_ens1371 0000:02:02.0: PCI INT A -> Link[LNKA] -> GSI 9 (level, low) -> IRQ 9
[    3.960808] init: failsafe main process (672) killed by TERM signal
[    4.041830] type=1400 audit(1369641814.356:7): apparmor="STATUS" operation="profile_load" name="/usr/lib/lightdm/lightdm/lightdm-guest-session-wrapper" pid=803 comm="apparmor_parser"
[    4.042823] type=1400 audit(1369641814.356:8): apparmor="STATUS" operation="profile_replace" name="/sbin/dhclient" pid=806 comm="apparmor_parser"
[    4.044090] type=1400 audit(1369641814.356:9): apparmor="STATUS" operation="profile_replace" name="/usr/lib/NetworkManager/nm-dhcp-client.action" pid=806 comm="apparmor_parser"
[    4.044144] type=1400 audit(1369641814.356:10): apparmor="STATUS" operation="profile_replace" name="/usr/lib/connman/scripts/dhclient-script" pid=806 comm="apparmor_parser"
[    4.279727] init: alsa-restore main process (881) terminated with status 19
