[    0.000000] Initializing cgroup subsys cpuset
[    0.000000] Initializing cgroup subsys cpu
[    0.000000] Linux version 3.2.0-29-generic-pae (buildd@roseapple) (gcc version 4.6.3 (Ubuntu/Linaro 4.6.3-1ubuntu5) ) #46-Ubuntu SMP Fri Jul 27 17:25:43 UTC 2012 (Ubuntu 3.2.0-29.46-generic-pae 3.2.24)
[    0.000000] KERNEL supported cpus:
[    0.000000]   Intel GenuineIntel
[    0.000000]   AMD AuthenticAMD
[    0.000000]   NSC Geode by NSC
[    0.000000]   Cyrix CyrixInstead
[    0.000000]   Centaur CentaurHauls
[    0.000000]   Transmeta GenuineTMx86
[    0.000000]   Transmeta TransmetaCPU
[    0.000000]   UMC UMC UMC UMC
[    0.000000] Disabled fast string operations
[    0.000000] BIOS-provided physical RAM map:
[    0.000000]  BIOS-e820: 0000000000000000 - 000000000009f000 (usable)
[    0.000000]  BIOS-e820: 000000000009f000 - 00000000000a0000 (reserved)
[    0.000000]  BIOS-e820: 00000000000ca000 - 00000000000cc000 (reserved)
[    0.000000]  BIOS-e820: 00000000000dc000 - 0000000000100000 (reserved)
[    0.000000]  BIOS-e820: 0000000000100000 - 000000003fee0000 (usable)
[    0.000000]  BIOS-e820: 000000003fee0000 - 000000003feff000 (ACPI data)
[    0.000000]  BIOS-e820: 000000003feff000 - 000000003ff00000 (ACPI NVS)
[    0.000000]  BIOS-e820: 000000003ff00000 - 0000000040000000 (usable)
[    0.000000]  BIOS-e820: 00000000e0000000 - 00000000f0000000 (reserved)
[    0.000000]  BIOS-e820: 00000000fec00000 - 00000000fec10000 (reserved)
[    0.000000]  BIOS-e820: 00000000fee00000 - 00000000fee01000 (reserved)
[    0.000000]  BIOS-e820: 00000000fffe0000 - 0000000100000000 (reserved)
[    0.000000] NX (Execute Disable) protection: active
[    0.000000] DMI present.
[    0.000000] DMI: VMware, Inc. VMware Virtual Platform/440BX Desktop Reference Platform, BIOS 6.00 07/02/2012
[    0.000000] Hypervisor detected: VMware
[    0.000000] e820 update range: 0000000000000000 - 0000000000010000 (usable) ==> (reserved)
[    0.000000] e820 remove range: 00000000000a0000 - 0000000000100000 (usable)
[    0.000000] last_pfn = 0x40000 max_arch_pfn = 0x1000000
[    0.000000] MTRR default type: uncachable
[    0.000000] MTRR fixed ranges enabled:
[    0.000000]   00000-9FFFF write-back
[    0.000000]   A0000-BFFFF uncachable
[    0.000000]   C0000-CBFFF write-protect
[    0.000000]   CC000-EFFFF uncachable
[    0.000000]   F0000-FFFFF write-protect
[    0.000000] MTRR variable ranges enabled:
[    0.000000]   0 base 0000000000 mask FFC0000000 write-back
[    0.000000]   1 disabled
[    0.000000]   2 disabled
[    0.000000]   3 disabled
[    0.000000]   4 disabled
[    0.000000]   5 disabled
[    0.000000]   6 disabled
[    0.000000]   7 disabled
[    0.000000] x86 PAT enabled: cpu 0, old 0x0, new 0x7010600070106
[    0.000000] found SMP MP-table at [c00f6bf0] f6bf0
[    0.000000] initial memory mapped : 0 - 02000000
[    0.000000] Base memory trampoline at [c009b000] 9b000 size 16384
[    0.000000] init_memory_mapping: 0000000000000000-0000000037bfe000
[    0.000000]  0000000000 - 0000200000 page 4k
[    0.000000]  0000200000 - 0037a00000 page 2M
[    0.000000]  0037a00000 - 0037bfe000 page 4k
[    0.000000] kernel direct mapping tables up to 37bfe000 @ 1ffb000-2000000
[    0.000000] RAMDISK: 364ea000 - 3726d000
[    0.000000] ACPI: RSDP 000f6b80 00024 (v02 PTLTD )
[    0.000000] ACPI: XSDT 3feed636 0005C (v01 INTEL  440BX    06040000 VMW  01324272)
[    0.000000] ACPI: FACP 3fefee98 000F4 (v04 INTEL  440BX    06040000 PTL  000F4240)
[    0.000000] ACPI: DSDT 3feee366 10B32 (v01 PTLTD  Custom   06040000 MSFT 03000001)
[    0.000000] ACPI: FACS 3fefffc0 00040
[    0.000000] ACPI: BOOT 3feee33e 00028 (v01 PTLTD  $SBFTBL$ 06040000  LTP 00000001)
[    0.000000] ACPI: APIC 3feedc3e 003C2 (v01 PTLTD  ? APIC   06040000  LTP 00000000)
[    0.000000] ACPI: MCFG 3feedc02 0003C (v01 PTLTD  $PCITBL$ 06040000  LTP 00000001)
[    0.000000] ACPI: SRAT 3feed732 004D0 (v02 VMWARE MEMPLUG  06040000 VMW  00000001)
[    0.000000] ACPI: HPET 3feed6fa 00038 (v01 VMWARE VMW HPET 06040000 VMW  00000001)
[    0.000000] ACPI: WAET 3feed6d2 00028 (v01 VMWARE VMW WAET 06040000 VMW  00000001)
[    0.000000] ACPI: Local APIC address 0xfee00000
[    0.000000] 132MB HIGHMEM available.
[    0.000000] 891MB LOWMEM available.
[    0.000000]   mapped low ram: 0 - 37bfe000
[    0.000000]   low ram: 0 - 37bfe000
[    0.000000] Zone PFN ranges:
[    0.000000]   DMA      0x00000010 -> 0x00001000
[    0.000000]   Normal   0x00001000 -> 0x00037bfe
[    0.000000]   HighMem  0x00037bfe -> 0x00040000
[    0.000000] Movable zone start PFN for each node
[    0.000000] early_node_map[3] active PFN ranges
[    0.000000]     0: 0x00000010 -> 0x0000009f
[    0.000000]     0: 0x00000100 -> 0x0003fee0
[    0.000000]     0: 0x0003ff00 -> 0x00040000
[    0.000000] On node 0 totalpages: 261999
[    0.000000] free_area_init_node: node 0, pgdat c1866a40, node_mem_map f73fd200
[    0.000000]   DMA zone: 32 pages used for memmap
[    0.000000]   DMA zone: 0 pages reserved
[    0.000000]   DMA zone: 3951 pages, LIFO batch:0
[    0.000000]   Normal zone: 1752 pages used for memmap
[    0.000000]   Normal zone: 222502 pages, LIFO batch:31
[    0.000000]   HighMem zone: 265 pages used for memmap
[    0.000000]   HighMem zone: 33497 pages, LIFO batch:7
[    0.000000] Using APIC driver default
[    0.000000] ACPI: PM-Timer IO Port: 0x1008
[    0.000000] ACPI: Local APIC address 0xfee00000
[    0.000000] ACPI: LAPIC (acpi_id[0x00] lapic_id[0x00] enabled)
[    0.000000] ACPI: LAPIC (acpi_id[0x01] lapic_id[0x02] disabled)
[    0.000000] ACPI: LAPIC (acpi_id[0x02] lapic_id[0x04] disabled)
[    0.000000] ACPI: LAPIC (acpi_id[0x03] lapic_id[0x06] disabled)
[    0.000000] ACPI: LAPIC (acpi_id[0x04] lapic_id[0x08] disabled)
[    0.000000] ACPI: LAPIC (acpi_id[0x05] lapic_id[0x0a] disabled)
[    0.000000] ACPI: LAPIC (acpi_id[0x06] lapic_id[0x0c] disabled)
[    0.000000] ACPI: LAPIC (acpi_id[0x07] lapic_id[0x0e] disabled)
[    0.000000] ACPI: LAPIC (acpi_id[0x08] lapic_id[0x10] disabled)
[    0.000000] ACPI: LAPIC (acpi_id[0x09] lapic_id[0x12] disabled)
[    0.000000] ACPI: LAPIC (acpi_id[0x0a] lapic_id[0x14] disabled)
[    0.000000] ACPI: LAPIC (acpi_id[0x0b] lapic_id[0x16] disabled)
[    0.000000] ACPI: LAPIC (acpi_id[0x0c] lapic_id[0x18] disabled)
[    0.000000] ACPI: LAPIC (acpi_id[0x0d] lapic_id[0x1a] disabled)
[    0.000000] ACPI: LAPIC (acpi_id[0x0e] lapic_id[0x1c] disabled)
[    0.000000] ACPI: LAPIC (acpi_id[0x0f] lapic_id[0x1e] disabled)
[    0.000000] ACPI: LAPIC (acpi_id[0x10] lapic_id[0x20] disabled)
[    0.000000] ACPI: LAPIC (acpi_id[0x11] lapic_id[0x22] disabled)
[    0.000000] ACPI: LAPIC (acpi_id[0x12] lapic_id[0x24] disabled)
[    0.000000] ACPI: LAPIC (acpi_id[0x13] lapic_id[0x26] disabled)
[    0.000000] ACPI: LAPIC (acpi_id[0x14] lapic_id[0x28] disabled)
[    0.000000] ACPI: LAPIC (acpi_id[0x15] lapic_id[0x2a] disabled)
[    0.000000] ACPI: LAPIC (acpi_id[0x16] lapic_id[0x2c] disabled)
[    0.000000] ACPI: LAPIC (acpi_id[0x17] lapic_id[0x2e] disabled)
[    0.000000] ACPI: LAPIC (acpi_id[0x18] lapic_id[0x30] disabled)
[    0.000000] ACPI: LAPIC (acpi_id[0x19] lapic_id[0x32] disabled)
[    0.000000] ACPI: LAPIC (acpi_id[0x1a] lapic_id[0x34] disabled)
[    0.000000] ACPI: LAPIC (acpi_id[0x1b] lapic_id[0x36] disabled)
[    0.000000] ACPI: LAPIC (acpi_id[0x1c] lapic_id[0x38] disabled)
[    0.000000] ACPI: LAPIC (acpi_id[0x1d] lapic_id[0x3a] disabled)
[    0.000000] ACPI: LAPIC (acpi_id[0x1e] lapic_id[0x3c] disabled)
[    0.000000] ACPI: LAPIC (acpi_id[0x1f] lapic_id[0x3e] disabled)
[    0.000000] ACPI: LAPIC (acpi_id[0x20] lapic_id[0x40] disabled)
[    0.000000] ACPI: LAPIC (acpi_id[0x21] lapic_id[0x42] disabled)
[    0.000000] ACPI: LAPIC (acpi_id[0x22] lapic_id[0x44] disabled)
[    0.000000] ACPI: LAPIC (acpi_id[0x23] lapic_id[0x46] disabled)
[    0.000000] ACPI: LAPIC (acpi_id[0x24] lapic_id[0x48] disabled)
[    0.000000] ACPI: LAPIC (acpi_id[0x25] lapic_id[0x4a] disabled)
[    0.000000] ACPI: LAPIC (acpi_id[0x26] lapic_id[0x4c] disabled)
[    0.000000] ACPI: LAPIC (acpi_id[0x27] lapic_id[0x4e] disabled)
[    0.000000] ACPI: LAPIC (acpi_id[0x28] lapic_id[0x50] disabled)
[    0.000000] ACPI: LAPIC (acpi_id[0x29] lapic_id[0x52] disabled)
[    0.000000] ACPI: LAPIC (acpi_id[0x2a] lapic_id[0x54] disabled)
[    0.000000] ACPI: LAPIC (acpi_id[0x2b] lapic_id[0x56] disabled)
[    0.000000] ACPI: LAPIC (acpi_id[0x2c] lapic_id[0x58] disabled)
[    0.000000] ACPI: LAPIC (acpi_id[0x2d] lapic_id[0x5a] disabled)
[    0.000000] ACPI: LAPIC (acpi_id[0x2e] lapic_id[0x5c] disabled)
[    0.000000] ACPI: LAPIC (acpi_id[0x2f] lapic_id[0x5e] disabled)
[    0.000000] ACPI: LAPIC (acpi_id[0x30] lapic_id[0x60] disabled)
[    0.000000] ACPI: LAPIC (acpi_id[0x31] lapic_id[0x62] disabled)
[    0.000000] ACPI: LAPIC (acpi_id[0x32] lapic_id[0x64] disabled)
[    0.000000] ACPI: LAPIC (acpi_id[0x33] lapic_id[0x66] disabled)
[    0.000000] ACPI: LAPIC (acpi_id[0x34] lapic_id[0x68] disabled)
[    0.000000] ACPI: LAPIC (acpi_id[0x35] lapic_id[0x6a] disabled)
[    0.000000] ACPI: LAPIC (acpi_id[0x36] lapic_id[0x6c] disabled)
[    0.000000] ACPI: LAPIC (acpi_id[0x37] lapic_id[0x6e] disabled)
[    0.000000] ACPI: LAPIC (acpi_id[0x38] lapic_id[0x70] disabled)
[    0.000000] ACPI: LAPIC (acpi_id[0x39] lapic_id[0x72] disabled)
[    0.000000] ACPI: LAPIC (acpi_id[0x3a] lapic_id[0x74] disabled)
[    0.000000] ACPI: LAPIC (acpi_id[0x3b] lapic_id[0x76] disabled)
[    0.000000] ACPI: LAPIC (acpi_id[0x3c] lapic_id[0x78] disabled)
[    0.000000] ACPI: LAPIC (acpi_id[0x3d] lapic_id[0x7a] disabled)
[    0.000000] ACPI: LAPIC (acpi_id[0x3e] lapic_id[0x7c] disabled)
[    0.000000] ACPI: LAPIC (acpi_id[0x3f] lapic_id[0x7e] disabled)
[    0.000000] ACPI: LAPIC_NMI (acpi_id[0x00] high edge lint[0x1])
[    0.000000] ACPI: LAPIC_NMI (acpi_id[0x01] high edge lint[0x1])
[    0.000000] ACPI: LAPIC_NMI (acpi_id[0x02] high edge lint[0x1])
[    0.000000] ACPI: LAPIC_NMI (acpi_id[0x03] high edge lint[0x1])
[    0.000000] ACPI: LAPIC_NMI (acpi_id[0x04] high edge lint[0x1])
[    0.000000] ACPI: LAPIC_NMI (acpi_id[0x05] high edge lint[0x1])
[    0.000000] ACPI: LAPIC_NMI (acpi_id[0x06] high edge lint[0x1])
[    0.000000] ACPI: LAPIC_NMI (acpi_id[0x07] high edge lint[0x1])
[    0.000000] ACPI: LAPIC_NMI (acpi_id[0x08] high edge lint[0x1])
[    0.000000] ACPI: LAPIC_NMI (acpi_id[0x09] high edge lint[0x1])
[    0.000000] ACPI: LAPIC_NMI (acpi_id[0x0a] high edge lint[0x1])
[    0.000000] ACPI: LAPIC_NMI (acpi_id[0x0b] high edge lint[0x1])
[    0.000000] ACPI: LAPIC_NMI (acpi_id[0x0c] high edge lint[0x1])
[    0.000000] ACPI: LAPIC_NMI (acpi_id[0x0d] high edge lint[0x1])
[    0.000000] ACPI: LAPIC_NMI (acpi_id[0x0e] high edge lint[0x1])
[    0.000000] ACPI: LAPIC_NMI (acpi_id[0x0f] high edge lint[0x1])
[    0.000000] ACPI: LAPIC_NMI (acpi_id[0x10] high edge lint[0x1])
[    0.000000] ACPI: LAPIC_NMI (acpi_id[0x11] high edge lint[0x1])
[    0.000000] ACPI: LAPIC_NMI (acpi_id[0x12] high edge lint[0x1])
[    0.000000] ACPI: LAPIC_NMI (acpi_id[0x13] high edge lint[0x1])
[    0.000000] ACPI: LAPIC_NMI (acpi_id[0x14] high edge lint[0x1])
[    0.000000] ACPI: LAPIC_NMI (acpi_id[0x15] high edge lint[0x1])
[    0.000000] ACPI: LAPIC_NMI (acpi_id[0x16] high edge lint[0x1])
[    0.000000] ACPI: LAPIC_NMI (acpi_id[0x17] high edge lint[0x1])
[    0.000000] ACPI: LAPIC_NMI (acpi_id[0x18] high edge lint[0x1])
[    0.000000] ACPI: LAPIC_NMI (acpi_id[0x19] high edge lint[0x1])
[    0.000000] ACPI: LAPIC_NMI (acpi_id[0x1a] high edge lint[0x1])
[    0.000000] ACPI: LAPIC_NMI (acpi_id[0x1b] high edge lint[0x1])
[    0.000000] ACPI: LAPIC_NMI (acpi_id[0x1c] high edge lint[0x1])
[    0.000000] ACPI: LAPIC_NMI (acpi_id[0x1d] high edge lint[0x1])
[    0.000000] ACPI: LAPIC_NMI (acpi_id[0x1e] high edge lint[0x1])
[    0.000000] ACPI: LAPIC_NMI (acpi_id[0x1f] high edge lint[0x1])
[    0.000000] ACPI: LAPIC_NMI (acpi_id[0x20] high edge lint[0x1])
[    0.000000] ACPI: LAPIC_NMI (acpi_id[0x21] high edge lint[0x1])
[    0.000000] ACPI: LAPIC_NMI (acpi_id[0x22] high edge lint[0x1])
[    0.000000] ACPI: LAPIC_NMI (acpi_id[0x23] high edge lint[0x1])
[    0.000000] ACPI: LAPIC_NMI (acpi_id[0x24] high edge lint[0x1])
[    0.000000] ACPI: LAPIC_NMI (acpi_id[0x25] high edge lint[0x1])
[    0.000000] ACPI: LAPIC_NMI (acpi_id[0x26] high edge lint[0x1])
[    0.000000] ACPI: LAPIC_NMI (acpi_id[0x27] high edge lint[0x1])
[    0.000000] ACPI: LAPIC_NMI (acpi_id[0x28] high edge lint[0x1])
[    0.000000] ACPI: LAPIC_NMI (acpi_id[0x29] high edge lint[0x1])
[    0.000000] ACPI: LAPIC_NMI (acpi_id[0x2a] high edge lint[0x1])
[    0.000000] ACPI: LAPIC_NMI (acpi_id[0x2b] high edge lint[0x1])
[    0.000000] ACPI: LAPIC_NMI (acpi_id[0x2c] high edge lint[0x1])
[    0.000000] ACPI: LAPIC_NMI (acpi_id[0x2d] high edge lint[0x1])
[    0.000000] ACPI: LAPIC_NMI (acpi_id[0x2e] high edge lint[0x1])
[    0.000000] ACPI: LAPIC_NMI (acpi_id[0x2f] high edge lint[0x1])
[    0.000000] ACPI: LAPIC_NMI (acpi_id[0x30] high edge lint[0x1])
[    0.000000] ACPI: LAPIC_NMI (acpi_id[0x31] high edge lint[0x1])
[    0.000000] ACPI: LAPIC_NMI (acpi_id[0x32] high edge lint[0x1])
[    0.000000] ACPI: LAPIC_NMI (acpi_id[0x33] high edge lint[0x1])
[    0.000000] ACPI: LAPIC_NMI (acpi_id[0x34] high edge lint[0x1])
[    0.000000] ACPI: LAPIC_NMI (acpi_id[0x35] high edge lint[0x1])
[    0.000000] ACPI: LAPIC_NMI (acpi_id[0x36] high edge lint[0x1])
[    0.000000] ACPI: LAPIC_NMI (acpi_id[0x37] high edge lint[0x1])
[    0.000000] ACPI: LAPIC_NMI (acpi_id[0x38] high edge lint[0x1])
[    0.000000] ACPI: LAPIC_NMI (acpi_id[0x39] high edge lint[0x1])
[    0.000000] ACPI: LAPIC_NMI (acpi_id[0x3a] high edge lint[0x1])
[    0.000000] ACPI: LAPIC_NMI (acpi_id[0x3b] high edge lint[0x1])
[    0.000000] ACPI: LAPIC_NMI (acpi_id[0x3c] high edge lint[0x1])
[    0.000000] ACPI: LAPIC_NMI (acpi_id[0x3d] high edge lint[0x1])
[    0.000000] ACPI: LAPIC_NMI (acpi_id[0x3e] high edge lint[0x1])
[    0.000000] ACPI: LAPIC_NMI (acpi_id[0x3f] high edge lint[0x1])
[    0.000000] ACPI: Skipping IOAPIC probe due to 'noapic' option.
[    0.000000] Using ACPI for processor (LAPIC) configuration information
[    0.000000] ACPI: HPET id: 0x8086af01 base: 0xfed00000
[    0.000000] Intel MultiProcessor Specification v1.4
[    0.000000]     Virtual Wire compatibility mode.
[    0.000000] MPTABLE: OEM ID: INTEL   
[    0.000000] MPTABLE: Product ID: 440BX       
[    0.000000] MPTABLE: APIC at: 0xFEE00000
[    0.000000] IOAPIC[0]: apic_id 1, version 17, address 0xfec00000, GSI 0-23
[    0.000000] Processors: 1
[    0.000000] SMP: Allowing 1 CPUs, 0 hotplug CPUs
[    0.000000] nr_irqs_gsi: 40
[    0.000000] PM: Registered nosave memory: 000000000009f000 - 00000000000a0000
[    0.000000] PM: Registered nosave memory: 00000000000a0000 - 00000000000ca000
[    0.000000] PM: Registered nosave memory: 00000000000ca000 - 00000000000cc000
[    0.000000] PM: Registered nosave memory: 00000000000cc000 - 00000000000dc000
[    0.000000] PM: Registered nosave memory: 00000000000dc000 - 0000000000100000
[    0.000000] Allocating PCI resources starting at 40000000 (gap: 40000000:a0000000)
[    0.000000] Booting paravirtualized kernel on bare hardware
[    0.000000] setup_percpu: NR_CPUS:8 nr_cpumask_bits:8 nr_cpu_ids:1 nr_node_ids:1
[    0.000000] PERCPU: Embedded 14 pages/cpu @f73e8000 s34240 r0 d23104 u57344
[    0.000000] pcpu-alloc: s34240 r0 d23104 u57344 alloc=14*4096
[    0.000000] pcpu-alloc: [0] 0 
[    0.000000] Built 1 zonelists in Zone order, mobility grouping on.  Total pages: 259950
[    0.000000] Kernel command line: BOOT_IMAGE=/boot/vmlinuz-3.2.0-29-generic-pae root=UUID=007b598c-390d-4c65-84a1-4ff752d48633 ro quiet splash maxcpus=0
[    0.000000] PID hash table entries: 4096 (order: 2, 16384 bytes)
[    0.000000] Dentry cache hash table entries: 131072 (order: 7, 524288 bytes)
[    0.000000] Inode-cache hash table entries: 65536 (order: 6, 262144 bytes)
[    0.000000] Initializing CPU#0
[    0.000000] xsave/xrstor: enabled xstate_bv 0x7, cntxt size 0x340
[    0.000000] allocated 4194048 bytes of page_cgroup
[    0.000000] please try 'cgroup_disable=memory' option if you don't want memory cgroups
[    0.000000] Initializing HighMem for node 0 (00037bfe:00040000)
[    0.000000] Memory: 1010624k/1048576k available (5814k kernel code, 37372k reserved, 2841k data, 740k init, 135048k highmem)
[    0.000000] virtual kernel memory layout:
[    0.000000]     fixmap  : 0xfff16000 - 0xfffff000   ( 932 kB)
[    0.000000]     pkmap   : 0xffc00000 - 0xffe00000   (2048 kB)
[    0.000000]     vmalloc : 0xf83fe000 - 0xffbfe000   ( 120 MB)
[    0.000000]     lowmem  : 0xc0000000 - 0xf7bfe000   ( 891 MB)
[    0.000000]       .init : 0xc1875000 - 0xc192e000   ( 740 kB)
[    0.000000]       .data : 0xc15adb64 - 0xc1874240   (2841 kB)
[    0.000000]       .text : 0xc1000000 - 0xc15adb64   (5814 kB)
[    0.000000] Checking if this processor honours the WP bit even in supervisor mode...Ok.
[    0.000000] SLUB: Genslabs=15, HWalign=64, Order=0-3, MinObjects=0, CPUs=1, Nodes=1
[    0.000000] Hierarchical RCU implementation.
[    0.000000] 	RCU dyntick-idle grace-period acceleration is enabled.
[    0.000000] NR_IRQS:2304 nr_irqs:256 16
[    0.000000] CPU 0 irqstacks, hard=f5c08000 soft=f5c0a000
[    0.000000] Extended CMOS year: 2000
[    0.000000] Console: colour VGA+ 80x25
[    0.000000] console [tty0] enabled
[    0.000000] hpet clockevent registered
[    0.000000] TSC freq read from hypervisor : 2394.620 MHz
[    0.000000] Detected 2394.620 MHz processor.
[    0.000001] Calibrating delay loop (skipped) preset value.. 4789.24 BogoMIPS (lpj=9578480)
[    0.000004] pid_max: default: 32768 minimum: 301
[    0.000018] Security Framework initialized
[    0.000033] AppArmor: AppArmor initialized
[    0.000034] Yama: becoming mindful.
[    0.000069] Mount-cache hash table entries: 512
[    0.000149] Initializing cgroup subsys cpuacct
[    0.000153] Initializing cgroup subsys memory
[    0.000157] Initializing cgroup subsys devices
[    0.000159] Initializing cgroup subsys freezer
[    0.000160] Initializing cgroup subsys blkio
[    0.000165] Initializing cgroup subsys perf_event
[    0.000208] Disabled fast string operations
[    0.000212] CPU: Physical Processor ID: 0
[    0.000221] ENERGY_PERF_BIAS: Set to 'normal', was 'performance'
[    0.000222] ENERGY_PERF_BIAS: View and update with x86_energy_perf_policy(8)
[    0.000880] mce: CPU supports 0 MCE banks
[    0.001608] SMP alternatives: switching to UP code
[    0.021730] Freeing SMP alternatives: 24k freed
[    0.021737] ACPI: Core revision 20110623
[    0.029323] ACPI: setting ELCR to 0200 (from 0e20)
[    0.030830] ftrace: allocating 26545 entries in 52 pages
[    0.053081] SMP mode deactivated.
[    0.053110] SMP disabled
[    0.053112] Performance Events: generic architected perfmon v1, core PMU driver.
[    0.053124] ... version:                1
[    0.053125] ... bit width:              48
[    0.053126] ... generic registers:      4
[    0.053127] ... value mask:             0000ffffffffffff
[    0.053128] ... max period:             000000007fffffff
[    0.053129] ... fixed-purpose events:   0
[    0.053130] ... event mask:             000000000000000f
[    0.053220] NMI watchdog enabled, takes one hw-pmu counter.
[    0.053266] Brought up 1 CPUs
[    0.053267] Total of 1 processors activated (4789.24 BogoMIPS).
[    0.053374] devtmpfs: initialized
[    0.053443] EVM: security.selinux
[    0.053444] EVM: security.SMACK64
[    0.053445] EVM: security.capability
[    0.053470] PM: Registering ACPI NVS region at 3feff000 (4096 bytes)
[    0.054203] print_constraints: dummy: 
[    0.054278] RTC time:  7:11:51, date: 05/27/13
[    0.054306] NET: Registered protocol family 16
[    0.054378] EISA bus registered
[    0.054389] ACPI: bus type pci registered
[    0.054499] PCI: MMCONFIG for domain 0000 [bus 00-ff] at [mem 0xe0000000-0xefffffff] (base 0xe0000000)
[    0.054502] PCI: MMCONFIG at [mem 0xe0000000-0xefffffff] reserved in E820
[    0.054503] PCI: Using MMCONFIG for extended config space
[    0.054504] PCI: Using configuration type 1 for base access
[    0.055183] bio: create slab <bio-0> at 0
[    0.055245] ACPI: Added _OSI(Module Device)
[    0.055247] ACPI: Added _OSI(Processor Device)
[    0.055248] ACPI: Added _OSI(3.0 _SCP Extensions)
[    0.055249] ACPI: Added _OSI(Processor Aggregator Device)
[    0.057252] ACPI: EC: Look up EC in DSDT
[    0.063467] [Firmware Bug]: ACPI: BIOS _OSI(Linux) query ignored
[    0.074403] ACPI: Interpreter enabled
[    0.074414] ACPI: (supports S0 S1 S4 S5)
[    0.074426] ACPI: Using PIC for interrupt routing
[    0.119959] ACPI: No dock devices found.
[    0.119963] HEST: Table not found.
[    0.119969] PCI: Using host bridge windows from ACPI; if necessary, use "pci=nocrs" and report a bug
[    0.120834] ACPI: PCI Root Bridge [PCI0] (domain 0000 [bus 00-ff])
[    0.122313] pci_root PNP0A03:00: host bridge window [mem 0x000a0000-0x000bffff]
[    0.122316] pci_root PNP0A03:00: host bridge window [mem 0x000cc000-0x000cffff]
[    0.122318] pci_root PNP0A03:00: host bridge window [mem 0x000d0000-0x000d3fff]
[    0.122320] pci_root PNP0A03:00: host bridge window [mem 0x000d4000-0x000d7fff]
[    0.122322] pci_root PNP0A03:00: host bridge window [mem 0x000d8000-0x000dbfff]
[    0.122325] pci_root PNP0A03:00: host bridge window [mem 0xc0000000-0xfebfffff]
[    0.122328] pci_root PNP0A03:00: host bridge window [io  0x0000-0x0cf7]
[    0.122330] pci_root PNP0A03:00: host bridge window [io  0x0d00-0xfeff]
[    0.122392] pci 0000:00:00.0: [8086:7190] type 0 class 0x000600
[    0.122934] pci 0000:00:01.0: [8086:7191] type 1 class 0x000604
[    0.123409] pci 0000:00:07.0: [8086:7110] type 0 class 0x000601
[    0.124211] pci 0000:00:07.1: [8086:7111] type 0 class 0x000101
[    0.126274] pci 0000:00:07.1: reg 20: [io  0x10c0-0x10cf]
[    0.127072] pci 0000:00:07.3: [8086:7113] type 0 class 0x000680
[    0.128827] pci 0000:00:07.3: quirk: [io  0x1000-0x103f] claimed by PIIX4 ACPI
[    0.128841] pci 0000:00:07.3: quirk: [io  0x1040-0x104f] claimed by PIIX4 SMB
[    0.129087] pci 0000:00:07.7: [15ad:0740] type 0 class 0x000880
[    0.129596] pci 0000:00:07.7: reg 10: [io  0x1080-0x10bf]
[    0.130201] pci 0000:00:07.7: reg 14: [mem 0xc8000000-0xc8001fff 64bit]
[    0.132332] pci 0000:00:0f.0: [15ad:0405] type 0 class 0x000300
[    0.134393] pci 0000:00:0f.0: reg 10: [io  0x10d0-0x10df]
[    0.136377] pci 0000:00:0f.0: reg 14: [mem 0xd0000000-0xd7ffffff pref]
[    0.138342] pci 0000:00:0f.0: reg 18: [mem 0xc8800000-0xc8ffffff]
[    0.146277] pci 0000:00:0f.0: reg 30: [mem 0x00000000-0x00007fff pref]
[    0.146598] pci 0000:00:10.0: [1000:0030] type 0 class 0x000100
[    0.147162] pci 0000:00:10.0: reg 10: [io  0x1400-0x14ff]
[    0.148126] pci 0000:00:10.0: reg 14: [mem 0xc8040000-0xc805ffff 64bit]
[    0.149187] pci 0000:00:10.0: reg 1c: [mem 0xc8020000-0xc803ffff 64bit]
[    0.150775] pci 0000:00:10.0: reg 30: [mem 0x00000000-0x00003fff pref]
[    0.150963] pci 0000:00:11.0: [15ad:0790] type 1 class 0x000604
[    0.151782] pci 0000:00:15.0: [15ad:07a0] type 1 class 0x000604
[    0.152588] pci 0000:00:15.0: PME# supported from D0 D3hot D3cold
[    0.152613] pci 0000:00:15.0: PME# disabled
[    0.152853] pci 0000:00:15.1: [15ad:07a0] type 1 class 0x000604
[    0.153632] pci 0000:00:15.1: PME# supported from D0 D3hot D3cold
[    0.153656] pci 0000:00:15.1: PME# disabled
[    0.153896] pci 0000:00:15.2: [15ad:07a0] type 1 class 0x000604
[    0.154664] pci 0000:00:15.2: PME# supported from D0 D3hot D3cold
[    0.154688] pci 0000:00:15.2: PME# disabled
[    0.154927] pci 0000:00:15.3: [15ad:07a0] type 1 class 0x000604
[    0.155802] pci 0000:00:15.3: PME# supported from D0 D3hot D3cold
[    0.155836] pci 0000:00:15.3: PME# disabled
[    0.156087] pci 0000:00:15.4: [15ad:07a0] type 1 class 0x000604
[    0.156914] pci 0000:00:15.4: PME# supported from D0 D3hot D3cold
[    0.156938] pci 0000:00:15.4: PME# disabled
[    0.157187] pci 0000:00:15.5: [15ad:07a0] type 1 class 0x000604
[    0.158043] pci 0000:00:15.5: PME# supported from D0 D3hot D3cold
[    0.158070] pci 0000:00:15.5: PME# disabled
[    0.158341] pci 0000:00:15.6: [15ad:07a0] type 1 class 0x000604
[    0.159243] pci 0000:00:15.6: PME# supported from D0 D3hot D3cold
[    0.159269] pci 0000:00:15.6: PME# disabled
[    0.159563] pci 0000:00:15.7: [15ad:07a0] type 1 class 0x000604
[    0.160489] pci 0000:00:15.7: PME# supported from D0 D3hot D3cold
[    0.160518] pci 0000:00:15.7: PME# disabled
[    0.160806] pci 0000:00:16.0: [15ad:07a0] type 1 class 0x000604
[    0.161715] pci 0000:00:16.0: PME# supported from D0 D3hot D3cold
[    0.161743] pci 0000:00:16.0: PME# disabled
[    0.162013] pci 0000:00:16.1: [15ad:07a0] type 1 class 0x000604
[    0.162997] pci 0000:00:16.1: PME# supported from D0 D3hot D3cold
[    0.163024] pci 0000:00:16.1: PME# disabled
[    0.163294] pci 0000:00:16.2: [15ad:07a0] type 1 class 0x000604
[    0.164114] pci 0000:00:16.2: PME# supported from D0 D3hot D3cold
[    0.164137] pci 0000:00:16.2: PME# disabled
[    0.164376] pci 0000:00:16.3: [15ad:07a0] type 1 class 0x000604
[    0.165174] pci 0000:00:16.3: PME# supported from D0 D3hot D3cold
[    0.165198] pci 0000:00:16.3: PME# disabled
[    0.165446] pci 0000:00:16.4: [15ad:07a0] type 1 class 0x000604
[    0.166210] pci 0000:00:16.4: PME# supported from D0 D3hot D3cold
[    0.166234] pci 0000:00:16.4: PME# disabled
[    0.166482] pci 0000:00:16.5: [15ad:07a0] type 1 class 0x000604
[    0.167245] pci 0000:00:16.5: PME# supported from D0 D3hot D3cold
[    0.167269] pci 0000:00:16.5: PME# disabled
[    0.167522] pci 0000:00:16.6: [15ad:07a0] type 1 class 0x000604
[    0.168308] pci 0000:00:16.6: PME# supported from D0 D3hot D3cold
[    0.168333] pci 0000:00:16.6: PME# disabled
[    0.168577] pci 0000:00:16.7: [15ad:07a0] type 1 class 0x000604
[    0.169341] pci 0000:00:16.7: PME# supported from D0 D3hot D3cold
[    0.169366] pci 0000:00:16.7: PME# disabled
[    0.169617] pci 0000:00:17.0: [15ad:07a0] type 1 class 0x000604
[    0.170385] pci 0000:00:17.0: PME# supported from D0 D3hot D3cold
[    0.170417] pci 0000:00:17.0: PME# disabled
[    0.170655] pci 0000:00:17.1: [15ad:07a0] type 1 class 0x000604
[    0.171431] pci 0000:00:17.1: PME# supported from D0 D3hot D3cold
[    0.171455] pci 0000:00:17.1: PME# disabled
[    0.171694] pci 0000:00:17.2: [15ad:07a0] type 1 class 0x000604
[    0.172488] pci 0000:00:17.2: PME# supported from D0 D3hot D3cold
[    0.172513] pci 0000:00:17.2: PME# disabled
[    0.172752] pci 0000:00:17.3: [15ad:07a0] type 1 class 0x000604
[    0.173530] pci 0000:00:17.3: PME# supported from D0 D3hot D3cold
[    0.173556] pci 0000:00:17.3: PME# disabled
[    0.173796] pci 0000:00:17.4: [15ad:07a0] type 1 class 0x000604
[    0.174582] pci 0000:00:17.4: PME# supported from D0 D3hot D3cold
[    0.174605] pci 0000:00:17.4: PME# disabled
[    0.174855] pci 0000:00:17.5: [15ad:07a0] type 1 class 0x000604
[    0.175628] pci 0000:00:17.5: PME# supported from D0 D3hot D3cold
[    0.175652] pci 0000:00:17.5: PME# disabled
[    0.175911] pci 0000:00:17.6: [15ad:07a0] type 1 class 0x000604
[    0.176753] pci 0000:00:17.6: PME# supported from D0 D3hot D3cold
[    0.176777] pci 0000:00:17.6: PME# disabled
[    0.177017] pci 0000:00:17.7: [15ad:07a0] type 1 class 0x000604
[    0.177793] pci 0000:00:17.7: PME# supported from D0 D3hot D3cold
[    0.177816] pci 0000:00:17.7: PME# disabled
[    0.178056] pci 0000:00:18.0: [15ad:07a0] type 1 class 0x000604
[    0.178845] pci 0000:00:18.0: PME# supported from D0 D3hot D3cold
[    0.178869] pci 0000:00:18.0: PME# disabled
[    0.179108] pci 0000:00:18.1: [15ad:07a0] type 1 class 0x000604
[    0.179907] pci 0000:00:18.1: PME# supported from D0 D3hot D3cold
[    0.179932] pci 0000:00:18.1: PME# disabled
[    0.180173] pci 0000:00:18.2: [15ad:07a0] type 1 class 0x000604
[    0.180952] pci 0000:00:18.2: PME# supported from D0 D3hot D3cold
[    0.180976] pci 0000:00:18.2: PME# disabled
[    0.181216] pci 0000:00:18.3: [15ad:07a0] type 1 class 0x000604
[    0.181991] pci 0000:00:18.3: PME# supported from D0 D3hot D3cold
[    0.182015] pci 0000:00:18.3: PME# disabled
[    0.182253] pci 0000:00:18.4: [15ad:07a0] type 1 class 0x000604
[    0.183026] pci 0000:00:18.4: PME# supported from D0 D3hot D3cold
[    0.183050] pci 0000:00:18.4: PME# disabled
[    0.183299] pci 0000:00:18.5: [15ad:07a0] type 1 class 0x000604
[    0.184344] pci 0000:00:18.5: PME# supported from D0 D3hot D3cold
[    0.184374] pci 0000:00:18.5: PME# disabled
[    0.184684] pci 0000:00:18.6: [15ad:07a0] type 1 class 0x000604
[    0.185494] pci 0000:00:18.6: PME# supported from D0 D3hot D3cold
[    0.185518] pci 0000:00:18.6: PME# disabled
[    0.185759] pci 0000:00:18.7: [15ad:07a0] type 1 class 0x000604
[    0.186524] pci 0000:00:18.7: PME# supported from D0 D3hot D3cold
[    0.186547] pci 0000:00:18.7: PME# disabled
[    0.187151] pci 0000:00:01.0: PCI bridge to [bus 01-01]
[    0.187492] pci 0000:02:00.0: [15ad:0774] type 0 class 0x000c03
[    0.188839] pci 0000:02:00.0: reg 20: [io  0x20c0-0x20df]
[    0.189485] pci 0000:02:01.0: [1022:2000] type 0 class 0x000200
[    0.189772] pci 0000:02:01.0: reg 10: [io  0x2000-0x207f]
[    0.191303] pci 0000:02:01.0: reg 30: [mem 0x00000000-0x0000ffff pref]
[    0.191452] pci 0000:02:02.0: [1274:1371] type 0 class 0x000401
[    0.191800] pci 0000:02:02.0: reg 10: [io  0x2080-0x20bf]
[    0.193738] pci 0000:02:03.0: [15ad:0770] type 0 class 0x000c03
[    0.194017] pci 0000:02:03.0: reg 10: [mem 0xc9000000-0xc9000fff]
[    0.195778] pci 0000:00:11.0: PCI bridge to [bus 02-02] (subtractive decode)
[    0.195802] pci 0000:00:11.0:   bridge window [io  0x2000-0x3fff]
[    0.195825] pci 0000:00:11.0:   bridge window [mem 0xc9000000-0xca3fffff]
[    0.195869] pci 0000:00:11.0:   bridge window [mem 0xd8400000-0xd89fffff 64bit pref]
[    0.195872] pci 0000:00:11.0:   bridge window [mem 0x000a0000-0x000bffff] (subtractive decode)
[    0.195873] pci 0000:00:11.0:   bridge window [mem 0x000cc000-0x000cffff] (subtractive decode)
[    0.195875] pci 0000:00:11.0:   bridge window [mem 0x000d0000-0x000d3fff] (subtractive decode)
[    0.195877] pci 0000:00:11.0:   bridge window [mem 0x000d4000-0x000d7fff] (subtractive decode)
[    0.195878] pci 0000:00:11.0:   bridge window [mem 0x000d8000-0x000dbfff] (subtractive decode)
[    0.195880] pci 0000:00:11.0:   bridge window [mem 0xc0000000-0xfebfffff] (subtractive decode)
[    0.195881] pci 0000:00:11.0:   bridge window [io  0x0000-0x0cf7] (subtractive decode)
[    0.195883] pci 0000:00:11.0:   bridge window [io  0x0d00-0xfeff] (subtractive decode)
[    0.196354] pci 0000:00:15.0: PCI bridge to [bus 03-03]
[    0.196378] pci 0000:00:15.0:   bridge window [io  0x4000-0x4fff]
[    0.196401] pci 0000:00:15.0:   bridge window [mem 0xca400000-0xca4fffff]
[    0.196445] pci 0000:00:15.0:   bridge window [mem 0xd8a00000-0xd8afffff 64bit pref]
[    0.196910] pci 0000:00:15.1: PCI bridge to [bus 04-04]
[    0.196932] pci 0000:00:15.1:   bridge window [io  0x8000-0x8fff]
[    0.196956] pci 0000:00:15.1:   bridge window [mem 0xca800000-0xca8fffff]
[    0.196999] pci 0000:00:15.1:   bridge window [mem 0xd8e00000-0xd8efffff 64bit pref]
[    0.197478] pci 0000:00:15.2: PCI bridge to [bus 05-05]
[    0.197501] pci 0000:00:15.2:   bridge window [io  0xc000-0xcfff]
[    0.197524] pci 0000:00:15.2:   bridge window [mem 0xcac00000-0xcacfffff]
[    0.197568] pci 0000:00:15.2:   bridge window [mem 0xd9200000-0xd92fffff 64bit pref]
[    0.198036] pci 0000:00:15.3: PCI bridge to [bus 06-06]
[    0.198079] pci 0000:00:15.3:   bridge window [mem 0xcb000000-0xcb0fffff]
[    0.198123] pci 0000:00:15.3:   bridge window [mem 0xd9600000-0xd96fffff 64bit pref]
[    0.198587] pci 0000:00:15.4: PCI bridge to [bus 07-07]
[    0.198630] pci 0000:00:15.4:   bridge window [mem 0xcb400000-0xcb4fffff]
[    0.198674] pci 0000:00:15.4:   bridge window [mem 0xd9a00000-0xd9afffff 64bit pref]
[    0.199137] pci 0000:00:15.5: PCI bridge to [bus 08-08]
[    0.199180] pci 0000:00:15.5:   bridge window [mem 0xcb800000-0xcb8fffff]
[    0.199224] pci 0000:00:15.5:   bridge window [mem 0xd9e00000-0xd9efffff 64bit pref]
[    0.199704] pci 0000:00:15.6: PCI bridge to [bus 09-09]
[    0.199748] pci 0000:00:15.6:   bridge window [mem 0xcbc00000-0xcbcfffff]
[    0.199792] pci 0000:00:15.6:   bridge window [mem 0xda200000-0xda2fffff 64bit pref]
[    0.200255] pci 0000:00:15.7: PCI bridge to [bus 0a-0a]
[    0.200299] pci 0000:00:15.7:   bridge window [mem 0xcc000000-0xcc0fffff]
[    0.200342] pci 0000:00:15.7:   bridge window [mem 0xda600000-0xda6fffff 64bit pref]
[    0.200807] pci 0000:00:16.0: PCI bridge to [bus 0b-0b]
[    0.200829] pci 0000:00:16.0:   bridge window [io  0x5000-0x5fff]
[    0.200853] pci 0000:00:16.0:   bridge window [mem 0xca500000-0xca5fffff]
[    0.200896] pci 0000:00:16.0:   bridge window [mem 0xd8b00000-0xd8bfffff 64bit pref]
[    0.201360] pci 0000:00:16.1: PCI bridge to [bus 0c-0c]
[    0.201382] pci 0000:00:16.1:   bridge window [io  0x9000-0x9fff]
[    0.201406] pci 0000:00:16.1:   bridge window [mem 0xca900000-0xca9fffff]
[    0.201449] pci 0000:00:16.1:   bridge window [mem 0xd8f00000-0xd8ffffff 64bit pref]
[    0.201910] pci 0000:00:16.2: PCI bridge to [bus 0d-0d]
[    0.201933] pci 0000:00:16.2:   bridge window [io  0xd000-0xdfff]
[    0.201956] pci 0000:00:16.2:   bridge window [mem 0xcad00000-0xcadfffff]
[    0.202000] pci 0000:00:16.2:   bridge window [mem 0xd9300000-0xd93fffff 64bit pref]
[    0.202477] pci 0000:00:16.3: PCI bridge to [bus 0e-0e]
[    0.202520] pci 0000:00:16.3:   bridge window [mem 0xcb100000-0xcb1fffff]
[    0.202563] pci 0000:00:16.3:   bridge window [mem 0xd9700000-0xd97fffff 64bit pref]
[    0.203025] pci 0000:00:16.4: PCI bridge to [bus 0f-0f]
[    0.203069] pci 0000:00:16.4:   bridge window [mem 0xcb500000-0xcb5fffff]
[    0.203113] pci 0000:00:16.4:   bridge window [mem 0xd9b00000-0xd9bfffff 64bit pref]
[    0.203639] pci 0000:00:16.5: PCI bridge to [bus 10-10]
[    0.203707] pci 0000:00:16.5:   bridge window [mem 0xcb900000-0xcb9fffff]
[    0.203757] pci 0000:00:16.5:   bridge window [mem 0xd9f00000-0xd9ffffff 64bit pref]
[    0.204288] pci 0000:00:16.6: PCI bridge to [bus 11-11]
[    0.204338] pci 0000:00:16.6:   bridge window [mem 0xcbd00000-0xcbdfffff]
[    0.204400] pci 0000:00:16.6:   bridge window [mem 0xda300000-0xda3fffff 64bit pref]
[    0.204932] pci 0000:00:16.7: PCI bridge to [bus 12-12]
[    0.204982] pci 0000:00:16.7:   bridge window [mem 0xcc100000-0xcc1fffff]
[    0.205032] pci 0000:00:16.7:   bridge window [mem 0xda700000-0xda7fffff 64bit pref]
[    0.205588] pci 0000:00:17.0: PCI bridge to [bus 13-13]
[    0.205614] pci 0000:00:17.0:   bridge window [io  0x6000-0x6fff]
[    0.205640] pci 0000:00:17.0:   bridge window [mem 0xca600000-0xca6fffff]
[    0.205691] pci 0000:00:17.0:   bridge window [mem 0xd8c00000-0xd8cfffff 64bit pref]
[    0.206216] pci 0000:00:17.1: PCI bridge to [bus 14-14]
[    0.206241] pci 0000:00:17.1:   bridge window [io  0xa000-0xafff]
[    0.206268] pci 0000:00:17.1:   bridge window [mem 0xcaa00000-0xcaafffff]
[    0.206318] pci 0000:00:17.1:   bridge window [mem 0xd9000000-0xd90fffff 64bit pref]
[    0.206886] pci 0000:00:17.2: PCI bridge to [bus 15-15]
[    0.206912] pci 0000:00:17.2:   bridge window [io  0xe000-0xefff]
[    0.206938] pci 0000:00:17.2:   bridge window [mem 0xcae00000-0xcaefffff]
[    0.206988] pci 0000:00:17.2:   bridge window [mem 0xd9400000-0xd94fffff 64bit pref]
[    0.207556] pci 0000:00:17.3: PCI bridge to [bus 16-16]
[    0.207607] pci 0000:00:17.3:   bridge window [mem 0xcb200000-0xcb2fffff]
[    0.207674] pci 0000:00:17.3:   bridge window [mem 0xd9800000-0xd98fffff 64bit pref]
[    0.208201] pci 0000:00:17.4: PCI bridge to [bus 17-17]
[    0.208251] pci 0000:00:17.4:   bridge window [mem 0xcb600000-0xcb6fffff]
[    0.208300] pci 0000:00:17.4:   bridge window [mem 0xd9c00000-0xd9cfffff 64bit pref]
[    0.208877] pci 0000:00:17.5: PCI bridge to [bus 18-18]
[    0.208927] pci 0000:00:17.5:   bridge window [mem 0xcba00000-0xcbafffff]
[    0.208977] pci 0000:00:17.5:   bridge window [mem 0xda000000-0xda0fffff 64bit pref]
[    0.209534] pci 0000:00:17.6: PCI bridge to [bus 19-19]
[    0.209584] pci 0000:00:17.6:   bridge window [mem 0xcbe00000-0xcbefffff]
[    0.209634] pci 0000:00:17.6:   bridge window [mem 0xda400000-0xda4fffff 64bit pref]
[    0.210160] pci 0000:00:17.7: PCI bridge to [bus 1a-1a]
[    0.210209] pci 0000:00:17.7:   bridge window [mem 0xcc200000-0xcc2fffff]
[    0.210259] pci 0000:00:17.7:   bridge window [mem 0xda800000-0xda8fffff 64bit pref]
[    0.210792] pci 0000:00:18.0: PCI bridge to [bus 1b-1b]
[    0.210815] pci 0000:00:18.0:   bridge window [io  0x7000-0x7fff]
[    0.210838] pci 0000:00:18.0:   bridge window [mem 0xca700000-0xca7fffff]
[    0.210882] pci 0000:00:18.0:   bridge window [mem 0xd8d00000-0xd8dfffff 64bit pref]
[    0.211363] pci 0000:00:18.1: PCI bridge to [bus 1c-1c]
[    0.211385] pci 0000:00:18.1:   bridge window [io  0xb000-0xbfff]
[    0.211409] pci 0000:00:18.1:   bridge window [mem 0xcab00000-0xcabfffff]
[    0.211452] pci 0000:00:18.1:   bridge window [mem 0xd9100000-0xd91fffff 64bit pref]
[    0.211934] pci 0000:00:18.2: PCI bridge to [bus 1d-1d]
[    0.211957] pci 0000:00:18.2:   bridge window [io  0xf000-0xffff]
[    0.211980] pci 0000:00:18.2:   bridge window [mem 0xcaf00000-0xcaffffff]
[    0.212023] pci 0000:00:18.2:   bridge window [mem 0xd9500000-0xd95fffff 64bit pref]
[    0.212506] pci 0000:00:18.3: PCI bridge to [bus 1e-1e]
[    0.212549] pci 0000:00:18.3:   bridge window [mem 0xcb300000-0xcb3fffff]
[    0.212593] pci 0000:00:18.3:   bridge window [mem 0xd9900000-0xd99fffff 64bit pref]
[    0.213055] pci 0000:00:18.4: PCI bridge to [bus 1f-1f]
[    0.213098] pci 0000:00:18.4:   bridge window [mem 0xcb700000-0xcb7fffff]
[    0.213142] pci 0000:00:18.4:   bridge window [mem 0xd9d00000-0xd9dfffff 64bit pref]
[    0.213620] pci 0000:00:18.5: PCI bridge to [bus 20-20]
[    0.213663] pci 0000:00:18.5:   bridge window [mem 0xcbb00000-0xcbbfffff]
[    0.213707] pci 0000:00:18.5:   bridge window [mem 0xda100000-0xda1fffff 64bit pref]
[    0.214171] pci 0000:00:18.6: PCI bridge to [bus 21-21]
[    0.214215] pci 0000:00:18.6:   bridge window [mem 0xcbf00000-0xcbffffff]
[    0.214258] pci 0000:00:18.6:   bridge window [mem 0xda500000-0xda5fffff 64bit pref]
[    0.214733] pci 0000:00:18.7: PCI bridge to [bus 22-22]
[    0.214777] pci 0000:00:18.7:   bridge window [mem 0xcc300000-0xcc3fffff]
[    0.214821] pci 0000:00:18.7:   bridge window [mem 0xda900000-0xda9fffff 64bit pref]
[    0.216557] pci_bus 0000:00: on NUMA node 0
[    0.216563] ACPI: PCI Interrupt Routing Table [\_SB_.PCI0._PRT]
[    0.217157]  pci0000:00: Requesting ACPI _OSC control (0x1d)
[    0.217382]  pci0000:00: ACPI _OSC control (0x15) granted
[    0.298698] ACPI: PCI Interrupt Link [LNKA] (IRQs 3 4 5 6 7 *9 10 11 14 15)
[    0.298770] ACPI: PCI Interrupt Link [LNKB] (IRQs 3 4 5 6 7 9 10 *11 14 15)
[    0.298837] ACPI: PCI Interrupt Link [LNKC] (IRQs 3 4 5 6 7 9 *10 11 14 15)
[    0.298903] ACPI: PCI Interrupt Link [LNKD] (IRQs 3 4 *5 6 7 9 10 11 14 15)
[    0.299039] vgaarb: device added: PCI:0000:00:0f.0,decodes=io+mem,owns=io+mem,locks=none
[    0.299048] vgaarb: loaded
[    0.299049] vgaarb: bridge control possible 0000:00:0f.0
[    0.299126] i2c-core: driver [aat2870] using legacy suspend method
[    0.299127] i2c-core: driver [aat2870] using legacy resume method
[    0.299188] SCSI subsystem initialized
[    0.299246] libata version 3.00 loaded.
[    0.299276] usbcore: registered new interface driver usbfs
[    0.299286] usbcore: registered new interface driver hub
[    0.299310] usbcore: registered new device driver usb
[    0.299372] PCI: Using ACPI for IRQ routing
[    0.376630] PCI: pci_cache_line_size set to 64 bytes
[    0.376657] pci 0000:00:18.2: no compatible bridge window for [io  0xf000-0xffff]
[    0.377922] reserve RAM buffer: 000000000009f000 - 000000000009ffff 
[    0.377926] reserve RAM buffer: 000000003fee0000 - 000000003fffffff 
[    0.378059] NetLabel: Initializing
[    0.378061] NetLabel:  domain hash size = 128
[    0.378062] NetLabel:  protocols = UNLABELED CIPSOv4
[    0.378073] NetLabel:  unlabeled traffic allowed by default
[    0.378165] hpet0: at MMIO 0xfed00000, IRQs 2, 8, 0, 0, 0, 0, 0, 0, 0, 0, 0, 0, 0, 0, 0, 0
[    0.378176] hpet0: 16 comparators, 64-bit 14.318180 MHz counter
[    0.381219] Switching to clocksource hpet
[    0.389224] AppArmor: AppArmor Filesystem Enabled
[    0.389247] pnp: PnP ACPI init
[    0.389268] ACPI: bus type pnp registered
[    0.390118] pnp 00:00: [bus 00-ff]
[    0.390120] pnp 00:00: [mem 0x000a0000-0x000bffff window]
[    0.390123] pnp 00:00: [mem 0x000c0000-0x000c3fff window]
[    0.390125] pnp 00:00: [mem 0x000c4000-0x000c7fff window]
[    0.390127] pnp 00:00: [mem 0x000c8000-0x000cbfff window]
[    0.390129] pnp 00:00: [mem 0x000cc000-0x000cffff window]
[    0.390131] pnp 00:00: [mem 0x000d0000-0x000d3fff window]
[    0.390133] pnp 00:00: [mem 0x000d4000-0x000d7fff window]
[    0.390135] pnp 00:00: [mem 0x000d8000-0x000dbfff window]
[    0.390137] pnp 00:00: [mem 0x000dc000-0x000dffff window]
[    0.390139] pnp 00:00: [mem 0x000e0000-0x000e3fff window]
[    0.390141] pnp 00:00: [mem 0x000e4000-0x000e7fff window]
[    0.390143] pnp 00:00: [mem 0x000e8000-0x000ebfff window]
[    0.390145] pnp 00:00: [mem 0x000ec000-0x000effff window]
[    0.390147] pnp 00:00: [mem 0xc0000000-0xfebfffff window]
[    0.390149] pnp 00:00: [io  0x0cf8-0x0cff]
[    0.390151] pnp 00:00: [io  0x0000-0x0cf7 window]
[    0.390153] pnp 00:00: [io  0x0d00-0xfeff window]
[    0.390201] pnp 00:00: Plug and Play ACPI device, IDs PNP0a03 PNP0a08 (active)
[    0.390280] pnp 00:01: [io  0x0010-0x001f]
[    0.390283] pnp 00:01: [io  0x0024-0x0025]
[    0.390285] pnp 00:01: [io  0x0028-0x0029]
[    0.390287] pnp 00:01: [io  0x002c-0x002d]
[    0.390289] pnp 00:01: [io  0x002e-0x002f]
[    0.390291] pnp 00:01: [io  0x0030-0x0031]
[    0.390293] pnp 00:01: [io  0x0034-0x0035]
[    0.390295] pnp 00:01: [io  0x0038-0x0039]
[    0.390297] pnp 00:01: [io  0x003c-0x003d]
[    0.390299] pnp 00:01: [io  0x0050-0x0053]
[    0.390301] pnp 00:01: [io  0x0072-0x0077]
[    0.390303] pnp 00:01: [io  0x0080]
[    0.390305] pnp 00:01: [io  0x0090-0x009f]
[    0.390307] pnp 00:01: [io  0x00a4-0x00a5]
[    0.390309] pnp 00:01: [io  0x00a8-0x00a9]
[    0.390311] pnp 00:01: [io  0x00ac-0x00ad]
[    0.390313] pnp 00:01: [io  0x00b0-0x00b5]
[    0.390315] pnp 00:01: [io  0x00b8-0x00b9]
[    0.390317] pnp 00:01: [io  0x00bc-0x00bd]
[    0.390319] pnp 00:01: [io  0x1000-0x103f]
[    0.390321] pnp 00:01: [io  0x1040-0x104f]
[    0.390323] pnp 00:01: [io  0x0cf0-0x0cf1]
[    0.390406] system 00:01: [io  0x1000-0x103f] has been reserved
[    0.390411] system 00:01: [io  0x1040-0x104f] has been reserved
[    0.390414] system 00:01: [io  0x0cf0-0x0cf1] has been reserved
[    0.390418] system 00:01: Plug and Play ACPI device, IDs PNP0c02 (active)
[    0.390428] pnp 00:02: [io  0x0000-0x000f]
[    0.390430] pnp 00:02: [io  0x0081-0x008f]
[    0.390432] pnp 00:02: [io  0x00c0-0x00df]
[    0.390435] pnp 00:02: [dma 4]
[    0.390459] pnp 00:02: Plug and Play ACPI device, IDs PNP0200 (active)
[    0.390468] pnp 00:03: [io  0x0020-0x0021]
[    0.390470] pnp 00:03: [io  0x00a0-0x00a1]
[    0.390472] pnp 00:03: [io  0x04d0-0x04d1]
[    0.390474] pnp 00:03: [irq 2 disabled]
[    0.390498] pnp 00:03: Plug and Play ACPI device, IDs PNP0001 (active)
[    0.390509] pnp 00:04: [io  0x0070-0x0071]
[    0.390512] pnp 00:04: [irq 8]
[    0.390533] pnp 00:04: Plug and Play ACPI device, IDs PNP0b00 (active)
[    0.390541] pnp 00:05: [io  0x0061]
[    0.390562] pnp 00:05: Plug and Play ACPI device, IDs PNP0800 (active)
[    0.390570] pnp 00:06: [io  0x0060]
[    0.390572] pnp 00:06: [io  0x0064]
[    0.390574] pnp 00:06: [irq 1]
[    0.390598] pnp 00:06: Plug and Play ACPI device, IDs PNP0303 (active)
[    0.390606] pnp 00:07: [irq 12]
[    0.390627] pnp 00:07: Plug and Play ACPI device, IDs PNP0f13 (active)
[    0.390827] pnp 00:08: [mem 0xfed00000-0xfed003ff]
[    0.390878] system 00:08: [mem 0xfed00000-0xfed003ff] has been reserved
[    0.390881] system 00:08: Plug and Play ACPI device, IDs PNP0103 PNP0c01 (active)
[    0.397011] pnp 00:09: [io  0x0378-0x037f]
[    0.397015] pnp 00:09: [irq 7]
[    0.398683] pnp 00:09: Plug and Play ACPI device, IDs PNP0400 (active)
[    0.402801] pnp 00:0a: [io  0x03f8-0x03ff]
[    0.402804] pnp 00:0a: [irq 4]
[    0.403967] pnp 00:0a: Plug and Play ACPI device, IDs PNP0501 (active)
[    0.407463] pnp 00:0b: [io  0x02f8-0x02ff]
[    0.407466] pnp 00:0b: [irq 3]
[    0.408643] pnp 00:0b: Plug and Play ACPI device, IDs PNP0501 (active)
[    0.413949] pnp 00:0c: [io  0x03f0-0x03f5]
[    0.413951] pnp 00:0c: [io  0x03f7]
[    0.413953] pnp 00:0c: [irq 6]
[    0.413954] pnp 00:0c: [dma 2]
[    0.415041] pnp 00:0c: Plug and Play ACPI device, IDs PNP0700 (active)
[    0.415227] pnp 00:0d: [mem 0xe0000000-0xefffffff]
[    0.415228] pnp 00:0d: [io  0x1060-0x107f]
[    0.415230] pnp 00:0d: [mem 0xc8200000-0xc83fffff]
[    0.415276] system 00:0d: [io  0x1060-0x107f] has been reserved
[    0.415279] system 00:0d: [mem 0xe0000000-0xefffffff] has been reserved
[    0.415281] system 00:0d: [mem 0xc8200000-0xc83fffff] has been reserved
[    0.415283] system 00:0d: Plug and Play ACPI device, IDs PNP0c02 (active)
[    0.420248] pnp: PnP ACPI: found 14 devices
[    0.420250] ACPI: ACPI bus type pnp unregistered
[    0.420254] PnPBIOS: Disabled by ACPI PNP
[    0.455951] PCI: max bus depth: 1 pci_try_num: 2
[    0.457225] pci 0000:00:0f.0: BAR 6: assigned [mem 0xc0000000-0xc0007fff pref]
[    0.457232] pci 0000:00:10.0: BAR 6: assigned [mem 0xc0008000-0xc000bfff pref]
[    0.457238] pci 0000:00:18.7: BAR 13: can't assign io (size 0x1000)
[    0.457242] pci 0000:00:18.6: BAR 13: can't assign io (size 0x1000)
[    0.457247] pci 0000:00:18.5: BAR 13: can't assign io (size 0x1000)
[    0.457251] pci 0000:00:18.4: BAR 13: can't assign io (size 0x1000)
[    0.457255] pci 0000:00:18.3: BAR 13: can't assign io (size 0x1000)
[    0.457259] pci 0000:00:18.2: BAR 13: can't assign io (size 0x1000)
[    0.457263] pci 0000:00:17.7: BAR 13: can't assign io (size 0x1000)
[    0.457267] pci 0000:00:17.6: BAR 13: can't assign io (size 0x1000)
[    0.457271] pci 0000:00:17.5: BAR 13: can't assign io (size 0x1000)
[    0.457275] pci 0000:00:17.4: BAR 13: can't assign io (size 0x1000)
[    0.457279] pci 0000:00:17.3: BAR 13: can't assign io (size 0x1000)
[    0.457284] pci 0000:00:16.7: BAR 13: can't assign io (size 0x1000)
[    0.457288] pci 0000:00:16.6: BAR 13: can't assign io (size 0x1000)
[    0.457292] pci 0000:00:16.5: BAR 13: can't assign io (size 0x1000)
[    0.457296] pci 0000:00:16.4: BAR 13: can't assign io (size 0x1000)
[    0.457301] pci 0000:00:16.3: BAR 13: can't assign io (size 0x1000)
[    0.457305] pci 0000:00:15.7: BAR 13: can't assign io (size 0x1000)
[    0.457309] pci 0000:00:15.6: BAR 13: can't assign io (size 0x1000)
[    0.457313] pci 0000:00:15.5: BAR 13: can't assign io (size 0x1000)
[    0.457317] pci 0000:00:15.4: BAR 13: can't assign io (size 0x1000)
[    0.457321] pci 0000:00:15.3: BAR 13: can't assign io (size 0x1000)
[    0.457325] pci 0000:00:01.0: PCI bridge to [bus 01-01]
[    0.457374] pci 0000:02:01.0: BAR 6: assigned [mem 0xd8400000-0xd840ffff pref]
[    0.457377] pci 0000:00:11.0: PCI bridge to [bus 02-02]
[    0.457394] pci 0000:00:11.0:   bridge window [io  0x2000-0x3fff]
[    0.457436] pci 0000:00:11.0:   bridge window [mem 0xc9000000-0xca3fffff]
[    0.457465] pci 0000:00:11.0:   bridge window [mem 0xd8400000-0xd89fffff 64bit pref]
[    0.457514] pci 0000:00:15.0: PCI bridge to [bus 03-03]
[    0.457530] pci 0000:00:15.0:   bridge window [io  0x4000-0x4fff]
[    0.457573] pci 0000:00:15.0:   bridge window [mem 0xca400000-0xca4fffff]
[    0.457601] pci 0000:00:15.0:   bridge window [mem 0xd8a00000-0xd8afffff 64bit pref]
[    0.457650] pci 0000:00:15.1: PCI bridge to [bus 04-04]
[    0.457667] pci 0000:00:15.1:   bridge window [io  0x8000-0x8fff]
[    0.457708] pci 0000:00:15.1:   bridge window [mem 0xca800000-0xca8fffff]
[    0.457737] pci 0000:00:15.1:   bridge window [mem 0xd8e00000-0xd8efffff 64bit pref]
[    0.457785] pci 0000:00:15.2: PCI bridge to [bus 05-05]
[    0.457802] pci 0000:00:15.2:   bridge window [io  0xc000-0xcfff]
[    0.457844] pci 0000:00:15.2:   bridge window [mem 0xcac00000-0xcacfffff]
[    0.457874] pci 0000:00:15.2:   bridge window [mem 0xd9200000-0xd92fffff 64bit pref]
[    0.457922] pci 0000:00:15.3: PCI bridge to [bus 06-06]
[    0.457965] pci 0000:00:15.3:   bridge window [mem 0xcb000000-0xcb0fffff]
[    0.457993] pci 0000:00:15.3:   bridge window [mem 0xd9600000-0xd96fffff 64bit pref]
[    0.458042] pci 0000:00:15.4: PCI bridge to [bus 07-07]
[    0.458084] pci 0000:00:15.4:   bridge window [mem 0xcb400000-0xcb4fffff]
[    0.458113] pci 0000:00:15.4:   bridge window [mem 0xd9a00000-0xd9afffff 64bit pref]
[    0.458161] pci 0000:00:15.5: PCI bridge to [bus 08-08]
[    0.458204] pci 0000:00:15.5:   bridge window [mem 0xcb800000-0xcb8fffff]
[    0.458233] pci 0000:00:15.5:   bridge window [mem 0xd9e00000-0xd9efffff 64bit pref]
[    0.458281] pci 0000:00:15.6: PCI bridge to [bus 09-09]
[    0.458323] pci 0000:00:15.6:   bridge window [mem 0xcbc00000-0xcbcfffff]
[    0.458352] pci 0000:00:15.6:   bridge window [mem 0xda200000-0xda2fffff 64bit pref]
[    0.458400] pci 0000:00:15.7: PCI bridge to [bus 0a-0a]
[    0.458442] pci 0000:00:15.7:   bridge window [mem 0xcc000000-0xcc0fffff]
[    0.458471] pci 0000:00:15.7:   bridge window [mem 0xda600000-0xda6fffff 64bit pref]
[    0.458519] pci 0000:00:16.0: PCI bridge to [bus 0b-0b]
[    0.458536] pci 0000:00:16.0:   bridge window [io  0x5000-0x5fff]
[    0.458578] pci 0000:00:16.0:   bridge window [mem 0xca500000-0xca5fffff]
[    0.458607] pci 0000:00:16.0:   bridge window [mem 0xd8b00000-0xd8bfffff 64bit pref]
[    0.458656] pci 0000:00:16.1: PCI bridge to [bus 0c-0c]
[    0.458673] pci 0000:00:16.1:   bridge window [io  0x9000-0x9fff]
[    0.458714] pci 0000:00:16.1:   bridge window [mem 0xca900000-0xca9fffff]
[    0.458743] pci 0000:00:16.1:   bridge window [mem 0xd8f00000-0xd8ffffff 64bit pref]
[    0.458792] pci 0000:00:16.2: PCI bridge to [bus 0d-0d]
[    0.458809] pci 0000:00:16.2:   bridge window [io  0xd000-0xdfff]
[    0.458850] pci 0000:00:16.2:   bridge window [mem 0xcad00000-0xcadfffff]
[    0.458880] pci 0000:00:16.2:   bridge window [mem 0xd9300000-0xd93fffff 64bit pref]
[    0.458928] pci 0000:00:16.3: PCI bridge to [bus 0e-0e]
[    0.458970] pci 0000:00:16.3:   bridge window [mem 0xcb100000-0xcb1fffff]
[    0.458999] pci 0000:00:16.3:   bridge window [mem 0xd9700000-0xd97fffff 64bit pref]
[    0.459047] pci 0000:00:16.4: PCI bridge to [bus 0f-0f]
[    0.459089] pci 0000:00:16.4:   bridge window [mem 0xcb500000-0xcb5fffff]
[    0.459118] pci 0000:00:16.4:   bridge window [mem 0xd9b00000-0xd9bfffff 64bit pref]
[    0.459166] pci 0000:00:16.5: PCI bridge to [bus 10-10]
[    0.459215] pci 0000:00:16.5:   bridge window [mem 0xcb900000-0xcb9fffff]
[    0.459246] pci 0000:00:16.5:   bridge window [mem 0xd9f00000-0xd9ffffff 64bit pref]
[    0.459294] pci 0000:00:16.6: PCI bridge to [bus 11-11]
[    0.459337] pci 0000:00:16.6:   bridge window [mem 0xcbd00000-0xcbdfffff]
[    0.459366] pci 0000:00:16.6:   bridge window [mem 0xda300000-0xda3fffff 64bit pref]
[    0.459414] pci 0000:00:16.7: PCI bridge to [bus 12-12]
[    0.459456] pci 0000:00:16.7:   bridge window [mem 0xcc100000-0xcc1fffff]
[    0.459485] pci 0000:00:16.7:   bridge window [mem 0xda700000-0xda7fffff 64bit pref]
[    0.459533] pci 0000:00:17.0: PCI bridge to [bus 13-13]
[    0.459550] pci 0000:00:17.0:   bridge window [io  0x6000-0x6fff]
[    0.459588] pci 0000:00:17.0:   bridge window [mem 0xca600000-0xca6fffff]
[    0.459618] pci 0000:00:17.0:   bridge window [mem 0xd8c00000-0xd8cfffff 64bit pref]
[    0.459666] pci 0000:00:17.1: PCI bridge to [bus 14-14]
[    0.459683] pci 0000:00:17.1:   bridge window [io  0xa000-0xafff]
[    0.459724] pci 0000:00:17.1:   bridge window [mem 0xcaa00000-0xcaafffff]
[    0.459752] pci 0000:00:17.1:   bridge window [mem 0xd9000000-0xd90fffff 64bit pref]
[    0.459801] pci 0000:00:17.2: PCI bridge to [bus 15-15]
[    0.459819] pci 0000:00:17.2:   bridge window [io  0xe000-0xefff]
[    0.459859] pci 0000:00:17.2:   bridge window [mem 0xcae00000-0xcaefffff]
[    0.459888] pci 0000:00:17.2:   bridge window [mem 0xd9400000-0xd94fffff 64bit pref]
[    0.459937] pci 0000:00:17.3: PCI bridge to [bus 16-16]
[    0.459977] pci 0000:00:17.3:   bridge window [mem 0xcb200000-0xcb2fffff]
[    0.460006] pci 0000:00:17.3:   bridge window [mem 0xd9800000-0xd98fffff 64bit pref]
[    0.460054] pci 0000:00:17.4: PCI bridge to [bus 17-17]
[    0.460095] pci 0000:00:17.4:   bridge window [mem 0xcb600000-0xcb6fffff]
[    0.460137] pci 0000:00:17.4:   bridge window [mem 0xd9c00000-0xd9cfffff 64bit pref]
[    0.460185] pci 0000:00:17.5: PCI bridge to [bus 18-18]
[    0.460226] pci 0000:00:17.5:   bridge window [mem 0xcba00000-0xcbafffff]
[    0.460255] pci 0000:00:17.5:   bridge window [mem 0xda000000-0xda0fffff 64bit pref]
[    0.460303] pci 0000:00:17.6: PCI bridge to [bus 19-19]
[    0.460345] pci 0000:00:17.6:   bridge window [mem 0xcbe00000-0xcbefffff]
[    0.460373] pci 0000:00:17.6:   bridge window [mem 0xda400000-0xda4fffff 64bit pref]
[    0.460421] pci 0000:00:17.7: PCI bridge to [bus 1a-1a]
[    0.460464] pci 0000:00:17.7:   bridge window [mem 0xcc200000-0xcc2fffff]
[    0.460493] pci 0000:00:17.7:   bridge window [mem 0xda800000-0xda8fffff 64bit pref]
[    0.460541] pci 0000:00:18.0: PCI bridge to [bus 1b-1b]
[    0.460559] pci 0000:00:18.0:   bridge window [io  0x7000-0x7fff]
[    0.460599] pci 0000:00:18.0:   bridge window [mem 0xca700000-0xca7fffff]
[    0.460628] pci 0000:00:18.0:   bridge window [mem 0xd8d00000-0xd8dfffff 64bit pref]
[    0.460676] pci 0000:00:18.1: PCI bridge to [bus 1c-1c]
[    0.460694] pci 0000:00:18.1:   bridge window [io  0xb000-0xbfff]
[    0.460736] pci 0000:00:18.1:   bridge window [mem 0xcab00000-0xcabfffff]
[    0.460765] pci 0000:00:18.1:   bridge window [mem 0xd9100000-0xd91fffff 64bit pref]
[    0.460814] pci 0000:00:18.2: PCI bridge to [bus 1d-1d]
[    0.460855] pci 0000:00:18.2:   bridge window [mem 0xcaf00000-0xcaffffff]
[    0.460882] pci 0000:00:18.2:   bridge window [mem 0xd9500000-0xd95fffff 64bit pref]
[    0.460931] pci 0000:00:18.3: PCI bridge to [bus 1e-1e]
[    0.460973] pci 0000:00:18.3:   bridge window [mem 0xcb300000-0xcb3fffff]
[    0.461002] pci 0000:00:18.3:   bridge window [mem 0xd9900000-0xd99fffff 64bit pref]
[    0.461050] pci 0000:00:18.4: PCI bridge to [bus 1f-1f]
[    0.461055] pci 0000:00:18.4:   bridge window [mem 0xcb700000-0xcb7fffff]
[    0.461137] pci 0000:00:18.4:   bridge window [mem 0xd9d00000-0xd9dfffff 64bit pref]
[    0.461186] pci 0000:00:18.5: PCI bridge to [bus 20-20]
[    0.461226] pci 0000:00:18.5:   bridge window [mem 0xcbb00000-0xcbbfffff]
[    0.461255] pci 0000:00:18.5:   bridge window [mem 0xda100000-0xda1fffff 64bit pref]
[    0.461304] pci 0000:00:18.6: PCI bridge to [bus 21-21]
[    0.461347] pci 0000:00:18.6:   bridge window [mem 0xcbf00000-0xcbffffff]
[    0.461375] pci 0000:00:18.6:   bridge window [mem 0xda500000-0xda5fffff 64bit pref]
[    0.461423] pci 0000:00:18.7: PCI bridge to [bus 22-22]
[    0.461465] pci 0000:00:18.7:   bridge window [mem 0xcc300000-0xcc3fffff]
[    0.461491] pci 0000:00:18.7:   bridge window [mem 0xda900000-0xda9fffff 64bit pref]
[    0.461540] pci 0000:00:01.0: setting latency timer to 64
[    0.461588] pci 0000:00:15.0: setting latency timer to 64
[    0.461636] pci 0000:00:15.1: setting latency timer to 64
[    0.461685] pci 0000:00:15.2: setting latency timer to 64
[    0.461733] pci 0000:00:15.3: setting latency timer to 64
[    0.461781] pci 0000:00:15.4: setting latency timer to 64
[    0.461830] pci 0000:00:15.5: setting latency timer to 64
[    0.461878] pci 0000:00:15.6: setting latency timer to 64
[    0.461927] pci 0000:00:15.7: setting latency timer to 64
[    0.461975] pci 0000:00:16.0: setting latency timer to 64
[    0.462023] pci 0000:00:16.1: setting latency timer to 64
[    0.462072] pci 0000:00:16.2: setting latency timer to 64
[    0.462120] pci 0000:00:16.3: setting latency timer to 64
[    0.462169] pci 0000:00:16.4: setting latency timer to 64
[    0.462217] pci 0000:00:16.5: setting latency timer to 64
[    0.462265] pci 0000:00:16.6: setting latency timer to 64
[    0.462314] pci 0000:00:16.7: setting latency timer to 64
[    0.462362] pci 0000:00:17.0: setting latency timer to 64
[    0.462410] pci 0000:00:17.1: setting latency timer to 64
[    0.462459] pci 0000:00:17.2: setting latency timer to 64
[    0.462507] pci 0000:00:17.3: setting latency timer to 64
[    0.462556] pci 0000:00:17.4: setting latency timer to 64
[    0.462604] pci 0000:00:17.5: setting latency timer to 64
[    0.462652] pci 0000:00:17.6: setting latency timer to 64
[    0.462701] pci 0000:00:17.7: setting latency timer to 64
[    0.462749] pci 0000:00:18.0: setting latency timer to 64
[    0.462797] pci 0000:00:18.1: setting latency timer to 64
[    0.462846] pci 0000:00:18.2: setting latency timer to 64
[    0.462894] pci 0000:00:18.3: setting latency timer to 64
[    0.462943] pci 0000:00:18.4: setting latency timer to 64
[    0.462991] pci 0000:00:18.5: setting latency timer to 64
[    0.463039] pci 0000:00:18.6: setting latency timer to 64
[    0.463088] pci 0000:00:18.7: setting latency timer to 64
[    0.463106] pci_bus 0000:00: resource 4 [mem 0x000a0000-0x000bffff]
[    0.463109] pci_bus 0000:00: resource 5 [mem 0x000cc000-0x000cffff]
[    0.463111] pci_bus 0000:00: resource 6 [mem 0x000d0000-0x000d3fff]
[    0.463114] pci_bus 0000:00: resource 7 [mem 0x000d4000-0x000d7fff]
[    0.463116] pci_bus 0000:00: resource 8 [mem 0x000d8000-0x000dbfff]
[    0.463119] pci_bus 0000:00: resource 9 [mem 0xc0000000-0xfebfffff]
[    0.463123] pci_bus 0000:00: resource 10 [io  0x0000-0x0cf7]
[    0.463126] pci_bus 0000:00: resource 11 [io  0x0d00-0xfeff]
[    0.463129] pci_bus 0000:02: resource 0 [io  0x2000-0x3fff]
[    0.463132] pci_bus 0000:02: resource 1 [mem 0xc9000000-0xca3fffff]
[    0.463135] pci_bus 0000:02: resource 2 [mem 0xd8400000-0xd89fffff 64bit pref]
[    0.463138] pci_bus 0000:02: resource 4 [mem 0x000a0000-0x000bffff]
[    0.463141] pci_bus 0000:02: resource 5 [mem 0x000cc000-0x000cffff]
[    0.463143] pci_bus 0000:02: resource 6 [mem 0x000d0000-0x000d3fff]
[    0.463145] pci_bus 0000:02: resource 7 [mem 0x000d4000-0x000d7fff]
[    0.463147] pci_bus 0000:02: resource 8 [mem 0x000d8000-0x000dbfff]
[    0.463150] pci_bus 0000:02: resource 9 [mem 0xc0000000-0xfebfffff]
[    0.463153] pci_bus 0000:02: resource 10 [io  0x0000-0x0cf7]
[    0.463156] pci_bus 0000:02: resource 11 [io  0x0d00-0xfeff]
[    0.463159] pci_bus 0000:03: resource 0 [io  0x4000-0x4fff]
[    0.463162] pci_bus 0000:03: resource 1 [mem 0xca400000-0xca4fffff]
[    0.463165] pci_bus 0000:03: resource 2 [mem 0xd8a00000-0xd8afffff 64bit pref]
[    0.463169] pci_bus 0000:04: resource 0 [io  0x8000-0x8fff]
[    0.463171] pci_bus 0000:04: resource 1 [mem 0xca800000-0xca8fffff]
[    0.463173] pci_bus 0000:04: resource 2 [mem 0xd8e00000-0xd8efffff 64bit pref]
[    0.463176] pci_bus 0000:05: resource 0 [io  0xc000-0xcfff]
[    0.463178] pci_bus 0000:05: resource 1 [mem 0xcac00000-0xcacfffff]
[    0.463181] pci_bus 0000:05: resource 2 [mem 0xd9200000-0xd92fffff 64bit pref]
[    0.463184] pci_bus 0000:06: resource 1 [mem 0xcb000000-0xcb0fffff]
[    0.463187] pci_bus 0000:06: resource 2 [mem 0xd9600000-0xd96fffff 64bit pref]
[    0.463190] pci_bus 0000:07: resource 1 [mem 0xcb400000-0xcb4fffff]
[    0.463193] pci_bus 0000:07: resource 2 [mem 0xd9a00000-0xd9afffff 64bit pref]
[    0.463197] pci_bus 0000:08: resource 1 [mem 0xcb800000-0xcb8fffff]
[    0.463200] pci_bus 0000:08: resource 2 [mem 0xd9e00000-0xd9efffff 64bit pref]
[    0.463203] pci_bus 0000:09: resource 1 [mem 0xcbc00000-0xcbcfffff]
[    0.463205] pci_bus 0000:09: resource 2 [mem 0xda200000-0xda2fffff 64bit pref]
[    0.463208] pci_bus 0000:0a: resource 1 [mem 0xcc000000-0xcc0fffff]
[    0.463210] pci_bus 0000:0a: resource 2 [mem 0xda600000-0xda6fffff 64bit pref]
[    0.463213] pci_bus 0000:0b: resource 0 [io  0x5000-0x5fff]
[    0.463216] pci_bus 0000:0b: resource 1 [mem 0xca500000-0xca5fffff]
[    0.463219] pci_bus 0000:0b: resource 2 [mem 0xd8b00000-0xd8bfffff 64bit pref]
[    0.463222] pci_bus 0000:0c: resource 0 [io  0x9000-0x9fff]
[    0.463236] pci_bus 0000:0c: resource 1 [mem 0xca900000-0xca9fffff]
[    0.463240] pci_bus 0000:0c: resource 2 [mem 0xd8f00000-0xd8ffffff 64bit pref]
[    0.463244] pci_bus 0000:0d: resource 0 [io  0xd000-0xdfff]
[    0.463247] pci_bus 0000:0d: resource 1 [mem 0xcad00000-0xcadfffff]
[    0.463251] pci_bus 0000:0d: resource 2 [mem 0xd9300000-0xd93fffff 64bit pref]
[    0.463254] pci_bus 0000:0e: resource 1 [mem 0xcb100000-0xcb1fffff]
[    0.463258] pci_bus 0000:0e: resource 2 [mem 0xd9700000-0xd97fffff 64bit pref]
[    0.463261] pci_bus 0000:0f: resource 1 [mem 0xcb500000-0xcb5fffff]
[    0.463264] pci_bus 0000:0f: resource 2 [mem 0xd9b00000-0xd9bfffff 64bit pref]
[    0.463268] pci_bus 0000:10: resource 1 [mem 0xcb900000-0xcb9fffff]
[    0.463271] pci_bus 0000:10: resource 2 [mem 0xd9f00000-0xd9ffffff 64bit pref]
[    0.463274] pci_bus 0000:11: resource 1 [mem 0xcbd00000-0xcbdfffff]
[    0.463278] pci_bus 0000:11: resource 2 [mem 0xda300000-0xda3fffff 64bit pref]
[    0.463281] pci_bus 0000:12: resource 1 [mem 0xcc100000-0xcc1fffff]
[    0.463285] pci_bus 0000:12: resource 2 [mem 0xda700000-0xda7fffff 64bit pref]
[    0.463288] pci_bus 0000:13: resource 0 [io  0x6000-0x6fff]
[    0.463291] pci_bus 0000:13: resource 1 [mem 0xca600000-0xca6fffff]
[    0.463295] pci_bus 0000:13: resource 2 [mem 0xd8c00000-0xd8cfffff 64bit pref]
[    0.463298] pci_bus 0000:14: resource 0 [io  0xa000-0xafff]
[    0.463301] pci_bus 0000:14: resource 1 [mem 0xcaa00000-0xcaafffff]
[    0.463305] pci_bus 0000:14: resource 2 [mem 0xd9000000-0xd90fffff 64bit pref]
[    0.463308] pci_bus 0000:15: resource 0 [io  0xe000-0xefff]
[    0.463311] pci_bus 0000:15: resource 1 [mem 0xcae00000-0xcaefffff]
[    0.463315] pci_bus 0000:15: resource 2 [mem 0xd9400000-0xd94fffff 64bit pref]
[    0.463318] pci_bus 0000:16: resource 1 [mem 0xcb200000-0xcb2fffff]
[    0.463322] pci_bus 0000:16: resource 2 [mem 0xd9800000-0xd98fffff 64bit pref]
[    0.463325] pci_bus 0000:17: resource 1 [mem 0xcb600000-0xcb6fffff]
[    0.463329] pci_bus 0000:17: resource 2 [mem 0xd9c00000-0xd9cfffff 64bit pref]
[    0.463332] pci_bus 0000:18: resource 1 [mem 0xcba00000-0xcbafffff]
[    0.463335] pci_bus 0000:18: resource 2 [mem 0xda000000-0xda0fffff 64bit pref]
[    0.463339] pci_bus 0000:19: resource 1 [mem 0xcbe00000-0xcbefffff]
[    0.463342] pci_bus 0000:19: resource 2 [mem 0xda400000-0xda4fffff 64bit pref]
[    0.463346] pci_bus 0000:1a: resource 1 [mem 0xcc200000-0xcc2fffff]
[    0.463348] pci_bus 0000:1a: resource 2 [mem 0xda800000-0xda8fffff 64bit pref]
[    0.463351] pci_bus 0000:1b: resource 0 [io  0x7000-0x7fff]
[    0.463354] pci_bus 0000:1b: resource 1 [mem 0xca700000-0xca7fffff]
[    0.463357] pci_bus 0000:1b: resource 2 [mem 0xd8d00000-0xd8dfffff 64bit pref]
[    0.463360] pci_bus 0000:1c: resource 0 [io  0xb000-0xbfff]
[    0.463364] pci_bus 0000:1c: resource 1 [mem 0xcab00000-0xcabfffff]
[    0.463367] pci_bus 0000:1c: resource 2 [mem 0xd9100000-0xd91fffff 64bit pref]
[    0.463370] pci_bus 0000:1d: resource 1 [mem 0xcaf00000-0xcaffffff]
[    0.463373] pci_bus 0000:1d: resource 2 [mem 0xd9500000-0xd95fffff 64bit pref]
[    0.463377] pci_bus 0000:1e: resource 1 [mem 0xcb300000-0xcb3fffff]
[    0.463380] pci_bus 0000:1e: resource 2 [mem 0xd9900000-0xd99fffff 64bit pref]
[    0.463384] pci_bus 0000:1f: resource 1 [mem 0xcb700000-0xcb7fffff]
[    0.463387] pci_bus 0000:1f: resource 2 [mem 0xd9d00000-0xd9dfffff 64bit pref]
[    0.463390] pci_bus 0000:20: resource 1 [mem 0xcbb00000-0xcbbfffff]
[    0.463393] pci_bus 0000:20: resource 2 [mem 0xda100000-0xda1fffff 64bit pref]
[    0.463397] pci_bus 0000:21: resource 1 [mem 0xcbf00000-0xcbffffff]
[    0.463400] pci_bus 0000:21: resource 2 [mem 0xda500000-0xda5fffff 64bit pref]
[    0.463404] pci_bus 0000:22: resource 1 [mem 0xcc300000-0xcc3fffff]
[    0.463407] pci_bus 0000:22: resource 2 [mem 0xda900000-0xda9fffff 64bit pref]
[    0.463455] NET: Registered protocol family 2
[    0.463503] IP route cache hash table entries: 32768 (order: 5, 131072 bytes)
[    0.463552] TCP established hash table entries: 131072 (order: 8, 1048576 bytes)
[    0.463600] TCP bind hash table entries: 65536 (order: 7, 524288 bytes)
[    0.463649] TCP: Hash tables configured (established 131072 bind 65536)
[    0.463652] TCP reno registered
[    0.463656] UDP hash table entries: 512 (order: 2, 16384 bytes)
[    0.463666] UDP-Lite hash table entries: 512 (order: 2, 16384 bytes)
[    0.463715] NET: Registered protocol family 1
[    0.463725] pci 0000:00:00.0: Limiting direct PCI/PCI transfers
[    0.463774] pci 0000:00:0f.0: Boot video device
[    0.463822] ACPI: PCI Interrupt Link [LNKC] enabled at IRQ 10
[    0.463827] PCI: setting IRQ 10 as level-triggered
[    0.463837] pci 0000:02:00.0: PCI INT A -> Link[LNKC] -> GSI 10 (level, low) -> IRQ 10
[    0.463939] pci 0000:02:00.0: PCI INT A disabled
[    0.463987] ACPI: PCI Interrupt Link [LNKB] enabled at IRQ 11
[    0.463990] PCI: setting IRQ 11 as level-triggered
[    0.463996] pci 0000:02:03.0: PCI INT A -> Link[LNKB] -> GSI 11 (level, low) -> IRQ 11
[    0.464044] pci 0000:02:03.0: PCI INT A disabled
[    0.464062] PCI: CLS 32 bytes, default 64
[    0.464114] Simple Boot Flag at 0x36 set to 0x1
[    0.464121] Switching to clocksource tsc
[    0.464368] audit: initializing netlink socket (disabled)
[    0.464377] type=2000 audit(1369638711.443:1): initialized
[    0.477216] Trying to unpack rootfs image as initramfs...
[    0.497128] highmem bounce pool size: 64 pages
[    0.497134] HugeTLB registered 2 MB page size, pre-allocated 0 pages
[    0.501206] VFS: Disk quotas dquot_6.5.2
[    0.501254] Dquot-cache hash table entries: 1024 (order 0, 4096 bytes)
[    0.501404] fuse init (API version 7.17)
[    0.501474] msgmni has been set to 1710
[    0.513171] Block layer SCSI generic (bsg) driver version 0.4 loaded (major 253)
[    0.517100] io scheduler noop registered
[    0.517103] io scheduler deadline registered
[    0.517116] io scheduler cfq registered (default)
[    0.517165] pcieport 0000:00:15.0: setting latency timer to 64
[    0.517213] pcieport 0000:00:15.0: irq 40 for MSI/MSI-X
[    0.517261] pcieport 0000:00:15.1: setting latency timer to 64
[    0.517310] pcieport 0000:00:15.1: irq 41 for MSI/MSI-X
[    0.517358] pcieport 0000:00:15.2: setting latency timer to 64
[    0.517406] pcieport 0000:00:15.2: irq 42 for MSI/MSI-X
[    0.517455] pcieport 0000:00:15.3: setting latency timer to 64
[    0.517503] pcieport 0000:00:15.3: irq 43 for MSI/MSI-X
[    0.517552] pcieport 0000:00:15.4: setting latency timer to 64
[    0.517600] pcieport 0000:00:15.4: irq 44 for MSI/MSI-X
[    0.517648] pcieport 0000:00:15.5: setting latency timer to 64
[    0.517697] pcieport 0000:00:15.5: irq 45 for MSI/MSI-X
[    0.517745] pcieport 0000:00:15.6: setting latency timer to 64
[    0.517794] pcieport 0000:00:15.6: irq 46 for MSI/MSI-X
[    0.517842] pcieport 0000:00:15.7: setting latency timer to 64
[    0.517890] pcieport 0000:00:15.7: irq 47 for MSI/MSI-X
[    0.517939] pcieport 0000:00:16.0: setting latency timer to 64
[    0.517987] pcieport 0000:00:16.0: irq 48 for MSI/MSI-X
[    0.518035] pcieport 0000:00:16.1: setting latency timer to 64
[    0.518084] pcieport 0000:00:16.1: irq 49 for MSI/MSI-X
[    0.518132] pcieport 0000:00:16.2: setting latency timer to 64
[    0.518181] pcieport 0000:00:16.2: irq 50 for MSI/MSI-X
[    0.518229] pcieport 0000:00:16.3: setting latency timer to 64
[    0.518277] pcieport 0000:00:16.3: irq 51 for MSI/MSI-X
[    0.518326] pcieport 0000:00:16.4: setting latency timer to 64
[    0.518374] pcieport 0000:00:16.4: irq 52 for MSI/MSI-X
[    0.518422] pcieport 0000:00:16.5: setting latency timer to 64
[    0.518471] pcieport 0000:00:16.5: irq 53 for MSI/MSI-X
[    0.518519] pcieport 0000:00:16.6: setting latency timer to 64
[    0.518568] pcieport 0000:00:16.6: irq 54 for MSI/MSI-X
[    0.518616] pcieport 0000:00:16.7: setting latency timer to 64
[    0.518664] pcieport 0000:00:16.7: irq 55 for MSI/MSI-X
[    0.518713] pcieport 0000:00:17.0: setting latency timer to 64
[    0.518761] pcieport 0000:00:17.0: irq 56 for MSI/MSI-X
[    0.518809] pcieport 0000:00:17.1: setting latency timer to 64
[    0.518858] pcieport 0000:00:17.1: irq 57 for MSI/MSI-X
[    0.518906] pcieport 0000:00:17.2: setting latency timer to 64
[    0.518955] pcieport 0000:00:17.2: irq 58 for MSI/MSI-X
[    0.519003] pcieport 0000:00:17.3: setting latency timer to 64
[    0.519051] pcieport 0000:00:17.3: irq 59 for MSI/MSI-X
[    0.519100] pcieport 0000:00:17.4: setting latency timer to 64
[    0.519148] pcieport 0000:00:17.4: irq 60 for MSI/MSI-X
[    0.519197] pcieport 0000:00:17.5: setting latency timer to 64
[    0.519245] pcieport 0000:00:17.5: irq 61 for MSI/MSI-X
[    0.519293] pcieport 0000:00:17.6: setting latency timer to 64
[    0.519342] pcieport 0000:00:17.6: irq 62 for MSI/MSI-X
[    0.519390] pcieport 0000:00:17.7: setting latency timer to 64
[    0.519438] pcieport 0000:00:17.7: irq 63 for MSI/MSI-X
[    0.519487] pcieport 0000:00:18.0: setting latency timer to 64
[    0.519535] pcieport 0000:00:18.0: irq 64 for MSI/MSI-X
[    0.519584] pcieport 0000:00:18.1: setting latency timer to 64
[    0.519632] pcieport 0000:00:18.1: irq 65 for MSI/MSI-X
[    0.519680] pcieport 0000:00:18.2: setting latency timer to 64
[    0.519729] pcieport 0000:00:18.2: irq 66 for MSI/MSI-X
[    0.519777] pcieport 0000:00:18.3: setting latency timer to 64
[    0.519825] pcieport 0000:00:18.3: irq 67 for MSI/MSI-X
[    0.519874] pcieport 0000:00:18.4: setting latency timer to 64
[    0.519922] pcieport 0000:00:18.4: irq 68 for MSI/MSI-X
[    0.519971] pcieport 0000:00:18.5: setting latency timer to 64
[    0.520019] pcieport 0000:00:18.5: irq 69 for MSI/MSI-X
[    0.520067] pcieport 0000:00:18.6: setting latency timer to 64
[    0.520116] pcieport 0000:00:18.6: irq 70 for MSI/MSI-X
[    0.520164] pcieport 0000:00:18.7: setting latency timer to 64
[    0.520212] pcieport 0000:00:18.7: irq 71 for MSI/MSI-X
[    0.520261] pcieport 0000:00:15.0: Signaling PME through PCIe PME interrupt
[    0.520287] pcie_pme 0000:00:15.0:pcie01: service driver pcie_pme loaded
[    0.520335] pcieport 0000:00:15.1: Signaling PME through PCIe PME interrupt
[    0.520369] pcie_pme 0000:00:15.1:pcie01: service driver pcie_pme loaded
[    0.520418] pcieport 0000:00:15.2: Signaling PME through PCIe PME interrupt
[    0.520443] pcie_pme 0000:00:15.2:pcie01: service driver pcie_pme loaded
[    0.520492] pcieport 0000:00:15.3: Signaling PME through PCIe PME interrupt
[    0.520517] pcie_pme 0000:00:15.3:pcie01: service driver pcie_pme loaded
[    0.520565] pcieport 0000:00:15.4: Signaling PME through PCIe PME interrupt
[    0.520591] pcie_pme 0000:00:15.4:pcie01: service driver pcie_pme loaded
[    0.520639] pcieport 0000:00:15.5: Signaling PME through PCIe PME interrupt
[    0.520665] pcie_pme 0000:00:15.5:pcie01: service driver pcie_pme loaded
[    0.520714] pcieport 0000:00:15.6: Signaling PME through PCIe PME interrupt
[    0.520739] pcie_pme 0000:00:15.6:pcie01: service driver pcie_pme loaded
[    0.520787] pcieport 0000:00:15.7: Signaling PME through PCIe PME interrupt
[    0.520813] pcie_pme 0000:00:15.7:pcie01: service driver pcie_pme loaded
[    0.520861] pcieport 0000:00:16.0: Signaling PME through PCIe PME interrupt
[    0.520893] pcie_pme 0000:00:16.0:pcie01: service driver pcie_pme loaded
[    0.521078] pcieport 0000:00:16.1: Signaling PME through PCIe PME interrupt
[    0.521111] pcie_pme 0000:00:16.1:pcie01: service driver pcie_pme loaded
[    0.521159] pcieport 0000:00:16.2: Signaling PME through PCIe PME interrupt
[    0.521190] pcie_pme 0000:00:16.2:pcie01: service driver pcie_pme loaded
[    0.521238] pcieport 0000:00:16.3: Signaling PME through PCIe PME interrupt
[    0.521270] pcie_pme 0000:00:16.3:pcie01: service driver pcie_pme loaded
[    0.521318] pcieport 0000:00:16.4: Signaling PME through PCIe PME interrupt
[    0.521348] pcie_pme 0000:00:16.4:pcie01: service driver pcie_pme loaded
[    0.521397] pcieport 0000:00:16.5: Signaling PME through PCIe PME interrupt
[    0.521427] pcie_pme 0000:00:16.5:pcie01: service driver pcie_pme loaded
[    0.521476] pcieport 0000:00:16.6: Signaling PME through PCIe PME interrupt
[    0.521506] pcie_pme 0000:00:16.6:pcie01: service driver pcie_pme loaded
[    0.521554] pcieport 0000:00:16.7: Signaling PME through PCIe PME interrupt
[    0.521586] pcie_pme 0000:00:16.7:pcie01: service driver pcie_pme loaded
[    0.521634] pcieport 0000:00:17.0: Signaling PME through PCIe PME interrupt
[    0.521664] pcie_pme 0000:00:17.0:pcie01: service driver pcie_pme loaded
[    0.521713] pcieport 0000:00:17.1: Signaling PME through PCIe PME interrupt
[    0.521743] pcie_pme 0000:00:17.1:pcie01: service driver pcie_pme loaded
[    0.521792] pcieport 0000:00:17.2: Signaling PME through PCIe PME interrupt
[    0.521822] pcie_pme 0000:00:17.2:pcie01: service driver pcie_pme loaded
[    0.521870] pcieport 0000:00:17.3: Signaling PME through PCIe PME interrupt
[    0.521902] pcie_pme 0000:00:17.3:pcie01: service driver pcie_pme loaded
[    0.521951] pcieport 0000:00:17.4: Signaling PME through PCIe PME interrupt
[    0.521980] pcie_pme 0000:00:17.4:pcie01: service driver pcie_pme loaded
[    0.522029] pcieport 0000:00:17.5: Signaling PME through PCIe PME interrupt
[    0.522059] pcie_pme 0000:00:17.5:pcie01: service driver pcie_pme loaded
[    0.522108] pcieport 0000:00:17.6: Signaling PME through PCIe PME interrupt
[    0.522139] pcie_pme 0000:00:17.6:pcie01: service driver pcie_pme loaded
[    0.522187] pcieport 0000:00:17.7: Signaling PME through PCIe PME interrupt
[    0.522218] pcie_pme 0000:00:17.7:pcie01: service driver pcie_pme loaded
[    0.522266] pcieport 0000:00:18.0: Signaling PME through PCIe PME interrupt
[    0.522297] pcie_pme 0000:00:18.0:pcie01: service driver pcie_pme loaded
[    0.522345] pcieport 0000:00:18.1: Signaling PME through PCIe PME interrupt
[    0.522376] pcie_pme 0000:00:18.1:pcie01: service driver pcie_pme loaded
[    0.522424] pcieport 0000:00:18.2: Signaling PME through PCIe PME interrupt
[    0.522455] pcie_pme 0000:00:18.2:pcie01: service driver pcie_pme loaded
[    0.522503] pcieport 0000:00:18.3: Signaling PME through PCIe PME interrupt
[    0.522534] pcie_pme 0000:00:18.3:pcie01: service driver pcie_pme loaded
[    0.522582] pcieport 0000:00:18.4: Signaling PME through PCIe PME interrupt
[    0.522614] pcie_pme 0000:00:18.4:pcie01: service driver pcie_pme loaded
[    0.522662] pcieport 0000:00:18.5: Signaling PME through PCIe PME interrupt
[    0.522692] pcie_pme 0000:00:18.5:pcie01: service driver pcie_pme loaded
[    0.522741] pcieport 0000:00:18.6: Signaling PME through PCIe PME interrupt
[    0.522772] pcie_pme 0000:00:18.6:pcie01: service driver pcie_pme loaded
[    0.522820] pcieport 0000:00:18.7: Signaling PME through PCIe PME interrupt
[    0.522851] pcie_pme 0000:00:18.7:pcie01: service driver pcie_pme loaded
[    0.522877] pci_hotplug: PCI Hot Plug PCI Core version: 0.5
[    0.522925] pciehp 0000:00:15.0:pcie04: HPC vendor_id 15ad device_id 7a0 ss_vid 15ad ss_did 7a0
[    0.522973] pciehp 0000:00:15.0:pcie04: service driver pciehp loaded
[    0.523022] pciehp 0000:00:15.1:pcie04: HPC vendor_id 15ad device_id 7a0 ss_vid 15ad ss_did 7a0
[    0.523070] pciehp 0000:00:15.1:pcie04: service driver pciehp loaded
[    0.523119] pciehp 0000:00:15.2:pcie04: HPC vendor_id 15ad device_id 7a0 ss_vid 15ad ss_did 7a0
[    0.523167] pciehp 0000:00:15.2:pcie04: service driver pciehp loaded
[    0.523215] pciehp 0000:00:15.3:pcie04: HPC vendor_id 15ad device_id 7a0 ss_vid 15ad ss_did 7a0
[    0.523264] pciehp 0000:00:15.3:pcie04: service driver pciehp loaded
[    0.523312] pciehp 0000:00:15.4:pcie04: HPC vendor_id 15ad device_id 7a0 ss_vid 15ad ss_did 7a0
[    0.523360] pciehp 0000:00:15.4:pcie04: service driver pciehp loaded
[    0.523409] pciehp 0000:00:15.5:pcie04: HPC vendor_id 15ad device_id 7a0 ss_vid 15ad ss_did 7a0
[    0.523457] pciehp 0000:00:15.5:pcie04: service driver pciehp loaded
[    0.523506] pciehp 0000:00:15.6:pcie04: HPC vendor_id 15ad device_id 7a0 ss_vid 15ad ss_did 7a0
[    0.523554] pciehp 0000:00:15.6:pcie04: service driver pciehp loaded
[    0.523602] pciehp 0000:00:15.7:pcie04: HPC vendor_id 15ad device_id 7a0 ss_vid 15ad ss_did 7a0
[    0.523651] pciehp 0000:00:15.7:pcie04: service driver pciehp loaded
[    0.523699] pciehp 0000:00:16.0:pcie04: HPC vendor_id 15ad device_id 7a0 ss_vid 15ad ss_did 7a0
[    0.523747] pciehp 0000:00:16.0:pcie04: service driver pciehp loaded
[    0.523796] pciehp 0000:00:16.1:pcie04: HPC vendor_id 15ad device_id 7a0 ss_vid 15ad ss_did 7a0
[    0.523844] pciehp 0000:00:16.1:pcie04: service driver pciehp loaded
[    0.523893] pciehp 0000:00:16.2:pcie04: HPC vendor_id 15ad device_id 7a0 ss_vid 15ad ss_did 7a0
[    0.523941] pciehp 0000:00:16.2:pcie04: service driver pciehp loaded
[    0.523989] pciehp 0000:00:16.3:pcie04: HPC vendor_id 15ad device_id 7a0 ss_vid 15ad ss_did 7a0
[    0.524038] pciehp 0000:00:16.3:pcie04: service driver pciehp loaded
[    0.524086] pciehp 0000:00:16.4:pcie04: HPC vendor_id 15ad device_id 7a0 ss_vid 15ad ss_did 7a0
[    0.524134] pciehp 0000:00:16.4:pcie04: service driver pciehp loaded
[    0.524183] pciehp 0000:00:16.5:pcie04: HPC vendor_id 15ad device_id 7a0 ss_vid 15ad ss_did 7a0
[    0.524231] pciehp 0000:00:16.5:pcie04: service driver pciehp loaded
[    0.524280] pciehp 0000:00:16.6:pcie04: HPC vendor_id 15ad device_id 7a0 ss_vid 15ad ss_did 7a0
[    0.524328] pciehp 0000:00:16.6:pcie04: service driver pciehp loaded
[    0.524376] pciehp 0000:00:16.7:pcie04: HPC vendor_id 15ad device_id 7a0 ss_vid 15ad ss_did 7a0
[    0.524425] pciehp 0000:00:16.7:pcie04: service driver pciehp loaded
[    0.524473] pciehp 0000:00:17.0:pcie04: HPC vendor_id 15ad device_id 7a0 ss_vid 15ad ss_did 7a0
[    0.524522] pciehp 0000:00:17.0:pcie04: service driver pciehp loaded
[    0.524570] pciehp 0000:00:17.1:pcie04: HPC vendor_id 15ad device_id 7a0 ss_vid 15ad ss_did 7a0
[    0.524618] pciehp 0000:00:17.1:pcie04: service driver pciehp loaded
[    0.524667] pciehp 0000:00:17.2:pcie04: HPC vendor_id 15ad device_id 7a0 ss_vid 15ad ss_did 7a0
[    0.524715] pciehp 0000:00:17.2:pcie04: service driver pciehp loaded
[    0.524763] pciehp 0000:00:17.3:pcie04: HPC vendor_id 15ad device_id 7a0 ss_vid 15ad ss_did 7a0
[    0.524812] pciehp 0000:00:17.3:pcie04: service driver pciehp loaded
[    0.524860] pciehp 0000:00:17.4:pcie04: HPC vendor_id 15ad device_id 7a0 ss_vid 15ad ss_did 7a0
[    0.524909] pciehp 0000:00:17.4:pcie04: service driver pciehp loaded
[    0.524957] pciehp 0000:00:17.5:pcie04: HPC vendor_id 15ad device_id 7a0 ss_vid 15ad ss_did 7a0
[    0.525060] pciehp 0000:00:17.5:pcie04: service driver pciehp loaded
[    0.529122] pciehp 0000:00:17.6:pcie04: HPC vendor_id 15ad device_id 7a0 ss_vid 15ad ss_did 7a0
[    0.529170] pciehp 0000:00:17.6:pcie04: service driver pciehp loaded
[    0.529219] pciehp 0000:00:17.7:pcie04: HPC vendor_id 15ad device_id 7a0 ss_vid 15ad ss_did 7a0
[    0.529267] pciehp 0000:00:17.7:pcie04: service driver pciehp loaded
[    0.529316] pciehp 0000:00:18.0:pcie04: HPC vendor_id 15ad device_id 7a0 ss_vid 15ad ss_did 7a0
[    0.529364] pciehp 0000:00:18.0:pcie04: service driver pciehp loaded
[    0.529412] pciehp 0000:00:18.1:pcie04: HPC vendor_id 15ad device_id 7a0 ss_vid 15ad ss_did 7a0
[    0.529461] pciehp 0000:00:18.1:pcie04: service driver pciehp loaded
[    0.529509] pciehp 0000:00:18.2:pcie04: HPC vendor_id 15ad device_id 7a0 ss_vid 15ad ss_did 7a0
[    0.529557] pciehp 0000:00:18.2:pcie04: service driver pciehp loaded
[    0.529606] pciehp 0000:00:18.3:pcie04: HPC vendor_id 15ad device_id 7a0 ss_vid 15ad ss_did 7a0
[    0.529654] pciehp 0000:00:18.3:pcie04: service driver pciehp loaded
[    0.529703] pciehp 0000:00:18.4:pcie04: HPC vendor_id 15ad device_id 7a0 ss_vid 15ad ss_did 7a0
[    0.529751] pciehp 0000:00:18.4:pcie04: service driver pciehp loaded
[    0.529799] pciehp 0000:00:18.5:pcie04: HPC vendor_id 15ad device_id 7a0 ss_vid 15ad ss_did 7a0
[    0.529848] pciehp 0000:00:18.5:pcie04: service driver pciehp loaded
[    0.529896] pciehp 0000:00:18.6:pcie04: HPC vendor_id 15ad device_id 7a0 ss_vid 15ad ss_did 7a0
[    0.529944] pciehp 0000:00:18.6:pcie04: service driver pciehp loaded
[    0.529993] pciehp 0000:00:18.7:pcie04: HPC vendor_id 15ad device_id 7a0 ss_vid 15ad ss_did 7a0
[    0.530041] pciehp 0000:00:18.7:pcie04: service driver pciehp loaded
[    0.530050] pciehp: PCI Express Hot Plug Controller Driver version: 0.4
[    0.530099] ACPI: Deprecated procfs I/F for AC is loaded, please retry with CONFIG_ACPI_PROCFS_POWER cleared
[    0.530151] ACPI: AC Adapter [ACAD] (on-line)
[    0.530225] input: Power Button as /devices/LNXSYSTM:00/LNXPWRBN:00/input/input0
[    0.530230] ACPI: Power Button [PWRF]
[    0.553090] ERST: Table is not found!
[    0.553094] GHES: HEST is not enabled!
[    0.553216] Serial: 8250/16550 driver, 32 ports, IRQ sharing enabled
[    0.576918] serial8250: ttyS0 at I/O 0x3f8 (irq = 4) is a 16550A
[    0.577038] isapnp: Scanning for PnP cards...
[    0.716705] serial8250: ttyS1 at I/O 0x2f8 (irq = 3) is a 16550A
[    0.764636] 00:0a: ttyS0 at I/O 0x3f8 (irq = 4) is a 16550A
[    0.856499] 00:0b: ttyS1 at I/O 0x2f8 (irq = 3) is a 16550A
[    0.880765] Linux agpgart interface v0.103
[    0.880817] agpgart-intel 0000:00:00.0: Intel 440BX Chipset
[    0.880911] agpgart-intel 0000:00:00.0: AGP aperture is 256M @ 0x0
[    0.881715] brd: module loaded
[    0.882169] loop: module loaded
[    0.882221] ata_piix 0000:00:07.1: version 2.13
[    0.884566] scsi0 : ata_piix
[    0.884642] scsi1 : ata_piix
[    0.884673] ata1: PATA max UDMA/33 cmd 0x1f0 ctl 0x3f6 bmdma 0x10c0 irq 14
[    0.884676] ata2: PATA max UDMA/33 cmd 0x170 ctl 0x376 bmdma 0x10c8 irq 15
[    0.884732] Fixed MDIO Bus: probed
[    0.884745] tun: Universal TUN/TAP device driver, 1.6
[    0.884746] tun: (C) 1999-2004 Max Krasnyansky <maxk@qualcomm.com>
[    0.884802] PPP generic driver version 2.4.2
[    0.884865] ehci_hcd: USB 2.0 'Enhanced' Host Controller (EHCI) Driver
[    0.884900] ehci_hcd 0000:02:03.0: PCI INT A -> Link[LNKB] -> GSI 11 (level, low) -> IRQ 11
[    0.884952] ehci_hcd 0000:02:03.0: EHCI Host Controller
[    0.884991] ehci_hcd 0000:02:03.0: new USB bus registered, assigned bus number 1
[    0.885044] ehci_hcd 0000:02:03.0: cache line size of 32 is not supported
[    0.885053] ehci_hcd 0000:02:03.0: irq 11, io mem 0xc9000000
[    0.936170] ehci_hcd 0000:02:03.0: USB 2.0 started, EHCI 1.00
[    1.020399] hub 1-0:1.0: USB hub found
[    1.020405] hub 1-0:1.0: 6 ports detected
[    1.020457] ohci_hcd: USB 1.1 'Open' Host Controller (OHCI) Driver
[    1.020473] uhci_hcd: USB Universal Host Controller Interface driver
[    1.020518] uhci_hcd 0000:02:00.0: PCI INT A -> Link[LNKC] -> GSI 10 (level, low) -> IRQ 10
[    1.020560] uhci_hcd 0000:02:00.0: UHCI Host Controller
[    1.020603] uhci_hcd 0000:02:00.0: new USB bus registered, assigned bus number 2
[    1.020713] uhci_hcd 0000:02:00.0: irq 10, io base 0x000020c0
[    1.020829] hub 2-0:1.0: USB hub found
[    1.020833] hub 2-0:1.0: 2 ports detected
[    1.020885] usbcore: registered new interface driver libusual
[    1.020923] i8042: PNP: PS/2 Controller [PNP0303:KBC,PNP0f13:MOUS] at 0x60,0x64 irq 1,12
[    1.021259] serio: i8042 KBD port at 0x60,0x64 irq 1
[    1.021267] serio: i8042 AUX port at 0x60,0x64 irq 12
[    1.021358] mousedev: PS/2 mouse device common for all mice
[    1.041506] rtc_cmos 00:04: rtc core: registered rtc_cmos as rtc0
[    1.041532] rtc0: alarms up to one month, y3k, 114 bytes nvram, hpet irqs
[    1.041584] device-mapper: uevent: version 1.0.3
[    1.041659] device-mapper: ioctl: 4.22.0-ioctl (2011-10-19) initialised: dm-devel@redhat.com
[    1.041707] EISA: Probing bus 0 at eisa.0
[    1.041710] EISA: Cannot allocate resource for mainboard
[    1.041713] Cannot allocate resource for EISA slot 1
[    1.041715] Cannot allocate resource for EISA slot 2
[    1.041718] Cannot allocate resource for EISA slot 3
[    1.041720] Cannot allocate resource for EISA slot 4
[    1.041723] Cannot allocate resource for EISA slot 5
[    1.041725] Cannot allocate resource for EISA slot 6
[    1.041727] Cannot allocate resource for EISA slot 7
[    1.041730] Cannot allocate resource for EISA slot 8
[    1.041732] EISA: Detected 0 cards.
[    1.041742] cpufreq-nforce2: No nForce2 chipset.
[    1.041745] cpuidle: using governor ladder
[    1.041747] cpuidle: using governor menu
[    1.041750] EFI Variables Facility v0.08 2004-May-17
[    1.041802] TCP cubic registered
[    1.041854] NET: Registered protocol family 10
[    1.041959] NET: Registered protocol family 17
[    1.041964] Registering the dns_resolver key type
[    1.041983] Using IPI No-Shortcut mode
[    1.042076] PM: Hibernation image not present or could not be loaded.
[    1.042091] registered taskstats version 1
[    1.140232] input: AT Translated Set 2 keyboard as /devices/platform/i8042/serio0/input/input1
[    1.148187] ata2.00: ATAPI: VMware Virtual IDE CDROM Drive, 00000001, max UDMA/33
[    1.148513] ata2.00: configured for UDMA/33
[    1.152211] Freeing initrd memory: 13836k freed
[    1.204170]   Magic number: 13:379:168
[    1.204287] rtc_cmos 00:04: setting system clock to 2013-05-27 07:11:52 UTC (1369638712)
[    1.204305] BIOS EDD facility v0.16 2004-Jun-25, 0 devices found
[    1.204307] EDD information not available.
[    1.248099] isapnp: No Plug & Play device found
[    1.248368] scsi 1:0:0:0: CD-ROM            NECVMWar VMware IDE CDR10 1.00 PQ: 0 ANSI: 5
[    1.249857] sr0: scsi3-mmc drive: 306x/306x cd/rw xa/form2 cdda tray
[    1.249861] cdrom: Uniform CD-ROM driver Revision: 3.20
[    1.249978] sr 1:0:0:0: Attached scsi CD-ROM sr0
[    1.250044] sr 1:0:0:0: Attached scsi generic sg0 type 5
[    1.250129] Freeing unused kernel memory: 740k freed
[    1.250181] Write protecting the kernel text: 5816k
[    1.250195] Write protecting the kernel read-only data: 2376k
[    1.250198] NX-protecting the kernel data: 4424k
[    1.261577] udevd[85]: starting version 175
[    1.278186] VMware vmxnet3 virtual NIC driver - version 1.1.29.0-k-NAPI
[    1.283272] VMware PVSCSI driver - version 1.0.1.0-k
[    1.288284] VMware vmxnet virtual NIC driver
[    1.288337] ACPI: PCI Interrupt Link [LNKD] enabled at IRQ 5
[    1.288341] PCI: setting IRQ 5 as level-triggered
[    1.288350] vmxnet 0000:02:01.0: PCI INT A -> Link[LNKD] -> GSI 5 (level, low) -> IRQ 5
[    1.288403] Found vmxnet/PCI at 0x2024, irq 5.
[    1.288455] features:
[    1.288473] numRxBuffers = 100, numRxBuffers2 = 1
[    1.288525] vmxnet 0000:02:01.0: eth0: set_features() failed (-1); wanted 0x00004000, left 0x00004800
[    1.324392] Floppy drive(s): fd0 is 1.44M
[    1.329845] Fusion MPT base driver 3.04.20
[    1.329847] Copyright (c) 1999-2008 LSI Corporation
[    1.330058] Fusion MPT SPI Host driver 3.04.20
[    1.330110] mptspi 0000:00:10.0: PCI INT A -> Link[LNKB] -> GSI 11 (level, low) -> IRQ 11
[    1.337420] mptbase: ioc0: Initiating bringup
[    1.340121] FDC 0 is a post-1991 82077
[    1.359833] usb 2-1: new full-speed USB device number 2 using uhci_hcd
[    1.407803] ioc0: LSI53C1030 B0: Capabilities={Initiator}
[    1.492224] input: VMware VMware Virtual USB Mouse as /devices/pci0000:00/0000:00:11.0/0000:02:00.0/usb2/2-1/2-1:1.0/input/input2
[    1.492426] generic-usb 0003:0E0F:0003.0001: input,hidraw0: USB HID v1.10 Mouse [VMware VMware Virtual USB Mouse] on usb-0000:02:00.0-1/input0
[    1.493012] input: VMware VMware Virtual USB Mouse as /devices/pci0000:00/0000:00:11.0/0000:02:00.0/usb2/2-1/2-1:1.1/input/input3
[    1.493218] generic-usb 0003:0E0F:0003.0002: input,hidraw1: USB HID v1.10 Mouse [VMware VMware Virtual USB Mouse] on usb-0000:02:00.0-1/input1
[    1.493409] usbcore: registered new interface driver usbhid
[    1.493412] usbhid: USB HID core driver
[    1.567587] scsi2 : ioc0: LSI53C1030 B0, FwRev=01032920h, Ports=1, MaxQ=128, IRQ=11
[    1.599467] usb 2-2: new full-speed USB device number 3 using uhci_hcd
[    1.680274] scsi 2:0:0:0: Direct-Access     VMware,  VMware Virtual S 1.0  PQ: 0 ANSI: 2
[    1.680284] scsi target2:0:0: Beginning Domain Validation
[    1.680973] scsi target2:0:0: Domain Validation skipping write tests
[    1.680976] scsi target2:0:0: Ending Domain Validation
[    1.681032] scsi target2:0:0: FAST-40 WIDE SCSI 80.0 MB/s ST (25 ns, offset 127)
[    1.683840] sd 2:0:0:0: [sda] 41943040 512-byte logical blocks: (21.4 GB/20.0 GiB)
[    1.683901] sd 2:0:0:0: [sda] Write Protect is off
[    1.683904] sd 2:0:0:0: [sda] Mode Sense: 61 00 00 00
[    1.683975] sd 2:0:0:0: [sda] Cache data unavailable
[    1.683977] sd 2:0:0:0: [sda] Assuming drive cache: write through
[    1.684298] sd 2:0:0:0: [sda] Cache data unavailable
[    1.684301] sd 2:0:0:0: [sda] Assuming drive cache: write through
[    1.685052] sd 2:0:0:0: Attached scsi generic sg1 type 0
[    1.685688]  sda: sda1 sda2 < sda5 >
[    1.686061] sd 2:0:0:0: [sda] Cache data unavailable
[    1.686064] sd 2:0:0:0: [sda] Assuming drive cache: write through
[    1.686066] sd 2:0:0:0: [sda] Attached SCSI disk
[    1.721834] EXT4-fs (sda1): INFO: recovery required on readonly filesystem
[    1.721838] EXT4-fs (sda1): write access will be enabled during recovery
[    1.739104] hub 2-2:1.0: USB hub found
[    1.740725] hub 2-2:1.0: 7 ports detected
[    1.841662] EXT4-fs (sda1): recovery complete
[    1.842233] EXT4-fs (sda1): mounted filesystem with ordered data mode. Opts: (null)
[    3.326565] ADDRCONF(NETDEV_UP): eth0: link is not ready
[    3.332886] udevd[319]: starting version 175
[    3.377789] lp: driver loaded but no devices found
[    3.379184] Adding 1046524k swap on /dev/sda5.  Priority:-1 extents:1 across:1046524k 
[    3.476760] shpchp: Standard Hot Plug PCI Controller Driver version: 0.4
[    3.495011] EXT4-fs (sda1): re-mounted. Opts: errors=remount-ro
[    3.529753] piix4_smbus 0000:00:07.3: Host SMBus controller not enabled!
[    3.640189] ppdev: user-space parallel port driver
[    3.641643] parport_pc 00:09: reported by Plug and Play ACPI
[    3.641930] parport0: PC-style at 0x378, irq 7 [PCSPP,TRISTATE]
[    3.653721] Bluetooth: Core ver 2.16
[    3.653791] NET: Registered protocol family 31
[    3.653794] Bluetooth: HCI device and connection manager initialized
[    3.653798] Bluetooth: HCI socket layer initialized
[    3.653801] Bluetooth: L2CAP socket layer initialized
[    3.653807] Bluetooth: SCO socket layer initialized
[    3.668701] Bluetooth: BNEP (Ethernet Emulation) ver 1.3
[    3.668704] Bluetooth: BNEP filters: protocol multicast
[    3.685100] Bluetooth: RFCOMM TTY layer initialized
[    3.685108] Bluetooth: RFCOMM socket layer initialized
[    3.685110] Bluetooth: RFCOMM ver 1.11
[    3.736557] lp0: using parport0 (interrupt-driven).
[    3.757766] type=1400 audit(1369638715.054:2): apparmor="STATUS" operation="profile_load" name="/usr/lib/cups/backend/cups-pdf" pid=556 comm="apparmor_parser"
[    3.759533] [540]: VMCI: shared components initialized.
[    3.759559] Probing for vmci/PCI.
[    3.759726] ACPI: PCI Interrupt Link [LNKA] enabled at IRQ 9
[    3.759729] PCI: setting IRQ 9 as level-triggered
[    3.759735] vmci 0000:00:07.7: PCI INT A -> Link[LNKA] -> GSI 9 (level, low) -> IRQ 9
[    3.759777] Found vmci/PCI at 0x1080, irq 9.
[    3.759814] VMCI: using capabilities 0xc.
[    3.759888] [540]: VMCI: Host capability check passed.
[    3.760155] vmci 0000:00:07.7: irq 72 for MSI/MSI-X
[    3.760187] vmci 0000:00:07.7: irq 73 for MSI/MSI-X
[    3.761447] type=1400 audit(1369638715.058:3): apparmor="STATUS" operation="profile_load" name="/usr/sbin/cupsd" pid=556 comm="apparmor_parser"
[    3.799819] Registered vmci device.
[    3.804338] [540]: VMCI: Using guest personality
[    3.804344] [540]: VMCI: host components initialized.
[    3.809386] [540]: VMCI: Module registered (name=vmci,major=10,minor=57).
[    3.809390] [540]: VMCI: Using host personality
[    3.809392] [540]: VMCI: Module (name=vmci) is initialized
[    3.894977] type=1400 audit(1369638715.190:4): apparmor="STATUS" operation="profile_load" name="/sbin/dhclient" pid=594 comm="apparmor_parser"
[    3.897356] type=1400 audit(1369638715.194:5): apparmor="STATUS" operation="profile_load" name="/usr/lib/NetworkManager/nm-dhcp-client.action" pid=594 comm="apparmor_parser"
[    3.897555] type=1400 audit(1369638715.194:6): apparmor="STATUS" operation="profile_load" name="/usr/lib/connman/scripts/dhclient-script" pid=594 comm="apparmor_parser"
[    4.115882] input: ImPS/2 Generic Wheel Mouse as /devices/platform/i8042/serio1/input/input4
[    4.163873] init: failsafe main process (656) killed by TERM signal
[    4.217059] snd_ens1371 0000:02:02.0: PCI INT A -> Link[LNKA] -> GSI 9 (level, low) -> IRQ 9
[    4.234648] type=1400 audit(1369638715.530:7): apparmor="STATUS" operation="profile_load" name="/usr/lib/lightdm/lightdm/lightdm-guest-session-wrapper" pid=780 comm="apparmor_parser"
[    4.237328] type=1400 audit(1369638715.534:8): apparmor="STATUS" operation="profile_replace" name="/sbin/dhclient" pid=781 comm="apparmor_parser"
[    4.237391] type=1400 audit(1369638715.534:9): apparmor="STATUS" operation="profile_replace" name="/usr/lib/NetworkManager/nm-dhcp-client.action" pid=781 comm="apparmor_parser"
[    4.237439] type=1400 audit(1369638715.534:10): apparmor="STATUS" operation="profile_replace" name="/usr/lib/connman/scripts/dhclient-script" pid=781 comm="apparmor_parser"
[    4.446206] init: alsa-restore main process (850) terminated with status 19
