[    0.000000] Initializing cgroup subsys cpuset
[    0.000000] Initializing cgroup subsys cpu
[    0.000000] Linux version 3.2.0-29-generic-pae (buildd@roseapple) (gcc version 4.6.3 (Ubuntu/Linaro 4.6.3-1ubuntu5) ) #46-Ubuntu SMP Fri Jul 27 17:25:43 UTC 2012 (Ubuntu 3.2.0-29.46-generic-pae 3.2.24)
[    0.000000] KERNEL supported cpus:
[    0.000000]   Intel GenuineIntel
[    0.000000]   AMD AuthenticAMD
[    0.000000]   NSC Geode by NSC
[    0.000000]   Cyrix CyrixInstead
[    0.000000]   Centaur CentaurHauls
[    0.000000]   Transmeta GenuineTMx86
[    0.000000]   Transmeta TransmetaCPU
[    0.000000]   UMC UMC UMC UMC
[    0.000000] Disabled fast string operations
[    0.000000] BIOS-provided physical RAM map:
[    0.000000]  BIOS-e820: 0000000000000000 - 000000000009f000 (usable)
[    0.000000]  BIOS-e820: 000000000009f000 - 00000000000a0000 (reserved)
[    0.000000]  BIOS-e820: 00000000000ca000 - 00000000000cc000 (reserved)
[    0.000000]  BIOS-e820: 00000000000dc000 - 0000000000100000 (reserved)
[    0.000000]  BIOS-e820: 0000000000100000 - 000000003fee0000 (usable)
[    0.000000]  BIOS-e820: 000000003fee0000 - 000000003feff000 (ACPI data)
[    0.000000]  BIOS-e820: 000000003feff000 - 000000003ff00000 (ACPI NVS)
[    0.000000]  BIOS-e820: 000000003ff00000 - 0000000040000000 (usable)
[    0.000000]  BIOS-e820: 00000000e0000000 - 00000000f0000000 (reserved)
[    0.000000]  BIOS-e820: 00000000fec00000 - 00000000fec10000 (reserved)
[    0.000000]  BIOS-e820: 00000000fee00000 - 00000000fee01000 (reserved)
[    0.000000]  BIOS-e820: 00000000fffe0000 - 0000000100000000 (reserved)
[    0.000000] NX (Execute Disable) protection: active
[    0.000000] DMI present.
[    0.000000] DMI: VMware, Inc. VMware Virtual Platform/440BX Desktop Reference Platform, BIOS 6.00 07/02/2012
[    0.000000] Hypervisor detected: VMware
[    0.000000] e820 update range: 0000000000000000 - 0000000000010000 (usable) ==> (reserved)
[    0.000000] e820 remove range: 00000000000a0000 - 0000000000100000 (usable)
[    0.000000] last_pfn = 0x40000 max_arch_pfn = 0x1000000
[    0.000000] MTRR default type: uncachable
[    0.000000] MTRR fixed ranges enabled:
[    0.000000]   00000-9FFFF write-back
[    0.000000]   A0000-BFFFF uncachable
[    0.000000]   C0000-CBFFF write-protect
[    0.000000]   CC000-EFFFF uncachable
[    0.000000]   F0000-FFFFF write-protect
[    0.000000] MTRR variable ranges enabled:
[    0.000000]   0 base 0000000000 mask FFC0000000 write-back
[    0.000000]   1 disabled
[    0.000000]   2 disabled
[    0.000000]   3 disabled
[    0.000000]   4 disabled
[    0.000000]   5 disabled
[    0.000000]   6 disabled
[    0.000000]   7 disabled
[    0.000000] x86 PAT enabled: cpu 0, old 0x0, new 0x7010600070106
[    0.000000] found SMP MP-table at [c00f6bf0] f6bf0
[    0.000000] initial memory mapped : 0 - 02000000
[    0.000000] Base memory trampoline at [c009b000] 9b000 size 16384
[    0.000000] init_memory_mapping: 0000000000000000-0000000037bfe000
[    0.000000]  0000000000 - 0000200000 page 4k
[    0.000000]  0000200000 - 0037a00000 page 2M
[    0.000000]  0037a00000 - 0037bfe000 page 4k
[    0.000000] kernel direct mapping tables up to 37bfe000 @ 1ffb000-2000000
[    0.000000] RAMDISK: 364ea000 - 3726d000
[    0.000000] ACPI: RSDP 000f6b80 00024 (v02 PTLTD )
[    0.000000] ACPI: XSDT 3feed636 0005C (v01 INTEL  440BX    06040000 VMW  01324272)
[    0.000000] ACPI: FACP 3fefee98 000F4 (v04 INTEL  440BX    06040000 PTL  000F4240)
[    0.000000] ACPI: DSDT 3feee366 10B32 (v01 PTLTD  Custom   06040000 MSFT 03000001)
[    0.000000] ACPI: FACS 3fefffc0 00040
[    0.000000] ACPI: BOOT 3feee33e 00028 (v01 PTLTD  $SBFTBL$ 06040000  LTP 00000001)
[    0.000000] ACPI: APIC 3feedc3e 003C2 (v01 PTLTD  ? APIC   06040000  LTP 00000000)
[    0.000000] ACPI: MCFG 3feedc02 0003C (v01 PTLTD  $PCITBL$ 06040000  LTP 00000001)
[    0.000000] ACPI: SRAT 3feed732 004D0 (v02 VMWARE MEMPLUG  06040000 VMW  00000001)
[    0.000000] ACPI: HPET 3feed6fa 00038 (v01 VMWARE VMW HPET 06040000 VMW  00000001)
[    0.000000] ACPI: WAET 3feed6d2 00028 (v01 VMWARE VMW WAET 06040000 VMW  00000001)
[    0.000000] ACPI: Local APIC address 0xfee00000
[    0.000000] 132MB HIGHMEM available.
[    0.000000] 891MB LOWMEM available.
[    0.000000]   mapped low ram: 0 - 37bfe000
[    0.000000]   low ram: 0 - 37bfe000
[    0.000000] Zone PFN ranges:
[    0.000000]   DMA      0x00000010 -> 0x00001000
[    0.000000]   Normal   0x00001000 -> 0x00037bfe
[    0.000000]   HighMem  0x00037bfe -> 0x00040000
[    0.000000] Movable zone start PFN for each node
[    0.000000] early_node_map[3] active PFN ranges
[    0.000000]     0: 0x00000010 -> 0x0000009f
[    0.000000]     0: 0x00000100 -> 0x0003fee0
[    0.000000]     0: 0x0003ff00 -> 0x00040000
[    0.000000] On node 0 totalpages: 261999
[    0.000000] free_area_init_node: node 0, pgdat c1866a40, node_mem_map f73fd200
[    0.000000]   DMA zone: 32 pages used for memmap
[    0.000000]   DMA zone: 0 pages reserved
[    0.000000]   DMA zone: 3951 pages, LIFO batch:0
[    0.000000]   Normal zone: 1752 pages used for memmap
[    0.000000]   Normal zone: 222502 pages, LIFO batch:31
[    0.000000]   HighMem zone: 265 pages used for memmap
[    0.000000]   HighMem zone: 33497 pages, LIFO batch:7
[    0.000000] Using APIC driver default
[    0.000000] ACPI: PM-Timer IO Port: 0x1008
[    0.000000] ACPI: Local APIC address 0xfee00000
[    0.000000] ACPI: LAPIC (acpi_id[0x00] lapic_id[0x00] enabled)
[    0.000000] ACPI: LAPIC (acpi_id[0x01] lapic_id[0x02] disabled)
[    0.000000] ACPI: LAPIC (acpi_id[0x02] lapic_id[0x04] disabled)
[    0.000000] ACPI: LAPIC (acpi_id[0x03] lapic_id[0x06] disabled)
[    0.000000] ACPI: LAPIC (acpi_id[0x04] lapic_id[0x08] disabled)
[    0.000000] ACPI: LAPIC (acpi_id[0x05] lapic_id[0x0a] disabled)
[    0.000000] ACPI: LAPIC (acpi_id[0x06] lapic_id[0x0c] disabled)
[    0.000000] ACPI: LAPIC (acpi_id[0x07] lapic_id[0x0e] disabled)
[    0.000000] ACPI: LAPIC (acpi_id[0x08] lapic_id[0x10] disabled)
[    0.000000] ACPI: LAPIC (acpi_id[0x09] lapic_id[0x12] disabled)
[    0.000000] ACPI: LAPIC (acpi_id[0x0a] lapic_id[0x14] disabled)
[    0.000000] ACPI: LAPIC (acpi_id[0x0b] lapic_id[0x16] disabled)
[    0.000000] ACPI: LAPIC (acpi_id[0x0c] lapic_id[0x18] disabled)
[    0.000000] ACPI: LAPIC (acpi_id[0x0d] lapic_id[0x1a] disabled)
[    0.000000] ACPI: LAPIC (acpi_id[0x0e] lapic_id[0x1c] disabled)
[    0.000000] ACPI: LAPIC (acpi_id[0x0f] lapic_id[0x1e] disabled)
[    0.000000] ACPI: LAPIC (acpi_id[0x10] lapic_id[0x20] disabled)
[    0.000000] ACPI: LAPIC (acpi_id[0x11] lapic_id[0x22] disabled)
[    0.000000] ACPI: LAPIC (acpi_id[0x12] lapic_id[0x24] disabled)
[    0.000000] ACPI: LAPIC (acpi_id[0x13] lapic_id[0x26] disabled)
[    0.000000] ACPI: LAPIC (acpi_id[0x14] lapic_id[0x28] disabled)
[    0.000000] ACPI: LAPIC (acpi_id[0x15] lapic_id[0x2a] disabled)
[    0.000000] ACPI: LAPIC (acpi_id[0x16] lapic_id[0x2c] disabled)
[    0.000000] ACPI: LAPIC (acpi_id[0x17] lapic_id[0x2e] disabled)
[    0.000000] ACPI: LAPIC (acpi_id[0x18] lapic_id[0x30] disabled)
[    0.000000] ACPI: LAPIC (acpi_id[0x19] lapic_id[0x32] disabled)
[    0.000000] ACPI: LAPIC (acpi_id[0x1a] lapic_id[0x34] disabled)
[    0.000000] ACPI: LAPIC (acpi_id[0x1b] lapic_id[0x36] disabled)
[    0.000000] ACPI: LAPIC (acpi_id[0x1c] lapic_id[0x38] disabled)
[    0.000000] ACPI: LAPIC (acpi_id[0x1d] lapic_id[0x3a] disabled)
[    0.000000] ACPI: LAPIC (acpi_id[0x1e] lapic_id[0x3c] disabled)
[    0.000000] ACPI: LAPIC (acpi_id[0x1f] lapic_id[0x3e] disabled)
[    0.000000] ACPI: LAPIC (acpi_id[0x20] lapic_id[0x40] disabled)
[    0.000000] ACPI: LAPIC (acpi_id[0x21] lapic_id[0x42] disabled)
[    0.000000] ACPI: LAPIC (acpi_id[0x22] lapic_id[0x44] disabled)
[    0.000000] ACPI: LAPIC (acpi_id[0x23] lapic_id[0x46] disabled)
[    0.000000] ACPI: LAPIC (acpi_id[0x24] lapic_id[0x48] disabled)
[    0.000000] ACPI: LAPIC (acpi_id[0x25] lapic_id[0x4a] disabled)
[    0.000000] ACPI: LAPIC (acpi_id[0x26] lapic_id[0x4c] disabled)
[    0.000000] ACPI: LAPIC (acpi_id[0x27] lapic_id[0x4e] disabled)
[    0.000000] ACPI: LAPIC (acpi_id[0x28] lapic_id[0x50] disabled)
[    0.000000] ACPI: LAPIC (acpi_id[0x29] lapic_id[0x52] disabled)
[    0.000000] ACPI: LAPIC (acpi_id[0x2a] lapic_id[0x54] disabled)
[    0.000000] ACPI: LAPIC (acpi_id[0x2b] lapic_id[0x56] disabled)
[    0.000000] ACPI: LAPIC (acpi_id[0x2c] lapic_id[0x58] disabled)
[    0.000000] ACPI: LAPIC (acpi_id[0x2d] lapic_id[0x5a] disabled)
[    0.000000] ACPI: LAPIC (acpi_id[0x2e] lapic_id[0x5c] disabled)
[    0.000000] ACPI: LAPIC (acpi_id[0x2f] lapic_id[0x5e] disabled)
[    0.000000] ACPI: LAPIC (acpi_id[0x30] lapic_id[0x60] disabled)
[    0.000000] ACPI: LAPIC (acpi_id[0x31] lapic_id[0x62] disabled)
[    0.000000] ACPI: LAPIC (acpi_id[0x32] lapic_id[0x64] disabled)
[    0.000000] ACPI: LAPIC (acpi_id[0x33] lapic_id[0x66] disabled)
[    0.000000] ACPI: LAPIC (acpi_id[0x34] lapic_id[0x68] disabled)
[    0.000000] ACPI: LAPIC (acpi_id[0x35] lapic_id[0x6a] disabled)
[    0.000000] ACPI: LAPIC (acpi_id[0x36] lapic_id[0x6c] disabled)
[    0.000000] ACPI: LAPIC (acpi_id[0x37] lapic_id[0x6e] disabled)
[    0.000000] ACPI: LAPIC (acpi_id[0x38] lapic_id[0x70] disabled)
[    0.000000] ACPI: LAPIC (acpi_id[0x39] lapic_id[0x72] disabled)
[    0.000000] ACPI: LAPIC (acpi_id[0x3a] lapic_id[0x74] disabled)
[    0.000000] ACPI: LAPIC (acpi_id[0x3b] lapic_id[0x76] disabled)
[    0.000000] ACPI: LAPIC (acpi_id[0x3c] lapic_id[0x78] disabled)
[    0.000000] ACPI: LAPIC (acpi_id[0x3d] lapic_id[0x7a] disabled)
[    0.000000] ACPI: LAPIC (acpi_id[0x3e] lapic_id[0x7c] disabled)
[    0.000000] ACPI: LAPIC (acpi_id[0x3f] lapic_id[0x7e] disabled)
[    0.000000] ACPI: LAPIC_NMI (acpi_id[0x00] high edge lint[0x1])
[    0.000000] ACPI: LAPIC_NMI (acpi_id[0x01] high edge lint[0x1])
[    0.000000] ACPI: LAPIC_NMI (acpi_id[0x02] high edge lint[0x1])
[    0.000000] ACPI: LAPIC_NMI (acpi_id[0x03] high edge lint[0x1])
[    0.000000] ACPI: LAPIC_NMI (acpi_id[0x04] high edge lint[0x1])
[    0.000000] ACPI: LAPIC_NMI (acpi_id[0x05] high edge lint[0x1])
[    0.000000] ACPI: LAPIC_NMI (acpi_id[0x06] high edge lint[0x1])
[    0.000000] ACPI: LAPIC_NMI (acpi_id[0x07] high edge lint[0x1])
[    0.000000] ACPI: LAPIC_NMI (acpi_id[0x08] high edge lint[0x1])
[    0.000000] ACPI: LAPIC_NMI (acpi_id[0x09] high edge lint[0x1])
[    0.000000] ACPI: LAPIC_NMI (acpi_id[0x0a] high edge lint[0x1])
[    0.000000] ACPI: LAPIC_NMI (acpi_id[0x0b] high edge lint[0x1])
[    0.000000] ACPI: LAPIC_NMI (acpi_id[0x0c] high edge lint[0x1])
[    0.000000] ACPI: LAPIC_NMI (acpi_id[0x0d] high edge lint[0x1])
[    0.000000] ACPI: LAPIC_NMI (acpi_id[0x0e] high edge lint[0x1])
[    0.000000] ACPI: LAPIC_NMI (acpi_id[0x0f] high edge lint[0x1])
[    0.000000] ACPI: LAPIC_NMI (acpi_id[0x10] high edge lint[0x1])
[    0.000000] ACPI: LAPIC_NMI (acpi_id[0x11] high edge lint[0x1])
[    0.000000] ACPI: LAPIC_NMI (acpi_id[0x12] high edge lint[0x1])
[    0.000000] ACPI: LAPIC_NMI (acpi_id[0x13] high edge lint[0x1])
[    0.000000] ACPI: LAPIC_NMI (acpi_id[0x14] high edge lint[0x1])
[    0.000000] ACPI: LAPIC_NMI (acpi_id[0x15] high edge lint[0x1])
[    0.000000] ACPI: LAPIC_NMI (acpi_id[0x16] high edge lint[0x1])
[    0.000000] ACPI: LAPIC_NMI (acpi_id[0x17] high edge lint[0x1])
[    0.000000] ACPI: LAPIC_NMI (acpi_id[0x18] high edge lint[0x1])
[    0.000000] ACPI: LAPIC_NMI (acpi_id[0x19] high edge lint[0x1])
[    0.000000] ACPI: LAPIC_NMI (acpi_id[0x1a] high edge lint[0x1])
[    0.000000] ACPI: LAPIC_NMI (acpi_id[0x1b] high edge lint[0x1])
[    0.000000] ACPI: LAPIC_NMI (acpi_id[0x1c] high edge lint[0x1])
[    0.000000] ACPI: LAPIC_NMI (acpi_id[0x1d] high edge lint[0x1])
[    0.000000] ACPI: LAPIC_NMI (acpi_id[0x1e] high edge lint[0x1])
[    0.000000] ACPI: LAPIC_NMI (acpi_id[0x1f] high edge lint[0x1])
[    0.000000] ACPI: LAPIC_NMI (acpi_id[0x20] high edge lint[0x1])
[    0.000000] ACPI: LAPIC_NMI (acpi_id[0x21] high edge lint[0x1])
[    0.000000] ACPI: LAPIC_NMI (acpi_id[0x22] high edge lint[0x1])
[    0.000000] ACPI: LAPIC_NMI (acpi_id[0x23] high edge lint[0x1])
[    0.000000] ACPI: LAPIC_NMI (acpi_id[0x24] high edge lint[0x1])
[    0.000000] ACPI: LAPIC_NMI (acpi_id[0x25] high edge lint[0x1])
[    0.000000] ACPI: LAPIC_NMI (acpi_id[0x26] high edge lint[0x1])
[    0.000000] ACPI: LAPIC_NMI (acpi_id[0x27] high edge lint[0x1])
[    0.000000] ACPI: LAPIC_NMI (acpi_id[0x28] high edge lint[0x1])
[    0.000000] ACPI: LAPIC_NMI (acpi_id[0x29] high edge lint[0x1])
[    0.000000] ACPI: LAPIC_NMI (acpi_id[0x2a] high edge lint[0x1])
[    0.000000] ACPI: LAPIC_NMI (acpi_id[0x2b] high edge lint[0x1])
[    0.000000] ACPI: LAPIC_NMI (acpi_id[0x2c] high edge lint[0x1])
[    0.000000] ACPI: LAPIC_NMI (acpi_id[0x2d] high edge lint[0x1])
[    0.000000] ACPI: LAPIC_NMI (acpi_id[0x2e] high edge lint[0x1])
[    0.000000] ACPI: LAPIC_NMI (acpi_id[0x2f] high edge lint[0x1])
[    0.000000] ACPI: LAPIC_NMI (acpi_id[0x30] high edge lint[0x1])
[    0.000000] ACPI: LAPIC_NMI (acpi_id[0x31] high edge lint[0x1])
[    0.000000] ACPI: LAPIC_NMI (acpi_id[0x32] high edge lint[0x1])
[    0.000000] ACPI: LAPIC_NMI (acpi_id[0x33] high edge lint[0x1])
[    0.000000] ACPI: LAPIC_NMI (acpi_id[0x34] high edge lint[0x1])
[    0.000000] ACPI: LAPIC_NMI (acpi_id[0x35] high edge lint[0x1])
[    0.000000] ACPI: LAPIC_NMI (acpi_id[0x36] high edge lint[0x1])
[    0.000000] ACPI: LAPIC_NMI (acpi_id[0x37] high edge lint[0x1])
[    0.000000] ACPI: LAPIC_NMI (acpi_id[0x38] high edge lint[0x1])
[    0.000000] ACPI: LAPIC_NMI (acpi_id[0x39] high edge lint[0x1])
[    0.000000] ACPI: LAPIC_NMI (acpi_id[0x3a] high edge lint[0x1])
[    0.000000] ACPI: LAPIC_NMI (acpi_id[0x3b] high edge lint[0x1])
[    0.000000] ACPI: LAPIC_NMI (acpi_id[0x3c] high edge lint[0x1])
[    0.000000] ACPI: LAPIC_NMI (acpi_id[0x3d] high edge lint[0x1])
[    0.000000] ACPI: LAPIC_NMI (acpi_id[0x3e] high edge lint[0x1])
[    0.000000] ACPI: LAPIC_NMI (acpi_id[0x3f] high edge lint[0x1])
[    0.000000] ACPI: Skipping IOAPIC probe due to 'noapic' option.
[    0.000000] Using ACPI for processor (LAPIC) configuration information
[    0.000000] ACPI: HPET id: 0x8086af01 base: 0xfed00000
[    0.000000] Intel MultiProcessor Specification v1.4
[    0.000000]     Virtual Wire compatibility mode.
[    0.000000] MPTABLE: OEM ID: INTEL   
[    0.000000] MPTABLE: Product ID: 440BX       
[    0.000000] MPTABLE: APIC at: 0xFEE00000
[    0.000000] IOAPIC[0]: apic_id 1, version 17, address 0xfec00000, GSI 0-23
[    0.000000] Processors: 1
[    0.000000] SMP: Allowing 1 CPUs, 0 hotplug CPUs
[    0.000000] nr_irqs_gsi: 40
[    0.000000] PM: Registered nosave memory: 000000000009f000 - 00000000000a0000
[    0.000000] PM: Registered nosave memory: 00000000000a0000 - 00000000000ca000
[    0.000000] PM: Registered nosave memory: 00000000000ca000 - 00000000000cc000
[    0.000000] PM: Registered nosave memory: 00000000000cc000 - 00000000000dc000
[    0.000000] PM: Registered nosave memory: 00000000000dc000 - 0000000000100000
[    0.000000] Allocating PCI resources starting at 40000000 (gap: 40000000:a0000000)
[    0.000000] Booting paravirtualized kernel on bare hardware
[    0.000000] setup_percpu: NR_CPUS:8 nr_cpumask_bits:8 nr_cpu_ids:1 nr_node_ids:1
[    0.000000] PERCPU: Embedded 14 pages/cpu @f73e8000 s34240 r0 d23104 u57344
[    0.000000] pcpu-alloc: s34240 r0 d23104 u57344 alloc=14*4096
[    0.000000] pcpu-alloc: [0] 0 
[    0.000000] Built 1 zonelists in Zone order, mobility grouping on.  Total pages: 259950
[    0.000000] Kernel command line: BOOT_IMAGE=/boot/vmlinuz-3.2.0-29-generic-pae root=UUID=007b598c-390d-4c65-84a1-4ff752d48633 ro quiet splash maxcpus=0
[    0.000000] PID hash table entries: 4096 (order: 2, 16384 bytes)
[    0.000000] Dentry cache hash table entries: 131072 (order: 7, 524288 bytes)
[    0.000000] Inode-cache hash table entries: 65536 (order: 6, 262144 bytes)
[    0.000000] Initializing CPU#0
[    0.000000] xsave/xrstor: enabled xstate_bv 0x7, cntxt size 0x340
[    0.000000] allocated 4194048 bytes of page_cgroup
[    0.000000] please try 'cgroup_disable=memory' option if you don't want memory cgroups
[    0.000000] Initializing HighMem for node 0 (00037bfe:00040000)
[    0.000000] Memory: 1010624k/1048576k available (5814k kernel code, 37372k reserved, 2841k data, 740k init, 135048k highmem)
[    0.000000] virtual kernel memory layout:
[    0.000000]     fixmap  : 0xfff16000 - 0xfffff000   ( 932 kB)
[    0.000000]     pkmap   : 0xffc00000 - 0xffe00000   (2048 kB)
[    0.000000]     vmalloc : 0xf83fe000 - 0xffbfe000   ( 120 MB)
[    0.000000]     lowmem  : 0xc0000000 - 0xf7bfe000   ( 891 MB)
[    0.000000]       .init : 0xc1875000 - 0xc192e000   ( 740 kB)
[    0.000000]       .data : 0xc15adb64 - 0xc1874240   (2841 kB)
[    0.000000]       .text : 0xc1000000 - 0xc15adb64   (5814 kB)
[    0.000000] Checking if this processor honours the WP bit even in supervisor mode...Ok.
[    0.000000] SLUB: Genslabs=15, HWalign=64, Order=0-3, MinObjects=0, CPUs=1, Nodes=1
[    0.000000] Hierarchical RCU implementation.
[    0.000000] 	RCU dyntick-idle grace-period acceleration is enabled.
[    0.000000] NR_IRQS:2304 nr_irqs:256 16
[    0.000000] CPU 0 irqstacks, hard=f5c08000 soft=f5c0a000
[    0.000000] Extended CMOS year: 2000
[    0.000000] Console: colour VGA+ 80x25
[    0.000000] console [tty0] enabled
[    0.000000] hpet clockevent registered
[    0.000000] TSC freq read from hypervisor : 2394.620 MHz
[    0.000000] Detected 2394.620 MHz processor.
[    0.000001] Calibrating delay loop (skipped) preset value.. 4789.24 BogoMIPS (lpj=9578480)
[    0.000004] pid_max: default: 32768 minimum: 301
[    0.000019] Security Framework initialized
[    0.000033] AppArmor: AppArmor initialized
[    0.000035] Yama: becoming mindful.
[    0.000070] Mount-cache hash table entries: 512
[    0.000149] Initializing cgroup subsys cpuacct
[    0.000153] Initializing cgroup subsys memory
[    0.000157] Initializing cgroup subsys devices
[    0.000159] Initializing cgroup subsys freezer
[    0.000160] Initializing cgroup subsys blkio
[    0.000165] Initializing cgroup subsys perf_event
[    0.000208] Disabled fast string operations
[    0.000211] CPU: Physical Processor ID: 0
[    0.000220] ENERGY_PERF_BIAS: Set to 'normal', was 'performance'
[    0.000221] ENERGY_PERF_BIAS: View and update with x86_energy_perf_policy(8)
[    0.000890] mce: CPU supports 0 MCE banks
[    0.001831] SMP alternatives: switching to UP code
[    0.021205] Freeing SMP alternatives: 24k freed
[    0.021211] ACPI: Core revision 20110623
[    0.030023] ACPI: setting ELCR to 0200 (from 0e20)
[    0.032001] ftrace: allocating 26545 entries in 52 pages
[    0.052341] SMP mode deactivated.
[    0.052378] SMP disabled
[    0.052380] Performance Events: generic architected perfmon v1, core PMU driver.
[    0.052392] ... version:                1
[    0.052393] ... bit width:              48
[    0.052395] ... generic registers:      4
[    0.052396] ... value mask:             0000ffffffffffff
[    0.052397] ... max period:             000000007fffffff
[    0.052398] ... fixed-purpose events:   0
[    0.052399] ... event mask:             000000000000000f
[    0.052487] NMI watchdog enabled, takes one hw-pmu counter.
[    0.052533] Brought up 1 CPUs
[    0.052535] Total of 1 processors activated (4789.24 BogoMIPS).
[    0.052637] devtmpfs: initialized
[    0.052704] EVM: security.selinux
[    0.052705] EVM: security.SMACK64
[    0.052706] EVM: security.capability
[    0.052730] PM: Registering ACPI NVS region at 3feff000 (4096 bytes)
[    0.053426] print_constraints: dummy: 
[    0.053493] RTC time: 11:11:05, date: 05/27/13
[    0.053534] NET: Registered protocol family 16
[    0.053605] EISA bus registered
[    0.053614] ACPI: bus type pci registered
[    0.053749] PCI: MMCONFIG for domain 0000 [bus 00-ff] at [mem 0xe0000000-0xefffffff] (base 0xe0000000)
[    0.053751] PCI: MMCONFIG at [mem 0xe0000000-0xefffffff] reserved in E820
[    0.053752] PCI: Using MMCONFIG for extended config space
[    0.053754] PCI: Using configuration type 1 for base access
[    0.054413] bio: create slab <bio-0> at 0
[    0.054475] ACPI: Added _OSI(Module Device)
[    0.054476] ACPI: Added _OSI(Processor Device)
[    0.054477] ACPI: Added _OSI(3.0 _SCP Extensions)
[    0.054478] ACPI: Added _OSI(Processor Aggregator Device)
[    0.056631] ACPI: EC: Look up EC in DSDT
[    0.061127] [Firmware Bug]: ACPI: BIOS _OSI(Linux) query ignored
[    0.068671] ACPI: Interpreter enabled
[    0.068679] ACPI: (supports S0 S1 S4 S5)
[    0.068689] ACPI: Using PIC for interrupt routing
[    0.108117] ACPI: No dock devices found.
[    0.108120] HEST: Table not found.
[    0.108124] PCI: Using host bridge windows from ACPI; if necessary, use "pci=nocrs" and report a bug
[    0.108807] ACPI: PCI Root Bridge [PCI0] (domain 0000 [bus 00-ff])
[    0.109932] pci_root PNP0A03:00: host bridge window [mem 0x000a0000-0x000bffff]
[    0.109934] pci_root PNP0A03:00: host bridge window [mem 0x000cc000-0x000cffff]
[    0.109935] pci_root PNP0A03:00: host bridge window [mem 0x000d0000-0x000d3fff]
[    0.109937] pci_root PNP0A03:00: host bridge window [mem 0x000d4000-0x000d7fff]
[    0.109938] pci_root PNP0A03:00: host bridge window [mem 0x000d8000-0x000dbfff]
[    0.109940] pci_root PNP0A03:00: host bridge window [mem 0xc0000000-0xfebfffff]
[    0.109942] pci_root PNP0A03:00: host bridge window [io  0x0000-0x0cf7]
[    0.109943] pci_root PNP0A03:00: host bridge window [io  0x0d00-0xfeff]
[    0.109992] pci 0000:00:00.0: [8086:7190] type 0 class 0x000600
[    0.110397] pci 0000:00:01.0: [8086:7191] type 1 class 0x000604
[    0.110786] pci 0000:00:07.0: [8086:7110] type 0 class 0x000601
[    0.111384] pci 0000:00:07.1: [8086:7111] type 0 class 0x000101
[    0.112919] pci 0000:00:07.1: reg 20: [io  0x10c0-0x10cf]
[    0.113635] pci 0000:00:07.3: [8086:7113] type 0 class 0x000680
[    0.115238] pci 0000:00:07.3: quirk: [io  0x1000-0x103f] claimed by PIIX4 ACPI
[    0.115250] pci 0000:00:07.3: quirk: [io  0x1040-0x104f] claimed by PIIX4 SMB
[    0.115474] pci 0000:00:07.7: [15ad:0740] type 0 class 0x000880
[    0.115954] pci 0000:00:07.7: reg 10: [io  0x1080-0x10bf]
[    0.116529] pci 0000:00:07.7: reg 14: [mem 0xc8000000-0xc8001fff 64bit]
[    0.118521] pci 0000:00:0f.0: [15ad:0405] type 0 class 0x000300
[    0.120580] pci 0000:00:0f.0: reg 10: [io  0x10d0-0x10df]
[    0.122553] pci 0000:00:0f.0: reg 14: [mem 0xd0000000-0xd7ffffff pref]
[    0.124530] pci 0000:00:0f.0: reg 18: [mem 0xc8800000-0xc8ffffff]
[    0.132386] pci 0000:00:0f.0: reg 30: [mem 0x00000000-0x00007fff pref]
[    0.132703] pci 0000:00:10.0: [1000:0030] type 0 class 0x000100
[    0.133268] pci 0000:00:10.0: reg 10: [io  0x1400-0x14ff]
[    0.133992] pci 0000:00:10.0: reg 14: [mem 0xc8040000-0xc805ffff 64bit]
[    0.134715] pci 0000:00:10.0: reg 1c: [mem 0xc8020000-0xc803ffff 64bit]
[    0.135795] pci 0000:00:10.0: reg 30: [mem 0x00000000-0x00003fff pref]
[    0.135960] pci 0000:00:11.0: [15ad:0790] type 1 class 0x000604
[    0.136693] pci 0000:00:15.0: [15ad:07a0] type 1 class 0x000604
[    0.137472] pci 0000:00:15.0: PME# supported from D0 D3hot D3cold
[    0.137497] pci 0000:00:15.0: PME# disabled
[    0.137737] pci 0000:00:15.1: [15ad:07a0] type 1 class 0x000604
[    0.138505] pci 0000:00:15.1: PME# supported from D0 D3hot D3cold
[    0.138528] pci 0000:00:15.1: PME# disabled
[    0.138768] pci 0000:00:15.2: [15ad:07a0] type 1 class 0x000604
[    0.139543] pci 0000:00:15.2: PME# supported from D0 D3hot D3cold
[    0.139566] pci 0000:00:15.2: PME# disabled
[    0.139820] pci 0000:00:15.3: [15ad:07a0] type 1 class 0x000604
[    0.140634] pci 0000:00:15.3: PME# supported from D0 D3hot D3cold
[    0.140662] pci 0000:00:15.3: PME# disabled
[    0.140929] pci 0000:00:15.4: [15ad:07a0] type 1 class 0x000604
[    0.141798] pci 0000:00:15.4: PME# supported from D0 D3hot D3cold
[    0.141824] pci 0000:00:15.4: PME# disabled
[    0.142095] pci 0000:00:15.5: [15ad:07a0] type 1 class 0x000604
[    0.142962] pci 0000:00:15.5: PME# supported from D0 D3hot D3cold
[    0.142989] pci 0000:00:15.5: PME# disabled
[    0.143251] pci 0000:00:15.6: [15ad:07a0] type 1 class 0x000604
[    0.144122] pci 0000:00:15.6: PME# supported from D0 D3hot D3cold
[    0.144149] pci 0000:00:15.6: PME# disabled
[    0.144424] pci 0000:00:15.7: [15ad:07a0] type 1 class 0x000604
[    0.145266] pci 0000:00:15.7: PME# supported from D0 D3hot D3cold
[    0.145293] pci 0000:00:15.7: PME# disabled
[    0.145569] pci 0000:00:16.0: [15ad:07a0] type 1 class 0x000604
[    0.146434] pci 0000:00:16.0: PME# supported from D0 D3hot D3cold
[    0.146461] pci 0000:00:16.0: PME# disabled
[    0.146723] pci 0000:00:16.1: [15ad:07a0] type 1 class 0x000604
[    0.147565] pci 0000:00:16.1: PME# supported from D0 D3hot D3cold
[    0.147592] pci 0000:00:16.1: PME# disabled
[    0.147870] pci 0000:00:16.2: [15ad:07a0] type 1 class 0x000604
[    0.148723] pci 0000:00:16.2: PME# supported from D0 D3hot D3cold
[    0.148750] pci 0000:00:16.2: PME# disabled
[    0.149013] pci 0000:00:16.3: [15ad:07a0] type 1 class 0x000604
[    0.149857] pci 0000:00:16.3: PME# supported from D0 D3hot D3cold
[    0.149884] pci 0000:00:16.3: PME# disabled
[    0.150146] pci 0000:00:16.4: [15ad:07a0] type 1 class 0x000604
[    0.150997] pci 0000:00:16.4: PME# supported from D0 D3hot D3cold
[    0.151022] pci 0000:00:16.4: PME# disabled
[    0.151291] pci 0000:00:16.5: [15ad:07a0] type 1 class 0x000604
[    0.152159] pci 0000:00:16.5: PME# supported from D0 D3hot D3cold
[    0.152186] pci 0000:00:16.5: PME# disabled
[    0.152451] pci 0000:00:16.6: [15ad:07a0] type 1 class 0x000604
[    0.153291] pci 0000:00:16.6: PME# supported from D0 D3hot D3cold
[    0.153319] pci 0000:00:16.6: PME# disabled
[    0.153589] pci 0000:00:16.7: [15ad:07a0] type 1 class 0x000604
[    0.154441] pci 0000:00:16.7: PME# supported from D0 D3hot D3cold
[    0.154466] pci 0000:00:16.7: PME# disabled
[    0.154730] pci 0000:00:17.0: [15ad:07a0] type 1 class 0x000604
[    0.155579] pci 0000:00:17.0: PME# supported from D0 D3hot D3cold
[    0.155605] pci 0000:00:17.0: PME# disabled
[    0.155883] pci 0000:00:17.1: [15ad:07a0] type 1 class 0x000604
[    0.156734] pci 0000:00:17.1: PME# supported from D0 D3hot D3cold
[    0.156761] pci 0000:00:17.1: PME# disabled
[    0.157025] pci 0000:00:17.2: [15ad:07a0] type 1 class 0x000604
[    0.157868] pci 0000:00:17.2: PME# supported from D0 D3hot D3cold
[    0.157894] pci 0000:00:17.2: PME# disabled
[    0.158157] pci 0000:00:17.3: [15ad:07a0] type 1 class 0x000604
[    0.159006] pci 0000:00:17.3: PME# supported from D0 D3hot D3cold
[    0.159031] pci 0000:00:17.3: PME# disabled
[    0.159293] pci 0000:00:17.4: [15ad:07a0] type 1 class 0x000604
[    0.160161] pci 0000:00:17.4: PME# supported from D0 D3hot D3cold
[    0.160189] pci 0000:00:17.4: PME# disabled
[    0.160456] pci 0000:00:17.5: [15ad:07a0] type 1 class 0x000604
[    0.161136] pci 0000:00:17.5: PME# supported from D0 D3hot D3cold
[    0.161158] pci 0000:00:17.5: PME# disabled
[    0.161379] pci 0000:00:17.6: [15ad:07a0] type 1 class 0x000604
[    0.162059] pci 0000:00:17.6: PME# supported from D0 D3hot D3cold
[    0.162081] pci 0000:00:17.6: PME# disabled
[    0.162293] pci 0000:00:17.7: [15ad:07a0] type 1 class 0x000604
[    0.162981] pci 0000:00:17.7: PME# supported from D0 D3hot D3cold
[    0.163003] pci 0000:00:17.7: PME# disabled
[    0.163214] pci 0000:00:18.0: [15ad:07a0] type 1 class 0x000604
[    0.163916] pci 0000:00:18.0: PME# supported from D0 D3hot D3cold
[    0.163938] pci 0000:00:18.0: PME# disabled
[    0.164150] pci 0000:00:18.1: [15ad:07a0] type 1 class 0x000604
[    0.164841] pci 0000:00:18.1: PME# supported from D0 D3hot D3cold
[    0.164863] pci 0000:00:18.1: PME# disabled
[    0.165075] pci 0000:00:18.2: [15ad:07a0] type 1 class 0x000604
[    0.165764] pci 0000:00:18.2: PME# supported from D0 D3hot D3cold
[    0.165785] pci 0000:00:18.2: PME# disabled
[    0.165998] pci 0000:00:18.3: [15ad:07a0] type 1 class 0x000604
[    0.166690] pci 0000:00:18.3: PME# supported from D0 D3hot D3cold
[    0.166712] pci 0000:00:18.3: PME# disabled
[    0.166925] pci 0000:00:18.4: [15ad:07a0] type 1 class 0x000604
[    0.167614] pci 0000:00:18.4: PME# supported from D0 D3hot D3cold
[    0.167635] pci 0000:00:18.4: PME# disabled
[    0.167869] pci 0000:00:18.5: [15ad:07a0] type 1 class 0x000604
[    0.168558] pci 0000:00:18.5: PME# supported from D0 D3hot D3cold
[    0.168579] pci 0000:00:18.5: PME# disabled
[    0.168792] pci 0000:00:18.6: [15ad:07a0] type 1 class 0x000604
[    0.169481] pci 0000:00:18.6: PME# supported from D0 D3hot D3cold
[    0.169503] pci 0000:00:18.6: PME# disabled
[    0.169715] pci 0000:00:18.7: [15ad:07a0] type 1 class 0x000604
[    0.170464] pci 0000:00:18.7: PME# supported from D0 D3hot D3cold
[    0.170486] pci 0000:00:18.7: PME# disabled
[    0.171027] pci 0000:00:01.0: PCI bridge to [bus 01-01]
[    0.171308] pci 0000:02:00.0: [15ad:0774] type 0 class 0x000c03
[    0.172596] pci 0000:02:00.0: reg 20: [io  0x20c0-0x20df]
[    0.173205] pci 0000:02:01.0: [1022:2000] type 0 class 0x000200
[    0.173534] pci 0000:02:01.0: reg 10: [io  0x2000-0x207f]
[    0.174997] pci 0000:02:01.0: reg 30: [mem 0x00000000-0x0000ffff pref]
[    0.175115] pci 0000:02:02.0: [1274:1371] type 0 class 0x000401
[    0.175444] pci 0000:02:02.0: reg 10: [io  0x2080-0x20bf]
[    0.177286] pci 0000:02:03.0: [15ad:0770] type 0 class 0x000c03
[    0.177551] pci 0000:02:03.0: reg 10: [mem 0xc9000000-0xc9000fff]
[    0.179166] pci 0000:00:11.0: PCI bridge to [bus 02-02] (subtractive decode)
[    0.179187] pci 0000:00:11.0:   bridge window [io  0x2000-0x3fff]
[    0.179208] pci 0000:00:11.0:   bridge window [mem 0xc9000000-0xca3fffff]
[    0.179248] pci 0000:00:11.0:   bridge window [mem 0xd8400000-0xd89fffff 64bit pref]
[    0.179250] pci 0000:00:11.0:   bridge window [mem 0x000a0000-0x000bffff] (subtractive decode)
[    0.179251] pci 0000:00:11.0:   bridge window [mem 0x000cc000-0x000cffff] (subtractive decode)
[    0.179253] pci 0000:00:11.0:   bridge window [mem 0x000d0000-0x000d3fff] (subtractive decode)
[    0.179255] pci 0000:00:11.0:   bridge window [mem 0x000d4000-0x000d7fff] (subtractive decode)
[    0.179256] pci 0000:00:11.0:   bridge window [mem 0x000d8000-0x000dbfff] (subtractive decode)
[    0.179258] pci 0000:00:11.0:   bridge window [mem 0xc0000000-0xfebfffff] (subtractive decode)
[    0.179260] pci 0000:00:11.0:   bridge window [io  0x0000-0x0cf7] (subtractive decode)
[    0.179261] pci 0000:00:11.0:   bridge window [io  0x0d00-0xfeff] (subtractive decode)
[    0.179706] pci 0000:00:15.0: PCI bridge to [bus 03-03]
[    0.179727] pci 0000:00:15.0:   bridge window [io  0x4000-0x4fff]
[    0.179748] pci 0000:00:15.0:   bridge window [mem 0xca400000-0xca4fffff]
[    0.179787] pci 0000:00:15.0:   bridge window [mem 0xd8a00000-0xd8afffff 64bit pref]
[    0.180201] pci 0000:00:15.1: PCI bridge to [bus 04-04]
[    0.180221] pci 0000:00:15.1:   bridge window [io  0x8000-0x8fff]
[    0.180242] pci 0000:00:15.1:   bridge window [mem 0xca800000-0xca8fffff]
[    0.180281] pci 0000:00:15.1:   bridge window [mem 0xd8e00000-0xd8efffff 64bit pref]
[    0.180852] pci 0000:00:15.2: PCI bridge to [bus 05-05]
[    0.180881] pci 0000:00:15.2:   bridge window [io  0xc000-0xcfff]
[    0.180909] pci 0000:00:15.2:   bridge window [mem 0xcac00000-0xcacfffff]
[    0.180963] pci 0000:00:15.2:   bridge window [mem 0xd9200000-0xd92fffff 64bit pref]
[    0.181548] pci 0000:00:15.3: PCI bridge to [bus 06-06]
[    0.181601] pci 0000:00:15.3:   bridge window [mem 0xcb000000-0xcb0fffff]
[    0.181655] pci 0000:00:15.3:   bridge window [mem 0xd9600000-0xd96fffff 64bit pref]
[    0.182217] pci 0000:00:15.4: PCI bridge to [bus 07-07]
[    0.182268] pci 0000:00:15.4:   bridge window [mem 0xcb400000-0xcb4fffff]
[    0.182332] pci 0000:00:15.4:   bridge window [mem 0xd9a00000-0xd9afffff 64bit pref]
[    0.182896] pci 0000:00:15.5: PCI bridge to [bus 08-08]
[    0.182949] pci 0000:00:15.5:   bridge window [mem 0xcb800000-0xcb8fffff]
[    0.183003] pci 0000:00:15.5:   bridge window [mem 0xd9e00000-0xd9efffff 64bit pref]
[    0.183577] pci 0000:00:15.6: PCI bridge to [bus 09-09]
[    0.183629] pci 0000:00:15.6:   bridge window [mem 0xcbc00000-0xcbcfffff]
[    0.183701] pci 0000:00:15.6:   bridge window [mem 0xda200000-0xda2fffff 64bit pref]
[    0.184264] pci 0000:00:15.7: PCI bridge to [bus 0a-0a]
[    0.184326] pci 0000:00:15.7:   bridge window [mem 0xcc000000-0xcc0fffff]
[    0.184381] pci 0000:00:15.7:   bridge window [mem 0xda600000-0xda6fffff 64bit pref]
[    0.184943] pci 0000:00:16.0: PCI bridge to [bus 0b-0b]
[    0.184970] pci 0000:00:16.0:   bridge window [io  0x5000-0x5fff]
[    0.184998] pci 0000:00:16.0:   bridge window [mem 0xca500000-0xca5fffff]
[    0.185051] pci 0000:00:16.0:   bridge window [mem 0xd8b00000-0xd8bfffff 64bit pref]
[    0.185552] pci 0000:00:16.1: PCI bridge to [bus 0c-0c]
[    0.185572] pci 0000:00:16.1:   bridge window [io  0x9000-0x9fff]
[    0.185593] pci 0000:00:16.1:   bridge window [mem 0xca900000-0xca9fffff]
[    0.185631] pci 0000:00:16.1:   bridge window [mem 0xd8f00000-0xd8ffffff 64bit pref]
[    0.186045] pci 0000:00:16.2: PCI bridge to [bus 0d-0d]
[    0.186065] pci 0000:00:16.2:   bridge window [io  0xd000-0xdfff]
[    0.186086] pci 0000:00:16.2:   bridge window [mem 0xcad00000-0xcadfffff]
[    0.186125] pci 0000:00:16.2:   bridge window [mem 0xd9300000-0xd93fffff 64bit pref]
[    0.186548] pci 0000:00:16.3: PCI bridge to [bus 0e-0e]
[    0.186587] pci 0000:00:16.3:   bridge window [mem 0xcb100000-0xcb1fffff]
[    0.186626] pci 0000:00:16.3:   bridge window [mem 0xd9700000-0xd97fffff 64bit pref]
[    0.187036] pci 0000:00:16.4: PCI bridge to [bus 0f-0f]
[    0.187074] pci 0000:00:16.4:   bridge window [mem 0xcb500000-0xcb5fffff]
[    0.187113] pci 0000:00:16.4:   bridge window [mem 0xd9b00000-0xd9bfffff 64bit pref]
[    0.187532] pci 0000:00:16.5: PCI bridge to [bus 10-10]
[    0.187570] pci 0000:00:16.5:   bridge window [mem 0xcb900000-0xcb9fffff]
[    0.187609] pci 0000:00:16.5:   bridge window [mem 0xd9f00000-0xd9ffffff 64bit pref]
[    0.188034] pci 0000:00:16.6: PCI bridge to [bus 11-11]
[    0.188073] pci 0000:00:16.6:   bridge window [mem 0xcbd00000-0xcbdfffff]
[    0.188112] pci 0000:00:16.6:   bridge window [mem 0xda300000-0xda3fffff 64bit pref]
[    0.188529] pci 0000:00:16.7: PCI bridge to [bus 12-12]
[    0.188568] pci 0000:00:16.7:   bridge window [mem 0xcc100000-0xcc1fffff]
[    0.188607] pci 0000:00:16.7:   bridge window [mem 0xda700000-0xda7fffff 64bit pref]
[    0.189018] pci 0000:00:17.0: PCI bridge to [bus 13-13]
[    0.189039] pci 0000:00:17.0:   bridge window [io  0x6000-0x6fff]
[    0.189059] pci 0000:00:17.0:   bridge window [mem 0xca600000-0xca6fffff]
[    0.189098] pci 0000:00:17.0:   bridge window [mem 0xd8c00000-0xd8cfffff 64bit pref]
[    0.189516] pci 0000:00:17.1: PCI bridge to [bus 14-14]
[    0.189536] pci 0000:00:17.1:   bridge window [io  0xa000-0xafff]
[    0.189557] pci 0000:00:17.1:   bridge window [mem 0xcaa00000-0xcaafffff]
[    0.189596] pci 0000:00:17.1:   bridge window [mem 0xd9000000-0xd90fffff 64bit pref]
[    0.190008] pci 0000:00:17.2: PCI bridge to [bus 15-15]
[    0.190028] pci 0000:00:17.2:   bridge window [io  0xe000-0xefff]
[    0.190049] pci 0000:00:17.2:   bridge window [mem 0xcae00000-0xcaefffff]
[    0.190088] pci 0000:00:17.2:   bridge window [mem 0xd9400000-0xd94fffff 64bit pref]
[    0.190511] pci 0000:00:17.3: PCI bridge to [bus 16-16]
[    0.190550] pci 0000:00:17.3:   bridge window [mem 0xcb200000-0xcb2fffff]
[    0.190588] pci 0000:00:17.3:   bridge window [mem 0xd9800000-0xd98fffff 64bit pref]
[    0.191001] pci 0000:00:17.4: PCI bridge to [bus 17-17]
[    0.191039] pci 0000:00:17.4:   bridge window [mem 0xcb600000-0xcb6fffff]
[    0.191078] pci 0000:00:17.4:   bridge window [mem 0xd9c00000-0xd9cfffff 64bit pref]
[    0.191500] pci 0000:00:17.5: PCI bridge to [bus 18-18]
[    0.191539] pci 0000:00:17.5:   bridge window [mem 0xcba00000-0xcbafffff]
[    0.191579] pci 0000:00:17.5:   bridge window [mem 0xda000000-0xda0fffff 64bit pref]
[    0.192003] pci 0000:00:17.6: PCI bridge to [bus 19-19]
[    0.192042] pci 0000:00:17.6:   bridge window [mem 0xcbe00000-0xcbefffff]
[    0.192081] pci 0000:00:17.6:   bridge window [mem 0xda400000-0xda4fffff 64bit pref]
[    0.192496] pci 0000:00:17.7: PCI bridge to [bus 1a-1a]
[    0.192535] pci 0000:00:17.7:   bridge window [mem 0xcc200000-0xcc2fffff]
[    0.192575] pci 0000:00:17.7:   bridge window [mem 0xda800000-0xda8fffff 64bit pref]
[    0.192986] pci 0000:00:18.0: PCI bridge to [bus 1b-1b]
[    0.193007] pci 0000:00:18.0:   bridge window [io  0x7000-0x7fff]
[    0.193028] pci 0000:00:18.0:   bridge window [mem 0xca700000-0xca7fffff]
[    0.193067] pci 0000:00:18.0:   bridge window [mem 0xd8d00000-0xd8dfffff 64bit pref]
[    0.193480] pci 0000:00:18.1: PCI bridge to [bus 1c-1c]
[    0.193500] pci 0000:00:18.1:   bridge window [io  0xb000-0xbfff]
[    0.193521] pci 0000:00:18.1:   bridge window [mem 0xcab00000-0xcabfffff]
[    0.193560] pci 0000:00:18.1:   bridge window [mem 0xd9100000-0xd91fffff 64bit pref]
[    0.193971] pci 0000:00:18.2: PCI bridge to [bus 1d-1d]
[    0.193991] pci 0000:00:18.2:   bridge window [io  0xf000-0xffff]
[    0.194012] pci 0000:00:18.2:   bridge window [mem 0xcaf00000-0xcaffffff]
[    0.194051] pci 0000:00:18.2:   bridge window [mem 0xd9500000-0xd95fffff 64bit pref]
[    0.194477] pci 0000:00:18.3: PCI bridge to [bus 1e-1e]
[    0.194516] pci 0000:00:18.3:   bridge window [mem 0xcb300000-0xcb3fffff]
[    0.194555] pci 0000:00:18.3:   bridge window [mem 0xd9900000-0xd99fffff 64bit pref]
[    0.194966] pci 0000:00:18.4: PCI bridge to [bus 1f-1f]
[    0.195005] pci 0000:00:18.4:   bridge window [mem 0xcb700000-0xcb7fffff]
[    0.195044] pci 0000:00:18.4:   bridge window [mem 0xd9d00000-0xd9dfffff 64bit pref]
[    0.195467] pci 0000:00:18.5: PCI bridge to [bus 20-20]
[    0.195506] pci 0000:00:18.5:   bridge window [mem 0xcbb00000-0xcbbfffff]
[    0.195545] pci 0000:00:18.5:   bridge window [mem 0xda100000-0xda1fffff 64bit pref]
[    0.195969] pci 0000:00:18.6: PCI bridge to [bus 21-21]
[    0.196008] pci 0000:00:18.6:   bridge window [mem 0xcbf00000-0xcbffffff]
[    0.196047] pci 0000:00:18.6:   bridge window [mem 0xda500000-0xda5fffff 64bit pref]
[    0.196463] pci 0000:00:18.7: PCI bridge to [bus 22-22]
[    0.196502] pci 0000:00:18.7:   bridge window [mem 0xcc300000-0xcc3fffff]
[    0.196541] pci 0000:00:18.7:   bridge window [mem 0xda900000-0xda9fffff 64bit pref]
[    0.198085] pci_bus 0000:00: on NUMA node 0
[    0.198090] ACPI: PCI Interrupt Routing Table [\_SB_.PCI0._PRT]
[    0.198685]  pci0000:00: Requesting ACPI _OSC control (0x1d)
[    0.198878]  pci0000:00: ACPI _OSC control (0x15) granted
[    0.272476] ACPI: PCI Interrupt Link [LNKA] (IRQs 3 4 5 6 7 *9 10 11 14 15)
[    0.272542] ACPI: PCI Interrupt Link [LNKB] (IRQs 3 4 5 6 7 9 10 *11 14 15)
[    0.272604] ACPI: PCI Interrupt Link [LNKC] (IRQs 3 4 5 6 7 9 *10 11 14 15)
[    0.272664] ACPI: PCI Interrupt Link [LNKD] (IRQs 3 4 *5 6 7 9 10 11 14 15)
[    0.272792] vgaarb: device added: PCI:0000:00:0f.0,decodes=io+mem,owns=io+mem,locks=none
[    0.272801] vgaarb: loaded
[    0.272802] vgaarb: bridge control possible 0000:00:0f.0
[    0.272878] i2c-core: driver [aat2870] using legacy suspend method
[    0.272879] i2c-core: driver [aat2870] using legacy resume method
[    0.272940] SCSI subsystem initialized
[    0.272976] libata version 3.00 loaded.
[    0.273004] usbcore: registered new interface driver usbfs
[    0.273013] usbcore: registered new interface driver hub
[    0.273034] usbcore: registered new device driver usb
[    0.273095] PCI: Using ACPI for IRQ routing
[    0.339250] PCI: pci_cache_line_size set to 64 bytes
[    0.339271] pci 0000:00:18.2: no compatible bridge window for [io  0xf000-0xffff]
[    0.340273] reserve RAM buffer: 000000000009f000 - 000000000009ffff 
[    0.340276] reserve RAM buffer: 000000003fee0000 - 000000003fffffff 
[    0.340390] NetLabel: Initializing
[    0.340392] NetLabel:  domain hash size = 128
[    0.340393] NetLabel:  protocols = UNLABELED CIPSOv4
[    0.340403] NetLabel:  unlabeled traffic allowed by default
[    0.340567] hpet0: at MMIO 0xfed00000, IRQs 2, 8, 0, 0, 0, 0, 0, 0, 0, 0, 0, 0, 0, 0, 0, 0
[    0.340576] hpet0: 16 comparators, 64-bit 14.318180 MHz counter
[    0.342678] Switching to clocksource hpet
[    0.350259] AppArmor: AppArmor Filesystem Enabled
[    0.350281] pnp: PnP ACPI init
[    0.350302] ACPI: bus type pnp registered
[    0.351133] pnp 00:00: [bus 00-ff]
[    0.351135] pnp 00:00: [mem 0x000a0000-0x000bffff window]
[    0.351138] pnp 00:00: [mem 0x000c0000-0x000c3fff window]
[    0.351140] pnp 00:00: [mem 0x000c4000-0x000c7fff window]
[    0.351142] pnp 00:00: [mem 0x000c8000-0x000cbfff window]
[    0.351143] pnp 00:00: [mem 0x000cc000-0x000cffff window]
[    0.351145] pnp 00:00: [mem 0x000d0000-0x000d3fff window]
[    0.351147] pnp 00:00: [mem 0x000d4000-0x000d7fff window]
[    0.351150] pnp 00:00: [mem 0x000d8000-0x000dbfff window]
[    0.351152] pnp 00:00: [mem 0x000dc000-0x000dffff window]
[    0.351153] pnp 00:00: [mem 0x000e0000-0x000e3fff window]
[    0.351155] pnp 00:00: [mem 0x000e4000-0x000e7fff window]
[    0.351157] pnp 00:00: [mem 0x000e8000-0x000ebfff window]
[    0.351159] pnp 00:00: [mem 0x000ec000-0x000effff window]
[    0.351161] pnp 00:00: [mem 0xc0000000-0xfebfffff window]
[    0.351164] pnp 00:00: [io  0x0cf8-0x0cff]
[    0.351166] pnp 00:00: [io  0x0000-0x0cf7 window]
[    0.351167] pnp 00:00: [io  0x0d00-0xfeff window]
[    0.351214] pnp 00:00: Plug and Play ACPI device, IDs PNP0a03 PNP0a08 (active)
[    0.351297] pnp 00:01: [io  0x0010-0x001f]
[    0.351299] pnp 00:01: [io  0x0024-0x0025]
[    0.351301] pnp 00:01: [io  0x0028-0x0029]
[    0.351303] pnp 00:01: [io  0x002c-0x002d]
[    0.351305] pnp 00:01: [io  0x002e-0x002f]
[    0.351307] pnp 00:01: [io  0x0030-0x0031]
[    0.351309] pnp 00:01: [io  0x0034-0x0035]
[    0.351310] pnp 00:01: [io  0x0038-0x0039]
[    0.351312] pnp 00:01: [io  0x003c-0x003d]
[    0.351314] pnp 00:01: [io  0x0050-0x0053]
[    0.351316] pnp 00:01: [io  0x0072-0x0077]
[    0.351318] pnp 00:01: [io  0x0080]
[    0.351320] pnp 00:01: [io  0x0090-0x009f]
[    0.351322] pnp 00:01: [io  0x00a4-0x00a5]
[    0.351324] pnp 00:01: [io  0x00a8-0x00a9]
[    0.351326] pnp 00:01: [io  0x00ac-0x00ad]
[    0.351328] pnp 00:01: [io  0x00b0-0x00b5]
[    0.351330] pnp 00:01: [io  0x00b8-0x00b9]
[    0.351332] pnp 00:01: [io  0x00bc-0x00bd]
[    0.351334] pnp 00:01: [io  0x1000-0x103f]
[    0.351336] pnp 00:01: [io  0x1040-0x104f]
[    0.351338] pnp 00:01: [io  0x0cf0-0x0cf1]
[    0.351422] system 00:01: [io  0x1000-0x103f] has been reserved
[    0.351427] system 00:01: [io  0x1040-0x104f] has been reserved
[    0.351430] system 00:01: [io  0x0cf0-0x0cf1] has been reserved
[    0.351434] system 00:01: Plug and Play ACPI device, IDs PNP0c02 (active)
[    0.351443] pnp 00:02: [io  0x0000-0x000f]
[    0.351445] pnp 00:02: [io  0x0081-0x008f]
[    0.351447] pnp 00:02: [io  0x00c0-0x00df]
[    0.351449] pnp 00:02: [dma 4]
[    0.351474] pnp 00:02: Plug and Play ACPI device, IDs PNP0200 (active)
[    0.351490] pnp 00:03: [io  0x0020-0x0021]
[    0.351492] pnp 00:03: [io  0x00a0-0x00a1]
[    0.351494] pnp 00:03: [io  0x04d0-0x04d1]
[    0.351496] pnp 00:03: [irq 2 disabled]
[    0.351518] pnp 00:03: Plug and Play ACPI device, IDs PNP0001 (active)
[    0.351527] pnp 00:04: [io  0x0070-0x0071]
[    0.351529] pnp 00:04: [irq 8]
[    0.351547] pnp 00:04: Plug and Play ACPI device, IDs PNP0b00 (active)
[    0.351554] pnp 00:05: [io  0x0061]
[    0.351574] pnp 00:05: Plug and Play ACPI device, IDs PNP0800 (active)
[    0.351581] pnp 00:06: [io  0x0060]
[    0.351583] pnp 00:06: [io  0x0064]
[    0.351585] pnp 00:06: [irq 1]
[    0.351607] pnp 00:06: Plug and Play ACPI device, IDs PNP0303 (active)
[    0.351615] pnp 00:07: [irq 12]
[    0.351635] pnp 00:07: Plug and Play ACPI device, IDs PNP0f13 (active)
[    0.351818] pnp 00:08: [mem 0xfed00000-0xfed003ff]
[    0.351862] system 00:08: [mem 0xfed00000-0xfed003ff] has been reserved
[    0.351866] system 00:08: Plug and Play ACPI device, IDs PNP0103 PNP0c01 (active)
[    0.357551] pnp 00:09: [io  0x0378-0x037f]
[    0.357554] pnp 00:09: [irq 7]
[    0.359041] pnp 00:09: Plug and Play ACPI device, IDs PNP0400 (active)
[    0.364325] pnp 00:0a: [io  0x03f8-0x03ff]
[    0.364328] pnp 00:0a: [irq 4]
[    0.365781] pnp 00:0a: Plug and Play ACPI device, IDs PNP0501 (active)
[    0.370395] pnp 00:0b: [io  0x02f8-0x02ff]
[    0.370398] pnp 00:0b: [irq 3]
[    0.371895] pnp 00:0b: Plug and Play ACPI device, IDs PNP0501 (active)
[    0.378412] pnp 00:0c: [io  0x03f0-0x03f5]
[    0.378415] pnp 00:0c: [io  0x03f7]
[    0.378418] pnp 00:0c: [irq 6]
[    0.378419] pnp 00:0c: [dma 2]
[    0.379742] pnp 00:0c: Plug and Play ACPI device, IDs PNP0700 (active)
[    0.379940] pnp 00:0d: [mem 0xe0000000-0xefffffff]
[    0.379942] pnp 00:0d: [io  0x1060-0x107f]
[    0.379944] pnp 00:0d: [mem 0xc8200000-0xc83fffff]
[    0.379996] system 00:0d: [io  0x1060-0x107f] has been reserved
[    0.380000] system 00:0d: [mem 0xe0000000-0xefffffff] has been reserved
[    0.380003] system 00:0d: [mem 0xc8200000-0xc83fffff] has been reserved
[    0.380005] system 00:0d: Plug and Play ACPI device, IDs PNP0c02 (active)
[    0.385510] pnp: PnP ACPI: found 14 devices
[    0.385512] ACPI: ACPI bus type pnp unregistered
[    0.385515] PnPBIOS: Disabled by ACPI PNP
[    0.421164] PCI: max bus depth: 1 pci_try_num: 2
[    0.422606] pci 0000:00:0f.0: BAR 6: assigned [mem 0xc0000000-0xc0007fff pref]
[    0.422610] pci 0000:00:10.0: BAR 6: assigned [mem 0xc0008000-0xc000bfff pref]
[    0.422615] pci 0000:00:18.7: BAR 13: can't assign io (size 0x1000)
[    0.422618] pci 0000:00:18.6: BAR 13: can't assign io (size 0x1000)
[    0.422622] pci 0000:00:18.5: BAR 13: can't assign io (size 0x1000)
[    0.422625] pci 0000:00:18.4: BAR 13: can't assign io (size 0x1000)
[    0.422628] pci 0000:00:18.3: BAR 13: can't assign io (size 0x1000)
[    0.422630] pci 0000:00:18.2: BAR 13: can't assign io (size 0x1000)
[    0.422633] pci 0000:00:17.7: BAR 13: can't assign io (size 0x1000)
[    0.422636] pci 0000:00:17.6: BAR 13: can't assign io (size 0x1000)
[    0.422639] pci 0000:00:17.5: BAR 13: can't assign io (size 0x1000)
[    0.422642] pci 0000:00:17.4: BAR 13: can't assign io (size 0x1000)
[    0.422645] pci 0000:00:17.3: BAR 13: can't assign io (size 0x1000)
[    0.422648] pci 0000:00:16.7: BAR 13: can't assign io (size 0x1000)
[    0.422651] pci 0000:00:16.6: BAR 13: can't assign io (size 0x1000)
[    0.422654] pci 0000:00:16.5: BAR 13: can't assign io (size 0x1000)
[    0.422657] pci 0000:00:16.4: BAR 13: can't assign io (size 0x1000)
[    0.422660] pci 0000:00:16.3: BAR 13: can't assign io (size 0x1000)
[    0.422663] pci 0000:00:15.7: BAR 13: can't assign io (size 0x1000)
[    0.422666] pci 0000:00:15.6: BAR 13: can't assign io (size 0x1000)
[    0.422668] pci 0000:00:15.5: BAR 13: can't assign io (size 0x1000)
[    0.422671] pci 0000:00:15.4: BAR 13: can't assign io (size 0x1000)
[    0.422674] pci 0000:00:15.3: BAR 13: can't assign io (size 0x1000)
[    0.422677] pci 0000:00:01.0: PCI bridge to [bus 01-01]
[    0.422718] pci 0000:02:01.0: BAR 6: assigned [mem 0xd8400000-0xd840ffff pref]
[    0.422720] pci 0000:00:11.0: PCI bridge to [bus 02-02]
[    0.422733] pci 0000:00:11.0:   bridge window [io  0x2000-0x3fff]
[    0.422765] pci 0000:00:11.0:   bridge window [mem 0xc9000000-0xca3fffff]
[    0.422786] pci 0000:00:11.0:   bridge window [mem 0xd8400000-0xd89fffff 64bit pref]
[    0.422826] pci 0000:00:15.0: PCI bridge to [bus 03-03]
[    0.422838] pci 0000:00:15.0:   bridge window [io  0x4000-0x4fff]
[    0.422869] pci 0000:00:15.0:   bridge window [mem 0xca400000-0xca4fffff]
[    0.422890] pci 0000:00:15.0:   bridge window [mem 0xd8a00000-0xd8afffff 64bit pref]
[    0.422931] pci 0000:00:15.1: PCI bridge to [bus 04-04]
[    0.422944] pci 0000:00:15.1:   bridge window [io  0x8000-0x8fff]
[    0.422985] pci 0000:00:15.1:   bridge window [mem 0xca800000-0xca8fffff]
[    0.423011] pci 0000:00:15.1:   bridge window [mem 0xd8e00000-0xd8efffff 64bit pref]
[    0.423052] pci 0000:00:15.2: PCI bridge to [bus 05-05]
[    0.423065] pci 0000:00:15.2:   bridge window [io  0xc000-0xcfff]
[    0.423096] pci 0000:00:15.2:   bridge window [mem 0xcac00000-0xcacfffff]
[    0.423117] pci 0000:00:15.2:   bridge window [mem 0xd9200000-0xd92fffff 64bit pref]
[    0.423158] pci 0000:00:15.3: PCI bridge to [bus 06-06]
[    0.423188] pci 0000:00:15.3:   bridge window [mem 0xcb000000-0xcb0fffff]
[    0.423210] pci 0000:00:15.3:   bridge window [mem 0xd9600000-0xd96fffff 64bit pref]
[    0.423251] pci 0000:00:15.4: PCI bridge to [bus 07-07]
[    0.423282] pci 0000:00:15.4:   bridge window [mem 0xcb400000-0xcb4fffff]
[    0.423303] pci 0000:00:15.4:   bridge window [mem 0xd9a00000-0xd9afffff 64bit pref]
[    0.423344] pci 0000:00:15.5: PCI bridge to [bus 08-08]
[    0.423375] pci 0000:00:15.5:   bridge window [mem 0xcb800000-0xcb8fffff]
[    0.423396] pci 0000:00:15.5:   bridge window [mem 0xd9e00000-0xd9efffff 64bit pref]
[    0.423437] pci 0000:00:15.6: PCI bridge to [bus 09-09]
[    0.423468] pci 0000:00:15.6:   bridge window [mem 0xcbc00000-0xcbcfffff]
[    0.423490] pci 0000:00:15.6:   bridge window [mem 0xda200000-0xda2fffff 64bit pref]
[    0.423530] pci 0000:00:15.7: PCI bridge to [bus 0a-0a]
[    0.423562] pci 0000:00:15.7:   bridge window [mem 0xcc000000-0xcc0fffff]
[    0.423583] pci 0000:00:15.7:   bridge window [mem 0xda600000-0xda6fffff 64bit pref]
[    0.423624] pci 0000:00:16.0: PCI bridge to [bus 0b-0b]
[    0.423636] pci 0000:00:16.0:   bridge window [io  0x5000-0x5fff]
[    0.423667] pci 0000:00:16.0:   bridge window [mem 0xca500000-0xca5fffff]
[    0.423688] pci 0000:00:16.0:   bridge window [mem 0xd8b00000-0xd8bfffff 64bit pref]
[    0.423729] pci 0000:00:16.1: PCI bridge to [bus 0c-0c]
[    0.423742] pci 0000:00:16.1:   bridge window [io  0x9000-0x9fff]
[    0.423772] pci 0000:00:16.1:   bridge window [mem 0xca900000-0xca9fffff]
[    0.423794] pci 0000:00:16.1:   bridge window [mem 0xd8f00000-0xd8ffffff 64bit pref]
[    0.423835] pci 0000:00:16.2: PCI bridge to [bus 0d-0d]
[    0.423847] pci 0000:00:16.2:   bridge window [io  0xd000-0xdfff]
[    0.423878] pci 0000:00:16.2:   bridge window [mem 0xcad00000-0xcadfffff]
[    0.423899] pci 0000:00:16.2:   bridge window [mem 0xd9300000-0xd93fffff 64bit pref]
[    0.423940] pci 0000:00:16.3: PCI bridge to [bus 0e-0e]
[    0.423979] pci 0000:00:16.3:   bridge window [mem 0xcb100000-0xcb1fffff]
[    0.424001] pci 0000:00:16.3:   bridge window [mem 0xd9700000-0xd97fffff 64bit pref]
[    0.424041] pci 0000:00:16.4: PCI bridge to [bus 0f-0f]
[    0.424072] pci 0000:00:16.4:   bridge window [mem 0xcb500000-0xcb5fffff]
[    0.424094] pci 0000:00:16.4:   bridge window [mem 0xd9b00000-0xd9bfffff 64bit pref]
[    0.424134] pci 0000:00:16.5: PCI bridge to [bus 10-10]
[    0.424166] pci 0000:00:16.5:   bridge window [mem 0xcb900000-0xcb9fffff]
[    0.424187] pci 0000:00:16.5:   bridge window [mem 0xd9f00000-0xd9ffffff 64bit pref]
[    0.424228] pci 0000:00:16.6: PCI bridge to [bus 11-11]
[    0.424259] pci 0000:00:16.6:   bridge window [mem 0xcbd00000-0xcbdfffff]
[    0.424280] pci 0000:00:16.6:   bridge window [mem 0xda300000-0xda3fffff 64bit pref]
[    0.424321] pci 0000:00:16.7: PCI bridge to [bus 12-12]
[    0.424352] pci 0000:00:16.7:   bridge window [mem 0xcc100000-0xcc1fffff]
[    0.424373] pci 0000:00:16.7:   bridge window [mem 0xda700000-0xda7fffff 64bit pref]
[    0.424414] pci 0000:00:17.0: PCI bridge to [bus 13-13]
[    0.424427] pci 0000:00:17.0:   bridge window [io  0x6000-0x6fff]
[    0.424458] pci 0000:00:17.0:   bridge window [mem 0xca600000-0xca6fffff]
[    0.424479] pci 0000:00:17.0:   bridge window [mem 0xd8c00000-0xd8cfffff 64bit pref]
[    0.424520] pci 0000:00:17.1: PCI bridge to [bus 14-14]
[    0.424532] pci 0000:00:17.1:   bridge window [io  0xa000-0xafff]
[    0.424563] pci 0000:00:17.1:   bridge window [mem 0xcaa00000-0xcaafffff]
[    0.424585] pci 0000:00:17.1:   bridge window [mem 0xd9000000-0xd90fffff 64bit pref]
[    0.424625] pci 0000:00:17.2: PCI bridge to [bus 15-15]
[    0.424638] pci 0000:00:17.2:   bridge window [io  0xe000-0xefff]
[    0.424669] pci 0000:00:17.2:   bridge window [mem 0xcae00000-0xcaefffff]
[    0.424690] pci 0000:00:17.2:   bridge window [mem 0xd9400000-0xd94fffff 64bit pref]
[    0.424731] pci 0000:00:17.3: PCI bridge to [bus 16-16]
[    0.424763] pci 0000:00:17.3:   bridge window [mem 0xcb200000-0xcb2fffff]
[    0.424784] pci 0000:00:17.3:   bridge window [mem 0xd9800000-0xd98fffff 64bit pref]
[    0.424825] pci 0000:00:17.4: PCI bridge to [bus 17-17]
[    0.424856] pci 0000:00:17.4:   bridge window [mem 0xcb600000-0xcb6fffff]
[    0.424878] pci 0000:00:17.4:   bridge window [mem 0xd9c00000-0xd9cfffff 64bit pref]
[    0.424918] pci 0000:00:17.5: PCI bridge to [bus 18-18]
[    0.424959] pci 0000:00:17.5:   bridge window [mem 0xcba00000-0xcbafffff]
[    0.424986] pci 0000:00:17.5:   bridge window [mem 0xda000000-0xda0fffff 64bit pref]
[    0.425027] pci 0000:00:17.6: PCI bridge to [bus 19-19]
[    0.425062] pci 0000:00:17.6:   bridge window [mem 0xcbe00000-0xcbefffff]
[    0.425084] pci 0000:00:17.6:   bridge window [mem 0xda400000-0xda4fffff 64bit pref]
[    0.425125] pci 0000:00:17.7: PCI bridge to [bus 1a-1a]
[    0.425156] pci 0000:00:17.7:   bridge window [mem 0xcc200000-0xcc2fffff]
[    0.425177] pci 0000:00:17.7:   bridge window [mem 0xda800000-0xda8fffff 64bit pref]
[    0.425218] pci 0000:00:18.0: PCI bridge to [bus 1b-1b]
[    0.425231] pci 0000:00:18.0:   bridge window [io  0x7000-0x7fff]
[    0.425262] pci 0000:00:18.0:   bridge window [mem 0xca700000-0xca7fffff]
[    0.425283] pci 0000:00:18.0:   bridge window [mem 0xd8d00000-0xd8dfffff 64bit pref]
[    0.425324] pci 0000:00:18.1: PCI bridge to [bus 1c-1c]
[    0.425337] pci 0000:00:18.1:   bridge window [io  0xb000-0xbfff]
[    0.425367] pci 0000:00:18.1:   bridge window [mem 0xcab00000-0xcabfffff]
[    0.425389] pci 0000:00:18.1:   bridge window [mem 0xd9100000-0xd91fffff 64bit pref]
[    0.425430] pci 0000:00:18.2: PCI bridge to [bus 1d-1d]
[    0.425461] pci 0000:00:18.2:   bridge window [mem 0xcaf00000-0xcaffffff]
[    0.425482] pci 0000:00:18.2:   bridge window [mem 0xd9500000-0xd95fffff 64bit pref]
[    0.425523] pci 0000:00:18.3: PCI bridge to [bus 1e-1e]
[    0.425553] pci 0000:00:18.3:   bridge window [mem 0xcb300000-0xcb3fffff]
[    0.425575] pci 0000:00:18.3:   bridge window [mem 0xd9900000-0xd99fffff 64bit pref]
[    0.425616] pci 0000:00:18.4: PCI bridge to [bus 1f-1f]
[    0.425647] pci 0000:00:18.4:   bridge window [mem 0xcb700000-0xcb7fffff]
[    0.425668] pci 0000:00:18.4:   bridge window [mem 0xd9d00000-0xd9dfffff 64bit pref]
[    0.425709] pci 0000:00:18.5: PCI bridge to [bus 20-20]
[    0.425740] pci 0000:00:18.5:   bridge window [mem 0xcbb00000-0xcbbfffff]
[    0.425761] pci 0000:00:18.5:   bridge window [mem 0xda100000-0xda1fffff 64bit pref]
[    0.425802] pci 0000:00:18.6: PCI bridge to [bus 21-21]
[    0.425833] pci 0000:00:18.6:   bridge window [mem 0xcbf00000-0xcbffffff]
[    0.425854] pci 0000:00:18.6:   bridge window [mem 0xda500000-0xda5fffff 64bit pref]
[    0.425895] pci 0000:00:18.7: PCI bridge to [bus 22-22]
[    0.425926] pci 0000:00:18.7:   bridge window [mem 0xcc300000-0xcc3fffff]
[    0.425948] pci 0000:00:18.7:   bridge window [mem 0xda900000-0xda9fffff 64bit pref]
[    0.425988] pci 0000:00:01.0: setting latency timer to 64
[    0.426029] pci 0000:00:15.0: setting latency timer to 64
[    0.426070] pci 0000:00:15.1: setting latency timer to 64
[    0.426111] pci 0000:00:15.2: setting latency timer to 64
[    0.426151] pci 0000:00:15.3: setting latency timer to 64
[    0.426192] pci 0000:00:15.4: setting latency timer to 64
[    0.426233] pci 0000:00:15.5: setting latency timer to 64
[    0.426274] pci 0000:00:15.6: setting latency timer to 64
[    0.426315] pci 0000:00:15.7: setting latency timer to 64
[    0.426355] pci 0000:00:16.0: setting latency timer to 64
[    0.426396] pci 0000:00:16.1: setting latency timer to 64
[    0.426437] pci 0000:00:16.2: setting latency timer to 64
[    0.426478] pci 0000:00:16.3: setting latency timer to 64
[    0.426519] pci 0000:00:16.4: setting latency timer to 64
[    0.426586] pci 0000:00:16.5: setting latency timer to 64
[    0.426626] pci 0000:00:16.6: setting latency timer to 64
[    0.426667] pci 0000:00:16.7: setting latency timer to 64
[    0.426708] pci 0000:00:17.0: setting latency timer to 64
[    0.426749] pci 0000:00:17.1: setting latency timer to 64
[    0.426790] pci 0000:00:17.2: setting latency timer to 64
[    0.426830] pci 0000:00:17.3: setting latency timer to 64
[    0.426871] pci 0000:00:17.4: setting latency timer to 64
[    0.426912] pci 0000:00:17.5: setting latency timer to 64
[    0.426953] pci 0000:00:17.6: setting latency timer to 64
[    0.426994] pci 0000:00:17.7: setting latency timer to 64
[    0.427034] pci 0000:00:18.0: setting latency timer to 64
[    0.427075] pci 0000:00:18.1: setting latency timer to 64
[    0.427116] pci 0000:00:18.2: setting latency timer to 64
[    0.427157] pci 0000:00:18.3: setting latency timer to 64
[    0.427197] pci 0000:00:18.4: setting latency timer to 64
[    0.427238] pci 0000:00:18.5: setting latency timer to 64
[    0.427279] pci 0000:00:18.6: setting latency timer to 64
[    0.427320] pci 0000:00:18.7: setting latency timer to 64
[    0.427333] pci_bus 0000:00: resource 4 [mem 0x000a0000-0x000bffff]
[    0.427335] pci_bus 0000:00: resource 5 [mem 0x000cc000-0x000cffff]
[    0.427337] pci_bus 0000:00: resource 6 [mem 0x000d0000-0x000d3fff]
[    0.427339] pci_bus 0000:00: resource 7 [mem 0x000d4000-0x000d7fff]
[    0.427341] pci_bus 0000:00: resource 8 [mem 0x000d8000-0x000dbfff]
[    0.427343] pci_bus 0000:00: resource 9 [mem 0xc0000000-0xfebfffff]
[    0.427345] pci_bus 0000:00: resource 10 [io  0x0000-0x0cf7]
[    0.427347] pci_bus 0000:00: resource 11 [io  0x0d00-0xfeff]
[    0.427350] pci_bus 0000:02: resource 0 [io  0x2000-0x3fff]
[    0.427352] pci_bus 0000:02: resource 1 [mem 0xc9000000-0xca3fffff]
[    0.427354] pci_bus 0000:02: resource 2 [mem 0xd8400000-0xd89fffff 64bit pref]
[    0.427356] pci_bus 0000:02: resource 4 [mem 0x000a0000-0x000bffff]
[    0.427358] pci_bus 0000:02: resource 5 [mem 0x000cc000-0x000cffff]
[    0.427360] pci_bus 0000:02: resource 6 [mem 0x000d0000-0x000d3fff]
[    0.427362] pci_bus 0000:02: resource 7 [mem 0x000d4000-0x000d7fff]
[    0.427364] pci_bus 0000:02: resource 8 [mem 0x000d8000-0x000dbfff]
[    0.427366] pci_bus 0000:02: resource 9 [mem 0xc0000000-0xfebfffff]
[    0.427368] pci_bus 0000:02: resource 10 [io  0x0000-0x0cf7]
[    0.427370] pci_bus 0000:02: resource 11 [io  0x0d00-0xfeff]
[    0.427372] pci_bus 0000:03: resource 0 [io  0x4000-0x4fff]
[    0.427374] pci_bus 0000:03: resource 1 [mem 0xca400000-0xca4fffff]
[    0.427376] pci_bus 0000:03: resource 2 [mem 0xd8a00000-0xd8afffff 64bit pref]
[    0.427379] pci_bus 0000:04: resource 0 [io  0x8000-0x8fff]
[    0.427381] pci_bus 0000:04: resource 1 [mem 0xca800000-0xca8fffff]
[    0.427383] pci_bus 0000:04: resource 2 [mem 0xd8e00000-0xd8efffff 64bit pref]
[    0.427385] pci_bus 0000:05: resource 0 [io  0xc000-0xcfff]
[    0.427387] pci_bus 0000:05: resource 1 [mem 0xcac00000-0xcacfffff]
[    0.427389] pci_bus 0000:05: resource 2 [mem 0xd9200000-0xd92fffff 64bit pref]
[    0.427391] pci_bus 0000:06: resource 1 [mem 0xcb000000-0xcb0fffff]
[    0.427394] pci_bus 0000:06: resource 2 [mem 0xd9600000-0xd96fffff 64bit pref]
[    0.427396] pci_bus 0000:07: resource 1 [mem 0xcb400000-0xcb4fffff]
[    0.427398] pci_bus 0000:07: resource 2 [mem 0xd9a00000-0xd9afffff 64bit pref]
[    0.427400] pci_bus 0000:08: resource 1 [mem 0xcb800000-0xcb8fffff]
[    0.427402] pci_bus 0000:08: resource 2 [mem 0xd9e00000-0xd9efffff 64bit pref]
[    0.427405] pci_bus 0000:09: resource 1 [mem 0xcbc00000-0xcbcfffff]
[    0.427407] pci_bus 0000:09: resource 2 [mem 0xda200000-0xda2fffff 64bit pref]
[    0.427409] pci_bus 0000:0a: resource 1 [mem 0xcc000000-0xcc0fffff]
[    0.427411] pci_bus 0000:0a: resource 2 [mem 0xda600000-0xda6fffff 64bit pref]
[    0.427413] pci_bus 0000:0b: resource 0 [io  0x5000-0x5fff]
[    0.427415] pci_bus 0000:0b: resource 1 [mem 0xca500000-0xca5fffff]
[    0.427417] pci_bus 0000:0b: resource 2 [mem 0xd8b00000-0xd8bfffff 64bit pref]
[    0.427419] pci_bus 0000:0c: resource 0 [io  0x9000-0x9fff]
[    0.427421] pci_bus 0000:0c: resource 1 [mem 0xca900000-0xca9fffff]
[    0.427424] pci_bus 0000:0c: resource 2 [mem 0xd8f00000-0xd8ffffff 64bit pref]
[    0.427426] pci_bus 0000:0d: resource 0 [io  0xd000-0xdfff]
[    0.427428] pci_bus 0000:0d: resource 1 [mem 0xcad00000-0xcadfffff]
[    0.427430] pci_bus 0000:0d: resource 2 [mem 0xd9300000-0xd93fffff 64bit pref]
[    0.427432] pci_bus 0000:0e: resource 1 [mem 0xcb100000-0xcb1fffff]
[    0.427434] pci_bus 0000:0e: resource 2 [mem 0xd9700000-0xd97fffff 64bit pref]
[    0.427436] pci_bus 0000:0f: resource 1 [mem 0xcb500000-0xcb5fffff]
[    0.427439] pci_bus 0000:0f: resource 2 [mem 0xd9b00000-0xd9bfffff 64bit pref]
[    0.427441] pci_bus 0000:10: resource 1 [mem 0xcb900000-0xcb9fffff]
[    0.427443] pci_bus 0000:10: resource 2 [mem 0xd9f00000-0xd9ffffff 64bit pref]
[    0.427445] pci_bus 0000:11: resource 1 [mem 0xcbd00000-0xcbdfffff]
[    0.427447] pci_bus 0000:11: resource 2 [mem 0xda300000-0xda3fffff 64bit pref]
[    0.427450] pci_bus 0000:12: resource 1 [mem 0xcc100000-0xcc1fffff]
[    0.427452] pci_bus 0000:12: resource 2 [mem 0xda700000-0xda7fffff 64bit pref]
[    0.427454] pci_bus 0000:13: resource 0 [io  0x6000-0x6fff]
[    0.427456] pci_bus 0000:13: resource 1 [mem 0xca600000-0xca6fffff]
[    0.427458] pci_bus 0000:13: resource 2 [mem 0xd8c00000-0xd8cfffff 64bit pref]
[    0.427460] pci_bus 0000:14: resource 0 [io  0xa000-0xafff]
[    0.427462] pci_bus 0000:14: resource 1 [mem 0xcaa00000-0xcaafffff]
[    0.427464] pci_bus 0000:14: resource 2 [mem 0xd9000000-0xd90fffff 64bit pref]
[    0.427466] pci_bus 0000:15: resource 0 [io  0xe000-0xefff]
[    0.427477] pci_bus 0000:15: resource 1 [mem 0xcae00000-0xcaefffff]
[    0.427480] pci_bus 0000:15: resource 2 [mem 0xd9400000-0xd94fffff 64bit pref]
[    0.427482] pci_bus 0000:16: resource 1 [mem 0xcb200000-0xcb2fffff]
[    0.427484] pci_bus 0000:16: resource 2 [mem 0xd9800000-0xd98fffff 64bit pref]
[    0.427486] pci_bus 0000:17: resource 1 [mem 0xcb600000-0xcb6fffff]
[    0.427488] pci_bus 0000:17: resource 2 [mem 0xd9c00000-0xd9cfffff 64bit pref]
[    0.427491] pci_bus 0000:18: resource 1 [mem 0xcba00000-0xcbafffff]
[    0.427493] pci_bus 0000:18: resource 2 [mem 0xda000000-0xda0fffff 64bit pref]
[    0.427495] pci_bus 0000:19: resource 1 [mem 0xcbe00000-0xcbefffff]
[    0.427497] pci_bus 0000:19: resource 2 [mem 0xda400000-0xda4fffff 64bit pref]
[    0.427499] pci_bus 0000:1a: resource 1 [mem 0xcc200000-0xcc2fffff]
[    0.427501] pci_bus 0000:1a: resource 2 [mem 0xda800000-0xda8fffff 64bit pref]
[    0.427504] pci_bus 0000:1b: resource 0 [io  0x7000-0x7fff]
[    0.427506] pci_bus 0000:1b: resource 1 [mem 0xca700000-0xca7fffff]
[    0.427508] pci_bus 0000:1b: resource 2 [mem 0xd8d00000-0xd8dfffff 64bit pref]
[    0.427510] pci_bus 0000:1c: resource 0 [io  0xb000-0xbfff]
[    0.427512] pci_bus 0000:1c: resource 1 [mem 0xcab00000-0xcabfffff]
[    0.427514] pci_bus 0000:1c: resource 2 [mem 0xd9100000-0xd91fffff 64bit pref]
[    0.427516] pci_bus 0000:1d: resource 1 [mem 0xcaf00000-0xcaffffff]
[    0.427518] pci_bus 0000:1d: resource 2 [mem 0xd9500000-0xd95fffff 64bit pref]
[    0.427520] pci_bus 0000:1e: resource 1 [mem 0xcb300000-0xcb3fffff]
[    0.427523] pci_bus 0000:1e: resource 2 [mem 0xd9900000-0xd99fffff 64bit pref]
[    0.427525] pci_bus 0000:1f: resource 1 [mem 0xcb700000-0xcb7fffff]
[    0.427527] pci_bus 0000:1f: resource 2 [mem 0xd9d00000-0xd9dfffff 64bit pref]
[    0.427529] pci_bus 0000:20: resource 1 [mem 0xcbb00000-0xcbbfffff]
[    0.427531] pci_bus 0000:20: resource 2 [mem 0xda100000-0xda1fffff 64bit pref]
[    0.427533] pci_bus 0000:21: resource 1 [mem 0xcbf00000-0xcbffffff]
[    0.427536] pci_bus 0000:21: resource 2 [mem 0xda500000-0xda5fffff 64bit pref]
[    0.427538] pci_bus 0000:22: resource 1 [mem 0xcc300000-0xcc3fffff]
[    0.427540] pci_bus 0000:22: resource 2 [mem 0xda900000-0xda9fffff 64bit pref]
[    0.427573] NET: Registered protocol family 2
[    0.427612] IP route cache hash table entries: 32768 (order: 5, 131072 bytes)
[    0.427653] TCP established hash table entries: 131072 (order: 8, 1048576 bytes)
[    0.427693] TCP bind hash table entries: 65536 (order: 7, 524288 bytes)
[    0.427734] TCP: Hash tables configured (established 131072 bind 65536)
[    0.427737] TCP reno registered
[    0.427740] UDP hash table entries: 512 (order: 2, 16384 bytes)
[    0.427747] UDP-Lite hash table entries: 512 (order: 2, 16384 bytes)
[    0.427784] NET: Registered protocol family 1
[    0.427792] pci 0000:00:00.0: Limiting direct PCI/PCI transfers
[    0.427833] pci 0000:00:0f.0: Boot video device
[    0.427873] ACPI: PCI Interrupt Link [LNKC] enabled at IRQ 10
[    0.427876] PCI: setting IRQ 10 as level-triggered
[    0.427883] pci 0000:02:00.0: PCI INT A -> Link[LNKC] -> GSI 10 (level, low) -> IRQ 10
[    0.427968] pci 0000:02:00.0: PCI INT A disabled
[    0.428009] ACPI: PCI Interrupt Link [LNKB] enabled at IRQ 11
[    0.428011] PCI: setting IRQ 11 as level-triggered
[    0.428015] pci 0000:02:03.0: PCI INT A -> Link[LNKB] -> GSI 11 (level, low) -> IRQ 11
[    0.428055] pci 0000:02:03.0: PCI INT A disabled
[    0.428069] PCI: CLS 32 bytes, default 64
[    0.428109] Simple Boot Flag at 0x36 set to 0x1
[    0.428112] Switching to clocksource tsc
[    0.428298] audit: initializing netlink socket (disabled)
[    0.428305] type=2000 audit(1369653065.413:1): initialized
[    0.438641] Trying to unpack rootfs image as initramfs...
[    0.454705] highmem bounce pool size: 64 pages
[    0.454710] HugeTLB registered 2 MB page size, pre-allocated 0 pages
[    0.458695] VFS: Disk quotas dquot_6.5.2
[    0.458736] Dquot-cache hash table entries: 1024 (order 0, 4096 bytes)
[    0.462624] fuse init (API version 7.17)
[    0.462687] msgmni has been set to 1710
[    0.474582] Block layer SCSI generic (bsg) driver version 0.4 loaded (major 253)
[    0.474611] io scheduler noop registered
[    0.474613] io scheduler deadline registered
[    0.474619] io scheduler cfq registered (default)
[    0.474660] pcieport 0000:00:15.0: setting latency timer to 64
[    0.474701] pcieport 0000:00:15.0: irq 40 for MSI/MSI-X
[    0.474741] pcieport 0000:00:15.1: setting latency timer to 64
[    0.474782] pcieport 0000:00:15.1: irq 41 for MSI/MSI-X
[    0.474823] pcieport 0000:00:15.2: setting latency timer to 64
[    0.474864] pcieport 0000:00:15.2: irq 42 for MSI/MSI-X
[    0.474904] pcieport 0000:00:15.3: setting latency timer to 64
[    0.474945] pcieport 0000:00:15.3: irq 43 for MSI/MSI-X
[    0.474986] pcieport 0000:00:15.4: setting latency timer to 64
[    0.475027] pcieport 0000:00:15.4: irq 44 for MSI/MSI-X
[    0.475068] pcieport 0000:00:15.5: setting latency timer to 64
[    0.475108] pcieport 0000:00:15.5: irq 45 for MSI/MSI-X
[    0.475149] pcieport 0000:00:15.6: setting latency timer to 64
[    0.475190] pcieport 0000:00:15.6: irq 46 for MSI/MSI-X
[    0.475231] pcieport 0000:00:15.7: setting latency timer to 64
[    0.475272] pcieport 0000:00:15.7: irq 47 for MSI/MSI-X
[    0.475312] pcieport 0000:00:16.0: setting latency timer to 64
[    0.475353] pcieport 0000:00:16.0: irq 48 for MSI/MSI-X
[    0.475394] pcieport 0000:00:16.1: setting latency timer to 64
[    0.475435] pcieport 0000:00:16.1: irq 49 for MSI/MSI-X
[    0.475476] pcieport 0000:00:16.2: setting latency timer to 64
[    0.475516] pcieport 0000:00:16.2: irq 50 for MSI/MSI-X
[    0.475557] pcieport 0000:00:16.3: setting latency timer to 64
[    0.475598] pcieport 0000:00:16.3: irq 51 for MSI/MSI-X
[    0.475639] pcieport 0000:00:16.4: setting latency timer to 64
[    0.475679] pcieport 0000:00:16.4: irq 52 for MSI/MSI-X
[    0.475720] pcieport 0000:00:16.5: setting latency timer to 64
[    0.475761] pcieport 0000:00:16.5: irq 53 for MSI/MSI-X
[    0.475802] pcieport 0000:00:16.6: setting latency timer to 64
[    0.475843] pcieport 0000:00:16.6: irq 54 for MSI/MSI-X
[    0.475883] pcieport 0000:00:16.7: setting latency timer to 64
[    0.475924] pcieport 0000:00:16.7: irq 55 for MSI/MSI-X
[    0.475965] pcieport 0000:00:17.0: setting latency timer to 64
[    0.476006] pcieport 0000:00:17.0: irq 56 for MSI/MSI-X
[    0.476047] pcieport 0000:00:17.1: setting latency timer to 64
[    0.476087] pcieport 0000:00:17.1: irq 57 for MSI/MSI-X
[    0.476128] pcieport 0000:00:17.2: setting latency timer to 64
[    0.476169] pcieport 0000:00:17.2: irq 58 for MSI/MSI-X
[    0.476210] pcieport 0000:00:17.3: setting latency timer to 64
[    0.476251] pcieport 0000:00:17.3: irq 59 for MSI/MSI-X
[    0.476291] pcieport 0000:00:17.4: setting latency timer to 64
[    0.476332] pcieport 0000:00:17.4: irq 60 for MSI/MSI-X
[    0.476373] pcieport 0000:00:17.5: setting latency timer to 64
[    0.476414] pcieport 0000:00:17.5: irq 61 for MSI/MSI-X
[    0.476454] pcieport 0000:00:17.6: setting latency timer to 64
[    0.476495] pcieport 0000:00:17.6: irq 62 for MSI/MSI-X
[    0.476536] pcieport 0000:00:17.7: setting latency timer to 64
[    0.476577] pcieport 0000:00:17.7: irq 63 for MSI/MSI-X
[    0.476618] pcieport 0000:00:18.0: setting latency timer to 64
[    0.476658] pcieport 0000:00:18.0: irq 64 for MSI/MSI-X
[    0.476699] pcieport 0000:00:18.1: setting latency timer to 64
[    0.476740] pcieport 0000:00:18.1: irq 65 for MSI/MSI-X
[    0.476781] pcieport 0000:00:18.2: setting latency timer to 64
[    0.476822] pcieport 0000:00:18.2: irq 66 for MSI/MSI-X
[    0.476862] pcieport 0000:00:18.3: setting latency timer to 64
[    0.476903] pcieport 0000:00:18.3: irq 67 for MSI/MSI-X
[    0.476944] pcieport 0000:00:18.4: setting latency timer to 64
[    0.476985] pcieport 0000:00:18.4: irq 68 for MSI/MSI-X
[    0.477026] pcieport 0000:00:18.5: setting latency timer to 64
[    0.477066] pcieport 0000:00:18.5: irq 69 for MSI/MSI-X
[    0.477107] pcieport 0000:00:18.6: setting latency timer to 64
[    0.477148] pcieport 0000:00:18.6: irq 70 for MSI/MSI-X
[    0.477189] pcieport 0000:00:18.7: setting latency timer to 64
[    0.477230] pcieport 0000:00:18.7: irq 71 for MSI/MSI-X
[    0.477270] pcieport 0000:00:15.0: Signaling PME through PCIe PME interrupt
[    0.477294] pcie_pme 0000:00:15.0:pcie01: service driver pcie_pme loaded
[    0.477335] pcieport 0000:00:15.1: Signaling PME through PCIe PME interrupt
[    0.477358] pcie_pme 0000:00:15.1:pcie01: service driver pcie_pme loaded
[    0.477399] pcieport 0000:00:15.2: Signaling PME through PCIe PME interrupt
[    0.477421] pcie_pme 0000:00:15.2:pcie01: service driver pcie_pme loaded
[    0.477462] pcieport 0000:00:15.3: Signaling PME through PCIe PME interrupt
[    0.477484] pcie_pme 0000:00:15.3:pcie01: service driver pcie_pme loaded
[    0.477525] pcieport 0000:00:15.4: Signaling PME through PCIe PME interrupt
[    0.477548] pcie_pme 0000:00:15.4:pcie01: service driver pcie_pme loaded
[    0.477589] pcieport 0000:00:15.5: Signaling PME through PCIe PME interrupt
[    0.477612] pcie_pme 0000:00:15.5:pcie01: service driver pcie_pme loaded
[    0.477652] pcieport 0000:00:15.6: Signaling PME through PCIe PME interrupt
[    0.477675] pcie_pme 0000:00:15.6:pcie01: service driver pcie_pme loaded
[    0.477716] pcieport 0000:00:15.7: Signaling PME through PCIe PME interrupt
[    0.477738] pcie_pme 0000:00:15.7:pcie01: service driver pcie_pme loaded
[    0.477779] pcieport 0000:00:16.0: Signaling PME through PCIe PME interrupt
[    0.477802] pcie_pme 0000:00:16.0:pcie01: service driver pcie_pme loaded
[    0.477843] pcieport 0000:00:16.1: Signaling PME through PCIe PME interrupt
[    0.477866] pcie_pme 0000:00:16.1:pcie01: service driver pcie_pme loaded
[    0.477906] pcieport 0000:00:16.2: Signaling PME through PCIe PME interrupt
[    0.477929] pcie_pme 0000:00:16.2:pcie01: service driver pcie_pme loaded
[    0.477970] pcieport 0000:00:16.3: Signaling PME through PCIe PME interrupt
[    0.477992] pcie_pme 0000:00:16.3:pcie01: service driver pcie_pme loaded
[    0.478033] pcieport 0000:00:16.4: Signaling PME through PCIe PME interrupt
[    0.478055] pcie_pme 0000:00:16.4:pcie01: service driver pcie_pme loaded
[    0.478096] pcieport 0000:00:16.5: Signaling PME through PCIe PME interrupt
[    0.478119] pcie_pme 0000:00:16.5:pcie01: service driver pcie_pme loaded
[    0.478159] pcieport 0000:00:16.6: Signaling PME through PCIe PME interrupt
[    0.478182] pcie_pme 0000:00:16.6:pcie01: service driver pcie_pme loaded
[    0.478222] pcieport 0000:00:16.7: Signaling PME through PCIe PME interrupt
[    0.478245] pcie_pme 0000:00:16.7:pcie01: service driver pcie_pme loaded
[    0.478286] pcieport 0000:00:17.0: Signaling PME through PCIe PME interrupt
[    0.478309] pcie_pme 0000:00:17.0:pcie01: service driver pcie_pme loaded
[    0.478350] pcieport 0000:00:17.1: Signaling PME through PCIe PME interrupt
[    0.478372] pcie_pme 0000:00:17.1:pcie01: service driver pcie_pme loaded
[    0.478384] pcieport 0000:00:17.2: Signaling PME through PCIe PME interrupt
[    0.478525] pcie_pme 0000:00:17.2:pcie01: service driver pcie_pme loaded
[    0.478573] pcieport 0000:00:17.3: Signaling PME through PCIe PME interrupt
[    0.478596] pcie_pme 0000:00:17.3:pcie01: service driver pcie_pme loaded
[    0.478637] pcieport 0000:00:17.4: Signaling PME through PCIe PME interrupt
[    0.478660] pcie_pme 0000:00:17.4:pcie01: service driver pcie_pme loaded
[    0.478701] pcieport 0000:00:17.5: Signaling PME through PCIe PME interrupt
[    0.478724] pcie_pme 0000:00:17.5:pcie01: service driver pcie_pme loaded
[    0.478764] pcieport 0000:00:17.6: Signaling PME through PCIe PME interrupt
[    0.478787] pcie_pme 0000:00:17.6:pcie01: service driver pcie_pme loaded
[    0.478828] pcieport 0000:00:17.7: Signaling PME through PCIe PME interrupt
[    0.478851] pcie_pme 0000:00:17.7:pcie01: service driver pcie_pme loaded
[    0.478892] pcieport 0000:00:18.0: Signaling PME through PCIe PME interrupt
[    0.478914] pcie_pme 0000:00:18.0:pcie01: service driver pcie_pme loaded
[    0.478955] pcieport 0000:00:18.1: Signaling PME through PCIe PME interrupt
[    0.478978] pcie_pme 0000:00:18.1:pcie01: service driver pcie_pme loaded
[    0.479019] pcieport 0000:00:18.2: Signaling PME through PCIe PME interrupt
[    0.479041] pcie_pme 0000:00:18.2:pcie01: service driver pcie_pme loaded
[    0.479082] pcieport 0000:00:18.3: Signaling PME through PCIe PME interrupt
[    0.479105] pcie_pme 0000:00:18.3:pcie01: service driver pcie_pme loaded
[    0.479146] pcieport 0000:00:18.4: Signaling PME through PCIe PME interrupt
[    0.479169] pcie_pme 0000:00:18.4:pcie01: service driver pcie_pme loaded
[    0.479209] pcieport 0000:00:18.5: Signaling PME through PCIe PME interrupt
[    0.479232] pcie_pme 0000:00:18.5:pcie01: service driver pcie_pme loaded
[    0.479273] pcieport 0000:00:18.6: Signaling PME through PCIe PME interrupt
[    0.479296] pcie_pme 0000:00:18.6:pcie01: service driver pcie_pme loaded
[    0.479337] pcieport 0000:00:18.7: Signaling PME through PCIe PME interrupt
[    0.479359] pcie_pme 0000:00:18.7:pcie01: service driver pcie_pme loaded
[    0.479377] pci_hotplug: PCI Hot Plug PCI Core version: 0.5
[    0.479418] pciehp 0000:00:15.0:pcie04: HPC vendor_id 15ad device_id 7a0 ss_vid 15ad ss_did 7a0
[    0.479459] pciehp 0000:00:15.0:pcie04: service driver pciehp loaded
[    0.479500] pciehp 0000:00:15.1:pcie04: HPC vendor_id 15ad device_id 7a0 ss_vid 15ad ss_did 7a0
[    0.479540] pciehp 0000:00:15.1:pcie04: service driver pciehp loaded
[    0.479581] pciehp 0000:00:15.2:pcie04: HPC vendor_id 15ad device_id 7a0 ss_vid 15ad ss_did 7a0
[    0.479622] pciehp 0000:00:15.2:pcie04: service driver pciehp loaded
[    0.479663] pciehp 0000:00:15.3:pcie04: HPC vendor_id 15ad device_id 7a0 ss_vid 15ad ss_did 7a0
[    0.479704] pciehp 0000:00:15.3:pcie04: service driver pciehp loaded
[    0.479744] pciehp 0000:00:15.4:pcie04: HPC vendor_id 15ad device_id 7a0 ss_vid 15ad ss_did 7a0
[    0.479785] pciehp 0000:00:15.4:pcie04: service driver pciehp loaded
[    0.479826] pciehp 0000:00:15.5:pcie04: HPC vendor_id 15ad device_id 7a0 ss_vid 15ad ss_did 7a0
[    0.479867] pciehp 0000:00:15.5:pcie04: service driver pciehp loaded
[    0.479908] pciehp 0000:00:15.6:pcie04: HPC vendor_id 15ad device_id 7a0 ss_vid 15ad ss_did 7a0
[    0.479948] pciehp 0000:00:15.6:pcie04: service driver pciehp loaded
[    0.479989] pciehp 0000:00:15.7:pcie04: HPC vendor_id 15ad device_id 7a0 ss_vid 15ad ss_did 7a0
[    0.480030] pciehp 0000:00:15.7:pcie04: service driver pciehp loaded
[    0.480071] pciehp 0000:00:16.0:pcie04: HPC vendor_id 15ad device_id 7a0 ss_vid 15ad ss_did 7a0
[    0.480112] pciehp 0000:00:16.0:pcie04: service driver pciehp loaded
[    0.480152] pciehp 0000:00:16.1:pcie04: HPC vendor_id 15ad device_id 7a0 ss_vid 15ad ss_did 7a0
[    0.480193] pciehp 0000:00:16.1:pcie04: service driver pciehp loaded
[    0.480234] pciehp 0000:00:16.2:pcie04: HPC vendor_id 15ad device_id 7a0 ss_vid 15ad ss_did 7a0
[    0.480275] pciehp 0000:00:16.2:pcie04: service driver pciehp loaded
[    0.480316] pciehp 0000:00:16.3:pcie04: HPC vendor_id 15ad device_id 7a0 ss_vid 15ad ss_did 7a0
[    0.480356] pciehp 0000:00:16.3:pcie04: service driver pciehp loaded
[    0.480397] pciehp 0000:00:16.4:pcie04: HPC vendor_id 15ad device_id 7a0 ss_vid 15ad ss_did 7a0
[    0.480438] pciehp 0000:00:16.4:pcie04: service driver pciehp loaded
[    0.480479] pciehp 0000:00:16.5:pcie04: HPC vendor_id 15ad device_id 7a0 ss_vid 15ad ss_did 7a0
[    0.480519] pciehp 0000:00:16.5:pcie04: service driver pciehp loaded
[    0.480560] pciehp 0000:00:16.6:pcie04: HPC vendor_id 15ad device_id 7a0 ss_vid 15ad ss_did 7a0
[    0.480601] pciehp 0000:00:16.6:pcie04: service driver pciehp loaded
[    0.480642] pciehp 0000:00:16.7:pcie04: HPC vendor_id 15ad device_id 7a0 ss_vid 15ad ss_did 7a0
[    0.480683] pciehp 0000:00:16.7:pcie04: service driver pciehp loaded
[    0.480723] pciehp 0000:00:17.0:pcie04: HPC vendor_id 15ad device_id 7a0 ss_vid 15ad ss_did 7a0
[    0.480764] pciehp 0000:00:17.0:pcie04: service driver pciehp loaded
[    0.480805] pciehp 0000:00:17.1:pcie04: HPC vendor_id 15ad device_id 7a0 ss_vid 15ad ss_did 7a0
[    0.480846] pciehp 0000:00:17.1:pcie04: service driver pciehp loaded
[    0.480887] pciehp 0000:00:17.2:pcie04: HPC vendor_id 15ad device_id 7a0 ss_vid 15ad ss_did 7a0
[    0.480927] pciehp 0000:00:17.2:pcie04: service driver pciehp loaded
[    0.480968] pciehp 0000:00:17.3:pcie04: HPC vendor_id 15ad device_id 7a0 ss_vid 15ad ss_did 7a0
[    0.481009] pciehp 0000:00:17.3:pcie04: service driver pciehp loaded
[    0.481050] pciehp 0000:00:17.4:pcie04: HPC vendor_id 15ad device_id 7a0 ss_vid 15ad ss_did 7a0
[    0.481091] pciehp 0000:00:17.4:pcie04: service driver pciehp loaded
[    0.481131] pciehp 0000:00:17.5:pcie04: HPC vendor_id 15ad device_id 7a0 ss_vid 15ad ss_did 7a0
[    0.481172] pciehp 0000:00:17.5:pcie04: service driver pciehp loaded
[    0.481213] pciehp 0000:00:17.6:pcie04: HPC vendor_id 15ad device_id 7a0 ss_vid 15ad ss_did 7a0
[    0.481254] pciehp 0000:00:17.6:pcie04: service driver pciehp loaded
[    0.481294] pciehp 0000:00:17.7:pcie04: HPC vendor_id 15ad device_id 7a0 ss_vid 15ad ss_did 7a0
[    0.481335] pciehp 0000:00:17.7:pcie04: service driver pciehp loaded
[    0.481376] pciehp 0000:00:18.0:pcie04: HPC vendor_id 15ad device_id 7a0 ss_vid 15ad ss_did 7a0
[    0.481417] pciehp 0000:00:18.0:pcie04: service driver pciehp loaded
[    0.481458] pciehp 0000:00:18.1:pcie04: HPC vendor_id 15ad device_id 7a0 ss_vid 15ad ss_did 7a0
[    0.481498] pciehp 0000:00:18.1:pcie04: service driver pciehp loaded
[    0.481539] pciehp 0000:00:18.2:pcie04: HPC vendor_id 15ad device_id 7a0 ss_vid 15ad ss_did 7a0
[    0.481580] pciehp 0000:00:18.2:pcie04: service driver pciehp loaded
[    0.481621] pciehp 0000:00:18.3:pcie04: HPC vendor_id 15ad device_id 7a0 ss_vid 15ad ss_did 7a0
[    0.481662] pciehp 0000:00:18.3:pcie04: service driver pciehp loaded
[    0.481702] pciehp 0000:00:18.4:pcie04: HPC vendor_id 15ad device_id 7a0 ss_vid 15ad ss_did 7a0
[    0.481743] pciehp 0000:00:18.4:pcie04: service driver pciehp loaded
[    0.481784] pciehp 0000:00:18.5:pcie04: HPC vendor_id 15ad device_id 7a0 ss_vid 15ad ss_did 7a0
[    0.481825] pciehp 0000:00:18.5:pcie04: service driver pciehp loaded
[    0.481866] pciehp 0000:00:18.6:pcie04: HPC vendor_id 15ad device_id 7a0 ss_vid 15ad ss_did 7a0
[    0.481906] pciehp 0000:00:18.6:pcie04: service driver pciehp loaded
[    0.481947] pciehp 0000:00:18.7:pcie04: HPC vendor_id 15ad device_id 7a0 ss_vid 15ad ss_did 7a0
[    0.481988] pciehp 0000:00:18.7:pcie04: service driver pciehp loaded
[    0.481995] pciehp: PCI Express Hot Plug Controller Driver version: 0.4
[    0.482036] ACPI: Deprecated procfs I/F for AC is loaded, please retry with CONFIG_ACPI_PROCFS_POWER cleared
[    0.482080] ACPI: AC Adapter [ACAD] (on-line)
[    0.486611] input: Power Button as /devices/LNXSYSTM:00/LNXPWRBN:00/input/input0
[    0.486616] ACPI: Power Button [PWRF]
[    0.510525] ERST: Table is not found!
[    0.510528] GHES: HEST is not enabled!
[    0.510627] Serial: 8250/16550 driver, 32 ports, IRQ sharing enabled
[    0.534345] serial8250: ttyS0 at I/O 0x3f8 (irq = 4) is a 16550A
[    0.534378] isapnp: Scanning for PnP cards...
[    0.670295] serial8250: ttyS1 at I/O 0x2f8 (irq = 3) is a 16550A
[    0.714106] 00:0a: ttyS0 at I/O 0x3f8 (irq = 4) is a 16550A
[    0.802087] 00:0b: ttyS1 at I/O 0x2f8 (irq = 3) is a 16550A
[    0.822191] Linux agpgart interface v0.103
[    0.822232] agpgart-intel 0000:00:00.0: Intel 440BX Chipset
[    0.822315] agpgart-intel 0000:00:00.0: AGP aperture is 256M @ 0x0
[    0.823007] brd: module loaded
[    0.823402] loop: module loaded
[    0.823443] ata_piix 0000:00:07.1: version 2.13
[    0.826034] scsi0 : ata_piix
[    0.826095] scsi1 : ata_piix
[    0.826126] ata1: PATA max UDMA/33 cmd 0x1f0 ctl 0x3f6 bmdma 0x10c0 irq 14
[    0.826128] ata2: PATA max UDMA/33 cmd 0x170 ctl 0x376 bmdma 0x10c8 irq 15
[    0.826172] Fixed MDIO Bus: probed
[    0.826185] tun: Universal TUN/TAP device driver, 1.6
[    0.826187] tun: (C) 1999-2004 Max Krasnyansky <maxk@qualcomm.com>
[    0.826238] PPP generic driver version 2.4.2
[    0.826298] ehci_hcd: USB 2.0 'Enhanced' Host Controller (EHCI) Driver
[    0.826329] ehci_hcd 0000:02:03.0: PCI INT A -> Link[LNKB] -> GSI 11 (level, low) -> IRQ 11
[    0.826370] ehci_hcd 0000:02:03.0: EHCI Host Controller
[    0.826406] ehci_hcd 0000:02:03.0: new USB bus registered, assigned bus number 1
[    0.826447] ehci_hcd 0000:02:03.0: cache line size of 32 is not supported
[    0.826455] ehci_hcd 0000:02:03.0: irq 11, io mem 0xc9000000
[    0.838013] ehci_hcd 0000:02:03.0: USB 2.0 started, EHCI 1.00
[    0.838112] hub 1-0:1.0: USB hub found
[    0.838117] hub 1-0:1.0: 6 ports detected
[    0.838158] ohci_hcd: USB 1.1 'Open' Host Controller (OHCI) Driver
[    0.838171] uhci_hcd: USB Universal Host Controller Interface driver
[    0.838210] uhci_hcd 0000:02:00.0: PCI INT A -> Link[LNKC] -> GSI 10 (level, low) -> IRQ 10
[    0.838251] uhci_hcd 0000:02:00.0: UHCI Host Controller
[    0.838293] uhci_hcd 0000:02:00.0: new USB bus registered, assigned bus number 2
[    0.838380] uhci_hcd 0000:02:00.0: irq 10, io base 0x000020c0
[    0.838474] hub 2-0:1.0: USB hub found
[    0.838478] hub 2-0:1.0: 2 ports detected
[    0.838518] usbcore: registered new interface driver libusual
[    0.838557] i8042: PNP: PS/2 Controller [PNP0303:KBC,PNP0f13:MOUS] at 0x60,0x64 irq 1,12
[    0.838858] serio: i8042 KBD port at 0x60,0x64 irq 1
[    0.838866] serio: i8042 AUX port at 0x60,0x64 irq 12
[    0.838953] mousedev: PS/2 mouse device common for all mice
[    0.839194] rtc_cmos 00:04: rtc core: registered rtc_cmos as rtc0
[    0.839247] rtc0: alarms up to one month, y3k, 114 bytes nvram, hpet irqs
[    0.839318] device-mapper: uevent: version 1.0.3
[    0.839368] device-mapper: ioctl: 4.22.0-ioctl (2011-10-19) initialised: dm-devel@redhat.com
[    0.839391] EISA: Probing bus 0 at eisa.0
[    0.839393] EISA: Cannot allocate resource for mainboard
[    0.839395] Cannot allocate resource for EISA slot 1
[    0.839397] Cannot allocate resource for EISA slot 2
[    0.839399] Cannot allocate resource for EISA slot 3
[    0.839400] Cannot allocate resource for EISA slot 4
[    0.839402] Cannot allocate resource for EISA slot 5
[    0.839403] Cannot allocate resource for EISA slot 6
[    0.839405] Cannot allocate resource for EISA slot 7
[    0.839406] Cannot allocate resource for EISA slot 8
[    0.839408] EISA: Detected 0 cards.
[    0.839415] cpufreq-nforce2: No nForce2 chipset.
[    0.839418] cpuidle: using governor ladder
[    0.839419] cpuidle: using governor menu
[    0.839421] EFI Variables Facility v0.08 2004-May-17
[    0.839462] TCP cubic registered
[    0.839503] NET: Registered protocol family 10
[    0.839543] NET: Registered protocol family 17
[    0.839547] Registering the dns_resolver key type
[    0.839559] Using IPI No-Shortcut mode
[    0.839622] PM: Hibernation image not present or could not be loaded.
[    0.839630] registered taskstats version 1
[    0.970075] input: AT Translated Set 2 keyboard as /devices/platform/i8042/serio0/input/input1
[    1.057746] Freeing initrd memory: 13836k freed
[    1.102884] ata2.00: ATAPI: VMware Virtual IDE CDROM Drive, 00000001, max UDMA/33
[    1.146557] isapnp: No Plug & Play device found
[    1.149600]   Magic number: 13:803:176
[    1.149643] acpi device:0c: hash matches
[    1.169571] rtc_cmos 00:04: setting system clock to 2013-05-27 11:11:06 UTC (1369653066)
[    1.169630] BIOS EDD facility v0.16 2004-Jun-25, 0 devices found
[    1.169632] EDD information not available.
[    1.169877] ata2.00: configured for UDMA/33
[    1.170288] scsi 1:0:0:0: CD-ROM            NECVMWar VMware IDE CDR10 1.00 PQ: 0 ANSI: 5
[    1.170840] sr0: scsi3-mmc drive: 306x/306x cd/rw xa/form2 cdda tray
[    1.170844] cdrom: Uniform CD-ROM driver Revision: 3.20
[    1.170953] sr 1:0:0:0: Attached scsi CD-ROM sr0
[    1.171130] sr 1:0:0:0: Attached scsi generic sg0 type 5
[    1.171271] Freeing unused kernel memory: 740k freed
[    1.171324] Write protecting the kernel text: 5816k
[    1.171338] Write protecting the kernel read-only data: 2376k
[    1.171340] NX-protecting the kernel data: 4424k
[    1.181398] udevd[85]: starting version 175
[    1.197854] VMware vmxnet3 virtual NIC driver - version 1.1.29.0-k-NAPI
[    1.201600] VMware PVSCSI driver - version 1.0.1.0-k
[    1.206582] VMware vmxnet virtual NIC driver
[    1.206634] ACPI: PCI Interrupt Link [LNKD] enabled at IRQ 5
[    1.206638] PCI: setting IRQ 5 as level-triggered
[    1.206644] vmxnet 0000:02:01.0: PCI INT A -> Link[LNKD] -> GSI 5 (level, low) -> IRQ 5
[    1.206696] Found vmxnet/PCI at 0x2024, irq 5.
[    1.206749] features:
[    1.206760] numRxBuffers = 100, numRxBuffers2 = 1
[    1.206813] vmxnet 0000:02:01.0: eth0: set_features() failed (-1); wanted 0x00004000, left 0x00004800
[    1.222822] Fusion MPT base driver 3.04.20
[    1.222825] Copyright (c) 1999-2008 LSI Corporation
[    1.223010] Fusion MPT SPI Host driver 3.04.20
[    1.223054] mptspi 0000:00:10.0: PCI INT A -> Link[LNKB] -> GSI 11 (level, low) -> IRQ 11
[    1.225436] usb 2-1: new full-speed USB device number 2 using uhci_hcd
[    1.228321] mptbase: ioc0: Initiating bringup
[    1.246523] Floppy drive(s): fd0 is 1.44M
[    1.261579] FDC 0 is a post-1991 82077
[    1.297347] ioc0: LSI53C1030 B0: Capabilities={Initiator}
[    1.357638] input: VMware VMware Virtual USB Mouse as /devices/pci0000:00/0000:00:11.0/0000:02:00.0/usb2/2-1/2-1:1.0/input/input2
[    1.357807] generic-usb 0003:0E0F:0003.0001: input,hidraw0: USB HID v1.10 Mouse [VMware VMware Virtual USB Mouse] on usb-0000:02:00.0-1/input0
[    1.358332] input: VMware VMware Virtual USB Mouse as /devices/pci0000:00/0000:00:11.0/0000:02:00.0/usb2/2-1/2-1:1.1/input/input3
[    1.358482] generic-usb 0003:0E0F:0003.0002: input,hidraw1: USB HID v1.10 Mouse [VMware VMware Virtual USB Mouse] on usb-0000:02:00.0-1/input1
[    1.358495] usbcore: registered new interface driver usbhid
[    1.358497] usbhid: USB HID core driver
[    1.457917] scsi2 : ioc0: LSI53C1030 B0, FwRev=01032920h, Ports=1, MaxQ=128, IRQ=11
[    1.465066] usb 2-2: new full-speed USB device number 3 using uhci_hcd
[    1.569702] scsi 2:0:0:0: Direct-Access     VMware,  VMware Virtual S 1.0  PQ: 0 ANSI: 2
[    1.569710] scsi target2:0:0: Beginning Domain Validation
[    1.570288] scsi target2:0:0: Domain Validation skipping write tests
[    1.570291] scsi target2:0:0: Ending Domain Validation
[    1.570343] scsi target2:0:0: FAST-40 WIDE SCSI 80.0 MB/s ST (25 ns, offset 127)
[    1.572472] sd 2:0:0:0: [sda] 41943040 512-byte logical blocks: (21.4 GB/20.0 GiB)
[    1.572529] sd 2:0:0:0: [sda] Write Protect is off
[    1.572532] sd 2:0:0:0: [sda] Mode Sense: 61 00 00 00
[    1.572587] sd 2:0:0:0: [sda] Cache data unavailable
[    1.572590] sd 2:0:0:0: [sda] Assuming drive cache: write through
[    1.572908] sd 2:0:0:0: [sda] Cache data unavailable
[    1.572910] sd 2:0:0:0: [sda] Assuming drive cache: write through
[    1.573581] sd 2:0:0:0: Attached scsi generic sg1 type 0
[    1.574154]  sda: sda1 sda2 < sda5 >
[    1.574496] sd 2:0:0:0: [sda] Cache data unavailable
[    1.574499] sd 2:0:0:0: [sda] Assuming drive cache: write through
[    1.574502] sd 2:0:0:0: [sda] Attached SCSI disk
[    1.603326] hub 2-2:1.0: USB hub found
[    1.605237] hub 2-2:1.0: 7 ports detected
[    1.610776] EXT4-fs (sda1): INFO: recovery required on readonly filesystem
[    1.610780] EXT4-fs (sda1): write access will be enabled during recovery
[    1.755556] EXT4-fs (sda1): recovery complete
[    1.756147] EXT4-fs (sda1): mounted filesystem with ordered data mode. Opts: (null)
[    3.502728] ADDRCONF(NETDEV_UP): eth0: link is not ready
[    3.507456] udevd[333]: starting version 175
[    3.560380] lp: driver loaded but no devices found
[    3.588069] Adding 1046524k swap on /dev/sda5.  Priority:-1 extents:1 across:1046524k 
[    3.656409] EXT4-fs (sda1): re-mounted. Opts: errors=remount-ro
[    3.674425] shpchp: Standard Hot Plug PCI Controller Driver version: 0.4
[    3.675964] piix4_smbus 0000:00:07.3: Host SMBus controller not enabled!
[    3.684137] [403]: VMCI: shared components initialized.
[    3.684160] Probing for vmci/PCI.
[    3.684313] ACPI: PCI Interrupt Link [LNKA] enabled at IRQ 9
[    3.684316] PCI: setting IRQ 9 as level-triggered
[    3.684322] vmci 0000:00:07.7: PCI INT A -> Link[LNKA] -> GSI 9 (level, low) -> IRQ 9
[    3.684363] Found vmci/PCI at 0x1080, irq 9.
[    3.684393] VMCI: using capabilities 0xc.
[    3.684462] [403]: VMCI: Host capability check passed.
[    3.684736] vmci 0000:00:07.7: irq 72 for MSI/MSI-X
[    3.684768] vmci 0000:00:07.7: irq 73 for MSI/MSI-X
[    3.684961] Registered vmci device.
[    3.686750] [403]: VMCI: Using guest personality
[    3.686753] [403]: VMCI: host components initialized.
[    3.686840] [403]: VMCI: Module registered (name=vmci,major=10,minor=57).
[    3.686843] [403]: VMCI: Using host personality
[    3.686845] [403]: VMCI: Module (name=vmci) is initialized
[    3.791316] ppdev: user-space parallel port driver
[    3.792680] parport_pc 00:09: reported by Plug and Play ACPI
[    3.792865] parport0: PC-style at 0x378, irq 7 [PCSPP,TRISTATE]
[    3.805478] Bluetooth: Core ver 2.16
[    3.808380] NET: Registered protocol family 31
[    3.808385] Bluetooth: HCI device and connection manager initialized
[    3.808389] Bluetooth: HCI socket layer initialized
[    3.808392] Bluetooth: L2CAP socket layer initialized
[    3.808400] Bluetooth: SCO socket layer initialized
[    3.826785] Bluetooth: BNEP (Ethernet Emulation) ver 1.3
[    3.826788] Bluetooth: BNEP filters: protocol multicast
[    3.839033] type=1400 audit(1369653069.170:2): apparmor="STATUS" operation="profile_load" name="/sbin/dhclient" pid=556 comm="apparmor_parser"
[    3.839123] type=1400 audit(1369653069.170:3): apparmor="STATUS" operation="profile_load" name="/usr/lib/NetworkManager/nm-dhcp-client.action" pid=556 comm="apparmor_parser"
[    3.839212] type=1400 audit(1369653069.170:4): apparmor="STATUS" operation="profile_load" name="/usr/lib/connman/scripts/dhclient-script" pid=556 comm="apparmor_parser"
[    3.847004] Bluetooth: RFCOMM TTY layer initialized
[    3.847008] Bluetooth: RFCOMM socket layer initialized
[    3.847010] Bluetooth: RFCOMM ver 1.11
[    3.889740] lp0: using parport0 (interrupt-driven).
[    3.894018] type=1400 audit(1369653069.226:5): apparmor="STATUS" operation="profile_load" name="/usr/lib/cups/backend/cups-pdf" pid=598 comm="apparmor_parser"
[    3.895795] type=1400 audit(1369653069.226:6): apparmor="STATUS" operation="profile_load" name="/usr/sbin/cupsd" pid=598 comm="apparmor_parser"
[    4.009547] snd_ens1371 0000:02:02.0: PCI INT A -> Link[LNKA] -> GSI 9 (level, low) -> IRQ 9
[    4.061369] input: ImPS/2 Generic Wheel Mouse as /devices/platform/i8042/serio1/input/input4
[    4.207014] init: failsafe main process (684) killed by TERM signal
[    4.310886] type=1400 audit(1369653069.642:7): apparmor="STATUS" operation="profile_load" name="/usr/lib/lightdm/lightdm/lightdm-guest-session-wrapper" pid=792 comm="apparmor_parser"
[    4.311411] type=1400 audit(1369653069.642:8): apparmor="STATUS" operation="profile_replace" name="/sbin/dhclient" pid=797 comm="apparmor_parser"
[    4.312545] type=1400 audit(1369653069.642:9): apparmor="STATUS" operation="profile_replace" name="/usr/lib/NetworkManager/nm-dhcp-client.action" pid=797 comm="apparmor_parser"
[    4.312584] type=1400 audit(1369653069.642:10): apparmor="STATUS" operation="profile_replace" name="/usr/lib/connman/scripts/dhclient-script" pid=797 comm="apparmor_parser"
[    4.485957] init: alsa-restore main process (879) terminated with status 19
