[    0.000000] Initializing cgroup subsys cpuset
[    0.000000] Initializing cgroup subsys cpu
[    0.000000] Linux version 3.2.0-29-generic-pae (buildd@roseapple) (gcc version 4.6.3 (Ubuntu/Linaro 4.6.3-1ubuntu5) ) #46-Ubuntu SMP Fri Jul 27 17:25:43 UTC 2012 (Ubuntu 3.2.0-29.46-generic-pae 3.2.24)
[    0.000000] KERNEL supported cpus:
[    0.000000]   Intel GenuineIntel
[    0.000000]   AMD AuthenticAMD
[    0.000000]   NSC Geode by NSC
[    0.000000]   Cyrix CyrixInstead
[    0.000000]   Centaur CentaurHauls
[    0.000000]   Transmeta GenuineTMx86
[    0.000000]   Transmeta TransmetaCPU
[    0.000000]   UMC UMC UMC UMC
[    0.000000] Disabled fast string operations
[    0.000000] BIOS-provided physical RAM map:
[    0.000000]  BIOS-e820: 0000000000000000 - 000000000009f000 (usable)
[    0.000000]  BIOS-e820: 000000000009f000 - 00000000000a0000 (reserved)
[    0.000000]  BIOS-e820: 00000000000ca000 - 00000000000cc000 (reserved)
[    0.000000]  BIOS-e820: 00000000000dc000 - 0000000000100000 (reserved)
[    0.000000]  BIOS-e820: 0000000000100000 - 000000003fee0000 (usable)
[    0.000000]  BIOS-e820: 000000003fee0000 - 000000003feff000 (ACPI data)
[    0.000000]  BIOS-e820: 000000003feff000 - 000000003ff00000 (ACPI NVS)
[    0.000000]  BIOS-e820: 000000003ff00000 - 0000000040000000 (usable)
[    0.000000]  BIOS-e820: 00000000e0000000 - 00000000f0000000 (reserved)
[    0.000000]  BIOS-e820: 00000000fec00000 - 00000000fec10000 (reserved)
[    0.000000]  BIOS-e820: 00000000fee00000 - 00000000fee01000 (reserved)
[    0.000000]  BIOS-e820: 00000000fffe0000 - 0000000100000000 (reserved)
[    0.000000] NX (Execute Disable) protection: active
[    0.000000] DMI present.
[    0.000000] DMI: VMware, Inc. VMware Virtual Platform/440BX Desktop Reference Platform, BIOS 6.00 07/02/2012
[    0.000000] Hypervisor detected: VMware
[    0.000000] e820 update range: 0000000000000000 - 0000000000010000 (usable) ==> (reserved)
[    0.000000] e820 remove range: 00000000000a0000 - 0000000000100000 (usable)
[    0.000000] last_pfn = 0x40000 max_arch_pfn = 0x1000000
[    0.000000] MTRR default type: uncachable
[    0.000000] MTRR fixed ranges enabled:
[    0.000000]   00000-9FFFF write-back
[    0.000000]   A0000-BFFFF uncachable
[    0.000000]   C0000-CBFFF write-protect
[    0.000000]   CC000-EFFFF uncachable
[    0.000000]   F0000-FFFFF write-protect
[    0.000000] MTRR variable ranges enabled:
[    0.000000]   0 base 0000000000 mask FFC0000000 write-back
[    0.000000]   1 disabled
[    0.000000]   2 disabled
[    0.000000]   3 disabled
[    0.000000]   4 disabled
[    0.000000]   5 disabled
[    0.000000]   6 disabled
[    0.000000]   7 disabled
[    0.000000] x86 PAT enabled: cpu 0, old 0x0, new 0x7010600070106
[    0.000000] found SMP MP-table at [c00f6bf0] f6bf0
[    0.000000] initial memory mapped : 0 - 02000000
[    0.000000] Base memory trampoline at [c009b000] 9b000 size 16384
[    0.000000] init_memory_mapping: 0000000000000000-0000000037bfe000
[    0.000000]  0000000000 - 0000200000 page 4k
[    0.000000]  0000200000 - 0037a00000 page 2M
[    0.000000]  0037a00000 - 0037bfe000 page 4k
[    0.000000] kernel direct mapping tables up to 37bfe000 @ 1ffb000-2000000
[    0.000000] RAMDISK: 364ea000 - 3726d000
[    0.000000] ACPI: RSDP 000f6b80 00024 (v02 PTLTD )
[    0.000000] ACPI: XSDT 3feed636 0005C (v01 INTEL  440BX    06040000 VMW  01324272)
[    0.000000] ACPI: FACP 3fefee98 000F4 (v04 INTEL  440BX    06040000 PTL  000F4240)
[    0.000000] ACPI: DSDT 3feee366 10B32 (v01 PTLTD  Custom   06040000 MSFT 03000001)
[    0.000000] ACPI: FACS 3fefffc0 00040
[    0.000000] ACPI: BOOT 3feee33e 00028 (v01 PTLTD  $SBFTBL$ 06040000  LTP 00000001)
[    0.000000] ACPI: APIC 3feedc3e 003C2 (v01 PTLTD  ? APIC   06040000  LTP 00000000)
[    0.000000] ACPI: MCFG 3feedc02 0003C (v01 PTLTD  $PCITBL$ 06040000  LTP 00000001)
[    0.000000] ACPI: SRAT 3feed732 004D0 (v02 VMWARE MEMPLUG  06040000 VMW  00000001)
[    0.000000] ACPI: HPET 3feed6fa 00038 (v01 VMWARE VMW HPET 06040000 VMW  00000001)
[    0.000000] ACPI: WAET 3feed6d2 00028 (v01 VMWARE VMW WAET 06040000 VMW  00000001)
[    0.000000] ACPI: Local APIC address 0xfee00000
[    0.000000] 132MB HIGHMEM available.
[    0.000000] 891MB LOWMEM available.
[    0.000000]   mapped low ram: 0 - 37bfe000
[    0.000000]   low ram: 0 - 37bfe000
[    0.000000] Zone PFN ranges:
[    0.000000]   DMA      0x00000010 -> 0x00001000
[    0.000000]   Normal   0x00001000 -> 0x00037bfe
[    0.000000]   HighMem  0x00037bfe -> 0x00040000
[    0.000000] Movable zone start PFN for each node
[    0.000000] early_node_map[3] active PFN ranges
[    0.000000]     0: 0x00000010 -> 0x0000009f
[    0.000000]     0: 0x00000100 -> 0x0003fee0
[    0.000000]     0: 0x0003ff00 -> 0x00040000
[    0.000000] On node 0 totalpages: 261999
[    0.000000] free_area_init_node: node 0, pgdat c1866a40, node_mem_map f73fd200
[    0.000000]   DMA zone: 32 pages used for memmap
[    0.000000]   DMA zone: 0 pages reserved
[    0.000000]   DMA zone: 3951 pages, LIFO batch:0
[    0.000000]   Normal zone: 1752 pages used for memmap
[    0.000000]   Normal zone: 222502 pages, LIFO batch:31
[    0.000000]   HighMem zone: 265 pages used for memmap
[    0.000000]   HighMem zone: 33497 pages, LIFO batch:7
[    0.000000] Using APIC driver default
[    0.000000] ACPI: PM-Timer IO Port: 0x1008
[    0.000000] ACPI: Local APIC address 0xfee00000
[    0.000000] ACPI: LAPIC (acpi_id[0x00] lapic_id[0x00] enabled)
[    0.000000] ACPI: LAPIC (acpi_id[0x01] lapic_id[0x02] disabled)
[    0.000000] ACPI: LAPIC (acpi_id[0x02] lapic_id[0x04] disabled)
[    0.000000] ACPI: LAPIC (acpi_id[0x03] lapic_id[0x06] disabled)
[    0.000000] ACPI: LAPIC (acpi_id[0x04] lapic_id[0x08] disabled)
[    0.000000] ACPI: LAPIC (acpi_id[0x05] lapic_id[0x0a] disabled)
[    0.000000] ACPI: LAPIC (acpi_id[0x06] lapic_id[0x0c] disabled)
[    0.000000] ACPI: LAPIC (acpi_id[0x07] lapic_id[0x0e] disabled)
[    0.000000] ACPI: LAPIC (acpi_id[0x08] lapic_id[0x10] disabled)
[    0.000000] ACPI: LAPIC (acpi_id[0x09] lapic_id[0x12] disabled)
[    0.000000] ACPI: LAPIC (acpi_id[0x0a] lapic_id[0x14] disabled)
[    0.000000] ACPI: LAPIC (acpi_id[0x0b] lapic_id[0x16] disabled)
[    0.000000] ACPI: LAPIC (acpi_id[0x0c] lapic_id[0x18] disabled)
[    0.000000] ACPI: LAPIC (acpi_id[0x0d] lapic_id[0x1a] disabled)
[    0.000000] ACPI: LAPIC (acpi_id[0x0e] lapic_id[0x1c] disabled)
[    0.000000] ACPI: LAPIC (acpi_id[0x0f] lapic_id[0x1e] disabled)
[    0.000000] ACPI: LAPIC (acpi_id[0x10] lapic_id[0x20] disabled)
[    0.000000] ACPI: LAPIC (acpi_id[0x11] lapic_id[0x22] disabled)
[    0.000000] ACPI: LAPIC (acpi_id[0x12] lapic_id[0x24] disabled)
[    0.000000] ACPI: LAPIC (acpi_id[0x13] lapic_id[0x26] disabled)
[    0.000000] ACPI: LAPIC (acpi_id[0x14] lapic_id[0x28] disabled)
[    0.000000] ACPI: LAPIC (acpi_id[0x15] lapic_id[0x2a] disabled)
[    0.000000] ACPI: LAPIC (acpi_id[0x16] lapic_id[0x2c] disabled)
[    0.000000] ACPI: LAPIC (acpi_id[0x17] lapic_id[0x2e] disabled)
[    0.000000] ACPI: LAPIC (acpi_id[0x18] lapic_id[0x30] disabled)
[    0.000000] ACPI: LAPIC (acpi_id[0x19] lapic_id[0x32] disabled)
[    0.000000] ACPI: LAPIC (acpi_id[0x1a] lapic_id[0x34] disabled)
[    0.000000] ACPI: LAPIC (acpi_id[0x1b] lapic_id[0x36] disabled)
[    0.000000] ACPI: LAPIC (acpi_id[0x1c] lapic_id[0x38] disabled)
[    0.000000] ACPI: LAPIC (acpi_id[0x1d] lapic_id[0x3a] disabled)
[    0.000000] ACPI: LAPIC (acpi_id[0x1e] lapic_id[0x3c] disabled)
[    0.000000] ACPI: LAPIC (acpi_id[0x1f] lapic_id[0x3e] disabled)
[    0.000000] ACPI: LAPIC (acpi_id[0x20] lapic_id[0x40] disabled)
[    0.000000] ACPI: LAPIC (acpi_id[0x21] lapic_id[0x42] disabled)
[    0.000000] ACPI: LAPIC (acpi_id[0x22] lapic_id[0x44] disabled)
[    0.000000] ACPI: LAPIC (acpi_id[0x23] lapic_id[0x46] disabled)
[    0.000000] ACPI: LAPIC (acpi_id[0x24] lapic_id[0x48] disabled)
[    0.000000] ACPI: LAPIC (acpi_id[0x25] lapic_id[0x4a] disabled)
[    0.000000] ACPI: LAPIC (acpi_id[0x26] lapic_id[0x4c] disabled)
[    0.000000] ACPI: LAPIC (acpi_id[0x27] lapic_id[0x4e] disabled)
[    0.000000] ACPI: LAPIC (acpi_id[0x28] lapic_id[0x50] disabled)
[    0.000000] ACPI: LAPIC (acpi_id[0x29] lapic_id[0x52] disabled)
[    0.000000] ACPI: LAPIC (acpi_id[0x2a] lapic_id[0x54] disabled)
[    0.000000] ACPI: LAPIC (acpi_id[0x2b] lapic_id[0x56] disabled)
[    0.000000] ACPI: LAPIC (acpi_id[0x2c] lapic_id[0x58] disabled)
[    0.000000] ACPI: LAPIC (acpi_id[0x2d] lapic_id[0x5a] disabled)
[    0.000000] ACPI: LAPIC (acpi_id[0x2e] lapic_id[0x5c] disabled)
[    0.000000] ACPI: LAPIC (acpi_id[0x2f] lapic_id[0x5e] disabled)
[    0.000000] ACPI: LAPIC (acpi_id[0x30] lapic_id[0x60] disabled)
[    0.000000] ACPI: LAPIC (acpi_id[0x31] lapic_id[0x62] disabled)
[    0.000000] ACPI: LAPIC (acpi_id[0x32] lapic_id[0x64] disabled)
[    0.000000] ACPI: LAPIC (acpi_id[0x33] lapic_id[0x66] disabled)
[    0.000000] ACPI: LAPIC (acpi_id[0x34] lapic_id[0x68] disabled)
[    0.000000] ACPI: LAPIC (acpi_id[0x35] lapic_id[0x6a] disabled)
[    0.000000] ACPI: LAPIC (acpi_id[0x36] lapic_id[0x6c] disabled)
[    0.000000] ACPI: LAPIC (acpi_id[0x37] lapic_id[0x6e] disabled)
[    0.000000] ACPI: LAPIC (acpi_id[0x38] lapic_id[0x70] disabled)
[    0.000000] ACPI: LAPIC (acpi_id[0x39] lapic_id[0x72] disabled)
[    0.000000] ACPI: LAPIC (acpi_id[0x3a] lapic_id[0x74] disabled)
[    0.000000] ACPI: LAPIC (acpi_id[0x3b] lapic_id[0x76] disabled)
[    0.000000] ACPI: LAPIC (acpi_id[0x3c] lapic_id[0x78] disabled)
[    0.000000] ACPI: LAPIC (acpi_id[0x3d] lapic_id[0x7a] disabled)
[    0.000000] ACPI: LAPIC (acpi_id[0x3e] lapic_id[0x7c] disabled)
[    0.000000] ACPI: LAPIC (acpi_id[0x3f] lapic_id[0x7e] disabled)
[    0.000000] ACPI: LAPIC_NMI (acpi_id[0x00] high edge lint[0x1])
[    0.000000] ACPI: LAPIC_NMI (acpi_id[0x01] high edge lint[0x1])
[    0.000000] ACPI: LAPIC_NMI (acpi_id[0x02] high edge lint[0x1])
[    0.000000] ACPI: LAPIC_NMI (acpi_id[0x03] high edge lint[0x1])
[    0.000000] ACPI: LAPIC_NMI (acpi_id[0x04] high edge lint[0x1])
[    0.000000] ACPI: LAPIC_NMI (acpi_id[0x05] high edge lint[0x1])
[    0.000000] ACPI: LAPIC_NMI (acpi_id[0x06] high edge lint[0x1])
[    0.000000] ACPI: LAPIC_NMI (acpi_id[0x07] high edge lint[0x1])
[    0.000000] ACPI: LAPIC_NMI (acpi_id[0x08] high edge lint[0x1])
[    0.000000] ACPI: LAPIC_NMI (acpi_id[0x09] high edge lint[0x1])
[    0.000000] ACPI: LAPIC_NMI (acpi_id[0x0a] high edge lint[0x1])
[    0.000000] ACPI: LAPIC_NMI (acpi_id[0x0b] high edge lint[0x1])
[    0.000000] ACPI: LAPIC_NMI (acpi_id[0x0c] high edge lint[0x1])
[    0.000000] ACPI: LAPIC_NMI (acpi_id[0x0d] high edge lint[0x1])
[    0.000000] ACPI: LAPIC_NMI (acpi_id[0x0e] high edge lint[0x1])
[    0.000000] ACPI: LAPIC_NMI (acpi_id[0x0f] high edge lint[0x1])
[    0.000000] ACPI: LAPIC_NMI (acpi_id[0x10] high edge lint[0x1])
[    0.000000] ACPI: LAPIC_NMI (acpi_id[0x11] high edge lint[0x1])
[    0.000000] ACPI: LAPIC_NMI (acpi_id[0x12] high edge lint[0x1])
[    0.000000] ACPI: LAPIC_NMI (acpi_id[0x13] high edge lint[0x1])
[    0.000000] ACPI: LAPIC_NMI (acpi_id[0x14] high edge lint[0x1])
[    0.000000] ACPI: LAPIC_NMI (acpi_id[0x15] high edge lint[0x1])
[    0.000000] ACPI: LAPIC_NMI (acpi_id[0x16] high edge lint[0x1])
[    0.000000] ACPI: LAPIC_NMI (acpi_id[0x17] high edge lint[0x1])
[    0.000000] ACPI: LAPIC_NMI (acpi_id[0x18] high edge lint[0x1])
[    0.000000] ACPI: LAPIC_NMI (acpi_id[0x19] high edge lint[0x1])
[    0.000000] ACPI: LAPIC_NMI (acpi_id[0x1a] high edge lint[0x1])
[    0.000000] ACPI: LAPIC_NMI (acpi_id[0x1b] high edge lint[0x1])
[    0.000000] ACPI: LAPIC_NMI (acpi_id[0x1c] high edge lint[0x1])
[    0.000000] ACPI: LAPIC_NMI (acpi_id[0x1d] high edge lint[0x1])
[    0.000000] ACPI: LAPIC_NMI (acpi_id[0x1e] high edge lint[0x1])
[    0.000000] ACPI: LAPIC_NMI (acpi_id[0x1f] high edge lint[0x1])
[    0.000000] ACPI: LAPIC_NMI (acpi_id[0x20] high edge lint[0x1])
[    0.000000] ACPI: LAPIC_NMI (acpi_id[0x21] high edge lint[0x1])
[    0.000000] ACPI: LAPIC_NMI (acpi_id[0x22] high edge lint[0x1])
[    0.000000] ACPI: LAPIC_NMI (acpi_id[0x23] high edge lint[0x1])
[    0.000000] ACPI: LAPIC_NMI (acpi_id[0x24] high edge lint[0x1])
[    0.000000] ACPI: LAPIC_NMI (acpi_id[0x25] high edge lint[0x1])
[    0.000000] ACPI: LAPIC_NMI (acpi_id[0x26] high edge lint[0x1])
[    0.000000] ACPI: LAPIC_NMI (acpi_id[0x27] high edge lint[0x1])
[    0.000000] ACPI: LAPIC_NMI (acpi_id[0x28] high edge lint[0x1])
[    0.000000] ACPI: LAPIC_NMI (acpi_id[0x29] high edge lint[0x1])
[    0.000000] ACPI: LAPIC_NMI (acpi_id[0x2a] high edge lint[0x1])
[    0.000000] ACPI: LAPIC_NMI (acpi_id[0x2b] high edge lint[0x1])
[    0.000000] ACPI: LAPIC_NMI (acpi_id[0x2c] high edge lint[0x1])
[    0.000000] ACPI: LAPIC_NMI (acpi_id[0x2d] high edge lint[0x1])
[    0.000000] ACPI: LAPIC_NMI (acpi_id[0x2e] high edge lint[0x1])
[    0.000000] ACPI: LAPIC_NMI (acpi_id[0x2f] high edge lint[0x1])
[    0.000000] ACPI: LAPIC_NMI (acpi_id[0x30] high edge lint[0x1])
[    0.000000] ACPI: LAPIC_NMI (acpi_id[0x31] high edge lint[0x1])
[    0.000000] ACPI: LAPIC_NMI (acpi_id[0x32] high edge lint[0x1])
[    0.000000] ACPI: LAPIC_NMI (acpi_id[0x33] high edge lint[0x1])
[    0.000000] ACPI: LAPIC_NMI (acpi_id[0x34] high edge lint[0x1])
[    0.000000] ACPI: LAPIC_NMI (acpi_id[0x35] high edge lint[0x1])
[    0.000000] ACPI: LAPIC_NMI (acpi_id[0x36] high edge lint[0x1])
[    0.000000] ACPI: LAPIC_NMI (acpi_id[0x37] high edge lint[0x1])
[    0.000000] ACPI: LAPIC_NMI (acpi_id[0x38] high edge lint[0x1])
[    0.000000] ACPI: LAPIC_NMI (acpi_id[0x39] high edge lint[0x1])
[    0.000000] ACPI: LAPIC_NMI (acpi_id[0x3a] high edge lint[0x1])
[    0.000000] ACPI: LAPIC_NMI (acpi_id[0x3b] high edge lint[0x1])
[    0.000000] ACPI: LAPIC_NMI (acpi_id[0x3c] high edge lint[0x1])
[    0.000000] ACPI: LAPIC_NMI (acpi_id[0x3d] high edge lint[0x1])
[    0.000000] ACPI: LAPIC_NMI (acpi_id[0x3e] high edge lint[0x1])
[    0.000000] ACPI: LAPIC_NMI (acpi_id[0x3f] high edge lint[0x1])
[    0.000000] ACPI: Skipping IOAPIC probe due to 'noapic' option.
[    0.000000] Using ACPI for processor (LAPIC) configuration information
[    0.000000] ACPI: HPET id: 0x8086af01 base: 0xfed00000
[    0.000000] Intel MultiProcessor Specification v1.4
[    0.000000]     Virtual Wire compatibility mode.
[    0.000000] MPTABLE: OEM ID: INTEL   
[    0.000000] MPTABLE: Product ID: 440BX       
[    0.000000] MPTABLE: APIC at: 0xFEE00000
[    0.000000] IOAPIC[0]: apic_id 1, version 17, address 0xfec00000, GSI 0-23
[    0.000000] Processors: 1
[    0.000000] SMP: Allowing 1 CPUs, 0 hotplug CPUs
[    0.000000] nr_irqs_gsi: 40
[    0.000000] PM: Registered nosave memory: 000000000009f000 - 00000000000a0000
[    0.000000] PM: Registered nosave memory: 00000000000a0000 - 00000000000ca000
[    0.000000] PM: Registered nosave memory: 00000000000ca000 - 00000000000cc000
[    0.000000] PM: Registered nosave memory: 00000000000cc000 - 00000000000dc000
[    0.000000] PM: Registered nosave memory: 00000000000dc000 - 0000000000100000
[    0.000000] Allocating PCI resources starting at 40000000 (gap: 40000000:a0000000)
[    0.000000] Booting paravirtualized kernel on bare hardware
[    0.000000] setup_percpu: NR_CPUS:8 nr_cpumask_bits:8 nr_cpu_ids:1 nr_node_ids:1
[    0.000000] PERCPU: Embedded 14 pages/cpu @f73e8000 s34240 r0 d23104 u57344
[    0.000000] pcpu-alloc: s34240 r0 d23104 u57344 alloc=14*4096
[    0.000000] pcpu-alloc: [0] 0 
[    0.000000] Built 1 zonelists in Zone order, mobility grouping on.  Total pages: 259950
[    0.000000] Kernel command line: BOOT_IMAGE=/boot/vmlinuz-3.2.0-29-generic-pae root=UUID=007b598c-390d-4c65-84a1-4ff752d48633 ro quiet splash maxcpus=0
[    0.000000] PID hash table entries: 4096 (order: 2, 16384 bytes)
[    0.000000] Dentry cache hash table entries: 131072 (order: 7, 524288 bytes)
[    0.000000] Inode-cache hash table entries: 65536 (order: 6, 262144 bytes)
[    0.000000] Initializing CPU#0
[    0.000000] xsave/xrstor: enabled xstate_bv 0x7, cntxt size 0x340
[    0.000000] allocated 4194048 bytes of page_cgroup
[    0.000000] please try 'cgroup_disable=memory' option if you don't want memory cgroups
[    0.000000] Initializing HighMem for node 0 (00037bfe:00040000)
[    0.000000] Memory: 1010624k/1048576k available (5814k kernel code, 37372k reserved, 2841k data, 740k init, 135048k highmem)
[    0.000000] virtual kernel memory layout:
[    0.000000]     fixmap  : 0xfff16000 - 0xfffff000   ( 932 kB)
[    0.000000]     pkmap   : 0xffc00000 - 0xffe00000   (2048 kB)
[    0.000000]     vmalloc : 0xf83fe000 - 0xffbfe000   ( 120 MB)
[    0.000000]     lowmem  : 0xc0000000 - 0xf7bfe000   ( 891 MB)
[    0.000000]       .init : 0xc1875000 - 0xc192e000   ( 740 kB)
[    0.000000]       .data : 0xc15adb64 - 0xc1874240   (2841 kB)
[    0.000000]       .text : 0xc1000000 - 0xc15adb64   (5814 kB)
[    0.000000] Checking if this processor honours the WP bit even in supervisor mode...Ok.
[    0.000000] SLUB: Genslabs=15, HWalign=64, Order=0-3, MinObjects=0, CPUs=1, Nodes=1
[    0.000000] Hierarchical RCU implementation.
[    0.000000] 	RCU dyntick-idle grace-period acceleration is enabled.
[    0.000000] NR_IRQS:2304 nr_irqs:256 16
[    0.000000] CPU 0 irqstacks, hard=f5c08000 soft=f5c0a000
[    0.000000] Extended CMOS year: 2000
[    0.000000] Console: colour VGA+ 80x25
[    0.000000] console [tty0] enabled
[    0.000000] hpet clockevent registered
[    0.000000] TSC freq read from hypervisor : 2394.620 MHz
[    0.000000] Detected 2394.620 MHz processor.
[    0.000001] Calibrating delay loop (skipped) preset value.. 4789.24 BogoMIPS (lpj=9578480)
[    0.000004] pid_max: default: 32768 minimum: 301
[    0.000019] Security Framework initialized
[    0.000034] AppArmor: AppArmor initialized
[    0.000035] Yama: becoming mindful.
[    0.000071] Mount-cache hash table entries: 512
[    0.000151] Initializing cgroup subsys cpuacct
[    0.000155] Initializing cgroup subsys memory
[    0.000159] Initializing cgroup subsys devices
[    0.000161] Initializing cgroup subsys freezer
[    0.000162] Initializing cgroup subsys blkio
[    0.000167] Initializing cgroup subsys perf_event
[    0.000210] Disabled fast string operations
[    0.000214] CPU: Physical Processor ID: 0
[    0.000223] ENERGY_PERF_BIAS: Set to 'normal', was 'performance'
[    0.000224] ENERGY_PERF_BIAS: View and update with x86_energy_perf_policy(8)
[    0.000867] mce: CPU supports 0 MCE banks
[    0.001595] SMP alternatives: switching to UP code
[    0.022829] Freeing SMP alternatives: 24k freed
[    0.022835] ACPI: Core revision 20110623
[    0.032179] ACPI: setting ELCR to 0200 (from 0e20)
[    0.033606] ftrace: allocating 26545 entries in 52 pages
[    0.060207] SMP mode deactivated.
[    0.060249] SMP disabled
[    0.060252] Performance Events: generic architected perfmon v1, core PMU driver.
[    0.060265] ... version:                1
[    0.060266] ... bit width:              48
[    0.060268] ... generic registers:      4
[    0.060269] ... value mask:             0000ffffffffffff
[    0.060270] ... max period:             000000007fffffff
[    0.060271] ... fixed-purpose events:   0
[    0.060272] ... event mask:             000000000000000f
[    0.060367] NMI watchdog enabled, takes one hw-pmu counter.
[    0.060386] Brought up 1 CPUs
[    0.060388] Total of 1 processors activated (4789.24 BogoMIPS).
[    0.060501] devtmpfs: initialized
[    0.060573] EVM: security.selinux
[    0.060574] EVM: security.SMACK64
[    0.060574] EVM: security.capability
[    0.060601] PM: Registering ACPI NVS region at 3feff000 (4096 bytes)
[    0.061631] print_constraints: dummy: 
[    0.061759] RTC time:  6:21:26, date: 05/27/13
[    0.061804] NET: Registered protocol family 16
[    0.061931] EISA bus registered
[    0.061950] ACPI: bus type pci registered
[    0.062106] PCI: MMCONFIG for domain 0000 [bus 00-ff] at [mem 0xe0000000-0xefffffff] (base 0xe0000000)
[    0.062110] PCI: MMCONFIG at [mem 0xe0000000-0xefffffff] reserved in E820
[    0.062112] PCI: Using MMCONFIG for extended config space
[    0.062114] PCI: Using configuration type 1 for base access
[    0.064360] bio: create slab <bio-0> at 0
[    0.064470] ACPI: Added _OSI(Module Device)
[    0.064473] ACPI: Added _OSI(Processor Device)
[    0.064475] ACPI: Added _OSI(3.0 _SCP Extensions)
[    0.064477] ACPI: Added _OSI(Processor Aggregator Device)
[    0.066971] ACPI: EC: Look up EC in DSDT
[    0.073926] [Firmware Bug]: ACPI: BIOS _OSI(Linux) query ignored
[    0.083151] ACPI: Interpreter enabled
[    0.083161] ACPI: (supports S0 S1 S4 S5)
[    0.083172] ACPI: Using PIC for interrupt routing
[    0.126525] ACPI: No dock devices found.
[    0.126529] HEST: Table not found.
[    0.126534] PCI: Using host bridge windows from ACPI; if necessary, use "pci=nocrs" and report a bug
[    0.127233] ACPI: PCI Root Bridge [PCI0] (domain 0000 [bus 00-ff])
[    0.128606] pci_root PNP0A03:00: host bridge window [mem 0x000a0000-0x000bffff]
[    0.128608] pci_root PNP0A03:00: host bridge window [mem 0x000cc000-0x000cffff]
[    0.128610] pci_root PNP0A03:00: host bridge window [mem 0x000d0000-0x000d3fff]
[    0.128612] pci_root PNP0A03:00: host bridge window [mem 0x000d4000-0x000d7fff]
[    0.128613] pci_root PNP0A03:00: host bridge window [mem 0x000d8000-0x000dbfff]
[    0.128615] pci_root PNP0A03:00: host bridge window [mem 0xc0000000-0xfebfffff]
[    0.128617] pci_root PNP0A03:00: host bridge window [io  0x0000-0x0cf7]
[    0.128618] pci_root PNP0A03:00: host bridge window [io  0x0d00-0xfeff]
[    0.128673] pci 0000:00:00.0: [8086:7190] type 0 class 0x000600
[    0.129128] pci 0000:00:01.0: [8086:7191] type 1 class 0x000604
[    0.129545] pci 0000:00:07.0: [8086:7110] type 0 class 0x000601
[    0.130223] pci 0000:00:07.1: [8086:7111] type 0 class 0x000101
[    0.131754] pci 0000:00:07.1: reg 20: [io  0x10c0-0x10cf]
[    0.132519] pci 0000:00:07.3: [8086:7113] type 0 class 0x000680
[    0.134270] pci 0000:00:07.3: quirk: [io  0x1000-0x103f] claimed by PIIX4 ACPI
[    0.134284] pci 0000:00:07.3: quirk: [io  0x1040-0x104f] claimed by PIIX4 SMB
[    0.134530] pci 0000:00:07.7: [15ad:0740] type 0 class 0x000880
[    0.135022] pci 0000:00:07.7: reg 10: [io  0x1080-0x10bf]
[    0.135614] pci 0000:00:07.7: reg 14: [mem 0xc8000000-0xc8001fff 64bit]
[    0.137750] pci 0000:00:0f.0: [15ad:0405] type 0 class 0x000300
[    0.139872] pci 0000:00:0f.0: reg 10: [io  0x10d0-0x10df]
[    0.141842] pci 0000:00:0f.0: reg 14: [mem 0xd0000000-0xd7ffffff pref]
[    0.143830] pci 0000:00:0f.0: reg 18: [mem 0xc8800000-0xc8ffffff]
[    0.152404] pci 0000:00:0f.0: reg 30: [mem 0x00000000-0x00007fff pref]
[    0.152742] pci 0000:00:10.0: [1000:0030] type 0 class 0x000100
[    0.153313] pci 0000:00:10.0: reg 10: [io  0x1400-0x14ff]
[    0.154251] pci 0000:00:10.0: reg 14: [mem 0xc8040000-0xc805ffff 64bit]
[    0.155110] pci 0000:00:10.0: reg 1c: [mem 0xc8020000-0xc803ffff 64bit]
[    0.156211] pci 0000:00:10.0: reg 30: [mem 0x00000000-0x00003fff pref]
[    0.156380] pci 0000:00:11.0: [15ad:0790] type 1 class 0x000604
[    0.157116] pci 0000:00:15.0: [15ad:07a0] type 1 class 0x000604
[    0.157939] pci 0000:00:15.0: PME# supported from D0 D3hot D3cold
[    0.157964] pci 0000:00:15.0: PME# disabled
[    0.158278] pci 0000:00:15.1: [15ad:07a0] type 1 class 0x000604
[    0.159487] pci 0000:00:15.1: PME# supported from D0 D3hot D3cold
[    0.159518] pci 0000:00:15.1: PME# disabled
[    0.159874] pci 0000:00:15.2: [15ad:07a0] type 1 class 0x000604
[    0.160835] pci 0000:00:15.2: PME# supported from D0 D3hot D3cold
[    0.160868] pci 0000:00:15.2: PME# disabled
[    0.161167] pci 0000:00:15.3: [15ad:07a0] type 1 class 0x000604
[    0.162243] pci 0000:00:15.3: PME# supported from D0 D3hot D3cold
[    0.162275] pci 0000:00:15.3: PME# disabled
[    0.162627] pci 0000:00:15.4: [15ad:07a0] type 1 class 0x000604
[    0.163581] pci 0000:00:15.4: PME# supported from D0 D3hot D3cold
[    0.163610] pci 0000:00:15.4: PME# disabled
[    0.163948] pci 0000:00:15.5: [15ad:07a0] type 1 class 0x000604
[    0.164916] pci 0000:00:15.5: PME# supported from D0 D3hot D3cold
[    0.164947] pci 0000:00:15.5: PME# disabled
[    0.165239] pci 0000:00:15.6: [15ad:07a0] type 1 class 0x000604
[    0.166344] pci 0000:00:15.6: PME# supported from D0 D3hot D3cold
[    0.166376] pci 0000:00:15.6: PME# disabled
[    0.166676] pci 0000:00:15.7: [15ad:07a0] type 1 class 0x000604
[    0.167664] pci 0000:00:15.7: PME# supported from D0 D3hot D3cold
[    0.167693] pci 0000:00:15.7: PME# disabled
[    0.168018] pci 0000:00:16.0: [15ad:07a0] type 1 class 0x000604
[    0.168958] pci 0000:00:16.0: PME# supported from D0 D3hot D3cold
[    0.168987] pci 0000:00:16.0: PME# disabled
[    0.169282] pci 0000:00:16.1: [15ad:07a0] type 1 class 0x000604
[    0.170272] pci 0000:00:16.1: PME# supported from D0 D3hot D3cold
[    0.170302] pci 0000:00:16.1: PME# disabled
[    0.170599] pci 0000:00:16.2: [15ad:07a0] type 1 class 0x000604
[    0.171547] pci 0000:00:16.2: PME# supported from D0 D3hot D3cold
[    0.171575] pci 0000:00:16.2: PME# disabled
[    0.171898] pci 0000:00:16.3: [15ad:07a0] type 1 class 0x000604
[    0.172842] pci 0000:00:16.3: PME# supported from D0 D3hot D3cold
[    0.172871] pci 0000:00:16.3: PME# disabled
[    0.173161] pci 0000:00:16.4: [15ad:07a0] type 1 class 0x000604
[    0.174110] pci 0000:00:16.4: PME# supported from D0 D3hot D3cold
[    0.174138] pci 0000:00:16.4: PME# disabled
[    0.174468] pci 0000:00:16.5: [15ad:07a0] type 1 class 0x000604
[    0.175429] pci 0000:00:16.5: PME# supported from D0 D3hot D3cold
[    0.175457] pci 0000:00:16.5: PME# disabled
[    0.175778] pci 0000:00:16.6: [15ad:07a0] type 1 class 0x000604
[    0.176725] pci 0000:00:16.6: PME# supported from D0 D3hot D3cold
[    0.176754] pci 0000:00:16.6: PME# disabled
[    0.177047] pci 0000:00:16.7: [15ad:07a0] type 1 class 0x000604
[    0.178258] pci 0000:00:16.7: PME# supported from D0 D3hot D3cold
[    0.178324] pci 0000:00:16.7: PME# disabled
[    0.178692] pci 0000:00:17.0: [15ad:07a0] type 1 class 0x000604
[    0.179841] pci 0000:00:17.0: PME# supported from D0 D3hot D3cold
[    0.179875] pci 0000:00:17.0: PME# disabled
[    0.180205] pci 0000:00:17.1: [15ad:07a0] type 1 class 0x000604
[    0.181260] pci 0000:00:17.1: PME# supported from D0 D3hot D3cold
[    0.181295] pci 0000:00:17.1: PME# disabled
[    0.181637] pci 0000:00:17.2: [15ad:07a0] type 1 class 0x000604
[    0.182833] pci 0000:00:17.2: PME# supported from D0 D3hot D3cold
[    0.182867] pci 0000:00:17.2: PME# disabled
[    0.183189] pci 0000:00:17.3: [15ad:07a0] type 1 class 0x000604
[    0.184278] pci 0000:00:17.3: PME# supported from D0 D3hot D3cold
[    0.184312] pci 0000:00:17.3: PME# disabled
[    0.184649] pci 0000:00:17.4: [15ad:07a0] type 1 class 0x000604
[    0.185698] pci 0000:00:17.4: PME# supported from D0 D3hot D3cold
[    0.185733] pci 0000:00:17.4: PME# disabled
[    0.186076] pci 0000:00:17.5: [15ad:07a0] type 1 class 0x000604
[    0.187135] pci 0000:00:17.5: PME# supported from D0 D3hot D3cold
[    0.187170] pci 0000:00:17.5: PME# disabled
[    0.187551] pci 0000:00:17.6: [15ad:07a0] type 1 class 0x000604
[    0.188630] pci 0000:00:17.6: PME# supported from D0 D3hot D3cold
[    0.188666] pci 0000:00:17.6: PME# disabled
[    0.188998] pci 0000:00:17.7: [15ad:07a0] type 1 class 0x000604
[    0.190058] pci 0000:00:17.7: PME# supported from D0 D3hot D3cold
[    0.190093] pci 0000:00:17.7: PME# disabled
[    0.190429] pci 0000:00:18.0: [15ad:07a0] type 1 class 0x000604
[    0.191494] pci 0000:00:18.0: PME# supported from D0 D3hot D3cold
[    0.191577] pci 0000:00:18.0: PME# disabled
[    0.191936] pci 0000:00:18.1: [15ad:07a0] type 1 class 0x000604
[    0.192966] pci 0000:00:18.1: PME# supported from D0 D3hot D3cold
[    0.192996] pci 0000:00:18.1: PME# disabled
[    0.193319] pci 0000:00:18.2: [15ad:07a0] type 1 class 0x000604
[    0.194323] pci 0000:00:18.2: PME# supported from D0 D3hot D3cold
[    0.194355] pci 0000:00:18.2: PME# disabled
[    0.194668] pci 0000:00:18.3: [15ad:07a0] type 1 class 0x000604
[    0.195781] pci 0000:00:18.3: PME# supported from D0 D3hot D3cold
[    0.195813] pci 0000:00:18.3: PME# disabled
[    0.196114] pci 0000:00:18.4: [15ad:07a0] type 1 class 0x000604
[    0.197089] pci 0000:00:18.4: PME# supported from D0 D3hot D3cold
[    0.197120] pci 0000:00:18.4: PME# disabled
[    0.197442] pci 0000:00:18.5: [15ad:07a0] type 1 class 0x000604
[    0.198480] pci 0000:00:18.5: PME# supported from D0 D3hot D3cold
[    0.198515] pci 0000:00:18.5: PME# disabled
[    0.198847] pci 0000:00:18.6: [15ad:07a0] type 1 class 0x000604
[    0.199965] pci 0000:00:18.6: PME# supported from D0 D3hot D3cold
[    0.200002] pci 0000:00:18.6: PME# disabled
[    0.200318] pci 0000:00:18.7: [15ad:07a0] type 1 class 0x000604
[    0.201587] pci 0000:00:18.7: PME# supported from D0 D3hot D3cold
[    0.201662] pci 0000:00:18.7: PME# disabled
[    0.202554] pci 0000:00:01.0: PCI bridge to [bus 01-01]
[    0.202995] pci 0000:02:00.0: [15ad:0774] type 0 class 0x000c03
[    0.205084] pci 0000:02:00.0: reg 20: [io  0x20c0-0x20df]
[    0.206040] pci 0000:02:01.0: [1022:2000] type 0 class 0x000200
[    0.206466] pci 0000:02:01.0: reg 10: [io  0x2000-0x207f]
[    0.208879] pci 0000:02:01.0: reg 30: [mem 0x00000000-0x0000ffff pref]
[    0.209061] pci 0000:02:02.0: [1274:1371] type 0 class 0x000401
[    0.209540] pci 0000:02:02.0: reg 10: [io  0x2080-0x20bf]
[    0.212411] pci 0000:02:03.0: [15ad:0770] type 0 class 0x000c03
[    0.212810] pci 0000:02:03.0: reg 10: [mem 0xc9000000-0xc9000fff]
[    0.215894] pci 0000:00:11.0: PCI bridge to [bus 02-02] (subtractive decode)
[    0.215928] pci 0000:00:11.0:   bridge window [io  0x2000-0x3fff]
[    0.215961] pci 0000:00:11.0:   bridge window [mem 0xc9000000-0xca3fffff]
[    0.216021] pci 0000:00:11.0:   bridge window [mem 0xd8400000-0xd89fffff 64bit pref]
[    0.216025] pci 0000:00:11.0:   bridge window [mem 0x000a0000-0x000bffff] (subtractive decode)
[    0.216028] pci 0000:00:11.0:   bridge window [mem 0x000cc000-0x000cffff] (subtractive decode)
[    0.216030] pci 0000:00:11.0:   bridge window [mem 0x000d0000-0x000d3fff] (subtractive decode)
[    0.216033] pci 0000:00:11.0:   bridge window [mem 0x000d4000-0x000d7fff] (subtractive decode)
[    0.216036] pci 0000:00:11.0:   bridge window [mem 0x000d8000-0x000dbfff] (subtractive decode)
[    0.216039] pci 0000:00:11.0:   bridge window [mem 0xc0000000-0xfebfffff] (subtractive decode)
[    0.216041] pci 0000:00:11.0:   bridge window [io  0x0000-0x0cf7] (subtractive decode)
[    0.216044] pci 0000:00:11.0:   bridge window [io  0x0d00-0xfeff] (subtractive decode)
[    0.216705] pci 0000:00:15.0: PCI bridge to [bus 03-03]
[    0.216738] pci 0000:00:15.0:   bridge window [io  0x4000-0x4fff]
[    0.216771] pci 0000:00:15.0:   bridge window [mem 0xca400000-0xca4fffff]
[    0.216833] pci 0000:00:15.0:   bridge window [mem 0xd8a00000-0xd8afffff 64bit pref]
[    0.217491] pci 0000:00:15.1: PCI bridge to [bus 04-04]
[    0.217522] pci 0000:00:15.1:   bridge window [io  0x8000-0x8fff]
[    0.217555] pci 0000:00:15.1:   bridge window [mem 0xca800000-0xca8fffff]
[    0.217616] pci 0000:00:15.1:   bridge window [mem 0xd8e00000-0xd8efffff 64bit pref]
[    0.218256] pci 0000:00:15.2: PCI bridge to [bus 05-05]
[    0.218288] pci 0000:00:15.2:   bridge window [io  0xc000-0xcfff]
[    0.218321] pci 0000:00:15.2:   bridge window [mem 0xcac00000-0xcacfffff]
[    0.218382] pci 0000:00:15.2:   bridge window [mem 0xd9200000-0xd92fffff 64bit pref]
[    0.219030] pci 0000:00:15.3: PCI bridge to [bus 06-06]
[    0.219092] pci 0000:00:15.3:   bridge window [mem 0xcb000000-0xcb0fffff]
[    0.219151] pci 0000:00:15.3:   bridge window [mem 0xd9600000-0xd96fffff 64bit pref]
[    0.219978] pci 0000:00:15.4: PCI bridge to [bus 07-07]
[    0.220037] pci 0000:00:15.4:   bridge window [mem 0xcb400000-0xcb4fffff]
[    0.220095] pci 0000:00:15.4:   bridge window [mem 0xd9a00000-0xd9afffff 64bit pref]
[    0.220796] pci 0000:00:15.5: PCI bridge to [bus 08-08]
[    0.220857] pci 0000:00:15.5:   bridge window [mem 0xcb800000-0xcb8fffff]
[    0.220917] pci 0000:00:15.5:   bridge window [mem 0xd9e00000-0xd9efffff 64bit pref]
[    0.221571] pci 0000:00:15.6: PCI bridge to [bus 09-09]
[    0.221631] pci 0000:00:15.6:   bridge window [mem 0xcbc00000-0xcbcfffff]
[    0.221692] pci 0000:00:15.6:   bridge window [mem 0xda200000-0xda2fffff 64bit pref]
[    0.222331] pci 0000:00:15.7: PCI bridge to [bus 0a-0a]
[    0.222391] pci 0000:00:15.7:   bridge window [mem 0xcc000000-0xcc0fffff]
[    0.222451] pci 0000:00:15.7:   bridge window [mem 0xda600000-0xda6fffff 64bit pref]
[    0.223108] pci 0000:00:16.0: PCI bridge to [bus 0b-0b]
[    0.223140] pci 0000:00:16.0:   bridge window [io  0x5000-0x5fff]
[    0.223172] pci 0000:00:16.0:   bridge window [mem 0xca500000-0xca5fffff]
[    0.223230] pci 0000:00:16.0:   bridge window [mem 0xd8b00000-0xd8bfffff 64bit pref]
[    0.223983] pci 0000:00:16.1: PCI bridge to [bus 0c-0c]
[    0.224014] pci 0000:00:16.1:   bridge window [io  0x9000-0x9fff]
[    0.224046] pci 0000:00:16.1:   bridge window [mem 0xca900000-0xca9fffff]
[    0.224103] pci 0000:00:16.1:   bridge window [mem 0xd8f00000-0xd8ffffff 64bit pref]
[    0.224718] pci 0000:00:16.2: PCI bridge to [bus 0d-0d]
[    0.224749] pci 0000:00:16.2:   bridge window [io  0xd000-0xdfff]
[    0.224782] pci 0000:00:16.2:   bridge window [mem 0xcad00000-0xcadfffff]
[    0.224842] pci 0000:00:16.2:   bridge window [mem 0xd9300000-0xd93fffff 64bit pref]
[    0.225496] pci 0000:00:16.3: PCI bridge to [bus 0e-0e]
[    0.225561] pci 0000:00:16.3:   bridge window [mem 0xcb100000-0xcb1fffff]
[    0.225625] pci 0000:00:16.3:   bridge window [mem 0xd9700000-0xd97fffff 64bit pref]
[    0.226261] pci 0000:00:16.4: PCI bridge to [bus 0f-0f]
[    0.226319] pci 0000:00:16.4:   bridge window [mem 0xcb500000-0xcb5fffff]
[    0.226380] pci 0000:00:16.4:   bridge window [mem 0xd9b00000-0xd9bfffff 64bit pref]
[    0.227013] pci 0000:00:16.5: PCI bridge to [bus 10-10]
[    0.227074] pci 0000:00:16.5:   bridge window [mem 0xcb900000-0xcb9fffff]
[    0.227135] pci 0000:00:16.5:   bridge window [mem 0xd9f00000-0xd9ffffff 64bit pref]
[    0.227857] pci 0000:00:16.6: PCI bridge to [bus 11-11]
[    0.227920] pci 0000:00:16.6:   bridge window [mem 0xcbd00000-0xcbdfffff]
[    0.227979] pci 0000:00:16.6:   bridge window [mem 0xda300000-0xda3fffff 64bit pref]
[    0.228620] pci 0000:00:16.7: PCI bridge to [bus 12-12]
[    0.228680] pci 0000:00:16.7:   bridge window [mem 0xcc100000-0xcc1fffff]
[    0.228737] pci 0000:00:16.7:   bridge window [mem 0xda700000-0xda7fffff 64bit pref]
[    0.229361] pci 0000:00:17.0: PCI bridge to [bus 13-13]
[    0.229394] pci 0000:00:17.0:   bridge window [io  0x6000-0x6fff]
[    0.229425] pci 0000:00:17.0:   bridge window [mem 0xca600000-0xca6fffff]
[    0.229482] pci 0000:00:17.0:   bridge window [mem 0xd8c00000-0xd8cfffff 64bit pref]
[    0.230131] pci 0000:00:17.1: PCI bridge to [bus 14-14]
[    0.230162] pci 0000:00:17.1:   bridge window [io  0xa000-0xafff]
[    0.230193] pci 0000:00:17.1:   bridge window [mem 0xcaa00000-0xcaafffff]
[    0.230254] pci 0000:00:17.1:   bridge window [mem 0xd9000000-0xd90fffff 64bit pref]
[    0.230971] pci 0000:00:17.2: PCI bridge to [bus 15-15]
[    0.231003] pci 0000:00:17.2:   bridge window [io  0xe000-0xefff]
[    0.231034] pci 0000:00:17.2:   bridge window [mem 0xcae00000-0xcaefffff]
[    0.231093] pci 0000:00:17.2:   bridge window [mem 0xd9400000-0xd94fffff 64bit pref]
[    0.231899] pci 0000:00:17.3: PCI bridge to [bus 16-16]
[    0.231962] pci 0000:00:17.3:   bridge window [mem 0xcb200000-0xcb2fffff]
[    0.232027] pci 0000:00:17.3:   bridge window [mem 0xd9800000-0xd98fffff 64bit pref]
[    0.232680] pci 0000:00:17.4: PCI bridge to [bus 17-17]
[    0.232740] pci 0000:00:17.4:   bridge window [mem 0xcb600000-0xcb6fffff]
[    0.232797] pci 0000:00:17.4:   bridge window [mem 0xd9c00000-0xd9cfffff 64bit pref]
[    0.233423] pci 0000:00:17.5: PCI bridge to [bus 18-18]
[    0.233494] pci 0000:00:17.5:   bridge window [mem 0xcba00000-0xcbafffff]
[    0.233557] pci 0000:00:17.5:   bridge window [mem 0xda000000-0xda0fffff 64bit pref]
[    0.234200] pci 0000:00:17.6: PCI bridge to [bus 19-19]
[    0.234261] pci 0000:00:17.6:   bridge window [mem 0xcbe00000-0xcbefffff]
[    0.234323] pci 0000:00:17.6:   bridge window [mem 0xda400000-0xda4fffff 64bit pref]
[    0.234968] pci 0000:00:17.7: PCI bridge to [bus 1a-1a]
[    0.235027] pci 0000:00:17.7:   bridge window [mem 0xcc200000-0xcc2fffff]
[    0.235091] pci 0000:00:17.7:   bridge window [mem 0xda800000-0xda8fffff 64bit pref]
[    0.235871] pci 0000:00:18.0: PCI bridge to [bus 1b-1b]
[    0.235904] pci 0000:00:18.0:   bridge window [io  0x7000-0x7fff]
[    0.235938] pci 0000:00:18.0:   bridge window [mem 0xca700000-0xca7fffff]
[    0.236000] pci 0000:00:18.0:   bridge window [mem 0xd8d00000-0xd8dfffff 64bit pref]
[    0.236692] pci 0000:00:18.1: PCI bridge to [bus 1c-1c]
[    0.236723] pci 0000:00:18.1:   bridge window [io  0xb000-0xbfff]
[    0.236757] pci 0000:00:18.1:   bridge window [mem 0xcab00000-0xcabfffff]
[    0.236819] pci 0000:00:18.1:   bridge window [mem 0xd9100000-0xd91fffff 64bit pref]
[    0.237462] pci 0000:00:18.2: PCI bridge to [bus 1d-1d]
[    0.237495] pci 0000:00:18.2:   bridge window [io  0xf000-0xffff]
[    0.237527] pci 0000:00:18.2:   bridge window [mem 0xcaf00000-0xcaffffff]
[    0.237589] pci 0000:00:18.2:   bridge window [mem 0xd9500000-0xd95fffff 64bit pref]
[    0.238244] pci 0000:00:18.3: PCI bridge to [bus 1e-1e]
[    0.238305] pci 0000:00:18.3:   bridge window [mem 0xcb300000-0xcb3fffff]
[    0.238368] pci 0000:00:18.3:   bridge window [mem 0xd9900000-0xd99fffff 64bit pref]
[    0.239007] pci 0000:00:18.4: PCI bridge to [bus 1f-1f]
[    0.239063] pci 0000:00:18.4:   bridge window [mem 0xcb700000-0xcb7fffff]
[    0.239124] pci 0000:00:18.4:   bridge window [mem 0xd9d00000-0xd9dfffff 64bit pref]
[    0.239951] pci 0000:00:18.5: PCI bridge to [bus 20-20]
[    0.240012] pci 0000:00:18.5:   bridge window [mem 0xcbb00000-0xcbbfffff]
[    0.240073] pci 0000:00:18.5:   bridge window [mem 0xda100000-0xda1fffff 64bit pref]
[    0.240731] pci 0000:00:18.6: PCI bridge to [bus 21-21]
[    0.240796] pci 0000:00:18.6:   bridge window [mem 0xcbf00000-0xcbffffff]
[    0.240856] pci 0000:00:18.6:   bridge window [mem 0xda500000-0xda5fffff 64bit pref]
[    0.241513] pci 0000:00:18.7: PCI bridge to [bus 22-22]
[    0.241610] pci 0000:00:18.7:   bridge window [mem 0xcc300000-0xcc3fffff]
[    0.241671] pci 0000:00:18.7:   bridge window [mem 0xda900000-0xda9fffff 64bit pref]
[    0.244172] pci_bus 0000:00: on NUMA node 0
[    0.244181] ACPI: PCI Interrupt Routing Table [\_SB_.PCI0._PRT]
[    0.245133]  pci0000:00: Requesting ACPI _OSC control (0x1d)
[    0.245489]  pci0000:00: ACPI _OSC control (0x15) granted
[    0.333171] ACPI: PCI Interrupt Link [LNKA] (IRQs 3 4 5 6 7 *9 10 11 14 15)
[    0.333283] ACPI: PCI Interrupt Link [LNKB] (IRQs 3 4 5 6 7 9 10 *11 14 15)
[    0.333402] ACPI: PCI Interrupt Link [LNKC] (IRQs 3 4 5 6 7 9 *10 11 14 15)
[    0.333501] ACPI: PCI Interrupt Link [LNKD] (IRQs 3 4 *5 6 7 9 10 11 14 15)
[    0.333692] vgaarb: device added: PCI:0000:00:0f.0,decodes=io+mem,owns=io+mem,locks=none
[    0.333707] vgaarb: loaded
[    0.333709] vgaarb: bridge control possible 0000:00:0f.0
[    0.333838] i2c-core: driver [aat2870] using legacy suspend method
[    0.333840] i2c-core: driver [aat2870] using legacy resume method
[    0.333931] SCSI subsystem initialized
[    0.333991] libata version 3.00 loaded.
[    0.334036] usbcore: registered new interface driver usbfs
[    0.334052] usbcore: registered new interface driver hub
[    0.334091] usbcore: registered new device driver usb
[    0.334195] PCI: Using ACPI for IRQ routing
[    0.417764] PCI: pci_cache_line_size set to 64 bytes
[    0.417787] pci 0000:00:18.2: no compatible bridge window for [io  0xf000-0xffff]
[    0.418841] reserve RAM buffer: 000000000009f000 - 000000000009ffff 
[    0.418843] reserve RAM buffer: 000000003fee0000 - 000000003fffffff 
[    0.418947] NetLabel: Initializing
[    0.418948] NetLabel:  domain hash size = 128
[    0.418949] NetLabel:  protocols = UNLABELED CIPSOv4
[    0.418956] NetLabel:  unlabeled traffic allowed by default
[    0.419019] hpet0: at MMIO 0xfed00000, IRQs 2, 8, 0, 0, 0, 0, 0, 0, 0, 0, 0, 0, 0, 0, 0, 0
[    0.419025] hpet0: 16 comparators, 64-bit 14.318180 MHz counter
[    0.421058] Switching to clocksource hpet
[    0.426360] AppArmor: AppArmor Filesystem Enabled
[    0.426379] pnp: PnP ACPI init
[    0.426395] ACPI: bus type pnp registered
[    0.427027] pnp 00:00: [bus 00-ff]
[    0.427029] pnp 00:00: [mem 0x000a0000-0x000bffff window]
[    0.427031] pnp 00:00: [mem 0x000c0000-0x000c3fff window]
[    0.427032] pnp 00:00: [mem 0x000c4000-0x000c7fff window]
[    0.427034] pnp 00:00: [mem 0x000c8000-0x000cbfff window]
[    0.427035] pnp 00:00: [mem 0x000cc000-0x000cffff window]
[    0.427037] pnp 00:00: [mem 0x000d0000-0x000d3fff window]
[    0.427038] pnp 00:00: [mem 0x000d4000-0x000d7fff window]
[    0.427040] pnp 00:00: [mem 0x000d8000-0x000dbfff window]
[    0.427041] pnp 00:00: [mem 0x000dc000-0x000dffff window]
[    0.427042] pnp 00:00: [mem 0x000e0000-0x000e3fff window]
[    0.427044] pnp 00:00: [mem 0x000e4000-0x000e7fff window]
[    0.427045] pnp 00:00: [mem 0x000e8000-0x000ebfff window]
[    0.427047] pnp 00:00: [mem 0x000ec000-0x000effff window]
[    0.427048] pnp 00:00: [mem 0xc0000000-0xfebfffff window]
[    0.427050] pnp 00:00: [io  0x0cf8-0x0cff]
[    0.427051] pnp 00:00: [io  0x0000-0x0cf7 window]
[    0.427053] pnp 00:00: [io  0x0d00-0xfeff window]
[    0.427090] pnp 00:00: Plug and Play ACPI device, IDs PNP0a03 PNP0a08 (active)
[    0.427153] pnp 00:01: [io  0x0010-0x001f]
[    0.427154] pnp 00:01: [io  0x0024-0x0025]
[    0.427197] pnp 00:01: [io  0x0028-0x0029]
[    0.427202] pnp 00:01: [io  0x002c-0x002d]
[    0.427205] pnp 00:01: [io  0x002e-0x002f]
[    0.427207] pnp 00:01: [io  0x0030-0x0031]
[    0.427209] pnp 00:01: [io  0x0034-0x0035]
[    0.427211] pnp 00:01: [io  0x0038-0x0039]
[    0.427213] pnp 00:01: [io  0x003c-0x003d]
[    0.427215] pnp 00:01: [io  0x0050-0x0053]
[    0.427217] pnp 00:01: [io  0x0072-0x0077]
[    0.427219] pnp 00:01: [io  0x0080]
[    0.427221] pnp 00:01: [io  0x0090-0x009f]
[    0.427223] pnp 00:01: [io  0x00a4-0x00a5]
[    0.427224] pnp 00:01: [io  0x00a8-0x00a9]
[    0.427226] pnp 00:01: [io  0x00ac-0x00ad]
[    0.427228] pnp 00:01: [io  0x00b0-0x00b5]
[    0.427230] pnp 00:01: [io  0x00b8-0x00b9]
[    0.427232] pnp 00:01: [io  0x00bc-0x00bd]
[    0.427234] pnp 00:01: [io  0x1000-0x103f]
[    0.427236] pnp 00:01: [io  0x1040-0x104f]
[    0.427238] pnp 00:01: [io  0x0cf0-0x0cf1]
[    0.427327] system 00:01: [io  0x1000-0x103f] has been reserved
[    0.427334] system 00:01: [io  0x1040-0x104f] has been reserved
[    0.427337] system 00:01: [io  0x0cf0-0x0cf1] has been reserved
[    0.427341] system 00:01: Plug and Play ACPI device, IDs PNP0c02 (active)
[    0.427354] pnp 00:02: [io  0x0000-0x000f]
[    0.427356] pnp 00:02: [io  0x0081-0x008f]
[    0.427358] pnp 00:02: [io  0x00c0-0x00df]
[    0.427360] pnp 00:02: [dma 4]
[    0.427383] pnp 00:02: Plug and Play ACPI device, IDs PNP0200 (active)
[    0.427393] pnp 00:03: [io  0x0020-0x0021]
[    0.427395] pnp 00:03: [io  0x00a0-0x00a1]
[    0.427397] pnp 00:03: [io  0x04d0-0x04d1]
[    0.427399] pnp 00:03: [irq 2 disabled]
[    0.427423] pnp 00:03: Plug and Play ACPI device, IDs PNP0001 (active)
[    0.427434] pnp 00:04: [io  0x0070-0x0071]
[    0.427437] pnp 00:04: [irq 8]
[    0.427458] pnp 00:04: Plug and Play ACPI device, IDs PNP0b00 (active)
[    0.427466] pnp 00:05: [io  0x0061]
[    0.427487] pnp 00:05: Plug and Play ACPI device, IDs PNP0800 (active)
[    0.427495] pnp 00:06: [io  0x0060]
[    0.427497] pnp 00:06: [io  0x0064]
[    0.427499] pnp 00:06: [irq 1]
[    0.427524] pnp 00:06: Plug and Play ACPI device, IDs PNP0303 (active)
[    0.427532] pnp 00:07: [irq 12]
[    0.427553] pnp 00:07: Plug and Play ACPI device, IDs PNP0f13 (active)
[    0.427763] pnp 00:08: [mem 0xfed00000-0xfed003ff]
[    0.427811] system 00:08: [mem 0xfed00000-0xfed003ff] has been reserved
[    0.427815] system 00:08: Plug and Play ACPI device, IDs PNP0103 PNP0c01 (active)
[    0.438840] pnp 00:09: [io  0x0378-0x037f]
[    0.438842] pnp 00:09: [irq 7]
[    0.440175] pnp 00:09: Plug and Play ACPI device, IDs PNP0400 (active)
[    0.444674] pnp 00:0a: [io  0x03f8-0x03ff]
[    0.444678] pnp 00:0a: [irq 4]
[    0.446268] pnp 00:0a: Plug and Play ACPI device, IDs PNP0501 (active)
[    0.450804] pnp 00:0b: [io  0x02f8-0x02ff]
[    0.450808] pnp 00:0b: [irq 3]
[    0.452297] pnp 00:0b: Plug and Play ACPI device, IDs PNP0501 (active)
[    0.459143] pnp 00:0c: [io  0x03f0-0x03f5]
[    0.459146] pnp 00:0c: [io  0x03f7]
[    0.459148] pnp 00:0c: [irq 6]
[    0.459150] pnp 00:0c: [dma 2]
[    0.460497] pnp 00:0c: Plug and Play ACPI device, IDs PNP0700 (active)
[    0.460781] pnp 00:0d: [mem 0xe0000000-0xefffffff]
[    0.460784] pnp 00:0d: [io  0x1060-0x107f]
[    0.460787] pnp 00:0d: [mem 0xc8200000-0xc83fffff]
[    0.460857] system 00:0d: [io  0x1060-0x107f] has been reserved
[    0.460861] system 00:0d: [mem 0xe0000000-0xefffffff] has been reserved
[    0.460863] system 00:0d: [mem 0xc8200000-0xc83fffff] has been reserved
[    0.460866] system 00:0d: Plug and Play ACPI device, IDs PNP0c02 (active)
[    0.466894] pnp: PnP ACPI: found 14 devices
[    0.466897] ACPI: ACPI bus type pnp unregistered
[    0.466901] PnPBIOS: Disabled by ACPI PNP
[    0.502659] PCI: max bus depth: 1 pci_try_num: 2
[    0.502721] pci 0000:00:0f.0: BAR 6: assigned [mem 0xc0000000-0xc0007fff pref]
[    0.502725] pci 0000:00:10.0: BAR 6: assigned [mem 0xc0008000-0xc000bfff pref]
[    0.502730] pci 0000:00:18.7: BAR 13: can't assign io (size 0x1000)
[    0.502734] pci 0000:00:18.6: BAR 13: can't assign io (size 0x1000)
[    0.502737] pci 0000:00:18.5: BAR 13: can't assign io (size 0x1000)
[    0.502740] pci 0000:00:18.4: BAR 13: can't assign io (size 0x1000)
[    0.502743] pci 0000:00:18.3: BAR 13: can't assign io (size 0x1000)
[    0.502746] pci 0000:00:18.2: BAR 13: can't assign io (size 0x1000)
[    0.502749] pci 0000:00:17.7: BAR 13: can't assign io (size 0x1000)
[    0.502751] pci 0000:00:17.6: BAR 13: can't assign io (size 0x1000)
[    0.502755] pci 0000:00:17.5: BAR 13: can't assign io (size 0x1000)
[    0.502757] pci 0000:00:17.4: BAR 13: can't assign io (size 0x1000)
[    0.502760] pci 0000:00:17.3: BAR 13: can't assign io (size 0x1000)
[    0.502763] pci 0000:00:16.7: BAR 13: can't assign io (size 0x1000)
[    0.502766] pci 0000:00:16.6: BAR 13: can't assign io (size 0x1000)
[    0.502769] pci 0000:00:16.5: BAR 13: can't assign io (size 0x1000)
[    0.502772] pci 0000:00:16.4: BAR 13: can't assign io (size 0x1000)
[    0.502775] pci 0000:00:16.3: BAR 13: can't assign io (size 0x1000)
[    0.502778] pci 0000:00:15.7: BAR 13: can't assign io (size 0x1000)
[    0.502781] pci 0000:00:15.6: BAR 13: can't assign io (size 0x1000)
[    0.502784] pci 0000:00:15.5: BAR 13: can't assign io (size 0x1000)
[    0.502801] pci 0000:00:15.4: BAR 13: can't assign io (size 0x1000)
[    0.502806] pci 0000:00:15.3: BAR 13: can't assign io (size 0x1000)
[    0.502811] pci 0000:00:01.0: PCI bridge to [bus 01-01]
[    0.502872] pci 0000:02:01.0: BAR 6: assigned [mem 0xd8400000-0xd840ffff pref]
[    0.502875] pci 0000:00:11.0: PCI bridge to [bus 02-02]
[    0.502890] pci 0000:00:11.0:   bridge window [io  0x2000-0x3fff]
[    0.502924] pci 0000:00:11.0:   bridge window [mem 0xc9000000-0xca3fffff]
[    0.502948] pci 0000:00:11.0:   bridge window [mem 0xd8400000-0xd89fffff 64bit pref]
[    0.502993] pci 0000:00:15.0: PCI bridge to [bus 03-03]
[    0.503007] pci 0000:00:15.0:   bridge window [io  0x4000-0x4fff]
[    0.503041] pci 0000:00:15.0:   bridge window [mem 0xca400000-0xca4fffff]
[    0.503064] pci 0000:00:15.0:   bridge window [mem 0xd8a00000-0xd8afffff 64bit pref]
[    0.503122] pci 0000:00:15.1: PCI bridge to [bus 04-04]
[    0.503136] pci 0000:00:15.1:   bridge window [io  0x8000-0x8fff]
[    0.503170] pci 0000:00:15.1:   bridge window [mem 0xca800000-0xca8fffff]
[    0.503194] pci 0000:00:15.1:   bridge window [mem 0xd8e00000-0xd8efffff 64bit pref]
[    0.503243] pci 0000:00:15.2: PCI bridge to [bus 05-05]
[    0.503257] pci 0000:00:15.2:   bridge window [io  0xc000-0xcfff]
[    0.503291] pci 0000:00:15.2:   bridge window [mem 0xcac00000-0xcacfffff]
[    0.503315] pci 0000:00:15.2:   bridge window [mem 0xd9200000-0xd92fffff 64bit pref]
[    0.503363] pci 0000:00:15.3: PCI bridge to [bus 06-06]
[    0.503397] pci 0000:00:15.3:   bridge window [mem 0xcb000000-0xcb0fffff]
[    0.503420] pci 0000:00:15.3:   bridge window [mem 0xd9600000-0xd96fffff 64bit pref]
[    0.503469] pci 0000:00:15.4: PCI bridge to [bus 07-07]
[    0.503503] pci 0000:00:15.4:   bridge window [mem 0xcb400000-0xcb4fffff]
[    0.503527] pci 0000:00:15.4:   bridge window [mem 0xd9a00000-0xd9afffff 64bit pref]
[    0.503575] pci 0000:00:15.5: PCI bridge to [bus 08-08]
[    0.503610] pci 0000:00:15.5:   bridge window [mem 0xcb800000-0xcb8fffff]
[    0.503633] pci 0000:00:15.5:   bridge window [mem 0xd9e00000-0xd9efffff 64bit pref]
[    0.503681] pci 0000:00:15.6: PCI bridge to [bus 09-09]
[    0.503715] pci 0000:00:15.6:   bridge window [mem 0xcbc00000-0xcbcfffff]
[    0.503748] pci 0000:00:15.6:   bridge window [mem 0xda200000-0xda2fffff 64bit pref]
[    0.503797] pci 0000:00:15.7: PCI bridge to [bus 0a-0a]
[    0.503831] pci 0000:00:15.7:   bridge window [mem 0xcc000000-0xcc0fffff]
[    0.503855] pci 0000:00:15.7:   bridge window [mem 0xda600000-0xda6fffff 64bit pref]
[    0.503903] pci 0000:00:16.0: PCI bridge to [bus 0b-0b]
[    0.503917] pci 0000:00:16.0:   bridge window [io  0x5000-0x5fff]
[    0.503951] pci 0000:00:16.0:   bridge window [mem 0xca500000-0xca5fffff]
[    0.503975] pci 0000:00:16.0:   bridge window [mem 0xd8b00000-0xd8bfffff 64bit pref]
[    0.504023] pci 0000:00:16.1: PCI bridge to [bus 0c-0c]
[    0.504037] pci 0000:00:16.1:   bridge window [io  0x9000-0x9fff]
[    0.504071] pci 0000:00:16.1:   bridge window [mem 0xca900000-0xca9fffff]
[    0.504095] pci 0000:00:16.1:   bridge window [mem 0xd8f00000-0xd8ffffff 64bit pref]
[    0.504144] pci 0000:00:16.2: PCI bridge to [bus 0d-0d]
[    0.504157] pci 0000:00:16.2:   bridge window [io  0xd000-0xdfff]
[    0.504192] pci 0000:00:16.2:   bridge window [mem 0xcad00000-0xcadfffff]
[    0.504215] pci 0000:00:16.2:   bridge window [mem 0xd9300000-0xd93fffff 64bit pref]
[    0.504263] pci 0000:00:16.3: PCI bridge to [bus 0e-0e]
[    0.504297] pci 0000:00:16.3:   bridge window [mem 0xcb100000-0xcb1fffff]
[    0.504321] pci 0000:00:16.3:   bridge window [mem 0xd9700000-0xd97fffff 64bit pref]
[    0.504369] pci 0000:00:16.4: PCI bridge to [bus 0f-0f]
[    0.504404] pci 0000:00:16.4:   bridge window [mem 0xcb500000-0xcb5fffff]
[    0.504427] pci 0000:00:16.4:   bridge window [mem 0xd9b00000-0xd9bfffff 64bit pref]
[    0.504475] pci 0000:00:16.5: PCI bridge to [bus 10-10]
[    0.504509] pci 0000:00:16.5:   bridge window [mem 0xcb900000-0xcb9fffff]
[    0.504533] pci 0000:00:16.5:   bridge window [mem 0xd9f00000-0xd9ffffff 64bit pref]
[    0.504581] pci 0000:00:16.6: PCI bridge to [bus 11-11]
[    0.504615] pci 0000:00:16.6:   bridge window [mem 0xcbd00000-0xcbdfffff]
[    0.504639] pci 0000:00:16.6:   bridge window [mem 0xda300000-0xda3fffff 64bit pref]
[    0.504687] pci 0000:00:16.7: PCI bridge to [bus 12-12]
[    0.504741] pci 0000:00:16.7:   bridge window [mem 0xcc100000-0xcc1fffff]
[    0.504778] pci 0000:00:16.7:   bridge window [mem 0xda700000-0xda7fffff 64bit pref]
[    0.504829] pci 0000:00:17.0: PCI bridge to [bus 13-13]
[    0.504843] pci 0000:00:17.0:   bridge window [io  0x6000-0x6fff]
[    0.504878] pci 0000:00:17.0:   bridge window [mem 0xca600000-0xca6fffff]
[    0.504901] pci 0000:00:17.0:   bridge window [mem 0xd8c00000-0xd8cfffff 64bit pref]
[    0.504966] pci 0000:00:17.1: PCI bridge to [bus 14-14]
[    0.504980] pci 0000:00:17.1:   bridge window [io  0xa000-0xafff]
[    0.505014] pci 0000:00:17.1:   bridge window [mem 0xcaa00000-0xcaafffff]
[    0.505038] pci 0000:00:17.1:   bridge window [mem 0xd9000000-0xd90fffff 64bit pref]
[    0.505087] pci 0000:00:17.2: PCI bridge to [bus 15-15]
[    0.505100] pci 0000:00:17.2:   bridge window [io  0xe000-0xefff]
[    0.505135] pci 0000:00:17.2:   bridge window [mem 0xcae00000-0xcaefffff]
[    0.505158] pci 0000:00:17.2:   bridge window [mem 0xd9400000-0xd94fffff 64bit pref]
[    0.505207] pci 0000:00:17.3: PCI bridge to [bus 16-16]
[    0.505241] pci 0000:00:17.3:   bridge window [mem 0xcb200000-0xcb2fffff]
[    0.505265] pci 0000:00:17.3:   bridge window [mem 0xd9800000-0xd98fffff 64bit pref]
[    0.505314] pci 0000:00:17.4: PCI bridge to [bus 17-17]
[    0.505348] pci 0000:00:17.4:   bridge window [mem 0xcb600000-0xcb6fffff]
[    0.505372] pci 0000:00:17.4:   bridge window [mem 0xd9c00000-0xd9cfffff 64bit pref]
[    0.505420] pci 0000:00:17.5: PCI bridge to [bus 18-18]
[    0.505454] pci 0000:00:17.5:   bridge window [mem 0xcba00000-0xcbafffff]
[    0.505478] pci 0000:00:17.5:   bridge window [mem 0xda000000-0xda0fffff 64bit pref]
[    0.505527] pci 0000:00:17.6: PCI bridge to [bus 19-19]
[    0.505561] pci 0000:00:17.6:   bridge window [mem 0xcbe00000-0xcbefffff]
[    0.505585] pci 0000:00:17.6:   bridge window [mem 0xda400000-0xda4fffff 64bit pref]
[    0.505633] pci 0000:00:17.7: PCI bridge to [bus 1a-1a]
[    0.505667] pci 0000:00:17.7:   bridge window [mem 0xcc200000-0xcc2fffff]
[    0.505691] pci 0000:00:17.7:   bridge window [mem 0xda800000-0xda8fffff 64bit pref]
[    0.505753] pci 0000:00:18.0: PCI bridge to [bus 1b-1b]
[    0.505767] pci 0000:00:18.0:   bridge window [io  0x7000-0x7fff]
[    0.505801] pci 0000:00:18.0:   bridge window [mem 0xca700000-0xca7fffff]
[    0.505825] pci 0000:00:18.0:   bridge window [mem 0xd8d00000-0xd8dfffff 64bit pref]
[    0.505873] pci 0000:00:18.1: PCI bridge to [bus 1c-1c]
[    0.505888] pci 0000:00:18.1:   bridge window [io  0xb000-0xbfff]
[    0.505922] pci 0000:00:18.1:   bridge window [mem 0xcab00000-0xcabfffff]
[    0.505945] pci 0000:00:18.1:   bridge window [mem 0xd9100000-0xd91fffff 64bit pref]
[    0.505994] pci 0000:00:18.2: PCI bridge to [bus 1d-1d]
[    0.506028] pci 0000:00:18.2:   bridge window [mem 0xcaf00000-0xcaffffff]
[    0.506052] pci 0000:00:18.2:   bridge window [mem 0xd9500000-0xd95fffff 64bit pref]
[    0.506101] pci 0000:00:18.3: PCI bridge to [bus 1e-1e]
[    0.506135] pci 0000:00:18.3:   bridge window [mem 0xcb300000-0xcb3fffff]
[    0.506158] pci 0000:00:18.3:   bridge window [mem 0xd9900000-0xd99fffff 64bit pref]
[    0.506207] pci 0000:00:18.4: PCI bridge to [bus 1f-1f]
[    0.506241] pci 0000:00:18.4:   bridge window [mem 0xcb700000-0xcb7fffff]
[    0.506265] pci 0000:00:18.4:   bridge window [mem 0xd9d00000-0xd9dfffff 64bit pref]
[    0.506313] pci 0000:00:18.5: PCI bridge to [bus 20-20]
[    0.506348] pci 0000:00:18.5:   bridge window [mem 0xcbb00000-0xcbbfffff]
[    0.506371] pci 0000:00:18.5:   bridge window [mem 0xda100000-0xda1fffff 64bit pref]
[    0.506420] pci 0000:00:18.6: PCI bridge to [bus 21-21]
[    0.506454] pci 0000:00:18.6:   bridge window [mem 0xcbf00000-0xcbffffff]
[    0.506478] pci 0000:00:18.6:   bridge window [mem 0xda500000-0xda5fffff 64bit pref]
[    0.506526] pci 0000:00:18.7: PCI bridge to [bus 22-22]
[    0.506561] pci 0000:00:18.7:   bridge window [mem 0xcc300000-0xcc3fffff]
[    0.506584] pci 0000:00:18.7:   bridge window [mem 0xda900000-0xda9fffff 64bit pref]
[    0.506646] pci 0000:00:01.0: setting latency timer to 64
[    0.506707] pci 0000:00:15.0: setting latency timer to 64
[    0.506764] pci 0000:00:15.1: setting latency timer to 64
[    0.506820] pci 0000:00:15.2: setting latency timer to 64
[    0.506877] pci 0000:00:15.3: setting latency timer to 64
[    0.506933] pci 0000:00:15.4: setting latency timer to 64
[    0.506989] pci 0000:00:15.5: setting latency timer to 64
[    0.507045] pci 0000:00:15.6: setting latency timer to 64
[    0.507101] pci 0000:00:15.7: setting latency timer to 64
[    0.507158] pci 0000:00:16.0: setting latency timer to 64
[    0.507214] pci 0000:00:16.1: setting latency timer to 64
[    0.507270] pci 0000:00:16.2: setting latency timer to 64
[    0.507326] pci 0000:00:16.3: setting latency timer to 64
[    0.507383] pci 0000:00:16.4: setting latency timer to 64
[    0.507439] pci 0000:00:16.5: setting latency timer to 64
[    0.507495] pci 0000:00:16.6: setting latency timer to 64
[    0.507551] pci 0000:00:16.7: setting latency timer to 64
[    0.507608] pci 0000:00:17.0: setting latency timer to 64
[    0.507669] pci 0000:00:17.1: setting latency timer to 64
[    0.507731] pci 0000:00:17.2: setting latency timer to 64
[    0.507790] pci 0000:00:17.3: setting latency timer to 64
[    0.507846] pci 0000:00:17.4: setting latency timer to 64
[    0.507902] pci 0000:00:17.5: setting latency timer to 64
[    0.507958] pci 0000:00:17.6: setting latency timer to 64
[    0.508014] pci 0000:00:17.7: setting latency timer to 64
[    0.508070] pci 0000:00:18.0: setting latency timer to 64
[    0.508126] pci 0000:00:18.1: setting latency timer to 64
[    0.508182] pci 0000:00:18.2: setting latency timer to 64
[    0.508238] pci 0000:00:18.3: setting latency timer to 64
[    0.508294] pci 0000:00:18.4: setting latency timer to 64
[    0.508350] pci 0000:00:18.5: setting latency timer to 64
[    0.508406] pci 0000:00:18.6: setting latency timer to 64
[    0.508462] pci 0000:00:18.7: setting latency timer to 64
[    0.508476] pci_bus 0000:00: resource 4 [mem 0x000a0000-0x000bffff]
[    0.508479] pci_bus 0000:00: resource 5 [mem 0x000cc000-0x000cffff]
[    0.508481] pci_bus 0000:00: resource 6 [mem 0x000d0000-0x000d3fff]
[    0.508483] pci_bus 0000:00: resource 7 [mem 0x000d4000-0x000d7fff]
[    0.508485] pci_bus 0000:00: resource 8 [mem 0x000d8000-0x000dbfff]
[    0.508487] pci_bus 0000:00: resource 9 [mem 0xc0000000-0xfebfffff]
[    0.508489] pci_bus 0000:00: resource 10 [io  0x0000-0x0cf7]
[    0.508491] pci_bus 0000:00: resource 11 [io  0x0d00-0xfeff]
[    0.508493] pci_bus 0000:02: resource 0 [io  0x2000-0x3fff]
[    0.508495] pci_bus 0000:02: resource 1 [mem 0xc9000000-0xca3fffff]
[    0.508498] pci_bus 0000:02: resource 2 [mem 0xd8400000-0xd89fffff 64bit pref]
[    0.508500] pci_bus 0000:02: resource 4 [mem 0x000a0000-0x000bffff]
[    0.508502] pci_bus 0000:02: resource 5 [mem 0x000cc000-0x000cffff]
[    0.508504] pci_bus 0000:02: resource 6 [mem 0x000d0000-0x000d3fff]
[    0.508506] pci_bus 0000:02: resource 7 [mem 0x000d4000-0x000d7fff]
[    0.508508] pci_bus 0000:02: resource 8 [mem 0x000d8000-0x000dbfff]
[    0.508510] pci_bus 0000:02: resource 9 [mem 0xc0000000-0xfebfffff]
[    0.508512] pci_bus 0000:02: resource 10 [io  0x0000-0x0cf7]
[    0.508514] pci_bus 0000:02: resource 11 [io  0x0d00-0xfeff]
[    0.508516] pci_bus 0000:03: resource 0 [io  0x4000-0x4fff]
[    0.508518] pci_bus 0000:03: resource 1 [mem 0xca400000-0xca4fffff]
[    0.508520] pci_bus 0000:03: resource 2 [mem 0xd8a00000-0xd8afffff 64bit pref]
[    0.508522] pci_bus 0000:04: resource 0 [io  0x8000-0x8fff]
[    0.508525] pci_bus 0000:04: resource 1 [mem 0xca800000-0xca8fffff]
[    0.508527] pci_bus 0000:04: resource 2 [mem 0xd8e00000-0xd8efffff 64bit pref]
[    0.508529] pci_bus 0000:05: resource 0 [io  0xc000-0xcfff]
[    0.508531] pci_bus 0000:05: resource 1 [mem 0xcac00000-0xcacfffff]
[    0.508533] pci_bus 0000:05: resource 2 [mem 0xd9200000-0xd92fffff 64bit pref]
[    0.508535] pci_bus 0000:06: resource 1 [mem 0xcb000000-0xcb0fffff]
[    0.508537] pci_bus 0000:06: resource 2 [mem 0xd9600000-0xd96fffff 64bit pref]
[    0.508540] pci_bus 0000:07: resource 1 [mem 0xcb400000-0xcb4fffff]
[    0.508542] pci_bus 0000:07: resource 2 [mem 0xd9a00000-0xd9afffff 64bit pref]
[    0.508544] pci_bus 0000:08: resource 1 [mem 0xcb800000-0xcb8fffff]
[    0.508546] pci_bus 0000:08: resource 2 [mem 0xd9e00000-0xd9efffff 64bit pref]
[    0.508548] pci_bus 0000:09: resource 1 [mem 0xcbc00000-0xcbcfffff]
[    0.508550] pci_bus 0000:09: resource 2 [mem 0xda200000-0xda2fffff 64bit pref]
[    0.508553] pci_bus 0000:0a: resource 1 [mem 0xcc000000-0xcc0fffff]
[    0.508555] pci_bus 0000:0a: resource 2 [mem 0xda600000-0xda6fffff 64bit pref]
[    0.508557] pci_bus 0000:0b: resource 0 [io  0x5000-0x5fff]
[    0.508559] pci_bus 0000:0b: resource 1 [mem 0xca500000-0xca5fffff]
[    0.508561] pci_bus 0000:0b: resource 2 [mem 0xd8b00000-0xd8bfffff 64bit pref]
[    0.508563] pci_bus 0000:0c: resource 0 [io  0x9000-0x9fff]
[    0.508565] pci_bus 0000:0c: resource 1 [mem 0xca900000-0xca9fffff]
[    0.508568] pci_bus 0000:0c: resource 2 [mem 0xd8f00000-0xd8ffffff 64bit pref]
[    0.508570] pci_bus 0000:0d: resource 0 [io  0xd000-0xdfff]
[    0.508572] pci_bus 0000:0d: resource 1 [mem 0xcad00000-0xcadfffff]
[    0.508574] pci_bus 0000:0d: resource 2 [mem 0xd9300000-0xd93fffff 64bit pref]
[    0.508576] pci_bus 0000:0e: resource 1 [mem 0xcb100000-0xcb1fffff]
[    0.508578] pci_bus 0000:0e: resource 2 [mem 0xd9700000-0xd97fffff 64bit pref]
[    0.508580] pci_bus 0000:0f: resource 1 [mem 0xcb500000-0xcb5fffff]
[    0.508583] pci_bus 0000:0f: resource 2 [mem 0xd9b00000-0xd9bfffff 64bit pref]
[    0.508585] pci_bus 0000:10: resource 1 [mem 0xcb900000-0xcb9fffff]
[    0.508587] pci_bus 0000:10: resource 2 [mem 0xd9f00000-0xd9ffffff 64bit pref]
[    0.508589] pci_bus 0000:11: resource 1 [mem 0xcbd00000-0xcbdfffff]
[    0.508591] pci_bus 0000:11: resource 2 [mem 0xda300000-0xda3fffff 64bit pref]
[    0.508594] pci_bus 0000:12: resource 1 [mem 0xcc100000-0xcc1fffff]
[    0.508596] pci_bus 0000:12: resource 2 [mem 0xda700000-0xda7fffff 64bit pref]
[    0.508598] pci_bus 0000:13: resource 0 [io  0x6000-0x6fff]
[    0.508600] pci_bus 0000:13: resource 1 [mem 0xca600000-0xca6fffff]
[    0.508602] pci_bus 0000:13: resource 2 [mem 0xd8c00000-0xd8cfffff 64bit pref]
[    0.508604] pci_bus 0000:14: resource 0 [io  0xa000-0xafff]
[    0.508606] pci_bus 0000:14: resource 1 [mem 0xcaa00000-0xcaafffff]
[    0.508608] pci_bus 0000:14: resource 2 [mem 0xd9000000-0xd90fffff 64bit pref]
[    0.508611] pci_bus 0000:15: resource 0 [io  0xe000-0xefff]
[    0.508613] pci_bus 0000:15: resource 1 [mem 0xcae00000-0xcaefffff]
[    0.508615] pci_bus 0000:15: resource 2 [mem 0xd9400000-0xd94fffff 64bit pref]
[    0.508617] pci_bus 0000:16: resource 1 [mem 0xcb200000-0xcb2fffff]
[    0.508619] pci_bus 0000:16: resource 2 [mem 0xd9800000-0xd98fffff 64bit pref]
[    0.508631] pci_bus 0000:17: resource 1 [mem 0xcb600000-0xcb6fffff]
[    0.508633] pci_bus 0000:17: resource 2 [mem 0xd9c00000-0xd9cfffff 64bit pref]
[    0.508636] pci_bus 0000:18: resource 1 [mem 0xcba00000-0xcbafffff]
[    0.508638] pci_bus 0000:18: resource 2 [mem 0xda000000-0xda0fffff 64bit pref]
[    0.508640] pci_bus 0000:19: resource 1 [mem 0xcbe00000-0xcbefffff]
[    0.508642] pci_bus 0000:19: resource 2 [mem 0xda400000-0xda4fffff 64bit pref]
[    0.508644] pci_bus 0000:1a: resource 1 [mem 0xcc200000-0xcc2fffff]
[    0.508646] pci_bus 0000:1a: resource 2 [mem 0xda800000-0xda8fffff 64bit pref]
[    0.508648] pci_bus 0000:1b: resource 0 [io  0x7000-0x7fff]
[    0.508650] pci_bus 0000:1b: resource 1 [mem 0xca700000-0xca7fffff]
[    0.508653] pci_bus 0000:1b: resource 2 [mem 0xd8d00000-0xd8dfffff 64bit pref]
[    0.508655] pci_bus 0000:1c: resource 0 [io  0xb000-0xbfff]
[    0.508657] pci_bus 0000:1c: resource 1 [mem 0xcab00000-0xcabfffff]
[    0.508659] pci_bus 0000:1c: resource 2 [mem 0xd9100000-0xd91fffff 64bit pref]
[    0.508661] pci_bus 0000:1d: resource 1 [mem 0xcaf00000-0xcaffffff]
[    0.508663] pci_bus 0000:1d: resource 2 [mem 0xd9500000-0xd95fffff 64bit pref]
[    0.508665] pci_bus 0000:1e: resource 1 [mem 0xcb300000-0xcb3fffff]
[    0.508668] pci_bus 0000:1e: resource 2 [mem 0xd9900000-0xd99fffff 64bit pref]
[    0.508670] pci_bus 0000:1f: resource 1 [mem 0xcb700000-0xcb7fffff]
[    0.508672] pci_bus 0000:1f: resource 2 [mem 0xd9d00000-0xd9dfffff 64bit pref]
[    0.508674] pci_bus 0000:20: resource 1 [mem 0xcbb00000-0xcbbfffff]
[    0.508676] pci_bus 0000:20: resource 2 [mem 0xda100000-0xda1fffff 64bit pref]
[    0.508679] pci_bus 0000:21: resource 1 [mem 0xcbf00000-0xcbffffff]
[    0.508681] pci_bus 0000:21: resource 2 [mem 0xda500000-0xda5fffff 64bit pref]
[    0.508683] pci_bus 0000:22: resource 1 [mem 0xcc300000-0xcc3fffff]
[    0.508685] pci_bus 0000:22: resource 2 [mem 0xda900000-0xda9fffff 64bit pref]
[    0.508719] NET: Registered protocol family 2
[    0.508759] IP route cache hash table entries: 32768 (order: 5, 131072 bytes)
[    0.508779] TCP established hash table entries: 131072 (order: 8, 1048576 bytes)
[    0.508796] TCP bind hash table entries: 65536 (order: 7, 524288 bytes)
[    0.509002] TCP: Hash tables configured (established 131072 bind 65536)
[    0.509005] TCP reno registered
[    0.509008] UDP hash table entries: 512 (order: 2, 16384 bytes)
[    0.509015] UDP-Lite hash table entries: 512 (order: 2, 16384 bytes)
[    0.509053] NET: Registered protocol family 1
[    0.509061] pci 0000:00:00.0: Limiting direct PCI/PCI transfers
[    0.509123] pci 0000:00:0f.0: Boot video device
[    0.509184] ACPI: PCI Interrupt Link [LNKC] enabled at IRQ 10
[    0.509187] PCI: setting IRQ 10 as level-triggered
[    0.509214] pci 0000:02:00.0: PCI INT A -> Link[LNKC] -> GSI 10 (level, low) -> IRQ 10
[    0.509343] pci 0000:02:00.0: PCI INT A disabled
[    0.509404] ACPI: PCI Interrupt Link [LNKB] enabled at IRQ 11
[    0.509407] PCI: setting IRQ 11 as level-triggered
[    0.509411] pci 0000:02:03.0: PCI INT A -> Link[LNKB] -> GSI 11 (level, low) -> IRQ 11
[    0.509472] pci 0000:02:03.0: PCI INT A disabled
[    0.509488] PCI: CLS 32 bytes, default 64
[    0.509542] Simple Boot Flag at 0x36 set to 0x1
[    0.509556] Switching to clocksource tsc
[    0.509777] audit: initializing netlink socket (disabled)
[    0.509783] type=2000 audit(1369635686.488:1): initialized
[    0.521048] Trying to unpack rootfs image as initramfs...
[    0.537132] highmem bounce pool size: 64 pages
[    0.537138] HugeTLB registered 2 MB page size, pre-allocated 0 pages
[    0.541143] VFS: Disk quotas dquot_6.5.2
[    0.541189] Dquot-cache hash table entries: 1024 (order 0, 4096 bytes)
[    0.545018] fuse init (API version 7.17)
[    0.545089] msgmni has been set to 1710
[    0.556969] Block layer SCSI generic (bsg) driver version 0.4 loaded (major 253)
[    0.556994] io scheduler noop registered
[    0.556996] io scheduler deadline registered
[    0.557003] io scheduler cfq registered (default)
[    0.557064] pcieport 0000:00:15.0: setting latency timer to 64
[    0.557126] pcieport 0000:00:15.0: irq 40 for MSI/MSI-X
[    0.557187] pcieport 0000:00:15.1: setting latency timer to 64
[    0.557249] pcieport 0000:00:15.1: irq 41 for MSI/MSI-X
[    0.557310] pcieport 0000:00:15.2: setting latency timer to 64
[    0.557372] pcieport 0000:00:15.2: irq 42 for MSI/MSI-X
[    0.557433] pcieport 0000:00:15.3: setting latency timer to 64
[    0.557495] pcieport 0000:00:15.3: irq 43 for MSI/MSI-X
[    0.557556] pcieport 0000:00:15.4: setting latency timer to 64
[    0.557618] pcieport 0000:00:15.4: irq 44 for MSI/MSI-X
[    0.557680] pcieport 0000:00:15.5: setting latency timer to 64
[    0.557741] pcieport 0000:00:15.5: irq 45 for MSI/MSI-X
[    0.557803] pcieport 0000:00:15.6: setting latency timer to 64
[    0.557864] pcieport 0000:00:15.6: irq 46 for MSI/MSI-X
[    0.557926] pcieport 0000:00:15.7: setting latency timer to 64
[    0.557987] pcieport 0000:00:15.7: irq 47 for MSI/MSI-X
[    0.558049] pcieport 0000:00:16.0: setting latency timer to 64
[    0.558110] pcieport 0000:00:16.0: irq 48 for MSI/MSI-X
[    0.558172] pcieport 0000:00:16.1: setting latency timer to 64
[    0.558233] pcieport 0000:00:16.1: irq 49 for MSI/MSI-X
[    0.558295] pcieport 0000:00:16.2: setting latency timer to 64
[    0.558357] pcieport 0000:00:16.2: irq 50 for MSI/MSI-X
[    0.558418] pcieport 0000:00:16.3: setting latency timer to 64
[    0.558480] pcieport 0000:00:16.3: irq 51 for MSI/MSI-X
[    0.558541] pcieport 0000:00:16.4: setting latency timer to 64
[    0.558603] pcieport 0000:00:16.4: irq 52 for MSI/MSI-X
[    0.558664] pcieport 0000:00:16.5: setting latency timer to 64
[    0.558726] pcieport 0000:00:16.5: irq 53 for MSI/MSI-X
[    0.558787] pcieport 0000:00:16.6: setting latency timer to 64
[    0.558849] pcieport 0000:00:16.6: irq 54 for MSI/MSI-X
[    0.558910] pcieport 0000:00:16.7: setting latency timer to 64
[    0.558972] pcieport 0000:00:16.7: irq 55 for MSI/MSI-X
[    0.559034] pcieport 0000:00:17.0: setting latency timer to 64
[    0.559095] pcieport 0000:00:17.0: irq 56 for MSI/MSI-X
[    0.559157] pcieport 0000:00:17.1: setting latency timer to 64
[    0.559218] pcieport 0000:00:17.1: irq 57 for MSI/MSI-X
[    0.559280] pcieport 0000:00:17.2: setting latency timer to 64
[    0.559341] pcieport 0000:00:17.2: irq 58 for MSI/MSI-X
[    0.559403] pcieport 0000:00:17.3: setting latency timer to 64
[    0.559464] pcieport 0000:00:17.3: irq 59 for MSI/MSI-X
[    0.559526] pcieport 0000:00:17.4: setting latency timer to 64
[    0.559587] pcieport 0000:00:17.4: irq 60 for MSI/MSI-X
[    0.559649] pcieport 0000:00:17.5: setting latency timer to 64
[    0.559711] pcieport 0000:00:17.5: irq 61 for MSI/MSI-X
[    0.559772] pcieport 0000:00:17.6: setting latency timer to 64
[    0.559834] pcieport 0000:00:17.6: irq 62 for MSI/MSI-X
[    0.559895] pcieport 0000:00:17.7: setting latency timer to 64
[    0.559957] pcieport 0000:00:17.7: irq 63 for MSI/MSI-X
[    0.560018] pcieport 0000:00:18.0: setting latency timer to 64
[    0.560080] pcieport 0000:00:18.0: irq 64 for MSI/MSI-X
[    0.560141] pcieport 0000:00:18.1: setting latency timer to 64
[    0.560203] pcieport 0000:00:18.1: irq 65 for MSI/MSI-X
[    0.560265] pcieport 0000:00:18.2: setting latency timer to 64
[    0.564982] pcieport 0000:00:18.2: irq 66 for MSI/MSI-X
[    0.565044] pcieport 0000:00:18.3: setting latency timer to 64
[    0.565105] pcieport 0000:00:18.3: irq 67 for MSI/MSI-X
[    0.565167] pcieport 0000:00:18.4: setting latency timer to 64
[    0.565228] pcieport 0000:00:18.4: irq 68 for MSI/MSI-X
[    0.565290] pcieport 0000:00:18.5: setting latency timer to 64
[    0.565351] pcieport 0000:00:18.5: irq 69 for MSI/MSI-X
[    0.565413] pcieport 0000:00:18.6: setting latency timer to 64
[    0.565474] pcieport 0000:00:18.6: irq 70 for MSI/MSI-X
[    0.565536] pcieport 0000:00:18.7: setting latency timer to 64
[    0.565598] pcieport 0000:00:18.7: irq 71 for MSI/MSI-X
[    0.565659] pcieport 0000:00:15.0: Signaling PME through PCIe PME interrupt
[    0.565685] pcie_pme 0000:00:15.0:pcie01: service driver pcie_pme loaded
[    0.565747] pcieport 0000:00:15.1: Signaling PME through PCIe PME interrupt
[    0.565773] pcie_pme 0000:00:15.1:pcie01: service driver pcie_pme loaded
[    0.565834] pcieport 0000:00:15.2: Signaling PME through PCIe PME interrupt
[    0.565860] pcie_pme 0000:00:15.2:pcie01: service driver pcie_pme loaded
[    0.565921] pcieport 0000:00:15.3: Signaling PME through PCIe PME interrupt
[    0.565947] pcie_pme 0000:00:15.3:pcie01: service driver pcie_pme loaded
[    0.566008] pcieport 0000:00:15.4: Signaling PME through PCIe PME interrupt
[    0.566034] pcie_pme 0000:00:15.4:pcie01: service driver pcie_pme loaded
[    0.566095] pcieport 0000:00:15.5: Signaling PME through PCIe PME interrupt
[    0.566126] pcie_pme 0000:00:15.5:pcie01: service driver pcie_pme loaded
[    0.566187] pcieport 0000:00:15.6: Signaling PME through PCIe PME interrupt
[    0.566218] pcie_pme 0000:00:15.6:pcie01: service driver pcie_pme loaded
[    0.566279] pcieport 0000:00:15.7: Signaling PME through PCIe PME interrupt
[    0.566310] pcie_pme 0000:00:15.7:pcie01: service driver pcie_pme loaded
[    0.566372] pcieport 0000:00:16.0: Signaling PME through PCIe PME interrupt
[    0.566402] pcie_pme 0000:00:16.0:pcie01: service driver pcie_pme loaded
[    0.566463] pcieport 0000:00:16.1: Signaling PME through PCIe PME interrupt
[    0.566494] pcie_pme 0000:00:16.1:pcie01: service driver pcie_pme loaded
[    0.566555] pcieport 0000:00:16.2: Signaling PME through PCIe PME interrupt
[    0.566586] pcie_pme 0000:00:16.2:pcie01: service driver pcie_pme loaded
[    0.566647] pcieport 0000:00:16.3: Signaling PME through PCIe PME interrupt
[    0.566678] pcie_pme 0000:00:16.3:pcie01: service driver pcie_pme loaded
[    0.566739] pcieport 0000:00:16.4: Signaling PME through PCIe PME interrupt
[    0.566770] pcie_pme 0000:00:16.4:pcie01: service driver pcie_pme loaded
[    0.566832] pcieport 0000:00:16.5: Signaling PME through PCIe PME interrupt
[    0.566862] pcie_pme 0000:00:16.5:pcie01: service driver pcie_pme loaded
[    0.566924] pcieport 0000:00:16.6: Signaling PME through PCIe PME interrupt
[    0.566954] pcie_pme 0000:00:16.6:pcie01: service driver pcie_pme loaded
[    0.567016] pcieport 0000:00:16.7: Signaling PME through PCIe PME interrupt
[    0.567047] pcie_pme 0000:00:16.7:pcie01: service driver pcie_pme loaded
[    0.567108] pcieport 0000:00:17.0: Signaling PME through PCIe PME interrupt
[    0.567139] pcie_pme 0000:00:17.0:pcie01: service driver pcie_pme loaded
[    0.567201] pcieport 0000:00:17.1: Signaling PME through PCIe PME interrupt
[    0.567232] pcie_pme 0000:00:17.1:pcie01: service driver pcie_pme loaded
[    0.567293] pcieport 0000:00:17.2: Signaling PME through PCIe PME interrupt
[    0.567324] pcie_pme 0000:00:17.2:pcie01: service driver pcie_pme loaded
[    0.567386] pcieport 0000:00:17.3: Signaling PME through PCIe PME interrupt
[    0.567416] pcie_pme 0000:00:17.3:pcie01: service driver pcie_pme loaded
[    0.567478] pcieport 0000:00:17.4: Signaling PME through PCIe PME interrupt
[    0.567508] pcie_pme 0000:00:17.4:pcie01: service driver pcie_pme loaded
[    0.567570] pcieport 0000:00:17.5: Signaling PME through PCIe PME interrupt
[    0.567600] pcie_pme 0000:00:17.5:pcie01: service driver pcie_pme loaded
[    0.567662] pcieport 0000:00:17.6: Signaling PME through PCIe PME interrupt
[    0.567693] pcie_pme 0000:00:17.6:pcie01: service driver pcie_pme loaded
[    0.567754] pcieport 0000:00:17.7: Signaling PME through PCIe PME interrupt
[    0.567785] pcie_pme 0000:00:17.7:pcie01: service driver pcie_pme loaded
[    0.567846] pcieport 0000:00:18.0: Signaling PME through PCIe PME interrupt
[    0.567877] pcie_pme 0000:00:18.0:pcie01: service driver pcie_pme loaded
[    0.567939] pcieport 0000:00:18.1: Signaling PME through PCIe PME interrupt
[    0.567970] pcie_pme 0000:00:18.1:pcie01: service driver pcie_pme loaded
[    0.568031] pcieport 0000:00:18.2: Signaling PME through PCIe PME interrupt
[    0.568061] pcie_pme 0000:00:18.2:pcie01: service driver pcie_pme loaded
[    0.568123] pcieport 0000:00:18.3: Signaling PME through PCIe PME interrupt
[    0.568153] pcie_pme 0000:00:18.3:pcie01: service driver pcie_pme loaded
[    0.568215] pcieport 0000:00:18.4: Signaling PME through PCIe PME interrupt
[    0.568245] pcie_pme 0000:00:18.4:pcie01: service driver pcie_pme loaded
[    0.568307] pcieport 0000:00:18.5: Signaling PME through PCIe PME interrupt
[    0.568338] pcie_pme 0000:00:18.5:pcie01: service driver pcie_pme loaded
[    0.568399] pcieport 0000:00:18.6: Signaling PME through PCIe PME interrupt
[    0.568430] pcie_pme 0000:00:18.6:pcie01: service driver pcie_pme loaded
[    0.568492] pcieport 0000:00:18.7: Signaling PME through PCIe PME interrupt
[    0.568523] pcie_pme 0000:00:18.7:pcie01: service driver pcie_pme loaded
[    0.568550] pci_hotplug: PCI Hot Plug PCI Core version: 0.5
[    0.572973] pciehp 0000:00:15.0:pcie04: HPC vendor_id 15ad device_id 7a0 ss_vid 15ad ss_did 7a0
[    0.573034] pciehp 0000:00:15.0:pcie04: service driver pciehp loaded
[    0.573096] pciehp 0000:00:15.1:pcie04: HPC vendor_id 15ad device_id 7a0 ss_vid 15ad ss_did 7a0
[    0.573157] pciehp 0000:00:15.1:pcie04: service driver pciehp loaded
[    0.573219] pciehp 0000:00:15.2:pcie04: HPC vendor_id 15ad device_id 7a0 ss_vid 15ad ss_did 7a0
[    0.573280] pciehp 0000:00:15.2:pcie04: service driver pciehp loaded
[    0.573342] pciehp 0000:00:15.3:pcie04: HPC vendor_id 15ad device_id 7a0 ss_vid 15ad ss_did 7a0
[    0.573404] pciehp 0000:00:15.3:pcie04: service driver pciehp loaded
[    0.573465] pciehp 0000:00:15.4:pcie04: HPC vendor_id 15ad device_id 7a0 ss_vid 15ad ss_did 7a0
[    0.573527] pciehp 0000:00:15.4:pcie04: service driver pciehp loaded
[    0.573588] pciehp 0000:00:15.5:pcie04: HPC vendor_id 15ad device_id 7a0 ss_vid 15ad ss_did 7a0
[    0.573650] pciehp 0000:00:15.5:pcie04: service driver pciehp loaded
[    0.573711] pciehp 0000:00:15.6:pcie04: HPC vendor_id 15ad device_id 7a0 ss_vid 15ad ss_did 7a0
[    0.573773] pciehp 0000:00:15.6:pcie04: service driver pciehp loaded
[    0.573834] pciehp 0000:00:15.7:pcie04: HPC vendor_id 15ad device_id 7a0 ss_vid 15ad ss_did 7a0
[    0.573896] pciehp 0000:00:15.7:pcie04: service driver pciehp loaded
[    0.573957] pciehp 0000:00:16.0:pcie04: HPC vendor_id 15ad device_id 7a0 ss_vid 15ad ss_did 7a0
[    0.574019] pciehp 0000:00:16.0:pcie04: service driver pciehp loaded
[    0.574081] pciehp 0000:00:16.1:pcie04: HPC vendor_id 15ad device_id 7a0 ss_vid 15ad ss_did 7a0
[    0.574142] pciehp 0000:00:16.1:pcie04: service driver pciehp loaded
[    0.574204] pciehp 0000:00:16.2:pcie04: HPC vendor_id 15ad device_id 7a0 ss_vid 15ad ss_did 7a0
[    0.574265] pciehp 0000:00:16.2:pcie04: service driver pciehp loaded
[    0.574327] pciehp 0000:00:16.3:pcie04: HPC vendor_id 15ad device_id 7a0 ss_vid 15ad ss_did 7a0
[    0.574388] pciehp 0000:00:16.3:pcie04: service driver pciehp loaded
[    0.574450] pciehp 0000:00:16.4:pcie04: HPC vendor_id 15ad device_id 7a0 ss_vid 15ad ss_did 7a0
[    0.574511] pciehp 0000:00:16.4:pcie04: service driver pciehp loaded
[    0.574573] pciehp 0000:00:16.5:pcie04: HPC vendor_id 15ad device_id 7a0 ss_vid 15ad ss_did 7a0
[    0.574634] pciehp 0000:00:16.5:pcie04: service driver pciehp loaded
[    0.574696] pciehp 0000:00:16.6:pcie04: HPC vendor_id 15ad device_id 7a0 ss_vid 15ad ss_did 7a0
[    0.574758] pciehp 0000:00:16.6:pcie04: service driver pciehp loaded
[    0.574819] pciehp 0000:00:16.7:pcie04: HPC vendor_id 15ad device_id 7a0 ss_vid 15ad ss_did 7a0
[    0.574881] pciehp 0000:00:16.7:pcie04: service driver pciehp loaded
[    0.574942] pciehp 0000:00:17.0:pcie04: HPC vendor_id 15ad device_id 7a0 ss_vid 15ad ss_did 7a0
[    0.575004] pciehp 0000:00:17.0:pcie04: service driver pciehp loaded
[    0.575065] pciehp 0000:00:17.1:pcie04: HPC vendor_id 15ad device_id 7a0 ss_vid 15ad ss_did 7a0
[    0.575127] pciehp 0000:00:17.1:pcie04: service driver pciehp loaded
[    0.575188] pciehp 0000:00:17.2:pcie04: HPC vendor_id 15ad device_id 7a0 ss_vid 15ad ss_did 7a0
[    0.575250] pciehp 0000:00:17.2:pcie04: service driver pciehp loaded
[    0.575311] pciehp 0000:00:17.3:pcie04: HPC vendor_id 15ad device_id 7a0 ss_vid 15ad ss_did 7a0
[    0.575373] pciehp 0000:00:17.3:pcie04: service driver pciehp loaded
[    0.575435] pciehp 0000:00:17.4:pcie04: HPC vendor_id 15ad device_id 7a0 ss_vid 15ad ss_did 7a0
[    0.575496] pciehp 0000:00:17.4:pcie04: service driver pciehp loaded
[    0.575558] pciehp 0000:00:17.5:pcie04: HPC vendor_id 15ad device_id 7a0 ss_vid 15ad ss_did 7a0
[    0.575619] pciehp 0000:00:17.5:pcie04: service driver pciehp loaded
[    0.575681] pciehp 0000:00:17.6:pcie04: HPC vendor_id 15ad device_id 7a0 ss_vid 15ad ss_did 7a0
[    0.575742] pciehp 0000:00:17.6:pcie04: service driver pciehp loaded
[    0.575804] pciehp 0000:00:17.7:pcie04: HPC vendor_id 15ad device_id 7a0 ss_vid 15ad ss_did 7a0
[    0.575865] pciehp 0000:00:17.7:pcie04: service driver pciehp loaded
[    0.575927] pciehp 0000:00:18.0:pcie04: HPC vendor_id 15ad device_id 7a0 ss_vid 15ad ss_did 7a0
[    0.575988] pciehp 0000:00:18.0:pcie04: service driver pciehp loaded
[    0.576050] pciehp 0000:00:18.1:pcie04: HPC vendor_id 15ad device_id 7a0 ss_vid 15ad ss_did 7a0
[    0.576112] pciehp 0000:00:18.1:pcie04: service driver pciehp loaded
[    0.576173] pciehp 0000:00:18.2:pcie04: HPC vendor_id 15ad device_id 7a0 ss_vid 15ad ss_did 7a0
[    0.576235] pciehp 0000:00:18.2:pcie04: service driver pciehp loaded
[    0.576296] pciehp 0000:00:18.3:pcie04: HPC vendor_id 15ad device_id 7a0 ss_vid 15ad ss_did 7a0
[    0.576358] pciehp 0000:00:18.3:pcie04: service driver pciehp loaded
[    0.576419] pciehp 0000:00:18.4:pcie04: HPC vendor_id 15ad device_id 7a0 ss_vid 15ad ss_did 7a0
[    0.576481] pciehp 0000:00:18.4:pcie04: service driver pciehp loaded
[    0.576542] pciehp 0000:00:18.5:pcie04: HPC vendor_id 15ad device_id 7a0 ss_vid 15ad ss_did 7a0
[    0.576604] pciehp 0000:00:18.5:pcie04: service driver pciehp loaded
[    0.576666] pciehp 0000:00:18.6:pcie04: HPC vendor_id 15ad device_id 7a0 ss_vid 15ad ss_did 7a0
[    0.576727] pciehp 0000:00:18.6:pcie04: service driver pciehp loaded
[    0.576858] pciehp 0000:00:18.7:pcie04: HPC vendor_id 15ad device_id 7a0 ss_vid 15ad ss_did 7a0
[    0.580961] pciehp 0000:00:18.7:pcie04: service driver pciehp loaded
[    0.580973] pciehp: PCI Express Hot Plug Controller Driver version: 0.4
[    0.581035] ACPI: Deprecated procfs I/F for AC is loaded, please retry with CONFIG_ACPI_PROCFS_POWER cleared
[    0.581101] ACPI: AC Adapter [ACAD] (on-line)
[    0.581198] input: Power Button as /devices/LNXSYSTM:00/LNXPWRBN:00/input/input0
[    0.581203] ACPI: Power Button [PWRF]
[    0.604905] ERST: Table is not found!
[    0.604909] GHES: HEST is not enabled!
[    0.605010] Serial: 8250/16550 driver, 32 ports, IRQ sharing enabled
[    0.628740] serial8250: ttyS0 at I/O 0x3f8 (irq = 4) is a 16550A
[    0.628791] isapnp: Scanning for PnP cards...
[    0.720734] serial8250: ttyS1 at I/O 0x2f8 (irq = 3) is a 16550A
[    0.764571] 00:0a: ttyS0 at I/O 0x3f8 (irq = 4) is a 16550A
[    0.856407] 00:0b: ttyS1 at I/O 0x2f8 (irq = 3) is a 16550A
[    0.924185] Linux agpgart interface v0.103
[    0.924201] agpgart-intel 0000:00:00.0: Intel 440BX Chipset
[    0.924427] agpgart-intel 0000:00:00.0: AGP aperture is 256M @ 0x0
[    0.925383] brd: module loaded
[    0.925900] loop: module loaded
[    0.925952] ata_piix 0000:00:07.1: version 2.13
[    0.926038] scsi0 : ata_piix
[    0.928401] scsi1 : ata_piix
[    0.928452] ata1: PATA max UDMA/33 cmd 0x1f0 ctl 0x3f6 bmdma 0x10c0 irq 14
[    0.928456] ata2: PATA max UDMA/33 cmd 0x170 ctl 0x376 bmdma 0x10c8 irq 15
[    0.928511] Fixed MDIO Bus: probed
[    0.928529] tun: Universal TUN/TAP device driver, 1.6
[    0.928531] tun: (C) 1999-2004 Max Krasnyansky <maxk@qualcomm.com>
[    0.928594] PPP generic driver version 2.4.2
[    0.928670] ehci_hcd: USB 2.0 'Enhanced' Host Controller (EHCI) Driver
[    0.928705] ehci_hcd 0000:02:03.0: PCI INT A -> Link[LNKB] -> GSI 11 (level, low) -> IRQ 11
[    0.928757] ehci_hcd 0000:02:03.0: EHCI Host Controller
[    0.928802] ehci_hcd 0000:02:03.0: new USB bus registered, assigned bus number 1
[    0.928853] ehci_hcd 0000:02:03.0: cache line size of 32 is not supported
[    0.928863] ehci_hcd 0000:02:03.0: irq 11, io mem 0xc9000000
[    0.940379] ehci_hcd 0000:02:03.0: USB 2.0 started, EHCI 1.00
[    0.940502] hub 1-0:1.0: USB hub found
[    0.940507] hub 1-0:1.0: 6 ports detected
[    0.940558] ohci_hcd: USB 1.1 'Open' Host Controller (OHCI) Driver
[    0.940572] uhci_hcd: USB Universal Host Controller Interface driver
[    0.940608] uhci_hcd 0000:02:00.0: PCI INT A -> Link[LNKC] -> GSI 10 (level, low) -> IRQ 10
[    0.940645] uhci_hcd 0000:02:00.0: UHCI Host Controller
[    0.940679] uhci_hcd 0000:02:00.0: new USB bus registered, assigned bus number 2
[    0.940788] uhci_hcd 0000:02:00.0: irq 10, io base 0x000020c0
[    0.940903] hub 2-0:1.0: USB hub found
[    0.940907] hub 2-0:1.0: 2 ports detected
[    0.940958] usbcore: registered new interface driver libusual
[    0.940997] i8042: PNP: PS/2 Controller [PNP0303:KBC,PNP0f13:MOUS] at 0x60,0x64 irq 1,12
[    0.941327] serio: i8042 KBD port at 0x60,0x64 irq 1
[    0.941334] serio: i8042 AUX port at 0x60,0x64 irq 12
[    0.941420] mousedev: PS/2 mouse device common for all mice
[    0.941706] rtc_cmos 00:04: rtc core: registered rtc_cmos as rtc0
[    0.941764] rtc0: alarms up to one month, y3k, 114 bytes nvram, hpet irqs
[    0.941813] device-mapper: uevent: version 1.0.3
[    0.941862] device-mapper: ioctl: 4.22.0-ioctl (2011-10-19) initialised: dm-devel@redhat.com
[    0.941887] EISA: Probing bus 0 at eisa.0
[    0.941889] EISA: Cannot allocate resource for mainboard
[    0.941891] Cannot allocate resource for EISA slot 1
[    0.941893] Cannot allocate resource for EISA slot 2
[    0.941894] Cannot allocate resource for EISA slot 3
[    0.941896] Cannot allocate resource for EISA slot 4
[    0.941897] Cannot allocate resource for EISA slot 5
[    0.941899] Cannot allocate resource for EISA slot 6
[    0.941900] Cannot allocate resource for EISA slot 7
[    0.941902] Cannot allocate resource for EISA slot 8
[    0.941904] EISA: Detected 0 cards.
[    0.941911] cpufreq-nforce2: No nForce2 chipset.
[    0.941913] cpuidle: using governor ladder
[    0.941915] cpuidle: using governor menu
[    0.941916] EFI Variables Facility v0.08 2004-May-17
[    0.941968] TCP cubic registered
[    0.942019] NET: Registered protocol family 10
[    0.942071] NET: Registered protocol family 17
[    0.942075] Registering the dns_resolver key type
[    0.942090] Using IPI No-Shortcut mode
[    0.942152] PM: Hibernation image not present or could not be loaded.
[    0.942187] registered taskstats version 1
[    0.942786] input: AT Translated Set 2 keyboard as /devices/platform/i8042/serio0/input/input1
[    1.032288] Freeing initrd memory: 13836k freed
[    1.204090]   Magic number: 13:479:368
[    1.224040] rtc_cmos 00:04: setting system clock to 2013-05-27 06:21:28 UTC (1369635688)
[    1.224097] BIOS EDD facility v0.16 2004-Jun-25, 0 devices found
[    1.224100] EDD information not available.
[    1.224338] ata2.00: ATAPI: VMware Virtual IDE CDROM Drive, 00000001, max UDMA/33
[    1.224637] ata2.00: configured for UDMA/33
[    1.268412] isapnp: No Plug & Play device found
[    1.268634] scsi 1:0:0:0: CD-ROM            NECVMWar VMware IDE CDR10 1.00 PQ: 0 ANSI: 5
[    1.269215] sr0: scsi3-mmc drive: 306x/306x cd/rw xa/form2 cdda tray
[    1.269218] cdrom: Uniform CD-ROM driver Revision: 3.20
[    1.269310] sr 1:0:0:0: Attached scsi CD-ROM sr0
[    1.269433] sr 1:0:0:0: Attached scsi generic sg0 type 5
[    1.269498] Freeing unused kernel memory: 740k freed
[    1.269549] Write protecting the kernel text: 5816k
[    1.269559] Write protecting the kernel read-only data: 2376k
[    1.269561] NX-protecting the kernel data: 4424k
[    1.280136] udevd[85]: starting version 175
[    1.300195] VMware vmxnet3 virtual NIC driver - version 1.1.29.0-k-NAPI
[    1.302362] VMware PVSCSI driver - version 1.0.1.0-k
[    1.306741] VMware vmxnet virtual NIC driver
[    1.306793] ACPI: PCI Interrupt Link [LNKD] enabled at IRQ 5
[    1.306797] PCI: setting IRQ 5 as level-triggered
[    1.306804] vmxnet 0000:02:01.0: PCI INT A -> Link[LNKD] -> GSI 5 (level, low) -> IRQ 5
[    1.307860] Found vmxnet/PCI at 0x2024, irq 5.
[    1.307912] features:
[    1.307927] numRxBuffers = 100, numRxBuffers2 = 1
[    1.307978] vmxnet 0000:02:01.0: eth0: set_features() failed (-1); wanted 0x00004000, left 0x00004800
[    1.329701] Fusion MPT base driver 3.04.20
[    1.329704] Copyright (c) 1999-2008 LSI Corporation
[    1.329906] Fusion MPT SPI Host driver 3.04.20
[    1.329954] mptspi 0000:00:10.0: PCI INT A -> Link[LNKB] -> GSI 11 (level, low) -> IRQ 11
[    1.335824] mptbase: ioc0: Initiating bringup
[    1.353524] Floppy drive(s): fd0 is 1.44M
[    1.367989] FDC 0 is a post-1991 82077
[    1.407689] ioc0: LSI53C1030 B0: Capabilities={Initiator}
[    1.435604] usb 2-1: new full-speed USB device number 2 using uhci_hcd
[    1.567810] scsi2 : ioc0: LSI53C1030 B0, FwRev=01032920h, Ports=1, MaxQ=128, IRQ=11
[    1.568155] input: VMware VMware Virtual USB Mouse as /devices/pci0000:00/0000:00:11.0/0000:02:00.0/usb2/2-1/2-1:1.0/input/input2
[    1.568366] generic-usb 0003:0E0F:0003.0001: input,hidraw0: USB HID v1.10 Mouse [VMware VMware Virtual USB Mouse] on usb-0000:02:00.0-1/input0
[    1.568968] input: VMware VMware Virtual USB Mouse as /devices/pci0000:00/0000:00:11.0/0000:02:00.0/usb2/2-1/2-1:1.1/input/input3
[    1.569157] generic-usb 0003:0E0F:0003.0002: input,hidraw1: USB HID v1.10 Mouse [VMware VMware Virtual USB Mouse] on usb-0000:02:00.0-1/input1
[    1.569173] usbcore: registered new interface driver usbhid
[    1.569175] usbhid: USB HID core driver
[    1.675248] usb 2-2: new full-speed USB device number 3 using uhci_hcd
[    1.680199] scsi 2:0:0:0: Direct-Access     VMware,  VMware Virtual S 1.0  PQ: 0 ANSI: 2
[    1.680208] scsi target2:0:0: Beginning Domain Validation
[    1.680896] scsi target2:0:0: Domain Validation skipping write tests
[    1.680900] scsi target2:0:0: Ending Domain Validation
[    1.680957] scsi target2:0:0: FAST-40 WIDE SCSI 80.0 MB/s ST (25 ns, offset 127)
[    1.683735] sd 2:0:0:0: [sda] 41943040 512-byte logical blocks: (21.4 GB/20.0 GiB)
[    1.683797] sd 2:0:0:0: [sda] Write Protect is off
[    1.683800] sd 2:0:0:0: [sda] Mode Sense: 61 00 00 00
[    1.683868] sd 2:0:0:0: [sda] Cache data unavailable
[    1.683871] sd 2:0:0:0: [sda] Assuming drive cache: write through
[    1.684179] sd 2:0:0:0: [sda] Cache data unavailable
[    1.684182] sd 2:0:0:0: [sda] Assuming drive cache: write through
[    1.684825]  sda: sda1 sda2 < sda5 >
[    1.685194] sd 2:0:0:0: [sda] Cache data unavailable
[    1.685197] sd 2:0:0:0: [sda] Assuming drive cache: write through
[    1.685199] sd 2:0:0:0: [sda] Attached SCSI disk
[    1.687059] sd 2:0:0:0: Attached scsi generic sg1 type 0
[    1.721936] EXT4-fs (sda1): INFO: recovery required on readonly filesystem
[    1.721939] EXT4-fs (sda1): write access will be enabled during recovery
[    1.818529] hub 2-2:1.0: USB hub found
[    1.820436] hub 2-2:1.0: 7 ports detected
[    1.857152] EXT4-fs (sda1): recovery complete
[    1.857716] EXT4-fs (sda1): mounted filesystem with ordered data mode. Opts: (null)
[    3.330695] ADDRCONF(NETDEV_UP): eth0: link is not ready
[    3.344987] udevd[326]: starting version 175
[    3.406114] lp: driver loaded but no devices found
[    3.438065] Adding 1046524k swap on /dev/sda5.  Priority:-1 extents:1 across:1046524k 
[    3.489036] EXT4-fs (sda1): re-mounted. Opts: errors=remount-ro
[    3.590514] Bluetooth: Core ver 2.16
[    3.592371] NET: Registered protocol family 31
[    3.592376] Bluetooth: HCI device and connection manager initialized
[    3.592379] Bluetooth: HCI socket layer initialized
[    3.592382] Bluetooth: L2CAP socket layer initialized
[    3.592385] Bluetooth: SCO socket layer initialized
[    3.609658] Bluetooth: BNEP (Ethernet Emulation) ver 1.3
[    3.609663] Bluetooth: BNEP filters: protocol multicast
[    3.611875] ppdev: user-space parallel port driver
[    3.612326] parport_pc 00:09: reported by Plug and Play ACPI
[    3.612570] parport0: PC-style at 0x378, irq 7 [PCSPP,TRISTATE]
[    3.623319] Bluetooth: RFCOMM TTY layer initialized
[    3.623325] Bluetooth: RFCOMM socket layer initialized
[    3.623327] Bluetooth: RFCOMM ver 1.11
[    3.632853] shpchp: Standard Hot Plug PCI Controller Driver version: 0.4
[    3.709540] lp0: using parport0 (interrupt-driven).
[    3.713121] [543]: VMCI: shared components initialized.
[    3.713140] Probing for vmci/PCI.
[    3.713291] ACPI: PCI Interrupt Link [LNKA] enabled at IRQ 9
[    3.713294] PCI: setting IRQ 9 as level-triggered
[    3.713299] vmci 0000:00:07.7: PCI INT A -> Link[LNKA] -> GSI 9 (level, low) -> IRQ 9
[    3.713337] Found vmci/PCI at 0x1080, irq 9.
[    3.713368] VMCI: using capabilities 0xc.
[    3.713433] [543]: VMCI: Host capability check passed.
[    3.713584] vmci 0000:00:07.7: irq 72 for MSI/MSI-X
[    3.713612] vmci 0000:00:07.7: irq 73 for MSI/MSI-X
[    3.713763] Registered vmci device.
[    3.715748] piix4_smbus 0000:00:07.3: Host SMBus controller not enabled!
[    3.718425] type=1400 audit(1369635690.994:2): apparmor="STATUS" operation="profile_load" name="/usr/lib/cups/backend/cups-pdf" pid=568 comm="apparmor_parser"
[    3.718589] type=1400 audit(1369635690.994:3): apparmor="STATUS" operation="profile_load" name="/usr/sbin/cupsd" pid=568 comm="apparmor_parser"
[    3.718795] [543]: VMCI: Using guest personality
[    3.718799] [543]: VMCI: host components initialized.
[    3.719768] [543]: VMCI: Module registered (name=vmci,major=10,minor=57).
[    3.719771] [543]: VMCI: Using host personality
[    3.719773] [543]: VMCI: Module (name=vmci) is initialized
[    3.792521] type=1400 audit(1369635691.070:4): apparmor="STATUS" operation="profile_load" name="/sbin/dhclient" pid=600 comm="apparmor_parser"
[    3.792910] type=1400 audit(1369635691.070:5): apparmor="STATUS" operation="profile_load" name="/usr/lib/NetworkManager/nm-dhcp-client.action" pid=600 comm="apparmor_parser"
[    3.793061] type=1400 audit(1369635691.070:6): apparmor="STATUS" operation="profile_load" name="/usr/lib/connman/scripts/dhclient-script" pid=600 comm="apparmor_parser"
[    3.933728] input: ImPS/2 Generic Wheel Mouse as /devices/platform/i8042/serio1/input/input4
[    4.088133] init: failsafe main process (676) killed by TERM signal
[    4.158141] snd_ens1371 0000:02:02.0: PCI INT A -> Link[LNKA] -> GSI 9 (level, low) -> IRQ 9
[    4.193830] type=1400 audit(1369635691.470:7): apparmor="STATUS" operation="profile_load" name="/usr/lib/lightdm/lightdm/lightdm-guest-session-wrapper" pid=772 comm="apparmor_parser"
[    4.206199] type=1400 audit(1369635691.482:8): apparmor="STATUS" operation="profile_replace" name="/sbin/dhclient" pid=776 comm="apparmor_parser"
[    4.206271] type=1400 audit(1369635691.482:9): apparmor="STATUS" operation="profile_replace" name="/usr/lib/NetworkManager/nm-dhcp-client.action" pid=776 comm="apparmor_parser"
[    4.206326] type=1400 audit(1369635691.482:10): apparmor="STATUS" operation="profile_replace" name="/usr/lib/connman/scripts/dhclient-script" pid=776 comm="apparmor_parser"
[    4.524715] init: alsa-restore main process (862) terminated with status 19
