[    0.000000] Initializing cgroup subsys cpuset
[    0.000000] Initializing cgroup subsys cpu
[    0.000000] Linux version 3.2.0-29-generic-pae (buildd@roseapple) (gcc version 4.6.3 (Ubuntu/Linaro 4.6.3-1ubuntu5) ) #46-Ubuntu SMP Fri Jul 27 17:25:43 UTC 2012 (Ubuntu 3.2.0-29.46-generic-pae 3.2.24)
[    0.000000] KERNEL supported cpus:
[    0.000000]   Intel GenuineIntel
[    0.000000]   AMD AuthenticAMD
[    0.000000]   NSC Geode by NSC
[    0.000000]   Cyrix CyrixInstead
[    0.000000]   Centaur CentaurHauls
[    0.000000]   Transmeta GenuineTMx86
[    0.000000]   Transmeta TransmetaCPU
[    0.000000]   UMC UMC UMC UMC
[    0.000000] Disabled fast string operations
[    0.000000] BIOS-provided physical RAM map:
[    0.000000]  BIOS-e820: 0000000000000000 - 000000000009f000 (usable)
[    0.000000]  BIOS-e820: 000000000009f000 - 00000000000a0000 (reserved)
[    0.000000]  BIOS-e820: 00000000000ca000 - 00000000000cc000 (reserved)
[    0.000000]  BIOS-e820: 00000000000dc000 - 0000000000100000 (reserved)
[    0.000000]  BIOS-e820: 0000000000100000 - 000000003fee0000 (usable)
[    0.000000]  BIOS-e820: 000000003fee0000 - 000000003feff000 (ACPI data)
[    0.000000]  BIOS-e820: 000000003feff000 - 000000003ff00000 (ACPI NVS)
[    0.000000]  BIOS-e820: 000000003ff00000 - 0000000040000000 (usable)
[    0.000000]  BIOS-e820: 00000000e0000000 - 00000000f0000000 (reserved)
[    0.000000]  BIOS-e820: 00000000fec00000 - 00000000fec10000 (reserved)
[    0.000000]  BIOS-e820: 00000000fee00000 - 00000000fee01000 (reserved)
[    0.000000]  BIOS-e820: 00000000fffe0000 - 0000000100000000 (reserved)
[    0.000000] NX (Execute Disable) protection: active
[    0.000000] DMI present.
[    0.000000] DMI: VMware, Inc. VMware Virtual Platform/440BX Desktop Reference Platform, BIOS 6.00 07/02/2012
[    0.000000] Hypervisor detected: VMware
[    0.000000] e820 update range: 0000000000000000 - 0000000000010000 (usable) ==> (reserved)
[    0.000000] e820 remove range: 00000000000a0000 - 0000000000100000 (usable)
[    0.000000] last_pfn = 0x40000 max_arch_pfn = 0x1000000
[    0.000000] MTRR default type: uncachable
[    0.000000] MTRR fixed ranges enabled:
[    0.000000]   00000-9FFFF write-back
[    0.000000]   A0000-BFFFF uncachable
[    0.000000]   C0000-CBFFF write-protect
[    0.000000]   CC000-EFFFF uncachable
[    0.000000]   F0000-FFFFF write-protect
[    0.000000] MTRR variable ranges enabled:
[    0.000000]   0 base 0000000000 mask FFC0000000 write-back
[    0.000000]   1 disabled
[    0.000000]   2 disabled
[    0.000000]   3 disabled
[    0.000000]   4 disabled
[    0.000000]   5 disabled
[    0.000000]   6 disabled
[    0.000000]   7 disabled
[    0.000000] x86 PAT enabled: cpu 0, old 0x0, new 0x7010600070106
[    0.000000] found SMP MP-table at [c00f6bf0] f6bf0
[    0.000000] initial memory mapped : 0 - 02000000
[    0.000000] Base memory trampoline at [c009b000] 9b000 size 16384
[    0.000000] init_memory_mapping: 0000000000000000-0000000037bfe000
[    0.000000]  0000000000 - 0000200000 page 4k
[    0.000000]  0000200000 - 0037a00000 page 2M
[    0.000000]  0037a00000 - 0037bfe000 page 4k
[    0.000000] kernel direct mapping tables up to 37bfe000 @ 1ffb000-2000000
[    0.000000] RAMDISK: 364ea000 - 3726d000
[    0.000000] ACPI: RSDP 000f6b80 00024 (v02 PTLTD )
[    0.000000] ACPI: XSDT 3feed636 0005C (v01 INTEL  440BX    06040000 VMW  01324272)
[    0.000000] ACPI: FACP 3fefee98 000F4 (v04 INTEL  440BX    06040000 PTL  000F4240)
[    0.000000] ACPI: DSDT 3feee366 10B32 (v01 PTLTD  Custom   06040000 MSFT 03000001)
[    0.000000] ACPI: FACS 3fefffc0 00040
[    0.000000] ACPI: BOOT 3feee33e 00028 (v01 PTLTD  $SBFTBL$ 06040000  LTP 00000001)
[    0.000000] ACPI: APIC 3feedc3e 003C2 (v01 PTLTD  ? APIC   06040000  LTP 00000000)
[    0.000000] ACPI: MCFG 3feedc02 0003C (v01 PTLTD  $PCITBL$ 06040000  LTP 00000001)
[    0.000000] ACPI: SRAT 3feed732 004D0 (v02 VMWARE MEMPLUG  06040000 VMW  00000001)
[    0.000000] ACPI: HPET 3feed6fa 00038 (v01 VMWARE VMW HPET 06040000 VMW  00000001)
[    0.000000] ACPI: WAET 3feed6d2 00028 (v01 VMWARE VMW WAET 06040000 VMW  00000001)
[    0.000000] ACPI: Local APIC address 0xfee00000
[    0.000000] 132MB HIGHMEM available.
[    0.000000] 891MB LOWMEM available.
[    0.000000]   mapped low ram: 0 - 37bfe000
[    0.000000]   low ram: 0 - 37bfe000
[    0.000000] Zone PFN ranges:
[    0.000000]   DMA      0x00000010 -> 0x00001000
[    0.000000]   Normal   0x00001000 -> 0x00037bfe
[    0.000000]   HighMem  0x00037bfe -> 0x00040000
[    0.000000] Movable zone start PFN for each node
[    0.000000] early_node_map[3] active PFN ranges
[    0.000000]     0: 0x00000010 -> 0x0000009f
[    0.000000]     0: 0x00000100 -> 0x0003fee0
[    0.000000]     0: 0x0003ff00 -> 0x00040000
[    0.000000] On node 0 totalpages: 261999
[    0.000000] free_area_init_node: node 0, pgdat c1866a40, node_mem_map f73fd200
[    0.000000]   DMA zone: 32 pages used for memmap
[    0.000000]   DMA zone: 0 pages reserved
[    0.000000]   DMA zone: 3951 pages, LIFO batch:0
[    0.000000]   Normal zone: 1752 pages used for memmap
[    0.000000]   Normal zone: 222502 pages, LIFO batch:31
[    0.000000]   HighMem zone: 265 pages used for memmap
[    0.000000]   HighMem zone: 33497 pages, LIFO batch:7
[    0.000000] Using APIC driver default
[    0.000000] ACPI: PM-Timer IO Port: 0x1008
[    0.000000] ACPI: Local APIC address 0xfee00000
[    0.000000] ACPI: LAPIC (acpi_id[0x00] lapic_id[0x00] enabled)
[    0.000000] ACPI: LAPIC (acpi_id[0x01] lapic_id[0x02] disabled)
[    0.000000] ACPI: LAPIC (acpi_id[0x02] lapic_id[0x04] disabled)
[    0.000000] ACPI: LAPIC (acpi_id[0x03] lapic_id[0x06] disabled)
[    0.000000] ACPI: LAPIC (acpi_id[0x04] lapic_id[0x08] disabled)
[    0.000000] ACPI: LAPIC (acpi_id[0x05] lapic_id[0x0a] disabled)
[    0.000000] ACPI: LAPIC (acpi_id[0x06] lapic_id[0x0c] disabled)
[    0.000000] ACPI: LAPIC (acpi_id[0x07] lapic_id[0x0e] disabled)
[    0.000000] ACPI: LAPIC (acpi_id[0x08] lapic_id[0x10] disabled)
[    0.000000] ACPI: LAPIC (acpi_id[0x09] lapic_id[0x12] disabled)
[    0.000000] ACPI: LAPIC (acpi_id[0x0a] lapic_id[0x14] disabled)
[    0.000000] ACPI: LAPIC (acpi_id[0x0b] lapic_id[0x16] disabled)
[    0.000000] ACPI: LAPIC (acpi_id[0x0c] lapic_id[0x18] disabled)
[    0.000000] ACPI: LAPIC (acpi_id[0x0d] lapic_id[0x1a] disabled)
[    0.000000] ACPI: LAPIC (acpi_id[0x0e] lapic_id[0x1c] disabled)
[    0.000000] ACPI: LAPIC (acpi_id[0x0f] lapic_id[0x1e] disabled)
[    0.000000] ACPI: LAPIC (acpi_id[0x10] lapic_id[0x20] disabled)
[    0.000000] ACPI: LAPIC (acpi_id[0x11] lapic_id[0x22] disabled)
[    0.000000] ACPI: LAPIC (acpi_id[0x12] lapic_id[0x24] disabled)
[    0.000000] ACPI: LAPIC (acpi_id[0x13] lapic_id[0x26] disabled)
[    0.000000] ACPI: LAPIC (acpi_id[0x14] lapic_id[0x28] disabled)
[    0.000000] ACPI: LAPIC (acpi_id[0x15] lapic_id[0x2a] disabled)
[    0.000000] ACPI: LAPIC (acpi_id[0x16] lapic_id[0x2c] disabled)
[    0.000000] ACPI: LAPIC (acpi_id[0x17] lapic_id[0x2e] disabled)
[    0.000000] ACPI: LAPIC (acpi_id[0x18] lapic_id[0x30] disabled)
[    0.000000] ACPI: LAPIC (acpi_id[0x19] lapic_id[0x32] disabled)
[    0.000000] ACPI: LAPIC (acpi_id[0x1a] lapic_id[0x34] disabled)
[    0.000000] ACPI: LAPIC (acpi_id[0x1b] lapic_id[0x36] disabled)
[    0.000000] ACPI: LAPIC (acpi_id[0x1c] lapic_id[0x38] disabled)
[    0.000000] ACPI: LAPIC (acpi_id[0x1d] lapic_id[0x3a] disabled)
[    0.000000] ACPI: LAPIC (acpi_id[0x1e] lapic_id[0x3c] disabled)
[    0.000000] ACPI: LAPIC (acpi_id[0x1f] lapic_id[0x3e] disabled)
[    0.000000] ACPI: LAPIC (acpi_id[0x20] lapic_id[0x40] disabled)
[    0.000000] ACPI: LAPIC (acpi_id[0x21] lapic_id[0x42] disabled)
[    0.000000] ACPI: LAPIC (acpi_id[0x22] lapic_id[0x44] disabled)
[    0.000000] ACPI: LAPIC (acpi_id[0x23] lapic_id[0x46] disabled)
[    0.000000] ACPI: LAPIC (acpi_id[0x24] lapic_id[0x48] disabled)
[    0.000000] ACPI: LAPIC (acpi_id[0x25] lapic_id[0x4a] disabled)
[    0.000000] ACPI: LAPIC (acpi_id[0x26] lapic_id[0x4c] disabled)
[    0.000000] ACPI: LAPIC (acpi_id[0x27] lapic_id[0x4e] disabled)
[    0.000000] ACPI: LAPIC (acpi_id[0x28] lapic_id[0x50] disabled)
[    0.000000] ACPI: LAPIC (acpi_id[0x29] lapic_id[0x52] disabled)
[    0.000000] ACPI: LAPIC (acpi_id[0x2a] lapic_id[0x54] disabled)
[    0.000000] ACPI: LAPIC (acpi_id[0x2b] lapic_id[0x56] disabled)
[    0.000000] ACPI: LAPIC (acpi_id[0x2c] lapic_id[0x58] disabled)
[    0.000000] ACPI: LAPIC (acpi_id[0x2d] lapic_id[0x5a] disabled)
[    0.000000] ACPI: LAPIC (acpi_id[0x2e] lapic_id[0x5c] disabled)
[    0.000000] ACPI: LAPIC (acpi_id[0x2f] lapic_id[0x5e] disabled)
[    0.000000] ACPI: LAPIC (acpi_id[0x30] lapic_id[0x60] disabled)
[    0.000000] ACPI: LAPIC (acpi_id[0x31] lapic_id[0x62] disabled)
[    0.000000] ACPI: LAPIC (acpi_id[0x32] lapic_id[0x64] disabled)
[    0.000000] ACPI: LAPIC (acpi_id[0x33] lapic_id[0x66] disabled)
[    0.000000] ACPI: LAPIC (acpi_id[0x34] lapic_id[0x68] disabled)
[    0.000000] ACPI: LAPIC (acpi_id[0x35] lapic_id[0x6a] disabled)
[    0.000000] ACPI: LAPIC (acpi_id[0x36] lapic_id[0x6c] disabled)
[    0.000000] ACPI: LAPIC (acpi_id[0x37] lapic_id[0x6e] disabled)
[    0.000000] ACPI: LAPIC (acpi_id[0x38] lapic_id[0x70] disabled)
[    0.000000] ACPI: LAPIC (acpi_id[0x39] lapic_id[0x72] disabled)
[    0.000000] ACPI: LAPIC (acpi_id[0x3a] lapic_id[0x74] disabled)
[    0.000000] ACPI: LAPIC (acpi_id[0x3b] lapic_id[0x76] disabled)
[    0.000000] ACPI: LAPIC (acpi_id[0x3c] lapic_id[0x78] disabled)
[    0.000000] ACPI: LAPIC (acpi_id[0x3d] lapic_id[0x7a] disabled)
[    0.000000] ACPI: LAPIC (acpi_id[0x3e] lapic_id[0x7c] disabled)
[    0.000000] ACPI: LAPIC (acpi_id[0x3f] lapic_id[0x7e] disabled)
[    0.000000] ACPI: LAPIC_NMI (acpi_id[0x00] high edge lint[0x1])
[    0.000000] ACPI: LAPIC_NMI (acpi_id[0x01] high edge lint[0x1])
[    0.000000] ACPI: LAPIC_NMI (acpi_id[0x02] high edge lint[0x1])
[    0.000000] ACPI: LAPIC_NMI (acpi_id[0x03] high edge lint[0x1])
[    0.000000] ACPI: LAPIC_NMI (acpi_id[0x04] high edge lint[0x1])
[    0.000000] ACPI: LAPIC_NMI (acpi_id[0x05] high edge lint[0x1])
[    0.000000] ACPI: LAPIC_NMI (acpi_id[0x06] high edge lint[0x1])
[    0.000000] ACPI: LAPIC_NMI (acpi_id[0x07] high edge lint[0x1])
[    0.000000] ACPI: LAPIC_NMI (acpi_id[0x08] high edge lint[0x1])
[    0.000000] ACPI: LAPIC_NMI (acpi_id[0x09] high edge lint[0x1])
[    0.000000] ACPI: LAPIC_NMI (acpi_id[0x0a] high edge lint[0x1])
[    0.000000] ACPI: LAPIC_NMI (acpi_id[0x0b] high edge lint[0x1])
[    0.000000] ACPI: LAPIC_NMI (acpi_id[0x0c] high edge lint[0x1])
[    0.000000] ACPI: LAPIC_NMI (acpi_id[0x0d] high edge lint[0x1])
[    0.000000] ACPI: LAPIC_NMI (acpi_id[0x0e] high edge lint[0x1])
[    0.000000] ACPI: LAPIC_NMI (acpi_id[0x0f] high edge lint[0x1])
[    0.000000] ACPI: LAPIC_NMI (acpi_id[0x10] high edge lint[0x1])
[    0.000000] ACPI: LAPIC_NMI (acpi_id[0x11] high edge lint[0x1])
[    0.000000] ACPI: LAPIC_NMI (acpi_id[0x12] high edge lint[0x1])
[    0.000000] ACPI: LAPIC_NMI (acpi_id[0x13] high edge lint[0x1])
[    0.000000] ACPI: LAPIC_NMI (acpi_id[0x14] high edge lint[0x1])
[    0.000000] ACPI: LAPIC_NMI (acpi_id[0x15] high edge lint[0x1])
[    0.000000] ACPI: LAPIC_NMI (acpi_id[0x16] high edge lint[0x1])
[    0.000000] ACPI: LAPIC_NMI (acpi_id[0x17] high edge lint[0x1])
[    0.000000] ACPI: LAPIC_NMI (acpi_id[0x18] high edge lint[0x1])
[    0.000000] ACPI: LAPIC_NMI (acpi_id[0x19] high edge lint[0x1])
[    0.000000] ACPI: LAPIC_NMI (acpi_id[0x1a] high edge lint[0x1])
[    0.000000] ACPI: LAPIC_NMI (acpi_id[0x1b] high edge lint[0x1])
[    0.000000] ACPI: LAPIC_NMI (acpi_id[0x1c] high edge lint[0x1])
[    0.000000] ACPI: LAPIC_NMI (acpi_id[0x1d] high edge lint[0x1])
[    0.000000] ACPI: LAPIC_NMI (acpi_id[0x1e] high edge lint[0x1])
[    0.000000] ACPI: LAPIC_NMI (acpi_id[0x1f] high edge lint[0x1])
[    0.000000] ACPI: LAPIC_NMI (acpi_id[0x20] high edge lint[0x1])
[    0.000000] ACPI: LAPIC_NMI (acpi_id[0x21] high edge lint[0x1])
[    0.000000] ACPI: LAPIC_NMI (acpi_id[0x22] high edge lint[0x1])
[    0.000000] ACPI: LAPIC_NMI (acpi_id[0x23] high edge lint[0x1])
[    0.000000] ACPI: LAPIC_NMI (acpi_id[0x24] high edge lint[0x1])
[    0.000000] ACPI: LAPIC_NMI (acpi_id[0x25] high edge lint[0x1])
[    0.000000] ACPI: LAPIC_NMI (acpi_id[0x26] high edge lint[0x1])
[    0.000000] ACPI: LAPIC_NMI (acpi_id[0x27] high edge lint[0x1])
[    0.000000] ACPI: LAPIC_NMI (acpi_id[0x28] high edge lint[0x1])
[    0.000000] ACPI: LAPIC_NMI (acpi_id[0x29] high edge lint[0x1])
[    0.000000] ACPI: LAPIC_NMI (acpi_id[0x2a] high edge lint[0x1])
[    0.000000] ACPI: LAPIC_NMI (acpi_id[0x2b] high edge lint[0x1])
[    0.000000] ACPI: LAPIC_NMI (acpi_id[0x2c] high edge lint[0x1])
[    0.000000] ACPI: LAPIC_NMI (acpi_id[0x2d] high edge lint[0x1])
[    0.000000] ACPI: LAPIC_NMI (acpi_id[0x2e] high edge lint[0x1])
[    0.000000] ACPI: LAPIC_NMI (acpi_id[0x2f] high edge lint[0x1])
[    0.000000] ACPI: LAPIC_NMI (acpi_id[0x30] high edge lint[0x1])
[    0.000000] ACPI: LAPIC_NMI (acpi_id[0x31] high edge lint[0x1])
[    0.000000] ACPI: LAPIC_NMI (acpi_id[0x32] high edge lint[0x1])
[    0.000000] ACPI: LAPIC_NMI (acpi_id[0x33] high edge lint[0x1])
[    0.000000] ACPI: LAPIC_NMI (acpi_id[0x34] high edge lint[0x1])
[    0.000000] ACPI: LAPIC_NMI (acpi_id[0x35] high edge lint[0x1])
[    0.000000] ACPI: LAPIC_NMI (acpi_id[0x36] high edge lint[0x1])
[    0.000000] ACPI: LAPIC_NMI (acpi_id[0x37] high edge lint[0x1])
[    0.000000] ACPI: LAPIC_NMI (acpi_id[0x38] high edge lint[0x1])
[    0.000000] ACPI: LAPIC_NMI (acpi_id[0x39] high edge lint[0x1])
[    0.000000] ACPI: LAPIC_NMI (acpi_id[0x3a] high edge lint[0x1])
[    0.000000] ACPI: LAPIC_NMI (acpi_id[0x3b] high edge lint[0x1])
[    0.000000] ACPI: LAPIC_NMI (acpi_id[0x3c] high edge lint[0x1])
[    0.000000] ACPI: LAPIC_NMI (acpi_id[0x3d] high edge lint[0x1])
[    0.000000] ACPI: LAPIC_NMI (acpi_id[0x3e] high edge lint[0x1])
[    0.000000] ACPI: LAPIC_NMI (acpi_id[0x3f] high edge lint[0x1])
[    0.000000] ACPI: Skipping IOAPIC probe due to 'noapic' option.
[    0.000000] Using ACPI for processor (LAPIC) configuration information
[    0.000000] ACPI: HPET id: 0x8086af01 base: 0xfed00000
[    0.000000] Intel MultiProcessor Specification v1.4
[    0.000000]     Virtual Wire compatibility mode.
[    0.000000] MPTABLE: OEM ID: INTEL   
[    0.000000] MPTABLE: Product ID: 440BX       
[    0.000000] MPTABLE: APIC at: 0xFEE00000
[    0.000000] IOAPIC[0]: apic_id 1, version 17, address 0xfec00000, GSI 0-23
[    0.000000] Processors: 1
[    0.000000] SMP: Allowing 1 CPUs, 0 hotplug CPUs
[    0.000000] nr_irqs_gsi: 40
[    0.000000] PM: Registered nosave memory: 000000000009f000 - 00000000000a0000
[    0.000000] PM: Registered nosave memory: 00000000000a0000 - 00000000000ca000
[    0.000000] PM: Registered nosave memory: 00000000000ca000 - 00000000000cc000
[    0.000000] PM: Registered nosave memory: 00000000000cc000 - 00000000000dc000
[    0.000000] PM: Registered nosave memory: 00000000000dc000 - 0000000000100000
[    0.000000] Allocating PCI resources starting at 40000000 (gap: 40000000:a0000000)
[    0.000000] Booting paravirtualized kernel on bare hardware
[    0.000000] setup_percpu: NR_CPUS:8 nr_cpumask_bits:8 nr_cpu_ids:1 nr_node_ids:1
[    0.000000] PERCPU: Embedded 14 pages/cpu @f73e8000 s34240 r0 d23104 u57344
[    0.000000] pcpu-alloc: s34240 r0 d23104 u57344 alloc=14*4096
[    0.000000] pcpu-alloc: [0] 0 
[    0.000000] Built 1 zonelists in Zone order, mobility grouping on.  Total pages: 259950
[    0.000000] Kernel command line: BOOT_IMAGE=/boot/vmlinuz-3.2.0-29-generic-pae root=UUID=007b598c-390d-4c65-84a1-4ff752d48633 ro quiet splash maxcpus=0
[    0.000000] PID hash table entries: 4096 (order: 2, 16384 bytes)
[    0.000000] Dentry cache hash table entries: 131072 (order: 7, 524288 bytes)
[    0.000000] Inode-cache hash table entries: 65536 (order: 6, 262144 bytes)
[    0.000000] Initializing CPU#0
[    0.000000] xsave/xrstor: enabled xstate_bv 0x7, cntxt size 0x340
[    0.000000] allocated 4194048 bytes of page_cgroup
[    0.000000] please try 'cgroup_disable=memory' option if you don't want memory cgroups
[    0.000000] Initializing HighMem for node 0 (00037bfe:00040000)
[    0.000000] Memory: 1010624k/1048576k available (5814k kernel code, 37372k reserved, 2841k data, 740k init, 135048k highmem)
[    0.000000] virtual kernel memory layout:
[    0.000000]     fixmap  : 0xfff16000 - 0xfffff000   ( 932 kB)
[    0.000000]     pkmap   : 0xffc00000 - 0xffe00000   (2048 kB)
[    0.000000]     vmalloc : 0xf83fe000 - 0xffbfe000   ( 120 MB)
[    0.000000]     lowmem  : 0xc0000000 - 0xf7bfe000   ( 891 MB)
[    0.000000]       .init : 0xc1875000 - 0xc192e000   ( 740 kB)
[    0.000000]       .data : 0xc15adb64 - 0xc1874240   (2841 kB)
[    0.000000]       .text : 0xc1000000 - 0xc15adb64   (5814 kB)
[    0.000000] Checking if this processor honours the WP bit even in supervisor mode...Ok.
[    0.000000] SLUB: Genslabs=15, HWalign=64, Order=0-3, MinObjects=0, CPUs=1, Nodes=1
[    0.000000] Hierarchical RCU implementation.
[    0.000000] 	RCU dyntick-idle grace-period acceleration is enabled.
[    0.000000] NR_IRQS:2304 nr_irqs:256 16
[    0.000000] CPU 0 irqstacks, hard=f5c08000 soft=f5c0a000
[    0.000000] Extended CMOS year: 2000
[    0.000000] Console: colour VGA+ 80x25
[    0.000000] console [tty0] enabled
[    0.000000] hpet clockevent registered
[    0.000000] TSC freq read from hypervisor : 2394.620 MHz
[    0.000000] Detected 2394.620 MHz processor.
[    0.000002] Calibrating delay loop (skipped) preset value.. 4789.24 BogoMIPS (lpj=9578480)
[    0.000005] pid_max: default: 32768 minimum: 301
[    0.000020] Security Framework initialized
[    0.000035] AppArmor: AppArmor initialized
[    0.000036] Yama: becoming mindful.
[    0.000071] Mount-cache hash table entries: 512
[    0.000150] Initializing cgroup subsys cpuacct
[    0.000154] Initializing cgroup subsys memory
[    0.000158] Initializing cgroup subsys devices
[    0.000160] Initializing cgroup subsys freezer
[    0.000161] Initializing cgroup subsys blkio
[    0.000166] Initializing cgroup subsys perf_event
[    0.000209] Disabled fast string operations
[    0.000212] CPU: Physical Processor ID: 0
[    0.000221] ENERGY_PERF_BIAS: Set to 'normal', was 'performance'
[    0.000222] ENERGY_PERF_BIAS: View and update with x86_energy_perf_policy(8)
[    0.000865] mce: CPU supports 0 MCE banks
[    0.001603] SMP alternatives: switching to UP code
[    0.020402] Freeing SMP alternatives: 24k freed
[    0.020408] ACPI: Core revision 20110623
[    0.026627] ACPI: setting ELCR to 0200 (from 0e20)
[    0.028372] ftrace: allocating 26545 entries in 52 pages
[    0.049002] SMP mode deactivated.
[    0.049031] SMP disabled
[    0.049033] Performance Events: generic architected perfmon v1, core PMU driver.
[    0.049044] ... version:                1
[    0.049045] ... bit width:              48
[    0.049046] ... generic registers:      4
[    0.049047] ... value mask:             0000ffffffffffff
[    0.049048] ... max period:             000000007fffffff
[    0.049049] ... fixed-purpose events:   0
[    0.049050] ... event mask:             000000000000000f
[    0.049138] NMI watchdog enabled, takes one hw-pmu counter.
[    0.049156] Brought up 1 CPUs
[    0.049158] Total of 1 processors activated (4789.24 BogoMIPS).
[    0.049261] devtmpfs: initialized
[    0.049329] EVM: security.selinux
[    0.049330] EVM: security.SMACK64
[    0.049331] EVM: security.capability
[    0.049356] PM: Registering ACPI NVS region at 3feff000 (4096 bytes)
[    0.050071] print_constraints: dummy: 
[    0.050140] RTC time: 11:26:07, date: 05/27/13
[    0.050167] NET: Registered protocol family 16
[    0.050237] EISA bus registered
[    0.050247] ACPI: bus type pci registered
[    0.050383] PCI: MMCONFIG for domain 0000 [bus 00-ff] at [mem 0xe0000000-0xefffffff] (base 0xe0000000)
[    0.050386] PCI: MMCONFIG at [mem 0xe0000000-0xefffffff] reserved in E820
[    0.050387] PCI: Using MMCONFIG for extended config space
[    0.050388] PCI: Using configuration type 1 for base access
[    0.051065] bio: create slab <bio-0> at 0
[    0.051127] ACPI: Added _OSI(Module Device)
[    0.051128] ACPI: Added _OSI(Processor Device)
[    0.051129] ACPI: Added _OSI(3.0 _SCP Extensions)
[    0.051130] ACPI: Added _OSI(Processor Aggregator Device)
[    0.053653] ACPI: EC: Look up EC in DSDT
[    0.058576] [Firmware Bug]: ACPI: BIOS _OSI(Linux) query ignored
[    0.066328] ACPI: Interpreter enabled
[    0.066336] ACPI: (supports S0 S1 S4 S5)
[    0.066346] ACPI: Using PIC for interrupt routing
[    0.108146] ACPI: No dock devices found.
[    0.108149] HEST: Table not found.
[    0.108154] PCI: Using host bridge windows from ACPI; if necessary, use "pci=nocrs" and report a bug
[    0.109051] ACPI: PCI Root Bridge [PCI0] (domain 0000 [bus 00-ff])
[    0.110552] pci_root PNP0A03:00: host bridge window [mem 0x000a0000-0x000bffff]
[    0.110555] pci_root PNP0A03:00: host bridge window [mem 0x000cc000-0x000cffff]
[    0.110558] pci_root PNP0A03:00: host bridge window [mem 0x000d0000-0x000d3fff]
[    0.110560] pci_root PNP0A03:00: host bridge window [mem 0x000d4000-0x000d7fff]
[    0.110562] pci_root PNP0A03:00: host bridge window [mem 0x000d8000-0x000dbfff]
[    0.110565] pci_root PNP0A03:00: host bridge window [mem 0xc0000000-0xfebfffff]
[    0.110568] pci_root PNP0A03:00: host bridge window [io  0x0000-0x0cf7]
[    0.110570] pci_root PNP0A03:00: host bridge window [io  0x0d00-0xfeff]
[    0.110630] pci 0000:00:00.0: [8086:7190] type 0 class 0x000600
[    0.111132] pci 0000:00:01.0: [8086:7191] type 1 class 0x000604
[    0.111592] pci 0000:00:07.0: [8086:7110] type 0 class 0x000601
[    0.112352] pci 0000:00:07.1: [8086:7111] type 0 class 0x000101
[    0.114490] pci 0000:00:07.1: reg 20: [io  0x10c0-0x10cf]
[    0.115494] pci 0000:00:07.3: [8086:7113] type 0 class 0x000680
[    0.117907] pci 0000:00:07.3: quirk: [io  0x1000-0x103f] claimed by PIIX4 ACPI
[    0.117922] pci 0000:00:07.3: quirk: [io  0x1040-0x104f] claimed by PIIX4 SMB
[    0.118194] pci 0000:00:07.7: [15ad:0740] type 0 class 0x000880
[    0.118873] pci 0000:00:07.7: reg 10: [io  0x1080-0x10bf]
[    0.119727] pci 0000:00:07.7: reg 14: [mem 0xc8000000-0xc8001fff 64bit]
[    0.121764] pci 0000:00:0f.0: [15ad:0405] type 0 class 0x000300
[    0.123796] pci 0000:00:0f.0: reg 10: [io  0x10d0-0x10df]
[    0.125741] pci 0000:00:0f.0: reg 14: [mem 0xd0000000-0xd7ffffff pref]
[    0.127677] pci 0000:00:0f.0: reg 18: [mem 0xc8800000-0xc8ffffff]
[    0.135436] pci 0000:00:0f.0: reg 30: [mem 0x00000000-0x00007fff pref]
[    0.135717] pci 0000:00:10.0: [1000:0030] type 0 class 0x000100
[    0.136279] pci 0000:00:10.0: reg 10: [io  0x1400-0x14ff]
[    0.136991] pci 0000:00:10.0: reg 14: [mem 0xc8040000-0xc805ffff 64bit]
[    0.137689] pci 0000:00:10.0: reg 1c: [mem 0xc8020000-0xc803ffff 64bit]
[    0.138711] pci 0000:00:10.0: reg 30: [mem 0x00000000-0x00003fff pref]
[    0.138859] pci 0000:00:11.0: [15ad:0790] type 1 class 0x000604
[    0.139508] pci 0000:00:15.0: [15ad:07a0] type 1 class 0x000604
[    0.140212] pci 0000:00:15.0: PME# supported from D0 D3hot D3cold
[    0.140235] pci 0000:00:15.0: PME# disabled
[    0.140449] pci 0000:00:15.1: [15ad:07a0] type 1 class 0x000604
[    0.141133] pci 0000:00:15.1: PME# supported from D0 D3hot D3cold
[    0.141155] pci 0000:00:15.1: PME# disabled
[    0.141367] pci 0000:00:15.2: [15ad:07a0] type 1 class 0x000604
[    0.142051] pci 0000:00:15.2: PME# supported from D0 D3hot D3cold
[    0.142073] pci 0000:00:15.2: PME# disabled
[    0.142285] pci 0000:00:15.3: [15ad:07a0] type 1 class 0x000604
[    0.142970] pci 0000:00:15.3: PME# supported from D0 D3hot D3cold
[    0.142992] pci 0000:00:15.3: PME# disabled
[    0.143205] pci 0000:00:15.4: [15ad:07a0] type 1 class 0x000604
[    0.143908] pci 0000:00:15.4: PME# supported from D0 D3hot D3cold
[    0.143930] pci 0000:00:15.4: PME# disabled
[    0.144149] pci 0000:00:15.5: [15ad:07a0] type 1 class 0x000604
[    0.144837] pci 0000:00:15.5: PME# supported from D0 D3hot D3cold
[    0.144858] pci 0000:00:15.5: PME# disabled
[    0.145071] pci 0000:00:15.6: [15ad:07a0] type 1 class 0x000604
[    0.145751] pci 0000:00:15.6: PME# supported from D0 D3hot D3cold
[    0.145772] pci 0000:00:15.6: PME# disabled
[    0.145994] pci 0000:00:15.7: [15ad:07a0] type 1 class 0x000604
[    0.146674] pci 0000:00:15.7: PME# supported from D0 D3hot D3cold
[    0.146695] pci 0000:00:15.7: PME# disabled
[    0.146985] pci 0000:00:16.0: [15ad:07a0] type 1 class 0x000604
[    0.147953] pci 0000:00:16.0: PME# supported from D0 D3hot D3cold
[    0.147983] pci 0000:00:16.0: PME# disabled
[    0.148276] pci 0000:00:16.1: [15ad:07a0] type 1 class 0x000604
[    0.149215] pci 0000:00:16.1: PME# supported from D0 D3hot D3cold
[    0.149243] pci 0000:00:16.1: PME# disabled
[    0.149533] pci 0000:00:16.2: [15ad:07a0] type 1 class 0x000604
[    0.150462] pci 0000:00:16.2: PME# supported from D0 D3hot D3cold
[    0.150490] pci 0000:00:16.2: PME# disabled
[    0.150793] pci 0000:00:16.3: [15ad:07a0] type 1 class 0x000604
[    0.151720] pci 0000:00:16.3: PME# supported from D0 D3hot D3cold
[    0.151766] pci 0000:00:16.3: PME# disabled
[    0.152070] pci 0000:00:16.4: [15ad:07a0] type 1 class 0x000604
[    0.152999] pci 0000:00:16.4: PME# supported from D0 D3hot D3cold
[    0.153028] pci 0000:00:16.4: PME# disabled
[    0.153324] pci 0000:00:16.5: [15ad:07a0] type 1 class 0x000604
[    0.154264] pci 0000:00:16.5: PME# supported from D0 D3hot D3cold
[    0.154293] pci 0000:00:16.5: PME# disabled
[    0.154582] pci 0000:00:16.6: [15ad:07a0] type 1 class 0x000604
[    0.155370] pci 0000:00:16.6: PME# supported from D0 D3hot D3cold
[    0.155393] pci 0000:00:16.6: PME# disabled
[    0.155606] pci 0000:00:16.7: [15ad:07a0] type 1 class 0x000604
[    0.156310] pci 0000:00:16.7: PME# supported from D0 D3hot D3cold
[    0.156331] pci 0000:00:16.7: PME# disabled
[    0.156544] pci 0000:00:17.0: [15ad:07a0] type 1 class 0x000604
[    0.157235] pci 0000:00:17.0: PME# supported from D0 D3hot D3cold
[    0.157257] pci 0000:00:17.0: PME# disabled
[    0.157468] pci 0000:00:17.1: [15ad:07a0] type 1 class 0x000604
[    0.158152] pci 0000:00:17.1: PME# supported from D0 D3hot D3cold
[    0.158174] pci 0000:00:17.1: PME# disabled
[    0.158385] pci 0000:00:17.2: [15ad:07a0] type 1 class 0x000604
[    0.159070] pci 0000:00:17.2: PME# supported from D0 D3hot D3cold
[    0.159092] pci 0000:00:17.2: PME# disabled
[    0.159303] pci 0000:00:17.3: [15ad:07a0] type 1 class 0x000604
[    0.159998] pci 0000:00:17.3: PME# supported from D0 D3hot D3cold
[    0.160019] pci 0000:00:17.3: PME# disabled
[    0.160231] pci 0000:00:17.4: [15ad:07a0] type 1 class 0x000604
[    0.160917] pci 0000:00:17.4: PME# supported from D0 D3hot D3cold
[    0.160939] pci 0000:00:17.4: PME# disabled
[    0.161157] pci 0000:00:17.5: [15ad:07a0] type 1 class 0x000604
[    0.161847] pci 0000:00:17.5: PME# supported from D0 D3hot D3cold
[    0.161868] pci 0000:00:17.5: PME# disabled
[    0.162081] pci 0000:00:17.6: [15ad:07a0] type 1 class 0x000604
[    0.162765] pci 0000:00:17.6: PME# supported from D0 D3hot D3cold
[    0.162786] pci 0000:00:17.6: PME# disabled
[    0.162998] pci 0000:00:17.7: [15ad:07a0] type 1 class 0x000604
[    0.163674] pci 0000:00:17.7: PME# supported from D0 D3hot D3cold
[    0.163695] pci 0000:00:17.7: PME# disabled
[    0.163923] pci 0000:00:18.0: [15ad:07a0] type 1 class 0x000604
[    0.164601] pci 0000:00:18.0: PME# supported from D0 D3hot D3cold
[    0.164623] pci 0000:00:18.0: PME# disabled
[    0.164846] pci 0000:00:18.1: [15ad:07a0] type 1 class 0x000604
[    0.165525] pci 0000:00:18.1: PME# supported from D0 D3hot D3cold
[    0.165546] pci 0000:00:18.1: PME# disabled
[    0.165766] pci 0000:00:18.2: [15ad:07a0] type 1 class 0x000604
[    0.166445] pci 0000:00:18.2: PME# supported from D0 D3hot D3cold
[    0.166466] pci 0000:00:18.2: PME# disabled
[    0.166679] pci 0000:00:18.3: [15ad:07a0] type 1 class 0x000604
[    0.167370] pci 0000:00:18.3: PME# supported from D0 D3hot D3cold
[    0.167391] pci 0000:00:18.3: PME# disabled
[    0.167604] pci 0000:00:18.4: [15ad:07a0] type 1 class 0x000604
[    0.168298] pci 0000:00:18.4: PME# supported from D0 D3hot D3cold
[    0.168319] pci 0000:00:18.4: PME# disabled
[    0.168540] pci 0000:00:18.5: [15ad:07a0] type 1 class 0x000604
[    0.169224] pci 0000:00:18.5: PME# supported from D0 D3hot D3cold
[    0.169245] pci 0000:00:18.5: PME# disabled
[    0.169457] pci 0000:00:18.6: [15ad:07a0] type 1 class 0x000604
[    0.170163] pci 0000:00:18.6: PME# supported from D0 D3hot D3cold
[    0.170184] pci 0000:00:18.6: PME# disabled
[    0.170396] pci 0000:00:18.7: [15ad:07a0] type 1 class 0x000604
[    0.171083] pci 0000:00:18.7: PME# supported from D0 D3hot D3cold
[    0.171104] pci 0000:00:18.7: PME# disabled
[    0.171640] pci 0000:00:01.0: PCI bridge to [bus 01-01]
[    0.171947] pci 0000:02:00.0: [15ad:0774] type 0 class 0x000c03
[    0.173216] pci 0000:02:00.0: reg 20: [io  0x20c0-0x20df]
[    0.173831] pci 0000:02:01.0: [1022:2000] type 0 class 0x000200
[    0.174103] pci 0000:02:01.0: reg 10: [io  0x2000-0x207f]
[    0.175544] pci 0000:02:01.0: reg 30: [mem 0x00000000-0x0000ffff pref]
[    0.175662] pci 0000:02:02.0: [1274:1371] type 0 class 0x000401
[    0.175995] pci 0000:02:02.0: reg 10: [io  0x2080-0x20bf]
[    0.177848] pci 0000:02:03.0: [15ad:0770] type 0 class 0x000c03
[    0.178105] pci 0000:02:03.0: reg 10: [mem 0xc9000000-0xc9000fff]
[    0.179744] pci 0000:00:11.0: PCI bridge to [bus 02-02] (subtractive decode)
[    0.179766] pci 0000:00:11.0:   bridge window [io  0x2000-0x3fff]
[    0.179788] pci 0000:00:11.0:   bridge window [mem 0xc9000000-0xca3fffff]
[    0.179828] pci 0000:00:11.0:   bridge window [mem 0xd8400000-0xd89fffff 64bit pref]
[    0.179830] pci 0000:00:11.0:   bridge window [mem 0x000a0000-0x000bffff] (subtractive decode)
[    0.179832] pci 0000:00:11.0:   bridge window [mem 0x000cc000-0x000cffff] (subtractive decode)
[    0.179834] pci 0000:00:11.0:   bridge window [mem 0x000d0000-0x000d3fff] (subtractive decode)
[    0.179835] pci 0000:00:11.0:   bridge window [mem 0x000d4000-0x000d7fff] (subtractive decode)
[    0.179837] pci 0000:00:11.0:   bridge window [mem 0x000d8000-0x000dbfff] (subtractive decode)
[    0.179838] pci 0000:00:11.0:   bridge window [mem 0xc0000000-0xfebfffff] (subtractive decode)
[    0.179840] pci 0000:00:11.0:   bridge window [io  0x0000-0x0cf7] (subtractive decode)
[    0.179842] pci 0000:00:11.0:   bridge window [io  0x0d00-0xfeff] (subtractive decode)
[    0.180256] pci 0000:00:15.0: PCI bridge to [bus 03-03]
[    0.180276] pci 0000:00:15.0:   bridge window [io  0x4000-0x4fff]
[    0.180297] pci 0000:00:15.0:   bridge window [mem 0xca400000-0xca4fffff]
[    0.180336] pci 0000:00:15.0:   bridge window [mem 0xd8a00000-0xd8afffff 64bit pref]
[    0.180749] pci 0000:00:15.1: PCI bridge to [bus 04-04]
[    0.180770] pci 0000:00:15.1:   bridge window [io  0x8000-0x8fff]
[    0.180791] pci 0000:00:15.1:   bridge window [mem 0xca800000-0xca8fffff]
[    0.180830] pci 0000:00:15.1:   bridge window [mem 0xd8e00000-0xd8efffff 64bit pref]
[    0.181240] pci 0000:00:15.2: PCI bridge to [bus 05-05]
[    0.181260] pci 0000:00:15.2:   bridge window [io  0xc000-0xcfff]
[    0.181281] pci 0000:00:15.2:   bridge window [mem 0xcac00000-0xcacfffff]
[    0.181321] pci 0000:00:15.2:   bridge window [mem 0xd9200000-0xd92fffff 64bit pref]
[    0.181747] pci 0000:00:15.3: PCI bridge to [bus 06-06]
[    0.181786] pci 0000:00:15.3:   bridge window [mem 0xcb000000-0xcb0fffff]
[    0.181825] pci 0000:00:15.3:   bridge window [mem 0xd9600000-0xd96fffff 64bit pref]
[    0.182236] pci 0000:00:15.4: PCI bridge to [bus 07-07]
[    0.182275] pci 0000:00:15.4:   bridge window [mem 0xcb400000-0xcb4fffff]
[    0.182314] pci 0000:00:15.4:   bridge window [mem 0xd9a00000-0xd9afffff 64bit pref]
[    0.182731] pci 0000:00:15.5: PCI bridge to [bus 08-08]
[    0.182770] pci 0000:00:15.5:   bridge window [mem 0xcb800000-0xcb8fffff]
[    0.182809] pci 0000:00:15.5:   bridge window [mem 0xd9e00000-0xd9efffff 64bit pref]
[    0.183218] pci 0000:00:15.6: PCI bridge to [bus 09-09]
[    0.183256] pci 0000:00:15.6:   bridge window [mem 0xcbc00000-0xcbcfffff]
[    0.183295] pci 0000:00:15.6:   bridge window [mem 0xda200000-0xda2fffff 64bit pref]
[    0.183717] pci 0000:00:15.7: PCI bridge to [bus 0a-0a]
[    0.183768] pci 0000:00:15.7:   bridge window [mem 0xcc000000-0xcc0fffff]
[    0.183808] pci 0000:00:15.7:   bridge window [mem 0xda600000-0xda6fffff 64bit pref]
[    0.184218] pci 0000:00:16.0: PCI bridge to [bus 0b-0b]
[    0.184238] pci 0000:00:16.0:   bridge window [io  0x5000-0x5fff]
[    0.184258] pci 0000:00:16.0:   bridge window [mem 0xca500000-0xca5fffff]
[    0.184297] pci 0000:00:16.0:   bridge window [mem 0xd8b00000-0xd8bfffff 64bit pref]
[    0.184706] pci 0000:00:16.1: PCI bridge to [bus 0c-0c]
[    0.184728] pci 0000:00:16.1:   bridge window [io  0x9000-0x9fff]
[    0.184748] pci 0000:00:16.1:   bridge window [mem 0xca900000-0xca9fffff]
[    0.184787] pci 0000:00:16.1:   bridge window [mem 0xd8f00000-0xd8ffffff 64bit pref]
[    0.185196] pci 0000:00:16.2: PCI bridge to [bus 0d-0d]
[    0.185217] pci 0000:00:16.2:   bridge window [io  0xd000-0xdfff]
[    0.185237] pci 0000:00:16.2:   bridge window [mem 0xcad00000-0xcadfffff]
[    0.185276] pci 0000:00:16.2:   bridge window [mem 0xd9300000-0xd93fffff 64bit pref]
[    0.185687] pci 0000:00:16.3: PCI bridge to [bus 0e-0e]
[    0.185735] pci 0000:00:16.3:   bridge window [mem 0xcb100000-0xcb1fffff]
[    0.185774] pci 0000:00:16.3:   bridge window [mem 0xd9700000-0xd97fffff 64bit pref]
[    0.186182] pci 0000:00:16.4: PCI bridge to [bus 0f-0f]
[    0.186221] pci 0000:00:16.4:   bridge window [mem 0xcb500000-0xcb5fffff]
[    0.186260] pci 0000:00:16.4:   bridge window [mem 0xd9b00000-0xd9bfffff 64bit pref]
[    0.186668] pci 0000:00:16.5: PCI bridge to [bus 10-10]
[    0.186707] pci 0000:00:16.5:   bridge window [mem 0xcb900000-0xcb9fffff]
[    0.186822] pci 0000:00:16.5:   bridge window [mem 0xd9f00000-0xd9ffffff 64bit pref]
[    0.187233] pci 0000:00:16.6: PCI bridge to [bus 11-11]
[    0.187272] pci 0000:00:16.6:   bridge window [mem 0xcbd00000-0xcbdfffff]
[    0.187311] pci 0000:00:16.6:   bridge window [mem 0xda300000-0xda3fffff 64bit pref]
[    0.187743] pci 0000:00:16.7: PCI bridge to [bus 12-12]
[    0.187782] pci 0000:00:16.7:   bridge window [mem 0xcc100000-0xcc1fffff]
[    0.187821] pci 0000:00:16.7:   bridge window [mem 0xda700000-0xda7fffff 64bit pref]
[    0.188231] pci 0000:00:17.0: PCI bridge to [bus 13-13]
[    0.188251] pci 0000:00:17.0:   bridge window [io  0x6000-0x6fff]
[    0.188272] pci 0000:00:17.0:   bridge window [mem 0xca600000-0xca6fffff]
[    0.188311] pci 0000:00:17.0:   bridge window [mem 0xd8c00000-0xd8cfffff 64bit pref]
[    0.188721] pci 0000:00:17.1: PCI bridge to [bus 14-14]
[    0.188741] pci 0000:00:17.1:   bridge window [io  0xa000-0xafff]
[    0.188762] pci 0000:00:17.1:   bridge window [mem 0xcaa00000-0xcaafffff]
[    0.188801] pci 0000:00:17.1:   bridge window [mem 0xd9000000-0xd90fffff 64bit pref]
[    0.189210] pci 0000:00:17.2: PCI bridge to [bus 15-15]
[    0.189231] pci 0000:00:17.2:   bridge window [io  0xe000-0xefff]
[    0.189251] pci 0000:00:17.2:   bridge window [mem 0xcae00000-0xcaefffff]
[    0.189290] pci 0000:00:17.2:   bridge window [mem 0xd9400000-0xd94fffff 64bit pref]
[    0.189703] pci 0000:00:17.3: PCI bridge to [bus 16-16]
[    0.189750] pci 0000:00:17.3:   bridge window [mem 0xcb200000-0xcb2fffff]
[    0.189789] pci 0000:00:17.3:   bridge window [mem 0xd9800000-0xd98fffff 64bit pref]
[    0.190198] pci 0000:00:17.4: PCI bridge to [bus 17-17]
[    0.190237] pci 0000:00:17.4:   bridge window [mem 0xcb600000-0xcb6fffff]
[    0.190276] pci 0000:00:17.4:   bridge window [mem 0xd9c00000-0xd9cfffff 64bit pref]
[    0.190685] pci 0000:00:17.5: PCI bridge to [bus 18-18]
[    0.190732] pci 0000:00:17.5:   bridge window [mem 0xcba00000-0xcbafffff]
[    0.190771] pci 0000:00:17.5:   bridge window [mem 0xda000000-0xda0fffff 64bit pref]
[    0.191181] pci 0000:00:17.6: PCI bridge to [bus 19-19]
[    0.191219] pci 0000:00:17.6:   bridge window [mem 0xcbe00000-0xcbefffff]
[    0.191258] pci 0000:00:17.6:   bridge window [mem 0xda400000-0xda4fffff 64bit pref]
[    0.191667] pci 0000:00:17.7: PCI bridge to [bus 1a-1a]
[    0.191729] pci 0000:00:17.7:   bridge window [mem 0xcc200000-0xcc2fffff]
[    0.191769] pci 0000:00:17.7:   bridge window [mem 0xda800000-0xda8fffff 64bit pref]
[    0.192179] pci 0000:00:18.0: PCI bridge to [bus 1b-1b]
[    0.192200] pci 0000:00:18.0:   bridge window [io  0x7000-0x7fff]
[    0.192220] pci 0000:00:18.0:   bridge window [mem 0xca700000-0xca7fffff]
[    0.192259] pci 0000:00:18.0:   bridge window [mem 0xd8d00000-0xd8dfffff 64bit pref]
[    0.192669] pci 0000:00:18.1: PCI bridge to [bus 1c-1c]
[    0.192689] pci 0000:00:18.1:   bridge window [io  0xb000-0xbfff]
[    0.192725] pci 0000:00:18.1:   bridge window [mem 0xcab00000-0xcabfffff]
[    0.192770] pci 0000:00:18.1:   bridge window [mem 0xd9100000-0xd91fffff 64bit pref]
[    0.193181] pci 0000:00:18.2: PCI bridge to [bus 1d-1d]
[    0.193201] pci 0000:00:18.2:   bridge window [io  0xf000-0xffff]
[    0.193221] pci 0000:00:18.2:   bridge window [mem 0xcaf00000-0xcaffffff]
[    0.193260] pci 0000:00:18.2:   bridge window [mem 0xd9500000-0xd95fffff 64bit pref]
[    0.193674] pci 0000:00:18.3: PCI bridge to [bus 1e-1e]
[    0.193717] pci 0000:00:18.3:   bridge window [mem 0xcb300000-0xcb3fffff]
[    0.193756] pci 0000:00:18.3:   bridge window [mem 0xd9900000-0xd99fffff 64bit pref]
[    0.194166] pci 0000:00:18.4: PCI bridge to [bus 1f-1f]
[    0.194205] pci 0000:00:18.4:   bridge window [mem 0xcb700000-0xcb7fffff]
[    0.194244] pci 0000:00:18.4:   bridge window [mem 0xd9d00000-0xd9dfffff 64bit pref]
[    0.194653] pci 0000:00:18.5: PCI bridge to [bus 20-20]
[    0.194692] pci 0000:00:18.5:   bridge window [mem 0xcbb00000-0xcbbfffff]
[    0.194733] pci 0000:00:18.5:   bridge window [mem 0xda100000-0xda1fffff 64bit pref]
[    0.195143] pci 0000:00:18.6: PCI bridge to [bus 21-21]
[    0.195182] pci 0000:00:18.6:   bridge window [mem 0xcbf00000-0xcbffffff]
[    0.195221] pci 0000:00:18.6:   bridge window [mem 0xda500000-0xda5fffff 64bit pref]
[    0.195631] pci 0000:00:18.7: PCI bridge to [bus 22-22]
[    0.195682] pci 0000:00:18.7:   bridge window [mem 0xcc300000-0xcc3fffff]
[    0.195735] pci 0000:00:18.7:   bridge window [mem 0xda900000-0xda9fffff 64bit pref]
[    0.197260] pci_bus 0000:00: on NUMA node 0
[    0.197265] ACPI: PCI Interrupt Routing Table [\_SB_.PCI0._PRT]
[    0.197863]  pci0000:00: Requesting ACPI _OSC control (0x1d)
[    0.198057]  pci0000:00: ACPI _OSC control (0x15) granted
[    0.272263] ACPI: PCI Interrupt Link [LNKA] (IRQs 3 4 5 6 7 *9 10 11 14 15)
[    0.272330] ACPI: PCI Interrupt Link [LNKB] (IRQs 3 4 5 6 7 9 10 *11 14 15)
[    0.272393] ACPI: PCI Interrupt Link [LNKC] (IRQs 3 4 5 6 7 9 *10 11 14 15)
[    0.272454] ACPI: PCI Interrupt Link [LNKD] (IRQs 3 4 *5 6 7 9 10 11 14 15)
[    0.272583] vgaarb: device added: PCI:0000:00:0f.0,decodes=io+mem,owns=io+mem,locks=none
[    0.272592] vgaarb: loaded
[    0.272593] vgaarb: bridge control possible 0000:00:0f.0
[    0.272681] i2c-core: driver [aat2870] using legacy suspend method
[    0.272682] i2c-core: driver [aat2870] using legacy resume method
[    0.272743] SCSI subsystem initialized
[    0.272779] libata version 3.00 loaded.
[    0.272807] usbcore: registered new interface driver usbfs
[    0.272817] usbcore: registered new interface driver hub
[    0.272838] usbcore: registered new device driver usb
[    0.272911] PCI: Using ACPI for IRQ routing
[    0.337394] PCI: pci_cache_line_size set to 64 bytes
[    0.337417] pci 0000:00:18.2: no compatible bridge window for [io  0xf000-0xffff]
[    0.338350] reserve RAM buffer: 000000000009f000 - 000000000009ffff 
[    0.338352] reserve RAM buffer: 000000003fee0000 - 000000003fffffff 
[    0.338443] NetLabel: Initializing
[    0.338444] NetLabel:  domain hash size = 128
[    0.338445] NetLabel:  protocols = UNLABELED CIPSOv4
[    0.338453] NetLabel:  unlabeled traffic allowed by default
[    0.338596] hpet0: at MMIO 0xfed00000, IRQs 2, 8, 0, 0, 0, 0, 0, 0, 0, 0, 0, 0, 0, 0, 0, 0
[    0.338602] hpet0: 16 comparators, 64-bit 14.318180 MHz counter
[    0.341693] Switching to clocksource hpet
[    0.346959] AppArmor: AppArmor Filesystem Enabled
[    0.346978] pnp: PnP ACPI init
[    0.346992] ACPI: bus type pnp registered
[    0.347602] pnp 00:00: [bus 00-ff]
[    0.347604] pnp 00:00: [mem 0x000a0000-0x000bffff window]
[    0.347606] pnp 00:00: [mem 0x000c0000-0x000c3fff window]
[    0.347607] pnp 00:00: [mem 0x000c4000-0x000c7fff window]
[    0.347609] pnp 00:00: [mem 0x000c8000-0x000cbfff window]
[    0.347610] pnp 00:00: [mem 0x000cc000-0x000cffff window]
[    0.347611] pnp 00:00: [mem 0x000d0000-0x000d3fff window]
[    0.347613] pnp 00:00: [mem 0x000d4000-0x000d7fff window]
[    0.347614] pnp 00:00: [mem 0x000d8000-0x000dbfff window]
[    0.347616] pnp 00:00: [mem 0x000dc000-0x000dffff window]
[    0.347617] pnp 00:00: [mem 0x000e0000-0x000e3fff window]
[    0.347618] pnp 00:00: [mem 0x000e4000-0x000e7fff window]
[    0.347620] pnp 00:00: [mem 0x000e8000-0x000ebfff window]
[    0.347621] pnp 00:00: [mem 0x000ec000-0x000effff window]
[    0.347623] pnp 00:00: [mem 0xc0000000-0xfebfffff window]
[    0.347624] pnp 00:00: [io  0x0cf8-0x0cff]
[    0.347626] pnp 00:00: [io  0x0000-0x0cf7 window]
[    0.347627] pnp 00:00: [io  0x0d00-0xfeff window]
[    0.347663] pnp 00:00: Plug and Play ACPI device, IDs PNP0a03 PNP0a08 (active)
[    0.347723] pnp 00:01: [io  0x0010-0x001f]
[    0.347725] pnp 00:01: [io  0x0024-0x0025]
[    0.347726] pnp 00:01: [io  0x0028-0x0029]
[    0.347727] pnp 00:01: [io  0x002c-0x002d]
[    0.347728] pnp 00:01: [io  0x002e-0x002f]
[    0.347729] pnp 00:01: [io  0x0030-0x0031]
[    0.347730] pnp 00:01: [io  0x0034-0x0035]
[    0.347732] pnp 00:01: [io  0x0038-0x0039]
[    0.347733] pnp 00:01: [io  0x003c-0x003d]
[    0.347734] pnp 00:01: [io  0x0050-0x0053]
[    0.347735] pnp 00:01: [io  0x0072-0x0077]
[    0.347736] pnp 00:01: [io  0x0080]
[    0.347737] pnp 00:01: [io  0x0090-0x009f]
[    0.347739] pnp 00:01: [io  0x00a4-0x00a5]
[    0.347740] pnp 00:01: [io  0x00a8-0x00a9]
[    0.347741] pnp 00:01: [io  0x00ac-0x00ad]
[    0.347742] pnp 00:01: [io  0x00b0-0x00b5]
[    0.347743] pnp 00:01: [io  0x00b8-0x00b9]
[    0.347744] pnp 00:01: [io  0x00bc-0x00bd]
[    0.347746] pnp 00:01: [io  0x1000-0x103f]
[    0.347747] pnp 00:01: [io  0x1040-0x104f]
[    0.347748] pnp 00:01: [io  0x0cf0-0x0cf1]
[    0.347803] system 00:01: [io  0x1000-0x103f] has been reserved
[    0.347807] system 00:01: [io  0x1040-0x104f] has been reserved
[    0.347809] system 00:01: [io  0x0cf0-0x0cf1] has been reserved
[    0.347812] system 00:01: Plug and Play ACPI device, IDs PNP0c02 (active)
[    0.347818] pnp 00:02: [io  0x0000-0x000f]
[    0.347819] pnp 00:02: [io  0x0081-0x008f]
[    0.347820] pnp 00:02: [io  0x00c0-0x00df]
[    0.347822] pnp 00:02: [dma 4]
[    0.347838] pnp 00:02: Plug and Play ACPI device, IDs PNP0200 (active)
[    0.347843] pnp 00:03: [io  0x0020-0x0021]
[    0.347844] pnp 00:03: [io  0x00a0-0x00a1]
[    0.347845] pnp 00:03: [io  0x04d0-0x04d1]
[    0.347847] pnp 00:03: [irq 2 disabled]
[    0.347862] pnp 00:03: Plug and Play ACPI device, IDs PNP0001 (active)
[    0.347868] pnp 00:04: [io  0x0070-0x0071]
[    0.347870] pnp 00:04: [irq 8]
[    0.347883] pnp 00:04: Plug and Play ACPI device, IDs PNP0b00 (active)
[    0.347887] pnp 00:05: [io  0x0061]
[    0.347900] pnp 00:05: Plug and Play ACPI device, IDs PNP0800 (active)
[    0.347904] pnp 00:06: [io  0x0060]
[    0.347906] pnp 00:06: [io  0x0064]
[    0.347907] pnp 00:06: [irq 1]
[    0.347922] pnp 00:06: Plug and Play ACPI device, IDs PNP0303 (active)
[    0.347927] pnp 00:07: [irq 12]
[    0.347939] pnp 00:07: Plug and Play ACPI device, IDs PNP0f13 (active)
[    0.348090] pnp 00:08: [mem 0xfed00000-0xfed003ff]
[    0.348123] system 00:08: [mem 0xfed00000-0xfed003ff] has been reserved
[    0.348126] system 00:08: Plug and Play ACPI device, IDs PNP0103 PNP0c01 (active)
[    0.352292] pnp 00:09: [io  0x0378-0x037f]
[    0.352294] pnp 00:09: [irq 7]
[    0.353631] pnp 00:09: Plug and Play ACPI device, IDs PNP0400 (active)
[    0.357618] pnp 00:0a: [io  0x03f8-0x03ff]
[    0.357622] pnp 00:0a: [irq 4]
[    0.358743] pnp 00:0a: Plug and Play ACPI device, IDs PNP0501 (active)
[    0.361909] pnp 00:0b: [io  0x02f8-0x02ff]
[    0.361912] pnp 00:0b: [irq 3]
[    0.362984] pnp 00:0b: Plug and Play ACPI device, IDs PNP0501 (active)
[    0.368811] pnp 00:0c: [io  0x03f0-0x03f5]
[    0.368815] pnp 00:0c: [io  0x03f7]
[    0.368818] pnp 00:0c: [irq 6]
[    0.368820] pnp 00:0c: [dma 2]
[    0.370309] pnp 00:0c: Plug and Play ACPI device, IDs PNP0700 (active)
[    0.370571] pnp 00:0d: [mem 0xe0000000-0xefffffff]
[    0.370574] pnp 00:0d: [io  0x1060-0x107f]
[    0.370576] pnp 00:0d: [mem 0xc8200000-0xc83fffff]
[    0.370649] system 00:0d: [io  0x1060-0x107f] has been reserved
[    0.370653] system 00:0d: [mem 0xe0000000-0xefffffff] has been reserved
[    0.370656] system 00:0d: [mem 0xc8200000-0xc83fffff] has been reserved
[    0.370660] system 00:0d: Plug and Play ACPI device, IDs PNP0c02 (active)
[    0.376490] pnp: PnP ACPI: found 14 devices
[    0.376492] ACPI: ACPI bus type pnp unregistered
[    0.376496] PnPBIOS: Disabled by ACPI PNP
[    0.412172] PCI: max bus depth: 1 pci_try_num: 2
[    0.413723] pci 0000:00:0f.0: BAR 6: assigned [mem 0xc0000000-0xc0007fff pref]
[    0.413728] pci 0000:00:10.0: BAR 6: assigned [mem 0xc0008000-0xc000bfff pref]
[    0.413732] pci 0000:00:18.7: BAR 13: can't assign io (size 0x1000)
[    0.413736] pci 0000:00:18.6: BAR 13: can't assign io (size 0x1000)
[    0.413739] pci 0000:00:18.5: BAR 13: can't assign io (size 0x1000)
[    0.413742] pci 0000:00:18.4: BAR 13: can't assign io (size 0x1000)
[    0.413745] pci 0000:00:18.3: BAR 13: can't assign io (size 0x1000)
[    0.413748] pci 0000:00:18.2: BAR 13: can't assign io (size 0x1000)
[    0.413751] pci 0000:00:17.7: BAR 13: can't assign io (size 0x1000)
[    0.413753] pci 0000:00:17.6: BAR 13: can't assign io (size 0x1000)
[    0.413756] pci 0000:00:17.5: BAR 13: can't assign io (size 0x1000)
[    0.413759] pci 0000:00:17.4: BAR 13: can't assign io (size 0x1000)
[    0.413762] pci 0000:00:17.3: BAR 13: can't assign io (size 0x1000)
[    0.413765] pci 0000:00:16.7: BAR 13: can't assign io (size 0x1000)
[    0.413768] pci 0000:00:16.6: BAR 13: can't assign io (size 0x1000)
[    0.413771] pci 0000:00:16.5: BAR 13: can't assign io (size 0x1000)
[    0.413774] pci 0000:00:16.4: BAR 13: can't assign io (size 0x1000)
[    0.413777] pci 0000:00:16.3: BAR 13: can't assign io (size 0x1000)
[    0.413780] pci 0000:00:15.7: BAR 13: can't assign io (size 0x1000)
[    0.413783] pci 0000:00:15.6: BAR 13: can't assign io (size 0x1000)
[    0.413786] pci 0000:00:15.5: BAR 13: can't assign io (size 0x1000)
[    0.413789] pci 0000:00:15.4: BAR 13: can't assign io (size 0x1000)
[    0.413792] pci 0000:00:15.3: BAR 13: can't assign io (size 0x1000)
[    0.413794] pci 0000:00:01.0: PCI bridge to [bus 01-01]
[    0.413894] pci 0000:02:01.0: BAR 6: assigned [mem 0xd8400000-0xd840ffff pref]
[    0.413896] pci 0000:00:11.0: PCI bridge to [bus 02-02]
[    0.413910] pci 0000:00:11.0:   bridge window [io  0x2000-0x3fff]
[    0.413945] pci 0000:00:11.0:   bridge window [mem 0xc9000000-0xca3fffff]
[    0.413977] pci 0000:00:11.0:   bridge window [mem 0xd8400000-0xd89fffff 64bit pref]
[    0.414022] pci 0000:00:15.0: PCI bridge to [bus 03-03]
[    0.414035] pci 0000:00:15.0:   bridge window [io  0x4000-0x4fff]
[    0.414070] pci 0000:00:15.0:   bridge window [mem 0xca400000-0xca4fffff]
[    0.414093] pci 0000:00:15.0:   bridge window [mem 0xd8a00000-0xd8afffff 64bit pref]
[    0.414151] pci 0000:00:15.1: PCI bridge to [bus 04-04]
[    0.414165] pci 0000:00:15.1:   bridge window [io  0x8000-0x8fff]
[    0.414199] pci 0000:00:15.1:   bridge window [mem 0xca800000-0xca8fffff]
[    0.414222] pci 0000:00:15.1:   bridge window [mem 0xd8e00000-0xd8efffff 64bit pref]
[    0.414272] pci 0000:00:15.2: PCI bridge to [bus 05-05]
[    0.414285] pci 0000:00:15.2:   bridge window [io  0xc000-0xcfff]
[    0.414320] pci 0000:00:15.2:   bridge window [mem 0xcac00000-0xcacfffff]
[    0.414343] pci 0000:00:15.2:   bridge window [mem 0xd9200000-0xd92fffff 64bit pref]
[    0.414392] pci 0000:00:15.3: PCI bridge to [bus 06-06]
[    0.414426] pci 0000:00:15.3:   bridge window [mem 0xcb000000-0xcb0fffff]
[    0.414450] pci 0000:00:15.3:   bridge window [mem 0xd9600000-0xd96fffff 64bit pref]
[    0.414499] pci 0000:00:15.4: PCI bridge to [bus 07-07]
[    0.414533] pci 0000:00:15.4:   bridge window [mem 0xcb400000-0xcb4fffff]
[    0.414556] pci 0000:00:15.4:   bridge window [mem 0xd9a00000-0xd9afffff 64bit pref]
[    0.414605] pci 0000:00:15.5: PCI bridge to [bus 08-08]
[    0.414639] pci 0000:00:15.5:   bridge window [mem 0xcb800000-0xcb8fffff]
[    0.414663] pci 0000:00:15.5:   bridge window [mem 0xd9e00000-0xd9efffff 64bit pref]
[    0.414711] pci 0000:00:15.6: PCI bridge to [bus 09-09]
[    0.414745] pci 0000:00:15.6:   bridge window [mem 0xcbc00000-0xcbcfffff]
[    0.414769] pci 0000:00:15.6:   bridge window [mem 0xda200000-0xda2fffff 64bit pref]
[    0.414817] pci 0000:00:15.7: PCI bridge to [bus 0a-0a]
[    0.414852] pci 0000:00:15.7:   bridge window [mem 0xcc000000-0xcc0fffff]
[    0.414875] pci 0000:00:15.7:   bridge window [mem 0xda600000-0xda6fffff 64bit pref]
[    0.414924] pci 0000:00:16.0: PCI bridge to [bus 0b-0b]
[    0.414938] pci 0000:00:16.0:   bridge window [io  0x5000-0x5fff]
[    0.414973] pci 0000:00:16.0:   bridge window [mem 0xca500000-0xca5fffff]
[    0.414997] pci 0000:00:16.0:   bridge window [mem 0xd8b00000-0xd8bfffff 64bit pref]
[    0.415046] pci 0000:00:16.1: PCI bridge to [bus 0c-0c]
[    0.415060] pci 0000:00:16.1:   bridge window [io  0x9000-0x9fff]
[    0.415094] pci 0000:00:16.1:   bridge window [mem 0xca900000-0xca9fffff]
[    0.415117] pci 0000:00:16.1:   bridge window [mem 0xd8f00000-0xd8ffffff 64bit pref]
[    0.415166] pci 0000:00:16.2: PCI bridge to [bus 0d-0d]
[    0.415180] pci 0000:00:16.2:   bridge window [io  0xd000-0xdfff]
[    0.415214] pci 0000:00:16.2:   bridge window [mem 0xcad00000-0xcadfffff]
[    0.415237] pci 0000:00:16.2:   bridge window [mem 0xd9300000-0xd93fffff 64bit pref]
[    0.415286] pci 0000:00:16.3: PCI bridge to [bus 0e-0e]
[    0.415320] pci 0000:00:16.3:   bridge window [mem 0xcb100000-0xcb1fffff]
[    0.415344] pci 0000:00:16.3:   bridge window [mem 0xd9700000-0xd97fffff 64bit pref]
[    0.415392] pci 0000:00:16.4: PCI bridge to [bus 0f-0f]
[    0.415426] pci 0000:00:16.4:   bridge window [mem 0xcb500000-0xcb5fffff]
[    0.415450] pci 0000:00:16.4:   bridge window [mem 0xd9b00000-0xd9bfffff 64bit pref]
[    0.415498] pci 0000:00:16.5: PCI bridge to [bus 10-10]
[    0.415532] pci 0000:00:16.5:   bridge window [mem 0xcb900000-0xcb9fffff]
[    0.415556] pci 0000:00:16.5:   bridge window [mem 0xd9f00000-0xd9ffffff 64bit pref]
[    0.415604] pci 0000:00:16.6: PCI bridge to [bus 11-11]
[    0.415638] pci 0000:00:16.6:   bridge window [mem 0xcbd00000-0xcbdfffff]
[    0.415662] pci 0000:00:16.6:   bridge window [mem 0xda300000-0xda3fffff 64bit pref]
[    0.415710] pci 0000:00:16.7: PCI bridge to [bus 12-12]
[    0.415745] pci 0000:00:16.7:   bridge window [mem 0xcc100000-0xcc1fffff]
[    0.415768] pci 0000:00:16.7:   bridge window [mem 0xda700000-0xda7fffff 64bit pref]
[    0.415817] pci 0000:00:17.0: PCI bridge to [bus 13-13]
[    0.415830] pci 0000:00:17.0:   bridge window [io  0x6000-0x6fff]
[    0.415865] pci 0000:00:17.0:   bridge window [mem 0xca600000-0xca6fffff]
[    0.415888] pci 0000:00:17.0:   bridge window [mem 0xd8c00000-0xd8cfffff 64bit pref]
[    0.415937] pci 0000:00:17.1: PCI bridge to [bus 14-14]
[    0.415952] pci 0000:00:17.1:   bridge window [io  0xa000-0xafff]
[    0.415986] pci 0000:00:17.1:   bridge window [mem 0xcaa00000-0xcaafffff]
[    0.416010] pci 0000:00:17.1:   bridge window [mem 0xd9000000-0xd90fffff 64bit pref]
[    0.416058] pci 0000:00:17.2: PCI bridge to [bus 15-15]
[    0.416072] pci 0000:00:17.2:   bridge window [io  0xe000-0xefff]
[    0.416106] pci 0000:00:17.2:   bridge window [mem 0xcae00000-0xcaefffff]
[    0.416130] pci 0000:00:17.2:   bridge window [mem 0xd9400000-0xd94fffff 64bit pref]
[    0.416178] pci 0000:00:17.3: PCI bridge to [bus 16-16]
[    0.416213] pci 0000:00:17.3:   bridge window [mem 0xcb200000-0xcb2fffff]
[    0.416236] pci 0000:00:17.3:   bridge window [mem 0xd9800000-0xd98fffff 64bit pref]
[    0.416285] pci 0000:00:17.4: PCI bridge to [bus 17-17]
[    0.416319] pci 0000:00:17.4:   bridge window [mem 0xcb600000-0xcb6fffff]
[    0.416343] pci 0000:00:17.4:   bridge window [mem 0xd9c00000-0xd9cfffff 64bit pref]
[    0.416391] pci 0000:00:17.5: PCI bridge to [bus 18-18]
[    0.416425] pci 0000:00:17.5:   bridge window [mem 0xcba00000-0xcbafffff]
[    0.416449] pci 0000:00:17.5:   bridge window [mem 0xda000000-0xda0fffff 64bit pref]
[    0.416497] pci 0000:00:17.6: PCI bridge to [bus 19-19]
[    0.416532] pci 0000:00:17.6:   bridge window [mem 0xcbe00000-0xcbefffff]
[    0.416555] pci 0000:00:17.6:   bridge window [mem 0xda400000-0xda4fffff 64bit pref]
[    0.416604] pci 0000:00:17.7: PCI bridge to [bus 1a-1a]
[    0.416637] pci 0000:00:17.7:   bridge window [mem 0xcc200000-0xcc2fffff]
[    0.416661] pci 0000:00:17.7:   bridge window [mem 0xda800000-0xda8fffff 64bit pref]
[    0.416710] pci 0000:00:18.0: PCI bridge to [bus 1b-1b]
[    0.416724] pci 0000:00:18.0:   bridge window [io  0x7000-0x7fff]
[    0.416758] pci 0000:00:18.0:   bridge window [mem 0xca700000-0xca7fffff]
[    0.416781] pci 0000:00:18.0:   bridge window [mem 0xd8d00000-0xd8dfffff 64bit pref]
[    0.416830] pci 0000:00:18.1: PCI bridge to [bus 1c-1c]
[    0.416844] pci 0000:00:18.1:   bridge window [io  0xb000-0xbfff]
[    0.416878] pci 0000:00:18.1:   bridge window [mem 0xcab00000-0xcabfffff]
[    0.416901] pci 0000:00:18.1:   bridge window [mem 0xd9100000-0xd91fffff 64bit pref]
[    0.416953] pci 0000:00:18.2: PCI bridge to [bus 1d-1d]
[    0.416992] pci 0000:00:18.2:   bridge window [mem 0xcaf00000-0xcaffffff]
[    0.417016] pci 0000:00:18.2:   bridge window [mem 0xd9500000-0xd95fffff 64bit pref]
[    0.417065] pci 0000:00:18.3: PCI bridge to [bus 1e-1e]
[    0.417099] pci 0000:00:18.3:   bridge window [mem 0xcb300000-0xcb3fffff]
[    0.417123] pci 0000:00:18.3:   bridge window [mem 0xd9900000-0xd99fffff 64bit pref]
[    0.417172] pci 0000:00:18.4: PCI bridge to [bus 1f-1f]
[    0.417206] pci 0000:00:18.4:   bridge window [mem 0xcb700000-0xcb7fffff]
[    0.417230] pci 0000:00:18.4:   bridge window [mem 0xd9d00000-0xd9dfffff 64bit pref]
[    0.417278] pci 0000:00:18.5: PCI bridge to [bus 20-20]
[    0.417313] pci 0000:00:18.5:   bridge window [mem 0xcbb00000-0xcbbfffff]
[    0.417336] pci 0000:00:18.5:   bridge window [mem 0xda100000-0xda1fffff 64bit pref]
[    0.417385] pci 0000:00:18.6: PCI bridge to [bus 21-21]
[    0.417419] pci 0000:00:18.6:   bridge window [mem 0xcbf00000-0xcbffffff]
[    0.417442] pci 0000:00:18.6:   bridge window [mem 0xda500000-0xda5fffff 64bit pref]
[    0.417491] pci 0000:00:18.7: PCI bridge to [bus 22-22]
[    0.417525] pci 0000:00:18.7:   bridge window [mem 0xcc300000-0xcc3fffff]
[    0.417549] pci 0000:00:18.7:   bridge window [mem 0xda900000-0xda9fffff 64bit pref]
[    0.417645] pci 0000:00:01.0: setting latency timer to 64
[    0.417735] pci 0000:00:15.0: setting latency timer to 64
[    0.417790] pci 0000:00:15.1: setting latency timer to 64
[    0.417846] pci 0000:00:15.2: setting latency timer to 64
[    0.417903] pci 0000:00:15.3: setting latency timer to 64
[    0.417960] pci 0000:00:15.4: setting latency timer to 64
[    0.418016] pci 0000:00:15.5: setting latency timer to 64
[    0.418072] pci 0000:00:15.6: setting latency timer to 64
[    0.418129] pci 0000:00:15.7: setting latency timer to 64
[    0.418184] pci 0000:00:16.0: setting latency timer to 64
[    0.418240] pci 0000:00:16.1: setting latency timer to 64
[    0.418297] pci 0000:00:16.2: setting latency timer to 64
[    0.418352] pci 0000:00:16.3: setting latency timer to 64
[    0.418408] pci 0000:00:16.4: setting latency timer to 64
[    0.418464] pci 0000:00:16.5: setting latency timer to 64
[    0.418520] pci 0000:00:16.6: setting latency timer to 64
[    0.418576] pci 0000:00:16.7: setting latency timer to 64
[    0.418632] pci 0000:00:17.0: setting latency timer to 64
[    0.418688] pci 0000:00:17.1: setting latency timer to 64
[    0.418744] pci 0000:00:17.2: setting latency timer to 64
[    0.418800] pci 0000:00:17.3: setting latency timer to 64
[    0.418856] pci 0000:00:17.4: setting latency timer to 64
[    0.418912] pci 0000:00:17.5: setting latency timer to 64
[    0.418977] pci 0000:00:17.6: setting latency timer to 64
[    0.419034] pci 0000:00:17.7: setting latency timer to 64
[    0.419090] pci 0000:00:18.0: setting latency timer to 64
[    0.419146] pci 0000:00:18.1: setting latency timer to 64
[    0.419202] pci 0000:00:18.2: setting latency timer to 64
[    0.419258] pci 0000:00:18.3: setting latency timer to 64
[    0.419314] pci 0000:00:18.4: setting latency timer to 64
[    0.419370] pci 0000:00:18.5: setting latency timer to 64
[    0.419427] pci 0000:00:18.6: setting latency timer to 64
[    0.419483] pci 0000:00:18.7: setting latency timer to 64
[    0.419497] pci_bus 0000:00: resource 4 [mem 0x000a0000-0x000bffff]
[    0.419499] pci_bus 0000:00: resource 5 [mem 0x000cc000-0x000cffff]
[    0.419501] pci_bus 0000:00: resource 6 [mem 0x000d0000-0x000d3fff]
[    0.419503] pci_bus 0000:00: resource 7 [mem 0x000d4000-0x000d7fff]
[    0.419505] pci_bus 0000:00: resource 8 [mem 0x000d8000-0x000dbfff]
[    0.419507] pci_bus 0000:00: resource 9 [mem 0xc0000000-0xfebfffff]
[    0.419509] pci_bus 0000:00: resource 10 [io  0x0000-0x0cf7]
[    0.419512] pci_bus 0000:00: resource 11 [io  0x0d00-0xfeff]
[    0.419514] pci_bus 0000:02: resource 0 [io  0x2000-0x3fff]
[    0.419516] pci_bus 0000:02: resource 1 [mem 0xc9000000-0xca3fffff]
[    0.419518] pci_bus 0000:02: resource 2 [mem 0xd8400000-0xd89fffff 64bit pref]
[    0.419520] pci_bus 0000:02: resource 4 [mem 0x000a0000-0x000bffff]
[    0.419522] pci_bus 0000:02: resource 5 [mem 0x000cc000-0x000cffff]
[    0.419524] pci_bus 0000:02: resource 6 [mem 0x000d0000-0x000d3fff]
[    0.419526] pci_bus 0000:02: resource 7 [mem 0x000d4000-0x000d7fff]
[    0.419529] pci_bus 0000:02: resource 8 [mem 0x000d8000-0x000dbfff]
[    0.419531] pci_bus 0000:02: resource 9 [mem 0xc0000000-0xfebfffff]
[    0.419533] pci_bus 0000:02: resource 10 [io  0x0000-0x0cf7]
[    0.419535] pci_bus 0000:02: resource 11 [io  0x0d00-0xfeff]
[    0.419537] pci_bus 0000:03: resource 0 [io  0x4000-0x4fff]
[    0.419539] pci_bus 0000:03: resource 1 [mem 0xca400000-0xca4fffff]
[    0.419541] pci_bus 0000:03: resource 2 [mem 0xd8a00000-0xd8afffff 64bit pref]
[    0.419543] pci_bus 0000:04: resource 0 [io  0x8000-0x8fff]
[    0.419545] pci_bus 0000:04: resource 1 [mem 0xca800000-0xca8fffff]
[    0.419547] pci_bus 0000:04: resource 2 [mem 0xd8e00000-0xd8efffff 64bit pref]
[    0.419549] pci_bus 0000:05: resource 0 [io  0xc000-0xcfff]
[    0.419551] pci_bus 0000:05: resource 1 [mem 0xcac00000-0xcacfffff]
[    0.419553] pci_bus 0000:05: resource 2 [mem 0xd9200000-0xd92fffff 64bit pref]
[    0.419556] pci_bus 0000:06: resource 1 [mem 0xcb000000-0xcb0fffff]
[    0.419558] pci_bus 0000:06: resource 2 [mem 0xd9600000-0xd96fffff 64bit pref]
[    0.419560] pci_bus 0000:07: resource 1 [mem 0xcb400000-0xcb4fffff]
[    0.419562] pci_bus 0000:07: resource 2 [mem 0xd9a00000-0xd9afffff 64bit pref]
[    0.419565] pci_bus 0000:08: resource 1 [mem 0xcb800000-0xcb8fffff]
[    0.419567] pci_bus 0000:08: resource 2 [mem 0xd9e00000-0xd9efffff 64bit pref]
[    0.419569] pci_bus 0000:09: resource 1 [mem 0xcbc00000-0xcbcfffff]
[    0.419571] pci_bus 0000:09: resource 2 [mem 0xda200000-0xda2fffff 64bit pref]
[    0.419573] pci_bus 0000:0a: resource 1 [mem 0xcc000000-0xcc0fffff]
[    0.419575] pci_bus 0000:0a: resource 2 [mem 0xda600000-0xda6fffff 64bit pref]
[    0.419578] pci_bus 0000:0b: resource 0 [io  0x5000-0x5fff]
[    0.419580] pci_bus 0000:0b: resource 1 [mem 0xca500000-0xca5fffff]
[    0.419582] pci_bus 0000:0b: resource 2 [mem 0xd8b00000-0xd8bfffff 64bit pref]
[    0.419584] pci_bus 0000:0c: resource 0 [io  0x9000-0x9fff]
[    0.419586] pci_bus 0000:0c: resource 1 [mem 0xca900000-0xca9fffff]
[    0.419588] pci_bus 0000:0c: resource 2 [mem 0xd8f00000-0xd8ffffff 64bit pref]
[    0.419590] pci_bus 0000:0d: resource 0 [io  0xd000-0xdfff]
[    0.419592] pci_bus 0000:0d: resource 1 [mem 0xcad00000-0xcadfffff]
[    0.419594] pci_bus 0000:0d: resource 2 [mem 0xd9300000-0xd93fffff 64bit pref]
[    0.419597] pci_bus 0000:0e: resource 1 [mem 0xcb100000-0xcb1fffff]
[    0.419599] pci_bus 0000:0e: resource 2 [mem 0xd9700000-0xd97fffff 64bit pref]
[    0.419601] pci_bus 0000:0f: resource 1 [mem 0xcb500000-0xcb5fffff]
[    0.419603] pci_bus 0000:0f: resource 2 [mem 0xd9b00000-0xd9bfffff 64bit pref]
[    0.419605] pci_bus 0000:10: resource 1 [mem 0xcb900000-0xcb9fffff]
[    0.419608] pci_bus 0000:10: resource 2 [mem 0xd9f00000-0xd9ffffff 64bit pref]
[    0.419610] pci_bus 0000:11: resource 1 [mem 0xcbd00000-0xcbdfffff]
[    0.419612] pci_bus 0000:11: resource 2 [mem 0xda300000-0xda3fffff 64bit pref]
[    0.419614] pci_bus 0000:12: resource 1 [mem 0xcc100000-0xcc1fffff]
[    0.419616] pci_bus 0000:12: resource 2 [mem 0xda700000-0xda7fffff 64bit pref]
[    0.419619] pci_bus 0000:13: resource 0 [io  0x6000-0x6fff]
[    0.419621] pci_bus 0000:13: resource 1 [mem 0xca600000-0xca6fffff]
[    0.419623] pci_bus 0000:13: resource 2 [mem 0xd8c00000-0xd8cfffff 64bit pref]
[    0.419625] pci_bus 0000:14: resource 0 [io  0xa000-0xafff]
[    0.419627] pci_bus 0000:14: resource 1 [mem 0xcaa00000-0xcaafffff]
[    0.419629] pci_bus 0000:14: resource 2 [mem 0xd9000000-0xd90fffff 64bit pref]
[    0.419631] pci_bus 0000:15: resource 0 [io  0xe000-0xefff]
[    0.419633] pci_bus 0000:15: resource 1 [mem 0xcae00000-0xcaefffff]
[    0.419635] pci_bus 0000:15: resource 2 [mem 0xd9400000-0xd94fffff 64bit pref]
[    0.419638] pci_bus 0000:16: resource 1 [mem 0xcb200000-0xcb2fffff]
[    0.419640] pci_bus 0000:16: resource 2 [mem 0xd9800000-0xd98fffff 64bit pref]
[    0.419642] pci_bus 0000:17: resource 1 [mem 0xcb600000-0xcb6fffff]
[    0.419644] pci_bus 0000:17: resource 2 [mem 0xd9c00000-0xd9cfffff 64bit pref]
[    0.419646] pci_bus 0000:18: resource 1 [mem 0xcba00000-0xcbafffff]
[    0.419649] pci_bus 0000:18: resource 2 [mem 0xda000000-0xda0fffff 64bit pref]
[    0.419651] pci_bus 0000:19: resource 1 [mem 0xcbe00000-0xcbefffff]
[    0.419653] pci_bus 0000:19: resource 2 [mem 0xda400000-0xda4fffff 64bit pref]
[    0.419655] pci_bus 0000:1a: resource 1 [mem 0xcc200000-0xcc2fffff]
[    0.419657] pci_bus 0000:1a: resource 2 [mem 0xda800000-0xda8fffff 64bit pref]
[    0.419659] pci_bus 0000:1b: resource 0 [io  0x7000-0x7fff]
[    0.419661] pci_bus 0000:1b: resource 1 [mem 0xca700000-0xca7fffff]
[    0.419664] pci_bus 0000:1b: resource 2 [mem 0xd8d00000-0xd8dfffff 64bit pref]
[    0.419666] pci_bus 0000:1c: resource 0 [io  0xb000-0xbfff]
[    0.419668] pci_bus 0000:1c: resource 1 [mem 0xcab00000-0xcabfffff]
[    0.419670] pci_bus 0000:1c: resource 2 [mem 0xd9100000-0xd91fffff 64bit pref]
[    0.419672] pci_bus 0000:1d: resource 1 [mem 0xcaf00000-0xcaffffff]
[    0.419674] pci_bus 0000:1d: resource 2 [mem 0xd9500000-0xd95fffff 64bit pref]
[    0.419676] pci_bus 0000:1e: resource 1 [mem 0xcb300000-0xcb3fffff]
[    0.419678] pci_bus 0000:1e: resource 2 [mem 0xd9900000-0xd99fffff 64bit pref]
[    0.419681] pci_bus 0000:1f: resource 1 [mem 0xcb700000-0xcb7fffff]
[    0.419683] pci_bus 0000:1f: resource 2 [mem 0xd9d00000-0xd9dfffff 64bit pref]
[    0.419685] pci_bus 0000:20: resource 1 [mem 0xcbb00000-0xcbbfffff]
[    0.419687] pci_bus 0000:20: resource 2 [mem 0xda100000-0xda1fffff 64bit pref]
[    0.419689] pci_bus 0000:21: resource 1 [mem 0xcbf00000-0xcbffffff]
[    0.419691] pci_bus 0000:21: resource 2 [mem 0xda500000-0xda5fffff 64bit pref]
[    0.419693] pci_bus 0000:22: resource 1 [mem 0xcc300000-0xcc3fffff]
[    0.419696] pci_bus 0000:22: resource 2 [mem 0xda900000-0xda9fffff 64bit pref]
[    0.419728] NET: Registered protocol family 2
[    0.419767] IP route cache hash table entries: 32768 (order: 5, 131072 bytes)
[    0.419895] TCP established hash table entries: 131072 (order: 8, 1048576 bytes)
[    0.420024] TCP bind hash table entries: 65536 (order: 7, 524288 bytes)
[    0.420152] TCP: Hash tables configured (established 131072 bind 65536)
[    0.420155] TCP reno registered
[    0.420158] UDP hash table entries: 512 (order: 2, 16384 bytes)
[    0.420165] UDP-Lite hash table entries: 512 (order: 2, 16384 bytes)
[    0.420203] NET: Registered protocol family 1
[    0.420211] pci 0000:00:00.0: Limiting direct PCI/PCI transfers
[    0.420302] pci 0000:00:0f.0: Boot video device
[    0.420431] ACPI: PCI Interrupt Link [LNKC] enabled at IRQ 10
[    0.420434] PCI: setting IRQ 10 as level-triggered
[    0.420441] pci 0000:02:00.0: PCI INT A -> Link[LNKC] -> GSI 10 (level, low) -> IRQ 10
[    0.420556] pci 0000:02:00.0: PCI INT A disabled
[    0.420685] ACPI: PCI Interrupt Link [LNKB] enabled at IRQ 11
[    0.420687] PCI: setting IRQ 11 as level-triggered
[    0.420691] pci 0000:02:03.0: PCI INT A -> Link[LNKB] -> GSI 11 (level, low) -> IRQ 11
[    0.420755] pci 0000:02:03.0: PCI INT A disabled
[    0.420770] PCI: CLS 32 bytes, default 64
[    0.420811] Simple Boot Flag at 0x36 set to 0x1
[    0.420815] Switching to clocksource tsc
[    0.421030] audit: initializing netlink socket (disabled)
[    0.421037] type=2000 audit(1369653967.403:1): initialized
[    0.433749] Trying to unpack rootfs image as initramfs...
[    0.453605] highmem bounce pool size: 64 pages
[    0.453610] HugeTLB registered 2 MB page size, pre-allocated 0 pages
[    0.457652] VFS: Disk quotas dquot_6.5.2
[    0.457716] Dquot-cache hash table entries: 1024 (order 0, 4096 bytes)
[    0.457921] fuse init (API version 7.17)
[    0.458005] msgmni has been set to 1710
[    0.469755] Block layer SCSI generic (bsg) driver version 0.4 loaded (major 253)
[    0.473539] io scheduler noop registered
[    0.473542] io scheduler deadline registered
[    0.473550] io scheduler cfq registered (default)
[    0.473679] pcieport 0000:00:15.0: setting latency timer to 64
[    0.473807] pcieport 0000:00:15.0: irq 40 for MSI/MSI-X
[    0.473936] pcieport 0000:00:15.1: setting latency timer to 64
[    0.474064] pcieport 0000:00:15.1: irq 41 for MSI/MSI-X
[    0.474192] pcieport 0000:00:15.2: setting latency timer to 64
[    0.474321] pcieport 0000:00:15.2: irq 42 for MSI/MSI-X
[    0.474449] pcieport 0000:00:15.3: setting latency timer to 64
[    0.474578] pcieport 0000:00:15.3: irq 43 for MSI/MSI-X
[    0.474706] pcieport 0000:00:15.4: setting latency timer to 64
[    0.474834] pcieport 0000:00:15.4: irq 44 for MSI/MSI-X
[    0.474963] pcieport 0000:00:15.5: setting latency timer to 64
[    0.475091] pcieport 0000:00:15.5: irq 45 for MSI/MSI-X
[    0.475220] pcieport 0000:00:15.6: setting latency timer to 64
[    0.475348] pcieport 0000:00:15.6: irq 46 for MSI/MSI-X
[    0.475477] pcieport 0000:00:15.7: setting latency timer to 64
[    0.475605] pcieport 0000:00:15.7: irq 47 for MSI/MSI-X
[    0.475733] pcieport 0000:00:16.0: setting latency timer to 64
[    0.475862] pcieport 0000:00:16.0: irq 48 for MSI/MSI-X
[    0.475990] pcieport 0000:00:16.1: setting latency timer to 64
[    0.476119] pcieport 0000:00:16.1: irq 49 for MSI/MSI-X
[    0.476247] pcieport 0000:00:16.2: setting latency timer to 64
[    0.476375] pcieport 0000:00:16.2: irq 50 for MSI/MSI-X
[    0.476504] pcieport 0000:00:16.3: setting latency timer to 64
[    0.476632] pcieport 0000:00:16.3: irq 51 for MSI/MSI-X
[    0.476761] pcieport 0000:00:16.4: setting latency timer to 64
[    0.476889] pcieport 0000:00:16.4: irq 52 for MSI/MSI-X
[    0.477594] pcieport 0000:00:16.5: setting latency timer to 64
[    0.477827] pcieport 0000:00:16.5: irq 53 for MSI/MSI-X
[    0.477955] pcieport 0000:00:16.6: setting latency timer to 64
[    0.478084] pcieport 0000:00:16.6: irq 54 for MSI/MSI-X
[    0.478212] pcieport 0000:00:16.7: setting latency timer to 64
[    0.478341] pcieport 0000:00:16.7: irq 55 for MSI/MSI-X
[    0.478469] pcieport 0000:00:17.0: setting latency timer to 64
[    0.478597] pcieport 0000:00:17.0: irq 56 for MSI/MSI-X
[    0.478726] pcieport 0000:00:17.1: setting latency timer to 64
[    0.478854] pcieport 0000:00:17.1: irq 57 for MSI/MSI-X
[    0.478983] pcieport 0000:00:17.2: setting latency timer to 64
[    0.479111] pcieport 0000:00:17.2: irq 58 for MSI/MSI-X
[    0.479239] pcieport 0000:00:17.3: setting latency timer to 64
[    0.479368] pcieport 0000:00:17.3: irq 59 for MSI/MSI-X
[    0.479496] pcieport 0000:00:17.4: setting latency timer to 64
[    0.479625] pcieport 0000:00:17.4: irq 60 for MSI/MSI-X
[    0.479753] pcieport 0000:00:17.5: setting latency timer to 64
[    0.479881] pcieport 0000:00:17.5: irq 61 for MSI/MSI-X
[    0.480010] pcieport 0000:00:17.6: setting latency timer to 64
[    0.480138] pcieport 0000:00:17.6: irq 62 for MSI/MSI-X
[    0.480267] pcieport 0000:00:17.7: setting latency timer to 64
[    0.480395] pcieport 0000:00:17.7: irq 63 for MSI/MSI-X
[    0.480524] pcieport 0000:00:18.0: setting latency timer to 64
[    0.480652] pcieport 0000:00:18.0: irq 64 for MSI/MSI-X
[    0.480780] pcieport 0000:00:18.1: setting latency timer to 64
[    0.480909] pcieport 0000:00:18.1: irq 65 for MSI/MSI-X
[    0.481569] pcieport 0000:00:18.2: setting latency timer to 64
[    0.485731] pcieport 0000:00:18.2: irq 66 for MSI/MSI-X
[    0.485859] pcieport 0000:00:18.3: setting latency timer to 64
[    0.485988] pcieport 0000:00:18.3: irq 67 for MSI/MSI-X
[    0.486116] pcieport 0000:00:18.4: setting latency timer to 64
[    0.486245] pcieport 0000:00:18.4: irq 68 for MSI/MSI-X
[    0.486373] pcieport 0000:00:18.5: setting latency timer to 64
[    0.486501] pcieport 0000:00:18.5: irq 69 for MSI/MSI-X
[    0.486630] pcieport 0000:00:18.6: setting latency timer to 64
[    0.486758] pcieport 0000:00:18.6: irq 70 for MSI/MSI-X
[    0.486887] pcieport 0000:00:18.7: setting latency timer to 64
[    0.487015] pcieport 0000:00:18.7: irq 71 for MSI/MSI-X
[    0.487143] pcieport 0000:00:15.0: Signaling PME through PCIe PME interrupt
[    0.487169] pcie_pme 0000:00:15.0:pcie01: service driver pcie_pme loaded
[    0.487292] pcieport 0000:00:15.1: Signaling PME through PCIe PME interrupt
[    0.487317] pcie_pme 0000:00:15.1:pcie01: service driver pcie_pme loaded
[    0.487436] pcieport 0000:00:15.2: Signaling PME through PCIe PME interrupt
[    0.487461] pcie_pme 0000:00:15.2:pcie01: service driver pcie_pme loaded
[    0.487585] pcieport 0000:00:15.3: Signaling PME through PCIe PME interrupt
[    0.487611] pcie_pme 0000:00:15.3:pcie01: service driver pcie_pme loaded
[    0.487730] pcieport 0000:00:15.4: Signaling PME through PCIe PME interrupt
[    0.487755] pcie_pme 0000:00:15.4:pcie01: service driver pcie_pme loaded
[    0.487873] pcieport 0000:00:15.5: Signaling PME through PCIe PME interrupt
[    0.487898] pcie_pme 0000:00:15.5:pcie01: service driver pcie_pme loaded
[    0.488017] pcieport 0000:00:15.6: Signaling PME through PCIe PME interrupt
[    0.488041] pcie_pme 0000:00:15.6:pcie01: service driver pcie_pme loaded
[    0.488160] pcieport 0000:00:15.7: Signaling PME through PCIe PME interrupt
[    0.488184] pcie_pme 0000:00:15.7:pcie01: service driver pcie_pme loaded
[    0.488311] pcieport 0000:00:16.0: Signaling PME through PCIe PME interrupt
[    0.488336] pcie_pme 0000:00:16.0:pcie01: service driver pcie_pme loaded
[    0.488454] pcieport 0000:00:16.1: Signaling PME through PCIe PME interrupt
[    0.488479] pcie_pme 0000:00:16.1:pcie01: service driver pcie_pme loaded
[    0.488601] pcieport 0000:00:16.2: Signaling PME through PCIe PME interrupt
[    0.488626] pcie_pme 0000:00:16.2:pcie01: service driver pcie_pme loaded
[    0.488744] pcieport 0000:00:16.3: Signaling PME through PCIe PME interrupt
[    0.488769] pcie_pme 0000:00:16.3:pcie01: service driver pcie_pme loaded
[    0.488887] pcieport 0000:00:16.4: Signaling PME through PCIe PME interrupt
[    0.488912] pcie_pme 0000:00:16.4:pcie01: service driver pcie_pme loaded
[    0.489030] pcieport 0000:00:16.5: Signaling PME through PCIe PME interrupt
[    0.489055] pcie_pme 0000:00:16.5:pcie01: service driver pcie_pme loaded
[    0.489173] pcieport 0000:00:16.6: Signaling PME through PCIe PME interrupt
[    0.489198] pcie_pme 0000:00:16.6:pcie01: service driver pcie_pme loaded
[    0.489318] pcieport 0000:00:16.7: Signaling PME through PCIe PME interrupt
[    0.489343] pcie_pme 0000:00:16.7:pcie01: service driver pcie_pme loaded
[    0.489462] pcieport 0000:00:17.0: Signaling PME through PCIe PME interrupt
[    0.489516] pcie_pme 0000:00:17.0:pcie01: service driver pcie_pme loaded
[    0.493636] pcieport 0000:00:17.1: Signaling PME through PCIe PME interrupt
[    0.493662] pcie_pme 0000:00:17.1:pcie01: service driver pcie_pme loaded
[    0.493783] pcieport 0000:00:17.2: Signaling PME through PCIe PME interrupt
[    0.493808] pcie_pme 0000:00:17.2:pcie01: service driver pcie_pme loaded
[    0.493927] pcieport 0000:00:17.3: Signaling PME through PCIe PME interrupt
[    0.493952] pcie_pme 0000:00:17.3:pcie01: service driver pcie_pme loaded
[    0.494071] pcieport 0000:00:17.4: Signaling PME through PCIe PME interrupt
[    0.494096] pcie_pme 0000:00:17.4:pcie01: service driver pcie_pme loaded
[    0.494215] pcieport 0000:00:17.5: Signaling PME through PCIe PME interrupt
[    0.494240] pcie_pme 0000:00:17.5:pcie01: service driver pcie_pme loaded
[    0.494360] pcieport 0000:00:17.6: Signaling PME through PCIe PME interrupt
[    0.494385] pcie_pme 0000:00:17.6:pcie01: service driver pcie_pme loaded
[    0.494504] pcieport 0000:00:17.7: Signaling PME through PCIe PME interrupt
[    0.494530] pcie_pme 0000:00:17.7:pcie01: service driver pcie_pme loaded
[    0.494648] pcieport 0000:00:18.0: Signaling PME through PCIe PME interrupt
[    0.494673] pcie_pme 0000:00:18.0:pcie01: service driver pcie_pme loaded
[    0.494791] pcieport 0000:00:18.1: Signaling PME through PCIe PME interrupt
[    0.494816] pcie_pme 0000:00:18.1:pcie01: service driver pcie_pme loaded
[    0.494935] pcieport 0000:00:18.2: Signaling PME through PCIe PME interrupt
[    0.494961] pcie_pme 0000:00:18.2:pcie01: service driver pcie_pme loaded
[    0.495079] pcieport 0000:00:18.3: Signaling PME through PCIe PME interrupt
[    0.495104] pcie_pme 0000:00:18.3:pcie01: service driver pcie_pme loaded
[    0.495222] pcieport 0000:00:18.4: Signaling PME through PCIe PME interrupt
[    0.495247] pcie_pme 0000:00:18.4:pcie01: service driver pcie_pme loaded
[    0.495366] pcieport 0000:00:18.5: Signaling PME through PCIe PME interrupt
[    0.495391] pcie_pme 0000:00:18.5:pcie01: service driver pcie_pme loaded
[    0.495518] pcieport 0000:00:18.6: Signaling PME through PCIe PME interrupt
[    0.495543] pcie_pme 0000:00:18.6:pcie01: service driver pcie_pme loaded
[    0.495661] pcieport 0000:00:18.7: Signaling PME through PCIe PME interrupt
[    0.495686] pcie_pme 0000:00:18.7:pcie01: service driver pcie_pme loaded
[    0.495706] pci_hotplug: PCI Hot Plug PCI Core version: 0.5
[    0.495834] pciehp 0000:00:15.0:pcie04: HPC vendor_id 15ad device_id 7a0 ss_vid 15ad ss_did 7a0
[    0.495903] pciehp 0000:00:15.0:pcie04: service driver pciehp loaded
[    0.495973] pciehp 0000:00:15.1:pcie04: HPC vendor_id 15ad device_id 7a0 ss_vid 15ad ss_did 7a0
[    0.496039] pciehp 0000:00:15.1:pcie04: service driver pciehp loaded
[    0.496123] pciehp 0000:00:15.2:pcie04: HPC vendor_id 15ad device_id 7a0 ss_vid 15ad ss_did 7a0
[    0.496191] pciehp 0000:00:15.2:pcie04: service driver pciehp loaded
[    0.496261] pciehp 0000:00:15.3:pcie04: HPC vendor_id 15ad device_id 7a0 ss_vid 15ad ss_did 7a0
[    0.496329] pciehp 0000:00:15.3:pcie04: service driver pciehp loaded
[    0.496399] pciehp 0000:00:15.4:pcie04: HPC vendor_id 15ad device_id 7a0 ss_vid 15ad ss_did 7a0
[    0.496463] pciehp 0000:00:15.4:pcie04: service driver pciehp loaded
[    0.496533] pciehp 0000:00:15.5:pcie04: HPC vendor_id 15ad device_id 7a0 ss_vid 15ad ss_did 7a0
[    0.496601] pciehp 0000:00:15.5:pcie04: service driver pciehp loaded
[    0.496671] pciehp 0000:00:15.6:pcie04: HPC vendor_id 15ad device_id 7a0 ss_vid 15ad ss_did 7a0
[    0.496735] pciehp 0000:00:15.6:pcie04: service driver pciehp loaded
[    0.496805] pciehp 0000:00:15.7:pcie04: HPC vendor_id 15ad device_id 7a0 ss_vid 15ad ss_did 7a0
[    0.496869] pciehp 0000:00:15.7:pcie04: service driver pciehp loaded
[    0.496939] pciehp 0000:00:16.0:pcie04: HPC vendor_id 15ad device_id 7a0 ss_vid 15ad ss_did 7a0
[    0.497003] pciehp 0000:00:16.0:pcie04: service driver pciehp loaded
[    0.497085] pciehp 0000:00:16.1:pcie04: HPC vendor_id 15ad device_id 7a0 ss_vid 15ad ss_did 7a0
[    0.497150] pciehp 0000:00:16.1:pcie04: service driver pciehp loaded
[    0.497220] pciehp 0000:00:16.2:pcie04: HPC vendor_id 15ad device_id 7a0 ss_vid 15ad ss_did 7a0
[    0.497285] pciehp 0000:00:16.2:pcie04: service driver pciehp loaded
[    0.497358] pciehp 0000:00:16.3:pcie04: HPC vendor_id 15ad device_id 7a0 ss_vid 15ad ss_did 7a0
[    0.497423] pciehp 0000:00:16.3:pcie04: service driver pciehp loaded
[    0.501606] pciehp 0000:00:16.4:pcie04: HPC vendor_id 15ad device_id 7a0 ss_vid 15ad ss_did 7a0
[    0.501678] pciehp 0000:00:16.4:pcie04: service driver pciehp loaded
[    0.501750] pciehp 0000:00:16.5:pcie04: HPC vendor_id 15ad device_id 7a0 ss_vid 15ad ss_did 7a0
[    0.501817] pciehp 0000:00:16.5:pcie04: service driver pciehp loaded
[    0.501888] pciehp 0000:00:16.6:pcie04: HPC vendor_id 15ad device_id 7a0 ss_vid 15ad ss_did 7a0
[    0.501953] pciehp 0000:00:16.6:pcie04: service driver pciehp loaded
[    0.502024] pciehp 0000:00:16.7:pcie04: HPC vendor_id 15ad device_id 7a0 ss_vid 15ad ss_did 7a0
[    0.502089] pciehp 0000:00:16.7:pcie04: service driver pciehp loaded
[    0.502159] pciehp 0000:00:17.0:pcie04: HPC vendor_id 15ad device_id 7a0 ss_vid 15ad ss_did 7a0
[    0.502229] pciehp 0000:00:17.0:pcie04: service driver pciehp loaded
[    0.502299] pciehp 0000:00:17.1:pcie04: HPC vendor_id 15ad device_id 7a0 ss_vid 15ad ss_did 7a0
[    0.502364] pciehp 0000:00:17.1:pcie04: service driver pciehp loaded
[    0.502447] pciehp 0000:00:17.2:pcie04: HPC vendor_id 15ad device_id 7a0 ss_vid 15ad ss_did 7a0
[    0.502512] pciehp 0000:00:17.2:pcie04: service driver pciehp loaded
[    0.502583] pciehp 0000:00:17.3:pcie04: HPC vendor_id 15ad device_id 7a0 ss_vid 15ad ss_did 7a0
[    0.502648] pciehp 0000:00:17.3:pcie04: service driver pciehp loaded
[    0.502718] pciehp 0000:00:17.4:pcie04: HPC vendor_id 15ad device_id 7a0 ss_vid 15ad ss_did 7a0
[    0.502783] pciehp 0000:00:17.4:pcie04: service driver pciehp loaded
[    0.502854] pciehp 0000:00:17.5:pcie04: HPC vendor_id 15ad device_id 7a0 ss_vid 15ad ss_did 7a0
[    0.502921] pciehp 0000:00:17.5:pcie04: service driver pciehp loaded
[    0.502992] pciehp 0000:00:17.6:pcie04: HPC vendor_id 15ad device_id 7a0 ss_vid 15ad ss_did 7a0
[    0.503060] pciehp 0000:00:17.6:pcie04: service driver pciehp loaded
[    0.503130] pciehp 0000:00:17.7:pcie04: HPC vendor_id 15ad device_id 7a0 ss_vid 15ad ss_did 7a0
[    0.503195] pciehp 0000:00:17.7:pcie04: service driver pciehp loaded
[    0.503265] pciehp 0000:00:18.0:pcie04: HPC vendor_id 15ad device_id 7a0 ss_vid 15ad ss_did 7a0
[    0.503332] pciehp 0000:00:18.0:pcie04: service driver pciehp loaded
[    0.503403] pciehp 0000:00:18.1:pcie04: HPC vendor_id 15ad device_id 7a0 ss_vid 15ad ss_did 7a0
[    0.503492] pciehp 0000:00:18.1:pcie04: service driver pciehp loaded
[    0.503582] pciehp 0000:00:18.2:pcie04: HPC vendor_id 15ad device_id 7a0 ss_vid 15ad ss_did 7a0
[    0.503650] pciehp 0000:00:18.2:pcie04: service driver pciehp loaded
[    0.503721] pciehp 0000:00:18.3:pcie04: HPC vendor_id 15ad device_id 7a0 ss_vid 15ad ss_did 7a0
[    0.503786] pciehp 0000:00:18.3:pcie04: service driver pciehp loaded
[    0.503860] pciehp 0000:00:18.4:pcie04: HPC vendor_id 15ad device_id 7a0 ss_vid 15ad ss_did 7a0
[    0.503925] pciehp 0000:00:18.4:pcie04: service driver pciehp loaded
[    0.503996] pciehp 0000:00:18.5:pcie04: HPC vendor_id 15ad device_id 7a0 ss_vid 15ad ss_did 7a0
[    0.504061] pciehp 0000:00:18.5:pcie04: service driver pciehp loaded
[    0.504131] pciehp 0000:00:18.6:pcie04: HPC vendor_id 15ad device_id 7a0 ss_vid 15ad ss_did 7a0
[    0.504196] pciehp 0000:00:18.6:pcie04: service driver pciehp loaded
[    0.504267] pciehp 0000:00:18.7:pcie04: HPC vendor_id 15ad device_id 7a0 ss_vid 15ad ss_did 7a0
[    0.504332] pciehp 0000:00:18.7:pcie04: service driver pciehp loaded
[    0.504340] pciehp: PCI Express Hot Plug Controller Driver version: 0.4
[    0.504468] ACPI: Deprecated procfs I/F for AC is loaded, please retry with CONFIG_ACPI_PROCFS_POWER cleared
[    0.504567] ACPI: AC Adapter [ACAD] (on-line)
[    0.509785] input: Power Button as /devices/LNXSYSTM:00/LNXPWRBN:00/input/input0
[    0.509790] ACPI: Power Button [PWRF]
[    0.533618] ERST: Table is not found!
[    0.533622] GHES: HEST is not enabled!
[    0.533722] Serial: 8250/16550 driver, 32 ports, IRQ sharing enabled
[    0.557505] serial8250: ttyS0 at I/O 0x3f8 (irq = 4) is a 16550A
[    0.557541] isapnp: Scanning for PnP cards...
[    0.649553] serial8250: ttyS1 at I/O 0x2f8 (irq = 3) is a 16550A
[    0.693305] 00:0a: ttyS0 at I/O 0x3f8 (irq = 4) is a 16550A
[    0.781404] 00:0b: ttyS1 at I/O 0x2f8 (irq = 3) is a 16550A
[    0.801449] Linux agpgart interface v0.103
[    0.801554] agpgart-intel 0000:00:00.0: Intel 440BX Chipset
[    0.801715] agpgart-intel 0000:00:00.0: AGP aperture is 256M @ 0x0
[    0.802508] brd: module loaded
[    0.803043] loop: module loaded
[    0.803160] ata_piix 0000:00:07.1: version 2.13
[    0.852504] scsi0 : ata_piix
[    0.852586] scsi1 : ata_piix
[    0.852616] ata1: PATA max UDMA/33 cmd 0x1f0 ctl 0x3f6 bmdma 0x10c0 irq 14
[    0.852619] ata2: PATA max UDMA/33 cmd 0x170 ctl 0x376 bmdma 0x10c8 irq 15
[    0.852750] Fixed MDIO Bus: probed
[    0.852763] tun: Universal TUN/TAP device driver, 1.6
[    0.852765] tun: (C) 1999-2004 Max Krasnyansky <maxk@qualcomm.com>
[    0.852818] PPP generic driver version 2.4.2
[    0.852897] ehci_hcd: USB 2.0 'Enhanced' Host Controller (EHCI) Driver
[    0.852931] ehci_hcd 0000:02:03.0: PCI INT A -> Link[LNKB] -> GSI 11 (level, low) -> IRQ 11
[    0.852989] ehci_hcd 0000:02:03.0: EHCI Host Controller
[    0.853030] ehci_hcd 0000:02:03.0: new USB bus registered, assigned bus number 1
[    0.853138] ehci_hcd 0000:02:03.0: cache line size of 32 is not supported
[    0.853146] ehci_hcd 0000:02:03.0: irq 11, io mem 0xc9000000
[    0.897195] ehci_hcd 0000:02:03.0: USB 2.0 started, EHCI 1.00
[    0.972885] hub 1-0:1.0: USB hub found
[    0.972891] hub 1-0:1.0: 6 ports detected
[    0.972943] ohci_hcd: USB 1.1 'Open' Host Controller (OHCI) Driver
[    0.972958] uhci_hcd: USB Universal Host Controller Interface driver
[    0.973002] uhci_hcd 0000:02:00.0: PCI INT A -> Link[LNKC] -> GSI 10 (level, low) -> IRQ 10
[    0.973044] uhci_hcd 0000:02:00.0: UHCI Host Controller
[    0.973091] uhci_hcd 0000:02:00.0: new USB bus registered, assigned bus number 2
[    0.973200] uhci_hcd 0000:02:00.0: irq 10, io base 0x000020c0
[    0.973316] hub 2-0:1.0: USB hub found
[    0.973319] hub 2-0:1.0: 2 ports detected
[    0.973371] usbcore: registered new interface driver libusual
[    0.973423] i8042: PNP: PS/2 Controller [PNP0303:KBC,PNP0f13:MOUS] at 0x60,0x64 irq 1,12
[    0.973759] serio: i8042 KBD port at 0x60,0x64 irq 1
[    0.973766] serio: i8042 AUX port at 0x60,0x64 irq 12
[    0.973856] mousedev: PS/2 mouse device common for all mice
[    0.974137] rtc_cmos 00:04: rtc core: registered rtc_cmos as rtc0
[    0.974155] rtc0: alarms up to one month, y3k, 114 bytes nvram, hpet irqs
[    0.974200] device-mapper: uevent: version 1.0.3
[    0.974248] device-mapper: ioctl: 4.22.0-ioctl (2011-10-19) initialised: dm-devel@redhat.com
[    0.974271] EISA: Probing bus 0 at eisa.0
[    0.974273] EISA: Cannot allocate resource for mainboard
[    0.974275] Cannot allocate resource for EISA slot 1
[    0.974277] Cannot allocate resource for EISA slot 2
[    0.974278] Cannot allocate resource for EISA slot 3
[    0.974280] Cannot allocate resource for EISA slot 4
[    0.974281] Cannot allocate resource for EISA slot 5
[    0.974283] Cannot allocate resource for EISA slot 6
[    0.974284] Cannot allocate resource for EISA slot 7
[    0.974286] Cannot allocate resource for EISA slot 8
[    0.974288] EISA: Detected 0 cards.
[    0.974295] cpufreq-nforce2: No nForce2 chipset.
[    0.974297] cpuidle: using governor ladder
[    0.974298] cpuidle: using governor menu
[    0.974300] EFI Variables Facility v0.08 2004-May-17
[    0.974352] TCP cubic registered
[    0.974404] NET: Registered protocol family 10
[    0.974456] NET: Registered protocol family 17
[    0.974460] Registering the dns_resolver key type
[    0.974473] Using IPI No-Shortcut mode
[    0.974534] PM: Hibernation image not present or could not be loaded.
[    0.974542] registered taskstats version 1
[    0.975173] input: AT Translated Set 2 keyboard as /devices/platform/i8042/serio0/input/input1
[    0.980824] Freeing initrd memory: 13836k freed
[    1.064729]   Magic number: 13:562:429
[    1.064752] pciehp 0000:00:18.5:pcie04: hash matches
[    1.064757] pcie_pme 0000:00:17.2:pcie01: hash matches
[    1.084678] rtc_cmos 00:04: setting system clock to 2013-05-27 11:26:09 UTC (1369653969)
[    1.084784] BIOS EDD facility v0.16 2004-Jun-25, 0 devices found
[    1.084786] EDD information not available.
[    1.084867] ata2.00: ATAPI: VMware Virtual IDE CDROM Drive, 00000001, max UDMA/33
[    1.085145] ata2.00: configured for UDMA/33
[    1.172400] isapnp: No Plug & Play device found
[    1.172636] scsi 1:0:0:0: CD-ROM            NECVMWar VMware IDE CDR10 1.00 PQ: 0 ANSI: 5
[    1.173219] sr0: scsi3-mmc drive: 306x/306x cd/rw xa/form2 cdda tray
[    1.173222] cdrom: Uniform CD-ROM driver Revision: 3.20
[    1.173313] sr 1:0:0:0: Attached scsi CD-ROM sr0
[    1.173434] sr 1:0:0:0: Attached scsi generic sg0 type 5
[    1.173495] Freeing unused kernel memory: 740k freed
[    1.173547] Write protecting the kernel text: 5816k
[    1.173557] Write protecting the kernel read-only data: 2376k
[    1.173558] NX-protecting the kernel data: 4424k
[    1.184718] udevd[85]: starting version 175
[    1.204902] VMware vmxnet3 virtual NIC driver - version 1.1.29.0-k-NAPI
[    1.206701] VMware PVSCSI driver - version 1.0.1.0-k
[    1.211379] VMware vmxnet virtual NIC driver
[    1.211431] ACPI: PCI Interrupt Link [LNKD] enabled at IRQ 5
[    1.211434] PCI: setting IRQ 5 as level-triggered
[    1.211441] vmxnet 0000:02:01.0: PCI INT A -> Link[LNKD] -> GSI 5 (level, low) -> IRQ 5
[    1.211493] Found vmxnet/PCI at 0x2024, irq 5.
[    1.211545] features:
[    1.211556] numRxBuffers = 100, numRxBuffers2 = 1
[    1.211608] vmxnet 0000:02:01.0: eth0: set_features() failed (-1); wanted 0x00004000, left 0x00004800
[    1.233129] Fusion MPT base driver 3.04.20
[    1.233132] Copyright (c) 1999-2008 LSI Corporation
[    1.233336] Fusion MPT SPI Host driver 3.04.20
[    1.233385] mptspi 0000:00:10.0: PCI INT A -> Link[LNKB] -> GSI 11 (level, low) -> IRQ 11
[    1.239304] mptbase: ioc0: Initiating bringup
[    1.256907] Floppy drive(s): fd0 is 1.44M
[    1.272568] FDC 0 is a post-1991 82077
[    1.296324] usb 2-1: new full-speed USB device number 2 using uhci_hcd
[    1.308370] ioc0: LSI53C1030 B0: Capabilities={Initiator}
[    1.429387] input: VMware VMware Virtual USB Mouse as /devices/pci0000:00/0000:00:11.0/0000:02:00.0/usb2/2-1/2-1:1.0/input/input2
[    1.429553] generic-usb 0003:0E0F:0003.0001: input,hidraw0: USB HID v1.10 Mouse [VMware VMware Virtual USB Mouse] on usb-0000:02:00.0-1/input0
[    1.430130] input: VMware VMware Virtual USB Mouse as /devices/pci0000:00/0000:00:11.0/0000:02:00.0/usb2/2-1/2-1:1.1/input/input3
[    1.430277] generic-usb 0003:0E0F:0003.0002: input,hidraw1: USB HID v1.10 Mouse [VMware VMware Virtual USB Mouse] on usb-0000:02:00.0-1/input1
[    1.430407] usbcore: registered new interface driver usbhid
[    1.430409] usbhid: USB HID core driver
[    1.468150] scsi2 : ioc0: LSI53C1030 B0, FwRev=01032920h, Ports=1, MaxQ=128, IRQ=11
[    1.539973] usb 2-2: new full-speed USB device number 3 using uhci_hcd
[    1.580670] scsi 2:0:0:0: Direct-Access     VMware,  VMware Virtual S 1.0  PQ: 0 ANSI: 2
[    1.580679] scsi target2:0:0: Beginning Domain Validation
[    1.581251] scsi target2:0:0: Domain Validation skipping write tests
[    1.581254] scsi target2:0:0: Ending Domain Validation
[    1.581306] scsi target2:0:0: FAST-40 WIDE SCSI 80.0 MB/s ST (25 ns, offset 127)
[    1.583418] sd 2:0:0:0: [sda] 41943040 512-byte logical blocks: (21.4 GB/20.0 GiB)
[    1.583474] sd 2:0:0:0: [sda] Write Protect is off
[    1.583477] sd 2:0:0:0: [sda] Mode Sense: 61 00 00 00
[    1.583532] sd 2:0:0:0: [sda] Cache data unavailable
[    1.583535] sd 2:0:0:0: [sda] Assuming drive cache: write through
[    1.583838] sd 2:0:0:0: [sda] Cache data unavailable
[    1.583841] sd 2:0:0:0: [sda] Assuming drive cache: write through
[    1.584484] sd 2:0:0:0: Attached scsi generic sg1 type 0
[    1.585076]  sda: sda1 sda2 < sda5 >
[    1.585413] sd 2:0:0:0: [sda] Cache data unavailable
[    1.585416] sd 2:0:0:0: [sda] Assuming drive cache: write through
[    1.585419] sd 2:0:0:0: [sda] Attached SCSI disk
[    1.619671] EXT4-fs (sda1): INFO: recovery required on readonly filesystem
[    1.619676] EXT4-fs (sda1): write access will be enabled during recovery
[    1.680289] hub 2-2:1.0: USB hub found
[    1.682545] hub 2-2:1.0: 7 ports detected
[    1.768552] EXT4-fs (sda1): recovery complete
[    1.769087] EXT4-fs (sda1): mounted filesystem with ordered data mode. Opts: (null)
[    3.272401] ADDRCONF(NETDEV_UP): eth0: link is not ready
[    3.282892] udevd[329]: starting version 175
[    3.332992] lp: driver loaded but no devices found
[    3.374746] Adding 1046524k swap on /dev/sda5.  Priority:-1 extents:1 across:1046524k 
[    3.417654] shpchp: Standard Hot Plug PCI Controller Driver version: 0.4
[    3.421707] EXT4-fs (sda1): re-mounted. Opts: errors=remount-ro
[    3.559094] ppdev: user-space parallel port driver
[    3.559790] parport_pc 00:09: reported by Plug and Play ACPI
[    3.559935] parport0: PC-style at 0x378, irq 7 [PCSPP,TRISTATE]
[    3.571290] Bluetooth: Core ver 2.16
[    3.572114] NET: Registered protocol family 31
[    3.572118] Bluetooth: HCI device and connection manager initialized
[    3.572121] Bluetooth: HCI socket layer initialized
[    3.572123] Bluetooth: L2CAP socket layer initialized
[    3.572130] Bluetooth: SCO socket layer initialized
[    3.597068] Bluetooth: BNEP (Ethernet Emulation) ver 1.3
[    3.597071] Bluetooth: BNEP filters: protocol multicast
[    3.599063] Bluetooth: RFCOMM TTY layer initialized
[    3.599067] Bluetooth: RFCOMM socket layer initialized
[    3.599069] Bluetooth: RFCOMM ver 1.11
[    3.651523] [558]: VMCI: shared components initialized.
[    3.651556] Probing for vmci/PCI.
[    3.651700] ACPI: PCI Interrupt Link [LNKA] enabled at IRQ 9
[    3.651704] PCI: setting IRQ 9 as level-triggered
[    3.651710] vmci 0000:00:07.7: PCI INT A -> Link[LNKA] -> GSI 9 (level, low) -> IRQ 9
[    3.651758] Found vmci/PCI at 0x1080, irq 9.
[    3.651795] VMCI: using capabilities 0xc.
[    3.651875] [558]: VMCI: Host capability check passed.
[    3.652019] vmci 0000:00:07.7: irq 72 for MSI/MSI-X
[    3.652052] vmci 0000:00:07.7: irq 73 for MSI/MSI-X
[    3.652196] Registered vmci device.
[    3.673684] lp0: using parport0 (interrupt-driven).
[    3.677039] piix4_smbus 0000:00:07.3: Host SMBus controller not enabled!
[    3.677671] [558]: VMCI: Using guest personality
[    3.677676] [558]: VMCI: host components initialized.
[    3.678715] [558]: VMCI: Module registered (name=vmci,major=10,minor=57).
[    3.678719] [558]: VMCI: Using host personality
[    3.678722] [558]: VMCI: Module (name=vmci) is initialized
[    3.684968] type=1400 audit(1369653972.102:2): apparmor="STATUS" operation="profile_load" name="/usr/lib/cups/backend/cups-pdf" pid=586 comm="apparmor_parser"
[    3.685127] type=1400 audit(1369653972.102:3): apparmor="STATUS" operation="profile_load" name="/usr/sbin/cupsd" pid=586 comm="apparmor_parser"
[    3.713403] type=1400 audit(1369653972.130:4): apparmor="STATUS" operation="profile_load" name="/sbin/dhclient" pid=598 comm="apparmor_parser"
[    3.713578] type=1400 audit(1369653972.130:5): apparmor="STATUS" operation="profile_load" name="/usr/lib/NetworkManager/nm-dhcp-client.action" pid=598 comm="apparmor_parser"
[    3.713723] type=1400 audit(1369653972.130:6): apparmor="STATUS" operation="profile_load" name="/usr/lib/connman/scripts/dhclient-script" pid=598 comm="apparmor_parser"
[    3.868399] input: ImPS/2 Generic Wheel Mouse as /devices/platform/i8042/serio1/input/input4
[    4.017245] snd_ens1371 0000:02:02.0: PCI INT A -> Link[LNKA] -> GSI 9 (level, low) -> IRQ 9
[    4.058762] init: failsafe main process (673) killed by TERM signal
[    4.162232] type=1400 audit(1369653972.578:7): apparmor="STATUS" operation="profile_load" name="/usr/lib/lightdm/lightdm/lightdm-guest-session-wrapper" pid=790 comm="apparmor_parser"
[    4.164708] type=1400 audit(1369653972.582:8): apparmor="STATUS" operation="profile_replace" name="/sbin/dhclient" pid=791 comm="apparmor_parser"
[    4.164778] type=1400 audit(1369653972.582:9): apparmor="STATUS" operation="profile_replace" name="/usr/lib/NetworkManager/nm-dhcp-client.action" pid=791 comm="apparmor_parser"
[    4.164833] type=1400 audit(1369653972.582:10): apparmor="STATUS" operation="profile_replace" name="/usr/lib/connman/scripts/dhclient-script" pid=791 comm="apparmor_parser"
[    4.338131] init: alsa-restore main process (854) terminated with status 19
