[    0.000000] Initializing cgroup subsys cpuset
[    0.000000] Initializing cgroup subsys cpu
[    0.000000] Linux version 3.2.0-29-generic-pae (buildd@roseapple) (gcc version 4.6.3 (Ubuntu/Linaro 4.6.3-1ubuntu5) ) #46-Ubuntu SMP Fri Jul 27 17:25:43 UTC 2012 (Ubuntu 3.2.0-29.46-generic-pae 3.2.24)
[    0.000000] KERNEL supported cpus:
[    0.000000]   Intel GenuineIntel
[    0.000000]   AMD AuthenticAMD
[    0.000000]   NSC Geode by NSC
[    0.000000]   Cyrix CyrixInstead
[    0.000000]   Centaur CentaurHauls
[    0.000000]   Transmeta GenuineTMx86
[    0.000000]   Transmeta TransmetaCPU
[    0.000000]   UMC UMC UMC UMC
[    0.000000] Disabled fast string operations
[    0.000000] BIOS-provided physical RAM map:
[    0.000000]  BIOS-e820: 0000000000000000 - 000000000009f000 (usable)
[    0.000000]  BIOS-e820: 000000000009f000 - 00000000000a0000 (reserved)
[    0.000000]  BIOS-e820: 00000000000ca000 - 00000000000cc000 (reserved)
[    0.000000]  BIOS-e820: 00000000000dc000 - 0000000000100000 (reserved)
[    0.000000]  BIOS-e820: 0000000000100000 - 000000003fee0000 (usable)
[    0.000000]  BIOS-e820: 000000003fee0000 - 000000003feff000 (ACPI data)
[    0.000000]  BIOS-e820: 000000003feff000 - 000000003ff00000 (ACPI NVS)
[    0.000000]  BIOS-e820: 000000003ff00000 - 0000000040000000 (usable)
[    0.000000]  BIOS-e820: 00000000e0000000 - 00000000f0000000 (reserved)
[    0.000000]  BIOS-e820: 00000000fec00000 - 00000000fec10000 (reserved)
[    0.000000]  BIOS-e820: 00000000fee00000 - 00000000fee01000 (reserved)
[    0.000000]  BIOS-e820: 00000000fffe0000 - 0000000100000000 (reserved)
[    0.000000] NX (Execute Disable) protection: active
[    0.000000] DMI present.
[    0.000000] DMI: VMware, Inc. VMware Virtual Platform/440BX Desktop Reference Platform, BIOS 6.00 07/02/2012
[    0.000000] Hypervisor detected: VMware
[    0.000000] e820 update range: 0000000000000000 - 0000000000010000 (usable) ==> (reserved)
[    0.000000] e820 remove range: 00000000000a0000 - 0000000000100000 (usable)
[    0.000000] last_pfn = 0x40000 max_arch_pfn = 0x1000000
[    0.000000] MTRR default type: uncachable
[    0.000000] MTRR fixed ranges enabled:
[    0.000000]   00000-9FFFF write-back
[    0.000000]   A0000-BFFFF uncachable
[    0.000000]   C0000-CBFFF write-protect
[    0.000000]   CC000-EFFFF uncachable
[    0.000000]   F0000-FFFFF write-protect
[    0.000000] MTRR variable ranges enabled:
[    0.000000]   0 base 0000000000 mask FFC0000000 write-back
[    0.000000]   1 disabled
[    0.000000]   2 disabled
[    0.000000]   3 disabled
[    0.000000]   4 disabled
[    0.000000]   5 disabled
[    0.000000]   6 disabled
[    0.000000]   7 disabled
[    0.000000] x86 PAT enabled: cpu 0, old 0x0, new 0x7010600070106
[    0.000000] found SMP MP-table at [c00f6bf0] f6bf0
[    0.000000] initial memory mapped : 0 - 02000000
[    0.000000] Base memory trampoline at [c009b000] 9b000 size 16384
[    0.000000] init_memory_mapping: 0000000000000000-0000000037bfe000
[    0.000000]  0000000000 - 0000200000 page 4k
[    0.000000]  0000200000 - 0037a00000 page 2M
[    0.000000]  0037a00000 - 0037bfe000 page 4k
[    0.000000] kernel direct mapping tables up to 37bfe000 @ 1ffb000-2000000
[    0.000000] RAMDISK: 364ea000 - 3726d000
[    0.000000] ACPI: RSDP 000f6b80 00024 (v02 PTLTD )
[    0.000000] ACPI: XSDT 3feed636 0005C (v01 INTEL  440BX    06040000 VMW  01324272)
[    0.000000] ACPI: FACP 3fefee98 000F4 (v04 INTEL  440BX    06040000 PTL  000F4240)
[    0.000000] ACPI: DSDT 3feee366 10B32 (v01 PTLTD  Custom   06040000 MSFT 03000001)
[    0.000000] ACPI: FACS 3fefffc0 00040
[    0.000000] ACPI: BOOT 3feee33e 00028 (v01 PTLTD  $SBFTBL$ 06040000  LTP 00000001)
[    0.000000] ACPI: APIC 3feedc3e 003C2 (v01 PTLTD  ? APIC   06040000  LTP 00000000)
[    0.000000] ACPI: MCFG 3feedc02 0003C (v01 PTLTD  $PCITBL$ 06040000  LTP 00000001)
[    0.000000] ACPI: SRAT 3feed732 004D0 (v02 VMWARE MEMPLUG  06040000 VMW  00000001)
[    0.000000] ACPI: HPET 3feed6fa 00038 (v01 VMWARE VMW HPET 06040000 VMW  00000001)
[    0.000000] ACPI: WAET 3feed6d2 00028 (v01 VMWARE VMW WAET 06040000 VMW  00000001)
[    0.000000] ACPI: Local APIC address 0xfee00000
[    0.000000] 132MB HIGHMEM available.
[    0.000000] 891MB LOWMEM available.
[    0.000000]   mapped low ram: 0 - 37bfe000
[    0.000000]   low ram: 0 - 37bfe000
[    0.000000] Zone PFN ranges:
[    0.000000]   DMA      0x00000010 -> 0x00001000
[    0.000000]   Normal   0x00001000 -> 0x00037bfe
[    0.000000]   HighMem  0x00037bfe -> 0x00040000
[    0.000000] Movable zone start PFN for each node
[    0.000000] early_node_map[3] active PFN ranges
[    0.000000]     0: 0x00000010 -> 0x0000009f
[    0.000000]     0: 0x00000100 -> 0x0003fee0
[    0.000000]     0: 0x0003ff00 -> 0x00040000
[    0.000000] On node 0 totalpages: 261999
[    0.000000] free_area_init_node: node 0, pgdat c1866a40, node_mem_map f73fd200
[    0.000000]   DMA zone: 32 pages used for memmap
[    0.000000]   DMA zone: 0 pages reserved
[    0.000000]   DMA zone: 3951 pages, LIFO batch:0
[    0.000000]   Normal zone: 1752 pages used for memmap
[    0.000000]   Normal zone: 222502 pages, LIFO batch:31
[    0.000000]   HighMem zone: 265 pages used for memmap
[    0.000000]   HighMem zone: 33497 pages, LIFO batch:7
[    0.000000] Using APIC driver default
[    0.000000] ACPI: PM-Timer IO Port: 0x1008
[    0.000000] ACPI: Local APIC address 0xfee00000
[    0.000000] ACPI: LAPIC (acpi_id[0x00] lapic_id[0x00] enabled)
[    0.000000] ACPI: LAPIC (acpi_id[0x01] lapic_id[0x02] disabled)
[    0.000000] ACPI: LAPIC (acpi_id[0x02] lapic_id[0x04] disabled)
[    0.000000] ACPI: LAPIC (acpi_id[0x03] lapic_id[0x06] disabled)
[    0.000000] ACPI: LAPIC (acpi_id[0x04] lapic_id[0x08] disabled)
[    0.000000] ACPI: LAPIC (acpi_id[0x05] lapic_id[0x0a] disabled)
[    0.000000] ACPI: LAPIC (acpi_id[0x06] lapic_id[0x0c] disabled)
[    0.000000] ACPI: LAPIC (acpi_id[0x07] lapic_id[0x0e] disabled)
[    0.000000] ACPI: LAPIC (acpi_id[0x08] lapic_id[0x10] disabled)
[    0.000000] ACPI: LAPIC (acpi_id[0x09] lapic_id[0x12] disabled)
[    0.000000] ACPI: LAPIC (acpi_id[0x0a] lapic_id[0x14] disabled)
[    0.000000] ACPI: LAPIC (acpi_id[0x0b] lapic_id[0x16] disabled)
[    0.000000] ACPI: LAPIC (acpi_id[0x0c] lapic_id[0x18] disabled)
[    0.000000] ACPI: LAPIC (acpi_id[0x0d] lapic_id[0x1a] disabled)
[    0.000000] ACPI: LAPIC (acpi_id[0x0e] lapic_id[0x1c] disabled)
[    0.000000] ACPI: LAPIC (acpi_id[0x0f] lapic_id[0x1e] disabled)
[    0.000000] ACPI: LAPIC (acpi_id[0x10] lapic_id[0x20] disabled)
[    0.000000] ACPI: LAPIC (acpi_id[0x11] lapic_id[0x22] disabled)
[    0.000000] ACPI: LAPIC (acpi_id[0x12] lapic_id[0x24] disabled)
[    0.000000] ACPI: LAPIC (acpi_id[0x13] lapic_id[0x26] disabled)
[    0.000000] ACPI: LAPIC (acpi_id[0x14] lapic_id[0x28] disabled)
[    0.000000] ACPI: LAPIC (acpi_id[0x15] lapic_id[0x2a] disabled)
[    0.000000] ACPI: LAPIC (acpi_id[0x16] lapic_id[0x2c] disabled)
[    0.000000] ACPI: LAPIC (acpi_id[0x17] lapic_id[0x2e] disabled)
[    0.000000] ACPI: LAPIC (acpi_id[0x18] lapic_id[0x30] disabled)
[    0.000000] ACPI: LAPIC (acpi_id[0x19] lapic_id[0x32] disabled)
[    0.000000] ACPI: LAPIC (acpi_id[0x1a] lapic_id[0x34] disabled)
[    0.000000] ACPI: LAPIC (acpi_id[0x1b] lapic_id[0x36] disabled)
[    0.000000] ACPI: LAPIC (acpi_id[0x1c] lapic_id[0x38] disabled)
[    0.000000] ACPI: LAPIC (acpi_id[0x1d] lapic_id[0x3a] disabled)
[    0.000000] ACPI: LAPIC (acpi_id[0x1e] lapic_id[0x3c] disabled)
[    0.000000] ACPI: LAPIC (acpi_id[0x1f] lapic_id[0x3e] disabled)
[    0.000000] ACPI: LAPIC (acpi_id[0x20] lapic_id[0x40] disabled)
[    0.000000] ACPI: LAPIC (acpi_id[0x21] lapic_id[0x42] disabled)
[    0.000000] ACPI: LAPIC (acpi_id[0x22] lapic_id[0x44] disabled)
[    0.000000] ACPI: LAPIC (acpi_id[0x23] lapic_id[0x46] disabled)
[    0.000000] ACPI: LAPIC (acpi_id[0x24] lapic_id[0x48] disabled)
[    0.000000] ACPI: LAPIC (acpi_id[0x25] lapic_id[0x4a] disabled)
[    0.000000] ACPI: LAPIC (acpi_id[0x26] lapic_id[0x4c] disabled)
[    0.000000] ACPI: LAPIC (acpi_id[0x27] lapic_id[0x4e] disabled)
[    0.000000] ACPI: LAPIC (acpi_id[0x28] lapic_id[0x50] disabled)
[    0.000000] ACPI: LAPIC (acpi_id[0x29] lapic_id[0x52] disabled)
[    0.000000] ACPI: LAPIC (acpi_id[0x2a] lapic_id[0x54] disabled)
[    0.000000] ACPI: LAPIC (acpi_id[0x2b] lapic_id[0x56] disabled)
[    0.000000] ACPI: LAPIC (acpi_id[0x2c] lapic_id[0x58] disabled)
[    0.000000] ACPI: LAPIC (acpi_id[0x2d] lapic_id[0x5a] disabled)
[    0.000000] ACPI: LAPIC (acpi_id[0x2e] lapic_id[0x5c] disabled)
[    0.000000] ACPI: LAPIC (acpi_id[0x2f] lapic_id[0x5e] disabled)
[    0.000000] ACPI: LAPIC (acpi_id[0x30] lapic_id[0x60] disabled)
[    0.000000] ACPI: LAPIC (acpi_id[0x31] lapic_id[0x62] disabled)
[    0.000000] ACPI: LAPIC (acpi_id[0x32] lapic_id[0x64] disabled)
[    0.000000] ACPI: LAPIC (acpi_id[0x33] lapic_id[0x66] disabled)
[    0.000000] ACPI: LAPIC (acpi_id[0x34] lapic_id[0x68] disabled)
[    0.000000] ACPI: LAPIC (acpi_id[0x35] lapic_id[0x6a] disabled)
[    0.000000] ACPI: LAPIC (acpi_id[0x36] lapic_id[0x6c] disabled)
[    0.000000] ACPI: LAPIC (acpi_id[0x37] lapic_id[0x6e] disabled)
[    0.000000] ACPI: LAPIC (acpi_id[0x38] lapic_id[0x70] disabled)
[    0.000000] ACPI: LAPIC (acpi_id[0x39] lapic_id[0x72] disabled)
[    0.000000] ACPI: LAPIC (acpi_id[0x3a] lapic_id[0x74] disabled)
[    0.000000] ACPI: LAPIC (acpi_id[0x3b] lapic_id[0x76] disabled)
[    0.000000] ACPI: LAPIC (acpi_id[0x3c] lapic_id[0x78] disabled)
[    0.000000] ACPI: LAPIC (acpi_id[0x3d] lapic_id[0x7a] disabled)
[    0.000000] ACPI: LAPIC (acpi_id[0x3e] lapic_id[0x7c] disabled)
[    0.000000] ACPI: LAPIC (acpi_id[0x3f] lapic_id[0x7e] disabled)
[    0.000000] ACPI: LAPIC_NMI (acpi_id[0x00] high edge lint[0x1])
[    0.000000] ACPI: LAPIC_NMI (acpi_id[0x01] high edge lint[0x1])
[    0.000000] ACPI: LAPIC_NMI (acpi_id[0x02] high edge lint[0x1])
[    0.000000] ACPI: LAPIC_NMI (acpi_id[0x03] high edge lint[0x1])
[    0.000000] ACPI: LAPIC_NMI (acpi_id[0x04] high edge lint[0x1])
[    0.000000] ACPI: LAPIC_NMI (acpi_id[0x05] high edge lint[0x1])
[    0.000000] ACPI: LAPIC_NMI (acpi_id[0x06] high edge lint[0x1])
[    0.000000] ACPI: LAPIC_NMI (acpi_id[0x07] high edge lint[0x1])
[    0.000000] ACPI: LAPIC_NMI (acpi_id[0x08] high edge lint[0x1])
[    0.000000] ACPI: LAPIC_NMI (acpi_id[0x09] high edge lint[0x1])
[    0.000000] ACPI: LAPIC_NMI (acpi_id[0x0a] high edge lint[0x1])
[    0.000000] ACPI: LAPIC_NMI (acpi_id[0x0b] high edge lint[0x1])
[    0.000000] ACPI: LAPIC_NMI (acpi_id[0x0c] high edge lint[0x1])
[    0.000000] ACPI: LAPIC_NMI (acpi_id[0x0d] high edge lint[0x1])
[    0.000000] ACPI: LAPIC_NMI (acpi_id[0x0e] high edge lint[0x1])
[    0.000000] ACPI: LAPIC_NMI (acpi_id[0x0f] high edge lint[0x1])
[    0.000000] ACPI: LAPIC_NMI (acpi_id[0x10] high edge lint[0x1])
[    0.000000] ACPI: LAPIC_NMI (acpi_id[0x11] high edge lint[0x1])
[    0.000000] ACPI: LAPIC_NMI (acpi_id[0x12] high edge lint[0x1])
[    0.000000] ACPI: LAPIC_NMI (acpi_id[0x13] high edge lint[0x1])
[    0.000000] ACPI: LAPIC_NMI (acpi_id[0x14] high edge lint[0x1])
[    0.000000] ACPI: LAPIC_NMI (acpi_id[0x15] high edge lint[0x1])
[    0.000000] ACPI: LAPIC_NMI (acpi_id[0x16] high edge lint[0x1])
[    0.000000] ACPI: LAPIC_NMI (acpi_id[0x17] high edge lint[0x1])
[    0.000000] ACPI: LAPIC_NMI (acpi_id[0x18] high edge lint[0x1])
[    0.000000] ACPI: LAPIC_NMI (acpi_id[0x19] high edge lint[0x1])
[    0.000000] ACPI: LAPIC_NMI (acpi_id[0x1a] high edge lint[0x1])
[    0.000000] ACPI: LAPIC_NMI (acpi_id[0x1b] high edge lint[0x1])
[    0.000000] ACPI: LAPIC_NMI (acpi_id[0x1c] high edge lint[0x1])
[    0.000000] ACPI: LAPIC_NMI (acpi_id[0x1d] high edge lint[0x1])
[    0.000000] ACPI: LAPIC_NMI (acpi_id[0x1e] high edge lint[0x1])
[    0.000000] ACPI: LAPIC_NMI (acpi_id[0x1f] high edge lint[0x1])
[    0.000000] ACPI: LAPIC_NMI (acpi_id[0x20] high edge lint[0x1])
[    0.000000] ACPI: LAPIC_NMI (acpi_id[0x21] high edge lint[0x1])
[    0.000000] ACPI: LAPIC_NMI (acpi_id[0x22] high edge lint[0x1])
[    0.000000] ACPI: LAPIC_NMI (acpi_id[0x23] high edge lint[0x1])
[    0.000000] ACPI: LAPIC_NMI (acpi_id[0x24] high edge lint[0x1])
[    0.000000] ACPI: LAPIC_NMI (acpi_id[0x25] high edge lint[0x1])
[    0.000000] ACPI: LAPIC_NMI (acpi_id[0x26] high edge lint[0x1])
[    0.000000] ACPI: LAPIC_NMI (acpi_id[0x27] high edge lint[0x1])
[    0.000000] ACPI: LAPIC_NMI (acpi_id[0x28] high edge lint[0x1])
[    0.000000] ACPI: LAPIC_NMI (acpi_id[0x29] high edge lint[0x1])
[    0.000000] ACPI: LAPIC_NMI (acpi_id[0x2a] high edge lint[0x1])
[    0.000000] ACPI: LAPIC_NMI (acpi_id[0x2b] high edge lint[0x1])
[    0.000000] ACPI: LAPIC_NMI (acpi_id[0x2c] high edge lint[0x1])
[    0.000000] ACPI: LAPIC_NMI (acpi_id[0x2d] high edge lint[0x1])
[    0.000000] ACPI: LAPIC_NMI (acpi_id[0x2e] high edge lint[0x1])
[    0.000000] ACPI: LAPIC_NMI (acpi_id[0x2f] high edge lint[0x1])
[    0.000000] ACPI: LAPIC_NMI (acpi_id[0x30] high edge lint[0x1])
[    0.000000] ACPI: LAPIC_NMI (acpi_id[0x31] high edge lint[0x1])
[    0.000000] ACPI: LAPIC_NMI (acpi_id[0x32] high edge lint[0x1])
[    0.000000] ACPI: LAPIC_NMI (acpi_id[0x33] high edge lint[0x1])
[    0.000000] ACPI: LAPIC_NMI (acpi_id[0x34] high edge lint[0x1])
[    0.000000] ACPI: LAPIC_NMI (acpi_id[0x35] high edge lint[0x1])
[    0.000000] ACPI: LAPIC_NMI (acpi_id[0x36] high edge lint[0x1])
[    0.000000] ACPI: LAPIC_NMI (acpi_id[0x37] high edge lint[0x1])
[    0.000000] ACPI: LAPIC_NMI (acpi_id[0x38] high edge lint[0x1])
[    0.000000] ACPI: LAPIC_NMI (acpi_id[0x39] high edge lint[0x1])
[    0.000000] ACPI: LAPIC_NMI (acpi_id[0x3a] high edge lint[0x1])
[    0.000000] ACPI: LAPIC_NMI (acpi_id[0x3b] high edge lint[0x1])
[    0.000000] ACPI: LAPIC_NMI (acpi_id[0x3c] high edge lint[0x1])
[    0.000000] ACPI: LAPIC_NMI (acpi_id[0x3d] high edge lint[0x1])
[    0.000000] ACPI: LAPIC_NMI (acpi_id[0x3e] high edge lint[0x1])
[    0.000000] ACPI: LAPIC_NMI (acpi_id[0x3f] high edge lint[0x1])
[    0.000000] ACPI: Skipping IOAPIC probe due to 'noapic' option.
[    0.000000] Using ACPI for processor (LAPIC) configuration information
[    0.000000] ACPI: HPET id: 0x8086af01 base: 0xfed00000
[    0.000000] Intel MultiProcessor Specification v1.4
[    0.000000]     Virtual Wire compatibility mode.
[    0.000000] MPTABLE: OEM ID: INTEL   
[    0.000000] MPTABLE: Product ID: 440BX       
[    0.000000] MPTABLE: APIC at: 0xFEE00000
[    0.000000] IOAPIC[0]: apic_id 1, version 17, address 0xfec00000, GSI 0-23
[    0.000000] Processors: 1
[    0.000000] SMP: Allowing 1 CPUs, 0 hotplug CPUs
[    0.000000] nr_irqs_gsi: 40
[    0.000000] PM: Registered nosave memory: 000000000009f000 - 00000000000a0000
[    0.000000] PM: Registered nosave memory: 00000000000a0000 - 00000000000ca000
[    0.000000] PM: Registered nosave memory: 00000000000ca000 - 00000000000cc000
[    0.000000] PM: Registered nosave memory: 00000000000cc000 - 00000000000dc000
[    0.000000] PM: Registered nosave memory: 00000000000dc000 - 0000000000100000
[    0.000000] Allocating PCI resources starting at 40000000 (gap: 40000000:a0000000)
[    0.000000] Booting paravirtualized kernel on bare hardware
[    0.000000] setup_percpu: NR_CPUS:8 nr_cpumask_bits:8 nr_cpu_ids:1 nr_node_ids:1
[    0.000000] PERCPU: Embedded 14 pages/cpu @f73e8000 s34240 r0 d23104 u57344
[    0.000000] pcpu-alloc: s34240 r0 d23104 u57344 alloc=14*4096
[    0.000000] pcpu-alloc: [0] 0 
[    0.000000] Built 1 zonelists in Zone order, mobility grouping on.  Total pages: 259950
[    0.000000] Kernel command line: BOOT_IMAGE=/boot/vmlinuz-3.2.0-29-generic-pae root=UUID=007b598c-390d-4c65-84a1-4ff752d48633 ro quiet splash maxcpus=0
[    0.000000] PID hash table entries: 4096 (order: 2, 16384 bytes)
[    0.000000] Dentry cache hash table entries: 131072 (order: 7, 524288 bytes)
[    0.000000] Inode-cache hash table entries: 65536 (order: 6, 262144 bytes)
[    0.000000] Initializing CPU#0
[    0.000000] xsave/xrstor: enabled xstate_bv 0x7, cntxt size 0x340
[    0.000000] allocated 4194048 bytes of page_cgroup
[    0.000000] please try 'cgroup_disable=memory' option if you don't want memory cgroups
[    0.000000] Initializing HighMem for node 0 (00037bfe:00040000)
[    0.000000] Memory: 1010624k/1048576k available (5814k kernel code, 37372k reserved, 2841k data, 740k init, 135048k highmem)
[    0.000000] virtual kernel memory layout:
[    0.000000]     fixmap  : 0xfff16000 - 0xfffff000   ( 932 kB)
[    0.000000]     pkmap   : 0xffc00000 - 0xffe00000   (2048 kB)
[    0.000000]     vmalloc : 0xf83fe000 - 0xffbfe000   ( 120 MB)
[    0.000000]     lowmem  : 0xc0000000 - 0xf7bfe000   ( 891 MB)
[    0.000000]       .init : 0xc1875000 - 0xc192e000   ( 740 kB)
[    0.000000]       .data : 0xc15adb64 - 0xc1874240   (2841 kB)
[    0.000000]       .text : 0xc1000000 - 0xc15adb64   (5814 kB)
[    0.000000] Checking if this processor honours the WP bit even in supervisor mode...Ok.
[    0.000000] SLUB: Genslabs=15, HWalign=64, Order=0-3, MinObjects=0, CPUs=1, Nodes=1
[    0.000000] Hierarchical RCU implementation.
[    0.000000] 	RCU dyntick-idle grace-period acceleration is enabled.
[    0.000000] NR_IRQS:2304 nr_irqs:256 16
[    0.000000] CPU 0 irqstacks, hard=f5c08000 soft=f5c0a000
[    0.000000] Extended CMOS year: 2000
[    0.000000] Console: colour VGA+ 80x25
[    0.000000] console [tty0] enabled
[    0.000000] hpet clockevent registered
[    0.000000] TSC freq read from hypervisor : 2394.620 MHz
[    0.000000] Detected 2394.620 MHz processor.
[    0.000001] Calibrating delay loop (skipped) preset value.. 4789.24 BogoMIPS (lpj=9578480)
[    0.000003] pid_max: default: 32768 minimum: 301
[    0.000018] Security Framework initialized
[    0.000032] AppArmor: AppArmor initialized
[    0.000033] Yama: becoming mindful.
[    0.000069] Mount-cache hash table entries: 512
[    0.000146] Initializing cgroup subsys cpuacct
[    0.000150] Initializing cgroup subsys memory
[    0.000154] Initializing cgroup subsys devices
[    0.000155] Initializing cgroup subsys freezer
[    0.000157] Initializing cgroup subsys blkio
[    0.000161] Initializing cgroup subsys perf_event
[    0.000204] Disabled fast string operations
[    0.000208] CPU: Physical Processor ID: 0
[    0.000229] ENERGY_PERF_BIAS: Set to 'normal', was 'performance'
[    0.000231] ENERGY_PERF_BIAS: View and update with x86_energy_perf_policy(8)
[    0.000874] mce: CPU supports 0 MCE banks
[    0.001696] SMP alternatives: switching to UP code
[    0.020636] Freeing SMP alternatives: 24k freed
[    0.020642] ACPI: Core revision 20110623
[    0.029043] ACPI: setting ELCR to 0200 (from 0e20)
[    0.030319] ftrace: allocating 26545 entries in 52 pages
[    0.051849] SMP mode deactivated.
[    0.051878] SMP disabled
[    0.051880] Performance Events: generic architected perfmon v1, core PMU driver.
[    0.051892] ... version:                1
[    0.051893] ... bit width:              48
[    0.051894] ... generic registers:      4
[    0.051895] ... value mask:             0000ffffffffffff
[    0.051896] ... max period:             000000007fffffff
[    0.051897] ... fixed-purpose events:   0
[    0.051898] ... event mask:             000000000000000f
[    0.051986] NMI watchdog enabled, takes one hw-pmu counter.
[    0.052024] Brought up 1 CPUs
[    0.052026] Total of 1 processors activated (4789.24 BogoMIPS).
[    0.052128] devtmpfs: initialized
[    0.052212] EVM: security.selinux
[    0.052213] EVM: security.SMACK64
[    0.052214] EVM: security.capability
[    0.052241] PM: Registering ACPI NVS region at 3feff000 (4096 bytes)
[    0.052939] print_constraints: dummy: 
[    0.053008] RTC time: 11:26:29, date: 05/27/13
[    0.053036] NET: Registered protocol family 16
[    0.053106] EISA bus registered
[    0.053116] ACPI: bus type pci registered
[    0.053243] PCI: MMCONFIG for domain 0000 [bus 00-ff] at [mem 0xe0000000-0xefffffff] (base 0xe0000000)
[    0.053245] PCI: MMCONFIG at [mem 0xe0000000-0xefffffff] reserved in E820
[    0.053247] PCI: Using MMCONFIG for extended config space
[    0.053248] PCI: Using configuration type 1 for base access
[    0.053911] bio: create slab <bio-0> at 0
[    0.053973] ACPI: Added _OSI(Module Device)
[    0.053974] ACPI: Added _OSI(Processor Device)
[    0.053975] ACPI: Added _OSI(3.0 _SCP Extensions)
[    0.053976] ACPI: Added _OSI(Processor Aggregator Device)
[    0.055847] ACPI: EC: Look up EC in DSDT
[    0.060327] [Firmware Bug]: ACPI: BIOS _OSI(Linux) query ignored
[    0.064390] ACPI: Interpreter enabled
[    0.067915] ACPI: (supports S0 S1 S4 S5)
[    0.067926] ACPI: Using PIC for interrupt routing
[    0.108831] ACPI: No dock devices found.
[    0.108835] HEST: Table not found.
[    0.108841] PCI: Using host bridge windows from ACPI; if necessary, use "pci=nocrs" and report a bug
[    0.109700] ACPI: PCI Root Bridge [PCI0] (domain 0000 [bus 00-ff])
[    0.111199] pci_root PNP0A03:00: host bridge window [mem 0x000a0000-0x000bffff]
[    0.111202] pci_root PNP0A03:00: host bridge window [mem 0x000cc000-0x000cffff]
[    0.111204] pci_root PNP0A03:00: host bridge window [mem 0x000d0000-0x000d3fff]
[    0.111206] pci_root PNP0A03:00: host bridge window [mem 0x000d4000-0x000d7fff]
[    0.111208] pci_root PNP0A03:00: host bridge window [mem 0x000d8000-0x000dbfff]
[    0.111210] pci_root PNP0A03:00: host bridge window [mem 0xc0000000-0xfebfffff]
[    0.111213] pci_root PNP0A03:00: host bridge window [io  0x0000-0x0cf7]
[    0.111215] pci_root PNP0A03:00: host bridge window [io  0x0d00-0xfeff]
[    0.111274] pci 0000:00:00.0: [8086:7190] type 0 class 0x000600
[    0.111774] pci 0000:00:01.0: [8086:7191] type 1 class 0x000604
[    0.112260] pci 0000:00:07.0: [8086:7110] type 0 class 0x000601
[    0.112999] pci 0000:00:07.1: [8086:7111] type 0 class 0x000101
[    0.115167] pci 0000:00:07.1: reg 20: [io  0x10c0-0x10cf]
[    0.116182] pci 0000:00:07.3: [8086:7113] type 0 class 0x000680
[    0.118571] pci 0000:00:07.3: quirk: [io  0x1000-0x103f] claimed by PIIX4 ACPI
[    0.118586] pci 0000:00:07.3: quirk: [io  0x1040-0x104f] claimed by PIIX4 SMB
[    0.118858] pci 0000:00:07.7: [15ad:0740] type 0 class 0x000880
[    0.119535] pci 0000:00:07.7: reg 10: [io  0x1080-0x10bf]
[    0.120407] pci 0000:00:07.7: reg 14: [mem 0xc8000000-0xc8001fff 64bit]
[    0.123283] pci 0000:00:0f.0: [15ad:0405] type 0 class 0x000300
[    0.126196] pci 0000:00:0f.0: reg 10: [io  0x10d0-0x10df]
[    0.129237] pci 0000:00:0f.0: reg 14: [mem 0xd0000000-0xd7ffffff pref]
[    0.131200] pci 0000:00:0f.0: reg 18: [mem 0xc8800000-0xc8ffffff]
[    0.139026] pci 0000:00:0f.0: reg 30: [mem 0x00000000-0x00007fff pref]
[    0.139308] pci 0000:00:10.0: [1000:0030] type 0 class 0x000100
[    0.139867] pci 0000:00:10.0: reg 10: [io  0x1400-0x14ff]
[    0.140570] pci 0000:00:10.0: reg 14: [mem 0xc8040000-0xc805ffff 64bit]
[    0.141281] pci 0000:00:10.0: reg 1c: [mem 0xc8020000-0xc803ffff 64bit]
[    0.142346] pci 0000:00:10.0: reg 30: [mem 0x00000000-0x00003fff pref]
[    0.142494] pci 0000:00:11.0: [15ad:0790] type 1 class 0x000604
[    0.143153] pci 0000:00:15.0: [15ad:07a0] type 1 class 0x000604
[    0.143850] pci 0000:00:15.0: PME# supported from D0 D3hot D3cold
[    0.143872] pci 0000:00:15.0: PME# disabled
[    0.144098] pci 0000:00:15.1: [15ad:07a0] type 1 class 0x000604
[    0.144779] pci 0000:00:15.1: PME# supported from D0 D3hot D3cold
[    0.144800] pci 0000:00:15.1: PME# disabled
[    0.145021] pci 0000:00:15.2: [15ad:07a0] type 1 class 0x000604
[    0.145702] pci 0000:00:15.2: PME# supported from D0 D3hot D3cold
[    0.145723] pci 0000:00:15.2: PME# disabled
[    0.145936] pci 0000:00:15.3: [15ad:07a0] type 1 class 0x000604
[    0.146653] pci 0000:00:15.3: PME# supported from D0 D3hot D3cold
[    0.146675] pci 0000:00:15.3: PME# disabled
[    0.146888] pci 0000:00:15.4: [15ad:07a0] type 1 class 0x000604
[    0.147578] pci 0000:00:15.4: PME# supported from D0 D3hot D3cold
[    0.147599] pci 0000:00:15.4: PME# disabled
[    0.147834] pci 0000:00:15.5: [15ad:07a0] type 1 class 0x000604
[    0.148517] pci 0000:00:15.5: PME# supported from D0 D3hot D3cold
[    0.148538] pci 0000:00:15.5: PME# disabled
[    0.148751] pci 0000:00:15.6: [15ad:07a0] type 1 class 0x000604
[    0.149551] pci 0000:00:15.6: PME# supported from D0 D3hot D3cold
[    0.149573] pci 0000:00:15.6: PME# disabled
[    0.149787] pci 0000:00:15.7: [15ad:07a0] type 1 class 0x000604
[    0.150479] pci 0000:00:15.7: PME# supported from D0 D3hot D3cold
[    0.150500] pci 0000:00:15.7: PME# disabled
[    0.150713] pci 0000:00:16.0: [15ad:07a0] type 1 class 0x000604
[    0.151404] pci 0000:00:16.0: PME# supported from D0 D3hot D3cold
[    0.151425] pci 0000:00:16.0: PME# disabled
[    0.151638] pci 0000:00:16.1: [15ad:07a0] type 1 class 0x000604
[    0.152334] pci 0000:00:16.1: PME# supported from D0 D3hot D3cold
[    0.152356] pci 0000:00:16.1: PME# disabled
[    0.152568] pci 0000:00:16.2: [15ad:07a0] type 1 class 0x000604
[    0.153258] pci 0000:00:16.2: PME# supported from D0 D3hot D3cold
[    0.153280] pci 0000:00:16.2: PME# disabled
[    0.153492] pci 0000:00:16.3: [15ad:07a0] type 1 class 0x000604
[    0.154183] pci 0000:00:16.3: PME# supported from D0 D3hot D3cold
[    0.154204] pci 0000:00:16.3: PME# disabled
[    0.154416] pci 0000:00:16.4: [15ad:07a0] type 1 class 0x000604
[    0.155095] pci 0000:00:16.4: PME# supported from D0 D3hot D3cold
[    0.155117] pci 0000:00:16.4: PME# disabled
[    0.155335] pci 0000:00:16.5: [15ad:07a0] type 1 class 0x000604
[    0.156035] pci 0000:00:16.5: PME# supported from D0 D3hot D3cold
[    0.156056] pci 0000:00:16.5: PME# disabled
[    0.156269] pci 0000:00:16.6: [15ad:07a0] type 1 class 0x000604
[    0.156947] pci 0000:00:16.6: PME# supported from D0 D3hot D3cold
[    0.156969] pci 0000:00:16.6: PME# disabled
[    0.157193] pci 0000:00:16.7: [15ad:07a0] type 1 class 0x000604
[    0.157874] pci 0000:00:16.7: PME# supported from D0 D3hot D3cold
[    0.157895] pci 0000:00:16.7: PME# disabled
[    0.158115] pci 0000:00:17.0: [15ad:07a0] type 1 class 0x000604
[    0.158793] pci 0000:00:17.0: PME# supported from D0 D3hot D3cold
[    0.158814] pci 0000:00:17.0: PME# disabled
[    0.159028] pci 0000:00:17.1: [15ad:07a0] type 1 class 0x000604
[    0.159706] pci 0000:00:17.1: PME# supported from D0 D3hot D3cold
[    0.159727] pci 0000:00:17.1: PME# disabled
[    0.159953] pci 0000:00:17.2: [15ad:07a0] type 1 class 0x000604
[    0.160639] pci 0000:00:17.2: PME# supported from D0 D3hot D3cold
[    0.160660] pci 0000:00:17.2: PME# disabled
[    0.160873] pci 0000:00:17.3: [15ad:07a0] type 1 class 0x000604
[    0.161565] pci 0000:00:17.3: PME# supported from D0 D3hot D3cold
[    0.161586] pci 0000:00:17.3: PME# disabled
[    0.161799] pci 0000:00:17.4: [15ad:07a0] type 1 class 0x000604
[    0.162487] pci 0000:00:17.4: PME# supported from D0 D3hot D3cold
[    0.162508] pci 0000:00:17.4: PME# disabled
[    0.162726] pci 0000:00:17.5: [15ad:07a0] type 1 class 0x000604
[    0.163407] pci 0000:00:17.5: PME# supported from D0 D3hot D3cold
[    0.163429] pci 0000:00:17.5: PME# disabled
[    0.163641] pci 0000:00:17.6: [15ad:07a0] type 1 class 0x000604
[    0.164347] pci 0000:00:17.6: PME# supported from D0 D3hot D3cold
[    0.164369] pci 0000:00:17.6: PME# disabled
[    0.164583] pci 0000:00:17.7: [15ad:07a0] type 1 class 0x000604
[    0.165271] pci 0000:00:17.7: PME# supported from D0 D3hot D3cold
[    0.165292] pci 0000:00:17.7: PME# disabled
[    0.165505] pci 0000:00:18.0: [15ad:07a0] type 1 class 0x000604
[    0.166189] pci 0000:00:18.0: PME# supported from D0 D3hot D3cold
[    0.166211] pci 0000:00:18.0: PME# disabled
[    0.166423] pci 0000:00:18.1: [15ad:07a0] type 1 class 0x000604
[    0.167109] pci 0000:00:18.1: PME# supported from D0 D3hot D3cold
[    0.167130] pci 0000:00:18.1: PME# disabled
[    0.167343] pci 0000:00:18.2: [15ad:07a0] type 1 class 0x000604
[    0.168044] pci 0000:00:18.2: PME# supported from D0 D3hot D3cold
[    0.168066] pci 0000:00:18.2: PME# disabled
[    0.168279] pci 0000:00:18.3: [15ad:07a0] type 1 class 0x000604
[    0.168958] pci 0000:00:18.3: PME# supported from D0 D3hot D3cold
[    0.168990] pci 0000:00:18.3: PME# disabled
[    0.169204] pci 0000:00:18.4: [15ad:07a0] type 1 class 0x000604
[    0.169883] pci 0000:00:18.4: PME# supported from D0 D3hot D3cold
[    0.169904] pci 0000:00:18.4: PME# disabled
[    0.170132] pci 0000:00:18.5: [15ad:07a0] type 1 class 0x000604
[    0.170811] pci 0000:00:18.5: PME# supported from D0 D3hot D3cold
[    0.170832] pci 0000:00:18.5: PME# disabled
[    0.171050] pci 0000:00:18.6: [15ad:07a0] type 1 class 0x000604
[    0.171741] pci 0000:00:18.6: PME# supported from D0 D3hot D3cold
[    0.171764] pci 0000:00:18.6: PME# disabled
[    0.171999] pci 0000:00:18.7: [15ad:07a0] type 1 class 0x000604
[    0.172858] pci 0000:00:18.7: PME# supported from D0 D3hot D3cold
[    0.172884] pci 0000:00:18.7: PME# disabled
[    0.173497] pci 0000:00:01.0: PCI bridge to [bus 01-01]
[    0.173813] pci 0000:02:00.0: [15ad:0774] type 0 class 0x000c03
[    0.175145] pci 0000:02:00.0: reg 20: [io  0x20c0-0x20df]
[    0.175806] pci 0000:02:01.0: [1022:2000] type 0 class 0x000200
[    0.176128] pci 0000:02:01.0: reg 10: [io  0x2000-0x207f]
[    0.177633] pci 0000:02:01.0: reg 30: [mem 0x00000000-0x0000ffff pref]
[    0.177766] pci 0000:02:02.0: [1274:1371] type 0 class 0x000401
[    0.178094] pci 0000:02:02.0: reg 10: [io  0x2080-0x20bf]
[    0.180019] pci 0000:02:03.0: [15ad:0770] type 0 class 0x000c03
[    0.180295] pci 0000:02:03.0: reg 10: [mem 0xc9000000-0xc9000fff]
[    0.182023] pci 0000:00:11.0: PCI bridge to [bus 02-02] (subtractive decode)
[    0.182047] pci 0000:00:11.0:   bridge window [io  0x2000-0x3fff]
[    0.182071] pci 0000:00:11.0:   bridge window [mem 0xc9000000-0xca3fffff]
[    0.182114] pci 0000:00:11.0:   bridge window [mem 0xd8400000-0xd89fffff 64bit pref]
[    0.182116] pci 0000:00:11.0:   bridge window [mem 0x000a0000-0x000bffff] (subtractive decode)
[    0.182118] pci 0000:00:11.0:   bridge window [mem 0x000cc000-0x000cffff] (subtractive decode)
[    0.182120] pci 0000:00:11.0:   bridge window [mem 0x000d0000-0x000d3fff] (subtractive decode)
[    0.182121] pci 0000:00:11.0:   bridge window [mem 0x000d4000-0x000d7fff] (subtractive decode)
[    0.182123] pci 0000:00:11.0:   bridge window [mem 0x000d8000-0x000dbfff] (subtractive decode)
[    0.182124] pci 0000:00:11.0:   bridge window [mem 0xc0000000-0xfebfffff] (subtractive decode)
[    0.182126] pci 0000:00:11.0:   bridge window [io  0x0000-0x0cf7] (subtractive decode)
[    0.182128] pci 0000:00:11.0:   bridge window [io  0x0d00-0xfeff] (subtractive decode)
[    0.182594] pci 0000:00:15.0: PCI bridge to [bus 03-03]
[    0.182617] pci 0000:00:15.0:   bridge window [io  0x4000-0x4fff]
[    0.182640] pci 0000:00:15.0:   bridge window [mem 0xca400000-0xca4fffff]
[    0.182684] pci 0000:00:15.0:   bridge window [mem 0xd8a00000-0xd8afffff 64bit pref]
[    0.183147] pci 0000:00:15.1: PCI bridge to [bus 04-04]
[    0.183170] pci 0000:00:15.1:   bridge window [io  0x8000-0x8fff]
[    0.183193] pci 0000:00:15.1:   bridge window [mem 0xca800000-0xca8fffff]
[    0.183237] pci 0000:00:15.1:   bridge window [mem 0xd8e00000-0xd8efffff 64bit pref]
[    0.183697] pci 0000:00:15.2: PCI bridge to [bus 05-05]
[    0.183736] pci 0000:00:15.2:   bridge window [io  0xc000-0xcfff]
[    0.183760] pci 0000:00:15.2:   bridge window [mem 0xcac00000-0xcacfffff]
[    0.183804] pci 0000:00:15.2:   bridge window [mem 0xd9200000-0xd92fffff 64bit pref]
[    0.184284] pci 0000:00:15.3: PCI bridge to [bus 06-06]
[    0.184328] pci 0000:00:15.3:   bridge window [mem 0xcb000000-0xcb0fffff]
[    0.184372] pci 0000:00:15.3:   bridge window [mem 0xd9600000-0xd96fffff 64bit pref]
[    0.184834] pci 0000:00:15.4: PCI bridge to [bus 07-07]
[    0.184877] pci 0000:00:15.4:   bridge window [mem 0xcb400000-0xcb4fffff]
[    0.184921] pci 0000:00:15.4:   bridge window [mem 0xd9a00000-0xd9afffff 64bit pref]
[    0.185388] pci 0000:00:15.5: PCI bridge to [bus 08-08]
[    0.185431] pci 0000:00:15.5:   bridge window [mem 0xcb800000-0xcb8fffff]
[    0.185475] pci 0000:00:15.5:   bridge window [mem 0xd9e00000-0xd9efffff 64bit pref]
[    0.185936] pci 0000:00:15.6: PCI bridge to [bus 09-09]
[    0.185995] pci 0000:00:15.6:   bridge window [mem 0xcbc00000-0xcbcfffff]
[    0.186040] pci 0000:00:15.6:   bridge window [mem 0xda200000-0xda2fffff 64bit pref]
[    0.186501] pci 0000:00:15.7: PCI bridge to [bus 0a-0a]
[    0.186545] pci 0000:00:15.7:   bridge window [mem 0xcc000000-0xcc0fffff]
[    0.186589] pci 0000:00:15.7:   bridge window [mem 0xda600000-0xda6fffff 64bit pref]
[    0.187061] pci 0000:00:16.0: PCI bridge to [bus 0b-0b]
[    0.187083] pci 0000:00:16.0:   bridge window [io  0x5000-0x5fff]
[    0.187106] pci 0000:00:16.0:   bridge window [mem 0xca500000-0xca5fffff]
[    0.187150] pci 0000:00:16.0:   bridge window [mem 0xd8b00000-0xd8bfffff 64bit pref]
[    0.187613] pci 0000:00:16.1: PCI bridge to [bus 0c-0c]
[    0.187635] pci 0000:00:16.1:   bridge window [io  0x9000-0x9fff]
[    0.187658] pci 0000:00:16.1:   bridge window [mem 0xca900000-0xca9fffff]
[    0.187716] pci 0000:00:16.1:   bridge window [mem 0xd8f00000-0xd8ffffff 64bit pref]
[    0.188187] pci 0000:00:16.2: PCI bridge to [bus 0d-0d]
[    0.188210] pci 0000:00:16.2:   bridge window [io  0xd000-0xdfff]
[    0.188234] pci 0000:00:16.2:   bridge window [mem 0xcad00000-0xcadfffff]
[    0.188278] pci 0000:00:16.2:   bridge window [mem 0xd9300000-0xd93fffff 64bit pref]
[    0.188742] pci 0000:00:16.3: PCI bridge to [bus 0e-0e]
[    0.188786] pci 0000:00:16.3:   bridge window [mem 0xcb100000-0xcb1fffff]
[    0.188829] pci 0000:00:16.3:   bridge window [mem 0xd9700000-0xd97fffff 64bit pref]
[    0.189290] pci 0000:00:16.4: PCI bridge to [bus 0f-0f]
[    0.189333] pci 0000:00:16.4:   bridge window [mem 0xcb500000-0xcb5fffff]
[    0.189377] pci 0000:00:16.4:   bridge window [mem 0xd9b00000-0xd9bfffff 64bit pref]
[    0.189837] pci 0000:00:16.5: PCI bridge to [bus 10-10]
[    0.189881] pci 0000:00:16.5:   bridge window [mem 0xcb900000-0xcb9fffff]
[    0.189924] pci 0000:00:16.5:   bridge window [mem 0xd9f00000-0xd9ffffff 64bit pref]
[    0.190392] pci 0000:00:16.6: PCI bridge to [bus 11-11]
[    0.190435] pci 0000:00:16.6:   bridge window [mem 0xcbd00000-0xcbdfffff]
[    0.190479] pci 0000:00:16.6:   bridge window [mem 0xda300000-0xda3fffff 64bit pref]
[    0.190949] pci 0000:00:16.7: PCI bridge to [bus 12-12]
[    0.190993] pci 0000:00:16.7:   bridge window [mem 0xcc100000-0xcc1fffff]
[    0.191036] pci 0000:00:16.7:   bridge window [mem 0xda700000-0xda7fffff 64bit pref]
[    0.191497] pci 0000:00:17.0: PCI bridge to [bus 13-13]
[    0.191520] pci 0000:00:17.0:   bridge window [io  0x6000-0x6fff]
[    0.191543] pci 0000:00:17.0:   bridge window [mem 0xca600000-0xca6fffff]
[    0.191587] pci 0000:00:17.0:   bridge window [mem 0xd8c00000-0xd8cfffff 64bit pref]
[    0.192069] pci 0000:00:17.1: PCI bridge to [bus 14-14]
[    0.192092] pci 0000:00:17.1:   bridge window [io  0xa000-0xafff]
[    0.192115] pci 0000:00:17.1:   bridge window [mem 0xcaa00000-0xcaafffff]
[    0.192159] pci 0000:00:17.1:   bridge window [mem 0xd9000000-0xd90fffff 64bit pref]
[    0.192621] pci 0000:00:17.2: PCI bridge to [bus 15-15]
[    0.192644] pci 0000:00:17.2:   bridge window [io  0xe000-0xefff]
[    0.192666] pci 0000:00:17.2:   bridge window [mem 0xcae00000-0xcaefffff]
[    0.192710] pci 0000:00:17.2:   bridge window [mem 0xd9400000-0xd94fffff 64bit pref]
[    0.193182] pci 0000:00:17.3: PCI bridge to [bus 16-16]
[    0.193226] pci 0000:00:17.3:   bridge window [mem 0xcb200000-0xcb2fffff]
[    0.193269] pci 0000:00:17.3:   bridge window [mem 0xd9800000-0xd98fffff 64bit pref]
[    0.193730] pci 0000:00:17.4: PCI bridge to [bus 17-17]
[    0.193773] pci 0000:00:17.4:   bridge window [mem 0xcb600000-0xcb6fffff]
[    0.193816] pci 0000:00:17.4:   bridge window [mem 0xd9c00000-0xd9cfffff 64bit pref]
[    0.194285] pci 0000:00:17.5: PCI bridge to [bus 18-18]
[    0.194328] pci 0000:00:17.5:   bridge window [mem 0xcba00000-0xcbafffff]
[    0.194372] pci 0000:00:17.5:   bridge window [mem 0xda000000-0xda0fffff 64bit pref]
[    0.194831] pci 0000:00:17.6: PCI bridge to [bus 19-19]
[    0.194874] pci 0000:00:17.6:   bridge window [mem 0xcbe00000-0xcbefffff]
[    0.194918] pci 0000:00:17.6:   bridge window [mem 0xda400000-0xda4fffff 64bit pref]
[    0.195378] pci 0000:00:17.7: PCI bridge to [bus 1a-1a]
[    0.195422] pci 0000:00:17.7:   bridge window [mem 0xcc200000-0xcc2fffff]
[    0.195466] pci 0000:00:17.7:   bridge window [mem 0xda800000-0xda8fffff 64bit pref]
[    0.195940] pci 0000:00:18.0: PCI bridge to [bus 1b-1b]
[    0.195963] pci 0000:00:18.0:   bridge window [io  0x7000-0x7fff]
[    0.195986] pci 0000:00:18.0:   bridge window [mem 0xca700000-0xca7fffff]
[    0.196029] pci 0000:00:18.0:   bridge window [mem 0xd8d00000-0xd8dfffff 64bit pref]
[    0.196490] pci 0000:00:18.1: PCI bridge to [bus 1c-1c]
[    0.196512] pci 0000:00:18.1:   bridge window [io  0xb000-0xbfff]
[    0.196535] pci 0000:00:18.1:   bridge window [mem 0xcab00000-0xcabfffff]
[    0.196579] pci 0000:00:18.1:   bridge window [mem 0xd9100000-0xd91fffff 64bit pref]
[    0.197045] pci 0000:00:18.2: PCI bridge to [bus 1d-1d]
[    0.197068] pci 0000:00:18.2:   bridge window [io  0xf000-0xffff]
[    0.197091] pci 0000:00:18.2:   bridge window [mem 0xcaf00000-0xcaffffff]
[    0.197134] pci 0000:00:18.2:   bridge window [mem 0xd9500000-0xd95fffff 64bit pref]
[    0.197599] pci 0000:00:18.3: PCI bridge to [bus 1e-1e]
[    0.197643] pci 0000:00:18.3:   bridge window [mem 0xcb300000-0xcb3fffff]
[    0.197686] pci 0000:00:18.3:   bridge window [mem 0xd9900000-0xd99fffff 64bit pref]
[    0.198148] pci 0000:00:18.4: PCI bridge to [bus 1f-1f]
[    0.198192] pci 0000:00:18.4:   bridge window [mem 0xcb700000-0xcb7fffff]
[    0.198236] pci 0000:00:18.4:   bridge window [mem 0xd9d00000-0xd9dfffff 64bit pref]
[    0.198696] pci 0000:00:18.5: PCI bridge to [bus 20-20]
[    0.198739] pci 0000:00:18.5:   bridge window [mem 0xcbb00000-0xcbbfffff]
[    0.198782] pci 0000:00:18.5:   bridge window [mem 0xda100000-0xda1fffff 64bit pref]
[    0.199256] pci 0000:00:18.6: PCI bridge to [bus 21-21]
[    0.199299] pci 0000:00:18.6:   bridge window [mem 0xcbf00000-0xcbffffff]
[    0.199342] pci 0000:00:18.6:   bridge window [mem 0xda500000-0xda5fffff 64bit pref]
[    0.199816] pci 0000:00:18.7: PCI bridge to [bus 22-22]
[    0.199860] pci 0000:00:18.7:   bridge window [mem 0xcc300000-0xcc3fffff]
[    0.199903] pci 0000:00:18.7:   bridge window [mem 0xda900000-0xda9fffff 64bit pref]
[    0.201644] pci_bus 0000:00: on NUMA node 0
[    0.201650] ACPI: PCI Interrupt Routing Table [\_SB_.PCI0._PRT]
[    0.202251]  pci0000:00: Requesting ACPI _OSC control (0x1d)
[    0.202453]  pci0000:00: ACPI _OSC control (0x15) granted
[    0.278379] ACPI: PCI Interrupt Link [LNKA] (IRQs 3 4 5 6 7 *9 10 11 14 15)
[    0.278445] ACPI: PCI Interrupt Link [LNKB] (IRQs 3 4 5 6 7 9 10 *11 14 15)
[    0.278506] ACPI: PCI Interrupt Link [LNKC] (IRQs 3 4 5 6 7 9 *10 11 14 15)
[    0.278567] ACPI: PCI Interrupt Link [LNKD] (IRQs 3 4 *5 6 7 9 10 11 14 15)
[    0.278694] vgaarb: device added: PCI:0000:00:0f.0,decodes=io+mem,owns=io+mem,locks=none
[    0.278703] vgaarb: loaded
[    0.278704] vgaarb: bridge control possible 0000:00:0f.0
[    0.278780] i2c-core: driver [aat2870] using legacy suspend method
[    0.278782] i2c-core: driver [aat2870] using legacy resume method
[    0.278856] SCSI subsystem initialized
[    0.278893] libata version 3.00 loaded.
[    0.278921] usbcore: registered new interface driver usbfs
[    0.278930] usbcore: registered new interface driver hub
[    0.278951] usbcore: registered new device driver usb
[    0.279012] PCI: Using ACPI for IRQ routing
[    0.343126] PCI: pci_cache_line_size set to 64 bytes
[    0.343147] pci 0000:00:18.2: no compatible bridge window for [io  0xf000-0xffff]
[    0.344084] reserve RAM buffer: 000000000009f000 - 000000000009ffff 
[    0.344086] reserve RAM buffer: 000000003fee0000 - 000000003fffffff 
[    0.344174] NetLabel: Initializing
[    0.344175] NetLabel:  domain hash size = 128
[    0.344176] NetLabel:  protocols = UNLABELED CIPSOv4
[    0.344183] NetLabel:  unlabeled traffic allowed by default
[    0.344234] hpet0: at MMIO 0xfed00000, IRQs 2, 8, 0, 0, 0, 0, 0, 0, 0, 0, 0, 0, 0, 0, 0, 0
[    0.344240] hpet0: 16 comparators, 64-bit 14.318180 MHz counter
[    0.346259] Switching to clocksource hpet
[    0.353845] AppArmor: AppArmor Filesystem Enabled
[    0.353871] pnp: PnP ACPI init
[    0.353892] ACPI: bus type pnp registered
[    0.354673] pnp 00:00: [bus 00-ff]
[    0.354678] pnp 00:00: [mem 0x000a0000-0x000bffff window]
[    0.354682] pnp 00:00: [mem 0x000c0000-0x000c3fff window]
[    0.354684] pnp 00:00: [mem 0x000c4000-0x000c7fff window]
[    0.354686] pnp 00:00: [mem 0x000c8000-0x000cbfff window]
[    0.354687] pnp 00:00: [mem 0x000cc000-0x000cffff window]
[    0.354689] pnp 00:00: [mem 0x000d0000-0x000d3fff window]
[    0.354690] pnp 00:00: [mem 0x000d4000-0x000d7fff window]
[    0.354692] pnp 00:00: [mem 0x000d8000-0x000dbfff window]
[    0.354693] pnp 00:00: [mem 0x000dc000-0x000dffff window]
[    0.354695] pnp 00:00: [mem 0x000e0000-0x000e3fff window]
[    0.354697] pnp 00:00: [mem 0x000e4000-0x000e7fff window]
[    0.354710] pnp 00:00: [mem 0x000e8000-0x000ebfff window]
[    0.354711] pnp 00:00: [mem 0x000ec000-0x000effff window]
[    0.354713] pnp 00:00: [mem 0xc0000000-0xfebfffff window]
[    0.354715] pnp 00:00: [io  0x0cf8-0x0cff]
[    0.354717] pnp 00:00: [io  0x0000-0x0cf7 window]
[    0.354719] pnp 00:00: [io  0x0d00-0xfeff window]
[    0.354765] pnp 00:00: Plug and Play ACPI device, IDs PNP0a03 PNP0a08 (active)
[    0.354843] pnp 00:01: [io  0x0010-0x001f]
[    0.354844] pnp 00:01: [io  0x0024-0x0025]
[    0.354845] pnp 00:01: [io  0x0028-0x0029]
[    0.354846] pnp 00:01: [io  0x002c-0x002d]
[    0.354848] pnp 00:01: [io  0x002e-0x002f]
[    0.354849] pnp 00:01: [io  0x0030-0x0031]
[    0.354851] pnp 00:01: [io  0x0034-0x0035]
[    0.354853] pnp 00:01: [io  0x0038-0x0039]
[    0.354856] pnp 00:01: [io  0x003c-0x003d]
[    0.354857] pnp 00:01: [io  0x0050-0x0053]
[    0.354858] pnp 00:01: [io  0x0072-0x0077]
[    0.354859] pnp 00:01: [io  0x0080]
[    0.354860] pnp 00:01: [io  0x0090-0x009f]
[    0.354862] pnp 00:01: [io  0x00a4-0x00a5]
[    0.354863] pnp 00:01: [io  0x00a8-0x00a9]
[    0.354864] pnp 00:01: [io  0x00ac-0x00ad]
[    0.354865] pnp 00:01: [io  0x00b0-0x00b5]
[    0.354866] pnp 00:01: [io  0x00b8-0x00b9]
[    0.354867] pnp 00:01: [io  0x00bc-0x00bd]
[    0.354869] pnp 00:01: [io  0x1000-0x103f]
[    0.354870] pnp 00:01: [io  0x1040-0x104f]
[    0.354871] pnp 00:01: [io  0x0cf0-0x0cf1]
[    0.354942] system 00:01: [io  0x1000-0x103f] has been reserved
[    0.354947] system 00:01: [io  0x1040-0x104f] has been reserved
[    0.354950] system 00:01: [io  0x0cf0-0x0cf1] has been reserved
[    0.354953] system 00:01: Plug and Play ACPI device, IDs PNP0c02 (active)
[    0.354964] pnp 00:02: [io  0x0000-0x000f]
[    0.354965] pnp 00:02: [io  0x0081-0x008f]
[    0.354966] pnp 00:02: [io  0x00c0-0x00df]
[    0.354968] pnp 00:02: [dma 4]
[    0.354989] pnp 00:02: Plug and Play ACPI device, IDs PNP0200 (active)
[    0.354995] pnp 00:03: [io  0x0020-0x0021]
[    0.354997] pnp 00:03: [io  0x00a0-0x00a1]
[    0.354998] pnp 00:03: [io  0x04d0-0x04d1]
[    0.354999] pnp 00:03: [irq 2 disabled]
[    0.355020] pnp 00:03: Plug and Play ACPI device, IDs PNP0001 (active)
[    0.355029] pnp 00:04: [io  0x0070-0x0071]
[    0.355032] pnp 00:04: [irq 8]
[    0.355049] pnp 00:04: Plug and Play ACPI device, IDs PNP0b00 (active)
[    0.355055] pnp 00:05: [io  0x0061]
[    0.355072] pnp 00:05: Plug and Play ACPI device, IDs PNP0800 (active)
[    0.355078] pnp 00:06: [io  0x0060]
[    0.355079] pnp 00:06: [io  0x0064]
[    0.355082] pnp 00:06: [irq 1]
[    0.355102] pnp 00:06: Plug and Play ACPI device, IDs PNP0303 (active)
[    0.355112] pnp 00:07: [irq 12]
[    0.355128] pnp 00:07: Plug and Play ACPI device, IDs PNP0f13 (active)
[    0.355317] pnp 00:08: [mem 0xfed00000-0xfed003ff]
[    0.355359] system 00:08: [mem 0xfed00000-0xfed003ff] has been reserved
[    0.355361] system 00:08: Plug and Play ACPI device, IDs PNP0103 PNP0c01 (active)
[    0.361337] pnp 00:09: [io  0x0378-0x037f]
[    0.361341] pnp 00:09: [irq 7]
[    0.362859] pnp 00:09: Plug and Play ACPI device, IDs PNP0400 (active)
[    0.368030] pnp 00:0a: [io  0x03f8-0x03ff]
[    0.368033] pnp 00:0a: [irq 4]
[    0.369621] pnp 00:0a: Plug and Play ACPI device, IDs PNP0501 (active)
[    0.374641] pnp 00:0b: [io  0x02f8-0x02ff]
[    0.374644] pnp 00:0b: [irq 3]
[    0.375997] pnp 00:0b: Plug and Play ACPI device, IDs PNP0501 (active)
[    0.382465] pnp 00:0c: [io  0x03f0-0x03f5]
[    0.382468] pnp 00:0c: [io  0x03f7]
[    0.382471] pnp 00:0c: [irq 6]
[    0.382473] pnp 00:0c: [dma 2]
[    0.383638] pnp 00:0c: Plug and Play ACPI device, IDs PNP0700 (active)
[    0.383851] pnp 00:0d: [mem 0xe0000000-0xefffffff]
[    0.383854] pnp 00:0d: [io  0x1060-0x107f]
[    0.383856] pnp 00:0d: [mem 0xc8200000-0xc83fffff]
[    0.383919] system 00:0d: [io  0x1060-0x107f] has been reserved
[    0.383924] system 00:0d: [mem 0xe0000000-0xefffffff] has been reserved
[    0.383926] system 00:0d: [mem 0xc8200000-0xc83fffff] has been reserved
[    0.383929] system 00:0d: Plug and Play ACPI device, IDs PNP0c02 (active)
[    0.390210] pnp: PnP ACPI: found 14 devices
[    0.390213] ACPI: ACPI bus type pnp unregistered
[    0.390217] PnPBIOS: Disabled by ACPI PNP
[    0.426376] PCI: max bus depth: 1 pci_try_num: 2
[    0.426451] pci 0000:00:0f.0: BAR 6: assigned [mem 0xc0000000-0xc0007fff pref]
[    0.426456] pci 0000:00:10.0: BAR 6: assigned [mem 0xc0008000-0xc000bfff pref]
[    0.426461] pci 0000:00:18.7: BAR 13: can't assign io (size 0x1000)
[    0.426464] pci 0000:00:18.6: BAR 13: can't assign io (size 0x1000)
[    0.426467] pci 0000:00:18.5: BAR 13: can't assign io (size 0x1000)
[    0.426470] pci 0000:00:18.4: BAR 13: can't assign io (size 0x1000)
[    0.426473] pci 0000:00:18.3: BAR 13: can't assign io (size 0x1000)
[    0.426476] pci 0000:00:18.2: BAR 13: can't assign io (size 0x1000)
[    0.426479] pci 0000:00:17.7: BAR 13: can't assign io (size 0x1000)
[    0.426482] pci 0000:00:17.6: BAR 13: can't assign io (size 0x1000)
[    0.426485] pci 0000:00:17.5: BAR 13: can't assign io (size 0x1000)
[    0.426488] pci 0000:00:17.4: BAR 13: can't assign io (size 0x1000)
[    0.426491] pci 0000:00:17.3: BAR 13: can't assign io (size 0x1000)
[    0.426494] pci 0000:00:16.7: BAR 13: can't assign io (size 0x1000)
[    0.426497] pci 0000:00:16.6: BAR 13: can't assign io (size 0x1000)
[    0.426500] pci 0000:00:16.5: BAR 13: can't assign io (size 0x1000)
[    0.426503] pci 0000:00:16.4: BAR 13: can't assign io (size 0x1000)
[    0.426506] pci 0000:00:16.3: BAR 13: can't assign io (size 0x1000)
[    0.426509] pci 0000:00:15.7: BAR 13: can't assign io (size 0x1000)
[    0.426512] pci 0000:00:15.6: BAR 13: can't assign io (size 0x1000)
[    0.426515] pci 0000:00:15.5: BAR 13: can't assign io (size 0x1000)
[    0.426517] pci 0000:00:15.4: BAR 13: can't assign io (size 0x1000)
[    0.426520] pci 0000:00:15.3: BAR 13: can't assign io (size 0x1000)
[    0.426523] pci 0000:00:01.0: PCI bridge to [bus 01-01]
[    0.426598] pci 0000:02:01.0: BAR 6: assigned [mem 0xd8400000-0xd840ffff pref]
[    0.426601] pci 0000:00:11.0: PCI bridge to [bus 02-02]
[    0.426614] pci 0000:00:11.0:   bridge window [io  0x2000-0x3fff]
[    0.426645] pci 0000:00:11.0:   bridge window [mem 0xc9000000-0xca3fffff]
[    0.426667] pci 0000:00:11.0:   bridge window [mem 0xd8400000-0xd89fffff 64bit pref]
[    0.426707] pci 0000:00:15.0: PCI bridge to [bus 03-03]
[    0.426719] pci 0000:00:15.0:   bridge window [io  0x4000-0x4fff]
[    0.426750] pci 0000:00:15.0:   bridge window [mem 0xca400000-0xca4fffff]
[    0.426771] pci 0000:00:15.0:   bridge window [mem 0xd8a00000-0xd8afffff 64bit pref]
[    0.426824] pci 0000:00:15.1: PCI bridge to [bus 04-04]
[    0.426837] pci 0000:00:15.1:   bridge window [io  0x8000-0x8fff]
[    0.426868] pci 0000:00:15.1:   bridge window [mem 0xca800000-0xca8fffff]
[    0.426889] pci 0000:00:15.1:   bridge window [mem 0xd8e00000-0xd8efffff 64bit pref]
[    0.426933] pci 0000:00:15.2: PCI bridge to [bus 05-05]
[    0.426946] pci 0000:00:15.2:   bridge window [io  0xc000-0xcfff]
[    0.426977] pci 0000:00:15.2:   bridge window [mem 0xcac00000-0xcacfffff]
[    0.426998] pci 0000:00:15.2:   bridge window [mem 0xd9200000-0xd92fffff 64bit pref]
[    0.427042] pci 0000:00:15.3: PCI bridge to [bus 06-06]
[    0.427082] pci 0000:00:15.3:   bridge window [mem 0xcb000000-0xcb0fffff]
[    0.427103] pci 0000:00:15.3:   bridge window [mem 0xd9600000-0xd96fffff 64bit pref]
[    0.427147] pci 0000:00:15.4: PCI bridge to [bus 07-07]
[    0.427178] pci 0000:00:15.4:   bridge window [mem 0xcb400000-0xcb4fffff]
[    0.427199] pci 0000:00:15.4:   bridge window [mem 0xd9a00000-0xd9afffff 64bit pref]
[    0.427243] pci 0000:00:15.5: PCI bridge to [bus 08-08]
[    0.427274] pci 0000:00:15.5:   bridge window [mem 0xcb800000-0xcb8fffff]
[    0.427296] pci 0000:00:15.5:   bridge window [mem 0xd9e00000-0xd9efffff 64bit pref]
[    0.427339] pci 0000:00:15.6: PCI bridge to [bus 09-09]
[    0.427369] pci 0000:00:15.6:   bridge window [mem 0xcbc00000-0xcbcfffff]
[    0.427391] pci 0000:00:15.6:   bridge window [mem 0xda200000-0xda2fffff 64bit pref]
[    0.427435] pci 0000:00:15.7: PCI bridge to [bus 0a-0a]
[    0.427466] pci 0000:00:15.7:   bridge window [mem 0xcc000000-0xcc0fffff]
[    0.427487] pci 0000:00:15.7:   bridge window [mem 0xda600000-0xda6fffff 64bit pref]
[    0.427530] pci 0000:00:16.0: PCI bridge to [bus 0b-0b]
[    0.427543] pci 0000:00:16.0:   bridge window [io  0x5000-0x5fff]
[    0.427574] pci 0000:00:16.0:   bridge window [mem 0xca500000-0xca5fffff]
[    0.427595] pci 0000:00:16.0:   bridge window [mem 0xd8b00000-0xd8bfffff 64bit pref]
[    0.427639] pci 0000:00:16.1: PCI bridge to [bus 0c-0c]
[    0.427651] pci 0000:00:16.1:   bridge window [io  0x9000-0x9fff]
[    0.427682] pci 0000:00:16.1:   bridge window [mem 0xca900000-0xca9fffff]
[    0.427703] pci 0000:00:16.1:   bridge window [mem 0xd8f00000-0xd8ffffff 64bit pref]
[    0.427747] pci 0000:00:16.2: PCI bridge to [bus 0d-0d]
[    0.427760] pci 0000:00:16.2:   bridge window [io  0xd000-0xdfff]
[    0.427790] pci 0000:00:16.2:   bridge window [mem 0xcad00000-0xcadfffff]
[    0.427811] pci 0000:00:16.2:   bridge window [mem 0xd9300000-0xd93fffff 64bit pref]
[    0.427856] pci 0000:00:16.3: PCI bridge to [bus 0e-0e]
[    0.427886] pci 0000:00:16.3:   bridge window [mem 0xcb100000-0xcb1fffff]
[    0.427908] pci 0000:00:16.3:   bridge window [mem 0xd9700000-0xd97fffff 64bit pref]
[    0.427951] pci 0000:00:16.4: PCI bridge to [bus 0f-0f]
[    0.427982] pci 0000:00:16.4:   bridge window [mem 0xcb500000-0xcb5fffff]
[    0.428003] pci 0000:00:16.4:   bridge window [mem 0xd9b00000-0xd9bfffff 64bit pref]
[    0.428047] pci 0000:00:16.5: PCI bridge to [bus 10-10]
[    0.428085] pci 0000:00:16.5:   bridge window [mem 0xcb900000-0xcb9fffff]
[    0.428106] pci 0000:00:16.5:   bridge window [mem 0xd9f00000-0xd9ffffff 64bit pref]
[    0.428150] pci 0000:00:16.6: PCI bridge to [bus 11-11]
[    0.428181] pci 0000:00:16.6:   bridge window [mem 0xcbd00000-0xcbdfffff]
[    0.428202] pci 0000:00:16.6:   bridge window [mem 0xda300000-0xda3fffff 64bit pref]
[    0.428246] pci 0000:00:16.7: PCI bridge to [bus 12-12]
[    0.428277] pci 0000:00:16.7:   bridge window [mem 0xcc100000-0xcc1fffff]
[    0.428298] pci 0000:00:16.7:   bridge window [mem 0xda700000-0xda7fffff 64bit pref]
[    0.428342] pci 0000:00:17.0: PCI bridge to [bus 13-13]
[    0.428355] pci 0000:00:17.0:   bridge window [io  0x6000-0x6fff]
[    0.428385] pci 0000:00:17.0:   bridge window [mem 0xca600000-0xca6fffff]
[    0.428407] pci 0000:00:17.0:   bridge window [mem 0xd8c00000-0xd8cfffff 64bit pref]
[    0.428451] pci 0000:00:17.1: PCI bridge to [bus 14-14]
[    0.428463] pci 0000:00:17.1:   bridge window [io  0xa000-0xafff]
[    0.428494] pci 0000:00:17.1:   bridge window [mem 0xcaa00000-0xcaafffff]
[    0.428515] pci 0000:00:17.1:   bridge window [mem 0xd9000000-0xd90fffff 64bit pref]
[    0.428559] pci 0000:00:17.2: PCI bridge to [bus 15-15]
[    0.428571] pci 0000:00:17.2:   bridge window [io  0xe000-0xefff]
[    0.428602] pci 0000:00:17.2:   bridge window [mem 0xcae00000-0xcaefffff]
[    0.428623] pci 0000:00:17.2:   bridge window [mem 0xd9400000-0xd94fffff 64bit pref]
[    0.428667] pci 0000:00:17.3: PCI bridge to [bus 16-16]
[    0.428698] pci 0000:00:17.3:   bridge window [mem 0xcb200000-0xcb2fffff]
[    0.428719] pci 0000:00:17.3:   bridge window [mem 0xd9800000-0xd98fffff 64bit pref]
[    0.428763] pci 0000:00:17.4: PCI bridge to [bus 17-17]
[    0.428793] pci 0000:00:17.4:   bridge window [mem 0xcb600000-0xcb6fffff]
[    0.428814] pci 0000:00:17.4:   bridge window [mem 0xd9c00000-0xd9cfffff 64bit pref]
[    0.428858] pci 0000:00:17.5: PCI bridge to [bus 18-18]
[    0.428889] pci 0000:00:17.5:   bridge window [mem 0xcba00000-0xcbafffff]
[    0.428910] pci 0000:00:17.5:   bridge window [mem 0xda000000-0xda0fffff 64bit pref]
[    0.428954] pci 0000:00:17.6: PCI bridge to [bus 19-19]
[    0.428985] pci 0000:00:17.6:   bridge window [mem 0xcbe00000-0xcbefffff]
[    0.429006] pci 0000:00:17.6:   bridge window [mem 0xda400000-0xda4fffff 64bit pref]
[    0.429050] pci 0000:00:17.7: PCI bridge to [bus 1a-1a]
[    0.429092] pci 0000:00:17.7:   bridge window [mem 0xcc200000-0xcc2fffff]
[    0.429114] pci 0000:00:17.7:   bridge window [mem 0xda800000-0xda8fffff 64bit pref]
[    0.429158] pci 0000:00:18.0: PCI bridge to [bus 1b-1b]
[    0.429170] pci 0000:00:18.0:   bridge window [io  0x7000-0x7fff]
[    0.429201] pci 0000:00:18.0:   bridge window [mem 0xca700000-0xca7fffff]
[    0.429222] pci 0000:00:18.0:   bridge window [mem 0xd8d00000-0xd8dfffff 64bit pref]
[    0.429266] pci 0000:00:18.1: PCI bridge to [bus 1c-1c]
[    0.429279] pci 0000:00:18.1:   bridge window [io  0xb000-0xbfff]
[    0.429309] pci 0000:00:18.1:   bridge window [mem 0xcab00000-0xcabfffff]
[    0.429331] pci 0000:00:18.1:   bridge window [mem 0xd9100000-0xd91fffff 64bit pref]
[    0.429375] pci 0000:00:18.2: PCI bridge to [bus 1d-1d]
[    0.429405] pci 0000:00:18.2:   bridge window [mem 0xcaf00000-0xcaffffff]
[    0.429427] pci 0000:00:18.2:   bridge window [mem 0xd9500000-0xd95fffff 64bit pref]
[    0.429470] pci 0000:00:18.3: PCI bridge to [bus 1e-1e]
[    0.429501] pci 0000:00:18.3:   bridge window [mem 0xcb300000-0xcb3fffff]
[    0.429522] pci 0000:00:18.3:   bridge window [mem 0xd9900000-0xd99fffff 64bit pref]
[    0.429566] pci 0000:00:18.4: PCI bridge to [bus 1f-1f]
[    0.429597] pci 0000:00:18.4:   bridge window [mem 0xcb700000-0xcb7fffff]
[    0.429618] pci 0000:00:18.4:   bridge window [mem 0xd9d00000-0xd9dfffff 64bit pref]
[    0.429662] pci 0000:00:18.5: PCI bridge to [bus 20-20]
[    0.429693] pci 0000:00:18.5:   bridge window [mem 0xcbb00000-0xcbbfffff]
[    0.429714] pci 0000:00:18.5:   bridge window [mem 0xda100000-0xda1fffff 64bit pref]
[    0.429758] pci 0000:00:18.6: PCI bridge to [bus 21-21]
[    0.429788] pci 0000:00:18.6:   bridge window [mem 0xcbf00000-0xcbffffff]
[    0.429809] pci 0000:00:18.6:   bridge window [mem 0xda500000-0xda5fffff 64bit pref]
[    0.429853] pci 0000:00:18.7: PCI bridge to [bus 22-22]
[    0.429884] pci 0000:00:18.7:   bridge window [mem 0xcc300000-0xcc3fffff]
[    0.429905] pci 0000:00:18.7:   bridge window [mem 0xda900000-0xda9fffff 64bit pref]
[    0.429981] pci 0000:00:01.0: setting latency timer to 64
[    0.430056] pci 0000:00:15.0: setting latency timer to 64
[    0.430152] pci 0000:00:15.1: setting latency timer to 64
[    0.430205] pci 0000:00:15.2: setting latency timer to 64
[    0.430255] pci 0000:00:15.3: setting latency timer to 64
[    0.430306] pci 0000:00:15.4: setting latency timer to 64
[    0.430356] pci 0000:00:15.5: setting latency timer to 64
[    0.430406] pci 0000:00:15.6: setting latency timer to 64
[    0.430456] pci 0000:00:15.7: setting latency timer to 64
[    0.430506] pci 0000:00:16.0: setting latency timer to 64
[    0.430556] pci 0000:00:16.1: setting latency timer to 64
[    0.430606] pci 0000:00:16.2: setting latency timer to 64
[    0.430656] pci 0000:00:16.3: setting latency timer to 64
[    0.430706] pci 0000:00:16.4: setting latency timer to 64
[    0.430756] pci 0000:00:16.5: setting latency timer to 64
[    0.430805] pci 0000:00:16.6: setting latency timer to 64
[    0.430855] pci 0000:00:16.7: setting latency timer to 64
[    0.430905] pci 0000:00:17.0: setting latency timer to 64
[    0.430956] pci 0000:00:17.1: setting latency timer to 64
[    0.431006] pci 0000:00:17.2: setting latency timer to 64
[    0.431067] pci 0000:00:17.3: setting latency timer to 64
[    0.431118] pci 0000:00:17.4: setting latency timer to 64
[    0.431168] pci 0000:00:17.5: setting latency timer to 64
[    0.431218] pci 0000:00:17.6: setting latency timer to 64
[    0.431268] pci 0000:00:17.7: setting latency timer to 64
[    0.431318] pci 0000:00:18.0: setting latency timer to 64
[    0.431367] pci 0000:00:18.1: setting latency timer to 64
[    0.431417] pci 0000:00:18.2: setting latency timer to 64
[    0.431467] pci 0000:00:18.3: setting latency timer to 64
[    0.431517] pci 0000:00:18.4: setting latency timer to 64
[    0.431567] pci 0000:00:18.5: setting latency timer to 64
[    0.431617] pci 0000:00:18.6: setting latency timer to 64
[    0.431667] pci 0000:00:18.7: setting latency timer to 64
[    0.431680] pci_bus 0000:00: resource 4 [mem 0x000a0000-0x000bffff]
[    0.431682] pci_bus 0000:00: resource 5 [mem 0x000cc000-0x000cffff]
[    0.431684] pci_bus 0000:00: resource 6 [mem 0x000d0000-0x000d3fff]
[    0.431686] pci_bus 0000:00: resource 7 [mem 0x000d4000-0x000d7fff]
[    0.431688] pci_bus 0000:00: resource 8 [mem 0x000d8000-0x000dbfff]
[    0.431690] pci_bus 0000:00: resource 9 [mem 0xc0000000-0xfebfffff]
[    0.431692] pci_bus 0000:00: resource 10 [io  0x0000-0x0cf7]
[    0.431694] pci_bus 0000:00: resource 11 [io  0x0d00-0xfeff]
[    0.431697] pci_bus 0000:02: resource 0 [io  0x2000-0x3fff]
[    0.431699] pci_bus 0000:02: resource 1 [mem 0xc9000000-0xca3fffff]
[    0.431701] pci_bus 0000:02: resource 2 [mem 0xd8400000-0xd89fffff 64bit pref]
[    0.431703] pci_bus 0000:02: resource 4 [mem 0x000a0000-0x000bffff]
[    0.431705] pci_bus 0000:02: resource 5 [mem 0x000cc000-0x000cffff]
[    0.431707] pci_bus 0000:02: resource 6 [mem 0x000d0000-0x000d3fff]
[    0.431709] pci_bus 0000:02: resource 7 [mem 0x000d4000-0x000d7fff]
[    0.431711] pci_bus 0000:02: resource 8 [mem 0x000d8000-0x000dbfff]
[    0.431713] pci_bus 0000:02: resource 9 [mem 0xc0000000-0xfebfffff]
[    0.431715] pci_bus 0000:02: resource 10 [io  0x0000-0x0cf7]
[    0.431717] pci_bus 0000:02: resource 11 [io  0x0d00-0xfeff]
[    0.431719] pci_bus 0000:03: resource 0 [io  0x4000-0x4fff]
[    0.431721] pci_bus 0000:03: resource 1 [mem 0xca400000-0xca4fffff]
[    0.431723] pci_bus 0000:03: resource 2 [mem 0xd8a00000-0xd8afffff 64bit pref]
[    0.431726] pci_bus 0000:04: resource 0 [io  0x8000-0x8fff]
[    0.431728] pci_bus 0000:04: resource 1 [mem 0xca800000-0xca8fffff]
[    0.431730] pci_bus 0000:04: resource 2 [mem 0xd8e00000-0xd8efffff 64bit pref]
[    0.431732] pci_bus 0000:05: resource 0 [io  0xc000-0xcfff]
[    0.431734] pci_bus 0000:05: resource 1 [mem 0xcac00000-0xcacfffff]
[    0.431736] pci_bus 0000:05: resource 2 [mem 0xd9200000-0xd92fffff 64bit pref]
[    0.431738] pci_bus 0000:06: resource 1 [mem 0xcb000000-0xcb0fffff]
[    0.431740] pci_bus 0000:06: resource 2 [mem 0xd9600000-0xd96fffff 64bit pref]
[    0.431742] pci_bus 0000:07: resource 1 [mem 0xcb400000-0xcb4fffff]
[    0.431745] pci_bus 0000:07: resource 2 [mem 0xd9a00000-0xd9afffff 64bit pref]
[    0.431747] pci_bus 0000:08: resource 1 [mem 0xcb800000-0xcb8fffff]
[    0.431749] pci_bus 0000:08: resource 2 [mem 0xd9e00000-0xd9efffff 64bit pref]
[    0.431751] pci_bus 0000:09: resource 1 [mem 0xcbc00000-0xcbcfffff]
[    0.431753] pci_bus 0000:09: resource 2 [mem 0xda200000-0xda2fffff 64bit pref]
[    0.431755] pci_bus 0000:0a: resource 1 [mem 0xcc000000-0xcc0fffff]
[    0.431758] pci_bus 0000:0a: resource 2 [mem 0xda600000-0xda6fffff 64bit pref]
[    0.431760] pci_bus 0000:0b: resource 0 [io  0x5000-0x5fff]
[    0.431762] pci_bus 0000:0b: resource 1 [mem 0xca500000-0xca5fffff]
[    0.431764] pci_bus 0000:0b: resource 2 [mem 0xd8b00000-0xd8bfffff 64bit pref]
[    0.431766] pci_bus 0000:0c: resource 0 [io  0x9000-0x9fff]
[    0.431768] pci_bus 0000:0c: resource 1 [mem 0xca900000-0xca9fffff]
[    0.431770] pci_bus 0000:0c: resource 2 [mem 0xd8f00000-0xd8ffffff 64bit pref]
[    0.431772] pci_bus 0000:0d: resource 0 [io  0xd000-0xdfff]
[    0.431774] pci_bus 0000:0d: resource 1 [mem 0xcad00000-0xcadfffff]
[    0.431776] pci_bus 0000:0d: resource 2 [mem 0xd9300000-0xd93fffff 64bit pref]
[    0.431779] pci_bus 0000:0e: resource 1 [mem 0xcb100000-0xcb1fffff]
[    0.431781] pci_bus 0000:0e: resource 2 [mem 0xd9700000-0xd97fffff 64bit pref]
[    0.431783] pci_bus 0000:0f: resource 1 [mem 0xcb500000-0xcb5fffff]
[    0.431785] pci_bus 0000:0f: resource 2 [mem 0xd9b00000-0xd9bfffff 64bit pref]
[    0.431787] pci_bus 0000:10: resource 1 [mem 0xcb900000-0xcb9fffff]
[    0.431789] pci_bus 0000:10: resource 2 [mem 0xd9f00000-0xd9ffffff 64bit pref]
[    0.431792] pci_bus 0000:11: resource 1 [mem 0xcbd00000-0xcbdfffff]
[    0.431794] pci_bus 0000:11: resource 2 [mem 0xda300000-0xda3fffff 64bit pref]
[    0.431796] pci_bus 0000:12: resource 1 [mem 0xcc100000-0xcc1fffff]
[    0.431798] pci_bus 0000:12: resource 2 [mem 0xda700000-0xda7fffff 64bit pref]
[    0.431800] pci_bus 0000:13: resource 0 [io  0x6000-0x6fff]
[    0.431802] pci_bus 0000:13: resource 1 [mem 0xca600000-0xca6fffff]
[    0.431804] pci_bus 0000:13: resource 2 [mem 0xd8c00000-0xd8cfffff 64bit pref]
[    0.431807] pci_bus 0000:14: resource 0 [io  0xa000-0xafff]
[    0.431809] pci_bus 0000:14: resource 1 [mem 0xcaa00000-0xcaafffff]
[    0.431811] pci_bus 0000:14: resource 2 [mem 0xd9000000-0xd90fffff 64bit pref]
[    0.431813] pci_bus 0000:15: resource 0 [io  0xe000-0xefff]
[    0.431815] pci_bus 0000:15: resource 1 [mem 0xcae00000-0xcaefffff]
[    0.431817] pci_bus 0000:15: resource 2 [mem 0xd9400000-0xd94fffff 64bit pref]
[    0.431819] pci_bus 0000:16: resource 1 [mem 0xcb200000-0xcb2fffff]
[    0.431821] pci_bus 0000:16: resource 2 [mem 0xd9800000-0xd98fffff 64bit pref]
[    0.431824] pci_bus 0000:17: resource 1 [mem 0xcb600000-0xcb6fffff]
[    0.431826] pci_bus 0000:17: resource 2 [mem 0xd9c00000-0xd9cfffff 64bit pref]
[    0.431828] pci_bus 0000:18: resource 1 [mem 0xcba00000-0xcbafffff]
[    0.431830] pci_bus 0000:18: resource 2 [mem 0xda000000-0xda0fffff 64bit pref]
[    0.431832] pci_bus 0000:19: resource 1 [mem 0xcbe00000-0xcbefffff]
[    0.431834] pci_bus 0000:19: resource 2 [mem 0xda400000-0xda4fffff 64bit pref]
[    0.431837] pci_bus 0000:1a: resource 1 [mem 0xcc200000-0xcc2fffff]
[    0.431839] pci_bus 0000:1a: resource 2 [mem 0xda800000-0xda8fffff 64bit pref]
[    0.431841] pci_bus 0000:1b: resource 0 [io  0x7000-0x7fff]
[    0.431843] pci_bus 0000:1b: resource 1 [mem 0xca700000-0xca7fffff]
[    0.431845] pci_bus 0000:1b: resource 2 [mem 0xd8d00000-0xd8dfffff 64bit pref]
[    0.431847] pci_bus 0000:1c: resource 0 [io  0xb000-0xbfff]
[    0.431849] pci_bus 0000:1c: resource 1 [mem 0xcab00000-0xcabfffff]
[    0.431851] pci_bus 0000:1c: resource 2 [mem 0xd9100000-0xd91fffff 64bit pref]
[    0.431854] pci_bus 0000:1d: resource 1 [mem 0xcaf00000-0xcaffffff]
[    0.431856] pci_bus 0000:1d: resource 2 [mem 0xd9500000-0xd95fffff 64bit pref]
[    0.431858] pci_bus 0000:1e: resource 1 [mem 0xcb300000-0xcb3fffff]
[    0.431860] pci_bus 0000:1e: resource 2 [mem 0xd9900000-0xd99fffff 64bit pref]
[    0.431862] pci_bus 0000:1f: resource 1 [mem 0xcb700000-0xcb7fffff]
[    0.431864] pci_bus 0000:1f: resource 2 [mem 0xd9d00000-0xd9dfffff 64bit pref]
[    0.431867] pci_bus 0000:20: resource 1 [mem 0xcbb00000-0xcbbfffff]
[    0.431869] pci_bus 0000:20: resource 2 [mem 0xda100000-0xda1fffff 64bit pref]
[    0.431871] pci_bus 0000:21: resource 1 [mem 0xcbf00000-0xcbffffff]
[    0.431873] pci_bus 0000:21: resource 2 [mem 0xda500000-0xda5fffff 64bit pref]
[    0.431875] pci_bus 0000:22: resource 1 [mem 0xcc300000-0xcc3fffff]
[    0.431877] pci_bus 0000:22: resource 2 [mem 0xda900000-0xda9fffff 64bit pref]
[    0.431911] NET: Registered protocol family 2
[    0.431949] IP route cache hash table entries: 32768 (order: 5, 131072 bytes)
[    0.432025] TCP established hash table entries: 131072 (order: 8, 1048576 bytes)
[    0.432100] TCP bind hash table entries: 65536 (order: 7, 524288 bytes)
[    0.432175] TCP: Hash tables configured (established 131072 bind 65536)
[    0.432178] TCP reno registered
[    0.432181] UDP hash table entries: 512 (order: 2, 16384 bytes)
[    0.432188] UDP-Lite hash table entries: 512 (order: 2, 16384 bytes)
[    0.432225] NET: Registered protocol family 1
[    0.432233] pci 0000:00:00.0: Limiting direct PCI/PCI transfers
[    0.432308] pci 0000:00:0f.0: Boot video device
[    0.432383] ACPI: PCI Interrupt Link [LNKC] enabled at IRQ 10
[    0.432386] PCI: setting IRQ 10 as level-triggered
[    0.432393] pci 0000:02:00.0: PCI INT A -> Link[LNKC] -> GSI 10 (level, low) -> IRQ 10
[    0.432498] pci 0000:02:00.0: PCI INT A disabled
[    0.432574] ACPI: PCI Interrupt Link [LNKB] enabled at IRQ 11
[    0.432576] PCI: setting IRQ 11 as level-triggered
[    0.432580] pci 0000:02:03.0: PCI INT A -> Link[LNKB] -> GSI 11 (level, low) -> IRQ 11
[    0.432638] pci 0000:02:03.0: PCI INT A disabled
[    0.432651] PCI: CLS 32 bytes, default 64
[    0.432691] Simple Boot Flag at 0x36 set to 0x1
[    0.432695] Switching to clocksource tsc
[    0.432907] audit: initializing netlink socket (disabled)
[    0.432913] type=2000 audit(1369653989.414:1): initialized
[    0.446253] Trying to unpack rootfs image as initramfs...
[    0.466289] highmem bounce pool size: 64 pages
[    0.466294] HugeTLB registered 2 MB page size, pre-allocated 0 pages
[    0.470331] VFS: Disk quotas dquot_6.5.2
[    0.470379] Dquot-cache hash table entries: 1024 (order 0, 4096 bytes)
[    0.470516] fuse init (API version 7.17)
[    0.470575] msgmni has been set to 1710
[    0.486218] Block layer SCSI generic (bsg) driver version 0.4 loaded (major 253)
[    0.486256] io scheduler noop registered
[    0.486259] io scheduler deadline registered
[    0.486267] io scheduler cfq registered (default)
[    0.486343] pcieport 0000:00:15.0: setting latency timer to 64
[    0.486418] pcieport 0000:00:15.0: irq 40 for MSI/MSI-X
[    0.486493] pcieport 0000:00:15.1: setting latency timer to 64
[    0.486569] pcieport 0000:00:15.1: irq 41 for MSI/MSI-X
[    0.486644] pcieport 0000:00:15.2: setting latency timer to 64
[    0.486719] pcieport 0000:00:15.2: irq 42 for MSI/MSI-X
[    0.486795] pcieport 0000:00:15.3: setting latency timer to 64
[    0.486870] pcieport 0000:00:15.3: irq 43 for MSI/MSI-X
[    0.486946] pcieport 0000:00:15.4: setting latency timer to 64
[    0.487021] pcieport 0000:00:15.4: irq 44 for MSI/MSI-X
[    0.487096] pcieport 0000:00:15.5: setting latency timer to 64
[    0.487172] pcieport 0000:00:15.5: irq 45 for MSI/MSI-X
[    0.487247] pcieport 0000:00:15.6: setting latency timer to 64
[    0.487322] pcieport 0000:00:15.6: irq 46 for MSI/MSI-X
[    0.487398] pcieport 0000:00:15.7: setting latency timer to 64
[    0.487473] pcieport 0000:00:15.7: irq 47 for MSI/MSI-X
[    0.487549] pcieport 0000:00:16.0: setting latency timer to 64
[    0.487624] pcieport 0000:00:16.0: irq 48 for MSI/MSI-X
[    0.487699] pcieport 0000:00:16.1: setting latency timer to 64
[    0.487775] pcieport 0000:00:16.1: irq 49 for MSI/MSI-X
[    0.487850] pcieport 0000:00:16.2: setting latency timer to 64
[    0.487925] pcieport 0000:00:16.2: irq 50 for MSI/MSI-X
[    0.488001] pcieport 0000:00:16.3: setting latency timer to 64
[    0.488076] pcieport 0000:00:16.3: irq 51 for MSI/MSI-X
[    0.488152] pcieport 0000:00:16.4: setting latency timer to 64
[    0.488227] pcieport 0000:00:16.4: irq 52 for MSI/MSI-X
[    0.488302] pcieport 0000:00:16.5: setting latency timer to 64
[    0.488378] pcieport 0000:00:16.5: irq 53 for MSI/MSI-X
[    0.488453] pcieport 0000:00:16.6: setting latency timer to 64
[    0.488528] pcieport 0000:00:16.6: irq 54 for MSI/MSI-X
[    0.488604] pcieport 0000:00:16.7: setting latency timer to 64
[    0.488679] pcieport 0000:00:16.7: irq 55 for MSI/MSI-X
[    0.488755] pcieport 0000:00:17.0: setting latency timer to 64
[    0.488830] pcieport 0000:00:17.0: irq 56 for MSI/MSI-X
[    0.488905] pcieport 0000:00:17.1: setting latency timer to 64
[    0.488981] pcieport 0000:00:17.1: irq 57 for MSI/MSI-X
[    0.489056] pcieport 0000:00:17.2: setting latency timer to 64
[    0.489131] pcieport 0000:00:17.2: irq 58 for MSI/MSI-X
[    0.489207] pcieport 0000:00:17.3: setting latency timer to 64
[    0.489282] pcieport 0000:00:17.3: irq 59 for MSI/MSI-X
[    0.489358] pcieport 0000:00:17.4: setting latency timer to 64
[    0.489433] pcieport 0000:00:17.4: irq 60 for MSI/MSI-X
[    0.489508] pcieport 0000:00:17.5: setting latency timer to 64
[    0.489584] pcieport 0000:00:17.5: irq 61 for MSI/MSI-X
[    0.490077] pcieport 0000:00:17.6: setting latency timer to 64
[    0.490233] pcieport 0000:00:17.6: irq 62 for MSI/MSI-X
[    0.490308] pcieport 0000:00:17.7: setting latency timer to 64
[    0.490383] pcieport 0000:00:17.7: irq 63 for MSI/MSI-X
[    0.490459] pcieport 0000:00:18.0: setting latency timer to 64
[    0.490534] pcieport 0000:00:18.0: irq 64 for MSI/MSI-X
[    0.490609] pcieport 0000:00:18.1: setting latency timer to 64
[    0.490685] pcieport 0000:00:18.1: irq 65 for MSI/MSI-X
[    0.490760] pcieport 0000:00:18.2: setting latency timer to 64
[    0.490836] pcieport 0000:00:18.2: irq 66 for MSI/MSI-X
[    0.490911] pcieport 0000:00:18.3: setting latency timer to 64
[    0.490986] pcieport 0000:00:18.3: irq 67 for MSI/MSI-X
[    0.491062] pcieport 0000:00:18.4: setting latency timer to 64
[    0.491137] pcieport 0000:00:18.4: irq 68 for MSI/MSI-X
[    0.491212] pcieport 0000:00:18.5: setting latency timer to 64
[    0.491288] pcieport 0000:00:18.5: irq 69 for MSI/MSI-X
[    0.491363] pcieport 0000:00:18.6: setting latency timer to 64
[    0.491439] pcieport 0000:00:18.6: irq 70 for MSI/MSI-X
[    0.491514] pcieport 0000:00:18.7: setting latency timer to 64
[    0.491589] pcieport 0000:00:18.7: irq 71 for MSI/MSI-X
[    0.491665] pcieport 0000:00:15.0: Signaling PME through PCIe PME interrupt
[    0.491688] pcie_pme 0000:00:15.0:pcie01: service driver pcie_pme loaded
[    0.491764] pcieport 0000:00:15.1: Signaling PME through PCIe PME interrupt
[    0.491787] pcie_pme 0000:00:15.1:pcie01: service driver pcie_pme loaded
[    0.491862] pcieport 0000:00:15.2: Signaling PME through PCIe PME interrupt
[    0.491885] pcie_pme 0000:00:15.2:pcie01: service driver pcie_pme loaded
[    0.491960] pcieport 0000:00:15.3: Signaling PME through PCIe PME interrupt
[    0.491983] pcie_pme 0000:00:15.3:pcie01: service driver pcie_pme loaded
[    0.492058] pcieport 0000:00:15.4: Signaling PME through PCIe PME interrupt
[    0.492081] pcie_pme 0000:00:15.4:pcie01: service driver pcie_pme loaded
[    0.492156] pcieport 0000:00:15.5: Signaling PME through PCIe PME interrupt
[    0.492179] pcie_pme 0000:00:15.5:pcie01: service driver pcie_pme loaded
[    0.492254] pcieport 0000:00:15.6: Signaling PME through PCIe PME interrupt
[    0.492277] pcie_pme 0000:00:15.6:pcie01: service driver pcie_pme loaded
[    0.492352] pcieport 0000:00:15.7: Signaling PME through PCIe PME interrupt
[    0.492374] pcie_pme 0000:00:15.7:pcie01: service driver pcie_pme loaded
[    0.492450] pcieport 0000:00:16.0: Signaling PME through PCIe PME interrupt
[    0.492473] pcie_pme 0000:00:16.0:pcie01: service driver pcie_pme loaded
[    0.492548] pcieport 0000:00:16.1: Signaling PME through PCIe PME interrupt
[    0.492571] pcie_pme 0000:00:16.1:pcie01: service driver pcie_pme loaded
[    0.492646] pcieport 0000:00:16.2: Signaling PME through PCIe PME interrupt
[    0.492669] pcie_pme 0000:00:16.2:pcie01: service driver pcie_pme loaded
[    0.492744] pcieport 0000:00:16.3: Signaling PME through PCIe PME interrupt
[    0.492767] pcie_pme 0000:00:16.3:pcie01: service driver pcie_pme loaded
[    0.492843] pcieport 0000:00:16.4: Signaling PME through PCIe PME interrupt
[    0.492865] pcie_pme 0000:00:16.4:pcie01: service driver pcie_pme loaded
[    0.492941] pcieport 0000:00:16.5: Signaling PME through PCIe PME interrupt
[    0.492964] pcie_pme 0000:00:16.5:pcie01: service driver pcie_pme loaded
[    0.493039] pcieport 0000:00:16.6: Signaling PME through PCIe PME interrupt
[    0.493061] pcie_pme 0000:00:16.6:pcie01: service driver pcie_pme loaded
[    0.493137] pcieport 0000:00:16.7: Signaling PME through PCIe PME interrupt
[    0.493160] pcie_pme 0000:00:16.7:pcie01: service driver pcie_pme loaded
[    0.493235] pcieport 0000:00:17.0: Signaling PME through PCIe PME interrupt
[    0.493257] pcie_pme 0000:00:17.0:pcie01: service driver pcie_pme loaded
[    0.493333] pcieport 0000:00:17.1: Signaling PME through PCIe PME interrupt
[    0.493355] pcie_pme 0000:00:17.1:pcie01: service driver pcie_pme loaded
[    0.493431] pcieport 0000:00:17.2: Signaling PME through PCIe PME interrupt
[    0.493453] pcie_pme 0000:00:17.2:pcie01: service driver pcie_pme loaded
[    0.493529] pcieport 0000:00:17.3: Signaling PME through PCIe PME interrupt
[    0.493551] pcie_pme 0000:00:17.3:pcie01: service driver pcie_pme loaded
[    0.493626] pcieport 0000:00:17.4: Signaling PME through PCIe PME interrupt
[    0.493649] pcie_pme 0000:00:17.4:pcie01: service driver pcie_pme loaded
[    0.493724] pcieport 0000:00:17.5: Signaling PME through PCIe PME interrupt
[    0.493747] pcie_pme 0000:00:17.5:pcie01: service driver pcie_pme loaded
[    0.493823] pcieport 0000:00:17.6: Signaling PME through PCIe PME interrupt
[    0.493846] pcie_pme 0000:00:17.6:pcie01: service driver pcie_pme loaded
[    0.493921] pcieport 0000:00:17.7: Signaling PME through PCIe PME interrupt
[    0.493952] pcie_pme 0000:00:17.7:pcie01: service driver pcie_pme loaded
[    0.498059] pcieport 0000:00:18.0: Signaling PME through PCIe PME interrupt
[    0.498088] pcie_pme 0000:00:18.0:pcie01: service driver pcie_pme loaded
[    0.498163] pcieport 0000:00:18.1: Signaling PME through PCIe PME interrupt
[    0.498186] pcie_pme 0000:00:18.1:pcie01: service driver pcie_pme loaded
[    0.498262] pcieport 0000:00:18.2: Signaling PME through PCIe PME interrupt
[    0.498285] pcie_pme 0000:00:18.2:pcie01: service driver pcie_pme loaded
[    0.498360] pcieport 0000:00:18.3: Signaling PME through PCIe PME interrupt
[    0.498383] pcie_pme 0000:00:18.3:pcie01: service driver pcie_pme loaded
[    0.498458] pcieport 0000:00:18.4: Signaling PME through PCIe PME interrupt
[    0.498481] pcie_pme 0000:00:18.4:pcie01: service driver pcie_pme loaded
[    0.498556] pcieport 0000:00:18.5: Signaling PME through PCIe PME interrupt
[    0.498579] pcie_pme 0000:00:18.5:pcie01: service driver pcie_pme loaded
[    0.498655] pcieport 0000:00:18.6: Signaling PME through PCIe PME interrupt
[    0.498677] pcie_pme 0000:00:18.6:pcie01: service driver pcie_pme loaded
[    0.498753] pcieport 0000:00:18.7: Signaling PME through PCIe PME interrupt
[    0.498775] pcie_pme 0000:00:18.7:pcie01: service driver pcie_pme loaded
[    0.498815] pci_hotplug: PCI Hot Plug PCI Core version: 0.5
[    0.498890] pciehp 0000:00:15.0:pcie04: HPC vendor_id 15ad device_id 7a0 ss_vid 15ad ss_did 7a0
[    0.498953] pciehp 0000:00:15.0:pcie04: service driver pciehp loaded
[    0.499016] pciehp 0000:00:15.1:pcie04: HPC vendor_id 15ad device_id 7a0 ss_vid 15ad ss_did 7a0
[    0.499078] pciehp 0000:00:15.1:pcie04: service driver pciehp loaded
[    0.499141] pciehp 0000:00:15.2:pcie04: HPC vendor_id 15ad device_id 7a0 ss_vid 15ad ss_did 7a0
[    0.499200] pciehp 0000:00:15.2:pcie04: service driver pciehp loaded
[    0.499262] pciehp 0000:00:15.3:pcie04: HPC vendor_id 15ad device_id 7a0 ss_vid 15ad ss_did 7a0
[    0.499324] pciehp 0000:00:15.3:pcie04: service driver pciehp loaded
[    0.499386] pciehp 0000:00:15.4:pcie04: HPC vendor_id 15ad device_id 7a0 ss_vid 15ad ss_did 7a0
[    0.499462] pciehp 0000:00:15.4:pcie04: service driver pciehp loaded
[    0.499525] pciehp 0000:00:15.5:pcie04: HPC vendor_id 15ad device_id 7a0 ss_vid 15ad ss_did 7a0
[    0.499589] pciehp 0000:00:15.5:pcie04: service driver pciehp loaded
[    0.499651] pciehp 0000:00:15.6:pcie04: HPC vendor_id 15ad device_id 7a0 ss_vid 15ad ss_did 7a0
[    0.499710] pciehp 0000:00:15.6:pcie04: service driver pciehp loaded
[    0.499772] pciehp 0000:00:15.7:pcie04: HPC vendor_id 15ad device_id 7a0 ss_vid 15ad ss_did 7a0
[    0.499830] pciehp 0000:00:15.7:pcie04: service driver pciehp loaded
[    0.499893] pciehp 0000:00:16.0:pcie04: HPC vendor_id 15ad device_id 7a0 ss_vid 15ad ss_did 7a0
[    0.499951] pciehp 0000:00:16.0:pcie04: service driver pciehp loaded
[    0.500013] pciehp 0000:00:16.1:pcie04: HPC vendor_id 15ad device_id 7a0 ss_vid 15ad ss_did 7a0
[    0.500071] pciehp 0000:00:16.1:pcie04: service driver pciehp loaded
[    0.500134] pciehp 0000:00:16.2:pcie04: HPC vendor_id 15ad device_id 7a0 ss_vid 15ad ss_did 7a0
[    0.500192] pciehp 0000:00:16.2:pcie04: service driver pciehp loaded
[    0.500258] pciehp 0000:00:16.3:pcie04: HPC vendor_id 15ad device_id 7a0 ss_vid 15ad ss_did 7a0
[    0.500317] pciehp 0000:00:16.3:pcie04: service driver pciehp loaded
[    0.500379] pciehp 0000:00:16.4:pcie04: HPC vendor_id 15ad device_id 7a0 ss_vid 15ad ss_did 7a0
[    0.500454] pciehp 0000:00:16.4:pcie04: service driver pciehp loaded
[    0.500530] pciehp 0000:00:16.5:pcie04: HPC vendor_id 15ad device_id 7a0 ss_vid 15ad ss_did 7a0
[    0.500600] pciehp 0000:00:16.5:pcie04: service driver pciehp loaded
[    0.500676] pciehp 0000:00:16.6:pcie04: HPC vendor_id 15ad device_id 7a0 ss_vid 15ad ss_did 7a0
[    0.500751] pciehp 0000:00:16.6:pcie04: service driver pciehp loaded
[    0.500826] pciehp 0000:00:16.7:pcie04: HPC vendor_id 15ad device_id 7a0 ss_vid 15ad ss_did 7a0
[    0.500894] pciehp 0000:00:16.7:pcie04: service driver pciehp loaded
[    0.500969] pciehp 0000:00:17.0:pcie04: HPC vendor_id 15ad device_id 7a0 ss_vid 15ad ss_did 7a0
[    0.501045] pciehp 0000:00:17.0:pcie04: service driver pciehp loaded
[    0.501120] pciehp 0000:00:17.1:pcie04: HPC vendor_id 15ad device_id 7a0 ss_vid 15ad ss_did 7a0
[    0.501195] pciehp 0000:00:17.1:pcie04: service driver pciehp loaded
[    0.501259] pciehp 0000:00:17.2:pcie04: HPC vendor_id 15ad device_id 7a0 ss_vid 15ad ss_did 7a0
[    0.501320] pciehp 0000:00:17.2:pcie04: service driver pciehp loaded
[    0.501384] pciehp 0000:00:17.3:pcie04: HPC vendor_id 15ad device_id 7a0 ss_vid 15ad ss_did 7a0
[    0.501448] pciehp 0000:00:17.3:pcie04: service driver pciehp loaded
[    0.501523] pciehp 0000:00:17.4:pcie04: HPC vendor_id 15ad device_id 7a0 ss_vid 15ad ss_did 7a0
[    0.501598] pciehp 0000:00:17.4:pcie04: service driver pciehp loaded
[    0.501674] pciehp 0000:00:17.5:pcie04: HPC vendor_id 15ad device_id 7a0 ss_vid 15ad ss_did 7a0
[    0.501746] pciehp 0000:00:17.5:pcie04: service driver pciehp loaded
[    0.501809] pciehp 0000:00:17.6:pcie04: HPC vendor_id 15ad device_id 7a0 ss_vid 15ad ss_did 7a0
[    0.501872] pciehp 0000:00:17.6:pcie04: service driver pciehp loaded
[    0.501948] pciehp 0000:00:17.7:pcie04: HPC vendor_id 15ad device_id 7a0 ss_vid 15ad ss_did 7a0
[    0.502046] pciehp 0000:00:17.7:pcie04: service driver pciehp loaded
[    0.506193] pciehp 0000:00:18.0:pcie04: HPC vendor_id 15ad device_id 7a0 ss_vid 15ad ss_did 7a0
[    0.506264] pciehp 0000:00:18.0:pcie04: service driver pciehp loaded
[    0.506328] pciehp 0000:00:18.1:pcie04: HPC vendor_id 15ad device_id 7a0 ss_vid 15ad ss_did 7a0
[    0.506389] pciehp 0000:00:18.1:pcie04: service driver pciehp loaded
[    0.506462] pciehp 0000:00:18.2:pcie04: HPC vendor_id 15ad device_id 7a0 ss_vid 15ad ss_did 7a0
[    0.506537] pciehp 0000:00:18.2:pcie04: service driver pciehp loaded
[    0.506612] pciehp 0000:00:18.3:pcie04: HPC vendor_id 15ad device_id 7a0 ss_vid 15ad ss_did 7a0
[    0.506687] pciehp 0000:00:18.3:pcie04: service driver pciehp loaded
[    0.506763] pciehp 0000:00:18.4:pcie04: HPC vendor_id 15ad device_id 7a0 ss_vid 15ad ss_did 7a0
[    0.506838] pciehp 0000:00:18.4:pcie04: service driver pciehp loaded
[    0.506913] pciehp 0000:00:18.5:pcie04: HPC vendor_id 15ad device_id 7a0 ss_vid 15ad ss_did 7a0
[    0.506989] pciehp 0000:00:18.5:pcie04: service driver pciehp loaded
[    0.507064] pciehp 0000:00:18.6:pcie04: HPC vendor_id 15ad device_id 7a0 ss_vid 15ad ss_did 7a0
[    0.507140] pciehp 0000:00:18.6:pcie04: service driver pciehp loaded
[    0.507215] pciehp 0000:00:18.7:pcie04: HPC vendor_id 15ad device_id 7a0 ss_vid 15ad ss_did 7a0
[    0.507290] pciehp 0000:00:18.7:pcie04: service driver pciehp loaded
[    0.507303] pciehp: PCI Express Hot Plug Controller Driver version: 0.4
[    0.507378] ACPI: Deprecated procfs I/F for AC is loaded, please retry with CONFIG_ACPI_PROCFS_POWER cleared
[    0.507458] ACPI: AC Adapter [ACAD] (on-line)
[    0.507565] input: Power Button as /devices/LNXSYSTM:00/LNXPWRBN:00/input/input0
[    0.507571] ACPI: Power Button [PWRF]
[    0.530149] ERST: Table is not found!
[    0.530152] GHES: HEST is not enabled!
[    0.530256] Serial: 8250/16550 driver, 32 ports, IRQ sharing enabled
[    0.553974] serial8250: ttyS0 at I/O 0x3f8 (irq = 4) is a 16550A
[    0.554008] isapnp: Scanning for PnP cards...
[    0.693788] serial8250: ttyS1 at I/O 0x2f8 (irq = 3) is a 16550A
[    0.741702] 00:0a: ttyS0 at I/O 0x3f8 (irq = 4) is a 16550A
[    0.829753] 00:0b: ttyS1 at I/O 0x2f8 (irq = 3) is a 16550A
[    0.849769] Linux agpgart interface v0.103
[    0.849844] agpgart-intel 0000:00:00.0: Intel 440BX Chipset
[    0.849951] agpgart-intel 0000:00:00.0: AGP aperture is 256M @ 0x0
[    0.850678] brd: module loaded
[    0.851145] loop: module loaded
[    0.851221] ata_piix 0000:00:07.1: version 2.13
[    0.853611] scsi0 : ata_piix
[    0.897206] scsi1 : ata_piix
[    0.897250] ata1: PATA max UDMA/33 cmd 0x1f0 ctl 0x3f6 bmdma 0x10c0 irq 14
[    0.897253] ata2: PATA max UDMA/33 cmd 0x170 ctl 0x376 bmdma 0x10c8 irq 15
[    0.897279] Fixed MDIO Bus: probed
[    0.897299] tun: Universal TUN/TAP device driver, 1.6
[    0.897317] tun: (C) 1999-2004 Max Krasnyansky <maxk@qualcomm.com>
[    0.897412] PPP generic driver version 2.4.2
[    0.897432] ehci_hcd: USB 2.0 'Enhanced' Host Controller (EHCI) Driver
[    0.897468] ehci_hcd 0000:02:03.0: PCI INT A -> Link[LNKB] -> GSI 11 (level, low) -> IRQ 11
[    0.897514] ehci_hcd 0000:02:03.0: EHCI Host Controller
[    0.897551] ehci_hcd 0000:02:03.0: new USB bus registered, assigned bus number 1
[    0.897603] ehci_hcd 0000:02:03.0: cache line size of 32 is not supported
[    0.897612] ehci_hcd 0000:02:03.0: irq 11, io mem 0xc9000000
[    0.945287] ehci_hcd 0000:02:03.0: USB 2.0 started, EHCI 1.00
[    1.040864] hub 1-0:1.0: USB hub found
[    1.040870] hub 1-0:1.0: 6 ports detected
[    1.040922] ohci_hcd: USB 1.1 'Open' Host Controller (OHCI) Driver
[    1.040937] uhci_hcd: USB Universal Host Controller Interface driver
[    1.040978] uhci_hcd 0000:02:00.0: PCI INT A -> Link[LNKC] -> GSI 10 (level, low) -> IRQ 10
[    1.041015] uhci_hcd 0000:02:00.0: UHCI Host Controller
[    1.041058] uhci_hcd 0000:02:00.0: new USB bus registered, assigned bus number 2
[    1.041167] uhci_hcd 0000:02:00.0: irq 10, io base 0x000020c0
[    1.041328] hub 2-0:1.0: USB hub found
[    1.041332] hub 2-0:1.0: 2 ports detected
[    1.041384] usbcore: registered new interface driver libusual
[    1.041422] i8042: PNP: PS/2 Controller [PNP0303:KBC,PNP0f13:MOUS] at 0x60,0x64 irq 1,12
[    1.041755] serio: i8042 KBD port at 0x60,0x64 irq 1
[    1.041762] serio: i8042 AUX port at 0x60,0x64 irq 12
[    1.041864] mousedev: PS/2 mouse device common for all mice
[    1.096592] rtc_cmos 00:04: rtc core: registered rtc_cmos as rtc0
[    1.096611] rtc0: alarms up to one month, y3k, 114 bytes nvram, hpet irqs
[    1.096659] device-mapper: uevent: version 1.0.3
[    1.096709] device-mapper: ioctl: 4.22.0-ioctl (2011-10-19) initialised: dm-devel@redhat.com
[    1.096736] EISA: Probing bus 0 at eisa.0
[    1.096738] EISA: Cannot allocate resource for mainboard
[    1.096740] Cannot allocate resource for EISA slot 1
[    1.096742] Cannot allocate resource for EISA slot 2
[    1.096743] Cannot allocate resource for EISA slot 3
[    1.096745] Cannot allocate resource for EISA slot 4
[    1.096747] Cannot allocate resource for EISA slot 5
[    1.096748] Cannot allocate resource for EISA slot 6
[    1.096750] Cannot allocate resource for EISA slot 7
[    1.096751] Cannot allocate resource for EISA slot 8
[    1.096753] EISA: Detected 0 cards.
[    1.096760] cpufreq-nforce2: No nForce2 chipset.
[    1.096763] cpuidle: using governor ladder
[    1.096764] cpuidle: using governor menu
[    1.096766] EFI Variables Facility v0.08 2004-May-17
[    1.096818] TCP cubic registered
[    1.096870] NET: Registered protocol family 10
[    1.096905] NET: Registered protocol family 17
[    1.096935] Registering the dns_resolver key type
[    1.096962] Using IPI No-Shortcut mode
[    1.097075] PM: Hibernation image not present or could not be loaded.
[    1.097084] registered taskstats version 1
[    1.101530] input: AT Translated Set 2 keyboard as /devices/platform/i8042/serio0/input/input1
[    1.148753] isapnp: No Plug & Play device found
[    1.148858] ata2.00: ATAPI: VMware Virtual IDE CDROM Drive, 00000001, max UDMA/33
[    1.149135] ata2.00: configured for UDMA/33
[    1.153314] scsi 1:0:0:0: CD-ROM            NECVMWar VMware IDE CDR10 1.00 PQ: 0 ANSI: 5
[    1.153822] sr0: scsi3-mmc drive: 306x/306x cd/rw xa/form2 cdda tray
[    1.153825] cdrom: Uniform CD-ROM driver Revision: 3.20
[    1.153929] sr 1:0:0:0: Attached scsi CD-ROM sr0
[    1.154107] sr 1:0:0:0: Attached scsi generic sg0 type 5
[    1.185089] Freeing initrd memory: 13836k freed
[    1.189097]   Magic number: 13:562:429
[    1.189117] pciehp 0000:00:18.5:pcie04: hash matches
[    1.189121] pcie_pme 0000:00:17.2:pcie01: hash matches
[    1.189212] rtc_cmos 00:04: setting system clock to 2013-05-27 11:26:30 UTC (1369653990)
[    1.189225] BIOS EDD facility v0.16 2004-Jun-25, 0 devices found
[    1.189226] EDD information not available.
[    1.189326] Freeing unused kernel memory: 740k freed
[    1.189378] Write protecting the kernel text: 5816k
[    1.189387] Write protecting the kernel read-only data: 2376k
[    1.189389] NX-protecting the kernel data: 4424k
[    1.199577] udevd[85]: starting version 175
[    1.213472] VMware vmxnet3 virtual NIC driver - version 1.1.29.0-k-NAPI
[    1.221673] VMware PVSCSI driver - version 1.0.1.0-k
[    1.225442] VMware vmxnet virtual NIC driver
[    1.225494] ACPI: PCI Interrupt Link [LNKD] enabled at IRQ 5
[    1.225497] PCI: setting IRQ 5 as level-triggered
[    1.225503] vmxnet 0000:02:01.0: PCI INT A -> Link[LNKD] -> GSI 5 (level, low) -> IRQ 5
[    1.225555] Found vmxnet/PCI at 0x2024, irq 5.
[    1.225607] features:
[    1.225618] numRxBuffers = 100, numRxBuffers2 = 1
[    1.225670] vmxnet 0000:02:01.0: eth0: set_features() failed (-1); wanted 0x00004000, left 0x00004800
[    1.245786] Fusion MPT base driver 3.04.20
[    1.245788] Copyright (c) 1999-2008 LSI Corporation
[    1.245984] Fusion MPT SPI Host driver 3.04.20
[    1.246027] mptspi 0000:00:10.0: PCI INT A -> Link[LNKB] -> GSI 11 (level, low) -> IRQ 11
[    1.251300] mptbase: ioc0: Initiating bringup
[    1.267827] Floppy drive(s): fd0 is 1.44M
[    1.281169] FDC 0 is a post-1991 82077
[    1.320902] ioc0: LSI53C1030 B0: Capabilities={Initiator}
[    1.356809] usb 2-1: new full-speed USB device number 2 using uhci_hcd
[    1.480708] scsi2 : ioc0: LSI53C1030 B0, FwRev=01032920h, Ports=1, MaxQ=128, IRQ=11
[    1.489852] input: VMware VMware Virtual USB Mouse as /devices/pci0000:00/0000:00:11.0/0000:02:00.0/usb2/2-1/2-1:1.0/input/input2
[    1.490025] generic-usb 0003:0E0F:0003.0001: input,hidraw0: USB HID v1.10 Mouse [VMware VMware Virtual USB Mouse] on usb-0000:02:00.0-1/input0
[    1.490588] input: VMware VMware Virtual USB Mouse as /devices/pci0000:00/0000:00:11.0/0000:02:00.0/usb2/2-1/2-1:1.1/input/input3
[    1.490737] generic-usb 0003:0E0F:0003.0002: input,hidraw1: USB HID v1.10 Mouse [VMware VMware Virtual USB Mouse] on usb-0000:02:00.0-1/input1
[    1.490874] usbcore: registered new interface driver usbhid
[    1.490876] usbhid: USB HID core driver
[    1.593195] scsi 2:0:0:0: Direct-Access     VMware,  VMware Virtual S 1.0  PQ: 0 ANSI: 2
[    1.593204] scsi target2:0:0: Beginning Domain Validation
[    1.593776] scsi target2:0:0: Domain Validation skipping write tests
[    1.593779] scsi target2:0:0: Ending Domain Validation
[    1.593831] scsi target2:0:0: FAST-40 WIDE SCSI 80.0 MB/s ST (25 ns, offset 127)
[    1.595939] sd 2:0:0:0: [sda] 41943040 512-byte logical blocks: (21.4 GB/20.0 GiB)
[    1.595995] sd 2:0:0:0: [sda] Write Protect is off
[    1.595999] sd 2:0:0:0: [sda] Mode Sense: 61 00 00 00
[    1.596053] sd 2:0:0:0: [sda] Cache data unavailable
[    1.596056] sd 2:0:0:0: [sda] Assuming drive cache: write through
[    1.596330] sd 2:0:0:0: [sda] Cache data unavailable
[    1.596333] sd 2:0:0:0: [sda] Assuming drive cache: write through
[    1.597065] sd 2:0:0:0: Attached scsi generic sg1 type 0
[    1.597645]  sda: sda1 sda2 < sda5 >
[    1.597983] sd 2:0:0:0: [sda] Cache data unavailable
[    1.597986] sd 2:0:0:0: [sda] Assuming drive cache: write through
[    1.597988] sd 2:0:0:0: [sda] Attached SCSI disk
[    1.600493] usb 2-2: new full-speed USB device number 3 using uhci_hcd
[    1.632167] EXT4-fs (sda1): INFO: recovery required on readonly filesystem
[    1.632171] EXT4-fs (sda1): write access will be enabled during recovery
[    1.739268] hub 2-2:1.0: USB hub found
[    1.740921] hub 2-2:1.0: 7 ports detected
[    1.752083] EXT4-fs (sda1): recovery complete
[    1.752556] EXT4-fs (sda1): mounted filesystem with ordered data mode. Opts: (null)
[    3.120105] ADDRCONF(NETDEV_UP): eth0: link is not ready
[    3.132323] udevd[328]: starting version 175
[    3.177501] lp: driver loaded but no devices found
[    3.219350] Adding 1046524k swap on /dev/sda5.  Priority:-1 extents:1 across:1046524k 
[    3.243434] shpchp: Standard Hot Plug PCI Controller Driver version: 0.4
[    3.253632] EXT4-fs (sda1): re-mounted. Opts: errors=remount-ro
[    3.334587] [380]: VMCI: shared components initialized.
[    3.334614] Probing for vmci/PCI.
[    3.334803] ACPI: PCI Interrupt Link [LNKA] enabled at IRQ 9
[    3.334806] PCI: setting IRQ 9 as level-triggered
[    3.334812] vmci 0000:00:07.7: PCI INT A -> Link[LNKA] -> GSI 9 (level, low) -> IRQ 9
[    3.334875] Found vmci/PCI at 0x1080, irq 9.
[    3.334908] VMCI: using capabilities 0xc.
[    3.334982] [380]: VMCI: Host capability check passed.
[    3.335238] vmci 0000:00:07.7: irq 72 for MSI/MSI-X
[    3.335270] vmci 0000:00:07.7: irq 73 for MSI/MSI-X
[    3.335482] Registered vmci device.
[    3.360948] [380]: VMCI: Using guest personality
[    3.360953] [380]: VMCI: host components initialized.
[    3.361089] piix4_smbus 0000:00:07.3: Host SMBus controller not enabled!
[    3.362546] Bluetooth: Core ver 2.16
[    3.362584] NET: Registered protocol family 31
[    3.362586] Bluetooth: HCI device and connection manager initialized
[    3.362588] Bluetooth: HCI socket layer initialized
[    3.362590] Bluetooth: L2CAP socket layer initialized
[    3.362595] Bluetooth: SCO socket layer initialized
[    3.365197] [380]: VMCI: Module registered (name=vmci,major=10,minor=57).
[    3.365200] [380]: VMCI: Using host personality
[    3.365202] [380]: VMCI: Module (name=vmci) is initialized
[    3.379168] Bluetooth: BNEP (Ethernet Emulation) ver 1.3
[    3.379172] Bluetooth: BNEP filters: protocol multicast
[    3.379960] ppdev: user-space parallel port driver
[    3.380650] parport_pc 00:09: reported by Plug and Play ACPI
[    3.380759] parport0: PC-style at 0x378, irq 7 [PCSPP,TRISTATE]
[    3.474775] Bluetooth: RFCOMM TTY layer initialized
[    3.474779] Bluetooth: RFCOMM socket layer initialized
[    3.474781] Bluetooth: RFCOMM ver 1.11
[    3.477915] lp0: using parport0 (interrupt-driven).
[    3.482918] type=1400 audit(1369653992.794:2): apparmor="STATUS" operation="profile_load" name="/usr/lib/cups/backend/cups-pdf" pid=584 comm="apparmor_parser"
[    3.483040] type=1400 audit(1369653992.794:3): apparmor="STATUS" operation="profile_load" name="/usr/sbin/cupsd" pid=584 comm="apparmor_parser"
[    3.549002] type=1400 audit(1369653992.858:4): apparmor="STATUS" operation="profile_load" name="/sbin/dhclient" pid=605 comm="apparmor_parser"
[    3.549819] type=1400 audit(1369653992.862:5): apparmor="STATUS" operation="profile_load" name="/usr/lib/NetworkManager/nm-dhcp-client.action" pid=605 comm="apparmor_parser"
[    3.549928] type=1400 audit(1369653992.862:6): apparmor="STATUS" operation="profile_load" name="/usr/lib/connman/scripts/dhclient-script" pid=605 comm="apparmor_parser"
[    3.645553] input: ImPS/2 Generic Wheel Mouse as /devices/platform/i8042/serio1/input/input4
[    3.780809] init: failsafe main process (675) killed by TERM signal
[    3.843862] snd_ens1371 0000:02:02.0: PCI INT A -> Link[LNKA] -> GSI 9 (level, low) -> IRQ 9
[    3.848587] type=1400 audit(1369653993.158:7): apparmor="STATUS" operation="profile_load" name="/usr/lib/lightdm/lightdm/lightdm-guest-session-wrapper" pid=765 comm="apparmor_parser"
[    3.850791] type=1400 audit(1369653993.162:8): apparmor="STATUS" operation="profile_replace" name="/sbin/dhclient" pid=768 comm="apparmor_parser"
[    3.852308] type=1400 audit(1369653993.162:9): apparmor="STATUS" operation="profile_replace" name="/usr/lib/NetworkManager/nm-dhcp-client.action" pid=768 comm="apparmor_parser"
[    3.852418] type=1400 audit(1369653993.162:10): apparmor="STATUS" operation="profile_replace" name="/usr/lib/connman/scripts/dhclient-script" pid=768 comm="apparmor_parser"
[    4.109210] init: alsa-restore main process (886) terminated with status 19
