[    0.000000] Initializing cgroup subsys cpuset
[    0.000000] Initializing cgroup subsys cpu
[    0.000000] Linux version 3.2.0-29-generic-pae (buildd@roseapple) (gcc version 4.6.3 (Ubuntu/Linaro 4.6.3-1ubuntu5) ) #46-Ubuntu SMP Fri Jul 27 17:25:43 UTC 2012 (Ubuntu 3.2.0-29.46-generic-pae 3.2.24)
[    0.000000] KERNEL supported cpus:
[    0.000000]   Intel GenuineIntel
[    0.000000]   AMD AuthenticAMD
[    0.000000]   NSC Geode by NSC
[    0.000000]   Cyrix CyrixInstead
[    0.000000]   Centaur CentaurHauls
[    0.000000]   Transmeta GenuineTMx86
[    0.000000]   Transmeta TransmetaCPU
[    0.000000]   UMC UMC UMC UMC
[    0.000000] Disabled fast string operations
[    0.000000] BIOS-provided physical RAM map:
[    0.000000]  BIOS-e820: 0000000000000000 - 000000000009f000 (usable)
[    0.000000]  BIOS-e820: 000000000009f000 - 00000000000a0000 (reserved)
[    0.000000]  BIOS-e820: 00000000000ca000 - 00000000000cc000 (reserved)
[    0.000000]  BIOS-e820: 00000000000dc000 - 0000000000100000 (reserved)
[    0.000000]  BIOS-e820: 0000000000100000 - 000000003fee0000 (usable)
[    0.000000]  BIOS-e820: 000000003fee0000 - 000000003feff000 (ACPI data)
[    0.000000]  BIOS-e820: 000000003feff000 - 000000003ff00000 (ACPI NVS)
[    0.000000]  BIOS-e820: 000000003ff00000 - 0000000040000000 (usable)
[    0.000000]  BIOS-e820: 00000000e0000000 - 00000000f0000000 (reserved)
[    0.000000]  BIOS-e820: 00000000fec00000 - 00000000fec10000 (reserved)
[    0.000000]  BIOS-e820: 00000000fee00000 - 00000000fee01000 (reserved)
[    0.000000]  BIOS-e820: 00000000fffe0000 - 0000000100000000 (reserved)
[    0.000000] NX (Execute Disable) protection: active
[    0.000000] DMI present.
[    0.000000] DMI: VMware, Inc. VMware Virtual Platform/440BX Desktop Reference Platform, BIOS 6.00 07/02/2012
[    0.000000] Hypervisor detected: VMware
[    0.000000] e820 update range: 0000000000000000 - 0000000000010000 (usable) ==> (reserved)
[    0.000000] e820 remove range: 00000000000a0000 - 0000000000100000 (usable)
[    0.000000] last_pfn = 0x40000 max_arch_pfn = 0x1000000
[    0.000000] MTRR default type: uncachable
[    0.000000] MTRR fixed ranges enabled:
[    0.000000]   00000-9FFFF write-back
[    0.000000]   A0000-BFFFF uncachable
[    0.000000]   C0000-CBFFF write-protect
[    0.000000]   CC000-EFFFF uncachable
[    0.000000]   F0000-FFFFF write-protect
[    0.000000] MTRR variable ranges enabled:
[    0.000000]   0 base 0000000000 mask FFC0000000 write-back
[    0.000000]   1 disabled
[    0.000000]   2 disabled
[    0.000000]   3 disabled
[    0.000000]   4 disabled
[    0.000000]   5 disabled
[    0.000000]   6 disabled
[    0.000000]   7 disabled
[    0.000000] x86 PAT enabled: cpu 0, old 0x0, new 0x7010600070106
[    0.000000] found SMP MP-table at [c00f6bf0] f6bf0
[    0.000000] initial memory mapped : 0 - 02000000
[    0.000000] Base memory trampoline at [c009b000] 9b000 size 16384
[    0.000000] init_memory_mapping: 0000000000000000-0000000037bfe000
[    0.000000]  0000000000 - 0000200000 page 4k
[    0.000000]  0000200000 - 0037a00000 page 2M
[    0.000000]  0037a00000 - 0037bfe000 page 4k
[    0.000000] kernel direct mapping tables up to 37bfe000 @ 1ffb000-2000000
[    0.000000] RAMDISK: 364ea000 - 3726d000
[    0.000000] ACPI: RSDP 000f6b80 00024 (v02 PTLTD )
[    0.000000] ACPI: XSDT 3feed636 0005C (v01 INTEL  440BX    06040000 VMW  01324272)
[    0.000000] ACPI: FACP 3fefee98 000F4 (v04 INTEL  440BX    06040000 PTL  000F4240)
[    0.000000] ACPI: DSDT 3feee366 10B32 (v01 PTLTD  Custom   06040000 MSFT 03000001)
[    0.000000] ACPI: FACS 3fefffc0 00040
[    0.000000] ACPI: BOOT 3feee33e 00028 (v01 PTLTD  $SBFTBL$ 06040000  LTP 00000001)
[    0.000000] ACPI: APIC 3feedc3e 003C2 (v01 PTLTD  ? APIC   06040000  LTP 00000000)
[    0.000000] ACPI: MCFG 3feedc02 0003C (v01 PTLTD  $PCITBL$ 06040000  LTP 00000001)
[    0.000000] ACPI: SRAT 3feed732 004D0 (v02 VMWARE MEMPLUG  06040000 VMW  00000001)
[    0.000000] ACPI: HPET 3feed6fa 00038 (v01 VMWARE VMW HPET 06040000 VMW  00000001)
[    0.000000] ACPI: WAET 3feed6d2 00028 (v01 VMWARE VMW WAET 06040000 VMW  00000001)
[    0.000000] ACPI: Local APIC address 0xfee00000
[    0.000000] 132MB HIGHMEM available.
[    0.000000] 891MB LOWMEM available.
[    0.000000]   mapped low ram: 0 - 37bfe000
[    0.000000]   low ram: 0 - 37bfe000
[    0.000000] Zone PFN ranges:
[    0.000000]   DMA      0x00000010 -> 0x00001000
[    0.000000]   Normal   0x00001000 -> 0x00037bfe
[    0.000000]   HighMem  0x00037bfe -> 0x00040000
[    0.000000] Movable zone start PFN for each node
[    0.000000] early_node_map[3] active PFN ranges
[    0.000000]     0: 0x00000010 -> 0x0000009f
[    0.000000]     0: 0x00000100 -> 0x0003fee0
[    0.000000]     0: 0x0003ff00 -> 0x00040000
[    0.000000] On node 0 totalpages: 261999
[    0.000000] free_area_init_node: node 0, pgdat c1866a40, node_mem_map f73fd200
[    0.000000]   DMA zone: 32 pages used for memmap
[    0.000000]   DMA zone: 0 pages reserved
[    0.000000]   DMA zone: 3951 pages, LIFO batch:0
[    0.000000]   Normal zone: 1752 pages used for memmap
[    0.000000]   Normal zone: 222502 pages, LIFO batch:31
[    0.000000]   HighMem zone: 265 pages used for memmap
[    0.000000]   HighMem zone: 33497 pages, LIFO batch:7
[    0.000000] Using APIC driver default
[    0.000000] ACPI: PM-Timer IO Port: 0x1008
[    0.000000] ACPI: Local APIC address 0xfee00000
[    0.000000] ACPI: LAPIC (acpi_id[0x00] lapic_id[0x00] enabled)
[    0.000000] ACPI: LAPIC (acpi_id[0x01] lapic_id[0x02] disabled)
[    0.000000] ACPI: LAPIC (acpi_id[0x02] lapic_id[0x04] disabled)
[    0.000000] ACPI: LAPIC (acpi_id[0x03] lapic_id[0x06] disabled)
[    0.000000] ACPI: LAPIC (acpi_id[0x04] lapic_id[0x08] disabled)
[    0.000000] ACPI: LAPIC (acpi_id[0x05] lapic_id[0x0a] disabled)
[    0.000000] ACPI: LAPIC (acpi_id[0x06] lapic_id[0x0c] disabled)
[    0.000000] ACPI: LAPIC (acpi_id[0x07] lapic_id[0x0e] disabled)
[    0.000000] ACPI: LAPIC (acpi_id[0x08] lapic_id[0x10] disabled)
[    0.000000] ACPI: LAPIC (acpi_id[0x09] lapic_id[0x12] disabled)
[    0.000000] ACPI: LAPIC (acpi_id[0x0a] lapic_id[0x14] disabled)
[    0.000000] ACPI: LAPIC (acpi_id[0x0b] lapic_id[0x16] disabled)
[    0.000000] ACPI: LAPIC (acpi_id[0x0c] lapic_id[0x18] disabled)
[    0.000000] ACPI: LAPIC (acpi_id[0x0d] lapic_id[0x1a] disabled)
[    0.000000] ACPI: LAPIC (acpi_id[0x0e] lapic_id[0x1c] disabled)
[    0.000000] ACPI: LAPIC (acpi_id[0x0f] lapic_id[0x1e] disabled)
[    0.000000] ACPI: LAPIC (acpi_id[0x10] lapic_id[0x20] disabled)
[    0.000000] ACPI: LAPIC (acpi_id[0x11] lapic_id[0x22] disabled)
[    0.000000] ACPI: LAPIC (acpi_id[0x12] lapic_id[0x24] disabled)
[    0.000000] ACPI: LAPIC (acpi_id[0x13] lapic_id[0x26] disabled)
[    0.000000] ACPI: LAPIC (acpi_id[0x14] lapic_id[0x28] disabled)
[    0.000000] ACPI: LAPIC (acpi_id[0x15] lapic_id[0x2a] disabled)
[    0.000000] ACPI: LAPIC (acpi_id[0x16] lapic_id[0x2c] disabled)
[    0.000000] ACPI: LAPIC (acpi_id[0x17] lapic_id[0x2e] disabled)
[    0.000000] ACPI: LAPIC (acpi_id[0x18] lapic_id[0x30] disabled)
[    0.000000] ACPI: LAPIC (acpi_id[0x19] lapic_id[0x32] disabled)
[    0.000000] ACPI: LAPIC (acpi_id[0x1a] lapic_id[0x34] disabled)
[    0.000000] ACPI: LAPIC (acpi_id[0x1b] lapic_id[0x36] disabled)
[    0.000000] ACPI: LAPIC (acpi_id[0x1c] lapic_id[0x38] disabled)
[    0.000000] ACPI: LAPIC (acpi_id[0x1d] lapic_id[0x3a] disabled)
[    0.000000] ACPI: LAPIC (acpi_id[0x1e] lapic_id[0x3c] disabled)
[    0.000000] ACPI: LAPIC (acpi_id[0x1f] lapic_id[0x3e] disabled)
[    0.000000] ACPI: LAPIC (acpi_id[0x20] lapic_id[0x40] disabled)
[    0.000000] ACPI: LAPIC (acpi_id[0x21] lapic_id[0x42] disabled)
[    0.000000] ACPI: LAPIC (acpi_id[0x22] lapic_id[0x44] disabled)
[    0.000000] ACPI: LAPIC (acpi_id[0x23] lapic_id[0x46] disabled)
[    0.000000] ACPI: LAPIC (acpi_id[0x24] lapic_id[0x48] disabled)
[    0.000000] ACPI: LAPIC (acpi_id[0x25] lapic_id[0x4a] disabled)
[    0.000000] ACPI: LAPIC (acpi_id[0x26] lapic_id[0x4c] disabled)
[    0.000000] ACPI: LAPIC (acpi_id[0x27] lapic_id[0x4e] disabled)
[    0.000000] ACPI: LAPIC (acpi_id[0x28] lapic_id[0x50] disabled)
[    0.000000] ACPI: LAPIC (acpi_id[0x29] lapic_id[0x52] disabled)
[    0.000000] ACPI: LAPIC (acpi_id[0x2a] lapic_id[0x54] disabled)
[    0.000000] ACPI: LAPIC (acpi_id[0x2b] lapic_id[0x56] disabled)
[    0.000000] ACPI: LAPIC (acpi_id[0x2c] lapic_id[0x58] disabled)
[    0.000000] ACPI: LAPIC (acpi_id[0x2d] lapic_id[0x5a] disabled)
[    0.000000] ACPI: LAPIC (acpi_id[0x2e] lapic_id[0x5c] disabled)
[    0.000000] ACPI: LAPIC (acpi_id[0x2f] lapic_id[0x5e] disabled)
[    0.000000] ACPI: LAPIC (acpi_id[0x30] lapic_id[0x60] disabled)
[    0.000000] ACPI: LAPIC (acpi_id[0x31] lapic_id[0x62] disabled)
[    0.000000] ACPI: LAPIC (acpi_id[0x32] lapic_id[0x64] disabled)
[    0.000000] ACPI: LAPIC (acpi_id[0x33] lapic_id[0x66] disabled)
[    0.000000] ACPI: LAPIC (acpi_id[0x34] lapic_id[0x68] disabled)
[    0.000000] ACPI: LAPIC (acpi_id[0x35] lapic_id[0x6a] disabled)
[    0.000000] ACPI: LAPIC (acpi_id[0x36] lapic_id[0x6c] disabled)
[    0.000000] ACPI: LAPIC (acpi_id[0x37] lapic_id[0x6e] disabled)
[    0.000000] ACPI: LAPIC (acpi_id[0x38] lapic_id[0x70] disabled)
[    0.000000] ACPI: LAPIC (acpi_id[0x39] lapic_id[0x72] disabled)
[    0.000000] ACPI: LAPIC (acpi_id[0x3a] lapic_id[0x74] disabled)
[    0.000000] ACPI: LAPIC (acpi_id[0x3b] lapic_id[0x76] disabled)
[    0.000000] ACPI: LAPIC (acpi_id[0x3c] lapic_id[0x78] disabled)
[    0.000000] ACPI: LAPIC (acpi_id[0x3d] lapic_id[0x7a] disabled)
[    0.000000] ACPI: LAPIC (acpi_id[0x3e] lapic_id[0x7c] disabled)
[    0.000000] ACPI: LAPIC (acpi_id[0x3f] lapic_id[0x7e] disabled)
[    0.000000] ACPI: LAPIC_NMI (acpi_id[0x00] high edge lint[0x1])
[    0.000000] ACPI: LAPIC_NMI (acpi_id[0x01] high edge lint[0x1])
[    0.000000] ACPI: LAPIC_NMI (acpi_id[0x02] high edge lint[0x1])
[    0.000000] ACPI: LAPIC_NMI (acpi_id[0x03] high edge lint[0x1])
[    0.000000] ACPI: LAPIC_NMI (acpi_id[0x04] high edge lint[0x1])
[    0.000000] ACPI: LAPIC_NMI (acpi_id[0x05] high edge lint[0x1])
[    0.000000] ACPI: LAPIC_NMI (acpi_id[0x06] high edge lint[0x1])
[    0.000000] ACPI: LAPIC_NMI (acpi_id[0x07] high edge lint[0x1])
[    0.000000] ACPI: LAPIC_NMI (acpi_id[0x08] high edge lint[0x1])
[    0.000000] ACPI: LAPIC_NMI (acpi_id[0x09] high edge lint[0x1])
[    0.000000] ACPI: LAPIC_NMI (acpi_id[0x0a] high edge lint[0x1])
[    0.000000] ACPI: LAPIC_NMI (acpi_id[0x0b] high edge lint[0x1])
[    0.000000] ACPI: LAPIC_NMI (acpi_id[0x0c] high edge lint[0x1])
[    0.000000] ACPI: LAPIC_NMI (acpi_id[0x0d] high edge lint[0x1])
[    0.000000] ACPI: LAPIC_NMI (acpi_id[0x0e] high edge lint[0x1])
[    0.000000] ACPI: LAPIC_NMI (acpi_id[0x0f] high edge lint[0x1])
[    0.000000] ACPI: LAPIC_NMI (acpi_id[0x10] high edge lint[0x1])
[    0.000000] ACPI: LAPIC_NMI (acpi_id[0x11] high edge lint[0x1])
[    0.000000] ACPI: LAPIC_NMI (acpi_id[0x12] high edge lint[0x1])
[    0.000000] ACPI: LAPIC_NMI (acpi_id[0x13] high edge lint[0x1])
[    0.000000] ACPI: LAPIC_NMI (acpi_id[0x14] high edge lint[0x1])
[    0.000000] ACPI: LAPIC_NMI (acpi_id[0x15] high edge lint[0x1])
[    0.000000] ACPI: LAPIC_NMI (acpi_id[0x16] high edge lint[0x1])
[    0.000000] ACPI: LAPIC_NMI (acpi_id[0x17] high edge lint[0x1])
[    0.000000] ACPI: LAPIC_NMI (acpi_id[0x18] high edge lint[0x1])
[    0.000000] ACPI: LAPIC_NMI (acpi_id[0x19] high edge lint[0x1])
[    0.000000] ACPI: LAPIC_NMI (acpi_id[0x1a] high edge lint[0x1])
[    0.000000] ACPI: LAPIC_NMI (acpi_id[0x1b] high edge lint[0x1])
[    0.000000] ACPI: LAPIC_NMI (acpi_id[0x1c] high edge lint[0x1])
[    0.000000] ACPI: LAPIC_NMI (acpi_id[0x1d] high edge lint[0x1])
[    0.000000] ACPI: LAPIC_NMI (acpi_id[0x1e] high edge lint[0x1])
[    0.000000] ACPI: LAPIC_NMI (acpi_id[0x1f] high edge lint[0x1])
[    0.000000] ACPI: LAPIC_NMI (acpi_id[0x20] high edge lint[0x1])
[    0.000000] ACPI: LAPIC_NMI (acpi_id[0x21] high edge lint[0x1])
[    0.000000] ACPI: LAPIC_NMI (acpi_id[0x22] high edge lint[0x1])
[    0.000000] ACPI: LAPIC_NMI (acpi_id[0x23] high edge lint[0x1])
[    0.000000] ACPI: LAPIC_NMI (acpi_id[0x24] high edge lint[0x1])
[    0.000000] ACPI: LAPIC_NMI (acpi_id[0x25] high edge lint[0x1])
[    0.000000] ACPI: LAPIC_NMI (acpi_id[0x26] high edge lint[0x1])
[    0.000000] ACPI: LAPIC_NMI (acpi_id[0x27] high edge lint[0x1])
[    0.000000] ACPI: LAPIC_NMI (acpi_id[0x28] high edge lint[0x1])
[    0.000000] ACPI: LAPIC_NMI (acpi_id[0x29] high edge lint[0x1])
[    0.000000] ACPI: LAPIC_NMI (acpi_id[0x2a] high edge lint[0x1])
[    0.000000] ACPI: LAPIC_NMI (acpi_id[0x2b] high edge lint[0x1])
[    0.000000] ACPI: LAPIC_NMI (acpi_id[0x2c] high edge lint[0x1])
[    0.000000] ACPI: LAPIC_NMI (acpi_id[0x2d] high edge lint[0x1])
[    0.000000] ACPI: LAPIC_NMI (acpi_id[0x2e] high edge lint[0x1])
[    0.000000] ACPI: LAPIC_NMI (acpi_id[0x2f] high edge lint[0x1])
[    0.000000] ACPI: LAPIC_NMI (acpi_id[0x30] high edge lint[0x1])
[    0.000000] ACPI: LAPIC_NMI (acpi_id[0x31] high edge lint[0x1])
[    0.000000] ACPI: LAPIC_NMI (acpi_id[0x32] high edge lint[0x1])
[    0.000000] ACPI: LAPIC_NMI (acpi_id[0x33] high edge lint[0x1])
[    0.000000] ACPI: LAPIC_NMI (acpi_id[0x34] high edge lint[0x1])
[    0.000000] ACPI: LAPIC_NMI (acpi_id[0x35] high edge lint[0x1])
[    0.000000] ACPI: LAPIC_NMI (acpi_id[0x36] high edge lint[0x1])
[    0.000000] ACPI: LAPIC_NMI (acpi_id[0x37] high edge lint[0x1])
[    0.000000] ACPI: LAPIC_NMI (acpi_id[0x38] high edge lint[0x1])
[    0.000000] ACPI: LAPIC_NMI (acpi_id[0x39] high edge lint[0x1])
[    0.000000] ACPI: LAPIC_NMI (acpi_id[0x3a] high edge lint[0x1])
[    0.000000] ACPI: LAPIC_NMI (acpi_id[0x3b] high edge lint[0x1])
[    0.000000] ACPI: LAPIC_NMI (acpi_id[0x3c] high edge lint[0x1])
[    0.000000] ACPI: LAPIC_NMI (acpi_id[0x3d] high edge lint[0x1])
[    0.000000] ACPI: LAPIC_NMI (acpi_id[0x3e] high edge lint[0x1])
[    0.000000] ACPI: LAPIC_NMI (acpi_id[0x3f] high edge lint[0x1])
[    0.000000] ACPI: Skipping IOAPIC probe due to 'noapic' option.
[    0.000000] Using ACPI for processor (LAPIC) configuration information
[    0.000000] ACPI: HPET id: 0x8086af01 base: 0xfed00000
[    0.000000] Intel MultiProcessor Specification v1.4
[    0.000000]     Virtual Wire compatibility mode.
[    0.000000] MPTABLE: OEM ID: INTEL   
[    0.000000] MPTABLE: Product ID: 440BX       
[    0.000000] MPTABLE: APIC at: 0xFEE00000
[    0.000000] IOAPIC[0]: apic_id 1, version 17, address 0xfec00000, GSI 0-23
[    0.000000] Processors: 1
[    0.000000] SMP: Allowing 1 CPUs, 0 hotplug CPUs
[    0.000000] nr_irqs_gsi: 40
[    0.000000] PM: Registered nosave memory: 000000000009f000 - 00000000000a0000
[    0.000000] PM: Registered nosave memory: 00000000000a0000 - 00000000000ca000
[    0.000000] PM: Registered nosave memory: 00000000000ca000 - 00000000000cc000
[    0.000000] PM: Registered nosave memory: 00000000000cc000 - 00000000000dc000
[    0.000000] PM: Registered nosave memory: 00000000000dc000 - 0000000000100000
[    0.000000] Allocating PCI resources starting at 40000000 (gap: 40000000:a0000000)
[    0.000000] Booting paravirtualized kernel on bare hardware
[    0.000000] setup_percpu: NR_CPUS:8 nr_cpumask_bits:8 nr_cpu_ids:1 nr_node_ids:1
[    0.000000] PERCPU: Embedded 14 pages/cpu @f73e8000 s34240 r0 d23104 u57344
[    0.000000] pcpu-alloc: s34240 r0 d23104 u57344 alloc=14*4096
[    0.000000] pcpu-alloc: [0] 0 
[    0.000000] Built 1 zonelists in Zone order, mobility grouping on.  Total pages: 259950
[    0.000000] Kernel command line: BOOT_IMAGE=/boot/vmlinuz-3.2.0-29-generic-pae root=UUID=007b598c-390d-4c65-84a1-4ff752d48633 ro quiet splash maxcpus=0
[    0.000000] PID hash table entries: 4096 (order: 2, 16384 bytes)
[    0.000000] Dentry cache hash table entries: 131072 (order: 7, 524288 bytes)
[    0.000000] Inode-cache hash table entries: 65536 (order: 6, 262144 bytes)
[    0.000000] Initializing CPU#0
[    0.000000] xsave/xrstor: enabled xstate_bv 0x7, cntxt size 0x340
[    0.000000] allocated 4194048 bytes of page_cgroup
[    0.000000] please try 'cgroup_disable=memory' option if you don't want memory cgroups
[    0.000000] Initializing HighMem for node 0 (00037bfe:00040000)
[    0.000000] Memory: 1010624k/1048576k available (5814k kernel code, 37372k reserved, 2841k data, 740k init, 135048k highmem)
[    0.000000] virtual kernel memory layout:
[    0.000000]     fixmap  : 0xfff16000 - 0xfffff000   ( 932 kB)
[    0.000000]     pkmap   : 0xffc00000 - 0xffe00000   (2048 kB)
[    0.000000]     vmalloc : 0xf83fe000 - 0xffbfe000   ( 120 MB)
[    0.000000]     lowmem  : 0xc0000000 - 0xf7bfe000   ( 891 MB)
[    0.000000]       .init : 0xc1875000 - 0xc192e000   ( 740 kB)
[    0.000000]       .data : 0xc15adb64 - 0xc1874240   (2841 kB)
[    0.000000]       .text : 0xc1000000 - 0xc15adb64   (5814 kB)
[    0.000000] Checking if this processor honours the WP bit even in supervisor mode...Ok.
[    0.000000] SLUB: Genslabs=15, HWalign=64, Order=0-3, MinObjects=0, CPUs=1, Nodes=1
[    0.000000] Hierarchical RCU implementation.
[    0.000000] 	RCU dyntick-idle grace-period acceleration is enabled.
[    0.000000] NR_IRQS:2304 nr_irqs:256 16
[    0.000000] CPU 0 irqstacks, hard=f5c08000 soft=f5c0a000
[    0.000000] Extended CMOS year: 2000
[    0.000000] Console: colour VGA+ 80x25
[    0.000000] console [tty0] enabled
[    0.000000] hpet clockevent registered
[    0.000000] TSC freq read from hypervisor : 2394.620 MHz
[    0.000000] Detected 2394.620 MHz processor.
[    0.000001] Calibrating delay loop (skipped) preset value.. 4789.24 BogoMIPS (lpj=9578480)
[    0.000004] pid_max: default: 32768 minimum: 301
[    0.000019] Security Framework initialized
[    0.000033] AppArmor: AppArmor initialized
[    0.000034] Yama: becoming mindful.
[    0.000070] Mount-cache hash table entries: 512
[    0.000149] Initializing cgroup subsys cpuacct
[    0.000153] Initializing cgroup subsys memory
[    0.000157] Initializing cgroup subsys devices
[    0.000158] Initializing cgroup subsys freezer
[    0.000160] Initializing cgroup subsys blkio
[    0.000164] Initializing cgroup subsys perf_event
[    0.000208] Disabled fast string operations
[    0.000211] CPU: Physical Processor ID: 0
[    0.000220] ENERGY_PERF_BIAS: Set to 'normal', was 'performance'
[    0.000221] ENERGY_PERF_BIAS: View and update with x86_energy_perf_policy(8)
[    0.000866] mce: CPU supports 0 MCE banks
[    0.001594] SMP alternatives: switching to UP code
[    0.021643] Freeing SMP alternatives: 24k freed
[    0.021650] ACPI: Core revision 20110623
[    0.030416] ACPI: setting ELCR to 0200 (from 0e20)
[    0.031451] ftrace: allocating 26545 entries in 52 pages
[    0.052488] SMP mode deactivated.
[    0.052527] SMP disabled
[    0.052529] Performance Events: generic architected perfmon v1, core PMU driver.
[    0.052542] ... version:                1
[    0.052543] ... bit width:              48
[    0.052545] ... generic registers:      4
[    0.052546] ... value mask:             0000ffffffffffff
[    0.052547] ... max period:             000000007fffffff
[    0.052548] ... fixed-purpose events:   0
[    0.052549] ... event mask:             000000000000000f
[    0.052641] NMI watchdog enabled, takes one hw-pmu counter.
[    0.052660] Brought up 1 CPUs
[    0.052661] Total of 1 processors activated (4789.24 BogoMIPS).
[    0.052789] devtmpfs: initialized
[    0.052860] EVM: security.selinux
[    0.052861] EVM: security.SMACK64
[    0.052862] EVM: security.capability
[    0.052887] PM: Registering ACPI NVS region at 3feff000 (4096 bytes)
[    0.053584] print_constraints: dummy: 
[    0.053659] RTC time:  7:14:20, date: 05/27/13
[    0.053712] NET: Registered protocol family 16
[    0.053787] EISA bus registered
[    0.053797] ACPI: bus type pci registered
[    0.053908] PCI: MMCONFIG for domain 0000 [bus 00-ff] at [mem 0xe0000000-0xefffffff] (base 0xe0000000)
[    0.053911] PCI: MMCONFIG at [mem 0xe0000000-0xefffffff] reserved in E820
[    0.053912] PCI: Using MMCONFIG for extended config space
[    0.053913] PCI: Using configuration type 1 for base access
[    0.054575] bio: create slab <bio-0> at 0
[    0.054638] ACPI: Added _OSI(Module Device)
[    0.054639] ACPI: Added _OSI(Processor Device)
[    0.054640] ACPI: Added _OSI(3.0 _SCP Extensions)
[    0.054642] ACPI: Added _OSI(Processor Aggregator Device)
[    0.056561] ACPI: EC: Look up EC in DSDT
[    0.061118] [Firmware Bug]: ACPI: BIOS _OSI(Linux) query ignored
[    0.068737] ACPI: Interpreter enabled
[    0.068745] ACPI: (supports S0 S1 S4 S5)
[    0.068755] ACPI: Using PIC for interrupt routing
[    0.112776] ACPI: No dock devices found.
[    0.112780] HEST: Table not found.
[    0.112785] PCI: Using host bridge windows from ACPI; if necessary, use "pci=nocrs" and report a bug
[    0.113473] ACPI: PCI Root Bridge [PCI0] (domain 0000 [bus 00-ff])
[    0.114677] pci_root PNP0A03:00: host bridge window [mem 0x000a0000-0x000bffff]
[    0.114679] pci_root PNP0A03:00: host bridge window [mem 0x000cc000-0x000cffff]
[    0.114681] pci_root PNP0A03:00: host bridge window [mem 0x000d0000-0x000d3fff]
[    0.114682] pci_root PNP0A03:00: host bridge window [mem 0x000d4000-0x000d7fff]
[    0.114684] pci_root PNP0A03:00: host bridge window [mem 0x000d8000-0x000dbfff]
[    0.114685] pci_root PNP0A03:00: host bridge window [mem 0xc0000000-0xfebfffff]
[    0.114687] pci_root PNP0A03:00: host bridge window [io  0x0000-0x0cf7]
[    0.114689] pci_root PNP0A03:00: host bridge window [io  0x0d00-0xfeff]
[    0.114743] pci 0000:00:00.0: [8086:7190] type 0 class 0x000600
[    0.115196] pci 0000:00:01.0: [8086:7191] type 1 class 0x000604
[    0.115632] pci 0000:00:07.0: [8086:7110] type 0 class 0x000601
[    0.116357] pci 0000:00:07.1: [8086:7111] type 0 class 0x000101
[    0.117904] pci 0000:00:07.1: reg 20: [io  0x10c0-0x10cf]
[    0.118660] pci 0000:00:07.3: [8086:7113] type 0 class 0x000680
[    0.120353] pci 0000:00:07.3: quirk: [io  0x1000-0x103f] claimed by PIIX4 ACPI
[    0.120367] pci 0000:00:07.3: quirk: [io  0x1040-0x104f] claimed by PIIX4 SMB
[    0.120621] pci 0000:00:07.7: [15ad:0740] type 0 class 0x000880
[    0.121115] pci 0000:00:07.7: reg 10: [io  0x1080-0x10bf]
[    0.121715] pci 0000:00:07.7: reg 14: [mem 0xc8000000-0xc8001fff 64bit]
[    0.123860] pci 0000:00:0f.0: [15ad:0405] type 0 class 0x000300
[    0.126247] pci 0000:00:0f.0: reg 10: [io  0x10d0-0x10df]
[    0.129127] pci 0000:00:0f.0: reg 14: [mem 0xd0000000-0xd7ffffff pref]
[    0.132202] pci 0000:00:0f.0: reg 18: [mem 0xc8800000-0xc8ffffff]
[    0.141771] pci 0000:00:0f.0: reg 30: [mem 0x00000000-0x00007fff pref]
[    0.142125] pci 0000:00:10.0: [1000:0030] type 0 class 0x000100
[    0.142980] pci 0000:00:10.0: reg 10: [io  0x1400-0x14ff]
[    0.144077] pci 0000:00:10.0: reg 14: [mem 0xc8040000-0xc805ffff 64bit]
[    0.144972] pci 0000:00:10.0: reg 1c: [mem 0xc8020000-0xc803ffff 64bit]
[    0.146046] pci 0000:00:10.0: reg 30: [mem 0x00000000-0x00003fff pref]
[    0.146213] pci 0000:00:11.0: [15ad:0790] type 1 class 0x000604
[    0.146957] pci 0000:00:15.0: [15ad:07a0] type 1 class 0x000604
[    0.147823] pci 0000:00:15.0: PME# supported from D0 D3hot D3cold
[    0.147849] pci 0000:00:15.0: PME# disabled
[    0.148098] pci 0000:00:15.1: [15ad:07a0] type 1 class 0x000604
[    0.148872] pci 0000:00:15.1: PME# supported from D0 D3hot D3cold
[    0.148896] pci 0000:00:15.1: PME# disabled
[    0.149135] pci 0000:00:15.2: [15ad:07a0] type 1 class 0x000604
[    0.149912] pci 0000:00:15.2: PME# supported from D0 D3hot D3cold
[    0.149936] pci 0000:00:15.2: PME# disabled
[    0.150174] pci 0000:00:15.3: [15ad:07a0] type 1 class 0x000604
[    0.150945] pci 0000:00:15.3: PME# supported from D0 D3hot D3cold
[    0.150969] pci 0000:00:15.3: PME# disabled
[    0.151207] pci 0000:00:15.4: [15ad:07a0] type 1 class 0x000604
[    0.151988] pci 0000:00:15.4: PME# supported from D0 D3hot D3cold
[    0.152012] pci 0000:00:15.4: PME# disabled
[    0.152261] pci 0000:00:15.5: [15ad:07a0] type 1 class 0x000604
[    0.153036] pci 0000:00:15.5: PME# supported from D0 D3hot D3cold
[    0.153060] pci 0000:00:15.5: PME# disabled
[    0.153299] pci 0000:00:15.6: [15ad:07a0] type 1 class 0x000604
[    0.154061] pci 0000:00:15.6: PME# supported from D0 D3hot D3cold
[    0.154085] pci 0000:00:15.6: PME# disabled
[    0.154323] pci 0000:00:15.7: [15ad:07a0] type 1 class 0x000604
[    0.155099] pci 0000:00:15.7: PME# supported from D0 D3hot D3cold
[    0.155123] pci 0000:00:15.7: PME# disabled
[    0.155361] pci 0000:00:16.0: [15ad:07a0] type 1 class 0x000604
[    0.156251] pci 0000:00:16.0: PME# supported from D0 D3hot D3cold
[    0.156276] pci 0000:00:16.0: PME# disabled
[    0.156516] pci 0000:00:16.1: [15ad:07a0] type 1 class 0x000604
[    0.157293] pci 0000:00:16.1: PME# supported from D0 D3hot D3cold
[    0.157316] pci 0000:00:16.1: PME# disabled
[    0.157587] pci 0000:00:16.2: [15ad:07a0] type 1 class 0x000604
[    0.158350] pci 0000:00:16.2: PME# supported from D0 D3hot D3cold
[    0.158374] pci 0000:00:16.2: PME# disabled
[    0.158625] pci 0000:00:16.3: [15ad:07a0] type 1 class 0x000604
[    0.159387] pci 0000:00:16.3: PME# supported from D0 D3hot D3cold
[    0.159411] pci 0000:00:16.3: PME# disabled
[    0.159662] pci 0000:00:16.4: [15ad:07a0] type 1 class 0x000604
[    0.160441] pci 0000:00:16.4: PME# supported from D0 D3hot D3cold
[    0.160465] pci 0000:00:16.4: PME# disabled
[    0.160720] pci 0000:00:16.5: [15ad:07a0] type 1 class 0x000604
[    0.161481] pci 0000:00:16.5: PME# supported from D0 D3hot D3cold
[    0.161504] pci 0000:00:16.5: PME# disabled
[    0.161800] pci 0000:00:16.6: [15ad:07a0] type 1 class 0x000604
[    0.162734] pci 0000:00:16.6: PME# supported from D0 D3hot D3cold
[    0.162764] pci 0000:00:16.6: PME# disabled
[    0.163056] pci 0000:00:16.7: [15ad:07a0] type 1 class 0x000604
[    0.164004] pci 0000:00:16.7: PME# supported from D0 D3hot D3cold
[    0.164034] pci 0000:00:16.7: PME# disabled
[    0.164325] pci 0000:00:17.0: [15ad:07a0] type 1 class 0x000604
[    0.165166] pci 0000:00:17.0: PME# supported from D0 D3hot D3cold
[    0.165192] pci 0000:00:17.0: PME# disabled
[    0.165435] pci 0000:00:17.1: [15ad:07a0] type 1 class 0x000604
[    0.166210] pci 0000:00:17.1: PME# supported from D0 D3hot D3cold
[    0.166233] pci 0000:00:17.1: PME# disabled
[    0.166473] pci 0000:00:17.2: [15ad:07a0] type 1 class 0x000604
[    0.167248] pci 0000:00:17.2: PME# supported from D0 D3hot D3cold
[    0.167271] pci 0000:00:17.2: PME# disabled
[    0.167511] pci 0000:00:17.3: [15ad:07a0] type 1 class 0x000604
[    0.168307] pci 0000:00:17.3: PME# supported from D0 D3hot D3cold
[    0.168331] pci 0000:00:17.3: PME# disabled
[    0.168582] pci 0000:00:17.4: [15ad:07a0] type 1 class 0x000604
[    0.169348] pci 0000:00:17.4: PME# supported from D0 D3hot D3cold
[    0.169372] pci 0000:00:17.4: PME# disabled
[    0.169632] pci 0000:00:17.5: [15ad:07a0] type 1 class 0x000604
[    0.170397] pci 0000:00:17.5: PME# supported from D0 D3hot D3cold
[    0.170421] pci 0000:00:17.5: PME# disabled
[    0.170669] pci 0000:00:17.6: [15ad:07a0] type 1 class 0x000604
[    0.171433] pci 0000:00:17.6: PME# supported from D0 D3hot D3cold
[    0.171456] pci 0000:00:17.6: PME# disabled
[    0.171706] pci 0000:00:17.7: [15ad:07a0] type 1 class 0x000604
[    0.172484] pci 0000:00:17.7: PME# supported from D0 D3hot D3cold
[    0.172519] pci 0000:00:17.7: PME# disabled
[    0.172764] pci 0000:00:18.0: [15ad:07a0] type 1 class 0x000604
[    0.173541] pci 0000:00:18.0: PME# supported from D0 D3hot D3cold
[    0.173565] pci 0000:00:18.0: PME# disabled
[    0.173803] pci 0000:00:18.1: [15ad:07a0] type 1 class 0x000604
[    0.174580] pci 0000:00:18.1: PME# supported from D0 D3hot D3cold
[    0.174604] pci 0000:00:18.1: PME# disabled
[    0.174843] pci 0000:00:18.2: [15ad:07a0] type 1 class 0x000604
[    0.175616] pci 0000:00:18.2: PME# supported from D0 D3hot D3cold
[    0.175639] pci 0000:00:18.2: PME# disabled
[    0.175894] pci 0000:00:18.3: [15ad:07a0] type 1 class 0x000604
[    0.176667] pci 0000:00:18.3: PME# supported from D0 D3hot D3cold
[    0.176691] pci 0000:00:18.3: PME# disabled
[    0.176930] pci 0000:00:18.4: [15ad:07a0] type 1 class 0x000604
[    0.177704] pci 0000:00:18.4: PME# supported from D0 D3hot D3cold
[    0.177728] pci 0000:00:18.4: PME# disabled
[    0.177973] pci 0000:00:18.5: [15ad:07a0] type 1 class 0x000604
[    0.178810] pci 0000:00:18.5: PME# supported from D0 D3hot D3cold
[    0.178834] pci 0000:00:18.5: PME# disabled
[    0.179074] pci 0000:00:18.6: [15ad:07a0] type 1 class 0x000604
[    0.179859] pci 0000:00:18.6: PME# supported from D0 D3hot D3cold
[    0.179882] pci 0000:00:18.6: PME# disabled
[    0.180122] pci 0000:00:18.7: [15ad:07a0] type 1 class 0x000604
[    0.180899] pci 0000:00:18.7: PME# supported from D0 D3hot D3cold
[    0.180923] pci 0000:00:18.7: PME# disabled
[    0.181543] pci 0000:00:01.0: PCI bridge to [bus 01-01]
[    0.181859] pci 0000:02:00.0: [15ad:0774] type 0 class 0x000c03
[    0.183187] pci 0000:02:00.0: reg 20: [io  0x20c0-0x20df]
[    0.183849] pci 0000:02:01.0: [1022:2000] type 0 class 0x000200
[    0.184137] pci 0000:02:01.0: reg 10: [io  0x2000-0x207f]
[    0.185658] pci 0000:02:01.0: reg 30: [mem 0x00000000-0x0000ffff pref]
[    0.185791] pci 0000:02:02.0: [1274:1371] type 0 class 0x000401
[    0.186121] pci 0000:02:02.0: reg 10: [io  0x2080-0x20bf]
[    0.188068] pci 0000:02:03.0: [15ad:0770] type 0 class 0x000c03
[    0.188343] pci 0000:02:03.0: reg 10: [mem 0xc9000000-0xc9000fff]
[    0.190480] pci 0000:00:11.0: PCI bridge to [bus 02-02] (subtractive decode)
[    0.190521] pci 0000:00:11.0:   bridge window [io  0x2000-0x3fff]
[    0.190552] pci 0000:00:11.0:   bridge window [mem 0xc9000000-0xca3fffff]
[    0.190608] pci 0000:00:11.0:   bridge window [mem 0xd8400000-0xd89fffff 64bit pref]
[    0.190611] pci 0000:00:11.0:   bridge window [mem 0x000a0000-0x000bffff] (subtractive decode)
[    0.190613] pci 0000:00:11.0:   bridge window [mem 0x000cc000-0x000cffff] (subtractive decode)
[    0.190616] pci 0000:00:11.0:   bridge window [mem 0x000d0000-0x000d3fff] (subtractive decode)
[    0.190618] pci 0000:00:11.0:   bridge window [mem 0x000d4000-0x000d7fff] (subtractive decode)
[    0.190620] pci 0000:00:11.0:   bridge window [mem 0x000d8000-0x000dbfff] (subtractive decode)
[    0.190622] pci 0000:00:11.0:   bridge window [mem 0xc0000000-0xfebfffff] (subtractive decode)
[    0.190624] pci 0000:00:11.0:   bridge window [io  0x0000-0x0cf7] (subtractive decode)
[    0.190626] pci 0000:00:11.0:   bridge window [io  0x0d00-0xfeff] (subtractive decode)
[    0.191223] pci 0000:00:15.0: PCI bridge to [bus 03-03]
[    0.191252] pci 0000:00:15.0:   bridge window [io  0x4000-0x4fff]
[    0.191285] pci 0000:00:15.0:   bridge window [mem 0xca400000-0xca4fffff]
[    0.191345] pci 0000:00:15.0:   bridge window [mem 0xd8a00000-0xd8afffff 64bit pref]
[    0.191841] pci 0000:00:15.1: PCI bridge to [bus 04-04]
[    0.191863] pci 0000:00:15.1:   bridge window [io  0x8000-0x8fff]
[    0.191886] pci 0000:00:15.1:   bridge window [mem 0xca800000-0xca8fffff]
[    0.191930] pci 0000:00:15.1:   bridge window [mem 0xd8e00000-0xd8efffff 64bit pref]
[    0.192473] pci 0000:00:15.2: PCI bridge to [bus 05-05]
[    0.192505] pci 0000:00:15.2:   bridge window [io  0xc000-0xcfff]
[    0.192536] pci 0000:00:15.2:   bridge window [mem 0xcac00000-0xcacfffff]
[    0.192596] pci 0000:00:15.2:   bridge window [mem 0xd9200000-0xd92fffff 64bit pref]
[    0.193168] pci 0000:00:15.3: PCI bridge to [bus 06-06]
[    0.193216] pci 0000:00:15.3:   bridge window [mem 0xcb000000-0xcb0fffff]
[    0.193266] pci 0000:00:15.3:   bridge window [mem 0xd9600000-0xd96fffff 64bit pref]
[    0.193827] pci 0000:00:15.4: PCI bridge to [bus 07-07]
[    0.193876] pci 0000:00:15.4:   bridge window [mem 0xcb400000-0xcb4fffff]
[    0.193926] pci 0000:00:15.4:   bridge window [mem 0xd9a00000-0xd9afffff 64bit pref]
[    0.194458] pci 0000:00:15.5: PCI bridge to [bus 08-08]
[    0.194513] pci 0000:00:15.5:   bridge window [mem 0xcb800000-0xcb8fffff]
[    0.194575] pci 0000:00:15.5:   bridge window [mem 0xd9e00000-0xd9efffff 64bit pref]
[    0.195197] pci 0000:00:15.6: PCI bridge to [bus 09-09]
[    0.195249] pci 0000:00:15.6:   bridge window [mem 0xcbc00000-0xcbcfffff]
[    0.195308] pci 0000:00:15.6:   bridge window [mem 0xda200000-0xda2fffff 64bit pref]
[    0.195886] pci 0000:00:15.7: PCI bridge to [bus 0a-0a]
[    0.195939] pci 0000:00:15.7:   bridge window [mem 0xcc000000-0xcc0fffff]
[    0.195988] pci 0000:00:15.7:   bridge window [mem 0xda600000-0xda6fffff 64bit pref]
[    0.196530] pci 0000:00:16.0: PCI bridge to [bus 0b-0b]
[    0.196558] pci 0000:00:16.0:   bridge window [io  0x5000-0x5fff]
[    0.196584] pci 0000:00:16.0:   bridge window [mem 0xca500000-0xca5fffff]
[    0.196637] pci 0000:00:16.0:   bridge window [mem 0xd8b00000-0xd8bfffff 64bit pref]
[    0.197166] pci 0000:00:16.1: PCI bridge to [bus 0c-0c]
[    0.197192] pci 0000:00:16.1:   bridge window [io  0x9000-0x9fff]
[    0.197219] pci 0000:00:16.1:   bridge window [mem 0xca900000-0xca9fffff]
[    0.197270] pci 0000:00:16.1:   bridge window [mem 0xd8f00000-0xd8ffffff 64bit pref]
[    0.197795] pci 0000:00:16.2: PCI bridge to [bus 0d-0d]
[    0.197820] pci 0000:00:16.2:   bridge window [io  0xd000-0xdfff]
[    0.197842] pci 0000:00:16.2:   bridge window [mem 0xcad00000-0xcadfffff]
[    0.197886] pci 0000:00:16.2:   bridge window [mem 0xd9300000-0xd93fffff 64bit pref]
[    0.198405] pci 0000:00:16.3: PCI bridge to [bus 0e-0e]
[    0.198455] pci 0000:00:16.3:   bridge window [mem 0xcb100000-0xcb1fffff]
[    0.198529] pci 0000:00:16.3:   bridge window [mem 0xd9700000-0xd97fffff 64bit pref]
[    0.199105] pci 0000:00:16.4: PCI bridge to [bus 0f-0f]
[    0.199153] pci 0000:00:16.4:   bridge window [mem 0xcb500000-0xcb5fffff]
[    0.199204] pci 0000:00:16.4:   bridge window [mem 0xd9b00000-0xd9bfffff 64bit pref]
[    0.199727] pci 0000:00:16.5: PCI bridge to [bus 10-10]
[    0.199772] pci 0000:00:16.5:   bridge window [mem 0xcb900000-0xcb9fffff]
[    0.199816] pci 0000:00:16.5:   bridge window [mem 0xd9f00000-0xd9ffffff 64bit pref]
[    0.200279] pci 0000:00:16.6: PCI bridge to [bus 11-11]
[    0.200322] pci 0000:00:16.6:   bridge window [mem 0xcbd00000-0xcbdfffff]
[    0.200367] pci 0000:00:16.6:   bridge window [mem 0xda300000-0xda3fffff 64bit pref]
[    0.200884] pci 0000:00:16.7: PCI bridge to [bus 12-12]
[    0.200934] pci 0000:00:16.7:   bridge window [mem 0xcc100000-0xcc1fffff]
[    0.200984] pci 0000:00:16.7:   bridge window [mem 0xda700000-0xda7fffff 64bit pref]
[    0.201527] pci 0000:00:17.0: PCI bridge to [bus 13-13]
[    0.201552] pci 0000:00:17.0:   bridge window [io  0x6000-0x6fff]
[    0.201578] pci 0000:00:17.0:   bridge window [mem 0xca600000-0xca6fffff]
[    0.201626] pci 0000:00:17.0:   bridge window [mem 0xd8c00000-0xd8cfffff 64bit pref]
[    0.202125] pci 0000:00:17.1: PCI bridge to [bus 14-14]
[    0.202149] pci 0000:00:17.1:   bridge window [io  0xa000-0xafff]
[    0.202175] pci 0000:00:17.1:   bridge window [mem 0xcaa00000-0xcaafffff]
[    0.202223] pci 0000:00:17.1:   bridge window [mem 0xd9000000-0xd90fffff 64bit pref]
[    0.202701] pci 0000:00:17.2: PCI bridge to [bus 15-15]
[    0.202721] pci 0000:00:17.2:   bridge window [io  0xe000-0xefff]
[    0.202742] pci 0000:00:17.2:   bridge window [mem 0xcae00000-0xcaefffff]
[    0.202781] pci 0000:00:17.2:   bridge window [mem 0xd9400000-0xd94fffff 64bit pref]
[    0.203275] pci 0000:00:17.3: PCI bridge to [bus 16-16]
[    0.203323] pci 0000:00:17.3:   bridge window [mem 0xcb200000-0xcb2fffff]
[    0.203370] pci 0000:00:17.3:   bridge window [mem 0xd9800000-0xd98fffff 64bit pref]
[    0.203923] pci 0000:00:17.4: PCI bridge to [bus 17-17]
[    0.203973] pci 0000:00:17.4:   bridge window [mem 0xcb600000-0xcb6fffff]
[    0.204023] pci 0000:00:17.4:   bridge window [mem 0xd9c00000-0xd9cfffff 64bit pref]
[    0.204588] pci 0000:00:17.5: PCI bridge to [bus 18-18]
[    0.204648] pci 0000:00:17.5:   bridge window [mem 0xcba00000-0xcbafffff]
[    0.204705] pci 0000:00:17.5:   bridge window [mem 0xda000000-0xda0fffff 64bit pref]
[    0.205349] pci 0000:00:17.6: PCI bridge to [bus 19-19]
[    0.205408] pci 0000:00:17.6:   bridge window [mem 0xcbe00000-0xcbefffff]
[    0.205478] pci 0000:00:17.6:   bridge window [mem 0xda400000-0xda4fffff 64bit pref]
[    0.206053] pci 0000:00:17.7: PCI bridge to [bus 1a-1a]
[    0.206106] pci 0000:00:17.7:   bridge window [mem 0xcc200000-0xcc2fffff]
[    0.206159] pci 0000:00:17.7:   bridge window [mem 0xda800000-0xda8fffff 64bit pref]
[    0.206799] pci 0000:00:18.0: PCI bridge to [bus 1b-1b]
[    0.206831] pci 0000:00:18.0:   bridge window [io  0x7000-0x7fff]
[    0.206862] pci 0000:00:18.0:   bridge window [mem 0xca700000-0xca7fffff]
[    0.206922] pci 0000:00:18.0:   bridge window [mem 0xd8d00000-0xd8dfffff 64bit pref]
[    0.207615] pci 0000:00:18.1: PCI bridge to [bus 1c-1c]
[    0.207644] pci 0000:00:18.1:   bridge window [io  0xb000-0xbfff]
[    0.207698] pci 0000:00:18.1:   bridge window [mem 0xcab00000-0xcabfffff]
[    0.207756] pci 0000:00:18.1:   bridge window [mem 0xd9100000-0xd91fffff 64bit pref]
[    0.208353] pci 0000:00:18.2: PCI bridge to [bus 1d-1d]
[    0.208384] pci 0000:00:18.2:   bridge window [io  0xf000-0xffff]
[    0.208417] pci 0000:00:18.2:   bridge window [mem 0xcaf00000-0xcaffffff]
[    0.208484] pci 0000:00:18.2:   bridge window [mem 0xd9500000-0xd95fffff 64bit pref]
[    0.209140] pci 0000:00:18.3: PCI bridge to [bus 1e-1e]
[    0.209203] pci 0000:00:18.3:   bridge window [mem 0xcb300000-0xcb3fffff]
[    0.209262] pci 0000:00:18.3:   bridge window [mem 0xd9900000-0xd99fffff 64bit pref]
[    0.209971] pci 0000:00:18.4: PCI bridge to [bus 1f-1f]
[    0.210037] pci 0000:00:18.4:   bridge window [mem 0xcb700000-0xcb7fffff]
[    0.210101] pci 0000:00:18.4:   bridge window [mem 0xd9d00000-0xd9dfffff 64bit pref]
[    0.210870] pci 0000:00:18.5: PCI bridge to [bus 20-20]
[    0.210975] pci 0000:00:18.5:   bridge window [mem 0xcbb00000-0xcbbfffff]
[    0.211029] pci 0000:00:18.5:   bridge window [mem 0xda100000-0xda1fffff 64bit pref]
[    0.211730] pci 0000:00:18.6: PCI bridge to [bus 21-21]
[    0.211788] pci 0000:00:18.6:   bridge window [mem 0xcbf00000-0xcbffffff]
[    0.211843] pci 0000:00:18.6:   bridge window [mem 0xda500000-0xda5fffff 64bit pref]
[    0.212469] pci 0000:00:18.7: PCI bridge to [bus 22-22]
[    0.212528] pci 0000:00:18.7:   bridge window [mem 0xcc300000-0xcc3fffff]
[    0.212578] pci 0000:00:18.7:   bridge window [mem 0xda900000-0xda9fffff 64bit pref]
[    0.214579] pci_bus 0000:00: on NUMA node 0
[    0.214587] ACPI: PCI Interrupt Routing Table [\_SB_.PCI0._PRT]
[    0.215478]  pci0000:00: Requesting ACPI _OSC control (0x1d)
[    0.215766]  pci0000:00: ACPI _OSC control (0x15) granted
[    0.296792] ACPI: PCI Interrupt Link [LNKA] (IRQs 3 4 5 6 7 *9 10 11 14 15)
[    0.296863] ACPI: PCI Interrupt Link [LNKB] (IRQs 3 4 5 6 7 9 10 *11 14 15)
[    0.296930] ACPI: PCI Interrupt Link [LNKC] (IRQs 3 4 5 6 7 9 *10 11 14 15)
[    0.296995] ACPI: PCI Interrupt Link [LNKD] (IRQs 3 4 *5 6 7 9 10 11 14 15)
[    0.297130] vgaarb: device added: PCI:0000:00:0f.0,decodes=io+mem,owns=io+mem,locks=none
[    0.297139] vgaarb: loaded
[    0.297140] vgaarb: bridge control possible 0000:00:0f.0
[    0.297219] i2c-core: driver [aat2870] using legacy suspend method
[    0.297220] i2c-core: driver [aat2870] using legacy resume method
[    0.297281] SCSI subsystem initialized
[    0.297319] libata version 3.00 loaded.
[    0.297366] usbcore: registered new interface driver usbfs
[    0.297377] usbcore: registered new interface driver hub
[    0.297401] usbcore: registered new device driver usb
[    0.297463] PCI: Using ACPI for IRQ routing
[    0.374518] PCI: pci_cache_line_size set to 64 bytes
[    0.374541] pci 0000:00:18.2: no compatible bridge window for [io  0xf000-0xffff]
[    0.375617] reserve RAM buffer: 000000000009f000 - 000000000009ffff 
[    0.375619] reserve RAM buffer: 000000003fee0000 - 000000003fffffff 
[    0.375719] NetLabel: Initializing
[    0.375721] NetLabel:  domain hash size = 128
[    0.375721] NetLabel:  protocols = UNLABELED CIPSOv4
[    0.375729] NetLabel:  unlabeled traffic allowed by default
[    0.375790] hpet0: at MMIO 0xfed00000, IRQs 2, 8, 0, 0, 0, 0, 0, 0, 0, 0, 0, 0, 0, 0, 0, 0
[    0.375795] hpet0: 16 comparators, 64-bit 14.318180 MHz counter
[    0.377815] Switching to clocksource hpet
[    0.383704] AppArmor: AppArmor Filesystem Enabled
[    0.383726] pnp: PnP ACPI init
[    0.383743] ACPI: bus type pnp registered
[    0.384394] pnp 00:00: [bus 00-ff]
[    0.384396] pnp 00:00: [mem 0x000a0000-0x000bffff window]
[    0.384398] pnp 00:00: [mem 0x000c0000-0x000c3fff window]
[    0.384399] pnp 00:00: [mem 0x000c4000-0x000c7fff window]
[    0.384401] pnp 00:00: [mem 0x000c8000-0x000cbfff window]
[    0.384402] pnp 00:00: [mem 0x000cc000-0x000cffff window]
[    0.384404] pnp 00:00: [mem 0x000d0000-0x000d3fff window]
[    0.384405] pnp 00:00: [mem 0x000d4000-0x000d7fff window]
[    0.384407] pnp 00:00: [mem 0x000d8000-0x000dbfff window]
[    0.384408] pnp 00:00: [mem 0x000dc000-0x000dffff window]
[    0.384410] pnp 00:00: [mem 0x000e0000-0x000e3fff window]
[    0.384411] pnp 00:00: [mem 0x000e4000-0x000e7fff window]
[    0.384412] pnp 00:00: [mem 0x000e8000-0x000ebfff window]
[    0.384414] pnp 00:00: [mem 0x000ec000-0x000effff window]
[    0.384415] pnp 00:00: [mem 0xc0000000-0xfebfffff window]
[    0.384417] pnp 00:00: [io  0x0cf8-0x0cff]
[    0.384418] pnp 00:00: [io  0x0000-0x0cf7 window]
[    0.384420] pnp 00:00: [io  0x0d00-0xfeff window]
[    0.384460] pnp 00:00: Plug and Play ACPI device, IDs PNP0a03 PNP0a08 (active)
[    0.384523] pnp 00:01: [io  0x0010-0x001f]
[    0.384524] pnp 00:01: [io  0x0024-0x0025]
[    0.384525] pnp 00:01: [io  0x0028-0x0029]
[    0.384526] pnp 00:01: [io  0x002c-0x002d]
[    0.384528] pnp 00:01: [io  0x002e-0x002f]
[    0.384529] pnp 00:01: [io  0x0030-0x0031]
[    0.384530] pnp 00:01: [io  0x0034-0x0035]
[    0.384531] pnp 00:01: [io  0x0038-0x0039]
[    0.384532] pnp 00:01: [io  0x003c-0x003d]
[    0.384533] pnp 00:01: [io  0x0050-0x0053]
[    0.384534] pnp 00:01: [io  0x0072-0x0077]
[    0.384536] pnp 00:01: [io  0x0080]
[    0.384537] pnp 00:01: [io  0x0090-0x009f]
[    0.384538] pnp 00:01: [io  0x00a4-0x00a5]
[    0.384539] pnp 00:01: [io  0x00a8-0x00a9]
[    0.384540] pnp 00:01: [io  0x00ac-0x00ad]
[    0.384541] pnp 00:01: [io  0x00b0-0x00b5]
[    0.384543] pnp 00:01: [io  0x00b8-0x00b9]
[    0.384544] pnp 00:01: [io  0x00bc-0x00bd]
[    0.384545] pnp 00:01: [io  0x1000-0x103f]
[    0.384546] pnp 00:01: [io  0x1040-0x104f]
[    0.384547] pnp 00:01: [io  0x0cf0-0x0cf1]
[    0.384607] system 00:01: [io  0x1000-0x103f] has been reserved
[    0.384611] system 00:01: [io  0x1040-0x104f] has been reserved
[    0.384614] system 00:01: [io  0x0cf0-0x0cf1] has been reserved
[    0.384616] system 00:01: Plug and Play ACPI device, IDs PNP0c02 (active)
[    0.384623] pnp 00:02: [io  0x0000-0x000f]
[    0.384624] pnp 00:02: [io  0x0081-0x008f]
[    0.384625] pnp 00:02: [io  0x00c0-0x00df]
[    0.384627] pnp 00:02: [dma 4]
[    0.384642] pnp 00:02: Plug and Play ACPI device, IDs PNP0200 (active)
[    0.384648] pnp 00:03: [io  0x0020-0x0021]
[    0.384649] pnp 00:03: [io  0x00a0-0x00a1]
[    0.384650] pnp 00:03: [io  0x04d0-0x04d1]
[    0.384652] pnp 00:03: [irq 2 disabled]
[    0.384667] pnp 00:03: Plug and Play ACPI device, IDs PNP0001 (active)
[    0.384673] pnp 00:04: [io  0x0070-0x0071]
[    0.384675] pnp 00:04: [irq 8]
[    0.384688] pnp 00:04: Plug and Play ACPI device, IDs PNP0b00 (active)
[    0.384693] pnp 00:05: [io  0x0061]
[    0.384705] pnp 00:05: Plug and Play ACPI device, IDs PNP0800 (active)
[    0.384710] pnp 00:06: [io  0x0060]
[    0.384711] pnp 00:06: [io  0x0064]
[    0.384712] pnp 00:06: [irq 1]
[    0.384727] pnp 00:06: Plug and Play ACPI device, IDs PNP0303 (active)
[    0.384733] pnp 00:07: [irq 12]
[    0.384745] pnp 00:07: Plug and Play ACPI device, IDs PNP0f13 (active)
[    0.384908] pnp 00:08: [mem 0xfed00000-0xfed003ff]
[    0.384943] system 00:08: [mem 0xfed00000-0xfed003ff] has been reserved
[    0.384945] system 00:08: Plug and Play ACPI device, IDs PNP0103 PNP0c01 (active)
[    0.389492] pnp 00:09: [io  0x0378-0x037f]
[    0.389495] pnp 00:09: [irq 7]
[    0.390697] pnp 00:09: Plug and Play ACPI device, IDs PNP0400 (active)
[    0.394788] pnp 00:0a: [io  0x03f8-0x03ff]
[    0.394791] pnp 00:0a: [irq 4]
[    0.396273] pnp 00:0a: Plug and Play ACPI device, IDs PNP0501 (active)
[    0.400654] pnp 00:0b: [io  0x02f8-0x02ff]
[    0.400657] pnp 00:0b: [irq 3]
[    0.402324] pnp 00:0b: Plug and Play ACPI device, IDs PNP0501 (active)
[    0.409139] pnp 00:0c: [io  0x03f0-0x03f5]
[    0.409142] pnp 00:0c: [io  0x03f7]
[    0.409145] pnp 00:0c: [irq 6]
[    0.409146] pnp 00:0c: [dma 2]
[    0.410549] pnp 00:0c: Plug and Play ACPI device, IDs PNP0700 (active)
[    0.410767] pnp 00:0d: [mem 0xe0000000-0xefffffff]
[    0.410770] pnp 00:0d: [io  0x1060-0x107f]
[    0.410772] pnp 00:0d: [mem 0xc8200000-0xc83fffff]
[    0.410832] system 00:0d: [io  0x1060-0x107f] has been reserved
[    0.410836] system 00:0d: [mem 0xe0000000-0xefffffff] has been reserved
[    0.410839] system 00:0d: [mem 0xc8200000-0xc83fffff] has been reserved
[    0.410842] system 00:0d: Plug and Play ACPI device, IDs PNP0c02 (active)
[    0.416836] pnp: PnP ACPI: found 14 devices
[    0.416838] ACPI: ACPI bus type pnp unregistered
[    0.416841] PnPBIOS: Disabled by ACPI PNP
[    0.452512] PCI: max bus depth: 1 pci_try_num: 2
[    0.453734] pci 0000:00:0f.0: BAR 6: assigned [mem 0xc0000000-0xc0007fff pref]
[    0.453741] pci 0000:00:10.0: BAR 6: assigned [mem 0xc0008000-0xc000bfff pref]
[    0.453748] pci 0000:00:18.7: BAR 13: can't assign io (size 0x1000)
[    0.453753] pci 0000:00:18.6: BAR 13: can't assign io (size 0x1000)
[    0.453758] pci 0000:00:18.5: BAR 13: can't assign io (size 0x1000)
[    0.453763] pci 0000:00:18.4: BAR 13: can't assign io (size 0x1000)
[    0.453768] pci 0000:00:18.3: BAR 13: can't assign io (size 0x1000)
[    0.453773] pci 0000:00:18.2: BAR 13: can't assign io (size 0x1000)
[    0.453777] pci 0000:00:17.7: BAR 13: can't assign io (size 0x1000)
[    0.453782] pci 0000:00:17.6: BAR 13: can't assign io (size 0x1000)
[    0.453787] pci 0000:00:17.5: BAR 13: can't assign io (size 0x1000)
[    0.453792] pci 0000:00:17.4: BAR 13: can't assign io (size 0x1000)
[    0.453796] pci 0000:00:17.3: BAR 13: can't assign io (size 0x1000)
[    0.453801] pci 0000:00:16.7: BAR 13: can't assign io (size 0x1000)
[    0.453806] pci 0000:00:16.6: BAR 13: can't assign io (size 0x1000)
[    0.453811] pci 0000:00:16.5: BAR 13: can't assign io (size 0x1000)
[    0.453816] pci 0000:00:16.4: BAR 13: can't assign io (size 0x1000)
[    0.453821] pci 0000:00:16.3: BAR 13: can't assign io (size 0x1000)
[    0.453826] pci 0000:00:15.7: BAR 13: can't assign io (size 0x1000)
[    0.453831] pci 0000:00:15.6: BAR 13: can't assign io (size 0x1000)
[    0.453835] pci 0000:00:15.5: BAR 13: can't assign io (size 0x1000)
[    0.453840] pci 0000:00:15.4: BAR 13: can't assign io (size 0x1000)
[    0.453845] pci 0000:00:15.3: BAR 13: can't assign io (size 0x1000)
[    0.453849] pci 0000:00:01.0: PCI bridge to [bus 01-01]
[    0.453875] pci 0000:02:01.0: BAR 6: assigned [mem 0xd8400000-0xd840ffff pref]
[    0.453879] pci 0000:00:11.0: PCI bridge to [bus 02-02]
[    0.453896] pci 0000:00:11.0:   bridge window [io  0x2000-0x3fff]
[    0.453922] pci 0000:00:11.0:   bridge window [mem 0xc9000000-0xca3fffff]
[    0.453947] pci 0000:00:11.0:   bridge window [mem 0xd8400000-0xd89fffff 64bit pref]
[    0.453973] pci 0000:00:15.0: PCI bridge to [bus 03-03]
[    0.453990] pci 0000:00:15.0:   bridge window [io  0x4000-0x4fff]
[    0.454015] pci 0000:00:15.0:   bridge window [mem 0xca400000-0xca4fffff]
[    0.454041] pci 0000:00:15.0:   bridge window [mem 0xd8a00000-0xd8afffff 64bit pref]
[    0.454066] pci 0000:00:15.1: PCI bridge to [bus 04-04]
[    0.454083] pci 0000:00:15.1:   bridge window [io  0x8000-0x8fff]
[    0.454109] pci 0000:00:15.1:   bridge window [mem 0xca800000-0xca8fffff]
[    0.454135] pci 0000:00:15.1:   bridge window [mem 0xd8e00000-0xd8efffff 64bit pref]
[    0.454160] pci 0000:00:15.2: PCI bridge to [bus 05-05]
[    0.454177] pci 0000:00:15.2:   bridge window [io  0xc000-0xcfff]
[    0.454203] pci 0000:00:15.2:   bridge window [mem 0xcac00000-0xcacfffff]
[    0.454228] pci 0000:00:15.2:   bridge window [mem 0xd9200000-0xd92fffff 64bit pref]
[    0.454254] pci 0000:00:15.3: PCI bridge to [bus 06-06]
[    0.454279] pci 0000:00:15.3:   bridge window [mem 0xcb000000-0xcb0fffff]
[    0.454305] pci 0000:00:15.3:   bridge window [mem 0xd9600000-0xd96fffff 64bit pref]
[    0.454330] pci 0000:00:15.4: PCI bridge to [bus 07-07]
[    0.454356] pci 0000:00:15.4:   bridge window [mem 0xcb400000-0xcb4fffff]
[    0.454382] pci 0000:00:15.4:   bridge window [mem 0xd9a00000-0xd9afffff 64bit pref]
[    0.454407] pci 0000:00:15.5: PCI bridge to [bus 08-08]
[    0.454433] pci 0000:00:15.5:   bridge window [mem 0xcb800000-0xcb8fffff]
[    0.454458] pci 0000:00:15.5:   bridge window [mem 0xd9e00000-0xd9efffff 64bit pref]
[    0.454484] pci 0000:00:15.6: PCI bridge to [bus 09-09]
[    0.454509] pci 0000:00:15.6:   bridge window [mem 0xcbc00000-0xcbcfffff]
[    0.454535] pci 0000:00:15.6:   bridge window [mem 0xda200000-0xda2fffff 64bit pref]
[    0.454560] pci 0000:00:15.7: PCI bridge to [bus 0a-0a]
[    0.454586] pci 0000:00:15.7:   bridge window [mem 0xcc000000-0xcc0fffff]
[    0.454612] pci 0000:00:15.7:   bridge window [mem 0xda600000-0xda6fffff 64bit pref]
[    0.454637] pci 0000:00:16.0: PCI bridge to [bus 0b-0b]
[    0.454654] pci 0000:00:16.0:   bridge window [io  0x5000-0x5fff]
[    0.454680] pci 0000:00:16.0:   bridge window [mem 0xca500000-0xca5fffff]
[    0.454705] pci 0000:00:16.0:   bridge window [mem 0xd8b00000-0xd8bfffff 64bit pref]
[    0.454731] pci 0000:00:16.1: PCI bridge to [bus 0c-0c]
[    0.454748] pci 0000:00:16.1:   bridge window [io  0x9000-0x9fff]
[    0.454773] pci 0000:00:16.1:   bridge window [mem 0xca900000-0xca9fffff]
[    0.454799] pci 0000:00:16.1:   bridge window [mem 0xd8f00000-0xd8ffffff 64bit pref]
[    0.454824] pci 0000:00:16.2: PCI bridge to [bus 0d-0d]
[    0.454842] pci 0000:00:16.2:   bridge window [io  0xd000-0xdfff]
[    0.454867] pci 0000:00:16.2:   bridge window [mem 0xcad00000-0xcadfffff]
[    0.454893] pci 0000:00:16.2:   bridge window [mem 0xd9300000-0xd93fffff 64bit pref]
[    0.454918] pci 0000:00:16.3: PCI bridge to [bus 0e-0e]
[    0.454944] pci 0000:00:16.3:   bridge window [mem 0xcb100000-0xcb1fffff]
[    0.454968] pci 0000:00:16.3:   bridge window [mem 0xd9700000-0xd97fffff 64bit pref]
[    0.454994] pci 0000:00:16.4: PCI bridge to [bus 0f-0f]
[    0.455019] pci 0000:00:16.4:   bridge window [mem 0xcb500000-0xcb5fffff]
[    0.455043] pci 0000:00:16.4:   bridge window [mem 0xd9b00000-0xd9bfffff 64bit pref]
[    0.455069] pci 0000:00:16.5: PCI bridge to [bus 10-10]
[    0.455094] pci 0000:00:16.5:   bridge window [mem 0xcb900000-0xcb9fffff]
[    0.455118] pci 0000:00:16.5:   bridge window [mem 0xd9f00000-0xd9ffffff 64bit pref]
[    0.455144] pci 0000:00:16.6: PCI bridge to [bus 11-11]
[    0.455169] pci 0000:00:16.6:   bridge window [mem 0xcbd00000-0xcbdfffff]
[    0.455193] pci 0000:00:16.6:   bridge window [mem 0xda300000-0xda3fffff 64bit pref]
[    0.455219] pci 0000:00:16.7: PCI bridge to [bus 12-12]
[    0.455244] pci 0000:00:16.7:   bridge window [mem 0xcc100000-0xcc1fffff]
[    0.455268] pci 0000:00:16.7:   bridge window [mem 0xda700000-0xda7fffff 64bit pref]
[    0.455294] pci 0000:00:17.0: PCI bridge to [bus 13-13]
[    0.455308] pci 0000:00:17.0:   bridge window [io  0x6000-0x6fff]
[    0.455334] pci 0000:00:17.0:   bridge window [mem 0xca600000-0xca6fffff]
[    0.455357] pci 0000:00:17.0:   bridge window [mem 0xd8c00000-0xd8cfffff 64bit pref]
[    0.455383] pci 0000:00:17.1: PCI bridge to [bus 14-14]
[    0.455397] pci 0000:00:17.1:   bridge window [io  0xa000-0xafff]
[    0.455422] pci 0000:00:17.1:   bridge window [mem 0xcaa00000-0xcaafffff]
[    0.455446] pci 0000:00:17.1:   bridge window [mem 0xd9000000-0xd90fffff 64bit pref]
[    0.455472] pci 0000:00:17.2: PCI bridge to [bus 15-15]
[    0.455486] pci 0000:00:17.2:   bridge window [io  0xe000-0xefff]
[    0.455511] pci 0000:00:17.2:   bridge window [mem 0xcae00000-0xcaefffff]
[    0.455535] pci 0000:00:17.2:   bridge window [mem 0xd9400000-0xd94fffff 64bit pref]
[    0.455560] pci 0000:00:17.3: PCI bridge to [bus 16-16]
[    0.455586] pci 0000:00:17.3:   bridge window [mem 0xcb200000-0xcb2fffff]
[    0.455610] pci 0000:00:17.3:   bridge window [mem 0xd9800000-0xd98fffff 64bit pref]
[    0.455635] pci 0000:00:17.4: PCI bridge to [bus 17-17]
[    0.455661] pci 0000:00:17.4:   bridge window [mem 0xcb600000-0xcb6fffff]
[    0.455685] pci 0000:00:17.4:   bridge window [mem 0xd9c00000-0xd9cfffff 64bit pref]
[    0.455710] pci 0000:00:17.5: PCI bridge to [bus 18-18]
[    0.455736] pci 0000:00:17.5:   bridge window [mem 0xcba00000-0xcbafffff]
[    0.455760] pci 0000:00:17.5:   bridge window [mem 0xda000000-0xda0fffff 64bit pref]
[    0.455786] pci 0000:00:17.6: PCI bridge to [bus 19-19]
[    0.455811] pci 0000:00:17.6:   bridge window [mem 0xcbe00000-0xcbefffff]
[    0.455835] pci 0000:00:17.6:   bridge window [mem 0xda400000-0xda4fffff 64bit pref]
[    0.455861] pci 0000:00:17.7: PCI bridge to [bus 1a-1a]
[    0.455886] pci 0000:00:17.7:   bridge window [mem 0xcc200000-0xcc2fffff]
[    0.455910] pci 0000:00:17.7:   bridge window [mem 0xda800000-0xda8fffff 64bit pref]
[    0.455936] pci 0000:00:18.0: PCI bridge to [bus 1b-1b]
[    0.455950] pci 0000:00:18.0:   bridge window [io  0x7000-0x7fff]
[    0.455975] pci 0000:00:18.0:   bridge window [mem 0xca700000-0xca7fffff]
[    0.455999] pci 0000:00:18.0:   bridge window [mem 0xd8d00000-0xd8dfffff 64bit pref]
[    0.456025] pci 0000:00:18.1: PCI bridge to [bus 1c-1c]
[    0.456039] pci 0000:00:18.1:   bridge window [io  0xb000-0xbfff]
[    0.456064] pci 0000:00:18.1:   bridge window [mem 0xcab00000-0xcabfffff]
[    0.456088] pci 0000:00:18.1:   bridge window [mem 0xd9100000-0xd91fffff 64bit pref]
[    0.456114] pci 0000:00:18.2: PCI bridge to [bus 1d-1d]
[    0.456139] pci 0000:00:18.2:   bridge window [mem 0xcaf00000-0xcaffffff]
[    0.456163] pci 0000:00:18.2:   bridge window [mem 0xd9500000-0xd95fffff 64bit pref]
[    0.456189] pci 0000:00:18.3: PCI bridge to [bus 1e-1e]
[    0.456214] pci 0000:00:18.3:   bridge window [mem 0xcb300000-0xcb3fffff]
[    0.456238] pci 0000:00:18.3:   bridge window [mem 0xd9900000-0xd99fffff 64bit pref]
[    0.456264] pci 0000:00:18.4: PCI bridge to [bus 1f-1f]
[    0.456289] pci 0000:00:18.4:   bridge window [mem 0xcb700000-0xcb7fffff]
[    0.456313] pci 0000:00:18.4:   bridge window [mem 0xd9d00000-0xd9dfffff 64bit pref]
[    0.456339] pci 0000:00:18.5: PCI bridge to [bus 20-20]
[    0.456365] pci 0000:00:18.5:   bridge window [mem 0xcbb00000-0xcbbfffff]
[    0.456388] pci 0000:00:18.5:   bridge window [mem 0xda100000-0xda1fffff 64bit pref]
[    0.456414] pci 0000:00:18.6: PCI bridge to [bus 21-21]
[    0.456440] pci 0000:00:18.6:   bridge window [mem 0xcbf00000-0xcbffffff]
[    0.456464] pci 0000:00:18.6:   bridge window [mem 0xda500000-0xda5fffff 64bit pref]
[    0.456489] pci 0000:00:18.7: PCI bridge to [bus 22-22]
[    0.456515] pci 0000:00:18.7:   bridge window [mem 0xcc300000-0xcc3fffff]
[    0.456539] pci 0000:00:18.7:   bridge window [mem 0xda900000-0xda9fffff 64bit pref]
[    0.456564] pci 0000:00:01.0: setting latency timer to 64
[    0.456590] pci 0000:00:15.0: setting latency timer to 64
[    0.456615] pci 0000:00:15.1: setting latency timer to 64
[    0.456641] pci 0000:00:15.2: setting latency timer to 64
[    0.456666] pci 0000:00:15.3: setting latency timer to 64
[    0.456692] pci 0000:00:15.4: setting latency timer to 64
[    0.456718] pci 0000:00:15.5: setting latency timer to 64
[    0.456743] pci 0000:00:15.6: setting latency timer to 64
[    0.456769] pci 0000:00:15.7: setting latency timer to 64
[    0.456794] pci 0000:00:16.0: setting latency timer to 64
[    0.456820] pci 0000:00:16.1: setting latency timer to 64
[    0.456845] pci 0000:00:16.2: setting latency timer to 64
[    0.456871] pci 0000:00:16.3: setting latency timer to 64
[    0.456896] pci 0000:00:16.4: setting latency timer to 64
[    0.456922] pci 0000:00:16.5: setting latency timer to 64
[    0.456948] pci 0000:00:16.6: setting latency timer to 64
[    0.456973] pci 0000:00:16.7: setting latency timer to 64
[    0.456999] pci 0000:00:17.0: setting latency timer to 64
[    0.457024] pci 0000:00:17.1: setting latency timer to 64
[    0.457050] pci 0000:00:17.2: setting latency timer to 64
[    0.457075] pci 0000:00:17.3: setting latency timer to 64
[    0.457101] pci 0000:00:17.4: setting latency timer to 64
[    0.457126] pci 0000:00:17.5: setting latency timer to 64
[    0.457152] pci 0000:00:17.6: setting latency timer to 64
[    0.457178] pci 0000:00:17.7: setting latency timer to 64
[    0.457203] pci 0000:00:18.0: setting latency timer to 64
[    0.457229] pci 0000:00:18.1: setting latency timer to 64
[    0.457254] pci 0000:00:18.2: setting latency timer to 64
[    0.457280] pci 0000:00:18.3: setting latency timer to 64
[    0.457305] pci 0000:00:18.4: setting latency timer to 64
[    0.457331] pci 0000:00:18.5: setting latency timer to 64
[    0.457356] pci 0000:00:18.6: setting latency timer to 64
[    0.457382] pci 0000:00:18.7: setting latency timer to 64
[    0.457396] pci_bus 0000:00: resource 4 [mem 0x000a0000-0x000bffff]
[    0.457398] pci_bus 0000:00: resource 5 [mem 0x000cc000-0x000cffff]
[    0.457400] pci_bus 0000:00: resource 6 [mem 0x000d0000-0x000d3fff]
[    0.457403] pci_bus 0000:00: resource 7 [mem 0x000d4000-0x000d7fff]
[    0.457405] pci_bus 0000:00: resource 8 [mem 0x000d8000-0x000dbfff]
[    0.457407] pci_bus 0000:00: resource 9 [mem 0xc0000000-0xfebfffff]
[    0.457409] pci_bus 0000:00: resource 10 [io  0x0000-0x0cf7]
[    0.457411] pci_bus 0000:00: resource 11 [io  0x0d00-0xfeff]
[    0.457413] pci_bus 0000:02: resource 0 [io  0x2000-0x3fff]
[    0.457415] pci_bus 0000:02: resource 1 [mem 0xc9000000-0xca3fffff]
[    0.457417] pci_bus 0000:02: resource 2 [mem 0xd8400000-0xd89fffff 64bit pref]
[    0.457420] pci_bus 0000:02: resource 4 [mem 0x000a0000-0x000bffff]
[    0.457422] pci_bus 0000:02: resource 5 [mem 0x000cc000-0x000cffff]
[    0.457424] pci_bus 0000:02: resource 6 [mem 0x000d0000-0x000d3fff]
[    0.457426] pci_bus 0000:02: resource 7 [mem 0x000d4000-0x000d7fff]
[    0.457428] pci_bus 0000:02: resource 8 [mem 0x000d8000-0x000dbfff]
[    0.457430] pci_bus 0000:02: resource 9 [mem 0xc0000000-0xfebfffff]
[    0.457432] pci_bus 0000:02: resource 10 [io  0x0000-0x0cf7]
[    0.457434] pci_bus 0000:02: resource 11 [io  0x0d00-0xfeff]
[    0.457436] pci_bus 0000:03: resource 0 [io  0x4000-0x4fff]
[    0.457438] pci_bus 0000:03: resource 1 [mem 0xca400000-0xca4fffff]
[    0.457440] pci_bus 0000:03: resource 2 [mem 0xd8a00000-0xd8afffff 64bit pref]
[    0.457442] pci_bus 0000:04: resource 0 [io  0x8000-0x8fff]
[    0.457444] pci_bus 0000:04: resource 1 [mem 0xca800000-0xca8fffff]
[    0.457446] pci_bus 0000:04: resource 2 [mem 0xd8e00000-0xd8efffff 64bit pref]
[    0.457448] pci_bus 0000:05: resource 0 [io  0xc000-0xcfff]
[    0.457450] pci_bus 0000:05: resource 1 [mem 0xcac00000-0xcacfffff]
[    0.457453] pci_bus 0000:05: resource 2 [mem 0xd9200000-0xd92fffff 64bit pref]
[    0.457455] pci_bus 0000:06: resource 1 [mem 0xcb000000-0xcb0fffff]
[    0.457457] pci_bus 0000:06: resource 2 [mem 0xd9600000-0xd96fffff 64bit pref]
[    0.457459] pci_bus 0000:07: resource 1 [mem 0xcb400000-0xcb4fffff]
[    0.457461] pci_bus 0000:07: resource 2 [mem 0xd9a00000-0xd9afffff 64bit pref]
[    0.457464] pci_bus 0000:08: resource 1 [mem 0xcb800000-0xcb8fffff]
[    0.457466] pci_bus 0000:08: resource 2 [mem 0xd9e00000-0xd9efffff 64bit pref]
[    0.457468] pci_bus 0000:09: resource 1 [mem 0xcbc00000-0xcbcfffff]
[    0.457470] pci_bus 0000:09: resource 2 [mem 0xda200000-0xda2fffff 64bit pref]
[    0.457472] pci_bus 0000:0a: resource 1 [mem 0xcc000000-0xcc0fffff]
[    0.457474] pci_bus 0000:0a: resource 2 [mem 0xda600000-0xda6fffff 64bit pref]
[    0.457477] pci_bus 0000:0b: resource 0 [io  0x5000-0x5fff]
[    0.457479] pci_bus 0000:0b: resource 1 [mem 0xca500000-0xca5fffff]
[    0.457481] pci_bus 0000:0b: resource 2 [mem 0xd8b00000-0xd8bfffff 64bit pref]
[    0.457483] pci_bus 0000:0c: resource 0 [io  0x9000-0x9fff]
[    0.457485] pci_bus 0000:0c: resource 1 [mem 0xca900000-0xca9fffff]
[    0.457487] pci_bus 0000:0c: resource 2 [mem 0xd8f00000-0xd8ffffff 64bit pref]
[    0.457489] pci_bus 0000:0d: resource 0 [io  0xd000-0xdfff]
[    0.457491] pci_bus 0000:0d: resource 1 [mem 0xcad00000-0xcadfffff]
[    0.457493] pci_bus 0000:0d: resource 2 [mem 0xd9300000-0xd93fffff 64bit pref]
[    0.457496] pci_bus 0000:0e: resource 1 [mem 0xcb100000-0xcb1fffff]
[    0.457498] pci_bus 0000:0e: resource 2 [mem 0xd9700000-0xd97fffff 64bit pref]
[    0.457500] pci_bus 0000:0f: resource 1 [mem 0xcb500000-0xcb5fffff]
[    0.457502] pci_bus 0000:0f: resource 2 [mem 0xd9b00000-0xd9bfffff 64bit pref]
[    0.457504] pci_bus 0000:10: resource 1 [mem 0xcb900000-0xcb9fffff]
[    0.457507] pci_bus 0000:10: resource 2 [mem 0xd9f00000-0xd9ffffff 64bit pref]
[    0.457509] pci_bus 0000:11: resource 1 [mem 0xcbd00000-0xcbdfffff]
[    0.457511] pci_bus 0000:11: resource 2 [mem 0xda300000-0xda3fffff 64bit pref]
[    0.457513] pci_bus 0000:12: resource 1 [mem 0xcc100000-0xcc1fffff]
[    0.457515] pci_bus 0000:12: resource 2 [mem 0xda700000-0xda7fffff 64bit pref]
[    0.457518] pci_bus 0000:13: resource 0 [io  0x6000-0x6fff]
[    0.457520] pci_bus 0000:13: resource 1 [mem 0xca600000-0xca6fffff]
[    0.457522] pci_bus 0000:13: resource 2 [mem 0xd8c00000-0xd8cfffff 64bit pref]
[    0.457524] pci_bus 0000:14: resource 0 [io  0xa000-0xafff]
[    0.457526] pci_bus 0000:14: resource 1 [mem 0xcaa00000-0xcaafffff]
[    0.457528] pci_bus 0000:14: resource 2 [mem 0xd9000000-0xd90fffff 64bit pref]
[    0.457530] pci_bus 0000:15: resource 0 [io  0xe000-0xefff]
[    0.457532] pci_bus 0000:15: resource 1 [mem 0xcae00000-0xcaefffff]
[    0.457534] pci_bus 0000:15: resource 2 [mem 0xd9400000-0xd94fffff 64bit pref]
[    0.457537] pci_bus 0000:16: resource 1 [mem 0xcb200000-0xcb2fffff]
[    0.457539] pci_bus 0000:16: resource 2 [mem 0xd9800000-0xd98fffff 64bit pref]
[    0.457541] pci_bus 0000:17: resource 1 [mem 0xcb600000-0xcb6fffff]
[    0.457543] pci_bus 0000:17: resource 2 [mem 0xd9c00000-0xd9cfffff 64bit pref]
[    0.457545] pci_bus 0000:18: resource 1 [mem 0xcba00000-0xcbafffff]
[    0.457548] pci_bus 0000:18: resource 2 [mem 0xda000000-0xda0fffff 64bit pref]
[    0.457550] pci_bus 0000:19: resource 1 [mem 0xcbe00000-0xcbefffff]
[    0.457552] pci_bus 0000:19: resource 2 [mem 0xda400000-0xda4fffff 64bit pref]
[    0.457554] pci_bus 0000:1a: resource 1 [mem 0xcc200000-0xcc2fffff]
[    0.457556] pci_bus 0000:1a: resource 2 [mem 0xda800000-0xda8fffff 64bit pref]
[    0.457558] pci_bus 0000:1b: resource 0 [io  0x7000-0x7fff]
[    0.457560] pci_bus 0000:1b: resource 1 [mem 0xca700000-0xca7fffff]
[    0.457562] pci_bus 0000:1b: resource 2 [mem 0xd8d00000-0xd8dfffff 64bit pref]
[    0.457565] pci_bus 0000:1c: resource 0 [io  0xb000-0xbfff]
[    0.457567] pci_bus 0000:1c: resource 1 [mem 0xcab00000-0xcabfffff]
[    0.457569] pci_bus 0000:1c: resource 2 [mem 0xd9100000-0xd91fffff 64bit pref]
[    0.457571] pci_bus 0000:1d: resource 1 [mem 0xcaf00000-0xcaffffff]
[    0.457573] pci_bus 0000:1d: resource 2 [mem 0xd9500000-0xd95fffff 64bit pref]
[    0.457575] pci_bus 0000:1e: resource 1 [mem 0xcb300000-0xcb3fffff]
[    0.457577] pci_bus 0000:1e: resource 2 [mem 0xd9900000-0xd99fffff 64bit pref]
[    0.457580] pci_bus 0000:1f: resource 1 [mem 0xcb700000-0xcb7fffff]
[    0.457582] pci_bus 0000:1f: resource 2 [mem 0xd9d00000-0xd9dfffff 64bit pref]
[    0.457584] pci_bus 0000:20: resource 1 [mem 0xcbb00000-0xcbbfffff]
[    0.457586] pci_bus 0000:20: resource 2 [mem 0xda100000-0xda1fffff 64bit pref]
[    0.457588] pci_bus 0000:21: resource 1 [mem 0xcbf00000-0xcbffffff]
[    0.457590] pci_bus 0000:21: resource 2 [mem 0xda500000-0xda5fffff 64bit pref]
[    0.457593] pci_bus 0000:22: resource 1 [mem 0xcc300000-0xcc3fffff]
[    0.457595] pci_bus 0000:22: resource 2 [mem 0xda900000-0xda9fffff 64bit pref]
[    0.457620] NET: Registered protocol family 2
[    0.457646] IP route cache hash table entries: 32768 (order: 5, 131072 bytes)
[    0.457651] TCP established hash table entries: 131072 (order: 8, 1048576 bytes)
[    0.457724] TCP bind hash table entries: 65536 (order: 7, 524288 bytes)
[    0.457749] TCP: Hash tables configured (established 131072 bind 65536)
[    0.457752] TCP reno registered
[    0.457755] UDP hash table entries: 512 (order: 2, 16384 bytes)
[    0.457762] UDP-Lite hash table entries: 512 (order: 2, 16384 bytes)
[    0.457787] NET: Registered protocol family 1
[    0.457795] pci 0000:00:00.0: Limiting direct PCI/PCI transfers
[    0.457821] pci 0000:00:0f.0: Boot video device
[    0.457846] ACPI: PCI Interrupt Link [LNKC] enabled at IRQ 10
[    0.457849] PCI: setting IRQ 10 as level-triggered
[    0.457856] pci 0000:02:00.0: PCI INT A -> Link[LNKC] -> GSI 10 (level, low) -> IRQ 10
[    0.457913] pci 0000:02:00.0: PCI INT A disabled
[    0.457938] ACPI: PCI Interrupt Link [LNKB] enabled at IRQ 11
[    0.457940] PCI: setting IRQ 11 as level-triggered
[    0.457944] pci 0000:02:03.0: PCI INT A -> Link[LNKB] -> GSI 11 (level, low) -> IRQ 11
[    0.457970] pci 0000:02:03.0: PCI INT A disabled
[    0.457985] PCI: CLS 32 bytes, default 64
[    0.458027] Simple Boot Flag at 0x36 set to 0x1
[    0.458032] Switching to clocksource tsc
[    0.458181] audit: initializing netlink socket (disabled)
[    0.458188] type=2000 audit(1369638860.440:1): initialized
[    0.473758] Trying to unpack rootfs image as initramfs...
[    0.493825] highmem bounce pool size: 64 pages
[    0.493832] HugeTLB registered 2 MB page size, pre-allocated 0 pages
[    0.501717] VFS: Disk quotas dquot_6.5.2
[    0.501743] Dquot-cache hash table entries: 1024 (order 0, 4096 bytes)
[    0.501834] fuse init (API version 7.17)
[    0.501881] msgmni has been set to 1710
[    0.513709] Block layer SCSI generic (bsg) driver version 0.4 loaded (major 253)
[    0.513735] io scheduler noop registered
[    0.513737] io scheduler deadline registered
[    0.513744] io scheduler cfq registered (default)
[    0.513769] pcieport 0000:00:15.0: setting latency timer to 64
[    0.513795] pcieport 0000:00:15.0: irq 40 for MSI/MSI-X
[    0.513820] pcieport 0000:00:15.1: setting latency timer to 64
[    0.513846] pcieport 0000:00:15.1: irq 41 for MSI/MSI-X
[    0.513871] pcieport 0000:00:15.2: setting latency timer to 64
[    0.513897] pcieport 0000:00:15.2: irq 42 for MSI/MSI-X
[    0.513922] pcieport 0000:00:15.3: setting latency timer to 64
[    0.513948] pcieport 0000:00:15.3: irq 43 for MSI/MSI-X
[    0.513974] pcieport 0000:00:15.4: setting latency timer to 64
[    0.513999] pcieport 0000:00:15.4: irq 44 for MSI/MSI-X
[    0.514025] pcieport 0000:00:15.5: setting latency timer to 64
[    0.514050] pcieport 0000:00:15.5: irq 45 for MSI/MSI-X
[    0.514076] pcieport 0000:00:15.6: setting latency timer to 64
[    0.514101] pcieport 0000:00:15.6: irq 46 for MSI/MSI-X
[    0.514127] pcieport 0000:00:15.7: setting latency timer to 64
[    0.514152] pcieport 0000:00:15.7: irq 47 for MSI/MSI-X
[    0.514178] pcieport 0000:00:16.0: setting latency timer to 64
[    0.514204] pcieport 0000:00:16.0: irq 48 for MSI/MSI-X
[    0.514229] pcieport 0000:00:16.1: setting latency timer to 64
[    0.514255] pcieport 0000:00:16.1: irq 49 for MSI/MSI-X
[    0.514280] pcieport 0000:00:16.2: setting latency timer to 64
[    0.514306] pcieport 0000:00:16.2: irq 50 for MSI/MSI-X
[    0.514331] pcieport 0000:00:16.3: setting latency timer to 64
[    0.514357] pcieport 0000:00:16.3: irq 51 for MSI/MSI-X
[    0.514382] pcieport 0000:00:16.4: setting latency timer to 64
[    0.514408] pcieport 0000:00:16.4: irq 52 for MSI/MSI-X
[    0.514434] pcieport 0000:00:16.5: setting latency timer to 64
[    0.514459] pcieport 0000:00:16.5: irq 53 for MSI/MSI-X
[    0.514485] pcieport 0000:00:16.6: setting latency timer to 64
[    0.514510] pcieport 0000:00:16.6: irq 54 for MSI/MSI-X
[    0.514536] pcieport 0000:00:16.7: setting latency timer to 64
[    0.514561] pcieport 0000:00:16.7: irq 55 for MSI/MSI-X
[    0.514587] pcieport 0000:00:17.0: setting latency timer to 64
[    0.514612] pcieport 0000:00:17.0: irq 56 for MSI/MSI-X
[    0.514638] pcieport 0000:00:17.1: setting latency timer to 64
[    0.514664] pcieport 0000:00:17.1: irq 57 for MSI/MSI-X
[    0.514689] pcieport 0000:00:17.2: setting latency timer to 64
[    0.514715] pcieport 0000:00:17.2: irq 58 for MSI/MSI-X
[    0.514740] pcieport 0000:00:17.3: setting latency timer to 64
[    0.514766] pcieport 0000:00:17.3: irq 59 for MSI/MSI-X
[    0.514791] pcieport 0000:00:17.4: setting latency timer to 64
[    0.514817] pcieport 0000:00:17.4: irq 60 for MSI/MSI-X
[    0.514842] pcieport 0000:00:17.5: setting latency timer to 64
[    0.514868] pcieport 0000:00:17.5: irq 61 for MSI/MSI-X
[    0.514894] pcieport 0000:00:17.6: setting latency timer to 64
[    0.514919] pcieport 0000:00:17.6: irq 62 for MSI/MSI-X
[    0.514945] pcieport 0000:00:17.7: setting latency timer to 64
[    0.514970] pcieport 0000:00:17.7: irq 63 for MSI/MSI-X
[    0.514996] pcieport 0000:00:18.0: setting latency timer to 64
[    0.515021] pcieport 0000:00:18.0: irq 64 for MSI/MSI-X
[    0.515047] pcieport 0000:00:18.1: setting latency timer to 64
[    0.515072] pcieport 0000:00:18.1: irq 65 for MSI/MSI-X
[    0.515098] pcieport 0000:00:18.2: setting latency timer to 64
[    0.515124] pcieport 0000:00:18.2: irq 66 for MSI/MSI-X
[    0.515149] pcieport 0000:00:18.3: setting latency timer to 64
[    0.515175] pcieport 0000:00:18.3: irq 67 for MSI/MSI-X
[    0.515200] pcieport 0000:00:18.4: setting latency timer to 64
[    0.515226] pcieport 0000:00:18.4: irq 68 for MSI/MSI-X
[    0.515251] pcieport 0000:00:18.5: setting latency timer to 64
[    0.515277] pcieport 0000:00:18.5: irq 69 for MSI/MSI-X
[    0.515303] pcieport 0000:00:18.6: setting latency timer to 64
[    0.515328] pcieport 0000:00:18.6: irq 70 for MSI/MSI-X
[    0.515354] pcieport 0000:00:18.7: setting latency timer to 64
[    0.515379] pcieport 0000:00:18.7: irq 71 for MSI/MSI-X
[    0.515405] pcieport 0000:00:15.0: Signaling PME through PCIe PME interrupt
[    0.515430] pcie_pme 0000:00:15.0:pcie01: service driver pcie_pme loaded
[    0.515456] pcieport 0000:00:15.1: Signaling PME through PCIe PME interrupt
[    0.515481] pcie_pme 0000:00:15.1:pcie01: service driver pcie_pme loaded
[    0.515507] pcieport 0000:00:15.2: Signaling PME through PCIe PME interrupt
[    0.515533] pcie_pme 0000:00:15.2:pcie01: service driver pcie_pme loaded
[    0.515558] pcieport 0000:00:15.3: Signaling PME through PCIe PME interrupt
[    0.515584] pcie_pme 0000:00:15.3:pcie01: service driver pcie_pme loaded
[    0.515609] pcieport 0000:00:15.4: Signaling PME through PCIe PME interrupt
[    0.515635] pcie_pme 0000:00:15.4:pcie01: service driver pcie_pme loaded
[    0.515660] pcieport 0000:00:15.5: Signaling PME through PCIe PME interrupt
[    0.515686] pcie_pme 0000:00:15.5:pcie01: service driver pcie_pme loaded
[    0.515711] pcieport 0000:00:15.6: Signaling PME through PCIe PME interrupt
[    0.515737] pcie_pme 0000:00:15.6:pcie01: service driver pcie_pme loaded
[    0.515763] pcieport 0000:00:15.7: Signaling PME through PCIe PME interrupt
[    0.515788] pcie_pme 0000:00:15.7:pcie01: service driver pcie_pme loaded
[    0.515814] pcieport 0000:00:16.0: Signaling PME through PCIe PME interrupt
[    0.515839] pcie_pme 0000:00:16.0:pcie01: service driver pcie_pme loaded
[    0.515865] pcieport 0000:00:16.1: Signaling PME through PCIe PME interrupt
[    0.515890] pcie_pme 0000:00:16.1:pcie01: service driver pcie_pme loaded
[    0.515916] pcieport 0000:00:16.2: Signaling PME through PCIe PME interrupt
[    0.515941] pcie_pme 0000:00:16.2:pcie01: service driver pcie_pme loaded
[    0.515967] pcieport 0000:00:16.3: Signaling PME through PCIe PME interrupt
[    0.515992] pcie_pme 0000:00:16.3:pcie01: service driver pcie_pme loaded
[    0.516017] pcieport 0000:00:16.4: Signaling PME through PCIe PME interrupt
[    0.516043] pcie_pme 0000:00:16.4:pcie01: service driver pcie_pme loaded
[    0.516068] pcieport 0000:00:16.5: Signaling PME through PCIe PME interrupt
[    0.516093] pcie_pme 0000:00:16.5:pcie01: service driver pcie_pme loaded
[    0.516119] pcieport 0000:00:16.6: Signaling PME through PCIe PME interrupt
[    0.516144] pcie_pme 0000:00:16.6:pcie01: service driver pcie_pme loaded
[    0.516170] pcieport 0000:00:16.7: Signaling PME through PCIe PME interrupt
[    0.516195] pcie_pme 0000:00:16.7:pcie01: service driver pcie_pme loaded
[    0.516221] pcieport 0000:00:17.0: Signaling PME through PCIe PME interrupt
[    0.516246] pcie_pme 0000:00:17.0:pcie01: service driver pcie_pme loaded
[    0.516272] pcieport 0000:00:17.1: Signaling PME through PCIe PME interrupt
[    0.516297] pcie_pme 0000:00:17.1:pcie01: service driver pcie_pme loaded
[    0.516323] pcieport 0000:00:17.2: Signaling PME through PCIe PME interrupt
[    0.516348] pcie_pme 0000:00:17.2:pcie01: service driver pcie_pme loaded
[    0.516374] pcieport 0000:00:17.3: Signaling PME through PCIe PME interrupt
[    0.516400] pcie_pme 0000:00:17.3:pcie01: service driver pcie_pme loaded
[    0.516425] pcieport 0000:00:17.4: Signaling PME through PCIe PME interrupt
[    0.516451] pcie_pme 0000:00:17.4:pcie01: service driver pcie_pme loaded
[    0.516476] pcieport 0000:00:17.5: Signaling PME through PCIe PME interrupt
[    0.516502] pcie_pme 0000:00:17.5:pcie01: service driver pcie_pme loaded
[    0.516527] pcieport 0000:00:17.6: Signaling PME through PCIe PME interrupt
[    0.516553] pcie_pme 0000:00:17.6:pcie01: service driver pcie_pme loaded
[    0.516578] pcieport 0000:00:17.7: Signaling PME through PCIe PME interrupt
[    0.516604] pcie_pme 0000:00:17.7:pcie01: service driver pcie_pme loaded
[    0.516630] pcieport 0000:00:18.0: Signaling PME through PCIe PME interrupt
[    0.516655] pcie_pme 0000:00:18.0:pcie01: service driver pcie_pme loaded
[    0.516681] pcieport 0000:00:18.1: Signaling PME through PCIe PME interrupt
[    0.516706] pcie_pme 0000:00:18.1:pcie01: service driver pcie_pme loaded
[    0.516732] pcieport 0000:00:18.2: Signaling PME through PCIe PME interrupt
[    0.516757] pcie_pme 0000:00:18.2:pcie01: service driver pcie_pme loaded
[    0.516783] pcieport 0000:00:18.3: Signaling PME through PCIe PME interrupt
[    0.516808] pcie_pme 0000:00:18.3:pcie01: service driver pcie_pme loaded
[    0.516834] pcieport 0000:00:18.4: Signaling PME through PCIe PME interrupt
[    0.516860] pcie_pme 0000:00:18.4:pcie01: service driver pcie_pme loaded
[    0.516885] pcieport 0000:00:18.5: Signaling PME through PCIe PME interrupt
[    0.516911] pcie_pme 0000:00:18.5:pcie01: service driver pcie_pme loaded
[    0.516936] pcieport 0000:00:18.6: Signaling PME through PCIe PME interrupt
[    0.516962] pcie_pme 0000:00:18.6:pcie01: service driver pcie_pme loaded
[    0.516987] pcieport 0000:00:18.7: Signaling PME through PCIe PME interrupt
[    0.517013] pcie_pme 0000:00:18.7:pcie01: service driver pcie_pme loaded
[    0.517039] pci_hotplug: PCI Hot Plug PCI Core version: 0.5
[    0.521668] pciehp 0000:00:15.0:pcie04: HPC vendor_id 15ad device_id 7a0 ss_vid 15ad ss_did 7a0
[    0.521693] pciehp 0000:00:15.0:pcie04: service driver pciehp loaded
[    0.521719] pciehp 0000:00:15.1:pcie04: HPC vendor_id 15ad device_id 7a0 ss_vid 15ad ss_did 7a0
[    0.521744] pciehp 0000:00:15.1:pcie04: service driver pciehp loaded
[    0.521770] pciehp 0000:00:15.2:pcie04: HPC vendor_id 15ad device_id 7a0 ss_vid 15ad ss_did 7a0
[    0.521796] pciehp 0000:00:15.2:pcie04: service driver pciehp loaded
[    0.521821] pciehp 0000:00:15.3:pcie04: HPC vendor_id 15ad device_id 7a0 ss_vid 15ad ss_did 7a0
[    0.521847] pciehp 0000:00:15.3:pcie04: service driver pciehp loaded
[    0.521872] pciehp 0000:00:15.4:pcie04: HPC vendor_id 15ad device_id 7a0 ss_vid 15ad ss_did 7a0
[    0.521898] pciehp 0000:00:15.4:pcie04: service driver pciehp loaded
[    0.521923] pciehp 0000:00:15.5:pcie04: HPC vendor_id 15ad device_id 7a0 ss_vid 15ad ss_did 7a0
[    0.521949] pciehp 0000:00:15.5:pcie04: service driver pciehp loaded
[    0.521974] pciehp 0000:00:15.6:pcie04: HPC vendor_id 15ad device_id 7a0 ss_vid 15ad ss_did 7a0
[    0.522000] pciehp 0000:00:15.6:pcie04: service driver pciehp loaded
[    0.522026] pciehp 0000:00:15.7:pcie04: HPC vendor_id 15ad device_id 7a0 ss_vid 15ad ss_did 7a0
[    0.522051] pciehp 0000:00:15.7:pcie04: service driver pciehp loaded
[    0.522077] pciehp 0000:00:16.0:pcie04: HPC vendor_id 15ad device_id 7a0 ss_vid 15ad ss_did 7a0
[    0.522102] pciehp 0000:00:16.0:pcie04: service driver pciehp loaded
[    0.522128] pciehp 0000:00:16.1:pcie04: HPC vendor_id 15ad device_id 7a0 ss_vid 15ad ss_did 7a0
[    0.522153] pciehp 0000:00:16.1:pcie04: service driver pciehp loaded
[    0.522179] pciehp 0000:00:16.2:pcie04: HPC vendor_id 15ad device_id 7a0 ss_vid 15ad ss_did 7a0
[    0.522204] pciehp 0000:00:16.2:pcie04: service driver pciehp loaded
[    0.522230] pciehp 0000:00:16.3:pcie04: HPC vendor_id 15ad device_id 7a0 ss_vid 15ad ss_did 7a0
[    0.522256] pciehp 0000:00:16.3:pcie04: service driver pciehp loaded
[    0.522281] pciehp 0000:00:16.4:pcie04: HPC vendor_id 15ad device_id 7a0 ss_vid 15ad ss_did 7a0
[    0.522307] pciehp 0000:00:16.4:pcie04: service driver pciehp loaded
[    0.522332] pciehp 0000:00:16.5:pcie04: HPC vendor_id 15ad device_id 7a0 ss_vid 15ad ss_did 7a0
[    0.522358] pciehp 0000:00:16.5:pcie04: service driver pciehp loaded
[    0.522383] pciehp 0000:00:16.6:pcie04: HPC vendor_id 15ad device_id 7a0 ss_vid 15ad ss_did 7a0
[    0.522409] pciehp 0000:00:16.6:pcie04: service driver pciehp loaded
[    0.522434] pciehp 0000:00:16.7:pcie04: HPC vendor_id 15ad device_id 7a0 ss_vid 15ad ss_did 7a0
[    0.522460] pciehp 0000:00:16.7:pcie04: service driver pciehp loaded
[    0.522486] pciehp 0000:00:17.0:pcie04: HPC vendor_id 15ad device_id 7a0 ss_vid 15ad ss_did 7a0
[    0.522511] pciehp 0000:00:17.0:pcie04: service driver pciehp loaded
[    0.522537] pciehp 0000:00:17.1:pcie04: HPC vendor_id 15ad device_id 7a0 ss_vid 15ad ss_did 7a0
[    0.522562] pciehp 0000:00:17.1:pcie04: service driver pciehp loaded
[    0.522588] pciehp 0000:00:17.2:pcie04: HPC vendor_id 15ad device_id 7a0 ss_vid 15ad ss_did 7a0
[    0.522613] pciehp 0000:00:17.2:pcie04: service driver pciehp loaded
[    0.522639] pciehp 0000:00:17.3:pcie04: HPC vendor_id 15ad device_id 7a0 ss_vid 15ad ss_did 7a0
[    0.522664] pciehp 0000:00:17.3:pcie04: service driver pciehp loaded
[    0.522690] pciehp 0000:00:17.4:pcie04: HPC vendor_id 15ad device_id 7a0 ss_vid 15ad ss_did 7a0
[    0.522716] pciehp 0000:00:17.4:pcie04: service driver pciehp loaded
[    0.522741] pciehp 0000:00:17.5:pcie04: HPC vendor_id 15ad device_id 7a0 ss_vid 15ad ss_did 7a0
[    0.522767] pciehp 0000:00:17.5:pcie04: service driver pciehp loaded
[    0.522792] pciehp 0000:00:17.6:pcie04: HPC vendor_id 15ad device_id 7a0 ss_vid 15ad ss_did 7a0
[    0.522818] pciehp 0000:00:17.6:pcie04: service driver pciehp loaded
[    0.522843] pciehp 0000:00:17.7:pcie04: HPC vendor_id 15ad device_id 7a0 ss_vid 15ad ss_did 7a0
[    0.522869] pciehp 0000:00:17.7:pcie04: service driver pciehp loaded
[    0.522894] pciehp 0000:00:18.0:pcie04: HPC vendor_id 15ad device_id 7a0 ss_vid 15ad ss_did 7a0
[    0.522920] pciehp 0000:00:18.0:pcie04: service driver pciehp loaded
[    0.522946] pciehp 0000:00:18.1:pcie04: HPC vendor_id 15ad device_id 7a0 ss_vid 15ad ss_did 7a0
[    0.522971] pciehp 0000:00:18.1:pcie04: service driver pciehp loaded
[    0.522997] pciehp 0000:00:18.2:pcie04: HPC vendor_id 15ad device_id 7a0 ss_vid 15ad ss_did 7a0
[    0.523022] pciehp 0000:00:18.2:pcie04: service driver pciehp loaded
[    0.523048] pciehp 0000:00:18.3:pcie04: HPC vendor_id 15ad device_id 7a0 ss_vid 15ad ss_did 7a0
[    0.523073] pciehp 0000:00:18.3:pcie04: service driver pciehp loaded
[    0.523099] pciehp 0000:00:18.4:pcie04: HPC vendor_id 15ad device_id 7a0 ss_vid 15ad ss_did 7a0
[    0.523124] pciehp 0000:00:18.4:pcie04: service driver pciehp loaded
[    0.523150] pciehp 0000:00:18.5:pcie04: HPC vendor_id 15ad device_id 7a0 ss_vid 15ad ss_did 7a0
[    0.523176] pciehp 0000:00:18.5:pcie04: service driver pciehp loaded
[    0.523201] pciehp 0000:00:18.6:pcie04: HPC vendor_id 15ad device_id 7a0 ss_vid 15ad ss_did 7a0
[    0.523227] pciehp 0000:00:18.6:pcie04: service driver pciehp loaded
[    0.523252] pciehp 0000:00:18.7:pcie04: HPC vendor_id 15ad device_id 7a0 ss_vid 15ad ss_did 7a0
[    0.523278] pciehp 0000:00:18.7:pcie04: service driver pciehp loaded
[    0.523286] pciehp: PCI Express Hot Plug Controller Driver version: 0.4
[    0.523311] ACPI: Deprecated procfs I/F for AC is loaded, please retry with CONFIG_ACPI_PROCFS_POWER cleared
[    0.523341] ACPI: AC Adapter [ACAD] (on-line)
[    0.523389] input: Power Button as /devices/LNXSYSTM:00/LNXPWRBN:00/input/input0
[    0.523393] ACPI: Power Button [PWRF]
[    0.545633] ERST: Table is not found!
[    0.545636] GHES: HEST is not enabled!
[    0.545722] Serial: 8250/16550 driver, 32 ports, IRQ sharing enabled
[    0.569468] serial8250: ttyS0 at I/O 0x3f8 (irq = 4) is a 16550A
[    0.569521] isapnp: Scanning for PnP cards...
[    0.705367] serial8250: ttyS1 at I/O 0x2f8 (irq = 3) is a 16550A
[    0.749191] 00:0a: ttyS0 at I/O 0x3f8 (irq = 4) is a 16550A
[    0.837179] 00:0b: ttyS1 at I/O 0x2f8 (irq = 3) is a 16550A
[    0.857283] Linux agpgart interface v0.103
[    0.857309] agpgart-intel 0000:00:00.0: Intel 440BX Chipset
[    0.857368] agpgart-intel 0000:00:00.0: AGP aperture is 256M @ 0x0
[    0.857862] brd: module loaded
[    0.858135] loop: module loaded
[    0.858161] ata_piix 0000:00:07.1: version 2.13
[    0.858213] scsi0 : ata_piix
[    0.858256] scsi1 : ata_piix
[    0.858281] ata1: PATA max UDMA/33 cmd 0x1f0 ctl 0x3f6 bmdma 0x10c0 irq 14
[    0.858284] ata2: PATA max UDMA/33 cmd 0x170 ctl 0x376 bmdma 0x10c8 irq 15
[    0.858312] Fixed MDIO Bus: probed
[    0.858326] tun: Universal TUN/TAP device driver, 1.6
[    0.858327] tun: (C) 1999-2004 Max Krasnyansky <maxk@qualcomm.com>
[    0.858378] PPP generic driver version 2.4.2
[    0.858438] ehci_hcd: USB 2.0 'Enhanced' Host Controller (EHCI) Driver
[    0.858464] ehci_hcd 0000:02:03.0: PCI INT A -> Link[LNKB] -> GSI 11 (level, low) -> IRQ 11
[    0.858489] ehci_hcd 0000:02:03.0: EHCI Host Controller
[    0.858525] ehci_hcd 0000:02:03.0: new USB bus registered, assigned bus number 1
[    0.858551] ehci_hcd 0000:02:03.0: cache line size of 32 is not supported
[    0.858558] ehci_hcd 0000:02:03.0: irq 11, io mem 0xc9000000
[    0.869168] ehci_hcd 0000:02:03.0: USB 2.0 started, EHCI 1.00
[    0.869290] hub 1-0:1.0: USB hub found
[    0.869296] hub 1-0:1.0: 6 ports detected
[    0.869348] ohci_hcd: USB 1.1 'Open' Host Controller (OHCI) Driver
[    0.869367] uhci_hcd: USB Universal Host Controller Interface driver
[    0.869407] uhci_hcd 0000:02:00.0: PCI INT A -> Link[LNKC] -> GSI 10 (level, low) -> IRQ 10
[    0.869455] uhci_hcd 0000:02:00.0: UHCI Host Controller
[    0.869499] uhci_hcd 0000:02:00.0: new USB bus registered, assigned bus number 2
[    0.869609] uhci_hcd 0000:02:00.0: irq 10, io base 0x000020c0
[    0.869728] hub 2-0:1.0: USB hub found
[    0.869732] hub 2-0:1.0: 2 ports detected
[    0.869784] usbcore: registered new interface driver libusual
[    0.869824] i8042: PNP: PS/2 Controller [PNP0303:KBC,PNP0f13:MOUS] at 0x60,0x64 irq 1,12
[    0.870161] serio: i8042 KBD port at 0x60,0x64 irq 1
[    0.870168] serio: i8042 AUX port at 0x60,0x64 irq 12
[    0.870258] mousedev: PS/2 mouse device common for all mice
[    0.870538] rtc_cmos 00:04: rtc core: registered rtc_cmos as rtc0
[    0.870556] rtc0: alarms up to one month, y3k, 114 bytes nvram, hpet irqs
[    0.870601] device-mapper: uevent: version 1.0.3
[    0.870648] device-mapper: ioctl: 4.22.0-ioctl (2011-10-19) initialised: dm-devel@redhat.com
[    0.870672] EISA: Probing bus 0 at eisa.0
[    0.870674] EISA: Cannot allocate resource for mainboard
[    0.870676] Cannot allocate resource for EISA slot 1
[    0.870677] Cannot allocate resource for EISA slot 2
[    0.870679] Cannot allocate resource for EISA slot 3
[    0.870680] Cannot allocate resource for EISA slot 4
[    0.870682] Cannot allocate resource for EISA slot 5
[    0.870683] Cannot allocate resource for EISA slot 6
[    0.870685] Cannot allocate resource for EISA slot 7
[    0.870687] Cannot allocate resource for EISA slot 8
[    0.870688] EISA: Detected 0 cards.
[    0.870695] cpufreq-nforce2: No nForce2 chipset.
[    0.870697] cpuidle: using governor ladder
[    0.870699] cpuidle: using governor menu
[    0.870701] EFI Variables Facility v0.08 2004-May-17
[    0.870753] TCP cubic registered
[    0.870805] NET: Registered protocol family 10
[    0.870857] NET: Registered protocol family 17
[    0.870862] Registering the dns_resolver key type
[    0.870873] Using IPI No-Shortcut mode
[    0.870937] PM: Hibernation image not present or could not be loaded.
[    0.870948] registered taskstats version 1
[    0.871593] input: AT Translated Set 2 keyboard as /devices/platform/i8042/serio0/input/input1
[    1.091526] Freeing initrd memory: 13836k freed
[    1.140841]   Magic number: 13:929:218
[    1.160786] rtc_cmos 00:04: setting system clock to 2013-05-27 07:14:21 UTC (1369638861)
[    1.160913] ata2.00: ATAPI: VMware Virtual IDE CDROM Drive, 00000001, max UDMA/33
[    1.161191] ata2.00: configured for UDMA/33
[    1.161308] BIOS EDD facility v0.16 2004-Jun-25, 0 devices found
[    1.161310] EDD information not available.
[    1.204956] isapnp: No Plug & Play device found
[    1.205175] scsi 1:0:0:0: CD-ROM            NECVMWar VMware IDE CDR10 1.00 PQ: 0 ANSI: 5
[    1.205774] sr0: scsi3-mmc drive: 306x/306x cd/rw xa/form2 cdda tray
[    1.205778] cdrom: Uniform CD-ROM driver Revision: 3.20
[    1.205869] sr 1:0:0:0: Attached scsi CD-ROM sr0
[    1.205989] sr 1:0:0:0: Attached scsi generic sg0 type 5
[    1.206050] Freeing unused kernel memory: 740k freed
[    1.206102] Write protecting the kernel text: 5816k
[    1.206112] Write protecting the kernel read-only data: 2376k
[    1.206114] NX-protecting the kernel data: 4424k
[    1.217995] udevd[85]: starting version 175
[    1.232979] VMware vmxnet3 virtual NIC driver - version 1.1.29.0-k-NAPI
[    1.237007] VMware PVSCSI driver - version 1.0.1.0-k
[    1.242016] VMware vmxnet virtual NIC driver
[    1.242068] ACPI: PCI Interrupt Link [LNKD] enabled at IRQ 5
[    1.242071] PCI: setting IRQ 5 as level-triggered
[    1.242078] vmxnet 0000:02:01.0: PCI INT A -> Link[LNKD] -> GSI 5 (level, low) -> IRQ 5
[    1.242130] Found vmxnet/PCI at 0x2024, irq 5.
[    1.242182] features:
[    1.242197] numRxBuffers = 100, numRxBuffers2 = 1
[    1.242250] vmxnet 0000:02:01.0: eth0: set_features() failed (-1); wanted 0x00004000, left 0x00004800
[    1.282731] Floppy drive(s): fd0 is 1.44M
[    1.283176] Fusion MPT base driver 3.04.20
[    1.283178] Copyright (c) 1999-2008 LSI Corporation
[    1.283367] Fusion MPT SPI Host driver 3.04.20
[    1.283412] mptspi 0000:00:10.0: PCI INT A -> Link[LNKB] -> GSI 11 (level, low) -> IRQ 11
[    1.289160] mptbase: ioc0: Initiating bringup
[    1.296744] FDC 0 is a post-1991 82077
[    1.360446] ioc0: LSI53C1030 B0: Capabilities={Initiator}
[    1.372388] usb 2-1: new full-speed USB device number 2 using uhci_hcd
[    1.504936] input: VMware VMware Virtual USB Mouse as /devices/pci0000:00/0000:00:11.0/0000:02:00.0/usb2/2-1/2-1:1.0/input/input2
[    1.505137] generic-usb 0003:0E0F:0003.0001: input,hidraw0: USB HID v1.10 Mouse [VMware VMware Virtual USB Mouse] on usb-0000:02:00.0-1/input0
[    1.505754] input: VMware VMware Virtual USB Mouse as /devices/pci0000:00/0000:00:11.0/0000:02:00.0/usb2/2-1/2-1:1.1/input/input3
[    1.505938] generic-usb 0003:0E0F:0003.0002: input,hidraw1: USB HID v1.10 Mouse [VMware VMware Virtual USB Mouse] on usb-0000:02:00.0-1/input1
[    1.506098] usbcore: registered new interface driver usbhid
[    1.506100] usbhid: USB HID core driver
[    1.520250] scsi2 : ioc0: LSI53C1030 B0, FwRev=01032920h, Ports=1, MaxQ=128, IRQ=11
[    1.612050] usb 2-2: new full-speed USB device number 3 using uhci_hcd
[    1.632930] scsi 2:0:0:0: Direct-Access     VMware,  VMware Virtual S 1.0  PQ: 0 ANSI: 2
[    1.632940] scsi target2:0:0: Beginning Domain Validation
[    1.633633] scsi target2:0:0: Domain Validation skipping write tests
[    1.633636] scsi target2:0:0: Ending Domain Validation
[    1.633693] scsi target2:0:0: FAST-40 WIDE SCSI 80.0 MB/s ST (25 ns, offset 127)
[    1.636501] sd 2:0:0:0: [sda] 41943040 512-byte logical blocks: (21.4 GB/20.0 GiB)
[    1.636562] sd 2:0:0:0: [sda] Write Protect is off
[    1.636565] sd 2:0:0:0: [sda] Mode Sense: 61 00 00 00
[    1.636637] sd 2:0:0:0: [sda] Cache data unavailable
[    1.636639] sd 2:0:0:0: [sda] Assuming drive cache: write through
[    1.636964] sd 2:0:0:0: [sda] Cache data unavailable
[    1.636967] sd 2:0:0:0: [sda] Assuming drive cache: write through
[    1.637732] sd 2:0:0:0: Attached scsi generic sg1 type 0
[    1.638473]  sda: sda1 sda2 < sda5 >
[    1.638869] sd 2:0:0:0: [sda] Cache data unavailable
[    1.638872] sd 2:0:0:0: [sda] Assuming drive cache: write through
[    1.638875] sd 2:0:0:0: [sda] Attached SCSI disk
[    1.676367] EXT4-fs (sda1): INFO: recovery required on readonly filesystem
[    1.676372] EXT4-fs (sda1): write access will be enabled during recovery
[    1.752149] hub 2-2:1.0: USB hub found
[    1.754583] hub 2-2:1.0: 7 ports detected
[    1.840894] EXT4-fs (sda1): recovery complete
[    1.841443] EXT4-fs (sda1): mounted filesystem with ordered data mode. Opts: (null)
[    3.559337] ADDRCONF(NETDEV_UP): eth0: link is not ready
[    3.565113] udevd[326]: starting version 175
[    3.610973] Adding 1046524k swap on /dev/sda5.  Priority:-1 extents:1 across:1046524k 
[    3.619892] lp: driver loaded but no devices found
[    3.695097] EXT4-fs (sda1): re-mounted. Opts: errors=remount-ro
[    3.699618] shpchp: Standard Hot Plug PCI Controller Driver version: 0.4
[    3.732505] [380]: VMCI: shared components initialized.
[    3.732529] Probing for vmci/PCI.
[    3.732686] ACPI: PCI Interrupt Link [LNKA] enabled at IRQ 9
[    3.732688] PCI: setting IRQ 9 as level-triggered
[    3.732694] vmci 0000:00:07.7: PCI INT A -> Link[LNKA] -> GSI 9 (level, low) -> IRQ 9
[    3.732735] Found vmci/PCI at 0x1080, irq 9.
[    3.732766] VMCI: using capabilities 0xc.
[    3.732836] [380]: VMCI: Host capability check passed.
[    3.786124] vmci 0000:00:07.7: irq 72 for MSI/MSI-X
[    3.786158] vmci 0000:00:07.7: irq 73 for MSI/MSI-X
[    3.786364] Registered vmci device.
[    3.786470] piix4_smbus 0000:00:07.3: Host SMBus controller not enabled!
[    3.840354] [380]: VMCI: Using guest personality
[    3.840359] [380]: VMCI: host components initialized.
[    3.840663] Bluetooth: Core ver 2.16
[    3.840671] NET: Registered protocol family 31
[    3.840679] Bluetooth: HCI device and connection manager initialized
[    3.840686] Bluetooth: HCI socket layer initialized
[    3.840692] Bluetooth: L2CAP socket layer initialized
[    3.840697] Bluetooth: SCO socket layer initialized
[    3.841046] [380]: VMCI: Module registered (name=vmci,major=10,minor=57).
[    3.841049] [380]: VMCI: Using host personality
[    3.841051] [380]: VMCI: Module (name=vmci) is initialized
[    3.856616] ppdev: user-space parallel port driver
[    3.857505] parport_pc 00:09: reported by Plug and Play ACPI
[    3.857688] parport0: PC-style at 0x378, irq 7 [PCSPP,TRISTATE]
[    3.865980] Bluetooth: BNEP (Ethernet Emulation) ver 1.3
[    3.865983] Bluetooth: BNEP filters: protocol multicast
[    3.951641] Bluetooth: RFCOMM TTY layer initialized
[    3.951645] Bluetooth: RFCOMM socket layer initialized
[    3.951647] Bluetooth: RFCOMM ver 1.11
[    3.952964] lp0: using parport0 (interrupt-driven).
[    3.963474] type=1400 audit(1369638864.301:2): apparmor="STATUS" operation="profile_load" name="/usr/lib/cups/backend/cups-pdf" pid=585 comm="apparmor_parser"
[    3.965094] type=1400 audit(1369638864.305:3): apparmor="STATUS" operation="profile_load" name="/usr/sbin/cupsd" pid=585 comm="apparmor_parser"
[    4.016575] type=1400 audit(1369638864.357:4): apparmor="STATUS" operation="profile_load" name="/sbin/dhclient" pid=598 comm="apparmor_parser"
[    4.017428] type=1400 audit(1369638864.357:5): apparmor="STATUS" operation="profile_load" name="/usr/lib/NetworkManager/nm-dhcp-client.action" pid=598 comm="apparmor_parser"
[    4.017627] type=1400 audit(1369638864.357:6): apparmor="STATUS" operation="profile_load" name="/usr/lib/connman/scripts/dhclient-script" pid=598 comm="apparmor_parser"
[    4.232331] input: ImPS/2 Generic Wheel Mouse as /devices/platform/i8042/serio1/input/input4
[    4.273905] snd_ens1371 0000:02:02.0: PCI INT A -> Link[LNKA] -> GSI 9 (level, low) -> IRQ 9
[    4.316401] init: failsafe main process (677) killed by TERM signal
[    4.416420] type=1400 audit(1369638864.757:7): apparmor="STATUS" operation="profile_load" name="/usr/lib/lightdm/lightdm/lightdm-guest-session-wrapper" pid=805 comm="apparmor_parser"
[    4.417620] type=1400 audit(1369638864.757:8): apparmor="STATUS" operation="profile_replace" name="/sbin/dhclient" pid=807 comm="apparmor_parser"
[    4.420128] type=1400 audit(1369638864.761:9): apparmor="STATUS" operation="profile_replace" name="/usr/lib/NetworkManager/nm-dhcp-client.action" pid=807 comm="apparmor_parser"
[    4.420200] type=1400 audit(1369638864.761:10): apparmor="STATUS" operation="profile_replace" name="/usr/lib/connman/scripts/dhclient-script" pid=807 comm="apparmor_parser"
[    4.553305] init: alsa-restore main process (864) terminated with status 19
