[    0.000000] Initializing cgroup subsys cpuset
[    0.000000] Initializing cgroup subsys cpu
[    0.000000] Linux version 3.2.0-29-generic-pae (buildd@roseapple) (gcc version 4.6.3 (Ubuntu/Linaro 4.6.3-1ubuntu5) ) #46-Ubuntu SMP Fri Jul 27 17:25:43 UTC 2012 (Ubuntu 3.2.0-29.46-generic-pae 3.2.24)
[    0.000000] KERNEL supported cpus:
[    0.000000]   Intel GenuineIntel
[    0.000000]   AMD AuthenticAMD
[    0.000000]   NSC Geode by NSC
[    0.000000]   Cyrix CyrixInstead
[    0.000000]   Centaur CentaurHauls
[    0.000000]   Transmeta GenuineTMx86
[    0.000000]   Transmeta TransmetaCPU
[    0.000000]   UMC UMC UMC UMC
[    0.000000] Disabled fast string operations
[    0.000000] BIOS-provided physical RAM map:
[    0.000000]  BIOS-e820: 0000000000000000 - 000000000009f000 (usable)
[    0.000000]  BIOS-e820: 000000000009f000 - 00000000000a0000 (reserved)
[    0.000000]  BIOS-e820: 00000000000ca000 - 00000000000cc000 (reserved)
[    0.000000]  BIOS-e820: 00000000000dc000 - 0000000000100000 (reserved)
[    0.000000]  BIOS-e820: 0000000000100000 - 000000003fee0000 (usable)
[    0.000000]  BIOS-e820: 000000003fee0000 - 000000003feff000 (ACPI data)
[    0.000000]  BIOS-e820: 000000003feff000 - 000000003ff00000 (ACPI NVS)
[    0.000000]  BIOS-e820: 000000003ff00000 - 0000000040000000 (usable)
[    0.000000]  BIOS-e820: 00000000e0000000 - 00000000f0000000 (reserved)
[    0.000000]  BIOS-e820: 00000000fec00000 - 00000000fec10000 (reserved)
[    0.000000]  BIOS-e820: 00000000fee00000 - 00000000fee01000 (reserved)
[    0.000000]  BIOS-e820: 00000000fffe0000 - 0000000100000000 (reserved)
[    0.000000] NX (Execute Disable) protection: active
[    0.000000] DMI present.
[    0.000000] DMI: VMware, Inc. VMware Virtual Platform/440BX Desktop Reference Platform, BIOS 6.00 07/02/2012
[    0.000000] Hypervisor detected: VMware
[    0.000000] e820 update range: 0000000000000000 - 0000000000010000 (usable) ==> (reserved)
[    0.000000] e820 remove range: 00000000000a0000 - 0000000000100000 (usable)
[    0.000000] last_pfn = 0x40000 max_arch_pfn = 0x1000000
[    0.000000] MTRR default type: uncachable
[    0.000000] MTRR fixed ranges enabled:
[    0.000000]   00000-9FFFF write-back
[    0.000000]   A0000-BFFFF uncachable
[    0.000000]   C0000-CBFFF write-protect
[    0.000000]   CC000-EFFFF uncachable
[    0.000000]   F0000-FFFFF write-protect
[    0.000000] MTRR variable ranges enabled:
[    0.000000]   0 base 0000000000 mask FFC0000000 write-back
[    0.000000]   1 disabled
[    0.000000]   2 disabled
[    0.000000]   3 disabled
[    0.000000]   4 disabled
[    0.000000]   5 disabled
[    0.000000]   6 disabled
[    0.000000]   7 disabled
[    0.000000] x86 PAT enabled: cpu 0, old 0x0, new 0x7010600070106
[    0.000000] found SMP MP-table at [c00f6bf0] f6bf0
[    0.000000] initial memory mapped : 0 - 02000000
[    0.000000] Base memory trampoline at [c009b000] 9b000 size 16384
[    0.000000] init_memory_mapping: 0000000000000000-0000000037bfe000
[    0.000000]  0000000000 - 0000200000 page 4k
[    0.000000]  0000200000 - 0037a00000 page 2M
[    0.000000]  0037a00000 - 0037bfe000 page 4k
[    0.000000] kernel direct mapping tables up to 37bfe000 @ 1ffb000-2000000
[    0.000000] RAMDISK: 364ea000 - 3726d000
[    0.000000] ACPI: RSDP 000f6b80 00024 (v02 PTLTD )
[    0.000000] ACPI: XSDT 3feed636 0005C (v01 INTEL  440BX    06040000 VMW  01324272)
[    0.000000] ACPI: FACP 3fefee98 000F4 (v04 INTEL  440BX    06040000 PTL  000F4240)
[    0.000000] ACPI: DSDT 3feee366 10B32 (v01 PTLTD  Custom   06040000 MSFT 03000001)
[    0.000000] ACPI: FACS 3fefffc0 00040
[    0.000000] ACPI: BOOT 3feee33e 00028 (v01 PTLTD  $SBFTBL$ 06040000  LTP 00000001)
[    0.000000] ACPI: APIC 3feedc3e 003C2 (v01 PTLTD  ? APIC   06040000  LTP 00000000)
[    0.000000] ACPI: MCFG 3feedc02 0003C (v01 PTLTD  $PCITBL$ 06040000  LTP 00000001)
[    0.000000] ACPI: SRAT 3feed732 004D0 (v02 VMWARE MEMPLUG  06040000 VMW  00000001)
[    0.000000] ACPI: HPET 3feed6fa 00038 (v01 VMWARE VMW HPET 06040000 VMW  00000001)
[    0.000000] ACPI: WAET 3feed6d2 00028 (v01 VMWARE VMW WAET 06040000 VMW  00000001)
[    0.000000] ACPI: Local APIC address 0xfee00000
[    0.000000] 132MB HIGHMEM available.
[    0.000000] 891MB LOWMEM available.
[    0.000000]   mapped low ram: 0 - 37bfe000
[    0.000000]   low ram: 0 - 37bfe000
[    0.000000] Zone PFN ranges:
[    0.000000]   DMA      0x00000010 -> 0x00001000
[    0.000000]   Normal   0x00001000 -> 0x00037bfe
[    0.000000]   HighMem  0x00037bfe -> 0x00040000
[    0.000000] Movable zone start PFN for each node
[    0.000000] early_node_map[3] active PFN ranges
[    0.000000]     0: 0x00000010 -> 0x0000009f
[    0.000000]     0: 0x00000100 -> 0x0003fee0
[    0.000000]     0: 0x0003ff00 -> 0x00040000
[    0.000000] On node 0 totalpages: 261999
[    0.000000] free_area_init_node: node 0, pgdat c1866a40, node_mem_map f73fd200
[    0.000000]   DMA zone: 32 pages used for memmap
[    0.000000]   DMA zone: 0 pages reserved
[    0.000000]   DMA zone: 3951 pages, LIFO batch:0
[    0.000000]   Normal zone: 1752 pages used for memmap
[    0.000000]   Normal zone: 222502 pages, LIFO batch:31
[    0.000000]   HighMem zone: 265 pages used for memmap
[    0.000000]   HighMem zone: 33497 pages, LIFO batch:7
[    0.000000] Using APIC driver default
[    0.000000] ACPI: PM-Timer IO Port: 0x1008
[    0.000000] ACPI: Local APIC address 0xfee00000
[    0.000000] ACPI: LAPIC (acpi_id[0x00] lapic_id[0x00] enabled)
[    0.000000] ACPI: LAPIC (acpi_id[0x01] lapic_id[0x02] disabled)
[    0.000000] ACPI: LAPIC (acpi_id[0x02] lapic_id[0x04] disabled)
[    0.000000] ACPI: LAPIC (acpi_id[0x03] lapic_id[0x06] disabled)
[    0.000000] ACPI: LAPIC (acpi_id[0x04] lapic_id[0x08] disabled)
[    0.000000] ACPI: LAPIC (acpi_id[0x05] lapic_id[0x0a] disabled)
[    0.000000] ACPI: LAPIC (acpi_id[0x06] lapic_id[0x0c] disabled)
[    0.000000] ACPI: LAPIC (acpi_id[0x07] lapic_id[0x0e] disabled)
[    0.000000] ACPI: LAPIC (acpi_id[0x08] lapic_id[0x10] disabled)
[    0.000000] ACPI: LAPIC (acpi_id[0x09] lapic_id[0x12] disabled)
[    0.000000] ACPI: LAPIC (acpi_id[0x0a] lapic_id[0x14] disabled)
[    0.000000] ACPI: LAPIC (acpi_id[0x0b] lapic_id[0x16] disabled)
[    0.000000] ACPI: LAPIC (acpi_id[0x0c] lapic_id[0x18] disabled)
[    0.000000] ACPI: LAPIC (acpi_id[0x0d] lapic_id[0x1a] disabled)
[    0.000000] ACPI: LAPIC (acpi_id[0x0e] lapic_id[0x1c] disabled)
[    0.000000] ACPI: LAPIC (acpi_id[0x0f] lapic_id[0x1e] disabled)
[    0.000000] ACPI: LAPIC (acpi_id[0x10] lapic_id[0x20] disabled)
[    0.000000] ACPI: LAPIC (acpi_id[0x11] lapic_id[0x22] disabled)
[    0.000000] ACPI: LAPIC (acpi_id[0x12] lapic_id[0x24] disabled)
[    0.000000] ACPI: LAPIC (acpi_id[0x13] lapic_id[0x26] disabled)
[    0.000000] ACPI: LAPIC (acpi_id[0x14] lapic_id[0x28] disabled)
[    0.000000] ACPI: LAPIC (acpi_id[0x15] lapic_id[0x2a] disabled)
[    0.000000] ACPI: LAPIC (acpi_id[0x16] lapic_id[0x2c] disabled)
[    0.000000] ACPI: LAPIC (acpi_id[0x17] lapic_id[0x2e] disabled)
[    0.000000] ACPI: LAPIC (acpi_id[0x18] lapic_id[0x30] disabled)
[    0.000000] ACPI: LAPIC (acpi_id[0x19] lapic_id[0x32] disabled)
[    0.000000] ACPI: LAPIC (acpi_id[0x1a] lapic_id[0x34] disabled)
[    0.000000] ACPI: LAPIC (acpi_id[0x1b] lapic_id[0x36] disabled)
[    0.000000] ACPI: LAPIC (acpi_id[0x1c] lapic_id[0x38] disabled)
[    0.000000] ACPI: LAPIC (acpi_id[0x1d] lapic_id[0x3a] disabled)
[    0.000000] ACPI: LAPIC (acpi_id[0x1e] lapic_id[0x3c] disabled)
[    0.000000] ACPI: LAPIC (acpi_id[0x1f] lapic_id[0x3e] disabled)
[    0.000000] ACPI: LAPIC (acpi_id[0x20] lapic_id[0x40] disabled)
[    0.000000] ACPI: LAPIC (acpi_id[0x21] lapic_id[0x42] disabled)
[    0.000000] ACPI: LAPIC (acpi_id[0x22] lapic_id[0x44] disabled)
[    0.000000] ACPI: LAPIC (acpi_id[0x23] lapic_id[0x46] disabled)
[    0.000000] ACPI: LAPIC (acpi_id[0x24] lapic_id[0x48] disabled)
[    0.000000] ACPI: LAPIC (acpi_id[0x25] lapic_id[0x4a] disabled)
[    0.000000] ACPI: LAPIC (acpi_id[0x26] lapic_id[0x4c] disabled)
[    0.000000] ACPI: LAPIC (acpi_id[0x27] lapic_id[0x4e] disabled)
[    0.000000] ACPI: LAPIC (acpi_id[0x28] lapic_id[0x50] disabled)
[    0.000000] ACPI: LAPIC (acpi_id[0x29] lapic_id[0x52] disabled)
[    0.000000] ACPI: LAPIC (acpi_id[0x2a] lapic_id[0x54] disabled)
[    0.000000] ACPI: LAPIC (acpi_id[0x2b] lapic_id[0x56] disabled)
[    0.000000] ACPI: LAPIC (acpi_id[0x2c] lapic_id[0x58] disabled)
[    0.000000] ACPI: LAPIC (acpi_id[0x2d] lapic_id[0x5a] disabled)
[    0.000000] ACPI: LAPIC (acpi_id[0x2e] lapic_id[0x5c] disabled)
[    0.000000] ACPI: LAPIC (acpi_id[0x2f] lapic_id[0x5e] disabled)
[    0.000000] ACPI: LAPIC (acpi_id[0x30] lapic_id[0x60] disabled)
[    0.000000] ACPI: LAPIC (acpi_id[0x31] lapic_id[0x62] disabled)
[    0.000000] ACPI: LAPIC (acpi_id[0x32] lapic_id[0x64] disabled)
[    0.000000] ACPI: LAPIC (acpi_id[0x33] lapic_id[0x66] disabled)
[    0.000000] ACPI: LAPIC (acpi_id[0x34] lapic_id[0x68] disabled)
[    0.000000] ACPI: LAPIC (acpi_id[0x35] lapic_id[0x6a] disabled)
[    0.000000] ACPI: LAPIC (acpi_id[0x36] lapic_id[0x6c] disabled)
[    0.000000] ACPI: LAPIC (acpi_id[0x37] lapic_id[0x6e] disabled)
[    0.000000] ACPI: LAPIC (acpi_id[0x38] lapic_id[0x70] disabled)
[    0.000000] ACPI: LAPIC (acpi_id[0x39] lapic_id[0x72] disabled)
[    0.000000] ACPI: LAPIC (acpi_id[0x3a] lapic_id[0x74] disabled)
[    0.000000] ACPI: LAPIC (acpi_id[0x3b] lapic_id[0x76] disabled)
[    0.000000] ACPI: LAPIC (acpi_id[0x3c] lapic_id[0x78] disabled)
[    0.000000] ACPI: LAPIC (acpi_id[0x3d] lapic_id[0x7a] disabled)
[    0.000000] ACPI: LAPIC (acpi_id[0x3e] lapic_id[0x7c] disabled)
[    0.000000] ACPI: LAPIC (acpi_id[0x3f] lapic_id[0x7e] disabled)
[    0.000000] ACPI: LAPIC_NMI (acpi_id[0x00] high edge lint[0x1])
[    0.000000] ACPI: LAPIC_NMI (acpi_id[0x01] high edge lint[0x1])
[    0.000000] ACPI: LAPIC_NMI (acpi_id[0x02] high edge lint[0x1])
[    0.000000] ACPI: LAPIC_NMI (acpi_id[0x03] high edge lint[0x1])
[    0.000000] ACPI: LAPIC_NMI (acpi_id[0x04] high edge lint[0x1])
[    0.000000] ACPI: LAPIC_NMI (acpi_id[0x05] high edge lint[0x1])
[    0.000000] ACPI: LAPIC_NMI (acpi_id[0x06] high edge lint[0x1])
[    0.000000] ACPI: LAPIC_NMI (acpi_id[0x07] high edge lint[0x1])
[    0.000000] ACPI: LAPIC_NMI (acpi_id[0x08] high edge lint[0x1])
[    0.000000] ACPI: LAPIC_NMI (acpi_id[0x09] high edge lint[0x1])
[    0.000000] ACPI: LAPIC_NMI (acpi_id[0x0a] high edge lint[0x1])
[    0.000000] ACPI: LAPIC_NMI (acpi_id[0x0b] high edge lint[0x1])
[    0.000000] ACPI: LAPIC_NMI (acpi_id[0x0c] high edge lint[0x1])
[    0.000000] ACPI: LAPIC_NMI (acpi_id[0x0d] high edge lint[0x1])
[    0.000000] ACPI: LAPIC_NMI (acpi_id[0x0e] high edge lint[0x1])
[    0.000000] ACPI: LAPIC_NMI (acpi_id[0x0f] high edge lint[0x1])
[    0.000000] ACPI: LAPIC_NMI (acpi_id[0x10] high edge lint[0x1])
[    0.000000] ACPI: LAPIC_NMI (acpi_id[0x11] high edge lint[0x1])
[    0.000000] ACPI: LAPIC_NMI (acpi_id[0x12] high edge lint[0x1])
[    0.000000] ACPI: LAPIC_NMI (acpi_id[0x13] high edge lint[0x1])
[    0.000000] ACPI: LAPIC_NMI (acpi_id[0x14] high edge lint[0x1])
[    0.000000] ACPI: LAPIC_NMI (acpi_id[0x15] high edge lint[0x1])
[    0.000000] ACPI: LAPIC_NMI (acpi_id[0x16] high edge lint[0x1])
[    0.000000] ACPI: LAPIC_NMI (acpi_id[0x17] high edge lint[0x1])
[    0.000000] ACPI: LAPIC_NMI (acpi_id[0x18] high edge lint[0x1])
[    0.000000] ACPI: LAPIC_NMI (acpi_id[0x19] high edge lint[0x1])
[    0.000000] ACPI: LAPIC_NMI (acpi_id[0x1a] high edge lint[0x1])
[    0.000000] ACPI: LAPIC_NMI (acpi_id[0x1b] high edge lint[0x1])
[    0.000000] ACPI: LAPIC_NMI (acpi_id[0x1c] high edge lint[0x1])
[    0.000000] ACPI: LAPIC_NMI (acpi_id[0x1d] high edge lint[0x1])
[    0.000000] ACPI: LAPIC_NMI (acpi_id[0x1e] high edge lint[0x1])
[    0.000000] ACPI: LAPIC_NMI (acpi_id[0x1f] high edge lint[0x1])
[    0.000000] ACPI: LAPIC_NMI (acpi_id[0x20] high edge lint[0x1])
[    0.000000] ACPI: LAPIC_NMI (acpi_id[0x21] high edge lint[0x1])
[    0.000000] ACPI: LAPIC_NMI (acpi_id[0x22] high edge lint[0x1])
[    0.000000] ACPI: LAPIC_NMI (acpi_id[0x23] high edge lint[0x1])
[    0.000000] ACPI: LAPIC_NMI (acpi_id[0x24] high edge lint[0x1])
[    0.000000] ACPI: LAPIC_NMI (acpi_id[0x25] high edge lint[0x1])
[    0.000000] ACPI: LAPIC_NMI (acpi_id[0x26] high edge lint[0x1])
[    0.000000] ACPI: LAPIC_NMI (acpi_id[0x27] high edge lint[0x1])
[    0.000000] ACPI: LAPIC_NMI (acpi_id[0x28] high edge lint[0x1])
[    0.000000] ACPI: LAPIC_NMI (acpi_id[0x29] high edge lint[0x1])
[    0.000000] ACPI: LAPIC_NMI (acpi_id[0x2a] high edge lint[0x1])
[    0.000000] ACPI: LAPIC_NMI (acpi_id[0x2b] high edge lint[0x1])
[    0.000000] ACPI: LAPIC_NMI (acpi_id[0x2c] high edge lint[0x1])
[    0.000000] ACPI: LAPIC_NMI (acpi_id[0x2d] high edge lint[0x1])
[    0.000000] ACPI: LAPIC_NMI (acpi_id[0x2e] high edge lint[0x1])
[    0.000000] ACPI: LAPIC_NMI (acpi_id[0x2f] high edge lint[0x1])
[    0.000000] ACPI: LAPIC_NMI (acpi_id[0x30] high edge lint[0x1])
[    0.000000] ACPI: LAPIC_NMI (acpi_id[0x31] high edge lint[0x1])
[    0.000000] ACPI: LAPIC_NMI (acpi_id[0x32] high edge lint[0x1])
[    0.000000] ACPI: LAPIC_NMI (acpi_id[0x33] high edge lint[0x1])
[    0.000000] ACPI: LAPIC_NMI (acpi_id[0x34] high edge lint[0x1])
[    0.000000] ACPI: LAPIC_NMI (acpi_id[0x35] high edge lint[0x1])
[    0.000000] ACPI: LAPIC_NMI (acpi_id[0x36] high edge lint[0x1])
[    0.000000] ACPI: LAPIC_NMI (acpi_id[0x37] high edge lint[0x1])
[    0.000000] ACPI: LAPIC_NMI (acpi_id[0x38] high edge lint[0x1])
[    0.000000] ACPI: LAPIC_NMI (acpi_id[0x39] high edge lint[0x1])
[    0.000000] ACPI: LAPIC_NMI (acpi_id[0x3a] high edge lint[0x1])
[    0.000000] ACPI: LAPIC_NMI (acpi_id[0x3b] high edge lint[0x1])
[    0.000000] ACPI: LAPIC_NMI (acpi_id[0x3c] high edge lint[0x1])
[    0.000000] ACPI: LAPIC_NMI (acpi_id[0x3d] high edge lint[0x1])
[    0.000000] ACPI: LAPIC_NMI (acpi_id[0x3e] high edge lint[0x1])
[    0.000000] ACPI: LAPIC_NMI (acpi_id[0x3f] high edge lint[0x1])
[    0.000000] ACPI: Skipping IOAPIC probe due to 'noapic' option.
[    0.000000] Using ACPI for processor (LAPIC) configuration information
[    0.000000] ACPI: HPET id: 0x8086af01 base: 0xfed00000
[    0.000000] Intel MultiProcessor Specification v1.4
[    0.000000]     Virtual Wire compatibility mode.
[    0.000000] MPTABLE: OEM ID: INTEL   
[    0.000000] MPTABLE: Product ID: 440BX       
[    0.000000] MPTABLE: APIC at: 0xFEE00000
[    0.000000] IOAPIC[0]: apic_id 1, version 17, address 0xfec00000, GSI 0-23
[    0.000000] Processors: 1
[    0.000000] SMP: Allowing 1 CPUs, 0 hotplug CPUs
[    0.000000] nr_irqs_gsi: 40
[    0.000000] PM: Registered nosave memory: 000000000009f000 - 00000000000a0000
[    0.000000] PM: Registered nosave memory: 00000000000a0000 - 00000000000ca000
[    0.000000] PM: Registered nosave memory: 00000000000ca000 - 00000000000cc000
[    0.000000] PM: Registered nosave memory: 00000000000cc000 - 00000000000dc000
[    0.000000] PM: Registered nosave memory: 00000000000dc000 - 0000000000100000
[    0.000000] Allocating PCI resources starting at 40000000 (gap: 40000000:a0000000)
[    0.000000] Booting paravirtualized kernel on bare hardware
[    0.000000] setup_percpu: NR_CPUS:8 nr_cpumask_bits:8 nr_cpu_ids:1 nr_node_ids:1
[    0.000000] PERCPU: Embedded 14 pages/cpu @f73e8000 s34240 r0 d23104 u57344
[    0.000000] pcpu-alloc: s34240 r0 d23104 u57344 alloc=14*4096
[    0.000000] pcpu-alloc: [0] 0 
[    0.000000] Built 1 zonelists in Zone order, mobility grouping on.  Total pages: 259950
[    0.000000] Kernel command line: BOOT_IMAGE=/boot/vmlinuz-3.2.0-29-generic-pae root=UUID=007b598c-390d-4c65-84a1-4ff752d48633 ro quiet splash maxcpus=0
[    0.000000] PID hash table entries: 4096 (order: 2, 16384 bytes)
[    0.000000] Dentry cache hash table entries: 131072 (order: 7, 524288 bytes)
[    0.000000] Inode-cache hash table entries: 65536 (order: 6, 262144 bytes)
[    0.000000] Initializing CPU#0
[    0.000000] xsave/xrstor: enabled xstate_bv 0x7, cntxt size 0x340
[    0.000000] allocated 4194048 bytes of page_cgroup
[    0.000000] please try 'cgroup_disable=memory' option if you don't want memory cgroups
[    0.000000] Initializing HighMem for node 0 (00037bfe:00040000)
[    0.000000] Memory: 1010624k/1048576k available (5814k kernel code, 37372k reserved, 2841k data, 740k init, 135048k highmem)
[    0.000000] virtual kernel memory layout:
[    0.000000]     fixmap  : 0xfff16000 - 0xfffff000   ( 932 kB)
[    0.000000]     pkmap   : 0xffc00000 - 0xffe00000   (2048 kB)
[    0.000000]     vmalloc : 0xf83fe000 - 0xffbfe000   ( 120 MB)
[    0.000000]     lowmem  : 0xc0000000 - 0xf7bfe000   ( 891 MB)
[    0.000000]       .init : 0xc1875000 - 0xc192e000   ( 740 kB)
[    0.000000]       .data : 0xc15adb64 - 0xc1874240   (2841 kB)
[    0.000000]       .text : 0xc1000000 - 0xc15adb64   (5814 kB)
[    0.000000] Checking if this processor honours the WP bit even in supervisor mode...Ok.
[    0.000000] SLUB: Genslabs=15, HWalign=64, Order=0-3, MinObjects=0, CPUs=1, Nodes=1
[    0.000000] Hierarchical RCU implementation.
[    0.000000] 	RCU dyntick-idle grace-period acceleration is enabled.
[    0.000000] NR_IRQS:2304 nr_irqs:256 16
[    0.000000] CPU 0 irqstacks, hard=f5c08000 soft=f5c0a000
[    0.000000] Extended CMOS year: 2000
[    0.000000] Console: colour VGA+ 80x25
[    0.000000] console [tty0] enabled
[    0.000000] hpet clockevent registered
[    0.000000] TSC freq read from hypervisor : 2394.620 MHz
[    0.000000] Detected 2394.620 MHz processor.
[    0.000001] Calibrating delay loop (skipped) preset value.. 4789.24 BogoMIPS (lpj=9578480)
[    0.000004] pid_max: default: 32768 minimum: 301
[    0.000019] Security Framework initialized
[    0.000033] AppArmor: AppArmor initialized
[    0.000034] Yama: becoming mindful.
[    0.000069] Mount-cache hash table entries: 512
[    0.000148] Initializing cgroup subsys cpuacct
[    0.000151] Initializing cgroup subsys memory
[    0.000156] Initializing cgroup subsys devices
[    0.000157] Initializing cgroup subsys freezer
[    0.000159] Initializing cgroup subsys blkio
[    0.000163] Initializing cgroup subsys perf_event
[    0.000206] Disabled fast string operations
[    0.000209] CPU: Physical Processor ID: 0
[    0.000218] ENERGY_PERF_BIAS: Set to 'normal', was 'performance'
[    0.000219] ENERGY_PERF_BIAS: View and update with x86_energy_perf_policy(8)
[    0.000866] mce: CPU supports 0 MCE banks
[    0.001606] SMP alternatives: switching to UP code
[    0.019203] Freeing SMP alternatives: 24k freed
[    0.019210] ACPI: Core revision 20110623
[    0.028970] ACPI: setting ELCR to 0200 (from 0e20)
[    0.031123] ftrace: allocating 26545 entries in 52 pages
[    0.055444] SMP mode deactivated.
[    0.055474] SMP disabled
[    0.055475] Performance Events: generic architected perfmon v1, core PMU driver.
[    0.055487] ... version:                1
[    0.055488] ... bit width:              48
[    0.055489] ... generic registers:      4
[    0.055490] ... value mask:             0000ffffffffffff
[    0.055491] ... max period:             000000007fffffff
[    0.055492] ... fixed-purpose events:   0
[    0.055493] ... event mask:             000000000000000f
[    0.055607] NMI watchdog enabled, takes one hw-pmu counter.
[    0.055627] Brought up 1 CPUs
[    0.055628] Total of 1 processors activated (4789.24 BogoMIPS).
[    0.055737] devtmpfs: initialized
[    0.055806] EVM: security.selinux
[    0.055807] EVM: security.SMACK64
[    0.055808] EVM: security.capability
[    0.055834] PM: Registering ACPI NVS region at 3feff000 (4096 bytes)
[    0.056561] print_constraints: dummy: 
[    0.056638] RTC time: 11:15:25, date: 05/27/13
[    0.056667] NET: Registered protocol family 16
[    0.056739] EISA bus registered
[    0.056750] ACPI: bus type pci registered
[    0.056894] PCI: MMCONFIG for domain 0000 [bus 00-ff] at [mem 0xe0000000-0xefffffff] (base 0xe0000000)
[    0.056896] PCI: MMCONFIG at [mem 0xe0000000-0xefffffff] reserved in E820
[    0.056897] PCI: Using MMCONFIG for extended config space
[    0.056899] PCI: Using configuration type 1 for base access
[    0.057579] bio: create slab <bio-0> at 0
[    0.057642] ACPI: Added _OSI(Module Device)
[    0.057643] ACPI: Added _OSI(Processor Device)
[    0.057644] ACPI: Added _OSI(3.0 _SCP Extensions)
[    0.057646] ACPI: Added _OSI(Processor Aggregator Device)
[    0.059579] ACPI: EC: Look up EC in DSDT
[    0.066905] [Firmware Bug]: ACPI: BIOS _OSI(Linux) query ignored
[    0.077492] ACPI: Interpreter enabled
[    0.077502] ACPI: (supports S0 S1 S4 S5)
[    0.077514] ACPI: Using PIC for interrupt routing
[    0.115787] ACPI: No dock devices found.
[    0.115790] HEST: Table not found.
[    0.115790] PCI: Using host bridge windows from ACPI; if necessary, use "pci=nocrs" and report a bug
[    0.116536] ACPI: PCI Root Bridge [PCI0] (domain 0000 [bus 00-ff])
[    0.117731] pci_root PNP0A03:00: host bridge window [mem 0x000a0000-0x000bffff]
[    0.117734] pci_root PNP0A03:00: host bridge window [mem 0x000cc000-0x000cffff]
[    0.117736] pci_root PNP0A03:00: host bridge window [mem 0x000d0000-0x000d3fff]
[    0.117738] pci_root PNP0A03:00: host bridge window [mem 0x000d4000-0x000d7fff]
[    0.117740] pci_root PNP0A03:00: host bridge window [mem 0x000d8000-0x000dbfff]
[    0.117742] pci_root PNP0A03:00: host bridge window [mem 0xc0000000-0xfebfffff]
[    0.117743] pci_root PNP0A03:00: host bridge window [io  0x0000-0x0cf7]
[    0.117745] pci_root PNP0A03:00: host bridge window [io  0x0d00-0xfeff]
[    0.117799] pci 0000:00:00.0: [8086:7190] type 0 class 0x000600
[    0.118252] pci 0000:00:01.0: [8086:7191] type 1 class 0x000604
[    0.118681] pci 0000:00:07.0: [8086:7110] type 0 class 0x000601
[    0.119348] pci 0000:00:07.1: [8086:7111] type 0 class 0x000101
[    0.121567] pci 0000:00:07.1: reg 20: [io  0x10c0-0x10cf]
[    0.122691] pci 0000:00:07.3: [8086:7113] type 0 class 0x000680
[    0.124765] pci 0000:00:07.3: quirk: [io  0x1000-0x103f] claimed by PIIX4 ACPI
[    0.124779] pci 0000:00:07.3: quirk: [io  0x1040-0x104f] claimed by PIIX4 SMB
[    0.125026] pci 0000:00:07.7: [15ad:0740] type 0 class 0x000880
[    0.125537] pci 0000:00:07.7: reg 10: [io  0x1080-0x10bf]
[    0.126124] pci 0000:00:07.7: reg 14: [mem 0xc8000000-0xc8001fff 64bit]
[    0.128506] pci 0000:00:0f.0: [15ad:0405] type 0 class 0x000300
[    0.131390] pci 0000:00:0f.0: reg 10: [io  0x10d0-0x10df]
[    0.134291] pci 0000:00:0f.0: reg 14: [mem 0xd0000000-0xd7ffffff pref]
[    0.137043] pci 0000:00:0f.0: reg 18: [mem 0xc8800000-0xc8ffffff]
[    0.146527] pci 0000:00:0f.0: reg 30: [mem 0x00000000-0x00007fff pref]
[    0.146843] pci 0000:00:10.0: [1000:0030] type 0 class 0x000100
[    0.147408] pci 0000:00:10.0: reg 10: [io  0x1400-0x14ff]
[    0.148145] pci 0000:00:10.0: reg 14: [mem 0xc8040000-0xc805ffff 64bit]
[    0.148874] pci 0000:00:10.0: reg 1c: [mem 0xc8020000-0xc803ffff 64bit]
[    0.149940] pci 0000:00:10.0: reg 30: [mem 0x00000000-0x00003fff pref]
[    0.150105] pci 0000:00:11.0: [15ad:0790] type 1 class 0x000604
[    0.150883] pci 0000:00:15.0: [15ad:07a0] type 1 class 0x000604
[    0.151659] pci 0000:00:15.0: PME# supported from D0 D3hot D3cold
[    0.151684] pci 0000:00:15.0: PME# disabled
[    0.151938] pci 0000:00:15.1: [15ad:07a0] type 1 class 0x000604
[    0.152712] pci 0000:00:15.1: PME# supported from D0 D3hot D3cold
[    0.152736] pci 0000:00:15.1: PME# disabled
[    0.152975] pci 0000:00:15.2: [15ad:07a0] type 1 class 0x000604
[    0.153747] pci 0000:00:15.2: PME# supported from D0 D3hot D3cold
[    0.153771] pci 0000:00:15.2: PME# disabled
[    0.154009] pci 0000:00:15.3: [15ad:07a0] type 1 class 0x000604
[    0.154774] pci 0000:00:15.3: PME# supported from D0 D3hot D3cold
[    0.154797] pci 0000:00:15.3: PME# disabled
[    0.155036] pci 0000:00:15.4: [15ad:07a0] type 1 class 0x000604
[    0.155823] pci 0000:00:15.4: PME# supported from D0 D3hot D3cold
[    0.155848] pci 0000:00:15.4: PME# disabled
[    0.156095] pci 0000:00:15.5: [15ad:07a0] type 1 class 0x000604
[    0.156959] pci 0000:00:15.5: PME# supported from D0 D3hot D3cold
[    0.156984] pci 0000:00:15.5: PME# disabled
[    0.157224] pci 0000:00:15.6: [15ad:07a0] type 1 class 0x000604
[    0.158028] pci 0000:00:15.6: PME# supported from D0 D3hot D3cold
[    0.158052] pci 0000:00:15.6: PME# disabled
[    0.158292] pci 0000:00:15.7: [15ad:07a0] type 1 class 0x000604
[    0.159122] pci 0000:00:15.7: PME# supported from D0 D3hot D3cold
[    0.159146] pci 0000:00:15.7: PME# disabled
[    0.159413] pci 0000:00:16.0: [15ad:07a0] type 1 class 0x000604
[    0.160286] pci 0000:00:16.0: PME# supported from D0 D3hot D3cold
[    0.160312] pci 0000:00:16.0: PME# disabled
[    0.160581] pci 0000:00:16.1: [15ad:07a0] type 1 class 0x000604
[    0.161424] pci 0000:00:16.1: PME# supported from D0 D3hot D3cold
[    0.161451] pci 0000:00:16.1: PME# disabled
[    0.161715] pci 0000:00:16.2: [15ad:07a0] type 1 class 0x000604
[    0.162561] pci 0000:00:16.2: PME# supported from D0 D3hot D3cold
[    0.162587] pci 0000:00:16.2: PME# disabled
[    0.162850] pci 0000:00:16.3: [15ad:07a0] type 1 class 0x000604
[    0.163702] pci 0000:00:16.3: PME# supported from D0 D3hot D3cold
[    0.163742] pci 0000:00:16.3: PME# disabled
[    0.164009] pci 0000:00:16.4: [15ad:07a0] type 1 class 0x000604
[    0.164865] pci 0000:00:16.4: PME# supported from D0 D3hot D3cold
[    0.164892] pci 0000:00:16.4: PME# disabled
[    0.165163] pci 0000:00:16.5: [15ad:07a0] type 1 class 0x000604
[    0.166006] pci 0000:00:16.5: PME# supported from D0 D3hot D3cold
[    0.166033] pci 0000:00:16.5: PME# disabled
[    0.166295] pci 0000:00:16.6: [15ad:07a0] type 1 class 0x000604
[    0.167147] pci 0000:00:16.6: PME# supported from D0 D3hot D3cold
[    0.167174] pci 0000:00:16.6: PME# disabled
[    0.167447] pci 0000:00:16.7: [15ad:07a0] type 1 class 0x000604
[    0.168310] pci 0000:00:16.7: PME# supported from D0 D3hot D3cold
[    0.168337] pci 0000:00:16.7: PME# disabled
[    0.168610] pci 0000:00:17.0: [15ad:07a0] type 1 class 0x000604
[    0.169461] pci 0000:00:17.0: PME# supported from D0 D3hot D3cold
[    0.169488] pci 0000:00:17.0: PME# disabled
[    0.169751] pci 0000:00:17.1: [15ad:07a0] type 1 class 0x000604
[    0.170605] pci 0000:00:17.1: PME# supported from D0 D3hot D3cold
[    0.170631] pci 0000:00:17.1: PME# disabled
[    0.170896] pci 0000:00:17.2: [15ad:07a0] type 1 class 0x000604
[    0.171765] pci 0000:00:17.2: PME# supported from D0 D3hot D3cold
[    0.171792] pci 0000:00:17.2: PME# disabled
[    0.172058] pci 0000:00:17.3: [15ad:07a0] type 1 class 0x000604
[    0.172903] pci 0000:00:17.3: PME# supported from D0 D3hot D3cold
[    0.172929] pci 0000:00:17.3: PME# disabled
[    0.173191] pci 0000:00:17.4: [15ad:07a0] type 1 class 0x000604
[    0.174044] pci 0000:00:17.4: PME# supported from D0 D3hot D3cold
[    0.174070] pci 0000:00:17.4: PME# disabled
[    0.174354] pci 0000:00:17.5: [15ad:07a0] type 1 class 0x000604
[    0.175198] pci 0000:00:17.5: PME# supported from D0 D3hot D3cold
[    0.175225] pci 0000:00:17.5: PME# disabled
[    0.175464] pci 0000:00:17.6: [15ad:07a0] type 1 class 0x000604
[    0.176158] pci 0000:00:17.6: PME# supported from D0 D3hot D3cold
[    0.176179] pci 0000:00:17.6: PME# disabled
[    0.176395] pci 0000:00:17.7: [15ad:07a0] type 1 class 0x000604
[    0.177075] pci 0000:00:17.7: PME# supported from D0 D3hot D3cold
[    0.177096] pci 0000:00:17.7: PME# disabled
[    0.177308] pci 0000:00:18.0: [15ad:07a0] type 1 class 0x000604
[    0.177999] pci 0000:00:18.0: PME# supported from D0 D3hot D3cold
[    0.178020] pci 0000:00:18.0: PME# disabled
[    0.178233] pci 0000:00:18.1: [15ad:07a0] type 1 class 0x000604
[    0.178923] pci 0000:00:18.1: PME# supported from D0 D3hot D3cold
[    0.178944] pci 0000:00:18.1: PME# disabled
[    0.179156] pci 0000:00:18.2: [15ad:07a0] type 1 class 0x000604
[    0.179863] pci 0000:00:18.2: PME# supported from D0 D3hot D3cold
[    0.179884] pci 0000:00:18.2: PME# disabled
[    0.180097] pci 0000:00:18.3: [15ad:07a0] type 1 class 0x000604
[    0.180790] pci 0000:00:18.3: PME# supported from D0 D3hot D3cold
[    0.180811] pci 0000:00:18.3: PME# disabled
[    0.181024] pci 0000:00:18.4: [15ad:07a0] type 1 class 0x000604
[    0.181712] pci 0000:00:18.4: PME# supported from D0 D3hot D3cold
[    0.181733] pci 0000:00:18.4: PME# disabled
[    0.181956] pci 0000:00:18.5: [15ad:07a0] type 1 class 0x000604
[    0.182645] pci 0000:00:18.5: PME# supported from D0 D3hot D3cold
[    0.182667] pci 0000:00:18.5: PME# disabled
[    0.182879] pci 0000:00:18.6: [15ad:07a0] type 1 class 0x000604
[    0.183559] pci 0000:00:18.6: PME# supported from D0 D3hot D3cold
[    0.183580] pci 0000:00:18.6: PME# disabled
[    0.183806] pci 0000:00:18.7: [15ad:07a0] type 1 class 0x000604
[    0.184489] pci 0000:00:18.7: PME# supported from D0 D3hot D3cold
[    0.184510] pci 0000:00:18.7: PME# disabled
[    0.185049] pci 0000:00:01.0: PCI bridge to [bus 01-01]
[    0.185340] pci 0000:02:00.0: [15ad:0774] type 0 class 0x000c03
[    0.186608] pci 0000:02:00.0: reg 20: [io  0x20c0-0x20df]
[    0.187217] pci 0000:02:01.0: [1022:2000] type 0 class 0x000200
[    0.187497] pci 0000:02:01.0: reg 10: [io  0x2000-0x207f]
[    0.188961] pci 0000:02:01.0: reg 30: [mem 0x00000000-0x0000ffff pref]
[    0.189079] pci 0000:02:02.0: [1274:1371] type 0 class 0x000401
[    0.189397] pci 0000:02:02.0: reg 10: [io  0x2080-0x20bf]
[    0.191238] pci 0000:02:03.0: [15ad:0770] type 0 class 0x000c03
[    0.191498] pci 0000:02:03.0: reg 10: [mem 0xc9000000-0xc9000fff]
[    0.193137] pci 0000:00:11.0: PCI bridge to [bus 02-02] (subtractive decode)
[    0.193158] pci 0000:00:11.0:   bridge window [io  0x2000-0x3fff]
[    0.193179] pci 0000:00:11.0:   bridge window [mem 0xc9000000-0xca3fffff]
[    0.193218] pci 0000:00:11.0:   bridge window [mem 0xd8400000-0xd89fffff 64bit pref]
[    0.193220] pci 0000:00:11.0:   bridge window [mem 0x000a0000-0x000bffff] (subtractive decode)
[    0.193222] pci 0000:00:11.0:   bridge window [mem 0x000cc000-0x000cffff] (subtractive decode)
[    0.193223] pci 0000:00:11.0:   bridge window [mem 0x000d0000-0x000d3fff] (subtractive decode)
[    0.193225] pci 0000:00:11.0:   bridge window [mem 0x000d4000-0x000d7fff] (subtractive decode)
[    0.193227] pci 0000:00:11.0:   bridge window [mem 0x000d8000-0x000dbfff] (subtractive decode)
[    0.193228] pci 0000:00:11.0:   bridge window [mem 0xc0000000-0xfebfffff] (subtractive decode)
[    0.193230] pci 0000:00:11.0:   bridge window [io  0x0000-0x0cf7] (subtractive decode)
[    0.193231] pci 0000:00:11.0:   bridge window [io  0x0d00-0xfeff] (subtractive decode)
[    0.193650] pci 0000:00:15.0: PCI bridge to [bus 03-03]
[    0.193670] pci 0000:00:15.0:   bridge window [io  0x4000-0x4fff]
[    0.193691] pci 0000:00:15.0:   bridge window [mem 0xca400000-0xca4fffff]
[    0.193730] pci 0000:00:15.0:   bridge window [mem 0xd8a00000-0xd8afffff 64bit pref]
[    0.194143] pci 0000:00:15.1: PCI bridge to [bus 04-04]
[    0.194164] pci 0000:00:15.1:   bridge window [io  0x8000-0x8fff]
[    0.194185] pci 0000:00:15.1:   bridge window [mem 0xca800000-0xca8fffff]
[    0.194224] pci 0000:00:15.1:   bridge window [mem 0xd8e00000-0xd8efffff 64bit pref]
[    0.194644] pci 0000:00:15.2: PCI bridge to [bus 05-05]
[    0.194664] pci 0000:00:15.2:   bridge window [io  0xc000-0xcfff]
[    0.194685] pci 0000:00:15.2:   bridge window [mem 0xcac00000-0xcacfffff]
[    0.194724] pci 0000:00:15.2:   bridge window [mem 0xd9200000-0xd92fffff 64bit pref]
[    0.195140] pci 0000:00:15.3: PCI bridge to [bus 06-06]
[    0.195180] pci 0000:00:15.3:   bridge window [mem 0xcb000000-0xcb0fffff]
[    0.195219] pci 0000:00:15.3:   bridge window [mem 0xd9600000-0xd96fffff 64bit pref]
[    0.195674] pci 0000:00:15.4: PCI bridge to [bus 07-07]
[    0.195728] pci 0000:00:15.4:   bridge window [mem 0xcb400000-0xcb4fffff]
[    0.195767] pci 0000:00:15.4:   bridge window [mem 0xd9a00000-0xd9afffff 64bit pref]
[    0.196179] pci 0000:00:15.5: PCI bridge to [bus 08-08]
[    0.196218] pci 0000:00:15.5:   bridge window [mem 0xcb800000-0xcb8fffff]
[    0.196258] pci 0000:00:15.5:   bridge window [mem 0xd9e00000-0xd9efffff 64bit pref]
[    0.196670] pci 0000:00:15.6: PCI bridge to [bus 09-09]
[    0.196709] pci 0000:00:15.6:   bridge window [mem 0xcbc00000-0xcbcfffff]
[    0.196748] pci 0000:00:15.6:   bridge window [mem 0xda200000-0xda2fffff 64bit pref]
[    0.197159] pci 0000:00:15.7: PCI bridge to [bus 0a-0a]
[    0.197198] pci 0000:00:15.7:   bridge window [mem 0xcc000000-0xcc0fffff]
[    0.197237] pci 0000:00:15.7:   bridge window [mem 0xda600000-0xda6fffff 64bit pref]
[    0.197648] pci 0000:00:16.0: PCI bridge to [bus 0b-0b]
[    0.197668] pci 0000:00:16.0:   bridge window [io  0x5000-0x5fff]
[    0.197689] pci 0000:00:16.0:   bridge window [mem 0xca500000-0xca5fffff]
[    0.197728] pci 0000:00:16.0:   bridge window [mem 0xd8b00000-0xd8bfffff 64bit pref]
[    0.198138] pci 0000:00:16.1: PCI bridge to [bus 0c-0c]
[    0.198158] pci 0000:00:16.1:   bridge window [io  0x9000-0x9fff]
[    0.198179] pci 0000:00:16.1:   bridge window [mem 0xca900000-0xca9fffff]
[    0.198218] pci 0000:00:16.1:   bridge window [mem 0xd8f00000-0xd8ffffff 64bit pref]
[    0.198630] pci 0000:00:16.2: PCI bridge to [bus 0d-0d]
[    0.198650] pci 0000:00:16.2:   bridge window [io  0xd000-0xdfff]
[    0.198671] pci 0000:00:16.2:   bridge window [mem 0xcad00000-0xcadfffff]
[    0.198710] pci 0000:00:16.2:   bridge window [mem 0xd9300000-0xd93fffff 64bit pref]
[    0.199121] pci 0000:00:16.3: PCI bridge to [bus 0e-0e]
[    0.199160] pci 0000:00:16.3:   bridge window [mem 0xcb100000-0xcb1fffff]
[    0.199199] pci 0000:00:16.3:   bridge window [mem 0xd9700000-0xd97fffff 64bit pref]
[    0.199615] pci 0000:00:16.4: PCI bridge to [bus 0f-0f]
[    0.199654] pci 0000:00:16.4:   bridge window [mem 0xcb500000-0xcb5fffff]
[    0.199706] pci 0000:00:16.4:   bridge window [mem 0xd9b00000-0xd9bfffff 64bit pref]
[    0.200118] pci 0000:00:16.5: PCI bridge to [bus 10-10]
[    0.200156] pci 0000:00:16.5:   bridge window [mem 0xcb900000-0xcb9fffff]
[    0.200195] pci 0000:00:16.5:   bridge window [mem 0xd9f00000-0xd9ffffff 64bit pref]
[    0.200616] pci 0000:00:16.6: PCI bridge to [bus 11-11]
[    0.200655] pci 0000:00:16.6:   bridge window [mem 0xcbd00000-0xcbdfffff]
[    0.200694] pci 0000:00:16.6:   bridge window [mem 0xda300000-0xda3fffff 64bit pref]
[    0.201106] pci 0000:00:16.7: PCI bridge to [bus 12-12]
[    0.201144] pci 0000:00:16.7:   bridge window [mem 0xcc100000-0xcc1fffff]
[    0.201184] pci 0000:00:16.7:   bridge window [mem 0xda700000-0xda7fffff 64bit pref]
[    0.201602] pci 0000:00:17.0: PCI bridge to [bus 13-13]
[    0.201622] pci 0000:00:17.0:   bridge window [io  0x6000-0x6fff]
[    0.201643] pci 0000:00:17.0:   bridge window [mem 0xca600000-0xca6fffff]
[    0.201682] pci 0000:00:17.0:   bridge window [mem 0xd8c00000-0xd8cfffff 64bit pref]
[    0.202091] pci 0000:00:17.1: PCI bridge to [bus 14-14]
[    0.202111] pci 0000:00:17.1:   bridge window [io  0xa000-0xafff]
[    0.202132] pci 0000:00:17.1:   bridge window [mem 0xcaa00000-0xcaafffff]
[    0.202171] pci 0000:00:17.1:   bridge window [mem 0xd9000000-0xd90fffff 64bit pref]
[    0.202619] pci 0000:00:17.2: PCI bridge to [bus 15-15]
[    0.202640] pci 0000:00:17.2:   bridge window [io  0xe000-0xefff]
[    0.202661] pci 0000:00:17.2:   bridge window [mem 0xcae00000-0xcaefffff]
[    0.202700] pci 0000:00:17.2:   bridge window [mem 0xd9400000-0xd94fffff 64bit pref]
[    0.203117] pci 0000:00:17.3: PCI bridge to [bus 16-16]
[    0.203156] pci 0000:00:17.3:   bridge window [mem 0xcb200000-0xcb2fffff]
[    0.203195] pci 0000:00:17.3:   bridge window [mem 0xd9800000-0xd98fffff 64bit pref]
[    0.203615] pci 0000:00:17.4: PCI bridge to [bus 17-17]
[    0.203654] pci 0000:00:17.4:   bridge window [mem 0xcb600000-0xcb6fffff]
[    0.203708] pci 0000:00:17.4:   bridge window [mem 0xd9c00000-0xd9cfffff 64bit pref]
[    0.204120] pci 0000:00:17.5: PCI bridge to [bus 18-18]
[    0.204159] pci 0000:00:17.5:   bridge window [mem 0xcba00000-0xcbafffff]
[    0.204199] pci 0000:00:17.5:   bridge window [mem 0xda000000-0xda0fffff 64bit pref]
[    0.204614] pci 0000:00:17.6: PCI bridge to [bus 19-19]
[    0.204653] pci 0000:00:17.6:   bridge window [mem 0xcbe00000-0xcbefffff]
[    0.204693] pci 0000:00:17.6:   bridge window [mem 0xda400000-0xda4fffff 64bit pref]
[    0.205103] pci 0000:00:17.7: PCI bridge to [bus 1a-1a]
[    0.205142] pci 0000:00:17.7:   bridge window [mem 0xcc200000-0xcc2fffff]
[    0.205181] pci 0000:00:17.7:   bridge window [mem 0xda800000-0xda8fffff 64bit pref]
[    0.205603] pci 0000:00:18.0: PCI bridge to [bus 1b-1b]
[    0.205623] pci 0000:00:18.0:   bridge window [io  0x7000-0x7fff]
[    0.205644] pci 0000:00:18.0:   bridge window [mem 0xca700000-0xca7fffff]
[    0.205683] pci 0000:00:18.0:   bridge window [mem 0xd8d00000-0xd8dfffff 64bit pref]
[    0.206095] pci 0000:00:18.1: PCI bridge to [bus 1c-1c]
[    0.206115] pci 0000:00:18.1:   bridge window [io  0xb000-0xbfff]
[    0.206136] pci 0000:00:18.1:   bridge window [mem 0xcab00000-0xcabfffff]
[    0.206175] pci 0000:00:18.1:   bridge window [mem 0xd9100000-0xd91fffff 64bit pref]
[    0.206594] pci 0000:00:18.2: PCI bridge to [bus 1d-1d]
[    0.206614] pci 0000:00:18.2:   bridge window [io  0xf000-0xffff]
[    0.206635] pci 0000:00:18.2:   bridge window [mem 0xcaf00000-0xcaffffff]
[    0.206674] pci 0000:00:18.2:   bridge window [mem 0xd9500000-0xd95fffff 64bit pref]
[    0.207088] pci 0000:00:18.3: PCI bridge to [bus 1e-1e]
[    0.207126] pci 0000:00:18.3:   bridge window [mem 0xcb300000-0xcb3fffff]
[    0.207166] pci 0000:00:18.3:   bridge window [mem 0xd9900000-0xd99fffff 64bit pref]
[    0.207584] pci 0000:00:18.4: PCI bridge to [bus 1f-1f]
[    0.207623] pci 0000:00:18.4:   bridge window [mem 0xcb700000-0xcb7fffff]
[    0.207674] pci 0000:00:18.4:   bridge window [mem 0xd9d00000-0xd9dfffff 64bit pref]
[    0.208087] pci 0000:00:18.5: PCI bridge to [bus 20-20]
[    0.208126] pci 0000:00:18.5:   bridge window [mem 0xcbb00000-0xcbbfffff]
[    0.208164] pci 0000:00:18.5:   bridge window [mem 0xda100000-0xda1fffff 64bit pref]
[    0.208597] pci 0000:00:18.6: PCI bridge to [bus 21-21]
[    0.208637] pci 0000:00:18.6:   bridge window [mem 0xcbf00000-0xcbffffff]
[    0.208676] pci 0000:00:18.6:   bridge window [mem 0xda500000-0xda5fffff 64bit pref]
[    0.209087] pci 0000:00:18.7: PCI bridge to [bus 22-22]
[    0.209126] pci 0000:00:18.7:   bridge window [mem 0xcc300000-0xcc3fffff]
[    0.209165] pci 0000:00:18.7:   bridge window [mem 0xda900000-0xda9fffff 64bit pref]
[    0.210707] pci_bus 0000:00: on NUMA node 0
[    0.210713] ACPI: PCI Interrupt Routing Table [\_SB_.PCI0._PRT]
[    0.211319]  pci0000:00: Requesting ACPI _OSC control (0x1d)
[    0.211516]  pci0000:00: ACPI _OSC control (0x15) granted
[    0.283098] ACPI: PCI Interrupt Link [LNKA] (IRQs 3 4 5 6 7 *9 10 11 14 15)
[    0.283164] ACPI: PCI Interrupt Link [LNKB] (IRQs 3 4 5 6 7 9 10 *11 14 15)
[    0.283228] ACPI: PCI Interrupt Link [LNKC] (IRQs 3 4 5 6 7 9 *10 11 14 15)
[    0.283289] ACPI: PCI Interrupt Link [LNKD] (IRQs 3 4 *5 6 7 9 10 11 14 15)
[    0.283417] vgaarb: device added: PCI:0000:00:0f.0,decodes=io+mem,owns=io+mem,locks=none
[    0.283426] vgaarb: loaded
[    0.283427] vgaarb: bridge control possible 0000:00:0f.0
[    0.283504] i2c-core: driver [aat2870] using legacy suspend method
[    0.283505] i2c-core: driver [aat2870] using legacy resume method
[    0.283566] SCSI subsystem initialized
[    0.283602] libata version 3.00 loaded.
[    0.283631] usbcore: registered new interface driver usbfs
[    0.283640] usbcore: registered new interface driver hub
[    0.283661] usbcore: registered new device driver usb
[    0.283722] PCI: Using ACPI for IRQ routing
[    0.349259] PCI: pci_cache_line_size set to 64 bytes
[    0.349280] pci 0000:00:18.2: no compatible bridge window for [io  0xf000-0xffff]
[    0.350271] reserve RAM buffer: 000000000009f000 - 000000000009ffff 
[    0.350273] reserve RAM buffer: 000000003fee0000 - 000000003fffffff 
[    0.350365] NetLabel: Initializing
[    0.350367] NetLabel:  domain hash size = 128
[    0.350368] NetLabel:  protocols = UNLABELED CIPSOv4
[    0.350375] NetLabel:  unlabeled traffic allowed by default
[    0.350503] hpet0: at MMIO 0xfed00000, IRQs 2, 8, 0, 0, 0, 0, 0, 0, 0, 0, 0, 0, 0, 0, 0, 0
[    0.350509] hpet0: 16 comparators, 64-bit 14.318180 MHz counter
[    0.353598] Switching to clocksource hpet
[    0.358974] AppArmor: AppArmor Filesystem Enabled
[    0.358993] pnp: PnP ACPI init
[    0.359008] ACPI: bus type pnp registered
[    0.359669] pnp 00:00: [bus 00-ff]
[    0.359672] pnp 00:00: [mem 0x000a0000-0x000bffff window]
[    0.359673] pnp 00:00: [mem 0x000c0000-0x000c3fff window]
[    0.359675] pnp 00:00: [mem 0x000c4000-0x000c7fff window]
[    0.359676] pnp 00:00: [mem 0x000c8000-0x000cbfff window]
[    0.359678] pnp 00:00: [mem 0x000cc000-0x000cffff window]
[    0.359679] pnp 00:00: [mem 0x000d0000-0x000d3fff window]
[    0.359681] pnp 00:00: [mem 0x000d4000-0x000d7fff window]
[    0.359682] pnp 00:00: [mem 0x000d8000-0x000dbfff window]
[    0.359683] pnp 00:00: [mem 0x000dc000-0x000dffff window]
[    0.359685] pnp 00:00: [mem 0x000e0000-0x000e3fff window]
[    0.359686] pnp 00:00: [mem 0x000e4000-0x000e7fff window]
[    0.359688] pnp 00:00: [mem 0x000e8000-0x000ebfff window]
[    0.359689] pnp 00:00: [mem 0x000ec000-0x000effff window]
[    0.359691] pnp 00:00: [mem 0xc0000000-0xfebfffff window]
[    0.359692] pnp 00:00: [io  0x0cf8-0x0cff]
[    0.359694] pnp 00:00: [io  0x0000-0x0cf7 window]
[    0.359695] pnp 00:00: [io  0x0d00-0xfeff window]
[    0.359733] pnp 00:00: Plug and Play ACPI device, IDs PNP0a03 PNP0a08 (active)
[    0.359794] pnp 00:01: [io  0x0010-0x001f]
[    0.359795] pnp 00:01: [io  0x0024-0x0025]
[    0.359796] pnp 00:01: [io  0x0028-0x0029]
[    0.359797] pnp 00:01: [io  0x002c-0x002d]
[    0.359798] pnp 00:01: [io  0x002e-0x002f]
[    0.359800] pnp 00:01: [io  0x0030-0x0031]
[    0.359801] pnp 00:01: [io  0x0034-0x0035]
[    0.359802] pnp 00:01: [io  0x0038-0x0039]
[    0.359803] pnp 00:01: [io  0x003c-0x003d]
[    0.359804] pnp 00:01: [io  0x0050-0x0053]
[    0.359805] pnp 00:01: [io  0x0072-0x0077]
[    0.359807] pnp 00:01: [io  0x0080]
[    0.359808] pnp 00:01: [io  0x0090-0x009f]
[    0.359809] pnp 00:01: [io  0x00a4-0x00a5]
[    0.359810] pnp 00:01: [io  0x00a8-0x00a9]
[    0.359811] pnp 00:01: [io  0x00ac-0x00ad]
[    0.359812] pnp 00:01: [io  0x00b0-0x00b5]
[    0.359813] pnp 00:01: [io  0x00b8-0x00b9]
[    0.359815] pnp 00:01: [io  0x00bc-0x00bd]
[    0.359816] pnp 00:01: [io  0x1000-0x103f]
[    0.359817] pnp 00:01: [io  0x1040-0x104f]
[    0.359818] pnp 00:01: [io  0x0cf0-0x0cf1]
[    0.359876] system 00:01: [io  0x1000-0x103f] has been reserved
[    0.359880] system 00:01: [io  0x1040-0x104f] has been reserved
[    0.359882] system 00:01: [io  0x0cf0-0x0cf1] has been reserved
[    0.359884] system 00:01: Plug and Play ACPI device, IDs PNP0c02 (active)
[    0.359891] pnp 00:02: [io  0x0000-0x000f]
[    0.359892] pnp 00:02: [io  0x0081-0x008f]
[    0.359893] pnp 00:02: [io  0x00c0-0x00df]
[    0.359895] pnp 00:02: [dma 4]
[    0.359910] pnp 00:02: Plug and Play ACPI device, IDs PNP0200 (active)
[    0.359916] pnp 00:03: [io  0x0020-0x0021]
[    0.359917] pnp 00:03: [io  0x00a0-0x00a1]
[    0.359918] pnp 00:03: [io  0x04d0-0x04d1]
[    0.359920] pnp 00:03: [irq 2 disabled]
[    0.359935] pnp 00:03: Plug and Play ACPI device, IDs PNP0001 (active)
[    0.359941] pnp 00:04: [io  0x0070-0x0071]
[    0.359943] pnp 00:04: [irq 8]
[    0.359955] pnp 00:04: Plug and Play ACPI device, IDs PNP0b00 (active)
[    0.359960] pnp 00:05: [io  0x0061]
[    0.359972] pnp 00:05: Plug and Play ACPI device, IDs PNP0800 (active)
[    0.359977] pnp 00:06: [io  0x0060]
[    0.359978] pnp 00:06: [io  0x0064]
[    0.359980] pnp 00:06: [irq 1]
[    0.359994] pnp 00:06: Plug and Play ACPI device, IDs PNP0303 (active)
[    0.359999] pnp 00:07: [irq 12]
[    0.360012] pnp 00:07: Plug and Play ACPI device, IDs PNP0f13 (active)
[    0.360178] pnp 00:08: [mem 0xfed00000-0xfed003ff]
[    0.360213] system 00:08: [mem 0xfed00000-0xfed003ff] has been reserved
[    0.360215] system 00:08: Plug and Play ACPI device, IDs PNP0103 PNP0c01 (active)
[    0.364367] pnp 00:09: [io  0x0378-0x037f]
[    0.364370] pnp 00:09: [irq 7]
[    0.365470] pnp 00:09: Plug and Play ACPI device, IDs PNP0400 (active)
[    0.369219] pnp 00:0a: [io  0x03f8-0x03ff]
[    0.369221] pnp 00:0a: [irq 4]
[    0.370298] pnp 00:0a: Plug and Play ACPI device, IDs PNP0501 (active)
[    0.373434] pnp 00:0b: [io  0x02f8-0x02ff]
[    0.373437] pnp 00:0b: [irq 3]
[    0.374541] pnp 00:0b: Plug and Play ACPI device, IDs PNP0501 (active)
[    0.379278] pnp 00:0c: [io  0x03f0-0x03f5]
[    0.379280] pnp 00:0c: [io  0x03f7]
[    0.379282] pnp 00:0c: [irq 6]
[    0.379283] pnp 00:0c: [dma 2]
[    0.380245] pnp 00:0c: Plug and Play ACPI device, IDs PNP0700 (active)
[    0.380400] pnp 00:0d: [mem 0xe0000000-0xefffffff]
[    0.380401] pnp 00:0d: [io  0x1060-0x107f]
[    0.380403] pnp 00:0d: [mem 0xc8200000-0xc83fffff]
[    0.380441] system 00:0d: [io  0x1060-0x107f] has been reserved
[    0.380444] system 00:0d: [mem 0xe0000000-0xefffffff] has been reserved
[    0.380446] system 00:0d: [mem 0xc8200000-0xc83fffff] has been reserved
[    0.380449] system 00:0d: Plug and Play ACPI device, IDs PNP0c02 (active)
[    0.384915] pnp: PnP ACPI: found 14 devices
[    0.384917] ACPI: ACPI bus type pnp unregistered
[    0.384920] PnPBIOS: Disabled by ACPI PNP
[    0.420570] PCI: max bus depth: 1 pci_try_num: 2
[    0.421610] pci 0000:00:0f.0: BAR 6: assigned [mem 0xc0000000-0xc0007fff pref]
[    0.421615] pci 0000:00:10.0: BAR 6: assigned [mem 0xc0008000-0xc000bfff pref]
[    0.421620] pci 0000:00:18.7: BAR 13: can't assign io (size 0x1000)
[    0.421623] pci 0000:00:18.6: BAR 13: can't assign io (size 0x1000)
[    0.421626] pci 0000:00:18.5: BAR 13: can't assign io (size 0x1000)
[    0.421629] pci 0000:00:18.4: BAR 13: can't assign io (size 0x1000)
[    0.421632] pci 0000:00:18.3: BAR 13: can't assign io (size 0x1000)
[    0.421635] pci 0000:00:18.2: BAR 13: can't assign io (size 0x1000)
[    0.421638] pci 0000:00:17.7: BAR 13: can't assign io (size 0x1000)
[    0.421641] pci 0000:00:17.6: BAR 13: can't assign io (size 0x1000)
[    0.421644] pci 0000:00:17.5: BAR 13: can't assign io (size 0x1000)
[    0.421647] pci 0000:00:17.4: BAR 13: can't assign io (size 0x1000)
[    0.421650] pci 0000:00:17.3: BAR 13: can't assign io (size 0x1000)
[    0.421653] pci 0000:00:16.7: BAR 13: can't assign io (size 0x1000)
[    0.421656] pci 0000:00:16.6: BAR 13: can't assign io (size 0x1000)
[    0.421659] pci 0000:00:16.5: BAR 13: can't assign io (size 0x1000)
[    0.421662] pci 0000:00:16.4: BAR 13: can't assign io (size 0x1000)
[    0.421665] pci 0000:00:16.3: BAR 13: can't assign io (size 0x1000)
[    0.421668] pci 0000:00:15.7: BAR 13: can't assign io (size 0x1000)
[    0.421671] pci 0000:00:15.6: BAR 13: can't assign io (size 0x1000)
[    0.421674] pci 0000:00:15.5: BAR 13: can't assign io (size 0x1000)
[    0.421677] pci 0000:00:15.4: BAR 13: can't assign io (size 0x1000)
[    0.421679] pci 0000:00:15.3: BAR 13: can't assign io (size 0x1000)
[    0.421682] pci 0000:00:01.0: PCI bridge to [bus 01-01]
[    0.421771] pci 0000:02:01.0: BAR 6: assigned [mem 0xd8400000-0xd840ffff pref]
[    0.421774] pci 0000:00:11.0: PCI bridge to [bus 02-02]
[    0.421786] pci 0000:00:11.0:   bridge window [io  0x2000-0x3fff]
[    0.421817] pci 0000:00:11.0:   bridge window [mem 0xc9000000-0xca3fffff]
[    0.421839] pci 0000:00:11.0:   bridge window [mem 0xd8400000-0xd89fffff 64bit pref]
[    0.421878] pci 0000:00:15.0: PCI bridge to [bus 03-03]
[    0.421891] pci 0000:00:15.0:   bridge window [io  0x4000-0x4fff]
[    0.421921] pci 0000:00:15.0:   bridge window [mem 0xca400000-0xca4fffff]
[    0.421942] pci 0000:00:15.0:   bridge window [mem 0xd8a00000-0xd8afffff 64bit pref]
[    0.421994] pci 0000:00:15.1: PCI bridge to [bus 04-04]
[    0.422006] pci 0000:00:15.1:   bridge window [io  0x8000-0x8fff]
[    0.422037] pci 0000:00:15.1:   bridge window [mem 0xca800000-0xca8fffff]
[    0.422058] pci 0000:00:15.1:   bridge window [mem 0xd8e00000-0xd8efffff 64bit pref]
[    0.422103] pci 0000:00:15.2: PCI bridge to [bus 05-05]
[    0.422116] pci 0000:00:15.2:   bridge window [io  0xc000-0xcfff]
[    0.422146] pci 0000:00:15.2:   bridge window [mem 0xcac00000-0xcacfffff]
[    0.422167] pci 0000:00:15.2:   bridge window [mem 0xd9200000-0xd92fffff 64bit pref]
[    0.422212] pci 0000:00:15.3: PCI bridge to [bus 06-06]
[    0.422242] pci 0000:00:15.3:   bridge window [mem 0xcb000000-0xcb0fffff]
[    0.422263] pci 0000:00:15.3:   bridge window [mem 0xd9600000-0xd96fffff 64bit pref]
[    0.422308] pci 0000:00:15.4: PCI bridge to [bus 07-07]
[    0.422338] pci 0000:00:15.4:   bridge window [mem 0xcb400000-0xcb4fffff]
[    0.422359] pci 0000:00:15.4:   bridge window [mem 0xd9a00000-0xd9afffff 64bit pref]
[    0.422403] pci 0000:00:15.5: PCI bridge to [bus 08-08]
[    0.422433] pci 0000:00:15.5:   bridge window [mem 0xcb800000-0xcb8fffff]
[    0.422455] pci 0000:00:15.5:   bridge window [mem 0xd9e00000-0xd9efffff 64bit pref]
[    0.422498] pci 0000:00:15.6: PCI bridge to [bus 09-09]
[    0.422529] pci 0000:00:15.6:   bridge window [mem 0xcbc00000-0xcbcfffff]
[    0.422550] pci 0000:00:15.6:   bridge window [mem 0xda200000-0xda2fffff 64bit pref]
[    0.422600] pci 0000:00:15.7: PCI bridge to [bus 0a-0a]
[    0.422631] pci 0000:00:15.7:   bridge window [mem 0xcc000000-0xcc0fffff]
[    0.422652] pci 0000:00:15.7:   bridge window [mem 0xda600000-0xda6fffff 64bit pref]
[    0.422696] pci 0000:00:16.0: PCI bridge to [bus 0b-0b]
[    0.422709] pci 0000:00:16.0:   bridge window [io  0x5000-0x5fff]
[    0.422739] pci 0000:00:16.0:   bridge window [mem 0xca500000-0xca5fffff]
[    0.422760] pci 0000:00:16.0:   bridge window [mem 0xd8b00000-0xd8bfffff 64bit pref]
[    0.422804] pci 0000:00:16.1: PCI bridge to [bus 0c-0c]
[    0.422817] pci 0000:00:16.1:   bridge window [io  0x9000-0x9fff]
[    0.422848] pci 0000:00:16.1:   bridge window [mem 0xca900000-0xca9fffff]
[    0.422868] pci 0000:00:16.1:   bridge window [mem 0xd8f00000-0xd8ffffff 64bit pref]
[    0.422912] pci 0000:00:16.2: PCI bridge to [bus 0d-0d]
[    0.422924] pci 0000:00:16.2:   bridge window [io  0xd000-0xdfff]
[    0.422955] pci 0000:00:16.2:   bridge window [mem 0xcad00000-0xcadfffff]
[    0.422976] pci 0000:00:16.2:   bridge window [mem 0xd9300000-0xd93fffff 64bit pref]
[    0.423020] pci 0000:00:16.3: PCI bridge to [bus 0e-0e]
[    0.423051] pci 0000:00:16.3:   bridge window [mem 0xcb100000-0xcb1fffff]
[    0.423072] pci 0000:00:16.3:   bridge window [mem 0xd9700000-0xd97fffff 64bit pref]
[    0.423115] pci 0000:00:16.4: PCI bridge to [bus 0f-0f]
[    0.423146] pci 0000:00:16.4:   bridge window [mem 0xcb500000-0xcb5fffff]
[    0.423167] pci 0000:00:16.4:   bridge window [mem 0xd9b00000-0xd9bfffff 64bit pref]
[    0.423211] pci 0000:00:16.5: PCI bridge to [bus 10-10]
[    0.423241] pci 0000:00:16.5:   bridge window [mem 0xcb900000-0xcb9fffff]
[    0.423263] pci 0000:00:16.5:   bridge window [mem 0xd9f00000-0xd9ffffff 64bit pref]
[    0.423306] pci 0000:00:16.6: PCI bridge to [bus 11-11]
[    0.423337] pci 0000:00:16.6:   bridge window [mem 0xcbd00000-0xcbdfffff]
[    0.423358] pci 0000:00:16.6:   bridge window [mem 0xda300000-0xda3fffff 64bit pref]
[    0.423402] pci 0000:00:16.7: PCI bridge to [bus 12-12]
[    0.423432] pci 0000:00:16.7:   bridge window [mem 0xcc100000-0xcc1fffff]
[    0.423453] pci 0000:00:16.7:   bridge window [mem 0xda700000-0xda7fffff 64bit pref]
[    0.423497] pci 0000:00:17.0: PCI bridge to [bus 13-13]
[    0.423509] pci 0000:00:17.0:   bridge window [io  0x6000-0x6fff]
[    0.423540] pci 0000:00:17.0:   bridge window [mem 0xca600000-0xca6fffff]
[    0.423561] pci 0000:00:17.0:   bridge window [mem 0xd8c00000-0xd8cfffff 64bit pref]
[    0.423613] pci 0000:00:17.1: PCI bridge to [bus 14-14]
[    0.423625] pci 0000:00:17.1:   bridge window [io  0xa000-0xafff]
[    0.423656] pci 0000:00:17.1:   bridge window [mem 0xcaa00000-0xcaafffff]
[    0.423678] pci 0000:00:17.1:   bridge window [mem 0xd9000000-0xd90fffff 64bit pref]
[    0.423721] pci 0000:00:17.2: PCI bridge to [bus 15-15]
[    0.423734] pci 0000:00:17.2:   bridge window [io  0xe000-0xefff]
[    0.423764] pci 0000:00:17.2:   bridge window [mem 0xcae00000-0xcaefffff]
[    0.423786] pci 0000:00:17.2:   bridge window [mem 0xd9400000-0xd94fffff 64bit pref]
[    0.423829] pci 0000:00:17.3: PCI bridge to [bus 16-16]
[    0.423859] pci 0000:00:17.3:   bridge window [mem 0xcb200000-0xcb2fffff]
[    0.423881] pci 0000:00:17.3:   bridge window [mem 0xd9800000-0xd98fffff 64bit pref]
[    0.423924] pci 0000:00:17.4: PCI bridge to [bus 17-17]
[    0.423955] pci 0000:00:17.4:   bridge window [mem 0xcb600000-0xcb6fffff]
[    0.423976] pci 0000:00:17.4:   bridge window [mem 0xd9c00000-0xd9cfffff 64bit pref]
[    0.424020] pci 0000:00:17.5: PCI bridge to [bus 18-18]
[    0.424050] pci 0000:00:17.5:   bridge window [mem 0xcba00000-0xcbafffff]
[    0.424072] pci 0000:00:17.5:   bridge window [mem 0xda000000-0xda0fffff 64bit pref]
[    0.424116] pci 0000:00:17.6: PCI bridge to [bus 19-19]
[    0.424146] pci 0000:00:17.6:   bridge window [mem 0xcbe00000-0xcbefffff]
[    0.424167] pci 0000:00:17.6:   bridge window [mem 0xda400000-0xda4fffff 64bit pref]
[    0.424211] pci 0000:00:17.7: PCI bridge to [bus 1a-1a]
[    0.424242] pci 0000:00:17.7:   bridge window [mem 0xcc200000-0xcc2fffff]
[    0.424263] pci 0000:00:17.7:   bridge window [mem 0xda800000-0xda8fffff 64bit pref]
[    0.424306] pci 0000:00:18.0: PCI bridge to [bus 1b-1b]
[    0.424319] pci 0000:00:18.0:   bridge window [io  0x7000-0x7fff]
[    0.424350] pci 0000:00:18.0:   bridge window [mem 0xca700000-0xca7fffff]
[    0.424371] pci 0000:00:18.0:   bridge window [mem 0xd8d00000-0xd8dfffff 64bit pref]
[    0.424415] pci 0000:00:18.1: PCI bridge to [bus 1c-1c]
[    0.424428] pci 0000:00:18.1:   bridge window [io  0xb000-0xbfff]
[    0.424459] pci 0000:00:18.1:   bridge window [mem 0xcab00000-0xcabfffff]
[    0.424480] pci 0000:00:18.1:   bridge window [mem 0xd9100000-0xd91fffff 64bit pref]
[    0.424523] pci 0000:00:18.2: PCI bridge to [bus 1d-1d]
[    0.424554] pci 0000:00:18.2:   bridge window [mem 0xcaf00000-0xcaffffff]
[    0.424583] pci 0000:00:18.2:   bridge window [mem 0xd9500000-0xd95fffff 64bit pref]
[    0.424628] pci 0000:00:18.3: PCI bridge to [bus 1e-1e]
[    0.424658] pci 0000:00:18.3:   bridge window [mem 0xcb300000-0xcb3fffff]
[    0.424679] pci 0000:00:18.3:   bridge window [mem 0xd9900000-0xd99fffff 64bit pref]
[    0.424723] pci 0000:00:18.4: PCI bridge to [bus 1f-1f]
[    0.424754] pci 0000:00:18.4:   bridge window [mem 0xcb700000-0xcb7fffff]
[    0.424775] pci 0000:00:18.4:   bridge window [mem 0xd9d00000-0xd9dfffff 64bit pref]
[    0.424819] pci 0000:00:18.5: PCI bridge to [bus 20-20]
[    0.424849] pci 0000:00:18.5:   bridge window [mem 0xcbb00000-0xcbbfffff]
[    0.424871] pci 0000:00:18.5:   bridge window [mem 0xda100000-0xda1fffff 64bit pref]
[    0.424914] pci 0000:00:18.6: PCI bridge to [bus 21-21]
[    0.424945] pci 0000:00:18.6:   bridge window [mem 0xcbf00000-0xcbffffff]
[    0.424966] pci 0000:00:18.6:   bridge window [mem 0xda500000-0xda5fffff 64bit pref]
[    0.425010] pci 0000:00:18.7: PCI bridge to [bus 22-22]
[    0.425041] pci 0000:00:18.7:   bridge window [mem 0xcc300000-0xcc3fffff]
[    0.425062] pci 0000:00:18.7:   bridge window [mem 0xda900000-0xda9fffff 64bit pref]
[    0.425139] pci 0000:00:01.0: setting latency timer to 64
[    0.425219] pci 0000:00:15.0: setting latency timer to 64
[    0.425269] pci 0000:00:15.1: setting latency timer to 64
[    0.425319] pci 0000:00:15.2: setting latency timer to 64
[    0.425369] pci 0000:00:15.3: setting latency timer to 64
[    0.425419] pci 0000:00:15.4: setting latency timer to 64
[    0.425469] pci 0000:00:15.5: setting latency timer to 64
[    0.425531] pci 0000:00:15.6: setting latency timer to 64
[    0.425590] pci 0000:00:15.7: setting latency timer to 64
[    0.425640] pci 0000:00:16.0: setting latency timer to 64
[    0.425690] pci 0000:00:16.1: setting latency timer to 64
[    0.425740] pci 0000:00:16.2: setting latency timer to 64
[    0.425790] pci 0000:00:16.3: setting latency timer to 64
[    0.425839] pci 0000:00:16.4: setting latency timer to 64
[    0.425889] pci 0000:00:16.5: setting latency timer to 64
[    0.425939] pci 0000:00:16.6: setting latency timer to 64
[    0.425989] pci 0000:00:16.7: setting latency timer to 64
[    0.426038] pci 0000:00:17.0: setting latency timer to 64
[    0.426088] pci 0000:00:17.1: setting latency timer to 64
[    0.426138] pci 0000:00:17.2: setting latency timer to 64
[    0.426187] pci 0000:00:17.3: setting latency timer to 64
[    0.426237] pci 0000:00:17.4: setting latency timer to 64
[    0.426287] pci 0000:00:17.5: setting latency timer to 64
[    0.426337] pci 0000:00:17.6: setting latency timer to 64
[    0.426386] pci 0000:00:17.7: setting latency timer to 64
[    0.426436] pci 0000:00:18.0: setting latency timer to 64
[    0.426485] pci 0000:00:18.1: setting latency timer to 64
[    0.426535] pci 0000:00:18.2: setting latency timer to 64
[    0.426590] pci 0000:00:18.3: setting latency timer to 64
[    0.426640] pci 0000:00:18.4: setting latency timer to 64
[    0.426690] pci 0000:00:18.5: setting latency timer to 64
[    0.426740] pci 0000:00:18.6: setting latency timer to 64
[    0.426790] pci 0000:00:18.7: setting latency timer to 64
[    0.426802] pci_bus 0000:00: resource 4 [mem 0x000a0000-0x000bffff]
[    0.426805] pci_bus 0000:00: resource 5 [mem 0x000cc000-0x000cffff]
[    0.426807] pci_bus 0000:00: resource 6 [mem 0x000d0000-0x000d3fff]
[    0.426809] pci_bus 0000:00: resource 7 [mem 0x000d4000-0x000d7fff]
[    0.426811] pci_bus 0000:00: resource 8 [mem 0x000d8000-0x000dbfff]
[    0.426813] pci_bus 0000:00: resource 9 [mem 0xc0000000-0xfebfffff]
[    0.426815] pci_bus 0000:00: resource 10 [io  0x0000-0x0cf7]
[    0.426817] pci_bus 0000:00: resource 11 [io  0x0d00-0xfeff]
[    0.426820] pci_bus 0000:02: resource 0 [io  0x2000-0x3fff]
[    0.426822] pci_bus 0000:02: resource 1 [mem 0xc9000000-0xca3fffff]
[    0.426824] pci_bus 0000:02: resource 2 [mem 0xd8400000-0xd89fffff 64bit pref]
[    0.426826] pci_bus 0000:02: resource 4 [mem 0x000a0000-0x000bffff]
[    0.426828] pci_bus 0000:02: resource 5 [mem 0x000cc000-0x000cffff]
[    0.426830] pci_bus 0000:02: resource 6 [mem 0x000d0000-0x000d3fff]
[    0.426832] pci_bus 0000:02: resource 7 [mem 0x000d4000-0x000d7fff]
[    0.426834] pci_bus 0000:02: resource 8 [mem 0x000d8000-0x000dbfff]
[    0.426836] pci_bus 0000:02: resource 9 [mem 0xc0000000-0xfebfffff]
[    0.426838] pci_bus 0000:02: resource 10 [io  0x0000-0x0cf7]
[    0.426840] pci_bus 0000:02: resource 11 [io  0x0d00-0xfeff]
[    0.426842] pci_bus 0000:03: resource 0 [io  0x4000-0x4fff]
[    0.426844] pci_bus 0000:03: resource 1 [mem 0xca400000-0xca4fffff]
[    0.426846] pci_bus 0000:03: resource 2 [mem 0xd8a00000-0xd8afffff 64bit pref]
[    0.426848] pci_bus 0000:04: resource 0 [io  0x8000-0x8fff]
[    0.426850] pci_bus 0000:04: resource 1 [mem 0xca800000-0xca8fffff]
[    0.426853] pci_bus 0000:04: resource 2 [mem 0xd8e00000-0xd8efffff 64bit pref]
[    0.426855] pci_bus 0000:05: resource 0 [io  0xc000-0xcfff]
[    0.426857] pci_bus 0000:05: resource 1 [mem 0xcac00000-0xcacfffff]
[    0.426859] pci_bus 0000:05: resource 2 [mem 0xd9200000-0xd92fffff 64bit pref]
[    0.426861] pci_bus 0000:06: resource 1 [mem 0xcb000000-0xcb0fffff]
[    0.426863] pci_bus 0000:06: resource 2 [mem 0xd9600000-0xd96fffff 64bit pref]
[    0.426865] pci_bus 0000:07: resource 1 [mem 0xcb400000-0xcb4fffff]
[    0.426868] pci_bus 0000:07: resource 2 [mem 0xd9a00000-0xd9afffff 64bit pref]
[    0.426870] pci_bus 0000:08: resource 1 [mem 0xcb800000-0xcb8fffff]
[    0.426872] pci_bus 0000:08: resource 2 [mem 0xd9e00000-0xd9efffff 64bit pref]
[    0.426874] pci_bus 0000:09: resource 1 [mem 0xcbc00000-0xcbcfffff]
[    0.426876] pci_bus 0000:09: resource 2 [mem 0xda200000-0xda2fffff 64bit pref]
[    0.426878] pci_bus 0000:0a: resource 1 [mem 0xcc000000-0xcc0fffff]
[    0.426880] pci_bus 0000:0a: resource 2 [mem 0xda600000-0xda6fffff 64bit pref]
[    0.426883] pci_bus 0000:0b: resource 0 [io  0x5000-0x5fff]
[    0.426885] pci_bus 0000:0b: resource 1 [mem 0xca500000-0xca5fffff]
[    0.426887] pci_bus 0000:0b: resource 2 [mem 0xd8b00000-0xd8bfffff 64bit pref]
[    0.426889] pci_bus 0000:0c: resource 0 [io  0x9000-0x9fff]
[    0.426891] pci_bus 0000:0c: resource 1 [mem 0xca900000-0xca9fffff]
[    0.426893] pci_bus 0000:0c: resource 2 [mem 0xd8f00000-0xd8ffffff 64bit pref]
[    0.426895] pci_bus 0000:0d: resource 0 [io  0xd000-0xdfff]
[    0.426897] pci_bus 0000:0d: resource 1 [mem 0xcad00000-0xcadfffff]
[    0.426899] pci_bus 0000:0d: resource 2 [mem 0xd9300000-0xd93fffff 64bit pref]
[    0.426902] pci_bus 0000:0e: resource 1 [mem 0xcb100000-0xcb1fffff]
[    0.426904] pci_bus 0000:0e: resource 2 [mem 0xd9700000-0xd97fffff 64bit pref]
[    0.426906] pci_bus 0000:0f: resource 1 [mem 0xcb500000-0xcb5fffff]
[    0.426908] pci_bus 0000:0f: resource 2 [mem 0xd9b00000-0xd9bfffff 64bit pref]
[    0.426910] pci_bus 0000:10: resource 1 [mem 0xcb900000-0xcb9fffff]
[    0.426912] pci_bus 0000:10: resource 2 [mem 0xd9f00000-0xd9ffffff 64bit pref]
[    0.426915] pci_bus 0000:11: resource 1 [mem 0xcbd00000-0xcbdfffff]
[    0.426917] pci_bus 0000:11: resource 2 [mem 0xda300000-0xda3fffff 64bit pref]
[    0.426919] pci_bus 0000:12: resource 1 [mem 0xcc100000-0xcc1fffff]
[    0.426921] pci_bus 0000:12: resource 2 [mem 0xda700000-0xda7fffff 64bit pref]
[    0.426923] pci_bus 0000:13: resource 0 [io  0x6000-0x6fff]
[    0.426925] pci_bus 0000:13: resource 1 [mem 0xca600000-0xca6fffff]
[    0.426927] pci_bus 0000:13: resource 2 [mem 0xd8c00000-0xd8cfffff 64bit pref]
[    0.426930] pci_bus 0000:14: resource 0 [io  0xa000-0xafff]
[    0.426931] pci_bus 0000:14: resource 1 [mem 0xcaa00000-0xcaafffff]
[    0.426934] pci_bus 0000:14: resource 2 [mem 0xd9000000-0xd90fffff 64bit pref]
[    0.426936] pci_bus 0000:15: resource 0 [io  0xe000-0xefff]
[    0.426938] pci_bus 0000:15: resource 1 [mem 0xcae00000-0xcaefffff]
[    0.426940] pci_bus 0000:15: resource 2 [mem 0xd9400000-0xd94fffff 64bit pref]
[    0.426942] pci_bus 0000:16: resource 1 [mem 0xcb200000-0xcb2fffff]
[    0.426944] pci_bus 0000:16: resource 2 [mem 0xd9800000-0xd98fffff 64bit pref]
[    0.426946] pci_bus 0000:17: resource 1 [mem 0xcb600000-0xcb6fffff]
[    0.426949] pci_bus 0000:17: resource 2 [mem 0xd9c00000-0xd9cfffff 64bit pref]
[    0.426951] pci_bus 0000:18: resource 1 [mem 0xcba00000-0xcbafffff]
[    0.426953] pci_bus 0000:18: resource 2 [mem 0xda000000-0xda0fffff 64bit pref]
[    0.426955] pci_bus 0000:19: resource 1 [mem 0xcbe00000-0xcbefffff]
[    0.426957] pci_bus 0000:19: resource 2 [mem 0xda400000-0xda4fffff 64bit pref]
[    0.426959] pci_bus 0000:1a: resource 1 [mem 0xcc200000-0xcc2fffff]
[    0.426962] pci_bus 0000:1a: resource 2 [mem 0xda800000-0xda8fffff 64bit pref]
[    0.426964] pci_bus 0000:1b: resource 0 [io  0x7000-0x7fff]
[    0.426966] pci_bus 0000:1b: resource 1 [mem 0xca700000-0xca7fffff]
[    0.426968] pci_bus 0000:1b: resource 2 [mem 0xd8d00000-0xd8dfffff 64bit pref]
[    0.426970] pci_bus 0000:1c: resource 0 [io  0xb000-0xbfff]
[    0.426972] pci_bus 0000:1c: resource 1 [mem 0xcab00000-0xcabfffff]
[    0.426974] pci_bus 0000:1c: resource 2 [mem 0xd9100000-0xd91fffff 64bit pref]
[    0.426976] pci_bus 0000:1d: resource 1 [mem 0xcaf00000-0xcaffffff]
[    0.426978] pci_bus 0000:1d: resource 2 [mem 0xd9500000-0xd95fffff 64bit pref]
[    0.426981] pci_bus 0000:1e: resource 1 [mem 0xcb300000-0xcb3fffff]
[    0.426983] pci_bus 0000:1e: resource 2 [mem 0xd9900000-0xd99fffff 64bit pref]
[    0.426985] pci_bus 0000:1f: resource 1 [mem 0xcb700000-0xcb7fffff]
[    0.426987] pci_bus 0000:1f: resource 2 [mem 0xd9d00000-0xd9dfffff 64bit pref]
[    0.426989] pci_bus 0000:20: resource 1 [mem 0xcbb00000-0xcbbfffff]
[    0.426991] pci_bus 0000:20: resource 2 [mem 0xda100000-0xda1fffff 64bit pref]
[    0.426993] pci_bus 0000:21: resource 1 [mem 0xcbf00000-0xcbffffff]
[    0.426996] pci_bus 0000:21: resource 2 [mem 0xda500000-0xda5fffff 64bit pref]
[    0.426998] pci_bus 0000:22: resource 1 [mem 0xcc300000-0xcc3fffff]
[    0.427000] pci_bus 0000:22: resource 2 [mem 0xda900000-0xda9fffff 64bit pref]
[    0.427034] NET: Registered protocol family 2
[    0.427073] IP route cache hash table entries: 32768 (order: 5, 131072 bytes)
[    0.427181] TCP established hash table entries: 131072 (order: 8, 1048576 bytes)
[    0.427288] TCP bind hash table entries: 65536 (order: 7, 524288 bytes)
[    0.427395] TCP: Hash tables configured (established 131072 bind 65536)
[    0.427398] TCP reno registered
[    0.427400] UDP hash table entries: 512 (order: 2, 16384 bytes)
[    0.427408] UDP-Lite hash table entries: 512 (order: 2, 16384 bytes)
[    0.427445] NET: Registered protocol family 1
[    0.427453] pci 0000:00:00.0: Limiting direct PCI/PCI transfers
[    0.427535] pci 0000:00:0f.0: Boot video device
[    0.427642] ACPI: PCI Interrupt Link [LNKC] enabled at IRQ 10
[    0.427646] PCI: setting IRQ 10 as level-triggered
[    0.427652] pci 0000:02:00.0: PCI INT A -> Link[LNKC] -> GSI 10 (level, low) -> IRQ 10
[    0.427757] pci 0000:02:00.0: PCI INT A disabled
[    0.427865] ACPI: PCI Interrupt Link [LNKB] enabled at IRQ 11
[    0.427867] PCI: setting IRQ 11 as level-triggered
[    0.427871] pci 0000:02:03.0: PCI INT A -> Link[LNKB] -> GSI 11 (level, low) -> IRQ 11
[    0.427930] pci 0000:02:03.0: PCI INT A disabled
[    0.427943] PCI: CLS 32 bytes, default 64
[    0.427984] Simple Boot Flag at 0x36 set to 0x1
[    0.427988] Switching to clocksource tsc
[    0.428200] audit: initializing netlink socket (disabled)
[    0.428207] type=2000 audit(1369653325.406:1): initialized
[    0.445626] Trying to unpack rootfs image as initramfs...
[    0.469743] highmem bounce pool size: 64 pages
[    0.469748] HugeTLB registered 2 MB page size, pre-allocated 0 pages
[    0.473639] VFS: Disk quotas dquot_6.5.2
[    0.473687] Dquot-cache hash table entries: 1024 (order 0, 4096 bytes)
[    0.473858] fuse init (API version 7.17)
[    0.473917] msgmni has been set to 1710
[    0.489576] Block layer SCSI generic (bsg) driver version 0.4 loaded (major 253)
[    0.489605] io scheduler noop registered
[    0.489607] io scheduler deadline registered
[    0.489613] io scheduler cfq registered (default)
[    0.489720] pcieport 0000:00:15.0: setting latency timer to 64
[    0.489828] pcieport 0000:00:15.0: irq 40 for MSI/MSI-X
[    0.489935] pcieport 0000:00:15.1: setting latency timer to 64
[    0.490042] pcieport 0000:00:15.1: irq 41 for MSI/MSI-X
[    0.490149] pcieport 0000:00:15.2: setting latency timer to 64
[    0.490257] pcieport 0000:00:15.2: irq 42 for MSI/MSI-X
[    0.490364] pcieport 0000:00:15.3: setting latency timer to 64
[    0.490471] pcieport 0000:00:15.3: irq 43 for MSI/MSI-X
[    0.490578] pcieport 0000:00:15.4: setting latency timer to 64
[    0.490685] pcieport 0000:00:15.4: irq 44 for MSI/MSI-X
[    0.490793] pcieport 0000:00:15.5: setting latency timer to 64
[    0.490900] pcieport 0000:00:15.5: irq 45 for MSI/MSI-X
[    0.491007] pcieport 0000:00:15.6: setting latency timer to 64
[    0.491114] pcieport 0000:00:15.6: irq 46 for MSI/MSI-X
[    0.491222] pcieport 0000:00:15.7: setting latency timer to 64
[    0.491329] pcieport 0000:00:15.7: irq 47 for MSI/MSI-X
[    0.491436] pcieport 0000:00:16.0: setting latency timer to 64
[    0.491543] pcieport 0000:00:16.0: irq 48 for MSI/MSI-X
[    0.491651] pcieport 0000:00:16.1: setting latency timer to 64
[    0.491758] pcieport 0000:00:16.1: irq 49 for MSI/MSI-X
[    0.491865] pcieport 0000:00:16.2: setting latency timer to 64
[    0.491972] pcieport 0000:00:16.2: irq 50 for MSI/MSI-X
[    0.492079] pcieport 0000:00:16.3: setting latency timer to 64
[    0.492187] pcieport 0000:00:16.3: irq 51 for MSI/MSI-X
[    0.492294] pcieport 0000:00:16.4: setting latency timer to 64
[    0.492401] pcieport 0000:00:16.4: irq 52 for MSI/MSI-X
[    0.492508] pcieport 0000:00:16.5: setting latency timer to 64
[    0.492616] pcieport 0000:00:16.5: irq 53 for MSI/MSI-X
[    0.492723] pcieport 0000:00:16.6: setting latency timer to 64
[    0.492830] pcieport 0000:00:16.6: irq 54 for MSI/MSI-X
[    0.492937] pcieport 0000:00:16.7: setting latency timer to 64
[    0.492993] pcieport 0000:00:16.7: irq 55 for MSI/MSI-X
[    0.493553] pcieport 0000:00:17.0: setting latency timer to 64
[    0.493660] pcieport 0000:00:17.0: irq 56 for MSI/MSI-X
[    0.493768] pcieport 0000:00:17.1: setting latency timer to 64
[    0.493875] pcieport 0000:00:17.1: irq 57 for MSI/MSI-X
[    0.493982] pcieport 0000:00:17.2: setting latency timer to 64
[    0.494089] pcieport 0000:00:17.2: irq 58 for MSI/MSI-X
[    0.494197] pcieport 0000:00:17.3: setting latency timer to 64
[    0.494304] pcieport 0000:00:17.3: irq 59 for MSI/MSI-X
[    0.494411] pcieport 0000:00:17.4: setting latency timer to 64
[    0.494518] pcieport 0000:00:17.4: irq 60 for MSI/MSI-X
[    0.494626] pcieport 0000:00:17.5: setting latency timer to 64
[    0.494733] pcieport 0000:00:17.5: irq 61 for MSI/MSI-X
[    0.494840] pcieport 0000:00:17.6: setting latency timer to 64
[    0.494947] pcieport 0000:00:17.6: irq 62 for MSI/MSI-X
[    0.495054] pcieport 0000:00:17.7: setting latency timer to 64
[    0.495162] pcieport 0000:00:17.7: irq 63 for MSI/MSI-X
[    0.495269] pcieport 0000:00:18.0: setting latency timer to 64
[    0.495376] pcieport 0000:00:18.0: irq 64 for MSI/MSI-X
[    0.495483] pcieport 0000:00:18.1: setting latency timer to 64
[    0.495591] pcieport 0000:00:18.1: irq 65 for MSI/MSI-X
[    0.495698] pcieport 0000:00:18.2: setting latency timer to 64
[    0.495805] pcieport 0000:00:18.2: irq 66 for MSI/MSI-X
[    0.495912] pcieport 0000:00:18.3: setting latency timer to 64
[    0.496020] pcieport 0000:00:18.3: irq 67 for MSI/MSI-X
[    0.496127] pcieport 0000:00:18.4: setting latency timer to 64
[    0.496234] pcieport 0000:00:18.4: irq 68 for MSI/MSI-X
[    0.496341] pcieport 0000:00:18.5: setting latency timer to 64
[    0.496449] pcieport 0000:00:18.5: irq 69 for MSI/MSI-X
[    0.496556] pcieport 0000:00:18.6: setting latency timer to 64
[    0.496663] pcieport 0000:00:18.6: irq 70 for MSI/MSI-X
[    0.496770] pcieport 0000:00:18.7: setting latency timer to 64
[    0.496877] pcieport 0000:00:18.7: irq 71 for MSI/MSI-X
[    0.496940] pcieport 0000:00:15.0: Signaling PME through PCIe PME interrupt
[    0.497417] pcie_pme 0000:00:15.0:pcie01: service driver pcie_pme loaded
[    0.501605] pcieport 0000:00:15.1: Signaling PME through PCIe PME interrupt
[    0.501629] pcie_pme 0000:00:15.1:pcie01: service driver pcie_pme loaded
[    0.501736] pcieport 0000:00:15.2: Signaling PME through PCIe PME interrupt
[    0.501759] pcie_pme 0000:00:15.2:pcie01: service driver pcie_pme loaded
[    0.501865] pcieport 0000:00:15.3: Signaling PME through PCIe PME interrupt
[    0.501887] pcie_pme 0000:00:15.3:pcie01: service driver pcie_pme loaded
[    0.501993] pcieport 0000:00:15.4: Signaling PME through PCIe PME interrupt
[    0.502016] pcie_pme 0000:00:15.4:pcie01: service driver pcie_pme loaded
[    0.502122] pcieport 0000:00:15.5: Signaling PME through PCIe PME interrupt
[    0.502144] pcie_pme 0000:00:15.5:pcie01: service driver pcie_pme loaded
[    0.502249] pcieport 0000:00:15.6: Signaling PME through PCIe PME interrupt
[    0.502272] pcie_pme 0000:00:15.6:pcie01: service driver pcie_pme loaded
[    0.502379] pcieport 0000:00:15.7: Signaling PME through PCIe PME interrupt
[    0.502402] pcie_pme 0000:00:15.7:pcie01: service driver pcie_pme loaded
[    0.502508] pcieport 0000:00:16.0: Signaling PME through PCIe PME interrupt
[    0.502530] pcie_pme 0000:00:16.0:pcie01: service driver pcie_pme loaded
[    0.502636] pcieport 0000:00:16.1: Signaling PME through PCIe PME interrupt
[    0.502659] pcie_pme 0000:00:16.1:pcie01: service driver pcie_pme loaded
[    0.502765] pcieport 0000:00:16.2: Signaling PME through PCIe PME interrupt
[    0.502787] pcie_pme 0000:00:16.2:pcie01: service driver pcie_pme loaded
[    0.502893] pcieport 0000:00:16.3: Signaling PME through PCIe PME interrupt
[    0.502915] pcie_pme 0000:00:16.3:pcie01: service driver pcie_pme loaded
[    0.503020] pcieport 0000:00:16.4: Signaling PME through PCIe PME interrupt
[    0.503042] pcie_pme 0000:00:16.4:pcie01: service driver pcie_pme loaded
[    0.503148] pcieport 0000:00:16.5: Signaling PME through PCIe PME interrupt
[    0.503171] pcie_pme 0000:00:16.5:pcie01: service driver pcie_pme loaded
[    0.503276] pcieport 0000:00:16.6: Signaling PME through PCIe PME interrupt
[    0.503372] pcie_pme 0000:00:16.6:pcie01: service driver pcie_pme loaded
[    0.503479] pcieport 0000:00:16.7: Signaling PME through PCIe PME interrupt
[    0.503502] pcie_pme 0000:00:16.7:pcie01: service driver pcie_pme loaded
[    0.503608] pcieport 0000:00:17.0: Signaling PME through PCIe PME interrupt
[    0.503631] pcie_pme 0000:00:17.0:pcie01: service driver pcie_pme loaded
[    0.503736] pcieport 0000:00:17.1: Signaling PME through PCIe PME interrupt
[    0.503759] pcie_pme 0000:00:17.1:pcie01: service driver pcie_pme loaded
[    0.503865] pcieport 0000:00:17.2: Signaling PME through PCIe PME interrupt
[    0.503887] pcie_pme 0000:00:17.2:pcie01: service driver pcie_pme loaded
[    0.503992] pcieport 0000:00:17.3: Signaling PME through PCIe PME interrupt
[    0.504015] pcie_pme 0000:00:17.3:pcie01: service driver pcie_pme loaded
[    0.504120] pcieport 0000:00:17.4: Signaling PME through PCIe PME interrupt
[    0.504143] pcie_pme 0000:00:17.4:pcie01: service driver pcie_pme loaded
[    0.504248] pcieport 0000:00:17.5: Signaling PME through PCIe PME interrupt
[    0.504270] pcie_pme 0000:00:17.5:pcie01: service driver pcie_pme loaded
[    0.504377] pcieport 0000:00:17.6: Signaling PME through PCIe PME interrupt
[    0.504401] pcie_pme 0000:00:17.6:pcie01: service driver pcie_pme loaded
[    0.504506] pcieport 0000:00:17.7: Signaling PME through PCIe PME interrupt
[    0.504529] pcie_pme 0000:00:17.7:pcie01: service driver pcie_pme loaded
[    0.504635] pcieport 0000:00:18.0: Signaling PME through PCIe PME interrupt
[    0.504657] pcie_pme 0000:00:18.0:pcie01: service driver pcie_pme loaded
[    0.504762] pcieport 0000:00:18.1: Signaling PME through PCIe PME interrupt
[    0.504785] pcie_pme 0000:00:18.1:pcie01: service driver pcie_pme loaded
[    0.504890] pcieport 0000:00:18.2: Signaling PME through PCIe PME interrupt
[    0.504912] pcie_pme 0000:00:18.2:pcie01: service driver pcie_pme loaded
[    0.505017] pcieport 0000:00:18.3: Signaling PME through PCIe PME interrupt
[    0.505040] pcie_pme 0000:00:18.3:pcie01: service driver pcie_pme loaded
[    0.505145] pcieport 0000:00:18.4: Signaling PME through PCIe PME interrupt
[    0.505167] pcie_pme 0000:00:18.4:pcie01: service driver pcie_pme loaded
[    0.505274] pcieport 0000:00:18.5: Signaling PME through PCIe PME interrupt
[    0.505298] pcie_pme 0000:00:18.5:pcie01: service driver pcie_pme loaded
[    0.509407] pcieport 0000:00:18.6: Signaling PME through PCIe PME interrupt
[    0.509436] pcie_pme 0000:00:18.6:pcie01: service driver pcie_pme loaded
[    0.509543] pcieport 0000:00:18.7: Signaling PME through PCIe PME interrupt
[    0.509566] pcie_pme 0000:00:18.7:pcie01: service driver pcie_pme loaded
[    0.509588] pci_hotplug: PCI Hot Plug PCI Core version: 0.5
[    0.509695] pciehp 0000:00:15.0:pcie04: HPC vendor_id 15ad device_id 7a0 ss_vid 15ad ss_did 7a0
[    0.509757] pciehp 0000:00:15.0:pcie04: service driver pciehp loaded
[    0.509820] pciehp 0000:00:15.1:pcie04: HPC vendor_id 15ad device_id 7a0 ss_vid 15ad ss_did 7a0
[    0.509880] pciehp 0000:00:15.1:pcie04: service driver pciehp loaded
[    0.509945] pciehp 0000:00:15.2:pcie04: HPC vendor_id 15ad device_id 7a0 ss_vid 15ad ss_did 7a0
[    0.510018] pciehp 0000:00:15.2:pcie04: service driver pciehp loaded
[    0.510081] pciehp 0000:00:15.3:pcie04: HPC vendor_id 15ad device_id 7a0 ss_vid 15ad ss_did 7a0
[    0.510140] pciehp 0000:00:15.3:pcie04: service driver pciehp loaded
[    0.510202] pciehp 0000:00:15.4:pcie04: HPC vendor_id 15ad device_id 7a0 ss_vid 15ad ss_did 7a0
[    0.510260] pciehp 0000:00:15.4:pcie04: service driver pciehp loaded
[    0.510323] pciehp 0000:00:15.5:pcie04: HPC vendor_id 15ad device_id 7a0 ss_vid 15ad ss_did 7a0
[    0.510385] pciehp 0000:00:15.5:pcie04: service driver pciehp loaded
[    0.510448] pciehp 0000:00:15.6:pcie04: HPC vendor_id 15ad device_id 7a0 ss_vid 15ad ss_did 7a0
[    0.510505] pciehp 0000:00:15.6:pcie04: service driver pciehp loaded
[    0.510568] pciehp 0000:00:15.7:pcie04: HPC vendor_id 15ad device_id 7a0 ss_vid 15ad ss_did 7a0
[    0.510626] pciehp 0000:00:15.7:pcie04: service driver pciehp loaded
[    0.510689] pciehp 0000:00:16.0:pcie04: HPC vendor_id 15ad device_id 7a0 ss_vid 15ad ss_did 7a0
[    0.510747] pciehp 0000:00:16.0:pcie04: service driver pciehp loaded
[    0.510810] pciehp 0000:00:16.1:pcie04: HPC vendor_id 15ad device_id 7a0 ss_vid 15ad ss_did 7a0
[    0.510868] pciehp 0000:00:16.1:pcie04: service driver pciehp loaded
[    0.510931] pciehp 0000:00:16.2:pcie04: HPC vendor_id 15ad device_id 7a0 ss_vid 15ad ss_did 7a0
[    0.510995] pciehp 0000:00:16.2:pcie04: service driver pciehp loaded
[    0.511071] pciehp 0000:00:16.3:pcie04: HPC vendor_id 15ad device_id 7a0 ss_vid 15ad ss_did 7a0
[    0.511130] pciehp 0000:00:16.3:pcie04: service driver pciehp loaded
[    0.511193] pciehp 0000:00:16.4:pcie04: HPC vendor_id 15ad device_id 7a0 ss_vid 15ad ss_did 7a0
[    0.511251] pciehp 0000:00:16.4:pcie04: service driver pciehp loaded
[    0.511314] pciehp 0000:00:16.5:pcie04: HPC vendor_id 15ad device_id 7a0 ss_vid 15ad ss_did 7a0
[    0.511372] pciehp 0000:00:16.5:pcie04: service driver pciehp loaded
[    0.511434] pciehp 0000:00:16.6:pcie04: HPC vendor_id 15ad device_id 7a0 ss_vid 15ad ss_did 7a0
[    0.511493] pciehp 0000:00:16.6:pcie04: service driver pciehp loaded
[    0.511556] pciehp 0000:00:16.7:pcie04: HPC vendor_id 15ad device_id 7a0 ss_vid 15ad ss_did 7a0
[    0.511614] pciehp 0000:00:16.7:pcie04: service driver pciehp loaded
[    0.511677] pciehp 0000:00:17.0:pcie04: HPC vendor_id 15ad device_id 7a0 ss_vid 15ad ss_did 7a0
[    0.511738] pciehp 0000:00:17.0:pcie04: service driver pciehp loaded
[    0.511801] pciehp 0000:00:17.1:pcie04: HPC vendor_id 15ad device_id 7a0 ss_vid 15ad ss_did 7a0
[    0.511859] pciehp 0000:00:17.1:pcie04: service driver pciehp loaded
[    0.511925] pciehp 0000:00:17.2:pcie04: HPC vendor_id 15ad device_id 7a0 ss_vid 15ad ss_did 7a0
[    0.511993] pciehp 0000:00:17.2:pcie04: service driver pciehp loaded
[    0.512056] pciehp 0000:00:17.3:pcie04: HPC vendor_id 15ad device_id 7a0 ss_vid 15ad ss_did 7a0
[    0.512115] pciehp 0000:00:17.3:pcie04: service driver pciehp loaded
[    0.512178] pciehp 0000:00:17.4:pcie04: HPC vendor_id 15ad device_id 7a0 ss_vid 15ad ss_did 7a0
[    0.512236] pciehp 0000:00:17.4:pcie04: service driver pciehp loaded
[    0.512299] pciehp 0000:00:17.5:pcie04: HPC vendor_id 15ad device_id 7a0 ss_vid 15ad ss_did 7a0
[    0.512360] pciehp 0000:00:17.5:pcie04: service driver pciehp loaded
[    0.512423] pciehp 0000:00:17.6:pcie04: HPC vendor_id 15ad device_id 7a0 ss_vid 15ad ss_did 7a0
[    0.512484] pciehp 0000:00:17.6:pcie04: service driver pciehp loaded
[    0.512547] pciehp 0000:00:17.7:pcie04: HPC vendor_id 15ad device_id 7a0 ss_vid 15ad ss_did 7a0
[    0.512605] pciehp 0000:00:17.7:pcie04: service driver pciehp loaded
[    0.512669] pciehp 0000:00:18.0:pcie04: HPC vendor_id 15ad device_id 7a0 ss_vid 15ad ss_did 7a0
[    0.512729] pciehp 0000:00:18.0:pcie04: service driver pciehp loaded
[    0.512792] pciehp 0000:00:18.1:pcie04: HPC vendor_id 15ad device_id 7a0 ss_vid 15ad ss_did 7a0
[    0.512851] pciehp 0000:00:18.1:pcie04: service driver pciehp loaded
[    0.512913] pciehp 0000:00:18.2:pcie04: HPC vendor_id 15ad device_id 7a0 ss_vid 15ad ss_did 7a0
[    0.513020] pciehp 0000:00:18.2:pcie04: service driver pciehp loaded
[    0.513088] pciehp 0000:00:18.3:pcie04: HPC vendor_id 15ad device_id 7a0 ss_vid 15ad ss_did 7a0
[    0.513148] pciehp 0000:00:18.3:pcie04: service driver pciehp loaded
[    0.513215] pciehp 0000:00:18.4:pcie04: HPC vendor_id 15ad device_id 7a0 ss_vid 15ad ss_did 7a0
[    0.513274] pciehp 0000:00:18.4:pcie04: service driver pciehp loaded
[    0.513337] pciehp 0000:00:18.5:pcie04: HPC vendor_id 15ad device_id 7a0 ss_vid 15ad ss_did 7a0
[    0.513408] pciehp 0000:00:18.5:pcie04: service driver pciehp loaded
[    0.517547] pciehp 0000:00:18.6:pcie04: HPC vendor_id 15ad device_id 7a0 ss_vid 15ad ss_did 7a0
[    0.517613] pciehp 0000:00:18.6:pcie04: service driver pciehp loaded
[    0.517678] pciehp 0000:00:18.7:pcie04: HPC vendor_id 15ad device_id 7a0 ss_vid 15ad ss_did 7a0
[    0.517738] pciehp 0000:00:18.7:pcie04: service driver pciehp loaded
[    0.517746] pciehp: PCI Express Hot Plug Controller Driver version: 0.4
[    0.517853] ACPI: Deprecated procfs I/F for AC is loaded, please retry with CONFIG_ACPI_PROCFS_POWER cleared
[    0.517948] ACPI: AC Adapter [ACAD] (on-line)
[    0.518019] input: Power Button as /devices/LNXSYSTM:00/LNXPWRBN:00/input/input0
[    0.518024] ACPI: Power Button [PWRF]
[    0.541532] ERST: Table is not found!
[    0.541536] GHES: HEST is not enabled!
[    0.541635] Serial: 8250/16550 driver, 32 ports, IRQ sharing enabled
[    0.565374] serial8250: ttyS0 at I/O 0x3f8 (irq = 4) is a 16550A
[    0.565413] isapnp: Scanning for PnP cards...
[    0.657406] serial8250: ttyS1 at I/O 0x2f8 (irq = 3) is a 16550A
[    0.701172] 00:0a: ttyS0 at I/O 0x3f8 (irq = 4) is a 16550A
[    0.789267] 00:0b: ttyS1 at I/O 0x2f8 (irq = 3) is a 16550A
[    0.809293] Linux agpgart interface v0.103
[    0.809400] agpgart-intel 0000:00:00.0: Intel 440BX Chipset
[    0.809540] agpgart-intel 0000:00:00.0: AGP aperture is 256M @ 0x0
[    0.813476] brd: module loaded
[    0.813967] loop: module loaded
[    0.814074] ata_piix 0000:00:07.1: version 2.13
[    0.857691] scsi0 : ata_piix
[    0.857767] scsi1 : ata_piix
[    0.857797] ata1: PATA max UDMA/33 cmd 0x1f0 ctl 0x3f6 bmdma 0x10c0 irq 14
[    0.857800] ata2: PATA max UDMA/33 cmd 0x170 ctl 0x376 bmdma 0x10c8 irq 15
[    0.857928] Fixed MDIO Bus: probed
[    0.857940] tun: Universal TUN/TAP device driver, 1.6
[    0.857942] tun: (C) 1999-2004 Max Krasnyansky <maxk@qualcomm.com>
[    0.857978] PPP generic driver version 2.4.2
[    0.858038] ehci_hcd: USB 2.0 'Enhanced' Host Controller (EHCI) Driver
[    0.858070] ehci_hcd 0000:02:03.0: PCI INT A -> Link[LNKB] -> GSI 11 (level, low) -> IRQ 11
[    0.858119] ehci_hcd 0000:02:03.0: EHCI Host Controller
[    0.858160] ehci_hcd 0000:02:03.0: new USB bus registered, assigned bus number 1
[    0.858266] ehci_hcd 0000:02:03.0: cache line size of 32 is not supported
[    0.858275] ehci_hcd 0000:02:03.0: irq 11, io mem 0xc9000000
[    0.904547] ehci_hcd 0000:02:03.0: USB 2.0 started, EHCI 1.00
[    0.980794] hub 1-0:1.0: USB hub found
[    0.980799] hub 1-0:1.0: 6 ports detected
[    0.980851] ohci_hcd: USB 1.1 'Open' Host Controller (OHCI) Driver
[    0.980865] uhci_hcd: USB Universal Host Controller Interface driver
[    0.980909] uhci_hcd 0000:02:00.0: PCI INT A -> Link[LNKC] -> GSI 10 (level, low) -> IRQ 10
[    0.980951] uhci_hcd 0000:02:00.0: UHCI Host Controller
[    0.980998] uhci_hcd 0000:02:00.0: new USB bus registered, assigned bus number 2
[    0.981106] uhci_hcd 0000:02:00.0: irq 10, io base 0x000020c0
[    0.981221] hub 2-0:1.0: USB hub found
[    0.981224] hub 2-0:1.0: 2 ports detected
[    0.981276] usbcore: registered new interface driver libusual
[    0.981314] i8042: PNP: PS/2 Controller [PNP0303:KBC,PNP0f13:MOUS] at 0x60,0x64 irq 1,12
[    0.981659] serio: i8042 KBD port at 0x60,0x64 irq 1
[    0.981667] serio: i8042 AUX port at 0x60,0x64 irq 12
[    0.984815] mousedev: PS/2 mouse device common for all mice
[    0.985102] rtc_cmos 00:04: rtc core: registered rtc_cmos as rtc0
[    0.985121] rtc0: alarms up to one month, y3k, 114 bytes nvram, hpet irqs
[    0.985167] device-mapper: uevent: version 1.0.3
[    0.985216] device-mapper: ioctl: 4.22.0-ioctl (2011-10-19) initialised: dm-devel@redhat.com
[    0.985241] EISA: Probing bus 0 at eisa.0
[    0.985243] EISA: Cannot allocate resource for mainboard
[    0.985245] Cannot allocate resource for EISA slot 1
[    0.985247] Cannot allocate resource for EISA slot 2
[    0.985248] Cannot allocate resource for EISA slot 3
[    0.985250] Cannot allocate resource for EISA slot 4
[    0.985251] Cannot allocate resource for EISA slot 5
[    0.985253] Cannot allocate resource for EISA slot 6
[    0.985254] Cannot allocate resource for EISA slot 7
[    0.985256] Cannot allocate resource for EISA slot 8
[    0.985258] EISA: Detected 0 cards.
[    0.985265] cpufreq-nforce2: No nForce2 chipset.
[    0.985267] cpuidle: using governor ladder
[    0.985269] cpuidle: using governor menu
[    0.985271] EFI Variables Facility v0.08 2004-May-17
[    0.985322] TCP cubic registered
[    0.985398] NET: Registered protocol family 10
[    0.985450] NET: Registered protocol family 17
[    0.985454] Registering the dns_resolver key type
[    0.985471] Using IPI No-Shortcut mode
[    0.985535] PM: Hibernation image not present or could not be loaded.
[    0.985543] registered taskstats version 1
[    0.985804] Freeing initrd memory: 13836k freed
[    0.986772] input: AT Translated Set 2 keyboard as /devices/platform/i8042/serio0/input/input1
[    1.036667]   Magic number: 13:906:277
[    1.036696] tty tty14: hash matches
[    1.056651] rtc_cmos 00:04: setting system clock to 2013-05-27 11:15:27 UTC (1369653327)
[    1.091906] BIOS EDD facility v0.16 2004-Jun-25, 0 devices found
[    1.091909] EDD information not available.
[    1.135546] ata2.00: ATAPI: VMware Virtual IDE CDROM Drive, 00000001, max UDMA/33
[    1.135822] ata2.00: configured for UDMA/33
[    1.179470] isapnp: No Plug & Play device found
[    1.179684] scsi 1:0:0:0: CD-ROM            NECVMWar VMware IDE CDR10 1.00 PQ: 0 ANSI: 5
[    1.180279] sr0: scsi3-mmc drive: 306x/306x cd/rw xa/form2 cdda tray
[    1.180282] cdrom: Uniform CD-ROM driver Revision: 3.20
[    1.180372] sr 1:0:0:0: Attached scsi CD-ROM sr0
[    1.180482] sr 1:0:0:0: Attached scsi generic sg0 type 5
[    1.180544] Freeing unused kernel memory: 740k freed
[    1.180596] Write protecting the kernel text: 5816k
[    1.180606] Write protecting the kernel read-only data: 2376k
[    1.180607] NX-protecting the kernel data: 4424k
[    1.191998] udevd[85]: starting version 175
[    1.212775] VMware vmxnet3 virtual NIC driver - version 1.1.29.0-k-NAPI
[    1.214925] VMware PVSCSI driver - version 1.0.1.0-k
[    1.220474] VMware vmxnet virtual NIC driver
[    1.220526] ACPI: PCI Interrupt Link [LNKD] enabled at IRQ 5
[    1.220529] PCI: setting IRQ 5 as level-triggered
[    1.220535] vmxnet 0000:02:01.0: PCI INT A -> Link[LNKD] -> GSI 5 (level, low) -> IRQ 5
[    1.220587] Found vmxnet/PCI at 0x2024, irq 5.
[    1.220638] features:
[    1.220650] numRxBuffers = 100, numRxBuffers2 = 1
[    1.220702] vmxnet 0000:02:01.0: eth0: set_features() failed (-1); wanted 0x00004000, left 0x00004800
[    1.241255] Fusion MPT base driver 3.04.20
[    1.241258] Copyright (c) 1999-2008 LSI Corporation
[    1.241442] Fusion MPT SPI Host driver 3.04.20
[    1.241490] mptspi 0000:00:10.0: PCI INT A -> Link[LNKB] -> GSI 11 (level, low) -> IRQ 11
[    1.247871] mptbase: ioc0: Initiating bringup
[    1.265503] Floppy drive(s): fd0 is 1.44M
[    1.280490] FDC 0 is a post-1991 82077
[    1.300243] usb 2-1: new full-speed USB device number 2 using uhci_hcd
[    1.316254] ioc0: LSI53C1030 B0: Capabilities={Initiator}
[    1.432550] input: VMware VMware Virtual USB Mouse as /devices/pci0000:00/0000:00:11.0/0000:02:00.0/usb2/2-1/2-1:1.0/input/input2
[    1.432743] generic-usb 0003:0E0F:0003.0001: input,hidraw0: USB HID v1.10 Mouse [VMware VMware Virtual USB Mouse] on usb-0000:02:00.0-1/input0
[    1.433267] input: VMware VMware Virtual USB Mouse as /devices/pci0000:00/0000:00:11.0/0000:02:00.0/usb2/2-1/2-1:1.1/input/input3
[    1.433418] generic-usb 0003:0E0F:0003.0002: input,hidraw1: USB HID v1.10 Mouse [VMware VMware Virtual USB Mouse] on usb-0000:02:00.0-1/input1
[    1.433542] usbcore: registered new interface driver usbhid
[    1.433545] usbhid: USB HID core driver
[    1.476066] scsi2 : ioc0: LSI53C1030 B0, FwRev=01032920h, Ports=1, MaxQ=128, IRQ=11
[    1.539904] usb 2-2: new full-speed USB device number 3 using uhci_hcd
[    1.588595] scsi 2:0:0:0: Direct-Access     VMware,  VMware Virtual S 1.0  PQ: 0 ANSI: 2
[    1.588604] scsi target2:0:0: Beginning Domain Validation
[    1.589171] scsi target2:0:0: Domain Validation skipping write tests
[    1.589174] scsi target2:0:0: Ending Domain Validation
[    1.589225] scsi target2:0:0: FAST-40 WIDE SCSI 80.0 MB/s ST (25 ns, offset 127)
[    1.591413] sd 2:0:0:0: [sda] 41943040 512-byte logical blocks: (21.4 GB/20.0 GiB)
[    1.591469] sd 2:0:0:0: [sda] Write Protect is off
[    1.591472] sd 2:0:0:0: [sda] Mode Sense: 61 00 00 00
[    1.591526] sd 2:0:0:0: [sda] Cache data unavailable
[    1.591529] sd 2:0:0:0: [sda] Assuming drive cache: write through
[    1.591833] sd 2:0:0:0: [sda] Cache data unavailable
[    1.591835] sd 2:0:0:0: [sda] Assuming drive cache: write through
[    1.592569] sd 2:0:0:0: Attached scsi generic sg1 type 0
[    1.593102]  sda: sda1 sda2 < sda5 >
[    1.593437] sd 2:0:0:0: [sda] Cache data unavailable
[    1.593440] sd 2:0:0:0: [sda] Assuming drive cache: write through
[    1.593442] sd 2:0:0:0: [sda] Attached SCSI disk
[    1.626744] EXT4-fs (sda1): INFO: recovery required on readonly filesystem
[    1.626748] EXT4-fs (sda1): write access will be enabled during recovery
[    1.678592] hub 2-2:1.0: USB hub found
[    1.680303] hub 2-2:1.0: 7 ports detected
[    1.774935] EXT4-fs (sda1): recovery complete
[    1.775483] EXT4-fs (sda1): mounted filesystem with ordered data mode. Opts: (null)
[    3.493869] ADDRCONF(NETDEV_UP): eth0: link is not ready
[    3.500505] udevd[327]: starting version 175
[    3.534626] Adding 1046524k swap on /dev/sda5.  Priority:-1 extents:1 across:1046524k 
[    3.543461] lp: driver loaded but no devices found
[    3.616801] shpchp: Standard Hot Plug PCI Controller Driver version: 0.4
[    3.637138] EXT4-fs (sda1): re-mounted. Opts: errors=remount-ro
[    3.639947] piix4_smbus 0000:00:07.3: Host SMBus controller not enabled!
[    3.644870] [376]: VMCI: shared components initialized.
[    3.644895] Probing for vmci/PCI.
[    3.645045] ACPI: PCI Interrupt Link [LNKA] enabled at IRQ 9
[    3.645047] PCI: setting IRQ 9 as level-triggered
[    3.645053] vmci 0000:00:07.7: PCI INT A -> Link[LNKA] -> GSI 9 (level, low) -> IRQ 9
[    3.645093] Found vmci/PCI at 0x1080, irq 9.
[    3.645127] VMCI: using capabilities 0xc.
[    3.645195] [376]: VMCI: Host capability check passed.
[    3.645447] vmci 0000:00:07.7: irq 72 for MSI/MSI-X
[    3.645478] vmci 0000:00:07.7: irq 73 for MSI/MSI-X
[    3.645671] Registered vmci device.
[    3.657177] [376]: VMCI: Using guest personality
[    3.657182] [376]: VMCI: host components initialized.
[    3.660103] [376]: VMCI: Module registered (name=vmci,major=10,minor=57).
[    3.660107] [376]: VMCI: Using host personality
[    3.660109] [376]: VMCI: Module (name=vmci) is initialized
[    3.742887] Bluetooth: Core ver 2.16
[    3.744100] NET: Registered protocol family 31
[    3.744104] Bluetooth: HCI device and connection manager initialized
[    3.744106] Bluetooth: HCI socket layer initialized
[    3.744108] Bluetooth: L2CAP socket layer initialized
[    3.744113] Bluetooth: SCO socket layer initialized
[    3.755375] Bluetooth: BNEP (Ethernet Emulation) ver 1.3
[    3.755378] Bluetooth: BNEP filters: protocol multicast
[    3.757097] ppdev: user-space parallel port driver
[    3.757742] parport_pc 00:09: reported by Plug and Play ACPI
[    3.757879] parport0: PC-style at 0x378, irq 7 [PCSPP,TRISTATE]
[    3.768883] Bluetooth: RFCOMM TTY layer initialized
[    3.768887] Bluetooth: RFCOMM socket layer initialized
[    3.768889] Bluetooth: RFCOMM ver 1.11
[    3.853031] lp0: using parport0 (interrupt-driven).
[    3.862373] type=1400 audit(1369653330.306:2): apparmor="STATUS" operation="profile_load" name="/usr/lib/cups/backend/cups-pdf" pid=592 comm="apparmor_parser"
[    3.862523] type=1400 audit(1369653330.306:3): apparmor="STATUS" operation="profile_load" name="/usr/sbin/cupsd" pid=592 comm="apparmor_parser"
[    3.901525] type=1400 audit(1369653330.346:4): apparmor="STATUS" operation="profile_load" name="/sbin/dhclient" pid=604 comm="apparmor_parser"
[    3.901667] type=1400 audit(1369653330.346:5): apparmor="STATUS" operation="profile_load" name="/usr/lib/NetworkManager/nm-dhcp-client.action" pid=604 comm="apparmor_parser"
[    3.901804] type=1400 audit(1369653330.346:6): apparmor="STATUS" operation="profile_load" name="/usr/lib/connman/scripts/dhclient-script" pid=604 comm="apparmor_parser"
[    4.020422] input: ImPS/2 Generic Wheel Mouse as /devices/platform/i8042/serio1/input/input4
[    4.174454] snd_ens1371 0000:02:02.0: PCI INT A -> Link[LNKA] -> GSI 9 (level, low) -> IRQ 9
[    4.228819] init: failsafe main process (679) killed by TERM signal
[    4.329622] type=1400 audit(1369653330.774:7): apparmor="STATUS" operation="profile_load" name="/usr/lib/lightdm/lightdm/lightdm-guest-session-wrapper" pid=805 comm="apparmor_parser"
[    4.333560] type=1400 audit(1369653330.778:8): apparmor="STATUS" operation="profile_replace" name="/sbin/dhclient" pid=806 comm="apparmor_parser"
[    4.333960] type=1400 audit(1369653330.778:9): apparmor="STATUS" operation="profile_replace" name="/usr/lib/NetworkManager/nm-dhcp-client.action" pid=806 comm="apparmor_parser"
[    4.334096] type=1400 audit(1369653330.778:10): apparmor="STATUS" operation="profile_replace" name="/usr/lib/connman/scripts/dhclient-script" pid=806 comm="apparmor_parser"
[    4.485557] init: alsa-restore main process (868) terminated with status 19
