[    0.000000] Initializing cgroup subsys cpuset
[    0.000000] Initializing cgroup subsys cpu
[    0.000000] Linux version 3.2.0-29-generic-pae (buildd@roseapple) (gcc version 4.6.3 (Ubuntu/Linaro 4.6.3-1ubuntu5) ) #46-Ubuntu SMP Fri Jul 27 17:25:43 UTC 2012 (Ubuntu 3.2.0-29.46-generic-pae 3.2.24)
[    0.000000] KERNEL supported cpus:
[    0.000000]   Intel GenuineIntel
[    0.000000]   AMD AuthenticAMD
[    0.000000]   NSC Geode by NSC
[    0.000000]   Cyrix CyrixInstead
[    0.000000]   Centaur CentaurHauls
[    0.000000]   Transmeta GenuineTMx86
[    0.000000]   Transmeta TransmetaCPU
[    0.000000]   UMC UMC UMC UMC
[    0.000000] Disabled fast string operations
[    0.000000] BIOS-provided physical RAM map:
[    0.000000]  BIOS-e820: 0000000000000000 - 000000000009f000 (usable)
[    0.000000]  BIOS-e820: 000000000009f000 - 00000000000a0000 (reserved)
[    0.000000]  BIOS-e820: 00000000000ca000 - 00000000000cc000 (reserved)
[    0.000000]  BIOS-e820: 00000000000dc000 - 0000000000100000 (reserved)
[    0.000000]  BIOS-e820: 0000000000100000 - 000000003fee0000 (usable)
[    0.000000]  BIOS-e820: 000000003fee0000 - 000000003feff000 (ACPI data)
[    0.000000]  BIOS-e820: 000000003feff000 - 000000003ff00000 (ACPI NVS)
[    0.000000]  BIOS-e820: 000000003ff00000 - 0000000040000000 (usable)
[    0.000000]  BIOS-e820: 00000000e0000000 - 00000000f0000000 (reserved)
[    0.000000]  BIOS-e820: 00000000fec00000 - 00000000fec10000 (reserved)
[    0.000000]  BIOS-e820: 00000000fee00000 - 00000000fee01000 (reserved)
[    0.000000]  BIOS-e820: 00000000fffe0000 - 0000000100000000 (reserved)
[    0.000000] NX (Execute Disable) protection: active
[    0.000000] DMI present.
[    0.000000] DMI: VMware, Inc. VMware Virtual Platform/440BX Desktop Reference Platform, BIOS 6.00 07/02/2012
[    0.000000] Hypervisor detected: VMware
[    0.000000] e820 update range: 0000000000000000 - 0000000000010000 (usable) ==> (reserved)
[    0.000000] e820 remove range: 00000000000a0000 - 0000000000100000 (usable)
[    0.000000] last_pfn = 0x40000 max_arch_pfn = 0x1000000
[    0.000000] MTRR default type: uncachable
[    0.000000] MTRR fixed ranges enabled:
[    0.000000]   00000-9FFFF write-back
[    0.000000]   A0000-BFFFF uncachable
[    0.000000]   C0000-CBFFF write-protect
[    0.000000]   CC000-EFFFF uncachable
[    0.000000]   F0000-FFFFF write-protect
[    0.000000] MTRR variable ranges enabled:
[    0.000000]   0 base 0000000000 mask FFC0000000 write-back
[    0.000000]   1 disabled
[    0.000000]   2 disabled
[    0.000000]   3 disabled
[    0.000000]   4 disabled
[    0.000000]   5 disabled
[    0.000000]   6 disabled
[    0.000000]   7 disabled
[    0.000000] x86 PAT enabled: cpu 0, old 0x0, new 0x7010600070106
[    0.000000] found SMP MP-table at [c00f6bf0] f6bf0
[    0.000000] initial memory mapped : 0 - 02000000
[    0.000000] Base memory trampoline at [c009b000] 9b000 size 16384
[    0.000000] init_memory_mapping: 0000000000000000-0000000037bfe000
[    0.000000]  0000000000 - 0000200000 page 4k
[    0.000000]  0000200000 - 0037a00000 page 2M
[    0.000000]  0037a00000 - 0037bfe000 page 4k
[    0.000000] kernel direct mapping tables up to 37bfe000 @ 1ffb000-2000000
[    0.000000] RAMDISK: 364ea000 - 3726d000
[    0.000000] ACPI: RSDP 000f6b80 00024 (v02 PTLTD )
[    0.000000] ACPI: XSDT 3feed636 0005C (v01 INTEL  440BX    06040000 VMW  01324272)
[    0.000000] ACPI: FACP 3fefee98 000F4 (v04 INTEL  440BX    06040000 PTL  000F4240)
[    0.000000] ACPI: DSDT 3feee366 10B32 (v01 PTLTD  Custom   06040000 MSFT 03000001)
[    0.000000] ACPI: FACS 3fefffc0 00040
[    0.000000] ACPI: BOOT 3feee33e 00028 (v01 PTLTD  $SBFTBL$ 06040000  LTP 00000001)
[    0.000000] ACPI: APIC 3feedc3e 003C2 (v01 PTLTD  ? APIC   06040000  LTP 00000000)
[    0.000000] ACPI: MCFG 3feedc02 0003C (v01 PTLTD  $PCITBL$ 06040000  LTP 00000001)
[    0.000000] ACPI: SRAT 3feed732 004D0 (v02 VMWARE MEMPLUG  06040000 VMW  00000001)
[    0.000000] ACPI: HPET 3feed6fa 00038 (v01 VMWARE VMW HPET 06040000 VMW  00000001)
[    0.000000] ACPI: WAET 3feed6d2 00028 (v01 VMWARE VMW WAET 06040000 VMW  00000001)
[    0.000000] ACPI: Local APIC address 0xfee00000
[    0.000000] 132MB HIGHMEM available.
[    0.000000] 891MB LOWMEM available.
[    0.000000]   mapped low ram: 0 - 37bfe000
[    0.000000]   low ram: 0 - 37bfe000
[    0.000000] Zone PFN ranges:
[    0.000000]   DMA      0x00000010 -> 0x00001000
[    0.000000]   Normal   0x00001000 -> 0x00037bfe
[    0.000000]   HighMem  0x00037bfe -> 0x00040000
[    0.000000] Movable zone start PFN for each node
[    0.000000] early_node_map[3] active PFN ranges
[    0.000000]     0: 0x00000010 -> 0x0000009f
[    0.000000]     0: 0x00000100 -> 0x0003fee0
[    0.000000]     0: 0x0003ff00 -> 0x00040000
[    0.000000] On node 0 totalpages: 261999
[    0.000000] free_area_init_node: node 0, pgdat c1866a40, node_mem_map f73fd200
[    0.000000]   DMA zone: 32 pages used for memmap
[    0.000000]   DMA zone: 0 pages reserved
[    0.000000]   DMA zone: 3951 pages, LIFO batch:0
[    0.000000]   Normal zone: 1752 pages used for memmap
[    0.000000]   Normal zone: 222502 pages, LIFO batch:31
[    0.000000]   HighMem zone: 265 pages used for memmap
[    0.000000]   HighMem zone: 33497 pages, LIFO batch:7
[    0.000000] Using APIC driver default
[    0.000000] ACPI: PM-Timer IO Port: 0x1008
[    0.000000] ACPI: Local APIC address 0xfee00000
[    0.000000] ACPI: LAPIC (acpi_id[0x00] lapic_id[0x00] enabled)
[    0.000000] ACPI: LAPIC (acpi_id[0x01] lapic_id[0x02] disabled)
[    0.000000] ACPI: LAPIC (acpi_id[0x02] lapic_id[0x04] disabled)
[    0.000000] ACPI: LAPIC (acpi_id[0x03] lapic_id[0x06] disabled)
[    0.000000] ACPI: LAPIC (acpi_id[0x04] lapic_id[0x08] disabled)
[    0.000000] ACPI: LAPIC (acpi_id[0x05] lapic_id[0x0a] disabled)
[    0.000000] ACPI: LAPIC (acpi_id[0x06] lapic_id[0x0c] disabled)
[    0.000000] ACPI: LAPIC (acpi_id[0x07] lapic_id[0x0e] disabled)
[    0.000000] ACPI: LAPIC (acpi_id[0x08] lapic_id[0x10] disabled)
[    0.000000] ACPI: LAPIC (acpi_id[0x09] lapic_id[0x12] disabled)
[    0.000000] ACPI: LAPIC (acpi_id[0x0a] lapic_id[0x14] disabled)
[    0.000000] ACPI: LAPIC (acpi_id[0x0b] lapic_id[0x16] disabled)
[    0.000000] ACPI: LAPIC (acpi_id[0x0c] lapic_id[0x18] disabled)
[    0.000000] ACPI: LAPIC (acpi_id[0x0d] lapic_id[0x1a] disabled)
[    0.000000] ACPI: LAPIC (acpi_id[0x0e] lapic_id[0x1c] disabled)
[    0.000000] ACPI: LAPIC (acpi_id[0x0f] lapic_id[0x1e] disabled)
[    0.000000] ACPI: LAPIC (acpi_id[0x10] lapic_id[0x20] disabled)
[    0.000000] ACPI: LAPIC (acpi_id[0x11] lapic_id[0x22] disabled)
[    0.000000] ACPI: LAPIC (acpi_id[0x12] lapic_id[0x24] disabled)
[    0.000000] ACPI: LAPIC (acpi_id[0x13] lapic_id[0x26] disabled)
[    0.000000] ACPI: LAPIC (acpi_id[0x14] lapic_id[0x28] disabled)
[    0.000000] ACPI: LAPIC (acpi_id[0x15] lapic_id[0x2a] disabled)
[    0.000000] ACPI: LAPIC (acpi_id[0x16] lapic_id[0x2c] disabled)
[    0.000000] ACPI: LAPIC (acpi_id[0x17] lapic_id[0x2e] disabled)
[    0.000000] ACPI: LAPIC (acpi_id[0x18] lapic_id[0x30] disabled)
[    0.000000] ACPI: LAPIC (acpi_id[0x19] lapic_id[0x32] disabled)
[    0.000000] ACPI: LAPIC (acpi_id[0x1a] lapic_id[0x34] disabled)
[    0.000000] ACPI: LAPIC (acpi_id[0x1b] lapic_id[0x36] disabled)
[    0.000000] ACPI: LAPIC (acpi_id[0x1c] lapic_id[0x38] disabled)
[    0.000000] ACPI: LAPIC (acpi_id[0x1d] lapic_id[0x3a] disabled)
[    0.000000] ACPI: LAPIC (acpi_id[0x1e] lapic_id[0x3c] disabled)
[    0.000000] ACPI: LAPIC (acpi_id[0x1f] lapic_id[0x3e] disabled)
[    0.000000] ACPI: LAPIC (acpi_id[0x20] lapic_id[0x40] disabled)
[    0.000000] ACPI: LAPIC (acpi_id[0x21] lapic_id[0x42] disabled)
[    0.000000] ACPI: LAPIC (acpi_id[0x22] lapic_id[0x44] disabled)
[    0.000000] ACPI: LAPIC (acpi_id[0x23] lapic_id[0x46] disabled)
[    0.000000] ACPI: LAPIC (acpi_id[0x24] lapic_id[0x48] disabled)
[    0.000000] ACPI: LAPIC (acpi_id[0x25] lapic_id[0x4a] disabled)
[    0.000000] ACPI: LAPIC (acpi_id[0x26] lapic_id[0x4c] disabled)
[    0.000000] ACPI: LAPIC (acpi_id[0x27] lapic_id[0x4e] disabled)
[    0.000000] ACPI: LAPIC (acpi_id[0x28] lapic_id[0x50] disabled)
[    0.000000] ACPI: LAPIC (acpi_id[0x29] lapic_id[0x52] disabled)
[    0.000000] ACPI: LAPIC (acpi_id[0x2a] lapic_id[0x54] disabled)
[    0.000000] ACPI: LAPIC (acpi_id[0x2b] lapic_id[0x56] disabled)
[    0.000000] ACPI: LAPIC (acpi_id[0x2c] lapic_id[0x58] disabled)
[    0.000000] ACPI: LAPIC (acpi_id[0x2d] lapic_id[0x5a] disabled)
[    0.000000] ACPI: LAPIC (acpi_id[0x2e] lapic_id[0x5c] disabled)
[    0.000000] ACPI: LAPIC (acpi_id[0x2f] lapic_id[0x5e] disabled)
[    0.000000] ACPI: LAPIC (acpi_id[0x30] lapic_id[0x60] disabled)
[    0.000000] ACPI: LAPIC (acpi_id[0x31] lapic_id[0x62] disabled)
[    0.000000] ACPI: LAPIC (acpi_id[0x32] lapic_id[0x64] disabled)
[    0.000000] ACPI: LAPIC (acpi_id[0x33] lapic_id[0x66] disabled)
[    0.000000] ACPI: LAPIC (acpi_id[0x34] lapic_id[0x68] disabled)
[    0.000000] ACPI: LAPIC (acpi_id[0x35] lapic_id[0x6a] disabled)
[    0.000000] ACPI: LAPIC (acpi_id[0x36] lapic_id[0x6c] disabled)
[    0.000000] ACPI: LAPIC (acpi_id[0x37] lapic_id[0x6e] disabled)
[    0.000000] ACPI: LAPIC (acpi_id[0x38] lapic_id[0x70] disabled)
[    0.000000] ACPI: LAPIC (acpi_id[0x39] lapic_id[0x72] disabled)
[    0.000000] ACPI: LAPIC (acpi_id[0x3a] lapic_id[0x74] disabled)
[    0.000000] ACPI: LAPIC (acpi_id[0x3b] lapic_id[0x76] disabled)
[    0.000000] ACPI: LAPIC (acpi_id[0x3c] lapic_id[0x78] disabled)
[    0.000000] ACPI: LAPIC (acpi_id[0x3d] lapic_id[0x7a] disabled)
[    0.000000] ACPI: LAPIC (acpi_id[0x3e] lapic_id[0x7c] disabled)
[    0.000000] ACPI: LAPIC (acpi_id[0x3f] lapic_id[0x7e] disabled)
[    0.000000] ACPI: LAPIC_NMI (acpi_id[0x00] high edge lint[0x1])
[    0.000000] ACPI: LAPIC_NMI (acpi_id[0x01] high edge lint[0x1])
[    0.000000] ACPI: LAPIC_NMI (acpi_id[0x02] high edge lint[0x1])
[    0.000000] ACPI: LAPIC_NMI (acpi_id[0x03] high edge lint[0x1])
[    0.000000] ACPI: LAPIC_NMI (acpi_id[0x04] high edge lint[0x1])
[    0.000000] ACPI: LAPIC_NMI (acpi_id[0x05] high edge lint[0x1])
[    0.000000] ACPI: LAPIC_NMI (acpi_id[0x06] high edge lint[0x1])
[    0.000000] ACPI: LAPIC_NMI (acpi_id[0x07] high edge lint[0x1])
[    0.000000] ACPI: LAPIC_NMI (acpi_id[0x08] high edge lint[0x1])
[    0.000000] ACPI: LAPIC_NMI (acpi_id[0x09] high edge lint[0x1])
[    0.000000] ACPI: LAPIC_NMI (acpi_id[0x0a] high edge lint[0x1])
[    0.000000] ACPI: LAPIC_NMI (acpi_id[0x0b] high edge lint[0x1])
[    0.000000] ACPI: LAPIC_NMI (acpi_id[0x0c] high edge lint[0x1])
[    0.000000] ACPI: LAPIC_NMI (acpi_id[0x0d] high edge lint[0x1])
[    0.000000] ACPI: LAPIC_NMI (acpi_id[0x0e] high edge lint[0x1])
[    0.000000] ACPI: LAPIC_NMI (acpi_id[0x0f] high edge lint[0x1])
[    0.000000] ACPI: LAPIC_NMI (acpi_id[0x10] high edge lint[0x1])
[    0.000000] ACPI: LAPIC_NMI (acpi_id[0x11] high edge lint[0x1])
[    0.000000] ACPI: LAPIC_NMI (acpi_id[0x12] high edge lint[0x1])
[    0.000000] ACPI: LAPIC_NMI (acpi_id[0x13] high edge lint[0x1])
[    0.000000] ACPI: LAPIC_NMI (acpi_id[0x14] high edge lint[0x1])
[    0.000000] ACPI: LAPIC_NMI (acpi_id[0x15] high edge lint[0x1])
[    0.000000] ACPI: LAPIC_NMI (acpi_id[0x16] high edge lint[0x1])
[    0.000000] ACPI: LAPIC_NMI (acpi_id[0x17] high edge lint[0x1])
[    0.000000] ACPI: LAPIC_NMI (acpi_id[0x18] high edge lint[0x1])
[    0.000000] ACPI: LAPIC_NMI (acpi_id[0x19] high edge lint[0x1])
[    0.000000] ACPI: LAPIC_NMI (acpi_id[0x1a] high edge lint[0x1])
[    0.000000] ACPI: LAPIC_NMI (acpi_id[0x1b] high edge lint[0x1])
[    0.000000] ACPI: LAPIC_NMI (acpi_id[0x1c] high edge lint[0x1])
[    0.000000] ACPI: LAPIC_NMI (acpi_id[0x1d] high edge lint[0x1])
[    0.000000] ACPI: LAPIC_NMI (acpi_id[0x1e] high edge lint[0x1])
[    0.000000] ACPI: LAPIC_NMI (acpi_id[0x1f] high edge lint[0x1])
[    0.000000] ACPI: LAPIC_NMI (acpi_id[0x20] high edge lint[0x1])
[    0.000000] ACPI: LAPIC_NMI (acpi_id[0x21] high edge lint[0x1])
[    0.000000] ACPI: LAPIC_NMI (acpi_id[0x22] high edge lint[0x1])
[    0.000000] ACPI: LAPIC_NMI (acpi_id[0x23] high edge lint[0x1])
[    0.000000] ACPI: LAPIC_NMI (acpi_id[0x24] high edge lint[0x1])
[    0.000000] ACPI: LAPIC_NMI (acpi_id[0x25] high edge lint[0x1])
[    0.000000] ACPI: LAPIC_NMI (acpi_id[0x26] high edge lint[0x1])
[    0.000000] ACPI: LAPIC_NMI (acpi_id[0x27] high edge lint[0x1])
[    0.000000] ACPI: LAPIC_NMI (acpi_id[0x28] high edge lint[0x1])
[    0.000000] ACPI: LAPIC_NMI (acpi_id[0x29] high edge lint[0x1])
[    0.000000] ACPI: LAPIC_NMI (acpi_id[0x2a] high edge lint[0x1])
[    0.000000] ACPI: LAPIC_NMI (acpi_id[0x2b] high edge lint[0x1])
[    0.000000] ACPI: LAPIC_NMI (acpi_id[0x2c] high edge lint[0x1])
[    0.000000] ACPI: LAPIC_NMI (acpi_id[0x2d] high edge lint[0x1])
[    0.000000] ACPI: LAPIC_NMI (acpi_id[0x2e] high edge lint[0x1])
[    0.000000] ACPI: LAPIC_NMI (acpi_id[0x2f] high edge lint[0x1])
[    0.000000] ACPI: LAPIC_NMI (acpi_id[0x30] high edge lint[0x1])
[    0.000000] ACPI: LAPIC_NMI (acpi_id[0x31] high edge lint[0x1])
[    0.000000] ACPI: LAPIC_NMI (acpi_id[0x32] high edge lint[0x1])
[    0.000000] ACPI: LAPIC_NMI (acpi_id[0x33] high edge lint[0x1])
[    0.000000] ACPI: LAPIC_NMI (acpi_id[0x34] high edge lint[0x1])
[    0.000000] ACPI: LAPIC_NMI (acpi_id[0x35] high edge lint[0x1])
[    0.000000] ACPI: LAPIC_NMI (acpi_id[0x36] high edge lint[0x1])
[    0.000000] ACPI: LAPIC_NMI (acpi_id[0x37] high edge lint[0x1])
[    0.000000] ACPI: LAPIC_NMI (acpi_id[0x38] high edge lint[0x1])
[    0.000000] ACPI: LAPIC_NMI (acpi_id[0x39] high edge lint[0x1])
[    0.000000] ACPI: LAPIC_NMI (acpi_id[0x3a] high edge lint[0x1])
[    0.000000] ACPI: LAPIC_NMI (acpi_id[0x3b] high edge lint[0x1])
[    0.000000] ACPI: LAPIC_NMI (acpi_id[0x3c] high edge lint[0x1])
[    0.000000] ACPI: LAPIC_NMI (acpi_id[0x3d] high edge lint[0x1])
[    0.000000] ACPI: LAPIC_NMI (acpi_id[0x3e] high edge lint[0x1])
[    0.000000] ACPI: LAPIC_NMI (acpi_id[0x3f] high edge lint[0x1])
[    0.000000] ACPI: Skipping IOAPIC probe due to 'noapic' option.
[    0.000000] Using ACPI for processor (LAPIC) configuration information
[    0.000000] ACPI: HPET id: 0x8086af01 base: 0xfed00000
[    0.000000] Intel MultiProcessor Specification v1.4
[    0.000000]     Virtual Wire compatibility mode.
[    0.000000] MPTABLE: OEM ID: INTEL   
[    0.000000] MPTABLE: Product ID: 440BX       
[    0.000000] MPTABLE: APIC at: 0xFEE00000
[    0.000000] IOAPIC[0]: apic_id 1, version 17, address 0xfec00000, GSI 0-23
[    0.000000] Processors: 1
[    0.000000] SMP: Allowing 1 CPUs, 0 hotplug CPUs
[    0.000000] nr_irqs_gsi: 40
[    0.000000] PM: Registered nosave memory: 000000000009f000 - 00000000000a0000
[    0.000000] PM: Registered nosave memory: 00000000000a0000 - 00000000000ca000
[    0.000000] PM: Registered nosave memory: 00000000000ca000 - 00000000000cc000
[    0.000000] PM: Registered nosave memory: 00000000000cc000 - 00000000000dc000
[    0.000000] PM: Registered nosave memory: 00000000000dc000 - 0000000000100000
[    0.000000] Allocating PCI resources starting at 40000000 (gap: 40000000:a0000000)
[    0.000000] Booting paravirtualized kernel on bare hardware
[    0.000000] setup_percpu: NR_CPUS:8 nr_cpumask_bits:8 nr_cpu_ids:1 nr_node_ids:1
[    0.000000] PERCPU: Embedded 14 pages/cpu @f73e8000 s34240 r0 d23104 u57344
[    0.000000] pcpu-alloc: s34240 r0 d23104 u57344 alloc=14*4096
[    0.000000] pcpu-alloc: [0] 0 
[    0.000000] Built 1 zonelists in Zone order, mobility grouping on.  Total pages: 259950
[    0.000000] Kernel command line: BOOT_IMAGE=/boot/vmlinuz-3.2.0-29-generic-pae root=UUID=007b598c-390d-4c65-84a1-4ff752d48633 ro quiet splash maxcpus=0
[    0.000000] PID hash table entries: 4096 (order: 2, 16384 bytes)
[    0.000000] Dentry cache hash table entries: 131072 (order: 7, 524288 bytes)
[    0.000000] Inode-cache hash table entries: 65536 (order: 6, 262144 bytes)
[    0.000000] Initializing CPU#0
[    0.000000] xsave/xrstor: enabled xstate_bv 0x7, cntxt size 0x340
[    0.000000] allocated 4194048 bytes of page_cgroup
[    0.000000] please try 'cgroup_disable=memory' option if you don't want memory cgroups
[    0.000000] Initializing HighMem for node 0 (00037bfe:00040000)
[    0.000000] Memory: 1010624k/1048576k available (5814k kernel code, 37372k reserved, 2841k data, 740k init, 135048k highmem)
[    0.000000] virtual kernel memory layout:
[    0.000000]     fixmap  : 0xfff16000 - 0xfffff000   ( 932 kB)
[    0.000000]     pkmap   : 0xffc00000 - 0xffe00000   (2048 kB)
[    0.000000]     vmalloc : 0xf83fe000 - 0xffbfe000   ( 120 MB)
[    0.000000]     lowmem  : 0xc0000000 - 0xf7bfe000   ( 891 MB)
[    0.000000]       .init : 0xc1875000 - 0xc192e000   ( 740 kB)
[    0.000000]       .data : 0xc15adb64 - 0xc1874240   (2841 kB)
[    0.000000]       .text : 0xc1000000 - 0xc15adb64   (5814 kB)
[    0.000000] Checking if this processor honours the WP bit even in supervisor mode...Ok.
[    0.000000] SLUB: Genslabs=15, HWalign=64, Order=0-3, MinObjects=0, CPUs=1, Nodes=1
[    0.000000] Hierarchical RCU implementation.
[    0.000000] 	RCU dyntick-idle grace-period acceleration is enabled.
[    0.000000] NR_IRQS:2304 nr_irqs:256 16
[    0.000000] CPU 0 irqstacks, hard=f5c08000 soft=f5c0a000
[    0.000000] Extended CMOS year: 2000
[    0.000000] Console: colour VGA+ 80x25
[    0.000000] console [tty0] enabled
[    0.000000] hpet clockevent registered
[    0.000000] TSC freq read from hypervisor : 2394.620 MHz
[    0.000000] Detected 2394.620 MHz processor.
[    0.000001] Calibrating delay loop (skipped) preset value.. 4789.24 BogoMIPS (lpj=9578480)
[    0.000004] pid_max: default: 32768 minimum: 301
[    0.000022] Security Framework initialized
[    0.000037] AppArmor: AppArmor initialized
[    0.000039] Yama: becoming mindful.
[    0.000075] Mount-cache hash table entries: 512
[    0.000169] Initializing cgroup subsys cpuacct
[    0.000173] Initializing cgroup subsys memory
[    0.000177] Initializing cgroup subsys devices
[    0.000178] Initializing cgroup subsys freezer
[    0.000180] Initializing cgroup subsys blkio
[    0.000184] Initializing cgroup subsys perf_event
[    0.000228] Disabled fast string operations
[    0.000231] CPU: Physical Processor ID: 0
[    0.000240] ENERGY_PERF_BIAS: Set to 'normal', was 'performance'
[    0.000241] ENERGY_PERF_BIAS: View and update with x86_energy_perf_policy(8)
[    0.000907] mce: CPU supports 0 MCE banks
[    0.001633] SMP alternatives: switching to UP code
[    0.018085] Freeing SMP alternatives: 24k freed
[    0.018090] ACPI: Core revision 20110623
[    0.024248] ACPI: setting ELCR to 0200 (from 0e20)
[    0.025910] ftrace: allocating 26545 entries in 52 pages
[    0.046250] SMP mode deactivated.
[    0.046278] SMP disabled
[    0.046280] Performance Events: generic architected perfmon v1, core PMU driver.
[    0.046291] ... version:                1
[    0.046292] ... bit width:              48
[    0.046293] ... generic registers:      4
[    0.046294] ... value mask:             0000ffffffffffff
[    0.046295] ... max period:             000000007fffffff
[    0.046296] ... fixed-purpose events:   0
[    0.046297] ... event mask:             000000000000000f
[    0.046380] NMI watchdog enabled, takes one hw-pmu counter.
[    0.046397] Brought up 1 CPUs
[    0.046399] Total of 1 processors activated (4789.24 BogoMIPS).
[    0.046498] devtmpfs: initialized
[    0.046564] EVM: security.selinux
[    0.046564] EVM: security.SMACK64
[    0.046565] EVM: security.capability
[    0.046589] PM: Registering ACPI NVS region at 3feff000 (4096 bytes)
[    0.047277] print_constraints: dummy: 
[    0.047343] RTC time: 23:32:54, date: 05/26/13
[    0.047369] NET: Registered protocol family 16
[    0.047435] EISA bus registered
[    0.047445] ACPI: bus type pci registered
[    0.047575] PCI: MMCONFIG for domain 0000 [bus 00-ff] at [mem 0xe0000000-0xefffffff] (base 0xe0000000)
[    0.047577] PCI: MMCONFIG at [mem 0xe0000000-0xefffffff] reserved in E820
[    0.047578] PCI: Using MMCONFIG for extended config space
[    0.047579] PCI: Using configuration type 1 for base access
[    0.048244] bio: create slab <bio-0> at 0
[    0.048302] ACPI: Added _OSI(Module Device)
[    0.048303] ACPI: Added _OSI(Processor Device)
[    0.048304] ACPI: Added _OSI(3.0 _SCP Extensions)
[    0.048305] ACPI: Added _OSI(Processor Aggregator Device)
[    0.050144] ACPI: EC: Look up EC in DSDT
[    0.054386] [Firmware Bug]: ACPI: BIOS _OSI(Linux) query ignored
[    0.061993] ACPI: Interpreter enabled
[    0.062000] ACPI: (supports S0 S1 S4 S5)
[    0.062010] ACPI: Using PIC for interrupt routing
[    0.101658] ACPI: No dock devices found.
[    0.101662] HEST: Table not found.
[    0.101667] PCI: Using host bridge windows from ACPI; if necessary, use "pci=nocrs" and report a bug
[    0.102360] ACPI: PCI Root Bridge [PCI0] (domain 0000 [bus 00-ff])
[    0.103438] pci_root PNP0A03:00: host bridge window [mem 0x000a0000-0x000bffff]
[    0.103440] pci_root PNP0A03:00: host bridge window [mem 0x000cc000-0x000cffff]
[    0.103442] pci_root PNP0A03:00: host bridge window [mem 0x000d0000-0x000d3fff]
[    0.103443] pci_root PNP0A03:00: host bridge window [mem 0x000d4000-0x000d7fff]
[    0.103445] pci_root PNP0A03:00: host bridge window [mem 0x000d8000-0x000dbfff]
[    0.103446] pci_root PNP0A03:00: host bridge window [mem 0xc0000000-0xfebfffff]
[    0.103448] pci_root PNP0A03:00: host bridge window [io  0x0000-0x0cf7]
[    0.103449] pci_root PNP0A03:00: host bridge window [io  0x0d00-0xfeff]
[    0.103496] pci 0000:00:00.0: [8086:7190] type 0 class 0x000600
[    0.103917] pci 0000:00:01.0: [8086:7191] type 1 class 0x000604
[    0.104266] pci 0000:00:07.0: [8086:7110] type 0 class 0x000601
[    0.104857] pci 0000:00:07.1: [8086:7111] type 0 class 0x000101
[    0.106247] pci 0000:00:07.1: reg 20: [io  0x10c0-0x10cf]
[    0.106933] pci 0000:00:07.3: [8086:7113] type 0 class 0x000680
[    0.108551] pci 0000:00:07.3: quirk: [io  0x1000-0x103f] claimed by PIIX4 ACPI
[    0.108565] pci 0000:00:07.3: quirk: [io  0x1040-0x104f] claimed by PIIX4 SMB
[    0.108789] pci 0000:00:07.7: [15ad:0740] type 0 class 0x000880
[    0.109263] pci 0000:00:07.7: reg 10: [io  0x1080-0x10bf]
[    0.109870] pci 0000:00:07.7: reg 14: [mem 0xc8000000-0xc8001fff 64bit]
[    0.111886] pci 0000:00:0f.0: [15ad:0405] type 0 class 0x000300
[    0.114025] pci 0000:00:0f.0: reg 10: [io  0x10d0-0x10df]
[    0.116033] pci 0000:00:0f.0: reg 14: [mem 0xd0000000-0xd7ffffff pref]
[    0.118051] pci 0000:00:0f.0: reg 18: [mem 0xc8800000-0xc8ffffff]
[    0.125958] pci 0000:00:0f.0: reg 30: [mem 0x00000000-0x00007fff pref]
[    0.126246] pci 0000:00:10.0: [1000:0030] type 0 class 0x000100
[    0.126800] pci 0000:00:10.0: reg 10: [io  0x1400-0x14ff]
[    0.127500] pci 0000:00:10.0: reg 14: [mem 0xc8040000-0xc805ffff 64bit]
[    0.128265] pci 0000:00:10.0: reg 1c: [mem 0xc8020000-0xc803ffff 64bit]
[    0.129292] pci 0000:00:10.0: reg 30: [mem 0x00000000-0x00003fff pref]
[    0.129443] pci 0000:00:11.0: [15ad:0790] type 1 class 0x000604
[    0.130126] pci 0000:00:15.0: [15ad:07a0] type 1 class 0x000604
[    0.130814] pci 0000:00:15.0: PME# supported from D0 D3hot D3cold
[    0.130836] pci 0000:00:15.0: PME# disabled
[    0.131049] pci 0000:00:15.1: [15ad:07a0] type 1 class 0x000604
[    0.131741] pci 0000:00:15.1: PME# supported from D0 D3hot D3cold
[    0.131776] pci 0000:00:15.1: PME# disabled
[    0.131991] pci 0000:00:15.2: [15ad:07a0] type 1 class 0x000604
[    0.132687] pci 0000:00:15.2: PME# supported from D0 D3hot D3cold
[    0.132708] pci 0000:00:15.2: PME# disabled
[    0.132921] pci 0000:00:15.3: [15ad:07a0] type 1 class 0x000604
[    0.133603] pci 0000:00:15.3: PME# supported from D0 D3hot D3cold
[    0.133625] pci 0000:00:15.3: PME# disabled
[    0.133870] pci 0000:00:15.4: [15ad:07a0] type 1 class 0x000604
[    0.134551] pci 0000:00:15.4: PME# supported from D0 D3hot D3cold
[    0.134573] pci 0000:00:15.4: PME# disabled
[    0.134802] pci 0000:00:15.5: [15ad:07a0] type 1 class 0x000604
[    0.135483] pci 0000:00:15.5: PME# supported from D0 D3hot D3cold
[    0.135504] pci 0000:00:15.5: PME# disabled
[    0.135724] pci 0000:00:15.6: [15ad:07a0] type 1 class 0x000604
[    0.136420] pci 0000:00:15.6: PME# supported from D0 D3hot D3cold
[    0.136441] pci 0000:00:15.6: PME# disabled
[    0.136663] pci 0000:00:15.7: [15ad:07a0] type 1 class 0x000604
[    0.137343] pci 0000:00:15.7: PME# supported from D0 D3hot D3cold
[    0.137365] pci 0000:00:15.7: PME# disabled
[    0.137577] pci 0000:00:16.0: [15ad:07a0] type 1 class 0x000604
[    0.138275] pci 0000:00:16.0: PME# supported from D0 D3hot D3cold
[    0.138297] pci 0000:00:16.0: PME# disabled
[    0.138510] pci 0000:00:16.1: [15ad:07a0] type 1 class 0x000604
[    0.139200] pci 0000:00:16.1: PME# supported from D0 D3hot D3cold
[    0.139221] pci 0000:00:16.1: PME# disabled
[    0.139434] pci 0000:00:16.2: [15ad:07a0] type 1 class 0x000604
[    0.140127] pci 0000:00:16.2: PME# supported from D0 D3hot D3cold
[    0.140148] pci 0000:00:16.2: PME# disabled
[    0.140350] pci 0000:00:16.3: [15ad:07a0] type 1 class 0x000604
[    0.141010] pci 0000:00:16.3: PME# supported from D0 D3hot D3cold
[    0.141030] pci 0000:00:16.3: PME# disabled
[    0.141229] pci 0000:00:16.4: [15ad:07a0] type 1 class 0x000604
[    0.141902] pci 0000:00:16.4: PME# supported from D0 D3hot D3cold
[    0.141922] pci 0000:00:16.4: PME# disabled
[    0.142127] pci 0000:00:16.5: [15ad:07a0] type 1 class 0x000604
[    0.142830] pci 0000:00:16.5: PME# supported from D0 D3hot D3cold
[    0.142855] pci 0000:00:16.5: PME# disabled
[    0.143070] pci 0000:00:16.6: [15ad:07a0] type 1 class 0x000604
[    0.143776] pci 0000:00:16.6: PME# supported from D0 D3hot D3cold
[    0.143799] pci 0000:00:16.6: PME# disabled
[    0.144013] pci 0000:00:16.7: [15ad:07a0] type 1 class 0x000604
[    0.144705] pci 0000:00:16.7: PME# supported from D0 D3hot D3cold
[    0.144727] pci 0000:00:16.7: PME# disabled
[    0.144940] pci 0000:00:17.0: [15ad:07a0] type 1 class 0x000604
[    0.145728] pci 0000:00:17.0: PME# supported from D0 D3hot D3cold
[    0.145750] pci 0000:00:17.0: PME# disabled
[    0.145965] pci 0000:00:17.1: [15ad:07a0] type 1 class 0x000604
[    0.146658] pci 0000:00:17.1: PME# supported from D0 D3hot D3cold
[    0.146679] pci 0000:00:17.1: PME# disabled
[    0.146892] pci 0000:00:17.2: [15ad:07a0] type 1 class 0x000604
[    0.147573] pci 0000:00:17.2: PME# supported from D0 D3hot D3cold
[    0.147594] pci 0000:00:17.2: PME# disabled
[    0.147835] pci 0000:00:17.3: [15ad:07a0] type 1 class 0x000604
[    0.148516] pci 0000:00:17.3: PME# supported from D0 D3hot D3cold
[    0.148538] pci 0000:00:17.3: PME# disabled
[    0.148757] pci 0000:00:17.4: [15ad:07a0] type 1 class 0x000604
[    0.149439] pci 0000:00:17.4: PME# supported from D0 D3hot D3cold
[    0.149460] pci 0000:00:17.4: PME# disabled
[    0.149699] pci 0000:00:17.5: [15ad:07a0] type 1 class 0x000604
[    0.150380] pci 0000:00:17.5: PME# supported from D0 D3hot D3cold
[    0.150402] pci 0000:00:17.5: PME# disabled
[    0.150622] pci 0000:00:17.6: [15ad:07a0] type 1 class 0x000604
[    0.151292] pci 0000:00:17.6: PME# supported from D0 D3hot D3cold
[    0.151313] pci 0000:00:17.6: PME# disabled
[    0.151513] pci 0000:00:17.7: [15ad:07a0] type 1 class 0x000604
[    0.152253] pci 0000:00:17.7: PME# supported from D0 D3hot D3cold
[    0.152277] pci 0000:00:17.7: PME# disabled
[    0.152494] pci 0000:00:18.0: [15ad:07a0] type 1 class 0x000604
[    0.153179] pci 0000:00:18.0: PME# supported from D0 D3hot D3cold
[    0.153201] pci 0000:00:18.0: PME# disabled
[    0.153415] pci 0000:00:18.1: [15ad:07a0] type 1 class 0x000604
[    0.154095] pci 0000:00:18.1: PME# supported from D0 D3hot D3cold
[    0.154115] pci 0000:00:18.1: PME# disabled
[    0.154315] pci 0000:00:18.2: [15ad:07a0] type 1 class 0x000604
[    0.154982] pci 0000:00:18.2: PME# supported from D0 D3hot D3cold
[    0.155002] pci 0000:00:18.2: PME# disabled
[    0.155200] pci 0000:00:18.3: [15ad:07a0] type 1 class 0x000604
[    0.155879] pci 0000:00:18.3: PME# supported from D0 D3hot D3cold
[    0.155900] pci 0000:00:18.3: PME# disabled
[    0.156100] pci 0000:00:18.4: [15ad:07a0] type 1 class 0x000604
[    0.156757] pci 0000:00:18.4: PME# supported from D0 D3hot D3cold
[    0.156778] pci 0000:00:18.4: PME# disabled
[    0.156987] pci 0000:00:18.5: [15ad:07a0] type 1 class 0x000604
[    0.157661] pci 0000:00:18.5: PME# supported from D0 D3hot D3cold
[    0.157683] pci 0000:00:18.5: PME# disabled
[    0.157891] pci 0000:00:18.6: [15ad:07a0] type 1 class 0x000604
[    0.158527] pci 0000:00:18.6: PME# supported from D0 D3hot D3cold
[    0.158547] pci 0000:00:18.6: PME# disabled
[    0.158767] pci 0000:00:18.7: [15ad:07a0] type 1 class 0x000604
[    0.159403] pci 0000:00:18.7: PME# supported from D0 D3hot D3cold
[    0.159423] pci 0000:00:18.7: PME# disabled
[    0.159970] pci 0000:00:01.0: PCI bridge to [bus 01-01]
[    0.160234] pci 0000:02:00.0: [15ad:0774] type 0 class 0x000c03
[    0.161447] pci 0000:02:00.0: reg 20: [io  0x20c0-0x20df]
[    0.162051] pci 0000:02:01.0: [1022:2000] type 0 class 0x000200
[    0.162305] pci 0000:02:01.0: reg 10: [io  0x2000-0x207f]
[    0.163705] pci 0000:02:01.0: reg 30: [mem 0x00000000-0x0000ffff pref]
[    0.163828] pci 0000:02:02.0: [1274:1371] type 0 class 0x000401
[    0.164128] pci 0000:02:02.0: reg 10: [io  0x2080-0x20bf]
[    0.165894] pci 0000:02:03.0: [15ad:0770] type 0 class 0x000c03
[    0.166137] pci 0000:02:03.0: reg 10: [mem 0xc9000000-0xc9000fff]
[    0.167690] pci 0000:00:11.0: PCI bridge to [bus 02-02] (subtractive decode)
[    0.167724] pci 0000:00:11.0:   bridge window [io  0x2000-0x3fff]
[    0.167745] pci 0000:00:11.0:   bridge window [mem 0xc9000000-0xca3fffff]
[    0.167783] pci 0000:00:11.0:   bridge window [mem 0xd8400000-0xd89fffff 64bit pref]
[    0.167785] pci 0000:00:11.0:   bridge window [mem 0x000a0000-0x000bffff] (subtractive decode)
[    0.167787] pci 0000:00:11.0:   bridge window [mem 0x000cc000-0x000cffff] (subtractive decode)
[    0.167789] pci 0000:00:11.0:   bridge window [mem 0x000d0000-0x000d3fff] (subtractive decode)
[    0.167790] pci 0000:00:11.0:   bridge window [mem 0x000d4000-0x000d7fff] (subtractive decode)
[    0.167792] pci 0000:00:11.0:   bridge window [mem 0x000d8000-0x000dbfff] (subtractive decode)
[    0.167793] pci 0000:00:11.0:   bridge window [mem 0xc0000000-0xfebfffff] (subtractive decode)
[    0.167795] pci 0000:00:11.0:   bridge window [io  0x0000-0x0cf7] (subtractive decode)
[    0.167797] pci 0000:00:11.0:   bridge window [io  0x0d00-0xfeff] (subtractive decode)
[    0.168318] pci 0000:00:15.0: PCI bridge to [bus 03-03]
[    0.168340] pci 0000:00:15.0:   bridge window [io  0x4000-0x4fff]
[    0.168360] pci 0000:00:15.0:   bridge window [mem 0xca400000-0xca4fffff]
[    0.168400] pci 0000:00:15.0:   bridge window [mem 0xd8a00000-0xd8afffff 64bit pref]
[    0.168881] pci 0000:00:15.1: PCI bridge to [bus 04-04]
[    0.168902] pci 0000:00:15.1:   bridge window [io  0x8000-0x8fff]
[    0.168922] pci 0000:00:15.1:   bridge window [mem 0xca800000-0xca8fffff]
[    0.168962] pci 0000:00:15.1:   bridge window [mem 0xd8e00000-0xd8efffff 64bit pref]
[    0.169626] pci 0000:00:15.2: PCI bridge to [bus 05-05]
[    0.169674] pci 0000:00:15.2:   bridge window [io  0xc000-0xcfff]
[    0.169716] pci 0000:00:15.2:   bridge window [mem 0xcac00000-0xcacfffff]
[    0.169757] pci 0000:00:15.2:   bridge window [mem 0xd9200000-0xd92fffff 64bit pref]
[    0.170203] pci 0000:00:15.3: PCI bridge to [bus 06-06]
[    0.170265] pci 0000:00:15.3:   bridge window [mem 0xcb000000-0xcb0fffff]
[    0.170335] pci 0000:00:15.3:   bridge window [mem 0xd9600000-0xd96fffff 64bit pref]
[    0.170784] pci 0000:00:15.4: PCI bridge to [bus 07-07]
[    0.170819] pci 0000:00:15.4:   bridge window [mem 0xcb400000-0xcb4fffff]
[    0.170856] pci 0000:00:15.4:   bridge window [mem 0xd9a00000-0xd9afffff 64bit pref]
[    0.171259] pci 0000:00:15.5: PCI bridge to [bus 08-08]
[    0.171296] pci 0000:00:15.5:   bridge window [mem 0xcb800000-0xcb8fffff]
[    0.171332] pci 0000:00:15.5:   bridge window [mem 0xd9e00000-0xd9efffff 64bit pref]
[    0.171794] pci 0000:00:15.6: PCI bridge to [bus 09-09]
[    0.171831] pci 0000:00:15.6:   bridge window [mem 0xcbc00000-0xcbcfffff]
[    0.171869] pci 0000:00:15.6:   bridge window [mem 0xda200000-0xda2fffff 64bit pref]
[    0.172280] pci 0000:00:15.7: PCI bridge to [bus 0a-0a]
[    0.172317] pci 0000:00:15.7:   bridge window [mem 0xcc000000-0xcc0fffff]
[    0.172354] pci 0000:00:15.7:   bridge window [mem 0xda600000-0xda6fffff 64bit pref]
[    0.172813] pci 0000:00:16.0: PCI bridge to [bus 0b-0b]
[    0.172836] pci 0000:00:16.0:   bridge window [io  0x5000-0x5fff]
[    0.172857] pci 0000:00:16.0:   bridge window [mem 0xca500000-0xca5fffff]
[    0.172896] pci 0000:00:16.0:   bridge window [mem 0xd8b00000-0xd8bfffff 64bit pref]
[    0.173348] pci 0000:00:16.1: PCI bridge to [bus 0c-0c]
[    0.173368] pci 0000:00:16.1:   bridge window [io  0x9000-0x9fff]
[    0.173389] pci 0000:00:16.1:   bridge window [mem 0xca900000-0xca9fffff]
[    0.173428] pci 0000:00:16.1:   bridge window [mem 0xd8f00000-0xd8ffffff 64bit pref]
[    0.173867] pci 0000:00:16.2: PCI bridge to [bus 0d-0d]
[    0.173886] pci 0000:00:16.2:   bridge window [io  0xd000-0xdfff]
[    0.173906] pci 0000:00:16.2:   bridge window [mem 0xcad00000-0xcadfffff]
[    0.173942] pci 0000:00:16.2:   bridge window [mem 0xd9300000-0xd93fffff 64bit pref]
[    0.174371] pci 0000:00:16.3: PCI bridge to [bus 0e-0e]
[    0.174408] pci 0000:00:16.3:   bridge window [mem 0xcb100000-0xcb1fffff]
[    0.174444] pci 0000:00:16.3:   bridge window [mem 0xd9700000-0xd97fffff 64bit pref]
[    0.174868] pci 0000:00:16.4: PCI bridge to [bus 0f-0f]
[    0.174904] pci 0000:00:16.4:   bridge window [mem 0xcb500000-0xcb5fffff]
[    0.174940] pci 0000:00:16.4:   bridge window [mem 0xd9b00000-0xd9bfffff 64bit pref]
[    0.175341] pci 0000:00:16.5: PCI bridge to [bus 10-10]
[    0.175377] pci 0000:00:16.5:   bridge window [mem 0xcb900000-0xcb9fffff]
[    0.175414] pci 0000:00:16.5:   bridge window [mem 0xd9f00000-0xd9ffffff 64bit pref]
[    0.175886] pci 0000:00:16.6: PCI bridge to [bus 11-11]
[    0.175925] pci 0000:00:16.6:   bridge window [mem 0xcbd00000-0xcbdfffff]
[    0.175964] pci 0000:00:16.6:   bridge window [mem 0xda300000-0xda3fffff 64bit pref]
[    0.176399] pci 0000:00:16.7: PCI bridge to [bus 12-12]
[    0.176446] pci 0000:00:16.7:   bridge window [mem 0xcc100000-0xcc1fffff]
[    0.176482] pci 0000:00:16.7:   bridge window [mem 0xda700000-0xda7fffff 64bit pref]
[    0.176906] pci 0000:00:17.0: PCI bridge to [bus 13-13]
[    0.176925] pci 0000:00:17.0:   bridge window [io  0x6000-0x6fff]
[    0.176945] pci 0000:00:17.0:   bridge window [mem 0xca600000-0xca6fffff]
[    0.176981] pci 0000:00:17.0:   bridge window [mem 0xd8c00000-0xd8cfffff 64bit pref]
[    0.177388] pci 0000:00:17.1: PCI bridge to [bus 14-14]
[    0.177407] pci 0000:00:17.1:   bridge window [io  0xa000-0xafff]
[    0.177426] pci 0000:00:17.1:   bridge window [mem 0xcaa00000-0xcaafffff]
[    0.177465] pci 0000:00:17.1:   bridge window [mem 0xd9000000-0xd90fffff 64bit pref]
[    0.177980] pci 0000:00:17.2: PCI bridge to [bus 15-15]
[    0.178001] pci 0000:00:17.2:   bridge window [io  0xe000-0xefff]
[    0.178022] pci 0000:00:17.2:   bridge window [mem 0xcae00000-0xcaefffff]
[    0.178069] pci 0000:00:17.2:   bridge window [mem 0xd9400000-0xd94fffff 64bit pref]
[    0.178482] pci 0000:00:17.3: PCI bridge to [bus 16-16]
[    0.178519] pci 0000:00:17.3:   bridge window [mem 0xcb200000-0xcb2fffff]
[    0.178556] pci 0000:00:17.3:   bridge window [mem 0xd9800000-0xd98fffff 64bit pref]
[    0.179003] pci 0000:00:17.4: PCI bridge to [bus 17-17]
[    0.179040] pci 0000:00:17.4:   bridge window [mem 0xcb600000-0xcb6fffff]
[    0.179078] pci 0000:00:17.4:   bridge window [mem 0xd9c00000-0xd9cfffff 64bit pref]
[    0.179524] pci 0000:00:17.5: PCI bridge to [bus 18-18]
[    0.179560] pci 0000:00:17.5:   bridge window [mem 0xcba00000-0xcbafffff]
[    0.179608] pci 0000:00:17.5:   bridge window [mem 0xda000000-0xda0fffff 64bit pref]
[    0.180120] pci 0000:00:17.6: PCI bridge to [bus 19-19]
[    0.180157] pci 0000:00:17.6:   bridge window [mem 0xcbe00000-0xcbefffff]
[    0.180193] pci 0000:00:17.6:   bridge window [mem 0xda400000-0xda4fffff 64bit pref]
[    0.180610] pci 0000:00:17.7: PCI bridge to [bus 1a-1a]
[    0.180656] pci 0000:00:17.7:   bridge window [mem 0xcc200000-0xcc2fffff]
[    0.180693] pci 0000:00:17.7:   bridge window [mem 0xda800000-0xda8fffff 64bit pref]
[    0.181137] pci 0000:00:18.0: PCI bridge to [bus 1b-1b]
[    0.181157] pci 0000:00:18.0:   bridge window [io  0x7000-0x7fff]
[    0.181178] pci 0000:00:18.0:   bridge window [mem 0xca700000-0xca7fffff]
[    0.181224] pci 0000:00:18.0:   bridge window [mem 0xd8d00000-0xd8dfffff 64bit pref]
[    0.181655] pci 0000:00:18.1: PCI bridge to [bus 1c-1c]
[    0.181688] pci 0000:00:18.1:   bridge window [io  0xb000-0xbfff]
[    0.181708] pci 0000:00:18.1:   bridge window [mem 0xcab00000-0xcabfffff]
[    0.181744] pci 0000:00:18.1:   bridge window [mem 0xd9100000-0xd91fffff 64bit pref]
[    0.182154] pci 0000:00:18.2: PCI bridge to [bus 1d-1d]
[    0.182173] pci 0000:00:18.2:   bridge window [io  0xf000-0xffff]
[    0.182192] pci 0000:00:18.2:   bridge window [mem 0xcaf00000-0xcaffffff]
[    0.182229] pci 0000:00:18.2:   bridge window [mem 0xd9500000-0xd95fffff 64bit pref]
[    0.182738] pci 0000:00:18.3: PCI bridge to [bus 1e-1e]
[    0.182775] pci 0000:00:18.3:   bridge window [mem 0xcb300000-0xcb3fffff]
[    0.182811] pci 0000:00:18.3:   bridge window [mem 0xd9900000-0xd99fffff 64bit pref]
[    0.183222] pci 0000:00:18.4: PCI bridge to [bus 1f-1f]
[    0.183258] pci 0000:00:18.4:   bridge window [mem 0xcb700000-0xcb7fffff]
[    0.183295] pci 0000:00:18.4:   bridge window [mem 0xd9d00000-0xd9dfffff 64bit pref]
[    0.183743] pci 0000:00:18.5: PCI bridge to [bus 20-20]
[    0.183779] pci 0000:00:18.5:   bridge window [mem 0xcbb00000-0xcbbfffff]
[    0.183816] pci 0000:00:18.5:   bridge window [mem 0xda100000-0xda1fffff 64bit pref]
[    0.184219] pci 0000:00:18.6: PCI bridge to [bus 21-21]
[    0.184255] pci 0000:00:18.6:   bridge window [mem 0xcbf00000-0xcbffffff]
[    0.184291] pci 0000:00:18.6:   bridge window [mem 0xda500000-0xda5fffff 64bit pref]
[    0.184722] pci 0000:00:18.7: PCI bridge to [bus 22-22]
[    0.184758] pci 0000:00:18.7:   bridge window [mem 0xcc300000-0xcc3fffff]
[    0.184795] pci 0000:00:18.7:   bridge window [mem 0xda900000-0xda9fffff 64bit pref]
[    0.186776] pci_bus 0000:00: on NUMA node 0
[    0.186782] ACPI: PCI Interrupt Routing Table [\_SB_.PCI0._PRT]
[    0.187341]  pci0000:00: Requesting ACPI _OSC control (0x1d)
[    0.187523]  pci0000:00: ACPI _OSC control (0x15) granted
[    0.257795] ACPI: PCI Interrupt Link [LNKA] (IRQs 3 4 5 6 7 *9 10 11 14 15)
[    0.257861] ACPI: PCI Interrupt Link [LNKB] (IRQs 3 4 5 6 7 9 10 *11 14 15)
[    0.257923] ACPI: PCI Interrupt Link [LNKC] (IRQs 3 4 5 6 7 9 *10 11 14 15)
[    0.257983] ACPI: PCI Interrupt Link [LNKD] (IRQs 3 4 *5 6 7 9 10 11 14 15)
[    0.258113] vgaarb: device added: PCI:0000:00:0f.0,decodes=io+mem,owns=io+mem,locks=none
[    0.258123] vgaarb: loaded
[    0.258124] vgaarb: bridge control possible 0000:00:0f.0
[    0.258201] i2c-core: driver [aat2870] using legacy suspend method
[    0.258202] i2c-core: driver [aat2870] using legacy resume method
[    0.258310] SCSI subsystem initialized
[    0.258347] libata version 3.00 loaded.
[    0.258376] usbcore: registered new interface driver usbfs
[    0.258549] usbcore: registered new interface driver hub
[    0.258578] usbcore: registered new device driver usb
[    0.258643] PCI: Using ACPI for IRQ routing
[    0.345174] PCI: pci_cache_line_size set to 64 bytes
[    0.345194] pci 0000:00:18.2: no compatible bridge window for [io  0xf000-0xffff]
[    0.346101] reserve RAM buffer: 000000000009f000 - 000000000009ffff 
[    0.346103] reserve RAM buffer: 000000003fee0000 - 000000003fffffff 
[    0.346201] NetLabel: Initializing
[    0.346202] NetLabel:  domain hash size = 128
[    0.346203] NetLabel:  protocols = UNLABELED CIPSOv4
[    0.346210] NetLabel:  unlabeled traffic allowed by default
[    0.346364] hpet0: at MMIO 0xfed00000, IRQs 2, 8, 0, 0, 0, 0, 0, 0, 0, 0, 0, 0, 0, 0, 0, 0
[    0.346370] hpet0: 16 comparators, 64-bit 14.318180 MHz counter
[    0.348464] Switching to clocksource hpet
[    0.353612] AppArmor: AppArmor Filesystem Enabled
[    0.353630] pnp: PnP ACPI init
[    0.353644] ACPI: bus type pnp registered
[    0.354206] pnp 00:00: [bus 00-ff]
[    0.354208] pnp 00:00: [mem 0x000a0000-0x000bffff window]
[    0.354209] pnp 00:00: [mem 0x000c0000-0x000c3fff window]
[    0.354211] pnp 00:00: [mem 0x000c4000-0x000c7fff window]
[    0.354212] pnp 00:00: [mem 0x000c8000-0x000cbfff window]
[    0.354213] pnp 00:00: [mem 0x000cc000-0x000cffff window]
[    0.354215] pnp 00:00: [mem 0x000d0000-0x000d3fff window]
[    0.354216] pnp 00:00: [mem 0x000d4000-0x000d7fff window]
[    0.354218] pnp 00:00: [mem 0x000d8000-0x000dbfff window]
[    0.354219] pnp 00:00: [mem 0x000dc000-0x000dffff window]
[    0.354220] pnp 00:00: [mem 0x000e0000-0x000e3fff window]
[    0.354221] pnp 00:00: [mem 0x000e4000-0x000e7fff window]
[    0.354223] pnp 00:00: [mem 0x000e8000-0x000ebfff window]
[    0.354224] pnp 00:00: [mem 0x000ec000-0x000effff window]
[    0.354225] pnp 00:00: [mem 0xc0000000-0xfebfffff window]
[    0.354227] pnp 00:00: [io  0x0cf8-0x0cff]
[    0.354228] pnp 00:00: [io  0x0000-0x0cf7 window]
[    0.354230] pnp 00:00: [io  0x0d00-0xfeff window]
[    0.354264] pnp 00:00: Plug and Play ACPI device, IDs PNP0a03 PNP0a08 (active)
[    0.354340] pnp 00:01: [io  0x0010-0x001f]
[    0.354342] pnp 00:01: [io  0x0024-0x0025]
[    0.354343] pnp 00:01: [io  0x0028-0x0029]
[    0.354344] pnp 00:01: [io  0x002c-0x002d]
[    0.354345] pnp 00:01: [io  0x002e-0x002f]
[    0.354346] pnp 00:01: [io  0x0030-0x0031]
[    0.354348] pnp 00:01: [io  0x0034-0x0035]
[    0.354349] pnp 00:01: [io  0x0038-0x0039]
[    0.354350] pnp 00:01: [io  0x003c-0x003d]
[    0.354351] pnp 00:01: [io  0x0050-0x0053]
[    0.354352] pnp 00:01: [io  0x0072-0x0077]
[    0.354353] pnp 00:01: [io  0x0080]
[    0.354354] pnp 00:01: [io  0x0090-0x009f]
[    0.354355] pnp 00:01: [io  0x00a4-0x00a5]
[    0.354357] pnp 00:01: [io  0x00a8-0x00a9]
[    0.354358] pnp 00:01: [io  0x00ac-0x00ad]
[    0.354359] pnp 00:01: [io  0x00b0-0x00b5]
[    0.354360] pnp 00:01: [io  0x00b8-0x00b9]
[    0.354361] pnp 00:01: [io  0x00bc-0x00bd]
[    0.354362] pnp 00:01: [io  0x1000-0x103f]
[    0.354364] pnp 00:01: [io  0x1040-0x104f]
[    0.354365] pnp 00:01: [io  0x0cf0-0x0cf1]
[    0.354429] system 00:01: [io  0x1000-0x103f] has been reserved
[    0.354433] system 00:01: [io  0x1040-0x104f] has been reserved
[    0.354435] system 00:01: [io  0x0cf0-0x0cf1] has been reserved
[    0.354437] system 00:01: Plug and Play ACPI device, IDs PNP0c02 (active)
[    0.354443] pnp 00:02: [io  0x0000-0x000f]
[    0.354444] pnp 00:02: [io  0x0081-0x008f]
[    0.354445] pnp 00:02: [io  0x00c0-0x00df]
[    0.354447] pnp 00:02: [dma 4]
[    0.354461] pnp 00:02: Plug and Play ACPI device, IDs PNP0200 (active)
[    0.354466] pnp 00:03: [io  0x0020-0x0021]
[    0.354467] pnp 00:03: [io  0x00a0-0x00a1]
[    0.354468] pnp 00:03: [io  0x04d0-0x04d1]
[    0.354470] pnp 00:03: [irq 2 disabled]
[    0.354484] pnp 00:03: Plug and Play ACPI device, IDs PNP0001 (active)
[    0.354490] pnp 00:04: [io  0x0070-0x0071]
[    0.354492] pnp 00:04: [irq 8]
[    0.354504] pnp 00:04: Plug and Play ACPI device, IDs PNP0b00 (active)
[    0.354508] pnp 00:05: [io  0x0061]
[    0.354520] pnp 00:05: Plug and Play ACPI device, IDs PNP0800 (active)
[    0.354524] pnp 00:06: [io  0x0060]
[    0.354525] pnp 00:06: [io  0x0064]
[    0.354527] pnp 00:06: [irq 1]
[    0.354541] pnp 00:06: Plug and Play ACPI device, IDs PNP0303 (active)
[    0.354545] pnp 00:07: [irq 12]
[    0.354557] pnp 00:07: Plug and Play ACPI device, IDs PNP0f13 (active)
[    0.354698] pnp 00:08: [mem 0xfed00000-0xfed003ff]
[    0.354729] system 00:08: [mem 0xfed00000-0xfed003ff] has been reserved
[    0.354731] system 00:08: Plug and Play ACPI device, IDs PNP0103 PNP0c01 (active)
[    0.359813] pnp 00:09: [io  0x0378-0x037f]
[    0.359816] pnp 00:09: [irq 7]
[    0.361155] pnp 00:09: Plug and Play ACPI device, IDs PNP0400 (active)
[    0.365951] pnp 00:0a: [io  0x03f8-0x03ff]
[    0.365954] pnp 00:0a: [irq 4]
[    0.367161] pnp 00:0a: Plug and Play ACPI device, IDs PNP0501 (active)
[    0.370866] pnp 00:0b: [io  0x02f8-0x02ff]
[    0.370869] pnp 00:0b: [irq 3]
[    0.372088] pnp 00:0b: Plug and Play ACPI device, IDs PNP0501 (active)
[    0.378166] pnp 00:0c: [io  0x03f0-0x03f5]
[    0.378169] pnp 00:0c: [io  0x03f7]
[    0.378171] pnp 00:0c: [irq 6]
[    0.378172] pnp 00:0c: [dma 2]
[    0.379258] pnp 00:0c: Plug and Play ACPI device, IDs PNP0700 (active)
[    0.379428] pnp 00:0d: [mem 0xe0000000-0xefffffff]
[    0.379430] pnp 00:0d: [io  0x1060-0x107f]
[    0.379431] pnp 00:0d: [mem 0xc8200000-0xc83fffff]
[    0.379479] system 00:0d: [io  0x1060-0x107f] has been reserved
[    0.379482] system 00:0d: [mem 0xe0000000-0xefffffff] has been reserved
[    0.379484] system 00:0d: [mem 0xc8200000-0xc83fffff] has been reserved
[    0.379486] system 00:0d: Plug and Play ACPI device, IDs PNP0c02 (active)
[    0.384305] pnp: PnP ACPI: found 14 devices
[    0.384308] ACPI: ACPI bus type pnp unregistered
[    0.384311] PnPBIOS: Disabled by ACPI PNP
[    0.420119] PCI: max bus depth: 1 pci_try_num: 2
[    0.420422] pci 0000:00:0f.0: BAR 6: assigned [mem 0xc0000000-0xc0007fff pref]
[    0.420426] pci 0000:00:10.0: BAR 6: assigned [mem 0xc0008000-0xc000bfff pref]
[    0.420431] pci 0000:00:18.7: BAR 13: can't assign io (size 0x1000)
[    0.420434] pci 0000:00:18.6: BAR 13: can't assign io (size 0x1000)
[    0.420437] pci 0000:00:18.5: BAR 13: can't assign io (size 0x1000)
[    0.420440] pci 0000:00:18.4: BAR 13: can't assign io (size 0x1000)
[    0.420443] pci 0000:00:18.3: BAR 13: can't assign io (size 0x1000)
[    0.420446] pci 0000:00:18.2: BAR 13: can't assign io (size 0x1000)
[    0.420448] pci 0000:00:17.7: BAR 13: can't assign io (size 0x1000)
[    0.420451] pci 0000:00:17.6: BAR 13: can't assign io (size 0x1000)
[    0.420454] pci 0000:00:17.5: BAR 13: can't assign io (size 0x1000)
[    0.420457] pci 0000:00:17.4: BAR 13: can't assign io (size 0x1000)
[    0.420459] pci 0000:00:17.3: BAR 13: can't assign io (size 0x1000)
[    0.420462] pci 0000:00:16.7: BAR 13: can't assign io (size 0x1000)
[    0.420465] pci 0000:00:16.6: BAR 13: can't assign io (size 0x1000)
[    0.420468] pci 0000:00:16.5: BAR 13: can't assign io (size 0x1000)
[    0.420471] pci 0000:00:16.4: BAR 13: can't assign io (size 0x1000)
[    0.420474] pci 0000:00:16.3: BAR 13: can't assign io (size 0x1000)
[    0.420476] pci 0000:00:15.7: BAR 13: can't assign io (size 0x1000)
[    0.420479] pci 0000:00:15.6: BAR 13: can't assign io (size 0x1000)
[    0.420482] pci 0000:00:15.5: BAR 13: can't assign io (size 0x1000)
[    0.420484] pci 0000:00:15.4: BAR 13: can't assign io (size 0x1000)
[    0.420487] pci 0000:00:15.3: BAR 13: can't assign io (size 0x1000)
[    0.420490] pci 0000:00:01.0: PCI bridge to [bus 01-01]
[    0.420540] pci 0000:02:01.0: BAR 6: assigned [mem 0xd8400000-0xd840ffff pref]
[    0.420542] pci 0000:00:11.0: PCI bridge to [bus 02-02]
[    0.420554] pci 0000:00:11.0:   bridge window [io  0x2000-0x3fff]
[    0.420583] pci 0000:00:11.0:   bridge window [mem 0xc9000000-0xca3fffff]
[    0.420603] pci 0000:00:11.0:   bridge window [mem 0xd8400000-0xd89fffff 64bit pref]
[    0.420640] pci 0000:00:15.0: PCI bridge to [bus 03-03]
[    0.420652] pci 0000:00:15.0:   bridge window [io  0x4000-0x4fff]
[    0.420681] pci 0000:00:15.0:   bridge window [mem 0xca400000-0xca4fffff]
[    0.420717] pci 0000:00:15.0:   bridge window [mem 0xd8a00000-0xd8afffff 64bit pref]
[    0.420767] pci 0000:00:15.1: PCI bridge to [bus 04-04]
[    0.420786] pci 0000:00:15.1:   bridge window [io  0x8000-0x8fff]
[    0.420828] pci 0000:00:15.1:   bridge window [mem 0xca800000-0xca8fffff]
[    0.420854] pci 0000:00:15.1:   bridge window [mem 0xd8e00000-0xd8efffff 64bit pref]
[    0.420904] pci 0000:00:15.2: PCI bridge to [bus 05-05]
[    0.420917] pci 0000:00:15.2:   bridge window [io  0xc000-0xcfff]
[    0.420946] pci 0000:00:15.2:   bridge window [mem 0xcac00000-0xcacfffff]
[    0.420966] pci 0000:00:15.2:   bridge window [mem 0xd9200000-0xd92fffff 64bit pref]
[    0.421016] pci 0000:00:15.3: PCI bridge to [bus 06-06]
[    0.421045] pci 0000:00:15.3:   bridge window [mem 0xcb000000-0xcb0fffff]
[    0.421065] pci 0000:00:15.3:   bridge window [mem 0xd9600000-0xd96fffff 64bit pref]
[    0.421114] pci 0000:00:15.4: PCI bridge to [bus 07-07]
[    0.421144] pci 0000:00:15.4:   bridge window [mem 0xcb400000-0xcb4fffff]
[    0.421164] pci 0000:00:15.4:   bridge window [mem 0xd9a00000-0xd9afffff 64bit pref]
[    0.421212] pci 0000:00:15.5: PCI bridge to [bus 08-08]
[    0.421242] pci 0000:00:15.5:   bridge window [mem 0xcb800000-0xcb8fffff]
[    0.421262] pci 0000:00:15.5:   bridge window [mem 0xd9e00000-0xd9efffff 64bit pref]
[    0.421310] pci 0000:00:15.6: PCI bridge to [bus 09-09]
[    0.421340] pci 0000:00:15.6:   bridge window [mem 0xcbc00000-0xcbcfffff]
[    0.421360] pci 0000:00:15.6:   bridge window [mem 0xda200000-0xda2fffff 64bit pref]
[    0.421408] pci 0000:00:15.7: PCI bridge to [bus 0a-0a]
[    0.421437] pci 0000:00:15.7:   bridge window [mem 0xcc000000-0xcc0fffff]
[    0.421457] pci 0000:00:15.7:   bridge window [mem 0xda600000-0xda6fffff 64bit pref]
[    0.421506] pci 0000:00:16.0: PCI bridge to [bus 0b-0b]
[    0.421518] pci 0000:00:16.0:   bridge window [io  0x5000-0x5fff]
[    0.421547] pci 0000:00:16.0:   bridge window [mem 0xca500000-0xca5fffff]
[    0.421567] pci 0000:00:16.0:   bridge window [mem 0xd8b00000-0xd8bfffff 64bit pref]
[    0.421616] pci 0000:00:16.1: PCI bridge to [bus 0c-0c]
[    0.421630] pci 0000:00:16.1:   bridge window [io  0x9000-0x9fff]
[    0.421675] pci 0000:00:16.1:   bridge window [mem 0xca900000-0xca9fffff]
[    0.421706] pci 0000:00:16.1:   bridge window [mem 0xd8f00000-0xd8ffffff 64bit pref]
[    0.421756] pci 0000:00:16.2: PCI bridge to [bus 0d-0d]
[    0.421769] pci 0000:00:16.2:   bridge window [io  0xd000-0xdfff]
[    0.421798] pci 0000:00:16.2:   bridge window [mem 0xcad00000-0xcadfffff]
[    0.421818] pci 0000:00:16.2:   bridge window [mem 0xd9300000-0xd93fffff 64bit pref]
[    0.421867] pci 0000:00:16.3: PCI bridge to [bus 0e-0e]
[    0.421896] pci 0000:00:16.3:   bridge window [mem 0xcb100000-0xcb1fffff]
[    0.421916] pci 0000:00:16.3:   bridge window [mem 0xd9700000-0xd97fffff 64bit pref]
[    0.421965] pci 0000:00:16.4: PCI bridge to [bus 0f-0f]
[    0.421994] pci 0000:00:16.4:   bridge window [mem 0xcb500000-0xcb5fffff]
[    0.422014] pci 0000:00:16.4:   bridge window [mem 0xd9b00000-0xd9bfffff 64bit pref]
[    0.422064] pci 0000:00:16.5: PCI bridge to [bus 10-10]
[    0.422094] pci 0000:00:16.5:   bridge window [mem 0xcb900000-0xcb9fffff]
[    0.422114] pci 0000:00:16.5:   bridge window [mem 0xd9f00000-0xd9ffffff 64bit pref]
[    0.422164] pci 0000:00:16.6: PCI bridge to [bus 11-11]
[    0.422193] pci 0000:00:16.6:   bridge window [mem 0xcbd00000-0xcbdfffff]
[    0.422214] pci 0000:00:16.6:   bridge window [mem 0xda300000-0xda3fffff 64bit pref]
[    0.422263] pci 0000:00:16.7: PCI bridge to [bus 12-12]
[    0.422292] pci 0000:00:16.7:   bridge window [mem 0xcc100000-0xcc1fffff]
[    0.422312] pci 0000:00:16.7:   bridge window [mem 0xda700000-0xda7fffff 64bit pref]
[    0.422361] pci 0000:00:17.0: PCI bridge to [bus 13-13]
[    0.422373] pci 0000:00:17.0:   bridge window [io  0x6000-0x6fff]
[    0.422402] pci 0000:00:17.0:   bridge window [mem 0xca600000-0xca6fffff]
[    0.422422] pci 0000:00:17.0:   bridge window [mem 0xd8c00000-0xd8cfffff 64bit pref]
[    0.422471] pci 0000:00:17.1: PCI bridge to [bus 14-14]
[    0.422483] pci 0000:00:17.1:   bridge window [io  0xa000-0xafff]
[    0.422512] pci 0000:00:17.1:   bridge window [mem 0xcaa00000-0xcaafffff]
[    0.422533] pci 0000:00:17.1:   bridge window [mem 0xd9000000-0xd90fffff 64bit pref]
[    0.422581] pci 0000:00:17.2: PCI bridge to [bus 15-15]
[    0.422594] pci 0000:00:17.2:   bridge window [io  0xe000-0xefff]
[    0.422641] pci 0000:00:17.2:   bridge window [mem 0xcae00000-0xcaefffff]
[    0.422662] pci 0000:00:17.2:   bridge window [mem 0xd9400000-0xd94fffff 64bit pref]
[    0.422712] pci 0000:00:17.3: PCI bridge to [bus 16-16]
[    0.422742] pci 0000:00:17.3:   bridge window [mem 0xcb200000-0xcb2fffff]
[    0.422762] pci 0000:00:17.3:   bridge window [mem 0xd9800000-0xd98fffff 64bit pref]
[    0.422810] pci 0000:00:17.4: PCI bridge to [bus 17-17]
[    0.422840] pci 0000:00:17.4:   bridge window [mem 0xcb600000-0xcb6fffff]
[    0.422860] pci 0000:00:17.4:   bridge window [mem 0xd9c00000-0xd9cfffff 64bit pref]
[    0.422909] pci 0000:00:17.5: PCI bridge to [bus 18-18]
[    0.422938] pci 0000:00:17.5:   bridge window [mem 0xcba00000-0xcbafffff]
[    0.422958] pci 0000:00:17.5:   bridge window [mem 0xda000000-0xda0fffff 64bit pref]
[    0.423007] pci 0000:00:17.6: PCI bridge to [bus 19-19]
[    0.423036] pci 0000:00:17.6:   bridge window [mem 0xcbe00000-0xcbefffff]
[    0.423056] pci 0000:00:17.6:   bridge window [mem 0xda400000-0xda4fffff 64bit pref]
[    0.423105] pci 0000:00:17.7: PCI bridge to [bus 1a-1a]
[    0.423134] pci 0000:00:17.7:   bridge window [mem 0xcc200000-0xcc2fffff]
[    0.423154] pci 0000:00:17.7:   bridge window [mem 0xda800000-0xda8fffff 64bit pref]
[    0.423203] pci 0000:00:18.0: PCI bridge to [bus 1b-1b]
[    0.423215] pci 0000:00:18.0:   bridge window [io  0x7000-0x7fff]
[    0.423244] pci 0000:00:18.0:   bridge window [mem 0xca700000-0xca7fffff]
[    0.423264] pci 0000:00:18.0:   bridge window [mem 0xd8d00000-0xd8dfffff 64bit pref]
[    0.423313] pci 0000:00:18.1: PCI bridge to [bus 1c-1c]
[    0.423325] pci 0000:00:18.1:   bridge window [io  0xb000-0xbfff]
[    0.423354] pci 0000:00:18.1:   bridge window [mem 0xcab00000-0xcabfffff]
[    0.423374] pci 0000:00:18.1:   bridge window [mem 0xd9100000-0xd91fffff 64bit pref]
[    0.423423] pci 0000:00:18.2: PCI bridge to [bus 1d-1d]
[    0.423452] pci 0000:00:18.2:   bridge window [mem 0xcaf00000-0xcaffffff]
[    0.423473] pci 0000:00:18.2:   bridge window [mem 0xd9500000-0xd95fffff 64bit pref]
[    0.423521] pci 0000:00:18.3: PCI bridge to [bus 1e-1e]
[    0.423550] pci 0000:00:18.3:   bridge window [mem 0xcb300000-0xcb3fffff]
[    0.423570] pci 0000:00:18.3:   bridge window [mem 0xd9900000-0xd99fffff 64bit pref]
[    0.423620] pci 0000:00:18.4: PCI bridge to [bus 1f-1f]
[    0.423663] pci 0000:00:18.4:   bridge window [mem 0xcb700000-0xcb7fffff]
[    0.423683] pci 0000:00:18.4:   bridge window [mem 0xd9d00000-0xd9dfffff 64bit pref]
[    0.423732] pci 0000:00:18.5: PCI bridge to [bus 20-20]
[    0.423761] pci 0000:00:18.5:   bridge window [mem 0xcbb00000-0xcbbfffff]
[    0.423781] pci 0000:00:18.5:   bridge window [mem 0xda100000-0xda1fffff 64bit pref]
[    0.423831] pci 0000:00:18.6: PCI bridge to [bus 21-21]
[    0.423860] pci 0000:00:18.6:   bridge window [mem 0xcbf00000-0xcbffffff]
[    0.423880] pci 0000:00:18.6:   bridge window [mem 0xda500000-0xda5fffff 64bit pref]
[    0.423928] pci 0000:00:18.7: PCI bridge to [bus 22-22]
[    0.423958] pci 0000:00:18.7:   bridge window [mem 0xcc300000-0xcc3fffff]
[    0.423978] pci 0000:00:18.7:   bridge window [mem 0xda900000-0xda9fffff 64bit pref]
[    0.424028] pci 0000:00:01.0: setting latency timer to 64
[    0.424078] pci 0000:00:15.0: setting latency timer to 64
[    0.424125] pci 0000:00:15.1: setting latency timer to 64
[    0.424172] pci 0000:00:15.2: setting latency timer to 64
[    0.424219] pci 0000:00:15.3: setting latency timer to 64
[    0.424266] pci 0000:00:15.4: setting latency timer to 64
[    0.424313] pci 0000:00:15.5: setting latency timer to 64
[    0.424372] pci 0000:00:15.6: setting latency timer to 64
[    0.424420] pci 0000:00:15.7: setting latency timer to 64
[    0.424467] pci 0000:00:16.0: setting latency timer to 64
[    0.424514] pci 0000:00:16.1: setting latency timer to 64
[    0.424564] pci 0000:00:16.2: setting latency timer to 64
[    0.424614] pci 0000:00:16.3: setting latency timer to 64
[    0.424664] pci 0000:00:16.4: setting latency timer to 64
[    0.424714] pci 0000:00:16.5: setting latency timer to 64
[    0.424764] pci 0000:00:16.6: setting latency timer to 64
[    0.424814] pci 0000:00:16.7: setting latency timer to 64
[    0.424864] pci 0000:00:17.0: setting latency timer to 64
[    0.424914] pci 0000:00:17.1: setting latency timer to 64
[    0.424964] pci 0000:00:17.2: setting latency timer to 64
[    0.425011] pci 0000:00:17.3: setting latency timer to 64
[    0.425059] pci 0000:00:17.4: setting latency timer to 64
[    0.425106] pci 0000:00:17.5: setting latency timer to 64
[    0.425153] pci 0000:00:17.6: setting latency timer to 64
[    0.425200] pci 0000:00:17.7: setting latency timer to 64
[    0.425248] pci 0000:00:18.0: setting latency timer to 64
[    0.425295] pci 0000:00:18.1: setting latency timer to 64
[    0.425342] pci 0000:00:18.2: setting latency timer to 64
[    0.425392] pci 0000:00:18.3: setting latency timer to 64
[    0.425442] pci 0000:00:18.4: setting latency timer to 64
[    0.425492] pci 0000:00:18.5: setting latency timer to 64
[    0.425542] pci 0000:00:18.6: setting latency timer to 64
[    0.425592] pci 0000:00:18.7: setting latency timer to 64
[    0.425609] pci_bus 0000:00: resource 4 [mem 0x000a0000-0x000bffff]
[    0.425612] pci_bus 0000:00: resource 5 [mem 0x000cc000-0x000cffff]
[    0.425614] pci_bus 0000:00: resource 6 [mem 0x000d0000-0x000d3fff]
[    0.425617] pci_bus 0000:00: resource 7 [mem 0x000d4000-0x000d7fff]
[    0.425622] pci_bus 0000:00: resource 8 [mem 0x000d8000-0x000dbfff]
[    0.425624] pci_bus 0000:00: resource 9 [mem 0xc0000000-0xfebfffff]
[    0.425626] pci_bus 0000:00: resource 10 [io  0x0000-0x0cf7]
[    0.425628] pci_bus 0000:00: resource 11 [io  0x0d00-0xfeff]
[    0.425632] pci_bus 0000:02: resource 0 [io  0x2000-0x3fff]
[    0.425634] pci_bus 0000:02: resource 1 [mem 0xc9000000-0xca3fffff]
[    0.425638] pci_bus 0000:02: resource 2 [mem 0xd8400000-0xd89fffff 64bit pref]
[    0.425641] pci_bus 0000:02: resource 4 [mem 0x000a0000-0x000bffff]
[    0.425644] pci_bus 0000:02: resource 5 [mem 0x000cc000-0x000cffff]
[    0.425646] pci_bus 0000:02: resource 6 [mem 0x000d0000-0x000d3fff]
[    0.425648] pci_bus 0000:02: resource 7 [mem 0x000d4000-0x000d7fff]
[    0.425650] pci_bus 0000:02: resource 8 [mem 0x000d8000-0x000dbfff]
[    0.425653] pci_bus 0000:02: resource 9 [mem 0xc0000000-0xfebfffff]
[    0.425656] pci_bus 0000:02: resource 10 [io  0x0000-0x0cf7]
[    0.425659] pci_bus 0000:02: resource 11 [io  0x0d00-0xfeff]
[    0.425663] pci_bus 0000:03: resource 0 [io  0x4000-0x4fff]
[    0.425665] pci_bus 0000:03: resource 1 [mem 0xca400000-0xca4fffff]
[    0.425667] pci_bus 0000:03: resource 2 [mem 0xd8a00000-0xd8afffff 64bit pref]
[    0.425669] pci_bus 0000:04: resource 0 [io  0x8000-0x8fff]
[    0.425671] pci_bus 0000:04: resource 1 [mem 0xca800000-0xca8fffff]
[    0.425673] pci_bus 0000:04: resource 2 [mem 0xd8e00000-0xd8efffff 64bit pref]
[    0.425676] pci_bus 0000:05: resource 0 [io  0xc000-0xcfff]
[    0.425678] pci_bus 0000:05: resource 1 [mem 0xcac00000-0xcacfffff]
[    0.425680] pci_bus 0000:05: resource 2 [mem 0xd9200000-0xd92fffff 64bit pref]
[    0.425682] pci_bus 0000:06: resource 1 [mem 0xcb000000-0xcb0fffff]
[    0.425684] pci_bus 0000:06: resource 2 [mem 0xd9600000-0xd96fffff 64bit pref]
[    0.425687] pci_bus 0000:07: resource 1 [mem 0xcb400000-0xcb4fffff]
[    0.425689] pci_bus 0000:07: resource 2 [mem 0xd9a00000-0xd9afffff 64bit pref]
[    0.425691] pci_bus 0000:08: resource 1 [mem 0xcb800000-0xcb8fffff]
[    0.425694] pci_bus 0000:08: resource 2 [mem 0xd9e00000-0xd9efffff 64bit pref]
[    0.425697] pci_bus 0000:09: resource 1 [mem 0xcbc00000-0xcbcfffff]
[    0.425700] pci_bus 0000:09: resource 2 [mem 0xda200000-0xda2fffff 64bit pref]
[    0.425704] pci_bus 0000:0a: resource 1 [mem 0xcc000000-0xcc0fffff]
[    0.425707] pci_bus 0000:0a: resource 2 [mem 0xda600000-0xda6fffff 64bit pref]
[    0.425710] pci_bus 0000:0b: resource 0 [io  0x5000-0x5fff]
[    0.425713] pci_bus 0000:0b: resource 1 [mem 0xca500000-0xca5fffff]
[    0.425716] pci_bus 0000:0b: resource 2 [mem 0xd8b00000-0xd8bfffff 64bit pref]
[    0.425718] pci_bus 0000:0c: resource 0 [io  0x9000-0x9fff]
[    0.425721] pci_bus 0000:0c: resource 1 [mem 0xca900000-0xca9fffff]
[    0.425724] pci_bus 0000:0c: resource 2 [mem 0xd8f00000-0xd8ffffff 64bit pref]
[    0.425727] pci_bus 0000:0d: resource 0 [io  0xd000-0xdfff]
[    0.425729] pci_bus 0000:0d: resource 1 [mem 0xcad00000-0xcadfffff]
[    0.425731] pci_bus 0000:0d: resource 2 [mem 0xd9300000-0xd93fffff 64bit pref]
[    0.425734] pci_bus 0000:0e: resource 1 [mem 0xcb100000-0xcb1fffff]
[    0.425737] pci_bus 0000:0e: resource 2 [mem 0xd9700000-0xd97fffff 64bit pref]
[    0.425740] pci_bus 0000:0f: resource 1 [mem 0xcb500000-0xcb5fffff]
[    0.425743] pci_bus 0000:0f: resource 2 [mem 0xd9b00000-0xd9bfffff 64bit pref]
[    0.425746] pci_bus 0000:10: resource 1 [mem 0xcb900000-0xcb9fffff]
[    0.425749] pci_bus 0000:10: resource 2 [mem 0xd9f00000-0xd9ffffff 64bit pref]
[    0.425752] pci_bus 0000:11: resource 1 [mem 0xcbd00000-0xcbdfffff]
[    0.425755] pci_bus 0000:11: resource 2 [mem 0xda300000-0xda3fffff 64bit pref]
[    0.425759] pci_bus 0000:12: resource 1 [mem 0xcc100000-0xcc1fffff]
[    0.425762] pci_bus 0000:12: resource 2 [mem 0xda700000-0xda7fffff 64bit pref]
[    0.425764] pci_bus 0000:13: resource 0 [io  0x6000-0x6fff]
[    0.425766] pci_bus 0000:13: resource 1 [mem 0xca600000-0xca6fffff]
[    0.425769] pci_bus 0000:13: resource 2 [mem 0xd8c00000-0xd8cfffff 64bit pref]
[    0.425772] pci_bus 0000:14: resource 0 [io  0xa000-0xafff]
[    0.425774] pci_bus 0000:14: resource 1 [mem 0xcaa00000-0xcaafffff]
[    0.425777] pci_bus 0000:14: resource 2 [mem 0xd9000000-0xd90fffff 64bit pref]
[    0.425780] pci_bus 0000:15: resource 0 [io  0xe000-0xefff]
[    0.425782] pci_bus 0000:15: resource 1 [mem 0xcae00000-0xcaefffff]
[    0.425796] pci_bus 0000:15: resource 2 [mem 0xd9400000-0xd94fffff 64bit pref]
[    0.425799] pci_bus 0000:16: resource 1 [mem 0xcb200000-0xcb2fffff]
[    0.425801] pci_bus 0000:16: resource 2 [mem 0xd9800000-0xd98fffff 64bit pref]
[    0.425803] pci_bus 0000:17: resource 1 [mem 0xcb600000-0xcb6fffff]
[    0.425805] pci_bus 0000:17: resource 2 [mem 0xd9c00000-0xd9cfffff 64bit pref]
[    0.425808] pci_bus 0000:18: resource 1 [mem 0xcba00000-0xcbafffff]
[    0.425811] pci_bus 0000:18: resource 2 [mem 0xda000000-0xda0fffff 64bit pref]
[    0.425816] pci_bus 0000:19: resource 1 [mem 0xcbe00000-0xcbefffff]
[    0.425818] pci_bus 0000:19: resource 2 [mem 0xda400000-0xda4fffff 64bit pref]
[    0.425820] pci_bus 0000:1a: resource 1 [mem 0xcc200000-0xcc2fffff]
[    0.425822] pci_bus 0000:1a: resource 2 [mem 0xda800000-0xda8fffff 64bit pref]
[    0.425824] pci_bus 0000:1b: resource 0 [io  0x7000-0x7fff]
[    0.425827] pci_bus 0000:1b: resource 1 [mem 0xca700000-0xca7fffff]
[    0.425829] pci_bus 0000:1b: resource 2 [mem 0xd8d00000-0xd8dfffff 64bit pref]
[    0.425832] pci_bus 0000:1c: resource 0 [io  0xb000-0xbfff]
[    0.425836] pci_bus 0000:1c: resource 1 [mem 0xcab00000-0xcabfffff]
[    0.425838] pci_bus 0000:1c: resource 2 [mem 0xd9100000-0xd91fffff 64bit pref]
[    0.425840] pci_bus 0000:1d: resource 1 [mem 0xcaf00000-0xcaffffff]
[    0.425843] pci_bus 0000:1d: resource 2 [mem 0xd9500000-0xd95fffff 64bit pref]
[    0.425845] pci_bus 0000:1e: resource 1 [mem 0xcb300000-0xcb3fffff]
[    0.425847] pci_bus 0000:1e: resource 2 [mem 0xd9900000-0xd99fffff 64bit pref]
[    0.425850] pci_bus 0000:1f: resource 1 [mem 0xcb700000-0xcb7fffff]
[    0.425853] pci_bus 0000:1f: resource 2 [mem 0xd9d00000-0xd9dfffff 64bit pref]
[    0.425857] pci_bus 0000:20: resource 1 [mem 0xcbb00000-0xcbbfffff]
[    0.425860] pci_bus 0000:20: resource 2 [mem 0xda100000-0xda1fffff 64bit pref]
[    0.425862] pci_bus 0000:21: resource 1 [mem 0xcbf00000-0xcbffffff]
[    0.425864] pci_bus 0000:21: resource 2 [mem 0xda500000-0xda5fffff 64bit pref]
[    0.425867] pci_bus 0000:22: resource 1 [mem 0xcc300000-0xcc3fffff]
[    0.425869] pci_bus 0000:22: resource 2 [mem 0xda900000-0xda9fffff 64bit pref]
[    0.425917] NET: Registered protocol family 2
[    0.425967] IP route cache hash table entries: 32768 (order: 5, 131072 bytes)
[    0.426017] TCP established hash table entries: 131072 (order: 8, 1048576 bytes)
[    0.426067] TCP bind hash table entries: 65536 (order: 7, 524288 bytes)
[    0.426117] TCP: Hash tables configured (established 131072 bind 65536)
[    0.426131] TCP reno registered
[    0.426134] UDP hash table entries: 512 (order: 2, 16384 bytes)
[    0.426142] UDP-Lite hash table entries: 512 (order: 2, 16384 bytes)
[    0.426179] NET: Registered protocol family 1
[    0.426188] pci 0000:00:00.0: Limiting direct PCI/PCI transfers
[    0.426238] pci 0000:00:0f.0: Boot video device
[    0.426288] ACPI: PCI Interrupt Link [LNKC] enabled at IRQ 10
[    0.426292] PCI: setting IRQ 10 as level-triggered
[    0.426301] pci 0000:02:00.0: PCI INT A -> Link[LNKC] -> GSI 10 (level, low) -> IRQ 10
[    0.426397] pci 0000:02:00.0: PCI INT A disabled
[    0.426447] ACPI: PCI Interrupt Link [LNKB] enabled at IRQ 11
[    0.426449] PCI: setting IRQ 11 as level-triggered
[    0.426453] pci 0000:02:03.0: PCI INT A -> Link[LNKB] -> GSI 11 (level, low) -> IRQ 11
[    0.426503] pci 0000:02:03.0: PCI INT A disabled
[    0.426517] PCI: CLS 32 bytes, default 64
[    0.426561] Simple Boot Flag at 0x36 set to 0x1
[    0.426565] Switching to clocksource tsc
[    0.426772] audit: initializing netlink socket (disabled)
[    0.426779] type=2000 audit(1369611174.410:1): initialized
[    0.440449] Trying to unpack rootfs image as initramfs...
[    0.460535] highmem bounce pool size: 64 pages
[    0.460540] HugeTLB registered 2 MB page size, pre-allocated 0 pages
[    0.464471] VFS: Disk quotas dquot_6.5.2
[    0.464518] Dquot-cache hash table entries: 1024 (order 0, 4096 bytes)
[    0.464628] fuse init (API version 7.17)
[    0.464684] msgmni has been set to 1710
[    0.480403] Block layer SCSI generic (bsg) driver version 0.4 loaded (major 253)
[    0.480434] io scheduler noop registered
[    0.480436] io scheduler deadline registered
[    0.480442] io scheduler cfq registered (default)
[    0.480492] pcieport 0000:00:15.0: setting latency timer to 64
[    0.480542] pcieport 0000:00:15.0: irq 40 for MSI/MSI-X
[    0.480592] pcieport 0000:00:15.1: setting latency timer to 64
[    0.480642] pcieport 0000:00:15.1: irq 41 for MSI/MSI-X
[    0.480692] pcieport 0000:00:15.2: setting latency timer to 64
[    0.480742] pcieport 0000:00:15.2: irq 42 for MSI/MSI-X
[    0.480792] pcieport 0000:00:15.3: setting latency timer to 64
[    0.480842] pcieport 0000:00:15.3: irq 43 for MSI/MSI-X
[    0.480892] pcieport 0000:00:15.4: setting latency timer to 64
[    0.480942] pcieport 0000:00:15.4: irq 44 for MSI/MSI-X
[    0.480992] pcieport 0000:00:15.5: setting latency timer to 64
[    0.481042] pcieport 0000:00:15.5: irq 45 for MSI/MSI-X
[    0.481092] pcieport 0000:00:15.6: setting latency timer to 64
[    0.481142] pcieport 0000:00:15.6: irq 46 for MSI/MSI-X
[    0.481192] pcieport 0000:00:15.7: setting latency timer to 64
[    0.481242] pcieport 0000:00:15.7: irq 47 for MSI/MSI-X
[    0.481292] pcieport 0000:00:16.0: setting latency timer to 64
[    0.481342] pcieport 0000:00:16.0: irq 48 for MSI/MSI-X
[    0.481392] pcieport 0000:00:16.1: setting latency timer to 64
[    0.481442] pcieport 0000:00:16.1: irq 49 for MSI/MSI-X
[    0.481492] pcieport 0000:00:16.2: setting latency timer to 64
[    0.481542] pcieport 0000:00:16.2: irq 50 for MSI/MSI-X
[    0.481592] pcieport 0000:00:16.3: setting latency timer to 64
[    0.481642] pcieport 0000:00:16.3: irq 51 for MSI/MSI-X
[    0.481692] pcieport 0000:00:16.4: setting latency timer to 64
[    0.481742] pcieport 0000:00:16.4: irq 52 for MSI/MSI-X
[    0.481792] pcieport 0000:00:16.5: setting latency timer to 64
[    0.481842] pcieport 0000:00:16.5: irq 53 for MSI/MSI-X
[    0.481892] pcieport 0000:00:16.6: setting latency timer to 64
[    0.481942] pcieport 0000:00:16.6: irq 54 for MSI/MSI-X
[    0.481992] pcieport 0000:00:16.7: setting latency timer to 64
[    0.482042] pcieport 0000:00:16.7: irq 55 for MSI/MSI-X
[    0.482092] pcieport 0000:00:17.0: setting latency timer to 64
[    0.482142] pcieport 0000:00:17.0: irq 56 for MSI/MSI-X
[    0.482192] pcieport 0000:00:17.1: setting latency timer to 64
[    0.482242] pcieport 0000:00:17.1: irq 57 for MSI/MSI-X
[    0.482292] pcieport 0000:00:17.2: setting latency timer to 64
[    0.482342] pcieport 0000:00:17.2: irq 58 for MSI/MSI-X
[    0.482392] pcieport 0000:00:17.3: setting latency timer to 64
[    0.482442] pcieport 0000:00:17.3: irq 59 for MSI/MSI-X
[    0.482492] pcieport 0000:00:17.4: setting latency timer to 64
[    0.482542] pcieport 0000:00:17.4: irq 60 for MSI/MSI-X
[    0.482592] pcieport 0000:00:17.5: setting latency timer to 64
[    0.482642] pcieport 0000:00:17.5: irq 61 for MSI/MSI-X
[    0.482692] pcieport 0000:00:17.6: setting latency timer to 64
[    0.482742] pcieport 0000:00:17.6: irq 62 for MSI/MSI-X
[    0.482792] pcieport 0000:00:17.7: setting latency timer to 64
[    0.482842] pcieport 0000:00:17.7: irq 63 for MSI/MSI-X
[    0.482892] pcieport 0000:00:18.0: setting latency timer to 64
[    0.482942] pcieport 0000:00:18.0: irq 64 for MSI/MSI-X
[    0.482992] pcieport 0000:00:18.1: setting latency timer to 64
[    0.483042] pcieport 0000:00:18.1: irq 65 for MSI/MSI-X
[    0.483092] pcieport 0000:00:18.2: setting latency timer to 64
[    0.483142] pcieport 0000:00:18.2: irq 66 for MSI/MSI-X
[    0.483192] pcieport 0000:00:18.3: setting latency timer to 64
[    0.483242] pcieport 0000:00:18.3: irq 67 for MSI/MSI-X
[    0.483292] pcieport 0000:00:18.4: setting latency timer to 64
[    0.483342] pcieport 0000:00:18.4: irq 68 for MSI/MSI-X
[    0.483392] pcieport 0000:00:18.5: setting latency timer to 64
[    0.483442] pcieport 0000:00:18.5: irq 69 for MSI/MSI-X
[    0.483492] pcieport 0000:00:18.6: setting latency timer to 64
[    0.483542] pcieport 0000:00:18.6: irq 70 for MSI/MSI-X
[    0.483592] pcieport 0000:00:18.7: setting latency timer to 64
[    0.483642] pcieport 0000:00:18.7: irq 71 for MSI/MSI-X
[    0.483692] pcieport 0000:00:15.0: Signaling PME through PCIe PME interrupt
[    0.483714] pcie_pme 0000:00:15.0:pcie01: service driver pcie_pme loaded
[    0.483764] pcieport 0000:00:15.1: Signaling PME through PCIe PME interrupt
[    0.483786] pcie_pme 0000:00:15.1:pcie01: service driver pcie_pme loaded
[    0.483836] pcieport 0000:00:15.2: Signaling PME through PCIe PME interrupt
[    0.483857] pcie_pme 0000:00:15.2:pcie01: service driver pcie_pme loaded
[    0.483907] pcieport 0000:00:15.3: Signaling PME through PCIe PME interrupt
[    0.483928] pcie_pme 0000:00:15.3:pcie01: service driver pcie_pme loaded
[    0.483978] pcieport 0000:00:15.4: Signaling PME through PCIe PME interrupt
[    0.483999] pcie_pme 0000:00:15.4:pcie01: service driver pcie_pme loaded
[    0.484049] pcieport 0000:00:15.5: Signaling PME through PCIe PME interrupt
[    0.484071] pcie_pme 0000:00:15.5:pcie01: service driver pcie_pme loaded
[    0.484121] pcieport 0000:00:15.6: Signaling PME through PCIe PME interrupt
[    0.484142] pcie_pme 0000:00:15.6:pcie01: service driver pcie_pme loaded
[    0.484192] pcieport 0000:00:15.7: Signaling PME through PCIe PME interrupt
[    0.484213] pcie_pme 0000:00:15.7:pcie01: service driver pcie_pme loaded
[    0.484356] pcieport 0000:00:16.0: Signaling PME through PCIe PME interrupt
[    0.484378] pcie_pme 0000:00:16.0:pcie01: service driver pcie_pme loaded
[    0.484428] pcieport 0000:00:16.1: Signaling PME through PCIe PME interrupt
[    0.484449] pcie_pme 0000:00:16.1:pcie01: service driver pcie_pme loaded
[    0.484499] pcieport 0000:00:16.2: Signaling PME through PCIe PME interrupt
[    0.484520] pcie_pme 0000:00:16.2:pcie01: service driver pcie_pme loaded
[    0.484570] pcieport 0000:00:16.3: Signaling PME through PCIe PME interrupt
[    0.484592] pcie_pme 0000:00:16.3:pcie01: service driver pcie_pme loaded
[    0.484642] pcieport 0000:00:16.4: Signaling PME through PCIe PME interrupt
[    0.484663] pcie_pme 0000:00:16.4:pcie01: service driver pcie_pme loaded
[    0.484713] pcieport 0000:00:16.5: Signaling PME through PCIe PME interrupt
[    0.484734] pcie_pme 0000:00:16.5:pcie01: service driver pcie_pme loaded
[    0.484784] pcieport 0000:00:16.6: Signaling PME through PCIe PME interrupt
[    0.484805] pcie_pme 0000:00:16.6:pcie01: service driver pcie_pme loaded
[    0.484855] pcieport 0000:00:16.7: Signaling PME through PCIe PME interrupt
[    0.484877] pcie_pme 0000:00:16.7:pcie01: service driver pcie_pme loaded
[    0.484927] pcieport 0000:00:17.0: Signaling PME through PCIe PME interrupt
[    0.484948] pcie_pme 0000:00:17.0:pcie01: service driver pcie_pme loaded
[    0.484998] pcieport 0000:00:17.1: Signaling PME through PCIe PME interrupt
[    0.485019] pcie_pme 0000:00:17.1:pcie01: service driver pcie_pme loaded
[    0.485069] pcieport 0000:00:17.2: Signaling PME through PCIe PME interrupt
[    0.485091] pcie_pme 0000:00:17.2:pcie01: service driver pcie_pme loaded
[    0.485141] pcieport 0000:00:17.3: Signaling PME through PCIe PME interrupt
[    0.485162] pcie_pme 0000:00:17.3:pcie01: service driver pcie_pme loaded
[    0.485212] pcieport 0000:00:17.4: Signaling PME through PCIe PME interrupt
[    0.485233] pcie_pme 0000:00:17.4:pcie01: service driver pcie_pme loaded
[    0.485283] pcieport 0000:00:17.5: Signaling PME through PCIe PME interrupt
[    0.485313] pcie_pme 0000:00:17.5:pcie01: service driver pcie_pme loaded
[    0.485363] pcieport 0000:00:17.6: Signaling PME through PCIe PME interrupt
[    0.485385] pcie_pme 0000:00:17.6:pcie01: service driver pcie_pme loaded
[    0.485435] pcieport 0000:00:17.7: Signaling PME through PCIe PME interrupt
[    0.485456] pcie_pme 0000:00:17.7:pcie01: service driver pcie_pme loaded
[    0.485506] pcieport 0000:00:18.0: Signaling PME through PCIe PME interrupt
[    0.485527] pcie_pme 0000:00:18.0:pcie01: service driver pcie_pme loaded
[    0.485577] pcieport 0000:00:18.1: Signaling PME through PCIe PME interrupt
[    0.485599] pcie_pme 0000:00:18.1:pcie01: service driver pcie_pme loaded
[    0.485649] pcieport 0000:00:18.2: Signaling PME through PCIe PME interrupt
[    0.485670] pcie_pme 0000:00:18.2:pcie01: service driver pcie_pme loaded
[    0.485720] pcieport 0000:00:18.3: Signaling PME through PCIe PME interrupt
[    0.485742] pcie_pme 0000:00:18.3:pcie01: service driver pcie_pme loaded
[    0.485792] pcieport 0000:00:18.4: Signaling PME through PCIe PME interrupt
[    0.485813] pcie_pme 0000:00:18.4:pcie01: service driver pcie_pme loaded
[    0.485863] pcieport 0000:00:18.5: Signaling PME through PCIe PME interrupt
[    0.485894] pcie_pme 0000:00:18.5:pcie01: service driver pcie_pme loaded
[    0.485944] pcieport 0000:00:18.6: Signaling PME through PCIe PME interrupt
[    0.485966] pcie_pme 0000:00:18.6:pcie01: service driver pcie_pme loaded
[    0.486016] pcieport 0000:00:18.7: Signaling PME through PCIe PME interrupt
[    0.486037] pcie_pme 0000:00:18.7:pcie01: service driver pcie_pme loaded
[    0.486054] pci_hotplug: PCI Hot Plug PCI Core version: 0.5
[    0.486104] pciehp 0000:00:15.0:pcie04: HPC vendor_id 15ad device_id 7a0 ss_vid 15ad ss_did 7a0
[    0.486154] pciehp 0000:00:15.0:pcie04: service driver pciehp loaded
[    0.486204] pciehp 0000:00:15.1:pcie04: HPC vendor_id 15ad device_id 7a0 ss_vid 15ad ss_did 7a0
[    0.486254] pciehp 0000:00:15.1:pcie04: service driver pciehp loaded
[    0.486304] pciehp 0000:00:15.2:pcie04: HPC vendor_id 15ad device_id 7a0 ss_vid 15ad ss_did 7a0
[    0.486354] pciehp 0000:00:15.2:pcie04: service driver pciehp loaded
[    0.486404] pciehp 0000:00:15.3:pcie04: HPC vendor_id 15ad device_id 7a0 ss_vid 15ad ss_did 7a0
[    0.486454] pciehp 0000:00:15.3:pcie04: service driver pciehp loaded
[    0.486504] pciehp 0000:00:15.4:pcie04: HPC vendor_id 15ad device_id 7a0 ss_vid 15ad ss_did 7a0
[    0.486554] pciehp 0000:00:15.4:pcie04: service driver pciehp loaded
[    0.486604] pciehp 0000:00:15.5:pcie04: HPC vendor_id 15ad device_id 7a0 ss_vid 15ad ss_did 7a0
[    0.486654] pciehp 0000:00:15.5:pcie04: service driver pciehp loaded
[    0.486704] pciehp 0000:00:15.6:pcie04: HPC vendor_id 15ad device_id 7a0 ss_vid 15ad ss_did 7a0
[    0.486754] pciehp 0000:00:15.6:pcie04: service driver pciehp loaded
[    0.486804] pciehp 0000:00:15.7:pcie04: HPC vendor_id 15ad device_id 7a0 ss_vid 15ad ss_did 7a0
[    0.486854] pciehp 0000:00:15.7:pcie04: service driver pciehp loaded
[    0.486904] pciehp 0000:00:16.0:pcie04: HPC vendor_id 15ad device_id 7a0 ss_vid 15ad ss_did 7a0
[    0.486954] pciehp 0000:00:16.0:pcie04: service driver pciehp loaded
[    0.487004] pciehp 0000:00:16.1:pcie04: HPC vendor_id 15ad device_id 7a0 ss_vid 15ad ss_did 7a0
[    0.487054] pciehp 0000:00:16.1:pcie04: service driver pciehp loaded
[    0.487104] pciehp 0000:00:16.2:pcie04: HPC vendor_id 15ad device_id 7a0 ss_vid 15ad ss_did 7a0
[    0.487154] pciehp 0000:00:16.2:pcie04: service driver pciehp loaded
[    0.487204] pciehp 0000:00:16.3:pcie04: HPC vendor_id 15ad device_id 7a0 ss_vid 15ad ss_did 7a0
[    0.487254] pciehp 0000:00:16.3:pcie04: service driver pciehp loaded
[    0.487304] pciehp 0000:00:16.4:pcie04: HPC vendor_id 15ad device_id 7a0 ss_vid 15ad ss_did 7a0
[    0.487354] pciehp 0000:00:16.4:pcie04: service driver pciehp loaded
[    0.487404] pciehp 0000:00:16.5:pcie04: HPC vendor_id 15ad device_id 7a0 ss_vid 15ad ss_did 7a0
[    0.487454] pciehp 0000:00:16.5:pcie04: service driver pciehp loaded
[    0.487504] pciehp 0000:00:16.6:pcie04: HPC vendor_id 15ad device_id 7a0 ss_vid 15ad ss_did 7a0
[    0.487554] pciehp 0000:00:16.6:pcie04: service driver pciehp loaded
[    0.487604] pciehp 0000:00:16.7:pcie04: HPC vendor_id 15ad device_id 7a0 ss_vid 15ad ss_did 7a0
[    0.487654] pciehp 0000:00:16.7:pcie04: service driver pciehp loaded
[    0.487704] pciehp 0000:00:17.0:pcie04: HPC vendor_id 15ad device_id 7a0 ss_vid 15ad ss_did 7a0
[    0.487754] pciehp 0000:00:17.0:pcie04: service driver pciehp loaded
[    0.487804] pciehp 0000:00:17.1:pcie04: HPC vendor_id 15ad device_id 7a0 ss_vid 15ad ss_did 7a0
[    0.487854] pciehp 0000:00:17.1:pcie04: service driver pciehp loaded
[    0.487904] pciehp 0000:00:17.2:pcie04: HPC vendor_id 15ad device_id 7a0 ss_vid 15ad ss_did 7a0
[    0.487954] pciehp 0000:00:17.2:pcie04: service driver pciehp loaded
[    0.488004] pciehp 0000:00:17.3:pcie04: HPC vendor_id 15ad device_id 7a0 ss_vid 15ad ss_did 7a0
[    0.488054] pciehp 0000:00:17.3:pcie04: service driver pciehp loaded
[    0.488104] pciehp 0000:00:17.4:pcie04: HPC vendor_id 15ad device_id 7a0 ss_vid 15ad ss_did 7a0
[    0.488154] pciehp 0000:00:17.4:pcie04: service driver pciehp loaded
[    0.488204] pciehp 0000:00:17.5:pcie04: HPC vendor_id 15ad device_id 7a0 ss_vid 15ad ss_did 7a0
[    0.488273] pciehp 0000:00:17.5:pcie04: service driver pciehp loaded
[    0.492372] pciehp 0000:00:17.6:pcie04: HPC vendor_id 15ad device_id 7a0 ss_vid 15ad ss_did 7a0
[    0.492422] pciehp 0000:00:17.6:pcie04: service driver pciehp loaded
[    0.492472] pciehp 0000:00:17.7:pcie04: HPC vendor_id 15ad device_id 7a0 ss_vid 15ad ss_did 7a0
[    0.492522] pciehp 0000:00:17.7:pcie04: service driver pciehp loaded
[    0.492572] pciehp 0000:00:18.0:pcie04: HPC vendor_id 15ad device_id 7a0 ss_vid 15ad ss_did 7a0
[    0.492622] pciehp 0000:00:18.0:pcie04: service driver pciehp loaded
[    0.492672] pciehp 0000:00:18.1:pcie04: HPC vendor_id 15ad device_id 7a0 ss_vid 15ad ss_did 7a0
[    0.492722] pciehp 0000:00:18.1:pcie04: service driver pciehp loaded
[    0.492772] pciehp 0000:00:18.2:pcie04: HPC vendor_id 15ad device_id 7a0 ss_vid 15ad ss_did 7a0
[    0.492822] pciehp 0000:00:18.2:pcie04: service driver pciehp loaded
[    0.492872] pciehp 0000:00:18.3:pcie04: HPC vendor_id 15ad device_id 7a0 ss_vid 15ad ss_did 7a0
[    0.492922] pciehp 0000:00:18.3:pcie04: service driver pciehp loaded
[    0.492972] pciehp 0000:00:18.4:pcie04: HPC vendor_id 15ad device_id 7a0 ss_vid 15ad ss_did 7a0
[    0.493022] pciehp 0000:00:18.4:pcie04: service driver pciehp loaded
[    0.493072] pciehp 0000:00:18.5:pcie04: HPC vendor_id 15ad device_id 7a0 ss_vid 15ad ss_did 7a0
[    0.493122] pciehp 0000:00:18.5:pcie04: service driver pciehp loaded
[    0.493172] pciehp 0000:00:18.6:pcie04: HPC vendor_id 15ad device_id 7a0 ss_vid 15ad ss_did 7a0
[    0.493222] pciehp 0000:00:18.6:pcie04: service driver pciehp loaded
[    0.493272] pciehp 0000:00:18.7:pcie04: HPC vendor_id 15ad device_id 7a0 ss_vid 15ad ss_did 7a0
[    0.493322] pciehp 0000:00:18.7:pcie04: service driver pciehp loaded
[    0.493330] pciehp: PCI Express Hot Plug Controller Driver version: 0.4
[    0.493380] ACPI: Deprecated procfs I/F for AC is loaded, please retry with CONFIG_ACPI_PROCFS_POWER cleared
[    0.493434] ACPI: AC Adapter [ACAD] (on-line)
[    0.493497] input: Power Button as /devices/LNXSYSTM:00/LNXPWRBN:00/input/input0
[    0.493501] ACPI: Power Button [PWRF]
[    0.516335] ERST: Table is not found!
[    0.516338] GHES: HEST is not enabled!
[    0.516439] Serial: 8250/16550 driver, 32 ports, IRQ sharing enabled
[    0.540170] serial8250: ttyS0 at I/O 0x3f8 (irq = 4) is a 16550A
[    0.544291] isapnp: Scanning for PnP cards...
[    0.680012] serial8250: ttyS1 at I/O 0x2f8 (irq = 3) is a 16550A
[    0.727892] 00:0a: ttyS0 at I/O 0x3f8 (irq = 4) is a 16550A
[    0.819757] 00:0b: ttyS1 at I/O 0x2f8 (irq = 3) is a 16550A
[    0.844042] Linux agpgart interface v0.103
[    0.844092] agpgart-intel 0000:00:00.0: Intel 440BX Chipset
[    0.844176] agpgart-intel 0000:00:00.0: AGP aperture is 256M @ 0x0
[    0.844903] brd: module loaded
[    0.845359] loop: module loaded
[    0.845409] ata_piix 0000:00:07.1: version 2.13
[    0.847816] scsi0 : ata_piix
[    0.847882] scsi1 : ata_piix
[    0.847911] ata1: PATA max UDMA/33 cmd 0x1f0 ctl 0x3f6 bmdma 0x10c0 irq 14
[    0.847913] ata2: PATA max UDMA/33 cmd 0x170 ctl 0x376 bmdma 0x10c8 irq 15
[    0.847966] Fixed MDIO Bus: probed
[    0.847978] tun: Universal TUN/TAP device driver, 1.6
[    0.847980] tun: (C) 1999-2004 Max Krasnyansky <maxk@qualcomm.com>
[    0.848028] PPP generic driver version 2.4.2
[    0.848085] ehci_hcd: USB 2.0 'Enhanced' Host Controller (EHCI) Driver
[    0.848115] ehci_hcd 0000:02:03.0: PCI INT A -> Link[LNKB] -> GSI 11 (level, low) -> IRQ 11
[    0.848156] ehci_hcd 0000:02:03.0: EHCI Host Controller
[    0.848194] ehci_hcd 0000:02:03.0: new USB bus registered, assigned bus number 1
[    0.848244] ehci_hcd 0000:02:03.0: cache line size of 32 is not supported
[    0.848251] ehci_hcd 0000:02:03.0: irq 11, io mem 0xc9000000
[    0.895549] ehci_hcd 0000:02:03.0: USB 2.0 started, EHCI 1.00
[    1.051547] hub 1-0:1.0: USB hub found
[    1.051552] hub 1-0:1.0: 6 ports detected
[    1.051604] ohci_hcd: USB 1.1 'Open' Host Controller (OHCI) Driver
[    1.051618] uhci_hcd: USB Universal Host Controller Interface driver
[    1.051658] uhci_hcd 0000:02:00.0: PCI INT A -> Link[LNKC] -> GSI 10 (level, low) -> IRQ 10
[    1.051693] uhci_hcd 0000:02:00.0: UHCI Host Controller
[    1.051732] uhci_hcd 0000:02:00.0: new USB bus registered, assigned bus number 2
[    1.051836] uhci_hcd 0000:02:00.0: irq 10, io base 0x000020c0
[    1.051948] hub 2-0:1.0: USB hub found
[    1.051951] hub 2-0:1.0: 2 ports detected
[    1.052003] usbcore: registered new interface driver libusual
[    1.052039] i8042: PNP: PS/2 Controller [PNP0303:KBC,PNP0f13:MOUS] at 0x60,0x64 irq 1,12
[    1.052370] serio: i8042 KBD port at 0x60,0x64 irq 1
[    1.052376] serio: i8042 AUX port at 0x60,0x64 irq 12
[    1.052463] mousedev: PS/2 mouse device common for all mice
[    1.072593] rtc_cmos 00:04: rtc core: registered rtc_cmos as rtc0
[    1.072614] rtc0: alarms up to one month, y3k, 114 bytes nvram, hpet irqs
[    1.072666] device-mapper: uevent: version 1.0.3
[    1.072721] device-mapper: ioctl: 4.22.0-ioctl (2011-10-19) initialised: dm-devel@redhat.com
[    1.072757] EISA: Probing bus 0 at eisa.0
[    1.072759] EISA: Cannot allocate resource for mainboard
[    1.072761] Cannot allocate resource for EISA slot 1
[    1.072763] Cannot allocate resource for EISA slot 2
[    1.072764] Cannot allocate resource for EISA slot 3
[    1.072766] Cannot allocate resource for EISA slot 4
[    1.072768] Cannot allocate resource for EISA slot 5
[    1.072769] Cannot allocate resource for EISA slot 6
[    1.072771] Cannot allocate resource for EISA slot 7
[    1.072772] Cannot allocate resource for EISA slot 8
[    1.072774] EISA: Detected 0 cards.
[    1.072782] cpufreq-nforce2: No nForce2 chipset.
[    1.072784] cpuidle: using governor ladder
[    1.072786] cpuidle: using governor menu
[    1.072787] EFI Variables Facility v0.08 2004-May-17
[    1.072839] TCP cubic registered
[    1.072891] NET: Registered protocol family 10
[    1.072943] NET: Registered protocol family 17
[    1.072948] Registering the dns_resolver key type
[    1.072983] Using IPI No-Shortcut mode
[    1.073076] PM: Hibernation image not present or could not be loaded.
[    1.073085] registered taskstats version 1
[    1.075549] Freeing initrd memory: 13836k freed
[    1.076385] ata2.00: ATAPI: VMware Virtual IDE CDROM Drive, 00000001, max UDMA/33
[    1.077436] ata2.00: configured for UDMA/33
[    1.077640] input: AT Translated Set 2 keyboard as /devices/platform/i8042/serio0/input/input1
[    1.123456]   Magic number: 13:865:555
[    1.123568] rtc_cmos 00:04: setting system clock to 2013-05-26 23:32:56 UTC (1369611176)
[    1.123581] BIOS EDD facility v0.16 2004-Jun-25, 0 devices found
[    1.123583] EDD information not available.
[    1.167527] isapnp: No Plug & Play device found
[    1.167820] scsi 1:0:0:0: CD-ROM            NECVMWar VMware IDE CDR10 1.00 PQ: 0 ANSI: 5
[    1.168478] sr0: scsi3-mmc drive: 306x/306x cd/rw xa/form2 cdda tray
[    1.168482] cdrom: Uniform CD-ROM driver Revision: 3.20
[    1.168582] sr 1:0:0:0: Attached scsi CD-ROM sr0
[    1.168632] sr 1:0:0:0: Attached scsi generic sg0 type 5
[    1.168698] Freeing unused kernel memory: 740k freed
[    1.168750] Write protecting the kernel text: 5816k
[    1.168759] Write protecting the kernel read-only data: 2376k
[    1.168761] NX-protecting the kernel data: 4424k
[    1.178893] udevd[85]: starting version 175
[    1.195643] VMware vmxnet3 virtual NIC driver - version 1.1.29.0-k-NAPI
[    1.198478] VMware PVSCSI driver - version 1.0.1.0-k
[    1.203575] VMware vmxnet virtual NIC driver
[    1.203627] ACPI: PCI Interrupt Link [LNKD] enabled at IRQ 5
[    1.203630] PCI: setting IRQ 5 as level-triggered
[    1.203636] vmxnet 0000:02:01.0: PCI INT A -> Link[LNKD] -> GSI 5 (level, low) -> IRQ 5
[    1.203688] Found vmxnet/PCI at 0x2024, irq 5.
[    1.203740] features:
[    1.203752] numRxBuffers = 100, numRxBuffers2 = 1
[    1.203804] vmxnet 0000:02:01.0: eth0: set_features() failed (-1); wanted 0x00004000, left 0x00004800
[    1.220661] Fusion MPT base driver 3.04.20
[    1.220665] Copyright (c) 1999-2008 LSI Corporation
[    1.220847] Fusion MPT SPI Host driver 3.04.20
[    1.220891] mptspi 0000:00:10.0: PCI INT A -> Link[LNKB] -> GSI 11 (level, low) -> IRQ 11
[    1.225975] mptbase: ioc0: Initiating bringup
[    1.242369] Floppy drive(s): fd0 is 1.44M
[    1.255466] FDC 0 is a post-1991 82077
[    1.295205] ioc0: LSI53C1030 B0: Capabilities={Initiator}
[    1.379011] usb 2-1: new full-speed USB device number 2 using uhci_hcd
[    1.454988] scsi2 : ioc0: LSI53C1030 B0, FwRev=01032920h, Ports=1, MaxQ=128, IRQ=11
[    1.511312] input: VMware VMware Virtual USB Mouse as /devices/pci0000:00/0000:00:11.0/0000:02:00.0/usb2/2-1/2-1:1.0/input/input2
[    1.511472] generic-usb 0003:0E0F:0003.0001: input,hidraw0: USB HID v1.10 Mouse [VMware VMware Virtual USB Mouse] on usb-0000:02:00.0-1/input0
[    1.512154] input: VMware VMware Virtual USB Mouse as /devices/pci0000:00/0000:00:11.0/0000:02:00.0/usb2/2-1/2-1:1.1/input/input3
[    1.512323] generic-usb 0003:0E0F:0003.0002: input,hidraw1: USB HID v1.10 Mouse [VMware VMware Virtual USB Mouse] on usb-0000:02:00.0-1/input1
[    1.512475] usbcore: registered new interface driver usbhid
[    1.512477] usbhid: USB HID core driver
[    1.567573] scsi 2:0:0:0: Direct-Access     VMware,  VMware Virtual S 1.0  PQ: 0 ANSI: 2
[    1.567582] scsi target2:0:0: Beginning Domain Validation
[    1.568154] scsi target2:0:0: Domain Validation skipping write tests
[    1.568157] scsi target2:0:0: Ending Domain Validation
[    1.568209] scsi target2:0:0: FAST-40 WIDE SCSI 80.0 MB/s ST (25 ns, offset 127)
[    1.570307] sd 2:0:0:0: [sda] 41943040 512-byte logical blocks: (21.4 GB/20.0 GiB)
[    1.570364] sd 2:0:0:0: [sda] Write Protect is off
[    1.570367] sd 2:0:0:0: [sda] Mode Sense: 61 00 00 00
[    1.570421] sd 2:0:0:0: [sda] Cache data unavailable
[    1.570424] sd 2:0:0:0: [sda] Assuming drive cache: write through
[    1.570730] sd 2:0:0:0: [sda] Cache data unavailable
[    1.570732] sd 2:0:0:0: [sda] Assuming drive cache: write through
[    1.571460]  sda: sda1 sda2 < sda5 >
[    1.571792] sd 2:0:0:0: [sda] Cache data unavailable
[    1.571795] sd 2:0:0:0: [sda] Assuming drive cache: write through
[    1.571797] sd 2:0:0:0: [sda] Attached SCSI disk
[    1.573538] sd 2:0:0:0: Attached scsi generic sg1 type 0
[    1.601830] EXT4-fs (sda1): INFO: recovery required on readonly filesystem
[    1.601834] EXT4-fs (sda1): write access will be enabled during recovery
[    1.618661] usb 2-2: new full-speed USB device number 3 using uhci_hcd
[    1.728271] EXT4-fs (sda1): recovery complete
[    1.728808] EXT4-fs (sda1): mounted filesystem with ordered data mode. Opts: (null)
[    1.758564] hub 2-2:1.0: USB hub found
[    1.759605] hub 2-2:1.0: 7 ports detected
[    3.121350] ADDRCONF(NETDEV_UP): eth0: link is not ready
[    3.126735] udevd[328]: starting version 175
[    3.165857] lp: driver loaded but no devices found
[    3.182039] Adding 1046524k swap on /dev/sda5.  Priority:-1 extents:1 across:1046524k 
[    3.249783] EXT4-fs (sda1): re-mounted. Opts: errors=remount-ro
[    3.274318] shpchp: Standard Hot Plug PCI Controller Driver version: 0.4
[    3.293692] [391]: VMCI: shared components initialized.
[    3.293714] Probing for vmci/PCI.
[    3.293863] ACPI: PCI Interrupt Link [LNKA] enabled at IRQ 9
[    3.293866] PCI: setting IRQ 9 as level-triggered
[    3.293871] vmci 0000:00:07.7: PCI INT A -> Link[LNKA] -> GSI 9 (level, low) -> IRQ 9
[    3.293907] Found vmci/PCI at 0x1080, irq 9.
[    3.293943] VMCI: using capabilities 0xc.
[    3.294006] [391]: VMCI: Host capability check passed.
[    3.294288] vmci 0000:00:07.7: irq 72 for MSI/MSI-X
[    3.294315] vmci 0000:00:07.7: irq 73 for MSI/MSI-X
[    3.294482] Registered vmci device.
[    3.309481] [391]: VMCI: Using guest personality
[    3.309485] [391]: VMCI: host components initialized.
[    3.309726] piix4_smbus 0000:00:07.3: Host SMBus controller not enabled!
[    3.316107] [391]: VMCI: Module registered (name=vmci,major=10,minor=57).
[    3.316107] [391]: VMCI: Using host personality
[    3.316107] [391]: VMCI: Module (name=vmci) is initialized
[    3.386604] ppdev: user-space parallel port driver
[    3.388001] parport_pc 00:09: reported by Plug and Play ACPI
[    3.388269] parport0: PC-style at 0x378, irq 7 [PCSPP,TRISTATE]
[    3.397890] Bluetooth: Core ver 2.16
[    3.397929] NET: Registered protocol family 31
[    3.397931] Bluetooth: HCI device and connection manager initialized
[    3.397933] Bluetooth: HCI socket layer initialized
[    3.397934] Bluetooth: L2CAP socket layer initialized
[    3.397939] Bluetooth: SCO socket layer initialized
[    3.413084] Bluetooth: BNEP (Ethernet Emulation) ver 1.3
[    3.413087] Bluetooth: BNEP filters: protocol multicast
[    3.431735] Bluetooth: RFCOMM TTY layer initialized
[    3.431740] Bluetooth: RFCOMM socket layer initialized
[    3.431742] Bluetooth: RFCOMM ver 1.11
[    3.484094] lp0: using parport0 (interrupt-driven).
[    3.497116] type=1400 audit(1369611178.874:2): apparmor="STATUS" operation="profile_load" name="/usr/lib/cups/backend/cups-pdf" pid=579 comm="apparmor_parser"
[    3.497525] type=1400 audit(1369611178.874:3): apparmor="STATUS" operation="profile_load" name="/usr/sbin/cupsd" pid=579 comm="apparmor_parser"
[    3.589897] type=1400 audit(1369611178.966:4): apparmor="STATUS" operation="profile_load" name="/sbin/dhclient" pid=605 comm="apparmor_parser"
[    3.589978] type=1400 audit(1369611178.966:5): apparmor="STATUS" operation="profile_load" name="/usr/lib/NetworkManager/nm-dhcp-client.action" pid=605 comm="apparmor_parser"
[    3.590055] type=1400 audit(1369611178.966:6): apparmor="STATUS" operation="profile_load" name="/usr/lib/connman/scripts/dhclient-script" pid=605 comm="apparmor_parser"
[    3.680035] input: ImPS/2 Generic Wheel Mouse as /devices/platform/i8042/serio1/input/input4
[    3.829738] snd_ens1371 0000:02:02.0: PCI INT A -> Link[LNKA] -> GSI 9 (level, low) -> IRQ 9
[    3.865738] init: failsafe main process (676) killed by TERM signal
[    3.956525] type=1400 audit(1369611179.334:7): apparmor="STATUS" operation="profile_load" name="/usr/lib/lightdm/lightdm/lightdm-guest-session-wrapper" pid=806 comm="apparmor_parser"
[    3.957321] type=1400 audit(1369611179.334:8): apparmor="STATUS" operation="profile_replace" name="/sbin/dhclient" pid=807 comm="apparmor_parser"
[    3.958494] type=1400 audit(1369611179.334:9): apparmor="STATUS" operation="profile_replace" name="/usr/lib/NetworkManager/nm-dhcp-client.action" pid=807 comm="apparmor_parser"
[    3.958570] type=1400 audit(1369611179.334:10): apparmor="STATUS" operation="profile_replace" name="/usr/lib/connman/scripts/dhclient-script" pid=807 comm="apparmor_parser"
[    4.105544] init: alsa-restore main process (867) terminated with status 19
