[    0.000000] random 0000 0000 0000 00000000 00000000: rand_read_num 1 get_random_bytes(8): sig 00000000 00000000 00000000
[    0.000000] random 0000 0000 0000 00000000 00000000: extract_entropy(.. 8 ..)
[    0.000000] random 0000 0000 0000 00000000 00000000: going to reseed nonblocking with 64 bits (64 of 0 requested)
[    0.000000] random 0000 0000 0000 00000000 00000000: extract_entropy(.. 8 ..)
[    0.000000] random 0000 0000 0000 00000000 00000000: trying to extract 64 bits from input
[    0.000000] random 0000 0000 0000 00000000 00000000: debiting 0 entropy credits from input
[    0.000000] random 0000 0000 0000 00000000 00000000: extract_entropy account returned: 0 
[    0.000000] random 0000 0000 0000 00000000 00000000: urand_change_num 1 xfer_secondary_pool(8): pool_sig 00000000, data_sig 00000000, bytes_mixed 0 00000000 00000000
[    0.000000] random 0000 0000 0000 00000000 00000000: trying to extract 64 bits from nonblocking
[    0.000000] random 0000 0000 0000 00000000 00000000: debiting 64 entropy credits from nonblocking (unlimited)
[    0.000000] random 0000 0000 0000 00000000 00000000: extract_entropy account returned: 8 
[    0.000000] random 0000 0000 0000 00000000 00000000: urand_change_num 2 extract_buf: pool_sig 00000000, data_sig fffffff9, bytes_mixed 20 00000000 00000000
[    0.000000] Initializing cgroup subsys cpuset
[    0.000000] Initializing cgroup subsys cpu
[    0.000000] Linux version 2.6.32.57 (dcashman@ubuntu) (gcc version 4.6.3 (Ubuntu/Linaro 4.6.3-1ubuntu5) ) #4 SMP Fri May 24 11:09:26 PDT 2013
[    0.000000] KERNEL supported cpus:
[    0.000000]   Intel GenuineIntel
[    0.000000]   AMD AuthenticAMD
[    0.000000]   NSC Geode by NSC
[    0.000000]   Cyrix CyrixInstead
[    0.000000]   Centaur CentaurHauls
[    0.000000]   Transmeta GenuineTMx86
[    0.000000]   Transmeta TransmetaCPU
[    0.000000]   UMC UMC UMC UMC
[    0.000000] BIOS-provided physical RAM map:
[    0.000000]  BIOS-e820: 0000000000000000 - 000000000009f000 (usable)
[    0.000000]  BIOS-e820: 000000000009f000 - 00000000000a0000 (reserved)
[    0.000000]  BIOS-e820: 00000000000ca000 - 00000000000cc000 (reserved)
[    0.000000]  BIOS-e820: 00000000000dc000 - 0000000000100000 (reserved)
[    0.000000]  BIOS-e820: 0000000000100000 - 000000003fee0000 (usable)
[    0.000000]  BIOS-e820: 000000003fee0000 - 000000003feff000 (ACPI data)
[    0.000000]  BIOS-e820: 000000003feff000 - 000000003ff00000 (ACPI NVS)
[    0.000000]  BIOS-e820: 000000003ff00000 - 0000000040000000 (usable)
[    0.000000]  BIOS-e820: 00000000e0000000 - 00000000f0000000 (reserved)
[    0.000000]  BIOS-e820: 00000000fec00000 - 00000000fec10000 (reserved)
[    0.000000]  BIOS-e820: 00000000fee00000 - 00000000fee01000 (reserved)
[    0.000000]  BIOS-e820: 00000000fffe0000 - 0000000100000000 (reserved)
[    0.000000] DMI present.
[    0.000000] Phoenix BIOS detected: BIOS may corrupt low RAM, working around it.
[    0.000000] e820 update range: 0000000000000000 - 0000000000010000 (usable) ==> (reserved)
[    0.000000] last_pfn = 0x40000 max_arch_pfn = 0x1000000
[    0.000000] MTRR default type: uncachable
[    0.000000] MTRR fixed ranges enabled:
[    0.000000]   00000-9FFFF write-back
[    0.000000]   A0000-BFFFF uncachable
[    0.000000]   C0000-CBFFF write-protect
[    0.000000]   CC000-EFFFF uncachable
[    0.000000]   F0000-FFFFF write-protect
[    0.000000] MTRR variable ranges enabled:
[    0.000000]   0 base 0000000000 mask FFC0000000 write-back
[    0.000000]   1 disabled
[    0.000000]   2 disabled
[    0.000000]   3 disabled
[    0.000000]   4 disabled
[    0.000000]   5 disabled
[    0.000000]   6 disabled
[    0.000000]   7 disabled
[    0.000000] x86 PAT enabled: cpu 0, old 0x0, new 0x7010600070106
[    0.000000] Scanning 0 areas for low memory corruption
[    0.000000] modified physical RAM map:
[    0.000000]  modified: 0000000000000000 - 0000000000010000 (reserved)
[    0.000000]  modified: 0000000000010000 - 000000000009f000 (usable)
[    0.000000]  modified: 000000000009f000 - 00000000000a0000 (reserved)
[    0.000000]  modified: 00000000000ca000 - 00000000000cc000 (reserved)
[    0.000000]  modified: 00000000000dc000 - 0000000000100000 (reserved)
[    0.000000]  modified: 0000000000100000 - 000000003fee0000 (usable)
[    0.000000]  modified: 000000003fee0000 - 000000003feff000 (ACPI data)
[    0.000000]  modified: 000000003feff000 - 000000003ff00000 (ACPI NVS)
[    0.000000]  modified: 000000003ff00000 - 0000000040000000 (usable)
[    0.000000]  modified: 00000000e0000000 - 00000000f0000000 (reserved)
[    0.000000]  modified: 00000000fec00000 - 00000000fec10000 (reserved)
[    0.000000]  modified: 00000000fee00000 - 00000000fee01000 (reserved)
[    0.000000]  modified: 00000000fffe0000 - 0000000100000000 (reserved)
[    0.000000] initial memory mapped : 0 - 01e00000
[    0.000000] init_memory_mapping: 0000000000000000-00000000379fe000
[    0.000000] NX (Execute Disable) protection: active
[    0.000000]  0000000000 - 0000200000 page 4k
[    0.000000]  0000200000 - 0037800000 page 2M
[    0.000000]  0037800000 - 00379fe000 page 4k
[    0.000000] kernel direct mapping tables up to 379fe000 @ 10000-16000
[    0.000000] RAMDISK: 2dcfc000 - 32e758c3
[    0.000000] ACPI: RSDP 000f6b80 00024 (v02 PTLTD )
[    0.000000] ACPI: XSDT 3feed636 0005C (v01 INTEL  440BX    06040000 VMW  01324272)
[    0.000000] ACPI: FACP 3fefee98 000F4 (v04 INTEL  440BX    06040000 PTL  000F4240)
[    0.000000] ACPI: DSDT 3feee366 10B32 (v01 PTLTD  Custom   06040000 MSFT 03000001)
[    0.000000] ACPI: FACS 3fefffc0 00040
[    0.000000] ACPI: BOOT 3feee33e 00028 (v01 PTLTD  $SBFTBL$ 06040000  LTP 00000001)
[    0.000000] ACPI: APIC 3feedc3e 003C2 (v01 PTLTD  ? APIC   06040000  LTP 00000000)
[    0.000000] ACPI: MCFG 3feedc02 0003C (v01 PTLTD  $PCITBL$ 06040000  LTP 00000001)
[    0.000000] ACPI: SRAT 3feed732 004D0 (v02 VMWARE MEMPLUG  06040000 VMW  00000001)
[    0.000000] ACPI: HPET 3feed6fa 00038 (v01 VMWARE VMW HPET 06040000 VMW  00000001)
[    0.000000] ACPI: WAET 3feed6d2 00028 (v01 VMWARE VMW WAET 06040000 VMW  00000001)
[    0.000000] ACPI: Local APIC address 0xfee00000
[    0.000000] 134MB HIGHMEM available.
[    0.000000] 889MB LOWMEM available.
[    0.000000]   mapped low ram: 0 - 379fe000
[    0.000000]   low ram: 0 - 379fe000
[    0.000000]   node 0 low ram: 00000000 - 379fe000
[    0.000000]   node 0 bootmap 00012000 - 00018f40
[    0.000000] (9 early reservations) ==> bootmem [0000000000 - 00379fe000]
[    0.000000]   #0 [0000000000 - 0000001000]   BIOS data page ==> [0000000000 - 0000001000]
[    0.000000]   #1 [0000001000 - 0000002000]    EX TRAMPOLINE ==> [0000001000 - 0000002000]
[    0.000000]   #2 [0000006000 - 0000007000]       TRAMPOLINE ==> [0000006000 - 0000007000]
[    0.000000]   #3 [0001000000 - 0001a75ff8]    TEXT DATA BSS ==> [0001000000 - 0001a75ff8]
[    0.000000]   #4 [002dcfc000 - 0032e758c3]          RAMDISK ==> [002dcfc000 - 0032e758c3]
[    0.000000]   #5 [000009f000 - 0000100000]    BIOS reserved ==> [000009f000 - 0000100000]
[    0.000000]   #6 [0001a76000 - 0001a851c0]              BRK ==> [0001a76000 - 0001a851c0]
[    0.000000]   #7 [0000010000 - 0000012000]          PGTABLE ==> [0000010000 - 0000012000]
[    0.000000]   #8 [0000012000 - 0000019000]          BOOTMAP ==> [0000012000 - 0000019000]
[    0.000000] found SMP MP-table at [c00f6bf0] f6bf0
[    0.000000] Zone PFN ranges:
[    0.000000]   DMA      0x00000010 -> 0x00001000
[    0.000000]   Normal   0x00001000 -> 0x000379fe
[    0.000000]   HighMem  0x000379fe -> 0x00040000
[    0.000000] Movable zone start PFN for each node
[    0.000000] early_node_map[3] active PFN ranges
[    0.000000]     0: 0x00000010 -> 0x0000009f
[    0.000000]     0: 0x00000100 -> 0x0003fee0
[    0.000000]     0: 0x0003ff00 -> 0x00040000
[    0.000000] On node 0 totalpages: 261999
[    0.000000] free_area_init_node: node 0, pgdat c1715200, node_mem_map c1a87200
[    0.000000]   DMA zone: 32 pages used for memmap
[    0.000000]   DMA zone: 0 pages reserved
[    0.000000]   DMA zone: 3951 pages, LIFO batch:0
[    0.000000]   Normal zone: 1748 pages used for memmap
[    0.000000]   Normal zone: 221994 pages, LIFO batch:31
[    0.000000]   HighMem zone: 269 pages used for memmap
[    0.000000]   HighMem zone: 34005 pages, LIFO batch:7
[    0.000000] Using APIC driver default
[    0.000000] ACPI: PM-Timer IO Port: 0x1008
[    0.000000] ACPI: Local APIC address 0xfee00000
[    0.000000] ACPI: LAPIC (acpi_id[0x00] lapic_id[0x00] enabled)
[    0.000000] ACPI: LAPIC (acpi_id[0x01] lapic_id[0x02] disabled)
[    0.000000] ACPI: LAPIC (acpi_id[0x02] lapic_id[0x04] disabled)
[    0.000000] ACPI: LAPIC (acpi_id[0x03] lapic_id[0x06] disabled)
[    0.000000] ACPI: LAPIC (acpi_id[0x04] lapic_id[0x08] disabled)
[    0.000000] ACPI: LAPIC (acpi_id[0x05] lapic_id[0x0a] disabled)
[    0.000000] ACPI: LAPIC (acpi_id[0x06] lapic_id[0x0c] disabled)
[    0.000000] ACPI: LAPIC (acpi_id[0x07] lapic_id[0x0e] disabled)
[    0.000000] ACPI: LAPIC (acpi_id[0x08] lapic_id[0x10] disabled)
[    0.000000] ACPI: LAPIC (acpi_id[0x09] lapic_id[0x12] disabled)
[    0.000000] ACPI: LAPIC (acpi_id[0x0a] lapic_id[0x14] disabled)
[    0.000000] ACPI: LAPIC (acpi_id[0x0b] lapic_id[0x16] disabled)
[    0.000000] ACPI: LAPIC (acpi_id[0x0c] lapic_id[0x18] disabled)
[    0.000000] ACPI: LAPIC (acpi_id[0x0d] lapic_id[0x1a] disabled)
[    0.000000] ACPI: LAPIC (acpi_id[0x0e] lapic_id[0x1c] disabled)
[    0.000000] ACPI: LAPIC (acpi_id[0x0f] lapic_id[0x1e] disabled)
[    0.000000] ACPI: LAPIC (acpi_id[0x10] lapic_id[0x20] disabled)
[    0.000000] ACPI: LAPIC (acpi_id[0x11] lapic_id[0x22] disabled)
[    0.000000] ACPI: LAPIC (acpi_id[0x12] lapic_id[0x24] disabled)
[    0.000000] ACPI: LAPIC (acpi_id[0x13] lapic_id[0x26] disabled)
[    0.000000] ACPI: LAPIC (acpi_id[0x14] lapic_id[0x28] disabled)
[    0.000000] ACPI: LAPIC (acpi_id[0x15] lapic_id[0x2a] disabled)
[    0.000000] ACPI: LAPIC (acpi_id[0x16] lapic_id[0x2c] disabled)
[    0.000000] ACPI: LAPIC (acpi_id[0x17] lapic_id[0x2e] disabled)
[    0.000000] ACPI: LAPIC (acpi_id[0x18] lapic_id[0x30] disabled)
[    0.000000] ACPI: LAPIC (acpi_id[0x19] lapic_id[0x32] disabled)
[    0.000000] ACPI: LAPIC (acpi_id[0x1a] lapic_id[0x34] disabled)
[    0.000000] ACPI: LAPIC (acpi_id[0x1b] lapic_id[0x36] disabled)
[    0.000000] ACPI: LAPIC (acpi_id[0x1c] lapic_id[0x38] disabled)
[    0.000000] ACPI: LAPIC (acpi_id[0x1d] lapic_id[0x3a] disabled)
[    0.000000] ACPI: LAPIC (acpi_id[0x1e] lapic_id[0x3c] disabled)
[    0.000000] ACPI: LAPIC (acpi_id[0x1f] lapic_id[0x3e] disabled)
[    0.000000] ACPI: LAPIC (acpi_id[0x20] lapic_id[0x40] disabled)
[    0.000000] ACPI: LAPIC (acpi_id[0x21] lapic_id[0x42] disabled)
[    0.000000] ACPI: LAPIC (acpi_id[0x22] lapic_id[0x44] disabled)
[    0.000000] ACPI: LAPIC (acpi_id[0x23] lapic_id[0x46] disabled)
[    0.000000] ACPI: LAPIC (acpi_id[0x24] lapic_id[0x48] disabled)
[    0.000000] ACPI: LAPIC (acpi_id[0x25] lapic_id[0x4a] disabled)
[    0.000000] ACPI: LAPIC (acpi_id[0x26] lapic_id[0x4c] disabled)
[    0.000000] ACPI: LAPIC (acpi_id[0x27] lapic_id[0x4e] disabled)
[    0.000000] ACPI: LAPIC (acpi_id[0x28] lapic_id[0x50] disabled)
[    0.000000] ACPI: LAPIC (acpi_id[0x29] lapic_id[0x52] disabled)
[    0.000000] ACPI: LAPIC (acpi_id[0x2a] lapic_id[0x54] disabled)
[    0.000000] ACPI: LAPIC (acpi_id[0x2b] lapic_id[0x56] disabled)
[    0.000000] ACPI: LAPIC (acpi_id[0x2c] lapic_id[0x58] disabled)
[    0.000000] ACPI: LAPIC (acpi_id[0x2d] lapic_id[0x5a] disabled)
[    0.000000] ACPI: LAPIC (acpi_id[0x2e] lapic_id[0x5c] disabled)
[    0.000000] ACPI: LAPIC (acpi_id[0x2f] lapic_id[0x5e] disabled)
[    0.000000] ACPI: LAPIC (acpi_id[0x30] lapic_id[0x60] disabled)
[    0.000000] ACPI: LAPIC (acpi_id[0x31] lapic_id[0x62] disabled)
[    0.000000] ACPI: LAPIC (acpi_id[0x32] lapic_id[0x64] disabled)
[    0.000000] ACPI: LAPIC (acpi_id[0x33] lapic_id[0x66] disabled)
[    0.000000] ACPI: LAPIC (acpi_id[0x34] lapic_id[0x68] disabled)
[    0.000000] ACPI: LAPIC (acpi_id[0x35] lapic_id[0x6a] disabled)
[    0.000000] ACPI: LAPIC (acpi_id[0x36] lapic_id[0x6c] disabled)
[    0.000000] ACPI: LAPIC (acpi_id[0x37] lapic_id[0x6e] disabled)
[    0.000000] ACPI: LAPIC (acpi_id[0x38] lapic_id[0x70] disabled)
[    0.000000] ACPI: LAPIC (acpi_id[0x39] lapic_id[0x72] disabled)
[    0.000000] ACPI: LAPIC (acpi_id[0x3a] lapic_id[0x74] disabled)
[    0.000000] ACPI: LAPIC (acpi_id[0x3b] lapic_id[0x76] disabled)
[    0.000000] ACPI: LAPIC (acpi_id[0x3c] lapic_id[0x78] disabled)
[    0.000000] ACPI: LAPIC (acpi_id[0x3d] lapic_id[0x7a] disabled)
[    0.000000] ACPI: LAPIC (acpi_id[0x3e] lapic_id[0x7c] disabled)
[    0.000000] ACPI: LAPIC (acpi_id[0x3f] lapic_id[0x7e] disabled)
[    0.000000] ACPI: LAPIC_NMI (acpi_id[0x00] high edge lint[0x1])
[    0.000000] ACPI: LAPIC_NMI (acpi_id[0x01] high edge lint[0x1])
[    0.000000] ACPI: LAPIC_NMI (acpi_id[0x02] high edge lint[0x1])
[    0.000000] ACPI: LAPIC_NMI (acpi_id[0x03] high edge lint[0x1])
[    0.000000] ACPI: LAPIC_NMI (acpi_id[0x04] high edge lint[0x1])
[    0.000000] ACPI: LAPIC_NMI (acpi_id[0x05] high edge lint[0x1])
[    0.000000] ACPI: LAPIC_NMI (acpi_id[0x06] high edge lint[0x1])
[    0.000000] ACPI: LAPIC_NMI (acpi_id[0x07] high edge lint[0x1])
[    0.000000] ACPI: LAPIC_NMI (acpi_id[0x08] high edge lint[0x1])
[    0.000000] ACPI: LAPIC_NMI (acpi_id[0x09] high edge lint[0x1])
[    0.000000] ACPI: LAPIC_NMI (acpi_id[0x0a] high edge lint[0x1])
[    0.000000] ACPI: LAPIC_NMI (acpi_id[0x0b] high edge lint[0x1])
[    0.000000] ACPI: LAPIC_NMI (acpi_id[0x0c] high edge lint[0x1])
[    0.000000] ACPI: LAPIC_NMI (acpi_id[0x0d] high edge lint[0x1])
[    0.000000] ACPI: LAPIC_NMI (acpi_id[0x0e] high edge lint[0x1])
[    0.000000] ACPI: LAPIC_NMI (acpi_id[0x0f] high edge lint[0x1])
[    0.000000] ACPI: LAPIC_NMI (acpi_id[0x10] high edge lint[0x1])
[    0.000000] ACPI: LAPIC_NMI (acpi_id[0x11] high edge lint[0x1])
[    0.000000] ACPI: LAPIC_NMI (acpi_id[0x12] high edge lint[0x1])
[    0.000000] ACPI: LAPIC_NMI (acpi_id[0x13] high edge lint[0x1])
[    0.000000] ACPI: LAPIC_NMI (acpi_id[0x14] high edge lint[0x1])
[    0.000000] ACPI: LAPIC_NMI (acpi_id[0x15] high edge lint[0x1])
[    0.000000] ACPI: LAPIC_NMI (acpi_id[0x16] high edge lint[0x1])
[    0.000000] ACPI: LAPIC_NMI (acpi_id[0x17] high edge lint[0x1])
[    0.000000] ACPI: LAPIC_NMI (acpi_id[0x18] high edge lint[0x1])
[    0.000000] ACPI: LAPIC_NMI (acpi_id[0x19] high edge lint[0x1])
[    0.000000] ACPI: LAPIC_NMI (acpi_id[0x1a] high edge lint[0x1])
[    0.000000] ACPI: LAPIC_NMI (acpi_id[0x1b] high edge lint[0x1])
[    0.000000] ACPI: LAPIC_NMI (acpi_id[0x1c] high edge lint[0x1])
[    0.000000] ACPI: LAPIC_NMI (acpi_id[0x1d] high edge lint[0x1])
[    0.000000] ACPI: LAPIC_NMI (acpi_id[0x1e] high edge lint[0x1])
[    0.000000] ACPI: LAPIC_NMI (acpi_id[0x1f] high edge lint[0x1])
[    0.000000] ACPI: LAPIC_NMI (acpi_id[0x20] high edge lint[0x1])
[    0.000000] ACPI: LAPIC_NMI (acpi_id[0x21] high edge lint[0x1])
[    0.000000] ACPI: LAPIC_NMI (acpi_id[0x22] high edge lint[0x1])
[    0.000000] ACPI: LAPIC_NMI (acpi_id[0x23] high edge lint[0x1])
[    0.000000] ACPI: LAPIC_NMI (acpi_id[0x24] high edge lint[0x1])
[    0.000000] ACPI: LAPIC_NMI (acpi_id[0x25] high edge lint[0x1])
[    0.000000] ACPI: LAPIC_NMI (acpi_id[0x26] high edge lint[0x1])
[    0.000000] ACPI: LAPIC_NMI (acpi_id[0x27] high edge lint[0x1])
[    0.000000] ACPI: LAPIC_NMI (acpi_id[0x28] high edge lint[0x1])
[    0.000000] ACPI: LAPIC_NMI (acpi_id[0x29] high edge lint[0x1])
[    0.000000] ACPI: LAPIC_NMI (acpi_id[0x2a] high edge lint[0x1])
[    0.000000] ACPI: LAPIC_NMI (acpi_id[0x2b] high edge lint[0x1])
[    0.000000] ACPI: LAPIC_NMI (acpi_id[0x2c] high edge lint[0x1])
[    0.000000] ACPI: LAPIC_NMI (acpi_id[0x2d] high edge lint[0x1])
[    0.000000] ACPI: LAPIC_NMI (acpi_id[0x2e] high edge lint[0x1])
[    0.000000] ACPI: LAPIC_NMI (acpi_id[0x2f] high edge lint[0x1])
[    0.000000] ACPI: LAPIC_NMI (acpi_id[0x30] high edge lint[0x1])
[    0.000000] ACPI: LAPIC_NMI (acpi_id[0x31] high edge lint[0x1])
[    0.000000] ACPI: LAPIC_NMI (acpi_id[0x32] high edge lint[0x1])
[    0.000000] ACPI: LAPIC_NMI (acpi_id[0x33] high edge lint[0x1])
[    0.000000] ACPI: LAPIC_NMI (acpi_id[0x34] high edge lint[0x1])
[    0.000000] ACPI: LAPIC_NMI (acpi_id[0x35] high edge lint[0x1])
[    0.000000] ACPI: LAPIC_NMI (acpi_id[0x36] high edge lint[0x1])
[    0.000000] ACPI: LAPIC_NMI (acpi_id[0x37] high edge lint[0x1])
[    0.000000] ACPI: LAPIC_NMI (acpi_id[0x38] high edge lint[0x1])
[    0.000000] ACPI: LAPIC_NMI (acpi_id[0x39] high edge lint[0x1])
[    0.000000] ACPI: LAPIC_NMI (acpi_id[0x3a] high edge lint[0x1])
[    0.000000] ACPI: LAPIC_NMI (acpi_id[0x3b] high edge lint[0x1])
[    0.000000] ACPI: LAPIC_NMI (acpi_id[0x3c] high edge lint[0x1])
[    0.000000] ACPI: LAPIC_NMI (acpi_id[0x3d] high edge lint[0x1])
[    0.000000] ACPI: LAPIC_NMI (acpi_id[0x3e] high edge lint[0x1])
[    0.000000] ACPI: LAPIC_NMI (acpi_id[0x3f] high edge lint[0x1])
[    0.000000] ACPI: Skipping IOAPIC probe due to 'noapic' option.
[    0.000000] Using ACPI for processor (LAPIC) configuration information
[    0.000000] ACPI: HPET id: 0x8086af01 base: 0xfed00000
[    0.000000] Intel MultiProcessor Specification v1.4
[    0.000000]     Virtual Wire compatibility mode.
[    0.000000] MPTABLE: OEM ID: INTEL   
[    0.000000] MPTABLE: Product ID: 440BX       
[    0.000000] MPTABLE: APIC at: 0xFEE00000
[    0.000000] I/O APIC #1 Version 17 at 0xFEC00000.
[    0.000000] Processors: 1
[    0.000000] 64 Processors exceeds NR_CPUS limit of 8
[    0.000000] SMP: Allowing 8 CPUs, 7 hotplug CPUs
[    0.000000] nr_irqs_gsi: 24
[    0.000000] PM: Registered nosave memory: 000000000009f000 - 00000000000a0000
[    0.000000] PM: Registered nosave memory: 00000000000a0000 - 00000000000ca000
[    0.000000] PM: Registered nosave memory: 00000000000ca000 - 00000000000cc000
[    0.000000] PM: Registered nosave memory: 00000000000cc000 - 00000000000dc000
[    0.000000] PM: Registered nosave memory: 00000000000dc000 - 0000000000100000
[    0.000000] Allocating PCI resources starting at 40000000 (gap: 40000000:a0000000)
[    0.000000] Booting paravirtualized kernel on bare hardware
[    0.000000] NR_CPUS:8 nr_cpumask_bits:8 nr_cpu_ids:8 nr_node_ids:1
[    0.000000] PERCPU: Embedded 15 pages/cpu @c2400000 s39320 r0 d22120 u262144
[    0.000000] pcpu-alloc: s39320 r0 d22120 u262144 alloc=1*2097152
[    0.000000] pcpu-alloc: [0] 0 1 2 3 4 5 6 7 
[    0.000000] Built 1 zonelists in Zone order, mobility grouping on.  Total pages: 259950
[    0.000000] Kernel command line: BOOT_IMAGE=/boot/vmlinuz-2.6.32.57 root=UUID=007b598c-390d-4c65-84a1-4ff752d48633 ro quiet splash maxcpus=0
[    0.000000] PID hash table entries: 4096 (order: 2, 16384 bytes)
[    0.000000] Dentry cache hash table entries: 131072 (order: 7, 524288 bytes)
[    0.000000] Inode-cache hash table entries: 65536 (order: 6, 262144 bytes)
[    0.000000] Enabling fast FPU save and restore... done.
[    0.000000] Enabling unmasked SIMD FPU exception support... done.
[    0.000000] Initializing CPU#0
[    0.000000] xsave/xrstor: enabled xstate_bv 0x7, cntxt size 0x340
[    0.000000] allocated 5242560 bytes of page_cgroup
[    0.000000] please try 'cgroup_disable=memory' option if you don't want memory cgroups
[    0.000000] Initializing HighMem for node 0 (000379fe:00040000)
[    0.000000] Memory: 938260k/1048576k available (4839k kernel code, 108848k reserved, 2518k data, 652k init, 137096k highmem)
[    0.000000] virtual kernel memory layout:
[    0.000000]     fixmap  : 0xfff1e000 - 0xfffff000   ( 900 kB)
[    0.000000]     pkmap   : 0xffa00000 - 0xffc00000   (2048 kB)
[    0.000000]     vmalloc : 0xf81fe000 - 0xff9fe000   ( 120 MB)
[    0.000000]     lowmem  : 0xc0000000 - 0xf79fe000   ( 889 MB)
[    0.000000]       .init : 0xc1730000 - 0xc17d3000   ( 652 kB)
[    0.000000]       .data : 0xc14b9cce - 0xc172f764   (2518 kB)
[    0.000000]       .text : 0xc1000000 - 0xc14b9cce   (4839 kB)
[    0.000000] Checking if this processor honours the WP bit even in supervisor mode...Ok.
[    0.000000] SLUB: Genslabs=13, HWalign=64, Order=0-3, MinObjects=0, CPUs=8, Nodes=1
[    0.000000] Hierarchical RCU implementation.
[    0.000000] NR_IRQS:2304 nr_irqs:472
[    0.000000] Extended CMOS year: 2000
[    0.000000] Console: colour VGA+ 80x25
[    0.000000] console [tty0] enabled
[    0.000000] hpet clockevent registered
[    0.000000] TSC freq read from hypervisor : 2394.620 MHz
[    0.000000] Detected 2394.620 MHz processor.
[    0.000002] Calibrating delay loop (skipped) preset value.. 4789.24 BogoMIPS (lpj=9578480)
[    0.000011] Security Framework initialized
[    0.000014] SELinux:  Disabled at boot.
[    0.000019] Mount-cache hash table entries: 512
[    0.000114] Initializing cgroup subsys cpuacct
[    0.000117] Initializing cgroup subsys memory
[    0.000120] Initializing cgroup subsys devices
[    0.000122] Initializing cgroup subsys freezer
[    0.000148] CPU: Physical Processor ID: 0
[    0.000155] CPU: L1 I cache: 32K, L1 D cache: 32K
[    0.000156] CPU: L2 cache: 256K
[    0.000157] CPU: L3 cache: 4096K
[    0.000162] mce: CPU supports 0 MCE banks
[    0.000173] Performance Events: no PMU driver, software events only.
[    0.000183] Checking 'hlt' instruction... OK.
[    0.017682] SMP alternatives: switching to UP code
[    0.032116] ACPI: Core revision 20090903
[    0.039123] ACPI: setting ELCR to 0200 (from 0e20)
[    0.040192] ftrace: converting mcount calls to 0f 1f 44 00 00
[    0.040198] ftrace: allocating 22631 entries in 45 pages
[    0.058979] CANARY value: 9bbe03eb for PID: 1
[    0.059010] Not enabling x2apic, Intr-remapping init failed.
[    0.059012] Enabling APIC mode:  Flat.  Using 1 I/O APICs
[    0.059020] SMP mode deactivated.
[    0.059045] SMP disabled
[    0.059099] Brought up 1 CPUs
[    0.059100] Total of 1 processors activated (4789.24 BogoMIPS).
[    0.059104] CPU0 attaching NULL sched-domain.
[    0.059198] devtmpfs: initialized
[    0.059315] sysctl table check failed: /kernel/random/now_input .1.40.7 Unknown sysctl binary path
[    0.059556] Pid: 1, comm: swapper Not tainted 2.6.32.57 #4
[    0.059557] Call Trace:
[    0.059562]  [<c14a8a0e>] ? printk+0x1d/0x1f
[    0.059565]  [<c107b56f>] set_fail+0x4f/0x60
[    0.059567]  [<c107b8b3>] sysctl_check_table+0x333/0x620
[    0.059569]  [<c107b8cc>] sysctl_check_table+0x34c/0x620
[    0.059570]  [<c107b8cc>] sysctl_check_table+0x34c/0x620
[    0.059574]  [<c1746d48>] sysctl_init+0x25/0x29
[    0.059576]  [<c1003042>] do_one_initcall+0x32/0x1a0
[    0.059578]  [<c1746d23>] ? sysctl_init+0x0/0x29
[    0.059581]  [<c17308e7>] kernel_init+0x12d/0x17a
[    0.059582]  [<c17307ba>] ? kernel_init+0x0/0x17a
[    0.059585]  [<c1009b07>] kernel_thread_helper+0x7/0x10
[    0.059586] sysctl table check failed: /kernel/random/now_blocking .1.40.8 Unknown sysctl binary path
[    0.059845] Pid: 1, comm: swapper Not tainted 2.6.32.57 #4
[    0.059846] Call Trace:
[    0.059848]  [<c14a8a0e>] ? printk+0x1d/0x1f
[    0.059850]  [<c107b56f>] set_fail+0x4f/0x60
[    0.059851]  [<c107b8b3>] sysctl_check_table+0x333/0x620
[    0.059853]  [<c107b8cc>] sysctl_check_table+0x34c/0x620
[    0.059854]  [<c107b8cc>] sysctl_check_table+0x34c/0x620
[    0.059857]  [<c1746d48>] sysctl_init+0x25/0x29
[    0.059858]  [<c1003042>] do_one_initcall+0x32/0x1a0
[    0.059860]  [<c1746d23>] ? sysctl_init+0x0/0x29
[    0.059862]  [<c17308e7>] kernel_init+0x12d/0x17a
[    0.059863]  [<c17307ba>] ? kernel_init+0x0/0x17a
[    0.059865]  [<c1009b07>] kernel_thread_helper+0x7/0x10
[    0.059866] sysctl table check failed: /kernel/random/now_nonblocking .1.40.9 Unknown sysctl binary path
[    0.060096] Pid: 1, comm: swapper Not tainted 2.6.32.57 #4
[    0.060097] Call Trace:
[    0.060099]  [<c14a8a0e>] ? printk+0x1d/0x1f
[    0.060100]  [<c107b56f>] set_fail+0x4f/0x60
[    0.060102]  [<c107b8b3>] sysctl_check_table+0x333/0x620
[    0.060103]  [<c107b8cc>] sysctl_check_table+0x34c/0x620
[    0.060105]  [<c107b8cc>] sysctl_check_table+0x34c/0x620
[    0.060107]  [<c1746d48>] sysctl_init+0x25/0x29
[    0.060108]  [<c1003042>] do_one_initcall+0x32/0x1a0
[    0.060110]  [<c1746d23>] ? sysctl_init+0x0/0x29
[    0.060112]  [<c17308e7>] kernel_init+0x12d/0x17a
[    0.060113]  [<c17307ba>] ? kernel_init+0x0/0x17a
[    0.060115]  [<c1009b07>] kernel_thread_helper+0x7/0x10
[    0.060116] sysctl table check failed: /kernel/random/nb_input_bytes .1.40.10 Unknown sysctl binary path
[    0.060387] Pid: 1, comm: swapper Not tainted 2.6.32.57 #4
[    0.060388] Call Trace:
[    0.060390]  [<c14a8a0e>] ? printk+0x1d/0x1f
[    0.060391]  [<c107b56f>] set_fail+0x4f/0x60
[    0.060393]  [<c107b8b3>] sysctl_check_table+0x333/0x620
[    0.060395]  [<c107b8cc>] sysctl_check_table+0x34c/0x620
[    0.060396]  [<c107b8cc>] sysctl_check_table+0x34c/0x620
[    0.060398]  [<c1746d48>] sysctl_init+0x25/0x29
[    0.060400]  [<c1003042>] do_one_initcall+0x32/0x1a0
[    0.060402]  [<c1746d23>] ? sysctl_init+0x0/0x29
[    0.060403]  [<c17308e7>] kernel_init+0x12d/0x17a
[    0.060405]  [<c17307ba>] ? kernel_init+0x0/0x17a
[    0.060406]  [<c1009b07>] kernel_thread_helper+0x7/0x10
[    0.060408] sysctl table check failed: /kernel/random/nb_stir_count .1.40.11 Unknown sysctl binary path
[    0.060638] Pid: 1, comm: swapper Not tainted 2.6.32.57 #4
[    0.060639] Call Trace:
[    0.060640]  [<c14a8a0e>] ? printk+0x1d/0x1f
[    0.060641]  [<c107b56f>] set_fail+0x4f/0x60
[    0.060643]  [<c107b8b3>] sysctl_check_table+0x333/0x620
[    0.060644]  [<c107b8cc>] sysctl_check_table+0x34c/0x620
[    0.060646]  [<c107b8cc>] sysctl_check_table+0x34c/0x620
[    0.060648]  [<c1746d48>] sysctl_init+0x25/0x29
[    0.060650]  [<c1003042>] do_one_initcall+0x32/0x1a0
[    0.060652]  [<c1746d23>] ? sysctl_init+0x0/0x29
[    0.060653]  [<c17308e7>] kernel_init+0x12d/0x17a
[    0.060654]  [<c17307ba>] ? kernel_init+0x0/0x17a
[    0.060656]  [<c1009b07>] kernel_thread_helper+0x7/0x10
[    0.060657] sysctl table check failed: /kernel/random/nb_reentry_count .1.40.12 Unknown sysctl binary path
[    0.060889] Pid: 1, comm: swapper Not tainted 2.6.32.57 #4
[    0.060890] Call Trace:
[    0.060891]  [<c14a8a0e>] ? printk+0x1d/0x1f
[    0.060892]  [<c107b56f>] set_fail+0x4f/0x60
[    0.060894]  [<c107b8b3>] sysctl_check_table+0x333/0x620
[    0.060895]  [<c107b8cc>] sysctl_check_table+0x34c/0x620
[    0.060897]  [<c107b8cc>] sysctl_check_table+0x34c/0x620
[    0.060899]  [<c1746d48>] sysctl_init+0x25/0x29
[    0.060901]  [<c1003042>] do_one_initcall+0x32/0x1a0
[    0.060903]  [<c1746d23>] ? sysctl_init+0x0/0x29
[    0.060904]  [<c17308e7>] kernel_init+0x12d/0x17a
[    0.060906]  [<c17307ba>] ? kernel_init+0x0/0x17a
[    0.060907]  [<c1009b07>] kernel_thread_helper+0x7/0x10
[    0.061064] RANDOM - __seed init called.
[    0.061065] RANDOM - __seed init called.
[    0.061066] RANDOM - __seed init called.
[    0.061067] RANDOM - __random32 called. Change num 1.  Value: 97305ca5	7ac4e314	874f43ab
[    0.061069] RANDOM - __random32 called. Change num 2.  Value: 5ca5394	ac4e3148	8757a6ab
[    0.061070] RANDOM - __random32 called. Change num 3.  Value: a53949f7	c4e3148e	4d57bd52
[    0.061072] RANDOM - __random32 called. Change num 4.  Value: 949f7180	4e3148eb	7aa4fd4a
[    0.061073] RANDOM - __random32 called. Change num 5.  Value: f7180f55	e3148ebb	fa95f062
[    0.061074] RANDOM - __random32 called. Change num 6.  Value: 80f55ede	3148ebb7	e0c5c74e
[    0.061076] RANDOM - random32 init called.  Value: 80f55ede	3148ebb7	e0c5c74e
[    0.061083] regulator: core version 0.5
[    0.061170] Time: 21:55:42  Date: 05/24/13
[    0.061215] NET: Registered protocol family 16
[    0.061279] EISA bus registered
[    0.062097] ACPI: bus type pci registered
[    0.062217] PCI: MCFG configuration 0: base e0000000 segment 0 buses 0 - 255
[    0.062219] PCI: MCFG area at e0000000 reserved in E820
[    0.062220] PCI: Using MMCONFIG for extended config space
[    0.062221] PCI: Using configuration type 1 for base access
[    0.062664] bio: create slab <bio-0> at 0
[    0.063938] ACPI: EC: Look up EC in DSDT
[    0.099930] ACPI: BIOS _OSI(Linux) query ignored
[    0.108037] ACPI: Interpreter enabled
[    0.108042] ACPI: (supports S0 S1 S4 S5)
[    0.108054] ACPI: Using PIC for interrupt routing
[    0.191613] ACPI: No dock devices found.
[    0.192467] ACPI: PCI Root Bridge [PCI0] (0000:00)
[    0.194053] pci 0000:00:07.1: reg 20 io port: [0x10c0-0x10cf]
[    0.194566] pci 0000:00:07.3: quirk: region 1000-103f claimed by PIIX4 ACPI
[    0.194577] pci 0000:00:07.3: quirk: region 1040-104f claimed by PIIX4 SMB
[    0.195139] pci 0000:00:07.7: reg 10 io port: [0x1080-0x10bf]
[    0.195503] pci 0000:00:07.7: reg 14 64bit mmio: [0xc8000000-0xc8001fff]
[    0.196617] pci 0000:00:0f.0: reg 10 io port: [0x10d0-0x10df]
[    0.196653] pci 0000:00:0f.0: reg 14 32bit mmio pref: [0xd0000000-0xd7ffffff]
[    0.196689] pci 0000:00:0f.0: reg 18 32bit mmio: [0xc8800000-0xc8ffffff]
[    0.196825] pci 0000:00:0f.0: reg 30 32bit mmio pref: [0x000000-0x007fff]
[    0.197354] pci 0000:00:10.0: reg 10 io port: [0x1400-0x14ff]
[    0.197704] pci 0000:00:10.0: reg 14 64bit mmio: [0xc8040000-0xc805ffff]
[    0.198081] pci 0000:00:10.0: reg 1c 64bit mmio: [0xc8020000-0xc803ffff]
[    0.198152] pci 0000:00:10.0: reg 30 32bit mmio pref: [0x000000-0x003fff]
[    0.199450] pci 0000:00:15.0: PME# supported from D0 D3hot D3cold
[    0.199469] pci 0000:00:15.0: PME# disabled
[    0.200294] pci 0000:00:15.1: PME# supported from D0 D3hot D3cold
[    0.200313] pci 0000:00:15.1: PME# disabled
[    0.201131] pci 0000:00:15.2: PME# supported from D0 D3hot D3cold
[    0.201149] pci 0000:00:15.2: PME# disabled
[    0.201965] pci 0000:00:15.3: PME# supported from D0 D3hot D3cold
[    0.201985] pci 0000:00:15.3: PME# disabled
[    0.202900] pci 0000:00:15.4: PME# supported from D0 D3hot D3cold
[    0.202919] pci 0000:00:15.4: PME# disabled
[    0.203862] pci 0000:00:15.5: PME# supported from D0 D3hot D3cold
[    0.203882] pci 0000:00:15.5: PME# disabled
[    0.204747] pci 0000:00:15.6: PME# supported from D0 D3hot D3cold
[    0.204767] pci 0000:00:15.6: PME# disabled
[    0.205668] pci 0000:00:15.7: PME# supported from D0 D3hot D3cold
[    0.205688] pci 0000:00:15.7: PME# disabled
[    0.206555] pci 0000:00:16.0: PME# supported from D0 D3hot D3cold
[    0.206575] pci 0000:00:16.0: PME# disabled
[    0.207416] pci 0000:00:16.1: PME# supported from D0 D3hot D3cold
[    0.207435] pci 0000:00:16.1: PME# disabled
[    0.208262] pci 0000:00:16.2: PME# supported from D0 D3hot D3cold
[    0.208281] pci 0000:00:16.2: PME# disabled
[    0.209102] pci 0000:00:16.3: PME# supported from D0 D3hot D3cold
[    0.209121] pci 0000:00:16.3: PME# disabled
[    0.209960] pci 0000:00:16.4: PME# supported from D0 D3hot D3cold
[    0.209988] pci 0000:00:16.4: PME# disabled
[    0.210785] pci 0000:00:16.5: PME# supported from D0 D3hot D3cold
[    0.210803] pci 0000:00:16.5: PME# disabled
[    0.211736] pci 0000:00:16.6: PME# supported from D0 D3hot D3cold
[    0.211755] pci 0000:00:16.6: PME# disabled
[    0.212641] pci 0000:00:16.7: PME# supported from D0 D3hot D3cold
[    0.212660] pci 0000:00:16.7: PME# disabled
[    0.213622] pci 0000:00:17.0: PME# supported from D0 D3hot D3cold
[    0.213644] pci 0000:00:17.0: PME# disabled
[    0.214534] pci 0000:00:17.1: PME# supported from D0 D3hot D3cold
[    0.214554] pci 0000:00:17.1: PME# disabled
[    0.215454] pci 0000:00:17.2: PME# supported from D0 D3hot D3cold
[    0.215474] pci 0000:00:17.2: PME# disabled
[    0.216363] pci 0000:00:17.3: PME# supported from D0 D3hot D3cold
[    0.216383] pci 0000:00:17.3: PME# disabled
[    0.217293] pci 0000:00:17.4: PME# supported from D0 D3hot D3cold
[    0.217313] pci 0000:00:17.4: PME# disabled
[    0.218184] pci 0000:00:17.5: PME# supported from D0 D3hot D3cold
[    0.218205] pci 0000:00:17.5: PME# disabled
[    0.219073] pci 0000:00:17.6: PME# supported from D0 D3hot D3cold
[    0.219093] pci 0000:00:17.6: PME# disabled
[    0.219941] pci 0000:00:17.7: PME# supported from D0 D3hot D3cold
[    0.219961] pci 0000:00:17.7: PME# disabled
[    0.220767] pci 0000:00:18.0: PME# supported from D0 D3hot D3cold
[    0.220786] pci 0000:00:18.0: PME# disabled
[    0.221611] pci 0000:00:18.1: PME# supported from D0 D3hot D3cold
[    0.221630] pci 0000:00:18.1: PME# disabled
[    0.222560] pci 0000:00:18.2: PME# supported from D0 D3hot D3cold
[    0.222579] pci 0000:00:18.2: PME# disabled
[    0.223454] pci 0000:00:18.3: PME# supported from D0 D3hot D3cold
[    0.223473] pci 0000:00:18.3: PME# disabled
[    0.224360] pci 0000:00:18.4: PME# supported from D0 D3hot D3cold
[    0.224379] pci 0000:00:18.4: PME# disabled
[    0.225197] pci 0000:00:18.5: PME# supported from D0 D3hot D3cold
[    0.225216] pci 0000:00:18.5: PME# disabled
[    0.226189] pci 0000:00:18.6: PME# supported from D0 D3hot D3cold
[    0.226209] pci 0000:00:18.6: PME# disabled
[    0.227086] pci 0000:00:18.7: PME# supported from D0 D3hot D3cold
[    0.227105] pci 0000:00:18.7: PME# disabled
[    0.228197] pci 0000:02:00.0: reg 20 io port: [0x20c0-0x20df]
[    0.228694] pci 0000:02:01.0: reg 10 io port: [0x2000-0x207f]
[    0.228937] pci 0000:02:01.0: reg 30 32bit mmio pref: [0x000000-0x00ffff]
[    0.229490] pci 0000:02:02.0: reg 10 io port: [0x2080-0x20bf]
[    0.230078] pci 0000:02:03.0: reg 10 32bit mmio: [0xc9000000-0xc9000fff]
[    0.230637] pci 0000:00:11.0: transparent bridge
[    0.230657] pci 0000:00:11.0: bridge io port: [0x2000-0x3fff]
[    0.230677] pci 0000:00:11.0: bridge 32bit mmio: [0xc9000000-0xca3fffff]
[    0.230715] pci 0000:00:11.0: bridge 64bit mmio pref: [0xd8400000-0xd89fffff]
[    0.231083] pci 0000:00:15.0: bridge io port: [0x4000-0x4fff]
[    0.231102] pci 0000:00:15.0: bridge 32bit mmio: [0xca400000-0xca4fffff]
[    0.231137] pci 0000:00:15.0: bridge 64bit mmio pref: [0xd8a00000-0xd8afffff]
[    0.231473] pci 0000:00:15.1: bridge io port: [0x8000-0x8fff]
[    0.231492] pci 0000:00:15.1: bridge 32bit mmio: [0xca800000-0xca8fffff]
[    0.231528] pci 0000:00:15.1: bridge 64bit mmio pref: [0xd8e00000-0xd8efffff]
[    0.231871] pci 0000:00:15.2: bridge io port: [0xc000-0xcfff]
[    0.231890] pci 0000:00:15.2: bridge 32bit mmio: [0xcac00000-0xcacfffff]
[    0.231939] pci 0000:00:15.2: bridge 64bit mmio pref: [0xd9200000-0xd92fffff]
[    0.232305] pci 0000:00:15.3: bridge 32bit mmio: [0xcb000000-0xcb0fffff]
[    0.232341] pci 0000:00:15.3: bridge 64bit mmio pref: [0xd9600000-0xd96fffff]
[    0.232691] pci 0000:00:15.4: bridge 32bit mmio: [0xcb400000-0xcb4fffff]
[    0.232726] pci 0000:00:15.4: bridge 64bit mmio pref: [0xd9a00000-0xd9afffff]
[    0.233124] pci 0000:00:15.5: bridge 32bit mmio: [0xcb800000-0xcb8fffff]
[    0.233160] pci 0000:00:15.5: bridge 64bit mmio pref: [0xd9e00000-0xd9efffff]
[    0.233513] pci 0000:00:15.6: bridge 32bit mmio: [0xcbc00000-0xcbcfffff]
[    0.233549] pci 0000:00:15.6: bridge 64bit mmio pref: [0xda200000-0xda2fffff]
[    0.233918] pci 0000:00:15.7: bridge 32bit mmio: [0xcc000000-0xcc0fffff]
[    0.233964] pci 0000:00:15.7: bridge 64bit mmio pref: [0xda600000-0xda6fffff]
[    0.234300] pci 0000:00:16.0: bridge io port: [0x5000-0x5fff]
[    0.234319] pci 0000:00:16.0: bridge 32bit mmio: [0xca500000-0xca5fffff]
[    0.234354] pci 0000:00:16.0: bridge 64bit mmio pref: [0xd8b00000-0xd8bfffff]
[    0.234689] pci 0000:00:16.1: bridge io port: [0x9000-0x9fff]
[    0.234708] pci 0000:00:16.1: bridge 32bit mmio: [0xca900000-0xca9fffff]
[    0.234743] pci 0000:00:16.1: bridge 64bit mmio pref: [0xd8f00000-0xd8ffffff]
[    0.235171] pci 0000:00:16.2: bridge io port: [0xd000-0xdfff]
[    0.235197] pci 0000:00:16.2: bridge 32bit mmio: [0xcad00000-0xcadfffff]
[    0.235237] pci 0000:00:16.2: bridge 64bit mmio pref: [0xd9300000-0xd93fffff]
[    0.235593] pci 0000:00:16.3: bridge 32bit mmio: [0xcb100000-0xcb1fffff]
[    0.235656] pci 0000:00:16.3: bridge 64bit mmio pref: [0xd9700000-0xd97fffff]
[    0.236054] pci 0000:00:16.4: bridge 32bit mmio: [0xcb500000-0xcb5fffff]
[    0.236090] pci 0000:00:16.4: bridge 64bit mmio pref: [0xd9b00000-0xd9bfffff]
[    0.236442] pci 0000:00:16.5: bridge 32bit mmio: [0xcb900000-0xcb9fffff]
[    0.236478] pci 0000:00:16.5: bridge 64bit mmio pref: [0xd9f00000-0xd9ffffff]
[    0.236830] pci 0000:00:16.6: bridge 32bit mmio: [0xcbd00000-0xcbdfffff]
[    0.236866] pci 0000:00:16.6: bridge 64bit mmio pref: [0xda300000-0xda3fffff]
[    0.237242] pci 0000:00:16.7: bridge 32bit mmio: [0xcc100000-0xcc1fffff]
[    0.237278] pci 0000:00:16.7: bridge 64bit mmio pref: [0xda700000-0xda7fffff]
[    0.237612] pci 0000:00:17.0: bridge io port: [0x6000-0x6fff]
[    0.237631] pci 0000:00:17.0: bridge 32bit mmio: [0xca600000-0xca6fffff]
[    0.237666] pci 0000:00:17.0: bridge 64bit mmio pref: [0xd8c00000-0xd8cfffff]
[    0.238026] pci 0000:00:17.1: bridge io port: [0xa000-0xafff]
[    0.238045] pci 0000:00:17.1: bridge 32bit mmio: [0xcaa00000-0xcaafffff]
[    0.238080] pci 0000:00:17.1: bridge 64bit mmio pref: [0xd9000000-0xd90fffff]
[    0.238415] pci 0000:00:17.2: bridge io port: [0xe000-0xefff]
[    0.238433] pci 0000:00:17.2: bridge 32bit mmio: [0xcae00000-0xcaefffff]
[    0.238469] pci 0000:00:17.2: bridge 64bit mmio pref: [0xd9400000-0xd94fffff]
[    0.238821] pci 0000:00:17.3: bridge 32bit mmio: [0xcb200000-0xcb2fffff]
[    0.238857] pci 0000:00:17.3: bridge 64bit mmio pref: [0xd9800000-0xd98fffff]
[    0.239233] pci 0000:00:17.4: bridge 32bit mmio: [0xcb600000-0xcb6fffff]
[    0.239268] pci 0000:00:17.4: bridge 64bit mmio pref: [0xd9c00000-0xd9cfffff]
[    0.239627] pci 0000:00:17.5: bridge 32bit mmio: [0xcba00000-0xcbafffff]
[    0.239663] pci 0000:00:17.5: bridge 64bit mmio pref: [0xda000000-0xda0fffff]
[    0.240036] pci 0000:00:17.6: bridge 32bit mmio: [0xcbe00000-0xcbefffff]
[    0.240082] pci 0000:00:17.6: bridge 64bit mmio pref: [0xda400000-0xda4fffff]
[    0.240435] pci 0000:00:17.7: bridge 32bit mmio: [0xcc200000-0xcc2fffff]
[    0.240471] pci 0000:00:17.7: bridge 64bit mmio pref: [0xda800000-0xda8fffff]
[    0.240807] pci 0000:00:18.0: bridge io port: [0x7000-0x7fff]
[    0.240826] pci 0000:00:18.0: bridge 32bit mmio: [0xca700000-0xca7fffff]
[    0.240861] pci 0000:00:18.0: bridge 64bit mmio pref: [0xd8d00000-0xd8dfffff]
[    0.241226] pci 0000:00:18.1: bridge io port: [0xb000-0xbfff]
[    0.241244] pci 0000:00:18.1: bridge 32bit mmio: [0xcab00000-0xcabfffff]
[    0.241280] pci 0000:00:18.1: bridge 64bit mmio pref: [0xd9100000-0xd91fffff]
[    0.241615] pci 0000:00:18.2: bridge io port: [0xf000-0xffff]
[    0.241634] pci 0000:00:18.2: bridge 32bit mmio: [0xcaf00000-0xcaffffff]
[    0.241669] pci 0000:00:18.2: bridge 64bit mmio pref: [0xd9500000-0xd95fffff]
[    0.242047] pci 0000:00:18.3: bridge 32bit mmio: [0xcb300000-0xcb3fffff]
[    0.242083] pci 0000:00:18.3: bridge 64bit mmio pref: [0xd9900000-0xd99fffff]
[    0.242459] pci 0000:00:18.4: bridge 32bit mmio: [0xcb700000-0xcb7fffff]
[    0.242495] pci 0000:00:18.4: bridge 64bit mmio pref: [0xd9d00000-0xd9dfffff]
[    0.242848] pci 0000:00:18.5: bridge 32bit mmio: [0xcbb00000-0xcbbfffff]
[    0.242905] pci 0000:00:18.5: bridge 64bit mmio pref: [0xda100000-0xda1fffff]
[    0.243269] pci 0000:00:18.6: bridge 32bit mmio: [0xcbf00000-0xcbffffff]
[    0.243304] pci 0000:00:18.6: bridge 64bit mmio pref: [0xda500000-0xda5fffff]
[    0.243665] pci 0000:00:18.7: bridge 32bit mmio: [0xcc300000-0xcc3fffff]
[    0.243700] pci 0000:00:18.7: bridge 64bit mmio pref: [0xda900000-0xda9fffff]
[    0.245160] pci_bus 0000:00: on NUMA node 0
[    0.245168] ACPI: PCI Interrupt Routing Table [\_SB_.PCI0._PRT]
[    0.465383] ACPI: PCI Interrupt Link [LNKA] (IRQs 3 4 5 6 7 *9 10 11 14 15)
[    0.465528] ACPI: PCI Interrupt Link [LNKB] (IRQs 3 4 5 6 7 9 10 *11 14 15)
[    0.465696] ACPI: PCI Interrupt Link [LNKC] (IRQs 3 4 5 6 7 9 *10 11 14 15)
[    0.465845] ACPI: PCI Interrupt Link [LNKD] (IRQs 3 4 *5 6 7 9 10 11 14 15)
[    0.465989] vgaarb: device added: PCI:0000:00:0f.0,decodes=io+mem,owns=io+mem,locks=none
[    0.465998] vgaarb: loaded
[    0.466082] SCSI subsystem initialized
[    0.466123] libata version 3.00 loaded.
[    0.466160] usbcore: registered new interface driver usbfs
[    0.466171] usbcore: registered new interface driver hub
[    0.466186] usbcore: registered new device driver usb
[    0.466249] PCI: Using ACPI for IRQ routing
[    0.467181] NetLabel: Initializing
[    0.467182] NetLabel:  domain hash size = 128
[    0.467183] NetLabel:  protocols = UNLABELED CIPSOv4
[    0.467190] NetLabel:  unlabeled traffic allowed by default
[    0.467221] hpet0: at MMIO 0xfed00000, IRQs 2, 8, 0, 0, 0, 0, 0, 0, 0, 0, 0, 0, 0, 0, 0, 0
[    0.467227] hpet0: 16 comparators, 64-bit 14.318180 MHz counter
[    0.470252] Switching to clocksource tsc
[    0.477257] pnp: PnP ACPI init
[    0.477267] ACPI: bus type pnp registered
[    0.520562] pnp: PnP ACPI: found 14 devices
[    0.520564] ACPI: ACPI bus type pnp unregistered
[    0.520568] PnPBIOS: Disabled by ACPI PNP
[    0.520580] system 00:01: ioport range 0x1000-0x103f has been reserved
[    0.520582] system 00:01: ioport range 0x1040-0x104f has been reserved
[    0.520583] system 00:01: ioport range 0xcf0-0xcf1 has been reserved
[    0.520590] system 00:08: iomem range 0xfed00000-0xfed003ff has been reserved
[    0.520594] system 00:0d: ioport range 0x1060-0x107f has been reserved
[    0.520597] system 00:0d: iomem range 0xe0000000-0xefffffff has been reserved
[    0.520598] system 00:0d: iomem range 0xc8200000-0xc83fffff has been reserved
[    0.555212] pci 0000:00:15.3: BAR 13: can't allocate I/O resource [0x10000-0xffff]
[    0.555216] pci 0000:00:15.4: BAR 13: can't allocate I/O resource [0x10000-0xffff]
[    0.555219] pci 0000:00:15.5: BAR 13: can't allocate I/O resource [0x10000-0xffff]
[    0.555222] pci 0000:00:15.6: BAR 13: can't allocate I/O resource [0x10000-0xffff]
[    0.555225] pci 0000:00:15.7: BAR 13: can't allocate I/O resource [0x10000-0xffff]
[    0.555228] pci 0000:00:16.3: BAR 13: can't allocate I/O resource [0x10000-0xffff]
[    0.555231] pci 0000:00:16.4: BAR 13: can't allocate I/O resource [0x10000-0xffff]
[    0.555234] pci 0000:00:16.5: BAR 13: can't allocate I/O resource [0x10000-0xffff]
[    0.555236] pci 0000:00:16.6: BAR 13: can't allocate I/O resource [0x10000-0xffff]
[    0.555239] pci 0000:00:16.7: BAR 13: can't allocate I/O resource [0x10000-0xffff]
[    0.555242] pci 0000:00:17.3: BAR 13: can't allocate I/O resource [0x10000-0xffff]
[    0.555245] pci 0000:00:17.4: BAR 13: can't allocate I/O resource [0x10000-0xffff]
[    0.555248] pci 0000:00:17.5: BAR 13: can't allocate I/O resource [0x10000-0xffff]
[    0.555250] pci 0000:00:17.6: BAR 13: can't allocate I/O resource [0x10000-0xffff]
[    0.555253] pci 0000:00:17.7: BAR 13: can't allocate I/O resource [0x10000-0xffff]
[    0.555256] pci 0000:00:18.3: BAR 13: can't allocate I/O resource [0x10000-0xffff]
[    0.555259] pci 0000:00:18.4: BAR 13: can't allocate I/O resource [0x10000-0xffff]
[    0.555262] pci 0000:00:18.5: BAR 13: can't allocate I/O resource [0x10000-0xffff]
[    0.555264] pci 0000:00:18.6: BAR 13: can't allocate I/O resource [0x10000-0xffff]
[    0.555267] pci 0000:00:18.7: BAR 13: can't allocate I/O resource [0x10000-0xffff]
[    0.555270] pci 0000:00:01.0: PCI bridge, secondary bus 0000:01
[    0.555271] pci 0000:00:01.0:   IO window: disabled
[    0.555302] pci 0000:00:01.0:   MEM window: disabled
[    0.555322] pci 0000:00:01.0:   PREFETCH window: disabled
[    0.555370] pci 0000:00:11.0: PCI bridge, secondary bus 0000:02
[    0.555382] pci 0000:00:11.0:   IO window: 0x2000-0x3fff
[    0.555412] pci 0000:00:11.0:   MEM window: 0xc9000000-0xca3fffff
[    0.555433] pci 0000:00:11.0:   PREFETCH window: 0x000000d8400000-0x000000d89fffff
[    0.555472] pci 0000:00:15.0: PCI bridge, secondary bus 0000:03
[    0.555484] pci 0000:00:15.0:   IO window: 0x4000-0x4fff
[    0.555513] pci 0000:00:15.0:   MEM window: 0xca400000-0xca4fffff
[    0.555534] pci 0000:00:15.0:   PREFETCH window: 0x000000d8a00000-0x000000d8afffff
[    0.555586] pci 0000:00:15.1: PCI bridge, secondary bus 0000:04
[    0.555598] pci 0000:00:15.1:   IO window: 0x8000-0x8fff
[    0.555627] pci 0000:00:15.1:   MEM window: 0xca800000-0xca8fffff
[    0.555648] pci 0000:00:15.1:   PREFETCH window: 0x000000d8e00000-0x000000d8efffff
[    0.555691] pci 0000:00:15.2: PCI bridge, secondary bus 0000:05
[    0.555703] pci 0000:00:15.2:   IO window: 0xc000-0xcfff
[    0.555733] pci 0000:00:15.2:   MEM window: 0xcac00000-0xcacfffff
[    0.555753] pci 0000:00:15.2:   PREFETCH window: 0x000000d9200000-0x000000d92fffff
[    0.555796] pci 0000:00:15.3: PCI bridge, secondary bus 0000:06
[    0.555797] pci 0000:00:15.3:   IO window: disabled
[    0.555828] pci 0000:00:15.3:   MEM window: 0xcb000000-0xcb0fffff
[    0.555848] pci 0000:00:15.3:   PREFETCH window: 0x000000d9600000-0x000000d96fffff
[    0.555891] pci 0000:00:15.4: PCI bridge, secondary bus 0000:07
[    0.555893] pci 0000:00:15.4:   IO window: disabled
[    0.555922] pci 0000:00:15.4:   MEM window: 0xcb400000-0xcb4fffff
[    0.555943] pci 0000:00:15.4:   PREFETCH window: 0x000000d9a00000-0x000000d9afffff
[    0.555985] pci 0000:00:15.5: PCI bridge, secondary bus 0000:08
[    0.555987] pci 0000:00:15.5:   IO window: disabled
[    0.556017] pci 0000:00:15.5:   MEM window: 0xcb800000-0xcb8fffff
[    0.556037] pci 0000:00:15.5:   PREFETCH window: 0x000000d9e00000-0x000000d9efffff
[    0.556080] pci 0000:00:15.6: PCI bridge, secondary bus 0000:09
[    0.556082] pci 0000:00:15.6:   IO window: disabled
[    0.556112] pci 0000:00:15.6:   MEM window: 0xcbc00000-0xcbcfffff
[    0.556132] pci 0000:00:15.6:   PREFETCH window: 0x000000da200000-0x000000da2fffff
[    0.556175] pci 0000:00:15.7: PCI bridge, secondary bus 0000:0a
[    0.556176] pci 0000:00:15.7:   IO window: disabled
[    0.556206] pci 0000:00:15.7:   MEM window: 0xcc000000-0xcc0fffff
[    0.556227] pci 0000:00:15.7:   PREFETCH window: 0x000000da600000-0x000000da6fffff
[    0.556270] pci 0000:00:16.0: PCI bridge, secondary bus 0000:0b
[    0.556281] pci 0000:00:16.0:   IO window: 0x5000-0x5fff
[    0.556311] pci 0000:00:16.0:   MEM window: 0xca500000-0xca5fffff
[    0.556331] pci 0000:00:16.0:   PREFETCH window: 0x000000d8b00000-0x000000d8bfffff
[    0.556391] pci 0000:00:16.1: PCI bridge, secondary bus 0000:0c
[    0.556407] pci 0000:00:16.1:   IO window: 0x9000-0x9fff
[    0.556446] pci 0000:00:16.1:   MEM window: 0xca900000-0xca9fffff
[    0.556476] pci 0000:00:16.1:   PREFETCH window: 0x000000d8f00000-0x000000d8ffffff
[    0.556535] pci 0000:00:16.2: PCI bridge, secondary bus 0000:0d
[    0.556550] pci 0000:00:16.2:   IO window: 0xd000-0xdfff
[    0.556588] pci 0000:00:16.2:   MEM window: 0xcad00000-0xcadfffff
[    0.556615] pci 0000:00:16.2:   PREFETCH window: 0x000000d9300000-0x000000d93fffff
[    0.556673] pci 0000:00:16.3: PCI bridge, secondary bus 0000:0e
[    0.556675] pci 0000:00:16.3:   IO window: disabled
[    0.556705] pci 0000:00:16.3:   MEM window: 0xcb100000-0xcb1fffff
[    0.556725] pci 0000:00:16.3:   PREFETCH window: 0x000000d9700000-0x000000d97fffff
[    0.556768] pci 0000:00:16.4: PCI bridge, secondary bus 0000:0f
[    0.556770] pci 0000:00:16.4:   IO window: disabled
[    0.556800] pci 0000:00:16.4:   MEM window: 0xcb500000-0xcb5fffff
[    0.556820] pci 0000:00:16.4:   PREFETCH window: 0x000000d9b00000-0x000000d9bfffff
[    0.556863] pci 0000:00:16.5: PCI bridge, secondary bus 0000:10
[    0.556865] pci 0000:00:16.5:   IO window: disabled
[    0.556895] pci 0000:00:16.5:   MEM window: 0xcb900000-0xcb9fffff
[    0.556915] pci 0000:00:16.5:   PREFETCH window: 0x000000d9f00000-0x000000d9ffffff
[    0.556958] pci 0000:00:16.6: PCI bridge, secondary bus 0000:11
[    0.556959] pci 0000:00:16.6:   IO window: disabled
[    0.556989] pci 0000:00:16.6:   MEM window: 0xcbd00000-0xcbdfffff
[    0.557010] pci 0000:00:16.6:   PREFETCH window: 0x000000da300000-0x000000da3fffff
[    0.557052] pci 0000:00:16.7: PCI bridge, secondary bus 0000:12
[    0.557054] pci 0000:00:16.7:   IO window: disabled
[    0.557084] pci 0000:00:16.7:   MEM window: 0xcc100000-0xcc1fffff
[    0.557104] pci 0000:00:16.7:   PREFETCH window: 0x000000da700000-0x000000da7fffff
[    0.557147] pci 0000:00:17.0: PCI bridge, secondary bus 0000:13
[    0.557159] pci 0000:00:17.0:   IO window: 0x6000-0x6fff
[    0.557188] pci 0000:00:17.0:   MEM window: 0xca600000-0xca6fffff
[    0.557209] pci 0000:00:17.0:   PREFETCH window: 0x000000d8c00000-0x000000d8cfffff
[    0.557252] pci 0000:00:17.1: PCI bridge, secondary bus 0000:14
[    0.557263] pci 0000:00:17.1:   IO window: 0xa000-0xafff
[    0.557293] pci 0000:00:17.1:   MEM window: 0xcaa00000-0xcaafffff
[    0.557314] pci 0000:00:17.1:   PREFETCH window: 0x000000d9000000-0x000000d90fffff
[    0.557359] pci 0000:00:17.2: PCI bridge, secondary bus 0000:15
[    0.557371] pci 0000:00:17.2:   IO window: 0xe000-0xefff
[    0.557400] pci 0000:00:17.2:   MEM window: 0xcae00000-0xcaefffff
[    0.557421] pci 0000:00:17.2:   PREFETCH window: 0x000000d9400000-0x000000d94fffff
[    0.557463] pci 0000:00:17.3: PCI bridge, secondary bus 0000:16
[    0.557465] pci 0000:00:17.3:   IO window: disabled
[    0.557495] pci 0000:00:17.3:   MEM window: 0xcb200000-0xcb2fffff
[    0.557516] pci 0000:00:17.3:   PREFETCH window: 0x000000d9800000-0x000000d98fffff
[    0.557558] pci 0000:00:17.4: PCI bridge, secondary bus 0000:17
[    0.557560] pci 0000:00:17.4:   IO window: disabled
[    0.557590] pci 0000:00:17.4:   MEM window: 0xcb600000-0xcb6fffff
[    0.557610] pci 0000:00:17.4:   PREFETCH window: 0x000000d9c00000-0x000000d9cfffff
[    0.557653] pci 0000:00:17.5: PCI bridge, secondary bus 0000:18
[    0.557655] pci 0000:00:17.5:   IO window: disabled
[    0.557684] pci 0000:00:17.5:   MEM window: 0xcba00000-0xcbafffff
[    0.557705] pci 0000:00:17.5:   PREFETCH window: 0x000000da000000-0x000000da0fffff
[    0.557747] pci 0000:00:17.6: PCI bridge, secondary bus 0000:19
[    0.557749] pci 0000:00:17.6:   IO window: disabled
[    0.557779] pci 0000:00:17.6:   MEM window: 0xcbe00000-0xcbefffff
[    0.557799] pci 0000:00:17.6:   PREFETCH window: 0x000000da400000-0x000000da4fffff
[    0.557842] pci 0000:00:17.7: PCI bridge, secondary bus 0000:1a
[    0.557843] pci 0000:00:17.7:   IO window: disabled
[    0.557873] pci 0000:00:17.7:   MEM window: 0xcc200000-0xcc2fffff
[    0.557894] pci 0000:00:17.7:   PREFETCH window: 0x000000da800000-0x000000da8fffff
[    0.557936] pci 0000:00:18.0: PCI bridge, secondary bus 0000:1b
[    0.557948] pci 0000:00:18.0:   IO window: 0x7000-0x7fff
[    0.557978] pci 0000:00:18.0:   MEM window: 0xca700000-0xca7fffff
[    0.557999] pci 0000:00:18.0:   PREFETCH window: 0x000000d8d00000-0x000000d8dfffff
[    0.558041] pci 0000:00:18.1: PCI bridge, secondary bus 0000:1c
[    0.558053] pci 0000:00:18.1:   IO window: 0xb000-0xbfff
[    0.558083] pci 0000:00:18.1:   MEM window: 0xcab00000-0xcabfffff
[    0.558103] pci 0000:00:18.1:   PREFETCH window: 0x000000d9100000-0x000000d91fffff
[    0.558146] pci 0000:00:18.2: PCI bridge, secondary bus 0000:1d
[    0.558166] pci 0000:00:18.2:   IO window: 0xf000-0xffff
[    0.558196] pci 0000:00:18.2:   MEM window: 0xcaf00000-0xcaffffff
[    0.558217] pci 0000:00:18.2:   PREFETCH window: 0x000000d9500000-0x000000d95fffff
[    0.558260] pci 0000:00:18.3: PCI bridge, secondary bus 0000:1e
[    0.558262] pci 0000:00:18.3:   IO window: disabled
[    0.558292] pci 0000:00:18.3:   MEM window: 0xcb300000-0xcb3fffff
[    0.558312] pci 0000:00:18.3:   PREFETCH window: 0x000000d9900000-0x000000d99fffff
[    0.558364] pci 0000:00:18.4: PCI bridge, secondary bus 0000:1f
[    0.558366] pci 0000:00:18.4:   IO window: disabled
[    0.558395] pci 0000:00:18.4:   MEM window: 0xcb700000-0xcb7fffff
[    0.558416] pci 0000:00:18.4:   PREFETCH window: 0x000000d9d00000-0x000000d9dfffff
[    0.558459] pci 0000:00:18.5: PCI bridge, secondary bus 0000:20
[    0.558460] pci 0000:00:18.5:   IO window: disabled
[    0.558490] pci 0000:00:18.5:   MEM window: 0xcbb00000-0xcbbfffff
[    0.558511] pci 0000:00:18.5:   PREFETCH window: 0x000000da100000-0x000000da1fffff
[    0.558553] pci 0000:00:18.6: PCI bridge, secondary bus 0000:21
[    0.558555] pci 0000:00:18.6:   IO window: disabled
[    0.558585] pci 0000:00:18.6:   MEM window: 0xcbf00000-0xcbffffff
[    0.558606] pci 0000:00:18.6:   PREFETCH window: 0x000000da500000-0x000000da5fffff
[    0.558648] pci 0000:00:18.7: PCI bridge, secondary bus 0000:22
[    0.558650] pci 0000:00:18.7:   IO window: disabled
[    0.558679] pci 0000:00:18.7:   MEM window: 0xcc300000-0xcc3fffff
[    0.558700] pci 0000:00:18.7:   PREFETCH window: 0x000000da900000-0x000000da9fffff
[    0.558775] pci 0000:00:01.0: setting latency timer to 64
[    0.558851] pci 0000:00:15.0: setting latency timer to 64
[    0.558918] pci 0000:00:15.1: setting latency timer to 64
[    0.558984] pci 0000:00:15.2: setting latency timer to 64
[    0.559051] pci 0000:00:15.3: setting latency timer to 64
[    0.559117] pci 0000:00:15.4: setting latency timer to 64
[    0.559184] pci 0000:00:15.5: setting latency timer to 64
[    0.559250] pci 0000:00:15.6: setting latency timer to 64
[    0.559318] pci 0000:00:15.7: setting latency timer to 64
[    0.559385] pci 0000:00:16.0: setting latency timer to 64
[    0.559451] pci 0000:00:16.1: setting latency timer to 64
[    0.559517] pci 0000:00:16.2: setting latency timer to 64
[    0.559583] pci 0000:00:16.3: setting latency timer to 64
[    0.559649] pci 0000:00:16.4: setting latency timer to 64
[    0.559715] pci 0000:00:16.5: setting latency timer to 64
[    0.559782] pci 0000:00:16.6: setting latency timer to 64
[    0.559848] pci 0000:00:16.7: setting latency timer to 64
[    0.559914] pci 0000:00:17.0: setting latency timer to 64
[    0.559981] pci 0000:00:17.1: setting latency timer to 64
[    0.560047] pci 0000:00:17.2: setting latency timer to 64
[    0.560113] pci 0000:00:17.3: setting latency timer to 64
[    0.560180] pci 0000:00:17.4: setting latency timer to 64
[    0.560246] pci 0000:00:17.5: setting latency timer to 64
[    0.560320] pci 0000:00:17.6: setting latency timer to 64
[    0.560386] pci 0000:00:17.7: setting latency timer to 64
[    0.560453] pci 0000:00:18.0: setting latency timer to 64
[    0.560519] pci 0000:00:18.1: setting latency timer to 64
[    0.560585] pci 0000:00:18.2: setting latency timer to 64
[    0.560652] pci 0000:00:18.3: setting latency timer to 64
[    0.560718] pci 0000:00:18.4: setting latency timer to 64
[    0.560785] pci 0000:00:18.5: setting latency timer to 64
[    0.560851] pci 0000:00:18.6: setting latency timer to 64
[    0.560918] pci 0000:00:18.7: setting latency timer to 64
[    0.560930] pci_bus 0000:00: resource 0 io:  [0x00-0xffff]
[    0.560932] pci_bus 0000:00: resource 1 mem: [0x000000-0xffffffffffffffff]
[    0.560935] pci_bus 0000:02: resource 0 io:  [0x2000-0x3fff]
[    0.560937] pci_bus 0000:02: resource 1 mem: [0xc9000000-0xca3fffff]
[    0.560939] pci_bus 0000:02: resource 2 pref mem [0xd8400000-0xd89fffff]
[    0.560941] pci_bus 0000:02: resource 3 io:  [0x00-0xffff]
[    0.560943] pci_bus 0000:02: resource 4 mem: [0x000000-0xffffffffffffffff]
[    0.560945] pci_bus 0000:03: resource 0 io:  [0x4000-0x4fff]
[    0.560947] pci_bus 0000:03: resource 1 mem: [0xca400000-0xca4fffff]
[    0.560948] pci_bus 0000:03: resource 2 pref mem [0xd8a00000-0xd8afffff]
[    0.560951] pci_bus 0000:04: resource 0 io:  [0x8000-0x8fff]
[    0.560952] pci_bus 0000:04: resource 1 mem: [0xca800000-0xca8fffff]
[    0.560954] pci_bus 0000:04: resource 2 pref mem [0xd8e00000-0xd8efffff]
[    0.560956] pci_bus 0000:05: resource 0 io:  [0xc000-0xcfff]
[    0.560958] pci_bus 0000:05: resource 1 mem: [0xcac00000-0xcacfffff]
[    0.560960] pci_bus 0000:05: resource 2 pref mem [0xd9200000-0xd92fffff]
[    0.560962] pci_bus 0000:06: resource 1 mem: [0xcb000000-0xcb0fffff]
[    0.560964] pci_bus 0000:06: resource 2 pref mem [0xd9600000-0xd96fffff]
[    0.560966] pci_bus 0000:07: resource 1 mem: [0xcb400000-0xcb4fffff]
[    0.560968] pci_bus 0000:07: resource 2 pref mem [0xd9a00000-0xd9afffff]
[    0.560970] pci_bus 0000:08: resource 1 mem: [0xcb800000-0xcb8fffff]
[    0.560972] pci_bus 0000:08: resource 2 pref mem [0xd9e00000-0xd9efffff]
[    0.560974] pci_bus 0000:09: resource 1 mem: [0xcbc00000-0xcbcfffff]
[    0.560976] pci_bus 0000:09: resource 2 pref mem [0xda200000-0xda2fffff]
[    0.560978] pci_bus 0000:0a: resource 1 mem: [0xcc000000-0xcc0fffff]
[    0.560979] pci_bus 0000:0a: resource 2 pref mem [0xda600000-0xda6fffff]
[    0.560981] pci_bus 0000:0b: resource 0 io:  [0x5000-0x5fff]
[    0.560983] pci_bus 0000:0b: resource 1 mem: [0xca500000-0xca5fffff]
[    0.560985] pci_bus 0000:0b: resource 2 pref mem [0xd8b00000-0xd8bfffff]
[    0.560987] pci_bus 0000:0c: resource 0 io:  [0x9000-0x9fff]
[    0.560989] pci_bus 0000:0c: resource 1 mem: [0xca900000-0xca9fffff]
[    0.560991] pci_bus 0000:0c: resource 2 pref mem [0xd8f00000-0xd8ffffff]
[    0.560993] pci_bus 0000:0d: resource 0 io:  [0xd000-0xdfff]
[    0.560995] pci_bus 0000:0d: resource 1 mem: [0xcad00000-0xcadfffff]
[    0.560996] pci_bus 0000:0d: resource 2 pref mem [0xd9300000-0xd93fffff]
[    0.560999] pci_bus 0000:0e: resource 1 mem: [0xcb100000-0xcb1fffff]
[    0.561000] pci_bus 0000:0e: resource 2 pref mem [0xd9700000-0xd97fffff]
[    0.561002] pci_bus 0000:0f: resource 1 mem: [0xcb500000-0xcb5fffff]
[    0.561004] pci_bus 0000:0f: resource 2 pref mem [0xd9b00000-0xd9bfffff]
[    0.561006] pci_bus 0000:10: resource 1 mem: [0xcb900000-0xcb9fffff]
[    0.561008] pci_bus 0000:10: resource 2 pref mem [0xd9f00000-0xd9ffffff]
[    0.561010] pci_bus 0000:11: resource 1 mem: [0xcbd00000-0xcbdfffff]
[    0.561012] pci_bus 0000:11: resource 2 pref mem [0xda300000-0xda3fffff]
[    0.561014] pci_bus 0000:12: resource 1 mem: [0xcc100000-0xcc1fffff]
[    0.561016] pci_bus 0000:12: resource 2 pref mem [0xda700000-0xda7fffff]
[    0.561018] pci_bus 0000:13: resource 0 io:  [0x6000-0x6fff]
[    0.561020] pci_bus 0000:13: resource 1 mem: [0xca600000-0xca6fffff]
[    0.561022] pci_bus 0000:13: resource 2 pref mem [0xd8c00000-0xd8cfffff]
[    0.561024] pci_bus 0000:14: resource 0 io:  [0xa000-0xafff]
[    0.561025] pci_bus 0000:14: resource 1 mem: [0xcaa00000-0xcaafffff]
[    0.561027] pci_bus 0000:14: resource 2 pref mem [0xd9000000-0xd90fffff]
[    0.561029] pci_bus 0000:15: resource 0 io:  [0xe000-0xefff]
[    0.561031] pci_bus 0000:15: resource 1 mem: [0xcae00000-0xcaefffff]
[    0.561033] pci_bus 0000:15: resource 2 pref mem [0xd9400000-0xd94fffff]
[    0.561035] pci_bus 0000:16: resource 1 mem: [0xcb200000-0xcb2fffff]
[    0.561037] pci_bus 0000:16: resource 2 pref mem [0xd9800000-0xd98fffff]
[    0.561039] pci_bus 0000:17: resource 1 mem: [0xcb600000-0xcb6fffff]
[    0.561041] pci_bus 0000:17: resource 2 pref mem [0xd9c00000-0xd9cfffff]
[    0.561043] pci_bus 0000:18: resource 1 mem: [0xcba00000-0xcbafffff]
[    0.561045] pci_bus 0000:18: resource 2 pref mem [0xda000000-0xda0fffff]
[    0.561047] pci_bus 0000:19: resource 1 mem: [0xcbe00000-0xcbefffff]
[    0.561049] pci_bus 0000:19: resource 2 pref mem [0xda400000-0xda4fffff]
[    0.561051] pci_bus 0000:1a: resource 1 mem: [0xcc200000-0xcc2fffff]
[    0.561052] pci_bus 0000:1a: resource 2 pref mem [0xda800000-0xda8fffff]
[    0.561054] pci_bus 0000:1b: resource 0 io:  [0x7000-0x7fff]
[    0.561056] pci_bus 0000:1b: resource 1 mem: [0xca700000-0xca7fffff]
[    0.561058] pci_bus 0000:1b: resource 2 pref mem [0xd8d00000-0xd8dfffff]
[    0.561060] pci_bus 0000:1c: resource 0 io:  [0xb000-0xbfff]
[    0.561062] pci_bus 0000:1c: resource 1 mem: [0xcab00000-0xcabfffff]
[    0.561064] pci_bus 0000:1c: resource 2 pref mem [0xd9100000-0xd91fffff]
[    0.561066] pci_bus 0000:1d: resource 0 io:  [0xf000-0xffff]
[    0.561068] pci_bus 0000:1d: resource 1 mem: [0xcaf00000-0xcaffffff]
[    0.561070] pci_bus 0000:1d: resource 2 pref mem [0xd9500000-0xd95fffff]
[    0.561072] pci_bus 0000:1e: resource 1 mem: [0xcb300000-0xcb3fffff]
[    0.561073] pci_bus 0000:1e: resource 2 pref mem [0xd9900000-0xd99fffff]
[    0.561075] pci_bus 0000:1f: resource 1 mem: [0xcb700000-0xcb7fffff]
[    0.561077] pci_bus 0000:1f: resource 2 pref mem [0xd9d00000-0xd9dfffff]
[    0.561079] pci_bus 0000:20: resource 1 mem: [0xcbb00000-0xcbbfffff]
[    0.561081] pci_bus 0000:20: resource 2 pref mem [0xda100000-0xda1fffff]
[    0.561083] pci_bus 0000:21: resource 1 mem: [0xcbf00000-0xcbffffff]
[    0.561085] pci_bus 0000:21: resource 2 pref mem [0xda500000-0xda5fffff]
[    0.561087] pci_bus 0000:22: resource 1 mem: [0xcc300000-0xcc3fffff]
[    0.561089] pci_bus 0000:22: resource 2 pref mem [0xda900000-0xda9fffff]
[    0.561114] NET: Registered protocol family 2
[    0.561131] RANDOM - __random32 called. Change num 7.  Value: 55ede565	148ebb7a	8e9cdd7f
[    0.561133] RANDOM - random32 called.  Value: 55ede565	148ebb7a	8e9cdd7f
[    0.561142] random 0000 0000 0000 00000000 00000000: rand_read_num 2 get_random_bytes(4): sig fffffe1a 00000000 00000000
[    0.561144] random 0000 0000 0000 00000000 00000000: extract_entropy(.. 4 ..)
[    0.561147] random 0000 0000 0000 00000000 00000000: going to reseed nonblocking with 64 bits (32 of 0 requested)
[    0.561149] random 0000 0000 0000 00000000 00000000: extract_entropy(.. 8 ..)
[    0.561151] random 0000 0000 0000 00000000 00000000: trying to extract 64 bits from input
[    0.561154] random 0000 0000 0000 00000000 00000000: debiting 0 entropy credits from input
[    0.561156] random 0000 0000 0000 00000000 00000000: extract_entropy account returned: 0 
[    0.561159] random 0000 0000 0000 00000000 00000000: urand_change_num 3 xfer_secondary_pool(4): pool_sig fffffe1a, data_sig 00000000, bytes_mixed 0 00000000 00000000
[    0.561162] random 0000 0000 0000 00000000 00000000: trying to extract 32 bits from nonblocking
[    0.561164] random 0000 0000 0000 00000000 00000000: debiting 32 entropy credits from nonblocking (unlimited)
[    0.561166] random 0000 0000 0000 00000000 00000000: extract_entropy account returned: 4 
[    0.561170] random 0000 0000 0000 00000000 00000000: urand_change_num 4 extract_buf: pool_sig fffffe1a, data_sig fffffed7, bytes_mixed 20 00000000 00000000
[    0.561201] IP route cache hash table entries: 32768 (order: 5, 131072 bytes)
[    0.561277] RANDOM - __random32 called. Change num 8.  Value: de565d28	48ebb7a3	baff4f46
[    0.561280] RANDOM - random32 called.  Value: de565d28	48ebb7a3	baff4f46
[    0.561351] RANDOM - __random32 called. Change num 9.  Value: 65d282be	8ebb7a35	9e8da0a6
[    0.561353] RANDOM - random32 called.  Value: 65d282be	8ebb7a35	9e8da0a6
[    0.561355] RANDOM - __random32 called. Change num 10.  Value: 282be6b0	ebb7a35a	414d5c14
[    0.561357] RANDOM - random32 called.  Value: 282be6b0	ebb7a35a	414d5c14
[    0.561380] RANDOM - __random32 called. Change num 11.  Value: be6b0a9f	bb7a35a2	b82964f7
[    0.561382] RANDOM - random32 called.  Value: be6b0a9f	bb7a35a2	b82964f7
[    0.561393] TCP established hash table entries: 131072 (order: 8, 1048576 bytes)
[    0.561469] TCP bind hash table entries: 65536 (order: 7, 524288 bytes)
[    0.561546] TCP: Hash tables configured (established 131072 bind 65536)
[    0.561548] TCP reno registered
[    0.561585] NET: Registered protocol family 1
[    0.561595] pci 0000:00:00.0: Limiting direct PCI/PCI transfers
[    0.561614] pci 0000:00:0f.0: Boot video device
[    0.561772] Trying to unpack rootfs image as initramfs...
[    1.692591] Freeing initrd memory: 83430k freed
[    1.696562] Simple Boot Flag at 0x36 set to 0x1
[    1.696607] cpufreq-nforce2: No nForce2 chipset.
[    1.696621] Scanning for low memory corruption every 60 seconds
[    1.696739] audit: initializing netlink socket (disabled)
[    1.696748] type=2000 audit(1369432543.684:1): initialized
[    1.700664] highmem bounce pool size: 64 pages
[    1.700669] HugeTLB registered 2 MB page size, pre-allocated 0 pages
[    1.700763] VFS: Disk quotas dquot_6.5.2
[    1.700803] Dquot-cache hash table entries: 1024 (order 0, 4096 bytes)
[    1.700883] fuse init (API version 7.13)
[    1.700928] msgmni has been set to 1729
[    1.701208] alg: No test for stdrng (krng)
[    1.701243] Block layer SCSI generic (bsg) driver version 0.4 loaded (major 253)
[    1.701246] io scheduler noop registered
[    1.701248] io scheduler anticipatory registered
[    1.701249] io scheduler deadline registered
[    1.701270] io scheduler cfq registered (default)
[    1.701315]   alloc irq_desc for 24 on node -1
[    1.701317]   alloc kstat_irqs on node -1
[    1.701362] pcieport 0000:00:15.0: irq 24 for MSI/MSI-X
[    1.701408] pcieport 0000:00:15.0: setting latency timer to 64
[    1.701453]   alloc irq_desc for 25 on node -1
[    1.701455]   alloc kstat_irqs on node -1
[    1.701500] pcieport 0000:00:15.1: irq 25 for MSI/MSI-X
[    1.701545] pcieport 0000:00:15.1: setting latency timer to 64
[    1.701590]   alloc irq_desc for 26 on node -1
[    1.701593]   alloc kstat_irqs on node -1
[    1.701638] pcieport 0000:00:15.2: irq 26 for MSI/MSI-X
[    1.701683] pcieport 0000:00:15.2: setting latency timer to 64
[    1.701728]   alloc irq_desc for 27 on node -1
[    1.701730]   alloc kstat_irqs on node -1
[    1.701775] pcieport 0000:00:15.3: irq 27 for MSI/MSI-X
[    1.701820] pcieport 0000:00:15.3: setting latency timer to 64
[    1.701866]   alloc irq_desc for 28 on node -1
[    1.701868]   alloc kstat_irqs on node -1
[    1.701913] pcieport 0000:00:15.4: irq 28 for MSI/MSI-X
[    1.701958] pcieport 0000:00:15.4: setting latency timer to 64
[    1.702003]   alloc irq_desc for 29 on node -1
[    1.702005]   alloc kstat_irqs on node -1
[    1.702050] pcieport 0000:00:15.5: irq 29 for MSI/MSI-X
[    1.702095] pcieport 0000:00:15.5: setting latency timer to 64
[    1.702140]   alloc irq_desc for 30 on node -1
[    1.702142]   alloc kstat_irqs on node -1
[    1.702187] pcieport 0000:00:15.6: irq 30 for MSI/MSI-X
[    1.702232] pcieport 0000:00:15.6: setting latency timer to 64
[    1.702277]   alloc irq_desc for 31 on node -1
[    1.702279]   alloc kstat_irqs on node -1
[    1.702324] pcieport 0000:00:15.7: irq 31 for MSI/MSI-X
[    1.702369] pcieport 0000:00:15.7: setting latency timer to 64
[    1.702414]   alloc irq_desc for 32 on node -1
[    1.702416]   alloc kstat_irqs on node -1
[    1.702461] pcieport 0000:00:16.0: irq 32 for MSI/MSI-X
[    1.702506] pcieport 0000:00:16.0: setting latency timer to 64
[    1.702552]   alloc irq_desc for 33 on node -1
[    1.702554]   alloc kstat_irqs on node -1
[    1.702599] pcieport 0000:00:16.1: irq 33 for MSI/MSI-X
[    1.702644] pcieport 0000:00:16.1: setting latency timer to 64
[    1.702689]   alloc irq_desc for 34 on node -1
[    1.702691]   alloc kstat_irqs on node -1
[    1.702736] pcieport 0000:00:16.2: irq 34 for MSI/MSI-X
[    1.702781] pcieport 0000:00:16.2: setting latency timer to 64
[    1.702826]   alloc irq_desc for 35 on node -1
[    1.702828]   alloc kstat_irqs on node -1
[    1.702873] pcieport 0000:00:16.3: irq 35 for MSI/MSI-X
[    1.702918] pcieport 0000:00:16.3: setting latency timer to 64
[    1.702963]   alloc irq_desc for 36 on node -1
[    1.702965]   alloc kstat_irqs on node -1
[    1.703010] pcieport 0000:00:16.4: irq 36 for MSI/MSI-X
[    1.703055] pcieport 0000:00:16.4: setting latency timer to 64
[    1.703100]   alloc irq_desc for 37 on node -1
[    1.703102]   alloc kstat_irqs on node -1
[    1.703147] pcieport 0000:00:16.5: irq 37 for MSI/MSI-X
[    1.703192] pcieport 0000:00:16.5: setting latency timer to 64
[    1.703237]   alloc irq_desc for 38 on node -1
[    1.703239]   alloc kstat_irqs on node -1
[    1.703284] pcieport 0000:00:16.6: irq 38 for MSI/MSI-X
[    1.703329] pcieport 0000:00:16.6: setting latency timer to 64
[    1.703374]   alloc irq_desc for 39 on node -1
[    1.703376]   alloc kstat_irqs on node -1
[    1.703421] pcieport 0000:00:16.7: irq 39 for MSI/MSI-X
[    1.703466] pcieport 0000:00:16.7: setting latency timer to 64
[    1.704600]   alloc irq_desc for 40 on node -1
[    1.704601]   alloc kstat_irqs on node -1
[    1.704646] pcieport 0000:00:17.0: irq 40 for MSI/MSI-X
[    1.704691] pcieport 0000:00:17.0: setting latency timer to 64
[    1.704736]   alloc irq_desc for 41 on node -1
[    1.704738]   alloc kstat_irqs on node -1
[    1.704783] pcieport 0000:00:17.1: irq 41 for MSI/MSI-X
[    1.704828] pcieport 0000:00:17.1: setting latency timer to 64
[    1.704873]   alloc irq_desc for 42 on node -1
[    1.704875]   alloc kstat_irqs on node -1
[    1.704920] pcieport 0000:00:17.2: irq 42 for MSI/MSI-X
[    1.704965] pcieport 0000:00:17.2: setting latency timer to 64
[    1.705010]   alloc irq_desc for 43 on node -1
[    1.705012]   alloc kstat_irqs on node -1
[    1.705057] pcieport 0000:00:17.3: irq 43 for MSI/MSI-X
[    1.705102] pcieport 0000:00:17.3: setting latency timer to 64
[    1.705147]   alloc irq_desc for 44 on node -1
[    1.705151]   alloc kstat_irqs on node -1
[    1.705196] pcieport 0000:00:17.4: irq 44 for MSI/MSI-X
[    1.705241] pcieport 0000:00:17.4: setting latency timer to 64
[    1.705286]   alloc irq_desc for 45 on node -1
[    1.705289]   alloc kstat_irqs on node -1
[    1.705334] pcieport 0000:00:17.5: irq 45 for MSI/MSI-X
[    1.705379] pcieport 0000:00:17.5: setting latency timer to 64
[    1.705424]   alloc irq_desc for 46 on node -1
[    1.705426]   alloc kstat_irqs on node -1
[    1.705471] pcieport 0000:00:17.6: irq 46 for MSI/MSI-X
[    1.705516] pcieport 0000:00:17.6: setting latency timer to 64
[    1.705561]   alloc irq_desc for 47 on node -1
[    1.705563]   alloc kstat_irqs on node -1
[    1.705608] pcieport 0000:00:17.7: irq 47 for MSI/MSI-X
[    1.705654] pcieport 0000:00:17.7: setting latency timer to 64
[    1.705699]   alloc irq_desc for 48 on node -1
[    1.705700]   alloc kstat_irqs on node -1
[    1.705746] pcieport 0000:00:18.0: irq 48 for MSI/MSI-X
[    1.705791] pcieport 0000:00:18.0: setting latency timer to 64
[    1.705836]   alloc irq_desc for 49 on node -1
[    1.705837]   alloc kstat_irqs on node -1
[    1.705882] pcieport 0000:00:18.1: irq 49 for MSI/MSI-X
[    1.705927] pcieport 0000:00:18.1: setting latency timer to 64
[    1.705972]   alloc irq_desc for 50 on node -1
[    1.705975]   alloc kstat_irqs on node -1
[    1.706020] pcieport 0000:00:18.2: irq 50 for MSI/MSI-X
[    1.706065] pcieport 0000:00:18.2: setting latency timer to 64
[    1.706110]   alloc irq_desc for 51 on node -1
[    1.706112]   alloc kstat_irqs on node -1
[    1.706157] pcieport 0000:00:18.3: irq 51 for MSI/MSI-X
[    1.706202] pcieport 0000:00:18.3: setting latency timer to 64
[    1.706247]   alloc irq_desc for 52 on node -1
[    1.706249]   alloc kstat_irqs on node -1
[    1.706294] pcieport 0000:00:18.4: irq 52 for MSI/MSI-X
[    1.706339] pcieport 0000:00:18.4: setting latency timer to 64
[    1.706384]   alloc irq_desc for 53 on node -1
[    1.706386]   alloc kstat_irqs on node -1
[    1.706431] pcieport 0000:00:18.5: irq 53 for MSI/MSI-X
[    1.706476] pcieport 0000:00:18.5: setting latency timer to 64
[    1.706521]   alloc irq_desc for 54 on node -1
[    1.706523]   alloc kstat_irqs on node -1
[    1.706568] pcieport 0000:00:18.6: irq 54 for MSI/MSI-X
[    1.706613] pcieport 0000:00:18.6: setting latency timer to 64
[    1.706658]   alloc irq_desc for 55 on node -1
[    1.706660]   alloc kstat_irqs on node -1
[    1.706705] pcieport 0000:00:18.7: irq 55 for MSI/MSI-X
[    1.706750] pcieport 0000:00:18.7: setting latency timer to 64
[    1.706795] pci_hotplug: PCI Hot Plug PCI Core version: 0.5
[    1.708609] pciehp 0000:00:15.0:pcie04: HPC vendor_id 15ad device_id 7a0 ss_vid 0 ss_did 0
[    1.708654] pciehp 0000:00:15.0:pcie04: service driver pciehp loaded
[    1.708699] pciehp 0000:00:15.1:pcie04: HPC vendor_id 15ad device_id 7a0 ss_vid 0 ss_did 0
[    1.708744] pciehp 0000:00:15.1:pcie04: service driver pciehp loaded
[    1.708789] pciehp 0000:00:15.2:pcie04: HPC vendor_id 15ad device_id 7a0 ss_vid 0 ss_did 0
[    1.708834] pciehp 0000:00:15.2:pcie04: service driver pciehp loaded
[    1.708879] pciehp 0000:00:15.3:pcie04: HPC vendor_id 15ad device_id 7a0 ss_vid 0 ss_did 0
[    1.708924] pciehp 0000:00:15.3:pcie04: service driver pciehp loaded
[    1.708969] pciehp 0000:00:15.4:pcie04: HPC vendor_id 15ad device_id 7a0 ss_vid 0 ss_did 0
[    1.709014] pciehp 0000:00:15.4:pcie04: service driver pciehp loaded
[    1.709059] pciehp 0000:00:15.5:pcie04: HPC vendor_id 15ad device_id 7a0 ss_vid 0 ss_did 0
[    1.709104] pciehp 0000:00:15.5:pcie04: service driver pciehp loaded
[    1.709149] pciehp 0000:00:15.6:pcie04: HPC vendor_id 15ad device_id 7a0 ss_vid 0 ss_did 0
[    1.709194] pciehp 0000:00:15.6:pcie04: service driver pciehp loaded
[    1.709239] pciehp 0000:00:15.7:pcie04: HPC vendor_id 15ad device_id 7a0 ss_vid 0 ss_did 0
[    1.709284] pciehp 0000:00:15.7:pcie04: service driver pciehp loaded
[    1.709329] pciehp 0000:00:16.0:pcie04: HPC vendor_id 15ad device_id 7a0 ss_vid 0 ss_did 0
[    1.709374] pciehp 0000:00:16.0:pcie04: service driver pciehp loaded
[    1.709419] pciehp 0000:00:16.1:pcie04: HPC vendor_id 15ad device_id 7a0 ss_vid 0 ss_did 0
[    1.709464] pciehp 0000:00:16.1:pcie04: service driver pciehp loaded
[    1.709509] pciehp 0000:00:16.2:pcie04: HPC vendor_id 15ad device_id 7a0 ss_vid 0 ss_did 0
[    1.709554] pciehp 0000:00:16.2:pcie04: service driver pciehp loaded
[    1.709599] pciehp 0000:00:16.3:pcie04: HPC vendor_id 15ad device_id 7a0 ss_vid 0 ss_did 0
[    1.709644] pciehp 0000:00:16.3:pcie04: service driver pciehp loaded
[    1.709689] pciehp 0000:00:16.4:pcie04: HPC vendor_id 15ad device_id 7a0 ss_vid 0 ss_did 0
[    1.709735] pciehp 0000:00:16.4:pcie04: service driver pciehp loaded
[    1.709780] pciehp 0000:00:16.5:pcie04: HPC vendor_id 15ad device_id 7a0 ss_vid 0 ss_did 0
[    1.709825] pciehp 0000:00:16.5:pcie04: service driver pciehp loaded
[    1.709870] pciehp 0000:00:16.6:pcie04: HPC vendor_id 15ad device_id 7a0 ss_vid 0 ss_did 0
[    1.709915] pciehp 0000:00:16.6:pcie04: service driver pciehp loaded
[    1.709960] pciehp 0000:00:16.7:pcie04: HPC vendor_id 15ad device_id 7a0 ss_vid 0 ss_did 0
[    1.710005] pciehp 0000:00:16.7:pcie04: service driver pciehp loaded
[    1.710050] pciehp 0000:00:17.0:pcie04: HPC vendor_id 15ad device_id 7a0 ss_vid 0 ss_did 0
[    1.710095] pciehp 0000:00:17.0:pcie04: service driver pciehp loaded
[    1.710140] pciehp 0000:00:17.1:pcie04: HPC vendor_id 15ad device_id 7a0 ss_vid 0 ss_did 0
[    1.710185] pciehp 0000:00:17.1:pcie04: service driver pciehp loaded
[    1.710230] pciehp 0000:00:17.2:pcie04: HPC vendor_id 15ad device_id 7a0 ss_vid 0 ss_did 0
[    1.710275] pciehp 0000:00:17.2:pcie04: service driver pciehp loaded
[    1.710320] pciehp 0000:00:17.3:pcie04: HPC vendor_id 15ad device_id 7a0 ss_vid 0 ss_did 0
[    1.710365] pciehp 0000:00:17.3:pcie04: service driver pciehp loaded
[    1.710410] pciehp 0000:00:17.4:pcie04: HPC vendor_id 15ad device_id 7a0 ss_vid 0 ss_did 0
[    1.710455] pciehp 0000:00:17.4:pcie04: service driver pciehp loaded
[    1.710500] pciehp 0000:00:17.5:pcie04: HPC vendor_id 15ad device_id 7a0 ss_vid 0 ss_did 0
[    1.710545] pciehp 0000:00:17.5:pcie04: service driver pciehp loaded
[    1.710590] pciehp 0000:00:17.6:pcie04: HPC vendor_id 15ad device_id 7a0 ss_vid 0 ss_did 0
[    1.710635] pciehp 0000:00:17.6:pcie04: service driver pciehp loaded
[    1.710680] pciehp 0000:00:17.7:pcie04: HPC vendor_id 15ad device_id 7a0 ss_vid 0 ss_did 0
[    1.710725] pciehp 0000:00:17.7:pcie04: service driver pciehp loaded
[    1.710770] pciehp 0000:00:18.0:pcie04: HPC vendor_id 15ad device_id 7a0 ss_vid 0 ss_did 0
[    1.710815] pciehp 0000:00:18.0:pcie04: service driver pciehp loaded
[    1.710860] pciehp 0000:00:18.1:pcie04: HPC vendor_id 15ad device_id 7a0 ss_vid 0 ss_did 0
[    1.710905] pciehp 0000:00:18.1:pcie04: service driver pciehp loaded
[    1.710950] pciehp 0000:00:18.2:pcie04: HPC vendor_id 15ad device_id 7a0 ss_vid 0 ss_did 0
[    1.710995] pciehp 0000:00:18.2:pcie04: service driver pciehp loaded
[    1.711040] pciehp 0000:00:18.3:pcie04: HPC vendor_id 15ad device_id 7a0 ss_vid 0 ss_did 0
[    1.711085] pciehp 0000:00:18.3:pcie04: service driver pciehp loaded
[    1.711130] pciehp 0000:00:18.4:pcie04: HPC vendor_id 15ad device_id 7a0 ss_vid 0 ss_did 0
[    1.711175] pciehp 0000:00:18.4:pcie04: service driver pciehp loaded
[    1.711220] pciehp 0000:00:18.5:pcie04: HPC vendor_id 15ad device_id 7a0 ss_vid 0 ss_did 0
[    1.711265] pciehp 0000:00:18.5:pcie04: service driver pciehp loaded
[    1.711310] pciehp 0000:00:18.6:pcie04: HPC vendor_id 15ad device_id 7a0 ss_vid 0 ss_did 0
[    1.711356] pciehp 0000:00:18.6:pcie04: service driver pciehp loaded
[    1.711401] pciehp 0000:00:18.7:pcie04: HPC vendor_id 15ad device_id 7a0 ss_vid 0 ss_did 0
[    1.711446] pciehp 0000:00:18.7:pcie04: service driver pciehp loaded
[    1.711455] pciehp: PCI Express Hot Plug Controller Driver version: 0.4
[    1.711506] ACPI: AC Adapter [ACAD] (on-line)
[    1.711575] input: Power Button as /devices/LNXSYSTM:00/LNXPWRBN:00/input/input0
[    1.711580] ACPI: Power Button [PWRF]
[    1.711625] processor LNXCPU:00: registered as cooling_device0
[    1.756499] isapnp: Scanning for PnP cards...
[    2.110246] isapnp: No Plug & Play device found
[    2.110276] random 0000 0000 0000 5f8db4e5 4cfdf2a8: initializing
[    2.110402] Linux agpgart interface v0.103
[    2.110441] agpgart-intel 0000:00:00.0: Intel 440BX Chipset
[    2.110494] agpgart-intel 0000:00:00.0: AGP aperture is 256M @ 0x0
[    2.110524] Serial: 8250/16550 driver, 32 ports, IRQ sharing enabled
[    2.110577] serial8250: ttyS0 at I/O 0x3f8 (irq = 4) is a 16550A
[    2.110630] serial8250: ttyS1 at I/O 0x2f8 (irq = 3) is a 16550A
[    2.110682] 00:0a: ttyS0 at I/O 0x3f8 (irq = 4) is a 16550A
[    2.110735] 00:0b: ttyS1 at I/O 0x2f8 (irq = 3) is a 16550A
[    2.110787] brd: module loaded
[    2.110840] loop: module loaded
[    2.110892] ata_piix 0000:00:07.1: version 2.13
[    2.110974] scsi0 : ata_piix
[    2.111019] scsi1 : ata_piix
[    2.111039] ata1: PATA max UDMA/33 cmd 0x1f0 ctl 0x3f6 bmdma 0x10c0 irq 14
[    2.111041] ata2: PATA max UDMA/33 cmd 0x170 ctl 0x376 bmdma 0x10c8 irq 15
[    2.111088] PPP generic driver version 2.4.2
[    2.111107] tun: Universal TUN/TAP device driver, 1.6
[    2.111109] tun: (C) 1999-2004 Max Krasnyansky <maxk@qualcomm.com>
[    2.111161] ehci_hcd: USB 2.0 'Enhanced' Host Controller (EHCI) Driver
[    2.111214] ACPI: PCI Interrupt Link [LNKB] enabled at IRQ 11
[    2.111217] PCI: setting IRQ 11 as level-triggered
[    2.111233] ehci_hcd 0000:02:03.0: PCI INT A -> Link[LNKB] -> GSI 11 (level, low) -> IRQ 11
[    2.111282] ehci_hcd 0000:02:03.0: EHCI Host Controller
[    2.111314] ehci_hcd 0000:02:03.0: new USB bus registered, assigned bus number 1
[    2.111367] ehci_hcd 0000:02:03.0: cache line size of 32 is not supported
[    2.111373] ehci_hcd 0000:02:03.0: irq 11, io mem 0xc9000000
[    2.111685] random 0000 0000 0000 00000000 00000000: rand_read_num 3 get_random_bytes(8): sig 00000000 00000000 00000000
[    2.111688] random 0000 0000 0000 00000000 00000000: extract_entropy(.. 8 ..)
[    2.111690] random 0000 0000 0000 00000000 00000000: going to reseed nonblocking with 64 bits (64 of 0 requested)
[    2.111693] random 0000 0000 0000 00000000 00000000: extract_entropy(.. 8 ..)
[    2.111695] random 0000 0000 0000 00000000 00000000: trying to extract 64 bits from input
[    2.111697] random 0000 0000 0000 00000000 00000000: debiting 0 entropy credits from input
[    2.111699] random 0000 0000 0000 00000000 00000000: extract_entropy account returned: 0 
[    2.111702] random 0000 0000 0000 00000000 00000000: urand_change_num 5 xfer_secondary_pool(8): pool_sig 00000000, data_sig 00000000, bytes_mixed 0 00000000 00000000
[    2.111705] random 0000 0000 0000 00000000 00000000: trying to extract 64 bits from nonblocking
[    2.111708] random 0000 0000 0000 00000000 00000000: debiting 64 entropy credits from nonblocking (unlimited)
[    2.111710] random 0000 0000 0000 00000000 00000000: extract_entropy account returned: 8 
[    2.111714] random 0000 0000 0000 00000000 00000000: urand_change_num 6 extract_buf: pool_sig 00000000, data_sig fffffff9, bytes_mixed 20 00000000 00000000
[    2.119946] ehci_hcd 0000:02:03.0: USB 2.0 started, EHCI 1.00
[    2.119998] usb usb1: configuration #1 chosen from 1 choice
[    2.120016] hub 1-0:1.0: USB hub found
[    2.120021] hub 1-0:1.0: 6 ports detected
[    2.120054] ohci_hcd: USB 1.1 'Open' Host Controller (OHCI) Driver
[    2.120063] uhci_hcd: USB Universal Host Controller Interface driver
[    2.120116] ACPI: PCI Interrupt Link [LNKC] enabled at IRQ 10
[    2.120118] PCI: setting IRQ 10 as level-triggered
[    2.120122] uhci_hcd 0000:02:00.0: PCI INT A -> Link[LNKC] -> GSI 10 (level, low) -> IRQ 10
[    2.120153] uhci_hcd 0000:02:00.0: UHCI Host Controller
[    2.120179] uhci_hcd 0000:02:00.0: new USB bus registered, assigned bus number 2
[    2.120278] uhci_hcd 0000:02:00.0: irq 10, io base 0x000020c0
[    2.120331] usb usb2: configuration #1 chosen from 1 choice
[    2.120346] hub 2-0:1.0: USB hub found
[    2.120350] hub 2-0:1.0: 2 ports detected
[    2.120402] usbcore: registered new interface driver libusual
[    2.120428] PNP: PS/2 Controller [PNP0303:KBC,PNP0f13:MOUS] at 0x60,0x64 irq 1,12
[    2.120759] serio: i8042 KBD port at 0x60,0x64 irq 1
[    2.120766] serio: i8042 AUX port at 0x60,0x64 irq 12
[    2.120798] mice: PS/2 mouse device common for all mice
[    2.120850] rtc_cmos 00:04: rtc core: registered rtc_cmos as rtc0
[    2.120865] rtc0: alarms up to one month, y3k, 114 bytes nvram, hpet irqs
[    2.120918] device-mapper: uevent: version 1.0.3
[    2.121024] device-mapper: ioctl: 4.15.0-ioctl (2009-04-01) initialised: dm-devel@redhat.com
[    2.121040] EISA: Probing bus 0 at eisa.0
[    2.121047] Cannot allocate resource for EISA slot 1
[    2.121049] Cannot allocate resource for EISA slot 2
[    2.121050] Cannot allocate resource for EISA slot 3
[    2.121052] Cannot allocate resource for EISA slot 4
[    2.121054] Cannot allocate resource for EISA slot 5
[    2.121056] Cannot allocate resource for EISA slot 6
[    2.121057] Cannot allocate resource for EISA slot 7
[    2.121059] Cannot allocate resource for EISA slot 8
[    2.121061] EISA: Detected 0 cards.
[    2.121103] cpuidle: using governor ladder
[    2.121105] cpuidle: using governor menu
[    2.121158] random 0000 0000 0000 00000000 00000000: rand_read_num 4 get_random_bytes(136): sig 0000021d 00000000 00000000
[    2.121180] random 0000 0000 0000 00000000 00000000: extract_entropy(.. 136 ..)
[    2.121182] random 0000 0000 0000 00000000 00000000: going to reseed nonblocking with 1024 bits (1088 of 0 requested)
[    2.121184] random 0000 0000 0000 00000000 00000000: extract_entropy(.. 128 ..)
[    2.121186] random 0000 0000 0000 00000000 00000000: trying to extract 1024 bits from input
[    2.121189] random 0000 0000 0000 00000000 00000000: debiting 0 entropy credits from input
[    2.121190] random 0000 0000 0000 00000000 00000000: extract_entropy account returned: 0 
[    2.121194] random 0000 0000 0000 00000000 00000000: urand_change_num 7 xfer_secondary_pool(136): pool_sig 0000021d, data_sig 00000000, bytes_mixed 0 00000000 00000000
[    2.121196] random 0000 0000 0000 00000000 00000000: trying to extract 1088 bits from nonblocking
[    2.121198] random 0000 0000 0000 00000000 00000000: debiting 1088 entropy credits from nonblocking (unlimited)
[    2.121201] random 0000 0000 0000 00000000 00000000: extract_entropy account returned: 136 
[    2.121204] random 0000 0000 0000 00000000 00000000: urand_change_num 8 extract_buf: pool_sig 0000021d, data_sig fffffff7, bytes_mixed 20 00000000 00000000
[    2.121208] random 0000 0000 0000 f961ee50 ba9cb1aa: urand_change_num 9 extract_buf: pool_sig 00000230, data_sig fffffeb4, bytes_mixed 20 f961ee50 ba9cb1aa
[    2.121213] random 0000 0000 0000 9748bdd6 56fb8af6: urand_change_num 10 extract_buf: pool_sig 00000373, data_sig 000000cf, bytes_mixed 20 9748bdd6 56fb8af6
[    2.121217] random 0000 0000 0000 9748bdd6 56fb8af6: urand_change_num 11 extract_buf: pool_sig fffffe49, data_sig 0000023f, bytes_mixed 20 9748bdd6 56fb8af6
[    2.121221] random 0000 0000 0000 a135be86 4777650e: urand_change_num 12 extract_buf: pool_sig fffffcce, data_sig 000000c6, bytes_mixed 20 a135be86 4777650e
[    2.121225] random 0000 0000 0000 4a6ea85d 170e00dd: urand_change_num 13 extract_buf: pool_sig ffffff97, data_sig ffffff7d, bytes_mixed 20 4a6ea85d 170e00dd
[    2.121229] random 0000 0000 0000 4a6ea85d 170e00dd: urand_change_num 14 extract_buf: pool_sig 00000160, data_sig fffffeea, bytes_mixed 20 4a6ea85d 170e00dd
[    2.121234] random 0000 0000 0000 6e87c3cb da668c73: urand_change_num 15 extract_buf: pool_sig 0000034f, data_sig ffffff54, bytes_mixed 20 6e87c3cb da668c73
[    2.121238] random 0000 0000 0000 6e87c3cb da668c73: urand_change_num 16 extract_buf: pool_sig fffffdc5, data_sig 00000205, bytes_mixed 20 6e87c3cb da668c73
[    2.121242] random 0000 0000 0000 39f531e6 461eb249: urand_change_num 17 extract_buf: pool_sig fffffc1d, data_sig ffffff5e, bytes_mixed 20 39f531e6 461eb249
[    2.121246] random 0000 0000 0000 7e1538a2 3e661182: urand_change_num 18 extract_buf: pool_sig 000006ef, data_sig ffffff2e, bytes_mixed 20 7e1538a2 3e661182
[    2.121250] random 0000 0000 0000 7e1538a2 3e661182: urand_change_num 19 extract_buf: pool_sig 00000317, data_sig fffffccb, bytes_mixed 20 7e1538a2 3e661182
[    2.121254] random 0000 0000 0000 76af506b 9b57305e: urand_change_num 20 extract_buf: pool_sig 00000227, data_sig ffffffd2, bytes_mixed 20 76af506b 9b57305e
[    2.121258] random 0000 0000 0000 37d49d89 e20417cc: urand_change_num 21 extract_buf: pool_sig 0000080b, data_sig 000001e9, bytes_mixed 20 37d49d89 e20417cc
[    2.121262] TCP cubic registered
[    2.121315] NET: Registered protocol family 10
[    2.121348] RANDOM - __random32 called. Change num 12.  Value: b0a9fbe7	b7a35a2b	c9ef2c48
[    2.121350] RANDOM - random32 called.  Value: b0a9fbe7	b7a35a2b	c9ef2c48
[    2.121358] random 0000 0000 0000 37d49d89 e20417cc: rand_read_num 5 get_random_bytes(4): sig 00000298 37d49d89 e20417cc
[    2.121361] random 0000 0000 0000 37d49d89 e20417cc: extract_entropy(.. 4 ..)
[    2.121363] random 0000 0000 0000 37d49d89 e20417cc: going to reseed nonblocking with 64 bits (32 of 0 requested)
[    2.121365] random 0000 0000 0000 37d49d89 e20417cc: extract_entropy(.. 8 ..)
[    2.121367] random 0000 0000 0000 37d49d89 e20417cc: trying to extract 64 bits from input
[    2.121369] random 0000 0000 0000 37d49d89 e20417cc: debiting 0 entropy credits from input
[    2.121371] random 0000 0000 0000 37d49d89 e20417cc: extract_entropy account returned: 0 
[    2.121374] random 0000 0000 0000 37d49d89 e20417cc: urand_change_num 22 xfer_secondary_pool(4): pool_sig 00000298, data_sig 00000000, bytes_mixed 0 37d49d89 e20417cc
[    2.121376] random 0000 0000 0000 37d49d89 e20417cc: trying to extract 32 bits from nonblocking
[    2.121379] random 0000 0000 0000 37d49d89 e20417cc: debiting 32 entropy credits from nonblocking (unlimited)
[    2.121381] random 0000 0000 0000 37d49d89 e20417cc: extract_entropy account returned: 4 
[    2.121384] random 0000 0000 0000 37d49d89 e20417cc: urand_change_num 23 extract_buf: pool_sig 00000298, data_sig 00000092, bytes_mixed 20 37d49d89 e20417cc
[    2.121436] RANDOM - __random32 called. Change num 13.  Value: 9fbe71fa	7a35a2b4	5890d2c9
[    2.121438] RANDOM - random32 called.  Value: 9fbe71fa	7a35a2b4	5890d2c9
[    2.121491] NET: Registered protocol family 17
[    2.121510] Using IPI No-Shortcut mode
[    2.121515] random 0000 0000 0000 2ee4c4fc 167bdb15: rand_read_num 6 get_random_bytes(8): sig fffffcbf 2ee4c4fc 167bdb15
[    2.121517] random 0000 0000 0000 2ee4c4fc 167bdb15: extract_entropy(.. 8 ..)
[    2.121520] random 0000 0000 0000 2ee4c4fc 167bdb15: going to reseed nonblocking with 64 bits (64 of 0 requested)
[    2.121522] random 0000 0000 0000 2ee4c4fc 167bdb15: extract_entropy(.. 8 ..)
[    2.121524] random 0000 0000 0000 2ee4c4fc 167bdb15: trying to extract 64 bits from input
[    2.121526] random 0000 0000 0000 2ee4c4fc 167bdb15: debiting 0 entropy credits from input
[    2.121528] random 0000 0000 0000 2ee4c4fc 167bdb15: extract_entropy account returned: 0 
[    2.121530] random 0000 0000 0000 2ee4c4fc 167bdb15: urand_change_num 24 xfer_secondary_pool(8): pool_sig fffffcbf, data_sig 00000000, bytes_mixed 0 2ee4c4fc 167bdb15
[    2.121533] random 0000 0000 0000 2ee4c4fc 167bdb15: trying to extract 64 bits from nonblocking
[    2.121535] random 0000 0000 0000 2ee4c4fc 167bdb15: debiting 64 entropy credits from nonblocking (unlimited)
[    2.121537] random 0000 0000 0000 2ee4c4fc 167bdb15: extract_entropy account returned: 8 
[    2.121541] random 0000 0000 0000 2ee4c4fc 167bdb15: urand_change_num 25 extract_buf: pool_sig fffffcbf, data_sig ffffff83, bytes_mixed 20 2ee4c4fc 167bdb15
[    2.121578] PM: Resume from disk failed.
[    2.121585] registered taskstats version 1
[    2.121588] random 0000 0000 0000 2ee4c4fc 167bdb15: rand_read_num 7 get_random_bytes(12): sig fffffc69 2ee4c4fc 167bdb15
[    2.121590] random 0000 0000 0000 2ee4c4fc 167bdb15: extract_entropy(.. 12 ..)
[    2.121592] random 0000 0000 0000 2ee4c4fc 167bdb15: going to reseed nonblocking with 96 bits (96 of 0 requested)
[    2.121594] random 0000 0000 0000 2ee4c4fc 167bdb15: extract_entropy(.. 12 ..)
[    2.121596] random 0000 0000 0000 2ee4c4fc 167bdb15: trying to extract 96 bits from input
[    2.121598] random 0000 0000 0000 2ee4c4fc 167bdb15: debiting 0 entropy credits from input
[    2.121600] random 0000 0000 0000 2ee4c4fc 167bdb15: extract_entropy account returned: 0 
[    2.121603] random 0000 0000 0000 2ee4c4fc 167bdb15: urand_change_num 26 xfer_secondary_pool(12): pool_sig fffffc69, data_sig 00000000, bytes_mixed 0 2ee4c4fc 167bdb15
[    2.121606] random 0000 0000 0000 2ee4c4fc 167bdb15: trying to extract 96 bits from nonblocking
[    2.121608] random 0000 0000 0000 2ee4c4fc 167bdb15: debiting 96 entropy credits from nonblocking (unlimited)
[    2.121610] random 0000 0000 0000 2ee4c4fc 167bdb15: extract_entropy account returned: 12 
[    2.121613] random 0000 0000 0000 2ee4c4fc 167bdb15: urand_change_num 27 extract_buf: pool_sig fffffc69, data_sig ffffff7d, bytes_mixed 20 2ee4c4fc 167bdb15
[    2.121617] random 0000 0000 0000 83b7c1ab 94697f48: urand_change_num 28 extract_buf: pool_sig fffffe30, data_sig fffffdd6, bytes_mixed 20 83b7c1ab 94697f48
[    2.121620] RANDOM - __seed init called.
[    2.121621] RANDOM - __seed init called.
[    2.121622] RANDOM - __seed init called.
[    2.121624] RANDOM - __random32 called. Change num 14.  Value: fc007995	feca4f80	21b38ad2
[    2.121626] RANDOM - random32_reseed called.  Value: fc007995	feca4f80	21b38ad2
[    2.121628] Pid: 1, comm: swapper Not tainted 2.6.32.57 #4
[    2.121630] Call Trace:
[    2.121635]  [<c14a8a0e>] ? printk+0x1d/0x1f
[    2.121640]  [<c17537e5>] random32_reseed+0x89/0xbd
[    2.121643]  [<c1003042>] do_one_initcall+0x32/0x1a0
[    2.121646]  [<c175375c>] ? random32_reseed+0x0/0xbd
[    2.121649]  [<c17308e7>] kernel_init+0x12d/0x17a
[    2.121651]  [<c17307ba>] ? kernel_init+0x0/0x17a
[    2.121654]  [<c1009b07>] kernel_thread_helper+0x7/0x10
[    2.124474] input: AT Translated Set 2 keyboard as /devices/platform/i8042/serio0/input/input1
[    2.124753] random 0000 0000 0000 6db70b00 b30ce96b: rand_read_num 8 get_random_bytes(64): sig fffffb38 6db70b00 b30ce96b
[    2.124756] random 0000 0000 0000 6db70b00 b30ce96b: extract_entropy(.. 64 ..)
[    2.124758] random 0000 0000 0000 6db70b00 b30ce96b: going to reseed nonblocking with 512 bits (512 of 0 requested)
[    2.124760] random 0000 0000 0000 6db70b00 b30ce96b: extract_entropy(.. 64 ..)
[    2.124763] random 0000 0000 0000 6db70b00 b30ce96b: trying to extract 512 bits from input
[    2.124765] random 0000 0000 0000 6db70b00 b30ce96b: debiting 0 entropy credits from input
[    2.124767] random 0000 0000 0000 6db70b00 b30ce96b: extract_entropy account returned: 0 
[    2.124770] random 0000 0000 0000 6db70b00 b30ce96b: urand_change_num 29 xfer_secondary_pool(64): pool_sig fffffb38, data_sig 00000000, bytes_mixed 0 6db70b00 b30ce96b
[    2.124773] random 0000 0000 0000 6db70b00 b30ce96b: trying to extract 512 bits from nonblocking
[    2.124775] random 0000 0000 0000 6db70b00 b30ce96b: debiting 512 entropy credits from nonblocking (unlimited)
[    2.124777] random 0000 0000 0000 6db70b00 b30ce96b: extract_entropy account returned: 64 
[    2.124781] random 0000 0000 0000 6db70b00 b30ce96b: urand_change_num 30 extract_buf: pool_sig fffffb38, data_sig 00000151, bytes_mixed 20 6db70b00 b30ce96b
[    2.124785] random 0000 0000 0000 6db70b00 b30ce96b: urand_change_num 31 extract_buf: pool_sig fffffdb8, data_sig 00000379, bytes_mixed 20 6db70b00 b30ce96b
[    2.124790] random 0000 0000 0000 6b83001e d4b6c0d3: urand_change_num 32 extract_buf: pool_sig ffffffc9, data_sig 00000198, bytes_mixed 20 6b83001e d4b6c0d3
[    2.124794] random 0000 0000 0000 79d3e3c7 be564518: urand_change_num 33 extract_buf: pool_sig 000002b9, data_sig ffffff84, bytes_mixed 20 79d3e3c7 be564518
[    2.124799] random 0000 0000 0000 79d3e3c7 be564518: urand_change_num 34 extract_buf: pool_sig ffffff55, data_sig ffffff5a, bytes_mixed 20 79d3e3c7 be564518
[    2.124803] random 0000 0000 0000 89c03cb2 0d353228: urand_change_num 35 extract_buf: pool_sig 00000007, data_sig ffffff17, bytes_mixed 20 89c03cb2 0d353228
[    2.124808] random 0000 0000 0000 89c03cb2 0d353228: urand_change_num 36 extract_buf: pool_sig fffffdae, data_sig 000000db, bytes_mixed 20 89c03cb2 0d353228  Magic number: 13:915:955
[    2.124901] rtc_cmos 00:04: setting system clock to 2013-05-24 21:55:45 UTC (1369432545)
[    2.124903] BIOS EDD facility v0.16 2004-Jun-25, 0 devices found
[    2.124905] EDD information not available.
[    2.124929] random 0000 0000 0000 8ca62387 b120332c: rand_read_num 9 get_random_bytes(64): sig fffffed6 8ca62387 b120332c
[    2.124931] random 0000 0000 0000 8ca62387 b120332c: extract_entropy(.. 64 ..)
[    2.124933] random 0000 0000 0000 8ca62387 b120332c: going to reseed nonblocking with 512 bits (512 of 0 requested)
[    2.124936] random 0000 0000 0000 8ca62387 b120332c: extract_entropy(.. 64 ..)
[    2.124938] random 0000 0000 0000 8ca62387 b120332c: trying to extract 512 bits from input
[    2.124940] random 0000 0000 0000 8ca62387 b120332c: debiting 0 entropy credits from input
[    2.124942] random 0000 0000 0000 8ca62387 b120332c: extract_entropy account returned: 0 
[    2.124945] random 0000 0000 0000 8ca62387 b120332c: urand_change_num 37 xfer_secondary_pool(64): pool_sig fffffed6, data_sig 00000000, bytes_mixed 0 8ca62387 b120332c
[    2.124948] random 0000 0000 0000 8ca62387 b120332c: trying to extract 512 bits from nonblocking
[    2.124950] random 0000 0000 0000 8ca62387 b120332c: debiting 512 entropy credits from nonblocking (unlimited)
[    2.124952] random 0000 0000 0000 8ca62387 b120332c: extract_entropy account returned: 64 
[    2.124956] random 0000 0000 0000 8ca62387 b120332c: urand_change_num 38 extract_buf: pool_sig fffffed6, data_sig fffffeb6, bytes_mixed 20 8ca62387 b120332c
[    2.124960] random 0000 0000 0000 90702413 e2a66c2e: urand_change_num 39 extract_buf: pool_sig fffffbb0, data_sig 0000012e, bytes_mixed 20 90702413 e2a66c2e
[    2.124965] random 0000 0000 0000 90702413 e2a66c2e: urand_change_num 40 extract_buf: pool_sig fffffaf1, data_sig ffffff3c, bytes_mixed 20 90702413 e2a66c2e
[    2.124969] random 0000 0000 0000 3f58038b c77aecb6: urand_change_num 41 extract_buf: pool_sig 00000234, data_sig fffffdec, bytes_mixed 20 3f58038b c77aecb6
[    2.124974] random 0000 0000 0000 47187b9d 03f21510: urand_change_num 42 extract_buf: pool_sig 00000192, data_sig 00000075, bytes_mixed 20 47187b9d 03f21510
[    2.124978] random 0000 0000 0000 47187b9d 03f21510: urand_change_num 43 extract_buf: pool_sig 0000018e, data_sig ffffffbf, bytes_mixed 20 47187b9d 03f21510
[    2.124982] random 0000 0000 0000 3180b1fc 0fa9c973: urand_change_num 44 extract_buf: pool_sig fffffecf, data_sig ffffff2a, bytes_mixed 20 3180b1fc 0fa9c973
[    2.124985] BEGIN NET_SECRET:
[    2.124986] \xffffff87
[    2.124988] \xffffff8d
[    2.124989] \xfffffff4
[    2.124990] \xffffffae
[    2.124991] \xffffffc3
[    2.124992] \xffffffb7
[    2.124994] \x31
[    2.124995] \x65
[    2.124996] \xffffffda
[    2.124997] \xffffffa2
[    2.124998] \x31
[    2.124999] \xffffffc8
[    2.125000] \xffffffa9
[    2.125002] \x76
[    2.125003] \x76
[    2.125004] \xffffff90
[    2.125005] \x55
[    2.125006] \xfffffff3
[    2.125007] \xffffffb1
[    2.125009] \x3
[    2.125010] \xffffffb3
[    2.125011] \xffffffa7
[    2.125012] \x5a
[    2.125013] \x71
[    2.125014] \x70
[    2.125015] \xffffff8c
[    2.125017] \x56
[    2.125018] \x25
[    2.125019] \xffffffe1
[    2.125020] \x4c
[    2.125021] \xffffffe6
[    2.125022] \xffffff95
[    2.125023] \x67
[    2.125025] \x4c
[    2.125026] \xffffffb9
[    2.125027] \x1d
[    2.125028] \xe
[    2.125029] \x34
[    2.125030] \xffffffbe
[    2.125031] \x12
[    2.125032] \x5
[    2.125034] \xffffff98
[    2.125035] \xffffffa0
[    2.125036] \xf
[    2.125037] \xffffffb2
[    2.125038] \xffffffde
[    2.125039] \xffffff99
[    2.125041] \xf
[    2.125042] \xffffffe8
[    2.125043] \xffffffc8
[    2.125044] \x1f
[    2.125045] \x54
[    2.125046] \x2c
[    2.125047] \xffffffee
[    2.125049] \x2e
[    2.125050] \x0
[    2.125051] \xffffff95
[    2.125052] \x0
[    2.125053] \xffffffe3
[    2.125054] \xffffffa7
[    2.125055] \xfffffffd
[    2.125057] \x66
[    2.125058] \xffffff92
[    2.125059] \xfffffff0
[    2.125060] 
[    2.125061] END NET_SECRET
[    2.125064] random 0000 0000 0000 3180b1fc 0fa9c973: rand_read_num 10 get_random_bytes(4): sig ffffff46 3180b1fc 0fa9c973
[    2.125066] random 0000 0000 0000 3180b1fc 0fa9c973: extract_entropy(.. 4 ..)
[    2.125068] random 0000 0000 0000 3180b1fc 0fa9c973: going to reseed nonblocking with 64 bits (32 of 0 requested)
[    2.125070] random 0000 0000 0000 3180b1fc 0fa9c973: extract_entropy(.. 8 ..)
[    2.125073] random 0000 0000 0000 3180b1fc 0fa9c973: trying to extract 64 bits from input
[    2.125075] random 0000 0000 0000 3180b1fc 0fa9c973: debiting 0 entropy credits from input
[    2.125077] random 0000 0000 0000 3180b1fc 0fa9c973: extract_entropy account returned: 0 
[    2.125080] random 0000 0000 0000 3180b1fc 0fa9c973: urand_change_num 45 xfer_secondary_pool(4): pool_sig ffffff46, data_sig 00000000, bytes_mixed 0 3180b1fc 0fa9c973
[    2.125082] random 0000 0000 0000 3180b1fc 0fa9c973: trying to extract 32 bits from nonblocking
[    2.125085] random 0000 0000 0000 3180b1fc 0fa9c973: debiting 32 entropy credits from nonblocking (unlimited)
[    2.125087] random 0000 0000 0000 3180b1fc 0fa9c973: extract_entropy account returned: 4 
[    2.125090] random 0000 0000 0000 3180b1fc 0fa9c973: urand_change_num 46 extract_buf: pool_sig ffffff46, data_sig 0000001b, bytes_mixed 20 3180b1fc 0fa9c973
[    2.297746] ata2.00: ATAPI: VMware Virtual IDE CDROM Drive, 00000001, max UDMA/33
[    2.298029] ata2.00: configured for UDMA/33
[    2.298407] scsi 1:0:0:0: CD-ROM            NECVMWar VMware IDE CDR10 1.00 PQ: 0 ANSI: 5
[    2.299684] sr0: scsi3-mmc drive: 306x/306x cd/rw xa/form2 cdda tray
[    2.299688] Uniform CD-ROM driver Revision: 3.20
[    2.299740] sr 1:0:0:0: Attached scsi CD-ROM sr0
[    2.299778] sr 1:0:0:0: Attached scsi generic sg0 type 5
[    2.299816] Freeing unused kernel memory: 652k freed
[    2.299869] Write protecting the kernel text: 4840k
[    2.299899] Write protecting the kernel read-only data: 1968k
[    2.299987] random 0000 0000 0000 38974d2b 1d8d6de0: rand_read_num 11 get_random_bytes(16): sig 000001c6 38974d2b 1d8d6de0
