[    0.000000] random 0000 0000 0000 00000000 00000000: rand_read_num 1 get_random_bytes(8): sig 00000000 00000000 00000000
[    0.000000] random 0000 0000 0000 00000000 00000000: extract_entropy(.. 8 ..)
[    0.000000] random 0000 0000 0000 00000000 00000000: going to reseed nonblocking with 64 bits (64 of 0 requested)
[    0.000000] random 0000 0000 0000 00000000 00000000: extract_entropy(.. 8 ..)
[    0.000000] random 0000 0000 0000 00000000 00000000: trying to extract 64 bits from input
[    0.000000] random 0000 0000 0000 00000000 00000000: debiting 0 entropy credits from input
[    0.000000] random 0000 0000 0000 00000000 00000000: extract_entropy account returned: 0 
[    0.000000] random 0000 0000 0000 00000000 00000000: urand_change_num 1 xfer_secondary_pool(8): pool_sig 00000000, data_sig 00000000, bytes_mixed 0 00000000 00000000
[    0.000000] random 0000 0000 0000 00000000 00000000: trying to extract 64 bits from nonblocking
[    0.000000] random 0000 0000 0000 00000000 00000000: debiting 64 entropy credits from nonblocking (unlimited)
[    0.000000] random 0000 0000 0000 00000000 00000000: extract_entropy account returned: 8 
[    0.000000] random 0000 0000 0000 00000000 00000000: urand_change_num 2 extract_buf: pool_sig 00000000, data_sig fffffff9, bytes_mixed 20 00000000 00000000
[    0.000000] Initializing cgroup subsys cpuset
[    0.000000] Initializing cgroup subsys cpu
[    0.000000] Linux version 2.6.32.57 (dcashman@ubuntu) (gcc version 4.6.3 (Ubuntu/Linaro 4.6.3-1ubuntu5) ) #4 SMP Fri May 24 11:09:26 PDT 2013
[    0.000000] KERNEL supported cpus:
[    0.000000]   Intel GenuineIntel
[    0.000000]   AMD AuthenticAMD
[    0.000000]   NSC Geode by NSC
[    0.000000]   Cyrix CyrixInstead
[    0.000000]   Centaur CentaurHauls
[    0.000000]   Transmeta GenuineTMx86
[    0.000000]   Transmeta TransmetaCPU
[    0.000000]   UMC UMC UMC UMC
[    0.000000] BIOS-provided physical RAM map:
[    0.000000]  BIOS-e820: 0000000000000000 - 000000000009f000 (usable)
[    0.000000]  BIOS-e820: 000000000009f000 - 00000000000a0000 (reserved)
[    0.000000]  BIOS-e820: 00000000000ca000 - 00000000000cc000 (reserved)
[    0.000000]  BIOS-e820: 00000000000dc000 - 0000000000100000 (reserved)
[    0.000000]  BIOS-e820: 0000000000100000 - 000000003fee0000 (usable)
[    0.000000]  BIOS-e820: 000000003fee0000 - 000000003feff000 (ACPI data)
[    0.000000]  BIOS-e820: 000000003feff000 - 000000003ff00000 (ACPI NVS)
[    0.000000]  BIOS-e820: 000000003ff00000 - 0000000040000000 (usable)
[    0.000000]  BIOS-e820: 00000000e0000000 - 00000000f0000000 (reserved)
[    0.000000]  BIOS-e820: 00000000fec00000 - 00000000fec10000 (reserved)
[    0.000000]  BIOS-e820: 00000000fee00000 - 00000000fee01000 (reserved)
[    0.000000]  BIOS-e820: 00000000fffe0000 - 0000000100000000 (reserved)
[    0.000000] DMI present.
[    0.000000] Phoenix BIOS detected: BIOS may corrupt low RAM, working around it.
[    0.000000] e820 update range: 0000000000000000 - 0000000000010000 (usable) ==> (reserved)
[    0.000000] last_pfn = 0x40000 max_arch_pfn = 0x1000000
[    0.000000] MTRR default type: uncachable
[    0.000000] MTRR fixed ranges enabled:
[    0.000000]   00000-9FFFF write-back
[    0.000000]   A0000-BFFFF uncachable
[    0.000000]   C0000-CBFFF write-protect
[    0.000000]   CC000-EFFFF uncachable
[    0.000000]   F0000-FFFFF write-protect
[    0.000000] MTRR variable ranges enabled:
[    0.000000]   0 base 0000000000 mask FFC0000000 write-back
[    0.000000]   1 disabled
[    0.000000]   2 disabled
[    0.000000]   3 disabled
[    0.000000]   4 disabled
[    0.000000]   5 disabled
[    0.000000]   6 disabled
[    0.000000]   7 disabled
[    0.000000] x86 PAT enabled: cpu 0, old 0x0, new 0x7010600070106
[    0.000000] Scanning 0 areas for low memory corruption
[    0.000000] modified physical RAM map:
[    0.000000]  modified: 0000000000000000 - 0000000000010000 (reserved)
[    0.000000]  modified: 0000000000010000 - 000000000009f000 (usable)
[    0.000000]  modified: 000000000009f000 - 00000000000a0000 (reserved)
[    0.000000]  modified: 00000000000ca000 - 00000000000cc000 (reserved)
[    0.000000]  modified: 00000000000dc000 - 0000000000100000 (reserved)
[    0.000000]  modified: 0000000000100000 - 000000003fee0000 (usable)
[    0.000000]  modified: 000000003fee0000 - 000000003feff000 (ACPI data)
[    0.000000]  modified: 000000003feff000 - 000000003ff00000 (ACPI NVS)
[    0.000000]  modified: 000000003ff00000 - 0000000040000000 (usable)
[    0.000000]  modified: 00000000e0000000 - 00000000f0000000 (reserved)
[    0.000000]  modified: 00000000fec00000 - 00000000fec10000 (reserved)
[    0.000000]  modified: 00000000fee00000 - 00000000fee01000 (reserved)
[    0.000000]  modified: 00000000fffe0000 - 0000000100000000 (reserved)
[    0.000000] initial memory mapped : 0 - 01e00000
[    0.000000] init_memory_mapping: 0000000000000000-00000000379fe000
[    0.000000] NX (Execute Disable) protection: active
[    0.000000]  0000000000 - 0000200000 page 4k
[    0.000000]  0000200000 - 0037800000 page 2M
[    0.000000]  0037800000 - 00379fe000 page 4k
[    0.000000] kernel direct mapping tables up to 379fe000 @ 10000-16000
[    0.000000] RAMDISK: 2dcfc000 - 32e758c3
[    0.000000] ACPI: RSDP 000f6b80 00024 (v02 PTLTD )
[    0.000000] ACPI: XSDT 3feed636 0005C (v01 INTEL  440BX    06040000 VMW  01324272)
[    0.000000] ACPI: FACP 3fefee98 000F4 (v04 INTEL  440BX    06040000 PTL  000F4240)
[    0.000000] ACPI: DSDT 3feee366 10B32 (v01 PTLTD  Custom   06040000 MSFT 03000001)
[    0.000000] ACPI: FACS 3fefffc0 00040
[    0.000000] ACPI: BOOT 3feee33e 00028 (v01 PTLTD  $SBFTBL$ 06040000  LTP 00000001)
[    0.000000] ACPI: APIC 3feedc3e 003C2 (v01 PTLTD  ? APIC   06040000  LTP 00000000)
[    0.000000] ACPI: MCFG 3feedc02 0003C (v01 PTLTD  $PCITBL$ 06040000  LTP 00000001)
[    0.000000] ACPI: SRAT 3feed732 004D0 (v02 VMWARE MEMPLUG  06040000 VMW  00000001)
[    0.000000] ACPI: HPET 3feed6fa 00038 (v01 VMWARE VMW HPET 06040000 VMW  00000001)
[    0.000000] ACPI: WAET 3feed6d2 00028 (v01 VMWARE VMW WAET 06040000 VMW  00000001)
[    0.000000] ACPI: Local APIC address 0xfee00000
[    0.000000] 134MB HIGHMEM available.
[    0.000000] 889MB LOWMEM available.
[    0.000000]   mapped low ram: 0 - 379fe000
[    0.000000]   low ram: 0 - 379fe000
[    0.000000]   node 0 low ram: 00000000 - 379fe000
[    0.000000]   node 0 bootmap 00012000 - 00018f40
[    0.000000] (9 early reservations) ==> bootmem [0000000000 - 00379fe000]
[    0.000000]   #0 [0000000000 - 0000001000]   BIOS data page ==> [0000000000 - 0000001000]
[    0.000000]   #1 [0000001000 - 0000002000]    EX TRAMPOLINE ==> [0000001000 - 0000002000]
[    0.000000]   #2 [0000006000 - 0000007000]       TRAMPOLINE ==> [0000006000 - 0000007000]
[    0.000000]   #3 [0001000000 - 0001a75ff8]    TEXT DATA BSS ==> [0001000000 - 0001a75ff8]
[    0.000000]   #4 [002dcfc000 - 0032e758c3]          RAMDISK ==> [002dcfc000 - 0032e758c3]
[    0.000000]   #5 [000009f000 - 0000100000]    BIOS reserved ==> [000009f000 - 0000100000]
[    0.000000]   #6 [0001a76000 - 0001a851c0]              BRK ==> [0001a76000 - 0001a851c0]
[    0.000000]   #7 [0000010000 - 0000012000]          PGTABLE ==> [0000010000 - 0000012000]
[    0.000000]   #8 [0000012000 - 0000019000]          BOOTMAP ==> [0000012000 - 0000019000]
[    0.000000] found SMP MP-table at [c00f6bf0] f6bf0
[    0.000000] Zone PFN ranges:
[    0.000000]   DMA      0x00000010 -> 0x00001000
[    0.000000]   Normal   0x00001000 -> 0x000379fe
[    0.000000]   HighMem  0x000379fe -> 0x00040000
[    0.000000] Movable zone start PFN for each node
[    0.000000] early_node_map[3] active PFN ranges
[    0.000000]     0: 0x00000010 -> 0x0000009f
[    0.000000]     0: 0x00000100 -> 0x0003fee0
[    0.000000]     0: 0x0003ff00 -> 0x00040000
[    0.000000] On node 0 totalpages: 261999
[    0.000000] free_area_init_node: node 0, pgdat c1715200, node_mem_map c1a87200
[    0.000000]   DMA zone: 32 pages used for memmap
[    0.000000]   DMA zone: 0 pages reserved
[    0.000000]   DMA zone: 3951 pages, LIFO batch:0
[    0.000000]   Normal zone: 1748 pages used for memmap
[    0.000000]   Normal zone: 221994 pages, LIFO batch:31
[    0.000000]   HighMem zone: 269 pages used for memmap
[    0.000000]   HighMem zone: 34005 pages, LIFO batch:7
[    0.000000] Using APIC driver default
[    0.000000] ACPI: PM-Timer IO Port: 0x1008
[    0.000000] ACPI: Local APIC address 0xfee00000
[    0.000000] ACPI: LAPIC (acpi_id[0x00] lapic_id[0x00] enabled)
[    0.000000] ACPI: LAPIC (acpi_id[0x01] lapic_id[0x02] disabled)
[    0.000000] ACPI: LAPIC (acpi_id[0x02] lapic_id[0x04] disabled)
[    0.000000] ACPI: LAPIC (acpi_id[0x03] lapic_id[0x06] disabled)
[    0.000000] ACPI: LAPIC (acpi_id[0x04] lapic_id[0x08] disabled)
[    0.000000] ACPI: LAPIC (acpi_id[0x05] lapic_id[0x0a] disabled)
[    0.000000] ACPI: LAPIC (acpi_id[0x06] lapic_id[0x0c] disabled)
[    0.000000] ACPI: LAPIC (acpi_id[0x07] lapic_id[0x0e] disabled)
[    0.000000] ACPI: LAPIC (acpi_id[0x08] lapic_id[0x10] disabled)
[    0.000000] ACPI: LAPIC (acpi_id[0x09] lapic_id[0x12] disabled)
[    0.000000] ACPI: LAPIC (acpi_id[0x0a] lapic_id[0x14] disabled)
[    0.000000] ACPI: LAPIC (acpi_id[0x0b] lapic_id[0x16] disabled)
[    0.000000] ACPI: LAPIC (acpi_id[0x0c] lapic_id[0x18] disabled)
[    0.000000] ACPI: LAPIC (acpi_id[0x0d] lapic_id[0x1a] disabled)
[    0.000000] ACPI: LAPIC (acpi_id[0x0e] lapic_id[0x1c] disabled)
[    0.000000] ACPI: LAPIC (acpi_id[0x0f] lapic_id[0x1e] disabled)
[    0.000000] ACPI: LAPIC (acpi_id[0x10] lapic_id[0x20] disabled)
[    0.000000] ACPI: LAPIC (acpi_id[0x11] lapic_id[0x22] disabled)
[    0.000000] ACPI: LAPIC (acpi_id[0x12] lapic_id[0x24] disabled)
[    0.000000] ACPI: LAPIC (acpi_id[0x13] lapic_id[0x26] disabled)
[    0.000000] ACPI: LAPIC (acpi_id[0x14] lapic_id[0x28] disabled)
[    0.000000] ACPI: LAPIC (acpi_id[0x15] lapic_id[0x2a] disabled)
[    0.000000] ACPI: LAPIC (acpi_id[0x16] lapic_id[0x2c] disabled)
[    0.000000] ACPI: LAPIC (acpi_id[0x17] lapic_id[0x2e] disabled)
[    0.000000] ACPI: LAPIC (acpi_id[0x18] lapic_id[0x30] disabled)
[    0.000000] ACPI: LAPIC (acpi_id[0x19] lapic_id[0x32] disabled)
[    0.000000] ACPI: LAPIC (acpi_id[0x1a] lapic_id[0x34] disabled)
[    0.000000] ACPI: LAPIC (acpi_id[0x1b] lapic_id[0x36] disabled)
[    0.000000] ACPI: LAPIC (acpi_id[0x1c] lapic_id[0x38] disabled)
[    0.000000] ACPI: LAPIC (acpi_id[0x1d] lapic_id[0x3a] disabled)
[    0.000000] ACPI: LAPIC (acpi_id[0x1e] lapic_id[0x3c] disabled)
[    0.000000] ACPI: LAPIC (acpi_id[0x1f] lapic_id[0x3e] disabled)
[    0.000000] ACPI: LAPIC (acpi_id[0x20] lapic_id[0x40] disabled)
[    0.000000] ACPI: LAPIC (acpi_id[0x21] lapic_id[0x42] disabled)
[    0.000000] ACPI: LAPIC (acpi_id[0x22] lapic_id[0x44] disabled)
[    0.000000] ACPI: LAPIC (acpi_id[0x23] lapic_id[0x46] disabled)
[    0.000000] ACPI: LAPIC (acpi_id[0x24] lapic_id[0x48] disabled)
[    0.000000] ACPI: LAPIC (acpi_id[0x25] lapic_id[0x4a] disabled)
[    0.000000] ACPI: LAPIC (acpi_id[0x26] lapic_id[0x4c] disabled)
[    0.000000] ACPI: LAPIC (acpi_id[0x27] lapic_id[0x4e] disabled)
[    0.000000] ACPI: LAPIC (acpi_id[0x28] lapic_id[0x50] disabled)
[    0.000000] ACPI: LAPIC (acpi_id[0x29] lapic_id[0x52] disabled)
[    0.000000] ACPI: LAPIC (acpi_id[0x2a] lapic_id[0x54] disabled)
[    0.000000] ACPI: LAPIC (acpi_id[0x2b] lapic_id[0x56] disabled)
[    0.000000] ACPI: LAPIC (acpi_id[0x2c] lapic_id[0x58] disabled)
[    0.000000] ACPI: LAPIC (acpi_id[0x2d] lapic_id[0x5a] disabled)
[    0.000000] ACPI: LAPIC (acpi_id[0x2e] lapic_id[0x5c] disabled)
[    0.000000] ACPI: LAPIC (acpi_id[0x2f] lapic_id[0x5e] disabled)
[    0.000000] ACPI: LAPIC (acpi_id[0x30] lapic_id[0x60] disabled)
[    0.000000] ACPI: LAPIC (acpi_id[0x31] lapic_id[0x62] disabled)
[    0.000000] ACPI: LAPIC (acpi_id[0x32] lapic_id[0x64] disabled)
[    0.000000] ACPI: LAPIC (acpi_id[0x33] lapic_id[0x66] disabled)
[    0.000000] ACPI: LAPIC (acpi_id[0x34] lapic_id[0x68] disabled)
[    0.000000] ACPI: LAPIC (acpi_id[0x35] lapic_id[0x6a] disabled)
[    0.000000] ACPI: LAPIC (acpi_id[0x36] lapic_id[0x6c] disabled)
[    0.000000] ACPI: LAPIC (acpi_id[0x37] lapic_id[0x6e] disabled)
[    0.000000] ACPI: LAPIC (acpi_id[0x38] lapic_id[0x70] disabled)
[    0.000000] ACPI: LAPIC (acpi_id[0x39] lapic_id[0x72] disabled)
[    0.000000] ACPI: LAPIC (acpi_id[0x3a] lapic_id[0x74] disabled)
[    0.000000] ACPI: LAPIC (acpi_id[0x3b] lapic_id[0x76] disabled)
[    0.000000] ACPI: LAPIC (acpi_id[0x3c] lapic_id[0x78] disabled)
[    0.000000] ACPI: LAPIC (acpi_id[0x3d] lapic_id[0x7a] disabled)
[    0.000000] ACPI: LAPIC (acpi_id[0x3e] lapic_id[0x7c] disabled)
[    0.000000] ACPI: LAPIC (acpi_id[0x3f] lapic_id[0x7e] disabled)
[    0.000000] ACPI: LAPIC_NMI (acpi_id[0x00] high edge lint[0x1])
[    0.000000] ACPI: LAPIC_NMI (acpi_id[0x01] high edge lint[0x1])
[    0.000000] ACPI: LAPIC_NMI (acpi_id[0x02] high edge lint[0x1])
[    0.000000] ACPI: LAPIC_NMI (acpi_id[0x03] high edge lint[0x1])
[    0.000000] ACPI: LAPIC_NMI (acpi_id[0x04] high edge lint[0x1])
[    0.000000] ACPI: LAPIC_NMI (acpi_id[0x05] high edge lint[0x1])
[    0.000000] ACPI: LAPIC_NMI (acpi_id[0x06] high edge lint[0x1])
[    0.000000] ACPI: LAPIC_NMI (acpi_id[0x07] high edge lint[0x1])
[    0.000000] ACPI: LAPIC_NMI (acpi_id[0x08] high edge lint[0x1])
[    0.000000] ACPI: LAPIC_NMI (acpi_id[0x09] high edge lint[0x1])
[    0.000000] ACPI: LAPIC_NMI (acpi_id[0x0a] high edge lint[0x1])
[    0.000000] ACPI: LAPIC_NMI (acpi_id[0x0b] high edge lint[0x1])
[    0.000000] ACPI: LAPIC_NMI (acpi_id[0x0c] high edge lint[0x1])
[    0.000000] ACPI: LAPIC_NMI (acpi_id[0x0d] high edge lint[0x1])
[    0.000000] ACPI: LAPIC_NMI (acpi_id[0x0e] high edge lint[0x1])
[    0.000000] ACPI: LAPIC_NMI (acpi_id[0x0f] high edge lint[0x1])
[    0.000000] ACPI: LAPIC_NMI (acpi_id[0x10] high edge lint[0x1])
[    0.000000] ACPI: LAPIC_NMI (acpi_id[0x11] high edge lint[0x1])
[    0.000000] ACPI: LAPIC_NMI (acpi_id[0x12] high edge lint[0x1])
[    0.000000] ACPI: LAPIC_NMI (acpi_id[0x13] high edge lint[0x1])
[    0.000000] ACPI: LAPIC_NMI (acpi_id[0x14] high edge lint[0x1])
[    0.000000] ACPI: LAPIC_NMI (acpi_id[0x15] high edge lint[0x1])
[    0.000000] ACPI: LAPIC_NMI (acpi_id[0x16] high edge lint[0x1])
[    0.000000] ACPI: LAPIC_NMI (acpi_id[0x17] high edge lint[0x1])
[    0.000000] ACPI: LAPIC_NMI (acpi_id[0x18] high edge lint[0x1])
[    0.000000] ACPI: LAPIC_NMI (acpi_id[0x19] high edge lint[0x1])
[    0.000000] ACPI: LAPIC_NMI (acpi_id[0x1a] high edge lint[0x1])
[    0.000000] ACPI: LAPIC_NMI (acpi_id[0x1b] high edge lint[0x1])
[    0.000000] ACPI: LAPIC_NMI (acpi_id[0x1c] high edge lint[0x1])
[    0.000000] ACPI: LAPIC_NMI (acpi_id[0x1d] high edge lint[0x1])
[    0.000000] ACPI: LAPIC_NMI (acpi_id[0x1e] high edge lint[0x1])
[    0.000000] ACPI: LAPIC_NMI (acpi_id[0x1f] high edge lint[0x1])
[    0.000000] ACPI: LAPIC_NMI (acpi_id[0x20] high edge lint[0x1])
[    0.000000] ACPI: LAPIC_NMI (acpi_id[0x21] high edge lint[0x1])
[    0.000000] ACPI: LAPIC_NMI (acpi_id[0x22] high edge lint[0x1])
[    0.000000] ACPI: LAPIC_NMI (acpi_id[0x23] high edge lint[0x1])
[    0.000000] ACPI: LAPIC_NMI (acpi_id[0x24] high edge lint[0x1])
[    0.000000] ACPI: LAPIC_NMI (acpi_id[0x25] high edge lint[0x1])
[    0.000000] ACPI: LAPIC_NMI (acpi_id[0x26] high edge lint[0x1])
[    0.000000] ACPI: LAPIC_NMI (acpi_id[0x27] high edge lint[0x1])
[    0.000000] ACPI: LAPIC_NMI (acpi_id[0x28] high edge lint[0x1])
[    0.000000] ACPI: LAPIC_NMI (acpi_id[0x29] high edge lint[0x1])
[    0.000000] ACPI: LAPIC_NMI (acpi_id[0x2a] high edge lint[0x1])
[    0.000000] ACPI: LAPIC_NMI (acpi_id[0x2b] high edge lint[0x1])
[    0.000000] ACPI: LAPIC_NMI (acpi_id[0x2c] high edge lint[0x1])
[    0.000000] ACPI: LAPIC_NMI (acpi_id[0x2d] high edge lint[0x1])
[    0.000000] ACPI: LAPIC_NMI (acpi_id[0x2e] high edge lint[0x1])
[    0.000000] ACPI: LAPIC_NMI (acpi_id[0x2f] high edge lint[0x1])
[    0.000000] ACPI: LAPIC_NMI (acpi_id[0x30] high edge lint[0x1])
[    0.000000] ACPI: LAPIC_NMI (acpi_id[0x31] high edge lint[0x1])
[    0.000000] ACPI: LAPIC_NMI (acpi_id[0x32] high edge lint[0x1])
[    0.000000] ACPI: LAPIC_NMI (acpi_id[0x33] high edge lint[0x1])
[    0.000000] ACPI: LAPIC_NMI (acpi_id[0x34] high edge lint[0x1])
[    0.000000] ACPI: LAPIC_NMI (acpi_id[0x35] high edge lint[0x1])
[    0.000000] ACPI: LAPIC_NMI (acpi_id[0x36] high edge lint[0x1])
[    0.000000] ACPI: LAPIC_NMI (acpi_id[0x37] high edge lint[0x1])
[    0.000000] ACPI: LAPIC_NMI (acpi_id[0x38] high edge lint[0x1])
[    0.000000] ACPI: LAPIC_NMI (acpi_id[0x39] high edge lint[0x1])
[    0.000000] ACPI: LAPIC_NMI (acpi_id[0x3a] high edge lint[0x1])
[    0.000000] ACPI: LAPIC_NMI (acpi_id[0x3b] high edge lint[0x1])
[    0.000000] ACPI: LAPIC_NMI (acpi_id[0x3c] high edge lint[0x1])
[    0.000000] ACPI: LAPIC_NMI (acpi_id[0x3d] high edge lint[0x1])
[    0.000000] ACPI: LAPIC_NMI (acpi_id[0x3e] high edge lint[0x1])
[    0.000000] ACPI: LAPIC_NMI (acpi_id[0x3f] high edge lint[0x1])
[    0.000000] ACPI: Skipping IOAPIC probe due to 'noapic' option.
[    0.000000] Using ACPI for processor (LAPIC) configuration information
[    0.000000] ACPI: HPET id: 0x8086af01 base: 0xfed00000
[    0.000000] Intel MultiProcessor Specification v1.4
[    0.000000]     Virtual Wire compatibility mode.
[    0.000000] MPTABLE: OEM ID: INTEL   
[    0.000000] MPTABLE: Product ID: 440BX       
[    0.000000] MPTABLE: APIC at: 0xFEE00000
[    0.000000] I/O APIC #1 Version 17 at 0xFEC00000.
[    0.000000] Processors: 1
[    0.000000] 64 Processors exceeds NR_CPUS limit of 8
[    0.000000] SMP: Allowing 8 CPUs, 7 hotplug CPUs
[    0.000000] nr_irqs_gsi: 24
[    0.000000] PM: Registered nosave memory: 000000000009f000 - 00000000000a0000
[    0.000000] PM: Registered nosave memory: 00000000000a0000 - 00000000000ca000
[    0.000000] PM: Registered nosave memory: 00000000000ca000 - 00000000000cc000
[    0.000000] PM: Registered nosave memory: 00000000000cc000 - 00000000000dc000
[    0.000000] PM: Registered nosave memory: 00000000000dc000 - 0000000000100000
[    0.000000] Allocating PCI resources starting at 40000000 (gap: 40000000:a0000000)
[    0.000000] Booting paravirtualized kernel on bare hardware
[    0.000000] NR_CPUS:8 nr_cpumask_bits:8 nr_cpu_ids:8 nr_node_ids:1
[    0.000000] PERCPU: Embedded 15 pages/cpu @c2400000 s39320 r0 d22120 u262144
[    0.000000] pcpu-alloc: s39320 r0 d22120 u262144 alloc=1*2097152
[    0.000000] pcpu-alloc: [0] 0 1 2 3 4 5 6 7 
[    0.000000] Built 1 zonelists in Zone order, mobility grouping on.  Total pages: 259950
[    0.000000] Kernel command line: BOOT_IMAGE=/boot/vmlinuz-2.6.32.57 root=UUID=007b598c-390d-4c65-84a1-4ff752d48633 ro quiet splash maxcpus=0
[    0.000000] PID hash table entries: 4096 (order: 2, 16384 bytes)
[    0.000000] Dentry cache hash table entries: 131072 (order: 7, 524288 bytes)
[    0.000000] Inode-cache hash table entries: 65536 (order: 6, 262144 bytes)
[    0.000000] Enabling fast FPU save and restore... done.
[    0.000000] Enabling unmasked SIMD FPU exception support... done.
[    0.000000] Initializing CPU#0
[    0.000000] xsave/xrstor: enabled xstate_bv 0x7, cntxt size 0x340
[    0.000000] allocated 5242560 bytes of page_cgroup
[    0.000000] please try 'cgroup_disable=memory' option if you don't want memory cgroups
[    0.000000] Initializing HighMem for node 0 (000379fe:00040000)
[    0.000000] Memory: 938260k/1048576k available (4839k kernel code, 108848k reserved, 2518k data, 652k init, 137096k highmem)
[    0.000000] virtual kernel memory layout:
[    0.000000]     fixmap  : 0xfff1e000 - 0xfffff000   ( 900 kB)
[    0.000000]     pkmap   : 0xffa00000 - 0xffc00000   (2048 kB)
[    0.000000]     vmalloc : 0xf81fe000 - 0xff9fe000   ( 120 MB)
[    0.000000]     lowmem  : 0xc0000000 - 0xf79fe000   ( 889 MB)
[    0.000000]       .init : 0xc1730000 - 0xc17d3000   ( 652 kB)
[    0.000000]       .data : 0xc14b9cce - 0xc172f764   (2518 kB)
[    0.000000]       .text : 0xc1000000 - 0xc14b9cce   (4839 kB)
[    0.000000] Checking if this processor honours the WP bit even in supervisor mode...Ok.
[    0.000000] SLUB: Genslabs=13, HWalign=64, Order=0-3, MinObjects=0, CPUs=8, Nodes=1
[    0.000000] Hierarchical RCU implementation.
[    0.000000] NR_IRQS:2304 nr_irqs:472
[    0.000000] Extended CMOS year: 2000
[    0.000000] Console: colour VGA+ 80x25
[    0.000000] console [tty0] enabled
[    0.000000] hpet clockevent registered
[    0.000000] TSC freq read from hypervisor : 2394.620 MHz
[    0.000000] Detected 2394.620 MHz processor.
[    0.000004] Calibrating delay loop (skipped) preset value.. 4789.24 BogoMIPS (lpj=9578480)
[    0.000017] Security Framework initialized
[    0.000021] SELinux:  Disabled at boot.
[    0.000028] Mount-cache hash table entries: 512
[    0.000175] Initializing cgroup subsys cpuacct
[    0.000180] Initializing cgroup subsys memory
[    0.000185] Initializing cgroup subsys devices
[    0.000188] Initializing cgroup subsys freezer
[    0.000225] CPU: Physical Processor ID: 0
[    0.000233] CPU: L1 I cache: 32K, L1 D cache: 32K
[    0.000235] CPU: L2 cache: 256K
[    0.000235] CPU: L3 cache: 4096K
[    0.000241] mce: CPU supports 0 MCE banks
[    0.000255] Performance Events: no PMU driver, software events only.
[    0.000266] Checking 'hlt' instruction... OK.
[    0.017831] SMP alternatives: switching to UP code
[    0.032114] ACPI: Core revision 20090903
[    0.038948] ACPI: setting ELCR to 0200 (from 0e20)
[    0.040010] ftrace: converting mcount calls to 0f 1f 44 00 00
[    0.040016] ftrace: allocating 22631 entries in 45 pages
[    0.057282] CANARY value: 566caaa8 for PID: 1
[    0.057313] Not enabling x2apic, Intr-remapping init failed.
[    0.057314] Enabling APIC mode:  Flat.  Using 1 I/O APICs
[    0.057322] SMP mode deactivated.
[    0.057365] SMP disabled
[    0.057425] Brought up 1 CPUs
[    0.057427] Total of 1 processors activated (4789.24 BogoMIPS).
[    0.057431] CPU0 attaching NULL sched-domain.
[    0.057504] devtmpfs: initialized
[    0.057621] sysctl table check failed: /kernel/random/now_input .1.40.7 Unknown sysctl binary path
[    0.057861] Pid: 1, comm: swapper Not tainted 2.6.32.57 #4
[    0.057862] Call Trace:
[    0.057866]  [<c14a8a0e>] ? printk+0x1d/0x1f
[    0.057869]  [<c107b56f>] set_fail+0x4f/0x60
[    0.057871]  [<c107b8b3>] sysctl_check_table+0x333/0x620
[    0.057873]  [<c107b8cc>] sysctl_check_table+0x34c/0x620
[    0.057875]  [<c107b8cc>] sysctl_check_table+0x34c/0x620
[    0.057878]  [<c1746d48>] sysctl_init+0x25/0x29
[    0.057881]  [<c1003042>] do_one_initcall+0x32/0x1a0
[    0.057883]  [<c1746d23>] ? sysctl_init+0x0/0x29
[    0.057885]  [<c17308e7>] kernel_init+0x12d/0x17a
[    0.057887]  [<c17307ba>] ? kernel_init+0x0/0x17a
[    0.057889]  [<c1009b07>] kernel_thread_helper+0x7/0x10
[    0.057891] sysctl table check failed: /kernel/random/now_blocking .1.40.8 Unknown sysctl binary path
[    0.058119] Pid: 1, comm: swapper Not tainted 2.6.32.57 #4
[    0.058120] Call Trace:
[    0.058122]  [<c14a8a0e>] ? printk+0x1d/0x1f
[    0.058123]  [<c107b56f>] set_fail+0x4f/0x60
[    0.058125]  [<c107b8b3>] sysctl_check_table+0x333/0x620
[    0.058126]  [<c107b8cc>] sysctl_check_table+0x34c/0x620
[    0.058128]  [<c107b8cc>] sysctl_check_table+0x34c/0x620
[    0.058130]  [<c1746d48>] sysctl_init+0x25/0x29
[    0.058132]  [<c1003042>] do_one_initcall+0x32/0x1a0
[    0.058134]  [<c1746d23>] ? sysctl_init+0x0/0x29
[    0.058135]  [<c17308e7>] kernel_init+0x12d/0x17a
[    0.058137]  [<c17307ba>] ? kernel_init+0x0/0x17a
[    0.058138]  [<c1009b07>] kernel_thread_helper+0x7/0x10
[    0.058140] sysctl table check failed: /kernel/random/now_nonblocking .1.40.9 Unknown sysctl binary path
[    0.058416] Pid: 1, comm: swapper Not tainted 2.6.32.57 #4
[    0.058418] Call Trace:
[    0.058421]  [<c14a8a0e>] ? printk+0x1d/0x1f
[    0.058424]  [<c107b56f>] set_fail+0x4f/0x60
[    0.058426]  [<c107b8b3>] sysctl_check_table+0x333/0x620
[    0.058427]  [<c107b8cc>] sysctl_check_table+0x34c/0x620
[    0.058429]  [<c107b8cc>] sysctl_check_table+0x34c/0x620
[    0.058432]  [<c1746d48>] sysctl_init+0x25/0x29
[    0.058434]  [<c1003042>] do_one_initcall+0x32/0x1a0
[    0.058436]  [<c1746d23>] ? sysctl_init+0x0/0x29
[    0.058438]  [<c17308e7>] kernel_init+0x12d/0x17a
[    0.058440]  [<c17307ba>] ? kernel_init+0x0/0x17a
[    0.058442]  [<c1009b07>] kernel_thread_helper+0x7/0x10
[    0.058445] sysctl table check failed: /kernel/random/nb_input_bytes .1.40.10 Unknown sysctl binary path
[    0.058691] Pid: 1, comm: swapper Not tainted 2.6.32.57 #4
[    0.058692] Call Trace:
[    0.058693]  [<c14a8a0e>] ? printk+0x1d/0x1f
[    0.058695]  [<c107b56f>] set_fail+0x4f/0x60
[    0.058697]  [<c107b8b3>] sysctl_check_table+0x333/0x620
[    0.058698]  [<c107b8cc>] sysctl_check_table+0x34c/0x620
[    0.058700]  [<c107b8cc>] sysctl_check_table+0x34c/0x620
[    0.058702]  [<c1746d48>] sysctl_init+0x25/0x29
[    0.058704]  [<c1003042>] do_one_initcall+0x32/0x1a0
[    0.058706]  [<c1746d23>] ? sysctl_init+0x0/0x29
[    0.058707]  [<c17308e7>] kernel_init+0x12d/0x17a
[    0.058709]  [<c17307ba>] ? kernel_init+0x0/0x17a
[    0.058710]  [<c1009b07>] kernel_thread_helper+0x7/0x10
[    0.058712] sysctl table check failed: /kernel/random/nb_stir_count .1.40.11 Unknown sysctl binary path
[    0.058941] Pid: 1, comm: swapper Not tainted 2.6.32.57 #4
[    0.058942] Call Trace:
[    0.058944]  [<c14a8a0e>] ? printk+0x1d/0x1f
[    0.058945]  [<c107b56f>] set_fail+0x4f/0x60
[    0.058946]  [<c107b8b3>] sysctl_check_table+0x333/0x620
[    0.058948]  [<c107b8cc>] sysctl_check_table+0x34c/0x620
[    0.058950]  [<c107b8cc>] sysctl_check_table+0x34c/0x620
[    0.058952]  [<c1746d48>] sysctl_init+0x25/0x29
[    0.058953]  [<c1003042>] do_one_initcall+0x32/0x1a0
[    0.058955]  [<c1746d23>] ? sysctl_init+0x0/0x29
[    0.058957]  [<c17308e7>] kernel_init+0x12d/0x17a
[    0.058958]  [<c17307ba>] ? kernel_init+0x0/0x17a
[    0.058960]  [<c1009b07>] kernel_thread_helper+0x7/0x10
[    0.058961] sysctl table check failed: /kernel/random/nb_reentry_count .1.40.12 Unknown sysctl binary path
[    0.059192] Pid: 1, comm: swapper Not tainted 2.6.32.57 #4
[    0.059193] Call Trace:
[    0.059194]  [<c14a8a0e>] ? printk+0x1d/0x1f
[    0.059196]  [<c107b56f>] set_fail+0x4f/0x60
[    0.059197]  [<c107b8b3>] sysctl_check_table+0x333/0x620
[    0.059199]  [<c107b8cc>] sysctl_check_table+0x34c/0x620
[    0.059200]  [<c107b8cc>] sysctl_check_table+0x34c/0x620
[    0.059203]  [<c1746d48>] sysctl_init+0x25/0x29
[    0.059204]  [<c1003042>] do_one_initcall+0x32/0x1a0
[    0.059206]  [<c1746d23>] ? sysctl_init+0x0/0x29
[    0.059207]  [<c17308e7>] kernel_init+0x12d/0x17a
[    0.059209]  [<c17307ba>] ? kernel_init+0x0/0x17a
[    0.059210]  [<c1009b07>] kernel_thread_helper+0x7/0x10
[    0.059331] RANDOM - __seed init called.
[    0.059332] RANDOM - __seed init called.
[    0.059332] RANDOM - __seed init called.
[    0.059334] RANDOM - __random32 called. Change num 1.  Value: 865378fd	b53d80db	1f8ba37e
[    0.059335] RANDOM - __random32 called. Change num 2.  Value: 378fdd29	53d80db0	46fc7ad7
[    0.059336] RANDOM - __random32 called. Change num 3.  Value: fdd29985	3d80db0e	f5ae23f5
[    0.059337] RANDOM - __random32 called. Change num 4.  Value: 299855dc	d80db0e5	47eb1be7
[    0.059339] RANDOM - __random32 called. Change num 5.  Value: 855dc464	80db0e5c	37cf1678
[    0.059340] RANDOM - __random32 called. Change num 6.  Value: dc4647ba	db0e5c1	2cf136f4
[    0.059341] RANDOM - random32 init called.  Value: dc4647ba	db0e5c1	2cf136f4
[    0.059370] regulator: core version 0.5
[    0.059439] Time: 21:04:35  Date: 05/24/13
[    0.059475] NET: Registered protocol family 16
[    0.059538] EISA bus registered
[    0.060264] ACPI: bus type pci registered
[    0.060383] PCI: MCFG configuration 0: base e0000000 segment 0 buses 0 - 255
[    0.060385] PCI: MCFG area at e0000000 reserved in E820
[    0.060386] PCI: Using MMCONFIG for extended config space
[    0.060387] PCI: Using configuration type 1 for base access
[    0.060862] bio: create slab <bio-0> at 0
[    0.062189] ACPI: EC: Look up EC in DSDT
[    0.099480] ACPI: BIOS _OSI(Linux) query ignored
[    0.105094] ACPI: Interpreter enabled
[    0.105098] ACPI: (supports S0 S1 S4 S5)
[    0.105111] ACPI: Using PIC for interrupt routing
[    0.187206] ACPI: No dock devices found.
[    0.188103] ACPI: PCI Root Bridge [PCI0] (0000:00)
[    0.189785] pci 0000:00:07.1: reg 20 io port: [0x10c0-0x10cf]
[    0.190300] pci 0000:00:07.3: quirk: region 1000-103f claimed by PIIX4 ACPI
[    0.190311] pci 0000:00:07.3: quirk: region 1040-104f claimed by PIIX4 SMB
[    0.190836] pci 0000:00:07.7: reg 10 io port: [0x1080-0x10bf]
[    0.191223] pci 0000:00:07.7: reg 14 64bit mmio: [0xc8000000-0xc8001fff]
[    0.192332] pci 0000:00:0f.0: reg 10 io port: [0x10d0-0x10df]
[    0.192369] pci 0000:00:0f.0: reg 14 32bit mmio pref: [0xd0000000-0xd7ffffff]
[    0.192405] pci 0000:00:0f.0: reg 18 32bit mmio: [0xc8800000-0xc8ffffff]
[    0.192543] pci 0000:00:0f.0: reg 30 32bit mmio pref: [0x000000-0x007fff]
[    0.193039] pci 0000:00:10.0: reg 10 io port: [0x1400-0x14ff]
[    0.193414] pci 0000:00:10.0: reg 14 64bit mmio: [0xc8040000-0xc805ffff]
[    0.193757] pci 0000:00:10.0: reg 1c 64bit mmio: [0xc8020000-0xc803ffff]
[    0.193828] pci 0000:00:10.0: reg 30 32bit mmio pref: [0x000000-0x003fff]
[    0.195149] pci 0000:00:15.0: PME# supported from D0 D3hot D3cold
[    0.195182] pci 0000:00:15.0: PME# disabled
[    0.196005] pci 0000:00:15.1: PME# supported from D0 D3hot D3cold
[    0.196024] pci 0000:00:15.1: PME# disabled
[    0.196833] pci 0000:00:15.2: PME# supported from D0 D3hot D3cold
[    0.196852] pci 0000:00:15.2: PME# disabled
[    0.197669] pci 0000:00:15.3: PME# supported from D0 D3hot D3cold
[    0.197688] pci 0000:00:15.3: PME# disabled
[    0.198545] pci 0000:00:15.4: PME# supported from D0 D3hot D3cold
[    0.198564] pci 0000:00:15.4: PME# disabled
[    0.199395] pci 0000:00:15.5: PME# supported from D0 D3hot D3cold
[    0.199414] pci 0000:00:15.5: PME# disabled
[    0.200246] pci 0000:00:15.6: PME# supported from D0 D3hot D3cold
[    0.200264] pci 0000:00:15.6: PME# disabled
[    0.201065] pci 0000:00:15.7: PME# supported from D0 D3hot D3cold
[    0.201084] pci 0000:00:15.7: PME# disabled
[    0.201987] pci 0000:00:16.0: PME# supported from D0 D3hot D3cold
[    0.202006] pci 0000:00:16.0: PME# disabled
[    0.202845] pci 0000:00:16.1: PME# supported from D0 D3hot D3cold
[    0.202864] pci 0000:00:16.1: PME# disabled
[    0.203697] pci 0000:00:16.2: PME# supported from D0 D3hot D3cold
[    0.203716] pci 0000:00:16.2: PME# disabled
[    0.204573] pci 0000:00:16.3: PME# supported from D0 D3hot D3cold
[    0.204593] pci 0000:00:16.3: PME# disabled
[    0.205436] pci 0000:00:16.4: PME# supported from D0 D3hot D3cold
[    0.205455] pci 0000:00:16.4: PME# disabled
[    0.206283] pci 0000:00:16.5: PME# supported from D0 D3hot D3cold
[    0.206302] pci 0000:00:16.5: PME# disabled
[    0.207103] pci 0000:00:16.6: PME# supported from D0 D3hot D3cold
[    0.207129] pci 0000:00:16.6: PME# disabled
[    0.207959] pci 0000:00:16.7: PME# supported from D0 D3hot D3cold
[    0.207979] pci 0000:00:16.7: PME# disabled
[    0.208807] pci 0000:00:17.0: PME# supported from D0 D3hot D3cold
[    0.208827] pci 0000:00:17.0: PME# disabled
[    0.209660] pci 0000:00:17.1: PME# supported from D0 D3hot D3cold
[    0.209679] pci 0000:00:17.1: PME# disabled
[    0.210500] pci 0000:00:17.2: PME# supported from D0 D3hot D3cold
[    0.210519] pci 0000:00:17.2: PME# disabled
[    0.211359] pci 0000:00:17.3: PME# supported from D0 D3hot D3cold
[    0.211380] pci 0000:00:17.3: PME# disabled
[    0.212347] pci 0000:00:17.4: PME# supported from D0 D3hot D3cold
[    0.212368] pci 0000:00:17.4: PME# disabled
[    0.213241] pci 0000:00:17.5: PME# supported from D0 D3hot D3cold
[    0.213269] pci 0000:00:17.5: PME# disabled
[    0.214697] pci 0000:00:17.6: PME# supported from D0 D3hot D3cold
[    0.214723] pci 0000:00:17.6: PME# disabled
[    0.216320] pci 0000:00:17.7: PME# supported from D0 D3hot D3cold
[    0.216352] pci 0000:00:17.7: PME# disabled
[    0.217286] pci 0000:00:18.0: PME# supported from D0 D3hot D3cold
[    0.217306] pci 0000:00:18.0: PME# disabled
[    0.218140] pci 0000:00:18.1: PME# supported from D0 D3hot D3cold
[    0.218168] pci 0000:00:18.1: PME# disabled
[    0.218992] pci 0000:00:18.2: PME# supported from D0 D3hot D3cold
[    0.219010] pci 0000:00:18.2: PME# disabled
[    0.219855] pci 0000:00:18.3: PME# supported from D0 D3hot D3cold
[    0.219874] pci 0000:00:18.3: PME# disabled
[    0.220700] pci 0000:00:18.4: PME# supported from D0 D3hot D3cold
[    0.220719] pci 0000:00:18.4: PME# disabled
[    0.221584] pci 0000:00:18.5: PME# supported from D0 D3hot D3cold
[    0.221603] pci 0000:00:18.5: PME# disabled
[    0.222447] pci 0000:00:18.6: PME# supported from D0 D3hot D3cold
[    0.222471] pci 0000:00:18.6: PME# disabled
[    0.223396] pci 0000:00:18.7: PME# supported from D0 D3hot D3cold
[    0.223424] pci 0000:00:18.7: PME# disabled
[    0.224502] pci 0000:02:00.0: reg 20 io port: [0x20c0-0x20df]
[    0.224963] pci 0000:02:01.0: reg 10 io port: [0x2000-0x207f]
[    0.225201] pci 0000:02:01.0: reg 30 32bit mmio pref: [0x000000-0x00ffff]
[    0.225722] pci 0000:02:02.0: reg 10 io port: [0x2080-0x20bf]
[    0.226317] pci 0000:02:03.0: reg 10 32bit mmio: [0xc9000000-0xc9000fff]
[    0.226841] pci 0000:00:11.0: transparent bridge
[    0.226860] pci 0000:00:11.0: bridge io port: [0x2000-0x3fff]
[    0.226878] pci 0000:00:11.0: bridge 32bit mmio: [0xc9000000-0xca3fffff]
[    0.226914] pci 0000:00:11.0: bridge 64bit mmio pref: [0xd8400000-0xd89fffff]
[    0.227283] pci 0000:00:15.0: bridge io port: [0x4000-0x4fff]
[    0.227303] pci 0000:00:15.0: bridge 32bit mmio: [0xca400000-0xca4fffff]
[    0.227338] pci 0000:00:15.0: bridge 64bit mmio pref: [0xd8a00000-0xd8afffff]
[    0.227686] pci 0000:00:15.1: bridge io port: [0x8000-0x8fff]
[    0.227705] pci 0000:00:15.1: bridge 32bit mmio: [0xca800000-0xca8fffff]
[    0.227742] pci 0000:00:15.1: bridge 64bit mmio pref: [0xd8e00000-0xd8efffff]
[    0.228076] pci 0000:00:15.2: bridge io port: [0xc000-0xcfff]
[    0.228100] pci 0000:00:15.2: bridge 32bit mmio: [0xcac00000-0xcacfffff]
[    0.228175] pci 0000:00:15.2: bridge 64bit mmio pref: [0xd9200000-0xd92fffff]
[    0.228550] pci 0000:00:15.3: bridge 32bit mmio: [0xcb000000-0xcb0fffff]
[    0.228586] pci 0000:00:15.3: bridge 64bit mmio pref: [0xd9600000-0xd96fffff]
[    0.228936] pci 0000:00:15.4: bridge 32bit mmio: [0xcb400000-0xcb4fffff]
[    0.228972] pci 0000:00:15.4: bridge 64bit mmio pref: [0xd9a00000-0xd9afffff]
[    0.229349] pci 0000:00:15.5: bridge 32bit mmio: [0xcb800000-0xcb8fffff]
[    0.229385] pci 0000:00:15.5: bridge 64bit mmio pref: [0xd9e00000-0xd9efffff]
[    0.229736] pci 0000:00:15.6: bridge 32bit mmio: [0xcbc00000-0xcbcfffff]
[    0.229771] pci 0000:00:15.6: bridge 64bit mmio pref: [0xda200000-0xda2fffff]
[    0.230142] pci 0000:00:15.7: bridge 32bit mmio: [0xcc000000-0xcc0fffff]
[    0.230187] pci 0000:00:15.7: bridge 64bit mmio pref: [0xda600000-0xda6fffff]
[    0.230521] pci 0000:00:16.0: bridge io port: [0x5000-0x5fff]
[    0.230540] pci 0000:00:16.0: bridge 32bit mmio: [0xca500000-0xca5fffff]
[    0.230576] pci 0000:00:16.0: bridge 64bit mmio pref: [0xd8b00000-0xd8bfffff]
[    0.230910] pci 0000:00:16.1: bridge io port: [0x9000-0x9fff]
[    0.230929] pci 0000:00:16.1: bridge 32bit mmio: [0xca900000-0xca9fffff]
[    0.230964] pci 0000:00:16.1: bridge 64bit mmio pref: [0xd8f00000-0xd8ffffff]
[    0.231334] pci 0000:00:16.2: bridge io port: [0xd000-0xdfff]
[    0.231352] pci 0000:00:16.2: bridge 32bit mmio: [0xcad00000-0xcadfffff]
[    0.231388] pci 0000:00:16.2: bridge 64bit mmio pref: [0xd9300000-0xd93fffff]
[    0.231751] pci 0000:00:16.3: bridge 32bit mmio: [0xcb100000-0xcb1fffff]
[    0.231786] pci 0000:00:16.3: bridge 64bit mmio pref: [0xd9700000-0xd97fffff]
[    0.232179] pci 0000:00:16.4: bridge 32bit mmio: [0xcb500000-0xcb5fffff]
[    0.232217] pci 0000:00:16.4: bridge 64bit mmio pref: [0xd9b00000-0xd9bfffff]
[    0.232570] pci 0000:00:16.5: bridge 32bit mmio: [0xcb900000-0xcb9fffff]
[    0.232606] pci 0000:00:16.5: bridge 64bit mmio pref: [0xd9f00000-0xd9ffffff]
[    0.232957] pci 0000:00:16.6: bridge 32bit mmio: [0xcbd00000-0xcbdfffff]
[    0.232993] pci 0000:00:16.6: bridge 64bit mmio pref: [0xda300000-0xda3fffff]
[    0.233371] pci 0000:00:16.7: bridge 32bit mmio: [0xcc100000-0xcc1fffff]
[    0.233406] pci 0000:00:16.7: bridge 64bit mmio pref: [0xda700000-0xda7fffff]
[    0.233740] pci 0000:00:17.0: bridge io port: [0x6000-0x6fff]
[    0.233759] pci 0000:00:17.0: bridge 32bit mmio: [0xca600000-0xca6fffff]
[    0.233795] pci 0000:00:17.0: bridge 64bit mmio pref: [0xd8c00000-0xd8cfffff]
[    0.234150] pci 0000:00:17.1: bridge io port: [0xa000-0xafff]
[    0.234169] pci 0000:00:17.1: bridge 32bit mmio: [0xcaa00000-0xcaafffff]
[    0.234205] pci 0000:00:17.1: bridge 64bit mmio pref: [0xd9000000-0xd90fffff]
[    0.234540] pci 0000:00:17.2: bridge io port: [0xe000-0xefff]
[    0.234559] pci 0000:00:17.2: bridge 32bit mmio: [0xcae00000-0xcaefffff]
[    0.234594] pci 0000:00:17.2: bridge 64bit mmio pref: [0xd9400000-0xd94fffff]
[    0.234946] pci 0000:00:17.3: bridge 32bit mmio: [0xcb200000-0xcb2fffff]
[    0.234982] pci 0000:00:17.3: bridge 64bit mmio pref: [0xd9800000-0xd98fffff]
[    0.235471] pci 0000:00:17.4: bridge 32bit mmio: [0xcb600000-0xcb6fffff]
[    0.235518] pci 0000:00:17.4: bridge 64bit mmio pref: [0xd9c00000-0xd9cfffff]
[    0.236027] pci 0000:00:17.5: bridge 32bit mmio: [0xcba00000-0xcbafffff]
[    0.236080] pci 0000:00:17.5: bridge 64bit mmio pref: [0xda000000-0xda0fffff]
[    0.236578] pci 0000:00:17.6: bridge 32bit mmio: [0xcbe00000-0xcbefffff]
[    0.236614] pci 0000:00:17.6: bridge 64bit mmio pref: [0xda400000-0xda4fffff]
[    0.236970] pci 0000:00:17.7: bridge 32bit mmio: [0xcc200000-0xcc2fffff]
[    0.237006] pci 0000:00:17.7: bridge 64bit mmio pref: [0xda800000-0xda8fffff]
[    0.237372] pci 0000:00:18.0: bridge io port: [0x7000-0x7fff]
[    0.237391] pci 0000:00:18.0: bridge 32bit mmio: [0xca700000-0xca7fffff]
[    0.237427] pci 0000:00:18.0: bridge 64bit mmio pref: [0xd8d00000-0xd8dfffff]
[    0.237768] pci 0000:00:18.1: bridge io port: [0xb000-0xbfff]
[    0.237797] pci 0000:00:18.1: bridge 32bit mmio: [0xcab00000-0xcabfffff]
[    0.237835] pci 0000:00:18.1: bridge 64bit mmio pref: [0xd9100000-0xd91fffff]
[    0.238251] pci 0000:00:18.2: bridge io port: [0xf000-0xffff]
[    0.238279] pci 0000:00:18.2: bridge 32bit mmio: [0xcaf00000-0xcaffffff]
[    0.238323] pci 0000:00:18.2: bridge 64bit mmio pref: [0xd9500000-0xd95fffff]
[    0.238693] pci 0000:00:18.3: bridge 32bit mmio: [0xcb300000-0xcb3fffff]
[    0.238728] pci 0000:00:18.3: bridge 64bit mmio pref: [0xd9900000-0xd99fffff]
[    0.239098] pci 0000:00:18.4: bridge 32bit mmio: [0xcb700000-0xcb7fffff]
[    0.239145] pci 0000:00:18.4: bridge 64bit mmio pref: [0xd9d00000-0xd9dfffff]
[    0.239499] pci 0000:00:18.5: bridge 32bit mmio: [0xcbb00000-0xcbbfffff]
[    0.239534] pci 0000:00:18.5: bridge 64bit mmio pref: [0xda100000-0xda1fffff]
[    0.239901] pci 0000:00:18.6: bridge 32bit mmio: [0xcbf00000-0xcbffffff]
[    0.239938] pci 0000:00:18.6: bridge 64bit mmio pref: [0xda500000-0xda5fffff]
[    0.240322] pci 0000:00:18.7: bridge 32bit mmio: [0xcc300000-0xcc3fffff]
[    0.240359] pci 0000:00:18.7: bridge 64bit mmio pref: [0xda900000-0xda9fffff]
[    0.241755] pci_bus 0000:00: on NUMA node 0
[    0.241763] ACPI: PCI Interrupt Routing Table [\_SB_.PCI0._PRT]
[    0.470018] ACPI: PCI Interrupt Link [LNKA] (IRQs 3 4 5 6 7 *9 10 11 14 15)
[    0.470163] ACPI: PCI Interrupt Link [LNKB] (IRQs 3 4 5 6 7 9 10 *11 14 15)
[    0.470320] ACPI: PCI Interrupt Link [LNKC] (IRQs 3 4 5 6 7 9 *10 11 14 15)
[    0.470470] ACPI: PCI Interrupt Link [LNKD] (IRQs 3 4 *5 6 7 9 10 11 14 15)
[    0.470612] vgaarb: device added: PCI:0000:00:0f.0,decodes=io+mem,owns=io+mem,locks=none
[    0.470621] vgaarb: loaded
[    0.470705] SCSI subsystem initialized
[    0.470747] libata version 3.00 loaded.
[    0.470817] usbcore: registered new interface driver usbfs
[    0.470828] usbcore: registered new interface driver hub
[    0.470844] usbcore: registered new device driver usb
[    0.470908] PCI: Using ACPI for IRQ routing
[    0.471938] NetLabel: Initializing
[    0.471940] NetLabel:  domain hash size = 128
[    0.471941] NetLabel:  protocols = UNLABELED CIPSOv4
[    0.471950] NetLabel:  unlabeled traffic allowed by default
[    0.471995] hpet0: at MMIO 0xfed00000, IRQs 2, 8, 0, 0, 0, 0, 0, 0, 0, 0, 0, 0, 0, 0, 0, 0
[    0.472004] hpet0: 16 comparators, 64-bit 14.318180 MHz counter
[    0.475022] Switching to clocksource tsc
[    0.481849] pnp: PnP ACPI init
[    0.481859] ACPI: bus type pnp registered
[    0.530759] pnp: PnP ACPI: found 14 devices
[    0.530762] ACPI: ACPI bus type pnp unregistered
[    0.530765] PnPBIOS: Disabled by ACPI PNP
[    0.530781] system 00:01: ioport range 0x1000-0x103f has been reserved
[    0.530782] system 00:01: ioport range 0x1040-0x104f has been reserved
[    0.530784] system 00:01: ioport range 0xcf0-0xcf1 has been reserved
[    0.530791] system 00:08: iomem range 0xfed00000-0xfed003ff has been reserved
[    0.530795] system 00:0d: ioport range 0x1060-0x107f has been reserved
[    0.530798] system 00:0d: iomem range 0xe0000000-0xefffffff has been reserved
[    0.530799] system 00:0d: iomem range 0xc8200000-0xc83fffff has been reserved
[    0.567002] pci 0000:00:15.3: BAR 13: can't allocate I/O resource [0x10000-0xffff]
[    0.567007] pci 0000:00:15.4: BAR 13: can't allocate I/O resource [0x10000-0xffff]
[    0.567010] pci 0000:00:15.5: BAR 13: can't allocate I/O resource [0x10000-0xffff]
[    0.567012] pci 0000:00:15.6: BAR 13: can't allocate I/O resource [0x10000-0xffff]
[    0.567015] pci 0000:00:15.7: BAR 13: can't allocate I/O resource [0x10000-0xffff]
[    0.567018] pci 0000:00:16.3: BAR 13: can't allocate I/O resource [0x10000-0xffff]
[    0.567021] pci 0000:00:16.4: BAR 13: can't allocate I/O resource [0x10000-0xffff]
[    0.567023] pci 0000:00:16.5: BAR 13: can't allocate I/O resource [0x10000-0xffff]
[    0.567026] pci 0000:00:16.6: BAR 13: can't allocate I/O resource [0x10000-0xffff]
[    0.567028] pci 0000:00:16.7: BAR 13: can't allocate I/O resource [0x10000-0xffff]
[    0.567031] pci 0000:00:17.3: BAR 13: can't allocate I/O resource [0x10000-0xffff]
[    0.567034] pci 0000:00:17.4: BAR 13: can't allocate I/O resource [0x10000-0xffff]
[    0.567036] pci 0000:00:17.5: BAR 13: can't allocate I/O resource [0x10000-0xffff]
[    0.567039] pci 0000:00:17.6: BAR 13: can't allocate I/O resource [0x10000-0xffff]
[    0.567041] pci 0000:00:17.7: BAR 13: can't allocate I/O resource [0x10000-0xffff]
[    0.567044] pci 0000:00:18.3: BAR 13: can't allocate I/O resource [0x10000-0xffff]
[    0.567047] pci 0000:00:18.4: BAR 13: can't allocate I/O resource [0x10000-0xffff]
[    0.567049] pci 0000:00:18.5: BAR 13: can't allocate I/O resource [0x10000-0xffff]
[    0.567052] pci 0000:00:18.6: BAR 13: can't allocate I/O resource [0x10000-0xffff]
[    0.567055] pci 0000:00:18.7: BAR 13: can't allocate I/O resource [0x10000-0xffff]
[    0.567057] pci 0000:00:01.0: PCI bridge, secondary bus 0000:01
[    0.567059] pci 0000:00:01.0:   IO window: disabled
[    0.567087] pci 0000:00:01.0:   MEM window: disabled
[    0.567106] pci 0000:00:01.0:   PREFETCH window: disabled
[    0.567156] pci 0000:00:11.0: PCI bridge, secondary bus 0000:02
[    0.567168] pci 0000:00:11.0:   IO window: 0x2000-0x3fff
[    0.567196] pci 0000:00:11.0:   MEM window: 0xc9000000-0xca3fffff
[    0.567215] pci 0000:00:11.0:   PREFETCH window: 0x000000d8400000-0x000000d89fffff
[    0.567257] pci 0000:00:15.0: PCI bridge, secondary bus 0000:03
[    0.567268] pci 0000:00:15.0:   IO window: 0x4000-0x4fff
[    0.567296] pci 0000:00:15.0:   MEM window: 0xca400000-0xca4fffff
[    0.567315] pci 0000:00:15.0:   PREFETCH window: 0x000000d8a00000-0x000000d8afffff
[    0.567375] pci 0000:00:15.1: PCI bridge, secondary bus 0000:04
[    0.567387] pci 0000:00:15.1:   IO window: 0x8000-0x8fff
[    0.567414] pci 0000:00:15.1:   MEM window: 0xca800000-0xca8fffff
[    0.567433] pci 0000:00:15.1:   PREFETCH window: 0x000000d8e00000-0x000000d8efffff
[    0.567474] pci 0000:00:15.2: PCI bridge, secondary bus 0000:05
[    0.567485] pci 0000:00:15.2:   IO window: 0xc000-0xcfff
[    0.567512] pci 0000:00:15.2:   MEM window: 0xcac00000-0xcacfffff
[    0.567531] pci 0000:00:15.2:   PREFETCH window: 0x000000d9200000-0x000000d92fffff
[    0.567571] pci 0000:00:15.3: PCI bridge, secondary bus 0000:06
[    0.567572] pci 0000:00:15.3:   IO window: disabled
[    0.567600] pci 0000:00:15.3:   MEM window: 0xcb000000-0xcb0fffff
[    0.567619] pci 0000:00:15.3:   PREFETCH window: 0x000000d9600000-0x000000d96fffff
[    0.567659] pci 0000:00:15.4: PCI bridge, secondary bus 0000:07
[    0.567660] pci 0000:00:15.4:   IO window: disabled
[    0.567688] pci 0000:00:15.4:   MEM window: 0xcb400000-0xcb4fffff
[    0.567707] pci 0000:00:15.4:   PREFETCH window: 0x000000d9a00000-0x000000d9afffff
[    0.567765] pci 0000:00:15.5: PCI bridge, secondary bus 0000:08
[    0.567767] pci 0000:00:15.5:   IO window: disabled
[    0.567797] pci 0000:00:15.5:   MEM window: 0xcb800000-0xcb8fffff
[    0.567825] pci 0000:00:15.5:   PREFETCH window: 0x000000d9e00000-0x000000d9efffff
[    0.567864] pci 0000:00:15.6: PCI bridge, secondary bus 0000:09
[    0.567866] pci 0000:00:15.6:   IO window: disabled
[    0.567894] pci 0000:00:15.6:   MEM window: 0xcbc00000-0xcbcfffff
[    0.567913] pci 0000:00:15.6:   PREFETCH window: 0x000000da200000-0x000000da2fffff
[    0.567952] pci 0000:00:15.7: PCI bridge, secondary bus 0000:0a
[    0.567954] pci 0000:00:15.7:   IO window: disabled
[    0.567981] pci 0000:00:15.7:   MEM window: 0xcc000000-0xcc0fffff
[    0.568001] pci 0000:00:15.7:   PREFETCH window: 0x000000da600000-0x000000da6fffff
[    0.568040] pci 0000:00:16.0: PCI bridge, secondary bus 0000:0b
[    0.568051] pci 0000:00:16.0:   IO window: 0x5000-0x5fff
[    0.568078] pci 0000:00:16.0:   MEM window: 0xca500000-0xca5fffff
[    0.568098] pci 0000:00:16.0:   PREFETCH window: 0x000000d8b00000-0x000000d8bfffff
[    0.568137] pci 0000:00:16.1: PCI bridge, secondary bus 0000:0c
[    0.568148] pci 0000:00:16.1:   IO window: 0x9000-0x9fff
[    0.568175] pci 0000:00:16.1:   MEM window: 0xca900000-0xca9fffff
[    0.568195] pci 0000:00:16.1:   PREFETCH window: 0x000000d8f00000-0x000000d8ffffff
[    0.568234] pci 0000:00:16.2: PCI bridge, secondary bus 0000:0d
[    0.568245] pci 0000:00:16.2:   IO window: 0xd000-0xdfff
[    0.568273] pci 0000:00:16.2:   MEM window: 0xcad00000-0xcadfffff
[    0.568292] pci 0000:00:16.2:   PREFETCH window: 0x000000d9300000-0x000000d93fffff
[    0.568331] pci 0000:00:16.3: PCI bridge, secondary bus 0000:0e
[    0.568332] pci 0000:00:16.3:   IO window: disabled
[    0.568360] pci 0000:00:16.3:   MEM window: 0xcb100000-0xcb1fffff
[    0.568379] pci 0000:00:16.3:   PREFETCH window: 0x000000d9700000-0x000000d97fffff
[    0.568418] pci 0000:00:16.4: PCI bridge, secondary bus 0000:0f
[    0.568420] pci 0000:00:16.4:   IO window: disabled
[    0.568447] pci 0000:00:16.4:   MEM window: 0xcb500000-0xcb5fffff
[    0.568467] pci 0000:00:16.4:   PREFETCH window: 0x000000d9b00000-0x000000d9bfffff
[    0.568506] pci 0000:00:16.5: PCI bridge, secondary bus 0000:10
[    0.568507] pci 0000:00:16.5:   IO window: disabled
[    0.568535] pci 0000:00:16.5:   MEM window: 0xcb900000-0xcb9fffff
[    0.568554] pci 0000:00:16.5:   PREFETCH window: 0x000000d9f00000-0x000000d9ffffff
[    0.568593] pci 0000:00:16.6: PCI bridge, secondary bus 0000:11
[    0.568595] pci 0000:00:16.6:   IO window: disabled
[    0.568622] pci 0000:00:16.6:   MEM window: 0xcbd00000-0xcbdfffff
[    0.568642] pci 0000:00:16.6:   PREFETCH window: 0x000000da300000-0x000000da3fffff
[    0.568681] pci 0000:00:16.7: PCI bridge, secondary bus 0000:12
[    0.568682] pci 0000:00:16.7:   IO window: disabled
[    0.568710] pci 0000:00:16.7:   MEM window: 0xcc100000-0xcc1fffff
[    0.568729] pci 0000:00:16.7:   PREFETCH window: 0x000000da700000-0x000000da7fffff
[    0.568788] pci 0000:00:17.0: PCI bridge, secondary bus 0000:13
[    0.568800] pci 0000:00:17.0:   IO window: 0x6000-0x6fff
[    0.568829] pci 0000:00:17.0:   MEM window: 0xca600000-0xca6fffff
[    0.568857] pci 0000:00:17.0:   PREFETCH window: 0x000000d8c00000-0x000000d8cfffff
[    0.568897] pci 0000:00:17.1: PCI bridge, secondary bus 0000:14
[    0.568908] pci 0000:00:17.1:   IO window: 0xa000-0xafff
[    0.568935] pci 0000:00:17.1:   MEM window: 0xcaa00000-0xcaafffff
[    0.568955] pci 0000:00:17.1:   PREFETCH window: 0x000000d9000000-0x000000d90fffff
[    0.568994] pci 0000:00:17.2: PCI bridge, secondary bus 0000:15
[    0.569005] pci 0000:00:17.2:   IO window: 0xe000-0xefff
[    0.569032] pci 0000:00:17.2:   MEM window: 0xcae00000-0xcaefffff
[    0.569051] pci 0000:00:17.2:   PREFETCH window: 0x000000d9400000-0x000000d94fffff
[    0.569091] pci 0000:00:17.3: PCI bridge, secondary bus 0000:16
[    0.569093] pci 0000:00:17.3:   IO window: disabled
[    0.569120] pci 0000:00:17.3:   MEM window: 0xcb200000-0xcb2fffff
[    0.569139] pci 0000:00:17.3:   PREFETCH window: 0x000000d9800000-0x000000d98fffff
[    0.569179] pci 0000:00:17.4: PCI bridge, secondary bus 0000:17
[    0.569180] pci 0000:00:17.4:   IO window: disabled
[    0.569208] pci 0000:00:17.4:   MEM window: 0xcb600000-0xcb6fffff
[    0.569227] pci 0000:00:17.4:   PREFETCH window: 0x000000d9c00000-0x000000d9cfffff
[    0.569266] pci 0000:00:17.5: PCI bridge, secondary bus 0000:18
[    0.569268] pci 0000:00:17.5:   IO window: disabled
[    0.569295] pci 0000:00:17.5:   MEM window: 0xcba00000-0xcbafffff
[    0.569314] pci 0000:00:17.5:   PREFETCH window: 0x000000da000000-0x000000da0fffff
[    0.569354] pci 0000:00:17.6: PCI bridge, secondary bus 0000:19
[    0.569355] pci 0000:00:17.6:   IO window: disabled
[    0.569383] pci 0000:00:17.6:   MEM window: 0xcbe00000-0xcbefffff
[    0.569402] pci 0000:00:17.6:   PREFETCH window: 0x000000da400000-0x000000da4fffff
[    0.569441] pci 0000:00:17.7: PCI bridge, secondary bus 0000:1a
[    0.569443] pci 0000:00:17.7:   IO window: disabled
[    0.569470] pci 0000:00:17.7:   MEM window: 0xcc200000-0xcc2fffff
[    0.569489] pci 0000:00:17.7:   PREFETCH window: 0x000000da800000-0x000000da8fffff
[    0.569528] pci 0000:00:18.0: PCI bridge, secondary bus 0000:1b
[    0.569539] pci 0000:00:18.0:   IO window: 0x7000-0x7fff
[    0.569567] pci 0000:00:18.0:   MEM window: 0xca700000-0xca7fffff
[    0.569586] pci 0000:00:18.0:   PREFETCH window: 0x000000d8d00000-0x000000d8dfffff
[    0.569625] pci 0000:00:18.1: PCI bridge, secondary bus 0000:1c
[    0.569636] pci 0000:00:18.1:   IO window: 0xb000-0xbfff
[    0.569664] pci 0000:00:18.1:   MEM window: 0xcab00000-0xcabfffff
[    0.569683] pci 0000:00:18.1:   PREFETCH window: 0x000000d9100000-0x000000d91fffff
[    0.569722] pci 0000:00:18.2: PCI bridge, secondary bus 0000:1d
[    0.569740] pci 0000:00:18.2:   IO window: 0xf000-0xffff
[    0.569779] pci 0000:00:18.2:   MEM window: 0xcaf00000-0xcaffffff
[    0.569799] pci 0000:00:18.2:   PREFETCH window: 0x000000d9500000-0x000000d95fffff
[    0.569841] pci 0000:00:18.3: PCI bridge, secondary bus 0000:1e
[    0.569843] pci 0000:00:18.3:   IO window: disabled
[    0.569872] pci 0000:00:18.3:   MEM window: 0xcb300000-0xcb3fffff
[    0.569893] pci 0000:00:18.3:   PREFETCH window: 0x000000d9900000-0x000000d99fffff
[    0.569935] pci 0000:00:18.4: PCI bridge, secondary bus 0000:1f
[    0.569937] pci 0000:00:18.4:   IO window: disabled
[    0.569966] pci 0000:00:18.4:   MEM window: 0xcb700000-0xcb7fffff
[    0.569987] pci 0000:00:18.4:   PREFETCH window: 0x000000d9d00000-0x000000d9dfffff
[    0.570029] pci 0000:00:18.5: PCI bridge, secondary bus 0000:20
[    0.570031] pci 0000:00:18.5:   IO window: disabled
[    0.570060] pci 0000:00:18.5:   MEM window: 0xcbb00000-0xcbbfffff
[    0.570089] pci 0000:00:18.5:   PREFETCH window: 0x000000da100000-0x000000da1fffff
[    0.570128] pci 0000:00:18.6: PCI bridge, secondary bus 0000:21
[    0.570129] pci 0000:00:18.6:   IO window: disabled
[    0.570157] pci 0000:00:18.6:   MEM window: 0xcbf00000-0xcbffffff
[    0.570176] pci 0000:00:18.6:   PREFETCH window: 0x000000da500000-0x000000da5fffff
[    0.570215] pci 0000:00:18.7: PCI bridge, secondary bus 0000:22
[    0.570217] pci 0000:00:18.7:   IO window: disabled
[    0.570245] pci 0000:00:18.7:   MEM window: 0xcc300000-0xcc3fffff
[    0.570264] pci 0000:00:18.7:   PREFETCH window: 0x000000da900000-0x000000da9fffff
[    0.570324] pci 0000:00:01.0: setting latency timer to 64
[    0.570384] pci 0000:00:15.0: setting latency timer to 64
[    0.570444] pci 0000:00:15.1: setting latency timer to 64
[    0.570504] pci 0000:00:15.2: setting latency timer to 64
[    0.570564] pci 0000:00:15.3: setting latency timer to 64
[    0.570625] pci 0000:00:15.4: setting latency timer to 64
[    0.570685] pci 0000:00:15.5: setting latency timer to 64
[    0.570745] pci 0000:00:15.6: setting latency timer to 64
[    0.570805] pci 0000:00:15.7: setting latency timer to 64
[    0.570865] pci 0000:00:16.0: setting latency timer to 64
[    0.570934] pci 0000:00:16.1: setting latency timer to 64
[    0.570995] pci 0000:00:16.2: setting latency timer to 64
[    0.571055] pci 0000:00:16.3: setting latency timer to 64
[    0.571115] pci 0000:00:16.4: setting latency timer to 64
[    0.571175] pci 0000:00:16.5: setting latency timer to 64
[    0.571235] pci 0000:00:16.6: setting latency timer to 64
[    0.571295] pci 0000:00:16.7: setting latency timer to 64
[    0.571355] pci 0000:00:17.0: setting latency timer to 64
[    0.571415] pci 0000:00:17.1: setting latency timer to 64
[    0.571476] pci 0000:00:17.2: setting latency timer to 64
[    0.571536] pci 0000:00:17.3: setting latency timer to 64
[    0.571596] pci 0000:00:17.4: setting latency timer to 64
[    0.571656] pci 0000:00:17.5: setting latency timer to 64
[    0.571716] pci 0000:00:17.6: setting latency timer to 64
[    0.571776] pci 0000:00:17.7: setting latency timer to 64
[    0.571836] pci 0000:00:18.0: setting latency timer to 64
[    0.571896] pci 0000:00:18.1: setting latency timer to 64
[    0.571956] pci 0000:00:18.2: setting latency timer to 64
[    0.572017] pci 0000:00:18.3: setting latency timer to 64
[    0.572077] pci 0000:00:18.4: setting latency timer to 64
[    0.572137] pci 0000:00:18.5: setting latency timer to 64
[    0.572197] pci 0000:00:18.6: setting latency timer to 64
[    0.572257] pci 0000:00:18.7: setting latency timer to 64
[    0.572269] pci_bus 0000:00: resource 0 io:  [0x00-0xffff]
[    0.572271] pci_bus 0000:00: resource 1 mem: [0x000000-0xffffffffffffffff]
[    0.572273] pci_bus 0000:02: resource 0 io:  [0x2000-0x3fff]
[    0.572275] pci_bus 0000:02: resource 1 mem: [0xc9000000-0xca3fffff]
[    0.572277] pci_bus 0000:02: resource 2 pref mem [0xd8400000-0xd89fffff]
[    0.572279] pci_bus 0000:02: resource 3 io:  [0x00-0xffff]
[    0.572280] pci_bus 0000:02: resource 4 mem: [0x000000-0xffffffffffffffff]
[    0.572282] pci_bus 0000:03: resource 0 io:  [0x4000-0x4fff]
[    0.572284] pci_bus 0000:03: resource 1 mem: [0xca400000-0xca4fffff]
[    0.572286] pci_bus 0000:03: resource 2 pref mem [0xd8a00000-0xd8afffff]
[    0.572288] pci_bus 0000:04: resource 0 io:  [0x8000-0x8fff]
[    0.572290] pci_bus 0000:04: resource 1 mem: [0xca800000-0xca8fffff]
[    0.572291] pci_bus 0000:04: resource 2 pref mem [0xd8e00000-0xd8efffff]
[    0.572293] pci_bus 0000:05: resource 0 io:  [0xc000-0xcfff]
[    0.572295] pci_bus 0000:05: resource 1 mem: [0xcac00000-0xcacfffff]
[    0.572297] pci_bus 0000:05: resource 2 pref mem [0xd9200000-0xd92fffff]
[    0.572299] pci_bus 0000:06: resource 1 mem: [0xcb000000-0xcb0fffff]
[    0.572300] pci_bus 0000:06: resource 2 pref mem [0xd9600000-0xd96fffff]
[    0.572302] pci_bus 0000:07: resource 1 mem: [0xcb400000-0xcb4fffff]
[    0.572304] pci_bus 0000:07: resource 2 pref mem [0xd9a00000-0xd9afffff]
[    0.572306] pci_bus 0000:08: resource 1 mem: [0xcb800000-0xcb8fffff]
[    0.572308] pci_bus 0000:08: resource 2 pref mem [0xd9e00000-0xd9efffff]
[    0.572309] pci_bus 0000:09: resource 1 mem: [0xcbc00000-0xcbcfffff]
[    0.572311] pci_bus 0000:09: resource 2 pref mem [0xda200000-0xda2fffff]
[    0.572313] pci_bus 0000:0a: resource 1 mem: [0xcc000000-0xcc0fffff]
[    0.572315] pci_bus 0000:0a: resource 2 pref mem [0xda600000-0xda6fffff]
[    0.572317] pci_bus 0000:0b: resource 0 io:  [0x5000-0x5fff]
[    0.572318] pci_bus 0000:0b: resource 1 mem: [0xca500000-0xca5fffff]
[    0.572320] pci_bus 0000:0b: resource 2 pref mem [0xd8b00000-0xd8bfffff]
[    0.572322] pci_bus 0000:0c: resource 0 io:  [0x9000-0x9fff]
[    0.572324] pci_bus 0000:0c: resource 1 mem: [0xca900000-0xca9fffff]
[    0.572325] pci_bus 0000:0c: resource 2 pref mem [0xd8f00000-0xd8ffffff]
[    0.572327] pci_bus 0000:0d: resource 0 io:  [0xd000-0xdfff]
[    0.572329] pci_bus 0000:0d: resource 1 mem: [0xcad00000-0xcadfffff]
[    0.572331] pci_bus 0000:0d: resource 2 pref mem [0xd9300000-0xd93fffff]
[    0.572333] pci_bus 0000:0e: resource 1 mem: [0xcb100000-0xcb1fffff]
[    0.572334] pci_bus 0000:0e: resource 2 pref mem [0xd9700000-0xd97fffff]
[    0.572336] pci_bus 0000:0f: resource 1 mem: [0xcb500000-0xcb5fffff]
[    0.572338] pci_bus 0000:0f: resource 2 pref mem [0xd9b00000-0xd9bfffff]
[    0.572340] pci_bus 0000:10: resource 1 mem: [0xcb900000-0xcb9fffff]
[    0.572342] pci_bus 0000:10: resource 2 pref mem [0xd9f00000-0xd9ffffff]
[    0.572344] pci_bus 0000:11: resource 1 mem: [0xcbd00000-0xcbdfffff]
[    0.572345] pci_bus 0000:11: resource 2 pref mem [0xda300000-0xda3fffff]
[    0.572347] pci_bus 0000:12: resource 1 mem: [0xcc100000-0xcc1fffff]
[    0.572349] pci_bus 0000:12: resource 2 pref mem [0xda700000-0xda7fffff]
[    0.572351] pci_bus 0000:13: resource 0 io:  [0x6000-0x6fff]
[    0.572353] pci_bus 0000:13: resource 1 mem: [0xca600000-0xca6fffff]
[    0.572354] pci_bus 0000:13: resource 2 pref mem [0xd8c00000-0xd8cfffff]
[    0.572356] pci_bus 0000:14: resource 0 io:  [0xa000-0xafff]
[    0.572358] pci_bus 0000:14: resource 1 mem: [0xcaa00000-0xcaafffff]
[    0.572360] pci_bus 0000:14: resource 2 pref mem [0xd9000000-0xd90fffff]
[    0.572361] pci_bus 0000:15: resource 0 io:  [0xe000-0xefff]
[    0.572363] pci_bus 0000:15: resource 1 mem: [0xcae00000-0xcaefffff]
[    0.572365] pci_bus 0000:15: resource 2 pref mem [0xd9400000-0xd94fffff]
[    0.572367] pci_bus 0000:16: resource 1 mem: [0xcb200000-0xcb2fffff]
[    0.572369] pci_bus 0000:16: resource 2 pref mem [0xd9800000-0xd98fffff]
[    0.572370] pci_bus 0000:17: resource 1 mem: [0xcb600000-0xcb6fffff]
[    0.572372] pci_bus 0000:17: resource 2 pref mem [0xd9c00000-0xd9cfffff]
[    0.572374] pci_bus 0000:18: resource 1 mem: [0xcba00000-0xcbafffff]
[    0.572376] pci_bus 0000:18: resource 2 pref mem [0xda000000-0xda0fffff]
[    0.572378] pci_bus 0000:19: resource 1 mem: [0xcbe00000-0xcbefffff]
[    0.572380] pci_bus 0000:19: resource 2 pref mem [0xda400000-0xda4fffff]
[    0.572381] pci_bus 0000:1a: resource 1 mem: [0xcc200000-0xcc2fffff]
[    0.572383] pci_bus 0000:1a: resource 2 pref mem [0xda800000-0xda8fffff]
[    0.572385] pci_bus 0000:1b: resource 0 io:  [0x7000-0x7fff]
[    0.572387] pci_bus 0000:1b: resource 1 mem: [0xca700000-0xca7fffff]
[    0.572388] pci_bus 0000:1b: resource 2 pref mem [0xd8d00000-0xd8dfffff]
[    0.572390] pci_bus 0000:1c: resource 0 io:  [0xb000-0xbfff]
[    0.572392] pci_bus 0000:1c: resource 1 mem: [0xcab00000-0xcabfffff]
[    0.572394] pci_bus 0000:1c: resource 2 pref mem [0xd9100000-0xd91fffff]
[    0.572396] pci_bus 0000:1d: resource 0 io:  [0xf000-0xffff]
[    0.572397] pci_bus 0000:1d: resource 1 mem: [0xcaf00000-0xcaffffff]
[    0.572399] pci_bus 0000:1d: resource 2 pref mem [0xd9500000-0xd95fffff]
[    0.572401] pci_bus 0000:1e: resource 1 mem: [0xcb300000-0xcb3fffff]
[    0.572403] pci_bus 0000:1e: resource 2 pref mem [0xd9900000-0xd99fffff]
[    0.572405] pci_bus 0000:1f: resource 1 mem: [0xcb700000-0xcb7fffff]
[    0.572406] pci_bus 0000:1f: resource 2 pref mem [0xd9d00000-0xd9dfffff]
[    0.572408] pci_bus 0000:20: resource 1 mem: [0xcbb00000-0xcbbfffff]
[    0.572410] pci_bus 0000:20: resource 2 pref mem [0xda100000-0xda1fffff]
[    0.572412] pci_bus 0000:21: resource 1 mem: [0xcbf00000-0xcbffffff]
[    0.572414] pci_bus 0000:21: resource 2 pref mem [0xda500000-0xda5fffff]
[    0.572416] pci_bus 0000:22: resource 1 mem: [0xcc300000-0xcc3fffff]
[    0.572417] pci_bus 0000:22: resource 2 pref mem [0xda900000-0xda9fffff]
[    0.572440] NET: Registered protocol family 2
[    0.572456] RANDOM - __random32 called. Change num 7.  Value: 647ba296	db0e5c1d	6de96f10
[    0.572458] RANDOM - random32 called.  Value: 647ba296	db0e5c1d	6de96f10
[    0.572467] random 0000 0000 0000 00000000 00000000: rand_read_num 2 get_random_bytes(4): sig fffffe1a 00000000 00000000
[    0.572469] random 0000 0000 0000 00000000 00000000: extract_entropy(.. 4 ..)
[    0.572472] random 0000 0000 0000 00000000 00000000: going to reseed nonblocking with 64 bits (32 of 0 requested)
[    0.572474] random 0000 0000 0000 00000000 00000000: extract_entropy(.. 8 ..)
[    0.572476] random 0000 0000 0000 00000000 00000000: trying to extract 64 bits from input
[    0.572478] random 0000 0000 0000 00000000 00000000: debiting 0 entropy credits from input
[    0.572480] random 0000 0000 0000 00000000 00000000: extract_entropy account returned: 0 
[    0.572483] random 0000 0000 0000 00000000 00000000: urand_change_num 3 xfer_secondary_pool(4): pool_sig fffffe1a, data_sig 00000000, bytes_mixed 0 00000000 00000000
[    0.572486] random 0000 0000 0000 00000000 00000000: trying to extract 32 bits from nonblocking
[    0.572488] random 0000 0000 0000 00000000 00000000: debiting 32 entropy credits from nonblocking (unlimited)
[    0.572490] random 0000 0000 0000 00000000 00000000: extract_entropy account returned: 4 
[    0.572494] random 0000 0000 0000 00000000 00000000: urand_change_num 4 extract_buf: pool_sig fffffe1a, data_sig fffffed7, bytes_mixed 20 00000000 00000000
[    0.572523] IP route cache hash table entries: 32768 (order: 5, 131072 bytes)
[    0.572583] RANDOM - __random32 called. Change num 8.  Value: ba296205	b0e5c1db	de205442
[    0.572585] RANDOM - random32 called.  Value: ba296205	b0e5c1db	de205442
[    0.572645] RANDOM - __random32 called. Change num 9.  Value: 962052cd	e5c1db9	a885e45e
[    0.572647] RANDOM - random32 called.  Value: 962052cd	e5c1db9	a885e45e
[    0.572650] RANDOM - __random32 called. Change num 10.  Value: 52cd38f	e5c1db9b	c8bd9558
[    0.572652] RANDOM - random32 called.  Value: 52cd38f	e5c1db9b	c8bd9558
[    0.572673] RANDOM - __random32 called. Change num 11.  Value: cd38f3eb	5c1db9b9	2ab1aa27
[    0.572675] RANDOM - random32 called.  Value: cd38f3eb	5c1db9b9	2ab1aa27
[    0.572686] TCP established hash table entries: 131072 (order: 8, 1048576 bytes)
[    0.572746] TCP bind hash table entries: 65536 (order: 7, 524288 bytes)
[    0.572806] TCP: Hash tables configured (established 131072 bind 65536)
[    0.572808] TCP reno registered
[    0.572843] NET: Registered protocol family 1
[    0.572852] pci 0000:00:00.0: Limiting direct PCI/PCI transfers
[    0.572871] pci 0000:00:0f.0: Boot video device
[    0.572996] Trying to unpack rootfs image as initramfs...
[    1.677346] Freeing initrd memory: 83430k freed
[    1.681409] Simple Boot Flag at 0x36 set to 0x1
[    1.681453] cpufreq-nforce2: No nForce2 chipset.
[    1.681467] Scanning for low memory corruption every 60 seconds
[    1.681583] audit: initializing netlink socket (disabled)
[    1.681591] type=2000 audit(1369429476.668:1): initialized
[    1.685462] highmem bounce pool size: 64 pages
[    1.685466] HugeTLB registered 2 MB page size, pre-allocated 0 pages
[    1.685561] VFS: Disk quotas dquot_6.5.2
[    1.685592] Dquot-cache hash table entries: 1024 (order 0, 4096 bytes)
[    1.685671] fuse init (API version 7.13)
[    1.685716] msgmni has been set to 1729
[    1.686014] alg: No test for stdrng (krng)
[    1.686049] Block layer SCSI generic (bsg) driver version 0.4 loaded (major 253)
[    1.686052] io scheduler noop registered
[    1.686053] io scheduler anticipatory registered
[    1.686055] io scheduler deadline registered
[    1.686075] io scheduler cfq registered (default)
[    1.686120]   alloc irq_desc for 24 on node -1
[    1.686123]   alloc kstat_irqs on node -1
[    1.686168] pcieport 0000:00:15.0: irq 24 for MSI/MSI-X
[    1.686213] pcieport 0000:00:15.0: setting latency timer to 64
[    1.686258]   alloc irq_desc for 25 on node -1
[    1.686261]   alloc kstat_irqs on node -1
[    1.686306] pcieport 0000:00:15.1: irq 25 for MSI/MSI-X
[    1.686351] pcieport 0000:00:15.1: setting latency timer to 64
[    1.686396]   alloc irq_desc for 26 on node -1
[    1.686398]   alloc kstat_irqs on node -1
[    1.686443] pcieport 0000:00:15.2: irq 26 for MSI/MSI-X
[    1.686488] pcieport 0000:00:15.2: setting latency timer to 64
[    1.686532]   alloc irq_desc for 27 on node -1
[    1.686534]   alloc kstat_irqs on node -1
[    1.686579] pcieport 0000:00:15.3: irq 27 for MSI/MSI-X
[    1.686624] pcieport 0000:00:15.3: setting latency timer to 64
[    1.686669]   alloc irq_desc for 28 on node -1
[    1.686671]   alloc kstat_irqs on node -1
[    1.686716] pcieport 0000:00:15.4: irq 28 for MSI/MSI-X
[    1.686760] pcieport 0000:00:15.4: setting latency timer to 64
[    1.686805]   alloc irq_desc for 29 on node -1
[    1.686807]   alloc kstat_irqs on node -1
[    1.686852] pcieport 0000:00:15.5: irq 29 for MSI/MSI-X
[    1.686897] pcieport 0000:00:15.5: setting latency timer to 64
[    1.686942]   alloc irq_desc for 30 on node -1
[    1.686953]   alloc kstat_irqs on node -1
[    1.686998] pcieport 0000:00:15.6: irq 30 for MSI/MSI-X
[    1.687043] pcieport 0000:00:15.6: setting latency timer to 64
[    1.687088]   alloc irq_desc for 31 on node -1
[    1.687090]   alloc kstat_irqs on node -1
[    1.687135] pcieport 0000:00:15.7: irq 31 for MSI/MSI-X
[    1.687179] pcieport 0000:00:15.7: setting latency timer to 64
[    1.687224]   alloc irq_desc for 32 on node -1
[    1.687226]   alloc kstat_irqs on node -1
[    1.687271] pcieport 0000:00:16.0: irq 32 for MSI/MSI-X
[    1.687316] pcieport 0000:00:16.0: setting latency timer to 64
[    1.687361]   alloc irq_desc for 33 on node -1
[    1.687362]   alloc kstat_irqs on node -1
[    1.687407] pcieport 0000:00:16.1: irq 33 for MSI/MSI-X
[    1.687452] pcieport 0000:00:16.1: setting latency timer to 64
[    1.687497]   alloc irq_desc for 34 on node -1
[    1.687499]   alloc kstat_irqs on node -1
[    1.687543] pcieport 0000:00:16.2: irq 34 for MSI/MSI-X
[    1.687588] pcieport 0000:00:16.2: setting latency timer to 64
[    1.687633]   alloc irq_desc for 35 on node -1
[    1.687635]   alloc kstat_irqs on node -1
[    1.687680] pcieport 0000:00:16.3: irq 35 for MSI/MSI-X
[    1.687725] pcieport 0000:00:16.3: setting latency timer to 64
[    1.687769]   alloc irq_desc for 36 on node -1
[    1.687771]   alloc kstat_irqs on node -1
[    1.687816] pcieport 0000:00:16.4: irq 36 for MSI/MSI-X
[    1.687861] pcieport 0000:00:16.4: setting latency timer to 64
[    1.687906]   alloc irq_desc for 37 on node -1
[    1.687907]   alloc kstat_irqs on node -1
[    1.687952] pcieport 0000:00:16.5: irq 37 for MSI/MSI-X
[    1.687997] pcieport 0000:00:16.5: setting latency timer to 64
[    1.688042]   alloc irq_desc for 38 on node -1
[    1.688044]   alloc kstat_irqs on node -1
[    1.688089] pcieport 0000:00:16.6: irq 38 for MSI/MSI-X
[    1.688133] pcieport 0000:00:16.6: setting latency timer to 64
[    1.688178]   alloc irq_desc for 39 on node -1
[    1.688180]   alloc kstat_irqs on node -1
[    1.688225] pcieport 0000:00:16.7: irq 39 for MSI/MSI-X
[    1.688270] pcieport 0000:00:16.7: setting latency timer to 64
[    1.689393]   alloc irq_desc for 40 on node -1
[    1.689395]   alloc kstat_irqs on node -1
[    1.689440] pcieport 0000:00:17.0: irq 40 for MSI/MSI-X
[    1.689485] pcieport 0000:00:17.0: setting latency timer to 64
[    1.689530]   alloc irq_desc for 41 on node -1
[    1.689532]   alloc kstat_irqs on node -1
[    1.689576] pcieport 0000:00:17.1: irq 41 for MSI/MSI-X
[    1.689621] pcieport 0000:00:17.1: setting latency timer to 64
[    1.689666]   alloc irq_desc for 42 on node -1
[    1.689668]   alloc kstat_irqs on node -1
[    1.689713] pcieport 0000:00:17.2: irq 42 for MSI/MSI-X
[    1.689758] pcieport 0000:00:17.2: setting latency timer to 64
[    1.689802]   alloc irq_desc for 43 on node -1
[    1.689804]   alloc kstat_irqs on node -1
[    1.689849] pcieport 0000:00:17.3: irq 43 for MSI/MSI-X
[    1.689894] pcieport 0000:00:17.3: setting latency timer to 64
[    1.689939]   alloc irq_desc for 44 on node -1
[    1.689941]   alloc kstat_irqs on node -1
[    1.689985] pcieport 0000:00:17.4: irq 44 for MSI/MSI-X
[    1.690030] pcieport 0000:00:17.4: setting latency timer to 64
[    1.690075]   alloc irq_desc for 45 on node -1
[    1.690077]   alloc kstat_irqs on node -1
[    1.690122] pcieport 0000:00:17.5: irq 45 for MSI/MSI-X
[    1.690167] pcieport 0000:00:17.5: setting latency timer to 64
[    1.690212]   alloc irq_desc for 46 on node -1
[    1.690214]   alloc kstat_irqs on node -1
[    1.690258] pcieport 0000:00:17.6: irq 46 for MSI/MSI-X
[    1.690303] pcieport 0000:00:17.6: setting latency timer to 64
[    1.690348]   alloc irq_desc for 47 on node -1
[    1.690350]   alloc kstat_irqs on node -1
[    1.690395] pcieport 0000:00:17.7: irq 47 for MSI/MSI-X
[    1.690440] pcieport 0000:00:17.7: setting latency timer to 64
[    1.690485]   alloc irq_desc for 48 on node -1
[    1.690487]   alloc kstat_irqs on node -1
[    1.690531] pcieport 0000:00:18.0: irq 48 for MSI/MSI-X
[    1.690576] pcieport 0000:00:18.0: setting latency timer to 64
[    1.690621]   alloc irq_desc for 49 on node -1
[    1.690623]   alloc kstat_irqs on node -1
[    1.690668] pcieport 0000:00:18.1: irq 49 for MSI/MSI-X
[    1.690713] pcieport 0000:00:18.1: setting latency timer to 64
[    1.690758]   alloc irq_desc for 50 on node -1
[    1.690760]   alloc kstat_irqs on node -1
[    1.690804] pcieport 0000:00:18.2: irq 50 for MSI/MSI-X
[    1.690849] pcieport 0000:00:18.2: setting latency timer to 64
[    1.690894]   alloc irq_desc for 51 on node -1
[    1.690896]   alloc kstat_irqs on node -1
[    1.690941] pcieport 0000:00:18.3: irq 51 for MSI/MSI-X
[    1.690986] pcieport 0000:00:18.3: setting latency timer to 64
[    1.691030]   alloc irq_desc for 52 on node -1
[    1.691032]   alloc kstat_irqs on node -1
[    1.691077] pcieport 0000:00:18.4: irq 52 for MSI/MSI-X
[    1.691122] pcieport 0000:00:18.4: setting latency timer to 64
[    1.691167]   alloc irq_desc for 53 on node -1
[    1.691169]   alloc kstat_irqs on node -1
[    1.691214] pcieport 0000:00:18.5: irq 53 for MSI/MSI-X
[    1.691259] pcieport 0000:00:18.5: setting latency timer to 64
[    1.691304]   alloc irq_desc for 54 on node -1
[    1.691306]   alloc kstat_irqs on node -1
[    1.691350] pcieport 0000:00:18.6: irq 54 for MSI/MSI-X
[    1.691395] pcieport 0000:00:18.6: setting latency timer to 64
[    1.691440]   alloc irq_desc for 55 on node -1
[    1.691442]   alloc kstat_irqs on node -1
[    1.691487] pcieport 0000:00:18.7: irq 55 for MSI/MSI-X
[    1.691532] pcieport 0000:00:18.7: setting latency timer to 64
[    1.691577] pci_hotplug: PCI Hot Plug PCI Core version: 0.5
[    1.693432] pciehp 0000:00:15.0:pcie04: HPC vendor_id 15ad device_id 7a0 ss_vid 0 ss_did 0
[    1.693476] pciehp 0000:00:15.0:pcie04: service driver pciehp loaded
[    1.693521] pciehp 0000:00:15.1:pcie04: HPC vendor_id 15ad device_id 7a0 ss_vid 0 ss_did 0
[    1.693566] pciehp 0000:00:15.1:pcie04: service driver pciehp loaded
[    1.693611] pciehp 0000:00:15.2:pcie04: HPC vendor_id 15ad device_id 7a0 ss_vid 0 ss_did 0
[    1.693656] pciehp 0000:00:15.2:pcie04: service driver pciehp loaded
[    1.693701] pciehp 0000:00:15.3:pcie04: HPC vendor_id 15ad device_id 7a0 ss_vid 0 ss_did 0
[    1.693745] pciehp 0000:00:15.3:pcie04: service driver pciehp loaded
[    1.693790] pciehp 0000:00:15.4:pcie04: HPC vendor_id 15ad device_id 7a0 ss_vid 0 ss_did 0
[    1.693835] pciehp 0000:00:15.4:pcie04: service driver pciehp loaded
[    1.693880] pciehp 0000:00:15.5:pcie04: HPC vendor_id 15ad device_id 7a0 ss_vid 0 ss_did 0
[    1.693925] pciehp 0000:00:15.5:pcie04: service driver pciehp loaded
[    1.693970] pciehp 0000:00:15.6:pcie04: HPC vendor_id 15ad device_id 7a0 ss_vid 0 ss_did 0
[    1.694014] pciehp 0000:00:15.6:pcie04: service driver pciehp loaded
[    1.694059] pciehp 0000:00:15.7:pcie04: HPC vendor_id 15ad device_id 7a0 ss_vid 0 ss_did 0
[    1.694104] pciehp 0000:00:15.7:pcie04: service driver pciehp loaded
[    1.694149] pciehp 0000:00:16.0:pcie04: HPC vendor_id 15ad device_id 7a0 ss_vid 0 ss_did 0
[    1.694194] pciehp 0000:00:16.0:pcie04: service driver pciehp loaded
[    1.694239] pciehp 0000:00:16.1:pcie04: HPC vendor_id 15ad device_id 7a0 ss_vid 0 ss_did 0
[    1.694283] pciehp 0000:00:16.1:pcie04: service driver pciehp loaded
[    1.694328] pciehp 0000:00:16.2:pcie04: HPC vendor_id 15ad device_id 7a0 ss_vid 0 ss_did 0
[    1.694373] pciehp 0000:00:16.2:pcie04: service driver pciehp loaded
[    1.694418] pciehp 0000:00:16.3:pcie04: HPC vendor_id 15ad device_id 7a0 ss_vid 0 ss_did 0
[    1.694463] pciehp 0000:00:16.3:pcie04: service driver pciehp loaded
[    1.694508] pciehp 0000:00:16.4:pcie04: HPC vendor_id 15ad device_id 7a0 ss_vid 0 ss_did 0
[    1.694552] pciehp 0000:00:16.4:pcie04: service driver pciehp loaded
[    1.694597] pciehp 0000:00:16.5:pcie04: HPC vendor_id 15ad device_id 7a0 ss_vid 0 ss_did 0
[    1.694642] pciehp 0000:00:16.5:pcie04: service driver pciehp loaded
[    1.694687] pciehp 0000:00:16.6:pcie04: HPC vendor_id 15ad device_id 7a0 ss_vid 0 ss_did 0
[    1.694732] pciehp 0000:00:16.6:pcie04: service driver pciehp loaded
[    1.694777] pciehp 0000:00:16.7:pcie04: HPC vendor_id 15ad device_id 7a0 ss_vid 0 ss_did 0
[    1.694821] pciehp 0000:00:16.7:pcie04: service driver pciehp loaded
[    1.694866] pciehp 0000:00:17.0:pcie04: HPC vendor_id 15ad device_id 7a0 ss_vid 0 ss_did 0
[    1.694911] pciehp 0000:00:17.0:pcie04: service driver pciehp loaded
[    1.694956] pciehp 0000:00:17.1:pcie04: HPC vendor_id 15ad device_id 7a0 ss_vid 0 ss_did 0
[    1.695001] pciehp 0000:00:17.1:pcie04: service driver pciehp loaded
[    1.695046] pciehp 0000:00:17.2:pcie04: HPC vendor_id 15ad device_id 7a0 ss_vid 0 ss_did 0
[    1.695091] pciehp 0000:00:17.2:pcie04: service driver pciehp loaded
[    1.695135] pciehp 0000:00:17.3:pcie04: HPC vendor_id 15ad device_id 7a0 ss_vid 0 ss_did 0
[    1.695180] pciehp 0000:00:17.3:pcie04: service driver pciehp loaded
[    1.695225] pciehp 0000:00:17.4:pcie04: HPC vendor_id 15ad device_id 7a0 ss_vid 0 ss_did 0
[    1.695270] pciehp 0000:00:17.4:pcie04: service driver pciehp loaded
[    1.695315] pciehp 0000:00:17.5:pcie04: HPC vendor_id 15ad device_id 7a0 ss_vid 0 ss_did 0
[    1.695360] pciehp 0000:00:17.5:pcie04: service driver pciehp loaded
[    1.695404] pciehp 0000:00:17.6:pcie04: HPC vendor_id 15ad device_id 7a0 ss_vid 0 ss_did 0
[    1.695449] pciehp 0000:00:17.6:pcie04: service driver pciehp loaded
[    1.695494] pciehp 0000:00:17.7:pcie04: HPC vendor_id 15ad device_id 7a0 ss_vid 0 ss_did 0
[    1.695539] pciehp 0000:00:17.7:pcie04: service driver pciehp loaded
[    1.695584] pciehp 0000:00:18.0:pcie04: HPC vendor_id 15ad device_id 7a0 ss_vid 0 ss_did 0
[    1.695629] pciehp 0000:00:18.0:pcie04: service driver pciehp loaded
[    1.695673] pciehp 0000:00:18.1:pcie04: HPC vendor_id 15ad device_id 7a0 ss_vid 0 ss_did 0
[    1.695718] pciehp 0000:00:18.1:pcie04: service driver pciehp loaded
[    1.695763] pciehp 0000:00:18.2:pcie04: HPC vendor_id 15ad device_id 7a0 ss_vid 0 ss_did 0
[    1.695808] pciehp 0000:00:18.2:pcie04: service driver pciehp loaded
[    1.695853] pciehp 0000:00:18.3:pcie04: HPC vendor_id 15ad device_id 7a0 ss_vid 0 ss_did 0
[    1.695898] pciehp 0000:00:18.3:pcie04: service driver pciehp loaded
[    1.695942] pciehp 0000:00:18.4:pcie04: HPC vendor_id 15ad device_id 7a0 ss_vid 0 ss_did 0
[    1.695987] pciehp 0000:00:18.4:pcie04: service driver pciehp loaded
[    1.696032] pciehp 0000:00:18.5:pcie04: HPC vendor_id 15ad device_id 7a0 ss_vid 0 ss_did 0
[    1.696077] pciehp 0000:00:18.5:pcie04: service driver pciehp loaded
[    1.696122] pciehp 0000:00:18.6:pcie04: HPC vendor_id 15ad device_id 7a0 ss_vid 0 ss_did 0
[    1.696167] pciehp 0000:00:18.6:pcie04: service driver pciehp loaded
[    1.696211] pciehp 0000:00:18.7:pcie04: HPC vendor_id 15ad device_id 7a0 ss_vid 0 ss_did 0
[    1.696256] pciehp 0000:00:18.7:pcie04: service driver pciehp loaded
[    1.696265] pciehp: PCI Express Hot Plug Controller Driver version: 0.4
[    1.696316] ACPI: AC Adapter [ACAD] (on-line)
[    1.696377] input: Power Button as /devices/LNXSYSTM:00/LNXPWRBN:00/input/input0
[    1.696380] ACPI: Power Button [PWRF]
[    1.696425] processor LNXCPU:00: registered as cooling_device0
[    1.741301] isapnp: Scanning for PnP cards...
[    2.095061] isapnp: No Plug & Play device found
[    2.095091] random 0000 0000 0000 5f8db4e5 4cfdf2a8: initializing
[    2.095237] Linux agpgart interface v0.103
[    2.095275] agpgart-intel 0000:00:00.0: Intel 440BX Chipset
[    2.095328] agpgart-intel 0000:00:00.0: AGP aperture is 256M @ 0x0
[    2.095358] Serial: 8250/16550 driver, 32 ports, IRQ sharing enabled
[    2.095410] serial8250: ttyS0 at I/O 0x3f8 (irq = 4) is a 16550A
[    2.095463] serial8250: ttyS1 at I/O 0x2f8 (irq = 3) is a 16550A
[    2.095515] 00:0a: ttyS0 at I/O 0x3f8 (irq = 4) is a 16550A
[    2.095567] 00:0b: ttyS1 at I/O 0x2f8 (irq = 3) is a 16550A
[    2.095619] brd: module loaded
[    2.095672] loop: module loaded
[    2.095724] ata_piix 0000:00:07.1: version 2.13
[    2.095805] scsi0 : ata_piix
[    2.095852] scsi1 : ata_piix
[    2.095871] ata1: PATA max UDMA/33 cmd 0x1f0 ctl 0x3f6 bmdma 0x10c0 irq 14
[    2.095873] ata2: PATA max UDMA/33 cmd 0x170 ctl 0x376 bmdma 0x10c8 irq 15
[    2.095921] PPP generic driver version 2.4.2
[    2.095940] tun: Universal TUN/TAP device driver, 1.6
[    2.095941] tun: (C) 1999-2004 Max Krasnyansky <maxk@qualcomm.com>
[    2.095993] ehci_hcd: USB 2.0 'Enhanced' Host Controller (EHCI) Driver
[    2.096046] ACPI: PCI Interrupt Link [LNKB] enabled at IRQ 11
[    2.096048] PCI: setting IRQ 11 as level-triggered
[    2.096070] ehci_hcd 0000:02:03.0: PCI INT A -> Link[LNKB] -> GSI 11 (level, low) -> IRQ 11
[    2.096108] ehci_hcd 0000:02:03.0: EHCI Host Controller
[    2.096130] ehci_hcd 0000:02:03.0: new USB bus registered, assigned bus number 1
[    2.096182] ehci_hcd 0000:02:03.0: cache line size of 32 is not supported
[    2.096188] ehci_hcd 0000:02:03.0: irq 11, io mem 0xc9000000
[    2.096496] random 0000 0000 0000 00000000 00000000: rand_read_num 3 get_random_bytes(8): sig 00000000 00000000 00000000
[    2.096499] random 0000 0000 0000 00000000 00000000: extract_entropy(.. 8 ..)
[    2.096501] random 0000 0000 0000 00000000 00000000: going to reseed nonblocking with 64 bits (64 of 0 requested)
[    2.096503] random 0000 0000 0000 00000000 00000000: extract_entropy(.. 8 ..)
[    2.096506] random 0000 0000 0000 00000000 00000000: trying to extract 64 bits from input
[    2.096508] random 0000 0000 0000 00000000 00000000: debiting 0 entropy credits from input
[    2.096510] random 0000 0000 0000 00000000 00000000: extract_entropy account returned: 0 
[    2.096513] random 0000 0000 0000 00000000 00000000: urand_change_num 5 xfer_secondary_pool(8): pool_sig 00000000, data_sig 00000000, bytes_mixed 0 00000000 00000000
[    2.096515] random 0000 0000 0000 00000000 00000000: trying to extract 64 bits from nonblocking
[    2.096518] random 0000 0000 0000 00000000 00000000: debiting 64 entropy credits from nonblocking (unlimited)
[    2.096520] random 0000 0000 0000 00000000 00000000: extract_entropy account returned: 8 
[    2.096524] random 0000 0000 0000 00000000 00000000: urand_change_num 6 extract_buf: pool_sig 00000000, data_sig fffffff9, bytes_mixed 20 00000000 00000000
[    2.104757] ehci_hcd 0000:02:03.0: USB 2.0 started, EHCI 1.00
[    2.104809] usb usb1: configuration #1 chosen from 1 choice
[    2.104830] hub 1-0:1.0: USB hub found
[    2.104834] hub 1-0:1.0: 6 ports detected
[    2.104887] ohci_hcd: USB 1.1 'Open' Host Controller (OHCI) Driver
[    2.104900] uhci_hcd: USB Universal Host Controller Interface driver
[    2.104952] ACPI: PCI Interrupt Link [LNKC] enabled at IRQ 10
[    2.104955] PCI: setting IRQ 10 as level-triggered
[    2.104959] uhci_hcd 0000:02:00.0: PCI INT A -> Link[LNKC] -> GSI 10 (level, low) -> IRQ 10
[    2.104994] uhci_hcd 0000:02:00.0: UHCI Host Controller
[    2.105023] uhci_hcd 0000:02:00.0: new USB bus registered, assigned bus number 2
[    2.105132] uhci_hcd 0000:02:00.0: irq 10, io base 0x000020c0
[    2.105184] usb usb2: configuration #1 chosen from 1 choice
[    2.105200] hub 2-0:1.0: USB hub found
[    2.105205] hub 2-0:1.0: 2 ports detected
[    2.105257] usbcore: registered new interface driver libusual
[    2.105286] PNP: PS/2 Controller [PNP0303:KBC,PNP0f13:MOUS] at 0x60,0x64 irq 1,12
[    2.105619] serio: i8042 KBD port at 0x60,0x64 irq 1
[    2.105626] serio: i8042 AUX port at 0x60,0x64 irq 12
[    2.105663] mice: PS/2 mouse device common for all mice
[    2.105715] rtc_cmos 00:04: rtc core: registered rtc_cmos as rtc0
[    2.105774] rtc0: alarms up to one month, y3k, 114 bytes nvram, hpet irqs
[    2.105826] device-mapper: uevent: version 1.0.3
[    2.105950] device-mapper: ioctl: 4.15.0-ioctl (2009-04-01) initialised: dm-devel@redhat.com
[    2.105968] EISA: Probing bus 0 at eisa.0
[    2.105992] Cannot allocate resource for EISA slot 1
[    2.105994] Cannot allocate resource for EISA slot 2
[    2.105996] Cannot allocate resource for EISA slot 3
[    2.105998] Cannot allocate resource for EISA slot 4
[    2.106000] Cannot allocate resource for EISA slot 5
[    2.106002] Cannot allocate resource for EISA slot 6
[    2.106004] Cannot allocate resource for EISA slot 7
[    2.106006] Cannot allocate resource for EISA slot 8
[    2.106007] EISA: Detected 0 cards.
[    2.106054] cpuidle: using governor ladder
[    2.106056] cpuidle: using governor menu
[    2.106108] random 0000 0000 0000 00000000 00000000: rand_read_num 4 get_random_bytes(136): sig 0000021d 00000000 00000000
[    2.106111] random 0000 0000 0000 00000000 00000000: extract_entropy(.. 136 ..)
[    2.106114] random 0000 0000 0000 00000000 00000000: going to reseed nonblocking with 1024 bits (1088 of 0 requested)
[    2.106116] random 0000 0000 0000 00000000 00000000: extract_entropy(.. 128 ..)
[    2.106119] random 0000 0000 0000 00000000 00000000: trying to extract 1024 bits from input
[    2.106121] random 0000 0000 0000 00000000 00000000: debiting 0 entropy credits from input
[    2.106123] random 0000 0000 0000 00000000 00000000: extract_entropy account returned: 0 
[    2.106126] random 0000 0000 0000 00000000 00000000: urand_change_num 7 xfer_secondary_pool(136): pool_sig 0000021d, data_sig 00000000, bytes_mixed 0 00000000 00000000
[    2.106129] random 0000 0000 0000 00000000 00000000: trying to extract 1088 bits from nonblocking
[    2.106131] random 0000 0000 0000 00000000 00000000: debiting 1088 entropy credits from nonblocking (unlimited)
[    2.106133] random 0000 0000 0000 00000000 00000000: extract_entropy account returned: 136 
[    2.106137] random 0000 0000 0000 00000000 00000000: urand_change_num 8 extract_buf: pool_sig 0000021d, data_sig fffffff7, bytes_mixed 20 00000000 00000000
[    2.106142] random 0000 0000 0000 f961ee50 ba9cb1aa: urand_change_num 9 extract_buf: pool_sig 00000230, data_sig fffffeb4, bytes_mixed 20 f961ee50 ba9cb1aa
[    2.106146] random 0000 0000 0000 9748bdd6 56fb8af6: urand_change_num 10 extract_buf: pool_sig 00000373, data_sig 000000cf, bytes_mixed 20 9748bdd6 56fb8af6
[    2.106151] random 0000 0000 0000 9748bdd6 56fb8af6: urand_change_num 11 extract_buf: pool_sig fffffe49, data_sig 0000023f, bytes_mixed 20 9748bdd6 56fb8af6
[    2.106155] random 0000 0000 0000 a135be86 4777650e: urand_change_num 12 extract_buf: pool_sig fffffcce, data_sig 000000c6, bytes_mixed 20 a135be86 4777650e
[    2.106160] random 0000 0000 0000 4a6ea85d 170e00dd: urand_change_num 13 extract_buf: pool_sig ffffff97, data_sig ffffff7d, bytes_mixed 20 4a6ea85d 170e00dd
[    2.106164] random 0000 0000 0000 4a6ea85d 170e00dd: urand_change_num 14 extract_buf: pool_sig 00000160, data_sig fffffeea, bytes_mixed 20 4a6ea85d 170e00dd
[    2.106169] random 0000 0000 0000 6e87c3cb da668c73: urand_change_num 15 extract_buf: pool_sig 0000034f, data_sig ffffff54, bytes_mixed 20 6e87c3cb da668c73
[    2.106173] random 0000 0000 0000 6e87c3cb da668c73: urand_change_num 16 extract_buf: pool_sig fffffdc5, data_sig 00000205, bytes_mixed 20 6e87c3cb da668c73
[    2.106178] random 0000 0000 0000 39f531e6 461eb249: urand_change_num 17 extract_buf: pool_sig fffffc1d, data_sig ffffff5e, bytes_mixed 20 39f531e6 461eb249
[    2.106182] random 0000 0000 0000 7e1538a2 3e661182: urand_change_num 18 extract_buf: pool_sig 000006ef, data_sig ffffff2e, bytes_mixed 20 7e1538a2 3e661182
[    2.106187] random 0000 0000 0000 7e1538a2 3e661182: urand_change_num 19 extract_buf: pool_sig 00000317, data_sig fffffccb, bytes_mixed 20 7e1538a2 3e661182
[    2.106191] random 0000 0000 0000 76af506b 9b57305e: urand_change_num 20 extract_buf: pool_sig 00000227, data_sig ffffffd2, bytes_mixed 20 76af506b 9b57305e
[    2.106196] random 0000 0000 0000 37d49d89 e20417cc: urand_change_num 21 extract_buf: pool_sig 0000080b, data_sig 000001e9, bytes_mixed 20 37d49d89 e20417cc
[    2.106200] TCP cubic registered
[    2.106252] NET: Registered protocol family 10
[    2.106286] RANDOM - __random32 called. Change num 12.  Value: 8f3eba68	c1db9b96	544fe79f
[    2.106289] RANDOM - random32 called.  Value: 8f3eba68	c1db9b96	544fe79f
[    2.106297] random 0000 0000 0000 37d49d89 e20417cc: rand_read_num 5 get_random_bytes(4): sig 00000298 37d49d89 e20417cc
[    2.106300] random 0000 0000 0000 37d49d89 e20417cc: extract_entropy(.. 4 ..)
[    2.106302] random 0000 0000 0000 37d49d89 e20417cc: going to reseed nonblocking with 64 bits (32 of 0 requested)
[    2.106304] random 0000 0000 0000 37d49d89 e20417cc: extract_entropy(.. 8 ..)
[    2.106307] random 0000 0000 0000 37d49d89 e20417cc: trying to extract 64 bits from input
[    2.106309] random 0000 0000 0000 37d49d89 e20417cc: debiting 0 entropy credits from input
[    2.106311] random 0000 0000 0000 37d49d89 e20417cc: extract_entropy account returned: 0 
[    2.106314] random 0000 0000 0000 37d49d89 e20417cc: urand_change_num 22 xfer_secondary_pool(4): pool_sig 00000298, data_sig 00000000, bytes_mixed 0 37d49d89 e20417cc
[    2.106317] random 0000 0000 0000 37d49d89 e20417cc: trying to extract 32 bits from nonblocking
[    2.106319] random 0000 0000 0000 37d49d89 e20417cc: debiting 32 entropy credits from nonblocking (unlimited)
[    2.106321] random 0000 0000 0000 37d49d89 e20417cc: extract_entropy account returned: 4 
[    2.106325] random 0000 0000 0000 37d49d89 e20417cc: urand_change_num 23 extract_buf: pool_sig 00000298, data_sig 00000092, bytes_mixed 20 37d49d89 e20417cc
[    2.106377] RANDOM - __random32 called. Change num 13.  Value: eba68b0e	1db9b963	cf3ec61b
[    2.106411] RANDOM - random32 called.  Value: eba68b0e	1db9b963	cf3ec61b
[    2.106463] NET: Registered protocol family 17
[    2.106485] Using IPI No-Shortcut mode
[    2.106491] random 0000 0000 0000 2ee4c4fc 167bdb15: rand_read_num 6 get_random_bytes(8): sig fffffcbf 2ee4c4fc 167bdb15
[    2.106493] random 0000 0000 0000 2ee4c4fc 167bdb15: extract_entropy(.. 8 ..)
[    2.106495] random 0000 0000 0000 2ee4c4fc 167bdb15: going to reseed nonblocking with 64 bits (64 of 0 requested)
[    2.106498] random 0000 0000 0000 2ee4c4fc 167bdb15: extract_entropy(.. 8 ..)
[    2.106500] random 0000 0000 0000 2ee4c4fc 167bdb15: trying to extract 64 bits from input
[    2.106502] random 0000 0000 0000 2ee4c4fc 167bdb15: debiting 0 entropy credits from input
[    2.106504] random 0000 0000 0000 2ee4c4fc 167bdb15: extract_entropy account returned: 0 
[    2.106507] random 0000 0000 0000 2ee4c4fc 167bdb15: urand_change_num 24 xfer_secondary_pool(8): pool_sig fffffcbf, data_sig 00000000, bytes_mixed 0 2ee4c4fc 167bdb15
[    2.106510] random 0000 0000 0000 2ee4c4fc 167bdb15: trying to extract 64 bits from nonblocking
[    2.106512] random 0000 0000 0000 2ee4c4fc 167bdb15: debiting 64 entropy credits from nonblocking (unlimited)
[    2.106515] random 0000 0000 0000 2ee4c4fc 167bdb15: extract_entropy account returned: 8 
[    2.106518] random 0000 0000 0000 2ee4c4fc 167bdb15: urand_change_num 25 extract_buf: pool_sig fffffcbf, data_sig ffffff83, bytes_mixed 20 2ee4c4fc 167bdb15
[    2.106560] PM: Resume from disk failed.
[    2.106568] registered taskstats version 1
[    2.106571] random 0000 0000 0000 2ee4c4fc 167bdb15: rand_read_num 7 get_random_bytes(12): sig fffffc69 2ee4c4fc 167bdb15
[    2.106573] random 0000 0000 0000 2ee4c4fc 167bdb15: extract_entropy(.. 12 ..)
[    2.106575] random 0000 0000 0000 2ee4c4fc 167bdb15: going to reseed nonblocking with 96 bits (96 of 0 requested)
[    2.106577] random 0000 0000 0000 2ee4c4fc 167bdb15: extract_entropy(.. 12 ..)
[    2.106580] random 0000 0000 0000 2ee4c4fc 167bdb15: trying to extract 96 bits from input
[    2.106582] random 0000 0000 0000 2ee4c4fc 167bdb15: debiting 0 entropy credits from input
[    2.106584] random 0000 0000 0000 2ee4c4fc 167bdb15: extract_entropy account returned: 0 
[    2.106587] random 0000 0000 0000 2ee4c4fc 167bdb15: urand_change_num 26 xfer_secondary_pool(12): pool_sig fffffc69, data_sig 00000000, bytes_mixed 0 2ee4c4fc 167bdb15
[    2.106589] random 0000 0000 0000 2ee4c4fc 167bdb15: trying to extract 96 bits from nonblocking
[    2.106592] random 0000 0000 0000 2ee4c4fc 167bdb15: debiting 96 entropy credits from nonblocking (unlimited)
[    2.106594] random 0000 0000 0000 2ee4c4fc 167bdb15: extract_entropy account returned: 12 
[    2.106597] random 0000 0000 0000 2ee4c4fc 167bdb15: urand_change_num 27 extract_buf: pool_sig fffffc69, data_sig ffffff7d, bytes_mixed 20 2ee4c4fc 167bdb15
[    2.106602] random 0000 0000 0000 83b7c1ab 94697f48: urand_change_num 28 extract_buf: pool_sig fffffe30, data_sig fffffdd6, bytes_mixed 20 83b7c1ab 94697f48
[    2.106605] RANDOM - __seed init called.
[    2.106606] RANDOM - __seed init called.
[    2.106607] RANDOM - __seed init called.
[    2.106609] RANDOM - __random32 called. Change num 14.  Value: fc007995	feca4f80	21b38ad2
[    2.106611] RANDOM - random32_reseed called.  Value: fc007995	feca4f80	21b38ad2
[    2.106614] Pid: 1, comm: swapper Not tainted 2.6.32.57 #4
[    2.106615] Call Trace:
[    2.106622]  [<c14a8a0e>] ? printk+0x1d/0x1f
[    2.106627]  [<c17537e5>] random32_reseed+0x89/0xbd
[    2.106630]  [<c1003042>] do_one_initcall+0x32/0x1a0
[    2.106633]  [<c175375c>] ? random32_reseed+0x0/0xbd
[    2.106636]  [<c17308e7>] kernel_init+0x12d/0x17a
[    2.106639]  [<c17307ba>] ? kernel_init+0x0/0x17a
[    2.106642]  [<c1009b07>] kernel_thread_helper+0x7/0x10
[    2.109245] input: AT Translated Set 2 keyboard as /devices/platform/i8042/serio0/input/input1
[    2.109523] random 0000 0000 0000 6db70b00 b30ce96b: rand_read_num 8 get_random_bytes(64): sig fffffb38 6db70b00 b30ce96b
[    2.109526] random 0000 0000 0000 6db70b00 b30ce96b: extract_entropy(.. 64 ..)
[    2.109528] random 0000 0000 0000 6db70b00 b30ce96b: going to reseed nonblocking with 512 bits (512 of 0 requested)
[    2.109531] random 0000 0000 0000 6db70b00 b30ce96b: extract_entropy(.. 64 ..)
[    2.109533] random 0000 0000 0000 6db70b00 b30ce96b: trying to extract 512 bits from input
[    2.109535] random 0000 0000 0000 6db70b00 b30ce96b: debiting 0 entropy credits from input
[    2.109537] random 0000 0000 0000 6db70b00 b30ce96b: extract_entropy account returned: 0 
[    2.109540] random 0000 0000 0000 6db70b00 b30ce96b: urand_change_num 29 xfer_secondary_pool(64): pool_sig fffffb38, data_sig 00000000, bytes_mixed 0 6db70b00 b30ce96b
[    2.109543] random 0000 0000 0000 6db70b00 b30ce96b: trying to extract 512 bits from nonblocking
[    2.109546] random 0000 0000 0000 6db70b00 b30ce96b: debiting 512 entropy credits from nonblocking (unlimited)
[    2.109548] random 0000 0000 0000 6db70b00 b30ce96b: extract_entropy account returned: 64 
[    2.109552] random 0000 0000 0000 6db70b00 b30ce96b: urand_change_num 30 extract_buf: pool_sig fffffb38, data_sig 00000151, bytes_mixed 20 6db70b00 b30ce96b
[    2.109556] random 0000 0000 0000 6db70b00 b30ce96b: urand_change_num 31 extract_buf: pool_sig fffffdb8, data_sig 00000379, bytes_mixed 20 6db70b00 b30ce96b
[    2.109560] random 0000 0000 0000 6b83001e d4b6c0d3: urand_change_num 32 extract_buf: pool_sig ffffffc9, data_sig 00000198, bytes_mixed 20 6b83001e d4b6c0d3
[    2.109565] random 0000 0000 0000 79d3e3c7 be564518: urand_change_num 33 extract_buf: pool_sig 000002b9, data_sig ffffff84, bytes_mixed 20 79d3e3c7 be564518
[    2.109569] random 0000 0000 0000 79d3e3c7 be564518: urand_change_num 34 extract_buf: pool_sig ffffff55, data_sig ffffff5a, bytes_mixed 20 79d3e3c7 be564518
[    2.109574] random 0000 0000 0000 89c03cb2 0d353228: urand_change_num 35 extract_buf: pool_sig 00000007, data_sig ffffff17, bytes_mixed 20 89c03cb2 0d353228
[    2.109578] random 0000 0000 0000 89c03cb2 0d353228: urand_change_num 36 extract_buf: pool_sig fffffdae, data_sig 000000db, bytes_mixed 20 89c03cb2 0d353228  Magic number: 13:538:96
[    2.109674] rtc_cmos 00:04: setting system clock to 2013-05-24 21:04:37 UTC (1369429477)
[    2.109677] BIOS EDD facility v0.16 2004-Jun-25, 0 devices found
[    2.109678] EDD information not available.
[    2.109702] random 0000 0000 0000 8ca62387 b120332c: rand_read_num 9 get_random_bytes(64): sig fffffed6 8ca62387 b120332c
[    2.109704] random 0000 0000 0000 8ca62387 b120332c: extract_entropy(.. 64 ..)
[    2.109706] random 0000 0000 0000 8ca62387 b120332c: going to reseed nonblocking with 512 bits (512 of 0 requested)
[    2.109709] random 0000 0000 0000 8ca62387 b120332c: extract_entropy(.. 64 ..)
[    2.109711] random 0000 0000 0000 8ca62387 b120332c: trying to extract 512 bits from input
[    2.109713] random 0000 0000 0000 8ca62387 b120332c: debiting 0 entropy credits from input
[    2.109715] random 0000 0000 0000 8ca62387 b120332c: extract_entropy account returned: 0 
[    2.109718] random 0000 0000 0000 8ca62387 b120332c: urand_change_num 37 xfer_secondary_pool(64): pool_sig fffffed6, data_sig 00000000, bytes_mixed 0 8ca62387 b120332c
[    2.109721] random 0000 0000 0000 8ca62387 b120332c: trying to extract 512 bits from nonblocking
[    2.109723] random 0000 0000 0000 8ca62387 b120332c: debiting 512 entropy credits from nonblocking (unlimited)
[    2.109725] random 0000 0000 0000 8ca62387 b120332c: extract_entropy account returned: 64 
[    2.109729] random 0000 0000 0000 8ca62387 b120332c: urand_change_num 38 extract_buf: pool_sig fffffed6, data_sig fffffeb6, bytes_mixed 20 8ca62387 b120332c
[    2.109733] random 0000 0000 0000 90702413 e2a66c2e: urand_change_num 39 extract_buf: pool_sig fffffbb0, data_sig 0000012e, bytes_mixed 20 90702413 e2a66c2e
[    2.109738] random 0000 0000 0000 90702413 e2a66c2e: urand_change_num 40 extract_buf: pool_sig fffffaf1, data_sig ffffff3c, bytes_mixed 20 90702413 e2a66c2e
[    2.109742] random 0000 0000 0000 3f58038b c77aecb6: urand_change_num 41 extract_buf: pool_sig 00000234, data_sig fffffdec, bytes_mixed 20 3f58038b c77aecb6
[    2.109747] random 0000 0000 0000 47187b9d 03f21510: urand_change_num 42 extract_buf: pool_sig 00000192, data_sig 00000075, bytes_mixed 20 47187b9d 03f21510
[    2.109751] random 0000 0000 0000 47187b9d 03f21510: urand_change_num 43 extract_buf: pool_sig 0000018e, data_sig ffffffbf, bytes_mixed 20 47187b9d 03f21510
[    2.109756] random 0000 0000 0000 3180b1fc 0fa9c973: urand_change_num 44 extract_buf: pool_sig fffffecf, data_sig ffffff2a, bytes_mixed 20 3180b1fc 0fa9c973
[    2.109758] BEGIN NET_SECRET:
[    2.109760] \xffffff87
[    2.109761] \xffffff8d
[    2.109762] \xfffffff4
[    2.109763] \xffffffae
[    2.109764] \xffffffc3
[    2.109765] \xffffffb7
[    2.109767] \x31
[    2.109768] \x65
[    2.109769] \xffffffda
[    2.109770] \xffffffa2
[    2.109771] \x31
[    2.109772] \xffffffc8
[    2.109774] \xffffffa9
[    2.109775] \x76
[    2.109776] \x76
[    2.109777] \xffffff90
[    2.109778] \x55
[    2.109779] \xfffffff3
[    2.109780] \xffffffb1
[    2.109782] \x3
[    2.109783] \xffffffb3
[    2.109784] \xffffffa7
[    2.109785] \x5a
[    2.109786] \x71
[    2.109787] \x70
[    2.109789] \xffffff8c
[    2.109790] \x56
[    2.109791] \x25
[    2.109792] \xffffffe1
[    2.109793] \x4c
[    2.109794] \xffffffe6
[    2.109795] \xffffff95
[    2.109797] \x67
[    2.109798] \x4c
[    2.109799] \xffffffb9
[    2.109800] \x1d
[    2.109801] \xe
[    2.109802] \x34
[    2.109803] \xffffffbe
[    2.109805] \x12
[    2.109806] \x5
[    2.109807] \xffffff98
[    2.109808] \xffffffa0
[    2.109809] \xf
[    2.109810] \xffffffb2
[    2.109811] \xffffffde
[    2.109813] \xffffff99
[    2.109814] \xf
[    2.109815] \xffffffe8
[    2.109816] \xffffffc8
[    2.109817] \x1f
[    2.109818] \x54
[    2.109819] \x2c
[    2.109821] \xffffffee
[    2.109822] \x2e
[    2.109823] \x0
[    2.109824] \xffffff95
[    2.109825] \x0
[    2.109826] \xffffffe3
[    2.109827] \xffffffa7
[    2.109829] \xfffffffd
[    2.109830] \x66
[    2.109831] \xffffff92
[    2.109832] \xfffffff0
[    2.109833] 
[    2.109834] END NET_SECRET
[    2.109837] random 0000 0000 0000 3180b1fc 0fa9c973: rand_read_num 10 get_random_bytes(4): sig ffffff46 3180b1fc 0fa9c973
[    2.109839] random 0000 0000 0000 3180b1fc 0fa9c973: extract_entropy(.. 4 ..)
[    2.109841] random 0000 0000 0000 3180b1fc 0fa9c973: going to reseed nonblocking with 64 bits (32 of 0 requested)
[    2.109844] random 0000 0000 0000 3180b1fc 0fa9c973: extract_entropy(.. 8 ..)
[    2.109846] random 0000 0000 0000 3180b1fc 0fa9c973: trying to extract 64 bits from input
[    2.109848] random 0000 0000 0000 3180b1fc 0fa9c973: debiting 0 entropy credits from input
[    2.109850] random 0000 0000 0000 3180b1fc 0fa9c973: extract_entropy account returned: 0 
[    2.109853] random 0000 0000 0000 3180b1fc 0fa9c973: urand_change_num 45 xfer_secondary_pool(4): pool_sig ffffff46, data_sig 00000000, bytes_mixed 0 3180b1fc 0fa9c973
[    2.109856] random 0000 0000 0000 3180b1fc 0fa9c973: trying to extract 32 bits from nonblocking
[    2.109858] random 0000 0000 0000 3180b1fc 0fa9c973: debiting 32 entropy credits from nonblocking (unlimited)
[    2.109860] random 0000 0000 0000 3180b1fc 0fa9c973: extract_entropy account returned: 4 
[    2.109864] random 0000 0000 0000 3180b1fc 0fa9c973: urand_change_num 46 extract_buf: pool_sig ffffff46, data_sig 0000001b, bytes_mixed 20 3180b1fc 0fa9c973
[    2.282806] ata2.00: ATAPI: VMware Virtual IDE CDROM Drive, 00000001, max UDMA/33
[    2.283087] ata2.00: configured for UDMA/33
[    2.283485] scsi 1:0:0:0: CD-ROM            NECVMWar VMware IDE CDR10 1.00 PQ: 0 ANSI: 5
[    2.284750] sr0: scsi3-mmc drive: 306x/306x cd/rw xa/form2 cdda tray
[    2.284754] Uniform CD-ROM driver Revision: 3.20
[    2.284806] sr 1:0:0:0: Attached scsi CD-ROM sr0
[    2.284844] sr 1:0:0:0: Attached scsi generic sg0 type 5
[    2.284880] Freeing unused kernel memory: 652k freed
[    2.284932] Write protecting the kernel text: 4840k
[    2.284963] Write protecting the kernel read-only data: 1968k
[    2.285051] random 0000 0000 0000 38974d2b 1d8d6de0: rand_read_num 11 get_random_bytes(16): sig 000001c6 38974d2b 1d8d6de0
